<?xml version="1.0" encoding="UTF-8"?>
<!DOCTYPE html PUBLIC "-//W3C//DTD XHTML 1.0 Strict//EN"
     "http://www.w3.org/TR/xhtml1/DTD/xhtml1-strict.dtd">
<html xmlns="http://www.w3.org/1999/xhtml">
<head>
    <title>Unit Test Report</title>
    <meta name="generator" content="subunit2html 0.1"/>
    <meta http-equiv="Content-Type" content="text/html; charset=UTF-8"/>
    
<style type="text/css" media="screen">
body        { font-family: verdana, arial, helvetica, sans-serif;
    font-size: 80%; }
table       { font-size: 100%; width: 100%;}
pre         { font-size: 80%; }

/* -- heading -------------------------------------------------------------- */
h1 {
        font-size: 16pt;
        color: gray;
}
.heading {
    margin-top: 0ex;
    margin-bottom: 1ex;
}

.heading .attribute {
    margin-top: 1ex;
    margin-bottom: 0;
}

.heading .description {
    margin-top: 4ex;
    margin-bottom: 6ex;
}

/* -- css div popup -------------------------------------------------------- */
a.popup_link {
}

a.popup_link:hover {
    color: red;
}

.popup_window {
    display: none;
    overflow-x: scroll;
    /*border: solid #627173 1px; */
    padding: 10px;
    background-color: #E6E6D6;
    font-family: "Ubuntu Mono", "Lucida Console", "Courier New", monospace;
    text-align: left;
    font-size: 8pt;
}

}
/* -- report --------------------------------------------------------------- */
#show_detail_line {
    margin-top: 3ex;
    margin-bottom: 1ex;
}
#result_table {
    width: 100%;
    border-collapse: collapse;
    border: 1px solid #777;
}
#header_row {
    font-weight: bold;
    color: white;
    background-color: #777;
}
#result_table td {
    border: 1px solid #777;
    padding: 2px;
}
#total_row  { font-weight: bold; }
.passClass  { background-color: #6c6; }
.failClass  { background-color: #c60; }
.errorClass { background-color: #c00; }
.passCase   { color: #6c6; }
.failCase   { color: #c60; font-weight: bold; }
.errorCase  { color: #c00; font-weight: bold; }
.hiddenRow  { display: none; }
.testcase   { margin-left: 2em; }
td.testname {width: 40%}
td.small {width: 40px}

/* -- ending --------------------------------------------------------------- */
#ending {
}

</style>

</head>
<body>
<script language="javascript" type="text/javascript"><!--
output_list = Array();

/* level - 0:Summary; 1:Failed; 2:All */
function showCase(level) {
    trs = document.getElementsByTagName("tr");
    for (var i = 0; i < trs.length; i++) {
        tr = trs[i];
        id = tr.id;
        if (id.substr(0,2) == 'ft') {
            if (level < 1) {
                tr.className = 'hiddenRow';
            }
            else {
                tr.className = '';
            }
        }
        if (id.substr(0,2) == 'pt') {
            if (level > 1) {
                tr.className = '';
            }
            else {
                tr.className = 'hiddenRow';
            }
        }
    }
}


function showClassDetail(cid, count) {
    var id_list = Array(count);
    var toHide = 1;
    for (var i = 0; i < count; i++) {
        tid0 = 't' + cid.substr(1) + '.' + (i+1);
        tid = 'f' + tid0;
        tr = document.getElementById(tid);
        if (!tr) {
            tid = 'p' + tid0;
            tr = document.getElementById(tid);
        }
        id_list[i] = tid;
        if (tr.className) {
            toHide = 0;
        }
    }
    for (var i = 0; i < count; i++) {
        tid = id_list[i];
        if (toHide) {
            document.getElementById('div_'+tid).style.display = 'none'
            document.getElementById(tid).className = 'hiddenRow';
        }
        else {
            document.getElementById(tid).className = '';
        }
    }
}


function showTestDetail(div_id){
    var details_div = document.getElementById(div_id)
    var displayState = details_div.style.display
    // alert(displayState)
    if (displayState != 'block' ) {
        displayState = 'block'
        details_div.style.display = 'block'
    }
    else {
        details_div.style.display = 'none'
    }
}


function html_escape(s) {
    s = s.replace(/&/g,'&amp;');
    s = s.replace(/</g,'&lt;');
    s = s.replace(/>/g,'&gt;');
    return s;
}

/* obsoleted by detail in <div>
function showOutput(id, name) {
    var w = window.open("", //url
                    name,
                    "resizable,scrollbars,status,width=800,height=450");
    d = w.document;
    d.write("<pre>");
    d.write(html_escape(output_list[id]));
    d.write("\n");
    d.write("<a href='javascript:window.close()'>close</a>\n");
    d.write("</pre>\n");
    d.close();
}
*/
--></script>

<div class='heading'>
<h1>Unit Test Report</h1>

<p class='attribute'><strong>Status:</strong> Failure 6</p>

<p class='description'></p>
</div>



<p id='show_detail_line'>Show
<a href='javascript:showCase(0)'>Summary</a>
<a href='javascript:showCase(1)'>Failed</a>
<a href='javascript:showCase(2)'>All</a>
</p>
<table id='result_table'>
<colgroup>
<col align='left' />
<col align='right' />
<col align='right' />
<col align='right' />
<col align='right' />
<col align='right' />
<col align='right' />
<col align='right' />
</colgroup>
<tr id='header_row'>
    <td>Test Group/Test case</td>
    <td>Count</td>
    <td>Pass</td>
    <td>Fail</td>
    <td>Error</td>
    <td>Skip</td>
    <td>View</td>
    <td> </td>
</tr>

<tr class='failClass'>
    <td class="testname">tempest.scenario.test_network_advanced_server_ops.TestNetworkAdvancedServerOps</td>
    <td class="small">6</td>
    <td class="small">0</td>
    <td class="small">6</td>
    <td class="small">0</td>
    <td class="small">0</td>
    <td class="small"><a href="javascript:showClassDetail('c1',6)"
>Detail</a></td>
    <td> </td>
</tr>

<tr id='ft1.1' class='none'>
    <td class='failCase'><div class='testcase'>test_server_connectivity_pause_unpause[compute,id-2b2642db-6568-4b35-b812-eceed3fa20ce,network]</div></td>
    <td colspan='7' align='left'>

    <!--css div popup start-->
    <a class="popup_link" onfocus='this.blur();'
    href="javascript:showTestDetail('div_ft1.1')" >
        fail</a>

    <div id='div_ft1.1' class="popup_window">
        <div style='text-align: right; color:red;cursor:pointer'>
        <a onfocus='this.blur();'
onclick="document.getElementById('div_ft1.1').style.display = 'none' " >
           [x]</a>
        </div>
        <pre>
        
ft1.1: tempest.scenario.test_network_advanced_server_ops.TestNetworkAdvancedServerOps.test_server_connectivity_pause_unpause[compute,id-2b2642db-6568-4b35-b812-eceed3fa20ce,network]_StringException: Empty attachments:
  stderr
  stdout

pythonlogging:'': {{{
2015-12-15 20:41:38,464 24094 INFO     [tempest_lib.common.rest_client] Request (TestNetworkAdvancedServerOps:test_server_connectivity_pause_unpause): 200 POST http://10.0.2.15:8774/v2.1/44c64e039b124a0e9b57018b57aa068d/os-keypairs 0.478s
2015-12-15 20:41:38,464 24094 DEBUG    [tempest_lib.common.rest_client] Request - Headers: {'Content-Type': 'application/json', 'Accept': 'application/json', 'X-Auth-Token': '&lt;omitted&gt;'}
        Body: {"keypair": {"name": "tempest-TestNetworkAdvancedServerOps-185363424"}}
    Response - Headers: {'status': '200', 'content-length': '2329', 'x-compute-request-id': 'req-0142cb08-7658-4292-ae10-7b7df4fa9329', 'vary': 'X-OpenStack-Nova-API-Version', 'connection': 'close', 'x-openstack-nova-api-version': '2.1', 'date': 'Tue, 15 Dec 2015 20:41:38 GMT', 'content-type': 'application/json'}
        Body: {"keypair": {"public_key": "ssh-rsa AAAAB3NzaC1yc2EAAAADAQABAAABAQCNndj8sd6EUW0Vt+GpVWfu7ueN8TLY8wD/uuaMZjoiUBoMyqNKi76M2W/UDukDOAkefDXb3Bqm/13Lk9+QRZTpGI8DEHqySqhe4lWff9jOJGr38Nt4BtGZyHmhj9Bi7Log1othl8SQwLBkimfL6h8hIYjvvIkjjzD6+898VvfFva4DTZwbF8v3HR5LvpAM6p8r/dQrK5r+R/zSJeGrQJsWPjaBYVgcnhWs1r2NNm3magGMtYIPeYDEDUShrCQzbzfBr7eOGpIpfFuoeV58aWMC7P+78EPt6pIb5O2+vVriQrSlZjX4YQtftrHYDEAV5Q1hLPsfa0nDBAAgy5bIzqBn Generated-by-Nova", "private_key": "-----BEGIN RSA PRIVATE KEY-----\nMIIEpwIBAAKCAQEAjZ3Y/LHehFFtFbfhqVVn7u7njfEy2PMA/7rmjGY6IlAaDMqj\nSou+jNlv1A7pAzgJHnw129wapv9dy5PfkEWU6RiPAxB6skqoXuJVn3/YziRq9/Db\neAbRmch5oY/QYuy6INaLYZfEkMCwZIpny+ofISGI77yJI48w+vvPfFb3xb2uA02c\nGxfL9x0eS76QDOqfK/3UKyua/kf80iXhq0CbFj42gWFYHJ4VrNa9jTZt5moBjLWC\nD3mAxA1EoawkM283wa+3jhqSKXxbqHlefGljAuz/u/BD7eqSG+Ttvr1a4kK0pWY1\n+GELX7ax2AxAFeUNYSz7H2tJwwQAIMuWyM6gZwIDAQABAoIBABkfSWD6hMjgUQOr\nTSLm/bsLMpShly2ZXjH/i+qYL/PqVdSzFeihhboi0I3D314s0KFR05QfJbM+VftJ\nTj2fulzneGdIwxth1yCN8jaLTYC0QS2e0rAmNYScZcddZdBGwnYU2UEE1WAAbspH\nK0anT8Jm2o382i8utbeweAxMuUOgsPHSk/4bkl0ZQi+m3COhCpZOv1nYzhjVdYTs\nOPlreZSjwVC8mX81sAcDjgtiah+ErsR9X5HkUg6kPgwmVDNCB+2QNv4WQxOeuJL4\nahmsNUB57mm9WVjXq6iGIbzPxhH2qy3L/lzWNRqvhJ6NRRZLu/s1c5Cc7ISI17dY\nZPXI8oECggCBAL38xy0m65iZyF+QKA4r5jB/mQClIr+FggC6HlGkFvnjmCYekjI6\n41ST+qjc5l2ZWs1ZrmPKQgFSoZ5jZW4ellx6S19yzYqUwjytTVR6avxWTW0wE2Bo\nRqkw9mN/GuNGdPHn7qo0VTKwZkGypdpgNCTIbvbGmDFc7KvQ5N1qwIDHAoIAgQC+\n0oZ7RQnLrnWoeRDPEaeXxr50HxyLSMfIVuETGLlwk3Yme5rpjV5J6Vm+1emB1eph\nfWgt66S3Wgdx6oFdIZ0Gcj0uWc8YieXZAnX1FlVFJTiARv2hSGdBvZN2Ds5PlS59\nXjp1xZ5/kuUsgBRFqKMpiKLqc1NQCEH0K5xKhEiDYQKCAIBO4Uao/oHOx/qjgqy+\nxYc7F58k32s/7WR+fMfdya0ob1Bac1Lru/tqwE3QEncq4WML43I+SFmDRxWHN2mD\ngPuYxcXJiVbBdOX4X1O+AV2uCv72mIFTA7hiwstpn/o/5p7jWRKEZFoDQ64RFOU7\nd7nuk7FOkEHcLOKuq3p6W7o1PQKCAIA6VRzrHeWqsAAjqi6rPhhfW0/pK4GMSolY\nAsb3EX3OniVmCi8G6kJCkeTvY3DoUb4+Yxmvv/MwYYMZHbjCAX6A8/cj7ixSsgTj\nW883RsZ2RrSI8iqiXQHDpPIpCsmiplX52Q5B5lFXak5IVjbcPHr0PWKgDPUQ6BVR\nUOuME/gewQKCAIBsov7PP8O27+Q0MHsuCs/jwlYh28U+J4lYJtbvDVY9BnGVCoA7\nBqMa3oZLdlVyJe0bUulbx+j1t6qpwLH9wT/fKhIRIdyJgDY0qDe/yRBjFbLNB1EN\n9vA4srYyGb6AKCfIxqFVMZZEunccxF1w50IwyzJX5S+8Qji5Ci0/sjnkmg==\n-----END RSA PRIVATE KEY-----\n", "user_id": "8824dbeec240479abf31894e531ebe90", "name": "tempest-TestNetworkAdvancedServerOps-185363424", "fingerprint": "2f:fd:0f:b8:cd:bf:ae:d9:eb:3f:ea:11:49:56:c0:34"}}
2015-12-15 20:41:38,792 24094 INFO     [tempest_lib.common.rest_client] Request (TestNetworkAdvancedServerOps:test_server_connectivity_pause_unpause): 201 POST http://10.0.2.15:9696/v2.0/security-groups 0.324s
2015-12-15 20:41:38,793 24094 DEBUG    [tempest_lib.common.rest_client] Request - Headers: {'Content-Type': 'application/json', 'Accept': 'application/json', 'X-Auth-Token': '&lt;omitted&gt;'}
        Body: {"security_group": {"tenant_id": "44c64e039b124a0e9b57018b57aa068d", "description": "tempest-secgroup-smoke-1074050921 description", "name": "tempest-secgroup-smoke-1074050921"}}
    Response - Headers: {'status': '201', 'content-length': '888', 'connection': 'close', 'date': 'Tue, 15 Dec 2015 20:41:38 GMT', 'content-type': 'application/json; charset=UTF-8', 'x-openstack-request-id': 'req-edc96a29-6bc9-4719-94e6-55fb972666d1'}
        Body: {"security_group": {"tenant_id": "44c64e039b124a0e9b57018b57aa068d", "description": "tempest-secgroup-smoke-1074050921 description", "id": "d84acdf7-f27a-4ed6-8745-b60920e23f52", "security_group_rules": [{"remote_group_id": null, "direction": "egress", "remote_ip_prefix": null, "protocol": null, "ethertype": "IPv4", "tenant_id": "44c64e039b124a0e9b57018b57aa068d", "port_range_max": null, "port_range_min": null, "id": "a370ebe8-2972-4e99-be7c-83a3678426ed", "security_group_id": "d84acdf7-f27a-4ed6-8745-b60920e23f52"}, {"remote_group_id": null, "direction": "egress", "remote_ip_prefix": null, "protocol": null, "ethertype": "IPv6", "tenant_id": "44c64e039b124a0e9b57018b57aa068d", "port_range_max": null, "port_range_min": null, "id": "4bc59193-4c75-4f51-8787-e3e84a0fbfd0", "security_group_id": "d84acdf7-f27a-4ed6-8745-b60920e23f52"}], "name": "tempest-secgroup-smoke-1074050921"}}
2015-12-15 20:41:38,918 24094 INFO     [tempest_lib.common.rest_client] Request (TestNetworkAdvancedServerOps:test_server_connectivity_pause_unpause): 201 POST http://10.0.2.15:9696/v2.0/security-group-rules 0.123s
2015-12-15 20:41:38,919 24094 DEBUG    [tempest_lib.common.rest_client] Request - Headers: {'Content-Type': 'application/json', 'Accept': 'application/json', 'X-Auth-Token': '&lt;omitted&gt;'}
        Body: {"security_group_rule": {"direction": "ingress", "protocol": "tcp", "tenant_id": "44c64e039b124a0e9b57018b57aa068d", "port_range_max": 22, "security_group_id": "d84acdf7-f27a-4ed6-8745-b60920e23f52", "port_range_min": 22}}
    Response - Headers: {'status': '201', 'content-length': '340', 'connection': 'close', 'date': 'Tue, 15 Dec 2015 20:41:38 GMT', 'content-type': 'application/json; charset=UTF-8', 'x-openstack-request-id': 'req-205ac725-a006-4b6c-8125-932449e91186'}
        Body: {"security_group_rule": {"remote_group_id": null, "direction": "ingress", "remote_ip_prefix": null, "protocol": "tcp", "ethertype": "IPv4", "tenant_id": "44c64e039b124a0e9b57018b57aa068d", "port_range_max": 22, "port_range_min": 22, "id": "e8f695cc-59be-4106-8987-ec03cb97b024", "security_group_id": "d84acdf7-f27a-4ed6-8745-b60920e23f52"}}
2015-12-15 20:41:39,178 24094 INFO     [tempest_lib.common.rest_client] Request (TestNetworkAdvancedServerOps:test_server_connectivity_pause_unpause): 201 POST http://10.0.2.15:9696/v2.0/security-group-rules 0.258s
2015-12-15 20:41:39,179 24094 DEBUG    [tempest_lib.common.rest_client] Request - Headers: {'Content-Type': 'application/json', 'Accept': 'application/json', 'X-Auth-Token': '&lt;omitted&gt;'}
        Body: {"security_group_rule": {"direction": "egress", "protocol": "tcp", "tenant_id": "44c64e039b124a0e9b57018b57aa068d", "port_range_max": 22, "security_group_id": "d84acdf7-f27a-4ed6-8745-b60920e23f52", "port_range_min": 22}}
    Response - Headers: {'status': '201', 'content-length': '339', 'connection': 'close', 'date': 'Tue, 15 Dec 2015 20:41:39 GMT', 'content-type': 'application/json; charset=UTF-8', 'x-openstack-request-id': 'req-0afb68ce-9a2e-49cf-9761-dd9905952cba'}
        Body: {"security_group_rule": {"remote_group_id": null, "direction": "egress", "remote_ip_prefix": null, "protocol": "tcp", "ethertype": "IPv4", "tenant_id": "44c64e039b124a0e9b57018b57aa068d", "port_range_max": 22, "port_range_min": 22, "id": "d1476021-6ca4-4769-b1cc-d6a603b6f601", "security_group_id": "d84acdf7-f27a-4ed6-8745-b60920e23f52"}}
2015-12-15 20:41:39,296 24094 INFO     [tempest_lib.common.rest_client] Request (TestNetworkAdvancedServerOps:test_server_connectivity_pause_unpause): 201 POST http://10.0.2.15:9696/v2.0/security-group-rules 0.116s
2015-12-15 20:41:39,297 24094 DEBUG    [tempest_lib.common.rest_client] Request - Headers: {'Content-Type': 'application/json', 'Accept': 'application/json', 'X-Auth-Token': '&lt;omitted&gt;'}
        Body: {"security_group_rule": {"tenant_id": "44c64e039b124a0e9b57018b57aa068d", "direction": "ingress", "protocol": "icmp", "security_group_id": "d84acdf7-f27a-4ed6-8745-b60920e23f52"}}
    Response - Headers: {'status': '201', 'content-length': '345', 'connection': 'close', 'date': 'Tue, 15 Dec 2015 20:41:39 GMT', 'content-type': 'application/json; charset=UTF-8', 'x-openstack-request-id': 'req-dd88d0c5-d37c-422e-8c3c-1cd71d31c208'}
        Body: {"security_group_rule": {"remote_group_id": null, "direction": "ingress", "remote_ip_prefix": null, "protocol": "icmp", "ethertype": "IPv4", "tenant_id": "44c64e039b124a0e9b57018b57aa068d", "port_range_max": null, "port_range_min": null, "id": "0117364b-9a75-444f-9c41-22bcdad531d2", "security_group_id": "d84acdf7-f27a-4ed6-8745-b60920e23f52"}}
2015-12-15 20:41:39,406 24094 INFO     [tempest_lib.common.rest_client] Request (TestNetworkAdvancedServerOps:test_server_connectivity_pause_unpause): 201 POST http://10.0.2.15:9696/v2.0/security-group-rules 0.107s
2015-12-15 20:41:39,407 24094 DEBUG    [tempest_lib.common.rest_client] Request - Headers: {'Content-Type': 'application/json', 'Accept': 'application/json', 'X-Auth-Token': '&lt;omitted&gt;'}
        Body: {"security_group_rule": {"tenant_id": "44c64e039b124a0e9b57018b57aa068d", "direction": "egress", "protocol": "icmp", "security_group_id": "d84acdf7-f27a-4ed6-8745-b60920e23f52"}}
    Response - Headers: {'status': '201', 'content-length': '344', 'connection': 'close', 'date': 'Tue, 15 Dec 2015 20:41:39 GMT', 'content-type': 'application/json; charset=UTF-8', 'x-openstack-request-id': 'req-da9afec9-9bc6-43c0-81a0-132ab490bee0'}
        Body: {"security_group_rule": {"remote_group_id": null, "direction": "egress", "remote_ip_prefix": null, "protocol": "icmp", "ethertype": "IPv4", "tenant_id": "44c64e039b124a0e9b57018b57aa068d", "port_range_max": null, "port_range_min": null, "id": "4a4ba256-a8b1-44fa-ba3e-011024ac2ff5", "security_group_id": "d84acdf7-f27a-4ed6-8745-b60920e23f52"}}
2015-12-15 20:41:39,519 24094 INFO     [tempest_lib.common.rest_client] Request (TestNetworkAdvancedServerOps:test_server_connectivity_pause_unpause): 201 POST http://10.0.2.15:9696/v2.0/security-group-rules 0.111s
2015-12-15 20:41:39,520 24094 DEBUG    [tempest_lib.common.rest_client] Request - Headers: {'Content-Type': 'application/json', 'Accept': 'application/json', 'X-Auth-Token': '&lt;omitted&gt;'}
        Body: {"security_group_rule": {"tenant_id": "44c64e039b124a0e9b57018b57aa068d", "direction": "ingress", "security_group_id": "d84acdf7-f27a-4ed6-8745-b60920e23f52", "protocol": "icmp", "ethertype": "IPv6"}}
    Response - Headers: {'status': '201', 'content-length': '345', 'connection': 'close', 'date': 'Tue, 15 Dec 2015 20:41:39 GMT', 'content-type': 'application/json; charset=UTF-8', 'x-openstack-request-id': 'req-a8fed47b-30fa-4e8b-b4d3-b8fe222e290a'}
        Body: {"security_group_rule": {"remote_group_id": null, "direction": "ingress", "remote_ip_prefix": null, "protocol": "icmp", "ethertype": "IPv6", "tenant_id": "44c64e039b124a0e9b57018b57aa068d", "port_range_max": null, "port_range_min": null, "id": "6c2397f9-2131-4109-b013-96742ce287b1", "security_group_id": "d84acdf7-f27a-4ed6-8745-b60920e23f52"}}
2015-12-15 20:41:39,630 24094 INFO     [tempest_lib.common.rest_client] Request (TestNetworkAdvancedServerOps:test_server_connectivity_pause_unpause): 201 POST http://10.0.2.15:9696/v2.0/security-group-rules 0.108s
2015-12-15 20:41:39,632 24094 DEBUG    [tempest_lib.common.rest_client] Request - Headers: {'Content-Type': 'application/json', 'Accept': 'application/json', 'X-Auth-Token': '&lt;omitted&gt;'}
        Body: {"security_group_rule": {"tenant_id": "44c64e039b124a0e9b57018b57aa068d", "direction": "egress", "security_group_id": "d84acdf7-f27a-4ed6-8745-b60920e23f52", "protocol": "icmp", "ethertype": "IPv6"}}
    Response - Headers: {'status': '201', 'content-length': '344', 'connection': 'close', 'date': 'Tue, 15 Dec 2015 20:41:39 GMT', 'content-type': 'application/json; charset=UTF-8', 'x-openstack-request-id': 'req-55607410-c155-4f37-8418-20b56ae22918'}
        Body: {"security_group_rule": {"remote_group_id": null, "direction": "egress", "remote_ip_prefix": null, "protocol": "icmp", "ethertype": "IPv6", "tenant_id": "44c64e039b124a0e9b57018b57aa068d", "port_range_max": null, "port_range_min": null, "id": "2d768598-a282-4321-b056-95feadaa6ced", "security_group_id": "d84acdf7-f27a-4ed6-8745-b60920e23f52"}}
2015-12-15 20:41:39,767 24094 INFO     [tempest_lib.common.rest_client] Request (TestNetworkAdvancedServerOps:test_server_connectivity_pause_unpause): 201 POST http://10.0.2.15:9696/v2.0/networks 0.134s
2015-12-15 20:41:39,768 24094 DEBUG    [tempest_lib.common.rest_client] Request - Headers: {'Content-Type': 'application/json', 'Accept': 'application/json', 'X-Auth-Token': '&lt;omitted&gt;'}
        Body: {"network": {"tenant_id": "44c64e039b124a0e9b57018b57aa068d", "name": "tempest-network-smoke--99995972"}}
    Response - Headers: {'status': '201', 'content-length': '294', 'connection': 'close', 'date': 'Tue, 15 Dec 2015 20:41:39 GMT', 'content-type': 'application/json; charset=UTF-8', 'x-openstack-request-id': 'req-bf7fa812-e956-4a6d-a1e2-d7427cf82947'}
        Body: {"network": {"status": "ACTIVE", "subnets": [], "name": "tempest-network-smoke--99995972", "admin_state_up": true, "tenant_id": "44c64e039b124a0e9b57018b57aa068d", "mtu": 0, "router:external": false, "shared": false, "port_security_enabled": true, "id": "170ded78-3abd-48a9-a772-324138bae244"}}
2015-12-15 20:41:39,844 24094 INFO     [tempest_lib.common.rest_client] Request (TestNetworkAdvancedServerOps:test_server_connectivity_pause_unpause): 201 POST http://10.0.2.15:9696/v2.0/routers 0.074s
2015-12-15 20:41:39,844 24094 DEBUG    [tempest_lib.common.rest_client] Request - Headers: {'Content-Type': 'application/json', 'Accept': 'application/json', 'X-Auth-Token': '&lt;omitted&gt;'}
        Body: {"router": {"tenant_id": "44c64e039b124a0e9b57018b57aa068d", "name": "tempest-router-smoke-1961790793", "admin_state_up": true}}
    Response - Headers: {'status': '201', 'content-length': '239', 'connection': 'close', 'date': 'Tue, 15 Dec 2015 20:41:39 GMT', 'content-type': 'application/json; charset=UTF-8', 'x-openstack-request-id': 'req-4bd9a597-a93f-49af-a42f-610a73c18713'}
        Body: {"router": {"status": "ACTIVE", "external_gateway_info": null, "name": "tempest-router-smoke-1961790793", "admin_state_up": true, "tenant_id": "44c64e039b124a0e9b57018b57aa068d", "routes": [], "id": "4922b98d-8cf4-4794-8481-d80ebb487b92"}}
2015-12-15 20:41:39,889 24094 INFO     [tempest_lib.common.rest_client] Request (TestNetworkAdvancedServerOps:test_server_connectivity_pause_unpause): 200 GET http://10.0.2.15:9696/v2.0/routers/4922b98d-8cf4-4794-8481-d80ebb487b92 0.043s
2015-12-15 20:41:39,890 24094 DEBUG    [tempest_lib.common.rest_client] Request - Headers: {'Content-Type': 'application/json', 'Accept': 'application/json', 'X-Auth-Token': '&lt;omitted&gt;'}
        Body: None
    Response - Headers: {'status': '200', 'content-length': '239', 'content-location': 'http://10.0.2.15:9696/v2.0/routers/4922b98d-8cf4-4794-8481-d80ebb487b92', 'connection': 'close', 'date': 'Tue, 15 Dec 2015 20:41:39 GMT', 'content-type': 'application/json; charset=UTF-8', 'x-openstack-request-id': 'req-0bd6770d-d714-492d-af2e-a7a202ad589f'}
        Body: {"router": {"status": "ACTIVE", "external_gateway_info": null, "name": "tempest-router-smoke-1961790793", "admin_state_up": true, "tenant_id": "44c64e039b124a0e9b57018b57aa068d", "routes": [], "id": "4922b98d-8cf4-4794-8481-d80ebb487b92"}}
2015-12-15 20:41:40,440 24094 INFO     [tempest_lib.common.rest_client] Request (TestNetworkAdvancedServerOps:test_server_connectivity_pause_unpause): 200 PUT http://10.0.2.15:9696/v2.0/routers/4922b98d-8cf4-4794-8481-d80ebb487b92 0.549s
2015-12-15 20:41:40,440 24094 DEBUG    [tempest_lib.common.rest_client] Request - Headers: {'Content-Type': 'application/json', 'Accept': 'application/json', 'X-Auth-Token': '&lt;omitted&gt;'}
        Body: {"router": {"external_gateway_info": {"network_id": "e37e4897-23ce-4e14-838c-6501578d6a25"}, "name": "tempest-router-smoke-1961790793", "admin_state_up": true}}
    Response - Headers: {'status': '200', 'content-length': '501', 'connection': 'close', 'date': 'Tue, 15 Dec 2015 20:41:40 GMT', 'content-type': 'application/json; charset=UTF-8', 'x-openstack-request-id': 'req-36da0884-8cbb-4c90-84c8-954bcdf258d4'}
        Body: {"router": {"status": "ACTIVE", "external_gateway_info": {"network_id": "e37e4897-23ce-4e14-838c-6501578d6a25", "enable_snat": true, "external_fixed_ips": [{"subnet_id": "9a40668a-1ef5-4f39-994e-4a04a24bcc19", "ip_address": "172.24.4.3"}, {"subnet_id": "30cf8ab9-f96b-49a6-be6c-ec96031ad6a1", "ip_address": "2001:db8::3"}]}, "name": "tempest-router-smoke-1961790793", "admin_state_up": true, "tenant_id": "44c64e039b124a0e9b57018b57aa068d", "routes": [], "id": "4922b98d-8cf4-4794-8481-d80ebb487b92"}}
2015-12-15 20:41:40,578 24094 INFO     [tempest_lib.common.rest_client] Request (TestNetworkAdvancedServerOps:test_server_connectivity_pause_unpause): 200 GET http://10.0.2.15:9696/v2.0/subnets?tenant_id=44c64e039b124a0e9b57018b57aa068d&amp;cidr=10.100.0.0%2F28 0.136s
2015-12-15 20:41:40,578 24094 DEBUG    [tempest_lib.common.rest_client] Request - Headers: {'Content-Type': 'application/json', 'Accept': 'application/json', 'X-Auth-Token': '&lt;omitted&gt;'}
        Body: None
    Response - Headers: {'status': '200', 'content-length': '15', 'content-location': 'http://10.0.2.15:9696/v2.0/subnets?tenant_id=44c64e039b124a0e9b57018b57aa068d&amp;cidr=10.100.0.0%2F28', 'connection': 'close', 'date': 'Tue, 15 Dec 2015 20:41:40 GMT', 'content-type': 'application/json; charset=UTF-8', 'x-openstack-request-id': 'req-25acd3d5-bab1-413b-9ce4-9b587d941758'}
        Body: {"subnets": []}
2015-12-15 20:41:40,837 24094 INFO     [tempest_lib.common.rest_client] Request (TestNetworkAdvancedServerOps:test_server_connectivity_pause_unpause): 201 POST http://10.0.2.15:9696/v2.0/subnets 0.258s
2015-12-15 20:41:40,838 24094 DEBUG    [tempest_lib.common.rest_client] Request - Headers: {'Content-Type': 'application/json', 'Accept': 'application/json', 'X-Auth-Token': '&lt;omitted&gt;'}
        Body: {"subnet": {"ip_version": 4, "tenant_id": "44c64e039b124a0e9b57018b57aa068d", "cidr": "10.100.0.0/28", "network_id": "170ded78-3abd-48a9-a772-324138bae244", "name": "tempest-subnet-smoke-156835952"}}
    Response - Headers: {'status': '201', 'content-length': '477', 'connection': 'close', 'date': 'Tue, 15 Dec 2015 20:41:40 GMT', 'content-type': 'application/json; charset=UTF-8', 'x-openstack-request-id': 'req-7c731fe9-72aa-46d7-a4ec-404c296c69f9'}
        Body: {"subnet": {"name": "tempest-subnet-smoke-156835952", "enable_dhcp": true, "network_id": "170ded78-3abd-48a9-a772-324138bae244", "tenant_id": "44c64e039b124a0e9b57018b57aa068d", "dns_nameservers": [], "gateway_ip": "10.100.0.1", "ipv6_ra_mode": null, "allocation_pools": [{"start": "10.100.0.2", "end": "10.100.0.14"}], "host_routes": [], "ip_version": 4, "ipv6_address_mode": null, "cidr": "10.100.0.0/28", "id": "ec9266ab-2a25-45dc-8ecb-e88b94e2dffb", "subnetpool_id": null}}
2015-12-15 20:41:41,289 24094 INFO     [tempest_lib.common.rest_client] Request (TestNetworkAdvancedServerOps:test_server_connectivity_pause_unpause): 200 PUT http://10.0.2.15:9696/v2.0/routers/4922b98d-8cf4-4794-8481-d80ebb487b92/add_router_interface 0.451s
2015-12-15 20:41:41,290 24094 DEBUG    [tempest_lib.common.rest_client] Request - Headers: {'Content-Type': 'application/json', 'Accept': 'application/json', 'X-Auth-Token': '&lt;omitted&gt;'}
        Body: {"subnet_id": "ec9266ab-2a25-45dc-8ecb-e88b94e2dffb"}
    Response - Headers: {'status': '200', 'content-length': '255', 'connection': 'close', 'date': 'Tue, 15 Dec 2015 20:41:41 GMT', 'content-type': 'application/json; charset=UTF-8', 'x-openstack-request-id': 'req-79dea163-e620-4a16-9d8a-a64c0e85fe1f'}
        Body: {"subnet_id": "ec9266ab-2a25-45dc-8ecb-e88b94e2dffb", "tenant_id": "44c64e039b124a0e9b57018b57aa068d", "subnet_ids": ["ec9266ab-2a25-45dc-8ecb-e88b94e2dffb"], "port_id": "2aa0b92a-ef78-4037-8dfa-87ba511c6593", "id": "4922b98d-8cf4-4794-8481-d80ebb487b92"}
2015-12-15 20:41:41,394 24094 INFO     [tempest_lib.common.rest_client] Request (TestNetworkAdvancedServerOps:test_server_connectivity_pause_unpause): 200 POST http://10.0.2.15:5000/v2.0/tokens
2015-12-15 20:41:41,394 24094 DEBUG    [tempest_lib.common.rest_client] Request - Headers: {'Content-Type': 'application/json', 'Accept': 'application/json'}
        Body: &lt;omitted&gt;
    Response - Headers: {'status': '200', 'content-length': '2566', 'vary': 'X-Auth-Token', 'server': 'Apache/2.4.7 (Ubuntu)', 'connection': 'close', 'date': 'Tue, 15 Dec 2015 20:41:41 GMT', 'content-type': 'application/json', 'x-openstack-request-id': 'req-3939740f-01c8-4761-86cd-aa984cb937f7'}
        Body: {"access": {"token": {"issued_at": "2015-12-15T20:41:41.383109", "expires": "2015-12-15T21:41:41Z", "id": "d59f5a1308544d3c99412ec69a2985f8", "tenant": {"description": "tempest-TestNetworkAdvancedServerOps-1642101483-desc", "enabled": true, "id": "44c64e039b124a0e9b57018b57aa068d", "name": "tempest-TestNetworkAdvancedServerOps-1642101483"}, "audit_ids": ["wli-Nn05TTOhqRgiQq_KRA"]}, "serviceCatalog": [{"endpoints": [{"adminURL": "http://10.0.2.15:8774/v2.1/44c64e039b124a0e9b57018b57aa068d", "region": "RegionOne", "internalURL": "http://10.0.2.15:8774/v2.1/44c64e039b124a0e9b57018b57aa068d", "id": "196243a707e241e1b248a8fc5cc8948d", "publicURL": "http://10.0.2.15:8774/v2.1/44c64e039b124a0e9b57018b57aa068d"}], "endpoints_links": [], "type": "compute", "name": "nova"}, {"endpoints": [{"adminURL": "http://10.0.2.15:9696/", "region": "RegionOne", "internalURL": "http://10.0.2.15:9696/", "id": "637be298e4144f38aa2b4365aa0104f1", "publicURL": "http://10.0.2.15:9696/"}], "endpoints_links": [], "type": "network", "name": "neutron"}, {"endpoints": [{"adminURL": "http://10.0.2.15:9292", "region": "RegionOne", "internalURL": "http://10.0.2.15:9292", "id": "a905daf37ecc47de8c74c3ff438f4557", "publicURL": "http://10.0.2.15:9292"}], "endpoints_links": [], "type": "image", "name": "glance"}, {"endpoints": [{"adminURL": "http://10.0.2.15:8774/v2/44c64e039b124a0e9b57018b57aa068d", "region": "RegionOne", "internalURL": "http://10.0.2.15:8774/v2/44c64e039b124a0e9b57018b57aa068d", "id": "897dd02195a34df1a8f7923f249cc15b", "publicURL": "http://10.0.2.15:8774/v2/44c64e039b124a0e9b57018b57aa068d"}], "endpoints_links": [], "type": "compute_legacy", "name": "nova_legacy"}, {"endpoints": [{"adminURL": "http://10.0.2.15:8773/", "region": "RegionOne", "internalURL": "http://10.0.2.15:8773/", "id": "07dafeece3f04092ad8d3a9d1cfa1bd3", "publicURL": "http://10.0.2.15:8773/"}], "endpoints_links": [], "type": "ec2", "name": "ec2"}, {"endpoints": [{"adminURL": "http://10.0.2.15:35357/v2.0", "region": "RegionOne", "internalURL": "http://10.0.2.15:5000/v2.0", "id": "709796616f464f0082e3199bf1ecde39", "publicURL": "http://10.0.2.15:5000/v2.0"}], "endpoints_links": [], "type": "identity", "name": "keystone"}], "user": {"username": "tempest-TestNetworkAdvancedServerOps-1443837157", "roles_links": [], "id": "8824dbeec240479abf31894e531ebe90", "roles": [{"name": "Member"}, {"name": "_member_"}], "name": "tempest-TestNetworkAdvancedServerOps-1443837157"}, "metadata": {"is_admin": 0, "roles": ["90f8d0b920004dac8032189452dde06c", "9fe2ff9ee4384b1894a90878d3e92bab"]}}}
2015-12-15 20:41:41,399 24094 DEBUG    [tempest.common.fixed_network] (TestNetworkAdvancedServerOps:test_server_connectivity_pause_unpause) No valid network provided or created, defaulting to fixed_network_name
2015-12-15 20:41:41,724 24094 INFO     [tempest_lib.common.rest_client] Request (TestNetworkAdvancedServerOps:test_server_connectivity_pause_unpause): 200 GET http://10.0.2.15:8774/v2.1/44c64e039b124a0e9b57018b57aa068d/os-networks 0.324s
2015-12-15 20:41:41,724 24094 DEBUG    [tempest_lib.common.rest_client] Request - Headers: {'Content-Type': 'application/json', 'Accept': 'application/json', 'X-Auth-Token': '&lt;omitted&gt;'}
        Body: None
    Response - Headers: {'status': '200', 'content-length': '477', 'content-location': 'http://10.0.2.15:8774/v2.1/44c64e039b124a0e9b57018b57aa068d/os-networks', 'x-compute-request-id': 'req-8299bb2f-937a-4bfb-b0be-f9498df9bd53', 'vary': 'X-OpenStack-Nova-API-Version', 'connection': 'close', 'x-openstack-nova-api-version': '2.1', 'date': 'Tue, 15 Dec 2015 20:41:41 GMT', 'content-type': 'application/json'}
        Body: {"networks": [{"cidr_v6": null, "dns2": null, "dns1": null, "gateway": null, "broadcast": null, "netmask": null, "gateway_v6": null, "cidr": null, "label": "tempest-network-smoke--99995972", "id": "170ded78-3abd-48a9-a772-324138bae244", "netmask_v6": null}, {"cidr_v6": null, "dns2": null, "dns1": null, "gateway": null, "broadcast": null, "netmask": null, "gateway_v6": null, "cidr": null, "label": "public", "id": "e37e4897-23ce-4e14-838c-6501578d6a25", "netmask_v6": null}]}
2015-12-15 20:41:41,725 24094 WARNING  [tempest.common.fixed_network] (TestNetworkAdvancedServerOps:test_server_connectivity_pause_unpause) Network with name: private not found
2015-12-15 20:41:41,725 24094 INFO     [tempest.common.fixed_network] (TestNetworkAdvancedServerOps:test_server_connectivity_pause_unpause) Found network {} available for tenant
2015-12-15 20:41:42,947 24094 INFO     [tempest_lib.common.rest_client] Request (TestNetworkAdvancedServerOps:test_server_connectivity_pause_unpause): 202 POST http://10.0.2.15:8774/v2.1/44c64e039b124a0e9b57018b57aa068d/servers 1.221s
2015-12-15 20:41:42,947 24094 DEBUG    [tempest_lib.common.rest_client] Request - Headers: {'Content-Type': 'application/json', 'Accept': 'application/json', 'X-Auth-Token': '&lt;omitted&gt;'}
        Body: {"server": {"name": "tempest.common.compute-instance-331885008", "imageRef": "bb373ce0-83ed-4d8b-b59f-c7b4511d1d7e", "key_name": "tempest-TestNetworkAdvancedServerOps-185363424", "flavorRef": "42", "networks": [{"uuid": "170ded78-3abd-48a9-a772-324138bae244"}], "security_groups": [{"name": "tempest-secgroup-smoke-1074050921"}]}}
    Response - Headers: {'status': '202', 'content-length': '462', 'x-compute-request-id': 'req-e3c1462d-64e1-442c-b642-7f435f3b223e', 'vary': 'X-OpenStack-Nova-API-Version', 'connection': 'close', 'location': 'http://10.0.2.15:8774/v2.1/44c64e039b124a0e9b57018b57aa068d/servers/3fce0c52-5078-4e64-8eaa-c29fce83a2c7', 'x-openstack-nova-api-version': '2.1', 'date': 'Tue, 15 Dec 2015 20:41:42 GMT', 'content-type': 'application/json'}
        Body: {"server": {"security_groups": [{"name": "tempest-secgroup-smoke-1074050921"}], "OS-DCF:diskConfig": "MANUAL", "id": "3fce0c52-5078-4e64-8eaa-c29fce83a2c7", "links": [{"href": "http://10.0.2.15:8774/v2.1/44c64e039b124a0e9b57018b57aa068d/servers/3fce0c52-5078-4e64-8eaa-c29fce83a2c7", "rel": "self"}, {"href": "http://10.0.2.15:8774/44c64e039b124a0e9b57018b57aa068d/servers/3fce0c52-5078-4e64-8eaa-c29fce83a2c7", "rel": "bookmark"}], "adminPass": "3Jh5t8b7Kkf2"}}
2015-12-15 20:41:43,087 24094 INFO     [tempest_lib.common.rest_client] Request (TestNetworkAdvancedServerOps:test_server_connectivity_pause_unpause): 200 GET http://10.0.2.15:8774/v2.1/44c64e039b124a0e9b57018b57aa068d/servers/3fce0c52-5078-4e64-8eaa-c29fce83a2c7 0.136s
2015-12-15 20:41:43,087 24094 DEBUG    [tempest_lib.common.rest_client] Request - Headers: {'Content-Type': 'application/json', 'Accept': 'application/json', 'X-Auth-Token': '&lt;omitted&gt;'}
        Body: None
    Response - Headers: {'status': '200', 'content-length': '1363', 'content-location': 'http://10.0.2.15:8774/v2.1/44c64e039b124a0e9b57018b57aa068d/servers/3fce0c52-5078-4e64-8eaa-c29fce83a2c7', 'x-compute-request-id': 'req-beebf0d6-dd63-4ac3-9678-88c9d4562ab1', 'vary': 'X-OpenStack-Nova-API-Version', 'connection': 'close', 'x-openstack-nova-api-version': '2.1', 'date': 'Tue, 15 Dec 2015 20:41:43 GMT', 'content-type': 'application/json'}
        Body: {"server": {"status": "BUILD", "updated": "2015-12-15T20:41:43Z", "hostId": "", "addresses": {}, "links": [{"href": "http://10.0.2.15:8774/v2.1/44c64e039b124a0e9b57018b57aa068d/servers/3fce0c52-5078-4e64-8eaa-c29fce83a2c7", "rel": "self"}, {"href": "http://10.0.2.15:8774/44c64e039b124a0e9b57018b57aa068d/servers/3fce0c52-5078-4e64-8eaa-c29fce83a2c7", "rel": "bookmark"}], "key_name": "tempest-TestNetworkAdvancedServerOps-185363424", "image": {"id": "bb373ce0-83ed-4d8b-b59f-c7b4511d1d7e", "links": [{"href": "http://10.0.2.15:8774/44c64e039b124a0e9b57018b57aa068d/images/bb373ce0-83ed-4d8b-b59f-c7b4511d1d7e", "rel": "bookmark"}]}, "OS-EXT-STS:task_state": "scheduling", "OS-EXT-STS:vm_state": "building", "OS-SRV-USG:launched_at": null, "flavor": {"id": "42", "links": [{"href": "http://10.0.2.15:8774/44c64e039b124a0e9b57018b57aa068d/flavors/42", "rel": "bookmark"}]}, "id": "3fce0c52-5078-4e64-8eaa-c29fce83a2c7", "OS-SRV-USG:terminated_at": null, "OS-EXT-AZ:availability_zone": "", "user_id": "8824dbeec240479abf31894e531ebe90", "name": "tempest.common.compute-instance-331885008", "created": "2015-12-15T20:41:42Z", "tenant_id": "44c64e039b124a0e9b57018b57aa068d", "OS-DCF:diskConfig": "MANUAL", "os-extended-volumes:volumes_attached": [], "accessIPv4": "", "accessIPv6": "", "progress": 0, "OS-EXT-STS:power_state": 0, "config_drive": "", "metadata": {}}}
2015-12-15 20:41:44,242 24094 INFO     [tempest_lib.common.rest_client] Request (TestNetworkAdvancedServerOps:test_server_connectivity_pause_unpause): 200 GET http://10.0.2.15:8774/v2.1/44c64e039b124a0e9b57018b57aa068d/servers/3fce0c52-5078-4e64-8eaa-c29fce83a2c7 0.143s
2015-12-15 20:41:44,242 24094 DEBUG    [tempest_lib.common.rest_client] Request - Headers: {'Content-Type': 'application/json', 'Accept': 'application/json', 'X-Auth-Token': '&lt;omitted&gt;'}
        Body: None
    Response - Headers: {'status': '200', 'content-length': '1415', 'content-location': 'http://10.0.2.15:8774/v2.1/44c64e039b124a0e9b57018b57aa068d/servers/3fce0c52-5078-4e64-8eaa-c29fce83a2c7', 'x-compute-request-id': 'req-f24004ce-25e6-4672-9817-9da73084fa1e', 'vary': 'X-OpenStack-Nova-API-Version', 'connection': 'close', 'x-openstack-nova-api-version': '2.1', 'date': 'Tue, 15 Dec 2015 20:41:44 GMT', 'content-type': 'application/json'}
        Body: {"server": {"status": "BUILD", "updated": "2015-12-15T20:41:43Z", "hostId": "16aab4943c69571384300ff86af442510e34c506868c77e59f43ddc4", "addresses": {}, "links": [{"href": "http://10.0.2.15:8774/v2.1/44c64e039b124a0e9b57018b57aa068d/servers/3fce0c52-5078-4e64-8eaa-c29fce83a2c7", "rel": "self"}, {"href": "http://10.0.2.15:8774/44c64e039b124a0e9b57018b57aa068d/servers/3fce0c52-5078-4e64-8eaa-c29fce83a2c7", "rel": "bookmark"}], "key_name": "tempest-TestNetworkAdvancedServerOps-185363424", "image": {"id": "bb373ce0-83ed-4d8b-b59f-c7b4511d1d7e", "links": [{"href": "http://10.0.2.15:8774/44c64e039b124a0e9b57018b57aa068d/images/bb373ce0-83ed-4d8b-b59f-c7b4511d1d7e", "rel": "bookmark"}]}, "OS-EXT-STS:task_state": null, "OS-EXT-STS:vm_state": "building", "OS-SRV-USG:launched_at": null, "flavor": {"id": "42", "links": [{"href": "http://10.0.2.15:8774/44c64e039b124a0e9b57018b57aa068d/flavors/42", "rel": "bookmark"}]}, "id": "3fce0c52-5078-4e64-8eaa-c29fce83a2c7", "OS-SRV-USG:terminated_at": null, "OS-EXT-AZ:availability_zone": "nova", "user_id": "8824dbeec240479abf31894e531ebe90", "name": "tempest.common.compute-instance-331885008", "created": "2015-12-15T20:41:42Z", "tenant_id": "44c64e039b124a0e9b57018b57aa068d", "OS-DCF:diskConfig": "MANUAL", "os-extended-volumes:volumes_attached": [], "accessIPv4": "", "accessIPv6": "", "progress": 0, "OS-EXT-STS:power_state": 0, "config_drive": "", "metadata": {}}}
2015-12-15 20:41:44,251 24094 INFO     [tempest.common.waiters] State transition "BUILD/scheduling" ==&gt; "BUILD/None" after 1 second wait
2015-12-15 20:41:45,784 24094 INFO     [tempest_lib.common.rest_client] Request (TestNetworkAdvancedServerOps:test_server_connectivity_pause_unpause): 200 GET http://10.0.2.15:8774/v2.1/44c64e039b124a0e9b57018b57aa068d/servers/3fce0c52-5078-4e64-8eaa-c29fce83a2c7 0.532s
2015-12-15 20:41:45,785 24094 DEBUG    [tempest_lib.common.rest_client] Request - Headers: {'Content-Type': 'application/json', 'Accept': 'application/json', 'X-Auth-Token': '&lt;omitted&gt;'}
        Body: None
    Response - Headers: {'status': '200', 'content-length': '1489', 'content-location': 'http://10.0.2.15:8774/v2.1/44c64e039b124a0e9b57018b57aa068d/servers/3fce0c52-5078-4e64-8eaa-c29fce83a2c7', 'x-compute-request-id': 'req-9856fdb1-6d2b-4234-bb74-6112ba5cdb48', 'vary': 'X-OpenStack-Nova-API-Version', 'connection': 'close', 'x-openstack-nova-api-version': '2.1', 'date': 'Tue, 15 Dec 2015 20:41:45 GMT', 'content-type': 'application/json'}
        Body: {"server": {"status": "BUILD", "updated": "2015-12-15T20:41:44Z", "hostId": "16aab4943c69571384300ff86af442510e34c506868c77e59f43ddc4", "addresses": {}, "links": [{"href": "http://10.0.2.15:8774/v2.1/44c64e039b124a0e9b57018b57aa068d/servers/3fce0c52-5078-4e64-8eaa-c29fce83a2c7", "rel": "self"}, {"href": "http://10.0.2.15:8774/44c64e039b124a0e9b57018b57aa068d/servers/3fce0c52-5078-4e64-8eaa-c29fce83a2c7", "rel": "bookmark"}], "key_name": "tempest-TestNetworkAdvancedServerOps-185363424", "image": {"id": "bb373ce0-83ed-4d8b-b59f-c7b4511d1d7e", "links": [{"href": "http://10.0.2.15:8774/44c64e039b124a0e9b57018b57aa068d/images/bb373ce0-83ed-4d8b-b59f-c7b4511d1d7e", "rel": "bookmark"}]}, "OS-EXT-STS:task_state": "spawning", "OS-EXT-STS:vm_state": "building", "OS-SRV-USG:launched_at": null, "flavor": {"id": "42", "links": [{"href": "http://10.0.2.15:8774/44c64e039b124a0e9b57018b57aa068d/flavors/42", "rel": "bookmark"}]}, "id": "3fce0c52-5078-4e64-8eaa-c29fce83a2c7", "security_groups": [{"name": "tempest-secgroup-smoke-1074050921"}], "OS-SRV-USG:terminated_at": null, "OS-EXT-AZ:availability_zone": "nova", "user_id": "8824dbeec240479abf31894e531ebe90", "name": "tempest.common.compute-instance-331885008", "created": "2015-12-15T20:41:42Z", "tenant_id": "44c64e039b124a0e9b57018b57aa068d", "OS-DCF:diskConfig": "MANUAL", "os-extended-volumes:volumes_attached": [], "accessIPv4": "", "accessIPv6": "", "progress": 0, "OS-EXT-STS:power_state": 0, "config_drive": "", "metadata": {}}}
2015-12-15 20:41:45,797 24094 INFO     [tempest.common.waiters] State transition "BUILD/None" ==&gt; "BUILD/spawning" after 2 second wait
2015-12-15 20:41:47,063 24094 INFO     [tempest_lib.common.rest_client] Request (TestNetworkAdvancedServerOps:test_server_connectivity_pause_unpause): 200 GET http://10.0.2.15:8774/v2.1/44c64e039b124a0e9b57018b57aa068d/servers/3fce0c52-5078-4e64-8eaa-c29fce83a2c7 0.262s
2015-12-15 20:41:47,063 24094 DEBUG    [tempest_lib.common.rest_client] Request - Headers: {'Content-Type': 'application/json', 'Accept': 'application/json', 'X-Auth-Token': '&lt;omitted&gt;'}
        Body: None
    Response - Headers: {'status': '200', 'content-length': '1489', 'content-location': 'http://10.0.2.15:8774/v2.1/44c64e039b124a0e9b57018b57aa068d/servers/3fce0c52-5078-4e64-8eaa-c29fce83a2c7', 'x-compute-request-id': 'req-abd6fefc-e1ec-4b18-ba38-362423d89aac', 'vary': 'X-OpenStack-Nova-API-Version', 'connection': 'close', 'x-openstack-nova-api-version': '2.1', 'date': 'Tue, 15 Dec 2015 20:41:47 GMT', 'content-type': 'application/json'}
        Body: {"server": {"status": "BUILD", "updated": "2015-12-15T20:41:44Z", "hostId": "16aab4943c69571384300ff86af442510e34c506868c77e59f43ddc4", "addresses": {}, "links": [{"href": "http://10.0.2.15:8774/v2.1/44c64e039b124a0e9b57018b57aa068d/servers/3fce0c52-5078-4e64-8eaa-c29fce83a2c7", "rel": "self"}, {"href": "http://10.0.2.15:8774/44c64e039b124a0e9b57018b57aa068d/servers/3fce0c52-5078-4e64-8eaa-c29fce83a2c7", "rel": "bookmark"}], "key_name": "tempest-TestNetworkAdvancedServerOps-185363424", "image": {"id": "bb373ce0-83ed-4d8b-b59f-c7b4511d1d7e", "links": [{"href": "http://10.0.2.15:8774/44c64e039b124a0e9b57018b57aa068d/images/bb373ce0-83ed-4d8b-b59f-c7b4511d1d7e", "rel": "bookmark"}]}, "OS-EXT-STS:task_state": "spawning", "OS-EXT-STS:vm_state": "building", "OS-SRV-USG:launched_at": null, "flavor": {"id": "42", "links": [{"href": "http://10.0.2.15:8774/44c64e039b124a0e9b57018b57aa068d/flavors/42", "rel": "bookmark"}]}, "id": "3fce0c52-5078-4e64-8eaa-c29fce83a2c7", "security_groups": [{"name": "tempest-secgroup-smoke-1074050921"}], "OS-SRV-USG:terminated_at": null, "OS-EXT-AZ:availability_zone": "nova", "user_id": "8824dbeec240479abf31894e531ebe90", "name": "tempest.common.compute-instance-331885008", "created": "2015-12-15T20:41:42Z", "tenant_id": "44c64e039b124a0e9b57018b57aa068d", "OS-DCF:diskConfig": "MANUAL", "os-extended-volumes:volumes_attached": [], "accessIPv4": "", "accessIPv6": "", "progress": 0, "OS-EXT-STS:power_state": 0, "config_drive": "", "metadata": {}}}
2015-12-15 20:41:48,266 24094 INFO     [tempest_lib.common.rest_client] Request (TestNetworkAdvancedServerOps:test_server_connectivity_pause_unpause): 200 GET http://10.0.2.15:8774/v2.1/44c64e039b124a0e9b57018b57aa068d/servers/3fce0c52-5078-4e64-8eaa-c29fce83a2c7 0.184s
2015-12-15 20:41:48,266 24094 DEBUG    [tempest_lib.common.rest_client] Request - Headers: {'Content-Type': 'application/json', 'Accept': 'application/json', 'X-Auth-Token': '&lt;omitted&gt;'}
        Body: None
    Response - Headers: {'status': '200', 'content-length': '1659', 'content-location': 'http://10.0.2.15:8774/v2.1/44c64e039b124a0e9b57018b57aa068d/servers/3fce0c52-5078-4e64-8eaa-c29fce83a2c7', 'x-compute-request-id': 'req-4b50af82-28f6-464a-8f67-6e0f84f87fbb', 'vary': 'X-OpenStack-Nova-API-Version', 'connection': 'close', 'x-openstack-nova-api-version': '2.1', 'date': 'Tue, 15 Dec 2015 20:41:48 GMT', 'content-type': 'application/json'}
        Body: {"server": {"status": "ACTIVE", "updated": "2015-12-15T20:41:47Z", "hostId": "16aab4943c69571384300ff86af442510e34c506868c77e59f43ddc4", "addresses": {"tempest-network-smoke--99995972": [{"OS-EXT-IPS-MAC:mac_addr": "fa:16:3e:f8:48:e6", "version": 4, "addr": "10.100.0.3", "OS-EXT-IPS:type": "fixed"}]}, "links": [{"href": "http://10.0.2.15:8774/v2.1/44c64e039b124a0e9b57018b57aa068d/servers/3fce0c52-5078-4e64-8eaa-c29fce83a2c7", "rel": "self"}, {"href": "http://10.0.2.15:8774/44c64e039b124a0e9b57018b57aa068d/servers/3fce0c52-5078-4e64-8eaa-c29fce83a2c7", "rel": "bookmark"}], "key_name": "tempest-TestNetworkAdvancedServerOps-185363424", "image": {"id": "bb373ce0-83ed-4d8b-b59f-c7b4511d1d7e", "links": [{"href": "http://10.0.2.15:8774/44c64e039b124a0e9b57018b57aa068d/images/bb373ce0-83ed-4d8b-b59f-c7b4511d1d7e", "rel": "bookmark"}]}, "OS-EXT-STS:task_state": null, "OS-EXT-STS:vm_state": "active", "OS-SRV-USG:launched_at": "2015-12-15T20:41:47.000000", "flavor": {"id": "42", "links": [{"href": "http://10.0.2.15:8774/44c64e039b124a0e9b57018b57aa068d/flavors/42", "rel": "bookmark"}]}, "id": "3fce0c52-5078-4e64-8eaa-c29fce83a2c7", "security_groups": [{"name": "tempest-secgroup-smoke-1074050921"}], "OS-SRV-USG:terminated_at": null, "OS-EXT-AZ:availability_zone": "nova", "user_id": "8824dbeec240479abf31894e531ebe90", "name": "tempest.common.compute-instance-331885008", "created": "2015-12-15T20:41:42Z", "tenant_id": "44c64e039b124a0e9b57018b57aa068d", "OS-DCF:diskConfig": "MANUAL", "os-extended-volumes:volumes_attached": [], "accessIPv4": "", "accessIPv6": "", "progress": 0, "OS-EXT-STS:power_state": 1, "config_drive": "True", "metadata": {}}}
2015-12-15 20:41:48,275 24094 INFO     [tempest.common.waiters] State transition "BUILD/spawning" ==&gt; "ACTIVE/None" after 5 second wait
2015-12-15 20:41:48,462 24094 INFO     [tempest_lib.common.rest_client] Request (TestNetworkAdvancedServerOps:test_server_connectivity_pause_unpause): 200 GET http://10.0.2.15:8774/v2.1/44c64e039b124a0e9b57018b57aa068d/servers/3fce0c52-5078-4e64-8eaa-c29fce83a2c7 0.186s
2015-12-15 20:41:48,462 24094 DEBUG    [tempest_lib.common.rest_client] Request - Headers: {'Content-Type': 'application/json', 'Accept': 'application/json', 'X-Auth-Token': '&lt;omitted&gt;'}
        Body: None
    Response - Headers: {'status': '200', 'content-length': '1659', 'content-location': 'http://10.0.2.15:8774/v2.1/44c64e039b124a0e9b57018b57aa068d/servers/3fce0c52-5078-4e64-8eaa-c29fce83a2c7', 'x-compute-request-id': 'req-df0d04be-2be1-46ec-94af-bfe413f56303', 'vary': 'X-OpenStack-Nova-API-Version', 'connection': 'close', 'x-openstack-nova-api-version': '2.1', 'date': 'Tue, 15 Dec 2015 20:41:48 GMT', 'content-type': 'application/json'}
        Body: {"server": {"status": "ACTIVE", "updated": "2015-12-15T20:41:47Z", "hostId": "16aab4943c69571384300ff86af442510e34c506868c77e59f43ddc4", "addresses": {"tempest-network-smoke--99995972": [{"OS-EXT-IPS-MAC:mac_addr": "fa:16:3e:f8:48:e6", "version": 4, "addr": "10.100.0.3", "OS-EXT-IPS:type": "fixed"}]}, "links": [{"href": "http://10.0.2.15:8774/v2.1/44c64e039b124a0e9b57018b57aa068d/servers/3fce0c52-5078-4e64-8eaa-c29fce83a2c7", "rel": "self"}, {"href": "http://10.0.2.15:8774/44c64e039b124a0e9b57018b57aa068d/servers/3fce0c52-5078-4e64-8eaa-c29fce83a2c7", "rel": "bookmark"}], "key_name": "tempest-TestNetworkAdvancedServerOps-185363424", "image": {"id": "bb373ce0-83ed-4d8b-b59f-c7b4511d1d7e", "links": [{"href": "http://10.0.2.15:8774/44c64e039b124a0e9b57018b57aa068d/images/bb373ce0-83ed-4d8b-b59f-c7b4511d1d7e", "rel": "bookmark"}]}, "OS-EXT-STS:task_state": null, "OS-EXT-STS:vm_state": "active", "OS-SRV-USG:launched_at": "2015-12-15T20:41:47.000000", "flavor": {"id": "42", "links": [{"href": "http://10.0.2.15:8774/44c64e039b124a0e9b57018b57aa068d/flavors/42", "rel": "bookmark"}]}, "id": "3fce0c52-5078-4e64-8eaa-c29fce83a2c7", "security_groups": [{"name": "tempest-secgroup-smoke-1074050921"}], "OS-SRV-USG:terminated_at": null, "OS-EXT-AZ:availability_zone": "nova", "user_id": "8824dbeec240479abf31894e531ebe90", "name": "tempest.common.compute-instance-331885008", "created": "2015-12-15T20:41:42Z", "tenant_id": "44c64e039b124a0e9b57018b57aa068d", "OS-DCF:diskConfig": "MANUAL", "os-extended-volumes:volumes_attached": [], "accessIPv4": "", "accessIPv6": "", "progress": 0, "OS-EXT-STS:power_state": 1, "config_drive": "True", "metadata": {}}}
2015-12-15 20:41:48,499 24094 INFO     [tempest_lib.common.rest_client] Request (TestNetworkAdvancedServerOps:test_server_connectivity_pause_unpause): 200 GET http://10.0.2.15:9696/v2.0/ports?status=ACTIVE&amp;fixed_ip=None&amp;device_id=3fce0c52-5078-4e64-8eaa-c29fce83a2c7 0.028s
2015-12-15 20:41:48,499 24094 DEBUG    [tempest_lib.common.rest_client] Request - Headers: {'Content-Type': 'application/json', 'Accept': 'application/json', 'X-Auth-Token': '&lt;omitted&gt;'}
        Body: None
    Response - Headers: {'status': '200', 'content-length': '895', 'content-location': 'http://10.0.2.15:9696/v2.0/ports?status=ACTIVE&amp;fixed_ip=None&amp;device_id=3fce0c52-5078-4e64-8eaa-c29fce83a2c7', 'connection': 'close', 'date': 'Tue, 15 Dec 2015 20:41:48 GMT', 'content-type': 'application/json; charset=UTF-8', 'x-openstack-request-id': 'req-dbd40b74-ccde-4dfa-b7c7-3461b506c1f8'}
        Body: {"ports": [{"status": "ACTIVE", "binding:host_id": "vagrant-ubuntu-trusty-64", "allowed_address_pairs": [], "extra_dhcp_opts": [], "dns_assignment": [{"hostname": "host-10-100-0-3", "ip_address": "10.100.0.3", "fqdn": "host-10-100-0-3.openstacklocal."}], "device_owner": "compute:None", "port_security_enabled": true, "binding:profile": {}, "fixed_ips": [{"subnet_id": "ec9266ab-2a25-45dc-8ecb-e88b94e2dffb", "ip_address": "10.100.0.3"}], "id": "df3bbae3-6724-4807-952a-601c2fbda15c", "security_groups": ["d84acdf7-f27a-4ed6-8745-b60920e23f52"], "device_id": "3fce0c52-5078-4e64-8eaa-c29fce83a2c7", "name": "", "admin_state_up": true, "network_id": "170ded78-3abd-48a9-a772-324138bae244", "dns_name": "", "binding:vif_details": {"port_filter": true}, "binding:vnic_type": "normal", "binding:vif_type": "ovs", "tenant_id": "44c64e039b124a0e9b57018b57aa068d", "mac_address": "fa:16:3e:f8:48:e6"}]}
2015-12-15 20:41:48,896 24094 INFO     [tempest_lib.common.rest_client] Request (TestNetworkAdvancedServerOps:test_server_connectivity_pause_unpause): 201 POST http://10.0.2.15:9696/v2.0/floatingips 0.395s
2015-12-15 20:41:48,896 24094 DEBUG    [tempest_lib.common.rest_client] Request - Headers: {'Content-Type': 'application/json', 'Accept': 'application/json', 'X-Auth-Token': '&lt;omitted&gt;'}
        Body: {"floatingip": {"floating_network_id": "e37e4897-23ce-4e14-838c-6501578d6a25", "tenant_id": "44c64e039b124a0e9b57018b57aa068d", "fixed_ip_address": "10.100.0.3", "port_id": "df3bbae3-6724-4807-952a-601c2fbda15c"}}
    Response - Headers: {'status': '201', 'content-length': '367', 'connection': 'close', 'date': 'Tue, 15 Dec 2015 20:41:48 GMT', 'content-type': 'application/json; charset=UTF-8', 'x-openstack-request-id': 'req-77746a6a-bb2e-464d-981d-e0f54ad55961'}
        Body: {"floatingip": {"floating_network_id": "e37e4897-23ce-4e14-838c-6501578d6a25", "router_id": "4922b98d-8cf4-4794-8481-d80ebb487b92", "fixed_ip_address": "10.100.0.3", "floating_ip_address": "172.24.4.4", "tenant_id": "44c64e039b124a0e9b57018b57aa068d", "status": "DOWN", "port_id": "df3bbae3-6724-4807-952a-601c2fbda15c", "id": "a9b5164b-0af6-4d08-8daa-b4715784042b"}}
2015-12-15 20:41:49,078 24094 INFO     [tempest_lib.common.rest_client] Request (TestNetworkAdvancedServerOps:test_server_connectivity_pause_unpause): 200 GET http://10.0.2.15:8774/v2.1/44c64e039b124a0e9b57018b57aa068d/servers/3fce0c52-5078-4e64-8eaa-c29fce83a2c7 0.180s
2015-12-15 20:41:49,078 24094 DEBUG    [tempest_lib.common.rest_client] Request - Headers: {'Content-Type': 'application/json', 'Accept': 'application/json', 'X-Auth-Token': '&lt;omitted&gt;'}
        Body: None
    Response - Headers: {'status': '200', 'content-length': '1659', 'content-location': 'http://10.0.2.15:8774/v2.1/44c64e039b124a0e9b57018b57aa068d/servers/3fce0c52-5078-4e64-8eaa-c29fce83a2c7', 'x-compute-request-id': 'req-e86b233e-e877-4be2-9b32-386721c648f5', 'vary': 'X-OpenStack-Nova-API-Version', 'connection': 'close', 'x-openstack-nova-api-version': '2.1', 'date': 'Tue, 15 Dec 2015 20:41:49 GMT', 'content-type': 'application/json'}
        Body: {"server": {"status": "ACTIVE", "updated": "2015-12-15T20:41:47Z", "hostId": "16aab4943c69571384300ff86af442510e34c506868c77e59f43ddc4", "addresses": {"tempest-network-smoke--99995972": [{"OS-EXT-IPS-MAC:mac_addr": "fa:16:3e:f8:48:e6", "version": 4, "addr": "10.100.0.3", "OS-EXT-IPS:type": "fixed"}]}, "links": [{"href": "http://10.0.2.15:8774/v2.1/44c64e039b124a0e9b57018b57aa068d/servers/3fce0c52-5078-4e64-8eaa-c29fce83a2c7", "rel": "self"}, {"href": "http://10.0.2.15:8774/44c64e039b124a0e9b57018b57aa068d/servers/3fce0c52-5078-4e64-8eaa-c29fce83a2c7", "rel": "bookmark"}], "key_name": "tempest-TestNetworkAdvancedServerOps-185363424", "image": {"id": "bb373ce0-83ed-4d8b-b59f-c7b4511d1d7e", "links": [{"href": "http://10.0.2.15:8774/44c64e039b124a0e9b57018b57aa068d/images/bb373ce0-83ed-4d8b-b59f-c7b4511d1d7e", "rel": "bookmark"}]}, "OS-EXT-STS:task_state": null, "OS-EXT-STS:vm_state": "active", "OS-SRV-USG:launched_at": "2015-12-15T20:41:47.000000", "flavor": {"id": "42", "links": [{"href": "http://10.0.2.15:8774/44c64e039b124a0e9b57018b57aa068d/flavors/42", "rel": "bookmark"}]}, "id": "3fce0c52-5078-4e64-8eaa-c29fce83a2c7", "security_groups": [{"name": "tempest-secgroup-smoke-1074050921"}], "OS-SRV-USG:terminated_at": null, "OS-EXT-AZ:availability_zone": "nova", "user_id": "8824dbeec240479abf31894e531ebe90", "name": "tempest.common.compute-instance-331885008", "created": "2015-12-15T20:41:42Z", "tenant_id": "44c64e039b124a0e9b57018b57aa068d", "OS-DCF:diskConfig": "MANUAL", "os-extended-volumes:volumes_attached": [], "accessIPv4": "", "accessIPv6": "", "progress": 0, "OS-EXT-STS:power_state": 1, "config_drive": "True", "metadata": {}}}
2015-12-15 20:41:49,086 24094 INFO     [tempest.scenario.manager] Tenant networks not configured to be reachable.
2015-12-15 20:41:49,100 24094 INFO     [tempest_lib.common.rest_client] Request (TestNetworkAdvancedServerOps:test_server_connectivity_pause_unpause): 200 GET http://10.0.2.15:9696/v2.0/floatingips/a9b5164b-0af6-4d08-8daa-b4715784042b 0.013s
2015-12-15 20:41:49,100 24094 DEBUG    [tempest_lib.common.rest_client] Request - Headers: {'Content-Type': 'application/json', 'Accept': 'application/json', 'X-Auth-Token': '&lt;omitted&gt;'}
        Body: None
    Response - Headers: {'status': '200', 'content-length': '367', 'content-location': 'http://10.0.2.15:9696/v2.0/floatingips/a9b5164b-0af6-4d08-8daa-b4715784042b', 'connection': 'close', 'date': 'Tue, 15 Dec 2015 20:41:49 GMT', 'content-type': 'application/json; charset=UTF-8', 'x-openstack-request-id': 'req-6f3f8921-b5a8-43e4-9aea-7ded4f2c0081'}
        Body: {"floatingip": {"floating_network_id": "e37e4897-23ce-4e14-838c-6501578d6a25", "router_id": "4922b98d-8cf4-4794-8481-d80ebb487b92", "fixed_ip_address": "10.100.0.3", "floating_ip_address": "172.24.4.4", "tenant_id": "44c64e039b124a0e9b57018b57aa068d", "status": "DOWN", "port_id": "df3bbae3-6724-4807-952a-601c2fbda15c", "id": "a9b5164b-0af6-4d08-8daa-b4715784042b"}}
2015-12-15 20:41:50,113 24094 INFO     [tempest_lib.common.rest_client] Request (TestNetworkAdvancedServerOps:test_server_connectivity_pause_unpause): 200 GET http://10.0.2.15:9696/v2.0/floatingips/a9b5164b-0af6-4d08-8daa-b4715784042b 0.011s
2015-12-15 20:41:50,114 24094 DEBUG    [tempest_lib.common.rest_client] Request - Headers: {'Content-Type': 'application/json', 'Accept': 'application/json', 'X-Auth-Token': '&lt;omitted&gt;'}
        Body: None
    Response - Headers: {'status': '200', 'content-length': '369', 'content-location': 'http://10.0.2.15:9696/v2.0/floatingips/a9b5164b-0af6-4d08-8daa-b4715784042b', 'connection': 'close', 'date': 'Tue, 15 Dec 2015 20:41:50 GMT', 'content-type': 'application/json; charset=UTF-8', 'x-openstack-request-id': 'req-bc7f5335-1d80-4049-be90-66de59ce6963'}
        Body: {"floatingip": {"floating_network_id": "e37e4897-23ce-4e14-838c-6501578d6a25", "router_id": "4922b98d-8cf4-4794-8481-d80ebb487b92", "fixed_ip_address": "10.100.0.3", "floating_ip_address": "172.24.4.4", "tenant_id": "44c64e039b124a0e9b57018b57aa068d", "status": "ACTIVE", "port_id": "df3bbae3-6724-4807-952a-601c2fbda15c", "id": "a9b5164b-0af6-4d08-8daa-b4715784042b"}}
2015-12-15 20:41:50,114 24094 INFO     [tempest.scenario.manager] FloatingIP: &lt;"FloatingIP" addr="172.24.4.4" id="a9b5164b-0af6-4d08-8daa-b4715784042b"&gt; is at status: ACTIVE
2015-12-15 20:41:50,114 24094 DEBUG    [tempest.scenario.manager] checking network connections to IP 172.24.4.4 with user: cirros
2015-12-15 20:41:50,115 24094 DEBUG    [tempest.scenario.manager] TestNetworkAdvancedServerOps:test_server_connectivity_pause_unpause begins to ping 172.24.4.4 in 120 sec and the expected result is reachable
2015-12-15 20:43:51,424 24094 DEBUG    [tempest.scenario.manager] TestNetworkAdvancedServerOps:test_server_connectivity_pause_unpause finishes ping 172.24.4.4 in 120 sec and the ping result is unexpected
2015-12-15 20:43:51,426 24094 ERROR    [tempest.scenario.manager] Public network connectivity check failed
2015-12-15 20:43:51.426 24094 ERROR tempest.scenario.manager Traceback (most recent call last):
2015-12-15 20:43:51.426 24094 ERROR tempest.scenario.manager   File "tempest/scenario/manager.py", line 608, in check_public_network_connectivity
2015-12-15 20:43:51.426 24094 ERROR tempest.scenario.manager     should_connect=should_connect)
2015-12-15 20:43:51.426 24094 ERROR tempest.scenario.manager   File "tempest/scenario/manager.py", line 592, in check_vm_connectivity
2015-12-15 20:43:51.426 24094 ERROR tempest.scenario.manager     msg=msg)
2015-12-15 20:43:51.426 24094 ERROR tempest.scenario.manager   File "/usr/local/lib/python2.7/dist-packages/unittest2/case.py", line 702, in assertTrue
2015-12-15 20:43:51.426 24094 ERROR tempest.scenario.manager     raise self.failureException(msg)
2015-12-15 20:43:51.426 24094 ERROR tempest.scenario.manager AssertionError: False is not true : Timed out waiting for 172.24.4.4 to become reachable
2015-12-15 20:43:51.426 24094 ERROR tempest.scenario.manager 
2015-12-15 20:43:51,659 24094 INFO     [tempest_lib.common.rest_client] Request (TestNetworkAdvancedServerOps:test_server_connectivity_pause_unpause): 200 POST http://10.0.2.15:8774/v2.1/44c64e039b124a0e9b57018b57aa068d/servers/3fce0c52-5078-4e64-8eaa-c29fce83a2c7/action 0.231s
2015-12-15 20:43:51,660 24094 DEBUG    [tempest_lib.common.rest_client] Request - Headers: {'Content-Type': 'application/json', 'Accept': 'application/json', 'X-Auth-Token': '&lt;omitted&gt;'}
        Body: {"os-getConsoleOutput": {}}
    Response - Headers: {'status': '200', 'content-length': '17429', 'x-compute-request-id': 'req-c98057ba-6526-450f-a929-ed75bb88a1c2', 'vary': 'X-OpenStack-Nova-API-Version', 'connection': 'close', 'x-openstack-nova-api-version': '2.1', 'date': 'Tue, 15 Dec 2015 20:43:51 GMT', 'content-type': 'application/json'}
        Body: {"output": "[    0.000000] Initializing cgroup subsys cpuset\n[    0.000000] Initializing cgroup subsys cpu\n[    0.000000] Linux version 3.2.0-80-virtual (buildd@batsu) (gcc version 4.6.3 (Ubuntu/Linaro 4.6.3-1ubuntu5) ) #116-Ubuntu SMP Mon Mar 23 17:28:52 UTC 2015 (Ubuntu 3.2.0-80.116-virtual 3.2.68)\n[    0.000000] Command line: root=/dev/vda console=tty0 console=ttyS0 no_timer_check\n[    0.000000] KERNEL supported cpus:\n[    0.000000]   Intel GenuineIntel\n[    0.000000]   AMD AuthenticAMD\n[    0.000000]   Centaur CentaurHauls\n[    0.000000] BIOS-provided physical RAM map:\n[    0.000000]  BIOS-e820: 0000000000000000 - 000000000009fc00 (usable)\n[    0.000000]  BIOS-e820: 000000000009fc00 - 00000000000a0000 (reserved)\n[    0.000000]  BIOS-e820: 00000000000f0000 - 0000000000100000 (reserved)\n[    0.000000]  BIOS-e820: 0000000000100000 - 0000000003ffe000 (usable)\n[    0.000000]  BIOS-e820: 0000000003ffe000 - 0000000004000000 (reserved)\n[    0.000000]  BIOS-e820: 00000000fffc0000 - 0000000100000000 (reserved)\n[    0.000000] NX (Execute Disable) protection: active\n[    0.000000] SMBIOS 2.4 present.\n[    0.000000] No AGP bridge found\n[    0.000000] last_pfn = 0x3ffe max_arch_pfn = 0x400000000\n[    0.000000] x86 PAT enabled: cpu 0, old 0x7040600070406, new 0x7010600070106\n[    0.000000] found SMP MP-table at [ffff8800000f0b00] f0b00\n[    0.000000] init_memory_mapping: 0000000000000000-0000000003ffe000\n[    0.000000] RAMDISK: 03c5e000 - 03ff0000\n[    0.000000] ACPI: RSDP 00000000000f0950 00014 (v00 BOCHS )\n[    0.000000] ACPI: RSDT 0000000003fffbc1 00034 (v01 BOCHS  BXPCRSDT 00000001 BXPC 00000001)\n[    0.000000] ACPI: FACP 0000000003fff1c0 00074 (v01 BOCHS  BXPCFACP 00000001 BXPC 00000001)\n[    0.000000] ACPI: DSDT 0000000003ffe040 01180 (v01 BOCHS  BXPCDSDT 00000001 BXPC 00000001)\n[    0.000000] ACPI: FACS 0000000003ffe000 00040\n[    0.000000] ACPI: SSDT 0000000003fff234 008DD (v01 BOCHS  BXPCSSDT 00000001 BXPC 00000001)\n[    0.000000] ACPI: APIC 0000000003fffb11 00078 (v01 BOCHS  BXPCAPIC 00000001 BXPC 00000001)\n[    0.000000] ACPI: HPET 0000000003fffb89 00038 (v01 BOCHS  BXPCHPET 00000001 BXPC 00000001)\n[    0.000000] No NUMA configuration found\n[    0.000000] Faking a node at 0000000000000000-0000000003ffe000\n[    0.000000] Initmem setup node 0 0000000000000000-0000000003ffe000\n[    0.000000]   NODE_DATA [0000000003ff6000 - 0000000003ffafff]\n[    0.000000] Zone PFN ranges:\n[    0.000000]   DMA      0x00000010 -&gt; 0x00001000\n[    0.000000]   DMA32    0x00001000 -&gt; 0x00100000\n[    0.000000]   Normal   empty\n[    0.000000] Movable zone start PFN for each node\n[    0.000000] early_node_map[2] active PFN ranges\n[    0.000000]     0: 0x00000010 -&gt; 0x0000009f\n[    0.000000]     0: 0x00000100 -&gt; 0x00003ffe\n[    0.000000] ACPI: PM-Timer IO Port: 0xb008\n[    0.000000] ACPI: LAPIC (acpi_id[0x00] lapic_id[0x00] enabled)\n[    0.000000] ACPI: LAPIC_NMI (acpi_id[0xff] dfl dfl lint[0x1])\n[    0.000000] ACPI: IOAPIC (id[0x00] address[0xfec00000] gsi_base[0])\n[    0.000000] IOAPIC[0]: apic_id 0, version 17, address 0xfec00000, GSI 0-23\n[    0.000000] ACPI: INT_SRC_OVR (bus 0 bus_irq 0 global_irq 2 dfl dfl)\n[    0.000000] ACPI: INT_SRC_OVR (bus 0 bus_irq 5 global_irq 5 high level)\n[    0.000000] ACPI: INT_SRC_OVR (bus 0 bus_irq 9 global_irq 9 high level)\n[    0.000000] ACPI: INT_SRC_OVR (bus 0 bus_irq 10 global_irq 10 high level)\n[    0.000000] ACPI: INT_SRC_OVR (bus 0 bus_irq 11 global_irq 11 high level)\n[    0.000000] Using ACPI (MADT) for SMP configuration information\n[    0.000000] ACPI: HPET id: 0x8086a201 base: 0xfed00000\n[    0.000000] SMP: Allowing 1 CPUs, 0 hotplug CPUs\n[    0.000000] PM: Registered nosave memory: 000000000009f000 - 00000000000a0000\n[    0.000000] PM: Registered nosave memory: 00000000000a0000 - 00000000000f0000\n[    0.000000] PM: Registered nosave memory: 00000000000f0000 - 0000000000100000\n[    0.000000] Allocating PCI resources starting at 4000000 (gap: 4000000:fbfc0000)\n[    0.000000] Booting paravirtualized kernel on bare hardware\n[    0.000000] setup_pe
2015-12-15 20:43:51,664 24094 DEBUG    [tempest.scenario.manager] Console output for 3fce0c52-5078-4e64-8eaa-c29fce83a2c7
body=
[    0.000000] Initializing cgroup subsys cpuset
[    0.000000] Initializing cgroup subsys cpu
[    0.000000] Linux version 3.2.0-80-virtual (buildd@batsu) (gcc version 4.6.3 (Ubuntu/Linaro 4.6.3-1ubuntu5) ) #116-Ubuntu SMP Mon Mar 23 17:28:52 UTC 2015 (Ubuntu 3.2.0-80.116-virtual 3.2.68)
[    0.000000] Command line: root=/dev/vda console=tty0 console=ttyS0 no_timer_check
[    0.000000] KERNEL supported cpus:
[    0.000000]   Intel GenuineIntel
[    0.000000]   AMD AuthenticAMD
[    0.000000]   Centaur CentaurHauls
[    0.000000] BIOS-provided physical RAM map:
[    0.000000]  BIOS-e820: 0000000000000000 - 000000000009fc00 (usable)
[    0.000000]  BIOS-e820: 000000000009fc00 - 00000000000a0000 (reserved)
[    0.000000]  BIOS-e820: 00000000000f0000 - 0000000000100000 (reserved)
[    0.000000]  BIOS-e820: 0000000000100000 - 0000000003ffe000 (usable)
[    0.000000]  BIOS-e820: 0000000003ffe000 - 0000000004000000 (reserved)
[    0.000000]  BIOS-e820: 00000000fffc0000 - 0000000100000000 (reserved)
[    0.000000] NX (Execute Disable) protection: active
[    0.000000] SMBIOS 2.4 present.
[    0.000000] No AGP bridge found
[    0.000000] last_pfn = 0x3ffe max_arch_pfn = 0x400000000
[    0.000000] x86 PAT enabled: cpu 0, old 0x7040600070406, new 0x7010600070106
[    0.000000] found SMP MP-table at [ffff8800000f0b00] f0b00
[    0.000000] init_memory_mapping: 0000000000000000-0000000003ffe000
[    0.000000] RAMDISK: 03c5e000 - 03ff0000
[    0.000000] ACPI: RSDP 00000000000f0950 00014 (v00 BOCHS )
[    0.000000] ACPI: RSDT 0000000003fffbc1 00034 (v01 BOCHS  BXPCRSDT 00000001 BXPC 00000001)
[    0.000000] ACPI: FACP 0000000003fff1c0 00074 (v01 BOCHS  BXPCFACP 00000001 BXPC 00000001)
[    0.000000] ACPI: DSDT 0000000003ffe040 01180 (v01 BOCHS  BXPCDSDT 00000001 BXPC 00000001)
[    0.000000] ACPI: FACS 0000000003ffe000 00040
[    0.000000] ACPI: SSDT 0000000003fff234 008DD (v01 BOCHS  BXPCSSDT 00000001 BXPC 00000001)
[    0.000000] ACPI: APIC 0000000003fffb11 00078 (v01 BOCHS  BXPCAPIC 00000001 BXPC 00000001)
[    0.000000] ACPI: HPET 0000000003fffb89 00038 (v01 BOCHS  BXPCHPET 00000001 BXPC 00000001)
[    0.000000] No NUMA configuration found
[    0.000000] Faking a node at 0000000000000000-0000000003ffe000
[    0.000000] Initmem setup node 0 0000000000000000-0000000003ffe000
[    0.000000]   NODE_DATA [0000000003ff6000 - 0000000003ffafff]
[    0.000000] Zone PFN ranges:
[    0.000000]   DMA      0x00000010 -&gt; 0x00001000
[    0.000000]   DMA32    0x00001000 -&gt; 0x00100000
[    0.000000]   Normal   empty
[    0.000000] Movable zone start PFN for each node
[    0.000000] early_node_map[2] active PFN ranges
[    0.000000]     0: 0x00000010 -&gt; 0x0000009f
[    0.000000]     0: 0x00000100 -&gt; 0x00003ffe
[    0.000000] ACPI: PM-Timer IO Port: 0xb008
[    0.000000] ACPI: LAPIC (acpi_id[0x00] lapic_id[0x00] enabled)
[    0.000000] ACPI: LAPIC_NMI (acpi_id[0xff] dfl dfl lint[0x1])
[    0.000000] ACPI: IOAPIC (id[0x00] address[0xfec00000] gsi_base[0])
[    0.000000] IOAPIC[0]: apic_id 0, version 17, address 0xfec00000, GSI 0-23
[    0.000000] ACPI: INT_SRC_OVR (bus 0 bus_irq 0 global_irq 2 dfl dfl)
[    0.000000] ACPI: INT_SRC_OVR (bus 0 bus_irq 5 global_irq 5 high level)
[    0.000000] ACPI: INT_SRC_OVR (bus 0 bus_irq 9 global_irq 9 high level)
[    0.000000] ACPI: INT_SRC_OVR (bus 0 bus_irq 10 global_irq 10 high level)
[    0.000000] ACPI: INT_SRC_OVR (bus 0 bus_irq 11 global_irq 11 high level)
[    0.000000] Using ACPI (MADT) for SMP configuration information
[    0.000000] ACPI: HPET id: 0x8086a201 base: 0xfed00000
[    0.000000] SMP: Allowing 1 CPUs, 0 hotplug CPUs
[    0.000000] PM: Registered nosave memory: 000000000009f000 - 00000000000a0000
[    0.000000] PM: Registered nosave memory: 00000000000a0000 - 00000000000f0000
[    0.000000] PM: Registered nosave memory: 00000000000f0000 - 0000000000100000
[    0.000000] Allocating PCI resources starting at 4000000 (gap: 4000000:fbfc0000)
[    0.000000] Booting paravirtualized kernel on bare hardware
[    0.000000] setup_percpu: NR_CPUS:64 nr_cpumask_bits:64 nr_cpu_ids:1 nr_node_ids:1
[    0.000000] PERCPU: Embedded 27 pages/cpu @ffff880003a00000 s78848 r8192 d23552 u2097152
[    0.000000] Built 1 zonelists in Node order, mobility grouping on.  Total pages: 16008
[    0.000000] Policy zone: DMA32
[    0.000000] Kernel command line: root=/dev/vda console=tty0 console=ttyS0 no_timer_check
[    0.000000] PID hash table entries: 256 (order: -1, 2048 bytes)
[    0.000000] Checking aperture...
[    0.000000] No AGP bridge found
[    0.000000] Memory: 43492k/65528k available (6576k kernel code, 452k absent, 21584k reserved, 6620k data, 928k init)
[    0.000000] SLUB: Genslabs=15, HWalign=64, Order=0-3, MinObjects=0, CPUs=1, Nodes=1
[    0.000000] Hierarchical RCU implementation.
[    0.000000] 	RCU dyntick-idle grace-period acceleration is enabled.
[    0.000000] NR_IRQS:4352 nr_irqs:256 16
[    0.000000] Console: colour VGA+ 80x25
[    0.000000] console [tty0] enabled
[    0.000000] console [ttyS0] enabled
[    0.000000] allocated 1048576 bytes of page_cgroup
[    0.000000] please try 'cgroup_disable=memory' option if you don't want memory cgroups
[    0.000000] Fast TSC calibration failed
[    0.000000] TSC: Unable to calibrate against PIT
[    0.000000] TSC: using HPET reference calibration
[    0.000000] Detected 2293.554 MHz processor.
[    0.028888] Calibrating delay loop (skipped), value calculated using timer frequency.. 4587.10 BogoMIPS (lpj=9174216)
[    0.033001] pid_max: default: 32768 minimum: 301
[    0.041005] Security Framework initialized
[    0.046011] AppArmor: AppArmor initialized
[    0.046603] Yama: becoming mindful.
[    0.052821] Dentry cache hash table entries: 8192 (order: 4, 65536 bytes)
[    0.054391] Inode-cache hash table entries: 4096 (order: 3, 32768 bytes)
[    0.056348] Mount-cache hash table entries: 256
[    0.069482] Initializing cgroup subsys cpuacct
[    0.070379] Initializing cgroup subsys memory
[    0.071269] Initializing cgroup subsys devices
[    0.072158] Initializing cgroup subsys freezer
[    0.073081] Initializing cgroup subsys blkio
[    0.073825] Initializing cgroup subsys perf_event
[    0.078837] mce: CPU supports 10 MCE banks
[    0.082286] SMP alternatives: switching to UP code
[    0.440736] Freeing SMP alternatives: 24k freed
[    0.442694] ACPI: Core revision 20110623
[    0.492451] ftrace: allocating 26610 entries in 105 pages
[    0.520815] ..TIMER: vector=0x30 apic1=0 pin1=2 apic2=-1 pin2=-1
[    0.522195] CPU0: AMD QEMU Virtual CPU version 2.0.0 stepping 03
[    0.528032] Performance Events: Broken PMU hardware detected, using software events only.
[    0.541789] NMI watchdog disabled (cpu0): hardware events not enabled
[    0.544933] Brought up 1 CPUs
[    0.545980] Total of 1 processors activated (4587.10 BogoMIPS).
[    0.584685] devtmpfs: initialized
[    0.621126] EVM: security.selinux
[    0.621598] EVM: security.SMACK64
[    0.622070] EVM: security.capability
[    0.640587] print_constraints: dummy: 
[    0.642339] RTC time: 20:41:50, date: 12/15/15
[    0.645450] NET: Registered protocol family 16
[    0.652924] ACPI: bus type pci registered
[    0.656530] PCI: Using configuration type 1 for base access
[    0.684256] bio: create slab &lt;bio-0&gt; at 0
[    0.689492] ACPI: Added _OSI(Module Device)
[    0.690230] ACPI: Added _OSI(Processor Device)
[    0.692106] ACPI: Added _OSI(3.0 _SCP Extensions)
[    0.692814] ACPI: Added _OSI(Processor Aggregator Device)
[    0.774338] ACPI: Interpreter enabled
[    0.774927] ACPI: (supports S0 S3 S4 S5)
[    0.777274] ACPI: Using IOAPIC for interrupt routing
[    0.844766] ACPI: No dock devices found.
[    0.845377] HEST: Table not found.
[    0.845953] PCI: Using host bridge windows from ACPI; if necessary, use "pci=nocrs" and report a bug
[    0.853073] ACPI: PCI Root Bridge [PCI0] (domain 0000 [bus 00-ff])
[    0.861528] pci_root PNP0A03:00: host bridge window [io  0x0000-0x0cf7]
[    0.862350] pci_root PNP0A03:00: host bridge window [io  0x0d00-0xadff]
[    0.864112] pci_root PNP0A03:00: host bridge window [io  0xae0f-0xaeff]
[    0.864894] pci_root PNP0A03:00: host bridge window [io  0xaf20-0xafdf]
[    0.865708] pci_root PNP0A03:00: host bridge window [io  0xafe4-0xffff]
[    0.868139] pci_root PNP0A03:00: host bridge window [mem 0x000a0000-0x000bffff]
[    0.869092] pci_root PNP0A03:00: host bridge window [mem 0x04000000-0xfebfffff]
[    0.897377] pci 0000:00:01.3: quirk: [io  0xb000-0xb03f] claimed by PIIX4 ACPI
[    0.898428] pci 0000:00:01.3: quirk: [io  0xb100-0xb10f] claimed by PIIX4 SMB
[    0.965665]  pci0000:00: Unable to request _OSC control (_OSC support mask: 0x1e)
[    1.021822] ACPI: PCI Interrupt Link [LNKA] (IRQs 5 *10 11)
[    1.025277] ACPI: PCI Interrupt Link [LNKB] (IRQs 5 *10 11)
[    1.027423] ACPI: PCI Interrupt Link [LNKC] (IRQs 5 10 *11)
[    1.029347] ACPI: PCI Interrupt Link [LNKD] (IRQs 5 10 *11)
[    1.030517] ACPI: PCI Interrupt Link [LNKS] (IRQs *9)
[    1.039060] vgaarb: device added: PCI:0000:00:02.0,decodes=io+mem,owns=io+mem,locks=none
[    1.040196] vgaarb: loaded
[    1.040559] vgaarb: bridge control possible 0000:00:02.0
[    1.045943] i2c-core: driver [aat2870] using legacy suspend method
[    1.046604] i2c-core: driver [aat2870] using legacy resume method
[    1.049578] SCSI subsystem initialized
[    1.053111] usbcore: registered new interface driver usbfs
[    1.054193] usbcore: registered new interface driver hub
[    1.055391] usbcore: registered new device driver usb
[    1.060215] PCI: Using ACPI for IRQ routing
[    1.070361] NetLabel: Initializing
[    1.072143] NetLabel:  domain hash size = 128
[    1.072766] NetLabel:  protocols = UNLABELED CIPSOv4
[    1.074656] NetLabel:  unlabeled traffic allowed by default
[    1.077580] HPET: 3 timers in total, 0 timers will be used for per-cpu timer
[    1.078612] hpet0: at MMIO 0xfed00000, IRQs 2, 8, 0
[    1.080326] hpet0: 3 comparators, 64-bit 100.000000 MHz counter
[    1.096794] Switching to clocksource hpet
[    1.351755] AppArmor: AppArmor Filesystem Enabled
[    1.354225] pnp: PnP ACPI init
[    1.355070] ACPI: bus type pnp registered
[    1.379580] pnp: PnP ACPI: found 9 devices
[    1.380095] ACPI: ACPI bus type pnp unregistered
[    1.442538] NET: Registered protocol family 2
[    1.477869] IP route cache hash table entries: 512 (order: 0, 4096 bytes)
[    1.486311] TCP established hash table entries: 2048 (order: 3, 32768 bytes)
[    1.488066] TCP bind hash table entries: 2048 (order: 3, 32768 bytes)
[    1.489663] TCP: Hash tables configured (established 2048 bind 2048)
[    1.490491] TCP reno registered
[    1.491067] UDP hash table entries: 128 (order: 0, 4096 bytes)
[    1.492450] UDP-Lite hash table entries: 128 (order: 0, 4096 bytes)
[    1.494938] NET: Registered protocol family 1
[    1.497787] pci 0000:00:00.0: Limiting direct PCI/PCI transfers
[    1.498376] pci 0000:00:01.0: PIIX3: Enabling Passive Release
[    1.499370] pci 0000:00:01.0: Activating ISA DMA hang workarounds
[    1.505072] ACPI: PCI Interrupt Link [LNKD] enabled at IRQ 11
[    1.506044] pci 0000:00:01.2: PCI INT D -&gt; Link[LNKD] -&gt; GSI 11 (level, high) -&gt; IRQ 11
[    1.508993] pci 0000:00:01.2: PCI INT D disabled
[    1.526357] Trying to unpack rootfs image as initramfs...
[    1.543032] audit: initializing netlink socket (disabled)
[    1.545544] type=2000 audit(1450212110.540:1): initialized
[    1.814546] HugeTLB registered 2 MB page size, pre-allocated 0 pages
[    1.915080] VFS: Disk quotas dquot_6.5.2
[    1.917458] Dquot-cache hash table entries: 512 (order 0, 4096 bytes)
[    1.943121] fuse init (API version 7.17)
[    1.946323] msgmni has been set to 84
[    1.986768] Block layer SCSI generic (bsg) driver version 0.4 loaded (major 253)
[    1.989230] io scheduler noop registered
[    1.989738] io scheduler deadline registered (default)
[    1.990867] io scheduler cfq registered
[    1.994863] pci_hotplug: PCI Hot Plug PCI Core version: 0.5
[    1.997347] pciehp: PCI Express Hot Plug Controller Driver version: 0.4
[    2.002832] input: Power Button as /devices/LNXSYSTM:00/LNXPWRBN:00/input/input0
[    2.005294] ACPI: Power Button [PWRF]
[    2.057721] ERST: Table is not found!
[    2.058241] GHES: HEST is not enabled!
[    2.061326] ACPI: PCI Interrupt Link [LNKC] enabled at IRQ 10
[    2.062041] virtio-pci 0000:00:03.0: PCI INT A -&gt; Link[LNKC] -&gt; GSI 10 (level, high) -&gt; IRQ 10
[    2.065236] virtio-pci 0000:00:04.0: PCI INT A -&gt; Link[LNKD] -&gt; GSI 11 (level, high) -&gt; IRQ 11
[    2.074433] ACPI: PCI Interrupt Link [LNKA] enabled at IRQ 10
[    2.075338] virtio-pci 0000:00:05.0: PCI INT A -&gt; Link[LNKA] -&gt; GSI 10 (level, high) -&gt; IRQ 10
[    2.086936] Serial: 8250/16550 driver, 32 ports, IRQ sharing enabled
[    2.127588] serial8250: ttyS0 at I/O 0x3f8 (irq = 4) is a 16550A
[    2.209031] serial8250: ttyS1 at I/O 0x2f8 (irq = 3) is a 16550A
[    2.349783] 00:05: ttyS0 at I/O 0x3f8 (irq = 4) is a 16550A
[    2.437358] 00:06: ttyS1 at I/O 0x2f8 (irq = 3) is a 16550A
[    2.479797] Linux agpgart interface v0.103
[    2.517192] Refined TSC clocksource calibration: 2293.609 MHz.
[    2.518025] Switching to clocksource tsc
[    2.550259] brd: module loaded
[    2.583736] loop: module loaded
[    2.638522]  vda: unknown partition table
[    2.693349] scsi0 : ata_piix
[    2.695813] scsi1 : ata_piix
[    2.697762] ata1: PATA max MWDMA2 cmd 0x1f0 ctl 0x3f6 bmdma 0xc0a0 irq 14
[    2.698532] ata2: PATA max MWDMA2 cmd 0x170 ctl 0x376 bmdma 0xc0a8 irq 15
[    2.708925] Fixed MDIO Bus: probed
[    2.709716] tun: Universal TUN/TAP device driver, 1.6
[    2.710261] tun: (C) 1999-2004 Max Krasnyansky &lt;maxk@qualcomm.com&gt;
[    2.727940] PPP generic driver version 2.4.2
[    2.750884] ehci_hcd: USB 2.0 'Enhanced' Host Controller (EHCI) Driver
[    2.752046] ohci_hcd: USB 1.1 'Open' Host Controller (OHCI) Driver
[    2.753530] uhci_hcd: USB Universal Host Controller Interface driver
[    2.754463] uhci_hcd 0000:00:01.2: PCI INT D -&gt; Link[LNKD] -&gt; GSI 11 (level, high) -&gt; IRQ 11
[    2.758186] uhci_hcd 0000:00:01.2: UHCI Host Controller
[    2.767478] uhci_hcd 0000:00:01.2: new USB bus registered, assigned bus number 1
[    2.770078] uhci_hcd 0000:00:01.2: irq 11, io base 0x0000c040
[    2.805501] hub 1-0:1.0: USB hub found
[    2.808605] hub 1-0:1.0: 2 ports detected
[    2.818918] usbcore: registered new interface driver libusual
[    2.822077] i8042: PNP: PS/2 Controller [PNP0303:KBD,PNP0f13:MOU] at 0x60,0x64 irq 1,12
[    2.829787] serio: i8042 KBD port at 0x60,0x64 irq 1
[    2.830731] serio: i8042 AUX port at 0x60,0x64 irq 12
[    2.852783] mousedev: PS/2 mouse device common for all mice
[    2.863535] input: AT Translated Set 2 keyboard as /devices/platform/i8042/serio0/input/input1
[    2.873915] rtc_cmos 00:01: RTC can wake from S4
[    2.879811] rtc_cmos 00:01: rtc core: registered rtc_cmos as rtc0
[    2.883737] rtc0: alarms up to one day, 114 bytes nvram, hpet irqs
[    2.888631] device-mapper: uevent: version 1.0.3
[    2.920997] ata2.01: ATAPI: QEMU DVD-ROM, 2.0.0, max UDMA/100
[    2.929193] ata2.01: configured for MWDMA2
[    2.955141] device-mapper: ioctl: 4.22.0-ioctl (2011-10-19) initialised: dm-devel@redhat.com
[    2.958113] cpuidle: using governor ladder
[    2.960563] cpuidle: using governor menu
[    2.961128] EFI Variables Facility v0.08 2004-May-17
[    2.971418] TCP cubic registered
[    2.975537] NET: Registered protocol family 10
[    3.006897] NET: Registered protocol family 17
[    3.007998] Registering the dns_resolver key type
[    3.025570] scsi 1:0:1:0: CD-ROM            QEMU     QEMU DVD-ROM     2.0. PQ: 0 ANSI: 5
[    3.044798] sr0: scsi3-mmc drive: 4x/4x cd/rw xa/form2 tray
[    3.046351] cdrom: Uniform CD-ROM driver Revision: 3.20
[    3.062710] sr 1:0:1:0: Attached scsi generic sg0 type 5
[    3.125674] registered taskstats version 1
[    3.164053] Freeing initrd memory: 3656k freed
[    3.688943]   Magic number: 11:419:700
[    3.698473] rtc_cmos 00:01: setting system clock to 2015-12-15 20:41:53 UTC (1450212113)
[    3.700028] powernow-k8: Processor cpuid 663 not supported
[    3.708366] BIOS EDD facility v0.16 2004-Jun-25, 0 devices found
[    3.710260] EDD information not available.
[    3.764009] Freeing unused kernel memory: 928k freed
[    3.769403] Write protecting the kernel read-only data: 12288k
[    3.896874] Freeing unused kernel memory: 1596k freed
[    3.954707] Freeing unused kernel memory: 1184k freed

info: initramfs: up at 4.12
modprobe: module virtio_blk not found in modules.dep
modprobe: module virtio_net not found in modules.dep
info: copying initramfs to /dev/vda
info: initramfs loading root from /dev/vda
info: /etc/init.d/rc.sysinit: up at 8.80
info: container: none
Starting logging: OK
modprobe: module virtio_blk not found in modules.dep
modprobe: module virtio_net not found in modules.dep
WARN: /etc/rc3.d/S10-load-modules failed
Initializing random number generator... done.
Starting acpid: OK
cirros-ds 'local' up at 11.28
found datasource (configdrive, local)
Starting network...
udhcpc (v1.20.1) started
Sending discover...
Sending discover...

2015-12-15 20:43:51,866 24094 INFO     [tempest_lib.common.rest_client] Request (TestNetworkAdvancedServerOps:_run_cleanups): 204 DELETE http://10.0.2.15:9696/v2.0/floatingips/a9b5164b-0af6-4d08-8daa-b4715784042b 0.197s
2015-12-15 20:43:51,866 24094 DEBUG    [tempest_lib.common.rest_client] Request - Headers: {'Content-Type': 'application/json', 'Accept': 'application/json', 'X-Auth-Token': '&lt;omitted&gt;'}
        Body: None
    Response - Headers: {'date': 'Tue, 15 Dec 2015 20:43:51 GMT', 'status': '204', 'connection': 'close', 'content-length': '0', 'x-openstack-request-id': 'req-3e70f6ba-51d5-487e-8873-0c8a4d2ec51d'}
        Body: 
2015-12-15 20:43:52,219 24094 INFO     [tempest_lib.common.rest_client] Request (TestNetworkAdvancedServerOps:_run_cleanups): 204 DELETE http://10.0.2.15:8774/v2.1/44c64e039b124a0e9b57018b57aa068d/servers/3fce0c52-5078-4e64-8eaa-c29fce83a2c7 0.352s
2015-12-15 20:43:52,219 24094 DEBUG    [tempest_lib.common.rest_client] Request - Headers: {'Content-Type': 'application/json', 'Accept': 'application/json', 'X-Auth-Token': '&lt;omitted&gt;'}
        Body: None
    Response - Headers: {'status': '204', 'content-length': '0', 'x-compute-request-id': 'req-efaca738-e20f-4bd7-b421-29d6b5a65a76', 'vary': 'X-OpenStack-Nova-API-Version', 'connection': 'close', 'x-openstack-nova-api-version': '2.1', 'date': 'Tue, 15 Dec 2015 20:43:52 GMT', 'content-type': 'application/json'}
        Body: 
2015-12-15 20:43:52,443 24094 INFO     [tempest_lib.common.rest_client] Request (TestNetworkAdvancedServerOps:_run_cleanups): 200 GET http://10.0.2.15:8774/v2.1/44c64e039b124a0e9b57018b57aa068d/servers/3fce0c52-5078-4e64-8eaa-c29fce83a2c7 0.222s
2015-12-15 20:43:52,443 24094 DEBUG    [tempest_lib.common.rest_client] Request - Headers: {'Content-Type': 'application/json', 'Accept': 'application/json', 'X-Auth-Token': '&lt;omitted&gt;'}
        Body: None
    Response - Headers: {'status': '200', 'content-length': '1782', 'content-location': 'http://10.0.2.15:8774/v2.1/44c64e039b124a0e9b57018b57aa068d/servers/3fce0c52-5078-4e64-8eaa-c29fce83a2c7', 'x-compute-request-id': 'req-b959521f-d167-4885-9132-abf1617db678', 'vary': 'X-OpenStack-Nova-API-Version', 'connection': 'close', 'x-openstack-nova-api-version': '2.1', 'date': 'Tue, 15 Dec 2015 20:43:52 GMT', 'content-type': 'application/json'}
        Body: {"server": {"status": "ACTIVE", "updated": "2015-12-15T20:43:52Z", "hostId": "16aab4943c69571384300ff86af442510e34c506868c77e59f43ddc4", "addresses": {"tempest-network-smoke--99995972": [{"OS-EXT-IPS-MAC:mac_addr": "fa:16:3e:f8:48:e6", "version": 4, "addr": "10.100.0.3", "OS-EXT-IPS:type": "fixed"}, {"OS-EXT-IPS-MAC:mac_addr": "fa:16:3e:f8:48:e6", "version": 4, "addr": "172.24.4.4", "OS-EXT-IPS:type": "floating"}]}, "links": [{"href": "http://10.0.2.15:8774/v2.1/44c64e039b124a0e9b57018b57aa068d/servers/3fce0c52-5078-4e64-8eaa-c29fce83a2c7", "rel": "self"}, {"href": "http://10.0.2.15:8774/44c64e039b124a0e9b57018b57aa068d/servers/3fce0c52-5078-4e64-8eaa-c29fce83a2c7", "rel": "bookmark"}], "key_name": "tempest-TestNetworkAdvancedServerOps-185363424", "image": {"id": "bb373ce0-83ed-4d8b-b59f-c7b4511d1d7e", "links": [{"href": "http://10.0.2.15:8774/44c64e039b124a0e9b57018b57aa068d/images/bb373ce0-83ed-4d8b-b59f-c7b4511d1d7e", "rel": "bookmark"}]}, "OS-EXT-STS:task_state": "deleting", "OS-EXT-STS:vm_state": "active", "OS-SRV-USG:launched_at": "2015-12-15T20:41:47.000000", "flavor": {"id": "42", "links": [{"href": "http://10.0.2.15:8774/44c64e039b124a0e9b57018b57aa068d/flavors/42", "rel": "bookmark"}]}, "id": "3fce0c52-5078-4e64-8eaa-c29fce83a2c7", "security_groups": [{"name": "tempest-secgroup-smoke-1074050921"}], "OS-SRV-USG:terminated_at": null, "OS-EXT-AZ:availability_zone": "nova", "user_id": "8824dbeec240479abf31894e531ebe90", "name": "tempest.common.compute-instance-331885008", "created": "2015-12-15T20:41:42Z", "tenant_id": "44c64e039b124a0e9b57018b57aa068d", "OS-DCF:diskConfig": "MANUAL", "os-extended-volumes:volumes_attached": [], "accessIPv4": "", "accessIPv6": "", "progress": 0, "OS-EXT-STS:power_state": 1, "config_drive": "True", "metadata": {}}}
2015-12-15 20:43:53,626 24094 INFO     [tempest_lib.common.rest_client] Request (TestNetworkAdvancedServerOps:_run_cleanups): 200 GET http://10.0.2.15:8774/v2.1/44c64e039b124a0e9b57018b57aa068d/servers/3fce0c52-5078-4e64-8eaa-c29fce83a2c7 0.173s
2015-12-15 20:43:53,627 24094 DEBUG    [tempest_lib.common.rest_client] Request - Headers: {'Content-Type': 'application/json', 'Accept': 'application/json', 'X-Auth-Token': '&lt;omitted&gt;'}
        Body: None
    Response - Headers: {'status': '200', 'content-length': '1448', 'content-location': 'http://10.0.2.15:8774/v2.1/44c64e039b124a0e9b57018b57aa068d/servers/3fce0c52-5078-4e64-8eaa-c29fce83a2c7', 'x-compute-request-id': 'req-8025cc58-ccb2-496d-a3c1-1f3ec9f79cb1', 'vary': 'X-OpenStack-Nova-API-Version', 'connection': 'close', 'x-openstack-nova-api-version': '2.1', 'date': 'Tue, 15 Dec 2015 20:43:53 GMT', 'content-type': 'application/json'}
        Body: {"server": {"status": "ACTIVE", "updated": "2015-12-15T20:43:52Z", "hostId": "16aab4943c69571384300ff86af442510e34c506868c77e59f43ddc4", "addresses": {}, "links": [{"href": "http://10.0.2.15:8774/v2.1/44c64e039b124a0e9b57018b57aa068d/servers/3fce0c52-5078-4e64-8eaa-c29fce83a2c7", "rel": "self"}, {"href": "http://10.0.2.15:8774/44c64e039b124a0e9b57018b57aa068d/servers/3fce0c52-5078-4e64-8eaa-c29fce83a2c7", "rel": "bookmark"}], "key_name": "tempest-TestNetworkAdvancedServerOps-185363424", "image": {"id": "bb373ce0-83ed-4d8b-b59f-c7b4511d1d7e", "links": [{"href": "http://10.0.2.15:8774/44c64e039b124a0e9b57018b57aa068d/images/bb373ce0-83ed-4d8b-b59f-c7b4511d1d7e", "rel": "bookmark"}]}, "OS-EXT-STS:task_state": "deleting", "OS-EXT-STS:vm_state": "active", "OS-SRV-USG:launched_at": "2015-12-15T20:41:47.000000", "flavor": {"id": "42", "links": [{"href": "http://10.0.2.15:8774/44c64e039b124a0e9b57018b57aa068d/flavors/42", "rel": "bookmark"}]}, "id": "3fce0c52-5078-4e64-8eaa-c29fce83a2c7", "OS-SRV-USG:terminated_at": null, "OS-EXT-AZ:availability_zone": "nova", "user_id": "8824dbeec240479abf31894e531ebe90", "name": "tempest.common.compute-instance-331885008", "created": "2015-12-15T20:41:42Z", "tenant_id": "44c64e039b124a0e9b57018b57aa068d", "OS-DCF:diskConfig": "MANUAL", "os-extended-volumes:volumes_attached": [], "accessIPv4": "", "accessIPv6": "", "progress": 0, "OS-EXT-STS:power_state": 1, "config_drive": "True", "metadata": {}}}
2015-12-15 20:43:54,722 24094 INFO     [tempest_lib.common.rest_client] Request (TestNetworkAdvancedServerOps:_run_cleanups): 404 GET http://10.0.2.15:8774/v2.1/44c64e039b124a0e9b57018b57aa068d/servers/3fce0c52-5078-4e64-8eaa-c29fce83a2c7 0.083s
2015-12-15 20:43:54,723 24094 DEBUG    [tempest_lib.common.rest_client] Request - Headers: {'Content-Type': 'application/json', 'Accept': 'application/json', 'X-Auth-Token': '&lt;omitted&gt;'}
        Body: None
    Response - Headers: {'status': '404', 'content-length': '111', 'x-compute-request-id': 'req-63959d81-6b7b-4452-b534-600d76fc4140', 'vary': 'X-OpenStack-Nova-API-Version', 'connection': 'close', 'x-openstack-nova-api-version': '2.1', 'date': 'Tue, 15 Dec 2015 20:43:54 GMT', 'content-type': 'application/json; charset=UTF-8'}
        Body: {"itemNotFound": {"message": "Instance 3fce0c52-5078-4e64-8eaa-c29fce83a2c7 could not be found.", "code": 404}}
2015-12-15 20:43:55,172 24094 INFO     [tempest_lib.common.rest_client] Request (TestNetworkAdvancedServerOps:_run_cleanups): 200 PUT http://10.0.2.15:9696/v2.0/routers/4922b98d-8cf4-4794-8481-d80ebb487b92/remove_router_interface 0.447s
2015-12-15 20:43:55,172 24094 DEBUG    [tempest_lib.common.rest_client] Request - Headers: {'Content-Type': 'application/json', 'Accept': 'application/json', 'X-Auth-Token': '&lt;omitted&gt;'}
        Body: {"subnet_id": "ec9266ab-2a25-45dc-8ecb-e88b94e2dffb"}
    Response - Headers: {'status': '200', 'content-length': '255', 'connection': 'close', 'date': 'Tue, 15 Dec 2015 20:43:55 GMT', 'content-type': 'application/json; charset=UTF-8', 'x-openstack-request-id': 'req-56ecce45-37cf-4e41-894c-f9c061357167'}
        Body: {"subnet_id": "ec9266ab-2a25-45dc-8ecb-e88b94e2dffb", "tenant_id": "44c64e039b124a0e9b57018b57aa068d", "subnet_ids": ["ec9266ab-2a25-45dc-8ecb-e88b94e2dffb"], "port_id": "2aa0b92a-ef78-4037-8dfa-87ba511c6593", "id": "4922b98d-8cf4-4794-8481-d80ebb487b92"}
2015-12-15 20:43:55,567 24094 INFO     [tempest_lib.common.rest_client] Request (TestNetworkAdvancedServerOps:_run_cleanups): 204 DELETE http://10.0.2.15:9696/v2.0/subnets/ec9266ab-2a25-45dc-8ecb-e88b94e2dffb 0.394s
2015-12-15 20:43:55,568 24094 DEBUG    [tempest_lib.common.rest_client] Request - Headers: {'Content-Type': 'application/json', 'Accept': 'application/json', 'X-Auth-Token': '&lt;omitted&gt;'}
        Body: None
    Response - Headers: {'date': 'Tue, 15 Dec 2015 20:43:55 GMT', 'status': '204', 'connection': 'close', 'content-length': '0', 'x-openstack-request-id': 'req-ae07bf69-16c3-4115-8061-49ae5b25885a'}
        Body: 
2015-12-15 20:43:55,617 24094 INFO     [tempest_lib.common.rest_client] Request (TestNetworkAdvancedServerOps:_run_cleanups): 200 GET http://10.0.2.15:9696/v2.0/routers/4922b98d-8cf4-4794-8481-d80ebb487b92 0.048s
2015-12-15 20:43:55,617 24094 DEBUG    [tempest_lib.common.rest_client] Request - Headers: {'Content-Type': 'application/json', 'Accept': 'application/json', 'X-Auth-Token': '&lt;omitted&gt;'}
        Body: None
    Response - Headers: {'status': '200', 'content-length': '501', 'content-location': 'http://10.0.2.15:9696/v2.0/routers/4922b98d-8cf4-4794-8481-d80ebb487b92', 'connection': 'close', 'date': 'Tue, 15 Dec 2015 20:43:55 GMT', 'content-type': 'application/json; charset=UTF-8', 'x-openstack-request-id': 'req-26e9fb77-d0e3-4ead-9b08-50acb9cbd8f8'}
        Body: {"router": {"status": "ACTIVE", "external_gateway_info": {"network_id": "e37e4897-23ce-4e14-838c-6501578d6a25", "enable_snat": true, "external_fixed_ips": [{"subnet_id": "9a40668a-1ef5-4f39-994e-4a04a24bcc19", "ip_address": "172.24.4.3"}, {"subnet_id": "30cf8ab9-f96b-49a6-be6c-ec96031ad6a1", "ip_address": "2001:db8::3"}]}, "name": "tempest-router-smoke-1961790793", "admin_state_up": true, "tenant_id": "44c64e039b124a0e9b57018b57aa068d", "routes": [], "id": "4922b98d-8cf4-4794-8481-d80ebb487b92"}}
2015-12-15 20:43:56,090 24094 INFO     [tempest_lib.common.rest_client] Request (TestNetworkAdvancedServerOps:_run_cleanups): 200 PUT http://10.0.2.15:9696/v2.0/routers/4922b98d-8cf4-4794-8481-d80ebb487b92 0.472s
2015-12-15 20:43:56,090 24094 DEBUG    [tempest_lib.common.rest_client] Request - Headers: {'Content-Type': 'application/json', 'Accept': 'application/json', 'X-Auth-Token': '&lt;omitted&gt;'}
        Body: {"router": {"external_gateway_info": {}, "name": "tempest-router-smoke-1961790793", "admin_state_up": true}}
    Response - Headers: {'status': '200', 'content-length': '239', 'connection': 'close', 'date': 'Tue, 15 Dec 2015 20:43:56 GMT', 'content-type': 'application/json; charset=UTF-8', 'x-openstack-request-id': 'req-4f5e43c4-1678-46d8-8f46-3b9590e86987'}
        Body: {"router": {"status": "ACTIVE", "external_gateway_info": null, "name": "tempest-router-smoke-1961790793", "admin_state_up": true, "tenant_id": "44c64e039b124a0e9b57018b57aa068d", "routes": [], "id": "4922b98d-8cf4-4794-8481-d80ebb487b92"}}
2015-12-15 20:43:56,288 24094 INFO     [tempest_lib.common.rest_client] Request (TestNetworkAdvancedServerOps:_run_cleanups): 204 DELETE http://10.0.2.15:9696/v2.0/routers/4922b98d-8cf4-4794-8481-d80ebb487b92 0.196s
2015-12-15 20:43:56,288 24094 DEBUG    [tempest_lib.common.rest_client] Request - Headers: {'Content-Type': 'application/json', 'Accept': 'application/json', 'X-Auth-Token': '&lt;omitted&gt;'}
        Body: None
    Response - Headers: {'date': 'Tue, 15 Dec 2015 20:43:56 GMT', 'status': '204', 'connection': 'close', 'content-length': '0', 'x-openstack-request-id': 'req-5ed55750-1573-4d63-8ce6-4e90ab6a014e'}
        Body: 
2015-12-15 20:43:56,447 24094 INFO     [tempest_lib.common.rest_client] Request (TestNetworkAdvancedServerOps:_run_cleanups): 204 DELETE http://10.0.2.15:9696/v2.0/networks/170ded78-3abd-48a9-a772-324138bae244 0.158s
2015-12-15 20:43:56,447 24094 DEBUG    [tempest_lib.common.rest_client] Request - Headers: {'Content-Type': 'application/json', 'Accept': 'application/json', 'X-Auth-Token': '&lt;omitted&gt;'}
        Body: None
    Response - Headers: {'date': 'Tue, 15 Dec 2015 20:43:56 GMT', 'status': '204', 'connection': 'close', 'content-length': '0', 'x-openstack-request-id': 'req-26368fb8-1b2b-41b0-8075-716d0b43fd7e'}
        Body: 
2015-12-15 20:43:56,493 24094 INFO     [tempest_lib.common.rest_client] Request (TestNetworkAdvancedServerOps:_run_cleanups): 204 DELETE http://10.0.2.15:9696/v2.0/security-group-rules/2d768598-a282-4321-b056-95feadaa6ced 0.045s
2015-12-15 20:43:56,494 24094 DEBUG    [tempest_lib.common.rest_client] Request - Headers: {'Content-Type': 'application/json', 'Accept': 'application/json', 'X-Auth-Token': '&lt;omitted&gt;'}
        Body: None
    Response - Headers: {'date': 'Tue, 15 Dec 2015 20:43:56 GMT', 'status': '204', 'connection': 'close', 'content-length': '0', 'x-openstack-request-id': 'req-efaf3ce7-5a59-46d6-84c1-918da56ceaad'}
        Body: 
2015-12-15 20:43:56,544 24094 INFO     [tempest_lib.common.rest_client] Request (TestNetworkAdvancedServerOps:_run_cleanups): 204 DELETE http://10.0.2.15:9696/v2.0/security-group-rules/6c2397f9-2131-4109-b013-96742ce287b1 0.050s
2015-12-15 20:43:56,545 24094 DEBUG    [tempest_lib.common.rest_client] Request - Headers: {'Content-Type': 'application/json', 'Accept': 'application/json', 'X-Auth-Token': '&lt;omitted&gt;'}
        Body: None
    Response - Headers: {'date': 'Tue, 15 Dec 2015 20:43:56 GMT', 'status': '204', 'connection': 'close', 'content-length': '0', 'x-openstack-request-id': 'req-140de221-cce3-44e6-b461-7a7421708ac2'}
        Body: 
2015-12-15 20:43:56,605 24094 INFO     [tempest_lib.common.rest_client] Request (TestNetworkAdvancedServerOps:_run_cleanups): 204 DELETE http://10.0.2.15:9696/v2.0/security-group-rules/4a4ba256-a8b1-44fa-ba3e-011024ac2ff5 0.059s
2015-12-15 20:43:56,606 24094 DEBUG    [tempest_lib.common.rest_client] Request - Headers: {'Content-Type': 'application/json', 'Accept': 'application/json', 'X-Auth-Token': '&lt;omitted&gt;'}
        Body: None
    Response - Headers: {'date': 'Tue, 15 Dec 2015 20:43:56 GMT', 'status': '204', 'connection': 'close', 'content-length': '0', 'x-openstack-request-id': 'req-6648cbe4-c2b9-46a1-a4f4-ab4551cc90e9'}
        Body: 
2015-12-15 20:43:56,664 24094 INFO     [tempest_lib.common.rest_client] Request (TestNetworkAdvancedServerOps:_run_cleanups): 204 DELETE http://10.0.2.15:9696/v2.0/security-group-rules/0117364b-9a75-444f-9c41-22bcdad531d2 0.057s
2015-12-15 20:43:56,665 24094 DEBUG    [tempest_lib.common.rest_client] Request - Headers: {'Content-Type': 'application/json', 'Accept': 'application/json', 'X-Auth-Token': '&lt;omitted&gt;'}
        Body: None
    Response - Headers: {'date': 'Tue, 15 Dec 2015 20:43:56 GMT', 'status': '204', 'connection': 'close', 'content-length': '0', 'x-openstack-request-id': 'req-16804c95-666b-45c9-8977-49241957fc79'}
        Body: 
2015-12-15 20:43:56,719 24094 INFO     [tempest_lib.common.rest_client] Request (TestNetworkAdvancedServerOps:_run_cleanups): 204 DELETE http://10.0.2.15:9696/v2.0/security-group-rules/d1476021-6ca4-4769-b1cc-d6a603b6f601 0.053s
2015-12-15 20:43:56,720 24094 DEBUG    [tempest_lib.common.rest_client] Request - Headers: {'Content-Type': 'application/json', 'Accept': 'application/json', 'X-Auth-Token': '&lt;omitted&gt;'}
        Body: None
    Response - Headers: {'date': 'Tue, 15 Dec 2015 20:43:56 GMT', 'status': '204', 'connection': 'close', 'content-length': '0', 'x-openstack-request-id': 'req-3f8170f4-73cc-40fb-9e77-43e9b03beecc'}
        Body: 
2015-12-15 20:43:56,780 24094 INFO     [tempest_lib.common.rest_client] Request (TestNetworkAdvancedServerOps:_run_cleanups): 204 DELETE http://10.0.2.15:9696/v2.0/security-group-rules/e8f695cc-59be-4106-8987-ec03cb97b024 0.059s
2015-12-15 20:43:56,781 24094 DEBUG    [tempest_lib.common.rest_client] Request - Headers: {'Content-Type': 'application/json', 'Accept': 'application/json', 'X-Auth-Token': '&lt;omitted&gt;'}
        Body: None
    Response - Headers: {'date': 'Tue, 15 Dec 2015 20:43:56 GMT', 'status': '204', 'connection': 'close', 'content-length': '0', 'x-openstack-request-id': 'req-e09e7a48-2c34-458d-9db0-fa958a821079'}
        Body: 
2015-12-15 20:43:56,864 24094 INFO     [tempest_lib.common.rest_client] Request (TestNetworkAdvancedServerOps:_run_cleanups): 204 DELETE http://10.0.2.15:9696/v2.0/security-groups/d84acdf7-f27a-4ed6-8745-b60920e23f52 0.082s
2015-12-15 20:43:56,865 24094 DEBUG    [tempest_lib.common.rest_client] Request - Headers: {'Content-Type': 'application/json', 'Accept': 'application/json', 'X-Auth-Token': '&lt;omitted&gt;'}
        Body: None
    Response - Headers: {'date': 'Tue, 15 Dec 2015 20:43:56 GMT', 'status': '204', 'connection': 'close', 'content-length': '0', 'x-openstack-request-id': 'req-db69c637-788b-4a94-b488-bbf3c2968d80'}
        Body: 
2015-12-15 20:43:56,891 24094 INFO     [tempest_lib.common.rest_client] Request (TestNetworkAdvancedServerOps:_run_cleanups): 202 DELETE http://10.0.2.15:8774/v2.1/44c64e039b124a0e9b57018b57aa068d/os-keypairs/tempest-TestNetworkAdvancedServerOps-185363424 0.024s
2015-12-15 20:43:56,891 24094 DEBUG    [tempest_lib.common.rest_client] Request - Headers: {'Content-Type': 'application/json', 'Accept': 'application/json', 'X-Auth-Token': '&lt;omitted&gt;'}
        Body: None
    Response - Headers: {'status': '202', 'content-length': '0', 'x-compute-request-id': 'req-7e2eaf77-70c8-4401-a146-7b1e7805833b', 'vary': 'X-OpenStack-Nova-API-Version', 'connection': 'close', 'x-openstack-nova-api-version': '2.1', 'date': 'Tue, 15 Dec 2015 20:43:56 GMT', 'content-type': 'application/json'}
        Body: 
2015-12-15 20:43:56,976 24094 INFO     [tempest_lib.common.rest_client] Request (TestNetworkAdvancedServerOps:_run_cleanups): 404 GET http://10.0.2.15:8774/v2.1/44c64e039b124a0e9b57018b57aa068d/servers/3fce0c52-5078-4e64-8eaa-c29fce83a2c7 0.084s
2015-12-15 20:43:56,977 24094 DEBUG    [tempest_lib.common.rest_client] Request - Headers: {'Content-Type': 'application/json', 'Accept': 'application/json', 'X-Auth-Token': '&lt;omitted&gt;'}
        Body: None
    Response - Headers: {'status': '404', 'content-length': '111', 'x-compute-request-id': 'req-e3925f66-85dc-4672-9f78-a5ae7c3fa801', 'vary': 'X-OpenStack-Nova-API-Version', 'connection': 'close', 'x-openstack-nova-api-version': '2.1', 'date': 'Tue, 15 Dec 2015 20:43:56 GMT', 'content-type': 'application/json; charset=UTF-8'}
        Body: {"itemNotFound": {"message": "Instance 3fce0c52-5078-4e64-8eaa-c29fce83a2c7 could not be found.", "code": 404}}
}}}

