<?xml version="1.0" encoding="UTF-8"?>
<!DOCTYPE html PUBLIC "-//W3C//DTD XHTML 1.0 Strict//EN"
     "http://www.w3.org/TR/xhtml1/DTD/xhtml1-strict.dtd">
<html xmlns="http://www.w3.org/1999/xhtml">
<head>
    <title>Unit Test Report</title>
    <meta name="generator" content="subunit2html 0.1"/>
    <meta http-equiv="Content-Type" content="text/html; charset=UTF-8"/>
    
<style type="text/css" media="screen">
body        { font-family: verdana, arial, helvetica, sans-serif;
    font-size: 80%; }
table       { font-size: 100%; width: 100%;}
pre         { font-size: 80%; }

/* -- heading -------------------------------------------------------------- */
h1 {
        font-size: 16pt;
        color: gray;
}
.heading {
    margin-top: 0ex;
    margin-bottom: 1ex;
}

.heading .attribute {
    margin-top: 1ex;
    margin-bottom: 0;
}

.heading .description {
    margin-top: 4ex;
    margin-bottom: 6ex;
}

/* -- css div popup -------------------------------------------------------- */
a.popup_link {
}

a.popup_link:hover {
    color: red;
}

.popup_window {
    display: none;
    overflow-x: scroll;
    /*border: solid #627173 1px; */
    padding: 10px;
    background-color: #E6E6D6;
    font-family: "Ubuntu Mono", "Lucida Console", "Courier New", monospace;
    text-align: left;
    font-size: 8pt;
}

}
/* -- report --------------------------------------------------------------- */
#show_detail_line {
    margin-top: 3ex;
    margin-bottom: 1ex;
}
#result_table {
    width: 100%;
    border-collapse: collapse;
    border: 1px solid #777;
}
#header_row {
    font-weight: bold;
    color: white;
    background-color: #777;
}
#result_table td {
    border: 1px solid #777;
    padding: 2px;
}
#total_row  { font-weight: bold; }
.passClass  { background-color: #6c6; }
.failClass  { background-color: #c60; }
.errorClass { background-color: #c00; }
.passCase   { color: #6c6; }
.failCase   { color: #c60; font-weight: bold; }
.errorCase  { color: #c00; font-weight: bold; }
.hiddenRow  { display: none; }
.testcase   { margin-left: 2em; }
td.testname {width: 40%}
td.small {width: 40px}

/* -- ending --------------------------------------------------------------- */
#ending {
}

</style>

</head>
<body>
<script language="javascript" type="text/javascript"><!--
output_list = Array();

/* level - 0:Summary; 1:Failed; 2:All */
function showCase(level) {
    trs = document.getElementsByTagName("tr");
    for (var i = 0; i < trs.length; i++) {
        tr = trs[i];
        id = tr.id;
        if (id.substr(0,2) == 'ft') {
            if (level < 1) {
                tr.className = 'hiddenRow';
            }
            else {
                tr.className = '';
            }
        }
        if (id.substr(0,2) == 'pt') {
            if (level > 1) {
                tr.className = '';
            }
            else {
                tr.className = 'hiddenRow';
            }
        }
    }
}


function showClassDetail(cid, count) {
    var id_list = Array(count);
    var toHide = 1;
    for (var i = 0; i < count; i++) {
        tid0 = 't' + cid.substr(1) + '.' + (i+1);
        tid = 'f' + tid0;
        tr = document.getElementById(tid);
        if (!tr) {
            tid = 'p' + tid0;
            tr = document.getElementById(tid);
        }
        id_list[i] = tid;
        if (tr.className) {
            toHide = 0;
        }
    }
    for (var i = 0; i < count; i++) {
        tid = id_list[i];
        if (toHide) {
            document.getElementById('div_'+tid).style.display = 'none'
            document.getElementById(tid).className = 'hiddenRow';
        }
        else {
            document.getElementById(tid).className = '';
        }
    }
}


function showTestDetail(div_id){
    var details_div = document.getElementById(div_id)
    var displayState = details_div.style.display
    // alert(displayState)
    if (displayState != 'block' ) {
        displayState = 'block'
        details_div.style.display = 'block'
    }
    else {
        details_div.style.display = 'none'
    }
}


function html_escape(s) {
    s = s.replace(/&/g,'&amp;');
    s = s.replace(/</g,'&lt;');
    s = s.replace(/>/g,'&gt;');
    return s;
}

/* obsoleted by detail in <div>
function showOutput(id, name) {
    var w = window.open("", //url
                    name,
                    "resizable,scrollbars,status,width=800,height=450");
    d = w.document;
    d.write("<pre>");
    d.write(html_escape(output_list[id]));
    d.write("\n");
    d.write("<a href='javascript:window.close()'>close</a>\n");
    d.write("</pre>\n");
    d.close();
}
*/
--></script>

<div class='heading'>
<h1>Unit Test Report</h1>

<p class='attribute'><strong>Status:</strong> Failure 6</p>

<p class='description'></p>
</div>



<p id='show_detail_line'>Show
<a href='javascript:showCase(0)'>Summary</a>
<a href='javascript:showCase(1)'>Failed</a>
<a href='javascript:showCase(2)'>All</a>
</p>
<table id='result_table'>
<colgroup>
<col align='left' />
<col align='right' />
<col align='right' />
<col align='right' />
<col align='right' />
<col align='right' />
<col align='right' />
<col align='right' />
</colgroup>
<tr id='header_row'>
    <td>Test Group/Test case</td>
    <td>Count</td>
    <td>Pass</td>
    <td>Fail</td>
    <td>Error</td>
    <td>Skip</td>
    <td>View</td>
    <td> </td>
</tr>

<tr class='failClass'>
    <td class="testname">tempest.scenario.test_network_advanced_server_ops.TestNetworkAdvancedServerOps</td>
    <td class="small">6</td>
    <td class="small">0</td>
    <td class="small">6</td>
    <td class="small">0</td>
    <td class="small">0</td>
    <td class="small"><a href="javascript:showClassDetail('c1',6)"
>Detail</a></td>
    <td> </td>
</tr>

<tr id='ft1.1' class='none'>
    <td class='failCase'><div class='testcase'>test_server_connectivity_pause_unpause[compute,id-2b2642db-6568-4b35-b812-eceed3fa20ce,network]</div></td>
    <td colspan='7' align='left'>

    <!--css div popup start-->
    <a class="popup_link" onfocus='this.blur();'
    href="javascript:showTestDetail('div_ft1.1')" >
        fail</a>

    <div id='div_ft1.1' class="popup_window">
        <div style='text-align: right; color:red;cursor:pointer'>
        <a onfocus='this.blur();'
onclick="document.getElementById('div_ft1.1').style.display = 'none' " >
           [x]</a>
        </div>
        <pre>
        
ft1.1: tempest.scenario.test_network_advanced_server_ops.TestNetworkAdvancedServerOps.test_server_connectivity_pause_unpause[compute,id-2b2642db-6568-4b35-b812-eceed3fa20ce,network]_StringException: Empty attachments:
  stderr
  stdout

pythonlogging:'': {{{
2015-12-21 20:47:07,128 21147 INFO     [tempest_lib.common.rest_client] Request (TestNetworkAdvancedServerOps:test_server_connectivity_pause_unpause): 200 POST http://10.0.2.15:8774/v2.1/ef5164ff34834064bd0af4ac124b17d0/os-keypairs 0.568s
2015-12-21 20:47:07,129 21147 DEBUG    [tempest_lib.common.rest_client] Request - Headers: {'Content-Type': 'application/json', 'Accept': 'application/json', 'X-Auth-Token': '&lt;omitted&gt;'}
        Body: {"keypair": {"name": "tempest-TestNetworkAdvancedServerOps-1211661975"}}
    Response - Headers: {'status': '200', 'content-length': '2330', 'x-compute-request-id': 'req-8d5c5b6e-110b-4c20-9799-4c5edd701618', 'vary': 'X-OpenStack-Nova-API-Version', 'connection': 'close', 'x-openstack-nova-api-version': '2.1', 'date': 'Mon, 21 Dec 2015 20:47:07 GMT', 'content-type': 'application/json'}
        Body: {"keypair": {"public_key": "ssh-rsa AAAAB3NzaC1yc2EAAAADAQABAAABAQCqOKzVwGgXd8jIQHgbRSOC1q0oDYpyximvuXrYV5uLLHMHMcpzcrxaa561BMIzxl9FoG555B3sQlJ7Y4pd1ZGPEl3nppV8MiTLVDvK0ZFKjBI2net4ZcICG4V2nJHDYuNx+gUjgsjNzrp9KR46JrkSYCBo/WDfCUSA5mK0b1zlxNDtV6ZgwTKwdV7kIXDnUrF9JntVBmSNXaM+hwbyeo8LEtY5PnP7l4YEnnR3f9FbY7l63AKrXIoU0rflcPTc+KD9lDPIDePCWN/h7wKvi+JusNQ2l2yCQdCahUHFJXpqZxjcS/DyZqmnKYZpNmx5jwc16JgMHF8zMWwSdt4/urQ9 Generated-by-Nova", "private_key": "-----BEGIN RSA PRIVATE KEY-----\nMIIEqAIBAAKCAQEAqjis1cBoF3fIyEB4G0UjgtatKA2KcsYpr7l62FebiyxzBzHK\nc3K8WmuetQTCM8ZfRaBueeQd7EJSe2OKXdWRjxJd56aVfDIky1Q7ytGRSowSNp3r\neGXCAhuFdpyRw2LjcfoFI4LIzc66fSkeOia5EmAgaP1g3wlEgOZitG9c5cTQ7Vem\nYMEysHVe5CFw51KxfSZ7VQZkjV2jPocG8nqPCxLWOT5z+5eGBJ50d3/RW2O5etwC\nq1yKFNK35XD03Pig/ZQzyA3jwljf4e8Cr4vibrDUNpdsgkHQmoVBxSV6amcY3Evw\n8mappymGaTZseY8HNeiYDBxfMzFsEnbeP7q0PQIDAQABAoIBAFCyT5WCApbljYUJ\nsybSbxRO64XqbXEd6pNI7ijz12RyLRIDE8QJZ6vCC1orqFldOLtMZDNa5qijhHDE\nbssvPTNDdMsmGQXoy7Ks+y+ajDN4FgZYdVH9g6z2GR5y+VNUZRkaeycrkECpOZWu\nUYsl4mUItzSusibqQNSO48pAZRzznDApxvZ/Vb2zTxKtx970BqBnEzYlLobDK8fz\n/DL1LRzEXCosrSX4zLq5B1KLIhb5duAQulREfkIJ7vRhWpOr3xZhkU5VU+4w9FL6\nnKYatb0LkUDbK8ik9q0OzdrV7y11RxnyhO/n7EdxFneQ2I5u/p84a0D+JJ42t6zf\nZS4tMM0CggCBAMfxqmkFV8cgF64lwrr9usdiM1Dmw1l9tkVTOZVi+3ld1u5w/4Xt\nRXNi55986oO6JCLHuNQKf69sBZ4NhiIUFKHy+hTnzbXepbhvloEBrKJM6KWqNggJ\nL50wRxhJY3BOMdRi+4i6YrbfiklMet0wwEaizkiFhSLQxw1SvmRtUO+PAoIAgQDZ\n8cO9x3cQLUZO1MItD6MXS+//IyuHnQAhApTnzRGccjNi1o0hZoszhTcIkCOB5tx7\nhVHQ089101MnMG8hBUzyls/hD/hPaaEWnydkg019t7nXnaOgWCOVgj2+Fv8BTpLh\n8xvMI3El3PGDW9aPbi/MnHAj07xsyjVjvMD0QFP5cwKCAIBNodGOsVphoF5Raavw\nOrAY1lIiaVcUGjF5PVUwYZxOhVb8gbdU4smCgbZ5QGE2AEIjlvR2sBTfocuUkJ+x\n/6X7M4JSN6axpN8ne3wuXt4OrlnuaOZNvHNWTvZrwaLwagwC8OPFNMk7RBRHXYCe\n/VzKkFAT7HPDDtkanTP7fk5clQKCAIALMLuxMd2uKfTzNT9nGudv2clP21lv1CLe\njwhgQopF8yMqTwPeFCrPkWZ6/ROlptnpSbYit81uKlSZrYX3NxN1XUL9Nlm0kiLg\nS3m1UnyXGOjk5kYxhHUHRzGuYfXj9knaaiYiPCuiGw8XhI6mvKydn+auIEALgfJt\n1ZI+uFLXewKCAIEAupbpwTVuB8oXmp6YpVsk7v4AJxbNN+1KZZKMe/voGnD69I9w\nKM1/oheXw5gdkCsTGKJwOt/qhp1qWs4GT17ORkl8GYp+nyTrhKdtBclHoEbXj82w\nt9i4koI5h099hDd95oA1y72HzKBtzzoSQoaJQZxKIdUfPgewA980n1kH4Jc=\n-----END RSA PRIVATE KEY-----\n", "user_id": "a525fc106a0c49c8905a703f2692250e", "name": "tempest-TestNetworkAdvancedServerOps-1211661975", "fingerprint": "43:5a:b9:fc:f8:e2:2e:0b:57:e8:08:f9:c3:b5:3b:fa"}}
2015-12-21 20:47:07,524 21147 INFO     [tempest_lib.common.rest_client] Request (TestNetworkAdvancedServerOps:test_server_connectivity_pause_unpause): 201 POST http://10.0.2.15:9696/v2.0/security-groups 0.392s
2015-12-21 20:47:07,525 21147 DEBUG    [tempest_lib.common.rest_client] Request - Headers: {'Content-Type': 'application/json', 'Accept': 'application/json', 'X-Auth-Token': '&lt;omitted&gt;'}
        Body: {"security_group": {"tenant_id": "ef5164ff34834064bd0af4ac124b17d0", "description": "tempest-secgroup-smoke-136590245 description", "name": "tempest-secgroup-smoke-136590245"}}
    Response - Headers: {'status': '201', 'content-length': '886', 'connection': 'close', 'date': 'Mon, 21 Dec 2015 20:47:07 GMT', 'content-type': 'application/json; charset=UTF-8', 'x-openstack-request-id': 'req-6d6650c0-3ea8-4320-8be8-a37f64cb0717'}
        Body: {"security_group": {"tenant_id": "ef5164ff34834064bd0af4ac124b17d0", "description": "tempest-secgroup-smoke-136590245 description", "id": "57f9006e-d144-4b6b-9b15-20966d0f4eaf", "security_group_rules": [{"remote_group_id": null, "direction": "egress", "remote_ip_prefix": null, "protocol": null, "ethertype": "IPv4", "tenant_id": "ef5164ff34834064bd0af4ac124b17d0", "port_range_max": null, "port_range_min": null, "id": "1212e089-5888-4d8f-aeff-d9ede7d309f1", "security_group_id": "57f9006e-d144-4b6b-9b15-20966d0f4eaf"}, {"remote_group_id": null, "direction": "egress", "remote_ip_prefix": null, "protocol": null, "ethertype": "IPv6", "tenant_id": "ef5164ff34834064bd0af4ac124b17d0", "port_range_max": null, "port_range_min": null, "id": "bcdecc5e-a3dd-45df-b2f6-9893ff7de2bf", "security_group_id": "57f9006e-d144-4b6b-9b15-20966d0f4eaf"}], "name": "tempest-secgroup-smoke-136590245"}}
2015-12-21 20:47:07,632 21147 INFO     [tempest_lib.common.rest_client] Request (TestNetworkAdvancedServerOps:test_server_connectivity_pause_unpause): 201 POST http://10.0.2.15:9696/v2.0/security-group-rules 0.106s
2015-12-21 20:47:07,633 21147 DEBUG    [tempest_lib.common.rest_client] Request - Headers: {'Content-Type': 'application/json', 'Accept': 'application/json', 'X-Auth-Token': '&lt;omitted&gt;'}
        Body: {"security_group_rule": {"direction": "ingress", "protocol": "tcp", "tenant_id": "ef5164ff34834064bd0af4ac124b17d0", "port_range_max": 22, "security_group_id": "57f9006e-d144-4b6b-9b15-20966d0f4eaf", "port_range_min": 22}}
    Response - Headers: {'status': '201', 'content-length': '340', 'connection': 'close', 'date': 'Mon, 21 Dec 2015 20:47:07 GMT', 'content-type': 'application/json; charset=UTF-8', 'x-openstack-request-id': 'req-f526ba0a-b956-41e2-8bad-51c953c32462'}
        Body: {"security_group_rule": {"remote_group_id": null, "direction": "ingress", "remote_ip_prefix": null, "protocol": "tcp", "ethertype": "IPv4", "tenant_id": "ef5164ff34834064bd0af4ac124b17d0", "port_range_max": 22, "port_range_min": 22, "id": "9b575bf1-9bea-4549-8445-6a9999aebd4b", "security_group_id": "57f9006e-d144-4b6b-9b15-20966d0f4eaf"}}
2015-12-21 20:47:07,733 21147 INFO     [tempest_lib.common.rest_client] Request (TestNetworkAdvancedServerOps:test_server_connectivity_pause_unpause): 201 POST http://10.0.2.15:9696/v2.0/security-group-rules 0.100s
2015-12-21 20:47:07,734 21147 DEBUG    [tempest_lib.common.rest_client] Request - Headers: {'Content-Type': 'application/json', 'Accept': 'application/json', 'X-Auth-Token': '&lt;omitted&gt;'}
        Body: {"security_group_rule": {"direction": "egress", "protocol": "tcp", "tenant_id": "ef5164ff34834064bd0af4ac124b17d0", "port_range_max": 22, "security_group_id": "57f9006e-d144-4b6b-9b15-20966d0f4eaf", "port_range_min": 22}}
    Response - Headers: {'status': '201', 'content-length': '339', 'connection': 'close', 'date': 'Mon, 21 Dec 2015 20:47:07 GMT', 'content-type': 'application/json; charset=UTF-8', 'x-openstack-request-id': 'req-1750a4c4-0fab-47d1-a656-7a38a383efd9'}
        Body: {"security_group_rule": {"remote_group_id": null, "direction": "egress", "remote_ip_prefix": null, "protocol": "tcp", "ethertype": "IPv4", "tenant_id": "ef5164ff34834064bd0af4ac124b17d0", "port_range_max": 22, "port_range_min": 22, "id": "b80add2a-4520-4ebf-b29c-fbcc807106bb", "security_group_id": "57f9006e-d144-4b6b-9b15-20966d0f4eaf"}}
2015-12-21 20:47:07,844 21147 INFO     [tempest_lib.common.rest_client] Request (TestNetworkAdvancedServerOps:test_server_connectivity_pause_unpause): 201 POST http://10.0.2.15:9696/v2.0/security-group-rules 0.108s
2015-12-21 20:47:07,844 21147 DEBUG    [tempest_lib.common.rest_client] Request - Headers: {'Content-Type': 'application/json', 'Accept': 'application/json', 'X-Auth-Token': '&lt;omitted&gt;'}
        Body: {"security_group_rule": {"tenant_id": "ef5164ff34834064bd0af4ac124b17d0", "direction": "ingress", "protocol": "icmp", "security_group_id": "57f9006e-d144-4b6b-9b15-20966d0f4eaf"}}
    Response - Headers: {'status': '201', 'content-length': '345', 'connection': 'close', 'date': 'Mon, 21 Dec 2015 20:47:07 GMT', 'content-type': 'application/json; charset=UTF-8', 'x-openstack-request-id': 'req-fcb9a55a-1974-414d-bf69-037bb2a39f1e'}
        Body: {"security_group_rule": {"remote_group_id": null, "direction": "ingress", "remote_ip_prefix": null, "protocol": "icmp", "ethertype": "IPv4", "tenant_id": "ef5164ff34834064bd0af4ac124b17d0", "port_range_max": null, "port_range_min": null, "id": "57ad4411-b16a-489d-ae82-1b6d45a68c08", "security_group_id": "57f9006e-d144-4b6b-9b15-20966d0f4eaf"}}
2015-12-21 20:47:07,956 21147 INFO     [tempest_lib.common.rest_client] Request (TestNetworkAdvancedServerOps:test_server_connectivity_pause_unpause): 201 POST http://10.0.2.15:9696/v2.0/security-group-rules 0.110s
2015-12-21 20:47:07,956 21147 DEBUG    [tempest_lib.common.rest_client] Request - Headers: {'Content-Type': 'application/json', 'Accept': 'application/json', 'X-Auth-Token': '&lt;omitted&gt;'}
        Body: {"security_group_rule": {"tenant_id": "ef5164ff34834064bd0af4ac124b17d0", "direction": "egress", "protocol": "icmp", "security_group_id": "57f9006e-d144-4b6b-9b15-20966d0f4eaf"}}
    Response - Headers: {'status': '201', 'content-length': '344', 'connection': 'close', 'date': 'Mon, 21 Dec 2015 20:47:07 GMT', 'content-type': 'application/json; charset=UTF-8', 'x-openstack-request-id': 'req-5a572032-f567-4768-a126-341d26b7fa5e'}
        Body: {"security_group_rule": {"remote_group_id": null, "direction": "egress", "remote_ip_prefix": null, "protocol": "icmp", "ethertype": "IPv4", "tenant_id": "ef5164ff34834064bd0af4ac124b17d0", "port_range_max": null, "port_range_min": null, "id": "a52b6eb8-3fe8-4103-91a8-5ac7e6058b60", "security_group_id": "57f9006e-d144-4b6b-9b15-20966d0f4eaf"}}
2015-12-21 20:47:08,062 21147 INFO     [tempest_lib.common.rest_client] Request (TestNetworkAdvancedServerOps:test_server_connectivity_pause_unpause): 201 POST http://10.0.2.15:9696/v2.0/security-group-rules 0.104s
2015-12-21 20:47:08,062 21147 DEBUG    [tempest_lib.common.rest_client] Request - Headers: {'Content-Type': 'application/json', 'Accept': 'application/json', 'X-Auth-Token': '&lt;omitted&gt;'}
        Body: {"security_group_rule": {"tenant_id": "ef5164ff34834064bd0af4ac124b17d0", "direction": "ingress", "security_group_id": "57f9006e-d144-4b6b-9b15-20966d0f4eaf", "protocol": "icmp", "ethertype": "IPv6"}}
    Response - Headers: {'status': '201', 'content-length': '345', 'connection': 'close', 'date': 'Mon, 21 Dec 2015 20:47:08 GMT', 'content-type': 'application/json; charset=UTF-8', 'x-openstack-request-id': 'req-46d8f346-35b8-4d9b-8d7e-724a2d9ffb41'}
        Body: {"security_group_rule": {"remote_group_id": null, "direction": "ingress", "remote_ip_prefix": null, "protocol": "icmp", "ethertype": "IPv6", "tenant_id": "ef5164ff34834064bd0af4ac124b17d0", "port_range_max": null, "port_range_min": null, "id": "1b908799-0b23-47f5-aa37-a8f4d1b2ad8a", "security_group_id": "57f9006e-d144-4b6b-9b15-20966d0f4eaf"}}
2015-12-21 20:47:08,180 21147 INFO     [tempest_lib.common.rest_client] Request (TestNetworkAdvancedServerOps:test_server_connectivity_pause_unpause): 201 POST http://10.0.2.15:9696/v2.0/security-group-rules 0.116s
2015-12-21 20:47:08,180 21147 DEBUG    [tempest_lib.common.rest_client] Request - Headers: {'Content-Type': 'application/json', 'Accept': 'application/json', 'X-Auth-Token': '&lt;omitted&gt;'}
        Body: {"security_group_rule": {"tenant_id": "ef5164ff34834064bd0af4ac124b17d0", "direction": "egress", "security_group_id": "57f9006e-d144-4b6b-9b15-20966d0f4eaf", "protocol": "icmp", "ethertype": "IPv6"}}
    Response - Headers: {'status': '201', 'content-length': '344', 'connection': 'close', 'date': 'Mon, 21 Dec 2015 20:47:08 GMT', 'content-type': 'application/json; charset=UTF-8', 'x-openstack-request-id': 'req-d3406eba-3441-457b-9c4f-cf5e89c07479'}
        Body: {"security_group_rule": {"remote_group_id": null, "direction": "egress", "remote_ip_prefix": null, "protocol": "icmp", "ethertype": "IPv6", "tenant_id": "ef5164ff34834064bd0af4ac124b17d0", "port_range_max": null, "port_range_min": null, "id": "6cdcafef-a414-4325-98e7-945cf90fc486", "security_group_id": "57f9006e-d144-4b6b-9b15-20966d0f4eaf"}}
2015-12-21 20:47:08,311 21147 INFO     [tempest_lib.common.rest_client] Request (TestNetworkAdvancedServerOps:test_server_connectivity_pause_unpause): 201 POST http://10.0.2.15:9696/v2.0/networks 0.129s
2015-12-21 20:47:08,311 21147 DEBUG    [tempest_lib.common.rest_client] Request - Headers: {'Content-Type': 'application/json', 'Accept': 'application/json', 'X-Auth-Token': '&lt;omitted&gt;'}
        Body: {"network": {"tenant_id": "ef5164ff34834064bd0af4ac124b17d0", "name": "tempest-network-smoke--1295837062"}}
    Response - Headers: {'status': '201', 'content-length': '296', 'connection': 'close', 'date': 'Mon, 21 Dec 2015 20:47:08 GMT', 'content-type': 'application/json; charset=UTF-8', 'x-openstack-request-id': 'req-6f555ac8-f2da-4a1c-8a1a-5bfdc20c91bb'}
        Body: {"network": {"status": "ACTIVE", "subnets": [], "name": "tempest-network-smoke--1295837062", "admin_state_up": true, "tenant_id": "ef5164ff34834064bd0af4ac124b17d0", "mtu": 0, "router:external": false, "shared": false, "port_security_enabled": true, "id": "cedb6a98-80ce-4cd3-a3f2-1825c80bd305"}}
2015-12-21 20:47:08,393 21147 INFO     [tempest_lib.common.rest_client] Request (TestNetworkAdvancedServerOps:test_server_connectivity_pause_unpause): 201 POST http://10.0.2.15:9696/v2.0/routers 0.080s
2015-12-21 20:47:08,394 21147 DEBUG    [tempest_lib.common.rest_client] Request - Headers: {'Content-Type': 'application/json', 'Accept': 'application/json', 'X-Auth-Token': '&lt;omitted&gt;'}
        Body: {"router": {"tenant_id": "ef5164ff34834064bd0af4ac124b17d0", "name": "tempest-router-smoke-1201863437", "admin_state_up": true}}
    Response - Headers: {'status': '201', 'content-length': '239', 'connection': 'close', 'date': 'Mon, 21 Dec 2015 20:47:08 GMT', 'content-type': 'application/json; charset=UTF-8', 'x-openstack-request-id': 'req-fdf99f91-a238-406f-aec6-37be77b8a2a5'}
        Body: {"router": {"status": "ACTIVE", "external_gateway_info": null, "name": "tempest-router-smoke-1201863437", "admin_state_up": true, "tenant_id": "ef5164ff34834064bd0af4ac124b17d0", "routes": [], "id": "9b67ee64-d160-48ec-bbe2-d3a8c552d45c"}}
2015-12-21 20:47:08,436 21147 INFO     [tempest_lib.common.rest_client] Request (TestNetworkAdvancedServerOps:test_server_connectivity_pause_unpause): 200 GET http://10.0.2.15:9696/v2.0/routers/9b67ee64-d160-48ec-bbe2-d3a8c552d45c 0.040s
2015-12-21 20:47:08,436 21147 DEBUG    [tempest_lib.common.rest_client] Request - Headers: {'Content-Type': 'application/json', 'Accept': 'application/json', 'X-Auth-Token': '&lt;omitted&gt;'}
        Body: None
    Response - Headers: {'status': '200', 'content-length': '239', 'content-location': 'http://10.0.2.15:9696/v2.0/routers/9b67ee64-d160-48ec-bbe2-d3a8c552d45c', 'connection': 'close', 'date': 'Mon, 21 Dec 2015 20:47:08 GMT', 'content-type': 'application/json; charset=UTF-8', 'x-openstack-request-id': 'req-620efbe2-a278-4f3b-9acb-ff45a905b440'}
        Body: {"router": {"status": "ACTIVE", "external_gateway_info": null, "name": "tempest-router-smoke-1201863437", "admin_state_up": true, "tenant_id": "ef5164ff34834064bd0af4ac124b17d0", "routes": [], "id": "9b67ee64-d160-48ec-bbe2-d3a8c552d45c"}}
2015-12-21 20:47:08,942 21147 INFO     [tempest_lib.common.rest_client] Request (TestNetworkAdvancedServerOps:test_server_connectivity_pause_unpause): 200 PUT http://10.0.2.15:9696/v2.0/routers/9b67ee64-d160-48ec-bbe2-d3a8c552d45c 0.505s
2015-12-21 20:47:08,943 21147 DEBUG    [tempest_lib.common.rest_client] Request - Headers: {'Content-Type': 'application/json', 'Accept': 'application/json', 'X-Auth-Token': '&lt;omitted&gt;'}
        Body: {"router": {"external_gateway_info": {"network_id": "81c49aeb-7c11-4474-890f-7e4dd84cf461"}, "name": "tempest-router-smoke-1201863437", "admin_state_up": true}}
    Response - Headers: {'status': '200', 'content-length': '501', 'connection': 'close', 'date': 'Mon, 21 Dec 2015 20:47:08 GMT', 'content-type': 'application/json; charset=UTF-8', 'x-openstack-request-id': 'req-1465606d-e058-4696-9be1-d99d06974775'}
        Body: {"router": {"status": "ACTIVE", "external_gateway_info": {"network_id": "81c49aeb-7c11-4474-890f-7e4dd84cf461", "enable_snat": true, "external_fixed_ips": [{"subnet_id": "255a5d53-1dc8-4a43-9602-651c040d3eb4", "ip_address": "172.24.4.3"}, {"subnet_id": "403b1161-43f9-4339-9d21-97eb01a6fd11", "ip_address": "2001:db8::3"}]}, "name": "tempest-router-smoke-1201863437", "admin_state_up": true, "tenant_id": "ef5164ff34834064bd0af4ac124b17d0", "routes": [], "id": "9b67ee64-d160-48ec-bbe2-d3a8c552d45c"}}
2015-12-21 20:47:09,073 21147 INFO     [tempest_lib.common.rest_client] Request (TestNetworkAdvancedServerOps:test_server_connectivity_pause_unpause): 200 GET http://10.0.2.15:9696/v2.0/subnets?tenant_id=ef5164ff34834064bd0af4ac124b17d0&amp;cidr=10.100.0.0%2F28 0.129s
2015-12-21 20:47:09,073 21147 DEBUG    [tempest_lib.common.rest_client] Request - Headers: {'Content-Type': 'application/json', 'Accept': 'application/json', 'X-Auth-Token': '&lt;omitted&gt;'}
        Body: None
    Response - Headers: {'status': '200', 'content-length': '15', 'content-location': 'http://10.0.2.15:9696/v2.0/subnets?tenant_id=ef5164ff34834064bd0af4ac124b17d0&amp;cidr=10.100.0.0%2F28', 'connection': 'close', 'date': 'Mon, 21 Dec 2015 20:47:09 GMT', 'content-type': 'application/json; charset=UTF-8', 'x-openstack-request-id': 'req-969e012d-4049-4700-9cff-bb7860df321f'}
        Body: {"subnets": []}
2015-12-21 20:47:09,321 21147 INFO     [tempest_lib.common.rest_client] Request (TestNetworkAdvancedServerOps:test_server_connectivity_pause_unpause): 201 POST http://10.0.2.15:9696/v2.0/subnets 0.247s
2015-12-21 20:47:09,322 21147 DEBUG    [tempest_lib.common.rest_client] Request - Headers: {'Content-Type': 'application/json', 'Accept': 'application/json', 'X-Auth-Token': '&lt;omitted&gt;'}
        Body: {"subnet": {"ip_version": 4, "tenant_id": "ef5164ff34834064bd0af4ac124b17d0", "cidr": "10.100.0.0/28", "network_id": "cedb6a98-80ce-4cd3-a3f2-1825c80bd305", "name": "tempest-subnet-smoke-184227022"}}
    Response - Headers: {'status': '201', 'content-length': '477', 'connection': 'close', 'date': 'Mon, 21 Dec 2015 20:47:09 GMT', 'content-type': 'application/json; charset=UTF-8', 'x-openstack-request-id': 'req-e895332b-de1a-4acc-8e47-c1037989b359'}
        Body: {"subnet": {"name": "tempest-subnet-smoke-184227022", "enable_dhcp": true, "network_id": "cedb6a98-80ce-4cd3-a3f2-1825c80bd305", "tenant_id": "ef5164ff34834064bd0af4ac124b17d0", "dns_nameservers": [], "gateway_ip": "10.100.0.1", "ipv6_ra_mode": null, "allocation_pools": [{"start": "10.100.0.2", "end": "10.100.0.14"}], "host_routes": [], "ip_version": 4, "ipv6_address_mode": null, "cidr": "10.100.0.0/28", "id": "f7660156-cb0d-4d9b-938c-5e81bfb4da76", "subnetpool_id": null}}
2015-12-21 20:47:09,727 21147 INFO     [tempest_lib.common.rest_client] Request (TestNetworkAdvancedServerOps:test_server_connectivity_pause_unpause): 200 PUT http://10.0.2.15:9696/v2.0/routers/9b67ee64-d160-48ec-bbe2-d3a8c552d45c/add_router_interface 0.404s
2015-12-21 20:47:09,727 21147 DEBUG    [tempest_lib.common.rest_client] Request - Headers: {'Content-Type': 'application/json', 'Accept': 'application/json', 'X-Auth-Token': '&lt;omitted&gt;'}
        Body: {"subnet_id": "f7660156-cb0d-4d9b-938c-5e81bfb4da76"}
    Response - Headers: {'status': '200', 'content-length': '255', 'connection': 'close', 'date': 'Mon, 21 Dec 2015 20:47:09 GMT', 'content-type': 'application/json; charset=UTF-8', 'x-openstack-request-id': 'req-1d9d1cd0-8f8d-42a9-b363-61dea94e325b'}
        Body: {"subnet_id": "f7660156-cb0d-4d9b-938c-5e81bfb4da76", "tenant_id": "ef5164ff34834064bd0af4ac124b17d0", "subnet_ids": ["f7660156-cb0d-4d9b-938c-5e81bfb4da76"], "port_id": "4a1385fe-6950-4796-ae29-e29685a8b135", "id": "9b67ee64-d160-48ec-bbe2-d3a8c552d45c"}
2015-12-21 20:47:09,865 21147 INFO     [tempest_lib.common.rest_client] Request (TestNetworkAdvancedServerOps:test_server_connectivity_pause_unpause): 200 POST http://10.0.2.15:5000/v2.0/tokens
2015-12-21 20:47:09,865 21147 DEBUG    [tempest_lib.common.rest_client] Request - Headers: {'Content-Type': 'application/json', 'Accept': 'application/json'}
        Body: &lt;omitted&gt;
    Response - Headers: {'status': '200', 'content-length': '2566', 'vary': 'X-Auth-Token', 'server': 'Apache/2.4.7 (Ubuntu)', 'connection': 'close', 'date': 'Mon, 21 Dec 2015 20:47:09 GMT', 'content-type': 'application/json', 'x-openstack-request-id': 'req-4cbc4f70-a938-4acc-bf14-d22312f1c8ed'}
        Body: {"access": {"token": {"issued_at": "2015-12-21T20:47:09.854517", "expires": "2015-12-21T21:47:09Z", "id": "b632f23d4f6549609fb6c9ba47957dab", "tenant": {"description": "tempest-TestNetworkAdvancedServerOps-2047999226-desc", "enabled": true, "id": "ef5164ff34834064bd0af4ac124b17d0", "name": "tempest-TestNetworkAdvancedServerOps-2047999226"}, "audit_ids": ["H1sqBVjqQO22TQIXFcKFqQ"]}, "serviceCatalog": [{"endpoints": [{"adminURL": "http://10.0.2.15:8774/v2.1/ef5164ff34834064bd0af4ac124b17d0", "region": "RegionOne", "internalURL": "http://10.0.2.15:8774/v2.1/ef5164ff34834064bd0af4ac124b17d0", "id": "132e8e8315194491bb3ff5675c36f6f8", "publicURL": "http://10.0.2.15:8774/v2.1/ef5164ff34834064bd0af4ac124b17d0"}], "endpoints_links": [], "type": "compute", "name": "nova"}, {"endpoints": [{"adminURL": "http://10.0.2.15:9696/", "region": "RegionOne", "internalURL": "http://10.0.2.15:9696/", "id": "3ee91e0380194094a564a8dfa6b59660", "publicURL": "http://10.0.2.15:9696/"}], "endpoints_links": [], "type": "network", "name": "neutron"}, {"endpoints": [{"adminURL": "http://10.0.2.15:9292", "region": "RegionOne", "internalURL": "http://10.0.2.15:9292", "id": "14b04ba41cba4fe7ae60434e3d1d3098", "publicURL": "http://10.0.2.15:9292"}], "endpoints_links": [], "type": "image", "name": "glance"}, {"endpoints": [{"adminURL": "http://10.0.2.15:8774/v2/ef5164ff34834064bd0af4ac124b17d0", "region": "RegionOne", "internalURL": "http://10.0.2.15:8774/v2/ef5164ff34834064bd0af4ac124b17d0", "id": "04bc6fc95ccb4637bf4fcd0a4b1a696b", "publicURL": "http://10.0.2.15:8774/v2/ef5164ff34834064bd0af4ac124b17d0"}], "endpoints_links": [], "type": "compute_legacy", "name": "nova_legacy"}, {"endpoints": [{"adminURL": "http://10.0.2.15:8773/", "region": "RegionOne", "internalURL": "http://10.0.2.15:8773/", "id": "1ad2dd9cd296431083c077b4601a15bb", "publicURL": "http://10.0.2.15:8773/"}], "endpoints_links": [], "type": "ec2", "name": "ec2"}, {"endpoints": [{"adminURL": "http://10.0.2.15:35357/v2.0", "region": "RegionOne", "internalURL": "http://10.0.2.15:5000/v2.0", "id": "0d16e4e75b4e48e8b3fb2a9e29f26844", "publicURL": "http://10.0.2.15:5000/v2.0"}], "endpoints_links": [], "type": "identity", "name": "keystone"}], "user": {"username": "tempest-TestNetworkAdvancedServerOps-1217132210", "roles_links": [], "id": "a525fc106a0c49c8905a703f2692250e", "roles": [{"name": "Member"}, {"name": "_member_"}], "name": "tempest-TestNetworkAdvancedServerOps-1217132210"}, "metadata": {"is_admin": 0, "roles": ["89d5902fa6c94f14a50c63b15112154e", "9fe2ff9ee4384b1894a90878d3e92bab"]}}}
2015-12-21 20:47:09,869 21147 DEBUG    [tempest.common.fixed_network] (TestNetworkAdvancedServerOps:test_server_connectivity_pause_unpause) No valid network provided or created, defaulting to fixed_network_name
2015-12-21 20:47:10,193 21147 INFO     [tempest_lib.common.rest_client] Request (TestNetworkAdvancedServerOps:test_server_connectivity_pause_unpause): 200 GET http://10.0.2.15:8774/v2.1/ef5164ff34834064bd0af4ac124b17d0/os-networks 0.323s
2015-12-21 20:47:10,193 21147 DEBUG    [tempest_lib.common.rest_client] Request - Headers: {'Content-Type': 'application/json', 'Accept': 'application/json', 'X-Auth-Token': '&lt;omitted&gt;'}
        Body: None
    Response - Headers: {'status': '200', 'content-length': '479', 'content-location': 'http://10.0.2.15:8774/v2.1/ef5164ff34834064bd0af4ac124b17d0/os-networks', 'x-compute-request-id': 'req-3a6b7809-2798-4a85-95ed-90791c531ccf', 'vary': 'X-OpenStack-Nova-API-Version', 'connection': 'close', 'x-openstack-nova-api-version': '2.1', 'date': 'Mon, 21 Dec 2015 20:47:10 GMT', 'content-type': 'application/json'}
        Body: {"networks": [{"cidr_v6": null, "dns2": null, "dns1": null, "gateway": null, "broadcast": null, "netmask": null, "gateway_v6": null, "cidr": null, "label": "tempest-network-smoke--1295837062", "id": "cedb6a98-80ce-4cd3-a3f2-1825c80bd305", "netmask_v6": null}, {"cidr_v6": null, "dns2": null, "dns1": null, "gateway": null, "broadcast": null, "netmask": null, "gateway_v6": null, "cidr": null, "label": "public", "id": "81c49aeb-7c11-4474-890f-7e4dd84cf461", "netmask_v6": null}]}
2015-12-21 20:47:10,194 21147 WARNING  [tempest.common.fixed_network] (TestNetworkAdvancedServerOps:test_server_connectivity_pause_unpause) Network with name: private not found
2015-12-21 20:47:10,194 21147 INFO     [tempest.common.fixed_network] (TestNetworkAdvancedServerOps:test_server_connectivity_pause_unpause) Found network {} available for tenant
2015-12-21 20:47:11,513 21147 INFO     [tempest_lib.common.rest_client] Request (TestNetworkAdvancedServerOps:test_server_connectivity_pause_unpause): 202 POST http://10.0.2.15:8774/v2.1/ef5164ff34834064bd0af4ac124b17d0/servers 1.317s
2015-12-21 20:47:11,513 21147 DEBUG    [tempest_lib.common.rest_client] Request - Headers: {'Content-Type': 'application/json', 'Accept': 'application/json', 'X-Auth-Token': '&lt;omitted&gt;'}
        Body: {"server": {"name": "tempest.common.compute-instance-808968785", "imageRef": "e728bc5a-b7c1-4d8d-9bb4-3b48cd1b61f8", "key_name": "tempest-TestNetworkAdvancedServerOps-1211661975", "flavorRef": "42", "networks": [{"uuid": "cedb6a98-80ce-4cd3-a3f2-1825c80bd305"}], "security_groups": [{"name": "tempest-secgroup-smoke-136590245"}]}}
    Response - Headers: {'status': '202', 'content-length': '461', 'x-compute-request-id': 'req-9f33d3e6-d4aa-4d40-b35b-3bfbfb813664', 'vary': 'X-OpenStack-Nova-API-Version', 'connection': 'close', 'location': 'http://10.0.2.15:8774/v2.1/ef5164ff34834064bd0af4ac124b17d0/servers/c9c20edb-277d-459b-886f-b591a5b5af62', 'x-openstack-nova-api-version': '2.1', 'date': 'Mon, 21 Dec 2015 20:47:11 GMT', 'content-type': 'application/json'}
        Body: {"server": {"security_groups": [{"name": "tempest-secgroup-smoke-136590245"}], "OS-DCF:diskConfig": "MANUAL", "id": "c9c20edb-277d-459b-886f-b591a5b5af62", "links": [{"href": "http://10.0.2.15:8774/v2.1/ef5164ff34834064bd0af4ac124b17d0/servers/c9c20edb-277d-459b-886f-b591a5b5af62", "rel": "self"}, {"href": "http://10.0.2.15:8774/ef5164ff34834064bd0af4ac124b17d0/servers/c9c20edb-277d-459b-886f-b591a5b5af62", "rel": "bookmark"}], "adminPass": "ZvX55QdVVcyi"}}
2015-12-21 20:47:11,650 21147 INFO     [tempest_lib.common.rest_client] Request (TestNetworkAdvancedServerOps:test_server_connectivity_pause_unpause): 200 GET http://10.0.2.15:8774/v2.1/ef5164ff34834064bd0af4ac124b17d0/servers/c9c20edb-277d-459b-886f-b591a5b5af62 0.134s
2015-12-21 20:47:11,651 21147 DEBUG    [tempest_lib.common.rest_client] Request - Headers: {'Content-Type': 'application/json', 'Accept': 'application/json', 'X-Auth-Token': '&lt;omitted&gt;'}
        Body: None
    Response - Headers: {'status': '200', 'content-length': '1364', 'content-location': 'http://10.0.2.15:8774/v2.1/ef5164ff34834064bd0af4ac124b17d0/servers/c9c20edb-277d-459b-886f-b591a5b5af62', 'x-compute-request-id': 'req-0e89119d-b808-4dd3-8a32-e85d9a536f2e', 'vary': 'X-OpenStack-Nova-API-Version', 'connection': 'close', 'x-openstack-nova-api-version': '2.1', 'date': 'Mon, 21 Dec 2015 20:47:11 GMT', 'content-type': 'application/json'}
        Body: {"server": {"status": "BUILD", "updated": "2015-12-21T20:47:11Z", "hostId": "", "addresses": {}, "links": [{"href": "http://10.0.2.15:8774/v2.1/ef5164ff34834064bd0af4ac124b17d0/servers/c9c20edb-277d-459b-886f-b591a5b5af62", "rel": "self"}, {"href": "http://10.0.2.15:8774/ef5164ff34834064bd0af4ac124b17d0/servers/c9c20edb-277d-459b-886f-b591a5b5af62", "rel": "bookmark"}], "key_name": "tempest-TestNetworkAdvancedServerOps-1211661975", "image": {"id": "e728bc5a-b7c1-4d8d-9bb4-3b48cd1b61f8", "links": [{"href": "http://10.0.2.15:8774/ef5164ff34834064bd0af4ac124b17d0/images/e728bc5a-b7c1-4d8d-9bb4-3b48cd1b61f8", "rel": "bookmark"}]}, "OS-EXT-STS:task_state": "scheduling", "OS-EXT-STS:vm_state": "building", "OS-SRV-USG:launched_at": null, "flavor": {"id": "42", "links": [{"href": "http://10.0.2.15:8774/ef5164ff34834064bd0af4ac124b17d0/flavors/42", "rel": "bookmark"}]}, "id": "c9c20edb-277d-459b-886f-b591a5b5af62", "OS-SRV-USG:terminated_at": null, "OS-EXT-AZ:availability_zone": "", "user_id": "a525fc106a0c49c8905a703f2692250e", "name": "tempest.common.compute-instance-808968785", "created": "2015-12-21T20:47:11Z", "tenant_id": "ef5164ff34834064bd0af4ac124b17d0", "OS-DCF:diskConfig": "MANUAL", "os-extended-volumes:volumes_attached": [], "accessIPv4": "", "accessIPv6": "", "progress": 0, "OS-EXT-STS:power_state": 0, "config_drive": "", "metadata": {}}}
2015-12-21 20:47:13,039 21147 INFO     [tempest_lib.common.rest_client] Request (TestNetworkAdvancedServerOps:test_server_connectivity_pause_unpause): 200 GET http://10.0.2.15:8774/v2.1/ef5164ff34834064bd0af4ac124b17d0/servers/c9c20edb-277d-459b-886f-b591a5b5af62 0.379s
2015-12-21 20:47:13,040 21147 DEBUG    [tempest_lib.common.rest_client] Request - Headers: {'Content-Type': 'application/json', 'Accept': 'application/json', 'X-Auth-Token': '&lt;omitted&gt;'}
        Body: None
    Response - Headers: {'status': '200', 'content-length': '1489', 'content-location': 'http://10.0.2.15:8774/v2.1/ef5164ff34834064bd0af4ac124b17d0/servers/c9c20edb-277d-459b-886f-b591a5b5af62', 'x-compute-request-id': 'req-9ccbf776-9896-4f52-a4fe-94c39b35b8ca', 'vary': 'X-OpenStack-Nova-API-Version', 'connection': 'close', 'x-openstack-nova-api-version': '2.1', 'date': 'Mon, 21 Dec 2015 20:47:13 GMT', 'content-type': 'application/json'}
        Body: {"server": {"status": "BUILD", "updated": "2015-12-21T20:47:12Z", "hostId": "4d1947008d9054ca97c80f32feae11f47c74eda7993878ecac961212", "addresses": {}, "links": [{"href": "http://10.0.2.15:8774/v2.1/ef5164ff34834064bd0af4ac124b17d0/servers/c9c20edb-277d-459b-886f-b591a5b5af62", "rel": "self"}, {"href": "http://10.0.2.15:8774/ef5164ff34834064bd0af4ac124b17d0/servers/c9c20edb-277d-459b-886f-b591a5b5af62", "rel": "bookmark"}], "key_name": "tempest-TestNetworkAdvancedServerOps-1211661975", "image": {"id": "e728bc5a-b7c1-4d8d-9bb4-3b48cd1b61f8", "links": [{"href": "http://10.0.2.15:8774/ef5164ff34834064bd0af4ac124b17d0/images/e728bc5a-b7c1-4d8d-9bb4-3b48cd1b61f8", "rel": "bookmark"}]}, "OS-EXT-STS:task_state": "spawning", "OS-EXT-STS:vm_state": "building", "OS-SRV-USG:launched_at": null, "flavor": {"id": "42", "links": [{"href": "http://10.0.2.15:8774/ef5164ff34834064bd0af4ac124b17d0/flavors/42", "rel": "bookmark"}]}, "id": "c9c20edb-277d-459b-886f-b591a5b5af62", "security_groups": [{"name": "tempest-secgroup-smoke-136590245"}], "OS-SRV-USG:terminated_at": null, "OS-EXT-AZ:availability_zone": "nova", "user_id": "a525fc106a0c49c8905a703f2692250e", "name": "tempest.common.compute-instance-808968785", "created": "2015-12-21T20:47:11Z", "tenant_id": "ef5164ff34834064bd0af4ac124b17d0", "OS-DCF:diskConfig": "MANUAL", "os-extended-volumes:volumes_attached": [], "accessIPv4": "", "accessIPv6": "", "progress": 0, "OS-EXT-STS:power_state": 0, "config_drive": "", "metadata": {}}}
2015-12-21 20:47:13,048 21147 INFO     [tempest.common.waiters] State transition "BUILD/scheduling" ==&gt; "BUILD/spawning" after 2 second wait
2015-12-21 20:47:14,253 21147 INFO     [tempest_lib.common.rest_client] Request (TestNetworkAdvancedServerOps:test_server_connectivity_pause_unpause): 200 GET http://10.0.2.15:8774/v2.1/ef5164ff34834064bd0af4ac124b17d0/servers/c9c20edb-277d-459b-886f-b591a5b5af62 0.203s
2015-12-21 20:47:14,254 21147 DEBUG    [tempest_lib.common.rest_client] Request - Headers: {'Content-Type': 'application/json', 'Accept': 'application/json', 'X-Auth-Token': '&lt;omitted&gt;'}
        Body: None
    Response - Headers: {'status': '200', 'content-length': '1489', 'content-location': 'http://10.0.2.15:8774/v2.1/ef5164ff34834064bd0af4ac124b17d0/servers/c9c20edb-277d-459b-886f-b591a5b5af62', 'x-compute-request-id': 'req-0c588245-f5f5-4bdf-b362-8774e899dd6d', 'vary': 'X-OpenStack-Nova-API-Version', 'connection': 'close', 'x-openstack-nova-api-version': '2.1', 'date': 'Mon, 21 Dec 2015 20:47:14 GMT', 'content-type': 'application/json'}
        Body: {"server": {"status": "BUILD", "updated": "2015-12-21T20:47:12Z", "hostId": "4d1947008d9054ca97c80f32feae11f47c74eda7993878ecac961212", "addresses": {}, "links": [{"href": "http://10.0.2.15:8774/v2.1/ef5164ff34834064bd0af4ac124b17d0/servers/c9c20edb-277d-459b-886f-b591a5b5af62", "rel": "self"}, {"href": "http://10.0.2.15:8774/ef5164ff34834064bd0af4ac124b17d0/servers/c9c20edb-277d-459b-886f-b591a5b5af62", "rel": "bookmark"}], "key_name": "tempest-TestNetworkAdvancedServerOps-1211661975", "image": {"id": "e728bc5a-b7c1-4d8d-9bb4-3b48cd1b61f8", "links": [{"href": "http://10.0.2.15:8774/ef5164ff34834064bd0af4ac124b17d0/images/e728bc5a-b7c1-4d8d-9bb4-3b48cd1b61f8", "rel": "bookmark"}]}, "OS-EXT-STS:task_state": "spawning", "OS-EXT-STS:vm_state": "building", "OS-SRV-USG:launched_at": null, "flavor": {"id": "42", "links": [{"href": "http://10.0.2.15:8774/ef5164ff34834064bd0af4ac124b17d0/flavors/42", "rel": "bookmark"}]}, "id": "c9c20edb-277d-459b-886f-b591a5b5af62", "security_groups": [{"name": "tempest-secgroup-smoke-136590245"}], "OS-SRV-USG:terminated_at": null, "OS-EXT-AZ:availability_zone": "nova", "user_id": "a525fc106a0c49c8905a703f2692250e", "name": "tempest.common.compute-instance-808968785", "created": "2015-12-21T20:47:11Z", "tenant_id": "ef5164ff34834064bd0af4ac124b17d0", "OS-DCF:diskConfig": "MANUAL", "os-extended-volumes:volumes_attached": [], "accessIPv4": "", "accessIPv6": "", "progress": 0, "OS-EXT-STS:power_state": 0, "config_drive": "", "metadata": {}}}
2015-12-21 20:47:15,489 21147 INFO     [tempest_lib.common.rest_client] Request (TestNetworkAdvancedServerOps:test_server_connectivity_pause_unpause): 200 GET http://10.0.2.15:8774/v2.1/ef5164ff34834064bd0af4ac124b17d0/servers/c9c20edb-277d-459b-886f-b591a5b5af62 0.223s
2015-12-21 20:47:15,490 21147 DEBUG    [tempest_lib.common.rest_client] Request - Headers: {'Content-Type': 'application/json', 'Accept': 'application/json', 'X-Auth-Token': '&lt;omitted&gt;'}
        Body: None
    Response - Headers: {'status': '200', 'content-length': '1489', 'content-location': 'http://10.0.2.15:8774/v2.1/ef5164ff34834064bd0af4ac124b17d0/servers/c9c20edb-277d-459b-886f-b591a5b5af62', 'x-compute-request-id': 'req-d314a2a3-e7be-4abf-bddc-c81a598d1088', 'vary': 'X-OpenStack-Nova-API-Version', 'connection': 'close', 'x-openstack-nova-api-version': '2.1', 'date': 'Mon, 21 Dec 2015 20:47:15 GMT', 'content-type': 'application/json'}
        Body: {"server": {"status": "BUILD", "updated": "2015-12-21T20:47:12Z", "hostId": "4d1947008d9054ca97c80f32feae11f47c74eda7993878ecac961212", "addresses": {}, "links": [{"href": "http://10.0.2.15:8774/v2.1/ef5164ff34834064bd0af4ac124b17d0/servers/c9c20edb-277d-459b-886f-b591a5b5af62", "rel": "self"}, {"href": "http://10.0.2.15:8774/ef5164ff34834064bd0af4ac124b17d0/servers/c9c20edb-277d-459b-886f-b591a5b5af62", "rel": "bookmark"}], "key_name": "tempest-TestNetworkAdvancedServerOps-1211661975", "image": {"id": "e728bc5a-b7c1-4d8d-9bb4-3b48cd1b61f8", "links": [{"href": "http://10.0.2.15:8774/ef5164ff34834064bd0af4ac124b17d0/images/e728bc5a-b7c1-4d8d-9bb4-3b48cd1b61f8", "rel": "bookmark"}]}, "OS-EXT-STS:task_state": "spawning", "OS-EXT-STS:vm_state": "building", "OS-SRV-USG:launched_at": null, "flavor": {"id": "42", "links": [{"href": "http://10.0.2.15:8774/ef5164ff34834064bd0af4ac124b17d0/flavors/42", "rel": "bookmark"}]}, "id": "c9c20edb-277d-459b-886f-b591a5b5af62", "security_groups": [{"name": "tempest-secgroup-smoke-136590245"}], "OS-SRV-USG:terminated_at": null, "OS-EXT-AZ:availability_zone": "nova", "user_id": "a525fc106a0c49c8905a703f2692250e", "name": "tempest.common.compute-instance-808968785", "created": "2015-12-21T20:47:11Z", "tenant_id": "ef5164ff34834064bd0af4ac124b17d0", "OS-DCF:diskConfig": "MANUAL", "os-extended-volumes:volumes_attached": [], "accessIPv4": "", "accessIPv6": "", "progress": 0, "OS-EXT-STS:power_state": 0, "config_drive": "", "metadata": {}}}
2015-12-21 20:47:16,753 21147 INFO     [tempest_lib.common.rest_client] Request (TestNetworkAdvancedServerOps:test_server_connectivity_pause_unpause): 200 GET http://10.0.2.15:8774/v2.1/ef5164ff34834064bd0af4ac124b17d0/servers/c9c20edb-277d-459b-886f-b591a5b5af62 0.250s
2015-12-21 20:47:16,753 21147 DEBUG    [tempest_lib.common.rest_client] Request - Headers: {'Content-Type': 'application/json', 'Accept': 'application/json', 'X-Auth-Token': '&lt;omitted&gt;'}
        Body: None
    Response - Headers: {'status': '200', 'content-length': '1489', 'content-location': 'http://10.0.2.15:8774/v2.1/ef5164ff34834064bd0af4ac124b17d0/servers/c9c20edb-277d-459b-886f-b591a5b5af62', 'x-compute-request-id': 'req-ea939178-9e4a-4037-99e0-8f818cb7e4df', 'vary': 'X-OpenStack-Nova-API-Version', 'connection': 'close', 'x-openstack-nova-api-version': '2.1', 'date': 'Mon, 21 Dec 2015 20:47:16 GMT', 'content-type': 'application/json'}
        Body: {"server": {"status": "BUILD", "updated": "2015-12-21T20:47:12Z", "hostId": "4d1947008d9054ca97c80f32feae11f47c74eda7993878ecac961212", "addresses": {}, "links": [{"href": "http://10.0.2.15:8774/v2.1/ef5164ff34834064bd0af4ac124b17d0/servers/c9c20edb-277d-459b-886f-b591a5b5af62", "rel": "self"}, {"href": "http://10.0.2.15:8774/ef5164ff34834064bd0af4ac124b17d0/servers/c9c20edb-277d-459b-886f-b591a5b5af62", "rel": "bookmark"}], "key_name": "tempest-TestNetworkAdvancedServerOps-1211661975", "image": {"id": "e728bc5a-b7c1-4d8d-9bb4-3b48cd1b61f8", "links": [{"href": "http://10.0.2.15:8774/ef5164ff34834064bd0af4ac124b17d0/images/e728bc5a-b7c1-4d8d-9bb4-3b48cd1b61f8", "rel": "bookmark"}]}, "OS-EXT-STS:task_state": "spawning", "OS-EXT-STS:vm_state": "building", "OS-SRV-USG:launched_at": null, "flavor": {"id": "42", "links": [{"href": "http://10.0.2.15:8774/ef5164ff34834064bd0af4ac124b17d0/flavors/42", "rel": "bookmark"}]}, "id": "c9c20edb-277d-459b-886f-b591a5b5af62", "security_groups": [{"name": "tempest-secgroup-smoke-136590245"}], "OS-SRV-USG:terminated_at": null, "OS-EXT-AZ:availability_zone": "nova", "user_id": "a525fc106a0c49c8905a703f2692250e", "name": "tempest.common.compute-instance-808968785", "created": "2015-12-21T20:47:11Z", "tenant_id": "ef5164ff34834064bd0af4ac124b17d0", "OS-DCF:diskConfig": "MANUAL", "os-extended-volumes:volumes_attached": [], "accessIPv4": "", "accessIPv6": "", "progress": 0, "OS-EXT-STS:power_state": 0, "config_drive": "", "metadata": {}}}
2015-12-21 20:47:17,949 21147 INFO     [tempest_lib.common.rest_client] Request (TestNetworkAdvancedServerOps:test_server_connectivity_pause_unpause): 200 GET http://10.0.2.15:8774/v2.1/ef5164ff34834064bd0af4ac124b17d0/servers/c9c20edb-277d-459b-886f-b591a5b5af62 0.183s
2015-12-21 20:47:17,949 21147 DEBUG    [tempest_lib.common.rest_client] Request - Headers: {'Content-Type': 'application/json', 'Accept': 'application/json', 'X-Auth-Token': '&lt;omitted&gt;'}
        Body: None
    Response - Headers: {'status': '200', 'content-length': '1661', 'content-location': 'http://10.0.2.15:8774/v2.1/ef5164ff34834064bd0af4ac124b17d0/servers/c9c20edb-277d-459b-886f-b591a5b5af62', 'x-compute-request-id': 'req-7369b00b-76af-490c-a3fb-20b6d0d59c5c', 'vary': 'X-OpenStack-Nova-API-Version', 'connection': 'close', 'x-openstack-nova-api-version': '2.1', 'date': 'Mon, 21 Dec 2015 20:47:17 GMT', 'content-type': 'application/json'}
        Body: {"server": {"status": "ACTIVE", "updated": "2015-12-21T20:47:16Z", "hostId": "4d1947008d9054ca97c80f32feae11f47c74eda7993878ecac961212", "addresses": {"tempest-network-smoke--1295837062": [{"OS-EXT-IPS-MAC:mac_addr": "fa:16:3e:23:40:39", "version": 4, "addr": "10.100.0.3", "OS-EXT-IPS:type": "fixed"}]}, "links": [{"href": "http://10.0.2.15:8774/v2.1/ef5164ff34834064bd0af4ac124b17d0/servers/c9c20edb-277d-459b-886f-b591a5b5af62", "rel": "self"}, {"href": "http://10.0.2.15:8774/ef5164ff34834064bd0af4ac124b17d0/servers/c9c20edb-277d-459b-886f-b591a5b5af62", "rel": "bookmark"}], "key_name": "tempest-TestNetworkAdvancedServerOps-1211661975", "image": {"id": "e728bc5a-b7c1-4d8d-9bb4-3b48cd1b61f8", "links": [{"href": "http://10.0.2.15:8774/ef5164ff34834064bd0af4ac124b17d0/images/e728bc5a-b7c1-4d8d-9bb4-3b48cd1b61f8", "rel": "bookmark"}]}, "OS-EXT-STS:task_state": null, "OS-EXT-STS:vm_state": "active", "OS-SRV-USG:launched_at": "2015-12-21T20:47:16.000000", "flavor": {"id": "42", "links": [{"href": "http://10.0.2.15:8774/ef5164ff34834064bd0af4ac124b17d0/flavors/42", "rel": "bookmark"}]}, "id": "c9c20edb-277d-459b-886f-b591a5b5af62", "security_groups": [{"name": "tempest-secgroup-smoke-136590245"}], "OS-SRV-USG:terminated_at": null, "OS-EXT-AZ:availability_zone": "nova", "user_id": "a525fc106a0c49c8905a703f2692250e", "name": "tempest.common.compute-instance-808968785", "created": "2015-12-21T20:47:11Z", "tenant_id": "ef5164ff34834064bd0af4ac124b17d0", "OS-DCF:diskConfig": "MANUAL", "os-extended-volumes:volumes_attached": [], "accessIPv4": "", "accessIPv6": "", "progress": 0, "OS-EXT-STS:power_state": 1, "config_drive": "True", "metadata": {}}}
2015-12-21 20:47:17,958 21147 INFO     [tempest.common.waiters] State transition "BUILD/spawning" ==&gt; "ACTIVE/None" after 6 second wait
2015-12-21 20:47:18,153 21147 INFO     [tempest_lib.common.rest_client] Request (TestNetworkAdvancedServerOps:test_server_connectivity_pause_unpause): 200 GET http://10.0.2.15:8774/v2.1/ef5164ff34834064bd0af4ac124b17d0/servers/c9c20edb-277d-459b-886f-b591a5b5af62 0.194s
2015-12-21 20:47:18,153 21147 DEBUG    [tempest_lib.common.rest_client] Request - Headers: {'Content-Type': 'application/json', 'Accept': 'application/json', 'X-Auth-Token': '&lt;omitted&gt;'}
        Body: None
    Response - Headers: {'status': '200', 'content-length': '1661', 'content-location': 'http://10.0.2.15:8774/v2.1/ef5164ff34834064bd0af4ac124b17d0/servers/c9c20edb-277d-459b-886f-b591a5b5af62', 'x-compute-request-id': 'req-51453723-f6b7-45c1-8bb8-03e4fbfcffcc', 'vary': 'X-OpenStack-Nova-API-Version', 'connection': 'close', 'x-openstack-nova-api-version': '2.1', 'date': 'Mon, 21 Dec 2015 20:47:18 GMT', 'content-type': 'application/json'}
        Body: {"server": {"status": "ACTIVE", "updated": "2015-12-21T20:47:16Z", "hostId": "4d1947008d9054ca97c80f32feae11f47c74eda7993878ecac961212", "addresses": {"tempest-network-smoke--1295837062": [{"OS-EXT-IPS-MAC:mac_addr": "fa:16:3e:23:40:39", "version": 4, "addr": "10.100.0.3", "OS-EXT-IPS:type": "fixed"}]}, "links": [{"href": "http://10.0.2.15:8774/v2.1/ef5164ff34834064bd0af4ac124b17d0/servers/c9c20edb-277d-459b-886f-b591a5b5af62", "rel": "self"}, {"href": "http://10.0.2.15:8774/ef5164ff34834064bd0af4ac124b17d0/servers/c9c20edb-277d-459b-886f-b591a5b5af62", "rel": "bookmark"}], "key_name": "tempest-TestNetworkAdvancedServerOps-1211661975", "image": {"id": "e728bc5a-b7c1-4d8d-9bb4-3b48cd1b61f8", "links": [{"href": "http://10.0.2.15:8774/ef5164ff34834064bd0af4ac124b17d0/images/e728bc5a-b7c1-4d8d-9bb4-3b48cd1b61f8", "rel": "bookmark"}]}, "OS-EXT-STS:task_state": null, "OS-EXT-STS:vm_state": "active", "OS-SRV-USG:launched_at": "2015-12-21T20:47:16.000000", "flavor": {"id": "42", "links": [{"href": "http://10.0.2.15:8774/ef5164ff34834064bd0af4ac124b17d0/flavors/42", "rel": "bookmark"}]}, "id": "c9c20edb-277d-459b-886f-b591a5b5af62", "security_groups": [{"name": "tempest-secgroup-smoke-136590245"}], "OS-SRV-USG:terminated_at": null, "OS-EXT-AZ:availability_zone": "nova", "user_id": "a525fc106a0c49c8905a703f2692250e", "name": "tempest.common.compute-instance-808968785", "created": "2015-12-21T20:47:11Z", "tenant_id": "ef5164ff34834064bd0af4ac124b17d0", "OS-DCF:diskConfig": "MANUAL", "os-extended-volumes:volumes_attached": [], "accessIPv4": "", "accessIPv6": "", "progress": 0, "OS-EXT-STS:power_state": 1, "config_drive": "True", "metadata": {}}}
2015-12-21 20:47:18,290 21147 INFO     [tempest_lib.common.rest_client] Request (TestNetworkAdvancedServerOps:test_server_connectivity_pause_unpause): 200 GET http://10.0.2.15:9696/v2.0/ports?status=ACTIVE&amp;fixed_ip=None&amp;device_id=c9c20edb-277d-459b-886f-b591a5b5af62 0.128s
2015-12-21 20:47:18,290 21147 DEBUG    [tempest_lib.common.rest_client] Request - Headers: {'Content-Type': 'application/json', 'Accept': 'application/json', 'X-Auth-Token': '&lt;omitted&gt;'}
        Body: None
    Response - Headers: {'status': '200', 'content-length': '895', 'content-location': 'http://10.0.2.15:9696/v2.0/ports?status=ACTIVE&amp;fixed_ip=None&amp;device_id=c9c20edb-277d-459b-886f-b591a5b5af62', 'connection': 'close', 'date': 'Mon, 21 Dec 2015 20:47:18 GMT', 'content-type': 'application/json; charset=UTF-8', 'x-openstack-request-id': 'req-a39df0ae-2870-4308-90f9-0709e6649bc7'}
        Body: {"ports": [{"status": "ACTIVE", "binding:host_id": "vagrant-ubuntu-trusty-64", "allowed_address_pairs": [], "extra_dhcp_opts": [], "dns_assignment": [{"hostname": "host-10-100-0-3", "ip_address": "10.100.0.3", "fqdn": "host-10-100-0-3.openstacklocal."}], "device_owner": "compute:None", "port_security_enabled": true, "binding:profile": {}, "fixed_ips": [{"subnet_id": "f7660156-cb0d-4d9b-938c-5e81bfb4da76", "ip_address": "10.100.0.3"}], "id": "520a35aa-3d8d-4014-9c93-bcdee6963348", "security_groups": ["57f9006e-d144-4b6b-9b15-20966d0f4eaf"], "device_id": "c9c20edb-277d-459b-886f-b591a5b5af62", "name": "", "admin_state_up": true, "network_id": "cedb6a98-80ce-4cd3-a3f2-1825c80bd305", "dns_name": "", "binding:vif_details": {"port_filter": true}, "binding:vnic_type": "normal", "binding:vif_type": "ovs", "tenant_id": "ef5164ff34834064bd0af4ac124b17d0", "mac_address": "fa:16:3e:23:40:39"}]}
2015-12-21 20:47:18,689 21147 INFO     [tempest_lib.common.rest_client] Request (TestNetworkAdvancedServerOps:test_server_connectivity_pause_unpause): 201 POST http://10.0.2.15:9696/v2.0/floatingips 0.397s
2015-12-21 20:47:18,689 21147 DEBUG    [tempest_lib.common.rest_client] Request - Headers: {'Content-Type': 'application/json', 'Accept': 'application/json', 'X-Auth-Token': '&lt;omitted&gt;'}
        Body: {"floatingip": {"floating_network_id": "81c49aeb-7c11-4474-890f-7e4dd84cf461", "tenant_id": "ef5164ff34834064bd0af4ac124b17d0", "fixed_ip_address": "10.100.0.3", "port_id": "520a35aa-3d8d-4014-9c93-bcdee6963348"}}
    Response - Headers: {'status': '201', 'content-length': '367', 'connection': 'close', 'date': 'Mon, 21 Dec 2015 20:47:18 GMT', 'content-type': 'application/json; charset=UTF-8', 'x-openstack-request-id': 'req-783541d0-1765-403c-8d7a-2ce2cc8d5fe1'}
        Body: {"floatingip": {"floating_network_id": "81c49aeb-7c11-4474-890f-7e4dd84cf461", "router_id": "9b67ee64-d160-48ec-bbe2-d3a8c552d45c", "fixed_ip_address": "10.100.0.3", "floating_ip_address": "172.24.4.4", "tenant_id": "ef5164ff34834064bd0af4ac124b17d0", "status": "DOWN", "port_id": "520a35aa-3d8d-4014-9c93-bcdee6963348", "id": "592057fc-34bd-46e3-a37a-890ebb20007a"}}
2015-12-21 20:47:18,866 21147 INFO     [tempest_lib.common.rest_client] Request (TestNetworkAdvancedServerOps:test_server_connectivity_pause_unpause): 200 GET http://10.0.2.15:8774/v2.1/ef5164ff34834064bd0af4ac124b17d0/servers/c9c20edb-277d-459b-886f-b591a5b5af62 0.175s
2015-12-21 20:47:18,867 21147 DEBUG    [tempest_lib.common.rest_client] Request - Headers: {'Content-Type': 'application/json', 'Accept': 'application/json', 'X-Auth-Token': '&lt;omitted&gt;'}
        Body: None
    Response - Headers: {'status': '200', 'content-length': '1661', 'content-location': 'http://10.0.2.15:8774/v2.1/ef5164ff34834064bd0af4ac124b17d0/servers/c9c20edb-277d-459b-886f-b591a5b5af62', 'x-compute-request-id': 'req-56e330fa-8073-466f-afd0-08adfeca495d', 'vary': 'X-OpenStack-Nova-API-Version', 'connection': 'close', 'x-openstack-nova-api-version': '2.1', 'date': 'Mon, 21 Dec 2015 20:47:18 GMT', 'content-type': 'application/json'}
        Body: {"server": {"status": "ACTIVE", "updated": "2015-12-21T20:47:16Z", "hostId": "4d1947008d9054ca97c80f32feae11f47c74eda7993878ecac961212", "addresses": {"tempest-network-smoke--1295837062": [{"OS-EXT-IPS-MAC:mac_addr": "fa:16:3e:23:40:39", "version": 4, "addr": "10.100.0.3", "OS-EXT-IPS:type": "fixed"}]}, "links": [{"href": "http://10.0.2.15:8774/v2.1/ef5164ff34834064bd0af4ac124b17d0/servers/c9c20edb-277d-459b-886f-b591a5b5af62", "rel": "self"}, {"href": "http://10.0.2.15:8774/ef5164ff34834064bd0af4ac124b17d0/servers/c9c20edb-277d-459b-886f-b591a5b5af62", "rel": "bookmark"}], "key_name": "tempest-TestNetworkAdvancedServerOps-1211661975", "image": {"id": "e728bc5a-b7c1-4d8d-9bb4-3b48cd1b61f8", "links": [{"href": "http://10.0.2.15:8774/ef5164ff34834064bd0af4ac124b17d0/images/e728bc5a-b7c1-4d8d-9bb4-3b48cd1b61f8", "rel": "bookmark"}]}, "OS-EXT-STS:task_state": null, "OS-EXT-STS:vm_state": "active", "OS-SRV-USG:launched_at": "2015-12-21T20:47:16.000000", "flavor": {"id": "42", "links": [{"href": "http://10.0.2.15:8774/ef5164ff34834064bd0af4ac124b17d0/flavors/42", "rel": "bookmark"}]}, "id": "c9c20edb-277d-459b-886f-b591a5b5af62", "security_groups": [{"name": "tempest-secgroup-smoke-136590245"}], "OS-SRV-USG:terminated_at": null, "OS-EXT-AZ:availability_zone": "nova", "user_id": "a525fc106a0c49c8905a703f2692250e", "name": "tempest.common.compute-instance-808968785", "created": "2015-12-21T20:47:11Z", "tenant_id": "ef5164ff34834064bd0af4ac124b17d0", "OS-DCF:diskConfig": "MANUAL", "os-extended-volumes:volumes_attached": [], "accessIPv4": "", "accessIPv6": "", "progress": 0, "OS-EXT-STS:power_state": 1, "config_drive": "True", "metadata": {}}}
2015-12-21 20:47:18,885 21147 INFO     [tempest.scenario.manager] Tenant networks not configured to be reachable.
2015-12-21 20:47:18,898 21147 INFO     [tempest_lib.common.rest_client] Request (TestNetworkAdvancedServerOps:test_server_connectivity_pause_unpause): 200 GET http://10.0.2.15:9696/v2.0/floatingips/592057fc-34bd-46e3-a37a-890ebb20007a 0.012s
2015-12-21 20:47:18,898 21147 DEBUG    [tempest_lib.common.rest_client] Request - Headers: {'Content-Type': 'application/json', 'Accept': 'application/json', 'X-Auth-Token': '&lt;omitted&gt;'}
        Body: None
    Response - Headers: {'status': '200', 'content-length': '367', 'content-location': 'http://10.0.2.15:9696/v2.0/floatingips/592057fc-34bd-46e3-a37a-890ebb20007a', 'connection': 'close', 'date': 'Mon, 21 Dec 2015 20:47:18 GMT', 'content-type': 'application/json; charset=UTF-8', 'x-openstack-request-id': 'req-afefeffe-0240-4b73-80f6-b2d9a32d9101'}
        Body: {"floatingip": {"floating_network_id": "81c49aeb-7c11-4474-890f-7e4dd84cf461", "router_id": "9b67ee64-d160-48ec-bbe2-d3a8c552d45c", "fixed_ip_address": "10.100.0.3", "floating_ip_address": "172.24.4.4", "tenant_id": "ef5164ff34834064bd0af4ac124b17d0", "status": "DOWN", "port_id": "520a35aa-3d8d-4014-9c93-bcdee6963348", "id": "592057fc-34bd-46e3-a37a-890ebb20007a"}}
2015-12-21 20:47:19,914 21147 INFO     [tempest_lib.common.rest_client] Request (TestNetworkAdvancedServerOps:test_server_connectivity_pause_unpause): 200 GET http://10.0.2.15:9696/v2.0/floatingips/592057fc-34bd-46e3-a37a-890ebb20007a 0.013s
2015-12-21 20:47:19,914 21147 DEBUG    [tempest_lib.common.rest_client] Request - Headers: {'Content-Type': 'application/json', 'Accept': 'application/json', 'X-Auth-Token': '&lt;omitted&gt;'}
        Body: None
    Response - Headers: {'status': '200', 'content-length': '369', 'content-location': 'http://10.0.2.15:9696/v2.0/floatingips/592057fc-34bd-46e3-a37a-890ebb20007a', 'connection': 'close', 'date': 'Mon, 21 Dec 2015 20:47:19 GMT', 'content-type': 'application/json; charset=UTF-8', 'x-openstack-request-id': 'req-80b397ce-d77c-49d8-833f-f6bab7b01699'}
        Body: {"floatingip": {"floating_network_id": "81c49aeb-7c11-4474-890f-7e4dd84cf461", "router_id": "9b67ee64-d160-48ec-bbe2-d3a8c552d45c", "fixed_ip_address": "10.100.0.3", "floating_ip_address": "172.24.4.4", "tenant_id": "ef5164ff34834064bd0af4ac124b17d0", "status": "ACTIVE", "port_id": "520a35aa-3d8d-4014-9c93-bcdee6963348", "id": "592057fc-34bd-46e3-a37a-890ebb20007a"}}
2015-12-21 20:47:19,914 21147 INFO     [tempest.scenario.manager] FloatingIP: &lt;"FloatingIP" addr="172.24.4.4" id="592057fc-34bd-46e3-a37a-890ebb20007a"&gt; is at status: ACTIVE
2015-12-21 20:47:19,915 21147 DEBUG    [tempest.scenario.manager] checking network connections to IP 172.24.4.4 with user: cirros
2015-12-21 20:47:19,915 21147 DEBUG    [tempest.scenario.manager] TestNetworkAdvancedServerOps:test_server_connectivity_pause_unpause begins to ping 172.24.4.4 in 120 sec and the expected result is reachable
2015-12-21 20:49:20,157 21147 DEBUG    [tempest.scenario.manager] TestNetworkAdvancedServerOps:test_server_connectivity_pause_unpause finishes ping 172.24.4.4 in 120 sec and the ping result is unexpected
2015-12-21 20:49:20,158 21147 ERROR    [tempest.scenario.manager] Public network connectivity check failed
2015-12-21 20:49:20.158 21147 ERROR tempest.scenario.manager Traceback (most recent call last):
2015-12-21 20:49:20.158 21147 ERROR tempest.scenario.manager   File "tempest/scenario/manager.py", line 608, in check_public_network_connectivity
2015-12-21 20:49:20.158 21147 ERROR tempest.scenario.manager     should_connect=should_connect)
2015-12-21 20:49:20.158 21147 ERROR tempest.scenario.manager   File "tempest/scenario/manager.py", line 592, in check_vm_connectivity
2015-12-21 20:49:20.158 21147 ERROR tempest.scenario.manager     msg=msg)
2015-12-21 20:49:20.158 21147 ERROR tempest.scenario.manager   File "/usr/local/lib/python2.7/dist-packages/unittest2/case.py", line 702, in assertTrue
2015-12-21 20:49:20.158 21147 ERROR tempest.scenario.manager     raise self.failureException(msg)
2015-12-21 20:49:20.158 21147 ERROR tempest.scenario.manager AssertionError: False is not true : Timed out waiting for 172.24.4.4 to become reachable
2015-12-21 20:49:20.158 21147 ERROR tempest.scenario.manager 
2015-12-21 20:49:20,368 21147 INFO     [tempest_lib.common.rest_client] Request (TestNetworkAdvancedServerOps:test_server_connectivity_pause_unpause): 200 POST http://10.0.2.15:8774/v2.1/ef5164ff34834064bd0af4ac124b17d0/servers/c9c20edb-277d-459b-886f-b591a5b5af62/action 0.206s
2015-12-21 20:49:20,369 21147 DEBUG    [tempest_lib.common.rest_client] Request - Headers: {'Content-Type': 'application/json', 'Accept': 'application/json', 'X-Auth-Token': '&lt;omitted&gt;'}
        Body: {"os-getConsoleOutput": {}}
    Response - Headers: {'status': '200', 'content-length': '17429', 'x-compute-request-id': 'req-9f41db63-202d-4698-81de-0f64bed6233f', 'vary': 'X-OpenStack-Nova-API-Version', 'connection': 'close', 'x-openstack-nova-api-version': '2.1', 'date': 'Mon, 21 Dec 2015 20:49:20 GMT', 'content-type': 'application/json'}
        Body: {"output": "[    0.000000] Initializing cgroup subsys cpuset\n[    0.000000] Initializing cgroup subsys cpu\n[    0.000000] Linux version 3.2.0-80-virtual (buildd@batsu) (gcc version 4.6.3 (Ubuntu/Linaro 4.6.3-1ubuntu5) ) #116-Ubuntu SMP Mon Mar 23 17:28:52 UTC 2015 (Ubuntu 3.2.0-80.116-virtual 3.2.68)\n[    0.000000] Command line: root=/dev/vda console=tty0 console=ttyS0 no_timer_check\n[    0.000000] KERNEL supported cpus:\n[    0.000000]   Intel GenuineIntel\n[    0.000000]   AMD AuthenticAMD\n[    0.000000]   Centaur CentaurHauls\n[    0.000000] BIOS-provided physical RAM map:\n[    0.000000]  BIOS-e820: 0000000000000000 - 000000000009fc00 (usable)\n[    0.000000]  BIOS-e820: 000000000009fc00 - 00000000000a0000 (reserved)\n[    0.000000]  BIOS-e820: 00000000000f0000 - 0000000000100000 (reserved)\n[    0.000000]  BIOS-e820: 0000000000100000 - 0000000003ffe000 (usable)\n[    0.000000]  BIOS-e820: 0000000003ffe000 - 0000000004000000 (reserved)\n[    0.000000]  BIOS-e820: 00000000fffc0000 - 0000000100000000 (reserved)\n[    0.000000] NX (Execute Disable) protection: active\n[    0.000000] SMBIOS 2.4 present.\n[    0.000000] No AGP bridge found\n[    0.000000] last_pfn = 0x3ffe max_arch_pfn = 0x400000000\n[    0.000000] x86 PAT enabled: cpu 0, old 0x7040600070406, new 0x7010600070106\n[    0.000000] found SMP MP-table at [ffff8800000f0b00] f0b00\n[    0.000000] init_memory_mapping: 0000000000000000-0000000003ffe000\n[    0.000000] RAMDISK: 03c5e000 - 03ff0000\n[    0.000000] ACPI: RSDP 00000000000f0950 00014 (v00 BOCHS )\n[    0.000000] ACPI: RSDT 0000000003fffbc1 00034 (v01 BOCHS  BXPCRSDT 00000001 BXPC 00000001)\n[    0.000000] ACPI: FACP 0000000003fff1c0 00074 (v01 BOCHS  BXPCFACP 00000001 BXPC 00000001)\n[    0.000000] ACPI: DSDT 0000000003ffe040 01180 (v01 BOCHS  BXPCDSDT 00000001 BXPC 00000001)\n[    0.000000] ACPI: FACS 0000000003ffe000 00040\n[    0.000000] ACPI: SSDT 0000000003fff234 008DD (v01 BOCHS  BXPCSSDT 00000001 BXPC 00000001)\n[    0.000000] ACPI: APIC 0000000003fffb11 00078 (v01 BOCHS  BXPCAPIC 00000001 BXPC 00000001)\n[    0.000000] ACPI: HPET 0000000003fffb89 00038 (v01 BOCHS  BXPCHPET 00000001 BXPC 00000001)\n[    0.000000] No NUMA configuration found\n[    0.000000] Faking a node at 0000000000000000-0000000003ffe000\n[    0.000000] Initmem setup node 0 0000000000000000-0000000003ffe000\n[    0.000000]   NODE_DATA [0000000003ff6000 - 0000000003ffafff]\n[    0.000000] Zone PFN ranges:\n[    0.000000]   DMA      0x00000010 -&gt; 0x00001000\n[    0.000000]   DMA32    0x00001000 -&gt; 0x00100000\n[    0.000000]   Normal   empty\n[    0.000000] Movable zone start PFN for each node\n[    0.000000] early_node_map[2] active PFN ranges\n[    0.000000]     0: 0x00000010 -&gt; 0x0000009f\n[    0.000000]     0: 0x00000100 -&gt; 0x00003ffe\n[    0.000000] ACPI: PM-Timer IO Port: 0xb008\n[    0.000000] ACPI: LAPIC (acpi_id[0x00] lapic_id[0x00] enabled)\n[    0.000000] ACPI: LAPIC_NMI (acpi_id[0xff] dfl dfl lint[0x1])\n[    0.000000] ACPI: IOAPIC (id[0x00] address[0xfec00000] gsi_base[0])\n[    0.000000] IOAPIC[0]: apic_id 0, version 17, address 0xfec00000, GSI 0-23\n[    0.000000] ACPI: INT_SRC_OVR (bus 0 bus_irq 0 global_irq 2 dfl dfl)\n[    0.000000] ACPI: INT_SRC_OVR (bus 0 bus_irq 5 global_irq 5 high level)\n[    0.000000] ACPI: INT_SRC_OVR (bus 0 bus_irq 9 global_irq 9 high level)\n[    0.000000] ACPI: INT_SRC_OVR (bus 0 bus_irq 10 global_irq 10 high level)\n[    0.000000] ACPI: INT_SRC_OVR (bus 0 bus_irq 11 global_irq 11 high level)\n[    0.000000] Using ACPI (MADT) for SMP configuration information\n[    0.000000] ACPI: HPET id: 0x8086a201 base: 0xfed00000\n[    0.000000] SMP: Allowing 1 CPUs, 0 hotplug CPUs\n[    0.000000] PM: Registered nosave memory: 000000000009f000 - 00000000000a0000\n[    0.000000] PM: Registered nosave memory: 00000000000a0000 - 00000000000f0000\n[    0.000000] PM: Registered nosave memory: 00000000000f0000 - 0000000000100000\n[    0.000000] Allocating PCI resources starting at 4000000 (gap: 4000000:fbfc0000)\n[    0.000000] Booting paravirtualized kernel on bare hardware\n[    0.000000] setup_pe
2015-12-21 20:49:20,373 21147 DEBUG    [tempest.scenario.manager] Console output for c9c20edb-277d-459b-886f-b591a5b5af62
body=
[    0.000000] Initializing cgroup subsys cpuset
[    0.000000] Initializing cgroup subsys cpu
[    0.000000] Linux version 3.2.0-80-virtual (buildd@batsu) (gcc version 4.6.3 (Ubuntu/Linaro 4.6.3-1ubuntu5) ) #116-Ubuntu SMP Mon Mar 23 17:28:52 UTC 2015 (Ubuntu 3.2.0-80.116-virtual 3.2.68)
[    0.000000] Command line: root=/dev/vda console=tty0 console=ttyS0 no_timer_check
[    0.000000] KERNEL supported cpus:
[    0.000000]   Intel GenuineIntel
[    0.000000]   AMD AuthenticAMD
[    0.000000]   Centaur CentaurHauls
[    0.000000] BIOS-provided physical RAM map:
[    0.000000]  BIOS-e820: 0000000000000000 - 000000000009fc00 (usable)
[    0.000000]  BIOS-e820: 000000000009fc00 - 00000000000a0000 (reserved)
[    0.000000]  BIOS-e820: 00000000000f0000 - 0000000000100000 (reserved)
[    0.000000]  BIOS-e820: 0000000000100000 - 0000000003ffe000 (usable)
[    0.000000]  BIOS-e820: 0000000003ffe000 - 0000000004000000 (reserved)
[    0.000000]  BIOS-e820: 00000000fffc0000 - 0000000100000000 (reserved)
[    0.000000] NX (Execute Disable) protection: active
[    0.000000] SMBIOS 2.4 present.
[    0.000000] No AGP bridge found
[    0.000000] last_pfn = 0x3ffe max_arch_pfn = 0x400000000
[    0.000000] x86 PAT enabled: cpu 0, old 0x7040600070406, new 0x7010600070106
[    0.000000] found SMP MP-table at [ffff8800000f0b00] f0b00
[    0.000000] init_memory_mapping: 0000000000000000-0000000003ffe000
[    0.000000] RAMDISK: 03c5e000 - 03ff0000
[    0.000000] ACPI: RSDP 00000000000f0950 00014 (v00 BOCHS )
[    0.000000] ACPI: RSDT 0000000003fffbc1 00034 (v01 BOCHS  BXPCRSDT 00000001 BXPC 00000001)
[    0.000000] ACPI: FACP 0000000003fff1c0 00074 (v01 BOCHS  BXPCFACP 00000001 BXPC 00000001)
[    0.000000] ACPI: DSDT 0000000003ffe040 01180 (v01 BOCHS  BXPCDSDT 00000001 BXPC 00000001)
[    0.000000] ACPI: FACS 0000000003ffe000 00040
[    0.000000] ACPI: SSDT 0000000003fff234 008DD (v01 BOCHS  BXPCSSDT 00000001 BXPC 00000001)
[    0.000000] ACPI: APIC 0000000003fffb11 00078 (v01 BOCHS  BXPCAPIC 00000001 BXPC 00000001)
[    0.000000] ACPI: HPET 0000000003fffb89 00038 (v01 BOCHS  BXPCHPET 00000001 BXPC 00000001)
[    0.000000] No NUMA configuration found
[    0.000000] Faking a node at 0000000000000000-0000000003ffe000
[    0.000000] Initmem setup node 0 0000000000000000-0000000003ffe000
[    0.000000]   NODE_DATA [0000000003ff6000 - 0000000003ffafff]
[    0.000000] Zone PFN ranges:
[    0.000000]   DMA      0x00000010 -&gt; 0x00001000
[    0.000000]   DMA32    0x00001000 -&gt; 0x00100000
[    0.000000]   Normal   empty
[    0.000000] Movable zone start PFN for each node
[    0.000000] early_node_map[2] active PFN ranges
[    0.000000]     0: 0x00000010 -&gt; 0x0000009f
[    0.000000]     0: 0x00000100 -&gt; 0x00003ffe
[    0.000000] ACPI: PM-Timer IO Port: 0xb008
[    0.000000] ACPI: LAPIC (acpi_id[0x00] lapic_id[0x00] enabled)
[    0.000000] ACPI: LAPIC_NMI (acpi_id[0xff] dfl dfl lint[0x1])
[    0.000000] ACPI: IOAPIC (id[0x00] address[0xfec00000] gsi_base[0])
[    0.000000] IOAPIC[0]: apic_id 0, version 17, address 0xfec00000, GSI 0-23
[    0.000000] ACPI: INT_SRC_OVR (bus 0 bus_irq 0 global_irq 2 dfl dfl)
[    0.000000] ACPI: INT_SRC_OVR (bus 0 bus_irq 5 global_irq 5 high level)
[    0.000000] ACPI: INT_SRC_OVR (bus 0 bus_irq 9 global_irq 9 high level)
[    0.000000] ACPI: INT_SRC_OVR (bus 0 bus_irq 10 global_irq 10 high level)
[    0.000000] ACPI: INT_SRC_OVR (bus 0 bus_irq 11 global_irq 11 high level)
[    0.000000] Using ACPI (MADT) for SMP configuration information
[    0.000000] ACPI: HPET id: 0x8086a201 base: 0xfed00000
[    0.000000] SMP: Allowing 1 CPUs, 0 hotplug CPUs
[    0.000000] PM: Registered nosave memory: 000000000009f000 - 00000000000a0000
[    0.000000] PM: Registered nosave memory: 00000000000a0000 - 00000000000f0000
[    0.000000] PM: Registered nosave memory: 00000000000f0000 - 0000000000100000
[    0.000000] Allocating PCI resources starting at 4000000 (gap: 4000000:fbfc0000)
[    0.000000] Booting paravirtualized kernel on bare hardware
[    0.000000] setup_percpu: NR_CPUS:64 nr_cpumask_bits:64 nr_cpu_ids:1 nr_node_ids:1
[    0.000000] PERCPU: Embedded 27 pages/cpu @ffff880003a00000 s78848 r8192 d23552 u2097152
[    0.000000] Built 1 zonelists in Node order, mobility grouping on.  Total pages: 16008
[    0.000000] Policy zone: DMA32
[    0.000000] Kernel command line: root=/dev/vda console=tty0 console=ttyS0 no_timer_check
[    0.000000] PID hash table entries: 256 (order: -1, 2048 bytes)
[    0.000000] Checking aperture...
[    0.000000] No AGP bridge found
[    0.000000] Memory: 43492k/65528k available (6576k kernel code, 452k absent, 21584k reserved, 6620k data, 928k init)
[    0.000000] SLUB: Genslabs=15, HWalign=64, Order=0-3, MinObjects=0, CPUs=1, Nodes=1
[    0.000000] Hierarchical RCU implementation.
[    0.000000] 	RCU dyntick-idle grace-period acceleration is enabled.
[    0.000000] NR_IRQS:4352 nr_irqs:256 16
[    0.000000] Console: colour VGA+ 80x25
[    0.000000] console [tty0] enabled
[    0.000000] console [ttyS0] enabled
[    0.000000] allocated 1048576 bytes of page_cgroup
[    0.000000] please try 'cgroup_disable=memory' option if you don't want memory cgroups
[    0.000000] Fast TSC calibration failed
[    0.000000] TSC: Unable to calibrate against PIT
[    0.000000] TSC: using HPET reference calibration
[    0.000000] Detected 2293.932 MHz processor.
[    0.032845] Calibrating delay loop (skipped), value calculated using timer frequency.. 4587.86 BogoMIPS (lpj=9175728)
[    0.036668] pid_max: default: 32768 minimum: 301
[    0.045764] Security Framework initialized
[    0.052794] AppArmor: AppArmor initialized
[    0.053460] Yama: becoming mindful.
[    0.060859] Dentry cache hash table entries: 8192 (order: 4, 65536 bytes)
[    0.062305] Inode-cache hash table entries: 4096 (order: 3, 32768 bytes)
[    0.064533] Mount-cache hash table entries: 256
[    0.079116] Initializing cgroup subsys cpuacct
[    0.080330] Initializing cgroup subsys memory
[    0.081675] Initializing cgroup subsys devices
[    0.082493] Initializing cgroup subsys freezer
[    0.084138] Initializing cgroup subsys blkio
[    0.084857] Initializing cgroup subsys perf_event
[    0.089135] mce: CPU supports 10 MCE banks
[    0.092612] SMP alternatives: switching to UP code
[    0.459175] Freeing SMP alternatives: 24k freed
[    0.461523] ACPI: Core revision 20110623
[    0.514236] ftrace: allocating 26610 entries in 105 pages
[    0.544703] ..TIMER: vector=0x30 apic1=0 pin1=2 apic2=-1 pin2=-1
[    0.546090] CPU0: AMD QEMU Virtual CPU version 2.0.0 stepping 03
[    0.548033] Performance Events: Broken PMU hardware detected, using software events only.
[    0.556548] NMI watchdog disabled (cpu0): hardware events not enabled
[    0.558080] Brought up 1 CPUs
[    0.558649] Total of 1 processors activated (4587.86 BogoMIPS).
[    0.581911] devtmpfs: initialized
[    0.612348] EVM: security.selinux
[    0.612881] EVM: security.SMACK64
[    0.613302] EVM: security.capability
[    0.642635] print_constraints: dummy: 
[    0.644993] RTC time: 20:47:20, date: 12/21/15
[    0.648610] NET: Registered protocol family 16
[    0.657225] ACPI: bus type pci registered
[    0.661186] PCI: Using configuration type 1 for base access
[    0.695101] bio: create slab &lt;bio-0&gt; at 0
[    0.700855] ACPI: Added _OSI(Module Device)
[    0.701441] ACPI: Added _OSI(Processor Device)
[    0.702045] ACPI: Added _OSI(3.0 _SCP Extensions)
[    0.703412] ACPI: Added _OSI(Processor Aggregator Device)
[    0.781348] ACPI: Interpreter enabled
[    0.782220] ACPI: (supports S0 S3 S4 S5)
[    0.784420] ACPI: Using IOAPIC for interrupt routing
[    0.857554] ACPI: No dock devices found.
[    0.858170] HEST: Table not found.
[    0.858639] PCI: Using host bridge windows from ACPI; if necessary, use "pci=nocrs" and report a bug
[    0.864619] ACPI: PCI Root Bridge [PCI0] (domain 0000 [bus 00-ff])
[    0.869689] pci_root PNP0A03:00: host bridge window [io  0x0000-0x0cf7]
[    0.870397] pci_root PNP0A03:00: host bridge window [io  0x0d00-0xadff]
[    0.872107] pci_root PNP0A03:00: host bridge window [io  0xae0f-0xaeff]
[    0.873088] pci_root PNP0A03:00: host bridge window [io  0xaf20-0xafdf]
[    0.873965] pci_root PNP0A03:00: host bridge window [io  0xafe4-0xffff]
[    0.874795] pci_root PNP0A03:00: host bridge window [mem 0x000a0000-0x000bffff]
[    0.876119] pci_root PNP0A03:00: host bridge window [mem 0x04000000-0xfebfffff]
[    0.897765] pci 0000:00:01.3: quirk: [io  0xb000-0xb03f] claimed by PIIX4 ACPI
[    0.898888] pci 0000:00:01.3: quirk: [io  0xb100-0xb10f] claimed by PIIX4 SMB
[    0.985460]  pci0000:00: Unable to request _OSC control (_OSC support mask: 0x1e)
[    1.041505] ACPI: PCI Interrupt Link [LNKA] (IRQs 5 *10 11)
[    1.045229] ACPI: PCI Interrupt Link [LNKB] (IRQs 5 *10 11)
[    1.046940] ACPI: PCI Interrupt Link [LNKC] (IRQs 5 10 *11)
[    1.049398] ACPI: PCI Interrupt Link [LNKD] (IRQs 5 10 *11)
[    1.051071] ACPI: PCI Interrupt Link [LNKS] (IRQs *9)
[    1.058072] vgaarb: device added: PCI:0000:00:02.0,decodes=io+mem,owns=io+mem,locks=none
[    1.059114] vgaarb: loaded
[    1.060159] vgaarb: bridge control possible 0000:00:02.0
[    1.064644] i2c-core: driver [aat2870] using legacy suspend method
[    1.065345] i2c-core: driver [aat2870] using legacy resume method
[    1.069273] SCSI subsystem initialized
[    1.073148] usbcore: registered new interface driver usbfs
[    1.074233] usbcore: registered new interface driver hub
[    1.076241] usbcore: registered new device driver usb
[    1.080649] PCI: Using ACPI for IRQ routing
[    1.091348] NetLabel: Initializing
[    1.092163] NetLabel:  domain hash size = 128
[    1.092665] NetLabel:  protocols = UNLABELED CIPSOv4
[    1.094567] NetLabel:  unlabeled traffic allowed by default
[    1.097876] HPET: 3 timers in total, 0 timers will be used for per-cpu timer
[    1.099334] hpet0: at MMIO 0xfed00000, IRQs 2, 8, 0
[    1.100933] hpet0: 3 comparators, 64-bit 100.000000 MHz counter
[    1.114697] Switching to clocksource hpet
[    1.345567] AppArmor: AppArmor Filesystem Enabled
[    1.347011] pnp: PnP ACPI init
[    1.347614] ACPI: bus type pnp registered
[    1.369484] pnp: PnP ACPI: found 9 devices
[    1.370115] ACPI: ACPI bus type pnp unregistered
[    1.426086] NET: Registered protocol family 2
[    1.459801] IP route cache hash table entries: 512 (order: 0, 4096 bytes)
[    1.468727] TCP established hash table entries: 2048 (order: 3, 32768 bytes)
[    1.470968] TCP bind hash table entries: 2048 (order: 3, 32768 bytes)
[    1.472117] TCP: Hash tables configured (established 2048 bind 2048)
[    1.473955] TCP reno registered
[    1.474560] UDP hash table entries: 128 (order: 0, 4096 bytes)
[    1.475248] UDP-Lite hash table entries: 128 (order: 0, 4096 bytes)
[    1.478716] NET: Registered protocol family 1
[    1.479716] pci 0000:00:00.0: Limiting direct PCI/PCI transfers
[    1.481536] pci 0000:00:01.0: PIIX3: Enabling Passive Release
[    1.482556] pci 0000:00:01.0: Activating ISA DMA hang workarounds
[    1.487548] ACPI: PCI Interrupt Link [LNKD] enabled at IRQ 11
[    1.489332] pci 0000:00:01.2: PCI INT D -&gt; Link[LNKD] -&gt; GSI 11 (level, high) -&gt; IRQ 11
[    1.490971] pci 0000:00:01.2: PCI INT D disabled
[    1.518292] Trying to unpack rootfs image as initramfs...
[    1.543620] audit: initializing netlink socket (disabled)
[    1.549581] type=2000 audit(1450730840.544:1): initialized
[    1.847817] HugeTLB registered 2 MB page size, pre-allocated 0 pages
[    1.950348] VFS: Disk quotas dquot_6.5.2
[    1.954232] Dquot-cache hash table entries: 512 (order 0, 4096 bytes)
[    1.977508] fuse init (API version 7.17)
[    1.994464] msgmni has been set to 84
[    2.031395] Block layer SCSI generic (bsg) driver version 0.4 loaded (major 253)
[    2.034365] io scheduler noop registered
[    2.034857] io scheduler deadline registered (default)
[    2.036145] io scheduler cfq registered
[    2.039997] pci_hotplug: PCI Hot Plug PCI Core version: 0.5
[    2.042856] pciehp: PCI Express Hot Plug Controller Driver version: 0.4
[    2.050082] input: Power Button as /devices/LNXSYSTM:00/LNXPWRBN:00/input/input0
[    2.051739] ACPI: Power Button [PWRF]
[    2.132454] ERST: Table is not found!
[    2.134008] GHES: HEST is not enabled!
[    2.147872] ACPI: PCI Interrupt Link [LNKC] enabled at IRQ 10
[    2.150605] virtio-pci 0000:00:03.0: PCI INT A -&gt; Link[LNKC] -&gt; GSI 10 (level, high) -&gt; IRQ 10
[    2.155611] virtio-pci 0000:00:04.0: PCI INT A -&gt; Link[LNKD] -&gt; GSI 11 (level, high) -&gt; IRQ 11
[    2.187087] ACPI: PCI Interrupt Link [LNKA] enabled at IRQ 10
[    2.187886] virtio-pci 0000:00:05.0: PCI INT A -&gt; Link[LNKA] -&gt; GSI 10 (level, high) -&gt; IRQ 10
[    2.201886] Serial: 8250/16550 driver, 32 ports, IRQ sharing enabled
[    2.246795] serial8250: ttyS0 at I/O 0x3f8 (irq = 4) is a 16550A
[    2.329010] serial8250: ttyS1 at I/O 0x2f8 (irq = 3) is a 16550A
[    2.453221] 00:05: ttyS0 at I/O 0x3f8 (irq = 4) is a 16550A
[    2.525148] 00:06: ttyS1 at I/O 0x2f8 (irq = 3) is a 16550A
[    2.526214] Refined TSC clocksource calibration: 2293.937 MHz.
[    2.526934] Switching to clocksource tsc
[    2.577142] Linux agpgart interface v0.103
[    2.657946] brd: module loaded
[    2.683062] loop: module loaded
[    2.738056]  vda: unknown partition table
[    2.802284] scsi0 : ata_piix
[    2.806042] scsi1 : ata_piix
[    2.807350] ata1: PATA max MWDMA2 cmd 0x1f0 ctl 0x3f6 bmdma 0xc0a0 irq 14
[    2.809159] ata2: PATA max MWDMA2 cmd 0x170 ctl 0x376 bmdma 0xc0a8 irq 15
[    2.819078] Fixed MDIO Bus: probed
[    2.820032] tun: Universal TUN/TAP device driver, 1.6
[    2.820976] tun: (C) 1999-2004 Max Krasnyansky &lt;maxk@qualcomm.com&gt;
[    2.835011] PPP generic driver version 2.4.2
[    2.859087] ehci_hcd: USB 2.0 'Enhanced' Host Controller (EHCI) Driver
[    2.860994] ohci_hcd: USB 1.1 'Open' Host Controller (OHCI) Driver
[    2.861838] uhci_hcd: USB Universal Host Controller Interface driver
[    2.862824] uhci_hcd 0000:00:01.2: PCI INT D -&gt; Link[LNKD] -&gt; GSI 11 (level, high) -&gt; IRQ 11
[    2.866898] uhci_hcd 0000:00:01.2: UHCI Host Controller
[    2.878575] uhci_hcd 0000:00:01.2: new USB bus registered, assigned bus number 1
[    2.881310] uhci_hcd 0000:00:01.2: irq 11, io base 0x0000c040
[    2.918191] hub 1-0:1.0: USB hub found
[    2.919478] hub 1-0:1.0: 2 ports detected
[    2.925962] usbcore: registered new interface driver libusual
[    2.928650] i8042: PNP: PS/2 Controller [PNP0303:KBD,PNP0f13:MOU] at 0x60,0x64 irq 1,12
[    2.935072] serio: i8042 KBD port at 0x60,0x64 irq 1
[    2.936174] serio: i8042 AUX port at 0x60,0x64 irq 12
[    2.970873] mousedev: PS/2 mouse device common for all mice
[    2.987511] input: AT Translated Set 2 keyboard as /devices/platform/i8042/serio0/input/input1
[    2.993916] rtc_cmos 00:01: RTC can wake from S4
[    3.026772] rtc_cmos 00:01: rtc core: registered rtc_cmos as rtc0
[    3.031432] rtc0: alarms up to one day, 114 bytes nvram, hpet irqs
[    3.038427] device-mapper: uevent: version 1.0.3
[    3.062382] ata2.01: ATAPI: QEMU DVD-ROM, 2.0.0, max UDMA/100
[    3.076879] ata2.01: configured for MWDMA2
[    3.089840] device-mapper: ioctl: 4.22.0-ioctl (2011-10-19) initialised: dm-devel@redhat.com
[    3.094782] cpuidle: using governor ladder
[    3.097349] cpuidle: using governor menu
[    3.098579] EFI Variables Facility v0.08 2004-May-17
[    3.122485] TCP cubic registered
[    3.125869] NET: Registered protocol family 10
[    3.167233] NET: Registered protocol family 17
[    3.169208] Registering the dns_resolver key type
[    3.205700] scsi 1:0:1:0: CD-ROM            QEMU     QEMU DVD-ROM     2.0. PQ: 0 ANSI: 5
[    3.234743] sr0: scsi3-mmc drive: 4x/4x cd/rw xa/form2 tray
[    3.236174] cdrom: Uniform CD-ROM driver Revision: 3.20
[    3.257322] sr 1:0:1:0: Attached scsi generic sg0 type 5
[    3.306868] Freeing initrd memory: 3656k freed
[    3.321626] registered taskstats version 1
[    3.807221]   Magic number: 11:972:801
[    3.817578] rtc_cmos 00:01: setting system clock to 2015-12-21 20:47:23 UTC (1450730843)
[    3.819602] powernow-k8: Processor cpuid 663 not supported
[    3.826883] BIOS EDD facility v0.16 2004-Jun-25, 0 devices found
[    3.829049] EDD information not available.
[    3.906382] Freeing unused kernel memory: 928k freed
[    3.914488] Write protecting the kernel read-only data: 12288k
[    4.014208] Freeing unused kernel memory: 1596k freed
[    4.097080] Freeing unused kernel memory: 1184k freed

info: initramfs: up at 4.26
modprobe: module virtio_blk not found in modules.dep
modprobe: module virtio_net not found in modules.dep
info: copying initramfs to /dev/vda
info: initramfs loading root from /dev/vda
info: /etc/init.d/rc.sysinit: up at 9.12
info: container: none
Starting logging: OK
modprobe: module virtio_blk not found in modules.dep
modprobe: module virtio_net not found in modules.dep
WARN: /etc/rc3.d/S10-load-modules failed
Initializing random number generator... done.
Starting acpid: OK
cirros-ds 'local' up at 11.64
found datasource (configdrive, local)
Starting network...
udhcpc (v1.20.1) started
Sending discover...
Sending discover...

2015-12-21 20:49:20,587 21147 INFO     [tempest_lib.common.rest_client] Request (TestNetworkAdvancedServerOps:_run_cleanups): 204 DELETE http://10.0.2.15:9696/v2.0/floatingips/592057fc-34bd-46e3-a37a-890ebb20007a 0.208s
2015-12-21 20:49:20,587 21147 DEBUG    [tempest_lib.common.rest_client] Request - Headers: {'Content-Type': 'application/json', 'Accept': 'application/json', 'X-Auth-Token': '&lt;omitted&gt;'}
        Body: None
    Response - Headers: {'date': 'Mon, 21 Dec 2015 20:49:20 GMT', 'status': '204', 'connection': 'close', 'content-length': '0', 'x-openstack-request-id': 'req-425e0189-bb78-4ef2-97e7-e184d4160fa6'}
        Body: 
2015-12-21 20:49:20,926 21147 INFO     [tempest_lib.common.rest_client] Request (TestNetworkAdvancedServerOps:_run_cleanups): 204 DELETE http://10.0.2.15:8774/v2.1/ef5164ff34834064bd0af4ac124b17d0/servers/c9c20edb-277d-459b-886f-b591a5b5af62 0.337s
2015-12-21 20:49:20,927 21147 DEBUG    [tempest_lib.common.rest_client] Request - Headers: {'Content-Type': 'application/json', 'Accept': 'application/json', 'X-Auth-Token': '&lt;omitted&gt;'}
        Body: None
    Response - Headers: {'status': '204', 'content-length': '0', 'x-compute-request-id': 'req-3e2da0ba-b905-49af-8cfa-5060a23a827d', 'vary': 'X-OpenStack-Nova-API-Version', 'connection': 'close', 'x-openstack-nova-api-version': '2.1', 'date': 'Mon, 21 Dec 2015 20:49:20 GMT', 'content-type': 'application/json'}
        Body: 
2015-12-21 20:49:21,124 21147 INFO     [tempest_lib.common.rest_client] Request (TestNetworkAdvancedServerOps:_run_cleanups): 200 GET http://10.0.2.15:8774/v2.1/ef5164ff34834064bd0af4ac124b17d0/servers/c9c20edb-277d-459b-886f-b591a5b5af62 0.196s
2015-12-21 20:49:21,125 21147 DEBUG    [tempest_lib.common.rest_client] Request - Headers: {'Content-Type': 'application/json', 'Accept': 'application/json', 'X-Auth-Token': '&lt;omitted&gt;'}
        Body: None
    Response - Headers: {'status': '200', 'content-length': '1784', 'content-location': 'http://10.0.2.15:8774/v2.1/ef5164ff34834064bd0af4ac124b17d0/servers/c9c20edb-277d-459b-886f-b591a5b5af62', 'x-compute-request-id': 'req-6e6d4f30-1aaa-4289-b75e-1093272552f3', 'vary': 'X-OpenStack-Nova-API-Version', 'connection': 'close', 'x-openstack-nova-api-version': '2.1', 'date': 'Mon, 21 Dec 2015 20:49:21 GMT', 'content-type': 'application/json'}
        Body: {"server": {"status": "ACTIVE", "updated": "2015-12-21T20:49:20Z", "hostId": "4d1947008d9054ca97c80f32feae11f47c74eda7993878ecac961212", "addresses": {"tempest-network-smoke--1295837062": [{"OS-EXT-IPS-MAC:mac_addr": "fa:16:3e:23:40:39", "version": 4, "addr": "10.100.0.3", "OS-EXT-IPS:type": "fixed"}, {"OS-EXT-IPS-MAC:mac_addr": "fa:16:3e:23:40:39", "version": 4, "addr": "172.24.4.4", "OS-EXT-IPS:type": "floating"}]}, "links": [{"href": "http://10.0.2.15:8774/v2.1/ef5164ff34834064bd0af4ac124b17d0/servers/c9c20edb-277d-459b-886f-b591a5b5af62", "rel": "self"}, {"href": "http://10.0.2.15:8774/ef5164ff34834064bd0af4ac124b17d0/servers/c9c20edb-277d-459b-886f-b591a5b5af62", "rel": "bookmark"}], "key_name": "tempest-TestNetworkAdvancedServerOps-1211661975", "image": {"id": "e728bc5a-b7c1-4d8d-9bb4-3b48cd1b61f8", "links": [{"href": "http://10.0.2.15:8774/ef5164ff34834064bd0af4ac124b17d0/images/e728bc5a-b7c1-4d8d-9bb4-3b48cd1b61f8", "rel": "bookmark"}]}, "OS-EXT-STS:task_state": "deleting", "OS-EXT-STS:vm_state": "active", "OS-SRV-USG:launched_at": "2015-12-21T20:47:16.000000", "flavor": {"id": "42", "links": [{"href": "http://10.0.2.15:8774/ef5164ff34834064bd0af4ac124b17d0/flavors/42", "rel": "bookmark"}]}, "id": "c9c20edb-277d-459b-886f-b591a5b5af62", "security_groups": [{"name": "tempest-secgroup-smoke-136590245"}], "OS-SRV-USG:terminated_at": null, "OS-EXT-AZ:availability_zone": "nova", "user_id": "a525fc106a0c49c8905a703f2692250e", "name": "tempest.common.compute-instance-808968785", "created": "2015-12-21T20:47:11Z", "tenant_id": "ef5164ff34834064bd0af4ac124b17d0", "OS-DCF:diskConfig": "MANUAL", "os-extended-volumes:volumes_attached": [], "accessIPv4": "", "accessIPv6": "", "progress": 0, "OS-EXT-STS:power_state": 1, "config_drive": "True", "metadata": {}}}
2015-12-21 20:49:22,267 21147 INFO     [tempest_lib.common.rest_client] Request (TestNetworkAdvancedServerOps:_run_cleanups): 200 GET http://10.0.2.15:8774/v2.1/ef5164ff34834064bd0af4ac124b17d0/servers/c9c20edb-277d-459b-886f-b591a5b5af62 0.128s
2015-12-21 20:49:22,268 21147 DEBUG    [tempest_lib.common.rest_client] Request - Headers: {'Content-Type': 'application/json', 'Accept': 'application/json', 'X-Auth-Token': '&lt;omitted&gt;'}
        Body: None
    Response - Headers: {'status': '200', 'content-length': '1449', 'content-location': 'http://10.0.2.15:8774/v2.1/ef5164ff34834064bd0af4ac124b17d0/servers/c9c20edb-277d-459b-886f-b591a5b5af62', 'x-compute-request-id': 'req-152d5b07-cf28-4f19-9394-a29b76094488', 'vary': 'X-OpenStack-Nova-API-Version', 'connection': 'close', 'x-openstack-nova-api-version': '2.1', 'date': 'Mon, 21 Dec 2015 20:49:22 GMT', 'content-type': 'application/json'}
        Body: {"server": {"status": "ACTIVE", "updated": "2015-12-21T20:49:21Z", "hostId": "4d1947008d9054ca97c80f32feae11f47c74eda7993878ecac961212", "addresses": {}, "links": [{"href": "http://10.0.2.15:8774/v2.1/ef5164ff34834064bd0af4ac124b17d0/servers/c9c20edb-277d-459b-886f-b591a5b5af62", "rel": "self"}, {"href": "http://10.0.2.15:8774/ef5164ff34834064bd0af4ac124b17d0/servers/c9c20edb-277d-459b-886f-b591a5b5af62", "rel": "bookmark"}], "key_name": "tempest-TestNetworkAdvancedServerOps-1211661975", "image": {"id": "e728bc5a-b7c1-4d8d-9bb4-3b48cd1b61f8", "links": [{"href": "http://10.0.2.15:8774/ef5164ff34834064bd0af4ac124b17d0/images/e728bc5a-b7c1-4d8d-9bb4-3b48cd1b61f8", "rel": "bookmark"}]}, "OS-EXT-STS:task_state": "deleting", "OS-EXT-STS:vm_state": "active", "OS-SRV-USG:launched_at": "2015-12-21T20:47:16.000000", "flavor": {"id": "42", "links": [{"href": "http://10.0.2.15:8774/ef5164ff34834064bd0af4ac124b17d0/flavors/42", "rel": "bookmark"}]}, "id": "c9c20edb-277d-459b-886f-b591a5b5af62", "OS-SRV-USG:terminated_at": null, "OS-EXT-AZ:availability_zone": "nova", "user_id": "a525fc106a0c49c8905a703f2692250e", "name": "tempest.common.compute-instance-808968785", "created": "2015-12-21T20:47:11Z", "tenant_id": "ef5164ff34834064bd0af4ac124b17d0", "OS-DCF:diskConfig": "MANUAL", "os-extended-volumes:volumes_attached": [], "accessIPv4": "", "accessIPv6": "", "progress": 0, "OS-EXT-STS:power_state": 1, "config_drive": "True", "metadata": {}}}
2015-12-21 20:49:23,489 21147 INFO     [tempest_lib.common.rest_client] Request (TestNetworkAdvancedServerOps:_run_cleanups): 404 GET http://10.0.2.15:8774/v2.1/ef5164ff34834064bd0af4ac124b17d0/servers/c9c20edb-277d-459b-886f-b591a5b5af62 0.210s
2015-12-21 20:49:23,491 21147 DEBUG    [tempest_lib.common.rest_client] Request - Headers: {'Content-Type': 'application/json', 'Accept': 'application/json', 'X-Auth-Token': '&lt;omitted&gt;'}
        Body: None
    Response - Headers: {'status': '404', 'content-length': '111', 'x-compute-request-id': 'req-6e03dffe-ebf3-4858-a764-b6c048d72566', 'vary': 'X-OpenStack-Nova-API-Version', 'connection': 'close', 'x-openstack-nova-api-version': '2.1', 'date': 'Mon, 21 Dec 2015 20:49:23 GMT', 'content-type': 'application/json; charset=UTF-8'}
        Body: {"itemNotFound": {"message": "Instance c9c20edb-277d-459b-886f-b591a5b5af62 could not be found.", "code": 404}}
2015-12-21 20:49:23,825 21147 INFO     [tempest_lib.common.rest_client] Request (TestNetworkAdvancedServerOps:_run_cleanups): 200 PUT http://10.0.2.15:9696/v2.0/routers/9b67ee64-d160-48ec-bbe2-d3a8c552d45c/remove_router_interface 0.332s
2015-12-21 20:49:23,826 21147 DEBUG    [tempest_lib.common.rest_client] Request - Headers: {'Content-Type': 'application/json', 'Accept': 'application/json', 'X-Auth-Token': '&lt;omitted&gt;'}
        Body: {"subnet_id": "f7660156-cb0d-4d9b-938c-5e81bfb4da76"}
    Response - Headers: {'status': '200', 'content-length': '255', 'connection': 'close', 'date': 'Mon, 21 Dec 2015 20:49:23 GMT', 'content-type': 'application/json; charset=UTF-8', 'x-openstack-request-id': 'req-335037b6-5e6b-472c-a668-b0227d5c94de'}
        Body: {"subnet_id": "f7660156-cb0d-4d9b-938c-5e81bfb4da76", "tenant_id": "ef5164ff34834064bd0af4ac124b17d0", "subnet_ids": ["f7660156-cb0d-4d9b-938c-5e81bfb4da76"], "port_id": "4a1385fe-6950-4796-ae29-e29685a8b135", "id": "9b67ee64-d160-48ec-bbe2-d3a8c552d45c"}
2015-12-21 20:49:24,181 21147 INFO     [tempest_lib.common.rest_client] Request (TestNetworkAdvancedServerOps:_run_cleanups): 204 DELETE http://10.0.2.15:9696/v2.0/subnets/f7660156-cb0d-4d9b-938c-5e81bfb4da76 0.354s
2015-12-21 20:49:24,181 21147 DEBUG    [tempest_lib.common.rest_client] Request - Headers: {'Content-Type': 'application/json', 'Accept': 'application/json', 'X-Auth-Token': '&lt;omitted&gt;'}
        Body: None
    Response - Headers: {'date': 'Mon, 21 Dec 2015 20:49:24 GMT', 'status': '204', 'connection': 'close', 'content-length': '0', 'x-openstack-request-id': 'req-2ec5d04e-8d37-4678-9d11-93bc42f6cd26'}
        Body: 
2015-12-21 20:49:24,222 21147 INFO     [tempest_lib.common.rest_client] Request (TestNetworkAdvancedServerOps:_run_cleanups): 200 GET http://10.0.2.15:9696/v2.0/routers/9b67ee64-d160-48ec-bbe2-d3a8c552d45c 0.039s
2015-12-21 20:49:24,223 21147 DEBUG    [tempest_lib.common.rest_client] Request - Headers: {'Content-Type': 'application/json', 'Accept': 'application/json', 'X-Auth-Token': '&lt;omitted&gt;'}
        Body: None
    Response - Headers: {'status': '200', 'content-length': '501', 'content-location': 'http://10.0.2.15:9696/v2.0/routers/9b67ee64-d160-48ec-bbe2-d3a8c552d45c', 'connection': 'close', 'date': 'Mon, 21 Dec 2015 20:49:24 GMT', 'content-type': 'application/json; charset=UTF-8', 'x-openstack-request-id': 'req-42d551cb-c469-4ea5-b35e-38f16a5d0c6f'}
        Body: {"router": {"status": "ACTIVE", "external_gateway_info": {"network_id": "81c49aeb-7c11-4474-890f-7e4dd84cf461", "enable_snat": true, "external_fixed_ips": [{"subnet_id": "255a5d53-1dc8-4a43-9602-651c040d3eb4", "ip_address": "172.24.4.3"}, {"subnet_id": "403b1161-43f9-4339-9d21-97eb01a6fd11", "ip_address": "2001:db8::3"}]}, "name": "tempest-router-smoke-1201863437", "admin_state_up": true, "tenant_id": "ef5164ff34834064bd0af4ac124b17d0", "routes": [], "id": "9b67ee64-d160-48ec-bbe2-d3a8c552d45c"}}
2015-12-21 20:49:24,608 21147 INFO     [tempest_lib.common.rest_client] Request (TestNetworkAdvancedServerOps:_run_cleanups): 200 PUT http://10.0.2.15:9696/v2.0/routers/9b67ee64-d160-48ec-bbe2-d3a8c552d45c 0.384s
2015-12-21 20:49:24,608 21147 DEBUG    [tempest_lib.common.rest_client] Request - Headers: {'Content-Type': 'application/json', 'Accept': 'application/json', 'X-Auth-Token': '&lt;omitted&gt;'}
        Body: {"router": {"external_gateway_info": {}, "name": "tempest-router-smoke-1201863437", "admin_state_up": true}}
    Response - Headers: {'status': '200', 'content-length': '239', 'connection': 'close', 'date': 'Mon, 21 Dec 2015 20:49:24 GMT', 'content-type': 'application/json; charset=UTF-8', 'x-openstack-request-id': 'req-9b1bc2d0-150f-40f5-92a1-30323ec4fa36'}
        Body: {"router": {"status": "ACTIVE", "external_gateway_info": null, "name": "tempest-router-smoke-1201863437", "admin_state_up": true, "tenant_id": "ef5164ff34834064bd0af4ac124b17d0", "routes": [], "id": "9b67ee64-d160-48ec-bbe2-d3a8c552d45c"}}
2015-12-21 20:49:24,800 21147 INFO     [tempest_lib.common.rest_client] Request (TestNetworkAdvancedServerOps:_run_cleanups): 204 DELETE http://10.0.2.15:9696/v2.0/routers/9b67ee64-d160-48ec-bbe2-d3a8c552d45c 0.191s
2015-12-21 20:49:24,801 21147 DEBUG    [tempest_lib.common.rest_client] Request - Headers: {'Content-Type': 'application/json', 'Accept': 'application/json', 'X-Auth-Token': '&lt;omitted&gt;'}
        Body: None
    Response - Headers: {'date': 'Mon, 21 Dec 2015 20:49:24 GMT', 'status': '204', 'connection': 'close', 'content-length': '0', 'x-openstack-request-id': 'req-7b68b4d4-97a6-41cb-bcca-89cba4b4fbdc'}
        Body: 
2015-12-21 20:49:24,966 21147 INFO     [tempest_lib.common.rest_client] Request (TestNetworkAdvancedServerOps:_run_cleanups): 204 DELETE http://10.0.2.15:9696/v2.0/networks/cedb6a98-80ce-4cd3-a3f2-1825c80bd305 0.165s
2015-12-21 20:49:24,967 21147 DEBUG    [tempest_lib.common.rest_client] Request - Headers: {'Content-Type': 'application/json', 'Accept': 'application/json', 'X-Auth-Token': '&lt;omitted&gt;'}
        Body: None
    Response - Headers: {'date': 'Mon, 21 Dec 2015 20:49:24 GMT', 'status': '204', 'connection': 'close', 'content-length': '0', 'x-openstack-request-id': 'req-cdd83933-a79d-4885-ae66-2761611739a7'}
        Body: 
2015-12-21 20:49:25,025 21147 INFO     [tempest_lib.common.rest_client] Request (TestNetworkAdvancedServerOps:_run_cleanups): 204 DELETE http://10.0.2.15:9696/v2.0/security-group-rules/6cdcafef-a414-4325-98e7-945cf90fc486 0.058s
2015-12-21 20:49:25,025 21147 DEBUG    [tempest_lib.common.rest_client] Request - Headers: {'Content-Type': 'application/json', 'Accept': 'application/json', 'X-Auth-Token': '&lt;omitted&gt;'}
        Body: None
    Response - Headers: {'date': 'Mon, 21 Dec 2015 20:49:25 GMT', 'status': '204', 'connection': 'close', 'content-length': '0', 'x-openstack-request-id': 'req-f87fe923-f327-44d6-b9e7-445c8f556fab'}
        Body: 
2015-12-21 20:49:25,068 21147 INFO     [tempest_lib.common.rest_client] Request (TestNetworkAdvancedServerOps:_run_cleanups): 204 DELETE http://10.0.2.15:9696/v2.0/security-group-rules/1b908799-0b23-47f5-aa37-a8f4d1b2ad8a 0.042s
2015-12-21 20:49:25,069 21147 DEBUG    [tempest_lib.common.rest_client] Request - Headers: {'Content-Type': 'application/json', 'Accept': 'application/json', 'X-Auth-Token': '&lt;omitted&gt;'}
        Body: None
    Response - Headers: {'date': 'Mon, 21 Dec 2015 20:49:25 GMT', 'status': '204', 'connection': 'close', 'content-length': '0', 'x-openstack-request-id': 'req-aa7abfa0-ad39-4f84-9808-bd3e54abdeca'}
        Body: 
2015-12-21 20:49:25,113 21147 INFO     [tempest_lib.common.rest_client] Request (TestNetworkAdvancedServerOps:_run_cleanups): 204 DELETE http://10.0.2.15:9696/v2.0/security-group-rules/a52b6eb8-3fe8-4103-91a8-5ac7e6058b60 0.044s
2015-12-21 20:49:25,114 21147 DEBUG    [tempest_lib.common.rest_client] Request - Headers: {'Content-Type': 'application/json', 'Accept': 'application/json', 'X-Auth-Token': '&lt;omitted&gt;'}
        Body: None
    Response - Headers: {'date': 'Mon, 21 Dec 2015 20:49:25 GMT', 'status': '204', 'connection': 'close', 'content-length': '0', 'x-openstack-request-id': 'req-cd8f2f0d-90bd-45f6-92b2-c8f8c17d0259'}
        Body: 
2015-12-21 20:49:25,167 21147 INFO     [tempest_lib.common.rest_client] Request (TestNetworkAdvancedServerOps:_run_cleanups): 204 DELETE http://10.0.2.15:9696/v2.0/security-group-rules/57ad4411-b16a-489d-ae82-1b6d45a68c08 0.051s
2015-12-21 20:49:25,167 21147 DEBUG    [tempest_lib.common.rest_client] Request - Headers: {'Content-Type': 'application/json', 'Accept': 'application/json', 'X-Auth-Token': '&lt;omitted&gt;'}
        Body: None
    Response - Headers: {'date': 'Mon, 21 Dec 2015 20:49:25 GMT', 'status': '204', 'connection': 'close', 'content-length': '0', 'x-openstack-request-id': 'req-a28376b7-982f-4c2c-bf38-029029854e92'}
        Body: 
2015-12-21 20:49:25,217 21147 INFO     [tempest_lib.common.rest_client] Request (TestNetworkAdvancedServerOps:_run_cleanups): 204 DELETE http://10.0.2.15:9696/v2.0/security-group-rules/b80add2a-4520-4ebf-b29c-fbcc807106bb 0.048s
2015-12-21 20:49:25,217 21147 DEBUG    [tempest_lib.common.rest_client] Request - Headers: {'Content-Type': 'application/json', 'Accept': 'application/json', 'X-Auth-Token': '&lt;omitted&gt;'}
        Body: None
    Response - Headers: {'date': 'Mon, 21 Dec 2015 20:49:25 GMT', 'status': '204', 'connection': 'close', 'content-length': '0', 'x-openstack-request-id': 'req-b9456af8-e212-4d62-a830-39c8a8b5ae15'}
        Body: 
2015-12-21 20:49:25,265 21147 INFO     [tempest_lib.common.rest_client] Request (TestNetworkAdvancedServerOps:_run_cleanups): 204 DELETE http://10.0.2.15:9696/v2.0/security-group-rules/9b575bf1-9bea-4549-8445-6a9999aebd4b 0.047s
2015-12-21 20:49:25,265 21147 DEBUG    [tempest_lib.common.rest_client] Request - Headers: {'Content-Type': 'application/json', 'Accept': 'application/json', 'X-Auth-Token': '&lt;omitted&gt;'}
        Body: None
    Response - Headers: {'date': 'Mon, 21 Dec 2015 20:49:25 GMT', 'status': '204', 'connection': 'close', 'content-length': '0', 'x-openstack-request-id': 'req-ada309c2-d653-4d66-bb2d-867fb976d79f'}
