<?xml version="1.0" encoding="UTF-8"?>
<!DOCTYPE html PUBLIC "-//W3C//DTD XHTML 1.0 Strict//EN"
     "http://www.w3.org/TR/xhtml1/DTD/xhtml1-strict.dtd">
<html xmlns="http://www.w3.org/1999/xhtml">
<head>
    <title>Unit Test Report</title>
    <meta name="generator" content="subunit2html 0.1"/>
    <meta http-equiv="Content-Type" content="text/html; charset=UTF-8"/>
    
<style type="text/css" media="screen">
body        { font-family: verdana, arial, helvetica, sans-serif;
    font-size: 80%; }
table       { font-size: 100%; width: 100%;}
pre         { font-size: 80%; }

/* -- heading -------------------------------------------------------------- */
h1 {
        font-size: 16pt;
        color: gray;
}
.heading {
    margin-top: 0ex;
    margin-bottom: 1ex;
}

.heading .attribute {
    margin-top: 1ex;
    margin-bottom: 0;
}

.heading .description {
    margin-top: 4ex;
    margin-bottom: 6ex;
}

/* -- css div popup -------------------------------------------------------- */
a.popup_link {
}

a.popup_link:hover {
    color: red;
}

.popup_window {
    display: none;
    overflow-x: scroll;
    /*border: solid #627173 1px; */
    padding: 10px;
    background-color: #E6E6D6;
    font-family: "Ubuntu Mono", "Lucida Console", "Courier New", monospace;
    text-align: left;
    font-size: 8pt;
}

}
/* -- report --------------------------------------------------------------- */
#show_detail_line {
    margin-top: 3ex;
    margin-bottom: 1ex;
}
#result_table {
    width: 100%;
    border-collapse: collapse;
    border: 1px solid #777;
}
#header_row {
    font-weight: bold;
    color: white;
    background-color: #777;
}
#result_table td {
    border: 1px solid #777;
    padding: 2px;
}
#total_row  { font-weight: bold; }
.passClass  { background-color: #6c6; }
.failClass  { background-color: #c60; }
.errorClass { background-color: #c00; }
.passCase   { color: #6c6; }
.failCase   { color: #c60; font-weight: bold; }
.errorCase  { color: #c00; font-weight: bold; }
.hiddenRow  { display: none; }
.testcase   { margin-left: 2em; }
td.testname {width: 40%}
td.small {width: 40px}

/* -- ending --------------------------------------------------------------- */
#ending {
}

</style>

</head>
<body>
<script language="javascript" type="text/javascript"><!--
output_list = Array();

/* level - 0:Summary; 1:Failed; 2:All */
function showCase(level) {
    trs = document.getElementsByTagName("tr");
    for (var i = 0; i < trs.length; i++) {
        tr = trs[i];
        id = tr.id;
        if (id.substr(0,2) == 'ft') {
            if (level < 1) {
                tr.className = 'hiddenRow';
            }
            else {
                tr.className = '';
            }
        }
        if (id.substr(0,2) == 'pt') {
            if (level > 1) {
                tr.className = '';
            }
            else {
                tr.className = 'hiddenRow';
            }
        }
    }
}


function showClassDetail(cid, count) {
    var id_list = Array(count);
    var toHide = 1;
    for (var i = 0; i < count; i++) {
        tid0 = 't' + cid.substr(1) + '.' + (i+1);
        tid = 'f' + tid0;
        tr = document.getElementById(tid);
        if (!tr) {
            tid = 'p' + tid0;
            tr = document.getElementById(tid);
        }
        id_list[i] = tid;
        if (tr.className) {
            toHide = 0;
        }
    }
    for (var i = 0; i < count; i++) {
        tid = id_list[i];
        if (toHide) {
            document.getElementById('div_'+tid).style.display = 'none'
            document.getElementById(tid).className = 'hiddenRow';
        }
        else {
            document.getElementById(tid).className = '';
        }
    }
}


function showTestDetail(div_id){
    var details_div = document.getElementById(div_id)
    var displayState = details_div.style.display
    // alert(displayState)
    if (displayState != 'block' ) {
        displayState = 'block'
        details_div.style.display = 'block'
    }
    else {
        details_div.style.display = 'none'
    }
}


function html_escape(s) {
    s = s.replace(/&/g,'&amp;');
    s = s.replace(/</g,'&lt;');
    s = s.replace(/>/g,'&gt;');
    return s;
}

/* obsoleted by detail in <div>
function showOutput(id, name) {
    var w = window.open("", //url
                    name,
                    "resizable,scrollbars,status,width=800,height=450");
    d = w.document;
    d.write("<pre>");
    d.write(html_escape(output_list[id]));
    d.write("\n");
    d.write("<a href='javascript:window.close()'>close</a>\n");
    d.write("</pre>\n");
    d.close();
}
*/
--></script>

<div class='heading'>
<h1>Unit Test Report</h1>

<p class='attribute'><strong>Status:</strong> Failure 6</p>

<p class='description'></p>
</div>



<p id='show_detail_line'>Show
<a href='javascript:showCase(0)'>Summary</a>
<a href='javascript:showCase(1)'>Failed</a>
<a href='javascript:showCase(2)'>All</a>
</p>
<table id='result_table'>
<colgroup>
<col align='left' />
<col align='right' />
<col align='right' />
<col align='right' />
<col align='right' />
<col align='right' />
<col align='right' />
<col align='right' />
</colgroup>
<tr id='header_row'>
    <td>Test Group/Test case</td>
    <td>Count</td>
    <td>Pass</td>
    <td>Fail</td>
    <td>Error</td>
    <td>Skip</td>
    <td>View</td>
    <td> </td>
</tr>

<tr class='failClass'>
    <td class="testname">tempest.scenario.test_network_advanced_server_ops.TestNetworkAdvancedServerOps</td>
    <td class="small">6</td>
    <td class="small">0</td>
    <td class="small">6</td>
    <td class="small">0</td>
    <td class="small">0</td>
    <td class="small"><a href="javascript:showClassDetail('c1',6)"
>Detail</a></td>
    <td> </td>
</tr>

<tr id='ft1.1' class='none'>
    <td class='failCase'><div class='testcase'>test_server_connectivity_pause_unpause[compute,id-2b2642db-6568-4b35-b812-eceed3fa20ce,network]</div></td>
    <td colspan='7' align='left'>

    <!--css div popup start-->
    <a class="popup_link" onfocus='this.blur();'
    href="javascript:showTestDetail('div_ft1.1')" >
        fail</a>

    <div id='div_ft1.1' class="popup_window">
        <div style='text-align: right; color:red;cursor:pointer'>
        <a onfocus='this.blur();'
onclick="document.getElementById('div_ft1.1').style.display = 'none' " >
           [x]</a>
        </div>
        <pre>
        
ft1.1: tempest.scenario.test_network_advanced_server_ops.TestNetworkAdvancedServerOps.test_server_connectivity_pause_unpause[compute,id-2b2642db-6568-4b35-b812-eceed3fa20ce,network]_StringException: Empty attachments:
  stderr
  stdout

pythonlogging:'': {{{
2015-12-11 07:36:49,244 24472 INFO     [tempest_lib.common.rest_client] Request (TestNetworkAdvancedServerOps:test_server_connectivity_pause_unpause): 200 POST http://10.0.2.15:8774/v2.1/c1b8338161b74ac980cc9679615d65c6/os-keypairs 0.445s
2015-12-11 07:36:49,244 24472 DEBUG    [tempest_lib.common.rest_client] Request - Headers: {'Content-Type': 'application/json', 'Accept': 'application/json', 'X-Auth-Token': '&lt;omitted&gt;'}
        Body: {"keypair": {"name": "tempest-TestNetworkAdvancedServerOps-1436672866"}}
    Response - Headers: {'status': '200', 'content-length': '2330', 'x-compute-request-id': 'req-0e9fb475-94e1-45ba-a240-86c67a53b5dc', 'vary': 'X-OpenStack-Nova-API-Version', 'connection': 'close', 'x-openstack-nova-api-version': '2.1', 'date': 'Fri, 11 Dec 2015 07:36:49 GMT', 'content-type': 'application/json'}
        Body: {"keypair": {"public_key": "ssh-rsa AAAAB3NzaC1yc2EAAAADAQABAAABAQCOuzgQUrtbHROhEq9h4HbipmsSca670xQLy3UGPU+n7Gm7I722Qwoy+B1v/5lFAg5iU0A0tKM+ixPfOxBE5A/d71TgxlZmzQaIALwq3qCsByRFkoLW/lE2uez4FVgR3U+8Eevl978IeGkv612/lMhB7ZrJIdB1xKipRlBwG2cKi+4VEUbncyjUjAiWOvBg52aFPQtqCFvBc+udv0kzed4DKJ9JwIe84HVRBXAbuVUYDJHm3X4bbBhx3d2itX0gI5QAE8Kx2b+UGHJ9B+b8fKRQUOw8Vb0iEu84e6j2V6Hy4jNZ+rgjNsZHqocGns9V+FE+lefZfx0Q/uCpqwon9WEl Generated-by-Nova", "private_key": "-----BEGIN RSA PRIVATE KEY-----\nMIIEqAIBAAKCAQEAjrs4EFK7Wx0ToRKvYeB24qZrEnGuu9MUC8t1Bj1Pp+xpuyO9\ntkMKMvgdb/+ZRQIOYlNANLSjPosT3zsQROQP3e9U4MZWZs0GiAC8Kt6grAckRZKC\n1v5RNrns+BVYEd1PvBHr5fe/CHhpL+tdv5TIQe2aySHQdcSoqUZQcBtnCovuFRFG\n53Mo1IwIljrwYOdmhT0LaghbwXPrnb9JM3neAyifScCHvOB1UQVwG7lVGAyR5t1+\nG2wYcd3dorV9ICOUABPCsdm/lBhyfQfm/HykUFDsPFW9IhLvOHuo9leh8uIzWfq4\nIzbGR6qHBp7PVfhRPpXn2X8dEP7gqasKJ/VhJQIDAQABAoIBAEVoqeTWNqIiS69i\npMMWIvopL5xyiCRyiycJM8lq+1eP0gLdaJ4/j7AllDsosuIqE9Cg53I5/cCmZW2D\nDXBS75xfjIkaKl4nieuNX/QA+2Vsu6jRjKr8VYYleCVUS9W0J9gvZuYYSl/WHmDd\nNmO5+ICHCWSR+wuqLNLUjL1Xtg4cMCbRVeZH423m1fOtkrYdbihdTTZ7UJceDCXX\nSF7+A31rlpxQ1xwXWUaAs+edxV04O0bUM9STJQDU42iOTmX7yzuqL/vf97y3vNbj\nsHb+dxtiACP7BkcLG71idbOL3VRZT2fuM9F18FAIvXVdq4wsAzx11qjFw285FiG3\nWGHHq8ECggCBALyPqxP2AJ4XqbsNz13U6SThnuFbjyp+0xivaEGOnDkyEIfr60wr\nXTCK9R1dZErgmUrXlOmReY/S4EvHGx6ocnhCU5HU2vUiJ13IUor2XvofJlUMPmYl\ngkqmMAwr4cXY7Y88AtTV/IHh/pUGIQQAp05OdbkLE5fMQ6+le99pu/cZAoIAgQDB\nx3KYeozTuVj2S1wli+lmyJ7XqNceDw24YENpl3r3ktEErvNshyGEP62RFxhq9CPc\n7I36FMaM5QUWHI6iOn9ookim7ShGQSv6zbve/54333MUtLd10LY2la77xMbaks86\nH+Ia/JDcW9TNqVQIhvISDTYWPNVK6VkJsrzQSV137QKCAIB6A92IRR+RLW6/g+gz\np5pWK0lMOpshvH+M8bRc95NPz32y9o6D82uSBdkm70/+w+dt7qKFoYUv9Bz/7A84\nf3fTKdg5/arSBQ/EN+Rx14sN/yomzo1yO8Nb2r4sohiulfjjPsn2P6HtyfebJyQm\nGuYoXcz/uJMtHxiNiF/n6dufwQKCAIBvz5yQ3M2bcSwi2TLvOz7Ont4AhByz7G23\nQFxFdjFu3tkaQbSVn5c4TuHggRoGxJ5Y4Gm/rfMu4wq/SnUGqIhRoKoZH2iIuRwe\nWE2aC5aImLc3cFsXcPlin5XbEhzHi8RkvnbhqXAQpjAxBw5E6VCOF+9of2t3ERPe\nI7MM3/g9tQKCAIEAiJqsdQqrTA+Btv+BN0K4934HVsC+TTIjVyeCFUeQnmYsPg28\nhmQ6w0O/ciHCPlUESJRN9fpIkFgms47u7JgmPKkWXOSszgrcPN+lgTaxH2Cxy4h/\nbdIej2A2GPA08wwga2bDXA7Ad4+8GUjACmr1k78BQ9dzYE96HBu/54xLDkc=\n-----END RSA PRIVATE KEY-----\n", "user_id": "05ab6b600226422f896c676218cd0200", "name": "tempest-TestNetworkAdvancedServerOps-1436672866", "fingerprint": "b1:f3:d5:41:d5:3e:4c:01:e0:ef:9e:bb:8c:b6:4b:c5"}}
2015-12-11 07:36:49,582 24472 INFO     [tempest_lib.common.rest_client] Request (TestNetworkAdvancedServerOps:test_server_connectivity_pause_unpause): 201 POST http://10.0.2.15:9696/v2.0/security-groups 0.332s
2015-12-11 07:36:49,583 24472 DEBUG    [tempest_lib.common.rest_client] Request - Headers: {'Content-Type': 'application/json', 'Accept': 'application/json', 'X-Auth-Token': '&lt;omitted&gt;'}
        Body: {"security_group": {"tenant_id": "c1b8338161b74ac980cc9679615d65c6", "description": "tempest-secgroup-smoke-589343299 description", "name": "tempest-secgroup-smoke-589343299"}}
    Response - Headers: {'status': '201', 'content-length': '886', 'connection': 'close', 'date': 'Fri, 11 Dec 2015 07:36:49 GMT', 'content-type': 'application/json; charset=UTF-8', 'x-openstack-request-id': 'req-84e780ea-4ed5-48e7-88a1-c5fdfb93b059'}
        Body: {"security_group": {"tenant_id": "c1b8338161b74ac980cc9679615d65c6", "description": "tempest-secgroup-smoke-589343299 description", "id": "9bb5c831-93be-4f5f-b778-ee0f526c064f", "security_group_rules": [{"remote_group_id": null, "direction": "egress", "remote_ip_prefix": null, "protocol": null, "ethertype": "IPv4", "tenant_id": "c1b8338161b74ac980cc9679615d65c6", "port_range_max": null, "port_range_min": null, "id": "e29e3c7d-eb1c-4e64-bfba-0d16e80bff33", "security_group_id": "9bb5c831-93be-4f5f-b778-ee0f526c064f"}, {"remote_group_id": null, "direction": "egress", "remote_ip_prefix": null, "protocol": null, "ethertype": "IPv6", "tenant_id": "c1b8338161b74ac980cc9679615d65c6", "port_range_max": null, "port_range_min": null, "id": "dae02011-dcde-456a-a80c-03f02b20ad05", "security_group_id": "9bb5c831-93be-4f5f-b778-ee0f526c064f"}], "name": "tempest-secgroup-smoke-589343299"}}
2015-12-11 07:36:49,700 24472 INFO     [tempest_lib.common.rest_client] Request (TestNetworkAdvancedServerOps:test_server_connectivity_pause_unpause): 201 POST http://10.0.2.15:9696/v2.0/security-group-rules 0.116s
2015-12-11 07:36:49,701 24472 DEBUG    [tempest_lib.common.rest_client] Request - Headers: {'Content-Type': 'application/json', 'Accept': 'application/json', 'X-Auth-Token': '&lt;omitted&gt;'}
        Body: {"security_group_rule": {"direction": "ingress", "protocol": "tcp", "tenant_id": "c1b8338161b74ac980cc9679615d65c6", "port_range_max": 22, "security_group_id": "9bb5c831-93be-4f5f-b778-ee0f526c064f", "port_range_min": 22}}
    Response - Headers: {'status': '201', 'content-length': '340', 'connection': 'close', 'date': 'Fri, 11 Dec 2015 07:36:49 GMT', 'content-type': 'application/json; charset=UTF-8', 'x-openstack-request-id': 'req-983353b2-6fe8-41a6-b250-858435abfd68'}
        Body: {"security_group_rule": {"remote_group_id": null, "direction": "ingress", "remote_ip_prefix": null, "protocol": "tcp", "ethertype": "IPv4", "tenant_id": "c1b8338161b74ac980cc9679615d65c6", "port_range_max": 22, "port_range_min": 22, "id": "d1430d3b-26f2-4c57-8bb1-cca78a721e02", "security_group_id": "9bb5c831-93be-4f5f-b778-ee0f526c064f"}}
2015-12-11 07:36:49,819 24472 INFO     [tempest_lib.common.rest_client] Request (TestNetworkAdvancedServerOps:test_server_connectivity_pause_unpause): 201 POST http://10.0.2.15:9696/v2.0/security-group-rules 0.116s
2015-12-11 07:36:49,820 24472 DEBUG    [tempest_lib.common.rest_client] Request - Headers: {'Content-Type': 'application/json', 'Accept': 'application/json', 'X-Auth-Token': '&lt;omitted&gt;'}
        Body: {"security_group_rule": {"direction": "egress", "protocol": "tcp", "tenant_id": "c1b8338161b74ac980cc9679615d65c6", "port_range_max": 22, "security_group_id": "9bb5c831-93be-4f5f-b778-ee0f526c064f", "port_range_min": 22}}
    Response - Headers: {'status': '201', 'content-length': '339', 'connection': 'close', 'date': 'Fri, 11 Dec 2015 07:36:49 GMT', 'content-type': 'application/json; charset=UTF-8', 'x-openstack-request-id': 'req-241313dd-58f8-4e81-be05-589de8f03feb'}
        Body: {"security_group_rule": {"remote_group_id": null, "direction": "egress", "remote_ip_prefix": null, "protocol": "tcp", "ethertype": "IPv4", "tenant_id": "c1b8338161b74ac980cc9679615d65c6", "port_range_max": 22, "port_range_min": 22, "id": "c47e5d60-1fc5-4f66-98d4-17edaa5f4eb7", "security_group_id": "9bb5c831-93be-4f5f-b778-ee0f526c064f"}}
2015-12-11 07:36:50,065 24472 INFO     [tempest_lib.common.rest_client] Request (TestNetworkAdvancedServerOps:test_server_connectivity_pause_unpause): 201 POST http://10.0.2.15:9696/v2.0/security-group-rules 0.244s
2015-12-11 07:36:50,066 24472 DEBUG    [tempest_lib.common.rest_client] Request - Headers: {'Content-Type': 'application/json', 'Accept': 'application/json', 'X-Auth-Token': '&lt;omitted&gt;'}
        Body: {"security_group_rule": {"tenant_id": "c1b8338161b74ac980cc9679615d65c6", "direction": "ingress", "protocol": "icmp", "security_group_id": "9bb5c831-93be-4f5f-b778-ee0f526c064f"}}
    Response - Headers: {'status': '201', 'content-length': '345', 'connection': 'close', 'date': 'Fri, 11 Dec 2015 07:36:50 GMT', 'content-type': 'application/json; charset=UTF-8', 'x-openstack-request-id': 'req-20f55b14-0e08-409c-8a19-7c75cdfca35e'}
        Body: {"security_group_rule": {"remote_group_id": null, "direction": "ingress", "remote_ip_prefix": null, "protocol": "icmp", "ethertype": "IPv4", "tenant_id": "c1b8338161b74ac980cc9679615d65c6", "port_range_max": null, "port_range_min": null, "id": "d5a0b985-2984-466f-b7b6-54133e2c5922", "security_group_id": "9bb5c831-93be-4f5f-b778-ee0f526c064f"}}
2015-12-11 07:36:50,178 24472 INFO     [tempest_lib.common.rest_client] Request (TestNetworkAdvancedServerOps:test_server_connectivity_pause_unpause): 201 POST http://10.0.2.15:9696/v2.0/security-group-rules 0.111s
2015-12-11 07:36:50,179 24472 DEBUG    [tempest_lib.common.rest_client] Request - Headers: {'Content-Type': 'application/json', 'Accept': 'application/json', 'X-Auth-Token': '&lt;omitted&gt;'}
        Body: {"security_group_rule": {"tenant_id": "c1b8338161b74ac980cc9679615d65c6", "direction": "egress", "protocol": "icmp", "security_group_id": "9bb5c831-93be-4f5f-b778-ee0f526c064f"}}
    Response - Headers: {'status': '201', 'content-length': '344', 'connection': 'close', 'date': 'Fri, 11 Dec 2015 07:36:50 GMT', 'content-type': 'application/json; charset=UTF-8', 'x-openstack-request-id': 'req-7fc21daa-54d7-4108-977c-2966380f73db'}
        Body: {"security_group_rule": {"remote_group_id": null, "direction": "egress", "remote_ip_prefix": null, "protocol": "icmp", "ethertype": "IPv4", "tenant_id": "c1b8338161b74ac980cc9679615d65c6", "port_range_max": null, "port_range_min": null, "id": "07634b85-3f99-4e95-8c5d-5d95be128a24", "security_group_id": "9bb5c831-93be-4f5f-b778-ee0f526c064f"}}
2015-12-11 07:36:50,291 24472 INFO     [tempest_lib.common.rest_client] Request (TestNetworkAdvancedServerOps:test_server_connectivity_pause_unpause): 201 POST http://10.0.2.15:9696/v2.0/security-group-rules 0.111s
2015-12-11 07:36:50,291 24472 DEBUG    [tempest_lib.common.rest_client] Request - Headers: {'Content-Type': 'application/json', 'Accept': 'application/json', 'X-Auth-Token': '&lt;omitted&gt;'}
        Body: {"security_group_rule": {"tenant_id": "c1b8338161b74ac980cc9679615d65c6", "direction": "ingress", "security_group_id": "9bb5c831-93be-4f5f-b778-ee0f526c064f", "protocol": "icmp", "ethertype": "IPv6"}}
    Response - Headers: {'status': '201', 'content-length': '345', 'connection': 'close', 'date': 'Fri, 11 Dec 2015 07:36:50 GMT', 'content-type': 'application/json; charset=UTF-8', 'x-openstack-request-id': 'req-ff90990c-2cfd-4dac-90c3-9a806255664b'}
        Body: {"security_group_rule": {"remote_group_id": null, "direction": "ingress", "remote_ip_prefix": null, "protocol": "icmp", "ethertype": "IPv6", "tenant_id": "c1b8338161b74ac980cc9679615d65c6", "port_range_max": null, "port_range_min": null, "id": "6d9b6078-8a3e-4f7a-856c-66c0c5b6b1a2", "security_group_id": "9bb5c831-93be-4f5f-b778-ee0f526c064f"}}
2015-12-11 07:36:50,400 24472 INFO     [tempest_lib.common.rest_client] Request (TestNetworkAdvancedServerOps:test_server_connectivity_pause_unpause): 201 POST http://10.0.2.15:9696/v2.0/security-group-rules 0.108s
2015-12-11 07:36:50,400 24472 DEBUG    [tempest_lib.common.rest_client] Request - Headers: {'Content-Type': 'application/json', 'Accept': 'application/json', 'X-Auth-Token': '&lt;omitted&gt;'}
        Body: {"security_group_rule": {"tenant_id": "c1b8338161b74ac980cc9679615d65c6", "direction": "egress", "security_group_id": "9bb5c831-93be-4f5f-b778-ee0f526c064f", "protocol": "icmp", "ethertype": "IPv6"}}
    Response - Headers: {'status': '201', 'content-length': '344', 'connection': 'close', 'date': 'Fri, 11 Dec 2015 07:36:50 GMT', 'content-type': 'application/json; charset=UTF-8', 'x-openstack-request-id': 'req-770c42e2-956d-4f09-a2e6-6ee2411e82ba'}
        Body: {"security_group_rule": {"remote_group_id": null, "direction": "egress", "remote_ip_prefix": null, "protocol": "icmp", "ethertype": "IPv6", "tenant_id": "c1b8338161b74ac980cc9679615d65c6", "port_range_max": null, "port_range_min": null, "id": "43e5e225-a40d-4b68-927a-6e3999e471ca", "security_group_id": "9bb5c831-93be-4f5f-b778-ee0f526c064f"}}
2015-12-11 07:36:50,559 24472 INFO     [tempest_lib.common.rest_client] Request (TestNetworkAdvancedServerOps:test_server_connectivity_pause_unpause): 201 POST http://10.0.2.15:9696/v2.0/networks 0.158s
2015-12-11 07:36:50,560 24472 DEBUG    [tempest_lib.common.rest_client] Request - Headers: {'Content-Type': 'application/json', 'Accept': 'application/json', 'X-Auth-Token': '&lt;omitted&gt;'}
        Body: {"network": {"tenant_id": "c1b8338161b74ac980cc9679615d65c6", "name": "tempest-network-smoke--1530485744"}}
    Response - Headers: {'status': '201', 'content-length': '296', 'connection': 'close', 'date': 'Fri, 11 Dec 2015 07:36:50 GMT', 'content-type': 'application/json; charset=UTF-8', 'x-openstack-request-id': 'req-9bb40850-2ed7-4188-a786-210a28ca1dc6'}
        Body: {"network": {"status": "ACTIVE", "subnets": [], "name": "tempest-network-smoke--1530485744", "admin_state_up": true, "tenant_id": "c1b8338161b74ac980cc9679615d65c6", "mtu": 0, "router:external": false, "shared": false, "port_security_enabled": true, "id": "9faeacc8-556d-4853-9d94-7682e4eee700"}}
2015-12-11 07:36:50,631 24472 INFO     [tempest_lib.common.rest_client] Request (TestNetworkAdvancedServerOps:test_server_connectivity_pause_unpause): 201 POST http://10.0.2.15:9696/v2.0/routers 0.069s
2015-12-11 07:36:50,632 24472 DEBUG    [tempest_lib.common.rest_client] Request - Headers: {'Content-Type': 'application/json', 'Accept': 'application/json', 'X-Auth-Token': '&lt;omitted&gt;'}
        Body: {"router": {"tenant_id": "c1b8338161b74ac980cc9679615d65c6", "name": "tempest-router-smoke-713283295", "admin_state_up": true}}
    Response - Headers: {'status': '201', 'content-length': '238', 'connection': 'close', 'date': 'Fri, 11 Dec 2015 07:36:50 GMT', 'content-type': 'application/json; charset=UTF-8', 'x-openstack-request-id': 'req-f0cb8265-0acc-46ac-abbb-e769de870d2f'}
        Body: {"router": {"status": "ACTIVE", "external_gateway_info": null, "name": "tempest-router-smoke-713283295", "admin_state_up": true, "tenant_id": "c1b8338161b74ac980cc9679615d65c6", "routes": [], "id": "2deefdb0-5942-441a-a6dc-a46942a2ab80"}}
2015-12-11 07:36:50,677 24472 INFO     [tempest_lib.common.rest_client] Request (TestNetworkAdvancedServerOps:test_server_connectivity_pause_unpause): 200 GET http://10.0.2.15:9696/v2.0/routers/2deefdb0-5942-441a-a6dc-a46942a2ab80 0.044s
2015-12-11 07:36:50,678 24472 DEBUG    [tempest_lib.common.rest_client] Request - Headers: {'Content-Type': 'application/json', 'Accept': 'application/json', 'X-Auth-Token': '&lt;omitted&gt;'}
        Body: None
    Response - Headers: {'status': '200', 'content-length': '238', 'content-location': 'http://10.0.2.15:9696/v2.0/routers/2deefdb0-5942-441a-a6dc-a46942a2ab80', 'connection': 'close', 'date': 'Fri, 11 Dec 2015 07:36:50 GMT', 'content-type': 'application/json; charset=UTF-8', 'x-openstack-request-id': 'req-874d29f9-e8f1-4073-be77-e14f7baa5800'}
        Body: {"router": {"status": "ACTIVE", "external_gateway_info": null, "name": "tempest-router-smoke-713283295", "admin_state_up": true, "tenant_id": "c1b8338161b74ac980cc9679615d65c6", "routes": [], "id": "2deefdb0-5942-441a-a6dc-a46942a2ab80"}}
2015-12-11 07:36:51,214 24472 INFO     [tempest_lib.common.rest_client] Request (TestNetworkAdvancedServerOps:test_server_connectivity_pause_unpause): 200 PUT http://10.0.2.15:9696/v2.0/routers/2deefdb0-5942-441a-a6dc-a46942a2ab80 0.535s
2015-12-11 07:36:51,214 24472 DEBUG    [tempest_lib.common.rest_client] Request - Headers: {'Content-Type': 'application/json', 'Accept': 'application/json', 'X-Auth-Token': '&lt;omitted&gt;'}
        Body: {"router": {"external_gateway_info": {"network_id": "b7b09001-85e0-45f6-9ce1-0064f8897943"}, "name": "tempest-router-smoke-713283295", "admin_state_up": true}}
    Response - Headers: {'status': '200', 'content-length': '500', 'connection': 'close', 'date': 'Fri, 11 Dec 2015 07:36:51 GMT', 'content-type': 'application/json; charset=UTF-8', 'x-openstack-request-id': 'req-7f53f31c-a958-4d30-9cf0-dfcfa5f0ae51'}
        Body: {"router": {"status": "ACTIVE", "external_gateway_info": {"network_id": "b7b09001-85e0-45f6-9ce1-0064f8897943", "enable_snat": true, "external_fixed_ips": [{"subnet_id": "6b879580-6eaa-405e-90e4-578453a22998", "ip_address": "172.24.4.3"}, {"subnet_id": "6c630fb6-b6e7-43c2-808c-a857d184813c", "ip_address": "2001:db8::3"}]}, "name": "tempest-router-smoke-713283295", "admin_state_up": true, "tenant_id": "c1b8338161b74ac980cc9679615d65c6", "routes": [], "id": "2deefdb0-5942-441a-a6dc-a46942a2ab80"}}
2015-12-11 07:36:51,357 24472 INFO     [tempest_lib.common.rest_client] Request (TestNetworkAdvancedServerOps:test_server_connectivity_pause_unpause): 200 GET http://10.0.2.15:9696/v2.0/subnets?tenant_id=c1b8338161b74ac980cc9679615d65c6&amp;cidr=10.100.0.0%2F28 0.141s
2015-12-11 07:36:51,358 24472 DEBUG    [tempest_lib.common.rest_client] Request - Headers: {'Content-Type': 'application/json', 'Accept': 'application/json', 'X-Auth-Token': '&lt;omitted&gt;'}
        Body: None
    Response - Headers: {'status': '200', 'content-length': '15', 'content-location': 'http://10.0.2.15:9696/v2.0/subnets?tenant_id=c1b8338161b74ac980cc9679615d65c6&amp;cidr=10.100.0.0%2F28', 'connection': 'close', 'date': 'Fri, 11 Dec 2015 07:36:51 GMT', 'content-type': 'application/json; charset=UTF-8', 'x-openstack-request-id': 'req-32af0afd-11a8-4a2a-8243-5e4b3952a8fb'}
        Body: {"subnets": []}
2015-12-11 07:36:51,615 24472 INFO     [tempest_lib.common.rest_client] Request (TestNetworkAdvancedServerOps:test_server_connectivity_pause_unpause): 201 POST http://10.0.2.15:9696/v2.0/subnets 0.256s
2015-12-11 07:36:51,616 24472 DEBUG    [tempest_lib.common.rest_client] Request - Headers: {'Content-Type': 'application/json', 'Accept': 'application/json', 'X-Auth-Token': '&lt;omitted&gt;'}
        Body: {"subnet": {"ip_version": 4, "tenant_id": "c1b8338161b74ac980cc9679615d65c6", "cidr": "10.100.0.0/28", "network_id": "9faeacc8-556d-4853-9d94-7682e4eee700", "name": "tempest-subnet-smoke-1805479510"}}
    Response - Headers: {'status': '201', 'content-length': '478', 'connection': 'close', 'date': 'Fri, 11 Dec 2015 07:36:51 GMT', 'content-type': 'application/json; charset=UTF-8', 'x-openstack-request-id': 'req-0dadeeeb-97a1-4b80-bd4f-47d8786a4c4b'}
        Body: {"subnet": {"name": "tempest-subnet-smoke-1805479510", "enable_dhcp": true, "network_id": "9faeacc8-556d-4853-9d94-7682e4eee700", "tenant_id": "c1b8338161b74ac980cc9679615d65c6", "dns_nameservers": [], "gateway_ip": "10.100.0.1", "ipv6_ra_mode": null, "allocation_pools": [{"start": "10.100.0.2", "end": "10.100.0.14"}], "host_routes": [], "ip_version": 4, "ipv6_address_mode": null, "cidr": "10.100.0.0/28", "id": "59ba3fcb-5372-4f39-8f74-c9594a76af3a", "subnetpool_id": null}}
2015-12-11 07:36:52,142 24472 INFO     [tempest_lib.common.rest_client] Request (TestNetworkAdvancedServerOps:test_server_connectivity_pause_unpause): 200 PUT http://10.0.2.15:9696/v2.0/routers/2deefdb0-5942-441a-a6dc-a46942a2ab80/add_router_interface 0.526s
2015-12-11 07:36:52,143 24472 DEBUG    [tempest_lib.common.rest_client] Request - Headers: {'Content-Type': 'application/json', 'Accept': 'application/json', 'X-Auth-Token': '&lt;omitted&gt;'}
        Body: {"subnet_id": "59ba3fcb-5372-4f39-8f74-c9594a76af3a"}
    Response - Headers: {'status': '200', 'content-length': '255', 'connection': 'close', 'date': 'Fri, 11 Dec 2015 07:36:52 GMT', 'content-type': 'application/json; charset=UTF-8', 'x-openstack-request-id': 'req-1ba08506-53df-4006-bd4e-6dd55c0a48c3'}
        Body: {"subnet_id": "59ba3fcb-5372-4f39-8f74-c9594a76af3a", "tenant_id": "c1b8338161b74ac980cc9679615d65c6", "subnet_ids": ["59ba3fcb-5372-4f39-8f74-c9594a76af3a"], "port_id": "04c3ad0e-eedc-46a7-9481-2d671048252a", "id": "2deefdb0-5942-441a-a6dc-a46942a2ab80"}
2015-12-11 07:36:52,261 24472 INFO     [tempest_lib.common.rest_client] Request (TestNetworkAdvancedServerOps:test_server_connectivity_pause_unpause): 200 POST http://10.0.2.15:5000/v2.0/tokens
2015-12-11 07:36:52,261 24472 DEBUG    [tempest_lib.common.rest_client] Request - Headers: {'Content-Type': 'application/json', 'Accept': 'application/json'}
        Body: &lt;omitted&gt;
    Response - Headers: {'status': '200', 'content-length': '2560', 'vary': 'X-Auth-Token', 'server': 'Apache/2.4.7 (Ubuntu)', 'connection': 'close', 'date': 'Fri, 11 Dec 2015 07:36:52 GMT', 'content-type': 'application/json', 'x-openstack-request-id': 'req-b72bb1f8-77a2-4064-ba00-2f639b5016b2'}
        Body: {"access": {"token": {"issued_at": "2015-12-11T07:36:52.245246", "expires": "2015-12-11T08:36:52Z", "id": "fd4fa76994b640a1b65b55f5e462713d", "tenant": {"description": "tempest-TestNetworkAdvancedServerOps-26729173-desc", "enabled": true, "id": "c1b8338161b74ac980cc9679615d65c6", "name": "tempest-TestNetworkAdvancedServerOps-26729173"}, "audit_ids": ["yx-ZVyt4QDWfoSRdFNkyXQ"]}, "serviceCatalog": [{"endpoints": [{"adminURL": "http://10.0.2.15:8774/v2.1/c1b8338161b74ac980cc9679615d65c6", "region": "RegionOne", "internalURL": "http://10.0.2.15:8774/v2.1/c1b8338161b74ac980cc9679615d65c6", "id": "83f9771914724adabb8318ec0c2f5a54", "publicURL": "http://10.0.2.15:8774/v2.1/c1b8338161b74ac980cc9679615d65c6"}], "endpoints_links": [], "type": "compute", "name": "nova"}, {"endpoints": [{"adminURL": "http://10.0.2.15:9696/", "region": "RegionOne", "internalURL": "http://10.0.2.15:9696/", "id": "73624d231c9643499b4b703407c7433f", "publicURL": "http://10.0.2.15:9696/"}], "endpoints_links": [], "type": "network", "name": "neutron"}, {"endpoints": [{"adminURL": "http://10.0.2.15:9292", "region": "RegionOne", "internalURL": "http://10.0.2.15:9292", "id": "02498d9d61f54cb49f0dd0311c366599", "publicURL": "http://10.0.2.15:9292"}], "endpoints_links": [], "type": "image", "name": "glance"}, {"endpoints": [{"adminURL": "http://10.0.2.15:8774/v2/c1b8338161b74ac980cc9679615d65c6", "region": "RegionOne", "internalURL": "http://10.0.2.15:8774/v2/c1b8338161b74ac980cc9679615d65c6", "id": "60fcfe6afe0646c08d05cf1db00ba5a5", "publicURL": "http://10.0.2.15:8774/v2/c1b8338161b74ac980cc9679615d65c6"}], "endpoints_links": [], "type": "compute_legacy", "name": "nova_legacy"}, {"endpoints": [{"adminURL": "http://10.0.2.15:8773/", "region": "RegionOne", "internalURL": "http://10.0.2.15:8773/", "id": "190f7160669a499f9fd9d6f1503544ac", "publicURL": "http://10.0.2.15:8773/"}], "endpoints_links": [], "type": "ec2", "name": "ec2"}, {"endpoints": [{"adminURL": "http://10.0.2.15:35357/v2.0", "region": "RegionOne", "internalURL": "http://10.0.2.15:5000/v2.0", "id": "1d8e75a2992e4f359834f0811bd3a899", "publicURL": "http://10.0.2.15:5000/v2.0"}], "endpoints_links": [], "type": "identity", "name": "keystone"}], "user": {"username": "tempest-TestNetworkAdvancedServerOps-681640126", "roles_links": [], "id": "05ab6b600226422f896c676218cd0200", "roles": [{"name": "_member_"}, {"name": "Member"}], "name": "tempest-TestNetworkAdvancedServerOps-681640126"}, "metadata": {"is_admin": 0, "roles": ["9fe2ff9ee4384b1894a90878d3e92bab", "7f9e854566624e90bd64d61701b30007"]}}}
2015-12-11 07:36:52,268 24472 DEBUG    [tempest.common.fixed_network] (TestNetworkAdvancedServerOps:test_server_connectivity_pause_unpause) No valid network provided or created, defaulting to fixed_network_name
2015-12-11 07:36:52,607 24472 INFO     [tempest_lib.common.rest_client] Request (TestNetworkAdvancedServerOps:test_server_connectivity_pause_unpause): 200 GET http://10.0.2.15:8774/v2.1/c1b8338161b74ac980cc9679615d65c6/os-networks 0.338s
2015-12-11 07:36:52,607 24472 DEBUG    [tempest_lib.common.rest_client] Request - Headers: {'Content-Type': 'application/json', 'Accept': 'application/json', 'X-Auth-Token': '&lt;omitted&gt;'}
        Body: None
    Response - Headers: {'status': '200', 'content-length': '479', 'content-location': 'http://10.0.2.15:8774/v2.1/c1b8338161b74ac980cc9679615d65c6/os-networks', 'x-compute-request-id': 'req-c22bc0ac-ae1c-4535-9c3e-738c1af46f28', 'vary': 'X-OpenStack-Nova-API-Version', 'connection': 'close', 'x-openstack-nova-api-version': '2.1', 'date': 'Fri, 11 Dec 2015 07:36:52 GMT', 'content-type': 'application/json'}
        Body: {"networks": [{"cidr_v6": null, "dns2": null, "dns1": null, "gateway": null, "broadcast": null, "netmask": null, "gateway_v6": null, "cidr": null, "label": "public", "id": "b7b09001-85e0-45f6-9ce1-0064f8897943", "netmask_v6": null}, {"cidr_v6": null, "dns2": null, "dns1": null, "gateway": null, "broadcast": null, "netmask": null, "gateway_v6": null, "cidr": null, "label": "tempest-network-smoke--1530485744", "id": "9faeacc8-556d-4853-9d94-7682e4eee700", "netmask_v6": null}]}
2015-12-11 07:36:52,607 24472 WARNING  [tempest.common.fixed_network] (TestNetworkAdvancedServerOps:test_server_connectivity_pause_unpause) Network with name: private not found
2015-12-11 07:36:52,608 24472 INFO     [tempest.common.fixed_network] (TestNetworkAdvancedServerOps:test_server_connectivity_pause_unpause) Found network {} available for tenant
2015-12-11 07:36:53,943 24472 INFO     [tempest_lib.common.rest_client] Request (TestNetworkAdvancedServerOps:test_server_connectivity_pause_unpause): 202 POST http://10.0.2.15:8774/v2.1/c1b8338161b74ac980cc9679615d65c6/servers 1.335s
2015-12-11 07:36:53,944 24472 DEBUG    [tempest_lib.common.rest_client] Request - Headers: {'Content-Type': 'application/json', 'Accept': 'application/json', 'X-Auth-Token': '&lt;omitted&gt;'}
        Body: {"server": {"name": "tempest.common.compute-instance-1076389540", "imageRef": "c3e98d53-3984-4fec-9159-559d976e0f11", "key_name": "tempest-TestNetworkAdvancedServerOps-1436672866", "flavorRef": "42", "networks": [{"uuid": "9faeacc8-556d-4853-9d94-7682e4eee700"}], "security_groups": [{"name": "tempest-secgroup-smoke-589343299"}]}}
    Response - Headers: {'status': '202', 'content-length': '461', 'x-compute-request-id': 'req-bce166fc-8bd0-4327-a9f4-82e49c986d11', 'vary': 'X-OpenStack-Nova-API-Version', 'connection': 'close', 'location': 'http://10.0.2.15:8774/v2.1/c1b8338161b74ac980cc9679615d65c6/servers/74914720-0047-4c42-a9e1-28319ad00fb3', 'x-openstack-nova-api-version': '2.1', 'date': 'Fri, 11 Dec 2015 07:36:53 GMT', 'content-type': 'application/json'}
        Body: {"server": {"security_groups": [{"name": "tempest-secgroup-smoke-589343299"}], "OS-DCF:diskConfig": "MANUAL", "id": "74914720-0047-4c42-a9e1-28319ad00fb3", "links": [{"href": "http://10.0.2.15:8774/v2.1/c1b8338161b74ac980cc9679615d65c6/servers/74914720-0047-4c42-a9e1-28319ad00fb3", "rel": "self"}, {"href": "http://10.0.2.15:8774/c1b8338161b74ac980cc9679615d65c6/servers/74914720-0047-4c42-a9e1-28319ad00fb3", "rel": "bookmark"}], "adminPass": "qT4zz74dfFCZ"}}
2015-12-11 07:36:54,087 24472 INFO     [tempest_lib.common.rest_client] Request (TestNetworkAdvancedServerOps:test_server_connectivity_pause_unpause): 200 GET http://10.0.2.15:8774/v2.1/c1b8338161b74ac980cc9679615d65c6/servers/74914720-0047-4c42-a9e1-28319ad00fb3 0.140s
2015-12-11 07:36:54,087 24472 DEBUG    [tempest_lib.common.rest_client] Request - Headers: {'Content-Type': 'application/json', 'Accept': 'application/json', 'X-Auth-Token': '&lt;omitted&gt;'}
        Body: None
    Response - Headers: {'status': '200', 'content-length': '1365', 'content-location': 'http://10.0.2.15:8774/v2.1/c1b8338161b74ac980cc9679615d65c6/servers/74914720-0047-4c42-a9e1-28319ad00fb3', 'x-compute-request-id': 'req-8071aa1c-1a03-4605-89d0-453547cccb8a', 'vary': 'X-OpenStack-Nova-API-Version', 'connection': 'close', 'x-openstack-nova-api-version': '2.1', 'date': 'Fri, 11 Dec 2015 07:36:54 GMT', 'content-type': 'application/json'}
        Body: {"server": {"status": "BUILD", "updated": "2015-12-11T07:36:54Z", "hostId": "", "addresses": {}, "links": [{"href": "http://10.0.2.15:8774/v2.1/c1b8338161b74ac980cc9679615d65c6/servers/74914720-0047-4c42-a9e1-28319ad00fb3", "rel": "self"}, {"href": "http://10.0.2.15:8774/c1b8338161b74ac980cc9679615d65c6/servers/74914720-0047-4c42-a9e1-28319ad00fb3", "rel": "bookmark"}], "key_name": "tempest-TestNetworkAdvancedServerOps-1436672866", "image": {"id": "c3e98d53-3984-4fec-9159-559d976e0f11", "links": [{"href": "http://10.0.2.15:8774/c1b8338161b74ac980cc9679615d65c6/images/c3e98d53-3984-4fec-9159-559d976e0f11", "rel": "bookmark"}]}, "OS-EXT-STS:task_state": "scheduling", "OS-EXT-STS:vm_state": "building", "OS-SRV-USG:launched_at": null, "flavor": {"id": "42", "links": [{"href": "http://10.0.2.15:8774/c1b8338161b74ac980cc9679615d65c6/flavors/42", "rel": "bookmark"}]}, "id": "74914720-0047-4c42-a9e1-28319ad00fb3", "OS-SRV-USG:terminated_at": null, "OS-EXT-AZ:availability_zone": "", "user_id": "05ab6b600226422f896c676218cd0200", "name": "tempest.common.compute-instance-1076389540", "created": "2015-12-11T07:36:53Z", "tenant_id": "c1b8338161b74ac980cc9679615d65c6", "OS-DCF:diskConfig": "MANUAL", "os-extended-volumes:volumes_attached": [], "accessIPv4": "", "accessIPv6": "", "progress": 0, "OS-EXT-STS:power_state": 0, "config_drive": "", "metadata": {}}}
2015-12-11 07:36:55,348 24472 INFO     [tempest_lib.common.rest_client] Request (TestNetworkAdvancedServerOps:test_server_connectivity_pause_unpause): 200 GET http://10.0.2.15:8774/v2.1/c1b8338161b74ac980cc9679615d65c6/servers/74914720-0047-4c42-a9e1-28319ad00fb3 0.251s
2015-12-11 07:36:55,349 24472 DEBUG    [tempest_lib.common.rest_client] Request - Headers: {'Content-Type': 'application/json', 'Accept': 'application/json', 'X-Auth-Token': '&lt;omitted&gt;'}
        Body: None
    Response - Headers: {'status': '200', 'content-length': '1490', 'content-location': 'http://10.0.2.15:8774/v2.1/c1b8338161b74ac980cc9679615d65c6/servers/74914720-0047-4c42-a9e1-28319ad00fb3', 'x-compute-request-id': 'req-162d33aa-e23e-414f-a320-7af386c79bfa', 'vary': 'X-OpenStack-Nova-API-Version', 'connection': 'close', 'x-openstack-nova-api-version': '2.1', 'date': 'Fri, 11 Dec 2015 07:36:55 GMT', 'content-type': 'application/json'}
        Body: {"server": {"status": "BUILD", "updated": "2015-12-11T07:36:54Z", "hostId": "98e944f11adf0f8bcb0041dda211906086a17cb899b83c5103fe31ce", "addresses": {}, "links": [{"href": "http://10.0.2.15:8774/v2.1/c1b8338161b74ac980cc9679615d65c6/servers/74914720-0047-4c42-a9e1-28319ad00fb3", "rel": "self"}, {"href": "http://10.0.2.15:8774/c1b8338161b74ac980cc9679615d65c6/servers/74914720-0047-4c42-a9e1-28319ad00fb3", "rel": "bookmark"}], "key_name": "tempest-TestNetworkAdvancedServerOps-1436672866", "image": {"id": "c3e98d53-3984-4fec-9159-559d976e0f11", "links": [{"href": "http://10.0.2.15:8774/c1b8338161b74ac980cc9679615d65c6/images/c3e98d53-3984-4fec-9159-559d976e0f11", "rel": "bookmark"}]}, "OS-EXT-STS:task_state": "spawning", "OS-EXT-STS:vm_state": "building", "OS-SRV-USG:launched_at": null, "flavor": {"id": "42", "links": [{"href": "http://10.0.2.15:8774/c1b8338161b74ac980cc9679615d65c6/flavors/42", "rel": "bookmark"}]}, "id": "74914720-0047-4c42-a9e1-28319ad00fb3", "security_groups": [{"name": "tempest-secgroup-smoke-589343299"}], "OS-SRV-USG:terminated_at": null, "OS-EXT-AZ:availability_zone": "nova", "user_id": "05ab6b600226422f896c676218cd0200", "name": "tempest.common.compute-instance-1076389540", "created": "2015-12-11T07:36:53Z", "tenant_id": "c1b8338161b74ac980cc9679615d65c6", "OS-DCF:diskConfig": "MANUAL", "os-extended-volumes:volumes_attached": [], "accessIPv4": "", "accessIPv6": "", "progress": 0, "OS-EXT-STS:power_state": 0, "config_drive": "", "metadata": {}}}
2015-12-11 07:36:55,358 24472 INFO     [tempest.common.waiters] State transition "BUILD/scheduling" ==&gt; "BUILD/spawning" after 1 second wait
2015-12-11 07:36:56,568 24472 INFO     [tempest_lib.common.rest_client] Request (TestNetworkAdvancedServerOps:test_server_connectivity_pause_unpause): 200 GET http://10.0.2.15:8774/v2.1/c1b8338161b74ac980cc9679615d65c6/servers/74914720-0047-4c42-a9e1-28319ad00fb3 0.208s
2015-12-11 07:36:56,569 24472 DEBUG    [tempest_lib.common.rest_client] Request - Headers: {'Content-Type': 'application/json', 'Accept': 'application/json', 'X-Auth-Token': '&lt;omitted&gt;'}
        Body: None
    Response - Headers: {'status': '200', 'content-length': '1490', 'content-location': 'http://10.0.2.15:8774/v2.1/c1b8338161b74ac980cc9679615d65c6/servers/74914720-0047-4c42-a9e1-28319ad00fb3', 'x-compute-request-id': 'req-77e73863-6e73-482e-a070-deebd93948b7', 'vary': 'X-OpenStack-Nova-API-Version', 'connection': 'close', 'x-openstack-nova-api-version': '2.1', 'date': 'Fri, 11 Dec 2015 07:36:56 GMT', 'content-type': 'application/json'}
        Body: {"server": {"status": "BUILD", "updated": "2015-12-11T07:36:54Z", "hostId": "98e944f11adf0f8bcb0041dda211906086a17cb899b83c5103fe31ce", "addresses": {}, "links": [{"href": "http://10.0.2.15:8774/v2.1/c1b8338161b74ac980cc9679615d65c6/servers/74914720-0047-4c42-a9e1-28319ad00fb3", "rel": "self"}, {"href": "http://10.0.2.15:8774/c1b8338161b74ac980cc9679615d65c6/servers/74914720-0047-4c42-a9e1-28319ad00fb3", "rel": "bookmark"}], "key_name": "tempest-TestNetworkAdvancedServerOps-1436672866", "image": {"id": "c3e98d53-3984-4fec-9159-559d976e0f11", "links": [{"href": "http://10.0.2.15:8774/c1b8338161b74ac980cc9679615d65c6/images/c3e98d53-3984-4fec-9159-559d976e0f11", "rel": "bookmark"}]}, "OS-EXT-STS:task_state": "spawning", "OS-EXT-STS:vm_state": "building", "OS-SRV-USG:launched_at": null, "flavor": {"id": "42", "links": [{"href": "http://10.0.2.15:8774/c1b8338161b74ac980cc9679615d65c6/flavors/42", "rel": "bookmark"}]}, "id": "74914720-0047-4c42-a9e1-28319ad00fb3", "security_groups": [{"name": "tempest-secgroup-smoke-589343299"}], "OS-SRV-USG:terminated_at": null, "OS-EXT-AZ:availability_zone": "nova", "user_id": "05ab6b600226422f896c676218cd0200", "name": "tempest.common.compute-instance-1076389540", "created": "2015-12-11T07:36:53Z", "tenant_id": "c1b8338161b74ac980cc9679615d65c6", "OS-DCF:diskConfig": "MANUAL", "os-extended-volumes:volumes_attached": [], "accessIPv4": "", "accessIPv6": "", "progress": 0, "OS-EXT-STS:power_state": 0, "config_drive": "", "metadata": {}}}
2015-12-11 07:36:57,795 24472 INFO     [tempest_lib.common.rest_client] Request (TestNetworkAdvancedServerOps:test_server_connectivity_pause_unpause): 200 GET http://10.0.2.15:8774/v2.1/c1b8338161b74ac980cc9679615d65c6/servers/74914720-0047-4c42-a9e1-28319ad00fb3 0.212s
2015-12-11 07:36:57,796 24472 DEBUG    [tempest_lib.common.rest_client] Request - Headers: {'Content-Type': 'application/json', 'Accept': 'application/json', 'X-Auth-Token': '&lt;omitted&gt;'}
        Body: None
    Response - Headers: {'status': '200', 'content-length': '1662', 'content-location': 'http://10.0.2.15:8774/v2.1/c1b8338161b74ac980cc9679615d65c6/servers/74914720-0047-4c42-a9e1-28319ad00fb3', 'x-compute-request-id': 'req-61a9e6e8-3b75-49ed-9d09-547654ccf362', 'vary': 'X-OpenStack-Nova-API-Version', 'connection': 'close', 'x-openstack-nova-api-version': '2.1', 'date': 'Fri, 11 Dec 2015 07:36:57 GMT', 'content-type': 'application/json'}
        Body: {"server": {"status": "ACTIVE", "updated": "2015-12-11T07:36:57Z", "hostId": "98e944f11adf0f8bcb0041dda211906086a17cb899b83c5103fe31ce", "addresses": {"tempest-network-smoke--1530485744": [{"OS-EXT-IPS-MAC:mac_addr": "fa:16:3e:e9:b8:91", "version": 4, "addr": "10.100.0.3", "OS-EXT-IPS:type": "fixed"}]}, "links": [{"href": "http://10.0.2.15:8774/v2.1/c1b8338161b74ac980cc9679615d65c6/servers/74914720-0047-4c42-a9e1-28319ad00fb3", "rel": "self"}, {"href": "http://10.0.2.15:8774/c1b8338161b74ac980cc9679615d65c6/servers/74914720-0047-4c42-a9e1-28319ad00fb3", "rel": "bookmark"}], "key_name": "tempest-TestNetworkAdvancedServerOps-1436672866", "image": {"id": "c3e98d53-3984-4fec-9159-559d976e0f11", "links": [{"href": "http://10.0.2.15:8774/c1b8338161b74ac980cc9679615d65c6/images/c3e98d53-3984-4fec-9159-559d976e0f11", "rel": "bookmark"}]}, "OS-EXT-STS:task_state": null, "OS-EXT-STS:vm_state": "active", "OS-SRV-USG:launched_at": "2015-12-11T07:36:57.000000", "flavor": {"id": "42", "links": [{"href": "http://10.0.2.15:8774/c1b8338161b74ac980cc9679615d65c6/flavors/42", "rel": "bookmark"}]}, "id": "74914720-0047-4c42-a9e1-28319ad00fb3", "security_groups": [{"name": "tempest-secgroup-smoke-589343299"}], "OS-SRV-USG:terminated_at": null, "OS-EXT-AZ:availability_zone": "nova", "user_id": "05ab6b600226422f896c676218cd0200", "name": "tempest.common.compute-instance-1076389540", "created": "2015-12-11T07:36:53Z", "tenant_id": "c1b8338161b74ac980cc9679615d65c6", "OS-DCF:diskConfig": "MANUAL", "os-extended-volumes:volumes_attached": [], "accessIPv4": "", "accessIPv6": "", "progress": 0, "OS-EXT-STS:power_state": 1, "config_drive": "True", "metadata": {}}}
2015-12-11 07:36:57,804 24472 INFO     [tempest.common.waiters] State transition "BUILD/spawning" ==&gt; "ACTIVE/None" after 3 second wait
2015-12-11 07:36:57,987 24472 INFO     [tempest_lib.common.rest_client] Request (TestNetworkAdvancedServerOps:test_server_connectivity_pause_unpause): 200 GET http://10.0.2.15:8774/v2.1/c1b8338161b74ac980cc9679615d65c6/servers/74914720-0047-4c42-a9e1-28319ad00fb3 0.182s
2015-12-11 07:36:57,987 24472 DEBUG    [tempest_lib.common.rest_client] Request - Headers: {'Content-Type': 'application/json', 'Accept': 'application/json', 'X-Auth-Token': '&lt;omitted&gt;'}
        Body: None
    Response - Headers: {'status': '200', 'content-length': '1662', 'content-location': 'http://10.0.2.15:8774/v2.1/c1b8338161b74ac980cc9679615d65c6/servers/74914720-0047-4c42-a9e1-28319ad00fb3', 'x-compute-request-id': 'req-c1b0a429-c687-45d9-a362-dd2e22ef5eb0', 'vary': 'X-OpenStack-Nova-API-Version', 'connection': 'close', 'x-openstack-nova-api-version': '2.1', 'date': 'Fri, 11 Dec 2015 07:36:57 GMT', 'content-type': 'application/json'}
        Body: {"server": {"status": "ACTIVE", "updated": "2015-12-11T07:36:57Z", "hostId": "98e944f11adf0f8bcb0041dda211906086a17cb899b83c5103fe31ce", "addresses": {"tempest-network-smoke--1530485744": [{"OS-EXT-IPS-MAC:mac_addr": "fa:16:3e:e9:b8:91", "version": 4, "addr": "10.100.0.3", "OS-EXT-IPS:type": "fixed"}]}, "links": [{"href": "http://10.0.2.15:8774/v2.1/c1b8338161b74ac980cc9679615d65c6/servers/74914720-0047-4c42-a9e1-28319ad00fb3", "rel": "self"}, {"href": "http://10.0.2.15:8774/c1b8338161b74ac980cc9679615d65c6/servers/74914720-0047-4c42-a9e1-28319ad00fb3", "rel": "bookmark"}], "key_name": "tempest-TestNetworkAdvancedServerOps-1436672866", "image": {"id": "c3e98d53-3984-4fec-9159-559d976e0f11", "links": [{"href": "http://10.0.2.15:8774/c1b8338161b74ac980cc9679615d65c6/images/c3e98d53-3984-4fec-9159-559d976e0f11", "rel": "bookmark"}]}, "OS-EXT-STS:task_state": null, "OS-EXT-STS:vm_state": "active", "OS-SRV-USG:launched_at": "2015-12-11T07:36:57.000000", "flavor": {"id": "42", "links": [{"href": "http://10.0.2.15:8774/c1b8338161b74ac980cc9679615d65c6/flavors/42", "rel": "bookmark"}]}, "id": "74914720-0047-4c42-a9e1-28319ad00fb3", "security_groups": [{"name": "tempest-secgroup-smoke-589343299"}], "OS-SRV-USG:terminated_at": null, "OS-EXT-AZ:availability_zone": "nova", "user_id": "05ab6b600226422f896c676218cd0200", "name": "tempest.common.compute-instance-1076389540", "created": "2015-12-11T07:36:53Z", "tenant_id": "c1b8338161b74ac980cc9679615d65c6", "OS-DCF:diskConfig": "MANUAL", "os-extended-volumes:volumes_attached": [], "accessIPv4": "", "accessIPv6": "", "progress": 0, "OS-EXT-STS:power_state": 1, "config_drive": "True", "metadata": {}}}
2015-12-11 07:36:58,125 24472 INFO     [tempest_lib.common.rest_client] Request (TestNetworkAdvancedServerOps:test_server_connectivity_pause_unpause): 200 GET http://10.0.2.15:9696/v2.0/ports?status=ACTIVE&amp;fixed_ip=None&amp;device_id=74914720-0047-4c42-a9e1-28319ad00fb3 0.130s
2015-12-11 07:36:58,126 24472 DEBUG    [tempest_lib.common.rest_client] Request - Headers: {'Content-Type': 'application/json', 'Accept': 'application/json', 'X-Auth-Token': '&lt;omitted&gt;'}
        Body: None
    Response - Headers: {'status': '200', 'content-length': '895', 'content-location': 'http://10.0.2.15:9696/v2.0/ports?status=ACTIVE&amp;fixed_ip=None&amp;device_id=74914720-0047-4c42-a9e1-28319ad00fb3', 'connection': 'close', 'date': 'Fri, 11 Dec 2015 07:36:58 GMT', 'content-type': 'application/json; charset=UTF-8', 'x-openstack-request-id': 'req-6fd287b5-f626-4d52-b7af-c7da3309a3c4'}
        Body: {"ports": [{"status": "ACTIVE", "binding:host_id": "vagrant-ubuntu-trusty-64", "allowed_address_pairs": [], "extra_dhcp_opts": [], "dns_assignment": [{"hostname": "host-10-100-0-3", "ip_address": "10.100.0.3", "fqdn": "host-10-100-0-3.openstacklocal."}], "device_owner": "compute:None", "port_security_enabled": true, "binding:profile": {}, "fixed_ips": [{"subnet_id": "59ba3fcb-5372-4f39-8f74-c9594a76af3a", "ip_address": "10.100.0.3"}], "id": "1b4c6a52-7aaa-44d9-9846-add741e4218b", "security_groups": ["9bb5c831-93be-4f5f-b778-ee0f526c064f"], "device_id": "74914720-0047-4c42-a9e1-28319ad00fb3", "name": "", "admin_state_up": true, "network_id": "9faeacc8-556d-4853-9d94-7682e4eee700", "dns_name": "", "binding:vif_details": {"port_filter": true}, "binding:vnic_type": "normal", "binding:vif_type": "ovs", "tenant_id": "c1b8338161b74ac980cc9679615d65c6", "mac_address": "fa:16:3e:e9:b8:91"}]}
2015-12-11 07:36:58,516 24472 INFO     [tempest_lib.common.rest_client] Request (TestNetworkAdvancedServerOps:test_server_connectivity_pause_unpause): 201 POST http://10.0.2.15:9696/v2.0/floatingips 0.389s
2015-12-11 07:36:58,516 24472 DEBUG    [tempest_lib.common.rest_client] Request - Headers: {'Content-Type': 'application/json', 'Accept': 'application/json', 'X-Auth-Token': '&lt;omitted&gt;'}
        Body: {"floatingip": {"floating_network_id": "b7b09001-85e0-45f6-9ce1-0064f8897943", "tenant_id": "c1b8338161b74ac980cc9679615d65c6", "fixed_ip_address": "10.100.0.3", "port_id": "1b4c6a52-7aaa-44d9-9846-add741e4218b"}}
    Response - Headers: {'status': '201', 'content-length': '367', 'connection': 'close', 'date': 'Fri, 11 Dec 2015 07:36:58 GMT', 'content-type': 'application/json; charset=UTF-8', 'x-openstack-request-id': 'req-19e1b87e-85fe-4be7-84ca-ae308bc47f55'}
        Body: {"floatingip": {"floating_network_id": "b7b09001-85e0-45f6-9ce1-0064f8897943", "router_id": "2deefdb0-5942-441a-a6dc-a46942a2ab80", "fixed_ip_address": "10.100.0.3", "floating_ip_address": "172.24.4.4", "tenant_id": "c1b8338161b74ac980cc9679615d65c6", "status": "DOWN", "port_id": "1b4c6a52-7aaa-44d9-9846-add741e4218b", "id": "71cd0755-6a07-481d-b905-54d63690e2b8"}}
2015-12-11 07:36:58,809 24472 INFO     [tempest_lib.common.rest_client] Request (TestNetworkAdvancedServerOps:test_server_connectivity_pause_unpause): 200 GET http://10.0.2.15:8774/v2.1/c1b8338161b74ac980cc9679615d65c6/servers/74914720-0047-4c42-a9e1-28319ad00fb3 0.292s
2015-12-11 07:36:58,809 24472 DEBUG    [tempest_lib.common.rest_client] Request - Headers: {'Content-Type': 'application/json', 'Accept': 'application/json', 'X-Auth-Token': '&lt;omitted&gt;'}
        Body: None
    Response - Headers: {'status': '200', 'content-length': '1662', 'content-location': 'http://10.0.2.15:8774/v2.1/c1b8338161b74ac980cc9679615d65c6/servers/74914720-0047-4c42-a9e1-28319ad00fb3', 'x-compute-request-id': 'req-877cc9bd-d112-479e-bc04-69e292c75f73', 'vary': 'X-OpenStack-Nova-API-Version', 'connection': 'close', 'x-openstack-nova-api-version': '2.1', 'date': 'Fri, 11 Dec 2015 07:36:58 GMT', 'content-type': 'application/json'}
        Body: {"server": {"status": "ACTIVE", "updated": "2015-12-11T07:36:57Z", "hostId": "98e944f11adf0f8bcb0041dda211906086a17cb899b83c5103fe31ce", "addresses": {"tempest-network-smoke--1530485744": [{"OS-EXT-IPS-MAC:mac_addr": "fa:16:3e:e9:b8:91", "version": 4, "addr": "10.100.0.3", "OS-EXT-IPS:type": "fixed"}]}, "links": [{"href": "http://10.0.2.15:8774/v2.1/c1b8338161b74ac980cc9679615d65c6/servers/74914720-0047-4c42-a9e1-28319ad00fb3", "rel": "self"}, {"href": "http://10.0.2.15:8774/c1b8338161b74ac980cc9679615d65c6/servers/74914720-0047-4c42-a9e1-28319ad00fb3", "rel": "bookmark"}], "key_name": "tempest-TestNetworkAdvancedServerOps-1436672866", "image": {"id": "c3e98d53-3984-4fec-9159-559d976e0f11", "links": [{"href": "http://10.0.2.15:8774/c1b8338161b74ac980cc9679615d65c6/images/c3e98d53-3984-4fec-9159-559d976e0f11", "rel": "bookmark"}]}, "OS-EXT-STS:task_state": null, "OS-EXT-STS:vm_state": "active", "OS-SRV-USG:launched_at": "2015-12-11T07:36:57.000000", "flavor": {"id": "42", "links": [{"href": "http://10.0.2.15:8774/c1b8338161b74ac980cc9679615d65c6/flavors/42", "rel": "bookmark"}]}, "id": "74914720-0047-4c42-a9e1-28319ad00fb3", "security_groups": [{"name": "tempest-secgroup-smoke-589343299"}], "OS-SRV-USG:terminated_at": null, "OS-EXT-AZ:availability_zone": "nova", "user_id": "05ab6b600226422f896c676218cd0200", "name": "tempest.common.compute-instance-1076389540", "created": "2015-12-11T07:36:53Z", "tenant_id": "c1b8338161b74ac980cc9679615d65c6", "OS-DCF:diskConfig": "MANUAL", "os-extended-volumes:volumes_attached": [], "accessIPv4": "", "accessIPv6": "", "progress": 0, "OS-EXT-STS:power_state": 1, "config_drive": "True", "metadata": {}}}
2015-12-11 07:36:58,818 24472 INFO     [tempest.scenario.manager] Tenant networks not configured to be reachable.
2015-12-11 07:36:58,830 24472 INFO     [tempest_lib.common.rest_client] Request (TestNetworkAdvancedServerOps:test_server_connectivity_pause_unpause): 200 GET http://10.0.2.15:9696/v2.0/floatingips/71cd0755-6a07-481d-b905-54d63690e2b8 0.011s
2015-12-11 07:36:58,830 24472 DEBUG    [tempest_lib.common.rest_client] Request - Headers: {'Content-Type': 'application/json', 'Accept': 'application/json', 'X-Auth-Token': '&lt;omitted&gt;'}
        Body: None
    Response - Headers: {'status': '200', 'content-length': '367', 'content-location': 'http://10.0.2.15:9696/v2.0/floatingips/71cd0755-6a07-481d-b905-54d63690e2b8', 'connection': 'close', 'date': 'Fri, 11 Dec 2015 07:36:58 GMT', 'content-type': 'application/json; charset=UTF-8', 'x-openstack-request-id': 'req-40e00015-237f-480d-bb0a-de52d7de75e7'}
        Body: {"floatingip": {"floating_network_id": "b7b09001-85e0-45f6-9ce1-0064f8897943", "router_id": "2deefdb0-5942-441a-a6dc-a46942a2ab80", "fixed_ip_address": "10.100.0.3", "floating_ip_address": "172.24.4.4", "tenant_id": "c1b8338161b74ac980cc9679615d65c6", "status": "DOWN", "port_id": "1b4c6a52-7aaa-44d9-9846-add741e4218b", "id": "71cd0755-6a07-481d-b905-54d63690e2b8"}}
2015-12-11 07:36:59,846 24472 INFO     [tempest_lib.common.rest_client] Request (TestNetworkAdvancedServerOps:test_server_connectivity_pause_unpause): 200 GET http://10.0.2.15:9696/v2.0/floatingips/71cd0755-6a07-481d-b905-54d63690e2b8 0.014s
2015-12-11 07:36:59,846 24472 DEBUG    [tempest_lib.common.rest_client] Request - Headers: {'Content-Type': 'application/json', 'Accept': 'application/json', 'X-Auth-Token': '&lt;omitted&gt;'}
        Body: None
    Response - Headers: {'status': '200', 'content-length': '369', 'content-location': 'http://10.0.2.15:9696/v2.0/floatingips/71cd0755-6a07-481d-b905-54d63690e2b8', 'connection': 'close', 'date': 'Fri, 11 Dec 2015 07:36:59 GMT', 'content-type': 'application/json; charset=UTF-8', 'x-openstack-request-id': 'req-f780acb3-cd23-4391-adb2-67671d6081ab'}
        Body: {"floatingip": {"floating_network_id": "b7b09001-85e0-45f6-9ce1-0064f8897943", "router_id": "2deefdb0-5942-441a-a6dc-a46942a2ab80", "fixed_ip_address": "10.100.0.3", "floating_ip_address": "172.24.4.4", "tenant_id": "c1b8338161b74ac980cc9679615d65c6", "status": "ACTIVE", "port_id": "1b4c6a52-7aaa-44d9-9846-add741e4218b", "id": "71cd0755-6a07-481d-b905-54d63690e2b8"}}
2015-12-11 07:36:59,847 24472 INFO     [tempest.scenario.manager] FloatingIP: &lt;"FloatingIP" addr="172.24.4.4" id="71cd0755-6a07-481d-b905-54d63690e2b8"&gt; is at status: ACTIVE
2015-12-11 07:36:59,847 24472 DEBUG    [tempest.scenario.manager] checking network connections to IP 172.24.4.4 with user: cirros
2015-12-11 07:36:59,848 24472 DEBUG    [tempest.scenario.manager] TestNetworkAdvancedServerOps:test_server_connectivity_pause_unpause begins to ping 172.24.4.4 in 120 sec and the expected result is reachable
2015-12-11 07:39:00,127 24472 DEBUG    [tempest.scenario.manager] TestNetworkAdvancedServerOps:test_server_connectivity_pause_unpause finishes ping 172.24.4.4 in 120 sec and the ping result is unexpected
2015-12-11 07:39:00,128 24472 ERROR    [tempest.scenario.manager] Public network connectivity check failed
2015-12-11 07:39:00.128 24472 ERROR tempest.scenario.manager Traceback (most recent call last):
2015-12-11 07:39:00.128 24472 ERROR tempest.scenario.manager   File "tempest/scenario/manager.py", line 606, in check_public_network_connectivity
2015-12-11 07:39:00.128 24472 ERROR tempest.scenario.manager     should_connect=should_connect)
2015-12-11 07:39:00.128 24472 ERROR tempest.scenario.manager   File "tempest/scenario/manager.py", line 590, in check_vm_connectivity
2015-12-11 07:39:00.128 24472 ERROR tempest.scenario.manager     msg=msg)
2015-12-11 07:39:00.128 24472 ERROR tempest.scenario.manager   File "/usr/local/lib/python2.7/dist-packages/unittest2/case.py", line 702, in assertTrue
2015-12-11 07:39:00.128 24472 ERROR tempest.scenario.manager     raise self.failureException(msg)
2015-12-11 07:39:00.128 24472 ERROR tempest.scenario.manager AssertionError: False is not true : Timed out waiting for 172.24.4.4 to become reachable
2015-12-11 07:39:00.128 24472 ERROR tempest.scenario.manager 
2015-12-11 07:39:00,354 24472 INFO     [tempest_lib.common.rest_client] Request (TestNetworkAdvancedServerOps:test_server_connectivity_pause_unpause): 200 POST http://10.0.2.15:8774/v2.1/c1b8338161b74ac980cc9679615d65c6/servers/74914720-0047-4c42-a9e1-28319ad00fb3/action 0.222s
2015-12-11 07:39:00,355 24472 DEBUG    [tempest_lib.common.rest_client] Request - Headers: {'Content-Type': 'application/json', 'Accept': 'application/json', 'X-Auth-Token': '&lt;omitted&gt;'}
        Body: {"os-getConsoleOutput": {}}
    Response - Headers: {'status': '200', 'content-length': '17429', 'x-compute-request-id': 'req-e6eaa531-4e58-419c-8a8d-ca55e39a8d05', 'vary': 'X-OpenStack-Nova-API-Version', 'connection': 'close', 'x-openstack-nova-api-version': '2.1', 'date': 'Fri, 11 Dec 2015 07:39:00 GMT', 'content-type': 'application/json'}
        Body: {"output": "[    0.000000] Initializing cgroup subsys cpuset\n[    0.000000] Initializing cgroup subsys cpu\n[    0.000000] Linux version 3.2.0-80-virtual (buildd@batsu) (gcc version 4.6.3 (Ubuntu/Linaro 4.6.3-1ubuntu5) ) #116-Ubuntu SMP Mon Mar 23 17:28:52 UTC 2015 (Ubuntu 3.2.0-80.116-virtual 3.2.68)\n[    0.000000] Command line: root=/dev/vda console=tty0 console=ttyS0 no_timer_check\n[    0.000000] KERNEL supported cpus:\n[    0.000000]   Intel GenuineIntel\n[    0.000000]   AMD AuthenticAMD\n[    0.000000]   Centaur CentaurHauls\n[    0.000000] BIOS-provided physical RAM map:\n[    0.000000]  BIOS-e820: 0000000000000000 - 000000000009fc00 (usable)\n[    0.000000]  BIOS-e820: 000000000009fc00 - 00000000000a0000 (reserved)\n[    0.000000]  BIOS-e820: 00000000000f0000 - 0000000000100000 (reserved)\n[    0.000000]  BIOS-e820: 0000000000100000 - 0000000003ffe000 (usable)\n[    0.000000]  BIOS-e820: 0000000003ffe000 - 0000000004000000 (reserved)\n[    0.000000]  BIOS-e820: 00000000fffc0000 - 0000000100000000 (reserved)\n[    0.000000] NX (Execute Disable) protection: active\n[    0.000000] SMBIOS 2.4 present.\n[    0.000000] No AGP bridge found\n[    0.000000] last_pfn = 0x3ffe max_arch_pfn = 0x400000000\n[    0.000000] x86 PAT enabled: cpu 0, old 0x7040600070406, new 0x7010600070106\n[    0.000000] found SMP MP-table at [ffff8800000f0b00] f0b00\n[    0.000000] init_memory_mapping: 0000000000000000-0000000003ffe000\n[    0.000000] RAMDISK: 03c5e000 - 03ff0000\n[    0.000000] ACPI: RSDP 00000000000f0950 00014 (v00 BOCHS )\n[    0.000000] ACPI: RSDT 0000000003fffbc1 00034 (v01 BOCHS  BXPCRSDT 00000001 BXPC 00000001)\n[    0.000000] ACPI: FACP 0000000003fff1c0 00074 (v01 BOCHS  BXPCFACP 00000001 BXPC 00000001)\n[    0.000000] ACPI: DSDT 0000000003ffe040 01180 (v01 BOCHS  BXPCDSDT 00000001 BXPC 00000001)\n[    0.000000] ACPI: FACS 0000000003ffe000 00040\n[    0.000000] ACPI: SSDT 0000000003fff234 008DD (v01 BOCHS  BXPCSSDT 00000001 BXPC 00000001)\n[    0.000000] ACPI: APIC 0000000003fffb11 00078 (v01 BOCHS  BXPCAPIC 00000001 BXPC 00000001)\n[    0.000000] ACPI: HPET 0000000003fffb89 00038 (v01 BOCHS  BXPCHPET 00000001 BXPC 00000001)\n[    0.000000] No NUMA configuration found\n[    0.000000] Faking a node at 0000000000000000-0000000003ffe000\n[    0.000000] Initmem setup node 0 0000000000000000-0000000003ffe000\n[    0.000000]   NODE_DATA [0000000003ff6000 - 0000000003ffafff]\n[    0.000000] Zone PFN ranges:\n[    0.000000]   DMA      0x00000010 -&gt; 0x00001000\n[    0.000000]   DMA32    0x00001000 -&gt; 0x00100000\n[    0.000000]   Normal   empty\n[    0.000000] Movable zone start PFN for each node\n[    0.000000] early_node_map[2] active PFN ranges\n[    0.000000]     0: 0x00000010 -&gt; 0x0000009f\n[    0.000000]     0: 0x00000100 -&gt; 0x00003ffe\n[    0.000000] ACPI: PM-Timer IO Port: 0xb008\n[    0.000000] ACPI: LAPIC (acpi_id[0x00] lapic_id[0x00] enabled)\n[    0.000000] ACPI: LAPIC_NMI (acpi_id[0xff] dfl dfl lint[0x1])\n[    0.000000] ACPI: IOAPIC (id[0x00] address[0xfec00000] gsi_base[0])\n[    0.000000] IOAPIC[0]: apic_id 0, version 17, address 0xfec00000, GSI 0-23\n[    0.000000] ACPI: INT_SRC_OVR (bus 0 bus_irq 0 global_irq 2 dfl dfl)\n[    0.000000] ACPI: INT_SRC_OVR (bus 0 bus_irq 5 global_irq 5 high level)\n[    0.000000] ACPI: INT_SRC_OVR (bus 0 bus_irq 9 global_irq 9 high level)\n[    0.000000] ACPI: INT_SRC_OVR (bus 0 bus_irq 10 global_irq 10 high level)\n[    0.000000] ACPI: INT_SRC_OVR (bus 0 bus_irq 11 global_irq 11 high level)\n[    0.000000] Using ACPI (MADT) for SMP configuration information\n[    0.000000] ACPI: HPET id: 0x8086a201 base: 0xfed00000\n[    0.000000] SMP: Allowing 1 CPUs, 0 hotplug CPUs\n[    0.000000] PM: Registered nosave memory: 000000000009f000 - 00000000000a0000\n[    0.000000] PM: Registered nosave memory: 00000000000a0000 - 00000000000f0000\n[    0.000000] PM: Registered nosave memory: 00000000000f0000 - 0000000000100000\n[    0.000000] Allocating PCI resources starting at 4000000 (gap: 4000000:fbfc0000)\n[    0.000000] Booting paravirtualized kernel on bare hardware\n[    0.000000] setup_pe
2015-12-11 07:39:00,358 24472 DEBUG    [tempest.scenario.manager] Console output for 74914720-0047-4c42-a9e1-28319ad00fb3
body=
[    0.000000] Initializing cgroup subsys cpuset
[    0.000000] Initializing cgroup subsys cpu
[    0.000000] Linux version 3.2.0-80-virtual (buildd@batsu) (gcc version 4.6.3 (Ubuntu/Linaro 4.6.3-1ubuntu5) ) #116-Ubuntu SMP Mon Mar 23 17:28:52 UTC 2015 (Ubuntu 3.2.0-80.116-virtual 3.2.68)
[    0.000000] Command line: root=/dev/vda console=tty0 console=ttyS0 no_timer_check
[    0.000000] KERNEL supported cpus:
[    0.000000]   Intel GenuineIntel
[    0.000000]   AMD AuthenticAMD
[    0.000000]   Centaur CentaurHauls
[    0.000000] BIOS-provided physical RAM map:
[    0.000000]  BIOS-e820: 0000000000000000 - 000000000009fc00 (usable)
[    0.000000]  BIOS-e820: 000000000009fc00 - 00000000000a0000 (reserved)
[    0.000000]  BIOS-e820: 00000000000f0000 - 0000000000100000 (reserved)
[    0.000000]  BIOS-e820: 0000000000100000 - 0000000003ffe000 (usable)
[    0.000000]  BIOS-e820: 0000000003ffe000 - 0000000004000000 (reserved)
[    0.000000]  BIOS-e820: 00000000fffc0000 - 0000000100000000 (reserved)
[    0.000000] NX (Execute Disable) protection: active
[    0.000000] SMBIOS 2.4 present.
[    0.000000] No AGP bridge found
[    0.000000] last_pfn = 0x3ffe max_arch_pfn = 0x400000000
[    0.000000] x86 PAT enabled: cpu 0, old 0x7040600070406, new 0x7010600070106
[    0.000000] found SMP MP-table at [ffff8800000f0b00] f0b00
[    0.000000] init_memory_mapping: 0000000000000000-0000000003ffe000
[    0.000000] RAMDISK: 03c5e000 - 03ff0000
[    0.000000] ACPI: RSDP 00000000000f0950 00014 (v00 BOCHS )
[    0.000000] ACPI: RSDT 0000000003fffbc1 00034 (v01 BOCHS  BXPCRSDT 00000001 BXPC 00000001)
[    0.000000] ACPI: FACP 0000000003fff1c0 00074 (v01 BOCHS  BXPCFACP 00000001 BXPC 00000001)
[    0.000000] ACPI: DSDT 0000000003ffe040 01180 (v01 BOCHS  BXPCDSDT 00000001 BXPC 00000001)
[    0.000000] ACPI: FACS 0000000003ffe000 00040
[    0.000000] ACPI: SSDT 0000000003fff234 008DD (v01 BOCHS  BXPCSSDT 00000001 BXPC 00000001)
[    0.000000] ACPI: APIC 0000000003fffb11 00078 (v01 BOCHS  BXPCAPIC 00000001 BXPC 00000001)
[    0.000000] ACPI: HPET 0000000003fffb89 00038 (v01 BOCHS  BXPCHPET 00000001 BXPC 00000001)
[    0.000000] No NUMA configuration found
[    0.000000] Faking a node at 0000000000000000-0000000003ffe000
[    0.000000] Initmem setup node 0 0000000000000000-0000000003ffe000
[    0.000000]   NODE_DATA [0000000003ff6000 - 0000000003ffafff]
[    0.000000] Zone PFN ranges:
[    0.000000]   DMA      0x00000010 -&gt; 0x00001000
[    0.000000]   DMA32    0x00001000 -&gt; 0x00100000
[    0.000000]   Normal   empty
[    0.000000] Movable zone start PFN for each node
[    0.000000] early_node_map[2] active PFN ranges
[    0.000000]     0: 0x00000010 -&gt; 0x0000009f
[    0.000000]     0: 0x00000100 -&gt; 0x00003ffe
[    0.000000] ACPI: PM-Timer IO Port: 0xb008
[    0.000000] ACPI: LAPIC (acpi_id[0x00] lapic_id[0x00] enabled)
[    0.000000] ACPI: LAPIC_NMI (acpi_id[0xff] dfl dfl lint[0x1])
[    0.000000] ACPI: IOAPIC (id[0x00] address[0xfec00000] gsi_base[0])
[    0.000000] IOAPIC[0]: apic_id 0, version 17, address 0xfec00000, GSI 0-23
[    0.000000] ACPI: INT_SRC_OVR (bus 0 bus_irq 0 global_irq 2 dfl dfl)
[    0.000000] ACPI: INT_SRC_OVR (bus 0 bus_irq 5 global_irq 5 high level)
[    0.000000] ACPI: INT_SRC_OVR (bus 0 bus_irq 9 global_irq 9 high level)
[    0.000000] ACPI: INT_SRC_OVR (bus 0 bus_irq 10 global_irq 10 high level)
[    0.000000] ACPI: INT_SRC_OVR (bus 0 bus_irq 11 global_irq 11 high level)
[    0.000000] Using ACPI (MADT) for SMP configuration information
[    0.000000] ACPI: HPET id: 0x8086a201 base: 0xfed00000
[    0.000000] SMP: Allowing 1 CPUs, 0 hotplug CPUs
[    0.000000] PM: Registered nosave memory: 000000000009f000 - 00000000000a0000
[    0.000000] PM: Registered nosave memory: 00000000000a0000 - 00000000000f0000
[    0.000000] PM: Registered nosave memory: 00000000000f0000 - 0000000000100000
[    0.000000] Allocating PCI resources starting at 4000000 (gap: 4000000:fbfc0000)
[    0.000000] Booting paravirtualized kernel on bare hardware
[    0.000000] setup_percpu: NR_CPUS:64 nr_cpumask_bits:64 nr_cpu_ids:1 nr_node_ids:1
[    0.000000] PERCPU: Embedded 27 pages/cpu @ffff880003a00000 s78848 r8192 d23552 u2097152
[    0.000000] Built 1 zonelists in Node order, mobility grouping on.  Total pages: 16008
[    0.000000] Policy zone: DMA32
[    0.000000] Kernel command line: root=/dev/vda console=tty0 console=ttyS0 no_timer_check
[    0.000000] PID hash table entries: 256 (order: -1, 2048 bytes)
[    0.000000] Checking aperture...
[    0.000000] No AGP bridge found
[    0.000000] Memory: 43492k/65528k available (6576k kernel code, 452k absent, 21584k reserved, 6620k data, 928k init)
[    0.000000] SLUB: Genslabs=15, HWalign=64, Order=0-3, MinObjects=0, CPUs=1, Nodes=1
[    0.000000] Hierarchical RCU implementation.
[    0.000000] 	RCU dyntick-idle grace-period acceleration is enabled.
[    0.000000] NR_IRQS:4352 nr_irqs:256 16
[    0.000000] Console: colour VGA+ 80x25
[    0.000000] console [tty0] enabled
[    0.000000] console [ttyS0] enabled
[    0.000000] allocated 1048576 bytes of page_cgroup
[    0.000000] please try 'cgroup_disable=memory' option if you don't want memory cgroups
[    0.000000] Fast TSC calibration failed
[    0.000000] TSC: Unable to calibrate against PIT
[    0.000000] TSC: using HPET reference calibration
[    0.000000] Detected 2294.564 MHz processor.
[    0.028391] Calibrating delay loop (skipped), value calculated using timer frequency.. 4589.12 BogoMIPS (lpj=9178256)
[    0.032846] pid_max: default: 32768 minimum: 301
[    0.041781] Security Framework initialized
[    0.056580] AppArmor: AppArmor initialized
[    0.057312] Yama: becoming mindful.
[    0.063506] Dentry cache hash table entries: 8192 (order: 4, 65536 bytes)
[    0.064412] Inode-cache hash table entries: 4096 (order: 3, 32768 bytes)
[    0.068724] Mount-cache hash table entries: 256
[    0.084656] Initializing cgroup subsys cpuacct
[    0.086030] Initializing cgroup subsys memory
[    0.087916] Initializing cgroup subsys devices
[    0.088315] Initializing cgroup subsys freezer
[    0.089271] Initializing cgroup subsys blkio
[    0.090467] Initializing cgroup subsys perf_event
[    0.096749] mce: CPU supports 10 MCE banks
[    0.101182] SMP alternatives: switching to UP code
[    0.477307] Freeing SMP alternatives: 24k freed
[    0.479058] ACPI: Core revision 20110623
[    0.524454] ftrace: allocating 26610 entries in 105 pages
[    0.556811] ..TIMER: vector=0x30 apic1=0 pin1=2 apic2=-1 pin2=-1
[    0.558161] CPU0: AMD QEMU Virtual CPU version 2.0.0 stepping 03
[    0.560034] Performance Events: Broken PMU hardware detected, using software events only.
[    0.570731] NMI watchdog disabled (cpu0): hardware events not enabled
[    0.573193] Brought up 1 CPUs
[    0.574019] Total of 1 processors activated (4589.12 BogoMIPS).
[    0.606709] devtmpfs: initialized
[    0.642447] EVM: security.selinux
[    0.642917] EVM: security.SMACK64
[    0.643410] EVM: security.capability
[    0.668605] print_constraints: dummy: 
[    0.670322] RTC time:  7:37:01, date: 12/11/15
[    0.673560] NET: Registered protocol family 16
[    0.681915] ACPI: bus type pci registered
[    0.685852] PCI: Using configuration type 1 for base access
[    0.714994] bio: create slab &lt;bio-0&gt; at 0
[    0.720841] ACPI: Added _OSI(Module Device)
[    0.721421] ACPI: Added _OSI(Processor Device)
[    0.722030] ACPI: Added _OSI(3.0 _SCP Extensions)
[    0.722791] ACPI: Added _OSI(Processor Aggregator Device)
[    0.801959] ACPI: Interpreter enabled
[    0.803138] ACPI: (supports S0 S3 S4 S5)
[    0.805637] ACPI: Using IOAPIC for interrupt routing
[    0.884459] ACPI: No dock devices found.
[    0.885441] HEST: Table not found.
[    0.886057] PCI: Using host bridge windows from ACPI; if necessary, use "pci=nocrs" and report a bug
[    0.892871] ACPI: PCI Root Bridge [PCI0] (domain 0000 [bus 00-ff])
[    0.898058] pci_root PNP0A03:00: host bridge window [io  0x0000-0x0cf7]
[    0.900169] pci_root PNP0A03:00: host bridge window [io  0x0d00-0xadff]
[    0.901109] pci_root PNP0A03:00: host bridge window [io  0xae0f-0xaeff]
[    0.902562] pci_root PNP0A03:00: host bridge window [io  0xaf20-0xafdf]
[    0.904116] pci_root PNP0A03:00: host bridge window [io  0xafe4-0xffff]
[    0.905252] pci_root PNP0A03:00: host bridge window [mem 0x000a0000-0x000bffff]
[    0.906608] pci_root PNP0A03:00: host bridge window [mem 0x04000000-0xfebfffff]
[    0.932251] pci 0000:00:01.3: quirk: [io  0xb000-0xb03f] claimed by PIIX4 ACPI
[    0.933532] pci 0000:00:01.3: quirk: [io  0xb100-0xb10f] claimed by PIIX4 SMB
[    1.016362]  pci0000:00: Unable to request _OSC control (_OSC support mask: 0x1e)
[    1.069203] ACPI: PCI Interrupt Link [LNKA] (IRQs 5 *10 11)
[    1.072185] ACPI: PCI Interrupt Link [LNKB] (IRQs 5 *10 11)
[    1.074017] ACPI: PCI Interrupt Link [LNKC] (IRQs 5 10 *11)
[    1.076385] ACPI: PCI Interrupt Link [LNKD] (IRQs 5 10 *11)
[    1.077740] ACPI: PCI Interrupt Link [LNKS] (IRQs *9)
[    1.085025] vgaarb: device added: PCI:0000:00:02.0,decodes=io+mem,owns=io+mem,locks=none
[    1.086101] vgaarb: loaded
[    1.086471] vgaarb: bridge control possible 0000:00:02.0
[    1.090307] i2c-core: driver [aat2870] using legacy suspend method
[    1.091058] i2c-core: driver [aat2870] using legacy resume method
[    1.093828] SCSI subsystem initialized
[    1.097338] usbcore: registered new interface driver usbfs
[    1.098496] usbcore: registered new interface driver hub
[    1.100471] usbcore: registered new device driver usb
[    1.103325] PCI: Using ACPI for IRQ routing
[    1.113970] NetLabel: Initializing
[    1.114408] NetLabel:  domain hash size = 128
[    1.114890] NetLabel:  protocols = UNLABELED CIPSOv4
[    1.117344] NetLabel:  unlabeled traffic allowed by default
[    1.119357] HPET: 3 timers in total, 0 timers will be used for per-cpu timer
[    1.120410] hpet0: at MMIO 0xfed00000, IRQs 2, 8, 0
[    1.121317] hpet0: 3 comparators, 64-bit 100.000000 MHz counter
[    1.134093] Switching to clocksource hpet
[    1.386458] AppArmor: AppArmor Filesystem Enabled
[    1.387888] pnp: PnP ACPI init
[    1.389463] ACPI: bus type pnp registered
[    1.409116] pnp: PnP ACPI: found 9 devices
[    1.409856] ACPI: ACPI bus type pnp unregistered
[    1.481714] NET: Registered protocol family 2
[    1.520123] IP route cache hash table entries: 512 (order: 0, 4096 bytes)
[    1.528168] TCP established hash table entries: 2048 (order: 3, 32768 bytes)
[    1.530254] TCP bind hash table entries: 2048 (order: 3, 32768 bytes)
[    1.531263] TCP: Hash tables configured (established 2048 bind 2048)
[    1.531983] TCP reno registered
[    1.533370] UDP hash table entries: 128 (order: 0, 4096 bytes)
[    1.534182] UDP-Lite hash table entries: 128 (order: 0, 4096 bytes)
[    1.537388] NET: Registered protocol family 1
[    1.538329] pci 0000:00:00.0: Limiting direct PCI/PCI transfers
[    1.539110] pci 0000:00:01.0: PIIX3: Enabling Passive Release
[    1.539949] pci 0000:00:01.0: Activating ISA DMA hang workarounds
[    1.545859] ACPI: PCI Interrupt Link [LNKD] enabled at IRQ 11
[    1.546860] pci 0000:00:01.2: PCI INT D -&gt; Link[LNKD] -&gt; GSI 11 (level, high) -&gt; IRQ 11
[    1.550694] pci 0000:00:01.2: PCI INT D disabled
[    1.569694] Trying to unpack rootfs image as initramfs...
[    1.586397] audit: initializing netlink socket (disabled)
[    1.587839] type=2000 audit(1449819421.584:1): initialized
[    1.889594] HugeTLB registered 2 MB page size, pre-allocated 0 pages
[    1.979429] VFS: Disk quotas dquot_6.5.2
[    1.981679] Dquot-cache hash table entries: 512 (order 0, 4096 bytes)
[    2.003174] fuse init (API version 7.17)
[    2.006112] msgmni has been set to 84
[    2.039821] Block layer SCSI generic (bsg) driver version 0.4 loaded (major 253)
[    2.049388] io scheduler noop registered
[    2.049924] io scheduler deadline registered (default)
[    2.051743] io scheduler cfq registered
[    2.055561] pci_hotplug: PCI Hot Plug PCI Core version: 0.5
[    2.058019] pciehp: PCI Express Hot Plug Controller Driver version: 0.4
[    2.065524] input: Power Button as /devices/LNXSYSTM:00/LNXPWRBN:00/input/input0
[    2.067623] ACPI: Power Button [PWRF]
[    2.127037] ERST: Table is not found!
[    2.127559] GHES: HEST is not enabled!
[    2.138947] ACPI: PCI Interrupt Link [LNKC] enabled at IRQ 10
[    2.139636] virtio-pci 0000:00:03.0: PCI INT A -&gt; Link[LNKC] -&gt; GSI 10 (level, high) -&gt; IRQ 10
[    2.143847] virtio-pci 0000:00:04.0: PCI INT A -&gt; Link[LNKD] -&gt; GSI 11 (level, high) -&gt; IRQ 11
[    2.155330] ACPI: PCI Interrupt Link [LNKA] enabled at IRQ 10
[    2.156196] virtio-pci 0000:00:05.0: PCI INT A -&gt; Link[LNKA] -&gt; GSI 10 (level, high) -&gt; IRQ 10
[    2.173892] Serial: 8250/16550 driver, 32 ports, IRQ sharing enabled
[    2.219589] serial8250: ttyS0 at I/O 0x3f8 (irq = 4) is a 16550A
[    2.317129] serial8250: ttyS1 at I/O 0x2f8 (irq = 3) is a 16550A
[    2.452929] 00:05: ttyS0 at I/O 0x3f8 (irq = 4) is a 16550A
[    2.541868] 00:06: ttyS1 at I/O 0x2f8 (irq = 3) is a 16550A
[    2.554413] Refined TSC clocksource calibration: 2294.767 MHz.
[    2.555266] Switching to clocksource tsc
[    2.598064] Linux agpgart interface v0.103
[    2.662069] brd: module loaded
[    2.692146] loop: module loaded
[    2.742448]  vda: unknown partition table
[    2.797565] scsi0 : ata_piix
[    2.799856] scsi1 : ata_piix
[    2.802312] ata1: PATA max MWDMA2 cmd 0x1f0 ctl 0x3f6 bmdma 0xc0a0 irq 14
[    2.803341] ata2: PATA max MWDMA2 cmd 0x170 ctl 0x376 bmdma 0xc0a8 irq 15
[    2.815483] Fixed MDIO Bus: probed
[    2.818445] tun: Universal TUN/TAP device driver, 1.6
[    2.819688] tun: (C) 1999-2004 Max Krasnyansky &lt;maxk@qualcomm.com&gt;
[    2.843197] PPP generic driver version 2.4.2
[    2.869927] ehci_hcd: USB 2.0 'Enhanced' Host Controller (EHCI) Driver
[    2.871103] ohci_hcd: USB 1.1 'Open' Host Controller (OHCI) Driver
[    2.871989] uhci_hcd: USB Universal Host Controller Interface driver
[    2.873966] uhci_hcd 0000:00:01.2: PCI INT D -&gt; Link[LNKD] -&gt; GSI 11 (level, high) -&gt; IRQ 11
[    2.877317] uhci_hcd 0000:00:01.2: UHCI Host Controller
[    2.893455] uhci_hcd 0000:00:01.2: new USB bus registered, assigned bus number 1
[    2.895328] uhci_hcd 0000:00:01.2: irq 11, io base 0x0000c040
[    2.919280] hub 1-0:1.0: USB hub found
[    2.920932] hub 1-0:1.0: 2 ports detected
[    2.928463] usbcore: registered new interface driver libusual
[    2.931836] i8042: PNP: PS/2 Controller [PNP0303:KBD,PNP0f13:MOU] at 0x60,0x64 irq 1,12
[    2.941711] serio: i8042 KBD port at 0x60,0x64 irq 1
[    2.946821] serio: i8042 AUX port at 0x60,0x64 irq 12
[    2.994028] mousedev: PS/2 mouse device common for all mice
[    3.003298] input: AT Translated Set 2 keyboard as /devices/platform/i8042/serio0/input/input1
[    3.007468] rtc_cmos 00:01: RTC can wake from S4
[    3.022578] rtc_cmos 00:01: rtc core: registered rtc_cmos as rtc0
[    3.025650] rtc0: alarms up to one day, 114 bytes nvram, hpet irqs
[    3.029968] device-mapper: uevent: version 1.0.3
[    3.046338] device-mapper: ioctl: 4.22.0-ioctl (2011-10-19) initialised: dm-devel@redhat.com
[    3.048926] cpuidle: using governor ladder
[    3.050139] cpuidle: using governor menu
[    3.050791] EFI Variables Facility v0.08 2004-May-17
[    3.061731] TCP cubic registered
[    3.065764] NET: Registered protocol family 10
[    3.102371] NET: Registered protocol family 17
[    3.103664] Registering the dns_resolver key type
[    3.120492] ata2.01: ATAPI: QEMU DVD-ROM, 2.0.0, max UDMA/100
[    3.147294] ata2.01: configured for MWDMA2
[    3.187516] scsi 1:0:1:0: CD-ROM            QEMU     QEMU DVD-ROM     2.0. PQ: 0 ANSI: 5
[    3.214904] sr0: scsi3-mmc drive: 4x/4x cd/rw xa/form2 tray
[    3.215997] cdrom: Uniform CD-ROM driver Revision: 3.20
[    3.243090] sr 1:0:1:0: Attached scsi generic sg0 type 5
[    3.260053] registered taskstats version 1
[    3.395756] Freeing initrd memory: 3656k freed
[    3.920443]   Magic number: 11:185:622
[    3.930089] rtc_cmos 00:01: setting system clock to 2015-12-11 07:37:04 UTC (1449819424)
[    3.931800] powernow-k8: Processor cpuid 663 not supported
[    3.937509] BIOS EDD facility v0.16 2004-Jun-25, 0 devices found
[    3.939147] EDD information not available.
[    4.016889] Freeing unused kernel memory: 928k freed
[    4.021207] Write protecting the kernel read-only data: 12288k
[    4.139499] Freeing unused kernel memory: 1596k freed
[    4.205294] Freeing unused kernel memory: 1184k freed

info: initramfs: up at 4.40
modprobe: module virtio_blk not found in modules.dep
modprobe: module virtio_net not found in modules.dep
info: copying initramfs to /dev/vda
info: initramfs loading root from /dev/vda
info: /etc/init.d/rc.sysinit: up at 9.21
info: container: none
Starting logging: OK
modprobe: module virtio_blk not found in modules.dep
modprobe: module virtio_net not found in modules.dep
WARN: /etc/rc3.d/S10-load-modules failed
Initializing random number generator... done.
Starting acpid: OK
cirros-ds 'local' up at 11.81
found datasource (configdrive, local)
Starting network...
udhcpc (v1.20.1) started
Sending discover...
Sending discover...

2015-12-11 07:39:00,542 24472 INFO     [tempest_lib.common.rest_client] Request (TestNetworkAdvancedServerOps:_run_cleanups): 204 DELETE http://10.0.2.15:9696/v2.0/floatingips/71cd0755-6a07-481d-b905-54d63690e2b8 0.180s
2015-12-11 07:39:00,543 24472 DEBUG    [tempest_lib.common.rest_client] Request - Headers: {'Content-Type': 'application/json', 'Accept': 'application/json', 'X-Auth-Token': '&lt;omitted&gt;'}
        Body: None
    Response - Headers: {'date': 'Fri, 11 Dec 2015 07:39:00 GMT', 'status': '204', 'connection': 'close', 'content-length': '0', 'x-openstack-request-id': 'req-b3b92438-ccd3-4781-9ea2-40298473cd3d'}
        Body: 
2015-12-11 07:39:00,755 24472 INFO     [tempest_lib.common.rest_client] Request (TestNetworkAdvancedServerOps:_run_cleanups): 204 DELETE http://10.0.2.15:8774/v2.1/c1b8338161b74ac980cc9679615d65c6/servers/74914720-0047-4c42-a9e1-28319ad00fb3 0.211s
2015-12-11 07:39:00,756 24472 DEBUG    [tempest_lib.common.rest_client] Request - Headers: {'Content-Type': 'application/json', 'Accept': 'application/json', 'X-Auth-Token': '&lt;omitted&gt;'}
        Body: None
    Response - Headers: {'status': '204', 'content-length': '0', 'x-compute-request-id': 'req-b84a1549-6a14-43bb-8424-25761df7df78', 'vary': 'X-OpenStack-Nova-API-Version', 'connection': 'close', 'x-openstack-nova-api-version': '2.1', 'date': 'Fri, 11 Dec 2015 07:39:00 GMT', 'content-type': 'application/json'}
        Body: 
2015-12-11 07:39:00,955 24472 INFO     [tempest_lib.common.rest_client] Request (TestNetworkAdvancedServerOps:_run_cleanups): 200 GET http://10.0.2.15:8774/v2.1/c1b8338161b74ac980cc9679615d65c6/servers/74914720-0047-4c42-a9e1-28319ad00fb3 0.198s
2015-12-11 07:39:00,955 24472 DEBUG    [tempest_lib.common.rest_client] Request - Headers: {'Content-Type': 'application/json', 'Accept': 'application/json', 'X-Auth-Token': '&lt;omitted&gt;'}
        Body: None
    Response - Headers: {'status': '200', 'content-length': '1785', 'content-location': 'http://10.0.2.15:8774/v2.1/c1b8338161b74ac980cc9679615d65c6/servers/74914720-0047-4c42-a9e1-28319ad00fb3', 'x-compute-request-id': 'req-a6aed872-a092-47e4-8a66-866e63f85027', 'vary': 'X-OpenStack-Nova-API-Version', 'connection': 'close', 'x-openstack-nova-api-version': '2.1', 'date': 'Fri, 11 Dec 2015 07:39:00 GMT', 'content-type': 'application/json'}
        Body: {"server": {"status": "ACTIVE", "updated": "2015-12-11T07:39:00Z", "hostId": "98e944f11adf0f8bcb0041dda211906086a17cb899b83c5103fe31ce", "addresses": {"tempest-network-smoke--1530485744": [{"OS-EXT-IPS-MAC:mac_addr": "fa:16:3e:e9:b8:91", "version": 4, "addr": "10.100.0.3", "OS-EXT-IPS:type": "fixed"}, {"OS-EXT-IPS-MAC:mac_addr": "fa:16:3e:e9:b8:91", "version": 4, "addr": "172.24.4.4", "OS-EXT-IPS:type": "floating"}]}, "links": [{"href": "http://10.0.2.15:8774/v2.1/c1b8338161b74ac980cc9679615d65c6/servers/74914720-0047-4c42-a9e1-28319ad00fb3", "rel": "self"}, {"href": "http://10.0.2.15:8774/c1b8338161b74ac980cc9679615d65c6/servers/74914720-0047-4c42-a9e1-28319ad00fb3", "rel": "bookmark"}], "key_name": "tempest-TestNetworkAdvancedServerOps-1436672866", "image": {"id": "c3e98d53-3984-4fec-9159-559d976e0f11", "links": [{"href": "http://10.0.2.15:8774/c1b8338161b74ac980cc9679615d65c6/images/c3e98d53-3984-4fec-9159-559d976e0f11", "rel": "bookmark"}]}, "OS-EXT-STS:task_state": "deleting", "OS-EXT-STS:vm_state": "active", "OS-SRV-USG:launched_at": "2015-12-11T07:36:57.000000", "flavor": {"id": "42", "links": [{"href": "http://10.0.2.15:8774/c1b8338161b74ac980cc9679615d65c6/flavors/42", "rel": "bookmark"}]}, "id": "74914720-0047-4c42-a9e1-28319ad00fb3", "security_groups": [{"name": "tempest-secgroup-smoke-589343299"}], "OS-SRV-USG:terminated_at": null, "OS-EXT-AZ:availability_zone": "nova", "user_id": "05ab6b600226422f896c676218cd0200", "name": "tempest.common.compute-instance-1076389540", "created": "2015-12-11T07:36:53Z", "tenant_id": "c1b8338161b74ac980cc9679615d65c6", "OS-DCF:diskConfig": "MANUAL", "os-extended-volumes:volumes_attached": [], "accessIPv4": "", "accessIPv6": "", "progress": 0, "OS-EXT-STS:power_state": 1, "config_drive": "True", "metadata": {}}}
2015-12-11 07:39:02,103 24472 INFO     [tempest_lib.common.rest_client] Request (TestNetworkAdvancedServerOps:_run_cleanups): 200 GET http://10.0.2.15:8774/v2.1/c1b8338161b74ac980cc9679615d65c6/servers/74914720-0047-4c42-a9e1-28319ad00fb3 0.132s
2015-12-11 07:39:02,103 24472 DEBUG    [tempest_lib.common.rest_client] Request - Headers: {'Content-Type': 'application/json', 'Accept': 'application/json', 'X-Auth-Token': '&lt;omitted&gt;'}
        Body: None
    Response - Headers: {'status': '200', 'content-length': '1450', 'content-location': 'http://10.0.2.15:8774/v2.1/c1b8338161b74ac980cc9679615d65c6/servers/74914720-0047-4c42-a9e1-28319ad00fb3', 'x-compute-request-id': 'req-0080989b-fb7f-43db-8e6a-a2e25aedf5fc', 'vary': 'X-OpenStack-Nova-API-Version', 'connection': 'close', 'x-openstack-nova-api-version': '2.1', 'date': 'Fri, 11 Dec 2015 07:39:02 GMT', 'content-type': 'application/json'}
        Body: {"server": {"status": "ACTIVE", "updated": "2015-12-11T07:39:01Z", "hostId": "98e944f11adf0f8bcb0041dda211906086a17cb899b83c5103fe31ce", "addresses": {}, "links": [{"href": "http://10.0.2.15:8774/v2.1/c1b8338161b74ac980cc9679615d65c6/servers/74914720-0047-4c42-a9e1-28319ad00fb3", "rel": "self"}, {"href": "http://10.0.2.15:8774/c1b8338161b74ac980cc9679615d65c6/servers/74914720-0047-4c42-a9e1-28319ad00fb3", "rel": "bookmark"}], "key_name": "tempest-TestNetworkAdvancedServerOps-1436672866", "image": {"id": "c3e98d53-3984-4fec-9159-559d976e0f11", "links": [{"href": "http://10.0.2.15:8774/c1b8338161b74ac980cc9679615d65c6/images/c3e98d53-3984-4fec-9159-559d976e0f11", "rel": "bookmark"}]}, "OS-EXT-STS:task_state": "deleting", "OS-EXT-STS:vm_state": "active", "OS-SRV-USG:launched_at": "2015-12-11T07:36:57.000000", "flavor": {"id": "42", "links": [{"href": "http://10.0.2.15:8774/c1b8338161b74ac980cc9679615d65c6/flavors/42", "rel": "bookmark"}]}, "id": "74914720-0047-4c42-a9e1-28319ad00fb3", "OS-SRV-USG:terminated_at": null, "OS-EXT-AZ:availability_zone": "nova", "user_id": "05ab6b600226422f896c676218cd0200", "name": "tempest.common.compute-instance-1076389540", "created": "2015-12-11T07:36:53Z", "tenant_id": "c1b8338161b74ac980cc9679615d65c6", "OS-DCF:diskConfig": "MANUAL", "os-extended-volumes:volumes_attached": [], "accessIPv4": "", "accessIPv6": "", "progress": 0, "OS-EXT-STS:power_state": 1, "config_drive": "True", "metadata": {}}}
2015-12-11 07:39:03,197 24472 INFO     [tempest_lib.common.rest_client] Request (TestNetworkAdvancedServerOps:_run_cleanups): 404 GET http://10.0.2.15:8774/v2.1/c1b8338161b74ac980cc9679615d65c6/servers/74914720-0047-4c42-a9e1-28319ad00fb3 0.081s
2015-12-11 07:39:03,198 24472 DEBUG    [tempest_lib.common.rest_client] Request - Headers: {'Content-Type': 'application/json', 'Accept': 'application/json', 'X-Auth-Token': '&lt;omitted&gt;'}
        Body: None
    Response - Headers: {'status': '404', 'content-length': '111', 'x-compute-request-id': 'req-456963a4-ab70-48b1-9f0f-afbe56497b91', 'vary': 'X-OpenStack-Nova-API-Version', 'connection': 'close', 'x-openstack-nova-api-version': '2.1', 'date': 'Fri, 11 Dec 2015 07:39:03 GMT', 'content-type': 'application/json; charset=UTF-8'}
        Body: {"itemNotFound": {"message": "Instance 74914720-0047-4c42-a9e1-28319ad00fb3 could not be found.", "code": 404}}
2015-12-11 07:39:03,589 24472 INFO     [tempest_lib.common.rest_client] Request (TestNetworkAdvancedServerOps:_run_cleanups): 200 PUT http://10.0.2.15:9696/v2.0/routers/2deefdb0-5942-441a-a6dc-a46942a2ab80/remove_router_interface 0.389s
2015-12-11 07:39:03,590 24472 DEBUG    [tempest_lib.common.rest_client] Request - Headers: {'Content-Type': 'application/json', 'Accept': 'application/json', 'X-Auth-Token': '&lt;omitted&gt;'}
        Body: {"subnet_id": "59ba3fcb-5372-4f39-8f74-c9594a76af3a"}
    Response - Headers: {'status': '200', 'content-length': '255', 'connection': 'close', 'date': 'Fri, 11 Dec 2015 07:39:03 GMT', 'content-type': 'application/json; charset=UTF-8', 'x-openstack-request-id': 'req-acb79dc9-c7ba-4001-a0a1-e0e21d0fb09c'}
        Body: {"subnet_id": "59ba3fcb-5372-4f39-8f74-c9594a76af3a", "tenant_id": "c1b8338161b74ac980cc9679615d65c6", "subnet_ids": ["59ba3fcb-5372-4f39-8f74-c9594a76af3a"], "port_id": "04c3ad0e-eedc-46a7-9481-2d671048252a", "id": "2deefdb0-5942-441a-a6dc-a46942a2ab80"}
2015-12-11 07:39:03,978 24472 INFO     [tempest_lib.common.rest_client] Request (TestNetworkAdvancedServerOps:_run_cleanups): 204 DELETE http://10.0.2.15:9696/v2.0/subnets/59ba3fcb-5372-4f39-8f74-c9594a76af3a 0.386s
2015-12-11 07:39:03,978 24472 DEBUG    [tempest_lib.common.rest_client] Request - Headers: {'Content-Type': 'application/json', 'Accept': 'application/json', 'X-Auth-Token': '&lt;omitted&gt;'}
        Body: None
    Response - Headers: {'date': 'Fri, 11 Dec 2015 07:39:03 GMT', 'status': '204', 'connection': 'close', 'content-length': '0', 'x-openstack-request-id': 'req-cf49419b-49ac-4d63-8570-e9d261b328f0'}
        Body: 
2015-12-11 07:39:04,024 24472 INFO     [tempest_lib.common.rest_client] Request (TestNetworkAdvancedServerOps:_run_cleanups): 200 GET http://10.0.2.15:9696/v2.0/routers/2deefdb0-5942-441a-a6dc-a46942a2ab80 0.045s
2015-12-11 07:39:04,025 24472 DEBUG    [tempest_lib.common.rest_client] Request - Headers: {'Content-Type': 'application/json', 'Accept': 'application/json', 'X-Auth-Token': '&lt;omitted&gt;'}
        Body: None
    Response - Headers: {'status': '200', 'content-length': '500', 'content-location': 'http://10.0.2.15:9696/v2.0/routers/2deefdb0-5942-441a-a6dc-a46942a2ab80', 'connection': 'close', 'date': 'Fri, 11 Dec 2015 07:39:04 GMT', 'content-type': 'application/json; charset=UTF-8', 'x-openstack-request-id': 'req-4ecc9c58-84a6-4bef-87da-e53fa2cace09'}
        Body: {"router": {"status": "ACTIVE", "external_gateway_info": {"network_id": "b7b09001-85e0-45f6-9ce1-0064f8897943", "enable_snat": true, "external_fixed_ips": [{"subnet_id": "6b879580-6eaa-405e-90e4-578453a22998", "ip_address": "172.24.4.3"}, {"subnet_id": "6c630fb6-b6e7-43c2-808c-a857d184813c", "ip_address": "2001:db8::3"}]}, "name": "tempest-router-smoke-713283295", "admin_state_up": true, "tenant_id": "c1b8338161b74ac980cc9679615d65c6", "routes": [], "id": "2deefdb0-5942-441a-a6dc-a46942a2ab80"}}
2015-12-11 07:39:04,411 24472 INFO     [tempest_lib.common.rest_client] Request (TestNetworkAdvancedServerOps:_run_cleanups): 200 PUT http://10.0.2.15:9696/v2.0/routers/2deefdb0-5942-441a-a6dc-a46942a2ab80 0.385s
2015-12-11 07:39:04,412 24472 DEBUG    [tempest_lib.common.rest_client] Request - Headers: {'Content-Type': 'application/json', 'Accept': 'application/json', 'X-Auth-Token': '&lt;omitted&gt;'}
        Body: {"router": {"external_gateway_info": {}, "name": "tempest-router-smoke-713283295", "admin_state_up": true}}
    Response - Headers: {'status': '200', 'content-length': '238', 'connection': 'close', 'date': 'Fri, 11 Dec 2015 07:39:04 GMT', 'content-type': 'application/json; charset=UTF-8', 'x-openstack-request-id': 'req-f50d26a1-a6ab-490c-852d-858f7f01e175'}
        Body: {"router": {"status": "ACTIVE", "external_gateway_info": null, "name": "tempest-router-smoke-713283295", "admin_state_up": true, "tenant_id": "c1b8338161b74ac980cc9679615d65c6", "routes": [], "id": "2deefdb0-5942-441a-a6dc-a46942a2ab80"}}
2015-12-11 07:39:04,608 24472 INFO     [tempest_lib.common.rest_client] Request (TestNetworkAdvancedServerOps:_run_cleanups): 204 DELETE http://10.0.2.15:9696/v2.0/routers/2deefdb0-5942-441a-a6dc-a46942a2ab80 0.195s
2015-12-11 07:39:04,609 24472 DEBUG    [tempest_lib.common.rest_client] Request - Headers: {'Content-Type': 'application/json', 'Accept': 'application/json', 'X-Auth-Token': '&lt;omitted&gt;'}
        Body: None
    Response - Headers: {'date': 'Fri, 11 Dec 2015 07:39:04 GMT', 'status': '204', 'connection': 'close', 'content-length': '0', 'x-openstack-request-id': 'req-2534c4f4-15d3-43e9-a2e1-fa2db0184d2c'}
        Body: 
2015-12-11 07:39:04,794 24472 INFO     [tempest_lib.common.rest_client] Request (TestNetworkAdvancedServerOps:_run_cleanups): 204 DELETE http://10.0.2.15:9696/v2.0/networks/9faeacc8-556d-4853-9d94-7682e4eee700 0.183s
2015-12-11 07:39:04,794 24472 DEBUG    [tempest_lib.common.rest_client] Request - Headers: {'Content-Type': 'application/json', 'Accept': 'application/json', 'X-Auth-Token': '&lt;omitted&gt;'}
        Body: None
    Response - Headers: {'date': 'Fri, 11 Dec 2015 07:39:04 GMT', 'status': '204', 'connection': 'close', 'content-length': '0', 'x-openstack-request-id': 'req-0be17720-76b3-43af-a793-0033823e4f7c'}
        Body: 
2015-12-11 07:39:04,852 24472 INFO     [tempest_lib.common.rest_client] Request (TestNetworkAdvancedServerOps:_run_cleanups): 204 DELETE http://10.0.2.15:9696/v2.0/security-group-rules/43e5e225-a40d-4b68-927a-6e3999e471ca 0.057s
2015-12-11 07:39:04,853 24472 DEBUG    [tempest_lib.common.rest_client] Request - Headers: {'Content-Type': 'application/json', 'Accept': 'application/json', 'X-Auth-Token': '&lt;omitted&gt;'}
        Body: None
    Response - Headers: {'date': 'Fri, 11 Dec 2015 07:39:04 GMT', 'status': '204', 'connection': 'close', 'content-length': '0', 'x-openstack-request-id': 'req-3a13abf6-909b-4af6-b2ea-04a4787b52a0'}
        Body: 
2015-12-11 07:39:04,911 24472 INFO     [tempest_lib.common.rest_client] Request (TestNetworkAdvancedServerOps:_run_cleanups): 204 DELETE http://10.0.2.15:9696/v2.0/security-group-rules/6d9b6078-8a3e-4f7a-856c-66c0c5b6b1a2 0.058s
2015-12-11 07:39:04,912 24472 DEBUG    [tempest_lib.common.rest_client] Request - Headers: {'Content-Type': 'application/json', 'Accept': 'application/json', 'X-Auth-Token': '&lt;omitted&gt;'}
        Body: None
    Response - Headers: {'date': 'Fri, 11 Dec 2015 07:39:04 GMT', 'status': '204', 'connection': 'close', 'content-length': '0', 'x-openstack-request-id': 'req-c1b3d3d8-7f63-4d2f-ad3e-94e8a1937aa8'}
        Body: 
2015-12-11 07:39:04,959 24472 INFO     [tempest_lib.common.rest_client] Request (TestNetworkAdvancedServerOps:_run_cleanups): 204 DELETE http://10.0.2.15:9696/v2.0/security-group-rules/07634b85-3f99-4e95-8c5d-5d95be128a24 0.046s
2015-12-11 07:39:04,959 24472 DEBUG    [tempest_lib.common.rest_client] Request - Headers: {'Content-Type': 'application/json', 'Accept': 'application/json', 'X-Auth-Token': '&lt;omitted&gt;'}
        Body: None
    Response - Headers: {'date': 'Fri, 11 Dec 2015 07:39:04 GMT', 'status': '204', 'connection': 'close', 'content-length': '0', 'x-openstack-request-id': 'req-06e77077-3d8c-4175-afd5-db6707d0b74f'}
        Body: 
2015-12-11 07:39:05,004 24472 INFO     [tempest_lib.common.rest_client] Request (TestNetworkAdvancedServerOps:_run_cleanups): 204 DELETE http://10.0.2.15:9696/v2.0/security-group-rules/d5a0b985-2984-466f-b7b6-54133e2c5922 0.043s
2015-12-11 07:39:05,004 24472 DEBUG    [tempest_lib.common.rest_client] Request - Headers: {'Content-Type': 'application/json', 'Accept': 'application/json', 'X-Auth-Token': '&lt;omitted&gt;'}
        Body: None
    Response - Headers: {'date': 'Fri, 11 Dec 2015 07:39:05 GMT', 'status': '204', 'connection': 'close', 'content-length': '0', 'x-openstack-request-id': 'req-c6286e0f-4f0f-4dd1-ab89-aed135d9db6e'}
        Body: 
2015-12-11 07:39:05,052 24472 INFO     [tempest_lib.common.rest_client] Request (TestNetworkAdvancedServerOps:_run_cleanups): 204 DELETE http://10.0.2.15:9696/v2.0/security-group-rules/c47e5d60-1fc5-4f66-98d4-17edaa5f4eb7 0.048s
2015-12-11 07:39:05,053 24472 DEBUG    [tempest_lib.common.rest_client] Request - Headers: {'Content-Type': 'application/json', 'Accept': 'application/json', 'X-Auth-Token': '&lt;omitted&gt;'}
        Body: None
    Response - Headers: {'date': 'Fri, 11 Dec 2015 07:39:05 GMT', 'status': '204', 'connection': 'close', 'content-length': '0', 'x-openstack-request-id': 'req-2c3bf5ef-e46c-41a7-bfe4-e0f7acefb172'}
        Body: 
2015-12-11 07:39:05,099 24472 INFO     [tempest_lib.common.rest_client] Request (TestNetworkAdvancedServerOps:_run_cleanups): 204 DELETE http://10.0.2.15:9696/v2.0/security-group-rules/d1430d3b-26f2-4c57-8bb1-cca78a721e02 0.045s
2015-12-11 07:39:05,100 24472 DEBUG    [tempest_lib.common.rest_client] Request - Headers: {'Content-Type': 'application/json', 'Accept': 'application/json', 'X-Auth-Token': '&lt;omitted&gt;'}
        Body: None
    Response - Headers: {'date': 'Fri, 11 Dec 2015 07:39:05 GMT', 'status': '204', 'connection': 'close', 'content-length': '0', 'x-openstack-request-id': 'req-ebffae7e-0ca5-481d-860c-e15c5d477c38'}
        Body: 
2015-12-11 07:39:05,193 24472 INFO     [tempest_lib.common.rest_client] Request (TestNetworkAdvancedServerOps:_run_cleanups): 204 DELETE http://10.0.2.15:9696/v2.0/security-groups/9bb5c831-93be-4f5f-b778-ee0f526c064f 0.092s
2015-12-11 07:39:05,193 24472 DEBUG    [tempest_lib.common.rest_client] Request - Headers: {'Content-Type': 'application/json', 'Accept': 'application/json', 'X-Auth-Token': '&lt;omitted&gt;'}
        Body: None
    Response - Headers: {'date': 'Fri, 11 Dec 2015 07:39:05 GMT', 'status': '204', 'connection': 'close', 'content-length': '0', 'x-openstack-request-id': 'req-5817484b-aeab-4a37-919e-419f1d6c7fbf'}
        Body: 
2015-12-11 07:39:05,214 24472 INFO     [tempest_lib.common.rest_client] Request (TestNetworkAdvancedServerOps:_run_cleanups): 202 DELETE http://10.0.2.15:8774/v2.1/c1b8338161b74ac980cc9679615d65c6/os-keypairs/tempest-TestNetworkAdvancedServerOps-1436672866 0.019s
2015-12-11 07:39:05,214 24472 DEBUG    [tempest_lib.common.rest_client] Request - Headers: {'Content-Type': 'application/json', 'Accept': 'application/json', 'X-Auth-Token': '&lt;omitted&gt;'}
        Body: None
    Response - Headers: {'status': '202', 'content-length': '0', 'x-compute-request-id': 'req-b5a8a9b7-033e-458c-801d-8938667bdff6', 'vary': 'X-OpenStack-Nova-API-Version', 'connection': 'close', 'x-openstack-nova-api-version': '2.1', 'date': 'Fri, 11 Dec 2015 07:39:05 GMT', 'content-type': 'application/json'}
        Body: 
2015-12-11 07:39:05,314 24472 INFO     [tempest_lib.common.rest_client] Request (TestNetworkAdvancedServerOps:_run_cleanups): 404 GET http://10.0.2.15:8774/v2.1/c1b8338161b74ac980cc9679615d65c6/servers/74914720-0047-4c42-a9e1-28319ad00fb3 0.098s
2015-12-11 07:39:05,315 24472 DEBUG    [tempest_lib.common.rest_client] Request - Headers: {'Content-Type': 'application/json', 'Accept': 'application/json', 'X-Auth-Token': '&lt;omitted&gt;'}
        Body: None
    Response - Headers: {'status': '404', 'content-length': '111', 'x-compute-request-id': 'req-672ca9a7-58b8-48c9-865a-13916922dbf6', 'vary': 'X-OpenStack-Nova-API-Version', 'connection': 'close', 'x-openstack-nova-api-version': '2.1', 'date': 'Fri, 11 Dec 2015 07:39:05 GMT', 'content-type': 'application/json; charset=UTF-8'}
        Body: {"itemNotFound": {"message": "Instance 74914720-0047-4c42-a9e1-28319ad00fb3 could not be found.", "code": 404}}
}}}

Traceback (most recent call last):
  File "tempest/test.py", line 113, in wrapper
    return f(self, *func_args, **func_kwargs)
  File "tempest/scenario/test_network_advanced_server_ops.py", line 134, in test_server_connectivity_pause_unpause
    server, keypair, floating_ip = self._setup_network_and_servers()
  File "tempest/scenario/test_network_advanced_server_ops.py", line 71, in _setup_network_and_servers
    server, keypair, floating_ip)
  File "tempest/scenario/test_network_advanced_server_ops.py", line 95, in _wait_server_status_and_check_network_connectivity
    self._check_network_connectivity(server, keypair, floating_ip)
  File "tempest/scenario/test_network_advanced_server_ops.py", line 88, in _check_network_connectivity
    servers=[server])
  File "tempest/scenario/manager.py", line 606, in check_public_network_connectivity
    should_connect=should_connect)
  File "tempest/scenario/manager.py", line 590, in check_vm_connectivity
    msg=msg)
  File "/usr/local/lib/python2.7/dist-packages/unittest2/case.py", line 702, in assertTrue
    raise self.failureException(msg)
AssertionError: False is not true : Timed out waiting for 172.24.4.4 to become reachable



        </pre>
    </div>
    <!--css div popup end-->

    </td>
</tr>

<tr id='ft1.2' class='none'>
    <td class='failCase'><div class='testcase'>test_server_connectivity_reboot[compute,id-7b6860c2-afa3-4846-9522-adeb38dfbe08,network]</div></td>
    <td colspan='7' align='left'>

    <!--css div popup start-->
    <a class="popup_link" onfocus='this.blur();'
    href="javascript:showTestDetail('div_ft1.2')" >
        fail</a>

    <div id='div_ft1.2' class="popup_window">
        <div style='text-align: right; color:red;cursor:pointer'>
        <a onfocus='this.blur();'
onclick="document.getElementById('div_ft1.2').style.display = 'none' " >
           [x]</a>
        </div>
        <pre>
        
ft1.2: tempest.scenario.test_network_advanced_server_ops.TestNetworkAdvancedServerOps.test_server_connectivity_reboot[compute,id-7b6860c2-afa3-4846-9522-adeb38dfbe08,network]_StringException: Empty attachments:
  stderr
  stdout

pythonlogging:'': {{{
2015-12-11 07:39:05,493 24472 INFO     [tempest_lib.common.rest_client] Request (TestNetworkAdvancedServerOps:test_server_connectivity_reboot): 200 POST http://10.0.2.15:8774/v2.1/c1b8338161b74ac980cc9679615d65c6/os-keypairs 0.159s
