<?xml version="1.0" encoding="UTF-8"?>
<!DOCTYPE html PUBLIC "-//W3C//DTD XHTML 1.0 Strict//EN"
     "http://www.w3.org/TR/xhtml1/DTD/xhtml1-strict.dtd">
<html xmlns="http://www.w3.org/1999/xhtml">
<head>
    <title>Unit Test Report</title>
    <meta name="generator" content="subunit2html 0.1"/>
    <meta http-equiv="Content-Type" content="text/html; charset=UTF-8"/>
    
<style type="text/css" media="screen">
body        { font-family: verdana, arial, helvetica, sans-serif;
    font-size: 80%; }
table       { font-size: 100%; width: 100%;}
pre         { font-size: 80%; }

/* -- heading -------------------------------------------------------------- */
h1 {
        font-size: 16pt;
        color: gray;
}
.heading {
    margin-top: 0ex;
    margin-bottom: 1ex;
}

.heading .attribute {
    margin-top: 1ex;
    margin-bottom: 0;
}

.heading .description {
    margin-top: 4ex;
    margin-bottom: 6ex;
}

/* -- css div popup -------------------------------------------------------- */
a.popup_link {
}

a.popup_link:hover {
    color: red;
}

.popup_window {
    display: none;
    overflow-x: scroll;
    /*border: solid #627173 1px; */
    padding: 10px;
    background-color: #E6E6D6;
    font-family: "Ubuntu Mono", "Lucida Console", "Courier New", monospace;
    text-align: left;
    font-size: 8pt;
}

}
/* -- report --------------------------------------------------------------- */
#show_detail_line {
    margin-top: 3ex;
    margin-bottom: 1ex;
}
#result_table {
    width: 100%;
    border-collapse: collapse;
    border: 1px solid #777;
}
#header_row {
    font-weight: bold;
    color: white;
    background-color: #777;
}
#result_table td {
    border: 1px solid #777;
    padding: 2px;
}
#total_row  { font-weight: bold; }
.passClass  { background-color: #6c6; }
.failClass  { background-color: #c60; }
.errorClass { background-color: #c00; }
.passCase   { color: #6c6; }
.failCase   { color: #c60; font-weight: bold; }
.errorCase  { color: #c00; font-weight: bold; }
.hiddenRow  { display: none; }
.testcase   { margin-left: 2em; }
td.testname {width: 40%}
td.small {width: 40px}

/* -- ending --------------------------------------------------------------- */
#ending {
}

</style>

</head>
<body>
<script language="javascript" type="text/javascript"><!--
output_list = Array();

/* level - 0:Summary; 1:Failed; 2:All */
function showCase(level) {
    trs = document.getElementsByTagName("tr");
    for (var i = 0; i < trs.length; i++) {
        tr = trs[i];
        id = tr.id;
        if (id.substr(0,2) == 'ft') {
            if (level < 1) {
                tr.className = 'hiddenRow';
            }
            else {
                tr.className = '';
            }
        }
        if (id.substr(0,2) == 'pt') {
            if (level > 1) {
                tr.className = '';
            }
            else {
                tr.className = 'hiddenRow';
            }
        }
    }
}


function showClassDetail(cid, count) {
    var id_list = Array(count);
    var toHide = 1;
    for (var i = 0; i < count; i++) {
        tid0 = 't' + cid.substr(1) + '.' + (i+1);
        tid = 'f' + tid0;
        tr = document.getElementById(tid);
        if (!tr) {
            tid = 'p' + tid0;
            tr = document.getElementById(tid);
        }
        id_list[i] = tid;
        if (tr.className) {
            toHide = 0;
        }
    }
    for (var i = 0; i < count; i++) {
        tid = id_list[i];
        if (toHide) {
            document.getElementById('div_'+tid).style.display = 'none'
            document.getElementById(tid).className = 'hiddenRow';
        }
        else {
            document.getElementById(tid).className = '';
        }
    }
}


function showTestDetail(div_id){
    var details_div = document.getElementById(div_id)
    var displayState = details_div.style.display
    // alert(displayState)
    if (displayState != 'block' ) {
        displayState = 'block'
        details_div.style.display = 'block'
    }
    else {
        details_div.style.display = 'none'
    }
}


function html_escape(s) {
    s = s.replace(/&/g,'&amp;');
    s = s.replace(/</g,'&lt;');
    s = s.replace(/>/g,'&gt;');
    return s;
}

/* obsoleted by detail in <div>
function showOutput(id, name) {
    var w = window.open("", //url
                    name,
                    "resizable,scrollbars,status,width=800,height=450");
    d = w.document;
    d.write("<pre>");
    d.write(html_escape(output_list[id]));
    d.write("\n");
    d.write("<a href='javascript:window.close()'>close</a>\n");
    d.write("</pre>\n");
    d.close();
}
*/
--></script>

<div class='heading'>
<h1>Unit Test Report</h1>

<p class='attribute'><strong>Status:</strong> Failure 6</p>

<p class='description'></p>
</div>



<p id='show_detail_line'>Show
<a href='javascript:showCase(0)'>Summary</a>
<a href='javascript:showCase(1)'>Failed</a>
<a href='javascript:showCase(2)'>All</a>
</p>
<table id='result_table'>
<colgroup>
<col align='left' />
<col align='right' />
<col align='right' />
<col align='right' />
<col align='right' />
<col align='right' />
<col align='right' />
<col align='right' />
</colgroup>
<tr id='header_row'>
    <td>Test Group/Test case</td>
    <td>Count</td>
    <td>Pass</td>
    <td>Fail</td>
    <td>Error</td>
    <td>Skip</td>
    <td>View</td>
    <td> </td>
</tr>

<tr class='failClass'>
    <td class="testname">tempest.scenario.test_network_advanced_server_ops.TestNetworkAdvancedServerOps</td>
    <td class="small">6</td>
    <td class="small">0</td>
    <td class="small">6</td>
    <td class="small">0</td>
    <td class="small">0</td>
    <td class="small"><a href="javascript:showClassDetail('c1',6)"
>Detail</a></td>
    <td> </td>
</tr>

<tr id='ft1.1' class='none'>
    <td class='failCase'><div class='testcase'>test_server_connectivity_pause_unpause[compute,id-2b2642db-6568-4b35-b812-eceed3fa20ce,network]</div></td>
    <td colspan='7' align='left'>

    <!--css div popup start-->
    <a class="popup_link" onfocus='this.blur();'
    href="javascript:showTestDetail('div_ft1.1')" >
        fail</a>

    <div id='div_ft1.1' class="popup_window">
        <div style='text-align: right; color:red;cursor:pointer'>
        <a onfocus='this.blur();'
onclick="document.getElementById('div_ft1.1').style.display = 'none' " >
           [x]</a>
        </div>
        <pre>
        
ft1.1: tempest.scenario.test_network_advanced_server_ops.TestNetworkAdvancedServerOps.test_server_connectivity_pause_unpause[compute,id-2b2642db-6568-4b35-b812-eceed3fa20ce,network]_StringException: Empty attachments:
  stderr
  stdout

pythonlogging:'': {{{
2015-12-18 16:02:36,995 20450 INFO     [tempest_lib.common.rest_client] Request (TestNetworkAdvancedServerOps:test_server_connectivity_pause_unpause): 200 POST http://10.0.2.15:8774/v2.1/2cdc9ef83f5d41da82ac77716d14763b/os-keypairs 0.363s
2015-12-18 16:02:36,996 20450 DEBUG    [tempest_lib.common.rest_client] Request - Headers: {'Content-Type': 'application/json', 'Accept': 'application/json', 'X-Auth-Token': '&lt;omitted&gt;'}
        Body: {"keypair": {"name": "tempest-TestNetworkAdvancedServerOps-180676814"}}
    Response - Headers: {'status': '200', 'content-length': '2329', 'x-compute-request-id': 'req-899726be-f63e-40ec-9887-dcc5f9a16975', 'vary': 'X-OpenStack-Nova-API-Version', 'connection': 'close', 'x-openstack-nova-api-version': '2.1', 'date': 'Fri, 18 Dec 2015 16:02:36 GMT', 'content-type': 'application/json'}
        Body: {"keypair": {"public_key": "ssh-rsa AAAAB3NzaC1yc2EAAAADAQABAAABAQCfNjZzYfyZToLpKXYswIp7fAbdXzHetvvDp0kOsCls+yi40yyMTBfZsVI9JjZI+XlSjgRwYTcl9jidU0BxoMitIlp0ofDTUtjsuR4c8fzjEIvV59NFmW7hUwbmfzguqiZ7v8i9YNbL9KeCPngsfHn96zjD0rum0eMst+NXcysYsWLJXuCCNpqUTbTkelU3dtkYK6pwSE/FOFEk+lm4ps/VrXihFffKsB/MI/c6dAkyZQJCfWSVMgzLZsCZPQMeS/PJkaho2MBR3+0FyBb9RFDl3xUIdE4Ynp8Bxk/lyYn1sxFR/7VD7JAxLcaF0hIwdgr7Gp0+XvnC2hUS6x/7fsRN Generated-by-Nova", "private_key": "-----BEGIN RSA PRIVATE KEY-----\nMIIEpwIBAAKCAQEAnzY2c2H8mU6C6Sl2LMCKe3wG3V8x3rb7w6dJDrApbPsouNMs\njEwX2bFSPSY2SPl5Uo4EcGE3JfY4nVNAcaDIrSJadKHw01LY7LkeHPH84xCL1efT\nRZlu4VMG5n84Lqome7/IvWDWy/Sngj54LHx5/es4w9K7ptHjLLfjV3MrGLFiyV7g\ngjaalE205HpVN3bZGCuqcEhPxThRJPpZuKbP1a14oRX3yrAfzCP3OnQJMmUCQn1k\nlTIMy2bAmT0DHkvzyZGoaNjAUd/tBcgW/URQ5d8VCHROGJ6fAcZP5cmJ9bMRUf+1\nQ+yQMS3GhdISMHYK+xqdPl75wtoVEusf+37ETQIDAQABAoIBACil0qkKr08EuG+G\n4mDyl2iHdck28KiH1ydQolpZp3nndbIaWBlJpB00JGbwRpPC/bKSB5gZedb7UeD4\nzE82WYW6a5WzcqTBVhi5+nIxZfsi0lC+azYtwh1M8UoP2OwxDLozcLDI9I4F3G5o\nPI4/CXZGg6ubNcWVeIaGPEirYqle2QXZFqKWoynXJKEB+4DtsLu6RdoOuGo7nfRV\nhBQwnmpJMU9CMe2utyu9ytpvGYecO+UXR/9RBJyOF7bZAh3DgB6jG0WEcLBKShtN\nVwtU9rpdSAJ+qOE+oyP07owFuZw5Pb4kZ7s++weUpKjaFAhJmC1tiMlpVsgAWLX+\n1Z9jbQECggCBALnstCjJq5mPCDPArUd2kU7/hBnX24oyDY1dU94g5Z0m/WZkTZ/+\n4e/J71RKu9GyVrakZew6zrx74yOkpxUtYe0zgbr8TOl9IMXtEomRAkqtfpW/z3hv\ns2bIjTbCWt8hB5/IndvJ6yGt+ZV8Ic3VJfLAGXU3zq1q55X0tU7+OG49AoIAgQDb\nOBFIGMqQZ7UI0XJol1LRQBUmaH8YDtoZpPU9sYJd6AnL+QqqawnIivkcO0WW7k+5\n0ZLVNw9ZKRmr719iqx8OsW41JBb5dYj0NwL+8FPc+0ySIwa0AFHoUVWzl8T+482/\nJdaHiPVHfSZq+LG46BwBmfX76p+3uq0lXOLVupyfUQKCAIBnSNaAfiAE609cKKJa\nO8TXRNzm2mJMcCfVK05m7JGB7uIAWqJAyoBLDDwW8HlMMa04QzWXuMeWL6Br8ZEc\nE5z9/4oHDRfQ8cEeEugkYdkLETxsBiVEO5FG/QxtqiR/JcMtgW4oZhBoIlSvNUk2\nJj2xkAPUeU8oSWYjiNCb9F/25QKCAIAC94xMVIGRWMX7e5I31ix5xotCvNFTiwfq\npu/myNtB2B0h1JoPWmmEfFUIy8iSVWFg23RITHl5tHOzfwbkd/pwoXgjYfypnayf\n2YrB1pDcAc60f6LcltCE+2zUhG5XINAtER8JMJJZSFlXw0vse7+9Sc8pfLBytSUY\nx1wOlnr+MQKCAIB0vdUdYs+YNPT4Fl+paWTZtp1eAD1Flk1BmZ3sJPlt+hYzQ7Wu\nLZrup8rlb/QKfkaHvkZXBbAC0CPugI90xAo/2Io1gsG/8vkjqBlVhDIrkblvokUv\ntv4xyRuNgaLUDrmtLsRucgRBZHP8+oi93OuABriDU4RBqdKWf/eqKAO+TQ==\n-----END RSA PRIVATE KEY-----\n", "user_id": "2bb9216072a24b7b99d55212b5901b30", "name": "tempest-TestNetworkAdvancedServerOps-180676814", "fingerprint": "79:e7:ae:e7:cc:94:8e:13:46:a7:be:19:0e:df:b1:3b"}}
2015-12-18 16:02:37,267 20450 INFO     [tempest_lib.common.rest_client] Request (TestNetworkAdvancedServerOps:test_server_connectivity_pause_unpause): 201 POST http://10.0.2.15:9696/v2.0/security-groups 0.266s
2015-12-18 16:02:37,268 20450 DEBUG    [tempest_lib.common.rest_client] Request - Headers: {'Content-Type': 'application/json', 'Accept': 'application/json', 'X-Auth-Token': '&lt;omitted&gt;'}
        Body: {"security_group": {"tenant_id": "2cdc9ef83f5d41da82ac77716d14763b", "description": "tempest-secgroup-smoke-1343650240 description", "name": "tempest-secgroup-smoke-1343650240"}}
    Response - Headers: {'status': '201', 'content-length': '888', 'connection': 'close', 'date': 'Fri, 18 Dec 2015 16:02:37 GMT', 'content-type': 'application/json; charset=UTF-8', 'x-openstack-request-id': 'req-48ec42b8-ae65-4cab-aac9-8ab0fa5bf24b'}
        Body: {"security_group": {"tenant_id": "2cdc9ef83f5d41da82ac77716d14763b", "description": "tempest-secgroup-smoke-1343650240 description", "id": "d4dda231-823f-44a5-9978-b31b277e95be", "security_group_rules": [{"remote_group_id": null, "direction": "egress", "remote_ip_prefix": null, "protocol": null, "ethertype": "IPv4", "tenant_id": "2cdc9ef83f5d41da82ac77716d14763b", "port_range_max": null, "port_range_min": null, "id": "bb0ffb31-362b-49e4-8c80-7aee10b9bb5d", "security_group_id": "d4dda231-823f-44a5-9978-b31b277e95be"}, {"remote_group_id": null, "direction": "egress", "remote_ip_prefix": null, "protocol": null, "ethertype": "IPv6", "tenant_id": "2cdc9ef83f5d41da82ac77716d14763b", "port_range_max": null, "port_range_min": null, "id": "3db9cb6f-9e12-45c8-9b12-c2b42221dc78", "security_group_id": "d4dda231-823f-44a5-9978-b31b277e95be"}], "name": "tempest-secgroup-smoke-1343650240"}}
2015-12-18 16:02:37,387 20450 INFO     [tempest_lib.common.rest_client] Request (TestNetworkAdvancedServerOps:test_server_connectivity_pause_unpause): 201 POST http://10.0.2.15:9696/v2.0/security-group-rules 0.118s
2015-12-18 16:02:37,388 20450 DEBUG    [tempest_lib.common.rest_client] Request - Headers: {'Content-Type': 'application/json', 'Accept': 'application/json', 'X-Auth-Token': '&lt;omitted&gt;'}
        Body: {"security_group_rule": {"direction": "ingress", "protocol": "tcp", "tenant_id": "2cdc9ef83f5d41da82ac77716d14763b", "port_range_max": 22, "security_group_id": "d4dda231-823f-44a5-9978-b31b277e95be", "port_range_min": 22}}
    Response - Headers: {'status': '201', 'content-length': '340', 'connection': 'close', 'date': 'Fri, 18 Dec 2015 16:02:37 GMT', 'content-type': 'application/json; charset=UTF-8', 'x-openstack-request-id': 'req-bf26137b-7179-4777-aa7e-b060bb4a7cb0'}
        Body: {"security_group_rule": {"remote_group_id": null, "direction": "ingress", "remote_ip_prefix": null, "protocol": "tcp", "ethertype": "IPv4", "tenant_id": "2cdc9ef83f5d41da82ac77716d14763b", "port_range_max": 22, "port_range_min": 22, "id": "094abcca-ca7c-4bb0-a04e-df566bd25e68", "security_group_id": "d4dda231-823f-44a5-9978-b31b277e95be"}}
2015-12-18 16:02:37,632 20450 INFO     [tempest_lib.common.rest_client] Request (TestNetworkAdvancedServerOps:test_server_connectivity_pause_unpause): 201 POST http://10.0.2.15:9696/v2.0/security-group-rules 0.243s
2015-12-18 16:02:37,633 20450 DEBUG    [tempest_lib.common.rest_client] Request - Headers: {'Content-Type': 'application/json', 'Accept': 'application/json', 'X-Auth-Token': '&lt;omitted&gt;'}
        Body: {"security_group_rule": {"direction": "egress", "protocol": "tcp", "tenant_id": "2cdc9ef83f5d41da82ac77716d14763b", "port_range_max": 22, "security_group_id": "d4dda231-823f-44a5-9978-b31b277e95be", "port_range_min": 22}}
    Response - Headers: {'status': '201', 'content-length': '339', 'connection': 'close', 'date': 'Fri, 18 Dec 2015 16:02:37 GMT', 'content-type': 'application/json; charset=UTF-8', 'x-openstack-request-id': 'req-8a9e27b6-858a-4cca-966f-2cc63b95fb74'}
        Body: {"security_group_rule": {"remote_group_id": null, "direction": "egress", "remote_ip_prefix": null, "protocol": "tcp", "ethertype": "IPv4", "tenant_id": "2cdc9ef83f5d41da82ac77716d14763b", "port_range_max": 22, "port_range_min": 22, "id": "52914c40-7fd1-4fd0-9715-c933e90cb5a2", "security_group_id": "d4dda231-823f-44a5-9978-b31b277e95be"}}
2015-12-18 16:02:37,745 20450 INFO     [tempest_lib.common.rest_client] Request (TestNetworkAdvancedServerOps:test_server_connectivity_pause_unpause): 201 POST http://10.0.2.15:9696/v2.0/security-group-rules 0.111s
2015-12-18 16:02:37,746 20450 DEBUG    [tempest_lib.common.rest_client] Request - Headers: {'Content-Type': 'application/json', 'Accept': 'application/json', 'X-Auth-Token': '&lt;omitted&gt;'}
        Body: {"security_group_rule": {"tenant_id": "2cdc9ef83f5d41da82ac77716d14763b", "direction": "ingress", "protocol": "icmp", "security_group_id": "d4dda231-823f-44a5-9978-b31b277e95be"}}
    Response - Headers: {'status': '201', 'content-length': '345', 'connection': 'close', 'date': 'Fri, 18 Dec 2015 16:02:37 GMT', 'content-type': 'application/json; charset=UTF-8', 'x-openstack-request-id': 'req-03bc01e0-ede3-4655-952e-e834283cdd4c'}
        Body: {"security_group_rule": {"remote_group_id": null, "direction": "ingress", "remote_ip_prefix": null, "protocol": "icmp", "ethertype": "IPv4", "tenant_id": "2cdc9ef83f5d41da82ac77716d14763b", "port_range_max": null, "port_range_min": null, "id": "0ade5eb4-491d-46df-9726-54dcaccd164f", "security_group_id": "d4dda231-823f-44a5-9978-b31b277e95be"}}
2015-12-18 16:02:37,858 20450 INFO     [tempest_lib.common.rest_client] Request (TestNetworkAdvancedServerOps:test_server_connectivity_pause_unpause): 201 POST http://10.0.2.15:9696/v2.0/security-group-rules 0.111s
2015-12-18 16:02:37,859 20450 DEBUG    [tempest_lib.common.rest_client] Request - Headers: {'Content-Type': 'application/json', 'Accept': 'application/json', 'X-Auth-Token': '&lt;omitted&gt;'}
        Body: {"security_group_rule": {"tenant_id": "2cdc9ef83f5d41da82ac77716d14763b", "direction": "egress", "protocol": "icmp", "security_group_id": "d4dda231-823f-44a5-9978-b31b277e95be"}}
    Response - Headers: {'status': '201', 'content-length': '344', 'connection': 'close', 'date': 'Fri, 18 Dec 2015 16:02:37 GMT', 'content-type': 'application/json; charset=UTF-8', 'x-openstack-request-id': 'req-eea1b7fa-6150-429e-a2d0-157d223baa97'}
        Body: {"security_group_rule": {"remote_group_id": null, "direction": "egress", "remote_ip_prefix": null, "protocol": "icmp", "ethertype": "IPv4", "tenant_id": "2cdc9ef83f5d41da82ac77716d14763b", "port_range_max": null, "port_range_min": null, "id": "1d45590d-5c39-40aa-8698-43d9a91290a5", "security_group_id": "d4dda231-823f-44a5-9978-b31b277e95be"}}
2015-12-18 16:02:37,972 20450 INFO     [tempest_lib.common.rest_client] Request (TestNetworkAdvancedServerOps:test_server_connectivity_pause_unpause): 201 POST http://10.0.2.15:9696/v2.0/security-group-rules 0.111s
2015-12-18 16:02:37,972 20450 DEBUG    [tempest_lib.common.rest_client] Request - Headers: {'Content-Type': 'application/json', 'Accept': 'application/json', 'X-Auth-Token': '&lt;omitted&gt;'}
        Body: {"security_group_rule": {"tenant_id": "2cdc9ef83f5d41da82ac77716d14763b", "direction": "ingress", "security_group_id": "d4dda231-823f-44a5-9978-b31b277e95be", "protocol": "icmp", "ethertype": "IPv6"}}
    Response - Headers: {'status': '201', 'content-length': '345', 'connection': 'close', 'date': 'Fri, 18 Dec 2015 16:02:37 GMT', 'content-type': 'application/json; charset=UTF-8', 'x-openstack-request-id': 'req-f82aea40-643c-4006-a7b0-272837b5cf75'}
        Body: {"security_group_rule": {"remote_group_id": null, "direction": "ingress", "remote_ip_prefix": null, "protocol": "icmp", "ethertype": "IPv6", "tenant_id": "2cdc9ef83f5d41da82ac77716d14763b", "port_range_max": null, "port_range_min": null, "id": "a5a6c175-5f19-46c9-8c8d-771cb7507ac3", "security_group_id": "d4dda231-823f-44a5-9978-b31b277e95be"}}
2015-12-18 16:02:38,080 20450 INFO     [tempest_lib.common.rest_client] Request (TestNetworkAdvancedServerOps:test_server_connectivity_pause_unpause): 201 POST http://10.0.2.15:9696/v2.0/security-group-rules 0.106s
2015-12-18 16:02:38,081 20450 DEBUG    [tempest_lib.common.rest_client] Request - Headers: {'Content-Type': 'application/json', 'Accept': 'application/json', 'X-Auth-Token': '&lt;omitted&gt;'}
        Body: {"security_group_rule": {"tenant_id": "2cdc9ef83f5d41da82ac77716d14763b", "direction": "egress", "security_group_id": "d4dda231-823f-44a5-9978-b31b277e95be", "protocol": "icmp", "ethertype": "IPv6"}}
    Response - Headers: {'status': '201', 'content-length': '344', 'connection': 'close', 'date': 'Fri, 18 Dec 2015 16:02:38 GMT', 'content-type': 'application/json; charset=UTF-8', 'x-openstack-request-id': 'req-fbe7e3cd-ae3e-4619-af86-f4b6ee460f9c'}
        Body: {"security_group_rule": {"remote_group_id": null, "direction": "egress", "remote_ip_prefix": null, "protocol": "icmp", "ethertype": "IPv6", "tenant_id": "2cdc9ef83f5d41da82ac77716d14763b", "port_range_max": null, "port_range_min": null, "id": "4506e9e0-aeb2-4dd7-a947-f36ee99992c1", "security_group_id": "d4dda231-823f-44a5-9978-b31b277e95be"}}
2015-12-18 16:02:38,211 20450 INFO     [tempest_lib.common.rest_client] Request (TestNetworkAdvancedServerOps:test_server_connectivity_pause_unpause): 201 POST http://10.0.2.15:9696/v2.0/networks 0.129s
2015-12-18 16:02:38,212 20450 DEBUG    [tempest_lib.common.rest_client] Request - Headers: {'Content-Type': 'application/json', 'Accept': 'application/json', 'X-Auth-Token': '&lt;omitted&gt;'}
        Body: {"network": {"tenant_id": "2cdc9ef83f5d41da82ac77716d14763b", "name": "tempest-network-smoke--371117842"}}
    Response - Headers: {'status': '201', 'content-length': '295', 'connection': 'close', 'date': 'Fri, 18 Dec 2015 16:02:38 GMT', 'content-type': 'application/json; charset=UTF-8', 'x-openstack-request-id': 'req-8f4ff77b-1eab-4ad3-b845-de88e434b29d'}
        Body: {"network": {"status": "ACTIVE", "subnets": [], "name": "tempest-network-smoke--371117842", "admin_state_up": true, "tenant_id": "2cdc9ef83f5d41da82ac77716d14763b", "mtu": 0, "router:external": false, "shared": false, "port_security_enabled": true, "id": "c88200b3-2bb2-45de-a126-7575ac385753"}}
2015-12-18 16:02:38,290 20450 INFO     [tempest_lib.common.rest_client] Request (TestNetworkAdvancedServerOps:test_server_connectivity_pause_unpause): 201 POST http://10.0.2.15:9696/v2.0/routers 0.076s
2015-12-18 16:02:38,290 20450 DEBUG    [tempest_lib.common.rest_client] Request - Headers: {'Content-Type': 'application/json', 'Accept': 'application/json', 'X-Auth-Token': '&lt;omitted&gt;'}
        Body: {"router": {"tenant_id": "2cdc9ef83f5d41da82ac77716d14763b", "name": "tempest-router-smoke-1695992167", "admin_state_up": true}}
    Response - Headers: {'status': '201', 'content-length': '239', 'connection': 'close', 'date': 'Fri, 18 Dec 2015 16:02:38 GMT', 'content-type': 'application/json; charset=UTF-8', 'x-openstack-request-id': 'req-67826a89-be47-4276-8bef-16e15b78780a'}
        Body: {"router": {"status": "ACTIVE", "external_gateway_info": null, "name": "tempest-router-smoke-1695992167", "admin_state_up": true, "tenant_id": "2cdc9ef83f5d41da82ac77716d14763b", "routes": [], "id": "08783562-7a8c-48b4-8766-a85d5f5c8e24"}}
2015-12-18 16:02:38,410 20450 INFO     [tempest_lib.common.rest_client] Request (TestNetworkAdvancedServerOps:test_server_connectivity_pause_unpause): 200 GET http://10.0.2.15:9696/v2.0/routers/08783562-7a8c-48b4-8766-a85d5f5c8e24 0.119s
2015-12-18 16:02:38,411 20450 DEBUG    [tempest_lib.common.rest_client] Request - Headers: {'Content-Type': 'application/json', 'Accept': 'application/json', 'X-Auth-Token': '&lt;omitted&gt;'}
        Body: None
    Response - Headers: {'status': '200', 'content-length': '239', 'content-location': 'http://10.0.2.15:9696/v2.0/routers/08783562-7a8c-48b4-8766-a85d5f5c8e24', 'connection': 'close', 'date': 'Fri, 18 Dec 2015 16:02:38 GMT', 'content-type': 'application/json; charset=UTF-8', 'x-openstack-request-id': 'req-116351d8-2184-4978-8b21-8241a7a140e3'}
        Body: {"router": {"status": "ACTIVE", "external_gateway_info": null, "name": "tempest-router-smoke-1695992167", "admin_state_up": true, "tenant_id": "2cdc9ef83f5d41da82ac77716d14763b", "routes": [], "id": "08783562-7a8c-48b4-8766-a85d5f5c8e24"}}
2015-12-18 16:02:38,928 20450 INFO     [tempest_lib.common.rest_client] Request (TestNetworkAdvancedServerOps:test_server_connectivity_pause_unpause): 200 PUT http://10.0.2.15:9696/v2.0/routers/08783562-7a8c-48b4-8766-a85d5f5c8e24 0.516s
2015-12-18 16:02:38,929 20450 DEBUG    [tempest_lib.common.rest_client] Request - Headers: {'Content-Type': 'application/json', 'Accept': 'application/json', 'X-Auth-Token': '&lt;omitted&gt;'}
        Body: {"router": {"external_gateway_info": {"network_id": "41225980-3490-4b87-b227-7a1a8c2a260e"}, "name": "tempest-router-smoke-1695992167", "admin_state_up": true}}
    Response - Headers: {'status': '200', 'content-length': '501', 'connection': 'close', 'date': 'Fri, 18 Dec 2015 16:02:38 GMT', 'content-type': 'application/json; charset=UTF-8', 'x-openstack-request-id': 'req-02d5ad10-6cc3-4014-ab59-24da0b0974c1'}
        Body: {"router": {"status": "ACTIVE", "external_gateway_info": {"network_id": "41225980-3490-4b87-b227-7a1a8c2a260e", "enable_snat": true, "external_fixed_ips": [{"subnet_id": "9d3133db-71b3-4f89-a904-20f6a32ed094", "ip_address": "172.24.4.3"}, {"subnet_id": "3528750b-c508-4d88-9333-8e3de2103e77", "ip_address": "2001:db8::3"}]}, "name": "tempest-router-smoke-1695992167", "admin_state_up": true, "tenant_id": "2cdc9ef83f5d41da82ac77716d14763b", "routes": [], "id": "08783562-7a8c-48b4-8766-a85d5f5c8e24"}}
2015-12-18 16:02:39,127 20450 INFO     [tempest_lib.common.rest_client] Request (TestNetworkAdvancedServerOps:test_server_connectivity_pause_unpause): 200 GET http://10.0.2.15:9696/v2.0/subnets?tenant_id=2cdc9ef83f5d41da82ac77716d14763b&amp;cidr=10.100.0.0%2F28 0.196s
2015-12-18 16:02:39,127 20450 DEBUG    [tempest_lib.common.rest_client] Request - Headers: {'Content-Type': 'application/json', 'Accept': 'application/json', 'X-Auth-Token': '&lt;omitted&gt;'}
        Body: None
    Response - Headers: {'status': '200', 'content-length': '15', 'content-location': 'http://10.0.2.15:9696/v2.0/subnets?tenant_id=2cdc9ef83f5d41da82ac77716d14763b&amp;cidr=10.100.0.0%2F28', 'connection': 'close', 'date': 'Fri, 18 Dec 2015 16:02:39 GMT', 'content-type': 'application/json; charset=UTF-8', 'x-openstack-request-id': 'req-850cf3e5-6789-4c16-b4ab-fee1f2b9de2f'}
        Body: {"subnets": []}
2015-12-18 16:02:39,425 20450 INFO     [tempest_lib.common.rest_client] Request (TestNetworkAdvancedServerOps:test_server_connectivity_pause_unpause): 201 POST http://10.0.2.15:9696/v2.0/subnets 0.298s
2015-12-18 16:02:39,426 20450 DEBUG    [tempest_lib.common.rest_client] Request - Headers: {'Content-Type': 'application/json', 'Accept': 'application/json', 'X-Auth-Token': '&lt;omitted&gt;'}
        Body: {"subnet": {"ip_version": 4, "tenant_id": "2cdc9ef83f5d41da82ac77716d14763b", "cidr": "10.100.0.0/28", "network_id": "c88200b3-2bb2-45de-a126-7575ac385753", "name": "tempest-subnet-smoke-1944932628"}}
    Response - Headers: {'status': '201', 'content-length': '478', 'connection': 'close', 'date': 'Fri, 18 Dec 2015 16:02:39 GMT', 'content-type': 'application/json; charset=UTF-8', 'x-openstack-request-id': 'req-f0ae7793-d0f3-42f8-9717-46219ad41e70'}
        Body: {"subnet": {"name": "tempest-subnet-smoke-1944932628", "enable_dhcp": true, "network_id": "c88200b3-2bb2-45de-a126-7575ac385753", "tenant_id": "2cdc9ef83f5d41da82ac77716d14763b", "dns_nameservers": [], "gateway_ip": "10.100.0.1", "ipv6_ra_mode": null, "allocation_pools": [{"start": "10.100.0.2", "end": "10.100.0.14"}], "host_routes": [], "ip_version": 4, "ipv6_address_mode": null, "cidr": "10.100.0.0/28", "id": "4b115ba1-993f-4c82-a4c2-cbf0a1d8ae16", "subnetpool_id": null}}
2015-12-18 16:02:39,864 20450 INFO     [tempest_lib.common.rest_client] Request (TestNetworkAdvancedServerOps:test_server_connectivity_pause_unpause): 200 PUT http://10.0.2.15:9696/v2.0/routers/08783562-7a8c-48b4-8766-a85d5f5c8e24/add_router_interface 0.437s
2015-12-18 16:02:39,864 20450 DEBUG    [tempest_lib.common.rest_client] Request - Headers: {'Content-Type': 'application/json', 'Accept': 'application/json', 'X-Auth-Token': '&lt;omitted&gt;'}
        Body: {"subnet_id": "4b115ba1-993f-4c82-a4c2-cbf0a1d8ae16"}
    Response - Headers: {'status': '200', 'content-length': '255', 'connection': 'close', 'date': 'Fri, 18 Dec 2015 16:02:39 GMT', 'content-type': 'application/json; charset=UTF-8', 'x-openstack-request-id': 'req-281665da-8ece-40cb-a318-c61a167becb0'}
        Body: {"subnet_id": "4b115ba1-993f-4c82-a4c2-cbf0a1d8ae16", "tenant_id": "2cdc9ef83f5d41da82ac77716d14763b", "subnet_ids": ["4b115ba1-993f-4c82-a4c2-cbf0a1d8ae16"], "port_id": "1cbe6d11-1058-4a62-b9b1-03fb11d52371", "id": "08783562-7a8c-48b4-8766-a85d5f5c8e24"}
2015-12-18 16:02:39,987 20450 INFO     [tempest_lib.common.rest_client] Request (TestNetworkAdvancedServerOps:test_server_connectivity_pause_unpause): 200 POST http://10.0.2.15:5000/v2.0/tokens
2015-12-18 16:02:39,987 20450 DEBUG    [tempest_lib.common.rest_client] Request - Headers: {'Content-Type': 'application/json', 'Accept': 'application/json'}
        Body: &lt;omitted&gt;
    Response - Headers: {'status': '200', 'content-length': '2566', 'vary': 'X-Auth-Token', 'server': 'Apache/2.4.7 (Ubuntu)', 'connection': 'close', 'date': 'Fri, 18 Dec 2015 16:02:39 GMT', 'content-type': 'application/json', 'x-openstack-request-id': 'req-e8c2421c-1a1b-4332-bf4d-b57bd53b7438'}
        Body: {"access": {"token": {"issued_at": "2015-12-18T16:02:39.974974", "expires": "2015-12-18T17:02:39Z", "id": "fa58b32a7f0c4fbf9df9aa4550639845", "tenant": {"description": "tempest-TestNetworkAdvancedServerOps-1160517281-desc", "enabled": true, "id": "2cdc9ef83f5d41da82ac77716d14763b", "name": "tempest-TestNetworkAdvancedServerOps-1160517281"}, "audit_ids": ["v9KAl0MNQw2wa3z4cDIzmQ"]}, "serviceCatalog": [{"endpoints": [{"adminURL": "http://10.0.2.15:8774/v2.1/2cdc9ef83f5d41da82ac77716d14763b", "region": "RegionOne", "internalURL": "http://10.0.2.15:8774/v2.1/2cdc9ef83f5d41da82ac77716d14763b", "id": "77f114b04bb54478b8bba00b6b22e7e6", "publicURL": "http://10.0.2.15:8774/v2.1/2cdc9ef83f5d41da82ac77716d14763b"}], "endpoints_links": [], "type": "compute", "name": "nova"}, {"endpoints": [{"adminURL": "http://10.0.2.15:9696/", "region": "RegionOne", "internalURL": "http://10.0.2.15:9696/", "id": "0365ea40198740e1bed079b56ca0a125", "publicURL": "http://10.0.2.15:9696/"}], "endpoints_links": [], "type": "network", "name": "neutron"}, {"endpoints": [{"adminURL": "http://10.0.2.15:9292", "region": "RegionOne", "internalURL": "http://10.0.2.15:9292", "id": "3394a7f6d1ba473b9c05175ffc8f7393", "publicURL": "http://10.0.2.15:9292"}], "endpoints_links": [], "type": "image", "name": "glance"}, {"endpoints": [{"adminURL": "http://10.0.2.15:8774/v2/2cdc9ef83f5d41da82ac77716d14763b", "region": "RegionOne", "internalURL": "http://10.0.2.15:8774/v2/2cdc9ef83f5d41da82ac77716d14763b", "id": "2f59125a267e40c9ac250dd4a5a6dca7", "publicURL": "http://10.0.2.15:8774/v2/2cdc9ef83f5d41da82ac77716d14763b"}], "endpoints_links": [], "type": "compute_legacy", "name": "nova_legacy"}, {"endpoints": [{"adminURL": "http://10.0.2.15:8773/", "region": "RegionOne", "internalURL": "http://10.0.2.15:8773/", "id": "31da4b87312742e897ebd9968903ba0e", "publicURL": "http://10.0.2.15:8773/"}], "endpoints_links": [], "type": "ec2", "name": "ec2"}, {"endpoints": [{"adminURL": "http://10.0.2.15:35357/v2.0", "region": "RegionOne", "internalURL": "http://10.0.2.15:5000/v2.0", "id": "10566e88a078414e86f3d3d39b6d0144", "publicURL": "http://10.0.2.15:5000/v2.0"}], "endpoints_links": [], "type": "identity", "name": "keystone"}], "user": {"username": "tempest-TestNetworkAdvancedServerOps-1659311874", "roles_links": [], "id": "2bb9216072a24b7b99d55212b5901b30", "roles": [{"name": "_member_"}, {"name": "Member"}], "name": "tempest-TestNetworkAdvancedServerOps-1659311874"}, "metadata": {"is_admin": 0, "roles": ["9fe2ff9ee4384b1894a90878d3e92bab", "e5986fb18a764339bc3b9ddb22ee98fc"]}}}
2015-12-18 16:02:39,997 20450 DEBUG    [tempest.common.fixed_network] (TestNetworkAdvancedServerOps:test_server_connectivity_pause_unpause) No valid network provided or created, defaulting to fixed_network_name
2015-12-18 16:02:40,314 20450 INFO     [tempest_lib.common.rest_client] Request (TestNetworkAdvancedServerOps:test_server_connectivity_pause_unpause): 200 GET http://10.0.2.15:8774/v2.1/2cdc9ef83f5d41da82ac77716d14763b/os-networks 0.317s
2015-12-18 16:02:40,314 20450 DEBUG    [tempest_lib.common.rest_client] Request - Headers: {'Content-Type': 'application/json', 'Accept': 'application/json', 'X-Auth-Token': '&lt;omitted&gt;'}
        Body: None
    Response - Headers: {'status': '200', 'content-length': '478', 'content-location': 'http://10.0.2.15:8774/v2.1/2cdc9ef83f5d41da82ac77716d14763b/os-networks', 'x-compute-request-id': 'req-94cee6a3-9ef6-4bab-aa04-f23e387152e4', 'vary': 'X-OpenStack-Nova-API-Version', 'connection': 'close', 'x-openstack-nova-api-version': '2.1', 'date': 'Fri, 18 Dec 2015 16:02:40 GMT', 'content-type': 'application/json'}
        Body: {"networks": [{"cidr_v6": null, "dns2": null, "dns1": null, "gateway": null, "broadcast": null, "netmask": null, "gateway_v6": null, "cidr": null, "label": "public", "id": "41225980-3490-4b87-b227-7a1a8c2a260e", "netmask_v6": null}, {"cidr_v6": null, "dns2": null, "dns1": null, "gateway": null, "broadcast": null, "netmask": null, "gateway_v6": null, "cidr": null, "label": "tempest-network-smoke--371117842", "id": "c88200b3-2bb2-45de-a126-7575ac385753", "netmask_v6": null}]}
2015-12-18 16:02:40,315 20450 WARNING  [tempest.common.fixed_network] (TestNetworkAdvancedServerOps:test_server_connectivity_pause_unpause) Network with name: private not found
2015-12-18 16:02:40,315 20450 INFO     [tempest.common.fixed_network] (TestNetworkAdvancedServerOps:test_server_connectivity_pause_unpause) Found network {} available for tenant
2015-12-18 16:02:41,888 20450 INFO     [tempest_lib.common.rest_client] Request (TestNetworkAdvancedServerOps:test_server_connectivity_pause_unpause): 202 POST http://10.0.2.15:8774/v2.1/2cdc9ef83f5d41da82ac77716d14763b/servers 1.572s
2015-12-18 16:02:41,888 20450 DEBUG    [tempest_lib.common.rest_client] Request - Headers: {'Content-Type': 'application/json', 'Accept': 'application/json', 'X-Auth-Token': '&lt;omitted&gt;'}
        Body: {"server": {"name": "tempest.common.compute-instance-1148270743", "imageRef": "c8af4c96-09ce-4ce3-80a3-2836221908b2", "key_name": "tempest-TestNetworkAdvancedServerOps-180676814", "flavorRef": "42", "networks": [{"uuid": "c88200b3-2bb2-45de-a126-7575ac385753"}], "security_groups": [{"name": "tempest-secgroup-smoke-1343650240"}]}}
    Response - Headers: {'status': '202', 'content-length': '462', 'x-compute-request-id': 'req-37c7031e-3876-4c37-b2b9-d4078286d196', 'vary': 'X-OpenStack-Nova-API-Version', 'connection': 'close', 'location': 'http://10.0.2.15:8774/v2.1/2cdc9ef83f5d41da82ac77716d14763b/servers/10eacfca-e9d3-43c4-a7e7-e85d91508f1c', 'x-openstack-nova-api-version': '2.1', 'date': 'Fri, 18 Dec 2015 16:02:41 GMT', 'content-type': 'application/json'}
        Body: {"server": {"security_groups": [{"name": "tempest-secgroup-smoke-1343650240"}], "OS-DCF:diskConfig": "MANUAL", "id": "10eacfca-e9d3-43c4-a7e7-e85d91508f1c", "links": [{"href": "http://10.0.2.15:8774/v2.1/2cdc9ef83f5d41da82ac77716d14763b/servers/10eacfca-e9d3-43c4-a7e7-e85d91508f1c", "rel": "self"}, {"href": "http://10.0.2.15:8774/2cdc9ef83f5d41da82ac77716d14763b/servers/10eacfca-e9d3-43c4-a7e7-e85d91508f1c", "rel": "bookmark"}], "adminPass": "vqUAk8p5uiSR"}}
2015-12-18 16:02:42,084 20450 INFO     [tempest_lib.common.rest_client] Request (TestNetworkAdvancedServerOps:test_server_connectivity_pause_unpause): 200 GET http://10.0.2.15:8774/v2.1/2cdc9ef83f5d41da82ac77716d14763b/servers/10eacfca-e9d3-43c4-a7e7-e85d91508f1c 0.193s
2015-12-18 16:02:42,084 20450 DEBUG    [tempest_lib.common.rest_client] Request - Headers: {'Content-Type': 'application/json', 'Accept': 'application/json', 'X-Auth-Token': '&lt;omitted&gt;'}
        Body: None
    Response - Headers: {'status': '200', 'content-length': '1364', 'content-location': 'http://10.0.2.15:8774/v2.1/2cdc9ef83f5d41da82ac77716d14763b/servers/10eacfca-e9d3-43c4-a7e7-e85d91508f1c', 'x-compute-request-id': 'req-038bf093-67a2-49b7-b1b2-daab41219f0f', 'vary': 'X-OpenStack-Nova-API-Version', 'connection': 'close', 'x-openstack-nova-api-version': '2.1', 'date': 'Fri, 18 Dec 2015 16:02:42 GMT', 'content-type': 'application/json'}
        Body: {"server": {"status": "BUILD", "updated": "2015-12-18T16:02:42Z", "hostId": "", "addresses": {}, "links": [{"href": "http://10.0.2.15:8774/v2.1/2cdc9ef83f5d41da82ac77716d14763b/servers/10eacfca-e9d3-43c4-a7e7-e85d91508f1c", "rel": "self"}, {"href": "http://10.0.2.15:8774/2cdc9ef83f5d41da82ac77716d14763b/servers/10eacfca-e9d3-43c4-a7e7-e85d91508f1c", "rel": "bookmark"}], "key_name": "tempest-TestNetworkAdvancedServerOps-180676814", "image": {"id": "c8af4c96-09ce-4ce3-80a3-2836221908b2", "links": [{"href": "http://10.0.2.15:8774/2cdc9ef83f5d41da82ac77716d14763b/images/c8af4c96-09ce-4ce3-80a3-2836221908b2", "rel": "bookmark"}]}, "OS-EXT-STS:task_state": "scheduling", "OS-EXT-STS:vm_state": "building", "OS-SRV-USG:launched_at": null, "flavor": {"id": "42", "links": [{"href": "http://10.0.2.15:8774/2cdc9ef83f5d41da82ac77716d14763b/flavors/42", "rel": "bookmark"}]}, "id": "10eacfca-e9d3-43c4-a7e7-e85d91508f1c", "OS-SRV-USG:terminated_at": null, "OS-EXT-AZ:availability_zone": "", "user_id": "2bb9216072a24b7b99d55212b5901b30", "name": "tempest.common.compute-instance-1148270743", "created": "2015-12-18T16:02:41Z", "tenant_id": "2cdc9ef83f5d41da82ac77716d14763b", "OS-DCF:diskConfig": "MANUAL", "os-extended-volumes:volumes_attached": [], "accessIPv4": "", "accessIPv6": "", "progress": 0, "OS-EXT-STS:power_state": 0, "config_drive": "", "metadata": {}}}
2015-12-18 16:02:43,335 20450 INFO     [tempest_lib.common.rest_client] Request (TestNetworkAdvancedServerOps:test_server_connectivity_pause_unpause): 200 GET http://10.0.2.15:8774/v2.1/2cdc9ef83f5d41da82ac77716d14763b/servers/10eacfca-e9d3-43c4-a7e7-e85d91508f1c 0.241s
2015-12-18 16:02:43,336 20450 DEBUG    [tempest_lib.common.rest_client] Request - Headers: {'Content-Type': 'application/json', 'Accept': 'application/json', 'X-Auth-Token': '&lt;omitted&gt;'}
        Body: None
    Response - Headers: {'status': '200', 'content-length': '1490', 'content-location': 'http://10.0.2.15:8774/v2.1/2cdc9ef83f5d41da82ac77716d14763b/servers/10eacfca-e9d3-43c4-a7e7-e85d91508f1c', 'x-compute-request-id': 'req-5eb3cfdf-2623-4a6d-b8c5-934ff020185f', 'vary': 'X-OpenStack-Nova-API-Version', 'connection': 'close', 'x-openstack-nova-api-version': '2.1', 'date': 'Fri, 18 Dec 2015 16:02:43 GMT', 'content-type': 'application/json'}
        Body: {"server": {"status": "BUILD", "updated": "2015-12-18T16:02:42Z", "hostId": "d385e854af805a5b27cdc2ba91d1aaffc9db05d6484dcf4af9f130a1", "addresses": {}, "links": [{"href": "http://10.0.2.15:8774/v2.1/2cdc9ef83f5d41da82ac77716d14763b/servers/10eacfca-e9d3-43c4-a7e7-e85d91508f1c", "rel": "self"}, {"href": "http://10.0.2.15:8774/2cdc9ef83f5d41da82ac77716d14763b/servers/10eacfca-e9d3-43c4-a7e7-e85d91508f1c", "rel": "bookmark"}], "key_name": "tempest-TestNetworkAdvancedServerOps-180676814", "image": {"id": "c8af4c96-09ce-4ce3-80a3-2836221908b2", "links": [{"href": "http://10.0.2.15:8774/2cdc9ef83f5d41da82ac77716d14763b/images/c8af4c96-09ce-4ce3-80a3-2836221908b2", "rel": "bookmark"}]}, "OS-EXT-STS:task_state": "spawning", "OS-EXT-STS:vm_state": "building", "OS-SRV-USG:launched_at": null, "flavor": {"id": "42", "links": [{"href": "http://10.0.2.15:8774/2cdc9ef83f5d41da82ac77716d14763b/flavors/42", "rel": "bookmark"}]}, "id": "10eacfca-e9d3-43c4-a7e7-e85d91508f1c", "security_groups": [{"name": "tempest-secgroup-smoke-1343650240"}], "OS-SRV-USG:terminated_at": null, "OS-EXT-AZ:availability_zone": "nova", "user_id": "2bb9216072a24b7b99d55212b5901b30", "name": "tempest.common.compute-instance-1148270743", "created": "2015-12-18T16:02:41Z", "tenant_id": "2cdc9ef83f5d41da82ac77716d14763b", "OS-DCF:diskConfig": "MANUAL", "os-extended-volumes:volumes_attached": [], "accessIPv4": "", "accessIPv6": "", "progress": 0, "OS-EXT-STS:power_state": 0, "config_drive": "", "metadata": {}}}
2015-12-18 16:02:43,345 20450 INFO     [tempest.common.waiters] State transition "BUILD/scheduling" ==&gt; "BUILD/spawning" after 1 second wait
2015-12-18 16:02:44,529 20450 INFO     [tempest_lib.common.rest_client] Request (TestNetworkAdvancedServerOps:test_server_connectivity_pause_unpause): 200 GET http://10.0.2.15:8774/v2.1/2cdc9ef83f5d41da82ac77716d14763b/servers/10eacfca-e9d3-43c4-a7e7-e85d91508f1c 0.182s
2015-12-18 16:02:44,529 20450 DEBUG    [tempest_lib.common.rest_client] Request - Headers: {'Content-Type': 'application/json', 'Accept': 'application/json', 'X-Auth-Token': '&lt;omitted&gt;'}
        Body: None
    Response - Headers: {'status': '200', 'content-length': '1490', 'content-location': 'http://10.0.2.15:8774/v2.1/2cdc9ef83f5d41da82ac77716d14763b/servers/10eacfca-e9d3-43c4-a7e7-e85d91508f1c', 'x-compute-request-id': 'req-29cecc30-b141-4e8b-9186-df513926a6c1', 'vary': 'X-OpenStack-Nova-API-Version', 'connection': 'close', 'x-openstack-nova-api-version': '2.1', 'date': 'Fri, 18 Dec 2015 16:02:44 GMT', 'content-type': 'application/json'}
        Body: {"server": {"status": "BUILD", "updated": "2015-12-18T16:02:42Z", "hostId": "d385e854af805a5b27cdc2ba91d1aaffc9db05d6484dcf4af9f130a1", "addresses": {}, "links": [{"href": "http://10.0.2.15:8774/v2.1/2cdc9ef83f5d41da82ac77716d14763b/servers/10eacfca-e9d3-43c4-a7e7-e85d91508f1c", "rel": "self"}, {"href": "http://10.0.2.15:8774/2cdc9ef83f5d41da82ac77716d14763b/servers/10eacfca-e9d3-43c4-a7e7-e85d91508f1c", "rel": "bookmark"}], "key_name": "tempest-TestNetworkAdvancedServerOps-180676814", "image": {"id": "c8af4c96-09ce-4ce3-80a3-2836221908b2", "links": [{"href": "http://10.0.2.15:8774/2cdc9ef83f5d41da82ac77716d14763b/images/c8af4c96-09ce-4ce3-80a3-2836221908b2", "rel": "bookmark"}]}, "OS-EXT-STS:task_state": "spawning", "OS-EXT-STS:vm_state": "building", "OS-SRV-USG:launched_at": null, "flavor": {"id": "42", "links": [{"href": "http://10.0.2.15:8774/2cdc9ef83f5d41da82ac77716d14763b/flavors/42", "rel": "bookmark"}]}, "id": "10eacfca-e9d3-43c4-a7e7-e85d91508f1c", "security_groups": [{"name": "tempest-secgroup-smoke-1343650240"}], "OS-SRV-USG:terminated_at": null, "OS-EXT-AZ:availability_zone": "nova", "user_id": "2bb9216072a24b7b99d55212b5901b30", "name": "tempest.common.compute-instance-1148270743", "created": "2015-12-18T16:02:41Z", "tenant_id": "2cdc9ef83f5d41da82ac77716d14763b", "OS-DCF:diskConfig": "MANUAL", "os-extended-volumes:volumes_attached": [], "accessIPv4": "", "accessIPv6": "", "progress": 0, "OS-EXT-STS:power_state": 0, "config_drive": "", "metadata": {}}}
2015-12-18 16:02:45,749 20450 INFO     [tempest_lib.common.rest_client] Request (TestNetworkAdvancedServerOps:test_server_connectivity_pause_unpause): 200 GET http://10.0.2.15:8774/v2.1/2cdc9ef83f5d41da82ac77716d14763b/servers/10eacfca-e9d3-43c4-a7e7-e85d91508f1c 0.205s
2015-12-18 16:02:45,749 20450 DEBUG    [tempest_lib.common.rest_client] Request - Headers: {'Content-Type': 'application/json', 'Accept': 'application/json', 'X-Auth-Token': '&lt;omitted&gt;'}
        Body: None
    Response - Headers: {'status': '200', 'content-length': '1661', 'content-location': 'http://10.0.2.15:8774/v2.1/2cdc9ef83f5d41da82ac77716d14763b/servers/10eacfca-e9d3-43c4-a7e7-e85d91508f1c', 'x-compute-request-id': 'req-66934322-d817-45e5-82dc-9c65b5d7031f', 'vary': 'X-OpenStack-Nova-API-Version', 'connection': 'close', 'x-openstack-nova-api-version': '2.1', 'date': 'Fri, 18 Dec 2015 16:02:45 GMT', 'content-type': 'application/json'}
        Body: {"server": {"status": "ACTIVE", "updated": "2015-12-18T16:02:45Z", "hostId": "d385e854af805a5b27cdc2ba91d1aaffc9db05d6484dcf4af9f130a1", "addresses": {"tempest-network-smoke--371117842": [{"OS-EXT-IPS-MAC:mac_addr": "fa:16:3e:53:cb:a9", "version": 4, "addr": "10.100.0.3", "OS-EXT-IPS:type": "fixed"}]}, "links": [{"href": "http://10.0.2.15:8774/v2.1/2cdc9ef83f5d41da82ac77716d14763b/servers/10eacfca-e9d3-43c4-a7e7-e85d91508f1c", "rel": "self"}, {"href": "http://10.0.2.15:8774/2cdc9ef83f5d41da82ac77716d14763b/servers/10eacfca-e9d3-43c4-a7e7-e85d91508f1c", "rel": "bookmark"}], "key_name": "tempest-TestNetworkAdvancedServerOps-180676814", "image": {"id": "c8af4c96-09ce-4ce3-80a3-2836221908b2", "links": [{"href": "http://10.0.2.15:8774/2cdc9ef83f5d41da82ac77716d14763b/images/c8af4c96-09ce-4ce3-80a3-2836221908b2", "rel": "bookmark"}]}, "OS-EXT-STS:task_state": null, "OS-EXT-STS:vm_state": "active", "OS-SRV-USG:launched_at": "2015-12-18T16:02:45.000000", "flavor": {"id": "42", "links": [{"href": "http://10.0.2.15:8774/2cdc9ef83f5d41da82ac77716d14763b/flavors/42", "rel": "bookmark"}]}, "id": "10eacfca-e9d3-43c4-a7e7-e85d91508f1c", "security_groups": [{"name": "tempest-secgroup-smoke-1343650240"}], "OS-SRV-USG:terminated_at": null, "OS-EXT-AZ:availability_zone": "nova", "user_id": "2bb9216072a24b7b99d55212b5901b30", "name": "tempest.common.compute-instance-1148270743", "created": "2015-12-18T16:02:41Z", "tenant_id": "2cdc9ef83f5d41da82ac77716d14763b", "OS-DCF:diskConfig": "MANUAL", "os-extended-volumes:volumes_attached": [], "accessIPv4": "", "accessIPv6": "", "progress": 0, "OS-EXT-STS:power_state": 1, "config_drive": "True", "metadata": {}}}
2015-12-18 16:02:45,758 20450 INFO     [tempest.common.waiters] State transition "BUILD/spawning" ==&gt; "ACTIVE/None" after 3 second wait
2015-12-18 16:02:45,931 20450 INFO     [tempest_lib.common.rest_client] Request (TestNetworkAdvancedServerOps:test_server_connectivity_pause_unpause): 200 GET http://10.0.2.15:8774/v2.1/2cdc9ef83f5d41da82ac77716d14763b/servers/10eacfca-e9d3-43c4-a7e7-e85d91508f1c 0.172s
2015-12-18 16:02:45,931 20450 DEBUG    [tempest_lib.common.rest_client] Request - Headers: {'Content-Type': 'application/json', 'Accept': 'application/json', 'X-Auth-Token': '&lt;omitted&gt;'}
        Body: None
    Response - Headers: {'status': '200', 'content-length': '1661', 'content-location': 'http://10.0.2.15:8774/v2.1/2cdc9ef83f5d41da82ac77716d14763b/servers/10eacfca-e9d3-43c4-a7e7-e85d91508f1c', 'x-compute-request-id': 'req-0ac58190-e9c1-4e13-a4d9-2cd5ac270b37', 'vary': 'X-OpenStack-Nova-API-Version', 'connection': 'close', 'x-openstack-nova-api-version': '2.1', 'date': 'Fri, 18 Dec 2015 16:02:45 GMT', 'content-type': 'application/json'}
        Body: {"server": {"status": "ACTIVE", "updated": "2015-12-18T16:02:45Z", "hostId": "d385e854af805a5b27cdc2ba91d1aaffc9db05d6484dcf4af9f130a1", "addresses": {"tempest-network-smoke--371117842": [{"OS-EXT-IPS-MAC:mac_addr": "fa:16:3e:53:cb:a9", "version": 4, "addr": "10.100.0.3", "OS-EXT-IPS:type": "fixed"}]}, "links": [{"href": "http://10.0.2.15:8774/v2.1/2cdc9ef83f5d41da82ac77716d14763b/servers/10eacfca-e9d3-43c4-a7e7-e85d91508f1c", "rel": "self"}, {"href": "http://10.0.2.15:8774/2cdc9ef83f5d41da82ac77716d14763b/servers/10eacfca-e9d3-43c4-a7e7-e85d91508f1c", "rel": "bookmark"}], "key_name": "tempest-TestNetworkAdvancedServerOps-180676814", "image": {"id": "c8af4c96-09ce-4ce3-80a3-2836221908b2", "links": [{"href": "http://10.0.2.15:8774/2cdc9ef83f5d41da82ac77716d14763b/images/c8af4c96-09ce-4ce3-80a3-2836221908b2", "rel": "bookmark"}]}, "OS-EXT-STS:task_state": null, "OS-EXT-STS:vm_state": "active", "OS-SRV-USG:launched_at": "2015-12-18T16:02:45.000000", "flavor": {"id": "42", "links": [{"href": "http://10.0.2.15:8774/2cdc9ef83f5d41da82ac77716d14763b/flavors/42", "rel": "bookmark"}]}, "id": "10eacfca-e9d3-43c4-a7e7-e85d91508f1c", "security_groups": [{"name": "tempest-secgroup-smoke-1343650240"}], "OS-SRV-USG:terminated_at": null, "OS-EXT-AZ:availability_zone": "nova", "user_id": "2bb9216072a24b7b99d55212b5901b30", "name": "tempest.common.compute-instance-1148270743", "created": "2015-12-18T16:02:41Z", "tenant_id": "2cdc9ef83f5d41da82ac77716d14763b", "OS-DCF:diskConfig": "MANUAL", "os-extended-volumes:volumes_attached": [], "accessIPv4": "", "accessIPv6": "", "progress": 0, "OS-EXT-STS:power_state": 1, "config_drive": "True", "metadata": {}}}
2015-12-18 16:02:46,073 20450 INFO     [tempest_lib.common.rest_client] Request (TestNetworkAdvancedServerOps:test_server_connectivity_pause_unpause): 200 GET http://10.0.2.15:9696/v2.0/ports?status=ACTIVE&amp;fixed_ip=None&amp;device_id=10eacfca-e9d3-43c4-a7e7-e85d91508f1c 0.133s
2015-12-18 16:02:46,073 20450 DEBUG    [tempest_lib.common.rest_client] Request - Headers: {'Content-Type': 'application/json', 'Accept': 'application/json', 'X-Auth-Token': '&lt;omitted&gt;'}
        Body: None
    Response - Headers: {'status': '200', 'content-length': '895', 'content-location': 'http://10.0.2.15:9696/v2.0/ports?status=ACTIVE&amp;fixed_ip=None&amp;device_id=10eacfca-e9d3-43c4-a7e7-e85d91508f1c', 'connection': 'close', 'date': 'Fri, 18 Dec 2015 16:02:46 GMT', 'content-type': 'application/json; charset=UTF-8', 'x-openstack-request-id': 'req-57f736cf-01ce-4223-86a7-8c67dcdd2c71'}
        Body: {"ports": [{"status": "ACTIVE", "binding:host_id": "vagrant-ubuntu-trusty-64", "allowed_address_pairs": [], "extra_dhcp_opts": [], "dns_assignment": [{"hostname": "host-10-100-0-3", "ip_address": "10.100.0.3", "fqdn": "host-10-100-0-3.openstacklocal."}], "device_owner": "compute:None", "port_security_enabled": true, "binding:profile": {}, "fixed_ips": [{"subnet_id": "4b115ba1-993f-4c82-a4c2-cbf0a1d8ae16", "ip_address": "10.100.0.3"}], "id": "384fd58d-5c19-4488-8747-9ba598318e48", "security_groups": ["d4dda231-823f-44a5-9978-b31b277e95be"], "device_id": "10eacfca-e9d3-43c4-a7e7-e85d91508f1c", "name": "", "admin_state_up": true, "network_id": "c88200b3-2bb2-45de-a126-7575ac385753", "dns_name": "", "binding:vif_details": {"port_filter": true}, "binding:vnic_type": "normal", "binding:vif_type": "ovs", "tenant_id": "2cdc9ef83f5d41da82ac77716d14763b", "mac_address": "fa:16:3e:53:cb:a9"}]}
2015-12-18 16:02:46,454 20450 INFO     [tempest_lib.common.rest_client] Request (TestNetworkAdvancedServerOps:test_server_connectivity_pause_unpause): 201 POST http://10.0.2.15:9696/v2.0/floatingips 0.380s
2015-12-18 16:02:46,454 20450 DEBUG    [tempest_lib.common.rest_client] Request - Headers: {'Content-Type': 'application/json', 'Accept': 'application/json', 'X-Auth-Token': '&lt;omitted&gt;'}
        Body: {"floatingip": {"floating_network_id": "41225980-3490-4b87-b227-7a1a8c2a260e", "tenant_id": "2cdc9ef83f5d41da82ac77716d14763b", "fixed_ip_address": "10.100.0.3", "port_id": "384fd58d-5c19-4488-8747-9ba598318e48"}}
    Response - Headers: {'status': '201', 'content-length': '367', 'connection': 'close', 'date': 'Fri, 18 Dec 2015 16:02:46 GMT', 'content-type': 'application/json; charset=UTF-8', 'x-openstack-request-id': 'req-20b0f6eb-f2c7-4280-8699-b072eefcb14e'}
        Body: {"floatingip": {"floating_network_id": "41225980-3490-4b87-b227-7a1a8c2a260e", "router_id": "08783562-7a8c-48b4-8766-a85d5f5c8e24", "fixed_ip_address": "10.100.0.3", "floating_ip_address": "172.24.4.4", "tenant_id": "2cdc9ef83f5d41da82ac77716d14763b", "status": "DOWN", "port_id": "384fd58d-5c19-4488-8747-9ba598318e48", "id": "0f5077f2-8a0e-4062-8924-7ef3007a4339"}}
2015-12-18 16:02:46,632 20450 INFO     [tempest_lib.common.rest_client] Request (TestNetworkAdvancedServerOps:test_server_connectivity_pause_unpause): 200 GET http://10.0.2.15:8774/v2.1/2cdc9ef83f5d41da82ac77716d14763b/servers/10eacfca-e9d3-43c4-a7e7-e85d91508f1c 0.177s
2015-12-18 16:02:46,632 20450 DEBUG    [tempest_lib.common.rest_client] Request - Headers: {'Content-Type': 'application/json', 'Accept': 'application/json', 'X-Auth-Token': '&lt;omitted&gt;'}
        Body: None
    Response - Headers: {'status': '200', 'content-length': '1661', 'content-location': 'http://10.0.2.15:8774/v2.1/2cdc9ef83f5d41da82ac77716d14763b/servers/10eacfca-e9d3-43c4-a7e7-e85d91508f1c', 'x-compute-request-id': 'req-c0f549aa-d451-4775-adc0-346a71ed1a08', 'vary': 'X-OpenStack-Nova-API-Version', 'connection': 'close', 'x-openstack-nova-api-version': '2.1', 'date': 'Fri, 18 Dec 2015 16:02:46 GMT', 'content-type': 'application/json'}
        Body: {"server": {"status": "ACTIVE", "updated": "2015-12-18T16:02:45Z", "hostId": "d385e854af805a5b27cdc2ba91d1aaffc9db05d6484dcf4af9f130a1", "addresses": {"tempest-network-smoke--371117842": [{"OS-EXT-IPS-MAC:mac_addr": "fa:16:3e:53:cb:a9", "version": 4, "addr": "10.100.0.3", "OS-EXT-IPS:type": "fixed"}]}, "links": [{"href": "http://10.0.2.15:8774/v2.1/2cdc9ef83f5d41da82ac77716d14763b/servers/10eacfca-e9d3-43c4-a7e7-e85d91508f1c", "rel": "self"}, {"href": "http://10.0.2.15:8774/2cdc9ef83f5d41da82ac77716d14763b/servers/10eacfca-e9d3-43c4-a7e7-e85d91508f1c", "rel": "bookmark"}], "key_name": "tempest-TestNetworkAdvancedServerOps-180676814", "image": {"id": "c8af4c96-09ce-4ce3-80a3-2836221908b2", "links": [{"href": "http://10.0.2.15:8774/2cdc9ef83f5d41da82ac77716d14763b/images/c8af4c96-09ce-4ce3-80a3-2836221908b2", "rel": "bookmark"}]}, "OS-EXT-STS:task_state": null, "OS-EXT-STS:vm_state": "active", "OS-SRV-USG:launched_at": "2015-12-18T16:02:45.000000", "flavor": {"id": "42", "links": [{"href": "http://10.0.2.15:8774/2cdc9ef83f5d41da82ac77716d14763b/flavors/42", "rel": "bookmark"}]}, "id": "10eacfca-e9d3-43c4-a7e7-e85d91508f1c", "security_groups": [{"name": "tempest-secgroup-smoke-1343650240"}], "OS-SRV-USG:terminated_at": null, "OS-EXT-AZ:availability_zone": "nova", "user_id": "2bb9216072a24b7b99d55212b5901b30", "name": "tempest.common.compute-instance-1148270743", "created": "2015-12-18T16:02:41Z", "tenant_id": "2cdc9ef83f5d41da82ac77716d14763b", "OS-DCF:diskConfig": "MANUAL", "os-extended-volumes:volumes_attached": [], "accessIPv4": "", "accessIPv6": "", "progress": 0, "OS-EXT-STS:power_state": 1, "config_drive": "True", "metadata": {}}}
2015-12-18 16:02:46,641 20450 INFO     [tempest.scenario.manager] Tenant networks not configured to be reachable.
2015-12-18 16:02:46,652 20450 INFO     [tempest_lib.common.rest_client] Request (TestNetworkAdvancedServerOps:test_server_connectivity_pause_unpause): 200 GET http://10.0.2.15:9696/v2.0/floatingips/0f5077f2-8a0e-4062-8924-7ef3007a4339 0.010s
2015-12-18 16:02:46,652 20450 DEBUG    [tempest_lib.common.rest_client] Request - Headers: {'Content-Type': 'application/json', 'Accept': 'application/json', 'X-Auth-Token': '&lt;omitted&gt;'}
        Body: None
    Response - Headers: {'status': '200', 'content-length': '367', 'content-location': 'http://10.0.2.15:9696/v2.0/floatingips/0f5077f2-8a0e-4062-8924-7ef3007a4339', 'connection': 'close', 'date': 'Fri, 18 Dec 2015 16:02:46 GMT', 'content-type': 'application/json; charset=UTF-8', 'x-openstack-request-id': 'req-0fe3a52c-d985-4c6f-b206-8a5745696e8f'}
        Body: {"floatingip": {"floating_network_id": "41225980-3490-4b87-b227-7a1a8c2a260e", "router_id": "08783562-7a8c-48b4-8766-a85d5f5c8e24", "fixed_ip_address": "10.100.0.3", "floating_ip_address": "172.24.4.4", "tenant_id": "2cdc9ef83f5d41da82ac77716d14763b", "status": "DOWN", "port_id": "384fd58d-5c19-4488-8747-9ba598318e48", "id": "0f5077f2-8a0e-4062-8924-7ef3007a4339"}}
2015-12-18 16:02:47,667 20450 INFO     [tempest_lib.common.rest_client] Request (TestNetworkAdvancedServerOps:test_server_connectivity_pause_unpause): 200 GET http://10.0.2.15:9696/v2.0/floatingips/0f5077f2-8a0e-4062-8924-7ef3007a4339 0.012s
2015-12-18 16:02:47,667 20450 DEBUG    [tempest_lib.common.rest_client] Request - Headers: {'Content-Type': 'application/json', 'Accept': 'application/json', 'X-Auth-Token': '&lt;omitted&gt;'}
        Body: None
    Response - Headers: {'status': '200', 'content-length': '369', 'content-location': 'http://10.0.2.15:9696/v2.0/floatingips/0f5077f2-8a0e-4062-8924-7ef3007a4339', 'connection': 'close', 'date': 'Fri, 18 Dec 2015 16:02:47 GMT', 'content-type': 'application/json; charset=UTF-8', 'x-openstack-request-id': 'req-72aa4aba-3ca4-4331-b0d6-88e1fb7389be'}
        Body: {"floatingip": {"floating_network_id": "41225980-3490-4b87-b227-7a1a8c2a260e", "router_id": "08783562-7a8c-48b4-8766-a85d5f5c8e24", "fixed_ip_address": "10.100.0.3", "floating_ip_address": "172.24.4.4", "tenant_id": "2cdc9ef83f5d41da82ac77716d14763b", "status": "ACTIVE", "port_id": "384fd58d-5c19-4488-8747-9ba598318e48", "id": "0f5077f2-8a0e-4062-8924-7ef3007a4339"}}
2015-12-18 16:02:47,667 20450 INFO     [tempest.scenario.manager] FloatingIP: &lt;"FloatingIP" addr="172.24.4.4" id="0f5077f2-8a0e-4062-8924-7ef3007a4339"&gt; is at status: ACTIVE
2015-12-18 16:02:47,668 20450 DEBUG    [tempest.scenario.manager] checking network connections to IP 172.24.4.4 with user: cirros
2015-12-18 16:02:47,669 20450 DEBUG    [tempest.scenario.manager] TestNetworkAdvancedServerOps:test_server_connectivity_pause_unpause begins to ping 172.24.4.4 in 120 sec and the expected result is reachable
2015-12-18 16:04:48,994 20450 DEBUG    [tempest.scenario.manager] TestNetworkAdvancedServerOps:test_server_connectivity_pause_unpause finishes ping 172.24.4.4 in 120 sec and the ping result is unexpected
2015-12-18 16:04:48,995 20450 ERROR    [tempest.scenario.manager] Public network connectivity check failed
2015-12-18 16:04:48.995 20450 ERROR tempest.scenario.manager Traceback (most recent call last):
2015-12-18 16:04:48.995 20450 ERROR tempest.scenario.manager   File "tempest/scenario/manager.py", line 608, in check_public_network_connectivity
2015-12-18 16:04:48.995 20450 ERROR tempest.scenario.manager     should_connect=should_connect)
2015-12-18 16:04:48.995 20450 ERROR tempest.scenario.manager   File "tempest/scenario/manager.py", line 592, in check_vm_connectivity
2015-12-18 16:04:48.995 20450 ERROR tempest.scenario.manager     msg=msg)
2015-12-18 16:04:48.995 20450 ERROR tempest.scenario.manager   File "/usr/local/lib/python2.7/dist-packages/unittest2/case.py", line 702, in assertTrue
2015-12-18 16:04:48.995 20450 ERROR tempest.scenario.manager     raise self.failureException(msg)
2015-12-18 16:04:48.995 20450 ERROR tempest.scenario.manager AssertionError: False is not true : Timed out waiting for 172.24.4.4 to become reachable
2015-12-18 16:04:48.995 20450 ERROR tempest.scenario.manager 
2015-12-18 16:04:49,212 20450 INFO     [tempest_lib.common.rest_client] Request (TestNetworkAdvancedServerOps:test_server_connectivity_pause_unpause): 200 POST http://10.0.2.15:8774/v2.1/2cdc9ef83f5d41da82ac77716d14763b/servers/10eacfca-e9d3-43c4-a7e7-e85d91508f1c/action 0.213s
2015-12-18 16:04:49,213 20450 DEBUG    [tempest_lib.common.rest_client] Request - Headers: {'Content-Type': 'application/json', 'Accept': 'application/json', 'X-Auth-Token': '&lt;omitted&gt;'}
        Body: {"os-getConsoleOutput": {}}
    Response - Headers: {'status': '200', 'content-length': '17465', 'x-compute-request-id': 'req-159366ca-7277-46a0-841f-e8af36f821f5', 'vary': 'X-OpenStack-Nova-API-Version', 'connection': 'close', 'x-openstack-nova-api-version': '2.1', 'date': 'Fri, 18 Dec 2015 16:04:49 GMT', 'content-type': 'application/json'}
        Body: {"output": "[    0.000000] Initializing cgroup subsys cpuset\n[    0.000000] Initializing cgroup subsys cpu\n[    0.000000] Linux version 3.2.0-80-virtual (buildd@batsu) (gcc version 4.6.3 (Ubuntu/Linaro 4.6.3-1ubuntu5) ) #116-Ubuntu SMP Mon Mar 23 17:28:52 UTC 2015 (Ubuntu 3.2.0-80.116-virtual 3.2.68)\n[    0.000000] Command line: root=/dev/vda console=tty0 console=ttyS0 no_timer_check\n[    0.000000] KERNEL supported cpus:\n[    0.000000]   Intel GenuineIntel\n[    0.000000]   AMD AuthenticAMD\n[    0.000000]   Centaur CentaurHauls\n[    0.000000] BIOS-provided physical RAM map:\n[    0.000000]  BIOS-e820: 0000000000000000 - 000000000009fc00 (usable)\n[    0.000000]  BIOS-e820: 000000000009fc00 - 00000000000a0000 (reserved)\n[    0.000000]  BIOS-e820: 00000000000f0000 - 0000000000100000 (reserved)\n[    0.000000]  BIOS-e820: 0000000000100000 - 0000000003ffe000 (usable)\n[    0.000000]  BIOS-e820: 0000000003ffe000 - 0000000004000000 (reserved)\n[    0.000000]  BIOS-e820: 00000000fffc0000 - 0000000100000000 (reserved)\n[    0.000000] NX (Execute Disable) protection: active\n[    0.000000] SMBIOS 2.4 present.\n[    0.000000] No AGP bridge found\n[    0.000000] last_pfn = 0x3ffe max_arch_pfn = 0x400000000\n[    0.000000] x86 PAT enabled: cpu 0, old 0x7040600070406, new 0x7010600070106\n[    0.000000] found SMP MP-table at [ffff8800000f0b00] f0b00\n[    0.000000] init_memory_mapping: 0000000000000000-0000000003ffe000\n[    0.000000] RAMDISK: 03c5e000 - 03ff0000\n[    0.000000] ACPI: RSDP 00000000000f0950 00014 (v00 BOCHS )\n[    0.000000] ACPI: RSDT 0000000003fffbc1 00034 (v01 BOCHS  BXPCRSDT 00000001 BXPC 00000001)\n[    0.000000] ACPI: FACP 0000000003fff1c0 00074 (v01 BOCHS  BXPCFACP 00000001 BXPC 00000001)\n[    0.000000] ACPI: DSDT 0000000003ffe040 01180 (v01 BOCHS  BXPCDSDT 00000001 BXPC 00000001)\n[    0.000000] ACPI: FACS 0000000003ffe000 00040\n[    0.000000] ACPI: SSDT 0000000003fff234 008DD (v01 BOCHS  BXPCSSDT 00000001 BXPC 00000001)\n[    0.000000] ACPI: APIC 0000000003fffb11 00078 (v01 BOCHS  BXPCAPIC 00000001 BXPC 00000001)\n[    0.000000] ACPI: HPET 0000000003fffb89 00038 (v01 BOCHS  BXPCHPET 00000001 BXPC 00000001)\n[    0.000000] No NUMA configuration found\n[    0.000000] Faking a node at 0000000000000000-0000000003ffe000\n[    0.000000] Initmem setup node 0 0000000000000000-0000000003ffe000\n[    0.000000]   NODE_DATA [0000000003ff6000 - 0000000003ffafff]\n[    0.000000] Zone PFN ranges:\n[    0.000000]   DMA      0x00000010 -&gt; 0x00001000\n[    0.000000]   DMA32    0x00001000 -&gt; 0x00100000\n[    0.000000]   Normal   empty\n[    0.000000] Movable zone start PFN for each node\n[    0.000000] early_node_map[2] active PFN ranges\n[    0.000000]     0: 0x00000010 -&gt; 0x0000009f\n[    0.000000]     0: 0x00000100 -&gt; 0x00003ffe\n[    0.000000] ACPI: PM-Timer IO Port: 0xb008\n[    0.000000] ACPI: LAPIC (acpi_id[0x00] lapic_id[0x00] enabled)\n[    0.000000] ACPI: LAPIC_NMI (acpi_id[0xff] dfl dfl lint[0x1])\n[    0.000000] ACPI: IOAPIC (id[0x00] address[0xfec00000] gsi_base[0])\n[    0.000000] IOAPIC[0]: apic_id 0, version 17, address 0xfec00000, GSI 0-23\n[    0.000000] ACPI: INT_SRC_OVR (bus 0 bus_irq 0 global_irq 2 dfl dfl)\n[    0.000000] ACPI: INT_SRC_OVR (bus 0 bus_irq 5 global_irq 5 high level)\n[    0.000000] ACPI: INT_SRC_OVR (bus 0 bus_irq 9 global_irq 9 high level)\n[    0.000000] ACPI: INT_SRC_OVR (bus 0 bus_irq 10 global_irq 10 high level)\n[    0.000000] ACPI: INT_SRC_OVR (bus 0 bus_irq 11 global_irq 11 high level)\n[    0.000000] Using ACPI (MADT) for SMP configuration information\n[    0.000000] ACPI: HPET id: 0x8086a201 base: 0xfed00000\n[    0.000000] SMP: Allowing 1 CPUs, 0 hotplug CPUs\n[    0.000000] PM: Registered nosave memory: 000000000009f000 - 00000000000a0000\n[    0.000000] PM: Registered nosave memory: 00000000000a0000 - 00000000000f0000\n[    0.000000] PM: Registered nosave memory: 00000000000f0000 - 0000000000100000\n[    0.000000] Allocating PCI resources starting at 4000000 (gap: 4000000:fbfc0000)\n[    0.000000] Booting paravirtualized kernel on bare hardware\n[    0.000000] setup_pe
2015-12-18 16:04:49,215 20450 DEBUG    [tempest.scenario.manager] Console output for 10eacfca-e9d3-43c4-a7e7-e85d91508f1c
body=
[    0.000000] Initializing cgroup subsys cpuset
[    0.000000] Initializing cgroup subsys cpu
[    0.000000] Linux version 3.2.0-80-virtual (buildd@batsu) (gcc version 4.6.3 (Ubuntu/Linaro 4.6.3-1ubuntu5) ) #116-Ubuntu SMP Mon Mar 23 17:28:52 UTC 2015 (Ubuntu 3.2.0-80.116-virtual 3.2.68)
[    0.000000] Command line: root=/dev/vda console=tty0 console=ttyS0 no_timer_check
[    0.000000] KERNEL supported cpus:
[    0.000000]   Intel GenuineIntel
[    0.000000]   AMD AuthenticAMD
[    0.000000]   Centaur CentaurHauls
[    0.000000] BIOS-provided physical RAM map:
[    0.000000]  BIOS-e820: 0000000000000000 - 000000000009fc00 (usable)
[    0.000000]  BIOS-e820: 000000000009fc00 - 00000000000a0000 (reserved)
[    0.000000]  BIOS-e820: 00000000000f0000 - 0000000000100000 (reserved)
[    0.000000]  BIOS-e820: 0000000000100000 - 0000000003ffe000 (usable)
[    0.000000]  BIOS-e820: 0000000003ffe000 - 0000000004000000 (reserved)
[    0.000000]  BIOS-e820: 00000000fffc0000 - 0000000100000000 (reserved)
[    0.000000] NX (Execute Disable) protection: active
[    0.000000] SMBIOS 2.4 present.
[    0.000000] No AGP bridge found
[    0.000000] last_pfn = 0x3ffe max_arch_pfn = 0x400000000
[    0.000000] x86 PAT enabled: cpu 0, old 0x7040600070406, new 0x7010600070106
[    0.000000] found SMP MP-table at [ffff8800000f0b00] f0b00
[    0.000000] init_memory_mapping: 0000000000000000-0000000003ffe000
[    0.000000] RAMDISK: 03c5e000 - 03ff0000
[    0.000000] ACPI: RSDP 00000000000f0950 00014 (v00 BOCHS )
[    0.000000] ACPI: RSDT 0000000003fffbc1 00034 (v01 BOCHS  BXPCRSDT 00000001 BXPC 00000001)
[    0.000000] ACPI: FACP 0000000003fff1c0 00074 (v01 BOCHS  BXPCFACP 00000001 BXPC 00000001)
[    0.000000] ACPI: DSDT 0000000003ffe040 01180 (v01 BOCHS  BXPCDSDT 00000001 BXPC 00000001)
[    0.000000] ACPI: FACS 0000000003ffe000 00040
[    0.000000] ACPI: SSDT 0000000003fff234 008DD (v01 BOCHS  BXPCSSDT 00000001 BXPC 00000001)
[    0.000000] ACPI: APIC 0000000003fffb11 00078 (v01 BOCHS  BXPCAPIC 00000001 BXPC 00000001)
[    0.000000] ACPI: HPET 0000000003fffb89 00038 (v01 BOCHS  BXPCHPET 00000001 BXPC 00000001)
[    0.000000] No NUMA configuration found
[    0.000000] Faking a node at 0000000000000000-0000000003ffe000
[    0.000000] Initmem setup node 0 0000000000000000-0000000003ffe000
[    0.000000]   NODE_DATA [0000000003ff6000 - 0000000003ffafff]
[    0.000000] Zone PFN ranges:
[    0.000000]   DMA      0x00000010 -&gt; 0x00001000
[    0.000000]   DMA32    0x00001000 -&gt; 0x00100000
[    0.000000]   Normal   empty
[    0.000000] Movable zone start PFN for each node
[    0.000000] early_node_map[2] active PFN ranges
[    0.000000]     0: 0x00000010 -&gt; 0x0000009f
[    0.000000]     0: 0x00000100 -&gt; 0x00003ffe
[    0.000000] ACPI: PM-Timer IO Port: 0xb008
[    0.000000] ACPI: LAPIC (acpi_id[0x00] lapic_id[0x00] enabled)
[    0.000000] ACPI: LAPIC_NMI (acpi_id[0xff] dfl dfl lint[0x1])
[    0.000000] ACPI: IOAPIC (id[0x00] address[0xfec00000] gsi_base[0])
[    0.000000] IOAPIC[0]: apic_id 0, version 17, address 0xfec00000, GSI 0-23
[    0.000000] ACPI: INT_SRC_OVR (bus 0 bus_irq 0 global_irq 2 dfl dfl)
[    0.000000] ACPI: INT_SRC_OVR (bus 0 bus_irq 5 global_irq 5 high level)
[    0.000000] ACPI: INT_SRC_OVR (bus 0 bus_irq 9 global_irq 9 high level)
[    0.000000] ACPI: INT_SRC_OVR (bus 0 bus_irq 10 global_irq 10 high level)
[    0.000000] ACPI: INT_SRC_OVR (bus 0 bus_irq 11 global_irq 11 high level)
[    0.000000] Using ACPI (MADT) for SMP configuration information
[    0.000000] ACPI: HPET id: 0x8086a201 base: 0xfed00000
[    0.000000] SMP: Allowing 1 CPUs, 0 hotplug CPUs
[    0.000000] PM: Registered nosave memory: 000000000009f000 - 00000000000a0000
[    0.000000] PM: Registered nosave memory: 00000000000a0000 - 00000000000f0000
[    0.000000] PM: Registered nosave memory: 00000000000f0000 - 0000000000100000
[    0.000000] Allocating PCI resources starting at 4000000 (gap: 4000000:fbfc0000)
[    0.000000] Booting paravirtualized kernel on bare hardware
[    0.000000] setup_percpu: NR_CPUS:64 nr_cpumask_bits:64 nr_cpu_ids:1 nr_node_ids:1
[    0.000000] PERCPU: Embedded 27 pages/cpu @ffff880003a00000 s78848 r8192 d23552 u2097152
[    0.000000] Built 1 zonelists in Node order, mobility grouping on.  Total pages: 16008
[    0.000000] Policy zone: DMA32
[    0.000000] Kernel command line: root=/dev/vda console=tty0 console=ttyS0 no_timer_check
[    0.000000] PID hash table entries: 256 (order: -1, 2048 bytes)
[    0.000000] Checking aperture...
[    0.000000] No AGP bridge found
[    0.000000] Memory: 43492k/65528k available (6576k kernel code, 452k absent, 21584k reserved, 6620k data, 928k init)
[    0.000000] SLUB: Genslabs=15, HWalign=64, Order=0-3, MinObjects=0, CPUs=1, Nodes=1
[    0.000000] Hierarchical RCU implementation.
[    0.000000] 	RCU dyntick-idle grace-period acceleration is enabled.
[    0.000000] NR_IRQS:4352 nr_irqs:256 16
[    0.000000] Console: colour VGA+ 80x25
[    0.000000] console [tty0] enabled
[    0.000000] console [ttyS0] enabled
[    0.000000] allocated 1048576 bytes of page_cgroup
[    0.000000] please try 'cgroup_disable=memory' option if you don't want memory cgroups
[    0.000000] Fast TSC calibration failed
[    0.000000] TSC: Unable to calibrate against PIT
[    0.000000] TSC: using HPET reference calibration
[    0.000000] Detected 2294.453 MHz processor.
[    0.032864] Calibrating delay loop (skipped), value calculated using timer frequency.. 4588.90 BogoMIPS (lpj=9177812)
[    0.036223] pid_max: default: 32768 minimum: 301
[    0.043305] Security Framework initialized
[    0.048449] AppArmor: AppArmor initialized
[    0.049307] Yama: becoming mindful.
[    0.056878] Dentry cache hash table entries: 8192 (order: 4, 65536 bytes)
[    0.058342] Inode-cache hash table entries: 4096 (order: 3, 32768 bytes)
[    0.060728] Mount-cache hash table entries: 256
[    0.077498] Initializing cgroup subsys cpuacct
[    0.078447] Initializing cgroup subsys memory
[    0.080532] Initializing cgroup subsys devices
[    0.081375] Initializing cgroup subsys freezer
[    0.082043] Initializing cgroup subsys blkio
[    0.082730] Initializing cgroup subsys perf_event
[    0.088164] mce: CPU supports 10 MCE banks
[    0.092285] SMP alternatives: switching to UP code
[    0.529446] Freeing SMP alternatives: 24k freed
[    0.531090] ACPI: Core revision 20110623
[    0.583646] ftrace: allocating 26610 entries in 105 pages
[    0.613030] ..TIMER: vector=0x30 apic1=0 pin1=2 apic2=-1 pin2=-1
[    0.614336] CPU0: AMD QEMU Virtual CPU version 2.0.0 stepping 03
[    0.620038] Performance Events: Broken PMU hardware detected, using software events only.
[    0.629098] NMI watchdog disabled (cpu0): hardware events not enabled
[    0.630777] Brought up 1 CPUs
[    0.631291] Total of 1 processors activated (4588.90 BogoMIPS).
[    0.660936] devtmpfs: initialized
[    0.690447] EVM: security.selinux
[    0.690993] EVM: security.SMACK64
[    0.692089] EVM: security.capability
[    0.712925] print_constraints: dummy: 
[    0.714690] RTC time: 16:02:48, date: 12/18/15
[    0.718080] NET: Registered protocol family 16
[    0.726495] ACPI: bus type pci registered
[    0.730136] PCI: Using configuration type 1 for base access
[    0.760793] bio: create slab &lt;bio-0&gt; at 0
[    0.765398] ACPI: Added _OSI(Module Device)
[    0.765982] ACPI: Added _OSI(Processor Device)
[    0.766547] ACPI: Added _OSI(3.0 _SCP Extensions)
[    0.767135] ACPI: Added _OSI(Processor Aggregator Device)
[    0.846350] ACPI: Interpreter enabled
[    0.848233] ACPI: (supports S0 S3 S4 S5)
[    0.850579] ACPI: Using IOAPIC for interrupt routing
[    0.925942] ACPI: No dock devices found.
[    0.926671] HEST: Table not found.
[    0.927217] PCI: Using host bridge windows from ACPI; if necessary, use "pci=nocrs" and report a bug
[    0.934217] ACPI: PCI Root Bridge [PCI0] (domain 0000 [bus 00-ff])
[    0.941342] pci_root PNP0A03:00: host bridge window [io  0x0000-0x0cf7]
[    0.942295] pci_root PNP0A03:00: host bridge window [io  0x0d00-0xadff]
[    0.943384] pci_root PNP0A03:00: host bridge window [io  0xae0f-0xaeff]
[    0.944118] pci_root PNP0A03:00: host bridge window [io  0xaf20-0xafdf]
[    0.945141] pci_root PNP0A03:00: host bridge window [io  0xafe4-0xffff]
[    0.946421] pci_root PNP0A03:00: host bridge window [mem 0x000a0000-0x000bffff]
[    0.948117] pci_root PNP0A03:00: host bridge window [mem 0x04000000-0xfebfffff]
[    0.972507] pci 0000:00:01.3: quirk: [io  0xb000-0xb03f] claimed by PIIX4 ACPI
[    0.973620] pci 0000:00:01.3: quirk: [io  0xb100-0xb10f] claimed by PIIX4 SMB
[    1.057607]  pci0000:00: Unable to request _OSC control (_OSC support mask: 0x1e)
[    1.121590] ACPI: PCI Interrupt Link [LNKA] (IRQs 5 *10 11)
[    1.124269] ACPI: PCI Interrupt Link [LNKB] (IRQs 5 *10 11)
[    1.126132] ACPI: PCI Interrupt Link [LNKC] (IRQs 5 10 *11)
[    1.128503] ACPI: PCI Interrupt Link [LNKD] (IRQs 5 10 *11)
[    1.129816] ACPI: PCI Interrupt Link [LNKS] (IRQs *9)
[    1.136070] vgaarb: device added: PCI:0000:00:02.0,decodes=io+mem,owns=io+mem,locks=none
[    1.136189] vgaarb: loaded
[    1.136538] vgaarb: bridge control possible 0000:00:02.0
[    1.141294] i2c-core: driver [aat2870] using legacy suspend method
[    1.141935] i2c-core: driver [aat2870] using legacy resume method
[    1.144822] SCSI subsystem initialized
[    1.148429] usbcore: registered new interface driver usbfs
[    1.149609] usbcore: registered new interface driver hub
[    1.150822] usbcore: registered new device driver usb
[    1.154661] PCI: Using ACPI for IRQ routing
[    1.164940] NetLabel: Initializing
[    1.165825] NetLabel:  domain hash size = 128
[    1.166706] NetLabel:  protocols = UNLABELED CIPSOv4
[    1.173710] NetLabel:  unlabeled traffic allowed by default
[    1.177268] HPET: 3 timers in total, 0 timers will be used for per-cpu timer
[    1.178620] hpet0: at MMIO 0xfed00000, IRQs 2, 8, 0
[    1.180364] hpet0: 3 comparators, 64-bit 100.000000 MHz counter
[    1.190439] Switching to clocksource hpet
[    1.427922] AppArmor: AppArmor Filesystem Enabled
[    1.430862] pnp: PnP ACPI init
[    1.431487] ACPI: bus type pnp registered
[    1.463410] pnp: PnP ACPI: found 9 devices
[    1.463953] ACPI: ACPI bus type pnp unregistered
[    1.526000] NET: Registered protocol family 2
[    1.563265] IP route cache hash table entries: 512 (order: 0, 4096 bytes)
[    1.570929] TCP established hash table entries: 2048 (order: 3, 32768 bytes)
[    1.572531] TCP bind hash table entries: 2048 (order: 3, 32768 bytes)
[    1.574018] TCP: Hash tables configured (established 2048 bind 2048)
[    1.574764] TCP reno registered
[    1.575449] UDP hash table entries: 128 (order: 0, 4096 bytes)
[    1.576127] UDP-Lite hash table entries: 128 (order: 0, 4096 bytes)
[    1.579025] NET: Registered protocol family 1
[    1.581674] pci 0000:00:00.0: Limiting direct PCI/PCI transfers
[    1.582417] pci 0000:00:01.0: PIIX3: Enabling Passive Release
[    1.583390] pci 0000:00:01.0: Activating ISA DMA hang workarounds
[    1.588073] ACPI: PCI Interrupt Link [LNKD] enabled at IRQ 11
[    1.589729] pci 0000:00:01.2: PCI INT D -&gt; Link[LNKD] -&gt; GSI 11 (level, high) -&gt; IRQ 11
[    1.591589] pci 0000:00:01.2: PCI INT D disabled
[    1.610406] Trying to unpack rootfs image as initramfs...
[    1.631723] audit: initializing netlink socket (disabled)
[    1.634897] type=2000 audit(1450454568.632:1): initialized
[    1.934355] HugeTLB registered 2 MB page size, pre-allocated 0 pages
[    2.006204] VFS: Disk quotas dquot_6.5.2
[    2.007756] Dquot-cache hash table entries: 512 (order 0, 4096 bytes)
[    2.025726] fuse init (API version 7.17)
[    2.028783] msgmni has been set to 84
[    2.075035] Block layer SCSI generic (bsg) driver version 0.4 loaded (major 253)
[    2.078229] io scheduler noop registered
[    2.078944] io scheduler deadline registered (default)
[    2.081921] io scheduler cfq registered
[    2.085470] pci_hotplug: PCI Hot Plug PCI Core version: 0.5
[    2.087664] pciehp: PCI Express Hot Plug Controller Driver version: 0.4
[    2.094733] input: Power Button as /devices/LNXSYSTM:00/LNXPWRBN:00/input/input0
[    2.096551] ACPI: Power Button [PWRF]
[    2.169746] ERST: Table is not found!
[    2.170349] GHES: HEST is not enabled!
[    2.179480] ACPI: PCI Interrupt Link [LNKC] enabled at IRQ 10
[    2.180590] virtio-pci 0000:00:03.0: PCI INT A -&gt; Link[LNKC] -&gt; GSI 10 (level, high) -&gt; IRQ 10
[    2.183590] virtio-pci 0000:00:04.0: PCI INT A -&gt; Link[LNKD] -&gt; GSI 11 (level, high) -&gt; IRQ 11
[    2.198991] ACPI: PCI Interrupt Link [LNKA] enabled at IRQ 10
[    2.199899] virtio-pci 0000:00:05.0: PCI INT A -&gt; Link[LNKA] -&gt; GSI 10 (level, high) -&gt; IRQ 10
[    2.214080] Serial: 8250/16550 driver, 32 ports, IRQ sharing enabled
[    2.261257] serial8250: ttyS0 at I/O 0x3f8 (irq = 4) is a 16550A
[    2.354605] serial8250: ttyS1 at I/O 0x2f8 (irq = 3) is a 16550A
[    2.483849] 00:05: ttyS0 at I/O 0x3f8 (irq = 4) is a 16550A
[    2.565270] 00:06: ttyS1 at I/O 0x2f8 (irq = 3) is a 16550A
[    2.598021] Refined TSC clocksource calibration: 2294.455 MHz.
[    2.598818] Switching to clocksource tsc
[    2.621801] Linux agpgart interface v0.103
[    2.691856] brd: module loaded
[    2.738880] loop: module loaded
[    2.798162]  vda: unknown partition table
[    2.845677] scsi0 : ata_piix
[    2.853483] scsi1 : ata_piix
[    2.855556] ata1: PATA max MWDMA2 cmd 0x1f0 ctl 0x3f6 bmdma 0xc0a0 irq 14
[    2.856943] ata2: PATA max MWDMA2 cmd 0x170 ctl 0x376 bmdma 0xc0a8 irq 15
[    2.870549] Fixed MDIO Bus: probed
[    2.873824] tun: Universal TUN/TAP device driver, 1.6
[    2.874998] tun: (C) 1999-2004 Max Krasnyansky &lt;maxk@qualcomm.com&gt;
[    2.898597] PPP generic driver version 2.4.2
[    2.924135] ehci_hcd: USB 2.0 'Enhanced' Host Controller (EHCI) Driver
[    2.926138] ohci_hcd: USB 1.1 'Open' Host Controller (OHCI) Driver
[    2.927091] uhci_hcd: USB Universal Host Controller Interface driver
[    2.928094] uhci_hcd 0000:00:01.2: PCI INT D -&gt; Link[LNKD] -&gt; GSI 11 (level, high) -&gt; IRQ 11
[    2.931497] uhci_hcd 0000:00:01.2: UHCI Host Controller
[    2.946524] uhci_hcd 0000:00:01.2: new USB bus registered, assigned bus number 1
[    2.949024] uhci_hcd 0000:00:01.2: irq 11, io base 0x0000c040
[    2.990524] hub 1-0:1.0: USB hub found
[    2.991787] hub 1-0:1.0: 2 ports detected
[    2.999653] usbcore: registered new interface driver libusual
[    3.003219] i8042: PNP: PS/2 Controller [PNP0303:KBD,PNP0f13:MOU] at 0x60,0x64 irq 1,12
[    3.012059] serio: i8042 KBD port at 0x60,0x64 irq 1
[    3.014171] serio: i8042 AUX port at 0x60,0x64 irq 12
[    3.056768] mousedev: PS/2 mouse device common for all mice
[    3.069289] input: AT Translated Set 2 keyboard as /devices/platform/i8042/serio0/input/input1
[    3.074735] rtc_cmos 00:01: RTC can wake from S4
[    3.100149] rtc_cmos 00:01: rtc core: registered rtc_cmos as rtc0
[    3.105464] rtc0: alarms up to one day, 114 bytes nvram, hpet irqs
[    3.109842] device-mapper: uevent: version 1.0.3
[    3.133371] ata2.01: ATAPI: QEMU DVD-ROM, 2.0.0, max UDMA/100
[    3.140885] ata2.01: configured for MWDMA2
[    3.170024] device-mapper: ioctl: 4.22.0-ioctl (2011-10-19) initialised: dm-devel@redhat.com
[    3.173468] cpuidle: using governor ladder
[    3.174799] cpuidle: using governor menu
[    3.175751] EFI Variables Facility v0.08 2004-May-17
[    3.184881] TCP cubic registered
[    3.187985] NET: Registered protocol family 10
[    3.215668] NET: Registered protocol family 17
[    3.217514] Registering the dns_resolver key type
[    3.242504] scsi 1:0:1:0: CD-ROM            QEMU     QEMU DVD-ROM     2.0. PQ: 0 ANSI: 5
[    3.285680] sr0: scsi3-mmc drive: 4x/4x cd/rw xa/form2 tray
[    3.287473] cdrom: Uniform CD-ROM driver Revision: 3.20
[    3.304684] sr 1:0:1:0: Attached scsi generic sg0 type 5
[    3.335427] registered taskstats version 1
[    3.392788] Freeing initrd memory: 3656k freed
[    3.880369]   Magic number: 11:49:35
[    3.888710] bdi 7:0: hash matches
[    3.894644] rtc_cmos 00:01: setting system clock to 2015-12-18 16:02:51 UTC (1450454571)
[    3.896920] powernow-k8: Processor cpuid 663 not supported
[    3.902468] BIOS EDD facility v0.16 2004-Jun-25, 0 devices found
[    3.903769] EDD information not available.
[    3.972596] Freeing unused kernel memory: 928k freed
[    3.977542] Write protecting the kernel read-only data: 12288k
[    4.111523] Freeing unused kernel memory: 1596k freed
[    4.189454] Freeing unused kernel memory: 1184k freed

info: initramfs: up at 4.35
modprobe: module virtio_blk not found in modules.dep
modprobe: module virtio_net not found in modules.dep
info: copying initramfs to /dev/vda
info: initramfs loading root from /dev/vda
info: /etc/init.d/rc.sysinit: up at 9.06
info: container: none
Starting logging: OK
modprobe: module virtio_blk not found in modules.dep
modprobe: module virtio_net not found in modules.dep
WARN: /etc/rc3.d/S10-load-modules failed
Initializing random number generator... done.
Starting acpid: OK
cirros-ds 'local' up at 11.52
found datasource (configdrive, local)
Starting network...
udhcpc (v1.20.1) started
Sending discover...
Sending discover...

2015-12-18 16:04:49,505 20450 INFO     [tempest_lib.common.rest_client] Request (TestNetworkAdvancedServerOps:_run_cleanups): 204 DELETE http://10.0.2.15:9696/v2.0/floatingips/0f5077f2-8a0e-4062-8924-7ef3007a4339 0.284s
2015-12-18 16:04:49,505 20450 DEBUG    [tempest_lib.common.rest_client] Request - Headers: {'Content-Type': 'application/json', 'Accept': 'application/json', 'X-Auth-Token': '&lt;omitted&gt;'}
        Body: None
    Response - Headers: {'date': 'Fri, 18 Dec 2015 16:04:49 GMT', 'status': '204', 'connection': 'close', 'content-length': '0', 'x-openstack-request-id': 'req-553e9af2-4fbe-4738-99ef-74106dcdaa18'}
        Body: 
2015-12-18 16:04:49,720 20450 INFO     [tempest_lib.common.rest_client] Request (TestNetworkAdvancedServerOps:_run_cleanups): 204 DELETE http://10.0.2.15:8774/v2.1/2cdc9ef83f5d41da82ac77716d14763b/servers/10eacfca-e9d3-43c4-a7e7-e85d91508f1c 0.214s
2015-12-18 16:04:49,721 20450 DEBUG    [tempest_lib.common.rest_client] Request - Headers: {'Content-Type': 'application/json', 'Accept': 'application/json', 'X-Auth-Token': '&lt;omitted&gt;'}
        Body: None
    Response - Headers: {'status': '204', 'content-length': '0', 'x-compute-request-id': 'req-c4dbca23-44b0-42fc-bdcc-d1fab21d83a0', 'vary': 'X-OpenStack-Nova-API-Version', 'connection': 'close', 'x-openstack-nova-api-version': '2.1', 'date': 'Fri, 18 Dec 2015 16:04:49 GMT', 'content-type': 'application/json'}
        Body: 
2015-12-18 16:04:50,034 20450 INFO     [tempest_lib.common.rest_client] Request (TestNetworkAdvancedServerOps:_run_cleanups): 200 GET http://10.0.2.15:8774/v2.1/2cdc9ef83f5d41da82ac77716d14763b/servers/10eacfca-e9d3-43c4-a7e7-e85d91508f1c 0.312s
2015-12-18 16:04:50,034 20450 DEBUG    [tempest_lib.common.rest_client] Request - Headers: {'Content-Type': 'application/json', 'Accept': 'application/json', 'X-Auth-Token': '&lt;omitted&gt;'}
        Body: None
    Response - Headers: {'status': '200', 'content-length': '1784', 'content-location': 'http://10.0.2.15:8774/v2.1/2cdc9ef83f5d41da82ac77716d14763b/servers/10eacfca-e9d3-43c4-a7e7-e85d91508f1c', 'x-compute-request-id': 'req-5ee4c66e-1d33-4dd0-a01b-da8e1fb34415', 'vary': 'X-OpenStack-Nova-API-Version', 'connection': 'close', 'x-openstack-nova-api-version': '2.1', 'date': 'Fri, 18 Dec 2015 16:04:50 GMT', 'content-type': 'application/json'}
        Body: {"server": {"status": "ACTIVE", "updated": "2015-12-18T16:04:49Z", "hostId": "d385e854af805a5b27cdc2ba91d1aaffc9db05d6484dcf4af9f130a1", "addresses": {"tempest-network-smoke--371117842": [{"OS-EXT-IPS-MAC:mac_addr": "fa:16:3e:53:cb:a9", "version": 4, "addr": "10.100.0.3", "OS-EXT-IPS:type": "fixed"}, {"OS-EXT-IPS-MAC:mac_addr": "fa:16:3e:53:cb:a9", "version": 4, "addr": "172.24.4.4", "OS-EXT-IPS:type": "floating"}]}, "links": [{"href": "http://10.0.2.15:8774/v2.1/2cdc9ef83f5d41da82ac77716d14763b/servers/10eacfca-e9d3-43c4-a7e7-e85d91508f1c", "rel": "self"}, {"href": "http://10.0.2.15:8774/2cdc9ef83f5d41da82ac77716d14763b/servers/10eacfca-e9d3-43c4-a7e7-e85d91508f1c", "rel": "bookmark"}], "key_name": "tempest-TestNetworkAdvancedServerOps-180676814", "image": {"id": "c8af4c96-09ce-4ce3-80a3-2836221908b2", "links": [{"href": "http://10.0.2.15:8774/2cdc9ef83f5d41da82ac77716d14763b/images/c8af4c96-09ce-4ce3-80a3-2836221908b2", "rel": "bookmark"}]}, "OS-EXT-STS:task_state": "deleting", "OS-EXT-STS:vm_state": "active", "OS-SRV-USG:launched_at": "2015-12-18T16:02:45.000000", "flavor": {"id": "42", "links": [{"href": "http://10.0.2.15:8774/2cdc9ef83f5d41da82ac77716d14763b/flavors/42", "rel": "bookmark"}]}, "id": "10eacfca-e9d3-43c4-a7e7-e85d91508f1c", "security_groups": [{"name": "tempest-secgroup-smoke-1343650240"}], "OS-SRV-USG:terminated_at": null, "OS-EXT-AZ:availability_zone": "nova", "user_id": "2bb9216072a24b7b99d55212b5901b30", "name": "tempest.common.compute-instance-1148270743", "created": "2015-12-18T16:02:41Z", "tenant_id": "2cdc9ef83f5d41da82ac77716d14763b", "OS-DCF:diskConfig": "MANUAL", "os-extended-volumes:volumes_attached": [], "accessIPv4": "", "accessIPv6": "", "progress": 0, "OS-EXT-STS:power_state": 1, "config_drive": "True", "metadata": {}}}
2015-12-18 16:04:51,186 20450 INFO     [tempest_lib.common.rest_client] Request (TestNetworkAdvancedServerOps:_run_cleanups): 200 GET http://10.0.2.15:8774/v2.1/2cdc9ef83f5d41da82ac77716d14763b/servers/10eacfca-e9d3-43c4-a7e7-e85d91508f1c 0.141s
2015-12-18 16:04:51,186 20450 DEBUG    [tempest_lib.common.rest_client] Request - Headers: {'Content-Type': 'application/json', 'Accept': 'application/json', 'X-Auth-Token': '&lt;omitted&gt;'}
        Body: None
    Response - Headers: {'status': '200', 'content-length': '1454', 'content-location': 'http://10.0.2.15:8774/v2.1/2cdc9ef83f5d41da82ac77716d14763b/servers/10eacfca-e9d3-43c4-a7e7-e85d91508f1c', 'x-compute-request-id': 'req-d45fbdf5-c187-487d-aaec-306352f1afce', 'vary': 'X-OpenStack-Nova-API-Version', 'connection': 'close', 'x-openstack-nova-api-version': '2.1', 'date': 'Fri, 18 Dec 2015 16:04:51 GMT', 'content-type': 'application/json'}
        Body: {"server": {"status": "DELETED", "updated": "2015-12-18T16:04:51Z", "hostId": "d385e854af805a5b27cdc2ba91d1aaffc9db05d6484dcf4af9f130a1", "addresses": {}, "links": [{"href": "http://10.0.2.15:8774/v2.1/2cdc9ef83f5d41da82ac77716d14763b/servers/10eacfca-e9d3-43c4-a7e7-e85d91508f1c", "rel": "self"}, {"href": "http://10.0.2.15:8774/2cdc9ef83f5d41da82ac77716d14763b/servers/10eacfca-e9d3-43c4-a7e7-e85d91508f1c", "rel": "bookmark"}], "key_name": "tempest-TestNetworkAdvancedServerOps-180676814", "image": {"id": "c8af4c96-09ce-4ce3-80a3-2836221908b2", "links": [{"href": "http://10.0.2.15:8774/2cdc9ef83f5d41da82ac77716d14763b/images/c8af4c96-09ce-4ce3-80a3-2836221908b2", "rel": "bookmark"}]}, "OS-EXT-STS:task_state": null, "OS-EXT-STS:vm_state": "deleted", "OS-SRV-USG:launched_at": "2015-12-18T16:02:45.000000", "flavor": {"id": "42", "links": [{"href": "http://10.0.2.15:8774/2cdc9ef83f5d41da82ac77716d14763b/flavors/42", "rel": "bookmark"}]}, "id": "10eacfca-e9d3-43c4-a7e7-e85d91508f1c", "OS-SRV-USG:terminated_at": "2015-12-18T16:04:50.000000", "OS-EXT-AZ:availability_zone": "nova", "user_id": "2bb9216072a24b7b99d55212b5901b30", "name": "tempest.common.compute-instance-1148270743", "created": "2015-12-18T16:02:41Z", "tenant_id": "2cdc9ef83f5d41da82ac77716d14763b", "OS-DCF:diskConfig": "MANUAL", "os-extended-volumes:volumes_attached": [], "accessIPv4": "", "accessIPv6": "", "OS-EXT-STS:power_state": 0, "config_drive": "True", "metadata": {}}}
2015-12-18 16:04:52,316 20450 INFO     [tempest_lib.common.rest_client] Request (TestNetworkAdvancedServerOps:_run_cleanups): 404 GET http://10.0.2.15:8774/v2.1/2cdc9ef83f5d41da82ac77716d14763b/servers/10eacfca-e9d3-43c4-a7e7-e85d91508f1c 0.118s
2015-12-18 16:04:52,316 20450 DEBUG    [tempest_lib.common.rest_client] Request - Headers: {'Content-Type': 'application/json', 'Accept': 'application/json', 'X-Auth-Token': '&lt;omitted&gt;'}
        Body: None
    Response - Headers: {'status': '404', 'content-length': '111', 'x-compute-request-id': 'req-603c26b2-ff65-4142-8e41-2348df226143', 'vary': 'X-OpenStack-Nova-API-Version', 'connection': 'close', 'x-openstack-nova-api-version': '2.1', 'date': 'Fri, 18 Dec 2015 16:04:52 GMT', 'content-type': 'application/json; charset=UTF-8'}
        Body: {"itemNotFound": {"message": "Instance 10eacfca-e9d3-43c4-a7e7-e85d91508f1c could not be found.", "code": 404}}
2015-12-18 16:04:52,726 20450 INFO     [tempest_lib.common.rest_client] Request (TestNetworkAdvancedServerOps:_run_cleanups): 200 PUT http://10.0.2.15:9696/v2.0/routers/08783562-7a8c-48b4-8766-a85d5f5c8e24/remove_router_interface 0.409s
2015-12-18 16:04:52,727 20450 DEBUG    [tempest_lib.common.rest_client] Request - Headers: {'Content-Type': 'application/json', 'Accept': 'application/json', 'X-Auth-Token': '&lt;omitted&gt;'}
        Body: {"subnet_id": "4b115ba1-993f-4c82-a4c2-cbf0a1d8ae16"}
    Response - Headers: {'status': '200', 'content-length': '255', 'connection': 'close', 'date': 'Fri, 18 Dec 2015 16:04:52 GMT', 'content-type': 'application/json; charset=UTF-8', 'x-openstack-request-id': 'req-56817798-5069-492f-9fc9-c33a92e987b6'}
        Body: {"subnet_id": "4b115ba1-993f-4c82-a4c2-cbf0a1d8ae16", "tenant_id": "2cdc9ef83f5d41da82ac77716d14763b", "subnet_ids": ["4b115ba1-993f-4c82-a4c2-cbf0a1d8ae16"], "port_id": "1cbe6d11-1058-4a62-b9b1-03fb11d52371", "id": "08783562-7a8c-48b4-8766-a85d5f5c8e24"}
2015-12-18 16:04:53,055 20450 INFO     [tempest_lib.common.rest_client] Request (TestNetworkAdvancedServerOps:_run_cleanups): 204 DELETE http://10.0.2.15:9696/v2.0/subnets/4b115ba1-993f-4c82-a4c2-cbf0a1d8ae16 0.327s
2015-12-18 16:04:53,056 20450 DEBUG    [tempest_lib.common.rest_client] Request - Headers: {'Content-Type': 'application/json', 'Accept': 'application/json', 'X-Auth-Token': '&lt;omitted&gt;'}
        Body: None
    Response - Headers: {'date': 'Fri, 18 Dec 2015 16:04:53 GMT', 'status': '204', 'connection': 'close', 'content-length': '0', 'x-openstack-request-id': 'req-ed6660bb-aa56-46c9-b668-f477daef6b74'}
        Body: 
2015-12-18 16:04:53,099 20450 INFO     [tempest_lib.common.rest_client] Request (TestNetworkAdvancedServerOps:_run_cleanups): 200 GET http://10.0.2.15:9696/v2.0/routers/08783562-7a8c-48b4-8766-a85d5f5c8e24 0.042s
2015-12-18 16:04:53,099 20450 DEBUG    [tempest_lib.common.rest_client] Request - Headers: {'Content-Type': 'application/json', 'Accept': 'application/json', 'X-Auth-Token': '&lt;omitted&gt;'}
        Body: None
    Response - Headers: {'status': '200', 'content-length': '501', 'content-location': 'http://10.0.2.15:9696/v2.0/routers/08783562-7a8c-48b4-8766-a85d5f5c8e24', 'connection': 'close', 'date': 'Fri, 18 Dec 2015 16:04:53 GMT', 'content-type': 'application/json; charset=UTF-8', 'x-openstack-request-id': 'req-94a7055f-8f22-4265-a547-06e071ec7cf3'}
        Body: {"router": {"status": "ACTIVE", "external_gateway_info": {"network_id": "41225980-3490-4b87-b227-7a1a8c2a260e", "enable_snat": true, "external_fixed_ips": [{"subnet_id": "9d3133db-71b3-4f89-a904-20f6a32ed094", "ip_address": "172.24.4.3"}, {"subnet_id": "3528750b-c508-4d88-9333-8e3de2103e77", "ip_address": "2001:db8::3"}]}, "name": "tempest-router-smoke-1695992167", "admin_state_up": true, "tenant_id": "2cdc9ef83f5d41da82ac77716d14763b", "routes": [], "id": "08783562-7a8c-48b4-8766-a85d5f5c8e24"}}
2015-12-18 16:04:53,420 20450 INFO     [tempest_lib.common.rest_client] Request (TestNetworkAdvancedServerOps:_run_cleanups): 200 PUT http://10.0.2.15:9696/v2.0/routers/08783562-7a8c-48b4-8766-a85d5f5c8e24 0.321s
2015-12-18 16:04:53,421 20450 DEBUG    [tempest_lib.common.rest_client] Request - Headers: {'Content-Type': 'application/json', 'Accept': 'application/json', 'X-Auth-Token': '&lt;omitted&gt;'}
        Body: {"router": {"external_gateway_info": {}, "name": "tempest-router-smoke-1695992167", "admin_state_up": true}}
    Response - Headers: {'status': '200', 'content-length': '239', 'connection': 'close', 'date': 'Fri, 18 Dec 2015 16:04:53 GMT', 'content-type': 'application/json; charset=UTF-8', 'x-openstack-request-id': 'req-1eb46d4c-d9b5-414d-b948-856577bfb059'}
        Body: {"router": {"status": "ACTIVE", "external_gateway_info": null, "name": "tempest-router-smoke-1695992167", "admin_state_up": true, "tenant_id": "2cdc9ef83f5d41da82ac77716d14763b", "routes": [], "id": "08783562-7a8c-48b4-8766-a85d5f5c8e24"}}
2015-12-18 16:04:53,673 20450 INFO     [tempest_lib.common.rest_client] Request (TestNetworkAdvancedServerOps:_run_cleanups): 204 DELETE http://10.0.2.15:9696/v2.0/routers/08783562-7a8c-48b4-8766-a85d5f5c8e24 0.251s
2015-12-18 16:04:53,673 20450 DEBUG    [tempest_lib.common.rest_client] Request - Headers: {'Content-Type': 'application/json', 'Accept': 'application/json', 'X-Auth-Token': '&lt;omitted&gt;'}
        Body: None
    Response - Headers: {'date': 'Fri, 18 Dec 2015 16:04:53 GMT', 'status': '204', 'connection': 'close', 'content-length': '0', 'x-openstack-request-id': 'req-48daee74-f48f-4ca6-8547-69208e2f338a'}
        Body: 
2015-12-18 16:04:53,858 20450 INFO     [tempest_lib.common.rest_client] Request (TestNetworkAdvancedServerOps:_run_cleanups): 204 DELETE http://10.0.2.15:9696/v2.0/networks/c88200b3-2bb2-45de-a126-7575ac385753 0.184s
2015-12-18 16:04:53,858 20450 DEBUG    [tempest_lib.common.rest_client] Request - Headers: {'Content-Type': 'application/json', 'Accept': 'application/json', 'X-Auth-Token': '&lt;omitted&gt;'}
        Body: None
    Response - Headers: {'date': 'Fri, 18 Dec 2015 16:04:53 GMT', 'status': '204', 'connection': 'close', 'content-length': '0', 'x-openstack-request-id': 'req-dc638887-6abe-47ad-9199-e84559112ff3'}
        Body: 
2015-12-18 16:04:53,910 20450 INFO     [tempest_lib.common.rest_client] Request (TestNetworkAdvancedServerOps:_run_cleanups): 204 DELETE http://10.0.2.15:9696/v2.0/security-group-rules/4506e9e0-aeb2-4dd7-a947-f36ee99992c1 0.051s
2015-12-18 16:04:53,911 20450 DEBUG    [tempest_lib.common.rest_client] Request - Headers: {'Content-Type': 'application/json', 'Accept': 'application/json', 'X-Auth-Token': '&lt;omitted&gt;'}
        Body: None
    Response - Headers: {'date': 'Fri, 18 Dec 2015 16:04:53 GMT', 'status': '204', 'connection': 'close', 'content-length': '0', 'x-openstack-request-id': 'req-29128da6-7473-4737-8e66-9dd1a1c13bc3'}
        Body: 
2015-12-18 16:04:53,966 20450 INFO     [tempest_lib.common.rest_client] Request (TestNetworkAdvancedServerOps:_run_cleanups): 204 DELETE http://10.0.2.15:9696/v2.0/security-group-rules/a5a6c175-5f19-46c9-8c8d-771cb7507ac3 0.054s
2015-12-18 16:04:53,966 20450 DEBUG    [tempest_lib.common.rest_client] Request - Headers: {'Content-Type': 'application/json', 'Accept': 'application/json', 'X-Auth-Token': '&lt;omitted&gt;'}
        Body: None
    Response - Headers: {'date': 'Fri, 18 Dec 2015 16:04:53 GMT', 'status': '204', 'connection': 'close', 'content-length': '0', 'x-openstack-request-id': 'req-51748459-209a-407a-a29b-0aeb460eb67b'}
        Body: 
2015-12-18 16:04:54,013 20450 INFO     [tempest_lib.common.rest_client] Request (TestNetworkAdvancedServerOps:_run_cleanups): 204 DELETE http://10.0.2.15:9696/v2.0/security-group-rules/1d45590d-5c39-40aa-8698-43d9a91290a5 0.045s
2015-12-18 16:04:54,013 20450 DEBUG    [tempest_lib.common.rest_client] Request - Headers: {'Content-Type': 'application/json', 'Accept': 'application/json', 'X-Auth-Token': '&lt;omitted&gt;'}
        Body: None
    Response - Headers: {'date': 'Fri, 18 Dec 2015 16:04:54 GMT', 'status': '204', 'connection': 'close', 'content-length': '0', 'x-openstack-request-id': 'req-e3d44743-927b-4dfe-a64c-859aed8b4e00'}
        Body: 
2015-12-18 16:04:54,062 20450 INFO     [tempest_lib.common.rest_client] Request (TestNetworkAdvancedServerOps:_run_cleanups): 204 DELETE http://10.0.2.15:9696/v2.0/security-group-rules/0ade5eb4-491d-46df-9726-54dcaccd164f 0.048s
2015-12-18 16:04:54,063 20450 DEBUG    [tempest_lib.common.rest_client] Request - Headers: {'Content-Type': 'application/json', 'Accept': 'application/json', 'X-Auth-Token': '&lt;omitted&gt;'}
        Body: None
    Response - Headers: {'date': 'Fri, 18 Dec 2015 16:04:54 GMT', 'status': '204', 'connection': 'close', 'content-length': '0', 'x-openstack-request-id': 'req-c5f1a510-c81d-4a51-9c1e-5b37b78efef2'}
        Body: 
2015-12-18 16:04:54,117 20450 INFO     [tempest_lib.common.rest_client] Request (TestNetworkAdvancedServerOps:_run_cleanups): 204 DELETE http://10.0.2.15:9696/v2.0/security-group-rules/52914c40-7fd1-4fd0-9715-c933e90cb5a2 0.053s
2015-12-18 16:04:54,118 20450 DEBUG    [tempest_lib.common.rest_client] Request - Headers: {'Content-Type': 'application/json', 'Accept': 'application/json', 'X-Auth-Token': '&lt;omitted&gt;'}
        Body: None
    Response - Headers: {'date': 'Fri, 18 Dec 2015 16:04:54 GMT', 'status': '204', 'connection': 'close', 'content-length': '0', 'x-openstack-request-id': 'req-c784a20d-dfab-4873-bdf6-3d959c0d31b6'}
        Body: 
2015-12-18 16:04:54,170 20450 INFO     [tempest_lib.common.rest_client] Request (TestNetworkAdvancedServerOps:_run_cleanups): 204 DELETE http://10.0.2.15:9696/v2.0/security-group-rules/094abcca-ca7c-4bb0-a04e-df566bd25e68 0.051s
2015-12-18 16:04:54,171 20450 DEBUG    [tempest_lib.common.rest_client] Request - Headers: {'Content-Type': 'application/json', 'Accept': 'application/json', 'X-Auth-Token': '&lt;omitted&gt;'}
        Body: None
    Response - Headers: {'date': 'Fri, 18 Dec 2015 16:04:54 GMT', 'status': '204', 'connection': 'close', 'content-length': '0', 'x-openstack-request-id': 'req-9160d65b-37d6-45ae-8b97-e4cf4f4a130a'}
        Body: 
2015-12-18 16:04:54,250 20450 INFO     [tempest_lib.common.rest_client] Request (TestNetworkAdvancedServerOps:_run_cleanups): 204 DELETE http://10.0.2.15:9696/v2.0/security-groups/d4dda231-823f-44a5-9978-b31b277e95be 0.077s
2015-12-18 16:04:54,250 20450 DEBUG    [tempest_lib.common.rest_client] Request - Headers: {'Content-Type': 'application/json', 'Accept': 'application/json', 'X-Auth-Token': '&lt;omitted&gt;'}
        Body: None
    Response - Headers: {'date': 'Fri, 18 Dec 2015 16:04:54 GMT', 'status': '204', 'connection': 'close', 'content-length': '0', 'x-openstack-request-id': 'req-c1792e17-23fd-4d99-8de6-f779b94c0073'}
        Body: 
2015-12-18 16:04:54,270 20450 INFO     [tempest_lib.common.rest_client] Request (TestNetworkAdvancedServerOps:_run_cleanups): 202 DELETE http://10.0.2.15:8774/v2.1/2cdc9ef83f5d41da82ac77716d14763b/os-keypairs/tempest-TestNetworkAdvancedServerOps-180676814 0.018s
2015-12-18 16:04:54,271 20450 DEBUG    [tempest_lib.common.rest_client] Request - Headers: {'Content-Type': 'application/json', 'Accept': 'application/json', 'X-Auth-Token': '&lt;omitted&gt;'}
        Body: None
    Response - Headers: {'status': '202', 'content-length': '0', 'x-compute-request-id': 'req-de23cc4d-b5df-4b6b-b356-caf6da4f781c', 'vary': 'X-OpenStack-Nova-API-Version', 'connection': 'close', 'x-openstack-nova-api-version': '2.1', 'date': 'Fri, 18 Dec 2015 16:04:54 GMT', 'content-type': 'application/json'}
        Body: 
2015-12-18 16:04:54,353 20450 INFO     [tempest_lib.common.rest_client] Request (TestNetworkAdvancedServerOps:_run_cleanups): 404 GET http://10.0.2.15:8774/v2.1/2cdc9ef83f5d41da82ac77716d14763b/servers/10eacfca-e9d3-43c4-a7e7-e85d91508f1c 0.081s
2015-12-18 16:04:54,353 20450 DEBUG    [tempest_lib.common.rest_client] Request - Headers: {'Content-Type': 'application/json', 'Accept': 'application/json', 'X-Auth-Token': '&lt;omitted&gt;'}
        Body: None
    Response - Headers: {'status': '404', 'content-length': '111', 'x-compute-request-id': 'req-45a241b4-43b7-4d55-96ab-324a727e178b', 'vary': 'X-OpenStack-Nova-API-Version', 'connection': 'close', 'x-openstack-nova-api-version': '2.1', 'date': 'Fri, 18 Dec 2015 16:04:54 GMT', 'content-type': 'application/json; charset=UTF-8'}
        Body: {"itemNotFound": {"message": "Instance 10eacfca-e9d3-43c4-a7e7-e85d91508f1c could not be found.", "code": 404}}
}}}

Traceback (most recent call last):
  File "tempest/test.py", line 113, in wrapper
    return f(self, *func_args, **func_kwargs)
  File "tempest/scenario/test_network_advanced_server_ops.py", line 134, in test_server_connectivity_pause_unpause
    server, keypair, floating_ip = self._setup_network_and_servers()
  File "tempest/scenario/test_network_advanced_server_ops.py", line 71, in _setup_network_and_servers
    server, keypair, floating_ip)
  File "tempest/scenario/test_network_advanced_server_ops.py", line 95, in _wait_server_status_and_check_network_connectivity
    self._check_network_connectivity(server, keypair, floating_ip)
  File "tempest/scenario/test_network_advanced_server_ops.py", line 88, in _check_network_connectivity
    servers=[server])
  File "tempest/scenario/manager.py", line 608, in check_public_network_connectivity
    should_connect=should_connect)
  File "tempest/scenario/manager.py", line 592, in check_vm_connectivity
    msg=msg)
  File "/usr/local/lib/python2.7/dist-packages/unittest2/case.py", line 702, in assertTrue
    raise self.failureException(msg)
AssertionError: False is not true : Timed out waiting for 172.24.4.4 to become reachable



        </pre>
    </div>
    <!--css div popup end-->

    </td>
</tr>

<tr id='ft1.2' class='none'>
    <td class='failCase'><div class='testcase'>test_server_connectivity_reboot[compute,id-7b6860c2-afa3-4846-9522-adeb38dfbe08,network]</div></td>
    <td colspan='7' align='left'>

    <!--css div popup start-->
    <a class="popup_link" onfocus='this.blur();'
    href="javascript:showTestDetail('div_ft1.2')" >
        fail</a>

    <div id='div_ft1.2' class="popup_window">
        <div style='text-align: right; color:red;cursor:pointer'>
        <a onfocus='this.blur();'
onclick="document.getElementById('div_ft1.2').style.display = 'none' " >
           [x]</a>
        </div>
        <pre>
        
ft1.2: tempest.scenario.test_network_advanced_server_ops.TestNetworkAdvancedServerOps.test_server_connectivity_reboot[compute,id-7b6860c2-afa3-4846-9522-adeb38dfbe08,network]_StringException: Empty attachments:
  stderr
  stdout

pythonlogging:'': {{{
2015-12-18 16:04:54,628 20450 INFO     [tempest_lib.common.rest_client] Request (TestNetworkAdvancedServerOps:test_server_connectivity_reboot): 200 POST http://10.0.2.15:8774/v2.1/2cdc9ef83f5d41da82ac77716d14763b/os-keypairs 0.254s
