<?xml version="1.0" encoding="UTF-8"?>
<!DOCTYPE html PUBLIC "-//W3C//DTD XHTML 1.0 Strict//EN"
     "http://www.w3.org/TR/xhtml1/DTD/xhtml1-strict.dtd">
<html xmlns="http://www.w3.org/1999/xhtml">
<head>
    <title>Unit Test Report</title>
    <meta name="generator" content="subunit2html 0.1"/>
    <meta http-equiv="Content-Type" content="text/html; charset=UTF-8"/>
    
<style type="text/css" media="screen">
body        { font-family: verdana, arial, helvetica, sans-serif;
    font-size: 80%; }
table       { font-size: 100%; width: 100%;}
pre         { font-size: 80%; }

/* -- heading -------------------------------------------------------------- */
h1 {
        font-size: 16pt;
        color: gray;
}
.heading {
    margin-top: 0ex;
    margin-bottom: 1ex;
}

.heading .attribute {
    margin-top: 1ex;
    margin-bottom: 0;
}

.heading .description {
    margin-top: 4ex;
    margin-bottom: 6ex;
}

/* -- css div popup -------------------------------------------------------- */
a.popup_link {
}

a.popup_link:hover {
    color: red;
}

.popup_window {
    display: none;
    overflow-x: scroll;
    /*border: solid #627173 1px; */
    padding: 10px;
    background-color: #E6E6D6;
    font-family: "Ubuntu Mono", "Lucida Console", "Courier New", monospace;
    text-align: left;
    font-size: 8pt;
}

}
/* -- report --------------------------------------------------------------- */
#show_detail_line {
    margin-top: 3ex;
    margin-bottom: 1ex;
}
#result_table {
    width: 100%;
    border-collapse: collapse;
    border: 1px solid #777;
}
#header_row {
    font-weight: bold;
    color: white;
    background-color: #777;
}
#result_table td {
    border: 1px solid #777;
    padding: 2px;
}
#total_row  { font-weight: bold; }
.passClass  { background-color: #6c6; }
.failClass  { background-color: #c60; }
.errorClass { background-color: #c00; }
.passCase   { color: #6c6; }
.failCase   { color: #c60; font-weight: bold; }
.errorCase  { color: #c00; font-weight: bold; }
.hiddenRow  { display: none; }
.testcase   { margin-left: 2em; }
td.testname {width: 40%}
td.small {width: 40px}

/* -- ending --------------------------------------------------------------- */
#ending {
}

</style>

</head>
<body>
<script language="javascript" type="text/javascript"><!--
output_list = Array();

/* level - 0:Summary; 1:Failed; 2:All */
function showCase(level) {
    trs = document.getElementsByTagName("tr");
    for (var i = 0; i < trs.length; i++) {
        tr = trs[i];
        id = tr.id;
        if (id.substr(0,2) == 'ft') {
            if (level < 1) {
                tr.className = 'hiddenRow';
            }
            else {
                tr.className = '';
            }
        }
        if (id.substr(0,2) == 'pt') {
            if (level > 1) {
                tr.className = '';
            }
            else {
                tr.className = 'hiddenRow';
            }
        }
    }
}


function showClassDetail(cid, count) {
    var id_list = Array(count);
    var toHide = 1;
    for (var i = 0; i < count; i++) {
        tid0 = 't' + cid.substr(1) + '.' + (i+1);
        tid = 'f' + tid0;
        tr = document.getElementById(tid);
        if (!tr) {
            tid = 'p' + tid0;
            tr = document.getElementById(tid);
        }
        id_list[i] = tid;
        if (tr.className) {
            toHide = 0;
        }
    }
    for (var i = 0; i < count; i++) {
        tid = id_list[i];
        if (toHide) {
            document.getElementById('div_'+tid).style.display = 'none'
            document.getElementById(tid).className = 'hiddenRow';
        }
        else {
            document.getElementById(tid).className = '';
        }
    }
}


function showTestDetail(div_id){
    var details_div = document.getElementById(div_id)
    var displayState = details_div.style.display
    // alert(displayState)
    if (displayState != 'block' ) {
        displayState = 'block'
        details_div.style.display = 'block'
    }
    else {
        details_div.style.display = 'none'
    }
}


function html_escape(s) {
    s = s.replace(/&/g,'&amp;');
    s = s.replace(/</g,'&lt;');
    s = s.replace(/>/g,'&gt;');
    return s;
}

/* obsoleted by detail in <div>
function showOutput(id, name) {
    var w = window.open("", //url
                    name,
                    "resizable,scrollbars,status,width=800,height=450");
    d = w.document;
    d.write("<pre>");
    d.write(html_escape(output_list[id]));
    d.write("\n");
    d.write("<a href='javascript:window.close()'>close</a>\n");
    d.write("</pre>\n");
    d.close();
}
*/
--></script>

<div class='heading'>
<h1>Unit Test Report</h1>

<p class='attribute'><strong>Status:</strong> Failure 6</p>

<p class='description'></p>
</div>



<p id='show_detail_line'>Show
<a href='javascript:showCase(0)'>Summary</a>
<a href='javascript:showCase(1)'>Failed</a>
<a href='javascript:showCase(2)'>All</a>
</p>
<table id='result_table'>
<colgroup>
<col align='left' />
<col align='right' />
<col align='right' />
<col align='right' />
<col align='right' />
<col align='right' />
<col align='right' />
<col align='right' />
</colgroup>
<tr id='header_row'>
    <td>Test Group/Test case</td>
    <td>Count</td>
    <td>Pass</td>
    <td>Fail</td>
    <td>Error</td>
    <td>Skip</td>
    <td>View</td>
    <td> </td>
</tr>

<tr class='failClass'>
    <td class="testname">tempest.scenario.test_network_advanced_server_ops.TestNetworkAdvancedServerOps</td>
    <td class="small">6</td>
    <td class="small">0</td>
    <td class="small">6</td>
    <td class="small">0</td>
    <td class="small">0</td>
    <td class="small"><a href="javascript:showClassDetail('c1',6)"
>Detail</a></td>
    <td> </td>
</tr>

<tr id='ft1.1' class='none'>
    <td class='failCase'><div class='testcase'>test_server_connectivity_pause_unpause[compute,id-2b2642db-6568-4b35-b812-eceed3fa20ce,network]</div></td>
    <td colspan='7' align='left'>

    <!--css div popup start-->
    <a class="popup_link" onfocus='this.blur();'
    href="javascript:showTestDetail('div_ft1.1')" >
        fail</a>

    <div id='div_ft1.1' class="popup_window">
        <div style='text-align: right; color:red;cursor:pointer'>
        <a onfocus='this.blur();'
onclick="document.getElementById('div_ft1.1').style.display = 'none' " >
           [x]</a>
        </div>
        <pre>
        
ft1.1: tempest.scenario.test_network_advanced_server_ops.TestNetworkAdvancedServerOps.test_server_connectivity_pause_unpause[compute,id-2b2642db-6568-4b35-b812-eceed3fa20ce,network]_StringException: Empty attachments:
  stderr
  stdout

pythonlogging:'': {{{
2015-12-18 01:56:51,906 20431 INFO     [tempest_lib.common.rest_client] Request (TestNetworkAdvancedServerOps:test_server_connectivity_pause_unpause): 200 POST http://10.0.2.15:8774/v2.1/3ab33b2e25fb44d2a21e1c03a353fe11/os-keypairs 0.518s
2015-12-18 01:56:51,907 20431 DEBUG    [tempest_lib.common.rest_client] Request - Headers: {'Content-Type': 'application/json', 'Accept': 'application/json', 'X-Auth-Token': '&lt;omitted&gt;'}
        Body: {"keypair": {"name": "tempest-TestNetworkAdvancedServerOps-494962606"}}
    Response - Headers: {'status': '200', 'content-length': '2329', 'x-compute-request-id': 'req-9b3ddb68-e3d1-473a-b8ba-40a5f8c77892', 'vary': 'X-OpenStack-Nova-API-Version', 'connection': 'close', 'x-openstack-nova-api-version': '2.1', 'date': 'Fri, 18 Dec 2015 01:56:51 GMT', 'content-type': 'application/json'}
        Body: {"keypair": {"public_key": "ssh-rsa AAAAB3NzaC1yc2EAAAADAQABAAABAQCwEAKgb+YxUic7n+HXK/Npbj2lg9n4mjHU0HPxE2zjZ2tHmbIiNLnpsseX7Yp4g2gjAOON7EU2fPe5dUaImlEH/jZkL4c0RbvgTpGa1btZ15IUutvxX4091JhTNvT0efJmMeVpQJs2rlCo2iTiBP6IydYt9QE4s7gpYb7qjC/s3wlWmPBnAI0aV4B+Sj9ACrbRCNbiSzBWleqz+kywdeXRvXAEyHhqvAHr0N8HqpGW4YKK25Lq0treTWgN+8Qbnwjx3jYn6NYAU6AJl1PAU6OZIPXe2qiUCTysc7I9/gpGrth1s5jWnYj0zxikouQn8b7OUWm7WoO55f2tJqTvroYL Generated-by-Nova", "private_key": "-----BEGIN RSA PRIVATE KEY-----\nMIIEqAIBAAKCAQEAsBACoG/mMVInO5/h1yvzaW49pYPZ+Jox1NBz8RNs42drR5my\nIjS56bLHl+2KeINoIwDjjexFNnz3uXVGiJpRB/42ZC+HNEW74E6RmtW7WdeSFLrb\n8V+NPdSYUzb09HnyZjHlaUCbNq5QqNok4gT+iMnWLfUBOLO4KWG+6owv7N8JVpjw\nZwCNGleAfko/QAq20QjW4kswVpXqs/pMsHXl0b1wBMh4arwB69DfB6qRluGCituS\n6tLa3k1oDfvEG58I8d42J+jWAFOgCZdTwFOjmSD13tqolAk8rHOyPf4KRq7YdbOY\n1p2I9M8YpKLkJ/G+zlFpu1qDueX9rSak766GCwIDAQABAoIBAQCQ5kxTIGUSOGvD\nnZ0wCqMFJU6lFvPgr37NiFWzleoq6eWYAv1hO4W6uYGdH0m0T2n4TPX6yvZXltgG\nkWdga6i+7FB1ecxLkAzE2cTp6neLxGgcmYEEkUBcH8jRy8wkHO0LgIsvaZWUljga\nD5cFUVju2TZlklvT/81UeXa38HJM/hByQyz2+V3S7O0oq2z65uKfj+SUnRFscsjy\nEqty0asNSewDBMOqo/5fd64j6azCHv1t5sxDYE93MikMtWBL+fSgRb4QhOkaLnaU\nJ0D+Hkk85aCML8DPt4QT/+rSbTG6jKnhDqKhCi80nD6LoB78AQX8saS+z/Dhhx/q\nRfE2UGEhAoIAgQDFBAVO5a1K4xM+5RWfOFaHTemsGj/XH7USw9FwvBplPs2VmcG0\nHn3SVL10fuYU3gNtDY7+IZWPkwcvCKkrYh7qcUKEFCj6cLiqJduZE9WlI2Ytuc96\njkV1HnKs60PjXo/Gix1qofgXkC5oSZegY3z/cSgpkCrZGVQBFNx+zm+n0QKCAIEA\n5MYQnkggUpMt8sYxWNusW0LiF2GH+KnCzqQOC4T3awfj3Nf84IWi8waDccT+chAe\nmiwTM+Fo1R0y/8gDUJHsv8U0Uyez8kCiUYEKPc6UH8rIl2ROLaGPTj38i8AXP95d\nq94ySEYUibRZSjYr9+qik97P7al3l9My418Lo15iYxsCggCAWNtFYZ4pGFtt9LHx\nnIwWSpQTTfHQ1T+RtVLoBUZxSTSYGF7uhEQ0T0a04/PP5Z10Qh0ZXvjasZSIaugn\nFE/+zZIjg9pr2Pg58VN9xX6ynvZmQT1KnGXKYdZHtkGtrsCZa9yWed9vO4FlzNdU\nMZxtZfAtQwGosZ3Ay3QTNoX4yeECggCABnjL845ay7s6K4oLz1W3lIVZ3At4S0KS\nLkJZ212RmkeI3LCHiNp+950RjuBhylxGYVop2OfhjVXcIXxJC7h1GB++ETQoVQwb\nC285GPKFIjkcX5wI0iWl5jK+uD1g6v+hasFIbt78qcCeXgkWSVcr7j75ZuHKblMd\nN21y6NY8tk0CggCAUtg2NizXKkW+dIi1P6lY0z4pD491QkY4D2K2YFIUgQsXUzhv\nDJvMzybVO5rtzC3c/5q8sDK61n21Qg0n1hyfvKUgOdnyyi73QRH4ujVb3oBwb5F/\nbWHuQXqlEKaRNdcvIRQb8H87guRwuhViUIRwK1kpA5blc40Z2E+G2zl3ZoA=\n-----END RSA PRIVATE KEY-----\n", "user_id": "37a3d5a4ed2a46dbaa15d30531df4c74", "name": "tempest-TestNetworkAdvancedServerOps-494962606", "fingerprint": "82:93:6f:a2:58:a9:94:10:70:b2:ef:3f:50:b6:34:fa"}}
2015-12-18 01:56:52,241 20431 INFO     [tempest_lib.common.rest_client] Request (TestNetworkAdvancedServerOps:test_server_connectivity_pause_unpause): 201 POST http://10.0.2.15:9696/v2.0/security-groups 0.329s
2015-12-18 01:56:52,242 20431 DEBUG    [tempest_lib.common.rest_client] Request - Headers: {'Content-Type': 'application/json', 'Accept': 'application/json', 'X-Auth-Token': '&lt;omitted&gt;'}
        Body: {"security_group": {"tenant_id": "3ab33b2e25fb44d2a21e1c03a353fe11", "description": "tempest-secgroup-smoke-1000858925 description", "name": "tempest-secgroup-smoke-1000858925"}}
    Response - Headers: {'status': '201', 'content-length': '888', 'connection': 'close', 'date': 'Fri, 18 Dec 2015 01:56:52 GMT', 'content-type': 'application/json; charset=UTF-8', 'x-openstack-request-id': 'req-1a1d50c5-6197-4b89-ba5e-049bc3a991d2'}
        Body: {"security_group": {"tenant_id": "3ab33b2e25fb44d2a21e1c03a353fe11", "description": "tempest-secgroup-smoke-1000858925 description", "id": "a5cdec1a-ecec-4b77-932a-e2d1a1cad554", "security_group_rules": [{"remote_group_id": null, "direction": "egress", "remote_ip_prefix": null, "protocol": null, "ethertype": "IPv4", "tenant_id": "3ab33b2e25fb44d2a21e1c03a353fe11", "port_range_max": null, "port_range_min": null, "id": "79f620de-6882-43af-9ae9-c0e25677b3bd", "security_group_id": "a5cdec1a-ecec-4b77-932a-e2d1a1cad554"}, {"remote_group_id": null, "direction": "egress", "remote_ip_prefix": null, "protocol": null, "ethertype": "IPv6", "tenant_id": "3ab33b2e25fb44d2a21e1c03a353fe11", "port_range_max": null, "port_range_min": null, "id": "756e82ce-9de0-4e94-b7e6-6716ef269c1a", "security_group_id": "a5cdec1a-ecec-4b77-932a-e2d1a1cad554"}], "name": "tempest-secgroup-smoke-1000858925"}}
2015-12-18 01:56:52,366 20431 INFO     [tempest_lib.common.rest_client] Request (TestNetworkAdvancedServerOps:test_server_connectivity_pause_unpause): 201 POST http://10.0.2.15:9696/v2.0/security-group-rules 0.123s
2015-12-18 01:56:52,367 20431 DEBUG    [tempest_lib.common.rest_client] Request - Headers: {'Content-Type': 'application/json', 'Accept': 'application/json', 'X-Auth-Token': '&lt;omitted&gt;'}
        Body: {"security_group_rule": {"direction": "ingress", "protocol": "tcp", "tenant_id": "3ab33b2e25fb44d2a21e1c03a353fe11", "port_range_max": 22, "security_group_id": "a5cdec1a-ecec-4b77-932a-e2d1a1cad554", "port_range_min": 22}}
    Response - Headers: {'status': '201', 'content-length': '340', 'connection': 'close', 'date': 'Fri, 18 Dec 2015 01:56:52 GMT', 'content-type': 'application/json; charset=UTF-8', 'x-openstack-request-id': 'req-8299fdaf-2910-4271-bb0f-3961e2f47946'}
        Body: {"security_group_rule": {"remote_group_id": null, "direction": "ingress", "remote_ip_prefix": null, "protocol": "tcp", "ethertype": "IPv4", "tenant_id": "3ab33b2e25fb44d2a21e1c03a353fe11", "port_range_max": 22, "port_range_min": 22, "id": "feaeb94c-0109-4105-8ef1-9f6890fda33a", "security_group_id": "a5cdec1a-ecec-4b77-932a-e2d1a1cad554"}}
2015-12-18 01:56:52,484 20431 INFO     [tempest_lib.common.rest_client] Request (TestNetworkAdvancedServerOps:test_server_connectivity_pause_unpause): 201 POST http://10.0.2.15:9696/v2.0/security-group-rules 0.116s
2015-12-18 01:56:52,485 20431 DEBUG    [tempest_lib.common.rest_client] Request - Headers: {'Content-Type': 'application/json', 'Accept': 'application/json', 'X-Auth-Token': '&lt;omitted&gt;'}
        Body: {"security_group_rule": {"direction": "egress", "protocol": "tcp", "tenant_id": "3ab33b2e25fb44d2a21e1c03a353fe11", "port_range_max": 22, "security_group_id": "a5cdec1a-ecec-4b77-932a-e2d1a1cad554", "port_range_min": 22}}
    Response - Headers: {'status': '201', 'content-length': '339', 'connection': 'close', 'date': 'Fri, 18 Dec 2015 01:56:52 GMT', 'content-type': 'application/json; charset=UTF-8', 'x-openstack-request-id': 'req-b10d2d67-ad6c-4c49-8f37-b8863e201873'}
        Body: {"security_group_rule": {"remote_group_id": null, "direction": "egress", "remote_ip_prefix": null, "protocol": "tcp", "ethertype": "IPv4", "tenant_id": "3ab33b2e25fb44d2a21e1c03a353fe11", "port_range_max": 22, "port_range_min": 22, "id": "13bb7204-6898-4ac4-b9e9-29280f83dedc", "security_group_id": "a5cdec1a-ecec-4b77-932a-e2d1a1cad554"}}
2015-12-18 01:56:52,597 20431 INFO     [tempest_lib.common.rest_client] Request (TestNetworkAdvancedServerOps:test_server_connectivity_pause_unpause): 201 POST http://10.0.2.15:9696/v2.0/security-group-rules 0.111s
2015-12-18 01:56:52,597 20431 DEBUG    [tempest_lib.common.rest_client] Request - Headers: {'Content-Type': 'application/json', 'Accept': 'application/json', 'X-Auth-Token': '&lt;omitted&gt;'}
        Body: {"security_group_rule": {"tenant_id": "3ab33b2e25fb44d2a21e1c03a353fe11", "direction": "ingress", "protocol": "icmp", "security_group_id": "a5cdec1a-ecec-4b77-932a-e2d1a1cad554"}}
    Response - Headers: {'status': '201', 'content-length': '345', 'connection': 'close', 'date': 'Fri, 18 Dec 2015 01:56:52 GMT', 'content-type': 'application/json; charset=UTF-8', 'x-openstack-request-id': 'req-2a2319ab-480e-45ef-b473-2fb7ab83bf7b'}
        Body: {"security_group_rule": {"remote_group_id": null, "direction": "ingress", "remote_ip_prefix": null, "protocol": "icmp", "ethertype": "IPv4", "tenant_id": "3ab33b2e25fb44d2a21e1c03a353fe11", "port_range_max": null, "port_range_min": null, "id": "b2766d58-3793-4084-b19b-378ad5c00bec", "security_group_id": "a5cdec1a-ecec-4b77-932a-e2d1a1cad554"}}
2015-12-18 01:56:52,708 20431 INFO     [tempest_lib.common.rest_client] Request (TestNetworkAdvancedServerOps:test_server_connectivity_pause_unpause): 201 POST http://10.0.2.15:9696/v2.0/security-group-rules 0.109s
2015-12-18 01:56:52,708 20431 DEBUG    [tempest_lib.common.rest_client] Request - Headers: {'Content-Type': 'application/json', 'Accept': 'application/json', 'X-Auth-Token': '&lt;omitted&gt;'}
        Body: {"security_group_rule": {"tenant_id": "3ab33b2e25fb44d2a21e1c03a353fe11", "direction": "egress", "protocol": "icmp", "security_group_id": "a5cdec1a-ecec-4b77-932a-e2d1a1cad554"}}
    Response - Headers: {'status': '201', 'content-length': '344', 'connection': 'close', 'date': 'Fri, 18 Dec 2015 01:56:52 GMT', 'content-type': 'application/json; charset=UTF-8', 'x-openstack-request-id': 'req-ad11c130-c3a9-4651-8ed5-e2b0244fe0b6'}
        Body: {"security_group_rule": {"remote_group_id": null, "direction": "egress", "remote_ip_prefix": null, "protocol": "icmp", "ethertype": "IPv4", "tenant_id": "3ab33b2e25fb44d2a21e1c03a353fe11", "port_range_max": null, "port_range_min": null, "id": "2ffbda0d-eaf7-4f63-81cd-0ac2df45cb80", "security_group_id": "a5cdec1a-ecec-4b77-932a-e2d1a1cad554"}}
2015-12-18 01:56:52,824 20431 INFO     [tempest_lib.common.rest_client] Request (TestNetworkAdvancedServerOps:test_server_connectivity_pause_unpause): 201 POST http://10.0.2.15:9696/v2.0/security-group-rules 0.114s
2015-12-18 01:56:52,824 20431 DEBUG    [tempest_lib.common.rest_client] Request - Headers: {'Content-Type': 'application/json', 'Accept': 'application/json', 'X-Auth-Token': '&lt;omitted&gt;'}
        Body: {"security_group_rule": {"tenant_id": "3ab33b2e25fb44d2a21e1c03a353fe11", "direction": "ingress", "security_group_id": "a5cdec1a-ecec-4b77-932a-e2d1a1cad554", "protocol": "icmp", "ethertype": "IPv6"}}
    Response - Headers: {'status': '201', 'content-length': '345', 'connection': 'close', 'date': 'Fri, 18 Dec 2015 01:56:52 GMT', 'content-type': 'application/json; charset=UTF-8', 'x-openstack-request-id': 'req-3048ca14-92ce-4d07-8d7c-51d99415de6e'}
        Body: {"security_group_rule": {"remote_group_id": null, "direction": "ingress", "remote_ip_prefix": null, "protocol": "icmp", "ethertype": "IPv6", "tenant_id": "3ab33b2e25fb44d2a21e1c03a353fe11", "port_range_max": null, "port_range_min": null, "id": "a7cbee5f-7b01-4023-81c8-aef0cc47627d", "security_group_id": "a5cdec1a-ecec-4b77-932a-e2d1a1cad554"}}
2015-12-18 01:56:52,941 20431 INFO     [tempest_lib.common.rest_client] Request (TestNetworkAdvancedServerOps:test_server_connectivity_pause_unpause): 201 POST http://10.0.2.15:9696/v2.0/security-group-rules 0.115s
2015-12-18 01:56:52,942 20431 DEBUG    [tempest_lib.common.rest_client] Request - Headers: {'Content-Type': 'application/json', 'Accept': 'application/json', 'X-Auth-Token': '&lt;omitted&gt;'}
        Body: {"security_group_rule": {"tenant_id": "3ab33b2e25fb44d2a21e1c03a353fe11", "direction": "egress", "security_group_id": "a5cdec1a-ecec-4b77-932a-e2d1a1cad554", "protocol": "icmp", "ethertype": "IPv6"}}
    Response - Headers: {'status': '201', 'content-length': '344', 'connection': 'close', 'date': 'Fri, 18 Dec 2015 01:56:52 GMT', 'content-type': 'application/json; charset=UTF-8', 'x-openstack-request-id': 'req-0c4160ac-2f91-4ce0-97be-55581da5deca'}
        Body: {"security_group_rule": {"remote_group_id": null, "direction": "egress", "remote_ip_prefix": null, "protocol": "icmp", "ethertype": "IPv6", "tenant_id": "3ab33b2e25fb44d2a21e1c03a353fe11", "port_range_max": null, "port_range_min": null, "id": "186e7814-2a0b-4119-bda7-c26174412725", "security_group_id": "a5cdec1a-ecec-4b77-932a-e2d1a1cad554"}}
2015-12-18 01:56:53,076 20431 INFO     [tempest_lib.common.rest_client] Request (TestNetworkAdvancedServerOps:test_server_connectivity_pause_unpause): 201 POST http://10.0.2.15:9696/v2.0/networks 0.132s
2015-12-18 01:56:53,077 20431 DEBUG    [tempest_lib.common.rest_client] Request - Headers: {'Content-Type': 'application/json', 'Accept': 'application/json', 'X-Auth-Token': '&lt;omitted&gt;'}
        Body: {"network": {"tenant_id": "3ab33b2e25fb44d2a21e1c03a353fe11", "name": "tempest-network-smoke--1285378873"}}
    Response - Headers: {'status': '201', 'content-length': '296', 'connection': 'close', 'date': 'Fri, 18 Dec 2015 01:56:53 GMT', 'content-type': 'application/json; charset=UTF-8', 'x-openstack-request-id': 'req-3c67e86f-3820-4e81-9324-997d1a8750e4'}
        Body: {"network": {"status": "ACTIVE", "subnets": [], "name": "tempest-network-smoke--1285378873", "admin_state_up": true, "tenant_id": "3ab33b2e25fb44d2a21e1c03a353fe11", "mtu": 0, "router:external": false, "shared": false, "port_security_enabled": true, "id": "6c9365cd-0eb2-4c80-a988-bf1588bc0ed4"}}
2015-12-18 01:56:53,142 20431 INFO     [tempest_lib.common.rest_client] Request (TestNetworkAdvancedServerOps:test_server_connectivity_pause_unpause): 201 POST http://10.0.2.15:9696/v2.0/routers 0.064s
2015-12-18 01:56:53,142 20431 DEBUG    [tempest_lib.common.rest_client] Request - Headers: {'Content-Type': 'application/json', 'Accept': 'application/json', 'X-Auth-Token': '&lt;omitted&gt;'}
        Body: {"router": {"tenant_id": "3ab33b2e25fb44d2a21e1c03a353fe11", "name": "tempest-router-smoke-1267089343", "admin_state_up": true}}
    Response - Headers: {'status': '201', 'content-length': '239', 'connection': 'close', 'date': 'Fri, 18 Dec 2015 01:56:53 GMT', 'content-type': 'application/json; charset=UTF-8', 'x-openstack-request-id': 'req-1373d338-03ec-4baa-80d8-5604d1a4e22d'}
        Body: {"router": {"status": "ACTIVE", "external_gateway_info": null, "name": "tempest-router-smoke-1267089343", "admin_state_up": true, "tenant_id": "3ab33b2e25fb44d2a21e1c03a353fe11", "routes": [], "id": "50feefc4-d9a9-4b14-9a7a-11a2a6cbe58b"}}
2015-12-18 01:56:53,186 20431 INFO     [tempest_lib.common.rest_client] Request (TestNetworkAdvancedServerOps:test_server_connectivity_pause_unpause): 200 GET http://10.0.2.15:9696/v2.0/routers/50feefc4-d9a9-4b14-9a7a-11a2a6cbe58b 0.043s
2015-12-18 01:56:53,187 20431 DEBUG    [tempest_lib.common.rest_client] Request - Headers: {'Content-Type': 'application/json', 'Accept': 'application/json', 'X-Auth-Token': '&lt;omitted&gt;'}
        Body: None
    Response - Headers: {'status': '200', 'content-length': '239', 'content-location': 'http://10.0.2.15:9696/v2.0/routers/50feefc4-d9a9-4b14-9a7a-11a2a6cbe58b', 'connection': 'close', 'date': 'Fri, 18 Dec 2015 01:56:53 GMT', 'content-type': 'application/json; charset=UTF-8', 'x-openstack-request-id': 'req-b74e8c3b-9264-4409-9afe-726531d67aa0'}
        Body: {"router": {"status": "ACTIVE", "external_gateway_info": null, "name": "tempest-router-smoke-1267089343", "admin_state_up": true, "tenant_id": "3ab33b2e25fb44d2a21e1c03a353fe11", "routes": [], "id": "50feefc4-d9a9-4b14-9a7a-11a2a6cbe58b"}}
2015-12-18 01:56:55,254 20431 INFO     [tempest_lib.common.rest_client] Request (TestNetworkAdvancedServerOps:test_server_connectivity_pause_unpause): 200 PUT http://10.0.2.15:9696/v2.0/routers/50feefc4-d9a9-4b14-9a7a-11a2a6cbe58b 2.067s
2015-12-18 01:56:55,255 20431 DEBUG    [tempest_lib.common.rest_client] Request - Headers: {'Content-Type': 'application/json', 'Accept': 'application/json', 'X-Auth-Token': '&lt;omitted&gt;'}
        Body: {"router": {"external_gateway_info": {"network_id": "85ecdc50-0b2f-4442-b644-621d9a532c9a"}, "name": "tempest-router-smoke-1267089343", "admin_state_up": true}}
    Response - Headers: {'status': '200', 'content-length': '501', 'connection': 'close', 'date': 'Fri, 18 Dec 2015 01:56:55 GMT', 'content-type': 'application/json; charset=UTF-8', 'x-openstack-request-id': 'req-1be369be-4704-444a-859b-a0b768dd9897'}
        Body: {"router": {"status": "ACTIVE", "external_gateway_info": {"network_id": "85ecdc50-0b2f-4442-b644-621d9a532c9a", "enable_snat": true, "external_fixed_ips": [{"subnet_id": "1d6b21fa-5557-4819-ad50-b028c066eba3", "ip_address": "172.24.4.3"}, {"subnet_id": "2051f492-883b-498a-a203-807a6b798ba3", "ip_address": "2001:db8::4"}]}, "name": "tempest-router-smoke-1267089343", "admin_state_up": true, "tenant_id": "3ab33b2e25fb44d2a21e1c03a353fe11", "routes": [], "id": "50feefc4-d9a9-4b14-9a7a-11a2a6cbe58b"}}
2015-12-18 01:56:55,412 20431 INFO     [tempest_lib.common.rest_client] Request (TestNetworkAdvancedServerOps:test_server_connectivity_pause_unpause): 200 GET http://10.0.2.15:9696/v2.0/subnets?tenant_id=3ab33b2e25fb44d2a21e1c03a353fe11&amp;cidr=10.100.0.0%2F28 0.156s
2015-12-18 01:56:55,412 20431 DEBUG    [tempest_lib.common.rest_client] Request - Headers: {'Content-Type': 'application/json', 'Accept': 'application/json', 'X-Auth-Token': '&lt;omitted&gt;'}
        Body: None
    Response - Headers: {'status': '200', 'content-length': '15', 'content-location': 'http://10.0.2.15:9696/v2.0/subnets?tenant_id=3ab33b2e25fb44d2a21e1c03a353fe11&amp;cidr=10.100.0.0%2F28', 'connection': 'close', 'date': 'Fri, 18 Dec 2015 01:56:55 GMT', 'content-type': 'application/json; charset=UTF-8', 'x-openstack-request-id': 'req-d2cdf9e3-bb35-441f-a853-cdc3fc37c372'}
        Body: {"subnets": []}
2015-12-18 01:56:55,652 20431 INFO     [tempest_lib.common.rest_client] Request (TestNetworkAdvancedServerOps:test_server_connectivity_pause_unpause): 201 POST http://10.0.2.15:9696/v2.0/subnets 0.239s
2015-12-18 01:56:55,652 20431 DEBUG    [tempest_lib.common.rest_client] Request - Headers: {'Content-Type': 'application/json', 'Accept': 'application/json', 'X-Auth-Token': '&lt;omitted&gt;'}
        Body: {"subnet": {"ip_version": 4, "tenant_id": "3ab33b2e25fb44d2a21e1c03a353fe11", "cidr": "10.100.0.0/28", "network_id": "6c9365cd-0eb2-4c80-a988-bf1588bc0ed4", "name": "tempest-subnet-smoke-1561966687"}}
    Response - Headers: {'status': '201', 'content-length': '478', 'connection': 'close', 'date': 'Fri, 18 Dec 2015 01:56:55 GMT', 'content-type': 'application/json; charset=UTF-8', 'x-openstack-request-id': 'req-13aba0f0-1ccb-40b0-a642-54f810e2cb0c'}
        Body: {"subnet": {"name": "tempest-subnet-smoke-1561966687", "enable_dhcp": true, "network_id": "6c9365cd-0eb2-4c80-a988-bf1588bc0ed4", "tenant_id": "3ab33b2e25fb44d2a21e1c03a353fe11", "dns_nameservers": [], "gateway_ip": "10.100.0.1", "ipv6_ra_mode": null, "allocation_pools": [{"start": "10.100.0.2", "end": "10.100.0.14"}], "host_routes": [], "ip_version": 4, "ipv6_address_mode": null, "cidr": "10.100.0.0/28", "id": "9633e1b8-a585-4792-96ca-a958176191c5", "subnetpool_id": null}}
2015-12-18 01:56:56,211 20431 INFO     [tempest_lib.common.rest_client] Request (TestNetworkAdvancedServerOps:test_server_connectivity_pause_unpause): 200 PUT http://10.0.2.15:9696/v2.0/routers/50feefc4-d9a9-4b14-9a7a-11a2a6cbe58b/add_router_interface 0.557s
2015-12-18 01:56:56,211 20431 DEBUG    [tempest_lib.common.rest_client] Request - Headers: {'Content-Type': 'application/json', 'Accept': 'application/json', 'X-Auth-Token': '&lt;omitted&gt;'}
        Body: {"subnet_id": "9633e1b8-a585-4792-96ca-a958176191c5"}
    Response - Headers: {'status': '200', 'content-length': '255', 'connection': 'close', 'date': 'Fri, 18 Dec 2015 01:56:56 GMT', 'content-type': 'application/json; charset=UTF-8', 'x-openstack-request-id': 'req-4089b640-9c89-45ac-9758-792fa9fb56e1'}
        Body: {"subnet_id": "9633e1b8-a585-4792-96ca-a958176191c5", "tenant_id": "3ab33b2e25fb44d2a21e1c03a353fe11", "subnet_ids": ["9633e1b8-a585-4792-96ca-a958176191c5"], "port_id": "2d509046-25de-4b1c-8dc7-c09fc82c2c3d", "id": "50feefc4-d9a9-4b14-9a7a-11a2a6cbe58b"}
2015-12-18 01:56:56,305 20431 INFO     [tempest_lib.common.rest_client] Request (TestNetworkAdvancedServerOps:test_server_connectivity_pause_unpause): 200 POST http://10.0.2.15:5000/v2.0/tokens
2015-12-18 01:56:56,305 20431 DEBUG    [tempest_lib.common.rest_client] Request - Headers: {'Content-Type': 'application/json', 'Accept': 'application/json'}
        Body: &lt;omitted&gt;
    Response - Headers: {'status': '200', 'content-length': '2564', 'vary': 'X-Auth-Token', 'server': 'Apache/2.4.7 (Ubuntu)', 'connection': 'close', 'date': 'Fri, 18 Dec 2015 01:56:56 GMT', 'content-type': 'application/json', 'x-openstack-request-id': 'req-62cb4a8e-fb00-4a9e-8f4c-d1d60c253cad'}
        Body: {"access": {"token": {"issued_at": "2015-12-18T01:56:56.293656", "expires": "2015-12-18T02:56:56Z", "id": "8e1f3ad8b23a4c9da718a0e00809865a", "tenant": {"description": "tempest-TestNetworkAdvancedServerOps-106773667-desc", "enabled": true, "id": "3ab33b2e25fb44d2a21e1c03a353fe11", "name": "tempest-TestNetworkAdvancedServerOps-106773667"}, "audit_ids": ["iTF6_TVIS1KYL69YpvnvgA"]}, "serviceCatalog": [{"endpoints": [{"adminURL": "http://10.0.2.15:8774/v2.1/3ab33b2e25fb44d2a21e1c03a353fe11", "region": "RegionOne", "internalURL": "http://10.0.2.15:8774/v2.1/3ab33b2e25fb44d2a21e1c03a353fe11", "id": "2a527ca252da40bf9869e516e8a114bb", "publicURL": "http://10.0.2.15:8774/v2.1/3ab33b2e25fb44d2a21e1c03a353fe11"}], "endpoints_links": [], "type": "compute", "name": "nova"}, {"endpoints": [{"adminURL": "http://10.0.2.15:9696/", "region": "RegionOne", "internalURL": "http://10.0.2.15:9696/", "id": "0195eb5e09b64b12a4a9c23670c34245", "publicURL": "http://10.0.2.15:9696/"}], "endpoints_links": [], "type": "network", "name": "neutron"}, {"endpoints": [{"adminURL": "http://10.0.2.15:9292", "region": "RegionOne", "internalURL": "http://10.0.2.15:9292", "id": "1068cbac12ec4ef0b2af805a8c0d18f9", "publicURL": "http://10.0.2.15:9292"}], "endpoints_links": [], "type": "image", "name": "glance"}, {"endpoints": [{"adminURL": "http://10.0.2.15:8774/v2/3ab33b2e25fb44d2a21e1c03a353fe11", "region": "RegionOne", "internalURL": "http://10.0.2.15:8774/v2/3ab33b2e25fb44d2a21e1c03a353fe11", "id": "6d85e44fd72845d4a815e1f7ff6f571f", "publicURL": "http://10.0.2.15:8774/v2/3ab33b2e25fb44d2a21e1c03a353fe11"}], "endpoints_links": [], "type": "compute_legacy", "name": "nova_legacy"}, {"endpoints": [{"adminURL": "http://10.0.2.15:8773/", "region": "RegionOne", "internalURL": "http://10.0.2.15:8773/", "id": "7cffdf6beee743a4b52e173d50f8ce8a", "publicURL": "http://10.0.2.15:8773/"}], "endpoints_links": [], "type": "ec2", "name": "ec2"}, {"endpoints": [{"adminURL": "http://10.0.2.15:35357/v2.0", "region": "RegionOne", "internalURL": "http://10.0.2.15:5000/v2.0", "id": "7565c78e0265486db87924ea73d49786", "publicURL": "http://10.0.2.15:5000/v2.0"}], "endpoints_links": [], "type": "identity", "name": "keystone"}], "user": {"username": "tempest-TestNetworkAdvancedServerOps-1267509496", "roles_links": [], "id": "37a3d5a4ed2a46dbaa15d30531df4c74", "roles": [{"name": "_member_"}, {"name": "Member"}], "name": "tempest-TestNetworkAdvancedServerOps-1267509496"}, "metadata": {"is_admin": 0, "roles": ["9fe2ff9ee4384b1894a90878d3e92bab", "e31dc36086224ce6a597d3cfd44e7b53"]}}}
2015-12-18 01:56:56,311 20431 DEBUG    [tempest.common.fixed_network] (TestNetworkAdvancedServerOps:test_server_connectivity_pause_unpause) No valid network provided or created, defaulting to fixed_network_name
2015-12-18 01:56:56,645 20431 INFO     [tempest_lib.common.rest_client] Request (TestNetworkAdvancedServerOps:test_server_connectivity_pause_unpause): 200 GET http://10.0.2.15:8774/v2.1/3ab33b2e25fb44d2a21e1c03a353fe11/os-networks 0.333s
2015-12-18 01:56:56,645 20431 DEBUG    [tempest_lib.common.rest_client] Request - Headers: {'Content-Type': 'application/json', 'Accept': 'application/json', 'X-Auth-Token': '&lt;omitted&gt;'}
        Body: None
    Response - Headers: {'status': '200', 'content-length': '479', 'content-location': 'http://10.0.2.15:8774/v2.1/3ab33b2e25fb44d2a21e1c03a353fe11/os-networks', 'x-compute-request-id': 'req-33673a20-ad9f-491e-93de-d519a3a3d5eb', 'vary': 'X-OpenStack-Nova-API-Version', 'connection': 'close', 'x-openstack-nova-api-version': '2.1', 'date': 'Fri, 18 Dec 2015 01:56:56 GMT', 'content-type': 'application/json'}
        Body: {"networks": [{"cidr_v6": null, "dns2": null, "dns1": null, "gateway": null, "broadcast": null, "netmask": null, "gateway_v6": null, "cidr": null, "label": "public", "id": "85ecdc50-0b2f-4442-b644-621d9a532c9a", "netmask_v6": null}, {"cidr_v6": null, "dns2": null, "dns1": null, "gateway": null, "broadcast": null, "netmask": null, "gateway_v6": null, "cidr": null, "label": "tempest-network-smoke--1285378873", "id": "6c9365cd-0eb2-4c80-a988-bf1588bc0ed4", "netmask_v6": null}]}
2015-12-18 01:56:56,647 20431 WARNING  [tempest.common.fixed_network] (TestNetworkAdvancedServerOps:test_server_connectivity_pause_unpause) Network with name: private not found
2015-12-18 01:56:56,648 20431 INFO     [tempest.common.fixed_network] (TestNetworkAdvancedServerOps:test_server_connectivity_pause_unpause) Found network {} available for tenant
2015-12-18 01:56:57,908 20431 INFO     [tempest_lib.common.rest_client] Request (TestNetworkAdvancedServerOps:test_server_connectivity_pause_unpause): 202 POST http://10.0.2.15:8774/v2.1/3ab33b2e25fb44d2a21e1c03a353fe11/servers 1.259s
2015-12-18 01:56:57,908 20431 DEBUG    [tempest_lib.common.rest_client] Request - Headers: {'Content-Type': 'application/json', 'Accept': 'application/json', 'X-Auth-Token': '&lt;omitted&gt;'}
        Body: {"server": {"name": "tempest.common.compute-instance-795063407", "imageRef": "74aa4cb3-395c-44bb-a842-a5ec6f0ba004", "key_name": "tempest-TestNetworkAdvancedServerOps-494962606", "flavorRef": "42", "networks": [{"uuid": "6c9365cd-0eb2-4c80-a988-bf1588bc0ed4"}], "security_groups": [{"name": "tempest-secgroup-smoke-1000858925"}]}}
    Response - Headers: {'status': '202', 'content-length': '462', 'x-compute-request-id': 'req-9c3fbed3-69c2-4e51-b86c-59c4676cbda8', 'vary': 'X-OpenStack-Nova-API-Version', 'connection': 'close', 'location': 'http://10.0.2.15:8774/v2.1/3ab33b2e25fb44d2a21e1c03a353fe11/servers/b69a5cc5-7d84-4cc6-8579-dbfd99ac9ee2', 'x-openstack-nova-api-version': '2.1', 'date': 'Fri, 18 Dec 2015 01:56:57 GMT', 'content-type': 'application/json'}
        Body: {"server": {"security_groups": [{"name": "tempest-secgroup-smoke-1000858925"}], "OS-DCF:diskConfig": "MANUAL", "id": "b69a5cc5-7d84-4cc6-8579-dbfd99ac9ee2", "links": [{"href": "http://10.0.2.15:8774/v2.1/3ab33b2e25fb44d2a21e1c03a353fe11/servers/b69a5cc5-7d84-4cc6-8579-dbfd99ac9ee2", "rel": "self"}, {"href": "http://10.0.2.15:8774/3ab33b2e25fb44d2a21e1c03a353fe11/servers/b69a5cc5-7d84-4cc6-8579-dbfd99ac9ee2", "rel": "bookmark"}], "adminPass": "xrbU6HaTaiqY"}}
2015-12-18 01:56:58,056 20431 INFO     [tempest_lib.common.rest_client] Request (TestNetworkAdvancedServerOps:test_server_connectivity_pause_unpause): 200 GET http://10.0.2.15:8774/v2.1/3ab33b2e25fb44d2a21e1c03a353fe11/servers/b69a5cc5-7d84-4cc6-8579-dbfd99ac9ee2 0.145s
2015-12-18 01:56:58,057 20431 DEBUG    [tempest_lib.common.rest_client] Request - Headers: {'Content-Type': 'application/json', 'Accept': 'application/json', 'X-Auth-Token': '&lt;omitted&gt;'}
        Body: None
    Response - Headers: {'status': '200', 'content-length': '1363', 'content-location': 'http://10.0.2.15:8774/v2.1/3ab33b2e25fb44d2a21e1c03a353fe11/servers/b69a5cc5-7d84-4cc6-8579-dbfd99ac9ee2', 'x-compute-request-id': 'req-92853f35-6264-4ca0-89c8-9f65c4c322b3', 'vary': 'X-OpenStack-Nova-API-Version', 'connection': 'close', 'x-openstack-nova-api-version': '2.1', 'date': 'Fri, 18 Dec 2015 01:56:58 GMT', 'content-type': 'application/json'}
        Body: {"server": {"status": "BUILD", "updated": "2015-12-18T01:56:58Z", "hostId": "", "addresses": {}, "links": [{"href": "http://10.0.2.15:8774/v2.1/3ab33b2e25fb44d2a21e1c03a353fe11/servers/b69a5cc5-7d84-4cc6-8579-dbfd99ac9ee2", "rel": "self"}, {"href": "http://10.0.2.15:8774/3ab33b2e25fb44d2a21e1c03a353fe11/servers/b69a5cc5-7d84-4cc6-8579-dbfd99ac9ee2", "rel": "bookmark"}], "key_name": "tempest-TestNetworkAdvancedServerOps-494962606", "image": {"id": "74aa4cb3-395c-44bb-a842-a5ec6f0ba004", "links": [{"href": "http://10.0.2.15:8774/3ab33b2e25fb44d2a21e1c03a353fe11/images/74aa4cb3-395c-44bb-a842-a5ec6f0ba004", "rel": "bookmark"}]}, "OS-EXT-STS:task_state": "scheduling", "OS-EXT-STS:vm_state": "building", "OS-SRV-USG:launched_at": null, "flavor": {"id": "42", "links": [{"href": "http://10.0.2.15:8774/3ab33b2e25fb44d2a21e1c03a353fe11/flavors/42", "rel": "bookmark"}]}, "id": "b69a5cc5-7d84-4cc6-8579-dbfd99ac9ee2", "OS-SRV-USG:terminated_at": null, "OS-EXT-AZ:availability_zone": "", "user_id": "37a3d5a4ed2a46dbaa15d30531df4c74", "name": "tempest.common.compute-instance-795063407", "created": "2015-12-18T01:56:57Z", "tenant_id": "3ab33b2e25fb44d2a21e1c03a353fe11", "OS-DCF:diskConfig": "MANUAL", "os-extended-volumes:volumes_attached": [], "accessIPv4": "", "accessIPv6": "", "progress": 0, "OS-EXT-STS:power_state": 0, "config_drive": "", "metadata": {}}}
2015-12-18 01:56:59,284 20431 INFO     [tempest_lib.common.rest_client] Request (TestNetworkAdvancedServerOps:test_server_connectivity_pause_unpause): 200 GET http://10.0.2.15:8774/v2.1/3ab33b2e25fb44d2a21e1c03a353fe11/servers/b69a5cc5-7d84-4cc6-8579-dbfd99ac9ee2 0.216s
2015-12-18 01:56:59,284 20431 DEBUG    [tempest_lib.common.rest_client] Request - Headers: {'Content-Type': 'application/json', 'Accept': 'application/json', 'X-Auth-Token': '&lt;omitted&gt;'}
        Body: None
    Response - Headers: {'status': '200', 'content-length': '1489', 'content-location': 'http://10.0.2.15:8774/v2.1/3ab33b2e25fb44d2a21e1c03a353fe11/servers/b69a5cc5-7d84-4cc6-8579-dbfd99ac9ee2', 'x-compute-request-id': 'req-db9ca39a-e77e-43ec-b0f2-1f58b349c4b0', 'vary': 'X-OpenStack-Nova-API-Version', 'connection': 'close', 'x-openstack-nova-api-version': '2.1', 'date': 'Fri, 18 Dec 2015 01:56:59 GMT', 'content-type': 'application/json'}
        Body: {"server": {"status": "BUILD", "updated": "2015-12-18T01:56:58Z", "hostId": "db50c000af9e857aefdb7fbbe5679619bca7721ce9ce328f50b5ad77", "addresses": {}, "links": [{"href": "http://10.0.2.15:8774/v2.1/3ab33b2e25fb44d2a21e1c03a353fe11/servers/b69a5cc5-7d84-4cc6-8579-dbfd99ac9ee2", "rel": "self"}, {"href": "http://10.0.2.15:8774/3ab33b2e25fb44d2a21e1c03a353fe11/servers/b69a5cc5-7d84-4cc6-8579-dbfd99ac9ee2", "rel": "bookmark"}], "key_name": "tempest-TestNetworkAdvancedServerOps-494962606", "image": {"id": "74aa4cb3-395c-44bb-a842-a5ec6f0ba004", "links": [{"href": "http://10.0.2.15:8774/3ab33b2e25fb44d2a21e1c03a353fe11/images/74aa4cb3-395c-44bb-a842-a5ec6f0ba004", "rel": "bookmark"}]}, "OS-EXT-STS:task_state": "spawning", "OS-EXT-STS:vm_state": "building", "OS-SRV-USG:launched_at": null, "flavor": {"id": "42", "links": [{"href": "http://10.0.2.15:8774/3ab33b2e25fb44d2a21e1c03a353fe11/flavors/42", "rel": "bookmark"}]}, "id": "b69a5cc5-7d84-4cc6-8579-dbfd99ac9ee2", "security_groups": [{"name": "tempest-secgroup-smoke-1000858925"}], "OS-SRV-USG:terminated_at": null, "OS-EXT-AZ:availability_zone": "nova", "user_id": "37a3d5a4ed2a46dbaa15d30531df4c74", "name": "tempest.common.compute-instance-795063407", "created": "2015-12-18T01:56:57Z", "tenant_id": "3ab33b2e25fb44d2a21e1c03a353fe11", "OS-DCF:diskConfig": "MANUAL", "os-extended-volumes:volumes_attached": [], "accessIPv4": "", "accessIPv6": "", "progress": 0, "OS-EXT-STS:power_state": 0, "config_drive": "", "metadata": {}}}
2015-12-18 01:56:59,292 20431 INFO     [tempest.common.waiters] State transition "BUILD/scheduling" ==&gt; "BUILD/spawning" after 1 second wait
2015-12-18 01:57:00,505 20431 INFO     [tempest_lib.common.rest_client] Request (TestNetworkAdvancedServerOps:test_server_connectivity_pause_unpause): 200 GET http://10.0.2.15:8774/v2.1/3ab33b2e25fb44d2a21e1c03a353fe11/servers/b69a5cc5-7d84-4cc6-8579-dbfd99ac9ee2 0.211s
2015-12-18 01:57:00,505 20431 DEBUG    [tempest_lib.common.rest_client] Request - Headers: {'Content-Type': 'application/json', 'Accept': 'application/json', 'X-Auth-Token': '&lt;omitted&gt;'}
        Body: None
    Response - Headers: {'status': '200', 'content-length': '1489', 'content-location': 'http://10.0.2.15:8774/v2.1/3ab33b2e25fb44d2a21e1c03a353fe11/servers/b69a5cc5-7d84-4cc6-8579-dbfd99ac9ee2', 'x-compute-request-id': 'req-6e26f315-f999-4979-a43c-2f3d15e51db7', 'vary': 'X-OpenStack-Nova-API-Version', 'connection': 'close', 'x-openstack-nova-api-version': '2.1', 'date': 'Fri, 18 Dec 2015 01:57:00 GMT', 'content-type': 'application/json'}
        Body: {"server": {"status": "BUILD", "updated": "2015-12-18T01:56:58Z", "hostId": "db50c000af9e857aefdb7fbbe5679619bca7721ce9ce328f50b5ad77", "addresses": {}, "links": [{"href": "http://10.0.2.15:8774/v2.1/3ab33b2e25fb44d2a21e1c03a353fe11/servers/b69a5cc5-7d84-4cc6-8579-dbfd99ac9ee2", "rel": "self"}, {"href": "http://10.0.2.15:8774/3ab33b2e25fb44d2a21e1c03a353fe11/servers/b69a5cc5-7d84-4cc6-8579-dbfd99ac9ee2", "rel": "bookmark"}], "key_name": "tempest-TestNetworkAdvancedServerOps-494962606", "image": {"id": "74aa4cb3-395c-44bb-a842-a5ec6f0ba004", "links": [{"href": "http://10.0.2.15:8774/3ab33b2e25fb44d2a21e1c03a353fe11/images/74aa4cb3-395c-44bb-a842-a5ec6f0ba004", "rel": "bookmark"}]}, "OS-EXT-STS:task_state": "spawning", "OS-EXT-STS:vm_state": "building", "OS-SRV-USG:launched_at": null, "flavor": {"id": "42", "links": [{"href": "http://10.0.2.15:8774/3ab33b2e25fb44d2a21e1c03a353fe11/flavors/42", "rel": "bookmark"}]}, "id": "b69a5cc5-7d84-4cc6-8579-dbfd99ac9ee2", "security_groups": [{"name": "tempest-secgroup-smoke-1000858925"}], "OS-SRV-USG:terminated_at": null, "OS-EXT-AZ:availability_zone": "nova", "user_id": "37a3d5a4ed2a46dbaa15d30531df4c74", "name": "tempest.common.compute-instance-795063407", "created": "2015-12-18T01:56:57Z", "tenant_id": "3ab33b2e25fb44d2a21e1c03a353fe11", "OS-DCF:diskConfig": "MANUAL", "os-extended-volumes:volumes_attached": [], "accessIPv4": "", "accessIPv6": "", "progress": 0, "OS-EXT-STS:power_state": 0, "config_drive": "", "metadata": {}}}
2015-12-18 01:57:01,696 20431 INFO     [tempest_lib.common.rest_client] Request (TestNetworkAdvancedServerOps:test_server_connectivity_pause_unpause): 200 GET http://10.0.2.15:8774/v2.1/3ab33b2e25fb44d2a21e1c03a353fe11/servers/b69a5cc5-7d84-4cc6-8579-dbfd99ac9ee2 0.180s
2015-12-18 01:57:01,697 20431 DEBUG    [tempest_lib.common.rest_client] Request - Headers: {'Content-Type': 'application/json', 'Accept': 'application/json', 'X-Auth-Token': '&lt;omitted&gt;'}
        Body: None
    Response - Headers: {'status': '200', 'content-length': '1661', 'content-location': 'http://10.0.2.15:8774/v2.1/3ab33b2e25fb44d2a21e1c03a353fe11/servers/b69a5cc5-7d84-4cc6-8579-dbfd99ac9ee2', 'x-compute-request-id': 'req-dec9bd74-a9bb-424a-a457-83a202c68884', 'vary': 'X-OpenStack-Nova-API-Version', 'connection': 'close', 'x-openstack-nova-api-version': '2.1', 'date': 'Fri, 18 Dec 2015 01:57:01 GMT', 'content-type': 'application/json'}
        Body: {"server": {"status": "ACTIVE", "updated": "2015-12-18T01:57:01Z", "hostId": "db50c000af9e857aefdb7fbbe5679619bca7721ce9ce328f50b5ad77", "addresses": {"tempest-network-smoke--1285378873": [{"OS-EXT-IPS-MAC:mac_addr": "fa:16:3e:38:59:f6", "version": 4, "addr": "10.100.0.3", "OS-EXT-IPS:type": "fixed"}]}, "links": [{"href": "http://10.0.2.15:8774/v2.1/3ab33b2e25fb44d2a21e1c03a353fe11/servers/b69a5cc5-7d84-4cc6-8579-dbfd99ac9ee2", "rel": "self"}, {"href": "http://10.0.2.15:8774/3ab33b2e25fb44d2a21e1c03a353fe11/servers/b69a5cc5-7d84-4cc6-8579-dbfd99ac9ee2", "rel": "bookmark"}], "key_name": "tempest-TestNetworkAdvancedServerOps-494962606", "image": {"id": "74aa4cb3-395c-44bb-a842-a5ec6f0ba004", "links": [{"href": "http://10.0.2.15:8774/3ab33b2e25fb44d2a21e1c03a353fe11/images/74aa4cb3-395c-44bb-a842-a5ec6f0ba004", "rel": "bookmark"}]}, "OS-EXT-STS:task_state": null, "OS-EXT-STS:vm_state": "active", "OS-SRV-USG:launched_at": "2015-12-18T01:57:01.000000", "flavor": {"id": "42", "links": [{"href": "http://10.0.2.15:8774/3ab33b2e25fb44d2a21e1c03a353fe11/flavors/42", "rel": "bookmark"}]}, "id": "b69a5cc5-7d84-4cc6-8579-dbfd99ac9ee2", "security_groups": [{"name": "tempest-secgroup-smoke-1000858925"}], "OS-SRV-USG:terminated_at": null, "OS-EXT-AZ:availability_zone": "nova", "user_id": "37a3d5a4ed2a46dbaa15d30531df4c74", "name": "tempest.common.compute-instance-795063407", "created": "2015-12-18T01:56:57Z", "tenant_id": "3ab33b2e25fb44d2a21e1c03a353fe11", "OS-DCF:diskConfig": "MANUAL", "os-extended-volumes:volumes_attached": [], "accessIPv4": "", "accessIPv6": "", "progress": 0, "OS-EXT-STS:power_state": 1, "config_drive": "True", "metadata": {}}}
2015-12-18 01:57:01,705 20431 INFO     [tempest.common.waiters] State transition "BUILD/spawning" ==&gt; "ACTIVE/None" after 3 second wait
2015-12-18 01:57:01,881 20431 INFO     [tempest_lib.common.rest_client] Request (TestNetworkAdvancedServerOps:test_server_connectivity_pause_unpause): 200 GET http://10.0.2.15:8774/v2.1/3ab33b2e25fb44d2a21e1c03a353fe11/servers/b69a5cc5-7d84-4cc6-8579-dbfd99ac9ee2 0.175s
2015-12-18 01:57:01,881 20431 DEBUG    [tempest_lib.common.rest_client] Request - Headers: {'Content-Type': 'application/json', 'Accept': 'application/json', 'X-Auth-Token': '&lt;omitted&gt;'}
        Body: None
    Response - Headers: {'status': '200', 'content-length': '1661', 'content-location': 'http://10.0.2.15:8774/v2.1/3ab33b2e25fb44d2a21e1c03a353fe11/servers/b69a5cc5-7d84-4cc6-8579-dbfd99ac9ee2', 'x-compute-request-id': 'req-24a2420c-355c-4489-aec9-6a8895d917bf', 'vary': 'X-OpenStack-Nova-API-Version', 'connection': 'close', 'x-openstack-nova-api-version': '2.1', 'date': 'Fri, 18 Dec 2015 01:57:01 GMT', 'content-type': 'application/json'}
        Body: {"server": {"status": "ACTIVE", "updated": "2015-12-18T01:57:01Z", "hostId": "db50c000af9e857aefdb7fbbe5679619bca7721ce9ce328f50b5ad77", "addresses": {"tempest-network-smoke--1285378873": [{"OS-EXT-IPS-MAC:mac_addr": "fa:16:3e:38:59:f6", "version": 4, "addr": "10.100.0.3", "OS-EXT-IPS:type": "fixed"}]}, "links": [{"href": "http://10.0.2.15:8774/v2.1/3ab33b2e25fb44d2a21e1c03a353fe11/servers/b69a5cc5-7d84-4cc6-8579-dbfd99ac9ee2", "rel": "self"}, {"href": "http://10.0.2.15:8774/3ab33b2e25fb44d2a21e1c03a353fe11/servers/b69a5cc5-7d84-4cc6-8579-dbfd99ac9ee2", "rel": "bookmark"}], "key_name": "tempest-TestNetworkAdvancedServerOps-494962606", "image": {"id": "74aa4cb3-395c-44bb-a842-a5ec6f0ba004", "links": [{"href": "http://10.0.2.15:8774/3ab33b2e25fb44d2a21e1c03a353fe11/images/74aa4cb3-395c-44bb-a842-a5ec6f0ba004", "rel": "bookmark"}]}, "OS-EXT-STS:task_state": null, "OS-EXT-STS:vm_state": "active", "OS-SRV-USG:launched_at": "2015-12-18T01:57:01.000000", "flavor": {"id": "42", "links": [{"href": "http://10.0.2.15:8774/3ab33b2e25fb44d2a21e1c03a353fe11/flavors/42", "rel": "bookmark"}]}, "id": "b69a5cc5-7d84-4cc6-8579-dbfd99ac9ee2", "security_groups": [{"name": "tempest-secgroup-smoke-1000858925"}], "OS-SRV-USG:terminated_at": null, "OS-EXT-AZ:availability_zone": "nova", "user_id": "37a3d5a4ed2a46dbaa15d30531df4c74", "name": "tempest.common.compute-instance-795063407", "created": "2015-12-18T01:56:57Z", "tenant_id": "3ab33b2e25fb44d2a21e1c03a353fe11", "OS-DCF:diskConfig": "MANUAL", "os-extended-volumes:volumes_attached": [], "accessIPv4": "", "accessIPv6": "", "progress": 0, "OS-EXT-STS:power_state": 1, "config_drive": "True", "metadata": {}}}
2015-12-18 01:57:01,922 20431 INFO     [tempest_lib.common.rest_client] Request (TestNetworkAdvancedServerOps:test_server_connectivity_pause_unpause): 200 GET http://10.0.2.15:9696/v2.0/ports?status=ACTIVE&amp;fixed_ip=None&amp;device_id=b69a5cc5-7d84-4cc6-8579-dbfd99ac9ee2 0.031s
2015-12-18 01:57:01,922 20431 DEBUG    [tempest_lib.common.rest_client] Request - Headers: {'Content-Type': 'application/json', 'Accept': 'application/json', 'X-Auth-Token': '&lt;omitted&gt;'}
        Body: None
    Response - Headers: {'status': '200', 'content-length': '895', 'content-location': 'http://10.0.2.15:9696/v2.0/ports?status=ACTIVE&amp;fixed_ip=None&amp;device_id=b69a5cc5-7d84-4cc6-8579-dbfd99ac9ee2', 'connection': 'close', 'date': 'Fri, 18 Dec 2015 01:57:01 GMT', 'content-type': 'application/json; charset=UTF-8', 'x-openstack-request-id': 'req-a181b0d5-1dc7-458a-bc99-5bdf3ea8f26c'}
        Body: {"ports": [{"status": "ACTIVE", "binding:host_id": "vagrant-ubuntu-trusty-64", "allowed_address_pairs": [], "extra_dhcp_opts": [], "dns_assignment": [{"hostname": "host-10-100-0-3", "ip_address": "10.100.0.3", "fqdn": "host-10-100-0-3.openstacklocal."}], "device_owner": "compute:None", "port_security_enabled": true, "binding:profile": {}, "fixed_ips": [{"subnet_id": "9633e1b8-a585-4792-96ca-a958176191c5", "ip_address": "10.100.0.3"}], "id": "926fb0f6-a54f-4790-99e7-5fd9994ae99e", "security_groups": ["a5cdec1a-ecec-4b77-932a-e2d1a1cad554"], "device_id": "b69a5cc5-7d84-4cc6-8579-dbfd99ac9ee2", "name": "", "admin_state_up": true, "network_id": "6c9365cd-0eb2-4c80-a988-bf1588bc0ed4", "dns_name": "", "binding:vif_details": {"port_filter": true}, "binding:vnic_type": "normal", "binding:vif_type": "ovs", "tenant_id": "3ab33b2e25fb44d2a21e1c03a353fe11", "mac_address": "fa:16:3e:38:59:f6"}]}
2015-12-18 01:57:02,314 20431 INFO     [tempest_lib.common.rest_client] Request (TestNetworkAdvancedServerOps:test_server_connectivity_pause_unpause): 201 POST http://10.0.2.15:9696/v2.0/floatingips 0.392s
2015-12-18 01:57:02,315 20431 DEBUG    [tempest_lib.common.rest_client] Request - Headers: {'Content-Type': 'application/json', 'Accept': 'application/json', 'X-Auth-Token': '&lt;omitted&gt;'}
        Body: {"floatingip": {"floating_network_id": "85ecdc50-0b2f-4442-b644-621d9a532c9a", "tenant_id": "3ab33b2e25fb44d2a21e1c03a353fe11", "fixed_ip_address": "10.100.0.3", "port_id": "926fb0f6-a54f-4790-99e7-5fd9994ae99e"}}
    Response - Headers: {'status': '201', 'content-length': '367', 'connection': 'close', 'date': 'Fri, 18 Dec 2015 01:57:02 GMT', 'content-type': 'application/json; charset=UTF-8', 'x-openstack-request-id': 'req-ecc33fb6-6236-4f81-8389-87914e865932'}
        Body: {"floatingip": {"floating_network_id": "85ecdc50-0b2f-4442-b644-621d9a532c9a", "router_id": "50feefc4-d9a9-4b14-9a7a-11a2a6cbe58b", "fixed_ip_address": "10.100.0.3", "floating_ip_address": "172.24.4.4", "tenant_id": "3ab33b2e25fb44d2a21e1c03a353fe11", "status": "DOWN", "port_id": "926fb0f6-a54f-4790-99e7-5fd9994ae99e", "id": "25c9c4d3-8098-419e-a7ea-a316f898f15b"}}
2015-12-18 01:57:02,524 20431 INFO     [tempest_lib.common.rest_client] Request (TestNetworkAdvancedServerOps:test_server_connectivity_pause_unpause): 200 GET http://10.0.2.15:8774/v2.1/3ab33b2e25fb44d2a21e1c03a353fe11/servers/b69a5cc5-7d84-4cc6-8579-dbfd99ac9ee2 0.208s
2015-12-18 01:57:02,524 20431 DEBUG    [tempest_lib.common.rest_client] Request - Headers: {'Content-Type': 'application/json', 'Accept': 'application/json', 'X-Auth-Token': '&lt;omitted&gt;'}
        Body: None
    Response - Headers: {'status': '200', 'content-length': '1661', 'content-location': 'http://10.0.2.15:8774/v2.1/3ab33b2e25fb44d2a21e1c03a353fe11/servers/b69a5cc5-7d84-4cc6-8579-dbfd99ac9ee2', 'x-compute-request-id': 'req-21da6ba5-b240-4e71-8bce-c0978e08b250', 'vary': 'X-OpenStack-Nova-API-Version', 'connection': 'close', 'x-openstack-nova-api-version': '2.1', 'date': 'Fri, 18 Dec 2015 01:57:02 GMT', 'content-type': 'application/json'}
        Body: {"server": {"status": "ACTIVE", "updated": "2015-12-18T01:57:01Z", "hostId": "db50c000af9e857aefdb7fbbe5679619bca7721ce9ce328f50b5ad77", "addresses": {"tempest-network-smoke--1285378873": [{"OS-EXT-IPS-MAC:mac_addr": "fa:16:3e:38:59:f6", "version": 4, "addr": "10.100.0.3", "OS-EXT-IPS:type": "fixed"}]}, "links": [{"href": "http://10.0.2.15:8774/v2.1/3ab33b2e25fb44d2a21e1c03a353fe11/servers/b69a5cc5-7d84-4cc6-8579-dbfd99ac9ee2", "rel": "self"}, {"href": "http://10.0.2.15:8774/3ab33b2e25fb44d2a21e1c03a353fe11/servers/b69a5cc5-7d84-4cc6-8579-dbfd99ac9ee2", "rel": "bookmark"}], "key_name": "tempest-TestNetworkAdvancedServerOps-494962606", "image": {"id": "74aa4cb3-395c-44bb-a842-a5ec6f0ba004", "links": [{"href": "http://10.0.2.15:8774/3ab33b2e25fb44d2a21e1c03a353fe11/images/74aa4cb3-395c-44bb-a842-a5ec6f0ba004", "rel": "bookmark"}]}, "OS-EXT-STS:task_state": null, "OS-EXT-STS:vm_state": "active", "OS-SRV-USG:launched_at": "2015-12-18T01:57:01.000000", "flavor": {"id": "42", "links": [{"href": "http://10.0.2.15:8774/3ab33b2e25fb44d2a21e1c03a353fe11/flavors/42", "rel": "bookmark"}]}, "id": "b69a5cc5-7d84-4cc6-8579-dbfd99ac9ee2", "security_groups": [{"name": "tempest-secgroup-smoke-1000858925"}], "OS-SRV-USG:terminated_at": null, "OS-EXT-AZ:availability_zone": "nova", "user_id": "37a3d5a4ed2a46dbaa15d30531df4c74", "name": "tempest.common.compute-instance-795063407", "created": "2015-12-18T01:56:57Z", "tenant_id": "3ab33b2e25fb44d2a21e1c03a353fe11", "OS-DCF:diskConfig": "MANUAL", "os-extended-volumes:volumes_attached": [], "accessIPv4": "", "accessIPv6": "", "progress": 0, "OS-EXT-STS:power_state": 1, "config_drive": "True", "metadata": {}}}
2015-12-18 01:57:02,533 20431 INFO     [tempest.scenario.manager] Tenant networks not configured to be reachable.
2015-12-18 01:57:02,545 20431 INFO     [tempest_lib.common.rest_client] Request (TestNetworkAdvancedServerOps:test_server_connectivity_pause_unpause): 200 GET http://10.0.2.15:9696/v2.0/floatingips/25c9c4d3-8098-419e-a7ea-a316f898f15b 0.011s
2015-12-18 01:57:02,545 20431 DEBUG    [tempest_lib.common.rest_client] Request - Headers: {'Content-Type': 'application/json', 'Accept': 'application/json', 'X-Auth-Token': '&lt;omitted&gt;'}
        Body: None
    Response - Headers: {'status': '200', 'content-length': '367', 'content-location': 'http://10.0.2.15:9696/v2.0/floatingips/25c9c4d3-8098-419e-a7ea-a316f898f15b', 'connection': 'close', 'date': 'Fri, 18 Dec 2015 01:57:02 GMT', 'content-type': 'application/json; charset=UTF-8', 'x-openstack-request-id': 'req-3bee020b-d06e-457d-a6b4-16093a06fa65'}
        Body: {"floatingip": {"floating_network_id": "85ecdc50-0b2f-4442-b644-621d9a532c9a", "router_id": "50feefc4-d9a9-4b14-9a7a-11a2a6cbe58b", "fixed_ip_address": "10.100.0.3", "floating_ip_address": "172.24.4.4", "tenant_id": "3ab33b2e25fb44d2a21e1c03a353fe11", "status": "DOWN", "port_id": "926fb0f6-a54f-4790-99e7-5fd9994ae99e", "id": "25c9c4d3-8098-419e-a7ea-a316f898f15b"}}
2015-12-18 01:57:03,560 20431 INFO     [tempest_lib.common.rest_client] Request (TestNetworkAdvancedServerOps:test_server_connectivity_pause_unpause): 200 GET http://10.0.2.15:9696/v2.0/floatingips/25c9c4d3-8098-419e-a7ea-a316f898f15b 0.013s
2015-12-18 01:57:03,561 20431 DEBUG    [tempest_lib.common.rest_client] Request - Headers: {'Content-Type': 'application/json', 'Accept': 'application/json', 'X-Auth-Token': '&lt;omitted&gt;'}
        Body: None
    Response - Headers: {'status': '200', 'content-length': '369', 'content-location': 'http://10.0.2.15:9696/v2.0/floatingips/25c9c4d3-8098-419e-a7ea-a316f898f15b', 'connection': 'close', 'date': 'Fri, 18 Dec 2015 01:57:03 GMT', 'content-type': 'application/json; charset=UTF-8', 'x-openstack-request-id': 'req-d9c2e745-06d8-4f0a-a5ff-3c41712d3d16'}
        Body: {"floatingip": {"floating_network_id": "85ecdc50-0b2f-4442-b644-621d9a532c9a", "router_id": "50feefc4-d9a9-4b14-9a7a-11a2a6cbe58b", "fixed_ip_address": "10.100.0.3", "floating_ip_address": "172.24.4.4", "tenant_id": "3ab33b2e25fb44d2a21e1c03a353fe11", "status": "ACTIVE", "port_id": "926fb0f6-a54f-4790-99e7-5fd9994ae99e", "id": "25c9c4d3-8098-419e-a7ea-a316f898f15b"}}
2015-12-18 01:57:03,562 20431 INFO     [tempest.scenario.manager] FloatingIP: &lt;"FloatingIP" addr="172.24.4.4" id="25c9c4d3-8098-419e-a7ea-a316f898f15b"&gt; is at status: ACTIVE
2015-12-18 01:57:03,562 20431 DEBUG    [tempest.scenario.manager] checking network connections to IP 172.24.4.4 with user: cirros
2015-12-18 01:57:03,562 20431 DEBUG    [tempest.scenario.manager] TestNetworkAdvancedServerOps:test_server_connectivity_pause_unpause begins to ping 172.24.4.4 in 120 sec and the expected result is reachable
2015-12-18 01:59:05,882 20431 DEBUG    [tempest.scenario.manager] TestNetworkAdvancedServerOps:test_server_connectivity_pause_unpause finishes ping 172.24.4.4 in 120 sec and the ping result is unexpected
2015-12-18 01:59:05,883 20431 ERROR    [tempest.scenario.manager] Public network connectivity check failed
2015-12-18 01:59:05.883 20431 ERROR tempest.scenario.manager Traceback (most recent call last):
2015-12-18 01:59:05.883 20431 ERROR tempest.scenario.manager   File "tempest/scenario/manager.py", line 608, in check_public_network_connectivity
2015-12-18 01:59:05.883 20431 ERROR tempest.scenario.manager     should_connect=should_connect)
2015-12-18 01:59:05.883 20431 ERROR tempest.scenario.manager   File "tempest/scenario/manager.py", line 592, in check_vm_connectivity
2015-12-18 01:59:05.883 20431 ERROR tempest.scenario.manager     msg=msg)
2015-12-18 01:59:05.883 20431 ERROR tempest.scenario.manager   File "/usr/local/lib/python2.7/dist-packages/unittest2/case.py", line 702, in assertTrue
2015-12-18 01:59:05.883 20431 ERROR tempest.scenario.manager     raise self.failureException(msg)
2015-12-18 01:59:05.883 20431 ERROR tempest.scenario.manager AssertionError: False is not true : Timed out waiting for 172.24.4.4 to become reachable
2015-12-18 01:59:05.883 20431 ERROR tempest.scenario.manager 
2015-12-18 01:59:06,114 20431 INFO     [tempest_lib.common.rest_client] Request (TestNetworkAdvancedServerOps:test_server_connectivity_pause_unpause): 200 POST http://10.0.2.15:8774/v2.1/3ab33b2e25fb44d2a21e1c03a353fe11/servers/b69a5cc5-7d84-4cc6-8579-dbfd99ac9ee2/action 0.227s
2015-12-18 01:59:06,115 20431 DEBUG    [tempest_lib.common.rest_client] Request - Headers: {'Content-Type': 'application/json', 'Accept': 'application/json', 'X-Auth-Token': '&lt;omitted&gt;'}
        Body: {"os-getConsoleOutput": {}}
    Response - Headers: {'status': '200', 'content-length': '17581', 'x-compute-request-id': 'req-f6e70226-3c4c-45d8-a367-85b703af5401', 'vary': 'X-OpenStack-Nova-API-Version', 'connection': 'close', 'x-openstack-nova-api-version': '2.1', 'date': 'Fri, 18 Dec 2015 01:59:06 GMT', 'content-type': 'application/json'}
        Body: {"output": "[    0.000000] Initializing cgroup subsys cpuset\n[    0.000000] Initializing cgroup subsys cpu\n[    0.000000] Linux version 3.2.0-80-virtual (buildd@batsu) (gcc version 4.6.3 (Ubuntu/Linaro 4.6.3-1ubuntu5) ) #116-Ubuntu SMP Mon Mar 23 17:28:52 UTC 2015 (Ubuntu 3.2.0-80.116-virtual 3.2.68)\n[    0.000000] Command line: root=/dev/vda console=tty0 console=ttyS0 no_timer_check\n[    0.000000] KERNEL supported cpus:\n[    0.000000]   Intel GenuineIntel\n[    0.000000]   AMD AuthenticAMD\n[    0.000000]   Centaur CentaurHauls\n[    0.000000] BIOS-provided physical RAM map:\n[    0.000000]  BIOS-e820: 0000000000000000 - 000000000009fc00 (usable)\n[    0.000000]  BIOS-e820: 000000000009fc00 - 00000000000a0000 (reserved)\n[    0.000000]  BIOS-e820: 00000000000f0000 - 0000000000100000 (reserved)\n[    0.000000]  BIOS-e820: 0000000000100000 - 0000000003ffe000 (usable)\n[    0.000000]  BIOS-e820: 0000000003ffe000 - 0000000004000000 (reserved)\n[    0.000000]  BIOS-e820: 00000000fffc0000 - 0000000100000000 (reserved)\n[    0.000000] NX (Execute Disable) protection: active\n[    0.000000] SMBIOS 2.4 present.\n[    0.000000] No AGP bridge found\n[    0.000000] last_pfn = 0x3ffe max_arch_pfn = 0x400000000\n[    0.000000] x86 PAT enabled: cpu 0, old 0x7040600070406, new 0x7010600070106\n[    0.000000] found SMP MP-table at [ffff8800000f0b00] f0b00\n[    0.000000] init_memory_mapping: 0000000000000000-0000000003ffe000\n[    0.000000] RAMDISK: 03c5e000 - 03ff0000\n[    0.000000] ACPI: RSDP 00000000000f0950 00014 (v00 BOCHS )\n[    0.000000] ACPI: RSDT 0000000003fffbc1 00034 (v01 BOCHS  BXPCRSDT 00000001 BXPC 00000001)\n[    0.000000] ACPI: FACP 0000000003fff1c0 00074 (v01 BOCHS  BXPCFACP 00000001 BXPC 00000001)\n[    0.000000] ACPI: DSDT 0000000003ffe040 01180 (v01 BOCHS  BXPCDSDT 00000001 BXPC 00000001)\n[    0.000000] ACPI: FACS 0000000003ffe000 00040\n[    0.000000] ACPI: SSDT 0000000003fff234 008DD (v01 BOCHS  BXPCSSDT 00000001 BXPC 00000001)\n[    0.000000] ACPI: APIC 0000000003fffb11 00078 (v01 BOCHS  BXPCAPIC 00000001 BXPC 00000001)\n[    0.000000] ACPI: HPET 0000000003fffb89 00038 (v01 BOCHS  BXPCHPET 00000001 BXPC 00000001)\n[    0.000000] No NUMA configuration found\n[    0.000000] Faking a node at 0000000000000000-0000000003ffe000\n[    0.000000] Initmem setup node 0 0000000000000000-0000000003ffe000\n[    0.000000]   NODE_DATA [0000000003ff6000 - 0000000003ffafff]\n[    0.000000] Zone PFN ranges:\n[    0.000000]   DMA      0x00000010 -&gt; 0x00001000\n[    0.000000]   DMA32    0x00001000 -&gt; 0x00100000\n[    0.000000]   Normal   empty\n[    0.000000] Movable zone start PFN for each node\n[    0.000000] early_node_map[2] active PFN ranges\n[    0.000000]     0: 0x00000010 -&gt; 0x0000009f\n[    0.000000]     0: 0x00000100 -&gt; 0x00003ffe\n[    0.000000] ACPI: PM-Timer IO Port: 0xb008\n[    0.000000] ACPI: LAPIC (acpi_id[0x00] lapic_id[0x00] enabled)\n[    0.000000] ACPI: LAPIC_NMI (acpi_id[0xff] dfl dfl lint[0x1])\n[    0.000000] ACPI: IOAPIC (id[0x00] address[0xfec00000] gsi_base[0])\n[    0.000000] IOAPIC[0]: apic_id 0, version 17, address 0xfec00000, GSI 0-23\n[    0.000000] ACPI: INT_SRC_OVR (bus 0 bus_irq 0 global_irq 2 dfl dfl)\n[    0.000000] ACPI: INT_SRC_OVR (bus 0 bus_irq 5 global_irq 5 high level)\n[    0.000000] ACPI: INT_SRC_OVR (bus 0 bus_irq 9 global_irq 9 high level)\n[    0.000000] ACPI: INT_SRC_OVR (bus 0 bus_irq 10 global_irq 10 high level)\n[    0.000000] ACPI: INT_SRC_OVR (bus 0 bus_irq 11 global_irq 11 high level)\n[    0.000000] Using ACPI (MADT) for SMP configuration information\n[    0.000000] ACPI: HPET id: 0x8086a201 base: 0xfed00000\n[    0.000000] SMP: Allowing 1 CPUs, 0 hotplug CPUs\n[    0.000000] PM: Registered nosave memory: 000000000009f000 - 00000000000a0000\n[    0.000000] PM: Registered nosave memory: 00000000000a0000 - 00000000000f0000\n[    0.000000] PM: Registered nosave memory: 00000000000f0000 - 0000000000100000\n[    0.000000] Allocating PCI resources starting at 4000000 (gap: 4000000:fbfc0000)\n[    0.000000] Booting paravirtualized kernel on bare hardware\n[    0.000000] setup_pe
2015-12-18 01:59:06,118 20431 DEBUG    [tempest.scenario.manager] Console output for b69a5cc5-7d84-4cc6-8579-dbfd99ac9ee2
body=
[    0.000000] Initializing cgroup subsys cpuset
[    0.000000] Initializing cgroup subsys cpu
[    0.000000] Linux version 3.2.0-80-virtual (buildd@batsu) (gcc version 4.6.3 (Ubuntu/Linaro 4.6.3-1ubuntu5) ) #116-Ubuntu SMP Mon Mar 23 17:28:52 UTC 2015 (Ubuntu 3.2.0-80.116-virtual 3.2.68)
[    0.000000] Command line: root=/dev/vda console=tty0 console=ttyS0 no_timer_check
[    0.000000] KERNEL supported cpus:
[    0.000000]   Intel GenuineIntel
[    0.000000]   AMD AuthenticAMD
[    0.000000]   Centaur CentaurHauls
[    0.000000] BIOS-provided physical RAM map:
[    0.000000]  BIOS-e820: 0000000000000000 - 000000000009fc00 (usable)
[    0.000000]  BIOS-e820: 000000000009fc00 - 00000000000a0000 (reserved)
[    0.000000]  BIOS-e820: 00000000000f0000 - 0000000000100000 (reserved)
[    0.000000]  BIOS-e820: 0000000000100000 - 0000000003ffe000 (usable)
[    0.000000]  BIOS-e820: 0000000003ffe000 - 0000000004000000 (reserved)
[    0.000000]  BIOS-e820: 00000000fffc0000 - 0000000100000000 (reserved)
[    0.000000] NX (Execute Disable) protection: active
[    0.000000] SMBIOS 2.4 present.
[    0.000000] No AGP bridge found
[    0.000000] last_pfn = 0x3ffe max_arch_pfn = 0x400000000
[    0.000000] x86 PAT enabled: cpu 0, old 0x7040600070406, new 0x7010600070106
[    0.000000] found SMP MP-table at [ffff8800000f0b00] f0b00
[    0.000000] init_memory_mapping: 0000000000000000-0000000003ffe000
[    0.000000] RAMDISK: 03c5e000 - 03ff0000
[    0.000000] ACPI: RSDP 00000000000f0950 00014 (v00 BOCHS )
[    0.000000] ACPI: RSDT 0000000003fffbc1 00034 (v01 BOCHS  BXPCRSDT 00000001 BXPC 00000001)
[    0.000000] ACPI: FACP 0000000003fff1c0 00074 (v01 BOCHS  BXPCFACP 00000001 BXPC 00000001)
[    0.000000] ACPI: DSDT 0000000003ffe040 01180 (v01 BOCHS  BXPCDSDT 00000001 BXPC 00000001)
[    0.000000] ACPI: FACS 0000000003ffe000 00040
[    0.000000] ACPI: SSDT 0000000003fff234 008DD (v01 BOCHS  BXPCSSDT 00000001 BXPC 00000001)
[    0.000000] ACPI: APIC 0000000003fffb11 00078 (v01 BOCHS  BXPCAPIC 00000001 BXPC 00000001)
[    0.000000] ACPI: HPET 0000000003fffb89 00038 (v01 BOCHS  BXPCHPET 00000001 BXPC 00000001)
[    0.000000] No NUMA configuration found
[    0.000000] Faking a node at 0000000000000000-0000000003ffe000
[    0.000000] Initmem setup node 0 0000000000000000-0000000003ffe000
[    0.000000]   NODE_DATA [0000000003ff6000 - 0000000003ffafff]
[    0.000000] Zone PFN ranges:
[    0.000000]   DMA      0x00000010 -&gt; 0x00001000
[    0.000000]   DMA32    0x00001000 -&gt; 0x00100000
[    0.000000]   Normal   empty
[    0.000000] Movable zone start PFN for each node
[    0.000000] early_node_map[2] active PFN ranges
[    0.000000]     0: 0x00000010 -&gt; 0x0000009f
[    0.000000]     0: 0x00000100 -&gt; 0x00003ffe
[    0.000000] ACPI: PM-Timer IO Port: 0xb008
[    0.000000] ACPI: LAPIC (acpi_id[0x00] lapic_id[0x00] enabled)
[    0.000000] ACPI: LAPIC_NMI (acpi_id[0xff] dfl dfl lint[0x1])
[    0.000000] ACPI: IOAPIC (id[0x00] address[0xfec00000] gsi_base[0])
[    0.000000] IOAPIC[0]: apic_id 0, version 17, address 0xfec00000, GSI 0-23
[    0.000000] ACPI: INT_SRC_OVR (bus 0 bus_irq 0 global_irq 2 dfl dfl)
[    0.000000] ACPI: INT_SRC_OVR (bus 0 bus_irq 5 global_irq 5 high level)
[    0.000000] ACPI: INT_SRC_OVR (bus 0 bus_irq 9 global_irq 9 high level)
[    0.000000] ACPI: INT_SRC_OVR (bus 0 bus_irq 10 global_irq 10 high level)
[    0.000000] ACPI: INT_SRC_OVR (bus 0 bus_irq 11 global_irq 11 high level)
[    0.000000] Using ACPI (MADT) for SMP configuration information
[    0.000000] ACPI: HPET id: 0x8086a201 base: 0xfed00000
[    0.000000] SMP: Allowing 1 CPUs, 0 hotplug CPUs
[    0.000000] PM: Registered nosave memory: 000000000009f000 - 00000000000a0000
[    0.000000] PM: Registered nosave memory: 00000000000a0000 - 00000000000f0000
[    0.000000] PM: Registered nosave memory: 00000000000f0000 - 0000000000100000
[    0.000000] Allocating PCI resources starting at 4000000 (gap: 4000000:fbfc0000)
[    0.000000] Booting paravirtualized kernel on bare hardware
[    0.000000] setup_percpu: NR_CPUS:64 nr_cpumask_bits:64 nr_cpu_ids:1 nr_node_ids:1
[    0.000000] PERCPU: Embedded 27 pages/cpu @ffff880003a00000 s78848 r8192 d23552 u2097152
[    0.000000] Built 1 zonelists in Node order, mobility grouping on.  Total pages: 16008
[    0.000000] Policy zone: DMA32
[    0.000000] Kernel command line: root=/dev/vda console=tty0 console=ttyS0 no_timer_check
[    0.000000] PID hash table entries: 256 (order: -1, 2048 bytes)
[    0.000000] Checking aperture...
[    0.000000] No AGP bridge found
[    0.000000] Memory: 43492k/65528k available (6576k kernel code, 452k absent, 21584k reserved, 6620k data, 928k init)
[    0.000000] SLUB: Genslabs=15, HWalign=64, Order=0-3, MinObjects=0, CPUs=1, Nodes=1
[    0.000000] Hierarchical RCU implementation.
[    0.000000] 	RCU dyntick-idle grace-period acceleration is enabled.
[    0.000000] NR_IRQS:4352 nr_irqs:256 16
[    0.000000] Console: colour VGA+ 80x25
[    0.000000] console [tty0] enabled
[    0.000000] console [ttyS0] enabled
[    0.000000] allocated 1048576 bytes of page_cgroup
[    0.000000] please try 'cgroup_disable=memory' option if you don't want memory cgroups
[    0.000000] Fast TSC calibration failed
[    0.000000] TSC: Unable to calibrate against PIT
[    0.000000] TSC: using HPET reference calibration
[    0.000000] Detected 2294.995 MHz processor.
[    0.032908] Calibrating delay loop (skipped), value calculated using timer frequency.. 4589.99 BogoMIPS (lpj=9179980)
[    0.036798] pid_max: default: 32768 minimum: 301
[    0.045805] Security Framework initialized
[    0.050312] AppArmor: AppArmor initialized
[    0.051036] Yama: becoming mindful.
[    0.058216] Dentry cache hash table entries: 8192 (order: 4, 65536 bytes)
[    0.060323] Inode-cache hash table entries: 4096 (order: 3, 32768 bytes)
[    0.061814] Mount-cache hash table entries: 256
[    0.077629] Initializing cgroup subsys cpuacct
[    0.078648] Initializing cgroup subsys memory
[    0.080955] Initializing cgroup subsys devices
[    0.081613] Initializing cgroup subsys freezer
[    0.082462] Initializing cgroup subsys blkio
[    0.083376] Initializing cgroup subsys perf_event
[    0.088938] mce: CPU supports 10 MCE banks
[    0.092710] SMP alternatives: switching to UP code
[    0.463527] Freeing SMP alternatives: 24k freed
[    0.464915] ACPI: Core revision 20110623
[    0.508454] ftrace: allocating 26610 entries in 105 pages
[    0.537826] ..TIMER: vector=0x30 apic1=0 pin1=2 apic2=-1 pin2=-1
[    0.539277] CPU0: AMD QEMU Virtual CPU version 2.0.0 stepping 03
[    0.544033] APIC calibration not consistent with PM-Timer: 98ms instead of 100ms
[    0.544033] APIC delta adjusted to PM-Timer: 6250005 (6166615)
[    0.544033] Performance Events: Broken PMU hardware detected, using software events only.
[    0.551453] NMI watchdog disabled (cpu0): hardware events not enabled
[    0.552696] Brought up 1 CPUs
[    0.553208] Total of 1 processors activated (4589.99 BogoMIPS).
[    0.577846] devtmpfs: initialized
[    0.614812] EVM: security.selinux
[    0.615209] EVM: security.SMACK64
[    0.616083] EVM: security.capability
[    0.637317] print_constraints: dummy: 
[    0.638988] RTC time:  1:57:04, date: 12/18/15
[    0.642150] NET: Registered protocol family 16
[    0.652431] ACPI: bus type pci registered
[    0.655372] PCI: Using configuration type 1 for base access
[    0.686229] bio: create slab &lt;bio-0&gt; at 0
[    0.692148] ACPI: Added _OSI(Module Device)
[    0.693140] ACPI: Added _OSI(Processor Device)
[    0.693815] ACPI: Added _OSI(3.0 _SCP Extensions)
[    0.694373] ACPI: Added _OSI(Processor Aggregator Device)
[    0.769791] ACPI: Interpreter enabled
[    0.770347] ACPI: (supports S0 S3 S4 S5)
[    0.772817] ACPI: Using IOAPIC for interrupt routing
[    0.854530] ACPI: No dock devices found.
[    0.855460] HEST: Table not found.
[    0.856288] PCI: Using host bridge windows from ACPI; if necessary, use "pci=nocrs" and report a bug
[    0.862620] ACPI: PCI Root Bridge [PCI0] (domain 0000 [bus 00-ff])
[    0.871226] pci_root PNP0A03:00: host bridge window [io  0x0000-0x0cf7]
[    0.872264] pci_root PNP0A03:00: host bridge window [io  0x0d00-0xadff]
[    0.876148] pci_root PNP0A03:00: host bridge window [io  0xae0f-0xaeff]
[    0.878054] pci_root PNP0A03:00: host bridge window [io  0xaf20-0xafdf]
[    0.880112] pci_root PNP0A03:00: host bridge window [io  0xafe4-0xffff]
[    0.881024] pci_root PNP0A03:00: host bridge window [mem 0x000a0000-0x000bffff]
[    0.882125] pci_root PNP0A03:00: host bridge window [mem 0x04000000-0xfebfffff]
[    0.905225] pci 0000:00:01.3: quirk: [io  0xb000-0xb03f] claimed by PIIX4 ACPI
[    0.908178] pci 0000:00:01.3: quirk: [io  0xb100-0xb10f] claimed by PIIX4 SMB
[    0.981613]  pci0000:00: Unable to request _OSC control (_OSC support mask: 0x1e)
[    1.048291] ACPI: PCI Interrupt Link [LNKA] (IRQs 5 *10 11)
[    1.052600] ACPI: PCI Interrupt Link [LNKB] (IRQs 5 *10 11)
[    1.054043] ACPI: PCI Interrupt Link [LNKC] (IRQs 5 10 *11)
[    1.056392] ACPI: PCI Interrupt Link [LNKD] (IRQs 5 10 *11)
[    1.057784] ACPI: PCI Interrupt Link [LNKS] (IRQs *9)
[    1.064381] vgaarb: device added: PCI:0000:00:02.0,decodes=io+mem,owns=io+mem,locks=none
[    1.065344] vgaarb: loaded
[    1.065700] vgaarb: bridge control possible 0000:00:02.0
[    1.069768] i2c-core: driver [aat2870] using legacy suspend method
[    1.070479] i2c-core: driver [aat2870] using legacy resume method
[    1.073637] SCSI subsystem initialized
[    1.077366] usbcore: registered new interface driver usbfs
[    1.078491] usbcore: registered new interface driver hub
[    1.080439] usbcore: registered new device driver usb
[    1.085091] PCI: Using ACPI for IRQ routing
[    1.097232] NetLabel: Initializing
[    1.097801] NetLabel:  domain hash size = 128
[    1.098340] NetLabel:  protocols = UNLABELED CIPSOv4
[    1.100804] NetLabel:  unlabeled traffic allowed by default
[    1.102743] HPET: 3 timers in total, 0 timers will be used for per-cpu timer
[    1.104653] hpet0: at MMIO 0xfed00000, IRQs 2, 8, 0
[    1.105526] hpet0: 3 comparators, 64-bit 100.000000 MHz counter
[    1.118373] Switching to clocksource hpet
[    1.368835] AppArmor: AppArmor Filesystem Enabled
[    1.370267] pnp: PnP ACPI init
[    1.370858] ACPI: bus type pnp registered
[    1.390792] pnp: PnP ACPI: found 9 devices
[    1.391516] ACPI: ACPI bus type pnp unregistered
[    1.454132] NET: Registered protocol family 2
[    1.486347] IP route cache hash table entries: 512 (order: 0, 4096 bytes)
[    1.494367] TCP established hash table entries: 2048 (order: 3, 32768 bytes)
[    1.495294] TCP bind hash table entries: 2048 (order: 3, 32768 bytes)
[    1.497034] TCP: Hash tables configured (established 2048 bind 2048)
[    1.498085] TCP reno registered
[    1.498582] UDP hash table entries: 128 (order: 0, 4096 bytes)
[    1.499295] UDP-Lite hash table entries: 128 (order: 0, 4096 bytes)
[    1.502403] NET: Registered protocol family 1
[    1.503198] pci 0000:00:00.0: Limiting direct PCI/PCI transfers
[    1.504141] pci 0000:00:01.0: PIIX3: Enabling Passive Release
[    1.505596] pci 0000:00:01.0: Activating ISA DMA hang workarounds
[    1.510220] ACPI: PCI Interrupt Link [LNKD] enabled at IRQ 11
[    1.511168] pci 0000:00:01.2: PCI INT D -&gt; Link[LNKD] -&gt; GSI 11 (level, high) -&gt; IRQ 11
[    1.514382] pci 0000:00:01.2: PCI INT D disabled
[    1.531439] Trying to unpack rootfs image as initramfs...
[    1.549958] audit: initializing netlink socket (disabled)
[    1.554015] type=2000 audit(1450403824.548:1): initialized
[    1.820038] HugeTLB registered 2 MB page size, pre-allocated 0 pages
[    1.899054] VFS: Disk quotas dquot_6.5.2
[    1.901946] Dquot-cache hash table entries: 512 (order 0, 4096 bytes)
[    1.917762] fuse init (API version 7.17)
[    1.921791] msgmni has been set to 84
[    1.971074] Block layer SCSI generic (bsg) driver version 0.4 loaded (major 253)
[    1.973471] io scheduler noop registered
[    1.974078] io scheduler deadline registered (default)
[    1.975376] io scheduler cfq registered
[    1.978917] pci_hotplug: PCI Hot Plug PCI Core version: 0.5
[    1.981674] pciehp: PCI Express Hot Plug Controller Driver version: 0.4
[    1.986891] input: Power Button as /devices/LNXSYSTM:00/LNXPWRBN:00/input/input0
[    1.989643] ACPI: Power Button [PWRF]
[    2.042849] ERST: Table is not found!
[    2.043395] GHES: HEST is not enabled!
[    2.054612] ACPI: PCI Interrupt Link [LNKC] enabled at IRQ 10
[    2.055481] virtio-pci 0000:00:03.0: PCI INT A -&gt; Link[LNKC] -&gt; GSI 10 (level, high) -&gt; IRQ 10
[    2.059449] virtio-pci 0000:00:04.0: PCI INT A -&gt; Link[LNKD] -&gt; GSI 11 (level, high) -&gt; IRQ 11
[    2.075026] ACPI: PCI Interrupt Link [LNKA] enabled at IRQ 10
[    2.075819] virtio-pci 0000:00:05.0: PCI INT A -&gt; Link[LNKA] -&gt; GSI 10 (level, high) -&gt; IRQ 10
[    2.085983] Serial: 8250/16550 driver, 32 ports, IRQ sharing enabled
[    2.131445] serial8250: ttyS0 at I/O 0x3f8 (irq = 4) is a 16550A
[    2.214940] serial8250: ttyS1 at I/O 0x2f8 (irq = 3) is a 16550A
[    2.344293] 00:05: ttyS0 at I/O 0x3f8 (irq = 4) is a 16550A
[    2.435748] 00:06: ttyS1 at I/O 0x2f8 (irq = 3) is a 16550A
[    2.491447] Linux agpgart interface v0.103
[    2.517689] Refined TSC clocksource calibration: 2295.494 MHz.
[    2.518437] Switching to clocksource tsc
[    2.563046] brd: module loaded
[    2.600066] loop: module loaded
[    2.654630]  vda: unknown partition table
[    2.721570] scsi0 : ata_piix
[    2.729670] scsi1 : ata_piix
[    2.730929] ata1: PATA max MWDMA2 cmd 0x1f0 ctl 0x3f6 bmdma 0xc0a0 irq 14
[    2.731950] ata2: PATA max MWDMA2 cmd 0x170 ctl 0x376 bmdma 0xc0a8 irq 15
[    2.743392] Fixed MDIO Bus: probed
[    2.745984] tun: Universal TUN/TAP device driver, 1.6
[    2.746613] tun: (C) 1999-2004 Max Krasnyansky &lt;maxk@qualcomm.com&gt;
[    2.761680] PPP generic driver version 2.4.2
[    2.785760] ehci_hcd: USB 2.0 'Enhanced' Host Controller (EHCI) Driver
[    2.786833] ohci_hcd: USB 1.1 'Open' Host Controller (OHCI) Driver
[    2.787846] uhci_hcd: USB Universal Host Controller Interface driver
[    2.789958] uhci_hcd 0000:00:01.2: PCI INT D -&gt; Link[LNKD] -&gt; GSI 11 (level, high) -&gt; IRQ 11
[    2.794085] uhci_hcd 0000:00:01.2: UHCI Host Controller
[    2.810491] uhci_hcd 0000:00:01.2: new USB bus registered, assigned bus number 1
[    2.814014] uhci_hcd 0000:00:01.2: irq 11, io base 0x0000c040
[    2.835812] hub 1-0:1.0: USB hub found
[    2.837157] hub 1-0:1.0: 2 ports detected
[    2.854914] usbcore: registered new interface driver libusual
[    2.859554] i8042: PNP: PS/2 Controller [PNP0303:KBD,PNP0f13:MOU] at 0x60,0x64 irq 1,12
[    2.868028] serio: i8042 KBD port at 0x60,0x64 irq 1
[    2.870198] serio: i8042 AUX port at 0x60,0x64 irq 12
[    2.926723] mousedev: PS/2 mouse device common for all mice
[    2.965139] ata2.01: ATAPI: QEMU DVD-ROM, 2.0.0, max UDMA/100
[    2.975389] input: AT Translated Set 2 keyboard as /devices/platform/i8042/serio0/input/input1
[    2.979848] rtc_cmos 00:01: RTC can wake from S4
[    2.990906] rtc_cmos 00:01: rtc core: registered rtc_cmos as rtc0
[    2.995771] rtc0: alarms up to one day, 114 bytes nvram, hpet irqs
[    3.000662] device-mapper: uevent: version 1.0.3
[    3.019647] ata2.01: configured for MWDMA2
[    3.047628] device-mapper: ioctl: 4.22.0-ioctl (2011-10-19) initialised: dm-devel@redhat.com
[    3.050930] cpuidle: using governor ladder
[    3.051995] cpuidle: using governor menu
[    3.053816] EFI Variables Facility v0.08 2004-May-17
[    3.066741] TCP cubic registered
[    3.075729] NET: Registered protocol family 10
[    3.119765] NET: Registered protocol family 17
[    3.122928] Registering the dns_resolver key type
[    3.138995] scsi 1:0:1:0: CD-ROM            QEMU     QEMU DVD-ROM     2.0. PQ: 0 ANSI: 5
[    3.168012] sr0: scsi3-mmc drive: 4x/4x cd/rw xa/form2 tray
[    3.170626] cdrom: Uniform CD-ROM driver Revision: 3.20
[    3.196818] sr 1:0:1:0: Attached scsi generic sg0 type 5
[    3.269226] registered taskstats version 1
[    3.377887] Freeing initrd memory: 3656k freed
[    3.879619]   Magic number: 11:933:963
[    3.887629] rtc_cmos 00:01: setting system clock to 2015-12-18 01:57:07 UTC (1450403827)
[    3.889980] powernow-k8: Processor cpuid 663 not supported
[    3.894217] BIOS EDD facility v0.16 2004-Jun-25, 0 devices found
[    3.894957] EDD information not available.
[    3.940018] Freeing unused kernel memory: 928k freed
[    3.943480] Write protecting the kernel read-only data: 12288k
[    4.028184] Freeing unused kernel memory: 1596k freed
[    4.088042] Freeing unused kernel memory: 1184k freed

info: initramfs: up at 4.24
modprobe: module virtio_blk not found in modules.dep
modprobe: module virtio_net not found in modules.dep
info: copying initramfs to /dev/vda
info: initramfs loading root from /dev/vda
info: /etc/init.d/rc.sysinit: up at 9.07
info: container: none
Starting logging: OK
modprobe: module virtio_blk not found in modules.dep
modprobe: module virtio_net not found in modules.dep
WARN: /etc/rc3.d/S10-load-modules failed
Initializing random number generator... done.
Starting acpid: OK
cirros-ds 'local' up at 11.75
found datasource (configdrive, local)
Starting network...
udhcpc (v1.20.1) started
Sending discover...
Sending discover...

2015-12-18 01:59:06,314 20431 INFO     [tempest_lib.common.rest_client] Request (TestNetworkAdvancedServerOps:_run_cleanups): 204 DELETE http://10.0.2.15:9696/v2.0/floatingips/25c9c4d3-8098-419e-a7ea-a316f898f15b 0.191s
2015-12-18 01:59:06,315 20431 DEBUG    [tempest_lib.common.rest_client] Request - Headers: {'Content-Type': 'application/json', 'Accept': 'application/json', 'X-Auth-Token': '&lt;omitted&gt;'}
        Body: None
    Response - Headers: {'date': 'Fri, 18 Dec 2015 01:59:06 GMT', 'status': '204', 'connection': 'close', 'content-length': '0', 'x-openstack-request-id': 'req-a671c7b6-44eb-48de-bf50-ce3db6d32ab6'}
        Body: 
2015-12-18 01:59:06,608 20431 INFO     [tempest_lib.common.rest_client] Request (TestNetworkAdvancedServerOps:_run_cleanups): 204 DELETE http://10.0.2.15:8774/v2.1/3ab33b2e25fb44d2a21e1c03a353fe11/servers/b69a5cc5-7d84-4cc6-8579-dbfd99ac9ee2 0.292s
2015-12-18 01:59:06,608 20431 DEBUG    [tempest_lib.common.rest_client] Request - Headers: {'Content-Type': 'application/json', 'Accept': 'application/json', 'X-Auth-Token': '&lt;omitted&gt;'}
        Body: None
    Response - Headers: {'status': '204', 'content-length': '0', 'x-compute-request-id': 'req-39a27aff-0d3a-4383-99c4-e1a93c3dbc6b', 'vary': 'X-OpenStack-Nova-API-Version', 'connection': 'close', 'x-openstack-nova-api-version': '2.1', 'date': 'Fri, 18 Dec 2015 01:59:06 GMT', 'content-type': 'application/json'}
        Body: 
2015-12-18 01:59:06,811 20431 INFO     [tempest_lib.common.rest_client] Request (TestNetworkAdvancedServerOps:_run_cleanups): 200 GET http://10.0.2.15:8774/v2.1/3ab33b2e25fb44d2a21e1c03a353fe11/servers/b69a5cc5-7d84-4cc6-8579-dbfd99ac9ee2 0.202s
2015-12-18 01:59:06,812 20431 DEBUG    [tempest_lib.common.rest_client] Request - Headers: {'Content-Type': 'application/json', 'Accept': 'application/json', 'X-Auth-Token': '&lt;omitted&gt;'}
        Body: None
    Response - Headers: {'status': '200', 'content-length': '1784', 'content-location': 'http://10.0.2.15:8774/v2.1/3ab33b2e25fb44d2a21e1c03a353fe11/servers/b69a5cc5-7d84-4cc6-8579-dbfd99ac9ee2', 'x-compute-request-id': 'req-68faa6d1-39b5-4411-87df-5083e597f6ba', 'vary': 'X-OpenStack-Nova-API-Version', 'connection': 'close', 'x-openstack-nova-api-version': '2.1', 'date': 'Fri, 18 Dec 2015 01:59:06 GMT', 'content-type': 'application/json'}
        Body: {"server": {"status": "ACTIVE", "updated": "2015-12-18T01:59:06Z", "hostId": "db50c000af9e857aefdb7fbbe5679619bca7721ce9ce328f50b5ad77", "addresses": {"tempest-network-smoke--1285378873": [{"OS-EXT-IPS-MAC:mac_addr": "fa:16:3e:38:59:f6", "version": 4, "addr": "10.100.0.3", "OS-EXT-IPS:type": "fixed"}, {"OS-EXT-IPS-MAC:mac_addr": "fa:16:3e:38:59:f6", "version": 4, "addr": "172.24.4.4", "OS-EXT-IPS:type": "floating"}]}, "links": [{"href": "http://10.0.2.15:8774/v2.1/3ab33b2e25fb44d2a21e1c03a353fe11/servers/b69a5cc5-7d84-4cc6-8579-dbfd99ac9ee2", "rel": "self"}, {"href": "http://10.0.2.15:8774/3ab33b2e25fb44d2a21e1c03a353fe11/servers/b69a5cc5-7d84-4cc6-8579-dbfd99ac9ee2", "rel": "bookmark"}], "key_name": "tempest-TestNetworkAdvancedServerOps-494962606", "image": {"id": "74aa4cb3-395c-44bb-a842-a5ec6f0ba004", "links": [{"href": "http://10.0.2.15:8774/3ab33b2e25fb44d2a21e1c03a353fe11/images/74aa4cb3-395c-44bb-a842-a5ec6f0ba004", "rel": "bookmark"}]}, "OS-EXT-STS:task_state": "deleting", "OS-EXT-STS:vm_state": "active", "OS-SRV-USG:launched_at": "2015-12-18T01:57:01.000000", "flavor": {"id": "42", "links": [{"href": "http://10.0.2.15:8774/3ab33b2e25fb44d2a21e1c03a353fe11/flavors/42", "rel": "bookmark"}]}, "id": "b69a5cc5-7d84-4cc6-8579-dbfd99ac9ee2", "security_groups": [{"name": "tempest-secgroup-smoke-1000858925"}], "OS-SRV-USG:terminated_at": null, "OS-EXT-AZ:availability_zone": "nova", "user_id": "37a3d5a4ed2a46dbaa15d30531df4c74", "name": "tempest.common.compute-instance-795063407", "created": "2015-12-18T01:56:57Z", "tenant_id": "3ab33b2e25fb44d2a21e1c03a353fe11", "OS-DCF:diskConfig": "MANUAL", "os-extended-volumes:volumes_attached": [], "accessIPv4": "", "accessIPv6": "", "progress": 0, "OS-EXT-STS:power_state": 1, "config_drive": "True", "metadata": {}}}
2015-12-18 01:59:07,981 20431 INFO     [tempest_lib.common.rest_client] Request (TestNetworkAdvancedServerOps:_run_cleanups): 200 GET http://10.0.2.15:8774/v2.1/3ab33b2e25fb44d2a21e1c03a353fe11/servers/b69a5cc5-7d84-4cc6-8579-dbfd99ac9ee2 0.156s
2015-12-18 01:59:07,981 20431 DEBUG    [tempest_lib.common.rest_client] Request - Headers: {'Content-Type': 'application/json', 'Accept': 'application/json', 'X-Auth-Token': '&lt;omitted&gt;'}
        Body: None
    Response - Headers: {'status': '200', 'content-length': '1716', 'content-location': 'http://10.0.2.15:8774/v2.1/3ab33b2e25fb44d2a21e1c03a353fe11/servers/b69a5cc5-7d84-4cc6-8579-dbfd99ac9ee2', 'x-compute-request-id': 'req-613dc0dd-72b7-416a-9569-95138756525f', 'vary': 'X-OpenStack-Nova-API-Version', 'connection': 'close', 'x-openstack-nova-api-version': '2.1', 'date': 'Fri, 18 Dec 2015 01:59:07 GMT', 'content-type': 'application/json'}
        Body: {"server": {"status": "ACTIVE", "updated": "2015-12-18T01:59:07Z", "hostId": "db50c000af9e857aefdb7fbbe5679619bca7721ce9ce328f50b5ad77", "addresses": {"tempest-network-smoke--1285378873": [{"OS-EXT-IPS-MAC:mac_addr": "fa:16:3e:38:59:f6", "version": 4, "addr": "10.100.0.3", "OS-EXT-IPS:type": "fixed"}, {"OS-EXT-IPS-MAC:mac_addr": "fa:16:3e:38:59:f6", "version": 4, "addr": "172.24.4.4", "OS-EXT-IPS:type": "floating"}]}, "links": [{"href": "http://10.0.2.15:8774/v2.1/3ab33b2e25fb44d2a21e1c03a353fe11/servers/b69a5cc5-7d84-4cc6-8579-dbfd99ac9ee2", "rel": "self"}, {"href": "http://10.0.2.15:8774/3ab33b2e25fb44d2a21e1c03a353fe11/servers/b69a5cc5-7d84-4cc6-8579-dbfd99ac9ee2", "rel": "bookmark"}], "key_name": "tempest-TestNetworkAdvancedServerOps-494962606", "image": {"id": "74aa4cb3-395c-44bb-a842-a5ec6f0ba004", "links": [{"href": "http://10.0.2.15:8774/3ab33b2e25fb44d2a21e1c03a353fe11/images/74aa4cb3-395c-44bb-a842-a5ec6f0ba004", "rel": "bookmark"}]}, "OS-EXT-STS:task_state": "deleting", "OS-EXT-STS:vm_state": "active", "OS-SRV-USG:launched_at": "2015-12-18T01:57:01.000000", "flavor": {"id": "42", "links": [{"href": "http://10.0.2.15:8774/3ab33b2e25fb44d2a21e1c03a353fe11/flavors/42", "rel": "bookmark"}]}, "id": "b69a5cc5-7d84-4cc6-8579-dbfd99ac9ee2", "OS-SRV-USG:terminated_at": null, "OS-EXT-AZ:availability_zone": "nova", "user_id": "37a3d5a4ed2a46dbaa15d30531df4c74", "name": "tempest.common.compute-instance-795063407", "created": "2015-12-18T01:56:57Z", "tenant_id": "3ab33b2e25fb44d2a21e1c03a353fe11", "OS-DCF:diskConfig": "MANUAL", "os-extended-volumes:volumes_attached": [], "accessIPv4": "", "accessIPv6": "", "progress": 0, "OS-EXT-STS:power_state": 1, "config_drive": "True", "metadata": {}}}
2015-12-18 01:59:09,234 20431 INFO     [tempest_lib.common.rest_client] Request (TestNetworkAdvancedServerOps:_run_cleanups): 404 GET http://10.0.2.15:8774/v2.1/3ab33b2e25fb44d2a21e1c03a353fe11/servers/b69a5cc5-7d84-4cc6-8579-dbfd99ac9ee2 0.243s
2015-12-18 01:59:09,235 20431 DEBUG    [tempest_lib.common.rest_client] Request - Headers: {'Content-Type': 'application/json', 'Accept': 'application/json', 'X-Auth-Token': '&lt;omitted&gt;'}
        Body: None
    Response - Headers: {'status': '404', 'content-length': '111', 'x-compute-request-id': 'req-6ad443d1-1b6c-49e0-a27d-36ce65a77f4c', 'vary': 'X-OpenStack-Nova-API-Version', 'connection': 'close', 'x-openstack-nova-api-version': '2.1', 'date': 'Fri, 18 Dec 2015 01:59:09 GMT', 'content-type': 'application/json; charset=UTF-8'}
        Body: {"itemNotFound": {"message": "Instance b69a5cc5-7d84-4cc6-8579-dbfd99ac9ee2 could not be found.", "code": 404}}
2015-12-18 01:59:09,689 20431 INFO     [tempest_lib.common.rest_client] Request (TestNetworkAdvancedServerOps:_run_cleanups): 200 PUT http://10.0.2.15:9696/v2.0/routers/50feefc4-d9a9-4b14-9a7a-11a2a6cbe58b/remove_router_interface 0.453s
2015-12-18 01:59:09,690 20431 DEBUG    [tempest_lib.common.rest_client] Request - Headers: {'Content-Type': 'application/json', 'Accept': 'application/json', 'X-Auth-Token': '&lt;omitted&gt;'}
        Body: {"subnet_id": "9633e1b8-a585-4792-96ca-a958176191c5"}
    Response - Headers: {'status': '200', 'content-length': '255', 'connection': 'close', 'date': 'Fri, 18 Dec 2015 01:59:09 GMT', 'content-type': 'application/json; charset=UTF-8', 'x-openstack-request-id': 'req-7e6b9334-8db5-4e11-9439-5ed209f2cbea'}
        Body: {"subnet_id": "9633e1b8-a585-4792-96ca-a958176191c5", "tenant_id": "3ab33b2e25fb44d2a21e1c03a353fe11", "subnet_ids": ["9633e1b8-a585-4792-96ca-a958176191c5"], "port_id": "2d509046-25de-4b1c-8dc7-c09fc82c2c3d", "id": "50feefc4-d9a9-4b14-9a7a-11a2a6cbe58b"}
2015-12-18 01:59:10,012 20431 INFO     [tempest_lib.common.rest_client] Request (TestNetworkAdvancedServerOps:_run_cleanups): 204 DELETE http://10.0.2.15:9696/v2.0/subnets/9633e1b8-a585-4792-96ca-a958176191c5 0.321s
2015-12-18 01:59:10,012 20431 DEBUG    [tempest_lib.common.rest_client] Request - Headers: {'Content-Type': 'application/json', 'Accept': 'application/json', 'X-Auth-Token': '&lt;omitted&gt;'}
        Body: None
    Response - Headers: {'date': 'Fri, 18 Dec 2015 01:59:10 GMT', 'status': '204', 'connection': 'close', 'content-length': '0', 'x-openstack-request-id': 'req-f101af83-bce5-43c2-bb12-cc65b5cd3a3a'}
        Body: 
2015-12-18 01:59:10,058 20431 INFO     [tempest_lib.common.rest_client] Request (TestNetworkAdvancedServerOps:_run_cleanups): 200 GET http://10.0.2.15:9696/v2.0/routers/50feefc4-d9a9-4b14-9a7a-11a2a6cbe58b 0.045s
2015-12-18 01:59:10,058 20431 DEBUG    [tempest_lib.common.rest_client] Request - Headers: {'Content-Type': 'application/json', 'Accept': 'application/json', 'X-Auth-Token': '&lt;omitted&gt;'}
        Body: None
    Response - Headers: {'status': '200', 'content-length': '501', 'content-location': 'http://10.0.2.15:9696/v2.0/routers/50feefc4-d9a9-4b14-9a7a-11a2a6cbe58b', 'connection': 'close', 'date': 'Fri, 18 Dec 2015 01:59:10 GMT', 'content-type': 'application/json; charset=UTF-8', 'x-openstack-request-id': 'req-c3021f14-2d65-4230-a90a-54d5f7d953e6'}
        Body: {"router": {"status": "ACTIVE", "external_gateway_info": {"network_id": "85ecdc50-0b2f-4442-b644-621d9a532c9a", "enable_snat": true, "external_fixed_ips": [{"subnet_id": "1d6b21fa-5557-4819-ad50-b028c066eba3", "ip_address": "172.24.4.3"}, {"subnet_id": "2051f492-883b-498a-a203-807a6b798ba3", "ip_address": "2001:db8::4"}]}, "name": "tempest-router-smoke-1267089343", "admin_state_up": true, "tenant_id": "3ab33b2e25fb44d2a21e1c03a353fe11", "routes": [], "id": "50feefc4-d9a9-4b14-9a7a-11a2a6cbe58b"}}
2015-12-18 01:59:10,417 20431 INFO     [tempest_lib.common.rest_client] Request (TestNetworkAdvancedServerOps:_run_cleanups): 200 PUT http://10.0.2.15:9696/v2.0/routers/50feefc4-d9a9-4b14-9a7a-11a2a6cbe58b 0.357s
2015-12-18 01:59:10,418 20431 DEBUG    [tempest_lib.common.rest_client] Request - Headers: {'Content-Type': 'application/json', 'Accept': 'application/json', 'X-Auth-Token': '&lt;omitted&gt;'}
        Body: {"router": {"external_gateway_info": {}, "name": "tempest-router-smoke-1267089343", "admin_state_up": true}}
    Response - Headers: {'status': '200', 'content-length': '239', 'connection': 'close', 'date': 'Fri, 18 Dec 2015 01:59:10 GMT', 'content-type': 'application/json; charset=UTF-8', 'x-openstack-request-id': 'req-d6d44506-8ec7-47ef-918c-212efe397096'}
        Body: {"router": {"status": "ACTIVE", "external_gateway_info": null, "name": "tempest-router-smoke-1267089343", "admin_state_up": true, "tenant_id": "3ab33b2e25fb44d2a21e1c03a353fe11", "routes": [], "id": "50feefc4-d9a9-4b14-9a7a-11a2a6cbe58b"}}
2015-12-18 01:59:10,625 20431 INFO     [tempest_lib.common.rest_client] Request (TestNetworkAdvancedServerOps:_run_cleanups): 204 DELETE http://10.0.2.15:9696/v2.0/routers/50feefc4-d9a9-4b14-9a7a-11a2a6cbe58b 0.206s
2015-12-18 01:59:10,626 20431 DEBUG    [tempest_lib.common.rest_client] Request - Headers: {'Content-Type': 'application/json', 'Accept': 'application/json', 'X-Auth-Token': '&lt;omitted&gt;'}
        Body: None
    Response - Headers: {'date': 'Fri, 18 Dec 2015 01:59:10 GMT', 'status': '204', 'connection': 'close', 'content-length': '0', 'x-openstack-request-id': 'req-3ee571db-cd94-4fb6-be0a-80437adc66bb'}
        Body: 
2015-12-18 01:59:10,796 20431 INFO     [tempest_lib.common.rest_client] Request (TestNetworkAdvancedServerOps:_run_cleanups): 204 DELETE http://10.0.2.15:9696/v2.0/networks/6c9365cd-0eb2-4c80-a988-bf1588bc0ed4 0.168s
2015-12-18 01:59:10,796 20431 DEBUG    [tempest_lib.common.rest_client] Request - Headers: {'Content-Type': 'application/json', 'Accept': 'application/json', 'X-Auth-Token': '&lt;omitted&gt;'}
        Body: None
    Response - Headers: {'date': 'Fri, 18 Dec 2015 01:59:10 GMT', 'status': '204', 'connection': 'close', 'content-length': '0', 'x-openstack-request-id': 'req-d3ca6b00-2160-4ade-a773-16d9f7139d79'}
        Body: 
2015-12-18 01:59:10,841 20431 INFO     [tempest_lib.common.rest_client] Request (TestNetworkAdvancedServerOps:_run_cleanups): 204 DELETE http://10.0.2.15:9696/v2.0/security-group-rules/186e7814-2a0b-4119-bda7-c26174412725 0.044s
2015-12-18 01:59:10,841 20431 DEBUG    [tempest_lib.common.rest_client] Request - Headers: {'Content-Type': 'application/json', 'Accept': 'application/json', 'X-Auth-Token': '&lt;omitted&gt;'}
        Body: None
    Response - Headers: {'date': 'Fri, 18 Dec 2015 01:59:10 GMT', 'status': '204', 'connection': 'close', 'content-length': '0', 'x-openstack-request-id': 'req-44ded170-c706-453c-903f-8ec4ea348302'}
        Body: 
2015-12-18 01:59:10,889 20431 INFO     [tempest_lib.common.rest_client] Request (TestNetworkAdvancedServerOps:_run_cleanups): 204 DELETE http://10.0.2.15:9696/v2.0/security-group-rules/a7cbee5f-7b01-4023-81c8-aef0cc47627d 0.047s
2015-12-18 01:59:10,889 20431 DEBUG    [tempest_lib.common.rest_client] Request - Headers: {'Content-Type': 'application/json', 'Accept': 'application/json', 'X-Auth-Token': '&lt;omitted&gt;'}
        Body: None
    Response - Headers: {'date': 'Fri, 18 Dec 2015 01:59:10 GMT', 'status': '204', 'connection': 'close', 'content-length': '0', 'x-openstack-request-id': 'req-5bdc6d04-d277-4506-a133-18f850c5b725'}
        Body: 
2015-12-18 01:59:10,939 20431 INFO     [tempest_lib.common.rest_client] Request (TestNetworkAdvancedServerOps:_run_cleanups): 204 DELETE http://10.0.2.15:9696/v2.0/security-group-rules/2ffbda0d-eaf7-4f63-81cd-0ac2df45cb80 0.048s
2015-12-18 01:59:10,940 20431 DEBUG    [tempest_lib.common.rest_client] Request - Headers: {'Content-Type': 'application/json', 'Accept': 'application/json', 'X-Auth-Token': '&lt;omitted&gt;'}
        Body: None
    Response - Headers: {'date': 'Fri, 18 Dec 2015 01:59:10 GMT', 'status': '204', 'connection': 'close', 'content-length': '0', 'x-openstack-request-id': 'req-1a66a66e-55ff-4a80-8990-cae703b6fd32'}
        Body: 
2015-12-18 01:59:10,990 20431 INFO     [tempest_lib.common.rest_client] Request (TestNetworkAdvancedServerOps:_run_cleanups): 204 DELETE http://10.0.2.15:9696/v2.0/security-group-rules/b2766d58-3793-4084-b19b-378ad5c00bec 0.049s
2015-12-18 01:59:10,990 20431 DEBUG    [tempest_lib.common.rest_client] Request - Headers: {'Content-Type': 'application/json', 'Accept': 'application/json', 'X-Auth-Token': '&lt;omitted&gt;'}
        Body: None
    Response - Headers: {'date': 'Fri, 18 Dec 2015 01:59:10 GMT', 'status': '204', 'connection': 'close', 'content-length': '0', 'x-openstack-request-id': 'req-e01a1908-2d18-4878-9d29-ebee51608dd5'}
        Body: 
2015-12-18 01:59:11,043 20431 INFO     [tempest_lib.common.rest_client] Request (TestNetworkAdvancedServerOps:_run_cleanups): 204 DELETE http://10.0.2.15:9696/v2.0/security-group-rules/13bb7204-6898-4ac4-b9e9-29280f83dedc 0.051s
2015-12-18 01:59:11,043 20431 DEBUG    [tempest_lib.common.rest_client] Request - Headers: {'Content-Type': 'application/json', 'Accept': 'application/json', 'X-Auth-Token': '&lt;omitted&gt;'}
        Body: None
    Response - Headers: {'date': 'Fri, 18 Dec 2015 01:59:11 GMT', 'status': '204', 'connection': 'close', 'content-length': '0', 'x-openstack-request-id': 'req-8cf63b0a-6124-4a36-a0e0-98ea75d0299e'}
        Body: 
2015-12-18 01:59:11,092 20431 INFO     [tempest_lib.common.rest_client] Request (TestNetworkAdvancedServerOps:_run_cleanups): 204 DELETE http://10.0.2.15:9696/v2.0/security-group-rules/feaeb94c-0109-4105-8ef1-9f6890fda33a 0.048s
2015-12-18 01:59:11,093 20431 DEBUG    [tempest_lib.common.rest_client] Request - Headers: {'Content-Type': 'application/json', 'Accept': 'application/json', 'X-Auth-Token': '&lt;omitted&gt;'}
        Body: None
    Response - Headers: {'date': 'Fri, 18 Dec 2015 01:59:11 GMT', 'status': '204', 'connection': 'close', 'content-length': '0', 'x-openstack-request-id': 'req-2afe43ff-d3bb-4481-879e-45c4c8c1de73'}
        Body: 
2015-12-18 01:59:11,176 20431 INFO     [tempest_lib.common.rest_client] Request (TestNetworkAdvancedServerOps:_run_cleanups): 204 DELETE http://10.0.2.15:9696/v2.0/security-groups/a5cdec1a-ecec-4b77-932a-e2d1a1cad554 0.082s
2015-12-18 01:59:11,177 20431 DEBUG    [tempest_lib.common.rest_client] Request - Headers: {'Content-Type': 'application/json', 'Accept': 'application/json', 'X-Auth-Token': '&lt;omitted&gt;'}
        Body: None
    Response - Headers: {'date': 'Fri, 18 Dec 2015 01:59:11 GMT', 'status': '204', 'connection': 'close', 'content-length': '0', 'x-openstack-request-id': 'req-7912a0d3-6cc6-494b-b035-d230d6ab1a1d'}
        Body: 
2015-12-18 01:59:11,196 20431 INFO     [tempest_lib.common.rest_client] Request (TestNetworkAdvancedServerOps:_run_cleanups): 202 DELETE http://10.0.2.15:8774/v2.1/3ab33b2e25fb44d2a21e1c03a353fe11/os-keypairs/tempest-TestNetworkAdvancedServerOps-494962606 0.017s
2015-12-18 01:59:11,197 20431 DEBUG    [tempest_lib.common.rest_client] Request - Headers: {'Content-Type': 'application/json', 'Accept': 'application/json', 'X-Auth-Token': '&lt;omitted&gt;'}
        Body: None
    Response - Headers: {'status': '202', 'content-length': '0', 'x-compute-request-id': 'req-1527e332-eae2-4dc8-8544-8c77ea952633', 'vary': 'X-OpenStack-Nova-API-Version', 'connection': 'close', 'x-openstack-nova-api-version': '2.1', 'date': 'Fri, 18 Dec 2015 01:59:11 GMT', 'content-type': 'application/json'}
        Body: 
2015-12-18 01:59:11,289 20431 INFO     [tempest_lib.common.rest_client] Request (TestNetworkAdvancedServerOps:_run_cleanups): 404 GET http://10.0.2.15:8774/v2.1/3ab33b2e25fb44d2a21e1c03a353fe11/servers/b69a5cc5-7d84-4cc6-8579-dbfd99ac9ee2 0.091s
2015-12-18 01:59:11,290 20431 DEBUG    [tempest_lib.common.rest_client] Request - Headers: {'Content-Type': 'application/json', 'Accept': 'application/json', 'X-Auth-Token': '&lt;omitted&gt;'}
        Body: None
    Response - Headers: {'status': '404', 'content-length': '111', 'x-compute-request-id': 'req-f059697b-d5b8-4d5f-ab82-eaef2712b798', 'vary': 'X-OpenStack-Nova-API-Version', 'connection': 'close', 'x-openstack-nova-api-version': '2.1', 'date': 'Fri, 18 Dec 2015 01:59:11 GMT', 'content-type': 'application/json; charset=UTF-8'}
        Body: {"itemNotFound": {"message": "Instance b69a5cc5-7d84-4cc6-8579-dbfd99ac9ee2 could not be found.", "code": 404}}
}}}

Traceback (most recent call last):
  File "tempest/test.py", line 113, in wrapper
    return f(self, *func_args, **func_kwargs)
  File "tempest/scenario/test_network_advanced_server_ops.py", line 134, in test_server_connectivity_pause_unpause
    server, keypair, floating_ip = self._setup_network_and_servers()
  File "tempest/scenario/test_network_advanced_server_ops.py", line 71, in _setup_network_and_servers
    server, keypair, floating_ip)
  File "tempest/scenario/test_network_advanced_server_ops.py", line 95, in _wait_server_status_and_check_network_connectivity
    self._check_network_connectivity(server, keypair, floating_ip)
  File "tempest/scenario/test_network_advanced_server_ops.py", line 88, in _check_network_connectivity
    servers=[server])
  File "tempest/scenario/manager.py", line 608, in check_public_network_connectivity
    should_connect=should_connect)
  File "tempest/scenario/manager.py", line 592, in check_vm_connectivity
    msg=msg)
  File "/usr/local/lib/python2.7/dist-packages/unittest2/case.py", line 702, in assertTrue
    raise self.failureException(msg)
AssertionError: False is not true : Timed out waiting for 172.24.4.4 to become reachable



        </pre>
    </div>
    <!--css div popup end-->

    </td>
</tr>

<tr id='ft1.2' class='none'>
    <td class='failCase'><div class='testcase'>test_server_connectivity_reboot[compute,id-7b6860c2-afa3-4846-9522-adeb38dfbe08,network]</div></td>
    <td colspan='7' align='left'>

    <!--css div popup start-->
    <a class="popup_link" onfocus='this.blur();'
    href="javascript:showTestDetail('div_ft1.2')" >
        fail</a>

    <div id='div_ft1.2' class="popup_window">
        <div style='text-align: right; color:red;cursor:pointer'>
        <a onfocus='this.blur();'
onclick="document.getElementById('div_ft1.2').style.display = 'none' " >
           [x]</a>
        </div>
        <pre>
        
