<?xml version="1.0" encoding="UTF-8"?>
<!DOCTYPE html PUBLIC "-//W3C//DTD XHTML 1.0 Strict//EN"
     "http://www.w3.org/TR/xhtml1/DTD/xhtml1-strict.dtd">
<html xmlns="http://www.w3.org/1999/xhtml">
<head>
    <title>Unit Test Report</title>
    <meta name="generator" content="subunit2html 0.1"/>
    <meta http-equiv="Content-Type" content="text/html; charset=UTF-8"/>
    
<style type="text/css" media="screen">
body        { font-family: verdana, arial, helvetica, sans-serif;
    font-size: 80%; }
table       { font-size: 100%; width: 100%;}
pre         { font-size: 80%; }

/* -- heading -------------------------------------------------------------- */
h1 {
        font-size: 16pt;
        color: gray;
}
.heading {
    margin-top: 0ex;
    margin-bottom: 1ex;
}

.heading .attribute {
    margin-top: 1ex;
    margin-bottom: 0;
}

.heading .description {
    margin-top: 4ex;
    margin-bottom: 6ex;
}

/* -- css div popup -------------------------------------------------------- */
a.popup_link {
}

a.popup_link:hover {
    color: red;
}

.popup_window {
    display: none;
    overflow-x: scroll;
    /*border: solid #627173 1px; */
    padding: 10px;
    background-color: #E6E6D6;
    font-family: "Ubuntu Mono", "Lucida Console", "Courier New", monospace;
    text-align: left;
    font-size: 8pt;
}

}
/* -- report --------------------------------------------------------------- */
#show_detail_line {
    margin-top: 3ex;
    margin-bottom: 1ex;
}
#result_table {
    width: 100%;
    border-collapse: collapse;
    border: 1px solid #777;
}
#header_row {
    font-weight: bold;
    color: white;
    background-color: #777;
}
#result_table td {
    border: 1px solid #777;
    padding: 2px;
}
#total_row  { font-weight: bold; }
.passClass  { background-color: #6c6; }
.failClass  { background-color: #c60; }
.errorClass { background-color: #c00; }
.passCase   { color: #6c6; }
.failCase   { color: #c60; font-weight: bold; }
.errorCase  { color: #c00; font-weight: bold; }
.hiddenRow  { display: none; }
.testcase   { margin-left: 2em; }
td.testname {width: 40%}
td.small {width: 40px}

/* -- ending --------------------------------------------------------------- */
#ending {
}

</style>

</head>
<body>
<script language="javascript" type="text/javascript"><!--
output_list = Array();

/* level - 0:Summary; 1:Failed; 2:All */
function showCase(level) {
    trs = document.getElementsByTagName("tr");
    for (var i = 0; i < trs.length; i++) {
        tr = trs[i];
        id = tr.id;
        if (id.substr(0,2) == 'ft') {
            if (level < 1) {
                tr.className = 'hiddenRow';
            }
            else {
                tr.className = '';
            }
        }
        if (id.substr(0,2) == 'pt') {
            if (level > 1) {
                tr.className = '';
            }
            else {
                tr.className = 'hiddenRow';
            }
        }
    }
}


function showClassDetail(cid, count) {
    var id_list = Array(count);
    var toHide = 1;
    for (var i = 0; i < count; i++) {
        tid0 = 't' + cid.substr(1) + '.' + (i+1);
        tid = 'f' + tid0;
        tr = document.getElementById(tid);
        if (!tr) {
            tid = 'p' + tid0;
            tr = document.getElementById(tid);
        }
        id_list[i] = tid;
        if (tr.className) {
            toHide = 0;
        }
    }
    for (var i = 0; i < count; i++) {
        tid = id_list[i];
        if (toHide) {
            document.getElementById('div_'+tid).style.display = 'none'
            document.getElementById(tid).className = 'hiddenRow';
        }
        else {
            document.getElementById(tid).className = '';
        }
    }
}


function showTestDetail(div_id){
    var details_div = document.getElementById(div_id)
    var displayState = details_div.style.display
    // alert(displayState)
    if (displayState != 'block' ) {
        displayState = 'block'
        details_div.style.display = 'block'
    }
    else {
        details_div.style.display = 'none'
    }
}


function html_escape(s) {
    s = s.replace(/&/g,'&amp;');
    s = s.replace(/</g,'&lt;');
    s = s.replace(/>/g,'&gt;');
    return s;
}

/* obsoleted by detail in <div>
function showOutput(id, name) {
    var w = window.open("", //url
                    name,
                    "resizable,scrollbars,status,width=800,height=450");
    d = w.document;
    d.write("<pre>");
    d.write(html_escape(output_list[id]));
    d.write("\n");
    d.write("<a href='javascript:window.close()'>close</a>\n");
    d.write("</pre>\n");
    d.close();
}
*/
--></script>

<div class='heading'>
<h1>Unit Test Report</h1>

<p class='attribute'><strong>Status:</strong> Failure 6</p>

<p class='description'></p>
</div>



<p id='show_detail_line'>Show
<a href='javascript:showCase(0)'>Summary</a>
<a href='javascript:showCase(1)'>Failed</a>
<a href='javascript:showCase(2)'>All</a>
</p>
<table id='result_table'>
<colgroup>
<col align='left' />
<col align='right' />
<col align='right' />
<col align='right' />
<col align='right' />
<col align='right' />
<col align='right' />
<col align='right' />
</colgroup>
<tr id='header_row'>
    <td>Test Group/Test case</td>
    <td>Count</td>
    <td>Pass</td>
    <td>Fail</td>
    <td>Error</td>
    <td>Skip</td>
    <td>View</td>
    <td> </td>
</tr>

<tr class='failClass'>
    <td class="testname">tempest.scenario.test_network_advanced_server_ops.TestNetworkAdvancedServerOps</td>
    <td class="small">6</td>
    <td class="small">0</td>
    <td class="small">6</td>
    <td class="small">0</td>
    <td class="small">0</td>
    <td class="small"><a href="javascript:showClassDetail('c1',6)"
>Detail</a></td>
    <td> </td>
</tr>

<tr id='ft1.1' class='none'>
    <td class='failCase'><div class='testcase'>test_server_connectivity_pause_unpause[compute,id-2b2642db-6568-4b35-b812-eceed3fa20ce,network]</div></td>
    <td colspan='7' align='left'>

    <!--css div popup start-->
    <a class="popup_link" onfocus='this.blur();'
    href="javascript:showTestDetail('div_ft1.1')" >
        fail</a>

    <div id='div_ft1.1' class="popup_window">
        <div style='text-align: right; color:red;cursor:pointer'>
        <a onfocus='this.blur();'
onclick="document.getElementById('div_ft1.1').style.display = 'none' " >
           [x]</a>
        </div>
        <pre>
        
ft1.1: tempest.scenario.test_network_advanced_server_ops.TestNetworkAdvancedServerOps.test_server_connectivity_pause_unpause[compute,id-2b2642db-6568-4b35-b812-eceed3fa20ce,network]_StringException: Empty attachments:
  stderr
  stdout

pythonlogging:'': {{{
2015-12-21 06:28:34,746 20330 INFO     [tempest_lib.common.rest_client] Request (TestNetworkAdvancedServerOps:test_server_connectivity_pause_unpause): 200 POST http://10.0.2.15:8774/v2.1/d464776caf37453b823dd408af775323/os-keypairs 0.435s
2015-12-21 06:28:34,747 20330 DEBUG    [tempest_lib.common.rest_client] Request - Headers: {'Content-Type': 'application/json', 'Accept': 'application/json', 'X-Auth-Token': '&lt;omitted&gt;'}
        Body: {"keypair": {"name": "tempest-TestNetworkAdvancedServerOps-88916222"}}
    Response - Headers: {'status': '200', 'content-length': '2328', 'x-compute-request-id': 'req-603a79a7-f4fb-40c5-a6ef-746ee1769fd8', 'vary': 'X-OpenStack-Nova-API-Version', 'connection': 'close', 'x-openstack-nova-api-version': '2.1', 'date': 'Mon, 21 Dec 2015 06:28:34 GMT', 'content-type': 'application/json'}
        Body: {"keypair": {"public_key": "ssh-rsa AAAAB3NzaC1yc2EAAAADAQABAAABAQCcmObAkOJ+O6C/4qFUquFnpF2xBNWvcn6F3hu4T6y5ElxfSuJikdXsBrM8iEUbhVjcJMGb1dhz2y94PTjap2mJ3EqREz3eZ5vqZwGELd2ozaqeffT+cXnfWToUrWX1NY1H+/yTv2ualypsUl0+fzmYVUh4JaZyBEcmqUcZT6lfW8M3yd2yMWWvJnMuazIeAA2gEmA4JY+7jM5d/xnUVmpdGGGBRWwqQQfmwAbFC4CxGF4X2QhjGAuA3gNDCDEU6Yt5mo/ax60aS0kdjmPXFfU4txGKFo/745iLlKX97xH1wAPoadQt5eUXYZ2idCzcKyuTENQ2nJ+1Qw/c+moHrAwj Generated-by-Nova", "private_key": "-----BEGIN RSA PRIVATE KEY-----\nMIIEqQIBAAKCAQEAnJjmwJDifjugv+KhVKrhZ6RdsQTVr3J+hd4buE+suRJcX0ri\nYpHV7AazPIhFG4VY3CTBm9XYc9sveD042qdpidxKkRM93meb6mcBhC3dqM2qnn30\n/nF531k6FK1l9TWNR/v8k79rmpcqbFJdPn85mFVIeCWmcgRHJqlHGU+pX1vDN8nd\nsjFlryZzLmsyHgANoBJgOCWPu4zOXf8Z1FZqXRhhgUVsKkEH5sAGxQuAsRheF9kI\nYxgLgN4DQwgxFOmLeZqP2setGktJHY5j1xX1OLcRihaP++OYi5Sl/e8R9cAD6GnU\nLeXlF2GdonQs3CsrkxDUNpyftUMP3PpqB6wMIwIDAQABAoIBAHRRftV6yUJKuFTP\n2lYxt8xsYsuic7cmrKRzHtQBGqM96C9ASHg/K09uiqRj9DFFE4QyKT2/0k/8d34w\nu5Ju2A32+8xXJpWVEFNEv/OWvhcs7ZdcqCZ307b7aBED28AQTykxG6QDg8IIlxJu\n+6P4jKeCcZoNHV2Dn/YvtwguC/kv3j/GDoSSp7jSu3hcONLrQhtL9MhuXONYLLS0\nW8MaZMEJQp2Kg9loGwuY3OmR6e7NIYVBfLXW4wlrhTUQtKMUIb9nq97w9fhMbGxJ\na0udRwKRGpdx4R+cT/bpDvd8M1lBwXaWUS6IG+5BTA+3Tf+iDgMe7K7IAgGMetAx\ne3+VvcECggCBAL7crViDlcB2ZQDtbDIBI/GlXdq2z386lT/5hlJuOzv5c+GnSrO5\nIcy48RzBRTDtCGNHsKuusEqcUzinyu7RdJfA2eDU1i/9c7L3D9nuS4IiBxGR4x9F\nyhLSbM0Ufet8eZj5XYfYttF0sIwbkNlDHNNWrddrUVFoZ2K3aDqV0ksnAoIAgQDS\nCpDFPephDIbG98t1KGhjdwi/HnQd9Rj1xskMGmOAXe5wwSF10soOhcHpXvKtftxx\nBOYBoBD1BEVhzifgxBAVUUse+wWH1YUPpY8d4zFBqAqCQm6hdqDocjgZBlPwN0gL\nTivEq+J+wYtG3f+m8gkDmsRsloNMOwcyUWLWH4MEpQKCAIAOqc+bjEh2B+KMprD4\nSoQjbYv/YKoiYTLUPmxmatecLPcNMBgaJLAHFXJYvjR9pMhPMFPPbNVYdhgisylx\nHaByhDt4/YETIMrBxh9uo9MjRU/7tpSXc3op5ga73sYp0F9bNFVOOYUaJHfn27pO\nJszRI8ipUzJlKbs/p02XqqkEYwKCAIEArUzMYAGS9Zn5RgdD1pmNb6vSCqac1e7Z\nNkhar2LCgDKAPoYLDoTp9AuGj/+oKWAHkDSjdenUs+RfPrBzFK+QOZaGbbxdttKE\nZAGM0PMYO/zjFtCrKQuQ/djn0jX3Ybaq+bD4yd+sFDuqp8EZY2xF5bR3psSU9nup\nl2mxK8x6NIUCggCBAJ3fhWWwm2H2e2mymtDn18L1ECx3kvcju//ghXYN6c0gbZQH\nx3tMi4jqCC0ljC8mhdEKVypCQlDYR6BJUpGwUBy1dl2NhznUsMdzBH9wjr2TcgtQ\nF8y/VYOBKwCzvh4oBh83Sgmx/R1ASPnDcQUCO3vBbmD7DXWzFUogIDtL6VlC\n-----END RSA PRIVATE KEY-----\n", "user_id": "de81bd09c79f4f5c9fe1e9052a8d3fc5", "name": "tempest-TestNetworkAdvancedServerOps-88916222", "fingerprint": "ca:63:72:a9:74:49:5f:bb:0d:ba:e1:16:eb:cf:0e:00"}}
2015-12-21 06:28:35,068 20330 INFO     [tempest_lib.common.rest_client] Request (TestNetworkAdvancedServerOps:test_server_connectivity_pause_unpause): 201 POST http://10.0.2.15:9696/v2.0/security-groups 0.316s
2015-12-21 06:28:35,068 20330 DEBUG    [tempest_lib.common.rest_client] Request - Headers: {'Content-Type': 'application/json', 'Accept': 'application/json', 'X-Auth-Token': '&lt;omitted&gt;'}
        Body: {"security_group": {"tenant_id": "d464776caf37453b823dd408af775323", "description": "tempest-secgroup-smoke-1869964675 description", "name": "tempest-secgroup-smoke-1869964675"}}
    Response - Headers: {'status': '201', 'content-length': '888', 'connection': 'close', 'date': 'Mon, 21 Dec 2015 06:28:35 GMT', 'content-type': 'application/json; charset=UTF-8', 'x-openstack-request-id': 'req-f90fb791-4983-4a3b-807a-439ff2024b91'}
        Body: {"security_group": {"tenant_id": "d464776caf37453b823dd408af775323", "description": "tempest-secgroup-smoke-1869964675 description", "id": "b3ab9b58-42f8-403f-b8c4-74c0c2b03a1f", "security_group_rules": [{"remote_group_id": null, "direction": "egress", "remote_ip_prefix": null, "protocol": null, "ethertype": "IPv4", "tenant_id": "d464776caf37453b823dd408af775323", "port_range_max": null, "port_range_min": null, "id": "59272abc-9e6a-47c6-99d3-19e91bdc24a2", "security_group_id": "b3ab9b58-42f8-403f-b8c4-74c0c2b03a1f"}, {"remote_group_id": null, "direction": "egress", "remote_ip_prefix": null, "protocol": null, "ethertype": "IPv6", "tenant_id": "d464776caf37453b823dd408af775323", "port_range_max": null, "port_range_min": null, "id": "1aa9b92f-b765-423d-92c8-3bcd0fc53a6e", "security_group_id": "b3ab9b58-42f8-403f-b8c4-74c0c2b03a1f"}], "name": "tempest-secgroup-smoke-1869964675"}}
2015-12-21 06:28:35,183 20330 INFO     [tempest_lib.common.rest_client] Request (TestNetworkAdvancedServerOps:test_server_connectivity_pause_unpause): 201 POST http://10.0.2.15:9696/v2.0/security-group-rules 0.113s
2015-12-21 06:28:35,184 20330 DEBUG    [tempest_lib.common.rest_client] Request - Headers: {'Content-Type': 'application/json', 'Accept': 'application/json', 'X-Auth-Token': '&lt;omitted&gt;'}
        Body: {"security_group_rule": {"direction": "ingress", "protocol": "tcp", "tenant_id": "d464776caf37453b823dd408af775323", "port_range_max": 22, "security_group_id": "b3ab9b58-42f8-403f-b8c4-74c0c2b03a1f", "port_range_min": 22}}
    Response - Headers: {'status': '201', 'content-length': '340', 'connection': 'close', 'date': 'Mon, 21 Dec 2015 06:28:35 GMT', 'content-type': 'application/json; charset=UTF-8', 'x-openstack-request-id': 'req-edd6d3bc-7af0-4a23-840c-4e43886c2f56'}
        Body: {"security_group_rule": {"remote_group_id": null, "direction": "ingress", "remote_ip_prefix": null, "protocol": "tcp", "ethertype": "IPv4", "tenant_id": "d464776caf37453b823dd408af775323", "port_range_max": 22, "port_range_min": 22, "id": "f81436ed-4a99-4454-9809-c94bf068dff4", "security_group_id": "b3ab9b58-42f8-403f-b8c4-74c0c2b03a1f"}}
2015-12-21 06:28:35,297 20330 INFO     [tempest_lib.common.rest_client] Request (TestNetworkAdvancedServerOps:test_server_connectivity_pause_unpause): 201 POST http://10.0.2.15:9696/v2.0/security-group-rules 0.112s
2015-12-21 06:28:35,298 20330 DEBUG    [tempest_lib.common.rest_client] Request - Headers: {'Content-Type': 'application/json', 'Accept': 'application/json', 'X-Auth-Token': '&lt;omitted&gt;'}
        Body: {"security_group_rule": {"direction": "egress", "protocol": "tcp", "tenant_id": "d464776caf37453b823dd408af775323", "port_range_max": 22, "security_group_id": "b3ab9b58-42f8-403f-b8c4-74c0c2b03a1f", "port_range_min": 22}}
    Response - Headers: {'status': '201', 'content-length': '339', 'connection': 'close', 'date': 'Mon, 21 Dec 2015 06:28:35 GMT', 'content-type': 'application/json; charset=UTF-8', 'x-openstack-request-id': 'req-40a4f1bf-244b-4ae5-91d5-28dd85f3a24b'}
        Body: {"security_group_rule": {"remote_group_id": null, "direction": "egress", "remote_ip_prefix": null, "protocol": "tcp", "ethertype": "IPv4", "tenant_id": "d464776caf37453b823dd408af775323", "port_range_max": 22, "port_range_min": 22, "id": "09cb15bd-d385-454c-8afc-fddf4a87ffb4", "security_group_id": "b3ab9b58-42f8-403f-b8c4-74c0c2b03a1f"}}
2015-12-21 06:28:35,408 20330 INFO     [tempest_lib.common.rest_client] Request (TestNetworkAdvancedServerOps:test_server_connectivity_pause_unpause): 201 POST http://10.0.2.15:9696/v2.0/security-group-rules 0.110s
2015-12-21 06:28:35,409 20330 DEBUG    [tempest_lib.common.rest_client] Request - Headers: {'Content-Type': 'application/json', 'Accept': 'application/json', 'X-Auth-Token': '&lt;omitted&gt;'}
        Body: {"security_group_rule": {"tenant_id": "d464776caf37453b823dd408af775323", "direction": "ingress", "protocol": "icmp", "security_group_id": "b3ab9b58-42f8-403f-b8c4-74c0c2b03a1f"}}
    Response - Headers: {'status': '201', 'content-length': '345', 'connection': 'close', 'date': 'Mon, 21 Dec 2015 06:28:35 GMT', 'content-type': 'application/json; charset=UTF-8', 'x-openstack-request-id': 'req-60d4bb6b-d9df-40f0-82a5-71144a05abd6'}
        Body: {"security_group_rule": {"remote_group_id": null, "direction": "ingress", "remote_ip_prefix": null, "protocol": "icmp", "ethertype": "IPv4", "tenant_id": "d464776caf37453b823dd408af775323", "port_range_max": null, "port_range_min": null, "id": "51c54f62-54e3-4c2f-873a-5518e221fd4a", "security_group_id": "b3ab9b58-42f8-403f-b8c4-74c0c2b03a1f"}}
2015-12-21 06:28:35,537 20330 INFO     [tempest_lib.common.rest_client] Request (TestNetworkAdvancedServerOps:test_server_connectivity_pause_unpause): 201 POST http://10.0.2.15:9696/v2.0/security-group-rules 0.126s
2015-12-21 06:28:35,538 20330 DEBUG    [tempest_lib.common.rest_client] Request - Headers: {'Content-Type': 'application/json', 'Accept': 'application/json', 'X-Auth-Token': '&lt;omitted&gt;'}
        Body: {"security_group_rule": {"tenant_id": "d464776caf37453b823dd408af775323", "direction": "egress", "protocol": "icmp", "security_group_id": "b3ab9b58-42f8-403f-b8c4-74c0c2b03a1f"}}
    Response - Headers: {'status': '201', 'content-length': '344', 'connection': 'close', 'date': 'Mon, 21 Dec 2015 06:28:35 GMT', 'content-type': 'application/json; charset=UTF-8', 'x-openstack-request-id': 'req-7b0b83c8-1172-498e-b859-ead60d88ee52'}
        Body: {"security_group_rule": {"remote_group_id": null, "direction": "egress", "remote_ip_prefix": null, "protocol": "icmp", "ethertype": "IPv4", "tenant_id": "d464776caf37453b823dd408af775323", "port_range_max": null, "port_range_min": null, "id": "cbe4dd09-bf4d-4d5e-8c0c-a0ea1c10bc5d", "security_group_id": "b3ab9b58-42f8-403f-b8c4-74c0c2b03a1f"}}
2015-12-21 06:28:35,640 20330 INFO     [tempest_lib.common.rest_client] Request (TestNetworkAdvancedServerOps:test_server_connectivity_pause_unpause): 201 POST http://10.0.2.15:9696/v2.0/security-group-rules 0.102s
2015-12-21 06:28:35,641 20330 DEBUG    [tempest_lib.common.rest_client] Request - Headers: {'Content-Type': 'application/json', 'Accept': 'application/json', 'X-Auth-Token': '&lt;omitted&gt;'}
        Body: {"security_group_rule": {"tenant_id": "d464776caf37453b823dd408af775323", "direction": "ingress", "security_group_id": "b3ab9b58-42f8-403f-b8c4-74c0c2b03a1f", "protocol": "icmp", "ethertype": "IPv6"}}
    Response - Headers: {'status': '201', 'content-length': '345', 'connection': 'close', 'date': 'Mon, 21 Dec 2015 06:28:35 GMT', 'content-type': 'application/json; charset=UTF-8', 'x-openstack-request-id': 'req-e71a80de-adb3-4ad2-8923-74928f15c1d5'}
        Body: {"security_group_rule": {"remote_group_id": null, "direction": "ingress", "remote_ip_prefix": null, "protocol": "icmp", "ethertype": "IPv6", "tenant_id": "d464776caf37453b823dd408af775323", "port_range_max": null, "port_range_min": null, "id": "aca59a58-e52d-4b84-9ce7-67dfec68d11c", "security_group_id": "b3ab9b58-42f8-403f-b8c4-74c0c2b03a1f"}}
2015-12-21 06:28:35,752 20330 INFO     [tempest_lib.common.rest_client] Request (TestNetworkAdvancedServerOps:test_server_connectivity_pause_unpause): 201 POST http://10.0.2.15:9696/v2.0/security-group-rules 0.110s
2015-12-21 06:28:35,752 20330 DEBUG    [tempest_lib.common.rest_client] Request - Headers: {'Content-Type': 'application/json', 'Accept': 'application/json', 'X-Auth-Token': '&lt;omitted&gt;'}
        Body: {"security_group_rule": {"tenant_id": "d464776caf37453b823dd408af775323", "direction": "egress", "security_group_id": "b3ab9b58-42f8-403f-b8c4-74c0c2b03a1f", "protocol": "icmp", "ethertype": "IPv6"}}
    Response - Headers: {'status': '201', 'content-length': '344', 'connection': 'close', 'date': 'Mon, 21 Dec 2015 06:28:35 GMT', 'content-type': 'application/json; charset=UTF-8', 'x-openstack-request-id': 'req-55e78c83-4220-49c8-8ce5-45e2343ca6a5'}
        Body: {"security_group_rule": {"remote_group_id": null, "direction": "egress", "remote_ip_prefix": null, "protocol": "icmp", "ethertype": "IPv6", "tenant_id": "d464776caf37453b823dd408af775323", "port_range_max": null, "port_range_min": null, "id": "4937354a-5057-44dd-9869-1578eea91353", "security_group_id": "b3ab9b58-42f8-403f-b8c4-74c0c2b03a1f"}}
2015-12-21 06:28:35,885 20330 INFO     [tempest_lib.common.rest_client] Request (TestNetworkAdvancedServerOps:test_server_connectivity_pause_unpause): 201 POST http://10.0.2.15:9696/v2.0/networks 0.131s
2015-12-21 06:28:35,886 20330 DEBUG    [tempest_lib.common.rest_client] Request - Headers: {'Content-Type': 'application/json', 'Accept': 'application/json', 'X-Auth-Token': '&lt;omitted&gt;'}
        Body: {"network": {"tenant_id": "d464776caf37453b823dd408af775323", "name": "tempest-network-smoke--1827847622"}}
    Response - Headers: {'status': '201', 'content-length': '296', 'connection': 'close', 'date': 'Mon, 21 Dec 2015 06:28:35 GMT', 'content-type': 'application/json; charset=UTF-8', 'x-openstack-request-id': 'req-3f877f24-a4b2-40c3-8326-4762c58e5129'}
        Body: {"network": {"status": "ACTIVE", "subnets": [], "name": "tempest-network-smoke--1827847622", "admin_state_up": true, "tenant_id": "d464776caf37453b823dd408af775323", "mtu": 0, "router:external": false, "shared": false, "port_security_enabled": true, "id": "08a6fb6c-a632-4514-8ec7-63881cf70cd9"}}
2015-12-21 06:28:35,957 20330 INFO     [tempest_lib.common.rest_client] Request (TestNetworkAdvancedServerOps:test_server_connectivity_pause_unpause): 201 POST http://10.0.2.15:9696/v2.0/routers 0.070s
2015-12-21 06:28:35,958 20330 DEBUG    [tempest_lib.common.rest_client] Request - Headers: {'Content-Type': 'application/json', 'Accept': 'application/json', 'X-Auth-Token': '&lt;omitted&gt;'}
        Body: {"router": {"tenant_id": "d464776caf37453b823dd408af775323", "name": "tempest-router-smoke-1494299799", "admin_state_up": true}}
    Response - Headers: {'status': '201', 'content-length': '239', 'connection': 'close', 'date': 'Mon, 21 Dec 2015 06:28:35 GMT', 'content-type': 'application/json; charset=UTF-8', 'x-openstack-request-id': 'req-ff2b1101-fc19-4e7a-a68a-14c0d4a983bb'}
        Body: {"router": {"status": "ACTIVE", "external_gateway_info": null, "name": "tempest-router-smoke-1494299799", "admin_state_up": true, "tenant_id": "d464776caf37453b823dd408af775323", "routes": [], "id": "39355b7e-5dde-491c-a8c2-f66fa9bc9871"}}
2015-12-21 06:28:36,001 20330 INFO     [tempest_lib.common.rest_client] Request (TestNetworkAdvancedServerOps:test_server_connectivity_pause_unpause): 200 GET http://10.0.2.15:9696/v2.0/routers/39355b7e-5dde-491c-a8c2-f66fa9bc9871 0.042s
2015-12-21 06:28:36,001 20330 DEBUG    [tempest_lib.common.rest_client] Request - Headers: {'Content-Type': 'application/json', 'Accept': 'application/json', 'X-Auth-Token': '&lt;omitted&gt;'}
        Body: None
    Response - Headers: {'status': '200', 'content-length': '239', 'content-location': 'http://10.0.2.15:9696/v2.0/routers/39355b7e-5dde-491c-a8c2-f66fa9bc9871', 'connection': 'close', 'date': 'Mon, 21 Dec 2015 06:28:35 GMT', 'content-type': 'application/json; charset=UTF-8', 'x-openstack-request-id': 'req-2e0bbed4-2649-4e63-b59d-c9dda9f3dbaf'}
        Body: {"router": {"status": "ACTIVE", "external_gateway_info": null, "name": "tempest-router-smoke-1494299799", "admin_state_up": true, "tenant_id": "d464776caf37453b823dd408af775323", "routes": [], "id": "39355b7e-5dde-491c-a8c2-f66fa9bc9871"}}
2015-12-21 06:28:36,513 20330 INFO     [tempest_lib.common.rest_client] Request (TestNetworkAdvancedServerOps:test_server_connectivity_pause_unpause): 200 PUT http://10.0.2.15:9696/v2.0/routers/39355b7e-5dde-491c-a8c2-f66fa9bc9871 0.510s
2015-12-21 06:28:36,513 20330 DEBUG    [tempest_lib.common.rest_client] Request - Headers: {'Content-Type': 'application/json', 'Accept': 'application/json', 'X-Auth-Token': '&lt;omitted&gt;'}
        Body: {"router": {"external_gateway_info": {"network_id": "39f38f19-a0b0-4bd7-b2b0-e78c205bf2f6"}, "name": "tempest-router-smoke-1494299799", "admin_state_up": true}}
    Response - Headers: {'status': '200', 'content-length': '501', 'connection': 'close', 'date': 'Mon, 21 Dec 2015 06:28:36 GMT', 'content-type': 'application/json; charset=UTF-8', 'x-openstack-request-id': 'req-29bf0241-1b72-4644-9c22-27385e783eff'}
        Body: {"router": {"status": "ACTIVE", "external_gateway_info": {"network_id": "39f38f19-a0b0-4bd7-b2b0-e78c205bf2f6", "enable_snat": true, "external_fixed_ips": [{"subnet_id": "500112e3-d99e-4b0e-8871-2f619e02e8e5", "ip_address": "172.24.4.3"}, {"subnet_id": "439eabc8-1318-4306-8aaa-2b467a66238b", "ip_address": "2001:db8::3"}]}, "name": "tempest-router-smoke-1494299799", "admin_state_up": true, "tenant_id": "d464776caf37453b823dd408af775323", "routes": [], "id": "39355b7e-5dde-491c-a8c2-f66fa9bc9871"}}
2015-12-21 06:28:36,733 20330 INFO     [tempest_lib.common.rest_client] Request (TestNetworkAdvancedServerOps:test_server_connectivity_pause_unpause): 200 GET http://10.0.2.15:9696/v2.0/subnets?tenant_id=d464776caf37453b823dd408af775323&amp;cidr=10.100.0.0%2F28 0.218s
2015-12-21 06:28:36,733 20330 DEBUG    [tempest_lib.common.rest_client] Request - Headers: {'Content-Type': 'application/json', 'Accept': 'application/json', 'X-Auth-Token': '&lt;omitted&gt;'}
        Body: None
    Response - Headers: {'status': '200', 'content-length': '15', 'content-location': 'http://10.0.2.15:9696/v2.0/subnets?tenant_id=d464776caf37453b823dd408af775323&amp;cidr=10.100.0.0%2F28', 'connection': 'close', 'date': 'Mon, 21 Dec 2015 06:28:36 GMT', 'content-type': 'application/json; charset=UTF-8', 'x-openstack-request-id': 'req-7dce1920-bb67-4d2d-9d91-733094b9b734'}
        Body: {"subnets": []}
2015-12-21 06:28:37,036 20330 INFO     [tempest_lib.common.rest_client] Request (TestNetworkAdvancedServerOps:test_server_connectivity_pause_unpause): 201 POST http://10.0.2.15:9696/v2.0/subnets 0.302s
2015-12-21 06:28:37,036 20330 DEBUG    [tempest_lib.common.rest_client] Request - Headers: {'Content-Type': 'application/json', 'Accept': 'application/json', 'X-Auth-Token': '&lt;omitted&gt;'}
        Body: {"subnet": {"ip_version": 4, "tenant_id": "d464776caf37453b823dd408af775323", "cidr": "10.100.0.0/28", "network_id": "08a6fb6c-a632-4514-8ec7-63881cf70cd9", "name": "tempest-subnet-smoke-1825236880"}}
    Response - Headers: {'status': '201', 'content-length': '478', 'connection': 'close', 'date': 'Mon, 21 Dec 2015 06:28:37 GMT', 'content-type': 'application/json; charset=UTF-8', 'x-openstack-request-id': 'req-719a0c2b-b85c-4084-b65c-349e0301566f'}
        Body: {"subnet": {"name": "tempest-subnet-smoke-1825236880", "enable_dhcp": true, "network_id": "08a6fb6c-a632-4514-8ec7-63881cf70cd9", "tenant_id": "d464776caf37453b823dd408af775323", "dns_nameservers": [], "gateway_ip": "10.100.0.1", "ipv6_ra_mode": null, "allocation_pools": [{"start": "10.100.0.2", "end": "10.100.0.14"}], "host_routes": [], "ip_version": 4, "ipv6_address_mode": null, "cidr": "10.100.0.0/28", "id": "f0138673-a561-4ea1-b166-132d6dc39e1d", "subnetpool_id": null}}
2015-12-21 06:28:37,452 20330 INFO     [tempest_lib.common.rest_client] Request (TestNetworkAdvancedServerOps:test_server_connectivity_pause_unpause): 200 PUT http://10.0.2.15:9696/v2.0/routers/39355b7e-5dde-491c-a8c2-f66fa9bc9871/add_router_interface 0.414s
2015-12-21 06:28:37,452 20330 DEBUG    [tempest_lib.common.rest_client] Request - Headers: {'Content-Type': 'application/json', 'Accept': 'application/json', 'X-Auth-Token': '&lt;omitted&gt;'}
        Body: {"subnet_id": "f0138673-a561-4ea1-b166-132d6dc39e1d"}
    Response - Headers: {'status': '200', 'content-length': '255', 'connection': 'close', 'date': 'Mon, 21 Dec 2015 06:28:37 GMT', 'content-type': 'application/json; charset=UTF-8', 'x-openstack-request-id': 'req-bceca45e-b513-418e-8348-622495c5a7cd'}
        Body: {"subnet_id": "f0138673-a561-4ea1-b166-132d6dc39e1d", "tenant_id": "d464776caf37453b823dd408af775323", "subnet_ids": ["f0138673-a561-4ea1-b166-132d6dc39e1d"], "port_id": "1cb1a1e3-08f2-41de-8aa2-c7a101a39971", "id": "39355b7e-5dde-491c-a8c2-f66fa9bc9871"}
2015-12-21 06:28:37,538 20330 INFO     [tempest_lib.common.rest_client] Request (TestNetworkAdvancedServerOps:test_server_connectivity_pause_unpause): 200 POST http://10.0.2.15:5000/v2.0/tokens
2015-12-21 06:28:37,539 20330 DEBUG    [tempest_lib.common.rest_client] Request - Headers: {'Content-Type': 'application/json', 'Accept': 'application/json'}
        Body: &lt;omitted&gt;
    Response - Headers: {'status': '200', 'content-length': '2562', 'vary': 'X-Auth-Token', 'server': 'Apache/2.4.7 (Ubuntu)', 'connection': 'close', 'date': 'Mon, 21 Dec 2015 06:28:37 GMT', 'content-type': 'application/json', 'x-openstack-request-id': 'req-86391ded-a3f8-43cb-a348-db7b574beae7'}
        Body: {"access": {"token": {"issued_at": "2015-12-21T06:28:37.528320", "expires": "2015-12-21T07:28:37Z", "id": "085998b76d324ed59416473a2613cbde", "tenant": {"description": "tempest-TestNetworkAdvancedServerOps-90499718-desc", "enabled": true, "id": "d464776caf37453b823dd408af775323", "name": "tempest-TestNetworkAdvancedServerOps-90499718"}, "audit_ids": ["_kmwqp6vT4aqWuALJrfnaw"]}, "serviceCatalog": [{"endpoints": [{"adminURL": "http://10.0.2.15:8774/v2.1/d464776caf37453b823dd408af775323", "region": "RegionOne", "internalURL": "http://10.0.2.15:8774/v2.1/d464776caf37453b823dd408af775323", "id": "33b5fa3ea8654a579a8827a02581aad5", "publicURL": "http://10.0.2.15:8774/v2.1/d464776caf37453b823dd408af775323"}], "endpoints_links": [], "type": "compute", "name": "nova"}, {"endpoints": [{"adminURL": "http://10.0.2.15:9696/", "region": "RegionOne", "internalURL": "http://10.0.2.15:9696/", "id": "068a104cd031493db611d4c5c7795851", "publicURL": "http://10.0.2.15:9696/"}], "endpoints_links": [], "type": "network", "name": "neutron"}, {"endpoints": [{"adminURL": "http://10.0.2.15:9292", "region": "RegionOne", "internalURL": "http://10.0.2.15:9292", "id": "288c9e36426841ef8e9ad674848256fd", "publicURL": "http://10.0.2.15:9292"}], "endpoints_links": [], "type": "image", "name": "glance"}, {"endpoints": [{"adminURL": "http://10.0.2.15:8774/v2/d464776caf37453b823dd408af775323", "region": "RegionOne", "internalURL": "http://10.0.2.15:8774/v2/d464776caf37453b823dd408af775323", "id": "c1b7697c549944baaeedc6de68c309bf", "publicURL": "http://10.0.2.15:8774/v2/d464776caf37453b823dd408af775323"}], "endpoints_links": [], "type": "compute_legacy", "name": "nova_legacy"}, {"endpoints": [{"adminURL": "http://10.0.2.15:8773/", "region": "RegionOne", "internalURL": "http://10.0.2.15:8773/", "id": "149491f68c2b4cc8afa68dd4fb50a794", "publicURL": "http://10.0.2.15:8773/"}], "endpoints_links": [], "type": "ec2", "name": "ec2"}, {"endpoints": [{"adminURL": "http://10.0.2.15:35357/v2.0", "region": "RegionOne", "internalURL": "http://10.0.2.15:5000/v2.0", "id": "0881679ea13c4e479a1e9657370ab62a", "publicURL": "http://10.0.2.15:5000/v2.0"}], "endpoints_links": [], "type": "identity", "name": "keystone"}], "user": {"username": "tempest-TestNetworkAdvancedServerOps-2086225792", "roles_links": [], "id": "de81bd09c79f4f5c9fe1e9052a8d3fc5", "roles": [{"name": "_member_"}, {"name": "Member"}], "name": "tempest-TestNetworkAdvancedServerOps-2086225792"}, "metadata": {"is_admin": 0, "roles": ["9fe2ff9ee4384b1894a90878d3e92bab", "fe3df1414d4d482ba7425301d3b743be"]}}}
2015-12-21 06:28:37,544 20330 DEBUG    [tempest.common.fixed_network] (TestNetworkAdvancedServerOps:test_server_connectivity_pause_unpause) No valid network provided or created, defaulting to fixed_network_name
2015-12-21 06:28:37,806 20330 INFO     [tempest_lib.common.rest_client] Request (TestNetworkAdvancedServerOps:test_server_connectivity_pause_unpause): 200 GET http://10.0.2.15:8774/v2.1/d464776caf37453b823dd408af775323/os-networks 0.262s
2015-12-21 06:28:37,807 20330 DEBUG    [tempest_lib.common.rest_client] Request - Headers: {'Content-Type': 'application/json', 'Accept': 'application/json', 'X-Auth-Token': '&lt;omitted&gt;'}
        Body: None
    Response - Headers: {'status': '200', 'content-length': '479', 'content-location': 'http://10.0.2.15:8774/v2.1/d464776caf37453b823dd408af775323/os-networks', 'x-compute-request-id': 'req-cfaaf9b5-0101-4690-ab0f-8ba7cafcf4b8', 'vary': 'X-OpenStack-Nova-API-Version', 'connection': 'close', 'x-openstack-nova-api-version': '2.1', 'date': 'Mon, 21 Dec 2015 06:28:37 GMT', 'content-type': 'application/json'}
        Body: {"networks": [{"cidr_v6": null, "dns2": null, "dns1": null, "gateway": null, "broadcast": null, "netmask": null, "gateway_v6": null, "cidr": null, "label": "public", "id": "39f38f19-a0b0-4bd7-b2b0-e78c205bf2f6", "netmask_v6": null}, {"cidr_v6": null, "dns2": null, "dns1": null, "gateway": null, "broadcast": null, "netmask": null, "gateway_v6": null, "cidr": null, "label": "tempest-network-smoke--1827847622", "id": "08a6fb6c-a632-4514-8ec7-63881cf70cd9", "netmask_v6": null}]}
2015-12-21 06:28:37,807 20330 WARNING  [tempest.common.fixed_network] (TestNetworkAdvancedServerOps:test_server_connectivity_pause_unpause) Network with name: private not found
2015-12-21 06:28:37,808 20330 INFO     [tempest.common.fixed_network] (TestNetworkAdvancedServerOps:test_server_connectivity_pause_unpause) Found network {} available for tenant
2015-12-21 06:28:39,062 20330 INFO     [tempest_lib.common.rest_client] Request (TestNetworkAdvancedServerOps:test_server_connectivity_pause_unpause): 202 POST http://10.0.2.15:8774/v2.1/d464776caf37453b823dd408af775323/servers 1.253s
2015-12-21 06:28:39,062 20330 DEBUG    [tempest_lib.common.rest_client] Request - Headers: {'Content-Type': 'application/json', 'Accept': 'application/json', 'X-Auth-Token': '&lt;omitted&gt;'}
        Body: {"server": {"name": "tempest.common.compute-instance-2113390068", "imageRef": "c9ab4f47-347c-4101-b91b-1f982ab866a4", "key_name": "tempest-TestNetworkAdvancedServerOps-88916222", "flavorRef": "42", "networks": [{"uuid": "08a6fb6c-a632-4514-8ec7-63881cf70cd9"}], "security_groups": [{"name": "tempest-secgroup-smoke-1869964675"}]}}
    Response - Headers: {'status': '202', 'content-length': '462', 'x-compute-request-id': 'req-46584514-8153-48df-a1a9-0b946bebdb73', 'vary': 'X-OpenStack-Nova-API-Version', 'connection': 'close', 'location': 'http://10.0.2.15:8774/v2.1/d464776caf37453b823dd408af775323/servers/dcad4480-01b1-4333-a060-19d9b2c03eaf', 'x-openstack-nova-api-version': '2.1', 'date': 'Mon, 21 Dec 2015 06:28:39 GMT', 'content-type': 'application/json'}
        Body: {"server": {"security_groups": [{"name": "tempest-secgroup-smoke-1869964675"}], "OS-DCF:diskConfig": "MANUAL", "id": "dcad4480-01b1-4333-a060-19d9b2c03eaf", "links": [{"href": "http://10.0.2.15:8774/v2.1/d464776caf37453b823dd408af775323/servers/dcad4480-01b1-4333-a060-19d9b2c03eaf", "rel": "self"}, {"href": "http://10.0.2.15:8774/d464776caf37453b823dd408af775323/servers/dcad4480-01b1-4333-a060-19d9b2c03eaf", "rel": "bookmark"}], "adminPass": "CQzjzTJR8oQ6"}}
2015-12-21 06:28:39,311 20330 INFO     [tempest_lib.common.rest_client] Request (TestNetworkAdvancedServerOps:test_server_connectivity_pause_unpause): 200 GET http://10.0.2.15:8774/v2.1/d464776caf37453b823dd408af775323/servers/dcad4480-01b1-4333-a060-19d9b2c03eaf 0.246s
2015-12-21 06:28:39,313 20330 DEBUG    [tempest_lib.common.rest_client] Request - Headers: {'Content-Type': 'application/json', 'Accept': 'application/json', 'X-Auth-Token': '&lt;omitted&gt;'}
        Body: None
    Response - Headers: {'status': '200', 'content-length': '1363', 'content-location': 'http://10.0.2.15:8774/v2.1/d464776caf37453b823dd408af775323/servers/dcad4480-01b1-4333-a060-19d9b2c03eaf', 'x-compute-request-id': 'req-9815d98d-2833-4f67-946b-f37bd5062c6b', 'vary': 'X-OpenStack-Nova-API-Version', 'connection': 'close', 'x-openstack-nova-api-version': '2.1', 'date': 'Mon, 21 Dec 2015 06:28:39 GMT', 'content-type': 'application/json'}
        Body: {"server": {"status": "BUILD", "updated": "2015-12-21T06:28:39Z", "hostId": "", "addresses": {}, "links": [{"href": "http://10.0.2.15:8774/v2.1/d464776caf37453b823dd408af775323/servers/dcad4480-01b1-4333-a060-19d9b2c03eaf", "rel": "self"}, {"href": "http://10.0.2.15:8774/d464776caf37453b823dd408af775323/servers/dcad4480-01b1-4333-a060-19d9b2c03eaf", "rel": "bookmark"}], "key_name": "tempest-TestNetworkAdvancedServerOps-88916222", "image": {"id": "c9ab4f47-347c-4101-b91b-1f982ab866a4", "links": [{"href": "http://10.0.2.15:8774/d464776caf37453b823dd408af775323/images/c9ab4f47-347c-4101-b91b-1f982ab866a4", "rel": "bookmark"}]}, "OS-EXT-STS:task_state": "scheduling", "OS-EXT-STS:vm_state": "building", "OS-SRV-USG:launched_at": null, "flavor": {"id": "42", "links": [{"href": "http://10.0.2.15:8774/d464776caf37453b823dd408af775323/flavors/42", "rel": "bookmark"}]}, "id": "dcad4480-01b1-4333-a060-19d9b2c03eaf", "OS-SRV-USG:terminated_at": null, "OS-EXT-AZ:availability_zone": "", "user_id": "de81bd09c79f4f5c9fe1e9052a8d3fc5", "name": "tempest.common.compute-instance-2113390068", "created": "2015-12-21T06:28:38Z", "tenant_id": "d464776caf37453b823dd408af775323", "OS-DCF:diskConfig": "MANUAL", "os-extended-volumes:volumes_attached": [], "accessIPv4": "", "accessIPv6": "", "progress": 0, "OS-EXT-STS:power_state": 0, "config_drive": "", "metadata": {}}}
2015-12-21 06:28:40,622 20330 INFO     [tempest_lib.common.rest_client] Request (TestNetworkAdvancedServerOps:test_server_connectivity_pause_unpause): 200 GET http://10.0.2.15:8774/v2.1/d464776caf37453b823dd408af775323/servers/dcad4480-01b1-4333-a060-19d9b2c03eaf 0.300s
2015-12-21 06:28:40,623 20330 DEBUG    [tempest_lib.common.rest_client] Request - Headers: {'Content-Type': 'application/json', 'Accept': 'application/json', 'X-Auth-Token': '&lt;omitted&gt;'}
        Body: None
    Response - Headers: {'status': '200', 'content-length': '1489', 'content-location': 'http://10.0.2.15:8774/v2.1/d464776caf37453b823dd408af775323/servers/dcad4480-01b1-4333-a060-19d9b2c03eaf', 'x-compute-request-id': 'req-f1f85f9c-a9de-42bd-8359-c3d65e5c57b7', 'vary': 'X-OpenStack-Nova-API-Version', 'connection': 'close', 'x-openstack-nova-api-version': '2.1', 'date': 'Mon, 21 Dec 2015 06:28:40 GMT', 'content-type': 'application/json'}
        Body: {"server": {"status": "BUILD", "updated": "2015-12-21T06:28:39Z", "hostId": "2b85605f3573302df27f14ec696bfa0e76734681cf7e87187712d3a2", "addresses": {}, "links": [{"href": "http://10.0.2.15:8774/v2.1/d464776caf37453b823dd408af775323/servers/dcad4480-01b1-4333-a060-19d9b2c03eaf", "rel": "self"}, {"href": "http://10.0.2.15:8774/d464776caf37453b823dd408af775323/servers/dcad4480-01b1-4333-a060-19d9b2c03eaf", "rel": "bookmark"}], "key_name": "tempest-TestNetworkAdvancedServerOps-88916222", "image": {"id": "c9ab4f47-347c-4101-b91b-1f982ab866a4", "links": [{"href": "http://10.0.2.15:8774/d464776caf37453b823dd408af775323/images/c9ab4f47-347c-4101-b91b-1f982ab866a4", "rel": "bookmark"}]}, "OS-EXT-STS:task_state": "spawning", "OS-EXT-STS:vm_state": "building", "OS-SRV-USG:launched_at": null, "flavor": {"id": "42", "links": [{"href": "http://10.0.2.15:8774/d464776caf37453b823dd408af775323/flavors/42", "rel": "bookmark"}]}, "id": "dcad4480-01b1-4333-a060-19d9b2c03eaf", "security_groups": [{"name": "tempest-secgroup-smoke-1869964675"}], "OS-SRV-USG:terminated_at": null, "OS-EXT-AZ:availability_zone": "nova", "user_id": "de81bd09c79f4f5c9fe1e9052a8d3fc5", "name": "tempest.common.compute-instance-2113390068", "created": "2015-12-21T06:28:38Z", "tenant_id": "d464776caf37453b823dd408af775323", "OS-DCF:diskConfig": "MANUAL", "os-extended-volumes:volumes_attached": [], "accessIPv4": "", "accessIPv6": "", "progress": 0, "OS-EXT-STS:power_state": 0, "config_drive": "", "metadata": {}}}
2015-12-21 06:28:40,632 20330 INFO     [tempest.common.waiters] State transition "BUILD/scheduling" ==&gt; "BUILD/spawning" after 1 second wait
2015-12-21 06:28:41,827 20330 INFO     [tempest_lib.common.rest_client] Request (TestNetworkAdvancedServerOps:test_server_connectivity_pause_unpause): 200 GET http://10.0.2.15:8774/v2.1/d464776caf37453b823dd408af775323/servers/dcad4480-01b1-4333-a060-19d9b2c03eaf 0.193s
2015-12-21 06:28:41,828 20330 DEBUG    [tempest_lib.common.rest_client] Request - Headers: {'Content-Type': 'application/json', 'Accept': 'application/json', 'X-Auth-Token': '&lt;omitted&gt;'}
        Body: None
    Response - Headers: {'status': '200', 'content-length': '1489', 'content-location': 'http://10.0.2.15:8774/v2.1/d464776caf37453b823dd408af775323/servers/dcad4480-01b1-4333-a060-19d9b2c03eaf', 'x-compute-request-id': 'req-2c4140e7-fafc-4417-919d-73af5fbe0a0d', 'vary': 'X-OpenStack-Nova-API-Version', 'connection': 'close', 'x-openstack-nova-api-version': '2.1', 'date': 'Mon, 21 Dec 2015 06:28:41 GMT', 'content-type': 'application/json'}
        Body: {"server": {"status": "BUILD", "updated": "2015-12-21T06:28:39Z", "hostId": "2b85605f3573302df27f14ec696bfa0e76734681cf7e87187712d3a2", "addresses": {}, "links": [{"href": "http://10.0.2.15:8774/v2.1/d464776caf37453b823dd408af775323/servers/dcad4480-01b1-4333-a060-19d9b2c03eaf", "rel": "self"}, {"href": "http://10.0.2.15:8774/d464776caf37453b823dd408af775323/servers/dcad4480-01b1-4333-a060-19d9b2c03eaf", "rel": "bookmark"}], "key_name": "tempest-TestNetworkAdvancedServerOps-88916222", "image": {"id": "c9ab4f47-347c-4101-b91b-1f982ab866a4", "links": [{"href": "http://10.0.2.15:8774/d464776caf37453b823dd408af775323/images/c9ab4f47-347c-4101-b91b-1f982ab866a4", "rel": "bookmark"}]}, "OS-EXT-STS:task_state": "spawning", "OS-EXT-STS:vm_state": "building", "OS-SRV-USG:launched_at": null, "flavor": {"id": "42", "links": [{"href": "http://10.0.2.15:8774/d464776caf37453b823dd408af775323/flavors/42", "rel": "bookmark"}]}, "id": "dcad4480-01b1-4333-a060-19d9b2c03eaf", "security_groups": [{"name": "tempest-secgroup-smoke-1869964675"}], "OS-SRV-USG:terminated_at": null, "OS-EXT-AZ:availability_zone": "nova", "user_id": "de81bd09c79f4f5c9fe1e9052a8d3fc5", "name": "tempest.common.compute-instance-2113390068", "created": "2015-12-21T06:28:38Z", "tenant_id": "d464776caf37453b823dd408af775323", "OS-DCF:diskConfig": "MANUAL", "os-extended-volumes:volumes_attached": [], "accessIPv4": "", "accessIPv6": "", "progress": 0, "OS-EXT-STS:power_state": 0, "config_drive": "", "metadata": {}}}
2015-12-21 06:28:43,012 20330 INFO     [tempest_lib.common.rest_client] Request (TestNetworkAdvancedServerOps:test_server_connectivity_pause_unpause): 200 GET http://10.0.2.15:8774/v2.1/d464776caf37453b823dd408af775323/servers/dcad4480-01b1-4333-a060-19d9b2c03eaf 0.173s
2015-12-21 06:28:43,012 20330 DEBUG    [tempest_lib.common.rest_client] Request - Headers: {'Content-Type': 'application/json', 'Accept': 'application/json', 'X-Auth-Token': '&lt;omitted&gt;'}
        Body: None
    Response - Headers: {'status': '200', 'content-length': '1661', 'content-location': 'http://10.0.2.15:8774/v2.1/d464776caf37453b823dd408af775323/servers/dcad4480-01b1-4333-a060-19d9b2c03eaf', 'x-compute-request-id': 'req-a7acf803-20a0-48c9-8fe9-f02af3aec60a', 'vary': 'X-OpenStack-Nova-API-Version', 'connection': 'close', 'x-openstack-nova-api-version': '2.1', 'date': 'Mon, 21 Dec 2015 06:28:43 GMT', 'content-type': 'application/json'}
        Body: {"server": {"status": "ACTIVE", "updated": "2015-12-21T06:28:42Z", "hostId": "2b85605f3573302df27f14ec696bfa0e76734681cf7e87187712d3a2", "addresses": {"tempest-network-smoke--1827847622": [{"OS-EXT-IPS-MAC:mac_addr": "fa:16:3e:6d:19:dd", "version": 4, "addr": "10.100.0.3", "OS-EXT-IPS:type": "fixed"}]}, "links": [{"href": "http://10.0.2.15:8774/v2.1/d464776caf37453b823dd408af775323/servers/dcad4480-01b1-4333-a060-19d9b2c03eaf", "rel": "self"}, {"href": "http://10.0.2.15:8774/d464776caf37453b823dd408af775323/servers/dcad4480-01b1-4333-a060-19d9b2c03eaf", "rel": "bookmark"}], "key_name": "tempest-TestNetworkAdvancedServerOps-88916222", "image": {"id": "c9ab4f47-347c-4101-b91b-1f982ab866a4", "links": [{"href": "http://10.0.2.15:8774/d464776caf37453b823dd408af775323/images/c9ab4f47-347c-4101-b91b-1f982ab866a4", "rel": "bookmark"}]}, "OS-EXT-STS:task_state": null, "OS-EXT-STS:vm_state": "active", "OS-SRV-USG:launched_at": "2015-12-21T06:28:42.000000", "flavor": {"id": "42", "links": [{"href": "http://10.0.2.15:8774/d464776caf37453b823dd408af775323/flavors/42", "rel": "bookmark"}]}, "id": "dcad4480-01b1-4333-a060-19d9b2c03eaf", "security_groups": [{"name": "tempest-secgroup-smoke-1869964675"}], "OS-SRV-USG:terminated_at": null, "OS-EXT-AZ:availability_zone": "nova", "user_id": "de81bd09c79f4f5c9fe1e9052a8d3fc5", "name": "tempest.common.compute-instance-2113390068", "created": "2015-12-21T06:28:38Z", "tenant_id": "d464776caf37453b823dd408af775323", "OS-DCF:diskConfig": "MANUAL", "os-extended-volumes:volumes_attached": [], "accessIPv4": "", "accessIPv6": "", "progress": 0, "OS-EXT-STS:power_state": 1, "config_drive": "True", "metadata": {}}}
2015-12-21 06:28:43,021 20330 INFO     [tempest.common.waiters] State transition "BUILD/spawning" ==&gt; "ACTIVE/None" after 4 second wait
2015-12-21 06:28:43,197 20330 INFO     [tempest_lib.common.rest_client] Request (TestNetworkAdvancedServerOps:test_server_connectivity_pause_unpause): 200 GET http://10.0.2.15:8774/v2.1/d464776caf37453b823dd408af775323/servers/dcad4480-01b1-4333-a060-19d9b2c03eaf 0.175s
2015-12-21 06:28:43,198 20330 DEBUG    [tempest_lib.common.rest_client] Request - Headers: {'Content-Type': 'application/json', 'Accept': 'application/json', 'X-Auth-Token': '&lt;omitted&gt;'}
        Body: None
    Response - Headers: {'status': '200', 'content-length': '1661', 'content-location': 'http://10.0.2.15:8774/v2.1/d464776caf37453b823dd408af775323/servers/dcad4480-01b1-4333-a060-19d9b2c03eaf', 'x-compute-request-id': 'req-8f0ebd16-86ca-4ddd-aee4-99bd2a951095', 'vary': 'X-OpenStack-Nova-API-Version', 'connection': 'close', 'x-openstack-nova-api-version': '2.1', 'date': 'Mon, 21 Dec 2015 06:28:43 GMT', 'content-type': 'application/json'}
        Body: {"server": {"status": "ACTIVE", "updated": "2015-12-21T06:28:42Z", "hostId": "2b85605f3573302df27f14ec696bfa0e76734681cf7e87187712d3a2", "addresses": {"tempest-network-smoke--1827847622": [{"OS-EXT-IPS-MAC:mac_addr": "fa:16:3e:6d:19:dd", "version": 4, "addr": "10.100.0.3", "OS-EXT-IPS:type": "fixed"}]}, "links": [{"href": "http://10.0.2.15:8774/v2.1/d464776caf37453b823dd408af775323/servers/dcad4480-01b1-4333-a060-19d9b2c03eaf", "rel": "self"}, {"href": "http://10.0.2.15:8774/d464776caf37453b823dd408af775323/servers/dcad4480-01b1-4333-a060-19d9b2c03eaf", "rel": "bookmark"}], "key_name": "tempest-TestNetworkAdvancedServerOps-88916222", "image": {"id": "c9ab4f47-347c-4101-b91b-1f982ab866a4", "links": [{"href": "http://10.0.2.15:8774/d464776caf37453b823dd408af775323/images/c9ab4f47-347c-4101-b91b-1f982ab866a4", "rel": "bookmark"}]}, "OS-EXT-STS:task_state": null, "OS-EXT-STS:vm_state": "active", "OS-SRV-USG:launched_at": "2015-12-21T06:28:42.000000", "flavor": {"id": "42", "links": [{"href": "http://10.0.2.15:8774/d464776caf37453b823dd408af775323/flavors/42", "rel": "bookmark"}]}, "id": "dcad4480-01b1-4333-a060-19d9b2c03eaf", "security_groups": [{"name": "tempest-secgroup-smoke-1869964675"}], "OS-SRV-USG:terminated_at": null, "OS-EXT-AZ:availability_zone": "nova", "user_id": "de81bd09c79f4f5c9fe1e9052a8d3fc5", "name": "tempest.common.compute-instance-2113390068", "created": "2015-12-21T06:28:38Z", "tenant_id": "d464776caf37453b823dd408af775323", "OS-DCF:diskConfig": "MANUAL", "os-extended-volumes:volumes_attached": [], "accessIPv4": "", "accessIPv6": "", "progress": 0, "OS-EXT-STS:power_state": 1, "config_drive": "True", "metadata": {}}}
2015-12-21 06:28:43,333 20330 INFO     [tempest_lib.common.rest_client] Request (TestNetworkAdvancedServerOps:test_server_connectivity_pause_unpause): 200 GET http://10.0.2.15:9696/v2.0/ports?status=ACTIVE&amp;fixed_ip=None&amp;device_id=dcad4480-01b1-4333-a060-19d9b2c03eaf 0.126s
2015-12-21 06:28:43,333 20330 DEBUG    [tempest_lib.common.rest_client] Request - Headers: {'Content-Type': 'application/json', 'Accept': 'application/json', 'X-Auth-Token': '&lt;omitted&gt;'}
        Body: None
    Response - Headers: {'status': '200', 'content-length': '895', 'content-location': 'http://10.0.2.15:9696/v2.0/ports?status=ACTIVE&amp;fixed_ip=None&amp;device_id=dcad4480-01b1-4333-a060-19d9b2c03eaf', 'connection': 'close', 'date': 'Mon, 21 Dec 2015 06:28:43 GMT', 'content-type': 'application/json; charset=UTF-8', 'x-openstack-request-id': 'req-7738b9c6-2f8d-4621-af5c-bc904b6b35df'}
        Body: {"ports": [{"status": "ACTIVE", "binding:host_id": "vagrant-ubuntu-trusty-64", "allowed_address_pairs": [], "extra_dhcp_opts": [], "dns_assignment": [{"hostname": "host-10-100-0-3", "ip_address": "10.100.0.3", "fqdn": "host-10-100-0-3.openstacklocal."}], "device_owner": "compute:None", "port_security_enabled": true, "binding:profile": {}, "fixed_ips": [{"subnet_id": "f0138673-a561-4ea1-b166-132d6dc39e1d", "ip_address": "10.100.0.3"}], "id": "cf5c27aa-4732-44f6-9866-75f7630980c8", "security_groups": ["b3ab9b58-42f8-403f-b8c4-74c0c2b03a1f"], "device_id": "dcad4480-01b1-4333-a060-19d9b2c03eaf", "name": "", "admin_state_up": true, "network_id": "08a6fb6c-a632-4514-8ec7-63881cf70cd9", "dns_name": "", "binding:vif_details": {"port_filter": true}, "binding:vnic_type": "normal", "binding:vif_type": "ovs", "tenant_id": "d464776caf37453b823dd408af775323", "mac_address": "fa:16:3e:6d:19:dd"}]}
2015-12-21 06:28:43,708 20330 INFO     [tempest_lib.common.rest_client] Request (TestNetworkAdvancedServerOps:test_server_connectivity_pause_unpause): 201 POST http://10.0.2.15:9696/v2.0/floatingips 0.374s
2015-12-21 06:28:43,708 20330 DEBUG    [tempest_lib.common.rest_client] Request - Headers: {'Content-Type': 'application/json', 'Accept': 'application/json', 'X-Auth-Token': '&lt;omitted&gt;'}
        Body: {"floatingip": {"floating_network_id": "39f38f19-a0b0-4bd7-b2b0-e78c205bf2f6", "tenant_id": "d464776caf37453b823dd408af775323", "fixed_ip_address": "10.100.0.3", "port_id": "cf5c27aa-4732-44f6-9866-75f7630980c8"}}
    Response - Headers: {'status': '201', 'content-length': '367', 'connection': 'close', 'date': 'Mon, 21 Dec 2015 06:28:43 GMT', 'content-type': 'application/json; charset=UTF-8', 'x-openstack-request-id': 'req-5a91aec3-90e9-4512-aca8-cf850ab08932'}
        Body: {"floatingip": {"floating_network_id": "39f38f19-a0b0-4bd7-b2b0-e78c205bf2f6", "router_id": "39355b7e-5dde-491c-a8c2-f66fa9bc9871", "fixed_ip_address": "10.100.0.3", "floating_ip_address": "172.24.4.4", "tenant_id": "d464776caf37453b823dd408af775323", "status": "DOWN", "port_id": "cf5c27aa-4732-44f6-9866-75f7630980c8", "id": "1038e6f3-397f-423a-bea6-207a6f6fdcb3"}}
2015-12-21 06:28:43,888 20330 INFO     [tempest_lib.common.rest_client] Request (TestNetworkAdvancedServerOps:test_server_connectivity_pause_unpause): 200 GET http://10.0.2.15:8774/v2.1/d464776caf37453b823dd408af775323/servers/dcad4480-01b1-4333-a060-19d9b2c03eaf 0.179s
2015-12-21 06:28:43,888 20330 DEBUG    [tempest_lib.common.rest_client] Request - Headers: {'Content-Type': 'application/json', 'Accept': 'application/json', 'X-Auth-Token': '&lt;omitted&gt;'}
        Body: None
    Response - Headers: {'status': '200', 'content-length': '1661', 'content-location': 'http://10.0.2.15:8774/v2.1/d464776caf37453b823dd408af775323/servers/dcad4480-01b1-4333-a060-19d9b2c03eaf', 'x-compute-request-id': 'req-bfac9d49-d4de-4de4-86a8-9c3f9f809331', 'vary': 'X-OpenStack-Nova-API-Version', 'connection': 'close', 'x-openstack-nova-api-version': '2.1', 'date': 'Mon, 21 Dec 2015 06:28:43 GMT', 'content-type': 'application/json'}
        Body: {"server": {"status": "ACTIVE", "updated": "2015-12-21T06:28:42Z", "hostId": "2b85605f3573302df27f14ec696bfa0e76734681cf7e87187712d3a2", "addresses": {"tempest-network-smoke--1827847622": [{"OS-EXT-IPS-MAC:mac_addr": "fa:16:3e:6d:19:dd", "version": 4, "addr": "10.100.0.3", "OS-EXT-IPS:type": "fixed"}]}, "links": [{"href": "http://10.0.2.15:8774/v2.1/d464776caf37453b823dd408af775323/servers/dcad4480-01b1-4333-a060-19d9b2c03eaf", "rel": "self"}, {"href": "http://10.0.2.15:8774/d464776caf37453b823dd408af775323/servers/dcad4480-01b1-4333-a060-19d9b2c03eaf", "rel": "bookmark"}], "key_name": "tempest-TestNetworkAdvancedServerOps-88916222", "image": {"id": "c9ab4f47-347c-4101-b91b-1f982ab866a4", "links": [{"href": "http://10.0.2.15:8774/d464776caf37453b823dd408af775323/images/c9ab4f47-347c-4101-b91b-1f982ab866a4", "rel": "bookmark"}]}, "OS-EXT-STS:task_state": null, "OS-EXT-STS:vm_state": "active", "OS-SRV-USG:launched_at": "2015-12-21T06:28:42.000000", "flavor": {"id": "42", "links": [{"href": "http://10.0.2.15:8774/d464776caf37453b823dd408af775323/flavors/42", "rel": "bookmark"}]}, "id": "dcad4480-01b1-4333-a060-19d9b2c03eaf", "security_groups": [{"name": "tempest-secgroup-smoke-1869964675"}], "OS-SRV-USG:terminated_at": null, "OS-EXT-AZ:availability_zone": "nova", "user_id": "de81bd09c79f4f5c9fe1e9052a8d3fc5", "name": "tempest.common.compute-instance-2113390068", "created": "2015-12-21T06:28:38Z", "tenant_id": "d464776caf37453b823dd408af775323", "OS-DCF:diskConfig": "MANUAL", "os-extended-volumes:volumes_attached": [], "accessIPv4": "", "accessIPv6": "", "progress": 0, "OS-EXT-STS:power_state": 1, "config_drive": "True", "metadata": {}}}
2015-12-21 06:28:43,897 20330 INFO     [tempest.scenario.manager] Tenant networks not configured to be reachable.
2015-12-21 06:28:43,914 20330 INFO     [tempest_lib.common.rest_client] Request (TestNetworkAdvancedServerOps:test_server_connectivity_pause_unpause): 200 GET http://10.0.2.15:9696/v2.0/floatingips/1038e6f3-397f-423a-bea6-207a6f6fdcb3 0.015s
2015-12-21 06:28:43,914 20330 DEBUG    [tempest_lib.common.rest_client] Request - Headers: {'Content-Type': 'application/json', 'Accept': 'application/json', 'X-Auth-Token': '&lt;omitted&gt;'}
        Body: None
    Response - Headers: {'status': '200', 'content-length': '367', 'content-location': 'http://10.0.2.15:9696/v2.0/floatingips/1038e6f3-397f-423a-bea6-207a6f6fdcb3', 'connection': 'close', 'date': 'Mon, 21 Dec 2015 06:28:43 GMT', 'content-type': 'application/json; charset=UTF-8', 'x-openstack-request-id': 'req-225a1795-6f83-453f-9679-bb62863ab8e2'}
        Body: {"floatingip": {"floating_network_id": "39f38f19-a0b0-4bd7-b2b0-e78c205bf2f6", "router_id": "39355b7e-5dde-491c-a8c2-f66fa9bc9871", "fixed_ip_address": "10.100.0.3", "floating_ip_address": "172.24.4.4", "tenant_id": "d464776caf37453b823dd408af775323", "status": "DOWN", "port_id": "cf5c27aa-4732-44f6-9866-75f7630980c8", "id": "1038e6f3-397f-423a-bea6-207a6f6fdcb3"}}
2015-12-21 06:28:44,928 20330 INFO     [tempest_lib.common.rest_client] Request (TestNetworkAdvancedServerOps:test_server_connectivity_pause_unpause): 200 GET http://10.0.2.15:9696/v2.0/floatingips/1038e6f3-397f-423a-bea6-207a6f6fdcb3 0.012s
2015-12-21 06:28:44,929 20330 DEBUG    [tempest_lib.common.rest_client] Request - Headers: {'Content-Type': 'application/json', 'Accept': 'application/json', 'X-Auth-Token': '&lt;omitted&gt;'}
        Body: None
    Response - Headers: {'status': '200', 'content-length': '369', 'content-location': 'http://10.0.2.15:9696/v2.0/floatingips/1038e6f3-397f-423a-bea6-207a6f6fdcb3', 'connection': 'close', 'date': 'Mon, 21 Dec 2015 06:28:44 GMT', 'content-type': 'application/json; charset=UTF-8', 'x-openstack-request-id': 'req-fe33bc55-3953-4130-9bb9-0f73bc1966ee'}
        Body: {"floatingip": {"floating_network_id": "39f38f19-a0b0-4bd7-b2b0-e78c205bf2f6", "router_id": "39355b7e-5dde-491c-a8c2-f66fa9bc9871", "fixed_ip_address": "10.100.0.3", "floating_ip_address": "172.24.4.4", "tenant_id": "d464776caf37453b823dd408af775323", "status": "ACTIVE", "port_id": "cf5c27aa-4732-44f6-9866-75f7630980c8", "id": "1038e6f3-397f-423a-bea6-207a6f6fdcb3"}}
2015-12-21 06:28:44,929 20330 INFO     [tempest.scenario.manager] FloatingIP: &lt;"FloatingIP" addr="172.24.4.4" id="1038e6f3-397f-423a-bea6-207a6f6fdcb3"&gt; is at status: ACTIVE
2015-12-21 06:28:44,929 20330 DEBUG    [tempest.scenario.manager] checking network connections to IP 172.24.4.4 with user: cirros
2015-12-21 06:28:44,930 20330 DEBUG    [tempest.scenario.manager] TestNetworkAdvancedServerOps:test_server_connectivity_pause_unpause begins to ping 172.24.4.4 in 120 sec and the expected result is reachable
2015-12-21 06:30:46,254 20330 DEBUG    [tempest.scenario.manager] TestNetworkAdvancedServerOps:test_server_connectivity_pause_unpause finishes ping 172.24.4.4 in 120 sec and the ping result is unexpected
2015-12-21 06:30:46,256 20330 ERROR    [tempest.scenario.manager] Public network connectivity check failed
2015-12-21 06:30:46.256 20330 ERROR tempest.scenario.manager Traceback (most recent call last):
2015-12-21 06:30:46.256 20330 ERROR tempest.scenario.manager   File "tempest/scenario/manager.py", line 608, in check_public_network_connectivity
2015-12-21 06:30:46.256 20330 ERROR tempest.scenario.manager     should_connect=should_connect)
2015-12-21 06:30:46.256 20330 ERROR tempest.scenario.manager   File "tempest/scenario/manager.py", line 592, in check_vm_connectivity
2015-12-21 06:30:46.256 20330 ERROR tempest.scenario.manager     msg=msg)
2015-12-21 06:30:46.256 20330 ERROR tempest.scenario.manager   File "/usr/local/lib/python2.7/dist-packages/unittest2/case.py", line 702, in assertTrue
2015-12-21 06:30:46.256 20330 ERROR tempest.scenario.manager     raise self.failureException(msg)
2015-12-21 06:30:46.256 20330 ERROR tempest.scenario.manager AssertionError: False is not true : Timed out waiting for 172.24.4.4 to become reachable
2015-12-21 06:30:46.256 20330 ERROR tempest.scenario.manager 
2015-12-21 06:30:46,482 20330 INFO     [tempest_lib.common.rest_client] Request (TestNetworkAdvancedServerOps:test_server_connectivity_pause_unpause): 200 POST http://10.0.2.15:8774/v2.1/d464776caf37453b823dd408af775323/servers/dcad4480-01b1-4333-a060-19d9b2c03eaf/action 0.223s
2015-12-21 06:30:46,483 20330 DEBUG    [tempest_lib.common.rest_client] Request - Headers: {'Content-Type': 'application/json', 'Accept': 'application/json', 'X-Auth-Token': '&lt;omitted&gt;'}
        Body: {"os-getConsoleOutput": {}}
    Response - Headers: {'status': '200', 'content-length': '17429', 'x-compute-request-id': 'req-02286488-1087-4c8e-90b4-6ce1743d2e31', 'vary': 'X-OpenStack-Nova-API-Version', 'connection': 'close', 'x-openstack-nova-api-version': '2.1', 'date': 'Mon, 21 Dec 2015 06:30:46 GMT', 'content-type': 'application/json'}
        Body: {"output": "[    0.000000] Initializing cgroup subsys cpuset\n[    0.000000] Initializing cgroup subsys cpu\n[    0.000000] Linux version 3.2.0-80-virtual (buildd@batsu) (gcc version 4.6.3 (Ubuntu/Linaro 4.6.3-1ubuntu5) ) #116-Ubuntu SMP Mon Mar 23 17:28:52 UTC 2015 (Ubuntu 3.2.0-80.116-virtual 3.2.68)\n[    0.000000] Command line: root=/dev/vda console=tty0 console=ttyS0 no_timer_check\n[    0.000000] KERNEL supported cpus:\n[    0.000000]   Intel GenuineIntel\n[    0.000000]   AMD AuthenticAMD\n[    0.000000]   Centaur CentaurHauls\n[    0.000000] BIOS-provided physical RAM map:\n[    0.000000]  BIOS-e820: 0000000000000000 - 000000000009fc00 (usable)\n[    0.000000]  BIOS-e820: 000000000009fc00 - 00000000000a0000 (reserved)\n[    0.000000]  BIOS-e820: 00000000000f0000 - 0000000000100000 (reserved)\n[    0.000000]  BIOS-e820: 0000000000100000 - 0000000003ffe000 (usable)\n[    0.000000]  BIOS-e820: 0000000003ffe000 - 0000000004000000 (reserved)\n[    0.000000]  BIOS-e820: 00000000fffc0000 - 0000000100000000 (reserved)\n[    0.000000] NX (Execute Disable) protection: active\n[    0.000000] SMBIOS 2.4 present.\n[    0.000000] No AGP bridge found\n[    0.000000] last_pfn = 0x3ffe max_arch_pfn = 0x400000000\n[    0.000000] x86 PAT enabled: cpu 0, old 0x7040600070406, new 0x7010600070106\n[    0.000000] found SMP MP-table at [ffff8800000f0b00] f0b00\n[    0.000000] init_memory_mapping: 0000000000000000-0000000003ffe000\n[    0.000000] RAMDISK: 03c5e000 - 03ff0000\n[    0.000000] ACPI: RSDP 00000000000f0950 00014 (v00 BOCHS )\n[    0.000000] ACPI: RSDT 0000000003fffbc1 00034 (v01 BOCHS  BXPCRSDT 00000001 BXPC 00000001)\n[    0.000000] ACPI: FACP 0000000003fff1c0 00074 (v01 BOCHS  BXPCFACP 00000001 BXPC 00000001)\n[    0.000000] ACPI: DSDT 0000000003ffe040 01180 (v01 BOCHS  BXPCDSDT 00000001 BXPC 00000001)\n[    0.000000] ACPI: FACS 0000000003ffe000 00040\n[    0.000000] ACPI: SSDT 0000000003fff234 008DD (v01 BOCHS  BXPCSSDT 00000001 BXPC 00000001)\n[    0.000000] ACPI: APIC 0000000003fffb11 00078 (v01 BOCHS  BXPCAPIC 00000001 BXPC 00000001)\n[    0.000000] ACPI: HPET 0000000003fffb89 00038 (v01 BOCHS  BXPCHPET 00000001 BXPC 00000001)\n[    0.000000] No NUMA configuration found\n[    0.000000] Faking a node at 0000000000000000-0000000003ffe000\n[    0.000000] Initmem setup node 0 0000000000000000-0000000003ffe000\n[    0.000000]   NODE_DATA [0000000003ff6000 - 0000000003ffafff]\n[    0.000000] Zone PFN ranges:\n[    0.000000]   DMA      0x00000010 -&gt; 0x00001000\n[    0.000000]   DMA32    0x00001000 -&gt; 0x00100000\n[    0.000000]   Normal   empty\n[    0.000000] Movable zone start PFN for each node\n[    0.000000] early_node_map[2] active PFN ranges\n[    0.000000]     0: 0x00000010 -&gt; 0x0000009f\n[    0.000000]     0: 0x00000100 -&gt; 0x00003ffe\n[    0.000000] ACPI: PM-Timer IO Port: 0xb008\n[    0.000000] ACPI: LAPIC (acpi_id[0x00] lapic_id[0x00] enabled)\n[    0.000000] ACPI: LAPIC_NMI (acpi_id[0xff] dfl dfl lint[0x1])\n[    0.000000] ACPI: IOAPIC (id[0x00] address[0xfec00000] gsi_base[0])\n[    0.000000] IOAPIC[0]: apic_id 0, version 17, address 0xfec00000, GSI 0-23\n[    0.000000] ACPI: INT_SRC_OVR (bus 0 bus_irq 0 global_irq 2 dfl dfl)\n[    0.000000] ACPI: INT_SRC_OVR (bus 0 bus_irq 5 global_irq 5 high level)\n[    0.000000] ACPI: INT_SRC_OVR (bus 0 bus_irq 9 global_irq 9 high level)\n[    0.000000] ACPI: INT_SRC_OVR (bus 0 bus_irq 10 global_irq 10 high level)\n[    0.000000] ACPI: INT_SRC_OVR (bus 0 bus_irq 11 global_irq 11 high level)\n[    0.000000] Using ACPI (MADT) for SMP configuration information\n[    0.000000] ACPI: HPET id: 0x8086a201 base: 0xfed00000\n[    0.000000] SMP: Allowing 1 CPUs, 0 hotplug CPUs\n[    0.000000] PM: Registered nosave memory: 000000000009f000 - 00000000000a0000\n[    0.000000] PM: Registered nosave memory: 00000000000a0000 - 00000000000f0000\n[    0.000000] PM: Registered nosave memory: 00000000000f0000 - 0000000000100000\n[    0.000000] Allocating PCI resources starting at 4000000 (gap: 4000000:fbfc0000)\n[    0.000000] Booting paravirtualized kernel on bare hardware\n[    0.000000] setup_pe
2015-12-21 06:30:46,486 20330 DEBUG    [tempest.scenario.manager] Console output for dcad4480-01b1-4333-a060-19d9b2c03eaf
body=
[    0.000000] Initializing cgroup subsys cpuset
[    0.000000] Initializing cgroup subsys cpu
[    0.000000] Linux version 3.2.0-80-virtual (buildd@batsu) (gcc version 4.6.3 (Ubuntu/Linaro 4.6.3-1ubuntu5) ) #116-Ubuntu SMP Mon Mar 23 17:28:52 UTC 2015 (Ubuntu 3.2.0-80.116-virtual 3.2.68)
[    0.000000] Command line: root=/dev/vda console=tty0 console=ttyS0 no_timer_check
[    0.000000] KERNEL supported cpus:
[    0.000000]   Intel GenuineIntel
[    0.000000]   AMD AuthenticAMD
[    0.000000]   Centaur CentaurHauls
[    0.000000] BIOS-provided physical RAM map:
[    0.000000]  BIOS-e820: 0000000000000000 - 000000000009fc00 (usable)
[    0.000000]  BIOS-e820: 000000000009fc00 - 00000000000a0000 (reserved)
[    0.000000]  BIOS-e820: 00000000000f0000 - 0000000000100000 (reserved)
[    0.000000]  BIOS-e820: 0000000000100000 - 0000000003ffe000 (usable)
[    0.000000]  BIOS-e820: 0000000003ffe000 - 0000000004000000 (reserved)
[    0.000000]  BIOS-e820: 00000000fffc0000 - 0000000100000000 (reserved)
[    0.000000] NX (Execute Disable) protection: active
[    0.000000] SMBIOS 2.4 present.
[    0.000000] No AGP bridge found
[    0.000000] last_pfn = 0x3ffe max_arch_pfn = 0x400000000
[    0.000000] x86 PAT enabled: cpu 0, old 0x7040600070406, new 0x7010600070106
[    0.000000] found SMP MP-table at [ffff8800000f0b00] f0b00
[    0.000000] init_memory_mapping: 0000000000000000-0000000003ffe000
[    0.000000] RAMDISK: 03c5e000 - 03ff0000
[    0.000000] ACPI: RSDP 00000000000f0950 00014 (v00 BOCHS )
[    0.000000] ACPI: RSDT 0000000003fffbc1 00034 (v01 BOCHS  BXPCRSDT 00000001 BXPC 00000001)
[    0.000000] ACPI: FACP 0000000003fff1c0 00074 (v01 BOCHS  BXPCFACP 00000001 BXPC 00000001)
[    0.000000] ACPI: DSDT 0000000003ffe040 01180 (v01 BOCHS  BXPCDSDT 00000001 BXPC 00000001)
[    0.000000] ACPI: FACS 0000000003ffe000 00040
[    0.000000] ACPI: SSDT 0000000003fff234 008DD (v01 BOCHS  BXPCSSDT 00000001 BXPC 00000001)
[    0.000000] ACPI: APIC 0000000003fffb11 00078 (v01 BOCHS  BXPCAPIC 00000001 BXPC 00000001)
[    0.000000] ACPI: HPET 0000000003fffb89 00038 (v01 BOCHS  BXPCHPET 00000001 BXPC 00000001)
[    0.000000] No NUMA configuration found
[    0.000000] Faking a node at 0000000000000000-0000000003ffe000
[    0.000000] Initmem setup node 0 0000000000000000-0000000003ffe000
[    0.000000]   NODE_DATA [0000000003ff6000 - 0000000003ffafff]
[    0.000000] Zone PFN ranges:
[    0.000000]   DMA      0x00000010 -&gt; 0x00001000
[    0.000000]   DMA32    0x00001000 -&gt; 0x00100000
[    0.000000]   Normal   empty
[    0.000000] Movable zone start PFN for each node
[    0.000000] early_node_map[2] active PFN ranges
[    0.000000]     0: 0x00000010 -&gt; 0x0000009f
[    0.000000]     0: 0x00000100 -&gt; 0x00003ffe
[    0.000000] ACPI: PM-Timer IO Port: 0xb008
[    0.000000] ACPI: LAPIC (acpi_id[0x00] lapic_id[0x00] enabled)
[    0.000000] ACPI: LAPIC_NMI (acpi_id[0xff] dfl dfl lint[0x1])
[    0.000000] ACPI: IOAPIC (id[0x00] address[0xfec00000] gsi_base[0])
[    0.000000] IOAPIC[0]: apic_id 0, version 17, address 0xfec00000, GSI 0-23
[    0.000000] ACPI: INT_SRC_OVR (bus 0 bus_irq 0 global_irq 2 dfl dfl)
[    0.000000] ACPI: INT_SRC_OVR (bus 0 bus_irq 5 global_irq 5 high level)
[    0.000000] ACPI: INT_SRC_OVR (bus 0 bus_irq 9 global_irq 9 high level)
[    0.000000] ACPI: INT_SRC_OVR (bus 0 bus_irq 10 global_irq 10 high level)
[    0.000000] ACPI: INT_SRC_OVR (bus 0 bus_irq 11 global_irq 11 high level)
[    0.000000] Using ACPI (MADT) for SMP configuration information
[    0.000000] ACPI: HPET id: 0x8086a201 base: 0xfed00000
[    0.000000] SMP: Allowing 1 CPUs, 0 hotplug CPUs
[    0.000000] PM: Registered nosave memory: 000000000009f000 - 00000000000a0000
[    0.000000] PM: Registered nosave memory: 00000000000a0000 - 00000000000f0000
[    0.000000] PM: Registered nosave memory: 00000000000f0000 - 0000000000100000
[    0.000000] Allocating PCI resources starting at 4000000 (gap: 4000000:fbfc0000)
[    0.000000] Booting paravirtualized kernel on bare hardware
[    0.000000] setup_percpu: NR_CPUS:64 nr_cpumask_bits:64 nr_cpu_ids:1 nr_node_ids:1
[    0.000000] PERCPU: Embedded 27 pages/cpu @ffff880003a00000 s78848 r8192 d23552 u2097152
[    0.000000] Built 1 zonelists in Node order, mobility grouping on.  Total pages: 16008
[    0.000000] Policy zone: DMA32
[    0.000000] Kernel command line: root=/dev/vda console=tty0 console=ttyS0 no_timer_check
[    0.000000] PID hash table entries: 256 (order: -1, 2048 bytes)
[    0.000000] Checking aperture...
[    0.000000] No AGP bridge found
[    0.000000] Memory: 43492k/65528k available (6576k kernel code, 452k absent, 21584k reserved, 6620k data, 928k init)
[    0.000000] SLUB: Genslabs=15, HWalign=64, Order=0-3, MinObjects=0, CPUs=1, Nodes=1
[    0.000000] Hierarchical RCU implementation.
[    0.000000] 	RCU dyntick-idle grace-period acceleration is enabled.
[    0.000000] NR_IRQS:4352 nr_irqs:256 16
[    0.000000] Console: colour VGA+ 80x25
[    0.000000] console [tty0] enabled
[    0.000000] console [ttyS0] enabled
[    0.000000] allocated 1048576 bytes of page_cgroup
[    0.000000] please try 'cgroup_disable=memory' option if you don't want memory cgroups
[    0.000000] Fast TSC calibration failed
[    0.000000] TSC: Unable to calibrate against PIT
[    0.000000] TSC: using HPET reference calibration
[    0.000000] Detected 2292.910 MHz processor.
[    0.028863] Calibrating delay loop (skipped), value calculated using timer frequency.. 4585.82 BogoMIPS (lpj=9171640)
[    0.032768] pid_max: default: 32768 minimum: 301
[    0.042010] Security Framework initialized
[    0.048643] AppArmor: AppArmor initialized
[    0.049357] Yama: becoming mindful.
[    0.056263] Dentry cache hash table entries: 8192 (order: 4, 65536 bytes)
[    0.057664] Inode-cache hash table entries: 4096 (order: 3, 32768 bytes)
[    0.060283] Mount-cache hash table entries: 256
[    0.073598] Initializing cgroup subsys cpuacct
[    0.074200] Initializing cgroup subsys memory
[    0.076559] Initializing cgroup subsys devices
[    0.077282] Initializing cgroup subsys freezer
[    0.077904] Initializing cgroup subsys blkio
[    0.078585] Initializing cgroup subsys perf_event
[    0.084129] mce: CPU supports 10 MCE banks
[    0.085837] SMP alternatives: switching to UP code
[    0.468517] Freeing SMP alternatives: 24k freed
[    0.470193] ACPI: Core revision 20110623
[    0.518359] ftrace: allocating 26610 entries in 105 pages
[    0.559266] ..TIMER: vector=0x30 apic1=0 pin1=2 apic2=-1 pin2=-1
[    0.560218] CPU0: AMD QEMU Virtual CPU version 2.0.0 stepping 03
[    0.564034] Performance Events: Broken PMU hardware detected, using software events only.
[    0.574484] NMI watchdog disabled (cpu0): hardware events not enabled
[    0.577100] Brought up 1 CPUs
[    0.577840] Total of 1 processors activated (4585.82 BogoMIPS).
[    0.599171] devtmpfs: initialized
[    0.628746] EVM: security.selinux
[    0.629985] EVM: security.SMACK64
[    0.630412] EVM: security.capability
[    0.652711] print_constraints: dummy: 
[    0.655118] RTC time:  6:28:46, date: 12/21/15
[    0.658107] NET: Registered protocol family 16
[    0.666943] ACPI: bus type pci registered
[    0.670100] PCI: Using configuration type 1 for base access
[    0.697539] bio: create slab &lt;bio-0&gt; at 0
[    0.702328] ACPI: Added _OSI(Module Device)
[    0.704152] ACPI: Added _OSI(Processor Device)
[    0.704757] ACPI: Added _OSI(3.0 _SCP Extensions)
[    0.705370] ACPI: Added _OSI(Processor Aggregator Device)
[    0.774206] ACPI: Interpreter enabled
[    0.775194] ACPI: (supports S0 S3 S4 S5)
[    0.777529] ACPI: Using IOAPIC for interrupt routing
[    0.850014] ACPI: No dock devices found.
[    0.850679] HEST: Table not found.
[    0.852219] PCI: Using host bridge windows from ACPI; if necessary, use "pci=nocrs" and report a bug
[    0.858584] ACPI: PCI Root Bridge [PCI0] (domain 0000 [bus 00-ff])
[    0.865155] pci_root PNP0A03:00: host bridge window [io  0x0000-0x0cf7]
[    0.865994] pci_root PNP0A03:00: host bridge window [io  0x0d00-0xadff]
[    0.866780] pci_root PNP0A03:00: host bridge window [io  0xae0f-0xaeff]
[    0.867611] pci_root PNP0A03:00: host bridge window [io  0xaf20-0xafdf]
[    0.868107] pci_root PNP0A03:00: host bridge window [io  0xafe4-0xffff]
[    0.868992] pci_root PNP0A03:00: host bridge window [mem 0x000a0000-0x000bffff]
[    0.869822] pci_root PNP0A03:00: host bridge window [mem 0x04000000-0xfebfffff]
[    0.892943] pci 0000:00:01.3: quirk: [io  0xb000-0xb03f] claimed by PIIX4 ACPI
[    0.894701] pci 0000:00:01.3: quirk: [io  0xb100-0xb10f] claimed by PIIX4 SMB
[    0.959461]  pci0000:00: Unable to request _OSC control (_OSC support mask: 0x1e)
[    1.013403] ACPI: PCI Interrupt Link [LNKA] (IRQs 5 *10 11)
[    1.015275] ACPI: PCI Interrupt Link [LNKB] (IRQs 5 *10 11)
[    1.017392] ACPI: PCI Interrupt Link [LNKC] (IRQs 5 10 *11)
[    1.018981] ACPI: PCI Interrupt Link [LNKD] (IRQs 5 10 *11)
[    1.020973] ACPI: PCI Interrupt Link [LNKS] (IRQs *9)
[    1.026902] vgaarb: device added: PCI:0000:00:02.0,decodes=io+mem,owns=io+mem,locks=none
[    1.028182] vgaarb: loaded
[    1.028652] vgaarb: bridge control possible 0000:00:02.0
[    1.032283] i2c-core: driver [aat2870] using legacy suspend method
[    1.032988] i2c-core: driver [aat2870] using legacy resume method
[    1.036584] SCSI subsystem initialized
[    1.039466] usbcore: registered new interface driver usbfs
[    1.040617] usbcore: registered new interface driver hub
[    1.041748] usbcore: registered new device driver usb
[    1.045993] PCI: Using ACPI for IRQ routing
[    1.055348] NetLabel: Initializing
[    1.056135] NetLabel:  domain hash size = 128
[    1.056767] NetLabel:  protocols = UNLABELED CIPSOv4
[    1.059144] NetLabel:  unlabeled traffic allowed by default
[    1.061544] HPET: 3 timers in total, 0 timers will be used for per-cpu timer
[    1.062308] hpet0: at MMIO 0xfed00000, IRQs 2, 8, 0
[    1.064272] hpet0: 3 comparators, 64-bit 100.000000 MHz counter
[    1.077049] Switching to clocksource hpet
[    1.298506] AppArmor: AppArmor Filesystem Enabled
[    1.302014] pnp: PnP ACPI init
[    1.302623] ACPI: bus type pnp registered
[    1.322384] pnp: PnP ACPI: found 9 devices
[    1.322969] ACPI: ACPI bus type pnp unregistered
[    1.378195] NET: Registered protocol family 2
[    1.410975] IP route cache hash table entries: 512 (order: 0, 4096 bytes)
[    1.419680] TCP established hash table entries: 2048 (order: 3, 32768 bytes)
[    1.421926] TCP bind hash table entries: 2048 (order: 3, 32768 bytes)
[    1.422804] TCP: Hash tables configured (established 2048 bind 2048)
[    1.423650] TCP reno registered
[    1.424164] UDP hash table entries: 128 (order: 0, 4096 bytes)
[    1.425723] UDP-Lite hash table entries: 128 (order: 0, 4096 bytes)
[    1.428519] NET: Registered protocol family 1
[    1.429712] pci 0000:00:00.0: Limiting direct PCI/PCI transfers
[    1.430435] pci 0000:00:01.0: PIIX3: Enabling Passive Release
[    1.431603] pci 0000:00:01.0: Activating ISA DMA hang workarounds
[    1.436005] ACPI: PCI Interrupt Link [LNKD] enabled at IRQ 11
[    1.437712] pci 0000:00:01.2: PCI INT D -&gt; Link[LNKD] -&gt; GSI 11 (level, high) -&gt; IRQ 11
[    1.439719] pci 0000:00:01.2: PCI INT D disabled
[    1.456104] Trying to unpack rootfs image as initramfs...
[    1.471534] audit: initializing netlink socket (disabled)
[    1.473563] type=2000 audit(1450679326.472:1): initialized
[    1.714476] HugeTLB registered 2 MB page size, pre-allocated 0 pages
[    1.803490] VFS: Disk quotas dquot_6.5.2
[    1.805863] Dquot-cache hash table entries: 512 (order 0, 4096 bytes)
[    1.823914] fuse init (API version 7.17)
[    1.834014] msgmni has been set to 84
[    1.871054] Block layer SCSI generic (bsg) driver version 0.4 loaded (major 253)
[    1.873641] io scheduler noop registered
[    1.874152] io scheduler deadline registered (default)
[    1.875250] io scheduler cfq registered
[    1.878877] pci_hotplug: PCI Hot Plug PCI Core version: 0.5
[    1.881376] pciehp: PCI Express Hot Plug Controller Driver version: 0.4
[    1.886453] input: Power Button as /devices/LNXSYSTM:00/LNXPWRBN:00/input/input0
[    1.889156] ACPI: Power Button [PWRF]
[    1.946174] ERST: Table is not found!
[    1.946735] GHES: HEST is not enabled!
[    1.953862] ACPI: PCI Interrupt Link [LNKC] enabled at IRQ 10
[    1.954583] virtio-pci 0000:00:03.0: PCI INT A -&gt; Link[LNKC] -&gt; GSI 10 (level, high) -&gt; IRQ 10
[    1.958050] virtio-pci 0000:00:04.0: PCI INT A -&gt; Link[LNKD] -&gt; GSI 11 (level, high) -&gt; IRQ 11
[    1.970246] ACPI: PCI Interrupt Link [LNKA] enabled at IRQ 10
[    1.970965] virtio-pci 0000:00:05.0: PCI INT A -&gt; Link[LNKA] -&gt; GSI 10 (level, high) -&gt; IRQ 10
[    1.981720] Serial: 8250/16550 driver, 32 ports, IRQ sharing enabled
[    2.026745] serial8250: ttyS0 at I/O 0x3f8 (irq = 4) is a 16550A
[    2.108769] serial8250: ttyS1 at I/O 0x2f8 (irq = 3) is a 16550A
[    2.241294] 00:05: ttyS0 at I/O 0x3f8 (irq = 4) is a 16550A
[    2.327343] 00:06: ttyS1 at I/O 0x2f8 (irq = 3) is a 16550A
[    2.385468] Linux agpgart interface v0.103
[    2.445706] Refined TSC clocksource calibration: 2292.913 MHz.
[    2.446419] Switching to clocksource tsc
[    2.454617] brd: module loaded
[    2.485953] loop: module loaded
[    2.542801]  vda: unknown partition table
[    2.590121] scsi0 : ata_piix
[    2.593101] scsi1 : ata_piix
[    2.594394] ata1: PATA max MWDMA2 cmd 0x1f0 ctl 0x3f6 bmdma 0xc0a0 irq 14
[    2.595245] ata2: PATA max MWDMA2 cmd 0x170 ctl 0x376 bmdma 0xc0a8 irq 15
[    2.605848] Fixed MDIO Bus: probed
[    2.606663] tun: Universal TUN/TAP device driver, 1.6
[    2.607476] tun: (C) 1999-2004 Max Krasnyansky &lt;maxk@qualcomm.com&gt;
[    2.622610] PPP generic driver version 2.4.2
[    2.646577] ehci_hcd: USB 2.0 'Enhanced' Host Controller (EHCI) Driver
[    2.649241] ohci_hcd: USB 1.1 'Open' Host Controller (OHCI) Driver
[    2.649914] uhci_hcd: USB Universal Host Controller Interface driver
[    2.650860] uhci_hcd 0000:00:01.2: PCI INT D -&gt; Link[LNKD] -&gt; GSI 11 (level, high) -&gt; IRQ 11
[    2.654607] uhci_hcd 0000:00:01.2: UHCI Host Controller
[    2.666893] uhci_hcd 0000:00:01.2: new USB bus registered, assigned bus number 1
[    2.669685] uhci_hcd 0000:00:01.2: irq 11, io base 0x0000c040
[    2.698782] hub 1-0:1.0: USB hub found
[    2.701498] hub 1-0:1.0: 2 ports detected
[    2.708020] usbcore: registered new interface driver libusual
[    2.711878] i8042: PNP: PS/2 Controller [PNP0303:KBD,PNP0f13:MOU] at 0x60,0x64 irq 1,12
[    2.719617] serio: i8042 KBD port at 0x60,0x64 irq 1
[    2.721086] serio: i8042 AUX port at 0x60,0x64 irq 12
[    2.750776] mousedev: PS/2 mouse device common for all mice
[    2.765394] input: AT Translated Set 2 keyboard as /devices/platform/i8042/serio0/input/input1
[    2.770055] rtc_cmos 00:01: RTC can wake from S4
[    2.778051] rtc_cmos 00:01: rtc core: registered rtc_cmos as rtc0
[    2.782513] rtc0: alarms up to one day, 114 bytes nvram, hpet irqs
[    2.786078] device-mapper: uevent: version 1.0.3
[    2.816848] ata2.01: ATAPI: QEMU DVD-ROM, 2.0.0, max UDMA/100
[    2.824029] ata2.01: configured for MWDMA2
[    2.854587] device-mapper: ioctl: 4.22.0-ioctl (2011-10-19) initialised: dm-devel@redhat.com
[    2.857251] cpuidle: using governor ladder
[    2.858496] cpuidle: using governor menu
[    2.859462] EFI Variables Facility v0.08 2004-May-17
[    2.868449] TCP cubic registered
[    2.871593] NET: Registered protocol family 10
[    2.904039] NET: Registered protocol family 17
[    2.905980] Registering the dns_resolver key type
[    2.928868] scsi 1:0:1:0: CD-ROM            QEMU     QEMU DVD-ROM     2.0. PQ: 0 ANSI: 5
[    2.954274] sr0: scsi3-mmc drive: 4x/4x cd/rw xa/form2 tray
[    2.955772] cdrom: Uniform CD-ROM driver Revision: 3.20
[    2.975798] sr 1:0:1:0: Attached scsi generic sg0 type 5
[    3.018458] registered taskstats version 1
[    3.163459] Freeing initrd memory: 3656k freed
[    3.687346]   Magic number: 11:176:469
[    3.698396] rtc_cmos 00:01: setting system clock to 2015-12-21 06:28:49 UTC (1450679329)
[    3.702038] powernow-k8: Processor cpuid 663 not supported
[    3.709488] BIOS EDD facility v0.16 2004-Jun-25, 0 devices found
[    3.711610] EDD information not available.
[    3.788723] Freeing unused kernel memory: 928k freed
[    3.795129] Write protecting the kernel read-only data: 12288k
[    3.890410] Freeing unused kernel memory: 1596k freed
[    3.953465] Freeing unused kernel memory: 1184k freed

info: initramfs: up at 4.11
modprobe: module virtio_blk not found in modules.dep
modprobe: module virtio_net not found in modules.dep
info: copying initramfs to /dev/vda
info: initramfs loading root from /dev/vda
info: /etc/init.d/rc.sysinit: up at 8.98
info: container: none
Starting logging: OK
modprobe: module virtio_blk not found in modules.dep
modprobe: module virtio_net not found in modules.dep
WARN: /etc/rc3.d/S10-load-modules failed
Initializing random number generator... done.
Starting acpid: OK
cirros-ds 'local' up at 11.51
found datasource (configdrive, local)
Starting network...
udhcpc (v1.20.1) started
Sending discover...
Sending discover...

2015-12-21 06:30:46,697 20330 INFO     [tempest_lib.common.rest_client] Request (TestNetworkAdvancedServerOps:_run_cleanups): 204 DELETE http://10.0.2.15:9696/v2.0/floatingips/1038e6f3-397f-423a-bea6-207a6f6fdcb3 0.207s
2015-12-21 06:30:46,698 20330 DEBUG    [tempest_lib.common.rest_client] Request - Headers: {'Content-Type': 'application/json', 'Accept': 'application/json', 'X-Auth-Token': '&lt;omitted&gt;'}
        Body: None
    Response - Headers: {'date': 'Mon, 21 Dec 2015 06:30:46 GMT', 'status': '204', 'connection': 'close', 'content-length': '0', 'x-openstack-request-id': 'req-73e1e66a-eed8-4a8e-9b4c-12db703bfb20'}
        Body: 
2015-12-21 06:30:46,922 20330 INFO     [tempest_lib.common.rest_client] Request (TestNetworkAdvancedServerOps:_run_cleanups): 204 DELETE http://10.0.2.15:8774/v2.1/d464776caf37453b823dd408af775323/servers/dcad4480-01b1-4333-a060-19d9b2c03eaf 0.224s
2015-12-21 06:30:46,923 20330 DEBUG    [tempest_lib.common.rest_client] Request - Headers: {'Content-Type': 'application/json', 'Accept': 'application/json', 'X-Auth-Token': '&lt;omitted&gt;'}
        Body: None
    Response - Headers: {'status': '204', 'content-length': '0', 'x-compute-request-id': 'req-600e327f-9878-4d00-bf87-9350801b9e11', 'vary': 'X-OpenStack-Nova-API-Version', 'connection': 'close', 'x-openstack-nova-api-version': '2.1', 'date': 'Mon, 21 Dec 2015 06:30:46 GMT', 'content-type': 'application/json'}
        Body: 
2015-12-21 06:30:47,256 20330 INFO     [tempest_lib.common.rest_client] Request (TestNetworkAdvancedServerOps:_run_cleanups): 200 GET http://10.0.2.15:8774/v2.1/d464776caf37453b823dd408af775323/servers/dcad4480-01b1-4333-a060-19d9b2c03eaf 0.332s
2015-12-21 06:30:47,257 20330 DEBUG    [tempest_lib.common.rest_client] Request - Headers: {'Content-Type': 'application/json', 'Accept': 'application/json', 'X-Auth-Token': '&lt;omitted&gt;'}
        Body: None
    Response - Headers: {'status': '200', 'content-length': '1784', 'content-location': 'http://10.0.2.15:8774/v2.1/d464776caf37453b823dd408af775323/servers/dcad4480-01b1-4333-a060-19d9b2c03eaf', 'x-compute-request-id': 'req-07d54294-ee2b-46a9-bea3-c1bfab214347', 'vary': 'X-OpenStack-Nova-API-Version', 'connection': 'close', 'x-openstack-nova-api-version': '2.1', 'date': 'Mon, 21 Dec 2015 06:30:47 GMT', 'content-type': 'application/json'}
        Body: {"server": {"status": "ACTIVE", "updated": "2015-12-21T06:30:46Z", "hostId": "2b85605f3573302df27f14ec696bfa0e76734681cf7e87187712d3a2", "addresses": {"tempest-network-smoke--1827847622": [{"OS-EXT-IPS-MAC:mac_addr": "fa:16:3e:6d:19:dd", "version": 4, "addr": "10.100.0.3", "OS-EXT-IPS:type": "fixed"}, {"OS-EXT-IPS-MAC:mac_addr": "fa:16:3e:6d:19:dd", "version": 4, "addr": "172.24.4.4", "OS-EXT-IPS:type": "floating"}]}, "links": [{"href": "http://10.0.2.15:8774/v2.1/d464776caf37453b823dd408af775323/servers/dcad4480-01b1-4333-a060-19d9b2c03eaf", "rel": "self"}, {"href": "http://10.0.2.15:8774/d464776caf37453b823dd408af775323/servers/dcad4480-01b1-4333-a060-19d9b2c03eaf", "rel": "bookmark"}], "key_name": "tempest-TestNetworkAdvancedServerOps-88916222", "image": {"id": "c9ab4f47-347c-4101-b91b-1f982ab866a4", "links": [{"href": "http://10.0.2.15:8774/d464776caf37453b823dd408af775323/images/c9ab4f47-347c-4101-b91b-1f982ab866a4", "rel": "bookmark"}]}, "OS-EXT-STS:task_state": "deleting", "OS-EXT-STS:vm_state": "active", "OS-SRV-USG:launched_at": "2015-12-21T06:28:42.000000", "flavor": {"id": "42", "links": [{"href": "http://10.0.2.15:8774/d464776caf37453b823dd408af775323/flavors/42", "rel": "bookmark"}]}, "id": "dcad4480-01b1-4333-a060-19d9b2c03eaf", "security_groups": [{"name": "tempest-secgroup-smoke-1869964675"}], "OS-SRV-USG:terminated_at": null, "OS-EXT-AZ:availability_zone": "nova", "user_id": "de81bd09c79f4f5c9fe1e9052a8d3fc5", "name": "tempest.common.compute-instance-2113390068", "created": "2015-12-21T06:28:38Z", "tenant_id": "d464776caf37453b823dd408af775323", "OS-DCF:diskConfig": "MANUAL", "os-extended-volumes:volumes_attached": [], "accessIPv4": "", "accessIPv6": "", "progress": 0, "OS-EXT-STS:power_state": 1, "config_drive": "True", "metadata": {}}}
2015-12-21 06:30:48,415 20330 INFO     [tempest_lib.common.rest_client] Request (TestNetworkAdvancedServerOps:_run_cleanups): 200 GET http://10.0.2.15:8774/v2.1/d464776caf37453b823dd408af775323/servers/dcad4480-01b1-4333-a060-19d9b2c03eaf 0.147s
2015-12-21 06:30:48,416 20330 DEBUG    [tempest_lib.common.rest_client] Request - Headers: {'Content-Type': 'application/json', 'Accept': 'application/json', 'X-Auth-Token': '&lt;omitted&gt;'}
        Body: None
    Response - Headers: {'status': '200', 'content-length': '1448', 'content-location': 'http://10.0.2.15:8774/v2.1/d464776caf37453b823dd408af775323/servers/dcad4480-01b1-4333-a060-19d9b2c03eaf', 'x-compute-request-id': 'req-7e3f833d-9194-43f0-b6dd-bdb18b47049a', 'vary': 'X-OpenStack-Nova-API-Version', 'connection': 'close', 'x-openstack-nova-api-version': '2.1', 'date': 'Mon, 21 Dec 2015 06:30:48 GMT', 'content-type': 'application/json'}
        Body: {"server": {"status": "ACTIVE", "updated": "2015-12-21T06:30:47Z", "hostId": "2b85605f3573302df27f14ec696bfa0e76734681cf7e87187712d3a2", "addresses": {}, "links": [{"href": "http://10.0.2.15:8774/v2.1/d464776caf37453b823dd408af775323/servers/dcad4480-01b1-4333-a060-19d9b2c03eaf", "rel": "self"}, {"href": "http://10.0.2.15:8774/d464776caf37453b823dd408af775323/servers/dcad4480-01b1-4333-a060-19d9b2c03eaf", "rel": "bookmark"}], "key_name": "tempest-TestNetworkAdvancedServerOps-88916222", "image": {"id": "c9ab4f47-347c-4101-b91b-1f982ab866a4", "links": [{"href": "http://10.0.2.15:8774/d464776caf37453b823dd408af775323/images/c9ab4f47-347c-4101-b91b-1f982ab866a4", "rel": "bookmark"}]}, "OS-EXT-STS:task_state": "deleting", "OS-EXT-STS:vm_state": "active", "OS-SRV-USG:launched_at": "2015-12-21T06:28:42.000000", "flavor": {"id": "42", "links": [{"href": "http://10.0.2.15:8774/d464776caf37453b823dd408af775323/flavors/42", "rel": "bookmark"}]}, "id": "dcad4480-01b1-4333-a060-19d9b2c03eaf", "OS-SRV-USG:terminated_at": null, "OS-EXT-AZ:availability_zone": "nova", "user_id": "de81bd09c79f4f5c9fe1e9052a8d3fc5", "name": "tempest.common.compute-instance-2113390068", "created": "2015-12-21T06:28:38Z", "tenant_id": "d464776caf37453b823dd408af775323", "OS-DCF:diskConfig": "MANUAL", "os-extended-volumes:volumes_attached": [], "accessIPv4": "", "accessIPv6": "", "progress": 0, "OS-EXT-STS:power_state": 1, "config_drive": "True", "metadata": {}}}
2015-12-21 06:30:49,511 20330 INFO     [tempest_lib.common.rest_client] Request (TestNetworkAdvancedServerOps:_run_cleanups): 404 GET http://10.0.2.15:8774/v2.1/d464776caf37453b823dd408af775323/servers/dcad4480-01b1-4333-a060-19d9b2c03eaf 0.082s
2015-12-21 06:30:49,512 20330 DEBUG    [tempest_lib.common.rest_client] Request - Headers: {'Content-Type': 'application/json', 'Accept': 'application/json', 'X-Auth-Token': '&lt;omitted&gt;'}
        Body: None
    Response - Headers: {'status': '404', 'content-length': '111', 'x-compute-request-id': 'req-56779c87-fa00-4955-87d0-5c3f39a28e8a', 'vary': 'X-OpenStack-Nova-API-Version', 'connection': 'close', 'x-openstack-nova-api-version': '2.1', 'date': 'Mon, 21 Dec 2015 06:30:49 GMT', 'content-type': 'application/json; charset=UTF-8'}
        Body: {"itemNotFound": {"message": "Instance dcad4480-01b1-4333-a060-19d9b2c03eaf could not be found.", "code": 404}}
2015-12-21 06:30:49,842 20330 INFO     [tempest_lib.common.rest_client] Request (TestNetworkAdvancedServerOps:_run_cleanups): 200 PUT http://10.0.2.15:9696/v2.0/routers/39355b7e-5dde-491c-a8c2-f66fa9bc9871/remove_router_interface 0.328s
2015-12-21 06:30:49,842 20330 DEBUG    [tempest_lib.common.rest_client] Request - Headers: {'Content-Type': 'application/json', 'Accept': 'application/json', 'X-Auth-Token': '&lt;omitted&gt;'}
        Body: {"subnet_id": "f0138673-a561-4ea1-b166-132d6dc39e1d"}
    Response - Headers: {'status': '200', 'content-length': '255', 'connection': 'close', 'date': 'Mon, 21 Dec 2015 06:30:49 GMT', 'content-type': 'application/json; charset=UTF-8', 'x-openstack-request-id': 'req-46a8d6e0-3fef-4b10-aa4a-96d9df9f081e'}
        Body: {"subnet_id": "f0138673-a561-4ea1-b166-132d6dc39e1d", "tenant_id": "d464776caf37453b823dd408af775323", "subnet_ids": ["f0138673-a561-4ea1-b166-132d6dc39e1d"], "port_id": "1cb1a1e3-08f2-41de-8aa2-c7a101a39971", "id": "39355b7e-5dde-491c-a8c2-f66fa9bc9871"}
2015-12-21 06:30:50,302 20330 INFO     [tempest_lib.common.rest_client] Request (TestNetworkAdvancedServerOps:_run_cleanups): 204 DELETE http://10.0.2.15:9696/v2.0/subnets/f0138673-a561-4ea1-b166-132d6dc39e1d 0.459s
2015-12-21 06:30:50,302 20330 DEBUG    [tempest_lib.common.rest_client] Request - Headers: {'Content-Type': 'application/json', 'Accept': 'application/json', 'X-Auth-Token': '&lt;omitted&gt;'}
        Body: None
    Response - Headers: {'date': 'Mon, 21 Dec 2015 06:30:50 GMT', 'status': '204', 'connection': 'close', 'content-length': '0', 'x-openstack-request-id': 'req-626d32b7-cf77-47c9-b228-b8a5e08971e9'}
        Body: 
2015-12-21 06:30:50,375 20330 INFO     [tempest_lib.common.rest_client] Request (TestNetworkAdvancedServerOps:_run_cleanups): 200 GET http://10.0.2.15:9696/v2.0/routers/39355b7e-5dde-491c-a8c2-f66fa9bc9871 0.072s
2015-12-21 06:30:50,376 20330 DEBUG    [tempest_lib.common.rest_client] Request - Headers: {'Content-Type': 'application/json', 'Accept': 'application/json', 'X-Auth-Token': '&lt;omitted&gt;'}
        Body: None
    Response - Headers: {'status': '200', 'content-length': '501', 'content-location': 'http://10.0.2.15:9696/v2.0/routers/39355b7e-5dde-491c-a8c2-f66fa9bc9871', 'connection': 'close', 'date': 'Mon, 21 Dec 2015 06:30:50 GMT', 'content-type': 'application/json; charset=UTF-8', 'x-openstack-request-id': 'req-84b294aa-abfb-4a59-ba78-3927d9161af4'}
        Body: {"router": {"status": "ACTIVE", "external_gateway_info": {"network_id": "39f38f19-a0b0-4bd7-b2b0-e78c205bf2f6", "enable_snat": true, "external_fixed_ips": [{"subnet_id": "500112e3-d99e-4b0e-8871-2f619e02e8e5", "ip_address": "172.24.4.3"}, {"subnet_id": "439eabc8-1318-4306-8aaa-2b467a66238b", "ip_address": "2001:db8::3"}]}, "name": "tempest-router-smoke-1494299799", "admin_state_up": true, "tenant_id": "d464776caf37453b823dd408af775323", "routes": [], "id": "39355b7e-5dde-491c-a8c2-f66fa9bc9871"}}
2015-12-21 06:30:50,736 20330 INFO     [tempest_lib.common.rest_client] Request (TestNetworkAdvancedServerOps:_run_cleanups): 200 PUT http://10.0.2.15:9696/v2.0/routers/39355b7e-5dde-491c-a8c2-f66fa9bc9871 0.360s
2015-12-21 06:30:50,737 20330 DEBUG    [tempest_lib.common.rest_client] Request - Headers: {'Content-Type': 'application/json', 'Accept': 'application/json', 'X-Auth-Token': '&lt;omitted&gt;'}
        Body: {"router": {"external_gateway_info": {}, "name": "tempest-router-smoke-1494299799", "admin_state_up": true}}
    Response - Headers: {'status': '200', 'content-length': '239', 'connection': 'close', 'date': 'Mon, 21 Dec 2015 06:30:50 GMT', 'content-type': 'application/json; charset=UTF-8', 'x-openstack-request-id': 'req-d13ca159-31d7-49aa-8502-6dfe52156d69'}
        Body: {"router": {"status": "ACTIVE", "external_gateway_info": null, "name": "tempest-router-smoke-1494299799", "admin_state_up": true, "tenant_id": "d464776caf37453b823dd408af775323", "routes": [], "id": "39355b7e-5dde-491c-a8c2-f66fa9bc9871"}}
2015-12-21 06:30:51,011 20330 INFO     [tempest_lib.common.rest_client] Request (TestNetworkAdvancedServerOps:_run_cleanups): 204 DELETE http://10.0.2.15:9696/v2.0/routers/39355b7e-5dde-491c-a8c2-f66fa9bc9871 0.273s
2015-12-21 06:30:51,012 20330 DEBUG    [tempest_lib.common.rest_client] Request - Headers: {'Content-Type': 'application/json', 'Accept': 'application/json', 'X-Auth-Token': '&lt;omitted&gt;'}
        Body: None
    Response - Headers: {'date': 'Mon, 21 Dec 2015 06:30:51 GMT', 'status': '204', 'connection': 'close', 'content-length': '0', 'x-openstack-request-id': 'req-259cb217-a935-4b1d-89be-9ea3d3b921ae'}
        Body: 
2015-12-21 06:30:51,183 20330 INFO     [tempest_lib.common.rest_client] Request (TestNetworkAdvancedServerOps:_run_cleanups): 204 DELETE http://10.0.2.15:9696/v2.0/networks/08a6fb6c-a632-4514-8ec7-63881cf70cd9 0.170s
2015-12-21 06:30:51,184 20330 DEBUG    [tempest_lib.common.rest_client] Request - Headers: {'Content-Type': 'application/json', 'Accept': 'application/json', 'X-Auth-Token': '&lt;omitted&gt;'}
        Body: None
    Response - Headers: {'date': 'Mon, 21 Dec 2015 06:30:51 GMT', 'status': '204', 'connection': 'close', 'content-length': '0', 'x-openstack-request-id': 'req-3250280a-f29d-4386-858a-8dfa278ec2ea'}
        Body: 
2015-12-21 06:30:51,238 20330 INFO     [tempest_lib.common.rest_client] Request (TestNetworkAdvancedServerOps:_run_cleanups): 204 DELETE http://10.0.2.15:9696/v2.0/security-group-rules/4937354a-5057-44dd-9869-1578eea91353 0.053s
2015-12-21 06:30:51,240 20330 DEBUG    [tempest_lib.common.rest_client] Request - Headers: {'Content-Type': 'application/json', 'Accept': 'application/json', 'X-Auth-Token': '&lt;omitted&gt;'}
        Body: None
    Response - Headers: {'date': 'Mon, 21 Dec 2015 06:30:51 GMT', 'status': '204', 'connection': 'close', 'content-length': '0', 'x-openstack-request-id': 'req-5b26098f-0d94-45ea-92a7-83778de4ff59'}
        Body: 
2015-12-21 06:30:51,297 20330 INFO     [tempest_lib.common.rest_client] Request (TestNetworkAdvancedServerOps:_run_cleanups): 204 DELETE http://10.0.2.15:9696/v2.0/security-group-rules/aca59a58-e52d-4b84-9ce7-67dfec68d11c 0.056s
2015-12-21 06:30:51,298 20330 DEBUG    [tempest_lib.common.rest_client] Request - Headers: {'Content-Type': 'application/json', 'Accept': 'application/json', 'X-Auth-Token': '&lt;omitted&gt;'}
        Body: None
    Response - Headers: {'date': 'Mon, 21 Dec 2015 06:30:51 GMT', 'status': '204', 'connection': 'close', 'content-length': '0', 'x-openstack-request-id': 'req-eedc36c4-a78a-4d79-91be-0aab613a0c18'}
        Body: 
2015-12-21 06:30:51,339 20330 INFO     [tempest_lib.common.rest_client] Request (TestNetworkAdvancedServerOps:_run_cleanups): 204 DELETE http://10.0.2.15:9696/v2.0/security-group-rules/cbe4dd09-bf4d-4d5e-8c0c-a0ea1c10bc5d 0.040s
2015-12-21 06:30:51,339 20330 DEBUG    [tempest_lib.common.rest_client] Request - Headers: {'Content-Type': 'application/json', 'Accept': 'application/json', 'X-Auth-Token': '&lt;omitted&gt;'}
        Body: None
    Response - Headers: {'date': 'Mon, 21 Dec 2015 06:30:51 GMT', 'status': '204', 'connection': 'close', 'content-length': '0', 'x-openstack-request-id': 'req-8307fc35-8963-449c-afb5-e4656bd95853'}
        Body: 
2015-12-21 06:30:51,390 20330 INFO     [tempest_lib.common.rest_client] Request (TestNetworkAdvancedServerOps:_run_cleanups): 204 DELETE http://10.0.2.15:9696/v2.0/security-group-rules/51c54f62-54e3-4c2f-873a-5518e221fd4a 0.049s
2015-12-21 06:30:51,390 20330 DEBUG    [tempest_lib.common.rest_client] Request - Headers: {'Content-Type': 'application/json', 'Accept': 'application/json', 'X-Auth-Token': '&lt;omitted&gt;'}
        Body: None
    Response - Headers: {'date': 'Mon, 21 Dec 2015 06:30:51 GMT', 'status': '204', 'connection': 'close', 'content-length': '0', 'x-openstack-request-id': 'req-77049719-e09b-4a6d-b772-f42e3e48f18f'}
        Body: 
2015-12-21 06:30:51,451 20330 INFO     [tempest_lib.common.rest_client] Request (TestNetworkAdvancedServerOps:_run_cleanups): 204 DELETE http://10.0.2.15:9696/v2.0/security-group-rules/09cb15bd-d385-454c-8afc-fddf4a87ffb4 0.060s
2015-12-21 06:30:51,452 20330 DEBUG    [tempest_lib.common.rest_client] Request - Headers: {'Content-Type': 'application/json', 'Accept': 'application/json', 'X-Auth-Token': '&lt;omitted&gt;'}
        Body: None
    Response - Headers: {'date': 'Mon, 21 Dec 2015 06:30:51 GMT', 'status': '204', 'connection': 'close', 'content-length': '0', 'x-openstack-request-id': 'req-5dac3f07-ab5b-467e-87f2-ff5b28d7405c'}
        Body: 
2015-12-21 06:30:51,506 20330 INFO     [tempest_lib.common.rest_client] Request (TestNetworkAdvancedServerOps:_run_cleanups): 204 DELETE http://10.0.2.15:9696/v2.0/security-group-rules/f81436ed-4a99-4454-9809-c94bf068dff4 0.053s
2015-12-21 06:30:51,507 20330 DEBUG    [tempest_lib.common.rest_client] Request - Headers: {'Content-Type': 'application/json', 'Accept': 'application/json', 'X-Auth-Token': '&lt;omitted&gt;'}
        Body: None
    Response - Headers: {'date': 'Mon, 21 Dec 2015 06:30:51 GMT', 'status': '204', 'connection': 'close', 'content-length': '0', 'x-openstack-request-id': 'req-0b46675c-622d-43af-b6dc-a77da1137ef8'}
        Body: 
2015-12-21 06:30:51,588 20330 INFO     [tempest_lib.common.rest_client] Request (TestNetworkAdvancedServerOps:_run_cleanups): 204 DELETE http://10.0.2.15:9696/v2.0/security-groups/b3ab9b58-42f8-403f-b8c4-74c0c2b03a1f 0.080s
2015-12-21 06:30:51,588 20330 DEBUG    [tempest_lib.common.rest_client] Request - Headers: {'Content-Type': 'application/json', 'Accept': 'application/json', 'X-Auth-Token': '&lt;omitted&gt;'}
        Body: None
    Response - Headers: {'date': 'Mon, 21 Dec 2015 06:30:51 GMT', 'status': '204', 'connection': 'close', 'content-length': '0', 'x-openstack-request-id': 'req-698ebb5f-5fe0-473b-8b2d-78d8735b6342'}
        Body: 
2015-12-21 06:30:51,612 20330 INFO     [tempest_lib.common.rest_client] Request (TestNetworkAdvancedServerOps:_run_cleanups): 202 DELETE http://10.0.2.15:8774/v2.1/d464776caf37453b823dd408af775323/os-keypairs/tempest-TestNetworkAdvancedServerOps-88916222 0.022s
2015-12-21 06:30:51,612 20330 DEBUG    [tempest_lib.common.rest_client] Request - Headers: {'Content-Type': 'application/json', 'Accept': 'application/json', 'X-Auth-Token': '&lt;omitted&gt;'}
        Body: None
    Response - Headers: {'status': '202', 'content-length': '0', 'x-compute-request-id': 'req-5953917d-3256-4699-85b6-bc3dd6133827', 'vary': 'X-OpenStack-Nova-API-Version', 'connection': 'close', 'x-openstack-nova-api-version': '2.1', 'date': 'Mon, 21 Dec 2015 06:30:51 GMT', 'content-type': 'application/json'}
        Body: 
2015-12-21 06:30:51,700 20330 INFO     [tempest_lib.common.rest_client] Request (TestNetworkAdvancedServerOps:_run_cleanups): 404 GET http://10.0.2.15:8774/v2.1/d464776caf37453b823dd408af775323/servers/dcad4480-01b1-4333-a060-19d9b2c03eaf 0.087s
2015-12-21 06:30:51,701 20330 DEBUG    [tempest_lib.common.rest_client] Request - Headers: {'Content-Type': 'application/json', 'Accept': 'application/json', 'X-Auth-Token': '&lt;omitted&gt;'}
        Body: None
    Response - Headers: {'status': '404', 'content-length': '111', 'x-compute-request-id': 'req-065180cd-1bf1-4419-a489-5fd1302ea7e5', 'vary': 'X-OpenStack-Nova-API-Version', 'connection': 'close', 'x-openstack-nova-api-version': '2.1', 'date': 'Mon, 21 Dec 2015 06:30:51 GMT', 'content-type': 'application/json; charset=UTF-8'}
        Body: {"itemNotFound": {"message": "Instance dcad4480-01b1-4333-a060-19d9b2c03eaf could not be found.", "code": 404}}
}}}

Traceback (most recent call last):
  File "tempest/test.py", line 113, in wrapper
    return f(self, *func_args, **func_kwargs)
  File "tempest/scenario/test_network_advanced_server_ops.py", line 134, in test_server_connectivity_pause_unpause
    server, keypair, floating_ip = self._setup_network_and_servers()
  File "tempest/scenario/test_network_advanced_server_ops.py", line 71, in _setup_network_and_servers
    server, keypair, floating_ip)
  File "tempest/scenario/test_network_advanced_server_ops.py", line 95, in _wait_server_status_and_check_network_connectivity
    self._check_network_connectivity(server, keypair, floating_ip)
  File "tempest/scenario/test_network_advanced_server_ops.py", line 88, in _check_network_connectivity
    servers=[server])
  File "tempest/scenario/manager.py", line 608, in check_public_network_connectivity
    should_connect=should_connect)
  File "tempest/scenario/manager.py", line 592, in check_vm_connectivity
    msg=msg)
  File "/usr/local/lib/python2.7/dist-packages/unittest2/case.py", line 702, in assertTrue
    raise self.failureException(msg)
AssertionError: False is not true : Timed out waiting for 172.24.4.4 to become reachable



        </pre>
    </div>
    <!--css div popup end-->

    </td>
</tr>

<tr id='ft1.2' class='none'>
    <td class='failCase'><div class='testcase'>test_server_connectivity_reboot[compute,id-7b6860c2-afa3-4846-9522-adeb38dfbe08,network]</div></td>
    <td colspan='7' align='left'>

    <!--css div popup start-->
    <a class="popup_link" onfocus='this.blur();'
    href="javascript:showTestDetail('div_ft1.2')" >
        fail</a>

    <div id='div_ft1.2' class="popup_window">
        <div style='text-align: right; color:red;cursor:pointer'>
        <a onfocus='this.blur();'
onclick="document.getElementById('div_ft1.2').style.display = 'none' " >
           [x]</a>
        </div>
        <pre>
        
ft1.2: tempest.scenario.test_network_advanced_server_ops.TestNetworkAdvancedServerOps.test_server_connectivity_reboot[compute,id-7b6860c2-afa3-4846-9522-adeb38dfbe08,network]_StringException: Empty attachments:
  stderr
  stdout

pythonlogging:'': {{{
2015-12-21 06:30:51,910 20330 INFO     [tempest_lib.common.rest_client] Request (TestNetworkAdvancedServerOps:test_server_connectivity_reboot): 200 POST http://10.0.2.15:8774/v2.1/d464776caf37453b823dd408af775323/os-keypairs 0.183s
