<?xml version="1.0" encoding="UTF-8"?>
<!DOCTYPE html PUBLIC "-//W3C//DTD XHTML 1.0 Strict//EN"
     "http://www.w3.org/TR/xhtml1/DTD/xhtml1-strict.dtd">
<html xmlns="http://www.w3.org/1999/xhtml">
<head>
    <title>Unit Test Report</title>
    <meta name="generator" content="subunit2html 0.1"/>
    <meta http-equiv="Content-Type" content="text/html; charset=UTF-8"/>
    
<style type="text/css" media="screen">
body        { font-family: verdana, arial, helvetica, sans-serif;
    font-size: 80%; }
table       { font-size: 100%; width: 100%;}
pre         { font-size: 80%; }

/* -- heading -------------------------------------------------------------- */
h1 {
        font-size: 16pt;
        color: gray;
}
.heading {
    margin-top: 0ex;
    margin-bottom: 1ex;
}

.heading .attribute {
    margin-top: 1ex;
    margin-bottom: 0;
}

.heading .description {
    margin-top: 4ex;
    margin-bottom: 6ex;
}

/* -- css div popup -------------------------------------------------------- */
a.popup_link {
}

a.popup_link:hover {
    color: red;
}

.popup_window {
    display: none;
    overflow-x: scroll;
    /*border: solid #627173 1px; */
    padding: 10px;
    background-color: #E6E6D6;
    font-family: "Ubuntu Mono", "Lucida Console", "Courier New", monospace;
    text-align: left;
    font-size: 8pt;
}

}
/* -- report --------------------------------------------------------------- */
#show_detail_line {
    margin-top: 3ex;
    margin-bottom: 1ex;
}
#result_table {
    width: 100%;
    border-collapse: collapse;
    border: 1px solid #777;
}
#header_row {
    font-weight: bold;
    color: white;
    background-color: #777;
}
#result_table td {
    border: 1px solid #777;
    padding: 2px;
}
#total_row  { font-weight: bold; }
.passClass  { background-color: #6c6; }
.failClass  { background-color: #c60; }
.errorClass { background-color: #c00; }
.passCase   { color: #6c6; }
.failCase   { color: #c60; font-weight: bold; }
.errorCase  { color: #c00; font-weight: bold; }
.hiddenRow  { display: none; }
.testcase   { margin-left: 2em; }
td.testname {width: 40%}
td.small {width: 40px}

/* -- ending --------------------------------------------------------------- */
#ending {
}

</style>

</head>
<body>
<script language="javascript" type="text/javascript"><!--
output_list = Array();

/* level - 0:Summary; 1:Failed; 2:All */
function showCase(level) {
    trs = document.getElementsByTagName("tr");
    for (var i = 0; i < trs.length; i++) {
        tr = trs[i];
        id = tr.id;
        if (id.substr(0,2) == 'ft') {
            if (level < 1) {
                tr.className = 'hiddenRow';
            }
            else {
                tr.className = '';
            }
        }
        if (id.substr(0,2) == 'pt') {
            if (level > 1) {
                tr.className = '';
            }
            else {
                tr.className = 'hiddenRow';
            }
        }
    }
}


function showClassDetail(cid, count) {
    var id_list = Array(count);
    var toHide = 1;
    for (var i = 0; i < count; i++) {
        tid0 = 't' + cid.substr(1) + '.' + (i+1);
        tid = 'f' + tid0;
        tr = document.getElementById(tid);
        if (!tr) {
            tid = 'p' + tid0;
            tr = document.getElementById(tid);
        }
        id_list[i] = tid;
        if (tr.className) {
            toHide = 0;
        }
    }
    for (var i = 0; i < count; i++) {
        tid = id_list[i];
        if (toHide) {
            document.getElementById('div_'+tid).style.display = 'none'
            document.getElementById(tid).className = 'hiddenRow';
        }
        else {
            document.getElementById(tid).className = '';
        }
    }
}


function showTestDetail(div_id){
    var details_div = document.getElementById(div_id)
    var displayState = details_div.style.display
    // alert(displayState)
    if (displayState != 'block' ) {
        displayState = 'block'
        details_div.style.display = 'block'
    }
    else {
        details_div.style.display = 'none'
    }
}


function html_escape(s) {
    s = s.replace(/&/g,'&amp;');
    s = s.replace(/</g,'&lt;');
    s = s.replace(/>/g,'&gt;');
    return s;
}

/* obsoleted by detail in <div>
function showOutput(id, name) {
    var w = window.open("", //url
                    name,
                    "resizable,scrollbars,status,width=800,height=450");
    d = w.document;
    d.write("<pre>");
    d.write(html_escape(output_list[id]));
    d.write("\n");
    d.write("<a href='javascript:window.close()'>close</a>\n");
    d.write("</pre>\n");
    d.close();
}
*/
--></script>

<div class='heading'>
<h1>Unit Test Report</h1>

<p class='attribute'><strong>Status:</strong> Failure 6</p>

<p class='description'></p>
</div>



<p id='show_detail_line'>Show
<a href='javascript:showCase(0)'>Summary</a>
<a href='javascript:showCase(1)'>Failed</a>
<a href='javascript:showCase(2)'>All</a>
</p>
<table id='result_table'>
<colgroup>
<col align='left' />
<col align='right' />
<col align='right' />
<col align='right' />
<col align='right' />
<col align='right' />
<col align='right' />
<col align='right' />
</colgroup>
<tr id='header_row'>
    <td>Test Group/Test case</td>
    <td>Count</td>
    <td>Pass</td>
    <td>Fail</td>
    <td>Error</td>
    <td>Skip</td>
    <td>View</td>
    <td> </td>
</tr>

<tr class='failClass'>
    <td class="testname">tempest.scenario.test_network_advanced_server_ops.TestNetworkAdvancedServerOps</td>
    <td class="small">6</td>
    <td class="small">0</td>
    <td class="small">6</td>
    <td class="small">0</td>
    <td class="small">0</td>
    <td class="small"><a href="javascript:showClassDetail('c1',6)"
>Detail</a></td>
    <td> </td>
</tr>

<tr id='ft1.1' class='none'>
    <td class='failCase'><div class='testcase'>test_server_connectivity_pause_unpause[compute,id-2b2642db-6568-4b35-b812-eceed3fa20ce,network]</div></td>
    <td colspan='7' align='left'>

    <!--css div popup start-->
    <a class="popup_link" onfocus='this.blur();'
    href="javascript:showTestDetail('div_ft1.1')" >
        fail</a>

    <div id='div_ft1.1' class="popup_window">
        <div style='text-align: right; color:red;cursor:pointer'>
        <a onfocus='this.blur();'
onclick="document.getElementById('div_ft1.1').style.display = 'none' " >
           [x]</a>
        </div>
        <pre>
        
ft1.1: tempest.scenario.test_network_advanced_server_ops.TestNetworkAdvancedServerOps.test_server_connectivity_pause_unpause[compute,id-2b2642db-6568-4b35-b812-eceed3fa20ce,network]_StringException: Empty attachments:
  stderr
  stdout

pythonlogging:'': {{{
2015-12-14 16:00:19,815 24419 INFO     [tempest_lib.common.rest_client] Request (TestNetworkAdvancedServerOps:test_server_connectivity_pause_unpause): 200 POST http://10.0.2.15:8774/v2.1/222f0cf4f3ec48e0a5fd2d43c2d39429/os-keypairs 0.548s
2015-12-14 16:00:19,815 24419 DEBUG    [tempest_lib.common.rest_client] Request - Headers: {'Content-Type': 'application/json', 'Accept': 'application/json', 'X-Auth-Token': '&lt;omitted&gt;'}
        Body: {"keypair": {"name": "tempest-TestNetworkAdvancedServerOps-1112638431"}}
    Response - Headers: {'status': '200', 'content-length': '2330', 'x-compute-request-id': 'req-2553a2f8-8e5f-4170-86af-bf7ba1a31313', 'vary': 'X-OpenStack-Nova-API-Version', 'connection': 'close', 'x-openstack-nova-api-version': '2.1', 'date': 'Mon, 14 Dec 2015 16:00:19 GMT', 'content-type': 'application/json'}
        Body: {"keypair": {"public_key": "ssh-rsa AAAAB3NzaC1yc2EAAAADAQABAAABAQCTU3+mF2zHTrcXRNItRvuMxBJXxQOJZZzoBlrOyTkJCWhTYC0e9ECR1CRJ2JDa2fnt/VwdNLZkCtEMRUU+npPdWlH7XOUCxFFnGpuBKDQFzO7aSPBGONWhXoJI2QJXeU2Wk+MRwJXiQ39MKED+N/jtCOPUPPLgXo9LPI9rAo3iplGRL2HESbIyxHTePrnajedsqqXa6stt1wGO8PWoKQsdbA5zTtJEkSK2G3nZuhcSwp3K4DoJ/znLtyiAToi5CzHik/qphfo7JkevdbLe06jQHho4/xbpVpTzDWvAXjugfx3+Ip1vKhZGbiYDwo1kFLEi3ldNzTjQPZ6O9uRQNO3R Generated-by-Nova", "private_key": "-----BEGIN RSA PRIVATE KEY-----\nMIIEqAIBAAKCAQEAk1N/phdsx063F0TSLUb7jMQSV8UDiWWc6AZazsk5CQloU2At\nHvRAkdQkSdiQ2tn57f1cHTS2ZArRDEVFPp6T3VpR+1zlAsRRZxqbgSg0Bczu2kjw\nRjjVoV6CSNkCV3lNlpPjEcCV4kN/TChA/jf47Qjj1Dzy4F6PSzyPawKN4qZRkS9h\nxEmyMsR03j652o3nbKql2urLbdcBjvD1qCkLHWwOc07SRJEitht52boXEsKdyuA6\nCf85y7cogE6IuQsx4pP6qYX6OyZHr3Wy3tOo0B4aOP8W6VaU8w1rwF47oH8d/iKd\nbyoWRm4mA8KNZBSxIt5XTc040D2ejvbkUDTt0QIDAQABAoIBADldxxO2hV3qUbLW\n0nxc6nB6nKXeii0DCyDx8IQaqIHTTvNAPPGTrFzcXTEACg+d1wsLn8Wjk+3KpHIB\nux/SAcOsesXE+0ujhAsAulKFhBRKIyuOQTkmwlCui06waZAEJOkgNsff1L0hCT1v\nYzdaNiyeTJCFFxG04FksgK/rc7Iv97o7fHL/1rWZmP3zj/6YfW9R41ICxCp9Tmgq\nd97I9ArH/aM9jUcEe1NgMawrA/SNGFSF7AifUm7EQvEAMFmgzKzdW+Tye7MzWogo\nhnQqPNcNYbYxjq/Hx4L5xC8K032WxK267itBF+K8xqy2HdY1QDUtvS32abW3VeJk\nVsHWvpECggCBALv3QcTQWCjeHobNo3nQpNM1XciUmTG4tIa3p7OsT2OskTtZZ/Du\nWtf+Mi18sqSEIGSEc7cj9F5HEgo87cXqXqdGudYeLT/dTNA9laOzQ11tJf5xKXje\nLlEk+kG/xqqbYQzbD+kqRTM/jvX9g6gOYLCJms/rkvYccbncNZbV9919AoIAgQDI\nppss6d5mGEOXxr9I4pdZnhUNJayyZzQRCA08y3qa5M+0iswUiwgXnj6ysYy1OPEq\nKT0vnqIGdpBBT7xbdlAbHpC7noiVO3XLPB1TtctKhV2kYxfO2DixpRzK/l1qy34W\njJSvu6CMmFXhB5Jstbngc+LUTNBb1zAf3kKwx6iR5QKCAIAsaNLFKWRq42/a8aL6\nGO2YaTdrOJCpSrZ8Tc/1h3SKXC9EEm+YYPhdp9U7IgcjD4SHuzOLxZbq32fHu3WC\nGUmbw/4MNL0EJckMOkCsmKIF5M/hOeNOh0/yJAZsml7Z2DQp0WgE8tO+s/mW7Pq6\nLgtyKlDFZycltrq36utOY+dYEQKCAIA6CVag6xRU23fRkr8JSeEVHtBf+SG2iHta\n4cVSbFiOLNiXE/5rgrtYeYERFqHoWQwIcd0sxOmAjRK0kWed3N7WuUSLwBMpdwVf\nP4gMCm0+pMytG6xrO8dKOsPVQzWqCinyQ79OBSsu/3D3ocUMhJO7BEn7tiweJGPb\nE+KeV2G+sQKCAIEAnM9ayxDVFF90pqs1IheyMJib+bGoHqRtVk7c/fFKL+yv7vg2\nCyhIftwGTPsxhpL8pHIzGfAiw0mGODFlZuUXIkFqs1FVwh6XE5emEMp1AHJT/pym\n/9BxEcb7MhIGbEKaqetsvwvBbtXaxtnn5+V+LiCsiEfPIYc5Kp9+F+X5K7A=\n-----END RSA PRIVATE KEY-----\n", "user_id": "24626720bd2141c794ade6d81c8308e3", "name": "tempest-TestNetworkAdvancedServerOps-1112638431", "fingerprint": "ca:f8:ad:51:eb:12:24:99:03:39:85:27:27:16:9c:59"}}
2015-12-14 16:00:20,155 24419 INFO     [tempest_lib.common.rest_client] Request (TestNetworkAdvancedServerOps:test_server_connectivity_pause_unpause): 201 POST http://10.0.2.15:9696/v2.0/security-groups 0.334s
2015-12-14 16:00:20,156 24419 DEBUG    [tempest_lib.common.rest_client] Request - Headers: {'Content-Type': 'application/json', 'Accept': 'application/json', 'X-Auth-Token': '&lt;omitted&gt;'}
        Body: {"security_group": {"tenant_id": "222f0cf4f3ec48e0a5fd2d43c2d39429", "description": "tempest-secgroup-smoke-1435151092 description", "name": "tempest-secgroup-smoke-1435151092"}}
    Response - Headers: {'status': '201', 'content-length': '888', 'connection': 'close', 'date': 'Mon, 14 Dec 2015 16:00:20 GMT', 'content-type': 'application/json; charset=UTF-8', 'x-openstack-request-id': 'req-e6e2ae44-8a1a-4a88-bce2-b3a80fc9cb84'}
        Body: {"security_group": {"tenant_id": "222f0cf4f3ec48e0a5fd2d43c2d39429", "description": "tempest-secgroup-smoke-1435151092 description", "id": "644c8f90-9461-4a10-8195-2766faf3f7d8", "security_group_rules": [{"remote_group_id": null, "direction": "egress", "remote_ip_prefix": null, "protocol": null, "ethertype": "IPv4", "tenant_id": "222f0cf4f3ec48e0a5fd2d43c2d39429", "port_range_max": null, "port_range_min": null, "id": "2dfdb8aa-b159-465f-8c2e-a60ea22c5f62", "security_group_id": "644c8f90-9461-4a10-8195-2766faf3f7d8"}, {"remote_group_id": null, "direction": "egress", "remote_ip_prefix": null, "protocol": null, "ethertype": "IPv6", "tenant_id": "222f0cf4f3ec48e0a5fd2d43c2d39429", "port_range_max": null, "port_range_min": null, "id": "8aa4c950-ebfe-4f3d-bc4f-88e258c86092", "security_group_id": "644c8f90-9461-4a10-8195-2766faf3f7d8"}], "name": "tempest-secgroup-smoke-1435151092"}}
2015-12-14 16:00:20,269 24419 INFO     [tempest_lib.common.rest_client] Request (TestNetworkAdvancedServerOps:test_server_connectivity_pause_unpause): 201 POST http://10.0.2.15:9696/v2.0/security-group-rules 0.111s
2015-12-14 16:00:20,269 24419 DEBUG    [tempest_lib.common.rest_client] Request - Headers: {'Content-Type': 'application/json', 'Accept': 'application/json', 'X-Auth-Token': '&lt;omitted&gt;'}
        Body: {"security_group_rule": {"direction": "ingress", "protocol": "tcp", "tenant_id": "222f0cf4f3ec48e0a5fd2d43c2d39429", "port_range_max": 22, "security_group_id": "644c8f90-9461-4a10-8195-2766faf3f7d8", "port_range_min": 22}}
    Response - Headers: {'status': '201', 'content-length': '340', 'connection': 'close', 'date': 'Mon, 14 Dec 2015 16:00:20 GMT', 'content-type': 'application/json; charset=UTF-8', 'x-openstack-request-id': 'req-0ce91b68-a7a8-4851-95d8-fd3a0020c5a4'}
        Body: {"security_group_rule": {"remote_group_id": null, "direction": "ingress", "remote_ip_prefix": null, "protocol": "tcp", "ethertype": "IPv4", "tenant_id": "222f0cf4f3ec48e0a5fd2d43c2d39429", "port_range_max": 22, "port_range_min": 22, "id": "2ca7a18b-17a7-4859-bb57-86be3fe994df", "security_group_id": "644c8f90-9461-4a10-8195-2766faf3f7d8"}}
2015-12-14 16:00:20,384 24419 INFO     [tempest_lib.common.rest_client] Request (TestNetworkAdvancedServerOps:test_server_connectivity_pause_unpause): 201 POST http://10.0.2.15:9696/v2.0/security-group-rules 0.112s
2015-12-14 16:00:20,384 24419 DEBUG    [tempest_lib.common.rest_client] Request - Headers: {'Content-Type': 'application/json', 'Accept': 'application/json', 'X-Auth-Token': '&lt;omitted&gt;'}
        Body: {"security_group_rule": {"direction": "egress", "protocol": "tcp", "tenant_id": "222f0cf4f3ec48e0a5fd2d43c2d39429", "port_range_max": 22, "security_group_id": "644c8f90-9461-4a10-8195-2766faf3f7d8", "port_range_min": 22}}
    Response - Headers: {'status': '201', 'content-length': '339', 'connection': 'close', 'date': 'Mon, 14 Dec 2015 16:00:20 GMT', 'content-type': 'application/json; charset=UTF-8', 'x-openstack-request-id': 'req-27f8f1e6-af3c-429c-9aeb-cef8876f9e2a'}
        Body: {"security_group_rule": {"remote_group_id": null, "direction": "egress", "remote_ip_prefix": null, "protocol": "tcp", "ethertype": "IPv4", "tenant_id": "222f0cf4f3ec48e0a5fd2d43c2d39429", "port_range_max": 22, "port_range_min": 22, "id": "d205c6f5-e799-425c-bac2-2bfb83bc9f97", "security_group_id": "644c8f90-9461-4a10-8195-2766faf3f7d8"}}
2015-12-14 16:00:20,496 24419 INFO     [tempest_lib.common.rest_client] Request (TestNetworkAdvancedServerOps:test_server_connectivity_pause_unpause): 201 POST http://10.0.2.15:9696/v2.0/security-group-rules 0.111s
2015-12-14 16:00:20,497 24419 DEBUG    [tempest_lib.common.rest_client] Request - Headers: {'Content-Type': 'application/json', 'Accept': 'application/json', 'X-Auth-Token': '&lt;omitted&gt;'}
        Body: {"security_group_rule": {"tenant_id": "222f0cf4f3ec48e0a5fd2d43c2d39429", "direction": "ingress", "protocol": "icmp", "security_group_id": "644c8f90-9461-4a10-8195-2766faf3f7d8"}}
    Response - Headers: {'status': '201', 'content-length': '345', 'connection': 'close', 'date': 'Mon, 14 Dec 2015 16:00:20 GMT', 'content-type': 'application/json; charset=UTF-8', 'x-openstack-request-id': 'req-2ff90aca-1e67-4e19-9fd3-52db76c8052a'}
        Body: {"security_group_rule": {"remote_group_id": null, "direction": "ingress", "remote_ip_prefix": null, "protocol": "icmp", "ethertype": "IPv4", "tenant_id": "222f0cf4f3ec48e0a5fd2d43c2d39429", "port_range_max": null, "port_range_min": null, "id": "b42d8688-cd7f-4145-915d-850a807913f9", "security_group_id": "644c8f90-9461-4a10-8195-2766faf3f7d8"}}
2015-12-14 16:00:20,744 24419 INFO     [tempest_lib.common.rest_client] Request (TestNetworkAdvancedServerOps:test_server_connectivity_pause_unpause): 201 POST http://10.0.2.15:9696/v2.0/security-group-rules 0.246s
2015-12-14 16:00:20,746 24419 DEBUG    [tempest_lib.common.rest_client] Request - Headers: {'Content-Type': 'application/json', 'Accept': 'application/json', 'X-Auth-Token': '&lt;omitted&gt;'}
        Body: {"security_group_rule": {"tenant_id": "222f0cf4f3ec48e0a5fd2d43c2d39429", "direction": "egress", "protocol": "icmp", "security_group_id": "644c8f90-9461-4a10-8195-2766faf3f7d8"}}
    Response - Headers: {'status': '201', 'content-length': '344', 'connection': 'close', 'date': 'Mon, 14 Dec 2015 16:00:20 GMT', 'content-type': 'application/json; charset=UTF-8', 'x-openstack-request-id': 'req-9af44041-522a-4c12-91ea-6884589f1b58'}
        Body: {"security_group_rule": {"remote_group_id": null, "direction": "egress", "remote_ip_prefix": null, "protocol": "icmp", "ethertype": "IPv4", "tenant_id": "222f0cf4f3ec48e0a5fd2d43c2d39429", "port_range_max": null, "port_range_min": null, "id": "b14577fa-8b90-4662-a786-23a7ae44a259", "security_group_id": "644c8f90-9461-4a10-8195-2766faf3f7d8"}}
2015-12-14 16:00:20,860 24419 INFO     [tempest_lib.common.rest_client] Request (TestNetworkAdvancedServerOps:test_server_connectivity_pause_unpause): 201 POST http://10.0.2.15:9696/v2.0/security-group-rules 0.112s
2015-12-14 16:00:20,860 24419 DEBUG    [tempest_lib.common.rest_client] Request - Headers: {'Content-Type': 'application/json', 'Accept': 'application/json', 'X-Auth-Token': '&lt;omitted&gt;'}
        Body: {"security_group_rule": {"tenant_id": "222f0cf4f3ec48e0a5fd2d43c2d39429", "direction": "ingress", "security_group_id": "644c8f90-9461-4a10-8195-2766faf3f7d8", "protocol": "icmp", "ethertype": "IPv6"}}
    Response - Headers: {'status': '201', 'content-length': '345', 'connection': 'close', 'date': 'Mon, 14 Dec 2015 16:00:20 GMT', 'content-type': 'application/json; charset=UTF-8', 'x-openstack-request-id': 'req-1da3e1ac-391d-4945-9d8a-2ad76d9b479f'}
        Body: {"security_group_rule": {"remote_group_id": null, "direction": "ingress", "remote_ip_prefix": null, "protocol": "icmp", "ethertype": "IPv6", "tenant_id": "222f0cf4f3ec48e0a5fd2d43c2d39429", "port_range_max": null, "port_range_min": null, "id": "94ca5011-d9ff-4b02-9907-72f5e4310371", "security_group_id": "644c8f90-9461-4a10-8195-2766faf3f7d8"}}
2015-12-14 16:00:20,984 24419 INFO     [tempest_lib.common.rest_client] Request (TestNetworkAdvancedServerOps:test_server_connectivity_pause_unpause): 201 POST http://10.0.2.15:9696/v2.0/security-group-rules 0.121s
2015-12-14 16:00:20,985 24419 DEBUG    [tempest_lib.common.rest_client] Request - Headers: {'Content-Type': 'application/json', 'Accept': 'application/json', 'X-Auth-Token': '&lt;omitted&gt;'}
        Body: {"security_group_rule": {"tenant_id": "222f0cf4f3ec48e0a5fd2d43c2d39429", "direction": "egress", "security_group_id": "644c8f90-9461-4a10-8195-2766faf3f7d8", "protocol": "icmp", "ethertype": "IPv6"}}
    Response - Headers: {'status': '201', 'content-length': '344', 'connection': 'close', 'date': 'Mon, 14 Dec 2015 16:00:20 GMT', 'content-type': 'application/json; charset=UTF-8', 'x-openstack-request-id': 'req-8c061310-2789-484f-86d1-fdd7b113ab3b'}
        Body: {"security_group_rule": {"remote_group_id": null, "direction": "egress", "remote_ip_prefix": null, "protocol": "icmp", "ethertype": "IPv6", "tenant_id": "222f0cf4f3ec48e0a5fd2d43c2d39429", "port_range_max": null, "port_range_min": null, "id": "e2edee0e-0543-4d36-b517-5f00660b8e50", "security_group_id": "644c8f90-9461-4a10-8195-2766faf3f7d8"}}
2015-12-14 16:00:21,118 24419 INFO     [tempest_lib.common.rest_client] Request (TestNetworkAdvancedServerOps:test_server_connectivity_pause_unpause): 201 POST http://10.0.2.15:9696/v2.0/networks 0.132s
2015-12-14 16:00:21,118 24419 DEBUG    [tempest_lib.common.rest_client] Request - Headers: {'Content-Type': 'application/json', 'Accept': 'application/json', 'X-Auth-Token': '&lt;omitted&gt;'}
        Body: {"network": {"tenant_id": "222f0cf4f3ec48e0a5fd2d43c2d39429", "name": "tempest-network-smoke--501687595"}}
    Response - Headers: {'status': '201', 'content-length': '295', 'connection': 'close', 'date': 'Mon, 14 Dec 2015 16:00:21 GMT', 'content-type': 'application/json; charset=UTF-8', 'x-openstack-request-id': 'req-e59652ac-a201-4222-affb-a2bb2dcb9ce2'}
        Body: {"network": {"status": "ACTIVE", "subnets": [], "name": "tempest-network-smoke--501687595", "admin_state_up": true, "tenant_id": "222f0cf4f3ec48e0a5fd2d43c2d39429", "mtu": 0, "router:external": false, "shared": false, "port_security_enabled": true, "id": "c96ac384-ba94-4d89-9d1e-9fb69ee09f37"}}
2015-12-14 16:00:21,184 24419 INFO     [tempest_lib.common.rest_client] Request (TestNetworkAdvancedServerOps:test_server_connectivity_pause_unpause): 201 POST http://10.0.2.15:9696/v2.0/routers 0.065s
2015-12-14 16:00:21,185 24419 DEBUG    [tempest_lib.common.rest_client] Request - Headers: {'Content-Type': 'application/json', 'Accept': 'application/json', 'X-Auth-Token': '&lt;omitted&gt;'}
        Body: {"router": {"tenant_id": "222f0cf4f3ec48e0a5fd2d43c2d39429", "name": "tempest-router-smoke-1370723096", "admin_state_up": true}}
    Response - Headers: {'status': '201', 'content-length': '239', 'connection': 'close', 'date': 'Mon, 14 Dec 2015 16:00:21 GMT', 'content-type': 'application/json; charset=UTF-8', 'x-openstack-request-id': 'req-bc9fd12d-c182-40be-88b3-c16c2490da8d'}
        Body: {"router": {"status": "ACTIVE", "external_gateway_info": null, "name": "tempest-router-smoke-1370723096", "admin_state_up": true, "tenant_id": "222f0cf4f3ec48e0a5fd2d43c2d39429", "routes": [], "id": "1554e733-07f7-4006-a873-39e5d4a5f967"}}
2015-12-14 16:00:21,232 24419 INFO     [tempest_lib.common.rest_client] Request (TestNetworkAdvancedServerOps:test_server_connectivity_pause_unpause): 200 GET http://10.0.2.15:9696/v2.0/routers/1554e733-07f7-4006-a873-39e5d4a5f967 0.046s
2015-12-14 16:00:21,233 24419 DEBUG    [tempest_lib.common.rest_client] Request - Headers: {'Content-Type': 'application/json', 'Accept': 'application/json', 'X-Auth-Token': '&lt;omitted&gt;'}
        Body: None
    Response - Headers: {'status': '200', 'content-length': '239', 'content-location': 'http://10.0.2.15:9696/v2.0/routers/1554e733-07f7-4006-a873-39e5d4a5f967', 'connection': 'close', 'date': 'Mon, 14 Dec 2015 16:00:21 GMT', 'content-type': 'application/json; charset=UTF-8', 'x-openstack-request-id': 'req-51bf1572-0488-425a-900c-6cfa9c188bfa'}
        Body: {"router": {"status": "ACTIVE", "external_gateway_info": null, "name": "tempest-router-smoke-1370723096", "admin_state_up": true, "tenant_id": "222f0cf4f3ec48e0a5fd2d43c2d39429", "routes": [], "id": "1554e733-07f7-4006-a873-39e5d4a5f967"}}
2015-12-14 16:00:21,785 24419 INFO     [tempest_lib.common.rest_client] Request (TestNetworkAdvancedServerOps:test_server_connectivity_pause_unpause): 200 PUT http://10.0.2.15:9696/v2.0/routers/1554e733-07f7-4006-a873-39e5d4a5f967 0.551s
2015-12-14 16:00:21,786 24419 DEBUG    [tempest_lib.common.rest_client] Request - Headers: {'Content-Type': 'application/json', 'Accept': 'application/json', 'X-Auth-Token': '&lt;omitted&gt;'}
        Body: {"router": {"external_gateway_info": {"network_id": "f0b98154-4b53-48d8-8d9b-db7f7e10394f"}, "name": "tempest-router-smoke-1370723096", "admin_state_up": true}}
    Response - Headers: {'status': '200', 'content-length': '501', 'connection': 'close', 'date': 'Mon, 14 Dec 2015 16:00:21 GMT', 'content-type': 'application/json; charset=UTF-8', 'x-openstack-request-id': 'req-2de91231-14ae-45bf-81a6-6128c9fc04d8'}
        Body: {"router": {"status": "ACTIVE", "external_gateway_info": {"network_id": "f0b98154-4b53-48d8-8d9b-db7f7e10394f", "enable_snat": true, "external_fixed_ips": [{"subnet_id": "9e84169b-3bc4-4681-b980-fa4d1c6e497e", "ip_address": "172.24.4.3"}, {"subnet_id": "a07716c2-d9d0-4542-9196-ce34249fa472", "ip_address": "2001:db8::4"}]}, "name": "tempest-router-smoke-1370723096", "admin_state_up": true, "tenant_id": "222f0cf4f3ec48e0a5fd2d43c2d39429", "routes": [], "id": "1554e733-07f7-4006-a873-39e5d4a5f967"}}
2015-12-14 16:00:21,980 24419 INFO     [tempest_lib.common.rest_client] Request (TestNetworkAdvancedServerOps:test_server_connectivity_pause_unpause): 200 GET http://10.0.2.15:9696/v2.0/subnets?tenant_id=222f0cf4f3ec48e0a5fd2d43c2d39429&amp;cidr=10.100.0.0%2F28 0.193s
2015-12-14 16:00:21,981 24419 DEBUG    [tempest_lib.common.rest_client] Request - Headers: {'Content-Type': 'application/json', 'Accept': 'application/json', 'X-Auth-Token': '&lt;omitted&gt;'}
        Body: None
    Response - Headers: {'status': '200', 'content-length': '15', 'content-location': 'http://10.0.2.15:9696/v2.0/subnets?tenant_id=222f0cf4f3ec48e0a5fd2d43c2d39429&amp;cidr=10.100.0.0%2F28', 'connection': 'close', 'date': 'Mon, 14 Dec 2015 16:00:21 GMT', 'content-type': 'application/json; charset=UTF-8', 'x-openstack-request-id': 'req-ab9ce507-49d7-4ae6-8fb3-85581410cf7b'}
        Body: {"subnets": []}
2015-12-14 16:00:22,250 24419 INFO     [tempest_lib.common.rest_client] Request (TestNetworkAdvancedServerOps:test_server_connectivity_pause_unpause): 201 POST http://10.0.2.15:9696/v2.0/subnets 0.268s
2015-12-14 16:00:22,251 24419 DEBUG    [tempest_lib.common.rest_client] Request - Headers: {'Content-Type': 'application/json', 'Accept': 'application/json', 'X-Auth-Token': '&lt;omitted&gt;'}
        Body: {"subnet": {"ip_version": 4, "tenant_id": "222f0cf4f3ec48e0a5fd2d43c2d39429", "cidr": "10.100.0.0/28", "network_id": "c96ac384-ba94-4d89-9d1e-9fb69ee09f37", "name": "tempest-subnet-smoke-1311396718"}}
    Response - Headers: {'status': '201', 'content-length': '478', 'connection': 'close', 'date': 'Mon, 14 Dec 2015 16:00:22 GMT', 'content-type': 'application/json; charset=UTF-8', 'x-openstack-request-id': 'req-615c4b90-6bec-4458-a736-a6e32b79cf7a'}
        Body: {"subnet": {"name": "tempest-subnet-smoke-1311396718", "enable_dhcp": true, "network_id": "c96ac384-ba94-4d89-9d1e-9fb69ee09f37", "tenant_id": "222f0cf4f3ec48e0a5fd2d43c2d39429", "dns_nameservers": [], "gateway_ip": "10.100.0.1", "ipv6_ra_mode": null, "allocation_pools": [{"start": "10.100.0.2", "end": "10.100.0.14"}], "host_routes": [], "ip_version": 4, "ipv6_address_mode": null, "cidr": "10.100.0.0/28", "id": "74bf4db0-9050-4706-a98d-eb792e5ea139", "subnetpool_id": null}}
2015-12-14 16:00:22,700 24419 INFO     [tempest_lib.common.rest_client] Request (TestNetworkAdvancedServerOps:test_server_connectivity_pause_unpause): 200 PUT http://10.0.2.15:9696/v2.0/routers/1554e733-07f7-4006-a873-39e5d4a5f967/add_router_interface 0.448s
2015-12-14 16:00:22,700 24419 DEBUG    [tempest_lib.common.rest_client] Request - Headers: {'Content-Type': 'application/json', 'Accept': 'application/json', 'X-Auth-Token': '&lt;omitted&gt;'}
        Body: {"subnet_id": "74bf4db0-9050-4706-a98d-eb792e5ea139"}
    Response - Headers: {'status': '200', 'content-length': '255', 'connection': 'close', 'date': 'Mon, 14 Dec 2015 16:00:22 GMT', 'content-type': 'application/json; charset=UTF-8', 'x-openstack-request-id': 'req-ea53b206-845f-4e4b-ae4a-cb56042ae102'}
        Body: {"subnet_id": "74bf4db0-9050-4706-a98d-eb792e5ea139", "tenant_id": "222f0cf4f3ec48e0a5fd2d43c2d39429", "subnet_ids": ["74bf4db0-9050-4706-a98d-eb792e5ea139"], "port_id": "0e327e8d-cffe-493e-8d60-4aa477c5ddf2", "id": "1554e733-07f7-4006-a873-39e5d4a5f967"}
2015-12-14 16:00:22,826 24419 INFO     [tempest_lib.common.rest_client] Request (TestNetworkAdvancedServerOps:test_server_connectivity_pause_unpause): 200 POST http://10.0.2.15:5000/v2.0/tokens
2015-12-14 16:00:22,826 24419 DEBUG    [tempest_lib.common.rest_client] Request - Headers: {'Content-Type': 'application/json', 'Accept': 'application/json'}
        Body: &lt;omitted&gt;
    Response - Headers: {'status': '200', 'content-length': '2564', 'vary': 'X-Auth-Token', 'server': 'Apache/2.4.7 (Ubuntu)', 'connection': 'close', 'date': 'Mon, 14 Dec 2015 16:00:22 GMT', 'content-type': 'application/json', 'x-openstack-request-id': 'req-747e4265-7ac9-42de-acec-e3b651f8424b'}
        Body: {"access": {"token": {"issued_at": "2015-12-14T16:00:22.814622", "expires": "2015-12-14T17:00:22Z", "id": "e5994461256947c19fd803daa070e7a2", "tenant": {"description": "tempest-TestNetworkAdvancedServerOps-149500004-desc", "enabled": true, "id": "222f0cf4f3ec48e0a5fd2d43c2d39429", "name": "tempest-TestNetworkAdvancedServerOps-149500004"}, "audit_ids": ["67aAblRkTZaE_a3WfYicWA"]}, "serviceCatalog": [{"endpoints": [{"adminURL": "http://10.0.2.15:8774/v2.1/222f0cf4f3ec48e0a5fd2d43c2d39429", "region": "RegionOne", "internalURL": "http://10.0.2.15:8774/v2.1/222f0cf4f3ec48e0a5fd2d43c2d39429", "id": "487e4f0b0be64fd3854bfc31ffb7bd36", "publicURL": "http://10.0.2.15:8774/v2.1/222f0cf4f3ec48e0a5fd2d43c2d39429"}], "endpoints_links": [], "type": "compute", "name": "nova"}, {"endpoints": [{"adminURL": "http://10.0.2.15:9696/", "region": "RegionOne", "internalURL": "http://10.0.2.15:9696/", "id": "162feb5aa0c14b83b4954932c2a292ad", "publicURL": "http://10.0.2.15:9696/"}], "endpoints_links": [], "type": "network", "name": "neutron"}, {"endpoints": [{"adminURL": "http://10.0.2.15:9292", "region": "RegionOne", "internalURL": "http://10.0.2.15:9292", "id": "2f2f946b0d1e47a59dd9821c856e6b4a", "publicURL": "http://10.0.2.15:9292"}], "endpoints_links": [], "type": "image", "name": "glance"}, {"endpoints": [{"adminURL": "http://10.0.2.15:8774/v2/222f0cf4f3ec48e0a5fd2d43c2d39429", "region": "RegionOne", "internalURL": "http://10.0.2.15:8774/v2/222f0cf4f3ec48e0a5fd2d43c2d39429", "id": "08fe5fc9202d4edfadac58606333af84", "publicURL": "http://10.0.2.15:8774/v2/222f0cf4f3ec48e0a5fd2d43c2d39429"}], "endpoints_links": [], "type": "compute_legacy", "name": "nova_legacy"}, {"endpoints": [{"adminURL": "http://10.0.2.15:8773/", "region": "RegionOne", "internalURL": "http://10.0.2.15:8773/", "id": "5eb1c47ebf1845f595f971d4fb19f2b0", "publicURL": "http://10.0.2.15:8773/"}], "endpoints_links": [], "type": "ec2", "name": "ec2"}, {"endpoints": [{"adminURL": "http://10.0.2.15:35357/v2.0", "region": "RegionOne", "internalURL": "http://10.0.2.15:5000/v2.0", "id": "083d818d5e3841d78b62e0ddcdc8b184", "publicURL": "http://10.0.2.15:5000/v2.0"}], "endpoints_links": [], "type": "identity", "name": "keystone"}], "user": {"username": "tempest-TestNetworkAdvancedServerOps-1245661631", "roles_links": [], "id": "24626720bd2141c794ade6d81c8308e3", "roles": [{"name": "_member_"}, {"name": "Member"}], "name": "tempest-TestNetworkAdvancedServerOps-1245661631"}, "metadata": {"is_admin": 0, "roles": ["9fe2ff9ee4384b1894a90878d3e92bab", "ab258f114dac4d5e98363bd618a33f3f"]}}}
2015-12-14 16:00:22,832 24419 DEBUG    [tempest.common.fixed_network] (TestNetworkAdvancedServerOps:test_server_connectivity_pause_unpause) No valid network provided or created, defaulting to fixed_network_name
2015-12-14 16:00:23,171 24419 INFO     [tempest_lib.common.rest_client] Request (TestNetworkAdvancedServerOps:test_server_connectivity_pause_unpause): 200 GET http://10.0.2.15:8774/v2.1/222f0cf4f3ec48e0a5fd2d43c2d39429/os-networks 0.338s
2015-12-14 16:00:23,171 24419 DEBUG    [tempest_lib.common.rest_client] Request - Headers: {'Content-Type': 'application/json', 'Accept': 'application/json', 'X-Auth-Token': '&lt;omitted&gt;'}
        Body: None
    Response - Headers: {'status': '200', 'content-length': '478', 'content-location': 'http://10.0.2.15:8774/v2.1/222f0cf4f3ec48e0a5fd2d43c2d39429/os-networks', 'x-compute-request-id': 'req-f3937ad0-b688-4e79-af0b-f5b3aeb7ced4', 'vary': 'X-OpenStack-Nova-API-Version', 'connection': 'close', 'x-openstack-nova-api-version': '2.1', 'date': 'Mon, 14 Dec 2015 16:00:23 GMT', 'content-type': 'application/json'}
        Body: {"networks": [{"cidr_v6": null, "dns2": null, "dns1": null, "gateway": null, "broadcast": null, "netmask": null, "gateway_v6": null, "cidr": null, "label": "public", "id": "f0b98154-4b53-48d8-8d9b-db7f7e10394f", "netmask_v6": null}, {"cidr_v6": null, "dns2": null, "dns1": null, "gateway": null, "broadcast": null, "netmask": null, "gateway_v6": null, "cidr": null, "label": "tempest-network-smoke--501687595", "id": "c96ac384-ba94-4d89-9d1e-9fb69ee09f37", "netmask_v6": null}]}
2015-12-14 16:00:23,172 24419 WARNING  [tempest.common.fixed_network] (TestNetworkAdvancedServerOps:test_server_connectivity_pause_unpause) Network with name: private not found
2015-12-14 16:00:23,172 24419 INFO     [tempest.common.fixed_network] (TestNetworkAdvancedServerOps:test_server_connectivity_pause_unpause) Found network {} available for tenant
2015-12-14 16:00:25,337 24419 INFO     [tempest_lib.common.rest_client] Request (TestNetworkAdvancedServerOps:test_server_connectivity_pause_unpause): 202 POST http://10.0.2.15:8774/v2.1/222f0cf4f3ec48e0a5fd2d43c2d39429/servers 2.163s
2015-12-14 16:00:25,338 24419 DEBUG    [tempest_lib.common.rest_client] Request - Headers: {'Content-Type': 'application/json', 'Accept': 'application/json', 'X-Auth-Token': '&lt;omitted&gt;'}
        Body: {"server": {"name": "tempest.common.compute-instance-126610747", "imageRef": "096a4fb0-76f3-4fbf-b2c1-d186ee309b61", "key_name": "tempest-TestNetworkAdvancedServerOps-1112638431", "flavorRef": "42", "networks": [{"uuid": "c96ac384-ba94-4d89-9d1e-9fb69ee09f37"}], "security_groups": [{"name": "tempest-secgroup-smoke-1435151092"}]}}
    Response - Headers: {'status': '202', 'content-length': '462', 'x-compute-request-id': 'req-bb2b286f-6eb9-4845-bce2-3261f671124b', 'vary': 'X-OpenStack-Nova-API-Version', 'connection': 'close', 'location': 'http://10.0.2.15:8774/v2.1/222f0cf4f3ec48e0a5fd2d43c2d39429/servers/cf5b598d-6a5d-41cd-93b2-7b63f53e3b96', 'x-openstack-nova-api-version': '2.1', 'date': 'Mon, 14 Dec 2015 16:00:25 GMT', 'content-type': 'application/json'}
        Body: {"server": {"security_groups": [{"name": "tempest-secgroup-smoke-1435151092"}], "OS-DCF:diskConfig": "MANUAL", "id": "cf5b598d-6a5d-41cd-93b2-7b63f53e3b96", "links": [{"href": "http://10.0.2.15:8774/v2.1/222f0cf4f3ec48e0a5fd2d43c2d39429/servers/cf5b598d-6a5d-41cd-93b2-7b63f53e3b96", "rel": "self"}, {"href": "http://10.0.2.15:8774/222f0cf4f3ec48e0a5fd2d43c2d39429/servers/cf5b598d-6a5d-41cd-93b2-7b63f53e3b96", "rel": "bookmark"}], "adminPass": "w45q2yD47Cid"}}
2015-12-14 16:00:25,471 24419 INFO     [tempest_lib.common.rest_client] Request (TestNetworkAdvancedServerOps:test_server_connectivity_pause_unpause): 200 GET http://10.0.2.15:8774/v2.1/222f0cf4f3ec48e0a5fd2d43c2d39429/servers/cf5b598d-6a5d-41cd-93b2-7b63f53e3b96 0.130s
2015-12-14 16:00:25,473 24419 DEBUG    [tempest_lib.common.rest_client] Request - Headers: {'Content-Type': 'application/json', 'Accept': 'application/json', 'X-Auth-Token': '&lt;omitted&gt;'}
        Body: None
    Response - Headers: {'status': '200', 'content-length': '1364', 'content-location': 'http://10.0.2.15:8774/v2.1/222f0cf4f3ec48e0a5fd2d43c2d39429/servers/cf5b598d-6a5d-41cd-93b2-7b63f53e3b96', 'x-compute-request-id': 'req-9c3d814d-02d2-4938-8d4a-5e5507dcd604', 'vary': 'X-OpenStack-Nova-API-Version', 'connection': 'close', 'x-openstack-nova-api-version': '2.1', 'date': 'Mon, 14 Dec 2015 16:00:25 GMT', 'content-type': 'application/json'}
        Body: {"server": {"status": "BUILD", "updated": "2015-12-14T16:00:25Z", "hostId": "", "addresses": {}, "links": [{"href": "http://10.0.2.15:8774/v2.1/222f0cf4f3ec48e0a5fd2d43c2d39429/servers/cf5b598d-6a5d-41cd-93b2-7b63f53e3b96", "rel": "self"}, {"href": "http://10.0.2.15:8774/222f0cf4f3ec48e0a5fd2d43c2d39429/servers/cf5b598d-6a5d-41cd-93b2-7b63f53e3b96", "rel": "bookmark"}], "key_name": "tempest-TestNetworkAdvancedServerOps-1112638431", "image": {"id": "096a4fb0-76f3-4fbf-b2c1-d186ee309b61", "links": [{"href": "http://10.0.2.15:8774/222f0cf4f3ec48e0a5fd2d43c2d39429/images/096a4fb0-76f3-4fbf-b2c1-d186ee309b61", "rel": "bookmark"}]}, "OS-EXT-STS:task_state": "scheduling", "OS-EXT-STS:vm_state": "building", "OS-SRV-USG:launched_at": null, "flavor": {"id": "42", "links": [{"href": "http://10.0.2.15:8774/222f0cf4f3ec48e0a5fd2d43c2d39429/flavors/42", "rel": "bookmark"}]}, "id": "cf5b598d-6a5d-41cd-93b2-7b63f53e3b96", "OS-SRV-USG:terminated_at": null, "OS-EXT-AZ:availability_zone": "", "user_id": "24626720bd2141c794ade6d81c8308e3", "name": "tempest.common.compute-instance-126610747", "created": "2015-12-14T16:00:25Z", "tenant_id": "222f0cf4f3ec48e0a5fd2d43c2d39429", "OS-DCF:diskConfig": "MANUAL", "os-extended-volumes:volumes_attached": [], "accessIPv4": "", "accessIPv6": "", "progress": 0, "OS-EXT-STS:power_state": 0, "config_drive": "", "metadata": {}}}
2015-12-14 16:00:26,966 24419 INFO     [tempest_lib.common.rest_client] Request (TestNetworkAdvancedServerOps:test_server_connectivity_pause_unpause): 200 GET http://10.0.2.15:8774/v2.1/222f0cf4f3ec48e0a5fd2d43c2d39429/servers/cf5b598d-6a5d-41cd-93b2-7b63f53e3b96 0.482s
2015-12-14 16:00:26,966 24419 DEBUG    [tempest_lib.common.rest_client] Request - Headers: {'Content-Type': 'application/json', 'Accept': 'application/json', 'X-Auth-Token': '&lt;omitted&gt;'}
        Body: None
    Response - Headers: {'status': '200', 'content-length': '1490', 'content-location': 'http://10.0.2.15:8774/v2.1/222f0cf4f3ec48e0a5fd2d43c2d39429/servers/cf5b598d-6a5d-41cd-93b2-7b63f53e3b96', 'x-compute-request-id': 'req-523cbe8d-10fe-4d7a-a94d-dd371571e31e', 'vary': 'X-OpenStack-Nova-API-Version', 'connection': 'close', 'x-openstack-nova-api-version': '2.1', 'date': 'Mon, 14 Dec 2015 16:00:26 GMT', 'content-type': 'application/json'}
        Body: {"server": {"status": "BUILD", "updated": "2015-12-14T16:00:26Z", "hostId": "4be29cb792fa2d2f1bd2de8fc1ef88a87afd1adda3e8e7804dcd8403", "addresses": {}, "links": [{"href": "http://10.0.2.15:8774/v2.1/222f0cf4f3ec48e0a5fd2d43c2d39429/servers/cf5b598d-6a5d-41cd-93b2-7b63f53e3b96", "rel": "self"}, {"href": "http://10.0.2.15:8774/222f0cf4f3ec48e0a5fd2d43c2d39429/servers/cf5b598d-6a5d-41cd-93b2-7b63f53e3b96", "rel": "bookmark"}], "key_name": "tempest-TestNetworkAdvancedServerOps-1112638431", "image": {"id": "096a4fb0-76f3-4fbf-b2c1-d186ee309b61", "links": [{"href": "http://10.0.2.15:8774/222f0cf4f3ec48e0a5fd2d43c2d39429/images/096a4fb0-76f3-4fbf-b2c1-d186ee309b61", "rel": "bookmark"}]}, "OS-EXT-STS:task_state": "spawning", "OS-EXT-STS:vm_state": "building", "OS-SRV-USG:launched_at": null, "flavor": {"id": "42", "links": [{"href": "http://10.0.2.15:8774/222f0cf4f3ec48e0a5fd2d43c2d39429/flavors/42", "rel": "bookmark"}]}, "id": "cf5b598d-6a5d-41cd-93b2-7b63f53e3b96", "security_groups": [{"name": "tempest-secgroup-smoke-1435151092"}], "OS-SRV-USG:terminated_at": null, "OS-EXT-AZ:availability_zone": "nova", "user_id": "24626720bd2141c794ade6d81c8308e3", "name": "tempest.common.compute-instance-126610747", "created": "2015-12-14T16:00:25Z", "tenant_id": "222f0cf4f3ec48e0a5fd2d43c2d39429", "OS-DCF:diskConfig": "MANUAL", "os-extended-volumes:volumes_attached": [], "accessIPv4": "", "accessIPv6": "", "progress": 0, "OS-EXT-STS:power_state": 0, "config_drive": "", "metadata": {}}}
2015-12-14 16:00:26,975 24419 INFO     [tempest.common.waiters] State transition "BUILD/scheduling" ==&gt; "BUILD/spawning" after 1 second wait
2015-12-14 16:00:28,167 24419 INFO     [tempest_lib.common.rest_client] Request (TestNetworkAdvancedServerOps:test_server_connectivity_pause_unpause): 200 GET http://10.0.2.15:8774/v2.1/222f0cf4f3ec48e0a5fd2d43c2d39429/servers/cf5b598d-6a5d-41cd-93b2-7b63f53e3b96 0.191s
2015-12-14 16:00:28,168 24419 DEBUG    [tempest_lib.common.rest_client] Request - Headers: {'Content-Type': 'application/json', 'Accept': 'application/json', 'X-Auth-Token': '&lt;omitted&gt;'}
        Body: None
    Response - Headers: {'status': '200', 'content-length': '1490', 'content-location': 'http://10.0.2.15:8774/v2.1/222f0cf4f3ec48e0a5fd2d43c2d39429/servers/cf5b598d-6a5d-41cd-93b2-7b63f53e3b96', 'x-compute-request-id': 'req-a9b8d669-bdb4-42bb-8223-4cd60115c6ed', 'vary': 'X-OpenStack-Nova-API-Version', 'connection': 'close', 'x-openstack-nova-api-version': '2.1', 'date': 'Mon, 14 Dec 2015 16:00:28 GMT', 'content-type': 'application/json'}
        Body: {"server": {"status": "BUILD", "updated": "2015-12-14T16:00:26Z", "hostId": "4be29cb792fa2d2f1bd2de8fc1ef88a87afd1adda3e8e7804dcd8403", "addresses": {}, "links": [{"href": "http://10.0.2.15:8774/v2.1/222f0cf4f3ec48e0a5fd2d43c2d39429/servers/cf5b598d-6a5d-41cd-93b2-7b63f53e3b96", "rel": "self"}, {"href": "http://10.0.2.15:8774/222f0cf4f3ec48e0a5fd2d43c2d39429/servers/cf5b598d-6a5d-41cd-93b2-7b63f53e3b96", "rel": "bookmark"}], "key_name": "tempest-TestNetworkAdvancedServerOps-1112638431", "image": {"id": "096a4fb0-76f3-4fbf-b2c1-d186ee309b61", "links": [{"href": "http://10.0.2.15:8774/222f0cf4f3ec48e0a5fd2d43c2d39429/images/096a4fb0-76f3-4fbf-b2c1-d186ee309b61", "rel": "bookmark"}]}, "OS-EXT-STS:task_state": "spawning", "OS-EXT-STS:vm_state": "building", "OS-SRV-USG:launched_at": null, "flavor": {"id": "42", "links": [{"href": "http://10.0.2.15:8774/222f0cf4f3ec48e0a5fd2d43c2d39429/flavors/42", "rel": "bookmark"}]}, "id": "cf5b598d-6a5d-41cd-93b2-7b63f53e3b96", "security_groups": [{"name": "tempest-secgroup-smoke-1435151092"}], "OS-SRV-USG:terminated_at": null, "OS-EXT-AZ:availability_zone": "nova", "user_id": "24626720bd2141c794ade6d81c8308e3", "name": "tempest.common.compute-instance-126610747", "created": "2015-12-14T16:00:25Z", "tenant_id": "222f0cf4f3ec48e0a5fd2d43c2d39429", "OS-DCF:diskConfig": "MANUAL", "os-extended-volumes:volumes_attached": [], "accessIPv4": "", "accessIPv6": "", "progress": 0, "OS-EXT-STS:power_state": 0, "config_drive": "", "metadata": {}}}
2015-12-14 16:00:29,363 24419 INFO     [tempest_lib.common.rest_client] Request (TestNetworkAdvancedServerOps:test_server_connectivity_pause_unpause): 200 GET http://10.0.2.15:8774/v2.1/222f0cf4f3ec48e0a5fd2d43c2d39429/servers/cf5b598d-6a5d-41cd-93b2-7b63f53e3b96 0.182s
2015-12-14 16:00:29,364 24419 DEBUG    [tempest_lib.common.rest_client] Request - Headers: {'Content-Type': 'application/json', 'Accept': 'application/json', 'X-Auth-Token': '&lt;omitted&gt;'}
        Body: None
    Response - Headers: {'status': '200', 'content-length': '1661', 'content-location': 'http://10.0.2.15:8774/v2.1/222f0cf4f3ec48e0a5fd2d43c2d39429/servers/cf5b598d-6a5d-41cd-93b2-7b63f53e3b96', 'x-compute-request-id': 'req-77e7eb7f-e7c5-4731-9e2b-9f83d5713363', 'vary': 'X-OpenStack-Nova-API-Version', 'connection': 'close', 'x-openstack-nova-api-version': '2.1', 'date': 'Mon, 14 Dec 2015 16:00:29 GMT', 'content-type': 'application/json'}
        Body: {"server": {"status": "ACTIVE", "updated": "2015-12-14T16:00:28Z", "hostId": "4be29cb792fa2d2f1bd2de8fc1ef88a87afd1adda3e8e7804dcd8403", "addresses": {"tempest-network-smoke--501687595": [{"OS-EXT-IPS-MAC:mac_addr": "fa:16:3e:88:17:76", "version": 4, "addr": "10.100.0.3", "OS-EXT-IPS:type": "fixed"}]}, "links": [{"href": "http://10.0.2.15:8774/v2.1/222f0cf4f3ec48e0a5fd2d43c2d39429/servers/cf5b598d-6a5d-41cd-93b2-7b63f53e3b96", "rel": "self"}, {"href": "http://10.0.2.15:8774/222f0cf4f3ec48e0a5fd2d43c2d39429/servers/cf5b598d-6a5d-41cd-93b2-7b63f53e3b96", "rel": "bookmark"}], "key_name": "tempest-TestNetworkAdvancedServerOps-1112638431", "image": {"id": "096a4fb0-76f3-4fbf-b2c1-d186ee309b61", "links": [{"href": "http://10.0.2.15:8774/222f0cf4f3ec48e0a5fd2d43c2d39429/images/096a4fb0-76f3-4fbf-b2c1-d186ee309b61", "rel": "bookmark"}]}, "OS-EXT-STS:task_state": null, "OS-EXT-STS:vm_state": "active", "OS-SRV-USG:launched_at": "2015-12-14T16:00:28.000000", "flavor": {"id": "42", "links": [{"href": "http://10.0.2.15:8774/222f0cf4f3ec48e0a5fd2d43c2d39429/flavors/42", "rel": "bookmark"}]}, "id": "cf5b598d-6a5d-41cd-93b2-7b63f53e3b96", "security_groups": [{"name": "tempest-secgroup-smoke-1435151092"}], "OS-SRV-USG:terminated_at": null, "OS-EXT-AZ:availability_zone": "nova", "user_id": "24626720bd2141c794ade6d81c8308e3", "name": "tempest.common.compute-instance-126610747", "created": "2015-12-14T16:00:25Z", "tenant_id": "222f0cf4f3ec48e0a5fd2d43c2d39429", "OS-DCF:diskConfig": "MANUAL", "os-extended-volumes:volumes_attached": [], "accessIPv4": "", "accessIPv6": "", "progress": 0, "OS-EXT-STS:power_state": 1, "config_drive": "True", "metadata": {}}}
2015-12-14 16:00:29,372 24419 INFO     [tempest.common.waiters] State transition "BUILD/spawning" ==&gt; "ACTIVE/None" after 4 second wait
2015-12-14 16:00:29,559 24419 INFO     [tempest_lib.common.rest_client] Request (TestNetworkAdvancedServerOps:test_server_connectivity_pause_unpause): 200 GET http://10.0.2.15:8774/v2.1/222f0cf4f3ec48e0a5fd2d43c2d39429/servers/cf5b598d-6a5d-41cd-93b2-7b63f53e3b96 0.186s
2015-12-14 16:00:29,559 24419 DEBUG    [tempest_lib.common.rest_client] Request - Headers: {'Content-Type': 'application/json', 'Accept': 'application/json', 'X-Auth-Token': '&lt;omitted&gt;'}
        Body: None
    Response - Headers: {'status': '200', 'content-length': '1661', 'content-location': 'http://10.0.2.15:8774/v2.1/222f0cf4f3ec48e0a5fd2d43c2d39429/servers/cf5b598d-6a5d-41cd-93b2-7b63f53e3b96', 'x-compute-request-id': 'req-b967c7e4-5887-4fcd-91c3-e7ddbf91dd48', 'vary': 'X-OpenStack-Nova-API-Version', 'connection': 'close', 'x-openstack-nova-api-version': '2.1', 'date': 'Mon, 14 Dec 2015 16:00:29 GMT', 'content-type': 'application/json'}
        Body: {"server": {"status": "ACTIVE", "updated": "2015-12-14T16:00:28Z", "hostId": "4be29cb792fa2d2f1bd2de8fc1ef88a87afd1adda3e8e7804dcd8403", "addresses": {"tempest-network-smoke--501687595": [{"OS-EXT-IPS-MAC:mac_addr": "fa:16:3e:88:17:76", "version": 4, "addr": "10.100.0.3", "OS-EXT-IPS:type": "fixed"}]}, "links": [{"href": "http://10.0.2.15:8774/v2.1/222f0cf4f3ec48e0a5fd2d43c2d39429/servers/cf5b598d-6a5d-41cd-93b2-7b63f53e3b96", "rel": "self"}, {"href": "http://10.0.2.15:8774/222f0cf4f3ec48e0a5fd2d43c2d39429/servers/cf5b598d-6a5d-41cd-93b2-7b63f53e3b96", "rel": "bookmark"}], "key_name": "tempest-TestNetworkAdvancedServerOps-1112638431", "image": {"id": "096a4fb0-76f3-4fbf-b2c1-d186ee309b61", "links": [{"href": "http://10.0.2.15:8774/222f0cf4f3ec48e0a5fd2d43c2d39429/images/096a4fb0-76f3-4fbf-b2c1-d186ee309b61", "rel": "bookmark"}]}, "OS-EXT-STS:task_state": null, "OS-EXT-STS:vm_state": "active", "OS-SRV-USG:launched_at": "2015-12-14T16:00:28.000000", "flavor": {"id": "42", "links": [{"href": "http://10.0.2.15:8774/222f0cf4f3ec48e0a5fd2d43c2d39429/flavors/42", "rel": "bookmark"}]}, "id": "cf5b598d-6a5d-41cd-93b2-7b63f53e3b96", "security_groups": [{"name": "tempest-secgroup-smoke-1435151092"}], "OS-SRV-USG:terminated_at": null, "OS-EXT-AZ:availability_zone": "nova", "user_id": "24626720bd2141c794ade6d81c8308e3", "name": "tempest.common.compute-instance-126610747", "created": "2015-12-14T16:00:25Z", "tenant_id": "222f0cf4f3ec48e0a5fd2d43c2d39429", "OS-DCF:diskConfig": "MANUAL", "os-extended-volumes:volumes_attached": [], "accessIPv4": "", "accessIPv6": "", "progress": 0, "OS-EXT-STS:power_state": 1, "config_drive": "True", "metadata": {}}}
2015-12-14 16:00:29,603 24419 INFO     [tempest_lib.common.rest_client] Request (TestNetworkAdvancedServerOps:test_server_connectivity_pause_unpause): 200 GET http://10.0.2.15:9696/v2.0/ports?status=ACTIVE&amp;fixed_ip=None&amp;device_id=cf5b598d-6a5d-41cd-93b2-7b63f53e3b96 0.035s
2015-12-14 16:00:29,604 24419 DEBUG    [tempest_lib.common.rest_client] Request - Headers: {'Content-Type': 'application/json', 'Accept': 'application/json', 'X-Auth-Token': '&lt;omitted&gt;'}
        Body: None
    Response - Headers: {'status': '200', 'content-length': '895', 'content-location': 'http://10.0.2.15:9696/v2.0/ports?status=ACTIVE&amp;fixed_ip=None&amp;device_id=cf5b598d-6a5d-41cd-93b2-7b63f53e3b96', 'connection': 'close', 'date': 'Mon, 14 Dec 2015 16:00:29 GMT', 'content-type': 'application/json; charset=UTF-8', 'x-openstack-request-id': 'req-4fe605bb-e355-48c3-90bc-3db3dfd53e1e'}
        Body: {"ports": [{"status": "ACTIVE", "binding:host_id": "vagrant-ubuntu-trusty-64", "allowed_address_pairs": [], "extra_dhcp_opts": [], "dns_assignment": [{"hostname": "host-10-100-0-3", "ip_address": "10.100.0.3", "fqdn": "host-10-100-0-3.openstacklocal."}], "device_owner": "compute:None", "port_security_enabled": true, "binding:profile": {}, "fixed_ips": [{"subnet_id": "74bf4db0-9050-4706-a98d-eb792e5ea139", "ip_address": "10.100.0.3"}], "id": "cad803ab-cb62-431e-b456-2055dd936381", "security_groups": ["644c8f90-9461-4a10-8195-2766faf3f7d8"], "device_id": "cf5b598d-6a5d-41cd-93b2-7b63f53e3b96", "name": "", "admin_state_up": true, "network_id": "c96ac384-ba94-4d89-9d1e-9fb69ee09f37", "dns_name": "", "binding:vif_details": {"port_filter": true}, "binding:vnic_type": "normal", "binding:vif_type": "ovs", "tenant_id": "222f0cf4f3ec48e0a5fd2d43c2d39429", "mac_address": "fa:16:3e:88:17:76"}]}
2015-12-14 16:00:30,018 24419 INFO     [tempest_lib.common.rest_client] Request (TestNetworkAdvancedServerOps:test_server_connectivity_pause_unpause): 201 POST http://10.0.2.15:9696/v2.0/floatingips 0.413s
2015-12-14 16:00:30,019 24419 DEBUG    [tempest_lib.common.rest_client] Request - Headers: {'Content-Type': 'application/json', 'Accept': 'application/json', 'X-Auth-Token': '&lt;omitted&gt;'}
        Body: {"floatingip": {"floating_network_id": "f0b98154-4b53-48d8-8d9b-db7f7e10394f", "tenant_id": "222f0cf4f3ec48e0a5fd2d43c2d39429", "fixed_ip_address": "10.100.0.3", "port_id": "cad803ab-cb62-431e-b456-2055dd936381"}}
    Response - Headers: {'status': '201', 'content-length': '367', 'connection': 'close', 'date': 'Mon, 14 Dec 2015 16:00:30 GMT', 'content-type': 'application/json; charset=UTF-8', 'x-openstack-request-id': 'req-2927f3d5-a0fc-46f0-a8f6-6daec8b10598'}
        Body: {"floatingip": {"floating_network_id": "f0b98154-4b53-48d8-8d9b-db7f7e10394f", "router_id": "1554e733-07f7-4006-a873-39e5d4a5f967", "fixed_ip_address": "10.100.0.3", "floating_ip_address": "172.24.4.4", "tenant_id": "222f0cf4f3ec48e0a5fd2d43c2d39429", "status": "DOWN", "port_id": "cad803ab-cb62-431e-b456-2055dd936381", "id": "423ee32e-5eb0-4664-9cdb-18088b511bf4"}}
2015-12-14 16:00:30,242 24419 INFO     [tempest_lib.common.rest_client] Request (TestNetworkAdvancedServerOps:test_server_connectivity_pause_unpause): 200 GET http://10.0.2.15:8774/v2.1/222f0cf4f3ec48e0a5fd2d43c2d39429/servers/cf5b598d-6a5d-41cd-93b2-7b63f53e3b96 0.222s
2015-12-14 16:00:30,243 24419 DEBUG    [tempest_lib.common.rest_client] Request - Headers: {'Content-Type': 'application/json', 'Accept': 'application/json', 'X-Auth-Token': '&lt;omitted&gt;'}
        Body: None
    Response - Headers: {'status': '200', 'content-length': '1661', 'content-location': 'http://10.0.2.15:8774/v2.1/222f0cf4f3ec48e0a5fd2d43c2d39429/servers/cf5b598d-6a5d-41cd-93b2-7b63f53e3b96', 'x-compute-request-id': 'req-410f6346-f133-4473-bec2-2acbbea5aa67', 'vary': 'X-OpenStack-Nova-API-Version', 'connection': 'close', 'x-openstack-nova-api-version': '2.1', 'date': 'Mon, 14 Dec 2015 16:00:30 GMT', 'content-type': 'application/json'}
        Body: {"server": {"status": "ACTIVE", "updated": "2015-12-14T16:00:28Z", "hostId": "4be29cb792fa2d2f1bd2de8fc1ef88a87afd1adda3e8e7804dcd8403", "addresses": {"tempest-network-smoke--501687595": [{"OS-EXT-IPS-MAC:mac_addr": "fa:16:3e:88:17:76", "version": 4, "addr": "10.100.0.3", "OS-EXT-IPS:type": "fixed"}]}, "links": [{"href": "http://10.0.2.15:8774/v2.1/222f0cf4f3ec48e0a5fd2d43c2d39429/servers/cf5b598d-6a5d-41cd-93b2-7b63f53e3b96", "rel": "self"}, {"href": "http://10.0.2.15:8774/222f0cf4f3ec48e0a5fd2d43c2d39429/servers/cf5b598d-6a5d-41cd-93b2-7b63f53e3b96", "rel": "bookmark"}], "key_name": "tempest-TestNetworkAdvancedServerOps-1112638431", "image": {"id": "096a4fb0-76f3-4fbf-b2c1-d186ee309b61", "links": [{"href": "http://10.0.2.15:8774/222f0cf4f3ec48e0a5fd2d43c2d39429/images/096a4fb0-76f3-4fbf-b2c1-d186ee309b61", "rel": "bookmark"}]}, "OS-EXT-STS:task_state": null, "OS-EXT-STS:vm_state": "active", "OS-SRV-USG:launched_at": "2015-12-14T16:00:28.000000", "flavor": {"id": "42", "links": [{"href": "http://10.0.2.15:8774/222f0cf4f3ec48e0a5fd2d43c2d39429/flavors/42", "rel": "bookmark"}]}, "id": "cf5b598d-6a5d-41cd-93b2-7b63f53e3b96", "security_groups": [{"name": "tempest-secgroup-smoke-1435151092"}], "OS-SRV-USG:terminated_at": null, "OS-EXT-AZ:availability_zone": "nova", "user_id": "24626720bd2141c794ade6d81c8308e3", "name": "tempest.common.compute-instance-126610747", "created": "2015-12-14T16:00:25Z", "tenant_id": "222f0cf4f3ec48e0a5fd2d43c2d39429", "OS-DCF:diskConfig": "MANUAL", "os-extended-volumes:volumes_attached": [], "accessIPv4": "", "accessIPv6": "", "progress": 0, "OS-EXT-STS:power_state": 1, "config_drive": "True", "metadata": {}}}
2015-12-14 16:00:30,257 24419 INFO     [tempest.scenario.manager] Tenant networks not configured to be reachable.
2015-12-14 16:00:30,273 24419 INFO     [tempest_lib.common.rest_client] Request (TestNetworkAdvancedServerOps:test_server_connectivity_pause_unpause): 200 GET http://10.0.2.15:9696/v2.0/floatingips/423ee32e-5eb0-4664-9cdb-18088b511bf4 0.015s
2015-12-14 16:00:30,273 24419 DEBUG    [tempest_lib.common.rest_client] Request - Headers: {'Content-Type': 'application/json', 'Accept': 'application/json', 'X-Auth-Token': '&lt;omitted&gt;'}
        Body: None
    Response - Headers: {'status': '200', 'content-length': '367', 'content-location': 'http://10.0.2.15:9696/v2.0/floatingips/423ee32e-5eb0-4664-9cdb-18088b511bf4', 'connection': 'close', 'date': 'Mon, 14 Dec 2015 16:00:30 GMT', 'content-type': 'application/json; charset=UTF-8', 'x-openstack-request-id': 'req-140a216d-8f4f-43f8-9e4f-800132615f70'}
        Body: {"floatingip": {"floating_network_id": "f0b98154-4b53-48d8-8d9b-db7f7e10394f", "router_id": "1554e733-07f7-4006-a873-39e5d4a5f967", "fixed_ip_address": "10.100.0.3", "floating_ip_address": "172.24.4.4", "tenant_id": "222f0cf4f3ec48e0a5fd2d43c2d39429", "status": "DOWN", "port_id": "cad803ab-cb62-431e-b456-2055dd936381", "id": "423ee32e-5eb0-4664-9cdb-18088b511bf4"}}
2015-12-14 16:00:31,287 24419 INFO     [tempest_lib.common.rest_client] Request (TestNetworkAdvancedServerOps:test_server_connectivity_pause_unpause): 200 GET http://10.0.2.15:9696/v2.0/floatingips/423ee32e-5eb0-4664-9cdb-18088b511bf4 0.012s
2015-12-14 16:00:31,288 24419 DEBUG    [tempest_lib.common.rest_client] Request - Headers: {'Content-Type': 'application/json', 'Accept': 'application/json', 'X-Auth-Token': '&lt;omitted&gt;'}
        Body: None
    Response - Headers: {'status': '200', 'content-length': '369', 'content-location': 'http://10.0.2.15:9696/v2.0/floatingips/423ee32e-5eb0-4664-9cdb-18088b511bf4', 'connection': 'close', 'date': 'Mon, 14 Dec 2015 16:00:31 GMT', 'content-type': 'application/json; charset=UTF-8', 'x-openstack-request-id': 'req-a4f0b8f9-550b-463c-b923-cc771e6902d4'}
        Body: {"floatingip": {"floating_network_id": "f0b98154-4b53-48d8-8d9b-db7f7e10394f", "router_id": "1554e733-07f7-4006-a873-39e5d4a5f967", "fixed_ip_address": "10.100.0.3", "floating_ip_address": "172.24.4.4", "tenant_id": "222f0cf4f3ec48e0a5fd2d43c2d39429", "status": "ACTIVE", "port_id": "cad803ab-cb62-431e-b456-2055dd936381", "id": "423ee32e-5eb0-4664-9cdb-18088b511bf4"}}
2015-12-14 16:00:31,288 24419 INFO     [tempest.scenario.manager] FloatingIP: &lt;"FloatingIP" addr="172.24.4.4" id="423ee32e-5eb0-4664-9cdb-18088b511bf4"&gt; is at status: ACTIVE
2015-12-14 16:00:31,289 24419 DEBUG    [tempest.scenario.manager] checking network connections to IP 172.24.4.4 with user: cirros
2015-12-14 16:00:31,289 24419 DEBUG    [tempest.scenario.manager] TestNetworkAdvancedServerOps:test_server_connectivity_pause_unpause begins to ping 172.24.4.4 in 120 sec and the expected result is reachable
2015-12-14 16:02:32,627 24419 DEBUG    [tempest.scenario.manager] TestNetworkAdvancedServerOps:test_server_connectivity_pause_unpause finishes ping 172.24.4.4 in 120 sec and the ping result is unexpected
2015-12-14 16:02:32,628 24419 ERROR    [tempest.scenario.manager] Public network connectivity check failed
2015-12-14 16:02:32.628 24419 ERROR tempest.scenario.manager Traceback (most recent call last):
2015-12-14 16:02:32.628 24419 ERROR tempest.scenario.manager   File "tempest/scenario/manager.py", line 606, in check_public_network_connectivity
2015-12-14 16:02:32.628 24419 ERROR tempest.scenario.manager     should_connect=should_connect)
2015-12-14 16:02:32.628 24419 ERROR tempest.scenario.manager   File "tempest/scenario/manager.py", line 590, in check_vm_connectivity
2015-12-14 16:02:32.628 24419 ERROR tempest.scenario.manager     msg=msg)
2015-12-14 16:02:32.628 24419 ERROR tempest.scenario.manager   File "/usr/local/lib/python2.7/dist-packages/unittest2/case.py", line 702, in assertTrue
2015-12-14 16:02:32.628 24419 ERROR tempest.scenario.manager     raise self.failureException(msg)
2015-12-14 16:02:32.628 24419 ERROR tempest.scenario.manager AssertionError: False is not true : Timed out waiting for 172.24.4.4 to become reachable
2015-12-14 16:02:32.628 24419 ERROR tempest.scenario.manager 
2015-12-14 16:02:32,851 24419 INFO     [tempest_lib.common.rest_client] Request (TestNetworkAdvancedServerOps:test_server_connectivity_pause_unpause): 200 POST http://10.0.2.15:8774/v2.1/222f0cf4f3ec48e0a5fd2d43c2d39429/servers/cf5b598d-6a5d-41cd-93b2-7b63f53e3b96/action 0.219s
2015-12-14 16:02:32,852 24419 DEBUG    [tempest_lib.common.rest_client] Request - Headers: {'Content-Type': 'application/json', 'Accept': 'application/json', 'X-Auth-Token': '&lt;omitted&gt;'}
        Body: {"os-getConsoleOutput": {}}
    Response - Headers: {'status': '200', 'content-length': '17428', 'x-compute-request-id': 'req-2ebfee7a-5de2-40b6-9749-49e2c8fcbe77', 'vary': 'X-OpenStack-Nova-API-Version', 'connection': 'close', 'x-openstack-nova-api-version': '2.1', 'date': 'Mon, 14 Dec 2015 16:02:32 GMT', 'content-type': 'application/json'}
        Body: {"output": "[    0.000000] Initializing cgroup subsys cpuset\n[    0.000000] Initializing cgroup subsys cpu\n[    0.000000] Linux version 3.2.0-80-virtual (buildd@batsu) (gcc version 4.6.3 (Ubuntu/Linaro 4.6.3-1ubuntu5) ) #116-Ubuntu SMP Mon Mar 23 17:28:52 UTC 2015 (Ubuntu 3.2.0-80.116-virtual 3.2.68)\n[    0.000000] Command line: root=/dev/vda console=tty0 console=ttyS0 no_timer_check\n[    0.000000] KERNEL supported cpus:\n[    0.000000]   Intel GenuineIntel\n[    0.000000]   AMD AuthenticAMD\n[    0.000000]   Centaur CentaurHauls\n[    0.000000] BIOS-provided physical RAM map:\n[    0.000000]  BIOS-e820: 0000000000000000 - 000000000009fc00 (usable)\n[    0.000000]  BIOS-e820: 000000000009fc00 - 00000000000a0000 (reserved)\n[    0.000000]  BIOS-e820: 00000000000f0000 - 0000000000100000 (reserved)\n[    0.000000]  BIOS-e820: 0000000000100000 - 0000000003ffe000 (usable)\n[    0.000000]  BIOS-e820: 0000000003ffe000 - 0000000004000000 (reserved)\n[    0.000000]  BIOS-e820: 00000000fffc0000 - 0000000100000000 (reserved)\n[    0.000000] NX (Execute Disable) protection: active\n[    0.000000] SMBIOS 2.4 present.\n[    0.000000] No AGP bridge found\n[    0.000000] last_pfn = 0x3ffe max_arch_pfn = 0x400000000\n[    0.000000] x86 PAT enabled: cpu 0, old 0x7040600070406, new 0x7010600070106\n[    0.000000] found SMP MP-table at [ffff8800000f0b00] f0b00\n[    0.000000] init_memory_mapping: 0000000000000000-0000000003ffe000\n[    0.000000] RAMDISK: 03c5e000 - 03ff0000\n[    0.000000] ACPI: RSDP 00000000000f0950 00014 (v00 BOCHS )\n[    0.000000] ACPI: RSDT 0000000003fffbc1 00034 (v01 BOCHS  BXPCRSDT 00000001 BXPC 00000001)\n[    0.000000] ACPI: FACP 0000000003fff1c0 00074 (v01 BOCHS  BXPCFACP 00000001 BXPC 00000001)\n[    0.000000] ACPI: DSDT 0000000003ffe040 01180 (v01 BOCHS  BXPCDSDT 00000001 BXPC 00000001)\n[    0.000000] ACPI: FACS 0000000003ffe000 00040\n[    0.000000] ACPI: SSDT 0000000003fff234 008DD (v01 BOCHS  BXPCSSDT 00000001 BXPC 00000001)\n[    0.000000] ACPI: APIC 0000000003fffb11 00078 (v01 BOCHS  BXPCAPIC 00000001 BXPC 00000001)\n[    0.000000] ACPI: HPET 0000000003fffb89 00038 (v01 BOCHS  BXPCHPET 00000001 BXPC 00000001)\n[    0.000000] No NUMA configuration found\n[    0.000000] Faking a node at 0000000000000000-0000000003ffe000\n[    0.000000] Initmem setup node 0 0000000000000000-0000000003ffe000\n[    0.000000]   NODE_DATA [0000000003ff6000 - 0000000003ffafff]\n[    0.000000] Zone PFN ranges:\n[    0.000000]   DMA      0x00000010 -&gt; 0x00001000\n[    0.000000]   DMA32    0x00001000 -&gt; 0x00100000\n[    0.000000]   Normal   empty\n[    0.000000] Movable zone start PFN for each node\n[    0.000000] early_node_map[2] active PFN ranges\n[    0.000000]     0: 0x00000010 -&gt; 0x0000009f\n[    0.000000]     0: 0x00000100 -&gt; 0x00003ffe\n[    0.000000] ACPI: PM-Timer IO Port: 0xb008\n[    0.000000] ACPI: LAPIC (acpi_id[0x00] lapic_id[0x00] enabled)\n[    0.000000] ACPI: LAPIC_NMI (acpi_id[0xff] dfl dfl lint[0x1])\n[    0.000000] ACPI: IOAPIC (id[0x00] address[0xfec00000] gsi_base[0])\n[    0.000000] IOAPIC[0]: apic_id 0, version 17, address 0xfec00000, GSI 0-23\n[    0.000000] ACPI: INT_SRC_OVR (bus 0 bus_irq 0 global_irq 2 dfl dfl)\n[    0.000000] ACPI: INT_SRC_OVR (bus 0 bus_irq 5 global_irq 5 high level)\n[    0.000000] ACPI: INT_SRC_OVR (bus 0 bus_irq 9 global_irq 9 high level)\n[    0.000000] ACPI: INT_SRC_OVR (bus 0 bus_irq 10 global_irq 10 high level)\n[    0.000000] ACPI: INT_SRC_OVR (bus 0 bus_irq 11 global_irq 11 high level)\n[    0.000000] Using ACPI (MADT) for SMP configuration information\n[    0.000000] ACPI: HPET id: 0x8086a201 base: 0xfed00000\n[    0.000000] SMP: Allowing 1 CPUs, 0 hotplug CPUs\n[    0.000000] PM: Registered nosave memory: 000000000009f000 - 00000000000a0000\n[    0.000000] PM: Registered nosave memory: 00000000000a0000 - 00000000000f0000\n[    0.000000] PM: Registered nosave memory: 00000000000f0000 - 0000000000100000\n[    0.000000] Allocating PCI resources starting at 4000000 (gap: 4000000:fbfc0000)\n[    0.000000] Booting paravirtualized kernel on bare hardware\n[    0.000000] setup_pe
2015-12-14 16:02:32,855 24419 DEBUG    [tempest.scenario.manager] Console output for cf5b598d-6a5d-41cd-93b2-7b63f53e3b96
body=
[    0.000000] Initializing cgroup subsys cpuset
[    0.000000] Initializing cgroup subsys cpu
[    0.000000] Linux version 3.2.0-80-virtual (buildd@batsu) (gcc version 4.6.3 (Ubuntu/Linaro 4.6.3-1ubuntu5) ) #116-Ubuntu SMP Mon Mar 23 17:28:52 UTC 2015 (Ubuntu 3.2.0-80.116-virtual 3.2.68)
[    0.000000] Command line: root=/dev/vda console=tty0 console=ttyS0 no_timer_check
[    0.000000] KERNEL supported cpus:
[    0.000000]   Intel GenuineIntel
[    0.000000]   AMD AuthenticAMD
[    0.000000]   Centaur CentaurHauls
[    0.000000] BIOS-provided physical RAM map:
[    0.000000]  BIOS-e820: 0000000000000000 - 000000000009fc00 (usable)
[    0.000000]  BIOS-e820: 000000000009fc00 - 00000000000a0000 (reserved)
[    0.000000]  BIOS-e820: 00000000000f0000 - 0000000000100000 (reserved)
[    0.000000]  BIOS-e820: 0000000000100000 - 0000000003ffe000 (usable)
[    0.000000]  BIOS-e820: 0000000003ffe000 - 0000000004000000 (reserved)
[    0.000000]  BIOS-e820: 00000000fffc0000 - 0000000100000000 (reserved)
[    0.000000] NX (Execute Disable) protection: active
[    0.000000] SMBIOS 2.4 present.
[    0.000000] No AGP bridge found
[    0.000000] last_pfn = 0x3ffe max_arch_pfn = 0x400000000
[    0.000000] x86 PAT enabled: cpu 0, old 0x7040600070406, new 0x7010600070106
[    0.000000] found SMP MP-table at [ffff8800000f0b00] f0b00
[    0.000000] init_memory_mapping: 0000000000000000-0000000003ffe000
[    0.000000] RAMDISK: 03c5e000 - 03ff0000
[    0.000000] ACPI: RSDP 00000000000f0950 00014 (v00 BOCHS )
[    0.000000] ACPI: RSDT 0000000003fffbc1 00034 (v01 BOCHS  BXPCRSDT 00000001 BXPC 00000001)
[    0.000000] ACPI: FACP 0000000003fff1c0 00074 (v01 BOCHS  BXPCFACP 00000001 BXPC 00000001)
[    0.000000] ACPI: DSDT 0000000003ffe040 01180 (v01 BOCHS  BXPCDSDT 00000001 BXPC 00000001)
[    0.000000] ACPI: FACS 0000000003ffe000 00040
[    0.000000] ACPI: SSDT 0000000003fff234 008DD (v01 BOCHS  BXPCSSDT 00000001 BXPC 00000001)
[    0.000000] ACPI: APIC 0000000003fffb11 00078 (v01 BOCHS  BXPCAPIC 00000001 BXPC 00000001)
[    0.000000] ACPI: HPET 0000000003fffb89 00038 (v01 BOCHS  BXPCHPET 00000001 BXPC 00000001)
[    0.000000] No NUMA configuration found
[    0.000000] Faking a node at 0000000000000000-0000000003ffe000
[    0.000000] Initmem setup node 0 0000000000000000-0000000003ffe000
[    0.000000]   NODE_DATA [0000000003ff6000 - 0000000003ffafff]
[    0.000000] Zone PFN ranges:
[    0.000000]   DMA      0x00000010 -&gt; 0x00001000
[    0.000000]   DMA32    0x00001000 -&gt; 0x00100000
[    0.000000]   Normal   empty
[    0.000000] Movable zone start PFN for each node
[    0.000000] early_node_map[2] active PFN ranges
[    0.000000]     0: 0x00000010 -&gt; 0x0000009f
[    0.000000]     0: 0x00000100 -&gt; 0x00003ffe
[    0.000000] ACPI: PM-Timer IO Port: 0xb008
[    0.000000] ACPI: LAPIC (acpi_id[0x00] lapic_id[0x00] enabled)
[    0.000000] ACPI: LAPIC_NMI (acpi_id[0xff] dfl dfl lint[0x1])
[    0.000000] ACPI: IOAPIC (id[0x00] address[0xfec00000] gsi_base[0])
[    0.000000] IOAPIC[0]: apic_id 0, version 17, address 0xfec00000, GSI 0-23
[    0.000000] ACPI: INT_SRC_OVR (bus 0 bus_irq 0 global_irq 2 dfl dfl)
[    0.000000] ACPI: INT_SRC_OVR (bus 0 bus_irq 5 global_irq 5 high level)
[    0.000000] ACPI: INT_SRC_OVR (bus 0 bus_irq 9 global_irq 9 high level)
[    0.000000] ACPI: INT_SRC_OVR (bus 0 bus_irq 10 global_irq 10 high level)
[    0.000000] ACPI: INT_SRC_OVR (bus 0 bus_irq 11 global_irq 11 high level)
[    0.000000] Using ACPI (MADT) for SMP configuration information
[    0.000000] ACPI: HPET id: 0x8086a201 base: 0xfed00000
[    0.000000] SMP: Allowing 1 CPUs, 0 hotplug CPUs
[    0.000000] PM: Registered nosave memory: 000000000009f000 - 00000000000a0000
[    0.000000] PM: Registered nosave memory: 00000000000a0000 - 00000000000f0000
[    0.000000] PM: Registered nosave memory: 00000000000f0000 - 0000000000100000
[    0.000000] Allocating PCI resources starting at 4000000 (gap: 4000000:fbfc0000)
[    0.000000] Booting paravirtualized kernel on bare hardware
[    0.000000] setup_percpu: NR_CPUS:64 nr_cpumask_bits:64 nr_cpu_ids:1 nr_node_ids:1
[    0.000000] PERCPU: Embedded 27 pages/cpu @ffff880003a00000 s78848 r8192 d23552 u2097152
[    0.000000] Built 1 zonelists in Node order, mobility grouping on.  Total pages: 16008
[    0.000000] Policy zone: DMA32
[    0.000000] Kernel command line: root=/dev/vda console=tty0 console=ttyS0 no_timer_check
[    0.000000] PID hash table entries: 256 (order: -1, 2048 bytes)
[    0.000000] Checking aperture...
[    0.000000] No AGP bridge found
[    0.000000] Memory: 43492k/65528k available (6576k kernel code, 452k absent, 21584k reserved, 6620k data, 928k init)
[    0.000000] SLUB: Genslabs=15, HWalign=64, Order=0-3, MinObjects=0, CPUs=1, Nodes=1
[    0.000000] Hierarchical RCU implementation.
[    0.000000] 	RCU dyntick-idle grace-period acceleration is enabled.
[    0.000000] NR_IRQS:4352 nr_irqs:256 16
[    0.000000] Console: colour VGA+ 80x25
[    0.000000] console [tty0] enabled
[    0.000000] console [ttyS0] enabled
[    0.000000] allocated 1048576 bytes of page_cgroup
[    0.000000] please try 'cgroup_disable=memory' option if you don't want memory cgroups
[    0.000000] Fast TSC calibration failed
[    0.000000] TSC: Unable to calibrate against PIT
[    0.000000] TSC: using HPET reference calibration
[    0.000000] Detected 2294.686 MHz processor.
[    0.036259] Calibrating delay loop (skipped), value calculated using timer frequency.. 4589.37 BogoMIPS (lpj=9178744)
[    0.038218] pid_max: default: 32768 minimum: 301
[    0.045816] Security Framework initialized
[    0.050003] AppArmor: AppArmor initialized
[    0.050639] Yama: becoming mindful.
[    0.057868] Dentry cache hash table entries: 8192 (order: 4, 65536 bytes)
[    0.059207] Inode-cache hash table entries: 4096 (order: 3, 32768 bytes)
[    0.060657] Mount-cache hash table entries: 256
[    0.077591] Initializing cgroup subsys cpuacct
[    0.078627] Initializing cgroup subsys memory
[    0.080824] Initializing cgroup subsys devices
[    0.081568] Initializing cgroup subsys freezer
[    0.082628] Initializing cgroup subsys blkio
[    0.083315] Initializing cgroup subsys perf_event
[    0.088171] mce: CPU supports 10 MCE banks
[    0.091264] SMP alternatives: switching to UP code
[    0.463002] Freeing SMP alternatives: 24k freed
[    0.464993] ACPI: Core revision 20110623
[    0.514803] ftrace: allocating 26610 entries in 105 pages
[    0.549748] ..TIMER: vector=0x30 apic1=0 pin1=2 apic2=-1 pin2=-1
[    0.551131] CPU0: AMD QEMU Virtual CPU version 2.0.0 stepping 03
[    0.556034] Performance Events: Broken PMU hardware detected, using software events only.
[    0.563547] NMI watchdog disabled (cpu0): hardware events not enabled
[    0.564752] Brought up 1 CPUs
[    0.565260] Total of 1 processors activated (4589.37 BogoMIPS).
[    0.589439] devtmpfs: initialized
[    0.620954] EVM: security.selinux
[    0.621811] EVM: security.SMACK64
[    0.622591] EVM: security.capability
[    0.653457] print_constraints: dummy: 
[    0.658494] RTC time: 16:00:32, date: 12/14/15
[    0.664692] NET: Registered protocol family 16
[    0.677068] ACPI: bus type pci registered
[    0.681461] PCI: Using configuration type 1 for base access
[    0.710876] bio: create slab &lt;bio-0&gt; at 0
[    0.716849] ACPI: Added _OSI(Module Device)
[    0.717499] ACPI: Added _OSI(Processor Device)
[    0.718062] ACPI: Added _OSI(3.0 _SCP Extensions)
[    0.718634] ACPI: Added _OSI(Processor Aggregator Device)
[    0.783522] ACPI: Interpreter enabled
[    0.784163] ACPI: (supports S0 S3 S4 S5)
[    0.785804] ACPI: Using IOAPIC for interrupt routing
[    0.875361] ACPI: No dock devices found.
[    0.876262] HEST: Table not found.
[    0.877477] PCI: Using host bridge windows from ACPI; if necessary, use "pci=nocrs" and report a bug
[    0.886740] ACPI: PCI Root Bridge [PCI0] (domain 0000 [bus 00-ff])
[    0.893554] pci_root PNP0A03:00: host bridge window [io  0x0000-0x0cf7]
[    0.894670] pci_root PNP0A03:00: host bridge window [io  0x0d00-0xadff]
[    0.896109] pci_root PNP0A03:00: host bridge window [io  0xae0f-0xaeff]
[    0.897098] pci_root PNP0A03:00: host bridge window [io  0xaf20-0xafdf]
[    0.898307] pci_root PNP0A03:00: host bridge window [io  0xafe4-0xffff]
[    0.900169] pci_root PNP0A03:00: host bridge window [mem 0x000a0000-0x000bffff]
[    0.901189] pci_root PNP0A03:00: host bridge window [mem 0x04000000-0xfebfffff]
[    0.925323] pci 0000:00:01.3: quirk: [io  0xb000-0xb03f] claimed by PIIX4 ACPI
[    0.926428] pci 0000:00:01.3: quirk: [io  0xb100-0xb10f] claimed by PIIX4 SMB
[    1.001620]  pci0000:00: Unable to request _OSC control (_OSC support mask: 0x1e)
[    1.070325] ACPI: PCI Interrupt Link [LNKA] (IRQs 5 *10 11)
[    1.077094] ACPI: PCI Interrupt Link [LNKB] (IRQs 5 *10 11)
[    1.081150] ACPI: PCI Interrupt Link [LNKC] (IRQs 5 10 *11)
[    1.085423] ACPI: PCI Interrupt Link [LNKD] (IRQs 5 10 *11)
[    1.086845] ACPI: PCI Interrupt Link [LNKS] (IRQs *9)
[    1.095083] vgaarb: device added: PCI:0000:00:02.0,decodes=io+mem,owns=io+mem,locks=none
[    1.096207] vgaarb: loaded
[    1.096511] vgaarb: bridge control possible 0000:00:02.0
[    1.101448] i2c-core: driver [aat2870] using legacy suspend method
[    1.102204] i2c-core: driver [aat2870] using legacy resume method
[    1.105410] SCSI subsystem initialized
[    1.108933] usbcore: registered new interface driver usbfs
[    1.110137] usbcore: registered new interface driver hub
[    1.111391] usbcore: registered new device driver usb
[    1.114935] PCI: Using ACPI for IRQ routing
[    1.127122] NetLabel: Initializing
[    1.128152] NetLabel:  domain hash size = 128
[    1.128770] NetLabel:  protocols = UNLABELED CIPSOv4
[    1.130625] NetLabel:  unlabeled traffic allowed by default
[    1.133535] HPET: 3 timers in total, 0 timers will be used for per-cpu timer
[    1.134731] hpet0: at MMIO 0xfed00000, IRQs 2, 8, 0
[    1.136437] hpet0: 3 comparators, 64-bit 100.000000 MHz counter
[    1.153089] Switching to clocksource hpet
[    1.427038] AppArmor: AppArmor Filesystem Enabled
[    1.429249] pnp: PnP ACPI init
[    1.429986] ACPI: bus type pnp registered
[    1.451664] pnp: PnP ACPI: found 9 devices
[    1.452650] ACPI: ACPI bus type pnp unregistered
[    1.526146] NET: Registered protocol family 2
[    1.565872] IP route cache hash table entries: 512 (order: 0, 4096 bytes)
[    1.573557] TCP established hash table entries: 2048 (order: 3, 32768 bytes)
[    1.575093] TCP bind hash table entries: 2048 (order: 3, 32768 bytes)
[    1.576087] TCP: Hash tables configured (established 2048 bind 2048)
[    1.577427] TCP reno registered
[    1.577954] UDP hash table entries: 128 (order: 0, 4096 bytes)
[    1.578976] UDP-Lite hash table entries: 128 (order: 0, 4096 bytes)
[    1.582745] NET: Registered protocol family 1
[    1.583548] pci 0000:00:00.0: Limiting direct PCI/PCI transfers
[    1.585081] pci 0000:00:01.0: PIIX3: Enabling Passive Release
[    1.585997] pci 0000:00:01.0: Activating ISA DMA hang workarounds
[    1.590890] ACPI: PCI Interrupt Link [LNKD] enabled at IRQ 11
[    1.591848] pci 0000:00:01.2: PCI INT D -&gt; Link[LNKD] -&gt; GSI 11 (level, high) -&gt; IRQ 11
[    1.594617] pci 0000:00:01.2: PCI INT D disabled
[    1.612140] Trying to unpack rootfs image as initramfs...
[    1.627091] audit: initializing netlink socket (disabled)
[    1.628007] type=2000 audit(1450108832.624:1): initialized
[    1.875698] HugeTLB registered 2 MB page size, pre-allocated 0 pages
[    1.963407] VFS: Disk quotas dquot_6.5.2
[    1.966756] Dquot-cache hash table entries: 512 (order 0, 4096 bytes)
[    1.992049] fuse init (API version 7.17)
[    1.997713] msgmni has been set to 84
[    2.033938] Block layer SCSI generic (bsg) driver version 0.4 loaded (major 253)
[    2.042000] io scheduler noop registered
[    2.042733] io scheduler deadline registered (default)
[    2.043904] io scheduler cfq registered
[    2.047790] pci_hotplug: PCI Hot Plug PCI Core version: 0.5
[    2.051030] pciehp: PCI Express Hot Plug Controller Driver version: 0.4
[    2.057830] input: Power Button as /devices/LNXSYSTM:00/LNXPWRBN:00/input/input0
[    2.059595] ACPI: Power Button [PWRF]
[    2.135921] ERST: Table is not found!
[    2.136962] GHES: HEST is not enabled!
[    2.146816] ACPI: PCI Interrupt Link [LNKC] enabled at IRQ 10
[    2.147415] virtio-pci 0000:00:03.0: PCI INT A -&gt; Link[LNKC] -&gt; GSI 10 (level, high) -&gt; IRQ 10
[    2.151644] virtio-pci 0000:00:04.0: PCI INT A -&gt; Link[LNKD] -&gt; GSI 11 (level, high) -&gt; IRQ 11
[    2.168384] ACPI: PCI Interrupt Link [LNKA] enabled at IRQ 10
[    2.169762] virtio-pci 0000:00:05.0: PCI INT A -&gt; Link[LNKA] -&gt; GSI 10 (level, high) -&gt; IRQ 10
[    2.183691] Serial: 8250/16550 driver, 32 ports, IRQ sharing enabled
[    2.214710] serial8250: ttyS0 at I/O 0x3f8 (irq = 4) is a 16550A
[    2.285657] serial8250: ttyS1 at I/O 0x2f8 (irq = 3) is a 16550A
[    2.420707] 00:05: ttyS0 at I/O 0x3f8 (irq = 4) is a 16550A
[    2.504227] 00:06: ttyS1 at I/O 0x2f8 (irq = 3) is a 16550A
[    2.559389] Linux agpgart interface v0.103
[    2.597590] Refined TSC clocksource calibration: 2294.913 MHz.
[    2.598380] Switching to clocksource tsc
[    2.662536] brd: module loaded
[    2.689705] loop: module loaded
[    2.754004]  vda: unknown partition table
[    2.846337] scsi0 : ata_piix
[    2.849261] scsi1 : ata_piix
[    2.850240] ata1: PATA max MWDMA2 cmd 0x1f0 ctl 0x3f6 bmdma 0xc0a0 irq 14
[    2.851941] ata2: PATA max MWDMA2 cmd 0x170 ctl 0x376 bmdma 0xc0a8 irq 15
[    2.861868] Fixed MDIO Bus: probed
[    2.862960] tun: Universal TUN/TAP device driver, 1.6
[    2.864157] tun: (C) 1999-2004 Max Krasnyansky &lt;maxk@qualcomm.com&gt;
[    2.880655] PPP generic driver version 2.4.2
[    2.904122] ehci_hcd: USB 2.0 'Enhanced' Host Controller (EHCI) Driver
[    2.906209] ohci_hcd: USB 1.1 'Open' Host Controller (OHCI) Driver
[    2.907206] uhci_hcd: USB Universal Host Controller Interface driver
[    2.908046] uhci_hcd 0000:00:01.2: PCI INT D -&gt; Link[LNKD] -&gt; GSI 11 (level, high) -&gt; IRQ 11
[    2.911536] uhci_hcd 0000:00:01.2: UHCI Host Controller
[    2.927619] uhci_hcd 0000:00:01.2: new USB bus registered, assigned bus number 1
[    2.929815] uhci_hcd 0000:00:01.2: irq 11, io base 0x0000c040
[    2.953749] hub 1-0:1.0: USB hub found
[    2.955578] hub 1-0:1.0: 2 ports detected
[    2.963465] usbcore: registered new interface driver libusual
[    2.967369] i8042: PNP: PS/2 Controller [PNP0303:KBD,PNP0f13:MOU] at 0x60,0x64 irq 1,12
[    2.975587] serio: i8042 KBD port at 0x60,0x64 irq 1
[    2.977093] serio: i8042 AUX port at 0x60,0x64 irq 12
[    3.015908] mousedev: PS/2 mouse device common for all mice
[    3.025499] input: AT Translated Set 2 keyboard as /devices/platform/i8042/serio0/input/input1
[    3.031571] rtc_cmos 00:01: RTC can wake from S4
[    3.065488] rtc_cmos 00:01: rtc core: registered rtc_cmos as rtc0
[    3.071565] rtc0: alarms up to one day, 114 bytes nvram, hpet irqs
[    3.080252] device-mapper: uevent: version 1.0.3
[    3.105722] ata2.01: ATAPI: QEMU DVD-ROM, 2.0.0, max UDMA/100
[    3.129606] ata2.01: configured for MWDMA2
[    3.145685] device-mapper: ioctl: 4.22.0-ioctl (2011-10-19) initialised: dm-devel@redhat.com
[    3.152018] cpuidle: using governor ladder
[    3.154069] cpuidle: using governor menu
[    3.156943] EFI Variables Facility v0.08 2004-May-17
[    3.182071] TCP cubic registered
[    3.189113] NET: Registered protocol family 10
[    3.225532] NET: Registered protocol family 17
[    3.227799] Registering the dns_resolver key type
[    3.267966] scsi 1:0:1:0: CD-ROM            QEMU     QEMU DVD-ROM     2.0. PQ: 0 ANSI: 5
[    3.292986] sr0: scsi3-mmc drive: 4x/4x cd/rw xa/form2 tray
[    3.295790] cdrom: Uniform CD-ROM driver Revision: 3.20
[    3.317492] sr 1:0:1:0: Attached scsi generic sg0 type 5
[    3.353941] Freeing initrd memory: 3656k freed
[    3.369513] registered taskstats version 1
[    3.868853]   Magic number: 11:746:34
[    3.883153] rtc_cmos 00:01: setting system clock to 2015-12-14 16:00:35 UTC (1450108835)
[    3.885713] powernow-k8: Processor cpuid 663 not supported
[    3.899436] BIOS EDD facility v0.16 2004-Jun-25, 0 devices found
[    3.901925] EDD information not available.
[    3.976937] Freeing unused kernel memory: 928k freed
[    3.984035] Write protecting the kernel read-only data: 12288k
[    4.104839] Freeing unused kernel memory: 1596k freed
[    4.165607] Freeing unused kernel memory: 1184k freed

info: initramfs: up at 4.34
modprobe: module virtio_blk not found in modules.dep
modprobe: module virtio_net not found in modules.dep
info: copying initramfs to /dev/vda
info: initramfs loading root from /dev/vda
info: /etc/init.d/rc.sysinit: up at 9.19
info: container: none
Starting logging: OK
modprobe: module virtio_blk not found in modules.dep
modprobe: module virtio_net not found in modules.dep
WARN: /etc/rc3.d/S10-load-modules failed
Initializing random number generator... done.
Starting acpid: OK
cirros-ds 'local' up at 11.74
found datasource (configdrive, local)
Starting network...
udhcpc (v1.20.1) started
Sending discover...
Sending discover...

2015-12-14 16:02:33,056 24419 INFO     [tempest_lib.common.rest_client] Request (TestNetworkAdvancedServerOps:_run_cleanups): 204 DELETE http://10.0.2.15:9696/v2.0/floatingips/423ee32e-5eb0-4664-9cdb-18088b511bf4 0.195s
2015-12-14 16:02:33,056 24419 DEBUG    [tempest_lib.common.rest_client] Request - Headers: {'Content-Type': 'application/json', 'Accept': 'application/json', 'X-Auth-Token': '&lt;omitted&gt;'}
        Body: None
    Response - Headers: {'date': 'Mon, 14 Dec 2015 16:02:33 GMT', 'status': '204', 'connection': 'close', 'content-length': '0', 'x-openstack-request-id': 'req-4a3aa6c4-8c28-4c1b-8e5d-c228039520c3'}
        Body: 
2015-12-14 16:02:33,278 24419 INFO     [tempest_lib.common.rest_client] Request (TestNetworkAdvancedServerOps:_run_cleanups): 204 DELETE http://10.0.2.15:8774/v2.1/222f0cf4f3ec48e0a5fd2d43c2d39429/servers/cf5b598d-6a5d-41cd-93b2-7b63f53e3b96 0.221s
2015-12-14 16:02:33,279 24419 DEBUG    [tempest_lib.common.rest_client] Request - Headers: {'Content-Type': 'application/json', 'Accept': 'application/json', 'X-Auth-Token': '&lt;omitted&gt;'}
        Body: None
    Response - Headers: {'status': '204', 'content-length': '0', 'x-compute-request-id': 'req-3e46ecf3-41bc-4a33-9d8b-d65c95bd0fce', 'vary': 'X-OpenStack-Nova-API-Version', 'connection': 'close', 'x-openstack-nova-api-version': '2.1', 'date': 'Mon, 14 Dec 2015 16:02:33 GMT', 'content-type': 'application/json'}
        Body: 
2015-12-14 16:02:33,483 24419 INFO     [tempest_lib.common.rest_client] Request (TestNetworkAdvancedServerOps:_run_cleanups): 200 GET http://10.0.2.15:8774/v2.1/222f0cf4f3ec48e0a5fd2d43c2d39429/servers/cf5b598d-6a5d-41cd-93b2-7b63f53e3b96 0.202s
2015-12-14 16:02:33,483 24419 DEBUG    [tempest_lib.common.rest_client] Request - Headers: {'Content-Type': 'application/json', 'Accept': 'application/json', 'X-Auth-Token': '&lt;omitted&gt;'}
        Body: None
    Response - Headers: {'status': '200', 'content-length': '1784', 'content-location': 'http://10.0.2.15:8774/v2.1/222f0cf4f3ec48e0a5fd2d43c2d39429/servers/cf5b598d-6a5d-41cd-93b2-7b63f53e3b96', 'x-compute-request-id': 'req-147fd709-db0a-4a28-9b76-7b8332fb99ad', 'vary': 'X-OpenStack-Nova-API-Version', 'connection': 'close', 'x-openstack-nova-api-version': '2.1', 'date': 'Mon, 14 Dec 2015 16:02:33 GMT', 'content-type': 'application/json'}
        Body: {"server": {"status": "ACTIVE", "updated": "2015-12-14T16:02:33Z", "hostId": "4be29cb792fa2d2f1bd2de8fc1ef88a87afd1adda3e8e7804dcd8403", "addresses": {"tempest-network-smoke--501687595": [{"OS-EXT-IPS-MAC:mac_addr": "fa:16:3e:88:17:76", "version": 4, "addr": "10.100.0.3", "OS-EXT-IPS:type": "fixed"}, {"OS-EXT-IPS-MAC:mac_addr": "fa:16:3e:88:17:76", "version": 4, "addr": "172.24.4.4", "OS-EXT-IPS:type": "floating"}]}, "links": [{"href": "http://10.0.2.15:8774/v2.1/222f0cf4f3ec48e0a5fd2d43c2d39429/servers/cf5b598d-6a5d-41cd-93b2-7b63f53e3b96", "rel": "self"}, {"href": "http://10.0.2.15:8774/222f0cf4f3ec48e0a5fd2d43c2d39429/servers/cf5b598d-6a5d-41cd-93b2-7b63f53e3b96", "rel": "bookmark"}], "key_name": "tempest-TestNetworkAdvancedServerOps-1112638431", "image": {"id": "096a4fb0-76f3-4fbf-b2c1-d186ee309b61", "links": [{"href": "http://10.0.2.15:8774/222f0cf4f3ec48e0a5fd2d43c2d39429/images/096a4fb0-76f3-4fbf-b2c1-d186ee309b61", "rel": "bookmark"}]}, "OS-EXT-STS:task_state": "deleting", "OS-EXT-STS:vm_state": "active", "OS-SRV-USG:launched_at": "2015-12-14T16:00:28.000000", "flavor": {"id": "42", "links": [{"href": "http://10.0.2.15:8774/222f0cf4f3ec48e0a5fd2d43c2d39429/flavors/42", "rel": "bookmark"}]}, "id": "cf5b598d-6a5d-41cd-93b2-7b63f53e3b96", "security_groups": [{"name": "tempest-secgroup-smoke-1435151092"}], "OS-SRV-USG:terminated_at": null, "OS-EXT-AZ:availability_zone": "nova", "user_id": "24626720bd2141c794ade6d81c8308e3", "name": "tempest.common.compute-instance-126610747", "created": "2015-12-14T16:00:25Z", "tenant_id": "222f0cf4f3ec48e0a5fd2d43c2d39429", "OS-DCF:diskConfig": "MANUAL", "os-extended-volumes:volumes_attached": [], "accessIPv4": "", "accessIPv6": "", "progress": 0, "OS-EXT-STS:power_state": 1, "config_drive": "True", "metadata": {}}}
2015-12-14 16:02:34,640 24419 INFO     [tempest_lib.common.rest_client] Request (TestNetworkAdvancedServerOps:_run_cleanups): 200 GET http://10.0.2.15:8774/v2.1/222f0cf4f3ec48e0a5fd2d43c2d39429/servers/cf5b598d-6a5d-41cd-93b2-7b63f53e3b96 0.140s
2015-12-14 16:02:34,641 24419 DEBUG    [tempest_lib.common.rest_client] Request - Headers: {'Content-Type': 'application/json', 'Accept': 'application/json', 'X-Auth-Token': '&lt;omitted&gt;'}
        Body: None
    Response - Headers: {'status': '200', 'content-length': '1449', 'content-location': 'http://10.0.2.15:8774/v2.1/222f0cf4f3ec48e0a5fd2d43c2d39429/servers/cf5b598d-6a5d-41cd-93b2-7b63f53e3b96', 'x-compute-request-id': 'req-73f22337-8c14-4697-bf44-88628687c969', 'vary': 'X-OpenStack-Nova-API-Version', 'connection': 'close', 'x-openstack-nova-api-version': '2.1', 'date': 'Mon, 14 Dec 2015 16:02:34 GMT', 'content-type': 'application/json'}
        Body: {"server": {"status": "ACTIVE", "updated": "2015-12-14T16:02:34Z", "hostId": "4be29cb792fa2d2f1bd2de8fc1ef88a87afd1adda3e8e7804dcd8403", "addresses": {}, "links": [{"href": "http://10.0.2.15:8774/v2.1/222f0cf4f3ec48e0a5fd2d43c2d39429/servers/cf5b598d-6a5d-41cd-93b2-7b63f53e3b96", "rel": "self"}, {"href": "http://10.0.2.15:8774/222f0cf4f3ec48e0a5fd2d43c2d39429/servers/cf5b598d-6a5d-41cd-93b2-7b63f53e3b96", "rel": "bookmark"}], "key_name": "tempest-TestNetworkAdvancedServerOps-1112638431", "image": {"id": "096a4fb0-76f3-4fbf-b2c1-d186ee309b61", "links": [{"href": "http://10.0.2.15:8774/222f0cf4f3ec48e0a5fd2d43c2d39429/images/096a4fb0-76f3-4fbf-b2c1-d186ee309b61", "rel": "bookmark"}]}, "OS-EXT-STS:task_state": "deleting", "OS-EXT-STS:vm_state": "active", "OS-SRV-USG:launched_at": "2015-12-14T16:00:28.000000", "flavor": {"id": "42", "links": [{"href": "http://10.0.2.15:8774/222f0cf4f3ec48e0a5fd2d43c2d39429/flavors/42", "rel": "bookmark"}]}, "id": "cf5b598d-6a5d-41cd-93b2-7b63f53e3b96", "OS-SRV-USG:terminated_at": null, "OS-EXT-AZ:availability_zone": "nova", "user_id": "24626720bd2141c794ade6d81c8308e3", "name": "tempest.common.compute-instance-126610747", "created": "2015-12-14T16:00:25Z", "tenant_id": "222f0cf4f3ec48e0a5fd2d43c2d39429", "OS-DCF:diskConfig": "MANUAL", "os-extended-volumes:volumes_attached": [], "accessIPv4": "", "accessIPv6": "", "progress": 0, "OS-EXT-STS:power_state": 1, "config_drive": "True", "metadata": {}}}
2015-12-14 16:02:35,735 24419 INFO     [tempest_lib.common.rest_client] Request (TestNetworkAdvancedServerOps:_run_cleanups): 404 GET http://10.0.2.15:8774/v2.1/222f0cf4f3ec48e0a5fd2d43c2d39429/servers/cf5b598d-6a5d-41cd-93b2-7b63f53e3b96 0.082s
2015-12-14 16:02:35,736 24419 DEBUG    [tempest_lib.common.rest_client] Request - Headers: {'Content-Type': 'application/json', 'Accept': 'application/json', 'X-Auth-Token': '&lt;omitted&gt;'}
        Body: None
    Response - Headers: {'status': '404', 'content-length': '111', 'x-compute-request-id': 'req-38a6962c-a892-47f3-946a-4be6822f2809', 'vary': 'X-OpenStack-Nova-API-Version', 'connection': 'close', 'x-openstack-nova-api-version': '2.1', 'date': 'Mon, 14 Dec 2015 16:02:35 GMT', 'content-type': 'application/json; charset=UTF-8'}
        Body: {"itemNotFound": {"message": "Instance cf5b598d-6a5d-41cd-93b2-7b63f53e3b96 could not be found.", "code": 404}}
2015-12-14 16:02:36,185 24419 INFO     [tempest_lib.common.rest_client] Request (TestNetworkAdvancedServerOps:_run_cleanups): 200 PUT http://10.0.2.15:9696/v2.0/routers/1554e733-07f7-4006-a873-39e5d4a5f967/remove_router_interface 0.447s
2015-12-14 16:02:36,186 24419 DEBUG    [tempest_lib.common.rest_client] Request - Headers: {'Content-Type': 'application/json', 'Accept': 'application/json', 'X-Auth-Token': '&lt;omitted&gt;'}
        Body: {"subnet_id": "74bf4db0-9050-4706-a98d-eb792e5ea139"}
    Response - Headers: {'status': '200', 'content-length': '255', 'connection': 'close', 'date': 'Mon, 14 Dec 2015 16:02:36 GMT', 'content-type': 'application/json; charset=UTF-8', 'x-openstack-request-id': 'req-87132d40-bf5b-403d-92c3-7d4b6d0b2137'}
        Body: {"subnet_id": "74bf4db0-9050-4706-a98d-eb792e5ea139", "tenant_id": "222f0cf4f3ec48e0a5fd2d43c2d39429", "subnet_ids": ["74bf4db0-9050-4706-a98d-eb792e5ea139"], "port_id": "0e327e8d-cffe-493e-8d60-4aa477c5ddf2", "id": "1554e733-07f7-4006-a873-39e5d4a5f967"}
2015-12-14 16:02:36,573 24419 INFO     [tempest_lib.common.rest_client] Request (TestNetworkAdvancedServerOps:_run_cleanups): 204 DELETE http://10.0.2.15:9696/v2.0/subnets/74bf4db0-9050-4706-a98d-eb792e5ea139 0.385s
2015-12-14 16:02:36,573 24419 DEBUG    [tempest_lib.common.rest_client] Request - Headers: {'Content-Type': 'application/json', 'Accept': 'application/json', 'X-Auth-Token': '&lt;omitted&gt;'}
        Body: None
    Response - Headers: {'date': 'Mon, 14 Dec 2015 16:02:36 GMT', 'status': '204', 'connection': 'close', 'content-length': '0', 'x-openstack-request-id': 'req-bd36c8ce-188d-4684-9f63-3baed36aa7dc'}
        Body: 
2015-12-14 16:02:36,613 24419 INFO     [tempest_lib.common.rest_client] Request (TestNetworkAdvancedServerOps:_run_cleanups): 200 GET http://10.0.2.15:9696/v2.0/routers/1554e733-07f7-4006-a873-39e5d4a5f967 0.039s
2015-12-14 16:02:36,614 24419 DEBUG    [tempest_lib.common.rest_client] Request - Headers: {'Content-Type': 'application/json', 'Accept': 'application/json', 'X-Auth-Token': '&lt;omitted&gt;'}
        Body: None
    Response - Headers: {'status': '200', 'content-length': '501', 'content-location': 'http://10.0.2.15:9696/v2.0/routers/1554e733-07f7-4006-a873-39e5d4a5f967', 'connection': 'close', 'date': 'Mon, 14 Dec 2015 16:02:36 GMT', 'content-type': 'application/json; charset=UTF-8', 'x-openstack-request-id': 'req-11fdefd2-7b4e-46a7-94a4-2f5e4ec85234'}
        Body: {"router": {"status": "ACTIVE", "external_gateway_info": {"network_id": "f0b98154-4b53-48d8-8d9b-db7f7e10394f", "enable_snat": true, "external_fixed_ips": [{"subnet_id": "9e84169b-3bc4-4681-b980-fa4d1c6e497e", "ip_address": "172.24.4.3"}, {"subnet_id": "a07716c2-d9d0-4542-9196-ce34249fa472", "ip_address": "2001:db8::4"}]}, "name": "tempest-router-smoke-1370723096", "admin_state_up": true, "tenant_id": "222f0cf4f3ec48e0a5fd2d43c2d39429", "routes": [], "id": "1554e733-07f7-4006-a873-39e5d4a5f967"}}
2015-12-14 16:02:37,112 24419 INFO     [tempest_lib.common.rest_client] Request (TestNetworkAdvancedServerOps:_run_cleanups): 200 PUT http://10.0.2.15:9696/v2.0/routers/1554e733-07f7-4006-a873-39e5d4a5f967 0.498s
2015-12-14 16:02:37,113 24419 DEBUG    [tempest_lib.common.rest_client] Request - Headers: {'Content-Type': 'application/json', 'Accept': 'application/json', 'X-Auth-Token': '&lt;omitted&gt;'}
        Body: {"router": {"external_gateway_info": {}, "name": "tempest-router-smoke-1370723096", "admin_state_up": true}}
    Response - Headers: {'status': '200', 'content-length': '239', 'connection': 'close', 'date': 'Mon, 14 Dec 2015 16:02:37 GMT', 'content-type': 'application/json; charset=UTF-8', 'x-openstack-request-id': 'req-059f52e9-712c-4b2b-946f-35ab1004d996'}
        Body: {"router": {"status": "ACTIVE", "external_gateway_info": null, "name": "tempest-router-smoke-1370723096", "admin_state_up": true, "tenant_id": "222f0cf4f3ec48e0a5fd2d43c2d39429", "routes": [], "id": "1554e733-07f7-4006-a873-39e5d4a5f967"}}
2015-12-14 16:02:37,344 24419 INFO     [tempest_lib.common.rest_client] Request (TestNetworkAdvancedServerOps:_run_cleanups): 204 DELETE http://10.0.2.15:9696/v2.0/routers/1554e733-07f7-4006-a873-39e5d4a5f967 0.231s
2015-12-14 16:02:37,345 24419 DEBUG    [tempest_lib.common.rest_client] Request - Headers: {'Content-Type': 'application/json', 'Accept': 'application/json', 'X-Auth-Token': '&lt;omitted&gt;'}
        Body: None
    Response - Headers: {'date': 'Mon, 14 Dec 2015 16:02:37 GMT', 'status': '204', 'connection': 'close', 'content-length': '0', 'x-openstack-request-id': 'req-476900b1-7896-44e9-bbaf-5979787a9e27'}
        Body: 
2015-12-14 16:02:37,527 24419 INFO     [tempest_lib.common.rest_client] Request (TestNetworkAdvancedServerOps:_run_cleanups): 204 DELETE http://10.0.2.15:9696/v2.0/networks/c96ac384-ba94-4d89-9d1e-9fb69ee09f37 0.182s
2015-12-14 16:02:37,528 24419 DEBUG    [tempest_lib.common.rest_client] Request - Headers: {'Content-Type': 'application/json', 'Accept': 'application/json', 'X-Auth-Token': '&lt;omitted&gt;'}
        Body: None
    Response - Headers: {'date': 'Mon, 14 Dec 2015 16:02:37 GMT', 'status': '204', 'connection': 'close', 'content-length': '0', 'x-openstack-request-id': 'req-9cc9b292-7e9d-458e-bcfe-98ad9ee245d7'}
        Body: 
2015-12-14 16:02:37,590 24419 INFO     [tempest_lib.common.rest_client] Request (TestNetworkAdvancedServerOps:_run_cleanups): 204 DELETE http://10.0.2.15:9696/v2.0/security-group-rules/e2edee0e-0543-4d36-b517-5f00660b8e50 0.061s
2015-12-14 16:02:37,591 24419 DEBUG    [tempest_lib.common.rest_client] Request - Headers: {'Content-Type': 'application/json', 'Accept': 'application/json', 'X-Auth-Token': '&lt;omitted&gt;'}
        Body: None
    Response - Headers: {'date': 'Mon, 14 Dec 2015 16:02:37 GMT', 'status': '204', 'connection': 'close', 'content-length': '0', 'x-openstack-request-id': 'req-60485aa2-196f-4645-a75c-0f85f55919d3'}
        Body: 
2015-12-14 16:02:37,646 24419 INFO     [tempest_lib.common.rest_client] Request (TestNetworkAdvancedServerOps:_run_cleanups): 204 DELETE http://10.0.2.15:9696/v2.0/security-group-rules/94ca5011-d9ff-4b02-9907-72f5e4310371 0.053s
2015-12-14 16:02:37,646 24419 DEBUG    [tempest_lib.common.rest_client] Request - Headers: {'Content-Type': 'application/json', 'Accept': 'application/json', 'X-Auth-Token': '&lt;omitted&gt;'}
        Body: None
    Response - Headers: {'date': 'Mon, 14 Dec 2015 16:02:37 GMT', 'status': '204', 'connection': 'close', 'content-length': '0', 'x-openstack-request-id': 'req-08a732c8-2706-4d26-afa2-7a973b02696a'}
        Body: 
2015-12-14 16:02:37,701 24419 INFO     [tempest_lib.common.rest_client] Request (TestNetworkAdvancedServerOps:_run_cleanups): 204 DELETE http://10.0.2.15:9696/v2.0/security-group-rules/b14577fa-8b90-4662-a786-23a7ae44a259 0.053s
2015-12-14 16:02:37,701 24419 DEBUG    [tempest_lib.common.rest_client] Request - Headers: {'Content-Type': 'application/json', 'Accept': 'application/json', 'X-Auth-Token': '&lt;omitted&gt;'}
        Body: None
    Response - Headers: {'date': 'Mon, 14 Dec 2015 16:02:37 GMT', 'status': '204', 'connection': 'close', 'content-length': '0', 'x-openstack-request-id': 'req-ed017ace-a511-4e30-84ef-75d44541de08'}
        Body: 
2015-12-14 16:02:37,758 24419 INFO     [tempest_lib.common.rest_client] Request (TestNetworkAdvancedServerOps:_run_cleanups): 204 DELETE http://10.0.2.15:9696/v2.0/security-group-rules/b42d8688-cd7f-4145-915d-850a807913f9 0.055s
2015-12-14 16:02:37,758 24419 DEBUG    [tempest_lib.common.rest_client] Request - Headers: {'Content-Type': 'application/json', 'Accept': 'application/json', 'X-Auth-Token': '&lt;omitted&gt;'}
        Body: None
    Response - Headers: {'date': 'Mon, 14 Dec 2015 16:02:37 GMT', 'status': '204', 'connection': 'close', 'content-length': '0', 'x-openstack-request-id': 'req-65e500a8-e815-4915-87d6-c2739c8dd548'}
        Body: 
2015-12-14 16:02:37,812 24419 INFO     [tempest_lib.common.rest_client] Request (TestNetworkAdvancedServerOps:_run_cleanups): 204 DELETE http://10.0.2.15:9696/v2.0/security-group-rules/d205c6f5-e799-425c-bac2-2bfb83bc9f97 0.053s
2015-12-14 16:02:37,813 24419 DEBUG    [tempest_lib.common.rest_client] Request - Headers: {'Content-Type': 'application/json', 'Accept': 'application/json', 'X-Auth-Token': '&lt;omitted&gt;'}
        Body: None
    Response - Headers: {'date': 'Mon, 14 Dec 2015 16:02:37 GMT', 'status': '204', 'connection': 'close', 'content-length': '0', 'x-openstack-request-id': 'req-094f2d2a-9b31-4232-8237-23cab7231cb6'}
        Body: 
2015-12-14 16:02:37,867 24419 INFO     [tempest_lib.common.rest_client] Request (TestNetworkAdvancedServerOps:_run_cleanups): 204 DELETE http://10.0.2.15:9696/v2.0/security-group-rules/2ca7a18b-17a7-4859-bb57-86be3fe994df 0.053s
2015-12-14 16:02:37,868 24419 DEBUG    [tempest_lib.common.rest_client] Request - Headers: {'Content-Type': 'application/json', 'Accept': 'application/json', 'X-Auth-Token': '&lt;omitted&gt;'}
        Body: None
    Response - Headers: {'date': 'Mon, 14 Dec 2015 16:02:37 GMT', 'status': '204', 'connection': 'close', 'content-length': '0', 'x-openstack-request-id': 'req-7b0905d4-3f91-4c77-9563-0c44acc27313'}
        Body: 
2015-12-14 16:02:37,960 24419 INFO     [tempest_lib.common.rest_client] Request (TestNetworkAdvancedServerOps:_run_cleanups): 204 DELETE http://10.0.2.15:9696/v2.0/security-groups/644c8f90-9461-4a10-8195-2766faf3f7d8 0.090s
2015-12-14 16:02:37,960 24419 DEBUG    [tempest_lib.common.rest_client] Request - Headers: {'Content-Type': 'application/json', 'Accept': 'application/json', 'X-Auth-Token': '&lt;omitted&gt;'}
        Body: None
    Response - Headers: {'date': 'Mon, 14 Dec 2015 16:02:37 GMT', 'status': '204', 'connection': 'close', 'content-length': '0', 'x-openstack-request-id': 'req-0fb0cb28-7f14-4ac2-b410-f56fc92064b6'}
        Body: 
2015-12-14 16:02:37,979 24419 INFO     [tempest_lib.common.rest_client] Request (TestNetworkAdvancedServerOps:_run_cleanups): 202 DELETE http://10.0.2.15:8774/v2.1/222f0cf4f3ec48e0a5fd2d43c2d39429/os-keypairs/tempest-TestNetworkAdvancedServerOps-1112638431 0.018s
2015-12-14 16:02:37,981 24419 DEBUG    [tempest_lib.common.rest_client] Request - Headers: {'Content-Type': 'application/json', 'Accept': 'application/json', 'X-Auth-Token': '&lt;omitted&gt;'}
        Body: None
    Response - Headers: {'status': '202', 'content-length': '0', 'x-compute-request-id': 'req-715933a9-1a8c-4e37-8441-bee7ef954449', 'vary': 'X-OpenStack-Nova-API-Version', 'connection': 'close', 'x-openstack-nova-api-version': '2.1', 'date': 'Mon, 14 Dec 2015 16:02:37 GMT', 'content-type': 'application/json'}
        Body: 
2015-12-14 16:02:38,064 24419 INFO     [tempest_lib.common.rest_client] Request (TestNetworkAdvancedServerOps:_run_cleanups): 404 GET http://10.0.2.15:8774/v2.1/222f0cf4f3ec48e0a5fd2d43c2d39429/servers/cf5b598d-6a5d-41cd-93b2-7b63f53e3b96 0.082s
2015-12-14 16:02:38,065 24419 DEBUG    [tempest_lib.common.rest_client] Request - Headers: {'Content-Type': 'application/json', 'Accept': 'application/json', 'X-Auth-Token': '&lt;omitted&gt;'}
        Body: None
    Response - Headers: {'status': '404', 'content-length': '111', 'x-compute-request-id': 'req-49fba11c-c66a-47e0-8fda-e6b95d22c2e3', 'vary': 'X-OpenStack-Nova-API-Version', 'connection': 'close', 'x-openstack-nova-api-version': '2.1', 'date': 'Mon, 14 Dec 2015 16:02:38 GMT', 'content-type': 'application/json; charset=UTF-8'}
        Body: {"itemNotFound": {"message": "Instance cf5b598d-6a5d-41cd-93b2-7b63f53e3b96 could not be found.", "code": 404}}
}}}

Traceback (most recent call last):
  File "tempest/test.py", line 113, in wrapper
    return f(self, *func_args, **func_kwargs)
  File "tempest/scenario/test_network_advanced_server_ops.py", line 134, in test_server_connectivity_pause_unpause
    server, keypair, floating_ip = self._setup_network_and_servers()
  File "tempest/scenario/test_network_advanced_server_ops.py", line 71, in _setup_network_and_servers
    server, keypair, floating_ip)
  File "tempest/scenario/test_network_advanced_server_ops.py", line 95, in _wait_server_status_and_check_network_connectivity
    self._check_network_connectivity(server, keypair, floating_ip)
  File "tempest/scenario/test_network_advanced_server_ops.py", line 88, in _check_network_connectivity
    servers=[server])
  File "tempest/scenario/manager.py", line 606, in check_public_network_connectivity
    should_connect=should_connect)
  File "tempest/scenario/manager.py", line 590, in check_vm_connectivity
    msg=msg)
  File "/usr/local/lib/python2.7/dist-packages/unittest2/case.py", line 702, in assertTrue
    raise self.failureException(msg)
AssertionError: False is not true : Timed out waiting for 172.24.4.4 to become reachable



        </pre>
    </div>
    <!--css div popup end-->

    </td>
</tr>

<tr id='ft1.2' class='none'>
    <td class='failCase'><div class='testcase'>test_server_connectivity_reboot[compute,id-7b6860c2-afa3-4846-9522-adeb38dfbe08,network]</div></td>
    <td colspan='7' align='left'>

    <!--css div popup start-->
    <a class="popup_link" onfocus='this.blur();'
    href="javascript:showTestDetail('div_ft1.2')" >
        fail</a>

    <div id='div_ft1.2' class="popup_window">
        <div style='text-align: right; color:red;cursor:pointer'>
        <a onfocus='this.blur();'
onclick="document.getElementById('div_ft1.2').style.display = 'none' " >
           [x]</a>
        </div>
        <pre>
        
ft1.2: tempest.scenario.test_network_advanced_server_ops.TestNetworkAdvancedServerOps.test_server_connectivity_reboot[compute,id-7b6860c2-afa3-4846-9522-adeb38dfbe08,network]_StringException: Empty attachments:
  stderr
  stdout

pythonlogging:'': {{{
2015-12-14 16:02:38,554 24419 INFO     [tempest_lib.common.rest_client] Request (TestNetworkAdvancedServerOps:test_server_connectivity_reboot): 200 POST http://10.0.2.15:8774/v2.1/222f0cf4f3ec48e0a5fd2d43c2d39429/os-keypairs 0.473s
