<?xml version="1.0" encoding="UTF-8"?>
<!DOCTYPE html PUBLIC "-//W3C//DTD XHTML 1.0 Strict//EN"
     "http://www.w3.org/TR/xhtml1/DTD/xhtml1-strict.dtd">
<html xmlns="http://www.w3.org/1999/xhtml">
<head>
    <title>Unit Test Report</title>
    <meta name="generator" content="subunit2html 0.1"/>
    <meta http-equiv="Content-Type" content="text/html; charset=UTF-8"/>
    
<style type="text/css" media="screen">
body        { font-family: verdana, arial, helvetica, sans-serif;
    font-size: 80%; }
table       { font-size: 100%; width: 100%;}
pre         { font-size: 80%; }

/* -- heading -------------------------------------------------------------- */
h1 {
        font-size: 16pt;
        color: gray;
}
.heading {
    margin-top: 0ex;
    margin-bottom: 1ex;
}

.heading .attribute {
    margin-top: 1ex;
    margin-bottom: 0;
}

.heading .description {
    margin-top: 4ex;
    margin-bottom: 6ex;
}

/* -- css div popup -------------------------------------------------------- */
a.popup_link {
}

a.popup_link:hover {
    color: red;
}

.popup_window {
    display: none;
    overflow-x: scroll;
    /*border: solid #627173 1px; */
    padding: 10px;
    background-color: #E6E6D6;
    font-family: "Ubuntu Mono", "Lucida Console", "Courier New", monospace;
    text-align: left;
    font-size: 8pt;
}

}
/* -- report --------------------------------------------------------------- */
#show_detail_line {
    margin-top: 3ex;
    margin-bottom: 1ex;
}
#result_table {
    width: 100%;
    border-collapse: collapse;
    border: 1px solid #777;
}
#header_row {
    font-weight: bold;
    color: white;
    background-color: #777;
}
#result_table td {
    border: 1px solid #777;
    padding: 2px;
}
#total_row  { font-weight: bold; }
.passClass  { background-color: #6c6; }
.failClass  { background-color: #c60; }
.errorClass { background-color: #c00; }
.passCase   { color: #6c6; }
.failCase   { color: #c60; font-weight: bold; }
.errorCase  { color: #c00; font-weight: bold; }
.hiddenRow  { display: none; }
.testcase   { margin-left: 2em; }
td.testname {width: 40%}
td.small {width: 40px}

/* -- ending --------------------------------------------------------------- */
#ending {
}

</style>

</head>
<body>
<script language="javascript" type="text/javascript"><!--
output_list = Array();

/* level - 0:Summary; 1:Failed; 2:All */
function showCase(level) {
    trs = document.getElementsByTagName("tr");
    for (var i = 0; i < trs.length; i++) {
        tr = trs[i];
        id = tr.id;
        if (id.substr(0,2) == 'ft') {
            if (level < 1) {
                tr.className = 'hiddenRow';
            }
            else {
                tr.className = '';
            }
        }
        if (id.substr(0,2) == 'pt') {
            if (level > 1) {
                tr.className = '';
            }
            else {
                tr.className = 'hiddenRow';
            }
        }
    }
}


function showClassDetail(cid, count) {
    var id_list = Array(count);
    var toHide = 1;
    for (var i = 0; i < count; i++) {
        tid0 = 't' + cid.substr(1) + '.' + (i+1);
        tid = 'f' + tid0;
        tr = document.getElementById(tid);
        if (!tr) {
            tid = 'p' + tid0;
            tr = document.getElementById(tid);
        }
        id_list[i] = tid;
        if (tr.className) {
            toHide = 0;
        }
    }
    for (var i = 0; i < count; i++) {
        tid = id_list[i];
        if (toHide) {
            document.getElementById('div_'+tid).style.display = 'none'
            document.getElementById(tid).className = 'hiddenRow';
        }
        else {
            document.getElementById(tid).className = '';
        }
    }
}


function showTestDetail(div_id){
    var details_div = document.getElementById(div_id)
    var displayState = details_div.style.display
    // alert(displayState)
    if (displayState != 'block' ) {
        displayState = 'block'
        details_div.style.display = 'block'
    }
    else {
        details_div.style.display = 'none'
    }
}


function html_escape(s) {
    s = s.replace(/&/g,'&amp;');
    s = s.replace(/</g,'&lt;');
    s = s.replace(/>/g,'&gt;');
    return s;
}

/* obsoleted by detail in <div>
function showOutput(id, name) {
    var w = window.open("", //url
                    name,
                    "resizable,scrollbars,status,width=800,height=450");
    d = w.document;
    d.write("<pre>");
    d.write(html_escape(output_list[id]));
    d.write("\n");
    d.write("<a href='javascript:window.close()'>close</a>\n");
    d.write("</pre>\n");
    d.close();
}
*/
--></script>

<div class='heading'>
<h1>Unit Test Report</h1>

<p class='attribute'><strong>Status:</strong> Failure 6</p>

<p class='description'></p>
</div>



<p id='show_detail_line'>Show
<a href='javascript:showCase(0)'>Summary</a>
<a href='javascript:showCase(1)'>Failed</a>
<a href='javascript:showCase(2)'>All</a>
</p>
<table id='result_table'>
<colgroup>
<col align='left' />
<col align='right' />
<col align='right' />
<col align='right' />
<col align='right' />
<col align='right' />
<col align='right' />
<col align='right' />
</colgroup>
<tr id='header_row'>
    <td>Test Group/Test case</td>
    <td>Count</td>
    <td>Pass</td>
    <td>Fail</td>
    <td>Error</td>
    <td>Skip</td>
    <td>View</td>
    <td> </td>
</tr>

<tr class='failClass'>
    <td class="testname">tempest.scenario.test_network_advanced_server_ops.TestNetworkAdvancedServerOps</td>
    <td class="small">6</td>
    <td class="small">0</td>
    <td class="small">6</td>
    <td class="small">0</td>
    <td class="small">0</td>
    <td class="small"><a href="javascript:showClassDetail('c1',6)"
>Detail</a></td>
    <td> </td>
</tr>

<tr id='ft1.1' class='none'>
    <td class='failCase'><div class='testcase'>test_server_connectivity_pause_unpause[compute,id-2b2642db-6568-4b35-b812-eceed3fa20ce,network]</div></td>
    <td colspan='7' align='left'>

    <!--css div popup start-->
    <a class="popup_link" onfocus='this.blur();'
    href="javascript:showTestDetail('div_ft1.1')" >
        fail</a>

    <div id='div_ft1.1' class="popup_window">
        <div style='text-align: right; color:red;cursor:pointer'>
        <a onfocus='this.blur();'
onclick="document.getElementById('div_ft1.1').style.display = 'none' " >
           [x]</a>
        </div>
        <pre>
        
ft1.1: tempest.scenario.test_network_advanced_server_ops.TestNetworkAdvancedServerOps.test_server_connectivity_pause_unpause[compute,id-2b2642db-6568-4b35-b812-eceed3fa20ce,network]_StringException: Empty attachments:
  stderr
  stdout

pythonlogging:'': {{{
2015-12-20 23:31:05,185 20755 INFO     [tempest_lib.common.rest_client] Request (TestNetworkAdvancedServerOps:test_server_connectivity_pause_unpause): 200 POST http://10.0.2.15:8774/v2.1/6264facf10a64187b858e2883bb8a9ba/os-keypairs 0.377s
2015-12-20 23:31:05,186 20755 DEBUG    [tempest_lib.common.rest_client] Request - Headers: {'Content-Type': 'application/json', 'Accept': 'application/json', 'X-Auth-Token': '&lt;omitted&gt;'}
        Body: {"keypair": {"name": "tempest-TestNetworkAdvancedServerOps-1246818568"}}
    Response - Headers: {'status': '200', 'content-length': '2330', 'x-compute-request-id': 'req-65240e3c-2720-4458-8af6-84b6b1744809', 'vary': 'X-OpenStack-Nova-API-Version', 'connection': 'close', 'x-openstack-nova-api-version': '2.1', 'date': 'Sun, 20 Dec 2015 23:31:05 GMT', 'content-type': 'application/json'}
        Body: {"keypair": {"public_key": "ssh-rsa AAAAB3NzaC1yc2EAAAADAQABAAABAQDKZ+yTC1wZ86wbT2VelwOV94nm0gIf+p9GlhuGVo4jNYwCNoFy26//d96pmc0ulQdHptK0jEnAhSbEAOzorxKafqUPAhG54XpmH8sxuzJ+WT5GPKAuyEAC/7Jzccswkm+Z+1iXPuGcmmQjXmMrBhQkAbAaAwxnqmyBtcETB1Rj8dj/1LjvJPyRU78MwvW0hJjTrrVZz0HLdjbcC360P0Wu7LwZLsjtnJw4c7z7x7Xy815cUJ8MZQhbF3hyes+EFXJuNQtHIo8VEwMKPj4d0Ekkv2pVfRzIDk4YM8H2PUJUnwxRDMHqeiQ4zY0kmymlbE0Cf1/bYhKS5lo0fOAfs0rn Generated-by-Nova", "private_key": "-----BEGIN RSA PRIVATE KEY-----\nMIIEqQIBAAKCAQEAymfskwtcGfOsG09lXpcDlfeJ5tICH/qfRpYbhlaOIzWMAjaB\nctuv/3feqZnNLpUHR6bStIxJwIUmxADs6K8Smn6lDwIRueF6Zh/LMbsyflk+Rjyg\nLshAAv+yc3HLMJJvmftYlz7hnJpkI15jKwYUJAGwGgMMZ6psgbXBEwdUY/HY/9S4\n7yT8kVO/DML1tISY0661Wc9By3Y23At+tD9Fruy8GS7I7ZycOHO8+8e18vNeXFCf\nDGUIWxd4cnrPhBVybjULRyKPFRMDCj4+HdBJJL9qVX0cyA5OGDPB9j1CVJ8MUQzB\n6nokOM2NJJsppWxNAn9f22ISkuZaNHzgH7NK5wIDAQABAoIBAFpAwu3Ch/wOerTm\nz1XBUtkBOx2QkV//GhyYfIeHevPaQacO9OPpb+4jXkcUDLjzvP5HNfdKAuz0spd9\nriYHQu1fAWzSyGKxVynIjYuMZHSQiMM671ZM9rYfnEv79tWexmLL//HZGTMCaRqY\nUPHzUPHJSuQebd6f0Kh6CjDY+NljR+AfgNvuzQE2ptOjWxEq3IwdpLYMdwmb6ocY\nNIw2KbBy8XQgWRoVVp6hH/Ve4HFYxdfGth+9ucPkDB2eAvE2dki2sabbFPAyLN1F\nzHGxTWi+OOEnhgN/61k57SO0vxgXRMt4EPdT2lRAS5ChiysKZrd7U+wsnaOIUHon\n8ETF2/kCggCBANmMvWOGqsb2vb/MziPTv6WU4Fh4RDVVD1mNAjBoXsypQO3Syac3\njGA2KxWg1FJybyTfPnvdmlus9g0yrMRPgVX37/i+FgveUu/S91Hb5l2P2T9+PEQ2\nGW6pi9wkw5nQyGTWXFUI194nK2SXa4SFTP+XoGXJMvlGufp0U0R5AWzVAoIAgQDu\nLfy4YJZfwgcHpfnt/CeIDjGnF3F6Edxzps6vgUOhbX3isceTuwAVSf0MQE23i68T\n8jmn2jaLIcRipBCC7ex/WsfKDGbpPeONrg9TAHflcvcYbG14Fbg6ImMOg0GV+JUy\n5odahDmnQzyy+PHVq2VlJCP8gIFpWOBGHTXBNXEGywKCAIEAxxcNmy96ymq0a/q6\nC/+Uu6vrRAuMIGKfkYyCHFrnptSeHwdwlB850DLCayCsLmebX1sOi7zZrlwzMRDX\nGzDHZC1q53DOLD5iGCgxPjDIOYeTgY+9B4+a5rMy01yxxOpU+jNSfF+DbkLaa0xH\nkReMx7uzhnMCuy4GtTYPnfI/Y6ECggCBAJrvv14RNsDD7t7C0XpGdVDEKviO/3pw\n8/8nm3v/kocIOsOk8jbfhoZSwxGdIvErJJDNGURfZuvK431nTHZfX2DZJO4Cc092\nuvgHKmDMBTJ1PtfccLmVJ2ppxBZEu/1a33NlEteG/BoaWvnxhx9/h03r3Jz82zI0\nZnA1wCoXIZdRAoIAgAEkw582tLAtzA4mj7457/NxdZbArzA/rFU2Kw5grlXWs4aH\nwbTgtjejAiv/W/OHI1+161ME9knEWL+4l1XySL1XjavRdAMTRgP5cz6ZmSaeTwUA\n1pyPyi9MoAWM2x6eARpWH0nBvJx3IOQTjolsKYq+hO/BCDG2UPMCYhGyvsb9\n-----END RSA PRIVATE KEY-----\n", "user_id": "3a282a42ac5d43399f48e6414bba4d0a", "name": "tempest-TestNetworkAdvancedServerOps-1246818568", "fingerprint": "1a:60:ae:36:69:75:69:af:1a:92:3e:ca:7e:33:e3:53"}}
2015-12-20 23:31:05,521 20755 INFO     [tempest_lib.common.rest_client] Request (TestNetworkAdvancedServerOps:test_server_connectivity_pause_unpause): 201 POST http://10.0.2.15:9696/v2.0/security-groups 0.331s
2015-12-20 23:31:05,521 20755 DEBUG    [tempest_lib.common.rest_client] Request - Headers: {'Content-Type': 'application/json', 'Accept': 'application/json', 'X-Auth-Token': '&lt;omitted&gt;'}
        Body: {"security_group": {"tenant_id": "6264facf10a64187b858e2883bb8a9ba", "description": "tempest-secgroup-smoke-1781066487 description", "name": "tempest-secgroup-smoke-1781066487"}}
    Response - Headers: {'status': '201', 'content-length': '888', 'connection': 'close', 'date': 'Sun, 20 Dec 2015 23:31:05 GMT', 'content-type': 'application/json; charset=UTF-8', 'x-openstack-request-id': 'req-fa8253d8-e07f-40c3-bfea-517177829d0b'}
        Body: {"security_group": {"tenant_id": "6264facf10a64187b858e2883bb8a9ba", "description": "tempest-secgroup-smoke-1781066487 description", "id": "7ea07495-d154-4273-980f-8cb26f8f374a", "security_group_rules": [{"remote_group_id": null, "direction": "egress", "remote_ip_prefix": null, "protocol": null, "ethertype": "IPv4", "tenant_id": "6264facf10a64187b858e2883bb8a9ba", "port_range_max": null, "port_range_min": null, "id": "a6c43e2d-28c7-4d0e-9a35-b0bf7e94aa67", "security_group_id": "7ea07495-d154-4273-980f-8cb26f8f374a"}, {"remote_group_id": null, "direction": "egress", "remote_ip_prefix": null, "protocol": null, "ethertype": "IPv6", "tenant_id": "6264facf10a64187b858e2883bb8a9ba", "port_range_max": null, "port_range_min": null, "id": "ffdd86e9-8dff-464d-9a3f-afb1b716ea39", "security_group_id": "7ea07495-d154-4273-980f-8cb26f8f374a"}], "name": "tempest-secgroup-smoke-1781066487"}}
2015-12-20 23:31:05,632 20755 INFO     [tempest_lib.common.rest_client] Request (TestNetworkAdvancedServerOps:test_server_connectivity_pause_unpause): 201 POST http://10.0.2.15:9696/v2.0/security-group-rules 0.108s
2015-12-20 23:31:05,632 20755 DEBUG    [tempest_lib.common.rest_client] Request - Headers: {'Content-Type': 'application/json', 'Accept': 'application/json', 'X-Auth-Token': '&lt;omitted&gt;'}
        Body: {"security_group_rule": {"direction": "ingress", "protocol": "tcp", "tenant_id": "6264facf10a64187b858e2883bb8a9ba", "port_range_max": 22, "security_group_id": "7ea07495-d154-4273-980f-8cb26f8f374a", "port_range_min": 22}}
    Response - Headers: {'status': '201', 'content-length': '340', 'connection': 'close', 'date': 'Sun, 20 Dec 2015 23:31:05 GMT', 'content-type': 'application/json; charset=UTF-8', 'x-openstack-request-id': 'req-be4d8f34-9820-42b7-8f00-9ab4edee94f5'}
        Body: {"security_group_rule": {"remote_group_id": null, "direction": "ingress", "remote_ip_prefix": null, "protocol": "tcp", "ethertype": "IPv4", "tenant_id": "6264facf10a64187b858e2883bb8a9ba", "port_range_max": 22, "port_range_min": 22, "id": "74d2e2aa-1cee-4d72-9ac0-bc16016bfd0f", "security_group_id": "7ea07495-d154-4273-980f-8cb26f8f374a"}}
2015-12-20 23:31:05,734 20755 INFO     [tempest_lib.common.rest_client] Request (TestNetworkAdvancedServerOps:test_server_connectivity_pause_unpause): 201 POST http://10.0.2.15:9696/v2.0/security-group-rules 0.101s
2015-12-20 23:31:05,735 20755 DEBUG    [tempest_lib.common.rest_client] Request - Headers: {'Content-Type': 'application/json', 'Accept': 'application/json', 'X-Auth-Token': '&lt;omitted&gt;'}
        Body: {"security_group_rule": {"direction": "egress", "protocol": "tcp", "tenant_id": "6264facf10a64187b858e2883bb8a9ba", "port_range_max": 22, "security_group_id": "7ea07495-d154-4273-980f-8cb26f8f374a", "port_range_min": 22}}
    Response - Headers: {'status': '201', 'content-length': '339', 'connection': 'close', 'date': 'Sun, 20 Dec 2015 23:31:05 GMT', 'content-type': 'application/json; charset=UTF-8', 'x-openstack-request-id': 'req-b0f93430-a52a-45e1-80b8-7a7ec70b33f3'}
        Body: {"security_group_rule": {"remote_group_id": null, "direction": "egress", "remote_ip_prefix": null, "protocol": "tcp", "ethertype": "IPv4", "tenant_id": "6264facf10a64187b858e2883bb8a9ba", "port_range_max": 22, "port_range_min": 22, "id": "a498e4c4-e48c-48e5-a93f-6c76c53a05ba", "security_group_id": "7ea07495-d154-4273-980f-8cb26f8f374a"}}
2015-12-20 23:31:05,838 20755 INFO     [tempest_lib.common.rest_client] Request (TestNetworkAdvancedServerOps:test_server_connectivity_pause_unpause): 201 POST http://10.0.2.15:9696/v2.0/security-group-rules 0.101s
2015-12-20 23:31:05,839 20755 DEBUG    [tempest_lib.common.rest_client] Request - Headers: {'Content-Type': 'application/json', 'Accept': 'application/json', 'X-Auth-Token': '&lt;omitted&gt;'}
        Body: {"security_group_rule": {"tenant_id": "6264facf10a64187b858e2883bb8a9ba", "direction": "ingress", "protocol": "icmp", "security_group_id": "7ea07495-d154-4273-980f-8cb26f8f374a"}}
    Response - Headers: {'status': '201', 'content-length': '345', 'connection': 'close', 'date': 'Sun, 20 Dec 2015 23:31:05 GMT', 'content-type': 'application/json; charset=UTF-8', 'x-openstack-request-id': 'req-4afc9714-c3e6-4ec1-9801-49f53dac1e4e'}
        Body: {"security_group_rule": {"remote_group_id": null, "direction": "ingress", "remote_ip_prefix": null, "protocol": "icmp", "ethertype": "IPv4", "tenant_id": "6264facf10a64187b858e2883bb8a9ba", "port_range_max": null, "port_range_min": null, "id": "f1d9a2cc-db46-4b33-8254-acc73cce24b8", "security_group_id": "7ea07495-d154-4273-980f-8cb26f8f374a"}}
2015-12-20 23:31:05,952 20755 INFO     [tempest_lib.common.rest_client] Request (TestNetworkAdvancedServerOps:test_server_connectivity_pause_unpause): 201 POST http://10.0.2.15:9696/v2.0/security-group-rules 0.112s
2015-12-20 23:31:05,953 20755 DEBUG    [tempest_lib.common.rest_client] Request - Headers: {'Content-Type': 'application/json', 'Accept': 'application/json', 'X-Auth-Token': '&lt;omitted&gt;'}
        Body: {"security_group_rule": {"tenant_id": "6264facf10a64187b858e2883bb8a9ba", "direction": "egress", "protocol": "icmp", "security_group_id": "7ea07495-d154-4273-980f-8cb26f8f374a"}}
    Response - Headers: {'status': '201', 'content-length': '344', 'connection': 'close', 'date': 'Sun, 20 Dec 2015 23:31:05 GMT', 'content-type': 'application/json; charset=UTF-8', 'x-openstack-request-id': 'req-e8616345-9678-4e62-9ded-60475f522b8f'}
        Body: {"security_group_rule": {"remote_group_id": null, "direction": "egress", "remote_ip_prefix": null, "protocol": "icmp", "ethertype": "IPv4", "tenant_id": "6264facf10a64187b858e2883bb8a9ba", "port_range_max": null, "port_range_min": null, "id": "a81eb4f8-eb2c-4389-a84a-748720ed4cc2", "security_group_id": "7ea07495-d154-4273-980f-8cb26f8f374a"}}
2015-12-20 23:31:06,058 20755 INFO     [tempest_lib.common.rest_client] Request (TestNetworkAdvancedServerOps:test_server_connectivity_pause_unpause): 201 POST http://10.0.2.15:9696/v2.0/security-group-rules 0.104s
2015-12-20 23:31:06,059 20755 DEBUG    [tempest_lib.common.rest_client] Request - Headers: {'Content-Type': 'application/json', 'Accept': 'application/json', 'X-Auth-Token': '&lt;omitted&gt;'}
        Body: {"security_group_rule": {"tenant_id": "6264facf10a64187b858e2883bb8a9ba", "direction": "ingress", "security_group_id": "7ea07495-d154-4273-980f-8cb26f8f374a", "protocol": "icmp", "ethertype": "IPv6"}}
    Response - Headers: {'status': '201', 'content-length': '345', 'connection': 'close', 'date': 'Sun, 20 Dec 2015 23:31:06 GMT', 'content-type': 'application/json; charset=UTF-8', 'x-openstack-request-id': 'req-fd8faaf4-0568-4c3f-b084-f2e39cee3d8b'}
        Body: {"security_group_rule": {"remote_group_id": null, "direction": "ingress", "remote_ip_prefix": null, "protocol": "icmp", "ethertype": "IPv6", "tenant_id": "6264facf10a64187b858e2883bb8a9ba", "port_range_max": null, "port_range_min": null, "id": "3a1d9454-d197-472b-ab51-250d178041c2", "security_group_id": "7ea07495-d154-4273-980f-8cb26f8f374a"}}
2015-12-20 23:31:06,168 20755 INFO     [tempest_lib.common.rest_client] Request (TestNetworkAdvancedServerOps:test_server_connectivity_pause_unpause): 201 POST http://10.0.2.15:9696/v2.0/security-group-rules 0.109s
2015-12-20 23:31:06,169 20755 DEBUG    [tempest_lib.common.rest_client] Request - Headers: {'Content-Type': 'application/json', 'Accept': 'application/json', 'X-Auth-Token': '&lt;omitted&gt;'}
        Body: {"security_group_rule": {"tenant_id": "6264facf10a64187b858e2883bb8a9ba", "direction": "egress", "security_group_id": "7ea07495-d154-4273-980f-8cb26f8f374a", "protocol": "icmp", "ethertype": "IPv6"}}
    Response - Headers: {'status': '201', 'content-length': '344', 'connection': 'close', 'date': 'Sun, 20 Dec 2015 23:31:06 GMT', 'content-type': 'application/json; charset=UTF-8', 'x-openstack-request-id': 'req-626e527c-e718-42c1-ac0e-5ff3b22a02b3'}
        Body: {"security_group_rule": {"remote_group_id": null, "direction": "egress", "remote_ip_prefix": null, "protocol": "icmp", "ethertype": "IPv6", "tenant_id": "6264facf10a64187b858e2883bb8a9ba", "port_range_max": null, "port_range_min": null, "id": "3450e484-6d66-4749-8ff5-25f578169da5", "security_group_id": "7ea07495-d154-4273-980f-8cb26f8f374a"}}
2015-12-20 23:31:06,299 20755 INFO     [tempest_lib.common.rest_client] Request (TestNetworkAdvancedServerOps:test_server_connectivity_pause_unpause): 201 POST http://10.0.2.15:9696/v2.0/networks 0.127s
2015-12-20 23:31:06,300 20755 DEBUG    [tempest_lib.common.rest_client] Request - Headers: {'Content-Type': 'application/json', 'Accept': 'application/json', 'X-Auth-Token': '&lt;omitted&gt;'}
        Body: {"network": {"tenant_id": "6264facf10a64187b858e2883bb8a9ba", "name": "tempest-network-smoke--903179205"}}
    Response - Headers: {'status': '201', 'content-length': '295', 'connection': 'close', 'date': 'Sun, 20 Dec 2015 23:31:06 GMT', 'content-type': 'application/json; charset=UTF-8', 'x-openstack-request-id': 'req-10f8d8b9-cbf8-4cdc-957e-d2873b642a00'}
        Body: {"network": {"status": "ACTIVE", "subnets": [], "name": "tempest-network-smoke--903179205", "admin_state_up": true, "tenant_id": "6264facf10a64187b858e2883bb8a9ba", "mtu": 0, "router:external": false, "shared": false, "port_security_enabled": true, "id": "226378e1-3fae-4937-ba69-1fad5c3e4d9b"}}
2015-12-20 23:31:06,374 20755 INFO     [tempest_lib.common.rest_client] Request (TestNetworkAdvancedServerOps:test_server_connectivity_pause_unpause): 201 POST http://10.0.2.15:9696/v2.0/routers 0.072s
2015-12-20 23:31:06,375 20755 DEBUG    [tempest_lib.common.rest_client] Request - Headers: {'Content-Type': 'application/json', 'Accept': 'application/json', 'X-Auth-Token': '&lt;omitted&gt;'}
        Body: {"router": {"tenant_id": "6264facf10a64187b858e2883bb8a9ba", "name": "tempest-router-smoke-464043078", "admin_state_up": true}}
    Response - Headers: {'status': '201', 'content-length': '238', 'connection': 'close', 'date': 'Sun, 20 Dec 2015 23:31:06 GMT', 'content-type': 'application/json; charset=UTF-8', 'x-openstack-request-id': 'req-41bc1b5b-c122-4214-980b-78e01571ccc1'}
        Body: {"router": {"status": "ACTIVE", "external_gateway_info": null, "name": "tempest-router-smoke-464043078", "admin_state_up": true, "tenant_id": "6264facf10a64187b858e2883bb8a9ba", "routes": [], "id": "87ac7dd8-afd7-4f72-bd22-27eb7d6154b9"}}
2015-12-20 23:31:06,417 20755 INFO     [tempest_lib.common.rest_client] Request (TestNetworkAdvancedServerOps:test_server_connectivity_pause_unpause): 200 GET http://10.0.2.15:9696/v2.0/routers/87ac7dd8-afd7-4f72-bd22-27eb7d6154b9 0.041s
2015-12-20 23:31:06,417 20755 DEBUG    [tempest_lib.common.rest_client] Request - Headers: {'Content-Type': 'application/json', 'Accept': 'application/json', 'X-Auth-Token': '&lt;omitted&gt;'}
        Body: None
    Response - Headers: {'status': '200', 'content-length': '238', 'content-location': 'http://10.0.2.15:9696/v2.0/routers/87ac7dd8-afd7-4f72-bd22-27eb7d6154b9', 'connection': 'close', 'date': 'Sun, 20 Dec 2015 23:31:06 GMT', 'content-type': 'application/json; charset=UTF-8', 'x-openstack-request-id': 'req-7c5cc608-41f0-4560-9b5b-769b70edd28b'}
        Body: {"router": {"status": "ACTIVE", "external_gateway_info": null, "name": "tempest-router-smoke-464043078", "admin_state_up": true, "tenant_id": "6264facf10a64187b858e2883bb8a9ba", "routes": [], "id": "87ac7dd8-afd7-4f72-bd22-27eb7d6154b9"}}
2015-12-20 23:31:06,919 20755 INFO     [tempest_lib.common.rest_client] Request (TestNetworkAdvancedServerOps:test_server_connectivity_pause_unpause): 200 PUT http://10.0.2.15:9696/v2.0/routers/87ac7dd8-afd7-4f72-bd22-27eb7d6154b9 0.501s
2015-12-20 23:31:06,919 20755 DEBUG    [tempest_lib.common.rest_client] Request - Headers: {'Content-Type': 'application/json', 'Accept': 'application/json', 'X-Auth-Token': '&lt;omitted&gt;'}
        Body: {"router": {"external_gateway_info": {"network_id": "2d470808-de13-489c-b15e-c175f236c874"}, "name": "tempest-router-smoke-464043078", "admin_state_up": true}}
    Response - Headers: {'status': '200', 'content-length': '500', 'connection': 'close', 'date': 'Sun, 20 Dec 2015 23:31:06 GMT', 'content-type': 'application/json; charset=UTF-8', 'x-openstack-request-id': 'req-c9d97c81-9e13-4fd3-9153-4de9c8da3962'}
        Body: {"router": {"status": "ACTIVE", "external_gateway_info": {"network_id": "2d470808-de13-489c-b15e-c175f236c874", "enable_snat": true, "external_fixed_ips": [{"subnet_id": "90f42ded-380a-4cca-a2d3-76b8bfd936d5", "ip_address": "172.24.4.3"}, {"subnet_id": "4b9b336b-3709-455e-bfac-0b92a4765176", "ip_address": "2001:db8::3"}]}, "name": "tempest-router-smoke-464043078", "admin_state_up": true, "tenant_id": "6264facf10a64187b858e2883bb8a9ba", "routes": [], "id": "87ac7dd8-afd7-4f72-bd22-27eb7d6154b9"}}
2015-12-20 23:31:07,052 20755 INFO     [tempest_lib.common.rest_client] Request (TestNetworkAdvancedServerOps:test_server_connectivity_pause_unpause): 200 GET http://10.0.2.15:9696/v2.0/subnets?tenant_id=6264facf10a64187b858e2883bb8a9ba&amp;cidr=10.100.0.0%2F28 0.131s
2015-12-20 23:31:07,052 20755 DEBUG    [tempest_lib.common.rest_client] Request - Headers: {'Content-Type': 'application/json', 'Accept': 'application/json', 'X-Auth-Token': '&lt;omitted&gt;'}
        Body: None
    Response - Headers: {'status': '200', 'content-length': '15', 'content-location': 'http://10.0.2.15:9696/v2.0/subnets?tenant_id=6264facf10a64187b858e2883bb8a9ba&amp;cidr=10.100.0.0%2F28', 'connection': 'close', 'date': 'Sun, 20 Dec 2015 23:31:07 GMT', 'content-type': 'application/json; charset=UTF-8', 'x-openstack-request-id': 'req-52d89a3b-71b5-4d1c-b427-2424fee0bfc5'}
        Body: {"subnets": []}
2015-12-20 23:31:07,299 20755 INFO     [tempest_lib.common.rest_client] Request (TestNetworkAdvancedServerOps:test_server_connectivity_pause_unpause): 201 POST http://10.0.2.15:9696/v2.0/subnets 0.246s
2015-12-20 23:31:07,300 20755 DEBUG    [tempest_lib.common.rest_client] Request - Headers: {'Content-Type': 'application/json', 'Accept': 'application/json', 'X-Auth-Token': '&lt;omitted&gt;'}
        Body: {"subnet": {"ip_version": 4, "tenant_id": "6264facf10a64187b858e2883bb8a9ba", "cidr": "10.100.0.0/28", "network_id": "226378e1-3fae-4937-ba69-1fad5c3e4d9b", "name": "tempest-subnet-smoke-447260922"}}
    Response - Headers: {'status': '201', 'content-length': '477', 'connection': 'close', 'date': 'Sun, 20 Dec 2015 23:31:07 GMT', 'content-type': 'application/json; charset=UTF-8', 'x-openstack-request-id': 'req-e02276c7-607b-4412-baa9-438db11edf07'}
        Body: {"subnet": {"name": "tempest-subnet-smoke-447260922", "enable_dhcp": true, "network_id": "226378e1-3fae-4937-ba69-1fad5c3e4d9b", "tenant_id": "6264facf10a64187b858e2883bb8a9ba", "dns_nameservers": [], "gateway_ip": "10.100.0.1", "ipv6_ra_mode": null, "allocation_pools": [{"start": "10.100.0.2", "end": "10.100.0.14"}], "host_routes": [], "ip_version": 4, "ipv6_address_mode": null, "cidr": "10.100.0.0/28", "id": "cb04bbd7-3307-4436-a170-a8983e59a102", "subnetpool_id": null}}
2015-12-20 23:31:07,790 20755 INFO     [tempest_lib.common.rest_client] Request (TestNetworkAdvancedServerOps:test_server_connectivity_pause_unpause): 200 PUT http://10.0.2.15:9696/v2.0/routers/87ac7dd8-afd7-4f72-bd22-27eb7d6154b9/add_router_interface 0.490s
2015-12-20 23:31:07,791 20755 DEBUG    [tempest_lib.common.rest_client] Request - Headers: {'Content-Type': 'application/json', 'Accept': 'application/json', 'X-Auth-Token': '&lt;omitted&gt;'}
        Body: {"subnet_id": "cb04bbd7-3307-4436-a170-a8983e59a102"}
    Response - Headers: {'status': '200', 'content-length': '255', 'connection': 'close', 'date': 'Sun, 20 Dec 2015 23:31:07 GMT', 'content-type': 'application/json; charset=UTF-8', 'x-openstack-request-id': 'req-6da59d76-6a8f-4d2a-92e5-2f3dc596725b'}
        Body: {"subnet_id": "cb04bbd7-3307-4436-a170-a8983e59a102", "tenant_id": "6264facf10a64187b858e2883bb8a9ba", "subnet_ids": ["cb04bbd7-3307-4436-a170-a8983e59a102"], "port_id": "1cd03f19-e71f-4846-836f-15afb40e871c", "id": "87ac7dd8-afd7-4f72-bd22-27eb7d6154b9"}
2015-12-20 23:31:07,883 20755 INFO     [tempest_lib.common.rest_client] Request (TestNetworkAdvancedServerOps:test_server_connectivity_pause_unpause): 200 POST http://10.0.2.15:5000/v2.0/tokens
2015-12-20 23:31:07,883 20755 DEBUG    [tempest_lib.common.rest_client] Request - Headers: {'Content-Type': 'application/json', 'Accept': 'application/json'}
        Body: &lt;omitted&gt;
    Response - Headers: {'status': '200', 'content-length': '2566', 'vary': 'X-Auth-Token', 'server': 'Apache/2.4.7 (Ubuntu)', 'connection': 'close', 'date': 'Sun, 20 Dec 2015 23:31:07 GMT', 'content-type': 'application/json', 'x-openstack-request-id': 'req-24100047-a1a1-4ab7-a7e6-d94a09e758ea'}
        Body: {"access": {"token": {"issued_at": "2015-12-20T23:31:07.873998", "expires": "2015-12-21T00:31:07Z", "id": "83b7547819b14e1dabe3ff4c8f59191c", "tenant": {"description": "tempest-TestNetworkAdvancedServerOps-1106349092-desc", "enabled": true, "id": "6264facf10a64187b858e2883bb8a9ba", "name": "tempest-TestNetworkAdvancedServerOps-1106349092"}, "audit_ids": ["kaIgvD7RT_iEZ1PXSQdung"]}, "serviceCatalog": [{"endpoints": [{"adminURL": "http://10.0.2.15:8774/v2.1/6264facf10a64187b858e2883bb8a9ba", "region": "RegionOne", "internalURL": "http://10.0.2.15:8774/v2.1/6264facf10a64187b858e2883bb8a9ba", "id": "5013cf3a8da4419695fcaa71c8fe0b80", "publicURL": "http://10.0.2.15:8774/v2.1/6264facf10a64187b858e2883bb8a9ba"}], "endpoints_links": [], "type": "compute", "name": "nova"}, {"endpoints": [{"adminURL": "http://10.0.2.15:9696/", "region": "RegionOne", "internalURL": "http://10.0.2.15:9696/", "id": "b8f13cd62069429a973188a53d3f192f", "publicURL": "http://10.0.2.15:9696/"}], "endpoints_links": [], "type": "network", "name": "neutron"}, {"endpoints": [{"adminURL": "http://10.0.2.15:9292", "region": "RegionOne", "internalURL": "http://10.0.2.15:9292", "id": "4fa0e838a6694c37af2d492df1389fc3", "publicURL": "http://10.0.2.15:9292"}], "endpoints_links": [], "type": "image", "name": "glance"}, {"endpoints": [{"adminURL": "http://10.0.2.15:8774/v2/6264facf10a64187b858e2883bb8a9ba", "region": "RegionOne", "internalURL": "http://10.0.2.15:8774/v2/6264facf10a64187b858e2883bb8a9ba", "id": "2aef933f809f49d5bec5b236fb0aeefc", "publicURL": "http://10.0.2.15:8774/v2/6264facf10a64187b858e2883bb8a9ba"}], "endpoints_links": [], "type": "compute_legacy", "name": "nova_legacy"}, {"endpoints": [{"adminURL": "http://10.0.2.15:8773/", "region": "RegionOne", "internalURL": "http://10.0.2.15:8773/", "id": "4a2c82aa0ef1484bbd70debaafb6c799", "publicURL": "http://10.0.2.15:8773/"}], "endpoints_links": [], "type": "ec2", "name": "ec2"}, {"endpoints": [{"adminURL": "http://10.0.2.15:35357/v2.0", "region": "RegionOne", "internalURL": "http://10.0.2.15:5000/v2.0", "id": "77310483958c4cfe9c7c68f87aed11da", "publicURL": "http://10.0.2.15:5000/v2.0"}], "endpoints_links": [], "type": "identity", "name": "keystone"}], "user": {"username": "tempest-TestNetworkAdvancedServerOps-1272973635", "roles_links": [], "id": "3a282a42ac5d43399f48e6414bba4d0a", "roles": [{"name": "Member"}, {"name": "_member_"}], "name": "tempest-TestNetworkAdvancedServerOps-1272973635"}, "metadata": {"is_admin": 0, "roles": ["829fc69ba63b4701a05fe249952a9067", "9fe2ff9ee4384b1894a90878d3e92bab"]}}}
2015-12-20 23:31:07,888 20755 DEBUG    [tempest.common.fixed_network] (TestNetworkAdvancedServerOps:test_server_connectivity_pause_unpause) No valid network provided or created, defaulting to fixed_network_name
2015-12-20 23:31:08,170 20755 INFO     [tempest_lib.common.rest_client] Request (TestNetworkAdvancedServerOps:test_server_connectivity_pause_unpause): 200 GET http://10.0.2.15:8774/v2.1/6264facf10a64187b858e2883bb8a9ba/os-networks 0.281s
2015-12-20 23:31:08,170 20755 DEBUG    [tempest_lib.common.rest_client] Request - Headers: {'Content-Type': 'application/json', 'Accept': 'application/json', 'X-Auth-Token': '&lt;omitted&gt;'}
        Body: None
    Response - Headers: {'status': '200', 'content-length': '478', 'content-location': 'http://10.0.2.15:8774/v2.1/6264facf10a64187b858e2883bb8a9ba/os-networks', 'x-compute-request-id': 'req-b6804e08-7ead-445c-9944-b5929094b98d', 'vary': 'X-OpenStack-Nova-API-Version', 'connection': 'close', 'x-openstack-nova-api-version': '2.1', 'date': 'Sun, 20 Dec 2015 23:31:08 GMT', 'content-type': 'application/json'}
        Body: {"networks": [{"cidr_v6": null, "dns2": null, "dns1": null, "gateway": null, "broadcast": null, "netmask": null, "gateway_v6": null, "cidr": null, "label": "public", "id": "2d470808-de13-489c-b15e-c175f236c874", "netmask_v6": null}, {"cidr_v6": null, "dns2": null, "dns1": null, "gateway": null, "broadcast": null, "netmask": null, "gateway_v6": null, "cidr": null, "label": "tempest-network-smoke--903179205", "id": "226378e1-3fae-4937-ba69-1fad5c3e4d9b", "netmask_v6": null}]}
2015-12-20 23:31:08,170 20755 WARNING  [tempest.common.fixed_network] (TestNetworkAdvancedServerOps:test_server_connectivity_pause_unpause) Network with name: private not found
2015-12-20 23:31:08,171 20755 INFO     [tempest.common.fixed_network] (TestNetworkAdvancedServerOps:test_server_connectivity_pause_unpause) Found network {} available for tenant
2015-12-20 23:31:09,800 20755 INFO     [tempest_lib.common.rest_client] Request (TestNetworkAdvancedServerOps:test_server_connectivity_pause_unpause): 202 POST http://10.0.2.15:8774/v2.1/6264facf10a64187b858e2883bb8a9ba/servers 1.628s
2015-12-20 23:31:09,801 20755 DEBUG    [tempest_lib.common.rest_client] Request - Headers: {'Content-Type': 'application/json', 'Accept': 'application/json', 'X-Auth-Token': '&lt;omitted&gt;'}
        Body: {"server": {"name": "tempest.common.compute-instance-1590740837", "imageRef": "489bc550-afac-47df-83d6-3aa0362317c3", "key_name": "tempest-TestNetworkAdvancedServerOps-1246818568", "flavorRef": "42", "networks": [{"uuid": "226378e1-3fae-4937-ba69-1fad5c3e4d9b"}], "security_groups": [{"name": "tempest-secgroup-smoke-1781066487"}]}}
    Response - Headers: {'status': '202', 'content-length': '462', 'x-compute-request-id': 'req-e609466c-3b04-4042-983e-93424567748f', 'vary': 'X-OpenStack-Nova-API-Version', 'connection': 'close', 'location': 'http://10.0.2.15:8774/v2.1/6264facf10a64187b858e2883bb8a9ba/servers/1b8b54fc-570e-4810-9ec0-1f092d07d3d3', 'x-openstack-nova-api-version': '2.1', 'date': 'Sun, 20 Dec 2015 23:31:09 GMT', 'content-type': 'application/json'}
        Body: {"server": {"security_groups": [{"name": "tempest-secgroup-smoke-1781066487"}], "OS-DCF:diskConfig": "MANUAL", "id": "1b8b54fc-570e-4810-9ec0-1f092d07d3d3", "links": [{"href": "http://10.0.2.15:8774/v2.1/6264facf10a64187b858e2883bb8a9ba/servers/1b8b54fc-570e-4810-9ec0-1f092d07d3d3", "rel": "self"}, {"href": "http://10.0.2.15:8774/6264facf10a64187b858e2883bb8a9ba/servers/1b8b54fc-570e-4810-9ec0-1f092d07d3d3", "rel": "bookmark"}], "adminPass": "hGa9ykEwB7J2"}}
2015-12-20 23:31:09,932 20755 INFO     [tempest_lib.common.rest_client] Request (TestNetworkAdvancedServerOps:test_server_connectivity_pause_unpause): 200 GET http://10.0.2.15:8774/v2.1/6264facf10a64187b858e2883bb8a9ba/servers/1b8b54fc-570e-4810-9ec0-1f092d07d3d3 0.127s
2015-12-20 23:31:09,932 20755 DEBUG    [tempest_lib.common.rest_client] Request - Headers: {'Content-Type': 'application/json', 'Accept': 'application/json', 'X-Auth-Token': '&lt;omitted&gt;'}
        Body: None
    Response - Headers: {'status': '200', 'content-length': '1365', 'content-location': 'http://10.0.2.15:8774/v2.1/6264facf10a64187b858e2883bb8a9ba/servers/1b8b54fc-570e-4810-9ec0-1f092d07d3d3', 'x-compute-request-id': 'req-1c62c6a0-67e2-4b31-b65b-bf8be6e28cbd', 'vary': 'X-OpenStack-Nova-API-Version', 'connection': 'close', 'x-openstack-nova-api-version': '2.1', 'date': 'Sun, 20 Dec 2015 23:31:09 GMT', 'content-type': 'application/json'}
        Body: {"server": {"status": "BUILD", "updated": "2015-12-20T23:31:09Z", "hostId": "", "addresses": {}, "links": [{"href": "http://10.0.2.15:8774/v2.1/6264facf10a64187b858e2883bb8a9ba/servers/1b8b54fc-570e-4810-9ec0-1f092d07d3d3", "rel": "self"}, {"href": "http://10.0.2.15:8774/6264facf10a64187b858e2883bb8a9ba/servers/1b8b54fc-570e-4810-9ec0-1f092d07d3d3", "rel": "bookmark"}], "key_name": "tempest-TestNetworkAdvancedServerOps-1246818568", "image": {"id": "489bc550-afac-47df-83d6-3aa0362317c3", "links": [{"href": "http://10.0.2.15:8774/6264facf10a64187b858e2883bb8a9ba/images/489bc550-afac-47df-83d6-3aa0362317c3", "rel": "bookmark"}]}, "OS-EXT-STS:task_state": "scheduling", "OS-EXT-STS:vm_state": "building", "OS-SRV-USG:launched_at": null, "flavor": {"id": "42", "links": [{"href": "http://10.0.2.15:8774/6264facf10a64187b858e2883bb8a9ba/flavors/42", "rel": "bookmark"}]}, "id": "1b8b54fc-570e-4810-9ec0-1f092d07d3d3", "OS-SRV-USG:terminated_at": null, "OS-EXT-AZ:availability_zone": "", "user_id": "3a282a42ac5d43399f48e6414bba4d0a", "name": "tempest.common.compute-instance-1590740837", "created": "2015-12-20T23:31:09Z", "tenant_id": "6264facf10a64187b858e2883bb8a9ba", "OS-DCF:diskConfig": "MANUAL", "os-extended-volumes:volumes_attached": [], "accessIPv4": "", "accessIPv6": "", "progress": 0, "OS-EXT-STS:power_state": 0, "config_drive": "", "metadata": {}}}
2015-12-20 23:31:11,224 20755 INFO     [tempest_lib.common.rest_client] Request (TestNetworkAdvancedServerOps:test_server_connectivity_pause_unpause): 200 GET http://10.0.2.15:8774/v2.1/6264facf10a64187b858e2883bb8a9ba/servers/1b8b54fc-570e-4810-9ec0-1f092d07d3d3 0.279s
2015-12-20 23:31:11,225 20755 DEBUG    [tempest_lib.common.rest_client] Request - Headers: {'Content-Type': 'application/json', 'Accept': 'application/json', 'X-Auth-Token': '&lt;omitted&gt;'}
        Body: None
    Response - Headers: {'status': '200', 'content-length': '1491', 'content-location': 'http://10.0.2.15:8774/v2.1/6264facf10a64187b858e2883bb8a9ba/servers/1b8b54fc-570e-4810-9ec0-1f092d07d3d3', 'x-compute-request-id': 'req-9194890c-ea9b-4100-a5be-59b5ccbceeef', 'vary': 'X-OpenStack-Nova-API-Version', 'connection': 'close', 'x-openstack-nova-api-version': '2.1', 'date': 'Sun, 20 Dec 2015 23:31:11 GMT', 'content-type': 'application/json'}
        Body: {"server": {"status": "BUILD", "updated": "2015-12-20T23:31:10Z", "hostId": "4a00d9b4667f0a5083c7e879379f99b43bdbf9c42d884340d9941c62", "addresses": {}, "links": [{"href": "http://10.0.2.15:8774/v2.1/6264facf10a64187b858e2883bb8a9ba/servers/1b8b54fc-570e-4810-9ec0-1f092d07d3d3", "rel": "self"}, {"href": "http://10.0.2.15:8774/6264facf10a64187b858e2883bb8a9ba/servers/1b8b54fc-570e-4810-9ec0-1f092d07d3d3", "rel": "bookmark"}], "key_name": "tempest-TestNetworkAdvancedServerOps-1246818568", "image": {"id": "489bc550-afac-47df-83d6-3aa0362317c3", "links": [{"href": "http://10.0.2.15:8774/6264facf10a64187b858e2883bb8a9ba/images/489bc550-afac-47df-83d6-3aa0362317c3", "rel": "bookmark"}]}, "OS-EXT-STS:task_state": "spawning", "OS-EXT-STS:vm_state": "building", "OS-SRV-USG:launched_at": null, "flavor": {"id": "42", "links": [{"href": "http://10.0.2.15:8774/6264facf10a64187b858e2883bb8a9ba/flavors/42", "rel": "bookmark"}]}, "id": "1b8b54fc-570e-4810-9ec0-1f092d07d3d3", "security_groups": [{"name": "tempest-secgroup-smoke-1781066487"}], "OS-SRV-USG:terminated_at": null, "OS-EXT-AZ:availability_zone": "nova", "user_id": "3a282a42ac5d43399f48e6414bba4d0a", "name": "tempest.common.compute-instance-1590740837", "created": "2015-12-20T23:31:09Z", "tenant_id": "6264facf10a64187b858e2883bb8a9ba", "OS-DCF:diskConfig": "MANUAL", "os-extended-volumes:volumes_attached": [], "accessIPv4": "", "accessIPv6": "", "progress": 0, "OS-EXT-STS:power_state": 0, "config_drive": "", "metadata": {}}}
2015-12-20 23:31:11,238 20755 INFO     [tempest.common.waiters] State transition "BUILD/scheduling" ==&gt; "BUILD/spawning" after 2 second wait
2015-12-20 23:31:12,560 20755 INFO     [tempest_lib.common.rest_client] Request (TestNetworkAdvancedServerOps:test_server_connectivity_pause_unpause): 200 GET http://10.0.2.15:8774/v2.1/6264facf10a64187b858e2883bb8a9ba/servers/1b8b54fc-570e-4810-9ec0-1f092d07d3d3 0.319s
2015-12-20 23:31:12,560 20755 DEBUG    [tempest_lib.common.rest_client] Request - Headers: {'Content-Type': 'application/json', 'Accept': 'application/json', 'X-Auth-Token': '&lt;omitted&gt;'}
        Body: None
    Response - Headers: {'status': '200', 'content-length': '1491', 'content-location': 'http://10.0.2.15:8774/v2.1/6264facf10a64187b858e2883bb8a9ba/servers/1b8b54fc-570e-4810-9ec0-1f092d07d3d3', 'x-compute-request-id': 'req-5fa1221b-0cdb-43e6-93e7-95872dd9f540', 'vary': 'X-OpenStack-Nova-API-Version', 'connection': 'close', 'x-openstack-nova-api-version': '2.1', 'date': 'Sun, 20 Dec 2015 23:31:12 GMT', 'content-type': 'application/json'}
        Body: {"server": {"status": "BUILD", "updated": "2015-12-20T23:31:10Z", "hostId": "4a00d9b4667f0a5083c7e879379f99b43bdbf9c42d884340d9941c62", "addresses": {}, "links": [{"href": "http://10.0.2.15:8774/v2.1/6264facf10a64187b858e2883bb8a9ba/servers/1b8b54fc-570e-4810-9ec0-1f092d07d3d3", "rel": "self"}, {"href": "http://10.0.2.15:8774/6264facf10a64187b858e2883bb8a9ba/servers/1b8b54fc-570e-4810-9ec0-1f092d07d3d3", "rel": "bookmark"}], "key_name": "tempest-TestNetworkAdvancedServerOps-1246818568", "image": {"id": "489bc550-afac-47df-83d6-3aa0362317c3", "links": [{"href": "http://10.0.2.15:8774/6264facf10a64187b858e2883bb8a9ba/images/489bc550-afac-47df-83d6-3aa0362317c3", "rel": "bookmark"}]}, "OS-EXT-STS:task_state": "spawning", "OS-EXT-STS:vm_state": "building", "OS-SRV-USG:launched_at": null, "flavor": {"id": "42", "links": [{"href": "http://10.0.2.15:8774/6264facf10a64187b858e2883bb8a9ba/flavors/42", "rel": "bookmark"}]}, "id": "1b8b54fc-570e-4810-9ec0-1f092d07d3d3", "security_groups": [{"name": "tempest-secgroup-smoke-1781066487"}], "OS-SRV-USG:terminated_at": null, "OS-EXT-AZ:availability_zone": "nova", "user_id": "3a282a42ac5d43399f48e6414bba4d0a", "name": "tempest.common.compute-instance-1590740837", "created": "2015-12-20T23:31:09Z", "tenant_id": "6264facf10a64187b858e2883bb8a9ba", "OS-DCF:diskConfig": "MANUAL", "os-extended-volumes:volumes_attached": [], "accessIPv4": "", "accessIPv6": "", "progress": 0, "OS-EXT-STS:power_state": 0, "config_drive": "", "metadata": {}}}
2015-12-20 23:31:13,771 20755 INFO     [tempest_lib.common.rest_client] Request (TestNetworkAdvancedServerOps:test_server_connectivity_pause_unpause): 200 GET http://10.0.2.15:8774/v2.1/6264facf10a64187b858e2883bb8a9ba/servers/1b8b54fc-570e-4810-9ec0-1f092d07d3d3 0.201s
2015-12-20 23:31:13,772 20755 DEBUG    [tempest_lib.common.rest_client] Request - Headers: {'Content-Type': 'application/json', 'Accept': 'application/json', 'X-Auth-Token': '&lt;omitted&gt;'}
        Body: None
    Response - Headers: {'status': '200', 'content-length': '1662', 'content-location': 'http://10.0.2.15:8774/v2.1/6264facf10a64187b858e2883bb8a9ba/servers/1b8b54fc-570e-4810-9ec0-1f092d07d3d3', 'x-compute-request-id': 'req-05db49d9-867b-45f6-a04d-b3ed14425b98', 'vary': 'X-OpenStack-Nova-API-Version', 'connection': 'close', 'x-openstack-nova-api-version': '2.1', 'date': 'Sun, 20 Dec 2015 23:31:13 GMT', 'content-type': 'application/json'}
        Body: {"server": {"status": "ACTIVE", "updated": "2015-12-20T23:31:13Z", "hostId": "4a00d9b4667f0a5083c7e879379f99b43bdbf9c42d884340d9941c62", "addresses": {"tempest-network-smoke--903179205": [{"OS-EXT-IPS-MAC:mac_addr": "fa:16:3e:57:7c:e3", "version": 4, "addr": "10.100.0.3", "OS-EXT-IPS:type": "fixed"}]}, "links": [{"href": "http://10.0.2.15:8774/v2.1/6264facf10a64187b858e2883bb8a9ba/servers/1b8b54fc-570e-4810-9ec0-1f092d07d3d3", "rel": "self"}, {"href": "http://10.0.2.15:8774/6264facf10a64187b858e2883bb8a9ba/servers/1b8b54fc-570e-4810-9ec0-1f092d07d3d3", "rel": "bookmark"}], "key_name": "tempest-TestNetworkAdvancedServerOps-1246818568", "image": {"id": "489bc550-afac-47df-83d6-3aa0362317c3", "links": [{"href": "http://10.0.2.15:8774/6264facf10a64187b858e2883bb8a9ba/images/489bc550-afac-47df-83d6-3aa0362317c3", "rel": "bookmark"}]}, "OS-EXT-STS:task_state": null, "OS-EXT-STS:vm_state": "active", "OS-SRV-USG:launched_at": "2015-12-20T23:31:13.000000", "flavor": {"id": "42", "links": [{"href": "http://10.0.2.15:8774/6264facf10a64187b858e2883bb8a9ba/flavors/42", "rel": "bookmark"}]}, "id": "1b8b54fc-570e-4810-9ec0-1f092d07d3d3", "security_groups": [{"name": "tempest-secgroup-smoke-1781066487"}], "OS-SRV-USG:terminated_at": null, "OS-EXT-AZ:availability_zone": "nova", "user_id": "3a282a42ac5d43399f48e6414bba4d0a", "name": "tempest.common.compute-instance-1590740837", "created": "2015-12-20T23:31:09Z", "tenant_id": "6264facf10a64187b858e2883bb8a9ba", "OS-DCF:diskConfig": "MANUAL", "os-extended-volumes:volumes_attached": [], "accessIPv4": "", "accessIPv6": "", "progress": 0, "OS-EXT-STS:power_state": 1, "config_drive": "True", "metadata": {}}}
2015-12-20 23:31:13,781 20755 INFO     [tempest.common.waiters] State transition "BUILD/spawning" ==&gt; "ACTIVE/None" after 4 second wait
2015-12-20 23:31:13,991 20755 INFO     [tempest_lib.common.rest_client] Request (TestNetworkAdvancedServerOps:test_server_connectivity_pause_unpause): 200 GET http://10.0.2.15:8774/v2.1/6264facf10a64187b858e2883bb8a9ba/servers/1b8b54fc-570e-4810-9ec0-1f092d07d3d3 0.209s
2015-12-20 23:31:13,991 20755 DEBUG    [tempest_lib.common.rest_client] Request - Headers: {'Content-Type': 'application/json', 'Accept': 'application/json', 'X-Auth-Token': '&lt;omitted&gt;'}
        Body: None
    Response - Headers: {'status': '200', 'content-length': '1662', 'content-location': 'http://10.0.2.15:8774/v2.1/6264facf10a64187b858e2883bb8a9ba/servers/1b8b54fc-570e-4810-9ec0-1f092d07d3d3', 'x-compute-request-id': 'req-809ca586-fd52-4f4e-8356-394e93c09aa2', 'vary': 'X-OpenStack-Nova-API-Version', 'connection': 'close', 'x-openstack-nova-api-version': '2.1', 'date': 'Sun, 20 Dec 2015 23:31:13 GMT', 'content-type': 'application/json'}
        Body: {"server": {"status": "ACTIVE", "updated": "2015-12-20T23:31:13Z", "hostId": "4a00d9b4667f0a5083c7e879379f99b43bdbf9c42d884340d9941c62", "addresses": {"tempest-network-smoke--903179205": [{"OS-EXT-IPS-MAC:mac_addr": "fa:16:3e:57:7c:e3", "version": 4, "addr": "10.100.0.3", "OS-EXT-IPS:type": "fixed"}]}, "links": [{"href": "http://10.0.2.15:8774/v2.1/6264facf10a64187b858e2883bb8a9ba/servers/1b8b54fc-570e-4810-9ec0-1f092d07d3d3", "rel": "self"}, {"href": "http://10.0.2.15:8774/6264facf10a64187b858e2883bb8a9ba/servers/1b8b54fc-570e-4810-9ec0-1f092d07d3d3", "rel": "bookmark"}], "key_name": "tempest-TestNetworkAdvancedServerOps-1246818568", "image": {"id": "489bc550-afac-47df-83d6-3aa0362317c3", "links": [{"href": "http://10.0.2.15:8774/6264facf10a64187b858e2883bb8a9ba/images/489bc550-afac-47df-83d6-3aa0362317c3", "rel": "bookmark"}]}, "OS-EXT-STS:task_state": null, "OS-EXT-STS:vm_state": "active", "OS-SRV-USG:launched_at": "2015-12-20T23:31:13.000000", "flavor": {"id": "42", "links": [{"href": "http://10.0.2.15:8774/6264facf10a64187b858e2883bb8a9ba/flavors/42", "rel": "bookmark"}]}, "id": "1b8b54fc-570e-4810-9ec0-1f092d07d3d3", "security_groups": [{"name": "tempest-secgroup-smoke-1781066487"}], "OS-SRV-USG:terminated_at": null, "OS-EXT-AZ:availability_zone": "nova", "user_id": "3a282a42ac5d43399f48e6414bba4d0a", "name": "tempest.common.compute-instance-1590740837", "created": "2015-12-20T23:31:09Z", "tenant_id": "6264facf10a64187b858e2883bb8a9ba", "OS-DCF:diskConfig": "MANUAL", "os-extended-volumes:volumes_attached": [], "accessIPv4": "", "accessIPv6": "", "progress": 0, "OS-EXT-STS:power_state": 1, "config_drive": "True", "metadata": {}}}
2015-12-20 23:31:14,135 20755 INFO     [tempest_lib.common.rest_client] Request (TestNetworkAdvancedServerOps:test_server_connectivity_pause_unpause): 200 GET http://10.0.2.15:9696/v2.0/ports?status=ACTIVE&amp;fixed_ip=None&amp;device_id=1b8b54fc-570e-4810-9ec0-1f092d07d3d3 0.136s
2015-12-20 23:31:14,136 20755 DEBUG    [tempest_lib.common.rest_client] Request - Headers: {'Content-Type': 'application/json', 'Accept': 'application/json', 'X-Auth-Token': '&lt;omitted&gt;'}
        Body: None
    Response - Headers: {'status': '200', 'content-length': '895', 'content-location': 'http://10.0.2.15:9696/v2.0/ports?status=ACTIVE&amp;fixed_ip=None&amp;device_id=1b8b54fc-570e-4810-9ec0-1f092d07d3d3', 'connection': 'close', 'date': 'Sun, 20 Dec 2015 23:31:14 GMT', 'content-type': 'application/json; charset=UTF-8', 'x-openstack-request-id': 'req-3bb65353-39ca-40ca-a4cf-5327fc662e06'}
        Body: {"ports": [{"status": "ACTIVE", "binding:host_id": "vagrant-ubuntu-trusty-64", "allowed_address_pairs": [], "extra_dhcp_opts": [], "dns_assignment": [{"hostname": "host-10-100-0-3", "ip_address": "10.100.0.3", "fqdn": "host-10-100-0-3.openstacklocal."}], "device_owner": "compute:None", "port_security_enabled": true, "binding:profile": {}, "fixed_ips": [{"subnet_id": "cb04bbd7-3307-4436-a170-a8983e59a102", "ip_address": "10.100.0.3"}], "id": "28564ad7-cc4c-450e-99c0-61e10e5b76d0", "security_groups": ["7ea07495-d154-4273-980f-8cb26f8f374a"], "device_id": "1b8b54fc-570e-4810-9ec0-1f092d07d3d3", "name": "", "admin_state_up": true, "network_id": "226378e1-3fae-4937-ba69-1fad5c3e4d9b", "dns_name": "", "binding:vif_details": {"port_filter": true}, "binding:vnic_type": "normal", "binding:vif_type": "ovs", "tenant_id": "6264facf10a64187b858e2883bb8a9ba", "mac_address": "fa:16:3e:57:7c:e3"}]}
2015-12-20 23:31:14,520 20755 INFO     [tempest_lib.common.rest_client] Request (TestNetworkAdvancedServerOps:test_server_connectivity_pause_unpause): 201 POST http://10.0.2.15:9696/v2.0/floatingips 0.384s
2015-12-20 23:31:14,521 20755 DEBUG    [tempest_lib.common.rest_client] Request - Headers: {'Content-Type': 'application/json', 'Accept': 'application/json', 'X-Auth-Token': '&lt;omitted&gt;'}
        Body: {"floatingip": {"floating_network_id": "2d470808-de13-489c-b15e-c175f236c874", "tenant_id": "6264facf10a64187b858e2883bb8a9ba", "fixed_ip_address": "10.100.0.3", "port_id": "28564ad7-cc4c-450e-99c0-61e10e5b76d0"}}
    Response - Headers: {'status': '201', 'content-length': '367', 'connection': 'close', 'date': 'Sun, 20 Dec 2015 23:31:14 GMT', 'content-type': 'application/json; charset=UTF-8', 'x-openstack-request-id': 'req-b63586fd-e0c2-4ad8-8542-e02a3ca137a4'}
        Body: {"floatingip": {"floating_network_id": "2d470808-de13-489c-b15e-c175f236c874", "router_id": "87ac7dd8-afd7-4f72-bd22-27eb7d6154b9", "fixed_ip_address": "10.100.0.3", "floating_ip_address": "172.24.4.4", "tenant_id": "6264facf10a64187b858e2883bb8a9ba", "status": "DOWN", "port_id": "28564ad7-cc4c-450e-99c0-61e10e5b76d0", "id": "120972a3-a70a-4417-a2e6-ac72cdc354d8"}}
2015-12-20 23:31:14,701 20755 INFO     [tempest_lib.common.rest_client] Request (TestNetworkAdvancedServerOps:test_server_connectivity_pause_unpause): 200 GET http://10.0.2.15:8774/v2.1/6264facf10a64187b858e2883bb8a9ba/servers/1b8b54fc-570e-4810-9ec0-1f092d07d3d3 0.179s
2015-12-20 23:31:14,701 20755 DEBUG    [tempest_lib.common.rest_client] Request - Headers: {'Content-Type': 'application/json', 'Accept': 'application/json', 'X-Auth-Token': '&lt;omitted&gt;'}
        Body: None
    Response - Headers: {'status': '200', 'content-length': '1662', 'content-location': 'http://10.0.2.15:8774/v2.1/6264facf10a64187b858e2883bb8a9ba/servers/1b8b54fc-570e-4810-9ec0-1f092d07d3d3', 'x-compute-request-id': 'req-6566ee74-c11a-44b2-ac02-452e090c01e6', 'vary': 'X-OpenStack-Nova-API-Version', 'connection': 'close', 'x-openstack-nova-api-version': '2.1', 'date': 'Sun, 20 Dec 2015 23:31:14 GMT', 'content-type': 'application/json'}
        Body: {"server": {"status": "ACTIVE", "updated": "2015-12-20T23:31:13Z", "hostId": "4a00d9b4667f0a5083c7e879379f99b43bdbf9c42d884340d9941c62", "addresses": {"tempest-network-smoke--903179205": [{"OS-EXT-IPS-MAC:mac_addr": "fa:16:3e:57:7c:e3", "version": 4, "addr": "10.100.0.3", "OS-EXT-IPS:type": "fixed"}]}, "links": [{"href": "http://10.0.2.15:8774/v2.1/6264facf10a64187b858e2883bb8a9ba/servers/1b8b54fc-570e-4810-9ec0-1f092d07d3d3", "rel": "self"}, {"href": "http://10.0.2.15:8774/6264facf10a64187b858e2883bb8a9ba/servers/1b8b54fc-570e-4810-9ec0-1f092d07d3d3", "rel": "bookmark"}], "key_name": "tempest-TestNetworkAdvancedServerOps-1246818568", "image": {"id": "489bc550-afac-47df-83d6-3aa0362317c3", "links": [{"href": "http://10.0.2.15:8774/6264facf10a64187b858e2883bb8a9ba/images/489bc550-afac-47df-83d6-3aa0362317c3", "rel": "bookmark"}]}, "OS-EXT-STS:task_state": null, "OS-EXT-STS:vm_state": "active", "OS-SRV-USG:launched_at": "2015-12-20T23:31:13.000000", "flavor": {"id": "42", "links": [{"href": "http://10.0.2.15:8774/6264facf10a64187b858e2883bb8a9ba/flavors/42", "rel": "bookmark"}]}, "id": "1b8b54fc-570e-4810-9ec0-1f092d07d3d3", "security_groups": [{"name": "tempest-secgroup-smoke-1781066487"}], "OS-SRV-USG:terminated_at": null, "OS-EXT-AZ:availability_zone": "nova", "user_id": "3a282a42ac5d43399f48e6414bba4d0a", "name": "tempest.common.compute-instance-1590740837", "created": "2015-12-20T23:31:09Z", "tenant_id": "6264facf10a64187b858e2883bb8a9ba", "OS-DCF:diskConfig": "MANUAL", "os-extended-volumes:volumes_attached": [], "accessIPv4": "", "accessIPv6": "", "progress": 0, "OS-EXT-STS:power_state": 1, "config_drive": "True", "metadata": {}}}
2015-12-20 23:31:14,709 20755 INFO     [tempest.scenario.manager] Tenant networks not configured to be reachable.
2015-12-20 23:31:14,726 20755 INFO     [tempest_lib.common.rest_client] Request (TestNetworkAdvancedServerOps:test_server_connectivity_pause_unpause): 200 GET http://10.0.2.15:9696/v2.0/floatingips/120972a3-a70a-4417-a2e6-ac72cdc354d8 0.016s
2015-12-20 23:31:14,726 20755 DEBUG    [tempest_lib.common.rest_client] Request - Headers: {'Content-Type': 'application/json', 'Accept': 'application/json', 'X-Auth-Token': '&lt;omitted&gt;'}
        Body: None
    Response - Headers: {'status': '200', 'content-length': '367', 'content-location': 'http://10.0.2.15:9696/v2.0/floatingips/120972a3-a70a-4417-a2e6-ac72cdc354d8', 'connection': 'close', 'date': 'Sun, 20 Dec 2015 23:31:14 GMT', 'content-type': 'application/json; charset=UTF-8', 'x-openstack-request-id': 'req-f570c8d8-e182-4774-b209-75e7f20108ea'}
        Body: {"floatingip": {"floating_network_id": "2d470808-de13-489c-b15e-c175f236c874", "router_id": "87ac7dd8-afd7-4f72-bd22-27eb7d6154b9", "fixed_ip_address": "10.100.0.3", "floating_ip_address": "172.24.4.4", "tenant_id": "6264facf10a64187b858e2883bb8a9ba", "status": "DOWN", "port_id": "28564ad7-cc4c-450e-99c0-61e10e5b76d0", "id": "120972a3-a70a-4417-a2e6-ac72cdc354d8"}}
2015-12-20 23:31:15,739 20755 INFO     [tempest_lib.common.rest_client] Request (TestNetworkAdvancedServerOps:test_server_connectivity_pause_unpause): 200 GET http://10.0.2.15:9696/v2.0/floatingips/120972a3-a70a-4417-a2e6-ac72cdc354d8 0.011s
2015-12-20 23:31:15,739 20755 DEBUG    [tempest_lib.common.rest_client] Request - Headers: {'Content-Type': 'application/json', 'Accept': 'application/json', 'X-Auth-Token': '&lt;omitted&gt;'}
        Body: None
    Response - Headers: {'status': '200', 'content-length': '369', 'content-location': 'http://10.0.2.15:9696/v2.0/floatingips/120972a3-a70a-4417-a2e6-ac72cdc354d8', 'connection': 'close', 'date': 'Sun, 20 Dec 2015 23:31:15 GMT', 'content-type': 'application/json; charset=UTF-8', 'x-openstack-request-id': 'req-f99d1637-52fc-4eff-831b-4ed761f2df0d'}
        Body: {"floatingip": {"floating_network_id": "2d470808-de13-489c-b15e-c175f236c874", "router_id": "87ac7dd8-afd7-4f72-bd22-27eb7d6154b9", "fixed_ip_address": "10.100.0.3", "floating_ip_address": "172.24.4.4", "tenant_id": "6264facf10a64187b858e2883bb8a9ba", "status": "ACTIVE", "port_id": "28564ad7-cc4c-450e-99c0-61e10e5b76d0", "id": "120972a3-a70a-4417-a2e6-ac72cdc354d8"}}
2015-12-20 23:31:15,740 20755 INFO     [tempest.scenario.manager] FloatingIP: &lt;"FloatingIP" addr="172.24.4.4" id="120972a3-a70a-4417-a2e6-ac72cdc354d8"&gt; is at status: ACTIVE
2015-12-20 23:31:15,740 20755 DEBUG    [tempest.scenario.manager] checking network connections to IP 172.24.4.4 with user: cirros
2015-12-20 23:31:15,740 20755 DEBUG    [tempest.scenario.manager] TestNetworkAdvancedServerOps:test_server_connectivity_pause_unpause begins to ping 172.24.4.4 in 120 sec and the expected result is reachable
2015-12-20 23:33:16,021 20755 DEBUG    [tempest.scenario.manager] TestNetworkAdvancedServerOps:test_server_connectivity_pause_unpause finishes ping 172.24.4.4 in 120 sec and the ping result is unexpected
2015-12-20 23:33:16,022 20755 ERROR    [tempest.scenario.manager] Public network connectivity check failed
2015-12-20 23:33:16.022 20755 ERROR tempest.scenario.manager Traceback (most recent call last):
2015-12-20 23:33:16.022 20755 ERROR tempest.scenario.manager   File "tempest/scenario/manager.py", line 608, in check_public_network_connectivity
2015-12-20 23:33:16.022 20755 ERROR tempest.scenario.manager     should_connect=should_connect)
2015-12-20 23:33:16.022 20755 ERROR tempest.scenario.manager   File "tempest/scenario/manager.py", line 592, in check_vm_connectivity
2015-12-20 23:33:16.022 20755 ERROR tempest.scenario.manager     msg=msg)
2015-12-20 23:33:16.022 20755 ERROR tempest.scenario.manager   File "/usr/local/lib/python2.7/dist-packages/unittest2/case.py", line 702, in assertTrue
2015-12-20 23:33:16.022 20755 ERROR tempest.scenario.manager     raise self.failureException(msg)
2015-12-20 23:33:16.022 20755 ERROR tempest.scenario.manager AssertionError: False is not true : Timed out waiting for 172.24.4.4 to become reachable
2015-12-20 23:33:16.022 20755 ERROR tempest.scenario.manager 
2015-12-20 23:33:16,232 20755 INFO     [tempest_lib.common.rest_client] Request (TestNetworkAdvancedServerOps:test_server_connectivity_pause_unpause): 200 POST http://10.0.2.15:8774/v2.1/6264facf10a64187b858e2883bb8a9ba/servers/1b8b54fc-570e-4810-9ec0-1f092d07d3d3/action 0.206s
2015-12-20 23:33:16,233 20755 DEBUG    [tempest_lib.common.rest_client] Request - Headers: {'Content-Type': 'application/json', 'Accept': 'application/json', 'X-Auth-Token': '&lt;omitted&gt;'}
        Body: {"os-getConsoleOutput": {}}
    Response - Headers: {'status': '200', 'content-length': '17429', 'x-compute-request-id': 'req-2f54df0e-1261-4c79-92c7-0c584b407c7d', 'vary': 'X-OpenStack-Nova-API-Version', 'connection': 'close', 'x-openstack-nova-api-version': '2.1', 'date': 'Sun, 20 Dec 2015 23:33:16 GMT', 'content-type': 'application/json'}
        Body: {"output": "[    0.000000] Initializing cgroup subsys cpuset\n[    0.000000] Initializing cgroup subsys cpu\n[    0.000000] Linux version 3.2.0-80-virtual (buildd@batsu) (gcc version 4.6.3 (Ubuntu/Linaro 4.6.3-1ubuntu5) ) #116-Ubuntu SMP Mon Mar 23 17:28:52 UTC 2015 (Ubuntu 3.2.0-80.116-virtual 3.2.68)\n[    0.000000] Command line: root=/dev/vda console=tty0 console=ttyS0 no_timer_check\n[    0.000000] KERNEL supported cpus:\n[    0.000000]   Intel GenuineIntel\n[    0.000000]   AMD AuthenticAMD\n[    0.000000]   Centaur CentaurHauls\n[    0.000000] BIOS-provided physical RAM map:\n[    0.000000]  BIOS-e820: 0000000000000000 - 000000000009fc00 (usable)\n[    0.000000]  BIOS-e820: 000000000009fc00 - 00000000000a0000 (reserved)\n[    0.000000]  BIOS-e820: 00000000000f0000 - 0000000000100000 (reserved)\n[    0.000000]  BIOS-e820: 0000000000100000 - 0000000003ffe000 (usable)\n[    0.000000]  BIOS-e820: 0000000003ffe000 - 0000000004000000 (reserved)\n[    0.000000]  BIOS-e820: 00000000fffc0000 - 0000000100000000 (reserved)\n[    0.000000] NX (Execute Disable) protection: active\n[    0.000000] SMBIOS 2.4 present.\n[    0.000000] No AGP bridge found\n[    0.000000] last_pfn = 0x3ffe max_arch_pfn = 0x400000000\n[    0.000000] x86 PAT enabled: cpu 0, old 0x7040600070406, new 0x7010600070106\n[    0.000000] found SMP MP-table at [ffff8800000f0b00] f0b00\n[    0.000000] init_memory_mapping: 0000000000000000-0000000003ffe000\n[    0.000000] RAMDISK: 03c5e000 - 03ff0000\n[    0.000000] ACPI: RSDP 00000000000f0950 00014 (v00 BOCHS )\n[    0.000000] ACPI: RSDT 0000000003fffbc1 00034 (v01 BOCHS  BXPCRSDT 00000001 BXPC 00000001)\n[    0.000000] ACPI: FACP 0000000003fff1c0 00074 (v01 BOCHS  BXPCFACP 00000001 BXPC 00000001)\n[    0.000000] ACPI: DSDT 0000000003ffe040 01180 (v01 BOCHS  BXPCDSDT 00000001 BXPC 00000001)\n[    0.000000] ACPI: FACS 0000000003ffe000 00040\n[    0.000000] ACPI: SSDT 0000000003fff234 008DD (v01 BOCHS  BXPCSSDT 00000001 BXPC 00000001)\n[    0.000000] ACPI: APIC 0000000003fffb11 00078 (v01 BOCHS  BXPCAPIC 00000001 BXPC 00000001)\n[    0.000000] ACPI: HPET 0000000003fffb89 00038 (v01 BOCHS  BXPCHPET 00000001 BXPC 00000001)\n[    0.000000] No NUMA configuration found\n[    0.000000] Faking a node at 0000000000000000-0000000003ffe000\n[    0.000000] Initmem setup node 0 0000000000000000-0000000003ffe000\n[    0.000000]   NODE_DATA [0000000003ff6000 - 0000000003ffafff]\n[    0.000000] Zone PFN ranges:\n[    0.000000]   DMA      0x00000010 -&gt; 0x00001000\n[    0.000000]   DMA32    0x00001000 -&gt; 0x00100000\n[    0.000000]   Normal   empty\n[    0.000000] Movable zone start PFN for each node\n[    0.000000] early_node_map[2] active PFN ranges\n[    0.000000]     0: 0x00000010 -&gt; 0x0000009f\n[    0.000000]     0: 0x00000100 -&gt; 0x00003ffe\n[    0.000000] ACPI: PM-Timer IO Port: 0xb008\n[    0.000000] ACPI: LAPIC (acpi_id[0x00] lapic_id[0x00] enabled)\n[    0.000000] ACPI: LAPIC_NMI (acpi_id[0xff] dfl dfl lint[0x1])\n[    0.000000] ACPI: IOAPIC (id[0x00] address[0xfec00000] gsi_base[0])\n[    0.000000] IOAPIC[0]: apic_id 0, version 17, address 0xfec00000, GSI 0-23\n[    0.000000] ACPI: INT_SRC_OVR (bus 0 bus_irq 0 global_irq 2 dfl dfl)\n[    0.000000] ACPI: INT_SRC_OVR (bus 0 bus_irq 5 global_irq 5 high level)\n[    0.000000] ACPI: INT_SRC_OVR (bus 0 bus_irq 9 global_irq 9 high level)\n[    0.000000] ACPI: INT_SRC_OVR (bus 0 bus_irq 10 global_irq 10 high level)\n[    0.000000] ACPI: INT_SRC_OVR (bus 0 bus_irq 11 global_irq 11 high level)\n[    0.000000] Using ACPI (MADT) for SMP configuration information\n[    0.000000] ACPI: HPET id: 0x8086a201 base: 0xfed00000\n[    0.000000] SMP: Allowing 1 CPUs, 0 hotplug CPUs\n[    0.000000] PM: Registered nosave memory: 000000000009f000 - 00000000000a0000\n[    0.000000] PM: Registered nosave memory: 00000000000a0000 - 00000000000f0000\n[    0.000000] PM: Registered nosave memory: 00000000000f0000 - 0000000000100000\n[    0.000000] Allocating PCI resources starting at 4000000 (gap: 4000000:fbfc0000)\n[    0.000000] Booting paravirtualized kernel on bare hardware\n[    0.000000] setup_pe
2015-12-20 23:33:16,237 20755 DEBUG    [tempest.scenario.manager] Console output for 1b8b54fc-570e-4810-9ec0-1f092d07d3d3
body=
[    0.000000] Initializing cgroup subsys cpuset
[    0.000000] Initializing cgroup subsys cpu
[    0.000000] Linux version 3.2.0-80-virtual (buildd@batsu) (gcc version 4.6.3 (Ubuntu/Linaro 4.6.3-1ubuntu5) ) #116-Ubuntu SMP Mon Mar 23 17:28:52 UTC 2015 (Ubuntu 3.2.0-80.116-virtual 3.2.68)
[    0.000000] Command line: root=/dev/vda console=tty0 console=ttyS0 no_timer_check
[    0.000000] KERNEL supported cpus:
[    0.000000]   Intel GenuineIntel
[    0.000000]   AMD AuthenticAMD
[    0.000000]   Centaur CentaurHauls
[    0.000000] BIOS-provided physical RAM map:
[    0.000000]  BIOS-e820: 0000000000000000 - 000000000009fc00 (usable)
[    0.000000]  BIOS-e820: 000000000009fc00 - 00000000000a0000 (reserved)
[    0.000000]  BIOS-e820: 00000000000f0000 - 0000000000100000 (reserved)
[    0.000000]  BIOS-e820: 0000000000100000 - 0000000003ffe000 (usable)
[    0.000000]  BIOS-e820: 0000000003ffe000 - 0000000004000000 (reserved)
[    0.000000]  BIOS-e820: 00000000fffc0000 - 0000000100000000 (reserved)
[    0.000000] NX (Execute Disable) protection: active
[    0.000000] SMBIOS 2.4 present.
[    0.000000] No AGP bridge found
[    0.000000] last_pfn = 0x3ffe max_arch_pfn = 0x400000000
[    0.000000] x86 PAT enabled: cpu 0, old 0x7040600070406, new 0x7010600070106
[    0.000000] found SMP MP-table at [ffff8800000f0b00] f0b00
[    0.000000] init_memory_mapping: 0000000000000000-0000000003ffe000
[    0.000000] RAMDISK: 03c5e000 - 03ff0000
[    0.000000] ACPI: RSDP 00000000000f0950 00014 (v00 BOCHS )
[    0.000000] ACPI: RSDT 0000000003fffbc1 00034 (v01 BOCHS  BXPCRSDT 00000001 BXPC 00000001)
[    0.000000] ACPI: FACP 0000000003fff1c0 00074 (v01 BOCHS  BXPCFACP 00000001 BXPC 00000001)
[    0.000000] ACPI: DSDT 0000000003ffe040 01180 (v01 BOCHS  BXPCDSDT 00000001 BXPC 00000001)
[    0.000000] ACPI: FACS 0000000003ffe000 00040
[    0.000000] ACPI: SSDT 0000000003fff234 008DD (v01 BOCHS  BXPCSSDT 00000001 BXPC 00000001)
[    0.000000] ACPI: APIC 0000000003fffb11 00078 (v01 BOCHS  BXPCAPIC 00000001 BXPC 00000001)
[    0.000000] ACPI: HPET 0000000003fffb89 00038 (v01 BOCHS  BXPCHPET 00000001 BXPC 00000001)
[    0.000000] No NUMA configuration found
[    0.000000] Faking a node at 0000000000000000-0000000003ffe000
[    0.000000] Initmem setup node 0 0000000000000000-0000000003ffe000
[    0.000000]   NODE_DATA [0000000003ff6000 - 0000000003ffafff]
[    0.000000] Zone PFN ranges:
[    0.000000]   DMA      0x00000010 -&gt; 0x00001000
[    0.000000]   DMA32    0x00001000 -&gt; 0x00100000
[    0.000000]   Normal   empty
[    0.000000] Movable zone start PFN for each node
[    0.000000] early_node_map[2] active PFN ranges
[    0.000000]     0: 0x00000010 -&gt; 0x0000009f
[    0.000000]     0: 0x00000100 -&gt; 0x00003ffe
[    0.000000] ACPI: PM-Timer IO Port: 0xb008
[    0.000000] ACPI: LAPIC (acpi_id[0x00] lapic_id[0x00] enabled)
[    0.000000] ACPI: LAPIC_NMI (acpi_id[0xff] dfl dfl lint[0x1])
[    0.000000] ACPI: IOAPIC (id[0x00] address[0xfec00000] gsi_base[0])
[    0.000000] IOAPIC[0]: apic_id 0, version 17, address 0xfec00000, GSI 0-23
[    0.000000] ACPI: INT_SRC_OVR (bus 0 bus_irq 0 global_irq 2 dfl dfl)
[    0.000000] ACPI: INT_SRC_OVR (bus 0 bus_irq 5 global_irq 5 high level)
[    0.000000] ACPI: INT_SRC_OVR (bus 0 bus_irq 9 global_irq 9 high level)
[    0.000000] ACPI: INT_SRC_OVR (bus 0 bus_irq 10 global_irq 10 high level)
[    0.000000] ACPI: INT_SRC_OVR (bus 0 bus_irq 11 global_irq 11 high level)
[    0.000000] Using ACPI (MADT) for SMP configuration information
[    0.000000] ACPI: HPET id: 0x8086a201 base: 0xfed00000
[    0.000000] SMP: Allowing 1 CPUs, 0 hotplug CPUs
[    0.000000] PM: Registered nosave memory: 000000000009f000 - 00000000000a0000
[    0.000000] PM: Registered nosave memory: 00000000000a0000 - 00000000000f0000
[    0.000000] PM: Registered nosave memory: 00000000000f0000 - 0000000000100000
[    0.000000] Allocating PCI resources starting at 4000000 (gap: 4000000:fbfc0000)
[    0.000000] Booting paravirtualized kernel on bare hardware
[    0.000000] setup_percpu: NR_CPUS:64 nr_cpumask_bits:64 nr_cpu_ids:1 nr_node_ids:1
[    0.000000] PERCPU: Embedded 27 pages/cpu @ffff880003a00000 s78848 r8192 d23552 u2097152
[    0.000000] Built 1 zonelists in Node order, mobility grouping on.  Total pages: 16008
[    0.000000] Policy zone: DMA32
[    0.000000] Kernel command line: root=/dev/vda console=tty0 console=ttyS0 no_timer_check
[    0.000000] PID hash table entries: 256 (order: -1, 2048 bytes)
[    0.000000] Checking aperture...
[    0.000000] No AGP bridge found
[    0.000000] Memory: 43492k/65528k available (6576k kernel code, 452k absent, 21584k reserved, 6620k data, 928k init)
[    0.000000] SLUB: Genslabs=15, HWalign=64, Order=0-3, MinObjects=0, CPUs=1, Nodes=1
[    0.000000] Hierarchical RCU implementation.
[    0.000000] 	RCU dyntick-idle grace-period acceleration is enabled.
[    0.000000] NR_IRQS:4352 nr_irqs:256 16
[    0.000000] Console: colour VGA+ 80x25
[    0.000000] console [tty0] enabled
[    0.000000] console [ttyS0] enabled
[    0.000000] allocated 1048576 bytes of page_cgroup
[    0.000000] please try 'cgroup_disable=memory' option if you don't want memory cgroups
[    0.000000] Fast TSC calibration failed
[    0.000000] TSC: Unable to calibrate against PIT
[    0.000000] TSC: using HPET reference calibration
[    0.000000] Detected 2294.333 MHz processor.
[    0.032971] Calibrating delay loop (skipped), value calculated using timer frequency.. 4588.66 BogoMIPS (lpj=9177332)
[    0.036217] pid_max: default: 32768 minimum: 301
[    0.045220] Security Framework initialized
[    0.050413] AppArmor: AppArmor initialized
[    0.051049] Yama: becoming mindful.
[    0.057538] Dentry cache hash table entries: 8192 (order: 4, 65536 bytes)
[    0.060111] Inode-cache hash table entries: 4096 (order: 3, 32768 bytes)
[    0.061535] Mount-cache hash table entries: 256
[    0.077256] Initializing cgroup subsys cpuacct
[    0.078177] Initializing cgroup subsys memory
[    0.080189] Initializing cgroup subsys devices
[    0.080997] Initializing cgroup subsys freezer
[    0.081653] Initializing cgroup subsys blkio
[    0.082422] Initializing cgroup subsys perf_event
[    0.090771] mce: CPU supports 10 MCE banks
[    0.100455] SMP alternatives: switching to UP code
[    0.534497] Freeing SMP alternatives: 24k freed
[    0.537464] ACPI: Core revision 20110623
[    0.588624] ftrace: allocating 26610 entries in 105 pages
[    0.624038] ..TIMER: vector=0x30 apic1=0 pin1=2 apic2=-1 pin2=-1
[    0.624138] CPU0: AMD QEMU Virtual CPU version 2.0.0 stepping 03
[    0.632038] Performance Events: Broken PMU hardware detected, using software events only.
[    0.642944] NMI watchdog disabled (cpu0): hardware events not enabled
[    0.644860] Brought up 1 CPUs
[    0.645568] Total of 1 processors activated (4588.66 BogoMIPS).
[    0.670422] devtmpfs: initialized
[    0.698695] EVM: security.selinux
[    0.699204] EVM: security.SMACK64
[    0.699805] EVM: security.capability
[    0.718215] print_constraints: dummy: 
[    0.720314] RTC time: 23:31:16, date: 12/20/15
[    0.722750] NET: Registered protocol family 16
[    0.731719] ACPI: bus type pci registered
[    0.734689] PCI: Using configuration type 1 for base access
[    0.763185] bio: create slab &lt;bio-0&gt; at 0
[    0.768394] ACPI: Added _OSI(Module Device)
[    0.768994] ACPI: Added _OSI(Processor Device)
[    0.769562] ACPI: Added _OSI(3.0 _SCP Extensions)
[    0.770123] ACPI: Added _OSI(Processor Aggregator Device)
[    0.841784] ACPI: Interpreter enabled
[    0.842390] ACPI: (supports S0 S3 S4 S5)
[    0.844649] ACPI: Using IOAPIC for interrupt routing
[    0.915031] ACPI: No dock devices found.
[    0.916173] HEST: Table not found.
[    0.916734] PCI: Using host bridge windows from ACPI; if necessary, use "pci=nocrs" and report a bug
[    0.922639] ACPI: PCI Root Bridge [PCI0] (domain 0000 [bus 00-ff])
[    0.928623] pci_root PNP0A03:00: host bridge window [io  0x0000-0x0cf7]
[    0.929448] pci_root PNP0A03:00: host bridge window [io  0x0d00-0xadff]
[    0.930328] pci_root PNP0A03:00: host bridge window [io  0xae0f-0xaeff]
[    0.932110] pci_root PNP0A03:00: host bridge window [io  0xaf20-0xafdf]
[    0.933059] pci_root PNP0A03:00: host bridge window [io  0xafe4-0xffff]
[    0.933943] pci_root PNP0A03:00: host bridge window [mem 0x000a0000-0x000bffff]
[    0.934911] pci_root PNP0A03:00: host bridge window [mem 0x04000000-0xfebfffff]
[    0.956396] pci 0000:00:01.3: quirk: [io  0xb000-0xb03f] claimed by PIIX4 ACPI
[    0.957195] pci 0000:00:01.3: quirk: [io  0xb100-0xb10f] claimed by PIIX4 SMB
[    1.024748]  pci0000:00: Unable to request _OSC control (_OSC support mask: 0x1e)
[    1.087187] ACPI: PCI Interrupt Link [LNKA] (IRQs 5 *10 11)
[    1.089789] ACPI: PCI Interrupt Link [LNKB] (IRQs 5 *10 11)
[    1.092998] ACPI: PCI Interrupt Link [LNKC] (IRQs 5 10 *11)
[    1.094793] ACPI: PCI Interrupt Link [LNKD] (IRQs 5 10 *11)
[    1.096802] ACPI: PCI Interrupt Link [LNKS] (IRQs *9)
[    1.103325] vgaarb: device added: PCI:0000:00:02.0,decodes=io+mem,owns=io+mem,locks=none
[    1.104207] vgaarb: loaded
[    1.104675] vgaarb: bridge control possible 0000:00:02.0
[    1.109663] i2c-core: driver [aat2870] using legacy suspend method
[    1.110408] i2c-core: driver [aat2870] using legacy resume method
[    1.113543] SCSI subsystem initialized
[    1.117117] usbcore: registered new interface driver usbfs
[    1.118398] usbcore: registered new interface driver hub
[    1.120573] usbcore: registered new device driver usb
[    1.124879] PCI: Using ACPI for IRQ routing
[    1.134579] NetLabel: Initializing
[    1.134980] NetLabel:  domain hash size = 128
[    1.136134] NetLabel:  protocols = UNLABELED CIPSOv4
[    1.137922] NetLabel:  unlabeled traffic allowed by default
[    1.140453] HPET: 3 timers in total, 0 timers will be used for per-cpu timer
[    1.141604] hpet0: at MMIO 0xfed00000, IRQs 2, 8, 0
[    1.142394] hpet0: 3 comparators, 64-bit 100.000000 MHz counter
[    1.158891] Switching to clocksource hpet
[    1.404162] AppArmor: AppArmor Filesystem Enabled
[    1.407093] pnp: PnP ACPI init
[    1.407686] ACPI: bus type pnp registered
[    1.430320] pnp: PnP ACPI: found 9 devices
[    1.431069] ACPI: ACPI bus type pnp unregistered
[    1.493947] NET: Registered protocol family 2
[    1.529565] IP route cache hash table entries: 512 (order: 0, 4096 bytes)
[    1.535957] TCP established hash table entries: 2048 (order: 3, 32768 bytes)
[    1.538031] TCP bind hash table entries: 2048 (order: 3, 32768 bytes)
[    1.539395] TCP: Hash tables configured (established 2048 bind 2048)
[    1.541007] TCP reno registered
[    1.541555] UDP hash table entries: 128 (order: 0, 4096 bytes)
[    1.542355] UDP-Lite hash table entries: 128 (order: 0, 4096 bytes)
[    1.545395] NET: Registered protocol family 1
[    1.546243] pci 0000:00:00.0: Limiting direct PCI/PCI transfers
[    1.547124] pci 0000:00:01.0: PIIX3: Enabling Passive Release
[    1.547991] pci 0000:00:01.0: Activating ISA DMA hang workarounds
[    1.553816] ACPI: PCI Interrupt Link [LNKD] enabled at IRQ 11
[    1.555177] pci 0000:00:01.2: PCI INT D -&gt; Link[LNKD] -&gt; GSI 11 (level, high) -&gt; IRQ 11
[    1.557915] pci 0000:00:01.2: PCI INT D disabled
[    1.575385] Trying to unpack rootfs image as initramfs...
[    1.602206] audit: initializing netlink socket (disabled)
[    1.603881] type=2000 audit(1450654276.600:1): initialized
[    1.887534] HugeTLB registered 2 MB page size, pre-allocated 0 pages
[    1.971615] VFS: Disk quotas dquot_6.5.2
[    1.973852] Dquot-cache hash table entries: 512 (order 0, 4096 bytes)
[    1.989107] fuse init (API version 7.17)
[    1.993284] msgmni has been set to 84
[    2.031382] Block layer SCSI generic (bsg) driver version 0.4 loaded (major 253)
[    2.042474] io scheduler noop registered
[    2.043302] io scheduler deadline registered (default)
[    2.045448] io scheduler cfq registered
[    2.049784] pci_hotplug: PCI Hot Plug PCI Core version: 0.5
[    2.051177] pciehp: PCI Express Hot Plug Controller Driver version: 0.4
[    2.062502] input: Power Button as /devices/LNXSYSTM:00/LNXPWRBN:00/input/input0
[    2.066397] ACPI: Power Button [PWRF]
[    2.138156] ERST: Table is not found!
[    2.138891] GHES: HEST is not enabled!
[    2.147043] ACPI: PCI Interrupt Link [LNKC] enabled at IRQ 10
[    2.147805] virtio-pci 0000:00:03.0: PCI INT A -&gt; Link[LNKC] -&gt; GSI 10 (level, high) -&gt; IRQ 10
[    2.151801] virtio-pci 0000:00:04.0: PCI INT A -&gt; Link[LNKD] -&gt; GSI 11 (level, high) -&gt; IRQ 11
[    2.162075] ACPI: PCI Interrupt Link [LNKA] enabled at IRQ 10
[    2.163840] virtio-pci 0000:00:05.0: PCI INT A -&gt; Link[LNKA] -&gt; GSI 10 (level, high) -&gt; IRQ 10
[    2.183029] Serial: 8250/16550 driver, 32 ports, IRQ sharing enabled
[    2.226657] serial8250: ttyS0 at I/O 0x3f8 (irq = 4) is a 16550A
[    2.315492] serial8250: ttyS1 at I/O 0x2f8 (irq = 3) is a 16550A
[    2.452310] 00:05: ttyS0 at I/O 0x3f8 (irq = 4) is a 16550A
[    2.541751] 00:06: ttyS1 at I/O 0x2f8 (irq = 3) is a 16550A
[    2.561431] Refined TSC clocksource calibration: 2294.434 MHz.
[    2.562201] Switching to clocksource tsc
[    2.586454] Linux agpgart interface v0.103
[    2.651258] brd: module loaded
[    2.682878] loop: module loaded
[    2.749830]  vda: unknown partition table
[    2.807711] scsi0 : ata_piix
[    2.817948] scsi1 : ata_piix
[    2.819646] ata1: PATA max MWDMA2 cmd 0x1f0 ctl 0x3f6 bmdma 0xc0a0 irq 14
[    2.821277] ata2: PATA max MWDMA2 cmd 0x170 ctl 0x376 bmdma 0xc0a8 irq 15
[    2.833642] Fixed MDIO Bus: probed
[    2.834368] tun: Universal TUN/TAP device driver, 1.6
[    2.835197] tun: (C) 1999-2004 Max Krasnyansky &lt;maxk@qualcomm.com&gt;
[    2.853660] PPP generic driver version 2.4.2
[    2.875865] ehci_hcd: USB 2.0 'Enhanced' Host Controller (EHCI) Driver
[    2.877669] ohci_hcd: USB 1.1 'Open' Host Controller (OHCI) Driver
[    2.878624] uhci_hcd: USB Universal Host Controller Interface driver
[    2.879761] uhci_hcd 0000:00:01.2: PCI INT D -&gt; Link[LNKD] -&gt; GSI 11 (level, high) -&gt; IRQ 11
[    2.882556] uhci_hcd 0000:00:01.2: UHCI Host Controller
[    2.894370] uhci_hcd 0000:00:01.2: new USB bus registered, assigned bus number 1
[    2.896150] uhci_hcd 0000:00:01.2: irq 11, io base 0x0000c040
[    2.926896] hub 1-0:1.0: USB hub found
[    2.927889] hub 1-0:1.0: 2 ports detected
[    2.942135] usbcore: registered new interface driver libusual
[    2.946483] i8042: PNP: PS/2 Controller [PNP0303:KBD,PNP0f13:MOU] at 0x60,0x64 irq 1,12
[    2.953974] serio: i8042 KBD port at 0x60,0x64 irq 1
[    2.957049] serio: i8042 AUX port at 0x60,0x64 irq 12
[    2.999520] mousedev: PS/2 mouse device common for all mice
[    3.018939] input: AT Translated Set 2 keyboard as /devices/platform/i8042/serio0/input/input1
[    3.029252] rtc_cmos 00:01: RTC can wake from S4
[    3.042469] rtc_cmos 00:01: rtc core: registered rtc_cmos as rtc0
[    3.045832] rtc0: alarms up to one day, 114 bytes nvram, hpet irqs
[    3.050107] device-mapper: uevent: version 1.0.3
[    3.083908] ata2.01: ATAPI: QEMU DVD-ROM, 2.0.0, max UDMA/100
[    3.109938] device-mapper: ioctl: 4.22.0-ioctl (2011-10-19) initialised: dm-devel@redhat.com
[    3.114768] cpuidle: using governor ladder
[    3.115744] cpuidle: using governor menu
[    3.121594] EFI Variables Facility v0.08 2004-May-17
[    3.133678] TCP cubic registered
[    3.138404] NET: Registered protocol family 10
[    3.158134] NET: Registered protocol family 17
[    3.159936] Registering the dns_resolver key type
[    3.167666] ata2.01: configured for MWDMA2
[    3.196826] scsi 1:0:1:0: CD-ROM            QEMU     QEMU DVD-ROM     2.0. PQ: 0 ANSI: 5
[    3.217019] sr0: scsi3-mmc drive: 4x/4x cd/rw xa/form2 tray
[    3.218697] cdrom: Uniform CD-ROM driver Revision: 3.20
[    3.243960] sr 1:0:1:0: Attached scsi generic sg0 type 5
[    3.278413] registered taskstats version 1
[    3.382302] Freeing initrd memory: 3656k freed
[    3.833371]   Magic number: 11:459:555
[    3.848477] rtc_cmos 00:01: setting system clock to 2015-12-20 23:31:19 UTC (1450654279)
[    3.854150] powernow-k8: Processor cpuid 663 not supported
[    3.864465] BIOS EDD facility v0.16 2004-Jun-25, 0 devices found
[    3.868571] EDD information not available.
[    3.948112] Freeing unused kernel memory: 928k freed
[    3.955286] Write protecting the kernel read-only data: 12288k
[    4.075476] Freeing unused kernel memory: 1596k freed
[    4.151013] Freeing unused kernel memory: 1184k freed

info: initramfs: up at 4.33
modprobe: module virtio_blk not found in modules.dep
modprobe: module virtio_net not found in modules.dep
info: copying initramfs to /dev/vda
info: initramfs loading root from /dev/vda
info: /etc/init.d/rc.sysinit: up at 9.16
info: container: none
Starting logging: OK
modprobe: module virtio_blk not found in modules.dep
modprobe: module virtio_net not found in modules.dep
WARN: /etc/rc3.d/S10-load-modules failed
Initializing random number generator... done.
Starting acpid: OK
cirros-ds 'local' up at 11.75
found datasource (configdrive, local)
Starting network...
udhcpc (v1.20.1) started
Sending discover...
Sending discover...

2015-12-20 23:33:16,444 20755 INFO     [tempest_lib.common.rest_client] Request (TestNetworkAdvancedServerOps:_run_cleanups): 204 DELETE http://10.0.2.15:9696/v2.0/floatingips/120972a3-a70a-4417-a2e6-ac72cdc354d8 0.201s
2015-12-20 23:33:16,444 20755 DEBUG    [tempest_lib.common.rest_client] Request - Headers: {'Content-Type': 'application/json', 'Accept': 'application/json', 'X-Auth-Token': '&lt;omitted&gt;'}
        Body: None
    Response - Headers: {'date': 'Sun, 20 Dec 2015 23:33:16 GMT', 'status': '204', 'connection': 'close', 'content-length': '0', 'x-openstack-request-id': 'req-a52c99fa-e720-4b8f-972c-a801b4c5c32b'}
        Body: 
2015-12-20 23:33:16,671 20755 INFO     [tempest_lib.common.rest_client] Request (TestNetworkAdvancedServerOps:_run_cleanups): 204 DELETE http://10.0.2.15:8774/v2.1/6264facf10a64187b858e2883bb8a9ba/servers/1b8b54fc-570e-4810-9ec0-1f092d07d3d3 0.226s
2015-12-20 23:33:16,672 20755 DEBUG    [tempest_lib.common.rest_client] Request - Headers: {'Content-Type': 'application/json', 'Accept': 'application/json', 'X-Auth-Token': '&lt;omitted&gt;'}
        Body: None
    Response - Headers: {'status': '204', 'content-length': '0', 'x-compute-request-id': 'req-cfb6c152-cb67-4dfa-92a0-c224298e7f59', 'vary': 'X-OpenStack-Nova-API-Version', 'connection': 'close', 'x-openstack-nova-api-version': '2.1', 'date': 'Sun, 20 Dec 2015 23:33:16 GMT', 'content-type': 'application/json'}
        Body: 
2015-12-20 23:33:16,858 20755 INFO     [tempest_lib.common.rest_client] Request (TestNetworkAdvancedServerOps:_run_cleanups): 200 GET http://10.0.2.15:8774/v2.1/6264facf10a64187b858e2883bb8a9ba/servers/1b8b54fc-570e-4810-9ec0-1f092d07d3d3 0.184s
2015-12-20 23:33:16,858 20755 DEBUG    [tempest_lib.common.rest_client] Request - Headers: {'Content-Type': 'application/json', 'Accept': 'application/json', 'X-Auth-Token': '&lt;omitted&gt;'}
        Body: None
    Response - Headers: {'status': '200', 'content-length': '1785', 'content-location': 'http://10.0.2.15:8774/v2.1/6264facf10a64187b858e2883bb8a9ba/servers/1b8b54fc-570e-4810-9ec0-1f092d07d3d3', 'x-compute-request-id': 'req-ca46b4dc-cbf1-4947-87d1-26a942ab394c', 'vary': 'X-OpenStack-Nova-API-Version', 'connection': 'close', 'x-openstack-nova-api-version': '2.1', 'date': 'Sun, 20 Dec 2015 23:33:16 GMT', 'content-type': 'application/json'}
        Body: {"server": {"status": "ACTIVE", "updated": "2015-12-20T23:33:16Z", "hostId": "4a00d9b4667f0a5083c7e879379f99b43bdbf9c42d884340d9941c62", "addresses": {"tempest-network-smoke--903179205": [{"OS-EXT-IPS-MAC:mac_addr": "fa:16:3e:57:7c:e3", "version": 4, "addr": "10.100.0.3", "OS-EXT-IPS:type": "fixed"}, {"OS-EXT-IPS-MAC:mac_addr": "fa:16:3e:57:7c:e3", "version": 4, "addr": "172.24.4.4", "OS-EXT-IPS:type": "floating"}]}, "links": [{"href": "http://10.0.2.15:8774/v2.1/6264facf10a64187b858e2883bb8a9ba/servers/1b8b54fc-570e-4810-9ec0-1f092d07d3d3", "rel": "self"}, {"href": "http://10.0.2.15:8774/6264facf10a64187b858e2883bb8a9ba/servers/1b8b54fc-570e-4810-9ec0-1f092d07d3d3", "rel": "bookmark"}], "key_name": "tempest-TestNetworkAdvancedServerOps-1246818568", "image": {"id": "489bc550-afac-47df-83d6-3aa0362317c3", "links": [{"href": "http://10.0.2.15:8774/6264facf10a64187b858e2883bb8a9ba/images/489bc550-afac-47df-83d6-3aa0362317c3", "rel": "bookmark"}]}, "OS-EXT-STS:task_state": "deleting", "OS-EXT-STS:vm_state": "active", "OS-SRV-USG:launched_at": "2015-12-20T23:31:13.000000", "flavor": {"id": "42", "links": [{"href": "http://10.0.2.15:8774/6264facf10a64187b858e2883bb8a9ba/flavors/42", "rel": "bookmark"}]}, "id": "1b8b54fc-570e-4810-9ec0-1f092d07d3d3", "security_groups": [{"name": "tempest-secgroup-smoke-1781066487"}], "OS-SRV-USG:terminated_at": null, "OS-EXT-AZ:availability_zone": "nova", "user_id": "3a282a42ac5d43399f48e6414bba4d0a", "name": "tempest.common.compute-instance-1590740837", "created": "2015-12-20T23:31:09Z", "tenant_id": "6264facf10a64187b858e2883bb8a9ba", "OS-DCF:diskConfig": "MANUAL", "os-extended-volumes:volumes_attached": [], "accessIPv4": "", "accessIPv6": "", "progress": 0, "OS-EXT-STS:power_state": 1, "config_drive": "True", "metadata": {}}}
2015-12-20 23:33:17,997 20755 INFO     [tempest_lib.common.rest_client] Request (TestNetworkAdvancedServerOps:_run_cleanups): 200 GET http://10.0.2.15:8774/v2.1/6264facf10a64187b858e2883bb8a9ba/servers/1b8b54fc-570e-4810-9ec0-1f092d07d3d3 0.127s
2015-12-20 23:33:17,998 20755 DEBUG    [tempest_lib.common.rest_client] Request - Headers: {'Content-Type': 'application/json', 'Accept': 'application/json', 'X-Auth-Token': '&lt;omitted&gt;'}
        Body: None
    Response - Headers: {'status': '200', 'content-length': '1450', 'content-location': 'http://10.0.2.15:8774/v2.1/6264facf10a64187b858e2883bb8a9ba/servers/1b8b54fc-570e-4810-9ec0-1f092d07d3d3', 'x-compute-request-id': 'req-4f3c97c0-5350-43a6-a214-260a321fe6c1', 'vary': 'X-OpenStack-Nova-API-Version', 'connection': 'close', 'x-openstack-nova-api-version': '2.1', 'date': 'Sun, 20 Dec 2015 23:33:17 GMT', 'content-type': 'application/json'}
        Body: {"server": {"status": "ACTIVE", "updated": "2015-12-20T23:33:17Z", "hostId": "4a00d9b4667f0a5083c7e879379f99b43bdbf9c42d884340d9941c62", "addresses": {}, "links": [{"href": "http://10.0.2.15:8774/v2.1/6264facf10a64187b858e2883bb8a9ba/servers/1b8b54fc-570e-4810-9ec0-1f092d07d3d3", "rel": "self"}, {"href": "http://10.0.2.15:8774/6264facf10a64187b858e2883bb8a9ba/servers/1b8b54fc-570e-4810-9ec0-1f092d07d3d3", "rel": "bookmark"}], "key_name": "tempest-TestNetworkAdvancedServerOps-1246818568", "image": {"id": "489bc550-afac-47df-83d6-3aa0362317c3", "links": [{"href": "http://10.0.2.15:8774/6264facf10a64187b858e2883bb8a9ba/images/489bc550-afac-47df-83d6-3aa0362317c3", "rel": "bookmark"}]}, "OS-EXT-STS:task_state": "deleting", "OS-EXT-STS:vm_state": "active", "OS-SRV-USG:launched_at": "2015-12-20T23:31:13.000000", "flavor": {"id": "42", "links": [{"href": "http://10.0.2.15:8774/6264facf10a64187b858e2883bb8a9ba/flavors/42", "rel": "bookmark"}]}, "id": "1b8b54fc-570e-4810-9ec0-1f092d07d3d3", "OS-SRV-USG:terminated_at": null, "OS-EXT-AZ:availability_zone": "nova", "user_id": "3a282a42ac5d43399f48e6414bba4d0a", "name": "tempest.common.compute-instance-1590740837", "created": "2015-12-20T23:31:09Z", "tenant_id": "6264facf10a64187b858e2883bb8a9ba", "OS-DCF:diskConfig": "MANUAL", "os-extended-volumes:volumes_attached": [], "accessIPv4": "", "accessIPv6": "", "progress": 0, "OS-EXT-STS:power_state": 1, "config_drive": "True", "metadata": {}}}
2015-12-20 23:33:19,095 20755 INFO     [tempest_lib.common.rest_client] Request (TestNetworkAdvancedServerOps:_run_cleanups): 404 GET http://10.0.2.15:8774/v2.1/6264facf10a64187b858e2883bb8a9ba/servers/1b8b54fc-570e-4810-9ec0-1f092d07d3d3 0.084s
2015-12-20 23:33:19,095 20755 DEBUG    [tempest_lib.common.rest_client] Request - Headers: {'Content-Type': 'application/json', 'Accept': 'application/json', 'X-Auth-Token': '&lt;omitted&gt;'}
        Body: None
    Response - Headers: {'status': '404', 'content-length': '111', 'x-compute-request-id': 'req-d639fb3f-6e7f-4d32-9741-8b6c89845af6', 'vary': 'X-OpenStack-Nova-API-Version', 'connection': 'close', 'x-openstack-nova-api-version': '2.1', 'date': 'Sun, 20 Dec 2015 23:33:19 GMT', 'content-type': 'application/json; charset=UTF-8'}
        Body: {"itemNotFound": {"message": "Instance 1b8b54fc-570e-4810-9ec0-1f092d07d3d3 could not be found.", "code": 404}}
2015-12-20 23:33:19,450 20755 INFO     [tempest_lib.common.rest_client] Request (TestNetworkAdvancedServerOps:_run_cleanups): 200 PUT http://10.0.2.15:9696/v2.0/routers/87ac7dd8-afd7-4f72-bd22-27eb7d6154b9/remove_router_interface 0.354s
2015-12-20 23:33:19,451 20755 DEBUG    [tempest_lib.common.rest_client] Request - Headers: {'Content-Type': 'application/json', 'Accept': 'application/json', 'X-Auth-Token': '&lt;omitted&gt;'}
        Body: {"subnet_id": "cb04bbd7-3307-4436-a170-a8983e59a102"}
    Response - Headers: {'status': '200', 'content-length': '255', 'connection': 'close', 'date': 'Sun, 20 Dec 2015 23:33:19 GMT', 'content-type': 'application/json; charset=UTF-8', 'x-openstack-request-id': 'req-0af5b8f0-9d62-4ff8-bb9d-61e21d912b04'}
        Body: {"subnet_id": "cb04bbd7-3307-4436-a170-a8983e59a102", "tenant_id": "6264facf10a64187b858e2883bb8a9ba", "subnet_ids": ["cb04bbd7-3307-4436-a170-a8983e59a102"], "port_id": "1cd03f19-e71f-4846-836f-15afb40e871c", "id": "87ac7dd8-afd7-4f72-bd22-27eb7d6154b9"}
2015-12-20 23:33:20,000 20755 INFO     [tempest_lib.common.rest_client] Request (TestNetworkAdvancedServerOps:_run_cleanups): 204 DELETE http://10.0.2.15:9696/v2.0/subnets/cb04bbd7-3307-4436-a170-a8983e59a102 0.549s
2015-12-20 23:33:20,001 20755 DEBUG    [tempest_lib.common.rest_client] Request - Headers: {'Content-Type': 'application/json', 'Accept': 'application/json', 'X-Auth-Token': '&lt;omitted&gt;'}
        Body: None
    Response - Headers: {'date': 'Sun, 20 Dec 2015 23:33:19 GMT', 'status': '204', 'connection': 'close', 'content-length': '0', 'x-openstack-request-id': 'req-b2ce196c-3031-4a4f-806f-504821ea21d8'}
        Body: 
2015-12-20 23:33:20,045 20755 INFO     [tempest_lib.common.rest_client] Request (TestNetworkAdvancedServerOps:_run_cleanups): 200 GET http://10.0.2.15:9696/v2.0/routers/87ac7dd8-afd7-4f72-bd22-27eb7d6154b9 0.043s
2015-12-20 23:33:20,045 20755 DEBUG    [tempest_lib.common.rest_client] Request - Headers: {'Content-Type': 'application/json', 'Accept': 'application/json', 'X-Auth-Token': '&lt;omitted&gt;'}
        Body: None
    Response - Headers: {'status': '200', 'content-length': '500', 'content-location': 'http://10.0.2.15:9696/v2.0/routers/87ac7dd8-afd7-4f72-bd22-27eb7d6154b9', 'connection': 'close', 'date': 'Sun, 20 Dec 2015 23:33:20 GMT', 'content-type': 'application/json; charset=UTF-8', 'x-openstack-request-id': 'req-8b1f43ca-5290-4012-9035-d540345ec593'}
        Body: {"router": {"status": "ACTIVE", "external_gateway_info": {"network_id": "2d470808-de13-489c-b15e-c175f236c874", "enable_snat": true, "external_fixed_ips": [{"subnet_id": "90f42ded-380a-4cca-a2d3-76b8bfd936d5", "ip_address": "172.24.4.3"}, {"subnet_id": "4b9b336b-3709-455e-bfac-0b92a4765176", "ip_address": "2001:db8::3"}]}, "name": "tempest-router-smoke-464043078", "admin_state_up": true, "tenant_id": "6264facf10a64187b858e2883bb8a9ba", "routes": [], "id": "87ac7dd8-afd7-4f72-bd22-27eb7d6154b9"}}
2015-12-20 23:33:20,373 20755 INFO     [tempest_lib.common.rest_client] Request (TestNetworkAdvancedServerOps:_run_cleanups): 200 PUT http://10.0.2.15:9696/v2.0/routers/87ac7dd8-afd7-4f72-bd22-27eb7d6154b9 0.327s
2015-12-20 23:33:20,374 20755 DEBUG    [tempest_lib.common.rest_client] Request - Headers: {'Content-Type': 'application/json', 'Accept': 'application/json', 'X-Auth-Token': '&lt;omitted&gt;'}
        Body: {"router": {"external_gateway_info": {}, "name": "tempest-router-smoke-464043078", "admin_state_up": true}}
    Response - Headers: {'status': '200', 'content-length': '238', 'connection': 'close', 'date': 'Sun, 20 Dec 2015 23:33:20 GMT', 'content-type': 'application/json; charset=UTF-8', 'x-openstack-request-id': 'req-58180e22-a72a-4d36-9824-688f415123c8'}
        Body: {"router": {"status": "ACTIVE", "external_gateway_info": null, "name": "tempest-router-smoke-464043078", "admin_state_up": true, "tenant_id": "6264facf10a64187b858e2883bb8a9ba", "routes": [], "id": "87ac7dd8-afd7-4f72-bd22-27eb7d6154b9"}}
2015-12-20 23:33:20,595 20755 INFO     [tempest_lib.common.rest_client] Request (TestNetworkAdvancedServerOps:_run_cleanups): 204 DELETE http://10.0.2.15:9696/v2.0/routers/87ac7dd8-afd7-4f72-bd22-27eb7d6154b9 0.220s
2015-12-20 23:33:20,595 20755 DEBUG    [tempest_lib.common.rest_client] Request - Headers: {'Content-Type': 'application/json', 'Accept': 'application/json', 'X-Auth-Token': '&lt;omitted&gt;'}
        Body: None
    Response - Headers: {'date': 'Sun, 20 Dec 2015 23:33:20 GMT', 'status': '204', 'connection': 'close', 'content-length': '0', 'x-openstack-request-id': 'req-5103eebb-bff9-4962-9ffb-1d8ee45581b8'}
        Body: 
2015-12-20 23:33:20,858 20755 INFO     [tempest_lib.common.rest_client] Request (TestNetworkAdvancedServerOps:_run_cleanups): 204 DELETE http://10.0.2.15:9696/v2.0/networks/226378e1-3fae-4937-ba69-1fad5c3e4d9b 0.262s
2015-12-20 23:33:20,859 20755 DEBUG    [tempest_lib.common.rest_client] Request - Headers: {'Content-Type': 'application/json', 'Accept': 'application/json', 'X-Auth-Token': '&lt;omitted&gt;'}
        Body: None
    Response - Headers: {'date': 'Sun, 20 Dec 2015 23:33:20 GMT', 'status': '204', 'connection': 'close', 'content-length': '0', 'x-openstack-request-id': 'req-f5b5310d-e236-4193-a0cd-5ff61cabfeb3'}
        Body: 
2015-12-20 23:33:20,916 20755 INFO     [tempest_lib.common.rest_client] Request (TestNetworkAdvancedServerOps:_run_cleanups): 204 DELETE http://10.0.2.15:9696/v2.0/security-group-rules/3450e484-6d66-4749-8ff5-25f578169da5 0.054s
2015-12-20 23:33:20,916 20755 DEBUG    [tempest_lib.common.rest_client] Request - Headers: {'Content-Type': 'application/json', 'Accept': 'application/json', 'X-Auth-Token': '&lt;omitted&gt;'}
        Body: None
    Response - Headers: {'date': 'Sun, 20 Dec 2015 23:33:20 GMT', 'status': '204', 'connection': 'close', 'content-length': '0', 'x-openstack-request-id': 'req-b558303d-fff5-4217-b085-433925baa596'}
        Body: 
2015-12-20 23:33:20,971 20755 INFO     [tempest_lib.common.rest_client] Request (TestNetworkAdvancedServerOps:_run_cleanups): 204 DELETE http://10.0.2.15:9696/v2.0/security-group-rules/3a1d9454-d197-472b-ab51-250d178041c2 0.053s
2015-12-20 23:33:20,971 20755 DEBUG    [tempest_lib.common.rest_client] Request - Headers: {'Content-Type': 'application/json', 'Accept': 'application/json', 'X-Auth-Token': '&lt;omitted&gt;'}
        Body: None
    Response - Headers: {'date': 'Sun, 20 Dec 2015 23:33:20 GMT', 'status': '204', 'connection': 'close', 'content-length': '0', 'x-openstack-request-id': 'req-c759999a-178a-414d-8ffe-66ae7932fe0a'}
        Body: 
2015-12-20 23:33:21,022 20755 INFO     [tempest_lib.common.rest_client] Request (TestNetworkAdvancedServerOps:_run_cleanups): 204 DELETE http://10.0.2.15:9696/v2.0/security-group-rules/a81eb4f8-eb2c-4389-a84a-748720ed4cc2 0.050s
2015-12-20 23:33:21,022 20755 DEBUG    [tempest_lib.common.rest_client] Request - Headers: {'Content-Type': 'application/json', 'Accept': 'application/json', 'X-Auth-Token': '&lt;omitted&gt;'}
        Body: None
    Response - Headers: {'date': 'Sun, 20 Dec 2015 23:33:21 GMT', 'status': '204', 'connection': 'close', 'content-length': '0', 'x-openstack-request-id': 'req-8e539c31-fc30-477b-aa3e-51258fd23d37'}
        Body: 
2015-12-20 23:33:21,068 20755 INFO     [tempest_lib.common.rest_client] Request (TestNetworkAdvancedServerOps:_run_cleanups): 204 DELETE http://10.0.2.15:9696/v2.0/security-group-rules/f1d9a2cc-db46-4b33-8254-acc73cce24b8 0.045s
2015-12-20 23:33:21,069 20755 DEBUG    [tempest_lib.common.rest_client] Request - Headers: {'Content-Type': 'application/json', 'Accept': 'application/json', 'X-Auth-Token': '&lt;omitted&gt;'}
        Body: None
    Response - Headers: {'date': 'Sun, 20 Dec 2015 23:33:21 GMT', 'status': '204', 'connection': 'close', 'content-length': '0', 'x-openstack-request-id': 'req-5dbef814-e73f-45c6-975a-4f58806605ca'}
        Body: 
2015-12-20 23:33:21,118 20755 INFO     [tempest_lib.common.rest_client] Request (TestNetworkAdvancedServerOps:_run_cleanups): 204 DELETE http://10.0.2.15:9696/v2.0/security-group-rules/a498e4c4-e48c-48e5-a93f-6c76c53a05ba 0.049s
2015-12-20 23:33:21,119 20755 DEBUG    [tempest_lib.common.rest_client] Request - Headers: {'Content-Type': 'application/json', 'Accept': 'application/json', 'X-Auth-Token': '&lt;omitted&gt;'}
        Body: None
    Response - Headers: {'date': 'Sun, 20 Dec 2015 23:33:21 GMT', 'status': '204', 'connection': 'close', 'content-length': '0', 'x-openstack-request-id': 'req-f389cf5a-6ae0-4c0d-9252-c3e261ff4934'}
        Body: 
2015-12-20 23:33:21,181 20755 INFO     [tempest_lib.common.rest_client] Request (TestNetworkAdvancedServerOps:_run_cleanups): 204 DELETE http://10.0.2.15:9696/v2.0/security-group-rules/74d2e2aa-1cee-4d72-9ac0-bc16016bfd0f 0.060s
2015-12-20 23:33:21,181 20755 DEBUG    [tempest_lib.common.rest_client] Request - Headers: {'Content-Type': 'application/json', 'Accept': 'application/json', 'X-Auth-Token': '&lt;omitted&gt;'}
        Body: None
    Response - Headers: {'date': 'Sun, 20 Dec 2015 23:33:21 GMT', 'status': '204', 'connection': 'close', 'content-length': '0', 'x-openstack-request-id': 'req-73bf87b5-d0cc-40c0-b3b4-c8846407c945'}
        Body: 
2015-12-20 23:33:21,262 20755 INFO     [tempest_lib.common.rest_client] Request (TestNetworkAdvancedServerOps:_run_cleanups): 204 DELETE http://10.0.2.15:9696/v2.0/security-groups/7ea07495-d154-4273-980f-8cb26f8f374a 0.080s
2015-12-20 23:33:21,263 20755 DEBUG    [tempest_lib.common.rest_client] Request - Headers: {'Content-Type': 'application/json', 'Accept': 'application/json', 'X-Auth-Token': '&lt;omitted&gt;'}
        Body: None
    Response - Headers: {'date': 'Sun, 20 Dec 2015 23:33:21 GMT', 'status': '204', 'connection': 'close', 'content-length': '0', 'x-openstack-request-id': 'req-576c0e4b-1662-49c3-820d-289795482f02'}
        Body: 
2015-12-20 23:33:21,285 20755 INFO     [tempest_lib.common.rest_client] Request (TestNetworkAdvancedServerOps:_run_cleanups): 202 DELETE http://10.0.2.15:8774/v2.1/6264facf10a64187b858e2883bb8a9ba/os-keypairs/tempest-TestNetworkAdvancedServerOps-1246818568 0.021s
2015-12-20 23:33:21,286 20755 DEBUG    [tempest_lib.common.rest_client] Request - Headers: {'Content-Type': 'application/json', 'Accept': 'application/json', 'X-Auth-Token': '&lt;omitted&gt;'}
        Body: None
    Response - Headers: {'status': '202', 'content-length': '0', 'x-compute-request-id': 'req-7fef94c7-f57e-4b78-b176-a52a27ea8c0d', 'vary': 'X-OpenStack-Nova-API-Version', 'connection': 'close', 'x-openstack-nova-api-version': '2.1', 'date': 'Sun, 20 Dec 2015 23:33:21 GMT', 'content-type': 'application/json'}
        Body: 
2015-12-20 23:33:21,366 20755 INFO     [tempest_lib.common.rest_client] Request (TestNetworkAdvancedServerOps:_run_cleanups): 404 GET http://10.0.2.15:8774/v2.1/6264facf10a64187b858e2883bb8a9ba/servers/1b8b54fc-570e-4810-9ec0-1f092d07d3d3 0.079s
2015-12-20 23:33:21,367 20755 DEBUG    [tempest_lib.common.rest_client] Request - Headers: {'Content-Type': 'application/json', 'Accept': 'application/json', 'X-Auth-Token': '&lt;omitted&gt;'}
        Body: None
    Response - Headers: {'status': '404', 'content-length': '111', 'x-compute-request-id': 'req-319828fe-48af-4ce6-937b-3dce500c9c1a', 'vary': 'X-OpenStack-Nova-API-Version', 'connection': 'close', 'x-openstack-nova-api-version': '2.1', 'date': 'Sun, 20 Dec 2015 23:33:21 GMT', 'content-type': 'application/json; charset=UTF-8'}
        Body: {"itemNotFound": {"message": "Instance 1b8b54fc-570e-4810-9ec0-1f092d07d3d3 could not be found.", "code": 404}}
}}}

Traceback (most recent call last):
  File "tempest/test.py", line 113, in wrapper
    return f(self, *func_args, **func_kwargs)
  File "tempest/scenario/test_network_advanced_server_ops.py", line 134, in test_server_connectivity_pause_unpause
    server, keypair, floating_ip = self._setup_network_and_servers()
  File "tempest/scenario/test_network_advanced_server_ops.py", line 71, in _setup_network_and_servers
    server, keypair, floating_ip)
  File "tempest/scenario/test_network_advanced_server_ops.py", line 95, in _wait_server_status_and_check_network_connectivity
    self._check_network_connectivity(server, keypair, floating_ip)
  File "tempest/scenario/test_network_advanced_server_ops.py", line 88, in _check_network_connectivity
    servers=[server])
  File "tempest/scenario/manager.py", line 608, in check_public_network_connectivity
    should_connect=should_connect)
  File "tempest/scenario/manager.py", line 592, in check_vm_connectivity
    msg=msg)
  File "/usr/local/lib/python2.7/dist-packages/unittest2/case.py", line 702, in assertTrue
    raise self.failureException(msg)
AssertionError: False is not true : Timed out waiting for 172.24.4.4 to become reachable



        </pre>
    </div>
    <!--css div popup end-->

    </td>
</tr>

<tr id='ft1.2' class='none'>
    <td class='failCase'><div class='testcase'>test_server_connectivity_reboot[compute,id-7b6860c2-afa3-4846-9522-adeb38dfbe08,network]</div></td>
    <td colspan='7' align='left'>

    <!--css div popup start-->
    <a class="popup_link" onfocus='this.blur();'
    href="javascript:showTestDetail('div_ft1.2')" >
        fail</a>

    <div id='div_ft1.2' class="popup_window">
        <div style='text-align: right; color:red;cursor:pointer'>
        <a onfocus='this.blur();'
onclick="document.getElementById('div_ft1.2').style.display = 'none' " >
           [x]</a>
        </div>
        <pre>
        
ft1.2: tempest.scenario.test_network_advanced_server_ops.TestNetworkAdvancedServerOps.test_server_connectivity_reboot[compute,id-7b6860c2-afa3-4846-9522-adeb38dfbe08,network]_StringException: Empty attachments:
  stderr
  stdout

pythonlogging:'': {{{
2015-12-20 23:33:21,566 20755 INFO     [tempest_lib.common.rest_client] Request (TestNetworkAdvancedServerOps:test_server_connectivity_reboot): 200 POST http://10.0.2.15:8774/v2.1/6264facf10a64187b858e2883bb8a9ba/os-keypairs 0.191s
