<?xml version="1.0" encoding="UTF-8"?>
<!DOCTYPE html PUBLIC "-//W3C//DTD XHTML 1.0 Strict//EN"
     "http://www.w3.org/TR/xhtml1/DTD/xhtml1-strict.dtd">
<html xmlns="http://www.w3.org/1999/xhtml">
<head>
    <title>Unit Test Report</title>
    <meta name="generator" content="subunit2html 0.1"/>
    <meta http-equiv="Content-Type" content="text/html; charset=UTF-8"/>
    
<style type="text/css" media="screen">
body        { font-family: verdana, arial, helvetica, sans-serif;
    font-size: 80%; }
table       { font-size: 100%; width: 100%;}
pre         { font-size: 80%; }

/* -- heading -------------------------------------------------------------- */
h1 {
        font-size: 16pt;
        color: gray;
}
.heading {
    margin-top: 0ex;
    margin-bottom: 1ex;
}

.heading .attribute {
    margin-top: 1ex;
    margin-bottom: 0;
}

.heading .description {
    margin-top: 4ex;
    margin-bottom: 6ex;
}

/* -- css div popup -------------------------------------------------------- */
a.popup_link {
}

a.popup_link:hover {
    color: red;
}

.popup_window {
    display: none;
    overflow-x: scroll;
    /*border: solid #627173 1px; */
    padding: 10px;
    background-color: #E6E6D6;
    font-family: "Ubuntu Mono", "Lucida Console", "Courier New", monospace;
    text-align: left;
    font-size: 8pt;
}

}
/* -- report --------------------------------------------------------------- */
#show_detail_line {
    margin-top: 3ex;
    margin-bottom: 1ex;
}
#result_table {
    width: 100%;
    border-collapse: collapse;
    border: 1px solid #777;
}
#header_row {
    font-weight: bold;
    color: white;
    background-color: #777;
}
#result_table td {
    border: 1px solid #777;
    padding: 2px;
}
#total_row  { font-weight: bold; }
.passClass  { background-color: #6c6; }
.failClass  { background-color: #c60; }
.errorClass { background-color: #c00; }
.passCase   { color: #6c6; }
.failCase   { color: #c60; font-weight: bold; }
.errorCase  { color: #c00; font-weight: bold; }
.hiddenRow  { display: none; }
.testcase   { margin-left: 2em; }
td.testname {width: 40%}
td.small {width: 40px}

/* -- ending --------------------------------------------------------------- */
#ending {
}

</style>

</head>
<body>
<script language="javascript" type="text/javascript"><!--
output_list = Array();

/* level - 0:Summary; 1:Failed; 2:All */
function showCase(level) {
    trs = document.getElementsByTagName("tr");
    for (var i = 0; i < trs.length; i++) {
        tr = trs[i];
        id = tr.id;
        if (id.substr(0,2) == 'ft') {
            if (level < 1) {
                tr.className = 'hiddenRow';
            }
            else {
                tr.className = '';
            }
        }
        if (id.substr(0,2) == 'pt') {
            if (level > 1) {
                tr.className = '';
            }
            else {
                tr.className = 'hiddenRow';
            }
        }
    }
}


function showClassDetail(cid, count) {
    var id_list = Array(count);
    var toHide = 1;
    for (var i = 0; i < count; i++) {
        tid0 = 't' + cid.substr(1) + '.' + (i+1);
        tid = 'f' + tid0;
        tr = document.getElementById(tid);
        if (!tr) {
            tid = 'p' + tid0;
            tr = document.getElementById(tid);
        }
        id_list[i] = tid;
        if (tr.className) {
            toHide = 0;
        }
    }
    for (var i = 0; i < count; i++) {
        tid = id_list[i];
        if (toHide) {
            document.getElementById('div_'+tid).style.display = 'none'
            document.getElementById(tid).className = 'hiddenRow';
        }
        else {
            document.getElementById(tid).className = '';
        }
    }
}


function showTestDetail(div_id){
    var details_div = document.getElementById(div_id)
    var displayState = details_div.style.display
    // alert(displayState)
    if (displayState != 'block' ) {
        displayState = 'block'
        details_div.style.display = 'block'
    }
    else {
        details_div.style.display = 'none'
    }
}


function html_escape(s) {
    s = s.replace(/&/g,'&amp;');
    s = s.replace(/</g,'&lt;');
    s = s.replace(/>/g,'&gt;');
    return s;
}

/* obsoleted by detail in <div>
function showOutput(id, name) {
    var w = window.open("", //url
                    name,
                    "resizable,scrollbars,status,width=800,height=450");
    d = w.document;
    d.write("<pre>");
    d.write(html_escape(output_list[id]));
    d.write("\n");
    d.write("<a href='javascript:window.close()'>close</a>\n");
    d.write("</pre>\n");
    d.close();
}
*/
--></script>

<div class='heading'>
<h1>Unit Test Report</h1>

<p class='attribute'><strong>Status:</strong> Failure 6</p>

<p class='description'></p>
</div>



<p id='show_detail_line'>Show
<a href='javascript:showCase(0)'>Summary</a>
<a href='javascript:showCase(1)'>Failed</a>
<a href='javascript:showCase(2)'>All</a>
</p>
<table id='result_table'>
<colgroup>
<col align='left' />
<col align='right' />
<col align='right' />
<col align='right' />
<col align='right' />
<col align='right' />
<col align='right' />
<col align='right' />
</colgroup>
<tr id='header_row'>
    <td>Test Group/Test case</td>
    <td>Count</td>
    <td>Pass</td>
    <td>Fail</td>
    <td>Error</td>
    <td>Skip</td>
    <td>View</td>
    <td> </td>
</tr>

<tr class='failClass'>
    <td class="testname">tempest.scenario.test_network_advanced_server_ops.TestNetworkAdvancedServerOps</td>
    <td class="small">6</td>
    <td class="small">0</td>
    <td class="small">6</td>
    <td class="small">0</td>
    <td class="small">0</td>
    <td class="small"><a href="javascript:showClassDetail('c1',6)"
>Detail</a></td>
    <td> </td>
</tr>

<tr id='ft1.1' class='none'>
    <td class='failCase'><div class='testcase'>test_server_connectivity_pause_unpause[compute,id-2b2642db-6568-4b35-b812-eceed3fa20ce,network]</div></td>
    <td colspan='7' align='left'>

    <!--css div popup start-->
    <a class="popup_link" onfocus='this.blur();'
    href="javascript:showTestDetail('div_ft1.1')" >
        fail</a>

    <div id='div_ft1.1' class="popup_window">
        <div style='text-align: right; color:red;cursor:pointer'>
        <a onfocus='this.blur();'
onclick="document.getElementById('div_ft1.1').style.display = 'none' " >
           [x]</a>
        </div>
        <pre>
        
ft1.1: tempest.scenario.test_network_advanced_server_ops.TestNetworkAdvancedServerOps.test_server_connectivity_pause_unpause[compute,id-2b2642db-6568-4b35-b812-eceed3fa20ce,network]_StringException: Empty attachments:
  stderr
  stdout

pythonlogging:'': {{{
2015-12-15 06:29:07,350 24315 INFO     [tempest_lib.common.rest_client] Request (TestNetworkAdvancedServerOps:test_server_connectivity_pause_unpause): 200 POST http://10.0.2.15:8774/v2.1/d6adcadeabbe4cd18cafdad358203477/os-keypairs 0.690s
2015-12-15 06:29:07,351 24315 DEBUG    [tempest_lib.common.rest_client] Request - Headers: {'Content-Type': 'application/json', 'Accept': 'application/json', 'X-Auth-Token': '&lt;omitted&gt;'}
        Body: {"keypair": {"name": "tempest-TestNetworkAdvancedServerOps-1875709409"}}
    Response - Headers: {'status': '200', 'content-length': '2334', 'x-compute-request-id': 'req-ba4abdae-8e8f-4659-999f-efb555ae3610', 'vary': 'X-OpenStack-Nova-API-Version', 'connection': 'close', 'x-openstack-nova-api-version': '2.1', 'date': 'Tue, 15 Dec 2015 06:29:07 GMT', 'content-type': 'application/json'}
        Body: {"keypair": {"public_key": "ssh-rsa AAAAB3NzaC1yc2EAAAADAQABAAABAQDaLNXzq0MtkDhi1evewnP8tvJXCClfjGfw8xw/nncbNi+y1UbM/vH0rEedn5MnsuAD29yic+J6tyI3Gto1+eCcU+DpVMxzYXYFA/4y7IjPF8Lzu3dWUAvPy8eLVWdUm7AA3xjudjTQBr2JQz5/LnL5t28M5DAPcvt9Y+SMRBVxPCoWmvDAlYaSqdj/fcDdUezHbZsA43s0rcw/nwOuyiQWE51rpldg1kypYSYblagtIH4KpUObTeNxFMsF4pZt005ApQlGA4sOp/gUg+kKsQSuL2kIy01jmdj6c5HVnriu+Zfj6dHtJA/t7QgiwlTIC4GA23w99y30U2vXukSvEQWR Generated-by-Nova", "private_key": "-----BEGIN RSA PRIVATE KEY-----\nMIIEqgIBAAKCAQEA2izV86tDLZA4YtXr3sJz/LbyVwgpX4xn8PMcP553GzYvstVG\nzP7x9KxHnZ+TJ7LgA9vconPierciNxraNfngnFPg6VTMc2F2BQP+MuyIzxfC87t3\nVlALz8vHi1VnVJuwAN8Y7nY00Aa9iUM+fy5y+bdvDOQwD3L7fWPkjEQVcTwqFprw\nwJWGkqnY/33A3VHsx22bAON7NK3MP58DrsokFhOda6ZXYNZMqWEmG5WoLSB+CqVD\nm03jcRTLBeKWbdNOQKUJRgOLDqf4FIPpCrEEri9pCMtNY5nY+nOR1Z64rvmX4+nR\n7SQP7e0IIsJUyAuBgNt8Pfct9FNr17pErxEFkQIDAQABAoIBAQDGIK9O7/k6mFzM\nTI49pgLkvVLH/G5uCbielHfTwllRidy5H3uDUAZz9ju3BaICDCvo9TGhCXHjlQlq\nV2VQXRI/hOCbpFlicmBV37Fpl2oJ/v8YjeaqqFiBpQIaIz2KFTQ5JmCitQ/y1hwr\nWbiYkJry8UTUxShr7zQ5Q4zaYD3ErHwZVtSuFl+pgG4wuOdxNjEhTZbF68mqr/eF\nN1Jh9yDa4KqVSGaKZV8nEtGnGqEACmJ39XvDNNA0nN2Gh1a7G31+2SJDTCZeBm4h\ndyUiYzg4xhUEDG+fAElOjd5OQ1pOiXcOITae6+eElvJ7aq+yg3o2OLVw8S45gT0s\nbYYgijzBAoIAgQDpNdclwTkXOgd11Ejy01TDgjK6T4AdccvMQIVd2wb+TXlSDfKz\nvaRk2KwaHzKaAefKajxiu9Cuv6p3qH+KEwp+65tbPj59yjX/GtXuFG1iAV/B9ttP\n5OQMthnNehnR/RfFrl4xCRpYpVJUx3i6lr0iek5OCYWMBLa6gp9pp571yQKCAIEA\n737dSrLrhffQGZ4rnKmOe9jnYL19b0q4LjbySGGtacfbN+KRoOX5obv92qcttnj6\nFnfD/zd323ztzGfQbaoC+cKVhxMelD3Lykm4NODm2LbKBvluI85Ug+riYrOP+qzt\nhu+OO186lSqy3r1D0P8QigqPjmu/w10iHbVk1E0mFYkCggCBAJaborpLMueBHlhG\nJGZNfKxWZRRVS1O4rfjWokqerMGGnxcS0u6pRoWqOFsWUsOK/3qFaUIKMRbpyNlG\nBDfTXC/jUI14gTsTYBPD7Oy4XHuyj3jgR3otQ+nBoKBGfm5SmQudNE9Opakh+y2t\nNJaryrF9cxyKoahvUuLYgMLm8Y2hAoIAgQCgTy8ZPUJh3ksxmqpepzB0ve/C1ZQM\n1tsKNEVhJeDKGbknY0VPiiDandeCcL0skzXzrB9Jyns0NB+I30So41Aylok4bRfe\n6q5qrYXb/18GWPRKTtPmq8nus17t6nvJs88ar2dpXoj8KCSq681lLBaKEB+fmYg2\n4TRg5najlTCU4QKCAIApBTbNqVndeWRCLrAmu3ciwR4vkld2mE+IhNMziOqJMqPB\ncvRH/HRse9i2f90Q5cfgITYsTZpf4jwjGt3oqCfa/2jwfk1MWL7SRsTmnWpFBv6f\nQOK4PHfgKQ1TrudD9Lu0p+/n5/rSNjMkftEYfe6VRDhg6gq8dl+v0oeLoqgaNg==\n-----END RSA PRIVATE KEY-----\n", "user_id": "de33822fdf91494bb0c32e00241d8892", "name": "tempest-TestNetworkAdvancedServerOps-1875709409", "fingerprint": "8b:96:ea:17:3a:32:10:e4:f3:56:f5:4f:d3:40:cb:ab"}}
2015-12-15 06:29:07,699 24315 INFO     [tempest_lib.common.rest_client] Request (TestNetworkAdvancedServerOps:test_server_connectivity_pause_unpause): 201 POST http://10.0.2.15:9696/v2.0/security-groups 0.342s
2015-12-15 06:29:07,699 24315 DEBUG    [tempest_lib.common.rest_client] Request - Headers: {'Content-Type': 'application/json', 'Accept': 'application/json', 'X-Auth-Token': '&lt;omitted&gt;'}
        Body: {"security_group": {"tenant_id": "d6adcadeabbe4cd18cafdad358203477", "description": "tempest-secgroup-smoke-1411838705 description", "name": "tempest-secgroup-smoke-1411838705"}}
    Response - Headers: {'status': '201', 'content-length': '888', 'connection': 'close', 'date': 'Tue, 15 Dec 2015 06:29:07 GMT', 'content-type': 'application/json; charset=UTF-8', 'x-openstack-request-id': 'req-3d55a934-41fc-4329-a864-d3c7f0e965c2'}
        Body: {"security_group": {"tenant_id": "d6adcadeabbe4cd18cafdad358203477", "description": "tempest-secgroup-smoke-1411838705 description", "id": "10d94130-e908-41b8-8f68-b9cf08e23e0c", "security_group_rules": [{"remote_group_id": null, "direction": "egress", "remote_ip_prefix": null, "protocol": null, "ethertype": "IPv4", "tenant_id": "d6adcadeabbe4cd18cafdad358203477", "port_range_max": null, "port_range_min": null, "id": "f587eb01-ff71-4236-932a-ea9cdaddcdb0", "security_group_id": "10d94130-e908-41b8-8f68-b9cf08e23e0c"}, {"remote_group_id": null, "direction": "egress", "remote_ip_prefix": null, "protocol": null, "ethertype": "IPv6", "tenant_id": "d6adcadeabbe4cd18cafdad358203477", "port_range_max": null, "port_range_min": null, "id": "d445de8f-009d-4506-83e8-6cfe392362ea", "security_group_id": "10d94130-e908-41b8-8f68-b9cf08e23e0c"}], "name": "tempest-secgroup-smoke-1411838705"}}
2015-12-15 06:29:07,825 24315 INFO     [tempest_lib.common.rest_client] Request (TestNetworkAdvancedServerOps:test_server_connectivity_pause_unpause): 201 POST http://10.0.2.15:9696/v2.0/security-group-rules 0.124s
2015-12-15 06:29:07,825 24315 DEBUG    [tempest_lib.common.rest_client] Request - Headers: {'Content-Type': 'application/json', 'Accept': 'application/json', 'X-Auth-Token': '&lt;omitted&gt;'}
        Body: {"security_group_rule": {"direction": "ingress", "protocol": "tcp", "tenant_id": "d6adcadeabbe4cd18cafdad358203477", "port_range_max": 22, "security_group_id": "10d94130-e908-41b8-8f68-b9cf08e23e0c", "port_range_min": 22}}
    Response - Headers: {'status': '201', 'content-length': '340', 'connection': 'close', 'date': 'Tue, 15 Dec 2015 06:29:07 GMT', 'content-type': 'application/json; charset=UTF-8', 'x-openstack-request-id': 'req-b555b981-9781-4c82-9b28-3e75adc78779'}
        Body: {"security_group_rule": {"remote_group_id": null, "direction": "ingress", "remote_ip_prefix": null, "protocol": "tcp", "ethertype": "IPv4", "tenant_id": "d6adcadeabbe4cd18cafdad358203477", "port_range_max": 22, "port_range_min": 22, "id": "b2a1bbdd-6854-4c00-9b78-f11d76995cfe", "security_group_id": "10d94130-e908-41b8-8f68-b9cf08e23e0c"}}
2015-12-15 06:29:07,937 24315 INFO     [tempest_lib.common.rest_client] Request (TestNetworkAdvancedServerOps:test_server_connectivity_pause_unpause): 201 POST http://10.0.2.15:9696/v2.0/security-group-rules 0.111s
2015-12-15 06:29:07,938 24315 DEBUG    [tempest_lib.common.rest_client] Request - Headers: {'Content-Type': 'application/json', 'Accept': 'application/json', 'X-Auth-Token': '&lt;omitted&gt;'}
        Body: {"security_group_rule": {"direction": "egress", "protocol": "tcp", "tenant_id": "d6adcadeabbe4cd18cafdad358203477", "port_range_max": 22, "security_group_id": "10d94130-e908-41b8-8f68-b9cf08e23e0c", "port_range_min": 22}}
    Response - Headers: {'status': '201', 'content-length': '339', 'connection': 'close', 'date': 'Tue, 15 Dec 2015 06:29:07 GMT', 'content-type': 'application/json; charset=UTF-8', 'x-openstack-request-id': 'req-4a32ccb8-0c42-419c-86cf-3dbec4efc84f'}
        Body: {"security_group_rule": {"remote_group_id": null, "direction": "egress", "remote_ip_prefix": null, "protocol": "tcp", "ethertype": "IPv4", "tenant_id": "d6adcadeabbe4cd18cafdad358203477", "port_range_max": 22, "port_range_min": 22, "id": "e527c164-6807-4378-9c62-485e9e5507bd", "security_group_id": "10d94130-e908-41b8-8f68-b9cf08e23e0c"}}
2015-12-15 06:29:08,050 24315 INFO     [tempest_lib.common.rest_client] Request (TestNetworkAdvancedServerOps:test_server_connectivity_pause_unpause): 201 POST http://10.0.2.15:9696/v2.0/security-group-rules 0.111s
2015-12-15 06:29:08,051 24315 DEBUG    [tempest_lib.common.rest_client] Request - Headers: {'Content-Type': 'application/json', 'Accept': 'application/json', 'X-Auth-Token': '&lt;omitted&gt;'}
        Body: {"security_group_rule": {"tenant_id": "d6adcadeabbe4cd18cafdad358203477", "direction": "ingress", "protocol": "icmp", "security_group_id": "10d94130-e908-41b8-8f68-b9cf08e23e0c"}}
    Response - Headers: {'status': '201', 'content-length': '345', 'connection': 'close', 'date': 'Tue, 15 Dec 2015 06:29:08 GMT', 'content-type': 'application/json; charset=UTF-8', 'x-openstack-request-id': 'req-60bd3f4b-ba00-4557-b7cb-9cd0e5eaa602'}
        Body: {"security_group_rule": {"remote_group_id": null, "direction": "ingress", "remote_ip_prefix": null, "protocol": "icmp", "ethertype": "IPv4", "tenant_id": "d6adcadeabbe4cd18cafdad358203477", "port_range_max": null, "port_range_min": null, "id": "db0e7c86-7032-4570-87f3-0cab24812210", "security_group_id": "10d94130-e908-41b8-8f68-b9cf08e23e0c"}}
2015-12-15 06:29:08,275 24315 INFO     [tempest_lib.common.rest_client] Request (TestNetworkAdvancedServerOps:test_server_connectivity_pause_unpause): 201 POST http://10.0.2.15:9696/v2.0/security-group-rules 0.223s
2015-12-15 06:29:08,275 24315 DEBUG    [tempest_lib.common.rest_client] Request - Headers: {'Content-Type': 'application/json', 'Accept': 'application/json', 'X-Auth-Token': '&lt;omitted&gt;'}
        Body: {"security_group_rule": {"tenant_id": "d6adcadeabbe4cd18cafdad358203477", "direction": "egress", "protocol": "icmp", "security_group_id": "10d94130-e908-41b8-8f68-b9cf08e23e0c"}}
    Response - Headers: {'status': '201', 'content-length': '344', 'connection': 'close', 'date': 'Tue, 15 Dec 2015 06:29:08 GMT', 'content-type': 'application/json; charset=UTF-8', 'x-openstack-request-id': 'req-a158675c-3fc4-45c6-ab58-4bd7eb61b7e1'}
        Body: {"security_group_rule": {"remote_group_id": null, "direction": "egress", "remote_ip_prefix": null, "protocol": "icmp", "ethertype": "IPv4", "tenant_id": "d6adcadeabbe4cd18cafdad358203477", "port_range_max": null, "port_range_min": null, "id": "3928f5c5-c7a8-4fd3-b67a-61569b975206", "security_group_id": "10d94130-e908-41b8-8f68-b9cf08e23e0c"}}
2015-12-15 06:29:08,391 24315 INFO     [tempest_lib.common.rest_client] Request (TestNetworkAdvancedServerOps:test_server_connectivity_pause_unpause): 201 POST http://10.0.2.15:9696/v2.0/security-group-rules 0.115s
2015-12-15 06:29:08,392 24315 DEBUG    [tempest_lib.common.rest_client] Request - Headers: {'Content-Type': 'application/json', 'Accept': 'application/json', 'X-Auth-Token': '&lt;omitted&gt;'}
        Body: {"security_group_rule": {"tenant_id": "d6adcadeabbe4cd18cafdad358203477", "direction": "ingress", "security_group_id": "10d94130-e908-41b8-8f68-b9cf08e23e0c", "protocol": "icmp", "ethertype": "IPv6"}}
    Response - Headers: {'status': '201', 'content-length': '345', 'connection': 'close', 'date': 'Tue, 15 Dec 2015 06:29:08 GMT', 'content-type': 'application/json; charset=UTF-8', 'x-openstack-request-id': 'req-ae156e98-cb0f-42d8-b2d6-d8499b46e704'}
        Body: {"security_group_rule": {"remote_group_id": null, "direction": "ingress", "remote_ip_prefix": null, "protocol": "icmp", "ethertype": "IPv6", "tenant_id": "d6adcadeabbe4cd18cafdad358203477", "port_range_max": null, "port_range_min": null, "id": "ca0d0097-78a1-4eeb-80cb-f8b1d7ac2854", "security_group_id": "10d94130-e908-41b8-8f68-b9cf08e23e0c"}}
2015-12-15 06:29:08,506 24315 INFO     [tempest_lib.common.rest_client] Request (TestNetworkAdvancedServerOps:test_server_connectivity_pause_unpause): 201 POST http://10.0.2.15:9696/v2.0/security-group-rules 0.112s
2015-12-15 06:29:08,506 24315 DEBUG    [tempest_lib.common.rest_client] Request - Headers: {'Content-Type': 'application/json', 'Accept': 'application/json', 'X-Auth-Token': '&lt;omitted&gt;'}
        Body: {"security_group_rule": {"tenant_id": "d6adcadeabbe4cd18cafdad358203477", "direction": "egress", "security_group_id": "10d94130-e908-41b8-8f68-b9cf08e23e0c", "protocol": "icmp", "ethertype": "IPv6"}}
    Response - Headers: {'status': '201', 'content-length': '344', 'connection': 'close', 'date': 'Tue, 15 Dec 2015 06:29:08 GMT', 'content-type': 'application/json; charset=UTF-8', 'x-openstack-request-id': 'req-ee5e1d83-0b99-4790-a236-b051e528c546'}
        Body: {"security_group_rule": {"remote_group_id": null, "direction": "egress", "remote_ip_prefix": null, "protocol": "icmp", "ethertype": "IPv6", "tenant_id": "d6adcadeabbe4cd18cafdad358203477", "port_range_max": null, "port_range_min": null, "id": "21782e42-f4b4-42cd-85fd-95980e97c9a8", "security_group_id": "10d94130-e908-41b8-8f68-b9cf08e23e0c"}}
2015-12-15 06:29:08,648 24315 INFO     [tempest_lib.common.rest_client] Request (TestNetworkAdvancedServerOps:test_server_connectivity_pause_unpause): 201 POST http://10.0.2.15:9696/v2.0/networks 0.140s
2015-12-15 06:29:08,648 24315 DEBUG    [tempest_lib.common.rest_client] Request - Headers: {'Content-Type': 'application/json', 'Accept': 'application/json', 'X-Auth-Token': '&lt;omitted&gt;'}
        Body: {"network": {"tenant_id": "d6adcadeabbe4cd18cafdad358203477", "name": "tempest-network-smoke--139453470"}}
    Response - Headers: {'status': '201', 'content-length': '295', 'connection': 'close', 'date': 'Tue, 15 Dec 2015 06:29:08 GMT', 'content-type': 'application/json; charset=UTF-8', 'x-openstack-request-id': 'req-21f24dce-186c-4e09-9b2d-cf02806c8d29'}
        Body: {"network": {"status": "ACTIVE", "subnets": [], "name": "tempest-network-smoke--139453470", "admin_state_up": true, "tenant_id": "d6adcadeabbe4cd18cafdad358203477", "mtu": 0, "router:external": false, "shared": false, "port_security_enabled": true, "id": "cf6397d7-72c4-4ccd-ac07-078eae4683c7"}}
2015-12-15 06:29:08,731 24315 INFO     [tempest_lib.common.rest_client] Request (TestNetworkAdvancedServerOps:test_server_connectivity_pause_unpause): 201 POST http://10.0.2.15:9696/v2.0/routers 0.081s
2015-12-15 06:29:08,731 24315 DEBUG    [tempest_lib.common.rest_client] Request - Headers: {'Content-Type': 'application/json', 'Accept': 'application/json', 'X-Auth-Token': '&lt;omitted&gt;'}
        Body: {"router": {"tenant_id": "d6adcadeabbe4cd18cafdad358203477", "name": "tempest-router-smoke-1310989689", "admin_state_up": true}}
    Response - Headers: {'status': '201', 'content-length': '239', 'connection': 'close', 'date': 'Tue, 15 Dec 2015 06:29:08 GMT', 'content-type': 'application/json; charset=UTF-8', 'x-openstack-request-id': 'req-05fe2bfc-b127-413b-8dcb-71d2e13a0171'}
        Body: {"router": {"status": "ACTIVE", "external_gateway_info": null, "name": "tempest-router-smoke-1310989689", "admin_state_up": true, "tenant_id": "d6adcadeabbe4cd18cafdad358203477", "routes": [], "id": "43bff9a6-4a55-4b83-93b5-e3f1effb0941"}}
2015-12-15 06:29:08,769 24315 INFO     [tempest_lib.common.rest_client] Request (TestNetworkAdvancedServerOps:test_server_connectivity_pause_unpause): 200 GET http://10.0.2.15:9696/v2.0/routers/43bff9a6-4a55-4b83-93b5-e3f1effb0941 0.037s
2015-12-15 06:29:08,769 24315 DEBUG    [tempest_lib.common.rest_client] Request - Headers: {'Content-Type': 'application/json', 'Accept': 'application/json', 'X-Auth-Token': '&lt;omitted&gt;'}
        Body: None
    Response - Headers: {'status': '200', 'content-length': '239', 'content-location': 'http://10.0.2.15:9696/v2.0/routers/43bff9a6-4a55-4b83-93b5-e3f1effb0941', 'connection': 'close', 'date': 'Tue, 15 Dec 2015 06:29:08 GMT', 'content-type': 'application/json; charset=UTF-8', 'x-openstack-request-id': 'req-8865e980-07b6-4b29-98f4-b511fbeec3e0'}
        Body: {"router": {"status": "ACTIVE", "external_gateway_info": null, "name": "tempest-router-smoke-1310989689", "admin_state_up": true, "tenant_id": "d6adcadeabbe4cd18cafdad358203477", "routes": [], "id": "43bff9a6-4a55-4b83-93b5-e3f1effb0941"}}
2015-12-15 06:29:09,341 24315 INFO     [tempest_lib.common.rest_client] Request (TestNetworkAdvancedServerOps:test_server_connectivity_pause_unpause): 200 PUT http://10.0.2.15:9696/v2.0/routers/43bff9a6-4a55-4b83-93b5-e3f1effb0941 0.571s
2015-12-15 06:29:09,342 24315 DEBUG    [tempest_lib.common.rest_client] Request - Headers: {'Content-Type': 'application/json', 'Accept': 'application/json', 'X-Auth-Token': '&lt;omitted&gt;'}
        Body: {"router": {"external_gateway_info": {"network_id": "5d41973d-abd5-472c-b76f-fcbb6e1a4b3d"}, "name": "tempest-router-smoke-1310989689", "admin_state_up": true}}
    Response - Headers: {'status': '200', 'content-length': '501', 'connection': 'close', 'date': 'Tue, 15 Dec 2015 06:29:09 GMT', 'content-type': 'application/json; charset=UTF-8', 'x-openstack-request-id': 'req-b65dece1-f4bd-47a4-bb5e-1869f9c98e1b'}
        Body: {"router": {"status": "ACTIVE", "external_gateway_info": {"network_id": "5d41973d-abd5-472c-b76f-fcbb6e1a4b3d", "enable_snat": true, "external_fixed_ips": [{"subnet_id": "e9dcaf32-6bae-41bf-baa1-3dcbd76a95ee", "ip_address": "172.24.4.3"}, {"subnet_id": "a182fd0d-a0f9-4621-b02a-1e2dcf0005e5", "ip_address": "2001:db8::3"}]}, "name": "tempest-router-smoke-1310989689", "admin_state_up": true, "tenant_id": "d6adcadeabbe4cd18cafdad358203477", "routes": [], "id": "43bff9a6-4a55-4b83-93b5-e3f1effb0941"}}
2015-12-15 06:29:09,491 24315 INFO     [tempest_lib.common.rest_client] Request (TestNetworkAdvancedServerOps:test_server_connectivity_pause_unpause): 200 GET http://10.0.2.15:9696/v2.0/subnets?tenant_id=d6adcadeabbe4cd18cafdad358203477&amp;cidr=10.100.0.0%2F28 0.147s
2015-12-15 06:29:09,492 24315 DEBUG    [tempest_lib.common.rest_client] Request - Headers: {'Content-Type': 'application/json', 'Accept': 'application/json', 'X-Auth-Token': '&lt;omitted&gt;'}
        Body: None
    Response - Headers: {'status': '200', 'content-length': '15', 'content-location': 'http://10.0.2.15:9696/v2.0/subnets?tenant_id=d6adcadeabbe4cd18cafdad358203477&amp;cidr=10.100.0.0%2F28', 'connection': 'close', 'date': 'Tue, 15 Dec 2015 06:29:09 GMT', 'content-type': 'application/json; charset=UTF-8', 'x-openstack-request-id': 'req-3be0bbe7-09ea-4da7-859c-da0c03246716'}
        Body: {"subnets": []}
2015-12-15 06:29:09,762 24315 INFO     [tempest_lib.common.rest_client] Request (TestNetworkAdvancedServerOps:test_server_connectivity_pause_unpause): 201 POST http://10.0.2.15:9696/v2.0/subnets 0.270s
2015-12-15 06:29:09,763 24315 DEBUG    [tempest_lib.common.rest_client] Request - Headers: {'Content-Type': 'application/json', 'Accept': 'application/json', 'X-Auth-Token': '&lt;omitted&gt;'}
        Body: {"subnet": {"ip_version": 4, "tenant_id": "d6adcadeabbe4cd18cafdad358203477", "cidr": "10.100.0.0/28", "network_id": "cf6397d7-72c4-4ccd-ac07-078eae4683c7", "name": "tempest-subnet-smoke-381579485"}}
    Response - Headers: {'status': '201', 'content-length': '477', 'connection': 'close', 'date': 'Tue, 15 Dec 2015 06:29:09 GMT', 'content-type': 'application/json; charset=UTF-8', 'x-openstack-request-id': 'req-661dd78f-a817-470a-9241-8d30be1e9472'}
        Body: {"subnet": {"name": "tempest-subnet-smoke-381579485", "enable_dhcp": true, "network_id": "cf6397d7-72c4-4ccd-ac07-078eae4683c7", "tenant_id": "d6adcadeabbe4cd18cafdad358203477", "dns_nameservers": [], "gateway_ip": "10.100.0.1", "ipv6_ra_mode": null, "allocation_pools": [{"start": "10.100.0.2", "end": "10.100.0.14"}], "host_routes": [], "ip_version": 4, "ipv6_address_mode": null, "cidr": "10.100.0.0/28", "id": "c22e462c-e440-4cb2-94d9-7ce8503eb615", "subnetpool_id": null}}
2015-12-15 06:29:10,328 24315 INFO     [tempest_lib.common.rest_client] Request (TestNetworkAdvancedServerOps:test_server_connectivity_pause_unpause): 200 PUT http://10.0.2.15:9696/v2.0/routers/43bff9a6-4a55-4b83-93b5-e3f1effb0941/add_router_interface 0.564s
2015-12-15 06:29:10,329 24315 DEBUG    [tempest_lib.common.rest_client] Request - Headers: {'Content-Type': 'application/json', 'Accept': 'application/json', 'X-Auth-Token': '&lt;omitted&gt;'}
        Body: {"subnet_id": "c22e462c-e440-4cb2-94d9-7ce8503eb615"}
    Response - Headers: {'status': '200', 'content-length': '255', 'connection': 'close', 'date': 'Tue, 15 Dec 2015 06:29:10 GMT', 'content-type': 'application/json; charset=UTF-8', 'x-openstack-request-id': 'req-a532b50c-c76a-41c1-ad1f-d6a81ccf23ce'}
        Body: {"subnet_id": "c22e462c-e440-4cb2-94d9-7ce8503eb615", "tenant_id": "d6adcadeabbe4cd18cafdad358203477", "subnet_ids": ["c22e462c-e440-4cb2-94d9-7ce8503eb615"], "port_id": "0283c001-ab5b-4da6-88dd-b71dba1c2165", "id": "43bff9a6-4a55-4b83-93b5-e3f1effb0941"}
2015-12-15 06:29:10,443 24315 INFO     [tempest_lib.common.rest_client] Request (TestNetworkAdvancedServerOps:test_server_connectivity_pause_unpause): 200 POST http://10.0.2.15:5000/v2.0/tokens
2015-12-15 06:29:10,444 24315 DEBUG    [tempest_lib.common.rest_client] Request - Headers: {'Content-Type': 'application/json', 'Accept': 'application/json'}
        Body: &lt;omitted&gt;
    Response - Headers: {'status': '200', 'content-length': '2566', 'vary': 'X-Auth-Token', 'server': 'Apache/2.4.7 (Ubuntu)', 'connection': 'close', 'date': 'Tue, 15 Dec 2015 06:29:10 GMT', 'content-type': 'application/json', 'x-openstack-request-id': 'req-a48f5362-53f4-48f3-9720-c059c83b9853'}
        Body: {"access": {"token": {"issued_at": "2015-12-15T06:29:10.434436", "expires": "2015-12-15T07:29:10Z", "id": "a70d3abbc23641668a865aac60286664", "tenant": {"description": "tempest-TestNetworkAdvancedServerOps-1373048816-desc", "enabled": true, "id": "d6adcadeabbe4cd18cafdad358203477", "name": "tempest-TestNetworkAdvancedServerOps-1373048816"}, "audit_ids": ["oB0Wsyz0SD2ERlS8N_1UXg"]}, "serviceCatalog": [{"endpoints": [{"adminURL": "http://10.0.2.15:8774/v2.1/d6adcadeabbe4cd18cafdad358203477", "region": "RegionOne", "internalURL": "http://10.0.2.15:8774/v2.1/d6adcadeabbe4cd18cafdad358203477", "id": "b3aee2d6a5da4e5b8570d6b7ae64d9b9", "publicURL": "http://10.0.2.15:8774/v2.1/d6adcadeabbe4cd18cafdad358203477"}], "endpoints_links": [], "type": "compute", "name": "nova"}, {"endpoints": [{"adminURL": "http://10.0.2.15:9696/", "region": "RegionOne", "internalURL": "http://10.0.2.15:9696/", "id": "8a7787565921494b926f396a861d6cb5", "publicURL": "http://10.0.2.15:9696/"}], "endpoints_links": [], "type": "network", "name": "neutron"}, {"endpoints": [{"adminURL": "http://10.0.2.15:9292", "region": "RegionOne", "internalURL": "http://10.0.2.15:9292", "id": "50926529b5ad4866b4b580518cbd096e", "publicURL": "http://10.0.2.15:9292"}], "endpoints_links": [], "type": "image", "name": "glance"}, {"endpoints": [{"adminURL": "http://10.0.2.15:8774/v2/d6adcadeabbe4cd18cafdad358203477", "region": "RegionOne", "internalURL": "http://10.0.2.15:8774/v2/d6adcadeabbe4cd18cafdad358203477", "id": "0e6f723e96dd45219ddf8700821fd5f7", "publicURL": "http://10.0.2.15:8774/v2/d6adcadeabbe4cd18cafdad358203477"}], "endpoints_links": [], "type": "compute_legacy", "name": "nova_legacy"}, {"endpoints": [{"adminURL": "http://10.0.2.15:8773/", "region": "RegionOne", "internalURL": "http://10.0.2.15:8773/", "id": "9c4ad3d401d54c9e8d05a7669e481cf5", "publicURL": "http://10.0.2.15:8773/"}], "endpoints_links": [], "type": "ec2", "name": "ec2"}, {"endpoints": [{"adminURL": "http://10.0.2.15:35357/v2.0", "region": "RegionOne", "internalURL": "http://10.0.2.15:5000/v2.0", "id": "09a7ceefee434cf381008d5885d8ec4e", "publicURL": "http://10.0.2.15:5000/v2.0"}], "endpoints_links": [], "type": "identity", "name": "keystone"}], "user": {"username": "tempest-TestNetworkAdvancedServerOps-1908718925", "roles_links": [], "id": "de33822fdf91494bb0c32e00241d8892", "roles": [{"name": "_member_"}, {"name": "Member"}], "name": "tempest-TestNetworkAdvancedServerOps-1908718925"}, "metadata": {"is_admin": 0, "roles": ["9fe2ff9ee4384b1894a90878d3e92bab", "2b51c501e1974fd0b7396c6a43d3793c"]}}}
2015-12-15 06:29:10,451 24315 DEBUG    [tempest.common.fixed_network] (TestNetworkAdvancedServerOps:test_server_connectivity_pause_unpause) No valid network provided or created, defaulting to fixed_network_name
2015-12-15 06:29:10,783 24315 INFO     [tempest_lib.common.rest_client] Request (TestNetworkAdvancedServerOps:test_server_connectivity_pause_unpause): 200 GET http://10.0.2.15:8774/v2.1/d6adcadeabbe4cd18cafdad358203477/os-networks 0.331s
2015-12-15 06:29:10,784 24315 DEBUG    [tempest_lib.common.rest_client] Request - Headers: {'Content-Type': 'application/json', 'Accept': 'application/json', 'X-Auth-Token': '&lt;omitted&gt;'}
        Body: None
    Response - Headers: {'status': '200', 'content-length': '478', 'content-location': 'http://10.0.2.15:8774/v2.1/d6adcadeabbe4cd18cafdad358203477/os-networks', 'x-compute-request-id': 'req-3770c49a-22b1-4a0d-bfc4-56f2ebbb71ef', 'vary': 'X-OpenStack-Nova-API-Version', 'connection': 'close', 'x-openstack-nova-api-version': '2.1', 'date': 'Tue, 15 Dec 2015 06:29:10 GMT', 'content-type': 'application/json'}
        Body: {"networks": [{"cidr_v6": null, "dns2": null, "dns1": null, "gateway": null, "broadcast": null, "netmask": null, "gateway_v6": null, "cidr": null, "label": "public", "id": "5d41973d-abd5-472c-b76f-fcbb6e1a4b3d", "netmask_v6": null}, {"cidr_v6": null, "dns2": null, "dns1": null, "gateway": null, "broadcast": null, "netmask": null, "gateway_v6": null, "cidr": null, "label": "tempest-network-smoke--139453470", "id": "cf6397d7-72c4-4ccd-ac07-078eae4683c7", "netmask_v6": null}]}
2015-12-15 06:29:10,784 24315 WARNING  [tempest.common.fixed_network] (TestNetworkAdvancedServerOps:test_server_connectivity_pause_unpause) Network with name: private not found
2015-12-15 06:29:10,785 24315 INFO     [tempest.common.fixed_network] (TestNetworkAdvancedServerOps:test_server_connectivity_pause_unpause) Found network {} available for tenant
2015-12-15 06:29:12,251 24315 INFO     [tempest_lib.common.rest_client] Request (TestNetworkAdvancedServerOps:test_server_connectivity_pause_unpause): 202 POST http://10.0.2.15:8774/v2.1/d6adcadeabbe4cd18cafdad358203477/servers 1.465s
2015-12-15 06:29:12,251 24315 DEBUG    [tempest_lib.common.rest_client] Request - Headers: {'Content-Type': 'application/json', 'Accept': 'application/json', 'X-Auth-Token': '&lt;omitted&gt;'}
        Body: {"server": {"name": "tempest.common.compute-instance-1700375311", "imageRef": "53f54fb5-7954-430c-8f82-327639095645", "key_name": "tempest-TestNetworkAdvancedServerOps-1875709409", "flavorRef": "42", "networks": [{"uuid": "cf6397d7-72c4-4ccd-ac07-078eae4683c7"}], "security_groups": [{"name": "tempest-secgroup-smoke-1411838705"}]}}
    Response - Headers: {'status': '202', 'content-length': '462', 'x-compute-request-id': 'req-52c55571-30bc-4884-a948-97ae062e2a04', 'vary': 'X-OpenStack-Nova-API-Version', 'connection': 'close', 'location': 'http://10.0.2.15:8774/v2.1/d6adcadeabbe4cd18cafdad358203477/servers/94f1a0da-439e-40a6-b5a8-aca795bc4557', 'x-openstack-nova-api-version': '2.1', 'date': 'Tue, 15 Dec 2015 06:29:12 GMT', 'content-type': 'application/json'}
        Body: {"server": {"security_groups": [{"name": "tempest-secgroup-smoke-1411838705"}], "OS-DCF:diskConfig": "MANUAL", "id": "94f1a0da-439e-40a6-b5a8-aca795bc4557", "links": [{"href": "http://10.0.2.15:8774/v2.1/d6adcadeabbe4cd18cafdad358203477/servers/94f1a0da-439e-40a6-b5a8-aca795bc4557", "rel": "self"}, {"href": "http://10.0.2.15:8774/d6adcadeabbe4cd18cafdad358203477/servers/94f1a0da-439e-40a6-b5a8-aca795bc4557", "rel": "bookmark"}], "adminPass": "emy787AaHryM"}}
2015-12-15 06:29:12,531 24315 INFO     [tempest_lib.common.rest_client] Request (TestNetworkAdvancedServerOps:test_server_connectivity_pause_unpause): 200 GET http://10.0.2.15:8774/v2.1/d6adcadeabbe4cd18cafdad358203477/servers/94f1a0da-439e-40a6-b5a8-aca795bc4557 0.277s
2015-12-15 06:29:12,532 24315 DEBUG    [tempest_lib.common.rest_client] Request - Headers: {'Content-Type': 'application/json', 'Accept': 'application/json', 'X-Auth-Token': '&lt;omitted&gt;'}
        Body: None
    Response - Headers: {'status': '200', 'content-length': '1365', 'content-location': 'http://10.0.2.15:8774/v2.1/d6adcadeabbe4cd18cafdad358203477/servers/94f1a0da-439e-40a6-b5a8-aca795bc4557', 'x-compute-request-id': 'req-7521f321-535f-44d8-945f-84b45f62be27', 'vary': 'X-OpenStack-Nova-API-Version', 'connection': 'close', 'x-openstack-nova-api-version': '2.1', 'date': 'Tue, 15 Dec 2015 06:29:12 GMT', 'content-type': 'application/json'}
        Body: {"server": {"status": "BUILD", "updated": "2015-12-15T06:29:12Z", "hostId": "", "addresses": {}, "links": [{"href": "http://10.0.2.15:8774/v2.1/d6adcadeabbe4cd18cafdad358203477/servers/94f1a0da-439e-40a6-b5a8-aca795bc4557", "rel": "self"}, {"href": "http://10.0.2.15:8774/d6adcadeabbe4cd18cafdad358203477/servers/94f1a0da-439e-40a6-b5a8-aca795bc4557", "rel": "bookmark"}], "key_name": "tempest-TestNetworkAdvancedServerOps-1875709409", "image": {"id": "53f54fb5-7954-430c-8f82-327639095645", "links": [{"href": "http://10.0.2.15:8774/d6adcadeabbe4cd18cafdad358203477/images/53f54fb5-7954-430c-8f82-327639095645", "rel": "bookmark"}]}, "OS-EXT-STS:task_state": "scheduling", "OS-EXT-STS:vm_state": "building", "OS-SRV-USG:launched_at": null, "flavor": {"id": "42", "links": [{"href": "http://10.0.2.15:8774/d6adcadeabbe4cd18cafdad358203477/flavors/42", "rel": "bookmark"}]}, "id": "94f1a0da-439e-40a6-b5a8-aca795bc4557", "OS-SRV-USG:terminated_at": null, "OS-EXT-AZ:availability_zone": "", "user_id": "de33822fdf91494bb0c32e00241d8892", "name": "tempest.common.compute-instance-1700375311", "created": "2015-12-15T06:29:12Z", "tenant_id": "d6adcadeabbe4cd18cafdad358203477", "OS-DCF:diskConfig": "MANUAL", "os-extended-volumes:volumes_attached": [], "accessIPv4": "", "accessIPv6": "", "progress": 0, "OS-EXT-STS:power_state": 0, "config_drive": "", "metadata": {}}}
2015-12-15 06:29:13,827 24315 INFO     [tempest_lib.common.rest_client] Request (TestNetworkAdvancedServerOps:test_server_connectivity_pause_unpause): 200 GET http://10.0.2.15:8774/v2.1/d6adcadeabbe4cd18cafdad358203477/servers/94f1a0da-439e-40a6-b5a8-aca795bc4557 0.284s
2015-12-15 06:29:13,828 24315 DEBUG    [tempest_lib.common.rest_client] Request - Headers: {'Content-Type': 'application/json', 'Accept': 'application/json', 'X-Auth-Token': '&lt;omitted&gt;'}
        Body: None
    Response - Headers: {'status': '200', 'content-length': '1491', 'content-location': 'http://10.0.2.15:8774/v2.1/d6adcadeabbe4cd18cafdad358203477/servers/94f1a0da-439e-40a6-b5a8-aca795bc4557', 'x-compute-request-id': 'req-5ac5777e-7e37-4fdb-b8c7-46581d73fff5', 'vary': 'X-OpenStack-Nova-API-Version', 'connection': 'close', 'x-openstack-nova-api-version': '2.1', 'date': 'Tue, 15 Dec 2015 06:29:13 GMT', 'content-type': 'application/json'}
        Body: {"server": {"status": "BUILD", "updated": "2015-12-15T06:29:13Z", "hostId": "daba2c9d7c06ac654f06aeecdf86f5686563a7524eb158f14ae9c16c", "addresses": {}, "links": [{"href": "http://10.0.2.15:8774/v2.1/d6adcadeabbe4cd18cafdad358203477/servers/94f1a0da-439e-40a6-b5a8-aca795bc4557", "rel": "self"}, {"href": "http://10.0.2.15:8774/d6adcadeabbe4cd18cafdad358203477/servers/94f1a0da-439e-40a6-b5a8-aca795bc4557", "rel": "bookmark"}], "key_name": "tempest-TestNetworkAdvancedServerOps-1875709409", "image": {"id": "53f54fb5-7954-430c-8f82-327639095645", "links": [{"href": "http://10.0.2.15:8774/d6adcadeabbe4cd18cafdad358203477/images/53f54fb5-7954-430c-8f82-327639095645", "rel": "bookmark"}]}, "OS-EXT-STS:task_state": "spawning", "OS-EXT-STS:vm_state": "building", "OS-SRV-USG:launched_at": null, "flavor": {"id": "42", "links": [{"href": "http://10.0.2.15:8774/d6adcadeabbe4cd18cafdad358203477/flavors/42", "rel": "bookmark"}]}, "id": "94f1a0da-439e-40a6-b5a8-aca795bc4557", "security_groups": [{"name": "tempest-secgroup-smoke-1411838705"}], "OS-SRV-USG:terminated_at": null, "OS-EXT-AZ:availability_zone": "nova", "user_id": "de33822fdf91494bb0c32e00241d8892", "name": "tempest.common.compute-instance-1700375311", "created": "2015-12-15T06:29:12Z", "tenant_id": "d6adcadeabbe4cd18cafdad358203477", "OS-DCF:diskConfig": "MANUAL", "os-extended-volumes:volumes_attached": [], "accessIPv4": "", "accessIPv6": "", "progress": 0, "OS-EXT-STS:power_state": 0, "config_drive": "", "metadata": {}}}
2015-12-15 06:29:13,839 24315 INFO     [tempest.common.waiters] State transition "BUILD/scheduling" ==&gt; "BUILD/spawning" after 1 second wait
2015-12-15 06:29:15,065 24315 INFO     [tempest_lib.common.rest_client] Request (TestNetworkAdvancedServerOps:test_server_connectivity_pause_unpause): 200 GET http://10.0.2.15:8774/v2.1/d6adcadeabbe4cd18cafdad358203477/servers/94f1a0da-439e-40a6-b5a8-aca795bc4557 0.224s
2015-12-15 06:29:15,066 24315 DEBUG    [tempest_lib.common.rest_client] Request - Headers: {'Content-Type': 'application/json', 'Accept': 'application/json', 'X-Auth-Token': '&lt;omitted&gt;'}
        Body: None
    Response - Headers: {'status': '200', 'content-length': '1491', 'content-location': 'http://10.0.2.15:8774/v2.1/d6adcadeabbe4cd18cafdad358203477/servers/94f1a0da-439e-40a6-b5a8-aca795bc4557', 'x-compute-request-id': 'req-eecc8ee9-5840-47a2-8e9b-40d44c7dc66f', 'vary': 'X-OpenStack-Nova-API-Version', 'connection': 'close', 'x-openstack-nova-api-version': '2.1', 'date': 'Tue, 15 Dec 2015 06:29:15 GMT', 'content-type': 'application/json'}
        Body: {"server": {"status": "BUILD", "updated": "2015-12-15T06:29:13Z", "hostId": "daba2c9d7c06ac654f06aeecdf86f5686563a7524eb158f14ae9c16c", "addresses": {}, "links": [{"href": "http://10.0.2.15:8774/v2.1/d6adcadeabbe4cd18cafdad358203477/servers/94f1a0da-439e-40a6-b5a8-aca795bc4557", "rel": "self"}, {"href": "http://10.0.2.15:8774/d6adcadeabbe4cd18cafdad358203477/servers/94f1a0da-439e-40a6-b5a8-aca795bc4557", "rel": "bookmark"}], "key_name": "tempest-TestNetworkAdvancedServerOps-1875709409", "image": {"id": "53f54fb5-7954-430c-8f82-327639095645", "links": [{"href": "http://10.0.2.15:8774/d6adcadeabbe4cd18cafdad358203477/images/53f54fb5-7954-430c-8f82-327639095645", "rel": "bookmark"}]}, "OS-EXT-STS:task_state": "spawning", "OS-EXT-STS:vm_state": "building", "OS-SRV-USG:launched_at": null, "flavor": {"id": "42", "links": [{"href": "http://10.0.2.15:8774/d6adcadeabbe4cd18cafdad358203477/flavors/42", "rel": "bookmark"}]}, "id": "94f1a0da-439e-40a6-b5a8-aca795bc4557", "security_groups": [{"name": "tempest-secgroup-smoke-1411838705"}], "OS-SRV-USG:terminated_at": null, "OS-EXT-AZ:availability_zone": "nova", "user_id": "de33822fdf91494bb0c32e00241d8892", "name": "tempest.common.compute-instance-1700375311", "created": "2015-12-15T06:29:12Z", "tenant_id": "d6adcadeabbe4cd18cafdad358203477", "OS-DCF:diskConfig": "MANUAL", "os-extended-volumes:volumes_attached": [], "accessIPv4": "", "accessIPv6": "", "progress": 0, "OS-EXT-STS:power_state": 0, "config_drive": "", "metadata": {}}}
2015-12-15 06:29:16,290 24315 INFO     [tempest_lib.common.rest_client] Request (TestNetworkAdvancedServerOps:test_server_connectivity_pause_unpause): 200 GET http://10.0.2.15:8774/v2.1/d6adcadeabbe4cd18cafdad358203477/servers/94f1a0da-439e-40a6-b5a8-aca795bc4557 0.212s
2015-12-15 06:29:16,291 24315 DEBUG    [tempest_lib.common.rest_client] Request - Headers: {'Content-Type': 'application/json', 'Accept': 'application/json', 'X-Auth-Token': '&lt;omitted&gt;'}
        Body: None
    Response - Headers: {'status': '200', 'content-length': '1662', 'content-location': 'http://10.0.2.15:8774/v2.1/d6adcadeabbe4cd18cafdad358203477/servers/94f1a0da-439e-40a6-b5a8-aca795bc4557', 'x-compute-request-id': 'req-0b2088f0-f55d-48fd-9347-e2d19e1dcc28', 'vary': 'X-OpenStack-Nova-API-Version', 'connection': 'close', 'x-openstack-nova-api-version': '2.1', 'date': 'Tue, 15 Dec 2015 06:29:16 GMT', 'content-type': 'application/json'}
        Body: {"server": {"status": "ACTIVE", "updated": "2015-12-15T06:29:15Z", "hostId": "daba2c9d7c06ac654f06aeecdf86f5686563a7524eb158f14ae9c16c", "addresses": {"tempest-network-smoke--139453470": [{"OS-EXT-IPS-MAC:mac_addr": "fa:16:3e:63:0d:0d", "version": 4, "addr": "10.100.0.3", "OS-EXT-IPS:type": "fixed"}]}, "links": [{"href": "http://10.0.2.15:8774/v2.1/d6adcadeabbe4cd18cafdad358203477/servers/94f1a0da-439e-40a6-b5a8-aca795bc4557", "rel": "self"}, {"href": "http://10.0.2.15:8774/d6adcadeabbe4cd18cafdad358203477/servers/94f1a0da-439e-40a6-b5a8-aca795bc4557", "rel": "bookmark"}], "key_name": "tempest-TestNetworkAdvancedServerOps-1875709409", "image": {"id": "53f54fb5-7954-430c-8f82-327639095645", "links": [{"href": "http://10.0.2.15:8774/d6adcadeabbe4cd18cafdad358203477/images/53f54fb5-7954-430c-8f82-327639095645", "rel": "bookmark"}]}, "OS-EXT-STS:task_state": null, "OS-EXT-STS:vm_state": "active", "OS-SRV-USG:launched_at": "2015-12-15T06:29:15.000000", "flavor": {"id": "42", "links": [{"href": "http://10.0.2.15:8774/d6adcadeabbe4cd18cafdad358203477/flavors/42", "rel": "bookmark"}]}, "id": "94f1a0da-439e-40a6-b5a8-aca795bc4557", "security_groups": [{"name": "tempest-secgroup-smoke-1411838705"}], "OS-SRV-USG:terminated_at": null, "OS-EXT-AZ:availability_zone": "nova", "user_id": "de33822fdf91494bb0c32e00241d8892", "name": "tempest.common.compute-instance-1700375311", "created": "2015-12-15T06:29:12Z", "tenant_id": "d6adcadeabbe4cd18cafdad358203477", "OS-DCF:diskConfig": "MANUAL", "os-extended-volumes:volumes_attached": [], "accessIPv4": "", "accessIPv6": "", "progress": 0, "OS-EXT-STS:power_state": 1, "config_drive": "True", "metadata": {}}}
2015-12-15 06:29:16,304 24315 INFO     [tempest.common.waiters] State transition "BUILD/spawning" ==&gt; "ACTIVE/None" after 4 second wait
2015-12-15 06:29:16,492 24315 INFO     [tempest_lib.common.rest_client] Request (TestNetworkAdvancedServerOps:test_server_connectivity_pause_unpause): 200 GET http://10.0.2.15:8774/v2.1/d6adcadeabbe4cd18cafdad358203477/servers/94f1a0da-439e-40a6-b5a8-aca795bc4557 0.185s
2015-12-15 06:29:16,492 24315 DEBUG    [tempest_lib.common.rest_client] Request - Headers: {'Content-Type': 'application/json', 'Accept': 'application/json', 'X-Auth-Token': '&lt;omitted&gt;'}
        Body: None
    Response - Headers: {'status': '200', 'content-length': '1662', 'content-location': 'http://10.0.2.15:8774/v2.1/d6adcadeabbe4cd18cafdad358203477/servers/94f1a0da-439e-40a6-b5a8-aca795bc4557', 'x-compute-request-id': 'req-51441ec5-3777-4bb0-a242-9f8920b6c9fc', 'vary': 'X-OpenStack-Nova-API-Version', 'connection': 'close', 'x-openstack-nova-api-version': '2.1', 'date': 'Tue, 15 Dec 2015 06:29:16 GMT', 'content-type': 'application/json'}
        Body: {"server": {"status": "ACTIVE", "updated": "2015-12-15T06:29:15Z", "hostId": "daba2c9d7c06ac654f06aeecdf86f5686563a7524eb158f14ae9c16c", "addresses": {"tempest-network-smoke--139453470": [{"OS-EXT-IPS-MAC:mac_addr": "fa:16:3e:63:0d:0d", "version": 4, "addr": "10.100.0.3", "OS-EXT-IPS:type": "fixed"}]}, "links": [{"href": "http://10.0.2.15:8774/v2.1/d6adcadeabbe4cd18cafdad358203477/servers/94f1a0da-439e-40a6-b5a8-aca795bc4557", "rel": "self"}, {"href": "http://10.0.2.15:8774/d6adcadeabbe4cd18cafdad358203477/servers/94f1a0da-439e-40a6-b5a8-aca795bc4557", "rel": "bookmark"}], "key_name": "tempest-TestNetworkAdvancedServerOps-1875709409", "image": {"id": "53f54fb5-7954-430c-8f82-327639095645", "links": [{"href": "http://10.0.2.15:8774/d6adcadeabbe4cd18cafdad358203477/images/53f54fb5-7954-430c-8f82-327639095645", "rel": "bookmark"}]}, "OS-EXT-STS:task_state": null, "OS-EXT-STS:vm_state": "active", "OS-SRV-USG:launched_at": "2015-12-15T06:29:15.000000", "flavor": {"id": "42", "links": [{"href": "http://10.0.2.15:8774/d6adcadeabbe4cd18cafdad358203477/flavors/42", "rel": "bookmark"}]}, "id": "94f1a0da-439e-40a6-b5a8-aca795bc4557", "security_groups": [{"name": "tempest-secgroup-smoke-1411838705"}], "OS-SRV-USG:terminated_at": null, "OS-EXT-AZ:availability_zone": "nova", "user_id": "de33822fdf91494bb0c32e00241d8892", "name": "tempest.common.compute-instance-1700375311", "created": "2015-12-15T06:29:12Z", "tenant_id": "d6adcadeabbe4cd18cafdad358203477", "OS-DCF:diskConfig": "MANUAL", "os-extended-volumes:volumes_attached": [], "accessIPv4": "", "accessIPv6": "", "progress": 0, "OS-EXT-STS:power_state": 1, "config_drive": "True", "metadata": {}}}
2015-12-15 06:29:16,646 24315 INFO     [tempest_lib.common.rest_client] Request (TestNetworkAdvancedServerOps:test_server_connectivity_pause_unpause): 200 GET http://10.0.2.15:9696/v2.0/ports?status=ACTIVE&amp;fixed_ip=None&amp;device_id=94f1a0da-439e-40a6-b5a8-aca795bc4557 0.141s
2015-12-15 06:29:16,647 24315 DEBUG    [tempest_lib.common.rest_client] Request - Headers: {'Content-Type': 'application/json', 'Accept': 'application/json', 'X-Auth-Token': '&lt;omitted&gt;'}
        Body: None
    Response - Headers: {'status': '200', 'content-length': '895', 'content-location': 'http://10.0.2.15:9696/v2.0/ports?status=ACTIVE&amp;fixed_ip=None&amp;device_id=94f1a0da-439e-40a6-b5a8-aca795bc4557', 'connection': 'close', 'date': 'Tue, 15 Dec 2015 06:29:16 GMT', 'content-type': 'application/json; charset=UTF-8', 'x-openstack-request-id': 'req-23af8498-fd15-4c25-9243-917007087226'}
        Body: {"ports": [{"status": "ACTIVE", "binding:host_id": "vagrant-ubuntu-trusty-64", "allowed_address_pairs": [], "extra_dhcp_opts": [], "dns_assignment": [{"hostname": "host-10-100-0-3", "ip_address": "10.100.0.3", "fqdn": "host-10-100-0-3.openstacklocal."}], "device_owner": "compute:None", "port_security_enabled": true, "binding:profile": {}, "fixed_ips": [{"subnet_id": "c22e462c-e440-4cb2-94d9-7ce8503eb615", "ip_address": "10.100.0.3"}], "id": "da05834e-1df8-49f4-88bb-3d84f2170ae3", "security_groups": ["10d94130-e908-41b8-8f68-b9cf08e23e0c"], "device_id": "94f1a0da-439e-40a6-b5a8-aca795bc4557", "name": "", "admin_state_up": true, "network_id": "cf6397d7-72c4-4ccd-ac07-078eae4683c7", "dns_name": "", "binding:vif_details": {"port_filter": true}, "binding:vnic_type": "normal", "binding:vif_type": "ovs", "tenant_id": "d6adcadeabbe4cd18cafdad358203477", "mac_address": "fa:16:3e:63:0d:0d"}]}
2015-12-15 06:29:17,083 24315 INFO     [tempest_lib.common.rest_client] Request (TestNetworkAdvancedServerOps:test_server_connectivity_pause_unpause): 201 POST http://10.0.2.15:9696/v2.0/floatingips 0.435s
2015-12-15 06:29:17,084 24315 DEBUG    [tempest_lib.common.rest_client] Request - Headers: {'Content-Type': 'application/json', 'Accept': 'application/json', 'X-Auth-Token': '&lt;omitted&gt;'}
        Body: {"floatingip": {"floating_network_id": "5d41973d-abd5-472c-b76f-fcbb6e1a4b3d", "tenant_id": "d6adcadeabbe4cd18cafdad358203477", "fixed_ip_address": "10.100.0.3", "port_id": "da05834e-1df8-49f4-88bb-3d84f2170ae3"}}
    Response - Headers: {'status': '201', 'content-length': '367', 'connection': 'close', 'date': 'Tue, 15 Dec 2015 06:29:17 GMT', 'content-type': 'application/json; charset=UTF-8', 'x-openstack-request-id': 'req-72ef7ee0-b44e-453b-9f41-f62a7eb45b4c'}
        Body: {"floatingip": {"floating_network_id": "5d41973d-abd5-472c-b76f-fcbb6e1a4b3d", "router_id": "43bff9a6-4a55-4b83-93b5-e3f1effb0941", "fixed_ip_address": "10.100.0.3", "floating_ip_address": "172.24.4.4", "tenant_id": "d6adcadeabbe4cd18cafdad358203477", "status": "DOWN", "port_id": "da05834e-1df8-49f4-88bb-3d84f2170ae3", "id": "62f897aa-46af-49b9-a2c9-b365f1bdf3dd"}}
2015-12-15 06:29:17,307 24315 INFO     [tempest_lib.common.rest_client] Request (TestNetworkAdvancedServerOps:test_server_connectivity_pause_unpause): 200 GET http://10.0.2.15:8774/v2.1/d6adcadeabbe4cd18cafdad358203477/servers/94f1a0da-439e-40a6-b5a8-aca795bc4557 0.222s
2015-12-15 06:29:17,307 24315 DEBUG    [tempest_lib.common.rest_client] Request - Headers: {'Content-Type': 'application/json', 'Accept': 'application/json', 'X-Auth-Token': '&lt;omitted&gt;'}
        Body: None
    Response - Headers: {'status': '200', 'content-length': '1662', 'content-location': 'http://10.0.2.15:8774/v2.1/d6adcadeabbe4cd18cafdad358203477/servers/94f1a0da-439e-40a6-b5a8-aca795bc4557', 'x-compute-request-id': 'req-0a2fadae-136b-44cd-a234-5034c3344351', 'vary': 'X-OpenStack-Nova-API-Version', 'connection': 'close', 'x-openstack-nova-api-version': '2.1', 'date': 'Tue, 15 Dec 2015 06:29:17 GMT', 'content-type': 'application/json'}
        Body: {"server": {"status": "ACTIVE", "updated": "2015-12-15T06:29:15Z", "hostId": "daba2c9d7c06ac654f06aeecdf86f5686563a7524eb158f14ae9c16c", "addresses": {"tempest-network-smoke--139453470": [{"OS-EXT-IPS-MAC:mac_addr": "fa:16:3e:63:0d:0d", "version": 4, "addr": "10.100.0.3", "OS-EXT-IPS:type": "fixed"}]}, "links": [{"href": "http://10.0.2.15:8774/v2.1/d6adcadeabbe4cd18cafdad358203477/servers/94f1a0da-439e-40a6-b5a8-aca795bc4557", "rel": "self"}, {"href": "http://10.0.2.15:8774/d6adcadeabbe4cd18cafdad358203477/servers/94f1a0da-439e-40a6-b5a8-aca795bc4557", "rel": "bookmark"}], "key_name": "tempest-TestNetworkAdvancedServerOps-1875709409", "image": {"id": "53f54fb5-7954-430c-8f82-327639095645", "links": [{"href": "http://10.0.2.15:8774/d6adcadeabbe4cd18cafdad358203477/images/53f54fb5-7954-430c-8f82-327639095645", "rel": "bookmark"}]}, "OS-EXT-STS:task_state": null, "OS-EXT-STS:vm_state": "active", "OS-SRV-USG:launched_at": "2015-12-15T06:29:15.000000", "flavor": {"id": "42", "links": [{"href": "http://10.0.2.15:8774/d6adcadeabbe4cd18cafdad358203477/flavors/42", "rel": "bookmark"}]}, "id": "94f1a0da-439e-40a6-b5a8-aca795bc4557", "security_groups": [{"name": "tempest-secgroup-smoke-1411838705"}], "OS-SRV-USG:terminated_at": null, "OS-EXT-AZ:availability_zone": "nova", "user_id": "de33822fdf91494bb0c32e00241d8892", "name": "tempest.common.compute-instance-1700375311", "created": "2015-12-15T06:29:12Z", "tenant_id": "d6adcadeabbe4cd18cafdad358203477", "OS-DCF:diskConfig": "MANUAL", "os-extended-volumes:volumes_attached": [], "accessIPv4": "", "accessIPv6": "", "progress": 0, "OS-EXT-STS:power_state": 1, "config_drive": "True", "metadata": {}}}
2015-12-15 06:29:17,322 24315 INFO     [tempest.scenario.manager] Tenant networks not configured to be reachable.
2015-12-15 06:29:17,336 24315 INFO     [tempest_lib.common.rest_client] Request (TestNetworkAdvancedServerOps:test_server_connectivity_pause_unpause): 200 GET http://10.0.2.15:9696/v2.0/floatingips/62f897aa-46af-49b9-a2c9-b365f1bdf3dd 0.013s
2015-12-15 06:29:17,336 24315 DEBUG    [tempest_lib.common.rest_client] Request - Headers: {'Content-Type': 'application/json', 'Accept': 'application/json', 'X-Auth-Token': '&lt;omitted&gt;'}
        Body: None
    Response - Headers: {'status': '200', 'content-length': '367', 'content-location': 'http://10.0.2.15:9696/v2.0/floatingips/62f897aa-46af-49b9-a2c9-b365f1bdf3dd', 'connection': 'close', 'date': 'Tue, 15 Dec 2015 06:29:17 GMT', 'content-type': 'application/json; charset=UTF-8', 'x-openstack-request-id': 'req-2654ec64-07b4-4f23-9bda-26d53d7b4bd8'}
        Body: {"floatingip": {"floating_network_id": "5d41973d-abd5-472c-b76f-fcbb6e1a4b3d", "router_id": "43bff9a6-4a55-4b83-93b5-e3f1effb0941", "fixed_ip_address": "10.100.0.3", "floating_ip_address": "172.24.4.4", "tenant_id": "d6adcadeabbe4cd18cafdad358203477", "status": "DOWN", "port_id": "da05834e-1df8-49f4-88bb-3d84f2170ae3", "id": "62f897aa-46af-49b9-a2c9-b365f1bdf3dd"}}
2015-12-15 06:29:18,351 24315 INFO     [tempest_lib.common.rest_client] Request (TestNetworkAdvancedServerOps:test_server_connectivity_pause_unpause): 200 GET http://10.0.2.15:9696/v2.0/floatingips/62f897aa-46af-49b9-a2c9-b365f1bdf3dd 0.013s
2015-12-15 06:29:18,352 24315 DEBUG    [tempest_lib.common.rest_client] Request - Headers: {'Content-Type': 'application/json', 'Accept': 'application/json', 'X-Auth-Token': '&lt;omitted&gt;'}
        Body: None
    Response - Headers: {'status': '200', 'content-length': '369', 'content-location': 'http://10.0.2.15:9696/v2.0/floatingips/62f897aa-46af-49b9-a2c9-b365f1bdf3dd', 'connection': 'close', 'date': 'Tue, 15 Dec 2015 06:29:18 GMT', 'content-type': 'application/json; charset=UTF-8', 'x-openstack-request-id': 'req-c3c90756-2b05-4e78-b02f-1cd59803ae1b'}
        Body: {"floatingip": {"floating_network_id": "5d41973d-abd5-472c-b76f-fcbb6e1a4b3d", "router_id": "43bff9a6-4a55-4b83-93b5-e3f1effb0941", "fixed_ip_address": "10.100.0.3", "floating_ip_address": "172.24.4.4", "tenant_id": "d6adcadeabbe4cd18cafdad358203477", "status": "ACTIVE", "port_id": "da05834e-1df8-49f4-88bb-3d84f2170ae3", "id": "62f897aa-46af-49b9-a2c9-b365f1bdf3dd"}}
2015-12-15 06:29:18,353 24315 INFO     [tempest.scenario.manager] FloatingIP: &lt;"FloatingIP" addr="172.24.4.4" id="62f897aa-46af-49b9-a2c9-b365f1bdf3dd"&gt; is at status: ACTIVE
2015-12-15 06:29:18,353 24315 DEBUG    [tempest.scenario.manager] checking network connections to IP 172.24.4.4 with user: cirros
2015-12-15 06:29:18,354 24315 DEBUG    [tempest.scenario.manager] TestNetworkAdvancedServerOps:test_server_connectivity_pause_unpause begins to ping 172.24.4.4 in 120 sec and the expected result is reachable
2015-12-15 06:31:19,713 24315 DEBUG    [tempest.scenario.manager] TestNetworkAdvancedServerOps:test_server_connectivity_pause_unpause finishes ping 172.24.4.4 in 120 sec and the ping result is unexpected
2015-12-15 06:31:19,714 24315 ERROR    [tempest.scenario.manager] Public network connectivity check failed
2015-12-15 06:31:19.714 24315 ERROR tempest.scenario.manager Traceback (most recent call last):
2015-12-15 06:31:19.714 24315 ERROR tempest.scenario.manager   File "tempest/scenario/manager.py", line 606, in check_public_network_connectivity
2015-12-15 06:31:19.714 24315 ERROR tempest.scenario.manager     should_connect=should_connect)
2015-12-15 06:31:19.714 24315 ERROR tempest.scenario.manager   File "tempest/scenario/manager.py", line 590, in check_vm_connectivity
2015-12-15 06:31:19.714 24315 ERROR tempest.scenario.manager     msg=msg)
2015-12-15 06:31:19.714 24315 ERROR tempest.scenario.manager   File "/usr/local/lib/python2.7/dist-packages/unittest2/case.py", line 702, in assertTrue
2015-12-15 06:31:19.714 24315 ERROR tempest.scenario.manager     raise self.failureException(msg)
2015-12-15 06:31:19.714 24315 ERROR tempest.scenario.manager AssertionError: False is not true : Timed out waiting for 172.24.4.4 to become reachable
2015-12-15 06:31:19.714 24315 ERROR tempest.scenario.manager 
2015-12-15 06:31:19,934 24315 INFO     [tempest_lib.common.rest_client] Request (TestNetworkAdvancedServerOps:test_server_connectivity_pause_unpause): 200 POST http://10.0.2.15:8774/v2.1/d6adcadeabbe4cd18cafdad358203477/servers/94f1a0da-439e-40a6-b5a8-aca795bc4557/action 0.215s
2015-12-15 06:31:19,935 24315 DEBUG    [tempest_lib.common.rest_client] Request - Headers: {'Content-Type': 'application/json', 'Accept': 'application/json', 'X-Auth-Token': '&lt;omitted&gt;'}
        Body: {"os-getConsoleOutput": {}}
    Response - Headers: {'status': '200', 'content-length': '17429', 'x-compute-request-id': 'req-ec40dcdb-0cf8-4d88-bce4-aeb870d0290d', 'vary': 'X-OpenStack-Nova-API-Version', 'connection': 'close', 'x-openstack-nova-api-version': '2.1', 'date': 'Tue, 15 Dec 2015 06:31:19 GMT', 'content-type': 'application/json'}
        Body: {"output": "[    0.000000] Initializing cgroup subsys cpuset\n[    0.000000] Initializing cgroup subsys cpu\n[    0.000000] Linux version 3.2.0-80-virtual (buildd@batsu) (gcc version 4.6.3 (Ubuntu/Linaro 4.6.3-1ubuntu5) ) #116-Ubuntu SMP Mon Mar 23 17:28:52 UTC 2015 (Ubuntu 3.2.0-80.116-virtual 3.2.68)\n[    0.000000] Command line: root=/dev/vda console=tty0 console=ttyS0 no_timer_check\n[    0.000000] KERNEL supported cpus:\n[    0.000000]   Intel GenuineIntel\n[    0.000000]   AMD AuthenticAMD\n[    0.000000]   Centaur CentaurHauls\n[    0.000000] BIOS-provided physical RAM map:\n[    0.000000]  BIOS-e820: 0000000000000000 - 000000000009fc00 (usable)\n[    0.000000]  BIOS-e820: 000000000009fc00 - 00000000000a0000 (reserved)\n[    0.000000]  BIOS-e820: 00000000000f0000 - 0000000000100000 (reserved)\n[    0.000000]  BIOS-e820: 0000000000100000 - 0000000003ffe000 (usable)\n[    0.000000]  BIOS-e820: 0000000003ffe000 - 0000000004000000 (reserved)\n[    0.000000]  BIOS-e820: 00000000fffc0000 - 0000000100000000 (reserved)\n[    0.000000] NX (Execute Disable) protection: active\n[    0.000000] SMBIOS 2.4 present.\n[    0.000000] No AGP bridge found\n[    0.000000] last_pfn = 0x3ffe max_arch_pfn = 0x400000000\n[    0.000000] x86 PAT enabled: cpu 0, old 0x7040600070406, new 0x7010600070106\n[    0.000000] found SMP MP-table at [ffff8800000f0b00] f0b00\n[    0.000000] init_memory_mapping: 0000000000000000-0000000003ffe000\n[    0.000000] RAMDISK: 03c5e000 - 03ff0000\n[    0.000000] ACPI: RSDP 00000000000f0950 00014 (v00 BOCHS )\n[    0.000000] ACPI: RSDT 0000000003fffbc1 00034 (v01 BOCHS  BXPCRSDT 00000001 BXPC 00000001)\n[    0.000000] ACPI: FACP 0000000003fff1c0 00074 (v01 BOCHS  BXPCFACP 00000001 BXPC 00000001)\n[    0.000000] ACPI: DSDT 0000000003ffe040 01180 (v01 BOCHS  BXPCDSDT 00000001 BXPC 00000001)\n[    0.000000] ACPI: FACS 0000000003ffe000 00040\n[    0.000000] ACPI: SSDT 0000000003fff234 008DD (v01 BOCHS  BXPCSSDT 00000001 BXPC 00000001)\n[    0.000000] ACPI: APIC 0000000003fffb11 00078 (v01 BOCHS  BXPCAPIC 00000001 BXPC 00000001)\n[    0.000000] ACPI: HPET 0000000003fffb89 00038 (v01 BOCHS  BXPCHPET 00000001 BXPC 00000001)\n[    0.000000] No NUMA configuration found\n[    0.000000] Faking a node at 0000000000000000-0000000003ffe000\n[    0.000000] Initmem setup node 0 0000000000000000-0000000003ffe000\n[    0.000000]   NODE_DATA [0000000003ff6000 - 0000000003ffafff]\n[    0.000000] Zone PFN ranges:\n[    0.000000]   DMA      0x00000010 -&gt; 0x00001000\n[    0.000000]   DMA32    0x00001000 -&gt; 0x00100000\n[    0.000000]   Normal   empty\n[    0.000000] Movable zone start PFN for each node\n[    0.000000] early_node_map[2] active PFN ranges\n[    0.000000]     0: 0x00000010 -&gt; 0x0000009f\n[    0.000000]     0: 0x00000100 -&gt; 0x00003ffe\n[    0.000000] ACPI: PM-Timer IO Port: 0xb008\n[    0.000000] ACPI: LAPIC (acpi_id[0x00] lapic_id[0x00] enabled)\n[    0.000000] ACPI: LAPIC_NMI (acpi_id[0xff] dfl dfl lint[0x1])\n[    0.000000] ACPI: IOAPIC (id[0x00] address[0xfec00000] gsi_base[0])\n[    0.000000] IOAPIC[0]: apic_id 0, version 17, address 0xfec00000, GSI 0-23\n[    0.000000] ACPI: INT_SRC_OVR (bus 0 bus_irq 0 global_irq 2 dfl dfl)\n[    0.000000] ACPI: INT_SRC_OVR (bus 0 bus_irq 5 global_irq 5 high level)\n[    0.000000] ACPI: INT_SRC_OVR (bus 0 bus_irq 9 global_irq 9 high level)\n[    0.000000] ACPI: INT_SRC_OVR (bus 0 bus_irq 10 global_irq 10 high level)\n[    0.000000] ACPI: INT_SRC_OVR (bus 0 bus_irq 11 global_irq 11 high level)\n[    0.000000] Using ACPI (MADT) for SMP configuration information\n[    0.000000] ACPI: HPET id: 0x8086a201 base: 0xfed00000\n[    0.000000] SMP: Allowing 1 CPUs, 0 hotplug CPUs\n[    0.000000] PM: Registered nosave memory: 000000000009f000 - 00000000000a0000\n[    0.000000] PM: Registered nosave memory: 00000000000a0000 - 00000000000f0000\n[    0.000000] PM: Registered nosave memory: 00000000000f0000 - 0000000000100000\n[    0.000000] Allocating PCI resources starting at 4000000 (gap: 4000000:fbfc0000)\n[    0.000000] Booting paravirtualized kernel on bare hardware\n[    0.000000] setup_pe
2015-12-15 06:31:19,939 24315 DEBUG    [tempest.scenario.manager] Console output for 94f1a0da-439e-40a6-b5a8-aca795bc4557
body=
[    0.000000] Initializing cgroup subsys cpuset
[    0.000000] Initializing cgroup subsys cpu
[    0.000000] Linux version 3.2.0-80-virtual (buildd@batsu) (gcc version 4.6.3 (Ubuntu/Linaro 4.6.3-1ubuntu5) ) #116-Ubuntu SMP Mon Mar 23 17:28:52 UTC 2015 (Ubuntu 3.2.0-80.116-virtual 3.2.68)
[    0.000000] Command line: root=/dev/vda console=tty0 console=ttyS0 no_timer_check
[    0.000000] KERNEL supported cpus:
[    0.000000]   Intel GenuineIntel
[    0.000000]   AMD AuthenticAMD
[    0.000000]   Centaur CentaurHauls
[    0.000000] BIOS-provided physical RAM map:
[    0.000000]  BIOS-e820: 0000000000000000 - 000000000009fc00 (usable)
[    0.000000]  BIOS-e820: 000000000009fc00 - 00000000000a0000 (reserved)
[    0.000000]  BIOS-e820: 00000000000f0000 - 0000000000100000 (reserved)
[    0.000000]  BIOS-e820: 0000000000100000 - 0000000003ffe000 (usable)
[    0.000000]  BIOS-e820: 0000000003ffe000 - 0000000004000000 (reserved)
[    0.000000]  BIOS-e820: 00000000fffc0000 - 0000000100000000 (reserved)
[    0.000000] NX (Execute Disable) protection: active
[    0.000000] SMBIOS 2.4 present.
[    0.000000] No AGP bridge found
[    0.000000] last_pfn = 0x3ffe max_arch_pfn = 0x400000000
[    0.000000] x86 PAT enabled: cpu 0, old 0x7040600070406, new 0x7010600070106
[    0.000000] found SMP MP-table at [ffff8800000f0b00] f0b00
[    0.000000] init_memory_mapping: 0000000000000000-0000000003ffe000
[    0.000000] RAMDISK: 03c5e000 - 03ff0000
[    0.000000] ACPI: RSDP 00000000000f0950 00014 (v00 BOCHS )
[    0.000000] ACPI: RSDT 0000000003fffbc1 00034 (v01 BOCHS  BXPCRSDT 00000001 BXPC 00000001)
[    0.000000] ACPI: FACP 0000000003fff1c0 00074 (v01 BOCHS  BXPCFACP 00000001 BXPC 00000001)
[    0.000000] ACPI: DSDT 0000000003ffe040 01180 (v01 BOCHS  BXPCDSDT 00000001 BXPC 00000001)
[    0.000000] ACPI: FACS 0000000003ffe000 00040
[    0.000000] ACPI: SSDT 0000000003fff234 008DD (v01 BOCHS  BXPCSSDT 00000001 BXPC 00000001)
[    0.000000] ACPI: APIC 0000000003fffb11 00078 (v01 BOCHS  BXPCAPIC 00000001 BXPC 00000001)
[    0.000000] ACPI: HPET 0000000003fffb89 00038 (v01 BOCHS  BXPCHPET 00000001 BXPC 00000001)
[    0.000000] No NUMA configuration found
[    0.000000] Faking a node at 0000000000000000-0000000003ffe000
[    0.000000] Initmem setup node 0 0000000000000000-0000000003ffe000
[    0.000000]   NODE_DATA [0000000003ff6000 - 0000000003ffafff]
[    0.000000] Zone PFN ranges:
[    0.000000]   DMA      0x00000010 -&gt; 0x00001000
[    0.000000]   DMA32    0x00001000 -&gt; 0x00100000
[    0.000000]   Normal   empty
[    0.000000] Movable zone start PFN for each node
[    0.000000] early_node_map[2] active PFN ranges
[    0.000000]     0: 0x00000010 -&gt; 0x0000009f
[    0.000000]     0: 0x00000100 -&gt; 0x00003ffe
[    0.000000] ACPI: PM-Timer IO Port: 0xb008
[    0.000000] ACPI: LAPIC (acpi_id[0x00] lapic_id[0x00] enabled)
[    0.000000] ACPI: LAPIC_NMI (acpi_id[0xff] dfl dfl lint[0x1])
[    0.000000] ACPI: IOAPIC (id[0x00] address[0xfec00000] gsi_base[0])
[    0.000000] IOAPIC[0]: apic_id 0, version 17, address 0xfec00000, GSI 0-23
[    0.000000] ACPI: INT_SRC_OVR (bus 0 bus_irq 0 global_irq 2 dfl dfl)
[    0.000000] ACPI: INT_SRC_OVR (bus 0 bus_irq 5 global_irq 5 high level)
[    0.000000] ACPI: INT_SRC_OVR (bus 0 bus_irq 9 global_irq 9 high level)
[    0.000000] ACPI: INT_SRC_OVR (bus 0 bus_irq 10 global_irq 10 high level)
[    0.000000] ACPI: INT_SRC_OVR (bus 0 bus_irq 11 global_irq 11 high level)
[    0.000000] Using ACPI (MADT) for SMP configuration information
[    0.000000] ACPI: HPET id: 0x8086a201 base: 0xfed00000
[    0.000000] SMP: Allowing 1 CPUs, 0 hotplug CPUs
[    0.000000] PM: Registered nosave memory: 000000000009f000 - 00000000000a0000
[    0.000000] PM: Registered nosave memory: 00000000000a0000 - 00000000000f0000
[    0.000000] PM: Registered nosave memory: 00000000000f0000 - 0000000000100000
[    0.000000] Allocating PCI resources starting at 4000000 (gap: 4000000:fbfc0000)
[    0.000000] Booting paravirtualized kernel on bare hardware
[    0.000000] setup_percpu: NR_CPUS:64 nr_cpumask_bits:64 nr_cpu_ids:1 nr_node_ids:1
[    0.000000] PERCPU: Embedded 27 pages/cpu @ffff880003a00000 s78848 r8192 d23552 u2097152
[    0.000000] Built 1 zonelists in Node order, mobility grouping on.  Total pages: 16008
[    0.000000] Policy zone: DMA32
[    0.000000] Kernel command line: root=/dev/vda console=tty0 console=ttyS0 no_timer_check
[    0.000000] PID hash table entries: 256 (order: -1, 2048 bytes)
[    0.000000] Checking aperture...
[    0.000000] No AGP bridge found
[    0.000000] Memory: 43492k/65528k available (6576k kernel code, 452k absent, 21584k reserved, 6620k data, 928k init)
[    0.000000] SLUB: Genslabs=15, HWalign=64, Order=0-3, MinObjects=0, CPUs=1, Nodes=1
[    0.000000] Hierarchical RCU implementation.
[    0.000000] 	RCU dyntick-idle grace-period acceleration is enabled.
[    0.000000] NR_IRQS:4352 nr_irqs:256 16
[    0.000000] Console: colour VGA+ 80x25
[    0.000000] console [tty0] enabled
[    0.000000] console [ttyS0] enabled
[    0.000000] allocated 1048576 bytes of page_cgroup
[    0.000000] please try 'cgroup_disable=memory' option if you don't want memory cgroups
[    0.000000] Fast TSC calibration failed
[    0.000000] TSC: Unable to calibrate against PIT
[    0.000000] TSC: using HPET reference calibration
[    0.000000] Detected 2294.342 MHz processor.
[    0.028724] Calibrating delay loop (skipped), value calculated using timer frequency.. 4588.68 BogoMIPS (lpj=9177368)
[    0.032899] pid_max: default: 32768 minimum: 301
[    0.042596] Security Framework initialized
[    0.046783] AppArmor: AppArmor initialized
[    0.048116] Yama: becoming mindful.
[    0.055053] Dentry cache hash table entries: 8192 (order: 4, 65536 bytes)
[    0.056569] Inode-cache hash table entries: 4096 (order: 3, 32768 bytes)
[    0.057987] Mount-cache hash table entries: 256
[    0.077789] Initializing cgroup subsys cpuacct
[    0.078731] Initializing cgroup subsys memory
[    0.080664] Initializing cgroup subsys devices
[    0.081425] Initializing cgroup subsys freezer
[    0.082458] Initializing cgroup subsys blkio
[    0.083255] Initializing cgroup subsys perf_event
[    0.088485] mce: CPU supports 10 MCE banks
[    0.091241] SMP alternatives: switching to UP code
[    0.502954] Freeing SMP alternatives: 24k freed
[    0.505110] ACPI: Core revision 20110623
[    0.558044] ftrace: allocating 26610 entries in 105 pages
[    0.589254] ..TIMER: vector=0x30 apic1=0 pin1=2 apic2=-1 pin2=-1
[    0.590769] CPU0: AMD QEMU Virtual CPU version 2.0.0 stepping 03
[    0.596036] Performance Events: Broken PMU hardware detected, using software events only.
[    0.604631] NMI watchdog disabled (cpu0): hardware events not enabled
[    0.607140] Brought up 1 CPUs
[    0.608212] Total of 1 processors activated (4588.68 BogoMIPS).
[    0.632270] devtmpfs: initialized
[    0.670240] EVM: security.selinux
[    0.670811] EVM: security.SMACK64
[    0.672085] EVM: security.capability
[    0.693624] print_constraints: dummy: 
[    0.697173] RTC time:  6:29:19, date: 12/15/15
[    0.700369] NET: Registered protocol family 16
[    0.709565] ACPI: bus type pci registered
[    0.713545] PCI: Using configuration type 1 for base access
[    0.752178] bio: create slab &lt;bio-0&gt; at 0
[    0.756750] ACPI: Added _OSI(Module Device)
[    0.757365] ACPI: Added _OSI(Processor Device)
[    0.757952] ACPI: Added _OSI(3.0 _SCP Extensions)
[    0.758550] ACPI: Added _OSI(Processor Aggregator Device)
[    0.831205] ACPI: Interpreter enabled
[    0.832176] ACPI: (supports S0 S3 S4 S5)
[    0.833848] ACPI: Using IOAPIC for interrupt routing
[    0.906735] ACPI: No dock devices found.
[    0.908188] HEST: Table not found.
[    0.908762] PCI: Using host bridge windows from ACPI; if necessary, use "pci=nocrs" and report a bug
[    0.914628] ACPI: PCI Root Bridge [PCI0] (domain 0000 [bus 00-ff])
[    0.921020] pci_root PNP0A03:00: host bridge window [io  0x0000-0x0cf7]
[    0.921890] pci_root PNP0A03:00: host bridge window [io  0x0d00-0xadff]
[    0.922713] pci_root PNP0A03:00: host bridge window [io  0xae0f-0xaeff]
[    0.924057] pci_root PNP0A03:00: host bridge window [io  0xaf20-0xafdf]
[    0.924114] pci_root PNP0A03:00: host bridge window [io  0xafe4-0xffff]
[    0.925175] pci_root PNP0A03:00: host bridge window [mem 0x000a0000-0x000bffff]
[    0.926201] pci_root PNP0A03:00: host bridge window [mem 0x04000000-0xfebfffff]
[    0.948392] pci 0000:00:01.3: quirk: [io  0xb000-0xb03f] claimed by PIIX4 ACPI
[    0.949361] pci 0000:00:01.3: quirk: [io  0xb100-0xb10f] claimed by PIIX4 SMB
[    1.022633]  pci0000:00: Unable to request _OSC control (_OSC support mask: 0x1e)
[    1.074485] ACPI: PCI Interrupt Link [LNKA] (IRQs 5 *10 11)
[    1.077205] ACPI: PCI Interrupt Link [LNKB] (IRQs 5 *10 11)
[    1.079005] ACPI: PCI Interrupt Link [LNKC] (IRQs 5 10 *11)
[    1.081472] ACPI: PCI Interrupt Link [LNKD] (IRQs 5 10 *11)
[    1.082867] ACPI: PCI Interrupt Link [LNKS] (IRQs *9)
[    1.095112] vgaarb: device added: PCI:0000:00:02.0,decodes=io+mem,owns=io+mem,locks=none
[    1.096285] vgaarb: loaded
[    1.096958] vgaarb: bridge control possible 0000:00:02.0
[    1.102054] i2c-core: driver [aat2870] using legacy suspend method
[    1.102729] i2c-core: driver [aat2870] using legacy resume method
[    1.106249] SCSI subsystem initialized
[    1.110216] usbcore: registered new interface driver usbfs
[    1.112288] usbcore: registered new interface driver hub
[    1.113860] usbcore: registered new device driver usb
[    1.120513] PCI: Using ACPI for IRQ routing
[    1.132571] NetLabel: Initializing
[    1.133074] NetLabel:  domain hash size = 128
[    1.133685] NetLabel:  protocols = UNLABELED CIPSOv4
[    1.135170] NetLabel:  unlabeled traffic allowed by default
[    1.137539] HPET: 3 timers in total, 0 timers will be used for per-cpu timer
[    1.138565] hpet0: at MMIO 0xfed00000, IRQs 2, 8, 0
[    1.140366] hpet0: 3 comparators, 64-bit 100.000000 MHz counter
[    1.157612] Switching to clocksource hpet
[    1.417961] AppArmor: AppArmor Filesystem Enabled
[    1.421451] pnp: PnP ACPI init
[    1.422497] ACPI: bus type pnp registered
[    1.454023] pnp: PnP ACPI: found 9 devices
[    1.454607] ACPI: ACPI bus type pnp unregistered
[    1.515090] NET: Registered protocol family 2
[    1.559388] IP route cache hash table entries: 512 (order: 0, 4096 bytes)
[    1.571908] TCP established hash table entries: 2048 (order: 3, 32768 bytes)
[    1.575307] TCP bind hash table entries: 2048 (order: 3, 32768 bytes)
[    1.577782] TCP: Hash tables configured (established 2048 bind 2048)
[    1.579204] TCP reno registered
[    1.579954] UDP hash table entries: 128 (order: 0, 4096 bytes)
[    1.582368] UDP-Lite hash table entries: 128 (order: 0, 4096 bytes)
[    1.587405] NET: Registered protocol family 1
[    1.588519] pci 0000:00:00.0: Limiting direct PCI/PCI transfers
[    1.591232] pci 0000:00:01.0: PIIX3: Enabling Passive Release
[    1.592881] pci 0000:00:01.0: Activating ISA DMA hang workarounds
[    1.601022] ACPI: PCI Interrupt Link [LNKD] enabled at IRQ 11
[    1.602131] pci 0000:00:01.2: PCI INT D -&gt; Link[LNKD] -&gt; GSI 11 (level, high) -&gt; IRQ 11
[    1.605035] pci 0000:00:01.2: PCI INT D disabled
[    1.627118] Trying to unpack rootfs image as initramfs...
[    1.646499] audit: initializing netlink socket (disabled)
[    1.649221] type=2000 audit(1450160959.644:1): initialized
[    1.922936] HugeTLB registered 2 MB page size, pre-allocated 0 pages
[    1.991762] VFS: Disk quotas dquot_6.5.2
[    1.994586] Dquot-cache hash table entries: 512 (order 0, 4096 bytes)
[    2.010548] fuse init (API version 7.17)
[    2.018279] msgmni has been set to 84
[    2.053350] Block layer SCSI generic (bsg) driver version 0.4 loaded (major 253)
[    2.063439] io scheduler noop registered
[    2.065820] io scheduler deadline registered (default)
[    2.067221] io scheduler cfq registered
[    2.071275] pci_hotplug: PCI Hot Plug PCI Core version: 0.5
[    2.074106] pciehp: PCI Express Hot Plug Controller Driver version: 0.4
[    2.079613] input: Power Button as /devices/LNXSYSTM:00/LNXPWRBN:00/input/input0
[    2.081872] ACPI: Power Button [PWRF]
[    2.130004] ERST: Table is not found!
[    2.130482] GHES: HEST is not enabled!
[    2.145771] ACPI: PCI Interrupt Link [LNKC] enabled at IRQ 10
[    2.146900] virtio-pci 0000:00:03.0: PCI INT A -&gt; Link[LNKC] -&gt; GSI 10 (level, high) -&gt; IRQ 10
[    2.150593] virtio-pci 0000:00:04.0: PCI INT A -&gt; Link[LNKD] -&gt; GSI 11 (level, high) -&gt; IRQ 11
[    2.162640] ACPI: PCI Interrupt Link [LNKA] enabled at IRQ 10
[    2.163426] virtio-pci 0000:00:05.0: PCI INT A -&gt; Link[LNKA] -&gt; GSI 10 (level, high) -&gt; IRQ 10
[    2.177827] Serial: 8250/16550 driver, 32 ports, IRQ sharing enabled
[    2.223259] serial8250: ttyS0 at I/O 0x3f8 (irq = 4) is a 16550A
[    2.317901] serial8250: ttyS1 at I/O 0x2f8 (irq = 3) is a 16550A
[    2.457499] 00:05: ttyS0 at I/O 0x3f8 (irq = 4) is a 16550A
[    2.543582] 00:06: ttyS1 at I/O 0x2f8 (irq = 3) is a 16550A
[    2.589822] Linux agpgart interface v0.103
[    2.610177] Refined TSC clocksource calibration: 2294.397 MHz.
[    2.611252] Switching to clocksource tsc
[    2.661928] brd: module loaded
[    2.692042] loop: module loaded
[    2.766932]  vda: unknown partition table
[    2.834132] scsi0 : ata_piix
[    2.837366] scsi1 : ata_piix
[    2.838677] ata1: PATA max MWDMA2 cmd 0x1f0 ctl 0x3f6 bmdma 0xc0a0 irq 14
[    2.839531] ata2: PATA max MWDMA2 cmd 0x170 ctl 0x376 bmdma 0xc0a8 irq 15
[    2.850331] Fixed MDIO Bus: probed
[    2.851264] tun: Universal TUN/TAP device driver, 1.6
[    2.851875] tun: (C) 1999-2004 Max Krasnyansky &lt;maxk@qualcomm.com&gt;
[    2.866340] PPP generic driver version 2.4.2
[    2.902136] ehci_hcd: USB 2.0 'Enhanced' Host Controller (EHCI) Driver
[    2.903441] ohci_hcd: USB 1.1 'Open' Host Controller (OHCI) Driver
[    2.905040] uhci_hcd: USB Universal Host Controller Interface driver
[    2.906022] uhci_hcd 0000:00:01.2: PCI INT D -&gt; Link[LNKD] -&gt; GSI 11 (level, high) -&gt; IRQ 11
[    2.909565] uhci_hcd 0000:00:01.2: UHCI Host Controller
[    2.918868] uhci_hcd 0000:00:01.2: new USB bus registered, assigned bus number 1
[    2.921574] uhci_hcd 0000:00:01.2: irq 11, io base 0x0000c040
[    2.946458] hub 1-0:1.0: USB hub found
[    2.947985] hub 1-0:1.0: 2 ports detected
[    2.956125] usbcore: registered new interface driver libusual
[    2.959678] i8042: PNP: PS/2 Controller [PNP0303:KBD,PNP0f13:MOU] at 0x60,0x64 irq 1,12
[    2.967978] serio: i8042 KBD port at 0x60,0x64 irq 1
[    2.970549] serio: i8042 AUX port at 0x60,0x64 irq 12
[    3.011901] mousedev: PS/2 mouse device common for all mice
[    3.044124] input: AT Translated Set 2 keyboard as /devices/platform/i8042/serio0/input/input1
[    3.060546] rtc_cmos 00:01: RTC can wake from S4
[    3.064417] rtc_cmos 00:01: rtc core: registered rtc_cmos as rtc0
[    3.072513] rtc0: alarms up to one day, 114 bytes nvram, hpet irqs
[    3.076809] device-mapper: uevent: version 1.0.3
[    3.091547] ata2.01: ATAPI: QEMU DVD-ROM, 2.0.0, max UDMA/100
[    3.103691] ata2.01: configured for MWDMA2
[    3.108046] device-mapper: ioctl: 4.22.0-ioctl (2011-10-19) initialised: dm-devel@redhat.com
[    3.115562] cpuidle: using governor ladder
[    3.117387] cpuidle: using governor menu
[    3.119969] EFI Variables Facility v0.08 2004-May-17
[    3.138693] TCP cubic registered
[    3.143846] NET: Registered protocol family 10
[    3.172722] NET: Registered protocol family 17
[    3.173406] Registering the dns_resolver key type
[    3.199440] scsi 1:0:1:0: CD-ROM            QEMU     QEMU DVD-ROM     2.0. PQ: 0 ANSI: 5
[    3.229047] sr0: scsi3-mmc drive: 4x/4x cd/rw xa/form2 tray
[    3.230591] cdrom: Uniform CD-ROM driver Revision: 3.20
[    3.246888] sr 1:0:1:0: Attached scsi generic sg0 type 5
[    3.306679] registered taskstats version 1
[    3.393293] Freeing initrd memory: 3656k freed
[    3.919372]   Magic number: 11:723:468
[    3.927145] rtc_cmos 00:01: setting system clock to 2015-12-15 06:29:22 UTC (1450160962)
[    3.928628] powernow-k8: Processor cpuid 663 not supported
[    3.933974] BIOS EDD facility v0.16 2004-Jun-25, 0 devices found
[    3.935401] EDD information not available.
[    3.999473] Freeing unused kernel memory: 928k freed
[    4.012649] Write protecting the kernel read-only data: 12288k
[    4.160001] Freeing unused kernel memory: 1596k freed
[    4.240026] Freeing unused kernel memory: 1184k freed

info: initramfs: up at 4.41
modprobe: module virtio_blk not found in modules.dep
modprobe: module virtio_net not found in modules.dep
info: copying initramfs to /dev/vda
info: initramfs loading root from /dev/vda
info: /etc/init.d/rc.sysinit: up at 9.32
info: container: none
Starting logging: OK
modprobe: module virtio_blk not found in modules.dep
modprobe: module virtio_net not found in modules.dep
WARN: /etc/rc3.d/S10-load-modules failed
Initializing random number generator... done.
Starting acpid: OK
cirros-ds 'local' up at 11.99
found datasource (configdrive, local)
Starting network...
udhcpc (v1.20.1) started
Sending discover...
Sending discover...

2015-12-15 06:31:20,295 24315 INFO     [tempest_lib.common.rest_client] Request (TestNetworkAdvancedServerOps:_run_cleanups): 204 DELETE http://10.0.2.15:9696/v2.0/floatingips/62f897aa-46af-49b9-a2c9-b365f1bdf3dd 0.348s
2015-12-15 06:31:20,295 24315 DEBUG    [tempest_lib.common.rest_client] Request - Headers: {'Content-Type': 'application/json', 'Accept': 'application/json', 'X-Auth-Token': '&lt;omitted&gt;'}
        Body: None
    Response - Headers: {'date': 'Tue, 15 Dec 2015 06:31:20 GMT', 'status': '204', 'connection': 'close', 'content-length': '0', 'x-openstack-request-id': 'req-0af0adfe-9317-4324-93fa-60d7f3874b0b'}
        Body: 
2015-12-15 06:31:20,557 24315 INFO     [tempest_lib.common.rest_client] Request (TestNetworkAdvancedServerOps:_run_cleanups): 204 DELETE http://10.0.2.15:8774/v2.1/d6adcadeabbe4cd18cafdad358203477/servers/94f1a0da-439e-40a6-b5a8-aca795bc4557 0.261s
2015-12-15 06:31:20,558 24315 DEBUG    [tempest_lib.common.rest_client] Request - Headers: {'Content-Type': 'application/json', 'Accept': 'application/json', 'X-Auth-Token': '&lt;omitted&gt;'}
        Body: None
    Response - Headers: {'status': '204', 'content-length': '0', 'x-compute-request-id': 'req-b06890a4-6363-4729-8607-e503bc6cebbe', 'vary': 'X-OpenStack-Nova-API-Version', 'connection': 'close', 'x-openstack-nova-api-version': '2.1', 'date': 'Tue, 15 Dec 2015 06:31:20 GMT', 'content-type': 'application/json'}
        Body: 
2015-12-15 06:31:20,927 24315 INFO     [tempest_lib.common.rest_client] Request (TestNetworkAdvancedServerOps:_run_cleanups): 200 GET http://10.0.2.15:8774/v2.1/d6adcadeabbe4cd18cafdad358203477/servers/94f1a0da-439e-40a6-b5a8-aca795bc4557 0.367s
2015-12-15 06:31:20,927 24315 DEBUG    [tempest_lib.common.rest_client] Request - Headers: {'Content-Type': 'application/json', 'Accept': 'application/json', 'X-Auth-Token': '&lt;omitted&gt;'}
        Body: None
    Response - Headers: {'status': '200', 'content-length': '1785', 'content-location': 'http://10.0.2.15:8774/v2.1/d6adcadeabbe4cd18cafdad358203477/servers/94f1a0da-439e-40a6-b5a8-aca795bc4557', 'x-compute-request-id': 'req-c5c23a69-8273-48de-b615-bf354b2ebdf6', 'vary': 'X-OpenStack-Nova-API-Version', 'connection': 'close', 'x-openstack-nova-api-version': '2.1', 'date': 'Tue, 15 Dec 2015 06:31:20 GMT', 'content-type': 'application/json'}
        Body: {"server": {"status": "ACTIVE", "updated": "2015-12-15T06:31:20Z", "hostId": "daba2c9d7c06ac654f06aeecdf86f5686563a7524eb158f14ae9c16c", "addresses": {"tempest-network-smoke--139453470": [{"OS-EXT-IPS-MAC:mac_addr": "fa:16:3e:63:0d:0d", "version": 4, "addr": "10.100.0.3", "OS-EXT-IPS:type": "fixed"}, {"OS-EXT-IPS-MAC:mac_addr": "fa:16:3e:63:0d:0d", "version": 4, "addr": "172.24.4.4", "OS-EXT-IPS:type": "floating"}]}, "links": [{"href": "http://10.0.2.15:8774/v2.1/d6adcadeabbe4cd18cafdad358203477/servers/94f1a0da-439e-40a6-b5a8-aca795bc4557", "rel": "self"}, {"href": "http://10.0.2.15:8774/d6adcadeabbe4cd18cafdad358203477/servers/94f1a0da-439e-40a6-b5a8-aca795bc4557", "rel": "bookmark"}], "key_name": "tempest-TestNetworkAdvancedServerOps-1875709409", "image": {"id": "53f54fb5-7954-430c-8f82-327639095645", "links": [{"href": "http://10.0.2.15:8774/d6adcadeabbe4cd18cafdad358203477/images/53f54fb5-7954-430c-8f82-327639095645", "rel": "bookmark"}]}, "OS-EXT-STS:task_state": "deleting", "OS-EXT-STS:vm_state": "active", "OS-SRV-USG:launched_at": "2015-12-15T06:29:15.000000", "flavor": {"id": "42", "links": [{"href": "http://10.0.2.15:8774/d6adcadeabbe4cd18cafdad358203477/flavors/42", "rel": "bookmark"}]}, "id": "94f1a0da-439e-40a6-b5a8-aca795bc4557", "security_groups": [{"name": "tempest-secgroup-smoke-1411838705"}], "OS-SRV-USG:terminated_at": null, "OS-EXT-AZ:availability_zone": "nova", "user_id": "de33822fdf91494bb0c32e00241d8892", "name": "tempest.common.compute-instance-1700375311", "created": "2015-12-15T06:29:12Z", "tenant_id": "d6adcadeabbe4cd18cafdad358203477", "OS-DCF:diskConfig": "MANUAL", "os-extended-volumes:volumes_attached": [], "accessIPv4": "", "accessIPv6": "", "progress": 0, "OS-EXT-STS:power_state": 1, "config_drive": "True", "metadata": {}}}
2015-12-15 06:31:22,092 24315 INFO     [tempest_lib.common.rest_client] Request (TestNetworkAdvancedServerOps:_run_cleanups): 200 GET http://10.0.2.15:8774/v2.1/d6adcadeabbe4cd18cafdad358203477/servers/94f1a0da-439e-40a6-b5a8-aca795bc4557 0.148s
2015-12-15 06:31:22,093 24315 DEBUG    [tempest_lib.common.rest_client] Request - Headers: {'Content-Type': 'application/json', 'Accept': 'application/json', 'X-Auth-Token': '&lt;omitted&gt;'}
        Body: None
    Response - Headers: {'status': '200', 'content-length': '1455', 'content-location': 'http://10.0.2.15:8774/v2.1/d6adcadeabbe4cd18cafdad358203477/servers/94f1a0da-439e-40a6-b5a8-aca795bc4557', 'x-compute-request-id': 'req-1c99f56f-e225-470e-826c-9341664f6758', 'vary': 'X-OpenStack-Nova-API-Version', 'connection': 'close', 'x-openstack-nova-api-version': '2.1', 'date': 'Tue, 15 Dec 2015 06:31:22 GMT', 'content-type': 'application/json'}
        Body: {"server": {"status": "DELETED", "updated": "2015-12-15T06:31:21Z", "hostId": "daba2c9d7c06ac654f06aeecdf86f5686563a7524eb158f14ae9c16c", "addresses": {}, "links": [{"href": "http://10.0.2.15:8774/v2.1/d6adcadeabbe4cd18cafdad358203477/servers/94f1a0da-439e-40a6-b5a8-aca795bc4557", "rel": "self"}, {"href": "http://10.0.2.15:8774/d6adcadeabbe4cd18cafdad358203477/servers/94f1a0da-439e-40a6-b5a8-aca795bc4557", "rel": "bookmark"}], "key_name": "tempest-TestNetworkAdvancedServerOps-1875709409", "image": {"id": "53f54fb5-7954-430c-8f82-327639095645", "links": [{"href": "http://10.0.2.15:8774/d6adcadeabbe4cd18cafdad358203477/images/53f54fb5-7954-430c-8f82-327639095645", "rel": "bookmark"}]}, "OS-EXT-STS:task_state": null, "OS-EXT-STS:vm_state": "deleted", "OS-SRV-USG:launched_at": "2015-12-15T06:29:15.000000", "flavor": {"id": "42", "links": [{"href": "http://10.0.2.15:8774/d6adcadeabbe4cd18cafdad358203477/flavors/42", "rel": "bookmark"}]}, "id": "94f1a0da-439e-40a6-b5a8-aca795bc4557", "OS-SRV-USG:terminated_at": "2015-12-15T06:31:21.000000", "OS-EXT-AZ:availability_zone": "nova", "user_id": "de33822fdf91494bb0c32e00241d8892", "name": "tempest.common.compute-instance-1700375311", "created": "2015-12-15T06:29:12Z", "tenant_id": "d6adcadeabbe4cd18cafdad358203477", "OS-DCF:diskConfig": "MANUAL", "os-extended-volumes:volumes_attached": [], "accessIPv4": "", "accessIPv6": "", "OS-EXT-STS:power_state": 0, "config_drive": "True", "metadata": {}}}
2015-12-15 06:31:23,184 24315 INFO     [tempest_lib.common.rest_client] Request (TestNetworkAdvancedServerOps:_run_cleanups): 404 GET http://10.0.2.15:8774/v2.1/d6adcadeabbe4cd18cafdad358203477/servers/94f1a0da-439e-40a6-b5a8-aca795bc4557 0.079s
2015-12-15 06:31:23,185 24315 DEBUG    [tempest_lib.common.rest_client] Request - Headers: {'Content-Type': 'application/json', 'Accept': 'application/json', 'X-Auth-Token': '&lt;omitted&gt;'}
        Body: None
    Response - Headers: {'status': '404', 'content-length': '111', 'x-compute-request-id': 'req-bb4434dc-4236-49f6-9631-5a7cdc2ada4b', 'vary': 'X-OpenStack-Nova-API-Version', 'connection': 'close', 'x-openstack-nova-api-version': '2.1', 'date': 'Tue, 15 Dec 2015 06:31:23 GMT', 'content-type': 'application/json; charset=UTF-8'}
        Body: {"itemNotFound": {"message": "Instance 94f1a0da-439e-40a6-b5a8-aca795bc4557 could not be found.", "code": 404}}
2015-12-15 06:31:23,545 24315 INFO     [tempest_lib.common.rest_client] Request (TestNetworkAdvancedServerOps:_run_cleanups): 200 PUT http://10.0.2.15:9696/v2.0/routers/43bff9a6-4a55-4b83-93b5-e3f1effb0941/remove_router_interface 0.358s
2015-12-15 06:31:23,546 24315 DEBUG    [tempest_lib.common.rest_client] Request - Headers: {'Content-Type': 'application/json', 'Accept': 'application/json', 'X-Auth-Token': '&lt;omitted&gt;'}
        Body: {"subnet_id": "c22e462c-e440-4cb2-94d9-7ce8503eb615"}
    Response - Headers: {'status': '200', 'content-length': '255', 'connection': 'close', 'date': 'Tue, 15 Dec 2015 06:31:23 GMT', 'content-type': 'application/json; charset=UTF-8', 'x-openstack-request-id': 'req-d2e704c5-b381-4400-80aa-449e57b5248d'}
        Body: {"subnet_id": "c22e462c-e440-4cb2-94d9-7ce8503eb615", "tenant_id": "d6adcadeabbe4cd18cafdad358203477", "subnet_ids": ["c22e462c-e440-4cb2-94d9-7ce8503eb615"], "port_id": "0283c001-ab5b-4da6-88dd-b71dba1c2165", "id": "43bff9a6-4a55-4b83-93b5-e3f1effb0941"}
2015-12-15 06:31:23,941 24315 INFO     [tempest_lib.common.rest_client] Request (TestNetworkAdvancedServerOps:_run_cleanups): 204 DELETE http://10.0.2.15:9696/v2.0/subnets/c22e462c-e440-4cb2-94d9-7ce8503eb615 0.394s
2015-12-15 06:31:23,941 24315 DEBUG    [tempest_lib.common.rest_client] Request - Headers: {'Content-Type': 'application/json', 'Accept': 'application/json', 'X-Auth-Token': '&lt;omitted&gt;'}
        Body: None
    Response - Headers: {'date': 'Tue, 15 Dec 2015 06:31:23 GMT', 'status': '204', 'connection': 'close', 'content-length': '0', 'x-openstack-request-id': 'req-9c7e6327-a6f8-44c1-bc9c-f12e1c266841'}
        Body: 
2015-12-15 06:31:24,007 24315 INFO     [tempest_lib.common.rest_client] Request (TestNetworkAdvancedServerOps:_run_cleanups): 200 GET http://10.0.2.15:9696/v2.0/routers/43bff9a6-4a55-4b83-93b5-e3f1effb0941 0.064s
2015-12-15 06:31:24,007 24315 DEBUG    [tempest_lib.common.rest_client] Request - Headers: {'Content-Type': 'application/json', 'Accept': 'application/json', 'X-Auth-Token': '&lt;omitted&gt;'}
        Body: None
    Response - Headers: {'status': '200', 'content-length': '501', 'content-location': 'http://10.0.2.15:9696/v2.0/routers/43bff9a6-4a55-4b83-93b5-e3f1effb0941', 'connection': 'close', 'date': 'Tue, 15 Dec 2015 06:31:24 GMT', 'content-type': 'application/json; charset=UTF-8', 'x-openstack-request-id': 'req-60217de2-cb53-46d5-a091-9f86e6cd650b'}
        Body: {"router": {"status": "ACTIVE", "external_gateway_info": {"network_id": "5d41973d-abd5-472c-b76f-fcbb6e1a4b3d", "enable_snat": true, "external_fixed_ips": [{"subnet_id": "e9dcaf32-6bae-41bf-baa1-3dcbd76a95ee", "ip_address": "172.24.4.3"}, {"subnet_id": "a182fd0d-a0f9-4621-b02a-1e2dcf0005e5", "ip_address": "2001:db8::3"}]}, "name": "tempest-router-smoke-1310989689", "admin_state_up": true, "tenant_id": "d6adcadeabbe4cd18cafdad358203477", "routes": [], "id": "43bff9a6-4a55-4b83-93b5-e3f1effb0941"}}
2015-12-15 06:31:24,394 24315 INFO     [tempest_lib.common.rest_client] Request (TestNetworkAdvancedServerOps:_run_cleanups): 200 PUT http://10.0.2.15:9696/v2.0/routers/43bff9a6-4a55-4b83-93b5-e3f1effb0941 0.386s
2015-12-15 06:31:24,395 24315 DEBUG    [tempest_lib.common.rest_client] Request - Headers: {'Content-Type': 'application/json', 'Accept': 'application/json', 'X-Auth-Token': '&lt;omitted&gt;'}
        Body: {"router": {"external_gateway_info": {}, "name": "tempest-router-smoke-1310989689", "admin_state_up": true}}
    Response - Headers: {'status': '200', 'content-length': '239', 'connection': 'close', 'date': 'Tue, 15 Dec 2015 06:31:24 GMT', 'content-type': 'application/json; charset=UTF-8', 'x-openstack-request-id': 'req-4badc9cc-da73-4141-b87d-ed6ac9ed1b68'}
        Body: {"router": {"status": "ACTIVE", "external_gateway_info": null, "name": "tempest-router-smoke-1310989689", "admin_state_up": true, "tenant_id": "d6adcadeabbe4cd18cafdad358203477", "routes": [], "id": "43bff9a6-4a55-4b83-93b5-e3f1effb0941"}}
2015-12-15 06:31:24,597 24315 INFO     [tempest_lib.common.rest_client] Request (TestNetworkAdvancedServerOps:_run_cleanups): 204 DELETE http://10.0.2.15:9696/v2.0/routers/43bff9a6-4a55-4b83-93b5-e3f1effb0941 0.201s
2015-12-15 06:31:24,598 24315 DEBUG    [tempest_lib.common.rest_client] Request - Headers: {'Content-Type': 'application/json', 'Accept': 'application/json', 'X-Auth-Token': '&lt;omitted&gt;'}
        Body: None
    Response - Headers: {'date': 'Tue, 15 Dec 2015 06:31:24 GMT', 'status': '204', 'connection': 'close', 'content-length': '0', 'x-openstack-request-id': 'req-d059314c-0469-42a2-9d5a-254a8dc8ec6f'}
        Body: 
2015-12-15 06:31:24,768 24315 INFO     [tempest_lib.common.rest_client] Request (TestNetworkAdvancedServerOps:_run_cleanups): 204 DELETE http://10.0.2.15:9696/v2.0/networks/cf6397d7-72c4-4ccd-ac07-078eae4683c7 0.169s
2015-12-15 06:31:24,769 24315 DEBUG    [tempest_lib.common.rest_client] Request - Headers: {'Content-Type': 'application/json', 'Accept': 'application/json', 'X-Auth-Token': '&lt;omitted&gt;'}
        Body: None
    Response - Headers: {'date': 'Tue, 15 Dec 2015 06:31:24 GMT', 'status': '204', 'connection': 'close', 'content-length': '0', 'x-openstack-request-id': 'req-28db4f9a-2513-4465-be8b-c939df5b4445'}
        Body: 
2015-12-15 06:31:24,812 24315 INFO     [tempest_lib.common.rest_client] Request (TestNetworkAdvancedServerOps:_run_cleanups): 204 DELETE http://10.0.2.15:9696/v2.0/security-group-rules/21782e42-f4b4-42cd-85fd-95980e97c9a8 0.042s
2015-12-15 06:31:24,813 24315 DEBUG    [tempest_lib.common.rest_client] Request - Headers: {'Content-Type': 'application/json', 'Accept': 'application/json', 'X-Auth-Token': '&lt;omitted&gt;'}
        Body: None
    Response - Headers: {'date': 'Tue, 15 Dec 2015 06:31:24 GMT', 'status': '204', 'connection': 'close', 'content-length': '0', 'x-openstack-request-id': 'req-7c43ac20-d41d-4f0b-a515-53652c639ad5'}
        Body: 
2015-12-15 06:31:24,861 24315 INFO     [tempest_lib.common.rest_client] Request (TestNetworkAdvancedServerOps:_run_cleanups): 204 DELETE http://10.0.2.15:9696/v2.0/security-group-rules/ca0d0097-78a1-4eeb-80cb-f8b1d7ac2854 0.047s
2015-12-15 06:31:24,861 24315 DEBUG    [tempest_lib.common.rest_client] Request - Headers: {'Content-Type': 'application/json', 'Accept': 'application/json', 'X-Auth-Token': '&lt;omitted&gt;'}
        Body: None
    Response - Headers: {'date': 'Tue, 15 Dec 2015 06:31:24 GMT', 'status': '204', 'connection': 'close', 'content-length': '0', 'x-openstack-request-id': 'req-364bd24f-21bc-4ce0-a09b-2900af0680a3'}
        Body: 
2015-12-15 06:31:24,920 24315 INFO     [tempest_lib.common.rest_client] Request (TestNetworkAdvancedServerOps:_run_cleanups): 204 DELETE http://10.0.2.15:9696/v2.0/security-group-rules/3928f5c5-c7a8-4fd3-b67a-61569b975206 0.056s
2015-12-15 06:31:24,920 24315 DEBUG    [tempest_lib.common.rest_client] Request - Headers: {'Content-Type': 'application/json', 'Accept': 'application/json', 'X-Auth-Token': '&lt;omitted&gt;'}
        Body: None
    Response - Headers: {'date': 'Tue, 15 Dec 2015 06:31:24 GMT', 'status': '204', 'connection': 'close', 'content-length': '0', 'x-openstack-request-id': 'req-1d59ebcc-5f57-45c7-84d0-d82df308f2b4'}
        Body: 
2015-12-15 06:31:24,972 24315 INFO     [tempest_lib.common.rest_client] Request (TestNetworkAdvancedServerOps:_run_cleanups): 204 DELETE http://10.0.2.15:9696/v2.0/security-group-rules/db0e7c86-7032-4570-87f3-0cab24812210 0.051s
2015-12-15 06:31:24,972 24315 DEBUG    [tempest_lib.common.rest_client] Request - Headers: {'Content-Type': 'application/json', 'Accept': 'application/json', 'X-Auth-Token': '&lt;omitted&gt;'}
        Body: None
    Response - Headers: {'date': 'Tue, 15 Dec 2015 06:31:24 GMT', 'status': '204', 'connection': 'close', 'content-length': '0', 'x-openstack-request-id': 'req-338d6b32-ff44-4940-844e-6f6d806c36a1'}
        Body: 
2015-12-15 06:31:25,029 24315 INFO     [tempest_lib.common.rest_client] Request (TestNetworkAdvancedServerOps:_run_cleanups): 204 DELETE http://10.0.2.15:9696/v2.0/security-group-rules/e527c164-6807-4378-9c62-485e9e5507bd 0.055s
2015-12-15 06:31:25,030 24315 DEBUG    [tempest_lib.common.rest_client] Request - Headers: {'Content-Type': 'application/json', 'Accept': 'application/json', 'X-Auth-Token': '&lt;omitted&gt;'}
        Body: None
    Response - Headers: {'date': 'Tue, 15 Dec 2015 06:31:25 GMT', 'status': '204', 'connection': 'close', 'content-length': '0', 'x-openstack-request-id': 'req-87a127e1-1003-4f38-8f90-1551e630200a'}
        Body: 
2015-12-15 06:31:25,079 24315 INFO     [tempest_lib.common.rest_client] Request (TestNetworkAdvancedServerOps:_run_cleanups): 204 DELETE http://10.0.2.15:9696/v2.0/security-group-rules/b2a1bbdd-6854-4c00-9b78-f11d76995cfe 0.048s
2015-12-15 06:31:25,079 24315 DEBUG    [tempest_lib.common.rest_client] Request - Headers: {'Content-Type': 'application/json', 'Accept': 'application/json', 'X-Auth-Token': '&lt;omitted&gt;'}
        Body: None
    Response - Headers: {'date': 'Tue, 15 Dec 2015 06:31:25 GMT', 'status': '204', 'connection': 'close', 'content-length': '0', 'x-openstack-request-id': 'req-7be3e18b-725e-479c-836a-31169fda3fb9'}
        Body: 
2015-12-15 06:31:25,151 24315 INFO     [tempest_lib.common.rest_client] Request (TestNetworkAdvancedServerOps:_run_cleanups): 204 DELETE http://10.0.2.15:9696/v2.0/security-groups/10d94130-e908-41b8-8f68-b9cf08e23e0c 0.071s
2015-12-15 06:31:25,152 24315 DEBUG    [tempest_lib.common.rest_client] Request - Headers: {'Content-Type': 'application/json', 'Accept': 'application/json', 'X-Auth-Token': '&lt;omitted&gt;'}
        Body: None
    Response - Headers: {'date': 'Tue, 15 Dec 2015 06:31:25 GMT', 'status': '204', 'connection': 'close', 'content-length': '0', 'x-openstack-request-id': 'req-a4ae7fba-421b-40c2-935e-ea7bb9dea462'}
        Body: 
2015-12-15 06:31:25,174 24315 INFO     [tempest_lib.common.rest_client] Request (TestNetworkAdvancedServerOps:_run_cleanups): 202 DELETE http://10.0.2.15:8774/v2.1/d6adcadeabbe4cd18cafdad358203477/os-keypairs/tempest-TestNetworkAdvancedServerOps-1875709409 0.020s
2015-12-15 06:31:25,174 24315 DEBUG    [tempest_lib.common.rest_client] Request - Headers: {'Content-Type': 'application/json', 'Accept': 'application/json', 'X-Auth-Token': '&lt;omitted&gt;'}
        Body: None
    Response - Headers: {'status': '202', 'content-length': '0', 'x-compute-request-id': 'req-adbab2c8-6a97-441c-aef7-e821d955afb1', 'vary': 'X-OpenStack-Nova-API-Version', 'connection': 'close', 'x-openstack-nova-api-version': '2.1', 'date': 'Tue, 15 Dec 2015 06:31:25 GMT', 'content-type': 'application/json'}
        Body: 
2015-12-15 06:31:25,256 24315 INFO     [tempest_lib.common.rest_client] Request (TestNetworkAdvancedServerOps:_run_cleanups): 404 GET http://10.0.2.15:8774/v2.1/d6adcadeabbe4cd18cafdad358203477/servers/94f1a0da-439e-40a6-b5a8-aca795bc4557 0.082s
2015-12-15 06:31:25,257 24315 DEBUG    [tempest_lib.common.rest_client] Request - Headers: {'Content-Type': 'application/json', 'Accept': 'application/json', 'X-Auth-Token': '&lt;omitted&gt;'}
        Body: None
    Response - Headers: {'status': '404', 'content-length': '111', 'x-compute-request-id': 'req-2f33da8c-757e-49c4-b33a-7f262fb154dd', 'vary': 'X-OpenStack-Nova-API-Version', 'connection': 'close', 'x-openstack-nova-api-version': '2.1', 'date': 'Tue, 15 Dec 2015 06:31:25 GMT', 'content-type': 'application/json; charset=UTF-8'}
        Body: {"itemNotFound": {"message": "Instance 94f1a0da-439e-40a6-b5a8-aca795bc4557 could not be found.", "code": 404}}
}}}

Traceback (most recent call last):
  File "tempest/test.py", line 113, in wrapper
    return f(self, *func_args, **func_kwargs)
  File "tempest/scenario/test_network_advanced_server_ops.py", line 134, in test_server_connectivity_pause_unpause
    server, keypair, floating_ip = self._setup_network_and_servers()
  File "tempest/scenario/test_network_advanced_server_ops.py", line 71, in _setup_network_and_servers
    server, keypair, floating_ip)
  File "tempest/scenario/test_network_advanced_server_ops.py", line 95, in _wait_server_status_and_check_network_connectivity
    self._check_network_connectivity(server, keypair, floating_ip)
  File "tempest/scenario/test_network_advanced_server_ops.py", line 88, in _check_network_connectivity
    servers=[server])
  File "tempest/scenario/manager.py", line 606, in check_public_network_connectivity
    should_connect=should_connect)
  File "tempest/scenario/manager.py", line 590, in check_vm_connectivity
    msg=msg)
  File "/usr/local/lib/python2.7/dist-packages/unittest2/case.py", line 702, in assertTrue
    raise self.failureException(msg)
AssertionError: False is not true : Timed out waiting for 172.24.4.4 to become reachable



        </pre>
    </div>
    <!--css div popup end-->

    </td>
</tr>

<tr id='ft1.2' class='none'>
    <td class='failCase'><div class='testcase'>test_server_connectivity_reboot[compute,id-7b6860c2-afa3-4846-9522-adeb38dfbe08,network]</div></td>
    <td colspan='7' align='left'>

    <!--css div popup start-->
    <a class="popup_link" onfocus='this.blur();'
    href="javascript:showTestDetail('div_ft1.2')" >
        fail</a>

    <div id='div_ft1.2' class="popup_window">
        <div style='text-align: right; color:red;cursor:pointer'>
        <a onfocus='this.blur();'
onclick="document.getElementById('div_ft1.2').style.display = 'none' " >
           [x]</a>
        </div>
        <pre>
        
ft1.2: tempest.scenario.test_network_advanced_server_ops.TestNetworkAdvancedServerOps.test_server_connectivity_reboot[compute,id-7b6860c2-afa3-4846-9522-adeb38dfbe08,network]_StringException: Empty attachments:
  stderr
  stdout

pythonlogging:'': {{{
2015-12-15 06:31:25,482 24315 INFO     [tempest_lib.common.rest_client] Request (TestNetworkAdvancedServerOps:test_server_connectivity_reboot): 200 POST http://10.0.2.15:8774/v2.1/d6adcadeabbe4cd18cafdad358203477/os-keypairs 0.202s
