<?xml version="1.0" encoding="UTF-8"?>
<!DOCTYPE html PUBLIC "-//W3C//DTD XHTML 1.0 Strict//EN"
     "http://www.w3.org/TR/xhtml1/DTD/xhtml1-strict.dtd">
<html xmlns="http://www.w3.org/1999/xhtml">
<head>
    <title>Unit Test Report</title>
    <meta name="generator" content="subunit2html 0.1"/>
    <meta http-equiv="Content-Type" content="text/html; charset=UTF-8"/>
    
<style type="text/css" media="screen">
body        { font-family: verdana, arial, helvetica, sans-serif;
    font-size: 80%; }
table       { font-size: 100%; width: 100%;}
pre         { font-size: 80%; }

/* -- heading -------------------------------------------------------------- */
h1 {
        font-size: 16pt;
        color: gray;
}
.heading {
    margin-top: 0ex;
    margin-bottom: 1ex;
}

.heading .attribute {
    margin-top: 1ex;
    margin-bottom: 0;
}

.heading .description {
    margin-top: 4ex;
    margin-bottom: 6ex;
}

/* -- css div popup -------------------------------------------------------- */
a.popup_link {
}

a.popup_link:hover {
    color: red;
}

.popup_window {
    display: none;
    overflow-x: scroll;
    /*border: solid #627173 1px; */
    padding: 10px;
    background-color: #E6E6D6;
    font-family: "Ubuntu Mono", "Lucida Console", "Courier New", monospace;
    text-align: left;
    font-size: 8pt;
}

}
/* -- report --------------------------------------------------------------- */
#show_detail_line {
    margin-top: 3ex;
    margin-bottom: 1ex;
}
#result_table {
    width: 100%;
    border-collapse: collapse;
    border: 1px solid #777;
}
#header_row {
    font-weight: bold;
    color: white;
    background-color: #777;
}
#result_table td {
    border: 1px solid #777;
    padding: 2px;
}
#total_row  { font-weight: bold; }
.passClass  { background-color: #6c6; }
.failClass  { background-color: #c60; }
.errorClass { background-color: #c00; }
.passCase   { color: #6c6; }
.failCase   { color: #c60; font-weight: bold; }
.errorCase  { color: #c00; font-weight: bold; }
.hiddenRow  { display: none; }
.testcase   { margin-left: 2em; }
td.testname {width: 40%}
td.small {width: 40px}

/* -- ending --------------------------------------------------------------- */
#ending {
}

</style>

</head>
<body>
<script language="javascript" type="text/javascript"><!--
output_list = Array();

/* level - 0:Summary; 1:Failed; 2:All */
function showCase(level) {
    trs = document.getElementsByTagName("tr");
    for (var i = 0; i < trs.length; i++) {
        tr = trs[i];
        id = tr.id;
        if (id.substr(0,2) == 'ft') {
            if (level < 1) {
                tr.className = 'hiddenRow';
            }
            else {
                tr.className = '';
            }
        }
        if (id.substr(0,2) == 'pt') {
            if (level > 1) {
                tr.className = '';
            }
            else {
                tr.className = 'hiddenRow';
            }
        }
    }
}


function showClassDetail(cid, count) {
    var id_list = Array(count);
    var toHide = 1;
    for (var i = 0; i < count; i++) {
        tid0 = 't' + cid.substr(1) + '.' + (i+1);
        tid = 'f' + tid0;
        tr = document.getElementById(tid);
        if (!tr) {
            tid = 'p' + tid0;
            tr = document.getElementById(tid);
        }
        id_list[i] = tid;
        if (tr.className) {
            toHide = 0;
        }
    }
    for (var i = 0; i < count; i++) {
        tid = id_list[i];
        if (toHide) {
            document.getElementById('div_'+tid).style.display = 'none'
            document.getElementById(tid).className = 'hiddenRow';
        }
        else {
            document.getElementById(tid).className = '';
        }
    }
}


function showTestDetail(div_id){
    var details_div = document.getElementById(div_id)
    var displayState = details_div.style.display
    // alert(displayState)
    if (displayState != 'block' ) {
        displayState = 'block'
        details_div.style.display = 'block'
    }
    else {
        details_div.style.display = 'none'
    }
}


function html_escape(s) {
    s = s.replace(/&/g,'&amp;');
    s = s.replace(/</g,'&lt;');
    s = s.replace(/>/g,'&gt;');
    return s;
}

/* obsoleted by detail in <div>
function showOutput(id, name) {
    var w = window.open("", //url
                    name,
                    "resizable,scrollbars,status,width=800,height=450");
    d = w.document;
    d.write("<pre>");
    d.write(html_escape(output_list[id]));
    d.write("\n");
    d.write("<a href='javascript:window.close()'>close</a>\n");
    d.write("</pre>\n");
    d.close();
}
*/
--></script>

<div class='heading'>
<h1>Unit Test Report</h1>

<p class='attribute'><strong>Status:</strong> Failure 6</p>

<p class='description'></p>
</div>



<p id='show_detail_line'>Show
<a href='javascript:showCase(0)'>Summary</a>
<a href='javascript:showCase(1)'>Failed</a>
<a href='javascript:showCase(2)'>All</a>
</p>
<table id='result_table'>
<colgroup>
<col align='left' />
<col align='right' />
<col align='right' />
<col align='right' />
<col align='right' />
<col align='right' />
<col align='right' />
<col align='right' />
</colgroup>
<tr id='header_row'>
    <td>Test Group/Test case</td>
    <td>Count</td>
    <td>Pass</td>
    <td>Fail</td>
    <td>Error</td>
    <td>Skip</td>
    <td>View</td>
    <td> </td>
</tr>

<tr class='failClass'>
    <td class="testname">tempest.scenario.test_network_advanced_server_ops.TestNetworkAdvancedServerOps</td>
    <td class="small">6</td>
    <td class="small">0</td>
    <td class="small">6</td>
    <td class="small">0</td>
    <td class="small">0</td>
    <td class="small"><a href="javascript:showClassDetail('c1',6)"
>Detail</a></td>
    <td> </td>
</tr>

<tr id='ft1.1' class='none'>
    <td class='failCase'><div class='testcase'>test_server_connectivity_pause_unpause[compute,id-2b2642db-6568-4b35-b812-eceed3fa20ce,network]</div></td>
    <td colspan='7' align='left'>

    <!--css div popup start-->
    <a class="popup_link" onfocus='this.blur();'
    href="javascript:showTestDetail('div_ft1.1')" >
        fail</a>

    <div id='div_ft1.1' class="popup_window">
        <div style='text-align: right; color:red;cursor:pointer'>
        <a onfocus='this.blur();'
onclick="document.getElementById('div_ft1.1').style.display = 'none' " >
           [x]</a>
        </div>
        <pre>
        
ft1.1: tempest.scenario.test_network_advanced_server_ops.TestNetworkAdvancedServerOps.test_server_connectivity_pause_unpause[compute,id-2b2642db-6568-4b35-b812-eceed3fa20ce,network]_StringException: Empty attachments:
  stderr
  stdout

pythonlogging:'': {{{
2015-12-16 11:01:34,159 24548 INFO     [tempest_lib.common.rest_client] Request (TestNetworkAdvancedServerOps:test_server_connectivity_pause_unpause): 200 POST http://10.0.2.15:8774/v2.1/657bd07fceab4c25b9a2814c0f8203eb/os-keypairs 0.499s
2015-12-16 11:01:34,159 24548 DEBUG    [tempest_lib.common.rest_client] Request - Headers: {'Content-Type': 'application/json', 'Accept': 'application/json', 'X-Auth-Token': '&lt;omitted&gt;'}
        Body: {"keypair": {"name": "tempest-TestNetworkAdvancedServerOps-700606953"}}
    Response - Headers: {'status': '200', 'content-length': '2333', 'x-compute-request-id': 'req-530cc826-ce5a-4d6a-b257-ac75db763f2c', 'vary': 'X-OpenStack-Nova-API-Version', 'connection': 'close', 'x-openstack-nova-api-version': '2.1', 'date': 'Wed, 16 Dec 2015 11:01:34 GMT', 'content-type': 'application/json'}
        Body: {"keypair": {"public_key": "ssh-rsa AAAAB3NzaC1yc2EAAAADAQABAAABAQDUrQV+3IyMUns89S2usCthWWpKVnxJt2Dc7VOAYBBuTheCE5FKfll217EwDT2Gbg4tRmBKnYsgbgMeiGf+KF/2OfTgbIox2imJFO3rXqEDYnpSay1eX/4KKehM2g5ykZ3oIQ/7SS1Haf2k0Yjef/Av+tsVm9tAxU17PXAzb0Oo7Uj18fNtl3NXdppGUjv2+30xpMPU+96uqjpfqrY8RyRmPFzQe9xgePN1lhkIdJsvpxfsy7mBuIfiJg0gEkByFfS7U88P9Glx8g18daI9LAzAJHw3JwBJ5RSwxNfJ1o9U4i9c+kGugDSgfmkgAZ4Oa2YyIJulrXaZu4yKVYKi3Fh7 Generated-by-Nova", "private_key": "-----BEGIN RSA PRIVATE KEY-----\nMIIEqgIBAAKCAQEA1K0FftyMjFJ7PPUtrrArYVlqSlZ8Sbdg3O1TgGAQbk4XghOR\nSn5ZdtexMA09hm4OLUZgSp2LIG4DHohn/ihf9jn04GyKMdopiRTt616hA2J6Umst\nXl/+CinoTNoOcpGd6CEP+0ktR2n9pNGI3n/wL/rbFZvbQMVNez1wM29DqO1I9fHz\nbZdzV3aaRlI79vt9MaTD1Pverqo6X6q2PEckZjxc0HvcYHjzdZYZCHSbL6cX7Mu5\ngbiH4iYNIBJAchX0u1PPD/RpcfINfHWiPSwMwCR8NycASeUUsMTXydaPVOIvXPpB\nroA0oH5pIAGeDmtmMiCbpa12mbuMilWCotxYewIDAQABAoIBAQCa++eoVnL6A1WZ\ny5ZZ2joSvEVwHOyAD+m/theG0vrGV5RcD4Ruw/rQV0jhmpR+dY9RQRsE5SAxJtqR\nEpiuJ6Ae4IdqUM64m6JvKlhjkNdHjylTDJXIU63enEGUV8f1h9aKBiYOWnprs3rK\n9IOImbVgUa/8ZFL4NZBMQi6U3P1yiPuJMiUNC9T06AW7J8Lxi50ToblG3xAGNWT1\nA0PafR99cwhM6qpXECoo85m+yf6Pt13/aRbNwlQfB917EyggowCxii1EzhEyRsPx\nF0elYKlY/KTC63fehsTzD2ES6DvMmDsaHhkLUnum9dF8kVnwycG/YqiHdm4H1rMH\n5nIvEbEJAoIAgQDVFNcsnCicmUQMDNz8b1gps1hhucdWceHpYjN4NXQJQ5YXF6oc\n93Lm01VIt8U/Qt1LNbLeOvp6DlPXQbWg6EgVrC4g3l5rz7TPjWQbMpaz3K1jmYO2\nONKrxFcVS2Q77G6j4JpC5c0cBomktgABIk5b555byF6U7vkUI+OQS49mRQKCAIEA\n/4NFFBBG8Uhu2B1PB3Gls+gjM3Ev5WhkJgfpZnG5Yd24I69F3YaLj6i2q8yRKbYz\nLaPwaY89MGCtgY47wilGs0H356v1YbaLRnUZqRCNlOoZ65uuHN/d5flBCdp1fAzh\n0UY9o/wJhlxb6B3aqabzqV3G1ZNU40CRuvSEEFbtD78CggCBALIEF0BNtiAea5sl\no/nBjAZKryv16XNu8S3pvNZQ0gBrVpk0TAqnMHdnV3jJDyEq23ZaBnVjEJ+oGKNd\nYkBrzs1Ma71KCdhITuaXWWrfeMgLNVBgkIlML7UQ8y/3LGZjwItouXfqRNGFJLlW\n0+oenxhpCQPlAh+rBqyszxFeDw+BAoIAgQC4pSRGW3zo4G85vfRebMJSQG8vvZvf\nLJEy6oTAg250SsXHA+J5M8GnD0Ty4eIFQqW5Vb9miRyu2S6JcT++EBYHdKSxxpKN\nCl2bjQP+KPgnpQUWPmqUczLn/jgB5tz/yE9n7FqfJoO7lQLVur1J3Fw5CIuny9CM\naRzm/cxyAl9OAQKCAIBuMlqXetc/1jO0OW1Nj5fvW16yvp6Y8KU0j7V/NxVhnqRd\nL4L7UbkP5Wq9PfjPtGCiNlBSAr1C/E5xK66mfYe4w1Si3CZq5I9xL36b6jYFR0dY\n8agBU7QgoLhBteWhp+TXa/k7UGenDytxUAmYNua2YJoPVWEmIYCErZo+B4U4Sg==\n-----END RSA PRIVATE KEY-----\n", "user_id": "e50941aa2be7490c9bf7aea79ddcfeca", "name": "tempest-TestNetworkAdvancedServerOps-700606953", "fingerprint": "e7:aa:5d:5e:b7:6d:c4:a1:cf:f3:ba:53:a9:bd:80:2d"}}
2015-12-16 11:01:34,499 24548 INFO     [tempest_lib.common.rest_client] Request (TestNetworkAdvancedServerOps:test_server_connectivity_pause_unpause): 201 POST http://10.0.2.15:9696/v2.0/security-groups 0.336s
2015-12-16 11:01:34,500 24548 DEBUG    [tempest_lib.common.rest_client] Request - Headers: {'Content-Type': 'application/json', 'Accept': 'application/json', 'X-Auth-Token': '&lt;omitted&gt;'}
        Body: {"security_group": {"tenant_id": "657bd07fceab4c25b9a2814c0f8203eb", "description": "tempest-secgroup-smoke-163456337 description", "name": "tempest-secgroup-smoke-163456337"}}
    Response - Headers: {'status': '201', 'content-length': '886', 'connection': 'close', 'date': 'Wed, 16 Dec 2015 11:01:34 GMT', 'content-type': 'application/json; charset=UTF-8', 'x-openstack-request-id': 'req-bbd940a2-9378-4da0-a48f-2ae921525fa6'}
        Body: {"security_group": {"tenant_id": "657bd07fceab4c25b9a2814c0f8203eb", "description": "tempest-secgroup-smoke-163456337 description", "id": "42cd8b0d-02b4-426f-b8c5-3f808d20bc89", "security_group_rules": [{"remote_group_id": null, "direction": "egress", "remote_ip_prefix": null, "protocol": null, "ethertype": "IPv4", "tenant_id": "657bd07fceab4c25b9a2814c0f8203eb", "port_range_max": null, "port_range_min": null, "id": "019b7080-8e00-4382-be97-ceb432a36b59", "security_group_id": "42cd8b0d-02b4-426f-b8c5-3f808d20bc89"}, {"remote_group_id": null, "direction": "egress", "remote_ip_prefix": null, "protocol": null, "ethertype": "IPv6", "tenant_id": "657bd07fceab4c25b9a2814c0f8203eb", "port_range_max": null, "port_range_min": null, "id": "7dee6beb-6bc0-4128-af26-ef28e6534333", "security_group_id": "42cd8b0d-02b4-426f-b8c5-3f808d20bc89"}], "name": "tempest-secgroup-smoke-163456337"}}
2015-12-16 11:01:34,604 24548 INFO     [tempest_lib.common.rest_client] Request (TestNetworkAdvancedServerOps:test_server_connectivity_pause_unpause): 201 POST http://10.0.2.15:9696/v2.0/security-group-rules 0.104s
2015-12-16 11:01:34,605 24548 DEBUG    [tempest_lib.common.rest_client] Request - Headers: {'Content-Type': 'application/json', 'Accept': 'application/json', 'X-Auth-Token': '&lt;omitted&gt;'}
        Body: {"security_group_rule": {"direction": "ingress", "protocol": "tcp", "tenant_id": "657bd07fceab4c25b9a2814c0f8203eb", "port_range_max": 22, "security_group_id": "42cd8b0d-02b4-426f-b8c5-3f808d20bc89", "port_range_min": 22}}
    Response - Headers: {'status': '201', 'content-length': '340', 'connection': 'close', 'date': 'Wed, 16 Dec 2015 11:01:34 GMT', 'content-type': 'application/json; charset=UTF-8', 'x-openstack-request-id': 'req-699f82ce-4dd8-417e-aaed-3e08dd105f71'}
        Body: {"security_group_rule": {"remote_group_id": null, "direction": "ingress", "remote_ip_prefix": null, "protocol": "tcp", "ethertype": "IPv4", "tenant_id": "657bd07fceab4c25b9a2814c0f8203eb", "port_range_max": 22, "port_range_min": 22, "id": "2046c544-aae2-450c-9786-1e0f61602130", "security_group_id": "42cd8b0d-02b4-426f-b8c5-3f808d20bc89"}}
2015-12-16 11:01:34,724 24548 INFO     [tempest_lib.common.rest_client] Request (TestNetworkAdvancedServerOps:test_server_connectivity_pause_unpause): 201 POST http://10.0.2.15:9696/v2.0/security-group-rules 0.116s
2015-12-16 11:01:34,724 24548 DEBUG    [tempest_lib.common.rest_client] Request - Headers: {'Content-Type': 'application/json', 'Accept': 'application/json', 'X-Auth-Token': '&lt;omitted&gt;'}
        Body: {"security_group_rule": {"direction": "egress", "protocol": "tcp", "tenant_id": "657bd07fceab4c25b9a2814c0f8203eb", "port_range_max": 22, "security_group_id": "42cd8b0d-02b4-426f-b8c5-3f808d20bc89", "port_range_min": 22}}
    Response - Headers: {'status': '201', 'content-length': '339', 'connection': 'close', 'date': 'Wed, 16 Dec 2015 11:01:34 GMT', 'content-type': 'application/json; charset=UTF-8', 'x-openstack-request-id': 'req-1178aa02-d42b-43be-b105-153f0685eff9'}
        Body: {"security_group_rule": {"remote_group_id": null, "direction": "egress", "remote_ip_prefix": null, "protocol": "tcp", "ethertype": "IPv4", "tenant_id": "657bd07fceab4c25b9a2814c0f8203eb", "port_range_max": 22, "port_range_min": 22, "id": "6a2de550-333a-4251-a122-0a5edc4031df", "security_group_id": "42cd8b0d-02b4-426f-b8c5-3f808d20bc89"}}
2015-12-16 11:01:34,842 24548 INFO     [tempest_lib.common.rest_client] Request (TestNetworkAdvancedServerOps:test_server_connectivity_pause_unpause): 201 POST http://10.0.2.15:9696/v2.0/security-group-rules 0.116s
2015-12-16 11:01:34,843 24548 DEBUG    [tempest_lib.common.rest_client] Request - Headers: {'Content-Type': 'application/json', 'Accept': 'application/json', 'X-Auth-Token': '&lt;omitted&gt;'}
        Body: {"security_group_rule": {"tenant_id": "657bd07fceab4c25b9a2814c0f8203eb", "direction": "ingress", "protocol": "icmp", "security_group_id": "42cd8b0d-02b4-426f-b8c5-3f808d20bc89"}}
    Response - Headers: {'status': '201', 'content-length': '345', 'connection': 'close', 'date': 'Wed, 16 Dec 2015 11:01:34 GMT', 'content-type': 'application/json; charset=UTF-8', 'x-openstack-request-id': 'req-365abe81-2932-4a5c-bd44-b259c05d5cef'}
        Body: {"security_group_rule": {"remote_group_id": null, "direction": "ingress", "remote_ip_prefix": null, "protocol": "icmp", "ethertype": "IPv4", "tenant_id": "657bd07fceab4c25b9a2814c0f8203eb", "port_range_max": null, "port_range_min": null, "id": "594db36a-76b5-4113-85bf-0956f8195b28", "security_group_id": "42cd8b0d-02b4-426f-b8c5-3f808d20bc89"}}
2015-12-16 11:01:34,966 24548 INFO     [tempest_lib.common.rest_client] Request (TestNetworkAdvancedServerOps:test_server_connectivity_pause_unpause): 201 POST http://10.0.2.15:9696/v2.0/security-group-rules 0.121s
2015-12-16 11:01:34,966 24548 DEBUG    [tempest_lib.common.rest_client] Request - Headers: {'Content-Type': 'application/json', 'Accept': 'application/json', 'X-Auth-Token': '&lt;omitted&gt;'}
        Body: {"security_group_rule": {"tenant_id": "657bd07fceab4c25b9a2814c0f8203eb", "direction": "egress", "protocol": "icmp", "security_group_id": "42cd8b0d-02b4-426f-b8c5-3f808d20bc89"}}
    Response - Headers: {'status': '201', 'content-length': '344', 'connection': 'close', 'date': 'Wed, 16 Dec 2015 11:01:34 GMT', 'content-type': 'application/json; charset=UTF-8', 'x-openstack-request-id': 'req-c518d639-b591-4ed3-9556-52ba3c057ddf'}
        Body: {"security_group_rule": {"remote_group_id": null, "direction": "egress", "remote_ip_prefix": null, "protocol": "icmp", "ethertype": "IPv4", "tenant_id": "657bd07fceab4c25b9a2814c0f8203eb", "port_range_max": null, "port_range_min": null, "id": "da78c8c0-291f-49c9-826f-bdb8cf486b13", "security_group_id": "42cd8b0d-02b4-426f-b8c5-3f808d20bc89"}}
2015-12-16 11:01:35,084 24548 INFO     [tempest_lib.common.rest_client] Request (TestNetworkAdvancedServerOps:test_server_connectivity_pause_unpause): 201 POST http://10.0.2.15:9696/v2.0/security-group-rules 0.116s
2015-12-16 11:01:35,084 24548 DEBUG    [tempest_lib.common.rest_client] Request - Headers: {'Content-Type': 'application/json', 'Accept': 'application/json', 'X-Auth-Token': '&lt;omitted&gt;'}
        Body: {"security_group_rule": {"tenant_id": "657bd07fceab4c25b9a2814c0f8203eb", "direction": "ingress", "security_group_id": "42cd8b0d-02b4-426f-b8c5-3f808d20bc89", "protocol": "icmp", "ethertype": "IPv6"}}
    Response - Headers: {'status': '201', 'content-length': '345', 'connection': 'close', 'date': 'Wed, 16 Dec 2015 11:01:35 GMT', 'content-type': 'application/json; charset=UTF-8', 'x-openstack-request-id': 'req-95e3512b-8b89-4afb-8f34-9c03215b4402'}
        Body: {"security_group_rule": {"remote_group_id": null, "direction": "ingress", "remote_ip_prefix": null, "protocol": "icmp", "ethertype": "IPv6", "tenant_id": "657bd07fceab4c25b9a2814c0f8203eb", "port_range_max": null, "port_range_min": null, "id": "963819a6-bb9b-4ddb-9c5d-64df31764aad", "security_group_id": "42cd8b0d-02b4-426f-b8c5-3f808d20bc89"}}
2015-12-16 11:01:35,203 24548 INFO     [tempest_lib.common.rest_client] Request (TestNetworkAdvancedServerOps:test_server_connectivity_pause_unpause): 201 POST http://10.0.2.15:9696/v2.0/security-group-rules 0.118s
2015-12-16 11:01:35,204 24548 DEBUG    [tempest_lib.common.rest_client] Request - Headers: {'Content-Type': 'application/json', 'Accept': 'application/json', 'X-Auth-Token': '&lt;omitted&gt;'}
        Body: {"security_group_rule": {"tenant_id": "657bd07fceab4c25b9a2814c0f8203eb", "direction": "egress", "security_group_id": "42cd8b0d-02b4-426f-b8c5-3f808d20bc89", "protocol": "icmp", "ethertype": "IPv6"}}
    Response - Headers: {'status': '201', 'content-length': '344', 'connection': 'close', 'date': 'Wed, 16 Dec 2015 11:01:35 GMT', 'content-type': 'application/json; charset=UTF-8', 'x-openstack-request-id': 'req-e8f8e27e-fba8-4aa1-a377-3252f3b8de80'}
        Body: {"security_group_rule": {"remote_group_id": null, "direction": "egress", "remote_ip_prefix": null, "protocol": "icmp", "ethertype": "IPv6", "tenant_id": "657bd07fceab4c25b9a2814c0f8203eb", "port_range_max": null, "port_range_min": null, "id": "9b95de61-cedb-4c60-8405-7e83f393dc4d", "security_group_id": "42cd8b0d-02b4-426f-b8c5-3f808d20bc89"}}
2015-12-16 11:01:35,344 24548 INFO     [tempest_lib.common.rest_client] Request (TestNetworkAdvancedServerOps:test_server_connectivity_pause_unpause): 201 POST http://10.0.2.15:9696/v2.0/networks 0.139s
2015-12-16 11:01:35,345 24548 DEBUG    [tempest_lib.common.rest_client] Request - Headers: {'Content-Type': 'application/json', 'Accept': 'application/json', 'X-Auth-Token': '&lt;omitted&gt;'}
        Body: {"network": {"tenant_id": "657bd07fceab4c25b9a2814c0f8203eb", "name": "tempest-network-smoke--153949318"}}
    Response - Headers: {'status': '201', 'content-length': '295', 'connection': 'close', 'date': 'Wed, 16 Dec 2015 11:01:35 GMT', 'content-type': 'application/json; charset=UTF-8', 'x-openstack-request-id': 'req-d81edc9a-b2dd-491c-85a9-6de47ee20450'}
        Body: {"network": {"status": "ACTIVE", "subnets": [], "name": "tempest-network-smoke--153949318", "admin_state_up": true, "tenant_id": "657bd07fceab4c25b9a2814c0f8203eb", "mtu": 0, "router:external": false, "shared": false, "port_security_enabled": true, "id": "70bd2074-9604-4063-bc8d-91d788716ca4"}}
2015-12-16 11:01:35,546 24548 INFO     [tempest_lib.common.rest_client] Request (TestNetworkAdvancedServerOps:test_server_connectivity_pause_unpause): 201 POST http://10.0.2.15:9696/v2.0/routers 0.200s
2015-12-16 11:01:35,547 24548 DEBUG    [tempest_lib.common.rest_client] Request - Headers: {'Content-Type': 'application/json', 'Accept': 'application/json', 'X-Auth-Token': '&lt;omitted&gt;'}
        Body: {"router": {"tenant_id": "657bd07fceab4c25b9a2814c0f8203eb", "name": "tempest-router-smoke-1476311639", "admin_state_up": true}}
    Response - Headers: {'status': '201', 'content-length': '239', 'connection': 'close', 'date': 'Wed, 16 Dec 2015 11:01:35 GMT', 'content-type': 'application/json; charset=UTF-8', 'x-openstack-request-id': 'req-4cf2b940-1b0e-434d-8457-858e7808de16'}
        Body: {"router": {"status": "ACTIVE", "external_gateway_info": null, "name": "tempest-router-smoke-1476311639", "admin_state_up": true, "tenant_id": "657bd07fceab4c25b9a2814c0f8203eb", "routes": [], "id": "541788c9-32ee-4e7d-aa78-db9f765e0fcf"}}
2015-12-16 11:01:35,594 24548 INFO     [tempest_lib.common.rest_client] Request (TestNetworkAdvancedServerOps:test_server_connectivity_pause_unpause): 200 GET http://10.0.2.15:9696/v2.0/routers/541788c9-32ee-4e7d-aa78-db9f765e0fcf 0.045s
2015-12-16 11:01:35,594 24548 DEBUG    [tempest_lib.common.rest_client] Request - Headers: {'Content-Type': 'application/json', 'Accept': 'application/json', 'X-Auth-Token': '&lt;omitted&gt;'}
        Body: None
    Response - Headers: {'status': '200', 'content-length': '239', 'content-location': 'http://10.0.2.15:9696/v2.0/routers/541788c9-32ee-4e7d-aa78-db9f765e0fcf', 'connection': 'close', 'date': 'Wed, 16 Dec 2015 11:01:35 GMT', 'content-type': 'application/json; charset=UTF-8', 'x-openstack-request-id': 'req-33ef59a7-a954-476f-a28d-cba4e56e8ed6'}
        Body: {"router": {"status": "ACTIVE", "external_gateway_info": null, "name": "tempest-router-smoke-1476311639", "admin_state_up": true, "tenant_id": "657bd07fceab4c25b9a2814c0f8203eb", "routes": [], "id": "541788c9-32ee-4e7d-aa78-db9f765e0fcf"}}
2015-12-16 11:01:36,221 24548 INFO     [tempest_lib.common.rest_client] Request (TestNetworkAdvancedServerOps:test_server_connectivity_pause_unpause): 200 PUT http://10.0.2.15:9696/v2.0/routers/541788c9-32ee-4e7d-aa78-db9f765e0fcf 0.626s
2015-12-16 11:01:36,222 24548 DEBUG    [tempest_lib.common.rest_client] Request - Headers: {'Content-Type': 'application/json', 'Accept': 'application/json', 'X-Auth-Token': '&lt;omitted&gt;'}
        Body: {"router": {"external_gateway_info": {"network_id": "fbeeaf91-63e0-49c2-bd2a-9d364a3ad26a"}, "name": "tempest-router-smoke-1476311639", "admin_state_up": true}}
    Response - Headers: {'status': '200', 'content-length': '501', 'connection': 'close', 'date': 'Wed, 16 Dec 2015 11:01:36 GMT', 'content-type': 'application/json; charset=UTF-8', 'x-openstack-request-id': 'req-c5a43a7d-48f5-44c6-be50-3974c384970a'}
        Body: {"router": {"status": "ACTIVE", "external_gateway_info": {"network_id": "fbeeaf91-63e0-49c2-bd2a-9d364a3ad26a", "enable_snat": true, "external_fixed_ips": [{"subnet_id": "4868b198-8423-4977-8816-16726930329d", "ip_address": "172.24.4.3"}, {"subnet_id": "eeaa319f-2c0d-412b-a6f6-28a72a813c18", "ip_address": "2001:db8::4"}]}, "name": "tempest-router-smoke-1476311639", "admin_state_up": true, "tenant_id": "657bd07fceab4c25b9a2814c0f8203eb", "routes": [], "id": "541788c9-32ee-4e7d-aa78-db9f765e0fcf"}}
2015-12-16 11:01:36,364 24548 INFO     [tempest_lib.common.rest_client] Request (TestNetworkAdvancedServerOps:test_server_connectivity_pause_unpause): 200 GET http://10.0.2.15:9696/v2.0/subnets?tenant_id=657bd07fceab4c25b9a2814c0f8203eb&amp;cidr=10.100.0.0%2F28 0.140s
2015-12-16 11:01:36,364 24548 DEBUG    [tempest_lib.common.rest_client] Request - Headers: {'Content-Type': 'application/json', 'Accept': 'application/json', 'X-Auth-Token': '&lt;omitted&gt;'}
        Body: None
    Response - Headers: {'status': '200', 'content-length': '15', 'content-location': 'http://10.0.2.15:9696/v2.0/subnets?tenant_id=657bd07fceab4c25b9a2814c0f8203eb&amp;cidr=10.100.0.0%2F28', 'connection': 'close', 'date': 'Wed, 16 Dec 2015 11:01:36 GMT', 'content-type': 'application/json; charset=UTF-8', 'x-openstack-request-id': 'req-3ae482fb-02a1-4c57-9d4a-df018d96c9f6'}
        Body: {"subnets": []}
2015-12-16 11:01:36,611 24548 INFO     [tempest_lib.common.rest_client] Request (TestNetworkAdvancedServerOps:test_server_connectivity_pause_unpause): 201 POST http://10.0.2.15:9696/v2.0/subnets 0.246s
2015-12-16 11:01:36,611 24548 DEBUG    [tempest_lib.common.rest_client] Request - Headers: {'Content-Type': 'application/json', 'Accept': 'application/json', 'X-Auth-Token': '&lt;omitted&gt;'}
        Body: {"subnet": {"ip_version": 4, "tenant_id": "657bd07fceab4c25b9a2814c0f8203eb", "cidr": "10.100.0.0/28", "network_id": "70bd2074-9604-4063-bc8d-91d788716ca4", "name": "tempest-subnet-smoke-400312910"}}
    Response - Headers: {'status': '201', 'content-length': '477', 'connection': 'close', 'date': 'Wed, 16 Dec 2015 11:01:36 GMT', 'content-type': 'application/json; charset=UTF-8', 'x-openstack-request-id': 'req-83fba7a7-fabd-4d4d-852f-3693804752fa'}
        Body: {"subnet": {"name": "tempest-subnet-smoke-400312910", "enable_dhcp": true, "network_id": "70bd2074-9604-4063-bc8d-91d788716ca4", "tenant_id": "657bd07fceab4c25b9a2814c0f8203eb", "dns_nameservers": [], "gateway_ip": "10.100.0.1", "ipv6_ra_mode": null, "allocation_pools": [{"start": "10.100.0.2", "end": "10.100.0.14"}], "host_routes": [], "ip_version": 4, "ipv6_address_mode": null, "cidr": "10.100.0.0/28", "id": "df4d1293-e4cd-4e74-98a5-6188c7959954", "subnetpool_id": null}}
2015-12-16 11:01:37,059 24548 INFO     [tempest_lib.common.rest_client] Request (TestNetworkAdvancedServerOps:test_server_connectivity_pause_unpause): 200 PUT http://10.0.2.15:9696/v2.0/routers/541788c9-32ee-4e7d-aa78-db9f765e0fcf/add_router_interface 0.446s
2015-12-16 11:01:37,059 24548 DEBUG    [tempest_lib.common.rest_client] Request - Headers: {'Content-Type': 'application/json', 'Accept': 'application/json', 'X-Auth-Token': '&lt;omitted&gt;'}
        Body: {"subnet_id": "df4d1293-e4cd-4e74-98a5-6188c7959954"}
    Response - Headers: {'status': '200', 'content-length': '255', 'connection': 'close', 'date': 'Wed, 16 Dec 2015 11:01:37 GMT', 'content-type': 'application/json; charset=UTF-8', 'x-openstack-request-id': 'req-e529939f-0668-4c1e-a4ab-4e6a47750444'}
        Body: {"subnet_id": "df4d1293-e4cd-4e74-98a5-6188c7959954", "tenant_id": "657bd07fceab4c25b9a2814c0f8203eb", "subnet_ids": ["df4d1293-e4cd-4e74-98a5-6188c7959954"], "port_id": "c14799b4-5de4-40a3-be95-5231ab044ee5", "id": "541788c9-32ee-4e7d-aa78-db9f765e0fcf"}
2015-12-16 11:01:37,187 24548 INFO     [tempest_lib.common.rest_client] Request (TestNetworkAdvancedServerOps:test_server_connectivity_pause_unpause): 200 POST http://10.0.2.15:5000/v2.0/tokens
2015-12-16 11:01:37,188 24548 DEBUG    [tempest_lib.common.rest_client] Request - Headers: {'Content-Type': 'application/json', 'Accept': 'application/json'}
        Body: &lt;omitted&gt;
    Response - Headers: {'status': '200', 'content-length': '2566', 'vary': 'X-Auth-Token', 'server': 'Apache/2.4.7 (Ubuntu)', 'connection': 'close', 'date': 'Wed, 16 Dec 2015 11:01:37 GMT', 'content-type': 'application/json', 'x-openstack-request-id': 'req-58f6fd46-1949-4fe0-abf7-2b84135e32a7'}
        Body: {"access": {"token": {"issued_at": "2015-12-16T11:01:37.172403", "expires": "2015-12-16T12:01:37Z", "id": "09f5e7297d3845de865d842c267f2be3", "tenant": {"description": "tempest-TestNetworkAdvancedServerOps-2141851867-desc", "enabled": true, "id": "657bd07fceab4c25b9a2814c0f8203eb", "name": "tempest-TestNetworkAdvancedServerOps-2141851867"}, "audit_ids": ["m-BSfLOwSdGQCpgERysWEQ"]}, "serviceCatalog": [{"endpoints": [{"adminURL": "http://10.0.2.15:8774/v2.1/657bd07fceab4c25b9a2814c0f8203eb", "region": "RegionOne", "internalURL": "http://10.0.2.15:8774/v2.1/657bd07fceab4c25b9a2814c0f8203eb", "id": "2806eacaea5d4e59be0c6f6d6d3ab54e", "publicURL": "http://10.0.2.15:8774/v2.1/657bd07fceab4c25b9a2814c0f8203eb"}], "endpoints_links": [], "type": "compute", "name": "nova"}, {"endpoints": [{"adminURL": "http://10.0.2.15:9696/", "region": "RegionOne", "internalURL": "http://10.0.2.15:9696/", "id": "1c505c545ce04adaa3978a652121a2a0", "publicURL": "http://10.0.2.15:9696/"}], "endpoints_links": [], "type": "network", "name": "neutron"}, {"endpoints": [{"adminURL": "http://10.0.2.15:9292", "region": "RegionOne", "internalURL": "http://10.0.2.15:9292", "id": "0c9117ce37584077b74e4ac44495e888", "publicURL": "http://10.0.2.15:9292"}], "endpoints_links": [], "type": "image", "name": "glance"}, {"endpoints": [{"adminURL": "http://10.0.2.15:8774/v2/657bd07fceab4c25b9a2814c0f8203eb", "region": "RegionOne", "internalURL": "http://10.0.2.15:8774/v2/657bd07fceab4c25b9a2814c0f8203eb", "id": "2f061b5398714ada81c7d4bc35fd6c08", "publicURL": "http://10.0.2.15:8774/v2/657bd07fceab4c25b9a2814c0f8203eb"}], "endpoints_links": [], "type": "compute_legacy", "name": "nova_legacy"}, {"endpoints": [{"adminURL": "http://10.0.2.15:8773/", "region": "RegionOne", "internalURL": "http://10.0.2.15:8773/", "id": "667738a19d384fed89409cc6b4aa740a", "publicURL": "http://10.0.2.15:8773/"}], "endpoints_links": [], "type": "ec2", "name": "ec2"}, {"endpoints": [{"adminURL": "http://10.0.2.15:35357/v2.0", "region": "RegionOne", "internalURL": "http://10.0.2.15:5000/v2.0", "id": "2195915f938b4294b4ccb125f8e86d92", "publicURL": "http://10.0.2.15:5000/v2.0"}], "endpoints_links": [], "type": "identity", "name": "keystone"}], "user": {"username": "tempest-TestNetworkAdvancedServerOps-2109121817", "roles_links": [], "id": "e50941aa2be7490c9bf7aea79ddcfeca", "roles": [{"name": "_member_"}, {"name": "Member"}], "name": "tempest-TestNetworkAdvancedServerOps-2109121817"}, "metadata": {"is_admin": 0, "roles": ["9fe2ff9ee4384b1894a90878d3e92bab", "41f601e238004f51851709e0148396b6"]}}}
2015-12-16 11:01:37,195 24548 DEBUG    [tempest.common.fixed_network] (TestNetworkAdvancedServerOps:test_server_connectivity_pause_unpause) No valid network provided or created, defaulting to fixed_network_name
2015-12-16 11:01:37,524 24548 INFO     [tempest_lib.common.rest_client] Request (TestNetworkAdvancedServerOps:test_server_connectivity_pause_unpause): 200 GET http://10.0.2.15:8774/v2.1/657bd07fceab4c25b9a2814c0f8203eb/os-networks 0.328s
2015-12-16 11:01:37,524 24548 DEBUG    [tempest_lib.common.rest_client] Request - Headers: {'Content-Type': 'application/json', 'Accept': 'application/json', 'X-Auth-Token': '&lt;omitted&gt;'}
        Body: None
    Response - Headers: {'status': '200', 'content-length': '478', 'content-location': 'http://10.0.2.15:8774/v2.1/657bd07fceab4c25b9a2814c0f8203eb/os-networks', 'x-compute-request-id': 'req-bb1e0c18-cffb-4a17-aec0-9a677121a449', 'vary': 'X-OpenStack-Nova-API-Version', 'connection': 'close', 'x-openstack-nova-api-version': '2.1', 'date': 'Wed, 16 Dec 2015 11:01:37 GMT', 'content-type': 'application/json'}
        Body: {"networks": [{"cidr_v6": null, "dns2": null, "dns1": null, "gateway": null, "broadcast": null, "netmask": null, "gateway_v6": null, "cidr": null, "label": "public", "id": "fbeeaf91-63e0-49c2-bd2a-9d364a3ad26a", "netmask_v6": null}, {"cidr_v6": null, "dns2": null, "dns1": null, "gateway": null, "broadcast": null, "netmask": null, "gateway_v6": null, "cidr": null, "label": "tempest-network-smoke--153949318", "id": "70bd2074-9604-4063-bc8d-91d788716ca4", "netmask_v6": null}]}
2015-12-16 11:01:37,524 24548 WARNING  [tempest.common.fixed_network] (TestNetworkAdvancedServerOps:test_server_connectivity_pause_unpause) Network with name: private not found
2015-12-16 11:01:37,525 24548 INFO     [tempest.common.fixed_network] (TestNetworkAdvancedServerOps:test_server_connectivity_pause_unpause) Found network {} available for tenant
2015-12-16 11:01:39,032 24548 INFO     [tempest_lib.common.rest_client] Request (TestNetworkAdvancedServerOps:test_server_connectivity_pause_unpause): 202 POST http://10.0.2.15:8774/v2.1/657bd07fceab4c25b9a2814c0f8203eb/servers 1.506s
2015-12-16 11:01:39,032 24548 DEBUG    [tempest_lib.common.rest_client] Request - Headers: {'Content-Type': 'application/json', 'Accept': 'application/json', 'X-Auth-Token': '&lt;omitted&gt;'}
        Body: {"server": {"name": "tempest.common.compute-instance-1936952002", "imageRef": "3cf4e275-b7e3-4796-b304-658dd47600ff", "key_name": "tempest-TestNetworkAdvancedServerOps-700606953", "flavorRef": "42", "networks": [{"uuid": "70bd2074-9604-4063-bc8d-91d788716ca4"}], "security_groups": [{"name": "tempest-secgroup-smoke-163456337"}]}}
    Response - Headers: {'status': '202', 'content-length': '461', 'x-compute-request-id': 'req-0b06183d-c8d3-4c81-bced-3e2e5eb50d06', 'vary': 'X-OpenStack-Nova-API-Version', 'connection': 'close', 'location': 'http://10.0.2.15:8774/v2.1/657bd07fceab4c25b9a2814c0f8203eb/servers/31fc3bf8-b3c6-4bbc-89a7-6cde2a1e9d24', 'x-openstack-nova-api-version': '2.1', 'date': 'Wed, 16 Dec 2015 11:01:39 GMT', 'content-type': 'application/json'}
        Body: {"server": {"security_groups": [{"name": "tempest-secgroup-smoke-163456337"}], "OS-DCF:diskConfig": "MANUAL", "id": "31fc3bf8-b3c6-4bbc-89a7-6cde2a1e9d24", "links": [{"href": "http://10.0.2.15:8774/v2.1/657bd07fceab4c25b9a2814c0f8203eb/servers/31fc3bf8-b3c6-4bbc-89a7-6cde2a1e9d24", "rel": "self"}, {"href": "http://10.0.2.15:8774/657bd07fceab4c25b9a2814c0f8203eb/servers/31fc3bf8-b3c6-4bbc-89a7-6cde2a1e9d24", "rel": "bookmark"}], "adminPass": "7cChXefk9MAB"}}
2015-12-16 11:01:39,172 24548 INFO     [tempest_lib.common.rest_client] Request (TestNetworkAdvancedServerOps:test_server_connectivity_pause_unpause): 200 GET http://10.0.2.15:8774/v2.1/657bd07fceab4c25b9a2814c0f8203eb/servers/31fc3bf8-b3c6-4bbc-89a7-6cde2a1e9d24 0.136s
2015-12-16 11:01:39,172 24548 DEBUG    [tempest_lib.common.rest_client] Request - Headers: {'Content-Type': 'application/json', 'Accept': 'application/json', 'X-Auth-Token': '&lt;omitted&gt;'}
        Body: None
    Response - Headers: {'status': '200', 'content-length': '1364', 'content-location': 'http://10.0.2.15:8774/v2.1/657bd07fceab4c25b9a2814c0f8203eb/servers/31fc3bf8-b3c6-4bbc-89a7-6cde2a1e9d24', 'x-compute-request-id': 'req-8916b194-b9a5-4c72-a0be-099ac4883648', 'vary': 'X-OpenStack-Nova-API-Version', 'connection': 'close', 'x-openstack-nova-api-version': '2.1', 'date': 'Wed, 16 Dec 2015 11:01:39 GMT', 'content-type': 'application/json'}
        Body: {"server": {"status": "BUILD", "updated": "2015-12-16T11:01:39Z", "hostId": "", "addresses": {}, "links": [{"href": "http://10.0.2.15:8774/v2.1/657bd07fceab4c25b9a2814c0f8203eb/servers/31fc3bf8-b3c6-4bbc-89a7-6cde2a1e9d24", "rel": "self"}, {"href": "http://10.0.2.15:8774/657bd07fceab4c25b9a2814c0f8203eb/servers/31fc3bf8-b3c6-4bbc-89a7-6cde2a1e9d24", "rel": "bookmark"}], "key_name": "tempest-TestNetworkAdvancedServerOps-700606953", "image": {"id": "3cf4e275-b7e3-4796-b304-658dd47600ff", "links": [{"href": "http://10.0.2.15:8774/657bd07fceab4c25b9a2814c0f8203eb/images/3cf4e275-b7e3-4796-b304-658dd47600ff", "rel": "bookmark"}]}, "OS-EXT-STS:task_state": "scheduling", "OS-EXT-STS:vm_state": "building", "OS-SRV-USG:launched_at": null, "flavor": {"id": "42", "links": [{"href": "http://10.0.2.15:8774/657bd07fceab4c25b9a2814c0f8203eb/flavors/42", "rel": "bookmark"}]}, "id": "31fc3bf8-b3c6-4bbc-89a7-6cde2a1e9d24", "OS-SRV-USG:terminated_at": null, "OS-EXT-AZ:availability_zone": "", "user_id": "e50941aa2be7490c9bf7aea79ddcfeca", "name": "tempest.common.compute-instance-1936952002", "created": "2015-12-16T11:01:38Z", "tenant_id": "657bd07fceab4c25b9a2814c0f8203eb", "OS-DCF:diskConfig": "MANUAL", "os-extended-volumes:volumes_attached": [], "accessIPv4": "", "accessIPv6": "", "progress": 0, "OS-EXT-STS:power_state": 0, "config_drive": "", "metadata": {}}}
2015-12-16 11:01:40,458 24548 INFO     [tempest_lib.common.rest_client] Request (TestNetworkAdvancedServerOps:test_server_connectivity_pause_unpause): 200 GET http://10.0.2.15:8774/v2.1/657bd07fceab4c25b9a2814c0f8203eb/servers/31fc3bf8-b3c6-4bbc-89a7-6cde2a1e9d24 0.275s
2015-12-16 11:01:40,458 24548 DEBUG    [tempest_lib.common.rest_client] Request - Headers: {'Content-Type': 'application/json', 'Accept': 'application/json', 'X-Auth-Token': '&lt;omitted&gt;'}
        Body: None
    Response - Headers: {'status': '200', 'content-length': '1489', 'content-location': 'http://10.0.2.15:8774/v2.1/657bd07fceab4c25b9a2814c0f8203eb/servers/31fc3bf8-b3c6-4bbc-89a7-6cde2a1e9d24', 'x-compute-request-id': 'req-99103a13-c31d-405f-9c6e-aa85cf379893', 'vary': 'X-OpenStack-Nova-API-Version', 'connection': 'close', 'x-openstack-nova-api-version': '2.1', 'date': 'Wed, 16 Dec 2015 11:01:40 GMT', 'content-type': 'application/json'}
        Body: {"server": {"status": "BUILD", "updated": "2015-12-16T11:01:39Z", "hostId": "25d50507ea1729ebdc6c467bc3913a453353ac0806eeeaaf01095f5b", "addresses": {}, "links": [{"href": "http://10.0.2.15:8774/v2.1/657bd07fceab4c25b9a2814c0f8203eb/servers/31fc3bf8-b3c6-4bbc-89a7-6cde2a1e9d24", "rel": "self"}, {"href": "http://10.0.2.15:8774/657bd07fceab4c25b9a2814c0f8203eb/servers/31fc3bf8-b3c6-4bbc-89a7-6cde2a1e9d24", "rel": "bookmark"}], "key_name": "tempest-TestNetworkAdvancedServerOps-700606953", "image": {"id": "3cf4e275-b7e3-4796-b304-658dd47600ff", "links": [{"href": "http://10.0.2.15:8774/657bd07fceab4c25b9a2814c0f8203eb/images/3cf4e275-b7e3-4796-b304-658dd47600ff", "rel": "bookmark"}]}, "OS-EXT-STS:task_state": "spawning", "OS-EXT-STS:vm_state": "building", "OS-SRV-USG:launched_at": null, "flavor": {"id": "42", "links": [{"href": "http://10.0.2.15:8774/657bd07fceab4c25b9a2814c0f8203eb/flavors/42", "rel": "bookmark"}]}, "id": "31fc3bf8-b3c6-4bbc-89a7-6cde2a1e9d24", "security_groups": [{"name": "tempest-secgroup-smoke-163456337"}], "OS-SRV-USG:terminated_at": null, "OS-EXT-AZ:availability_zone": "nova", "user_id": "e50941aa2be7490c9bf7aea79ddcfeca", "name": "tempest.common.compute-instance-1936952002", "created": "2015-12-16T11:01:38Z", "tenant_id": "657bd07fceab4c25b9a2814c0f8203eb", "OS-DCF:diskConfig": "MANUAL", "os-extended-volumes:volumes_attached": [], "accessIPv4": "", "accessIPv6": "", "progress": 0, "OS-EXT-STS:power_state": 0, "config_drive": "", "metadata": {}}}
2015-12-16 11:01:40,467 24548 INFO     [tempest.common.waiters] State transition "BUILD/scheduling" ==&gt; "BUILD/spawning" after 1 second wait
2015-12-16 11:01:41,973 24548 INFO     [tempest_lib.common.rest_client] Request (TestNetworkAdvancedServerOps:test_server_connectivity_pause_unpause): 200 GET http://10.0.2.15:8774/v2.1/657bd07fceab4c25b9a2814c0f8203eb/servers/31fc3bf8-b3c6-4bbc-89a7-6cde2a1e9d24 0.504s
2015-12-16 11:01:41,973 24548 DEBUG    [tempest_lib.common.rest_client] Request - Headers: {'Content-Type': 'application/json', 'Accept': 'application/json', 'X-Auth-Token': '&lt;omitted&gt;'}
        Body: None
    Response - Headers: {'status': '200', 'content-length': '1489', 'content-location': 'http://10.0.2.15:8774/v2.1/657bd07fceab4c25b9a2814c0f8203eb/servers/31fc3bf8-b3c6-4bbc-89a7-6cde2a1e9d24', 'x-compute-request-id': 'req-18ed5778-fa93-4a11-b8f2-2de1dcdd7d25', 'vary': 'X-OpenStack-Nova-API-Version', 'connection': 'close', 'x-openstack-nova-api-version': '2.1', 'date': 'Wed, 16 Dec 2015 11:01:41 GMT', 'content-type': 'application/json'}
        Body: {"server": {"status": "BUILD", "updated": "2015-12-16T11:01:39Z", "hostId": "25d50507ea1729ebdc6c467bc3913a453353ac0806eeeaaf01095f5b", "addresses": {}, "links": [{"href": "http://10.0.2.15:8774/v2.1/657bd07fceab4c25b9a2814c0f8203eb/servers/31fc3bf8-b3c6-4bbc-89a7-6cde2a1e9d24", "rel": "self"}, {"href": "http://10.0.2.15:8774/657bd07fceab4c25b9a2814c0f8203eb/servers/31fc3bf8-b3c6-4bbc-89a7-6cde2a1e9d24", "rel": "bookmark"}], "key_name": "tempest-TestNetworkAdvancedServerOps-700606953", "image": {"id": "3cf4e275-b7e3-4796-b304-658dd47600ff", "links": [{"href": "http://10.0.2.15:8774/657bd07fceab4c25b9a2814c0f8203eb/images/3cf4e275-b7e3-4796-b304-658dd47600ff", "rel": "bookmark"}]}, "OS-EXT-STS:task_state": "spawning", "OS-EXT-STS:vm_state": "building", "OS-SRV-USG:launched_at": null, "flavor": {"id": "42", "links": [{"href": "http://10.0.2.15:8774/657bd07fceab4c25b9a2814c0f8203eb/flavors/42", "rel": "bookmark"}]}, "id": "31fc3bf8-b3c6-4bbc-89a7-6cde2a1e9d24", "security_groups": [{"name": "tempest-secgroup-smoke-163456337"}], "OS-SRV-USG:terminated_at": null, "OS-EXT-AZ:availability_zone": "nova", "user_id": "e50941aa2be7490c9bf7aea79ddcfeca", "name": "tempest.common.compute-instance-1936952002", "created": "2015-12-16T11:01:38Z", "tenant_id": "657bd07fceab4c25b9a2814c0f8203eb", "OS-DCF:diskConfig": "MANUAL", "os-extended-volumes:volumes_attached": [], "accessIPv4": "", "accessIPv6": "", "progress": 0, "OS-EXT-STS:power_state": 0, "config_drive": "", "metadata": {}}}
2015-12-16 11:01:43,160 24548 INFO     [tempest_lib.common.rest_client] Request (TestNetworkAdvancedServerOps:test_server_connectivity_pause_unpause): 200 GET http://10.0.2.15:8774/v2.1/657bd07fceab4c25b9a2814c0f8203eb/servers/31fc3bf8-b3c6-4bbc-89a7-6cde2a1e9d24 0.174s
2015-12-16 11:01:43,160 24548 DEBUG    [tempest_lib.common.rest_client] Request - Headers: {'Content-Type': 'application/json', 'Accept': 'application/json', 'X-Auth-Token': '&lt;omitted&gt;'}
        Body: None
    Response - Headers: {'status': '200', 'content-length': '1660', 'content-location': 'http://10.0.2.15:8774/v2.1/657bd07fceab4c25b9a2814c0f8203eb/servers/31fc3bf8-b3c6-4bbc-89a7-6cde2a1e9d24', 'x-compute-request-id': 'req-4821208f-cab0-4396-a982-7a76dbee406d', 'vary': 'X-OpenStack-Nova-API-Version', 'connection': 'close', 'x-openstack-nova-api-version': '2.1', 'date': 'Wed, 16 Dec 2015 11:01:43 GMT', 'content-type': 'application/json'}
        Body: {"server": {"status": "ACTIVE", "updated": "2015-12-16T11:01:42Z", "hostId": "25d50507ea1729ebdc6c467bc3913a453353ac0806eeeaaf01095f5b", "addresses": {"tempest-network-smoke--153949318": [{"OS-EXT-IPS-MAC:mac_addr": "fa:16:3e:da:24:12", "version": 4, "addr": "10.100.0.3", "OS-EXT-IPS:type": "fixed"}]}, "links": [{"href": "http://10.0.2.15:8774/v2.1/657bd07fceab4c25b9a2814c0f8203eb/servers/31fc3bf8-b3c6-4bbc-89a7-6cde2a1e9d24", "rel": "self"}, {"href": "http://10.0.2.15:8774/657bd07fceab4c25b9a2814c0f8203eb/servers/31fc3bf8-b3c6-4bbc-89a7-6cde2a1e9d24", "rel": "bookmark"}], "key_name": "tempest-TestNetworkAdvancedServerOps-700606953", "image": {"id": "3cf4e275-b7e3-4796-b304-658dd47600ff", "links": [{"href": "http://10.0.2.15:8774/657bd07fceab4c25b9a2814c0f8203eb/images/3cf4e275-b7e3-4796-b304-658dd47600ff", "rel": "bookmark"}]}, "OS-EXT-STS:task_state": null, "OS-EXT-STS:vm_state": "active", "OS-SRV-USG:launched_at": "2015-12-16T11:01:42.000000", "flavor": {"id": "42", "links": [{"href": "http://10.0.2.15:8774/657bd07fceab4c25b9a2814c0f8203eb/flavors/42", "rel": "bookmark"}]}, "id": "31fc3bf8-b3c6-4bbc-89a7-6cde2a1e9d24", "security_groups": [{"name": "tempest-secgroup-smoke-163456337"}], "OS-SRV-USG:terminated_at": null, "OS-EXT-AZ:availability_zone": "nova", "user_id": "e50941aa2be7490c9bf7aea79ddcfeca", "name": "tempest.common.compute-instance-1936952002", "created": "2015-12-16T11:01:38Z", "tenant_id": "657bd07fceab4c25b9a2814c0f8203eb", "OS-DCF:diskConfig": "MANUAL", "os-extended-volumes:volumes_attached": [], "accessIPv4": "", "accessIPv6": "", "progress": 0, "OS-EXT-STS:power_state": 1, "config_drive": "True", "metadata": {}}}
2015-12-16 11:01:43,169 24548 INFO     [tempest.common.waiters] State transition "BUILD/spawning" ==&gt; "ACTIVE/None" after 4 second wait
2015-12-16 11:01:43,344 24548 INFO     [tempest_lib.common.rest_client] Request (TestNetworkAdvancedServerOps:test_server_connectivity_pause_unpause): 200 GET http://10.0.2.15:8774/v2.1/657bd07fceab4c25b9a2814c0f8203eb/servers/31fc3bf8-b3c6-4bbc-89a7-6cde2a1e9d24 0.174s
2015-12-16 11:01:43,344 24548 DEBUG    [tempest_lib.common.rest_client] Request - Headers: {'Content-Type': 'application/json', 'Accept': 'application/json', 'X-Auth-Token': '&lt;omitted&gt;'}
        Body: None
    Response - Headers: {'status': '200', 'content-length': '1660', 'content-location': 'http://10.0.2.15:8774/v2.1/657bd07fceab4c25b9a2814c0f8203eb/servers/31fc3bf8-b3c6-4bbc-89a7-6cde2a1e9d24', 'x-compute-request-id': 'req-93ddd7d2-cef8-479f-bd00-df564c57e585', 'vary': 'X-OpenStack-Nova-API-Version', 'connection': 'close', 'x-openstack-nova-api-version': '2.1', 'date': 'Wed, 16 Dec 2015 11:01:43 GMT', 'content-type': 'application/json'}
        Body: {"server": {"status": "ACTIVE", "updated": "2015-12-16T11:01:42Z", "hostId": "25d50507ea1729ebdc6c467bc3913a453353ac0806eeeaaf01095f5b", "addresses": {"tempest-network-smoke--153949318": [{"OS-EXT-IPS-MAC:mac_addr": "fa:16:3e:da:24:12", "version": 4, "addr": "10.100.0.3", "OS-EXT-IPS:type": "fixed"}]}, "links": [{"href": "http://10.0.2.15:8774/v2.1/657bd07fceab4c25b9a2814c0f8203eb/servers/31fc3bf8-b3c6-4bbc-89a7-6cde2a1e9d24", "rel": "self"}, {"href": "http://10.0.2.15:8774/657bd07fceab4c25b9a2814c0f8203eb/servers/31fc3bf8-b3c6-4bbc-89a7-6cde2a1e9d24", "rel": "bookmark"}], "key_name": "tempest-TestNetworkAdvancedServerOps-700606953", "image": {"id": "3cf4e275-b7e3-4796-b304-658dd47600ff", "links": [{"href": "http://10.0.2.15:8774/657bd07fceab4c25b9a2814c0f8203eb/images/3cf4e275-b7e3-4796-b304-658dd47600ff", "rel": "bookmark"}]}, "OS-EXT-STS:task_state": null, "OS-EXT-STS:vm_state": "active", "OS-SRV-USG:launched_at": "2015-12-16T11:01:42.000000", "flavor": {"id": "42", "links": [{"href": "http://10.0.2.15:8774/657bd07fceab4c25b9a2814c0f8203eb/flavors/42", "rel": "bookmark"}]}, "id": "31fc3bf8-b3c6-4bbc-89a7-6cde2a1e9d24", "security_groups": [{"name": "tempest-secgroup-smoke-163456337"}], "OS-SRV-USG:terminated_at": null, "OS-EXT-AZ:availability_zone": "nova", "user_id": "e50941aa2be7490c9bf7aea79ddcfeca", "name": "tempest.common.compute-instance-1936952002", "created": "2015-12-16T11:01:38Z", "tenant_id": "657bd07fceab4c25b9a2814c0f8203eb", "OS-DCF:diskConfig": "MANUAL", "os-extended-volumes:volumes_attached": [], "accessIPv4": "", "accessIPv6": "", "progress": 0, "OS-EXT-STS:power_state": 1, "config_drive": "True", "metadata": {}}}
2015-12-16 11:01:43,484 24548 INFO     [tempest_lib.common.rest_client] Request (TestNetworkAdvancedServerOps:test_server_connectivity_pause_unpause): 200 GET http://10.0.2.15:9696/v2.0/ports?status=ACTIVE&amp;fixed_ip=None&amp;device_id=31fc3bf8-b3c6-4bbc-89a7-6cde2a1e9d24 0.131s
2015-12-16 11:01:43,484 24548 DEBUG    [tempest_lib.common.rest_client] Request - Headers: {'Content-Type': 'application/json', 'Accept': 'application/json', 'X-Auth-Token': '&lt;omitted&gt;'}
        Body: None
    Response - Headers: {'status': '200', 'content-length': '895', 'content-location': 'http://10.0.2.15:9696/v2.0/ports?status=ACTIVE&amp;fixed_ip=None&amp;device_id=31fc3bf8-b3c6-4bbc-89a7-6cde2a1e9d24', 'connection': 'close', 'date': 'Wed, 16 Dec 2015 11:01:43 GMT', 'content-type': 'application/json; charset=UTF-8', 'x-openstack-request-id': 'req-d336e590-7e7a-4e95-a2b0-2539f5cd0271'}
        Body: {"ports": [{"status": "ACTIVE", "binding:host_id": "vagrant-ubuntu-trusty-64", "allowed_address_pairs": [], "extra_dhcp_opts": [], "dns_assignment": [{"hostname": "host-10-100-0-3", "ip_address": "10.100.0.3", "fqdn": "host-10-100-0-3.openstacklocal."}], "device_owner": "compute:None", "port_security_enabled": true, "binding:profile": {}, "fixed_ips": [{"subnet_id": "df4d1293-e4cd-4e74-98a5-6188c7959954", "ip_address": "10.100.0.3"}], "id": "44a459c6-04cf-4f14-949e-c24f51984748", "security_groups": ["42cd8b0d-02b4-426f-b8c5-3f808d20bc89"], "device_id": "31fc3bf8-b3c6-4bbc-89a7-6cde2a1e9d24", "name": "", "admin_state_up": true, "network_id": "70bd2074-9604-4063-bc8d-91d788716ca4", "dns_name": "", "binding:vif_details": {"port_filter": true}, "binding:vnic_type": "normal", "binding:vif_type": "ovs", "tenant_id": "657bd07fceab4c25b9a2814c0f8203eb", "mac_address": "fa:16:3e:da:24:12"}]}
2015-12-16 11:01:43,892 24548 INFO     [tempest_lib.common.rest_client] Request (TestNetworkAdvancedServerOps:test_server_connectivity_pause_unpause): 201 POST http://10.0.2.15:9696/v2.0/floatingips 0.407s
2015-12-16 11:01:43,892 24548 DEBUG    [tempest_lib.common.rest_client] Request - Headers: {'Content-Type': 'application/json', 'Accept': 'application/json', 'X-Auth-Token': '&lt;omitted&gt;'}
        Body: {"floatingip": {"floating_network_id": "fbeeaf91-63e0-49c2-bd2a-9d364a3ad26a", "tenant_id": "657bd07fceab4c25b9a2814c0f8203eb", "fixed_ip_address": "10.100.0.3", "port_id": "44a459c6-04cf-4f14-949e-c24f51984748"}}
    Response - Headers: {'status': '201', 'content-length': '367', 'connection': 'close', 'date': 'Wed, 16 Dec 2015 11:01:43 GMT', 'content-type': 'application/json; charset=UTF-8', 'x-openstack-request-id': 'req-62dbac67-fbe0-466e-b8a4-cf8e0397e650'}
        Body: {"floatingip": {"floating_network_id": "fbeeaf91-63e0-49c2-bd2a-9d364a3ad26a", "router_id": "541788c9-32ee-4e7d-aa78-db9f765e0fcf", "fixed_ip_address": "10.100.0.3", "floating_ip_address": "172.24.4.4", "tenant_id": "657bd07fceab4c25b9a2814c0f8203eb", "status": "DOWN", "port_id": "44a459c6-04cf-4f14-949e-c24f51984748", "id": "7aa84db1-de56-4f01-8433-978398140772"}}
2015-12-16 11:01:44,096 24548 INFO     [tempest_lib.common.rest_client] Request (TestNetworkAdvancedServerOps:test_server_connectivity_pause_unpause): 200 GET http://10.0.2.15:8774/v2.1/657bd07fceab4c25b9a2814c0f8203eb/servers/31fc3bf8-b3c6-4bbc-89a7-6cde2a1e9d24 0.203s
2015-12-16 11:01:44,096 24548 DEBUG    [tempest_lib.common.rest_client] Request - Headers: {'Content-Type': 'application/json', 'Accept': 'application/json', 'X-Auth-Token': '&lt;omitted&gt;'}
        Body: None
    Response - Headers: {'status': '200', 'content-length': '1660', 'content-location': 'http://10.0.2.15:8774/v2.1/657bd07fceab4c25b9a2814c0f8203eb/servers/31fc3bf8-b3c6-4bbc-89a7-6cde2a1e9d24', 'x-compute-request-id': 'req-edf6c815-2b3f-4718-939b-a15c69006e51', 'vary': 'X-OpenStack-Nova-API-Version', 'connection': 'close', 'x-openstack-nova-api-version': '2.1', 'date': 'Wed, 16 Dec 2015 11:01:44 GMT', 'content-type': 'application/json'}
        Body: {"server": {"status": "ACTIVE", "updated": "2015-12-16T11:01:42Z", "hostId": "25d50507ea1729ebdc6c467bc3913a453353ac0806eeeaaf01095f5b", "addresses": {"tempest-network-smoke--153949318": [{"OS-EXT-IPS-MAC:mac_addr": "fa:16:3e:da:24:12", "version": 4, "addr": "10.100.0.3", "OS-EXT-IPS:type": "fixed"}]}, "links": [{"href": "http://10.0.2.15:8774/v2.1/657bd07fceab4c25b9a2814c0f8203eb/servers/31fc3bf8-b3c6-4bbc-89a7-6cde2a1e9d24", "rel": "self"}, {"href": "http://10.0.2.15:8774/657bd07fceab4c25b9a2814c0f8203eb/servers/31fc3bf8-b3c6-4bbc-89a7-6cde2a1e9d24", "rel": "bookmark"}], "key_name": "tempest-TestNetworkAdvancedServerOps-700606953", "image": {"id": "3cf4e275-b7e3-4796-b304-658dd47600ff", "links": [{"href": "http://10.0.2.15:8774/657bd07fceab4c25b9a2814c0f8203eb/images/3cf4e275-b7e3-4796-b304-658dd47600ff", "rel": "bookmark"}]}, "OS-EXT-STS:task_state": null, "OS-EXT-STS:vm_state": "active", "OS-SRV-USG:launched_at": "2015-12-16T11:01:42.000000", "flavor": {"id": "42", "links": [{"href": "http://10.0.2.15:8774/657bd07fceab4c25b9a2814c0f8203eb/flavors/42", "rel": "bookmark"}]}, "id": "31fc3bf8-b3c6-4bbc-89a7-6cde2a1e9d24", "security_groups": [{"name": "tempest-secgroup-smoke-163456337"}], "OS-SRV-USG:terminated_at": null, "OS-EXT-AZ:availability_zone": "nova", "user_id": "e50941aa2be7490c9bf7aea79ddcfeca", "name": "tempest.common.compute-instance-1936952002", "created": "2015-12-16T11:01:38Z", "tenant_id": "657bd07fceab4c25b9a2814c0f8203eb", "OS-DCF:diskConfig": "MANUAL", "os-extended-volumes:volumes_attached": [], "accessIPv4": "", "accessIPv6": "", "progress": 0, "OS-EXT-STS:power_state": 1, "config_drive": "True", "metadata": {}}}
2015-12-16 11:01:44,105 24548 INFO     [tempest.scenario.manager] Tenant networks not configured to be reachable.
2015-12-16 11:01:44,118 24548 INFO     [tempest_lib.common.rest_client] Request (TestNetworkAdvancedServerOps:test_server_connectivity_pause_unpause): 200 GET http://10.0.2.15:9696/v2.0/floatingips/7aa84db1-de56-4f01-8433-978398140772 0.012s
2015-12-16 11:01:44,118 24548 DEBUG    [tempest_lib.common.rest_client] Request - Headers: {'Content-Type': 'application/json', 'Accept': 'application/json', 'X-Auth-Token': '&lt;omitted&gt;'}
        Body: None
    Response - Headers: {'status': '200', 'content-length': '367', 'content-location': 'http://10.0.2.15:9696/v2.0/floatingips/7aa84db1-de56-4f01-8433-978398140772', 'connection': 'close', 'date': 'Wed, 16 Dec 2015 11:01:44 GMT', 'content-type': 'application/json; charset=UTF-8', 'x-openstack-request-id': 'req-36782f9a-d7b1-41a1-a281-cb0422919db3'}
        Body: {"floatingip": {"floating_network_id": "fbeeaf91-63e0-49c2-bd2a-9d364a3ad26a", "router_id": "541788c9-32ee-4e7d-aa78-db9f765e0fcf", "fixed_ip_address": "10.100.0.3", "floating_ip_address": "172.24.4.4", "tenant_id": "657bd07fceab4c25b9a2814c0f8203eb", "status": "DOWN", "port_id": "44a459c6-04cf-4f14-949e-c24f51984748", "id": "7aa84db1-de56-4f01-8433-978398140772"}}
2015-12-16 11:01:45,131 24548 INFO     [tempest_lib.common.rest_client] Request (TestNetworkAdvancedServerOps:test_server_connectivity_pause_unpause): 200 GET http://10.0.2.15:9696/v2.0/floatingips/7aa84db1-de56-4f01-8433-978398140772 0.012s
2015-12-16 11:01:45,132 24548 DEBUG    [tempest_lib.common.rest_client] Request - Headers: {'Content-Type': 'application/json', 'Accept': 'application/json', 'X-Auth-Token': '&lt;omitted&gt;'}
        Body: None
    Response - Headers: {'status': '200', 'content-length': '369', 'content-location': 'http://10.0.2.15:9696/v2.0/floatingips/7aa84db1-de56-4f01-8433-978398140772', 'connection': 'close', 'date': 'Wed, 16 Dec 2015 11:01:45 GMT', 'content-type': 'application/json; charset=UTF-8', 'x-openstack-request-id': 'req-0741d841-ea50-48d7-b3e2-2cd4e618f727'}
        Body: {"floatingip": {"floating_network_id": "fbeeaf91-63e0-49c2-bd2a-9d364a3ad26a", "router_id": "541788c9-32ee-4e7d-aa78-db9f765e0fcf", "fixed_ip_address": "10.100.0.3", "floating_ip_address": "172.24.4.4", "tenant_id": "657bd07fceab4c25b9a2814c0f8203eb", "status": "ACTIVE", "port_id": "44a459c6-04cf-4f14-949e-c24f51984748", "id": "7aa84db1-de56-4f01-8433-978398140772"}}
2015-12-16 11:01:45,132 24548 INFO     [tempest.scenario.manager] FloatingIP: &lt;"FloatingIP" addr="172.24.4.4" id="7aa84db1-de56-4f01-8433-978398140772"&gt; is at status: ACTIVE
2015-12-16 11:01:45,132 24548 DEBUG    [tempest.scenario.manager] checking network connections to IP 172.24.4.4 with user: cirros
2015-12-16 11:01:45,133 24548 DEBUG    [tempest.scenario.manager] TestNetworkAdvancedServerOps:test_server_connectivity_pause_unpause begins to ping 172.24.4.4 in 120 sec and the expected result is reachable
2015-12-16 11:03:45,450 24548 DEBUG    [tempest.scenario.manager] TestNetworkAdvancedServerOps:test_server_connectivity_pause_unpause finishes ping 172.24.4.4 in 120 sec and the ping result is unexpected
2015-12-16 11:03:45,452 24548 ERROR    [tempest.scenario.manager] Public network connectivity check failed
2015-12-16 11:03:45.452 24548 ERROR tempest.scenario.manager Traceback (most recent call last):
2015-12-16 11:03:45.452 24548 ERROR tempest.scenario.manager   File "tempest/scenario/manager.py", line 608, in check_public_network_connectivity
2015-12-16 11:03:45.452 24548 ERROR tempest.scenario.manager     should_connect=should_connect)
2015-12-16 11:03:45.452 24548 ERROR tempest.scenario.manager   File "tempest/scenario/manager.py", line 592, in check_vm_connectivity
2015-12-16 11:03:45.452 24548 ERROR tempest.scenario.manager     msg=msg)
2015-12-16 11:03:45.452 24548 ERROR tempest.scenario.manager   File "/usr/local/lib/python2.7/dist-packages/unittest2/case.py", line 702, in assertTrue
2015-12-16 11:03:45.452 24548 ERROR tempest.scenario.manager     raise self.failureException(msg)
2015-12-16 11:03:45.452 24548 ERROR tempest.scenario.manager AssertionError: False is not true : Timed out waiting for 172.24.4.4 to become reachable
2015-12-16 11:03:45.452 24548 ERROR tempest.scenario.manager 
2015-12-16 11:03:45,668 24548 INFO     [tempest_lib.common.rest_client] Request (TestNetworkAdvancedServerOps:test_server_connectivity_pause_unpause): 200 POST http://10.0.2.15:8774/v2.1/657bd07fceab4c25b9a2814c0f8203eb/servers/31fc3bf8-b3c6-4bbc-89a7-6cde2a1e9d24/action 0.212s
2015-12-16 11:03:45,669 24548 DEBUG    [tempest_lib.common.rest_client] Request - Headers: {'Content-Type': 'application/json', 'Accept': 'application/json', 'X-Auth-Token': '&lt;omitted&gt;'}
        Body: {"os-getConsoleOutput": {}}
    Response - Headers: {'status': '200', 'content-length': '17479', 'x-compute-request-id': 'req-e0256ce0-0505-4f98-87dc-14b1e10db65c', 'vary': 'X-OpenStack-Nova-API-Version', 'connection': 'close', 'x-openstack-nova-api-version': '2.1', 'date': 'Wed, 16 Dec 2015 11:03:45 GMT', 'content-type': 'application/json'}
        Body: {"output": "[    0.000000] Initializing cgroup subsys cpuset\n[    0.000000] Initializing cgroup subsys cpu\n[    0.000000] Linux version 3.2.0-80-virtual (buildd@batsu) (gcc version 4.6.3 (Ubuntu/Linaro 4.6.3-1ubuntu5) ) #116-Ubuntu SMP Mon Mar 23 17:28:52 UTC 2015 (Ubuntu 3.2.0-80.116-virtual 3.2.68)\n[    0.000000] Command line: root=/dev/vda console=tty0 console=ttyS0 no_timer_check\n[    0.000000] KERNEL supported cpus:\n[    0.000000]   Intel GenuineIntel\n[    0.000000]   AMD AuthenticAMD\n[    0.000000]   Centaur CentaurHauls\n[    0.000000] BIOS-provided physical RAM map:\n[    0.000000]  BIOS-e820: 0000000000000000 - 000000000009fc00 (usable)\n[    0.000000]  BIOS-e820: 000000000009fc00 - 00000000000a0000 (reserved)\n[    0.000000]  BIOS-e820: 00000000000f0000 - 0000000000100000 (reserved)\n[    0.000000]  BIOS-e820: 0000000000100000 - 0000000003ffe000 (usable)\n[    0.000000]  BIOS-e820: 0000000003ffe000 - 0000000004000000 (reserved)\n[    0.000000]  BIOS-e820: 00000000fffc0000 - 0000000100000000 (reserved)\n[    0.000000] NX (Execute Disable) protection: active\n[    0.000000] SMBIOS 2.4 present.\n[    0.000000] No AGP bridge found\n[    0.000000] last_pfn = 0x3ffe max_arch_pfn = 0x400000000\n[    0.000000] x86 PAT enabled: cpu 0, old 0x7040600070406, new 0x7010600070106\n[    0.000000] found SMP MP-table at [ffff8800000f0b00] f0b00\n[    0.000000] init_memory_mapping: 0000000000000000-0000000003ffe000\n[    0.000000] RAMDISK: 03c5e000 - 03ff0000\n[    0.000000] ACPI: RSDP 00000000000f0950 00014 (v00 BOCHS )\n[    0.000000] ACPI: RSDT 0000000003fffbc1 00034 (v01 BOCHS  BXPCRSDT 00000001 BXPC 00000001)\n[    0.000000] ACPI: FACP 0000000003fff1c0 00074 (v01 BOCHS  BXPCFACP 00000001 BXPC 00000001)\n[    0.000000] ACPI: DSDT 0000000003ffe040 01180 (v01 BOCHS  BXPCDSDT 00000001 BXPC 00000001)\n[    0.000000] ACPI: FACS 0000000003ffe000 00040\n[    0.000000] ACPI: SSDT 0000000003fff234 008DD (v01 BOCHS  BXPCSSDT 00000001 BXPC 00000001)\n[    0.000000] ACPI: APIC 0000000003fffb11 00078 (v01 BOCHS  BXPCAPIC 00000001 BXPC 00000001)\n[    0.000000] ACPI: HPET 0000000003fffb89 00038 (v01 BOCHS  BXPCHPET 00000001 BXPC 00000001)\n[    0.000000] No NUMA configuration found\n[    0.000000] Faking a node at 0000000000000000-0000000003ffe000\n[    0.000000] Initmem setup node 0 0000000000000000-0000000003ffe000\n[    0.000000]   NODE_DATA [0000000003ff6000 - 0000000003ffafff]\n[    0.000000] Zone PFN ranges:\n[    0.000000]   DMA      0x00000010 -&gt; 0x00001000\n[    0.000000]   DMA32    0x00001000 -&gt; 0x00100000\n[    0.000000]   Normal   empty\n[    0.000000] Movable zone start PFN for each node\n[    0.000000] early_node_map[2] active PFN ranges\n[    0.000000]     0: 0x00000010 -&gt; 0x0000009f\n[    0.000000]     0: 0x00000100 -&gt; 0x00003ffe\n[    0.000000] ACPI: PM-Timer IO Port: 0xb008\n[    0.000000] ACPI: LAPIC (acpi_id[0x00] lapic_id[0x00] enabled)\n[    0.000000] ACPI: LAPIC_NMI (acpi_id[0xff] dfl dfl lint[0x1])\n[    0.000000] ACPI: IOAPIC (id[0x00] address[0xfec00000] gsi_base[0])\n[    0.000000] IOAPIC[0]: apic_id 0, version 17, address 0xfec00000, GSI 0-23\n[    0.000000] ACPI: INT_SRC_OVR (bus 0 bus_irq 0 global_irq 2 dfl dfl)\n[    0.000000] ACPI: INT_SRC_OVR (bus 0 bus_irq 5 global_irq 5 high level)\n[    0.000000] ACPI: INT_SRC_OVR (bus 0 bus_irq 9 global_irq 9 high level)\n[    0.000000] ACPI: INT_SRC_OVR (bus 0 bus_irq 10 global_irq 10 high level)\n[    0.000000] ACPI: INT_SRC_OVR (bus 0 bus_irq 11 global_irq 11 high level)\n[    0.000000] Using ACPI (MADT) for SMP configuration information\n[    0.000000] ACPI: HPET id: 0x8086a201 base: 0xfed00000\n[    0.000000] SMP: Allowing 1 CPUs, 0 hotplug CPUs\n[    0.000000] PM: Registered nosave memory: 000000000009f000 - 00000000000a0000\n[    0.000000] PM: Registered nosave memory: 00000000000a0000 - 00000000000f0000\n[    0.000000] PM: Registered nosave memory: 00000000000f0000 - 0000000000100000\n[    0.000000] Allocating PCI resources starting at 4000000 (gap: 4000000:fbfc0000)\n[    0.000000] Booting paravirtualized kernel on bare hardware\n[    0.000000] setup_pe
2015-12-16 11:03:45,673 24548 DEBUG    [tempest.scenario.manager] Console output for 31fc3bf8-b3c6-4bbc-89a7-6cde2a1e9d24
body=
[    0.000000] Initializing cgroup subsys cpuset
[    0.000000] Initializing cgroup subsys cpu
[    0.000000] Linux version 3.2.0-80-virtual (buildd@batsu) (gcc version 4.6.3 (Ubuntu/Linaro 4.6.3-1ubuntu5) ) #116-Ubuntu SMP Mon Mar 23 17:28:52 UTC 2015 (Ubuntu 3.2.0-80.116-virtual 3.2.68)
[    0.000000] Command line: root=/dev/vda console=tty0 console=ttyS0 no_timer_check
[    0.000000] KERNEL supported cpus:
[    0.000000]   Intel GenuineIntel
[    0.000000]   AMD AuthenticAMD
[    0.000000]   Centaur CentaurHauls
[    0.000000] BIOS-provided physical RAM map:
[    0.000000]  BIOS-e820: 0000000000000000 - 000000000009fc00 (usable)
[    0.000000]  BIOS-e820: 000000000009fc00 - 00000000000a0000 (reserved)
[    0.000000]  BIOS-e820: 00000000000f0000 - 0000000000100000 (reserved)
[    0.000000]  BIOS-e820: 0000000000100000 - 0000000003ffe000 (usable)
[    0.000000]  BIOS-e820: 0000000003ffe000 - 0000000004000000 (reserved)
[    0.000000]  BIOS-e820: 00000000fffc0000 - 0000000100000000 (reserved)
[    0.000000] NX (Execute Disable) protection: active
[    0.000000] SMBIOS 2.4 present.
[    0.000000] No AGP bridge found
[    0.000000] last_pfn = 0x3ffe max_arch_pfn = 0x400000000
[    0.000000] x86 PAT enabled: cpu 0, old 0x7040600070406, new 0x7010600070106
[    0.000000] found SMP MP-table at [ffff8800000f0b00] f0b00
[    0.000000] init_memory_mapping: 0000000000000000-0000000003ffe000
[    0.000000] RAMDISK: 03c5e000 - 03ff0000
[    0.000000] ACPI: RSDP 00000000000f0950 00014 (v00 BOCHS )
[    0.000000] ACPI: RSDT 0000000003fffbc1 00034 (v01 BOCHS  BXPCRSDT 00000001 BXPC 00000001)
[    0.000000] ACPI: FACP 0000000003fff1c0 00074 (v01 BOCHS  BXPCFACP 00000001 BXPC 00000001)
[    0.000000] ACPI: DSDT 0000000003ffe040 01180 (v01 BOCHS  BXPCDSDT 00000001 BXPC 00000001)
[    0.000000] ACPI: FACS 0000000003ffe000 00040
[    0.000000] ACPI: SSDT 0000000003fff234 008DD (v01 BOCHS  BXPCSSDT 00000001 BXPC 00000001)
[    0.000000] ACPI: APIC 0000000003fffb11 00078 (v01 BOCHS  BXPCAPIC 00000001 BXPC 00000001)
[    0.000000] ACPI: HPET 0000000003fffb89 00038 (v01 BOCHS  BXPCHPET 00000001 BXPC 00000001)
[    0.000000] No NUMA configuration found
[    0.000000] Faking a node at 0000000000000000-0000000003ffe000
[    0.000000] Initmem setup node 0 0000000000000000-0000000003ffe000
[    0.000000]   NODE_DATA [0000000003ff6000 - 0000000003ffafff]
[    0.000000] Zone PFN ranges:
[    0.000000]   DMA      0x00000010 -&gt; 0x00001000
[    0.000000]   DMA32    0x00001000 -&gt; 0x00100000
[    0.000000]   Normal   empty
[    0.000000] Movable zone start PFN for each node
[    0.000000] early_node_map[2] active PFN ranges
[    0.000000]     0: 0x00000010 -&gt; 0x0000009f
[    0.000000]     0: 0x00000100 -&gt; 0x00003ffe
[    0.000000] ACPI: PM-Timer IO Port: 0xb008
[    0.000000] ACPI: LAPIC (acpi_id[0x00] lapic_id[0x00] enabled)
[    0.000000] ACPI: LAPIC_NMI (acpi_id[0xff] dfl dfl lint[0x1])
[    0.000000] ACPI: IOAPIC (id[0x00] address[0xfec00000] gsi_base[0])
[    0.000000] IOAPIC[0]: apic_id 0, version 17, address 0xfec00000, GSI 0-23
[    0.000000] ACPI: INT_SRC_OVR (bus 0 bus_irq 0 global_irq 2 dfl dfl)
[    0.000000] ACPI: INT_SRC_OVR (bus 0 bus_irq 5 global_irq 5 high level)
[    0.000000] ACPI: INT_SRC_OVR (bus 0 bus_irq 9 global_irq 9 high level)
[    0.000000] ACPI: INT_SRC_OVR (bus 0 bus_irq 10 global_irq 10 high level)
[    0.000000] ACPI: INT_SRC_OVR (bus 0 bus_irq 11 global_irq 11 high level)
[    0.000000] Using ACPI (MADT) for SMP configuration information
[    0.000000] ACPI: HPET id: 0x8086a201 base: 0xfed00000
[    0.000000] SMP: Allowing 1 CPUs, 0 hotplug CPUs
[    0.000000] PM: Registered nosave memory: 000000000009f000 - 00000000000a0000
[    0.000000] PM: Registered nosave memory: 00000000000a0000 - 00000000000f0000
[    0.000000] PM: Registered nosave memory: 00000000000f0000 - 0000000000100000
[    0.000000] Allocating PCI resources starting at 4000000 (gap: 4000000:fbfc0000)
[    0.000000] Booting paravirtualized kernel on bare hardware
[    0.000000] setup_percpu: NR_CPUS:64 nr_cpumask_bits:64 nr_cpu_ids:1 nr_node_ids:1
[    0.000000] PERCPU: Embedded 27 pages/cpu @ffff880003a00000 s78848 r8192 d23552 u2097152
[    0.000000] Built 1 zonelists in Node order, mobility grouping on.  Total pages: 16008
[    0.000000] Policy zone: DMA32
[    0.000000] Kernel command line: root=/dev/vda console=tty0 console=ttyS0 no_timer_check
[    0.000000] PID hash table entries: 256 (order: -1, 2048 bytes)
[    0.000000] Checking aperture...
[    0.000000] No AGP bridge found
[    0.000000] Memory: 43492k/65528k available (6576k kernel code, 452k absent, 21584k reserved, 6620k data, 928k init)
[    0.000000] SLUB: Genslabs=15, HWalign=64, Order=0-3, MinObjects=0, CPUs=1, Nodes=1
[    0.000000] Hierarchical RCU implementation.
[    0.000000] 	RCU dyntick-idle grace-period acceleration is enabled.
[    0.000000] NR_IRQS:4352 nr_irqs:256 16
[    0.000000] Console: colour VGA+ 80x25
[    0.000000] console [tty0] enabled
[    0.000000] console [ttyS0] enabled
[    0.000000] allocated 1048576 bytes of page_cgroup
[    0.000000] please try 'cgroup_disable=memory' option if you don't want memory cgroups
[    0.000000] Fast TSC calibration failed
[    0.000000] TSC: Unable to calibrate against PIT
[    0.000000] TSC: using HPET reference calibration
[    0.000000] Detected 2292.796 MHz processor.
[    0.032892] Calibrating delay loop (skipped), value calculated using timer frequency.. 4585.59 BogoMIPS (lpj=9171184)
[    0.034752] pid_max: default: 32768 minimum: 301
[    0.042900] Security Framework initialized
[    0.048891] AppArmor: AppArmor initialized
[    0.049526] Yama: becoming mindful.
[    0.057396] Dentry cache hash table entries: 8192 (order: 4, 65536 bytes)
[    0.058765] Inode-cache hash table entries: 4096 (order: 3, 32768 bytes)
[    0.060568] Mount-cache hash table entries: 256
[    0.076392] Initializing cgroup subsys cpuacct
[    0.077365] Initializing cgroup subsys memory
[    0.078427] Initializing cgroup subsys devices
[    0.079157] Initializing cgroup subsys freezer
[    0.080136] Initializing cgroup subsys blkio
[    0.081030] Initializing cgroup subsys perf_event
[    0.086092] mce: CPU supports 10 MCE banks
[    0.089747] SMP alternatives: switching to UP code
[    0.445455] Freeing SMP alternatives: 24k freed
[    0.447080] ACPI: Core revision 20110623
[    0.492457] ftrace: allocating 26610 entries in 105 pages
[    0.537823] ..TIMER: vector=0x30 apic1=0 pin1=2 apic2=-1 pin2=-1
[    0.540178] CPU0: AMD QEMU Virtual CPU version 2.0.0 stepping 03
[    0.544033] Performance Events: Broken PMU hardware detected, using software events only.
[    0.554354] NMI watchdog disabled (cpu0): hardware events not enabled
[    0.556810] Brought up 1 CPUs
[    0.557814] Total of 1 processors activated (4585.59 BogoMIPS).
[    0.582109] devtmpfs: initialized
[    0.610594] EVM: security.selinux
[    0.611055] EVM: security.SMACK64
[    0.612078] EVM: security.capability
[    0.632243] print_constraints: dummy: 
[    0.634121] RTC time: 11:01:45, date: 12/16/15
[    0.637388] NET: Registered protocol family 16
[    0.645343] ACPI: bus type pci registered
[    0.649110] PCI: Using configuration type 1 for base access
[    0.678124] bio: create slab &lt;bio-0&gt; at 0
[    0.684971] ACPI: Added _OSI(Module Device)
[    0.685623] ACPI: Added _OSI(Processor Device)
[    0.686219] ACPI: Added _OSI(3.0 _SCP Extensions)
[    0.686870] ACPI: Added _OSI(Processor Aggregator Device)
[    0.761170] ACPI: Interpreter enabled
[    0.761963] ACPI: (supports S0 S3 S4 S5)
[    0.764384] ACPI: Using IOAPIC for interrupt routing
[    0.841757] ACPI: No dock devices found.
[    0.842469] HEST: Table not found.
[    0.844152] PCI: Using host bridge windows from ACPI; if necessary, use "pci=nocrs" and report a bug
[    0.853179] ACPI: PCI Root Bridge [PCI0] (domain 0000 [bus 00-ff])
[    0.860053] pci_root PNP0A03:00: host bridge window [io  0x0000-0x0cf7]
[    0.860150] pci_root PNP0A03:00: host bridge window [io  0x0d00-0xadff]
[    0.860979] pci_root PNP0A03:00: host bridge window [io  0xae0f-0xaeff]
[    0.861775] pci_root PNP0A03:00: host bridge window [io  0xaf20-0xafdf]
[    0.864098] pci_root PNP0A03:00: host bridge window [io  0xafe4-0xffff]
[    0.865733] pci_root PNP0A03:00: host bridge window [mem 0x000a0000-0x000bffff]
[    0.868174] pci_root PNP0A03:00: host bridge window [mem 0x04000000-0xfebfffff]
[    0.902338] pci 0000:00:01.3: quirk: [io  0xb000-0xb03f] claimed by PIIX4 ACPI
[    0.904228] pci 0000:00:01.3: quirk: [io  0xb100-0xb10f] claimed by PIIX4 SMB
[    0.966532]  pci0000:00: Unable to request _OSC control (_OSC support mask: 0x1e)
[    1.027316] ACPI: PCI Interrupt Link [LNKA] (IRQs 5 *10 11)
[    1.029386] ACPI: PCI Interrupt Link [LNKB] (IRQs 5 *10 11)
[    1.032243] ACPI: PCI Interrupt Link [LNKC] (IRQs 5 10 *11)
[    1.033844] ACPI: PCI Interrupt Link [LNKD] (IRQs 5 10 *11)
[    1.035027] ACPI: PCI Interrupt Link [LNKS] (IRQs *9)
[    1.041843] vgaarb: device added: PCI:0000:00:02.0,decodes=io+mem,owns=io+mem,locks=none
[    1.042854] vgaarb: loaded
[    1.043227] vgaarb: bridge control possible 0000:00:02.0
[    1.046717] i2c-core: driver [aat2870] using legacy suspend method
[    1.048137] i2c-core: driver [aat2870] using legacy resume method
[    1.050730] SCSI subsystem initialized
[    1.054438] usbcore: registered new interface driver usbfs
[    1.056560] usbcore: registered new interface driver hub
[    1.057820] usbcore: registered new device driver usb
[    1.061755] PCI: Using ACPI for IRQ routing
[    1.072657] NetLabel: Initializing
[    1.073087] NetLabel:  domain hash size = 128
[    1.073681] NetLabel:  protocols = UNLABELED CIPSOv4
[    1.076361] NetLabel:  unlabeled traffic allowed by default
[    1.078659] HPET: 3 timers in total, 0 timers will be used for per-cpu timer
[    1.080345] hpet0: at MMIO 0xfed00000, IRQs 2, 8, 0
[    1.081207] hpet0: 3 comparators, 64-bit 100.000000 MHz counter
[    1.093764] Switching to clocksource hpet
[    1.334118] AppArmor: AppArmor Filesystem Enabled
[    1.335506] pnp: PnP ACPI init
[    1.336618] ACPI: bus type pnp registered
[    1.358959] pnp: PnP ACPI: found 9 devices
[    1.359509] ACPI: ACPI bus type pnp unregistered
[    1.421709] NET: Registered protocol family 2
[    1.456133] IP route cache hash table entries: 512 (order: 0, 4096 bytes)
[    1.466136] TCP established hash table entries: 2048 (order: 3, 32768 bytes)
[    1.468021] TCP bind hash table entries: 2048 (order: 3, 32768 bytes)
[    1.470426] TCP: Hash tables configured (established 2048 bind 2048)
[    1.471417] TCP reno registered
[    1.472672] UDP hash table entries: 128 (order: 0, 4096 bytes)
[    1.474291] UDP-Lite hash table entries: 128 (order: 0, 4096 bytes)
[    1.477678] NET: Registered protocol family 1
[    1.478502] pci 0000:00:00.0: Limiting direct PCI/PCI transfers
[    1.479276] pci 0000:00:01.0: PIIX3: Enabling Passive Release
[    1.480556] pci 0000:00:01.0: Activating ISA DMA hang workarounds
[    1.486042] ACPI: PCI Interrupt Link [LNKD] enabled at IRQ 11
[    1.487065] pci 0000:00:01.2: PCI INT D -&gt; Link[LNKD] -&gt; GSI 11 (level, high) -&gt; IRQ 11
[    1.490163] pci 0000:00:01.2: PCI INT D disabled
[    1.509283] Trying to unpack rootfs image as initramfs...
[    1.526184] audit: initializing netlink socket (disabled)
[    1.527778] type=2000 audit(1450263705.524:1): initialized
[    1.782830] HugeTLB registered 2 MB page size, pre-allocated 0 pages
[    1.870924] VFS: Disk quotas dquot_6.5.2
[    1.872061] Dquot-cache hash table entries: 512 (order 0, 4096 bytes)
[    1.894706] fuse init (API version 7.17)
[    1.898570] msgmni has been set to 84
[    1.938466] Block layer SCSI generic (bsg) driver version 0.4 loaded (major 253)
[    1.940031] io scheduler noop registered
[    1.941825] io scheduler deadline registered (default)
[    1.942921] io scheduler cfq registered
[    1.946548] pci_hotplug: PCI Hot Plug PCI Core version: 0.5
[    1.949801] pciehp: PCI Express Hot Plug Controller Driver version: 0.4
[    1.957957] input: Power Button as /devices/LNXSYSTM:00/LNXPWRBN:00/input/input0
[    1.959591] ACPI: Power Button [PWRF]
[    2.010575] ERST: Table is not found!
[    2.011058] GHES: HEST is not enabled!
[    2.019420] ACPI: PCI Interrupt Link [LNKC] enabled at IRQ 10
[    2.020953] virtio-pci 0000:00:03.0: PCI INT A -&gt; Link[LNKC] -&gt; GSI 10 (level, high) -&gt; IRQ 10
[    2.025361] virtio-pci 0000:00:04.0: PCI INT A -&gt; Link[LNKD] -&gt; GSI 11 (level, high) -&gt; IRQ 11
[    2.042134] ACPI: PCI Interrupt Link [LNKA] enabled at IRQ 10
[    2.043038] virtio-pci 0000:00:05.0: PCI INT A -&gt; Link[LNKA] -&gt; GSI 10 (level, high) -&gt; IRQ 10
[    2.062662] Serial: 8250/16550 driver, 32 ports, IRQ sharing enabled
[    2.110711] serial8250: ttyS0 at I/O 0x3f8 (irq = 4) is a 16550A
[    2.197364] serial8250: ttyS1 at I/O 0x2f8 (irq = 3) is a 16550A
[    2.341059] 00:05: ttyS0 at I/O 0x3f8 (irq = 4) is a 16550A
[    2.418562] 00:06: ttyS1 at I/O 0x2f8 (irq = 3) is a 16550A
[    2.454519] Linux agpgart interface v0.103
[    2.497368] Refined TSC clocksource calibration: 2293.014 MHz.
[    2.498138] Switching to clocksource tsc
[    2.512172] brd: module loaded
[    2.540105] loop: module loaded
[    2.593448]  vda: unknown partition table
[    2.669322] scsi0 : ata_piix
[    2.677343] scsi1 : ata_piix
[    2.679048] ata1: PATA max MWDMA2 cmd 0x1f0 ctl 0x3f6 bmdma 0xc0a0 irq 14
[    2.679924] ata2: PATA max MWDMA2 cmd 0x170 ctl 0x376 bmdma 0xc0a8 irq 15
[    2.690699] Fixed MDIO Bus: probed
[    2.691749] tun: Universal TUN/TAP device driver, 1.6
[    2.693266] tun: (C) 1999-2004 Max Krasnyansky &lt;maxk@qualcomm.com&gt;
[    2.706070] PPP generic driver version 2.4.2
[    2.729330] ehci_hcd: USB 2.0 'Enhanced' Host Controller (EHCI) Driver
[    2.730440] ohci_hcd: USB 1.1 'Open' Host Controller (OHCI) Driver
[    2.731359] uhci_hcd: USB Universal Host Controller Interface driver
[    2.733369] uhci_hcd 0000:00:01.2: PCI INT D -&gt; Link[LNKD] -&gt; GSI 11 (level, high) -&gt; IRQ 11
[    2.735839] uhci_hcd 0000:00:01.2: UHCI Host Controller
[    2.753811] uhci_hcd 0000:00:01.2: new USB bus registered, assigned bus number 1
[    2.755730] uhci_hcd 0000:00:01.2: irq 11, io base 0x0000c040
[    2.782935] hub 1-0:1.0: USB hub found
[    2.785267] hub 1-0:1.0: 2 ports detected
[    2.794497] usbcore: registered new interface driver libusual
[    2.798654] i8042: PNP: PS/2 Controller [PNP0303:KBD,PNP0f13:MOU] at 0x60,0x64 irq 1,12
[    2.814981] serio: i8042 KBD port at 0x60,0x64 irq 1
[    2.818652] serio: i8042 AUX port at 0x60,0x64 irq 12
[    2.870247] mousedev: PS/2 mouse device common for all mice
[    2.884940] input: AT Translated Set 2 keyboard as /devices/platform/i8042/serio0/input/input1
[    2.910480] rtc_cmos 00:01: RTC can wake from S4
[    2.924007] ata2.01: ATAPI: QEMU DVD-ROM, 2.0.0, max UDMA/100
[    2.929186] ata2.01: configured for MWDMA2
[    2.933120] rtc_cmos 00:01: rtc core: registered rtc_cmos as rtc0
[    2.936323] rtc0: alarms up to one day, 114 bytes nvram, hpet irqs
[    2.940756] device-mapper: uevent: version 1.0.3
[    2.983340] device-mapper: ioctl: 4.22.0-ioctl (2011-10-19) initialised: dm-devel@redhat.com
[    2.987155] cpuidle: using governor ladder
[    2.988011] cpuidle: using governor menu
[    2.988913] EFI Variables Facility v0.08 2004-May-17
[    2.998035] TCP cubic registered
[    3.001876] NET: Registered protocol family 10
[    3.027577] NET: Registered protocol family 17
[    3.028789] Registering the dns_resolver key type
[    3.043576] scsi 1:0:1:0: CD-ROM            QEMU     QEMU DVD-ROM     2.0. PQ: 0 ANSI: 5
[    3.063476] sr0: scsi3-mmc drive: 4x/4x cd/rw xa/form2 tray
[    3.065236] cdrom: Uniform CD-ROM driver Revision: 3.20
[    3.079861] sr 1:0:1:0: Attached scsi generic sg0 type 5
[    3.122576] registered taskstats version 1
[    3.164585] Freeing initrd memory: 3656k freed
[    3.548373]   Magic number: 11:366:24
[    3.557613] misc cpu_dma_latency: hash matches
[    3.561617] rtc_cmos 00:01: setting system clock to 2015-12-16 11:01:48 UTC (1450263708)
[    3.563650] powernow-k8: Processor cpuid 663 not supported
[    3.569033] BIOS EDD facility v0.16 2004-Jun-25, 0 devices found
[    3.570296] EDD information not available.
[    3.627028] Freeing unused kernel memory: 928k freed
[    3.632402] Write protecting the kernel read-only data: 12288k
[    3.724069] Freeing unused kernel memory: 1596k freed
[    3.797617] Freeing unused kernel memory: 1184k freed

info: initramfs: up at 4.01
modprobe: module virtio_blk not found in modules.dep
modprobe: module virtio_net not found in modules.dep
info: copying initramfs to /dev/vda
info: initramfs loading root from /dev/vda
info: /etc/init.d/rc.sysinit: up at 8.78
info: container: none
Starting logging: OK
modprobe: module virtio_blk not found in modules.dep
modprobe: module virtio_net not found in modules.dep
WARN: /etc/rc3.d/S10-load-modules failed
Initializing random number generator... done.
Starting acpid: OK
cirros-ds 'local' up at 11.29
found datasource (configdrive, local)
Starting network...
udhcpc (v1.20.1) started
Sending discover...
Sending discover...

2015-12-16 11:03:45,879 24548 INFO     [tempest_lib.common.rest_client] Request (TestNetworkAdvancedServerOps:_run_cleanups): 204 DELETE http://10.0.2.15:9696/v2.0/floatingips/7aa84db1-de56-4f01-8433-978398140772 0.202s
2015-12-16 11:03:45,879 24548 DEBUG    [tempest_lib.common.rest_client] Request - Headers: {'Content-Type': 'application/json', 'Accept': 'application/json', 'X-Auth-Token': '&lt;omitted&gt;'}
        Body: None
    Response - Headers: {'date': 'Wed, 16 Dec 2015 11:03:45 GMT', 'status': '204', 'connection': 'close', 'content-length': '0', 'x-openstack-request-id': 'req-73bd027d-694f-478e-a3c5-a376f084ec95'}
        Body: 
2015-12-16 11:03:46,106 24548 INFO     [tempest_lib.common.rest_client] Request (TestNetworkAdvancedServerOps:_run_cleanups): 204 DELETE http://10.0.2.15:8774/v2.1/657bd07fceab4c25b9a2814c0f8203eb/servers/31fc3bf8-b3c6-4bbc-89a7-6cde2a1e9d24 0.226s
2015-12-16 11:03:46,107 24548 DEBUG    [tempest_lib.common.rest_client] Request - Headers: {'Content-Type': 'application/json', 'Accept': 'application/json', 'X-Auth-Token': '&lt;omitted&gt;'}
        Body: None
    Response - Headers: {'status': '204', 'content-length': '0', 'x-compute-request-id': 'req-f092cceb-0dab-4c10-8a4e-d0de282b6ab4', 'vary': 'X-OpenStack-Nova-API-Version', 'connection': 'close', 'x-openstack-nova-api-version': '2.1', 'date': 'Wed, 16 Dec 2015 11:03:46 GMT', 'content-type': 'application/json'}
        Body: 
2015-12-16 11:03:46,320 24548 INFO     [tempest_lib.common.rest_client] Request (TestNetworkAdvancedServerOps:_run_cleanups): 200 GET http://10.0.2.15:8774/v2.1/657bd07fceab4c25b9a2814c0f8203eb/servers/31fc3bf8-b3c6-4bbc-89a7-6cde2a1e9d24 0.213s
2015-12-16 11:03:46,321 24548 DEBUG    [tempest_lib.common.rest_client] Request - Headers: {'Content-Type': 'application/json', 'Accept': 'application/json', 'X-Auth-Token': '&lt;omitted&gt;'}
        Body: None
    Response - Headers: {'status': '200', 'content-length': '1783', 'content-location': 'http://10.0.2.15:8774/v2.1/657bd07fceab4c25b9a2814c0f8203eb/servers/31fc3bf8-b3c6-4bbc-89a7-6cde2a1e9d24', 'x-compute-request-id': 'req-87552391-b5cd-44a3-811a-bf46c24c16d4', 'vary': 'X-OpenStack-Nova-API-Version', 'connection': 'close', 'x-openstack-nova-api-version': '2.1', 'date': 'Wed, 16 Dec 2015 11:03:46 GMT', 'content-type': 'application/json'}
        Body: {"server": {"status": "ACTIVE", "updated": "2015-12-16T11:03:46Z", "hostId": "25d50507ea1729ebdc6c467bc3913a453353ac0806eeeaaf01095f5b", "addresses": {"tempest-network-smoke--153949318": [{"OS-EXT-IPS-MAC:mac_addr": "fa:16:3e:da:24:12", "version": 4, "addr": "10.100.0.3", "OS-EXT-IPS:type": "fixed"}, {"OS-EXT-IPS-MAC:mac_addr": "fa:16:3e:da:24:12", "version": 4, "addr": "172.24.4.4", "OS-EXT-IPS:type": "floating"}]}, "links": [{"href": "http://10.0.2.15:8774/v2.1/657bd07fceab4c25b9a2814c0f8203eb/servers/31fc3bf8-b3c6-4bbc-89a7-6cde2a1e9d24", "rel": "self"}, {"href": "http://10.0.2.15:8774/657bd07fceab4c25b9a2814c0f8203eb/servers/31fc3bf8-b3c6-4bbc-89a7-6cde2a1e9d24", "rel": "bookmark"}], "key_name": "tempest-TestNetworkAdvancedServerOps-700606953", "image": {"id": "3cf4e275-b7e3-4796-b304-658dd47600ff", "links": [{"href": "http://10.0.2.15:8774/657bd07fceab4c25b9a2814c0f8203eb/images/3cf4e275-b7e3-4796-b304-658dd47600ff", "rel": "bookmark"}]}, "OS-EXT-STS:task_state": "deleting", "OS-EXT-STS:vm_state": "active", "OS-SRV-USG:launched_at": "2015-12-16T11:01:42.000000", "flavor": {"id": "42", "links": [{"href": "http://10.0.2.15:8774/657bd07fceab4c25b9a2814c0f8203eb/flavors/42", "rel": "bookmark"}]}, "id": "31fc3bf8-b3c6-4bbc-89a7-6cde2a1e9d24", "security_groups": [{"name": "tempest-secgroup-smoke-163456337"}], "OS-SRV-USG:terminated_at": null, "OS-EXT-AZ:availability_zone": "nova", "user_id": "e50941aa2be7490c9bf7aea79ddcfeca", "name": "tempest.common.compute-instance-1936952002", "created": "2015-12-16T11:01:38Z", "tenant_id": "657bd07fceab4c25b9a2814c0f8203eb", "OS-DCF:diskConfig": "MANUAL", "os-extended-volumes:volumes_attached": [], "accessIPv4": "", "accessIPv6": "", "progress": 0, "OS-EXT-STS:power_state": 1, "config_drive": "True", "metadata": {}}}
2015-12-16 11:03:47,643 24548 INFO     [tempest_lib.common.rest_client] Request (TestNetworkAdvancedServerOps:_run_cleanups): 200 GET http://10.0.2.15:8774/v2.1/657bd07fceab4c25b9a2814c0f8203eb/servers/31fc3bf8-b3c6-4bbc-89a7-6cde2a1e9d24 0.310s
2015-12-16 11:03:47,644 24548 DEBUG    [tempest_lib.common.rest_client] Request - Headers: {'Content-Type': 'application/json', 'Accept': 'application/json', 'X-Auth-Token': '&lt;omitted&gt;'}
        Body: None
    Response - Headers: {'status': '200', 'content-length': '1454', 'content-location': 'http://10.0.2.15:8774/v2.1/657bd07fceab4c25b9a2814c0f8203eb/servers/31fc3bf8-b3c6-4bbc-89a7-6cde2a1e9d24', 'x-compute-request-id': 'req-8a6bcb86-ebc1-40eb-83e7-d51883d38ecc', 'vary': 'X-OpenStack-Nova-API-Version', 'connection': 'close', 'x-openstack-nova-api-version': '2.1', 'date': 'Wed, 16 Dec 2015 11:03:47 GMT', 'content-type': 'application/json'}
        Body: {"server": {"status": "DELETED", "updated": "2015-12-16T11:03:47Z", "hostId": "25d50507ea1729ebdc6c467bc3913a453353ac0806eeeaaf01095f5b", "addresses": {}, "links": [{"href": "http://10.0.2.15:8774/v2.1/657bd07fceab4c25b9a2814c0f8203eb/servers/31fc3bf8-b3c6-4bbc-89a7-6cde2a1e9d24", "rel": "self"}, {"href": "http://10.0.2.15:8774/657bd07fceab4c25b9a2814c0f8203eb/servers/31fc3bf8-b3c6-4bbc-89a7-6cde2a1e9d24", "rel": "bookmark"}], "key_name": "tempest-TestNetworkAdvancedServerOps-700606953", "image": {"id": "3cf4e275-b7e3-4796-b304-658dd47600ff", "links": [{"href": "http://10.0.2.15:8774/657bd07fceab4c25b9a2814c0f8203eb/images/3cf4e275-b7e3-4796-b304-658dd47600ff", "rel": "bookmark"}]}, "OS-EXT-STS:task_state": null, "OS-EXT-STS:vm_state": "deleted", "OS-SRV-USG:launched_at": "2015-12-16T11:01:42.000000", "flavor": {"id": "42", "links": [{"href": "http://10.0.2.15:8774/657bd07fceab4c25b9a2814c0f8203eb/flavors/42", "rel": "bookmark"}]}, "id": "31fc3bf8-b3c6-4bbc-89a7-6cde2a1e9d24", "OS-SRV-USG:terminated_at": "2015-12-16T11:03:47.000000", "OS-EXT-AZ:availability_zone": "nova", "user_id": "e50941aa2be7490c9bf7aea79ddcfeca", "name": "tempest.common.compute-instance-1936952002", "created": "2015-12-16T11:01:38Z", "tenant_id": "657bd07fceab4c25b9a2814c0f8203eb", "OS-DCF:diskConfig": "MANUAL", "os-extended-volumes:volumes_attached": [], "accessIPv4": "", "accessIPv6": "", "OS-EXT-STS:power_state": 0, "config_drive": "True", "metadata": {}}}
2015-12-16 11:03:48,732 24548 INFO     [tempest_lib.common.rest_client] Request (TestNetworkAdvancedServerOps:_run_cleanups): 404 GET http://10.0.2.15:8774/v2.1/657bd07fceab4c25b9a2814c0f8203eb/servers/31fc3bf8-b3c6-4bbc-89a7-6cde2a1e9d24 0.078s
2015-12-16 11:03:48,733 24548 DEBUG    [tempest_lib.common.rest_client] Request - Headers: {'Content-Type': 'application/json', 'Accept': 'application/json', 'X-Auth-Token': '&lt;omitted&gt;'}
        Body: None
    Response - Headers: {'status': '404', 'content-length': '111', 'x-compute-request-id': 'req-53ffe45b-7bca-4415-b6e7-b92934949f95', 'vary': 'X-OpenStack-Nova-API-Version', 'connection': 'close', 'x-openstack-nova-api-version': '2.1', 'date': 'Wed, 16 Dec 2015 11:03:48 GMT', 'content-type': 'application/json; charset=UTF-8'}
        Body: {"itemNotFound": {"message": "Instance 31fc3bf8-b3c6-4bbc-89a7-6cde2a1e9d24 could not be found.", "code": 404}}
2015-12-16 11:03:49,088 24548 INFO     [tempest_lib.common.rest_client] Request (TestNetworkAdvancedServerOps:_run_cleanups): 200 PUT http://10.0.2.15:9696/v2.0/routers/541788c9-32ee-4e7d-aa78-db9f765e0fcf/remove_router_interface 0.353s
2015-12-16 11:03:49,089 24548 DEBUG    [tempest_lib.common.rest_client] Request - Headers: {'Content-Type': 'application/json', 'Accept': 'application/json', 'X-Auth-Token': '&lt;omitted&gt;'}
        Body: {"subnet_id": "df4d1293-e4cd-4e74-98a5-6188c7959954"}
    Response - Headers: {'status': '200', 'content-length': '255', 'connection': 'close', 'date': 'Wed, 16 Dec 2015 11:03:49 GMT', 'content-type': 'application/json; charset=UTF-8', 'x-openstack-request-id': 'req-9ba18b2b-39ce-480a-8341-73759b887664'}
        Body: {"subnet_id": "df4d1293-e4cd-4e74-98a5-6188c7959954", "tenant_id": "657bd07fceab4c25b9a2814c0f8203eb", "subnet_ids": ["df4d1293-e4cd-4e74-98a5-6188c7959954"], "port_id": "c14799b4-5de4-40a3-be95-5231ab044ee5", "id": "541788c9-32ee-4e7d-aa78-db9f765e0fcf"}
2015-12-16 11:03:49,500 24548 INFO     [tempest_lib.common.rest_client] Request (TestNetworkAdvancedServerOps:_run_cleanups): 204 DELETE http://10.0.2.15:9696/v2.0/subnets/df4d1293-e4cd-4e74-98a5-6188c7959954 0.411s
2015-12-16 11:03:49,500 24548 DEBUG    [tempest_lib.common.rest_client] Request - Headers: {'Content-Type': 'application/json', 'Accept': 'application/json', 'X-Auth-Token': '&lt;omitted&gt;'}
        Body: None
    Response - Headers: {'date': 'Wed, 16 Dec 2015 11:03:49 GMT', 'status': '204', 'connection': 'close', 'content-length': '0', 'x-openstack-request-id': 'req-2ba7930c-3e12-4388-9962-16127c7465b8'}
        Body: 
2015-12-16 11:03:49,542 24548 INFO     [tempest_lib.common.rest_client] Request (TestNetworkAdvancedServerOps:_run_cleanups): 200 GET http://10.0.2.15:9696/v2.0/routers/541788c9-32ee-4e7d-aa78-db9f765e0fcf 0.040s
2015-12-16 11:03:49,542 24548 DEBUG    [tempest_lib.common.rest_client] Request - Headers: {'Content-Type': 'application/json', 'Accept': 'application/json', 'X-Auth-Token': '&lt;omitted&gt;'}
        Body: None
    Response - Headers: {'status': '200', 'content-length': '501', 'content-location': 'http://10.0.2.15:9696/v2.0/routers/541788c9-32ee-4e7d-aa78-db9f765e0fcf', 'connection': 'close', 'date': 'Wed, 16 Dec 2015 11:03:49 GMT', 'content-type': 'application/json; charset=UTF-8', 'x-openstack-request-id': 'req-40f036b5-253e-4651-98fb-b055016516ec'}
        Body: {"router": {"status": "ACTIVE", "external_gateway_info": {"network_id": "fbeeaf91-63e0-49c2-bd2a-9d364a3ad26a", "enable_snat": true, "external_fixed_ips": [{"subnet_id": "4868b198-8423-4977-8816-16726930329d", "ip_address": "172.24.4.3"}, {"subnet_id": "eeaa319f-2c0d-412b-a6f6-28a72a813c18", "ip_address": "2001:db8::4"}]}, "name": "tempest-router-smoke-1476311639", "admin_state_up": true, "tenant_id": "657bd07fceab4c25b9a2814c0f8203eb", "routes": [], "id": "541788c9-32ee-4e7d-aa78-db9f765e0fcf"}}
2015-12-16 11:03:49,935 24548 INFO     [tempest_lib.common.rest_client] Request (TestNetworkAdvancedServerOps:_run_cleanups): 200 PUT http://10.0.2.15:9696/v2.0/routers/541788c9-32ee-4e7d-aa78-db9f765e0fcf 0.392s
2015-12-16 11:03:49,935 24548 DEBUG    [tempest_lib.common.rest_client] Request - Headers: {'Content-Type': 'application/json', 'Accept': 'application/json', 'X-Auth-Token': '&lt;omitted&gt;'}
        Body: {"router": {"external_gateway_info": {}, "name": "tempest-router-smoke-1476311639", "admin_state_up": true}}
    Response - Headers: {'status': '200', 'content-length': '239', 'connection': 'close', 'date': 'Wed, 16 Dec 2015 11:03:49 GMT', 'content-type': 'application/json; charset=UTF-8', 'x-openstack-request-id': 'req-7072e81a-bbfc-485d-8848-0f344bf1172b'}
        Body: {"router": {"status": "ACTIVE", "external_gateway_info": null, "name": "tempest-router-smoke-1476311639", "admin_state_up": true, "tenant_id": "657bd07fceab4c25b9a2814c0f8203eb", "routes": [], "id": "541788c9-32ee-4e7d-aa78-db9f765e0fcf"}}
2015-12-16 11:03:50,157 24548 INFO     [tempest_lib.common.rest_client] Request (TestNetworkAdvancedServerOps:_run_cleanups): 204 DELETE http://10.0.2.15:9696/v2.0/routers/541788c9-32ee-4e7d-aa78-db9f765e0fcf 0.221s
2015-12-16 11:03:50,158 24548 DEBUG    [tempest_lib.common.rest_client] Request - Headers: {'Content-Type': 'application/json', 'Accept': 'application/json', 'X-Auth-Token': '&lt;omitted&gt;'}
        Body: None
    Response - Headers: {'date': 'Wed, 16 Dec 2015 11:03:50 GMT', 'status': '204', 'connection': 'close', 'content-length': '0', 'x-openstack-request-id': 'req-210e38a3-b61e-4f1b-a1e7-1bd41428121c'}
        Body: 
2015-12-16 11:03:50,352 24548 INFO     [tempest_lib.common.rest_client] Request (TestNetworkAdvancedServerOps:_run_cleanups): 204 DELETE http://10.0.2.15:9696/v2.0/networks/70bd2074-9604-4063-bc8d-91d788716ca4 0.193s
2015-12-16 11:03:50,352 24548 DEBUG    [tempest_lib.common.rest_client] Request - Headers: {'Content-Type': 'application/json', 'Accept': 'application/json', 'X-Auth-Token': '&lt;omitted&gt;'}
        Body: None
    Response - Headers: {'date': 'Wed, 16 Dec 2015 11:03:50 GMT', 'status': '204', 'connection': 'close', 'content-length': '0', 'x-openstack-request-id': 'req-a12c921b-b9ca-4f99-af29-4de347a10389'}
        Body: 
2015-12-16 11:03:50,409 24548 INFO     [tempest_lib.common.rest_client] Request (TestNetworkAdvancedServerOps:_run_cleanups): 204 DELETE http://10.0.2.15:9696/v2.0/security-group-rules/9b95de61-cedb-4c60-8405-7e83f393dc4d 0.056s
2015-12-16 11:03:50,409 24548 DEBUG    [tempest_lib.common.rest_client] Request - Headers: {'Content-Type': 'application/json', 'Accept': 'application/json', 'X-Auth-Token': '&lt;omitted&gt;'}
        Body: None
    Response - Headers: {'date': 'Wed, 16 Dec 2015 11:03:50 GMT', 'status': '204', 'connection': 'close', 'content-length': '0', 'x-openstack-request-id': 'req-dbcdf952-dff5-418b-991d-a555f8c63c8d'}
        Body: 
2015-12-16 11:03:50,467 24548 INFO     [tempest_lib.common.rest_client] Request (TestNetworkAdvancedServerOps:_run_cleanups): 204 DELETE http://10.0.2.15:9696/v2.0/security-group-rules/963819a6-bb9b-4ddb-9c5d-64df31764aad 0.055s
2015-12-16 11:03:50,467 24548 DEBUG    [tempest_lib.common.rest_client] Request - Headers: {'Content-Type': 'application/json', 'Accept': 'application/json', 'X-Auth-Token': '&lt;omitted&gt;'}
        Body: None
    Response - Headers: {'date': 'Wed, 16 Dec 2015 11:03:50 GMT', 'status': '204', 'connection': 'close', 'content-length': '0', 'x-openstack-request-id': 'req-236e1bb1-88e0-4a5a-87a4-09585b9edaaf'}
        Body: 
2015-12-16 11:03:50,515 24548 INFO     [tempest_lib.common.rest_client] Request (TestNetworkAdvancedServerOps:_run_cleanups): 204 DELETE http://10.0.2.15:9696/v2.0/security-group-rules/da78c8c0-291f-49c9-826f-bdb8cf486b13 0.047s
2015-12-16 11:03:50,516 24548 DEBUG    [tempest_lib.common.rest_client] Request - Headers: {'Content-Type': 'application/json', 'Accept': 'application/json', 'X-Auth-Token': '&lt;omitted&gt;'}
        Body: None
    Response - Headers: {'date': 'Wed, 16 Dec 2015 11:03:50 GMT', 'status': '204', 'connection': 'close', 'content-length': '0', 'x-openstack-request-id': 'req-e7288a87-7ee1-42e5-a09c-2b75399cf4ba'}
        Body: 
2015-12-16 11:03:50,566 24548 INFO     [tempest_lib.common.rest_client] Request (TestNetworkAdvancedServerOps:_run_cleanups): 204 DELETE http://10.0.2.15:9696/v2.0/security-group-rules/594db36a-76b5-4113-85bf-0956f8195b28 0.050s
2015-12-16 11:03:50,567 24548 DEBUG    [tempest_lib.common.rest_client] Request - Headers: {'Content-Type': 'application/json', 'Accept': 'application/json', 'X-Auth-Token': '&lt;omitted&gt;'}
        Body: None
    Response - Headers: {'date': 'Wed, 16 Dec 2015 11:03:50 GMT', 'status': '204', 'connection': 'close', 'content-length': '0', 'x-openstack-request-id': 'req-f875043c-a1c1-4d38-92f3-7354c21cc129'}
        Body: 
2015-12-16 11:03:50,622 24548 INFO     [tempest_lib.common.rest_client] Request (TestNetworkAdvancedServerOps:_run_cleanups): 204 DELETE http://10.0.2.15:9696/v2.0/security-group-rules/6a2de550-333a-4251-a122-0a5edc4031df 0.055s
2015-12-16 11:03:50,623 24548 DEBUG    [tempest_lib.common.rest_client] Request - Headers: {'Content-Type': 'application/json', 'Accept': 'application/json', 'X-Auth-Token': '&lt;omitted&gt;'}
        Body: None
    Response - Headers: {'date': 'Wed, 16 Dec 2015 11:03:50 GMT', 'status': '204', 'connection': 'close', 'content-length': '0', 'x-openstack-request-id': 'req-649783aa-be6c-43db-b13c-b9d7c77b54da'}
        Body: 
2015-12-16 11:03:50,677 24548 INFO     [tempest_lib.common.rest_client] Request (TestNetworkAdvancedServerOps:_run_cleanups): 204 DELETE http://10.0.2.15:9696/v2.0/security-group-rules/2046c544-aae2-450c-9786-1e0f61602130 0.052s
2015-12-16 11:03:50,677 24548 DEBUG    [tempest_lib.common.rest_client] Request - Headers: {'Content-Type': 'application/json', 'Accept': 'application/json', 'X-Auth-Token': '&lt;omitted&gt;'}
        Body: None
    Response - Headers: {'date': 'Wed, 16 Dec 2015 11:03:50 GMT', 'status': '204', 'connection': 'close', 'content-length': '0', 'x-openstack-request-id': 'req-ea8490f9-ca3a-4d4c-a9cf-7064ef0b4c3e'}
        Body: 
2015-12-16 11:03:50,756 24548 INFO     [tempest_lib.common.rest_client] Request (TestNetworkAdvancedServerOps:_run_cleanups): 204 DELETE http://10.0.2.15:9696/v2.0/security-groups/42cd8b0d-02b4-426f-b8c5-3f808d20bc89 0.077s
2015-12-16 11:03:50,756 24548 DEBUG    [tempest_lib.common.rest_client] Request - Headers: {'Content-Type': 'application/json', 'Accept': 'application/json', 'X-Auth-Token': '&lt;omitted&gt;'}
        Body: None
    Response - Headers: {'date': 'Wed, 16 Dec 2015 11:03:50 GMT', 'status': '204', 'connection': 'close', 'content-length': '0', 'x-openstack-request-id': 'req-d80bba55-1765-473e-91c4-2dae925990e3'}
        Body: 
2015-12-16 11:03:50,776 24548 INFO     [tempest_lib.common.rest_client] Request (TestNetworkAdvancedServerOps:_run_cleanups): 202 DELETE http://10.0.2.15:8774/v2.1/657bd07fceab4c25b9a2814c0f8203eb/os-keypairs/tempest-TestNetworkAdvancedServerOps-700606953 0.019s
2015-12-16 11:03:50,776 24548 DEBUG    [tempest_lib.common.rest_client] Request - Headers: {'Content-Type': 'application/json', 'Accept': 'application/json', 'X-Auth-Token': '&lt;omitted&gt;'}
        Body: None
    Response - Headers: {'status': '202', 'content-length': '0', 'x-compute-request-id': 'req-4e1d0bf3-0ad4-481c-a96a-c8f805dae921', 'vary': 'X-OpenStack-Nova-API-Version', 'connection': 'close', 'x-openstack-nova-api-version': '2.1', 'date': 'Wed, 16 Dec 2015 11:03:50 GMT', 'content-type': 'application/json'}
        Body: 
2015-12-16 11:03:50,869 24548 INFO     [tempest_lib.common.rest_client] Request (TestNetworkAdvancedServerOps:_run_cleanups): 404 GET http://10.0.2.15:8774/v2.1/657bd07fceab4c25b9a2814c0f8203eb/servers/31fc3bf8-b3c6-4bbc-89a7-6cde2a1e9d24 0.092s
2015-12-16 11:03:50,870 24548 DEBUG    [tempest_lib.common.rest_client] Request - Headers: {'Content-Type': 'application/json', 'Accept': 'application/json', 'X-Auth-Token': '&lt;omitted&gt;'}
        Body: None
    Response - Headers: {'status': '404', 'content-length': '111', 'x-compute-request-id': 'req-7999cc75-d8bf-4b49-beaf-90cf1e8623d5', 'vary': 'X-OpenStack-Nova-API-Version', 'connection': 'close', 'x-openstack-nova-api-version': '2.1', 'date': 'Wed, 16 Dec 2015 11:03:50 GMT', 'content-type': 'application/json; charset=UTF-8'}
        Body: {"itemNotFound": {"message": "Instance 31fc3bf8-b3c6-4bbc-89a7-6cde2a1e9d24 could not be found.", "code": 404}}
}}}

Traceback (most recent call last):
  File "tempest/test.py", line 113, in wrapper
    return f(self, *func_args, **func_kwargs)
  File "tempest/scenario/test_network_advanced_server_ops.py", line 134, in test_server_connectivity_pause_unpause
    server, keypair, floating_ip = self._setup_network_and_servers()
  File "tempest/scenario/test_network_advanced_server_ops.py", line 71, in _setup_network_and_servers
    server, keypair, floating_ip)
  File "tempest/scenario/test_network_advanced_server_ops.py", line 95, in _wait_server_status_and_check_network_connectivity
    self._check_network_connectivity(server, keypair, floating_ip)
  File "tempest/scenario/test_network_advanced_server_ops.py", line 88, in _check_network_connectivity
    servers=[server])
  File "tempest/scenario/manager.py", line 608, in check_public_network_connectivity
    should_connect=should_connect)
  File "tempest/scenario/manager.py", line 592, in check_vm_connectivity
    msg=msg)
  File "/usr/local/lib/python2.7/dist-packages/unittest2/case.py", line 702, in assertTrue
    raise self.failureException(msg)
AssertionError: False is not true : Timed out waiting for 172.24.4.4 to become reachable



        </pre>
    </div>
    <!--css div popup end-->

    </td>
</tr>

<tr id='ft1.2' class='none'>
    <td class='failCase'><div class='testcase'>test_server_connectivity_reboot[compute,id-7b6860c2-afa3-4846-9522-adeb38dfbe08,network]</div></td>
    <td colspan='7' align='left'>

    <!--css div popup start-->
    <a class="popup_link" onfocus='this.blur();'
    href="javascript:showTestDetail('div_ft1.2')" >
        fail</a>

    <div id='div_ft1.2' class="popup_window">
        <div style='text-align: right; color:red;cursor:pointer'>
        <a onfocus='this.blur();'
onclick="document.getElementById('div_ft1.2').style.display = 'none' " >
           [x]</a>
        </div>
        <pre>
        
ft1.2: tempest.scenario.test_network_advanced_server_ops.TestNetworkAdvancedServerOps.test_server_connectivity_reboot[compute,id-7b6860c2-afa3-4846-9522-adeb38dfbe08,network]_StringException: Empty attachments:
  stderr
  stdout

pythonlogging:'': {{{
2015-12-16 11:03:51,105 24548 INFO     [tempest_lib.common.rest_client] Request (TestNetworkAdvancedServerOps:test_server_connectivity_reboot): 200 POST http://10.0.2.15:8774/v2.1/657bd07fceab4c25b9a2814c0f8203eb/os-keypairs 0.218s
