<?xml version="1.0" encoding="UTF-8"?>
<!DOCTYPE html PUBLIC "-//W3C//DTD XHTML 1.0 Strict//EN"
     "http://www.w3.org/TR/xhtml1/DTD/xhtml1-strict.dtd">
<html xmlns="http://www.w3.org/1999/xhtml">
<head>
    <title>Unit Test Report</title>
    <meta name="generator" content="subunit2html 0.1"/>
    <meta http-equiv="Content-Type" content="text/html; charset=UTF-8"/>
    
<style type="text/css" media="screen">
body        { font-family: verdana, arial, helvetica, sans-serif;
    font-size: 80%; }
table       { font-size: 100%; width: 100%;}
pre         { font-size: 80%; }

/* -- heading -------------------------------------------------------------- */
h1 {
        font-size: 16pt;
        color: gray;
}
.heading {
    margin-top: 0ex;
    margin-bottom: 1ex;
}

.heading .attribute {
    margin-top: 1ex;
    margin-bottom: 0;
}

.heading .description {
    margin-top: 4ex;
    margin-bottom: 6ex;
}

/* -- css div popup -------------------------------------------------------- */
a.popup_link {
}

a.popup_link:hover {
    color: red;
}

.popup_window {
    display: none;
    overflow-x: scroll;
    /*border: solid #627173 1px; */
    padding: 10px;
    background-color: #E6E6D6;
    font-family: "Ubuntu Mono", "Lucida Console", "Courier New", monospace;
    text-align: left;
    font-size: 8pt;
}

}
/* -- report --------------------------------------------------------------- */
#show_detail_line {
    margin-top: 3ex;
    margin-bottom: 1ex;
}
#result_table {
    width: 100%;
    border-collapse: collapse;
    border: 1px solid #777;
}
#header_row {
    font-weight: bold;
    color: white;
    background-color: #777;
}
#result_table td {
    border: 1px solid #777;
    padding: 2px;
}
#total_row  { font-weight: bold; }
.passClass  { background-color: #6c6; }
.failClass  { background-color: #c60; }
.errorClass { background-color: #c00; }
.passCase   { color: #6c6; }
.failCase   { color: #c60; font-weight: bold; }
.errorCase  { color: #c00; font-weight: bold; }
.hiddenRow  { display: none; }
.testcase   { margin-left: 2em; }
td.testname {width: 40%}
td.small {width: 40px}

/* -- ending --------------------------------------------------------------- */
#ending {
}

</style>

</head>
<body>
<script language="javascript" type="text/javascript"><!--
output_list = Array();

/* level - 0:Summary; 1:Failed; 2:All */
function showCase(level) {
    trs = document.getElementsByTagName("tr");
    for (var i = 0; i < trs.length; i++) {
        tr = trs[i];
        id = tr.id;
        if (id.substr(0,2) == 'ft') {
            if (level < 1) {
                tr.className = 'hiddenRow';
            }
            else {
                tr.className = '';
            }
        }
        if (id.substr(0,2) == 'pt') {
            if (level > 1) {
                tr.className = '';
            }
            else {
                tr.className = 'hiddenRow';
            }
        }
    }
}


function showClassDetail(cid, count) {
    var id_list = Array(count);
    var toHide = 1;
    for (var i = 0; i < count; i++) {
        tid0 = 't' + cid.substr(1) + '.' + (i+1);
        tid = 'f' + tid0;
        tr = document.getElementById(tid);
        if (!tr) {
            tid = 'p' + tid0;
            tr = document.getElementById(tid);
        }
        id_list[i] = tid;
        if (tr.className) {
            toHide = 0;
        }
    }
    for (var i = 0; i < count; i++) {
        tid = id_list[i];
        if (toHide) {
            document.getElementById('div_'+tid).style.display = 'none'
            document.getElementById(tid).className = 'hiddenRow';
        }
        else {
            document.getElementById(tid).className = '';
        }
    }
}


function showTestDetail(div_id){
    var details_div = document.getElementById(div_id)
    var displayState = details_div.style.display
    // alert(displayState)
    if (displayState != 'block' ) {
        displayState = 'block'
        details_div.style.display = 'block'
    }
    else {
        details_div.style.display = 'none'
    }
}


function html_escape(s) {
    s = s.replace(/&/g,'&amp;');
    s = s.replace(/</g,'&lt;');
    s = s.replace(/>/g,'&gt;');
    return s;
}

/* obsoleted by detail in <div>
function showOutput(id, name) {
    var w = window.open("", //url
                    name,
                    "resizable,scrollbars,status,width=800,height=450");
    d = w.document;
    d.write("<pre>");
    d.write(html_escape(output_list[id]));
    d.write("\n");
    d.write("<a href='javascript:window.close()'>close</a>\n");
    d.write("</pre>\n");
    d.close();
}
*/
--></script>

<div class='heading'>
<h1>Unit Test Report</h1>

<p class='attribute'><strong>Status:</strong> Failure 6</p>

<p class='description'></p>
</div>



<p id='show_detail_line'>Show
<a href='javascript:showCase(0)'>Summary</a>
<a href='javascript:showCase(1)'>Failed</a>
<a href='javascript:showCase(2)'>All</a>
</p>
<table id='result_table'>
<colgroup>
<col align='left' />
<col align='right' />
<col align='right' />
<col align='right' />
<col align='right' />
<col align='right' />
<col align='right' />
<col align='right' />
</colgroup>
<tr id='header_row'>
    <td>Test Group/Test case</td>
    <td>Count</td>
    <td>Pass</td>
    <td>Fail</td>
    <td>Error</td>
    <td>Skip</td>
    <td>View</td>
    <td> </td>
</tr>

<tr class='failClass'>
    <td class="testname">tempest.scenario.test_network_advanced_server_ops.TestNetworkAdvancedServerOps</td>
    <td class="small">6</td>
    <td class="small">0</td>
    <td class="small">6</td>
    <td class="small">0</td>
    <td class="small">0</td>
    <td class="small"><a href="javascript:showClassDetail('c1',6)"
>Detail</a></td>
    <td> </td>
</tr>

<tr id='ft1.1' class='none'>
    <td class='failCase'><div class='testcase'>test_server_connectivity_pause_unpause[compute,id-2b2642db-6568-4b35-b812-eceed3fa20ce,network]</div></td>
    <td colspan='7' align='left'>

    <!--css div popup start-->
    <a class="popup_link" onfocus='this.blur();'
    href="javascript:showTestDetail('div_ft1.1')" >
        fail</a>

    <div id='div_ft1.1' class="popup_window">
        <div style='text-align: right; color:red;cursor:pointer'>
        <a onfocus='this.blur();'
onclick="document.getElementById('div_ft1.1').style.display = 'none' " >
           [x]</a>
        </div>
        <pre>
        
ft1.1: tempest.scenario.test_network_advanced_server_ops.TestNetworkAdvancedServerOps.test_server_connectivity_pause_unpause[compute,id-2b2642db-6568-4b35-b812-eceed3fa20ce,network]_StringException: Empty attachments:
  stderr
  stdout

pythonlogging:'': {{{
2015-12-16 23:57:56,555 20912 INFO     [tempest_lib.common.rest_client] Request (TestNetworkAdvancedServerOps:test_server_connectivity_pause_unpause): 200 POST http://10.0.2.15:8774/v2.1/fc1d070b3b974f38b35bc77fd2a5bb5a/os-keypairs 0.748s
2015-12-16 23:57:56,555 20912 DEBUG    [tempest_lib.common.rest_client] Request - Headers: {'Content-Type': 'application/json', 'Accept': 'application/json', 'X-Auth-Token': '&lt;omitted&gt;'}
        Body: {"keypair": {"name": "tempest-TestNetworkAdvancedServerOps-1418330063"}}
    Response - Headers: {'status': '200', 'content-length': '2330', 'x-compute-request-id': 'req-36a25d59-4f6d-4f0f-8e01-3391ab757fbf', 'vary': 'X-OpenStack-Nova-API-Version', 'connection': 'close', 'x-openstack-nova-api-version': '2.1', 'date': 'Wed, 16 Dec 2015 23:57:56 GMT', 'content-type': 'application/json'}
        Body: {"keypair": {"public_key": "ssh-rsa AAAAB3NzaC1yc2EAAAADAQABAAABAQDYB7e1/5n9PoefCYLbl4J7K/qP9FaUvSrDv3fb7U3ti7nzSNHGvHi/g5UIKSCpl+dj+HJWJS9+qpcqfmb59tAblTfOMD51zIT3LccL49NgKMEksPOV44ScTO0rwBX46/M3lnMg60Tq1d1GXRxTMQ5vPBALJ9x+kG36qSjwFDAq02whQxjOabTPq3wo34Vnlz3uyX+YqheSDPZklmdrbliK5gNGbhoMXW26/6kRgz9VYgKZmHIIsDKPcgk/y9E6x9c2hg9r/x4jmP9WBohMIw+6zNlcpE+eNH0htpegy2wid1paADPqQLkecVgtEF8S8IROiLi5GbEKBCaGN3IM348l Generated-by-Nova", "private_key": "-----BEGIN RSA PRIVATE KEY-----\nMIIEqQIBAAKCAQEA2Ae3tf+Z/T6HnwmC25eCeyv6j/RWlL0qw7932+1N7Yu580jR\nxrx4v4OVCCkgqZfnY/hyViUvfqqXKn5m+fbQG5U3zjA+dcyE9y3HC+PTYCjBJLDz\nleOEnEztK8AV+OvzN5ZzIOtE6tXdRl0cUzEObzwQCyfcfpBt+qko8BQwKtNsIUMY\nzmm0z6t8KN+FZ5c97sl/mKoXkgz2ZJZna25YiuYDRm4aDF1tuv+pEYM/VWICmZhy\nCLAyj3IJP8vROsfXNoYPa/8eI5j/VgaITCMPuszZXKRPnjR9IbaXoMtsIndaWgAz\n6kC5HnFYLRBfEvCEToi4uRmxCgQmhjdyDN+PJQIDAQABAoIBAHsamsOprjSzx1EH\neHxuMDrEavpRgG0uBwqZN1IqPngZYZOTcYdQq3ZnIywNU8GRAJjlYTJZ6mDCEXZz\npXbYAOtW8wAaWd2C+FpqybyqzS9EyhuAgq5tgooXBCgkQ+Efg++vWlft+c3gpUGN\nmbCGifU1Quc4hdvRrfpjHyMAPhqIaC8owwQHsZcC+mm/EW5ai/gr9N9oNLwnfrLu\nEXjWBS+0DqgjsQPiPUtOh8Ffy50wU2t/J/ibo3ZbSaEZZpgp12MPfgj35vsyyXl+\nJcGiTVeFkYWzEYp/MnDmW8mqDHZjeDsz5o1ywwRBXuaqMxuYf+GQ166zbgT1Mt4X\nNHTKZsECggCBAONf71QyOZmLZDfUzBaKaeu2n6XSFh7KvlNGkNLMDWUuR15EzNaB\ngMIcNrnZbc8/zSR4s4/0ePnO+HlfsSD+pPA7+WiFta4SfpBROwYhVMEsnlhSQrJa\nDlxTsDjZXwM6JVejPrnA1sXWsefa6R0EEk68bSg+GSENz8SHwkTF04pdAoIAgQDz\nOihOqSN/CmR1autynFSjYCCod2zGZKassohzMTmsIODYjaFdl/k4MDDDkXlAOx5w\nj/Ot8V5VtOYWa0qF/554Y/92bs7OMIqBXDzS4JhhUzlXWsVC2ql1w0HhCLk82v67\n6aijE2ahIArD6IbbXFEA7N/Lp4YB0EjIrxsZz1QbaQKCAIEAqF0RSrcmD5w3yV+4\n/7feVrwT2yWFW6ek5uUJuA2Anbt2/UbUpsGeJh3eKB/oP95ueOMnkyDjs5aeRsGk\n11m3qGvAcrUPoqXvMc30dsWXjLMNTTkcShSFLbiKdI4A3NLhc9NdTw6L+lLPyW8/\nzkyFgefkrDfPQ7qGbnBYWbRiv8ECggCBAOHVE+vFW7HvQktLVQV7ZZK0BF6nVBX5\nClC7C7p48CWD+YDYMAWov7uN8xkCj2Q2ABNfdVACFibZ6fDS+cTlDIyXvHCIffgw\nVcm6jLb31kQ3c7xKCXIDeOhgvWBmKyf35iEv2GZh8x6Tk6tG0UAHvSZwyXJcPy6b\n55h+DVmviVZRAoIAgB2eEpRN99zxsxOUsqiXTdDeLkx7/tEhofJCzZ42RbyVH8vW\nsEWMfI+8RjS2QFsP9kVkBxfm6HD9ktOhnRrTZldHvusmr2rFqYoOjBvLpW1JPOi7\nQpN22kC1R8+2fyvKGUV5NaPCirI75K6H6eHU+zsYGuuLLTKibi5PMFDTxKeQ\n-----END RSA PRIVATE KEY-----\n", "user_id": "c85cba5a627e4e4b8a2297f14af61a9f", "name": "tempest-TestNetworkAdvancedServerOps-1418330063", "fingerprint": "38:df:ed:5d:01:ed:8f:76:a4:b7:d7:d2:2a:44:6d:34"}}
2015-12-16 23:57:56,872 20912 INFO     [tempest_lib.common.rest_client] Request (TestNetworkAdvancedServerOps:test_server_connectivity_pause_unpause): 201 POST http://10.0.2.15:9696/v2.0/security-groups 0.314s
2015-12-16 23:57:56,873 20912 DEBUG    [tempest_lib.common.rest_client] Request - Headers: {'Content-Type': 'application/json', 'Accept': 'application/json', 'X-Auth-Token': '&lt;omitted&gt;'}
        Body: {"security_group": {"tenant_id": "fc1d070b3b974f38b35bc77fd2a5bb5a", "description": "tempest-secgroup-smoke-2693830 description", "name": "tempest-secgroup-smoke-2693830"}}
    Response - Headers: {'status': '201', 'content-length': '882', 'connection': 'close', 'date': 'Wed, 16 Dec 2015 23:57:56 GMT', 'content-type': 'application/json; charset=UTF-8', 'x-openstack-request-id': 'req-99407882-bab9-40c4-83c5-c337095a9bc0'}
        Body: {"security_group": {"tenant_id": "fc1d070b3b974f38b35bc77fd2a5bb5a", "description": "tempest-secgroup-smoke-2693830 description", "id": "a0ceea4a-8ee5-497a-b25d-f8e19a768953", "security_group_rules": [{"remote_group_id": null, "direction": "egress", "remote_ip_prefix": null, "protocol": null, "ethertype": "IPv4", "tenant_id": "fc1d070b3b974f38b35bc77fd2a5bb5a", "port_range_max": null, "port_range_min": null, "id": "7d6cde8f-d290-48f5-9586-00aa398e2972", "security_group_id": "a0ceea4a-8ee5-497a-b25d-f8e19a768953"}, {"remote_group_id": null, "direction": "egress", "remote_ip_prefix": null, "protocol": null, "ethertype": "IPv6", "tenant_id": "fc1d070b3b974f38b35bc77fd2a5bb5a", "port_range_max": null, "port_range_min": null, "id": "827aa02a-3ce5-49e5-b9b4-0038822eecf3", "security_group_id": "a0ceea4a-8ee5-497a-b25d-f8e19a768953"}], "name": "tempest-secgroup-smoke-2693830"}}
2015-12-16 23:57:56,983 20912 INFO     [tempest_lib.common.rest_client] Request (TestNetworkAdvancedServerOps:test_server_connectivity_pause_unpause): 201 POST http://10.0.2.15:9696/v2.0/security-group-rules 0.108s
2015-12-16 23:57:56,984 20912 DEBUG    [tempest_lib.common.rest_client] Request - Headers: {'Content-Type': 'application/json', 'Accept': 'application/json', 'X-Auth-Token': '&lt;omitted&gt;'}
        Body: {"security_group_rule": {"direction": "ingress", "protocol": "tcp", "tenant_id": "fc1d070b3b974f38b35bc77fd2a5bb5a", "port_range_max": 22, "security_group_id": "a0ceea4a-8ee5-497a-b25d-f8e19a768953", "port_range_min": 22}}
    Response - Headers: {'status': '201', 'content-length': '340', 'connection': 'close', 'date': 'Wed, 16 Dec 2015 23:57:56 GMT', 'content-type': 'application/json; charset=UTF-8', 'x-openstack-request-id': 'req-8144c421-b737-4e86-93dc-8aad0413987a'}
        Body: {"security_group_rule": {"remote_group_id": null, "direction": "ingress", "remote_ip_prefix": null, "protocol": "tcp", "ethertype": "IPv4", "tenant_id": "fc1d070b3b974f38b35bc77fd2a5bb5a", "port_range_max": 22, "port_range_min": 22, "id": "4d05cbb2-ce99-415e-b939-963a9f6f1c2f", "security_group_id": "a0ceea4a-8ee5-497a-b25d-f8e19a768953"}}
2015-12-16 23:57:57,220 20912 INFO     [tempest_lib.common.rest_client] Request (TestNetworkAdvancedServerOps:test_server_connectivity_pause_unpause): 201 POST http://10.0.2.15:9696/v2.0/security-group-rules 0.235s
2015-12-16 23:57:57,221 20912 DEBUG    [tempest_lib.common.rest_client] Request - Headers: {'Content-Type': 'application/json', 'Accept': 'application/json', 'X-Auth-Token': '&lt;omitted&gt;'}
        Body: {"security_group_rule": {"direction": "egress", "protocol": "tcp", "tenant_id": "fc1d070b3b974f38b35bc77fd2a5bb5a", "port_range_max": 22, "security_group_id": "a0ceea4a-8ee5-497a-b25d-f8e19a768953", "port_range_min": 22}}
    Response - Headers: {'status': '201', 'content-length': '339', 'connection': 'close', 'date': 'Wed, 16 Dec 2015 23:57:57 GMT', 'content-type': 'application/json; charset=UTF-8', 'x-openstack-request-id': 'req-9f87a267-e40a-407d-b84f-ecdcc7b88e13'}
        Body: {"security_group_rule": {"remote_group_id": null, "direction": "egress", "remote_ip_prefix": null, "protocol": "tcp", "ethertype": "IPv4", "tenant_id": "fc1d070b3b974f38b35bc77fd2a5bb5a", "port_range_max": 22, "port_range_min": 22, "id": "6a2b56f8-1ca2-4154-9c73-fc58a5440d82", "security_group_id": "a0ceea4a-8ee5-497a-b25d-f8e19a768953"}}
2015-12-16 23:57:57,337 20912 INFO     [tempest_lib.common.rest_client] Request (TestNetworkAdvancedServerOps:test_server_connectivity_pause_unpause): 201 POST http://10.0.2.15:9696/v2.0/security-group-rules 0.114s
2015-12-16 23:57:57,337 20912 DEBUG    [tempest_lib.common.rest_client] Request - Headers: {'Content-Type': 'application/json', 'Accept': 'application/json', 'X-Auth-Token': '&lt;omitted&gt;'}
        Body: {"security_group_rule": {"tenant_id": "fc1d070b3b974f38b35bc77fd2a5bb5a", "direction": "ingress", "protocol": "icmp", "security_group_id": "a0ceea4a-8ee5-497a-b25d-f8e19a768953"}}
    Response - Headers: {'status': '201', 'content-length': '345', 'connection': 'close', 'date': 'Wed, 16 Dec 2015 23:57:57 GMT', 'content-type': 'application/json; charset=UTF-8', 'x-openstack-request-id': 'req-ec81041e-7998-4f0e-bf0d-cb2ded6177ed'}
        Body: {"security_group_rule": {"remote_group_id": null, "direction": "ingress", "remote_ip_prefix": null, "protocol": "icmp", "ethertype": "IPv4", "tenant_id": "fc1d070b3b974f38b35bc77fd2a5bb5a", "port_range_max": null, "port_range_min": null, "id": "9a8bbc1b-8011-481e-bee4-b7733ec3f2b8", "security_group_id": "a0ceea4a-8ee5-497a-b25d-f8e19a768953"}}
2015-12-16 23:57:57,451 20912 INFO     [tempest_lib.common.rest_client] Request (TestNetworkAdvancedServerOps:test_server_connectivity_pause_unpause): 201 POST http://10.0.2.15:9696/v2.0/security-group-rules 0.113s
2015-12-16 23:57:57,452 20912 DEBUG    [tempest_lib.common.rest_client] Request - Headers: {'Content-Type': 'application/json', 'Accept': 'application/json', 'X-Auth-Token': '&lt;omitted&gt;'}
        Body: {"security_group_rule": {"tenant_id": "fc1d070b3b974f38b35bc77fd2a5bb5a", "direction": "egress", "protocol": "icmp", "security_group_id": "a0ceea4a-8ee5-497a-b25d-f8e19a768953"}}
    Response - Headers: {'status': '201', 'content-length': '344', 'connection': 'close', 'date': 'Wed, 16 Dec 2015 23:57:57 GMT', 'content-type': 'application/json; charset=UTF-8', 'x-openstack-request-id': 'req-e8e4b58e-50d0-478a-8e7e-108dc287c4a1'}
        Body: {"security_group_rule": {"remote_group_id": null, "direction": "egress", "remote_ip_prefix": null, "protocol": "icmp", "ethertype": "IPv4", "tenant_id": "fc1d070b3b974f38b35bc77fd2a5bb5a", "port_range_max": null, "port_range_min": null, "id": "69585b74-031b-4bd9-9af3-c46d5b0f391c", "security_group_id": "a0ceea4a-8ee5-497a-b25d-f8e19a768953"}}
2015-12-16 23:57:57,564 20912 INFO     [tempest_lib.common.rest_client] Request (TestNetworkAdvancedServerOps:test_server_connectivity_pause_unpause): 201 POST http://10.0.2.15:9696/v2.0/security-group-rules 0.111s
2015-12-16 23:57:57,565 20912 DEBUG    [tempest_lib.common.rest_client] Request - Headers: {'Content-Type': 'application/json', 'Accept': 'application/json', 'X-Auth-Token': '&lt;omitted&gt;'}
        Body: {"security_group_rule": {"tenant_id": "fc1d070b3b974f38b35bc77fd2a5bb5a", "direction": "ingress", "security_group_id": "a0ceea4a-8ee5-497a-b25d-f8e19a768953", "protocol": "icmp", "ethertype": "IPv6"}}
    Response - Headers: {'status': '201', 'content-length': '345', 'connection': 'close', 'date': 'Wed, 16 Dec 2015 23:57:57 GMT', 'content-type': 'application/json; charset=UTF-8', 'x-openstack-request-id': 'req-feeb6871-6115-4ed2-910c-fb1755cf609d'}
        Body: {"security_group_rule": {"remote_group_id": null, "direction": "ingress", "remote_ip_prefix": null, "protocol": "icmp", "ethertype": "IPv6", "tenant_id": "fc1d070b3b974f38b35bc77fd2a5bb5a", "port_range_max": null, "port_range_min": null, "id": "841727de-9463-4608-9bc7-15f97589b51a", "security_group_id": "a0ceea4a-8ee5-497a-b25d-f8e19a768953"}}
2015-12-16 23:57:57,671 20912 INFO     [tempest_lib.common.rest_client] Request (TestNetworkAdvancedServerOps:test_server_connectivity_pause_unpause): 201 POST http://10.0.2.15:9696/v2.0/security-group-rules 0.105s
2015-12-16 23:57:57,671 20912 DEBUG    [tempest_lib.common.rest_client] Request - Headers: {'Content-Type': 'application/json', 'Accept': 'application/json', 'X-Auth-Token': '&lt;omitted&gt;'}
        Body: {"security_group_rule": {"tenant_id": "fc1d070b3b974f38b35bc77fd2a5bb5a", "direction": "egress", "security_group_id": "a0ceea4a-8ee5-497a-b25d-f8e19a768953", "protocol": "icmp", "ethertype": "IPv6"}}
    Response - Headers: {'status': '201', 'content-length': '344', 'connection': 'close', 'date': 'Wed, 16 Dec 2015 23:57:57 GMT', 'content-type': 'application/json; charset=UTF-8', 'x-openstack-request-id': 'req-bd0fd486-84d6-4550-9edf-1bfd57b2a778'}
        Body: {"security_group_rule": {"remote_group_id": null, "direction": "egress", "remote_ip_prefix": null, "protocol": "icmp", "ethertype": "IPv6", "tenant_id": "fc1d070b3b974f38b35bc77fd2a5bb5a", "port_range_max": null, "port_range_min": null, "id": "9e014453-1ccd-4e81-9f83-194cc721d86f", "security_group_id": "a0ceea4a-8ee5-497a-b25d-f8e19a768953"}}
2015-12-16 23:57:57,811 20912 INFO     [tempest_lib.common.rest_client] Request (TestNetworkAdvancedServerOps:test_server_connectivity_pause_unpause): 201 POST http://10.0.2.15:9696/v2.0/networks 0.137s
2015-12-16 23:57:57,811 20912 DEBUG    [tempest_lib.common.rest_client] Request - Headers: {'Content-Type': 'application/json', 'Accept': 'application/json', 'X-Auth-Token': '&lt;omitted&gt;'}
        Body: {"network": {"tenant_id": "fc1d070b3b974f38b35bc77fd2a5bb5a", "name": "tempest-network-smoke--1001856801"}}
    Response - Headers: {'status': '201', 'content-length': '296', 'connection': 'close', 'date': 'Wed, 16 Dec 2015 23:57:57 GMT', 'content-type': 'application/json; charset=UTF-8', 'x-openstack-request-id': 'req-d8fd91c5-540e-4f6b-abe6-6003c50dce50'}
        Body: {"network": {"status": "ACTIVE", "subnets": [], "name": "tempest-network-smoke--1001856801", "admin_state_up": true, "tenant_id": "fc1d070b3b974f38b35bc77fd2a5bb5a", "mtu": 0, "router:external": false, "shared": false, "port_security_enabled": true, "id": "892fde22-6fef-45bf-800d-c76ef4ba3087"}}
2015-12-16 23:57:57,893 20912 INFO     [tempest_lib.common.rest_client] Request (TestNetworkAdvancedServerOps:test_server_connectivity_pause_unpause): 201 POST http://10.0.2.15:9696/v2.0/routers 0.080s
2015-12-16 23:57:57,894 20912 DEBUG    [tempest_lib.common.rest_client] Request - Headers: {'Content-Type': 'application/json', 'Accept': 'application/json', 'X-Auth-Token': '&lt;omitted&gt;'}
        Body: {"router": {"tenant_id": "fc1d070b3b974f38b35bc77fd2a5bb5a", "name": "tempest-router-smoke-58766862", "admin_state_up": true}}
    Response - Headers: {'status': '201', 'content-length': '237', 'connection': 'close', 'date': 'Wed, 16 Dec 2015 23:57:57 GMT', 'content-type': 'application/json; charset=UTF-8', 'x-openstack-request-id': 'req-c1bbfbe9-fce1-40b5-acb3-442f88945524'}
        Body: {"router": {"status": "ACTIVE", "external_gateway_info": null, "name": "tempest-router-smoke-58766862", "admin_state_up": true, "tenant_id": "fc1d070b3b974f38b35bc77fd2a5bb5a", "routes": [], "id": "d631a0c8-b9c7-4491-b828-df5d912330da"}}
2015-12-16 23:57:57,939 20912 INFO     [tempest_lib.common.rest_client] Request (TestNetworkAdvancedServerOps:test_server_connectivity_pause_unpause): 200 GET http://10.0.2.15:9696/v2.0/routers/d631a0c8-b9c7-4491-b828-df5d912330da 0.043s
2015-12-16 23:57:57,939 20912 DEBUG    [tempest_lib.common.rest_client] Request - Headers: {'Content-Type': 'application/json', 'Accept': 'application/json', 'X-Auth-Token': '&lt;omitted&gt;'}
        Body: None
    Response - Headers: {'status': '200', 'content-length': '237', 'content-location': 'http://10.0.2.15:9696/v2.0/routers/d631a0c8-b9c7-4491-b828-df5d912330da', 'connection': 'close', 'date': 'Wed, 16 Dec 2015 23:57:57 GMT', 'content-type': 'application/json; charset=UTF-8', 'x-openstack-request-id': 'req-d0b5a5ab-8e2d-4f7d-a484-ec86aeea9700'}
        Body: {"router": {"status": "ACTIVE", "external_gateway_info": null, "name": "tempest-router-smoke-58766862", "admin_state_up": true, "tenant_id": "fc1d070b3b974f38b35bc77fd2a5bb5a", "routes": [], "id": "d631a0c8-b9c7-4491-b828-df5d912330da"}}
2015-12-16 23:57:58,498 20912 INFO     [tempest_lib.common.rest_client] Request (TestNetworkAdvancedServerOps:test_server_connectivity_pause_unpause): 200 PUT http://10.0.2.15:9696/v2.0/routers/d631a0c8-b9c7-4491-b828-df5d912330da 0.557s
2015-12-16 23:57:58,498 20912 DEBUG    [tempest_lib.common.rest_client] Request - Headers: {'Content-Type': 'application/json', 'Accept': 'application/json', 'X-Auth-Token': '&lt;omitted&gt;'}
        Body: {"router": {"external_gateway_info": {"network_id": "b3342eed-33ac-4346-a143-4f54026ebe88"}, "name": "tempest-router-smoke-58766862", "admin_state_up": true}}
    Response - Headers: {'status': '200', 'content-length': '499', 'connection': 'close', 'date': 'Wed, 16 Dec 2015 23:57:58 GMT', 'content-type': 'application/json; charset=UTF-8', 'x-openstack-request-id': 'req-7953d2cb-798c-4d2f-b56e-1e62e61c31b1'}
        Body: {"router": {"status": "ACTIVE", "external_gateway_info": {"network_id": "b3342eed-33ac-4346-a143-4f54026ebe88", "enable_snat": true, "external_fixed_ips": [{"subnet_id": "a774ecda-36b5-4b92-a6ff-3f8f81d3fc07", "ip_address": "172.24.4.3"}, {"subnet_id": "068bc0d6-0a1f-44f4-b786-bdaca7e09381", "ip_address": "2001:db8::4"}]}, "name": "tempest-router-smoke-58766862", "admin_state_up": true, "tenant_id": "fc1d070b3b974f38b35bc77fd2a5bb5a", "routes": [], "id": "d631a0c8-b9c7-4491-b828-df5d912330da"}}
2015-12-16 23:57:58,639 20912 INFO     [tempest_lib.common.rest_client] Request (TestNetworkAdvancedServerOps:test_server_connectivity_pause_unpause): 200 GET http://10.0.2.15:9696/v2.0/subnets?tenant_id=fc1d070b3b974f38b35bc77fd2a5bb5a&amp;cidr=10.100.0.0%2F28 0.139s
2015-12-16 23:57:58,640 20912 DEBUG    [tempest_lib.common.rest_client] Request - Headers: {'Content-Type': 'application/json', 'Accept': 'application/json', 'X-Auth-Token': '&lt;omitted&gt;'}
        Body: None
    Response - Headers: {'status': '200', 'content-length': '15', 'content-location': 'http://10.0.2.15:9696/v2.0/subnets?tenant_id=fc1d070b3b974f38b35bc77fd2a5bb5a&amp;cidr=10.100.0.0%2F28', 'connection': 'close', 'date': 'Wed, 16 Dec 2015 23:57:58 GMT', 'content-type': 'application/json; charset=UTF-8', 'x-openstack-request-id': 'req-c0650a05-e29a-49ed-bdb2-2f1893d33f2a'}
        Body: {"subnets": []}
2015-12-16 23:57:58,998 20912 INFO     [tempest_lib.common.rest_client] Request (TestNetworkAdvancedServerOps:test_server_connectivity_pause_unpause): 201 POST http://10.0.2.15:9696/v2.0/subnets 0.358s
2015-12-16 23:57:59,000 20912 DEBUG    [tempest_lib.common.rest_client] Request - Headers: {'Content-Type': 'application/json', 'Accept': 'application/json', 'X-Auth-Token': '&lt;omitted&gt;'}
        Body: {"subnet": {"ip_version": 4, "tenant_id": "fc1d070b3b974f38b35bc77fd2a5bb5a", "cidr": "10.100.0.0/28", "network_id": "892fde22-6fef-45bf-800d-c76ef4ba3087", "name": "tempest-subnet-smoke-1839611259"}}
    Response - Headers: {'status': '201', 'content-length': '478', 'connection': 'close', 'date': 'Wed, 16 Dec 2015 23:57:58 GMT', 'content-type': 'application/json; charset=UTF-8', 'x-openstack-request-id': 'req-9754bed5-4ae7-4265-b259-52e40c578723'}
        Body: {"subnet": {"name": "tempest-subnet-smoke-1839611259", "enable_dhcp": true, "network_id": "892fde22-6fef-45bf-800d-c76ef4ba3087", "tenant_id": "fc1d070b3b974f38b35bc77fd2a5bb5a", "dns_nameservers": [], "gateway_ip": "10.100.0.1", "ipv6_ra_mode": null, "allocation_pools": [{"start": "10.100.0.2", "end": "10.100.0.14"}], "host_routes": [], "ip_version": 4, "ipv6_address_mode": null, "cidr": "10.100.0.0/28", "id": "04c668f6-4427-41ae-8609-f8ff2ddfe661", "subnetpool_id": null}}
2015-12-16 23:57:59,644 20912 INFO     [tempest_lib.common.rest_client] Request (TestNetworkAdvancedServerOps:test_server_connectivity_pause_unpause): 200 PUT http://10.0.2.15:9696/v2.0/routers/d631a0c8-b9c7-4491-b828-df5d912330da/add_router_interface 0.643s
2015-12-16 23:57:59,644 20912 DEBUG    [tempest_lib.common.rest_client] Request - Headers: {'Content-Type': 'application/json', 'Accept': 'application/json', 'X-Auth-Token': '&lt;omitted&gt;'}
        Body: {"subnet_id": "04c668f6-4427-41ae-8609-f8ff2ddfe661"}
    Response - Headers: {'status': '200', 'content-length': '255', 'connection': 'close', 'date': 'Wed, 16 Dec 2015 23:57:59 GMT', 'content-type': 'application/json; charset=UTF-8', 'x-openstack-request-id': 'req-16510c86-4e34-4e9c-be81-f34ffdc06ff3'}
        Body: {"subnet_id": "04c668f6-4427-41ae-8609-f8ff2ddfe661", "tenant_id": "fc1d070b3b974f38b35bc77fd2a5bb5a", "subnet_ids": ["04c668f6-4427-41ae-8609-f8ff2ddfe661"], "port_id": "38484b8a-fdf3-40ee-8caa-fbb851f302b4", "id": "d631a0c8-b9c7-4491-b828-df5d912330da"}
2015-12-16 23:57:59,744 20912 INFO     [tempest_lib.common.rest_client] Request (TestNetworkAdvancedServerOps:test_server_connectivity_pause_unpause): 200 POST http://10.0.2.15:5000/v2.0/tokens
2015-12-16 23:57:59,744 20912 DEBUG    [tempest_lib.common.rest_client] Request - Headers: {'Content-Type': 'application/json', 'Accept': 'application/json'}
        Body: &lt;omitted&gt;
    Response - Headers: {'status': '200', 'content-length': '2562', 'vary': 'X-Auth-Token', 'server': 'Apache/2.4.7 (Ubuntu)', 'connection': 'close', 'date': 'Wed, 16 Dec 2015 23:57:59 GMT', 'content-type': 'application/json', 'x-openstack-request-id': 'req-f71a32f5-1e24-4625-a682-8730a98212d6'}
        Body: {"access": {"token": {"issued_at": "2015-12-16T23:57:59.732872", "expires": "2015-12-17T00:57:59Z", "id": "48417c1d6ae54a75a26c8e1e3971c618", "tenant": {"description": "tempest-TestNetworkAdvancedServerOps-270492269-desc", "enabled": true, "id": "fc1d070b3b974f38b35bc77fd2a5bb5a", "name": "tempest-TestNetworkAdvancedServerOps-270492269"}, "audit_ids": ["3cB1twM7Tq6R4x249wpDlQ"]}, "serviceCatalog": [{"endpoints": [{"adminURL": "http://10.0.2.15:8774/v2.1/fc1d070b3b974f38b35bc77fd2a5bb5a", "region": "RegionOne", "internalURL": "http://10.0.2.15:8774/v2.1/fc1d070b3b974f38b35bc77fd2a5bb5a", "id": "ab70e5ef172845d7b8aaa44c06cd65e6", "publicURL": "http://10.0.2.15:8774/v2.1/fc1d070b3b974f38b35bc77fd2a5bb5a"}], "endpoints_links": [], "type": "compute", "name": "nova"}, {"endpoints": [{"adminURL": "http://10.0.2.15:9696/", "region": "RegionOne", "internalURL": "http://10.0.2.15:9696/", "id": "92dbbe58a0c34a0e9964c1389304e1b1", "publicURL": "http://10.0.2.15:9696/"}], "endpoints_links": [], "type": "network", "name": "neutron"}, {"endpoints": [{"adminURL": "http://10.0.2.15:9292", "region": "RegionOne", "internalURL": "http://10.0.2.15:9292", "id": "174349ad06ac4ad9bb3e1a0e4fceeaec", "publicURL": "http://10.0.2.15:9292"}], "endpoints_links": [], "type": "image", "name": "glance"}, {"endpoints": [{"adminURL": "http://10.0.2.15:8774/v2/fc1d070b3b974f38b35bc77fd2a5bb5a", "region": "RegionOne", "internalURL": "http://10.0.2.15:8774/v2/fc1d070b3b974f38b35bc77fd2a5bb5a", "id": "58c82d50273a4d1f9cbe2865f06d40f3", "publicURL": "http://10.0.2.15:8774/v2/fc1d070b3b974f38b35bc77fd2a5bb5a"}], "endpoints_links": [], "type": "compute_legacy", "name": "nova_legacy"}, {"endpoints": [{"adminURL": "http://10.0.2.15:8773/", "region": "RegionOne", "internalURL": "http://10.0.2.15:8773/", "id": "0cefc45229694378bd9203891f6e5dd8", "publicURL": "http://10.0.2.15:8773/"}], "endpoints_links": [], "type": "ec2", "name": "ec2"}, {"endpoints": [{"adminURL": "http://10.0.2.15:35357/v2.0", "region": "RegionOne", "internalURL": "http://10.0.2.15:5000/v2.0", "id": "0f27c9aa27d348f8b2c75fd21e7242bd", "publicURL": "http://10.0.2.15:5000/v2.0"}], "endpoints_links": [], "type": "identity", "name": "keystone"}], "user": {"username": "tempest-TestNetworkAdvancedServerOps-980996464", "roles_links": [], "id": "c85cba5a627e4e4b8a2297f14af61a9f", "roles": [{"name": "_member_"}, {"name": "Member"}], "name": "tempest-TestNetworkAdvancedServerOps-980996464"}, "metadata": {"is_admin": 0, "roles": ["9fe2ff9ee4384b1894a90878d3e92bab", "ca351a7dcd5444669bc6976f88348eb1"]}}}
2015-12-16 23:57:59,752 20912 DEBUG    [tempest.common.fixed_network] (TestNetworkAdvancedServerOps:test_server_connectivity_pause_unpause) No valid network provided or created, defaulting to fixed_network_name
2015-12-16 23:58:00,031 20912 INFO     [tempest_lib.common.rest_client] Request (TestNetworkAdvancedServerOps:test_server_connectivity_pause_unpause): 200 GET http://10.0.2.15:8774/v2.1/fc1d070b3b974f38b35bc77fd2a5bb5a/os-networks 0.278s
2015-12-16 23:58:00,032 20912 DEBUG    [tempest_lib.common.rest_client] Request - Headers: {'Content-Type': 'application/json', 'Accept': 'application/json', 'X-Auth-Token': '&lt;omitted&gt;'}
        Body: None
    Response - Headers: {'status': '200', 'content-length': '479', 'content-location': 'http://10.0.2.15:8774/v2.1/fc1d070b3b974f38b35bc77fd2a5bb5a/os-networks', 'x-compute-request-id': 'req-8cb0b49d-d8ce-4fa3-8c89-99ba6623feeb', 'vary': 'X-OpenStack-Nova-API-Version', 'connection': 'close', 'x-openstack-nova-api-version': '2.1', 'date': 'Wed, 16 Dec 2015 23:58:00 GMT', 'content-type': 'application/json'}
        Body: {"networks": [{"cidr_v6": null, "dns2": null, "dns1": null, "gateway": null, "broadcast": null, "netmask": null, "gateway_v6": null, "cidr": null, "label": "public", "id": "b3342eed-33ac-4346-a143-4f54026ebe88", "netmask_v6": null}, {"cidr_v6": null, "dns2": null, "dns1": null, "gateway": null, "broadcast": null, "netmask": null, "gateway_v6": null, "cidr": null, "label": "tempest-network-smoke--1001856801", "id": "892fde22-6fef-45bf-800d-c76ef4ba3087", "netmask_v6": null}]}
2015-12-16 23:58:00,032 20912 WARNING  [tempest.common.fixed_network] (TestNetworkAdvancedServerOps:test_server_connectivity_pause_unpause) Network with name: private not found
2015-12-16 23:58:00,032 20912 INFO     [tempest.common.fixed_network] (TestNetworkAdvancedServerOps:test_server_connectivity_pause_unpause) Found network {} available for tenant
2015-12-16 23:58:01,360 20912 INFO     [tempest_lib.common.rest_client] Request (TestNetworkAdvancedServerOps:test_server_connectivity_pause_unpause): 202 POST http://10.0.2.15:8774/v2.1/fc1d070b3b974f38b35bc77fd2a5bb5a/servers 1.326s
2015-12-16 23:58:01,360 20912 DEBUG    [tempest_lib.common.rest_client] Request - Headers: {'Content-Type': 'application/json', 'Accept': 'application/json', 'X-Auth-Token': '&lt;omitted&gt;'}
        Body: {"server": {"name": "tempest.common.compute-instance-335318673", "imageRef": "bbd3261a-a55d-4af2-b86c-4e8fcbd1abf3", "key_name": "tempest-TestNetworkAdvancedServerOps-1418330063", "flavorRef": "42", "networks": [{"uuid": "892fde22-6fef-45bf-800d-c76ef4ba3087"}], "security_groups": [{"name": "tempest-secgroup-smoke-2693830"}]}}
    Response - Headers: {'status': '202', 'content-length': '459', 'x-compute-request-id': 'req-36184dc2-84f5-497b-bed1-2f08d8a2c7d5', 'vary': 'X-OpenStack-Nova-API-Version', 'connection': 'close', 'location': 'http://10.0.2.15:8774/v2.1/fc1d070b3b974f38b35bc77fd2a5bb5a/servers/77b0436e-71bb-4c35-8ea3-b7b4c77e7987', 'x-openstack-nova-api-version': '2.1', 'date': 'Wed, 16 Dec 2015 23:58:01 GMT', 'content-type': 'application/json'}
        Body: {"server": {"security_groups": [{"name": "tempest-secgroup-smoke-2693830"}], "OS-DCF:diskConfig": "MANUAL", "id": "77b0436e-71bb-4c35-8ea3-b7b4c77e7987", "links": [{"href": "http://10.0.2.15:8774/v2.1/fc1d070b3b974f38b35bc77fd2a5bb5a/servers/77b0436e-71bb-4c35-8ea3-b7b4c77e7987", "rel": "self"}, {"href": "http://10.0.2.15:8774/fc1d070b3b974f38b35bc77fd2a5bb5a/servers/77b0436e-71bb-4c35-8ea3-b7b4c77e7987", "rel": "bookmark"}], "adminPass": "oU8Cp3gTsGru"}}
2015-12-16 23:58:01,496 20912 INFO     [tempest_lib.common.rest_client] Request (TestNetworkAdvancedServerOps:test_server_connectivity_pause_unpause): 200 GET http://10.0.2.15:8774/v2.1/fc1d070b3b974f38b35bc77fd2a5bb5a/servers/77b0436e-71bb-4c35-8ea3-b7b4c77e7987 0.131s
2015-12-16 23:58:01,496 20912 DEBUG    [tempest_lib.common.rest_client] Request - Headers: {'Content-Type': 'application/json', 'Accept': 'application/json', 'X-Auth-Token': '&lt;omitted&gt;'}
        Body: None
    Response - Headers: {'status': '200', 'content-length': '1364', 'content-location': 'http://10.0.2.15:8774/v2.1/fc1d070b3b974f38b35bc77fd2a5bb5a/servers/77b0436e-71bb-4c35-8ea3-b7b4c77e7987', 'x-compute-request-id': 'req-59fe5785-8499-47d2-b44d-5ef77606934d', 'vary': 'X-OpenStack-Nova-API-Version', 'connection': 'close', 'x-openstack-nova-api-version': '2.1', 'date': 'Wed, 16 Dec 2015 23:58:01 GMT', 'content-type': 'application/json'}
        Body: {"server": {"status": "BUILD", "updated": "2015-12-16T23:58:01Z", "hostId": "", "addresses": {}, "links": [{"href": "http://10.0.2.15:8774/v2.1/fc1d070b3b974f38b35bc77fd2a5bb5a/servers/77b0436e-71bb-4c35-8ea3-b7b4c77e7987", "rel": "self"}, {"href": "http://10.0.2.15:8774/fc1d070b3b974f38b35bc77fd2a5bb5a/servers/77b0436e-71bb-4c35-8ea3-b7b4c77e7987", "rel": "bookmark"}], "key_name": "tempest-TestNetworkAdvancedServerOps-1418330063", "image": {"id": "bbd3261a-a55d-4af2-b86c-4e8fcbd1abf3", "links": [{"href": "http://10.0.2.15:8774/fc1d070b3b974f38b35bc77fd2a5bb5a/images/bbd3261a-a55d-4af2-b86c-4e8fcbd1abf3", "rel": "bookmark"}]}, "OS-EXT-STS:task_state": "scheduling", "OS-EXT-STS:vm_state": "building", "OS-SRV-USG:launched_at": null, "flavor": {"id": "42", "links": [{"href": "http://10.0.2.15:8774/fc1d070b3b974f38b35bc77fd2a5bb5a/flavors/42", "rel": "bookmark"}]}, "id": "77b0436e-71bb-4c35-8ea3-b7b4c77e7987", "OS-SRV-USG:terminated_at": null, "OS-EXT-AZ:availability_zone": "", "user_id": "c85cba5a627e4e4b8a2297f14af61a9f", "name": "tempest.common.compute-instance-335318673", "created": "2015-12-16T23:58:01Z", "tenant_id": "fc1d070b3b974f38b35bc77fd2a5bb5a", "OS-DCF:diskConfig": "MANUAL", "os-extended-volumes:volumes_attached": [], "accessIPv4": "", "accessIPv6": "", "progress": 0, "OS-EXT-STS:power_state": 0, "config_drive": "", "metadata": {}}}
2015-12-16 23:58:02,865 20912 INFO     [tempest_lib.common.rest_client] Request (TestNetworkAdvancedServerOps:test_server_connectivity_pause_unpause): 200 GET http://10.0.2.15:8774/v2.1/fc1d070b3b974f38b35bc77fd2a5bb5a/servers/77b0436e-71bb-4c35-8ea3-b7b4c77e7987 0.359s
2015-12-16 23:58:02,866 20912 DEBUG    [tempest_lib.common.rest_client] Request - Headers: {'Content-Type': 'application/json', 'Accept': 'application/json', 'X-Auth-Token': '&lt;omitted&gt;'}
        Body: None
    Response - Headers: {'status': '200', 'content-length': '1487', 'content-location': 'http://10.0.2.15:8774/v2.1/fc1d070b3b974f38b35bc77fd2a5bb5a/servers/77b0436e-71bb-4c35-8ea3-b7b4c77e7987', 'x-compute-request-id': 'req-76d10ad6-2b29-4539-8393-6f3b4b5f16d4', 'vary': 'X-OpenStack-Nova-API-Version', 'connection': 'close', 'x-openstack-nova-api-version': '2.1', 'date': 'Wed, 16 Dec 2015 23:58:02 GMT', 'content-type': 'application/json'}
        Body: {"server": {"status": "BUILD", "updated": "2015-12-16T23:58:02Z", "hostId": "3a4df4acd939e88bd69b63ff2b0aea61ce59d8aa8c29097a30b39d96", "addresses": {}, "links": [{"href": "http://10.0.2.15:8774/v2.1/fc1d070b3b974f38b35bc77fd2a5bb5a/servers/77b0436e-71bb-4c35-8ea3-b7b4c77e7987", "rel": "self"}, {"href": "http://10.0.2.15:8774/fc1d070b3b974f38b35bc77fd2a5bb5a/servers/77b0436e-71bb-4c35-8ea3-b7b4c77e7987", "rel": "bookmark"}], "key_name": "tempest-TestNetworkAdvancedServerOps-1418330063", "image": {"id": "bbd3261a-a55d-4af2-b86c-4e8fcbd1abf3", "links": [{"href": "http://10.0.2.15:8774/fc1d070b3b974f38b35bc77fd2a5bb5a/images/bbd3261a-a55d-4af2-b86c-4e8fcbd1abf3", "rel": "bookmark"}]}, "OS-EXT-STS:task_state": "spawning", "OS-EXT-STS:vm_state": "building", "OS-SRV-USG:launched_at": null, "flavor": {"id": "42", "links": [{"href": "http://10.0.2.15:8774/fc1d070b3b974f38b35bc77fd2a5bb5a/flavors/42", "rel": "bookmark"}]}, "id": "77b0436e-71bb-4c35-8ea3-b7b4c77e7987", "security_groups": [{"name": "tempest-secgroup-smoke-2693830"}], "OS-SRV-USG:terminated_at": null, "OS-EXT-AZ:availability_zone": "nova", "user_id": "c85cba5a627e4e4b8a2297f14af61a9f", "name": "tempest.common.compute-instance-335318673", "created": "2015-12-16T23:58:01Z", "tenant_id": "fc1d070b3b974f38b35bc77fd2a5bb5a", "OS-DCF:diskConfig": "MANUAL", "os-extended-volumes:volumes_attached": [], "accessIPv4": "", "accessIPv6": "", "progress": 0, "OS-EXT-STS:power_state": 0, "config_drive": "", "metadata": {}}}
2015-12-16 23:58:02,884 20912 INFO     [tempest.common.waiters] State transition "BUILD/scheduling" ==&gt; "BUILD/spawning" after 1 second wait
2015-12-16 23:58:04,061 20912 INFO     [tempest_lib.common.rest_client] Request (TestNetworkAdvancedServerOps:test_server_connectivity_pause_unpause): 200 GET http://10.0.2.15:8774/v2.1/fc1d070b3b974f38b35bc77fd2a5bb5a/servers/77b0436e-71bb-4c35-8ea3-b7b4c77e7987 0.175s
2015-12-16 23:58:04,062 20912 DEBUG    [tempest_lib.common.rest_client] Request - Headers: {'Content-Type': 'application/json', 'Accept': 'application/json', 'X-Auth-Token': '&lt;omitted&gt;'}
        Body: None
    Response - Headers: {'status': '200', 'content-length': '1487', 'content-location': 'http://10.0.2.15:8774/v2.1/fc1d070b3b974f38b35bc77fd2a5bb5a/servers/77b0436e-71bb-4c35-8ea3-b7b4c77e7987', 'x-compute-request-id': 'req-edbf068e-6f0e-4aa6-9b74-6724bdcc53ba', 'vary': 'X-OpenStack-Nova-API-Version', 'connection': 'close', 'x-openstack-nova-api-version': '2.1', 'date': 'Wed, 16 Dec 2015 23:58:04 GMT', 'content-type': 'application/json'}
        Body: {"server": {"status": "BUILD", "updated": "2015-12-16T23:58:02Z", "hostId": "3a4df4acd939e88bd69b63ff2b0aea61ce59d8aa8c29097a30b39d96", "addresses": {}, "links": [{"href": "http://10.0.2.15:8774/v2.1/fc1d070b3b974f38b35bc77fd2a5bb5a/servers/77b0436e-71bb-4c35-8ea3-b7b4c77e7987", "rel": "self"}, {"href": "http://10.0.2.15:8774/fc1d070b3b974f38b35bc77fd2a5bb5a/servers/77b0436e-71bb-4c35-8ea3-b7b4c77e7987", "rel": "bookmark"}], "key_name": "tempest-TestNetworkAdvancedServerOps-1418330063", "image": {"id": "bbd3261a-a55d-4af2-b86c-4e8fcbd1abf3", "links": [{"href": "http://10.0.2.15:8774/fc1d070b3b974f38b35bc77fd2a5bb5a/images/bbd3261a-a55d-4af2-b86c-4e8fcbd1abf3", "rel": "bookmark"}]}, "OS-EXT-STS:task_state": "spawning", "OS-EXT-STS:vm_state": "building", "OS-SRV-USG:launched_at": null, "flavor": {"id": "42", "links": [{"href": "http://10.0.2.15:8774/fc1d070b3b974f38b35bc77fd2a5bb5a/flavors/42", "rel": "bookmark"}]}, "id": "77b0436e-71bb-4c35-8ea3-b7b4c77e7987", "security_groups": [{"name": "tempest-secgroup-smoke-2693830"}], "OS-SRV-USG:terminated_at": null, "OS-EXT-AZ:availability_zone": "nova", "user_id": "c85cba5a627e4e4b8a2297f14af61a9f", "name": "tempest.common.compute-instance-335318673", "created": "2015-12-16T23:58:01Z", "tenant_id": "fc1d070b3b974f38b35bc77fd2a5bb5a", "OS-DCF:diskConfig": "MANUAL", "os-extended-volumes:volumes_attached": [], "accessIPv4": "", "accessIPv6": "", "progress": 0, "OS-EXT-STS:power_state": 0, "config_drive": "", "metadata": {}}}
2015-12-16 23:58:05,251 20912 INFO     [tempest_lib.common.rest_client] Request (TestNetworkAdvancedServerOps:test_server_connectivity_pause_unpause): 200 GET http://10.0.2.15:8774/v2.1/fc1d070b3b974f38b35bc77fd2a5bb5a/servers/77b0436e-71bb-4c35-8ea3-b7b4c77e7987 0.178s
2015-12-16 23:58:05,252 20912 DEBUG    [tempest_lib.common.rest_client] Request - Headers: {'Content-Type': 'application/json', 'Accept': 'application/json', 'X-Auth-Token': '&lt;omitted&gt;'}
        Body: None
    Response - Headers: {'status': '200', 'content-length': '1659', 'content-location': 'http://10.0.2.15:8774/v2.1/fc1d070b3b974f38b35bc77fd2a5bb5a/servers/77b0436e-71bb-4c35-8ea3-b7b4c77e7987', 'x-compute-request-id': 'req-57f06623-e414-4fa2-9fc4-3de12043700a', 'vary': 'X-OpenStack-Nova-API-Version', 'connection': 'close', 'x-openstack-nova-api-version': '2.1', 'date': 'Wed, 16 Dec 2015 23:58:05 GMT', 'content-type': 'application/json'}
        Body: {"server": {"status": "ACTIVE", "updated": "2015-12-16T23:58:04Z", "hostId": "3a4df4acd939e88bd69b63ff2b0aea61ce59d8aa8c29097a30b39d96", "addresses": {"tempest-network-smoke--1001856801": [{"OS-EXT-IPS-MAC:mac_addr": "fa:16:3e:17:ef:35", "version": 4, "addr": "10.100.0.3", "OS-EXT-IPS:type": "fixed"}]}, "links": [{"href": "http://10.0.2.15:8774/v2.1/fc1d070b3b974f38b35bc77fd2a5bb5a/servers/77b0436e-71bb-4c35-8ea3-b7b4c77e7987", "rel": "self"}, {"href": "http://10.0.2.15:8774/fc1d070b3b974f38b35bc77fd2a5bb5a/servers/77b0436e-71bb-4c35-8ea3-b7b4c77e7987", "rel": "bookmark"}], "key_name": "tempest-TestNetworkAdvancedServerOps-1418330063", "image": {"id": "bbd3261a-a55d-4af2-b86c-4e8fcbd1abf3", "links": [{"href": "http://10.0.2.15:8774/fc1d070b3b974f38b35bc77fd2a5bb5a/images/bbd3261a-a55d-4af2-b86c-4e8fcbd1abf3", "rel": "bookmark"}]}, "OS-EXT-STS:task_state": null, "OS-EXT-STS:vm_state": "active", "OS-SRV-USG:launched_at": "2015-12-16T23:58:04.000000", "flavor": {"id": "42", "links": [{"href": "http://10.0.2.15:8774/fc1d070b3b974f38b35bc77fd2a5bb5a/flavors/42", "rel": "bookmark"}]}, "id": "77b0436e-71bb-4c35-8ea3-b7b4c77e7987", "security_groups": [{"name": "tempest-secgroup-smoke-2693830"}], "OS-SRV-USG:terminated_at": null, "OS-EXT-AZ:availability_zone": "nova", "user_id": "c85cba5a627e4e4b8a2297f14af61a9f", "name": "tempest.common.compute-instance-335318673", "created": "2015-12-16T23:58:01Z", "tenant_id": "fc1d070b3b974f38b35bc77fd2a5bb5a", "OS-DCF:diskConfig": "MANUAL", "os-extended-volumes:volumes_attached": [], "accessIPv4": "", "accessIPv6": "", "progress": 0, "OS-EXT-STS:power_state": 1, "config_drive": "True", "metadata": {}}}
2015-12-16 23:58:05,260 20912 INFO     [tempest.common.waiters] State transition "BUILD/spawning" ==&gt; "ACTIVE/None" after 4 second wait
2015-12-16 23:58:05,434 20912 INFO     [tempest_lib.common.rest_client] Request (TestNetworkAdvancedServerOps:test_server_connectivity_pause_unpause): 200 GET http://10.0.2.15:8774/v2.1/fc1d070b3b974f38b35bc77fd2a5bb5a/servers/77b0436e-71bb-4c35-8ea3-b7b4c77e7987 0.173s
2015-12-16 23:58:05,435 20912 DEBUG    [tempest_lib.common.rest_client] Request - Headers: {'Content-Type': 'application/json', 'Accept': 'application/json', 'X-Auth-Token': '&lt;omitted&gt;'}
        Body: None
    Response - Headers: {'status': '200', 'content-length': '1659', 'content-location': 'http://10.0.2.15:8774/v2.1/fc1d070b3b974f38b35bc77fd2a5bb5a/servers/77b0436e-71bb-4c35-8ea3-b7b4c77e7987', 'x-compute-request-id': 'req-f4afd60e-3508-4fb1-b231-34c5f843eaba', 'vary': 'X-OpenStack-Nova-API-Version', 'connection': 'close', 'x-openstack-nova-api-version': '2.1', 'date': 'Wed, 16 Dec 2015 23:58:05 GMT', 'content-type': 'application/json'}
        Body: {"server": {"status": "ACTIVE", "updated": "2015-12-16T23:58:04Z", "hostId": "3a4df4acd939e88bd69b63ff2b0aea61ce59d8aa8c29097a30b39d96", "addresses": {"tempest-network-smoke--1001856801": [{"OS-EXT-IPS-MAC:mac_addr": "fa:16:3e:17:ef:35", "version": 4, "addr": "10.100.0.3", "OS-EXT-IPS:type": "fixed"}]}, "links": [{"href": "http://10.0.2.15:8774/v2.1/fc1d070b3b974f38b35bc77fd2a5bb5a/servers/77b0436e-71bb-4c35-8ea3-b7b4c77e7987", "rel": "self"}, {"href": "http://10.0.2.15:8774/fc1d070b3b974f38b35bc77fd2a5bb5a/servers/77b0436e-71bb-4c35-8ea3-b7b4c77e7987", "rel": "bookmark"}], "key_name": "tempest-TestNetworkAdvancedServerOps-1418330063", "image": {"id": "bbd3261a-a55d-4af2-b86c-4e8fcbd1abf3", "links": [{"href": "http://10.0.2.15:8774/fc1d070b3b974f38b35bc77fd2a5bb5a/images/bbd3261a-a55d-4af2-b86c-4e8fcbd1abf3", "rel": "bookmark"}]}, "OS-EXT-STS:task_state": null, "OS-EXT-STS:vm_state": "active", "OS-SRV-USG:launched_at": "2015-12-16T23:58:04.000000", "flavor": {"id": "42", "links": [{"href": "http://10.0.2.15:8774/fc1d070b3b974f38b35bc77fd2a5bb5a/flavors/42", "rel": "bookmark"}]}, "id": "77b0436e-71bb-4c35-8ea3-b7b4c77e7987", "security_groups": [{"name": "tempest-secgroup-smoke-2693830"}], "OS-SRV-USG:terminated_at": null, "OS-EXT-AZ:availability_zone": "nova", "user_id": "c85cba5a627e4e4b8a2297f14af61a9f", "name": "tempest.common.compute-instance-335318673", "created": "2015-12-16T23:58:01Z", "tenant_id": "fc1d070b3b974f38b35bc77fd2a5bb5a", "OS-DCF:diskConfig": "MANUAL", "os-extended-volumes:volumes_attached": [], "accessIPv4": "", "accessIPv6": "", "progress": 0, "OS-EXT-STS:power_state": 1, "config_drive": "True", "metadata": {}}}
2015-12-16 23:58:05,577 20912 INFO     [tempest_lib.common.rest_client] Request (TestNetworkAdvancedServerOps:test_server_connectivity_pause_unpause): 200 GET http://10.0.2.15:9696/v2.0/ports?status=ACTIVE&amp;fixed_ip=None&amp;device_id=77b0436e-71bb-4c35-8ea3-b7b4c77e7987 0.131s
2015-12-16 23:58:05,577 20912 DEBUG    [tempest_lib.common.rest_client] Request - Headers: {'Content-Type': 'application/json', 'Accept': 'application/json', 'X-Auth-Token': '&lt;omitted&gt;'}
        Body: None
    Response - Headers: {'status': '200', 'content-length': '895', 'content-location': 'http://10.0.2.15:9696/v2.0/ports?status=ACTIVE&amp;fixed_ip=None&amp;device_id=77b0436e-71bb-4c35-8ea3-b7b4c77e7987', 'connection': 'close', 'date': 'Wed, 16 Dec 2015 23:58:05 GMT', 'content-type': 'application/json; charset=UTF-8', 'x-openstack-request-id': 'req-96b7d1af-62a2-4bac-ab8f-d85028ae4ae4'}
        Body: {"ports": [{"status": "ACTIVE", "binding:host_id": "vagrant-ubuntu-trusty-64", "allowed_address_pairs": [], "extra_dhcp_opts": [], "dns_assignment": [{"hostname": "host-10-100-0-3", "ip_address": "10.100.0.3", "fqdn": "host-10-100-0-3.openstacklocal."}], "device_owner": "compute:None", "port_security_enabled": true, "binding:profile": {}, "fixed_ips": [{"subnet_id": "04c668f6-4427-41ae-8609-f8ff2ddfe661", "ip_address": "10.100.0.3"}], "id": "c7c77bb7-1638-45a7-bcb9-72315bccf645", "security_groups": ["a0ceea4a-8ee5-497a-b25d-f8e19a768953"], "device_id": "77b0436e-71bb-4c35-8ea3-b7b4c77e7987", "name": "", "admin_state_up": true, "network_id": "892fde22-6fef-45bf-800d-c76ef4ba3087", "dns_name": "", "binding:vif_details": {"port_filter": true}, "binding:vnic_type": "normal", "binding:vif_type": "ovs", "tenant_id": "fc1d070b3b974f38b35bc77fd2a5bb5a", "mac_address": "fa:16:3e:17:ef:35"}]}
2015-12-16 23:58:05,989 20912 INFO     [tempest_lib.common.rest_client] Request (TestNetworkAdvancedServerOps:test_server_connectivity_pause_unpause): 201 POST http://10.0.2.15:9696/v2.0/floatingips 0.410s
2015-12-16 23:58:05,989 20912 DEBUG    [tempest_lib.common.rest_client] Request - Headers: {'Content-Type': 'application/json', 'Accept': 'application/json', 'X-Auth-Token': '&lt;omitted&gt;'}
        Body: {"floatingip": {"floating_network_id": "b3342eed-33ac-4346-a143-4f54026ebe88", "tenant_id": "fc1d070b3b974f38b35bc77fd2a5bb5a", "fixed_ip_address": "10.100.0.3", "port_id": "c7c77bb7-1638-45a7-bcb9-72315bccf645"}}
    Response - Headers: {'status': '201', 'content-length': '367', 'connection': 'close', 'date': 'Wed, 16 Dec 2015 23:58:05 GMT', 'content-type': 'application/json; charset=UTF-8', 'x-openstack-request-id': 'req-ce341b15-6a3d-41f9-a748-649fe70927d9'}
        Body: {"floatingip": {"floating_network_id": "b3342eed-33ac-4346-a143-4f54026ebe88", "router_id": "d631a0c8-b9c7-4491-b828-df5d912330da", "fixed_ip_address": "10.100.0.3", "floating_ip_address": "172.24.4.4", "tenant_id": "fc1d070b3b974f38b35bc77fd2a5bb5a", "status": "DOWN", "port_id": "c7c77bb7-1638-45a7-bcb9-72315bccf645", "id": "e135a936-3180-4333-8182-e9146942ab1a"}}
2015-12-16 23:58:06,204 20912 INFO     [tempest_lib.common.rest_client] Request (TestNetworkAdvancedServerOps:test_server_connectivity_pause_unpause): 200 GET http://10.0.2.15:8774/v2.1/fc1d070b3b974f38b35bc77fd2a5bb5a/servers/77b0436e-71bb-4c35-8ea3-b7b4c77e7987 0.215s
2015-12-16 23:58:06,205 20912 DEBUG    [tempest_lib.common.rest_client] Request - Headers: {'Content-Type': 'application/json', 'Accept': 'application/json', 'X-Auth-Token': '&lt;omitted&gt;'}
        Body: None
    Response - Headers: {'status': '200', 'content-length': '1659', 'content-location': 'http://10.0.2.15:8774/v2.1/fc1d070b3b974f38b35bc77fd2a5bb5a/servers/77b0436e-71bb-4c35-8ea3-b7b4c77e7987', 'x-compute-request-id': 'req-9a9595cf-cc9a-42d0-a698-83af70f85f93', 'vary': 'X-OpenStack-Nova-API-Version', 'connection': 'close', 'x-openstack-nova-api-version': '2.1', 'date': 'Wed, 16 Dec 2015 23:58:06 GMT', 'content-type': 'application/json'}
        Body: {"server": {"status": "ACTIVE", "updated": "2015-12-16T23:58:04Z", "hostId": "3a4df4acd939e88bd69b63ff2b0aea61ce59d8aa8c29097a30b39d96", "addresses": {"tempest-network-smoke--1001856801": [{"OS-EXT-IPS-MAC:mac_addr": "fa:16:3e:17:ef:35", "version": 4, "addr": "10.100.0.3", "OS-EXT-IPS:type": "fixed"}]}, "links": [{"href": "http://10.0.2.15:8774/v2.1/fc1d070b3b974f38b35bc77fd2a5bb5a/servers/77b0436e-71bb-4c35-8ea3-b7b4c77e7987", "rel": "self"}, {"href": "http://10.0.2.15:8774/fc1d070b3b974f38b35bc77fd2a5bb5a/servers/77b0436e-71bb-4c35-8ea3-b7b4c77e7987", "rel": "bookmark"}], "key_name": "tempest-TestNetworkAdvancedServerOps-1418330063", "image": {"id": "bbd3261a-a55d-4af2-b86c-4e8fcbd1abf3", "links": [{"href": "http://10.0.2.15:8774/fc1d070b3b974f38b35bc77fd2a5bb5a/images/bbd3261a-a55d-4af2-b86c-4e8fcbd1abf3", "rel": "bookmark"}]}, "OS-EXT-STS:task_state": null, "OS-EXT-STS:vm_state": "active", "OS-SRV-USG:launched_at": "2015-12-16T23:58:04.000000", "flavor": {"id": "42", "links": [{"href": "http://10.0.2.15:8774/fc1d070b3b974f38b35bc77fd2a5bb5a/flavors/42", "rel": "bookmark"}]}, "id": "77b0436e-71bb-4c35-8ea3-b7b4c77e7987", "security_groups": [{"name": "tempest-secgroup-smoke-2693830"}], "OS-SRV-USG:terminated_at": null, "OS-EXT-AZ:availability_zone": "nova", "user_id": "c85cba5a627e4e4b8a2297f14af61a9f", "name": "tempest.common.compute-instance-335318673", "created": "2015-12-16T23:58:01Z", "tenant_id": "fc1d070b3b974f38b35bc77fd2a5bb5a", "OS-DCF:diskConfig": "MANUAL", "os-extended-volumes:volumes_attached": [], "accessIPv4": "", "accessIPv6": "", "progress": 0, "OS-EXT-STS:power_state": 1, "config_drive": "True", "metadata": {}}}
2015-12-16 23:58:06,213 20912 INFO     [tempest.scenario.manager] Tenant networks not configured to be reachable.
2015-12-16 23:58:06,226 20912 INFO     [tempest_lib.common.rest_client] Request (TestNetworkAdvancedServerOps:test_server_connectivity_pause_unpause): 200 GET http://10.0.2.15:9696/v2.0/floatingips/e135a936-3180-4333-8182-e9146942ab1a 0.013s
2015-12-16 23:58:06,227 20912 DEBUG    [tempest_lib.common.rest_client] Request - Headers: {'Content-Type': 'application/json', 'Accept': 'application/json', 'X-Auth-Token': '&lt;omitted&gt;'}
        Body: None
    Response - Headers: {'status': '200', 'content-length': '367', 'content-location': 'http://10.0.2.15:9696/v2.0/floatingips/e135a936-3180-4333-8182-e9146942ab1a', 'connection': 'close', 'date': 'Wed, 16 Dec 2015 23:58:06 GMT', 'content-type': 'application/json; charset=UTF-8', 'x-openstack-request-id': 'req-5918e933-6f70-46b5-967f-17f7d6635c1e'}
        Body: {"floatingip": {"floating_network_id": "b3342eed-33ac-4346-a143-4f54026ebe88", "router_id": "d631a0c8-b9c7-4491-b828-df5d912330da", "fixed_ip_address": "10.100.0.3", "floating_ip_address": "172.24.4.4", "tenant_id": "fc1d070b3b974f38b35bc77fd2a5bb5a", "status": "DOWN", "port_id": "c7c77bb7-1638-45a7-bcb9-72315bccf645", "id": "e135a936-3180-4333-8182-e9146942ab1a"}}
2015-12-16 23:58:07,240 20912 INFO     [tempest_lib.common.rest_client] Request (TestNetworkAdvancedServerOps:test_server_connectivity_pause_unpause): 200 GET http://10.0.2.15:9696/v2.0/floatingips/e135a936-3180-4333-8182-e9146942ab1a 0.012s
2015-12-16 23:58:07,240 20912 DEBUG    [tempest_lib.common.rest_client] Request - Headers: {'Content-Type': 'application/json', 'Accept': 'application/json', 'X-Auth-Token': '&lt;omitted&gt;'}
        Body: None
    Response - Headers: {'status': '200', 'content-length': '369', 'content-location': 'http://10.0.2.15:9696/v2.0/floatingips/e135a936-3180-4333-8182-e9146942ab1a', 'connection': 'close', 'date': 'Wed, 16 Dec 2015 23:58:07 GMT', 'content-type': 'application/json; charset=UTF-8', 'x-openstack-request-id': 'req-65477fae-da7b-48ed-9764-1f83e52c7d01'}
        Body: {"floatingip": {"floating_network_id": "b3342eed-33ac-4346-a143-4f54026ebe88", "router_id": "d631a0c8-b9c7-4491-b828-df5d912330da", "fixed_ip_address": "10.100.0.3", "floating_ip_address": "172.24.4.4", "tenant_id": "fc1d070b3b974f38b35bc77fd2a5bb5a", "status": "ACTIVE", "port_id": "c7c77bb7-1638-45a7-bcb9-72315bccf645", "id": "e135a936-3180-4333-8182-e9146942ab1a"}}
2015-12-16 23:58:07,241 20912 INFO     [tempest.scenario.manager] FloatingIP: &lt;"FloatingIP" addr="172.24.4.4" id="e135a936-3180-4333-8182-e9146942ab1a"&gt; is at status: ACTIVE
2015-12-16 23:58:07,241 20912 DEBUG    [tempest.scenario.manager] checking network connections to IP 172.24.4.4 with user: cirros
2015-12-16 23:58:07,241 20912 DEBUG    [tempest.scenario.manager] TestNetworkAdvancedServerOps:test_server_connectivity_pause_unpause begins to ping 172.24.4.4 in 120 sec and the expected result is reachable
2015-12-17 00:00:07,587 20912 DEBUG    [tempest.scenario.manager] TestNetworkAdvancedServerOps:test_server_connectivity_pause_unpause finishes ping 172.24.4.4 in 120 sec and the ping result is unexpected
2015-12-17 00:00:07,588 20912 ERROR    [tempest.scenario.manager] Public network connectivity check failed
2015-12-17 00:00:07.588 20912 ERROR tempest.scenario.manager Traceback (most recent call last):
2015-12-17 00:00:07.588 20912 ERROR tempest.scenario.manager   File "tempest/scenario/manager.py", line 608, in check_public_network_connectivity
2015-12-17 00:00:07.588 20912 ERROR tempest.scenario.manager     should_connect=should_connect)
2015-12-17 00:00:07.588 20912 ERROR tempest.scenario.manager   File "tempest/scenario/manager.py", line 592, in check_vm_connectivity
2015-12-17 00:00:07.588 20912 ERROR tempest.scenario.manager     msg=msg)
2015-12-17 00:00:07.588 20912 ERROR tempest.scenario.manager   File "/usr/local/lib/python2.7/dist-packages/unittest2/case.py", line 702, in assertTrue
2015-12-17 00:00:07.588 20912 ERROR tempest.scenario.manager     raise self.failureException(msg)
2015-12-17 00:00:07.588 20912 ERROR tempest.scenario.manager AssertionError: False is not true : Timed out waiting for 172.24.4.4 to become reachable
2015-12-17 00:00:07.588 20912 ERROR tempest.scenario.manager 
2015-12-17 00:00:07,815 20912 INFO     [tempest_lib.common.rest_client] Request (TestNetworkAdvancedServerOps:test_server_connectivity_pause_unpause): 200 POST http://10.0.2.15:8774/v2.1/fc1d070b3b974f38b35bc77fd2a5bb5a/servers/77b0436e-71bb-4c35-8ea3-b7b4c77e7987/action 0.223s
2015-12-17 00:00:07,816 20912 DEBUG    [tempest_lib.common.rest_client] Request - Headers: {'Content-Type': 'application/json', 'Accept': 'application/json', 'X-Auth-Token': '&lt;omitted&gt;'}
        Body: {"os-getConsoleOutput": {}}
    Response - Headers: {'status': '200', 'content-length': '17430', 'x-compute-request-id': 'req-4778e0f0-3114-4038-bc4d-c7254dd00270', 'vary': 'X-OpenStack-Nova-API-Version', 'connection': 'close', 'x-openstack-nova-api-version': '2.1', 'date': 'Thu, 17 Dec 2015 00:00:07 GMT', 'content-type': 'application/json'}
        Body: {"output": "[    0.000000] Initializing cgroup subsys cpuset\n[    0.000000] Initializing cgroup subsys cpu\n[    0.000000] Linux version 3.2.0-80-virtual (buildd@batsu) (gcc version 4.6.3 (Ubuntu/Linaro 4.6.3-1ubuntu5) ) #116-Ubuntu SMP Mon Mar 23 17:28:52 UTC 2015 (Ubuntu 3.2.0-80.116-virtual 3.2.68)\n[    0.000000] Command line: root=/dev/vda console=tty0 console=ttyS0 no_timer_check\n[    0.000000] KERNEL supported cpus:\n[    0.000000]   Intel GenuineIntel\n[    0.000000]   AMD AuthenticAMD\n[    0.000000]   Centaur CentaurHauls\n[    0.000000] BIOS-provided physical RAM map:\n[    0.000000]  BIOS-e820: 0000000000000000 - 000000000009fc00 (usable)\n[    0.000000]  BIOS-e820: 000000000009fc00 - 00000000000a0000 (reserved)\n[    0.000000]  BIOS-e820: 00000000000f0000 - 0000000000100000 (reserved)\n[    0.000000]  BIOS-e820: 0000000000100000 - 0000000003ffe000 (usable)\n[    0.000000]  BIOS-e820: 0000000003ffe000 - 0000000004000000 (reserved)\n[    0.000000]  BIOS-e820: 00000000fffc0000 - 0000000100000000 (reserved)\n[    0.000000] NX (Execute Disable) protection: active\n[    0.000000] SMBIOS 2.4 present.\n[    0.000000] No AGP bridge found\n[    0.000000] last_pfn = 0x3ffe max_arch_pfn = 0x400000000\n[    0.000000] x86 PAT enabled: cpu 0, old 0x7040600070406, new 0x7010600070106\n[    0.000000] found SMP MP-table at [ffff8800000f0b00] f0b00\n[    0.000000] init_memory_mapping: 0000000000000000-0000000003ffe000\n[    0.000000] RAMDISK: 03c5e000 - 03ff0000\n[    0.000000] ACPI: RSDP 00000000000f0950 00014 (v00 BOCHS )\n[    0.000000] ACPI: RSDT 0000000003fffbc1 00034 (v01 BOCHS  BXPCRSDT 00000001 BXPC 00000001)\n[    0.000000] ACPI: FACP 0000000003fff1c0 00074 (v01 BOCHS  BXPCFACP 00000001 BXPC 00000001)\n[    0.000000] ACPI: DSDT 0000000003ffe040 01180 (v01 BOCHS  BXPCDSDT 00000001 BXPC 00000001)\n[    0.000000] ACPI: FACS 0000000003ffe000 00040\n[    0.000000] ACPI: SSDT 0000000003fff234 008DD (v01 BOCHS  BXPCSSDT 00000001 BXPC 00000001)\n[    0.000000] ACPI: APIC 0000000003fffb11 00078 (v01 BOCHS  BXPCAPIC 00000001 BXPC 00000001)\n[    0.000000] ACPI: HPET 0000000003fffb89 00038 (v01 BOCHS  BXPCHPET 00000001 BXPC 00000001)\n[    0.000000] No NUMA configuration found\n[    0.000000] Faking a node at 0000000000000000-0000000003ffe000\n[    0.000000] Initmem setup node 0 0000000000000000-0000000003ffe000\n[    0.000000]   NODE_DATA [0000000003ff6000 - 0000000003ffafff]\n[    0.000000] Zone PFN ranges:\n[    0.000000]   DMA      0x00000010 -&gt; 0x00001000\n[    0.000000]   DMA32    0x00001000 -&gt; 0x00100000\n[    0.000000]   Normal   empty\n[    0.000000] Movable zone start PFN for each node\n[    0.000000] early_node_map[2] active PFN ranges\n[    0.000000]     0: 0x00000010 -&gt; 0x0000009f\n[    0.000000]     0: 0x00000100 -&gt; 0x00003ffe\n[    0.000000] ACPI: PM-Timer IO Port: 0xb008\n[    0.000000] ACPI: LAPIC (acpi_id[0x00] lapic_id[0x00] enabled)\n[    0.000000] ACPI: LAPIC_NMI (acpi_id[0xff] dfl dfl lint[0x1])\n[    0.000000] ACPI: IOAPIC (id[0x00] address[0xfec00000] gsi_base[0])\n[    0.000000] IOAPIC[0]: apic_id 0, version 17, address 0xfec00000, GSI 0-23\n[    0.000000] ACPI: INT_SRC_OVR (bus 0 bus_irq 0 global_irq 2 dfl dfl)\n[    0.000000] ACPI: INT_SRC_OVR (bus 0 bus_irq 5 global_irq 5 high level)\n[    0.000000] ACPI: INT_SRC_OVR (bus 0 bus_irq 9 global_irq 9 high level)\n[    0.000000] ACPI: INT_SRC_OVR (bus 0 bus_irq 10 global_irq 10 high level)\n[    0.000000] ACPI: INT_SRC_OVR (bus 0 bus_irq 11 global_irq 11 high level)\n[    0.000000] Using ACPI (MADT) for SMP configuration information\n[    0.000000] ACPI: HPET id: 0x8086a201 base: 0xfed00000\n[    0.000000] SMP: Allowing 1 CPUs, 0 hotplug CPUs\n[    0.000000] PM: Registered nosave memory: 000000000009f000 - 00000000000a0000\n[    0.000000] PM: Registered nosave memory: 00000000000a0000 - 00000000000f0000\n[    0.000000] PM: Registered nosave memory: 00000000000f0000 - 0000000000100000\n[    0.000000] Allocating PCI resources starting at 4000000 (gap: 4000000:fbfc0000)\n[    0.000000] Booting paravirtualized kernel on bare hardware\n[    0.000000] setup_pe
2015-12-17 00:00:07,820 20912 DEBUG    [tempest.scenario.manager] Console output for 77b0436e-71bb-4c35-8ea3-b7b4c77e7987
body=
[    0.000000] Initializing cgroup subsys cpuset
[    0.000000] Initializing cgroup subsys cpu
[    0.000000] Linux version 3.2.0-80-virtual (buildd@batsu) (gcc version 4.6.3 (Ubuntu/Linaro 4.6.3-1ubuntu5) ) #116-Ubuntu SMP Mon Mar 23 17:28:52 UTC 2015 (Ubuntu 3.2.0-80.116-virtual 3.2.68)
[    0.000000] Command line: root=/dev/vda console=tty0 console=ttyS0 no_timer_check
[    0.000000] KERNEL supported cpus:
[    0.000000]   Intel GenuineIntel
[    0.000000]   AMD AuthenticAMD
[    0.000000]   Centaur CentaurHauls
[    0.000000] BIOS-provided physical RAM map:
[    0.000000]  BIOS-e820: 0000000000000000 - 000000000009fc00 (usable)
[    0.000000]  BIOS-e820: 000000000009fc00 - 00000000000a0000 (reserved)
[    0.000000]  BIOS-e820: 00000000000f0000 - 0000000000100000 (reserved)
[    0.000000]  BIOS-e820: 0000000000100000 - 0000000003ffe000 (usable)
[    0.000000]  BIOS-e820: 0000000003ffe000 - 0000000004000000 (reserved)
[    0.000000]  BIOS-e820: 00000000fffc0000 - 0000000100000000 (reserved)
[    0.000000] NX (Execute Disable) protection: active
[    0.000000] SMBIOS 2.4 present.
[    0.000000] No AGP bridge found
[    0.000000] last_pfn = 0x3ffe max_arch_pfn = 0x400000000
[    0.000000] x86 PAT enabled: cpu 0, old 0x7040600070406, new 0x7010600070106
[    0.000000] found SMP MP-table at [ffff8800000f0b00] f0b00
[    0.000000] init_memory_mapping: 0000000000000000-0000000003ffe000
[    0.000000] RAMDISK: 03c5e000 - 03ff0000
[    0.000000] ACPI: RSDP 00000000000f0950 00014 (v00 BOCHS )
[    0.000000] ACPI: RSDT 0000000003fffbc1 00034 (v01 BOCHS  BXPCRSDT 00000001 BXPC 00000001)
[    0.000000] ACPI: FACP 0000000003fff1c0 00074 (v01 BOCHS  BXPCFACP 00000001 BXPC 00000001)
[    0.000000] ACPI: DSDT 0000000003ffe040 01180 (v01 BOCHS  BXPCDSDT 00000001 BXPC 00000001)
[    0.000000] ACPI: FACS 0000000003ffe000 00040
[    0.000000] ACPI: SSDT 0000000003fff234 008DD (v01 BOCHS  BXPCSSDT 00000001 BXPC 00000001)
[    0.000000] ACPI: APIC 0000000003fffb11 00078 (v01 BOCHS  BXPCAPIC 00000001 BXPC 00000001)
[    0.000000] ACPI: HPET 0000000003fffb89 00038 (v01 BOCHS  BXPCHPET 00000001 BXPC 00000001)
[    0.000000] No NUMA configuration found
[    0.000000] Faking a node at 0000000000000000-0000000003ffe000
[    0.000000] Initmem setup node 0 0000000000000000-0000000003ffe000
[    0.000000]   NODE_DATA [0000000003ff6000 - 0000000003ffafff]
[    0.000000] Zone PFN ranges:
[    0.000000]   DMA      0x00000010 -&gt; 0x00001000
[    0.000000]   DMA32    0x00001000 -&gt; 0x00100000
[    0.000000]   Normal   empty
[    0.000000] Movable zone start PFN for each node
[    0.000000] early_node_map[2] active PFN ranges
[    0.000000]     0: 0x00000010 -&gt; 0x0000009f
[    0.000000]     0: 0x00000100 -&gt; 0x00003ffe
[    0.000000] ACPI: PM-Timer IO Port: 0xb008
[    0.000000] ACPI: LAPIC (acpi_id[0x00] lapic_id[0x00] enabled)
[    0.000000] ACPI: LAPIC_NMI (acpi_id[0xff] dfl dfl lint[0x1])
[    0.000000] ACPI: IOAPIC (id[0x00] address[0xfec00000] gsi_base[0])
[    0.000000] IOAPIC[0]: apic_id 0, version 17, address 0xfec00000, GSI 0-23
[    0.000000] ACPI: INT_SRC_OVR (bus 0 bus_irq 0 global_irq 2 dfl dfl)
[    0.000000] ACPI: INT_SRC_OVR (bus 0 bus_irq 5 global_irq 5 high level)
[    0.000000] ACPI: INT_SRC_OVR (bus 0 bus_irq 9 global_irq 9 high level)
[    0.000000] ACPI: INT_SRC_OVR (bus 0 bus_irq 10 global_irq 10 high level)
[    0.000000] ACPI: INT_SRC_OVR (bus 0 bus_irq 11 global_irq 11 high level)
[    0.000000] Using ACPI (MADT) for SMP configuration information
[    0.000000] ACPI: HPET id: 0x8086a201 base: 0xfed00000
[    0.000000] SMP: Allowing 1 CPUs, 0 hotplug CPUs
[    0.000000] PM: Registered nosave memory: 000000000009f000 - 00000000000a0000
[    0.000000] PM: Registered nosave memory: 00000000000a0000 - 00000000000f0000
[    0.000000] PM: Registered nosave memory: 00000000000f0000 - 0000000000100000
[    0.000000] Allocating PCI resources starting at 4000000 (gap: 4000000:fbfc0000)
[    0.000000] Booting paravirtualized kernel on bare hardware
[    0.000000] setup_percpu: NR_CPUS:64 nr_cpumask_bits:64 nr_cpu_ids:1 nr_node_ids:1
[    0.000000] PERCPU: Embedded 27 pages/cpu @ffff880003a00000 s78848 r8192 d23552 u2097152
[    0.000000] Built 1 zonelists in Node order, mobility grouping on.  Total pages: 16008
[    0.000000] Policy zone: DMA32
[    0.000000] Kernel command line: root=/dev/vda console=tty0 console=ttyS0 no_timer_check
[    0.000000] PID hash table entries: 256 (order: -1, 2048 bytes)
[    0.000000] Checking aperture...
[    0.000000] No AGP bridge found
[    0.000000] Memory: 43492k/65528k available (6576k kernel code, 452k absent, 21584k reserved, 6620k data, 928k init)
[    0.000000] SLUB: Genslabs=15, HWalign=64, Order=0-3, MinObjects=0, CPUs=1, Nodes=1
[    0.000000] Hierarchical RCU implementation.
[    0.000000] 	RCU dyntick-idle grace-period acceleration is enabled.
[    0.000000] NR_IRQS:4352 nr_irqs:256 16
[    0.000000] Console: colour VGA+ 80x25
[    0.000000] console [tty0] enabled
[    0.000000] console [ttyS0] enabled
[    0.000000] allocated 1048576 bytes of page_cgroup
[    0.000000] please try 'cgroup_disable=memory' option if you don't want memory cgroups
[    0.000000] Fast TSC calibration failed
[    0.000000] TSC: Unable to calibrate against PIT
[    0.000000] TSC: using HPET reference calibration
[    0.000000] Detected 2292.771 MHz processor.
[    0.037407] Calibrating delay loop (skipped), value calculated using timer frequency.. 4585.54 BogoMIPS (lpj=9171084)
[    0.041574] pid_max: default: 32768 minimum: 301
[    0.050333] Security Framework initialized
[    0.054805] AppArmor: AppArmor initialized
[    0.056121] Yama: becoming mindful.
[    0.062796] Dentry cache hash table entries: 8192 (order: 4, 65536 bytes)
[    0.064592] Inode-cache hash table entries: 4096 (order: 3, 32768 bytes)
[    0.065770] Mount-cache hash table entries: 256
[    0.084235] Initializing cgroup subsys cpuacct
[    0.085118] Initializing cgroup subsys memory
[    0.086477] Initializing cgroup subsys devices
[    0.087225] Initializing cgroup subsys freezer
[    0.088137] Initializing cgroup subsys blkio
[    0.088854] Initializing cgroup subsys perf_event
[    0.094227] mce: CPU supports 10 MCE banks
[    0.097797] SMP alternatives: switching to UP code
[    0.461293] Freeing SMP alternatives: 24k freed
[    0.463054] ACPI: Core revision 20110623
[    0.520436] ftrace: allocating 26610 entries in 105 pages
[    0.556874] ..TIMER: vector=0x30 apic1=0 pin1=2 apic2=-1 pin2=-1
[    0.558474] CPU0: AMD QEMU Virtual CPU version 2.0.0 stepping 03
[    0.564034] Performance Events: Broken PMU hardware detected, using software events only.
[    0.577397] NMI watchdog disabled (cpu0): hardware events not enabled
[    0.578845] Brought up 1 CPUs
[    0.580863] Total of 1 processors activated (4585.54 BogoMIPS).
[    0.609090] devtmpfs: initialized
[    0.641175] EVM: security.selinux
[    0.641789] EVM: security.SMACK64
[    0.642270] EVM: security.capability
[    0.665739] print_constraints: dummy: 
[    0.667251] RTC time: 23:58:08, date: 12/16/15
[    0.670260] NET: Registered protocol family 16
[    0.678214] ACPI: bus type pci registered
[    0.682123] PCI: Using configuration type 1 for base access
[    0.712519] bio: create slab &lt;bio-0&gt; at 0
[    0.720598] ACPI: Added _OSI(Module Device)
[    0.721616] ACPI: Added _OSI(Processor Device)
[    0.722954] ACPI: Added _OSI(3.0 _SCP Extensions)
[    0.724124] ACPI: Added _OSI(Processor Aggregator Device)
[    0.808524] ACPI: Interpreter enabled
[    0.809148] ACPI: (supports S0 S3 S4 S5)
[    0.811145] ACPI: Using IOAPIC for interrupt routing
[    0.883510] ACPI: No dock devices found.
[    0.884183] HEST: Table not found.
[    0.884875] PCI: Using host bridge windows from ACPI; if necessary, use "pci=nocrs" and report a bug
[    0.891931] ACPI: PCI Root Bridge [PCI0] (domain 0000 [bus 00-ff])
[    0.897683] pci_root PNP0A03:00: host bridge window [io  0x0000-0x0cf7]
[    0.898717] pci_root PNP0A03:00: host bridge window [io  0x0d00-0xadff]
[    0.900107] pci_root PNP0A03:00: host bridge window [io  0xae0f-0xaeff]
[    0.900981] pci_root PNP0A03:00: host bridge window [io  0xaf20-0xafdf]
[    0.901855] pci_root PNP0A03:00: host bridge window [io  0xafe4-0xffff]
[    0.903530] pci_root PNP0A03:00: host bridge window [mem 0x000a0000-0x000bffff]
[    0.904105] pci_root PNP0A03:00: host bridge window [mem 0x04000000-0xfebfffff]
[    0.929031] pci 0000:00:01.3: quirk: [io  0xb000-0xb03f] claimed by PIIX4 ACPI
[    0.930237] pci 0000:00:01.3: quirk: [io  0xb100-0xb10f] claimed by PIIX4 SMB
[    1.005027]  pci0000:00: Unable to request _OSC control (_OSC support mask: 0x1e)
[    1.072229] ACPI: PCI Interrupt Link [LNKA] (IRQs 5 *10 11)
[    1.074260] ACPI: PCI Interrupt Link [LNKB] (IRQs 5 *10 11)
[    1.077395] ACPI: PCI Interrupt Link [LNKC] (IRQs 5 10 *11)
[    1.078825] ACPI: PCI Interrupt Link [LNKD] (IRQs 5 10 *11)
[    1.080752] ACPI: PCI Interrupt Link [LNKS] (IRQs *9)
[    1.086965] vgaarb: device added: PCI:0000:00:02.0,decodes=io+mem,owns=io+mem,locks=none
[    1.088215] vgaarb: loaded
[    1.088687] vgaarb: bridge control possible 0000:00:02.0
[    1.094194] i2c-core: driver [aat2870] using legacy suspend method
[    1.094947] i2c-core: driver [aat2870] using legacy resume method
[    1.097389] SCSI subsystem initialized
[    1.102265] usbcore: registered new interface driver usbfs
[    1.104354] usbcore: registered new interface driver hub
[    1.105844] usbcore: registered new device driver usb
[    1.109246] PCI: Using ACPI for IRQ routing
[    1.118781] NetLabel: Initializing
[    1.119222] NetLabel:  domain hash size = 128
[    1.120781] NetLabel:  protocols = UNLABELED CIPSOv4
[    1.122533] NetLabel:  unlabeled traffic allowed by default
[    1.125075] HPET: 3 timers in total, 0 timers will be used for per-cpu timer
[    1.126230] hpet0: at MMIO 0xfed00000, IRQs 2, 8, 0
[    1.127012] hpet0: 3 comparators, 64-bit 100.000000 MHz counter
[    1.137645] Switching to clocksource hpet
[    1.390002] AppArmor: AppArmor Filesystem Enabled
[    1.391482] pnp: PnP ACPI init
[    1.393192] ACPI: bus type pnp registered
[    1.416654] pnp: PnP ACPI: found 9 devices
[    1.417551] ACPI: ACPI bus type pnp unregistered
[    1.478884] NET: Registered protocol family 2
[    1.513813] IP route cache hash table entries: 512 (order: 0, 4096 bytes)
[    1.521571] TCP established hash table entries: 2048 (order: 3, 32768 bytes)
[    1.523002] TCP bind hash table entries: 2048 (order: 3, 32768 bytes)
[    1.523920] TCP: Hash tables configured (established 2048 bind 2048)
[    1.525498] TCP reno registered
[    1.525916] UDP hash table entries: 128 (order: 0, 4096 bytes)
[    1.526860] UDP-Lite hash table entries: 128 (order: 0, 4096 bytes)
[    1.530232] NET: Registered protocol family 1
[    1.531104] pci 0000:00:00.0: Limiting direct PCI/PCI transfers
[    1.531888] pci 0000:00:01.0: PIIX3: Enabling Passive Release
[    1.533588] pci 0000:00:01.0: Activating ISA DMA hang workarounds
[    1.538223] ACPI: PCI Interrupt Link [LNKD] enabled at IRQ 11
[    1.539126] pci 0000:00:01.2: PCI INT D -&gt; Link[LNKD] -&gt; GSI 11 (level, high) -&gt; IRQ 11
[    1.541966] pci 0000:00:01.2: PCI INT D disabled
[    1.558758] Trying to unpack rootfs image as initramfs...
[    1.573314] audit: initializing netlink socket (disabled)
[    1.574674] type=2000 audit(1450310288.572:1): initialized
[    1.818656] HugeTLB registered 2 MB page size, pre-allocated 0 pages
[    1.886939] VFS: Disk quotas dquot_6.5.2
[    1.889335] Dquot-cache hash table entries: 512 (order 0, 4096 bytes)
[    1.910257] fuse init (API version 7.17)
[    1.913639] msgmni has been set to 84
[    1.951313] Block layer SCSI generic (bsg) driver version 0.4 loaded (major 253)
[    1.954253] io scheduler noop registered
[    1.954805] io scheduler deadline registered (default)
[    1.955934] io scheduler cfq registered
[    1.959642] pci_hotplug: PCI Hot Plug PCI Core version: 0.5
[    1.962471] pciehp: PCI Express Hot Plug Controller Driver version: 0.4
[    1.967391] input: Power Button as /devices/LNXSYSTM:00/LNXPWRBN:00/input/input0
[    1.969763] ACPI: Power Button [PWRF]
[    2.014589] ERST: Table is not found!
[    2.015016] GHES: HEST is not enabled!
[    2.023680] ACPI: PCI Interrupt Link [LNKC] enabled at IRQ 10
[    2.025232] virtio-pci 0000:00:03.0: PCI INT A -&gt; Link[LNKC] -&gt; GSI 10 (level, high) -&gt; IRQ 10
[    2.027656] virtio-pci 0000:00:04.0: PCI INT A -&gt; Link[LNKD] -&gt; GSI 11 (level, high) -&gt; IRQ 11
[    2.042355] ACPI: PCI Interrupt Link [LNKA] enabled at IRQ 10
[    2.043030] virtio-pci 0000:00:05.0: PCI INT A -&gt; Link[LNKA] -&gt; GSI 10 (level, high) -&gt; IRQ 10
[    2.054464] Serial: 8250/16550 driver, 32 ports, IRQ sharing enabled
[    2.103075] serial8250: ttyS0 at I/O 0x3f8 (irq = 4) is a 16550A
[    2.203850] serial8250: ttyS1 at I/O 0x2f8 (irq = 3) is a 16550A
[    2.365530] 00:05: ttyS0 at I/O 0x3f8 (irq = 4) is a 16550A
[    2.444716] 00:06: ttyS1 at I/O 0x2f8 (irq = 3) is a 16550A
[    2.483656] Linux agpgart interface v0.103
[    2.545808] Refined TSC clocksource calibration: 2293.299 MHz.
[    2.546630] Switching to clocksource tsc
[    2.559194] brd: module loaded
[    2.589158] loop: module loaded
[    2.626898]  vda: unknown partition table
[    2.678138] scsi0 : ata_piix
[    2.682148] scsi1 : ata_piix
[    2.683084] ata1: PATA max MWDMA2 cmd 0x1f0 ctl 0x3f6 bmdma 0xc0a0 irq 14
[    2.683894] ata2: PATA max MWDMA2 cmd 0x170 ctl 0x376 bmdma 0xc0a8 irq 15
[    2.698881] Fixed MDIO Bus: probed
[    2.700046] tun: Universal TUN/TAP device driver, 1.6
[    2.701112] tun: (C) 1999-2004 Max Krasnyansky &lt;maxk@qualcomm.com&gt;
[    2.717442] PPP generic driver version 2.4.2
[    2.745081] ehci_hcd: USB 2.0 'Enhanced' Host Controller (EHCI) Driver
[    2.746477] ohci_hcd: USB 1.1 'Open' Host Controller (OHCI) Driver
[    2.747354] uhci_hcd: USB Universal Host Controller Interface driver
[    2.749338] uhci_hcd 0000:00:01.2: PCI INT D -&gt; Link[LNKD] -&gt; GSI 11 (level, high) -&gt; IRQ 11
[    2.752034] uhci_hcd 0000:00:01.2: UHCI Host Controller
[    2.769578] uhci_hcd 0000:00:01.2: new USB bus registered, assigned bus number 1
[    2.771241] uhci_hcd 0000:00:01.2: irq 11, io base 0x0000c040
[    2.797292] hub 1-0:1.0: USB hub found
[    2.799269] hub 1-0:1.0: 2 ports detected
[    2.810814] usbcore: registered new interface driver libusual
[    2.815940] i8042: PNP: PS/2 Controller [PNP0303:KBD,PNP0f13:MOU] at 0x60,0x64 irq 1,12
[    2.827320] serio: i8042 KBD port at 0x60,0x64 irq 1
[    2.829833] serio: i8042 AUX port at 0x60,0x64 irq 12
[    2.871304] mousedev: PS/2 mouse device common for all mice
[    2.887931] input: AT Translated Set 2 keyboard as /devices/platform/i8042/serio0/input/input1
[    2.892835] rtc_cmos 00:01: RTC can wake from S4
[    2.909318] rtc_cmos 00:01: rtc core: registered rtc_cmos as rtc0
[    2.913360] rtc0: alarms up to one day, 114 bytes nvram, hpet irqs
[    2.917375] device-mapper: uevent: version 1.0.3
[    2.933905] ata2.01: ATAPI: QEMU DVD-ROM, 2.0.0, max UDMA/100
[    2.944811] device-mapper: ioctl: 4.22.0-ioctl (2011-10-19) initialised: dm-devel@redhat.com
[    2.953409] cpuidle: using governor ladder
[    2.958439] cpuidle: using governor menu
[    2.962569] EFI Variables Facility v0.08 2004-May-17
[    2.976053] TCP cubic registered
[    2.982020] NET: Registered protocol family 10
[    3.004694] NET: Registered protocol family 17
[    3.006232] Registering the dns_resolver key type
[    3.019178] ata2.01: configured for MWDMA2
[    3.061963] scsi 1:0:1:0: CD-ROM            QEMU     QEMU DVD-ROM     2.0. PQ: 0 ANSI: 5
[    3.082752] sr0: scsi3-mmc drive: 4x/4x cd/rw xa/form2 tray
[    3.084107] cdrom: Uniform CD-ROM driver Revision: 3.20
[    3.109274] sr 1:0:1:0: Attached scsi generic sg0 type 5
[    3.155393] registered taskstats version 1
[    3.330756] Freeing initrd memory: 3656k freed
[    3.814497]   Magic number: 11:124:1010
[    3.824546] rtc_cmos 00:01: setting system clock to 2015-12-16 23:58:11 UTC (1450310291)
[    3.826740] powernow-k8: Processor cpuid 663 not supported
[    3.831724] BIOS EDD facility v0.16 2004-Jun-25, 0 devices found
[    3.833425] EDD information not available.
[    3.897368] Freeing unused kernel memory: 928k freed
[    3.900986] Write protecting the kernel read-only data: 12288k
[    3.979289] Freeing unused kernel memory: 1596k freed
[    4.043342] Freeing unused kernel memory: 1184k freed

info: initramfs: up at 4.20
modprobe: module virtio_blk not found in modules.dep
modprobe: module virtio_net not found in modules.dep
info: copying initramfs to /dev/vda
info: initramfs loading root from /dev/vda
info: /etc/init.d/rc.sysinit: up at 8.98
info: container: none
Starting logging: OK
modprobe: module virtio_blk not found in modules.dep
modprobe: module virtio_net not found in modules.dep
WARN: /etc/rc3.d/S10-load-modules failed
Initializing random number generator... done.
Starting acpid: OK
cirros-ds 'local' up at 11.52
found datasource (configdrive, local)
Starting network...
udhcpc (v1.20.1) started
Sending discover...
Sending discover...

2015-12-17 00:00:08,027 20912 INFO     [tempest_lib.common.rest_client] Request (TestNetworkAdvancedServerOps:_run_cleanups): 204 DELETE http://10.0.2.15:9696/v2.0/floatingips/e135a936-3180-4333-8182-e9146942ab1a 0.200s
2015-12-17 00:00:08,027 20912 DEBUG    [tempest_lib.common.rest_client] Request - Headers: {'Content-Type': 'application/json', 'Accept': 'application/json', 'X-Auth-Token': '&lt;omitted&gt;'}
        Body: None
    Response - Headers: {'date': 'Thu, 17 Dec 2015 00:00:08 GMT', 'status': '204', 'connection': 'close', 'content-length': '0', 'x-openstack-request-id': 'req-9fd75fd9-23a4-481d-8af4-c45a8cc631e1'}
        Body: 
2015-12-17 00:00:08,248 20912 INFO     [tempest_lib.common.rest_client] Request (TestNetworkAdvancedServerOps:_run_cleanups): 204 DELETE http://10.0.2.15:8774/v2.1/fc1d070b3b974f38b35bc77fd2a5bb5a/servers/77b0436e-71bb-4c35-8ea3-b7b4c77e7987 0.221s
2015-12-17 00:00:08,249 20912 DEBUG    [tempest_lib.common.rest_client] Request - Headers: {'Content-Type': 'application/json', 'Accept': 'application/json', 'X-Auth-Token': '&lt;omitted&gt;'}
        Body: None
    Response - Headers: {'status': '204', 'content-length': '0', 'x-compute-request-id': 'req-aeb3c36b-e80c-4517-b47f-f1183c46575f', 'vary': 'X-OpenStack-Nova-API-Version', 'connection': 'close', 'x-openstack-nova-api-version': '2.1', 'date': 'Thu, 17 Dec 2015 00:00:08 GMT', 'content-type': 'application/json'}
        Body: 
2015-12-17 00:00:08,452 20912 INFO     [tempest_lib.common.rest_client] Request (TestNetworkAdvancedServerOps:_run_cleanups): 200 GET http://10.0.2.15:8774/v2.1/fc1d070b3b974f38b35bc77fd2a5bb5a/servers/77b0436e-71bb-4c35-8ea3-b7b4c77e7987 0.200s
2015-12-17 00:00:08,452 20912 DEBUG    [tempest_lib.common.rest_client] Request - Headers: {'Content-Type': 'application/json', 'Accept': 'application/json', 'X-Auth-Token': '&lt;omitted&gt;'}
        Body: None
    Response - Headers: {'status': '200', 'content-length': '1782', 'content-location': 'http://10.0.2.15:8774/v2.1/fc1d070b3b974f38b35bc77fd2a5bb5a/servers/77b0436e-71bb-4c35-8ea3-b7b4c77e7987', 'x-compute-request-id': 'req-646a7ad3-c0b4-4f69-a115-c23001dde3a9', 'vary': 'X-OpenStack-Nova-API-Version', 'connection': 'close', 'x-openstack-nova-api-version': '2.1', 'date': 'Thu, 17 Dec 2015 00:00:08 GMT', 'content-type': 'application/json'}
        Body: {"server": {"status": "ACTIVE", "updated": "2015-12-17T00:00:08Z", "hostId": "3a4df4acd939e88bd69b63ff2b0aea61ce59d8aa8c29097a30b39d96", "addresses": {"tempest-network-smoke--1001856801": [{"OS-EXT-IPS-MAC:mac_addr": "fa:16:3e:17:ef:35", "version": 4, "addr": "10.100.0.3", "OS-EXT-IPS:type": "fixed"}, {"OS-EXT-IPS-MAC:mac_addr": "fa:16:3e:17:ef:35", "version": 4, "addr": "172.24.4.4", "OS-EXT-IPS:type": "floating"}]}, "links": [{"href": "http://10.0.2.15:8774/v2.1/fc1d070b3b974f38b35bc77fd2a5bb5a/servers/77b0436e-71bb-4c35-8ea3-b7b4c77e7987", "rel": "self"}, {"href": "http://10.0.2.15:8774/fc1d070b3b974f38b35bc77fd2a5bb5a/servers/77b0436e-71bb-4c35-8ea3-b7b4c77e7987", "rel": "bookmark"}], "key_name": "tempest-TestNetworkAdvancedServerOps-1418330063", "image": {"id": "bbd3261a-a55d-4af2-b86c-4e8fcbd1abf3", "links": [{"href": "http://10.0.2.15:8774/fc1d070b3b974f38b35bc77fd2a5bb5a/images/bbd3261a-a55d-4af2-b86c-4e8fcbd1abf3", "rel": "bookmark"}]}, "OS-EXT-STS:task_state": "deleting", "OS-EXT-STS:vm_state": "active", "OS-SRV-USG:launched_at": "2015-12-16T23:58:04.000000", "flavor": {"id": "42", "links": [{"href": "http://10.0.2.15:8774/fc1d070b3b974f38b35bc77fd2a5bb5a/flavors/42", "rel": "bookmark"}]}, "id": "77b0436e-71bb-4c35-8ea3-b7b4c77e7987", "security_groups": [{"name": "tempest-secgroup-smoke-2693830"}], "OS-SRV-USG:terminated_at": null, "OS-EXT-AZ:availability_zone": "nova", "user_id": "c85cba5a627e4e4b8a2297f14af61a9f", "name": "tempest.common.compute-instance-335318673", "created": "2015-12-16T23:58:01Z", "tenant_id": "fc1d070b3b974f38b35bc77fd2a5bb5a", "OS-DCF:diskConfig": "MANUAL", "os-extended-volumes:volumes_attached": [], "accessIPv4": "", "accessIPv6": "", "progress": 0, "OS-EXT-STS:power_state": 1, "config_drive": "True", "metadata": {}}}
2015-12-17 00:00:09,599 20912 INFO     [tempest_lib.common.rest_client] Request (TestNetworkAdvancedServerOps:_run_cleanups): 200 GET http://10.0.2.15:8774/v2.1/fc1d070b3b974f38b35bc77fd2a5bb5a/servers/77b0436e-71bb-4c35-8ea3-b7b4c77e7987 0.131s
2015-12-17 00:00:09,599 20912 DEBUG    [tempest_lib.common.rest_client] Request - Headers: {'Content-Type': 'application/json', 'Accept': 'application/json', 'X-Auth-Token': '&lt;omitted&gt;'}
        Body: None
    Response - Headers: {'status': '200', 'content-length': '1717', 'content-location': 'http://10.0.2.15:8774/v2.1/fc1d070b3b974f38b35bc77fd2a5bb5a/servers/77b0436e-71bb-4c35-8ea3-b7b4c77e7987', 'x-compute-request-id': 'req-6766f608-e294-4a04-a9ce-2075296a551a', 'vary': 'X-OpenStack-Nova-API-Version', 'connection': 'close', 'x-openstack-nova-api-version': '2.1', 'date': 'Thu, 17 Dec 2015 00:00:09 GMT', 'content-type': 'application/json'}
        Body: {"server": {"status": "ACTIVE", "updated": "2015-12-17T00:00:09Z", "hostId": "3a4df4acd939e88bd69b63ff2b0aea61ce59d8aa8c29097a30b39d96", "addresses": {"tempest-network-smoke--1001856801": [{"OS-EXT-IPS-MAC:mac_addr": "fa:16:3e:17:ef:35", "version": 4, "addr": "10.100.0.3", "OS-EXT-IPS:type": "fixed"}, {"OS-EXT-IPS-MAC:mac_addr": "fa:16:3e:17:ef:35", "version": 4, "addr": "172.24.4.4", "OS-EXT-IPS:type": "floating"}]}, "links": [{"href": "http://10.0.2.15:8774/v2.1/fc1d070b3b974f38b35bc77fd2a5bb5a/servers/77b0436e-71bb-4c35-8ea3-b7b4c77e7987", "rel": "self"}, {"href": "http://10.0.2.15:8774/fc1d070b3b974f38b35bc77fd2a5bb5a/servers/77b0436e-71bb-4c35-8ea3-b7b4c77e7987", "rel": "bookmark"}], "key_name": "tempest-TestNetworkAdvancedServerOps-1418330063", "image": {"id": "bbd3261a-a55d-4af2-b86c-4e8fcbd1abf3", "links": [{"href": "http://10.0.2.15:8774/fc1d070b3b974f38b35bc77fd2a5bb5a/images/bbd3261a-a55d-4af2-b86c-4e8fcbd1abf3", "rel": "bookmark"}]}, "OS-EXT-STS:task_state": "deleting", "OS-EXT-STS:vm_state": "active", "OS-SRV-USG:launched_at": "2015-12-16T23:58:04.000000", "flavor": {"id": "42", "links": [{"href": "http://10.0.2.15:8774/fc1d070b3b974f38b35bc77fd2a5bb5a/flavors/42", "rel": "bookmark"}]}, "id": "77b0436e-71bb-4c35-8ea3-b7b4c77e7987", "OS-SRV-USG:terminated_at": null, "OS-EXT-AZ:availability_zone": "nova", "user_id": "c85cba5a627e4e4b8a2297f14af61a9f", "name": "tempest.common.compute-instance-335318673", "created": "2015-12-16T23:58:01Z", "tenant_id": "fc1d070b3b974f38b35bc77fd2a5bb5a", "OS-DCF:diskConfig": "MANUAL", "os-extended-volumes:volumes_attached": [], "accessIPv4": "", "accessIPv6": "", "progress": 0, "OS-EXT-STS:power_state": 1, "config_drive": "True", "metadata": {}}}
2015-12-17 00:00:10,701 20912 INFO     [tempest_lib.common.rest_client] Request (TestNetworkAdvancedServerOps:_run_cleanups): 404 GET http://10.0.2.15:8774/v2.1/fc1d070b3b974f38b35bc77fd2a5bb5a/servers/77b0436e-71bb-4c35-8ea3-b7b4c77e7987 0.089s
2015-12-17 00:00:10,701 20912 DEBUG    [tempest_lib.common.rest_client] Request - Headers: {'Content-Type': 'application/json', 'Accept': 'application/json', 'X-Auth-Token': '&lt;omitted&gt;'}
        Body: None
    Response - Headers: {'status': '404', 'content-length': '111', 'x-compute-request-id': 'req-357f8e4f-2ee6-4897-944a-2dae5b8b0677', 'vary': 'X-OpenStack-Nova-API-Version', 'connection': 'close', 'x-openstack-nova-api-version': '2.1', 'date': 'Thu, 17 Dec 2015 00:00:10 GMT', 'content-type': 'application/json; charset=UTF-8'}
        Body: {"itemNotFound": {"message": "Instance 77b0436e-71bb-4c35-8ea3-b7b4c77e7987 could not be found.", "code": 404}}
2015-12-17 00:00:11,046 20912 INFO     [tempest_lib.common.rest_client] Request (TestNetworkAdvancedServerOps:_run_cleanups): 200 PUT http://10.0.2.15:9696/v2.0/routers/d631a0c8-b9c7-4491-b828-df5d912330da/remove_router_interface 0.342s
2015-12-17 00:00:11,047 20912 DEBUG    [tempest_lib.common.rest_client] Request - Headers: {'Content-Type': 'application/json', 'Accept': 'application/json', 'X-Auth-Token': '&lt;omitted&gt;'}
        Body: {"subnet_id": "04c668f6-4427-41ae-8609-f8ff2ddfe661"}
    Response - Headers: {'status': '200', 'content-length': '255', 'connection': 'close', 'date': 'Thu, 17 Dec 2015 00:00:11 GMT', 'content-type': 'application/json; charset=UTF-8', 'x-openstack-request-id': 'req-52c5b582-e194-4286-a731-e60b0ecd9d32'}
        Body: {"subnet_id": "04c668f6-4427-41ae-8609-f8ff2ddfe661", "tenant_id": "fc1d070b3b974f38b35bc77fd2a5bb5a", "subnet_ids": ["04c668f6-4427-41ae-8609-f8ff2ddfe661"], "port_id": "38484b8a-fdf3-40ee-8caa-fbb851f302b4", "id": "d631a0c8-b9c7-4491-b828-df5d912330da"}
2015-12-17 00:00:11,508 20912 INFO     [tempest_lib.common.rest_client] Request (TestNetworkAdvancedServerOps:_run_cleanups): 204 DELETE http://10.0.2.15:9696/v2.0/subnets/04c668f6-4427-41ae-8609-f8ff2ddfe661 0.459s
2015-12-17 00:00:11,508 20912 DEBUG    [tempest_lib.common.rest_client] Request - Headers: {'Content-Type': 'application/json', 'Accept': 'application/json', 'X-Auth-Token': '&lt;omitted&gt;'}
        Body: None
    Response - Headers: {'date': 'Thu, 17 Dec 2015 00:00:11 GMT', 'status': '204', 'connection': 'close', 'content-length': '0', 'x-openstack-request-id': 'req-1a36bd0b-7563-4f67-addb-127573864f6e'}
        Body: 
2015-12-17 00:00:11,566 20912 INFO     [tempest_lib.common.rest_client] Request (TestNetworkAdvancedServerOps:_run_cleanups): 200 GET http://10.0.2.15:9696/v2.0/routers/d631a0c8-b9c7-4491-b828-df5d912330da 0.056s
2015-12-17 00:00:11,566 20912 DEBUG    [tempest_lib.common.rest_client] Request - Headers: {'Content-Type': 'application/json', 'Accept': 'application/json', 'X-Auth-Token': '&lt;omitted&gt;'}
        Body: None
    Response - Headers: {'status': '200', 'content-length': '499', 'content-location': 'http://10.0.2.15:9696/v2.0/routers/d631a0c8-b9c7-4491-b828-df5d912330da', 'connection': 'close', 'date': 'Thu, 17 Dec 2015 00:00:11 GMT', 'content-type': 'application/json; charset=UTF-8', 'x-openstack-request-id': 'req-69afc52e-1663-4c18-abe7-5aa30bc5f3ca'}
        Body: {"router": {"status": "ACTIVE", "external_gateway_info": {"network_id": "b3342eed-33ac-4346-a143-4f54026ebe88", "enable_snat": true, "external_fixed_ips": [{"subnet_id": "a774ecda-36b5-4b92-a6ff-3f8f81d3fc07", "ip_address": "172.24.4.3"}, {"subnet_id": "068bc0d6-0a1f-44f4-b786-bdaca7e09381", "ip_address": "2001:db8::4"}]}, "name": "tempest-router-smoke-58766862", "admin_state_up": true, "tenant_id": "fc1d070b3b974f38b35bc77fd2a5bb5a", "routes": [], "id": "d631a0c8-b9c7-4491-b828-df5d912330da"}}
2015-12-17 00:00:11,930 20912 INFO     [tempest_lib.common.rest_client] Request (TestNetworkAdvancedServerOps:_run_cleanups): 200 PUT http://10.0.2.15:9696/v2.0/routers/d631a0c8-b9c7-4491-b828-df5d912330da 0.363s
2015-12-17 00:00:11,930 20912 DEBUG    [tempest_lib.common.rest_client] Request - Headers: {'Content-Type': 'application/json', 'Accept': 'application/json', 'X-Auth-Token': '&lt;omitted&gt;'}
        Body: {"router": {"external_gateway_info": {}, "name": "tempest-router-smoke-58766862", "admin_state_up": true}}
    Response - Headers: {'status': '200', 'content-length': '237', 'connection': 'close', 'date': 'Thu, 17 Dec 2015 00:00:11 GMT', 'content-type': 'application/json; charset=UTF-8', 'x-openstack-request-id': 'req-20e7a737-2cd6-486e-84a3-6ddfaa6e7b81'}
        Body: {"router": {"status": "ACTIVE", "external_gateway_info": null, "name": "tempest-router-smoke-58766862", "admin_state_up": true, "tenant_id": "fc1d070b3b974f38b35bc77fd2a5bb5a", "routes": [], "id": "d631a0c8-b9c7-4491-b828-df5d912330da"}}
2015-12-17 00:00:12,169 20912 INFO     [tempest_lib.common.rest_client] Request (TestNetworkAdvancedServerOps:_run_cleanups): 204 DELETE http://10.0.2.15:9696/v2.0/routers/d631a0c8-b9c7-4491-b828-df5d912330da 0.238s
2015-12-17 00:00:12,170 20912 DEBUG    [tempest_lib.common.rest_client] Request - Headers: {'Content-Type': 'application/json', 'Accept': 'application/json', 'X-Auth-Token': '&lt;omitted&gt;'}
        Body: None
    Response - Headers: {'date': 'Thu, 17 Dec 2015 00:00:12 GMT', 'status': '204', 'connection': 'close', 'content-length': '0', 'x-openstack-request-id': 'req-e932c865-c85c-4010-b0ad-41e1e8b7aed2'}
        Body: 
2015-12-17 00:00:12,357 20912 INFO     [tempest_lib.common.rest_client] Request (TestNetworkAdvancedServerOps:_run_cleanups): 204 DELETE http://10.0.2.15:9696/v2.0/networks/892fde22-6fef-45bf-800d-c76ef4ba3087 0.185s
2015-12-17 00:00:12,357 20912 DEBUG    [tempest_lib.common.rest_client] Request - Headers: {'Content-Type': 'application/json', 'Accept': 'application/json', 'X-Auth-Token': '&lt;omitted&gt;'}
        Body: None
    Response - Headers: {'date': 'Thu, 17 Dec 2015 00:00:12 GMT', 'status': '204', 'connection': 'close', 'content-length': '0', 'x-openstack-request-id': 'req-987f23e0-36e7-4607-815d-059345829abc'}
        Body: 
2015-12-17 00:00:12,409 20912 INFO     [tempest_lib.common.rest_client] Request (TestNetworkAdvancedServerOps:_run_cleanups): 204 DELETE http://10.0.2.15:9696/v2.0/security-group-rules/9e014453-1ccd-4e81-9f83-194cc721d86f 0.051s
2015-12-17 00:00:12,410 20912 DEBUG    [tempest_lib.common.rest_client] Request - Headers: {'Content-Type': 'application/json', 'Accept': 'application/json', 'X-Auth-Token': '&lt;omitted&gt;'}
        Body: None
    Response - Headers: {'date': 'Thu, 17 Dec 2015 00:00:12 GMT', 'status': '204', 'connection': 'close', 'content-length': '0', 'x-openstack-request-id': 'req-5251ba12-b32c-4220-b36e-58e074fd1716'}
        Body: 
2015-12-17 00:00:12,461 20912 INFO     [tempest_lib.common.rest_client] Request (TestNetworkAdvancedServerOps:_run_cleanups): 204 DELETE http://10.0.2.15:9696/v2.0/security-group-rules/841727de-9463-4608-9bc7-15f97589b51a 0.050s
2015-12-17 00:00:12,462 20912 DEBUG    [tempest_lib.common.rest_client] Request - Headers: {'Content-Type': 'application/json', 'Accept': 'application/json', 'X-Auth-Token': '&lt;omitted&gt;'}
        Body: None
    Response - Headers: {'date': 'Thu, 17 Dec 2015 00:00:12 GMT', 'status': '204', 'connection': 'close', 'content-length': '0', 'x-openstack-request-id': 'req-3fb772cc-90ec-49b9-b6c5-1b1283ba625d'}
        Body: 
2015-12-17 00:00:12,525 20912 INFO     [tempest_lib.common.rest_client] Request (TestNetworkAdvancedServerOps:_run_cleanups): 204 DELETE http://10.0.2.15:9696/v2.0/security-group-rules/69585b74-031b-4bd9-9af3-c46d5b0f391c 0.061s
2015-12-17 00:00:12,526 20912 DEBUG    [tempest_lib.common.rest_client] Request - Headers: {'Content-Type': 'application/json', 'Accept': 'application/json', 'X-Auth-Token': '&lt;omitted&gt;'}
        Body: None
    Response - Headers: {'date': 'Thu, 17 Dec 2015 00:00:12 GMT', 'status': '204', 'connection': 'close', 'content-length': '0', 'x-openstack-request-id': 'req-d0f6c0a3-78bc-4078-aafc-b3e5f32c6d0f'}
        Body: 
2015-12-17 00:00:12,584 20912 INFO     [tempest_lib.common.rest_client] Request (TestNetworkAdvancedServerOps:_run_cleanups): 204 DELETE http://10.0.2.15:9696/v2.0/security-group-rules/9a8bbc1b-8011-481e-bee4-b7733ec3f2b8 0.056s
2015-12-17 00:00:12,584 20912 DEBUG    [tempest_lib.common.rest_client] Request - Headers: {'Content-Type': 'application/json', 'Accept': 'application/json', 'X-Auth-Token': '&lt;omitted&gt;'}
        Body: None
    Response - Headers: {'date': 'Thu, 17 Dec 2015 00:00:12 GMT', 'status': '204', 'connection': 'close', 'content-length': '0', 'x-openstack-request-id': 'req-dab1ce88-3fa9-4562-95fe-b1049bb887a3'}
        Body: 
2015-12-17 00:00:12,641 20912 INFO     [tempest_lib.common.rest_client] Request (TestNetworkAdvancedServerOps:_run_cleanups): 204 DELETE http://10.0.2.15:9696/v2.0/security-group-rules/6a2b56f8-1ca2-4154-9c73-fc58a5440d82 0.055s
2015-12-17 00:00:12,641 20912 DEBUG    [tempest_lib.common.rest_client] Request - Headers: {'Content-Type': 'application/json', 'Accept': 'application/json', 'X-Auth-Token': '&lt;omitted&gt;'}
        Body: None
    Response - Headers: {'date': 'Thu, 17 Dec 2015 00:00:12 GMT', 'status': '204', 'connection': 'close', 'content-length': '0', 'x-openstack-request-id': 'req-1c4716a1-a9e0-4236-beb3-c8293c4f8229'}
        Body: 
2015-12-17 00:00:12,699 20912 INFO     [tempest_lib.common.rest_client] Request (TestNetworkAdvancedServerOps:_run_cleanups): 204 DELETE http://10.0.2.15:9696/v2.0/security-group-rules/4d05cbb2-ce99-415e-b939-963a9f6f1c2f 0.056s
2015-12-17 00:00:12,699 20912 DEBUG    [tempest_lib.common.rest_client] Request - Headers: {'Content-Type': 'application/json', 'Accept': 'application/json', 'X-Auth-Token': '&lt;omitted&gt;'}
        Body: None
    Response - Headers: {'date': 'Thu, 17 Dec 2015 00:00:12 GMT', 'status': '204', 'connection': 'close', 'content-length': '0', 'x-openstack-request-id': 'req-e3b02254-e18b-4aa7-9d5c-122041eb13c2'}
        Body: 
2015-12-17 00:00:12,775 20912 INFO     [tempest_lib.common.rest_client] Request (TestNetworkAdvancedServerOps:_run_cleanups): 204 DELETE http://10.0.2.15:9696/v2.0/security-groups/a0ceea4a-8ee5-497a-b25d-f8e19a768953 0.075s
2015-12-17 00:00:12,775 20912 DEBUG    [tempest_lib.common.rest_client] Request - Headers: {'Content-Type': 'application/json', 'Accept': 'application/json', 'X-Auth-Token': '&lt;omitted&gt;'}
        Body: None
    Response - Headers: {'date': 'Thu, 17 Dec 2015 00:00:12 GMT', 'status': '204', 'connection': 'close', 'content-length': '0', 'x-openstack-request-id': 'req-2f9ba88f-2a82-4716-9715-9a609ba8eaad'}
        Body: 
2015-12-17 00:00:12,793 20912 INFO     [tempest_lib.common.rest_client] Request (TestNetworkAdvancedServerOps:_run_cleanups): 202 DELETE http://10.0.2.15:8774/v2.1/fc1d070b3b974f38b35bc77fd2a5bb5a/os-keypairs/tempest-TestNetworkAdvancedServerOps-1418330063 0.017s
2015-12-17 00:00:12,794 20912 DEBUG    [tempest_lib.common.rest_client] Request - Headers: {'Content-Type': 'application/json', 'Accept': 'application/json', 'X-Auth-Token': '&lt;omitted&gt;'}
        Body: None
    Response - Headers: {'status': '202', 'content-length': '0', 'x-compute-request-id': 'req-e8ce7efc-80f4-4a1b-a502-f0f547e4eb30', 'vary': 'X-OpenStack-Nova-API-Version', 'connection': 'close', 'x-openstack-nova-api-version': '2.1', 'date': 'Thu, 17 Dec 2015 00:00:12 GMT', 'content-type': 'application/json'}
        Body: 
2015-12-17 00:00:12,876 20912 INFO     [tempest_lib.common.rest_client] Request (TestNetworkAdvancedServerOps:_run_cleanups): 404 GET http://10.0.2.15:8774/v2.1/fc1d070b3b974f38b35bc77fd2a5bb5a/servers/77b0436e-71bb-4c35-8ea3-b7b4c77e7987 0.081s
2015-12-17 00:00:12,876 20912 DEBUG    [tempest_lib.common.rest_client] Request - Headers: {'Content-Type': 'application/json', 'Accept': 'application/json', 'X-Auth-Token': '&lt;omitted&gt;'}
        Body: None
    Response - Headers: {'status': '404', 'content-length': '111', 'x-compute-request-id': 'req-dc8b4c2c-0fda-427e-9b1c-59bb4ff2f9c2', 'vary': 'X-OpenStack-Nova-API-Version', 'connection': 'close', 'x-openstack-nova-api-version': '2.1', 'date': 'Thu, 17 Dec 2015 00:00:12 GMT', 'content-type': 'application/json; charset=UTF-8'}
        Body: {"itemNotFound": {"message": "Instance 77b0436e-71bb-4c35-8ea3-b7b4c77e7987 could not be found.", "code": 404}}
}}}

Traceback (most recent call last):
  File "tempest/test.py", line 113, in wrapper
    return f(self, *func_args, **func_kwargs)
  File "tempest/scenario/test_network_advanced_server_ops.py", line 134, in test_server_connectivity_pause_unpause
    server, keypair, floating_ip = self._setup_network_and_servers()
  File "tempest/scenario/test_network_advanced_server_ops.py", line 71, in _setup_network_and_servers
    server, keypair, floating_ip)
  File "tempest/scenario/test_network_advanced_server_ops.py", line 95, in _wait_server_status_and_check_network_connectivity
    self._check_network_connectivity(server, keypair, floating_ip)
  File "tempest/scenario/test_network_advanced_server_ops.py", line 88, in _check_network_connectivity
    servers=[server])
  File "tempest/scenario/manager.py", line 608, in check_public_network_connectivity
    should_connect=should_connect)
  File "tempest/scenario/manager.py", line 592, in check_vm_connectivity
    msg=msg)
  File "/usr/local/lib/python2.7/dist-packages/unittest2/case.py", line 702, in assertTrue
    raise self.failureException(msg)
AssertionError: False is not true : Timed out waiting for 172.24.4.4 to become reachable



        </pre>
    </div>
    <!--css div popup end-->

    </td>
</tr>

<tr id='ft1.2' class='none'>
    <td class='failCase'><div class='testcase'>test_server_connectivity_reboot[compute,id-7b6860c2-afa3-4846-9522-adeb38dfbe08,network]</div></td>
    <td colspan='7' align='left'>

    <!--css div popup start-->
    <a class="popup_link" onfocus='this.blur();'
    href="javascript:showTestDetail('div_ft1.2')" >
        fail</a>

    <div id='div_ft1.2' class="popup_window">
        <div style='text-align: right; color:red;cursor:pointer'>
        <a onfocus='this.blur();'
onclick="document.getElementById('div_ft1.2').style.display = 'none' " >
           [x]</a>
        </div>
        <pre>
        
ft1.2: tempest.scenario.test_network_advanced_server_ops.TestNetworkAdvancedServerOps.test_server_connectivity_reboot[compute,id-7b6860c2-afa3-4846-9522-adeb38dfbe08,network]_StringException: Empty attachments:
  stderr
  stdout

pythonlogging:'': {{{
