<?xml version="1.0" encoding="UTF-8"?>
<!DOCTYPE html PUBLIC "-//W3C//DTD XHTML 1.0 Strict//EN"
     "http://www.w3.org/TR/xhtml1/DTD/xhtml1-strict.dtd">
<html xmlns="http://www.w3.org/1999/xhtml">
<head>
    <title>Unit Test Report</title>
    <meta name="generator" content="subunit2html 0.1"/>
    <meta http-equiv="Content-Type" content="text/html; charset=UTF-8"/>
    
<style type="text/css" media="screen">
body        { font-family: verdana, arial, helvetica, sans-serif;
    font-size: 80%; }
table       { font-size: 100%; width: 100%;}
pre         { font-size: 80%; }

/* -- heading -------------------------------------------------------------- */
h1 {
        font-size: 16pt;
        color: gray;
}
.heading {
    margin-top: 0ex;
    margin-bottom: 1ex;
}

.heading .attribute {
    margin-top: 1ex;
    margin-bottom: 0;
}

.heading .description {
    margin-top: 4ex;
    margin-bottom: 6ex;
}

/* -- css div popup -------------------------------------------------------- */
a.popup_link {
}

a.popup_link:hover {
    color: red;
}

.popup_window {
    display: none;
    overflow-x: scroll;
    /*border: solid #627173 1px; */
    padding: 10px;
    background-color: #E6E6D6;
    font-family: "Ubuntu Mono", "Lucida Console", "Courier New", monospace;
    text-align: left;
    font-size: 8pt;
}

}
/* -- report --------------------------------------------------------------- */
#show_detail_line {
    margin-top: 3ex;
    margin-bottom: 1ex;
}
#result_table {
    width: 100%;
    border-collapse: collapse;
    border: 1px solid #777;
}
#header_row {
    font-weight: bold;
    color: white;
    background-color: #777;
}
#result_table td {
    border: 1px solid #777;
    padding: 2px;
}
#total_row  { font-weight: bold; }
.passClass  { background-color: #6c6; }
.failClass  { background-color: #c60; }
.errorClass { background-color: #c00; }
.passCase   { color: #6c6; }
.failCase   { color: #c60; font-weight: bold; }
.errorCase  { color: #c00; font-weight: bold; }
.hiddenRow  { display: none; }
.testcase   { margin-left: 2em; }
td.testname {width: 40%}
td.small {width: 40px}

/* -- ending --------------------------------------------------------------- */
#ending {
}

</style>

</head>
<body>
<script language="javascript" type="text/javascript"><!--
output_list = Array();

/* level - 0:Summary; 1:Failed; 2:All */
function showCase(level) {
    trs = document.getElementsByTagName("tr");
    for (var i = 0; i < trs.length; i++) {
        tr = trs[i];
        id = tr.id;
        if (id.substr(0,2) == 'ft') {
            if (level < 1) {
                tr.className = 'hiddenRow';
            }
            else {
                tr.className = '';
            }
        }
        if (id.substr(0,2) == 'pt') {
            if (level > 1) {
                tr.className = '';
            }
            else {
                tr.className = 'hiddenRow';
            }
        }
    }
}


function showClassDetail(cid, count) {
    var id_list = Array(count);
    var toHide = 1;
    for (var i = 0; i < count; i++) {
        tid0 = 't' + cid.substr(1) + '.' + (i+1);
        tid = 'f' + tid0;
        tr = document.getElementById(tid);
        if (!tr) {
            tid = 'p' + tid0;
            tr = document.getElementById(tid);
        }
        id_list[i] = tid;
        if (tr.className) {
            toHide = 0;
        }
    }
    for (var i = 0; i < count; i++) {
        tid = id_list[i];
        if (toHide) {
            document.getElementById('div_'+tid).style.display = 'none'
            document.getElementById(tid).className = 'hiddenRow';
        }
        else {
            document.getElementById(tid).className = '';
        }
    }
}


function showTestDetail(div_id){
    var details_div = document.getElementById(div_id)
    var displayState = details_div.style.display
    // alert(displayState)
    if (displayState != 'block' ) {
        displayState = 'block'
        details_div.style.display = 'block'
    }
    else {
        details_div.style.display = 'none'
    }
}


function html_escape(s) {
    s = s.replace(/&/g,'&amp;');
    s = s.replace(/</g,'&lt;');
    s = s.replace(/>/g,'&gt;');
    return s;
}

/* obsoleted by detail in <div>
function showOutput(id, name) {
    var w = window.open("", //url
                    name,
                    "resizable,scrollbars,status,width=800,height=450");
    d = w.document;
    d.write("<pre>");
    d.write(html_escape(output_list[id]));
    d.write("\n");
    d.write("<a href='javascript:window.close()'>close</a>\n");
    d.write("</pre>\n");
    d.close();
}
*/
--></script>

<div class='heading'>
<h1>Unit Test Report</h1>

<p class='attribute'><strong>Status:</strong> Failure 6</p>

<p class='description'></p>
</div>



<p id='show_detail_line'>Show
<a href='javascript:showCase(0)'>Summary</a>
<a href='javascript:showCase(1)'>Failed</a>
<a href='javascript:showCase(2)'>All</a>
</p>
<table id='result_table'>
<colgroup>
<col align='left' />
<col align='right' />
<col align='right' />
<col align='right' />
<col align='right' />
<col align='right' />
<col align='right' />
<col align='right' />
</colgroup>
<tr id='header_row'>
    <td>Test Group/Test case</td>
    <td>Count</td>
    <td>Pass</td>
    <td>Fail</td>
    <td>Error</td>
    <td>Skip</td>
    <td>View</td>
    <td> </td>
</tr>

<tr class='failClass'>
    <td class="testname">tempest.scenario.test_network_advanced_server_ops.TestNetworkAdvancedServerOps</td>
    <td class="small">6</td>
    <td class="small">0</td>
    <td class="small">6</td>
    <td class="small">0</td>
    <td class="small">0</td>
    <td class="small"><a href="javascript:showClassDetail('c1',6)"
>Detail</a></td>
    <td> </td>
</tr>

<tr id='ft1.1' class='none'>
    <td class='failCase'><div class='testcase'>test_server_connectivity_pause_unpause[compute,id-2b2642db-6568-4b35-b812-eceed3fa20ce,network]</div></td>
    <td colspan='7' align='left'>

    <!--css div popup start-->
    <a class="popup_link" onfocus='this.blur();'
    href="javascript:showTestDetail('div_ft1.1')" >
        fail</a>

    <div id='div_ft1.1' class="popup_window">
        <div style='text-align: right; color:red;cursor:pointer'>
        <a onfocus='this.blur();'
onclick="document.getElementById('div_ft1.1').style.display = 'none' " >
           [x]</a>
        </div>
        <pre>
        
ft1.1: tempest.scenario.test_network_advanced_server_ops.TestNetworkAdvancedServerOps.test_server_connectivity_pause_unpause[compute,id-2b2642db-6568-4b35-b812-eceed3fa20ce,network]_StringException: Empty attachments:
  stderr
  stdout

pythonlogging:'': {{{
2015-12-16 18:04:53,042 24923 INFO     [tempest_lib.common.rest_client] Request (TestNetworkAdvancedServerOps:test_server_connectivity_pause_unpause): 200 POST http://10.0.2.15:8774/v2.1/f54ce646b449416084cfb363d1e48a7c/os-keypairs 0.368s
2015-12-16 18:04:53,042 24923 DEBUG    [tempest_lib.common.rest_client] Request - Headers: {'Content-Type': 'application/json', 'Accept': 'application/json', 'X-Auth-Token': '&lt;omitted&gt;'}
        Body: {"keypair": {"name": "tempest-TestNetworkAdvancedServerOps-917348899"}}
    Response - Headers: {'status': '200', 'content-length': '2333', 'x-compute-request-id': 'req-430a8304-cf98-448b-ac38-213439922719', 'vary': 'X-OpenStack-Nova-API-Version', 'connection': 'close', 'x-openstack-nova-api-version': '2.1', 'date': 'Wed, 16 Dec 2015 18:04:53 GMT', 'content-type': 'application/json'}
        Body: {"keypair": {"public_key": "ssh-rsa AAAAB3NzaC1yc2EAAAADAQABAAABAQC4BGIaU46cmCv/Gv1yaWdovaUc24IMjusj1Keayq0YehLyLqMOVtJRq+9+LopCd7YCnz84RBUjnVbuoDuQWafxvQWV10lpMH07NVPSMt92uW8ISsEaBiLuoHgiXzxTQdbZiyy3qfzyCpLpPxqm5B03lzp8ayOEdXk8X8rmdynnkdlpTxCZGHSSyFavjvZ3aem4Qpks0c+ok5gF7nf2IzWYGuzMYZANOu1w9kXTWgax19cBq5AK+XFEJJ/vzXW6evFW/FkUss0aUZHtU2wjgcRW0UnCNbpWv+59HE4qRM9zkjFPL9/0vs21443s/vKN8UMIP3xjR8PX6lFhoXhZ/shD Generated-by-Nova", "private_key": "-----BEGIN RSA PRIVATE KEY-----\nMIIEqgIBAAKCAQEAuARiGlOOnJgr/xr9cmlnaL2lHNuCDI7rI9SnmsqtGHoS8i6j\nDlbSUavvfi6KQne2Ap8/OEQVI51W7qA7kFmn8b0FlddJaTB9OzVT0jLfdrlvCErB\nGgYi7qB4Il88U0HW2Ysst6n88gqS6T8apuQdN5c6fGsjhHV5PF/K5ncp55HZaU8Q\nmRh0kshWr472d2npuEKZLNHPqJOYBe539iM1mBrszGGQDTrtcPZF01oGsdfXAauQ\nCvlxRCSf7811unrxVvxZFLLNGlGR7VNsI4HEVtFJwjW6Vr/ufRxOKkTPc5IxTy/f\n9L7NteON7P7yjfFDCD98Y0fD1+pRYaF4Wf7IQwIDAQABAoIBAQCUY3R4pkiqHkvc\nO3eFe1nYLJWo35nPZrBXBHTjbeyHgGkmwlTai0iuc2d86Sq0zrQHCUOBq+UgAxDG\n/I8LqEC1vydx3VllaaSSyj39kuiAZKgUl7N/uNMSenRlw0ZyHPWUF5bHxFwlEkHF\ntQ1Y5zpoSZrwGbVaayCIfvavQgiYorHGmJ+W847gqhqSE7CaSglrzdBd8YClf+aG\n5zHEO3zfoW41V3Y4FWQSCBzDxjM8e9abQkF/MTe40w1oo2VnC3Sdw3ezwo+kbG/t\nR51N61GQdiIDVIysLkN1qjSuDEcYQRp2inoCCYw19Ev+qLNK0bKrVUtaZuEmeamO\n6ZCBFn6BAoIAgQC5l/xnFvzKmFRxivT7pfmtTimcEMMvhebuf3bET/hyZWDEWiK9\nqSdp1cU/KBrr3lYDeXqpCqyRjqN5udKnFeWZ/ag0UgPuQo1OM7I3w6mLaetha8uE\nQVYP/BfWWH+VQuTWPIDAulaYWuo+D/ymm2LeXqfHSo91aNBZvlVCCLFvRwKCAIEA\n/dNJpD1sUZoR85PUe7gewow+Dga77ygsuF+SKqRR+Y2SVKtDB1RJUkbiXS9NGWsI\n01e1EIl4tVervzopPguBmS8MlGkdYGXaVR3ikVqcKIPDe7TwhyaRFq0hGEr7689y\nIOgv7uG5SZYveo3uSnU0u1PpIhILLlwPbSwAfgkwNSUCggCAPypUND3loYpAyzgQ\n8wjlNi+xB7XIyIbZNvjY0i2pkD2itpE627QTfvjLnhgnOXm9aodQ0PGaFBwo1UgC\nQu237DYhplT3k4LBFwmPMV19eb595vVKGeQmx1/0OPZ7zbArtCJ5a56/1DC1IpRM\nV+PwvWAX2EMvGjWnG7QkzkmpIgcCggCBALyKuvP18ET5JgaBs98mmCq5E8tFc0ol\n1Hor+54TKxUs9RpRkNub307vemvvm9yaphae2s9q3jAN7HSCVmpRD7ZivXxsTDbz\n0WdSaJ7B6KcroQR+FgC+RB3NAn1SDalPEZ6h+iD+qKyhk6j8TpoeT8oqfU0ijA2m\nsorMmZ0FZDrFAoIAgQCbKtMmtZHskCEhiocPUSgM1BZ4lcfvr+7ot5iuYhvWetsm\nPUm+uVRbu6sqnwwsPqsoUSNHC8pOvTX0D8PIvOfAW/wfrANtddXfnaO9oQs/Fr21\nFjwy8x5gjl3eZgbZ5lVv8zYTrJ496MuFXkD+CjXjCaOnQmg1GiBG+9rb6TIk3w==\n-----END RSA PRIVATE KEY-----\n", "user_id": "8f49cc103ded44538d3f3be470ad3dba", "name": "tempest-TestNetworkAdvancedServerOps-917348899", "fingerprint": "dd:dd:75:f5:10:00:9c:7d:da:64:9d:08:33:ff:d5:0b"}}
2015-12-16 18:04:53,360 24923 INFO     [tempest_lib.common.rest_client] Request (TestNetworkAdvancedServerOps:test_server_connectivity_pause_unpause): 201 POST http://10.0.2.15:9696/v2.0/security-groups 0.312s
2015-12-16 18:04:53,360 24923 DEBUG    [tempest_lib.common.rest_client] Request - Headers: {'Content-Type': 'application/json', 'Accept': 'application/json', 'X-Auth-Token': '&lt;omitted&gt;'}
        Body: {"security_group": {"tenant_id": "f54ce646b449416084cfb363d1e48a7c", "description": "tempest-secgroup-smoke-2039855947 description", "name": "tempest-secgroup-smoke-2039855947"}}
    Response - Headers: {'status': '201', 'content-length': '888', 'connection': 'close', 'date': 'Wed, 16 Dec 2015 18:04:53 GMT', 'content-type': 'application/json; charset=UTF-8', 'x-openstack-request-id': 'req-ce394701-a2fe-484f-a600-a359880e901b'}
        Body: {"security_group": {"tenant_id": "f54ce646b449416084cfb363d1e48a7c", "description": "tempest-secgroup-smoke-2039855947 description", "id": "16b531bf-37b9-4396-a215-191bcd2f2c5a", "security_group_rules": [{"remote_group_id": null, "direction": "egress", "remote_ip_prefix": null, "protocol": null, "ethertype": "IPv4", "tenant_id": "f54ce646b449416084cfb363d1e48a7c", "port_range_max": null, "port_range_min": null, "id": "263a3510-381d-43b2-94ff-9d6320852130", "security_group_id": "16b531bf-37b9-4396-a215-191bcd2f2c5a"}, {"remote_group_id": null, "direction": "egress", "remote_ip_prefix": null, "protocol": null, "ethertype": "IPv6", "tenant_id": "f54ce646b449416084cfb363d1e48a7c", "port_range_max": null, "port_range_min": null, "id": "5171d355-a6e9-42f3-b672-07375c9be9e6", "security_group_id": "16b531bf-37b9-4396-a215-191bcd2f2c5a"}], "name": "tempest-secgroup-smoke-2039855947"}}
2015-12-16 18:04:53,448 24923 INFO     [tempest_lib.common.rest_client] Request (TestNetworkAdvancedServerOps:test_server_connectivity_pause_unpause): 201 POST http://10.0.2.15:9696/v2.0/security-group-rules 0.087s
2015-12-16 18:04:53,449 24923 DEBUG    [tempest_lib.common.rest_client] Request - Headers: {'Content-Type': 'application/json', 'Accept': 'application/json', 'X-Auth-Token': '&lt;omitted&gt;'}
        Body: {"security_group_rule": {"direction": "ingress", "protocol": "tcp", "tenant_id": "f54ce646b449416084cfb363d1e48a7c", "port_range_max": 22, "security_group_id": "16b531bf-37b9-4396-a215-191bcd2f2c5a", "port_range_min": 22}}
    Response - Headers: {'status': '201', 'content-length': '340', 'connection': 'close', 'date': 'Wed, 16 Dec 2015 18:04:53 GMT', 'content-type': 'application/json; charset=UTF-8', 'x-openstack-request-id': 'req-af249a42-5288-49ae-99cf-d56f35e3197b'}
        Body: {"security_group_rule": {"remote_group_id": null, "direction": "ingress", "remote_ip_prefix": null, "protocol": "tcp", "ethertype": "IPv4", "tenant_id": "f54ce646b449416084cfb363d1e48a7c", "port_range_max": 22, "port_range_min": 22, "id": "b9e000d0-e30f-4630-a1dd-07ff93c3c1de", "security_group_id": "16b531bf-37b9-4396-a215-191bcd2f2c5a"}}
2015-12-16 18:04:53,548 24923 INFO     [tempest_lib.common.rest_client] Request (TestNetworkAdvancedServerOps:test_server_connectivity_pause_unpause): 201 POST http://10.0.2.15:9696/v2.0/security-group-rules 0.099s
2015-12-16 18:04:53,549 24923 DEBUG    [tempest_lib.common.rest_client] Request - Headers: {'Content-Type': 'application/json', 'Accept': 'application/json', 'X-Auth-Token': '&lt;omitted&gt;'}
        Body: {"security_group_rule": {"direction": "egress", "protocol": "tcp", "tenant_id": "f54ce646b449416084cfb363d1e48a7c", "port_range_max": 22, "security_group_id": "16b531bf-37b9-4396-a215-191bcd2f2c5a", "port_range_min": 22}}
    Response - Headers: {'status': '201', 'content-length': '339', 'connection': 'close', 'date': 'Wed, 16 Dec 2015 18:04:53 GMT', 'content-type': 'application/json; charset=UTF-8', 'x-openstack-request-id': 'req-f3cf21fd-326e-41bc-b646-54456172e6c7'}
        Body: {"security_group_rule": {"remote_group_id": null, "direction": "egress", "remote_ip_prefix": null, "protocol": "tcp", "ethertype": "IPv4", "tenant_id": "f54ce646b449416084cfb363d1e48a7c", "port_range_max": 22, "port_range_min": 22, "id": "eb72416d-8e58-4e76-95ff-f849e38da552", "security_group_id": "16b531bf-37b9-4396-a215-191bcd2f2c5a"}}
2015-12-16 18:04:53,788 24923 INFO     [tempest_lib.common.rest_client] Request (TestNetworkAdvancedServerOps:test_server_connectivity_pause_unpause): 201 POST http://10.0.2.15:9696/v2.0/security-group-rules 0.238s
2015-12-16 18:04:53,789 24923 DEBUG    [tempest_lib.common.rest_client] Request - Headers: {'Content-Type': 'application/json', 'Accept': 'application/json', 'X-Auth-Token': '&lt;omitted&gt;'}
        Body: {"security_group_rule": {"tenant_id": "f54ce646b449416084cfb363d1e48a7c", "direction": "ingress", "protocol": "icmp", "security_group_id": "16b531bf-37b9-4396-a215-191bcd2f2c5a"}}
    Response - Headers: {'status': '201', 'content-length': '345', 'connection': 'close', 'date': 'Wed, 16 Dec 2015 18:04:53 GMT', 'content-type': 'application/json; charset=UTF-8', 'x-openstack-request-id': 'req-e7121728-efe6-4ef9-8cbd-0fe4d8b00a77'}
        Body: {"security_group_rule": {"remote_group_id": null, "direction": "ingress", "remote_ip_prefix": null, "protocol": "icmp", "ethertype": "IPv4", "tenant_id": "f54ce646b449416084cfb363d1e48a7c", "port_range_max": null, "port_range_min": null, "id": "a063b0c3-e878-47be-88dc-4aa331cbe09a", "security_group_id": "16b531bf-37b9-4396-a215-191bcd2f2c5a"}}
2015-12-16 18:04:53,892 24923 INFO     [tempest_lib.common.rest_client] Request (TestNetworkAdvancedServerOps:test_server_connectivity_pause_unpause): 201 POST http://10.0.2.15:9696/v2.0/security-group-rules 0.103s
2015-12-16 18:04:53,893 24923 DEBUG    [tempest_lib.common.rest_client] Request - Headers: {'Content-Type': 'application/json', 'Accept': 'application/json', 'X-Auth-Token': '&lt;omitted&gt;'}
        Body: {"security_group_rule": {"tenant_id": "f54ce646b449416084cfb363d1e48a7c", "direction": "egress", "protocol": "icmp", "security_group_id": "16b531bf-37b9-4396-a215-191bcd2f2c5a"}}
    Response - Headers: {'status': '201', 'content-length': '344', 'connection': 'close', 'date': 'Wed, 16 Dec 2015 18:04:53 GMT', 'content-type': 'application/json; charset=UTF-8', 'x-openstack-request-id': 'req-9f69189a-cc5f-442f-af7a-8ffe27097f90'}
        Body: {"security_group_rule": {"remote_group_id": null, "direction": "egress", "remote_ip_prefix": null, "protocol": "icmp", "ethertype": "IPv4", "tenant_id": "f54ce646b449416084cfb363d1e48a7c", "port_range_max": null, "port_range_min": null, "id": "bdfa2218-fd50-4fc8-91c3-e0388642b65d", "security_group_id": "16b531bf-37b9-4396-a215-191bcd2f2c5a"}}
2015-12-16 18:04:53,999 24923 INFO     [tempest_lib.common.rest_client] Request (TestNetworkAdvancedServerOps:test_server_connectivity_pause_unpause): 201 POST http://10.0.2.15:9696/v2.0/security-group-rules 0.105s
2015-12-16 18:04:54,000 24923 DEBUG    [tempest_lib.common.rest_client] Request - Headers: {'Content-Type': 'application/json', 'Accept': 'application/json', 'X-Auth-Token': '&lt;omitted&gt;'}
        Body: {"security_group_rule": {"tenant_id": "f54ce646b449416084cfb363d1e48a7c", "direction": "ingress", "security_group_id": "16b531bf-37b9-4396-a215-191bcd2f2c5a", "protocol": "icmp", "ethertype": "IPv6"}}
    Response - Headers: {'status': '201', 'content-length': '345', 'connection': 'close', 'date': 'Wed, 16 Dec 2015 18:04:53 GMT', 'content-type': 'application/json; charset=UTF-8', 'x-openstack-request-id': 'req-8a137a8f-9c46-43dd-ba52-043ac50ba4ce'}
        Body: {"security_group_rule": {"remote_group_id": null, "direction": "ingress", "remote_ip_prefix": null, "protocol": "icmp", "ethertype": "IPv6", "tenant_id": "f54ce646b449416084cfb363d1e48a7c", "port_range_max": null, "port_range_min": null, "id": "4e9c3a79-9bde-42e5-9f8c-0be8cedb337d", "security_group_id": "16b531bf-37b9-4396-a215-191bcd2f2c5a"}}
2015-12-16 18:04:54,106 24923 INFO     [tempest_lib.common.rest_client] Request (TestNetworkAdvancedServerOps:test_server_connectivity_pause_unpause): 201 POST http://10.0.2.15:9696/v2.0/security-group-rules 0.105s
2015-12-16 18:04:54,107 24923 DEBUG    [tempest_lib.common.rest_client] Request - Headers: {'Content-Type': 'application/json', 'Accept': 'application/json', 'X-Auth-Token': '&lt;omitted&gt;'}
        Body: {"security_group_rule": {"tenant_id": "f54ce646b449416084cfb363d1e48a7c", "direction": "egress", "security_group_id": "16b531bf-37b9-4396-a215-191bcd2f2c5a", "protocol": "icmp", "ethertype": "IPv6"}}
    Response - Headers: {'status': '201', 'content-length': '344', 'connection': 'close', 'date': 'Wed, 16 Dec 2015 18:04:54 GMT', 'content-type': 'application/json; charset=UTF-8', 'x-openstack-request-id': 'req-8090b18d-2978-464d-8a0c-eda00aeacd34'}
        Body: {"security_group_rule": {"remote_group_id": null, "direction": "egress", "remote_ip_prefix": null, "protocol": "icmp", "ethertype": "IPv6", "tenant_id": "f54ce646b449416084cfb363d1e48a7c", "port_range_max": null, "port_range_min": null, "id": "d691ef71-8d3f-4f11-b19e-d3cd4f2ac5ec", "security_group_id": "16b531bf-37b9-4396-a215-191bcd2f2c5a"}}
2015-12-16 18:04:54,250 24923 INFO     [tempest_lib.common.rest_client] Request (TestNetworkAdvancedServerOps:test_server_connectivity_pause_unpause): 201 POST http://10.0.2.15:9696/v2.0/networks 0.142s
2015-12-16 18:04:54,251 24923 DEBUG    [tempest_lib.common.rest_client] Request - Headers: {'Content-Type': 'application/json', 'Accept': 'application/json', 'X-Auth-Token': '&lt;omitted&gt;'}
        Body: {"network": {"tenant_id": "f54ce646b449416084cfb363d1e48a7c", "name": "tempest-network-smoke--400133307"}}
    Response - Headers: {'status': '201', 'content-length': '295', 'connection': 'close', 'date': 'Wed, 16 Dec 2015 18:04:54 GMT', 'content-type': 'application/json; charset=UTF-8', 'x-openstack-request-id': 'req-26192bb2-8703-401d-8d11-31c68d3bf102'}
        Body: {"network": {"status": "ACTIVE", "subnets": [], "name": "tempest-network-smoke--400133307", "admin_state_up": true, "tenant_id": "f54ce646b449416084cfb363d1e48a7c", "mtu": 0, "router:external": false, "shared": false, "port_security_enabled": true, "id": "b577541a-a90e-4065-aac3-23e7b760b808"}}
2015-12-16 18:04:54,325 24923 INFO     [tempest_lib.common.rest_client] Request (TestNetworkAdvancedServerOps:test_server_connectivity_pause_unpause): 201 POST http://10.0.2.15:9696/v2.0/routers 0.072s
2015-12-16 18:04:54,325 24923 DEBUG    [tempest_lib.common.rest_client] Request - Headers: {'Content-Type': 'application/json', 'Accept': 'application/json', 'X-Auth-Token': '&lt;omitted&gt;'}
        Body: {"router": {"tenant_id": "f54ce646b449416084cfb363d1e48a7c", "name": "tempest-router-smoke-1601262593", "admin_state_up": true}}
    Response - Headers: {'status': '201', 'content-length': '239', 'connection': 'close', 'date': 'Wed, 16 Dec 2015 18:04:54 GMT', 'content-type': 'application/json; charset=UTF-8', 'x-openstack-request-id': 'req-7e35228d-de8a-4aa5-b4a4-bac9053e5d45'}
        Body: {"router": {"status": "ACTIVE", "external_gateway_info": null, "name": "tempest-router-smoke-1601262593", "admin_state_up": true, "tenant_id": "f54ce646b449416084cfb363d1e48a7c", "routes": [], "id": "b0c623ee-1570-431c-a973-23051e3f40c4"}}
2015-12-16 18:04:54,368 24923 INFO     [tempest_lib.common.rest_client] Request (TestNetworkAdvancedServerOps:test_server_connectivity_pause_unpause): 200 GET http://10.0.2.15:9696/v2.0/routers/b0c623ee-1570-431c-a973-23051e3f40c4 0.042s
2015-12-16 18:04:54,368 24923 DEBUG    [tempest_lib.common.rest_client] Request - Headers: {'Content-Type': 'application/json', 'Accept': 'application/json', 'X-Auth-Token': '&lt;omitted&gt;'}
        Body: None
    Response - Headers: {'status': '200', 'content-length': '239', 'content-location': 'http://10.0.2.15:9696/v2.0/routers/b0c623ee-1570-431c-a973-23051e3f40c4', 'connection': 'close', 'date': 'Wed, 16 Dec 2015 18:04:54 GMT', 'content-type': 'application/json; charset=UTF-8', 'x-openstack-request-id': 'req-a0e68608-fb15-49e2-835d-17bf9625cd54'}
        Body: {"router": {"status": "ACTIVE", "external_gateway_info": null, "name": "tempest-router-smoke-1601262593", "admin_state_up": true, "tenant_id": "f54ce646b449416084cfb363d1e48a7c", "routes": [], "id": "b0c623ee-1570-431c-a973-23051e3f40c4"}}
2015-12-16 18:04:54,883 24923 INFO     [tempest_lib.common.rest_client] Request (TestNetworkAdvancedServerOps:test_server_connectivity_pause_unpause): 200 PUT http://10.0.2.15:9696/v2.0/routers/b0c623ee-1570-431c-a973-23051e3f40c4 0.514s
2015-12-16 18:04:54,884 24923 DEBUG    [tempest_lib.common.rest_client] Request - Headers: {'Content-Type': 'application/json', 'Accept': 'application/json', 'X-Auth-Token': '&lt;omitted&gt;'}
        Body: {"router": {"external_gateway_info": {"network_id": "55b8ea04-f88e-41e0-9d5e-066a2519a1b9"}, "name": "tempest-router-smoke-1601262593", "admin_state_up": true}}
    Response - Headers: {'status': '200', 'content-length': '501', 'connection': 'close', 'date': 'Wed, 16 Dec 2015 18:04:54 GMT', 'content-type': 'application/json; charset=UTF-8', 'x-openstack-request-id': 'req-645e18f3-dee4-4d1e-8297-11534cf29b5b'}
        Body: {"router": {"status": "ACTIVE", "external_gateway_info": {"network_id": "55b8ea04-f88e-41e0-9d5e-066a2519a1b9", "enable_snat": true, "external_fixed_ips": [{"subnet_id": "543502a4-ef38-4cae-82fe-9cdc2b2707c7", "ip_address": "172.24.4.3"}, {"subnet_id": "eef9092b-84d7-42f7-af6a-0c1bc285f10d", "ip_address": "2001:db8::4"}]}, "name": "tempest-router-smoke-1601262593", "admin_state_up": true, "tenant_id": "f54ce646b449416084cfb363d1e48a7c", "routes": [], "id": "b0c623ee-1570-431c-a973-23051e3f40c4"}}
2015-12-16 18:04:55,017 24923 INFO     [tempest_lib.common.rest_client] Request (TestNetworkAdvancedServerOps:test_server_connectivity_pause_unpause): 200 GET http://10.0.2.15:9696/v2.0/subnets?tenant_id=f54ce646b449416084cfb363d1e48a7c&amp;cidr=10.100.0.0%2F28 0.132s
2015-12-16 18:04:55,017 24923 DEBUG    [tempest_lib.common.rest_client] Request - Headers: {'Content-Type': 'application/json', 'Accept': 'application/json', 'X-Auth-Token': '&lt;omitted&gt;'}
        Body: None
    Response - Headers: {'status': '200', 'content-length': '15', 'content-location': 'http://10.0.2.15:9696/v2.0/subnets?tenant_id=f54ce646b449416084cfb363d1e48a7c&amp;cidr=10.100.0.0%2F28', 'connection': 'close', 'date': 'Wed, 16 Dec 2015 18:04:55 GMT', 'content-type': 'application/json; charset=UTF-8', 'x-openstack-request-id': 'req-124970ac-cf69-422f-aa4e-8a9dab31a19e'}
        Body: {"subnets": []}
2015-12-16 18:04:55,271 24923 INFO     [tempest_lib.common.rest_client] Request (TestNetworkAdvancedServerOps:test_server_connectivity_pause_unpause): 201 POST http://10.0.2.15:9696/v2.0/subnets 0.253s
2015-12-16 18:04:55,271 24923 DEBUG    [tempest_lib.common.rest_client] Request - Headers: {'Content-Type': 'application/json', 'Accept': 'application/json', 'X-Auth-Token': '&lt;omitted&gt;'}
        Body: {"subnet": {"ip_version": 4, "tenant_id": "f54ce646b449416084cfb363d1e48a7c", "cidr": "10.100.0.0/28", "network_id": "b577541a-a90e-4065-aac3-23e7b760b808", "name": "tempest-subnet-smoke-142029069"}}
    Response - Headers: {'status': '201', 'content-length': '477', 'connection': 'close', 'date': 'Wed, 16 Dec 2015 18:04:55 GMT', 'content-type': 'application/json; charset=UTF-8', 'x-openstack-request-id': 'req-78b95621-7280-4660-be79-0efa5b2cabc9'}
        Body: {"subnet": {"name": "tempest-subnet-smoke-142029069", "enable_dhcp": true, "network_id": "b577541a-a90e-4065-aac3-23e7b760b808", "tenant_id": "f54ce646b449416084cfb363d1e48a7c", "dns_nameservers": [], "gateway_ip": "10.100.0.1", "ipv6_ra_mode": null, "allocation_pools": [{"start": "10.100.0.2", "end": "10.100.0.14"}], "host_routes": [], "ip_version": 4, "ipv6_address_mode": null, "cidr": "10.100.0.0/28", "id": "726b6a22-4d8f-46e6-901b-c1ba7392791d", "subnetpool_id": null}}
2015-12-16 18:04:55,714 24923 INFO     [tempest_lib.common.rest_client] Request (TestNetworkAdvancedServerOps:test_server_connectivity_pause_unpause): 200 PUT http://10.0.2.15:9696/v2.0/routers/b0c623ee-1570-431c-a973-23051e3f40c4/add_router_interface 0.441s
2015-12-16 18:04:55,714 24923 DEBUG    [tempest_lib.common.rest_client] Request - Headers: {'Content-Type': 'application/json', 'Accept': 'application/json', 'X-Auth-Token': '&lt;omitted&gt;'}
        Body: {"subnet_id": "726b6a22-4d8f-46e6-901b-c1ba7392791d"}
    Response - Headers: {'status': '200', 'content-length': '255', 'connection': 'close', 'date': 'Wed, 16 Dec 2015 18:04:55 GMT', 'content-type': 'application/json; charset=UTF-8', 'x-openstack-request-id': 'req-babb31e7-f321-41be-80c0-50a52728f6f5'}
        Body: {"subnet_id": "726b6a22-4d8f-46e6-901b-c1ba7392791d", "tenant_id": "f54ce646b449416084cfb363d1e48a7c", "subnet_ids": ["726b6a22-4d8f-46e6-901b-c1ba7392791d"], "port_id": "3ba0f712-5880-4f31-8e7f-a8a7594c43f4", "id": "b0c623ee-1570-431c-a973-23051e3f40c4"}
2015-12-16 18:04:55,806 24923 INFO     [tempest_lib.common.rest_client] Request (TestNetworkAdvancedServerOps:test_server_connectivity_pause_unpause): 200 POST http://10.0.2.15:5000/v2.0/tokens
2015-12-16 18:04:55,806 24923 DEBUG    [tempest_lib.common.rest_client] Request - Headers: {'Content-Type': 'application/json', 'Accept': 'application/json'}
        Body: &lt;omitted&gt;
    Response - Headers: {'status': '200', 'content-length': '2566', 'vary': 'X-Auth-Token', 'server': 'Apache/2.4.7 (Ubuntu)', 'connection': 'close', 'date': 'Wed, 16 Dec 2015 18:04:55 GMT', 'content-type': 'application/json', 'x-openstack-request-id': 'req-edbf972e-9cf0-4322-ab5a-a1b6e574d69e'}
        Body: {"access": {"token": {"issued_at": "2015-12-16T18:04:55.797323", "expires": "2015-12-16T19:04:55Z", "id": "3966746f299c4a0eb1fdd14362f8b3bd", "tenant": {"description": "tempest-TestNetworkAdvancedServerOps-1298809468-desc", "enabled": true, "id": "f54ce646b449416084cfb363d1e48a7c", "name": "tempest-TestNetworkAdvancedServerOps-1298809468"}, "audit_ids": ["0vyryRjPT0C-NjVQAfeQvw"]}, "serviceCatalog": [{"endpoints": [{"adminURL": "http://10.0.2.15:8774/v2.1/f54ce646b449416084cfb363d1e48a7c", "region": "RegionOne", "internalURL": "http://10.0.2.15:8774/v2.1/f54ce646b449416084cfb363d1e48a7c", "id": "0ae1787909614c1c83a5ff26f654bc79", "publicURL": "http://10.0.2.15:8774/v2.1/f54ce646b449416084cfb363d1e48a7c"}], "endpoints_links": [], "type": "compute", "name": "nova"}, {"endpoints": [{"adminURL": "http://10.0.2.15:9696/", "region": "RegionOne", "internalURL": "http://10.0.2.15:9696/", "id": "3e55899219b9448893cd617083578f97", "publicURL": "http://10.0.2.15:9696/"}], "endpoints_links": [], "type": "network", "name": "neutron"}, {"endpoints": [{"adminURL": "http://10.0.2.15:9292", "region": "RegionOne", "internalURL": "http://10.0.2.15:9292", "id": "36962aa398904a70b3381ca5b35671db", "publicURL": "http://10.0.2.15:9292"}], "endpoints_links": [], "type": "image", "name": "glance"}, {"endpoints": [{"adminURL": "http://10.0.2.15:8774/v2/f54ce646b449416084cfb363d1e48a7c", "region": "RegionOne", "internalURL": "http://10.0.2.15:8774/v2/f54ce646b449416084cfb363d1e48a7c", "id": "065c7d6fc2ab40f0a575edc8e8562e13", "publicURL": "http://10.0.2.15:8774/v2/f54ce646b449416084cfb363d1e48a7c"}], "endpoints_links": [], "type": "compute_legacy", "name": "nova_legacy"}, {"endpoints": [{"adminURL": "http://10.0.2.15:8773/", "region": "RegionOne", "internalURL": "http://10.0.2.15:8773/", "id": "0d5d97c3d8c74682b9353d56aa2ee731", "publicURL": "http://10.0.2.15:8773/"}], "endpoints_links": [], "type": "ec2", "name": "ec2"}, {"endpoints": [{"adminURL": "http://10.0.2.15:35357/v2.0", "region": "RegionOne", "internalURL": "http://10.0.2.15:5000/v2.0", "id": "6bf87e389ac2483d8f1843287a931af1", "publicURL": "http://10.0.2.15:5000/v2.0"}], "endpoints_links": [], "type": "identity", "name": "keystone"}], "user": {"username": "tempest-TestNetworkAdvancedServerOps-1050320663", "roles_links": [], "id": "8f49cc103ded44538d3f3be470ad3dba", "roles": [{"name": "_member_"}, {"name": "Member"}], "name": "tempest-TestNetworkAdvancedServerOps-1050320663"}, "metadata": {"is_admin": 0, "roles": ["9fe2ff9ee4384b1894a90878d3e92bab", "14c9c0220b1441038bed436f9e64e3cf"]}}}
2015-12-16 18:04:55,811 24923 DEBUG    [tempest.common.fixed_network] (TestNetworkAdvancedServerOps:test_server_connectivity_pause_unpause) No valid network provided or created, defaulting to fixed_network_name
2015-12-16 18:04:56,132 24923 INFO     [tempest_lib.common.rest_client] Request (TestNetworkAdvancedServerOps:test_server_connectivity_pause_unpause): 200 GET http://10.0.2.15:8774/v2.1/f54ce646b449416084cfb363d1e48a7c/os-networks 0.319s
2015-12-16 18:04:56,132 24923 DEBUG    [tempest_lib.common.rest_client] Request - Headers: {'Content-Type': 'application/json', 'Accept': 'application/json', 'X-Auth-Token': '&lt;omitted&gt;'}
        Body: None
    Response - Headers: {'status': '200', 'content-length': '478', 'content-location': 'http://10.0.2.15:8774/v2.1/f54ce646b449416084cfb363d1e48a7c/os-networks', 'x-compute-request-id': 'req-419eaceb-8963-4b98-99ee-9ec417490d9a', 'vary': 'X-OpenStack-Nova-API-Version', 'connection': 'close', 'x-openstack-nova-api-version': '2.1', 'date': 'Wed, 16 Dec 2015 18:04:56 GMT', 'content-type': 'application/json'}
        Body: {"networks": [{"cidr_v6": null, "dns2": null, "dns1": null, "gateway": null, "broadcast": null, "netmask": null, "gateway_v6": null, "cidr": null, "label": "public", "id": "55b8ea04-f88e-41e0-9d5e-066a2519a1b9", "netmask_v6": null}, {"cidr_v6": null, "dns2": null, "dns1": null, "gateway": null, "broadcast": null, "netmask": null, "gateway_v6": null, "cidr": null, "label": "tempest-network-smoke--400133307", "id": "b577541a-a90e-4065-aac3-23e7b760b808", "netmask_v6": null}]}
2015-12-16 18:04:56,133 24923 WARNING  [tempest.common.fixed_network] (TestNetworkAdvancedServerOps:test_server_connectivity_pause_unpause) Network with name: private not found
2015-12-16 18:04:56,133 24923 INFO     [tempest.common.fixed_network] (TestNetworkAdvancedServerOps:test_server_connectivity_pause_unpause) Found network {} available for tenant
2015-12-16 18:04:57,431 24923 INFO     [tempest_lib.common.rest_client] Request (TestNetworkAdvancedServerOps:test_server_connectivity_pause_unpause): 202 POST http://10.0.2.15:8774/v2.1/f54ce646b449416084cfb363d1e48a7c/servers 1.295s
2015-12-16 18:04:57,431 24923 DEBUG    [tempest_lib.common.rest_client] Request - Headers: {'Content-Type': 'application/json', 'Accept': 'application/json', 'X-Auth-Token': '&lt;omitted&gt;'}
        Body: {"server": {"name": "tempest.common.compute-instance-1540165035", "imageRef": "4bf4df57-613a-4328-842c-24b540685085", "key_name": "tempest-TestNetworkAdvancedServerOps-917348899", "flavorRef": "42", "networks": [{"uuid": "b577541a-a90e-4065-aac3-23e7b760b808"}], "security_groups": [{"name": "tempest-secgroup-smoke-2039855947"}]}}
    Response - Headers: {'status': '202', 'content-length': '462', 'x-compute-request-id': 'req-5342a2bb-f6dd-4633-8f02-8a370e275546', 'vary': 'X-OpenStack-Nova-API-Version', 'connection': 'close', 'location': 'http://10.0.2.15:8774/v2.1/f54ce646b449416084cfb363d1e48a7c/servers/de7278e9-86c6-41aa-a24d-705bd96aab5b', 'x-openstack-nova-api-version': '2.1', 'date': 'Wed, 16 Dec 2015 18:04:57 GMT', 'content-type': 'application/json'}
        Body: {"server": {"security_groups": [{"name": "tempest-secgroup-smoke-2039855947"}], "OS-DCF:diskConfig": "MANUAL", "id": "de7278e9-86c6-41aa-a24d-705bd96aab5b", "links": [{"href": "http://10.0.2.15:8774/v2.1/f54ce646b449416084cfb363d1e48a7c/servers/de7278e9-86c6-41aa-a24d-705bd96aab5b", "rel": "self"}, {"href": "http://10.0.2.15:8774/f54ce646b449416084cfb363d1e48a7c/servers/de7278e9-86c6-41aa-a24d-705bd96aab5b", "rel": "bookmark"}], "adminPass": "LBb6gxoRbroE"}}
2015-12-16 18:04:57,597 24923 INFO     [tempest_lib.common.rest_client] Request (TestNetworkAdvancedServerOps:test_server_connectivity_pause_unpause): 200 GET http://10.0.2.15:8774/v2.1/f54ce646b449416084cfb363d1e48a7c/servers/de7278e9-86c6-41aa-a24d-705bd96aab5b 0.163s
2015-12-16 18:04:57,597 24923 DEBUG    [tempest_lib.common.rest_client] Request - Headers: {'Content-Type': 'application/json', 'Accept': 'application/json', 'X-Auth-Token': '&lt;omitted&gt;'}
        Body: None
    Response - Headers: {'status': '200', 'content-length': '1364', 'content-location': 'http://10.0.2.15:8774/v2.1/f54ce646b449416084cfb363d1e48a7c/servers/de7278e9-86c6-41aa-a24d-705bd96aab5b', 'x-compute-request-id': 'req-131739a7-91ab-4156-9f66-2138b791f4f9', 'vary': 'X-OpenStack-Nova-API-Version', 'connection': 'close', 'x-openstack-nova-api-version': '2.1', 'date': 'Wed, 16 Dec 2015 18:04:57 GMT', 'content-type': 'application/json'}
        Body: {"server": {"status": "BUILD", "updated": "2015-12-16T18:04:57Z", "hostId": "", "addresses": {}, "links": [{"href": "http://10.0.2.15:8774/v2.1/f54ce646b449416084cfb363d1e48a7c/servers/de7278e9-86c6-41aa-a24d-705bd96aab5b", "rel": "self"}, {"href": "http://10.0.2.15:8774/f54ce646b449416084cfb363d1e48a7c/servers/de7278e9-86c6-41aa-a24d-705bd96aab5b", "rel": "bookmark"}], "key_name": "tempest-TestNetworkAdvancedServerOps-917348899", "image": {"id": "4bf4df57-613a-4328-842c-24b540685085", "links": [{"href": "http://10.0.2.15:8774/f54ce646b449416084cfb363d1e48a7c/images/4bf4df57-613a-4328-842c-24b540685085", "rel": "bookmark"}]}, "OS-EXT-STS:task_state": "scheduling", "OS-EXT-STS:vm_state": "building", "OS-SRV-USG:launched_at": null, "flavor": {"id": "42", "links": [{"href": "http://10.0.2.15:8774/f54ce646b449416084cfb363d1e48a7c/flavors/42", "rel": "bookmark"}]}, "id": "de7278e9-86c6-41aa-a24d-705bd96aab5b", "OS-SRV-USG:terminated_at": null, "OS-EXT-AZ:availability_zone": "", "user_id": "8f49cc103ded44538d3f3be470ad3dba", "name": "tempest.common.compute-instance-1540165035", "created": "2015-12-16T18:04:57Z", "tenant_id": "f54ce646b449416084cfb363d1e48a7c", "OS-DCF:diskConfig": "MANUAL", "os-extended-volumes:volumes_attached": [], "accessIPv4": "", "accessIPv6": "", "progress": 0, "OS-EXT-STS:power_state": 0, "config_drive": "", "metadata": {}}}
2015-12-16 18:04:58,818 24923 INFO     [tempest_lib.common.rest_client] Request (TestNetworkAdvancedServerOps:test_server_connectivity_pause_unpause): 200 GET http://10.0.2.15:8774/v2.1/f54ce646b449416084cfb363d1e48a7c/servers/de7278e9-86c6-41aa-a24d-705bd96aab5b 0.211s
2015-12-16 18:04:58,819 24923 DEBUG    [tempest_lib.common.rest_client] Request - Headers: {'Content-Type': 'application/json', 'Accept': 'application/json', 'X-Auth-Token': '&lt;omitted&gt;'}
        Body: None
    Response - Headers: {'status': '200', 'content-length': '1490', 'content-location': 'http://10.0.2.15:8774/v2.1/f54ce646b449416084cfb363d1e48a7c/servers/de7278e9-86c6-41aa-a24d-705bd96aab5b', 'x-compute-request-id': 'req-f73a6c22-f32c-4e81-b86b-8836952a39c0', 'vary': 'X-OpenStack-Nova-API-Version', 'connection': 'close', 'x-openstack-nova-api-version': '2.1', 'date': 'Wed, 16 Dec 2015 18:04:58 GMT', 'content-type': 'application/json'}
        Body: {"server": {"status": "BUILD", "updated": "2015-12-16T18:04:58Z", "hostId": "ff8eb404f9d1bd137ad0aba0e6282a97389a3def88c3458b1a6995f2", "addresses": {}, "links": [{"href": "http://10.0.2.15:8774/v2.1/f54ce646b449416084cfb363d1e48a7c/servers/de7278e9-86c6-41aa-a24d-705bd96aab5b", "rel": "self"}, {"href": "http://10.0.2.15:8774/f54ce646b449416084cfb363d1e48a7c/servers/de7278e9-86c6-41aa-a24d-705bd96aab5b", "rel": "bookmark"}], "key_name": "tempest-TestNetworkAdvancedServerOps-917348899", "image": {"id": "4bf4df57-613a-4328-842c-24b540685085", "links": [{"href": "http://10.0.2.15:8774/f54ce646b449416084cfb363d1e48a7c/images/4bf4df57-613a-4328-842c-24b540685085", "rel": "bookmark"}]}, "OS-EXT-STS:task_state": "spawning", "OS-EXT-STS:vm_state": "building", "OS-SRV-USG:launched_at": null, "flavor": {"id": "42", "links": [{"href": "http://10.0.2.15:8774/f54ce646b449416084cfb363d1e48a7c/flavors/42", "rel": "bookmark"}]}, "id": "de7278e9-86c6-41aa-a24d-705bd96aab5b", "security_groups": [{"name": "tempest-secgroup-smoke-2039855947"}], "OS-SRV-USG:terminated_at": null, "OS-EXT-AZ:availability_zone": "nova", "user_id": "8f49cc103ded44538d3f3be470ad3dba", "name": "tempest.common.compute-instance-1540165035", "created": "2015-12-16T18:04:57Z", "tenant_id": "f54ce646b449416084cfb363d1e48a7c", "OS-DCF:diskConfig": "MANUAL", "os-extended-volumes:volumes_attached": [], "accessIPv4": "", "accessIPv6": "", "progress": 0, "OS-EXT-STS:power_state": 0, "config_drive": "", "metadata": {}}}
2015-12-16 18:04:58,828 24923 INFO     [tempest.common.waiters] State transition "BUILD/scheduling" ==&gt; "BUILD/spawning" after 1 second wait
2015-12-16 18:05:00,051 24923 INFO     [tempest_lib.common.rest_client] Request (TestNetworkAdvancedServerOps:test_server_connectivity_pause_unpause): 200 GET http://10.0.2.15:8774/v2.1/f54ce646b449416084cfb363d1e48a7c/servers/de7278e9-86c6-41aa-a24d-705bd96aab5b 0.222s
2015-12-16 18:05:00,051 24923 DEBUG    [tempest_lib.common.rest_client] Request - Headers: {'Content-Type': 'application/json', 'Accept': 'application/json', 'X-Auth-Token': '&lt;omitted&gt;'}
        Body: None
    Response - Headers: {'status': '200', 'content-length': '1490', 'content-location': 'http://10.0.2.15:8774/v2.1/f54ce646b449416084cfb363d1e48a7c/servers/de7278e9-86c6-41aa-a24d-705bd96aab5b', 'x-compute-request-id': 'req-2817bb26-6634-4ba4-b359-401db095e97a', 'vary': 'X-OpenStack-Nova-API-Version', 'connection': 'close', 'x-openstack-nova-api-version': '2.1', 'date': 'Wed, 16 Dec 2015 18:05:00 GMT', 'content-type': 'application/json'}
        Body: {"server": {"status": "BUILD", "updated": "2015-12-16T18:04:58Z", "hostId": "ff8eb404f9d1bd137ad0aba0e6282a97389a3def88c3458b1a6995f2", "addresses": {}, "links": [{"href": "http://10.0.2.15:8774/v2.1/f54ce646b449416084cfb363d1e48a7c/servers/de7278e9-86c6-41aa-a24d-705bd96aab5b", "rel": "self"}, {"href": "http://10.0.2.15:8774/f54ce646b449416084cfb363d1e48a7c/servers/de7278e9-86c6-41aa-a24d-705bd96aab5b", "rel": "bookmark"}], "key_name": "tempest-TestNetworkAdvancedServerOps-917348899", "image": {"id": "4bf4df57-613a-4328-842c-24b540685085", "links": [{"href": "http://10.0.2.15:8774/f54ce646b449416084cfb363d1e48a7c/images/4bf4df57-613a-4328-842c-24b540685085", "rel": "bookmark"}]}, "OS-EXT-STS:task_state": "spawning", "OS-EXT-STS:vm_state": "building", "OS-SRV-USG:launched_at": null, "flavor": {"id": "42", "links": [{"href": "http://10.0.2.15:8774/f54ce646b449416084cfb363d1e48a7c/flavors/42", "rel": "bookmark"}]}, "id": "de7278e9-86c6-41aa-a24d-705bd96aab5b", "security_groups": [{"name": "tempest-secgroup-smoke-2039855947"}], "OS-SRV-USG:terminated_at": null, "OS-EXT-AZ:availability_zone": "nova", "user_id": "8f49cc103ded44538d3f3be470ad3dba", "name": "tempest.common.compute-instance-1540165035", "created": "2015-12-16T18:04:57Z", "tenant_id": "f54ce646b449416084cfb363d1e48a7c", "OS-DCF:diskConfig": "MANUAL", "os-extended-volumes:volumes_attached": [], "accessIPv4": "", "accessIPv6": "", "progress": 0, "OS-EXT-STS:power_state": 0, "config_drive": "", "metadata": {}}}
2015-12-16 18:05:01,314 24923 INFO     [tempest_lib.common.rest_client] Request (TestNetworkAdvancedServerOps:test_server_connectivity_pause_unpause): 200 GET http://10.0.2.15:8774/v2.1/f54ce646b449416084cfb363d1e48a7c/servers/de7278e9-86c6-41aa-a24d-705bd96aab5b 0.252s
2015-12-16 18:05:01,315 24923 DEBUG    [tempest_lib.common.rest_client] Request - Headers: {'Content-Type': 'application/json', 'Accept': 'application/json', 'X-Auth-Token': '&lt;omitted&gt;'}
        Body: None
    Response - Headers: {'status': '200', 'content-length': '1490', 'content-location': 'http://10.0.2.15:8774/v2.1/f54ce646b449416084cfb363d1e48a7c/servers/de7278e9-86c6-41aa-a24d-705bd96aab5b', 'x-compute-request-id': 'req-31be0e40-3c55-477f-8656-1c33eae6988f', 'vary': 'X-OpenStack-Nova-API-Version', 'connection': 'close', 'x-openstack-nova-api-version': '2.1', 'date': 'Wed, 16 Dec 2015 18:05:01 GMT', 'content-type': 'application/json'}
        Body: {"server": {"status": "BUILD", "updated": "2015-12-16T18:04:58Z", "hostId": "ff8eb404f9d1bd137ad0aba0e6282a97389a3def88c3458b1a6995f2", "addresses": {}, "links": [{"href": "http://10.0.2.15:8774/v2.1/f54ce646b449416084cfb363d1e48a7c/servers/de7278e9-86c6-41aa-a24d-705bd96aab5b", "rel": "self"}, {"href": "http://10.0.2.15:8774/f54ce646b449416084cfb363d1e48a7c/servers/de7278e9-86c6-41aa-a24d-705bd96aab5b", "rel": "bookmark"}], "key_name": "tempest-TestNetworkAdvancedServerOps-917348899", "image": {"id": "4bf4df57-613a-4328-842c-24b540685085", "links": [{"href": "http://10.0.2.15:8774/f54ce646b449416084cfb363d1e48a7c/images/4bf4df57-613a-4328-842c-24b540685085", "rel": "bookmark"}]}, "OS-EXT-STS:task_state": "spawning", "OS-EXT-STS:vm_state": "building", "OS-SRV-USG:launched_at": null, "flavor": {"id": "42", "links": [{"href": "http://10.0.2.15:8774/f54ce646b449416084cfb363d1e48a7c/flavors/42", "rel": "bookmark"}]}, "id": "de7278e9-86c6-41aa-a24d-705bd96aab5b", "security_groups": [{"name": "tempest-secgroup-smoke-2039855947"}], "OS-SRV-USG:terminated_at": null, "OS-EXT-AZ:availability_zone": "nova", "user_id": "8f49cc103ded44538d3f3be470ad3dba", "name": "tempest.common.compute-instance-1540165035", "created": "2015-12-16T18:04:57Z", "tenant_id": "f54ce646b449416084cfb363d1e48a7c", "OS-DCF:diskConfig": "MANUAL", "os-extended-volumes:volumes_attached": [], "accessIPv4": "", "accessIPv6": "", "progress": 0, "OS-EXT-STS:power_state": 0, "config_drive": "", "metadata": {}}}
2015-12-16 18:05:02,523 24923 INFO     [tempest_lib.common.rest_client] Request (TestNetworkAdvancedServerOps:test_server_connectivity_pause_unpause): 200 GET http://10.0.2.15:8774/v2.1/f54ce646b449416084cfb363d1e48a7c/servers/de7278e9-86c6-41aa-a24d-705bd96aab5b 0.191s
2015-12-16 18:05:02,523 24923 DEBUG    [tempest_lib.common.rest_client] Request - Headers: {'Content-Type': 'application/json', 'Accept': 'application/json', 'X-Auth-Token': '&lt;omitted&gt;'}
        Body: None
    Response - Headers: {'status': '200', 'content-length': '1661', 'content-location': 'http://10.0.2.15:8774/v2.1/f54ce646b449416084cfb363d1e48a7c/servers/de7278e9-86c6-41aa-a24d-705bd96aab5b', 'x-compute-request-id': 'req-bf6f7887-a74e-4830-a5a0-2cda580f0622', 'vary': 'X-OpenStack-Nova-API-Version', 'connection': 'close', 'x-openstack-nova-api-version': '2.1', 'date': 'Wed, 16 Dec 2015 18:05:02 GMT', 'content-type': 'application/json'}
        Body: {"server": {"status": "ACTIVE", "updated": "2015-12-16T18:05:01Z", "hostId": "ff8eb404f9d1bd137ad0aba0e6282a97389a3def88c3458b1a6995f2", "addresses": {"tempest-network-smoke--400133307": [{"OS-EXT-IPS-MAC:mac_addr": "fa:16:3e:85:81:96", "version": 4, "addr": "10.100.0.3", "OS-EXT-IPS:type": "fixed"}]}, "links": [{"href": "http://10.0.2.15:8774/v2.1/f54ce646b449416084cfb363d1e48a7c/servers/de7278e9-86c6-41aa-a24d-705bd96aab5b", "rel": "self"}, {"href": "http://10.0.2.15:8774/f54ce646b449416084cfb363d1e48a7c/servers/de7278e9-86c6-41aa-a24d-705bd96aab5b", "rel": "bookmark"}], "key_name": "tempest-TestNetworkAdvancedServerOps-917348899", "image": {"id": "4bf4df57-613a-4328-842c-24b540685085", "links": [{"href": "http://10.0.2.15:8774/f54ce646b449416084cfb363d1e48a7c/images/4bf4df57-613a-4328-842c-24b540685085", "rel": "bookmark"}]}, "OS-EXT-STS:task_state": null, "OS-EXT-STS:vm_state": "active", "OS-SRV-USG:launched_at": "2015-12-16T18:05:01.000000", "flavor": {"id": "42", "links": [{"href": "http://10.0.2.15:8774/f54ce646b449416084cfb363d1e48a7c/flavors/42", "rel": "bookmark"}]}, "id": "de7278e9-86c6-41aa-a24d-705bd96aab5b", "security_groups": [{"name": "tempest-secgroup-smoke-2039855947"}], "OS-SRV-USG:terminated_at": null, "OS-EXT-AZ:availability_zone": "nova", "user_id": "8f49cc103ded44538d3f3be470ad3dba", "name": "tempest.common.compute-instance-1540165035", "created": "2015-12-16T18:04:57Z", "tenant_id": "f54ce646b449416084cfb363d1e48a7c", "OS-DCF:diskConfig": "MANUAL", "os-extended-volumes:volumes_attached": [], "accessIPv4": "", "accessIPv6": "", "progress": 0, "OS-EXT-STS:power_state": 1, "config_drive": "True", "metadata": {}}}
2015-12-16 18:05:02,537 24923 INFO     [tempest.common.waiters] State transition "BUILD/spawning" ==&gt; "ACTIVE/None" after 5 second wait
2015-12-16 18:05:02,732 24923 INFO     [tempest_lib.common.rest_client] Request (TestNetworkAdvancedServerOps:test_server_connectivity_pause_unpause): 200 GET http://10.0.2.15:8774/v2.1/f54ce646b449416084cfb363d1e48a7c/servers/de7278e9-86c6-41aa-a24d-705bd96aab5b 0.193s
2015-12-16 18:05:02,732 24923 DEBUG    [tempest_lib.common.rest_client] Request - Headers: {'Content-Type': 'application/json', 'Accept': 'application/json', 'X-Auth-Token': '&lt;omitted&gt;'}
        Body: None
    Response - Headers: {'status': '200', 'content-length': '1661', 'content-location': 'http://10.0.2.15:8774/v2.1/f54ce646b449416084cfb363d1e48a7c/servers/de7278e9-86c6-41aa-a24d-705bd96aab5b', 'x-compute-request-id': 'req-23c2fb34-a30e-480a-af18-2b74ed97d93b', 'vary': 'X-OpenStack-Nova-API-Version', 'connection': 'close', 'x-openstack-nova-api-version': '2.1', 'date': 'Wed, 16 Dec 2015 18:05:02 GMT', 'content-type': 'application/json'}
        Body: {"server": {"status": "ACTIVE", "updated": "2015-12-16T18:05:01Z", "hostId": "ff8eb404f9d1bd137ad0aba0e6282a97389a3def88c3458b1a6995f2", "addresses": {"tempest-network-smoke--400133307": [{"OS-EXT-IPS-MAC:mac_addr": "fa:16:3e:85:81:96", "version": 4, "addr": "10.100.0.3", "OS-EXT-IPS:type": "fixed"}]}, "links": [{"href": "http://10.0.2.15:8774/v2.1/f54ce646b449416084cfb363d1e48a7c/servers/de7278e9-86c6-41aa-a24d-705bd96aab5b", "rel": "self"}, {"href": "http://10.0.2.15:8774/f54ce646b449416084cfb363d1e48a7c/servers/de7278e9-86c6-41aa-a24d-705bd96aab5b", "rel": "bookmark"}], "key_name": "tempest-TestNetworkAdvancedServerOps-917348899", "image": {"id": "4bf4df57-613a-4328-842c-24b540685085", "links": [{"href": "http://10.0.2.15:8774/f54ce646b449416084cfb363d1e48a7c/images/4bf4df57-613a-4328-842c-24b540685085", "rel": "bookmark"}]}, "OS-EXT-STS:task_state": null, "OS-EXT-STS:vm_state": "active", "OS-SRV-USG:launched_at": "2015-12-16T18:05:01.000000", "flavor": {"id": "42", "links": [{"href": "http://10.0.2.15:8774/f54ce646b449416084cfb363d1e48a7c/flavors/42", "rel": "bookmark"}]}, "id": "de7278e9-86c6-41aa-a24d-705bd96aab5b", "security_groups": [{"name": "tempest-secgroup-smoke-2039855947"}], "OS-SRV-USG:terminated_at": null, "OS-EXT-AZ:availability_zone": "nova", "user_id": "8f49cc103ded44538d3f3be470ad3dba", "name": "tempest.common.compute-instance-1540165035", "created": "2015-12-16T18:04:57Z", "tenant_id": "f54ce646b449416084cfb363d1e48a7c", "OS-DCF:diskConfig": "MANUAL", "os-extended-volumes:volumes_attached": [], "accessIPv4": "", "accessIPv6": "", "progress": 0, "OS-EXT-STS:power_state": 1, "config_drive": "True", "metadata": {}}}
2015-12-16 18:05:02,776 24923 INFO     [tempest_lib.common.rest_client] Request (TestNetworkAdvancedServerOps:test_server_connectivity_pause_unpause): 200 GET http://10.0.2.15:9696/v2.0/ports?status=ACTIVE&amp;fixed_ip=None&amp;device_id=de7278e9-86c6-41aa-a24d-705bd96aab5b 0.030s
2015-12-16 18:05:02,777 24923 DEBUG    [tempest_lib.common.rest_client] Request - Headers: {'Content-Type': 'application/json', 'Accept': 'application/json', 'X-Auth-Token': '&lt;omitted&gt;'}
        Body: None
    Response - Headers: {'status': '200', 'content-length': '895', 'content-location': 'http://10.0.2.15:9696/v2.0/ports?status=ACTIVE&amp;fixed_ip=None&amp;device_id=de7278e9-86c6-41aa-a24d-705bd96aab5b', 'connection': 'close', 'date': 'Wed, 16 Dec 2015 18:05:02 GMT', 'content-type': 'application/json; charset=UTF-8', 'x-openstack-request-id': 'req-517b1cc8-e41f-449a-a8f5-4a9cfded050f'}
        Body: {"ports": [{"status": "ACTIVE", "binding:host_id": "vagrant-ubuntu-trusty-64", "allowed_address_pairs": [], "extra_dhcp_opts": [], "dns_assignment": [{"hostname": "host-10-100-0-3", "ip_address": "10.100.0.3", "fqdn": "host-10-100-0-3.openstacklocal."}], "device_owner": "compute:None", "port_security_enabled": true, "binding:profile": {}, "fixed_ips": [{"subnet_id": "726b6a22-4d8f-46e6-901b-c1ba7392791d", "ip_address": "10.100.0.3"}], "id": "3410c3b1-026d-4e96-8e25-e1430053f4ac", "security_groups": ["16b531bf-37b9-4396-a215-191bcd2f2c5a"], "device_id": "de7278e9-86c6-41aa-a24d-705bd96aab5b", "name": "", "admin_state_up": true, "network_id": "b577541a-a90e-4065-aac3-23e7b760b808", "dns_name": "", "binding:vif_details": {"port_filter": true}, "binding:vnic_type": "normal", "binding:vif_type": "ovs", "tenant_id": "f54ce646b449416084cfb363d1e48a7c", "mac_address": "fa:16:3e:85:81:96"}]}
2015-12-16 18:05:03,212 24923 INFO     [tempest_lib.common.rest_client] Request (TestNetworkAdvancedServerOps:test_server_connectivity_pause_unpause): 201 POST http://10.0.2.15:9696/v2.0/floatingips 0.433s
2015-12-16 18:05:03,212 24923 DEBUG    [tempest_lib.common.rest_client] Request - Headers: {'Content-Type': 'application/json', 'Accept': 'application/json', 'X-Auth-Token': '&lt;omitted&gt;'}
        Body: {"floatingip": {"floating_network_id": "55b8ea04-f88e-41e0-9d5e-066a2519a1b9", "tenant_id": "f54ce646b449416084cfb363d1e48a7c", "fixed_ip_address": "10.100.0.3", "port_id": "3410c3b1-026d-4e96-8e25-e1430053f4ac"}}
    Response - Headers: {'status': '201', 'content-length': '367', 'connection': 'close', 'date': 'Wed, 16 Dec 2015 18:05:03 GMT', 'content-type': 'application/json; charset=UTF-8', 'x-openstack-request-id': 'req-0561ea34-63ac-4ad5-88f2-0c10cd1720a9'}
        Body: {"floatingip": {"floating_network_id": "55b8ea04-f88e-41e0-9d5e-066a2519a1b9", "router_id": "b0c623ee-1570-431c-a973-23051e3f40c4", "fixed_ip_address": "10.100.0.3", "floating_ip_address": "172.24.4.4", "tenant_id": "f54ce646b449416084cfb363d1e48a7c", "status": "DOWN", "port_id": "3410c3b1-026d-4e96-8e25-e1430053f4ac", "id": "c9e6289a-1237-4c6d-935c-ae92ab1c0a07"}}
2015-12-16 18:05:03,426 24923 INFO     [tempest_lib.common.rest_client] Request (TestNetworkAdvancedServerOps:test_server_connectivity_pause_unpause): 200 GET http://10.0.2.15:8774/v2.1/f54ce646b449416084cfb363d1e48a7c/servers/de7278e9-86c6-41aa-a24d-705bd96aab5b 0.213s
2015-12-16 18:05:03,426 24923 DEBUG    [tempest_lib.common.rest_client] Request - Headers: {'Content-Type': 'application/json', 'Accept': 'application/json', 'X-Auth-Token': '&lt;omitted&gt;'}
        Body: None
    Response - Headers: {'status': '200', 'content-length': '1661', 'content-location': 'http://10.0.2.15:8774/v2.1/f54ce646b449416084cfb363d1e48a7c/servers/de7278e9-86c6-41aa-a24d-705bd96aab5b', 'x-compute-request-id': 'req-384dad4d-8342-4fc3-a183-caf3900921b7', 'vary': 'X-OpenStack-Nova-API-Version', 'connection': 'close', 'x-openstack-nova-api-version': '2.1', 'date': 'Wed, 16 Dec 2015 18:05:03 GMT', 'content-type': 'application/json'}
        Body: {"server": {"status": "ACTIVE", "updated": "2015-12-16T18:05:01Z", "hostId": "ff8eb404f9d1bd137ad0aba0e6282a97389a3def88c3458b1a6995f2", "addresses": {"tempest-network-smoke--400133307": [{"OS-EXT-IPS-MAC:mac_addr": "fa:16:3e:85:81:96", "version": 4, "addr": "10.100.0.3", "OS-EXT-IPS:type": "fixed"}]}, "links": [{"href": "http://10.0.2.15:8774/v2.1/f54ce646b449416084cfb363d1e48a7c/servers/de7278e9-86c6-41aa-a24d-705bd96aab5b", "rel": "self"}, {"href": "http://10.0.2.15:8774/f54ce646b449416084cfb363d1e48a7c/servers/de7278e9-86c6-41aa-a24d-705bd96aab5b", "rel": "bookmark"}], "key_name": "tempest-TestNetworkAdvancedServerOps-917348899", "image": {"id": "4bf4df57-613a-4328-842c-24b540685085", "links": [{"href": "http://10.0.2.15:8774/f54ce646b449416084cfb363d1e48a7c/images/4bf4df57-613a-4328-842c-24b540685085", "rel": "bookmark"}]}, "OS-EXT-STS:task_state": null, "OS-EXT-STS:vm_state": "active", "OS-SRV-USG:launched_at": "2015-12-16T18:05:01.000000", "flavor": {"id": "42", "links": [{"href": "http://10.0.2.15:8774/f54ce646b449416084cfb363d1e48a7c/flavors/42", "rel": "bookmark"}]}, "id": "de7278e9-86c6-41aa-a24d-705bd96aab5b", "security_groups": [{"name": "tempest-secgroup-smoke-2039855947"}], "OS-SRV-USG:terminated_at": null, "OS-EXT-AZ:availability_zone": "nova", "user_id": "8f49cc103ded44538d3f3be470ad3dba", "name": "tempest.common.compute-instance-1540165035", "created": "2015-12-16T18:04:57Z", "tenant_id": "f54ce646b449416084cfb363d1e48a7c", "OS-DCF:diskConfig": "MANUAL", "os-extended-volumes:volumes_attached": [], "accessIPv4": "", "accessIPv6": "", "progress": 0, "OS-EXT-STS:power_state": 1, "config_drive": "True", "metadata": {}}}
2015-12-16 18:05:03,435 24923 INFO     [tempest.scenario.manager] Tenant networks not configured to be reachable.
2015-12-16 18:05:03,448 24923 INFO     [tempest_lib.common.rest_client] Request (TestNetworkAdvancedServerOps:test_server_connectivity_pause_unpause): 200 GET http://10.0.2.15:9696/v2.0/floatingips/c9e6289a-1237-4c6d-935c-ae92ab1c0a07 0.012s
2015-12-16 18:05:03,448 24923 DEBUG    [tempest_lib.common.rest_client] Request - Headers: {'Content-Type': 'application/json', 'Accept': 'application/json', 'X-Auth-Token': '&lt;omitted&gt;'}
        Body: None
    Response - Headers: {'status': '200', 'content-length': '367', 'content-location': 'http://10.0.2.15:9696/v2.0/floatingips/c9e6289a-1237-4c6d-935c-ae92ab1c0a07', 'connection': 'close', 'date': 'Wed, 16 Dec 2015 18:05:03 GMT', 'content-type': 'application/json; charset=UTF-8', 'x-openstack-request-id': 'req-61a3e1c5-09d8-4107-8fdb-39841e6beb24'}
        Body: {"floatingip": {"floating_network_id": "55b8ea04-f88e-41e0-9d5e-066a2519a1b9", "router_id": "b0c623ee-1570-431c-a973-23051e3f40c4", "fixed_ip_address": "10.100.0.3", "floating_ip_address": "172.24.4.4", "tenant_id": "f54ce646b449416084cfb363d1e48a7c", "status": "DOWN", "port_id": "3410c3b1-026d-4e96-8e25-e1430053f4ac", "id": "c9e6289a-1237-4c6d-935c-ae92ab1c0a07"}}
2015-12-16 18:05:04,464 24923 INFO     [tempest_lib.common.rest_client] Request (TestNetworkAdvancedServerOps:test_server_connectivity_pause_unpause): 200 GET http://10.0.2.15:9696/v2.0/floatingips/c9e6289a-1237-4c6d-935c-ae92ab1c0a07 0.014s
2015-12-16 18:05:04,465 24923 DEBUG    [tempest_lib.common.rest_client] Request - Headers: {'Content-Type': 'application/json', 'Accept': 'application/json', 'X-Auth-Token': '&lt;omitted&gt;'}
        Body: None
    Response - Headers: {'status': '200', 'content-length': '369', 'content-location': 'http://10.0.2.15:9696/v2.0/floatingips/c9e6289a-1237-4c6d-935c-ae92ab1c0a07', 'connection': 'close', 'date': 'Wed, 16 Dec 2015 18:05:04 GMT', 'content-type': 'application/json; charset=UTF-8', 'x-openstack-request-id': 'req-24eae36e-faa1-4104-8db0-520811cfb22d'}
        Body: {"floatingip": {"floating_network_id": "55b8ea04-f88e-41e0-9d5e-066a2519a1b9", "router_id": "b0c623ee-1570-431c-a973-23051e3f40c4", "fixed_ip_address": "10.100.0.3", "floating_ip_address": "172.24.4.4", "tenant_id": "f54ce646b449416084cfb363d1e48a7c", "status": "ACTIVE", "port_id": "3410c3b1-026d-4e96-8e25-e1430053f4ac", "id": "c9e6289a-1237-4c6d-935c-ae92ab1c0a07"}}
2015-12-16 18:05:04,465 24923 INFO     [tempest.scenario.manager] FloatingIP: &lt;"FloatingIP" addr="172.24.4.4" id="c9e6289a-1237-4c6d-935c-ae92ab1c0a07"&gt; is at status: ACTIVE
2015-12-16 18:05:04,465 24923 DEBUG    [tempest.scenario.manager] checking network connections to IP 172.24.4.4 with user: cirros
2015-12-16 18:05:04,466 24923 DEBUG    [tempest.scenario.manager] TestNetworkAdvancedServerOps:test_server_connectivity_pause_unpause begins to ping 172.24.4.4 in 120 sec and the expected result is reachable
2015-12-16 18:07:05,785 24923 DEBUG    [tempest.scenario.manager] TestNetworkAdvancedServerOps:test_server_connectivity_pause_unpause finishes ping 172.24.4.4 in 120 sec and the ping result is unexpected
2015-12-16 18:07:05,787 24923 ERROR    [tempest.scenario.manager] Public network connectivity check failed
2015-12-16 18:07:05.787 24923 ERROR tempest.scenario.manager Traceback (most recent call last):
2015-12-16 18:07:05.787 24923 ERROR tempest.scenario.manager   File "tempest/scenario/manager.py", line 608, in check_public_network_connectivity
2015-12-16 18:07:05.787 24923 ERROR tempest.scenario.manager     should_connect=should_connect)
2015-12-16 18:07:05.787 24923 ERROR tempest.scenario.manager   File "tempest/scenario/manager.py", line 592, in check_vm_connectivity
2015-12-16 18:07:05.787 24923 ERROR tempest.scenario.manager     msg=msg)
2015-12-16 18:07:05.787 24923 ERROR tempest.scenario.manager   File "/usr/local/lib/python2.7/dist-packages/unittest2/case.py", line 702, in assertTrue
2015-12-16 18:07:05.787 24923 ERROR tempest.scenario.manager     raise self.failureException(msg)
2015-12-16 18:07:05.787 24923 ERROR tempest.scenario.manager AssertionError: False is not true : Timed out waiting for 172.24.4.4 to become reachable
2015-12-16 18:07:05.787 24923 ERROR tempest.scenario.manager 
2015-12-16 18:07:05,991 24923 INFO     [tempest_lib.common.rest_client] Request (TestNetworkAdvancedServerOps:test_server_connectivity_pause_unpause): 200 POST http://10.0.2.15:8774/v2.1/f54ce646b449416084cfb363d1e48a7c/servers/de7278e9-86c6-41aa-a24d-705bd96aab5b/action 0.200s
2015-12-16 18:07:05,991 24923 DEBUG    [tempest_lib.common.rest_client] Request - Headers: {'Content-Type': 'application/json', 'Accept': 'application/json', 'X-Auth-Token': '&lt;omitted&gt;'}
        Body: {"os-getConsoleOutput": {}}
    Response - Headers: {'status': '200', 'content-length': '17428', 'x-compute-request-id': 'req-0b0de84a-6cf5-44b7-8577-62a56f955cdb', 'vary': 'X-OpenStack-Nova-API-Version', 'connection': 'close', 'x-openstack-nova-api-version': '2.1', 'date': 'Wed, 16 Dec 2015 18:07:05 GMT', 'content-type': 'application/json'}
        Body: {"output": "[    0.000000] Initializing cgroup subsys cpuset\n[    0.000000] Initializing cgroup subsys cpu\n[    0.000000] Linux version 3.2.0-80-virtual (buildd@batsu) (gcc version 4.6.3 (Ubuntu/Linaro 4.6.3-1ubuntu5) ) #116-Ubuntu SMP Mon Mar 23 17:28:52 UTC 2015 (Ubuntu 3.2.0-80.116-virtual 3.2.68)\n[    0.000000] Command line: root=/dev/vda console=tty0 console=ttyS0 no_timer_check\n[    0.000000] KERNEL supported cpus:\n[    0.000000]   Intel GenuineIntel\n[    0.000000]   AMD AuthenticAMD\n[    0.000000]   Centaur CentaurHauls\n[    0.000000] BIOS-provided physical RAM map:\n[    0.000000]  BIOS-e820: 0000000000000000 - 000000000009fc00 (usable)\n[    0.000000]  BIOS-e820: 000000000009fc00 - 00000000000a0000 (reserved)\n[    0.000000]  BIOS-e820: 00000000000f0000 - 0000000000100000 (reserved)\n[    0.000000]  BIOS-e820: 0000000000100000 - 0000000003ffe000 (usable)\n[    0.000000]  BIOS-e820: 0000000003ffe000 - 0000000004000000 (reserved)\n[    0.000000]  BIOS-e820: 00000000fffc0000 - 0000000100000000 (reserved)\n[    0.000000] NX (Execute Disable) protection: active\n[    0.000000] SMBIOS 2.4 present.\n[    0.000000] No AGP bridge found\n[    0.000000] last_pfn = 0x3ffe max_arch_pfn = 0x400000000\n[    0.000000] x86 PAT enabled: cpu 0, old 0x7040600070406, new 0x7010600070106\n[    0.000000] found SMP MP-table at [ffff8800000f0b00] f0b00\n[    0.000000] init_memory_mapping: 0000000000000000-0000000003ffe000\n[    0.000000] RAMDISK: 03c5e000 - 03ff0000\n[    0.000000] ACPI: RSDP 00000000000f0950 00014 (v00 BOCHS )\n[    0.000000] ACPI: RSDT 0000000003fffbc1 00034 (v01 BOCHS  BXPCRSDT 00000001 BXPC 00000001)\n[    0.000000] ACPI: FACP 0000000003fff1c0 00074 (v01 BOCHS  BXPCFACP 00000001 BXPC 00000001)\n[    0.000000] ACPI: DSDT 0000000003ffe040 01180 (v01 BOCHS  BXPCDSDT 00000001 BXPC 00000001)\n[    0.000000] ACPI: FACS 0000000003ffe000 00040\n[    0.000000] ACPI: SSDT 0000000003fff234 008DD (v01 BOCHS  BXPCSSDT 00000001 BXPC 00000001)\n[    0.000000] ACPI: APIC 0000000003fffb11 00078 (v01 BOCHS  BXPCAPIC 00000001 BXPC 00000001)\n[    0.000000] ACPI: HPET 0000000003fffb89 00038 (v01 BOCHS  BXPCHPET 00000001 BXPC 00000001)\n[    0.000000] No NUMA configuration found\n[    0.000000] Faking a node at 0000000000000000-0000000003ffe000\n[    0.000000] Initmem setup node 0 0000000000000000-0000000003ffe000\n[    0.000000]   NODE_DATA [0000000003ff6000 - 0000000003ffafff]\n[    0.000000] Zone PFN ranges:\n[    0.000000]   DMA      0x00000010 -&gt; 0x00001000\n[    0.000000]   DMA32    0x00001000 -&gt; 0x00100000\n[    0.000000]   Normal   empty\n[    0.000000] Movable zone start PFN for each node\n[    0.000000] early_node_map[2] active PFN ranges\n[    0.000000]     0: 0x00000010 -&gt; 0x0000009f\n[    0.000000]     0: 0x00000100 -&gt; 0x00003ffe\n[    0.000000] ACPI: PM-Timer IO Port: 0xb008\n[    0.000000] ACPI: LAPIC (acpi_id[0x00] lapic_id[0x00] enabled)\n[    0.000000] ACPI: LAPIC_NMI (acpi_id[0xff] dfl dfl lint[0x1])\n[    0.000000] ACPI: IOAPIC (id[0x00] address[0xfec00000] gsi_base[0])\n[    0.000000] IOAPIC[0]: apic_id 0, version 17, address 0xfec00000, GSI 0-23\n[    0.000000] ACPI: INT_SRC_OVR (bus 0 bus_irq 0 global_irq 2 dfl dfl)\n[    0.000000] ACPI: INT_SRC_OVR (bus 0 bus_irq 5 global_irq 5 high level)\n[    0.000000] ACPI: INT_SRC_OVR (bus 0 bus_irq 9 global_irq 9 high level)\n[    0.000000] ACPI: INT_SRC_OVR (bus 0 bus_irq 10 global_irq 10 high level)\n[    0.000000] ACPI: INT_SRC_OVR (bus 0 bus_irq 11 global_irq 11 high level)\n[    0.000000] Using ACPI (MADT) for SMP configuration information\n[    0.000000] ACPI: HPET id: 0x8086a201 base: 0xfed00000\n[    0.000000] SMP: Allowing 1 CPUs, 0 hotplug CPUs\n[    0.000000] PM: Registered nosave memory: 000000000009f000 - 00000000000a0000\n[    0.000000] PM: Registered nosave memory: 00000000000a0000 - 00000000000f0000\n[    0.000000] PM: Registered nosave memory: 00000000000f0000 - 0000000000100000\n[    0.000000] Allocating PCI resources starting at 4000000 (gap: 4000000:fbfc0000)\n[    0.000000] Booting paravirtualized kernel on bare hardware\n[    0.000000] setup_pe
2015-12-16 18:07:05,995 24923 DEBUG    [tempest.scenario.manager] Console output for de7278e9-86c6-41aa-a24d-705bd96aab5b
body=
[    0.000000] Initializing cgroup subsys cpuset
[    0.000000] Initializing cgroup subsys cpu
[    0.000000] Linux version 3.2.0-80-virtual (buildd@batsu) (gcc version 4.6.3 (Ubuntu/Linaro 4.6.3-1ubuntu5) ) #116-Ubuntu SMP Mon Mar 23 17:28:52 UTC 2015 (Ubuntu 3.2.0-80.116-virtual 3.2.68)
[    0.000000] Command line: root=/dev/vda console=tty0 console=ttyS0 no_timer_check
[    0.000000] KERNEL supported cpus:
[    0.000000]   Intel GenuineIntel
[    0.000000]   AMD AuthenticAMD
[    0.000000]   Centaur CentaurHauls
[    0.000000] BIOS-provided physical RAM map:
[    0.000000]  BIOS-e820: 0000000000000000 - 000000000009fc00 (usable)
[    0.000000]  BIOS-e820: 000000000009fc00 - 00000000000a0000 (reserved)
[    0.000000]  BIOS-e820: 00000000000f0000 - 0000000000100000 (reserved)
[    0.000000]  BIOS-e820: 0000000000100000 - 0000000003ffe000 (usable)
[    0.000000]  BIOS-e820: 0000000003ffe000 - 0000000004000000 (reserved)
[    0.000000]  BIOS-e820: 00000000fffc0000 - 0000000100000000 (reserved)
[    0.000000] NX (Execute Disable) protection: active
[    0.000000] SMBIOS 2.4 present.
[    0.000000] No AGP bridge found
[    0.000000] last_pfn = 0x3ffe max_arch_pfn = 0x400000000
[    0.000000] x86 PAT enabled: cpu 0, old 0x7040600070406, new 0x7010600070106
[    0.000000] found SMP MP-table at [ffff8800000f0b00] f0b00
[    0.000000] init_memory_mapping: 0000000000000000-0000000003ffe000
[    0.000000] RAMDISK: 03c5e000 - 03ff0000
[    0.000000] ACPI: RSDP 00000000000f0950 00014 (v00 BOCHS )
[    0.000000] ACPI: RSDT 0000000003fffbc1 00034 (v01 BOCHS  BXPCRSDT 00000001 BXPC 00000001)
[    0.000000] ACPI: FACP 0000000003fff1c0 00074 (v01 BOCHS  BXPCFACP 00000001 BXPC 00000001)
[    0.000000] ACPI: DSDT 0000000003ffe040 01180 (v01 BOCHS  BXPCDSDT 00000001 BXPC 00000001)
[    0.000000] ACPI: FACS 0000000003ffe000 00040
[    0.000000] ACPI: SSDT 0000000003fff234 008DD (v01 BOCHS  BXPCSSDT 00000001 BXPC 00000001)
[    0.000000] ACPI: APIC 0000000003fffb11 00078 (v01 BOCHS  BXPCAPIC 00000001 BXPC 00000001)
[    0.000000] ACPI: HPET 0000000003fffb89 00038 (v01 BOCHS  BXPCHPET 00000001 BXPC 00000001)
[    0.000000] No NUMA configuration found
[    0.000000] Faking a node at 0000000000000000-0000000003ffe000
[    0.000000] Initmem setup node 0 0000000000000000-0000000003ffe000
[    0.000000]   NODE_DATA [0000000003ff6000 - 0000000003ffafff]
[    0.000000] Zone PFN ranges:
[    0.000000]   DMA      0x00000010 -&gt; 0x00001000
[    0.000000]   DMA32    0x00001000 -&gt; 0x00100000
[    0.000000]   Normal   empty
[    0.000000] Movable zone start PFN for each node
[    0.000000] early_node_map[2] active PFN ranges
[    0.000000]     0: 0x00000010 -&gt; 0x0000009f
[    0.000000]     0: 0x00000100 -&gt; 0x00003ffe
[    0.000000] ACPI: PM-Timer IO Port: 0xb008
[    0.000000] ACPI: LAPIC (acpi_id[0x00] lapic_id[0x00] enabled)
[    0.000000] ACPI: LAPIC_NMI (acpi_id[0xff] dfl dfl lint[0x1])
[    0.000000] ACPI: IOAPIC (id[0x00] address[0xfec00000] gsi_base[0])
[    0.000000] IOAPIC[0]: apic_id 0, version 17, address 0xfec00000, GSI 0-23
[    0.000000] ACPI: INT_SRC_OVR (bus 0 bus_irq 0 global_irq 2 dfl dfl)
[    0.000000] ACPI: INT_SRC_OVR (bus 0 bus_irq 5 global_irq 5 high level)
[    0.000000] ACPI: INT_SRC_OVR (bus 0 bus_irq 9 global_irq 9 high level)
[    0.000000] ACPI: INT_SRC_OVR (bus 0 bus_irq 10 global_irq 10 high level)
[    0.000000] ACPI: INT_SRC_OVR (bus 0 bus_irq 11 global_irq 11 high level)
[    0.000000] Using ACPI (MADT) for SMP configuration information
[    0.000000] ACPI: HPET id: 0x8086a201 base: 0xfed00000
[    0.000000] SMP: Allowing 1 CPUs, 0 hotplug CPUs
[    0.000000] PM: Registered nosave memory: 000000000009f000 - 00000000000a0000
[    0.000000] PM: Registered nosave memory: 00000000000a0000 - 00000000000f0000
[    0.000000] PM: Registered nosave memory: 00000000000f0000 - 0000000000100000
[    0.000000] Allocating PCI resources starting at 4000000 (gap: 4000000:fbfc0000)
[    0.000000] Booting paravirtualized kernel on bare hardware
[    0.000000] setup_percpu: NR_CPUS:64 nr_cpumask_bits:64 nr_cpu_ids:1 nr_node_ids:1
[    0.000000] PERCPU: Embedded 27 pages/cpu @ffff880003a00000 s78848 r8192 d23552 u2097152
[    0.000000] Built 1 zonelists in Node order, mobility grouping on.  Total pages: 16008
[    0.000000] Policy zone: DMA32
[    0.000000] Kernel command line: root=/dev/vda console=tty0 console=ttyS0 no_timer_check
[    0.000000] PID hash table entries: 256 (order: -1, 2048 bytes)
[    0.000000] Checking aperture...
[    0.000000] No AGP bridge found
[    0.000000] Memory: 43492k/65528k available (6576k kernel code, 452k absent, 21584k reserved, 6620k data, 928k init)
[    0.000000] SLUB: Genslabs=15, HWalign=64, Order=0-3, MinObjects=0, CPUs=1, Nodes=1
[    0.000000] Hierarchical RCU implementation.
[    0.000000] 	RCU dyntick-idle grace-period acceleration is enabled.
[    0.000000] NR_IRQS:4352 nr_irqs:256 16
[    0.000000] Console: colour VGA+ 80x25
[    0.000000] console [tty0] enabled
[    0.000000] console [ttyS0] enabled
[    0.000000] allocated 1048576 bytes of page_cgroup
[    0.000000] please try 'cgroup_disable=memory' option if you don't want memory cgroups
[    0.000000] Fast TSC calibration failed
[    0.000000] TSC: Unable to calibrate against PIT
[    0.000000] TSC: using HPET reference calibration
[    0.000000] Detected 2295.093 MHz processor.
[    0.036643] Calibrating delay loop (skipped), value calculated using timer frequency.. 4590.18 BogoMIPS (lpj=9180372)
[    0.038891] pid_max: default: 32768 minimum: 301
[    0.046971] Security Framework initialized
[    0.051354] AppArmor: AppArmor initialized
[    0.052115] Yama: becoming mindful.
[    0.058826] Dentry cache hash table entries: 8192 (order: 4, 65536 bytes)
[    0.060587] Inode-cache hash table entries: 4096 (order: 3, 32768 bytes)
[    0.062146] Mount-cache hash table entries: 256
[    0.077447] Initializing cgroup subsys cpuacct
[    0.078548] Initializing cgroup subsys memory
[    0.080593] Initializing cgroup subsys devices
[    0.081362] Initializing cgroup subsys freezer
[    0.082065] Initializing cgroup subsys blkio
[    0.082988] Initializing cgroup subsys perf_event
[    0.087120] mce: CPU supports 10 MCE banks
[    0.090664] SMP alternatives: switching to UP code
[    0.460410] Freeing SMP alternatives: 24k freed
[    0.462282] ACPI: Core revision 20110623
[    0.513966] ftrace: allocating 26610 entries in 105 pages
[    0.547578] ..TIMER: vector=0x30 apic1=0 pin1=2 apic2=-1 pin2=-1
[    0.548290] CPU0: AMD QEMU Virtual CPU version 2.0.0 stepping 03
[    0.556034] Performance Events: Broken PMU hardware detected, using software events only.
[    0.564722] NMI watchdog disabled (cpu0): hardware events not enabled
[    0.567010] Brought up 1 CPUs
[    0.568349] Total of 1 processors activated (4590.18 BogoMIPS).
[    0.608823] devtmpfs: initialized
[    0.649698] EVM: security.selinux
[    0.650196] EVM: security.SMACK64
[    0.650621] EVM: security.capability
[    0.683274] print_constraints: dummy: 
[    0.685256] RTC time: 18:05:04, date: 12/16/15
[    0.687084] NET: Registered protocol family 16
[    0.698174] ACPI: bus type pci registered
[    0.705749] PCI: Using configuration type 1 for base access
[    0.741409] bio: create slab &lt;bio-0&gt; at 0
[    0.746332] ACPI: Added _OSI(Module Device)
[    0.747066] ACPI: Added _OSI(Processor Device)
[    0.748110] ACPI: Added _OSI(3.0 _SCP Extensions)
[    0.748730] ACPI: Added _OSI(Processor Aggregator Device)
[    0.843405] ACPI: Interpreter enabled
[    0.844184] ACPI: (supports S0 S3 S4 S5)
[    0.845493] ACPI: Using IOAPIC for interrupt routing
[    0.920564] ACPI: No dock devices found.
[    0.921199] HEST: Table not found.
[    0.921746] PCI: Using host bridge windows from ACPI; if necessary, use "pci=nocrs" and report a bug
[    0.930957] ACPI: PCI Root Bridge [PCI0] (domain 0000 [bus 00-ff])
[    0.938401] pci_root PNP0A03:00: host bridge window [io  0x0000-0x0cf7]
[    0.939385] pci_root PNP0A03:00: host bridge window [io  0x0d00-0xadff]
[    0.940109] pci_root PNP0A03:00: host bridge window [io  0xae0f-0xaeff]
[    0.940928] pci_root PNP0A03:00: host bridge window [io  0xaf20-0xafdf]
[    0.942165] pci_root PNP0A03:00: host bridge window [io  0xafe4-0xffff]
[    0.944169] pci_root PNP0A03:00: host bridge window [mem 0x000a0000-0x000bffff]
[    0.945024] pci_root PNP0A03:00: host bridge window [mem 0x04000000-0xfebfffff]
[    0.977582] pci 0000:00:01.3: quirk: [io  0xb000-0xb03f] claimed by PIIX4 ACPI
[    0.978729] pci 0000:00:01.3: quirk: [io  0xb100-0xb10f] claimed by PIIX4 SMB
[    1.057155]  pci0000:00: Unable to request _OSC control (_OSC support mask: 0x1e)
[    1.120553] ACPI: PCI Interrupt Link [LNKA] (IRQs 5 *10 11)
[    1.123076] ACPI: PCI Interrupt Link [LNKB] (IRQs 5 *10 11)
[    1.125268] ACPI: PCI Interrupt Link [LNKC] (IRQs 5 10 *11)
[    1.127353] ACPI: PCI Interrupt Link [LNKD] (IRQs 5 10 *11)
[    1.129031] ACPI: PCI Interrupt Link [LNKS] (IRQs *9)
[    1.135601] vgaarb: device added: PCI:0000:00:02.0,decodes=io+mem,owns=io+mem,locks=none
[    1.136211] vgaarb: loaded
[    1.136658] vgaarb: bridge control possible 0000:00:02.0
[    1.141611] i2c-core: driver [aat2870] using legacy suspend method
[    1.142528] i2c-core: driver [aat2870] using legacy resume method
[    1.146665] SCSI subsystem initialized
[    1.153179] usbcore: registered new interface driver usbfs
[    1.156572] usbcore: registered new interface driver hub
[    1.158557] usbcore: registered new device driver usb
[    1.165532] PCI: Using ACPI for IRQ routing
[    1.180576] NetLabel: Initializing
[    1.181219] NetLabel:  domain hash size = 128
[    1.181849] NetLabel:  protocols = UNLABELED CIPSOv4
[    1.184925] NetLabel:  unlabeled traffic allowed by default
[    1.187047] HPET: 3 timers in total, 0 timers will be used for per-cpu timer
[    1.188435] hpet0: at MMIO 0xfed00000, IRQs 2, 8, 0
[    1.189515] hpet0: 3 comparators, 64-bit 100.000000 MHz counter
[    1.198486] Switching to clocksource hpet
[    1.423033] AppArmor: AppArmor Filesystem Enabled
[    1.425152] pnp: PnP ACPI init
[    1.425758] ACPI: bus type pnp registered
[    1.447438] pnp: PnP ACPI: found 9 devices
[    1.448001] ACPI: ACPI bus type pnp unregistered
[    1.505652] NET: Registered protocol family 2
[    1.564123] IP route cache hash table entries: 512 (order: 0, 4096 bytes)
[    1.574720] TCP established hash table entries: 2048 (order: 3, 32768 bytes)
[    1.577351] TCP bind hash table entries: 2048 (order: 3, 32768 bytes)
[    1.578927] TCP: Hash tables configured (established 2048 bind 2048)
[    1.580101] TCP reno registered
[    1.581368] UDP hash table entries: 128 (order: 0, 4096 bytes)
[    1.581983] UDP-Lite hash table entries: 128 (order: 0, 4096 bytes)
[    1.585475] NET: Registered protocol family 1
[    1.586604] pci 0000:00:00.0: Limiting direct PCI/PCI transfers
[    1.587865] pci 0000:00:01.0: PIIX3: Enabling Passive Release
[    1.589829] pci 0000:00:01.0: Activating ISA DMA hang workarounds
[    1.595615] ACPI: PCI Interrupt Link [LNKD] enabled at IRQ 11
[    1.598257] pci 0000:00:01.2: PCI INT D -&gt; Link[LNKD] -&gt; GSI 11 (level, high) -&gt; IRQ 11
[    1.602199] pci 0000:00:01.2: PCI INT D disabled
[    1.623526] Trying to unpack rootfs image as initramfs...
[    1.643125] audit: initializing netlink socket (disabled)
[    1.646108] type=2000 audit(1450289104.640:1): initialized
[    1.922565] HugeTLB registered 2 MB page size, pre-allocated 0 pages
[    1.999393] VFS: Disk quotas dquot_6.5.2
[    2.001525] Dquot-cache hash table entries: 512 (order 0, 4096 bytes)
[    2.015621] fuse init (API version 7.17)
[    2.019253] msgmni has been set to 84
[    2.054549] Block layer SCSI generic (bsg) driver version 0.4 loaded (major 253)
[    2.056113] io scheduler noop registered
[    2.057827] io scheduler deadline registered (default)
[    2.058825] io scheduler cfq registered
[    2.062403] pci_hotplug: PCI Hot Plug PCI Core version: 0.5
[    2.064183] pciehp: PCI Express Hot Plug Controller Driver version: 0.4
[    2.070607] input: Power Button as /devices/LNXSYSTM:00/LNXPWRBN:00/input/input0
[    2.072584] ACPI: Power Button [PWRF]
[    2.117729] ERST: Table is not found!
[    2.118217] GHES: HEST is not enabled!
[    2.128337] ACPI: PCI Interrupt Link [LNKC] enabled at IRQ 10
[    2.130848] virtio-pci 0000:00:03.0: PCI INT A -&gt; Link[LNKC] -&gt; GSI 10 (level, high) -&gt; IRQ 10
[    2.141917] virtio-pci 0000:00:04.0: PCI INT A -&gt; Link[LNKD] -&gt; GSI 11 (level, high) -&gt; IRQ 11
[    2.163761] ACPI: PCI Interrupt Link [LNKA] enabled at IRQ 10
[    2.164819] virtio-pci 0000:00:05.0: PCI INT A -&gt; Link[LNKA] -&gt; GSI 10 (level, high) -&gt; IRQ 10
[    2.178111] Serial: 8250/16550 driver, 32 ports, IRQ sharing enabled
[    2.229577] serial8250: ttyS0 at I/O 0x3f8 (irq = 4) is a 16550A
[    2.320796] serial8250: ttyS1 at I/O 0x2f8 (irq = 3) is a 16550A
[    2.465346] 00:05: ttyS0 at I/O 0x3f8 (irq = 4) is a 16550A
[    2.553069] 00:06: ttyS1 at I/O 0x2f8 (irq = 3) is a 16550A
[    2.609788] Linux agpgart interface v0.103
[    2.618737] Refined TSC clocksource calibration: 2295.322 MHz.
[    2.619572] Switching to clocksource tsc
[    2.665859] brd: module loaded
[    2.698143] loop: module loaded
[    2.766088]  vda: unknown partition table
[    2.819915] scsi0 : ata_piix
[    2.825730] scsi1 : ata_piix
[    2.827081] ata1: PATA max MWDMA2 cmd 0x1f0 ctl 0x3f6 bmdma 0xc0a0 irq 14
[    2.827979] ata2: PATA max MWDMA2 cmd 0x170 ctl 0x376 bmdma 0xc0a8 irq 15
[    2.840076] Fixed MDIO Bus: probed
[    2.846187] tun: Universal TUN/TAP device driver, 1.6
[    2.847612] tun: (C) 1999-2004 Max Krasnyansky &lt;maxk@qualcomm.com&gt;
[    2.870973] PPP generic driver version 2.4.2
[    2.914089] ehci_hcd: USB 2.0 'Enhanced' Host Controller (EHCI) Driver
[    2.915298] ohci_hcd: USB 1.1 'Open' Host Controller (OHCI) Driver
[    2.916148] uhci_hcd: USB Universal Host Controller Interface driver
[    2.917990] uhci_hcd 0000:00:01.2: PCI INT D -&gt; Link[LNKD] -&gt; GSI 11 (level, high) -&gt; IRQ 11
[    2.921649] uhci_hcd 0000:00:01.2: UHCI Host Controller
[    2.929292] uhci_hcd 0000:00:01.2: new USB bus registered, assigned bus number 1
[    2.930859] uhci_hcd 0000:00:01.2: irq 11, io base 0x0000c040
[    2.963602] hub 1-0:1.0: USB hub found
[    2.965556] hub 1-0:1.0: 2 ports detected
[    2.977088] usbcore: registered new interface driver libusual
[    2.982093] i8042: PNP: PS/2 Controller [PNP0303:KBD,PNP0f13:MOU] at 0x60,0x64 irq 1,12
[    2.990859] serio: i8042 KBD port at 0x60,0x64 irq 1
[    2.992708] serio: i8042 AUX port at 0x60,0x64 irq 12
[    3.046964] mousedev: PS/2 mouse device common for all mice
[    3.061159] input: AT Translated Set 2 keyboard as /devices/platform/i8042/serio0/input/input1
[    3.081123] rtc_cmos 00:01: RTC can wake from S4
[    3.097365] rtc_cmos 00:01: rtc core: registered rtc_cmos as rtc0
[    3.102521] rtc0: alarms up to one day, 114 bytes nvram, hpet irqs
[    3.107257] device-mapper: uevent: version 1.0.3
[    3.121198] ata2.01: ATAPI: QEMU DVD-ROM, 2.0.0, max UDMA/100
[    3.139505] ata2.01: configured for MWDMA2
[    3.166298] device-mapper: ioctl: 4.22.0-ioctl (2011-10-19) initialised: dm-devel@redhat.com
[    3.170514] cpuidle: using governor ladder
[    3.172269] cpuidle: using governor menu
[    3.173962] EFI Variables Facility v0.08 2004-May-17
[    3.190724] TCP cubic registered
[    3.197829] NET: Registered protocol family 10
[    3.247931] NET: Registered protocol family 17
[    3.250913] Registering the dns_resolver key type
[    3.272103] scsi 1:0:1:0: CD-ROM            QEMU     QEMU DVD-ROM     2.0. PQ: 0 ANSI: 5
[    3.309901] sr0: scsi3-mmc drive: 4x/4x cd/rw xa/form2 tray
[    3.311208] cdrom: Uniform CD-ROM driver Revision: 3.20
[    3.318568] sr 1:0:1:0: Attached scsi generic sg0 type 5
[    3.391263] registered taskstats version 1
[    3.496661] Freeing initrd memory: 3656k freed
[    3.986297]   Magic number: 11:661:89
[    3.997912] rtc_cmos 00:01: setting system clock to 2015-12-16 18:05:07 UTC (1450289107)
[    4.000615] powernow-k8: Processor cpuid 663 not supported
[    4.008092] BIOS EDD facility v0.16 2004-Jun-25, 0 devices found
[    4.010911] EDD information not available.
[    4.090078] Freeing unused kernel memory: 928k freed
[    4.095850] Write protecting the kernel read-only data: 12288k
[    4.187824] Freeing unused kernel memory: 1596k freed
[    4.259093] Freeing unused kernel memory: 1184k freed

info: initramfs: up at 4.42
modprobe: module virtio_blk not found in modules.dep
modprobe: module virtio_net not found in modules.dep
info: copying initramfs to /dev/vda
info: initramfs loading root from /dev/vda
info: /etc/init.d/rc.sysinit: up at 8.72
info: container: none
Starting logging: OK
modprobe: module virtio_blk not found in modules.dep
modprobe: module virtio_net not found in modules.dep
WARN: /etc/rc3.d/S10-load-modules failed
Initializing random number generator... done.
Starting acpid: OK
cirros-ds 'local' up at 11.17
found datasource (configdrive, local)
Starting network...
udhcpc (v1.20.1) started
Sending discover...
Sending discover...

2015-12-16 18:07:06,197 24923 INFO     [tempest_lib.common.rest_client] Request (TestNetworkAdvancedServerOps:_run_cleanups): 204 DELETE http://10.0.2.15:9696/v2.0/floatingips/c9e6289a-1237-4c6d-935c-ae92ab1c0a07 0.195s
2015-12-16 18:07:06,197 24923 DEBUG    [tempest_lib.common.rest_client] Request - Headers: {'Content-Type': 'application/json', 'Accept': 'application/json', 'X-Auth-Token': '&lt;omitted&gt;'}
        Body: None
    Response - Headers: {'date': 'Wed, 16 Dec 2015 18:07:06 GMT', 'status': '204', 'connection': 'close', 'content-length': '0', 'x-openstack-request-id': 'req-28708001-270d-4bab-9541-f6e8643efcad'}
        Body: 
2015-12-16 18:07:06,542 24923 INFO     [tempest_lib.common.rest_client] Request (TestNetworkAdvancedServerOps:_run_cleanups): 204 DELETE http://10.0.2.15:8774/v2.1/f54ce646b449416084cfb363d1e48a7c/servers/de7278e9-86c6-41aa-a24d-705bd96aab5b 0.343s
2015-12-16 18:07:06,542 24923 DEBUG    [tempest_lib.common.rest_client] Request - Headers: {'Content-Type': 'application/json', 'Accept': 'application/json', 'X-Auth-Token': '&lt;omitted&gt;'}
        Body: None
    Response - Headers: {'status': '204', 'content-length': '0', 'x-compute-request-id': 'req-4ce251cc-002b-45af-967d-f2a20d9b1f82', 'vary': 'X-OpenStack-Nova-API-Version', 'connection': 'close', 'x-openstack-nova-api-version': '2.1', 'date': 'Wed, 16 Dec 2015 18:07:06 GMT', 'content-type': 'application/json'}
        Body: 
2015-12-16 18:07:06,762 24923 INFO     [tempest_lib.common.rest_client] Request (TestNetworkAdvancedServerOps:_run_cleanups): 200 GET http://10.0.2.15:8774/v2.1/f54ce646b449416084cfb363d1e48a7c/servers/de7278e9-86c6-41aa-a24d-705bd96aab5b 0.219s
2015-12-16 18:07:06,763 24923 DEBUG    [tempest_lib.common.rest_client] Request - Headers: {'Content-Type': 'application/json', 'Accept': 'application/json', 'X-Auth-Token': '&lt;omitted&gt;'}
        Body: None
    Response - Headers: {'status': '200', 'content-length': '1784', 'content-location': 'http://10.0.2.15:8774/v2.1/f54ce646b449416084cfb363d1e48a7c/servers/de7278e9-86c6-41aa-a24d-705bd96aab5b', 'x-compute-request-id': 'req-21e139e3-bb8b-4500-9224-fd7c53215cf8', 'vary': 'X-OpenStack-Nova-API-Version', 'connection': 'close', 'x-openstack-nova-api-version': '2.1', 'date': 'Wed, 16 Dec 2015 18:07:06 GMT', 'content-type': 'application/json'}
        Body: {"server": {"status": "ACTIVE", "updated": "2015-12-16T18:07:06Z", "hostId": "ff8eb404f9d1bd137ad0aba0e6282a97389a3def88c3458b1a6995f2", "addresses": {"tempest-network-smoke--400133307": [{"OS-EXT-IPS-MAC:mac_addr": "fa:16:3e:85:81:96", "version": 4, "addr": "10.100.0.3", "OS-EXT-IPS:type": "fixed"}, {"OS-EXT-IPS-MAC:mac_addr": "fa:16:3e:85:81:96", "version": 4, "addr": "172.24.4.4", "OS-EXT-IPS:type": "floating"}]}, "links": [{"href": "http://10.0.2.15:8774/v2.1/f54ce646b449416084cfb363d1e48a7c/servers/de7278e9-86c6-41aa-a24d-705bd96aab5b", "rel": "self"}, {"href": "http://10.0.2.15:8774/f54ce646b449416084cfb363d1e48a7c/servers/de7278e9-86c6-41aa-a24d-705bd96aab5b", "rel": "bookmark"}], "key_name": "tempest-TestNetworkAdvancedServerOps-917348899", "image": {"id": "4bf4df57-613a-4328-842c-24b540685085", "links": [{"href": "http://10.0.2.15:8774/f54ce646b449416084cfb363d1e48a7c/images/4bf4df57-613a-4328-842c-24b540685085", "rel": "bookmark"}]}, "OS-EXT-STS:task_state": "deleting", "OS-EXT-STS:vm_state": "active", "OS-SRV-USG:launched_at": "2015-12-16T18:05:01.000000", "flavor": {"id": "42", "links": [{"href": "http://10.0.2.15:8774/f54ce646b449416084cfb363d1e48a7c/flavors/42", "rel": "bookmark"}]}, "id": "de7278e9-86c6-41aa-a24d-705bd96aab5b", "security_groups": [{"name": "tempest-secgroup-smoke-2039855947"}], "OS-SRV-USG:terminated_at": null, "OS-EXT-AZ:availability_zone": "nova", "user_id": "8f49cc103ded44538d3f3be470ad3dba", "name": "tempest.common.compute-instance-1540165035", "created": "2015-12-16T18:04:57Z", "tenant_id": "f54ce646b449416084cfb363d1e48a7c", "OS-DCF:diskConfig": "MANUAL", "os-extended-volumes:volumes_attached": [], "accessIPv4": "", "accessIPv6": "", "progress": 0, "OS-EXT-STS:power_state": 1, "config_drive": "True", "metadata": {}}}
2015-12-16 18:07:07,898 24923 INFO     [tempest_lib.common.rest_client] Request (TestNetworkAdvancedServerOps:_run_cleanups): 200 GET http://10.0.2.15:8774/v2.1/f54ce646b449416084cfb363d1e48a7c/servers/de7278e9-86c6-41aa-a24d-705bd96aab5b 0.122s
2015-12-16 18:07:07,898 24923 DEBUG    [tempest_lib.common.rest_client] Request - Headers: {'Content-Type': 'application/json', 'Accept': 'application/json', 'X-Auth-Token': '&lt;omitted&gt;'}
        Body: None
    Response - Headers: {'status': '200', 'content-length': '1449', 'content-location': 'http://10.0.2.15:8774/v2.1/f54ce646b449416084cfb363d1e48a7c/servers/de7278e9-86c6-41aa-a24d-705bd96aab5b', 'x-compute-request-id': 'req-57639228-4aef-4ddb-b683-f4b25ed234e7', 'vary': 'X-OpenStack-Nova-API-Version', 'connection': 'close', 'x-openstack-nova-api-version': '2.1', 'date': 'Wed, 16 Dec 2015 18:07:07 GMT', 'content-type': 'application/json'}
        Body: {"server": {"status": "ACTIVE", "updated": "2015-12-16T18:07:07Z", "hostId": "ff8eb404f9d1bd137ad0aba0e6282a97389a3def88c3458b1a6995f2", "addresses": {}, "links": [{"href": "http://10.0.2.15:8774/v2.1/f54ce646b449416084cfb363d1e48a7c/servers/de7278e9-86c6-41aa-a24d-705bd96aab5b", "rel": "self"}, {"href": "http://10.0.2.15:8774/f54ce646b449416084cfb363d1e48a7c/servers/de7278e9-86c6-41aa-a24d-705bd96aab5b", "rel": "bookmark"}], "key_name": "tempest-TestNetworkAdvancedServerOps-917348899", "image": {"id": "4bf4df57-613a-4328-842c-24b540685085", "links": [{"href": "http://10.0.2.15:8774/f54ce646b449416084cfb363d1e48a7c/images/4bf4df57-613a-4328-842c-24b540685085", "rel": "bookmark"}]}, "OS-EXT-STS:task_state": "deleting", "OS-EXT-STS:vm_state": "active", "OS-SRV-USG:launched_at": "2015-12-16T18:05:01.000000", "flavor": {"id": "42", "links": [{"href": "http://10.0.2.15:8774/f54ce646b449416084cfb363d1e48a7c/flavors/42", "rel": "bookmark"}]}, "id": "de7278e9-86c6-41aa-a24d-705bd96aab5b", "OS-SRV-USG:terminated_at": null, "OS-EXT-AZ:availability_zone": "nova", "user_id": "8f49cc103ded44538d3f3be470ad3dba", "name": "tempest.common.compute-instance-1540165035", "created": "2015-12-16T18:04:57Z", "tenant_id": "f54ce646b449416084cfb363d1e48a7c", "OS-DCF:diskConfig": "MANUAL", "os-extended-volumes:volumes_attached": [], "accessIPv4": "", "accessIPv6": "", "progress": 0, "OS-EXT-STS:power_state": 1, "config_drive": "True", "metadata": {}}}
2015-12-16 18:07:08,990 24923 INFO     [tempest_lib.common.rest_client] Request (TestNetworkAdvancedServerOps:_run_cleanups): 404 GET http://10.0.2.15:8774/v2.1/f54ce646b449416084cfb363d1e48a7c/servers/de7278e9-86c6-41aa-a24d-705bd96aab5b 0.082s
2015-12-16 18:07:08,991 24923 DEBUG    [tempest_lib.common.rest_client] Request - Headers: {'Content-Type': 'application/json', 'Accept': 'application/json', 'X-Auth-Token': '&lt;omitted&gt;'}
        Body: None
    Response - Headers: {'status': '404', 'content-length': '111', 'x-compute-request-id': 'req-5445b6b4-dcac-42f0-83f2-c6f1b3ef9e4e', 'vary': 'X-OpenStack-Nova-API-Version', 'connection': 'close', 'x-openstack-nova-api-version': '2.1', 'date': 'Wed, 16 Dec 2015 18:07:08 GMT', 'content-type': 'application/json; charset=UTF-8'}
        Body: {"itemNotFound": {"message": "Instance de7278e9-86c6-41aa-a24d-705bd96aab5b could not be found.", "code": 404}}
2015-12-16 18:07:09,333 24923 INFO     [tempest_lib.common.rest_client] Request (TestNetworkAdvancedServerOps:_run_cleanups): 200 PUT http://10.0.2.15:9696/v2.0/routers/b0c623ee-1570-431c-a973-23051e3f40c4/remove_router_interface 0.341s
2015-12-16 18:07:09,334 24923 DEBUG    [tempest_lib.common.rest_client] Request - Headers: {'Content-Type': 'application/json', 'Accept': 'application/json', 'X-Auth-Token': '&lt;omitted&gt;'}
        Body: {"subnet_id": "726b6a22-4d8f-46e6-901b-c1ba7392791d"}
    Response - Headers: {'status': '200', 'content-length': '255', 'connection': 'close', 'date': 'Wed, 16 Dec 2015 18:07:09 GMT', 'content-type': 'application/json; charset=UTF-8', 'x-openstack-request-id': 'req-f5bf816b-83e2-4724-a022-877f281fd680'}
        Body: {"subnet_id": "726b6a22-4d8f-46e6-901b-c1ba7392791d", "tenant_id": "f54ce646b449416084cfb363d1e48a7c", "subnet_ids": ["726b6a22-4d8f-46e6-901b-c1ba7392791d"], "port_id": "3ba0f712-5880-4f31-8e7f-a8a7594c43f4", "id": "b0c623ee-1570-431c-a973-23051e3f40c4"}
2015-12-16 18:07:09,870 24923 INFO     [tempest_lib.common.rest_client] Request (TestNetworkAdvancedServerOps:_run_cleanups): 204 DELETE http://10.0.2.15:9696/v2.0/subnets/726b6a22-4d8f-46e6-901b-c1ba7392791d 0.535s
2015-12-16 18:07:09,870 24923 DEBUG    [tempest_lib.common.rest_client] Request - Headers: {'Content-Type': 'application/json', 'Accept': 'application/json', 'X-Auth-Token': '&lt;omitted&gt;'}
        Body: None
    Response - Headers: {'date': 'Wed, 16 Dec 2015 18:07:09 GMT', 'status': '204', 'connection': 'close', 'content-length': '0', 'x-openstack-request-id': 'req-9f65039f-f507-4c01-a6dd-faf249debc48'}
        Body: 
2015-12-16 18:07:09,959 24923 INFO     [tempest_lib.common.rest_client] Request (TestNetworkAdvancedServerOps:_run_cleanups): 200 GET http://10.0.2.15:9696/v2.0/routers/b0c623ee-1570-431c-a973-23051e3f40c4 0.087s
2015-12-16 18:07:09,959 24923 DEBUG    [tempest_lib.common.rest_client] Request - Headers: {'Content-Type': 'application/json', 'Accept': 'application/json', 'X-Auth-Token': '&lt;omitted&gt;'}
        Body: None
    Response - Headers: {'status': '200', 'content-length': '501', 'content-location': 'http://10.0.2.15:9696/v2.0/routers/b0c623ee-1570-431c-a973-23051e3f40c4', 'connection': 'close', 'date': 'Wed, 16 Dec 2015 18:07:09 GMT', 'content-type': 'application/json; charset=UTF-8', 'x-openstack-request-id': 'req-72cf2171-d589-4bb7-8289-6da6ee0b3157'}
        Body: {"router": {"status": "ACTIVE", "external_gateway_info": {"network_id": "55b8ea04-f88e-41e0-9d5e-066a2519a1b9", "enable_snat": true, "external_fixed_ips": [{"subnet_id": "543502a4-ef38-4cae-82fe-9cdc2b2707c7", "ip_address": "172.24.4.3"}, {"subnet_id": "eef9092b-84d7-42f7-af6a-0c1bc285f10d", "ip_address": "2001:db8::4"}]}, "name": "tempest-router-smoke-1601262593", "admin_state_up": true, "tenant_id": "f54ce646b449416084cfb363d1e48a7c", "routes": [], "id": "b0c623ee-1570-431c-a973-23051e3f40c4"}}
2015-12-16 18:07:10,273 24923 INFO     [tempest_lib.common.rest_client] Request (TestNetworkAdvancedServerOps:_run_cleanups): 200 PUT http://10.0.2.15:9696/v2.0/routers/b0c623ee-1570-431c-a973-23051e3f40c4 0.314s
2015-12-16 18:07:10,275 24923 DEBUG    [tempest_lib.common.rest_client] Request - Headers: {'Content-Type': 'application/json', 'Accept': 'application/json', 'X-Auth-Token': '&lt;omitted&gt;'}
        Body: {"router": {"external_gateway_info": {}, "name": "tempest-router-smoke-1601262593", "admin_state_up": true}}
    Response - Headers: {'status': '200', 'content-length': '239', 'connection': 'close', 'date': 'Wed, 16 Dec 2015 18:07:10 GMT', 'content-type': 'application/json; charset=UTF-8', 'x-openstack-request-id': 'req-97fec396-f1bd-4ea3-ba8a-4cd8ec42cd3b'}
        Body: {"router": {"status": "ACTIVE", "external_gateway_info": null, "name": "tempest-router-smoke-1601262593", "admin_state_up": true, "tenant_id": "f54ce646b449416084cfb363d1e48a7c", "routes": [], "id": "b0c623ee-1570-431c-a973-23051e3f40c4"}}
2015-12-16 18:07:10,478 24923 INFO     [tempest_lib.common.rest_client] Request (TestNetworkAdvancedServerOps:_run_cleanups): 204 DELETE http://10.0.2.15:9696/v2.0/routers/b0c623ee-1570-431c-a973-23051e3f40c4 0.201s
2015-12-16 18:07:10,478 24923 DEBUG    [tempest_lib.common.rest_client] Request - Headers: {'Content-Type': 'application/json', 'Accept': 'application/json', 'X-Auth-Token': '&lt;omitted&gt;'}
        Body: None
    Response - Headers: {'date': 'Wed, 16 Dec 2015 18:07:10 GMT', 'status': '204', 'connection': 'close', 'content-length': '0', 'x-openstack-request-id': 'req-308a312e-aa2a-4566-b172-7563212ab9c2'}
        Body: 
2015-12-16 18:07:10,651 24923 INFO     [tempest_lib.common.rest_client] Request (TestNetworkAdvancedServerOps:_run_cleanups): 204 DELETE http://10.0.2.15:9696/v2.0/networks/b577541a-a90e-4065-aac3-23e7b760b808 0.172s
2015-12-16 18:07:10,652 24923 DEBUG    [tempest_lib.common.rest_client] Request - Headers: {'Content-Type': 'application/json', 'Accept': 'application/json', 'X-Auth-Token': '&lt;omitted&gt;'}
        Body: None
    Response - Headers: {'date': 'Wed, 16 Dec 2015 18:07:10 GMT', 'status': '204', 'connection': 'close', 'content-length': '0', 'x-openstack-request-id': 'req-c8381a47-93de-413c-933f-62c0077558cc'}
        Body: 
2015-12-16 18:07:10,710 24923 INFO     [tempest_lib.common.rest_client] Request (TestNetworkAdvancedServerOps:_run_cleanups): 204 DELETE http://10.0.2.15:9696/v2.0/security-group-rules/d691ef71-8d3f-4f11-b19e-d3cd4f2ac5ec 0.057s
2015-12-16 18:07:10,710 24923 DEBUG    [tempest_lib.common.rest_client] Request - Headers: {'Content-Type': 'application/json', 'Accept': 'application/json', 'X-Auth-Token': '&lt;omitted&gt;'}
        Body: None
    Response - Headers: {'date': 'Wed, 16 Dec 2015 18:07:10 GMT', 'status': '204', 'connection': 'close', 'content-length': '0', 'x-openstack-request-id': 'req-413716de-6e52-48d9-b580-275d9ad8dda3'}
        Body: 
2015-12-16 18:07:10,764 24923 INFO     [tempest_lib.common.rest_client] Request (TestNetworkAdvancedServerOps:_run_cleanups): 204 DELETE http://10.0.2.15:9696/v2.0/security-group-rules/4e9c3a79-9bde-42e5-9f8c-0be8cedb337d 0.052s
2015-12-16 18:07:10,764 24923 DEBUG    [tempest_lib.common.rest_client] Request - Headers: {'Content-Type': 'application/json', 'Accept': 'application/json', 'X-Auth-Token': '&lt;omitted&gt;'}
        Body: None
    Response - Headers: {'date': 'Wed, 16 Dec 2015 18:07:10 GMT', 'status': '204', 'connection': 'close', 'content-length': '0', 'x-openstack-request-id': 'req-97032ab9-5dac-47f4-bd6c-76ea2a6733fc'}
        Body: 
2015-12-16 18:07:10,821 24923 INFO     [tempest_lib.common.rest_client] Request (TestNetworkAdvancedServerOps:_run_cleanups): 204 DELETE http://10.0.2.15:9696/v2.0/security-group-rules/bdfa2218-fd50-4fc8-91c3-e0388642b65d 0.056s
2015-12-16 18:07:10,822 24923 DEBUG    [tempest_lib.common.rest_client] Request - Headers: {'Content-Type': 'application/json', 'Accept': 'application/json', 'X-Auth-Token': '&lt;omitted&gt;'}
        Body: None
    Response - Headers: {'date': 'Wed, 16 Dec 2015 18:07:10 GMT', 'status': '204', 'connection': 'close', 'content-length': '0', 'x-openstack-request-id': 'req-8abe9870-8129-4f22-a3b3-40de1d6df2f1'}
        Body: 
2015-12-16 18:07:10,878 24923 INFO     [tempest_lib.common.rest_client] Request (TestNetworkAdvancedServerOps:_run_cleanups): 204 DELETE http://10.0.2.15:9696/v2.0/security-group-rules/a063b0c3-e878-47be-88dc-4aa331cbe09a 0.055s
2015-12-16 18:07:10,879 24923 DEBUG    [tempest_lib.common.rest_client] Request - Headers: {'Content-Type': 'application/json', 'Accept': 'application/json', 'X-Auth-Token': '&lt;omitted&gt;'}
        Body: None
    Response - Headers: {'date': 'Wed, 16 Dec 2015 18:07:10 GMT', 'status': '204', 'connection': 'close', 'content-length': '0', 'x-openstack-request-id': 'req-9ce6a126-9205-4601-804b-357421d75715'}
        Body: 
2015-12-16 18:07:10,924 24923 INFO     [tempest_lib.common.rest_client] Request (TestNetworkAdvancedServerOps:_run_cleanups): 204 DELETE http://10.0.2.15:9696/v2.0/security-group-rules/eb72416d-8e58-4e76-95ff-f849e38da552 0.045s
2015-12-16 18:07:10,925 24923 DEBUG    [tempest_lib.common.rest_client] Request - Headers: {'Content-Type': 'application/json', 'Accept': 'application/json', 'X-Auth-Token': '&lt;omitted&gt;'}
        Body: None
    Response - Headers: {'date': 'Wed, 16 Dec 2015 18:07:10 GMT', 'status': '204', 'connection': 'close', 'content-length': '0', 'x-openstack-request-id': 'req-681d95c3-4d8a-43eb-894c-c7da2c81a053'}
        Body: 
2015-12-16 18:07:10,978 24923 INFO     [tempest_lib.common.rest_client] Request (TestNetworkAdvancedServerOps:_run_cleanups): 204 DELETE http://10.0.2.15:9696/v2.0/security-group-rules/b9e000d0-e30f-4630-a1dd-07ff93c3c1de 0.053s
2015-12-16 18:07:10,979 24923 DEBUG    [tempest_lib.common.rest_client] Request - Headers: {'Content-Type': 'application/json', 'Accept': 'application/json', 'X-Auth-Token': '&lt;omitted&gt;'}
        Body: None
    Response - Headers: {'date': 'Wed, 16 Dec 2015 18:07:10 GMT', 'status': '204', 'connection': 'close', 'content-length': '0', 'x-openstack-request-id': 'req-a34f7dfb-081f-4329-843d-57721dc6abfd'}
        Body: 
2015-12-16 18:07:11,064 24923 INFO     [tempest_lib.common.rest_client] Request (TestNetworkAdvancedServerOps:_run_cleanups): 204 DELETE http://10.0.2.15:9696/v2.0/security-groups/16b531bf-37b9-4396-a215-191bcd2f2c5a 0.083s
2015-12-16 18:07:11,064 24923 DEBUG    [tempest_lib.common.rest_client] Request - Headers: {'Content-Type': 'application/json', 'Accept': 'application/json', 'X-Auth-Token': '&lt;omitted&gt;'}
        Body: None
    Response - Headers: {'date': 'Wed, 16 Dec 2015 18:07:11 GMT', 'status': '204', 'connection': 'close', 'content-length': '0', 'x-openstack-request-id': 'req-fe1ffc13-cd86-4463-a2c0-987f2ae265ff'}
        Body: 
2015-12-16 18:07:11,087 24923 INFO     [tempest_lib.common.rest_client] Request (TestNetworkAdvancedServerOps:_run_cleanups): 202 DELETE http://10.0.2.15:8774/v2.1/f54ce646b449416084cfb363d1e48a7c/os-keypairs/tempest-TestNetworkAdvancedServerOps-917348899 0.021s
2015-12-16 18:07:11,087 24923 DEBUG    [tempest_lib.common.rest_client] Request - Headers: {'Content-Type': 'application/json', 'Accept': 'application/json', 'X-Auth-Token': '&lt;omitted&gt;'}
        Body: None
    Response - Headers: {'status': '202', 'content-length': '0', 'x-compute-request-id': 'req-6035c3dc-a704-4dbd-82ca-feb3e0442263', 'vary': 'X-OpenStack-Nova-API-Version', 'connection': 'close', 'x-openstack-nova-api-version': '2.1', 'date': 'Wed, 16 Dec 2015 18:07:11 GMT', 'content-type': 'application/json'}
        Body: 
2015-12-16 18:07:11,295 24923 INFO     [tempest_lib.common.rest_client] Request (TestNetworkAdvancedServerOps:_run_cleanups): 404 GET http://10.0.2.15:8774/v2.1/f54ce646b449416084cfb363d1e48a7c/servers/de7278e9-86c6-41aa-a24d-705bd96aab5b 0.207s
2015-12-16 18:07:11,296 24923 DEBUG    [tempest_lib.common.rest_client] Request - Headers: {'Content-Type': 'application/json', 'Accept': 'application/json', 'X-Auth-Token': '&lt;omitted&gt;'}
        Body: None
    Response - Headers: {'status': '404', 'content-length': '111', 'x-compute-request-id': 'req-6d057fa3-c703-4dc3-8c8a-975d1cd9c426', 'vary': 'X-OpenStack-Nova-API-Version', 'connection': 'close', 'x-openstack-nova-api-version': '2.1', 'date': 'Wed, 16 Dec 2015 18:07:11 GMT', 'content-type': 'application/json; charset=UTF-8'}
        Body: {"itemNotFound": {"message": "Instance de7278e9-86c6-41aa-a24d-705bd96aab5b could not be found.", "code": 404}}
}}}

Traceback (most recent call last):
