<?xml version="1.0" encoding="UTF-8"?>
<!DOCTYPE html PUBLIC "-//W3C//DTD XHTML 1.0 Strict//EN"
     "http://www.w3.org/TR/xhtml1/DTD/xhtml1-strict.dtd">
<html xmlns="http://www.w3.org/1999/xhtml">
<head>
    <title>Unit Test Report</title>
    <meta name="generator" content="subunit2html 0.1"/>
    <meta http-equiv="Content-Type" content="text/html; charset=UTF-8"/>
    
<style type="text/css" media="screen">
body        { font-family: verdana, arial, helvetica, sans-serif;
    font-size: 80%; }
table       { font-size: 100%; width: 100%;}
pre         { font-size: 80%; }

/* -- heading -------------------------------------------------------------- */
h1 {
        font-size: 16pt;
        color: gray;
}
.heading {
    margin-top: 0ex;
    margin-bottom: 1ex;
}

.heading .attribute {
    margin-top: 1ex;
    margin-bottom: 0;
}

.heading .description {
    margin-top: 4ex;
    margin-bottom: 6ex;
}

/* -- css div popup -------------------------------------------------------- */
a.popup_link {
}

a.popup_link:hover {
    color: red;
}

.popup_window {
    display: none;
    overflow-x: scroll;
    /*border: solid #627173 1px; */
    padding: 10px;
    background-color: #E6E6D6;
    font-family: "Ubuntu Mono", "Lucida Console", "Courier New", monospace;
    text-align: left;
    font-size: 8pt;
}

}
/* -- report --------------------------------------------------------------- */
#show_detail_line {
    margin-top: 3ex;
    margin-bottom: 1ex;
}
#result_table {
    width: 100%;
    border-collapse: collapse;
    border: 1px solid #777;
}
#header_row {
    font-weight: bold;
    color: white;
    background-color: #777;
}
#result_table td {
    border: 1px solid #777;
    padding: 2px;
}
#total_row  { font-weight: bold; }
.passClass  { background-color: #6c6; }
.failClass  { background-color: #c60; }
.errorClass { background-color: #c00; }
.passCase   { color: #6c6; }
.failCase   { color: #c60; font-weight: bold; }
.errorCase  { color: #c00; font-weight: bold; }
.hiddenRow  { display: none; }
.testcase   { margin-left: 2em; }
td.testname {width: 40%}
td.small {width: 40px}

/* -- ending --------------------------------------------------------------- */
#ending {
}

</style>

</head>
<body>
<script language="javascript" type="text/javascript"><!--
output_list = Array();

/* level - 0:Summary; 1:Failed; 2:All */
function showCase(level) {
    trs = document.getElementsByTagName("tr");
    for (var i = 0; i < trs.length; i++) {
        tr = trs[i];
        id = tr.id;
        if (id.substr(0,2) == 'ft') {
            if (level < 1) {
                tr.className = 'hiddenRow';
            }
            else {
                tr.className = '';
            }
        }
        if (id.substr(0,2) == 'pt') {
            if (level > 1) {
                tr.className = '';
            }
            else {
                tr.className = 'hiddenRow';
            }
        }
    }
}


function showClassDetail(cid, count) {
    var id_list = Array(count);
    var toHide = 1;
    for (var i = 0; i < count; i++) {
        tid0 = 't' + cid.substr(1) + '.' + (i+1);
        tid = 'f' + tid0;
        tr = document.getElementById(tid);
        if (!tr) {
            tid = 'p' + tid0;
            tr = document.getElementById(tid);
        }
        id_list[i] = tid;
        if (tr.className) {
            toHide = 0;
        }
    }
    for (var i = 0; i < count; i++) {
        tid = id_list[i];
        if (toHide) {
            document.getElementById('div_'+tid).style.display = 'none'
            document.getElementById(tid).className = 'hiddenRow';
        }
        else {
            document.getElementById(tid).className = '';
        }
    }
}


function showTestDetail(div_id){
    var details_div = document.getElementById(div_id)
    var displayState = details_div.style.display
    // alert(displayState)
    if (displayState != 'block' ) {
        displayState = 'block'
        details_div.style.display = 'block'
    }
    else {
        details_div.style.display = 'none'
    }
}


function html_escape(s) {
    s = s.replace(/&/g,'&amp;');
    s = s.replace(/</g,'&lt;');
    s = s.replace(/>/g,'&gt;');
    return s;
}

/* obsoleted by detail in <div>
function showOutput(id, name) {
    var w = window.open("", //url
                    name,
                    "resizable,scrollbars,status,width=800,height=450");
    d = w.document;
    d.write("<pre>");
    d.write(html_escape(output_list[id]));
    d.write("\n");
    d.write("<a href='javascript:window.close()'>close</a>\n");
    d.write("</pre>\n");
    d.close();
}
*/
--></script>

<div class='heading'>
<h1>Unit Test Report</h1>

<p class='attribute'><strong>Status:</strong> Failure 6</p>

<p class='description'></p>
</div>



<p id='show_detail_line'>Show
<a href='javascript:showCase(0)'>Summary</a>
<a href='javascript:showCase(1)'>Failed</a>
<a href='javascript:showCase(2)'>All</a>
</p>
<table id='result_table'>
<colgroup>
<col align='left' />
<col align='right' />
<col align='right' />
<col align='right' />
<col align='right' />
<col align='right' />
<col align='right' />
<col align='right' />
</colgroup>
<tr id='header_row'>
    <td>Test Group/Test case</td>
    <td>Count</td>
    <td>Pass</td>
    <td>Fail</td>
    <td>Error</td>
    <td>Skip</td>
    <td>View</td>
    <td> </td>
</tr>

<tr class='failClass'>
    <td class="testname">tempest.scenario.test_network_advanced_server_ops.TestNetworkAdvancedServerOps</td>
    <td class="small">6</td>
    <td class="small">0</td>
    <td class="small">6</td>
    <td class="small">0</td>
    <td class="small">0</td>
    <td class="small"><a href="javascript:showClassDetail('c1',6)"
>Detail</a></td>
    <td> </td>
</tr>

<tr id='ft1.1' class='none'>
    <td class='failCase'><div class='testcase'>test_server_connectivity_pause_unpause[compute,id-2b2642db-6568-4b35-b812-eceed3fa20ce,network]</div></td>
    <td colspan='7' align='left'>

    <!--css div popup start-->
    <a class="popup_link" onfocus='this.blur();'
    href="javascript:showTestDetail('div_ft1.1')" >
        fail</a>

    <div id='div_ft1.1' class="popup_window">
        <div style='text-align: right; color:red;cursor:pointer'>
        <a onfocus='this.blur();'
onclick="document.getElementById('div_ft1.1').style.display = 'none' " >
           [x]</a>
        </div>
        <pre>
        
ft1.1: tempest.scenario.test_network_advanced_server_ops.TestNetworkAdvancedServerOps.test_server_connectivity_pause_unpause[compute,id-2b2642db-6568-4b35-b812-eceed3fa20ce,network]_StringException: Empty attachments:
  stderr
  stdout

pythonlogging:'': {{{
2015-12-19 20:16:31,825 20285 INFO     [tempest_lib.common.rest_client] Request (TestNetworkAdvancedServerOps:test_server_connectivity_pause_unpause): 200 POST http://10.0.2.15:8774/v2.1/1d44a5b86c0f4ec2933d3ec63207f906/os-keypairs 0.539s
2015-12-19 20:16:31,826 20285 DEBUG    [tempest_lib.common.rest_client] Request - Headers: {'Content-Type': 'application/json', 'Accept': 'application/json', 'X-Auth-Token': '&lt;omitted&gt;'}
        Body: {"keypair": {"name": "tempest-TestNetworkAdvancedServerOps-468839036"}}
    Response - Headers: {'status': '200', 'content-length': '2333', 'x-compute-request-id': 'req-b4576b1c-a8e7-46ed-9b60-2f8a97f6a335', 'vary': 'X-OpenStack-Nova-API-Version', 'connection': 'close', 'x-openstack-nova-api-version': '2.1', 'date': 'Sat, 19 Dec 2015 20:16:31 GMT', 'content-type': 'application/json'}
        Body: {"keypair": {"public_key": "ssh-rsa AAAAB3NzaC1yc2EAAAADAQABAAABAQDGILgJGTXDS/e/wR4p4PdgALWCdPCjrriiLf7G8RYtWHPhOtBYZk2WmWzKpS1fnjXOGVd7t2tYjLbiyJUy/SRTOwOZfK1WWQfh2tTCCBR50B7rgW49FZrJw16zbs9smgTwO0EpiM5BcvA1b3SF3yvPYCmw0doFk2LNh1rlxwk/3AAQFhjAuUmpg2dthKltnvcV0KuRD3CsCD0e1PS36UUgOMXIUfGzpZb8fSuLHH4bXQ5U+H6879jauD5gcQDzk3KgAtzsKh6dMRzpFlAvgI+Rv+mnrSncluaS9oaHkEp62XsVb8jnqh5fm7IcTg8+JeprVPSqEEDKmkcATukRjVHV Generated-by-Nova", "private_key": "-----BEGIN RSA PRIVATE KEY-----\nMIIEqgIBAAKCAQEAxiC4CRk1w0v3v8EeKeD3YAC1gnTwo664oi3+xvEWLVhz4TrQ\nWGZNlplsyqUtX541zhlXe7drWIy24siVMv0kUzsDmXytVlkH4drUwggUedAe64Fu\nPRWaycNes27PbJoE8DtBKYjOQXLwNW90hd8rz2ApsNHaBZNizYda5ccJP9wAEBYY\nwLlJqYNnbYSpbZ73FdCrkQ9wrAg9HtT0t+lFIDjFyFHxs6WW/H0rixx+G10OVPh+\nvO/Y2rg+YHEA85NyoALc7CoenTEc6RZQL4CPkb/pp60p3JbmkvaGh5BKetl7FW/I\n56oeX5uyHE4PPiXqa1T0qhBAyppHAE7pEY1R1QIDAQABAoIBAQCpzQrMyW1ZRjc7\ngR//1k1MWu80slI2hhy46eCL0b0m+cK+ijBbQrpGUpF5j1y2sRn925wtbII0bsyi\nyjOMcoV6S36HQeIwubbWqzxiWphp2aNWRSQcd/Kj7quv7k0ZD1siJDZxiUzzrLUP\npsjfnuemIA06/G71Dl7ENLgDa7SSo86CtHE1CcWbTKZecKEYT5Ha0eEos5RRc5zL\nlyggmb0pTp5VcH+PGcr+GMrRmCGxQ6pjJomgDekqelMH4dMZmeZ/063YPcq6NjYg\nVPwnq8m0X07Pj7+C5scspqMqHXqgvAZKQSscNY4CUEDl5LbTGAkuMz6S4z3bHcyd\npYrUL5kBAoIAgQDJhiwjOlMX/fIKA8GMAA0xvNAsmuyFNVwUcGxniyjT7QhFhBNW\nBlX345K9Oil3hO3AXZAkD+FMhaBx0d3MGBbO2kusnUfj/sKIGRplcTmL9REARs6p\nLrcaqc7dMuzdm4JYFo1NcPN+c02t2/EHZkSAJ5AZhx7l3aUoscMf8PomFQKCAIEA\n+6+EKi3zLbtdNzRSUK+Kg5lecTG0NuLxuDA6vxo6srf5Uinu1RIzoaHJ3sBwVBZY\nIlSey0UlE5kcpEdEsXnNpnedwenD5GTKDjeQn48LeAS5lKht36XbDAKdqP1qrBox\nV8+CKhdIbcvsuDGys3XbFBWF8fmneUwixC7EoPp/LMECggCBAI4C3gGpLTsf+jty\ncCbfNm0RWEXGmtw4QP4qR0okN444X/bU3udlKZm5JgPxA5207/H6PQQcqLDLDciH\nktwrMY9tJ5ypbSrOsXlE72QDCQGGngdq3mE8iU3h0ePw6hg0aQL4SXUEHqLCUEAv\nWMfVGnqQ5qwGmxBzQ9rMget1XmINAoIAgQDBc03NsdXZT8s9NE0U0WhQ8GBj9sVC\n7rrGTOPKoVl+puPO4IY/Zacj1Bw6x4VPTIFfmdUX/kSaRLR8HH9TPoDwM76hHpHA\nCiw4M0NJMQSqsk8GUVNqdKviFlyiWG5WbCeDC+9LdOvp4LVJeoGVaMAENurma3Lr\nS7bpPd1Ksl9vwQKCAIBs+mI03XXdXmpuYyPTLid83eDVJn7Sk+yP6drPvQsLmrPD\nx32ce+D2SksFWuvvuulNXSpre4HeS9Qcb069i6/rx3u1A6b7O6UiASTETWA+hpOa\nyjkuDEHXoSKP8jFJ7C7h2o4zbFJNkvF4MOLq2+uEaZ49pIldTUZO9g5azm+JQg==\n-----END RSA PRIVATE KEY-----\n", "user_id": "6b6d7d730754402780b5749db3a60e88", "name": "tempest-TestNetworkAdvancedServerOps-468839036", "fingerprint": "5a:0f:21:44:8b:f0:49:d0:25:f3:58:01:a9:43:15:83"}}
2015-12-19 20:16:32,171 20285 INFO     [tempest_lib.common.rest_client] Request (TestNetworkAdvancedServerOps:test_server_connectivity_pause_unpause): 201 POST http://10.0.2.15:9696/v2.0/security-groups 0.340s
2015-12-19 20:16:32,171 20285 DEBUG    [tempest_lib.common.rest_client] Request - Headers: {'Content-Type': 'application/json', 'Accept': 'application/json', 'X-Auth-Token': '&lt;omitted&gt;'}
        Body: {"security_group": {"tenant_id": "1d44a5b86c0f4ec2933d3ec63207f906", "description": "tempest-secgroup-smoke-1560448686 description", "name": "tempest-secgroup-smoke-1560448686"}}
    Response - Headers: {'status': '201', 'content-length': '888', 'connection': 'close', 'date': 'Sat, 19 Dec 2015 20:16:32 GMT', 'content-type': 'application/json; charset=UTF-8', 'x-openstack-request-id': 'req-c3ed8da7-a8fd-4525-abd9-8843e862c313'}
        Body: {"security_group": {"tenant_id": "1d44a5b86c0f4ec2933d3ec63207f906", "description": "tempest-secgroup-smoke-1560448686 description", "id": "499a4a92-cf39-429b-934d-987f905288fe", "security_group_rules": [{"remote_group_id": null, "direction": "egress", "remote_ip_prefix": null, "protocol": null, "ethertype": "IPv4", "tenant_id": "1d44a5b86c0f4ec2933d3ec63207f906", "port_range_max": null, "port_range_min": null, "id": "81132ef0-fc0f-4cab-a9a9-e9f70bedb269", "security_group_id": "499a4a92-cf39-429b-934d-987f905288fe"}, {"remote_group_id": null, "direction": "egress", "remote_ip_prefix": null, "protocol": null, "ethertype": "IPv6", "tenant_id": "1d44a5b86c0f4ec2933d3ec63207f906", "port_range_max": null, "port_range_min": null, "id": "ee940cb9-81a8-4b13-b6cd-5bd9f2ed0d54", "security_group_id": "499a4a92-cf39-429b-934d-987f905288fe"}], "name": "tempest-secgroup-smoke-1560448686"}}
2015-12-19 20:16:32,292 20285 INFO     [tempest_lib.common.rest_client] Request (TestNetworkAdvancedServerOps:test_server_connectivity_pause_unpause): 201 POST http://10.0.2.15:9696/v2.0/security-group-rules 0.119s
2015-12-19 20:16:32,293 20285 DEBUG    [tempest_lib.common.rest_client] Request - Headers: {'Content-Type': 'application/json', 'Accept': 'application/json', 'X-Auth-Token': '&lt;omitted&gt;'}
        Body: {"security_group_rule": {"direction": "ingress", "protocol": "tcp", "tenant_id": "1d44a5b86c0f4ec2933d3ec63207f906", "port_range_max": 22, "security_group_id": "499a4a92-cf39-429b-934d-987f905288fe", "port_range_min": 22}}
    Response - Headers: {'status': '201', 'content-length': '340', 'connection': 'close', 'date': 'Sat, 19 Dec 2015 20:16:32 GMT', 'content-type': 'application/json; charset=UTF-8', 'x-openstack-request-id': 'req-ab20f8a2-1a2d-4390-bf2f-b137425ad5b8'}
        Body: {"security_group_rule": {"remote_group_id": null, "direction": "ingress", "remote_ip_prefix": null, "protocol": "tcp", "ethertype": "IPv4", "tenant_id": "1d44a5b86c0f4ec2933d3ec63207f906", "port_range_max": 22, "port_range_min": 22, "id": "e1faedd1-fb35-4f21-8715-466afce13b3f", "security_group_id": "499a4a92-cf39-429b-934d-987f905288fe"}}
2015-12-19 20:16:32,402 20285 INFO     [tempest_lib.common.rest_client] Request (TestNetworkAdvancedServerOps:test_server_connectivity_pause_unpause): 201 POST http://10.0.2.15:9696/v2.0/security-group-rules 0.108s
2015-12-19 20:16:32,402 20285 DEBUG    [tempest_lib.common.rest_client] Request - Headers: {'Content-Type': 'application/json', 'Accept': 'application/json', 'X-Auth-Token': '&lt;omitted&gt;'}
        Body: {"security_group_rule": {"direction": "egress", "protocol": "tcp", "tenant_id": "1d44a5b86c0f4ec2933d3ec63207f906", "port_range_max": 22, "security_group_id": "499a4a92-cf39-429b-934d-987f905288fe", "port_range_min": 22}}
    Response - Headers: {'status': '201', 'content-length': '339', 'connection': 'close', 'date': 'Sat, 19 Dec 2015 20:16:32 GMT', 'content-type': 'application/json; charset=UTF-8', 'x-openstack-request-id': 'req-ef29bd29-6277-4c61-a9bb-40a05009177e'}
        Body: {"security_group_rule": {"remote_group_id": null, "direction": "egress", "remote_ip_prefix": null, "protocol": "tcp", "ethertype": "IPv4", "tenant_id": "1d44a5b86c0f4ec2933d3ec63207f906", "port_range_max": 22, "port_range_min": 22, "id": "b3a01b7f-7920-4d8b-8029-8d8d8639573b", "security_group_id": "499a4a92-cf39-429b-934d-987f905288fe"}}
2015-12-19 20:16:32,514 20285 INFO     [tempest_lib.common.rest_client] Request (TestNetworkAdvancedServerOps:test_server_connectivity_pause_unpause): 201 POST http://10.0.2.15:9696/v2.0/security-group-rules 0.110s
2015-12-19 20:16:32,514 20285 DEBUG    [tempest_lib.common.rest_client] Request - Headers: {'Content-Type': 'application/json', 'Accept': 'application/json', 'X-Auth-Token': '&lt;omitted&gt;'}
        Body: {"security_group_rule": {"tenant_id": "1d44a5b86c0f4ec2933d3ec63207f906", "direction": "ingress", "protocol": "icmp", "security_group_id": "499a4a92-cf39-429b-934d-987f905288fe"}}
    Response - Headers: {'status': '201', 'content-length': '345', 'connection': 'close', 'date': 'Sat, 19 Dec 2015 20:16:32 GMT', 'content-type': 'application/json; charset=UTF-8', 'x-openstack-request-id': 'req-79e3e037-61f1-4f6e-8422-f148e646a06d'}
        Body: {"security_group_rule": {"remote_group_id": null, "direction": "ingress", "remote_ip_prefix": null, "protocol": "icmp", "ethertype": "IPv4", "tenant_id": "1d44a5b86c0f4ec2933d3ec63207f906", "port_range_max": null, "port_range_min": null, "id": "446b4722-4238-4946-94a7-c4e77f913d26", "security_group_id": "499a4a92-cf39-429b-934d-987f905288fe"}}
2015-12-19 20:16:32,609 20285 INFO     [tempest_lib.common.rest_client] Request (TestNetworkAdvancedServerOps:test_server_connectivity_pause_unpause): 201 POST http://10.0.2.15:9696/v2.0/security-group-rules 0.093s
2015-12-19 20:16:32,609 20285 DEBUG    [tempest_lib.common.rest_client] Request - Headers: {'Content-Type': 'application/json', 'Accept': 'application/json', 'X-Auth-Token': '&lt;omitted&gt;'}
        Body: {"security_group_rule": {"tenant_id": "1d44a5b86c0f4ec2933d3ec63207f906", "direction": "egress", "protocol": "icmp", "security_group_id": "499a4a92-cf39-429b-934d-987f905288fe"}}
    Response - Headers: {'status': '201', 'content-length': '344', 'connection': 'close', 'date': 'Sat, 19 Dec 2015 20:16:32 GMT', 'content-type': 'application/json; charset=UTF-8', 'x-openstack-request-id': 'req-70eeccd1-c285-450a-9633-c29f9f95f435'}
        Body: {"security_group_rule": {"remote_group_id": null, "direction": "egress", "remote_ip_prefix": null, "protocol": "icmp", "ethertype": "IPv4", "tenant_id": "1d44a5b86c0f4ec2933d3ec63207f906", "port_range_max": null, "port_range_min": null, "id": "021da60c-3256-4ca3-ab04-1415317423be", "security_group_id": "499a4a92-cf39-429b-934d-987f905288fe"}}
2015-12-19 20:16:32,709 20285 INFO     [tempest_lib.common.rest_client] Request (TestNetworkAdvancedServerOps:test_server_connectivity_pause_unpause): 201 POST http://10.0.2.15:9696/v2.0/security-group-rules 0.098s
2015-12-19 20:16:32,710 20285 DEBUG    [tempest_lib.common.rest_client] Request - Headers: {'Content-Type': 'application/json', 'Accept': 'application/json', 'X-Auth-Token': '&lt;omitted&gt;'}
        Body: {"security_group_rule": {"tenant_id": "1d44a5b86c0f4ec2933d3ec63207f906", "direction": "ingress", "security_group_id": "499a4a92-cf39-429b-934d-987f905288fe", "protocol": "icmp", "ethertype": "IPv6"}}
    Response - Headers: {'status': '201', 'content-length': '345', 'connection': 'close', 'date': 'Sat, 19 Dec 2015 20:16:32 GMT', 'content-type': 'application/json; charset=UTF-8', 'x-openstack-request-id': 'req-9d3930a0-32f8-415e-ba83-611198ab86cb'}
        Body: {"security_group_rule": {"remote_group_id": null, "direction": "ingress", "remote_ip_prefix": null, "protocol": "icmp", "ethertype": "IPv6", "tenant_id": "1d44a5b86c0f4ec2933d3ec63207f906", "port_range_max": null, "port_range_min": null, "id": "9d3802e3-3a71-4b51-ab12-ce5ac8cd8a10", "security_group_id": "499a4a92-cf39-429b-934d-987f905288fe"}}
2015-12-19 20:16:32,815 20285 INFO     [tempest_lib.common.rest_client] Request (TestNetworkAdvancedServerOps:test_server_connectivity_pause_unpause): 201 POST http://10.0.2.15:9696/v2.0/security-group-rules 0.103s
2015-12-19 20:16:32,816 20285 DEBUG    [tempest_lib.common.rest_client] Request - Headers: {'Content-Type': 'application/json', 'Accept': 'application/json', 'X-Auth-Token': '&lt;omitted&gt;'}
        Body: {"security_group_rule": {"tenant_id": "1d44a5b86c0f4ec2933d3ec63207f906", "direction": "egress", "security_group_id": "499a4a92-cf39-429b-934d-987f905288fe", "protocol": "icmp", "ethertype": "IPv6"}}
    Response - Headers: {'status': '201', 'content-length': '344', 'connection': 'close', 'date': 'Sat, 19 Dec 2015 20:16:32 GMT', 'content-type': 'application/json; charset=UTF-8', 'x-openstack-request-id': 'req-14448608-b74b-4a77-9f75-c7aa332f1851'}
        Body: {"security_group_rule": {"remote_group_id": null, "direction": "egress", "remote_ip_prefix": null, "protocol": "icmp", "ethertype": "IPv6", "tenant_id": "1d44a5b86c0f4ec2933d3ec63207f906", "port_range_max": null, "port_range_min": null, "id": "85077d41-e640-4a06-9142-b4ce37beba5e", "security_group_id": "499a4a92-cf39-429b-934d-987f905288fe"}}
2015-12-19 20:16:32,949 20285 INFO     [tempest_lib.common.rest_client] Request (TestNetworkAdvancedServerOps:test_server_connectivity_pause_unpause): 201 POST http://10.0.2.15:9696/v2.0/networks 0.132s
2015-12-19 20:16:32,950 20285 DEBUG    [tempest_lib.common.rest_client] Request - Headers: {'Content-Type': 'application/json', 'Accept': 'application/json', 'X-Auth-Token': '&lt;omitted&gt;'}
        Body: {"network": {"tenant_id": "1d44a5b86c0f4ec2933d3ec63207f906", "name": "tempest-network-smoke--691963923"}}
    Response - Headers: {'status': '201', 'content-length': '295', 'connection': 'close', 'date': 'Sat, 19 Dec 2015 20:16:32 GMT', 'content-type': 'application/json; charset=UTF-8', 'x-openstack-request-id': 'req-78b043bb-b98f-422d-94ad-5e80cb7467fa'}
        Body: {"network": {"status": "ACTIVE", "subnets": [], "name": "tempest-network-smoke--691963923", "admin_state_up": true, "tenant_id": "1d44a5b86c0f4ec2933d3ec63207f906", "mtu": 0, "router:external": false, "shared": false, "port_security_enabled": true, "id": "7f90d67e-a7bf-4fa7-b419-ed34a2ae03ce"}}
2015-12-19 20:16:33,025 20285 INFO     [tempest_lib.common.rest_client] Request (TestNetworkAdvancedServerOps:test_server_connectivity_pause_unpause): 201 POST http://10.0.2.15:9696/v2.0/routers 0.074s
2015-12-19 20:16:33,026 20285 DEBUG    [tempest_lib.common.rest_client] Request - Headers: {'Content-Type': 'application/json', 'Accept': 'application/json', 'X-Auth-Token': '&lt;omitted&gt;'}
        Body: {"router": {"tenant_id": "1d44a5b86c0f4ec2933d3ec63207f906", "name": "tempest-router-smoke-1517377401", "admin_state_up": true}}
    Response - Headers: {'status': '201', 'content-length': '239', 'connection': 'close', 'date': 'Sat, 19 Dec 2015 20:16:33 GMT', 'content-type': 'application/json; charset=UTF-8', 'x-openstack-request-id': 'req-448c7eb5-a06a-4c8d-a38e-e8346c32296a'}
        Body: {"router": {"status": "ACTIVE", "external_gateway_info": null, "name": "tempest-router-smoke-1517377401", "admin_state_up": true, "tenant_id": "1d44a5b86c0f4ec2933d3ec63207f906", "routes": [], "id": "bd4311ab-0dfc-4ffc-9907-0f2ef76245c1"}}
2015-12-19 20:16:33,074 20285 INFO     [tempest_lib.common.rest_client] Request (TestNetworkAdvancedServerOps:test_server_connectivity_pause_unpause): 200 GET http://10.0.2.15:9696/v2.0/routers/bd4311ab-0dfc-4ffc-9907-0f2ef76245c1 0.047s
2015-12-19 20:16:33,075 20285 DEBUG    [tempest_lib.common.rest_client] Request - Headers: {'Content-Type': 'application/json', 'Accept': 'application/json', 'X-Auth-Token': '&lt;omitted&gt;'}
        Body: None
    Response - Headers: {'status': '200', 'content-length': '239', 'content-location': 'http://10.0.2.15:9696/v2.0/routers/bd4311ab-0dfc-4ffc-9907-0f2ef76245c1', 'connection': 'close', 'date': 'Sat, 19 Dec 2015 20:16:33 GMT', 'content-type': 'application/json; charset=UTF-8', 'x-openstack-request-id': 'req-bcff82dd-52fc-4693-8b23-23973471baa9'}
        Body: {"router": {"status": "ACTIVE", "external_gateway_info": null, "name": "tempest-router-smoke-1517377401", "admin_state_up": true, "tenant_id": "1d44a5b86c0f4ec2933d3ec63207f906", "routes": [], "id": "bd4311ab-0dfc-4ffc-9907-0f2ef76245c1"}}
2015-12-19 20:16:33,679 20285 INFO     [tempest_lib.common.rest_client] Request (TestNetworkAdvancedServerOps:test_server_connectivity_pause_unpause): 200 PUT http://10.0.2.15:9696/v2.0/routers/bd4311ab-0dfc-4ffc-9907-0f2ef76245c1 0.604s
2015-12-19 20:16:33,680 20285 DEBUG    [tempest_lib.common.rest_client] Request - Headers: {'Content-Type': 'application/json', 'Accept': 'application/json', 'X-Auth-Token': '&lt;omitted&gt;'}
        Body: {"router": {"external_gateway_info": {"network_id": "00470b47-8345-44b2-b501-e6d6e72b7686"}, "name": "tempest-router-smoke-1517377401", "admin_state_up": true}}
    Response - Headers: {'status': '200', 'content-length': '501', 'connection': 'close', 'date': 'Sat, 19 Dec 2015 20:16:33 GMT', 'content-type': 'application/json; charset=UTF-8', 'x-openstack-request-id': 'req-bad402f1-2df2-46cb-8370-239c2336d7c8'}
        Body: {"router": {"status": "ACTIVE", "external_gateway_info": {"network_id": "00470b47-8345-44b2-b501-e6d6e72b7686", "enable_snat": true, "external_fixed_ips": [{"subnet_id": "002493b9-3016-4b32-9932-35aba7afbd8a", "ip_address": "172.24.4.3"}, {"subnet_id": "ea7294c7-95d1-4833-8fb3-165bc5064d3d", "ip_address": "2001:db8::4"}]}, "name": "tempest-router-smoke-1517377401", "admin_state_up": true, "tenant_id": "1d44a5b86c0f4ec2933d3ec63207f906", "routes": [], "id": "bd4311ab-0dfc-4ffc-9907-0f2ef76245c1"}}
2015-12-19 20:16:33,815 20285 INFO     [tempest_lib.common.rest_client] Request (TestNetworkAdvancedServerOps:test_server_connectivity_pause_unpause): 200 GET http://10.0.2.15:9696/v2.0/subnets?tenant_id=1d44a5b86c0f4ec2933d3ec63207f906&amp;cidr=10.100.0.0%2F28 0.134s
2015-12-19 20:16:33,815 20285 DEBUG    [tempest_lib.common.rest_client] Request - Headers: {'Content-Type': 'application/json', 'Accept': 'application/json', 'X-Auth-Token': '&lt;omitted&gt;'}
        Body: None
    Response - Headers: {'status': '200', 'content-length': '15', 'content-location': 'http://10.0.2.15:9696/v2.0/subnets?tenant_id=1d44a5b86c0f4ec2933d3ec63207f906&amp;cidr=10.100.0.0%2F28', 'connection': 'close', 'date': 'Sat, 19 Dec 2015 20:16:33 GMT', 'content-type': 'application/json; charset=UTF-8', 'x-openstack-request-id': 'req-9f6b6213-c569-469b-bbc6-6f8ec826decc'}
        Body: {"subnets": []}
2015-12-19 20:16:34,094 20285 INFO     [tempest_lib.common.rest_client] Request (TestNetworkAdvancedServerOps:test_server_connectivity_pause_unpause): 201 POST http://10.0.2.15:9696/v2.0/subnets 0.277s
2015-12-19 20:16:34,094 20285 DEBUG    [tempest_lib.common.rest_client] Request - Headers: {'Content-Type': 'application/json', 'Accept': 'application/json', 'X-Auth-Token': '&lt;omitted&gt;'}
        Body: {"subnet": {"ip_version": 4, "tenant_id": "1d44a5b86c0f4ec2933d3ec63207f906", "cidr": "10.100.0.0/28", "network_id": "7f90d67e-a7bf-4fa7-b419-ed34a2ae03ce", "name": "tempest-subnet-smoke-683748591"}}
    Response - Headers: {'status': '201', 'content-length': '477', 'connection': 'close', 'date': 'Sat, 19 Dec 2015 20:16:34 GMT', 'content-type': 'application/json; charset=UTF-8', 'x-openstack-request-id': 'req-a25a6d94-2ffa-4191-8ad0-4e2542447636'}
        Body: {"subnet": {"name": "tempest-subnet-smoke-683748591", "enable_dhcp": true, "network_id": "7f90d67e-a7bf-4fa7-b419-ed34a2ae03ce", "tenant_id": "1d44a5b86c0f4ec2933d3ec63207f906", "dns_nameservers": [], "gateway_ip": "10.100.0.1", "ipv6_ra_mode": null, "allocation_pools": [{"start": "10.100.0.2", "end": "10.100.0.14"}], "host_routes": [], "ip_version": 4, "ipv6_address_mode": null, "cidr": "10.100.0.0/28", "id": "81391184-3ff3-4cbd-b4da-16dc38f8c88c", "subnetpool_id": null}}
2015-12-19 20:16:34,613 20285 INFO     [tempest_lib.common.rest_client] Request (TestNetworkAdvancedServerOps:test_server_connectivity_pause_unpause): 200 PUT http://10.0.2.15:9696/v2.0/routers/bd4311ab-0dfc-4ffc-9907-0f2ef76245c1/add_router_interface 0.517s
2015-12-19 20:16:34,614 20285 DEBUG    [tempest_lib.common.rest_client] Request - Headers: {'Content-Type': 'application/json', 'Accept': 'application/json', 'X-Auth-Token': '&lt;omitted&gt;'}
        Body: {"subnet_id": "81391184-3ff3-4cbd-b4da-16dc38f8c88c"}
    Response - Headers: {'status': '200', 'content-length': '255', 'connection': 'close', 'date': 'Sat, 19 Dec 2015 20:16:34 GMT', 'content-type': 'application/json; charset=UTF-8', 'x-openstack-request-id': 'req-828d4690-d12e-4c9e-aaf0-a71d36800143'}
        Body: {"subnet_id": "81391184-3ff3-4cbd-b4da-16dc38f8c88c", "tenant_id": "1d44a5b86c0f4ec2933d3ec63207f906", "subnet_ids": ["81391184-3ff3-4cbd-b4da-16dc38f8c88c"], "port_id": "1dfb7152-3713-434c-be4f-d8ed736d38f6", "id": "bd4311ab-0dfc-4ffc-9907-0f2ef76245c1"}
2015-12-19 20:16:34,708 20285 INFO     [tempest_lib.common.rest_client] Request (TestNetworkAdvancedServerOps:test_server_connectivity_pause_unpause): 200 POST http://10.0.2.15:5000/v2.0/tokens
2015-12-19 20:16:34,708 20285 DEBUG    [tempest_lib.common.rest_client] Request - Headers: {'Content-Type': 'application/json', 'Accept': 'application/json'}
        Body: &lt;omitted&gt;
    Response - Headers: {'status': '200', 'content-length': '2566', 'vary': 'X-Auth-Token', 'server': 'Apache/2.4.7 (Ubuntu)', 'connection': 'close', 'date': 'Sat, 19 Dec 2015 20:16:34 GMT', 'content-type': 'application/json', 'x-openstack-request-id': 'req-e4c1ed5b-2fca-48b8-b2bf-42414bbce9c8'}
        Body: {"access": {"token": {"issued_at": "2015-12-19T20:16:34.699413", "expires": "2015-12-19T21:16:34Z", "id": "504508eccdc64a65b3d0a0565dedd7e9", "tenant": {"description": "tempest-TestNetworkAdvancedServerOps-1803310690-desc", "enabled": true, "id": "1d44a5b86c0f4ec2933d3ec63207f906", "name": "tempest-TestNetworkAdvancedServerOps-1803310690"}, "audit_ids": ["7w3Sje2OTpqs7z202F3PcA"]}, "serviceCatalog": [{"endpoints": [{"adminURL": "http://10.0.2.15:8774/v2.1/1d44a5b86c0f4ec2933d3ec63207f906", "region": "RegionOne", "internalURL": "http://10.0.2.15:8774/v2.1/1d44a5b86c0f4ec2933d3ec63207f906", "id": "39c4afb91fcf4464a99b4fe41a47defa", "publicURL": "http://10.0.2.15:8774/v2.1/1d44a5b86c0f4ec2933d3ec63207f906"}], "endpoints_links": [], "type": "compute", "name": "nova"}, {"endpoints": [{"adminURL": "http://10.0.2.15:9696/", "region": "RegionOne", "internalURL": "http://10.0.2.15:9696/", "id": "5eaaf85833fd4f04a641bfae98b74938", "publicURL": "http://10.0.2.15:9696/"}], "endpoints_links": [], "type": "network", "name": "neutron"}, {"endpoints": [{"adminURL": "http://10.0.2.15:9292", "region": "RegionOne", "internalURL": "http://10.0.2.15:9292", "id": "022042c07ce34f0883a7354fe3fec146", "publicURL": "http://10.0.2.15:9292"}], "endpoints_links": [], "type": "image", "name": "glance"}, {"endpoints": [{"adminURL": "http://10.0.2.15:8774/v2/1d44a5b86c0f4ec2933d3ec63207f906", "region": "RegionOne", "internalURL": "http://10.0.2.15:8774/v2/1d44a5b86c0f4ec2933d3ec63207f906", "id": "70694f59a8044e798b46d2068a6a05a8", "publicURL": "http://10.0.2.15:8774/v2/1d44a5b86c0f4ec2933d3ec63207f906"}], "endpoints_links": [], "type": "compute_legacy", "name": "nova_legacy"}, {"endpoints": [{"adminURL": "http://10.0.2.15:8773/", "region": "RegionOne", "internalURL": "http://10.0.2.15:8773/", "id": "244604a650bd4f3598603607479de565", "publicURL": "http://10.0.2.15:8773/"}], "endpoints_links": [], "type": "ec2", "name": "ec2"}, {"endpoints": [{"adminURL": "http://10.0.2.15:35357/v2.0", "region": "RegionOne", "internalURL": "http://10.0.2.15:5000/v2.0", "id": "1cad6e24453d4f809ec082b4b83b6f84", "publicURL": "http://10.0.2.15:5000/v2.0"}], "endpoints_links": [], "type": "identity", "name": "keystone"}], "user": {"username": "tempest-TestNetworkAdvancedServerOps-1107095325", "roles_links": [], "id": "6b6d7d730754402780b5749db3a60e88", "roles": [{"name": "Member"}, {"name": "_member_"}], "name": "tempest-TestNetworkAdvancedServerOps-1107095325"}, "metadata": {"is_admin": 0, "roles": ["0b225a6ae93b42cda471287063d9d431", "9fe2ff9ee4384b1894a90878d3e92bab"]}}}
2015-12-19 20:16:34,712 20285 DEBUG    [tempest.common.fixed_network] (TestNetworkAdvancedServerOps:test_server_connectivity_pause_unpause) No valid network provided or created, defaulting to fixed_network_name
2015-12-19 20:16:34,956 20285 INFO     [tempest_lib.common.rest_client] Request (TestNetworkAdvancedServerOps:test_server_connectivity_pause_unpause): 200 GET http://10.0.2.15:8774/v2.1/1d44a5b86c0f4ec2933d3ec63207f906/os-networks 0.243s
2015-12-19 20:16:34,957 20285 DEBUG    [tempest_lib.common.rest_client] Request - Headers: {'Content-Type': 'application/json', 'Accept': 'application/json', 'X-Auth-Token': '&lt;omitted&gt;'}
        Body: None
    Response - Headers: {'status': '200', 'content-length': '478', 'content-location': 'http://10.0.2.15:8774/v2.1/1d44a5b86c0f4ec2933d3ec63207f906/os-networks', 'x-compute-request-id': 'req-ba5158c6-9fc7-4bc1-9b9c-3e38c49ae76d', 'vary': 'X-OpenStack-Nova-API-Version', 'connection': 'close', 'x-openstack-nova-api-version': '2.1', 'date': 'Sat, 19 Dec 2015 20:16:34 GMT', 'content-type': 'application/json'}
        Body: {"networks": [{"cidr_v6": null, "dns2": null, "dns1": null, "gateway": null, "broadcast": null, "netmask": null, "gateway_v6": null, "cidr": null, "label": "public", "id": "00470b47-8345-44b2-b501-e6d6e72b7686", "netmask_v6": null}, {"cidr_v6": null, "dns2": null, "dns1": null, "gateway": null, "broadcast": null, "netmask": null, "gateway_v6": null, "cidr": null, "label": "tempest-network-smoke--691963923", "id": "7f90d67e-a7bf-4fa7-b419-ed34a2ae03ce", "netmask_v6": null}]}
2015-12-19 20:16:34,957 20285 WARNING  [tempest.common.fixed_network] (TestNetworkAdvancedServerOps:test_server_connectivity_pause_unpause) Network with name: private not found
2015-12-19 20:16:34,958 20285 INFO     [tempest.common.fixed_network] (TestNetworkAdvancedServerOps:test_server_connectivity_pause_unpause) Found network {} available for tenant
2015-12-19 20:16:36,454 20285 INFO     [tempest_lib.common.rest_client] Request (TestNetworkAdvancedServerOps:test_server_connectivity_pause_unpause): 202 POST http://10.0.2.15:8774/v2.1/1d44a5b86c0f4ec2933d3ec63207f906/servers 1.495s
2015-12-19 20:16:36,454 20285 DEBUG    [tempest_lib.common.rest_client] Request - Headers: {'Content-Type': 'application/json', 'Accept': 'application/json', 'X-Auth-Token': '&lt;omitted&gt;'}
        Body: {"server": {"name": "tempest.common.compute-instance-659402745", "imageRef": "515da9a6-809e-4263-ad81-125d59ffbcf0", "key_name": "tempest-TestNetworkAdvancedServerOps-468839036", "flavorRef": "42", "networks": [{"uuid": "7f90d67e-a7bf-4fa7-b419-ed34a2ae03ce"}], "security_groups": [{"name": "tempest-secgroup-smoke-1560448686"}]}}
    Response - Headers: {'status': '202', 'content-length': '462', 'x-compute-request-id': 'req-cb50046c-8744-47fa-a18a-5e316185c318', 'vary': 'X-OpenStack-Nova-API-Version', 'connection': 'close', 'location': 'http://10.0.2.15:8774/v2.1/1d44a5b86c0f4ec2933d3ec63207f906/servers/630b6a7a-a275-4780-9c08-83466f08aad2', 'x-openstack-nova-api-version': '2.1', 'date': 'Sat, 19 Dec 2015 20:16:36 GMT', 'content-type': 'application/json'}
        Body: {"server": {"security_groups": [{"name": "tempest-secgroup-smoke-1560448686"}], "OS-DCF:diskConfig": "MANUAL", "id": "630b6a7a-a275-4780-9c08-83466f08aad2", "links": [{"href": "http://10.0.2.15:8774/v2.1/1d44a5b86c0f4ec2933d3ec63207f906/servers/630b6a7a-a275-4780-9c08-83466f08aad2", "rel": "self"}, {"href": "http://10.0.2.15:8774/1d44a5b86c0f4ec2933d3ec63207f906/servers/630b6a7a-a275-4780-9c08-83466f08aad2", "rel": "bookmark"}], "adminPass": "mDonWmcKqj9Z"}}
2015-12-19 20:16:36,592 20285 INFO     [tempest_lib.common.rest_client] Request (TestNetworkAdvancedServerOps:test_server_connectivity_pause_unpause): 200 GET http://10.0.2.15:8774/v2.1/1d44a5b86c0f4ec2933d3ec63207f906/servers/630b6a7a-a275-4780-9c08-83466f08aad2 0.135s
2015-12-19 20:16:36,592 20285 DEBUG    [tempest_lib.common.rest_client] Request - Headers: {'Content-Type': 'application/json', 'Accept': 'application/json', 'X-Auth-Token': '&lt;omitted&gt;'}
        Body: None
    Response - Headers: {'status': '200', 'content-length': '1363', 'content-location': 'http://10.0.2.15:8774/v2.1/1d44a5b86c0f4ec2933d3ec63207f906/servers/630b6a7a-a275-4780-9c08-83466f08aad2', 'x-compute-request-id': 'req-0738b67a-0664-4b3c-876c-5bedde6bd0d6', 'vary': 'X-OpenStack-Nova-API-Version', 'connection': 'close', 'x-openstack-nova-api-version': '2.1', 'date': 'Sat, 19 Dec 2015 20:16:36 GMT', 'content-type': 'application/json'}
        Body: {"server": {"status": "BUILD", "updated": "2015-12-19T20:16:36Z", "hostId": "", "addresses": {}, "links": [{"href": "http://10.0.2.15:8774/v2.1/1d44a5b86c0f4ec2933d3ec63207f906/servers/630b6a7a-a275-4780-9c08-83466f08aad2", "rel": "self"}, {"href": "http://10.0.2.15:8774/1d44a5b86c0f4ec2933d3ec63207f906/servers/630b6a7a-a275-4780-9c08-83466f08aad2", "rel": "bookmark"}], "key_name": "tempest-TestNetworkAdvancedServerOps-468839036", "image": {"id": "515da9a6-809e-4263-ad81-125d59ffbcf0", "links": [{"href": "http://10.0.2.15:8774/1d44a5b86c0f4ec2933d3ec63207f906/images/515da9a6-809e-4263-ad81-125d59ffbcf0", "rel": "bookmark"}]}, "OS-EXT-STS:task_state": "scheduling", "OS-EXT-STS:vm_state": "building", "OS-SRV-USG:launched_at": null, "flavor": {"id": "42", "links": [{"href": "http://10.0.2.15:8774/1d44a5b86c0f4ec2933d3ec63207f906/flavors/42", "rel": "bookmark"}]}, "id": "630b6a7a-a275-4780-9c08-83466f08aad2", "OS-SRV-USG:terminated_at": null, "OS-EXT-AZ:availability_zone": "", "user_id": "6b6d7d730754402780b5749db3a60e88", "name": "tempest.common.compute-instance-659402745", "created": "2015-12-19T20:16:36Z", "tenant_id": "1d44a5b86c0f4ec2933d3ec63207f906", "OS-DCF:diskConfig": "MANUAL", "os-extended-volumes:volumes_attached": [], "accessIPv4": "", "accessIPv6": "", "progress": 0, "OS-EXT-STS:power_state": 0, "config_drive": "", "metadata": {}}}
2015-12-19 20:16:37,965 20285 INFO     [tempest_lib.common.rest_client] Request (TestNetworkAdvancedServerOps:test_server_connectivity_pause_unpause): 200 GET http://10.0.2.15:8774/v2.1/1d44a5b86c0f4ec2933d3ec63207f906/servers/630b6a7a-a275-4780-9c08-83466f08aad2 0.363s
2015-12-19 20:16:37,966 20285 DEBUG    [tempest_lib.common.rest_client] Request - Headers: {'Content-Type': 'application/json', 'Accept': 'application/json', 'X-Auth-Token': '&lt;omitted&gt;'}
        Body: None
    Response - Headers: {'status': '200', 'content-length': '1489', 'content-location': 'http://10.0.2.15:8774/v2.1/1d44a5b86c0f4ec2933d3ec63207f906/servers/630b6a7a-a275-4780-9c08-83466f08aad2', 'x-compute-request-id': 'req-7e8b0db3-adc3-446e-91d0-bba26747ebf3', 'vary': 'X-OpenStack-Nova-API-Version', 'connection': 'close', 'x-openstack-nova-api-version': '2.1', 'date': 'Sat, 19 Dec 2015 20:16:37 GMT', 'content-type': 'application/json'}
        Body: {"server": {"status": "BUILD", "updated": "2015-12-19T20:16:37Z", "hostId": "276d0d35a41600c3b2cdc0e1cfad8f585e99f4be567a10d1760ae918", "addresses": {}, "links": [{"href": "http://10.0.2.15:8774/v2.1/1d44a5b86c0f4ec2933d3ec63207f906/servers/630b6a7a-a275-4780-9c08-83466f08aad2", "rel": "self"}, {"href": "http://10.0.2.15:8774/1d44a5b86c0f4ec2933d3ec63207f906/servers/630b6a7a-a275-4780-9c08-83466f08aad2", "rel": "bookmark"}], "key_name": "tempest-TestNetworkAdvancedServerOps-468839036", "image": {"id": "515da9a6-809e-4263-ad81-125d59ffbcf0", "links": [{"href": "http://10.0.2.15:8774/1d44a5b86c0f4ec2933d3ec63207f906/images/515da9a6-809e-4263-ad81-125d59ffbcf0", "rel": "bookmark"}]}, "OS-EXT-STS:task_state": "spawning", "OS-EXT-STS:vm_state": "building", "OS-SRV-USG:launched_at": null, "flavor": {"id": "42", "links": [{"href": "http://10.0.2.15:8774/1d44a5b86c0f4ec2933d3ec63207f906/flavors/42", "rel": "bookmark"}]}, "id": "630b6a7a-a275-4780-9c08-83466f08aad2", "security_groups": [{"name": "tempest-secgroup-smoke-1560448686"}], "OS-SRV-USG:terminated_at": null, "OS-EXT-AZ:availability_zone": "nova", "user_id": "6b6d7d730754402780b5749db3a60e88", "name": "tempest.common.compute-instance-659402745", "created": "2015-12-19T20:16:36Z", "tenant_id": "1d44a5b86c0f4ec2933d3ec63207f906", "OS-DCF:diskConfig": "MANUAL", "os-extended-volumes:volumes_attached": [], "accessIPv4": "", "accessIPv6": "", "progress": 0, "OS-EXT-STS:power_state": 0, "config_drive": "", "metadata": {}}}
2015-12-19 20:16:37,981 20285 INFO     [tempest.common.waiters] State transition "BUILD/scheduling" ==&gt; "BUILD/spawning" after 1 second wait
2015-12-19 20:16:39,212 20285 INFO     [tempest_lib.common.rest_client] Request (TestNetworkAdvancedServerOps:test_server_connectivity_pause_unpause): 200 GET http://10.0.2.15:8774/v2.1/1d44a5b86c0f4ec2933d3ec63207f906/servers/630b6a7a-a275-4780-9c08-83466f08aad2 0.229s
2015-12-19 20:16:39,213 20285 DEBUG    [tempest_lib.common.rest_client] Request - Headers: {'Content-Type': 'application/json', 'Accept': 'application/json', 'X-Auth-Token': '&lt;omitted&gt;'}
        Body: None
    Response - Headers: {'status': '200', 'content-length': '1489', 'content-location': 'http://10.0.2.15:8774/v2.1/1d44a5b86c0f4ec2933d3ec63207f906/servers/630b6a7a-a275-4780-9c08-83466f08aad2', 'x-compute-request-id': 'req-dac0a419-a0c3-48a0-b461-9e429e0d340d', 'vary': 'X-OpenStack-Nova-API-Version', 'connection': 'close', 'x-openstack-nova-api-version': '2.1', 'date': 'Sat, 19 Dec 2015 20:16:39 GMT', 'content-type': 'application/json'}
        Body: {"server": {"status": "BUILD", "updated": "2015-12-19T20:16:37Z", "hostId": "276d0d35a41600c3b2cdc0e1cfad8f585e99f4be567a10d1760ae918", "addresses": {}, "links": [{"href": "http://10.0.2.15:8774/v2.1/1d44a5b86c0f4ec2933d3ec63207f906/servers/630b6a7a-a275-4780-9c08-83466f08aad2", "rel": "self"}, {"href": "http://10.0.2.15:8774/1d44a5b86c0f4ec2933d3ec63207f906/servers/630b6a7a-a275-4780-9c08-83466f08aad2", "rel": "bookmark"}], "key_name": "tempest-TestNetworkAdvancedServerOps-468839036", "image": {"id": "515da9a6-809e-4263-ad81-125d59ffbcf0", "links": [{"href": "http://10.0.2.15:8774/1d44a5b86c0f4ec2933d3ec63207f906/images/515da9a6-809e-4263-ad81-125d59ffbcf0", "rel": "bookmark"}]}, "OS-EXT-STS:task_state": "spawning", "OS-EXT-STS:vm_state": "building", "OS-SRV-USG:launched_at": null, "flavor": {"id": "42", "links": [{"href": "http://10.0.2.15:8774/1d44a5b86c0f4ec2933d3ec63207f906/flavors/42", "rel": "bookmark"}]}, "id": "630b6a7a-a275-4780-9c08-83466f08aad2", "security_groups": [{"name": "tempest-secgroup-smoke-1560448686"}], "OS-SRV-USG:terminated_at": null, "OS-EXT-AZ:availability_zone": "nova", "user_id": "6b6d7d730754402780b5749db3a60e88", "name": "tempest.common.compute-instance-659402745", "created": "2015-12-19T20:16:36Z", "tenant_id": "1d44a5b86c0f4ec2933d3ec63207f906", "OS-DCF:diskConfig": "MANUAL", "os-extended-volumes:volumes_attached": [], "accessIPv4": "", "accessIPv6": "", "progress": 0, "OS-EXT-STS:power_state": 0, "config_drive": "", "metadata": {}}}
2015-12-19 20:16:40,601 20285 INFO     [tempest_lib.common.rest_client] Request (TestNetworkAdvancedServerOps:test_server_connectivity_pause_unpause): 200 GET http://10.0.2.15:8774/v2.1/1d44a5b86c0f4ec2933d3ec63207f906/servers/630b6a7a-a275-4780-9c08-83466f08aad2 0.375s
2015-12-19 20:16:40,601 20285 DEBUG    [tempest_lib.common.rest_client] Request - Headers: {'Content-Type': 'application/json', 'Accept': 'application/json', 'X-Auth-Token': '&lt;omitted&gt;'}
        Body: None
    Response - Headers: {'status': '200', 'content-length': '1660', 'content-location': 'http://10.0.2.15:8774/v2.1/1d44a5b86c0f4ec2933d3ec63207f906/servers/630b6a7a-a275-4780-9c08-83466f08aad2', 'x-compute-request-id': 'req-421292b7-3dd0-4e20-8e0c-86ae0e30534b', 'vary': 'X-OpenStack-Nova-API-Version', 'connection': 'close', 'x-openstack-nova-api-version': '2.1', 'date': 'Sat, 19 Dec 2015 20:16:40 GMT', 'content-type': 'application/json'}
        Body: {"server": {"status": "ACTIVE", "updated": "2015-12-19T20:16:39Z", "hostId": "276d0d35a41600c3b2cdc0e1cfad8f585e99f4be567a10d1760ae918", "addresses": {"tempest-network-smoke--691963923": [{"OS-EXT-IPS-MAC:mac_addr": "fa:16:3e:94:3f:5e", "version": 4, "addr": "10.100.0.3", "OS-EXT-IPS:type": "fixed"}]}, "links": [{"href": "http://10.0.2.15:8774/v2.1/1d44a5b86c0f4ec2933d3ec63207f906/servers/630b6a7a-a275-4780-9c08-83466f08aad2", "rel": "self"}, {"href": "http://10.0.2.15:8774/1d44a5b86c0f4ec2933d3ec63207f906/servers/630b6a7a-a275-4780-9c08-83466f08aad2", "rel": "bookmark"}], "key_name": "tempest-TestNetworkAdvancedServerOps-468839036", "image": {"id": "515da9a6-809e-4263-ad81-125d59ffbcf0", "links": [{"href": "http://10.0.2.15:8774/1d44a5b86c0f4ec2933d3ec63207f906/images/515da9a6-809e-4263-ad81-125d59ffbcf0", "rel": "bookmark"}]}, "OS-EXT-STS:task_state": null, "OS-EXT-STS:vm_state": "active", "OS-SRV-USG:launched_at": "2015-12-19T20:16:39.000000", "flavor": {"id": "42", "links": [{"href": "http://10.0.2.15:8774/1d44a5b86c0f4ec2933d3ec63207f906/flavors/42", "rel": "bookmark"}]}, "id": "630b6a7a-a275-4780-9c08-83466f08aad2", "security_groups": [{"name": "tempest-secgroup-smoke-1560448686"}], "OS-SRV-USG:terminated_at": null, "OS-EXT-AZ:availability_zone": "nova", "user_id": "6b6d7d730754402780b5749db3a60e88", "name": "tempest.common.compute-instance-659402745", "created": "2015-12-19T20:16:36Z", "tenant_id": "1d44a5b86c0f4ec2933d3ec63207f906", "OS-DCF:diskConfig": "MANUAL", "os-extended-volumes:volumes_attached": [], "accessIPv4": "", "accessIPv6": "", "progress": 0, "OS-EXT-STS:power_state": 1, "config_drive": "True", "metadata": {}}}
2015-12-19 20:16:40,610 20285 INFO     [tempest.common.waiters] State transition "BUILD/spawning" ==&gt; "ACTIVE/None" after 4 second wait
2015-12-19 20:16:40,788 20285 INFO     [tempest_lib.common.rest_client] Request (TestNetworkAdvancedServerOps:test_server_connectivity_pause_unpause): 200 GET http://10.0.2.15:8774/v2.1/1d44a5b86c0f4ec2933d3ec63207f906/servers/630b6a7a-a275-4780-9c08-83466f08aad2 0.177s
2015-12-19 20:16:40,788 20285 DEBUG    [tempest_lib.common.rest_client] Request - Headers: {'Content-Type': 'application/json', 'Accept': 'application/json', 'X-Auth-Token': '&lt;omitted&gt;'}
        Body: None
    Response - Headers: {'status': '200', 'content-length': '1660', 'content-location': 'http://10.0.2.15:8774/v2.1/1d44a5b86c0f4ec2933d3ec63207f906/servers/630b6a7a-a275-4780-9c08-83466f08aad2', 'x-compute-request-id': 'req-2bf12ddf-c3b5-4a5d-af04-1c0b90280841', 'vary': 'X-OpenStack-Nova-API-Version', 'connection': 'close', 'x-openstack-nova-api-version': '2.1', 'date': 'Sat, 19 Dec 2015 20:16:40 GMT', 'content-type': 'application/json'}
        Body: {"server": {"status": "ACTIVE", "updated": "2015-12-19T20:16:39Z", "hostId": "276d0d35a41600c3b2cdc0e1cfad8f585e99f4be567a10d1760ae918", "addresses": {"tempest-network-smoke--691963923": [{"OS-EXT-IPS-MAC:mac_addr": "fa:16:3e:94:3f:5e", "version": 4, "addr": "10.100.0.3", "OS-EXT-IPS:type": "fixed"}]}, "links": [{"href": "http://10.0.2.15:8774/v2.1/1d44a5b86c0f4ec2933d3ec63207f906/servers/630b6a7a-a275-4780-9c08-83466f08aad2", "rel": "self"}, {"href": "http://10.0.2.15:8774/1d44a5b86c0f4ec2933d3ec63207f906/servers/630b6a7a-a275-4780-9c08-83466f08aad2", "rel": "bookmark"}], "key_name": "tempest-TestNetworkAdvancedServerOps-468839036", "image": {"id": "515da9a6-809e-4263-ad81-125d59ffbcf0", "links": [{"href": "http://10.0.2.15:8774/1d44a5b86c0f4ec2933d3ec63207f906/images/515da9a6-809e-4263-ad81-125d59ffbcf0", "rel": "bookmark"}]}, "OS-EXT-STS:task_state": null, "OS-EXT-STS:vm_state": "active", "OS-SRV-USG:launched_at": "2015-12-19T20:16:39.000000", "flavor": {"id": "42", "links": [{"href": "http://10.0.2.15:8774/1d44a5b86c0f4ec2933d3ec63207f906/flavors/42", "rel": "bookmark"}]}, "id": "630b6a7a-a275-4780-9c08-83466f08aad2", "security_groups": [{"name": "tempest-secgroup-smoke-1560448686"}], "OS-SRV-USG:terminated_at": null, "OS-EXT-AZ:availability_zone": "nova", "user_id": "6b6d7d730754402780b5749db3a60e88", "name": "tempest.common.compute-instance-659402745", "created": "2015-12-19T20:16:36Z", "tenant_id": "1d44a5b86c0f4ec2933d3ec63207f906", "OS-DCF:diskConfig": "MANUAL", "os-extended-volumes:volumes_attached": [], "accessIPv4": "", "accessIPv6": "", "progress": 0, "OS-EXT-STS:power_state": 1, "config_drive": "True", "metadata": {}}}
2015-12-19 20:16:40,926 20285 INFO     [tempest_lib.common.rest_client] Request (TestNetworkAdvancedServerOps:test_server_connectivity_pause_unpause): 200 GET http://10.0.2.15:9696/v2.0/ports?status=ACTIVE&amp;fixed_ip=None&amp;device_id=630b6a7a-a275-4780-9c08-83466f08aad2 0.128s
2015-12-19 20:16:40,926 20285 DEBUG    [tempest_lib.common.rest_client] Request - Headers: {'Content-Type': 'application/json', 'Accept': 'application/json', 'X-Auth-Token': '&lt;omitted&gt;'}
        Body: None
    Response - Headers: {'status': '200', 'content-length': '895', 'content-location': 'http://10.0.2.15:9696/v2.0/ports?status=ACTIVE&amp;fixed_ip=None&amp;device_id=630b6a7a-a275-4780-9c08-83466f08aad2', 'connection': 'close', 'date': 'Sat, 19 Dec 2015 20:16:40 GMT', 'content-type': 'application/json; charset=UTF-8', 'x-openstack-request-id': 'req-4a628789-a9c7-4156-98ac-aa482bef22dd'}
        Body: {"ports": [{"status": "ACTIVE", "binding:host_id": "vagrant-ubuntu-trusty-64", "allowed_address_pairs": [], "extra_dhcp_opts": [], "dns_assignment": [{"hostname": "host-10-100-0-3", "ip_address": "10.100.0.3", "fqdn": "host-10-100-0-3.openstacklocal."}], "device_owner": "compute:None", "port_security_enabled": true, "binding:profile": {}, "fixed_ips": [{"subnet_id": "81391184-3ff3-4cbd-b4da-16dc38f8c88c", "ip_address": "10.100.0.3"}], "id": "ccc60188-549c-4937-ab6f-61c08dcb5a21", "security_groups": ["499a4a92-cf39-429b-934d-987f905288fe"], "device_id": "630b6a7a-a275-4780-9c08-83466f08aad2", "name": "", "admin_state_up": true, "network_id": "7f90d67e-a7bf-4fa7-b419-ed34a2ae03ce", "dns_name": "", "binding:vif_details": {"port_filter": true}, "binding:vnic_type": "normal", "binding:vif_type": "ovs", "tenant_id": "1d44a5b86c0f4ec2933d3ec63207f906", "mac_address": "fa:16:3e:94:3f:5e"}]}
2015-12-19 20:16:41,348 20285 INFO     [tempest_lib.common.rest_client] Request (TestNetworkAdvancedServerOps:test_server_connectivity_pause_unpause): 201 POST http://10.0.2.15:9696/v2.0/floatingips 0.420s
2015-12-19 20:16:41,348 20285 DEBUG    [tempest_lib.common.rest_client] Request - Headers: {'Content-Type': 'application/json', 'Accept': 'application/json', 'X-Auth-Token': '&lt;omitted&gt;'}
        Body: {"floatingip": {"floating_network_id": "00470b47-8345-44b2-b501-e6d6e72b7686", "tenant_id": "1d44a5b86c0f4ec2933d3ec63207f906", "fixed_ip_address": "10.100.0.3", "port_id": "ccc60188-549c-4937-ab6f-61c08dcb5a21"}}
    Response - Headers: {'status': '201', 'content-length': '367', 'connection': 'close', 'date': 'Sat, 19 Dec 2015 20:16:41 GMT', 'content-type': 'application/json; charset=UTF-8', 'x-openstack-request-id': 'req-cd422f61-f5d4-45c3-b7d8-a9efd9a6c07e'}
        Body: {"floatingip": {"floating_network_id": "00470b47-8345-44b2-b501-e6d6e72b7686", "router_id": "bd4311ab-0dfc-4ffc-9907-0f2ef76245c1", "fixed_ip_address": "10.100.0.3", "floating_ip_address": "172.24.4.4", "tenant_id": "1d44a5b86c0f4ec2933d3ec63207f906", "status": "DOWN", "port_id": "ccc60188-549c-4937-ab6f-61c08dcb5a21", "id": "e7abb011-1a4b-48e2-86f6-6ff30d65560a"}}
2015-12-19 20:16:41,599 20285 INFO     [tempest_lib.common.rest_client] Request (TestNetworkAdvancedServerOps:test_server_connectivity_pause_unpause): 200 GET http://10.0.2.15:8774/v2.1/1d44a5b86c0f4ec2933d3ec63207f906/servers/630b6a7a-a275-4780-9c08-83466f08aad2 0.249s
2015-12-19 20:16:41,600 20285 DEBUG    [tempest_lib.common.rest_client] Request - Headers: {'Content-Type': 'application/json', 'Accept': 'application/json', 'X-Auth-Token': '&lt;omitted&gt;'}
        Body: None
    Response - Headers: {'status': '200', 'content-length': '1660', 'content-location': 'http://10.0.2.15:8774/v2.1/1d44a5b86c0f4ec2933d3ec63207f906/servers/630b6a7a-a275-4780-9c08-83466f08aad2', 'x-compute-request-id': 'req-b2f0e68b-7dc3-4b68-a366-20819ee94980', 'vary': 'X-OpenStack-Nova-API-Version', 'connection': 'close', 'x-openstack-nova-api-version': '2.1', 'date': 'Sat, 19 Dec 2015 20:16:41 GMT', 'content-type': 'application/json'}
        Body: {"server": {"status": "ACTIVE", "updated": "2015-12-19T20:16:39Z", "hostId": "276d0d35a41600c3b2cdc0e1cfad8f585e99f4be567a10d1760ae918", "addresses": {"tempest-network-smoke--691963923": [{"OS-EXT-IPS-MAC:mac_addr": "fa:16:3e:94:3f:5e", "version": 4, "addr": "10.100.0.3", "OS-EXT-IPS:type": "fixed"}]}, "links": [{"href": "http://10.0.2.15:8774/v2.1/1d44a5b86c0f4ec2933d3ec63207f906/servers/630b6a7a-a275-4780-9c08-83466f08aad2", "rel": "self"}, {"href": "http://10.0.2.15:8774/1d44a5b86c0f4ec2933d3ec63207f906/servers/630b6a7a-a275-4780-9c08-83466f08aad2", "rel": "bookmark"}], "key_name": "tempest-TestNetworkAdvancedServerOps-468839036", "image": {"id": "515da9a6-809e-4263-ad81-125d59ffbcf0", "links": [{"href": "http://10.0.2.15:8774/1d44a5b86c0f4ec2933d3ec63207f906/images/515da9a6-809e-4263-ad81-125d59ffbcf0", "rel": "bookmark"}]}, "OS-EXT-STS:task_state": null, "OS-EXT-STS:vm_state": "active", "OS-SRV-USG:launched_at": "2015-12-19T20:16:39.000000", "flavor": {"id": "42", "links": [{"href": "http://10.0.2.15:8774/1d44a5b86c0f4ec2933d3ec63207f906/flavors/42", "rel": "bookmark"}]}, "id": "630b6a7a-a275-4780-9c08-83466f08aad2", "security_groups": [{"name": "tempest-secgroup-smoke-1560448686"}], "OS-SRV-USG:terminated_at": null, "OS-EXT-AZ:availability_zone": "nova", "user_id": "6b6d7d730754402780b5749db3a60e88", "name": "tempest.common.compute-instance-659402745", "created": "2015-12-19T20:16:36Z", "tenant_id": "1d44a5b86c0f4ec2933d3ec63207f906", "OS-DCF:diskConfig": "MANUAL", "os-extended-volumes:volumes_attached": [], "accessIPv4": "", "accessIPv6": "", "progress": 0, "OS-EXT-STS:power_state": 1, "config_drive": "True", "metadata": {}}}
2015-12-19 20:16:41,616 20285 INFO     [tempest.scenario.manager] Tenant networks not configured to be reachable.
2015-12-19 20:16:41,627 20285 INFO     [tempest_lib.common.rest_client] Request (TestNetworkAdvancedServerOps:test_server_connectivity_pause_unpause): 200 GET http://10.0.2.15:9696/v2.0/floatingips/e7abb011-1a4b-48e2-86f6-6ff30d65560a 0.011s
2015-12-19 20:16:41,628 20285 DEBUG    [tempest_lib.common.rest_client] Request - Headers: {'Content-Type': 'application/json', 'Accept': 'application/json', 'X-Auth-Token': '&lt;omitted&gt;'}
        Body: None
    Response - Headers: {'status': '200', 'content-length': '367', 'content-location': 'http://10.0.2.15:9696/v2.0/floatingips/e7abb011-1a4b-48e2-86f6-6ff30d65560a', 'connection': 'close', 'date': 'Sat, 19 Dec 2015 20:16:41 GMT', 'content-type': 'application/json; charset=UTF-8', 'x-openstack-request-id': 'req-eafc992c-2aa6-4db7-858d-1074fc2be4b8'}
        Body: {"floatingip": {"floating_network_id": "00470b47-8345-44b2-b501-e6d6e72b7686", "router_id": "bd4311ab-0dfc-4ffc-9907-0f2ef76245c1", "fixed_ip_address": "10.100.0.3", "floating_ip_address": "172.24.4.4", "tenant_id": "1d44a5b86c0f4ec2933d3ec63207f906", "status": "DOWN", "port_id": "ccc60188-549c-4937-ab6f-61c08dcb5a21", "id": "e7abb011-1a4b-48e2-86f6-6ff30d65560a"}}
2015-12-19 20:16:42,641 20285 INFO     [tempest_lib.common.rest_client] Request (TestNetworkAdvancedServerOps:test_server_connectivity_pause_unpause): 200 GET http://10.0.2.15:9696/v2.0/floatingips/e7abb011-1a4b-48e2-86f6-6ff30d65560a 0.012s
2015-12-19 20:16:42,642 20285 DEBUG    [tempest_lib.common.rest_client] Request - Headers: {'Content-Type': 'application/json', 'Accept': 'application/json', 'X-Auth-Token': '&lt;omitted&gt;'}
        Body: None
    Response - Headers: {'status': '200', 'content-length': '369', 'content-location': 'http://10.0.2.15:9696/v2.0/floatingips/e7abb011-1a4b-48e2-86f6-6ff30d65560a', 'connection': 'close', 'date': 'Sat, 19 Dec 2015 20:16:42 GMT', 'content-type': 'application/json; charset=UTF-8', 'x-openstack-request-id': 'req-c59b391a-0137-40f2-8de9-b155ce333534'}
        Body: {"floatingip": {"floating_network_id": "00470b47-8345-44b2-b501-e6d6e72b7686", "router_id": "bd4311ab-0dfc-4ffc-9907-0f2ef76245c1", "fixed_ip_address": "10.100.0.3", "floating_ip_address": "172.24.4.4", "tenant_id": "1d44a5b86c0f4ec2933d3ec63207f906", "status": "ACTIVE", "port_id": "ccc60188-549c-4937-ab6f-61c08dcb5a21", "id": "e7abb011-1a4b-48e2-86f6-6ff30d65560a"}}
2015-12-19 20:16:42,642 20285 INFO     [tempest.scenario.manager] FloatingIP: &lt;"FloatingIP" addr="172.24.4.4" id="e7abb011-1a4b-48e2-86f6-6ff30d65560a"&gt; is at status: ACTIVE
2015-12-19 20:16:42,642 20285 DEBUG    [tempest.scenario.manager] checking network connections to IP 172.24.4.4 with user: cirros
2015-12-19 20:16:42,643 20285 DEBUG    [tempest.scenario.manager] TestNetworkAdvancedServerOps:test_server_connectivity_pause_unpause begins to ping 172.24.4.4 in 120 sec and the expected result is reachable
2015-12-19 20:18:42,930 20285 DEBUG    [tempest.scenario.manager] TestNetworkAdvancedServerOps:test_server_connectivity_pause_unpause finishes ping 172.24.4.4 in 120 sec and the ping result is unexpected
2015-12-19 20:18:42,932 20285 ERROR    [tempest.scenario.manager] Public network connectivity check failed
2015-12-19 20:18:42.932 20285 ERROR tempest.scenario.manager Traceback (most recent call last):
2015-12-19 20:18:42.932 20285 ERROR tempest.scenario.manager   File "tempest/scenario/manager.py", line 608, in check_public_network_connectivity
2015-12-19 20:18:42.932 20285 ERROR tempest.scenario.manager     should_connect=should_connect)
2015-12-19 20:18:42.932 20285 ERROR tempest.scenario.manager   File "tempest/scenario/manager.py", line 592, in check_vm_connectivity
2015-12-19 20:18:42.932 20285 ERROR tempest.scenario.manager     msg=msg)
2015-12-19 20:18:42.932 20285 ERROR tempest.scenario.manager   File "/usr/local/lib/python2.7/dist-packages/unittest2/case.py", line 702, in assertTrue
2015-12-19 20:18:42.932 20285 ERROR tempest.scenario.manager     raise self.failureException(msg)
2015-12-19 20:18:42.932 20285 ERROR tempest.scenario.manager AssertionError: False is not true : Timed out waiting for 172.24.4.4 to become reachable
2015-12-19 20:18:42.932 20285 ERROR tempest.scenario.manager 
2015-12-19 20:18:43,165 20285 INFO     [tempest_lib.common.rest_client] Request (TestNetworkAdvancedServerOps:test_server_connectivity_pause_unpause): 200 POST http://10.0.2.15:8774/v2.1/1d44a5b86c0f4ec2933d3ec63207f906/servers/630b6a7a-a275-4780-9c08-83466f08aad2/action 0.229s
2015-12-19 20:18:43,165 20285 DEBUG    [tempest_lib.common.rest_client] Request - Headers: {'Content-Type': 'application/json', 'Accept': 'application/json', 'X-Auth-Token': '&lt;omitted&gt;'}
        Body: {"os-getConsoleOutput": {}}
    Response - Headers: {'status': '200', 'content-length': '17469', 'x-compute-request-id': 'req-c29a5c1e-2246-4e87-a4d8-682ba48198ad', 'vary': 'X-OpenStack-Nova-API-Version', 'connection': 'close', 'x-openstack-nova-api-version': '2.1', 'date': 'Sat, 19 Dec 2015 20:18:43 GMT', 'content-type': 'application/json'}
        Body: {"output": "[    0.000000] Initializing cgroup subsys cpuset\n[    0.000000] Initializing cgroup subsys cpu\n[    0.000000] Linux version 3.2.0-80-virtual (buildd@batsu) (gcc version 4.6.3 (Ubuntu/Linaro 4.6.3-1ubuntu5) ) #116-Ubuntu SMP Mon Mar 23 17:28:52 UTC 2015 (Ubuntu 3.2.0-80.116-virtual 3.2.68)\n[    0.000000] Command line: root=/dev/vda console=tty0 console=ttyS0 no_timer_check\n[    0.000000] KERNEL supported cpus:\n[    0.000000]   Intel GenuineIntel\n[    0.000000]   AMD AuthenticAMD\n[    0.000000]   Centaur CentaurHauls\n[    0.000000] BIOS-provided physical RAM map:\n[    0.000000]  BIOS-e820: 0000000000000000 - 000000000009fc00 (usable)\n[    0.000000]  BIOS-e820: 000000000009fc00 - 00000000000a0000 (reserved)\n[    0.000000]  BIOS-e820: 00000000000f0000 - 0000000000100000 (reserved)\n[    0.000000]  BIOS-e820: 0000000000100000 - 0000000003ffe000 (usable)\n[    0.000000]  BIOS-e820: 0000000003ffe000 - 0000000004000000 (reserved)\n[    0.000000]  BIOS-e820: 00000000fffc0000 - 0000000100000000 (reserved)\n[    0.000000] NX (Execute Disable) protection: active\n[    0.000000] SMBIOS 2.4 present.\n[    0.000000] No AGP bridge found\n[    0.000000] last_pfn = 0x3ffe max_arch_pfn = 0x400000000\n[    0.000000] x86 PAT enabled: cpu 0, old 0x7040600070406, new 0x7010600070106\n[    0.000000] found SMP MP-table at [ffff8800000f0b00] f0b00\n[    0.000000] init_memory_mapping: 0000000000000000-0000000003ffe000\n[    0.000000] RAMDISK: 03c5e000 - 03ff0000\n[    0.000000] ACPI: RSDP 00000000000f0950 00014 (v00 BOCHS )\n[    0.000000] ACPI: RSDT 0000000003fffbc1 00034 (v01 BOCHS  BXPCRSDT 00000001 BXPC 00000001)\n[    0.000000] ACPI: FACP 0000000003fff1c0 00074 (v01 BOCHS  BXPCFACP 00000001 BXPC 00000001)\n[    0.000000] ACPI: DSDT 0000000003ffe040 01180 (v01 BOCHS  BXPCDSDT 00000001 BXPC 00000001)\n[    0.000000] ACPI: FACS 0000000003ffe000 00040\n[    0.000000] ACPI: SSDT 0000000003fff234 008DD (v01 BOCHS  BXPCSSDT 00000001 BXPC 00000001)\n[    0.000000] ACPI: APIC 0000000003fffb11 00078 (v01 BOCHS  BXPCAPIC 00000001 BXPC 00000001)\n[    0.000000] ACPI: HPET 0000000003fffb89 00038 (v01 BOCHS  BXPCHPET 00000001 BXPC 00000001)\n[    0.000000] No NUMA configuration found\n[    0.000000] Faking a node at 0000000000000000-0000000003ffe000\n[    0.000000] Initmem setup node 0 0000000000000000-0000000003ffe000\n[    0.000000]   NODE_DATA [0000000003ff6000 - 0000000003ffafff]\n[    0.000000] Zone PFN ranges:\n[    0.000000]   DMA      0x00000010 -&gt; 0x00001000\n[    0.000000]   DMA32    0x00001000 -&gt; 0x00100000\n[    0.000000]   Normal   empty\n[    0.000000] Movable zone start PFN for each node\n[    0.000000] early_node_map[2] active PFN ranges\n[    0.000000]     0: 0x00000010 -&gt; 0x0000009f\n[    0.000000]     0: 0x00000100 -&gt; 0x00003ffe\n[    0.000000] ACPI: PM-Timer IO Port: 0xb008\n[    0.000000] ACPI: LAPIC (acpi_id[0x00] lapic_id[0x00] enabled)\n[    0.000000] ACPI: LAPIC_NMI (acpi_id[0xff] dfl dfl lint[0x1])\n[    0.000000] ACPI: IOAPIC (id[0x00] address[0xfec00000] gsi_base[0])\n[    0.000000] IOAPIC[0]: apic_id 0, version 17, address 0xfec00000, GSI 0-23\n[    0.000000] ACPI: INT_SRC_OVR (bus 0 bus_irq 0 global_irq 2 dfl dfl)\n[    0.000000] ACPI: INT_SRC_OVR (bus 0 bus_irq 5 global_irq 5 high level)\n[    0.000000] ACPI: INT_SRC_OVR (bus 0 bus_irq 9 global_irq 9 high level)\n[    0.000000] ACPI: INT_SRC_OVR (bus 0 bus_irq 10 global_irq 10 high level)\n[    0.000000] ACPI: INT_SRC_OVR (bus 0 bus_irq 11 global_irq 11 high level)\n[    0.000000] Using ACPI (MADT) for SMP configuration information\n[    0.000000] ACPI: HPET id: 0x8086a201 base: 0xfed00000\n[    0.000000] SMP: Allowing 1 CPUs, 0 hotplug CPUs\n[    0.000000] PM: Registered nosave memory: 000000000009f000 - 00000000000a0000\n[    0.000000] PM: Registered nosave memory: 00000000000a0000 - 00000000000f0000\n[    0.000000] PM: Registered nosave memory: 00000000000f0000 - 0000000000100000\n[    0.000000] Allocating PCI resources starting at 4000000 (gap: 4000000:fbfc0000)\n[    0.000000] Booting paravirtualized kernel on bare hardware\n[    0.000000] setup_pe
2015-12-19 20:18:43,168 20285 DEBUG    [tempest.scenario.manager] Console output for 630b6a7a-a275-4780-9c08-83466f08aad2
body=
[    0.000000] Initializing cgroup subsys cpuset
[    0.000000] Initializing cgroup subsys cpu
[    0.000000] Linux version 3.2.0-80-virtual (buildd@batsu) (gcc version 4.6.3 (Ubuntu/Linaro 4.6.3-1ubuntu5) ) #116-Ubuntu SMP Mon Mar 23 17:28:52 UTC 2015 (Ubuntu 3.2.0-80.116-virtual 3.2.68)
[    0.000000] Command line: root=/dev/vda console=tty0 console=ttyS0 no_timer_check
[    0.000000] KERNEL supported cpus:
[    0.000000]   Intel GenuineIntel
[    0.000000]   AMD AuthenticAMD
[    0.000000]   Centaur CentaurHauls
[    0.000000] BIOS-provided physical RAM map:
[    0.000000]  BIOS-e820: 0000000000000000 - 000000000009fc00 (usable)
[    0.000000]  BIOS-e820: 000000000009fc00 - 00000000000a0000 (reserved)
[    0.000000]  BIOS-e820: 00000000000f0000 - 0000000000100000 (reserved)
[    0.000000]  BIOS-e820: 0000000000100000 - 0000000003ffe000 (usable)
[    0.000000]  BIOS-e820: 0000000003ffe000 - 0000000004000000 (reserved)
[    0.000000]  BIOS-e820: 00000000fffc0000 - 0000000100000000 (reserved)
[    0.000000] NX (Execute Disable) protection: active
[    0.000000] SMBIOS 2.4 present.
[    0.000000] No AGP bridge found
[    0.000000] last_pfn = 0x3ffe max_arch_pfn = 0x400000000
[    0.000000] x86 PAT enabled: cpu 0, old 0x7040600070406, new 0x7010600070106
[    0.000000] found SMP MP-table at [ffff8800000f0b00] f0b00
[    0.000000] init_memory_mapping: 0000000000000000-0000000003ffe000
[    0.000000] RAMDISK: 03c5e000 - 03ff0000
[    0.000000] ACPI: RSDP 00000000000f0950 00014 (v00 BOCHS )
[    0.000000] ACPI: RSDT 0000000003fffbc1 00034 (v01 BOCHS  BXPCRSDT 00000001 BXPC 00000001)
[    0.000000] ACPI: FACP 0000000003fff1c0 00074 (v01 BOCHS  BXPCFACP 00000001 BXPC 00000001)
[    0.000000] ACPI: DSDT 0000000003ffe040 01180 (v01 BOCHS  BXPCDSDT 00000001 BXPC 00000001)
[    0.000000] ACPI: FACS 0000000003ffe000 00040
[    0.000000] ACPI: SSDT 0000000003fff234 008DD (v01 BOCHS  BXPCSSDT 00000001 BXPC 00000001)
[    0.000000] ACPI: APIC 0000000003fffb11 00078 (v01 BOCHS  BXPCAPIC 00000001 BXPC 00000001)
[    0.000000] ACPI: HPET 0000000003fffb89 00038 (v01 BOCHS  BXPCHPET 00000001 BXPC 00000001)
[    0.000000] No NUMA configuration found
[    0.000000] Faking a node at 0000000000000000-0000000003ffe000
[    0.000000] Initmem setup node 0 0000000000000000-0000000003ffe000
[    0.000000]   NODE_DATA [0000000003ff6000 - 0000000003ffafff]
[    0.000000] Zone PFN ranges:
[    0.000000]   DMA      0x00000010 -&gt; 0x00001000
[    0.000000]   DMA32    0x00001000 -&gt; 0x00100000
[    0.000000]   Normal   empty
[    0.000000] Movable zone start PFN for each node
[    0.000000] early_node_map[2] active PFN ranges
[    0.000000]     0: 0x00000010 -&gt; 0x0000009f
[    0.000000]     0: 0x00000100 -&gt; 0x00003ffe
[    0.000000] ACPI: PM-Timer IO Port: 0xb008
[    0.000000] ACPI: LAPIC (acpi_id[0x00] lapic_id[0x00] enabled)
[    0.000000] ACPI: LAPIC_NMI (acpi_id[0xff] dfl dfl lint[0x1])
[    0.000000] ACPI: IOAPIC (id[0x00] address[0xfec00000] gsi_base[0])
[    0.000000] IOAPIC[0]: apic_id 0, version 17, address 0xfec00000, GSI 0-23
[    0.000000] ACPI: INT_SRC_OVR (bus 0 bus_irq 0 global_irq 2 dfl dfl)
[    0.000000] ACPI: INT_SRC_OVR (bus 0 bus_irq 5 global_irq 5 high level)
[    0.000000] ACPI: INT_SRC_OVR (bus 0 bus_irq 9 global_irq 9 high level)
[    0.000000] ACPI: INT_SRC_OVR (bus 0 bus_irq 10 global_irq 10 high level)
[    0.000000] ACPI: INT_SRC_OVR (bus 0 bus_irq 11 global_irq 11 high level)
[    0.000000] Using ACPI (MADT) for SMP configuration information
[    0.000000] ACPI: HPET id: 0x8086a201 base: 0xfed00000
[    0.000000] SMP: Allowing 1 CPUs, 0 hotplug CPUs
[    0.000000] PM: Registered nosave memory: 000000000009f000 - 00000000000a0000
[    0.000000] PM: Registered nosave memory: 00000000000a0000 - 00000000000f0000
[    0.000000] PM: Registered nosave memory: 00000000000f0000 - 0000000000100000
[    0.000000] Allocating PCI resources starting at 4000000 (gap: 4000000:fbfc0000)
[    0.000000] Booting paravirtualized kernel on bare hardware
[    0.000000] setup_percpu: NR_CPUS:64 nr_cpumask_bits:64 nr_cpu_ids:1 nr_node_ids:1
[    0.000000] PERCPU: Embedded 27 pages/cpu @ffff880003a00000 s78848 r8192 d23552 u2097152
[    0.000000] Built 1 zonelists in Node order, mobility grouping on.  Total pages: 16008
[    0.000000] Policy zone: DMA32
[    0.000000] Kernel command line: root=/dev/vda console=tty0 console=ttyS0 no_timer_check
[    0.000000] PID hash table entries: 256 (order: -1, 2048 bytes)
[    0.000000] Checking aperture...
[    0.000000] No AGP bridge found
[    0.000000] Memory: 43492k/65528k available (6576k kernel code, 452k absent, 21584k reserved, 6620k data, 928k init)
[    0.000000] SLUB: Genslabs=15, HWalign=64, Order=0-3, MinObjects=0, CPUs=1, Nodes=1
[    0.000000] Hierarchical RCU implementation.
[    0.000000] 	RCU dyntick-idle grace-period acceleration is enabled.
[    0.000000] NR_IRQS:4352 nr_irqs:256 16
[    0.000000] Console: colour VGA+ 80x25
[    0.000000] console [tty0] enabled
[    0.000000] console [ttyS0] enabled
[    0.000000] allocated 1048576 bytes of page_cgroup
[    0.000000] please try 'cgroup_disable=memory' option if you don't want memory cgroups
[    0.000000] Fast TSC calibration failed
[    0.000000] TSC: Unable to calibrate against PIT
[    0.000000] TSC: using HPET reference calibration
[    0.000000] Detected 2293.293 MHz processor.
[    0.033431] Calibrating delay loop (skipped), value calculated using timer frequency.. 4586.58 BogoMIPS (lpj=9173172)
[    0.035376] pid_max: default: 32768 minimum: 301
[    0.042642] Security Framework initialized
[    0.048930] AppArmor: AppArmor initialized
[    0.049835] Yama: becoming mindful.
[    0.058651] Dentry cache hash table entries: 8192 (order: 4, 65536 bytes)
[    0.060413] Inode-cache hash table entries: 4096 (order: 3, 32768 bytes)
[    0.061706] Mount-cache hash table entries: 256
[    0.080314] Initializing cgroup subsys cpuacct
[    0.081264] Initializing cgroup subsys memory
[    0.082781] Initializing cgroup subsys devices
[    0.085126] Initializing cgroup subsys freezer
[    0.086274] Initializing cgroup subsys blkio
[    0.088228] Initializing cgroup subsys perf_event
[    0.095225] mce: CPU supports 10 MCE banks
[    0.101821] SMP alternatives: switching to UP code
[    0.488781] Freeing SMP alternatives: 24k freed
[    0.490489] ACPI: Core revision 20110623
[    0.540446] ftrace: allocating 26610 entries in 105 pages
[    0.576797] ..TIMER: vector=0x30 apic1=0 pin1=2 apic2=-1 pin2=-1
[    0.578556] CPU0: AMD QEMU Virtual CPU version 2.0.0 stepping 03
[    0.584035] Performance Events: Broken PMU hardware detected, using software events only.
[    0.594205] NMI watchdog disabled (cpu0): hardware events not enabled
[    0.596651] Brought up 1 CPUs
[    0.597290] Total of 1 processors activated (4586.58 BogoMIPS).
[    0.634652] devtmpfs: initialized
[    0.664804] EVM: security.selinux
[    0.665313] EVM: security.SMACK64
[    0.665883] EVM: security.capability
[    0.686482] print_constraints: dummy: 
[    0.688802] RTC time: 20:16:43, date: 12/19/15
[    0.691158] NET: Registered protocol family 16
[    0.699054] ACPI: bus type pci registered
[    0.703225] PCI: Using configuration type 1 for base access
[    0.736094] bio: create slab &lt;bio-0&gt; at 0
[    0.740883] ACPI: Added _OSI(Module Device)
[    0.741469] ACPI: Added _OSI(Processor Device)
[    0.742027] ACPI: Added _OSI(3.0 _SCP Extensions)
[    0.742593] ACPI: Added _OSI(Processor Aggregator Device)
[    0.818523] ACPI: Interpreter enabled
[    0.819170] ACPI: (supports S0 S3 S4 S5)
[    0.821655] ACPI: Using IOAPIC for interrupt routing
[    0.893686] ACPI: No dock devices found.
[    0.894294] HEST: Table not found.
[    0.895060] PCI: Using host bridge windows from ACPI; if necessary, use "pci=nocrs" and report a bug
[    0.902927] ACPI: PCI Root Bridge [PCI0] (domain 0000 [bus 00-ff])
[    0.910609] pci_root PNP0A03:00: host bridge window [io  0x0000-0x0cf7]
[    0.912200] pci_root PNP0A03:00: host bridge window [io  0x0d00-0xadff]
[    0.913160] pci_root PNP0A03:00: host bridge window [io  0xae0f-0xaeff]
[    0.914278] pci_root PNP0A03:00: host bridge window [io  0xaf20-0xafdf]
[    0.915040] pci_root PNP0A03:00: host bridge window [io  0xafe4-0xffff]
[    0.916178] pci_root PNP0A03:00: host bridge window [mem 0x000a0000-0x000bffff]
[    0.917307] pci_root PNP0A03:00: host bridge window [mem 0x04000000-0xfebfffff]
[    0.942587] pci 0000:00:01.3: quirk: [io  0xb000-0xb03f] claimed by PIIX4 ACPI
[    0.944198] pci 0000:00:01.3: quirk: [io  0xb100-0xb10f] claimed by PIIX4 SMB
[    1.022816]  pci0000:00: Unable to request _OSC control (_OSC support mask: 0x1e)
[    1.081958] ACPI: PCI Interrupt Link [LNKA] (IRQs 5 *10 11)
[    1.084496] ACPI: PCI Interrupt Link [LNKB] (IRQs 5 *10 11)
[    1.086256] ACPI: PCI Interrupt Link [LNKC] (IRQs 5 10 *11)
[    1.088651] ACPI: PCI Interrupt Link [LNKD] (IRQs 5 10 *11)
[    1.090445] ACPI: PCI Interrupt Link [LNKS] (IRQs *9)
[    1.102260] vgaarb: device added: PCI:0000:00:02.0,decodes=io+mem,owns=io+mem,locks=none
[    1.103260] vgaarb: loaded
[    1.104180] vgaarb: bridge control possible 0000:00:02.0
[    1.108500] i2c-core: driver [aat2870] using legacy suspend method
[    1.109291] i2c-core: driver [aat2870] using legacy resume method
[    1.112279] SCSI subsystem initialized
[    1.116193] usbcore: registered new interface driver usbfs
[    1.117434] usbcore: registered new interface driver hub
[    1.118817] usbcore: registered new device driver usb
[    1.123395] PCI: Using ACPI for IRQ routing
[    1.134558] NetLabel: Initializing
[    1.135034] NetLabel:  domain hash size = 128
[    1.136132] NetLabel:  protocols = UNLABELED CIPSOv4
[    1.137723] NetLabel:  unlabeled traffic allowed by default
[    1.141678] HPET: 3 timers in total, 0 timers will be used for per-cpu timer
[    1.142878] hpet0: at MMIO 0xfed00000, IRQs 2, 8, 0
[    1.144636] hpet0: 3 comparators, 64-bit 100.000000 MHz counter
[    1.157592] Switching to clocksource hpet
[    1.424055] AppArmor: AppArmor Filesystem Enabled
[    1.426048] pnp: PnP ACPI init
[    1.426683] ACPI: bus type pnp registered
[    1.450293] pnp: PnP ACPI: found 9 devices
[    1.450932] ACPI: ACPI bus type pnp unregistered
[    1.515776] NET: Registered protocol family 2
[    1.549503] IP route cache hash table entries: 512 (order: 0, 4096 bytes)
[    1.556703] TCP established hash table entries: 2048 (order: 3, 32768 bytes)
[    1.558319] TCP bind hash table entries: 2048 (order: 3, 32768 bytes)
[    1.559282] TCP: Hash tables configured (established 2048 bind 2048)
[    1.560945] TCP reno registered
[    1.561856] UDP hash table entries: 128 (order: 0, 4096 bytes)
[    1.562726] UDP-Lite hash table entries: 128 (order: 0, 4096 bytes)
[    1.565949] NET: Registered protocol family 1
[    1.566789] pci 0000:00:00.0: Limiting direct PCI/PCI transfers
[    1.567379] pci 0000:00:01.0: PIIX3: Enabling Passive Release
[    1.568619] pci 0000:00:01.0: Activating ISA DMA hang workarounds
[    1.574612] ACPI: PCI Interrupt Link [LNKD] enabled at IRQ 11
[    1.575378] pci 0000:00:01.2: PCI INT D -&gt; Link[LNKD] -&gt; GSI 11 (level, high) -&gt; IRQ 11
[    1.578042] pci 0000:00:01.2: PCI INT D disabled
[    1.602590] Trying to unpack rootfs image as initramfs...
[    1.629943] audit: initializing netlink socket (disabled)
[    1.633399] type=2000 audit(1450556203.628:1): initialized
[    1.918302] HugeTLB registered 2 MB page size, pre-allocated 0 pages
[    1.999960] VFS: Disk quotas dquot_6.5.2
[    2.002347] Dquot-cache hash table entries: 512 (order 0, 4096 bytes)
[    2.017837] fuse init (API version 7.17)
[    2.020696] msgmni has been set to 84
[    2.059153] Block layer SCSI generic (bsg) driver version 0.4 loaded (major 253)
[    2.061609] io scheduler noop registered
[    2.062143] io scheduler deadline registered (default)
[    2.063286] io scheduler cfq registered
[    2.067809] pci_hotplug: PCI Hot Plug PCI Core version: 0.5
[    2.070610] pciehp: PCI Express Hot Plug Controller Driver version: 0.4
[    2.078545] input: Power Button as /devices/LNXSYSTM:00/LNXPWRBN:00/input/input0
[    2.080173] ACPI: Power Button [PWRF]
[    2.145812] ERST: Table is not found!
[    2.146292] GHES: HEST is not enabled!
[    2.157635] ACPI: PCI Interrupt Link [LNKC] enabled at IRQ 10
[    2.158309] virtio-pci 0000:00:03.0: PCI INT A -&gt; Link[LNKC] -&gt; GSI 10 (level, high) -&gt; IRQ 10
[    2.161906] virtio-pci 0000:00:04.0: PCI INT A -&gt; Link[LNKD] -&gt; GSI 11 (level, high) -&gt; IRQ 11
[    2.170930] ACPI: PCI Interrupt Link [LNKA] enabled at IRQ 10
[    2.171641] virtio-pci 0000:00:05.0: PCI INT A -&gt; Link[LNKA] -&gt; GSI 10 (level, high) -&gt; IRQ 10
[    2.182822] Serial: 8250/16550 driver, 32 ports, IRQ sharing enabled
[    2.230008] serial8250: ttyS0 at I/O 0x3f8 (irq = 4) is a 16550A
[    2.319792] serial8250: ttyS1 at I/O 0x2f8 (irq = 3) is a 16550A
[    2.461729] 00:05: ttyS0 at I/O 0x3f8 (irq = 4) is a 16550A
[    2.538792] 00:06: ttyS1 at I/O 0x2f8 (irq = 3) is a 16550A
[    2.581754] Refined TSC clocksource calibration: 2293.297 MHz.
[    2.582300] Switching to clocksource tsc
[    2.587171] Linux agpgart interface v0.103
[    2.671200] brd: module loaded
[    2.707080] loop: module loaded
[    2.762257]  vda: unknown partition table
[    2.826093] scsi0 : ata_piix
[    2.828245] scsi1 : ata_piix
[    2.830046] ata1: PATA max MWDMA2 cmd 0x1f0 ctl 0x3f6 bmdma 0xc0a0 irq 14
[    2.831696] ata2: PATA max MWDMA2 cmd 0x170 ctl 0x376 bmdma 0xc0a8 irq 15
[    2.841647] Fixed MDIO Bus: probed
[    2.842074] tun: Universal TUN/TAP device driver, 1.6
[    2.842664] tun: (C) 1999-2004 Max Krasnyansky &lt;maxk@qualcomm.com&gt;
[    2.858374] PPP generic driver version 2.4.2
[    2.889068] ehci_hcd: USB 2.0 'Enhanced' Host Controller (EHCI) Driver
[    2.890099] ohci_hcd: USB 1.1 'Open' Host Controller (OHCI) Driver
[    2.891054] uhci_hcd: USB Universal Host Controller Interface driver
[    2.891938] uhci_hcd 0000:00:01.2: PCI INT D -&gt; Link[LNKD] -&gt; GSI 11 (level, high) -&gt; IRQ 11
[    2.898033] uhci_hcd 0000:00:01.2: UHCI Host Controller
[    2.909922] uhci_hcd 0000:00:01.2: new USB bus registered, assigned bus number 1
[    2.913522] uhci_hcd 0000:00:01.2: irq 11, io base 0x0000c040
[    2.943239] hub 1-0:1.0: USB hub found
[    2.946191] hub 1-0:1.0: 2 ports detected
[    2.957066] usbcore: registered new interface driver libusual
[    2.960143] i8042: PNP: PS/2 Controller [PNP0303:KBD,PNP0f13:MOU] at 0x60,0x64 irq 1,12
[    2.967547] serio: i8042 KBD port at 0x60,0x64 irq 1
[    2.969820] serio: i8042 AUX port at 0x60,0x64 irq 12
[    3.008098] mousedev: PS/2 mouse device common for all mice
[    3.027456] input: AT Translated Set 2 keyboard as /devices/platform/i8042/serio0/input/input1
[    3.039867] rtc_cmos 00:01: RTC can wake from S4
[    3.075955] rtc_cmos 00:01: rtc core: registered rtc_cmos as rtc0
[    3.079674] rtc0: alarms up to one day, 114 bytes nvram, hpet irqs
[    3.085698] device-mapper: uevent: version 1.0.3
[    3.097521] ata2.01: ATAPI: QEMU DVD-ROM, 2.0.0, max UDMA/100
[    3.111136] ata2.01: configured for MWDMA2
[    3.123429] device-mapper: ioctl: 4.22.0-ioctl (2011-10-19) initialised: dm-devel@redhat.com
[    3.127586] cpuidle: using governor ladder
[    3.129262] cpuidle: using governor menu
[    3.130536] EFI Variables Facility v0.08 2004-May-17
[    3.145106] TCP cubic registered
[    3.150719] NET: Registered protocol family 10
[    3.180518] NET: Registered protocol family 17
[    3.182427] Registering the dns_resolver key type
[    3.226647] scsi 1:0:1:0: CD-ROM            QEMU     QEMU DVD-ROM     2.0. PQ: 0 ANSI: 5
[    3.255985] sr0: scsi3-mmc drive: 4x/4x cd/rw xa/form2 tray
[    3.259920] cdrom: Uniform CD-ROM driver Revision: 3.20
[    3.281198] sr 1:0:1:0: Attached scsi generic sg0 type 5
[    3.328921] registered taskstats version 1
[    3.410338] Freeing initrd memory: 3656k freed
[    3.919953]   Magic number: 11:307:296
[    3.927787] tty tty29: hash matches
[    3.931597] rtc_cmos 00:01: setting system clock to 2015-12-19 20:16:46 UTC (1450556206)
[    3.934627] powernow-k8: Processor cpuid 663 not supported
[    3.941151] BIOS EDD facility v0.16 2004-Jun-25, 0 devices found
[    3.942838] EDD information not available.
[    4.002397] Freeing unused kernel memory: 928k freed
[    4.007765] Write protecting the kernel read-only data: 12288k
[    4.126925] Freeing unused kernel memory: 1596k freed
[    4.194605] Freeing unused kernel memory: 1184k freed

info: initramfs: up at 4.38
modprobe: module virtio_blk not found in modules.dep
modprobe: module virtio_net not found in modules.dep
info: copying initramfs to /dev/vda
info: initramfs loading root from /dev/vda
info: /etc/init.d/rc.sysinit: up at 9.26
info: container: none
Starting logging: OK
modprobe: module virtio_blk not found in modules.dep
modprobe: module virtio_net not found in modules.dep
WARN: /etc/rc3.d/S10-load-modules failed
Initializing random number generator... done.
Starting acpid: OK
cirros-ds 'local' up at 11.82
found datasource (configdrive, local)
Starting network...
udhcpc (v1.20.1) started
Sending discover...
Sending discover...

2015-12-19 20:18:43,385 20285 INFO     [tempest_lib.common.rest_client] Request (TestNetworkAdvancedServerOps:_run_cleanups): 204 DELETE http://10.0.2.15:9696/v2.0/floatingips/e7abb011-1a4b-48e2-86f6-6ff30d65560a 0.213s
2015-12-19 20:18:43,386 20285 DEBUG    [tempest_lib.common.rest_client] Request - Headers: {'Content-Type': 'application/json', 'Accept': 'application/json', 'X-Auth-Token': '&lt;omitted&gt;'}
        Body: None
    Response - Headers: {'date': 'Sat, 19 Dec 2015 20:18:43 GMT', 'status': '204', 'connection': 'close', 'content-length': '0', 'x-openstack-request-id': 'req-7520bcd2-69f2-473f-b631-a95f18154a9f'}
        Body: 
2015-12-19 20:18:43,617 20285 INFO     [tempest_lib.common.rest_client] Request (TestNetworkAdvancedServerOps:_run_cleanups): 204 DELETE http://10.0.2.15:8774/v2.1/1d44a5b86c0f4ec2933d3ec63207f906/servers/630b6a7a-a275-4780-9c08-83466f08aad2 0.230s
2015-12-19 20:18:43,617 20285 DEBUG    [tempest_lib.common.rest_client] Request - Headers: {'Content-Type': 'application/json', 'Accept': 'application/json', 'X-Auth-Token': '&lt;omitted&gt;'}
        Body: None
    Response - Headers: {'status': '204', 'content-length': '0', 'x-compute-request-id': 'req-dd231bc6-326f-4202-881e-d3895e255aa2', 'vary': 'X-OpenStack-Nova-API-Version', 'connection': 'close', 'x-openstack-nova-api-version': '2.1', 'date': 'Sat, 19 Dec 2015 20:18:43 GMT', 'content-type': 'application/json'}
        Body: 
2015-12-19 20:18:43,817 20285 INFO     [tempest_lib.common.rest_client] Request (TestNetworkAdvancedServerOps:_run_cleanups): 200 GET http://10.0.2.15:8774/v2.1/1d44a5b86c0f4ec2933d3ec63207f906/servers/630b6a7a-a275-4780-9c08-83466f08aad2 0.199s
2015-12-19 20:18:43,818 20285 DEBUG    [tempest_lib.common.rest_client] Request - Headers: {'Content-Type': 'application/json', 'Accept': 'application/json', 'X-Auth-Token': '&lt;omitted&gt;'}
        Body: None
    Response - Headers: {'status': '200', 'content-length': '1783', 'content-location': 'http://10.0.2.15:8774/v2.1/1d44a5b86c0f4ec2933d3ec63207f906/servers/630b6a7a-a275-4780-9c08-83466f08aad2', 'x-compute-request-id': 'req-1fffade5-ecf6-46ed-af77-c44e449e631c', 'vary': 'X-OpenStack-Nova-API-Version', 'connection': 'close', 'x-openstack-nova-api-version': '2.1', 'date': 'Sat, 19 Dec 2015 20:18:43 GMT', 'content-type': 'application/json'}
        Body: {"server": {"status": "ACTIVE", "updated": "2015-12-19T20:18:43Z", "hostId": "276d0d35a41600c3b2cdc0e1cfad8f585e99f4be567a10d1760ae918", "addresses": {"tempest-network-smoke--691963923": [{"OS-EXT-IPS-MAC:mac_addr": "fa:16:3e:94:3f:5e", "version": 4, "addr": "10.100.0.3", "OS-EXT-IPS:type": "fixed"}, {"OS-EXT-IPS-MAC:mac_addr": "fa:16:3e:94:3f:5e", "version": 4, "addr": "172.24.4.4", "OS-EXT-IPS:type": "floating"}]}, "links": [{"href": "http://10.0.2.15:8774/v2.1/1d44a5b86c0f4ec2933d3ec63207f906/servers/630b6a7a-a275-4780-9c08-83466f08aad2", "rel": "self"}, {"href": "http://10.0.2.15:8774/1d44a5b86c0f4ec2933d3ec63207f906/servers/630b6a7a-a275-4780-9c08-83466f08aad2", "rel": "bookmark"}], "key_name": "tempest-TestNetworkAdvancedServerOps-468839036", "image": {"id": "515da9a6-809e-4263-ad81-125d59ffbcf0", "links": [{"href": "http://10.0.2.15:8774/1d44a5b86c0f4ec2933d3ec63207f906/images/515da9a6-809e-4263-ad81-125d59ffbcf0", "rel": "bookmark"}]}, "OS-EXT-STS:task_state": "deleting", "OS-EXT-STS:vm_state": "active", "OS-SRV-USG:launched_at": "2015-12-19T20:16:39.000000", "flavor": {"id": "42", "links": [{"href": "http://10.0.2.15:8774/1d44a5b86c0f4ec2933d3ec63207f906/flavors/42", "rel": "bookmark"}]}, "id": "630b6a7a-a275-4780-9c08-83466f08aad2", "security_groups": [{"name": "tempest-secgroup-smoke-1560448686"}], "OS-SRV-USG:terminated_at": null, "OS-EXT-AZ:availability_zone": "nova", "user_id": "6b6d7d730754402780b5749db3a60e88", "name": "tempest.common.compute-instance-659402745", "created": "2015-12-19T20:16:36Z", "tenant_id": "1d44a5b86c0f4ec2933d3ec63207f906", "OS-DCF:diskConfig": "MANUAL", "os-extended-volumes:volumes_attached": [], "accessIPv4": "", "accessIPv6": "", "progress": 0, "OS-EXT-STS:power_state": 1, "config_drive": "True", "metadata": {}}}
2015-12-19 20:18:45,013 20285 INFO     [tempest_lib.common.rest_client] Request (TestNetworkAdvancedServerOps:_run_cleanups): 200 GET http://10.0.2.15:8774/v2.1/1d44a5b86c0f4ec2933d3ec63207f906/servers/630b6a7a-a275-4780-9c08-83466f08aad2 0.180s
2015-12-19 20:18:45,013 20285 DEBUG    [tempest_lib.common.rest_client] Request - Headers: {'Content-Type': 'application/json', 'Accept': 'application/json', 'X-Auth-Token': '&lt;omitted&gt;'}
        Body: None
    Response - Headers: {'status': '200', 'content-length': '1448', 'content-location': 'http://10.0.2.15:8774/v2.1/1d44a5b86c0f4ec2933d3ec63207f906/servers/630b6a7a-a275-4780-9c08-83466f08aad2', 'x-compute-request-id': 'req-f310420c-645c-4250-841f-046f587c31d5', 'vary': 'X-OpenStack-Nova-API-Version', 'connection': 'close', 'x-openstack-nova-api-version': '2.1', 'date': 'Sat, 19 Dec 2015 20:18:45 GMT', 'content-type': 'application/json'}
        Body: {"server": {"status": "ACTIVE", "updated": "2015-12-19T20:18:44Z", "hostId": "276d0d35a41600c3b2cdc0e1cfad8f585e99f4be567a10d1760ae918", "addresses": {}, "links": [{"href": "http://10.0.2.15:8774/v2.1/1d44a5b86c0f4ec2933d3ec63207f906/servers/630b6a7a-a275-4780-9c08-83466f08aad2", "rel": "self"}, {"href": "http://10.0.2.15:8774/1d44a5b86c0f4ec2933d3ec63207f906/servers/630b6a7a-a275-4780-9c08-83466f08aad2", "rel": "bookmark"}], "key_name": "tempest-TestNetworkAdvancedServerOps-468839036", "image": {"id": "515da9a6-809e-4263-ad81-125d59ffbcf0", "links": [{"href": "http://10.0.2.15:8774/1d44a5b86c0f4ec2933d3ec63207f906/images/515da9a6-809e-4263-ad81-125d59ffbcf0", "rel": "bookmark"}]}, "OS-EXT-STS:task_state": "deleting", "OS-EXT-STS:vm_state": "active", "OS-SRV-USG:launched_at": "2015-12-19T20:16:39.000000", "flavor": {"id": "42", "links": [{"href": "http://10.0.2.15:8774/1d44a5b86c0f4ec2933d3ec63207f906/flavors/42", "rel": "bookmark"}]}, "id": "630b6a7a-a275-4780-9c08-83466f08aad2", "OS-SRV-USG:terminated_at": null, "OS-EXT-AZ:availability_zone": "nova", "user_id": "6b6d7d730754402780b5749db3a60e88", "name": "tempest.common.compute-instance-659402745", "created": "2015-12-19T20:16:36Z", "tenant_id": "1d44a5b86c0f4ec2933d3ec63207f906", "OS-DCF:diskConfig": "MANUAL", "os-extended-volumes:volumes_attached": [], "accessIPv4": "", "accessIPv6": "", "progress": 0, "OS-EXT-STS:power_state": 1, "config_drive": "True", "metadata": {}}}
2015-12-19 20:18:46,113 20285 INFO     [tempest_lib.common.rest_client] Request (TestNetworkAdvancedServerOps:_run_cleanups): 404 GET http://10.0.2.15:8774/v2.1/1d44a5b86c0f4ec2933d3ec63207f906/servers/630b6a7a-a275-4780-9c08-83466f08aad2 0.084s
2015-12-19 20:18:46,114 20285 DEBUG    [tempest_lib.common.rest_client] Request - Headers: {'Content-Type': 'application/json', 'Accept': 'application/json', 'X-Auth-Token': '&lt;omitted&gt;'}
        Body: None
    Response - Headers: {'status': '404', 'content-length': '111', 'x-compute-request-id': 'req-34103771-eb19-49a9-af11-db19bf380dc1', 'vary': 'X-OpenStack-Nova-API-Version', 'connection': 'close', 'x-openstack-nova-api-version': '2.1', 'date': 'Sat, 19 Dec 2015 20:18:46 GMT', 'content-type': 'application/json; charset=UTF-8'}
        Body: {"itemNotFound": {"message": "Instance 630b6a7a-a275-4780-9c08-83466f08aad2 could not be found.", "code": 404}}
2015-12-19 20:18:46,464 20285 INFO     [tempest_lib.common.rest_client] Request (TestNetworkAdvancedServerOps:_run_cleanups): 200 PUT http://10.0.2.15:9696/v2.0/routers/bd4311ab-0dfc-4ffc-9907-0f2ef76245c1/remove_router_interface 0.348s
2015-12-19 20:18:46,465 20285 DEBUG    [tempest_lib.common.rest_client] Request - Headers: {'Content-Type': 'application/json', 'Accept': 'application/json', 'X-Auth-Token': '&lt;omitted&gt;'}
        Body: {"subnet_id": "81391184-3ff3-4cbd-b4da-16dc38f8c88c"}
    Response - Headers: {'status': '200', 'content-length': '255', 'connection': 'close', 'date': 'Sat, 19 Dec 2015 20:18:46 GMT', 'content-type': 'application/json; charset=UTF-8', 'x-openstack-request-id': 'req-00df6444-0845-4055-8c8c-53f7640ffd69'}
        Body: {"subnet_id": "81391184-3ff3-4cbd-b4da-16dc38f8c88c", "tenant_id": "1d44a5b86c0f4ec2933d3ec63207f906", "subnet_ids": ["81391184-3ff3-4cbd-b4da-16dc38f8c88c"], "port_id": "1dfb7152-3713-434c-be4f-d8ed736d38f6", "id": "bd4311ab-0dfc-4ffc-9907-0f2ef76245c1"}
2015-12-19 20:18:46,871 20285 INFO     [tempest_lib.common.rest_client] Request (TestNetworkAdvancedServerOps:_run_cleanups): 204 DELETE http://10.0.2.15:9696/v2.0/subnets/81391184-3ff3-4cbd-b4da-16dc38f8c88c 0.406s
2015-12-19 20:18:46,872 20285 DEBUG    [tempest_lib.common.rest_client] Request - Headers: {'Content-Type': 'application/json', 'Accept': 'application/json', 'X-Auth-Token': '&lt;omitted&gt;'}
        Body: None
    Response - Headers: {'date': 'Sat, 19 Dec 2015 20:18:46 GMT', 'status': '204', 'connection': 'close', 'content-length': '0', 'x-openstack-request-id': 'req-4023a553-114a-4217-a831-be919fb13895'}
        Body: 
2015-12-19 20:18:46,916 20285 INFO     [tempest_lib.common.rest_client] Request (TestNetworkAdvancedServerOps:_run_cleanups): 200 GET http://10.0.2.15:9696/v2.0/routers/bd4311ab-0dfc-4ffc-9907-0f2ef76245c1 0.042s
2015-12-19 20:18:46,916 20285 DEBUG    [tempest_lib.common.rest_client] Request - Headers: {'Content-Type': 'application/json', 'Accept': 'application/json', 'X-Auth-Token': '&lt;omitted&gt;'}
        Body: None
    Response - Headers: {'status': '200', 'content-length': '501', 'content-location': 'http://10.0.2.15:9696/v2.0/routers/bd4311ab-0dfc-4ffc-9907-0f2ef76245c1', 'connection': 'close', 'date': 'Sat, 19 Dec 2015 20:18:46 GMT', 'content-type': 'application/json; charset=UTF-8', 'x-openstack-request-id': 'req-4bb40af4-296f-4fc1-bc7a-819adaa4b605'}
        Body: {"router": {"status": "ACTIVE", "external_gateway_info": {"network_id": "00470b47-8345-44b2-b501-e6d6e72b7686", "enable_snat": true, "external_fixed_ips": [{"subnet_id": "002493b9-3016-4b32-9932-35aba7afbd8a", "ip_address": "172.24.4.3"}, {"subnet_id": "ea7294c7-95d1-4833-8fb3-165bc5064d3d", "ip_address": "2001:db8::4"}]}, "name": "tempest-router-smoke-1517377401", "admin_state_up": true, "tenant_id": "1d44a5b86c0f4ec2933d3ec63207f906", "routes": [], "id": "bd4311ab-0dfc-4ffc-9907-0f2ef76245c1"}}
2015-12-19 20:18:47,232 20285 INFO     [tempest_lib.common.rest_client] Request (TestNetworkAdvancedServerOps:_run_cleanups): 200 PUT http://10.0.2.15:9696/v2.0/routers/bd4311ab-0dfc-4ffc-9907-0f2ef76245c1 0.315s
2015-12-19 20:18:47,233 20285 DEBUG    [tempest_lib.common.rest_client] Request - Headers: {'Content-Type': 'application/json', 'Accept': 'application/json', 'X-Auth-Token': '&lt;omitted&gt;'}
        Body: {"router": {"external_gateway_info": {}, "name": "tempest-router-smoke-1517377401", "admin_state_up": true}}
    Response - Headers: {'status': '200', 'content-length': '239', 'connection': 'close', 'date': 'Sat, 19 Dec 2015 20:18:47 GMT', 'content-type': 'application/json; charset=UTF-8', 'x-openstack-request-id': 'req-c52b73db-c02a-4fc7-aa87-f97882555c97'}
        Body: {"router": {"status": "ACTIVE", "external_gateway_info": null, "name": "tempest-router-smoke-1517377401", "admin_state_up": true, "tenant_id": "1d44a5b86c0f4ec2933d3ec63207f906", "routes": [], "id": "bd4311ab-0dfc-4ffc-9907-0f2ef76245c1"}}
2015-12-19 20:18:47,426 20285 INFO     [tempest_lib.common.rest_client] Request (TestNetworkAdvancedServerOps:_run_cleanups): 204 DELETE http://10.0.2.15:9696/v2.0/routers/bd4311ab-0dfc-4ffc-9907-0f2ef76245c1 0.192s
2015-12-19 20:18:47,426 20285 DEBUG    [tempest_lib.common.rest_client] Request - Headers: {'Content-Type': 'application/json', 'Accept': 'application/json', 'X-Auth-Token': '&lt;omitted&gt;'}
        Body: None
    Response - Headers: {'date': 'Sat, 19 Dec 2015 20:18:47 GMT', 'status': '204', 'connection': 'close', 'content-length': '0', 'x-openstack-request-id': 'req-2ba52af3-f90e-47ea-9a0d-a1d464b4ea78'}
        Body: 
2015-12-19 20:18:47,599 20285 INFO     [tempest_lib.common.rest_client] Request (TestNetworkAdvancedServerOps:_run_cleanups): 204 DELETE http://10.0.2.15:9696/v2.0/networks/7f90d67e-a7bf-4fa7-b419-ed34a2ae03ce 0.172s
2015-12-19 20:18:47,600 20285 DEBUG    [tempest_lib.common.rest_client] Request - Headers: {'Content-Type': 'application/json', 'Accept': 'application/json', 'X-Auth-Token': '&lt;omitted&gt;'}
        Body: None
    Response - Headers: {'date': 'Sat, 19 Dec 2015 20:18:47 GMT', 'status': '204', 'connection': 'close', 'content-length': '0', 'x-openstack-request-id': 'req-b4e2f118-e0e0-4157-8bfa-11a842abc0c4'}
        Body: 
2015-12-19 20:18:47,651 20285 INFO     [tempest_lib.common.rest_client] Request (TestNetworkAdvancedServerOps:_run_cleanups): 204 DELETE http://10.0.2.15:9696/v2.0/security-group-rules/85077d41-e640-4a06-9142-b4ce37beba5e 0.050s
2015-12-19 20:18:47,651 20285 DEBUG    [tempest_lib.common.rest_client] Request - Headers: {'Content-Type': 'application/json', 'Accept': 'application/json', 'X-Auth-Token': '&lt;omitted&gt;'}
        Body: None
    Response - Headers: {'date': 'Sat, 19 Dec 2015 20:18:47 GMT', 'status': '204', 'connection': 'close', 'content-length': '0', 'x-openstack-request-id': 'req-bb7d0545-b3a8-4ce6-b463-8118578b83ae'}
        Body: 
2015-12-19 20:18:47,706 20285 INFO     [tempest_lib.common.rest_client] Request (TestNetworkAdvancedServerOps:_run_cleanups): 204 DELETE http://10.0.2.15:9696/v2.0/security-group-rules/9d3802e3-3a71-4b51-ab12-ce5ac8cd8a10 0.054s
2015-12-19 20:18:47,706 20285 DEBUG    [tempest_lib.common.rest_client] Request - Headers: {'Content-Type': 'application/json', 'Accept': 'application/json', 'X-Auth-Token': '&lt;omitted&gt;'}
        Body: None
    Response - Headers: {'date': 'Sat, 19 Dec 2015 20:18:47 GMT', 'status': '204', 'connection': 'close', 'content-length': '0', 'x-openstack-request-id': 'req-060eef25-6def-4b7a-9b9d-28ee7e63b62c'}
        Body: 
2015-12-19 20:18:47,755 20285 INFO     [tempest_lib.common.rest_client] Request (TestNetworkAdvancedServerOps:_run_cleanups): 204 DELETE http://10.0.2.15:9696/v2.0/security-group-rules/021da60c-3256-4ca3-ab04-1415317423be 0.047s
2015-12-19 20:18:47,756 20285 DEBUG    [tempest_lib.common.rest_client] Request - Headers: {'Content-Type': 'application/json', 'Accept': 'application/json', 'X-Auth-Token': '&lt;omitted&gt;'}
        Body: None
    Response - Headers: {'date': 'Sat, 19 Dec 2015 20:18:47 GMT', 'status': '204', 'connection': 'close', 'content-length': '0', 'x-openstack-request-id': 'req-d1c34d47-0290-4d13-ab0a-4b01bb907636'}
        Body: 
2015-12-19 20:18:47,816 20285 INFO     [tempest_lib.common.rest_client] Request (TestNetworkAdvancedServerOps:_run_cleanups): 204 DELETE http://10.0.2.15:9696/v2.0/security-group-rules/446b4722-4238-4946-94a7-c4e77f913d26 0.059s
2015-12-19 20:18:47,817 20285 DEBUG    [tempest_lib.common.rest_client] Request - Headers: {'Content-Type': 'application/json', 'Accept': 'application/json', 'X-Auth-Token': '&lt;omitted&gt;'}
        Body: None
    Response - Headers: {'date': 'Sat, 19 Dec 2015 20:18:47 GMT', 'status': '204', 'connection': 'close', 'content-length': '0', 'x-openstack-request-id': 'req-028b270f-365b-4f09-925e-8cb8535a0a66'}
        Body: 
2015-12-19 20:18:47,876 20285 INFO     [tempest_lib.common.rest_client] Request (TestNetworkAdvancedServerOps:_run_cleanups): 204 DELETE http://10.0.2.15:9696/v2.0/security-group-rules/b3a01b7f-7920-4d8b-8029-8d8d8639573b 0.057s
2015-12-19 20:18:47,876 20285 DEBUG    [tempest_lib.common.rest_client] Request - Headers: {'Content-Type': 'application/json', 'Accept': 'application/json', 'X-Auth-Token': '&lt;omitted&gt;'}
        Body: None
    Response - Headers: {'date': 'Sat, 19 Dec 2015 20:18:47 GMT', 'status': '204', 'connection': 'close', 'content-length': '0', 'x-openstack-request-id': 'req-c75ad2ea-817d-47e3-949b-a34d945579da'}
        Body: 
2015-12-19 20:18:47,928 20285 INFO     [tempest_lib.common.rest_client] Request (TestNetworkAdvancedServerOps:_run_cleanups): 204 DELETE http://10.0.2.15:9696/v2.0/security-group-rules/e1faedd1-fb35-4f21-8715-466afce13b3f 0.050s
2015-12-19 20:18:47,928 20285 DEBUG    [tempest_lib.common.rest_client] Request - Headers: {'Content-Type': 'application/json', 'Accept': 'application/json', 'X-Auth-Token': '&lt;omitted&gt;'}
        Body: None
    Response - Headers: {'date': 'Sat, 19 Dec 2015 20:18:47 GMT', 'status': '204', 'connection': 'close', 'content-length': '0', 'x-openstack-request-id': 'req-8326a789-b598-43be-97ca-b55c8bf674fd'}
        Body: 
2015-12-19 20:18:48,005 20285 INFO     [tempest_lib.common.rest_client] Request (TestNetworkAdvancedServerOps:_run_cleanups): 204 DELETE http://10.0.2.15:9696/v2.0/security-groups/499a4a92-cf39-429b-934d-987f905288fe 0.076s
2015-12-19 20:18:48,006 20285 DEBUG    [tempest_lib.common.rest_client] Request - Headers: {'Content-Type': 'application/json', 'Accept': 'application/json', 'X-Auth-Token': '&lt;omitted&gt;'}
        Body: None
    Response - Headers: {'date': 'Sat, 19 Dec 2015 20:18:48 GMT', 'status': '204', 'connection': 'close', 'content-length': '0', 'x-openstack-request-id': 'req-0febeb85-d0e4-45b5-9fe4-a1778f497222'}
        Body: 
2015-12-19 20:18:48,031 20285 INFO     [tempest_lib.common.rest_client] Request (TestNetworkAdvancedServerOps:_run_cleanups): 202 DELETE http://10.0.2.15:8774/v2.1/1d44a5b86c0f4ec2933d3ec63207f906/os-keypairs/tempest-TestNetworkAdvancedServerOps-468839036 0.024s
2015-12-19 20:18:48,031 20285 DEBUG    [tempest_lib.common.rest_client] Request - Headers: {'Content-Type': 'application/json', 'Accept': 'application/json', 'X-Auth-Token': '&lt;omitted&gt;'}
        Body: None
    Response - Headers: {'status': '202', 'content-length': '0', 'x-compute-request-id': 'req-60720175-8a00-4999-a9cd-48ab41b8d919', 'vary': 'X-OpenStack-Nova-API-Version', 'connection': 'close', 'x-openstack-nova-api-version': '2.1', 'date': 'Sat, 19 Dec 2015 20:18:48 GMT', 'content-type': 'application/json'}
        Body: 
2015-12-19 20:18:48,124 20285 INFO     [tempest_lib.common.rest_client] Request (TestNetworkAdvancedServerOps:_run_cleanups): 404 GET http://10.0.2.15:8774/v2.1/1d44a5b86c0f4ec2933d3ec63207f906/servers/630b6a7a-a275-4780-9c08-83466f08aad2 0.091s
2015-12-19 20:18:48,124 20285 DEBUG    [tempest_lib.common.rest_client] Request - Headers: {'Content-Type': 'application/json', 'Accept': 'application/json', 'X-Auth-Token': '&lt;omitted&gt;'}
        Body: None
    Response - Headers: {'status': '404', 'content-length': '111', 'x-compute-request-id': 'req-8c6db53d-e7f1-4fa2-9ff9-929b6ea1eb87', 'vary': 'X-OpenStack-Nova-API-Version', 'connection': 'close', 'x-openstack-nova-api-version': '2.1', 'date': 'Sat, 19 Dec 2015 20:18:48 GMT', 'content-type': 'application/json; charset=UTF-8'}
        Body: {"itemNotFound": {"message": "Instance 630b6a7a-a275-4780-9c08-83466f08aad2 could not be found.", "code": 404}}
}}}

Traceback (most recent call last):
  File "tempest/test.py", line 113, in wrapper
    return f(self, *func_args, **func_kwargs)
  File "tempest/scenario/test_network_advanced_server_ops.py", line 134, in test_server_connectivity_pause_unpause
    server, keypair, floating_ip = self._setup_network_and_servers()
  File "tempest/scenario/test_network_advanced_server_ops.py", line 71, in _setup_network_and_servers
    server, keypair, floating_ip)
  File "tempest/scenario/test_network_advanced_server_ops.py", line 95, in _wait_server_status_and_check_network_connectivity
    self._check_network_connectivity(server, keypair, floating_ip)
  File "tempest/scenario/test_network_advanced_server_ops.py", line 88, in _check_network_connectivity
    servers=[server])
  File "tempest/scenario/manager.py", line 608, in check_public_network_connectivity
    should_connect=should_connect)
  File "tempest/scenario/manager.py", line 592, in check_vm_connectivity
    msg=msg)
  File "/usr/local/lib/python2.7/dist-packages/unittest2/case.py", line 702, in assertTrue
    raise self.failureException(msg)
AssertionError: False is not true : Timed out waiting for 172.24.4.4 to become reachable



        </pre>
    </div>
    <!--css div popup end-->

    </td>
</tr>

<tr id='ft1.2' class='none'>
    <td class='failCase'><div class='testcase'>test_server_connectivity_reboot[compute,id-7b6860c2-afa3-4846-9522-adeb38dfbe08,network]</div></td>
    <td colspan='7' align='left'>

    <!--css div popup start-->
    <a class="popup_link" onfocus='this.blur();'
    href="javascript:showTestDetail('div_ft1.2')" >
        fail</a>

    <div id='div_ft1.2' class="popup_window">
        <div style='text-align: right; color:red;cursor:pointer'>
        <a onfocus='this.blur();'
onclick="document.getElementById('div_ft1.2').style.display = 'none' " >
           [x]</a>
        </div>
        <pre>
        
ft1.2: tempest.scenario.test_network_advanced_server_ops.TestNetworkAdvancedServerOps.test_server_connectivity_reboot[compute,id-7b6860c2-afa3-4846-9522-adeb38dfbe08,network]_StringException: Empty attachments:
  stderr
  stdout

pythonlogging:'': {{{
2015-12-19 20:18:48,350 20285 INFO     [tempest_lib.common.rest_client] Request (TestNetworkAdvancedServerOps:test_server_connectivity_reboot): 200 POST http://10.0.2.15:8774/v2.1/1d44a5b86c0f4ec2933d3ec63207f906/os-keypairs 0.205s
