<?xml version="1.0" encoding="UTF-8"?>
<!DOCTYPE html PUBLIC "-//W3C//DTD XHTML 1.0 Strict//EN"
     "http://www.w3.org/TR/xhtml1/DTD/xhtml1-strict.dtd">
<html xmlns="http://www.w3.org/1999/xhtml">
<head>
    <title>Unit Test Report</title>
    <meta name="generator" content="subunit2html 0.1"/>
    <meta http-equiv="Content-Type" content="text/html; charset=UTF-8"/>
    
<style type="text/css" media="screen">
body        { font-family: verdana, arial, helvetica, sans-serif;
    font-size: 80%; }
table       { font-size: 100%; width: 100%;}
pre         { font-size: 80%; }

/* -- heading -------------------------------------------------------------- */
h1 {
        font-size: 16pt;
        color: gray;
}
.heading {
    margin-top: 0ex;
    margin-bottom: 1ex;
}

.heading .attribute {
    margin-top: 1ex;
    margin-bottom: 0;
}

.heading .description {
    margin-top: 4ex;
    margin-bottom: 6ex;
}

/* -- css div popup -------------------------------------------------------- */
a.popup_link {
}

a.popup_link:hover {
    color: red;
}

.popup_window {
    display: none;
    overflow-x: scroll;
    /*border: solid #627173 1px; */
    padding: 10px;
    background-color: #E6E6D6;
    font-family: "Ubuntu Mono", "Lucida Console", "Courier New", monospace;
    text-align: left;
    font-size: 8pt;
}

}
/* -- report --------------------------------------------------------------- */
#show_detail_line {
    margin-top: 3ex;
    margin-bottom: 1ex;
}
#result_table {
    width: 100%;
    border-collapse: collapse;
    border: 1px solid #777;
}
#header_row {
    font-weight: bold;
    color: white;
    background-color: #777;
}
#result_table td {
    border: 1px solid #777;
    padding: 2px;
}
#total_row  { font-weight: bold; }
.passClass  { background-color: #6c6; }
.failClass  { background-color: #c60; }
.errorClass { background-color: #c00; }
.passCase   { color: #6c6; }
.failCase   { color: #c60; font-weight: bold; }
.errorCase  { color: #c00; font-weight: bold; }
.hiddenRow  { display: none; }
.testcase   { margin-left: 2em; }
td.testname {width: 40%}
td.small {width: 40px}

/* -- ending --------------------------------------------------------------- */
#ending {
}

</style>

</head>
<body>
<script language="javascript" type="text/javascript"><!--
output_list = Array();

/* level - 0:Summary; 1:Failed; 2:All */
function showCase(level) {
    trs = document.getElementsByTagName("tr");
    for (var i = 0; i < trs.length; i++) {
        tr = trs[i];
        id = tr.id;
        if (id.substr(0,2) == 'ft') {
            if (level < 1) {
                tr.className = 'hiddenRow';
            }
            else {
                tr.className = '';
            }
        }
        if (id.substr(0,2) == 'pt') {
            if (level > 1) {
                tr.className = '';
            }
            else {
                tr.className = 'hiddenRow';
            }
        }
    }
}


function showClassDetail(cid, count) {
    var id_list = Array(count);
    var toHide = 1;
    for (var i = 0; i < count; i++) {
        tid0 = 't' + cid.substr(1) + '.' + (i+1);
        tid = 'f' + tid0;
        tr = document.getElementById(tid);
        if (!tr) {
            tid = 'p' + tid0;
            tr = document.getElementById(tid);
        }
        id_list[i] = tid;
        if (tr.className) {
            toHide = 0;
        }
    }
    for (var i = 0; i < count; i++) {
        tid = id_list[i];
        if (toHide) {
            document.getElementById('div_'+tid).style.display = 'none'
            document.getElementById(tid).className = 'hiddenRow';
        }
        else {
            document.getElementById(tid).className = '';
        }
    }
}


function showTestDetail(div_id){
    var details_div = document.getElementById(div_id)
    var displayState = details_div.style.display
    // alert(displayState)
    if (displayState != 'block' ) {
        displayState = 'block'
        details_div.style.display = 'block'
    }
    else {
        details_div.style.display = 'none'
    }
}


function html_escape(s) {
    s = s.replace(/&/g,'&amp;');
    s = s.replace(/</g,'&lt;');
    s = s.replace(/>/g,'&gt;');
    return s;
}

/* obsoleted by detail in <div>
function showOutput(id, name) {
    var w = window.open("", //url
                    name,
                    "resizable,scrollbars,status,width=800,height=450");
    d = w.document;
    d.write("<pre>");
    d.write(html_escape(output_list[id]));
    d.write("\n");
    d.write("<a href='javascript:window.close()'>close</a>\n");
    d.write("</pre>\n");
    d.close();
}
*/
--></script>

<div class='heading'>
<h1>Unit Test Report</h1>

<p class='attribute'><strong>Status:</strong> Failure 6</p>

<p class='description'></p>
</div>



<p id='show_detail_line'>Show
<a href='javascript:showCase(0)'>Summary</a>
<a href='javascript:showCase(1)'>Failed</a>
<a href='javascript:showCase(2)'>All</a>
</p>
<table id='result_table'>
<colgroup>
<col align='left' />
<col align='right' />
<col align='right' />
<col align='right' />
<col align='right' />
<col align='right' />
<col align='right' />
<col align='right' />
</colgroup>
<tr id='header_row'>
    <td>Test Group/Test case</td>
    <td>Count</td>
    <td>Pass</td>
    <td>Fail</td>
    <td>Error</td>
    <td>Skip</td>
    <td>View</td>
    <td> </td>
</tr>

<tr class='failClass'>
    <td class="testname">tempest.scenario.test_network_advanced_server_ops.TestNetworkAdvancedServerOps</td>
    <td class="small">6</td>
    <td class="small">0</td>
    <td class="small">6</td>
    <td class="small">0</td>
    <td class="small">0</td>
    <td class="small"><a href="javascript:showClassDetail('c1',6)"
>Detail</a></td>
    <td> </td>
</tr>

<tr id='ft1.1' class='none'>
    <td class='failCase'><div class='testcase'>test_server_connectivity_pause_unpause[compute,id-2b2642db-6568-4b35-b812-eceed3fa20ce,network]</div></td>
    <td colspan='7' align='left'>

    <!--css div popup start-->
    <a class="popup_link" onfocus='this.blur();'
    href="javascript:showTestDetail('div_ft1.1')" >
        fail</a>

    <div id='div_ft1.1' class="popup_window">
        <div style='text-align: right; color:red;cursor:pointer'>
        <a onfocus='this.blur();'
onclick="document.getElementById('div_ft1.1').style.display = 'none' " >
           [x]</a>
        </div>
        <pre>
        
ft1.1: tempest.scenario.test_network_advanced_server_ops.TestNetworkAdvancedServerOps.test_server_connectivity_pause_unpause[compute,id-2b2642db-6568-4b35-b812-eceed3fa20ce,network]_StringException: Empty attachments:
  stderr
  stdout

pythonlogging:'': {{{
2015-12-20 16:30:04,633 20276 INFO     [tempest_lib.common.rest_client] Request (TestNetworkAdvancedServerOps:test_server_connectivity_pause_unpause): 200 POST http://10.0.2.15:8774/v2.1/725a8229fc0248078c8ca1dcc130dafa/os-keypairs 0.308s
2015-12-20 16:30:04,634 20276 DEBUG    [tempest_lib.common.rest_client] Request - Headers: {'Content-Type': 'application/json', 'Accept': 'application/json', 'X-Auth-Token': '&lt;omitted&gt;'}
        Body: {"keypair": {"name": "tempest-TestNetworkAdvancedServerOps-1549898585"}}
    Response - Headers: {'status': '200', 'content-length': '2330', 'x-compute-request-id': 'req-6a8b164c-6fb4-494b-9da2-85704f882259', 'vary': 'X-OpenStack-Nova-API-Version', 'connection': 'close', 'x-openstack-nova-api-version': '2.1', 'date': 'Sun, 20 Dec 2015 16:30:04 GMT', 'content-type': 'application/json'}
        Body: {"keypair": {"public_key": "ssh-rsa AAAAB3NzaC1yc2EAAAADAQABAAABAQCnCg7o4hy3Q4rZYuBRrebbXK4Rf6PU2sxIwYxqpwiDFu1ljUxN31818+yMsKWWBLp0agV+m/U4GaAb9P5EE2DlFRlf/hjemju7YXzMCJUFLyI4yyY818IS/x1hviyR76ZW+yXV4Zb9vqESaSKfPOCPymVTGlYRoZfIlRhv8f6BO9kMfabj1GKpVAEYKWI1Hq+mU2bxlm8pdicAn5sj03k8X2BJrJeeAkVO2bAmrha3zyIiKkjXSdSrfS6hHd9IVhEwCWzVtXDIP0vnOcWUaOp8ud1+zcootlMMbyZ5yA8uwUidE8WjtQbtDRGWr0rhWC16vLiOExmxz2fATRoZsLg9 Generated-by-Nova", "private_key": "-----BEGIN RSA PRIVATE KEY-----\nMIIEqQIBAAKCAQEApwoO6OIct0OK2WLgUa3m21yuEX+j1NrMSMGMaqcIgxbtZY1M\nTd9fNfPsjLCllgS6dGoFfpv1OBmgG/T+RBNg5RUZX/4Y3po7u2F8zAiVBS8iOMsm\nPNfCEv8dYb4ske+mVvsl1eGW/b6hEmkinzzgj8plUxpWEaGXyJUYb/H+gTvZDH2m\n49RiqVQBGCliNR6vplNm8ZZvKXYnAJ+bI9N5PF9gSayXngJFTtmwJq4Wt88iIipI\n10nUq30uoR3fSFYRMAls1bVwyD9L5znFlGjqfLndfs3KKLZTDG8mecgPLsFInRPF\no7UG7Q0Rlq9K4Vgtery4jhMZsc9nwE0aGbC4PQIDAQABAoIBADgm8nIpKLwWsYN4\ncK4khpmxYzawsNNqJghDQD/OHNdsiqt7v23iLDCH6jo1W8S9nCxsQ6KXLO0J+D/N\nsPgTh5wa5qfVVGjocjIAiKJSND5E5P0wlY8YfL5EEo18D6GTbViKHuLybf6o6Z61\nxxS+s0LDKCKylMJijxK3xDpFoGeyukF725dhDmjI9JNzmtg7SBnMnw2RxyDEtOoe\n/ATnIZffxXqM/0VWt+Y3OWUDTFU/YQ/C9qVMLMu79/ojlG81e9Yut6xRt5Zly5Db\nFL4BI9mQxXTmhFDSenrpiUDf5U6JVD+kGbuQPophHysAzsn1Ud+UR4LJ0urcWg+/\nDvJXdAECggCBAL8MmDQuFtLqwcK6UoMS9c7HbzZ1yLWk7Mo4rfseLdw/lSK0qDS7\n0OQXiHJ39EpXG2YMxKSRpm9zJgVjj+DEDyLDBiHQK5DJV4yJmiC1v0QJ2qo9i2nV\n67jL31bIdrMciNWxFqgjYFkekOhc0UJqJ/ldIpDZjzLBEv8QozE+9O89AoIAgQDf\n09T7T9Bjan8T+9WRFXgcevN4rSfaU4OFcP4dbSH/3KUWXGMsLzLdRZjNJttXW6yJ\n0FnL0szL3EomamDMIofaCWBq1jSwnqQMxUE5gv50XrcxPKKEfhQJkTFTxbWLi6Fh\nQoHSoznS7NoaMDYdcT/Mr/FK19v/JgKwAi//CEd9AQKCAIEAimqbk6KY0rNXMrg/\ns8t24BvKTZDEnCYjkNfD5Z6V528BpCVzgNFapQcPyq9yBLJbnXI+vmTwSusIbvsV\ncOlbdfoKZVEnXz0g+yduzaggLTFehd0VNtbQdBDxfTS8G0TfNsOZALSwx6DHqDIn\nQpEa6SY7NusJPuJ32ui486MDXpkCggCBAImyii5pdawTkkY7AbIV4SS0RyCQdhoM\nkrb/QnXb87SyiyVshN5j0wjpjg13wCzICydldDi+YJtx1HQ5sX8kJytt5VEUoqmd\njxMELxIwklYJBu5VfS3BWpZgKlZ9JSjKJ+frwG5TWHl4mNzPmBsY1sUX4HvIvGEF\ng1XAosJk14YBAoIAgFM/U9ndcD2l2A4+towhbV5SLklRNb9yZ8rLeoUESZHjs7kD\nzzHCAw+/3ZlFilYaiM+quvIpzj68GKN4AkWbcJEqq4dUbR9hwFqJ9FmiT1iX4FgJ\nZY40AsdTbAuSF9n9V/7e8kWq2UM4kQj3XJW+dhkE8yZL6Og3jYY1SXYlw3hb\n-----END RSA PRIVATE KEY-----\n", "user_id": "23669ffe18b84d0db0cee9408c64cd81", "name": "tempest-TestNetworkAdvancedServerOps-1549898585", "fingerprint": "ee:a9:e4:c5:58:8b:f5:21:4e:8b:8f:c6:89:0b:85:da"}}
2015-12-20 16:30:04,963 20276 INFO     [tempest_lib.common.rest_client] Request (TestNetworkAdvancedServerOps:test_server_connectivity_pause_unpause): 201 POST http://10.0.2.15:9696/v2.0/security-groups 0.324s
2015-12-20 16:30:04,964 20276 DEBUG    [tempest_lib.common.rest_client] Request - Headers: {'Content-Type': 'application/json', 'Accept': 'application/json', 'X-Auth-Token': '&lt;omitted&gt;'}
        Body: {"security_group": {"tenant_id": "725a8229fc0248078c8ca1dcc130dafa", "description": "tempest-secgroup-smoke-1419544703 description", "name": "tempest-secgroup-smoke-1419544703"}}
    Response - Headers: {'status': '201', 'content-length': '888', 'connection': 'close', 'date': 'Sun, 20 Dec 2015 16:30:04 GMT', 'content-type': 'application/json; charset=UTF-8', 'x-openstack-request-id': 'req-f8f5b45e-9379-4615-8941-d7a5a3d4a605'}
        Body: {"security_group": {"tenant_id": "725a8229fc0248078c8ca1dcc130dafa", "description": "tempest-secgroup-smoke-1419544703 description", "id": "08362cfa-f134-47f0-8a24-3cdbf7c40340", "security_group_rules": [{"remote_group_id": null, "direction": "egress", "remote_ip_prefix": null, "protocol": null, "ethertype": "IPv4", "tenant_id": "725a8229fc0248078c8ca1dcc130dafa", "port_range_max": null, "port_range_min": null, "id": "d104cea7-90ff-4d36-95e2-ba24d818b432", "security_group_id": "08362cfa-f134-47f0-8a24-3cdbf7c40340"}, {"remote_group_id": null, "direction": "egress", "remote_ip_prefix": null, "protocol": null, "ethertype": "IPv6", "tenant_id": "725a8229fc0248078c8ca1dcc130dafa", "port_range_max": null, "port_range_min": null, "id": "c3fd25fa-50ef-429b-aa87-45f4466ce136", "security_group_id": "08362cfa-f134-47f0-8a24-3cdbf7c40340"}], "name": "tempest-secgroup-smoke-1419544703"}}
2015-12-20 16:30:05,081 20276 INFO     [tempest_lib.common.rest_client] Request (TestNetworkAdvancedServerOps:test_server_connectivity_pause_unpause): 201 POST http://10.0.2.15:9696/v2.0/security-group-rules 0.116s
2015-12-20 16:30:05,082 20276 DEBUG    [tempest_lib.common.rest_client] Request - Headers: {'Content-Type': 'application/json', 'Accept': 'application/json', 'X-Auth-Token': '&lt;omitted&gt;'}
        Body: {"security_group_rule": {"direction": "ingress", "protocol": "tcp", "tenant_id": "725a8229fc0248078c8ca1dcc130dafa", "port_range_max": 22, "security_group_id": "08362cfa-f134-47f0-8a24-3cdbf7c40340", "port_range_min": 22}}
    Response - Headers: {'status': '201', 'content-length': '340', 'connection': 'close', 'date': 'Sun, 20 Dec 2015 16:30:05 GMT', 'content-type': 'application/json; charset=UTF-8', 'x-openstack-request-id': 'req-c53e2f9a-6a48-4a39-bf38-3d423e18e987'}
        Body: {"security_group_rule": {"remote_group_id": null, "direction": "ingress", "remote_ip_prefix": null, "protocol": "tcp", "ethertype": "IPv4", "tenant_id": "725a8229fc0248078c8ca1dcc130dafa", "port_range_max": 22, "port_range_min": 22, "id": "cd8277c6-a4dd-43ec-b89b-2371abb36c6e", "security_group_id": "08362cfa-f134-47f0-8a24-3cdbf7c40340"}}
2015-12-20 16:30:05,183 20276 INFO     [tempest_lib.common.rest_client] Request (TestNetworkAdvancedServerOps:test_server_connectivity_pause_unpause): 201 POST http://10.0.2.15:9696/v2.0/security-group-rules 0.099s
2015-12-20 16:30:05,183 20276 DEBUG    [tempest_lib.common.rest_client] Request - Headers: {'Content-Type': 'application/json', 'Accept': 'application/json', 'X-Auth-Token': '&lt;omitted&gt;'}
        Body: {"security_group_rule": {"direction": "egress", "protocol": "tcp", "tenant_id": "725a8229fc0248078c8ca1dcc130dafa", "port_range_max": 22, "security_group_id": "08362cfa-f134-47f0-8a24-3cdbf7c40340", "port_range_min": 22}}
    Response - Headers: {'status': '201', 'content-length': '339', 'connection': 'close', 'date': 'Sun, 20 Dec 2015 16:30:05 GMT', 'content-type': 'application/json; charset=UTF-8', 'x-openstack-request-id': 'req-a6db85da-8624-423f-8aa3-20231d05e960'}
        Body: {"security_group_rule": {"remote_group_id": null, "direction": "egress", "remote_ip_prefix": null, "protocol": "tcp", "ethertype": "IPv4", "tenant_id": "725a8229fc0248078c8ca1dcc130dafa", "port_range_max": 22, "port_range_min": 22, "id": "33782066-df4a-4d79-bbb0-d2bad38611ba", "security_group_id": "08362cfa-f134-47f0-8a24-3cdbf7c40340"}}
2015-12-20 16:30:05,291 20276 INFO     [tempest_lib.common.rest_client] Request (TestNetworkAdvancedServerOps:test_server_connectivity_pause_unpause): 201 POST http://10.0.2.15:9696/v2.0/security-group-rules 0.106s
2015-12-20 16:30:05,292 20276 DEBUG    [tempest_lib.common.rest_client] Request - Headers: {'Content-Type': 'application/json', 'Accept': 'application/json', 'X-Auth-Token': '&lt;omitted&gt;'}
        Body: {"security_group_rule": {"tenant_id": "725a8229fc0248078c8ca1dcc130dafa", "direction": "ingress", "protocol": "icmp", "security_group_id": "08362cfa-f134-47f0-8a24-3cdbf7c40340"}}
    Response - Headers: {'status': '201', 'content-length': '345', 'connection': 'close', 'date': 'Sun, 20 Dec 2015 16:30:05 GMT', 'content-type': 'application/json; charset=UTF-8', 'x-openstack-request-id': 'req-5fe7fdaa-ab61-43db-b079-7adc876800f0'}
        Body: {"security_group_rule": {"remote_group_id": null, "direction": "ingress", "remote_ip_prefix": null, "protocol": "icmp", "ethertype": "IPv4", "tenant_id": "725a8229fc0248078c8ca1dcc130dafa", "port_range_max": null, "port_range_min": null, "id": "a8e83906-245d-46a9-8035-6eed3f363dcb", "security_group_id": "08362cfa-f134-47f0-8a24-3cdbf7c40340"}}
2015-12-20 16:30:05,404 20276 INFO     [tempest_lib.common.rest_client] Request (TestNetworkAdvancedServerOps:test_server_connectivity_pause_unpause): 201 POST http://10.0.2.15:9696/v2.0/security-group-rules 0.111s
2015-12-20 16:30:05,404 20276 DEBUG    [tempest_lib.common.rest_client] Request - Headers: {'Content-Type': 'application/json', 'Accept': 'application/json', 'X-Auth-Token': '&lt;omitted&gt;'}
        Body: {"security_group_rule": {"tenant_id": "725a8229fc0248078c8ca1dcc130dafa", "direction": "egress", "protocol": "icmp", "security_group_id": "08362cfa-f134-47f0-8a24-3cdbf7c40340"}}
    Response - Headers: {'status': '201', 'content-length': '344', 'connection': 'close', 'date': 'Sun, 20 Dec 2015 16:30:05 GMT', 'content-type': 'application/json; charset=UTF-8', 'x-openstack-request-id': 'req-900d9845-dd7b-4e0e-951e-a190d4455a50'}
        Body: {"security_group_rule": {"remote_group_id": null, "direction": "egress", "remote_ip_prefix": null, "protocol": "icmp", "ethertype": "IPv4", "tenant_id": "725a8229fc0248078c8ca1dcc130dafa", "port_range_max": null, "port_range_min": null, "id": "56496c18-8bff-4349-80e3-5e450c08dba7", "security_group_id": "08362cfa-f134-47f0-8a24-3cdbf7c40340"}}
2015-12-20 16:30:05,525 20276 INFO     [tempest_lib.common.rest_client] Request (TestNetworkAdvancedServerOps:test_server_connectivity_pause_unpause): 201 POST http://10.0.2.15:9696/v2.0/security-group-rules 0.120s
2015-12-20 16:30:05,526 20276 DEBUG    [tempest_lib.common.rest_client] Request - Headers: {'Content-Type': 'application/json', 'Accept': 'application/json', 'X-Auth-Token': '&lt;omitted&gt;'}
        Body: {"security_group_rule": {"tenant_id": "725a8229fc0248078c8ca1dcc130dafa", "direction": "ingress", "security_group_id": "08362cfa-f134-47f0-8a24-3cdbf7c40340", "protocol": "icmp", "ethertype": "IPv6"}}
    Response - Headers: {'status': '201', 'content-length': '345', 'connection': 'close', 'date': 'Sun, 20 Dec 2015 16:30:05 GMT', 'content-type': 'application/json; charset=UTF-8', 'x-openstack-request-id': 'req-a7444ef0-fd3f-499a-81a4-b59669edbade'}
        Body: {"security_group_rule": {"remote_group_id": null, "direction": "ingress", "remote_ip_prefix": null, "protocol": "icmp", "ethertype": "IPv6", "tenant_id": "725a8229fc0248078c8ca1dcc130dafa", "port_range_max": null, "port_range_min": null, "id": "54cccc77-23f5-49ae-9605-0f9d3fc0a927", "security_group_id": "08362cfa-f134-47f0-8a24-3cdbf7c40340"}}
2015-12-20 16:30:05,634 20276 INFO     [tempest_lib.common.rest_client] Request (TestNetworkAdvancedServerOps:test_server_connectivity_pause_unpause): 201 POST http://10.0.2.15:9696/v2.0/security-group-rules 0.107s
2015-12-20 16:30:05,635 20276 DEBUG    [tempest_lib.common.rest_client] Request - Headers: {'Content-Type': 'application/json', 'Accept': 'application/json', 'X-Auth-Token': '&lt;omitted&gt;'}
        Body: {"security_group_rule": {"tenant_id": "725a8229fc0248078c8ca1dcc130dafa", "direction": "egress", "security_group_id": "08362cfa-f134-47f0-8a24-3cdbf7c40340", "protocol": "icmp", "ethertype": "IPv6"}}
    Response - Headers: {'status': '201', 'content-length': '344', 'connection': 'close', 'date': 'Sun, 20 Dec 2015 16:30:05 GMT', 'content-type': 'application/json; charset=UTF-8', 'x-openstack-request-id': 'req-93a2df88-67e2-4e14-9df9-5e9e6b92aa12'}
        Body: {"security_group_rule": {"remote_group_id": null, "direction": "egress", "remote_ip_prefix": null, "protocol": "icmp", "ethertype": "IPv6", "tenant_id": "725a8229fc0248078c8ca1dcc130dafa", "port_range_max": null, "port_range_min": null, "id": "792ee01b-c403-4f3d-84a0-462fb955339a", "security_group_id": "08362cfa-f134-47f0-8a24-3cdbf7c40340"}}
2015-12-20 16:30:05,766 20276 INFO     [tempest_lib.common.rest_client] Request (TestNetworkAdvancedServerOps:test_server_connectivity_pause_unpause): 201 POST http://10.0.2.15:9696/v2.0/networks 0.129s
2015-12-20 16:30:05,766 20276 DEBUG    [tempest_lib.common.rest_client] Request - Headers: {'Content-Type': 'application/json', 'Accept': 'application/json', 'X-Auth-Token': '&lt;omitted&gt;'}
        Body: {"network": {"tenant_id": "725a8229fc0248078c8ca1dcc130dafa", "name": "tempest-network-smoke--1888453734"}}
    Response - Headers: {'status': '201', 'content-length': '296', 'connection': 'close', 'date': 'Sun, 20 Dec 2015 16:30:05 GMT', 'content-type': 'application/json; charset=UTF-8', 'x-openstack-request-id': 'req-d56cc0df-587a-4061-aae7-5dd21e434de5'}
        Body: {"network": {"status": "ACTIVE", "subnets": [], "name": "tempest-network-smoke--1888453734", "admin_state_up": true, "tenant_id": "725a8229fc0248078c8ca1dcc130dafa", "mtu": 0, "router:external": false, "shared": false, "port_security_enabled": true, "id": "919bf9a7-325d-4640-bdfd-1a27c3aa6c55"}}
2015-12-20 16:30:05,840 20276 INFO     [tempest_lib.common.rest_client] Request (TestNetworkAdvancedServerOps:test_server_connectivity_pause_unpause): 201 POST http://10.0.2.15:9696/v2.0/routers 0.072s
2015-12-20 16:30:05,840 20276 DEBUG    [tempest_lib.common.rest_client] Request - Headers: {'Content-Type': 'application/json', 'Accept': 'application/json', 'X-Auth-Token': '&lt;omitted&gt;'}
        Body: {"router": {"tenant_id": "725a8229fc0248078c8ca1dcc130dafa", "name": "tempest-router-smoke-1106346895", "admin_state_up": true}}
    Response - Headers: {'status': '201', 'content-length': '239', 'connection': 'close', 'date': 'Sun, 20 Dec 2015 16:30:05 GMT', 'content-type': 'application/json; charset=UTF-8', 'x-openstack-request-id': 'req-5a1989a9-fd96-439c-b734-83fa3db178da'}
        Body: {"router": {"status": "ACTIVE", "external_gateway_info": null, "name": "tempest-router-smoke-1106346895", "admin_state_up": true, "tenant_id": "725a8229fc0248078c8ca1dcc130dafa", "routes": [], "id": "31f2d009-8d7a-4635-a050-2703f1315fe3"}}
2015-12-20 16:30:05,889 20276 INFO     [tempest_lib.common.rest_client] Request (TestNetworkAdvancedServerOps:test_server_connectivity_pause_unpause): 200 GET http://10.0.2.15:9696/v2.0/routers/31f2d009-8d7a-4635-a050-2703f1315fe3 0.047s
2015-12-20 16:30:05,890 20276 DEBUG    [tempest_lib.common.rest_client] Request - Headers: {'Content-Type': 'application/json', 'Accept': 'application/json', 'X-Auth-Token': '&lt;omitted&gt;'}
        Body: None
    Response - Headers: {'status': '200', 'content-length': '239', 'content-location': 'http://10.0.2.15:9696/v2.0/routers/31f2d009-8d7a-4635-a050-2703f1315fe3', 'connection': 'close', 'date': 'Sun, 20 Dec 2015 16:30:05 GMT', 'content-type': 'application/json; charset=UTF-8', 'x-openstack-request-id': 'req-d592727f-54a9-4798-a520-9f76fb157069'}
        Body: {"router": {"status": "ACTIVE", "external_gateway_info": null, "name": "tempest-router-smoke-1106346895", "admin_state_up": true, "tenant_id": "725a8229fc0248078c8ca1dcc130dafa", "routes": [], "id": "31f2d009-8d7a-4635-a050-2703f1315fe3"}}
2015-12-20 16:30:06,380 20276 INFO     [tempest_lib.common.rest_client] Request (TestNetworkAdvancedServerOps:test_server_connectivity_pause_unpause): 200 PUT http://10.0.2.15:9696/v2.0/routers/31f2d009-8d7a-4635-a050-2703f1315fe3 0.489s
2015-12-20 16:30:06,380 20276 DEBUG    [tempest_lib.common.rest_client] Request - Headers: {'Content-Type': 'application/json', 'Accept': 'application/json', 'X-Auth-Token': '&lt;omitted&gt;'}
        Body: {"router": {"external_gateway_info": {"network_id": "2419c37e-5c87-40e2-9f8e-c61dde0e3d6f"}, "name": "tempest-router-smoke-1106346895", "admin_state_up": true}}
    Response - Headers: {'status': '200', 'content-length': '501', 'connection': 'close', 'date': 'Sun, 20 Dec 2015 16:30:06 GMT', 'content-type': 'application/json; charset=UTF-8', 'x-openstack-request-id': 'req-71ff8086-ad83-495c-8620-2171fa327cdf'}
        Body: {"router": {"status": "ACTIVE", "external_gateway_info": {"network_id": "2419c37e-5c87-40e2-9f8e-c61dde0e3d6f", "enable_snat": true, "external_fixed_ips": [{"subnet_id": "0240e298-a84c-4690-9b75-71101a67287c", "ip_address": "172.24.4.3"}, {"subnet_id": "8820d1c1-17fe-45fb-82f4-e60e4920130d", "ip_address": "2001:db8::3"}]}, "name": "tempest-router-smoke-1106346895", "admin_state_up": true, "tenant_id": "725a8229fc0248078c8ca1dcc130dafa", "routes": [], "id": "31f2d009-8d7a-4635-a050-2703f1315fe3"}}
2015-12-20 16:30:06,507 20276 INFO     [tempest_lib.common.rest_client] Request (TestNetworkAdvancedServerOps:test_server_connectivity_pause_unpause): 200 GET http://10.0.2.15:9696/v2.0/subnets?tenant_id=725a8229fc0248078c8ca1dcc130dafa&amp;cidr=10.100.0.0%2F28 0.126s
2015-12-20 16:30:06,507 20276 DEBUG    [tempest_lib.common.rest_client] Request - Headers: {'Content-Type': 'application/json', 'Accept': 'application/json', 'X-Auth-Token': '&lt;omitted&gt;'}
        Body: None
    Response - Headers: {'status': '200', 'content-length': '15', 'content-location': 'http://10.0.2.15:9696/v2.0/subnets?tenant_id=725a8229fc0248078c8ca1dcc130dafa&amp;cidr=10.100.0.0%2F28', 'connection': 'close', 'date': 'Sun, 20 Dec 2015 16:30:06 GMT', 'content-type': 'application/json; charset=UTF-8', 'x-openstack-request-id': 'req-35f62717-2b33-4001-b2d1-421f20a5fa86'}
        Body: {"subnets": []}
2015-12-20 16:30:06,891 20276 INFO     [tempest_lib.common.rest_client] Request (TestNetworkAdvancedServerOps:test_server_connectivity_pause_unpause): 201 POST http://10.0.2.15:9696/v2.0/subnets 0.383s
2015-12-20 16:30:06,892 20276 DEBUG    [tempest_lib.common.rest_client] Request - Headers: {'Content-Type': 'application/json', 'Accept': 'application/json', 'X-Auth-Token': '&lt;omitted&gt;'}
        Body: {"subnet": {"ip_version": 4, "tenant_id": "725a8229fc0248078c8ca1dcc130dafa", "cidr": "10.100.0.0/28", "network_id": "919bf9a7-325d-4640-bdfd-1a27c3aa6c55", "name": "tempest-subnet-smoke-442120314"}}
    Response - Headers: {'status': '201', 'content-length': '477', 'connection': 'close', 'date': 'Sun, 20 Dec 2015 16:30:06 GMT', 'content-type': 'application/json; charset=UTF-8', 'x-openstack-request-id': 'req-5877c1fb-2eb4-43da-9b23-4ce0c0a8f2b0'}
        Body: {"subnet": {"name": "tempest-subnet-smoke-442120314", "enable_dhcp": true, "network_id": "919bf9a7-325d-4640-bdfd-1a27c3aa6c55", "tenant_id": "725a8229fc0248078c8ca1dcc130dafa", "dns_nameservers": [], "gateway_ip": "10.100.0.1", "ipv6_ra_mode": null, "allocation_pools": [{"start": "10.100.0.2", "end": "10.100.0.14"}], "host_routes": [], "ip_version": 4, "ipv6_address_mode": null, "cidr": "10.100.0.0/28", "id": "2f431c52-eeef-4625-ac52-e69ca64f96a0", "subnetpool_id": null}}
2015-12-20 16:30:07,492 20276 INFO     [tempest_lib.common.rest_client] Request (TestNetworkAdvancedServerOps:test_server_connectivity_pause_unpause): 200 PUT http://10.0.2.15:9696/v2.0/routers/31f2d009-8d7a-4635-a050-2703f1315fe3/add_router_interface 0.600s
2015-12-20 16:30:07,493 20276 DEBUG    [tempest_lib.common.rest_client] Request - Headers: {'Content-Type': 'application/json', 'Accept': 'application/json', 'X-Auth-Token': '&lt;omitted&gt;'}
        Body: {"subnet_id": "2f431c52-eeef-4625-ac52-e69ca64f96a0"}
    Response - Headers: {'status': '200', 'content-length': '255', 'connection': 'close', 'date': 'Sun, 20 Dec 2015 16:30:07 GMT', 'content-type': 'application/json; charset=UTF-8', 'x-openstack-request-id': 'req-a3cdb608-13bf-4880-bf9e-5a9c036776c7'}
        Body: {"subnet_id": "2f431c52-eeef-4625-ac52-e69ca64f96a0", "tenant_id": "725a8229fc0248078c8ca1dcc130dafa", "subnet_ids": ["2f431c52-eeef-4625-ac52-e69ca64f96a0"], "port_id": "72d3fd7f-ea5e-4a2e-be98-0ba2c7d4df6e", "id": "31f2d009-8d7a-4635-a050-2703f1315fe3"}
2015-12-20 16:30:07,606 20276 INFO     [tempest_lib.common.rest_client] Request (TestNetworkAdvancedServerOps:test_server_connectivity_pause_unpause): 200 POST http://10.0.2.15:5000/v2.0/tokens
2015-12-20 16:30:07,606 20276 DEBUG    [tempest_lib.common.rest_client] Request - Headers: {'Content-Type': 'application/json', 'Accept': 'application/json'}
        Body: &lt;omitted&gt;
    Response - Headers: {'status': '200', 'content-length': '2560', 'vary': 'X-Auth-Token', 'server': 'Apache/2.4.7 (Ubuntu)', 'connection': 'close', 'date': 'Sun, 20 Dec 2015 16:30:07 GMT', 'content-type': 'application/json', 'x-openstack-request-id': 'req-e40ba148-63da-404d-b52b-65d59e9c4b2b'}
        Body: {"access": {"token": {"issued_at": "2015-12-20T16:30:07.589710", "expires": "2015-12-20T17:30:07Z", "id": "8abc39c2d06b43c2916464f1259c0c4b", "tenant": {"description": "tempest-TestNetworkAdvancedServerOps-72880812-desc", "enabled": true, "id": "725a8229fc0248078c8ca1dcc130dafa", "name": "tempest-TestNetworkAdvancedServerOps-72880812"}, "audit_ids": ["ra7gz_jQTqCAW2SpT_fcMg"]}, "serviceCatalog": [{"endpoints": [{"adminURL": "http://10.0.2.15:8774/v2.1/725a8229fc0248078c8ca1dcc130dafa", "region": "RegionOne", "internalURL": "http://10.0.2.15:8774/v2.1/725a8229fc0248078c8ca1dcc130dafa", "id": "8ce8d654ad38454fb702142583572eab", "publicURL": "http://10.0.2.15:8774/v2.1/725a8229fc0248078c8ca1dcc130dafa"}], "endpoints_links": [], "type": "compute", "name": "nova"}, {"endpoints": [{"adminURL": "http://10.0.2.15:9696/", "region": "RegionOne", "internalURL": "http://10.0.2.15:9696/", "id": "2fba94c613544dfcafe26868852ca499", "publicURL": "http://10.0.2.15:9696/"}], "endpoints_links": [], "type": "network", "name": "neutron"}, {"endpoints": [{"adminURL": "http://10.0.2.15:9292", "region": "RegionOne", "internalURL": "http://10.0.2.15:9292", "id": "19e842d71ee44430ab61eed804a970af", "publicURL": "http://10.0.2.15:9292"}], "endpoints_links": [], "type": "image", "name": "glance"}, {"endpoints": [{"adminURL": "http://10.0.2.15:8774/v2/725a8229fc0248078c8ca1dcc130dafa", "region": "RegionOne", "internalURL": "http://10.0.2.15:8774/v2/725a8229fc0248078c8ca1dcc130dafa", "id": "b03d4585e8464e418065dbfa0f1bbf4b", "publicURL": "http://10.0.2.15:8774/v2/725a8229fc0248078c8ca1dcc130dafa"}], "endpoints_links": [], "type": "compute_legacy", "name": "nova_legacy"}, {"endpoints": [{"adminURL": "http://10.0.2.15:8773/", "region": "RegionOne", "internalURL": "http://10.0.2.15:8773/", "id": "3c4eb5d853b549ec83bd816ed7e94b82", "publicURL": "http://10.0.2.15:8773/"}], "endpoints_links": [], "type": "ec2", "name": "ec2"}, {"endpoints": [{"adminURL": "http://10.0.2.15:35357/v2.0", "region": "RegionOne", "internalURL": "http://10.0.2.15:5000/v2.0", "id": "1730fd0a109d43598254249601155291", "publicURL": "http://10.0.2.15:5000/v2.0"}], "endpoints_links": [], "type": "identity", "name": "keystone"}], "user": {"username": "tempest-TestNetworkAdvancedServerOps-701522519", "roles_links": [], "id": "23669ffe18b84d0db0cee9408c64cd81", "roles": [{"name": "_member_"}, {"name": "Member"}], "name": "tempest-TestNetworkAdvancedServerOps-701522519"}, "metadata": {"is_admin": 0, "roles": ["9fe2ff9ee4384b1894a90878d3e92bab", "077260b272dc4f6baa229ea93e25ada8"]}}}
2015-12-20 16:30:07,611 20276 DEBUG    [tempest.common.fixed_network] (TestNetworkAdvancedServerOps:test_server_connectivity_pause_unpause) No valid network provided or created, defaulting to fixed_network_name
2015-12-20 16:30:07,962 20276 INFO     [tempest_lib.common.rest_client] Request (TestNetworkAdvancedServerOps:test_server_connectivity_pause_unpause): 200 GET http://10.0.2.15:8774/v2.1/725a8229fc0248078c8ca1dcc130dafa/os-networks 0.349s
2015-12-20 16:30:07,963 20276 DEBUG    [tempest_lib.common.rest_client] Request - Headers: {'Content-Type': 'application/json', 'Accept': 'application/json', 'X-Auth-Token': '&lt;omitted&gt;'}
        Body: None
    Response - Headers: {'status': '200', 'content-length': '479', 'content-location': 'http://10.0.2.15:8774/v2.1/725a8229fc0248078c8ca1dcc130dafa/os-networks', 'x-compute-request-id': 'req-3dd57a79-3189-4461-94df-e19cfbe39b6d', 'vary': 'X-OpenStack-Nova-API-Version', 'connection': 'close', 'x-openstack-nova-api-version': '2.1', 'date': 'Sun, 20 Dec 2015 16:30:07 GMT', 'content-type': 'application/json'}
        Body: {"networks": [{"cidr_v6": null, "dns2": null, "dns1": null, "gateway": null, "broadcast": null, "netmask": null, "gateway_v6": null, "cidr": null, "label": "public", "id": "2419c37e-5c87-40e2-9f8e-c61dde0e3d6f", "netmask_v6": null}, {"cidr_v6": null, "dns2": null, "dns1": null, "gateway": null, "broadcast": null, "netmask": null, "gateway_v6": null, "cidr": null, "label": "tempest-network-smoke--1888453734", "id": "919bf9a7-325d-4640-bdfd-1a27c3aa6c55", "netmask_v6": null}]}
2015-12-20 16:30:07,964 20276 WARNING  [tempest.common.fixed_network] (TestNetworkAdvancedServerOps:test_server_connectivity_pause_unpause) Network with name: private not found
2015-12-20 16:30:07,964 20276 INFO     [tempest.common.fixed_network] (TestNetworkAdvancedServerOps:test_server_connectivity_pause_unpause) Found network {} available for tenant
2015-12-20 16:30:09,048 20276 INFO     [tempest_lib.common.rest_client] Request (TestNetworkAdvancedServerOps:test_server_connectivity_pause_unpause): 202 POST http://10.0.2.15:8774/v2.1/725a8229fc0248078c8ca1dcc130dafa/servers 1.083s
2015-12-20 16:30:09,049 20276 DEBUG    [tempest_lib.common.rest_client] Request - Headers: {'Content-Type': 'application/json', 'Accept': 'application/json', 'X-Auth-Token': '&lt;omitted&gt;'}
        Body: {"server": {"name": "tempest.common.compute-instance-1033942898", "imageRef": "cc14e7a9-b4b4-4f01-affe-a1768ef22e4b", "key_name": "tempest-TestNetworkAdvancedServerOps-1549898585", "flavorRef": "42", "networks": [{"uuid": "919bf9a7-325d-4640-bdfd-1a27c3aa6c55"}], "security_groups": [{"name": "tempest-secgroup-smoke-1419544703"}]}}
    Response - Headers: {'status': '202', 'content-length': '462', 'x-compute-request-id': 'req-561fa2eb-2670-4fd2-a07c-ca536ce1eecd', 'vary': 'X-OpenStack-Nova-API-Version', 'connection': 'close', 'location': 'http://10.0.2.15:8774/v2.1/725a8229fc0248078c8ca1dcc130dafa/servers/55b5068e-65ad-49cd-b389-9b9562a393c6', 'x-openstack-nova-api-version': '2.1', 'date': 'Sun, 20 Dec 2015 16:30:09 GMT', 'content-type': 'application/json'}
        Body: {"server": {"security_groups": [{"name": "tempest-secgroup-smoke-1419544703"}], "OS-DCF:diskConfig": "MANUAL", "id": "55b5068e-65ad-49cd-b389-9b9562a393c6", "links": [{"href": "http://10.0.2.15:8774/v2.1/725a8229fc0248078c8ca1dcc130dafa/servers/55b5068e-65ad-49cd-b389-9b9562a393c6", "rel": "self"}, {"href": "http://10.0.2.15:8774/725a8229fc0248078c8ca1dcc130dafa/servers/55b5068e-65ad-49cd-b389-9b9562a393c6", "rel": "bookmark"}], "adminPass": "hHbwxavx58dP"}}
2015-12-20 16:30:09,184 20276 INFO     [tempest_lib.common.rest_client] Request (TestNetworkAdvancedServerOps:test_server_connectivity_pause_unpause): 200 GET http://10.0.2.15:8774/v2.1/725a8229fc0248078c8ca1dcc130dafa/servers/55b5068e-65ad-49cd-b389-9b9562a393c6 0.130s
2015-12-20 16:30:09,184 20276 DEBUG    [tempest_lib.common.rest_client] Request - Headers: {'Content-Type': 'application/json', 'Accept': 'application/json', 'X-Auth-Token': '&lt;omitted&gt;'}
        Body: None
    Response - Headers: {'status': '200', 'content-length': '1365', 'content-location': 'http://10.0.2.15:8774/v2.1/725a8229fc0248078c8ca1dcc130dafa/servers/55b5068e-65ad-49cd-b389-9b9562a393c6', 'x-compute-request-id': 'req-c32d47b4-6226-4b61-9ca6-c972e197d5e6', 'vary': 'X-OpenStack-Nova-API-Version', 'connection': 'close', 'x-openstack-nova-api-version': '2.1', 'date': 'Sun, 20 Dec 2015 16:30:09 GMT', 'content-type': 'application/json'}
        Body: {"server": {"status": "BUILD", "updated": "2015-12-20T16:30:09Z", "hostId": "", "addresses": {}, "links": [{"href": "http://10.0.2.15:8774/v2.1/725a8229fc0248078c8ca1dcc130dafa/servers/55b5068e-65ad-49cd-b389-9b9562a393c6", "rel": "self"}, {"href": "http://10.0.2.15:8774/725a8229fc0248078c8ca1dcc130dafa/servers/55b5068e-65ad-49cd-b389-9b9562a393c6", "rel": "bookmark"}], "key_name": "tempest-TestNetworkAdvancedServerOps-1549898585", "image": {"id": "cc14e7a9-b4b4-4f01-affe-a1768ef22e4b", "links": [{"href": "http://10.0.2.15:8774/725a8229fc0248078c8ca1dcc130dafa/images/cc14e7a9-b4b4-4f01-affe-a1768ef22e4b", "rel": "bookmark"}]}, "OS-EXT-STS:task_state": "scheduling", "OS-EXT-STS:vm_state": "building", "OS-SRV-USG:launched_at": null, "flavor": {"id": "42", "links": [{"href": "http://10.0.2.15:8774/725a8229fc0248078c8ca1dcc130dafa/flavors/42", "rel": "bookmark"}]}, "id": "55b5068e-65ad-49cd-b389-9b9562a393c6", "OS-SRV-USG:terminated_at": null, "OS-EXT-AZ:availability_zone": "", "user_id": "23669ffe18b84d0db0cee9408c64cd81", "name": "tempest.common.compute-instance-1033942898", "created": "2015-12-20T16:30:08Z", "tenant_id": "725a8229fc0248078c8ca1dcc130dafa", "OS-DCF:diskConfig": "MANUAL", "os-extended-volumes:volumes_attached": [], "accessIPv4": "", "accessIPv6": "", "progress": 0, "OS-EXT-STS:power_state": 0, "config_drive": "", "metadata": {}}}
2015-12-20 16:30:10,520 20276 INFO     [tempest_lib.common.rest_client] Request (TestNetworkAdvancedServerOps:test_server_connectivity_pause_unpause): 200 GET http://10.0.2.15:8774/v2.1/725a8229fc0248078c8ca1dcc130dafa/servers/55b5068e-65ad-49cd-b389-9b9562a393c6 0.325s
2015-12-20 16:30:10,521 20276 DEBUG    [tempest_lib.common.rest_client] Request - Headers: {'Content-Type': 'application/json', 'Accept': 'application/json', 'X-Auth-Token': '&lt;omitted&gt;'}
        Body: None
    Response - Headers: {'status': '200', 'content-length': '1491', 'content-location': 'http://10.0.2.15:8774/v2.1/725a8229fc0248078c8ca1dcc130dafa/servers/55b5068e-65ad-49cd-b389-9b9562a393c6', 'x-compute-request-id': 'req-46991ebd-2428-46de-98a7-b9fe0fb8e393', 'vary': 'X-OpenStack-Nova-API-Version', 'connection': 'close', 'x-openstack-nova-api-version': '2.1', 'date': 'Sun, 20 Dec 2015 16:30:10 GMT', 'content-type': 'application/json'}
        Body: {"server": {"status": "BUILD", "updated": "2015-12-20T16:30:09Z", "hostId": "fd18191166309193841419d3ada0284f99758625aad9fa622514c833", "addresses": {}, "links": [{"href": "http://10.0.2.15:8774/v2.1/725a8229fc0248078c8ca1dcc130dafa/servers/55b5068e-65ad-49cd-b389-9b9562a393c6", "rel": "self"}, {"href": "http://10.0.2.15:8774/725a8229fc0248078c8ca1dcc130dafa/servers/55b5068e-65ad-49cd-b389-9b9562a393c6", "rel": "bookmark"}], "key_name": "tempest-TestNetworkAdvancedServerOps-1549898585", "image": {"id": "cc14e7a9-b4b4-4f01-affe-a1768ef22e4b", "links": [{"href": "http://10.0.2.15:8774/725a8229fc0248078c8ca1dcc130dafa/images/cc14e7a9-b4b4-4f01-affe-a1768ef22e4b", "rel": "bookmark"}]}, "OS-EXT-STS:task_state": "spawning", "OS-EXT-STS:vm_state": "building", "OS-SRV-USG:launched_at": null, "flavor": {"id": "42", "links": [{"href": "http://10.0.2.15:8774/725a8229fc0248078c8ca1dcc130dafa/flavors/42", "rel": "bookmark"}]}, "id": "55b5068e-65ad-49cd-b389-9b9562a393c6", "security_groups": [{"name": "tempest-secgroup-smoke-1419544703"}], "OS-SRV-USG:terminated_at": null, "OS-EXT-AZ:availability_zone": "nova", "user_id": "23669ffe18b84d0db0cee9408c64cd81", "name": "tempest.common.compute-instance-1033942898", "created": "2015-12-20T16:30:08Z", "tenant_id": "725a8229fc0248078c8ca1dcc130dafa", "OS-DCF:diskConfig": "MANUAL", "os-extended-volumes:volumes_attached": [], "accessIPv4": "", "accessIPv6": "", "progress": 0, "OS-EXT-STS:power_state": 0, "config_drive": "", "metadata": {}}}
2015-12-20 16:30:10,530 20276 INFO     [tempest.common.waiters] State transition "BUILD/scheduling" ==&gt; "BUILD/spawning" after 1 second wait
2015-12-20 16:30:11,703 20276 INFO     [tempest_lib.common.rest_client] Request (TestNetworkAdvancedServerOps:test_server_connectivity_pause_unpause): 200 GET http://10.0.2.15:8774/v2.1/725a8229fc0248078c8ca1dcc130dafa/servers/55b5068e-65ad-49cd-b389-9b9562a393c6 0.172s
2015-12-20 16:30:11,704 20276 DEBUG    [tempest_lib.common.rest_client] Request - Headers: {'Content-Type': 'application/json', 'Accept': 'application/json', 'X-Auth-Token': '&lt;omitted&gt;'}
        Body: None
    Response - Headers: {'status': '200', 'content-length': '1491', 'content-location': 'http://10.0.2.15:8774/v2.1/725a8229fc0248078c8ca1dcc130dafa/servers/55b5068e-65ad-49cd-b389-9b9562a393c6', 'x-compute-request-id': 'req-c32dd410-69de-4dd6-b549-13de1648e322', 'vary': 'X-OpenStack-Nova-API-Version', 'connection': 'close', 'x-openstack-nova-api-version': '2.1', 'date': 'Sun, 20 Dec 2015 16:30:11 GMT', 'content-type': 'application/json'}
        Body: {"server": {"status": "BUILD", "updated": "2015-12-20T16:30:09Z", "hostId": "fd18191166309193841419d3ada0284f99758625aad9fa622514c833", "addresses": {}, "links": [{"href": "http://10.0.2.15:8774/v2.1/725a8229fc0248078c8ca1dcc130dafa/servers/55b5068e-65ad-49cd-b389-9b9562a393c6", "rel": "self"}, {"href": "http://10.0.2.15:8774/725a8229fc0248078c8ca1dcc130dafa/servers/55b5068e-65ad-49cd-b389-9b9562a393c6", "rel": "bookmark"}], "key_name": "tempest-TestNetworkAdvancedServerOps-1549898585", "image": {"id": "cc14e7a9-b4b4-4f01-affe-a1768ef22e4b", "links": [{"href": "http://10.0.2.15:8774/725a8229fc0248078c8ca1dcc130dafa/images/cc14e7a9-b4b4-4f01-affe-a1768ef22e4b", "rel": "bookmark"}]}, "OS-EXT-STS:task_state": "spawning", "OS-EXT-STS:vm_state": "building", "OS-SRV-USG:launched_at": null, "flavor": {"id": "42", "links": [{"href": "http://10.0.2.15:8774/725a8229fc0248078c8ca1dcc130dafa/flavors/42", "rel": "bookmark"}]}, "id": "55b5068e-65ad-49cd-b389-9b9562a393c6", "security_groups": [{"name": "tempest-secgroup-smoke-1419544703"}], "OS-SRV-USG:terminated_at": null, "OS-EXT-AZ:availability_zone": "nova", "user_id": "23669ffe18b84d0db0cee9408c64cd81", "name": "tempest.common.compute-instance-1033942898", "created": "2015-12-20T16:30:08Z", "tenant_id": "725a8229fc0248078c8ca1dcc130dafa", "OS-DCF:diskConfig": "MANUAL", "os-extended-volumes:volumes_attached": [], "accessIPv4": "", "accessIPv6": "", "progress": 0, "OS-EXT-STS:power_state": 0, "config_drive": "", "metadata": {}}}
2015-12-20 16:30:12,891 20276 INFO     [tempest_lib.common.rest_client] Request (TestNetworkAdvancedServerOps:test_server_connectivity_pause_unpause): 200 GET http://10.0.2.15:8774/v2.1/725a8229fc0248078c8ca1dcc130dafa/servers/55b5068e-65ad-49cd-b389-9b9562a393c6 0.178s
2015-12-20 16:30:12,892 20276 DEBUG    [tempest_lib.common.rest_client] Request - Headers: {'Content-Type': 'application/json', 'Accept': 'application/json', 'X-Auth-Token': '&lt;omitted&gt;'}
        Body: None
    Response - Headers: {'status': '200', 'content-length': '1663', 'content-location': 'http://10.0.2.15:8774/v2.1/725a8229fc0248078c8ca1dcc130dafa/servers/55b5068e-65ad-49cd-b389-9b9562a393c6', 'x-compute-request-id': 'req-274df69c-6ec3-41af-9236-5ee20273bdd2', 'vary': 'X-OpenStack-Nova-API-Version', 'connection': 'close', 'x-openstack-nova-api-version': '2.1', 'date': 'Sun, 20 Dec 2015 16:30:12 GMT', 'content-type': 'application/json'}
        Body: {"server": {"status": "ACTIVE", "updated": "2015-12-20T16:30:12Z", "hostId": "fd18191166309193841419d3ada0284f99758625aad9fa622514c833", "addresses": {"tempest-network-smoke--1888453734": [{"OS-EXT-IPS-MAC:mac_addr": "fa:16:3e:5d:ec:e0", "version": 4, "addr": "10.100.0.3", "OS-EXT-IPS:type": "fixed"}]}, "links": [{"href": "http://10.0.2.15:8774/v2.1/725a8229fc0248078c8ca1dcc130dafa/servers/55b5068e-65ad-49cd-b389-9b9562a393c6", "rel": "self"}, {"href": "http://10.0.2.15:8774/725a8229fc0248078c8ca1dcc130dafa/servers/55b5068e-65ad-49cd-b389-9b9562a393c6", "rel": "bookmark"}], "key_name": "tempest-TestNetworkAdvancedServerOps-1549898585", "image": {"id": "cc14e7a9-b4b4-4f01-affe-a1768ef22e4b", "links": [{"href": "http://10.0.2.15:8774/725a8229fc0248078c8ca1dcc130dafa/images/cc14e7a9-b4b4-4f01-affe-a1768ef22e4b", "rel": "bookmark"}]}, "OS-EXT-STS:task_state": null, "OS-EXT-STS:vm_state": "active", "OS-SRV-USG:launched_at": "2015-12-20T16:30:12.000000", "flavor": {"id": "42", "links": [{"href": "http://10.0.2.15:8774/725a8229fc0248078c8ca1dcc130dafa/flavors/42", "rel": "bookmark"}]}, "id": "55b5068e-65ad-49cd-b389-9b9562a393c6", "security_groups": [{"name": "tempest-secgroup-smoke-1419544703"}], "OS-SRV-USG:terminated_at": null, "OS-EXT-AZ:availability_zone": "nova", "user_id": "23669ffe18b84d0db0cee9408c64cd81", "name": "tempest.common.compute-instance-1033942898", "created": "2015-12-20T16:30:08Z", "tenant_id": "725a8229fc0248078c8ca1dcc130dafa", "OS-DCF:diskConfig": "MANUAL", "os-extended-volumes:volumes_attached": [], "accessIPv4": "", "accessIPv6": "", "progress": 0, "OS-EXT-STS:power_state": 1, "config_drive": "True", "metadata": {}}}
2015-12-20 16:30:12,900 20276 INFO     [tempest.common.waiters] State transition "BUILD/spawning" ==&gt; "ACTIVE/None" after 3 second wait
2015-12-20 16:30:13,091 20276 INFO     [tempest_lib.common.rest_client] Request (TestNetworkAdvancedServerOps:test_server_connectivity_pause_unpause): 200 GET http://10.0.2.15:8774/v2.1/725a8229fc0248078c8ca1dcc130dafa/servers/55b5068e-65ad-49cd-b389-9b9562a393c6 0.189s
2015-12-20 16:30:13,091 20276 DEBUG    [tempest_lib.common.rest_client] Request - Headers: {'Content-Type': 'application/json', 'Accept': 'application/json', 'X-Auth-Token': '&lt;omitted&gt;'}
        Body: None
    Response - Headers: {'status': '200', 'content-length': '1663', 'content-location': 'http://10.0.2.15:8774/v2.1/725a8229fc0248078c8ca1dcc130dafa/servers/55b5068e-65ad-49cd-b389-9b9562a393c6', 'x-compute-request-id': 'req-8b7cd230-b2a5-491b-ae13-65847eab48e4', 'vary': 'X-OpenStack-Nova-API-Version', 'connection': 'close', 'x-openstack-nova-api-version': '2.1', 'date': 'Sun, 20 Dec 2015 16:30:13 GMT', 'content-type': 'application/json'}
        Body: {"server": {"status": "ACTIVE", "updated": "2015-12-20T16:30:12Z", "hostId": "fd18191166309193841419d3ada0284f99758625aad9fa622514c833", "addresses": {"tempest-network-smoke--1888453734": [{"OS-EXT-IPS-MAC:mac_addr": "fa:16:3e:5d:ec:e0", "version": 4, "addr": "10.100.0.3", "OS-EXT-IPS:type": "fixed"}]}, "links": [{"href": "http://10.0.2.15:8774/v2.1/725a8229fc0248078c8ca1dcc130dafa/servers/55b5068e-65ad-49cd-b389-9b9562a393c6", "rel": "self"}, {"href": "http://10.0.2.15:8774/725a8229fc0248078c8ca1dcc130dafa/servers/55b5068e-65ad-49cd-b389-9b9562a393c6", "rel": "bookmark"}], "key_name": "tempest-TestNetworkAdvancedServerOps-1549898585", "image": {"id": "cc14e7a9-b4b4-4f01-affe-a1768ef22e4b", "links": [{"href": "http://10.0.2.15:8774/725a8229fc0248078c8ca1dcc130dafa/images/cc14e7a9-b4b4-4f01-affe-a1768ef22e4b", "rel": "bookmark"}]}, "OS-EXT-STS:task_state": null, "OS-EXT-STS:vm_state": "active", "OS-SRV-USG:launched_at": "2015-12-20T16:30:12.000000", "flavor": {"id": "42", "links": [{"href": "http://10.0.2.15:8774/725a8229fc0248078c8ca1dcc130dafa/flavors/42", "rel": "bookmark"}]}, "id": "55b5068e-65ad-49cd-b389-9b9562a393c6", "security_groups": [{"name": "tempest-secgroup-smoke-1419544703"}], "OS-SRV-USG:terminated_at": null, "OS-EXT-AZ:availability_zone": "nova", "user_id": "23669ffe18b84d0db0cee9408c64cd81", "name": "tempest.common.compute-instance-1033942898", "created": "2015-12-20T16:30:08Z", "tenant_id": "725a8229fc0248078c8ca1dcc130dafa", "OS-DCF:diskConfig": "MANUAL", "os-extended-volumes:volumes_attached": [], "accessIPv4": "", "accessIPv6": "", "progress": 0, "OS-EXT-STS:power_state": 1, "config_drive": "True", "metadata": {}}}
2015-12-20 16:30:13,314 20276 INFO     [tempest_lib.common.rest_client] Request (TestNetworkAdvancedServerOps:test_server_connectivity_pause_unpause): 200 GET http://10.0.2.15:9696/v2.0/ports?status=ACTIVE&amp;fixed_ip=None&amp;device_id=55b5068e-65ad-49cd-b389-9b9562a393c6 0.212s
2015-12-20 16:30:13,314 20276 DEBUG    [tempest_lib.common.rest_client] Request - Headers: {'Content-Type': 'application/json', 'Accept': 'application/json', 'X-Auth-Token': '&lt;omitted&gt;'}
        Body: None
    Response - Headers: {'status': '200', 'content-length': '895', 'content-location': 'http://10.0.2.15:9696/v2.0/ports?status=ACTIVE&amp;fixed_ip=None&amp;device_id=55b5068e-65ad-49cd-b389-9b9562a393c6', 'connection': 'close', 'date': 'Sun, 20 Dec 2015 16:30:13 GMT', 'content-type': 'application/json; charset=UTF-8', 'x-openstack-request-id': 'req-57ec6f28-7c46-4583-9a21-5c3e7227c155'}
        Body: {"ports": [{"status": "ACTIVE", "binding:host_id": "vagrant-ubuntu-trusty-64", "allowed_address_pairs": [], "extra_dhcp_opts": [], "dns_assignment": [{"hostname": "host-10-100-0-3", "ip_address": "10.100.0.3", "fqdn": "host-10-100-0-3.openstacklocal."}], "device_owner": "compute:None", "port_security_enabled": true, "binding:profile": {}, "fixed_ips": [{"subnet_id": "2f431c52-eeef-4625-ac52-e69ca64f96a0", "ip_address": "10.100.0.3"}], "id": "4ca96f7d-65df-4a19-875a-770f639f64d1", "security_groups": ["08362cfa-f134-47f0-8a24-3cdbf7c40340"], "device_id": "55b5068e-65ad-49cd-b389-9b9562a393c6", "name": "", "admin_state_up": true, "network_id": "919bf9a7-325d-4640-bdfd-1a27c3aa6c55", "dns_name": "", "binding:vif_details": {"port_filter": true}, "binding:vnic_type": "normal", "binding:vif_type": "ovs", "tenant_id": "725a8229fc0248078c8ca1dcc130dafa", "mac_address": "fa:16:3e:5d:ec:e0"}]}
2015-12-20 16:30:13,794 20276 INFO     [tempest_lib.common.rest_client] Request (TestNetworkAdvancedServerOps:test_server_connectivity_pause_unpause): 201 POST http://10.0.2.15:9696/v2.0/floatingips 0.478s
2015-12-20 16:30:13,794 20276 DEBUG    [tempest_lib.common.rest_client] Request - Headers: {'Content-Type': 'application/json', 'Accept': 'application/json', 'X-Auth-Token': '&lt;omitted&gt;'}
        Body: {"floatingip": {"floating_network_id": "2419c37e-5c87-40e2-9f8e-c61dde0e3d6f", "tenant_id": "725a8229fc0248078c8ca1dcc130dafa", "fixed_ip_address": "10.100.0.3", "port_id": "4ca96f7d-65df-4a19-875a-770f639f64d1"}}
    Response - Headers: {'status': '201', 'content-length': '367', 'connection': 'close', 'date': 'Sun, 20 Dec 2015 16:30:13 GMT', 'content-type': 'application/json; charset=UTF-8', 'x-openstack-request-id': 'req-674ef4ef-9704-4259-bac2-a924a16b3b9d'}
        Body: {"floatingip": {"floating_network_id": "2419c37e-5c87-40e2-9f8e-c61dde0e3d6f", "router_id": "31f2d009-8d7a-4635-a050-2703f1315fe3", "fixed_ip_address": "10.100.0.3", "floating_ip_address": "172.24.4.4", "tenant_id": "725a8229fc0248078c8ca1dcc130dafa", "status": "DOWN", "port_id": "4ca96f7d-65df-4a19-875a-770f639f64d1", "id": "082c02c5-8ed1-46e9-8a73-084e12c9db56"}}
2015-12-20 16:30:13,992 20276 INFO     [tempest_lib.common.rest_client] Request (TestNetworkAdvancedServerOps:test_server_connectivity_pause_unpause): 200 GET http://10.0.2.15:8774/v2.1/725a8229fc0248078c8ca1dcc130dafa/servers/55b5068e-65ad-49cd-b389-9b9562a393c6 0.197s
2015-12-20 16:30:13,992 20276 DEBUG    [tempest_lib.common.rest_client] Request - Headers: {'Content-Type': 'application/json', 'Accept': 'application/json', 'X-Auth-Token': '&lt;omitted&gt;'}
        Body: None
    Response - Headers: {'status': '200', 'content-length': '1663', 'content-location': 'http://10.0.2.15:8774/v2.1/725a8229fc0248078c8ca1dcc130dafa/servers/55b5068e-65ad-49cd-b389-9b9562a393c6', 'x-compute-request-id': 'req-a14f24bb-826c-47f1-b4aa-f1fd6a560082', 'vary': 'X-OpenStack-Nova-API-Version', 'connection': 'close', 'x-openstack-nova-api-version': '2.1', 'date': 'Sun, 20 Dec 2015 16:30:13 GMT', 'content-type': 'application/json'}
        Body: {"server": {"status": "ACTIVE", "updated": "2015-12-20T16:30:12Z", "hostId": "fd18191166309193841419d3ada0284f99758625aad9fa622514c833", "addresses": {"tempest-network-smoke--1888453734": [{"OS-EXT-IPS-MAC:mac_addr": "fa:16:3e:5d:ec:e0", "version": 4, "addr": "10.100.0.3", "OS-EXT-IPS:type": "fixed"}]}, "links": [{"href": "http://10.0.2.15:8774/v2.1/725a8229fc0248078c8ca1dcc130dafa/servers/55b5068e-65ad-49cd-b389-9b9562a393c6", "rel": "self"}, {"href": "http://10.0.2.15:8774/725a8229fc0248078c8ca1dcc130dafa/servers/55b5068e-65ad-49cd-b389-9b9562a393c6", "rel": "bookmark"}], "key_name": "tempest-TestNetworkAdvancedServerOps-1549898585", "image": {"id": "cc14e7a9-b4b4-4f01-affe-a1768ef22e4b", "links": [{"href": "http://10.0.2.15:8774/725a8229fc0248078c8ca1dcc130dafa/images/cc14e7a9-b4b4-4f01-affe-a1768ef22e4b", "rel": "bookmark"}]}, "OS-EXT-STS:task_state": null, "OS-EXT-STS:vm_state": "active", "OS-SRV-USG:launched_at": "2015-12-20T16:30:12.000000", "flavor": {"id": "42", "links": [{"href": "http://10.0.2.15:8774/725a8229fc0248078c8ca1dcc130dafa/flavors/42", "rel": "bookmark"}]}, "id": "55b5068e-65ad-49cd-b389-9b9562a393c6", "security_groups": [{"name": "tempest-secgroup-smoke-1419544703"}], "OS-SRV-USG:terminated_at": null, "OS-EXT-AZ:availability_zone": "nova", "user_id": "23669ffe18b84d0db0cee9408c64cd81", "name": "tempest.common.compute-instance-1033942898", "created": "2015-12-20T16:30:08Z", "tenant_id": "725a8229fc0248078c8ca1dcc130dafa", "OS-DCF:diskConfig": "MANUAL", "os-extended-volumes:volumes_attached": [], "accessIPv4": "", "accessIPv6": "", "progress": 0, "OS-EXT-STS:power_state": 1, "config_drive": "True", "metadata": {}}}
2015-12-20 16:30:14,000 20276 INFO     [tempest.scenario.manager] Tenant networks not configured to be reachable.
2015-12-20 16:30:14,011 20276 INFO     [tempest_lib.common.rest_client] Request (TestNetworkAdvancedServerOps:test_server_connectivity_pause_unpause): 200 GET http://10.0.2.15:9696/v2.0/floatingips/082c02c5-8ed1-46e9-8a73-084e12c9db56 0.010s
2015-12-20 16:30:14,011 20276 DEBUG    [tempest_lib.common.rest_client] Request - Headers: {'Content-Type': 'application/json', 'Accept': 'application/json', 'X-Auth-Token': '&lt;omitted&gt;'}
        Body: None
    Response - Headers: {'status': '200', 'content-length': '367', 'content-location': 'http://10.0.2.15:9696/v2.0/floatingips/082c02c5-8ed1-46e9-8a73-084e12c9db56', 'connection': 'close', 'date': 'Sun, 20 Dec 2015 16:30:14 GMT', 'content-type': 'application/json; charset=UTF-8', 'x-openstack-request-id': 'req-72eed6a9-2283-47bf-b9bc-1758a88edaaf'}
        Body: {"floatingip": {"floating_network_id": "2419c37e-5c87-40e2-9f8e-c61dde0e3d6f", "router_id": "31f2d009-8d7a-4635-a050-2703f1315fe3", "fixed_ip_address": "10.100.0.3", "floating_ip_address": "172.24.4.4", "tenant_id": "725a8229fc0248078c8ca1dcc130dafa", "status": "DOWN", "port_id": "4ca96f7d-65df-4a19-875a-770f639f64d1", "id": "082c02c5-8ed1-46e9-8a73-084e12c9db56"}}
2015-12-20 16:30:15,024 20276 INFO     [tempest_lib.common.rest_client] Request (TestNetworkAdvancedServerOps:test_server_connectivity_pause_unpause): 200 GET http://10.0.2.15:9696/v2.0/floatingips/082c02c5-8ed1-46e9-8a73-084e12c9db56 0.011s
2015-12-20 16:30:15,025 20276 DEBUG    [tempest_lib.common.rest_client] Request - Headers: {'Content-Type': 'application/json', 'Accept': 'application/json', 'X-Auth-Token': '&lt;omitted&gt;'}
        Body: None
    Response - Headers: {'status': '200', 'content-length': '369', 'content-location': 'http://10.0.2.15:9696/v2.0/floatingips/082c02c5-8ed1-46e9-8a73-084e12c9db56', 'connection': 'close', 'date': 'Sun, 20 Dec 2015 16:30:15 GMT', 'content-type': 'application/json; charset=UTF-8', 'x-openstack-request-id': 'req-0522942d-89c7-49a7-b55f-a3031766ae58'}
        Body: {"floatingip": {"floating_network_id": "2419c37e-5c87-40e2-9f8e-c61dde0e3d6f", "router_id": "31f2d009-8d7a-4635-a050-2703f1315fe3", "fixed_ip_address": "10.100.0.3", "floating_ip_address": "172.24.4.4", "tenant_id": "725a8229fc0248078c8ca1dcc130dafa", "status": "ACTIVE", "port_id": "4ca96f7d-65df-4a19-875a-770f639f64d1", "id": "082c02c5-8ed1-46e9-8a73-084e12c9db56"}}
2015-12-20 16:30:15,025 20276 INFO     [tempest.scenario.manager] FloatingIP: &lt;"FloatingIP" addr="172.24.4.4" id="082c02c5-8ed1-46e9-8a73-084e12c9db56"&gt; is at status: ACTIVE
2015-12-20 16:30:15,025 20276 DEBUG    [tempest.scenario.manager] checking network connections to IP 172.24.4.4 with user: cirros
2015-12-20 16:30:15,026 20276 DEBUG    [tempest.scenario.manager] TestNetworkAdvancedServerOps:test_server_connectivity_pause_unpause begins to ping 172.24.4.4 in 120 sec and the expected result is reachable
2015-12-20 16:32:16,294 20276 DEBUG    [tempest.scenario.manager] TestNetworkAdvancedServerOps:test_server_connectivity_pause_unpause finishes ping 172.24.4.4 in 120 sec and the ping result is unexpected
2015-12-20 16:32:16,295 20276 ERROR    [tempest.scenario.manager] Public network connectivity check failed
2015-12-20 16:32:16.295 20276 ERROR tempest.scenario.manager Traceback (most recent call last):
2015-12-20 16:32:16.295 20276 ERROR tempest.scenario.manager   File "tempest/scenario/manager.py", line 608, in check_public_network_connectivity
2015-12-20 16:32:16.295 20276 ERROR tempest.scenario.manager     should_connect=should_connect)
2015-12-20 16:32:16.295 20276 ERROR tempest.scenario.manager   File "tempest/scenario/manager.py", line 592, in check_vm_connectivity
2015-12-20 16:32:16.295 20276 ERROR tempest.scenario.manager     msg=msg)
2015-12-20 16:32:16.295 20276 ERROR tempest.scenario.manager   File "/usr/local/lib/python2.7/dist-packages/unittest2/case.py", line 702, in assertTrue
2015-12-20 16:32:16.295 20276 ERROR tempest.scenario.manager     raise self.failureException(msg)
2015-12-20 16:32:16.295 20276 ERROR tempest.scenario.manager AssertionError: False is not true : Timed out waiting for 172.24.4.4 to become reachable
2015-12-20 16:32:16.295 20276 ERROR tempest.scenario.manager 
2015-12-20 16:32:16,519 20276 INFO     [tempest_lib.common.rest_client] Request (TestNetworkAdvancedServerOps:test_server_connectivity_pause_unpause): 200 POST http://10.0.2.15:8774/v2.1/725a8229fc0248078c8ca1dcc130dafa/servers/55b5068e-65ad-49cd-b389-9b9562a393c6/action 0.219s
2015-12-20 16:32:16,520 20276 DEBUG    [tempest_lib.common.rest_client] Request - Headers: {'Content-Type': 'application/json', 'Accept': 'application/json', 'X-Auth-Token': '&lt;omitted&gt;'}
        Body: {"os-getConsoleOutput": {}}
    Response - Headers: {'status': '200', 'content-length': '17429', 'x-compute-request-id': 'req-9027423d-4b16-4c4f-86bc-1e910a3642b4', 'vary': 'X-OpenStack-Nova-API-Version', 'connection': 'close', 'x-openstack-nova-api-version': '2.1', 'date': 'Sun, 20 Dec 2015 16:32:16 GMT', 'content-type': 'application/json'}
        Body: {"output": "[    0.000000] Initializing cgroup subsys cpuset\n[    0.000000] Initializing cgroup subsys cpu\n[    0.000000] Linux version 3.2.0-80-virtual (buildd@batsu) (gcc version 4.6.3 (Ubuntu/Linaro 4.6.3-1ubuntu5) ) #116-Ubuntu SMP Mon Mar 23 17:28:52 UTC 2015 (Ubuntu 3.2.0-80.116-virtual 3.2.68)\n[    0.000000] Command line: root=/dev/vda console=tty0 console=ttyS0 no_timer_check\n[    0.000000] KERNEL supported cpus:\n[    0.000000]   Intel GenuineIntel\n[    0.000000]   AMD AuthenticAMD\n[    0.000000]   Centaur CentaurHauls\n[    0.000000] BIOS-provided physical RAM map:\n[    0.000000]  BIOS-e820: 0000000000000000 - 000000000009fc00 (usable)\n[    0.000000]  BIOS-e820: 000000000009fc00 - 00000000000a0000 (reserved)\n[    0.000000]  BIOS-e820: 00000000000f0000 - 0000000000100000 (reserved)\n[    0.000000]  BIOS-e820: 0000000000100000 - 0000000003ffe000 (usable)\n[    0.000000]  BIOS-e820: 0000000003ffe000 - 0000000004000000 (reserved)\n[    0.000000]  BIOS-e820: 00000000fffc0000 - 0000000100000000 (reserved)\n[    0.000000] NX (Execute Disable) protection: active\n[    0.000000] SMBIOS 2.4 present.\n[    0.000000] No AGP bridge found\n[    0.000000] last_pfn = 0x3ffe max_arch_pfn = 0x400000000\n[    0.000000] x86 PAT enabled: cpu 0, old 0x7040600070406, new 0x7010600070106\n[    0.000000] found SMP MP-table at [ffff8800000f0b00] f0b00\n[    0.000000] init_memory_mapping: 0000000000000000-0000000003ffe000\n[    0.000000] RAMDISK: 03c5e000 - 03ff0000\n[    0.000000] ACPI: RSDP 00000000000f0950 00014 (v00 BOCHS )\n[    0.000000] ACPI: RSDT 0000000003fffbc1 00034 (v01 BOCHS  BXPCRSDT 00000001 BXPC 00000001)\n[    0.000000] ACPI: FACP 0000000003fff1c0 00074 (v01 BOCHS  BXPCFACP 00000001 BXPC 00000001)\n[    0.000000] ACPI: DSDT 0000000003ffe040 01180 (v01 BOCHS  BXPCDSDT 00000001 BXPC 00000001)\n[    0.000000] ACPI: FACS 0000000003ffe000 00040\n[    0.000000] ACPI: SSDT 0000000003fff234 008DD (v01 BOCHS  BXPCSSDT 00000001 BXPC 00000001)\n[    0.000000] ACPI: APIC 0000000003fffb11 00078 (v01 BOCHS  BXPCAPIC 00000001 BXPC 00000001)\n[    0.000000] ACPI: HPET 0000000003fffb89 00038 (v01 BOCHS  BXPCHPET 00000001 BXPC 00000001)\n[    0.000000] No NUMA configuration found\n[    0.000000] Faking a node at 0000000000000000-0000000003ffe000\n[    0.000000] Initmem setup node 0 0000000000000000-0000000003ffe000\n[    0.000000]   NODE_DATA [0000000003ff6000 - 0000000003ffafff]\n[    0.000000] Zone PFN ranges:\n[    0.000000]   DMA      0x00000010 -&gt; 0x00001000\n[    0.000000]   DMA32    0x00001000 -&gt; 0x00100000\n[    0.000000]   Normal   empty\n[    0.000000] Movable zone start PFN for each node\n[    0.000000] early_node_map[2] active PFN ranges\n[    0.000000]     0: 0x00000010 -&gt; 0x0000009f\n[    0.000000]     0: 0x00000100 -&gt; 0x00003ffe\n[    0.000000] ACPI: PM-Timer IO Port: 0xb008\n[    0.000000] ACPI: LAPIC (acpi_id[0x00] lapic_id[0x00] enabled)\n[    0.000000] ACPI: LAPIC_NMI (acpi_id[0xff] dfl dfl lint[0x1])\n[    0.000000] ACPI: IOAPIC (id[0x00] address[0xfec00000] gsi_base[0])\n[    0.000000] IOAPIC[0]: apic_id 0, version 17, address 0xfec00000, GSI 0-23\n[    0.000000] ACPI: INT_SRC_OVR (bus 0 bus_irq 0 global_irq 2 dfl dfl)\n[    0.000000] ACPI: INT_SRC_OVR (bus 0 bus_irq 5 global_irq 5 high level)\n[    0.000000] ACPI: INT_SRC_OVR (bus 0 bus_irq 9 global_irq 9 high level)\n[    0.000000] ACPI: INT_SRC_OVR (bus 0 bus_irq 10 global_irq 10 high level)\n[    0.000000] ACPI: INT_SRC_OVR (bus 0 bus_irq 11 global_irq 11 high level)\n[    0.000000] Using ACPI (MADT) for SMP configuration information\n[    0.000000] ACPI: HPET id: 0x8086a201 base: 0xfed00000\n[    0.000000] SMP: Allowing 1 CPUs, 0 hotplug CPUs\n[    0.000000] PM: Registered nosave memory: 000000000009f000 - 00000000000a0000\n[    0.000000] PM: Registered nosave memory: 00000000000a0000 - 00000000000f0000\n[    0.000000] PM: Registered nosave memory: 00000000000f0000 - 0000000000100000\n[    0.000000] Allocating PCI resources starting at 4000000 (gap: 4000000:fbfc0000)\n[    0.000000] Booting paravirtualized kernel on bare hardware\n[    0.000000] setup_pe
2015-12-20 16:32:16,525 20276 DEBUG    [tempest.scenario.manager] Console output for 55b5068e-65ad-49cd-b389-9b9562a393c6
body=
[    0.000000] Initializing cgroup subsys cpuset
[    0.000000] Initializing cgroup subsys cpu
[    0.000000] Linux version 3.2.0-80-virtual (buildd@batsu) (gcc version 4.6.3 (Ubuntu/Linaro 4.6.3-1ubuntu5) ) #116-Ubuntu SMP Mon Mar 23 17:28:52 UTC 2015 (Ubuntu 3.2.0-80.116-virtual 3.2.68)
[    0.000000] Command line: root=/dev/vda console=tty0 console=ttyS0 no_timer_check
[    0.000000] KERNEL supported cpus:
[    0.000000]   Intel GenuineIntel
[    0.000000]   AMD AuthenticAMD
[    0.000000]   Centaur CentaurHauls
[    0.000000] BIOS-provided physical RAM map:
[    0.000000]  BIOS-e820: 0000000000000000 - 000000000009fc00 (usable)
[    0.000000]  BIOS-e820: 000000000009fc00 - 00000000000a0000 (reserved)
[    0.000000]  BIOS-e820: 00000000000f0000 - 0000000000100000 (reserved)
[    0.000000]  BIOS-e820: 0000000000100000 - 0000000003ffe000 (usable)
[    0.000000]  BIOS-e820: 0000000003ffe000 - 0000000004000000 (reserved)
[    0.000000]  BIOS-e820: 00000000fffc0000 - 0000000100000000 (reserved)
[    0.000000] NX (Execute Disable) protection: active
[    0.000000] SMBIOS 2.4 present.
[    0.000000] No AGP bridge found
[    0.000000] last_pfn = 0x3ffe max_arch_pfn = 0x400000000
[    0.000000] x86 PAT enabled: cpu 0, old 0x7040600070406, new 0x7010600070106
[    0.000000] found SMP MP-table at [ffff8800000f0b00] f0b00
[    0.000000] init_memory_mapping: 0000000000000000-0000000003ffe000
[    0.000000] RAMDISK: 03c5e000 - 03ff0000
[    0.000000] ACPI: RSDP 00000000000f0950 00014 (v00 BOCHS )
[    0.000000] ACPI: RSDT 0000000003fffbc1 00034 (v01 BOCHS  BXPCRSDT 00000001 BXPC 00000001)
[    0.000000] ACPI: FACP 0000000003fff1c0 00074 (v01 BOCHS  BXPCFACP 00000001 BXPC 00000001)
[    0.000000] ACPI: DSDT 0000000003ffe040 01180 (v01 BOCHS  BXPCDSDT 00000001 BXPC 00000001)
[    0.000000] ACPI: FACS 0000000003ffe000 00040
[    0.000000] ACPI: SSDT 0000000003fff234 008DD (v01 BOCHS  BXPCSSDT 00000001 BXPC 00000001)
[    0.000000] ACPI: APIC 0000000003fffb11 00078 (v01 BOCHS  BXPCAPIC 00000001 BXPC 00000001)
[    0.000000] ACPI: HPET 0000000003fffb89 00038 (v01 BOCHS  BXPCHPET 00000001 BXPC 00000001)
[    0.000000] No NUMA configuration found
[    0.000000] Faking a node at 0000000000000000-0000000003ffe000
[    0.000000] Initmem setup node 0 0000000000000000-0000000003ffe000
[    0.000000]   NODE_DATA [0000000003ff6000 - 0000000003ffafff]
[    0.000000] Zone PFN ranges:
[    0.000000]   DMA      0x00000010 -&gt; 0x00001000
[    0.000000]   DMA32    0x00001000 -&gt; 0x00100000
[    0.000000]   Normal   empty
[    0.000000] Movable zone start PFN for each node
[    0.000000] early_node_map[2] active PFN ranges
[    0.000000]     0: 0x00000010 -&gt; 0x0000009f
[    0.000000]     0: 0x00000100 -&gt; 0x00003ffe
[    0.000000] ACPI: PM-Timer IO Port: 0xb008
[    0.000000] ACPI: LAPIC (acpi_id[0x00] lapic_id[0x00] enabled)
[    0.000000] ACPI: LAPIC_NMI (acpi_id[0xff] dfl dfl lint[0x1])
[    0.000000] ACPI: IOAPIC (id[0x00] address[0xfec00000] gsi_base[0])
[    0.000000] IOAPIC[0]: apic_id 0, version 17, address 0xfec00000, GSI 0-23
[    0.000000] ACPI: INT_SRC_OVR (bus 0 bus_irq 0 global_irq 2 dfl dfl)
[    0.000000] ACPI: INT_SRC_OVR (bus 0 bus_irq 5 global_irq 5 high level)
[    0.000000] ACPI: INT_SRC_OVR (bus 0 bus_irq 9 global_irq 9 high level)
[    0.000000] ACPI: INT_SRC_OVR (bus 0 bus_irq 10 global_irq 10 high level)
[    0.000000] ACPI: INT_SRC_OVR (bus 0 bus_irq 11 global_irq 11 high level)
[    0.000000] Using ACPI (MADT) for SMP configuration information
[    0.000000] ACPI: HPET id: 0x8086a201 base: 0xfed00000
[    0.000000] SMP: Allowing 1 CPUs, 0 hotplug CPUs
[    0.000000] PM: Registered nosave memory: 000000000009f000 - 00000000000a0000
[    0.000000] PM: Registered nosave memory: 00000000000a0000 - 00000000000f0000
[    0.000000] PM: Registered nosave memory: 00000000000f0000 - 0000000000100000
[    0.000000] Allocating PCI resources starting at 4000000 (gap: 4000000:fbfc0000)
[    0.000000] Booting paravirtualized kernel on bare hardware
[    0.000000] setup_percpu: NR_CPUS:64 nr_cpumask_bits:64 nr_cpu_ids:1 nr_node_ids:1
[    0.000000] PERCPU: Embedded 27 pages/cpu @ffff880003a00000 s78848 r8192 d23552 u2097152
[    0.000000] Built 1 zonelists in Node order, mobility grouping on.  Total pages: 16008
[    0.000000] Policy zone: DMA32
[    0.000000] Kernel command line: root=/dev/vda console=tty0 console=ttyS0 no_timer_check
[    0.000000] PID hash table entries: 256 (order: -1, 2048 bytes)
[    0.000000] Checking aperture...
[    0.000000] No AGP bridge found
[    0.000000] Memory: 43492k/65528k available (6576k kernel code, 452k absent, 21584k reserved, 6620k data, 928k init)
[    0.000000] SLUB: Genslabs=15, HWalign=64, Order=0-3, MinObjects=0, CPUs=1, Nodes=1
[    0.000000] Hierarchical RCU implementation.
[    0.000000] 	RCU dyntick-idle grace-period acceleration is enabled.
[    0.000000] NR_IRQS:4352 nr_irqs:256 16
[    0.000000] Console: colour VGA+ 80x25
[    0.000000] console [tty0] enabled
[    0.000000] console [ttyS0] enabled
[    0.000000] allocated 1048576 bytes of page_cgroup
[    0.000000] please try 'cgroup_disable=memory' option if you don't want memory cgroups
[    0.000000] Fast TSC calibration failed
[    0.000000] TSC: Unable to calibrate against PIT
[    0.000000] TSC: using HPET reference calibration
[    0.000000] Detected 2294.465 MHz processor.
[    0.032532] Calibrating delay loop (skipped), value calculated using timer frequency.. 4588.93 BogoMIPS (lpj=9177860)
[    0.040349] pid_max: default: 32768 minimum: 301
[    0.052339] Security Framework initialized
[    0.058259] AppArmor: AppArmor initialized
[    0.058933] Yama: becoming mindful.
[    0.065958] Dentry cache hash table entries: 8192 (order: 4, 65536 bytes)
[    0.067449] Inode-cache hash table entries: 4096 (order: 3, 32768 bytes)
[    0.068820] Mount-cache hash table entries: 256
[    0.083343] Initializing cgroup subsys cpuacct
[    0.084516] Initializing cgroup subsys memory
[    0.086058] Initializing cgroup subsys devices
[    0.086818] Initializing cgroup subsys freezer
[    0.088149] Initializing cgroup subsys blkio
[    0.088841] Initializing cgroup subsys perf_event
[    0.093378] mce: CPU supports 10 MCE banks
[    0.096883] SMP alternatives: switching to UP code
[    0.503238] Freeing SMP alternatives: 24k freed
[    0.504971] ACPI: Core revision 20110623
[    0.552443] ftrace: allocating 26610 entries in 105 pages
[    0.583034] ..TIMER: vector=0x30 apic1=0 pin1=2 apic2=-1 pin2=-1
[    0.585103] CPU0: AMD QEMU Virtual CPU version 2.0.0 stepping 03
[    0.588036] Performance Events: Broken PMU hardware detected, using software events only.
[    0.596409] NMI watchdog disabled (cpu0): hardware events not enabled
[    0.597857] Brought up 1 CPUs
[    0.598350] Total of 1 processors activated (4588.93 BogoMIPS).
[    0.622403] devtmpfs: initialized
[    0.653126] EVM: security.selinux
[    0.653573] EVM: security.SMACK64
[    0.654021] EVM: security.capability
[    0.673013] print_constraints: dummy: 
[    0.674546] RTC time: 16:30:16, date: 12/20/15
[    0.677719] NET: Registered protocol family 16
[    0.686340] ACPI: bus type pci registered
[    0.690196] PCI: Using configuration type 1 for base access
[    0.723140] bio: create slab &lt;bio-0&gt; at 0
[    0.728721] ACPI: Added _OSI(Module Device)
[    0.729351] ACPI: Added _OSI(Processor Device)
[    0.729899] ACPI: Added _OSI(3.0 _SCP Extensions)
[    0.730716] ACPI: Added _OSI(Processor Aggregator Device)
[    0.824438] ACPI: Interpreter enabled
[    0.828229] ACPI: (supports S0 S3 S4 S5)
[    0.832615] ACPI: Using IOAPIC for interrupt routing
[    0.901201] ACPI: No dock devices found.
[    0.901745] HEST: Table not found.
[    0.902313] PCI: Using host bridge windows from ACPI; if necessary, use "pci=nocrs" and report a bug
[    0.909965] ACPI: PCI Root Bridge [PCI0] (domain 0000 [bus 00-ff])
[    0.915417] pci_root PNP0A03:00: host bridge window [io  0x0000-0x0cf7]
[    0.916174] pci_root PNP0A03:00: host bridge window [io  0x0d00-0xadff]
[    0.917025] pci_root PNP0A03:00: host bridge window [io  0xae0f-0xaeff]
[    0.917848] pci_root PNP0A03:00: host bridge window [io  0xaf20-0xafdf]
[    0.918660] pci_root PNP0A03:00: host bridge window [io  0xafe4-0xffff]
[    0.920166] pci_root PNP0A03:00: host bridge window [mem 0x000a0000-0x000bffff]
[    0.921054] pci_root PNP0A03:00: host bridge window [mem 0x04000000-0xfebfffff]
[    0.945629] pci 0000:00:01.3: quirk: [io  0xb000-0xb03f] claimed by PIIX4 ACPI
[    0.947090] pci 0000:00:01.3: quirk: [io  0xb100-0xb10f] claimed by PIIX4 SMB
[    1.021406]  pci0000:00: Unable to request _OSC control (_OSC support mask: 0x1e)
[    1.083015] ACPI: PCI Interrupt Link [LNKA] (IRQs 5 *10 11)
[    1.086144] ACPI: PCI Interrupt Link [LNKB] (IRQs 5 *10 11)
[    1.088994] ACPI: PCI Interrupt Link [LNKC] (IRQs 5 10 *11)
[    1.090707] ACPI: PCI Interrupt Link [LNKD] (IRQs 5 10 *11)
[    1.092692] ACPI: PCI Interrupt Link [LNKS] (IRQs *9)
[    1.098912] vgaarb: device added: PCI:0000:00:02.0,decodes=io+mem,owns=io+mem,locks=none
[    1.100194] vgaarb: loaded
[    1.100566] vgaarb: bridge control possible 0000:00:02.0
[    1.105286] i2c-core: driver [aat2870] using legacy suspend method
[    1.105955] i2c-core: driver [aat2870] using legacy resume method
[    1.109777] SCSI subsystem initialized
[    1.114952] usbcore: registered new interface driver usbfs
[    1.116438] usbcore: registered new interface driver hub
[    1.118031] usbcore: registered new device driver usb
[    1.122023] PCI: Using ACPI for IRQ routing
[    1.133082] NetLabel: Initializing
[    1.133480] NetLabel:  domain hash size = 128
[    1.133964] NetLabel:  protocols = UNLABELED CIPSOv4
[    1.137272] NetLabel:  unlabeled traffic allowed by default
[    1.140917] HPET: 3 timers in total, 0 timers will be used for per-cpu timer
[    1.144603] hpet0: at MMIO 0xfed00000, IRQs 2, 8, 0
[    1.146147] hpet0: 3 comparators, 64-bit 100.000000 MHz counter
[    1.162268] Switching to clocksource hpet
[    1.414453] AppArmor: AppArmor Filesystem Enabled
[    1.415918] pnp: PnP ACPI init
[    1.417468] ACPI: bus type pnp registered
[    1.435300] pnp: PnP ACPI: found 9 devices
[    1.435806] ACPI: ACPI bus type pnp unregistered
[    1.493261] NET: Registered protocol family 2
[    1.531286] IP route cache hash table entries: 512 (order: 0, 4096 bytes)
[    1.538616] TCP established hash table entries: 2048 (order: 3, 32768 bytes)
[    1.540256] TCP bind hash table entries: 2048 (order: 3, 32768 bytes)
[    1.541907] TCP: Hash tables configured (established 2048 bind 2048)
[    1.542774] TCP reno registered
[    1.543289] UDP hash table entries: 128 (order: 0, 4096 bytes)
[    1.544044] UDP-Lite hash table entries: 128 (order: 0, 4096 bytes)
[    1.547750] NET: Registered protocol family 1
[    1.549259] pci 0000:00:00.0: Limiting direct PCI/PCI transfers
[    1.550054] pci 0000:00:01.0: PIIX3: Enabling Passive Release
[    1.551163] pci 0000:00:01.0: Activating ISA DMA hang workarounds
[    1.555720] ACPI: PCI Interrupt Link [LNKD] enabled at IRQ 11
[    1.557439] pci 0000:00:01.2: PCI INT D -&gt; Link[LNKD] -&gt; GSI 11 (level, high) -&gt; IRQ 11
[    1.559287] pci 0000:00:01.2: PCI INT D disabled
[    1.577268] Trying to unpack rootfs image as initramfs...
[    1.594773] audit: initializing netlink socket (disabled)
[    1.595861] type=2000 audit(1450629016.592:1): initialized
[    1.870564] HugeTLB registered 2 MB page size, pre-allocated 0 pages
[    1.947582] VFS: Disk quotas dquot_6.5.2
[    1.949375] Dquot-cache hash table entries: 512 (order 0, 4096 bytes)
[    1.965449] fuse init (API version 7.17)
[    1.968009] msgmni has been set to 84
[    2.012005] Block layer SCSI generic (bsg) driver version 0.4 loaded (major 253)
[    2.014429] io scheduler noop registered
[    2.015055] io scheduler deadline registered (default)
[    2.015913] io scheduler cfq registered
[    2.019935] pci_hotplug: PCI Hot Plug PCI Core version: 0.5
[    2.022898] pciehp: PCI Express Hot Plug Controller Driver version: 0.4
[    2.028043] input: Power Button as /devices/LNXSYSTM:00/LNXPWRBN:00/input/input0
[    2.029903] ACPI: Power Button [PWRF]
[    2.092163] ERST: Table is not found!
[    2.093932] GHES: HEST is not enabled!
[    2.103171] ACPI: PCI Interrupt Link [LNKC] enabled at IRQ 10
[    2.103838] virtio-pci 0000:00:03.0: PCI INT A -&gt; Link[LNKC] -&gt; GSI 10 (level, high) -&gt; IRQ 10
[    2.109353] virtio-pci 0000:00:04.0: PCI INT A -&gt; Link[LNKD] -&gt; GSI 11 (level, high) -&gt; IRQ 11
[    2.126313] ACPI: PCI Interrupt Link [LNKA] enabled at IRQ 10
[    2.127021] virtio-pci 0000:00:05.0: PCI INT A -&gt; Link[LNKA] -&gt; GSI 10 (level, high) -&gt; IRQ 10
[    2.139711] Serial: 8250/16550 driver, 32 ports, IRQ sharing enabled
[    2.171815] serial8250: ttyS0 at I/O 0x3f8 (irq = 4) is a 16550A
[    2.245063] serial8250: ttyS1 at I/O 0x2f8 (irq = 3) is a 16550A
[    2.387480] 00:05: ttyS0 at I/O 0x3f8 (irq = 4) is a 16550A
[    2.456683] 00:06: ttyS1 at I/O 0x2f8 (irq = 3) is a 16550A
[    2.494007] Linux agpgart interface v0.103
[    2.566823] Refined TSC clocksource calibration: 2294.454 MHz.
[    2.567597] Switching to clocksource tsc
[    2.572048] brd: module loaded
[    2.598342] loop: module loaded
[    2.648901]  vda: unknown partition table
[    2.718852] scsi0 : ata_piix
[    2.721791] scsi1 : ata_piix
[    2.723261] ata1: PATA max MWDMA2 cmd 0x1f0 ctl 0x3f6 bmdma 0xc0a0 irq 14
[    2.724103] ata2: PATA max MWDMA2 cmd 0x170 ctl 0x376 bmdma 0xc0a8 irq 15
[    2.734957] Fixed MDIO Bus: probed
[    2.735777] tun: Universal TUN/TAP device driver, 1.6
[    2.736896] tun: (C) 1999-2004 Max Krasnyansky &lt;maxk@qualcomm.com&gt;
[    2.759354] PPP generic driver version 2.4.2
[    2.797602] ehci_hcd: USB 2.0 'Enhanced' Host Controller (EHCI) Driver
[    2.798808] ohci_hcd: USB 1.1 'Open' Host Controller (OHCI) Driver
[    2.799742] uhci_hcd: USB Universal Host Controller Interface driver
[    2.801313] uhci_hcd 0000:00:01.2: PCI INT D -&gt; Link[LNKD] -&gt; GSI 11 (level, high) -&gt; IRQ 11
[    2.803823] uhci_hcd 0000:00:01.2: UHCI Host Controller
[    2.818078] uhci_hcd 0000:00:01.2: new USB bus registered, assigned bus number 1
[    2.819980] uhci_hcd 0000:00:01.2: irq 11, io base 0x0000c040
[    2.849484] hub 1-0:1.0: USB hub found
[    2.851734] hub 1-0:1.0: 2 ports detected
[    2.867296] usbcore: registered new interface driver libusual
[    2.872036] i8042: PNP: PS/2 Controller [PNP0303:KBD,PNP0f13:MOU] at 0x60,0x64 irq 1,12
[    2.882529] serio: i8042 KBD port at 0x60,0x64 irq 1
[    2.886354] serio: i8042 AUX port at 0x60,0x64 irq 12
[    2.972849] ata2.01: ATAPI: QEMU DVD-ROM, 2.0.0, max UDMA/100
[    2.983908] mousedev: PS/2 mouse device common for all mice
[    3.007629] input: AT Translated Set 2 keyboard as /devices/platform/i8042/serio0/input/input1
[    3.015897] rtc_cmos 00:01: RTC can wake from S4
[    3.031647] rtc_cmos 00:01: rtc core: registered rtc_cmos as rtc0
[    3.034829] rtc0: alarms up to one day, 114 bytes nvram, hpet irqs
[    3.039182] device-mapper: uevent: version 1.0.3
[    3.060075] ata2.01: configured for MWDMA2
[    3.067723] device-mapper: ioctl: 4.22.0-ioctl (2011-10-19) initialised: dm-devel@redhat.com
[    3.073970] cpuidle: using governor ladder
[    3.075382] cpuidle: using governor menu
[    3.076053] EFI Variables Facility v0.08 2004-May-17
[    3.101643] TCP cubic registered
[    3.111709] NET: Registered protocol family 10
[    3.152737] NET: Registered protocol family 17
[    3.154183] Registering the dns_resolver key type
[    3.187705] scsi 1:0:1:0: CD-ROM            QEMU     QEMU DVD-ROM     2.0. PQ: 0 ANSI: 5
[    3.221144] sr0: scsi3-mmc drive: 4x/4x cd/rw xa/form2 tray
[    3.222515] cdrom: Uniform CD-ROM driver Revision: 3.20
[    3.246989] sr 1:0:1:0: Attached scsi generic sg0 type 5
[    3.324621] registered taskstats version 1
[    3.399986] Freeing initrd memory: 3656k freed
[    3.906835]   Magic number: 11:714:540
[    3.914968] rtc_cmos 00:01: setting system clock to 2015-12-20 16:30:19 UTC (1450629019)
[    3.916223] powernow-k8: Processor cpuid 663 not supported
[    3.921233] BIOS EDD facility v0.16 2004-Jun-25, 0 devices found
[    3.921967] EDD information not available.
[    3.963568] Freeing unused kernel memory: 928k freed
[    3.967137] Write protecting the kernel read-only data: 12288k
[    4.044610] Freeing unused kernel memory: 1596k freed
[    4.101053] Freeing unused kernel memory: 1184k freed

info: initramfs: up at 4.27
modprobe: module virtio_blk not found in modules.dep
modprobe: module virtio_net not found in modules.dep
info: copying initramfs to /dev/vda
info: initramfs loading root from /dev/vda
info: /etc/init.d/rc.sysinit: up at 9.06
info: container: none
Starting logging: OK
modprobe: module virtio_blk not found in modules.dep
modprobe: module virtio_net not found in modules.dep
WARN: /etc/rc3.d/S10-load-modules failed
Initializing random number generator... done.
Starting acpid: OK
cirros-ds 'local' up at 11.64
found datasource (configdrive, local)
Starting network...
udhcpc (v1.20.1) started
Sending discover...
Sending discover...

2015-12-20 16:32:16,745 20276 INFO     [tempest_lib.common.rest_client] Request (TestNetworkAdvancedServerOps:_run_cleanups): 204 DELETE http://10.0.2.15:9696/v2.0/floatingips/082c02c5-8ed1-46e9-8a73-084e12c9db56 0.215s
2015-12-20 16:32:16,746 20276 DEBUG    [tempest_lib.common.rest_client] Request - Headers: {'Content-Type': 'application/json', 'Accept': 'application/json', 'X-Auth-Token': '&lt;omitted&gt;'}
        Body: None
    Response - Headers: {'date': 'Sun, 20 Dec 2015 16:32:16 GMT', 'status': '204', 'connection': 'close', 'content-length': '0', 'x-openstack-request-id': 'req-858c35b1-5098-48b6-80f4-71923407131e'}
        Body: 
2015-12-20 16:32:17,116 20276 INFO     [tempest_lib.common.rest_client] Request (TestNetworkAdvancedServerOps:_run_cleanups): 204 DELETE http://10.0.2.15:8774/v2.1/725a8229fc0248078c8ca1dcc130dafa/servers/55b5068e-65ad-49cd-b389-9b9562a393c6 0.370s
2015-12-20 16:32:17,117 20276 DEBUG    [tempest_lib.common.rest_client] Request - Headers: {'Content-Type': 'application/json', 'Accept': 'application/json', 'X-Auth-Token': '&lt;omitted&gt;'}
        Body: None
    Response - Headers: {'status': '204', 'content-length': '0', 'x-compute-request-id': 'req-d398007e-9c81-4a8c-a9f9-d0200daa5bd2', 'vary': 'X-OpenStack-Nova-API-Version', 'connection': 'close', 'x-openstack-nova-api-version': '2.1', 'date': 'Sun, 20 Dec 2015 16:32:17 GMT', 'content-type': 'application/json'}
        Body: 
2015-12-20 16:32:17,322 20276 INFO     [tempest_lib.common.rest_client] Request (TestNetworkAdvancedServerOps:_run_cleanups): 200 GET http://10.0.2.15:8774/v2.1/725a8229fc0248078c8ca1dcc130dafa/servers/55b5068e-65ad-49cd-b389-9b9562a393c6 0.204s
2015-12-20 16:32:17,323 20276 DEBUG    [tempest_lib.common.rest_client] Request - Headers: {'Content-Type': 'application/json', 'Accept': 'application/json', 'X-Auth-Token': '&lt;omitted&gt;'}
        Body: None
    Response - Headers: {'status': '200', 'content-length': '1786', 'content-location': 'http://10.0.2.15:8774/v2.1/725a8229fc0248078c8ca1dcc130dafa/servers/55b5068e-65ad-49cd-b389-9b9562a393c6', 'x-compute-request-id': 'req-5f11a32d-2a63-407a-b267-085c301b1cf1', 'vary': 'X-OpenStack-Nova-API-Version', 'connection': 'close', 'x-openstack-nova-api-version': '2.1', 'date': 'Sun, 20 Dec 2015 16:32:17 GMT', 'content-type': 'application/json'}
        Body: {"server": {"status": "ACTIVE", "updated": "2015-12-20T16:32:17Z", "hostId": "fd18191166309193841419d3ada0284f99758625aad9fa622514c833", "addresses": {"tempest-network-smoke--1888453734": [{"OS-EXT-IPS-MAC:mac_addr": "fa:16:3e:5d:ec:e0", "version": 4, "addr": "10.100.0.3", "OS-EXT-IPS:type": "fixed"}, {"OS-EXT-IPS-MAC:mac_addr": "fa:16:3e:5d:ec:e0", "version": 4, "addr": "172.24.4.4", "OS-EXT-IPS:type": "floating"}]}, "links": [{"href": "http://10.0.2.15:8774/v2.1/725a8229fc0248078c8ca1dcc130dafa/servers/55b5068e-65ad-49cd-b389-9b9562a393c6", "rel": "self"}, {"href": "http://10.0.2.15:8774/725a8229fc0248078c8ca1dcc130dafa/servers/55b5068e-65ad-49cd-b389-9b9562a393c6", "rel": "bookmark"}], "key_name": "tempest-TestNetworkAdvancedServerOps-1549898585", "image": {"id": "cc14e7a9-b4b4-4f01-affe-a1768ef22e4b", "links": [{"href": "http://10.0.2.15:8774/725a8229fc0248078c8ca1dcc130dafa/images/cc14e7a9-b4b4-4f01-affe-a1768ef22e4b", "rel": "bookmark"}]}, "OS-EXT-STS:task_state": "deleting", "OS-EXT-STS:vm_state": "active", "OS-SRV-USG:launched_at": "2015-12-20T16:30:12.000000", "flavor": {"id": "42", "links": [{"href": "http://10.0.2.15:8774/725a8229fc0248078c8ca1dcc130dafa/flavors/42", "rel": "bookmark"}]}, "id": "55b5068e-65ad-49cd-b389-9b9562a393c6", "security_groups": [{"name": "tempest-secgroup-smoke-1419544703"}], "OS-SRV-USG:terminated_at": null, "OS-EXT-AZ:availability_zone": "nova", "user_id": "23669ffe18b84d0db0cee9408c64cd81", "name": "tempest.common.compute-instance-1033942898", "created": "2015-12-20T16:30:08Z", "tenant_id": "725a8229fc0248078c8ca1dcc130dafa", "OS-DCF:diskConfig": "MANUAL", "os-extended-volumes:volumes_attached": [], "accessIPv4": "", "accessIPv6": "", "progress": 0, "OS-EXT-STS:power_state": 1, "config_drive": "True", "metadata": {}}}
2015-12-20 16:32:18,461 20276 INFO     [tempest_lib.common.rest_client] Request (TestNetworkAdvancedServerOps:_run_cleanups): 200 GET http://10.0.2.15:8774/v2.1/725a8229fc0248078c8ca1dcc130dafa/servers/55b5068e-65ad-49cd-b389-9b9562a393c6 0.124s
2015-12-20 16:32:18,461 20276 DEBUG    [tempest_lib.common.rest_client] Request - Headers: {'Content-Type': 'application/json', 'Accept': 'application/json', 'X-Auth-Token': '&lt;omitted&gt;'}
        Body: None
    Response - Headers: {'status': '200', 'content-length': '1450', 'content-location': 'http://10.0.2.15:8774/v2.1/725a8229fc0248078c8ca1dcc130dafa/servers/55b5068e-65ad-49cd-b389-9b9562a393c6', 'x-compute-request-id': 'req-6d9a3521-55a1-466b-8982-9658d0480a64', 'vary': 'X-OpenStack-Nova-API-Version', 'connection': 'close', 'x-openstack-nova-api-version': '2.1', 'date': 'Sun, 20 Dec 2015 16:32:18 GMT', 'content-type': 'application/json'}
        Body: {"server": {"status": "ACTIVE", "updated": "2015-12-20T16:32:17Z", "hostId": "fd18191166309193841419d3ada0284f99758625aad9fa622514c833", "addresses": {}, "links": [{"href": "http://10.0.2.15:8774/v2.1/725a8229fc0248078c8ca1dcc130dafa/servers/55b5068e-65ad-49cd-b389-9b9562a393c6", "rel": "self"}, {"href": "http://10.0.2.15:8774/725a8229fc0248078c8ca1dcc130dafa/servers/55b5068e-65ad-49cd-b389-9b9562a393c6", "rel": "bookmark"}], "key_name": "tempest-TestNetworkAdvancedServerOps-1549898585", "image": {"id": "cc14e7a9-b4b4-4f01-affe-a1768ef22e4b", "links": [{"href": "http://10.0.2.15:8774/725a8229fc0248078c8ca1dcc130dafa/images/cc14e7a9-b4b4-4f01-affe-a1768ef22e4b", "rel": "bookmark"}]}, "OS-EXT-STS:task_state": "deleting", "OS-EXT-STS:vm_state": "active", "OS-SRV-USG:launched_at": "2015-12-20T16:30:12.000000", "flavor": {"id": "42", "links": [{"href": "http://10.0.2.15:8774/725a8229fc0248078c8ca1dcc130dafa/flavors/42", "rel": "bookmark"}]}, "id": "55b5068e-65ad-49cd-b389-9b9562a393c6", "OS-SRV-USG:terminated_at": null, "OS-EXT-AZ:availability_zone": "nova", "user_id": "23669ffe18b84d0db0cee9408c64cd81", "name": "tempest.common.compute-instance-1033942898", "created": "2015-12-20T16:30:08Z", "tenant_id": "725a8229fc0248078c8ca1dcc130dafa", "OS-DCF:diskConfig": "MANUAL", "os-extended-volumes:volumes_attached": [], "accessIPv4": "", "accessIPv6": "", "progress": 0, "OS-EXT-STS:power_state": 1, "config_drive": "True", "metadata": {}}}
2015-12-20 16:32:19,689 20276 INFO     [tempest_lib.common.rest_client] Request (TestNetworkAdvancedServerOps:_run_cleanups): 404 GET http://10.0.2.15:8774/v2.1/725a8229fc0248078c8ca1dcc130dafa/servers/55b5068e-65ad-49cd-b389-9b9562a393c6 0.218s
2015-12-20 16:32:19,690 20276 DEBUG    [tempest_lib.common.rest_client] Request - Headers: {'Content-Type': 'application/json', 'Accept': 'application/json', 'X-Auth-Token': '&lt;omitted&gt;'}
        Body: None
    Response - Headers: {'status': '404', 'content-length': '111', 'x-compute-request-id': 'req-ccdb5b21-14f6-4a79-8f43-1ceee9aa31a0', 'vary': 'X-OpenStack-Nova-API-Version', 'connection': 'close', 'x-openstack-nova-api-version': '2.1', 'date': 'Sun, 20 Dec 2015 16:32:19 GMT', 'content-type': 'application/json; charset=UTF-8'}
        Body: {"itemNotFound": {"message": "Instance 55b5068e-65ad-49cd-b389-9b9562a393c6 could not be found.", "code": 404}}
2015-12-20 16:32:20,010 20276 INFO     [tempest_lib.common.rest_client] Request (TestNetworkAdvancedServerOps:_run_cleanups): 200 PUT http://10.0.2.15:9696/v2.0/routers/31f2d009-8d7a-4635-a050-2703f1315fe3/remove_router_interface 0.318s
2015-12-20 16:32:20,010 20276 DEBUG    [tempest_lib.common.rest_client] Request - Headers: {'Content-Type': 'application/json', 'Accept': 'application/json', 'X-Auth-Token': '&lt;omitted&gt;'}
        Body: {"subnet_id": "2f431c52-eeef-4625-ac52-e69ca64f96a0"}
    Response - Headers: {'status': '200', 'content-length': '255', 'connection': 'close', 'date': 'Sun, 20 Dec 2015 16:32:20 GMT', 'content-type': 'application/json; charset=UTF-8', 'x-openstack-request-id': 'req-d0f9ced2-61fa-472a-a8a1-a86f1b9845ef'}
        Body: {"subnet_id": "2f431c52-eeef-4625-ac52-e69ca64f96a0", "tenant_id": "725a8229fc0248078c8ca1dcc130dafa", "subnet_ids": ["2f431c52-eeef-4625-ac52-e69ca64f96a0"], "port_id": "72d3fd7f-ea5e-4a2e-be98-0ba2c7d4df6e", "id": "31f2d009-8d7a-4635-a050-2703f1315fe3"}
2015-12-20 16:32:20,348 20276 INFO     [tempest_lib.common.rest_client] Request (TestNetworkAdvancedServerOps:_run_cleanups): 204 DELETE http://10.0.2.15:9696/v2.0/subnets/2f431c52-eeef-4625-ac52-e69ca64f96a0 0.337s
2015-12-20 16:32:20,349 20276 DEBUG    [tempest_lib.common.rest_client] Request - Headers: {'Content-Type': 'application/json', 'Accept': 'application/json', 'X-Auth-Token': '&lt;omitted&gt;'}
        Body: None
    Response - Headers: {'date': 'Sun, 20 Dec 2015 16:32:20 GMT', 'status': '204', 'connection': 'close', 'content-length': '0', 'x-openstack-request-id': 'req-0b3b5270-7df3-463f-aa88-71a17c3c0375'}
        Body: 
2015-12-20 16:32:20,472 20276 INFO     [tempest_lib.common.rest_client] Request (TestNetworkAdvancedServerOps:_run_cleanups): 200 GET http://10.0.2.15:9696/v2.0/routers/31f2d009-8d7a-4635-a050-2703f1315fe3 0.121s
2015-12-20 16:32:20,472 20276 DEBUG    [tempest_lib.common.rest_client] Request - Headers: {'Content-Type': 'application/json', 'Accept': 'application/json', 'X-Auth-Token': '&lt;omitted&gt;'}
        Body: None
    Response - Headers: {'status': '200', 'content-length': '501', 'content-location': 'http://10.0.2.15:9696/v2.0/routers/31f2d009-8d7a-4635-a050-2703f1315fe3', 'connection': 'close', 'date': 'Sun, 20 Dec 2015 16:32:20 GMT', 'content-type': 'application/json; charset=UTF-8', 'x-openstack-request-id': 'req-a9b00d5a-df08-4e27-958e-f999ae9f788d'}
        Body: {"router": {"status": "ACTIVE", "external_gateway_info": {"network_id": "2419c37e-5c87-40e2-9f8e-c61dde0e3d6f", "enable_snat": true, "external_fixed_ips": [{"subnet_id": "0240e298-a84c-4690-9b75-71101a67287c", "ip_address": "172.24.4.3"}, {"subnet_id": "8820d1c1-17fe-45fb-82f4-e60e4920130d", "ip_address": "2001:db8::3"}]}, "name": "tempest-router-smoke-1106346895", "admin_state_up": true, "tenant_id": "725a8229fc0248078c8ca1dcc130dafa", "routes": [], "id": "31f2d009-8d7a-4635-a050-2703f1315fe3"}}
2015-12-20 16:32:20,786 20276 INFO     [tempest_lib.common.rest_client] Request (TestNetworkAdvancedServerOps:_run_cleanups): 200 PUT http://10.0.2.15:9696/v2.0/routers/31f2d009-8d7a-4635-a050-2703f1315fe3 0.313s
2015-12-20 16:32:20,786 20276 DEBUG    [tempest_lib.common.rest_client] Request - Headers: {'Content-Type': 'application/json', 'Accept': 'application/json', 'X-Auth-Token': '&lt;omitted&gt;'}
        Body: {"router": {"external_gateway_info": {}, "name": "tempest-router-smoke-1106346895", "admin_state_up": true}}
    Response - Headers: {'status': '200', 'content-length': '239', 'connection': 'close', 'date': 'Sun, 20 Dec 2015 16:32:20 GMT', 'content-type': 'application/json; charset=UTF-8', 'x-openstack-request-id': 'req-5ac56569-ba71-48b0-8645-6902e908672f'}
        Body: {"router": {"status": "ACTIVE", "external_gateway_info": null, "name": "tempest-router-smoke-1106346895", "admin_state_up": true, "tenant_id": "725a8229fc0248078c8ca1dcc130dafa", "routes": [], "id": "31f2d009-8d7a-4635-a050-2703f1315fe3"}}
2015-12-20 16:32:20,983 20276 INFO     [tempest_lib.common.rest_client] Request (TestNetworkAdvancedServerOps:_run_cleanups): 204 DELETE http://10.0.2.15:9696/v2.0/routers/31f2d009-8d7a-4635-a050-2703f1315fe3 0.195s
2015-12-20 16:32:20,983 20276 DEBUG    [tempest_lib.common.rest_client] Request - Headers: {'Content-Type': 'application/json', 'Accept': 'application/json', 'X-Auth-Token': '&lt;omitted&gt;'}
        Body: None
    Response - Headers: {'date': 'Sun, 20 Dec 2015 16:32:20 GMT', 'status': '204', 'connection': 'close', 'content-length': '0', 'x-openstack-request-id': 'req-fce1abe3-3714-4561-b525-d63eb78ac7c8'}
        Body: 
2015-12-20 16:32:21,150 20276 INFO     [tempest_lib.common.rest_client] Request (TestNetworkAdvancedServerOps:_run_cleanups): 204 DELETE http://10.0.2.15:9696/v2.0/networks/919bf9a7-325d-4640-bdfd-1a27c3aa6c55 0.166s
2015-12-20 16:32:21,151 20276 DEBUG    [tempest_lib.common.rest_client] Request - Headers: {'Content-Type': 'application/json', 'Accept': 'application/json', 'X-Auth-Token': '&lt;omitted&gt;'}
        Body: None
    Response - Headers: {'date': 'Sun, 20 Dec 2015 16:32:21 GMT', 'status': '204', 'connection': 'close', 'content-length': '0', 'x-openstack-request-id': 'req-c0b1906e-cefc-4e45-afa3-97224d73a6a5'}
        Body: 
2015-12-20 16:32:21,196 20276 INFO     [tempest_lib.common.rest_client] Request (TestNetworkAdvancedServerOps:_run_cleanups): 204 DELETE http://10.0.2.15:9696/v2.0/security-group-rules/792ee01b-c403-4f3d-84a0-462fb955339a 0.044s
2015-12-20 16:32:21,197 20276 DEBUG    [tempest_lib.common.rest_client] Request - Headers: {'Content-Type': 'application/json', 'Accept': 'application/json', 'X-Auth-Token': '&lt;omitted&gt;'}
        Body: None
    Response - Headers: {'date': 'Sun, 20 Dec 2015 16:32:21 GMT', 'status': '204', 'connection': 'close', 'content-length': '0', 'x-openstack-request-id': 'req-e7daba06-f0ee-4af8-ab9e-f64c9682ff4a'}
        Body: 
2015-12-20 16:32:21,248 20276 INFO     [tempest_lib.common.rest_client] Request (TestNetworkAdvancedServerOps:_run_cleanups): 204 DELETE http://10.0.2.15:9696/v2.0/security-group-rules/54cccc77-23f5-49ae-9605-0f9d3fc0a927 0.050s
2015-12-20 16:32:21,248 20276 DEBUG    [tempest_lib.common.rest_client] Request - Headers: {'Content-Type': 'application/json', 'Accept': 'application/json', 'X-Auth-Token': '&lt;omitted&gt;'}
        Body: None
    Response - Headers: {'date': 'Sun, 20 Dec 2015 16:32:21 GMT', 'status': '204', 'connection': 'close', 'content-length': '0', 'x-openstack-request-id': 'req-b25a38c1-be6b-452f-b17d-8554b8aacbfd'}
        Body: 
2015-12-20 16:32:21,301 20276 INFO     [tempest_lib.common.rest_client] Request (TestNetworkAdvancedServerOps:_run_cleanups): 204 DELETE http://10.0.2.15:9696/v2.0/security-group-rules/56496c18-8bff-4349-80e3-5e450c08dba7 0.052s
2015-12-20 16:32:21,302 20276 DEBUG    [tempest_lib.common.rest_client] Request - Headers: {'Content-Type': 'application/json', 'Accept': 'application/json', 'X-Auth-Token': '&lt;omitted&gt;'}
        Body: None
    Response - Headers: {'date': 'Sun, 20 Dec 2015 16:32:21 GMT', 'status': '204', 'connection': 'close', 'content-length': '0', 'x-openstack-request-id': 'req-e1031a1e-e25d-4c50-ae45-a95b4084d9d1'}
        Body: 
2015-12-20 16:32:21,355 20276 INFO     [tempest_lib.common.rest_client] Request (TestNetworkAdvancedServerOps:_run_cleanups): 204 DELETE http://10.0.2.15:9696/v2.0/security-group-rules/a8e83906-245d-46a9-8035-6eed3f363dcb 0.052s
2015-12-20 16:32:21,355 20276 DEBUG    [tempest_lib.common.rest_client] Request - Headers: {'Content-Type': 'application/json', 'Accept': 'application/json', 'X-Auth-Token': '&lt;omitted&gt;'}
        Body: None
    Response - Headers: {'date': 'Sun, 20 Dec 2015 16:32:21 GMT', 'status': '204', 'connection': 'close', 'content-length': '0', 'x-openstack-request-id': 'req-b973adc2-ef3d-4959-a7d8-07bac12fd08b'}
        Body: 
2015-12-20 16:32:21,413 20276 INFO     [tempest_lib.common.rest_client] Request (TestNetworkAdvancedServerOps:_run_cleanups): 204 DELETE http://10.0.2.15:9696/v2.0/security-group-rules/33782066-df4a-4d79-bbb0-d2bad38611ba 0.057s
2015-12-20 16:32:21,413 20276 DEBUG    [tempest_lib.common.rest_client] Request - Headers: {'Content-Type': 'application/json', 'Accept': 'application/json', 'X-Auth-Token': '&lt;omitted&gt;'}
        Body: None
    Response - Headers: {'date': 'Sun, 20 Dec 2015 16:32:21 GMT', 'status': '204', 'connection': 'close', 'content-length': '0', 'x-openstack-request-id': 'req-8426fdde-8b12-4745-a8e6-56488c6ee1d0'}
        Body: 
2015-12-20 16:32:21,464 20276 INFO     [tempest_lib.common.rest_client] Request (TestNetworkAdvancedServerOps:_run_cleanups): 204 DELETE http://10.0.2.15:9696/v2.0/security-group-rules/cd8277c6-a4dd-43ec-b89b-2371abb36c6e 0.049s
2015-12-20 16:32:21,464 20276 DEBUG    [tempest_lib.common.rest_client] Request - Headers: {'Content-Type': 'application/json', 'Accept': 'application/json', 'X-Auth-Token': '&lt;omitted&gt;'}
        Body: None
    Response - Headers: {'date': 'Sun, 20 Dec 2015 16:32:21 GMT', 'status': '204', 'connection': 'close', 'content-length': '0', 'x-openstack-request-id': 'req-a73fa74b-3927-4eab-8e73-d1c03be47d8a'}
        Body: 
2015-12-20 16:32:21,550 20276 INFO     [tempest_lib.common.rest_client] Request (TestNetworkAdvancedServerOps:_run_cleanups): 204 DELETE http://10.0.2.15:9696/v2.0/security-groups/08362cfa-f134-47f0-8a24-3cdbf7c40340 0.085s
2015-12-20 16:32:21,551 20276 DEBUG    [tempest_lib.common.rest_client] Request - Headers: {'Content-Type': 'application/json', 'Accept': 'application/json', 'X-Auth-Token': '&lt;omitted&gt;'}
        Body: None
    Response - Headers: {'date': 'Sun, 20 Dec 2015 16:32:21 GMT', 'status': '204', 'connection': 'close', 'content-length': '0', 'x-openstack-request-id': 'req-58a63747-54c1-462a-a3db-afb836b630f4'}
        Body: 
2015-12-20 16:32:21,570 20276 INFO     [tempest_lib.common.rest_client] Request (TestNetworkAdvancedServerOps:_run_cleanups): 202 DELETE http://10.0.2.15:8774/v2.1/725a8229fc0248078c8ca1dcc130dafa/os-keypairs/tempest-TestNetworkAdvancedServerOps-1549898585 0.018s
2015-12-20 16:32:21,571 20276 DEBUG    [tempest_lib.common.rest_client] Request - Headers: {'Content-Type': 'application/json', 'Accept': 'application/json', 'X-Auth-Token': '&lt;omitted&gt;'}
        Body: None
    Response - Headers: {'status': '202', 'content-length': '0', 'x-compute-request-id': 'req-b75784a2-7dc2-4326-827c-569b428b1603', 'vary': 'X-OpenStack-Nova-API-Version', 'connection': 'close', 'x-openstack-nova-api-version': '2.1', 'date': 'Sun, 20 Dec 2015 16:32:21 GMT', 'content-type': 'application/json'}
        Body: 
2015-12-20 16:32:21,649 20276 INFO     [tempest_lib.common.rest_client] Request (TestNetworkAdvancedServerOps:_run_cleanups): 404 GET http://10.0.2.15:8774/v2.1/725a8229fc0248078c8ca1dcc130dafa/servers/55b5068e-65ad-49cd-b389-9b9562a393c6 0.078s
2015-12-20 16:32:21,650 20276 DEBUG    [tempest_lib.common.rest_client] Request - Headers: {'Content-Type': 'application/json', 'Accept': 'application/json', 'X-Auth-Token': '&lt;omitted&gt;'}
        Body: None
    Response - Headers: {'status': '404', 'content-length': '111', 'x-compute-request-id': 'req-d56eb741-6893-404e-9e7d-3cff316b2c12', 'vary': 'X-OpenStack-Nova-API-Version', 'connection': 'close', 'x-openstack-nova-api-version': '2.1', 'date': 'Sun, 20 Dec 2015 16:32:21 GMT', 'content-type': 'application/json; charset=UTF-8'}
        Body: {"itemNotFound": {"message": "Instance 55b5068e-65ad-49cd-b389-9b9562a393c6 could not be found.", "code": 404}}
}}}

Traceback (most recent call last):
  File "tempest/test.py", line 113, in wrapper
    return f(self, *func_args, **func_kwargs)
  File "tempest/scenario/test_network_advanced_server_ops.py", line 134, in test_server_connectivity_pause_unpause
    server, keypair, floating_ip = self._setup_network_and_servers()
  File "tempest/scenario/test_network_advanced_server_ops.py", line 71, in _setup_network_and_servers
    server, keypair, floating_ip)
  File "tempest/scenario/test_network_advanced_server_ops.py", line 95, in _wait_server_status_and_check_network_connectivity
    self._check_network_connectivity(server, keypair, floating_ip)
  File "tempest/scenario/test_network_advanced_server_ops.py", line 88, in _check_network_connectivity
    servers=[server])
  File "tempest/scenario/manager.py", line 608, in check_public_network_connectivity
    should_connect=should_connect)
  File "tempest/scenario/manager.py", line 592, in check_vm_connectivity
    msg=msg)
  File "/usr/local/lib/python2.7/dist-packages/unittest2/case.py", line 702, in assertTrue
    raise self.failureException(msg)
AssertionError: False is not true : Timed out waiting for 172.24.4.4 to become reachable



        </pre>
    </div>
    <!--css div popup end-->

    </td>
</tr>

<tr id='ft1.2' class='none'>
    <td class='failCase'><div class='testcase'>test_server_connectivity_reboot[compute,id-7b6860c2-afa3-4846-9522-adeb38dfbe08,network]</div></td>
    <td colspan='7' align='left'>

    <!--css div popup start-->
    <a class="popup_link" onfocus='this.blur();'
    href="javascript:showTestDetail('div_ft1.2')" >
        fail</a>

    <div id='div_ft1.2' class="popup_window">
        <div style='text-align: right; color:red;cursor:pointer'>
        <a onfocus='this.blur();'
onclick="document.getElementById('div_ft1.2').style.display = 'none' " >
           [x]</a>
        </div>
        <pre>
        
ft1.2: tempest.scenario.test_network_advanced_server_ops.TestNetworkAdvancedServerOps.test_server_connectivity_reboot[compute,id-7b6860c2-afa3-4846-9522-adeb38dfbe08,network]_StringException: Empty attachments:
  stderr
  stdout

pythonlogging:'': {{{
2015-12-20 16:32:21,836 20276 INFO     [tempest_lib.common.rest_client] Request (TestNetworkAdvancedServerOps:test_server_connectivity_reboot): 200 POST http://10.0.2.15:8774/v2.1/725a8229fc0248078c8ca1dcc130dafa/os-keypairs 0.167s
