<?xml version="1.0" encoding="UTF-8"?>
<!DOCTYPE html PUBLIC "-//W3C//DTD XHTML 1.0 Strict//EN"
     "http://www.w3.org/TR/xhtml1/DTD/xhtml1-strict.dtd">
<html xmlns="http://www.w3.org/1999/xhtml">
<head>
    <title>Unit Test Report</title>
    <meta name="generator" content="subunit2html 0.1"/>
    <meta http-equiv="Content-Type" content="text/html; charset=UTF-8"/>
    
<style type="text/css" media="screen">
body        { font-family: verdana, arial, helvetica, sans-serif;
    font-size: 80%; }
table       { font-size: 100%; width: 100%;}
pre         { font-size: 80%; }

/* -- heading -------------------------------------------------------------- */
h1 {
        font-size: 16pt;
        color: gray;
}
.heading {
    margin-top: 0ex;
    margin-bottom: 1ex;
}

.heading .attribute {
    margin-top: 1ex;
    margin-bottom: 0;
}

.heading .description {
    margin-top: 4ex;
    margin-bottom: 6ex;
}

/* -- css div popup -------------------------------------------------------- */
a.popup_link {
}

a.popup_link:hover {
    color: red;
}

.popup_window {
    display: none;
    overflow-x: scroll;
    /*border: solid #627173 1px; */
    padding: 10px;
    background-color: #E6E6D6;
    font-family: "Ubuntu Mono", "Lucida Console", "Courier New", monospace;
    text-align: left;
    font-size: 8pt;
}

}
/* -- report --------------------------------------------------------------- */
#show_detail_line {
    margin-top: 3ex;
    margin-bottom: 1ex;
}
#result_table {
    width: 100%;
    border-collapse: collapse;
    border: 1px solid #777;
}
#header_row {
    font-weight: bold;
    color: white;
    background-color: #777;
}
#result_table td {
    border: 1px solid #777;
    padding: 2px;
}
#total_row  { font-weight: bold; }
.passClass  { background-color: #6c6; }
.failClass  { background-color: #c60; }
.errorClass { background-color: #c00; }
.passCase   { color: #6c6; }
.failCase   { color: #c60; font-weight: bold; }
.errorCase  { color: #c00; font-weight: bold; }
.hiddenRow  { display: none; }
.testcase   { margin-left: 2em; }
td.testname {width: 40%}
td.small {width: 40px}

/* -- ending --------------------------------------------------------------- */
#ending {
}

</style>

</head>
<body>
<script language="javascript" type="text/javascript"><!--
output_list = Array();

/* level - 0:Summary; 1:Failed; 2:All */
function showCase(level) {
    trs = document.getElementsByTagName("tr");
    for (var i = 0; i < trs.length; i++) {
        tr = trs[i];
        id = tr.id;
        if (id.substr(0,2) == 'ft') {
            if (level < 1) {
                tr.className = 'hiddenRow';
            }
            else {
                tr.className = '';
            }
        }
        if (id.substr(0,2) == 'pt') {
            if (level > 1) {
                tr.className = '';
            }
            else {
                tr.className = 'hiddenRow';
            }
        }
    }
}


function showClassDetail(cid, count) {
    var id_list = Array(count);
    var toHide = 1;
    for (var i = 0; i < count; i++) {
        tid0 = 't' + cid.substr(1) + '.' + (i+1);
        tid = 'f' + tid0;
        tr = document.getElementById(tid);
        if (!tr) {
            tid = 'p' + tid0;
            tr = document.getElementById(tid);
        }
        id_list[i] = tid;
        if (tr.className) {
            toHide = 0;
        }
    }
    for (var i = 0; i < count; i++) {
        tid = id_list[i];
        if (toHide) {
            document.getElementById('div_'+tid).style.display = 'none'
            document.getElementById(tid).className = 'hiddenRow';
        }
        else {
            document.getElementById(tid).className = '';
        }
    }
}


function showTestDetail(div_id){
    var details_div = document.getElementById(div_id)
    var displayState = details_div.style.display
    // alert(displayState)
    if (displayState != 'block' ) {
        displayState = 'block'
        details_div.style.display = 'block'
    }
    else {
        details_div.style.display = 'none'
    }
}


function html_escape(s) {
    s = s.replace(/&/g,'&amp;');
    s = s.replace(/</g,'&lt;');
    s = s.replace(/>/g,'&gt;');
    return s;
}

/* obsoleted by detail in <div>
function showOutput(id, name) {
    var w = window.open("", //url
                    name,
                    "resizable,scrollbars,status,width=800,height=450");
    d = w.document;
    d.write("<pre>");
    d.write(html_escape(output_list[id]));
    d.write("\n");
    d.write("<a href='javascript:window.close()'>close</a>\n");
    d.write("</pre>\n");
    d.close();
}
*/
--></script>

<div class='heading'>
<h1>Unit Test Report</h1>

<p class='attribute'><strong>Status:</strong> Pass 1 Failure 8</p>

<p class='description'></p>
</div>



<p id='show_detail_line'>Show
<a href='javascript:showCase(0)'>Summary</a>
<a href='javascript:showCase(1)'>Failed</a>
<a href='javascript:showCase(2)'>All</a>
</p>
<table id='result_table'>
<colgroup>
<col align='left' />
<col align='right' />
<col align='right' />
<col align='right' />
<col align='right' />
<col align='right' />
<col align='right' />
<col align='right' />
</colgroup>
<tr id='header_row'>
    <td>Test Group/Test case</td>
    <td>Count</td>
    <td>Pass</td>
    <td>Fail</td>
    <td>Error</td>
    <td>Skip</td>
    <td>View</td>
    <td> </td>
</tr>

<tr class='failClass'>
    <td class="testname">tempest.scenario.test_network_basic_ops.TestNetworkBasicOps</td>
    <td class="small">9</td>
    <td class="small">1</td>
    <td class="small">8</td>
    <td class="small">0</td>
    <td class="small">0</td>
    <td class="small"><a href="javascript:showClassDetail('c1',9)"
>Detail</a></td>
    <td> </td>
</tr>

<tr id='ft1.1' class='none'>
    <td class='failCase'><div class='testcase'>test_connectivity_between_vms_on_different_networks[compute,id-1546850e-fbaa-42f5-8b5f-03d8a6a95f15,network]</div></td>
    <td colspan='7' align='left'>

    <!--css div popup start-->
    <a class="popup_link" onfocus='this.blur();'
    href="javascript:showTestDetail('div_ft1.1')" >
        fail</a>

    <div id='div_ft1.1' class="popup_window">
        <div style='text-align: right; color:red;cursor:pointer'>
        <a onfocus='this.blur();'
onclick="document.getElementById('div_ft1.1').style.display = 'none' " >
           [x]</a>
        </div>
        <pre>
        
ft1.1: tempest.scenario.test_network_basic_ops.TestNetworkBasicOps.test_connectivity_between_vms_on_different_networks[compute,id-1546850e-fbaa-42f5-8b5f-03d8a6a95f15,network]_StringException: Empty attachments:
  stderr
  stdout

pythonlogging:'': {{{
2015-12-11 05:37:07,050 24485 INFO     [tempest_lib.common.rest_client] Request (TestNetworkBasicOps:test_connectivity_between_vms_on_different_networks): 201 POST http://10.0.2.15:9696/v2.0/security-groups 0.309s
2015-12-11 05:37:07,050 24485 DEBUG    [tempest_lib.common.rest_client] Request - Headers: {'Content-Type': 'application/json', 'Accept': 'application/json', 'X-Auth-Token': '&lt;omitted&gt;'}
        Body: {"security_group": {"tenant_id": "202831d36fc6482d91c5e76e3a38c832", "description": "tempest-secgroup-smoke-105124578 description", "name": "tempest-secgroup-smoke-105124578"}}
    Response - Headers: {'status': '201', 'content-length': '886', 'connection': 'close', 'date': 'Fri, 11 Dec 2015 05:37:07 GMT', 'content-type': 'application/json; charset=UTF-8', 'x-openstack-request-id': 'req-a24fa8c9-dbdc-4821-91e7-9e48ac1a0a2e'}
        Body: {"security_group": {"tenant_id": "202831d36fc6482d91c5e76e3a38c832", "description": "tempest-secgroup-smoke-105124578 description", "id": "36e6a436-68e0-4951-8372-16b87f69b025", "security_group_rules": [{"remote_group_id": null, "direction": "egress", "remote_ip_prefix": null, "protocol": null, "ethertype": "IPv4", "tenant_id": "202831d36fc6482d91c5e76e3a38c832", "port_range_max": null, "port_range_min": null, "id": "72a985c9-3183-4c69-a8d3-eed7c1426269", "security_group_id": "36e6a436-68e0-4951-8372-16b87f69b025"}, {"remote_group_id": null, "direction": "egress", "remote_ip_prefix": null, "protocol": null, "ethertype": "IPv6", "tenant_id": "202831d36fc6482d91c5e76e3a38c832", "port_range_max": null, "port_range_min": null, "id": "1c38f460-c8da-45bb-a09c-a0dbe83933ae", "security_group_id": "36e6a436-68e0-4951-8372-16b87f69b025"}], "name": "tempest-secgroup-smoke-105124578"}}
2015-12-11 05:37:07,137 24485 INFO     [tempest_lib.common.rest_client] Request (TestNetworkBasicOps:test_connectivity_between_vms_on_different_networks): 201 POST http://10.0.2.15:9696/v2.0/security-group-rules 0.086s
2015-12-11 05:37:07,138 24485 DEBUG    [tempest_lib.common.rest_client] Request - Headers: {'Content-Type': 'application/json', 'Accept': 'application/json', 'X-Auth-Token': '&lt;omitted&gt;'}
        Body: {"security_group_rule": {"direction": "ingress", "protocol": "tcp", "tenant_id": "202831d36fc6482d91c5e76e3a38c832", "port_range_max": 22, "security_group_id": "36e6a436-68e0-4951-8372-16b87f69b025", "port_range_min": 22}}
    Response - Headers: {'status': '201', 'content-length': '340', 'connection': 'close', 'date': 'Fri, 11 Dec 2015 05:37:07 GMT', 'content-type': 'application/json; charset=UTF-8', 'x-openstack-request-id': 'req-05275ab9-0c64-49b9-9714-af377e062d43'}
        Body: {"security_group_rule": {"remote_group_id": null, "direction": "ingress", "remote_ip_prefix": null, "protocol": "tcp", "ethertype": "IPv4", "tenant_id": "202831d36fc6482d91c5e76e3a38c832", "port_range_max": 22, "port_range_min": 22, "id": "5848d8b1-ea1a-4613-ab61-c9fbf2ce3f28", "security_group_id": "36e6a436-68e0-4951-8372-16b87f69b025"}}
2015-12-11 05:37:07,221 24485 INFO     [tempest_lib.common.rest_client] Request (TestNetworkBasicOps:test_connectivity_between_vms_on_different_networks): 201 POST http://10.0.2.15:9696/v2.0/security-group-rules 0.082s
2015-12-11 05:37:07,221 24485 DEBUG    [tempest_lib.common.rest_client] Request - Headers: {'Content-Type': 'application/json', 'Accept': 'application/json', 'X-Auth-Token': '&lt;omitted&gt;'}
        Body: {"security_group_rule": {"direction": "egress", "protocol": "tcp", "tenant_id": "202831d36fc6482d91c5e76e3a38c832", "port_range_max": 22, "security_group_id": "36e6a436-68e0-4951-8372-16b87f69b025", "port_range_min": 22}}
    Response - Headers: {'status': '201', 'content-length': '339', 'connection': 'close', 'date': 'Fri, 11 Dec 2015 05:37:07 GMT', 'content-type': 'application/json; charset=UTF-8', 'x-openstack-request-id': 'req-caa4b22e-3ffc-45ce-86b4-5176bb958f06'}
        Body: {"security_group_rule": {"remote_group_id": null, "direction": "egress", "remote_ip_prefix": null, "protocol": "tcp", "ethertype": "IPv4", "tenant_id": "202831d36fc6482d91c5e76e3a38c832", "port_range_max": 22, "port_range_min": 22, "id": "2bc42bcb-8209-478b-8e1e-419212cb812a", "security_group_id": "36e6a436-68e0-4951-8372-16b87f69b025"}}
2015-12-11 05:37:07,302 24485 INFO     [tempest_lib.common.rest_client] Request (TestNetworkBasicOps:test_connectivity_between_vms_on_different_networks): 201 POST http://10.0.2.15:9696/v2.0/security-group-rules 0.080s
2015-12-11 05:37:07,302 24485 DEBUG    [tempest_lib.common.rest_client] Request - Headers: {'Content-Type': 'application/json', 'Accept': 'application/json', 'X-Auth-Token': '&lt;omitted&gt;'}
        Body: {"security_group_rule": {"tenant_id": "202831d36fc6482d91c5e76e3a38c832", "direction": "ingress", "protocol": "icmp", "security_group_id": "36e6a436-68e0-4951-8372-16b87f69b025"}}
    Response - Headers: {'status': '201', 'content-length': '345', 'connection': 'close', 'date': 'Fri, 11 Dec 2015 05:37:07 GMT', 'content-type': 'application/json; charset=UTF-8', 'x-openstack-request-id': 'req-bcc44b5f-310e-4ae9-a504-06fcc9de2055'}
        Body: {"security_group_rule": {"remote_group_id": null, "direction": "ingress", "remote_ip_prefix": null, "protocol": "icmp", "ethertype": "IPv4", "tenant_id": "202831d36fc6482d91c5e76e3a38c832", "port_range_max": null, "port_range_min": null, "id": "b7e5d7c9-abdc-43f3-a9f8-888dd14b208d", "security_group_id": "36e6a436-68e0-4951-8372-16b87f69b025"}}
2015-12-11 05:37:07,400 24485 INFO     [tempest_lib.common.rest_client] Request (TestNetworkBasicOps:test_connectivity_between_vms_on_different_networks): 201 POST http://10.0.2.15:9696/v2.0/security-group-rules 0.096s
2015-12-11 05:37:07,400 24485 DEBUG    [tempest_lib.common.rest_client] Request - Headers: {'Content-Type': 'application/json', 'Accept': 'application/json', 'X-Auth-Token': '&lt;omitted&gt;'}
        Body: {"security_group_rule": {"tenant_id": "202831d36fc6482d91c5e76e3a38c832", "direction": "egress", "protocol": "icmp", "security_group_id": "36e6a436-68e0-4951-8372-16b87f69b025"}}
    Response - Headers: {'status': '201', 'content-length': '344', 'connection': 'close', 'date': 'Fri, 11 Dec 2015 05:37:07 GMT', 'content-type': 'application/json; charset=UTF-8', 'x-openstack-request-id': 'req-aa14e95d-6687-41b5-b9a0-3b1d52d7b352'}
        Body: {"security_group_rule": {"remote_group_id": null, "direction": "egress", "remote_ip_prefix": null, "protocol": "icmp", "ethertype": "IPv4", "tenant_id": "202831d36fc6482d91c5e76e3a38c832", "port_range_max": null, "port_range_min": null, "id": "d35c0aa4-223e-435d-a265-25baec342a0f", "security_group_id": "36e6a436-68e0-4951-8372-16b87f69b025"}}
2015-12-11 05:37:07,511 24485 INFO     [tempest_lib.common.rest_client] Request (TestNetworkBasicOps:test_connectivity_between_vms_on_different_networks): 201 POST http://10.0.2.15:9696/v2.0/security-group-rules 0.109s
2015-12-11 05:37:07,512 24485 DEBUG    [tempest_lib.common.rest_client] Request - Headers: {'Content-Type': 'application/json', 'Accept': 'application/json', 'X-Auth-Token': '&lt;omitted&gt;'}
        Body: {"security_group_rule": {"tenant_id": "202831d36fc6482d91c5e76e3a38c832", "direction": "ingress", "security_group_id": "36e6a436-68e0-4951-8372-16b87f69b025", "protocol": "icmp", "ethertype": "IPv6"}}
    Response - Headers: {'status': '201', 'content-length': '345', 'connection': 'close', 'date': 'Fri, 11 Dec 2015 05:37:07 GMT', 'content-type': 'application/json; charset=UTF-8', 'x-openstack-request-id': 'req-8c933dbc-eaeb-45ec-ae9c-99eecff2e210'}
        Body: {"security_group_rule": {"remote_group_id": null, "direction": "ingress", "remote_ip_prefix": null, "protocol": "icmp", "ethertype": "IPv6", "tenant_id": "202831d36fc6482d91c5e76e3a38c832", "port_range_max": null, "port_range_min": null, "id": "91e3e4b0-cb4a-4915-88ed-c9a9e0820ccf", "security_group_id": "36e6a436-68e0-4951-8372-16b87f69b025"}}
2015-12-11 05:37:07,632 24485 INFO     [tempest_lib.common.rest_client] Request (TestNetworkBasicOps:test_connectivity_between_vms_on_different_networks): 201 POST http://10.0.2.15:9696/v2.0/security-group-rules 0.119s
2015-12-11 05:37:07,632 24485 DEBUG    [tempest_lib.common.rest_client] Request - Headers: {'Content-Type': 'application/json', 'Accept': 'application/json', 'X-Auth-Token': '&lt;omitted&gt;'}
        Body: {"security_group_rule": {"tenant_id": "202831d36fc6482d91c5e76e3a38c832", "direction": "egress", "security_group_id": "36e6a436-68e0-4951-8372-16b87f69b025", "protocol": "icmp", "ethertype": "IPv6"}}
    Response - Headers: {'status': '201', 'content-length': '344', 'connection': 'close', 'date': 'Fri, 11 Dec 2015 05:37:07 GMT', 'content-type': 'application/json; charset=UTF-8', 'x-openstack-request-id': 'req-92372c76-23ba-4c68-8d2e-00734dfe2763'}
        Body: {"security_group_rule": {"remote_group_id": null, "direction": "egress", "remote_ip_prefix": null, "protocol": "icmp", "ethertype": "IPv6", "tenant_id": "202831d36fc6482d91c5e76e3a38c832", "port_range_max": null, "port_range_min": null, "id": "74eae308-07da-4730-b6c0-9babe407e894", "security_group_id": "36e6a436-68e0-4951-8372-16b87f69b025"}}
2015-12-11 05:37:07,900 24485 INFO     [tempest_lib.common.rest_client] Request (TestNetworkBasicOps:test_connectivity_between_vms_on_different_networks): 201 POST http://10.0.2.15:9696/v2.0/networks 0.266s
2015-12-11 05:37:07,900 24485 DEBUG    [tempest_lib.common.rest_client] Request - Headers: {'Content-Type': 'application/json', 'Accept': 'application/json', 'X-Auth-Token': '&lt;omitted&gt;'}
        Body: {"network": {"tenant_id": "202831d36fc6482d91c5e76e3a38c832", "name": "tempest-network-smoke--2056847615"}}
    Response - Headers: {'status': '201', 'content-length': '296', 'connection': 'close', 'date': 'Fri, 11 Dec 2015 05:37:07 GMT', 'content-type': 'application/json; charset=UTF-8', 'x-openstack-request-id': 'req-05de7bb0-a579-45dd-b6d8-2c16319ca856'}
        Body: {"network": {"status": "ACTIVE", "subnets": [], "name": "tempest-network-smoke--2056847615", "admin_state_up": true, "tenant_id": "202831d36fc6482d91c5e76e3a38c832", "mtu": 0, "router:external": false, "shared": false, "port_security_enabled": true, "id": "40988290-019f-4b4e-976a-ff2a5dfe5011"}}
2015-12-11 05:37:07,988 24485 INFO     [tempest_lib.common.rest_client] Request (TestNetworkBasicOps:test_connectivity_between_vms_on_different_networks): 201 POST http://10.0.2.15:9696/v2.0/routers 0.086s
2015-12-11 05:37:07,988 24485 DEBUG    [tempest_lib.common.rest_client] Request - Headers: {'Content-Type': 'application/json', 'Accept': 'application/json', 'X-Auth-Token': '&lt;omitted&gt;'}
        Body: {"router": {"tenant_id": "202831d36fc6482d91c5e76e3a38c832", "name": "tempest-router-smoke-997024390", "admin_state_up": true}}
    Response - Headers: {'status': '201', 'content-length': '238', 'connection': 'close', 'date': 'Fri, 11 Dec 2015 05:37:07 GMT', 'content-type': 'application/json; charset=UTF-8', 'x-openstack-request-id': 'req-695201b6-76e5-459d-abbf-a9d66c47e267'}
        Body: {"router": {"status": "ACTIVE", "external_gateway_info": null, "name": "tempest-router-smoke-997024390", "admin_state_up": true, "tenant_id": "202831d36fc6482d91c5e76e3a38c832", "routes": [], "id": "6dc85346-f9eb-4ed6-bb31-8545d7f1bb27"}}
2015-12-11 05:37:08,037 24485 INFO     [tempest_lib.common.rest_client] Request (TestNetworkBasicOps:test_connectivity_between_vms_on_different_networks): 200 GET http://10.0.2.15:9696/v2.0/routers/6dc85346-f9eb-4ed6-bb31-8545d7f1bb27 0.048s
2015-12-11 05:37:08,038 24485 DEBUG    [tempest_lib.common.rest_client] Request - Headers: {'Content-Type': 'application/json', 'Accept': 'application/json', 'X-Auth-Token': '&lt;omitted&gt;'}
        Body: None
    Response - Headers: {'status': '200', 'content-length': '238', 'content-location': 'http://10.0.2.15:9696/v2.0/routers/6dc85346-f9eb-4ed6-bb31-8545d7f1bb27', 'connection': 'close', 'date': 'Fri, 11 Dec 2015 05:37:08 GMT', 'content-type': 'application/json; charset=UTF-8', 'x-openstack-request-id': 'req-44808062-288b-4079-bddb-e85cfb6ec127'}
        Body: {"router": {"status": "ACTIVE", "external_gateway_info": null, "name": "tempest-router-smoke-997024390", "admin_state_up": true, "tenant_id": "202831d36fc6482d91c5e76e3a38c832", "routes": [], "id": "6dc85346-f9eb-4ed6-bb31-8545d7f1bb27"}}
2015-12-11 05:37:08,688 24485 INFO     [tempest_lib.common.rest_client] Request (TestNetworkBasicOps:test_connectivity_between_vms_on_different_networks): 200 PUT http://10.0.2.15:9696/v2.0/routers/6dc85346-f9eb-4ed6-bb31-8545d7f1bb27 0.649s
2015-12-11 05:37:08,689 24485 DEBUG    [tempest_lib.common.rest_client] Request - Headers: {'Content-Type': 'application/json', 'Accept': 'application/json', 'X-Auth-Token': '&lt;omitted&gt;'}
        Body: {"router": {"external_gateway_info": {"network_id": "359bd77e-1cc7-4041-b3a7-2a9ebc88dd91"}, "name": "tempest-router-smoke-997024390", "admin_state_up": true}}
    Response - Headers: {'status': '200', 'content-length': '500', 'connection': 'close', 'date': 'Fri, 11 Dec 2015 05:37:08 GMT', 'content-type': 'application/json; charset=UTF-8', 'x-openstack-request-id': 'req-93f8fe78-d4a9-4c2e-899c-fadeaa650e69'}
        Body: {"router": {"status": "ACTIVE", "external_gateway_info": {"network_id": "359bd77e-1cc7-4041-b3a7-2a9ebc88dd91", "enable_snat": true, "external_fixed_ips": [{"subnet_id": "fbff8501-4880-4097-a2e9-b0f8177426bb", "ip_address": "172.24.4.3"}, {"subnet_id": "fb7eb0e3-e048-41e1-9ba7-7f2745c8e55e", "ip_address": "2001:db8::3"}]}, "name": "tempest-router-smoke-997024390", "admin_state_up": true, "tenant_id": "202831d36fc6482d91c5e76e3a38c832", "routes": [], "id": "6dc85346-f9eb-4ed6-bb31-8545d7f1bb27"}}
2015-12-11 05:37:08,825 24485 INFO     [tempest_lib.common.rest_client] Request (TestNetworkBasicOps:test_connectivity_between_vms_on_different_networks): 200 GET http://10.0.2.15:9696/v2.0/subnets?tenant_id=202831d36fc6482d91c5e76e3a38c832&amp;cidr=10.100.0.0%2F28 0.134s
2015-12-11 05:37:08,826 24485 DEBUG    [tempest_lib.common.rest_client] Request - Headers: {'Content-Type': 'application/json', 'Accept': 'application/json', 'X-Auth-Token': '&lt;omitted&gt;'}
        Body: None
    Response - Headers: {'status': '200', 'content-length': '15', 'content-location': 'http://10.0.2.15:9696/v2.0/subnets?tenant_id=202831d36fc6482d91c5e76e3a38c832&amp;cidr=10.100.0.0%2F28', 'connection': 'close', 'date': 'Fri, 11 Dec 2015 05:37:08 GMT', 'content-type': 'application/json; charset=UTF-8', 'x-openstack-request-id': 'req-2b8fea1b-8972-402a-9740-3b83a8d3f070'}
        Body: {"subnets": []}
2015-12-11 05:37:09,090 24485 INFO     [tempest_lib.common.rest_client] Request (TestNetworkBasicOps:test_connectivity_between_vms_on_different_networks): 201 POST http://10.0.2.15:9696/v2.0/subnets 0.263s
2015-12-11 05:37:09,091 24485 DEBUG    [tempest_lib.common.rest_client] Request - Headers: {'Content-Type': 'application/json', 'Accept': 'application/json', 'X-Auth-Token': '&lt;omitted&gt;'}
        Body: {"subnet": {"ip_version": 4, "tenant_id": "202831d36fc6482d91c5e76e3a38c832", "cidr": "10.100.0.0/28", "network_id": "40988290-019f-4b4e-976a-ff2a5dfe5011", "name": "tempest-subnet-smoke-1154968651"}}
    Response - Headers: {'status': '201', 'content-length': '478', 'connection': 'close', 'date': 'Fri, 11 Dec 2015 05:37:09 GMT', 'content-type': 'application/json; charset=UTF-8', 'x-openstack-request-id': 'req-2b760c94-810c-460c-ad14-d79befada36c'}
        Body: {"subnet": {"name": "tempest-subnet-smoke-1154968651", "enable_dhcp": true, "network_id": "40988290-019f-4b4e-976a-ff2a5dfe5011", "tenant_id": "202831d36fc6482d91c5e76e3a38c832", "dns_nameservers": [], "gateway_ip": "10.100.0.1", "ipv6_ra_mode": null, "allocation_pools": [{"start": "10.100.0.2", "end": "10.100.0.14"}], "host_routes": [], "ip_version": 4, "ipv6_address_mode": null, "cidr": "10.100.0.0/28", "id": "4d89e954-d04f-4e68-bd51-300b2ab188b0", "subnetpool_id": null}}
2015-12-11 05:37:09,583 24485 INFO     [tempest_lib.common.rest_client] Request (TestNetworkBasicOps:test_connectivity_between_vms_on_different_networks): 200 PUT http://10.0.2.15:9696/v2.0/routers/6dc85346-f9eb-4ed6-bb31-8545d7f1bb27/add_router_interface 0.492s
2015-12-11 05:37:09,584 24485 DEBUG    [tempest_lib.common.rest_client] Request - Headers: {'Content-Type': 'application/json', 'Accept': 'application/json', 'X-Auth-Token': '&lt;omitted&gt;'}
        Body: {"subnet_id": "4d89e954-d04f-4e68-bd51-300b2ab188b0"}
    Response - Headers: {'status': '200', 'content-length': '255', 'connection': 'close', 'date': 'Fri, 11 Dec 2015 05:37:09 GMT', 'content-type': 'application/json; charset=UTF-8', 'x-openstack-request-id': 'req-e2783b86-f87f-4d0a-9e65-3bdb7a9fe447'}
        Body: {"subnet_id": "4d89e954-d04f-4e68-bd51-300b2ab188b0", "tenant_id": "202831d36fc6482d91c5e76e3a38c832", "subnet_ids": ["4d89e954-d04f-4e68-bd51-300b2ab188b0"], "port_id": "bf7c2d31-741f-48bd-9c0b-f5e1ebbaf258", "id": "6dc85346-f9eb-4ed6-bb31-8545d7f1bb27"}
2015-12-11 05:37:09,626 24485 INFO     [tempest_lib.common.rest_client] Request (TestNetworkBasicOps:test_connectivity_between_vms_on_different_networks): 200 GET http://10.0.2.15:9696/v2.0/networks 0.041s
2015-12-11 05:37:09,626 24485 DEBUG    [tempest_lib.common.rest_client] Request - Headers: {'Content-Type': 'application/json', 'Accept': 'application/json', 'X-Auth-Token': '&lt;omitted&gt;'}
        Body: None
    Response - Headers: {'status': '200', 'content-length': '1318', 'content-location': 'http://10.0.2.15:9696/v2.0/networks', 'connection': 'close', 'date': 'Fri, 11 Dec 2015 05:37:09 GMT', 'content-type': 'application/json; charset=UTF-8', 'x-openstack-request-id': 'req-e714d97a-2345-44f3-b09f-dc183eda4b9f'}
        Body: {"networks": [{"status": "ACTIVE", "subnets": ["fb7eb0e3-e048-41e1-9ba7-7f2745c8e55e", "fbff8501-4880-4097-a2e9-b0f8177426bb"], "name": "public", "provider:physical_network": null, "admin_state_up": true, "tenant_id": "4e987926c442423495e2548eb59831ed", "mtu": 0, "router:external": true, "shared": false, "port_security_enabled": true, "provider:network_type": "vxlan", "id": "359bd77e-1cc7-4041-b3a7-2a9ebc88dd91", "provider:segmentation_id": 1011}, {"status": "ACTIVE", "subnets": ["04e38fcf-8360-4ada-a823-24aa94f4ab67", "a3a2f1db-c01e-4ace-bec3-44e3dff3e4a5"], "name": "private", "provider:physical_network": null, "admin_state_up": true, "tenant_id": "86449eba69a94163bebf5d79b6f8eb97", "mtu": 0, "router:external": false, "shared": false, "port_security_enabled": true, "provider:network_type": "vxlan", "id": "76c333d1-c4d3-48c5-af37-1b64524caa2d", "provider:segmentation_id": 1028}, {"status": "ACTIVE", "subnets": ["4d89e954-d04f-4e68-bd51-300b2ab188b0"], "name": "tempest-network-smoke--2056847615", "provider:physical_network": null, "admin_state_up": true, "tenant_id": "202831d36fc6482d91c5e76e3a38c832", "mtu": 0, "router:external": false, "shared": false, "port_security_enabled": true, "provider:network_type": "vxlan", "id": "40988290-019f-4b4e-976a-ff2a5dfe5011", "provider:segmentation_id": 1065}]}
2015-12-11 05:37:09,712 24485 INFO     [tempest_lib.common.rest_client] Request (TestNetworkBasicOps:test_connectivity_between_vms_on_different_networks): 200 GET http://10.0.2.15:9696/v2.0/subnets 0.084s
2015-12-11 05:37:09,712 24485 DEBUG    [tempest_lib.common.rest_client] Request - Headers: {'Content-Type': 'application/json', 'Accept': 'application/json', 'X-Auth-Token': '&lt;omitted&gt;'}
        Body: None
    Response - Headers: {'status': '200', 'content-length': '2408', 'content-location': 'http://10.0.2.15:9696/v2.0/subnets', 'connection': 'close', 'date': 'Fri, 11 Dec 2015 05:37:09 GMT', 'content-type': 'application/json; charset=UTF-8', 'x-openstack-request-id': 'req-51311109-d9f5-47c6-a7b4-6d590b5c477d'}
        Body: {"subnets": [{"name": "ipv6-public-subnet", "enable_dhcp": false, "network_id": "359bd77e-1cc7-4041-b3a7-2a9ebc88dd91", "tenant_id": "4e987926c442423495e2548eb59831ed", "dns_nameservers": [], "gateway_ip": "2001:db8::2", "ipv6_ra_mode": null, "allocation_pools": [{"start": "2001:db8::1", "end": "2001:db8::1"}, {"start": "2001:db8::3", "end": "2001:db8::ffff:ffff:ffff:ffff"}], "host_routes": [], "ip_version": 6, "ipv6_address_mode": null, "cidr": "2001:db8::/64", "id": "fb7eb0e3-e048-41e1-9ba7-7f2745c8e55e", "subnetpool_id": null}, {"name": "ipv6-private-subnet", "enable_dhcp": true, "network_id": "76c333d1-c4d3-48c5-af37-1b64524caa2d", "tenant_id": "86449eba69a94163bebf5d79b6f8eb97", "dns_nameservers": [], "gateway_ip": "fd05:294f:3b59::1", "ipv6_ra_mode": "slaac", "allocation_pools": [{"start": "fd05:294f:3b59::2", "end": "fd05:294f:3b59:0:ffff:ffff:ffff:ffff"}], "host_routes": [], "ip_version": 6, "ipv6_address_mode": "slaac", "cidr": "fd05:294f:3b59::/64", "id": "04e38fcf-8360-4ada-a823-24aa94f4ab67", "subnetpool_id": null}, {"name": "tempest-subnet-smoke-1154968651", "enable_dhcp": true, "network_id": "40988290-019f-4b4e-976a-ff2a5dfe5011", "tenant_id": "202831d36fc6482d91c5e76e3a38c832", "dns_nameservers": [], "gateway_ip": "10.100.0.1", "ipv6_ra_mode": null, "allocation_pools": [{"start": "10.100.0.2", "end": "10.100.0.14"}], "host_routes": [], "ip_version": 4, "ipv6_address_mode": null, "cidr": "10.100.0.0/28", "id": "4d89e954-d04f-4e68-bd51-300b2ab188b0", "subnetpool_id": null}, {"name": "public-subnet", "enable_dhcp": false, "network_id": "359bd77e-1cc7-4041-b3a7-2a9ebc88dd91", "tenant_id": "4e987926c442423495e2548eb59831ed", "dns_nameservers": [], "gateway_ip": "172.24.4.1", "ipv6_ra_mode": null, "allocation_pools": [{"start": "172.24.4.2", "end": "172.24.4.254"}], "host_routes": [], "ip_version": 4, "ipv6_address_mode": null, "cidr": "172.24.4.0/24", "id": "fbff8501-4880-4097-a2e9-b0f8177426bb", "subnetpool_id": null}, {"name": "private-subnet", "enable_dhcp": true, "network_id": "76c333d1-c4d3-48c5-af37-1b64524caa2d", "tenant_id": "86449eba69a94163bebf5d79b6f8eb97", "dns_nameservers": [], "gateway_ip": "10.0.0.1", "ipv6_ra_mode": null, "allocation_pools": [{"start": "10.0.0.2", "end": "10.0.0.254"}], "host_routes": [], "ip_version": 4, "ipv6_address_mode": null, "cidr": "10.0.0.0/24", "id": "a3a2f1db-c01e-4ace-bec3-44e3dff3e4a5", "subnetpool_id": null}]}
2015-12-11 05:37:09,869 24485 INFO     [tempest_lib.common.rest_client] Request (TestNetworkBasicOps:test_connectivity_between_vms_on_different_networks): 200 GET http://10.0.2.15:9696/v2.0/routers 0.156s
2015-12-11 05:37:09,869 24485 DEBUG    [tempest_lib.common.rest_client] Request - Headers: {'Content-Type': 'application/json', 'Accept': 'application/json', 'X-Auth-Token': '&lt;omitted&gt;'}
        Body: None
    Response - Headers: {'status': '200', 'content-length': '1040', 'content-location': 'http://10.0.2.15:9696/v2.0/routers', 'connection': 'close', 'date': 'Fri, 11 Dec 2015 05:37:09 GMT', 'content-type': 'application/json; charset=UTF-8', 'x-openstack-request-id': 'req-2a4f86fa-cfe1-4144-876e-2ae34c8ab67a'}
        Body: {"routers": [{"status": "ACTIVE", "external_gateway_info": {"network_id": "359bd77e-1cc7-4041-b3a7-2a9ebc88dd91", "enable_snat": true, "external_fixed_ips": [{"subnet_id": "fbff8501-4880-4097-a2e9-b0f8177426bb", "ip_address": "172.24.4.3"}, {"subnet_id": "fb7eb0e3-e048-41e1-9ba7-7f2745c8e55e", "ip_address": "2001:db8::3"}]}, "name": "tempest-router-smoke-997024390", "admin_state_up": true, "tenant_id": "202831d36fc6482d91c5e76e3a38c832", "distributed": false, "routes": [], "ha": false, "id": "6dc85346-f9eb-4ed6-bb31-8545d7f1bb27"}, {"status": "ACTIVE", "external_gateway_info": {"network_id": "359bd77e-1cc7-4041-b3a7-2a9ebc88dd91", "enable_snat": true, "external_fixed_ips": [{"subnet_id": "fbff8501-4880-4097-a2e9-b0f8177426bb", "ip_address": "172.24.4.2"}, {"subnet_id": "fb7eb0e3-e048-41e1-9ba7-7f2745c8e55e", "ip_address": "2001:db8::1"}]}, "name": "router1", "admin_state_up": true, "tenant_id": "86449eba69a94163bebf5d79b6f8eb97", "distributed": false, "routes": [], "ha": false, "id": "acf0c509-caee-4d9a-86b6-ca686dcaec11"}]}
2015-12-11 05:37:10,482 24485 INFO     [tempest_lib.common.rest_client] Request (TestNetworkBasicOps:test_connectivity_between_vms_on_different_networks): 200 POST http://10.0.2.15:8774/v2.1/202831d36fc6482d91c5e76e3a38c832/os-keypairs 0.612s
2015-12-11 05:37:10,483 24485 DEBUG    [tempest_lib.common.rest_client] Request - Headers: {'Content-Type': 'application/json', 'Accept': 'application/json', 'X-Auth-Token': '&lt;omitted&gt;'}
        Body: {"keypair": {"name": "tempest-TestNetworkBasicOps-1113335363"}}
    Response - Headers: {'status': '200', 'content-length': '2321', 'x-compute-request-id': 'req-660ac1d5-2364-4503-b592-2477861a5515', 'vary': 'X-OpenStack-Nova-API-Version', 'connection': 'close', 'x-openstack-nova-api-version': '2.1', 'date': 'Fri, 11 Dec 2015 05:37:10 GMT', 'content-type': 'application/json'}
        Body: {"keypair": {"public_key": "ssh-rsa AAAAB3NzaC1yc2EAAAADAQABAAABAQC54RHvcBxHqKMlgKdx+VFbHz9vaz4b29DsG5dQxHBXQvfFcNIJR4MAxWvV2gDRAfypPXa4X8KEM5BjAhvsC0pChTUkgrfsUhXMlg/f6z/Sw/SQGu5lbYh+Xpa0VTh4xtt4edkJY1DI1QQ65Y8NdD9cCWKY0LT5GrBfSJnLINaYoXJfPQnJ/37hQJab0mhtqD58FP91l3JyvqgxEJYRM2BeIC+/Xbg9q60g/XHvbm//We2RBosO7gJRUHqyDzs3rvtu+a99HlJivYc4czHk3H6vfOBpt7/hT23xtXkZ4ahF4PzAwiwenZg+1ZoLrDsjq5Pj8BS2iX+YzApj0alkPAAB Generated-by-Nova", "private_key": "-----BEGIN RSA PRIVATE KEY-----\nMIIEqQIBAAKCAQEAueER73AcR6ijJYCncflRWx8/b2s+G9vQ7BuXUMRwV0L3xXDS\nCUeDAMVr1doA0QH8qT12uF/ChDOQYwIb7AtKQoU1JIK37FIVzJYP3+s/0sP0kBru\nZW2Ifl6WtFU4eMbbeHnZCWNQyNUEOuWPDXQ/XAlimNC0+RqwX0iZyyDWmKFyXz0J\nyf9+4UCWm9Jobag+fBT/dZdycr6oMRCWETNgXiAvv124PautIP1x725v/1ntkQaL\nDu4CUVB6sg87N677bvmvfR5SYr2HOHMx5Nx+r3zgabe/4U9t8bV5GeGoReD8wMIs\nHp2YPtWaC6w7I6uT4/AUtol/mMwKY9GpZDwAAQIDAQABAoIBAQClw7bn7fX6XcSo\ntDQfqzTHa3V52oy38W8+sFhgGd8JotothLB6wABvFqBVRSYHPpthHkQapqNknEt+\nUCowdd0St5Kt7bkyEf4IxiaADV6Mil42iR3i7CyWbao+ReWnp8efiCJqgdxQTc+I\n6qGJYQsD/AamuzE5GXkCcE9e2/kkgQaWuIXgdeZscDHW2BQUqaNzG5DYctVc+Nlp\nbLeTQVEzuXar6F0c6k+HCe0Xmw11U5c1NyzAeeHY2jwU31tYKI7a4R05hOBs6wpL\nYdfExM7g4NiSbGfNUQlaALwakq+5Z65Xl318Vxewx/3+I+IkN/ZxRkwAJNDdE7tl\ndGcup851AoIAgQDD4dkXnUlcpitkDFIgaAdSrXYolSfOSrUjSOZXYSJP/3JVpmOp\n0nhsOZIfLrdWgzTwpryUOiY5Fmw+lIlbhdVMFQxvea6oB+zLWc23o569Gc4Q3D6C\nOrLb3Vkt0F9mboZWtBjsyAPz4tZ5RKXk+XTNH90rL1Y2Vnyha41th6HJtwKCAIEA\n8u1Mn44+/R/vot0t//b0yb5W2MlRoiav6XmK99jdOy+ccGAxr0IKyHXg4MzHEuU+\nEijyIOHrDuuDcRa9kSJCbaWFKKoMndUrYYJNffmvGXT9h4zJN7ilQgtqci1uyBW0\nS200nsdmjAlnulZiaUeS62V4xJMvcdinMhbxHfQcZAcCggCAR3L8/dkYZlwSXbcE\nyd9INIcjH2BwmZW0hr9TjbHXkziJGubLWal01X0WaJtgsoS/bbxT8vlW8eHU7+q8\nQ48Io2zWEV9gLthdLjt+hyp+f1mHSa0ce+IvVXVizww/kBxmkf+1S8EVeANY2fkJ\nTgET8rJZuSPWHZHkefjCKJ6di/cCggCBAJyXFG5BXh8CaBE+q7k0cmRdOlQxqVpx\nv7ErNMZA15KgRSI3D6/eTV8chSHDPovSk6lXFYTWvBN5AthyBS45vEI7kNM+kjVn\nRLhtKxCKUzGAtTCcMtSlRHmHLE1/NcrqGrcIJQQ4msSoB2IY7wTYKz9rwGZOTiX/\ntv7VxQU+5tIfAoIAgFinsF7IJic4op6egc3Ok92tvnVV2KwT73FpLcubeXA2nbmJ\nAtCDpttI2+MwN95VGwC1zEm2y024ekxvJdS1fzmkFVFnciuAQeGIMj8rLJ+6vukx\nVZjUiTYrlCE/Ozhhf2ewl1QPVcLD9msJUVcNUjRvJZl9+cMrwKpCslT0vFCO\n-----END RSA PRIVATE KEY-----\n", "user_id": "1bb1b2023db544a68ad076a79f7a9698", "name": "tempest-TestNetworkBasicOps-1113335363", "fingerprint": "c7:35:b6:81:6a:3c:8b:13:2f:7b:f8:8e:65:79:f5:8b"}}
2015-12-11 05:37:10,606 24485 INFO     [tempest_lib.common.rest_client] Request (TestNetworkBasicOps:test_connectivity_between_vms_on_different_networks): 200 POST http://10.0.2.15:5000/v2.0/tokens
2015-12-11 05:37:10,606 24485 DEBUG    [tempest_lib.common.rest_client] Request - Headers: {'Content-Type': 'application/json', 'Accept': 'application/json'}
        Body: &lt;omitted&gt;
    Response - Headers: {'status': '200', 'content-length': '2522', 'vary': 'X-Auth-Token', 'server': 'Apache/2.4.7 (Ubuntu)', 'connection': 'close', 'date': 'Fri, 11 Dec 2015 05:37:10 GMT', 'content-type': 'application/json', 'x-openstack-request-id': 'req-1116ca42-9c63-4128-a7cf-145ee948ae22'}
        Body: {"access": {"token": {"issued_at": "2015-12-11T05:37:10.595919", "expires": "2015-12-11T06:37:10Z", "id": "a8df61c2d9604e0abd57e51b8aa6c8be", "tenant": {"description": "tempest-TestNetworkBasicOps-11366946-desc", "enabled": true, "id": "202831d36fc6482d91c5e76e3a38c832", "name": "tempest-TestNetworkBasicOps-11366946"}, "audit_ids": ["EhbvckUrTmC1XkgkV89g1A"]}, "serviceCatalog": [{"endpoints": [{"adminURL": "http://10.0.2.15:8774/v2.1/202831d36fc6482d91c5e76e3a38c832", "region": "RegionOne", "internalURL": "http://10.0.2.15:8774/v2.1/202831d36fc6482d91c5e76e3a38c832", "id": "8dd3d914baf347bb81d299557e3952e4", "publicURL": "http://10.0.2.15:8774/v2.1/202831d36fc6482d91c5e76e3a38c832"}], "endpoints_links": [], "type": "compute", "name": "nova"}, {"endpoints": [{"adminURL": "http://10.0.2.15:9696/", "region": "RegionOne", "internalURL": "http://10.0.2.15:9696/", "id": "20b4e4caf7d94a99a8c1c5019dbf603d", "publicURL": "http://10.0.2.15:9696/"}], "endpoints_links": [], "type": "network", "name": "neutron"}, {"endpoints": [{"adminURL": "http://10.0.2.15:9292", "region": "RegionOne", "internalURL": "http://10.0.2.15:9292", "id": "09717eee440e4ef8b94af8ddae14a8be", "publicURL": "http://10.0.2.15:9292"}], "endpoints_links": [], "type": "image", "name": "glance"}, {"endpoints": [{"adminURL": "http://10.0.2.15:8774/v2/202831d36fc6482d91c5e76e3a38c832", "region": "RegionOne", "internalURL": "http://10.0.2.15:8774/v2/202831d36fc6482d91c5e76e3a38c832", "id": "21219b1b7eda45c2a417f4c5864e1d62", "publicURL": "http://10.0.2.15:8774/v2/202831d36fc6482d91c5e76e3a38c832"}], "endpoints_links": [], "type": "compute_legacy", "name": "nova_legacy"}, {"endpoints": [{"adminURL": "http://10.0.2.15:8773/", "region": "RegionOne", "internalURL": "http://10.0.2.15:8773/", "id": "06caa67c1ce146a1ac70916bedd74cc0", "publicURL": "http://10.0.2.15:8773/"}], "endpoints_links": [], "type": "ec2", "name": "ec2"}, {"endpoints": [{"adminURL": "http://10.0.2.15:35357/v2.0", "region": "RegionOne", "internalURL": "http://10.0.2.15:5000/v2.0", "id": "0a7caa09cf754145bcda4a353d83624b", "publicURL": "http://10.0.2.15:5000/v2.0"}], "endpoints_links": [], "type": "identity", "name": "keystone"}], "user": {"username": "tempest-TestNetworkBasicOps-53061336", "roles_links": [], "id": "1bb1b2023db544a68ad076a79f7a9698", "roles": [{"name": "_member_"}, {"name": "Member"}], "name": "tempest-TestNetworkBasicOps-53061336"}, "metadata": {"is_admin": 0, "roles": ["9fe2ff9ee4384b1894a90878d3e92bab", "84afc7729b0044df92fc4df380ee6237"]}}}
2015-12-11 05:37:10,612 24485 DEBUG    [tempest.common.fixed_network] (TestNetworkBasicOps:test_connectivity_between_vms_on_different_networks) No valid network provided or created, defaulting to fixed_network_name
2015-12-11 05:37:10,912 24485 INFO     [tempest_lib.common.rest_client] Request (TestNetworkBasicOps:test_connectivity_between_vms_on_different_networks): 200 GET http://10.0.2.15:8774/v2.1/202831d36fc6482d91c5e76e3a38c832/os-networks 0.299s
2015-12-11 05:37:10,912 24485 DEBUG    [tempest_lib.common.rest_client] Request - Headers: {'Content-Type': 'application/json', 'Accept': 'application/json', 'X-Auth-Token': '&lt;omitted&gt;'}
        Body: None
    Response - Headers: {'status': '200', 'content-length': '479', 'content-location': 'http://10.0.2.15:8774/v2.1/202831d36fc6482d91c5e76e3a38c832/os-networks', 'x-compute-request-id': 'req-c1fa340c-73a2-47be-9bad-9d1fe0ae79e4', 'vary': 'X-OpenStack-Nova-API-Version', 'connection': 'close', 'x-openstack-nova-api-version': '2.1', 'date': 'Fri, 11 Dec 2015 05:37:10 GMT', 'content-type': 'application/json'}
        Body: {"networks": [{"cidr_v6": null, "dns2": null, "dns1": null, "gateway": null, "broadcast": null, "netmask": null, "gateway_v6": null, "cidr": null, "label": "public", "id": "359bd77e-1cc7-4041-b3a7-2a9ebc88dd91", "netmask_v6": null}, {"cidr_v6": null, "dns2": null, "dns1": null, "gateway": null, "broadcast": null, "netmask": null, "gateway_v6": null, "cidr": null, "label": "tempest-network-smoke--2056847615", "id": "40988290-019f-4b4e-976a-ff2a5dfe5011", "netmask_v6": null}]}
2015-12-11 05:37:10,912 24485 WARNING  [tempest.common.fixed_network] (TestNetworkBasicOps:test_connectivity_between_vms_on_different_networks) Network with name: private not found
2015-12-11 05:37:10,912 24485 INFO     [tempest.common.fixed_network] (TestNetworkBasicOps:test_connectivity_between_vms_on_different_networks) Found network {} available for tenant
2015-12-11 05:37:12,524 24485 INFO     [tempest_lib.common.rest_client] Request (TestNetworkBasicOps:test_connectivity_between_vms_on_different_networks): 202 POST http://10.0.2.15:8774/v2.1/202831d36fc6482d91c5e76e3a38c832/servers 1.610s
2015-12-11 05:37:12,525 24485 DEBUG    [tempest_lib.common.rest_client] Request - Headers: {'Content-Type': 'application/json', 'Accept': 'application/json', 'X-Auth-Token': '&lt;omitted&gt;'}
        Body: {"server": {"name": "tempest.common.compute-instance-545998895", "imageRef": "29fefb7f-80fb-401d-8a1c-a21e9a112795", "key_name": "tempest-TestNetworkBasicOps-1113335363", "flavorRef": "42", "networks": [{"uuid": "40988290-019f-4b4e-976a-ff2a5dfe5011"}], "security_groups": [{"name": "tempest-secgroup-smoke-105124578"}]}}
    Response - Headers: {'status': '202', 'content-length': '461', 'x-compute-request-id': 'req-54e51824-379b-4cb3-bdd9-2cf570ed3d96', 'vary': 'X-OpenStack-Nova-API-Version', 'connection': 'close', 'location': 'http://10.0.2.15:8774/v2.1/202831d36fc6482d91c5e76e3a38c832/servers/cc879dbc-aa59-4875-99dc-306fc9aeb2b6', 'x-openstack-nova-api-version': '2.1', 'date': 'Fri, 11 Dec 2015 05:37:12 GMT', 'content-type': 'application/json'}
        Body: {"server": {"security_groups": [{"name": "tempest-secgroup-smoke-105124578"}], "OS-DCF:diskConfig": "MANUAL", "id": "cc879dbc-aa59-4875-99dc-306fc9aeb2b6", "links": [{"href": "http://10.0.2.15:8774/v2.1/202831d36fc6482d91c5e76e3a38c832/servers/cc879dbc-aa59-4875-99dc-306fc9aeb2b6", "rel": "self"}, {"href": "http://10.0.2.15:8774/202831d36fc6482d91c5e76e3a38c832/servers/cc879dbc-aa59-4875-99dc-306fc9aeb2b6", "rel": "bookmark"}], "adminPass": "j5cC2NiCoDkf"}}
2015-12-11 05:37:12,742 24485 INFO     [tempest_lib.common.rest_client] Request (TestNetworkBasicOps:test_connectivity_between_vms_on_different_networks): 200 GET http://10.0.2.15:8774/v2.1/202831d36fc6482d91c5e76e3a38c832/servers/cc879dbc-aa59-4875-99dc-306fc9aeb2b6 0.212s
2015-12-11 05:37:12,742 24485 DEBUG    [tempest_lib.common.rest_client] Request - Headers: {'Content-Type': 'application/json', 'Accept': 'application/json', 'X-Auth-Token': '&lt;omitted&gt;'}
        Body: None
    Response - Headers: {'status': '200', 'content-length': '1355', 'content-location': 'http://10.0.2.15:8774/v2.1/202831d36fc6482d91c5e76e3a38c832/servers/cc879dbc-aa59-4875-99dc-306fc9aeb2b6', 'x-compute-request-id': 'req-445909fb-420b-4063-82c5-317c9d1ff0e5', 'vary': 'X-OpenStack-Nova-API-Version', 'connection': 'close', 'x-openstack-nova-api-version': '2.1', 'date': 'Fri, 11 Dec 2015 05:37:12 GMT', 'content-type': 'application/json'}
        Body: {"server": {"status": "BUILD", "updated": "2015-12-11T05:37:12Z", "hostId": "", "addresses": {}, "links": [{"href": "http://10.0.2.15:8774/v2.1/202831d36fc6482d91c5e76e3a38c832/servers/cc879dbc-aa59-4875-99dc-306fc9aeb2b6", "rel": "self"}, {"href": "http://10.0.2.15:8774/202831d36fc6482d91c5e76e3a38c832/servers/cc879dbc-aa59-4875-99dc-306fc9aeb2b6", "rel": "bookmark"}], "key_name": "tempest-TestNetworkBasicOps-1113335363", "image": {"id": "29fefb7f-80fb-401d-8a1c-a21e9a112795", "links": [{"href": "http://10.0.2.15:8774/202831d36fc6482d91c5e76e3a38c832/images/29fefb7f-80fb-401d-8a1c-a21e9a112795", "rel": "bookmark"}]}, "OS-EXT-STS:task_state": "scheduling", "OS-EXT-STS:vm_state": "building", "OS-SRV-USG:launched_at": null, "flavor": {"id": "42", "links": [{"href": "http://10.0.2.15:8774/202831d36fc6482d91c5e76e3a38c832/flavors/42", "rel": "bookmark"}]}, "id": "cc879dbc-aa59-4875-99dc-306fc9aeb2b6", "OS-SRV-USG:terminated_at": null, "OS-EXT-AZ:availability_zone": "", "user_id": "1bb1b2023db544a68ad076a79f7a9698", "name": "tempest.common.compute-instance-545998895", "created": "2015-12-11T05:37:12Z", "tenant_id": "202831d36fc6482d91c5e76e3a38c832", "OS-DCF:diskConfig": "MANUAL", "os-extended-volumes:volumes_attached": [], "accessIPv4": "", "accessIPv6": "", "progress": 0, "OS-EXT-STS:power_state": 0, "config_drive": "", "metadata": {}}}
2015-12-11 05:37:14,089 24485 INFO     [tempest_lib.common.rest_client] Request (TestNetworkBasicOps:test_connectivity_between_vms_on_different_networks): 200 GET http://10.0.2.15:8774/v2.1/202831d36fc6482d91c5e76e3a38c832/servers/cc879dbc-aa59-4875-99dc-306fc9aeb2b6 0.334s
2015-12-11 05:37:14,090 24485 DEBUG    [tempest_lib.common.rest_client] Request - Headers: {'Content-Type': 'application/json', 'Accept': 'application/json', 'X-Auth-Token': '&lt;omitted&gt;'}
        Body: None
    Response - Headers: {'status': '200', 'content-length': '1480', 'content-location': 'http://10.0.2.15:8774/v2.1/202831d36fc6482d91c5e76e3a38c832/servers/cc879dbc-aa59-4875-99dc-306fc9aeb2b6', 'x-compute-request-id': 'req-7285d148-42f6-48a9-bc20-860474e80761', 'vary': 'X-OpenStack-Nova-API-Version', 'connection': 'close', 'x-openstack-nova-api-version': '2.1', 'date': 'Fri, 11 Dec 2015 05:37:14 GMT', 'content-type': 'application/json'}
        Body: {"server": {"status": "BUILD", "updated": "2015-12-11T05:37:13Z", "hostId": "af9db7de288b57887d8d7bb9ac6cd5c4f964ed7c4df4c7d6e7e60631", "addresses": {}, "links": [{"href": "http://10.0.2.15:8774/v2.1/202831d36fc6482d91c5e76e3a38c832/servers/cc879dbc-aa59-4875-99dc-306fc9aeb2b6", "rel": "self"}, {"href": "http://10.0.2.15:8774/202831d36fc6482d91c5e76e3a38c832/servers/cc879dbc-aa59-4875-99dc-306fc9aeb2b6", "rel": "bookmark"}], "key_name": "tempest-TestNetworkBasicOps-1113335363", "image": {"id": "29fefb7f-80fb-401d-8a1c-a21e9a112795", "links": [{"href": "http://10.0.2.15:8774/202831d36fc6482d91c5e76e3a38c832/images/29fefb7f-80fb-401d-8a1c-a21e9a112795", "rel": "bookmark"}]}, "OS-EXT-STS:task_state": "spawning", "OS-EXT-STS:vm_state": "building", "OS-SRV-USG:launched_at": null, "flavor": {"id": "42", "links": [{"href": "http://10.0.2.15:8774/202831d36fc6482d91c5e76e3a38c832/flavors/42", "rel": "bookmark"}]}, "id": "cc879dbc-aa59-4875-99dc-306fc9aeb2b6", "security_groups": [{"name": "tempest-secgroup-smoke-105124578"}], "OS-SRV-USG:terminated_at": null, "OS-EXT-AZ:availability_zone": "nova", "user_id": "1bb1b2023db544a68ad076a79f7a9698", "name": "tempest.common.compute-instance-545998895", "created": "2015-12-11T05:37:12Z", "tenant_id": "202831d36fc6482d91c5e76e3a38c832", "OS-DCF:diskConfig": "MANUAL", "os-extended-volumes:volumes_attached": [], "accessIPv4": "", "accessIPv6": "", "progress": 0, "OS-EXT-STS:power_state": 0, "config_drive": "", "metadata": {}}}
2015-12-11 05:37:14,108 24485 INFO     [tempest.common.waiters] State transition "BUILD/scheduling" ==&gt; "BUILD/spawning" after 2 second wait
2015-12-11 05:37:15,337 24485 INFO     [tempest_lib.common.rest_client] Request (TestNetworkBasicOps:test_connectivity_between_vms_on_different_networks): 200 GET http://10.0.2.15:8774/v2.1/202831d36fc6482d91c5e76e3a38c832/servers/cc879dbc-aa59-4875-99dc-306fc9aeb2b6 0.227s
2015-12-11 05:37:15,338 24485 DEBUG    [tempest_lib.common.rest_client] Request - Headers: {'Content-Type': 'application/json', 'Accept': 'application/json', 'X-Auth-Token': '&lt;omitted&gt;'}
        Body: None
    Response - Headers: {'status': '200', 'content-length': '1480', 'content-location': 'http://10.0.2.15:8774/v2.1/202831d36fc6482d91c5e76e3a38c832/servers/cc879dbc-aa59-4875-99dc-306fc9aeb2b6', 'x-compute-request-id': 'req-2c7cfb81-7fe6-427e-a4e1-cafbc473e10a', 'vary': 'X-OpenStack-Nova-API-Version', 'connection': 'close', 'x-openstack-nova-api-version': '2.1', 'date': 'Fri, 11 Dec 2015 05:37:15 GMT', 'content-type': 'application/json'}
        Body: {"server": {"status": "BUILD", "updated": "2015-12-11T05:37:13Z", "hostId": "af9db7de288b57887d8d7bb9ac6cd5c4f964ed7c4df4c7d6e7e60631", "addresses": {}, "links": [{"href": "http://10.0.2.15:8774/v2.1/202831d36fc6482d91c5e76e3a38c832/servers/cc879dbc-aa59-4875-99dc-306fc9aeb2b6", "rel": "self"}, {"href": "http://10.0.2.15:8774/202831d36fc6482d91c5e76e3a38c832/servers/cc879dbc-aa59-4875-99dc-306fc9aeb2b6", "rel": "bookmark"}], "key_name": "tempest-TestNetworkBasicOps-1113335363", "image": {"id": "29fefb7f-80fb-401d-8a1c-a21e9a112795", "links": [{"href": "http://10.0.2.15:8774/202831d36fc6482d91c5e76e3a38c832/images/29fefb7f-80fb-401d-8a1c-a21e9a112795", "rel": "bookmark"}]}, "OS-EXT-STS:task_state": "spawning", "OS-EXT-STS:vm_state": "building", "OS-SRV-USG:launched_at": null, "flavor": {"id": "42", "links": [{"href": "http://10.0.2.15:8774/202831d36fc6482d91c5e76e3a38c832/flavors/42", "rel": "bookmark"}]}, "id": "cc879dbc-aa59-4875-99dc-306fc9aeb2b6", "security_groups": [{"name": "tempest-secgroup-smoke-105124578"}], "OS-SRV-USG:terminated_at": null, "OS-EXT-AZ:availability_zone": "nova", "user_id": "1bb1b2023db544a68ad076a79f7a9698", "name": "tempest.common.compute-instance-545998895", "created": "2015-12-11T05:37:12Z", "tenant_id": "202831d36fc6482d91c5e76e3a38c832", "OS-DCF:diskConfig": "MANUAL", "os-extended-volumes:volumes_attached": [], "accessIPv4": "", "accessIPv6": "", "progress": 0, "OS-EXT-STS:power_state": 0, "config_drive": "", "metadata": {}}}
2015-12-11 05:37:16,525 24485 INFO     [tempest_lib.common.rest_client] Request (TestNetworkBasicOps:test_connectivity_between_vms_on_different_networks): 200 GET http://10.0.2.15:8774/v2.1/202831d36fc6482d91c5e76e3a38c832/servers/cc879dbc-aa59-4875-99dc-306fc9aeb2b6 0.175s
2015-12-11 05:37:16,526 24485 DEBUG    [tempest_lib.common.rest_client] Request - Headers: {'Content-Type': 'application/json', 'Accept': 'application/json', 'X-Auth-Token': '&lt;omitted&gt;'}
        Body: None
    Response - Headers: {'status': '200', 'content-length': '1480', 'content-location': 'http://10.0.2.15:8774/v2.1/202831d36fc6482d91c5e76e3a38c832/servers/cc879dbc-aa59-4875-99dc-306fc9aeb2b6', 'x-compute-request-id': 'req-ea352a63-768d-4c12-b0a0-7b6d8a51e527', 'vary': 'X-OpenStack-Nova-API-Version', 'connection': 'close', 'x-openstack-nova-api-version': '2.1', 'date': 'Fri, 11 Dec 2015 05:37:16 GMT', 'content-type': 'application/json'}
        Body: {"server": {"status": "BUILD", "updated": "2015-12-11T05:37:13Z", "hostId": "af9db7de288b57887d8d7bb9ac6cd5c4f964ed7c4df4c7d6e7e60631", "addresses": {}, "links": [{"href": "http://10.0.2.15:8774/v2.1/202831d36fc6482d91c5e76e3a38c832/servers/cc879dbc-aa59-4875-99dc-306fc9aeb2b6", "rel": "self"}, {"href": "http://10.0.2.15:8774/202831d36fc6482d91c5e76e3a38c832/servers/cc879dbc-aa59-4875-99dc-306fc9aeb2b6", "rel": "bookmark"}], "key_name": "tempest-TestNetworkBasicOps-1113335363", "image": {"id": "29fefb7f-80fb-401d-8a1c-a21e9a112795", "links": [{"href": "http://10.0.2.15:8774/202831d36fc6482d91c5e76e3a38c832/images/29fefb7f-80fb-401d-8a1c-a21e9a112795", "rel": "bookmark"}]}, "OS-EXT-STS:task_state": "spawning", "OS-EXT-STS:vm_state": "building", "OS-SRV-USG:launched_at": null, "flavor": {"id": "42", "links": [{"href": "http://10.0.2.15:8774/202831d36fc6482d91c5e76e3a38c832/flavors/42", "rel": "bookmark"}]}, "id": "cc879dbc-aa59-4875-99dc-306fc9aeb2b6", "security_groups": [{"name": "tempest-secgroup-smoke-105124578"}], "OS-SRV-USG:terminated_at": null, "OS-EXT-AZ:availability_zone": "nova", "user_id": "1bb1b2023db544a68ad076a79f7a9698", "name": "tempest.common.compute-instance-545998895", "created": "2015-12-11T05:37:12Z", "tenant_id": "202831d36fc6482d91c5e76e3a38c832", "OS-DCF:diskConfig": "MANUAL", "os-extended-volumes:volumes_attached": [], "accessIPv4": "", "accessIPv6": "", "progress": 0, "OS-EXT-STS:power_state": 0, "config_drive": "", "metadata": {}}}
2015-12-11 05:37:17,734 24485 INFO     [tempest_lib.common.rest_client] Request (TestNetworkBasicOps:test_connectivity_between_vms_on_different_networks): 200 GET http://10.0.2.15:8774/v2.1/202831d36fc6482d91c5e76e3a38c832/servers/cc879dbc-aa59-4875-99dc-306fc9aeb2b6 0.193s
2015-12-11 05:37:17,734 24485 DEBUG    [tempest_lib.common.rest_client] Request - Headers: {'Content-Type': 'application/json', 'Accept': 'application/json', 'X-Auth-Token': '&lt;omitted&gt;'}
        Body: None
    Response - Headers: {'status': '200', 'content-length': '1652', 'content-location': 'http://10.0.2.15:8774/v2.1/202831d36fc6482d91c5e76e3a38c832/servers/cc879dbc-aa59-4875-99dc-306fc9aeb2b6', 'x-compute-request-id': 'req-2b689232-ba6a-451c-bc18-6b9bfe9cb4f3', 'vary': 'X-OpenStack-Nova-API-Version', 'connection': 'close', 'x-openstack-nova-api-version': '2.1', 'date': 'Fri, 11 Dec 2015 05:37:17 GMT', 'content-type': 'application/json'}
        Body: {"server": {"status": "ACTIVE", "updated": "2015-12-11T05:37:17Z", "hostId": "af9db7de288b57887d8d7bb9ac6cd5c4f964ed7c4df4c7d6e7e60631", "addresses": {"tempest-network-smoke--2056847615": [{"OS-EXT-IPS-MAC:mac_addr": "fa:16:3e:55:64:7d", "version": 4, "addr": "10.100.0.3", "OS-EXT-IPS:type": "fixed"}]}, "links": [{"href": "http://10.0.2.15:8774/v2.1/202831d36fc6482d91c5e76e3a38c832/servers/cc879dbc-aa59-4875-99dc-306fc9aeb2b6", "rel": "self"}, {"href": "http://10.0.2.15:8774/202831d36fc6482d91c5e76e3a38c832/servers/cc879dbc-aa59-4875-99dc-306fc9aeb2b6", "rel": "bookmark"}], "key_name": "tempest-TestNetworkBasicOps-1113335363", "image": {"id": "29fefb7f-80fb-401d-8a1c-a21e9a112795", "links": [{"href": "http://10.0.2.15:8774/202831d36fc6482d91c5e76e3a38c832/images/29fefb7f-80fb-401d-8a1c-a21e9a112795", "rel": "bookmark"}]}, "OS-EXT-STS:task_state": null, "OS-EXT-STS:vm_state": "active", "OS-SRV-USG:launched_at": "2015-12-11T05:37:17.000000", "flavor": {"id": "42", "links": [{"href": "http://10.0.2.15:8774/202831d36fc6482d91c5e76e3a38c832/flavors/42", "rel": "bookmark"}]}, "id": "cc879dbc-aa59-4875-99dc-306fc9aeb2b6", "security_groups": [{"name": "tempest-secgroup-smoke-105124578"}], "OS-SRV-USG:terminated_at": null, "OS-EXT-AZ:availability_zone": "nova", "user_id": "1bb1b2023db544a68ad076a79f7a9698", "name": "tempest.common.compute-instance-545998895", "created": "2015-12-11T05:37:12Z", "tenant_id": "202831d36fc6482d91c5e76e3a38c832", "OS-DCF:diskConfig": "MANUAL", "os-extended-volumes:volumes_attached": [], "accessIPv4": "", "accessIPv6": "", "progress": 0, "OS-EXT-STS:power_state": 1, "config_drive": "True", "metadata": {}}}
2015-12-11 05:37:17,743 24485 INFO     [tempest.common.waiters] State transition "BUILD/spawning" ==&gt; "ACTIVE/None" after 5 second wait
2015-12-11 05:37:17,929 24485 INFO     [tempest_lib.common.rest_client] Request (TestNetworkBasicOps:test_connectivity_between_vms_on_different_networks): 200 GET http://10.0.2.15:8774/v2.1/202831d36fc6482d91c5e76e3a38c832/servers/cc879dbc-aa59-4875-99dc-306fc9aeb2b6 0.185s
2015-12-11 05:37:17,929 24485 DEBUG    [tempest_lib.common.rest_client] Request - Headers: {'Content-Type': 'application/json', 'Accept': 'application/json', 'X-Auth-Token': '&lt;omitted&gt;'}
        Body: None
    Response - Headers: {'status': '200', 'content-length': '1652', 'content-location': 'http://10.0.2.15:8774/v2.1/202831d36fc6482d91c5e76e3a38c832/servers/cc879dbc-aa59-4875-99dc-306fc9aeb2b6', 'x-compute-request-id': 'req-a017a163-d96b-48ec-b44e-dcdb869c748f', 'vary': 'X-OpenStack-Nova-API-Version', 'connection': 'close', 'x-openstack-nova-api-version': '2.1', 'date': 'Fri, 11 Dec 2015 05:37:17 GMT', 'content-type': 'application/json'}
        Body: {"server": {"status": "ACTIVE", "updated": "2015-12-11T05:37:17Z", "hostId": "af9db7de288b57887d8d7bb9ac6cd5c4f964ed7c4df4c7d6e7e60631", "addresses": {"tempest-network-smoke--2056847615": [{"OS-EXT-IPS-MAC:mac_addr": "fa:16:3e:55:64:7d", "version": 4, "addr": "10.100.0.3", "OS-EXT-IPS:type": "fixed"}]}, "links": [{"href": "http://10.0.2.15:8774/v2.1/202831d36fc6482d91c5e76e3a38c832/servers/cc879dbc-aa59-4875-99dc-306fc9aeb2b6", "rel": "self"}, {"href": "http://10.0.2.15:8774/202831d36fc6482d91c5e76e3a38c832/servers/cc879dbc-aa59-4875-99dc-306fc9aeb2b6", "rel": "bookmark"}], "key_name": "tempest-TestNetworkBasicOps-1113335363", "image": {"id": "29fefb7f-80fb-401d-8a1c-a21e9a112795", "links": [{"href": "http://10.0.2.15:8774/202831d36fc6482d91c5e76e3a38c832/images/29fefb7f-80fb-401d-8a1c-a21e9a112795", "rel": "bookmark"}]}, "OS-EXT-STS:task_state": null, "OS-EXT-STS:vm_state": "active", "OS-SRV-USG:launched_at": "2015-12-11T05:37:17.000000", "flavor": {"id": "42", "links": [{"href": "http://10.0.2.15:8774/202831d36fc6482d91c5e76e3a38c832/flavors/42", "rel": "bookmark"}]}, "id": "cc879dbc-aa59-4875-99dc-306fc9aeb2b6", "security_groups": [{"name": "tempest-secgroup-smoke-105124578"}], "OS-SRV-USG:terminated_at": null, "OS-EXT-AZ:availability_zone": "nova", "user_id": "1bb1b2023db544a68ad076a79f7a9698", "name": "tempest.common.compute-instance-545998895", "created": "2015-12-11T05:37:12Z", "tenant_id": "202831d36fc6482d91c5e76e3a38c832", "OS-DCF:diskConfig": "MANUAL", "os-extended-volumes:volumes_attached": [], "accessIPv4": "", "accessIPv6": "", "progress": 0, "OS-EXT-STS:power_state": 1, "config_drive": "True", "metadata": {}}}
2015-12-11 05:37:17,938 24485 INFO     [tempest.scenario.manager] Tenant networks not configured to be reachable.
2015-12-11 05:37:17,966 24485 INFO     [tempest_lib.common.rest_client] Request (TestNetworkBasicOps:test_connectivity_between_vms_on_different_networks): 200 GET http://10.0.2.15:9696/v2.0/ports?status=ACTIVE&amp;fixed_ip=None&amp;device_id=cc879dbc-aa59-4875-99dc-306fc9aeb2b6 0.028s
2015-12-11 05:37:17,967 24485 DEBUG    [tempest_lib.common.rest_client] Request - Headers: {'Content-Type': 'application/json', 'Accept': 'application/json', 'X-Auth-Token': '&lt;omitted&gt;'}
        Body: None
    Response - Headers: {'status': '200', 'content-length': '895', 'content-location': 'http://10.0.2.15:9696/v2.0/ports?status=ACTIVE&amp;fixed_ip=None&amp;device_id=cc879dbc-aa59-4875-99dc-306fc9aeb2b6', 'connection': 'close', 'date': 'Fri, 11 Dec 2015 05:37:17 GMT', 'content-type': 'application/json; charset=UTF-8', 'x-openstack-request-id': 'req-c567b478-986d-464b-9ff9-ff3107dfa30a'}
        Body: {"ports": [{"status": "ACTIVE", "binding:host_id": "vagrant-ubuntu-trusty-64", "allowed_address_pairs": [], "extra_dhcp_opts": [], "dns_assignment": [{"hostname": "host-10-100-0-3", "ip_address": "10.100.0.3", "fqdn": "host-10-100-0-3.openstacklocal."}], "device_owner": "compute:None", "port_security_enabled": true, "binding:profile": {}, "fixed_ips": [{"subnet_id": "4d89e954-d04f-4e68-bd51-300b2ab188b0", "ip_address": "10.100.0.3"}], "id": "11b50c0a-4746-4692-9a55-12bb88497bbb", "security_groups": ["36e6a436-68e0-4951-8372-16b87f69b025"], "device_id": "cc879dbc-aa59-4875-99dc-306fc9aeb2b6", "name": "", "admin_state_up": true, "network_id": "40988290-019f-4b4e-976a-ff2a5dfe5011", "dns_name": "", "binding:vif_details": {"port_filter": true}, "binding:vnic_type": "normal", "binding:vif_type": "ovs", "tenant_id": "202831d36fc6482d91c5e76e3a38c832", "mac_address": "fa:16:3e:55:64:7d"}]}
2015-12-11 05:37:18,353 24485 INFO     [tempest_lib.common.rest_client] Request (TestNetworkBasicOps:test_connectivity_between_vms_on_different_networks): 201 POST http://10.0.2.15:9696/v2.0/floatingips 0.385s
2015-12-11 05:37:18,353 24485 DEBUG    [tempest_lib.common.rest_client] Request - Headers: {'Content-Type': 'application/json', 'Accept': 'application/json', 'X-Auth-Token': '&lt;omitted&gt;'}
        Body: {"floatingip": {"floating_network_id": "359bd77e-1cc7-4041-b3a7-2a9ebc88dd91", "tenant_id": "202831d36fc6482d91c5e76e3a38c832", "fixed_ip_address": "10.100.0.3", "port_id": "11b50c0a-4746-4692-9a55-12bb88497bbb"}}
    Response - Headers: {'status': '201', 'content-length': '367', 'connection': 'close', 'date': 'Fri, 11 Dec 2015 05:37:18 GMT', 'content-type': 'application/json; charset=UTF-8', 'x-openstack-request-id': 'req-3b9e305d-3ffd-4ae5-a1f7-074a99724c05'}
        Body: {"floatingip": {"floating_network_id": "359bd77e-1cc7-4041-b3a7-2a9ebc88dd91", "router_id": "6dc85346-f9eb-4ed6-bb31-8545d7f1bb27", "fixed_ip_address": "10.100.0.3", "floating_ip_address": "172.24.4.4", "tenant_id": "202831d36fc6482d91c5e76e3a38c832", "status": "DOWN", "port_id": "11b50c0a-4746-4692-9a55-12bb88497bbb", "id": "0d967269-1700-4fe6-a3d1-e3bbf2f24856"}}
2015-12-11 05:37:18,365 24485 INFO     [tempest_lib.common.rest_client] Request (TestNetworkBasicOps:test_connectivity_between_vms_on_different_networks): 200 GET http://10.0.2.15:9696/v2.0/floatingips/0d967269-1700-4fe6-a3d1-e3bbf2f24856 0.011s
2015-12-11 05:37:18,365 24485 DEBUG    [tempest_lib.common.rest_client] Request - Headers: {'Content-Type': 'application/json', 'Accept': 'application/json', 'X-Auth-Token': '&lt;omitted&gt;'}
        Body: None
    Response - Headers: {'status': '200', 'content-length': '367', 'content-location': 'http://10.0.2.15:9696/v2.0/floatingips/0d967269-1700-4fe6-a3d1-e3bbf2f24856', 'connection': 'close', 'date': 'Fri, 11 Dec 2015 05:37:18 GMT', 'content-type': 'application/json; charset=UTF-8', 'x-openstack-request-id': 'req-9e756b03-094f-49e8-8575-b878ce1cc070'}
        Body: {"floatingip": {"floating_network_id": "359bd77e-1cc7-4041-b3a7-2a9ebc88dd91", "router_id": "6dc85346-f9eb-4ed6-bb31-8545d7f1bb27", "fixed_ip_address": "10.100.0.3", "floating_ip_address": "172.24.4.4", "tenant_id": "202831d36fc6482d91c5e76e3a38c832", "status": "DOWN", "port_id": "11b50c0a-4746-4692-9a55-12bb88497bbb", "id": "0d967269-1700-4fe6-a3d1-e3bbf2f24856"}}
2015-12-11 05:37:19,381 24485 INFO     [tempest_lib.common.rest_client] Request (TestNetworkBasicOps:test_connectivity_between_vms_on_different_networks): 200 GET http://10.0.2.15:9696/v2.0/floatingips/0d967269-1700-4fe6-a3d1-e3bbf2f24856 0.014s
2015-12-11 05:37:19,382 24485 DEBUG    [tempest_lib.common.rest_client] Request - Headers: {'Content-Type': 'application/json', 'Accept': 'application/json', 'X-Auth-Token': '&lt;omitted&gt;'}
        Body: None
    Response - Headers: {'status': '200', 'content-length': '369', 'content-location': 'http://10.0.2.15:9696/v2.0/floatingips/0d967269-1700-4fe6-a3d1-e3bbf2f24856', 'connection': 'close', 'date': 'Fri, 11 Dec 2015 05:37:19 GMT', 'content-type': 'application/json; charset=UTF-8', 'x-openstack-request-id': 'req-b14f7614-1bd0-4699-a1ba-3cb406343aa9'}
        Body: {"floatingip": {"floating_network_id": "359bd77e-1cc7-4041-b3a7-2a9ebc88dd91", "router_id": "6dc85346-f9eb-4ed6-bb31-8545d7f1bb27", "fixed_ip_address": "10.100.0.3", "floating_ip_address": "172.24.4.4", "tenant_id": "202831d36fc6482d91c5e76e3a38c832", "status": "ACTIVE", "port_id": "11b50c0a-4746-4692-9a55-12bb88497bbb", "id": "0d967269-1700-4fe6-a3d1-e3bbf2f24856"}}
2015-12-11 05:37:19,382 24485 INFO     [tempest.scenario.manager] FloatingIP: &lt;"FloatingIP" addr="172.24.4.4" id="0d967269-1700-4fe6-a3d1-e3bbf2f24856"&gt; is at status: ACTIVE
2015-12-11 05:37:19,382 24485 DEBUG    [tempest.scenario.manager] checking network connections to IP 172.24.4.4 with user: cirros
2015-12-11 05:37:19,383 24485 DEBUG    [tempest.scenario.manager] TestNetworkBasicOps:test_connectivity_between_vms_on_different_networks begins to ping 172.24.4.4 in 120 sec and the expected result is reachable
2015-12-11 05:39:19,725 24485 DEBUG    [tempest.scenario.manager] TestNetworkBasicOps:test_connectivity_between_vms_on_different_networks finishes ping 172.24.4.4 in 120 sec and the ping result is unexpected
2015-12-11 05:39:19,727 24485 ERROR    [tempest.scenario.manager] Public network connectivity check failed
2015-12-11 05:39:19.727 24485 ERROR tempest.scenario.manager Traceback (most recent call last):
2015-12-11 05:39:19.727 24485 ERROR tempest.scenario.manager   File "tempest/scenario/manager.py", line 606, in check_public_network_connectivity
2015-12-11 05:39:19.727 24485 ERROR tempest.scenario.manager     should_connect=should_connect)
2015-12-11 05:39:19.727 24485 ERROR tempest.scenario.manager   File "tempest/scenario/manager.py", line 590, in check_vm_connectivity
2015-12-11 05:39:19.727 24485 ERROR tempest.scenario.manager     msg=msg)
2015-12-11 05:39:19.727 24485 ERROR tempest.scenario.manager   File "/usr/local/lib/python2.7/dist-packages/unittest2/case.py", line 702, in assertTrue
2015-12-11 05:39:19.727 24485 ERROR tempest.scenario.manager     raise self.failureException(msg)
2015-12-11 05:39:19.727 24485 ERROR tempest.scenario.manager AssertionError: False is not true : Timed out waiting for 172.24.4.4 to become reachable
2015-12-11 05:39:19.727 24485 ERROR tempest.scenario.manager 
2015-12-11 05:39:19,961 24485 INFO     [tempest_lib.common.rest_client] Request (TestNetworkBasicOps:test_connectivity_between_vms_on_different_networks): 200 POST http://10.0.2.15:8774/v2.1/202831d36fc6482d91c5e76e3a38c832/servers/cc879dbc-aa59-4875-99dc-306fc9aeb2b6/action 0.230s
2015-12-11 05:39:19,962 24485 DEBUG    [tempest_lib.common.rest_client] Request - Headers: {'Content-Type': 'application/json', 'Accept': 'application/json', 'X-Auth-Token': '&lt;omitted&gt;'}
        Body: {"os-getConsoleOutput": {}}
    Response - Headers: {'status': '200', 'content-length': '17429', 'x-compute-request-id': 'req-54a32d5b-e2b1-43de-87f2-9e80dc3ee248', 'vary': 'X-OpenStack-Nova-API-Version', 'connection': 'close', 'x-openstack-nova-api-version': '2.1', 'date': 'Fri, 11 Dec 2015 05:39:19 GMT', 'content-type': 'application/json'}
        Body: {"output": "[    0.000000] Initializing cgroup subsys cpuset\n[    0.000000] Initializing cgroup subsys cpu\n[    0.000000] Linux version 3.2.0-80-virtual (buildd@batsu) (gcc version 4.6.3 (Ubuntu/Linaro 4.6.3-1ubuntu5) ) #116-Ubuntu SMP Mon Mar 23 17:28:52 UTC 2015 (Ubuntu 3.2.0-80.116-virtual 3.2.68)\n[    0.000000] Command line: root=/dev/vda console=tty0 console=ttyS0 no_timer_check\n[    0.000000] KERNEL supported cpus:\n[    0.000000]   Intel GenuineIntel\n[    0.000000]   AMD AuthenticAMD\n[    0.000000]   Centaur CentaurHauls\n[    0.000000] BIOS-provided physical RAM map:\n[    0.000000]  BIOS-e820: 0000000000000000 - 000000000009fc00 (usable)\n[    0.000000]  BIOS-e820: 000000000009fc00 - 00000000000a0000 (reserved)\n[    0.000000]  BIOS-e820: 00000000000f0000 - 0000000000100000 (reserved)\n[    0.000000]  BIOS-e820: 0000000000100000 - 0000000003ffe000 (usable)\n[    0.000000]  BIOS-e820: 0000000003ffe000 - 0000000004000000 (reserved)\n[    0.000000]  BIOS-e820: 00000000fffc0000 - 0000000100000000 (reserved)\n[    0.000000] NX (Execute Disable) protection: active\n[    0.000000] SMBIOS 2.4 present.\n[    0.000000] No AGP bridge found\n[    0.000000] last_pfn = 0x3ffe max_arch_pfn = 0x400000000\n[    0.000000] x86 PAT enabled: cpu 0, old 0x7040600070406, new 0x7010600070106\n[    0.000000] found SMP MP-table at [ffff8800000f0b00] f0b00\n[    0.000000] init_memory_mapping: 0000000000000000-0000000003ffe000\n[    0.000000] RAMDISK: 03c5e000 - 03ff0000\n[    0.000000] ACPI: RSDP 00000000000f0950 00014 (v00 BOCHS )\n[    0.000000] ACPI: RSDT 0000000003fffbc1 00034 (v01 BOCHS  BXPCRSDT 00000001 BXPC 00000001)\n[    0.000000] ACPI: FACP 0000000003fff1c0 00074 (v01 BOCHS  BXPCFACP 00000001 BXPC 00000001)\n[    0.000000] ACPI: DSDT 0000000003ffe040 01180 (v01 BOCHS  BXPCDSDT 00000001 BXPC 00000001)\n[    0.000000] ACPI: FACS 0000000003ffe000 00040\n[    0.000000] ACPI: SSDT 0000000003fff234 008DD (v01 BOCHS  BXPCSSDT 00000001 BXPC 00000001)\n[    0.000000] ACPI: APIC 0000000003fffb11 00078 (v01 BOCHS  BXPCAPIC 00000001 BXPC 00000001)\n[    0.000000] ACPI: HPET 0000000003fffb89 00038 (v01 BOCHS  BXPCHPET 00000001 BXPC 00000001)\n[    0.000000] No NUMA configuration found\n[    0.000000] Faking a node at 0000000000000000-0000000003ffe000\n[    0.000000] Initmem setup node 0 0000000000000000-0000000003ffe000\n[    0.000000]   NODE_DATA [0000000003ff6000 - 0000000003ffafff]\n[    0.000000] Zone PFN ranges:\n[    0.000000]   DMA      0x00000010 -&gt; 0x00001000\n[    0.000000]   DMA32    0x00001000 -&gt; 0x00100000\n[    0.000000]   Normal   empty\n[    0.000000] Movable zone start PFN for each node\n[    0.000000] early_node_map[2] active PFN ranges\n[    0.000000]     0: 0x00000010 -&gt; 0x0000009f\n[    0.000000]     0: 0x00000100 -&gt; 0x00003ffe\n[    0.000000] ACPI: PM-Timer IO Port: 0xb008\n[    0.000000] ACPI: LAPIC (acpi_id[0x00] lapic_id[0x00] enabled)\n[    0.000000] ACPI: LAPIC_NMI (acpi_id[0xff] dfl dfl lint[0x1])\n[    0.000000] ACPI: IOAPIC (id[0x00] address[0xfec00000] gsi_base[0])\n[    0.000000] IOAPIC[0]: apic_id 0, version 17, address 0xfec00000, GSI 0-23\n[    0.000000] ACPI: INT_SRC_OVR (bus 0 bus_irq 0 global_irq 2 dfl dfl)\n[    0.000000] ACPI: INT_SRC_OVR (bus 0 bus_irq 5 global_irq 5 high level)\n[    0.000000] ACPI: INT_SRC_OVR (bus 0 bus_irq 9 global_irq 9 high level)\n[    0.000000] ACPI: INT_SRC_OVR (bus 0 bus_irq 10 global_irq 10 high level)\n[    0.000000] ACPI: INT_SRC_OVR (bus 0 bus_irq 11 global_irq 11 high level)\n[    0.000000] Using ACPI (MADT) for SMP configuration information\n[    0.000000] ACPI: HPET id: 0x8086a201 base: 0xfed00000\n[    0.000000] SMP: Allowing 1 CPUs, 0 hotplug CPUs\n[    0.000000] PM: Registered nosave memory: 000000000009f000 - 00000000000a0000\n[    0.000000] PM: Registered nosave memory: 00000000000a0000 - 00000000000f0000\n[    0.000000] PM: Registered nosave memory: 00000000000f0000 - 0000000000100000\n[    0.000000] Allocating PCI resources starting at 4000000 (gap: 4000000:fbfc0000)\n[    0.000000] Booting paravirtualized kernel on bare hardware\n[    0.000000] setup_pe
2015-12-11 05:39:19,967 24485 DEBUG    [tempest.scenario.manager] Console output for cc879dbc-aa59-4875-99dc-306fc9aeb2b6
body=
[    0.000000] Initializing cgroup subsys cpuset
[    0.000000] Initializing cgroup subsys cpu
[    0.000000] Linux version 3.2.0-80-virtual (buildd@batsu) (gcc version 4.6.3 (Ubuntu/Linaro 4.6.3-1ubuntu5) ) #116-Ubuntu SMP Mon Mar 23 17:28:52 UTC 2015 (Ubuntu 3.2.0-80.116-virtual 3.2.68)
[    0.000000] Command line: root=/dev/vda console=tty0 console=ttyS0 no_timer_check
[    0.000000] KERNEL supported cpus:
[    0.000000]   Intel GenuineIntel
[    0.000000]   AMD AuthenticAMD
[    0.000000]   Centaur CentaurHauls
[    0.000000] BIOS-provided physical RAM map:
[    0.000000]  BIOS-e820: 0000000000000000 - 000000000009fc00 (usable)
[    0.000000]  BIOS-e820: 000000000009fc00 - 00000000000a0000 (reserved)
[    0.000000]  BIOS-e820: 00000000000f0000 - 0000000000100000 (reserved)
[    0.000000]  BIOS-e820: 0000000000100000 - 0000000003ffe000 (usable)
[    0.000000]  BIOS-e820: 0000000003ffe000 - 0000000004000000 (reserved)
[    0.000000]  BIOS-e820: 00000000fffc0000 - 0000000100000000 (reserved)
[    0.000000] NX (Execute Disable) protection: active
[    0.000000] SMBIOS 2.4 present.
[    0.000000] No AGP bridge found
[    0.000000] last_pfn = 0x3ffe max_arch_pfn = 0x400000000
[    0.000000] x86 PAT enabled: cpu 0, old 0x7040600070406, new 0x7010600070106
[    0.000000] found SMP MP-table at [ffff8800000f0b00] f0b00
[    0.000000] init_memory_mapping: 0000000000000000-0000000003ffe000
[    0.000000] RAMDISK: 03c5e000 - 03ff0000
[    0.000000] ACPI: RSDP 00000000000f0950 00014 (v00 BOCHS )
[    0.000000] ACPI: RSDT 0000000003fffbc1 00034 (v01 BOCHS  BXPCRSDT 00000001 BXPC 00000001)
[    0.000000] ACPI: FACP 0000000003fff1c0 00074 (v01 BOCHS  BXPCFACP 00000001 BXPC 00000001)
[    0.000000] ACPI: DSDT 0000000003ffe040 01180 (v01 BOCHS  BXPCDSDT 00000001 BXPC 00000001)
[    0.000000] ACPI: FACS 0000000003ffe000 00040
[    0.000000] ACPI: SSDT 0000000003fff234 008DD (v01 BOCHS  BXPCSSDT 00000001 BXPC 00000001)
[    0.000000] ACPI: APIC 0000000003fffb11 00078 (v01 BOCHS  BXPCAPIC 00000001 BXPC 00000001)
[    0.000000] ACPI: HPET 0000000003fffb89 00038 (v01 BOCHS  BXPCHPET 00000001 BXPC 00000001)
[    0.000000] No NUMA configuration found
[    0.000000] Faking a node at 0000000000000000-0000000003ffe000
[    0.000000] Initmem setup node 0 0000000000000000-0000000003ffe000
[    0.000000]   NODE_DATA [0000000003ff6000 - 0000000003ffafff]
[    0.000000] Zone PFN ranges:
[    0.000000]   DMA      0x00000010 -&gt; 0x00001000
[    0.000000]   DMA32    0x00001000 -&gt; 0x00100000
[    0.000000]   Normal   empty
[    0.000000] Movable zone start PFN for each node
[    0.000000] early_node_map[2] active PFN ranges
[    0.000000]     0: 0x00000010 -&gt; 0x0000009f
[    0.000000]     0: 0x00000100 -&gt; 0x00003ffe
[    0.000000] ACPI: PM-Timer IO Port: 0xb008
[    0.000000] ACPI: LAPIC (acpi_id[0x00] lapic_id[0x00] enabled)
[    0.000000] ACPI: LAPIC_NMI (acpi_id[0xff] dfl dfl lint[0x1])
[    0.000000] ACPI: IOAPIC (id[0x00] address[0xfec00000] gsi_base[0])
[    0.000000] IOAPIC[0]: apic_id 0, version 17, address 0xfec00000, GSI 0-23
[    0.000000] ACPI: INT_SRC_OVR (bus 0 bus_irq 0 global_irq 2 dfl dfl)
[    0.000000] ACPI: INT_SRC_OVR (bus 0 bus_irq 5 global_irq 5 high level)
[    0.000000] ACPI: INT_SRC_OVR (bus 0 bus_irq 9 global_irq 9 high level)
[    0.000000] ACPI: INT_SRC_OVR (bus 0 bus_irq 10 global_irq 10 high level)
[    0.000000] ACPI: INT_SRC_OVR (bus 0 bus_irq 11 global_irq 11 high level)
[    0.000000] Using ACPI (MADT) for SMP configuration information
[    0.000000] ACPI: HPET id: 0x8086a201 base: 0xfed00000
[    0.000000] SMP: Allowing 1 CPUs, 0 hotplug CPUs
[    0.000000] PM: Registered nosave memory: 000000000009f000 - 00000000000a0000
[    0.000000] PM: Registered nosave memory: 00000000000a0000 - 00000000000f0000
[    0.000000] PM: Registered nosave memory: 00000000000f0000 - 0000000000100000
[    0.000000] Allocating PCI resources starting at 4000000 (gap: 4000000:fbfc0000)
[    0.000000] Booting paravirtualized kernel on bare hardware
[    0.000000] setup_percpu: NR_CPUS:64 nr_cpumask_bits:64 nr_cpu_ids:1 nr_node_ids:1
[    0.000000] PERCPU: Embedded 27 pages/cpu @ffff880003a00000 s78848 r8192 d23552 u2097152
[    0.000000] Built 1 zonelists in Node order, mobility grouping on.  Total pages: 16008
[    0.000000] Policy zone: DMA32
[    0.000000] Kernel command line: root=/dev/vda console=tty0 console=ttyS0 no_timer_check
[    0.000000] PID hash table entries: 256 (order: -1, 2048 bytes)
[    0.000000] Checking aperture...
[    0.000000] No AGP bridge found
[    0.000000] Memory: 43492k/65528k available (6576k kernel code, 452k absent, 21584k reserved, 6620k data, 928k init)
[    0.000000] SLUB: Genslabs=15, HWalign=64, Order=0-3, MinObjects=0, CPUs=1, Nodes=1
[    0.000000] Hierarchical RCU implementation.
[    0.000000] 	RCU dyntick-idle grace-period acceleration is enabled.
[    0.000000] NR_IRQS:4352 nr_irqs:256 16
[    0.000000] Console: colour VGA+ 80x25
[    0.000000] console [tty0] enabled
[    0.000000] console [ttyS0] enabled
[    0.000000] allocated 1048576 bytes of page_cgroup
[    0.000000] please try 'cgroup_disable=memory' option if you don't want memory cgroups
[    0.000000] Fast TSC calibration failed
[    0.000000] TSC: Unable to calibrate against PIT
[    0.000000] TSC: using HPET reference calibration
[    0.000000] Detected 2293.961 MHz processor.
[    0.036282] Calibrating delay loop (skipped), value calculated using timer frequency.. 4587.92 BogoMIPS (lpj=9175844)
[    0.038084] pid_max: default: 32768 minimum: 301
[    0.046228] Security Framework initialized
[    0.050534] AppArmor: AppArmor initialized
[    0.051103] Yama: becoming mindful.
[    0.058398] Dentry cache hash table entries: 8192 (order: 4, 65536 bytes)
[    0.060523] Inode-cache hash table entries: 4096 (order: 3, 32768 bytes)
[    0.062091] Mount-cache hash table entries: 256
[    0.082100] Initializing cgroup subsys cpuacct
[    0.082980] Initializing cgroup subsys memory
[    0.084994] Initializing cgroup subsys devices
[    0.085803] Initializing cgroup subsys freezer
[    0.086473] Initializing cgroup subsys blkio
[    0.088191] Initializing cgroup subsys perf_event
[    0.092810] mce: CPU supports 10 MCE banks
[    0.096575] SMP alternatives: switching to UP code
[    0.535149] Freeing SMP alternatives: 24k freed
[    0.536510] ACPI: Core revision 20110623
[    0.586117] ftrace: allocating 26610 entries in 105 pages
[    0.620038] ..TIMER: vector=0x30 apic1=0 pin1=2 apic2=-1 pin2=-1
[    0.620182] CPU0: AMD QEMU Virtual CPU version 2.0.0 stepping 03
[    0.624038] Performance Events: Broken PMU hardware detected, using software events only.
[    0.635264] NMI watchdog disabled (cpu0): hardware events not enabled
[    0.636729] Brought up 1 CPUs
[    0.637258] Total of 1 processors activated (4587.92 BogoMIPS).
[    0.669899] devtmpfs: initialized
[    0.702930] EVM: security.selinux
[    0.704083] EVM: security.SMACK64
[    0.704497] EVM: security.capability
[    0.725130] print_constraints: dummy: 
[    0.726775] RTC time:  5:37:20, date: 12/11/15
[    0.729747] NET: Registered protocol family 16
[    0.737455] ACPI: bus type pci registered
[    0.742370] PCI: Using configuration type 1 for base access
[    0.772660] bio: create slab &lt;bio-0&gt; at 0
[    0.777085] ACPI: Added _OSI(Module Device)
[    0.777631] ACPI: Added _OSI(Processor Device)
[    0.778121] ACPI: Added _OSI(3.0 _SCP Extensions)
[    0.778732] ACPI: Added _OSI(Processor Aggregator Device)
[    0.865046] ACPI: Interpreter enabled
[    0.865805] ACPI: (supports S0 S3 S4 S5)
[    0.868587] ACPI: Using IOAPIC for interrupt routing
[    0.949252] ACPI: No dock devices found.
[    0.949814] HEST: Table not found.
[    0.950246] PCI: Using host bridge windows from ACPI; if necessary, use "pci=nocrs" and report a bug
[    0.956282] ACPI: PCI Root Bridge [PCI0] (domain 0000 [bus 00-ff])
[    0.962616] pci_root PNP0A03:00: host bridge window [io  0x0000-0x0cf7]
[    0.964160] pci_root PNP0A03:00: host bridge window [io  0x0d00-0xadff]
[    0.964912] pci_root PNP0A03:00: host bridge window [io  0xae0f-0xaeff]
[    0.965710] pci_root PNP0A03:00: host bridge window [io  0xaf20-0xafdf]
[    0.966592] pci_root PNP0A03:00: host bridge window [io  0xafe4-0xffff]
[    0.968173] pci_root PNP0A03:00: host bridge window [mem 0x000a0000-0x000bffff]
[    0.969038] pci_root PNP0A03:00: host bridge window [mem 0x04000000-0xfebfffff]
[    0.997145] pci 0000:00:01.3: quirk: [io  0xb000-0xb03f] claimed by PIIX4 ACPI
[    1.000166] pci 0000:00:01.3: quirk: [io  0xb100-0xb10f] claimed by PIIX4 SMB
[    1.073573]  pci0000:00: Unable to request _OSC control (_OSC support mask: 0x1e)
[    1.139669] ACPI: PCI Interrupt Link [LNKA] (IRQs 5 *10 11)
[    1.141849] ACPI: PCI Interrupt Link [LNKB] (IRQs 5 *10 11)
[    1.144687] ACPI: PCI Interrupt Link [LNKC] (IRQs 5 10 *11)
[    1.146275] ACPI: PCI Interrupt Link [LNKD] (IRQs 5 10 *11)
[    1.147564] ACPI: PCI Interrupt Link [LNKS] (IRQs *9)
[    1.154535] vgaarb: device added: PCI:0000:00:02.0,decodes=io+mem,owns=io+mem,locks=none
[    1.155493] vgaarb: loaded
[    1.156180] vgaarb: bridge control possible 0000:00:02.0
[    1.160294] i2c-core: driver [aat2870] using legacy suspend method
[    1.160922] i2c-core: driver [aat2870] using legacy resume method
[    1.163281] SCSI subsystem initialized
[    1.166341] usbcore: registered new interface driver usbfs
[    1.168382] usbcore: registered new interface driver hub
[    1.169609] usbcore: registered new device driver usb
[    1.173811] PCI: Using ACPI for IRQ routing
[    1.185106] NetLabel: Initializing
[    1.185522] NetLabel:  domain hash size = 128
[    1.185971] NetLabel:  protocols = UNLABELED CIPSOv4
[    1.188950] NetLabel:  unlabeled traffic allowed by default
[    1.191113] HPET: 3 timers in total, 0 timers will be used for per-cpu timer
[    1.192433] hpet0: at MMIO 0xfed00000, IRQs 2, 8, 0
[    1.193277] hpet0: 3 comparators, 64-bit 100.000000 MHz counter
[    1.207190] Switching to clocksource hpet
[    1.431237] AppArmor: AppArmor Filesystem Enabled
[    1.433280] pnp: PnP ACPI init
[    1.433913] ACPI: bus type pnp registered
[    1.451684] pnp: PnP ACPI: found 9 devices
[    1.452572] ACPI: ACPI bus type pnp unregistered
[    1.507208] NET: Registered protocol family 2
[    1.543353] IP route cache hash table entries: 512 (order: 0, 4096 bytes)
[    1.551135] TCP established hash table entries: 2048 (order: 3, 32768 bytes)
[    1.553298] TCP bind hash table entries: 2048 (order: 3, 32768 bytes)
[    1.554888] TCP: Hash tables configured (established 2048 bind 2048)
[    1.556289] TCP reno registered
[    1.558737] UDP hash table entries: 128 (order: 0, 4096 bytes)
[    1.559704] UDP-Lite hash table entries: 128 (order: 0, 4096 bytes)
[    1.563138] NET: Registered protocol family 1
[    1.564378] pci 0000:00:00.0: Limiting direct PCI/PCI transfers
[    1.566002] pci 0000:00:01.0: PIIX3: Enabling Passive Release
[    1.567372] pci 0000:00:01.0: Activating ISA DMA hang workarounds
[    1.583230] ACPI: PCI Interrupt Link [LNKD] enabled at IRQ 11
[    1.585344] pci 0000:00:01.2: PCI INT D -&gt; Link[LNKD] -&gt; GSI 11 (level, high) -&gt; IRQ 11
[    1.587215] pci 0000:00:01.2: PCI INT D disabled
[    1.606889] Trying to unpack rootfs image as initramfs...
[    1.623246] audit: initializing netlink socket (disabled)
[    1.625752] type=2000 audit(1449812240.620:1): initialized
[    1.894671] HugeTLB registered 2 MB page size, pre-allocated 0 pages
[    1.983750] VFS: Disk quotas dquot_6.5.2
[    1.986404] Dquot-cache hash table entries: 512 (order 0, 4096 bytes)
[    2.003406] fuse init (API version 7.17)
[    2.012066] msgmni has been set to 84
[    2.053468] Block layer SCSI generic (bsg) driver version 0.4 loaded (major 253)
[    2.054939] io scheduler noop registered
[    2.055430] io scheduler deadline registered (default)
[    2.057233] io scheduler cfq registered
[    2.062290] pci_hotplug: PCI Hot Plug PCI Core version: 0.5
[    2.064152] pciehp: PCI Express Hot Plug Controller Driver version: 0.4
[    2.069755] input: Power Button as /devices/LNXSYSTM:00/LNXPWRBN:00/input/input0
[    2.071731] ACPI: Power Button [PWRF]
[    2.125456] ERST: Table is not found!
[    2.126029] GHES: HEST is not enabled!
[    2.128552] ACPI: PCI Interrupt Link [LNKC] enabled at IRQ 10
[    2.129873] virtio-pci 0000:00:03.0: PCI INT A -&gt; Link[LNKC] -&gt; GSI 10 (level, high) -&gt; IRQ 10
[    2.134670] virtio-pci 0000:00:04.0: PCI INT A -&gt; Link[LNKD] -&gt; GSI 11 (level, high) -&gt; IRQ 11
[    2.151665] ACPI: PCI Interrupt Link [LNKA] enabled at IRQ 10
[    2.152754] virtio-pci 0000:00:05.0: PCI INT A -&gt; Link[LNKA] -&gt; GSI 10 (level, high) -&gt; IRQ 10
[    2.161521] Serial: 8250/16550 driver, 32 ports, IRQ sharing enabled
[    2.198795] serial8250: ttyS0 at I/O 0x3f8 (irq = 4) is a 16550A
[    2.280923] serial8250: ttyS1 at I/O 0x2f8 (irq = 3) is a 16550A
[    2.435669] 00:05: ttyS0 at I/O 0x3f8 (irq = 4) is a 16550A
[    2.512923] 00:06: ttyS1 at I/O 0x2f8 (irq = 3) is a 16550A
[    2.560370] Linux agpgart interface v0.103
[    2.593384] Refined TSC clocksource calibration: 2294.055 MHz.
[    2.594112] Switching to clocksource tsc
[    2.626158] brd: module loaded
[    2.655975] loop: module loaded
[    2.710322]  vda: unknown partition table
[    2.777539] scsi0 : ata_piix
[    2.780130] scsi1 : ata_piix
[    2.783219] ata1: PATA max MWDMA2 cmd 0x1f0 ctl 0x3f6 bmdma 0xc0a0 irq 14
[    2.785276] ata2: PATA max MWDMA2 cmd 0x170 ctl 0x376 bmdma 0xc0a8 irq 15
[    2.799995] Fixed MDIO Bus: probed
[    2.802538] tun: Universal TUN/TAP device driver, 1.6
[    2.803438] tun: (C) 1999-2004 Max Krasnyansky &lt;maxk@qualcomm.com&gt;
[    2.825473] PPP generic driver version 2.4.2
[    2.837891] ehci_hcd: USB 2.0 'Enhanced' Host Controller (EHCI) Driver
[    2.839164] ohci_hcd: USB 1.1 'Open' Host Controller (OHCI) Driver
[    2.840173] uhci_hcd: USB Universal Host Controller Interface driver
[    2.842375] uhci_hcd 0000:00:01.2: PCI INT D -&gt; Link[LNKD] -&gt; GSI 11 (level, high) -&gt; IRQ 11
[    2.846052] uhci_hcd 0000:00:01.2: UHCI Host Controller
[    2.867520] uhci_hcd 0000:00:01.2: new USB bus registered, assigned bus number 1
[    2.870176] uhci_hcd 0000:00:01.2: irq 11, io base 0x0000c040
[    2.900016] hub 1-0:1.0: USB hub found
[    2.903167] hub 1-0:1.0: 2 ports detected
[    2.917402] usbcore: registered new interface driver libusual
[    2.923251] i8042: PNP: PS/2 Controller [PNP0303:KBD,PNP0f13:MOU] at 0x60,0x64 irq 1,12
[    2.932770] serio: i8042 KBD port at 0x60,0x64 irq 1
[    2.934824] serio: i8042 AUX port at 0x60,0x64 irq 12
[    2.987945] mousedev: PS/2 mouse device common for all mice
[    3.010831] rtc_cmos 00:01: RTC can wake from S4
[    3.023377] input: AT Translated Set 2 keyboard as /devices/platform/i8042/serio0/input/input1
[    3.045090] rtc_cmos 00:01: rtc core: registered rtc_cmos as rtc0
[    3.050984] rtc0: alarms up to one day, 114 bytes nvram, hpet irqs
[    3.054875] device-mapper: uevent: version 1.0.3
[    3.083566] ata2.01: ATAPI: QEMU DVD-ROM, 2.0.0, max UDMA/100
[    3.093336] device-mapper: ioctl: 4.22.0-ioctl (2011-10-19) initialised: dm-devel@redhat.com
[    3.097050] cpuidle: using governor ladder
[    3.098626] cpuidle: using governor menu
[    3.099505] EFI Variables Facility v0.08 2004-May-17
[    3.111519] TCP cubic registered
[    3.117159] NET: Registered protocol family 10
[    3.153511] NET: Registered protocol family 17
[    3.155550] Registering the dns_resolver key type
[    3.172930] ata2.01: configured for MWDMA2
[    3.209150] scsi 1:0:1:0: CD-ROM            QEMU     QEMU DVD-ROM     2.0. PQ: 0 ANSI: 5
[    3.237888] sr0: scsi3-mmc drive: 4x/4x cd/rw xa/form2 tray
[    3.239493] cdrom: Uniform CD-ROM driver Revision: 3.20
[    3.260644] sr 1:0:1:0: Attached scsi generic sg0 type 5
[    3.301610] registered taskstats version 1
[    3.367247] Freeing initrd memory: 3656k freed
[    3.908054]   Magic number: 11:970:617
[    3.918842] rtc_cmos 00:01: setting system clock to 2015-12-11 05:37:23 UTC (1449812243)
[    3.920176] powernow-k8: Processor cpuid 663 not supported
[    3.928881] BIOS EDD facility v0.16 2004-Jun-25, 0 devices found
[    3.931622] EDD information not available.
[    3.998493] Freeing unused kernel memory: 928k freed
[    4.006613] Write protecting the kernel read-only data: 12288k
[    4.136413] Freeing unused kernel memory: 1596k freed
[    4.202299] Freeing unused kernel memory: 1184k freed

info: initramfs: up at 4.38
modprobe: module virtio_blk not found in modules.dep
modprobe: module virtio_net not found in modules.dep
info: copying initramfs to /dev/vda
info: initramfs loading root from /dev/vda
info: /etc/init.d/rc.sysinit: up at 9.11
info: container: none
Starting logging: OK
modprobe: module virtio_blk not found in modules.dep
modprobe: module virtio_net not found in modules.dep
WARN: /etc/rc3.d/S10-load-modules failed
Initializing random number generator... done.
Starting acpid: OK
cirros-ds 'local' up at 11.51
found datasource (configdrive, local)
Starting network...
udhcpc (v1.20.1) started
Sending discover...
Sending discover...

2015-12-11 05:39:20,172 24485 INFO     [tempest_lib.common.rest_client] Request (TestNetworkBasicOps:_run_cleanups): 204 DELETE http://10.0.2.15:9696/v2.0/floatingips/0d967269-1700-4fe6-a3d1-e3bbf2f24856 0.200s
2015-12-11 05:39:20,173 24485 DEBUG    [tempest_lib.common.rest_client] Request - Headers: {'Content-Type': 'application/json', 'Accept': 'application/json', 'X-Auth-Token': '&lt;omitted&gt;'}
        Body: None
    Response - Headers: {'date': 'Fri, 11 Dec 2015 05:39:20 GMT', 'status': '204', 'connection': 'close', 'content-length': '0', 'x-openstack-request-id': 'req-a422e5f3-97c8-4bd5-9dc3-9e7c1d970bc7'}
        Body: 
2015-12-11 05:39:20,391 24485 INFO     [tempest_lib.common.rest_client] Request (TestNetworkBasicOps:_run_cleanups): 204 DELETE http://10.0.2.15:8774/v2.1/202831d36fc6482d91c5e76e3a38c832/servers/cc879dbc-aa59-4875-99dc-306fc9aeb2b6 0.217s
2015-12-11 05:39:20,392 24485 DEBUG    [tempest_lib.common.rest_client] Request - Headers: {'Content-Type': 'application/json', 'Accept': 'application/json', 'X-Auth-Token': '&lt;omitted&gt;'}
        Body: None
    Response - Headers: {'status': '204', 'content-length': '0', 'x-compute-request-id': 'req-16bd4c26-1994-45bf-9ff3-14db85b4f314', 'vary': 'X-OpenStack-Nova-API-Version', 'connection': 'close', 'x-openstack-nova-api-version': '2.1', 'date': 'Fri, 11 Dec 2015 05:39:20 GMT', 'content-type': 'application/json'}
        Body: 
2015-12-11 05:39:20,630 24485 INFO     [tempest_lib.common.rest_client] Request (TestNetworkBasicOps:_run_cleanups): 200 GET http://10.0.2.15:8774/v2.1/202831d36fc6482d91c5e76e3a38c832/servers/cc879dbc-aa59-4875-99dc-306fc9aeb2b6 0.236s
2015-12-11 05:39:20,630 24485 DEBUG    [tempest_lib.common.rest_client] Request - Headers: {'Content-Type': 'application/json', 'Accept': 'application/json', 'X-Auth-Token': '&lt;omitted&gt;'}
        Body: None
    Response - Headers: {'status': '200', 'content-length': '1775', 'content-location': 'http://10.0.2.15:8774/v2.1/202831d36fc6482d91c5e76e3a38c832/servers/cc879dbc-aa59-4875-99dc-306fc9aeb2b6', 'x-compute-request-id': 'req-0ff7355c-60ab-4754-b217-799a7a985bcd', 'vary': 'X-OpenStack-Nova-API-Version', 'connection': 'close', 'x-openstack-nova-api-version': '2.1', 'date': 'Fri, 11 Dec 2015 05:39:20 GMT', 'content-type': 'application/json'}
        Body: {"server": {"status": "ACTIVE", "updated": "2015-12-11T05:39:20Z", "hostId": "af9db7de288b57887d8d7bb9ac6cd5c4f964ed7c4df4c7d6e7e60631", "addresses": {"tempest-network-smoke--2056847615": [{"OS-EXT-IPS-MAC:mac_addr": "fa:16:3e:55:64:7d", "version": 4, "addr": "10.100.0.3", "OS-EXT-IPS:type": "fixed"}, {"OS-EXT-IPS-MAC:mac_addr": "fa:16:3e:55:64:7d", "version": 4, "addr": "172.24.4.4", "OS-EXT-IPS:type": "floating"}]}, "links": [{"href": "http://10.0.2.15:8774/v2.1/202831d36fc6482d91c5e76e3a38c832/servers/cc879dbc-aa59-4875-99dc-306fc9aeb2b6", "rel": "self"}, {"href": "http://10.0.2.15:8774/202831d36fc6482d91c5e76e3a38c832/servers/cc879dbc-aa59-4875-99dc-306fc9aeb2b6", "rel": "bookmark"}], "key_name": "tempest-TestNetworkBasicOps-1113335363", "image": {"id": "29fefb7f-80fb-401d-8a1c-a21e9a112795", "links": [{"href": "http://10.0.2.15:8774/202831d36fc6482d91c5e76e3a38c832/images/29fefb7f-80fb-401d-8a1c-a21e9a112795", "rel": "bookmark"}]}, "OS-EXT-STS:task_state": "deleting", "OS-EXT-STS:vm_state": "active", "OS-SRV-USG:launched_at": "2015-12-11T05:37:17.000000", "flavor": {"id": "42", "links": [{"href": "http://10.0.2.15:8774/202831d36fc6482d91c5e76e3a38c832/flavors/42", "rel": "bookmark"}]}, "id": "cc879dbc-aa59-4875-99dc-306fc9aeb2b6", "security_groups": [{"name": "tempest-secgroup-smoke-105124578"}], "OS-SRV-USG:terminated_at": null, "OS-EXT-AZ:availability_zone": "nova", "user_id": "1bb1b2023db544a68ad076a79f7a9698", "name": "tempest.common.compute-instance-545998895", "created": "2015-12-11T05:37:12Z", "tenant_id": "202831d36fc6482d91c5e76e3a38c832", "OS-DCF:diskConfig": "MANUAL", "os-extended-volumes:volumes_attached": [], "accessIPv4": "", "accessIPv6": "", "progress": 0, "OS-EXT-STS:power_state": 1, "config_drive": "True", "metadata": {}}}
2015-12-11 05:39:21,797 24485 INFO     [tempest_lib.common.rest_client] Request (TestNetworkBasicOps:_run_cleanups): 200 GET http://10.0.2.15:8774/v2.1/202831d36fc6482d91c5e76e3a38c832/servers/cc879dbc-aa59-4875-99dc-306fc9aeb2b6 0.151s
2015-12-11 05:39:21,797 24485 DEBUG    [tempest_lib.common.rest_client] Request - Headers: {'Content-Type': 'application/json', 'Accept': 'application/json', 'X-Auth-Token': '&lt;omitted&gt;'}
        Body: None
    Response - Headers: {'status': '200', 'content-length': '1708', 'content-location': 'http://10.0.2.15:8774/v2.1/202831d36fc6482d91c5e76e3a38c832/servers/cc879dbc-aa59-4875-99dc-306fc9aeb2b6', 'x-compute-request-id': 'req-c7dd697b-30cb-40f3-9b74-05c0c1fabfbc', 'vary': 'X-OpenStack-Nova-API-Version', 'connection': 'close', 'x-openstack-nova-api-version': '2.1', 'date': 'Fri, 11 Dec 2015 05:39:21 GMT', 'content-type': 'application/json'}
        Body: {"server": {"status": "ACTIVE", "updated": "2015-12-11T05:39:21Z", "hostId": "af9db7de288b57887d8d7bb9ac6cd5c4f964ed7c4df4c7d6e7e60631", "addresses": {"tempest-network-smoke--2056847615": [{"OS-EXT-IPS-MAC:mac_addr": "fa:16:3e:55:64:7d", "version": 4, "addr": "10.100.0.3", "OS-EXT-IPS:type": "fixed"}, {"OS-EXT-IPS-MAC:mac_addr": "fa:16:3e:55:64:7d", "version": 4, "addr": "172.24.4.4", "OS-EXT-IPS:type": "floating"}]}, "links": [{"href": "http://10.0.2.15:8774/v2.1/202831d36fc6482d91c5e76e3a38c832/servers/cc879dbc-aa59-4875-99dc-306fc9aeb2b6", "rel": "self"}, {"href": "http://10.0.2.15:8774/202831d36fc6482d91c5e76e3a38c832/servers/cc879dbc-aa59-4875-99dc-306fc9aeb2b6", "rel": "bookmark"}], "key_name": "tempest-TestNetworkBasicOps-1113335363", "image": {"id": "29fefb7f-80fb-401d-8a1c-a21e9a112795", "links": [{"href": "http://10.0.2.15:8774/202831d36fc6482d91c5e76e3a38c832/images/29fefb7f-80fb-401d-8a1c-a21e9a112795", "rel": "bookmark"}]}, "OS-EXT-STS:task_state": "deleting", "OS-EXT-STS:vm_state": "active", "OS-SRV-USG:launched_at": "2015-12-11T05:37:17.000000", "flavor": {"id": "42", "links": [{"href": "http://10.0.2.15:8774/202831d36fc6482d91c5e76e3a38c832/flavors/42", "rel": "bookmark"}]}, "id": "cc879dbc-aa59-4875-99dc-306fc9aeb2b6", "OS-SRV-USG:terminated_at": null, "OS-EXT-AZ:availability_zone": "nova", "user_id": "1bb1b2023db544a68ad076a79f7a9698", "name": "tempest.common.compute-instance-545998895", "created": "2015-12-11T05:37:12Z", "tenant_id": "202831d36fc6482d91c5e76e3a38c832", "OS-DCF:diskConfig": "MANUAL", "os-extended-volumes:volumes_attached": [], "accessIPv4": "", "accessIPv6": "", "progress": 0, "OS-EXT-STS:power_state": 1, "config_drive": "True", "metadata": {}}}
2015-12-11 05:39:22,894 24485 INFO     [tempest_lib.common.rest_client] Request (TestNetworkBasicOps:_run_cleanups): 404 GET http://10.0.2.15:8774/v2.1/202831d36fc6482d91c5e76e3a38c832/servers/cc879dbc-aa59-4875-99dc-306fc9aeb2b6 0.083s
2015-12-11 05:39:22,894 24485 DEBUG    [tempest_lib.common.rest_client] Request - Headers: {'Content-Type': 'application/json', 'Accept': 'application/json', 'X-Auth-Token': '&lt;omitted&gt;'}
        Body: None
    Response - Headers: {'status': '404', 'content-length': '111', 'x-compute-request-id': 'req-feac5c0d-65eb-438b-897a-d59fcb1bf207', 'vary': 'X-OpenStack-Nova-API-Version', 'connection': 'close', 'x-openstack-nova-api-version': '2.1', 'date': 'Fri, 11 Dec 2015 05:39:22 GMT', 'content-type': 'application/json; charset=UTF-8'}
        Body: {"itemNotFound": {"message": "Instance cc879dbc-aa59-4875-99dc-306fc9aeb2b6 could not be found.", "code": 404}}
2015-12-11 05:39:22,915 24485 INFO     [tempest_lib.common.rest_client] Request (TestNetworkBasicOps:_run_cleanups): 202 DELETE http://10.0.2.15:8774/v2.1/202831d36fc6482d91c5e76e3a38c832/os-keypairs/tempest-TestNetworkBasicOps-1113335363 0.019s
2015-12-11 05:39:22,915 24485 DEBUG    [tempest_lib.common.rest_client] Request - Headers: {'Content-Type': 'application/json', 'Accept': 'application/json', 'X-Auth-Token': '&lt;omitted&gt;'}
        Body: None
    Response - Headers: {'status': '202', 'content-length': '0', 'x-compute-request-id': 'req-b22e22aa-4acf-464f-9e6f-f406d56ac717', 'vary': 'X-OpenStack-Nova-API-Version', 'connection': 'close', 'x-openstack-nova-api-version': '2.1', 'date': 'Fri, 11 Dec 2015 05:39:22 GMT', 'content-type': 'application/json'}
        Body: 
2015-12-11 05:39:23,266 24485 INFO     [tempest_lib.common.rest_client] Request (TestNetworkBasicOps:_run_cleanups): 200 PUT http://10.0.2.15:9696/v2.0/routers/6dc85346-f9eb-4ed6-bb31-8545d7f1bb27/remove_router_interface 0.349s
2015-12-11 05:39:23,266 24485 DEBUG    [tempest_lib.common.rest_client] Request - Headers: {'Content-Type': 'application/json', 'Accept': 'application/json', 'X-Auth-Token': '&lt;omitted&gt;'}
        Body: {"subnet_id": "4d89e954-d04f-4e68-bd51-300b2ab188b0"}
    Response - Headers: {'status': '200', 'content-length': '255', 'connection': 'close', 'date': 'Fri, 11 Dec 2015 05:39:23 GMT', 'content-type': 'application/json; charset=UTF-8', 'x-openstack-request-id': 'req-ba07ad0a-85fe-4f33-9549-3bde1e438784'}
        Body: {"subnet_id": "4d89e954-d04f-4e68-bd51-300b2ab188b0", "tenant_id": "202831d36fc6482d91c5e76e3a38c832", "subnet_ids": ["4d89e954-d04f-4e68-bd51-300b2ab188b0"], "port_id": "bf7c2d31-741f-48bd-9c0b-f5e1ebbaf258", "id": "6dc85346-f9eb-4ed6-bb31-8545d7f1bb27"}
2015-12-11 05:39:23,688 24485 INFO     [tempest_lib.common.rest_client] Request (TestNetworkBasicOps:_run_cleanups): 204 DELETE http://10.0.2.15:9696/v2.0/subnets/4d89e954-d04f-4e68-bd51-300b2ab188b0 0.421s
2015-12-11 05:39:23,689 24485 DEBUG    [tempest_lib.common.rest_client] Request - Headers: {'Content-Type': 'application/json', 'Accept': 'application/json', 'X-Auth-Token': '&lt;omitted&gt;'}
        Body: None
    Response - Headers: {'date': 'Fri, 11 Dec 2015 05:39:23 GMT', 'status': '204', 'connection': 'close', 'content-length': '0', 'x-openstack-request-id': 'req-a0c63fe5-dda7-413c-83d8-2f6bc1868ccc'}
        Body: 
2015-12-11 05:39:23,734 24485 INFO     [tempest_lib.common.rest_client] Request (TestNetworkBasicOps:_run_cleanups): 200 GET http://10.0.2.15:9696/v2.0/routers/6dc85346-f9eb-4ed6-bb31-8545d7f1bb27 0.043s
2015-12-11 05:39:23,735 24485 DEBUG    [tempest_lib.common.rest_client] Request - Headers: {'Content-Type': 'application/json', 'Accept': 'application/json', 'X-Auth-Token': '&lt;omitted&gt;'}
        Body: None
    Response - Headers: {'status': '200', 'content-length': '500', 'content-location': 'http://10.0.2.15:9696/v2.0/routers/6dc85346-f9eb-4ed6-bb31-8545d7f1bb27', 'connection': 'close', 'date': 'Fri, 11 Dec 2015 05:39:23 GMT', 'content-type': 'application/json; charset=UTF-8', 'x-openstack-request-id': 'req-887bfb4e-9e6d-4d09-bb4e-82adc2490639'}
        Body: {"router": {"status": "ACTIVE", "external_gateway_info": {"network_id": "359bd77e-1cc7-4041-b3a7-2a9ebc88dd91", "enable_snat": true, "external_fixed_ips": [{"subnet_id": "fbff8501-4880-4097-a2e9-b0f8177426bb", "ip_address": "172.24.4.3"}, {"subnet_id": "fb7eb0e3-e048-41e1-9ba7-7f2745c8e55e", "ip_address": "2001:db8::3"}]}, "name": "tempest-router-smoke-997024390", "admin_state_up": true, "tenant_id": "202831d36fc6482d91c5e76e3a38c832", "routes": [], "id": "6dc85346-f9eb-4ed6-bb31-8545d7f1bb27"}}
2015-12-11 05:39:24,076 24485 INFO     [tempest_lib.common.rest_client] Request (TestNetworkBasicOps:_run_cleanups): 200 PUT http://10.0.2.15:9696/v2.0/routers/6dc85346-f9eb-4ed6-bb31-8545d7f1bb27 0.340s
2015-12-11 05:39:24,076 24485 DEBUG    [tempest_lib.common.rest_client] Request - Headers: {'Content-Type': 'application/json', 'Accept': 'application/json', 'X-Auth-Token': '&lt;omitted&gt;'}
        Body: {"router": {"external_gateway_info": {}, "name": "tempest-router-smoke-997024390", "admin_state_up": true}}
    Response - Headers: {'status': '200', 'content-length': '238', 'connection': 'close', 'date': 'Fri, 11 Dec 2015 05:39:24 GMT', 'content-type': 'application/json; charset=UTF-8', 'x-openstack-request-id': 'req-6137869f-f149-4301-a4ab-2c1bea73cee9'}
        Body: {"router": {"status": "ACTIVE", "external_gateway_info": null, "name": "tempest-router-smoke-997024390", "admin_state_up": true, "tenant_id": "202831d36fc6482d91c5e76e3a38c832", "routes": [], "id": "6dc85346-f9eb-4ed6-bb31-8545d7f1bb27"}}
2015-12-11 05:39:24,280 24485 INFO     [tempest_lib.common.rest_client] Request (TestNetworkBasicOps:_run_cleanups): 204 DELETE http://10.0.2.15:9696/v2.0/routers/6dc85346-f9eb-4ed6-bb31-8545d7f1bb27 0.202s
2015-12-11 05:39:24,280 24485 DEBUG    [tempest_lib.common.rest_client] Request - Headers: {'Content-Type': 'application/json', 'Accept': 'application/json', 'X-Auth-Token': '&lt;omitted&gt;'}
        Body: None
    Response - Headers: {'date': 'Fri, 11 Dec 2015 05:39:24 GMT', 'status': '204', 'connection': 'close', 'content-length': '0', 'x-openstack-request-id': 'req-816fad4a-78d2-4037-9f26-d2e6c09208a7'}
        Body: 
2015-12-11 05:39:24,455 24485 INFO     [tempest_lib.common.rest_client] Request (TestNetworkBasicOps:_run_cleanups): 204 DELETE http://10.0.2.15:9696/v2.0/networks/40988290-019f-4b4e-976a-ff2a5dfe5011 0.173s
2015-12-11 05:39:24,456 24485 DEBUG    [tempest_lib.common.rest_client] Request - Headers: {'Content-Type': 'application/json', 'Accept': 'application/json', 'X-Auth-Token': '&lt;omitted&gt;'}
        Body: None
    Response - Headers: {'date': 'Fri, 11 Dec 2015 05:39:24 GMT', 'status': '204', 'connection': 'close', 'content-length': '0', 'x-openstack-request-id': 'req-f076f91e-d533-4c3e-a3bb-38cc0f92232f'}
        Body: 
2015-12-11 05:39:24,512 24485 INFO     [tempest_lib.common.rest_client] Request (TestNetworkBasicOps:_run_cleanups): 204 DELETE http://10.0.2.15:9696/v2.0/security-group-rules/74eae308-07da-4730-b6c0-9babe407e894 0.055s
2015-12-11 05:39:24,513 24485 DEBUG    [tempest_lib.common.rest_client] Request - Headers: {'Content-Type': 'application/json', 'Accept': 'application/json', 'X-Auth-Token': '&lt;omitted&gt;'}
        Body: None
    Response - Headers: {'date': 'Fri, 11 Dec 2015 05:39:24 GMT', 'status': '204', 'connection': 'close', 'content-length': '0', 'x-openstack-request-id': 'req-83feb6c7-d22f-4815-9b0f-eb984752a832'}
        Body: 
2015-12-11 05:39:24,571 24485 INFO     [tempest_lib.common.rest_client] Request (TestNetworkBasicOps:_run_cleanups): 204 DELETE http://10.0.2.15:9696/v2.0/security-group-rules/91e3e4b0-cb4a-4915-88ed-c9a9e0820ccf 0.056s
