<?xml version="1.0" encoding="UTF-8"?>
<!DOCTYPE html PUBLIC "-//W3C//DTD XHTML 1.0 Strict//EN"
     "http://www.w3.org/TR/xhtml1/DTD/xhtml1-strict.dtd">
<html xmlns="http://www.w3.org/1999/xhtml">
<head>
    <title>Unit Test Report</title>
    <meta name="generator" content="subunit2html 0.1"/>
    <meta http-equiv="Content-Type" content="text/html; charset=UTF-8"/>
    
<style type="text/css" media="screen">
body        { font-family: verdana, arial, helvetica, sans-serif;
    font-size: 80%; }
table       { font-size: 100%; width: 100%;}
pre         { font-size: 80%; }

/* -- heading -------------------------------------------------------------- */
h1 {
        font-size: 16pt;
        color: gray;
}
.heading {
    margin-top: 0ex;
    margin-bottom: 1ex;
}

.heading .attribute {
    margin-top: 1ex;
    margin-bottom: 0;
}

.heading .description {
    margin-top: 4ex;
    margin-bottom: 6ex;
}

/* -- css div popup -------------------------------------------------------- */
a.popup_link {
}

a.popup_link:hover {
    color: red;
}

.popup_window {
    display: none;
    overflow-x: scroll;
    /*border: solid #627173 1px; */
    padding: 10px;
    background-color: #E6E6D6;
    font-family: "Ubuntu Mono", "Lucida Console", "Courier New", monospace;
    text-align: left;
    font-size: 8pt;
}

}
/* -- report --------------------------------------------------------------- */
#show_detail_line {
    margin-top: 3ex;
    margin-bottom: 1ex;
}
#result_table {
    width: 100%;
    border-collapse: collapse;
    border: 1px solid #777;
}
#header_row {
    font-weight: bold;
    color: white;
    background-color: #777;
}
#result_table td {
    border: 1px solid #777;
    padding: 2px;
}
#total_row  { font-weight: bold; }
.passClass  { background-color: #6c6; }
.failClass  { background-color: #c60; }
.errorClass { background-color: #c00; }
.passCase   { color: #6c6; }
.failCase   { color: #c60; font-weight: bold; }
.errorCase  { color: #c00; font-weight: bold; }
.hiddenRow  { display: none; }
.testcase   { margin-left: 2em; }
td.testname {width: 40%}
td.small {width: 40px}

/* -- ending --------------------------------------------------------------- */
#ending {
}

</style>

</head>
<body>
<script language="javascript" type="text/javascript"><!--
output_list = Array();

/* level - 0:Summary; 1:Failed; 2:All */
function showCase(level) {
    trs = document.getElementsByTagName("tr");
    for (var i = 0; i < trs.length; i++) {
        tr = trs[i];
        id = tr.id;
        if (id.substr(0,2) == 'ft') {
            if (level < 1) {
                tr.className = 'hiddenRow';
            }
            else {
                tr.className = '';
            }
        }
        if (id.substr(0,2) == 'pt') {
            if (level > 1) {
                tr.className = '';
            }
            else {
                tr.className = 'hiddenRow';
            }
        }
    }
}


function showClassDetail(cid, count) {
    var id_list = Array(count);
    var toHide = 1;
    for (var i = 0; i < count; i++) {
        tid0 = 't' + cid.substr(1) + '.' + (i+1);
        tid = 'f' + tid0;
        tr = document.getElementById(tid);
        if (!tr) {
            tid = 'p' + tid0;
            tr = document.getElementById(tid);
        }
        id_list[i] = tid;
        if (tr.className) {
            toHide = 0;
        }
    }
    for (var i = 0; i < count; i++) {
        tid = id_list[i];
        if (toHide) {
            document.getElementById('div_'+tid).style.display = 'none'
            document.getElementById(tid).className = 'hiddenRow';
        }
        else {
            document.getElementById(tid).className = '';
        }
    }
}


function showTestDetail(div_id){
    var details_div = document.getElementById(div_id)
    var displayState = details_div.style.display
    // alert(displayState)
    if (displayState != 'block' ) {
        displayState = 'block'
        details_div.style.display = 'block'
    }
    else {
        details_div.style.display = 'none'
    }
}


function html_escape(s) {
    s = s.replace(/&/g,'&amp;');
    s = s.replace(/</g,'&lt;');
    s = s.replace(/>/g,'&gt;');
    return s;
}

/* obsoleted by detail in <div>
function showOutput(id, name) {
    var w = window.open("", //url
                    name,
                    "resizable,scrollbars,status,width=800,height=450");
    d = w.document;
    d.write("<pre>");
    d.write(html_escape(output_list[id]));
    d.write("\n");
    d.write("<a href='javascript:window.close()'>close</a>\n");
    d.write("</pre>\n");
    d.close();
}
*/
--></script>

<div class='heading'>
<h1>Unit Test Report</h1>

<p class='attribute'><strong>Status:</strong> Pass 1 Failure 8</p>

<p class='description'></p>
</div>



<p id='show_detail_line'>Show
<a href='javascript:showCase(0)'>Summary</a>
<a href='javascript:showCase(1)'>Failed</a>
<a href='javascript:showCase(2)'>All</a>
</p>
<table id='result_table'>
<colgroup>
<col align='left' />
<col align='right' />
<col align='right' />
<col align='right' />
<col align='right' />
<col align='right' />
<col align='right' />
<col align='right' />
</colgroup>
<tr id='header_row'>
    <td>Test Group/Test case</td>
    <td>Count</td>
    <td>Pass</td>
    <td>Fail</td>
    <td>Error</td>
    <td>Skip</td>
    <td>View</td>
    <td> </td>
</tr>

<tr class='failClass'>
    <td class="testname">tempest.scenario.test_network_basic_ops.TestNetworkBasicOps</td>
    <td class="small">9</td>
    <td class="small">1</td>
    <td class="small">8</td>
    <td class="small">0</td>
    <td class="small">0</td>
    <td class="small"><a href="javascript:showClassDetail('c1',9)"
>Detail</a></td>
    <td> </td>
</tr>

<tr id='ft1.1' class='none'>
    <td class='failCase'><div class='testcase'>test_connectivity_between_vms_on_different_networks[compute,id-1546850e-fbaa-42f5-8b5f-03d8a6a95f15,network]</div></td>
    <td colspan='7' align='left'>

    <!--css div popup start-->
    <a class="popup_link" onfocus='this.blur();'
    href="javascript:showTestDetail('div_ft1.1')" >
        fail</a>

    <div id='div_ft1.1' class="popup_window">
        <div style='text-align: right; color:red;cursor:pointer'>
        <a onfocus='this.blur();'
onclick="document.getElementById('div_ft1.1').style.display = 'none' " >
           [x]</a>
        </div>
        <pre>
        
ft1.1: tempest.scenario.test_network_basic_ops.TestNetworkBasicOps.test_connectivity_between_vms_on_different_networks[compute,id-1546850e-fbaa-42f5-8b5f-03d8a6a95f15,network]_StringException: Empty attachments:
  stderr
  stdout

pythonlogging:'': {{{
2015-12-11 09:44:46,857 24608 INFO     [tempest_lib.common.rest_client] Request (TestNetworkBasicOps:test_connectivity_between_vms_on_different_networks): 201 POST http://10.0.2.15:9696/v2.0/security-groups 0.333s
2015-12-11 09:44:46,858 24608 DEBUG    [tempest_lib.common.rest_client] Request - Headers: {'Content-Type': 'application/json', 'Accept': 'application/json', 'X-Auth-Token': '&lt;omitted&gt;'}
        Body: {"security_group": {"tenant_id": "0a226f8f14414cbcab9eabd49c190e9e", "description": "tempest-secgroup-smoke-1295767255 description", "name": "tempest-secgroup-smoke-1295767255"}}
    Response - Headers: {'status': '201', 'content-length': '888', 'connection': 'close', 'date': 'Fri, 11 Dec 2015 09:44:46 GMT', 'content-type': 'application/json; charset=UTF-8', 'x-openstack-request-id': 'req-c1ce07cf-8b02-47be-bbbf-1a7ee37487ac'}
        Body: {"security_group": {"tenant_id": "0a226f8f14414cbcab9eabd49c190e9e", "description": "tempest-secgroup-smoke-1295767255 description", "id": "2385ce02-4f3c-4d6f-950a-95b78480bc64", "security_group_rules": [{"remote_group_id": null, "direction": "egress", "remote_ip_prefix": null, "protocol": null, "ethertype": "IPv4", "tenant_id": "0a226f8f14414cbcab9eabd49c190e9e", "port_range_max": null, "port_range_min": null, "id": "a1489869-6da2-4f3d-b1be-e23f5d73430d", "security_group_id": "2385ce02-4f3c-4d6f-950a-95b78480bc64"}, {"remote_group_id": null, "direction": "egress", "remote_ip_prefix": null, "protocol": null, "ethertype": "IPv6", "tenant_id": "0a226f8f14414cbcab9eabd49c190e9e", "port_range_max": null, "port_range_min": null, "id": "457fb02f-7f79-40a3-a54e-deb18ef83bd0", "security_group_id": "2385ce02-4f3c-4d6f-950a-95b78480bc64"}], "name": "tempest-secgroup-smoke-1295767255"}}
2015-12-11 09:44:46,973 24608 INFO     [tempest_lib.common.rest_client] Request (TestNetworkBasicOps:test_connectivity_between_vms_on_different_networks): 201 POST http://10.0.2.15:9696/v2.0/security-group-rules 0.114s
2015-12-11 09:44:46,973 24608 DEBUG    [tempest_lib.common.rest_client] Request - Headers: {'Content-Type': 'application/json', 'Accept': 'application/json', 'X-Auth-Token': '&lt;omitted&gt;'}
        Body: {"security_group_rule": {"direction": "ingress", "protocol": "tcp", "tenant_id": "0a226f8f14414cbcab9eabd49c190e9e", "port_range_max": 22, "security_group_id": "2385ce02-4f3c-4d6f-950a-95b78480bc64", "port_range_min": 22}}
    Response - Headers: {'status': '201', 'content-length': '340', 'connection': 'close', 'date': 'Fri, 11 Dec 2015 09:44:46 GMT', 'content-type': 'application/json; charset=UTF-8', 'x-openstack-request-id': 'req-17378b17-68b7-4fe5-8964-9b3a7ee28e19'}
        Body: {"security_group_rule": {"remote_group_id": null, "direction": "ingress", "remote_ip_prefix": null, "protocol": "tcp", "ethertype": "IPv4", "tenant_id": "0a226f8f14414cbcab9eabd49c190e9e", "port_range_max": 22, "port_range_min": 22, "id": "dc9246b2-f183-4a67-8a09-ab7c107f5ba3", "security_group_id": "2385ce02-4f3c-4d6f-950a-95b78480bc64"}}
2015-12-11 09:44:47,088 24608 INFO     [tempest_lib.common.rest_client] Request (TestNetworkBasicOps:test_connectivity_between_vms_on_different_networks): 201 POST http://10.0.2.15:9696/v2.0/security-group-rules 0.113s
2015-12-11 09:44:47,089 24608 DEBUG    [tempest_lib.common.rest_client] Request - Headers: {'Content-Type': 'application/json', 'Accept': 'application/json', 'X-Auth-Token': '&lt;omitted&gt;'}
        Body: {"security_group_rule": {"direction": "egress", "protocol": "tcp", "tenant_id": "0a226f8f14414cbcab9eabd49c190e9e", "port_range_max": 22, "security_group_id": "2385ce02-4f3c-4d6f-950a-95b78480bc64", "port_range_min": 22}}
    Response - Headers: {'status': '201', 'content-length': '339', 'connection': 'close', 'date': 'Fri, 11 Dec 2015 09:44:47 GMT', 'content-type': 'application/json; charset=UTF-8', 'x-openstack-request-id': 'req-05ccc3e6-ec51-4b57-9d65-3c4428b1fafb'}
        Body: {"security_group_rule": {"remote_group_id": null, "direction": "egress", "remote_ip_prefix": null, "protocol": "tcp", "ethertype": "IPv4", "tenant_id": "0a226f8f14414cbcab9eabd49c190e9e", "port_range_max": 22, "port_range_min": 22, "id": "14a37aba-e93e-40e0-8564-4e6b0a738c6e", "security_group_id": "2385ce02-4f3c-4d6f-950a-95b78480bc64"}}
2015-12-11 09:44:47,210 24608 INFO     [tempest_lib.common.rest_client] Request (TestNetworkBasicOps:test_connectivity_between_vms_on_different_networks): 201 POST http://10.0.2.15:9696/v2.0/security-group-rules 0.120s
2015-12-11 09:44:47,211 24608 DEBUG    [tempest_lib.common.rest_client] Request - Headers: {'Content-Type': 'application/json', 'Accept': 'application/json', 'X-Auth-Token': '&lt;omitted&gt;'}
        Body: {"security_group_rule": {"tenant_id": "0a226f8f14414cbcab9eabd49c190e9e", "direction": "ingress", "protocol": "icmp", "security_group_id": "2385ce02-4f3c-4d6f-950a-95b78480bc64"}}
    Response - Headers: {'status': '201', 'content-length': '345', 'connection': 'close', 'date': 'Fri, 11 Dec 2015 09:44:47 GMT', 'content-type': 'application/json; charset=UTF-8', 'x-openstack-request-id': 'req-4bf9f50a-7f4b-4b4e-a31a-787acada1053'}
        Body: {"security_group_rule": {"remote_group_id": null, "direction": "ingress", "remote_ip_prefix": null, "protocol": "icmp", "ethertype": "IPv4", "tenant_id": "0a226f8f14414cbcab9eabd49c190e9e", "port_range_max": null, "port_range_min": null, "id": "fbff49bd-8d0f-4a98-89ce-9028c9a66524", "security_group_id": "2385ce02-4f3c-4d6f-950a-95b78480bc64"}}
2015-12-11 09:44:47,323 24608 INFO     [tempest_lib.common.rest_client] Request (TestNetworkBasicOps:test_connectivity_between_vms_on_different_networks): 201 POST http://10.0.2.15:9696/v2.0/security-group-rules 0.112s
2015-12-11 09:44:47,324 24608 DEBUG    [tempest_lib.common.rest_client] Request - Headers: {'Content-Type': 'application/json', 'Accept': 'application/json', 'X-Auth-Token': '&lt;omitted&gt;'}
        Body: {"security_group_rule": {"tenant_id": "0a226f8f14414cbcab9eabd49c190e9e", "direction": "egress", "protocol": "icmp", "security_group_id": "2385ce02-4f3c-4d6f-950a-95b78480bc64"}}
    Response - Headers: {'status': '201', 'content-length': '344', 'connection': 'close', 'date': 'Fri, 11 Dec 2015 09:44:47 GMT', 'content-type': 'application/json; charset=UTF-8', 'x-openstack-request-id': 'req-c21006a3-96f5-48e3-b344-0c526c24aa1a'}
        Body: {"security_group_rule": {"remote_group_id": null, "direction": "egress", "remote_ip_prefix": null, "protocol": "icmp", "ethertype": "IPv4", "tenant_id": "0a226f8f14414cbcab9eabd49c190e9e", "port_range_max": null, "port_range_min": null, "id": "d2aa3c2b-2281-4d72-b97c-4a1dbf7994a1", "security_group_id": "2385ce02-4f3c-4d6f-950a-95b78480bc64"}}
2015-12-11 09:44:47,571 24608 INFO     [tempest_lib.common.rest_client] Request (TestNetworkBasicOps:test_connectivity_between_vms_on_different_networks): 201 POST http://10.0.2.15:9696/v2.0/security-group-rules 0.246s
2015-12-11 09:44:47,572 24608 DEBUG    [tempest_lib.common.rest_client] Request - Headers: {'Content-Type': 'application/json', 'Accept': 'application/json', 'X-Auth-Token': '&lt;omitted&gt;'}
        Body: {"security_group_rule": {"tenant_id": "0a226f8f14414cbcab9eabd49c190e9e", "direction": "ingress", "security_group_id": "2385ce02-4f3c-4d6f-950a-95b78480bc64", "protocol": "icmp", "ethertype": "IPv6"}}
    Response - Headers: {'status': '201', 'content-length': '345', 'connection': 'close', 'date': 'Fri, 11 Dec 2015 09:44:47 GMT', 'content-type': 'application/json; charset=UTF-8', 'x-openstack-request-id': 'req-ae66613c-81d0-454d-a99c-f1ac77af0a53'}
        Body: {"security_group_rule": {"remote_group_id": null, "direction": "ingress", "remote_ip_prefix": null, "protocol": "icmp", "ethertype": "IPv6", "tenant_id": "0a226f8f14414cbcab9eabd49c190e9e", "port_range_max": null, "port_range_min": null, "id": "53edee9a-63b3-48e4-abef-3797a74f406c", "security_group_id": "2385ce02-4f3c-4d6f-950a-95b78480bc64"}}
2015-12-11 09:44:47,687 24608 INFO     [tempest_lib.common.rest_client] Request (TestNetworkBasicOps:test_connectivity_between_vms_on_different_networks): 201 POST http://10.0.2.15:9696/v2.0/security-group-rules 0.114s
2015-12-11 09:44:47,687 24608 DEBUG    [tempest_lib.common.rest_client] Request - Headers: {'Content-Type': 'application/json', 'Accept': 'application/json', 'X-Auth-Token': '&lt;omitted&gt;'}
        Body: {"security_group_rule": {"tenant_id": "0a226f8f14414cbcab9eabd49c190e9e", "direction": "egress", "security_group_id": "2385ce02-4f3c-4d6f-950a-95b78480bc64", "protocol": "icmp", "ethertype": "IPv6"}}
    Response - Headers: {'status': '201', 'content-length': '344', 'connection': 'close', 'date': 'Fri, 11 Dec 2015 09:44:47 GMT', 'content-type': 'application/json; charset=UTF-8', 'x-openstack-request-id': 'req-49e115c0-4fa7-48f8-ae78-05552cc0f1ac'}
        Body: {"security_group_rule": {"remote_group_id": null, "direction": "egress", "remote_ip_prefix": null, "protocol": "icmp", "ethertype": "IPv6", "tenant_id": "0a226f8f14414cbcab9eabd49c190e9e", "port_range_max": null, "port_range_min": null, "id": "eb6ee6db-8ea4-4596-815c-2eb17a4b129b", "security_group_id": "2385ce02-4f3c-4d6f-950a-95b78480bc64"}}
2015-12-11 09:44:47,821 24608 INFO     [tempest_lib.common.rest_client] Request (TestNetworkBasicOps:test_connectivity_between_vms_on_different_networks): 201 POST http://10.0.2.15:9696/v2.0/networks 0.131s
2015-12-11 09:44:47,822 24608 DEBUG    [tempest_lib.common.rest_client] Request - Headers: {'Content-Type': 'application/json', 'Accept': 'application/json', 'X-Auth-Token': '&lt;omitted&gt;'}
        Body: {"network": {"tenant_id": "0a226f8f14414cbcab9eabd49c190e9e", "name": "tempest-network-smoke--1742972576"}}
    Response - Headers: {'status': '201', 'content-length': '296', 'connection': 'close', 'date': 'Fri, 11 Dec 2015 09:44:47 GMT', 'content-type': 'application/json; charset=UTF-8', 'x-openstack-request-id': 'req-6c3a6d3d-106a-44c1-b628-bdee9504acc1'}
        Body: {"network": {"status": "ACTIVE", "subnets": [], "name": "tempest-network-smoke--1742972576", "admin_state_up": true, "tenant_id": "0a226f8f14414cbcab9eabd49c190e9e", "mtu": 0, "router:external": false, "shared": false, "port_security_enabled": true, "id": "38c0a40b-3d86-4816-bf0f-ef2523de7e11"}}
2015-12-11 09:44:47,897 24608 INFO     [tempest_lib.common.rest_client] Request (TestNetworkBasicOps:test_connectivity_between_vms_on_different_networks): 201 POST http://10.0.2.15:9696/v2.0/routers 0.073s
2015-12-11 09:44:47,897 24608 DEBUG    [tempest_lib.common.rest_client] Request - Headers: {'Content-Type': 'application/json', 'Accept': 'application/json', 'X-Auth-Token': '&lt;omitted&gt;'}
        Body: {"router": {"tenant_id": "0a226f8f14414cbcab9eabd49c190e9e", "name": "tempest-router-smoke-692689188", "admin_state_up": true}}
    Response - Headers: {'status': '201', 'content-length': '238', 'connection': 'close', 'date': 'Fri, 11 Dec 2015 09:44:47 GMT', 'content-type': 'application/json; charset=UTF-8', 'x-openstack-request-id': 'req-35a78a7b-3760-4ff4-b351-a94cfe73995b'}
        Body: {"router": {"status": "ACTIVE", "external_gateway_info": null, "name": "tempest-router-smoke-692689188", "admin_state_up": true, "tenant_id": "0a226f8f14414cbcab9eabd49c190e9e", "routes": [], "id": "2d730aa2-c0b3-48e0-b5cf-688ab0787030"}}
2015-12-11 09:44:48,034 24608 INFO     [tempest_lib.common.rest_client] Request (TestNetworkBasicOps:test_connectivity_between_vms_on_different_networks): 200 GET http://10.0.2.15:9696/v2.0/routers/2d730aa2-c0b3-48e0-b5cf-688ab0787030 0.136s
2015-12-11 09:44:48,035 24608 DEBUG    [tempest_lib.common.rest_client] Request - Headers: {'Content-Type': 'application/json', 'Accept': 'application/json', 'X-Auth-Token': '&lt;omitted&gt;'}
        Body: None
    Response - Headers: {'status': '200', 'content-length': '238', 'content-location': 'http://10.0.2.15:9696/v2.0/routers/2d730aa2-c0b3-48e0-b5cf-688ab0787030', 'connection': 'close', 'date': 'Fri, 11 Dec 2015 09:44:48 GMT', 'content-type': 'application/json; charset=UTF-8', 'x-openstack-request-id': 'req-4740cacb-b392-4e1a-9596-d402119d9eba'}
        Body: {"router": {"status": "ACTIVE", "external_gateway_info": null, "name": "tempest-router-smoke-692689188", "admin_state_up": true, "tenant_id": "0a226f8f14414cbcab9eabd49c190e9e", "routes": [], "id": "2d730aa2-c0b3-48e0-b5cf-688ab0787030"}}
2015-12-11 09:44:48,559 24608 INFO     [tempest_lib.common.rest_client] Request (TestNetworkBasicOps:test_connectivity_between_vms_on_different_networks): 200 PUT http://10.0.2.15:9696/v2.0/routers/2d730aa2-c0b3-48e0-b5cf-688ab0787030 0.523s
2015-12-11 09:44:48,560 24608 DEBUG    [tempest_lib.common.rest_client] Request - Headers: {'Content-Type': 'application/json', 'Accept': 'application/json', 'X-Auth-Token': '&lt;omitted&gt;'}
        Body: {"router": {"external_gateway_info": {"network_id": "5f100300-2779-4f30-bd3a-e51c06c54a90"}, "name": "tempest-router-smoke-692689188", "admin_state_up": true}}
    Response - Headers: {'status': '200', 'content-length': '500', 'connection': 'close', 'date': 'Fri, 11 Dec 2015 09:44:48 GMT', 'content-type': 'application/json; charset=UTF-8', 'x-openstack-request-id': 'req-99d67d8c-82d3-4690-9493-fc66db733b61'}
        Body: {"router": {"status": "ACTIVE", "external_gateway_info": {"network_id": "5f100300-2779-4f30-bd3a-e51c06c54a90", "enable_snat": true, "external_fixed_ips": [{"subnet_id": "b6cef61b-c337-4048-8cee-36f7abd52c93", "ip_address": "172.24.4.3"}, {"subnet_id": "264392d9-6480-4805-984d-bc409147f7b5", "ip_address": "2001:db8::3"}]}, "name": "tempest-router-smoke-692689188", "admin_state_up": true, "tenant_id": "0a226f8f14414cbcab9eabd49c190e9e", "routes": [], "id": "2d730aa2-c0b3-48e0-b5cf-688ab0787030"}}
2015-12-11 09:44:48,723 24608 INFO     [tempest_lib.common.rest_client] Request (TestNetworkBasicOps:test_connectivity_between_vms_on_different_networks): 200 GET http://10.0.2.15:9696/v2.0/subnets?tenant_id=0a226f8f14414cbcab9eabd49c190e9e&amp;cidr=10.100.0.0%2F28 0.161s
2015-12-11 09:44:48,724 24608 DEBUG    [tempest_lib.common.rest_client] Request - Headers: {'Content-Type': 'application/json', 'Accept': 'application/json', 'X-Auth-Token': '&lt;omitted&gt;'}
        Body: None
    Response - Headers: {'status': '200', 'content-length': '15', 'content-location': 'http://10.0.2.15:9696/v2.0/subnets?tenant_id=0a226f8f14414cbcab9eabd49c190e9e&amp;cidr=10.100.0.0%2F28', 'connection': 'close', 'date': 'Fri, 11 Dec 2015 09:44:48 GMT', 'content-type': 'application/json; charset=UTF-8', 'x-openstack-request-id': 'req-9b265968-abba-4c0c-884d-e0ea4eec62ae'}
        Body: {"subnets": []}
2015-12-11 09:44:49,008 24608 INFO     [tempest_lib.common.rest_client] Request (TestNetworkBasicOps:test_connectivity_between_vms_on_different_networks): 201 POST http://10.0.2.15:9696/v2.0/subnets 0.283s
2015-12-11 09:44:49,009 24608 DEBUG    [tempest_lib.common.rest_client] Request - Headers: {'Content-Type': 'application/json', 'Accept': 'application/json', 'X-Auth-Token': '&lt;omitted&gt;'}
        Body: {"subnet": {"ip_version": 4, "tenant_id": "0a226f8f14414cbcab9eabd49c190e9e", "cidr": "10.100.0.0/28", "network_id": "38c0a40b-3d86-4816-bf0f-ef2523de7e11", "name": "tempest-subnet-smoke-1293018395"}}
    Response - Headers: {'status': '201', 'content-length': '478', 'connection': 'close', 'date': 'Fri, 11 Dec 2015 09:44:49 GMT', 'content-type': 'application/json; charset=UTF-8', 'x-openstack-request-id': 'req-678980f7-2b2a-405e-86ca-35f45fbab44d'}
        Body: {"subnet": {"name": "tempest-subnet-smoke-1293018395", "enable_dhcp": true, "network_id": "38c0a40b-3d86-4816-bf0f-ef2523de7e11", "tenant_id": "0a226f8f14414cbcab9eabd49c190e9e", "dns_nameservers": [], "gateway_ip": "10.100.0.1", "ipv6_ra_mode": null, "allocation_pools": [{"start": "10.100.0.2", "end": "10.100.0.14"}], "host_routes": [], "ip_version": 4, "ipv6_address_mode": null, "cidr": "10.100.0.0/28", "id": "e5b3d470-c6f9-4e70-ae2a-184dcc4e1a51", "subnetpool_id": null}}
2015-12-11 09:44:49,603 24608 INFO     [tempest_lib.common.rest_client] Request (TestNetworkBasicOps:test_connectivity_between_vms_on_different_networks): 200 PUT http://10.0.2.15:9696/v2.0/routers/2d730aa2-c0b3-48e0-b5cf-688ab0787030/add_router_interface 0.593s
2015-12-11 09:44:49,604 24608 DEBUG    [tempest_lib.common.rest_client] Request - Headers: {'Content-Type': 'application/json', 'Accept': 'application/json', 'X-Auth-Token': '&lt;omitted&gt;'}
        Body: {"subnet_id": "e5b3d470-c6f9-4e70-ae2a-184dcc4e1a51"}
    Response - Headers: {'status': '200', 'content-length': '255', 'connection': 'close', 'date': 'Fri, 11 Dec 2015 09:44:49 GMT', 'content-type': 'application/json; charset=UTF-8', 'x-openstack-request-id': 'req-468431b3-f2d5-4523-98e9-ee7171ce5fb4'}
        Body: {"subnet_id": "e5b3d470-c6f9-4e70-ae2a-184dcc4e1a51", "tenant_id": "0a226f8f14414cbcab9eabd49c190e9e", "subnet_ids": ["e5b3d470-c6f9-4e70-ae2a-184dcc4e1a51"], "port_id": "5b5012e8-cea2-4a13-90f5-3dee10026688", "id": "2d730aa2-c0b3-48e0-b5cf-688ab0787030"}
2015-12-11 09:44:49,817 24608 INFO     [tempest_lib.common.rest_client] Request (TestNetworkBasicOps:test_connectivity_between_vms_on_different_networks): 200 GET http://10.0.2.15:9696/v2.0/networks 0.212s
2015-12-11 09:44:49,817 24608 DEBUG    [tempest_lib.common.rest_client] Request - Headers: {'Content-Type': 'application/json', 'Accept': 'application/json', 'X-Auth-Token': '&lt;omitted&gt;'}
        Body: None
    Response - Headers: {'status': '200', 'content-length': '1318', 'content-location': 'http://10.0.2.15:9696/v2.0/networks', 'connection': 'close', 'date': 'Fri, 11 Dec 2015 09:44:49 GMT', 'content-type': 'application/json; charset=UTF-8', 'x-openstack-request-id': 'req-9e218c36-7f18-4a79-ba5a-47aea02de659'}
        Body: {"networks": [{"status": "ACTIVE", "subnets": ["b6cef61b-c337-4048-8cee-36f7abd52c93", "264392d9-6480-4805-984d-bc409147f7b5"], "name": "public", "provider:physical_network": null, "admin_state_up": true, "tenant_id": "553510d398894f3cb7471f695083fa99", "mtu": 0, "router:external": true, "shared": false, "port_security_enabled": true, "provider:network_type": "vxlan", "id": "5f100300-2779-4f30-bd3a-e51c06c54a90", "provider:segmentation_id": 1076}, {"status": "ACTIVE", "subnets": ["319a75c8-ab6e-4d17-9e1d-7706eeb6fa83", "9655f25d-8ced-4cfe-83e2-111e9c1ec9a7"], "name": "private", "provider:physical_network": null, "admin_state_up": true, "tenant_id": "8c110b97f381406b8de007202b803dc8", "mtu": 0, "router:external": false, "shared": false, "port_security_enabled": true, "provider:network_type": "vxlan", "id": "4f1902c2-66e6-4dc0-862a-dfb99ac9c7d6", "provider:segmentation_id": 1054}, {"status": "ACTIVE", "subnets": ["e5b3d470-c6f9-4e70-ae2a-184dcc4e1a51"], "name": "tempest-network-smoke--1742972576", "provider:physical_network": null, "admin_state_up": true, "tenant_id": "0a226f8f14414cbcab9eabd49c190e9e", "mtu": 0, "router:external": false, "shared": false, "port_security_enabled": true, "provider:network_type": "vxlan", "id": "38c0a40b-3d86-4816-bf0f-ef2523de7e11", "provider:segmentation_id": 1082}]}
2015-12-11 09:44:49,891 24608 INFO     [tempest_lib.common.rest_client] Request (TestNetworkBasicOps:test_connectivity_between_vms_on_different_networks): 200 GET http://10.0.2.15:9696/v2.0/subnets 0.072s
2015-12-11 09:44:49,891 24608 DEBUG    [tempest_lib.common.rest_client] Request - Headers: {'Content-Type': 'application/json', 'Accept': 'application/json', 'X-Auth-Token': '&lt;omitted&gt;'}
        Body: None
    Response - Headers: {'status': '200', 'content-length': '2408', 'content-location': 'http://10.0.2.15:9696/v2.0/subnets', 'connection': 'close', 'date': 'Fri, 11 Dec 2015 09:44:49 GMT', 'content-type': 'application/json; charset=UTF-8', 'x-openstack-request-id': 'req-1acc585f-1a85-46d9-9fb8-6f6b40bad630'}
        Body: {"subnets": [{"name": "public-subnet", "enable_dhcp": false, "network_id": "5f100300-2779-4f30-bd3a-e51c06c54a90", "tenant_id": "553510d398894f3cb7471f695083fa99", "dns_nameservers": [], "gateway_ip": "172.24.4.1", "ipv6_ra_mode": null, "allocation_pools": [{"start": "172.24.4.2", "end": "172.24.4.254"}], "host_routes": [], "ip_version": 4, "ipv6_address_mode": null, "cidr": "172.24.4.0/24", "id": "b6cef61b-c337-4048-8cee-36f7abd52c93", "subnetpool_id": null}, {"name": "ipv6-public-subnet", "enable_dhcp": false, "network_id": "5f100300-2779-4f30-bd3a-e51c06c54a90", "tenant_id": "553510d398894f3cb7471f695083fa99", "dns_nameservers": [], "gateway_ip": "2001:db8::2", "ipv6_ra_mode": null, "allocation_pools": [{"start": "2001:db8::1", "end": "2001:db8::1"}, {"start": "2001:db8::3", "end": "2001:db8::ffff:ffff:ffff:ffff"}], "host_routes": [], "ip_version": 6, "ipv6_address_mode": null, "cidr": "2001:db8::/64", "id": "264392d9-6480-4805-984d-bc409147f7b5", "subnetpool_id": null}, {"name": "tempest-subnet-smoke-1293018395", "enable_dhcp": true, "network_id": "38c0a40b-3d86-4816-bf0f-ef2523de7e11", "tenant_id": "0a226f8f14414cbcab9eabd49c190e9e", "dns_nameservers": [], "gateway_ip": "10.100.0.1", "ipv6_ra_mode": null, "allocation_pools": [{"start": "10.100.0.2", "end": "10.100.0.14"}], "host_routes": [], "ip_version": 4, "ipv6_address_mode": null, "cidr": "10.100.0.0/28", "id": "e5b3d470-c6f9-4e70-ae2a-184dcc4e1a51", "subnetpool_id": null}, {"name": "ipv6-private-subnet", "enable_dhcp": true, "network_id": "4f1902c2-66e6-4dc0-862a-dfb99ac9c7d6", "tenant_id": "8c110b97f381406b8de007202b803dc8", "dns_nameservers": [], "gateway_ip": "fd80:70a7:d8b4::1", "ipv6_ra_mode": "slaac", "allocation_pools": [{"start": "fd80:70a7:d8b4::2", "end": "fd80:70a7:d8b4:0:ffff:ffff:ffff:ffff"}], "host_routes": [], "ip_version": 6, "ipv6_address_mode": "slaac", "cidr": "fd80:70a7:d8b4::/64", "id": "319a75c8-ab6e-4d17-9e1d-7706eeb6fa83", "subnetpool_id": null}, {"name": "private-subnet", "enable_dhcp": true, "network_id": "4f1902c2-66e6-4dc0-862a-dfb99ac9c7d6", "tenant_id": "8c110b97f381406b8de007202b803dc8", "dns_nameservers": [], "gateway_ip": "10.0.0.1", "ipv6_ra_mode": null, "allocation_pools": [{"start": "10.0.0.2", "end": "10.0.0.254"}], "host_routes": [], "ip_version": 4, "ipv6_address_mode": null, "cidr": "10.0.0.0/24", "id": "9655f25d-8ced-4cfe-83e2-111e9c1ec9a7", "subnetpool_id": null}]}
2015-12-11 09:44:49,942 24608 INFO     [tempest_lib.common.rest_client] Request (TestNetworkBasicOps:test_connectivity_between_vms_on_different_networks): 200 GET http://10.0.2.15:9696/v2.0/routers 0.048s
2015-12-11 09:44:49,942 24608 DEBUG    [tempest_lib.common.rest_client] Request - Headers: {'Content-Type': 'application/json', 'Accept': 'application/json', 'X-Auth-Token': '&lt;omitted&gt;'}
        Body: None
    Response - Headers: {'status': '200', 'content-length': '1040', 'content-location': 'http://10.0.2.15:9696/v2.0/routers', 'connection': 'close', 'date': 'Fri, 11 Dec 2015 09:44:49 GMT', 'content-type': 'application/json; charset=UTF-8', 'x-openstack-request-id': 'req-b7511564-c968-4f0e-bdfb-cbaec106d7b3'}
        Body: {"routers": [{"status": "ACTIVE", "external_gateway_info": {"network_id": "5f100300-2779-4f30-bd3a-e51c06c54a90", "enable_snat": true, "external_fixed_ips": [{"subnet_id": "b6cef61b-c337-4048-8cee-36f7abd52c93", "ip_address": "172.24.4.2"}, {"subnet_id": "264392d9-6480-4805-984d-bc409147f7b5", "ip_address": "2001:db8::1"}]}, "name": "router1", "admin_state_up": true, "tenant_id": "8c110b97f381406b8de007202b803dc8", "distributed": false, "routes": [], "ha": false, "id": "0829187b-89bf-495b-bd6f-8f365dc283f3"}, {"status": "ACTIVE", "external_gateway_info": {"network_id": "5f100300-2779-4f30-bd3a-e51c06c54a90", "enable_snat": true, "external_fixed_ips": [{"subnet_id": "b6cef61b-c337-4048-8cee-36f7abd52c93", "ip_address": "172.24.4.3"}, {"subnet_id": "264392d9-6480-4805-984d-bc409147f7b5", "ip_address": "2001:db8::3"}]}, "name": "tempest-router-smoke-692689188", "admin_state_up": true, "tenant_id": "0a226f8f14414cbcab9eabd49c190e9e", "distributed": false, "routes": [], "ha": false, "id": "2d730aa2-c0b3-48e0-b5cf-688ab0787030"}]}
2015-12-11 09:44:50,673 24608 INFO     [tempest_lib.common.rest_client] Request (TestNetworkBasicOps:test_connectivity_between_vms_on_different_networks): 200 POST http://10.0.2.15:8774/v2.1/0a226f8f14414cbcab9eabd49c190e9e/os-keypairs 0.730s
2015-12-11 09:44:50,674 24608 DEBUG    [tempest_lib.common.rest_client] Request - Headers: {'Content-Type': 'application/json', 'Accept': 'application/json', 'X-Auth-Token': '&lt;omitted&gt;'}
        Body: {"keypair": {"name": "tempest-TestNetworkBasicOps-2005832906"}}
    Response - Headers: {'status': '200', 'content-length': '2325', 'x-compute-request-id': 'req-77878c6d-859a-445f-bc7e-c0b6e6a019b8', 'vary': 'X-OpenStack-Nova-API-Version', 'connection': 'close', 'x-openstack-nova-api-version': '2.1', 'date': 'Fri, 11 Dec 2015 09:44:50 GMT', 'content-type': 'application/json'}
        Body: {"keypair": {"public_key": "ssh-rsa AAAAB3NzaC1yc2EAAAADAQABAAABAQDfd7QsxXDr7zurSTxf0N/OjBkksbzre/u/CEcUHPENyXUwUUw5qknsyIkjFaPLtorsEUBOePubPWwN1srA22QLrPKxLscvZ2fc0ij7s7Q725dhv382BjOn7i4vZ0zREgP8Lsz4gI7BURMFqLo+GjbxGjIphhJMbHQVqhYwlot9msINxoHz9Ds1dtpKjiLbnsoiu55xYn9D6VL1w1RuY8xoOFvO2Tr2XBlsm3MrIPNOKMGublflYNhBj+2p2amFE0b5KRaPPvIf0RtCQeG5CgbWC93I1AUBj5uMM5+CTG+Hc+0PBAdivWwK+Ov6/9wbake1IU9rLX7+/g7nzOvLMxl3 Generated-by-Nova", "private_key": "-----BEGIN RSA PRIVATE KEY-----\nMIIEqwIBAAKCAQEA33e0LMVw6+87q0k8X9DfzowZJLG863v7vwhHFBzxDcl1MFFM\nOapJ7MiJIxWjy7aK7BFATnj7mz1sDdbKwNtkC6zysS7HL2dn3NIo+7O0O9uXYb9/\nNgYzp+4uL2dM0RID/C7M+ICOwVETBai6Pho28RoyKYYSTGx0FaoWMJaLfZrCDcaB\n8/Q7NXbaSo4i257KIruecWJ/Q+lS9cNUbmPMaDhbztk69lwZbJtzKyDzTijBrm5X\n5WDYQY/tqdmphRNG+SkWjz7yH9EbQkHhuQoG1gvdyNQFAY+bjDOfgkxvh3PtDwQH\nYr1sCvjr+v/cG2pHtSFPay1+/v4O58zryzMZdwIDAQABAoIBAQCIehnu0fKiFSxy\n8rpNpkpZYdSlRWukwcbBJ7QJQ5ewnN3WUYBlI2wckWi3paqwal6zx+FnS5oWeE+6\nr/iKCjMyskBSF8iMWfHjufJPrrOfbwAoMYTmoKkBoYRRbRxL/12xsX97MUB+Lh6Y\n8TA1Z1swqpgCJiCczgujg4ojyH2OikYdvvlBe8HH3pimi2CHDGtNBhlG+oUTMSHv\nsOUAWrTVeSycW4HFyCh3nueI/XiIvOfDJMMShBhdRUmVf/+y09riqX2s9/P4QK35\n781OUlXJyMQy8aialaBNxaB98OdykpsXqAz7tj7PvYP7owC75zd1p8/Rizhwmt+9\npYm2moUBAoIAgQDlkQHNIAH+7/3ssNarcL28bItlfvpoAujuV4LE4EGxqDQKxkes\nhtQnjSJp/CtfC4oReBuH/5lFCDOFQm7qKUwZWgEthQzj6s5IWyw0ZlcP4uMyjxRZ\na9xEBj7Kq9XCqbNcg0c/hziV+qPj2uyetyWekmB+Fnlc2Ly9+lsl7KQLgQKCAIEA\n+TLraJdOPyOg83OvlGoMSCsV5qYnnmjhGLluDRThMlgBSMd7a0MfwJl8QIdaHVNC\nbDw0VxTqxEQqgdRWUUCfm6R2URZJTiwT+5v6U4DRCbcGyG58EuQ1w3QJA/dcsTTA\nEwQnb7PyAznfQezMahz1oR2xNVsN/AsNChUCIN7sAPcCggCBANFz+3O/d3K2XzTc\nqBCl/cd0Nb82GpxZw1LrL1oXznicolcOUAjev6UShUq0FJJUgfWsY1ozYBF3CSLV\n2UL2yQL8dsSkd31gGDQ2U1+/3EGXXnobx5JK8h5yoEnkfFVu5kJLWO9incNherUD\nYw7wxXcn0LhaIwMOkS64xP8WKRqBAoIAgQCkjac9bYxRzSkfGak7i7uIfEr9/4Hx\n7LeXJ/sv0DXUlKBkerVY4v44pCGUSsyKyMv3xNmbF0jfSVP4X0qQZOgAUt1+NgU6\nBYk8gIcQVOO0UpO8DpkHsIKACkNZxyICMh8Tb47LCDwrPS/bzI4/E9hvB7hYz0Ow\nx2tY2P6KzilxiQKCAIEAiDBRQAy4zSd9/hMBdaegGutV8lIwOEgdowRkJhRaU+BR\ncPAkInbwI/4j49guHhp43Cl/RWjIg1yIlrZ5/GyTVRymdsgVy9629NIRnePChuSw\nCtVjhiP/vpXFg8aVt1HnBVtq/9kRXBCtqAs4NarmMypxmevN3YH0xC4v8DGazZg=\n-----END RSA PRIVATE KEY-----\n", "user_id": "f3b86e92b2134f0395997acdb0a563dd", "name": "tempest-TestNetworkBasicOps-2005832906", "fingerprint": "a7:0f:cd:dc:30:ac:51:f8:e9:98:e7:72:5e:25:ec:27"}}
2015-12-11 09:44:50,790 24608 INFO     [tempest_lib.common.rest_client] Request (TestNetworkBasicOps:test_connectivity_between_vms_on_different_networks): 200 POST http://10.0.2.15:5000/v2.0/tokens
2015-12-11 09:44:50,790 24608 DEBUG    [tempest_lib.common.rest_client] Request - Headers: {'Content-Type': 'application/json', 'Accept': 'application/json'}
        Body: &lt;omitted&gt;
    Response - Headers: {'status': '200', 'content-length': '2526', 'vary': 'X-Auth-Token', 'server': 'Apache/2.4.7 (Ubuntu)', 'connection': 'close', 'date': 'Fri, 11 Dec 2015 09:44:50 GMT', 'content-type': 'application/json', 'x-openstack-request-id': 'req-cc97a7bf-6c5c-4d0a-9611-a9105e56f38c'}
        Body: {"access": {"token": {"issued_at": "2015-12-11T09:44:50.775792", "expires": "2015-12-11T10:44:50Z", "id": "296a203580ab48239a1858d7227a99bf", "tenant": {"description": "tempest-TestNetworkBasicOps-782888587-desc", "enabled": true, "id": "0a226f8f14414cbcab9eabd49c190e9e", "name": "tempest-TestNetworkBasicOps-782888587"}, "audit_ids": ["m7eF7wkNTvKz854dfge-ig"]}, "serviceCatalog": [{"endpoints": [{"adminURL": "http://10.0.2.15:8774/v2.1/0a226f8f14414cbcab9eabd49c190e9e", "region": "RegionOne", "internalURL": "http://10.0.2.15:8774/v2.1/0a226f8f14414cbcab9eabd49c190e9e", "id": "05b807a783004a539153d821445715ba", "publicURL": "http://10.0.2.15:8774/v2.1/0a226f8f14414cbcab9eabd49c190e9e"}], "endpoints_links": [], "type": "compute", "name": "nova"}, {"endpoints": [{"adminURL": "http://10.0.2.15:9696/", "region": "RegionOne", "internalURL": "http://10.0.2.15:9696/", "id": "a7daec8203134091b638be84882ef81f", "publicURL": "http://10.0.2.15:9696/"}], "endpoints_links": [], "type": "network", "name": "neutron"}, {"endpoints": [{"adminURL": "http://10.0.2.15:9292", "region": "RegionOne", "internalURL": "http://10.0.2.15:9292", "id": "23358bdb8c84451aa8d3d75dd1849f63", "publicURL": "http://10.0.2.15:9292"}], "endpoints_links": [], "type": "image", "name": "glance"}, {"endpoints": [{"adminURL": "http://10.0.2.15:8774/v2/0a226f8f14414cbcab9eabd49c190e9e", "region": "RegionOne", "internalURL": "http://10.0.2.15:8774/v2/0a226f8f14414cbcab9eabd49c190e9e", "id": "6dec1a0f0f0644bfa862c89b202b25bb", "publicURL": "http://10.0.2.15:8774/v2/0a226f8f14414cbcab9eabd49c190e9e"}], "endpoints_links": [], "type": "compute_legacy", "name": "nova_legacy"}, {"endpoints": [{"adminURL": "http://10.0.2.15:8773/", "region": "RegionOne", "internalURL": "http://10.0.2.15:8773/", "id": "31af6a5ac2ec46ee82577c6d52bad120", "publicURL": "http://10.0.2.15:8773/"}], "endpoints_links": [], "type": "ec2", "name": "ec2"}, {"endpoints": [{"adminURL": "http://10.0.2.15:35357/v2.0", "region": "RegionOne", "internalURL": "http://10.0.2.15:5000/v2.0", "id": "0fd54e534b1649e4b29dc72fd13b67b0", "publicURL": "http://10.0.2.15:5000/v2.0"}], "endpoints_links": [], "type": "identity", "name": "keystone"}], "user": {"username": "tempest-TestNetworkBasicOps-553620609", "roles_links": [], "id": "f3b86e92b2134f0395997acdb0a563dd", "roles": [{"name": "Member"}, {"name": "_member_"}], "name": "tempest-TestNetworkBasicOps-553620609"}, "metadata": {"is_admin": 0, "roles": ["77ec7aae404747438d4247d7ff8ed101", "9fe2ff9ee4384b1894a90878d3e92bab"]}}}
2015-12-11 09:44:50,799 24608 DEBUG    [tempest.common.fixed_network] (TestNetworkBasicOps:test_connectivity_between_vms_on_different_networks) No valid network provided or created, defaulting to fixed_network_name
2015-12-11 09:44:51,197 24608 INFO     [tempest_lib.common.rest_client] Request (TestNetworkBasicOps:test_connectivity_between_vms_on_different_networks): 200 GET http://10.0.2.15:8774/v2.1/0a226f8f14414cbcab9eabd49c190e9e/os-networks 0.397s
2015-12-11 09:44:51,198 24608 DEBUG    [tempest_lib.common.rest_client] Request - Headers: {'Content-Type': 'application/json', 'Accept': 'application/json', 'X-Auth-Token': '&lt;omitted&gt;'}
        Body: None
    Response - Headers: {'status': '200', 'content-length': '479', 'content-location': 'http://10.0.2.15:8774/v2.1/0a226f8f14414cbcab9eabd49c190e9e/os-networks', 'x-compute-request-id': 'req-ecf07a77-624b-46af-b5bd-7ef37c5fd52b', 'vary': 'X-OpenStack-Nova-API-Version', 'connection': 'close', 'x-openstack-nova-api-version': '2.1', 'date': 'Fri, 11 Dec 2015 09:44:51 GMT', 'content-type': 'application/json'}
        Body: {"networks": [{"cidr_v6": null, "dns2": null, "dns1": null, "gateway": null, "broadcast": null, "netmask": null, "gateway_v6": null, "cidr": null, "label": "public", "id": "5f100300-2779-4f30-bd3a-e51c06c54a90", "netmask_v6": null}, {"cidr_v6": null, "dns2": null, "dns1": null, "gateway": null, "broadcast": null, "netmask": null, "gateway_v6": null, "cidr": null, "label": "tempest-network-smoke--1742972576", "id": "38c0a40b-3d86-4816-bf0f-ef2523de7e11", "netmask_v6": null}]}
2015-12-11 09:44:51,198 24608 WARNING  [tempest.common.fixed_network] (TestNetworkBasicOps:test_connectivity_between_vms_on_different_networks) Network with name: private not found
2015-12-11 09:44:51,198 24608 INFO     [tempest.common.fixed_network] (TestNetworkBasicOps:test_connectivity_between_vms_on_different_networks) Found network {} available for tenant
2015-12-11 09:44:52,238 24608 INFO     [tempest_lib.common.rest_client] Request (TestNetworkBasicOps:test_connectivity_between_vms_on_different_networks): 202 POST http://10.0.2.15:8774/v2.1/0a226f8f14414cbcab9eabd49c190e9e/servers 1.038s
2015-12-11 09:44:52,238 24608 DEBUG    [tempest_lib.common.rest_client] Request - Headers: {'Content-Type': 'application/json', 'Accept': 'application/json', 'X-Auth-Token': '&lt;omitted&gt;'}
        Body: {"server": {"name": "tempest.common.compute-instance-1515683280", "imageRef": "07874e49-b99e-489e-a240-8000654c5440", "key_name": "tempest-TestNetworkBasicOps-2005832906", "flavorRef": "42", "networks": [{"uuid": "38c0a40b-3d86-4816-bf0f-ef2523de7e11"}], "security_groups": [{"name": "tempest-secgroup-smoke-1295767255"}]}}
    Response - Headers: {'status': '202', 'content-length': '462', 'x-compute-request-id': 'req-7376e0f1-8381-48a9-978e-b5afb8142be8', 'vary': 'X-OpenStack-Nova-API-Version', 'connection': 'close', 'location': 'http://10.0.2.15:8774/v2.1/0a226f8f14414cbcab9eabd49c190e9e/servers/656973cd-c30a-4ab4-a6d9-d1b1a2af59dc', 'x-openstack-nova-api-version': '2.1', 'date': 'Fri, 11 Dec 2015 09:44:52 GMT', 'content-type': 'application/json'}
        Body: {"server": {"security_groups": [{"name": "tempest-secgroup-smoke-1295767255"}], "OS-DCF:diskConfig": "MANUAL", "id": "656973cd-c30a-4ab4-a6d9-d1b1a2af59dc", "links": [{"href": "http://10.0.2.15:8774/v2.1/0a226f8f14414cbcab9eabd49c190e9e/servers/656973cd-c30a-4ab4-a6d9-d1b1a2af59dc", "rel": "self"}, {"href": "http://10.0.2.15:8774/0a226f8f14414cbcab9eabd49c190e9e/servers/656973cd-c30a-4ab4-a6d9-d1b1a2af59dc", "rel": "bookmark"}], "adminPass": "sGmYL8xyGxXV"}}
2015-12-11 09:44:52,375 24608 INFO     [tempest_lib.common.rest_client] Request (TestNetworkBasicOps:test_connectivity_between_vms_on_different_networks): 200 GET http://10.0.2.15:8774/v2.1/0a226f8f14414cbcab9eabd49c190e9e/servers/656973cd-c30a-4ab4-a6d9-d1b1a2af59dc 0.133s
2015-12-11 09:44:52,375 24608 DEBUG    [tempest_lib.common.rest_client] Request - Headers: {'Content-Type': 'application/json', 'Accept': 'application/json', 'X-Auth-Token': '&lt;omitted&gt;'}
        Body: None
    Response - Headers: {'status': '200', 'content-length': '1356', 'content-location': 'http://10.0.2.15:8774/v2.1/0a226f8f14414cbcab9eabd49c190e9e/servers/656973cd-c30a-4ab4-a6d9-d1b1a2af59dc', 'x-compute-request-id': 'req-4c911db1-a5a2-4cb0-b354-c10bb665b642', 'vary': 'X-OpenStack-Nova-API-Version', 'connection': 'close', 'x-openstack-nova-api-version': '2.1', 'date': 'Fri, 11 Dec 2015 09:44:52 GMT', 'content-type': 'application/json'}
        Body: {"server": {"status": "BUILD", "updated": "2015-12-11T09:44:52Z", "hostId": "", "addresses": {}, "links": [{"href": "http://10.0.2.15:8774/v2.1/0a226f8f14414cbcab9eabd49c190e9e/servers/656973cd-c30a-4ab4-a6d9-d1b1a2af59dc", "rel": "self"}, {"href": "http://10.0.2.15:8774/0a226f8f14414cbcab9eabd49c190e9e/servers/656973cd-c30a-4ab4-a6d9-d1b1a2af59dc", "rel": "bookmark"}], "key_name": "tempest-TestNetworkBasicOps-2005832906", "image": {"id": "07874e49-b99e-489e-a240-8000654c5440", "links": [{"href": "http://10.0.2.15:8774/0a226f8f14414cbcab9eabd49c190e9e/images/07874e49-b99e-489e-a240-8000654c5440", "rel": "bookmark"}]}, "OS-EXT-STS:task_state": "scheduling", "OS-EXT-STS:vm_state": "building", "OS-SRV-USG:launched_at": null, "flavor": {"id": "42", "links": [{"href": "http://10.0.2.15:8774/0a226f8f14414cbcab9eabd49c190e9e/flavors/42", "rel": "bookmark"}]}, "id": "656973cd-c30a-4ab4-a6d9-d1b1a2af59dc", "OS-SRV-USG:terminated_at": null, "OS-EXT-AZ:availability_zone": "", "user_id": "f3b86e92b2134f0395997acdb0a563dd", "name": "tempest.common.compute-instance-1515683280", "created": "2015-12-11T09:44:52Z", "tenant_id": "0a226f8f14414cbcab9eabd49c190e9e", "OS-DCF:diskConfig": "MANUAL", "os-extended-volumes:volumes_attached": [], "accessIPv4": "", "accessIPv6": "", "progress": 0, "OS-EXT-STS:power_state": 0, "config_drive": "", "metadata": {}}}
2015-12-11 09:44:53,834 24608 INFO     [tempest_lib.common.rest_client] Request (TestNetworkBasicOps:test_connectivity_between_vms_on_different_networks): 200 GET http://10.0.2.15:8774/v2.1/0a226f8f14414cbcab9eabd49c190e9e/servers/656973cd-c30a-4ab4-a6d9-d1b1a2af59dc 0.446s
2015-12-11 09:44:53,834 24608 DEBUG    [tempest_lib.common.rest_client] Request - Headers: {'Content-Type': 'application/json', 'Accept': 'application/json', 'X-Auth-Token': '&lt;omitted&gt;'}
        Body: None
    Response - Headers: {'status': '200', 'content-length': '1482', 'content-location': 'http://10.0.2.15:8774/v2.1/0a226f8f14414cbcab9eabd49c190e9e/servers/656973cd-c30a-4ab4-a6d9-d1b1a2af59dc', 'x-compute-request-id': 'req-49b11ab3-1f90-4337-9ad6-d76178e58105', 'vary': 'X-OpenStack-Nova-API-Version', 'connection': 'close', 'x-openstack-nova-api-version': '2.1', 'date': 'Fri, 11 Dec 2015 09:44:53 GMT', 'content-type': 'application/json'}
        Body: {"server": {"status": "BUILD", "updated": "2015-12-11T09:44:53Z", "hostId": "c7ff1b54a3bc459ddc30c72592052e33959aecc631fbdade24ed721c", "addresses": {}, "links": [{"href": "http://10.0.2.15:8774/v2.1/0a226f8f14414cbcab9eabd49c190e9e/servers/656973cd-c30a-4ab4-a6d9-d1b1a2af59dc", "rel": "self"}, {"href": "http://10.0.2.15:8774/0a226f8f14414cbcab9eabd49c190e9e/servers/656973cd-c30a-4ab4-a6d9-d1b1a2af59dc", "rel": "bookmark"}], "key_name": "tempest-TestNetworkBasicOps-2005832906", "image": {"id": "07874e49-b99e-489e-a240-8000654c5440", "links": [{"href": "http://10.0.2.15:8774/0a226f8f14414cbcab9eabd49c190e9e/images/07874e49-b99e-489e-a240-8000654c5440", "rel": "bookmark"}]}, "OS-EXT-STS:task_state": "spawning", "OS-EXT-STS:vm_state": "building", "OS-SRV-USG:launched_at": null, "flavor": {"id": "42", "links": [{"href": "http://10.0.2.15:8774/0a226f8f14414cbcab9eabd49c190e9e/flavors/42", "rel": "bookmark"}]}, "id": "656973cd-c30a-4ab4-a6d9-d1b1a2af59dc", "security_groups": [{"name": "tempest-secgroup-smoke-1295767255"}], "OS-SRV-USG:terminated_at": null, "OS-EXT-AZ:availability_zone": "nova", "user_id": "f3b86e92b2134f0395997acdb0a563dd", "name": "tempest.common.compute-instance-1515683280", "created": "2015-12-11T09:44:52Z", "tenant_id": "0a226f8f14414cbcab9eabd49c190e9e", "OS-DCF:diskConfig": "MANUAL", "os-extended-volumes:volumes_attached": [], "accessIPv4": "", "accessIPv6": "", "progress": 0, "OS-EXT-STS:power_state": 0, "config_drive": "", "metadata": {}}}
2015-12-11 09:44:53,850 24608 INFO     [tempest.common.waiters] State transition "BUILD/scheduling" ==&gt; "BUILD/spawning" after 1 second wait
2015-12-11 09:44:55,066 24608 INFO     [tempest_lib.common.rest_client] Request (TestNetworkBasicOps:test_connectivity_between_vms_on_different_networks): 200 GET http://10.0.2.15:8774/v2.1/0a226f8f14414cbcab9eabd49c190e9e/servers/656973cd-c30a-4ab4-a6d9-d1b1a2af59dc 0.214s
2015-12-11 09:44:55,067 24608 DEBUG    [tempest_lib.common.rest_client] Request - Headers: {'Content-Type': 'application/json', 'Accept': 'application/json', 'X-Auth-Token': '&lt;omitted&gt;'}
        Body: None
    Response - Headers: {'status': '200', 'content-length': '1482', 'content-location': 'http://10.0.2.15:8774/v2.1/0a226f8f14414cbcab9eabd49c190e9e/servers/656973cd-c30a-4ab4-a6d9-d1b1a2af59dc', 'x-compute-request-id': 'req-b4e344e1-93bb-4593-a2e5-817bc1484c22', 'vary': 'X-OpenStack-Nova-API-Version', 'connection': 'close', 'x-openstack-nova-api-version': '2.1', 'date': 'Fri, 11 Dec 2015 09:44:55 GMT', 'content-type': 'application/json'}
        Body: {"server": {"status": "BUILD", "updated": "2015-12-11T09:44:53Z", "hostId": "c7ff1b54a3bc459ddc30c72592052e33959aecc631fbdade24ed721c", "addresses": {}, "links": [{"href": "http://10.0.2.15:8774/v2.1/0a226f8f14414cbcab9eabd49c190e9e/servers/656973cd-c30a-4ab4-a6d9-d1b1a2af59dc", "rel": "self"}, {"href": "http://10.0.2.15:8774/0a226f8f14414cbcab9eabd49c190e9e/servers/656973cd-c30a-4ab4-a6d9-d1b1a2af59dc", "rel": "bookmark"}], "key_name": "tempest-TestNetworkBasicOps-2005832906", "image": {"id": "07874e49-b99e-489e-a240-8000654c5440", "links": [{"href": "http://10.0.2.15:8774/0a226f8f14414cbcab9eabd49c190e9e/images/07874e49-b99e-489e-a240-8000654c5440", "rel": "bookmark"}]}, "OS-EXT-STS:task_state": "spawning", "OS-EXT-STS:vm_state": "building", "OS-SRV-USG:launched_at": null, "flavor": {"id": "42", "links": [{"href": "http://10.0.2.15:8774/0a226f8f14414cbcab9eabd49c190e9e/flavors/42", "rel": "bookmark"}]}, "id": "656973cd-c30a-4ab4-a6d9-d1b1a2af59dc", "security_groups": [{"name": "tempest-secgroup-smoke-1295767255"}], "OS-SRV-USG:terminated_at": null, "OS-EXT-AZ:availability_zone": "nova", "user_id": "f3b86e92b2134f0395997acdb0a563dd", "name": "tempest.common.compute-instance-1515683280", "created": "2015-12-11T09:44:52Z", "tenant_id": "0a226f8f14414cbcab9eabd49c190e9e", "OS-DCF:diskConfig": "MANUAL", "os-extended-volumes:volumes_attached": [], "accessIPv4": "", "accessIPv6": "", "progress": 0, "OS-EXT-STS:power_state": 0, "config_drive": "", "metadata": {}}}
2015-12-11 09:44:56,251 24608 INFO     [tempest_lib.common.rest_client] Request (TestNetworkBasicOps:test_connectivity_between_vms_on_different_networks): 200 GET http://10.0.2.15:8774/v2.1/0a226f8f14414cbcab9eabd49c190e9e/servers/656973cd-c30a-4ab4-a6d9-d1b1a2af59dc 0.174s
2015-12-11 09:44:56,252 24608 DEBUG    [tempest_lib.common.rest_client] Request - Headers: {'Content-Type': 'application/json', 'Accept': 'application/json', 'X-Auth-Token': '&lt;omitted&gt;'}
        Body: None
    Response - Headers: {'status': '200', 'content-length': '1654', 'content-location': 'http://10.0.2.15:8774/v2.1/0a226f8f14414cbcab9eabd49c190e9e/servers/656973cd-c30a-4ab4-a6d9-d1b1a2af59dc', 'x-compute-request-id': 'req-194cc1e1-d027-4366-8fea-b1e290d587ff', 'vary': 'X-OpenStack-Nova-API-Version', 'connection': 'close', 'x-openstack-nova-api-version': '2.1', 'date': 'Fri, 11 Dec 2015 09:44:56 GMT', 'content-type': 'application/json'}
        Body: {"server": {"status": "ACTIVE", "updated": "2015-12-11T09:44:55Z", "hostId": "c7ff1b54a3bc459ddc30c72592052e33959aecc631fbdade24ed721c", "addresses": {"tempest-network-smoke--1742972576": [{"OS-EXT-IPS-MAC:mac_addr": "fa:16:3e:2d:6c:4b", "version": 4, "addr": "10.100.0.3", "OS-EXT-IPS:type": "fixed"}]}, "links": [{"href": "http://10.0.2.15:8774/v2.1/0a226f8f14414cbcab9eabd49c190e9e/servers/656973cd-c30a-4ab4-a6d9-d1b1a2af59dc", "rel": "self"}, {"href": "http://10.0.2.15:8774/0a226f8f14414cbcab9eabd49c190e9e/servers/656973cd-c30a-4ab4-a6d9-d1b1a2af59dc", "rel": "bookmark"}], "key_name": "tempest-TestNetworkBasicOps-2005832906", "image": {"id": "07874e49-b99e-489e-a240-8000654c5440", "links": [{"href": "http://10.0.2.15:8774/0a226f8f14414cbcab9eabd49c190e9e/images/07874e49-b99e-489e-a240-8000654c5440", "rel": "bookmark"}]}, "OS-EXT-STS:task_state": null, "OS-EXT-STS:vm_state": "active", "OS-SRV-USG:launched_at": "2015-12-11T09:44:55.000000", "flavor": {"id": "42", "links": [{"href": "http://10.0.2.15:8774/0a226f8f14414cbcab9eabd49c190e9e/flavors/42", "rel": "bookmark"}]}, "id": "656973cd-c30a-4ab4-a6d9-d1b1a2af59dc", "security_groups": [{"name": "tempest-secgroup-smoke-1295767255"}], "OS-SRV-USG:terminated_at": null, "OS-EXT-AZ:availability_zone": "nova", "user_id": "f3b86e92b2134f0395997acdb0a563dd", "name": "tempest.common.compute-instance-1515683280", "created": "2015-12-11T09:44:52Z", "tenant_id": "0a226f8f14414cbcab9eabd49c190e9e", "OS-DCF:diskConfig": "MANUAL", "os-extended-volumes:volumes_attached": [], "accessIPv4": "", "accessIPv6": "", "progress": 0, "OS-EXT-STS:power_state": 1, "config_drive": "True", "metadata": {}}}
2015-12-11 09:44:56,260 24608 INFO     [tempest.common.waiters] State transition "BUILD/spawning" ==&gt; "ACTIVE/None" after 4 second wait
2015-12-11 09:44:56,433 24608 INFO     [tempest_lib.common.rest_client] Request (TestNetworkBasicOps:test_connectivity_between_vms_on_different_networks): 200 GET http://10.0.2.15:8774/v2.1/0a226f8f14414cbcab9eabd49c190e9e/servers/656973cd-c30a-4ab4-a6d9-d1b1a2af59dc 0.173s
2015-12-11 09:44:56,434 24608 DEBUG    [tempest_lib.common.rest_client] Request - Headers: {'Content-Type': 'application/json', 'Accept': 'application/json', 'X-Auth-Token': '&lt;omitted&gt;'}
        Body: None
    Response - Headers: {'status': '200', 'content-length': '1654', 'content-location': 'http://10.0.2.15:8774/v2.1/0a226f8f14414cbcab9eabd49c190e9e/servers/656973cd-c30a-4ab4-a6d9-d1b1a2af59dc', 'x-compute-request-id': 'req-1d020c9c-5fda-40f5-b354-94ed72a043ef', 'vary': 'X-OpenStack-Nova-API-Version', 'connection': 'close', 'x-openstack-nova-api-version': '2.1', 'date': 'Fri, 11 Dec 2015 09:44:56 GMT', 'content-type': 'application/json'}
        Body: {"server": {"status": "ACTIVE", "updated": "2015-12-11T09:44:55Z", "hostId": "c7ff1b54a3bc459ddc30c72592052e33959aecc631fbdade24ed721c", "addresses": {"tempest-network-smoke--1742972576": [{"OS-EXT-IPS-MAC:mac_addr": "fa:16:3e:2d:6c:4b", "version": 4, "addr": "10.100.0.3", "OS-EXT-IPS:type": "fixed"}]}, "links": [{"href": "http://10.0.2.15:8774/v2.1/0a226f8f14414cbcab9eabd49c190e9e/servers/656973cd-c30a-4ab4-a6d9-d1b1a2af59dc", "rel": "self"}, {"href": "http://10.0.2.15:8774/0a226f8f14414cbcab9eabd49c190e9e/servers/656973cd-c30a-4ab4-a6d9-d1b1a2af59dc", "rel": "bookmark"}], "key_name": "tempest-TestNetworkBasicOps-2005832906", "image": {"id": "07874e49-b99e-489e-a240-8000654c5440", "links": [{"href": "http://10.0.2.15:8774/0a226f8f14414cbcab9eabd49c190e9e/images/07874e49-b99e-489e-a240-8000654c5440", "rel": "bookmark"}]}, "OS-EXT-STS:task_state": null, "OS-EXT-STS:vm_state": "active", "OS-SRV-USG:launched_at": "2015-12-11T09:44:55.000000", "flavor": {"id": "42", "links": [{"href": "http://10.0.2.15:8774/0a226f8f14414cbcab9eabd49c190e9e/flavors/42", "rel": "bookmark"}]}, "id": "656973cd-c30a-4ab4-a6d9-d1b1a2af59dc", "security_groups": [{"name": "tempest-secgroup-smoke-1295767255"}], "OS-SRV-USG:terminated_at": null, "OS-EXT-AZ:availability_zone": "nova", "user_id": "f3b86e92b2134f0395997acdb0a563dd", "name": "tempest.common.compute-instance-1515683280", "created": "2015-12-11T09:44:52Z", "tenant_id": "0a226f8f14414cbcab9eabd49c190e9e", "OS-DCF:diskConfig": "MANUAL", "os-extended-volumes:volumes_attached": [], "accessIPv4": "", "accessIPv6": "", "progress": 0, "OS-EXT-STS:power_state": 1, "config_drive": "True", "metadata": {}}}
2015-12-11 09:44:56,442 24608 INFO     [tempest.scenario.manager] Tenant networks not configured to be reachable.
2015-12-11 09:44:56,477 24608 INFO     [tempest_lib.common.rest_client] Request (TestNetworkBasicOps:test_connectivity_between_vms_on_different_networks): 200 GET http://10.0.2.15:9696/v2.0/ports?status=ACTIVE&amp;fixed_ip=None&amp;device_id=656973cd-c30a-4ab4-a6d9-d1b1a2af59dc 0.035s
2015-12-11 09:44:56,478 24608 DEBUG    [tempest_lib.common.rest_client] Request - Headers: {'Content-Type': 'application/json', 'Accept': 'application/json', 'X-Auth-Token': '&lt;omitted&gt;'}
        Body: None
    Response - Headers: {'status': '200', 'content-length': '895', 'content-location': 'http://10.0.2.15:9696/v2.0/ports?status=ACTIVE&amp;fixed_ip=None&amp;device_id=656973cd-c30a-4ab4-a6d9-d1b1a2af59dc', 'connection': 'close', 'date': 'Fri, 11 Dec 2015 09:44:56 GMT', 'content-type': 'application/json; charset=UTF-8', 'x-openstack-request-id': 'req-d001676c-82df-49b9-8628-e7fccc2f05fa'}
        Body: {"ports": [{"status": "ACTIVE", "binding:host_id": "vagrant-ubuntu-trusty-64", "allowed_address_pairs": [], "extra_dhcp_opts": [], "dns_assignment": [{"hostname": "host-10-100-0-3", "ip_address": "10.100.0.3", "fqdn": "host-10-100-0-3.openstacklocal."}], "device_owner": "compute:None", "port_security_enabled": true, "binding:profile": {}, "fixed_ips": [{"subnet_id": "e5b3d470-c6f9-4e70-ae2a-184dcc4e1a51", "ip_address": "10.100.0.3"}], "id": "999a2643-c074-4df5-be8e-a0d3b540193d", "security_groups": ["2385ce02-4f3c-4d6f-950a-95b78480bc64"], "device_id": "656973cd-c30a-4ab4-a6d9-d1b1a2af59dc", "name": "", "admin_state_up": true, "network_id": "38c0a40b-3d86-4816-bf0f-ef2523de7e11", "dns_name": "", "binding:vif_details": {"port_filter": true}, "binding:vnic_type": "normal", "binding:vif_type": "ovs", "tenant_id": "0a226f8f14414cbcab9eabd49c190e9e", "mac_address": "fa:16:3e:2d:6c:4b"}]}
2015-12-11 09:44:56,887 24608 INFO     [tempest_lib.common.rest_client] Request (TestNetworkBasicOps:test_connectivity_between_vms_on_different_networks): 201 POST http://10.0.2.15:9696/v2.0/floatingips 0.408s
2015-12-11 09:44:56,887 24608 DEBUG    [tempest_lib.common.rest_client] Request - Headers: {'Content-Type': 'application/json', 'Accept': 'application/json', 'X-Auth-Token': '&lt;omitted&gt;'}
        Body: {"floatingip": {"floating_network_id": "5f100300-2779-4f30-bd3a-e51c06c54a90", "tenant_id": "0a226f8f14414cbcab9eabd49c190e9e", "fixed_ip_address": "10.100.0.3", "port_id": "999a2643-c074-4df5-be8e-a0d3b540193d"}}
    Response - Headers: {'status': '201', 'content-length': '367', 'connection': 'close', 'date': 'Fri, 11 Dec 2015 09:44:56 GMT', 'content-type': 'application/json; charset=UTF-8', 'x-openstack-request-id': 'req-7f55442d-92e1-4a9a-8f94-d322cd1461cb'}
        Body: {"floatingip": {"floating_network_id": "5f100300-2779-4f30-bd3a-e51c06c54a90", "router_id": "2d730aa2-c0b3-48e0-b5cf-688ab0787030", "fixed_ip_address": "10.100.0.3", "floating_ip_address": "172.24.4.4", "tenant_id": "0a226f8f14414cbcab9eabd49c190e9e", "status": "DOWN", "port_id": "999a2643-c074-4df5-be8e-a0d3b540193d", "id": "afa0b423-e9eb-4905-8beb-3f59250167df"}}
2015-12-11 09:44:56,900 24608 INFO     [tempest_lib.common.rest_client] Request (TestNetworkBasicOps:test_connectivity_between_vms_on_different_networks): 200 GET http://10.0.2.15:9696/v2.0/floatingips/afa0b423-e9eb-4905-8beb-3f59250167df 0.012s
2015-12-11 09:44:56,900 24608 DEBUG    [tempest_lib.common.rest_client] Request - Headers: {'Content-Type': 'application/json', 'Accept': 'application/json', 'X-Auth-Token': '&lt;omitted&gt;'}
        Body: None
    Response - Headers: {'status': '200', 'content-length': '367', 'content-location': 'http://10.0.2.15:9696/v2.0/floatingips/afa0b423-e9eb-4905-8beb-3f59250167df', 'connection': 'close', 'date': 'Fri, 11 Dec 2015 09:44:56 GMT', 'content-type': 'application/json; charset=UTF-8', 'x-openstack-request-id': 'req-eb036215-19b2-4b7b-ba06-4f71e2b33263'}
        Body: {"floatingip": {"floating_network_id": "5f100300-2779-4f30-bd3a-e51c06c54a90", "router_id": "2d730aa2-c0b3-48e0-b5cf-688ab0787030", "fixed_ip_address": "10.100.0.3", "floating_ip_address": "172.24.4.4", "tenant_id": "0a226f8f14414cbcab9eabd49c190e9e", "status": "DOWN", "port_id": "999a2643-c074-4df5-be8e-a0d3b540193d", "id": "afa0b423-e9eb-4905-8beb-3f59250167df"}}
2015-12-11 09:44:57,914 24608 INFO     [tempest_lib.common.rest_client] Request (TestNetworkBasicOps:test_connectivity_between_vms_on_different_networks): 200 GET http://10.0.2.15:9696/v2.0/floatingips/afa0b423-e9eb-4905-8beb-3f59250167df 0.012s
2015-12-11 09:44:57,914 24608 DEBUG    [tempest_lib.common.rest_client] Request - Headers: {'Content-Type': 'application/json', 'Accept': 'application/json', 'X-Auth-Token': '&lt;omitted&gt;'}
        Body: None
    Response - Headers: {'status': '200', 'content-length': '369', 'content-location': 'http://10.0.2.15:9696/v2.0/floatingips/afa0b423-e9eb-4905-8beb-3f59250167df', 'connection': 'close', 'date': 'Fri, 11 Dec 2015 09:44:57 GMT', 'content-type': 'application/json; charset=UTF-8', 'x-openstack-request-id': 'req-a368a68a-7467-4d33-8df1-bba46a9c6ed3'}
        Body: {"floatingip": {"floating_network_id": "5f100300-2779-4f30-bd3a-e51c06c54a90", "router_id": "2d730aa2-c0b3-48e0-b5cf-688ab0787030", "fixed_ip_address": "10.100.0.3", "floating_ip_address": "172.24.4.4", "tenant_id": "0a226f8f14414cbcab9eabd49c190e9e", "status": "ACTIVE", "port_id": "999a2643-c074-4df5-be8e-a0d3b540193d", "id": "afa0b423-e9eb-4905-8beb-3f59250167df"}}
2015-12-11 09:44:57,915 24608 INFO     [tempest.scenario.manager] FloatingIP: &lt;"FloatingIP" addr="172.24.4.4" id="afa0b423-e9eb-4905-8beb-3f59250167df"&gt; is at status: ACTIVE
2015-12-11 09:44:57,915 24608 DEBUG    [tempest.scenario.manager] checking network connections to IP 172.24.4.4 with user: cirros
2015-12-11 09:44:57,915 24608 DEBUG    [tempest.scenario.manager] TestNetworkBasicOps:test_connectivity_between_vms_on_different_networks begins to ping 172.24.4.4 in 120 sec and the expected result is reachable
2015-12-11 09:46:58,248 24608 DEBUG    [tempest.scenario.manager] TestNetworkBasicOps:test_connectivity_between_vms_on_different_networks finishes ping 172.24.4.4 in 120 sec and the ping result is unexpected
2015-12-11 09:46:58,249 24608 ERROR    [tempest.scenario.manager] Public network connectivity check failed
2015-12-11 09:46:58.249 24608 ERROR tempest.scenario.manager Traceback (most recent call last):
2015-12-11 09:46:58.249 24608 ERROR tempest.scenario.manager   File "tempest/scenario/manager.py", line 606, in check_public_network_connectivity
2015-12-11 09:46:58.249 24608 ERROR tempest.scenario.manager     should_connect=should_connect)
2015-12-11 09:46:58.249 24608 ERROR tempest.scenario.manager   File "tempest/scenario/manager.py", line 590, in check_vm_connectivity
2015-12-11 09:46:58.249 24608 ERROR tempest.scenario.manager     msg=msg)
2015-12-11 09:46:58.249 24608 ERROR tempest.scenario.manager   File "/usr/local/lib/python2.7/dist-packages/unittest2/case.py", line 702, in assertTrue
2015-12-11 09:46:58.249 24608 ERROR tempest.scenario.manager     raise self.failureException(msg)
2015-12-11 09:46:58.249 24608 ERROR tempest.scenario.manager AssertionError: False is not true : Timed out waiting for 172.24.4.4 to become reachable
2015-12-11 09:46:58.249 24608 ERROR tempest.scenario.manager 
2015-12-11 09:46:58,472 24608 INFO     [tempest_lib.common.rest_client] Request (TestNetworkBasicOps:test_connectivity_between_vms_on_different_networks): 200 POST http://10.0.2.15:8774/v2.1/0a226f8f14414cbcab9eabd49c190e9e/servers/656973cd-c30a-4ab4-a6d9-d1b1a2af59dc/action 0.218s
2015-12-11 09:46:58,473 24608 DEBUG    [tempest_lib.common.rest_client] Request - Headers: {'Content-Type': 'application/json', 'Accept': 'application/json', 'X-Auth-Token': '&lt;omitted&gt;'}
        Body: {"os-getConsoleOutput": {}}
    Response - Headers: {'status': '200', 'content-length': '17471', 'x-compute-request-id': 'req-73316edd-d61a-4a2c-a13a-c1017dcd5dfc', 'vary': 'X-OpenStack-Nova-API-Version', 'connection': 'close', 'x-openstack-nova-api-version': '2.1', 'date': 'Fri, 11 Dec 2015 09:46:58 GMT', 'content-type': 'application/json'}
        Body: {"output": "[    0.000000] Initializing cgroup subsys cpuset\n[    0.000000] Initializing cgroup subsys cpu\n[    0.000000] Linux version 3.2.0-80-virtual (buildd@batsu) (gcc version 4.6.3 (Ubuntu/Linaro 4.6.3-1ubuntu5) ) #116-Ubuntu SMP Mon Mar 23 17:28:52 UTC 2015 (Ubuntu 3.2.0-80.116-virtual 3.2.68)\n[    0.000000] Command line: root=/dev/vda console=tty0 console=ttyS0 no_timer_check\n[    0.000000] KERNEL supported cpus:\n[    0.000000]   Intel GenuineIntel\n[    0.000000]   AMD AuthenticAMD\n[    0.000000]   Centaur CentaurHauls\n[    0.000000] BIOS-provided physical RAM map:\n[    0.000000]  BIOS-e820: 0000000000000000 - 000000000009fc00 (usable)\n[    0.000000]  BIOS-e820: 000000000009fc00 - 00000000000a0000 (reserved)\n[    0.000000]  BIOS-e820: 00000000000f0000 - 0000000000100000 (reserved)\n[    0.000000]  BIOS-e820: 0000000000100000 - 0000000003ffe000 (usable)\n[    0.000000]  BIOS-e820: 0000000003ffe000 - 0000000004000000 (reserved)\n[    0.000000]  BIOS-e820: 00000000fffc0000 - 0000000100000000 (reserved)\n[    0.000000] NX (Execute Disable) protection: active\n[    0.000000] SMBIOS 2.4 present.\n[    0.000000] No AGP bridge found\n[    0.000000] last_pfn = 0x3ffe max_arch_pfn = 0x400000000\n[    0.000000] x86 PAT enabled: cpu 0, old 0x7040600070406, new 0x7010600070106\n[    0.000000] found SMP MP-table at [ffff8800000f0b00] f0b00\n[    0.000000] init_memory_mapping: 0000000000000000-0000000003ffe000\n[    0.000000] RAMDISK: 03c5e000 - 03ff0000\n[    0.000000] ACPI: RSDP 00000000000f0950 00014 (v00 BOCHS )\n[    0.000000] ACPI: RSDT 0000000003fffbc1 00034 (v01 BOCHS  BXPCRSDT 00000001 BXPC 00000001)\n[    0.000000] ACPI: FACP 0000000003fff1c0 00074 (v01 BOCHS  BXPCFACP 00000001 BXPC 00000001)\n[    0.000000] ACPI: DSDT 0000000003ffe040 01180 (v01 BOCHS  BXPCDSDT 00000001 BXPC 00000001)\n[    0.000000] ACPI: FACS 0000000003ffe000 00040\n[    0.000000] ACPI: SSDT 0000000003fff234 008DD (v01 BOCHS  BXPCSSDT 00000001 BXPC 00000001)\n[    0.000000] ACPI: APIC 0000000003fffb11 00078 (v01 BOCHS  BXPCAPIC 00000001 BXPC 00000001)\n[    0.000000] ACPI: HPET 0000000003fffb89 00038 (v01 BOCHS  BXPCHPET 00000001 BXPC 00000001)\n[    0.000000] No NUMA configuration found\n[    0.000000] Faking a node at 0000000000000000-0000000003ffe000\n[    0.000000] Initmem setup node 0 0000000000000000-0000000003ffe000\n[    0.000000]   NODE_DATA [0000000003ff6000 - 0000000003ffafff]\n[    0.000000] Zone PFN ranges:\n[    0.000000]   DMA      0x00000010 -&gt; 0x00001000\n[    0.000000]   DMA32    0x00001000 -&gt; 0x00100000\n[    0.000000]   Normal   empty\n[    0.000000] Movable zone start PFN for each node\n[    0.000000] early_node_map[2] active PFN ranges\n[    0.000000]     0: 0x00000010 -&gt; 0x0000009f\n[    0.000000]     0: 0x00000100 -&gt; 0x00003ffe\n[    0.000000] ACPI: PM-Timer IO Port: 0xb008\n[    0.000000] ACPI: LAPIC (acpi_id[0x00] lapic_id[0x00] enabled)\n[    0.000000] ACPI: LAPIC_NMI (acpi_id[0xff] dfl dfl lint[0x1])\n[    0.000000] ACPI: IOAPIC (id[0x00] address[0xfec00000] gsi_base[0])\n[    0.000000] IOAPIC[0]: apic_id 0, version 17, address 0xfec00000, GSI 0-23\n[    0.000000] ACPI: INT_SRC_OVR (bus 0 bus_irq 0 global_irq 2 dfl dfl)\n[    0.000000] ACPI: INT_SRC_OVR (bus 0 bus_irq 5 global_irq 5 high level)\n[    0.000000] ACPI: INT_SRC_OVR (bus 0 bus_irq 9 global_irq 9 high level)\n[    0.000000] ACPI: INT_SRC_OVR (bus 0 bus_irq 10 global_irq 10 high level)\n[    0.000000] ACPI: INT_SRC_OVR (bus 0 bus_irq 11 global_irq 11 high level)\n[    0.000000] Using ACPI (MADT) for SMP configuration information\n[    0.000000] ACPI: HPET id: 0x8086a201 base: 0xfed00000\n[    0.000000] SMP: Allowing 1 CPUs, 0 hotplug CPUs\n[    0.000000] PM: Registered nosave memory: 000000000009f000 - 00000000000a0000\n[    0.000000] PM: Registered nosave memory: 00000000000a0000 - 00000000000f0000\n[    0.000000] PM: Registered nosave memory: 00000000000f0000 - 0000000000100000\n[    0.000000] Allocating PCI resources starting at 4000000 (gap: 4000000:fbfc0000)\n[    0.000000] Booting paravirtualized kernel on bare hardware\n[    0.000000] setup_pe
2015-12-11 09:46:58,475 24608 DEBUG    [tempest.scenario.manager] Console output for 656973cd-c30a-4ab4-a6d9-d1b1a2af59dc
body=
[    0.000000] Initializing cgroup subsys cpuset
[    0.000000] Initializing cgroup subsys cpu
[    0.000000] Linux version 3.2.0-80-virtual (buildd@batsu) (gcc version 4.6.3 (Ubuntu/Linaro 4.6.3-1ubuntu5) ) #116-Ubuntu SMP Mon Mar 23 17:28:52 UTC 2015 (Ubuntu 3.2.0-80.116-virtual 3.2.68)
[    0.000000] Command line: root=/dev/vda console=tty0 console=ttyS0 no_timer_check
[    0.000000] KERNEL supported cpus:
[    0.000000]   Intel GenuineIntel
[    0.000000]   AMD AuthenticAMD
[    0.000000]   Centaur CentaurHauls
[    0.000000] BIOS-provided physical RAM map:
[    0.000000]  BIOS-e820: 0000000000000000 - 000000000009fc00 (usable)
[    0.000000]  BIOS-e820: 000000000009fc00 - 00000000000a0000 (reserved)
[    0.000000]  BIOS-e820: 00000000000f0000 - 0000000000100000 (reserved)
[    0.000000]  BIOS-e820: 0000000000100000 - 0000000003ffe000 (usable)
[    0.000000]  BIOS-e820: 0000000003ffe000 - 0000000004000000 (reserved)
[    0.000000]  BIOS-e820: 00000000fffc0000 - 0000000100000000 (reserved)
[    0.000000] NX (Execute Disable) protection: active
[    0.000000] SMBIOS 2.4 present.
[    0.000000] No AGP bridge found
[    0.000000] last_pfn = 0x3ffe max_arch_pfn = 0x400000000
[    0.000000] x86 PAT enabled: cpu 0, old 0x7040600070406, new 0x7010600070106
[    0.000000] found SMP MP-table at [ffff8800000f0b00] f0b00
[    0.000000] init_memory_mapping: 0000000000000000-0000000003ffe000
[    0.000000] RAMDISK: 03c5e000 - 03ff0000
[    0.000000] ACPI: RSDP 00000000000f0950 00014 (v00 BOCHS )
[    0.000000] ACPI: RSDT 0000000003fffbc1 00034 (v01 BOCHS  BXPCRSDT 00000001 BXPC 00000001)
[    0.000000] ACPI: FACP 0000000003fff1c0 00074 (v01 BOCHS  BXPCFACP 00000001 BXPC 00000001)
[    0.000000] ACPI: DSDT 0000000003ffe040 01180 (v01 BOCHS  BXPCDSDT 00000001 BXPC 00000001)
[    0.000000] ACPI: FACS 0000000003ffe000 00040
[    0.000000] ACPI: SSDT 0000000003fff234 008DD (v01 BOCHS  BXPCSSDT 00000001 BXPC 00000001)
[    0.000000] ACPI: APIC 0000000003fffb11 00078 (v01 BOCHS  BXPCAPIC 00000001 BXPC 00000001)
[    0.000000] ACPI: HPET 0000000003fffb89 00038 (v01 BOCHS  BXPCHPET 00000001 BXPC 00000001)
[    0.000000] No NUMA configuration found
[    0.000000] Faking a node at 0000000000000000-0000000003ffe000
[    0.000000] Initmem setup node 0 0000000000000000-0000000003ffe000
[    0.000000]   NODE_DATA [0000000003ff6000 - 0000000003ffafff]
[    0.000000] Zone PFN ranges:
[    0.000000]   DMA      0x00000010 -&gt; 0x00001000
[    0.000000]   DMA32    0x00001000 -&gt; 0x00100000
[    0.000000]   Normal   empty
[    0.000000] Movable zone start PFN for each node
[    0.000000] early_node_map[2] active PFN ranges
[    0.000000]     0: 0x00000010 -&gt; 0x0000009f
[    0.000000]     0: 0x00000100 -&gt; 0x00003ffe
[    0.000000] ACPI: PM-Timer IO Port: 0xb008
[    0.000000] ACPI: LAPIC (acpi_id[0x00] lapic_id[0x00] enabled)
[    0.000000] ACPI: LAPIC_NMI (acpi_id[0xff] dfl dfl lint[0x1])
[    0.000000] ACPI: IOAPIC (id[0x00] address[0xfec00000] gsi_base[0])
[    0.000000] IOAPIC[0]: apic_id 0, version 17, address 0xfec00000, GSI 0-23
[    0.000000] ACPI: INT_SRC_OVR (bus 0 bus_irq 0 global_irq 2 dfl dfl)
[    0.000000] ACPI: INT_SRC_OVR (bus 0 bus_irq 5 global_irq 5 high level)
[    0.000000] ACPI: INT_SRC_OVR (bus 0 bus_irq 9 global_irq 9 high level)
[    0.000000] ACPI: INT_SRC_OVR (bus 0 bus_irq 10 global_irq 10 high level)
[    0.000000] ACPI: INT_SRC_OVR (bus 0 bus_irq 11 global_irq 11 high level)
[    0.000000] Using ACPI (MADT) for SMP configuration information
[    0.000000] ACPI: HPET id: 0x8086a201 base: 0xfed00000
[    0.000000] SMP: Allowing 1 CPUs, 0 hotplug CPUs
[    0.000000] PM: Registered nosave memory: 000000000009f000 - 00000000000a0000
[    0.000000] PM: Registered nosave memory: 00000000000a0000 - 00000000000f0000
[    0.000000] PM: Registered nosave memory: 00000000000f0000 - 0000000000100000
[    0.000000] Allocating PCI resources starting at 4000000 (gap: 4000000:fbfc0000)
[    0.000000] Booting paravirtualized kernel on bare hardware
[    0.000000] setup_percpu: NR_CPUS:64 nr_cpumask_bits:64 nr_cpu_ids:1 nr_node_ids:1
[    0.000000] PERCPU: Embedded 27 pages/cpu @ffff880003a00000 s78848 r8192 d23552 u2097152
[    0.000000] Built 1 zonelists in Node order, mobility grouping on.  Total pages: 16008
[    0.000000] Policy zone: DMA32
[    0.000000] Kernel command line: root=/dev/vda console=tty0 console=ttyS0 no_timer_check
[    0.000000] PID hash table entries: 256 (order: -1, 2048 bytes)
[    0.000000] Checking aperture...
[    0.000000] No AGP bridge found
[    0.000000] Memory: 43492k/65528k available (6576k kernel code, 452k absent, 21584k reserved, 6620k data, 928k init)
[    0.000000] SLUB: Genslabs=15, HWalign=64, Order=0-3, MinObjects=0, CPUs=1, Nodes=1
[    0.000000] Hierarchical RCU implementation.
[    0.000000] 	RCU dyntick-idle grace-period acceleration is enabled.
[    0.000000] NR_IRQS:4352 nr_irqs:256 16
[    0.000000] Console: colour VGA+ 80x25
[    0.000000] console [tty0] enabled
[    0.000000] console [ttyS0] enabled
[    0.000000] allocated 1048576 bytes of page_cgroup
[    0.000000] please try 'cgroup_disable=memory' option if you don't want memory cgroups
[    0.000000] Fast TSC calibration failed
[    0.000000] TSC: Unable to calibrate against PIT
[    0.000000] TSC: using HPET reference calibration
[    0.000000] Detected 2292.860 MHz processor.
[    0.028822] Calibrating delay loop (skipped), value calculated using timer frequency.. 4585.72 BogoMIPS (lpj=9171440)
[    0.032815] pid_max: default: 32768 minimum: 301
[    0.044105] Security Framework initialized
[    0.048825] AppArmor: AppArmor initialized
[    0.049611] Yama: becoming mindful.
[    0.058472] Dentry cache hash table entries: 8192 (order: 4, 65536 bytes)
[    0.060657] Inode-cache hash table entries: 4096 (order: 3, 32768 bytes)
[    0.062443] Mount-cache hash table entries: 256
[    0.081129] Initializing cgroup subsys cpuacct
[    0.082123] Initializing cgroup subsys memory
[    0.084198] Initializing cgroup subsys devices
[    0.084900] Initializing cgroup subsys freezer
[    0.085733] Initializing cgroup subsys blkio
[    0.086465] Initializing cgroup subsys perf_event
[    0.091054] mce: CPU supports 10 MCE banks
[    0.094729] SMP alternatives: switching to UP code
[    0.485473] Freeing SMP alternatives: 24k freed
[    0.489030] ACPI: Core revision 20110623
[    0.540448] ftrace: allocating 26610 entries in 105 pages
[    0.568961] ..TIMER: vector=0x30 apic1=0 pin1=2 apic2=-1 pin2=-1
[    0.570307] CPU0: AMD QEMU Virtual CPU version 2.0.0 stepping 03
[    0.576035] Performance Events: Broken PMU hardware detected, using software events only.
[    0.585682] NMI watchdog disabled (cpu0): hardware events not enabled
[    0.588227] Brought up 1 CPUs
[    0.588883] Total of 1 processors activated (4585.72 BogoMIPS).
[    0.614472] devtmpfs: initialized
[    0.645208] EVM: security.selinux
[    0.645789] EVM: security.SMACK64
[    0.646259] EVM: security.capability
[    0.668197] print_constraints: dummy: 
[    0.670211] RTC time:  9:44:59, date: 12/11/15
[    0.673906] NET: Registered protocol family 16
[    0.682931] ACPI: bus type pci registered
[    0.688451] PCI: Using configuration type 1 for base access
[    0.717349] bio: create slab &lt;bio-0&gt; at 0
[    0.722399] ACPI: Added _OSI(Module Device)
[    0.722948] ACPI: Added _OSI(Processor Device)
[    0.724095] ACPI: Added _OSI(3.0 _SCP Extensions)
[    0.724769] ACPI: Added _OSI(Processor Aggregator Device)
[    0.799104] ACPI: Interpreter enabled
[    0.800187] ACPI: (supports S0 S3 S4 S5)
[    0.802051] ACPI: Using IOAPIC for interrupt routing
[    0.874298] ACPI: No dock devices found.
[    0.876303] HEST: Table not found.
[    0.877383] PCI: Using host bridge windows from ACPI; if necessary, use "pci=nocrs" and report a bug
[    0.888564] ACPI: PCI Root Bridge [PCI0] (domain 0000 [bus 00-ff])
[    0.894054] pci_root PNP0A03:00: host bridge window [io  0x0000-0x0cf7]
[    0.895038] pci_root PNP0A03:00: host bridge window [io  0x0d00-0xadff]
[    0.896107] pci_root PNP0A03:00: host bridge window [io  0xae0f-0xaeff]
[    0.896975] pci_root PNP0A03:00: host bridge window [io  0xaf20-0xafdf]
[    0.897880] pci_root PNP0A03:00: host bridge window [io  0xafe4-0xffff]
[    0.898765] pci_root PNP0A03:00: host bridge window [mem 0x000a0000-0x000bffff]
[    0.900105] pci_root PNP0A03:00: host bridge window [mem 0x04000000-0xfebfffff]
[    0.920626] pci 0000:00:01.3: quirk: [io  0xb000-0xb03f] claimed by PIIX4 ACPI
[    0.921621] pci 0000:00:01.3: quirk: [io  0xb100-0xb10f] claimed by PIIX4 SMB
[    1.005429]  pci0000:00: Unable to request _OSC control (_OSC support mask: 0x1e)
[    1.068867] ACPI: PCI Interrupt Link [LNKA] (IRQs 5 *10 11)
[    1.070344] ACPI: PCI Interrupt Link [LNKB] (IRQs 5 *10 11)
[    1.073398] ACPI: PCI Interrupt Link [LNKC] (IRQs 5 10 *11)
[    1.075075] ACPI: PCI Interrupt Link [LNKD] (IRQs 5 10 *11)
[    1.076866] ACPI: PCI Interrupt Link [LNKS] (IRQs *9)
[    1.084067] vgaarb: device added: PCI:0000:00:02.0,decodes=io+mem,owns=io+mem,locks=none
[    1.084188] vgaarb: loaded
[    1.084638] vgaarb: bridge control possible 0000:00:02.0
[    1.089613] i2c-core: driver [aat2870] using legacy suspend method
[    1.090436] i2c-core: driver [aat2870] using legacy resume method
[    1.093383] SCSI subsystem initialized
[    1.096672] usbcore: registered new interface driver usbfs
[    1.097451] usbcore: registered new interface driver hub
[    1.098883] usbcore: registered new device driver usb
[    1.104173] PCI: Using ACPI for IRQ routing
[    1.114542] NetLabel: Initializing
[    1.115031] NetLabel:  domain hash size = 128
[    1.115726] NetLabel:  protocols = UNLABELED CIPSOv4
[    1.117318] NetLabel:  unlabeled traffic allowed by default
[    1.120401] HPET: 3 timers in total, 0 timers will be used for per-cpu timer
[    1.121433] hpet0: at MMIO 0xfed00000, IRQs 2, 8, 0
[    1.122348] hpet0: 3 comparators, 64-bit 100.000000 MHz counter
[    1.134096] Switching to clocksource hpet
[    1.381442] AppArmor: AppArmor Filesystem Enabled
[    1.382814] pnp: PnP ACPI init
[    1.383573] ACPI: bus type pnp registered
[    1.409993] pnp: PnP ACPI: found 9 devices
[    1.410999] ACPI: ACPI bus type pnp unregistered
[    1.499209] NET: Registered protocol family 2
[    1.543104] IP route cache hash table entries: 512 (order: 0, 4096 bytes)
[    1.553258] TCP established hash table entries: 2048 (order: 3, 32768 bytes)
[    1.555927] TCP bind hash table entries: 2048 (order: 3, 32768 bytes)
[    1.557584] TCP: Hash tables configured (established 2048 bind 2048)
[    1.558446] TCP reno registered
[    1.558916] UDP hash table entries: 128 (order: 0, 4096 bytes)
[    1.559896] UDP-Lite hash table entries: 128 (order: 0, 4096 bytes)
[    1.563493] NET: Registered protocol family 1
[    1.565228] pci 0000:00:00.0: Limiting direct PCI/PCI transfers
[    1.566037] pci 0000:00:01.0: PIIX3: Enabling Passive Release
[    1.566991] pci 0000:00:01.0: Activating ISA DMA hang workarounds
[    1.573258] ACPI: PCI Interrupt Link [LNKD] enabled at IRQ 11
[    1.574221] pci 0000:00:01.2: PCI INT D -&gt; Link[LNKD] -&gt; GSI 11 (level, high) -&gt; IRQ 11
[    1.576169] pci 0000:00:01.2: PCI INT D disabled
[    1.602402] Trying to unpack rootfs image as initramfs...
[    1.621713] audit: initializing netlink socket (disabled)
[    1.623029] type=2000 audit(1449827099.620:1): initialized
[    1.887103] HugeTLB registered 2 MB page size, pre-allocated 0 pages
[    1.963135] VFS: Disk quotas dquot_6.5.2
[    1.965429] Dquot-cache hash table entries: 512 (order 0, 4096 bytes)
[    1.986054] fuse init (API version 7.17)
[    1.989131] msgmni has been set to 84
[    2.022781] Block layer SCSI generic (bsg) driver version 0.4 loaded (major 253)
[    2.025759] io scheduler noop registered
[    2.026292] io scheduler deadline registered (default)
[    2.027627] io scheduler cfq registered
[    2.031835] pci_hotplug: PCI Hot Plug PCI Core version: 0.5
[    2.034557] pciehp: PCI Express Hot Plug Controller Driver version: 0.4
[    2.039871] input: Power Button as /devices/LNXSYSTM:00/LNXPWRBN:00/input/input0
[    2.042017] ACPI: Power Button [PWRF]
[    2.099837] ERST: Table is not found!
[    2.100779] GHES: HEST is not enabled!
[    2.113186] ACPI: PCI Interrupt Link [LNKC] enabled at IRQ 10
[    2.113910] virtio-pci 0000:00:03.0: PCI INT A -&gt; Link[LNKC] -&gt; GSI 10 (level, high) -&gt; IRQ 10
[    2.117895] virtio-pci 0000:00:04.0: PCI INT A -&gt; Link[LNKD] -&gt; GSI 11 (level, high) -&gt; IRQ 11
[    2.134302] ACPI: PCI Interrupt Link [LNKA] enabled at IRQ 10
[    2.135025] virtio-pci 0000:00:05.0: PCI INT A -&gt; Link[LNKA] -&gt; GSI 10 (level, high) -&gt; IRQ 10
[    2.146231] Serial: 8250/16550 driver, 32 ports, IRQ sharing enabled
[    2.194354] serial8250: ttyS0 at I/O 0x3f8 (irq = 4) is a 16550A
[    2.280900] serial8250: ttyS1 at I/O 0x2f8 (irq = 3) is a 16550A
[    2.412676] 00:05: ttyS0 at I/O 0x3f8 (irq = 4) is a 16550A
[    2.498621] 00:06: ttyS1 at I/O 0x2f8 (irq = 3) is a 16550A
[    2.547838] Linux agpgart interface v0.103
[    2.582390] Refined TSC clocksource calibration: 2292.946 MHz.
[    2.583194] Switching to clocksource tsc
[    2.623165] brd: module loaded
[    2.648056] loop: module loaded
[    2.705474]  vda: unknown partition table
[    2.761260] scsi0 : ata_piix
[    2.773594] scsi1 : ata_piix
[    2.774754] ata1: PATA max MWDMA2 cmd 0x1f0 ctl 0x3f6 bmdma 0xc0a0 irq 14
[    2.775714] ata2: PATA max MWDMA2 cmd 0x170 ctl 0x376 bmdma 0xc0a8 irq 15
[    2.787129] Fixed MDIO Bus: probed
[    2.789040] tun: Universal TUN/TAP device driver, 1.6
[    2.789617] tun: (C) 1999-2004 Max Krasnyansky &lt;maxk@qualcomm.com&gt;
[    2.807690] PPP generic driver version 2.4.2
[    2.839142] ehci_hcd: USB 2.0 'Enhanced' Host Controller (EHCI) Driver
[    2.840968] ohci_hcd: USB 1.1 'Open' Host Controller (OHCI) Driver
[    2.841832] uhci_hcd: USB Universal Host Controller Interface driver
[    2.842857] uhci_hcd 0000:00:01.2: PCI INT D -&gt; Link[LNKD] -&gt; GSI 11 (level, high) -&gt; IRQ 11
[    2.846046] uhci_hcd 0000:00:01.2: UHCI Host Controller
[    2.853829] uhci_hcd 0000:00:01.2: new USB bus registered, assigned bus number 1
[    2.856418] uhci_hcd 0000:00:01.2: irq 11, io base 0x0000c040
[    2.905516] hub 1-0:1.0: USB hub found
[    2.908717] hub 1-0:1.0: 2 ports detected
[    2.917372] usbcore: registered new interface driver libusual
[    2.920221] i8042: PNP: PS/2 Controller [PNP0303:KBD,PNP0f13:MOU] at 0x60,0x64 irq 1,12
[    2.927884] serio: i8042 KBD port at 0x60,0x64 irq 1
[    2.929355] serio: i8042 AUX port at 0x60,0x64 irq 12
[    2.970358] mousedev: PS/2 mouse device common for all mice
[    2.982198] input: AT Translated Set 2 keyboard as /devices/platform/i8042/serio0/input/input1
[    3.001435] rtc_cmos 00:01: RTC can wake from S4
[    3.014820] ata2.01: ATAPI: QEMU DVD-ROM, 2.0.0, max UDMA/100
[    3.032709] rtc_cmos 00:01: rtc core: registered rtc_cmos as rtc0
[    3.037514] rtc0: alarms up to one day, 114 bytes nvram, hpet irqs
[    3.040840] device-mapper: uevent: version 1.0.3
[    3.052036] ata2.01: configured for MWDMA2
[    3.093135] device-mapper: ioctl: 4.22.0-ioctl (2011-10-19) initialised: dm-devel@redhat.com
[    3.099185] cpuidle: using governor ladder
[    3.101136] cpuidle: using governor menu
[    3.103613] EFI Variables Facility v0.08 2004-May-17
[    3.124011] TCP cubic registered
[    3.129278] NET: Registered protocol family 10
[    3.173632] NET: Registered protocol family 17
[    3.176121] Registering the dns_resolver key type
[    3.191771] scsi 1:0:1:0: CD-ROM            QEMU     QEMU DVD-ROM     2.0. PQ: 0 ANSI: 5
[    3.215682] sr0: scsi3-mmc drive: 4x/4x cd/rw xa/form2 tray
[    3.217596] cdrom: Uniform CD-ROM driver Revision: 3.20
[    3.249787] sr 1:0:1:0: Attached scsi generic sg0 type 5
[    3.350197] Freeing initrd memory: 3656k freed
[    3.370788] registered taskstats version 1
[    3.892404]   Magic number: 11:500:727
[    3.907115] block loop7: hash matches
[    3.913942] rtc_cmos 00:01: setting system clock to 2015-12-11 09:45:02 UTC (1449827102)
[    3.919097] powernow-k8: Processor cpuid 663 not supported
[    3.926323] BIOS EDD facility v0.16 2004-Jun-25, 0 devices found
[    3.927774] EDD information not available.
[    3.995962] Freeing unused kernel memory: 928k freed
[    4.003789] Write protecting the kernel read-only data: 12288k
[    4.134692] Freeing unused kernel memory: 1596k freed
[    4.191347] Freeing unused kernel memory: 1184k freed

info: initramfs: up at 4.36
modprobe: module virtio_blk not found in modules.dep
modprobe: module virtio_net not found in modules.dep
info: copying initramfs to /dev/vda
info: initramfs loading root from /dev/vda
info: /etc/init.d/rc.sysinit: up at 9.27
info: container: none
Starting logging: OK
modprobe: module virtio_blk not found in modules.dep
modprobe: module virtio_net not found in modules.dep
WARN: /etc/rc3.d/S10-load-modules failed
Initializing random number generator... done.
Starting acpid: OK
cirros-ds 'local' up at 11.70
found datasource (configdrive, local)
Starting network...
udhcpc (v1.20.1) started
Sending discover...
Sending discover...

2015-12-11 09:46:58,676 24608 INFO     [tempest_lib.common.rest_client] Request (TestNetworkBasicOps:_run_cleanups): 204 DELETE http://10.0.2.15:9696/v2.0/floatingips/afa0b423-e9eb-4905-8beb-3f59250167df 0.197s
2015-12-11 09:46:58,677 24608 DEBUG    [tempest_lib.common.rest_client] Request - Headers: {'Content-Type': 'application/json', 'Accept': 'application/json', 'X-Auth-Token': '&lt;omitted&gt;'}
        Body: None
    Response - Headers: {'date': 'Fri, 11 Dec 2015 09:46:58 GMT', 'status': '204', 'connection': 'close', 'content-length': '0', 'x-openstack-request-id': 'req-5fb7bc5c-a656-4834-a40d-07697ecf9e2f'}
        Body: 
2015-12-11 09:46:58,899 24608 INFO     [tempest_lib.common.rest_client] Request (TestNetworkBasicOps:_run_cleanups): 204 DELETE http://10.0.2.15:8774/v2.1/0a226f8f14414cbcab9eabd49c190e9e/servers/656973cd-c30a-4ab4-a6d9-d1b1a2af59dc 0.221s
2015-12-11 09:46:58,900 24608 DEBUG    [tempest_lib.common.rest_client] Request - Headers: {'Content-Type': 'application/json', 'Accept': 'application/json', 'X-Auth-Token': '&lt;omitted&gt;'}
        Body: None
    Response - Headers: {'status': '204', 'content-length': '0', 'x-compute-request-id': 'req-77284dc6-359a-4c6a-b0e4-36e15893c30e', 'vary': 'X-OpenStack-Nova-API-Version', 'connection': 'close', 'x-openstack-nova-api-version': '2.1', 'date': 'Fri, 11 Dec 2015 09:46:58 GMT', 'content-type': 'application/json'}
        Body: 
2015-12-11 09:46:59,104 24608 INFO     [tempest_lib.common.rest_client] Request (TestNetworkBasicOps:_run_cleanups): 200 GET http://10.0.2.15:8774/v2.1/0a226f8f14414cbcab9eabd49c190e9e/servers/656973cd-c30a-4ab4-a6d9-d1b1a2af59dc 0.203s
2015-12-11 09:46:59,105 24608 DEBUG    [tempest_lib.common.rest_client] Request - Headers: {'Content-Type': 'application/json', 'Accept': 'application/json', 'X-Auth-Token': '&lt;omitted&gt;'}
        Body: None
    Response - Headers: {'status': '200', 'content-length': '1777', 'content-location': 'http://10.0.2.15:8774/v2.1/0a226f8f14414cbcab9eabd49c190e9e/servers/656973cd-c30a-4ab4-a6d9-d1b1a2af59dc', 'x-compute-request-id': 'req-86378887-ed18-4058-bcf5-1c5795f512c2', 'vary': 'X-OpenStack-Nova-API-Version', 'connection': 'close', 'x-openstack-nova-api-version': '2.1', 'date': 'Fri, 11 Dec 2015 09:46:59 GMT', 'content-type': 'application/json'}
        Body: {"server": {"status": "ACTIVE", "updated": "2015-12-11T09:46:58Z", "hostId": "c7ff1b54a3bc459ddc30c72592052e33959aecc631fbdade24ed721c", "addresses": {"tempest-network-smoke--1742972576": [{"OS-EXT-IPS-MAC:mac_addr": "fa:16:3e:2d:6c:4b", "version": 4, "addr": "10.100.0.3", "OS-EXT-IPS:type": "fixed"}, {"OS-EXT-IPS-MAC:mac_addr": "fa:16:3e:2d:6c:4b", "version": 4, "addr": "172.24.4.4", "OS-EXT-IPS:type": "floating"}]}, "links": [{"href": "http://10.0.2.15:8774/v2.1/0a226f8f14414cbcab9eabd49c190e9e/servers/656973cd-c30a-4ab4-a6d9-d1b1a2af59dc", "rel": "self"}, {"href": "http://10.0.2.15:8774/0a226f8f14414cbcab9eabd49c190e9e/servers/656973cd-c30a-4ab4-a6d9-d1b1a2af59dc", "rel": "bookmark"}], "key_name": "tempest-TestNetworkBasicOps-2005832906", "image": {"id": "07874e49-b99e-489e-a240-8000654c5440", "links": [{"href": "http://10.0.2.15:8774/0a226f8f14414cbcab9eabd49c190e9e/images/07874e49-b99e-489e-a240-8000654c5440", "rel": "bookmark"}]}, "OS-EXT-STS:task_state": "deleting", "OS-EXT-STS:vm_state": "active", "OS-SRV-USG:launched_at": "2015-12-11T09:44:55.000000", "flavor": {"id": "42", "links": [{"href": "http://10.0.2.15:8774/0a226f8f14414cbcab9eabd49c190e9e/flavors/42", "rel": "bookmark"}]}, "id": "656973cd-c30a-4ab4-a6d9-d1b1a2af59dc", "security_groups": [{"name": "tempest-secgroup-smoke-1295767255"}], "OS-SRV-USG:terminated_at": null, "OS-EXT-AZ:availability_zone": "nova", "user_id": "f3b86e92b2134f0395997acdb0a563dd", "name": "tempest.common.compute-instance-1515683280", "created": "2015-12-11T09:44:52Z", "tenant_id": "0a226f8f14414cbcab9eabd49c190e9e", "OS-DCF:diskConfig": "MANUAL", "os-extended-volumes:volumes_attached": [], "accessIPv4": "", "accessIPv6": "", "progress": 0, "OS-EXT-STS:power_state": 1, "config_drive": "True", "metadata": {}}}
2015-12-11 09:47:00,273 24608 INFO     [tempest_lib.common.rest_client] Request (TestNetworkBasicOps:_run_cleanups): 200 GET http://10.0.2.15:8774/v2.1/0a226f8f14414cbcab9eabd49c190e9e/servers/656973cd-c30a-4ab4-a6d9-d1b1a2af59dc 0.154s
2015-12-11 09:47:00,273 24608 DEBUG    [tempest_lib.common.rest_client] Request - Headers: {'Content-Type': 'application/json', 'Accept': 'application/json', 'X-Auth-Token': '&lt;omitted&gt;'}
        Body: None
    Response - Headers: {'status': '200', 'content-length': '1441', 'content-location': 'http://10.0.2.15:8774/v2.1/0a226f8f14414cbcab9eabd49c190e9e/servers/656973cd-c30a-4ab4-a6d9-d1b1a2af59dc', 'x-compute-request-id': 'req-06fb700b-142c-4b33-9cdc-864db7bccec2', 'vary': 'X-OpenStack-Nova-API-Version', 'connection': 'close', 'x-openstack-nova-api-version': '2.1', 'date': 'Fri, 11 Dec 2015 09:47:00 GMT', 'content-type': 'application/json'}
        Body: {"server": {"status": "ACTIVE", "updated": "2015-12-11T09:46:59Z", "hostId": "c7ff1b54a3bc459ddc30c72592052e33959aecc631fbdade24ed721c", "addresses": {}, "links": [{"href": "http://10.0.2.15:8774/v2.1/0a226f8f14414cbcab9eabd49c190e9e/servers/656973cd-c30a-4ab4-a6d9-d1b1a2af59dc", "rel": "self"}, {"href": "http://10.0.2.15:8774/0a226f8f14414cbcab9eabd49c190e9e/servers/656973cd-c30a-4ab4-a6d9-d1b1a2af59dc", "rel": "bookmark"}], "key_name": "tempest-TestNetworkBasicOps-2005832906", "image": {"id": "07874e49-b99e-489e-a240-8000654c5440", "links": [{"href": "http://10.0.2.15:8774/0a226f8f14414cbcab9eabd49c190e9e/images/07874e49-b99e-489e-a240-8000654c5440", "rel": "bookmark"}]}, "OS-EXT-STS:task_state": "deleting", "OS-EXT-STS:vm_state": "active", "OS-SRV-USG:launched_at": "2015-12-11T09:44:55.000000", "flavor": {"id": "42", "links": [{"href": "http://10.0.2.15:8774/0a226f8f14414cbcab9eabd49c190e9e/flavors/42", "rel": "bookmark"}]}, "id": "656973cd-c30a-4ab4-a6d9-d1b1a2af59dc", "OS-SRV-USG:terminated_at": null, "OS-EXT-AZ:availability_zone": "nova", "user_id": "f3b86e92b2134f0395997acdb0a563dd", "name": "tempest.common.compute-instance-1515683280", "created": "2015-12-11T09:44:52Z", "tenant_id": "0a226f8f14414cbcab9eabd49c190e9e", "OS-DCF:diskConfig": "MANUAL", "os-extended-volumes:volumes_attached": [], "accessIPv4": "", "accessIPv6": "", "progress": 0, "OS-EXT-STS:power_state": 1, "config_drive": "True", "metadata": {}}}
2015-12-11 09:47:01,365 24608 INFO     [tempest_lib.common.rest_client] Request (TestNetworkBasicOps:_run_cleanups): 404 GET http://10.0.2.15:8774/v2.1/0a226f8f14414cbcab9eabd49c190e9e/servers/656973cd-c30a-4ab4-a6d9-d1b1a2af59dc 0.081s
2015-12-11 09:47:01,366 24608 DEBUG    [tempest_lib.common.rest_client] Request - Headers: {'Content-Type': 'application/json', 'Accept': 'application/json', 'X-Auth-Token': '&lt;omitted&gt;'}
        Body: None
    Response - Headers: {'status': '404', 'content-length': '111', 'x-compute-request-id': 'req-0f5dfac1-7507-4dfd-a6fb-9dfb8796184a', 'vary': 'X-OpenStack-Nova-API-Version', 'connection': 'close', 'x-openstack-nova-api-version': '2.1', 'date': 'Fri, 11 Dec 2015 09:47:01 GMT', 'content-type': 'application/json; charset=UTF-8'}
        Body: {"itemNotFound": {"message": "Instance 656973cd-c30a-4ab4-a6d9-d1b1a2af59dc could not be found.", "code": 404}}
2015-12-11 09:47:01,386 24608 INFO     [tempest_lib.common.rest_client] Request (TestNetworkBasicOps:_run_cleanups): 202 DELETE http://10.0.2.15:8774/v2.1/0a226f8f14414cbcab9eabd49c190e9e/os-keypairs/tempest-TestNetworkBasicOps-2005832906 0.019s
2015-12-11 09:47:01,386 24608 DEBUG    [tempest_lib.common.rest_client] Request - Headers: {'Content-Type': 'application/json', 'Accept': 'application/json', 'X-Auth-Token': '&lt;omitted&gt;'}
        Body: None
    Response - Headers: {'status': '202', 'content-length': '0', 'x-compute-request-id': 'req-cff4de77-bdac-4f53-a3a2-86ac2c5d908a', 'vary': 'X-OpenStack-Nova-API-Version', 'connection': 'close', 'x-openstack-nova-api-version': '2.1', 'date': 'Fri, 11 Dec 2015 09:47:01 GMT', 'content-type': 'application/json'}
        Body: 
2015-12-11 09:47:01,719 24608 INFO     [tempest_lib.common.rest_client] Request (TestNetworkBasicOps:_run_cleanups): 200 PUT http://10.0.2.15:9696/v2.0/routers/2d730aa2-c0b3-48e0-b5cf-688ab0787030/remove_router_interface 0.332s
2015-12-11 09:47:01,720 24608 DEBUG    [tempest_lib.common.rest_client] Request - Headers: {'Content-Type': 'application/json', 'Accept': 'application/json', 'X-Auth-Token': '&lt;omitted&gt;'}
        Body: {"subnet_id": "e5b3d470-c6f9-4e70-ae2a-184dcc4e1a51"}
    Response - Headers: {'status': '200', 'content-length': '255', 'connection': 'close', 'date': 'Fri, 11 Dec 2015 09:47:01 GMT', 'content-type': 'application/json; charset=UTF-8', 'x-openstack-request-id': 'req-da5b3ea1-ffb3-4a43-9c8a-7be26bf7371e'}
        Body: {"subnet_id": "e5b3d470-c6f9-4e70-ae2a-184dcc4e1a51", "tenant_id": "0a226f8f14414cbcab9eabd49c190e9e", "subnet_ids": ["e5b3d470-c6f9-4e70-ae2a-184dcc4e1a51"], "port_id": "5b5012e8-cea2-4a13-90f5-3dee10026688", "id": "2d730aa2-c0b3-48e0-b5cf-688ab0787030"}
2015-12-11 09:47:02,181 24608 INFO     [tempest_lib.common.rest_client] Request (TestNetworkBasicOps:_run_cleanups): 204 DELETE http://10.0.2.15:9696/v2.0/subnets/e5b3d470-c6f9-4e70-ae2a-184dcc4e1a51 0.460s
2015-12-11 09:47:02,182 24608 DEBUG    [tempest_lib.common.rest_client] Request - Headers: {'Content-Type': 'application/json', 'Accept': 'application/json', 'X-Auth-Token': '&lt;omitted&gt;'}
        Body: None
    Response - Headers: {'date': 'Fri, 11 Dec 2015 09:47:02 GMT', 'status': '204', 'connection': 'close', 'content-length': '0', 'x-openstack-request-id': 'req-bef0dfbd-4d1a-4cfc-af4e-ff326538879e'}
        Body: 
2015-12-11 09:47:02,222 24608 INFO     [tempest_lib.common.rest_client] Request (TestNetworkBasicOps:_run_cleanups): 200 GET http://10.0.2.15:9696/v2.0/routers/2d730aa2-c0b3-48e0-b5cf-688ab0787030 0.039s
2015-12-11 09:47:02,222 24608 DEBUG    [tempest_lib.common.rest_client] Request - Headers: {'Content-Type': 'application/json', 'Accept': 'application/json', 'X-Auth-Token': '&lt;omitted&gt;'}
        Body: None
    Response - Headers: {'status': '200', 'content-length': '500', 'content-location': 'http://10.0.2.15:9696/v2.0/routers/2d730aa2-c0b3-48e0-b5cf-688ab0787030', 'connection': 'close', 'date': 'Fri, 11 Dec 2015 09:47:02 GMT', 'content-type': 'application/json; charset=UTF-8', 'x-openstack-request-id': 'req-1bf050a3-d5f1-4486-b631-3e40e72593c4'}
        Body: {"router": {"status": "ACTIVE", "external_gateway_info": {"network_id": "5f100300-2779-4f30-bd3a-e51c06c54a90", "enable_snat": true, "external_fixed_ips": [{"subnet_id": "b6cef61b-c337-4048-8cee-36f7abd52c93", "ip_address": "172.24.4.3"}, {"subnet_id": "264392d9-6480-4805-984d-bc409147f7b5", "ip_address": "2001:db8::3"}]}, "name": "tempest-router-smoke-692689188", "admin_state_up": true, "tenant_id": "0a226f8f14414cbcab9eabd49c190e9e", "routes": [], "id": "2d730aa2-c0b3-48e0-b5cf-688ab0787030"}}
2015-12-11 09:47:02,559 24608 INFO     [tempest_lib.common.rest_client] Request (TestNetworkBasicOps:_run_cleanups): 200 PUT http://10.0.2.15:9696/v2.0/routers/2d730aa2-c0b3-48e0-b5cf-688ab0787030 0.336s
2015-12-11 09:47:02,560 24608 DEBUG    [tempest_lib.common.rest_client] Request - Headers: {'Content-Type': 'application/json', 'Accept': 'application/json', 'X-Auth-Token': '&lt;omitted&gt;'}
        Body: {"router": {"external_gateway_info": {}, "name": "tempest-router-smoke-692689188", "admin_state_up": true}}
    Response - Headers: {'status': '200', 'content-length': '238', 'connection': 'close', 'date': 'Fri, 11 Dec 2015 09:47:02 GMT', 'content-type': 'application/json; charset=UTF-8', 'x-openstack-request-id': 'req-398a7930-be29-4787-9ee7-8fdbf91d03df'}
        Body: {"router": {"status": "ACTIVE", "external_gateway_info": null, "name": "tempest-router-smoke-692689188", "admin_state_up": true, "tenant_id": "0a226f8f14414cbcab9eabd49c190e9e", "routes": [], "id": "2d730aa2-c0b3-48e0-b5cf-688ab0787030"}}
2015-12-11 09:47:02,764 24608 INFO     [tempest_lib.common.rest_client] Request (TestNetworkBasicOps:_run_cleanups): 204 DELETE http://10.0.2.15:9696/v2.0/routers/2d730aa2-c0b3-48e0-b5cf-688ab0787030 0.202s
2015-12-11 09:47:02,765 24608 DEBUG    [tempest_lib.common.rest_client] Request - Headers: {'Content-Type': 'application/json', 'Accept': 'application/json', 'X-Auth-Token': '&lt;omitted&gt;'}
        Body: None
    Response - Headers: {'date': 'Fri, 11 Dec 2015 09:47:02 GMT', 'status': '204', 'connection': 'close', 'content-length': '0', 'x-openstack-request-id': 'req-ca647a27-9122-4617-88d5-bdd3c9061c23'}
        Body: 
2015-12-11 09:47:02,947 24608 INFO     [tempest_lib.common.rest_client] Request (TestNetworkBasicOps:_run_cleanups): 204 DELETE http://10.0.2.15:9696/v2.0/networks/38c0a40b-3d86-4816-bf0f-ef2523de7e11 0.181s
2015-12-11 09:47:02,949 24608 DEBUG    [tempest_lib.common.rest_client] Request - Headers: {'Content-Type': 'application/json', 'Accept': 'application/json', 'X-Auth-Token': '&lt;omitted&gt;'}
        Body: None
    Response - Headers: {'date': 'Fri, 11 Dec 2015 09:47:02 GMT', 'status': '204', 'connection': 'close', 'content-length': '0', 'x-openstack-request-id': 'req-1a60de8d-5f32-47f4-b597-a010ab659d12'}
        Body: 
2015-12-11 09:47:03,004 24608 INFO     [tempest_lib.common.rest_client] Request (TestNetworkBasicOps:_run_cleanups): 204 DELETE http://10.0.2.15:9696/v2.0/security-group-rules/eb6ee6db-8ea4-4596-815c-2eb17a4b129b 0.053s
2015-12-11 09:47:03,004 24608 DEBUG    [tempest_lib.common.rest_client] Request - Headers: {'Content-Type': 'application/json', 'Accept': 'application/json', 'X-Auth-Token': '&lt;omitted&gt;'}
        Body: None
    Response - Headers: {'date': 'Fri, 11 Dec 2015 09:47:03 GMT', 'status': '204', 'connection': 'close', 'content-length': '0', 'x-openstack-request-id': 'req-4cd9f10f-f1cf-4134-b461-31d12e40f4bd'}
        Body: 
2015-12-11 09:47:03,056 24608 INFO     [tempest_lib.common.rest_client] Request (TestNetworkBasicOps:_run_cleanups): 204 DELETE http://10.0.2.15:9696/v2.0/security-group-rules/53edee9a-63b3-48e4-abef-3797a74f406c 0.051s
2015-12-11 09:47:03,057 24608 DEBUG    [tempest_lib.common.rest_client] Request - Headers: {'Content-Type': 'application/json', 'Accept': 'application/json', 'X-Auth-Token': '&lt;omitted&gt;'}
        Body: None
    Response - Headers: {'date': 'Fri, 11 Dec 2015 09:47:03 GMT', 'status': '204', 'connection': 'close', 'content-length': '0', 'x-openstack-request-id': 'req-a63fe544-279b-463b-8b7c-be5dcdbbdea9'}
        Body: 
2015-12-11 09:47:03,115 24608 INFO     [tempest_lib.common.rest_client] Request (TestNetworkBasicOps:_run_cleanups): 204 DELETE http://10.0.2.15:9696/v2.0/security-group-rules/d2aa3c2b-2281-4d72-b97c-4a1dbf7994a1 0.056s
2015-12-11 09:47:03,115 24608 DEBUG    [tempest_lib.common.rest_client] Request - Headers: {'Content-Type': 'application/json', 'Accept': 'application/json', 'X-Auth-Token': '&lt;omitted&gt;'}
        Body: None
    Response - Headers: {'date': 'Fri, 11 Dec 2015 09:47:03 GMT', 'status': '204', 'connection': 'close', 'content-length': '0', 'x-openstack-request-id': 'req-9e49215d-c0eb-4db5-b5ef-d1e9b6a375e1'}
        Body: 
2015-12-11 09:47:03,175 24608 INFO     [tempest_lib.common.rest_client] Request (TestNetworkBasicOps:_run_cleanups): 204 DELETE http://10.0.2.15:9696/v2.0/security-group-rules/fbff49bd-8d0f-4a98-89ce-9028c9a66524 0.058s
2015-12-11 09:47:03,175 24608 DEBUG    [tempest_lib.common.rest_client] Request - Headers: {'Content-Type': 'application/json', 'Accept': 'application/json', 'X-Auth-Token': '&lt;omitted&gt;'}
        Body: None
    Response - Headers: {'date': 'Fri, 11 Dec 2015 09:47:03 GMT', 'status': '204', 'connection': 'close', 'content-length': '0', 'x-openstack-request-id': 'req-d9033aec-e196-4803-83ff-c680ab14cbf3'}
        Body: 
2015-12-11 09:47:03,228 24608 INFO     [tempest_lib.common.rest_client] Request (TestNetworkBasicOps:_run_cleanups): 204 DELETE http://10.0.2.15:9696/v2.0/security-group-rules/14a37aba-e93e-40e0-8564-4e6b0a738c6e 0.051s
2015-12-11 09:47:03,229 24608 DEBUG    [tempest_lib.common.rest_client] Request - Headers: {'Content-Type': 'application/json', 'Accept': 'application/json', 'X-Auth-Token': '&lt;omitted&gt;'}
        Body: None
    Response - Headers: {'date': 'Fri, 11 Dec 2015 09:47:03 GMT', 'status': '204', 'connection': 'close', 'content-length': '0', 'x-openstack-request-id': 'req-cbfbfacc-f466-4d4e-a87d-a16fa4aacb53'}
        Body: 
2015-12-11 09:47:03,287 24608 INFO     [tempest_lib.common.rest_client] Request (TestNetworkBasicOps:_run_cleanups): 204 DELETE http://10.0.2.15:9696/v2.0/security-group-rules/dc9246b2-f183-4a67-8a09-ab7c107f5ba3 0.057s
