<?xml version="1.0" encoding="UTF-8"?>
<!DOCTYPE html PUBLIC "-//W3C//DTD XHTML 1.0 Strict//EN"
     "http://www.w3.org/TR/xhtml1/DTD/xhtml1-strict.dtd">
<html xmlns="http://www.w3.org/1999/xhtml">
<head>
    <title>Unit Test Report</title>
    <meta name="generator" content="subunit2html 0.1"/>
    <meta http-equiv="Content-Type" content="text/html; charset=UTF-8"/>
    
<style type="text/css" media="screen">
body        { font-family: verdana, arial, helvetica, sans-serif;
    font-size: 80%; }
table       { font-size: 100%; width: 100%;}
pre         { font-size: 80%; }

/* -- heading -------------------------------------------------------------- */
h1 {
        font-size: 16pt;
        color: gray;
}
.heading {
    margin-top: 0ex;
    margin-bottom: 1ex;
}

.heading .attribute {
    margin-top: 1ex;
    margin-bottom: 0;
}

.heading .description {
    margin-top: 4ex;
    margin-bottom: 6ex;
}

/* -- css div popup -------------------------------------------------------- */
a.popup_link {
}

a.popup_link:hover {
    color: red;
}

.popup_window {
    display: none;
    overflow-x: scroll;
    /*border: solid #627173 1px; */
    padding: 10px;
    background-color: #E6E6D6;
    font-family: "Ubuntu Mono", "Lucida Console", "Courier New", monospace;
    text-align: left;
    font-size: 8pt;
}

}
/* -- report --------------------------------------------------------------- */
#show_detail_line {
    margin-top: 3ex;
    margin-bottom: 1ex;
}
#result_table {
    width: 100%;
    border-collapse: collapse;
    border: 1px solid #777;
}
#header_row {
    font-weight: bold;
    color: white;
    background-color: #777;
}
#result_table td {
    border: 1px solid #777;
    padding: 2px;
}
#total_row  { font-weight: bold; }
.passClass  { background-color: #6c6; }
.failClass  { background-color: #c60; }
.errorClass { background-color: #c00; }
.passCase   { color: #6c6; }
.failCase   { color: #c60; font-weight: bold; }
.errorCase  { color: #c00; font-weight: bold; }
.hiddenRow  { display: none; }
.testcase   { margin-left: 2em; }
td.testname {width: 40%}
td.small {width: 40px}

/* -- ending --------------------------------------------------------------- */
#ending {
}

</style>

</head>
<body>
<script language="javascript" type="text/javascript"><!--
output_list = Array();

/* level - 0:Summary; 1:Failed; 2:All */
function showCase(level) {
    trs = document.getElementsByTagName("tr");
    for (var i = 0; i < trs.length; i++) {
        tr = trs[i];
        id = tr.id;
        if (id.substr(0,2) == 'ft') {
            if (level < 1) {
                tr.className = 'hiddenRow';
            }
            else {
                tr.className = '';
            }
        }
        if (id.substr(0,2) == 'pt') {
            if (level > 1) {
                tr.className = '';
            }
            else {
                tr.className = 'hiddenRow';
            }
        }
    }
}


function showClassDetail(cid, count) {
    var id_list = Array(count);
    var toHide = 1;
    for (var i = 0; i < count; i++) {
        tid0 = 't' + cid.substr(1) + '.' + (i+1);
        tid = 'f' + tid0;
        tr = document.getElementById(tid);
        if (!tr) {
            tid = 'p' + tid0;
            tr = document.getElementById(tid);
        }
        id_list[i] = tid;
        if (tr.className) {
            toHide = 0;
        }
    }
    for (var i = 0; i < count; i++) {
        tid = id_list[i];
        if (toHide) {
            document.getElementById('div_'+tid).style.display = 'none'
            document.getElementById(tid).className = 'hiddenRow';
        }
        else {
            document.getElementById(tid).className = '';
        }
    }
}


function showTestDetail(div_id){
    var details_div = document.getElementById(div_id)
    var displayState = details_div.style.display
    // alert(displayState)
    if (displayState != 'block' ) {
        displayState = 'block'
        details_div.style.display = 'block'
    }
    else {
        details_div.style.display = 'none'
    }
}


function html_escape(s) {
    s = s.replace(/&/g,'&amp;');
    s = s.replace(/</g,'&lt;');
    s = s.replace(/>/g,'&gt;');
    return s;
}

/* obsoleted by detail in <div>
function showOutput(id, name) {
    var w = window.open("", //url
                    name,
                    "resizable,scrollbars,status,width=800,height=450");
    d = w.document;
    d.write("<pre>");
    d.write(html_escape(output_list[id]));
    d.write("\n");
    d.write("<a href='javascript:window.close()'>close</a>\n");
    d.write("</pre>\n");
    d.close();
}
*/
--></script>

<div class='heading'>
<h1>Unit Test Report</h1>

<p class='attribute'><strong>Status:</strong> Pass 1 Failure 8</p>

<p class='description'></p>
</div>



<p id='show_detail_line'>Show
<a href='javascript:showCase(0)'>Summary</a>
<a href='javascript:showCase(1)'>Failed</a>
<a href='javascript:showCase(2)'>All</a>
</p>
<table id='result_table'>
<colgroup>
<col align='left' />
<col align='right' />
<col align='right' />
<col align='right' />
<col align='right' />
<col align='right' />
<col align='right' />
<col align='right' />
</colgroup>
<tr id='header_row'>
    <td>Test Group/Test case</td>
    <td>Count</td>
    <td>Pass</td>
    <td>Fail</td>
    <td>Error</td>
    <td>Skip</td>
    <td>View</td>
    <td> </td>
</tr>

<tr class='failClass'>
    <td class="testname">tempest.scenario.test_network_basic_ops.TestNetworkBasicOps</td>
    <td class="small">9</td>
    <td class="small">1</td>
    <td class="small">8</td>
    <td class="small">0</td>
    <td class="small">0</td>
    <td class="small"><a href="javascript:showClassDetail('c1',9)"
>Detail</a></td>
    <td> </td>
</tr>

<tr id='ft1.1' class='none'>
    <td class='failCase'><div class='testcase'>test_connectivity_between_vms_on_different_networks[compute,id-1546850e-fbaa-42f5-8b5f-03d8a6a95f15,network]</div></td>
    <td colspan='7' align='left'>

    <!--css div popup start-->
    <a class="popup_link" onfocus='this.blur();'
    href="javascript:showTestDetail('div_ft1.1')" >
        fail</a>

    <div id='div_ft1.1' class="popup_window">
        <div style='text-align: right; color:red;cursor:pointer'>
        <a onfocus='this.blur();'
onclick="document.getElementById('div_ft1.1').style.display = 'none' " >
           [x]</a>
        </div>
        <pre>
        
ft1.1: tempest.scenario.test_network_basic_ops.TestNetworkBasicOps.test_connectivity_between_vms_on_different_networks[compute,id-1546850e-fbaa-42f5-8b5f-03d8a6a95f15,network]_StringException: Empty attachments:
  stderr
  stdout

pythonlogging:'': {{{
2015-12-21 11:27:44,607 21149 INFO     [tempest_lib.common.rest_client] Request (TestNetworkBasicOps:test_connectivity_between_vms_on_different_networks): 201 POST http://10.0.2.15:9696/v2.0/security-groups 0.349s
2015-12-21 11:27:44,608 21149 DEBUG    [tempest_lib.common.rest_client] Request - Headers: {'Content-Type': 'application/json', 'Accept': 'application/json', 'X-Auth-Token': '&lt;omitted&gt;'}
        Body: {"security_group": {"tenant_id": "95013469a6224a45938a9c623bba3311", "description": "tempest-secgroup-smoke-1469590809 description", "name": "tempest-secgroup-smoke-1469590809"}}
    Response - Headers: {'status': '201', 'content-length': '888', 'connection': 'close', 'date': 'Mon, 21 Dec 2015 11:27:44 GMT', 'content-type': 'application/json; charset=UTF-8', 'x-openstack-request-id': 'req-6a5f705b-e0ae-4580-9c3f-7b59f8aba789'}
        Body: {"security_group": {"tenant_id": "95013469a6224a45938a9c623bba3311", "description": "tempest-secgroup-smoke-1469590809 description", "id": "71f7963b-a4c5-4293-b136-275be07d9dc9", "security_group_rules": [{"remote_group_id": null, "direction": "egress", "remote_ip_prefix": null, "protocol": null, "ethertype": "IPv4", "tenant_id": "95013469a6224a45938a9c623bba3311", "port_range_max": null, "port_range_min": null, "id": "d646a7f5-0cc3-4490-84bd-02535efbfac2", "security_group_id": "71f7963b-a4c5-4293-b136-275be07d9dc9"}, {"remote_group_id": null, "direction": "egress", "remote_ip_prefix": null, "protocol": null, "ethertype": "IPv6", "tenant_id": "95013469a6224a45938a9c623bba3311", "port_range_max": null, "port_range_min": null, "id": "6ca0f7cf-c779-4d4d-b021-5b00689a04fa", "security_group_id": "71f7963b-a4c5-4293-b136-275be07d9dc9"}], "name": "tempest-secgroup-smoke-1469590809"}}
2015-12-21 11:27:44,727 21149 INFO     [tempest_lib.common.rest_client] Request (TestNetworkBasicOps:test_connectivity_between_vms_on_different_networks): 201 POST http://10.0.2.15:9696/v2.0/security-group-rules 0.117s
2015-12-21 11:27:44,727 21149 DEBUG    [tempest_lib.common.rest_client] Request - Headers: {'Content-Type': 'application/json', 'Accept': 'application/json', 'X-Auth-Token': '&lt;omitted&gt;'}
        Body: {"security_group_rule": {"direction": "ingress", "protocol": "tcp", "tenant_id": "95013469a6224a45938a9c623bba3311", "port_range_max": 22, "security_group_id": "71f7963b-a4c5-4293-b136-275be07d9dc9", "port_range_min": 22}}
    Response - Headers: {'status': '201', 'content-length': '340', 'connection': 'close', 'date': 'Mon, 21 Dec 2015 11:27:44 GMT', 'content-type': 'application/json; charset=UTF-8', 'x-openstack-request-id': 'req-fa1b1f7e-14cd-4501-919b-a2282cc5c891'}
        Body: {"security_group_rule": {"remote_group_id": null, "direction": "ingress", "remote_ip_prefix": null, "protocol": "tcp", "ethertype": "IPv4", "tenant_id": "95013469a6224a45938a9c623bba3311", "port_range_max": 22, "port_range_min": 22, "id": "3d3c3081-0667-4151-b581-4203571008d1", "security_group_id": "71f7963b-a4c5-4293-b136-275be07d9dc9"}}
2015-12-21 11:27:44,839 21149 INFO     [tempest_lib.common.rest_client] Request (TestNetworkBasicOps:test_connectivity_between_vms_on_different_networks): 201 POST http://10.0.2.15:9696/v2.0/security-group-rules 0.111s
2015-12-21 11:27:44,840 21149 DEBUG    [tempest_lib.common.rest_client] Request - Headers: {'Content-Type': 'application/json', 'Accept': 'application/json', 'X-Auth-Token': '&lt;omitted&gt;'}
        Body: {"security_group_rule": {"direction": "egress", "protocol": "tcp", "tenant_id": "95013469a6224a45938a9c623bba3311", "port_range_max": 22, "security_group_id": "71f7963b-a4c5-4293-b136-275be07d9dc9", "port_range_min": 22}}
    Response - Headers: {'status': '201', 'content-length': '339', 'connection': 'close', 'date': 'Mon, 21 Dec 2015 11:27:44 GMT', 'content-type': 'application/json; charset=UTF-8', 'x-openstack-request-id': 'req-64b0a230-6285-41c7-ae60-ddb16174f0a2'}
        Body: {"security_group_rule": {"remote_group_id": null, "direction": "egress", "remote_ip_prefix": null, "protocol": "tcp", "ethertype": "IPv4", "tenant_id": "95013469a6224a45938a9c623bba3311", "port_range_max": 22, "port_range_min": 22, "id": "dd3b5cf8-fffe-40a8-a8aa-a7b72f75baee", "security_group_id": "71f7963b-a4c5-4293-b136-275be07d9dc9"}}
2015-12-21 11:27:44,955 21149 INFO     [tempest_lib.common.rest_client] Request (TestNetworkBasicOps:test_connectivity_between_vms_on_different_networks): 201 POST http://10.0.2.15:9696/v2.0/security-group-rules 0.113s
2015-12-21 11:27:44,955 21149 DEBUG    [tempest_lib.common.rest_client] Request - Headers: {'Content-Type': 'application/json', 'Accept': 'application/json', 'X-Auth-Token': '&lt;omitted&gt;'}
        Body: {"security_group_rule": {"tenant_id": "95013469a6224a45938a9c623bba3311", "direction": "ingress", "protocol": "icmp", "security_group_id": "71f7963b-a4c5-4293-b136-275be07d9dc9"}}
    Response - Headers: {'status': '201', 'content-length': '345', 'connection': 'close', 'date': 'Mon, 21 Dec 2015 11:27:44 GMT', 'content-type': 'application/json; charset=UTF-8', 'x-openstack-request-id': 'req-4ed4e63e-6b3f-4e1a-9441-8b6c4ba2bf6f'}
        Body: {"security_group_rule": {"remote_group_id": null, "direction": "ingress", "remote_ip_prefix": null, "protocol": "icmp", "ethertype": "IPv4", "tenant_id": "95013469a6224a45938a9c623bba3311", "port_range_max": null, "port_range_min": null, "id": "55b91062-9fbf-4405-af29-6f8216f237da", "security_group_id": "71f7963b-a4c5-4293-b136-275be07d9dc9"}}
2015-12-21 11:27:45,203 21149 INFO     [tempest_lib.common.rest_client] Request (TestNetworkBasicOps:test_connectivity_between_vms_on_different_networks): 201 POST http://10.0.2.15:9696/v2.0/security-group-rules 0.245s
2015-12-21 11:27:45,204 21149 DEBUG    [tempest_lib.common.rest_client] Request - Headers: {'Content-Type': 'application/json', 'Accept': 'application/json', 'X-Auth-Token': '&lt;omitted&gt;'}
        Body: {"security_group_rule": {"tenant_id": "95013469a6224a45938a9c623bba3311", "direction": "egress", "protocol": "icmp", "security_group_id": "71f7963b-a4c5-4293-b136-275be07d9dc9"}}
    Response - Headers: {'status': '201', 'content-length': '344', 'connection': 'close', 'date': 'Mon, 21 Dec 2015 11:27:45 GMT', 'content-type': 'application/json; charset=UTF-8', 'x-openstack-request-id': 'req-51619831-b86f-436e-a0b4-cb65d1231089'}
        Body: {"security_group_rule": {"remote_group_id": null, "direction": "egress", "remote_ip_prefix": null, "protocol": "icmp", "ethertype": "IPv4", "tenant_id": "95013469a6224a45938a9c623bba3311", "port_range_max": null, "port_range_min": null, "id": "c7d3f6a1-7e94-4f2d-8800-748e04ea12a1", "security_group_id": "71f7963b-a4c5-4293-b136-275be07d9dc9"}}
2015-12-21 11:27:45,322 21149 INFO     [tempest_lib.common.rest_client] Request (TestNetworkBasicOps:test_connectivity_between_vms_on_different_networks): 201 POST http://10.0.2.15:9696/v2.0/security-group-rules 0.117s
2015-12-21 11:27:45,324 21149 DEBUG    [tempest_lib.common.rest_client] Request - Headers: {'Content-Type': 'application/json', 'Accept': 'application/json', 'X-Auth-Token': '&lt;omitted&gt;'}
        Body: {"security_group_rule": {"tenant_id": "95013469a6224a45938a9c623bba3311", "direction": "ingress", "security_group_id": "71f7963b-a4c5-4293-b136-275be07d9dc9", "protocol": "icmp", "ethertype": "IPv6"}}
    Response - Headers: {'status': '201', 'content-length': '345', 'connection': 'close', 'date': 'Mon, 21 Dec 2015 11:27:45 GMT', 'content-type': 'application/json; charset=UTF-8', 'x-openstack-request-id': 'req-4b7c8807-ea15-468a-90bd-02ba429af741'}
        Body: {"security_group_rule": {"remote_group_id": null, "direction": "ingress", "remote_ip_prefix": null, "protocol": "icmp", "ethertype": "IPv6", "tenant_id": "95013469a6224a45938a9c623bba3311", "port_range_max": null, "port_range_min": null, "id": "6c60888f-b8e4-43ef-b12f-d56638a07704", "security_group_id": "71f7963b-a4c5-4293-b136-275be07d9dc9"}}
2015-12-21 11:27:45,433 21149 INFO     [tempest_lib.common.rest_client] Request (TestNetworkBasicOps:test_connectivity_between_vms_on_different_networks): 201 POST http://10.0.2.15:9696/v2.0/security-group-rules 0.109s
2015-12-21 11:27:45,434 21149 DEBUG    [tempest_lib.common.rest_client] Request - Headers: {'Content-Type': 'application/json', 'Accept': 'application/json', 'X-Auth-Token': '&lt;omitted&gt;'}
        Body: {"security_group_rule": {"tenant_id": "95013469a6224a45938a9c623bba3311", "direction": "egress", "security_group_id": "71f7963b-a4c5-4293-b136-275be07d9dc9", "protocol": "icmp", "ethertype": "IPv6"}}
    Response - Headers: {'status': '201', 'content-length': '344', 'connection': 'close', 'date': 'Mon, 21 Dec 2015 11:27:45 GMT', 'content-type': 'application/json; charset=UTF-8', 'x-openstack-request-id': 'req-4bf8d6da-d170-4a89-aaff-c6c74869a208'}
        Body: {"security_group_rule": {"remote_group_id": null, "direction": "egress", "remote_ip_prefix": null, "protocol": "icmp", "ethertype": "IPv6", "tenant_id": "95013469a6224a45938a9c623bba3311", "port_range_max": null, "port_range_min": null, "id": "335b5b64-18b1-4005-9bb1-c24169528770", "security_group_id": "71f7963b-a4c5-4293-b136-275be07d9dc9"}}
2015-12-21 11:27:45,575 21149 INFO     [tempest_lib.common.rest_client] Request (TestNetworkBasicOps:test_connectivity_between_vms_on_different_networks): 201 POST http://10.0.2.15:9696/v2.0/networks 0.140s
2015-12-21 11:27:45,576 21149 DEBUG    [tempest_lib.common.rest_client] Request - Headers: {'Content-Type': 'application/json', 'Accept': 'application/json', 'X-Auth-Token': '&lt;omitted&gt;'}
        Body: {"network": {"tenant_id": "95013469a6224a45938a9c623bba3311", "name": "tempest-network-smoke--187624016"}}
    Response - Headers: {'status': '201', 'content-length': '295', 'connection': 'close', 'date': 'Mon, 21 Dec 2015 11:27:45 GMT', 'content-type': 'application/json; charset=UTF-8', 'x-openstack-request-id': 'req-27108f57-7146-4f75-8815-504d61e1f4ec'}
        Body: {"network": {"status": "ACTIVE", "subnets": [], "name": "tempest-network-smoke--187624016", "admin_state_up": true, "tenant_id": "95013469a6224a45938a9c623bba3311", "mtu": 0, "router:external": false, "shared": false, "port_security_enabled": true, "id": "ca49e210-ed60-4f65-9c8f-65fbcc79c79c"}}
2015-12-21 11:27:45,651 21149 INFO     [tempest_lib.common.rest_client] Request (TestNetworkBasicOps:test_connectivity_between_vms_on_different_networks): 201 POST http://10.0.2.15:9696/v2.0/routers 0.074s
2015-12-21 11:27:45,652 21149 DEBUG    [tempest_lib.common.rest_client] Request - Headers: {'Content-Type': 'application/json', 'Accept': 'application/json', 'X-Auth-Token': '&lt;omitted&gt;'}
        Body: {"router": {"tenant_id": "95013469a6224a45938a9c623bba3311", "name": "tempest-router-smoke-1001738258", "admin_state_up": true}}
    Response - Headers: {'status': '201', 'content-length': '239', 'connection': 'close', 'date': 'Mon, 21 Dec 2015 11:27:45 GMT', 'content-type': 'application/json; charset=UTF-8', 'x-openstack-request-id': 'req-3f5917c2-771e-46f4-b12a-efcb3d5ec4f9'}
        Body: {"router": {"status": "ACTIVE", "external_gateway_info": null, "name": "tempest-router-smoke-1001738258", "admin_state_up": true, "tenant_id": "95013469a6224a45938a9c623bba3311", "routes": [], "id": "53f02ab4-c22e-48d5-9d82-b8d8571f56bf"}}
2015-12-21 11:27:45,694 21149 INFO     [tempest_lib.common.rest_client] Request (TestNetworkBasicOps:test_connectivity_between_vms_on_different_networks): 200 GET http://10.0.2.15:9696/v2.0/routers/53f02ab4-c22e-48d5-9d82-b8d8571f56bf 0.041s
2015-12-21 11:27:45,695 21149 DEBUG    [tempest_lib.common.rest_client] Request - Headers: {'Content-Type': 'application/json', 'Accept': 'application/json', 'X-Auth-Token': '&lt;omitted&gt;'}
        Body: None
    Response - Headers: {'status': '200', 'content-length': '239', 'content-location': 'http://10.0.2.15:9696/v2.0/routers/53f02ab4-c22e-48d5-9d82-b8d8571f56bf', 'connection': 'close', 'date': 'Mon, 21 Dec 2015 11:27:45 GMT', 'content-type': 'application/json; charset=UTF-8', 'x-openstack-request-id': 'req-16face72-f91b-408c-89a4-c46e17ee31d5'}
        Body: {"router": {"status": "ACTIVE", "external_gateway_info": null, "name": "tempest-router-smoke-1001738258", "admin_state_up": true, "tenant_id": "95013469a6224a45938a9c623bba3311", "routes": [], "id": "53f02ab4-c22e-48d5-9d82-b8d8571f56bf"}}
2015-12-21 11:27:46,266 21149 INFO     [tempest_lib.common.rest_client] Request (TestNetworkBasicOps:test_connectivity_between_vms_on_different_networks): 200 PUT http://10.0.2.15:9696/v2.0/routers/53f02ab4-c22e-48d5-9d82-b8d8571f56bf 0.570s
2015-12-21 11:27:46,267 21149 DEBUG    [tempest_lib.common.rest_client] Request - Headers: {'Content-Type': 'application/json', 'Accept': 'application/json', 'X-Auth-Token': '&lt;omitted&gt;'}
        Body: {"router": {"external_gateway_info": {"network_id": "537eef9e-372d-4690-811a-348904ac4f78"}, "name": "tempest-router-smoke-1001738258", "admin_state_up": true}}
    Response - Headers: {'status': '200', 'content-length': '501', 'connection': 'close', 'date': 'Mon, 21 Dec 2015 11:27:46 GMT', 'content-type': 'application/json; charset=UTF-8', 'x-openstack-request-id': 'req-b7e0ab3d-035b-44ea-a5d2-9958ddab2af1'}
        Body: {"router": {"status": "ACTIVE", "external_gateway_info": {"network_id": "537eef9e-372d-4690-811a-348904ac4f78", "enable_snat": true, "external_fixed_ips": [{"subnet_id": "3b696985-2ad4-4290-b781-3615530b8c4c", "ip_address": "172.24.4.3"}, {"subnet_id": "14356cfe-734c-41c6-979d-efa33597f40f", "ip_address": "2001:db8::3"}]}, "name": "tempest-router-smoke-1001738258", "admin_state_up": true, "tenant_id": "95013469a6224a45938a9c623bba3311", "routes": [], "id": "53f02ab4-c22e-48d5-9d82-b8d8571f56bf"}}
2015-12-21 11:27:46,396 21149 INFO     [tempest_lib.common.rest_client] Request (TestNetworkBasicOps:test_connectivity_between_vms_on_different_networks): 200 GET http://10.0.2.15:9696/v2.0/subnets?tenant_id=95013469a6224a45938a9c623bba3311&amp;cidr=10.100.0.0%2F28 0.129s
2015-12-21 11:27:46,397 21149 DEBUG    [tempest_lib.common.rest_client] Request - Headers: {'Content-Type': 'application/json', 'Accept': 'application/json', 'X-Auth-Token': '&lt;omitted&gt;'}
        Body: None
    Response - Headers: {'status': '200', 'content-length': '15', 'content-location': 'http://10.0.2.15:9696/v2.0/subnets?tenant_id=95013469a6224a45938a9c623bba3311&amp;cidr=10.100.0.0%2F28', 'connection': 'close', 'date': 'Mon, 21 Dec 2015 11:27:46 GMT', 'content-type': 'application/json; charset=UTF-8', 'x-openstack-request-id': 'req-722bb279-4a5f-4b4a-b214-6d65399c99c3'}
        Body: {"subnets": []}
2015-12-21 11:27:46,699 21149 INFO     [tempest_lib.common.rest_client] Request (TestNetworkBasicOps:test_connectivity_between_vms_on_different_networks): 201 POST http://10.0.2.15:9696/v2.0/subnets 0.302s
2015-12-21 11:27:46,700 21149 DEBUG    [tempest_lib.common.rest_client] Request - Headers: {'Content-Type': 'application/json', 'Accept': 'application/json', 'X-Auth-Token': '&lt;omitted&gt;'}
        Body: {"subnet": {"ip_version": 4, "tenant_id": "95013469a6224a45938a9c623bba3311", "cidr": "10.100.0.0/28", "network_id": "ca49e210-ed60-4f65-9c8f-65fbcc79c79c", "name": "tempest-subnet-smoke-896335625"}}
    Response - Headers: {'status': '201', 'content-length': '477', 'connection': 'close', 'date': 'Mon, 21 Dec 2015 11:27:46 GMT', 'content-type': 'application/json; charset=UTF-8', 'x-openstack-request-id': 'req-e3d47676-db40-461e-845d-970a4fb041aa'}
        Body: {"subnet": {"name": "tempest-subnet-smoke-896335625", "enable_dhcp": true, "network_id": "ca49e210-ed60-4f65-9c8f-65fbcc79c79c", "tenant_id": "95013469a6224a45938a9c623bba3311", "dns_nameservers": [], "gateway_ip": "10.100.0.1", "ipv6_ra_mode": null, "allocation_pools": [{"start": "10.100.0.2", "end": "10.100.0.14"}], "host_routes": [], "ip_version": 4, "ipv6_address_mode": null, "cidr": "10.100.0.0/28", "id": "7d5573ea-33d1-497d-8ca6-9a63fe2ecf23", "subnetpool_id": null}}
2015-12-21 11:27:47,143 21149 INFO     [tempest_lib.common.rest_client] Request (TestNetworkBasicOps:test_connectivity_between_vms_on_different_networks): 200 PUT http://10.0.2.15:9696/v2.0/routers/53f02ab4-c22e-48d5-9d82-b8d8571f56bf/add_router_interface 0.442s
2015-12-21 11:27:47,143 21149 DEBUG    [tempest_lib.common.rest_client] Request - Headers: {'Content-Type': 'application/json', 'Accept': 'application/json', 'X-Auth-Token': '&lt;omitted&gt;'}
        Body: {"subnet_id": "7d5573ea-33d1-497d-8ca6-9a63fe2ecf23"}
    Response - Headers: {'status': '200', 'content-length': '255', 'connection': 'close', 'date': 'Mon, 21 Dec 2015 11:27:47 GMT', 'content-type': 'application/json; charset=UTF-8', 'x-openstack-request-id': 'req-df0e78ed-e048-493a-a9f3-a04b934de178'}
        Body: {"subnet_id": "7d5573ea-33d1-497d-8ca6-9a63fe2ecf23", "tenant_id": "95013469a6224a45938a9c623bba3311", "subnet_ids": ["7d5573ea-33d1-497d-8ca6-9a63fe2ecf23"], "port_id": "945fdb0d-2457-4f30-8dcf-7f857b8314db", "id": "53f02ab4-c22e-48d5-9d82-b8d8571f56bf"}
2015-12-21 11:27:47,205 21149 INFO     [tempest_lib.common.rest_client] Request (TestNetworkBasicOps:test_connectivity_between_vms_on_different_networks): 200 GET http://10.0.2.15:9696/v2.0/networks 0.061s
2015-12-21 11:27:47,205 21149 DEBUG    [tempest_lib.common.rest_client] Request - Headers: {'Content-Type': 'application/json', 'Accept': 'application/json', 'X-Auth-Token': '&lt;omitted&gt;'}
        Body: None
    Response - Headers: {'status': '200', 'content-length': '1317', 'content-location': 'http://10.0.2.15:9696/v2.0/networks', 'connection': 'close', 'date': 'Mon, 21 Dec 2015 11:27:47 GMT', 'content-type': 'application/json; charset=UTF-8', 'x-openstack-request-id': 'req-6b586db6-5a33-4cef-9acc-06159ee51eba'}
        Body: {"networks": [{"status": "ACTIVE", "subnets": ["14356cfe-734c-41c6-979d-efa33597f40f", "3b696985-2ad4-4290-b781-3615530b8c4c"], "name": "public", "provider:physical_network": null, "admin_state_up": true, "tenant_id": "0fad696a495242b2be00c0360b5cbf4e", "mtu": 0, "router:external": true, "shared": false, "port_security_enabled": true, "provider:network_type": "vxlan", "id": "537eef9e-372d-4690-811a-348904ac4f78", "provider:segmentation_id": 1033}, {"status": "ACTIVE", "subnets": ["23ad90c1-5bab-41e4-92cb-302556da0965", "3d7f6122-b336-40c3-85cf-a75f2d4973cf"], "name": "private", "provider:physical_network": null, "admin_state_up": true, "tenant_id": "042d7b379b314c7781267337982a50d8", "mtu": 0, "router:external": false, "shared": false, "port_security_enabled": true, "provider:network_type": "vxlan", "id": "3bc09773-c6b3-4bea-8398-85e2ea7d3fe5", "provider:segmentation_id": 1051}, {"status": "ACTIVE", "subnets": ["7d5573ea-33d1-497d-8ca6-9a63fe2ecf23"], "name": "tempest-network-smoke--187624016", "provider:physical_network": null, "admin_state_up": true, "tenant_id": "95013469a6224a45938a9c623bba3311", "mtu": 0, "router:external": false, "shared": false, "port_security_enabled": true, "provider:network_type": "vxlan", "id": "ca49e210-ed60-4f65-9c8f-65fbcc79c79c", "provider:segmentation_id": 1097}]}
2015-12-21 11:27:47,386 21149 INFO     [tempest_lib.common.rest_client] Request (TestNetworkBasicOps:test_connectivity_between_vms_on_different_networks): 200 GET http://10.0.2.15:9696/v2.0/subnets 0.180s
2015-12-21 11:27:47,386 21149 DEBUG    [tempest_lib.common.rest_client] Request - Headers: {'Content-Type': 'application/json', 'Accept': 'application/json', 'X-Auth-Token': '&lt;omitted&gt;'}
        Body: None
    Response - Headers: {'status': '200', 'content-length': '2407', 'content-location': 'http://10.0.2.15:9696/v2.0/subnets', 'connection': 'close', 'date': 'Mon, 21 Dec 2015 11:27:47 GMT', 'content-type': 'application/json; charset=UTF-8', 'x-openstack-request-id': 'req-ccbf3ea0-2671-445d-b5c8-5e862d0b3f5a'}
        Body: {"subnets": [{"name": "private-subnet", "enable_dhcp": true, "network_id": "3bc09773-c6b3-4bea-8398-85e2ea7d3fe5", "tenant_id": "042d7b379b314c7781267337982a50d8", "dns_nameservers": [], "gateway_ip": "10.0.0.1", "ipv6_ra_mode": null, "allocation_pools": [{"start": "10.0.0.2", "end": "10.0.0.254"}], "host_routes": [], "ip_version": 4, "ipv6_address_mode": null, "cidr": "10.0.0.0/24", "id": "23ad90c1-5bab-41e4-92cb-302556da0965", "subnetpool_id": null}, {"name": "public-subnet", "enable_dhcp": false, "network_id": "537eef9e-372d-4690-811a-348904ac4f78", "tenant_id": "0fad696a495242b2be00c0360b5cbf4e", "dns_nameservers": [], "gateway_ip": "172.24.4.1", "ipv6_ra_mode": null, "allocation_pools": [{"start": "172.24.4.2", "end": "172.24.4.254"}], "host_routes": [], "ip_version": 4, "ipv6_address_mode": null, "cidr": "172.24.4.0/24", "id": "3b696985-2ad4-4290-b781-3615530b8c4c", "subnetpool_id": null}, {"name": "ipv6-public-subnet", "enable_dhcp": false, "network_id": "537eef9e-372d-4690-811a-348904ac4f78", "tenant_id": "0fad696a495242b2be00c0360b5cbf4e", "dns_nameservers": [], "gateway_ip": "2001:db8::2", "ipv6_ra_mode": null, "allocation_pools": [{"start": "2001:db8::1", "end": "2001:db8::1"}, {"start": "2001:db8::3", "end": "2001:db8::ffff:ffff:ffff:ffff"}], "host_routes": [], "ip_version": 6, "ipv6_address_mode": null, "cidr": "2001:db8::/64", "id": "14356cfe-734c-41c6-979d-efa33597f40f", "subnetpool_id": null}, {"name": "ipv6-private-subnet", "enable_dhcp": true, "network_id": "3bc09773-c6b3-4bea-8398-85e2ea7d3fe5", "tenant_id": "042d7b379b314c7781267337982a50d8", "dns_nameservers": [], "gateway_ip": "fd52:ee32:f563::1", "ipv6_ra_mode": "slaac", "allocation_pools": [{"start": "fd52:ee32:f563::2", "end": "fd52:ee32:f563:0:ffff:ffff:ffff:ffff"}], "host_routes": [], "ip_version": 6, "ipv6_address_mode": "slaac", "cidr": "fd52:ee32:f563::/64", "id": "3d7f6122-b336-40c3-85cf-a75f2d4973cf", "subnetpool_id": null}, {"name": "tempest-subnet-smoke-896335625", "enable_dhcp": true, "network_id": "ca49e210-ed60-4f65-9c8f-65fbcc79c79c", "tenant_id": "95013469a6224a45938a9c623bba3311", "dns_nameservers": [], "gateway_ip": "10.100.0.1", "ipv6_ra_mode": null, "allocation_pools": [{"start": "10.100.0.2", "end": "10.100.0.14"}], "host_routes": [], "ip_version": 4, "ipv6_address_mode": null, "cidr": "10.100.0.0/28", "id": "7d5573ea-33d1-497d-8ca6-9a63fe2ecf23", "subnetpool_id": null}]}
2015-12-21 11:27:47,431 21149 INFO     [tempest_lib.common.rest_client] Request (TestNetworkBasicOps:test_connectivity_between_vms_on_different_networks): 200 GET http://10.0.2.15:9696/v2.0/routers 0.044s
2015-12-21 11:27:47,432 21149 DEBUG    [tempest_lib.common.rest_client] Request - Headers: {'Content-Type': 'application/json', 'Accept': 'application/json', 'X-Auth-Token': '&lt;omitted&gt;'}
        Body: None
    Response - Headers: {'status': '200', 'content-length': '1041', 'content-location': 'http://10.0.2.15:9696/v2.0/routers', 'connection': 'close', 'date': 'Mon, 21 Dec 2015 11:27:47 GMT', 'content-type': 'application/json; charset=UTF-8', 'x-openstack-request-id': 'req-25a41e2f-f655-4616-8d2f-b78df0694a71'}
        Body: {"routers": [{"status": "ACTIVE", "external_gateway_info": {"network_id": "537eef9e-372d-4690-811a-348904ac4f78", "enable_snat": true, "external_fixed_ips": [{"subnet_id": "3b696985-2ad4-4290-b781-3615530b8c4c", "ip_address": "172.24.4.3"}, {"subnet_id": "14356cfe-734c-41c6-979d-efa33597f40f", "ip_address": "2001:db8::3"}]}, "name": "tempest-router-smoke-1001738258", "admin_state_up": true, "tenant_id": "95013469a6224a45938a9c623bba3311", "distributed": false, "routes": [], "ha": false, "id": "53f02ab4-c22e-48d5-9d82-b8d8571f56bf"}, {"status": "ACTIVE", "external_gateway_info": {"network_id": "537eef9e-372d-4690-811a-348904ac4f78", "enable_snat": true, "external_fixed_ips": [{"subnet_id": "3b696985-2ad4-4290-b781-3615530b8c4c", "ip_address": "172.24.4.2"}, {"subnet_id": "14356cfe-734c-41c6-979d-efa33597f40f", "ip_address": "2001:db8::1"}]}, "name": "router1", "admin_state_up": true, "tenant_id": "042d7b379b314c7781267337982a50d8", "distributed": false, "routes": [], "ha": false, "id": "8ada962e-6138-4249-af90-237d45ac26b6"}]}
2015-12-21 11:27:47,763 21149 INFO     [tempest_lib.common.rest_client] Request (TestNetworkBasicOps:test_connectivity_between_vms_on_different_networks): 200 POST http://10.0.2.15:8774/v2.1/95013469a6224a45938a9c623bba3311/os-keypairs 0.330s
2015-12-21 11:27:47,764 21149 DEBUG    [tempest_lib.common.rest_client] Request - Headers: {'Content-Type': 'application/json', 'Accept': 'application/json', 'X-Auth-Token': '&lt;omitted&gt;'}
        Body: {"keypair": {"name": "tempest-TestNetworkBasicOps-1966603088"}}
    Response - Headers: {'status': '200', 'content-length': '2321', 'x-compute-request-id': 'req-eaa98dfc-9e5d-4f46-87b5-28de4e07b89b', 'vary': 'X-OpenStack-Nova-API-Version', 'connection': 'close', 'x-openstack-nova-api-version': '2.1', 'date': 'Mon, 21 Dec 2015 11:27:47 GMT', 'content-type': 'application/json'}
        Body: {"keypair": {"public_key": "ssh-rsa AAAAB3NzaC1yc2EAAAADAQABAAABAQDoWJImUyAiQrqe2IuJVH4AroaCOhG63rCBKDI8DzK377FMM3sVaMQwW5aGkBMeTUmFoKdvsOKLEzk4EeJCP6OnzS02mAOyscXpO0tOzbM2lQ0LHhrhz2kzPivoHfb+80Tor2tdbtN2XtD0s4ovAoNgNWRkKgVik/jkrtxgswwZbQSI9O5n0i/dmAZ7DhauPNYh1/kEi/YlXxFv61dP9hMTOD1WajMYHdyArIdIpC0o2C+kIXMdWG/BVbwTMhE08MmIphOqnSr+gTJ6Fa1tzslFD0Q/+1oMWzgjm7BHyyL0oG9czZR/J4JR+/vhg3VHbfhmQByNz+8GA8d7iDPOijfZ Generated-by-Nova", "private_key": "-----BEGIN RSA PRIVATE KEY-----\nMIIEqAIBAAKCAQEA6FiSJlMgIkK6ntiLiVR+AK6GgjoRut6wgSgyPA8yt++xTDN7\nFWjEMFuWhpATHk1JhaCnb7DiixM5OBHiQj+jp80tNpgDsrHF6TtLTs2zNpUNCx4a\n4c9pMz4r6B32/vNE6K9rXW7Tdl7Q9LOKLwKDYDVkZCoFYpP45K7cYLMMGW0EiPTu\nZ9Iv3ZgGew4WrjzWIdf5BIv2JV8Rb+tXT/YTEzg9VmozGB3cgKyHSKQtKNgvpCFz\nHVhvwVW8EzIRNPDJiKYTqp0q/oEyehWtbc7JRQ9EP/taDFs4I5uwR8si9KBvXM2U\nfyeCUfv74YN1R234ZkAcjc/vBgPHe4gzzoo32QIDAQABAoIBAQDl5IUvUH5yB855\nT0+5YRWPfR/wCJ70ZFUGZoxV6r/HSW4HNMTraQ79vhGRMUsJZ3WAt3YUSFPPQgUS\nmndiD2/Rn2zGIOE/1TA61oVsApH5Rr9yKaZ1mXDA2Bo/gC6dEn0zMiasevTWoXhl\nNqRaYUU2U33ysbVEVZ8mPnIlZ+Nn3xjFVnWh/kN0wal139AhgbR7sKOxMqc9jPrP\njP/B9BBjkmXYzO3jJeMy+iWyfwLhzvSjpqmKU7VvNAhR5RucW7xVwsmW1lY2cMaD\nCFEvg9RAlqqQuW7lnzJBVIfvv5712wrwSiFAbdRDdNDH13hA6jBH958wt2scu+2p\ny3yvfigBAoIAgQDzp8vNkTfdQHPwrFJ+JCX6tjurK8M4VBb7HhB4gkQ4BkXKRCiX\nud3qcoFTpmaXlvMn1sI243sRpBmtSqAstPJ3/pUk6PgD9xxhPWu5zQwMIZ/cTxNy\n7GyKOr0FTmSf1XhOB/wqaNizdpBIx2wfj5M/YoFu+N65oehS6cs4eJR02QKCAIEA\n9B4XXOpPn4i+6oNVzskxWfG7M93R/VeLRU0jVBNI31XghD9rvWgMnyyW99g2jzr2\ni6GZyRMOXZv1pjZh32CzgeolJfkPzt2lI+f/l5JzGGVXYfFTCKxu0+76Xnqkz5II\nM1ogrX6yfz9AFSIKixiMRxQMyUFM1N9uSsQt+99t+wECggCAAwt+xYPiEdbDXCeb\nJE5pVxe96Saz2tlaLCs1A3yFQ7n4V03AwBynhE2IBjaXI5/UTBQn+y2elRra40qC\nc+yS9yLsVDjBGLOW3DQ7S2gflWs6JzOpx47i0Ftpj05qfYDabwc0hIco5h0+Mlqj\npEVUDr+5ZFyh0+oNEDQxwPPozwkCggCALU84fuJujOnQpa5iytLE+jDH0kSlqSQK\nkX5TxFMf/3PtDB7JXIpnbVPVYYMb/VGwWRJRfOSwkedUnNkTKWbFaqOO6ZFkwbyZ\n3iQ9aGCiRDDrGx6zjrSSjXuZtNeGp5AvPXjI/+q4Lq4KsuFym4ae4sJx7RjVrd0a\nl336GvnJbAECggCASnGEIiUwnZGwzK4XAIKiAzOcijlN8MhXJ22av1aH6gFRlFIM\n8uhHtABWSgkoul6Xfy28U1Xm9QTtZYa+4J9EmxNxWhxxQTMqE+wQHsmwcEiLsJwB\ndJ8TioGaMwrsTpWCHJJOZLl8xStaor/wYF2e9DmcFSJ4y/FPM1KAt5XkE9Y=\n-----END RSA PRIVATE KEY-----\n", "user_id": "d4a83ca8d52248679aecacce263dbf85", "name": "tempest-TestNetworkBasicOps-1966603088", "fingerprint": "69:f4:a4:64:47:17:29:e3:6d:5d:c2:c5:23:6e:f9:40"}}
2015-12-21 11:27:47,884 21149 INFO     [tempest_lib.common.rest_client] Request (TestNetworkBasicOps:test_connectivity_between_vms_on_different_networks): 200 POST http://10.0.2.15:5000/v2.0/tokens
2015-12-21 11:27:47,885 21149 DEBUG    [tempest_lib.common.rest_client] Request - Headers: {'Content-Type': 'application/json', 'Accept': 'application/json'}
        Body: &lt;omitted&gt;
    Response - Headers: {'status': '200', 'content-length': '2530', 'vary': 'X-Auth-Token', 'server': 'Apache/2.4.7 (Ubuntu)', 'connection': 'close', 'date': 'Mon, 21 Dec 2015 11:27:47 GMT', 'content-type': 'application/json', 'x-openstack-request-id': 'req-5ec0e7bd-b954-4cb4-a0ba-05a267141f70'}
        Body: {"access": {"token": {"issued_at": "2015-12-21T11:27:47.872040", "expires": "2015-12-21T12:27:47Z", "id": "ffc81f188ac341f68a1423a7ff1cc1e7", "tenant": {"description": "tempest-TestNetworkBasicOps-2136401917-desc", "enabled": true, "id": "95013469a6224a45938a9c623bba3311", "name": "tempest-TestNetworkBasicOps-2136401917"}, "audit_ids": ["mOX72of4SmeLCBLLHNnrRQ"]}, "serviceCatalog": [{"endpoints": [{"adminURL": "http://10.0.2.15:8774/v2.1/95013469a6224a45938a9c623bba3311", "region": "RegionOne", "internalURL": "http://10.0.2.15:8774/v2.1/95013469a6224a45938a9c623bba3311", "id": "38164d82ab4c4deab5243c1b267d6a80", "publicURL": "http://10.0.2.15:8774/v2.1/95013469a6224a45938a9c623bba3311"}], "endpoints_links": [], "type": "compute", "name": "nova"}, {"endpoints": [{"adminURL": "http://10.0.2.15:9696/", "region": "RegionOne", "internalURL": "http://10.0.2.15:9696/", "id": "4b38df3ec51847ee988786532a09fcc6", "publicURL": "http://10.0.2.15:9696/"}], "endpoints_links": [], "type": "network", "name": "neutron"}, {"endpoints": [{"adminURL": "http://10.0.2.15:9292", "region": "RegionOne", "internalURL": "http://10.0.2.15:9292", "id": "06f8444e966a4f049321547073c8cdf2", "publicURL": "http://10.0.2.15:9292"}], "endpoints_links": [], "type": "image", "name": "glance"}, {"endpoints": [{"adminURL": "http://10.0.2.15:8774/v2/95013469a6224a45938a9c623bba3311", "region": "RegionOne", "internalURL": "http://10.0.2.15:8774/v2/95013469a6224a45938a9c623bba3311", "id": "00d821cd93ef491299d6c203454040b1", "publicURL": "http://10.0.2.15:8774/v2/95013469a6224a45938a9c623bba3311"}], "endpoints_links": [], "type": "compute_legacy", "name": "nova_legacy"}, {"endpoints": [{"adminURL": "http://10.0.2.15:8773/", "region": "RegionOne", "internalURL": "http://10.0.2.15:8773/", "id": "150b5032344c4b608a8def28702c417e", "publicURL": "http://10.0.2.15:8773/"}], "endpoints_links": [], "type": "ec2", "name": "ec2"}, {"endpoints": [{"adminURL": "http://10.0.2.15:35357/v2.0", "region": "RegionOne", "internalURL": "http://10.0.2.15:5000/v2.0", "id": "120ae7c644ee4912abaf23c678eb842a", "publicURL": "http://10.0.2.15:5000/v2.0"}], "endpoints_links": [], "type": "identity", "name": "keystone"}], "user": {"username": "tempest-TestNetworkBasicOps-1424913520", "roles_links": [], "id": "d4a83ca8d52248679aecacce263dbf85", "roles": [{"name": "Member"}, {"name": "_member_"}], "name": "tempest-TestNetworkBasicOps-1424913520"}, "metadata": {"is_admin": 0, "roles": ["4d2a24afc7234bc4a3301f952f6178dd", "9fe2ff9ee4384b1894a90878d3e92bab"]}}}
2015-12-21 11:27:47,892 21149 DEBUG    [tempest.common.fixed_network] (TestNetworkBasicOps:test_connectivity_between_vms_on_different_networks) No valid network provided or created, defaulting to fixed_network_name
2015-12-21 11:27:48,221 21149 INFO     [tempest_lib.common.rest_client] Request (TestNetworkBasicOps:test_connectivity_between_vms_on_different_networks): 200 GET http://10.0.2.15:8774/v2.1/95013469a6224a45938a9c623bba3311/os-networks 0.328s
2015-12-21 11:27:48,221 21149 DEBUG    [tempest_lib.common.rest_client] Request - Headers: {'Content-Type': 'application/json', 'Accept': 'application/json', 'X-Auth-Token': '&lt;omitted&gt;'}
        Body: None
    Response - Headers: {'status': '200', 'content-length': '478', 'content-location': 'http://10.0.2.15:8774/v2.1/95013469a6224a45938a9c623bba3311/os-networks', 'x-compute-request-id': 'req-026d9333-aca1-4b0b-8b0a-f6ec041d0f2b', 'vary': 'X-OpenStack-Nova-API-Version', 'connection': 'close', 'x-openstack-nova-api-version': '2.1', 'date': 'Mon, 21 Dec 2015 11:27:48 GMT', 'content-type': 'application/json'}
        Body: {"networks": [{"cidr_v6": null, "dns2": null, "dns1": null, "gateway": null, "broadcast": null, "netmask": null, "gateway_v6": null, "cidr": null, "label": "public", "id": "537eef9e-372d-4690-811a-348904ac4f78", "netmask_v6": null}, {"cidr_v6": null, "dns2": null, "dns1": null, "gateway": null, "broadcast": null, "netmask": null, "gateway_v6": null, "cidr": null, "label": "tempest-network-smoke--187624016", "id": "ca49e210-ed60-4f65-9c8f-65fbcc79c79c", "netmask_v6": null}]}
2015-12-21 11:27:48,222 21149 WARNING  [tempest.common.fixed_network] (TestNetworkBasicOps:test_connectivity_between_vms_on_different_networks) Network with name: private not found
2015-12-21 11:27:48,222 21149 INFO     [tempest.common.fixed_network] (TestNetworkBasicOps:test_connectivity_between_vms_on_different_networks) Found network {} available for tenant
2015-12-21 11:27:49,915 21149 INFO     [tempest_lib.common.rest_client] Request (TestNetworkBasicOps:test_connectivity_between_vms_on_different_networks): 202 POST http://10.0.2.15:8774/v2.1/95013469a6224a45938a9c623bba3311/servers 1.691s
2015-12-21 11:27:49,915 21149 DEBUG    [tempest_lib.common.rest_client] Request - Headers: {'Content-Type': 'application/json', 'Accept': 'application/json', 'X-Auth-Token': '&lt;omitted&gt;'}
        Body: {"server": {"name": "tempest.common.compute-instance-1755650392", "imageRef": "9ad74ad7-3569-4752-b03f-ee47271be2dd", "key_name": "tempest-TestNetworkBasicOps-1966603088", "flavorRef": "42", "networks": [{"uuid": "ca49e210-ed60-4f65-9c8f-65fbcc79c79c"}], "security_groups": [{"name": "tempest-secgroup-smoke-1469590809"}]}}
    Response - Headers: {'status': '202', 'content-length': '462', 'x-compute-request-id': 'req-da100d79-cdd0-4ae9-9fc2-231166675bae', 'vary': 'X-OpenStack-Nova-API-Version', 'connection': 'close', 'location': 'http://10.0.2.15:8774/v2.1/95013469a6224a45938a9c623bba3311/servers/88a1a44e-394d-4a38-8174-fa9521db9794', 'x-openstack-nova-api-version': '2.1', 'date': 'Mon, 21 Dec 2015 11:27:49 GMT', 'content-type': 'application/json'}
        Body: {"server": {"security_groups": [{"name": "tempest-secgroup-smoke-1469590809"}], "OS-DCF:diskConfig": "MANUAL", "id": "88a1a44e-394d-4a38-8174-fa9521db9794", "links": [{"href": "http://10.0.2.15:8774/v2.1/95013469a6224a45938a9c623bba3311/servers/88a1a44e-394d-4a38-8174-fa9521db9794", "rel": "self"}, {"href": "http://10.0.2.15:8774/95013469a6224a45938a9c623bba3311/servers/88a1a44e-394d-4a38-8174-fa9521db9794", "rel": "bookmark"}], "adminPass": "txrDKti6tiZX"}}
2015-12-21 11:27:50,099 21149 INFO     [tempest_lib.common.rest_client] Request (TestNetworkBasicOps:test_connectivity_between_vms_on_different_networks): 200 GET http://10.0.2.15:8774/v2.1/95013469a6224a45938a9c623bba3311/servers/88a1a44e-394d-4a38-8174-fa9521db9794 0.178s
2015-12-21 11:27:50,099 21149 DEBUG    [tempest_lib.common.rest_client] Request - Headers: {'Content-Type': 'application/json', 'Accept': 'application/json', 'X-Auth-Token': '&lt;omitted&gt;'}
        Body: None
    Response - Headers: {'status': '200', 'content-length': '1356', 'content-location': 'http://10.0.2.15:8774/v2.1/95013469a6224a45938a9c623bba3311/servers/88a1a44e-394d-4a38-8174-fa9521db9794', 'x-compute-request-id': 'req-a079b756-9c91-49a5-b70d-653011712cb6', 'vary': 'X-OpenStack-Nova-API-Version', 'connection': 'close', 'x-openstack-nova-api-version': '2.1', 'date': 'Mon, 21 Dec 2015 11:27:50 GMT', 'content-type': 'application/json'}
        Body: {"server": {"status": "BUILD", "updated": "2015-12-21T11:27:50Z", "hostId": "", "addresses": {}, "links": [{"href": "http://10.0.2.15:8774/v2.1/95013469a6224a45938a9c623bba3311/servers/88a1a44e-394d-4a38-8174-fa9521db9794", "rel": "self"}, {"href": "http://10.0.2.15:8774/95013469a6224a45938a9c623bba3311/servers/88a1a44e-394d-4a38-8174-fa9521db9794", "rel": "bookmark"}], "key_name": "tempest-TestNetworkBasicOps-1966603088", "image": {"id": "9ad74ad7-3569-4752-b03f-ee47271be2dd", "links": [{"href": "http://10.0.2.15:8774/95013469a6224a45938a9c623bba3311/images/9ad74ad7-3569-4752-b03f-ee47271be2dd", "rel": "bookmark"}]}, "OS-EXT-STS:task_state": "scheduling", "OS-EXT-STS:vm_state": "building", "OS-SRV-USG:launched_at": null, "flavor": {"id": "42", "links": [{"href": "http://10.0.2.15:8774/95013469a6224a45938a9c623bba3311/flavors/42", "rel": "bookmark"}]}, "id": "88a1a44e-394d-4a38-8174-fa9521db9794", "OS-SRV-USG:terminated_at": null, "OS-EXT-AZ:availability_zone": "", "user_id": "d4a83ca8d52248679aecacce263dbf85", "name": "tempest.common.compute-instance-1755650392", "created": "2015-12-21T11:27:49Z", "tenant_id": "95013469a6224a45938a9c623bba3311", "OS-DCF:diskConfig": "MANUAL", "os-extended-volumes:volumes_attached": [], "accessIPv4": "", "accessIPv6": "", "progress": 0, "OS-EXT-STS:power_state": 0, "config_drive": "", "metadata": {}}}
2015-12-21 11:27:51,365 21149 INFO     [tempest_lib.common.rest_client] Request (TestNetworkBasicOps:test_connectivity_between_vms_on_different_networks): 200 GET http://10.0.2.15:8774/v2.1/95013469a6224a45938a9c623bba3311/servers/88a1a44e-394d-4a38-8174-fa9521db9794 0.255s
2015-12-21 11:27:51,365 21149 DEBUG    [tempest_lib.common.rest_client] Request - Headers: {'Content-Type': 'application/json', 'Accept': 'application/json', 'X-Auth-Token': '&lt;omitted&gt;'}
        Body: None
    Response - Headers: {'status': '200', 'content-length': '1482', 'content-location': 'http://10.0.2.15:8774/v2.1/95013469a6224a45938a9c623bba3311/servers/88a1a44e-394d-4a38-8174-fa9521db9794', 'x-compute-request-id': 'req-cc1fcf21-72f8-4f01-97b6-688fc932612d', 'vary': 'X-OpenStack-Nova-API-Version', 'connection': 'close', 'x-openstack-nova-api-version': '2.1', 'date': 'Mon, 21 Dec 2015 11:27:51 GMT', 'content-type': 'application/json'}
        Body: {"server": {"status": "BUILD", "updated": "2015-12-21T11:27:50Z", "hostId": "071ee912370fd0e0b54c74ed43dc1b16eb2725de449078c600a0cbe9", "addresses": {}, "links": [{"href": "http://10.0.2.15:8774/v2.1/95013469a6224a45938a9c623bba3311/servers/88a1a44e-394d-4a38-8174-fa9521db9794", "rel": "self"}, {"href": "http://10.0.2.15:8774/95013469a6224a45938a9c623bba3311/servers/88a1a44e-394d-4a38-8174-fa9521db9794", "rel": "bookmark"}], "key_name": "tempest-TestNetworkBasicOps-1966603088", "image": {"id": "9ad74ad7-3569-4752-b03f-ee47271be2dd", "links": [{"href": "http://10.0.2.15:8774/95013469a6224a45938a9c623bba3311/images/9ad74ad7-3569-4752-b03f-ee47271be2dd", "rel": "bookmark"}]}, "OS-EXT-STS:task_state": "spawning", "OS-EXT-STS:vm_state": "building", "OS-SRV-USG:launched_at": null, "flavor": {"id": "42", "links": [{"href": "http://10.0.2.15:8774/95013469a6224a45938a9c623bba3311/flavors/42", "rel": "bookmark"}]}, "id": "88a1a44e-394d-4a38-8174-fa9521db9794", "security_groups": [{"name": "tempest-secgroup-smoke-1469590809"}], "OS-SRV-USG:terminated_at": null, "OS-EXT-AZ:availability_zone": "nova", "user_id": "d4a83ca8d52248679aecacce263dbf85", "name": "tempest.common.compute-instance-1755650392", "created": "2015-12-21T11:27:49Z", "tenant_id": "95013469a6224a45938a9c623bba3311", "OS-DCF:diskConfig": "MANUAL", "os-extended-volumes:volumes_attached": [], "accessIPv4": "", "accessIPv6": "", "progress": 0, "OS-EXT-STS:power_state": 0, "config_drive": "", "metadata": {}}}
2015-12-21 11:27:51,373 21149 INFO     [tempest.common.waiters] State transition "BUILD/scheduling" ==&gt; "BUILD/spawning" after 1 second wait
2015-12-21 11:27:52,599 21149 INFO     [tempest_lib.common.rest_client] Request (TestNetworkBasicOps:test_connectivity_between_vms_on_different_networks): 200 GET http://10.0.2.15:8774/v2.1/95013469a6224a45938a9c623bba3311/servers/88a1a44e-394d-4a38-8174-fa9521db9794 0.223s
2015-12-21 11:27:52,599 21149 DEBUG    [tempest_lib.common.rest_client] Request - Headers: {'Content-Type': 'application/json', 'Accept': 'application/json', 'X-Auth-Token': '&lt;omitted&gt;'}
        Body: None
    Response - Headers: {'status': '200', 'content-length': '1482', 'content-location': 'http://10.0.2.15:8774/v2.1/95013469a6224a45938a9c623bba3311/servers/88a1a44e-394d-4a38-8174-fa9521db9794', 'x-compute-request-id': 'req-778ffed5-7c6f-4e6d-b022-a373620cafa7', 'vary': 'X-OpenStack-Nova-API-Version', 'connection': 'close', 'x-openstack-nova-api-version': '2.1', 'date': 'Mon, 21 Dec 2015 11:27:52 GMT', 'content-type': 'application/json'}
        Body: {"server": {"status": "BUILD", "updated": "2015-12-21T11:27:50Z", "hostId": "071ee912370fd0e0b54c74ed43dc1b16eb2725de449078c600a0cbe9", "addresses": {}, "links": [{"href": "http://10.0.2.15:8774/v2.1/95013469a6224a45938a9c623bba3311/servers/88a1a44e-394d-4a38-8174-fa9521db9794", "rel": "self"}, {"href": "http://10.0.2.15:8774/95013469a6224a45938a9c623bba3311/servers/88a1a44e-394d-4a38-8174-fa9521db9794", "rel": "bookmark"}], "key_name": "tempest-TestNetworkBasicOps-1966603088", "image": {"id": "9ad74ad7-3569-4752-b03f-ee47271be2dd", "links": [{"href": "http://10.0.2.15:8774/95013469a6224a45938a9c623bba3311/images/9ad74ad7-3569-4752-b03f-ee47271be2dd", "rel": "bookmark"}]}, "OS-EXT-STS:task_state": "spawning", "OS-EXT-STS:vm_state": "building", "OS-SRV-USG:launched_at": null, "flavor": {"id": "42", "links": [{"href": "http://10.0.2.15:8774/95013469a6224a45938a9c623bba3311/flavors/42", "rel": "bookmark"}]}, "id": "88a1a44e-394d-4a38-8174-fa9521db9794", "security_groups": [{"name": "tempest-secgroup-smoke-1469590809"}], "OS-SRV-USG:terminated_at": null, "OS-EXT-AZ:availability_zone": "nova", "user_id": "d4a83ca8d52248679aecacce263dbf85", "name": "tempest.common.compute-instance-1755650392", "created": "2015-12-21T11:27:49Z", "tenant_id": "95013469a6224a45938a9c623bba3311", "OS-DCF:diskConfig": "MANUAL", "os-extended-volumes:volumes_attached": [], "accessIPv4": "", "accessIPv6": "", "progress": 0, "OS-EXT-STS:power_state": 0, "config_drive": "", "metadata": {}}}
2015-12-21 11:27:53,800 21149 INFO     [tempest_lib.common.rest_client] Request (TestNetworkBasicOps:test_connectivity_between_vms_on_different_networks): 200 GET http://10.0.2.15:8774/v2.1/95013469a6224a45938a9c623bba3311/servers/88a1a44e-394d-4a38-8174-fa9521db9794 0.186s
2015-12-21 11:27:53,800 21149 DEBUG    [tempest_lib.common.rest_client] Request - Headers: {'Content-Type': 'application/json', 'Accept': 'application/json', 'X-Auth-Token': '&lt;omitted&gt;'}
        Body: None
    Response - Headers: {'status': '200', 'content-length': '1653', 'content-location': 'http://10.0.2.15:8774/v2.1/95013469a6224a45938a9c623bba3311/servers/88a1a44e-394d-4a38-8174-fa9521db9794', 'x-compute-request-id': 'req-3872890e-998d-4841-959a-4035724f948c', 'vary': 'X-OpenStack-Nova-API-Version', 'connection': 'close', 'x-openstack-nova-api-version': '2.1', 'date': 'Mon, 21 Dec 2015 11:27:53 GMT', 'content-type': 'application/json'}
        Body: {"server": {"status": "ACTIVE", "updated": "2015-12-21T11:27:53Z", "hostId": "071ee912370fd0e0b54c74ed43dc1b16eb2725de449078c600a0cbe9", "addresses": {"tempest-network-smoke--187624016": [{"OS-EXT-IPS-MAC:mac_addr": "fa:16:3e:43:18:7d", "version": 4, "addr": "10.100.0.3", "OS-EXT-IPS:type": "fixed"}]}, "links": [{"href": "http://10.0.2.15:8774/v2.1/95013469a6224a45938a9c623bba3311/servers/88a1a44e-394d-4a38-8174-fa9521db9794", "rel": "self"}, {"href": "http://10.0.2.15:8774/95013469a6224a45938a9c623bba3311/servers/88a1a44e-394d-4a38-8174-fa9521db9794", "rel": "bookmark"}], "key_name": "tempest-TestNetworkBasicOps-1966603088", "image": {"id": "9ad74ad7-3569-4752-b03f-ee47271be2dd", "links": [{"href": "http://10.0.2.15:8774/95013469a6224a45938a9c623bba3311/images/9ad74ad7-3569-4752-b03f-ee47271be2dd", "rel": "bookmark"}]}, "OS-EXT-STS:task_state": null, "OS-EXT-STS:vm_state": "active", "OS-SRV-USG:launched_at": "2015-12-21T11:27:53.000000", "flavor": {"id": "42", "links": [{"href": "http://10.0.2.15:8774/95013469a6224a45938a9c623bba3311/flavors/42", "rel": "bookmark"}]}, "id": "88a1a44e-394d-4a38-8174-fa9521db9794", "security_groups": [{"name": "tempest-secgroup-smoke-1469590809"}], "OS-SRV-USG:terminated_at": null, "OS-EXT-AZ:availability_zone": "nova", "user_id": "d4a83ca8d52248679aecacce263dbf85", "name": "tempest.common.compute-instance-1755650392", "created": "2015-12-21T11:27:49Z", "tenant_id": "95013469a6224a45938a9c623bba3311", "OS-DCF:diskConfig": "MANUAL", "os-extended-volumes:volumes_attached": [], "accessIPv4": "", "accessIPv6": "", "progress": 0, "OS-EXT-STS:power_state": 1, "config_drive": "True", "metadata": {}}}
2015-12-21 11:27:53,809 21149 INFO     [tempest.common.waiters] State transition "BUILD/spawning" ==&gt; "ACTIVE/None" after 3 second wait
2015-12-21 11:27:53,984 21149 INFO     [tempest_lib.common.rest_client] Request (TestNetworkBasicOps:test_connectivity_between_vms_on_different_networks): 200 GET http://10.0.2.15:8774/v2.1/95013469a6224a45938a9c623bba3311/servers/88a1a44e-394d-4a38-8174-fa9521db9794 0.174s
2015-12-21 11:27:53,984 21149 DEBUG    [tempest_lib.common.rest_client] Request - Headers: {'Content-Type': 'application/json', 'Accept': 'application/json', 'X-Auth-Token': '&lt;omitted&gt;'}
        Body: None
    Response - Headers: {'status': '200', 'content-length': '1653', 'content-location': 'http://10.0.2.15:8774/v2.1/95013469a6224a45938a9c623bba3311/servers/88a1a44e-394d-4a38-8174-fa9521db9794', 'x-compute-request-id': 'req-4b67c4ad-543a-407e-b76a-af934674669f', 'vary': 'X-OpenStack-Nova-API-Version', 'connection': 'close', 'x-openstack-nova-api-version': '2.1', 'date': 'Mon, 21 Dec 2015 11:27:53 GMT', 'content-type': 'application/json'}
        Body: {"server": {"status": "ACTIVE", "updated": "2015-12-21T11:27:53Z", "hostId": "071ee912370fd0e0b54c74ed43dc1b16eb2725de449078c600a0cbe9", "addresses": {"tempest-network-smoke--187624016": [{"OS-EXT-IPS-MAC:mac_addr": "fa:16:3e:43:18:7d", "version": 4, "addr": "10.100.0.3", "OS-EXT-IPS:type": "fixed"}]}, "links": [{"href": "http://10.0.2.15:8774/v2.1/95013469a6224a45938a9c623bba3311/servers/88a1a44e-394d-4a38-8174-fa9521db9794", "rel": "self"}, {"href": "http://10.0.2.15:8774/95013469a6224a45938a9c623bba3311/servers/88a1a44e-394d-4a38-8174-fa9521db9794", "rel": "bookmark"}], "key_name": "tempest-TestNetworkBasicOps-1966603088", "image": {"id": "9ad74ad7-3569-4752-b03f-ee47271be2dd", "links": [{"href": "http://10.0.2.15:8774/95013469a6224a45938a9c623bba3311/images/9ad74ad7-3569-4752-b03f-ee47271be2dd", "rel": "bookmark"}]}, "OS-EXT-STS:task_state": null, "OS-EXT-STS:vm_state": "active", "OS-SRV-USG:launched_at": "2015-12-21T11:27:53.000000", "flavor": {"id": "42", "links": [{"href": "http://10.0.2.15:8774/95013469a6224a45938a9c623bba3311/flavors/42", "rel": "bookmark"}]}, "id": "88a1a44e-394d-4a38-8174-fa9521db9794", "security_groups": [{"name": "tempest-secgroup-smoke-1469590809"}], "OS-SRV-USG:terminated_at": null, "OS-EXT-AZ:availability_zone": "nova", "user_id": "d4a83ca8d52248679aecacce263dbf85", "name": "tempest.common.compute-instance-1755650392", "created": "2015-12-21T11:27:49Z", "tenant_id": "95013469a6224a45938a9c623bba3311", "OS-DCF:diskConfig": "MANUAL", "os-extended-volumes:volumes_attached": [], "accessIPv4": "", "accessIPv6": "", "progress": 0, "OS-EXT-STS:power_state": 1, "config_drive": "True", "metadata": {}}}
2015-12-21 11:27:53,993 21149 INFO     [tempest.scenario.manager] Tenant networks not configured to be reachable.
2015-12-21 11:27:54,021 21149 INFO     [tempest_lib.common.rest_client] Request (TestNetworkBasicOps:test_connectivity_between_vms_on_different_networks): 200 GET http://10.0.2.15:9696/v2.0/ports?status=ACTIVE&amp;fixed_ip=None&amp;device_id=88a1a44e-394d-4a38-8174-fa9521db9794 0.027s
2015-12-21 11:27:54,021 21149 DEBUG    [tempest_lib.common.rest_client] Request - Headers: {'Content-Type': 'application/json', 'Accept': 'application/json', 'X-Auth-Token': '&lt;omitted&gt;'}
        Body: None
    Response - Headers: {'status': '200', 'content-length': '895', 'content-location': 'http://10.0.2.15:9696/v2.0/ports?status=ACTIVE&amp;fixed_ip=None&amp;device_id=88a1a44e-394d-4a38-8174-fa9521db9794', 'connection': 'close', 'date': 'Mon, 21 Dec 2015 11:27:54 GMT', 'content-type': 'application/json; charset=UTF-8', 'x-openstack-request-id': 'req-09aeed4b-7126-476b-bded-399f55dc1489'}
        Body: {"ports": [{"status": "ACTIVE", "binding:host_id": "vagrant-ubuntu-trusty-64", "allowed_address_pairs": [], "extra_dhcp_opts": [], "dns_assignment": [{"hostname": "host-10-100-0-3", "ip_address": "10.100.0.3", "fqdn": "host-10-100-0-3.openstacklocal."}], "device_owner": "compute:None", "port_security_enabled": true, "binding:profile": {}, "fixed_ips": [{"subnet_id": "7d5573ea-33d1-497d-8ca6-9a63fe2ecf23", "ip_address": "10.100.0.3"}], "id": "f90692c1-a580-42b5-b78b-f7611059ef82", "security_groups": ["71f7963b-a4c5-4293-b136-275be07d9dc9"], "device_id": "88a1a44e-394d-4a38-8174-fa9521db9794", "name": "", "admin_state_up": true, "network_id": "ca49e210-ed60-4f65-9c8f-65fbcc79c79c", "dns_name": "", "binding:vif_details": {"port_filter": true}, "binding:vnic_type": "normal", "binding:vif_type": "ovs", "tenant_id": "95013469a6224a45938a9c623bba3311", "mac_address": "fa:16:3e:43:18:7d"}]}
2015-12-21 11:27:54,398 21149 INFO     [tempest_lib.common.rest_client] Request (TestNetworkBasicOps:test_connectivity_between_vms_on_different_networks): 201 POST http://10.0.2.15:9696/v2.0/floatingips 0.376s
2015-12-21 11:27:54,399 21149 DEBUG    [tempest_lib.common.rest_client] Request - Headers: {'Content-Type': 'application/json', 'Accept': 'application/json', 'X-Auth-Token': '&lt;omitted&gt;'}
        Body: {"floatingip": {"floating_network_id": "537eef9e-372d-4690-811a-348904ac4f78", "tenant_id": "95013469a6224a45938a9c623bba3311", "fixed_ip_address": "10.100.0.3", "port_id": "f90692c1-a580-42b5-b78b-f7611059ef82"}}
    Response - Headers: {'status': '201', 'content-length': '367', 'connection': 'close', 'date': 'Mon, 21 Dec 2015 11:27:54 GMT', 'content-type': 'application/json; charset=UTF-8', 'x-openstack-request-id': 'req-4760ca25-1075-4200-bad8-ad79a2f3673d'}
        Body: {"floatingip": {"floating_network_id": "537eef9e-372d-4690-811a-348904ac4f78", "router_id": "53f02ab4-c22e-48d5-9d82-b8d8571f56bf", "fixed_ip_address": "10.100.0.3", "floating_ip_address": "172.24.4.4", "tenant_id": "95013469a6224a45938a9c623bba3311", "status": "DOWN", "port_id": "f90692c1-a580-42b5-b78b-f7611059ef82", "id": "b45b1966-c316-4ed4-ba3a-83fab82c7491"}}
2015-12-21 11:27:54,412 21149 INFO     [tempest_lib.common.rest_client] Request (TestNetworkBasicOps:test_connectivity_between_vms_on_different_networks): 200 GET http://10.0.2.15:9696/v2.0/floatingips/b45b1966-c316-4ed4-ba3a-83fab82c7491 0.012s
2015-12-21 11:27:54,412 21149 DEBUG    [tempest_lib.common.rest_client] Request - Headers: {'Content-Type': 'application/json', 'Accept': 'application/json', 'X-Auth-Token': '&lt;omitted&gt;'}
        Body: None
    Response - Headers: {'status': '200', 'content-length': '367', 'content-location': 'http://10.0.2.15:9696/v2.0/floatingips/b45b1966-c316-4ed4-ba3a-83fab82c7491', 'connection': 'close', 'date': 'Mon, 21 Dec 2015 11:27:54 GMT', 'content-type': 'application/json; charset=UTF-8', 'x-openstack-request-id': 'req-2729cea5-8bb8-4d7d-928c-dc2de2351c20'}
        Body: {"floatingip": {"floating_network_id": "537eef9e-372d-4690-811a-348904ac4f78", "router_id": "53f02ab4-c22e-48d5-9d82-b8d8571f56bf", "fixed_ip_address": "10.100.0.3", "floating_ip_address": "172.24.4.4", "tenant_id": "95013469a6224a45938a9c623bba3311", "status": "DOWN", "port_id": "f90692c1-a580-42b5-b78b-f7611059ef82", "id": "b45b1966-c316-4ed4-ba3a-83fab82c7491"}}
2015-12-21 11:27:55,424 21149 INFO     [tempest_lib.common.rest_client] Request (TestNetworkBasicOps:test_connectivity_between_vms_on_different_networks): 200 GET http://10.0.2.15:9696/v2.0/floatingips/b45b1966-c316-4ed4-ba3a-83fab82c7491 0.010s
2015-12-21 11:27:55,424 21149 DEBUG    [tempest_lib.common.rest_client] Request - Headers: {'Content-Type': 'application/json', 'Accept': 'application/json', 'X-Auth-Token': '&lt;omitted&gt;'}
        Body: None
    Response - Headers: {'status': '200', 'content-length': '369', 'content-location': 'http://10.0.2.15:9696/v2.0/floatingips/b45b1966-c316-4ed4-ba3a-83fab82c7491', 'connection': 'close', 'date': 'Mon, 21 Dec 2015 11:27:55 GMT', 'content-type': 'application/json; charset=UTF-8', 'x-openstack-request-id': 'req-1a6d9dc9-3121-4bd5-9f51-a87ad5290c48'}
        Body: {"floatingip": {"floating_network_id": "537eef9e-372d-4690-811a-348904ac4f78", "router_id": "53f02ab4-c22e-48d5-9d82-b8d8571f56bf", "fixed_ip_address": "10.100.0.3", "floating_ip_address": "172.24.4.4", "tenant_id": "95013469a6224a45938a9c623bba3311", "status": "ACTIVE", "port_id": "f90692c1-a580-42b5-b78b-f7611059ef82", "id": "b45b1966-c316-4ed4-ba3a-83fab82c7491"}}
2015-12-21 11:27:55,425 21149 INFO     [tempest.scenario.manager] FloatingIP: &lt;"FloatingIP" addr="172.24.4.4" id="b45b1966-c316-4ed4-ba3a-83fab82c7491"&gt; is at status: ACTIVE
2015-12-21 11:27:55,425 21149 DEBUG    [tempest.scenario.manager] checking network connections to IP 172.24.4.4 with user: cirros
2015-12-21 11:27:55,425 21149 DEBUG    [tempest.scenario.manager] TestNetworkBasicOps:test_connectivity_between_vms_on_different_networks begins to ping 172.24.4.4 in 120 sec and the expected result is reachable
2015-12-21 11:29:55,723 21149 DEBUG    [tempest.scenario.manager] TestNetworkBasicOps:test_connectivity_between_vms_on_different_networks finishes ping 172.24.4.4 in 120 sec and the ping result is unexpected
2015-12-21 11:29:55,724 21149 ERROR    [tempest.scenario.manager] Public network connectivity check failed
2015-12-21 11:29:55.724 21149 ERROR tempest.scenario.manager Traceback (most recent call last):
2015-12-21 11:29:55.724 21149 ERROR tempest.scenario.manager   File "tempest/scenario/manager.py", line 608, in check_public_network_connectivity
2015-12-21 11:29:55.724 21149 ERROR tempest.scenario.manager     should_connect=should_connect)
2015-12-21 11:29:55.724 21149 ERROR tempest.scenario.manager   File "tempest/scenario/manager.py", line 592, in check_vm_connectivity
2015-12-21 11:29:55.724 21149 ERROR tempest.scenario.manager     msg=msg)
2015-12-21 11:29:55.724 21149 ERROR tempest.scenario.manager   File "/usr/local/lib/python2.7/dist-packages/unittest2/case.py", line 702, in assertTrue
2015-12-21 11:29:55.724 21149 ERROR tempest.scenario.manager     raise self.failureException(msg)
2015-12-21 11:29:55.724 21149 ERROR tempest.scenario.manager AssertionError: False is not true : Timed out waiting for 172.24.4.4 to become reachable
2015-12-21 11:29:55.724 21149 ERROR tempest.scenario.manager 
2015-12-21 11:29:55,930 21149 INFO     [tempest_lib.common.rest_client] Request (TestNetworkBasicOps:test_connectivity_between_vms_on_different_networks): 200 POST http://10.0.2.15:8774/v2.1/95013469a6224a45938a9c623bba3311/servers/88a1a44e-394d-4a38-8174-fa9521db9794/action 0.204s
2015-12-21 11:29:55,931 21149 DEBUG    [tempest_lib.common.rest_client] Request - Headers: {'Content-Type': 'application/json', 'Accept': 'application/json', 'X-Auth-Token': '&lt;omitted&gt;'}
        Body: {"os-getConsoleOutput": {}}
    Response - Headers: {'status': '200', 'content-length': '17429', 'x-compute-request-id': 'req-497eae7f-830c-4013-b7dd-c753da427fa3', 'vary': 'X-OpenStack-Nova-API-Version', 'connection': 'close', 'x-openstack-nova-api-version': '2.1', 'date': 'Mon, 21 Dec 2015 11:29:55 GMT', 'content-type': 'application/json'}
        Body: {"output": "[    0.000000] Initializing cgroup subsys cpuset\n[    0.000000] Initializing cgroup subsys cpu\n[    0.000000] Linux version 3.2.0-80-virtual (buildd@batsu) (gcc version 4.6.3 (Ubuntu/Linaro 4.6.3-1ubuntu5) ) #116-Ubuntu SMP Mon Mar 23 17:28:52 UTC 2015 (Ubuntu 3.2.0-80.116-virtual 3.2.68)\n[    0.000000] Command line: root=/dev/vda console=tty0 console=ttyS0 no_timer_check\n[    0.000000] KERNEL supported cpus:\n[    0.000000]   Intel GenuineIntel\n[    0.000000]   AMD AuthenticAMD\n[    0.000000]   Centaur CentaurHauls\n[    0.000000] BIOS-provided physical RAM map:\n[    0.000000]  BIOS-e820: 0000000000000000 - 000000000009fc00 (usable)\n[    0.000000]  BIOS-e820: 000000000009fc00 - 00000000000a0000 (reserved)\n[    0.000000]  BIOS-e820: 00000000000f0000 - 0000000000100000 (reserved)\n[    0.000000]  BIOS-e820: 0000000000100000 - 0000000003ffe000 (usable)\n[    0.000000]  BIOS-e820: 0000000003ffe000 - 0000000004000000 (reserved)\n[    0.000000]  BIOS-e820: 00000000fffc0000 - 0000000100000000 (reserved)\n[    0.000000] NX (Execute Disable) protection: active\n[    0.000000] SMBIOS 2.4 present.\n[    0.000000] No AGP bridge found\n[    0.000000] last_pfn = 0x3ffe max_arch_pfn = 0x400000000\n[    0.000000] x86 PAT enabled: cpu 0, old 0x7040600070406, new 0x7010600070106\n[    0.000000] found SMP MP-table at [ffff8800000f0b00] f0b00\n[    0.000000] init_memory_mapping: 0000000000000000-0000000003ffe000\n[    0.000000] RAMDISK: 03c5e000 - 03ff0000\n[    0.000000] ACPI: RSDP 00000000000f0950 00014 (v00 BOCHS )\n[    0.000000] ACPI: RSDT 0000000003fffbc1 00034 (v01 BOCHS  BXPCRSDT 00000001 BXPC 00000001)\n[    0.000000] ACPI: FACP 0000000003fff1c0 00074 (v01 BOCHS  BXPCFACP 00000001 BXPC 00000001)\n[    0.000000] ACPI: DSDT 0000000003ffe040 01180 (v01 BOCHS  BXPCDSDT 00000001 BXPC 00000001)\n[    0.000000] ACPI: FACS 0000000003ffe000 00040\n[    0.000000] ACPI: SSDT 0000000003fff234 008DD (v01 BOCHS  BXPCSSDT 00000001 BXPC 00000001)\n[    0.000000] ACPI: APIC 0000000003fffb11 00078 (v01 BOCHS  BXPCAPIC 00000001 BXPC 00000001)\n[    0.000000] ACPI: HPET 0000000003fffb89 00038 (v01 BOCHS  BXPCHPET 00000001 BXPC 00000001)\n[    0.000000] No NUMA configuration found\n[    0.000000] Faking a node at 0000000000000000-0000000003ffe000\n[    0.000000] Initmem setup node 0 0000000000000000-0000000003ffe000\n[    0.000000]   NODE_DATA [0000000003ff6000 - 0000000003ffafff]\n[    0.000000] Zone PFN ranges:\n[    0.000000]   DMA      0x00000010 -&gt; 0x00001000\n[    0.000000]   DMA32    0x00001000 -&gt; 0x00100000\n[    0.000000]   Normal   empty\n[    0.000000] Movable zone start PFN for each node\n[    0.000000] early_node_map[2] active PFN ranges\n[    0.000000]     0: 0x00000010 -&gt; 0x0000009f\n[    0.000000]     0: 0x00000100 -&gt; 0x00003ffe\n[    0.000000] ACPI: PM-Timer IO Port: 0xb008\n[    0.000000] ACPI: LAPIC (acpi_id[0x00] lapic_id[0x00] enabled)\n[    0.000000] ACPI: LAPIC_NMI (acpi_id[0xff] dfl dfl lint[0x1])\n[    0.000000] ACPI: IOAPIC (id[0x00] address[0xfec00000] gsi_base[0])\n[    0.000000] IOAPIC[0]: apic_id 0, version 17, address 0xfec00000, GSI 0-23\n[    0.000000] ACPI: INT_SRC_OVR (bus 0 bus_irq 0 global_irq 2 dfl dfl)\n[    0.000000] ACPI: INT_SRC_OVR (bus 0 bus_irq 5 global_irq 5 high level)\n[    0.000000] ACPI: INT_SRC_OVR (bus 0 bus_irq 9 global_irq 9 high level)\n[    0.000000] ACPI: INT_SRC_OVR (bus 0 bus_irq 10 global_irq 10 high level)\n[    0.000000] ACPI: INT_SRC_OVR (bus 0 bus_irq 11 global_irq 11 high level)\n[    0.000000] Using ACPI (MADT) for SMP configuration information\n[    0.000000] ACPI: HPET id: 0x8086a201 base: 0xfed00000\n[    0.000000] SMP: Allowing 1 CPUs, 0 hotplug CPUs\n[    0.000000] PM: Registered nosave memory: 000000000009f000 - 00000000000a0000\n[    0.000000] PM: Registered nosave memory: 00000000000a0000 - 00000000000f0000\n[    0.000000] PM: Registered nosave memory: 00000000000f0000 - 0000000000100000\n[    0.000000] Allocating PCI resources starting at 4000000 (gap: 4000000:fbfc0000)\n[    0.000000] Booting paravirtualized kernel on bare hardware\n[    0.000000] setup_pe
2015-12-21 11:29:55,933 21149 DEBUG    [tempest.scenario.manager] Console output for 88a1a44e-394d-4a38-8174-fa9521db9794
body=
[    0.000000] Initializing cgroup subsys cpuset
[    0.000000] Initializing cgroup subsys cpu
[    0.000000] Linux version 3.2.0-80-virtual (buildd@batsu) (gcc version 4.6.3 (Ubuntu/Linaro 4.6.3-1ubuntu5) ) #116-Ubuntu SMP Mon Mar 23 17:28:52 UTC 2015 (Ubuntu 3.2.0-80.116-virtual 3.2.68)
[    0.000000] Command line: root=/dev/vda console=tty0 console=ttyS0 no_timer_check
[    0.000000] KERNEL supported cpus:
[    0.000000]   Intel GenuineIntel
[    0.000000]   AMD AuthenticAMD
[    0.000000]   Centaur CentaurHauls
[    0.000000] BIOS-provided physical RAM map:
[    0.000000]  BIOS-e820: 0000000000000000 - 000000000009fc00 (usable)
[    0.000000]  BIOS-e820: 000000000009fc00 - 00000000000a0000 (reserved)
[    0.000000]  BIOS-e820: 00000000000f0000 - 0000000000100000 (reserved)
[    0.000000]  BIOS-e820: 0000000000100000 - 0000000003ffe000 (usable)
[    0.000000]  BIOS-e820: 0000000003ffe000 - 0000000004000000 (reserved)
[    0.000000]  BIOS-e820: 00000000fffc0000 - 0000000100000000 (reserved)
[    0.000000] NX (Execute Disable) protection: active
[    0.000000] SMBIOS 2.4 present.
[    0.000000] No AGP bridge found
[    0.000000] last_pfn = 0x3ffe max_arch_pfn = 0x400000000
[    0.000000] x86 PAT enabled: cpu 0, old 0x7040600070406, new 0x7010600070106
[    0.000000] found SMP MP-table at [ffff8800000f0b00] f0b00
[    0.000000] init_memory_mapping: 0000000000000000-0000000003ffe000
[    0.000000] RAMDISK: 03c5e000 - 03ff0000
[    0.000000] ACPI: RSDP 00000000000f0950 00014 (v00 BOCHS )
[    0.000000] ACPI: RSDT 0000000003fffbc1 00034 (v01 BOCHS  BXPCRSDT 00000001 BXPC 00000001)
[    0.000000] ACPI: FACP 0000000003fff1c0 00074 (v01 BOCHS  BXPCFACP 00000001 BXPC 00000001)
[    0.000000] ACPI: DSDT 0000000003ffe040 01180 (v01 BOCHS  BXPCDSDT 00000001 BXPC 00000001)
[    0.000000] ACPI: FACS 0000000003ffe000 00040
[    0.000000] ACPI: SSDT 0000000003fff234 008DD (v01 BOCHS  BXPCSSDT 00000001 BXPC 00000001)
[    0.000000] ACPI: APIC 0000000003fffb11 00078 (v01 BOCHS  BXPCAPIC 00000001 BXPC 00000001)
[    0.000000] ACPI: HPET 0000000003fffb89 00038 (v01 BOCHS  BXPCHPET 00000001 BXPC 00000001)
[    0.000000] No NUMA configuration found
[    0.000000] Faking a node at 0000000000000000-0000000003ffe000
[    0.000000] Initmem setup node 0 0000000000000000-0000000003ffe000
[    0.000000]   NODE_DATA [0000000003ff6000 - 0000000003ffafff]
[    0.000000] Zone PFN ranges:
[    0.000000]   DMA      0x00000010 -&gt; 0x00001000
[    0.000000]   DMA32    0x00001000 -&gt; 0x00100000
[    0.000000]   Normal   empty
[    0.000000] Movable zone start PFN for each node
[    0.000000] early_node_map[2] active PFN ranges
[    0.000000]     0: 0x00000010 -&gt; 0x0000009f
[    0.000000]     0: 0x00000100 -&gt; 0x00003ffe
[    0.000000] ACPI: PM-Timer IO Port: 0xb008
[    0.000000] ACPI: LAPIC (acpi_id[0x00] lapic_id[0x00] enabled)
[    0.000000] ACPI: LAPIC_NMI (acpi_id[0xff] dfl dfl lint[0x1])
[    0.000000] ACPI: IOAPIC (id[0x00] address[0xfec00000] gsi_base[0])
[    0.000000] IOAPIC[0]: apic_id 0, version 17, address 0xfec00000, GSI 0-23
[    0.000000] ACPI: INT_SRC_OVR (bus 0 bus_irq 0 global_irq 2 dfl dfl)
[    0.000000] ACPI: INT_SRC_OVR (bus 0 bus_irq 5 global_irq 5 high level)
[    0.000000] ACPI: INT_SRC_OVR (bus 0 bus_irq 9 global_irq 9 high level)
[    0.000000] ACPI: INT_SRC_OVR (bus 0 bus_irq 10 global_irq 10 high level)
[    0.000000] ACPI: INT_SRC_OVR (bus 0 bus_irq 11 global_irq 11 high level)
[    0.000000] Using ACPI (MADT) for SMP configuration information
[    0.000000] ACPI: HPET id: 0x8086a201 base: 0xfed00000
[    0.000000] SMP: Allowing 1 CPUs, 0 hotplug CPUs
[    0.000000] PM: Registered nosave memory: 000000000009f000 - 00000000000a0000
[    0.000000] PM: Registered nosave memory: 00000000000a0000 - 00000000000f0000
[    0.000000] PM: Registered nosave memory: 00000000000f0000 - 0000000000100000
[    0.000000] Allocating PCI resources starting at 4000000 (gap: 4000000:fbfc0000)
[    0.000000] Booting paravirtualized kernel on bare hardware
[    0.000000] setup_percpu: NR_CPUS:64 nr_cpumask_bits:64 nr_cpu_ids:1 nr_node_ids:1
[    0.000000] PERCPU: Embedded 27 pages/cpu @ffff880003a00000 s78848 r8192 d23552 u2097152
[    0.000000] Built 1 zonelists in Node order, mobility grouping on.  Total pages: 16008
[    0.000000] Policy zone: DMA32
[    0.000000] Kernel command line: root=/dev/vda console=tty0 console=ttyS0 no_timer_check
[    0.000000] PID hash table entries: 256 (order: -1, 2048 bytes)
[    0.000000] Checking aperture...
[    0.000000] No AGP bridge found
[    0.000000] Memory: 43492k/65528k available (6576k kernel code, 452k absent, 21584k reserved, 6620k data, 928k init)
[    0.000000] SLUB: Genslabs=15, HWalign=64, Order=0-3, MinObjects=0, CPUs=1, Nodes=1
[    0.000000] Hierarchical RCU implementation.
[    0.000000] 	RCU dyntick-idle grace-period acceleration is enabled.
[    0.000000] NR_IRQS:4352 nr_irqs:256 16
[    0.000000] Console: colour VGA+ 80x25
[    0.000000] console [tty0] enabled
[    0.000000] console [ttyS0] enabled
[    0.000000] allocated 1048576 bytes of page_cgroup
[    0.000000] please try 'cgroup_disable=memory' option if you don't want memory cgroups
[    0.000000] Fast TSC calibration failed
[    0.000000] TSC: Unable to calibrate against PIT
[    0.000000] TSC: using HPET reference calibration
[    0.000000] Detected 2294.564 MHz processor.
[    0.036583] Calibrating delay loop (skipped), value calculated using timer frequency.. 4589.12 BogoMIPS (lpj=9178256)
[    0.040907] pid_max: default: 32768 minimum: 301
[    0.050303] Security Framework initialized
[    0.054687] AppArmor: AppArmor initialized
[    0.055362] Yama: becoming mindful.
[    0.062174] Dentry cache hash table entries: 8192 (order: 4, 65536 bytes)
[    0.064469] Inode-cache hash table entries: 4096 (order: 3, 32768 bytes)
[    0.065977] Mount-cache hash table entries: 256
[    0.081807] Initializing cgroup subsys cpuacct
[    0.082458] Initializing cgroup subsys memory
[    0.084762] Initializing cgroup subsys devices
[    0.086084] Initializing cgroup subsys freezer
[    0.086746] Initializing cgroup subsys blkio
[    0.088243] Initializing cgroup subsys perf_event
[    0.092299] mce: CPU supports 10 MCE banks
[    0.096552] SMP alternatives: switching to UP code
[    0.473474] Freeing SMP alternatives: 24k freed
[    0.475443] ACPI: Core revision 20110623
[    0.527322] ftrace: allocating 26610 entries in 105 pages
[    0.557605] ..TIMER: vector=0x30 apic1=0 pin1=2 apic2=-1 pin2=-1
[    0.560161] CPU0: AMD QEMU Virtual CPU version 2.0.0 stepping 03
[    0.564034] Performance Events: Broken PMU hardware detected, using software events only.
[    0.576635] NMI watchdog disabled (cpu0): hardware events not enabled
[    0.580282] Brought up 1 CPUs
[    0.580892] Total of 1 processors activated (4589.12 BogoMIPS).
[    0.604528] devtmpfs: initialized
[    0.633677] EVM: security.selinux
[    0.634118] EVM: security.SMACK64
[    0.634632] EVM: security.capability
[    0.654934] print_constraints: dummy: 
[    0.656980] RTC time: 11:27:56, date: 12/21/15
[    0.659476] NET: Registered protocol family 16
[    0.667610] ACPI: bus type pci registered
[    0.670576] PCI: Using configuration type 1 for base access
[    0.698165] bio: create slab &lt;bio-0&gt; at 0
[    0.702706] ACPI: Added _OSI(Module Device)
[    0.703328] ACPI: Added _OSI(Processor Device)
[    0.704101] ACPI: Added _OSI(3.0 _SCP Extensions)
[    0.704698] ACPI: Added _OSI(Processor Aggregator Device)
[    0.797943] ACPI: Interpreter enabled
[    0.798590] ACPI: (supports S0 S3 S4 S5)
[    0.801634] ACPI: Using IOAPIC for interrupt routing
[    0.881137] ACPI: No dock devices found.
[    0.881731] HEST: Table not found.
[    0.882256] PCI: Using host bridge windows from ACPI; if necessary, use "pci=nocrs" and report a bug
[    0.888054] ACPI: PCI Root Bridge [PCI0] (domain 0000 [bus 00-ff])
[    0.894584] pci_root PNP0A03:00: host bridge window [io  0x0000-0x0cf7]
[    0.895457] pci_root PNP0A03:00: host bridge window [io  0x0d00-0xadff]
[    0.896106] pci_root PNP0A03:00: host bridge window [io  0xae0f-0xaeff]
[    0.896903] pci_root PNP0A03:00: host bridge window [io  0xaf20-0xafdf]
[    0.897693] pci_root PNP0A03:00: host bridge window [io  0xafe4-0xffff]
[    0.898688] pci_root PNP0A03:00: host bridge window [mem 0x000a0000-0x000bffff]
[    0.900105] pci_root PNP0A03:00: host bridge window [mem 0x04000000-0xfebfffff]
[    0.926304] pci 0000:00:01.3: quirk: [io  0xb000-0xb03f] claimed by PIIX4 ACPI
[    0.928234] pci 0000:00:01.3: quirk: [io  0xb100-0xb10f] claimed by PIIX4 SMB
[    1.004294]  pci0000:00: Unable to request _OSC control (_OSC support mask: 0x1e)
[    1.061439] ACPI: PCI Interrupt Link [LNKA] (IRQs 5 *10 11)
[    1.063461] ACPI: PCI Interrupt Link [LNKB] (IRQs 5 *10 11)
[    1.065257] ACPI: PCI Interrupt Link [LNKC] (IRQs 5 10 *11)
[    1.068609] ACPI: PCI Interrupt Link [LNKD] (IRQs 5 10 *11)
[    1.069631] ACPI: PCI Interrupt Link [LNKS] (IRQs *9)
[    1.075359] vgaarb: device added: PCI:0000:00:02.0,decodes=io+mem,owns=io+mem,locks=none
[    1.076212] vgaarb: loaded
[    1.076683] vgaarb: bridge control possible 0000:00:02.0
[    1.082930] i2c-core: driver [aat2870] using legacy suspend method
[    1.084176] i2c-core: driver [aat2870] using legacy resume method
[    1.086229] SCSI subsystem initialized
[    1.090410] usbcore: registered new interface driver usbfs
[    1.091838] usbcore: registered new interface driver hub
[    1.092713] usbcore: registered new device driver usb
[    1.097767] PCI: Using ACPI for IRQ routing
[    1.110777] NetLabel: Initializing
[    1.111305] NetLabel:  domain hash size = 128
[    1.112136] NetLabel:  protocols = UNLABELED CIPSOv4
[    1.113552] NetLabel:  unlabeled traffic allowed by default
[    1.117053] HPET: 3 timers in total, 0 timers will be used for per-cpu timer
[    1.118164] hpet0: at MMIO 0xfed00000, IRQs 2, 8, 0
[    1.119151] hpet0: 3 comparators, 64-bit 100.000000 MHz counter
[    1.135159] Switching to clocksource hpet
[    1.370501] AppArmor: AppArmor Filesystem Enabled
[    1.371813] pnp: PnP ACPI init
[    1.373160] ACPI: bus type pnp registered
[    1.392457] pnp: PnP ACPI: found 9 devices
[    1.393911] ACPI: ACPI bus type pnp unregistered
[    1.450342] NET: Registered protocol family 2
[    1.492067] IP route cache hash table entries: 512 (order: 0, 4096 bytes)
[    1.501581] TCP established hash table entries: 2048 (order: 3, 32768 bytes)
[    1.503311] TCP bind hash table entries: 2048 (order: 3, 32768 bytes)
[    1.504058] TCP: Hash tables configured (established 2048 bind 2048)
[    1.505963] TCP reno registered
[    1.506349] UDP hash table entries: 128 (order: 0, 4096 bytes)
[    1.507273] UDP-Lite hash table entries: 128 (order: 0, 4096 bytes)
[    1.511088] NET: Registered protocol family 1
[    1.512103] pci 0000:00:00.0: Limiting direct PCI/PCI transfers
[    1.513567] pci 0000:00:01.0: PIIX3: Enabling Passive Release
[    1.514582] pci 0000:00:01.0: Activating ISA DMA hang workarounds
[    1.519322] ACPI: PCI Interrupt Link [LNKD] enabled at IRQ 11
[    1.521234] pci 0000:00:01.2: PCI INT D -&gt; Link[LNKD] -&gt; GSI 11 (level, high) -&gt; IRQ 11
[    1.523152] pci 0000:00:01.2: PCI INT D disabled
[    1.543136] Trying to unpack rootfs image as initramfs...
[    1.567834] audit: initializing netlink socket (disabled)
[    1.571890] type=2000 audit(1450697276.568:1): initialized
[    1.831854] HugeTLB registered 2 MB page size, pre-allocated 0 pages
[    1.923548] VFS: Disk quotas dquot_6.5.2
[    1.925757] Dquot-cache hash table entries: 512 (order 0, 4096 bytes)
[    1.946963] fuse init (API version 7.17)
[    1.951707] msgmni has been set to 84
[    1.987837] Block layer SCSI generic (bsg) driver version 0.4 loaded (major 253)
[    1.997687] io scheduler noop registered
[    1.998326] io scheduler deadline registered (default)
[    1.999432] io scheduler cfq registered
[    2.002974] pci_hotplug: PCI Hot Plug PCI Core version: 0.5
[    2.005747] pciehp: PCI Express Hot Plug Controller Driver version: 0.4
[    2.011068] input: Power Button as /devices/LNXSYSTM:00/LNXPWRBN:00/input/input0
[    2.013340] ACPI: Power Button [PWRF]
[    2.069883] ERST: Table is not found!
[    2.070589] GHES: HEST is not enabled!
[    2.083467] ACPI: PCI Interrupt Link [LNKC] enabled at IRQ 10
[    2.085324] virtio-pci 0000:00:03.0: PCI INT A -&gt; Link[LNKC] -&gt; GSI 10 (level, high) -&gt; IRQ 10
[    2.089912] virtio-pci 0000:00:04.0: PCI INT A -&gt; Link[LNKD] -&gt; GSI 11 (level, high) -&gt; IRQ 11
[    2.099251] ACPI: PCI Interrupt Link [LNKA] enabled at IRQ 10
[    2.100868] virtio-pci 0000:00:05.0: PCI INT A -&gt; Link[LNKA] -&gt; GSI 10 (level, high) -&gt; IRQ 10
[    2.122272] Serial: 8250/16550 driver, 32 ports, IRQ sharing enabled
[    2.162046] serial8250: ttyS0 at I/O 0x3f8 (irq = 4) is a 16550A
[    2.237158] serial8250: ttyS1 at I/O 0x2f8 (irq = 3) is a 16550A
[    2.369760] 00:05: ttyS0 at I/O 0x3f8 (irq = 4) is a 16550A
[    2.456909] 00:06: ttyS1 at I/O 0x2f8 (irq = 3) is a 16550A
[    2.506765] Linux agpgart interface v0.103
[    2.530730] Refined TSC clocksource calibration: 2294.630 MHz.
[    2.531458] Switching to clocksource tsc
[    2.569813] brd: module loaded
[    2.594998] loop: module loaded
[    2.641593]  vda: unknown partition table
[    2.693446] scsi0 : ata_piix
[    2.701427] scsi1 : ata_piix
[    2.702476] ata1: PATA max MWDMA2 cmd 0x1f0 ctl 0x3f6 bmdma 0xc0a0 irq 14
[    2.703877] ata2: PATA max MWDMA2 cmd 0x170 ctl 0x376 bmdma 0xc0a8 irq 15
[    2.713870] Fixed MDIO Bus: probed
[    2.714664] tun: Universal TUN/TAP device driver, 1.6
[    2.715284] tun: (C) 1999-2004 Max Krasnyansky &lt;maxk@qualcomm.com&gt;
[    2.728093] PPP generic driver version 2.4.2
[    2.750533] ehci_hcd: USB 2.0 'Enhanced' Host Controller (EHCI) Driver
[    2.751347] ohci_hcd: USB 1.1 'Open' Host Controller (OHCI) Driver
[    2.753181] uhci_hcd: USB Universal Host Controller Interface driver
[    2.754372] uhci_hcd 0000:00:01.2: PCI INT D -&gt; Link[LNKD] -&gt; GSI 11 (level, high) -&gt; IRQ 11
[    2.757794] uhci_hcd 0000:00:01.2: UHCI Host Controller
[    2.769612] uhci_hcd 0000:00:01.2: new USB bus registered, assigned bus number 1
[    2.771364] uhci_hcd 0000:00:01.2: irq 11, io base 0x0000c040
[    2.800318] hub 1-0:1.0: USB hub found
[    2.803846] hub 1-0:1.0: 2 ports detected
[    2.811556] usbcore: registered new interface driver libusual
[    2.814853] i8042: PNP: PS/2 Controller [PNP0303:KBD,PNP0f13:MOU] at 0x60,0x64 irq 1,12
[    2.824012] serio: i8042 KBD port at 0x60,0x64 irq 1
[    2.826394] serio: i8042 AUX port at 0x60,0x64 irq 12
[    2.854561] mousedev: PS/2 mouse device common for all mice
[    2.880411] input: AT Translated Set 2 keyboard as /devices/platform/i8042/serio0/input/input1
[    2.893973] rtc_cmos 00:01: RTC can wake from S4
[    2.918564] rtc_cmos 00:01: rtc core: registered rtc_cmos as rtc0
[    2.923292] rtc0: alarms up to one day, 114 bytes nvram, hpet irqs
[    2.927548] device-mapper: uevent: version 1.0.3
[    2.944063] device-mapper: ioctl: 4.22.0-ioctl (2011-10-19) initialised: dm-devel@redhat.com
[    2.952048] cpuidle: using governor ladder
[    2.954148] cpuidle: using governor menu
[    2.955027] EFI Variables Facility v0.08 2004-May-17
[    2.964014] TCP cubic registered
[    2.967985] NET: Registered protocol family 10
[    2.993998] NET: Registered protocol family 17
[    2.994666] Registering the dns_resolver key type
[    3.016108] ata2.01: ATAPI: QEMU DVD-ROM, 2.0.0, max UDMA/100
[    3.026605] ata2.01: configured for MWDMA2
[    3.073377] scsi 1:0:1:0: CD-ROM            QEMU     QEMU DVD-ROM     2.0. PQ: 0 ANSI: 5
[    3.114215] sr0: scsi3-mmc drive: 4x/4x cd/rw xa/form2 tray
[    3.115840] cdrom: Uniform CD-ROM driver Revision: 3.20
[    3.138804] sr 1:0:1:0: Attached scsi generic sg0 type 5
[    3.165043] registered taskstats version 1
[    3.219736] Freeing initrd memory: 3656k freed
[    3.721145]   Magic number: 11:706:479
[    3.733330] rtc_cmos 00:01: setting system clock to 2015-12-21 11:27:59 UTC (1450697279)
[    3.735457] powernow-k8: Processor cpuid 663 not supported
[    3.741455] BIOS EDD facility v0.16 2004-Jun-25, 0 devices found
[    3.743527] EDD information not available.
[    3.807906] Freeing unused kernel memory: 928k freed
[    3.812020] Write protecting the kernel read-only data: 12288k
[    3.917611] Freeing unused kernel memory: 1596k freed
[    3.990385] Freeing unused kernel memory: 1184k freed

info: initramfs: up at 4.17
modprobe: module virtio_blk not found in modules.dep
modprobe: module virtio_net not found in modules.dep
info: copying initramfs to /dev/vda
info: initramfs loading root from /dev/vda
info: /etc/init.d/rc.sysinit: up at 8.77
info: container: none
Starting logging: OK
modprobe: module virtio_blk not found in modules.dep
modprobe: module virtio_net not found in modules.dep
WARN: /etc/rc3.d/S10-load-modules failed
Initializing random number generator... done.
Starting acpid: OK
cirros-ds 'local' up at 11.23
found datasource (configdrive, local)
Starting network...
udhcpc (v1.20.1) started
Sending discover...
Sending discover...

2015-12-21 11:29:56,136 21149 INFO     [tempest_lib.common.rest_client] Request (TestNetworkBasicOps:_run_cleanups): 204 DELETE http://10.0.2.15:9696/v2.0/floatingips/b45b1966-c316-4ed4-ba3a-83fab82c7491 0.197s
2015-12-21 11:29:56,136 21149 DEBUG    [tempest_lib.common.rest_client] Request - Headers: {'Content-Type': 'application/json', 'Accept': 'application/json', 'X-Auth-Token': '&lt;omitted&gt;'}
        Body: None
    Response - Headers: {'date': 'Mon, 21 Dec 2015 11:29:56 GMT', 'status': '204', 'connection': 'close', 'content-length': '0', 'x-openstack-request-id': 'req-de73b408-e04c-4d9a-9c0d-63d34c10dfe4'}
        Body: 
2015-12-21 11:29:56,367 21149 INFO     [tempest_lib.common.rest_client] Request (TestNetworkBasicOps:_run_cleanups): 204 DELETE http://10.0.2.15:8774/v2.1/95013469a6224a45938a9c623bba3311/servers/88a1a44e-394d-4a38-8174-fa9521db9794 0.230s
2015-12-21 11:29:56,367 21149 DEBUG    [tempest_lib.common.rest_client] Request - Headers: {'Content-Type': 'application/json', 'Accept': 'application/json', 'X-Auth-Token': '&lt;omitted&gt;'}
        Body: None
    Response - Headers: {'status': '204', 'content-length': '0', 'x-compute-request-id': 'req-d2d3f2b6-75c9-4cb4-b307-9e34ef2d10a1', 'vary': 'X-OpenStack-Nova-API-Version', 'connection': 'close', 'x-openstack-nova-api-version': '2.1', 'date': 'Mon, 21 Dec 2015 11:29:56 GMT', 'content-type': 'application/json'}
        Body: 
2015-12-21 11:29:56,561 21149 INFO     [tempest_lib.common.rest_client] Request (TestNetworkBasicOps:_run_cleanups): 200 GET http://10.0.2.15:8774/v2.1/95013469a6224a45938a9c623bba3311/servers/88a1a44e-394d-4a38-8174-fa9521db9794 0.192s
2015-12-21 11:29:56,561 21149 DEBUG    [tempest_lib.common.rest_client] Request - Headers: {'Content-Type': 'application/json', 'Accept': 'application/json', 'X-Auth-Token': '&lt;omitted&gt;'}
        Body: None
    Response - Headers: {'status': '200', 'content-length': '1776', 'content-location': 'http://10.0.2.15:8774/v2.1/95013469a6224a45938a9c623bba3311/servers/88a1a44e-394d-4a38-8174-fa9521db9794', 'x-compute-request-id': 'req-b30b1ef5-a172-41ad-91f3-de596cb998f5', 'vary': 'X-OpenStack-Nova-API-Version', 'connection': 'close', 'x-openstack-nova-api-version': '2.1', 'date': 'Mon, 21 Dec 2015 11:29:56 GMT', 'content-type': 'application/json'}
        Body: {"server": {"status": "ACTIVE", "updated": "2015-12-21T11:29:56Z", "hostId": "071ee912370fd0e0b54c74ed43dc1b16eb2725de449078c600a0cbe9", "addresses": {"tempest-network-smoke--187624016": [{"OS-EXT-IPS-MAC:mac_addr": "fa:16:3e:43:18:7d", "version": 4, "addr": "10.100.0.3", "OS-EXT-IPS:type": "fixed"}, {"OS-EXT-IPS-MAC:mac_addr": "fa:16:3e:43:18:7d", "version": 4, "addr": "172.24.4.4", "OS-EXT-IPS:type": "floating"}]}, "links": [{"href": "http://10.0.2.15:8774/v2.1/95013469a6224a45938a9c623bba3311/servers/88a1a44e-394d-4a38-8174-fa9521db9794", "rel": "self"}, {"href": "http://10.0.2.15:8774/95013469a6224a45938a9c623bba3311/servers/88a1a44e-394d-4a38-8174-fa9521db9794", "rel": "bookmark"}], "key_name": "tempest-TestNetworkBasicOps-1966603088", "image": {"id": "9ad74ad7-3569-4752-b03f-ee47271be2dd", "links": [{"href": "http://10.0.2.15:8774/95013469a6224a45938a9c623bba3311/images/9ad74ad7-3569-4752-b03f-ee47271be2dd", "rel": "bookmark"}]}, "OS-EXT-STS:task_state": "deleting", "OS-EXT-STS:vm_state": "active", "OS-SRV-USG:launched_at": "2015-12-21T11:27:53.000000", "flavor": {"id": "42", "links": [{"href": "http://10.0.2.15:8774/95013469a6224a45938a9c623bba3311/flavors/42", "rel": "bookmark"}]}, "id": "88a1a44e-394d-4a38-8174-fa9521db9794", "security_groups": [{"name": "tempest-secgroup-smoke-1469590809"}], "OS-SRV-USG:terminated_at": null, "OS-EXT-AZ:availability_zone": "nova", "user_id": "d4a83ca8d52248679aecacce263dbf85", "name": "tempest.common.compute-instance-1755650392", "created": "2015-12-21T11:27:49Z", "tenant_id": "95013469a6224a45938a9c623bba3311", "OS-DCF:diskConfig": "MANUAL", "os-extended-volumes:volumes_attached": [], "accessIPv4": "", "accessIPv6": "", "progress": 0, "OS-EXT-STS:power_state": 1, "config_drive": "True", "metadata": {}}}
2015-12-21 11:29:57,747 21149 INFO     [tempest_lib.common.rest_client] Request (TestNetworkBasicOps:_run_cleanups): 200 GET http://10.0.2.15:8774/v2.1/95013469a6224a45938a9c623bba3311/servers/88a1a44e-394d-4a38-8174-fa9521db9794 0.172s
2015-12-21 11:29:57,747 21149 DEBUG    [tempest_lib.common.rest_client] Request - Headers: {'Content-Type': 'application/json', 'Accept': 'application/json', 'X-Auth-Token': '&lt;omitted&gt;'}
        Body: None
    Response - Headers: {'status': '200', 'content-length': '1441', 'content-location': 'http://10.0.2.15:8774/v2.1/95013469a6224a45938a9c623bba3311/servers/88a1a44e-394d-4a38-8174-fa9521db9794', 'x-compute-request-id': 'req-c538ae7b-4563-449b-84be-fa6125854c6f', 'vary': 'X-OpenStack-Nova-API-Version', 'connection': 'close', 'x-openstack-nova-api-version': '2.1', 'date': 'Mon, 21 Dec 2015 11:29:57 GMT', 'content-type': 'application/json'}
        Body: {"server": {"status": "ACTIVE", "updated": "2015-12-21T11:29:57Z", "hostId": "071ee912370fd0e0b54c74ed43dc1b16eb2725de449078c600a0cbe9", "addresses": {}, "links": [{"href": "http://10.0.2.15:8774/v2.1/95013469a6224a45938a9c623bba3311/servers/88a1a44e-394d-4a38-8174-fa9521db9794", "rel": "self"}, {"href": "http://10.0.2.15:8774/95013469a6224a45938a9c623bba3311/servers/88a1a44e-394d-4a38-8174-fa9521db9794", "rel": "bookmark"}], "key_name": "tempest-TestNetworkBasicOps-1966603088", "image": {"id": "9ad74ad7-3569-4752-b03f-ee47271be2dd", "links": [{"href": "http://10.0.2.15:8774/95013469a6224a45938a9c623bba3311/images/9ad74ad7-3569-4752-b03f-ee47271be2dd", "rel": "bookmark"}]}, "OS-EXT-STS:task_state": "deleting", "OS-EXT-STS:vm_state": "active", "OS-SRV-USG:launched_at": "2015-12-21T11:27:53.000000", "flavor": {"id": "42", "links": [{"href": "http://10.0.2.15:8774/95013469a6224a45938a9c623bba3311/flavors/42", "rel": "bookmark"}]}, "id": "88a1a44e-394d-4a38-8174-fa9521db9794", "OS-SRV-USG:terminated_at": null, "OS-EXT-AZ:availability_zone": "nova", "user_id": "d4a83ca8d52248679aecacce263dbf85", "name": "tempest.common.compute-instance-1755650392", "created": "2015-12-21T11:27:49Z", "tenant_id": "95013469a6224a45938a9c623bba3311", "OS-DCF:diskConfig": "MANUAL", "os-extended-volumes:volumes_attached": [], "accessIPv4": "", "accessIPv6": "", "progress": 0, "OS-EXT-STS:power_state": 1, "config_drive": "True", "metadata": {}}}
2015-12-21 11:29:58,859 21149 INFO     [tempest_lib.common.rest_client] Request (TestNetworkBasicOps:_run_cleanups): 404 GET http://10.0.2.15:8774/v2.1/95013469a6224a45938a9c623bba3311/servers/88a1a44e-394d-4a38-8174-fa9521db9794 0.098s
2015-12-21 11:29:58,859 21149 DEBUG    [tempest_lib.common.rest_client] Request - Headers: {'Content-Type': 'application/json', 'Accept': 'application/json', 'X-Auth-Token': '&lt;omitted&gt;'}
        Body: None
    Response - Headers: {'status': '404', 'content-length': '111', 'x-compute-request-id': 'req-9dc1aabd-d61d-4dfc-9f3e-d1418fefd586', 'vary': 'X-OpenStack-Nova-API-Version', 'connection': 'close', 'x-openstack-nova-api-version': '2.1', 'date': 'Mon, 21 Dec 2015 11:29:58 GMT', 'content-type': 'application/json; charset=UTF-8'}
        Body: {"itemNotFound": {"message": "Instance 88a1a44e-394d-4a38-8174-fa9521db9794 could not be found.", "code": 404}}
2015-12-21 11:29:58,879 21149 INFO     [tempest_lib.common.rest_client] Request (TestNetworkBasicOps:_run_cleanups): 202 DELETE http://10.0.2.15:8774/v2.1/95013469a6224a45938a9c623bba3311/os-keypairs/tempest-TestNetworkBasicOps-1966603088 0.019s
2015-12-21 11:29:58,880 21149 DEBUG    [tempest_lib.common.rest_client] Request - Headers: {'Content-Type': 'application/json', 'Accept': 'application/json', 'X-Auth-Token': '&lt;omitted&gt;'}
        Body: None
    Response - Headers: {'status': '202', 'content-length': '0', 'x-compute-request-id': 'req-c6528396-6845-4fda-bcf8-ea2a190c21b7', 'vary': 'X-OpenStack-Nova-API-Version', 'connection': 'close', 'x-openstack-nova-api-version': '2.1', 'date': 'Mon, 21 Dec 2015 11:29:58 GMT', 'content-type': 'application/json'}
        Body: 
2015-12-21 11:29:59,218 21149 INFO     [tempest_lib.common.rest_client] Request (TestNetworkBasicOps:_run_cleanups): 200 PUT http://10.0.2.15:9696/v2.0/routers/53f02ab4-c22e-48d5-9d82-b8d8571f56bf/remove_router_interface 0.337s
2015-12-21 11:29:59,218 21149 DEBUG    [tempest_lib.common.rest_client] Request - Headers: {'Content-Type': 'application/json', 'Accept': 'application/json', 'X-Auth-Token': '&lt;omitted&gt;'}
        Body: {"subnet_id": "7d5573ea-33d1-497d-8ca6-9a63fe2ecf23"}
    Response - Headers: {'status': '200', 'content-length': '255', 'connection': 'close', 'date': 'Mon, 21 Dec 2015 11:29:59 GMT', 'content-type': 'application/json; charset=UTF-8', 'x-openstack-request-id': 'req-458256a8-d1f2-4dab-a707-46ca791f4daa'}
        Body: {"subnet_id": "7d5573ea-33d1-497d-8ca6-9a63fe2ecf23", "tenant_id": "95013469a6224a45938a9c623bba3311", "subnet_ids": ["7d5573ea-33d1-497d-8ca6-9a63fe2ecf23"], "port_id": "945fdb0d-2457-4f30-8dcf-7f857b8314db", "id": "53f02ab4-c22e-48d5-9d82-b8d8571f56bf"}
2015-12-21 11:29:59,539 21149 INFO     [tempest_lib.common.rest_client] Request (TestNetworkBasicOps:_run_cleanups): 204 DELETE http://10.0.2.15:9696/v2.0/subnets/7d5573ea-33d1-497d-8ca6-9a63fe2ecf23 0.319s
2015-12-21 11:29:59,539 21149 DEBUG    [tempest_lib.common.rest_client] Request - Headers: {'Content-Type': 'application/json', 'Accept': 'application/json', 'X-Auth-Token': '&lt;omitted&gt;'}
        Body: None
    Response - Headers: {'date': 'Mon, 21 Dec 2015 11:29:59 GMT', 'status': '204', 'connection': 'close', 'content-length': '0', 'x-openstack-request-id': 'req-471dc8c8-5555-40dd-8c47-07539cc978a1'}
        Body: 
2015-12-21 11:29:59,605 21149 INFO     [tempest_lib.common.rest_client] Request (TestNetworkBasicOps:_run_cleanups): 200 GET http://10.0.2.15:9696/v2.0/routers/53f02ab4-c22e-48d5-9d82-b8d8571f56bf 0.065s
2015-12-21 11:29:59,606 21149 DEBUG    [tempest_lib.common.rest_client] Request - Headers: {'Content-Type': 'application/json', 'Accept': 'application/json', 'X-Auth-Token': '&lt;omitted&gt;'}
        Body: None
    Response - Headers: {'status': '200', 'content-length': '501', 'content-location': 'http://10.0.2.15:9696/v2.0/routers/53f02ab4-c22e-48d5-9d82-b8d8571f56bf', 'connection': 'close', 'date': 'Mon, 21 Dec 2015 11:29:59 GMT', 'content-type': 'application/json; charset=UTF-8', 'x-openstack-request-id': 'req-5aa4163e-f41d-41ce-9a39-7dbdbb5e860d'}
        Body: {"router": {"status": "ACTIVE", "external_gateway_info": {"network_id": "537eef9e-372d-4690-811a-348904ac4f78", "enable_snat": true, "external_fixed_ips": [{"subnet_id": "3b696985-2ad4-4290-b781-3615530b8c4c", "ip_address": "172.24.4.3"}, {"subnet_id": "14356cfe-734c-41c6-979d-efa33597f40f", "ip_address": "2001:db8::3"}]}, "name": "tempest-router-smoke-1001738258", "admin_state_up": true, "tenant_id": "95013469a6224a45938a9c623bba3311", "routes": [], "id": "53f02ab4-c22e-48d5-9d82-b8d8571f56bf"}}
2015-12-21 11:29:59,967 21149 INFO     [tempest_lib.common.rest_client] Request (TestNetworkBasicOps:_run_cleanups): 200 PUT http://10.0.2.15:9696/v2.0/routers/53f02ab4-c22e-48d5-9d82-b8d8571f56bf 0.360s
2015-12-21 11:29:59,967 21149 DEBUG    [tempest_lib.common.rest_client] Request - Headers: {'Content-Type': 'application/json', 'Accept': 'application/json', 'X-Auth-Token': '&lt;omitted&gt;'}
        Body: {"router": {"external_gateway_info": {}, "name": "tempest-router-smoke-1001738258", "admin_state_up": true}}
    Response - Headers: {'status': '200', 'content-length': '239', 'connection': 'close', 'date': 'Mon, 21 Dec 2015 11:29:59 GMT', 'content-type': 'application/json; charset=UTF-8', 'x-openstack-request-id': 'req-5919c120-919e-4730-b757-8179f95653e2'}
        Body: {"router": {"status": "ACTIVE", "external_gateway_info": null, "name": "tempest-router-smoke-1001738258", "admin_state_up": true, "tenant_id": "95013469a6224a45938a9c623bba3311", "routes": [], "id": "53f02ab4-c22e-48d5-9d82-b8d8571f56bf"}}
2015-12-21 11:30:00,255 21149 INFO     [tempest_lib.common.rest_client] Request (TestNetworkBasicOps:_run_cleanups): 204 DELETE http://10.0.2.15:9696/v2.0/routers/53f02ab4-c22e-48d5-9d82-b8d8571f56bf 0.287s
2015-12-21 11:30:00,256 21149 DEBUG    [tempest_lib.common.rest_client] Request - Headers: {'Content-Type': 'application/json', 'Accept': 'application/json', 'X-Auth-Token': '&lt;omitted&gt;'}
        Body: None
    Response - Headers: {'date': 'Mon, 21 Dec 2015 11:30:00 GMT', 'status': '204', 'connection': 'close', 'content-length': '0', 'x-openstack-request-id': 'req-09258043-32fe-4c5a-99ef-818d4a8ffc10'}
        Body: 
2015-12-21 11:30:00,420 21149 INFO     [tempest_lib.common.rest_client] Request (TestNetworkBasicOps:_run_cleanups): 204 DELETE http://10.0.2.15:9696/v2.0/networks/ca49e210-ed60-4f65-9c8f-65fbcc79c79c 0.163s
2015-12-21 11:30:00,420 21149 DEBUG    [tempest_lib.common.rest_client] Request - Headers: {'Content-Type': 'application/json', 'Accept': 'application/json', 'X-Auth-Token': '&lt;omitted&gt;'}
        Body: None
    Response - Headers: {'date': 'Mon, 21 Dec 2015 11:30:00 GMT', 'status': '204', 'connection': 'close', 'content-length': '0', 'x-openstack-request-id': 'req-2d859d44-c576-4648-b955-fc3b1a328089'}
        Body: 
2015-12-21 11:30:00,471 21149 INFO     [tempest_lib.common.rest_client] Request (TestNetworkBasicOps:_run_cleanups): 204 DELETE http://10.0.2.15:9696/v2.0/security-group-rules/335b5b64-18b1-4005-9bb1-c24169528770 0.050s
2015-12-21 11:30:00,472 21149 DEBUG    [tempest_lib.common.rest_client] Request - Headers: {'Content-Type': 'application/json', 'Accept': 'application/json', 'X-Auth-Token': '&lt;omitted&gt;'}
        Body: None
    Response - Headers: {'date': 'Mon, 21 Dec 2015 11:30:00 GMT', 'status': '204', 'connection': 'close', 'content-length': '0', 'x-openstack-request-id': 'req-a3b62690-a53b-4854-af63-b51e9f9dfac1'}
        Body: 
2015-12-21 11:30:00,527 21149 INFO     [tempest_lib.common.rest_client] Request (TestNetworkBasicOps:_run_cleanups): 204 DELETE http://10.0.2.15:9696/v2.0/security-group-rules/6c60888f-b8e4-43ef-b12f-d56638a07704 0.054s
2015-12-21 11:30:00,528 21149 DEBUG    [tempest_lib.common.rest_client] Request - Headers: {'Content-Type': 'application/json', 'Accept': 'application/json', 'X-Auth-Token': '&lt;omitted&gt;'}
        Body: None
    Response - Headers: {'date': 'Mon, 21 Dec 2015 11:30:00 GMT', 'status': '204', 'connection': 'close', 'content-length': '0', 'x-openstack-request-id': 'req-57faf49e-d395-4c0e-80f9-4b9ad3af4fcd'}
        Body: 
2015-12-21 11:30:00,585 21149 INFO     [tempest_lib.common.rest_client] Request (TestNetworkBasicOps:_run_cleanups): 204 DELETE http://10.0.2.15:9696/v2.0/security-group-rules/c7d3f6a1-7e94-4f2d-8800-748e04ea12a1 0.056s
2015-12-21 11:30:00,586 21149 DEBUG    [tempest_lib.common.rest_client] Request - Headers: {'Content-Type': 'application/json', 'Accept': 'application/json', 'X-Auth-Token': '&lt;omitted&gt;'}
        Body: None
    Response - Headers: {'date': 'Mon, 21 Dec 2015 11:30:00 GMT', 'status': '204', 'connection': 'close', 'content-length': '0', 'x-openstack-request-id': 'req-5b74c332-6462-45c7-af24-e93a49ad0201'}
        Body: 
2015-12-21 11:30:00,644 21149 INFO     [tempest_lib.common.rest_client] Request (TestNetworkBasicOps:_run_cleanups): 204 DELETE http://10.0.2.15:9696/v2.0/security-group-rules/55b91062-9fbf-4405-af29-6f8216f237da 0.057s
2015-12-21 11:30:00,644 21149 DEBUG    [tempest_lib.common.rest_client] Request - Headers: {'Content-Type': 'application/json', 'Accept': 'application/json', 'X-Auth-Token': '&lt;omitted&gt;'}
        Body: None
    Response - Headers: {'date': 'Mon, 21 Dec 2015 11:30:00 GMT', 'status': '204', 'connection': 'close', 'content-length': '0', 'x-openstack-request-id': 'req-d7db62ce-f655-4a64-ac40-04849b3bc290'}
        Body: 
2015-12-21 11:30:00,695 21149 INFO     [tempest_lib.common.rest_client] Request (TestNetworkBasicOps:_run_cleanups): 204 DELETE http://10.0.2.15:9696/v2.0/security-group-rules/dd3b5cf8-fffe-40a8-a8aa-a7b72f75baee 0.050s
2015-12-21 11:30:00,695 21149 DEBUG    [tempest_lib.common.rest_client] Request - Headers: {'Content-Type': 'application/json', 'Accept': 'application/json', 'X-Auth-Token': '&lt;omitted&gt;'}
        Body: None
    Response - Headers: {'date': 'Mon, 21 Dec 2015 11:30:00 GMT', 'status': '204', 'connection': 'close', 'content-length': '0', 'x-openstack-request-id': 'req-8624fbd6-0344-4ac1-aa36-0b6e97e220dc'}
        Body: 
2015-12-21 11:30:00,755 21149 INFO     [tempest_lib.common.rest_client] Request (TestNetworkBasicOps:_run_cleanups): 204 DELETE http://10.0.2.15:9696/v2.0/security-group-rules/3d3c3081-0667-4151-b581-4203571008d1 0.058s
2015-12-21 11:30:00,756 21149 DEBUG    [tempest_lib.common.rest_client] Request - Headers: {'Content-Type': 'application/json', 'Accept': 'application/json', 'X-Auth-Token': '&lt;omitted&gt;'}
        Body: None
