<?xml version="1.0" encoding="UTF-8"?>
<!DOCTYPE html PUBLIC "-//W3C//DTD XHTML 1.0 Strict//EN"
     "http://www.w3.org/TR/xhtml1/DTD/xhtml1-strict.dtd">
<html xmlns="http://www.w3.org/1999/xhtml">
<head>
    <title>Unit Test Report</title>
    <meta name="generator" content="subunit2html 0.1"/>
    <meta http-equiv="Content-Type" content="text/html; charset=UTF-8"/>
    
<style type="text/css" media="screen">
body        { font-family: verdana, arial, helvetica, sans-serif;
    font-size: 80%; }
table       { font-size: 100%; width: 100%;}
pre         { font-size: 80%; }

/* -- heading -------------------------------------------------------------- */
h1 {
        font-size: 16pt;
        color: gray;
}
.heading {
    margin-top: 0ex;
    margin-bottom: 1ex;
}

.heading .attribute {
    margin-top: 1ex;
    margin-bottom: 0;
}

.heading .description {
    margin-top: 4ex;
    margin-bottom: 6ex;
}

/* -- css div popup -------------------------------------------------------- */
a.popup_link {
}

a.popup_link:hover {
    color: red;
}

.popup_window {
    display: none;
    overflow-x: scroll;
    /*border: solid #627173 1px; */
    padding: 10px;
    background-color: #E6E6D6;
    font-family: "Ubuntu Mono", "Lucida Console", "Courier New", monospace;
    text-align: left;
    font-size: 8pt;
}

}
/* -- report --------------------------------------------------------------- */
#show_detail_line {
    margin-top: 3ex;
    margin-bottom: 1ex;
}
#result_table {
    width: 100%;
    border-collapse: collapse;
    border: 1px solid #777;
}
#header_row {
    font-weight: bold;
    color: white;
    background-color: #777;
}
#result_table td {
    border: 1px solid #777;
    padding: 2px;
}
#total_row  { font-weight: bold; }
.passClass  { background-color: #6c6; }
.failClass  { background-color: #c60; }
.errorClass { background-color: #c00; }
.passCase   { color: #6c6; }
.failCase   { color: #c60; font-weight: bold; }
.errorCase  { color: #c00; font-weight: bold; }
.hiddenRow  { display: none; }
.testcase   { margin-left: 2em; }
td.testname {width: 40%}
td.small {width: 40px}

/* -- ending --------------------------------------------------------------- */
#ending {
}

</style>

</head>
<body>
<script language="javascript" type="text/javascript"><!--
output_list = Array();

/* level - 0:Summary; 1:Failed; 2:All */
function showCase(level) {
    trs = document.getElementsByTagName("tr");
    for (var i = 0; i < trs.length; i++) {
        tr = trs[i];
        id = tr.id;
        if (id.substr(0,2) == 'ft') {
            if (level < 1) {
                tr.className = 'hiddenRow';
            }
            else {
                tr.className = '';
            }
        }
        if (id.substr(0,2) == 'pt') {
            if (level > 1) {
                tr.className = '';
            }
            else {
                tr.className = 'hiddenRow';
            }
        }
    }
}


function showClassDetail(cid, count) {
    var id_list = Array(count);
    var toHide = 1;
    for (var i = 0; i < count; i++) {
        tid0 = 't' + cid.substr(1) + '.' + (i+1);
        tid = 'f' + tid0;
        tr = document.getElementById(tid);
        if (!tr) {
            tid = 'p' + tid0;
            tr = document.getElementById(tid);
        }
        id_list[i] = tid;
        if (tr.className) {
            toHide = 0;
        }
    }
    for (var i = 0; i < count; i++) {
        tid = id_list[i];
        if (toHide) {
            document.getElementById('div_'+tid).style.display = 'none'
            document.getElementById(tid).className = 'hiddenRow';
        }
        else {
            document.getElementById(tid).className = '';
        }
    }
}


function showTestDetail(div_id){
    var details_div = document.getElementById(div_id)
    var displayState = details_div.style.display
    // alert(displayState)
    if (displayState != 'block' ) {
        displayState = 'block'
        details_div.style.display = 'block'
    }
    else {
        details_div.style.display = 'none'
    }
}


function html_escape(s) {
    s = s.replace(/&/g,'&amp;');
    s = s.replace(/</g,'&lt;');
    s = s.replace(/>/g,'&gt;');
    return s;
}

/* obsoleted by detail in <div>
function showOutput(id, name) {
    var w = window.open("", //url
                    name,
                    "resizable,scrollbars,status,width=800,height=450");
    d = w.document;
    d.write("<pre>");
    d.write(html_escape(output_list[id]));
    d.write("\n");
    d.write("<a href='javascript:window.close()'>close</a>\n");
    d.write("</pre>\n");
    d.close();
}
*/
--></script>

<div class='heading'>
<h1>Unit Test Report</h1>

<p class='attribute'><strong>Status:</strong> Pass 8 Failure 1</p>

<p class='description'></p>
</div>



<p id='show_detail_line'>Show
<a href='javascript:showCase(0)'>Summary</a>
<a href='javascript:showCase(1)'>Failed</a>
<a href='javascript:showCase(2)'>All</a>
</p>
<table id='result_table'>
<colgroup>
<col align='left' />
<col align='right' />
<col align='right' />
<col align='right' />
<col align='right' />
<col align='right' />
<col align='right' />
<col align='right' />
</colgroup>
<tr id='header_row'>
    <td>Test Group/Test case</td>
    <td>Count</td>
    <td>Pass</td>
    <td>Fail</td>
    <td>Error</td>
    <td>Skip</td>
    <td>View</td>
    <td> </td>
</tr>

<tr class='failClass'>
    <td class="testname">tempest.scenario.test_network_basic_ops.TestNetworkBasicOps</td>
    <td class="small">9</td>
    <td class="small">8</td>
    <td class="small">1</td>
    <td class="small">0</td>
    <td class="small">0</td>
    <td class="small"><a href="javascript:showClassDetail('c1',9)"
>Detail</a></td>
    <td> </td>
</tr>

<tr id='pt1.1' class='hiddenRow'>
    <td class='none'><div class='testcase'>test_connectivity_between_vms_on_different_networks[compute,id-1546850e-fbaa-42f5-8b5f-03d8a6a95f15,network]</div></td>
    <td colspan='7' align='left'>

    <!--css div popup start-->
    <a class="popup_link" onfocus='this.blur();'
    href="javascript:showTestDetail('div_pt1.1')" >
        pass</a>

    <div id='div_pt1.1' class="popup_window">
        <div style='text-align: right; color:red;cursor:pointer'>
        <a onfocus='this.blur();'
onclick="document.getElementById('div_pt1.1').style.display = 'none' " >
           [x]</a>
        </div>
        <pre>
        
pt1.1: tempest.scenario.test_network_basic_ops.TestNetworkBasicOps.test_connectivity_between_vms_on_different_networks[compute,id-1546850e-fbaa-42f5-8b5f-03d8a6a95f15,network]

        </pre>
    </div>
    <!--css div popup end-->

    </td>
</tr>

<tr id='pt1.2' class='hiddenRow'>
    <td class='none'><div class='testcase'>test_hotplug_nic[compute,id-c5adff73-e961-41f1-b4a9-343614f18cfa,network]</div></td>
    <td colspan='7' align='left'>

    <!--css div popup start-->
    <a class="popup_link" onfocus='this.blur();'
    href="javascript:showTestDetail('div_pt1.2')" >
        pass</a>

    <div id='div_pt1.2' class="popup_window">
        <div style='text-align: right; color:red;cursor:pointer'>
        <a onfocus='this.blur();'
onclick="document.getElementById('div_pt1.2').style.display = 'none' " >
           [x]</a>
        </div>
        <pre>
        
pt1.2: tempest.scenario.test_network_basic_ops.TestNetworkBasicOps.test_hotplug_nic[compute,id-c5adff73-e961-41f1-b4a9-343614f18cfa,network]

        </pre>
    </div>
    <!--css div popup end-->

    </td>
</tr>

<tr id='pt1.3' class='hiddenRow'>
    <td class='none'><div class='testcase'>test_network_basic_ops[compute,id-f323b3ba-82f8-4db7-8ea6-6a895869ec49,network,smoke]</div></td>
    <td colspan='7' align='left'>

    <!--css div popup start-->
    <a class="popup_link" onfocus='this.blur();'
    href="javascript:showTestDetail('div_pt1.3')" >
        pass</a>

    <div id='div_pt1.3' class="popup_window">
        <div style='text-align: right; color:red;cursor:pointer'>
        <a onfocus='this.blur();'
onclick="document.getElementById('div_pt1.3').style.display = 'none' " >
           [x]</a>
        </div>
        <pre>
        
pt1.3: tempest.scenario.test_network_basic_ops.TestNetworkBasicOps.test_network_basic_ops[compute,id-f323b3ba-82f8-4db7-8ea6-6a895869ec49,network,smoke]

        </pre>
    </div>
    <!--css div popup end-->

    </td>
</tr>

<tr id='pt1.4' class='hiddenRow'>
    <td class='none'><div class='testcase'>test_port_security_macspoofing_port[compute,id-7c0bb1a2-d053-49a4-98f9-ca1a1d849f63,network]</div></td>
    <td colspan='7' align='left'>

    <!--css div popup start-->
    <a class="popup_link" onfocus='this.blur();'
    href="javascript:showTestDetail('div_pt1.4')" >
        pass</a>

    <div id='div_pt1.4' class="popup_window">
        <div style='text-align: right; color:red;cursor:pointer'>
        <a onfocus='this.blur();'
onclick="document.getElementById('div_pt1.4').style.display = 'none' " >
           [x]</a>
        </div>
        <pre>
        
pt1.4: tempest.scenario.test_network_basic_ops.TestNetworkBasicOps.test_port_security_macspoofing_port[compute,id-7c0bb1a2-d053-49a4-98f9-ca1a1d849f63,network]

        </pre>
    </div>
    <!--css div popup end-->

    </td>
</tr>

<tr id='pt1.5' class='hiddenRow'>
    <td class='none'><div class='testcase'>test_preserve_preexisting_port[compute,id-759462e1-8535-46b0-ab3a-33aa45c55aaa,network]</div></td>
    <td colspan='7' align='left'>

    <!--css div popup start-->
    <a class="popup_link" onfocus='this.blur();'
    href="javascript:showTestDetail('div_pt1.5')" >
        pass</a>

    <div id='div_pt1.5' class="popup_window">
        <div style='text-align: right; color:red;cursor:pointer'>
        <a onfocus='this.blur();'
onclick="document.getElementById('div_pt1.5').style.display = 'none' " >
           [x]</a>
        </div>
        <pre>
        
pt1.5: tempest.scenario.test_network_basic_ops.TestNetworkBasicOps.test_preserve_preexisting_port[compute,id-759462e1-8535-46b0-ab3a-33aa45c55aaa,network]

        </pre>
    </div>
    <!--css div popup end-->

    </td>
</tr>

<tr id='pt1.6' class='hiddenRow'>
    <td class='none'><div class='testcase'>test_router_rescheduling[compute,id-2e788c46-fb3f-4ac9-8f82-0561555bea73,network]</div></td>
    <td colspan='7' align='left'>

    <!--css div popup start-->
    <a class="popup_link" onfocus='this.blur();'
    href="javascript:showTestDetail('div_pt1.6')" >
        pass</a>

    <div id='div_pt1.6' class="popup_window">
        <div style='text-align: right; color:red;cursor:pointer'>
        <a onfocus='this.blur();'
onclick="document.getElementById('div_pt1.6').style.display = 'none' " >
           [x]</a>
        </div>
        <pre>
        
pt1.6: tempest.scenario.test_network_basic_ops.TestNetworkBasicOps.test_router_rescheduling[compute,id-2e788c46-fb3f-4ac9-8f82-0561555bea73,network]

        </pre>
    </div>
    <!--css div popup end-->

    </td>
</tr>

<tr id='pt1.7' class='hiddenRow'>
    <td class='none'><div class='testcase'>test_subnet_details[compute,id-d8bb918e-e2df-48b2-97cd-b73c95450980,network]</div></td>
    <td colspan='7' align='left'>

    <!--css div popup start-->
    <a class="popup_link" onfocus='this.blur();'
    href="javascript:showTestDetail('div_pt1.7')" >
        pass</a>

    <div id='div_pt1.7' class="popup_window">
        <div style='text-align: right; color:red;cursor:pointer'>
        <a onfocus='this.blur();'
onclick="document.getElementById('div_pt1.7').style.display = 'none' " >
           [x]</a>
        </div>
        <pre>
        
pt1.7: tempest.scenario.test_network_basic_ops.TestNetworkBasicOps.test_subnet_details[compute,id-d8bb918e-e2df-48b2-97cd-b73c95450980,network]

        </pre>
    </div>
    <!--css div popup end-->

    </td>
</tr>

<tr id='ft1.8' class='none'>
    <td class='failCase'><div class='testcase'>test_update_instance_port_admin_state[compute,id-f5dfcc22-45fd-409f-954c-5bd500d7890b,network]</div></td>
    <td colspan='7' align='left'>

    <!--css div popup start-->
    <a class="popup_link" onfocus='this.blur();'
    href="javascript:showTestDetail('div_ft1.8')" >
        fail</a>

    <div id='div_ft1.8' class="popup_window">
        <div style='text-align: right; color:red;cursor:pointer'>
        <a onfocus='this.blur();'
onclick="document.getElementById('div_ft1.8').style.display = 'none' " >
           [x]</a>
        </div>
        <pre>
        
ft1.8: tempest.scenario.test_network_basic_ops.TestNetworkBasicOps.test_update_instance_port_admin_state[compute,id-f5dfcc22-45fd-409f-954c-5bd500d7890b,network]_StringException: Empty attachments:
  stderr
  stdout

pythonlogging:'': {{{
2015-12-08 00:58:40,370 27573 INFO     [tempest_lib.common.rest_client] Request (TestNetworkBasicOps:test_update_instance_port_admin_state): 201 POST http://10.0.2.15:9696/v2.0/security-groups 0.117s
2015-12-08 00:58:40,371 27573 DEBUG    [tempest_lib.common.rest_client] Request - Headers: {'Content-Type': 'application/json', 'Accept': 'application/json', 'X-Auth-Token': '&lt;omitted&gt;'}
        Body: {"security_group": {"tenant_id": "6a457acf7875493a8b3197a95f0c3a30", "description": "tempest-secgroup-smoke-1462036933 description", "name": "tempest-secgroup-smoke-1462036933"}}
    Response - Headers: {'status': '201', 'content-length': '888', 'connection': 'close', 'date': 'Tue, 08 Dec 2015 00:58:40 GMT', 'content-type': 'application/json; charset=UTF-8', 'x-openstack-request-id': 'req-d7f09828-d621-4f90-b588-16325c5d2980'}
        Body: {"security_group": {"tenant_id": "6a457acf7875493a8b3197a95f0c3a30", "description": "tempest-secgroup-smoke-1462036933 description", "id": "85c60f77-0a65-4e08-ad30-6fc9001c4786", "security_group_rules": [{"remote_group_id": null, "direction": "egress", "remote_ip_prefix": null, "protocol": null, "ethertype": "IPv4", "tenant_id": "6a457acf7875493a8b3197a95f0c3a30", "port_range_max": null, "port_range_min": null, "id": "fb6f46ef-b862-4d41-8b1e-e51e983fc076", "security_group_id": "85c60f77-0a65-4e08-ad30-6fc9001c4786"}, {"remote_group_id": null, "direction": "egress", "remote_ip_prefix": null, "protocol": null, "ethertype": "IPv6", "tenant_id": "6a457acf7875493a8b3197a95f0c3a30", "port_range_max": null, "port_range_min": null, "id": "b293cf46-b2d8-4187-ab0d-a11e145b70e2", "security_group_id": "85c60f77-0a65-4e08-ad30-6fc9001c4786"}], "name": "tempest-secgroup-smoke-1462036933"}}
2015-12-08 00:58:40,477 27573 INFO     [tempest_lib.common.rest_client] Request (TestNetworkBasicOps:test_update_instance_port_admin_state): 201 POST http://10.0.2.15:9696/v2.0/security-group-rules 0.105s
2015-12-08 00:58:40,478 27573 DEBUG    [tempest_lib.common.rest_client] Request - Headers: {'Content-Type': 'application/json', 'Accept': 'application/json', 'X-Auth-Token': '&lt;omitted&gt;'}
        Body: {"security_group_rule": {"direction": "ingress", "protocol": "tcp", "tenant_id": "6a457acf7875493a8b3197a95f0c3a30", "port_range_max": 22, "security_group_id": "85c60f77-0a65-4e08-ad30-6fc9001c4786", "port_range_min": 22}}
    Response - Headers: {'status': '201', 'content-length': '340', 'connection': 'close', 'date': 'Tue, 08 Dec 2015 00:58:40 GMT', 'content-type': 'application/json; charset=UTF-8', 'x-openstack-request-id': 'req-775498d8-9d00-4234-94fe-ecf803e9b9e4'}
        Body: {"security_group_rule": {"remote_group_id": null, "direction": "ingress", "remote_ip_prefix": null, "protocol": "tcp", "ethertype": "IPv4", "tenant_id": "6a457acf7875493a8b3197a95f0c3a30", "port_range_max": 22, "port_range_min": 22, "id": "1ff9c83c-b346-44d4-b088-0f2357606457", "security_group_id": "85c60f77-0a65-4e08-ad30-6fc9001c4786"}}
2015-12-08 00:58:40,585 27573 INFO     [tempest_lib.common.rest_client] Request (TestNetworkBasicOps:test_update_instance_port_admin_state): 201 POST http://10.0.2.15:9696/v2.0/security-group-rules 0.105s
2015-12-08 00:58:40,586 27573 DEBUG    [tempest_lib.common.rest_client] Request - Headers: {'Content-Type': 'application/json', 'Accept': 'application/json', 'X-Auth-Token': '&lt;omitted&gt;'}
        Body: {"security_group_rule": {"direction": "egress", "protocol": "tcp", "tenant_id": "6a457acf7875493a8b3197a95f0c3a30", "port_range_max": 22, "security_group_id": "85c60f77-0a65-4e08-ad30-6fc9001c4786", "port_range_min": 22}}
    Response - Headers: {'status': '201', 'content-length': '339', 'connection': 'close', 'date': 'Tue, 08 Dec 2015 00:58:40 GMT', 'content-type': 'application/json; charset=UTF-8', 'x-openstack-request-id': 'req-324b5250-3135-49f1-be39-bc59f7d082ba'}
        Body: {"security_group_rule": {"remote_group_id": null, "direction": "egress", "remote_ip_prefix": null, "protocol": "tcp", "ethertype": "IPv4", "tenant_id": "6a457acf7875493a8b3197a95f0c3a30", "port_range_max": 22, "port_range_min": 22, "id": "3c40dd19-60a5-4544-b16a-9fc5a568dd84", "security_group_id": "85c60f77-0a65-4e08-ad30-6fc9001c4786"}}
2015-12-08 00:58:40,699 27573 INFO     [tempest_lib.common.rest_client] Request (TestNetworkBasicOps:test_update_instance_port_admin_state): 201 POST http://10.0.2.15:9696/v2.0/security-group-rules 0.113s
2015-12-08 00:58:40,700 27573 DEBUG    [tempest_lib.common.rest_client] Request - Headers: {'Content-Type': 'application/json', 'Accept': 'application/json', 'X-Auth-Token': '&lt;omitted&gt;'}
        Body: {"security_group_rule": {"tenant_id": "6a457acf7875493a8b3197a95f0c3a30", "direction": "ingress", "protocol": "icmp", "security_group_id": "85c60f77-0a65-4e08-ad30-6fc9001c4786"}}
    Response - Headers: {'status': '201', 'content-length': '345', 'connection': 'close', 'date': 'Tue, 08 Dec 2015 00:58:40 GMT', 'content-type': 'application/json; charset=UTF-8', 'x-openstack-request-id': 'req-1e27a4d7-a451-409e-9484-7a9477dd5547'}
        Body: {"security_group_rule": {"remote_group_id": null, "direction": "ingress", "remote_ip_prefix": null, "protocol": "icmp", "ethertype": "IPv4", "tenant_id": "6a457acf7875493a8b3197a95f0c3a30", "port_range_max": null, "port_range_min": null, "id": "5aef1009-d75e-4f28-89de-a49b7cd2ff25", "security_group_id": "85c60f77-0a65-4e08-ad30-6fc9001c4786"}}
2015-12-08 00:58:40,802 27573 INFO     [tempest_lib.common.rest_client] Request (TestNetworkBasicOps:test_update_instance_port_admin_state): 201 POST http://10.0.2.15:9696/v2.0/security-group-rules 0.101s
2015-12-08 00:58:40,803 27573 DEBUG    [tempest_lib.common.rest_client] Request - Headers: {'Content-Type': 'application/json', 'Accept': 'application/json', 'X-Auth-Token': '&lt;omitted&gt;'}
        Body: {"security_group_rule": {"tenant_id": "6a457acf7875493a8b3197a95f0c3a30", "direction": "egress", "protocol": "icmp", "security_group_id": "85c60f77-0a65-4e08-ad30-6fc9001c4786"}}
    Response - Headers: {'status': '201', 'content-length': '344', 'connection': 'close', 'date': 'Tue, 08 Dec 2015 00:58:40 GMT', 'content-type': 'application/json; charset=UTF-8', 'x-openstack-request-id': 'req-1519d45f-e41c-4fde-88cb-0e91c9e1cbd5'}
        Body: {"security_group_rule": {"remote_group_id": null, "direction": "egress", "remote_ip_prefix": null, "protocol": "icmp", "ethertype": "IPv4", "tenant_id": "6a457acf7875493a8b3197a95f0c3a30", "port_range_max": null, "port_range_min": null, "id": "3eff4ce7-1462-4812-a2e3-68afe2b9f941", "security_group_id": "85c60f77-0a65-4e08-ad30-6fc9001c4786"}}
2015-12-08 00:58:40,906 27573 INFO     [tempest_lib.common.rest_client] Request (TestNetworkBasicOps:test_update_instance_port_admin_state): 201 POST http://10.0.2.15:9696/v2.0/security-group-rules 0.102s
2015-12-08 00:58:40,906 27573 DEBUG    [tempest_lib.common.rest_client] Request - Headers: {'Content-Type': 'application/json', 'Accept': 'application/json', 'X-Auth-Token': '&lt;omitted&gt;'}
        Body: {"security_group_rule": {"tenant_id": "6a457acf7875493a8b3197a95f0c3a30", "direction": "ingress", "security_group_id": "85c60f77-0a65-4e08-ad30-6fc9001c4786", "protocol": "icmp", "ethertype": "IPv6"}}
    Response - Headers: {'status': '201', 'content-length': '345', 'connection': 'close', 'date': 'Tue, 08 Dec 2015 00:58:40 GMT', 'content-type': 'application/json; charset=UTF-8', 'x-openstack-request-id': 'req-65adc99b-a972-48e8-b9c3-acbce554b1dc'}
        Body: {"security_group_rule": {"remote_group_id": null, "direction": "ingress", "remote_ip_prefix": null, "protocol": "icmp", "ethertype": "IPv6", "tenant_id": "6a457acf7875493a8b3197a95f0c3a30", "port_range_max": null, "port_range_min": null, "id": "84e0cef2-2c80-4d96-bce3-b2540cf7790b", "security_group_id": "85c60f77-0a65-4e08-ad30-6fc9001c4786"}}
2015-12-08 00:58:41,017 27573 INFO     [tempest_lib.common.rest_client] Request (TestNetworkBasicOps:test_update_instance_port_admin_state): 201 POST http://10.0.2.15:9696/v2.0/security-group-rules 0.109s
2015-12-08 00:58:41,018 27573 DEBUG    [tempest_lib.common.rest_client] Request - Headers: {'Content-Type': 'application/json', 'Accept': 'application/json', 'X-Auth-Token': '&lt;omitted&gt;'}
        Body: {"security_group_rule": {"tenant_id": "6a457acf7875493a8b3197a95f0c3a30", "direction": "egress", "security_group_id": "85c60f77-0a65-4e08-ad30-6fc9001c4786", "protocol": "icmp", "ethertype": "IPv6"}}
    Response - Headers: {'status': '201', 'content-length': '344', 'connection': 'close', 'date': 'Tue, 08 Dec 2015 00:58:41 GMT', 'content-type': 'application/json; charset=UTF-8', 'x-openstack-request-id': 'req-27f4c5c3-ee29-45cb-bcf0-6cac54940e62'}
        Body: {"security_group_rule": {"remote_group_id": null, "direction": "egress", "remote_ip_prefix": null, "protocol": "icmp", "ethertype": "IPv6", "tenant_id": "6a457acf7875493a8b3197a95f0c3a30", "port_range_max": null, "port_range_min": null, "id": "c402abf3-245a-4021-a57c-3f125a6a633c", "security_group_id": "85c60f77-0a65-4e08-ad30-6fc9001c4786"}}
2015-12-08 00:58:41,154 27573 INFO     [tempest_lib.common.rest_client] Request (TestNetworkBasicOps:test_update_instance_port_admin_state): 201 POST http://10.0.2.15:9696/v2.0/networks 0.135s
2015-12-08 00:58:41,155 27573 DEBUG    [tempest_lib.common.rest_client] Request - Headers: {'Content-Type': 'application/json', 'Accept': 'application/json', 'X-Auth-Token': '&lt;omitted&gt;'}
        Body: {"network": {"tenant_id": "6a457acf7875493a8b3197a95f0c3a30", "name": "tempest-network-smoke--943779329"}}
    Response - Headers: {'status': '201', 'content-length': '295', 'connection': 'close', 'date': 'Tue, 08 Dec 2015 00:58:41 GMT', 'content-type': 'application/json; charset=UTF-8', 'x-openstack-request-id': 'req-83cbcf03-f3c5-42d6-9a89-6e22c31686b2'}
        Body: {"network": {"status": "ACTIVE", "subnets": [], "name": "tempest-network-smoke--943779329", "admin_state_up": true, "tenant_id": "6a457acf7875493a8b3197a95f0c3a30", "mtu": 0, "router:external": false, "shared": false, "port_security_enabled": true, "id": "48ff951f-5f99-4567-9c0d-e14bba1e8abc"}}
2015-12-08 00:58:41,235 27573 INFO     [tempest_lib.common.rest_client] Request (TestNetworkBasicOps:test_update_instance_port_admin_state): 201 POST http://10.0.2.15:9696/v2.0/routers 0.079s
2015-12-08 00:58:41,237 27573 DEBUG    [tempest_lib.common.rest_client] Request - Headers: {'Content-Type': 'application/json', 'Accept': 'application/json', 'X-Auth-Token': '&lt;omitted&gt;'}
        Body: {"router": {"tenant_id": "6a457acf7875493a8b3197a95f0c3a30", "name": "tempest-router-smoke-1735459726", "admin_state_up": true}}
    Response - Headers: {'status': '201', 'content-length': '239', 'connection': 'close', 'date': 'Tue, 08 Dec 2015 00:58:41 GMT', 'content-type': 'application/json; charset=UTF-8', 'x-openstack-request-id': 'req-78133935-e685-4316-bc39-0bd9f5161f37'}
        Body: {"router": {"status": "ACTIVE", "external_gateway_info": null, "name": "tempest-router-smoke-1735459726", "admin_state_up": true, "tenant_id": "6a457acf7875493a8b3197a95f0c3a30", "routes": [], "id": "4b00c21a-1114-4ce4-bd33-7489ef3ecee5"}}
2015-12-08 00:58:41,283 27573 INFO     [tempest_lib.common.rest_client] Request (TestNetworkBasicOps:test_update_instance_port_admin_state): 200 GET http://10.0.2.15:9696/v2.0/routers/4b00c21a-1114-4ce4-bd33-7489ef3ecee5 0.045s
2015-12-08 00:58:41,283 27573 DEBUG    [tempest_lib.common.rest_client] Request - Headers: {'Content-Type': 'application/json', 'Accept': 'application/json', 'X-Auth-Token': '&lt;omitted&gt;'}
        Body: None
    Response - Headers: {'status': '200', 'content-length': '239', 'content-location': 'http://10.0.2.15:9696/v2.0/routers/4b00c21a-1114-4ce4-bd33-7489ef3ecee5', 'connection': 'close', 'date': 'Tue, 08 Dec 2015 00:58:41 GMT', 'content-type': 'application/json; charset=UTF-8', 'x-openstack-request-id': 'req-411b5906-c93c-465a-9385-a96b3c25d750'}
        Body: {"router": {"status": "ACTIVE", "external_gateway_info": null, "name": "tempest-router-smoke-1735459726", "admin_state_up": true, "tenant_id": "6a457acf7875493a8b3197a95f0c3a30", "routes": [], "id": "4b00c21a-1114-4ce4-bd33-7489ef3ecee5"}}
2015-12-08 00:58:41,818 27573 INFO     [tempest_lib.common.rest_client] Request (TestNetworkBasicOps:test_update_instance_port_admin_state): 200 PUT http://10.0.2.15:9696/v2.0/routers/4b00c21a-1114-4ce4-bd33-7489ef3ecee5 0.534s
2015-12-08 00:58:41,819 27573 DEBUG    [tempest_lib.common.rest_client] Request - Headers: {'Content-Type': 'application/json', 'Accept': 'application/json', 'X-Auth-Token': '&lt;omitted&gt;'}
        Body: {"router": {"external_gateway_info": {"network_id": "42c3e770-d528-4d3c-9e58-f268a7b244ef"}, "name": "tempest-router-smoke-1735459726", "admin_state_up": true}}
    Response - Headers: {'status': '200', 'content-length': '503', 'connection': 'close', 'date': 'Tue, 08 Dec 2015 00:58:41 GMT', 'content-type': 'application/json; charset=UTF-8', 'x-openstack-request-id': 'req-aab3ed48-acfb-4d56-b2c5-52cf56c7a2d3'}
        Body: {"router": {"status": "ACTIVE", "external_gateway_info": {"network_id": "42c3e770-d528-4d3c-9e58-f268a7b244ef", "enable_snat": true, "external_fixed_ips": [{"subnet_id": "0271a8ba-e82f-4b06-bab4-c76d748ad407", "ip_address": "172.24.4.17"}, {"subnet_id": "8ad53095-b561-4a9b-b3e4-769ca7692b27", "ip_address": "2001:db8::12"}]}, "name": "tempest-router-smoke-1735459726", "admin_state_up": true, "tenant_id": "6a457acf7875493a8b3197a95f0c3a30", "routes": [], "id": "4b00c21a-1114-4ce4-bd33-7489ef3ecee5"}}
2015-12-08 00:58:41,865 27573 INFO     [tempest_lib.common.rest_client] Request (TestNetworkBasicOps:test_update_instance_port_admin_state): 200 GET http://10.0.2.15:9696/v2.0/subnets?tenant_id=6a457acf7875493a8b3197a95f0c3a30&amp;cidr=10.100.0.0%2F28 0.045s
2015-12-08 00:58:41,866 27573 DEBUG    [tempest_lib.common.rest_client] Request - Headers: {'Content-Type': 'application/json', 'Accept': 'application/json', 'X-Auth-Token': '&lt;omitted&gt;'}
        Body: None
    Response - Headers: {'status': '200', 'content-length': '15', 'content-location': 'http://10.0.2.15:9696/v2.0/subnets?tenant_id=6a457acf7875493a8b3197a95f0c3a30&amp;cidr=10.100.0.0%2F28', 'connection': 'close', 'date': 'Tue, 08 Dec 2015 00:58:41 GMT', 'content-type': 'application/json; charset=UTF-8', 'x-openstack-request-id': 'req-0d5b4e1e-d36c-4d5e-b13b-be07727ede8b'}
        Body: {"subnets": []}
2015-12-08 00:58:42,156 27573 INFO     [tempest_lib.common.rest_client] Request (TestNetworkBasicOps:test_update_instance_port_admin_state): 201 POST http://10.0.2.15:9696/v2.0/subnets 0.289s
2015-12-08 00:58:42,157 27573 DEBUG    [tempest_lib.common.rest_client] Request - Headers: {'Content-Type': 'application/json', 'Accept': 'application/json', 'X-Auth-Token': '&lt;omitted&gt;'}
        Body: {"subnet": {"ip_version": 4, "tenant_id": "6a457acf7875493a8b3197a95f0c3a30", "cidr": "10.100.0.0/28", "network_id": "48ff951f-5f99-4567-9c0d-e14bba1e8abc", "name": "tempest-subnet-smoke-1745460169"}}
    Response - Headers: {'status': '201', 'content-length': '478', 'connection': 'close', 'date': 'Tue, 08 Dec 2015 00:58:42 GMT', 'content-type': 'application/json; charset=UTF-8', 'x-openstack-request-id': 'req-9b632709-d067-4b84-9648-082c6c2fbd87'}
        Body: {"subnet": {"name": "tempest-subnet-smoke-1745460169", "enable_dhcp": true, "network_id": "48ff951f-5f99-4567-9c0d-e14bba1e8abc", "tenant_id": "6a457acf7875493a8b3197a95f0c3a30", "dns_nameservers": [], "gateway_ip": "10.100.0.1", "ipv6_ra_mode": null, "allocation_pools": [{"start": "10.100.0.2", "end": "10.100.0.14"}], "host_routes": [], "ip_version": 4, "ipv6_address_mode": null, "cidr": "10.100.0.0/28", "id": "3a2c7253-4fe6-47b1-a841-a3bd73bb2f59", "subnetpool_id": null}}
2015-12-08 00:58:42,756 27573 INFO     [tempest_lib.common.rest_client] Request (TestNetworkBasicOps:test_update_instance_port_admin_state): 200 PUT http://10.0.2.15:9696/v2.0/routers/4b00c21a-1114-4ce4-bd33-7489ef3ecee5/add_router_interface 0.597s
2015-12-08 00:58:42,756 27573 DEBUG    [tempest_lib.common.rest_client] Request - Headers: {'Content-Type': 'application/json', 'Accept': 'application/json', 'X-Auth-Token': '&lt;omitted&gt;'}
        Body: {"subnet_id": "3a2c7253-4fe6-47b1-a841-a3bd73bb2f59"}
    Response - Headers: {'status': '200', 'content-length': '255', 'connection': 'close', 'date': 'Tue, 08 Dec 2015 00:58:42 GMT', 'content-type': 'application/json; charset=UTF-8', 'x-openstack-request-id': 'req-d5e4a99c-35ee-4d6c-a083-4be22f7dbda4'}
        Body: {"subnet_id": "3a2c7253-4fe6-47b1-a841-a3bd73bb2f59", "tenant_id": "6a457acf7875493a8b3197a95f0c3a30", "subnet_ids": ["3a2c7253-4fe6-47b1-a841-a3bd73bb2f59"], "port_id": "a1bc9e09-5a4a-4d22-b90c-d8fd4c2f422f", "id": "4b00c21a-1114-4ce4-bd33-7489ef3ecee5"}
2015-12-08 00:58:42,802 27573 INFO     [tempest_lib.common.rest_client] Request (TestNetworkBasicOps:test_update_instance_port_admin_state): 200 GET http://10.0.2.15:9696/v2.0/networks 0.044s
2015-12-08 00:58:42,802 27573 DEBUG    [tempest_lib.common.rest_client] Request - Headers: {'Content-Type': 'application/json', 'Accept': 'application/json', 'X-Auth-Token': '&lt;omitted&gt;'}
        Body: None
    Response - Headers: {'status': '200', 'content-length': '1317', 'content-location': 'http://10.0.2.15:9696/v2.0/networks', 'connection': 'close', 'date': 'Tue, 08 Dec 2015 00:58:42 GMT', 'content-type': 'application/json; charset=UTF-8', 'x-openstack-request-id': 'req-d1a82a9c-507f-489d-909f-2be23010ae76'}
        Body: {"networks": [{"status": "ACTIVE", "subnets": ["cf9c5972-b885-4b26-bb53-c9e8418b02d1", "b1393aee-ee09-4e5e-99ac-d4423de08678"], "name": "private", "provider:physical_network": null, "admin_state_up": true, "tenant_id": "2ff6b431899e42129170896d24e08d46", "mtu": 0, "router:external": false, "shared": false, "port_security_enabled": true, "provider:network_type": "vxlan", "id": "eeb74c48-332d-4363-a81f-3124e9595d66", "provider:segmentation_id": 1026}, {"status": "ACTIVE", "subnets": ["8ad53095-b561-4a9b-b3e4-769ca7692b27", "0271a8ba-e82f-4b06-bab4-c76d748ad407"], "name": "public", "provider:physical_network": null, "admin_state_up": true, "tenant_id": "35592e359aac402792604bd782fa2c89", "mtu": 0, "router:external": true, "shared": false, "port_security_enabled": true, "provider:network_type": "vxlan", "id": "42c3e770-d528-4d3c-9e58-f268a7b244ef", "provider:segmentation_id": 1025}, {"status": "ACTIVE", "subnets": ["3a2c7253-4fe6-47b1-a841-a3bd73bb2f59"], "name": "tempest-network-smoke--943779329", "provider:physical_network": null, "admin_state_up": true, "tenant_id": "6a457acf7875493a8b3197a95f0c3a30", "mtu": 0, "router:external": false, "shared": false, "port_security_enabled": true, "provider:network_type": "vxlan", "id": "48ff951f-5f99-4567-9c0d-e14bba1e8abc", "provider:segmentation_id": 1042}]}
2015-12-08 00:58:42,879 27573 INFO     [tempest_lib.common.rest_client] Request (TestNetworkBasicOps:test_update_instance_port_admin_state): 200 GET http://10.0.2.15:9696/v2.0/subnets 0.075s
2015-12-08 00:58:42,879 27573 DEBUG    [tempest_lib.common.rest_client] Request - Headers: {'Content-Type': 'application/json', 'Accept': 'application/json', 'X-Auth-Token': '&lt;omitted&gt;'}
        Body: None
    Response - Headers: {'status': '200', 'content-length': '2408', 'content-location': 'http://10.0.2.15:9696/v2.0/subnets', 'connection': 'close', 'date': 'Tue, 08 Dec 2015 00:58:42 GMT', 'content-type': 'application/json; charset=UTF-8', 'x-openstack-request-id': 'req-7bc8bf41-5f9e-458b-939a-01d2271f7a06'}
        Body: {"subnets": [{"name": "ipv6-public-subnet", "enable_dhcp": false, "network_id": "42c3e770-d528-4d3c-9e58-f268a7b244ef", "tenant_id": "35592e359aac402792604bd782fa2c89", "dns_nameservers": [], "gateway_ip": "2001:db8::2", "ipv6_ra_mode": null, "allocation_pools": [{"start": "2001:db8::1", "end": "2001:db8::1"}, {"start": "2001:db8::3", "end": "2001:db8::ffff:ffff:ffff:ffff"}], "host_routes": [], "ip_version": 6, "ipv6_address_mode": null, "cidr": "2001:db8::/64", "id": "8ad53095-b561-4a9b-b3e4-769ca7692b27", "subnetpool_id": null}, {"name": "public-subnet", "enable_dhcp": false, "network_id": "42c3e770-d528-4d3c-9e58-f268a7b244ef", "tenant_id": "35592e359aac402792604bd782fa2c89", "dns_nameservers": [], "gateway_ip": "172.24.4.1", "ipv6_ra_mode": null, "allocation_pools": [{"start": "172.24.4.2", "end": "172.24.4.254"}], "host_routes": [], "ip_version": 4, "ipv6_address_mode": null, "cidr": "172.24.4.0/24", "id": "0271a8ba-e82f-4b06-bab4-c76d748ad407", "subnetpool_id": null}, {"name": "private-subnet", "enable_dhcp": true, "network_id": "eeb74c48-332d-4363-a81f-3124e9595d66", "tenant_id": "2ff6b431899e42129170896d24e08d46", "dns_nameservers": [], "gateway_ip": "10.0.0.1", "ipv6_ra_mode": null, "allocation_pools": [{"start": "10.0.0.2", "end": "10.0.0.254"}], "host_routes": [], "ip_version": 4, "ipv6_address_mode": null, "cidr": "10.0.0.0/24", "id": "b1393aee-ee09-4e5e-99ac-d4423de08678", "subnetpool_id": null}, {"name": "ipv6-private-subnet", "enable_dhcp": true, "network_id": "eeb74c48-332d-4363-a81f-3124e9595d66", "tenant_id": "2ff6b431899e42129170896d24e08d46", "dns_nameservers": [], "gateway_ip": "fd52:7dfb:deaf::1", "ipv6_ra_mode": "slaac", "allocation_pools": [{"start": "fd52:7dfb:deaf::2", "end": "fd52:7dfb:deaf:0:ffff:ffff:ffff:ffff"}], "host_routes": [], "ip_version": 6, "ipv6_address_mode": "slaac", "cidr": "fd52:7dfb:deaf::/64", "id": "cf9c5972-b885-4b26-bb53-c9e8418b02d1", "subnetpool_id": null}, {"name": "tempest-subnet-smoke-1745460169", "enable_dhcp": true, "network_id": "48ff951f-5f99-4567-9c0d-e14bba1e8abc", "tenant_id": "6a457acf7875493a8b3197a95f0c3a30", "dns_nameservers": [], "gateway_ip": "10.100.0.1", "ipv6_ra_mode": null, "allocation_pools": [{"start": "10.100.0.2", "end": "10.100.0.14"}], "host_routes": [], "ip_version": 4, "ipv6_address_mode": null, "cidr": "10.100.0.0/28", "id": "3a2c7253-4fe6-47b1-a841-a3bd73bb2f59", "subnetpool_id": null}]}
2015-12-08 00:58:42,925 27573 INFO     [tempest_lib.common.rest_client] Request (TestNetworkBasicOps:test_update_instance_port_admin_state): 200 GET http://10.0.2.15:9696/v2.0/routers 0.044s
2015-12-08 00:58:42,926 27573 DEBUG    [tempest_lib.common.rest_client] Request - Headers: {'Content-Type': 'application/json', 'Accept': 'application/json', 'X-Auth-Token': '&lt;omitted&gt;'}
        Body: None
    Response - Headers: {'status': '200', 'content-length': '1043', 'content-location': 'http://10.0.2.15:9696/v2.0/routers', 'connection': 'close', 'date': 'Tue, 08 Dec 2015 00:58:42 GMT', 'content-type': 'application/json; charset=UTF-8', 'x-openstack-request-id': 'req-abbffa92-793a-4835-8c8e-fa6bb6f8433b'}
        Body: {"routers": [{"status": "ACTIVE", "external_gateway_info": {"network_id": "42c3e770-d528-4d3c-9e58-f268a7b244ef", "enable_snat": true, "external_fixed_ips": [{"subnet_id": "0271a8ba-e82f-4b06-bab4-c76d748ad407", "ip_address": "172.24.4.2"}, {"subnet_id": "8ad53095-b561-4a9b-b3e4-769ca7692b27", "ip_address": "2001:db8::3"}]}, "name": "router1", "admin_state_up": true, "tenant_id": "2ff6b431899e42129170896d24e08d46", "distributed": false, "routes": [], "ha": false, "id": "0a4dfc2a-80b6-4054-8f50-008f75d4a12f"}, {"status": "ACTIVE", "external_gateway_info": {"network_id": "42c3e770-d528-4d3c-9e58-f268a7b244ef", "enable_snat": true, "external_fixed_ips": [{"subnet_id": "0271a8ba-e82f-4b06-bab4-c76d748ad407", "ip_address": "172.24.4.17"}, {"subnet_id": "8ad53095-b561-4a9b-b3e4-769ca7692b27", "ip_address": "2001:db8::12"}]}, "name": "tempest-router-smoke-1735459726", "admin_state_up": true, "tenant_id": "6a457acf7875493a8b3197a95f0c3a30", "distributed": false, "routes": [], "ha": false, "id": "4b00c21a-1114-4ce4-bd33-7489ef3ecee5"}]}
2015-12-08 00:58:43,155 27573 INFO     [tempest_lib.common.rest_client] Request (TestNetworkBasicOps:test_update_instance_port_admin_state): 200 POST http://10.0.2.15:8774/v2.1/6a457acf7875493a8b3197a95f0c3a30/os-keypairs 0.228s
2015-12-08 00:58:43,155 27573 DEBUG    [tempest_lib.common.rest_client] Request - Headers: {'Content-Type': 'application/json', 'Accept': 'application/json', 'X-Auth-Token': '&lt;omitted&gt;'}
        Body: {"keypair": {"name": "tempest-TestNetworkBasicOps-47867313"}}
    Response - Headers: {'status': '200', 'content-length': '2319', 'x-compute-request-id': 'req-03db58b4-af06-46d0-8f04-5f7a322d8913', 'vary': 'X-OpenStack-Nova-API-Version', 'connection': 'close', 'x-openstack-nova-api-version': '2.1', 'date': 'Tue, 08 Dec 2015 00:58:43 GMT', 'content-type': 'application/json'}
        Body: {"keypair": {"public_key": "ssh-rsa AAAAB3NzaC1yc2EAAAADAQABAAABAQCPjEb8enFaADe+DvI+AITA9/npdL1pp2gTR+oPUujIF7cLag8vFiywl36A96yVMJ5KGemoDAMZcjRMG9j1G1Mb/mzHJzJVDE9BHUt8biTSLNDDHkghpOdRJp3r4a0+6h+Jv5L0YEpzIa0iQDq5UMA92/a3U7rjvjbKdq9ud2pnmogslgXrwnp5JuvRE9jAN3widDQ7vGGDzjSe/nKHAopcrEcazoEeKsEFcPOADPEzD/WIpj2HZOKszQ4uoMiY+NnFo86YsaV8z4lcTBiD9vNdSQ0mKrxmbTVvZVuQ2cnQgaE+9yUZfEI+ZxqUmUw5BKmFrit2w/H9zuHtoxaKzAkN Generated-by-Nova", "private_key": "-----BEGIN RSA PRIVATE KEY-----\nMIIEqQIBAAKCAQEAj4xG/HpxWgA3vg7yPgCEwPf56XS9aadoE0fqD1LoyBe3C2oP\nLxYssJd+gPeslTCeShnpqAwDGXI0TBvY9RtTG/5sxycyVQxPQR1LfG4k0izQwx5I\nIaTnUSad6+GtPuofib+S9GBKcyGtIkA6uVDAPdv2t1O64742ynavbndqZ5qILJYF\n68J6eSbr0RPYwDd8InQ0O7xhg840nv5yhwKKXKxHGs6BHirBBXDzgAzxMw/1iKY9\nh2TirM0OLqDImPjZxaPOmLGlfM+JXEwYg/bzXUkNJiq8Zm01b2VbkNnJ0IGhPvcl\nGXxCPmcalJlMOQSpha4rdsPx/c7h7aMWiswJDQIDAQABAoIBAHleXoqMMBirhHXi\nhzibEaNiRt/3f0q8a0eaDzEDpaPAQViaRNpIAmMQw7nhLv85CyyV+jPGbDxwjf0n\nsmmSv9M0a956qpiz/rKMRU2ghutZTu0aRlyD47x+TRmqRuOh6iZ6XpLWczwi5hLG\ngaA7wT7MIy5f0e1K32KRtMROnR2Yi2AH3F5zjUCbpHKVmxgWjSk+Cly9YPLxqfHZ\npKHTPZbRCcjC7ForoTFXbG6RG78ckKtcr17B+8QL577lq8hA2n/zXGNCZoVkmbTA\ne6lmzcjpQWpreWs6jRIfe28a7OuJNdKJWcJ6j6t6WkrKjgf3Mtf7NbOWhlZJ+HRo\nLK2FbxUCggCBALlnAzp/cfCxyqUunnUCD3VfROQhzYPLDMpBpgvZrmTNMLJtZxCb\nYlFtbxRhPKZBYvqAU6vF3n3S+o6gvTsLiFlq1I61Dp8fZtpjweyg1laMhwJgHy++\nVXuqnBnWHA40wkrSSp5hnUz7rv4X/8KsDD7FmN3qaSrFlJag6qZblgxTAoIAgQDG\nNU2MQufdHlse4zQKeLbmQJb5YUDnvuNZnVuMubOi0qZ78CVv9e2GFYyGKXJJqJ4s\nqBAQvWSegjNQ/p2PpB7ucjS8a0SL45n7t47qDpvftcbgs1kwjHJVBqkVwN2aBMmh\nHOm/2HkScMRPJ2EqJRMD7SH+3seD7zwNCd2oHtPpHwKCAIEAhMIOvcSkggXNZZqM\nPJzNFO6zFehekRDEh8+aZsHo7qU/SYStWGbrcAM8lwtJsoL/rQBW6Zk2SELax2ay\nGaWYbO7iZY2gerCxpY/pPNeuoyrdQgYyTq2r6HGydY2raUC+H3WVmPOs/4L5O1lT\n+sHXwtsbK0y/IbF5RKLVY2oRd6ECggCBAILGGGw6mJCjvqsabPObwdEZPIM9T32X\nzJkL4aNvwr3jDkUnpQvBzv1wqk66edVvky0TlcX1r7WFYiZGV962AlKAt5q5i3hg\nqvARpBF5og5v+M+4hVgq0iSXSGg53/wGvKG4WeFiCj/Idz1iVhFgdLNaeduXUTwT\nVCOmJsEN1fMxAoIAgBbUDCu3eg6VkMe8GbFiHYhCKyWwj5Ry7QlqxXoutPdkfL9o\nikYTH5c3HLLbYIYf20vHsZIe+YmRaSA0VfSwWPW6E6eKGH2z/osu1a0yn7LWK+6M\nOoIL6W7CM3eqzixfKpJFI6orNugtBh+sZgBzfcnbJU43F5kkzwHzS+wTuODS\n-----END RSA PRIVATE KEY-----\n", "user_id": "62738794d0964b76853c22ae0e048fef", "name": "tempest-TestNetworkBasicOps-47867313", "fingerprint": "88:69:b3:a7:1d:a6:9a:31:b4:28:c2:92:b5:ab:4c:30"}}
2015-12-08 00:58:43,265 27573 INFO     [tempest_lib.common.rest_client] Request (TestNetworkBasicOps:test_update_instance_port_admin_state): 200 POST http://10.0.2.15:5000/v2.0/tokens
2015-12-08 00:58:43,266 27573 DEBUG    [tempest_lib.common.rest_client] Request - Headers: {'Content-Type': 'application/json', 'Accept': 'application/json'}
        Body: &lt;omitted&gt;
    Response - Headers: {'status': '200', 'content-length': '2528', 'vary': 'X-Auth-Token', 'server': 'Apache/2.4.7 (Ubuntu)', 'connection': 'close', 'date': 'Tue, 08 Dec 2015 00:58:43 GMT', 'content-type': 'application/json', 'x-openstack-request-id': 'req-edc2af9d-cba5-4d30-8bfb-9624bad5e62f'}
        Body: {"access": {"token": {"issued_at": "2015-12-08T00:58:43.253199", "expires": "2015-12-08T01:58:43Z", "id": "d214cce0964c485292ad514dbb6f62a7", "tenant": {"description": "tempest-TestNetworkBasicOps-1102698485-desc", "enabled": true, "id": "6a457acf7875493a8b3197a95f0c3a30", "name": "tempest-TestNetworkBasicOps-1102698485"}, "audit_ids": ["X9-ELvhfSMmGu_PzWQ8Wzw"]}, "serviceCatalog": [{"endpoints": [{"adminURL": "http://10.0.2.15:8774/v2.1/6a457acf7875493a8b3197a95f0c3a30", "region": "RegionOne", "internalURL": "http://10.0.2.15:8774/v2.1/6a457acf7875493a8b3197a95f0c3a30", "id": "68c4d36d8f43437586059e8b87bbb207", "publicURL": "http://10.0.2.15:8774/v2.1/6a457acf7875493a8b3197a95f0c3a30"}], "endpoints_links": [], "type": "compute", "name": "nova"}, {"endpoints": [{"adminURL": "http://10.0.2.15:9696/", "region": "RegionOne", "internalURL": "http://10.0.2.15:9696/", "id": "4f2f016b0b20401aa44bd8972cadc111", "publicURL": "http://10.0.2.15:9696/"}], "endpoints_links": [], "type": "network", "name": "neutron"}, {"endpoints": [{"adminURL": "http://10.0.2.15:9292", "region": "RegionOne", "internalURL": "http://10.0.2.15:9292", "id": "37deacfb2deb4e8288303c27fe840e2b", "publicURL": "http://10.0.2.15:9292"}], "endpoints_links": [], "type": "image", "name": "glance"}, {"endpoints": [{"adminURL": "http://10.0.2.15:8774/v2/6a457acf7875493a8b3197a95f0c3a30", "region": "RegionOne", "internalURL": "http://10.0.2.15:8774/v2/6a457acf7875493a8b3197a95f0c3a30", "id": "18d29b6c76304cdd94f20e417da62484", "publicURL": "http://10.0.2.15:8774/v2/6a457acf7875493a8b3197a95f0c3a30"}], "endpoints_links": [], "type": "compute_legacy", "name": "nova_legacy"}, {"endpoints": [{"adminURL": "http://10.0.2.15:8773/", "region": "RegionOne", "internalURL": "http://10.0.2.15:8773/", "id": "0eba3a3c9ae14f4f88704653c8bc993f", "publicURL": "http://10.0.2.15:8773/"}], "endpoints_links": [], "type": "ec2", "name": "ec2"}, {"endpoints": [{"adminURL": "http://10.0.2.15:35357/v2.0", "region": "RegionOne", "internalURL": "http://10.0.2.15:5000/v2.0", "id": "2a97b7b054e24583b47778a42297563d", "publicURL": "http://10.0.2.15:5000/v2.0"}], "endpoints_links": [], "type": "identity", "name": "keystone"}], "user": {"username": "tempest-TestNetworkBasicOps-314487596", "roles_links": [], "id": "62738794d0964b76853c22ae0e048fef", "roles": [{"name": "Member"}, {"name": "_member_"}], "name": "tempest-TestNetworkBasicOps-314487596"}, "metadata": {"is_admin": 0, "roles": ["2cc12db1f1ec4986bab73b68af498738", "9fe2ff9ee4384b1894a90878d3e92bab"]}}}
2015-12-08 00:58:43,272 27573 DEBUG    [tempest.common.fixed_network] (TestNetworkBasicOps:test_update_instance_port_admin_state) No valid network provided or created, defaulting to fixed_network_name
2015-12-08 00:58:43,616 27573 INFO     [tempest_lib.common.rest_client] Request (TestNetworkBasicOps:test_update_instance_port_admin_state): 200 GET http://10.0.2.15:8774/v2.1/6a457acf7875493a8b3197a95f0c3a30/os-networks 0.343s
2015-12-08 00:58:43,616 27573 DEBUG    [tempest_lib.common.rest_client] Request - Headers: {'Content-Type': 'application/json', 'Accept': 'application/json', 'X-Auth-Token': '&lt;omitted&gt;'}
        Body: None
    Response - Headers: {'status': '200', 'content-length': '478', 'content-location': 'http://10.0.2.15:8774/v2.1/6a457acf7875493a8b3197a95f0c3a30/os-networks', 'x-compute-request-id': 'req-b4c635f9-db45-4cc7-a197-386634a8bf5f', 'vary': 'X-OpenStack-Nova-API-Version', 'connection': 'close', 'x-openstack-nova-api-version': '2.1', 'date': 'Tue, 08 Dec 2015 00:58:43 GMT', 'content-type': 'application/json'}
        Body: {"networks": [{"cidr_v6": null, "dns2": null, "dns1": null, "gateway": null, "broadcast": null, "netmask": null, "gateway_v6": null, "cidr": null, "label": "tempest-network-smoke--943779329", "id": "48ff951f-5f99-4567-9c0d-e14bba1e8abc", "netmask_v6": null}, {"cidr_v6": null, "dns2": null, "dns1": null, "gateway": null, "broadcast": null, "netmask": null, "gateway_v6": null, "cidr": null, "label": "public", "id": "42c3e770-d528-4d3c-9e58-f268a7b244ef", "netmask_v6": null}]}
2015-12-08 00:58:43,617 27573 WARNING  [tempest.common.fixed_network] (TestNetworkBasicOps:test_update_instance_port_admin_state) Network with name: private not found
2015-12-08 00:58:43,617 27573 INFO     [tempest.common.fixed_network] (TestNetworkBasicOps:test_update_instance_port_admin_state) Found network {} available for tenant
2015-12-08 00:58:44,169 27573 INFO     [tempest_lib.common.rest_client] Request (TestNetworkBasicOps:test_update_instance_port_admin_state): 202 POST http://10.0.2.15:8774/v2.1/6a457acf7875493a8b3197a95f0c3a30/servers 0.551s
2015-12-08 00:58:44,169 27573 DEBUG    [tempest_lib.common.rest_client] Request - Headers: {'Content-Type': 'application/json', 'Accept': 'application/json', 'X-Auth-Token': '&lt;omitted&gt;'}
        Body: {"server": {"name": "tempest.common.compute-instance-893815897", "imageRef": "decc2e30-67ac-441b-954b-e10d14d887b8", "key_name": "tempest-TestNetworkBasicOps-47867313", "flavorRef": "42", "networks": [{"uuid": "48ff951f-5f99-4567-9c0d-e14bba1e8abc"}], "security_groups": [{"name": "tempest-secgroup-smoke-1462036933"}]}}
    Response - Headers: {'status': '202', 'content-length': '462', 'x-compute-request-id': 'req-1f0b912d-091a-4348-b89a-79d9c14b4928', 'vary': 'X-OpenStack-Nova-API-Version', 'connection': 'close', 'location': 'http://10.0.2.15:8774/v2.1/6a457acf7875493a8b3197a95f0c3a30/servers/adfe7391-3d38-45ed-874e-c51e68e78c27', 'x-openstack-nova-api-version': '2.1', 'date': 'Tue, 08 Dec 2015 00:58:44 GMT', 'content-type': 'application/json'}
        Body: {"server": {"security_groups": [{"name": "tempest-secgroup-smoke-1462036933"}], "OS-DCF:diskConfig": "MANUAL", "id": "adfe7391-3d38-45ed-874e-c51e68e78c27", "links": [{"href": "http://10.0.2.15:8774/v2.1/6a457acf7875493a8b3197a95f0c3a30/servers/adfe7391-3d38-45ed-874e-c51e68e78c27", "rel": "self"}, {"href": "http://10.0.2.15:8774/6a457acf7875493a8b3197a95f0c3a30/servers/adfe7391-3d38-45ed-874e-c51e68e78c27", "rel": "bookmark"}], "adminPass": "wGszxWv7rYMb"}}
2015-12-08 00:58:44,290 27573 INFO     [tempest_lib.common.rest_client] Request (TestNetworkBasicOps:test_update_instance_port_admin_state): 200 GET http://10.0.2.15:8774/v2.1/6a457acf7875493a8b3197a95f0c3a30/servers/adfe7391-3d38-45ed-874e-c51e68e78c27 0.118s
2015-12-08 00:58:44,291 27573 DEBUG    [tempest_lib.common.rest_client] Request - Headers: {'Content-Type': 'application/json', 'Accept': 'application/json', 'X-Auth-Token': '&lt;omitted&gt;'}
        Body: None
    Response - Headers: {'status': '200', 'content-length': '1353', 'content-location': 'http://10.0.2.15:8774/v2.1/6a457acf7875493a8b3197a95f0c3a30/servers/adfe7391-3d38-45ed-874e-c51e68e78c27', 'x-compute-request-id': 'req-202c9867-6263-4bec-bdd8-88fe2c289093', 'vary': 'X-OpenStack-Nova-API-Version', 'connection': 'close', 'x-openstack-nova-api-version': '2.1', 'date': 'Tue, 08 Dec 2015 00:58:44 GMT', 'content-type': 'application/json'}
        Body: {"server": {"status": "BUILD", "updated": "2015-12-08T00:58:44Z", "hostId": "", "addresses": {}, "links": [{"href": "http://10.0.2.15:8774/v2.1/6a457acf7875493a8b3197a95f0c3a30/servers/adfe7391-3d38-45ed-874e-c51e68e78c27", "rel": "self"}, {"href": "http://10.0.2.15:8774/6a457acf7875493a8b3197a95f0c3a30/servers/adfe7391-3d38-45ed-874e-c51e68e78c27", "rel": "bookmark"}], "key_name": "tempest-TestNetworkBasicOps-47867313", "image": {"id": "decc2e30-67ac-441b-954b-e10d14d887b8", "links": [{"href": "http://10.0.2.15:8774/6a457acf7875493a8b3197a95f0c3a30/images/decc2e30-67ac-441b-954b-e10d14d887b8", "rel": "bookmark"}]}, "OS-EXT-STS:task_state": "scheduling", "OS-EXT-STS:vm_state": "building", "OS-SRV-USG:launched_at": null, "flavor": {"id": "42", "links": [{"href": "http://10.0.2.15:8774/6a457acf7875493a8b3197a95f0c3a30/flavors/42", "rel": "bookmark"}]}, "id": "adfe7391-3d38-45ed-874e-c51e68e78c27", "OS-SRV-USG:terminated_at": null, "OS-EXT-AZ:availability_zone": "", "user_id": "62738794d0964b76853c22ae0e048fef", "name": "tempest.common.compute-instance-893815897", "created": "2015-12-08T00:58:44Z", "tenant_id": "6a457acf7875493a8b3197a95f0c3a30", "OS-DCF:diskConfig": "MANUAL", "os-extended-volumes:volumes_attached": [], "accessIPv4": "", "accessIPv6": "", "progress": 0, "OS-EXT-STS:power_state": 0, "config_drive": "", "metadata": {}}}
2015-12-08 00:58:45,505 27573 INFO     [tempest_lib.common.rest_client] Request (TestNetworkBasicOps:test_update_instance_port_admin_state): 200 GET http://10.0.2.15:8774/v2.1/6a457acf7875493a8b3197a95f0c3a30/servers/adfe7391-3d38-45ed-874e-c51e68e78c27 0.203s
2015-12-08 00:58:45,506 27573 DEBUG    [tempest_lib.common.rest_client] Request - Headers: {'Content-Type': 'application/json', 'Accept': 'application/json', 'X-Auth-Token': '&lt;omitted&gt;'}
        Body: None
    Response - Headers: {'status': '200', 'content-length': '1479', 'content-location': 'http://10.0.2.15:8774/v2.1/6a457acf7875493a8b3197a95f0c3a30/servers/adfe7391-3d38-45ed-874e-c51e68e78c27', 'x-compute-request-id': 'req-ed241b10-f605-419c-a0dd-804e7860d719', 'vary': 'X-OpenStack-Nova-API-Version', 'connection': 'close', 'x-openstack-nova-api-version': '2.1', 'date': 'Tue, 08 Dec 2015 00:58:45 GMT', 'content-type': 'application/json'}
        Body: {"server": {"status": "BUILD", "updated": "2015-12-08T00:58:44Z", "hostId": "c5737aee85597d3588be6ed75cd087af3fc3cb0b5d24d08b355c4c6b", "addresses": {}, "links": [{"href": "http://10.0.2.15:8774/v2.1/6a457acf7875493a8b3197a95f0c3a30/servers/adfe7391-3d38-45ed-874e-c51e68e78c27", "rel": "self"}, {"href": "http://10.0.2.15:8774/6a457acf7875493a8b3197a95f0c3a30/servers/adfe7391-3d38-45ed-874e-c51e68e78c27", "rel": "bookmark"}], "key_name": "tempest-TestNetworkBasicOps-47867313", "image": {"id": "decc2e30-67ac-441b-954b-e10d14d887b8", "links": [{"href": "http://10.0.2.15:8774/6a457acf7875493a8b3197a95f0c3a30/images/decc2e30-67ac-441b-954b-e10d14d887b8", "rel": "bookmark"}]}, "OS-EXT-STS:task_state": "spawning", "OS-EXT-STS:vm_state": "building", "OS-SRV-USG:launched_at": null, "flavor": {"id": "42", "links": [{"href": "http://10.0.2.15:8774/6a457acf7875493a8b3197a95f0c3a30/flavors/42", "rel": "bookmark"}]}, "id": "adfe7391-3d38-45ed-874e-c51e68e78c27", "security_groups": [{"name": "tempest-secgroup-smoke-1462036933"}], "OS-SRV-USG:terminated_at": null, "OS-EXT-AZ:availability_zone": "nova", "user_id": "62738794d0964b76853c22ae0e048fef", "name": "tempest.common.compute-instance-893815897", "created": "2015-12-08T00:58:44Z", "tenant_id": "6a457acf7875493a8b3197a95f0c3a30", "OS-DCF:diskConfig": "MANUAL", "os-extended-volumes:volumes_attached": [], "accessIPv4": "", "accessIPv6": "", "progress": 0, "OS-EXT-STS:power_state": 0, "config_drive": "", "metadata": {}}}
2015-12-08 00:58:45,517 27573 INFO     [tempest.common.waiters] State transition "BUILD/scheduling" ==&gt; "BUILD/spawning" after 1 second wait
2015-12-08 00:58:46,769 27573 INFO     [tempest_lib.common.rest_client] Request (TestNetworkBasicOps:test_update_instance_port_admin_state): 200 GET http://10.0.2.15:8774/v2.1/6a457acf7875493a8b3197a95f0c3a30/servers/adfe7391-3d38-45ed-874e-c51e68e78c27 0.250s
2015-12-08 00:58:46,770 27573 DEBUG    [tempest_lib.common.rest_client] Request - Headers: {'Content-Type': 'application/json', 'Accept': 'application/json', 'X-Auth-Token': '&lt;omitted&gt;'}
        Body: None
    Response - Headers: {'status': '200', 'content-length': '1479', 'content-location': 'http://10.0.2.15:8774/v2.1/6a457acf7875493a8b3197a95f0c3a30/servers/adfe7391-3d38-45ed-874e-c51e68e78c27', 'x-compute-request-id': 'req-44209044-e3c4-4139-baa9-09e96c0c3cdd', 'vary': 'X-OpenStack-Nova-API-Version', 'connection': 'close', 'x-openstack-nova-api-version': '2.1', 'date': 'Tue, 08 Dec 2015 00:58:46 GMT', 'content-type': 'application/json'}
        Body: {"server": {"status": "BUILD", "updated": "2015-12-08T00:58:44Z", "hostId": "c5737aee85597d3588be6ed75cd087af3fc3cb0b5d24d08b355c4c6b", "addresses": {}, "links": [{"href": "http://10.0.2.15:8774/v2.1/6a457acf7875493a8b3197a95f0c3a30/servers/adfe7391-3d38-45ed-874e-c51e68e78c27", "rel": "self"}, {"href": "http://10.0.2.15:8774/6a457acf7875493a8b3197a95f0c3a30/servers/adfe7391-3d38-45ed-874e-c51e68e78c27", "rel": "bookmark"}], "key_name": "tempest-TestNetworkBasicOps-47867313", "image": {"id": "decc2e30-67ac-441b-954b-e10d14d887b8", "links": [{"href": "http://10.0.2.15:8774/6a457acf7875493a8b3197a95f0c3a30/images/decc2e30-67ac-441b-954b-e10d14d887b8", "rel": "bookmark"}]}, "OS-EXT-STS:task_state": "spawning", "OS-EXT-STS:vm_state": "building", "OS-SRV-USG:launched_at": null, "flavor": {"id": "42", "links": [{"href": "http://10.0.2.15:8774/6a457acf7875493a8b3197a95f0c3a30/flavors/42", "rel": "bookmark"}]}, "id": "adfe7391-3d38-45ed-874e-c51e68e78c27", "security_groups": [{"name": "tempest-secgroup-smoke-1462036933"}], "OS-SRV-USG:terminated_at": null, "OS-EXT-AZ:availability_zone": "nova", "user_id": "62738794d0964b76853c22ae0e048fef", "name": "tempest.common.compute-instance-893815897", "created": "2015-12-08T00:58:44Z", "tenant_id": "6a457acf7875493a8b3197a95f0c3a30", "OS-DCF:diskConfig": "MANUAL", "os-extended-volumes:volumes_attached": [], "accessIPv4": "", "accessIPv6": "", "progress": 0, "OS-EXT-STS:power_state": 0, "config_drive": "", "metadata": {}}}
2015-12-08 00:58:47,956 27573 INFO     [tempest_lib.common.rest_client] Request (TestNetworkBasicOps:test_update_instance_port_admin_state): 200 GET http://10.0.2.15:8774/v2.1/6a457acf7875493a8b3197a95f0c3a30/servers/adfe7391-3d38-45ed-874e-c51e68e78c27 0.176s
2015-12-08 00:58:47,956 27573 DEBUG    [tempest_lib.common.rest_client] Request - Headers: {'Content-Type': 'application/json', 'Accept': 'application/json', 'X-Auth-Token': '&lt;omitted&gt;'}
        Body: None
    Response - Headers: {'status': '200', 'content-length': '1650', 'content-location': 'http://10.0.2.15:8774/v2.1/6a457acf7875493a8b3197a95f0c3a30/servers/adfe7391-3d38-45ed-874e-c51e68e78c27', 'x-compute-request-id': 'req-b9325064-179c-46ea-9599-34c749ea248a', 'vary': 'X-OpenStack-Nova-API-Version', 'connection': 'close', 'x-openstack-nova-api-version': '2.1', 'date': 'Tue, 08 Dec 2015 00:58:47 GMT', 'content-type': 'application/json'}
        Body: {"server": {"status": "ACTIVE", "updated": "2015-12-08T00:58:46Z", "hostId": "c5737aee85597d3588be6ed75cd087af3fc3cb0b5d24d08b355c4c6b", "addresses": {"tempest-network-smoke--943779329": [{"OS-EXT-IPS-MAC:mac_addr": "fa:16:3e:8c:6b:61", "version": 4, "addr": "10.100.0.3", "OS-EXT-IPS:type": "fixed"}]}, "links": [{"href": "http://10.0.2.15:8774/v2.1/6a457acf7875493a8b3197a95f0c3a30/servers/adfe7391-3d38-45ed-874e-c51e68e78c27", "rel": "self"}, {"href": "http://10.0.2.15:8774/6a457acf7875493a8b3197a95f0c3a30/servers/adfe7391-3d38-45ed-874e-c51e68e78c27", "rel": "bookmark"}], "key_name": "tempest-TestNetworkBasicOps-47867313", "image": {"id": "decc2e30-67ac-441b-954b-e10d14d887b8", "links": [{"href": "http://10.0.2.15:8774/6a457acf7875493a8b3197a95f0c3a30/images/decc2e30-67ac-441b-954b-e10d14d887b8", "rel": "bookmark"}]}, "OS-EXT-STS:task_state": null, "OS-EXT-STS:vm_state": "active", "OS-SRV-USG:launched_at": "2015-12-08T00:58:46.000000", "flavor": {"id": "42", "links": [{"href": "http://10.0.2.15:8774/6a457acf7875493a8b3197a95f0c3a30/flavors/42", "rel": "bookmark"}]}, "id": "adfe7391-3d38-45ed-874e-c51e68e78c27", "security_groups": [{"name": "tempest-secgroup-smoke-1462036933"}], "OS-SRV-USG:terminated_at": null, "OS-EXT-AZ:availability_zone": "nova", "user_id": "62738794d0964b76853c22ae0e048fef", "name": "tempest.common.compute-instance-893815897", "created": "2015-12-08T00:58:44Z", "tenant_id": "6a457acf7875493a8b3197a95f0c3a30", "OS-DCF:diskConfig": "MANUAL", "os-extended-volumes:volumes_attached": [], "accessIPv4": "", "accessIPv6": "", "progress": 0, "OS-EXT-STS:power_state": 1, "config_drive": "True", "metadata": {}}}
2015-12-08 00:58:47,966 27573 INFO     [tempest.common.waiters] State transition "BUILD/spawning" ==&gt; "ACTIVE/None" after 3 second wait
2015-12-08 00:58:48,149 27573 INFO     [tempest_lib.common.rest_client] Request (TestNetworkBasicOps:test_update_instance_port_admin_state): 200 GET http://10.0.2.15:8774/v2.1/6a457acf7875493a8b3197a95f0c3a30/servers/adfe7391-3d38-45ed-874e-c51e68e78c27 0.182s
2015-12-08 00:58:48,150 27573 DEBUG    [tempest_lib.common.rest_client] Request - Headers: {'Content-Type': 'application/json', 'Accept': 'application/json', 'X-Auth-Token': '&lt;omitted&gt;'}
        Body: None
    Response - Headers: {'status': '200', 'content-length': '1650', 'content-location': 'http://10.0.2.15:8774/v2.1/6a457acf7875493a8b3197a95f0c3a30/servers/adfe7391-3d38-45ed-874e-c51e68e78c27', 'x-compute-request-id': 'req-5ff69c5f-44c0-462d-91d6-ceb0aa518db6', 'vary': 'X-OpenStack-Nova-API-Version', 'connection': 'close', 'x-openstack-nova-api-version': '2.1', 'date': 'Tue, 08 Dec 2015 00:58:48 GMT', 'content-type': 'application/json'}
        Body: {"server": {"status": "ACTIVE", "updated": "2015-12-08T00:58:46Z", "hostId": "c5737aee85597d3588be6ed75cd087af3fc3cb0b5d24d08b355c4c6b", "addresses": {"tempest-network-smoke--943779329": [{"OS-EXT-IPS-MAC:mac_addr": "fa:16:3e:8c:6b:61", "version": 4, "addr": "10.100.0.3", "OS-EXT-IPS:type": "fixed"}]}, "links": [{"href": "http://10.0.2.15:8774/v2.1/6a457acf7875493a8b3197a95f0c3a30/servers/adfe7391-3d38-45ed-874e-c51e68e78c27", "rel": "self"}, {"href": "http://10.0.2.15:8774/6a457acf7875493a8b3197a95f0c3a30/servers/adfe7391-3d38-45ed-874e-c51e68e78c27", "rel": "bookmark"}], "key_name": "tempest-TestNetworkBasicOps-47867313", "image": {"id": "decc2e30-67ac-441b-954b-e10d14d887b8", "links": [{"href": "http://10.0.2.15:8774/6a457acf7875493a8b3197a95f0c3a30/images/decc2e30-67ac-441b-954b-e10d14d887b8", "rel": "bookmark"}]}, "OS-EXT-STS:task_state": null, "OS-EXT-STS:vm_state": "active", "OS-SRV-USG:launched_at": "2015-12-08T00:58:46.000000", "flavor": {"id": "42", "links": [{"href": "http://10.0.2.15:8774/6a457acf7875493a8b3197a95f0c3a30/flavors/42", "rel": "bookmark"}]}, "id": "adfe7391-3d38-45ed-874e-c51e68e78c27", "security_groups": [{"name": "tempest-secgroup-smoke-1462036933"}], "OS-SRV-USG:terminated_at": null, "OS-EXT-AZ:availability_zone": "nova", "user_id": "62738794d0964b76853c22ae0e048fef", "name": "tempest.common.compute-instance-893815897", "created": "2015-12-08T00:58:44Z", "tenant_id": "6a457acf7875493a8b3197a95f0c3a30", "OS-DCF:diskConfig": "MANUAL", "os-extended-volumes:volumes_attached": [], "accessIPv4": "", "accessIPv6": "", "progress": 0, "OS-EXT-STS:power_state": 1, "config_drive": "True", "metadata": {}}}
2015-12-08 00:58:48,158 27573 INFO     [tempest.scenario.manager] Tenant networks not configured to be reachable.
2015-12-08 00:58:48,201 27573 INFO     [tempest_lib.common.rest_client] Request (TestNetworkBasicOps:test_update_instance_port_admin_state): 200 GET http://10.0.2.15:9696/v2.0/ports?status=ACTIVE&amp;fixed_ip=None&amp;device_id=adfe7391-3d38-45ed-874e-c51e68e78c27 0.042s
2015-12-08 00:58:48,202 27573 DEBUG    [tempest_lib.common.rest_client] Request - Headers: {'Content-Type': 'application/json', 'Accept': 'application/json', 'X-Auth-Token': '&lt;omitted&gt;'}
        Body: None
    Response - Headers: {'status': '200', 'content-length': '895', 'content-location': 'http://10.0.2.15:9696/v2.0/ports?status=ACTIVE&amp;fixed_ip=None&amp;device_id=adfe7391-3d38-45ed-874e-c51e68e78c27', 'connection': 'close', 'date': 'Tue, 08 Dec 2015 00:58:48 GMT', 'content-type': 'application/json; charset=UTF-8', 'x-openstack-request-id': 'req-5c923bc1-c773-4e4f-a511-d25090e038c0'}
        Body: {"ports": [{"status": "ACTIVE", "binding:host_id": "vagrant-ubuntu-trusty-64", "allowed_address_pairs": [], "extra_dhcp_opts": [], "dns_assignment": [{"hostname": "host-10-100-0-3", "ip_address": "10.100.0.3", "fqdn": "host-10-100-0-3.openstacklocal."}], "device_owner": "compute:None", "port_security_enabled": true, "binding:profile": {}, "fixed_ips": [{"subnet_id": "3a2c7253-4fe6-47b1-a841-a3bd73bb2f59", "ip_address": "10.100.0.3"}], "id": "1a1f821e-f447-4f50-8fe8-ace961718758", "security_groups": ["85c60f77-0a65-4e08-ad30-6fc9001c4786"], "device_id": "adfe7391-3d38-45ed-874e-c51e68e78c27", "name": "", "admin_state_up": true, "network_id": "48ff951f-5f99-4567-9c0d-e14bba1e8abc", "dns_name": "", "binding:vif_details": {"port_filter": true}, "binding:vnic_type": "normal", "binding:vif_type": "ovs", "tenant_id": "6a457acf7875493a8b3197a95f0c3a30", "mac_address": "fa:16:3e:8c:6b:61"}]}
2015-12-08 00:58:48,695 27573 INFO     [tempest_lib.common.rest_client] Request (TestNetworkBasicOps:test_update_instance_port_admin_state): 201 POST http://10.0.2.15:9696/v2.0/floatingips 0.491s
2015-12-08 00:58:48,695 27573 DEBUG    [tempest_lib.common.rest_client] Request - Headers: {'Content-Type': 'application/json', 'Accept': 'application/json', 'X-Auth-Token': '&lt;omitted&gt;'}
        Body: {"floatingip": {"floating_network_id": "42c3e770-d528-4d3c-9e58-f268a7b244ef", "tenant_id": "6a457acf7875493a8b3197a95f0c3a30", "fixed_ip_address": "10.100.0.3", "port_id": "1a1f821e-f447-4f50-8fe8-ace961718758"}}
    Response - Headers: {'status': '201', 'content-length': '368', 'connection': 'close', 'date': 'Tue, 08 Dec 2015 00:58:48 GMT', 'content-type': 'application/json; charset=UTF-8', 'x-openstack-request-id': 'req-08867b03-82c4-4f60-b64c-66240770dfb8'}
        Body: {"floatingip": {"floating_network_id": "42c3e770-d528-4d3c-9e58-f268a7b244ef", "router_id": "4b00c21a-1114-4ce4-bd33-7489ef3ecee5", "fixed_ip_address": "10.100.0.3", "floating_ip_address": "172.24.4.18", "tenant_id": "6a457acf7875493a8b3197a95f0c3a30", "status": "DOWN", "port_id": "1a1f821e-f447-4f50-8fe8-ace961718758", "id": "fc7091b5-a15b-4978-87b7-11e2237fca85"}}
2015-12-08 00:58:48,730 27573 INFO     [tempest_lib.common.rest_client] Request (TestNetworkBasicOps:test_update_instance_port_admin_state): 200 GET http://10.0.2.15:9696/v2.0/ports?device_id=adfe7391-3d38-45ed-874e-c51e68e78c27 0.033s
2015-12-08 00:58:48,730 27573 DEBUG    [tempest_lib.common.rest_client] Request - Headers: {'Content-Type': 'application/json', 'Accept': 'application/json', 'X-Auth-Token': '&lt;omitted&gt;'}
        Body: None
    Response - Headers: {'status': '200', 'content-length': '895', 'content-location': 'http://10.0.2.15:9696/v2.0/ports?device_id=adfe7391-3d38-45ed-874e-c51e68e78c27', 'connection': 'close', 'date': 'Tue, 08 Dec 2015 00:58:48 GMT', 'content-type': 'application/json; charset=UTF-8', 'x-openstack-request-id': 'req-e91c1bfd-11fc-41a0-a1c2-acfcc11937b9'}
        Body: {"ports": [{"status": "ACTIVE", "binding:host_id": "vagrant-ubuntu-trusty-64", "allowed_address_pairs": [], "extra_dhcp_opts": [], "dns_assignment": [{"hostname": "host-10-100-0-3", "ip_address": "10.100.0.3", "fqdn": "host-10-100-0-3.openstacklocal."}], "device_owner": "compute:None", "port_security_enabled": true, "binding:profile": {}, "fixed_ips": [{"subnet_id": "3a2c7253-4fe6-47b1-a841-a3bd73bb2f59", "ip_address": "10.100.0.3"}], "id": "1a1f821e-f447-4f50-8fe8-ace961718758", "security_groups": ["85c60f77-0a65-4e08-ad30-6fc9001c4786"], "device_id": "adfe7391-3d38-45ed-874e-c51e68e78c27", "name": "", "admin_state_up": true, "network_id": "48ff951f-5f99-4567-9c0d-e14bba1e8abc", "dns_name": "", "binding:vif_details": {"port_filter": true}, "binding:vnic_type": "normal", "binding:vif_type": "ovs", "tenant_id": "6a457acf7875493a8b3197a95f0c3a30", "mac_address": "fa:16:3e:8c:6b:61"}]}
2015-12-08 00:58:48,742 27573 INFO     [tempest_lib.common.rest_client] Request (TestNetworkBasicOps:test_update_instance_port_admin_state): 200 GET http://10.0.2.15:9696/v2.0/floatingips/fc7091b5-a15b-4978-87b7-11e2237fca85 0.011s
2015-12-08 00:58:48,742 27573 DEBUG    [tempest_lib.common.rest_client] Request - Headers: {'Content-Type': 'application/json', 'Accept': 'application/json', 'X-Auth-Token': '&lt;omitted&gt;'}
        Body: None
    Response - Headers: {'status': '200', 'content-length': '368', 'content-location': 'http://10.0.2.15:9696/v2.0/floatingips/fc7091b5-a15b-4978-87b7-11e2237fca85', 'connection': 'close', 'date': 'Tue, 08 Dec 2015 00:58:48 GMT', 'content-type': 'application/json; charset=UTF-8', 'x-openstack-request-id': 'req-b7f7d194-c33f-461a-bc2b-e3365ccf11cc'}
        Body: {"floatingip": {"floating_network_id": "42c3e770-d528-4d3c-9e58-f268a7b244ef", "router_id": "4b00c21a-1114-4ce4-bd33-7489ef3ecee5", "fixed_ip_address": "10.100.0.3", "floating_ip_address": "172.24.4.18", "tenant_id": "6a457acf7875493a8b3197a95f0c3a30", "status": "DOWN", "port_id": "1a1f821e-f447-4f50-8fe8-ace961718758", "id": "fc7091b5-a15b-4978-87b7-11e2237fca85"}}
2015-12-08 00:58:49,757 27573 INFO     [tempest_lib.common.rest_client] Request (TestNetworkBasicOps:test_update_instance_port_admin_state): 200 GET http://10.0.2.15:9696/v2.0/floatingips/fc7091b5-a15b-4978-87b7-11e2237fca85 0.012s
2015-12-08 00:58:49,757 27573 DEBUG    [tempest_lib.common.rest_client] Request - Headers: {'Content-Type': 'application/json', 'Accept': 'application/json', 'X-Auth-Token': '&lt;omitted&gt;'}
        Body: None
    Response - Headers: {'status': '200', 'content-length': '370', 'content-location': 'http://10.0.2.15:9696/v2.0/floatingips/fc7091b5-a15b-4978-87b7-11e2237fca85', 'connection': 'close', 'date': 'Tue, 08 Dec 2015 00:58:49 GMT', 'content-type': 'application/json; charset=UTF-8', 'x-openstack-request-id': 'req-69a30fe7-bc68-4ce4-b677-84cd184b7040'}
        Body: {"floatingip": {"floating_network_id": "42c3e770-d528-4d3c-9e58-f268a7b244ef", "router_id": "4b00c21a-1114-4ce4-bd33-7489ef3ecee5", "fixed_ip_address": "10.100.0.3", "floating_ip_address": "172.24.4.18", "tenant_id": "6a457acf7875493a8b3197a95f0c3a30", "status": "ACTIVE", "port_id": "1a1f821e-f447-4f50-8fe8-ace961718758", "id": "fc7091b5-a15b-4978-87b7-11e2237fca85"}}
2015-12-08 00:58:49,757 27573 INFO     [tempest.scenario.manager] FloatingIP: &lt;"FloatingIP" addr="172.24.4.18" id="fc7091b5-a15b-4978-87b7-11e2237fca85"&gt; is at status: ACTIVE
2015-12-08 00:58:49,757 27573 DEBUG    [tempest.scenario.manager] checking network connections to IP 172.24.4.18 with user: cirros
2015-12-08 00:58:49,758 27573 DEBUG    [tempest.scenario.manager] TestNetworkBasicOps:test_update_instance_port_admin_state begins to ping 172.24.4.18 in 120 sec and the expected result is reachable
2015-12-08 00:59:08,812 27573 DEBUG    [tempest.scenario.manager] TestNetworkBasicOps:test_update_instance_port_admin_state finishes ping 172.24.4.18 in 120 sec and the ping result is expected
2015-12-08 00:59:08,814 27573 INFO     [tempest_lib.common.ssh] Creating ssh connection to '172.24.4.18' as 'cirros' with public key authentication
2015-12-08 00:59:08,821 27573 WARNING  [tempest_lib.common.ssh] Failed to establish authenticated ssh connection to cirros@172.24.4.18 ([Errno None] Unable to connect to port 22 on  or 172.24.4.18). Number attempts: 1. Retry after 2 seconds.
2015-12-08 00:59:11,423 27573 INFO     [paramiko.transport] Connected (version 2.0, client dropbear_2012.55)
2015-12-08 00:59:11,746 27573 INFO     [paramiko.transport] Authentication (publickey) successful!
2015-12-08 00:59:11,769 27573 INFO     [tempest_lib.common.ssh] ssh connection to cirros@172.24.4.18 successfuly created
2015-12-08 00:59:12,087 27573 INFO     [tempest_lib.common.rest_client] Request (TestNetworkBasicOps:test_update_instance_port_admin_state): 200 PUT http://10.0.2.15:9696/v2.0/ports/1a1f821e-f447-4f50-8fe8-ace961718758 0.202s
2015-12-08 00:59:12,087 27573 DEBUG    [tempest_lib.common.rest_client] Request - Headers: {'Content-Type': 'application/json', 'Accept': 'application/json', 'X-Auth-Token': '&lt;omitted&gt;'}
        Body: {"port": {"admin_state_up": false}}
    Response - Headers: {'status': '200', 'content-length': '750', 'connection': 'close', 'date': 'Tue, 08 Dec 2015 00:59:12 GMT', 'content-type': 'application/json; charset=UTF-8', 'x-openstack-request-id': 'req-8477228b-f875-46e6-8344-00699d53dc30'}
        Body: {"port": {"status": "ACTIVE", "name": "", "allowed_address_pairs": [], "admin_state_up": false, "network_id": "48ff951f-5f99-4567-9c0d-e14bba1e8abc", "dns_name": "", "extra_dhcp_opts": [], "mac_address": "fa:16:3e:8c:6b:61", "dns_assignment": [{"hostname": "host-10-100-0-3", "ip_address": "10.100.0.3", "fqdn": "host-10-100-0-3.openstacklocal."}], "binding:vnic_type": "normal", "device_owner": "compute:None", "tenant_id": "6a457acf7875493a8b3197a95f0c3a30", "port_security_enabled": true, "fixed_ips": [{"subnet_id": "3a2c7253-4fe6-47b1-a841-a3bd73bb2f59", "ip_address": "10.100.0.3"}], "id": "1a1f821e-f447-4f50-8fe8-ace961718758", "security_groups": ["85c60f77-0a65-4e08-ad30-6fc9001c4786"], "device_id": "adfe7391-3d38-45ed-874e-c51e68e78c27"}}
2015-12-08 00:59:12,088 27573 DEBUG    [tempest.scenario.manager] checking network connections to IP 172.24.4.18 with user: cirros
2015-12-08 00:59:12,089 27573 DEBUG    [tempest.scenario.manager] TestNetworkBasicOps:test_update_instance_port_admin_state begins to ping 172.24.4.18 in 120 sec and the expected result is unreachable
2015-12-08 01:01:12,600 27573 DEBUG    [tempest.scenario.manager] TestNetworkBasicOps:test_update_instance_port_admin_state finishes ping 172.24.4.18 in 120 sec and the ping result is unexpected
2015-12-08 01:01:12,601 27573 ERROR    [tempest.scenario.manager] Public network connectivity check failed: after updating admin_state_up of instance port to False
2015-12-08 01:01:12.601 27573 ERROR tempest.scenario.manager Traceback (most recent call last):
2015-12-08 01:01:12.601 27573 ERROR tempest.scenario.manager   File "tempest/scenario/manager.py", line 606, in check_public_network_connectivity
2015-12-08 01:01:12.601 27573 ERROR tempest.scenario.manager     should_connect=should_connect)
2015-12-08 01:01:12.601 27573 ERROR tempest.scenario.manager   File "tempest/scenario/manager.py", line 590, in check_vm_connectivity
2015-12-08 01:01:12.601 27573 ERROR tempest.scenario.manager     msg=msg)
2015-12-08 01:01:12.601 27573 ERROR tempest.scenario.manager   File "/usr/local/lib/python2.7/dist-packages/unittest2/case.py", line 702, in assertTrue
2015-12-08 01:01:12.601 27573 ERROR tempest.scenario.manager     raise self.failureException(msg)
2015-12-08 01:01:12.601 27573 ERROR tempest.scenario.manager AssertionError: False is not true : ip address 172.24.4.18 is reachable
2015-12-08 01:01:12.601 27573 ERROR tempest.scenario.manager 
2015-12-08 01:01:12,811 27573 INFO     [tempest_lib.common.rest_client] Request (TestNetworkBasicOps:test_update_instance_port_admin_state): 200 POST http://10.0.2.15:8774/v2.1/6a457acf7875493a8b3197a95f0c3a30/servers/adfe7391-3d38-45ed-874e-c51e68e78c27/action 0.207s
2015-12-08 01:01:12,811 27573 DEBUG    [tempest_lib.common.rest_client] Request - Headers: {'Content-Type': 'application/json', 'Accept': 'application/json', 'X-Auth-Token': '&lt;omitted&gt;'}
        Body: {"os-getConsoleOutput": {}}
    Response - Headers: {'status': '200', 'content-length': '19742', 'x-compute-request-id': 'req-3821728a-f6e5-499f-9837-cb0d8e2bdac2', 'vary': 'X-OpenStack-Nova-API-Version', 'connection': 'close', 'x-openstack-nova-api-version': '2.1', 'date': 'Tue, 08 Dec 2015 01:01:12 GMT', 'content-type': 'application/json'}
        Body: {"output": "[    0.000000] Initializing cgroup subsys cpuset\n[    0.000000] Initializing cgroup subsys cpu\n[    0.000000] Linux version 3.2.0-80-virtual (buildd@batsu) (gcc version 4.6.3 (Ubuntu/Linaro 4.6.3-1ubuntu5) ) #116-Ubuntu SMP Mon Mar 23 17:28:52 UTC 2015 (Ubuntu 3.2.0-80.116-virtual 3.2.68)\n[    0.000000] Command line: root=/dev/vda console=tty0 console=ttyS0 no_timer_check\n[    0.000000] KERNEL supported cpus:\n[    0.000000]   Intel GenuineIntel\n[    0.000000]   AMD AuthenticAMD\n[    0.000000]   Centaur CentaurHauls\n[    0.000000] BIOS-provided physical RAM map:\n[    0.000000]  BIOS-e820: 0000000000000000 - 000000000009fc00 (usable)\n[    0.000000]  BIOS-e820: 000000000009fc00 - 00000000000a0000 (reserved)\n[    0.000000]  BIOS-e820: 00000000000f0000 - 0000000000100000 (reserved)\n[    0.000000]  BIOS-e820: 0000000000100000 - 0000000003ffe000 (usable)\n[    0.000000]  BIOS-e820: 0000000003ffe000 - 0000000004000000 (reserved)\n[    0.000000]  BIOS-e820: 00000000fffc0000 - 0000000100000000 (reserved)\n[    0.000000] NX (Execute Disable) protection: active\n[    0.000000] SMBIOS 2.4 present.\n[    0.000000] No AGP bridge found\n[    0.000000] last_pfn = 0x3ffe max_arch_pfn = 0x400000000\n[    0.000000] x86 PAT enabled: cpu 0, old 0x7040600070406, new 0x7010600070106\n[    0.000000] found SMP MP-table at [ffff8800000f0b00] f0b00\n[    0.000000] init_memory_mapping: 0000000000000000-0000000003ffe000\n[    0.000000] RAMDISK: 03c5e000 - 03ff0000\n[    0.000000] ACPI: RSDP 00000000000f0950 00014 (v00 BOCHS )\n[    0.000000] ACPI: RSDT 0000000003fffbc1 00034 (v01 BOCHS  BXPCRSDT 00000001 BXPC 00000001)\n[    0.000000] ACPI: FACP 0000000003fff1c0 00074 (v01 BOCHS  BXPCFACP 00000001 BXPC 00000001)\n[    0.000000] ACPI: DSDT 0000000003ffe040 01180 (v01 BOCHS  BXPCDSDT 00000001 BXPC 00000001)\n[    0.000000] ACPI: FACS 0000000003ffe000 00040\n[    0.000000] ACPI: SSDT 0000000003fff234 008DD (v01 BOCHS  BXPCSSDT 00000001 BXPC 00000001)\n[    0.000000] ACPI: APIC 0000000003fffb11 00078 (v01 BOCHS  BXPCAPIC 00000001 BXPC 00000001)\n[    0.000000] ACPI: HPET 0000000003fffb89 00038 (v01 BOCHS  BXPCHPET 00000001 BXPC 00000001)\n[    0.000000] No NUMA configuration found\n[    0.000000] Faking a node at 0000000000000000-0000000003ffe000\n[    0.000000] Initmem setup node 0 0000000000000000-0000000003ffe000\n[    0.000000]   NODE_DATA [0000000003ff6000 - 0000000003ffafff]\n[    0.000000] Zone PFN ranges:\n[    0.000000]   DMA      0x00000010 -&gt; 0x00001000\n[    0.000000]   DMA32    0x00001000 -&gt; 0x00100000\n[    0.000000]   Normal   empty\n[    0.000000] Movable zone start PFN for each node\n[    0.000000] early_node_map[2] active PFN ranges\n[    0.000000]     0: 0x00000010 -&gt; 0x0000009f\n[    0.000000]     0: 0x00000100 -&gt; 0x00003ffe\n[    0.000000] ACPI: PM-Timer IO Port: 0xb008\n[    0.000000] ACPI: LAPIC (acpi_id[0x00] lapic_id[0x00] enabled)\n[    0.000000] ACPI: LAPIC_NMI (acpi_id[0xff] dfl dfl lint[0x1])\n[    0.000000] ACPI: IOAPIC (id[0x00] address[0xfec00000] gsi_base[0])\n[    0.000000] IOAPIC[0]: apic_id 0, version 17, address 0xfec00000, GSI 0-23\n[    0.000000] ACPI: INT_SRC_OVR (bus 0 bus_irq 0 global_irq 2 dfl dfl)\n[    0.000000] ACPI: INT_SRC_OVR (bus 0 bus_irq 5 global_irq 5 high level)\n[    0.000000] ACPI: INT_SRC_OVR (bus 0 bus_irq 9 global_irq 9 high level)\n[    0.000000] ACPI: INT_SRC_OVR (bus 0 bus_irq 10 global_irq 10 high level)\n[    0.000000] ACPI: INT_SRC_OVR (bus 0 bus_irq 11 global_irq 11 high level)\n[    0.000000] Using ACPI (MADT) for SMP configuration information\n[    0.000000] ACPI: HPET id: 0x8086a201 base: 0xfed00000\n[    0.000000] SMP: Allowing 1 CPUs, 0 hotplug CPUs\n[    0.000000] PM: Registered nosave memory: 000000000009f000 - 00000000000a0000\n[    0.000000] PM: Registered nosave memory: 00000000000a0000 - 00000000000f0000\n[    0.000000] PM: Registered nosave memory: 00000000000f0000 - 0000000000100000\n[    0.000000] Allocating PCI resources starting at 4000000 (gap: 4000000:fbfc0000)\n[    0.000000] Booting paravirtualized kernel on bare hardware\n[    0.000000] setup_pe
2015-12-08 01:01:12,814 27573 DEBUG    [tempest.scenario.manager] Console output for adfe7391-3d38-45ed-874e-c51e68e78c27
body=
[    0.000000] Initializing cgroup subsys cpuset
[    0.000000] Initializing cgroup subsys cpu
[    0.000000] Linux version 3.2.0-80-virtual (buildd@batsu) (gcc version 4.6.3 (Ubuntu/Linaro 4.6.3-1ubuntu5) ) #116-Ubuntu SMP Mon Mar 23 17:28:52 UTC 2015 (Ubuntu 3.2.0-80.116-virtual 3.2.68)
[    0.000000] Command line: root=/dev/vda console=tty0 console=ttyS0 no_timer_check
[    0.000000] KERNEL supported cpus:
[    0.000000]   Intel GenuineIntel
[    0.000000]   AMD AuthenticAMD
[    0.000000]   Centaur CentaurHauls
[    0.000000] BIOS-provided physical RAM map:
[    0.000000]  BIOS-e820: 0000000000000000 - 000000000009fc00 (usable)
[    0.000000]  BIOS-e820: 000000000009fc00 - 00000000000a0000 (reserved)
[    0.000000]  BIOS-e820: 00000000000f0000 - 0000000000100000 (reserved)
[    0.000000]  BIOS-e820: 0000000000100000 - 0000000003ffe000 (usable)
[    0.000000]  BIOS-e820: 0000000003ffe000 - 0000000004000000 (reserved)
[    0.000000]  BIOS-e820: 00000000fffc0000 - 0000000100000000 (reserved)
[    0.000000] NX (Execute Disable) protection: active
[    0.000000] SMBIOS 2.4 present.
[    0.000000] No AGP bridge found
[    0.000000] last_pfn = 0x3ffe max_arch_pfn = 0x400000000
[    0.000000] x86 PAT enabled: cpu 0, old 0x7040600070406, new 0x7010600070106
[    0.000000] found SMP MP-table at [ffff8800000f0b00] f0b00
[    0.000000] init_memory_mapping: 0000000000000000-0000000003ffe000
[    0.000000] RAMDISK: 03c5e000 - 03ff0000
[    0.000000] ACPI: RSDP 00000000000f0950 00014 (v00 BOCHS )
[    0.000000] ACPI: RSDT 0000000003fffbc1 00034 (v01 BOCHS  BXPCRSDT 00000001 BXPC 00000001)
[    0.000000] ACPI: FACP 0000000003fff1c0 00074 (v01 BOCHS  BXPCFACP 00000001 BXPC 00000001)
[    0.000000] ACPI: DSDT 0000000003ffe040 01180 (v01 BOCHS  BXPCDSDT 00000001 BXPC 00000001)
[    0.000000] ACPI: FACS 0000000003ffe000 00040
[    0.000000] ACPI: SSDT 0000000003fff234 008DD (v01 BOCHS  BXPCSSDT 00000001 BXPC 00000001)
[    0.000000] ACPI: APIC 0000000003fffb11 00078 (v01 BOCHS  BXPCAPIC 00000001 BXPC 00000001)
[    0.000000] ACPI: HPET 0000000003fffb89 00038 (v01 BOCHS  BXPCHPET 00000001 BXPC 00000001)
[    0.000000] No NUMA configuration found
[    0.000000] Faking a node at 0000000000000000-0000000003ffe000
[    0.000000] Initmem setup node 0 0000000000000000-0000000003ffe000
[    0.000000]   NODE_DATA [0000000003ff6000 - 0000000003ffafff]
[    0.000000] Zone PFN ranges:
[    0.000000]   DMA      0x00000010 -&gt; 0x00001000
[    0.000000]   DMA32    0x00001000 -&gt; 0x00100000
[    0.000000]   Normal   empty
[    0.000000] Movable zone start PFN for each node
[    0.000000] early_node_map[2] active PFN ranges
[    0.000000]     0: 0x00000010 -&gt; 0x0000009f
[    0.000000]     0: 0x00000100 -&gt; 0x00003ffe
[    0.000000] ACPI: PM-Timer IO Port: 0xb008
[    0.000000] ACPI: LAPIC (acpi_id[0x00] lapic_id[0x00] enabled)
[    0.000000] ACPI: LAPIC_NMI (acpi_id[0xff] dfl dfl lint[0x1])
[    0.000000] ACPI: IOAPIC (id[0x00] address[0xfec00000] gsi_base[0])
[    0.000000] IOAPIC[0]: apic_id 0, version 17, address 0xfec00000, GSI 0-23
[    0.000000] ACPI: INT_SRC_OVR (bus 0 bus_irq 0 global_irq 2 dfl dfl)
[    0.000000] ACPI: INT_SRC_OVR (bus 0 bus_irq 5 global_irq 5 high level)
[    0.000000] ACPI: INT_SRC_OVR (bus 0 bus_irq 9 global_irq 9 high level)
[    0.000000] ACPI: INT_SRC_OVR (bus 0 bus_irq 10 global_irq 10 high level)
[    0.000000] ACPI: INT_SRC_OVR (bus 0 bus_irq 11 global_irq 11 high level)
[    0.000000] Using ACPI (MADT) for SMP configuration information
[    0.000000] ACPI: HPET id: 0x8086a201 base: 0xfed00000
[    0.000000] SMP: Allowing 1 CPUs, 0 hotplug CPUs
[    0.000000] PM: Registered nosave memory: 000000000009f000 - 00000000000a0000
[    0.000000] PM: Registered nosave memory: 00000000000a0000 - 00000000000f0000
[    0.000000] PM: Registered nosave memory: 00000000000f0000 - 0000000000100000
[    0.000000] Allocating PCI resources starting at 4000000 (gap: 4000000:fbfc0000)
[    0.000000] Booting paravirtualized kernel on bare hardware
[    0.000000] setup_percpu: NR_CPUS:64 nr_cpumask_bits:64 nr_cpu_ids:1 nr_node_ids:1
[    0.000000] PERCPU: Embedded 27 pages/cpu @ffff880003a00000 s78848 r8192 d23552 u2097152
[    0.000000] Built 1 zonelists in Node order, mobility grouping on.  Total pages: 16008
[    0.000000] Policy zone: DMA32
[    0.000000] Kernel command line: root=/dev/vda console=tty0 console=ttyS0 no_timer_check
[    0.000000] PID hash table entries: 256 (order: -1, 2048 bytes)
[    0.000000] Checking aperture...
[    0.000000] No AGP bridge found
[    0.000000] Memory: 43492k/65528k available (6576k kernel code, 452k absent, 21584k reserved, 6620k data, 928k init)
[    0.000000] SLUB: Genslabs=15, HWalign=64, Order=0-3, MinObjects=0, CPUs=1, Nodes=1
[    0.000000] Hierarchical RCU implementation.
[    0.000000] 	RCU dyntick-idle grace-period acceleration is enabled.
[    0.000000] NR_IRQS:4352 nr_irqs:256 16
[    0.000000] Console: colour VGA+ 80x25
[    0.000000] console [tty0] enabled
[    0.000000] console [ttyS0] enabled
[    0.000000] allocated 1048576 bytes of page_cgroup
[    0.000000] please try 'cgroup_disable=memory' option if you don't want memory cgroups
[    0.000000] Fast TSC calibration failed
[    0.000000] TSC: Unable to calibrate against PIT
[    0.000000] TSC: using HPET reference calibration
[    0.000000] Detected 2294.417 MHz processor.
[    0.028833] Calibrating delay loop (skipped), value calculated using timer frequency.. 4588.83 BogoMIPS (lpj=9177668)
[    0.032758] pid_max: default: 32768 minimum: 301
[    0.040180] Security Framework initialized
[    0.046787] AppArmor: AppArmor initialized
[    0.048130] Yama: becoming mindful.
[    0.054663] Dentry cache hash table entries: 8192 (order: 4, 65536 bytes)
[    0.056571] Inode-cache hash table entries: 4096 (order: 3, 32768 bytes)
[    0.057896] Mount-cache hash table entries: 256
[    0.078185] Initializing cgroup subsys cpuacct
[    0.080756] Initializing cgroup subsys memory
[    0.084355] Initializing cgroup subsys devices
[    0.085135] Initializing cgroup subsys freezer
[    0.085963] Initializing cgroup subsys blkio
[    0.086748] Initializing cgroup subsys perf_event
[    0.092068] mce: CPU supports 10 MCE banks
[    0.096146] SMP alternatives: switching to UP code
[    0.496345] Freeing SMP alternatives: 24k freed
[    0.497934] ACPI: Core revision 20110623
[    0.546183] ftrace: allocating 26610 entries in 105 pages
[    0.580035] ..TIMER: vector=0x30 apic1=0 pin1=2 apic2=-1 pin2=-1
[    0.580149] CPU0: AMD QEMU Virtual CPU version 2.0.0 stepping 03
[    0.584035] Performance Events: Broken PMU hardware detected, using software events only.
[    0.594730] NMI watchdog disabled (cpu0): hardware events not enabled
[    0.596802] Brought up 1 CPUs
[    0.597400] Total of 1 processors activated (4588.83 BogoMIPS).
[    0.620670] devtmpfs: initialized
[    0.653871] EVM: security.selinux
[    0.654360] EVM: security.SMACK64
[    0.654818] EVM: security.capability
[    0.677419] print_constraints: dummy: 
[    0.679089] RTC time:  0:58:50, date: 12/08/15
[    0.681898] NET: Registered protocol family 16
[    0.692613] ACPI: bus type pci registered
[    0.697107] PCI: Using configuration type 1 for base access
[    0.727046] bio: create slab &lt;bio-0&gt; at 0
[    0.732697] ACPI: Added _OSI(Module Device)
[    0.733335] ACPI: Added _OSI(Processor Device)
[    0.734076] ACPI: Added _OSI(3.0 _SCP Extensions)
[    0.734840] ACPI: Added _OSI(Processor Aggregator Device)
[    0.804399] ACPI: Interpreter enabled
[    0.805022] ACPI: (supports S0 S3 S4 S5)
[    0.806465] ACPI: Using IOAPIC for interrupt routing
[    0.880771] ACPI: No dock devices found.
[    0.881506] HEST: Table not found.
[    0.882201] PCI: Using host bridge windows from ACPI; if necessary, use "pci=nocrs" and report a bug
[    0.887526] ACPI: PCI Root Bridge [PCI0] (domain 0000 [bus 00-ff])
[    0.893785] pci_root PNP0A03:00: host bridge window [io  0x0000-0x0cf7]
[    0.895231] pci_root PNP0A03:00: host bridge window [io  0x0d00-0xadff]
[    0.896111] pci_root PNP0A03:00: host bridge window [io  0xae0f-0xaeff]
[    0.896970] pci_root PNP0A03:00: host bridge window [io  0xaf20-0xafdf]
[    0.897941] pci_root PNP0A03:00: host bridge window [io  0xafe4-0xffff]
[    0.900170] pci_root PNP0A03:00: host bridge window [mem 0x000a0000-0x000bffff]
[    0.901127] pci_root PNP0A03:00: host bridge window [mem 0x04000000-0xfebfffff]
[    0.927039] pci 0000:00:01.3: quirk: [io  0xb000-0xb03f] claimed by PIIX4 ACPI
[    0.928242] pci 0000:00:01.3: quirk: [io  0xb100-0xb10f] claimed by PIIX4 SMB
[    1.001121]  pci0000:00: Unable to request _OSC control (_OSC support mask: 0x1e)
[    1.056347] ACPI: PCI Interrupt Link [LNKA] (IRQs 5 *10 11)
[    1.058347] ACPI: PCI Interrupt Link [LNKB] (IRQs 5 *10 11)
[    1.060815] ACPI: PCI Interrupt Link [LNKC] (IRQs 5 10 *11)
[    1.061974] ACPI: PCI Interrupt Link [LNKD] (IRQs 5 10 *11)
[    1.063215] ACPI: PCI Interrupt Link [LNKS] (IRQs *9)
[    1.070054] vgaarb: device added: PCI:0000:00:02.0,decodes=io+mem,owns=io+mem,locks=none
[    1.070864] vgaarb: loaded
[    1.072162] vgaarb: bridge control possible 0000:00:02.0
[    1.076333] i2c-core: driver [aat2870] using legacy suspend method
[    1.077041] i2c-core: driver [aat2870] using legacy resume method
[    1.080963] SCSI subsystem initialized
[    1.083821] usbcore: registered new interface driver usbfs
[    1.084811] usbcore: registered new interface driver hub
[    1.086032] usbcore: registered new device driver usb
[    1.090332] PCI: Using ACPI for IRQ routing
[    1.101147] NetLabel: Initializing
[    1.101598] NetLabel:  domain hash size = 128
[    1.102061] NetLabel:  protocols = UNLABELED CIPSOv4
[    1.105177] NetLabel:  unlabeled traffic allowed by default
[    1.107088] HPET: 3 timers in total, 0 timers will be used for per-cpu timer
[    1.108471] hpet0: at MMIO 0xfed00000, IRQs 2, 8, 0
[    1.109405] hpet0: 3 comparators, 64-bit 100.000000 MHz counter
[    1.128524] Switching to clocksource hpet
[    1.371268] AppArmor: AppArmor Filesystem Enabled
[    1.374213] pnp: PnP ACPI init
[    1.374920] ACPI: bus type pnp registered
[    1.395188] pnp: PnP ACPI: found 9 devices
[    1.395959] ACPI: ACPI bus type pnp unregistered
[    1.459899] NET: Registered protocol family 2
[    1.492377] IP route cache hash table entries: 512 (order: 0, 4096 bytes)
[    1.499809] TCP established hash table entries: 2048 (order: 3, 32768 bytes)
[    1.502807] TCP bind hash table entries: 2048 (order: 3, 32768 bytes)
[    1.503711] TCP: Hash tables configured (established 2048 bind 2048)
[    1.505308] TCP reno registered
[    1.505649] UDP hash table entries: 128 (order: 0, 4096 bytes)
[    1.506566] UDP-Lite hash table entries: 128 (order: 0, 4096 bytes)
[    1.509357] NET: Registered protocol family 1
[    1.510102] pci 0000:00:00.0: Limiting direct PCI/PCI transfers
[    1.510916] pci 0000:00:01.0: PIIX3: Enabling Passive Release
[    1.511663] pci 0000:00:01.0: Activating ISA DMA hang workarounds
[    1.517982] ACPI: PCI Interrupt Link [LNKD] enabled at IRQ 11
[    1.519043] pci 0000:00:01.2: PCI INT D -&gt; Link[LNKD] -&gt; GSI 11 (level, high) -&gt; IRQ 11
[    1.521392] pci 0000:00:01.2: PCI INT D disabled
[    1.541219] Trying to unpack rootfs image as initramfs...
[    1.566825] audit: initializing netlink socket (disabled)
[    1.569417] type=2000 audit(1449536330.564:1): initialized
[    1.819539] HugeTLB registered 2 MB page size, pre-allocated 0 pages
[    1.898599] VFS: Disk quotas dquot_6.5.2
[    1.901612] Dquot-cache hash table entries: 512 (order 0, 4096 bytes)
[    1.923085] fuse init (API version 7.17)
[    1.934645] msgmni has been set to 84
[    1.971476] Block layer SCSI generic (bsg) driver version 0.4 loaded (major 253)
[    1.981959] io scheduler noop registered
[    1.982592] io scheduler deadline registered (default)
[    1.983712] io scheduler cfq registered
[    1.987833] pci_hotplug: PCI Hot Plug PCI Core version: 0.5
[    1.990911] pciehp: PCI Express Hot Plug Controller Driver version: 0.4
[    1.997502] input: Power Button as /devices/LNXSYSTM:00/LNXPWRBN:00/input/input0
[    1.999114] ACPI: Power Button [PWRF]
[    2.050612] ERST: Table is not found!
[    2.051157] GHES: HEST is not enabled!
[    2.063211] ACPI: PCI Interrupt Link [LNKC] enabled at IRQ 10
[    2.064325] virtio-pci 0000:00:03.0: PCI INT A -&gt; Link[LNKC] -&gt; GSI 10 (level, high) -&gt; IRQ 10
[    2.067824] virtio-pci 0000:00:04.0: PCI INT A -&gt; Link[LNKD] -&gt; GSI 11 (level, high) -&gt; IRQ 11
[    2.078932] ACPI: PCI Interrupt Link [LNKA] enabled at IRQ 10
[    2.080865] virtio-pci 0000:00:05.0: PCI INT A -&gt; Link[LNKA] -&gt; GSI 10 (level, high) -&gt; IRQ 10
[    2.105355] Serial: 8250/16550 driver, 32 ports, IRQ sharing enabled
[    2.147751] serial8250: ttyS0 at I/O 0x3f8 (irq = 4) is a 16550A
[    2.236824] serial8250: ttyS1 at I/O 0x2f8 (irq = 3) is a 16550A
[    2.352904] 00:05: ttyS0 at I/O 0x3f8 (irq = 4) is a 16550A
[    2.416862] 00:06: ttyS1 at I/O 0x2f8 (irq = 3) is a 16550A
[    2.454415] Linux agpgart interface v0.103
[    2.517638] brd: module loaded
[    2.525633] Refined TSC clocksource calibration: 2294.506 MHz.
[    2.526479] Switching to clocksource tsc
[    2.545934] loop: module loaded
[    2.599506]  vda: unknown partition table
[    2.671616] scsi0 : ata_piix
[    2.674515] scsi1 : ata_piix
[    2.675796] ata1: PATA max MWDMA2 cmd 0x1f0 ctl 0x3f6 bmdma 0xc0a0 irq 14
[    2.677383] ata2: PATA max MWDMA2 cmd 0x170 ctl 0x376 bmdma 0xc0a8 irq 15
[    2.689285] Fixed MDIO Bus: probed
[    2.690305] tun: Universal TUN/TAP device driver, 1.6
[    2.690934] tun: (C) 1999-2004 Max Krasnyansky &lt;maxk@qualcomm.com&gt;
[    2.707953] PPP generic driver version 2.4.2
[    2.734606] ehci_hcd: USB 2.0 'Enhanced' Host Controller (EHCI) Driver
[    2.736018] ohci_hcd: USB 1.1 'Open' Host Controller (OHCI) Driver
[    2.737852] uhci_hcd: USB Universal Host Controller Interface driver
[    2.739045] uhci_hcd 0000:00:01.2: PCI INT D -&gt; Link[LNKD] -&gt; GSI 11 (level, high) -&gt; IRQ 11
[    2.742520] uhci_hcd 0000:00:01.2: UHCI Host Controller
[    2.754033] uhci_hcd 0000:00:01.2: new USB bus registered, assigned bus number 1
[    2.756016] uhci_hcd 0000:00:01.2: irq 11, io base 0x0000c040
[    2.783608] hub 1-0:1.0: USB hub found
[    2.785478] hub 1-0:1.0: 2 ports detected
[    2.794466] usbcore: registered new interface driver libusual
[    2.797026] i8042: PNP: PS/2 Controller [PNP0303:KBD,PNP0f13:MOU] at 0x60,0x64 irq 1,12
[    2.805989] serio: i8042 KBD port at 0x60,0x64 irq 1
[    2.807600] serio: i8042 AUX port at 0x60,0x64 irq 12
[    2.858855] mousedev: PS/2 mouse device common for all mice
[    2.876740] input: AT Translated Set 2 keyboard as /devices/platform/i8042/serio0/input/input1
[    2.892902] rtc_cmos 00:01: RTC can wake from S4
[    2.919234] rtc_cmos 00:01: rtc core: registered rtc_cmos as rtc0
[    2.924232] rtc0: alarms up to one day, 114 bytes nvram, hpet irqs
[    2.931414] device-mapper: uevent: version 1.0.3
[    2.951414] ata2.01: ATAPI: QEMU DVD-ROM, 2.0.0, max UDMA/100
[    2.962218] ata2.01: configured for MWDMA2
[    2.971443] device-mapper: ioctl: 4.22.0-ioctl (2011-10-19) initialised: dm-devel@redhat.com
[    2.975236] cpuidle: using governor ladder
[    2.976515] cpuidle: using governor menu
[    2.977726] EFI Variables Facility v0.08 2004-May-17
[    2.989337] TCP cubic registered
[    2.992670] NET: Registered protocol family 10
[    3.023040] NET: Registered protocol family 17
[    3.024911] Registering the dns_resolver key type
[    3.051300] scsi 1:0:1:0: CD-ROM            QEMU     QEMU DVD-ROM     2.0. PQ: 0 ANSI: 5
[    3.067314] sr0: scsi3-mmc drive: 4x/4x cd/rw xa/form2 tray
[    3.071272] cdrom: Uniform CD-ROM driver Revision: 3.20
[    3.104666] sr 1:0:1:0: Attached scsi generic sg0 type 5
[    3.152682] registered taskstats version 1
[    3.184749] Freeing initrd memory: 3656k freed
[    3.663152]   Magic number: 11:77:961
[    3.672330] rtc_cmos 00:01: setting system clock to 2015-12-08 00:58:53 UTC (1449536333)
[    3.674626] powernow-k8: Processor cpuid 663 not supported
[    3.680655] BIOS EDD facility v0.16 2004-Jun-25, 0 devices found
[    3.681965] EDD information not available.
[    3.740301] Freeing unused kernel memory: 928k freed
[    3.746300] Write protecting the kernel read-only data: 12288k
[    3.866876] Freeing unused kernel memory: 1596k freed
[    3.930261] Freeing unused kernel memory: 1184k freed

info: initramfs: up at 4.10
modprobe: module virtio_blk not found in modules.dep
modprobe: module virtio_net not found in modules.dep
info: copying initramfs to /dev/vda
info: initramfs loading root from /dev/vda
info: /etc/init.d/rc.sysinit: up at 8.66
info: container: none
Starting logging: OK
modprobe: module virtio_blk not found in modules.dep
modprobe: module virtio_net not found in modules.dep
WARN: /etc/rc3.d/S10-load-modules failed
Initializing random number generator... done.
Starting acpid: OK
cirros-ds 'local' up at 11.30
found datasource (configdrive, local)
Starting network...
udhcpc (v1.20.1) started
Sending discover...
Sending select for 10.100.0.3...
Lease of 10.100.0.3 obtained, lease time 86400
route: SIOCADDRT: File exists
WARN: failed: route add -net "0.0.0.0/0" gw "10.100.0.1"
Starting dropbear sshd: generating rsa key... generating dsa key... OK
no userdata for datasource
=== system information ===
Platform: OpenStack Foundation OpenStack Nova
Container: none
Arch: x86_64
CPU(s): 1 @ 2294.417 MHz
Cores/Sockets/Threads: 1/1/1
Virt-type: AMD-V
RAM Size: 49MB
Disks:
NAME MAJ:MIN     SIZE LABEL         MOUNTPOINT
vda  253:0   25165824 cirros-rootfs /
sr0   11:0     428032 config-2      
=== sshd host keys ===
-----BEGIN SSH HOST KEY KEYS-----
ssh-rsa AAAAB3NzaC1yc2EAAAADAQABAAAAgwCGgP+VXPrCPygd1Oi66DdwUDfWTmxo5U2pbSLYohcxUFqkfr4hjBU+9U5IRAmdPWeORzkQFYPkL9ynXSeab0x8NpGSJKghhUPNLaTcSv560kulW3VK8gUaahf6W09S+JmgmflwHBvQRNZkrEFiLDV4FEwJHuvoGRsCP9sT7Vvk3sa/ root@tempest
ssh-dss AAAAB3NzaC1kc3MAAACBAPlYjtJKFriUbJl01VQqtjLeuSvR7OUhDc5RaMMlNDBTo7EC4eC3OgLV50V6epL84IYYrip5WONrMy+OjJHZDaSyAZ+4Mgc5vh5gGid3+TVIOS+SLu3IBaqrKFp+uQA8M29VMX357wuPfdUIaR1ZnpBNw94ksQgj+sUzvMF2tW55AAAAFQDt247nUv2b0R96EhLVW5DlxPr9kQAAAIBzYq00L91/Fnks/fxu2IphfMOW2n25AMWKuQEQbuFHN1MJBsFQTmrzPOXndb+IiQhL0yyGCJAqe1wo+tGZ11elBcSHHuunszMglk+Y5GGQL72YJ7jec98QvCl9c1Yn28Eq8O+V6m+lq9AQT3TsPse/k4UYLX2evBhhyXzGTQjNfgAAAIAXZj/nDEGJm/h98R9rKBk95UDny+zoOulkGJrcyHF13GxOcV7E15wsKc0r3Fnsktpp8Lov8h0v0zakWFfQCee1cbUzeJ1UwQe2xNWWMETIBAHrusdZzxQMb20z4W5MGh3aoAprIc+qhNfX4wVANLn6izR1S4w+4AQvxz/2f/4yZQ== root@tempest
-----END SSH HOST KEY KEYS-----
=== network info ===
if-info: lo,up,127.0.0.1,8,::1
if-info: eth0,up,10.100.0.3,28,fe80::f816:3eff:fe8c:6b61
ip-route:default via 10.100.0.1 dev eth0 
ip-route:10.100.0.0/28 dev eth0  src 10.100.0.3 
ip-route:169.254.169.254 via 10.100.0.1 dev eth0 
=== datasource: configdrive local ===
instance-id: adfe7391-3d38-45ed-874e-c51e68e78c27
name: tempest.common.compute-instance-893815897
availability-zone: nova
local-hostname: tempest.common.compute-instance-893815897.novalocal
launch-index: 0
=== cirros: current=0.3.4 uptime=20.95 ===
  ____               ____  ____
 / __/ __ ____ ____ / __ \/ __/
/ /__ / // __// __// /_/ /\ \ 
\___//_//_/  /_/   \____/___/ 
   http://cirros-cloud.net


login as 'cirros' user. default password: 'cubswin:)'. use 'sudo' for root.
tempest login: 
2015-12-08 01:01:13,002 27573 INFO     [tempest_lib.common.rest_client] Request (TestNetworkBasicOps:_run_cleanups): 204 DELETE http://10.0.2.15:9696/v2.0/floatingips/fc7091b5-a15b-4978-87b7-11e2237fca85 0.181s
2015-12-08 01:01:13,002 27573 DEBUG    [tempest_lib.common.rest_client] Request - Headers: {'Content-Type': 'application/json', 'Accept': 'application/json', 'X-Auth-Token': '&lt;omitted&gt;'}
        Body: None
    Response - Headers: {'date': 'Tue, 08 Dec 2015 01:01:13 GMT', 'status': '204', 'connection': 'close', 'content-length': '0', 'x-openstack-request-id': 'req-525109f9-5ba0-4de7-90ff-a2d3b45bed6d'}
        Body: 
2015-12-08 01:01:13,220 27573 INFO     [tempest_lib.common.rest_client] Request (TestNetworkBasicOps:_run_cleanups): 204 DELETE http://10.0.2.15:8774/v2.1/6a457acf7875493a8b3197a95f0c3a30/servers/adfe7391-3d38-45ed-874e-c51e68e78c27 0.218s
2015-12-08 01:01:13,221 27573 DEBUG    [tempest_lib.common.rest_client] Request - Headers: {'Content-Type': 'application/json', 'Accept': 'application/json', 'X-Auth-Token': '&lt;omitted&gt;'}
        Body: None
    Response - Headers: {'status': '204', 'content-length': '0', 'x-compute-request-id': 'req-49fc4f11-bd65-4150-9a29-0bfa7fae5b0e', 'vary': 'X-OpenStack-Nova-API-Version', 'connection': 'close', 'x-openstack-nova-api-version': '2.1', 'date': 'Tue, 08 Dec 2015 01:01:13 GMT', 'content-type': 'application/json'}
        Body: 
2015-12-08 01:01:13,444 27573 INFO     [tempest_lib.common.rest_client] Request (TestNetworkBasicOps:_run_cleanups): 200 GET http://10.0.2.15:8774/v2.1/6a457acf7875493a8b3197a95f0c3a30/servers/adfe7391-3d38-45ed-874e-c51e68e78c27 0.222s
2015-12-08 01:01:13,444 27573 DEBUG    [tempest_lib.common.rest_client] Request - Headers: {'Content-Type': 'application/json', 'Accept': 'application/json', 'X-Auth-Token': '&lt;omitted&gt;'}
        Body: None
    Response - Headers: {'status': '200', 'content-length': '1774', 'content-location': 'http://10.0.2.15:8774/v2.1/6a457acf7875493a8b3197a95f0c3a30/servers/adfe7391-3d38-45ed-874e-c51e68e78c27', 'x-compute-request-id': 'req-54c69b1e-7ca7-4aff-878a-982b4e53429d', 'vary': 'X-OpenStack-Nova-API-Version', 'connection': 'close', 'x-openstack-nova-api-version': '2.1', 'date': 'Tue, 08 Dec 2015 01:01:13 GMT', 'content-type': 'application/json'}
        Body: {"server": {"status": "ACTIVE", "updated": "2015-12-08T01:01:13Z", "hostId": "c5737aee85597d3588be6ed75cd087af3fc3cb0b5d24d08b355c4c6b", "addresses": {"tempest-network-smoke--943779329": [{"OS-EXT-IPS-MAC:mac_addr": "fa:16:3e:8c:6b:61", "version": 4, "addr": "10.100.0.3", "OS-EXT-IPS:type": "fixed"}, {"OS-EXT-IPS-MAC:mac_addr": "fa:16:3e:8c:6b:61", "version": 4, "addr": "172.24.4.18", "OS-EXT-IPS:type": "floating"}]}, "links": [{"href": "http://10.0.2.15:8774/v2.1/6a457acf7875493a8b3197a95f0c3a30/servers/adfe7391-3d38-45ed-874e-c51e68e78c27", "rel": "self"}, {"href": "http://10.0.2.15:8774/6a457acf7875493a8b3197a95f0c3a30/servers/adfe7391-3d38-45ed-874e-c51e68e78c27", "rel": "bookmark"}], "key_name": "tempest-TestNetworkBasicOps-47867313", "image": {"id": "decc2e30-67ac-441b-954b-e10d14d887b8", "links": [{"href": "http://10.0.2.15:8774/6a457acf7875493a8b3197a95f0c3a30/images/decc2e30-67ac-441b-954b-e10d14d887b8", "rel": "bookmark"}]}, "OS-EXT-STS:task_state": "deleting", "OS-EXT-STS:vm_state": "active", "OS-SRV-USG:launched_at": "2015-12-08T00:58:46.000000", "flavor": {"id": "42", "links": [{"href": "http://10.0.2.15:8774/6a457acf7875493a8b3197a95f0c3a30/flavors/42", "rel": "bookmark"}]}, "id": "adfe7391-3d38-45ed-874e-c51e68e78c27", "security_groups": [{"name": "tempest-secgroup-smoke-1462036933"}], "OS-SRV-USG:terminated_at": null, "OS-EXT-AZ:availability_zone": "nova", "user_id": "62738794d0964b76853c22ae0e048fef", "name": "tempest.common.compute-instance-893815897", "created": "2015-12-08T00:58:44Z", "tenant_id": "6a457acf7875493a8b3197a95f0c3a30", "OS-DCF:diskConfig": "MANUAL", "os-extended-volumes:volumes_attached": [], "accessIPv4": "", "accessIPv6": "", "progress": 0, "OS-EXT-STS:power_state": 1, "config_drive": "True", "metadata": {}}}
2015-12-08 01:01:14,595 27573 INFO     [tempest_lib.common.rest_client] Request (TestNetworkBasicOps:_run_cleanups): 200 GET http://10.0.2.15:8774/v2.1/6a457acf7875493a8b3197a95f0c3a30/servers/adfe7391-3d38-45ed-874e-c51e68e78c27 0.137s
2015-12-08 01:01:14,596 27573 DEBUG    [tempest_lib.common.rest_client] Request - Headers: {'Content-Type': 'application/json', 'Accept': 'application/json', 'X-Auth-Token': '&lt;omitted&gt;'}
        Body: None
