<?xml version="1.0" encoding="UTF-8"?>
<!DOCTYPE html PUBLIC "-//W3C//DTD XHTML 1.0 Strict//EN"
     "http://www.w3.org/TR/xhtml1/DTD/xhtml1-strict.dtd">
<html xmlns="http://www.w3.org/1999/xhtml">
<head>
    <title>Unit Test Report</title>
    <meta name="generator" content="subunit2html 0.1"/>
    <meta http-equiv="Content-Type" content="text/html; charset=UTF-8"/>
    
<style type="text/css" media="screen">
body        { font-family: verdana, arial, helvetica, sans-serif;
    font-size: 80%; }
table       { font-size: 100%; width: 100%;}
pre         { font-size: 80%; }

/* -- heading -------------------------------------------------------------- */
h1 {
        font-size: 16pt;
        color: gray;
}
.heading {
    margin-top: 0ex;
    margin-bottom: 1ex;
}

.heading .attribute {
    margin-top: 1ex;
    margin-bottom: 0;
}

.heading .description {
    margin-top: 4ex;
    margin-bottom: 6ex;
}

/* -- css div popup -------------------------------------------------------- */
a.popup_link {
}

a.popup_link:hover {
    color: red;
}

.popup_window {
    display: none;
    overflow-x: scroll;
    /*border: solid #627173 1px; */
    padding: 10px;
    background-color: #E6E6D6;
    font-family: "Ubuntu Mono", "Lucida Console", "Courier New", monospace;
    text-align: left;
    font-size: 8pt;
}

}
/* -- report --------------------------------------------------------------- */
#show_detail_line {
    margin-top: 3ex;
    margin-bottom: 1ex;
}
#result_table {
    width: 100%;
    border-collapse: collapse;
    border: 1px solid #777;
}
#header_row {
    font-weight: bold;
    color: white;
    background-color: #777;
}
#result_table td {
    border: 1px solid #777;
    padding: 2px;
}
#total_row  { font-weight: bold; }
.passClass  { background-color: #6c6; }
.failClass  { background-color: #c60; }
.errorClass { background-color: #c00; }
.passCase   { color: #6c6; }
.failCase   { color: #c60; font-weight: bold; }
.errorCase  { color: #c00; font-weight: bold; }
.hiddenRow  { display: none; }
.testcase   { margin-left: 2em; }
td.testname {width: 40%}
td.small {width: 40px}

/* -- ending --------------------------------------------------------------- */
#ending {
}

</style>

</head>
<body>
<script language="javascript" type="text/javascript"><!--
output_list = Array();

/* level - 0:Summary; 1:Failed; 2:All */
function showCase(level) {
    trs = document.getElementsByTagName("tr");
    for (var i = 0; i < trs.length; i++) {
        tr = trs[i];
        id = tr.id;
        if (id.substr(0,2) == 'ft') {
            if (level < 1) {
                tr.className = 'hiddenRow';
            }
            else {
                tr.className = '';
            }
        }
        if (id.substr(0,2) == 'pt') {
            if (level > 1) {
                tr.className = '';
            }
            else {
                tr.className = 'hiddenRow';
            }
        }
    }
}


function showClassDetail(cid, count) {
    var id_list = Array(count);
    var toHide = 1;
    for (var i = 0; i < count; i++) {
        tid0 = 't' + cid.substr(1) + '.' + (i+1);
        tid = 'f' + tid0;
        tr = document.getElementById(tid);
        if (!tr) {
            tid = 'p' + tid0;
            tr = document.getElementById(tid);
        }
        id_list[i] = tid;
        if (tr.className) {
            toHide = 0;
        }
    }
    for (var i = 0; i < count; i++) {
        tid = id_list[i];
        if (toHide) {
            document.getElementById('div_'+tid).style.display = 'none'
            document.getElementById(tid).className = 'hiddenRow';
        }
        else {
            document.getElementById(tid).className = '';
        }
    }
}


function showTestDetail(div_id){
    var details_div = document.getElementById(div_id)
    var displayState = details_div.style.display
    // alert(displayState)
    if (displayState != 'block' ) {
        displayState = 'block'
        details_div.style.display = 'block'
    }
    else {
        details_div.style.display = 'none'
    }
}


function html_escape(s) {
    s = s.replace(/&/g,'&amp;');
    s = s.replace(/</g,'&lt;');
    s = s.replace(/>/g,'&gt;');
    return s;
}

/* obsoleted by detail in <div>
function showOutput(id, name) {
    var w = window.open("", //url
                    name,
                    "resizable,scrollbars,status,width=800,height=450");
    d = w.document;
    d.write("<pre>");
    d.write(html_escape(output_list[id]));
    d.write("\n");
    d.write("<a href='javascript:window.close()'>close</a>\n");
    d.write("</pre>\n");
    d.close();
}
*/
--></script>

<div class='heading'>
<h1>Unit Test Report</h1>

<p class='attribute'><strong>Status:</strong> Pass 1 Failure 8</p>

<p class='description'></p>
</div>



<p id='show_detail_line'>Show
<a href='javascript:showCase(0)'>Summary</a>
<a href='javascript:showCase(1)'>Failed</a>
<a href='javascript:showCase(2)'>All</a>
</p>
<table id='result_table'>
<colgroup>
<col align='left' />
<col align='right' />
<col align='right' />
<col align='right' />
<col align='right' />
<col align='right' />
<col align='right' />
<col align='right' />
</colgroup>
<tr id='header_row'>
    <td>Test Group/Test case</td>
    <td>Count</td>
    <td>Pass</td>
    <td>Fail</td>
    <td>Error</td>
    <td>Skip</td>
    <td>View</td>
    <td> </td>
</tr>

<tr class='failClass'>
    <td class="testname">tempest.scenario.test_network_basic_ops.TestNetworkBasicOps</td>
    <td class="small">9</td>
    <td class="small">1</td>
    <td class="small">8</td>
    <td class="small">0</td>
    <td class="small">0</td>
    <td class="small"><a href="javascript:showClassDetail('c1',9)"
>Detail</a></td>
    <td> </td>
</tr>

<tr id='ft1.1' class='none'>
    <td class='failCase'><div class='testcase'>test_connectivity_between_vms_on_different_networks[compute,id-1546850e-fbaa-42f5-8b5f-03d8a6a95f15,network]</div></td>
    <td colspan='7' align='left'>

    <!--css div popup start-->
    <a class="popup_link" onfocus='this.blur();'
    href="javascript:showTestDetail('div_ft1.1')" >
        fail</a>

    <div id='div_ft1.1' class="popup_window">
        <div style='text-align: right; color:red;cursor:pointer'>
        <a onfocus='this.blur();'
onclick="document.getElementById('div_ft1.1').style.display = 'none' " >
           [x]</a>
        </div>
        <pre>
        
ft1.1: tempest.scenario.test_network_basic_ops.TestNetworkBasicOps.test_connectivity_between_vms_on_different_networks[compute,id-1546850e-fbaa-42f5-8b5f-03d8a6a95f15,network]_StringException: Empty attachments:
  stderr
  stdout

pythonlogging:'': {{{
2015-12-15 11:34:26,054 24084 INFO     [tempest_lib.common.rest_client] Request (TestNetworkBasicOps:test_connectivity_between_vms_on_different_networks): 201 POST http://10.0.2.15:9696/v2.0/security-groups 0.343s
2015-12-15 11:34:26,055 24084 DEBUG    [tempest_lib.common.rest_client] Request - Headers: {'Content-Type': 'application/json', 'Accept': 'application/json', 'X-Auth-Token': '&lt;omitted&gt;'}
        Body: {"security_group": {"tenant_id": "4a09c67b184b4479b831ac0efcba9e5f", "description": "tempest-secgroup-smoke-1790191278 description", "name": "tempest-secgroup-smoke-1790191278"}}
    Response - Headers: {'status': '201', 'content-length': '888', 'connection': 'close', 'date': 'Tue, 15 Dec 2015 11:34:26 GMT', 'content-type': 'application/json; charset=UTF-8', 'x-openstack-request-id': 'req-e5f92b85-2e9d-4313-93d1-899ec0898e1b'}
        Body: {"security_group": {"tenant_id": "4a09c67b184b4479b831ac0efcba9e5f", "description": "tempest-secgroup-smoke-1790191278 description", "id": "84d00214-b302-4bfa-beea-a9509a1e36c3", "security_group_rules": [{"remote_group_id": null, "direction": "egress", "remote_ip_prefix": null, "protocol": null, "ethertype": "IPv4", "tenant_id": "4a09c67b184b4479b831ac0efcba9e5f", "port_range_max": null, "port_range_min": null, "id": "a29a0927-23a8-465c-bf35-8531bb3be24a", "security_group_id": "84d00214-b302-4bfa-beea-a9509a1e36c3"}, {"remote_group_id": null, "direction": "egress", "remote_ip_prefix": null, "protocol": null, "ethertype": "IPv6", "tenant_id": "4a09c67b184b4479b831ac0efcba9e5f", "port_range_max": null, "port_range_min": null, "id": "89e50605-993f-4ff8-9361-14e26f68adec", "security_group_id": "84d00214-b302-4bfa-beea-a9509a1e36c3"}], "name": "tempest-secgroup-smoke-1790191278"}}
2015-12-15 11:34:26,152 24084 INFO     [tempest_lib.common.rest_client] Request (TestNetworkBasicOps:test_connectivity_between_vms_on_different_networks): 201 POST http://10.0.2.15:9696/v2.0/security-group-rules 0.096s
2015-12-15 11:34:26,152 24084 DEBUG    [tempest_lib.common.rest_client] Request - Headers: {'Content-Type': 'application/json', 'Accept': 'application/json', 'X-Auth-Token': '&lt;omitted&gt;'}
        Body: {"security_group_rule": {"direction": "ingress", "protocol": "tcp", "tenant_id": "4a09c67b184b4479b831ac0efcba9e5f", "port_range_max": 22, "security_group_id": "84d00214-b302-4bfa-beea-a9509a1e36c3", "port_range_min": 22}}
    Response - Headers: {'status': '201', 'content-length': '340', 'connection': 'close', 'date': 'Tue, 15 Dec 2015 11:34:26 GMT', 'content-type': 'application/json; charset=UTF-8', 'x-openstack-request-id': 'req-2fc10f03-60d6-4142-ab5e-a53d0fb66f90'}
        Body: {"security_group_rule": {"remote_group_id": null, "direction": "ingress", "remote_ip_prefix": null, "protocol": "tcp", "ethertype": "IPv4", "tenant_id": "4a09c67b184b4479b831ac0efcba9e5f", "port_range_max": 22, "port_range_min": 22, "id": "3169a7bd-a57b-4c1b-b1c7-9668e19e8b25", "security_group_id": "84d00214-b302-4bfa-beea-a9509a1e36c3"}}
2015-12-15 11:34:26,290 24084 INFO     [tempest_lib.common.rest_client] Request (TestNetworkBasicOps:test_connectivity_between_vms_on_different_networks): 201 POST http://10.0.2.15:9696/v2.0/security-group-rules 0.136s
2015-12-15 11:34:26,291 24084 DEBUG    [tempest_lib.common.rest_client] Request - Headers: {'Content-Type': 'application/json', 'Accept': 'application/json', 'X-Auth-Token': '&lt;omitted&gt;'}
        Body: {"security_group_rule": {"direction": "egress", "protocol": "tcp", "tenant_id": "4a09c67b184b4479b831ac0efcba9e5f", "port_range_max": 22, "security_group_id": "84d00214-b302-4bfa-beea-a9509a1e36c3", "port_range_min": 22}}
    Response - Headers: {'status': '201', 'content-length': '339', 'connection': 'close', 'date': 'Tue, 15 Dec 2015 11:34:26 GMT', 'content-type': 'application/json; charset=UTF-8', 'x-openstack-request-id': 'req-7d47e9ed-553b-4c45-b6fd-f00bcb832f57'}
        Body: {"security_group_rule": {"remote_group_id": null, "direction": "egress", "remote_ip_prefix": null, "protocol": "tcp", "ethertype": "IPv4", "tenant_id": "4a09c67b184b4479b831ac0efcba9e5f", "port_range_max": 22, "port_range_min": 22, "id": "53576432-28bd-4428-b8cf-b553dcc65964", "security_group_id": "84d00214-b302-4bfa-beea-a9509a1e36c3"}}
2015-12-15 11:34:26,411 24084 INFO     [tempest_lib.common.rest_client] Request (TestNetworkBasicOps:test_connectivity_between_vms_on_different_networks): 201 POST http://10.0.2.15:9696/v2.0/security-group-rules 0.118s
2015-12-15 11:34:26,412 24084 DEBUG    [tempest_lib.common.rest_client] Request - Headers: {'Content-Type': 'application/json', 'Accept': 'application/json', 'X-Auth-Token': '&lt;omitted&gt;'}
        Body: {"security_group_rule": {"tenant_id": "4a09c67b184b4479b831ac0efcba9e5f", "direction": "ingress", "protocol": "icmp", "security_group_id": "84d00214-b302-4bfa-beea-a9509a1e36c3"}}
    Response - Headers: {'status': '201', 'content-length': '345', 'connection': 'close', 'date': 'Tue, 15 Dec 2015 11:34:26 GMT', 'content-type': 'application/json; charset=UTF-8', 'x-openstack-request-id': 'req-925a202a-2678-4a8b-aaad-5816d1a3be8d'}
        Body: {"security_group_rule": {"remote_group_id": null, "direction": "ingress", "remote_ip_prefix": null, "protocol": "icmp", "ethertype": "IPv4", "tenant_id": "4a09c67b184b4479b831ac0efcba9e5f", "port_range_max": null, "port_range_min": null, "id": "2ffb1bb3-b0fc-49c5-9315-76563d815b57", "security_group_id": "84d00214-b302-4bfa-beea-a9509a1e36c3"}}
2015-12-15 11:34:26,528 24084 INFO     [tempest_lib.common.rest_client] Request (TestNetworkBasicOps:test_connectivity_between_vms_on_different_networks): 201 POST http://10.0.2.15:9696/v2.0/security-group-rules 0.115s
2015-12-15 11:34:26,529 24084 DEBUG    [tempest_lib.common.rest_client] Request - Headers: {'Content-Type': 'application/json', 'Accept': 'application/json', 'X-Auth-Token': '&lt;omitted&gt;'}
        Body: {"security_group_rule": {"tenant_id": "4a09c67b184b4479b831ac0efcba9e5f", "direction": "egress", "protocol": "icmp", "security_group_id": "84d00214-b302-4bfa-beea-a9509a1e36c3"}}
    Response - Headers: {'status': '201', 'content-length': '344', 'connection': 'close', 'date': 'Tue, 15 Dec 2015 11:34:26 GMT', 'content-type': 'application/json; charset=UTF-8', 'x-openstack-request-id': 'req-71c84fb8-45dd-4f70-8c2a-cdb8d2554370'}
        Body: {"security_group_rule": {"remote_group_id": null, "direction": "egress", "remote_ip_prefix": null, "protocol": "icmp", "ethertype": "IPv4", "tenant_id": "4a09c67b184b4479b831ac0efcba9e5f", "port_range_max": null, "port_range_min": null, "id": "58b57ea3-8c5b-47af-8b52-a7d18314f7cb", "security_group_id": "84d00214-b302-4bfa-beea-a9509a1e36c3"}}
2015-12-15 11:34:26,643 24084 INFO     [tempest_lib.common.rest_client] Request (TestNetworkBasicOps:test_connectivity_between_vms_on_different_networks): 201 POST http://10.0.2.15:9696/v2.0/security-group-rules 0.113s
2015-12-15 11:34:26,644 24084 DEBUG    [tempest_lib.common.rest_client] Request - Headers: {'Content-Type': 'application/json', 'Accept': 'application/json', 'X-Auth-Token': '&lt;omitted&gt;'}
        Body: {"security_group_rule": {"tenant_id": "4a09c67b184b4479b831ac0efcba9e5f", "direction": "ingress", "security_group_id": "84d00214-b302-4bfa-beea-a9509a1e36c3", "protocol": "icmp", "ethertype": "IPv6"}}
    Response - Headers: {'status': '201', 'content-length': '345', 'connection': 'close', 'date': 'Tue, 15 Dec 2015 11:34:26 GMT', 'content-type': 'application/json; charset=UTF-8', 'x-openstack-request-id': 'req-4930ab0c-02e6-4d9f-b6c1-c6d5ee67bae5'}
        Body: {"security_group_rule": {"remote_group_id": null, "direction": "ingress", "remote_ip_prefix": null, "protocol": "icmp", "ethertype": "IPv6", "tenant_id": "4a09c67b184b4479b831ac0efcba9e5f", "port_range_max": null, "port_range_min": null, "id": "b982218d-a265-4225-bd2b-18bdbb951361", "security_group_id": "84d00214-b302-4bfa-beea-a9509a1e36c3"}}
2015-12-15 11:34:26,759 24084 INFO     [tempest_lib.common.rest_client] Request (TestNetworkBasicOps:test_connectivity_between_vms_on_different_networks): 201 POST http://10.0.2.15:9696/v2.0/security-group-rules 0.114s
2015-12-15 11:34:26,760 24084 DEBUG    [tempest_lib.common.rest_client] Request - Headers: {'Content-Type': 'application/json', 'Accept': 'application/json', 'X-Auth-Token': '&lt;omitted&gt;'}
        Body: {"security_group_rule": {"tenant_id": "4a09c67b184b4479b831ac0efcba9e5f", "direction": "egress", "security_group_id": "84d00214-b302-4bfa-beea-a9509a1e36c3", "protocol": "icmp", "ethertype": "IPv6"}}
    Response - Headers: {'status': '201', 'content-length': '344', 'connection': 'close', 'date': 'Tue, 15 Dec 2015 11:34:26 GMT', 'content-type': 'application/json; charset=UTF-8', 'x-openstack-request-id': 'req-48db70a0-7552-48f6-8bbf-ac92e5a43887'}
        Body: {"security_group_rule": {"remote_group_id": null, "direction": "egress", "remote_ip_prefix": null, "protocol": "icmp", "ethertype": "IPv6", "tenant_id": "4a09c67b184b4479b831ac0efcba9e5f", "port_range_max": null, "port_range_min": null, "id": "fd8f69d2-e6d2-4d6c-bab8-f74316585ab8", "security_group_id": "84d00214-b302-4bfa-beea-a9509a1e36c3"}}
2015-12-15 11:34:26,898 24084 INFO     [tempest_lib.common.rest_client] Request (TestNetworkBasicOps:test_connectivity_between_vms_on_different_networks): 201 POST http://10.0.2.15:9696/v2.0/networks 0.137s
2015-12-15 11:34:26,899 24084 DEBUG    [tempest_lib.common.rest_client] Request - Headers: {'Content-Type': 'application/json', 'Accept': 'application/json', 'X-Auth-Token': '&lt;omitted&gt;'}
        Body: {"network": {"tenant_id": "4a09c67b184b4479b831ac0efcba9e5f", "name": "tempest-network-smoke--489771572"}}
    Response - Headers: {'status': '201', 'content-length': '295', 'connection': 'close', 'date': 'Tue, 15 Dec 2015 11:34:26 GMT', 'content-type': 'application/json; charset=UTF-8', 'x-openstack-request-id': 'req-d5ee9b06-d87c-4670-8143-928fc4f808fe'}
        Body: {"network": {"status": "ACTIVE", "subnets": [], "name": "tempest-network-smoke--489771572", "admin_state_up": true, "tenant_id": "4a09c67b184b4479b831ac0efcba9e5f", "mtu": 0, "router:external": false, "shared": false, "port_security_enabled": true, "id": "f5d09550-f5a2-45a0-a576-5c536572d45f"}}
2015-12-15 11:34:26,983 24084 INFO     [tempest_lib.common.rest_client] Request (TestNetworkBasicOps:test_connectivity_between_vms_on_different_networks): 201 POST http://10.0.2.15:9696/v2.0/routers 0.082s
2015-12-15 11:34:26,983 24084 DEBUG    [tempest_lib.common.rest_client] Request - Headers: {'Content-Type': 'application/json', 'Accept': 'application/json', 'X-Auth-Token': '&lt;omitted&gt;'}
        Body: {"router": {"tenant_id": "4a09c67b184b4479b831ac0efcba9e5f", "name": "tempest-router-smoke-2119121295", "admin_state_up": true}}
    Response - Headers: {'status': '201', 'content-length': '239', 'connection': 'close', 'date': 'Tue, 15 Dec 2015 11:34:26 GMT', 'content-type': 'application/json; charset=UTF-8', 'x-openstack-request-id': 'req-70a34bfd-e67d-43f5-befc-ea9eb397244e'}
        Body: {"router": {"status": "ACTIVE", "external_gateway_info": null, "name": "tempest-router-smoke-2119121295", "admin_state_up": true, "tenant_id": "4a09c67b184b4479b831ac0efcba9e5f", "routes": [], "id": "6a5174f0-368e-4205-96c3-ac00ff90b441"}}
2015-12-15 11:34:27,029 24084 INFO     [tempest_lib.common.rest_client] Request (TestNetworkBasicOps:test_connectivity_between_vms_on_different_networks): 200 GET http://10.0.2.15:9696/v2.0/routers/6a5174f0-368e-4205-96c3-ac00ff90b441 0.044s
2015-12-15 11:34:27,029 24084 DEBUG    [tempest_lib.common.rest_client] Request - Headers: {'Content-Type': 'application/json', 'Accept': 'application/json', 'X-Auth-Token': '&lt;omitted&gt;'}
        Body: None
    Response - Headers: {'status': '200', 'content-length': '239', 'content-location': 'http://10.0.2.15:9696/v2.0/routers/6a5174f0-368e-4205-96c3-ac00ff90b441', 'connection': 'close', 'date': 'Tue, 15 Dec 2015 11:34:27 GMT', 'content-type': 'application/json; charset=UTF-8', 'x-openstack-request-id': 'req-70329450-cfe1-41c0-a66b-45be35a98831'}
        Body: {"router": {"status": "ACTIVE", "external_gateway_info": null, "name": "tempest-router-smoke-2119121295", "admin_state_up": true, "tenant_id": "4a09c67b184b4479b831ac0efcba9e5f", "routes": [], "id": "6a5174f0-368e-4205-96c3-ac00ff90b441"}}
2015-12-15 11:34:27,587 24084 INFO     [tempest_lib.common.rest_client] Request (TestNetworkBasicOps:test_connectivity_between_vms_on_different_networks): 200 PUT http://10.0.2.15:9696/v2.0/routers/6a5174f0-368e-4205-96c3-ac00ff90b441 0.556s
2015-12-15 11:34:27,587 24084 DEBUG    [tempest_lib.common.rest_client] Request - Headers: {'Content-Type': 'application/json', 'Accept': 'application/json', 'X-Auth-Token': '&lt;omitted&gt;'}
        Body: {"router": {"external_gateway_info": {"network_id": "78423c88-2cf5-408b-9182-2027fefff475"}, "name": "tempest-router-smoke-2119121295", "admin_state_up": true}}
    Response - Headers: {'status': '200', 'content-length': '501', 'connection': 'close', 'date': 'Tue, 15 Dec 2015 11:34:27 GMT', 'content-type': 'application/json; charset=UTF-8', 'x-openstack-request-id': 'req-04358849-c288-4c2c-8d6e-e61ba9ef4a29'}
        Body: {"router": {"status": "ACTIVE", "external_gateway_info": {"network_id": "78423c88-2cf5-408b-9182-2027fefff475", "enable_snat": true, "external_fixed_ips": [{"subnet_id": "903d43bd-bb23-4757-b241-db20e01695bb", "ip_address": "172.24.4.3"}, {"subnet_id": "a4b077d6-4f45-4175-8874-32162d205399", "ip_address": "2001:db8::4"}]}, "name": "tempest-router-smoke-2119121295", "admin_state_up": true, "tenant_id": "4a09c67b184b4479b831ac0efcba9e5f", "routes": [], "id": "6a5174f0-368e-4205-96c3-ac00ff90b441"}}
2015-12-15 11:34:27,722 24084 INFO     [tempest_lib.common.rest_client] Request (TestNetworkBasicOps:test_connectivity_between_vms_on_different_networks): 200 GET http://10.0.2.15:9696/v2.0/subnets?tenant_id=4a09c67b184b4479b831ac0efcba9e5f&amp;cidr=10.100.0.0%2F28 0.133s
2015-12-15 11:34:27,722 24084 DEBUG    [tempest_lib.common.rest_client] Request - Headers: {'Content-Type': 'application/json', 'Accept': 'application/json', 'X-Auth-Token': '&lt;omitted&gt;'}
        Body: None
    Response - Headers: {'status': '200', 'content-length': '15', 'content-location': 'http://10.0.2.15:9696/v2.0/subnets?tenant_id=4a09c67b184b4479b831ac0efcba9e5f&amp;cidr=10.100.0.0%2F28', 'connection': 'close', 'date': 'Tue, 15 Dec 2015 11:34:27 GMT', 'content-type': 'application/json; charset=UTF-8', 'x-openstack-request-id': 'req-8d6e9dc1-6922-4746-b424-df40cb4f694f'}
        Body: {"subnets": []}
2015-12-15 11:34:28,007 24084 INFO     [tempest_lib.common.rest_client] Request (TestNetworkBasicOps:test_connectivity_between_vms_on_different_networks): 201 POST http://10.0.2.15:9696/v2.0/subnets 0.284s
2015-12-15 11:34:28,007 24084 DEBUG    [tempest_lib.common.rest_client] Request - Headers: {'Content-Type': 'application/json', 'Accept': 'application/json', 'X-Auth-Token': '&lt;omitted&gt;'}
        Body: {"subnet": {"ip_version": 4, "tenant_id": "4a09c67b184b4479b831ac0efcba9e5f", "cidr": "10.100.0.0/28", "network_id": "f5d09550-f5a2-45a0-a576-5c536572d45f", "name": "tempest-subnet-smoke-1760357829"}}
    Response - Headers: {'status': '201', 'content-length': '478', 'connection': 'close', 'date': 'Tue, 15 Dec 2015 11:34:28 GMT', 'content-type': 'application/json; charset=UTF-8', 'x-openstack-request-id': 'req-c0a35e30-b873-457c-9651-a906b32a9dfd'}
        Body: {"subnet": {"name": "tempest-subnet-smoke-1760357829", "enable_dhcp": true, "network_id": "f5d09550-f5a2-45a0-a576-5c536572d45f", "tenant_id": "4a09c67b184b4479b831ac0efcba9e5f", "dns_nameservers": [], "gateway_ip": "10.100.0.1", "ipv6_ra_mode": null, "allocation_pools": [{"start": "10.100.0.2", "end": "10.100.0.14"}], "host_routes": [], "ip_version": 4, "ipv6_address_mode": null, "cidr": "10.100.0.0/28", "id": "4317e6a1-f022-49da-bd38-3facfd27cebd", "subnetpool_id": null}}
2015-12-15 11:34:28,673 24084 INFO     [tempest_lib.common.rest_client] Request (TestNetworkBasicOps:test_connectivity_between_vms_on_different_networks): 200 PUT http://10.0.2.15:9696/v2.0/routers/6a5174f0-368e-4205-96c3-ac00ff90b441/add_router_interface 0.665s
2015-12-15 11:34:28,674 24084 DEBUG    [tempest_lib.common.rest_client] Request - Headers: {'Content-Type': 'application/json', 'Accept': 'application/json', 'X-Auth-Token': '&lt;omitted&gt;'}
        Body: {"subnet_id": "4317e6a1-f022-49da-bd38-3facfd27cebd"}
    Response - Headers: {'status': '200', 'content-length': '255', 'connection': 'close', 'date': 'Tue, 15 Dec 2015 11:34:28 GMT', 'content-type': 'application/json; charset=UTF-8', 'x-openstack-request-id': 'req-48682a62-078c-4d76-95e2-37a09dfb9bda'}
        Body: {"subnet_id": "4317e6a1-f022-49da-bd38-3facfd27cebd", "tenant_id": "4a09c67b184b4479b831ac0efcba9e5f", "subnet_ids": ["4317e6a1-f022-49da-bd38-3facfd27cebd"], "port_id": "cf6f22b1-8216-4d67-9534-5d923cf46657", "id": "6a5174f0-368e-4205-96c3-ac00ff90b441"}
2015-12-15 11:34:28,858 24084 INFO     [tempest_lib.common.rest_client] Request (TestNetworkBasicOps:test_connectivity_between_vms_on_different_networks): 200 GET http://10.0.2.15:9696/v2.0/networks 0.183s
2015-12-15 11:34:28,858 24084 DEBUG    [tempest_lib.common.rest_client] Request - Headers: {'Content-Type': 'application/json', 'Accept': 'application/json', 'X-Auth-Token': '&lt;omitted&gt;'}
        Body: None
    Response - Headers: {'status': '200', 'content-length': '1317', 'content-location': 'http://10.0.2.15:9696/v2.0/networks', 'connection': 'close', 'date': 'Tue, 15 Dec 2015 11:34:28 GMT', 'content-type': 'application/json; charset=UTF-8', 'x-openstack-request-id': 'req-5df803f3-8e29-49f8-94ed-5f460637302c'}
        Body: {"networks": [{"status": "ACTIVE", "subnets": ["903d43bd-bb23-4757-b241-db20e01695bb", "a4b077d6-4f45-4175-8874-32162d205399"], "name": "public", "provider:physical_network": null, "admin_state_up": true, "tenant_id": "a9a38b0b28ea4beaa2c122bab74d0d74", "mtu": 0, "router:external": true, "shared": false, "port_security_enabled": true, "provider:network_type": "vxlan", "id": "78423c88-2cf5-408b-9182-2027fefff475", "provider:segmentation_id": 1015}, {"status": "ACTIVE", "subnets": ["2b0fda2a-824d-4222-bc2a-cea847e4a7af", "b7c51cc3-c914-4d3c-ae1d-cbc8c15d602c"], "name": "private", "provider:physical_network": null, "admin_state_up": true, "tenant_id": "938848fae3ea4af5839347dc3fe31ddc", "mtu": 0, "router:external": false, "shared": false, "port_security_enabled": true, "provider:network_type": "vxlan", "id": "2c8174bc-2169-4dcc-9e33-4145dade09b8", "provider:segmentation_id": 1080}, {"status": "ACTIVE", "subnets": ["4317e6a1-f022-49da-bd38-3facfd27cebd"], "name": "tempest-network-smoke--489771572", "provider:physical_network": null, "admin_state_up": true, "tenant_id": "4a09c67b184b4479b831ac0efcba9e5f", "mtu": 0, "router:external": false, "shared": false, "port_security_enabled": true, "provider:network_type": "vxlan", "id": "f5d09550-f5a2-45a0-a576-5c536572d45f", "provider:segmentation_id": 1031}]}
2015-12-15 11:34:28,930 24084 INFO     [tempest_lib.common.rest_client] Request (TestNetworkBasicOps:test_connectivity_between_vms_on_different_networks): 200 GET http://10.0.2.15:9696/v2.0/subnets 0.070s
2015-12-15 11:34:28,931 24084 DEBUG    [tempest_lib.common.rest_client] Request - Headers: {'Content-Type': 'application/json', 'Accept': 'application/json', 'X-Auth-Token': '&lt;omitted&gt;'}
        Body: None
    Response - Headers: {'status': '200', 'content-length': '2408', 'content-location': 'http://10.0.2.15:9696/v2.0/subnets', 'connection': 'close', 'date': 'Tue, 15 Dec 2015 11:34:28 GMT', 'content-type': 'application/json; charset=UTF-8', 'x-openstack-request-id': 'req-45f815bc-fe1e-49f3-a31c-0b051b95d6de'}
        Body: {"subnets": [{"name": "tempest-subnet-smoke-1760357829", "enable_dhcp": true, "network_id": "f5d09550-f5a2-45a0-a576-5c536572d45f", "tenant_id": "4a09c67b184b4479b831ac0efcba9e5f", "dns_nameservers": [], "gateway_ip": "10.100.0.1", "ipv6_ra_mode": null, "allocation_pools": [{"start": "10.100.0.2", "end": "10.100.0.14"}], "host_routes": [], "ip_version": 4, "ipv6_address_mode": null, "cidr": "10.100.0.0/28", "id": "4317e6a1-f022-49da-bd38-3facfd27cebd", "subnetpool_id": null}, {"name": "private-subnet", "enable_dhcp": true, "network_id": "2c8174bc-2169-4dcc-9e33-4145dade09b8", "tenant_id": "938848fae3ea4af5839347dc3fe31ddc", "dns_nameservers": [], "gateway_ip": "10.0.0.1", "ipv6_ra_mode": null, "allocation_pools": [{"start": "10.0.0.2", "end": "10.0.0.254"}], "host_routes": [], "ip_version": 4, "ipv6_address_mode": null, "cidr": "10.0.0.0/24", "id": "b7c51cc3-c914-4d3c-ae1d-cbc8c15d602c", "subnetpool_id": null}, {"name": "public-subnet", "enable_dhcp": false, "network_id": "78423c88-2cf5-408b-9182-2027fefff475", "tenant_id": "a9a38b0b28ea4beaa2c122bab74d0d74", "dns_nameservers": [], "gateway_ip": "172.24.4.1", "ipv6_ra_mode": null, "allocation_pools": [{"start": "172.24.4.2", "end": "172.24.4.254"}], "host_routes": [], "ip_version": 4, "ipv6_address_mode": null, "cidr": "172.24.4.0/24", "id": "903d43bd-bb23-4757-b241-db20e01695bb", "subnetpool_id": null}, {"name": "ipv6-public-subnet", "enable_dhcp": false, "network_id": "78423c88-2cf5-408b-9182-2027fefff475", "tenant_id": "a9a38b0b28ea4beaa2c122bab74d0d74", "dns_nameservers": [], "gateway_ip": "2001:db8::2", "ipv6_ra_mode": null, "allocation_pools": [{"start": "2001:db8::3", "end": "2001:db8::ffff:ffff:ffff:ffff"}, {"start": "2001:db8::1", "end": "2001:db8::1"}], "host_routes": [], "ip_version": 6, "ipv6_address_mode": null, "cidr": "2001:db8::/64", "id": "a4b077d6-4f45-4175-8874-32162d205399", "subnetpool_id": null}, {"name": "ipv6-private-subnet", "enable_dhcp": true, "network_id": "2c8174bc-2169-4dcc-9e33-4145dade09b8", "tenant_id": "938848fae3ea4af5839347dc3fe31ddc", "dns_nameservers": [], "gateway_ip": "fdd8:9950:3ecb::1", "ipv6_ra_mode": "slaac", "allocation_pools": [{"start": "fdd8:9950:3ecb::2", "end": "fdd8:9950:3ecb:0:ffff:ffff:ffff:ffff"}], "host_routes": [], "ip_version": 6, "ipv6_address_mode": "slaac", "cidr": "fdd8:9950:3ecb::/64", "id": "2b0fda2a-824d-4222-bc2a-cea847e4a7af", "subnetpool_id": null}]}
2015-12-15 11:34:28,983 24084 INFO     [tempest_lib.common.rest_client] Request (TestNetworkBasicOps:test_connectivity_between_vms_on_different_networks): 200 GET http://10.0.2.15:9696/v2.0/routers 0.051s
2015-12-15 11:34:28,983 24084 DEBUG    [tempest_lib.common.rest_client] Request - Headers: {'Content-Type': 'application/json', 'Accept': 'application/json', 'X-Auth-Token': '&lt;omitted&gt;'}
        Body: None
    Response - Headers: {'status': '200', 'content-length': '1041', 'content-location': 'http://10.0.2.15:9696/v2.0/routers', 'connection': 'close', 'date': 'Tue, 15 Dec 2015 11:34:28 GMT', 'content-type': 'application/json; charset=UTF-8', 'x-openstack-request-id': 'req-c7b5c62a-5a0f-4a57-bf5b-a56cc8e12fea'}
        Body: {"routers": [{"status": "ACTIVE", "external_gateway_info": {"network_id": "78423c88-2cf5-408b-9182-2027fefff475", "enable_snat": true, "external_fixed_ips": [{"subnet_id": "903d43bd-bb23-4757-b241-db20e01695bb", "ip_address": "172.24.4.3"}, {"subnet_id": "a4b077d6-4f45-4175-8874-32162d205399", "ip_address": "2001:db8::4"}]}, "name": "tempest-router-smoke-2119121295", "admin_state_up": true, "tenant_id": "4a09c67b184b4479b831ac0efcba9e5f", "distributed": false, "routes": [], "ha": false, "id": "6a5174f0-368e-4205-96c3-ac00ff90b441"}, {"status": "ACTIVE", "external_gateway_info": {"network_id": "78423c88-2cf5-408b-9182-2027fefff475", "enable_snat": true, "external_fixed_ips": [{"subnet_id": "903d43bd-bb23-4757-b241-db20e01695bb", "ip_address": "172.24.4.2"}, {"subnet_id": "a4b077d6-4f45-4175-8874-32162d205399", "ip_address": "2001:db8::3"}]}, "name": "router1", "admin_state_up": true, "tenant_id": "938848fae3ea4af5839347dc3fe31ddc", "distributed": false, "routes": [], "ha": false, "id": "e32ce84c-e596-41a8-a544-ba513143cfb0"}]}
2015-12-15 11:34:29,355 24084 INFO     [tempest_lib.common.rest_client] Request (TestNetworkBasicOps:test_connectivity_between_vms_on_different_networks): 200 POST http://10.0.2.15:8774/v2.1/4a09c67b184b4479b831ac0efcba9e5f/os-keypairs 0.370s
2015-12-15 11:34:29,355 24084 DEBUG    [tempest_lib.common.rest_client] Request - Headers: {'Content-Type': 'application/json', 'Accept': 'application/json', 'X-Auth-Token': '&lt;omitted&gt;'}
        Body: {"keypair": {"name": "tempest-TestNetworkBasicOps-1582551825"}}
    Response - Headers: {'status': '200', 'content-length': '2321', 'x-compute-request-id': 'req-6d07511b-1d72-4bf0-b76e-9ccfe81bd2f4', 'vary': 'X-OpenStack-Nova-API-Version', 'connection': 'close', 'x-openstack-nova-api-version': '2.1', 'date': 'Tue, 15 Dec 2015 11:34:29 GMT', 'content-type': 'application/json'}
        Body: {"keypair": {"public_key": "ssh-rsa AAAAB3NzaC1yc2EAAAADAQABAAABAQDRyvOIdA0Ivvbp9+ETckktE7+0mRofcnR3WMeu1pYBHUr/oTWKpfRBKvtQJDxTke+b72A6/htVaLk58vTqfOY9yiETWZ6oOjYUzv2VNcrzIHepwiwaWCjOZ0wKdq5mDR/jvnj8cYyB4KM1JHVUloCBFnd3r8lTEk5KBOaWdx/7vHS7sM7Oe82CRlet1O+bJBTECQYX+Dwuz7YnCgvk6URd7N3UiPUywh+kpjSZZI33ZY1ydQHdMgG/FUIbVVPCJrdPkRaLtnOcHsCKjdnjpj60pTkdCzRaOwvAc9W7koo/ACB49YWeyKGcnJi3R2aWOVPXeAcvO9WBJ9wo0FMaueuL Generated-by-Nova", "private_key": "-----BEGIN RSA PRIVATE KEY-----\nMIIEqQIBAAKCAQEA0crziHQNCL726ffhE3JJLRO/tJkaH3J0d1jHrtaWAR1K/6E1\niqX0QSr7UCQ8U5Hvm+9gOv4bVWi5OfL06nzmPcohE1meqDo2FM79lTXK8yB3qcIs\nGlgozmdMCnauZg0f4754/HGMgeCjNSR1VJaAgRZ3d6/JUxJOSgTmlncf+7x0u7DO\nznvNgkZXrdTvmyQUxAkGF/g8Ls+2JwoL5OlEXezd1Ij1MsIfpKY0mWSN92WNcnUB\n3TIBvxVCG1VTwia3T5EWi7ZznB7Aio3Z46Y+tKU5HQs0WjsLwHPVu5KKPwAgePWF\nnsihnJyYt0dmljlT13gHLzvVgSfcKNBTGrnriwIDAQABAoIBAESZrqSx/gkcGLVM\n/uZS+qaozIkLf0VFMdxMxY7gUFCw+XM5jb52obYljeQY1TkmgUlmLvtbWCjHg7n1\nPiznBoqx67reFUlBL6oCPV1rJ5/0v+xct/stVLqZgH3zbPel1wWrpPg3URCvGe8o\nqs0sIX0UkaArdROa6sq9a4FMFsNDtubGTr+5Qlh8ZqLxvTA0T27Svw0hhfcdtB2h\njyRAl/c1Yr3pCS7pyBk9HZYwapO0Ywa9GLYTEUPmLhDBu/gXqAXsaxsiJpccSYGE\ny94TTefyDl1Eaj8/hnPAPC4HevkDY5L5/KQFlajimC1xPuDfsZgxsjtdgTFMMmD1\njDdrgVECggCBAN91iShVr7c/2RcHLcotROHuNteMbBzlKoOLnRWLZp09Dxavswal\nY73FlMTxOxp4wLeY7ndKFv8Naa2/fvk7nFud49gl7F0WklXtTNLYI4UsXIIXSuIE\nl47q7qs6DjWJ19SiAZx/IDqa0ETeMOUTVdl76/y/s3JNY1U8ro4lZzilAoIAgQDw\nV/CV4//V7AyY192LzlQtR2BW0/rxYk43j4gL2r5zhktk0FttAwYjVaDZMevx1TEw\nyshq2zajI7Aw6P37OTUWUUSuYjDNR0axaGbhHkyob1FP8AxZ1y6vOvrt47EwByZI\nRoIwxl8ncwq+c9dzpxPmouVwRgMWvTNE5Uy8j4wsbwKCAIEAxCQR+TKFIw9LCViG\ny8DChqGmx7p9JzvL/l0sy71pm7j9pocgWEQR8YAdXmTz4P9/AWieYFzLJKLsUNMW\nq8O0MgK7/H0FJIxsdDnvxd5sBzfyF0pEs3Eeaxcx2WADGuFcbkqpqWk4q9g52UlC\nl8BKCbUpZdgKtdjRyP6TpTeVi/UCggCBAL2JbFaYlnI6k/iZC8MsNN/8UPJIe7aO\ngwZ3758Bo33xY1WepusCHn4REicWom51ZTSIRqNWOvFOvKzloR3UkJQIBPTMxJWu\nZwaTQca4oVWXa/VxZhwXgV55Udf23w30JXGMATG7zuCKbeeh7T/se9o/jlcLL3Zo\nQJ1Ng0WUosOLAoIAgA0wZfTDo258Z6OPn1bSqifTme1sTqT60EjMcA1FPyzymqfE\nzfuPXdY4jrmjqtW561Zay8Ho3nW5iYVFEPSJAlhcA3Ozhyzvzl3IrOmdqdlQHR97\nYhjXxa/D2zm8Pq51ZfVtShxGf7FWCnHGoRq0xaB+ZEZXOmKLKI9DahssIU9V\n-----END RSA PRIVATE KEY-----\n", "user_id": "b1a3341e986d45e49af03f883eac1e8c", "name": "tempest-TestNetworkBasicOps-1582551825", "fingerprint": "24:0a:a3:1c:fa:dc:4a:92:40:13:12:7d:f3:28:80:17"}}
2015-12-15 11:34:29,477 24084 INFO     [tempest_lib.common.rest_client] Request (TestNetworkBasicOps:test_connectivity_between_vms_on_different_networks): 200 POST http://10.0.2.15:5000/v2.0/tokens
2015-12-15 11:34:29,478 24084 DEBUG    [tempest_lib.common.rest_client] Request - Headers: {'Content-Type': 'application/json', 'Accept': 'application/json'}
        Body: &lt;omitted&gt;
    Response - Headers: {'status': '200', 'content-length': '2528', 'vary': 'X-Auth-Token', 'server': 'Apache/2.4.7 (Ubuntu)', 'connection': 'close', 'date': 'Tue, 15 Dec 2015 11:34:29 GMT', 'content-type': 'application/json', 'x-openstack-request-id': 'req-e0913589-f0e7-40e1-ad76-316ebcc19bda'}
        Body: {"access": {"token": {"issued_at": "2015-12-15T11:34:29.465148", "expires": "2015-12-15T12:34:29Z", "id": "b2bff809f3d044de8a00d2765e629aef", "tenant": {"description": "tempest-TestNetworkBasicOps-537317437-desc", "enabled": true, "id": "4a09c67b184b4479b831ac0efcba9e5f", "name": "tempest-TestNetworkBasicOps-537317437"}, "audit_ids": ["7hG9_refQxGbnYaKDi9FWQ"]}, "serviceCatalog": [{"endpoints": [{"adminURL": "http://10.0.2.15:8774/v2.1/4a09c67b184b4479b831ac0efcba9e5f", "region": "RegionOne", "internalURL": "http://10.0.2.15:8774/v2.1/4a09c67b184b4479b831ac0efcba9e5f", "id": "5ded56b2417b40edb876a65d064456a2", "publicURL": "http://10.0.2.15:8774/v2.1/4a09c67b184b4479b831ac0efcba9e5f"}], "endpoints_links": [], "type": "compute", "name": "nova"}, {"endpoints": [{"adminURL": "http://10.0.2.15:9696/", "region": "RegionOne", "internalURL": "http://10.0.2.15:9696/", "id": "5489bab091b0485ab0d7e94883d5fcc7", "publicURL": "http://10.0.2.15:9696/"}], "endpoints_links": [], "type": "network", "name": "neutron"}, {"endpoints": [{"adminURL": "http://10.0.2.15:9292", "region": "RegionOne", "internalURL": "http://10.0.2.15:9292", "id": "360afe06dfda46c188e7393f7b69d941", "publicURL": "http://10.0.2.15:9292"}], "endpoints_links": [], "type": "image", "name": "glance"}, {"endpoints": [{"adminURL": "http://10.0.2.15:8774/v2/4a09c67b184b4479b831ac0efcba9e5f", "region": "RegionOne", "internalURL": "http://10.0.2.15:8774/v2/4a09c67b184b4479b831ac0efcba9e5f", "id": "635f22a9e2f0440a8c6bc673e584310a", "publicURL": "http://10.0.2.15:8774/v2/4a09c67b184b4479b831ac0efcba9e5f"}], "endpoints_links": [], "type": "compute_legacy", "name": "nova_legacy"}, {"endpoints": [{"adminURL": "http://10.0.2.15:8773/", "region": "RegionOne", "internalURL": "http://10.0.2.15:8773/", "id": "00f7a9b4a30e4e10b7700a5d5ffa5563", "publicURL": "http://10.0.2.15:8773/"}], "endpoints_links": [], "type": "ec2", "name": "ec2"}, {"endpoints": [{"adminURL": "http://10.0.2.15:35357/v2.0", "region": "RegionOne", "internalURL": "http://10.0.2.15:5000/v2.0", "id": "6b3dac3a2caa4c448e4d336df2fb44b7", "publicURL": "http://10.0.2.15:5000/v2.0"}], "endpoints_links": [], "type": "identity", "name": "keystone"}], "user": {"username": "tempest-TestNetworkBasicOps-1456882460", "roles_links": [], "id": "b1a3341e986d45e49af03f883eac1e8c", "roles": [{"name": "Member"}, {"name": "_member_"}], "name": "tempest-TestNetworkBasicOps-1456882460"}, "metadata": {"is_admin": 0, "roles": ["c5fd651f012a43798427fbe17eb36904", "9fe2ff9ee4384b1894a90878d3e92bab"]}}}
2015-12-15 11:34:29,487 24084 DEBUG    [tempest.common.fixed_network] (TestNetworkBasicOps:test_connectivity_between_vms_on_different_networks) No valid network provided or created, defaulting to fixed_network_name
2015-12-15 11:34:29,793 24084 INFO     [tempest_lib.common.rest_client] Request (TestNetworkBasicOps:test_connectivity_between_vms_on_different_networks): 200 GET http://10.0.2.15:8774/v2.1/4a09c67b184b4479b831ac0efcba9e5f/os-networks 0.306s
2015-12-15 11:34:29,794 24084 DEBUG    [tempest_lib.common.rest_client] Request - Headers: {'Content-Type': 'application/json', 'Accept': 'application/json', 'X-Auth-Token': '&lt;omitted&gt;'}
        Body: None
    Response - Headers: {'status': '200', 'content-length': '478', 'content-location': 'http://10.0.2.15:8774/v2.1/4a09c67b184b4479b831ac0efcba9e5f/os-networks', 'x-compute-request-id': 'req-6cc80c3b-ee7a-491f-b319-bf2975fba2ca', 'vary': 'X-OpenStack-Nova-API-Version', 'connection': 'close', 'x-openstack-nova-api-version': '2.1', 'date': 'Tue, 15 Dec 2015 11:34:29 GMT', 'content-type': 'application/json'}
        Body: {"networks": [{"cidr_v6": null, "dns2": null, "dns1": null, "gateway": null, "broadcast": null, "netmask": null, "gateway_v6": null, "cidr": null, "label": "public", "id": "78423c88-2cf5-408b-9182-2027fefff475", "netmask_v6": null}, {"cidr_v6": null, "dns2": null, "dns1": null, "gateway": null, "broadcast": null, "netmask": null, "gateway_v6": null, "cidr": null, "label": "tempest-network-smoke--489771572", "id": "f5d09550-f5a2-45a0-a576-5c536572d45f", "netmask_v6": null}]}
2015-12-15 11:34:29,794 24084 WARNING  [tempest.common.fixed_network] (TestNetworkBasicOps:test_connectivity_between_vms_on_different_networks) Network with name: private not found
2015-12-15 11:34:29,795 24084 INFO     [tempest.common.fixed_network] (TestNetworkBasicOps:test_connectivity_between_vms_on_different_networks) Found network {} available for tenant
2015-12-15 11:34:30,709 24084 INFO     [tempest_lib.common.rest_client] Request (TestNetworkBasicOps:test_connectivity_between_vms_on_different_networks): 202 POST http://10.0.2.15:8774/v2.1/4a09c67b184b4479b831ac0efcba9e5f/servers 0.913s
2015-12-15 11:34:30,710 24084 DEBUG    [tempest_lib.common.rest_client] Request - Headers: {'Content-Type': 'application/json', 'Accept': 'application/json', 'X-Auth-Token': '&lt;omitted&gt;'}
        Body: {"server": {"name": "tempest.common.compute-instance-195485565", "imageRef": "2c0c0d70-59a8-4115-853e-c548c7f9e7c5", "key_name": "tempest-TestNetworkBasicOps-1582551825", "flavorRef": "42", "networks": [{"uuid": "f5d09550-f5a2-45a0-a576-5c536572d45f"}], "security_groups": [{"name": "tempest-secgroup-smoke-1790191278"}]}}
    Response - Headers: {'status': '202', 'content-length': '462', 'x-compute-request-id': 'req-8cb74bda-e930-4059-85b4-7e158589aded', 'vary': 'X-OpenStack-Nova-API-Version', 'connection': 'close', 'location': 'http://10.0.2.15:8774/v2.1/4a09c67b184b4479b831ac0efcba9e5f/servers/038e0e6e-317f-48dc-9e6c-d6477a88d950', 'x-openstack-nova-api-version': '2.1', 'date': 'Tue, 15 Dec 2015 11:34:30 GMT', 'content-type': 'application/json'}
        Body: {"server": {"security_groups": [{"name": "tempest-secgroup-smoke-1790191278"}], "OS-DCF:diskConfig": "MANUAL", "id": "038e0e6e-317f-48dc-9e6c-d6477a88d950", "links": [{"href": "http://10.0.2.15:8774/v2.1/4a09c67b184b4479b831ac0efcba9e5f/servers/038e0e6e-317f-48dc-9e6c-d6477a88d950", "rel": "self"}, {"href": "http://10.0.2.15:8774/4a09c67b184b4479b831ac0efcba9e5f/servers/038e0e6e-317f-48dc-9e6c-d6477a88d950", "rel": "bookmark"}], "adminPass": "gnGTinn7JMUp"}}
2015-12-15 11:34:30,875 24084 INFO     [tempest_lib.common.rest_client] Request (TestNetworkBasicOps:test_connectivity_between_vms_on_different_networks): 200 GET http://10.0.2.15:8774/v2.1/4a09c67b184b4479b831ac0efcba9e5f/servers/038e0e6e-317f-48dc-9e6c-d6477a88d950 0.161s
2015-12-15 11:34:30,875 24084 DEBUG    [tempest_lib.common.rest_client] Request - Headers: {'Content-Type': 'application/json', 'Accept': 'application/json', 'X-Auth-Token': '&lt;omitted&gt;'}
        Body: None
    Response - Headers: {'status': '200', 'content-length': '1355', 'content-location': 'http://10.0.2.15:8774/v2.1/4a09c67b184b4479b831ac0efcba9e5f/servers/038e0e6e-317f-48dc-9e6c-d6477a88d950', 'x-compute-request-id': 'req-9647e221-917c-41b0-8c26-0b8a377634ad', 'vary': 'X-OpenStack-Nova-API-Version', 'connection': 'close', 'x-openstack-nova-api-version': '2.1', 'date': 'Tue, 15 Dec 2015 11:34:30 GMT', 'content-type': 'application/json'}
        Body: {"server": {"status": "BUILD", "updated": "2015-12-15T11:34:30Z", "hostId": "", "addresses": {}, "links": [{"href": "http://10.0.2.15:8774/v2.1/4a09c67b184b4479b831ac0efcba9e5f/servers/038e0e6e-317f-48dc-9e6c-d6477a88d950", "rel": "self"}, {"href": "http://10.0.2.15:8774/4a09c67b184b4479b831ac0efcba9e5f/servers/038e0e6e-317f-48dc-9e6c-d6477a88d950", "rel": "bookmark"}], "key_name": "tempest-TestNetworkBasicOps-1582551825", "image": {"id": "2c0c0d70-59a8-4115-853e-c548c7f9e7c5", "links": [{"href": "http://10.0.2.15:8774/4a09c67b184b4479b831ac0efcba9e5f/images/2c0c0d70-59a8-4115-853e-c548c7f9e7c5", "rel": "bookmark"}]}, "OS-EXT-STS:task_state": "scheduling", "OS-EXT-STS:vm_state": "building", "OS-SRV-USG:launched_at": null, "flavor": {"id": "42", "links": [{"href": "http://10.0.2.15:8774/4a09c67b184b4479b831ac0efcba9e5f/flavors/42", "rel": "bookmark"}]}, "id": "038e0e6e-317f-48dc-9e6c-d6477a88d950", "OS-SRV-USG:terminated_at": null, "OS-EXT-AZ:availability_zone": "", "user_id": "b1a3341e986d45e49af03f883eac1e8c", "name": "tempest.common.compute-instance-195485565", "created": "2015-12-15T11:34:30Z", "tenant_id": "4a09c67b184b4479b831ac0efcba9e5f", "OS-DCF:diskConfig": "MANUAL", "os-extended-volumes:volumes_attached": [], "accessIPv4": "", "accessIPv6": "", "progress": 0, "OS-EXT-STS:power_state": 0, "config_drive": "", "metadata": {}}}
2015-12-15 11:34:32,273 24084 INFO     [tempest_lib.common.rest_client] Request (TestNetworkBasicOps:test_connectivity_between_vms_on_different_networks): 200 GET http://10.0.2.15:8774/v2.1/4a09c67b184b4479b831ac0efcba9e5f/servers/038e0e6e-317f-48dc-9e6c-d6477a88d950 0.388s
2015-12-15 11:34:32,273 24084 DEBUG    [tempest_lib.common.rest_client] Request - Headers: {'Content-Type': 'application/json', 'Accept': 'application/json', 'X-Auth-Token': '&lt;omitted&gt;'}
        Body: None
    Response - Headers: {'status': '200', 'content-length': '1481', 'content-location': 'http://10.0.2.15:8774/v2.1/4a09c67b184b4479b831ac0efcba9e5f/servers/038e0e6e-317f-48dc-9e6c-d6477a88d950', 'x-compute-request-id': 'req-b991bb1a-7946-4f5d-a156-90cbbe3e2207', 'vary': 'X-OpenStack-Nova-API-Version', 'connection': 'close', 'x-openstack-nova-api-version': '2.1', 'date': 'Tue, 15 Dec 2015 11:34:32 GMT', 'content-type': 'application/json'}
        Body: {"server": {"status": "BUILD", "updated": "2015-12-15T11:34:31Z", "hostId": "95743d03bbd421868c1481f2d32e5452e61aa713823a06433119c5f7", "addresses": {}, "links": [{"href": "http://10.0.2.15:8774/v2.1/4a09c67b184b4479b831ac0efcba9e5f/servers/038e0e6e-317f-48dc-9e6c-d6477a88d950", "rel": "self"}, {"href": "http://10.0.2.15:8774/4a09c67b184b4479b831ac0efcba9e5f/servers/038e0e6e-317f-48dc-9e6c-d6477a88d950", "rel": "bookmark"}], "key_name": "tempest-TestNetworkBasicOps-1582551825", "image": {"id": "2c0c0d70-59a8-4115-853e-c548c7f9e7c5", "links": [{"href": "http://10.0.2.15:8774/4a09c67b184b4479b831ac0efcba9e5f/images/2c0c0d70-59a8-4115-853e-c548c7f9e7c5", "rel": "bookmark"}]}, "OS-EXT-STS:task_state": "spawning", "OS-EXT-STS:vm_state": "building", "OS-SRV-USG:launched_at": null, "flavor": {"id": "42", "links": [{"href": "http://10.0.2.15:8774/4a09c67b184b4479b831ac0efcba9e5f/flavors/42", "rel": "bookmark"}]}, "id": "038e0e6e-317f-48dc-9e6c-d6477a88d950", "security_groups": [{"name": "tempest-secgroup-smoke-1790191278"}], "OS-SRV-USG:terminated_at": null, "OS-EXT-AZ:availability_zone": "nova", "user_id": "b1a3341e986d45e49af03f883eac1e8c", "name": "tempest.common.compute-instance-195485565", "created": "2015-12-15T11:34:30Z", "tenant_id": "4a09c67b184b4479b831ac0efcba9e5f", "OS-DCF:diskConfig": "MANUAL", "os-extended-volumes:volumes_attached": [], "accessIPv4": "", "accessIPv6": "", "progress": 0, "OS-EXT-STS:power_state": 0, "config_drive": "", "metadata": {}}}
2015-12-15 11:34:32,282 24084 INFO     [tempest.common.waiters] State transition "BUILD/scheduling" ==&gt; "BUILD/spawning" after 2 second wait
2015-12-15 11:34:33,495 24084 INFO     [tempest_lib.common.rest_client] Request (TestNetworkBasicOps:test_connectivity_between_vms_on_different_networks): 200 GET http://10.0.2.15:8774/v2.1/4a09c67b184b4479b831ac0efcba9e5f/servers/038e0e6e-317f-48dc-9e6c-d6477a88d950 0.212s
2015-12-15 11:34:33,495 24084 DEBUG    [tempest_lib.common.rest_client] Request - Headers: {'Content-Type': 'application/json', 'Accept': 'application/json', 'X-Auth-Token': '&lt;omitted&gt;'}
        Body: None
    Response - Headers: {'status': '200', 'content-length': '1481', 'content-location': 'http://10.0.2.15:8774/v2.1/4a09c67b184b4479b831ac0efcba9e5f/servers/038e0e6e-317f-48dc-9e6c-d6477a88d950', 'x-compute-request-id': 'req-5d8b9534-505a-4eed-828a-be2911400281', 'vary': 'X-OpenStack-Nova-API-Version', 'connection': 'close', 'x-openstack-nova-api-version': '2.1', 'date': 'Tue, 15 Dec 2015 11:34:33 GMT', 'content-type': 'application/json'}
        Body: {"server": {"status": "BUILD", "updated": "2015-12-15T11:34:31Z", "hostId": "95743d03bbd421868c1481f2d32e5452e61aa713823a06433119c5f7", "addresses": {}, "links": [{"href": "http://10.0.2.15:8774/v2.1/4a09c67b184b4479b831ac0efcba9e5f/servers/038e0e6e-317f-48dc-9e6c-d6477a88d950", "rel": "self"}, {"href": "http://10.0.2.15:8774/4a09c67b184b4479b831ac0efcba9e5f/servers/038e0e6e-317f-48dc-9e6c-d6477a88d950", "rel": "bookmark"}], "key_name": "tempest-TestNetworkBasicOps-1582551825", "image": {"id": "2c0c0d70-59a8-4115-853e-c548c7f9e7c5", "links": [{"href": "http://10.0.2.15:8774/4a09c67b184b4479b831ac0efcba9e5f/images/2c0c0d70-59a8-4115-853e-c548c7f9e7c5", "rel": "bookmark"}]}, "OS-EXT-STS:task_state": "spawning", "OS-EXT-STS:vm_state": "building", "OS-SRV-USG:launched_at": null, "flavor": {"id": "42", "links": [{"href": "http://10.0.2.15:8774/4a09c67b184b4479b831ac0efcba9e5f/flavors/42", "rel": "bookmark"}]}, "id": "038e0e6e-317f-48dc-9e6c-d6477a88d950", "security_groups": [{"name": "tempest-secgroup-smoke-1790191278"}], "OS-SRV-USG:terminated_at": null, "OS-EXT-AZ:availability_zone": "nova", "user_id": "b1a3341e986d45e49af03f883eac1e8c", "name": "tempest.common.compute-instance-195485565", "created": "2015-12-15T11:34:30Z", "tenant_id": "4a09c67b184b4479b831ac0efcba9e5f", "OS-DCF:diskConfig": "MANUAL", "os-extended-volumes:volumes_attached": [], "accessIPv4": "", "accessIPv6": "", "progress": 0, "OS-EXT-STS:power_state": 0, "config_drive": "", "metadata": {}}}
2015-12-15 11:34:34,753 24084 INFO     [tempest_lib.common.rest_client] Request (TestNetworkBasicOps:test_connectivity_between_vms_on_different_networks): 200 GET http://10.0.2.15:8774/v2.1/4a09c67b184b4479b831ac0efcba9e5f/servers/038e0e6e-317f-48dc-9e6c-d6477a88d950 0.247s
2015-12-15 11:34:34,754 24084 DEBUG    [tempest_lib.common.rest_client] Request - Headers: {'Content-Type': 'application/json', 'Accept': 'application/json', 'X-Auth-Token': '&lt;omitted&gt;'}
        Body: None
    Response - Headers: {'status': '200', 'content-length': '1481', 'content-location': 'http://10.0.2.15:8774/v2.1/4a09c67b184b4479b831ac0efcba9e5f/servers/038e0e6e-317f-48dc-9e6c-d6477a88d950', 'x-compute-request-id': 'req-3700631d-07e7-4c39-ab43-2ba97edc8dd2', 'vary': 'X-OpenStack-Nova-API-Version', 'connection': 'close', 'x-openstack-nova-api-version': '2.1', 'date': 'Tue, 15 Dec 2015 11:34:34 GMT', 'content-type': 'application/json'}
        Body: {"server": {"status": "BUILD", "updated": "2015-12-15T11:34:31Z", "hostId": "95743d03bbd421868c1481f2d32e5452e61aa713823a06433119c5f7", "addresses": {}, "links": [{"href": "http://10.0.2.15:8774/v2.1/4a09c67b184b4479b831ac0efcba9e5f/servers/038e0e6e-317f-48dc-9e6c-d6477a88d950", "rel": "self"}, {"href": "http://10.0.2.15:8774/4a09c67b184b4479b831ac0efcba9e5f/servers/038e0e6e-317f-48dc-9e6c-d6477a88d950", "rel": "bookmark"}], "key_name": "tempest-TestNetworkBasicOps-1582551825", "image": {"id": "2c0c0d70-59a8-4115-853e-c548c7f9e7c5", "links": [{"href": "http://10.0.2.15:8774/4a09c67b184b4479b831ac0efcba9e5f/images/2c0c0d70-59a8-4115-853e-c548c7f9e7c5", "rel": "bookmark"}]}, "OS-EXT-STS:task_state": "spawning", "OS-EXT-STS:vm_state": "building", "OS-SRV-USG:launched_at": null, "flavor": {"id": "42", "links": [{"href": "http://10.0.2.15:8774/4a09c67b184b4479b831ac0efcba9e5f/flavors/42", "rel": "bookmark"}]}, "id": "038e0e6e-317f-48dc-9e6c-d6477a88d950", "security_groups": [{"name": "tempest-secgroup-smoke-1790191278"}], "OS-SRV-USG:terminated_at": null, "OS-EXT-AZ:availability_zone": "nova", "user_id": "b1a3341e986d45e49af03f883eac1e8c", "name": "tempest.common.compute-instance-195485565", "created": "2015-12-15T11:34:30Z", "tenant_id": "4a09c67b184b4479b831ac0efcba9e5f", "OS-DCF:diskConfig": "MANUAL", "os-extended-volumes:volumes_attached": [], "accessIPv4": "", "accessIPv6": "", "progress": 0, "OS-EXT-STS:power_state": 0, "config_drive": "", "metadata": {}}}
2015-12-15 11:34:36,049 24084 INFO     [tempest_lib.common.rest_client] Request (TestNetworkBasicOps:test_connectivity_between_vms_on_different_networks): 200 GET http://10.0.2.15:8774/v2.1/4a09c67b184b4479b831ac0efcba9e5f/servers/038e0e6e-317f-48dc-9e6c-d6477a88d950 0.284s
2015-12-15 11:34:36,049 24084 DEBUG    [tempest_lib.common.rest_client] Request - Headers: {'Content-Type': 'application/json', 'Accept': 'application/json', 'X-Auth-Token': '&lt;omitted&gt;'}
        Body: None
    Response - Headers: {'status': '200', 'content-length': '1652', 'content-location': 'http://10.0.2.15:8774/v2.1/4a09c67b184b4479b831ac0efcba9e5f/servers/038e0e6e-317f-48dc-9e6c-d6477a88d950', 'x-compute-request-id': 'req-98c24e18-5210-49c4-b76b-06cbf71b07df', 'vary': 'X-OpenStack-Nova-API-Version', 'connection': 'close', 'x-openstack-nova-api-version': '2.1', 'date': 'Tue, 15 Dec 2015 11:34:36 GMT', 'content-type': 'application/json'}
        Body: {"server": {"status": "ACTIVE", "updated": "2015-12-15T11:34:34Z", "hostId": "95743d03bbd421868c1481f2d32e5452e61aa713823a06433119c5f7", "addresses": {"tempest-network-smoke--489771572": [{"OS-EXT-IPS-MAC:mac_addr": "fa:16:3e:d2:c8:de", "version": 4, "addr": "10.100.0.3", "OS-EXT-IPS:type": "fixed"}]}, "links": [{"href": "http://10.0.2.15:8774/v2.1/4a09c67b184b4479b831ac0efcba9e5f/servers/038e0e6e-317f-48dc-9e6c-d6477a88d950", "rel": "self"}, {"href": "http://10.0.2.15:8774/4a09c67b184b4479b831ac0efcba9e5f/servers/038e0e6e-317f-48dc-9e6c-d6477a88d950", "rel": "bookmark"}], "key_name": "tempest-TestNetworkBasicOps-1582551825", "image": {"id": "2c0c0d70-59a8-4115-853e-c548c7f9e7c5", "links": [{"href": "http://10.0.2.15:8774/4a09c67b184b4479b831ac0efcba9e5f/images/2c0c0d70-59a8-4115-853e-c548c7f9e7c5", "rel": "bookmark"}]}, "OS-EXT-STS:task_state": null, "OS-EXT-STS:vm_state": "active", "OS-SRV-USG:launched_at": "2015-12-15T11:34:34.000000", "flavor": {"id": "42", "links": [{"href": "http://10.0.2.15:8774/4a09c67b184b4479b831ac0efcba9e5f/flavors/42", "rel": "bookmark"}]}, "id": "038e0e6e-317f-48dc-9e6c-d6477a88d950", "security_groups": [{"name": "tempest-secgroup-smoke-1790191278"}], "OS-SRV-USG:terminated_at": null, "OS-EXT-AZ:availability_zone": "nova", "user_id": "b1a3341e986d45e49af03f883eac1e8c", "name": "tempest.common.compute-instance-195485565", "created": "2015-12-15T11:34:30Z", "tenant_id": "4a09c67b184b4479b831ac0efcba9e5f", "OS-DCF:diskConfig": "MANUAL", "os-extended-volumes:volumes_attached": [], "accessIPv4": "", "accessIPv6": "", "progress": 0, "OS-EXT-STS:power_state": 1, "config_drive": "True", "metadata": {}}}
2015-12-15 11:34:36,058 24084 INFO     [tempest.common.waiters] State transition "BUILD/spawning" ==&gt; "ACTIVE/None" after 6 second wait
2015-12-15 11:34:36,235 24084 INFO     [tempest_lib.common.rest_client] Request (TestNetworkBasicOps:test_connectivity_between_vms_on_different_networks): 200 GET http://10.0.2.15:8774/v2.1/4a09c67b184b4479b831ac0efcba9e5f/servers/038e0e6e-317f-48dc-9e6c-d6477a88d950 0.176s
2015-12-15 11:34:36,235 24084 DEBUG    [tempest_lib.common.rest_client] Request - Headers: {'Content-Type': 'application/json', 'Accept': 'application/json', 'X-Auth-Token': '&lt;omitted&gt;'}
        Body: None
    Response - Headers: {'status': '200', 'content-length': '1652', 'content-location': 'http://10.0.2.15:8774/v2.1/4a09c67b184b4479b831ac0efcba9e5f/servers/038e0e6e-317f-48dc-9e6c-d6477a88d950', 'x-compute-request-id': 'req-526107c2-e7a9-4f50-b78f-2ad66588ff0d', 'vary': 'X-OpenStack-Nova-API-Version', 'connection': 'close', 'x-openstack-nova-api-version': '2.1', 'date': 'Tue, 15 Dec 2015 11:34:36 GMT', 'content-type': 'application/json'}
        Body: {"server": {"status": "ACTIVE", "updated": "2015-12-15T11:34:34Z", "hostId": "95743d03bbd421868c1481f2d32e5452e61aa713823a06433119c5f7", "addresses": {"tempest-network-smoke--489771572": [{"OS-EXT-IPS-MAC:mac_addr": "fa:16:3e:d2:c8:de", "version": 4, "addr": "10.100.0.3", "OS-EXT-IPS:type": "fixed"}]}, "links": [{"href": "http://10.0.2.15:8774/v2.1/4a09c67b184b4479b831ac0efcba9e5f/servers/038e0e6e-317f-48dc-9e6c-d6477a88d950", "rel": "self"}, {"href": "http://10.0.2.15:8774/4a09c67b184b4479b831ac0efcba9e5f/servers/038e0e6e-317f-48dc-9e6c-d6477a88d950", "rel": "bookmark"}], "key_name": "tempest-TestNetworkBasicOps-1582551825", "image": {"id": "2c0c0d70-59a8-4115-853e-c548c7f9e7c5", "links": [{"href": "http://10.0.2.15:8774/4a09c67b184b4479b831ac0efcba9e5f/images/2c0c0d70-59a8-4115-853e-c548c7f9e7c5", "rel": "bookmark"}]}, "OS-EXT-STS:task_state": null, "OS-EXT-STS:vm_state": "active", "OS-SRV-USG:launched_at": "2015-12-15T11:34:34.000000", "flavor": {"id": "42", "links": [{"href": "http://10.0.2.15:8774/4a09c67b184b4479b831ac0efcba9e5f/flavors/42", "rel": "bookmark"}]}, "id": "038e0e6e-317f-48dc-9e6c-d6477a88d950", "security_groups": [{"name": "tempest-secgroup-smoke-1790191278"}], "OS-SRV-USG:terminated_at": null, "OS-EXT-AZ:availability_zone": "nova", "user_id": "b1a3341e986d45e49af03f883eac1e8c", "name": "tempest.common.compute-instance-195485565", "created": "2015-12-15T11:34:30Z", "tenant_id": "4a09c67b184b4479b831ac0efcba9e5f", "OS-DCF:diskConfig": "MANUAL", "os-extended-volumes:volumes_attached": [], "accessIPv4": "", "accessIPv6": "", "progress": 0, "OS-EXT-STS:power_state": 1, "config_drive": "True", "metadata": {}}}
2015-12-15 11:34:36,244 24084 INFO     [tempest.scenario.manager] Tenant networks not configured to be reachable.
2015-12-15 11:34:36,273 24084 INFO     [tempest_lib.common.rest_client] Request (TestNetworkBasicOps:test_connectivity_between_vms_on_different_networks): 200 GET http://10.0.2.15:9696/v2.0/ports?status=ACTIVE&amp;fixed_ip=None&amp;device_id=038e0e6e-317f-48dc-9e6c-d6477a88d950 0.029s
2015-12-15 11:34:36,274 24084 DEBUG    [tempest_lib.common.rest_client] Request - Headers: {'Content-Type': 'application/json', 'Accept': 'application/json', 'X-Auth-Token': '&lt;omitted&gt;'}
        Body: None
    Response - Headers: {'status': '200', 'content-length': '895', 'content-location': 'http://10.0.2.15:9696/v2.0/ports?status=ACTIVE&amp;fixed_ip=None&amp;device_id=038e0e6e-317f-48dc-9e6c-d6477a88d950', 'connection': 'close', 'date': 'Tue, 15 Dec 2015 11:34:36 GMT', 'content-type': 'application/json; charset=UTF-8', 'x-openstack-request-id': 'req-f05ee663-10af-4065-8343-3bf1d8621f62'}
        Body: {"ports": [{"status": "ACTIVE", "binding:host_id": "vagrant-ubuntu-trusty-64", "allowed_address_pairs": [], "extra_dhcp_opts": [], "dns_assignment": [{"hostname": "host-10-100-0-3", "ip_address": "10.100.0.3", "fqdn": "host-10-100-0-3.openstacklocal."}], "device_owner": "compute:None", "port_security_enabled": true, "binding:profile": {}, "fixed_ips": [{"subnet_id": "4317e6a1-f022-49da-bd38-3facfd27cebd", "ip_address": "10.100.0.3"}], "id": "2bdce08b-1d47-44c5-97ab-40c7aa57e2b6", "security_groups": ["84d00214-b302-4bfa-beea-a9509a1e36c3"], "device_id": "038e0e6e-317f-48dc-9e6c-d6477a88d950", "name": "", "admin_state_up": true, "network_id": "f5d09550-f5a2-45a0-a576-5c536572d45f", "dns_name": "", "binding:vif_details": {"port_filter": true}, "binding:vnic_type": "normal", "binding:vif_type": "ovs", "tenant_id": "4a09c67b184b4479b831ac0efcba9e5f", "mac_address": "fa:16:3e:d2:c8:de"}]}
2015-12-15 11:34:36,687 24084 INFO     [tempest_lib.common.rest_client] Request (TestNetworkBasicOps:test_connectivity_between_vms_on_different_networks): 201 POST http://10.0.2.15:9696/v2.0/floatingips 0.412s
2015-12-15 11:34:36,687 24084 DEBUG    [tempest_lib.common.rest_client] Request - Headers: {'Content-Type': 'application/json', 'Accept': 'application/json', 'X-Auth-Token': '&lt;omitted&gt;'}
        Body: {"floatingip": {"floating_network_id": "78423c88-2cf5-408b-9182-2027fefff475", "tenant_id": "4a09c67b184b4479b831ac0efcba9e5f", "fixed_ip_address": "10.100.0.3", "port_id": "2bdce08b-1d47-44c5-97ab-40c7aa57e2b6"}}
    Response - Headers: {'status': '201', 'content-length': '367', 'connection': 'close', 'date': 'Tue, 15 Dec 2015 11:34:36 GMT', 'content-type': 'application/json; charset=UTF-8', 'x-openstack-request-id': 'req-6fec4ac6-a8ab-483e-97a7-bdc2fa410250'}
        Body: {"floatingip": {"floating_network_id": "78423c88-2cf5-408b-9182-2027fefff475", "router_id": "6a5174f0-368e-4205-96c3-ac00ff90b441", "fixed_ip_address": "10.100.0.3", "floating_ip_address": "172.24.4.4", "tenant_id": "4a09c67b184b4479b831ac0efcba9e5f", "status": "DOWN", "port_id": "2bdce08b-1d47-44c5-97ab-40c7aa57e2b6", "id": "cc1a83ee-a224-4c43-8e83-6973529b2cbf"}}
2015-12-15 11:34:36,699 24084 INFO     [tempest_lib.common.rest_client] Request (TestNetworkBasicOps:test_connectivity_between_vms_on_different_networks): 200 GET http://10.0.2.15:9696/v2.0/floatingips/cc1a83ee-a224-4c43-8e83-6973529b2cbf 0.011s
2015-12-15 11:34:36,700 24084 DEBUG    [tempest_lib.common.rest_client] Request - Headers: {'Content-Type': 'application/json', 'Accept': 'application/json', 'X-Auth-Token': '&lt;omitted&gt;'}
        Body: None
    Response - Headers: {'status': '200', 'content-length': '367', 'content-location': 'http://10.0.2.15:9696/v2.0/floatingips/cc1a83ee-a224-4c43-8e83-6973529b2cbf', 'connection': 'close', 'date': 'Tue, 15 Dec 2015 11:34:36 GMT', 'content-type': 'application/json; charset=UTF-8', 'x-openstack-request-id': 'req-27c06934-6142-434d-8567-70ee0b8d4b58'}
        Body: {"floatingip": {"floating_network_id": "78423c88-2cf5-408b-9182-2027fefff475", "router_id": "6a5174f0-368e-4205-96c3-ac00ff90b441", "fixed_ip_address": "10.100.0.3", "floating_ip_address": "172.24.4.4", "tenant_id": "4a09c67b184b4479b831ac0efcba9e5f", "status": "DOWN", "port_id": "2bdce08b-1d47-44c5-97ab-40c7aa57e2b6", "id": "cc1a83ee-a224-4c43-8e83-6973529b2cbf"}}
2015-12-15 11:34:37,713 24084 INFO     [tempest_lib.common.rest_client] Request (TestNetworkBasicOps:test_connectivity_between_vms_on_different_networks): 200 GET http://10.0.2.15:9696/v2.0/floatingips/cc1a83ee-a224-4c43-8e83-6973529b2cbf 0.011s
2015-12-15 11:34:37,713 24084 DEBUG    [tempest_lib.common.rest_client] Request - Headers: {'Content-Type': 'application/json', 'Accept': 'application/json', 'X-Auth-Token': '&lt;omitted&gt;'}
        Body: None
    Response - Headers: {'status': '200', 'content-length': '369', 'content-location': 'http://10.0.2.15:9696/v2.0/floatingips/cc1a83ee-a224-4c43-8e83-6973529b2cbf', 'connection': 'close', 'date': 'Tue, 15 Dec 2015 11:34:37 GMT', 'content-type': 'application/json; charset=UTF-8', 'x-openstack-request-id': 'req-4cce73ea-9611-42f7-bf13-c73cebb15e5c'}
        Body: {"floatingip": {"floating_network_id": "78423c88-2cf5-408b-9182-2027fefff475", "router_id": "6a5174f0-368e-4205-96c3-ac00ff90b441", "fixed_ip_address": "10.100.0.3", "floating_ip_address": "172.24.4.4", "tenant_id": "4a09c67b184b4479b831ac0efcba9e5f", "status": "ACTIVE", "port_id": "2bdce08b-1d47-44c5-97ab-40c7aa57e2b6", "id": "cc1a83ee-a224-4c43-8e83-6973529b2cbf"}}
2015-12-15 11:34:37,714 24084 INFO     [tempest.scenario.manager] FloatingIP: &lt;"FloatingIP" addr="172.24.4.4" id="cc1a83ee-a224-4c43-8e83-6973529b2cbf"&gt; is at status: ACTIVE
2015-12-15 11:34:37,714 24084 DEBUG    [tempest.scenario.manager] checking network connections to IP 172.24.4.4 with user: cirros
2015-12-15 11:34:37,715 24084 DEBUG    [tempest.scenario.manager] TestNetworkBasicOps:test_connectivity_between_vms_on_different_networks begins to ping 172.24.4.4 in 120 sec and the expected result is reachable
2015-12-15 11:36:38,007 24084 DEBUG    [tempest.scenario.manager] TestNetworkBasicOps:test_connectivity_between_vms_on_different_networks finishes ping 172.24.4.4 in 120 sec and the ping result is unexpected
2015-12-15 11:36:38,008 24084 ERROR    [tempest.scenario.manager] Public network connectivity check failed
2015-12-15 11:36:38.008 24084 ERROR tempest.scenario.manager Traceback (most recent call last):
2015-12-15 11:36:38.008 24084 ERROR tempest.scenario.manager   File "tempest/scenario/manager.py", line 606, in check_public_network_connectivity
2015-12-15 11:36:38.008 24084 ERROR tempest.scenario.manager     should_connect=should_connect)
2015-12-15 11:36:38.008 24084 ERROR tempest.scenario.manager   File "tempest/scenario/manager.py", line 590, in check_vm_connectivity
2015-12-15 11:36:38.008 24084 ERROR tempest.scenario.manager     msg=msg)
2015-12-15 11:36:38.008 24084 ERROR tempest.scenario.manager   File "/usr/local/lib/python2.7/dist-packages/unittest2/case.py", line 702, in assertTrue
2015-12-15 11:36:38.008 24084 ERROR tempest.scenario.manager     raise self.failureException(msg)
2015-12-15 11:36:38.008 24084 ERROR tempest.scenario.manager AssertionError: False is not true : Timed out waiting for 172.24.4.4 to become reachable
2015-12-15 11:36:38.008 24084 ERROR tempest.scenario.manager 
2015-12-15 11:36:38,216 24084 INFO     [tempest_lib.common.rest_client] Request (TestNetworkBasicOps:test_connectivity_between_vms_on_different_networks): 200 POST http://10.0.2.15:8774/v2.1/4a09c67b184b4479b831ac0efcba9e5f/servers/038e0e6e-317f-48dc-9e6c-d6477a88d950/action 0.203s
2015-12-15 11:36:38,217 24084 DEBUG    [tempest_lib.common.rest_client] Request - Headers: {'Content-Type': 'application/json', 'Accept': 'application/json', 'X-Auth-Token': '&lt;omitted&gt;'}
        Body: {"os-getConsoleOutput": {}}
    Response - Headers: {'status': '200', 'content-length': '17581', 'x-compute-request-id': 'req-762478ff-e415-441f-b3fb-4207f843fba1', 'vary': 'X-OpenStack-Nova-API-Version', 'connection': 'close', 'x-openstack-nova-api-version': '2.1', 'date': 'Tue, 15 Dec 2015 11:36:38 GMT', 'content-type': 'application/json'}
        Body: {"output": "[    0.000000] Initializing cgroup subsys cpuset\n[    0.000000] Initializing cgroup subsys cpu\n[    0.000000] Linux version 3.2.0-80-virtual (buildd@batsu) (gcc version 4.6.3 (Ubuntu/Linaro 4.6.3-1ubuntu5) ) #116-Ubuntu SMP Mon Mar 23 17:28:52 UTC 2015 (Ubuntu 3.2.0-80.116-virtual 3.2.68)\n[    0.000000] Command line: root=/dev/vda console=tty0 console=ttyS0 no_timer_check\n[    0.000000] KERNEL supported cpus:\n[    0.000000]   Intel GenuineIntel\n[    0.000000]   AMD AuthenticAMD\n[    0.000000]   Centaur CentaurHauls\n[    0.000000] BIOS-provided physical RAM map:\n[    0.000000]  BIOS-e820: 0000000000000000 - 000000000009fc00 (usable)\n[    0.000000]  BIOS-e820: 000000000009fc00 - 00000000000a0000 (reserved)\n[    0.000000]  BIOS-e820: 00000000000f0000 - 0000000000100000 (reserved)\n[    0.000000]  BIOS-e820: 0000000000100000 - 0000000003ffe000 (usable)\n[    0.000000]  BIOS-e820: 0000000003ffe000 - 0000000004000000 (reserved)\n[    0.000000]  BIOS-e820: 00000000fffc0000 - 0000000100000000 (reserved)\n[    0.000000] NX (Execute Disable) protection: active\n[    0.000000] SMBIOS 2.4 present.\n[    0.000000] No AGP bridge found\n[    0.000000] last_pfn = 0x3ffe max_arch_pfn = 0x400000000\n[    0.000000] x86 PAT enabled: cpu 0, old 0x7040600070406, new 0x7010600070106\n[    0.000000] found SMP MP-table at [ffff8800000f0b00] f0b00\n[    0.000000] init_memory_mapping: 0000000000000000-0000000003ffe000\n[    0.000000] RAMDISK: 03c5e000 - 03ff0000\n[    0.000000] ACPI: RSDP 00000000000f0950 00014 (v00 BOCHS )\n[    0.000000] ACPI: RSDT 0000000003fffbc1 00034 (v01 BOCHS  BXPCRSDT 00000001 BXPC 00000001)\n[    0.000000] ACPI: FACP 0000000003fff1c0 00074 (v01 BOCHS  BXPCFACP 00000001 BXPC 00000001)\n[    0.000000] ACPI: DSDT 0000000003ffe040 01180 (v01 BOCHS  BXPCDSDT 00000001 BXPC 00000001)\n[    0.000000] ACPI: FACS 0000000003ffe000 00040\n[    0.000000] ACPI: SSDT 0000000003fff234 008DD (v01 BOCHS  BXPCSSDT 00000001 BXPC 00000001)\n[    0.000000] ACPI: APIC 0000000003fffb11 00078 (v01 BOCHS  BXPCAPIC 00000001 BXPC 00000001)\n[    0.000000] ACPI: HPET 0000000003fffb89 00038 (v01 BOCHS  BXPCHPET 00000001 BXPC 00000001)\n[    0.000000] No NUMA configuration found\n[    0.000000] Faking a node at 0000000000000000-0000000003ffe000\n[    0.000000] Initmem setup node 0 0000000000000000-0000000003ffe000\n[    0.000000]   NODE_DATA [0000000003ff6000 - 0000000003ffafff]\n[    0.000000] Zone PFN ranges:\n[    0.000000]   DMA      0x00000010 -&gt; 0x00001000\n[    0.000000]   DMA32    0x00001000 -&gt; 0x00100000\n[    0.000000]   Normal   empty\n[    0.000000] Movable zone start PFN for each node\n[    0.000000] early_node_map[2] active PFN ranges\n[    0.000000]     0: 0x00000010 -&gt; 0x0000009f\n[    0.000000]     0: 0x00000100 -&gt; 0x00003ffe\n[    0.000000] ACPI: PM-Timer IO Port: 0xb008\n[    0.000000] ACPI: LAPIC (acpi_id[0x00] lapic_id[0x00] enabled)\n[    0.000000] ACPI: LAPIC_NMI (acpi_id[0xff] dfl dfl lint[0x1])\n[    0.000000] ACPI: IOAPIC (id[0x00] address[0xfec00000] gsi_base[0])\n[    0.000000] IOAPIC[0]: apic_id 0, version 17, address 0xfec00000, GSI 0-23\n[    0.000000] ACPI: INT_SRC_OVR (bus 0 bus_irq 0 global_irq 2 dfl dfl)\n[    0.000000] ACPI: INT_SRC_OVR (bus 0 bus_irq 5 global_irq 5 high level)\n[    0.000000] ACPI: INT_SRC_OVR (bus 0 bus_irq 9 global_irq 9 high level)\n[    0.000000] ACPI: INT_SRC_OVR (bus 0 bus_irq 10 global_irq 10 high level)\n[    0.000000] ACPI: INT_SRC_OVR (bus 0 bus_irq 11 global_irq 11 high level)\n[    0.000000] Using ACPI (MADT) for SMP configuration information\n[    0.000000] ACPI: HPET id: 0x8086a201 base: 0xfed00000\n[    0.000000] SMP: Allowing 1 CPUs, 0 hotplug CPUs\n[    0.000000] PM: Registered nosave memory: 000000000009f000 - 00000000000a0000\n[    0.000000] PM: Registered nosave memory: 00000000000a0000 - 00000000000f0000\n[    0.000000] PM: Registered nosave memory: 00000000000f0000 - 0000000000100000\n[    0.000000] Allocating PCI resources starting at 4000000 (gap: 4000000:fbfc0000)\n[    0.000000] Booting paravirtualized kernel on bare hardware\n[    0.000000] setup_pe
2015-12-15 11:36:38,221 24084 DEBUG    [tempest.scenario.manager] Console output for 038e0e6e-317f-48dc-9e6c-d6477a88d950
body=
[    0.000000] Initializing cgroup subsys cpuset
[    0.000000] Initializing cgroup subsys cpu
[    0.000000] Linux version 3.2.0-80-virtual (buildd@batsu) (gcc version 4.6.3 (Ubuntu/Linaro 4.6.3-1ubuntu5) ) #116-Ubuntu SMP Mon Mar 23 17:28:52 UTC 2015 (Ubuntu 3.2.0-80.116-virtual 3.2.68)
[    0.000000] Command line: root=/dev/vda console=tty0 console=ttyS0 no_timer_check
[    0.000000] KERNEL supported cpus:
[    0.000000]   Intel GenuineIntel
[    0.000000]   AMD AuthenticAMD
[    0.000000]   Centaur CentaurHauls
[    0.000000] BIOS-provided physical RAM map:
[    0.000000]  BIOS-e820: 0000000000000000 - 000000000009fc00 (usable)
[    0.000000]  BIOS-e820: 000000000009fc00 - 00000000000a0000 (reserved)
[    0.000000]  BIOS-e820: 00000000000f0000 - 0000000000100000 (reserved)
[    0.000000]  BIOS-e820: 0000000000100000 - 0000000003ffe000 (usable)
[    0.000000]  BIOS-e820: 0000000003ffe000 - 0000000004000000 (reserved)
[    0.000000]  BIOS-e820: 00000000fffc0000 - 0000000100000000 (reserved)
[    0.000000] NX (Execute Disable) protection: active
[    0.000000] SMBIOS 2.4 present.
[    0.000000] No AGP bridge found
[    0.000000] last_pfn = 0x3ffe max_arch_pfn = 0x400000000
[    0.000000] x86 PAT enabled: cpu 0, old 0x7040600070406, new 0x7010600070106
[    0.000000] found SMP MP-table at [ffff8800000f0b00] f0b00
[    0.000000] init_memory_mapping: 0000000000000000-0000000003ffe000
[    0.000000] RAMDISK: 03c5e000 - 03ff0000
[    0.000000] ACPI: RSDP 00000000000f0950 00014 (v00 BOCHS )
[    0.000000] ACPI: RSDT 0000000003fffbc1 00034 (v01 BOCHS  BXPCRSDT 00000001 BXPC 00000001)
[    0.000000] ACPI: FACP 0000000003fff1c0 00074 (v01 BOCHS  BXPCFACP 00000001 BXPC 00000001)
[    0.000000] ACPI: DSDT 0000000003ffe040 01180 (v01 BOCHS  BXPCDSDT 00000001 BXPC 00000001)
[    0.000000] ACPI: FACS 0000000003ffe000 00040
[    0.000000] ACPI: SSDT 0000000003fff234 008DD (v01 BOCHS  BXPCSSDT 00000001 BXPC 00000001)
[    0.000000] ACPI: APIC 0000000003fffb11 00078 (v01 BOCHS  BXPCAPIC 00000001 BXPC 00000001)
[    0.000000] ACPI: HPET 0000000003fffb89 00038 (v01 BOCHS  BXPCHPET 00000001 BXPC 00000001)
[    0.000000] No NUMA configuration found
[    0.000000] Faking a node at 0000000000000000-0000000003ffe000
[    0.000000] Initmem setup node 0 0000000000000000-0000000003ffe000
[    0.000000]   NODE_DATA [0000000003ff6000 - 0000000003ffafff]
[    0.000000] Zone PFN ranges:
[    0.000000]   DMA      0x00000010 -&gt; 0x00001000
[    0.000000]   DMA32    0x00001000 -&gt; 0x00100000
[    0.000000]   Normal   empty
[    0.000000] Movable zone start PFN for each node
[    0.000000] early_node_map[2] active PFN ranges
[    0.000000]     0: 0x00000010 -&gt; 0x0000009f
[    0.000000]     0: 0x00000100 -&gt; 0x00003ffe
[    0.000000] ACPI: PM-Timer IO Port: 0xb008
[    0.000000] ACPI: LAPIC (acpi_id[0x00] lapic_id[0x00] enabled)
[    0.000000] ACPI: LAPIC_NMI (acpi_id[0xff] dfl dfl lint[0x1])
[    0.000000] ACPI: IOAPIC (id[0x00] address[0xfec00000] gsi_base[0])
[    0.000000] IOAPIC[0]: apic_id 0, version 17, address 0xfec00000, GSI 0-23
[    0.000000] ACPI: INT_SRC_OVR (bus 0 bus_irq 0 global_irq 2 dfl dfl)
[    0.000000] ACPI: INT_SRC_OVR (bus 0 bus_irq 5 global_irq 5 high level)
[    0.000000] ACPI: INT_SRC_OVR (bus 0 bus_irq 9 global_irq 9 high level)
[    0.000000] ACPI: INT_SRC_OVR (bus 0 bus_irq 10 global_irq 10 high level)
[    0.000000] ACPI: INT_SRC_OVR (bus 0 bus_irq 11 global_irq 11 high level)
[    0.000000] Using ACPI (MADT) for SMP configuration information
[    0.000000] ACPI: HPET id: 0x8086a201 base: 0xfed00000
[    0.000000] SMP: Allowing 1 CPUs, 0 hotplug CPUs
[    0.000000] PM: Registered nosave memory: 000000000009f000 - 00000000000a0000
[    0.000000] PM: Registered nosave memory: 00000000000a0000 - 00000000000f0000
[    0.000000] PM: Registered nosave memory: 00000000000f0000 - 0000000000100000
[    0.000000] Allocating PCI resources starting at 4000000 (gap: 4000000:fbfc0000)
[    0.000000] Booting paravirtualized kernel on bare hardware
[    0.000000] setup_percpu: NR_CPUS:64 nr_cpumask_bits:64 nr_cpu_ids:1 nr_node_ids:1
[    0.000000] PERCPU: Embedded 27 pages/cpu @ffff880003a00000 s78848 r8192 d23552 u2097152
[    0.000000] Built 1 zonelists in Node order, mobility grouping on.  Total pages: 16008
[    0.000000] Policy zone: DMA32
[    0.000000] Kernel command line: root=/dev/vda console=tty0 console=ttyS0 no_timer_check
[    0.000000] PID hash table entries: 256 (order: -1, 2048 bytes)
[    0.000000] Checking aperture...
[    0.000000] No AGP bridge found
[    0.000000] Memory: 43492k/65528k available (6576k kernel code, 452k absent, 21584k reserved, 6620k data, 928k init)
[    0.000000] SLUB: Genslabs=15, HWalign=64, Order=0-3, MinObjects=0, CPUs=1, Nodes=1
[    0.000000] Hierarchical RCU implementation.
[    0.000000] 	RCU dyntick-idle grace-period acceleration is enabled.
[    0.000000] NR_IRQS:4352 nr_irqs:256 16
[    0.000000] Console: colour VGA+ 80x25
[    0.000000] console [tty0] enabled
[    0.000000] console [ttyS0] enabled
[    0.000000] allocated 1048576 bytes of page_cgroup
[    0.000000] please try 'cgroup_disable=memory' option if you don't want memory cgroups
[    0.000000] Fast TSC calibration failed
[    0.000000] TSC: Unable to calibrate against PIT
[    0.000000] TSC: using HPET reference calibration
[    0.000000] Detected 2293.885 MHz processor.
[    0.033792] Calibrating delay loop (skipped), value calculated using timer frequency.. 4587.77 BogoMIPS (lpj=9175540)
[    0.038539] pid_max: default: 32768 minimum: 301
[    0.049546] Security Framework initialized
[    0.054671] AppArmor: AppArmor initialized
[    0.056109] Yama: becoming mindful.
[    0.062633] Dentry cache hash table entries: 8192 (order: 4, 65536 bytes)
[    0.064592] Inode-cache hash table entries: 4096 (order: 3, 32768 bytes)
[    0.066351] Mount-cache hash table entries: 256
[    0.082814] Initializing cgroup subsys cpuacct
[    0.084356] Initializing cgroup subsys memory
[    0.085646] Initializing cgroup subsys devices
[    0.086338] Initializing cgroup subsys freezer
[    0.088400] Initializing cgroup subsys blkio
[    0.089292] Initializing cgroup subsys perf_event
[    0.093968] mce: CPU supports 10 MCE banks
[    0.097334] SMP alternatives: switching to UP code
[    0.481940] Freeing SMP alternatives: 24k freed
[    0.484626] ACPI: Core revision 20110623
[    0.536555] ftrace: allocating 26610 entries in 105 pages
[    0.572035] ..TIMER: vector=0x30 apic1=0 pin1=2 apic2=-1 pin2=-1
[    0.572136] CPU0: AMD QEMU Virtual CPU version 2.0.0 stepping 03
[    0.580035] APIC calibration not consistent with PM-Timer: 98ms instead of 100ms
[    0.580035] APIC delta adjusted to PM-Timer: 6250044 (6162480)
[    0.580035] Performance Events: Broken PMU hardware detected, using software events only.
[    0.586947] NMI watchdog disabled (cpu0): hardware events not enabled
[    0.588778] Brought up 1 CPUs
[    0.589340] Total of 1 processors activated (4587.77 BogoMIPS).
[    0.616897] devtmpfs: initialized
[    0.656555] EVM: security.selinux
[    0.657110] EVM: security.SMACK64
[    0.657555] EVM: security.capability
[    0.678459] print_constraints: dummy: 
[    0.680751] RTC time: 11:34:38, date: 12/15/15
[    0.684247] NET: Registered protocol family 16
[    0.691287] ACPI: bus type pci registered
[    0.697431] PCI: Using configuration type 1 for base access
[    0.728842] bio: create slab &lt;bio-0&gt; at 0
[    0.733928] ACPI: Added _OSI(Module Device)
[    0.735364] ACPI: Added _OSI(Processor Device)
[    0.736336] ACPI: Added _OSI(3.0 _SCP Extensions)
[    0.737781] ACPI: Added _OSI(Processor Aggregator Device)
[    0.816529] ACPI: Interpreter enabled
[    0.817343] ACPI: (supports S0 S3 S4 S5)
[    0.819516] ACPI: Using IOAPIC for interrupt routing
[    0.892251] ACPI: No dock devices found.
[    0.892975] HEST: Table not found.
[    0.893667] PCI: Using host bridge windows from ACPI; if necessary, use "pci=nocrs" and report a bug
[    0.901743] ACPI: PCI Root Bridge [PCI0] (domain 0000 [bus 00-ff])
[    0.908839] pci_root PNP0A03:00: host bridge window [io  0x0000-0x0cf7]
[    0.909875] pci_root PNP0A03:00: host bridge window [io  0x0d00-0xadff]
[    0.911150] pci_root PNP0A03:00: host bridge window [io  0xae0f-0xaeff]
[    0.912127] pci_root PNP0A03:00: host bridge window [io  0xaf20-0xafdf]
[    0.912890] pci_root PNP0A03:00: host bridge window [io  0xafe4-0xffff]
[    0.914344] pci_root PNP0A03:00: host bridge window [mem 0x000a0000-0x000bffff]
[    0.916115] pci_root PNP0A03:00: host bridge window [mem 0x04000000-0xfebfffff]
[    0.939146] pci 0000:00:01.3: quirk: [io  0xb000-0xb03f] claimed by PIIX4 ACPI
[    0.940179] pci 0000:00:01.3: quirk: [io  0xb100-0xb10f] claimed by PIIX4 SMB
[    1.012342]  pci0000:00: Unable to request _OSC control (_OSC support mask: 0x1e)
[    1.075517] ACPI: PCI Interrupt Link [LNKA] (IRQs 5 *10 11)
[    1.077770] ACPI: PCI Interrupt Link [LNKB] (IRQs 5 *10 11)
[    1.080783] ACPI: PCI Interrupt Link [LNKC] (IRQs 5 10 *11)
[    1.082843] ACPI: PCI Interrupt Link [LNKD] (IRQs 5 10 *11)
[    1.084799] ACPI: PCI Interrupt Link [LNKS] (IRQs *9)
[    1.090932] vgaarb: device added: PCI:0000:00:02.0,decodes=io+mem,owns=io+mem,locks=none
[    1.092199] vgaarb: loaded
[    1.092600] vgaarb: bridge control possible 0000:00:02.0
[    1.098314] i2c-core: driver [aat2870] using legacy suspend method
[    1.100187] i2c-core: driver [aat2870] using legacy resume method
[    1.104717] SCSI subsystem initialized
[    1.110974] usbcore: registered new interface driver usbfs
[    1.112616] usbcore: registered new interface driver hub
[    1.114034] usbcore: registered new device driver usb
[    1.118930] PCI: Using ACPI for IRQ routing
[    1.129394] NetLabel: Initializing
[    1.130623] NetLabel:  domain hash size = 128
[    1.132134] NetLabel:  protocols = UNLABELED CIPSOv4
[    1.134031] NetLabel:  unlabeled traffic allowed by default
[    1.136730] HPET: 3 timers in total, 0 timers will be used for per-cpu timer
[    1.137885] hpet0: at MMIO 0xfed00000, IRQs 2, 8, 0
[    1.138793] hpet0: 3 comparators, 64-bit 100.000000 MHz counter
[    1.149914] Switching to clocksource hpet
[    1.425548] AppArmor: AppArmor Filesystem Enabled
[    1.427023] pnp: PnP ACPI init
[    1.427633] ACPI: bus type pnp registered
[    1.447904] pnp: PnP ACPI: found 9 devices
[    1.448937] ACPI: ACPI bus type pnp unregistered
[    1.504047] NET: Registered protocol family 2
[    1.537251] IP route cache hash table entries: 512 (order: 0, 4096 bytes)
[    1.545626] TCP established hash table entries: 2048 (order: 3, 32768 bytes)
[    1.546677] TCP bind hash table entries: 2048 (order: 3, 32768 bytes)
[    1.547513] TCP: Hash tables configured (established 2048 bind 2048)
[    1.548771] TCP reno registered
[    1.550179] UDP hash table entries: 128 (order: 0, 4096 bytes)
[    1.551750] UDP-Lite hash table entries: 128 (order: 0, 4096 bytes)
[    1.557820] NET: Registered protocol family 1
[    1.558939] pci 0000:00:00.0: Limiting direct PCI/PCI transfers
[    1.561216] pci 0000:00:01.0: PIIX3: Enabling Passive Release
[    1.562636] pci 0000:00:01.0: Activating ISA DMA hang workarounds
[    1.567143] ACPI: PCI Interrupt Link [LNKD] enabled at IRQ 11
[    1.568143] pci 0000:00:01.2: PCI INT D -&gt; Link[LNKD] -&gt; GSI 11 (level, high) -&gt; IRQ 11
[    1.573317] pci 0000:00:01.2: PCI INT D disabled
[    1.593506] Trying to unpack rootfs image as initramfs...
[    1.613799] audit: initializing netlink socket (disabled)
[    1.615205] type=2000 audit(1450179278.612:1): initialized
[    1.879794] HugeTLB registered 2 MB page size, pre-allocated 0 pages
[    1.943393] VFS: Disk quotas dquot_6.5.2
[    1.945463] Dquot-cache hash table entries: 512 (order 0, 4096 bytes)
[    1.974508] fuse init (API version 7.17)
[    1.977273] msgmni has been set to 84
[    2.007467] Block layer SCSI generic (bsg) driver version 0.4 loaded (major 253)
[    2.017214] io scheduler noop registered
[    2.017800] io scheduler deadline registered (default)
[    2.018926] io scheduler cfq registered
[    2.023167] pci_hotplug: PCI Hot Plug PCI Core version: 0.5
[    2.025882] pciehp: PCI Express Hot Plug Controller Driver version: 0.4
[    2.030960] input: Power Button as /devices/LNXSYSTM:00/LNXPWRBN:00/input/input0
[    2.034047] ACPI: Power Button [PWRF]
[    2.082757] ERST: Table is not found!
[    2.083267] GHES: HEST is not enabled!
[    2.091272] ACPI: PCI Interrupt Link [LNKC] enabled at IRQ 10
[    2.091940] virtio-pci 0000:00:03.0: PCI INT A -&gt; Link[LNKC] -&gt; GSI 10 (level, high) -&gt; IRQ 10
[    2.099170] virtio-pci 0000:00:04.0: PCI INT A -&gt; Link[LNKD] -&gt; GSI 11 (level, high) -&gt; IRQ 11
[    2.130576] ACPI: PCI Interrupt Link [LNKA] enabled at IRQ 10
[    2.131192] virtio-pci 0000:00:05.0: PCI INT A -&gt; Link[LNKA] -&gt; GSI 10 (level, high) -&gt; IRQ 10
[    2.141470] Serial: 8250/16550 driver, 32 ports, IRQ sharing enabled
[    2.185990] serial8250: ttyS0 at I/O 0x3f8 (irq = 4) is a 16550A
[    2.277102] serial8250: ttyS1 at I/O 0x2f8 (irq = 3) is a 16550A
[    2.410065] 00:05: ttyS0 at I/O 0x3f8 (irq = 4) is a 16550A
[    2.488981] 00:06: ttyS1 at I/O 0x2f8 (irq = 3) is a 16550A
[    2.541566] Linux agpgart interface v0.103
[    2.579506] Refined TSC clocksource calibration: 2293.976 MHz.
[    2.581887] Switching to clocksource tsc
[    2.626231] brd: module loaded
[    2.657924] loop: module loaded
[    2.710495]  vda: unknown partition table
[    2.773272] scsi0 : ata_piix
[    2.775501] scsi1 : ata_piix
[    2.777568] ata1: PATA max MWDMA2 cmd 0x1f0 ctl 0x3f6 bmdma 0xc0a0 irq 14
[    2.778389] ata2: PATA max MWDMA2 cmd 0x170 ctl 0x376 bmdma 0xc0a8 irq 15
[    2.787590] Fixed MDIO Bus: probed
[    2.789290] tun: Universal TUN/TAP device driver, 1.6
[    2.789911] tun: (C) 1999-2004 Max Krasnyansky &lt;maxk@qualcomm.com&gt;
[    2.802301] PPP generic driver version 2.4.2
[    2.838353] ehci_hcd: USB 2.0 'Enhanced' Host Controller (EHCI) Driver
[    2.839471] ohci_hcd: USB 1.1 'Open' Host Controller (OHCI) Driver
[    2.841150] uhci_hcd: USB Universal Host Controller Interface driver
[    2.842312] uhci_hcd 0000:00:01.2: PCI INT D -&gt; Link[LNKD] -&gt; GSI 11 (level, high) -&gt; IRQ 11
[    2.846141] uhci_hcd 0000:00:01.2: UHCI Host Controller
[    2.854702] uhci_hcd 0000:00:01.2: new USB bus registered, assigned bus number 1
[    2.857827] uhci_hcd 0000:00:01.2: irq 11, io base 0x0000c040
[    2.891811] hub 1-0:1.0: USB hub found
[    2.893272] hub 1-0:1.0: 2 ports detected
[    2.906220] usbcore: registered new interface driver libusual
[    2.911267] i8042: PNP: PS/2 Controller [PNP0303:KBD,PNP0f13:MOU] at 0x60,0x64 irq 1,12
[    2.920061] serio: i8042 KBD port at 0x60,0x64 irq 1
[    2.923141] serio: i8042 AUX port at 0x60,0x64 irq 12
[    2.970769] mousedev: PS/2 mouse device common for all mice
[    2.985659] input: AT Translated Set 2 keyboard as /devices/platform/i8042/serio0/input/input1
[    3.003698] rtc_cmos 00:01: RTC can wake from S4
[    3.023112] ata2.01: ATAPI: QEMU DVD-ROM, 2.0.0, max UDMA/100
[    3.035944] rtc_cmos 00:01: rtc core: registered rtc_cmos as rtc0
[    3.044070] rtc0: alarms up to one day, 114 bytes nvram, hpet irqs
[    3.051367] device-mapper: uevent: version 1.0.3
[    3.058292] ata2.01: configured for MWDMA2
[    3.101655] scsi 1:0:1:0: CD-ROM            QEMU     QEMU DVD-ROM     2.0. PQ: 0 ANSI: 5
[    3.114076] device-mapper: ioctl: 4.22.0-ioctl (2011-10-19) initialised: dm-devel@redhat.com
[    3.116819] cpuidle: using governor ladder
[    3.118006] cpuidle: using governor menu
[    3.119224] EFI Variables Facility v0.08 2004-May-17
[    3.131567] TCP cubic registered
[    3.139679] NET: Registered protocol family 10
[    3.174711] NET: Registered protocol family 17
[    3.176019] Registering the dns_resolver key type
[    3.195527] sr0: scsi3-mmc drive: 4x/4x cd/rw xa/form2 tray
[    3.197040] cdrom: Uniform CD-ROM driver Revision: 3.20
[    3.223679] sr 1:0:1:0: Attached scsi generic sg0 type 5
[    3.293200] registered taskstats version 1
[    3.421160] Freeing initrd memory: 3656k freed
[    3.970422]   Magic number: 11:359:580
[    3.983387] rtc_cmos 00:01: setting system clock to 2015-12-15 11:34:41 UTC (1450179281)
[    3.986760] powernow-k8: Processor cpuid 663 not supported
[    3.995279] BIOS EDD facility v0.16 2004-Jun-25, 0 devices found
[    3.997767] EDD information not available.
[    4.069775] Freeing unused kernel memory: 928k freed
[    4.075848] Write protecting the kernel read-only data: 12288k
[    4.187279] Freeing unused kernel memory: 1596k freed
[    4.259529] Freeing unused kernel memory: 1184k freed

info: initramfs: up at 4.43
modprobe: module virtio_blk not found in modules.dep
modprobe: module virtio_net not found in modules.dep
info: copying initramfs to /dev/vda
info: initramfs loading root from /dev/vda
info: /etc/init.d/rc.sysinit: up at 8.95
info: container: none
Starting logging: OK
modprobe: module virtio_blk not found in modules.dep
modprobe: module virtio_net not found in modules.dep
WARN: /etc/rc3.d/S10-load-modules failed
Initializing random number generator... done.
Starting acpid: OK
cirros-ds 'local' up at 11.49
found datasource (configdrive, local)
Starting network...
udhcpc (v1.20.1) started
Sending discover...
Sending discover...

2015-12-15 11:36:38,435 24084 INFO     [tempest_lib.common.rest_client] Request (TestNetworkBasicOps:_run_cleanups): 204 DELETE http://10.0.2.15:9696/v2.0/floatingips/cc1a83ee-a224-4c43-8e83-6973529b2cbf 0.208s
2015-12-15 11:36:38,435 24084 DEBUG    [tempest_lib.common.rest_client] Request - Headers: {'Content-Type': 'application/json', 'Accept': 'application/json', 'X-Auth-Token': '&lt;omitted&gt;'}
        Body: None
    Response - Headers: {'date': 'Tue, 15 Dec 2015 11:36:38 GMT', 'status': '204', 'connection': 'close', 'content-length': '0', 'x-openstack-request-id': 'req-b8a5585f-f963-4dae-a91c-5bd661a5ed36'}
        Body: 
2015-12-15 11:36:38,689 24084 INFO     [tempest_lib.common.rest_client] Request (TestNetworkBasicOps:_run_cleanups): 204 DELETE http://10.0.2.15:8774/v2.1/4a09c67b184b4479b831ac0efcba9e5f/servers/038e0e6e-317f-48dc-9e6c-d6477a88d950 0.253s
2015-12-15 11:36:38,690 24084 DEBUG    [tempest_lib.common.rest_client] Request - Headers: {'Content-Type': 'application/json', 'Accept': 'application/json', 'X-Auth-Token': '&lt;omitted&gt;'}
        Body: None
    Response - Headers: {'status': '204', 'content-length': '0', 'x-compute-request-id': 'req-aacb3ae7-976d-4274-a1ec-9f6f65f3357d', 'vary': 'X-OpenStack-Nova-API-Version', 'connection': 'close', 'x-openstack-nova-api-version': '2.1', 'date': 'Tue, 15 Dec 2015 11:36:38 GMT', 'content-type': 'application/json'}
        Body: 
2015-12-15 11:36:38,926 24084 INFO     [tempest_lib.common.rest_client] Request (TestNetworkBasicOps:_run_cleanups): 200 GET http://10.0.2.15:8774/v2.1/4a09c67b184b4479b831ac0efcba9e5f/servers/038e0e6e-317f-48dc-9e6c-d6477a88d950 0.234s
2015-12-15 11:36:38,926 24084 DEBUG    [tempest_lib.common.rest_client] Request - Headers: {'Content-Type': 'application/json', 'Accept': 'application/json', 'X-Auth-Token': '&lt;omitted&gt;'}
        Body: None
    Response - Headers: {'status': '200', 'content-length': '1775', 'content-location': 'http://10.0.2.15:8774/v2.1/4a09c67b184b4479b831ac0efcba9e5f/servers/038e0e6e-317f-48dc-9e6c-d6477a88d950', 'x-compute-request-id': 'req-a66a6a5b-c64c-4a28-99c7-76735209e857', 'vary': 'X-OpenStack-Nova-API-Version', 'connection': 'close', 'x-openstack-nova-api-version': '2.1', 'date': 'Tue, 15 Dec 2015 11:36:38 GMT', 'content-type': 'application/json'}
        Body: {"server": {"status": "ACTIVE", "updated": "2015-12-15T11:36:38Z", "hostId": "95743d03bbd421868c1481f2d32e5452e61aa713823a06433119c5f7", "addresses": {"tempest-network-smoke--489771572": [{"OS-EXT-IPS-MAC:mac_addr": "fa:16:3e:d2:c8:de", "version": 4, "addr": "10.100.0.3", "OS-EXT-IPS:type": "fixed"}, {"OS-EXT-IPS-MAC:mac_addr": "fa:16:3e:d2:c8:de", "version": 4, "addr": "172.24.4.4", "OS-EXT-IPS:type": "floating"}]}, "links": [{"href": "http://10.0.2.15:8774/v2.1/4a09c67b184b4479b831ac0efcba9e5f/servers/038e0e6e-317f-48dc-9e6c-d6477a88d950", "rel": "self"}, {"href": "http://10.0.2.15:8774/4a09c67b184b4479b831ac0efcba9e5f/servers/038e0e6e-317f-48dc-9e6c-d6477a88d950", "rel": "bookmark"}], "key_name": "tempest-TestNetworkBasicOps-1582551825", "image": {"id": "2c0c0d70-59a8-4115-853e-c548c7f9e7c5", "links": [{"href": "http://10.0.2.15:8774/4a09c67b184b4479b831ac0efcba9e5f/images/2c0c0d70-59a8-4115-853e-c548c7f9e7c5", "rel": "bookmark"}]}, "OS-EXT-STS:task_state": "deleting", "OS-EXT-STS:vm_state": "active", "OS-SRV-USG:launched_at": "2015-12-15T11:34:34.000000", "flavor": {"id": "42", "links": [{"href": "http://10.0.2.15:8774/4a09c67b184b4479b831ac0efcba9e5f/flavors/42", "rel": "bookmark"}]}, "id": "038e0e6e-317f-48dc-9e6c-d6477a88d950", "security_groups": [{"name": "tempest-secgroup-smoke-1790191278"}], "OS-SRV-USG:terminated_at": null, "OS-EXT-AZ:availability_zone": "nova", "user_id": "b1a3341e986d45e49af03f883eac1e8c", "name": "tempest.common.compute-instance-195485565", "created": "2015-12-15T11:34:30Z", "tenant_id": "4a09c67b184b4479b831ac0efcba9e5f", "OS-DCF:diskConfig": "MANUAL", "os-extended-volumes:volumes_attached": [], "accessIPv4": "", "accessIPv6": "", "progress": 0, "OS-EXT-STS:power_state": 1, "config_drive": "True", "metadata": {}}}
2015-12-15 11:36:40,213 24084 INFO     [tempest_lib.common.rest_client] Request (TestNetworkBasicOps:_run_cleanups): 200 GET http://10.0.2.15:8774/v2.1/4a09c67b184b4479b831ac0efcba9e5f/servers/038e0e6e-317f-48dc-9e6c-d6477a88d950 0.268s
2015-12-15 11:36:40,213 24084 DEBUG    [tempest_lib.common.rest_client] Request - Headers: {'Content-Type': 'application/json', 'Accept': 'application/json', 'X-Auth-Token': '&lt;omitted&gt;'}
        Body: None
    Response - Headers: {'status': '200', 'content-length': '1440', 'content-location': 'http://10.0.2.15:8774/v2.1/4a09c67b184b4479b831ac0efcba9e5f/servers/038e0e6e-317f-48dc-9e6c-d6477a88d950', 'x-compute-request-id': 'req-5fe48ece-bd2f-4f00-8f34-cd9773cf5e2e', 'vary': 'X-OpenStack-Nova-API-Version', 'connection': 'close', 'x-openstack-nova-api-version': '2.1', 'date': 'Tue, 15 Dec 2015 11:36:40 GMT', 'content-type': 'application/json'}
        Body: {"server": {"status": "ACTIVE", "updated": "2015-12-15T11:36:39Z", "hostId": "95743d03bbd421868c1481f2d32e5452e61aa713823a06433119c5f7", "addresses": {}, "links": [{"href": "http://10.0.2.15:8774/v2.1/4a09c67b184b4479b831ac0efcba9e5f/servers/038e0e6e-317f-48dc-9e6c-d6477a88d950", "rel": "self"}, {"href": "http://10.0.2.15:8774/4a09c67b184b4479b831ac0efcba9e5f/servers/038e0e6e-317f-48dc-9e6c-d6477a88d950", "rel": "bookmark"}], "key_name": "tempest-TestNetworkBasicOps-1582551825", "image": {"id": "2c0c0d70-59a8-4115-853e-c548c7f9e7c5", "links": [{"href": "http://10.0.2.15:8774/4a09c67b184b4479b831ac0efcba9e5f/images/2c0c0d70-59a8-4115-853e-c548c7f9e7c5", "rel": "bookmark"}]}, "OS-EXT-STS:task_state": "deleting", "OS-EXT-STS:vm_state": "active", "OS-SRV-USG:launched_at": "2015-12-15T11:34:34.000000", "flavor": {"id": "42", "links": [{"href": "http://10.0.2.15:8774/4a09c67b184b4479b831ac0efcba9e5f/flavors/42", "rel": "bookmark"}]}, "id": "038e0e6e-317f-48dc-9e6c-d6477a88d950", "OS-SRV-USG:terminated_at": null, "OS-EXT-AZ:availability_zone": "nova", "user_id": "b1a3341e986d45e49af03f883eac1e8c", "name": "tempest.common.compute-instance-195485565", "created": "2015-12-15T11:34:30Z", "tenant_id": "4a09c67b184b4479b831ac0efcba9e5f", "OS-DCF:diskConfig": "MANUAL", "os-extended-volumes:volumes_attached": [], "accessIPv4": "", "accessIPv6": "", "progress": 0, "OS-EXT-STS:power_state": 1, "config_drive": "True", "metadata": {}}}
2015-12-15 11:36:41,312 24084 INFO     [tempest_lib.common.rest_client] Request (TestNetworkBasicOps:_run_cleanups): 404 GET http://10.0.2.15:8774/v2.1/4a09c67b184b4479b831ac0efcba9e5f/servers/038e0e6e-317f-48dc-9e6c-d6477a88d950 0.088s
2015-12-15 11:36:41,313 24084 DEBUG    [tempest_lib.common.rest_client] Request - Headers: {'Content-Type': 'application/json', 'Accept': 'application/json', 'X-Auth-Token': '&lt;omitted&gt;'}
        Body: None
    Response - Headers: {'status': '404', 'content-length': '111', 'x-compute-request-id': 'req-898c022b-ca25-4cee-b302-0b961e99c83c', 'vary': 'X-OpenStack-Nova-API-Version', 'connection': 'close', 'x-openstack-nova-api-version': '2.1', 'date': 'Tue, 15 Dec 2015 11:36:41 GMT', 'content-type': 'application/json; charset=UTF-8'}
        Body: {"itemNotFound": {"message": "Instance 038e0e6e-317f-48dc-9e6c-d6477a88d950 could not be found.", "code": 404}}
2015-12-15 11:36:41,333 24084 INFO     [tempest_lib.common.rest_client] Request (TestNetworkBasicOps:_run_cleanups): 202 DELETE http://10.0.2.15:8774/v2.1/4a09c67b184b4479b831ac0efcba9e5f/os-keypairs/tempest-TestNetworkBasicOps-1582551825 0.018s
2015-12-15 11:36:41,333 24084 DEBUG    [tempest_lib.common.rest_client] Request - Headers: {'Content-Type': 'application/json', 'Accept': 'application/json', 'X-Auth-Token': '&lt;omitted&gt;'}
        Body: None
    Response - Headers: {'status': '202', 'content-length': '0', 'x-compute-request-id': 'req-748b28b1-f5ee-4a4e-80ac-1ed2ae78e8a1', 'vary': 'X-OpenStack-Nova-API-Version', 'connection': 'close', 'x-openstack-nova-api-version': '2.1', 'date': 'Tue, 15 Dec 2015 11:36:41 GMT', 'content-type': 'application/json'}
        Body: 
2015-12-15 11:36:41,689 24084 INFO     [tempest_lib.common.rest_client] Request (TestNetworkBasicOps:_run_cleanups): 200 PUT http://10.0.2.15:9696/v2.0/routers/6a5174f0-368e-4205-96c3-ac00ff90b441/remove_router_interface 0.355s
2015-12-15 11:36:41,689 24084 DEBUG    [tempest_lib.common.rest_client] Request - Headers: {'Content-Type': 'application/json', 'Accept': 'application/json', 'X-Auth-Token': '&lt;omitted&gt;'}
        Body: {"subnet_id": "4317e6a1-f022-49da-bd38-3facfd27cebd"}
    Response - Headers: {'status': '200', 'content-length': '255', 'connection': 'close', 'date': 'Tue, 15 Dec 2015 11:36:41 GMT', 'content-type': 'application/json; charset=UTF-8', 'x-openstack-request-id': 'req-44f5ceaa-3910-48ef-b7b8-99c562b15a23'}
        Body: {"subnet_id": "4317e6a1-f022-49da-bd38-3facfd27cebd", "tenant_id": "4a09c67b184b4479b831ac0efcba9e5f", "subnet_ids": ["4317e6a1-f022-49da-bd38-3facfd27cebd"], "port_id": "cf6f22b1-8216-4d67-9534-5d923cf46657", "id": "6a5174f0-368e-4205-96c3-ac00ff90b441"}
2015-12-15 11:36:42,112 24084 INFO     [tempest_lib.common.rest_client] Request (TestNetworkBasicOps:_run_cleanups): 204 DELETE http://10.0.2.15:9696/v2.0/subnets/4317e6a1-f022-49da-bd38-3facfd27cebd 0.422s
2015-12-15 11:36:42,113 24084 DEBUG    [tempest_lib.common.rest_client] Request - Headers: {'Content-Type': 'application/json', 'Accept': 'application/json', 'X-Auth-Token': '&lt;omitted&gt;'}
        Body: None
    Response - Headers: {'date': 'Tue, 15 Dec 2015 11:36:42 GMT', 'status': '204', 'connection': 'close', 'content-length': '0', 'x-openstack-request-id': 'req-b71e82ce-2fb6-4309-bc3c-d34baf2bf894'}
        Body: 
2015-12-15 11:36:42,155 24084 INFO     [tempest_lib.common.rest_client] Request (TestNetworkBasicOps:_run_cleanups): 200 GET http://10.0.2.15:9696/v2.0/routers/6a5174f0-368e-4205-96c3-ac00ff90b441 0.042s
2015-12-15 11:36:42,155 24084 DEBUG    [tempest_lib.common.rest_client] Request - Headers: {'Content-Type': 'application/json', 'Accept': 'application/json', 'X-Auth-Token': '&lt;omitted&gt;'}
        Body: None
    Response - Headers: {'status': '200', 'content-length': '501', 'content-location': 'http://10.0.2.15:9696/v2.0/routers/6a5174f0-368e-4205-96c3-ac00ff90b441', 'connection': 'close', 'date': 'Tue, 15 Dec 2015 11:36:42 GMT', 'content-type': 'application/json; charset=UTF-8', 'x-openstack-request-id': 'req-1fab3408-98d3-44ce-822a-fdb90dae97f1'}
        Body: {"router": {"status": "ACTIVE", "external_gateway_info": {"network_id": "78423c88-2cf5-408b-9182-2027fefff475", "enable_snat": true, "external_fixed_ips": [{"subnet_id": "903d43bd-bb23-4757-b241-db20e01695bb", "ip_address": "172.24.4.3"}, {"subnet_id": "a4b077d6-4f45-4175-8874-32162d205399", "ip_address": "2001:db8::4"}]}, "name": "tempest-router-smoke-2119121295", "admin_state_up": true, "tenant_id": "4a09c67b184b4479b831ac0efcba9e5f", "routes": [], "id": "6a5174f0-368e-4205-96c3-ac00ff90b441"}}
2015-12-15 11:36:42,470 24084 INFO     [tempest_lib.common.rest_client] Request (TestNetworkBasicOps:_run_cleanups): 200 PUT http://10.0.2.15:9696/v2.0/routers/6a5174f0-368e-4205-96c3-ac00ff90b441 0.313s
2015-12-15 11:36:42,471 24084 DEBUG    [tempest_lib.common.rest_client] Request - Headers: {'Content-Type': 'application/json', 'Accept': 'application/json', 'X-Auth-Token': '&lt;omitted&gt;'}
        Body: {"router": {"external_gateway_info": {}, "name": "tempest-router-smoke-2119121295", "admin_state_up": true}}
    Response - Headers: {'status': '200', 'content-length': '239', 'connection': 'close', 'date': 'Tue, 15 Dec 2015 11:36:42 GMT', 'content-type': 'application/json; charset=UTF-8', 'x-openstack-request-id': 'req-68cd14da-da66-4a96-a09b-1876951f21ff'}
        Body: {"router": {"status": "ACTIVE", "external_gateway_info": null, "name": "tempest-router-smoke-2119121295", "admin_state_up": true, "tenant_id": "4a09c67b184b4479b831ac0efcba9e5f", "routes": [], "id": "6a5174f0-368e-4205-96c3-ac00ff90b441"}}
2015-12-15 11:36:42,672 24084 INFO     [tempest_lib.common.rest_client] Request (TestNetworkBasicOps:_run_cleanups): 204 DELETE http://10.0.2.15:9696/v2.0/routers/6a5174f0-368e-4205-96c3-ac00ff90b441 0.201s
2015-12-15 11:36:42,673 24084 DEBUG    [tempest_lib.common.rest_client] Request - Headers: {'Content-Type': 'application/json', 'Accept': 'application/json', 'X-Auth-Token': '&lt;omitted&gt;'}
        Body: None
    Response - Headers: {'date': 'Tue, 15 Dec 2015 11:36:42 GMT', 'status': '204', 'connection': 'close', 'content-length': '0', 'x-openstack-request-id': 'req-512ce08b-f55b-4a77-9d2d-d74629a0d3b3'}
        Body: 
2015-12-15 11:36:42,943 24084 INFO     [tempest_lib.common.rest_client] Request (TestNetworkBasicOps:_run_cleanups): 204 DELETE http://10.0.2.15:9696/v2.0/networks/f5d09550-f5a2-45a0-a576-5c536572d45f 0.269s
2015-12-15 11:36:42,943 24084 DEBUG    [tempest_lib.common.rest_client] Request - Headers: {'Content-Type': 'application/json', 'Accept': 'application/json', 'X-Auth-Token': '&lt;omitted&gt;'}
        Body: None
    Response - Headers: {'date': 'Tue, 15 Dec 2015 11:36:42 GMT', 'status': '204', 'connection': 'close', 'content-length': '0', 'x-openstack-request-id': 'req-730d2430-10a5-4c43-af48-2aa26e6cd379'}
        Body: 
2015-12-15 11:36:42,994 24084 INFO     [tempest_lib.common.rest_client] Request (TestNetworkBasicOps:_run_cleanups): 204 DELETE http://10.0.2.15:9696/v2.0/security-group-rules/fd8f69d2-e6d2-4d6c-bab8-f74316585ab8 0.051s
2015-12-15 11:36:42,995 24084 DEBUG    [tempest_lib.common.rest_client] Request - Headers: {'Content-Type': 'application/json', 'Accept': 'application/json', 'X-Auth-Token': '&lt;omitted&gt;'}
        Body: None
    Response - Headers: {'date': 'Tue, 15 Dec 2015 11:36:42 GMT', 'status': '204', 'connection': 'close', 'content-length': '0', 'x-openstack-request-id': 'req-37ee6be4-0dd1-4007-834f-830a4a501105'}
        Body: 
2015-12-15 11:36:43,049 24084 INFO     [tempest_lib.common.rest_client] Request (TestNetworkBasicOps:_run_cleanups): 204 DELETE http://10.0.2.15:9696/v2.0/security-group-rules/b982218d-a265-4225-bd2b-18bdbb951361 0.053s
2015-12-15 11:36:43,049 24084 DEBUG    [tempest_lib.common.rest_client] Request - Headers: {'Content-Type': 'application/json', 'Accept': 'application/json', 'X-Auth-Token': '&lt;omitted&gt;'}
        Body: None
