<?xml version="1.0" encoding="UTF-8"?>
<!DOCTYPE html PUBLIC "-//W3C//DTD XHTML 1.0 Strict//EN"
     "http://www.w3.org/TR/xhtml1/DTD/xhtml1-strict.dtd">
<html xmlns="http://www.w3.org/1999/xhtml">
<head>
    <title>Unit Test Report</title>
    <meta name="generator" content="subunit2html 0.1"/>
    <meta http-equiv="Content-Type" content="text/html; charset=UTF-8"/>
    
<style type="text/css" media="screen">
body        { font-family: verdana, arial, helvetica, sans-serif;
    font-size: 80%; }
table       { font-size: 100%; width: 100%;}
pre         { font-size: 80%; }

/* -- heading -------------------------------------------------------------- */
h1 {
        font-size: 16pt;
        color: gray;
}
.heading {
    margin-top: 0ex;
    margin-bottom: 1ex;
}

.heading .attribute {
    margin-top: 1ex;
    margin-bottom: 0;
}

.heading .description {
    margin-top: 4ex;
    margin-bottom: 6ex;
}

/* -- css div popup -------------------------------------------------------- */
a.popup_link {
}

a.popup_link:hover {
    color: red;
}

.popup_window {
    display: none;
    overflow-x: scroll;
    /*border: solid #627173 1px; */
    padding: 10px;
    background-color: #E6E6D6;
    font-family: "Ubuntu Mono", "Lucida Console", "Courier New", monospace;
    text-align: left;
    font-size: 8pt;
}

}
/* -- report --------------------------------------------------------------- */
#show_detail_line {
    margin-top: 3ex;
    margin-bottom: 1ex;
}
#result_table {
    width: 100%;
    border-collapse: collapse;
    border: 1px solid #777;
}
#header_row {
    font-weight: bold;
    color: white;
    background-color: #777;
}
#result_table td {
    border: 1px solid #777;
    padding: 2px;
}
#total_row  { font-weight: bold; }
.passClass  { background-color: #6c6; }
.failClass  { background-color: #c60; }
.errorClass { background-color: #c00; }
.passCase   { color: #6c6; }
.failCase   { color: #c60; font-weight: bold; }
.errorCase  { color: #c00; font-weight: bold; }
.hiddenRow  { display: none; }
.testcase   { margin-left: 2em; }
td.testname {width: 40%}
td.small {width: 40px}

/* -- ending --------------------------------------------------------------- */
#ending {
}

</style>

</head>
<body>
<script language="javascript" type="text/javascript"><!--
output_list = Array();

/* level - 0:Summary; 1:Failed; 2:All */
function showCase(level) {
    trs = document.getElementsByTagName("tr");
    for (var i = 0; i < trs.length; i++) {
        tr = trs[i];
        id = tr.id;
        if (id.substr(0,2) == 'ft') {
            if (level < 1) {
                tr.className = 'hiddenRow';
            }
            else {
                tr.className = '';
            }
        }
        if (id.substr(0,2) == 'pt') {
            if (level > 1) {
                tr.className = '';
            }
            else {
                tr.className = 'hiddenRow';
            }
        }
    }
}


function showClassDetail(cid, count) {
    var id_list = Array(count);
    var toHide = 1;
    for (var i = 0; i < count; i++) {
        tid0 = 't' + cid.substr(1) + '.' + (i+1);
        tid = 'f' + tid0;
        tr = document.getElementById(tid);
        if (!tr) {
            tid = 'p' + tid0;
            tr = document.getElementById(tid);
        }
        id_list[i] = tid;
        if (tr.className) {
            toHide = 0;
        }
    }
    for (var i = 0; i < count; i++) {
        tid = id_list[i];
        if (toHide) {
            document.getElementById('div_'+tid).style.display = 'none'
            document.getElementById(tid).className = 'hiddenRow';
        }
        else {
            document.getElementById(tid).className = '';
        }
    }
}


function showTestDetail(div_id){
    var details_div = document.getElementById(div_id)
    var displayState = details_div.style.display
    // alert(displayState)
    if (displayState != 'block' ) {
        displayState = 'block'
        details_div.style.display = 'block'
    }
    else {
        details_div.style.display = 'none'
    }
}


function html_escape(s) {
    s = s.replace(/&/g,'&amp;');
    s = s.replace(/</g,'&lt;');
    s = s.replace(/>/g,'&gt;');
    return s;
}

/* obsoleted by detail in <div>
function showOutput(id, name) {
    var w = window.open("", //url
                    name,
                    "resizable,scrollbars,status,width=800,height=450");
    d = w.document;
    d.write("<pre>");
    d.write(html_escape(output_list[id]));
    d.write("\n");
    d.write("<a href='javascript:window.close()'>close</a>\n");
    d.write("</pre>\n");
    d.close();
}
*/
--></script>

<div class='heading'>
<h1>Unit Test Report</h1>

<p class='attribute'><strong>Status:</strong> Pass 8 Failure 1</p>

<p class='description'></p>
</div>



<p id='show_detail_line'>Show
<a href='javascript:showCase(0)'>Summary</a>
<a href='javascript:showCase(1)'>Failed</a>
<a href='javascript:showCase(2)'>All</a>
</p>
<table id='result_table'>
<colgroup>
<col align='left' />
<col align='right' />
<col align='right' />
<col align='right' />
<col align='right' />
<col align='right' />
<col align='right' />
<col align='right' />
</colgroup>
<tr id='header_row'>
    <td>Test Group/Test case</td>
    <td>Count</td>
    <td>Pass</td>
    <td>Fail</td>
    <td>Error</td>
    <td>Skip</td>
    <td>View</td>
    <td> </td>
</tr>

<tr class='failClass'>
    <td class="testname">tempest.scenario.test_network_basic_ops.TestNetworkBasicOps</td>
    <td class="small">9</td>
    <td class="small">8</td>
    <td class="small">1</td>
    <td class="small">0</td>
    <td class="small">0</td>
    <td class="small"><a href="javascript:showClassDetail('c1',9)"
>Detail</a></td>
    <td> </td>
</tr>

<tr id='pt1.1' class='hiddenRow'>
    <td class='none'><div class='testcase'>test_connectivity_between_vms_on_different_networks[compute,id-1546850e-fbaa-42f5-8b5f-03d8a6a95f15,network]</div></td>
    <td colspan='7' align='left'>

    <!--css div popup start-->
    <a class="popup_link" onfocus='this.blur();'
    href="javascript:showTestDetail('div_pt1.1')" >
        pass</a>

    <div id='div_pt1.1' class="popup_window">
        <div style='text-align: right; color:red;cursor:pointer'>
        <a onfocus='this.blur();'
onclick="document.getElementById('div_pt1.1').style.display = 'none' " >
           [x]</a>
        </div>
        <pre>
        
pt1.1: tempest.scenario.test_network_basic_ops.TestNetworkBasicOps.test_connectivity_between_vms_on_different_networks[compute,id-1546850e-fbaa-42f5-8b5f-03d8a6a95f15,network]

        </pre>
    </div>
    <!--css div popup end-->

    </td>
</tr>

<tr id='pt1.2' class='hiddenRow'>
    <td class='none'><div class='testcase'>test_hotplug_nic[compute,id-c5adff73-e961-41f1-b4a9-343614f18cfa,network]</div></td>
    <td colspan='7' align='left'>

    <!--css div popup start-->
    <a class="popup_link" onfocus='this.blur();'
    href="javascript:showTestDetail('div_pt1.2')" >
        pass</a>

    <div id='div_pt1.2' class="popup_window">
        <div style='text-align: right; color:red;cursor:pointer'>
        <a onfocus='this.blur();'
onclick="document.getElementById('div_pt1.2').style.display = 'none' " >
           [x]</a>
        </div>
        <pre>
        
pt1.2: tempest.scenario.test_network_basic_ops.TestNetworkBasicOps.test_hotplug_nic[compute,id-c5adff73-e961-41f1-b4a9-343614f18cfa,network]

        </pre>
    </div>
    <!--css div popup end-->

    </td>
</tr>

<tr id='pt1.3' class='hiddenRow'>
    <td class='none'><div class='testcase'>test_network_basic_ops[compute,id-f323b3ba-82f8-4db7-8ea6-6a895869ec49,network,smoke]</div></td>
    <td colspan='7' align='left'>

    <!--css div popup start-->
    <a class="popup_link" onfocus='this.blur();'
    href="javascript:showTestDetail('div_pt1.3')" >
        pass</a>

    <div id='div_pt1.3' class="popup_window">
        <div style='text-align: right; color:red;cursor:pointer'>
        <a onfocus='this.blur();'
onclick="document.getElementById('div_pt1.3').style.display = 'none' " >
           [x]</a>
        </div>
        <pre>
        
pt1.3: tempest.scenario.test_network_basic_ops.TestNetworkBasicOps.test_network_basic_ops[compute,id-f323b3ba-82f8-4db7-8ea6-6a895869ec49,network,smoke]

        </pre>
    </div>
    <!--css div popup end-->

    </td>
</tr>

<tr id='pt1.4' class='hiddenRow'>
    <td class='none'><div class='testcase'>test_port_security_macspoofing_port[compute,id-7c0bb1a2-d053-49a4-98f9-ca1a1d849f63,network]</div></td>
    <td colspan='7' align='left'>

    <!--css div popup start-->
    <a class="popup_link" onfocus='this.blur();'
    href="javascript:showTestDetail('div_pt1.4')" >
        pass</a>

    <div id='div_pt1.4' class="popup_window">
        <div style='text-align: right; color:red;cursor:pointer'>
        <a onfocus='this.blur();'
onclick="document.getElementById('div_pt1.4').style.display = 'none' " >
           [x]</a>
        </div>
        <pre>
        
pt1.4: tempest.scenario.test_network_basic_ops.TestNetworkBasicOps.test_port_security_macspoofing_port[compute,id-7c0bb1a2-d053-49a4-98f9-ca1a1d849f63,network]

        </pre>
    </div>
    <!--css div popup end-->

    </td>
</tr>

<tr id='pt1.5' class='hiddenRow'>
    <td class='none'><div class='testcase'>test_preserve_preexisting_port[compute,id-759462e1-8535-46b0-ab3a-33aa45c55aaa,network]</div></td>
    <td colspan='7' align='left'>

    <!--css div popup start-->
    <a class="popup_link" onfocus='this.blur();'
    href="javascript:showTestDetail('div_pt1.5')" >
        pass</a>

    <div id='div_pt1.5' class="popup_window">
        <div style='text-align: right; color:red;cursor:pointer'>
        <a onfocus='this.blur();'
onclick="document.getElementById('div_pt1.5').style.display = 'none' " >
           [x]</a>
        </div>
        <pre>
        
pt1.5: tempest.scenario.test_network_basic_ops.TestNetworkBasicOps.test_preserve_preexisting_port[compute,id-759462e1-8535-46b0-ab3a-33aa45c55aaa,network]

        </pre>
    </div>
    <!--css div popup end-->

    </td>
</tr>

<tr id='pt1.6' class='hiddenRow'>
    <td class='none'><div class='testcase'>test_router_rescheduling[compute,id-2e788c46-fb3f-4ac9-8f82-0561555bea73,network]</div></td>
    <td colspan='7' align='left'>

    <!--css div popup start-->
    <a class="popup_link" onfocus='this.blur();'
    href="javascript:showTestDetail('div_pt1.6')" >
        pass</a>

    <div id='div_pt1.6' class="popup_window">
        <div style='text-align: right; color:red;cursor:pointer'>
        <a onfocus='this.blur();'
onclick="document.getElementById('div_pt1.6').style.display = 'none' " >
           [x]</a>
        </div>
        <pre>
        
pt1.6: tempest.scenario.test_network_basic_ops.TestNetworkBasicOps.test_router_rescheduling[compute,id-2e788c46-fb3f-4ac9-8f82-0561555bea73,network]

        </pre>
    </div>
    <!--css div popup end-->

    </td>
</tr>

<tr id='pt1.7' class='hiddenRow'>
    <td class='none'><div class='testcase'>test_subnet_details[compute,id-d8bb918e-e2df-48b2-97cd-b73c95450980,network]</div></td>
    <td colspan='7' align='left'>

    <!--css div popup start-->
    <a class="popup_link" onfocus='this.blur();'
    href="javascript:showTestDetail('div_pt1.7')" >
        pass</a>

    <div id='div_pt1.7' class="popup_window">
        <div style='text-align: right; color:red;cursor:pointer'>
        <a onfocus='this.blur();'
onclick="document.getElementById('div_pt1.7').style.display = 'none' " >
           [x]</a>
        </div>
        <pre>
        
pt1.7: tempest.scenario.test_network_basic_ops.TestNetworkBasicOps.test_subnet_details[compute,id-d8bb918e-e2df-48b2-97cd-b73c95450980,network]

        </pre>
    </div>
    <!--css div popup end-->

    </td>
</tr>

<tr id='ft1.8' class='none'>
    <td class='failCase'><div class='testcase'>test_update_instance_port_admin_state[compute,id-f5dfcc22-45fd-409f-954c-5bd500d7890b,network]</div></td>
    <td colspan='7' align='left'>

    <!--css div popup start-->
    <a class="popup_link" onfocus='this.blur();'
    href="javascript:showTestDetail('div_ft1.8')" >
        fail</a>

    <div id='div_ft1.8' class="popup_window">
        <div style='text-align: right; color:red;cursor:pointer'>
        <a onfocus='this.blur();'
onclick="document.getElementById('div_ft1.8').style.display = 'none' " >
           [x]</a>
        </div>
        <pre>
        
ft1.8: tempest.scenario.test_network_basic_ops.TestNetworkBasicOps.test_update_instance_port_admin_state[compute,id-f5dfcc22-45fd-409f-954c-5bd500d7890b,network]_StringException: Empty attachments:
  stderr
  stdout

pythonlogging:'': {{{
2016-02-17 09:02:03,280 31385 INFO     [tempest_lib.common.rest_client] Request (TestNetworkBasicOps:test_update_instance_port_admin_state): 201 POST http://10.4.1.3:9696/v2.0/security-groups 0.083s
2016-02-17 09:02:03,281 31385 DEBUG    [tempest_lib.common.rest_client] Request - Headers: {'Content-Type': 'application/json', 'Accept': 'application/json', 'X-Auth-Token': '&lt;omitted&gt;'}
        Body: {"security_group": {"tenant_id": "6615f86cc2ac4a5388f285b64c516b61", "description": "tempest-secgroup-smoke-609447080 description", "name": "tempest-secgroup-smoke-609447080"}}
    Response - Headers: {'status': '201', 'content-length': '886', 'connection': 'close', 'date': 'Wed, 17 Feb 2016 09:02:03 GMT', 'content-type': 'application/json; charset=UTF-8', 'x-openstack-request-id': 'req-bf523bbb-069b-435c-9084-aeebaa618436'}
        Body: {"security_group": {"tenant_id": "6615f86cc2ac4a5388f285b64c516b61", "description": "tempest-secgroup-smoke-609447080 description", "id": "88f1cca3-9fde-4df4-9483-ffd0099c29d3", "security_group_rules": [{"remote_group_id": null, "direction": "egress", "remote_ip_prefix": null, "protocol": null, "ethertype": "IPv4", "tenant_id": "6615f86cc2ac4a5388f285b64c516b61", "port_range_max": null, "port_range_min": null, "id": "bedb47da-80e9-4506-a09d-608744407c70", "security_group_id": "88f1cca3-9fde-4df4-9483-ffd0099c29d3"}, {"remote_group_id": null, "direction": "egress", "remote_ip_prefix": null, "protocol": null, "ethertype": "IPv6", "tenant_id": "6615f86cc2ac4a5388f285b64c516b61", "port_range_max": null, "port_range_min": null, "id": "4db5a914-720a-4d42-b5ab-66ab74fad214", "security_group_id": "88f1cca3-9fde-4df4-9483-ffd0099c29d3"}], "name": "tempest-secgroup-smoke-609447080"}}
2016-02-17 09:02:03,368 31385 INFO     [tempest_lib.common.rest_client] Request (TestNetworkBasicOps:test_update_instance_port_admin_state): 201 POST http://10.4.1.3:9696/v2.0/security-group-rules 0.086s
2016-02-17 09:02:03,369 31385 DEBUG    [tempest_lib.common.rest_client] Request - Headers: {'Content-Type': 'application/json', 'Accept': 'application/json', 'X-Auth-Token': '&lt;omitted&gt;'}
        Body: {"security_group_rule": {"direction": "ingress", "protocol": "tcp", "tenant_id": "6615f86cc2ac4a5388f285b64c516b61", "port_range_max": 22, "security_group_id": "88f1cca3-9fde-4df4-9483-ffd0099c29d3", "port_range_min": 22}}
    Response - Headers: {'status': '201', 'content-length': '340', 'connection': 'close', 'date': 'Wed, 17 Feb 2016 09:02:03 GMT', 'content-type': 'application/json; charset=UTF-8', 'x-openstack-request-id': 'req-0e3e5bf8-4539-4820-aa53-ce57eadaf0b3'}
        Body: {"security_group_rule": {"remote_group_id": null, "direction": "ingress", "remote_ip_prefix": null, "protocol": "tcp", "ethertype": "IPv4", "tenant_id": "6615f86cc2ac4a5388f285b64c516b61", "port_range_max": 22, "port_range_min": 22, "id": "850dd016-db89-4b18-9ff2-51727997547d", "security_group_id": "88f1cca3-9fde-4df4-9483-ffd0099c29d3"}}
2016-02-17 09:02:03,457 31385 INFO     [tempest_lib.common.rest_client] Request (TestNetworkBasicOps:test_update_instance_port_admin_state): 201 POST http://10.4.1.3:9696/v2.0/security-group-rules 0.087s
2016-02-17 09:02:03,457 31385 DEBUG    [tempest_lib.common.rest_client] Request - Headers: {'Content-Type': 'application/json', 'Accept': 'application/json', 'X-Auth-Token': '&lt;omitted&gt;'}
        Body: {"security_group_rule": {"direction": "egress", "protocol": "tcp", "tenant_id": "6615f86cc2ac4a5388f285b64c516b61", "port_range_max": 22, "security_group_id": "88f1cca3-9fde-4df4-9483-ffd0099c29d3", "port_range_min": 22}}
    Response - Headers: {'status': '201', 'content-length': '339', 'connection': 'close', 'date': 'Wed, 17 Feb 2016 09:02:03 GMT', 'content-type': 'application/json; charset=UTF-8', 'x-openstack-request-id': 'req-ffdd171f-6fbc-430c-af54-53fe778227d7'}
        Body: {"security_group_rule": {"remote_group_id": null, "direction": "egress", "remote_ip_prefix": null, "protocol": "tcp", "ethertype": "IPv4", "tenant_id": "6615f86cc2ac4a5388f285b64c516b61", "port_range_max": 22, "port_range_min": 22, "id": "6965c847-9694-4eab-a779-cb3e84d72398", "security_group_id": "88f1cca3-9fde-4df4-9483-ffd0099c29d3"}}
2016-02-17 09:02:03,549 31385 INFO     [tempest_lib.common.rest_client] Request (TestNetworkBasicOps:test_update_instance_port_admin_state): 201 POST http://10.4.1.3:9696/v2.0/security-group-rules 0.091s
2016-02-17 09:02:03,550 31385 DEBUG    [tempest_lib.common.rest_client] Request - Headers: {'Content-Type': 'application/json', 'Accept': 'application/json', 'X-Auth-Token': '&lt;omitted&gt;'}
        Body: {"security_group_rule": {"tenant_id": "6615f86cc2ac4a5388f285b64c516b61", "direction": "ingress", "protocol": "icmp", "security_group_id": "88f1cca3-9fde-4df4-9483-ffd0099c29d3"}}
    Response - Headers: {'status': '201', 'content-length': '345', 'connection': 'close', 'date': 'Wed, 17 Feb 2016 09:02:03 GMT', 'content-type': 'application/json; charset=UTF-8', 'x-openstack-request-id': 'req-3ed67d13-37ca-4950-9bf4-d87591d04827'}
        Body: {"security_group_rule": {"remote_group_id": null, "direction": "ingress", "remote_ip_prefix": null, "protocol": "icmp", "ethertype": "IPv4", "tenant_id": "6615f86cc2ac4a5388f285b64c516b61", "port_range_max": null, "port_range_min": null, "id": "f19640e3-2ac9-4dcf-b856-b1c50532fbf7", "security_group_id": "88f1cca3-9fde-4df4-9483-ffd0099c29d3"}}
2016-02-17 09:02:03,640 31385 INFO     [tempest_lib.common.rest_client] Request (TestNetworkBasicOps:test_update_instance_port_admin_state): 201 POST http://10.4.1.3:9696/v2.0/security-group-rules 0.088s
2016-02-17 09:02:03,640 31385 DEBUG    [tempest_lib.common.rest_client] Request - Headers: {'Content-Type': 'application/json', 'Accept': 'application/json', 'X-Auth-Token': '&lt;omitted&gt;'}
        Body: {"security_group_rule": {"tenant_id": "6615f86cc2ac4a5388f285b64c516b61", "direction": "egress", "protocol": "icmp", "security_group_id": "88f1cca3-9fde-4df4-9483-ffd0099c29d3"}}
    Response - Headers: {'status': '201', 'content-length': '344', 'connection': 'close', 'date': 'Wed, 17 Feb 2016 09:02:03 GMT', 'content-type': 'application/json; charset=UTF-8', 'x-openstack-request-id': 'req-fca44eba-b4c3-4efc-b277-494d3a1e8b8d'}
        Body: {"security_group_rule": {"remote_group_id": null, "direction": "egress", "remote_ip_prefix": null, "protocol": "icmp", "ethertype": "IPv4", "tenant_id": "6615f86cc2ac4a5388f285b64c516b61", "port_range_max": null, "port_range_min": null, "id": "a53065ee-6aa1-4427-9e85-6a4d51ffed46", "security_group_id": "88f1cca3-9fde-4df4-9483-ffd0099c29d3"}}
2016-02-17 09:02:03,741 31385 INFO     [tempest_lib.common.rest_client] Request (TestNetworkBasicOps:test_update_instance_port_admin_state): 201 POST http://10.4.1.3:9696/v2.0/security-group-rules 0.100s
2016-02-17 09:02:03,742 31385 DEBUG    [tempest_lib.common.rest_client] Request - Headers: {'Content-Type': 'application/json', 'Accept': 'application/json', 'X-Auth-Token': '&lt;omitted&gt;'}
        Body: {"security_group_rule": {"tenant_id": "6615f86cc2ac4a5388f285b64c516b61", "direction": "ingress", "security_group_id": "88f1cca3-9fde-4df4-9483-ffd0099c29d3", "protocol": "icmp", "ethertype": "IPv6"}}
    Response - Headers: {'status': '201', 'content-length': '345', 'connection': 'close', 'date': 'Wed, 17 Feb 2016 09:02:03 GMT', 'content-type': 'application/json; charset=UTF-8', 'x-openstack-request-id': 'req-49ac6a69-5120-4b9b-b193-15743bc5469f'}
        Body: {"security_group_rule": {"remote_group_id": null, "direction": "ingress", "remote_ip_prefix": null, "protocol": "icmp", "ethertype": "IPv6", "tenant_id": "6615f86cc2ac4a5388f285b64c516b61", "port_range_max": null, "port_range_min": null, "id": "2aa9dc06-66f9-4694-8c4f-813577c21313", "security_group_id": "88f1cca3-9fde-4df4-9483-ffd0099c29d3"}}
2016-02-17 09:02:03,865 31385 INFO     [tempest_lib.common.rest_client] Request (TestNetworkBasicOps:test_update_instance_port_admin_state): 201 POST http://10.4.1.3:9696/v2.0/security-group-rules 0.122s
2016-02-17 09:02:03,866 31385 DEBUG    [tempest_lib.common.rest_client] Request - Headers: {'Content-Type': 'application/json', 'Accept': 'application/json', 'X-Auth-Token': '&lt;omitted&gt;'}
        Body: {"security_group_rule": {"tenant_id": "6615f86cc2ac4a5388f285b64c516b61", "direction": "egress", "security_group_id": "88f1cca3-9fde-4df4-9483-ffd0099c29d3", "protocol": "icmp", "ethertype": "IPv6"}}
    Response - Headers: {'status': '201', 'content-length': '344', 'connection': 'close', 'date': 'Wed, 17 Feb 2016 09:02:03 GMT', 'content-type': 'application/json; charset=UTF-8', 'x-openstack-request-id': 'req-15dc7986-84fa-46a0-a8ea-c2c4a08e16db'}
        Body: {"security_group_rule": {"remote_group_id": null, "direction": "egress", "remote_ip_prefix": null, "protocol": "icmp", "ethertype": "IPv6", "tenant_id": "6615f86cc2ac4a5388f285b64c516b61", "port_range_max": null, "port_range_min": null, "id": "1cf3e08a-20ca-4899-9e13-eabceb07f21e", "security_group_id": "88f1cca3-9fde-4df4-9483-ffd0099c29d3"}}
2016-02-17 09:02:04,018 31385 INFO     [tempest_lib.common.rest_client] Request (TestNetworkBasicOps:test_update_instance_port_admin_state): 201 POST http://10.4.1.3:9696/v2.0/networks 0.151s
2016-02-17 09:02:04,019 31385 DEBUG    [tempest_lib.common.rest_client] Request - Headers: {'Content-Type': 'application/json', 'Accept': 'application/json', 'X-Auth-Token': '&lt;omitted&gt;'}
        Body: {"network": {"tenant_id": "6615f86cc2ac4a5388f285b64c516b61", "name": "tempest-network-smoke--1368034175"}}
    Response - Headers: {'status': '201', 'content-length': '299', 'connection': 'close', 'date': 'Wed, 17 Feb 2016 09:02:04 GMT', 'content-type': 'application/json; charset=UTF-8', 'x-openstack-request-id': 'req-748dbab9-eaef-4d9e-a9fb-7dcabd6f491e'}
        Body: {"network": {"status": "ACTIVE", "subnets": [], "name": "tempest-network-smoke--1368034175", "admin_state_up": true, "tenant_id": "6615f86cc2ac4a5388f285b64c516b61", "mtu": 1450, "router:external": false, "shared": false, "port_security_enabled": true, "id": "2c16300d-f573-4e73-8794-0b92e387665f"}}
2016-02-17 09:02:04,097 31385 INFO     [tempest_lib.common.rest_client] Request (TestNetworkBasicOps:test_update_instance_port_admin_state): 201 POST http://10.4.1.3:9696/v2.0/routers 0.077s
2016-02-17 09:02:04,098 31385 DEBUG    [tempest_lib.common.rest_client] Request - Headers: {'Content-Type': 'application/json', 'Accept': 'application/json', 'X-Auth-Token': '&lt;omitted&gt;'}
        Body: {"router": {"tenant_id": "6615f86cc2ac4a5388f285b64c516b61", "name": "tempest-router-smoke-1055042350", "admin_state_up": true}}
    Response - Headers: {'status': '201', 'content-length': '239', 'connection': 'close', 'date': 'Wed, 17 Feb 2016 09:02:04 GMT', 'content-type': 'application/json; charset=UTF-8', 'x-openstack-request-id': 'req-33074513-aab5-43d5-88a1-30857fb68522'}
        Body: {"router": {"status": "ACTIVE", "external_gateway_info": null, "name": "tempest-router-smoke-1055042350", "admin_state_up": true, "tenant_id": "6615f86cc2ac4a5388f285b64c516b61", "routes": [], "id": "09d4f5ad-b088-43ca-9451-962d185272a0"}}
2016-02-17 09:02:04,146 31385 INFO     [tempest_lib.common.rest_client] Request (TestNetworkBasicOps:test_update_instance_port_admin_state): 200 GET http://10.4.1.3:9696/v2.0/routers/09d4f5ad-b088-43ca-9451-962d185272a0 0.047s
2016-02-17 09:02:04,146 31385 DEBUG    [tempest_lib.common.rest_client] Request - Headers: {'Content-Type': 'application/json', 'Accept': 'application/json', 'X-Auth-Token': '&lt;omitted&gt;'}
        Body: None
    Response - Headers: {'status': '200', 'content-length': '239', 'content-location': 'http://10.4.1.3:9696/v2.0/routers/09d4f5ad-b088-43ca-9451-962d185272a0', 'connection': 'close', 'date': 'Wed, 17 Feb 2016 09:02:04 GMT', 'content-type': 'application/json; charset=UTF-8', 'x-openstack-request-id': 'req-7d29b8fc-bb01-4bc1-bb09-9a37adea55c6'}
        Body: {"router": {"status": "ACTIVE", "external_gateway_info": null, "name": "tempest-router-smoke-1055042350", "admin_state_up": true, "tenant_id": "6615f86cc2ac4a5388f285b64c516b61", "routes": [], "id": "09d4f5ad-b088-43ca-9451-962d185272a0"}}
2016-02-17 09:02:04,679 31385 INFO     [tempest_lib.common.rest_client] Request (TestNetworkBasicOps:test_update_instance_port_admin_state): 200 PUT http://10.4.1.3:9696/v2.0/routers/09d4f5ad-b088-43ca-9451-962d185272a0 0.531s
2016-02-17 09:02:04,679 31385 DEBUG    [tempest_lib.common.rest_client] Request - Headers: {'Content-Type': 'application/json', 'Accept': 'application/json', 'X-Auth-Token': '&lt;omitted&gt;'}
        Body: {"router": {"external_gateway_info": {"network_id": "424910f1-a7e8-41fc-a533-a7e0c8128e7a"}, "name": "tempest-router-smoke-1055042350", "admin_state_up": true}}
    Response - Headers: {'status': '200', 'content-length': '503', 'connection': 'close', 'date': 'Wed, 17 Feb 2016 09:02:04 GMT', 'content-type': 'application/json; charset=UTF-8', 'x-openstack-request-id': 'req-5ce4242a-200f-4eae-b047-6db9b1a682fa'}
        Body: {"router": {"status": "ACTIVE", "external_gateway_info": {"network_id": "424910f1-a7e8-41fc-a533-a7e0c8128e7a", "enable_snat": true, "external_fixed_ips": [{"subnet_id": "7308ced7-2a88-4185-90ca-35ae93839b90", "ip_address": "172.24.4.17"}, {"subnet_id": "a2bc5b1c-e72d-41ee-9493-fcbc0afe22eb", "ip_address": "2001:db8::11"}]}, "name": "tempest-router-smoke-1055042350", "admin_state_up": true, "tenant_id": "6615f86cc2ac4a5388f285b64c516b61", "routes": [], "id": "09d4f5ad-b088-43ca-9451-962d185272a0"}}
2016-02-17 09:02:04,710 31385 INFO     [tempest_lib.common.rest_client] Request (TestNetworkBasicOps:test_update_instance_port_admin_state): 200 GET http://10.4.1.3:9696/v2.0/subnets?tenant_id=6615f86cc2ac4a5388f285b64c516b61&amp;cidr=10.100.0.0%2F28 0.030s
2016-02-17 09:02:04,711 31385 DEBUG    [tempest_lib.common.rest_client] Request - Headers: {'Content-Type': 'application/json', 'Accept': 'application/json', 'X-Auth-Token': '&lt;omitted&gt;'}
        Body: None
    Response - Headers: {'status': '200', 'content-length': '15', 'content-location': 'http://10.4.1.3:9696/v2.0/subnets?tenant_id=6615f86cc2ac4a5388f285b64c516b61&amp;cidr=10.100.0.0%2F28', 'connection': 'close', 'date': 'Wed, 17 Feb 2016 09:02:04 GMT', 'content-type': 'application/json; charset=UTF-8', 'x-openstack-request-id': 'req-efb26da3-f081-40d8-b252-c40d7aae529b'}
        Body: {"subnets": []}
2016-02-17 09:02:04,959 31385 INFO     [tempest_lib.common.rest_client] Request (TestNetworkBasicOps:test_update_instance_port_admin_state): 201 POST http://10.4.1.3:9696/v2.0/subnets 0.247s
2016-02-17 09:02:04,959 31385 DEBUG    [tempest_lib.common.rest_client] Request - Headers: {'Content-Type': 'application/json', 'Accept': 'application/json', 'X-Auth-Token': '&lt;omitted&gt;'}
        Body: {"subnet": {"ip_version": 4, "tenant_id": "6615f86cc2ac4a5388f285b64c516b61", "cidr": "10.100.0.0/28", "network_id": "2c16300d-f573-4e73-8794-0b92e387665f", "name": "tempest-subnet-smoke-496666985"}}
    Response - Headers: {'status': '201', 'content-length': '477', 'connection': 'close', 'date': 'Wed, 17 Feb 2016 09:02:04 GMT', 'content-type': 'application/json; charset=UTF-8', 'x-openstack-request-id': 'req-49bab69a-c728-4901-ade5-c8f4269ccb2d'}
        Body: {"subnet": {"name": "tempest-subnet-smoke-496666985", "enable_dhcp": true, "network_id": "2c16300d-f573-4e73-8794-0b92e387665f", "tenant_id": "6615f86cc2ac4a5388f285b64c516b61", "dns_nameservers": [], "gateway_ip": "10.100.0.1", "ipv6_ra_mode": null, "allocation_pools": [{"start": "10.100.0.2", "end": "10.100.0.14"}], "host_routes": [], "ip_version": 4, "ipv6_address_mode": null, "cidr": "10.100.0.0/28", "id": "f8180981-6469-4279-bcf6-55bda3dbd012", "subnetpool_id": null}}
2016-02-17 09:02:05,414 31385 INFO     [tempest_lib.common.rest_client] Request (TestNetworkBasicOps:test_update_instance_port_admin_state): 200 PUT http://10.4.1.3:9696/v2.0/routers/09d4f5ad-b088-43ca-9451-962d185272a0/add_router_interface 0.453s
2016-02-17 09:02:05,415 31385 DEBUG    [tempest_lib.common.rest_client] Request - Headers: {'Content-Type': 'application/json', 'Accept': 'application/json', 'X-Auth-Token': '&lt;omitted&gt;'}
        Body: {"subnet_id": "f8180981-6469-4279-bcf6-55bda3dbd012"}
    Response - Headers: {'status': '200', 'content-length': '255', 'connection': 'close', 'date': 'Wed, 17 Feb 2016 09:02:05 GMT', 'content-type': 'application/json; charset=UTF-8', 'x-openstack-request-id': 'req-9296b9ed-211f-4292-a4e9-a3304d753289'}
        Body: {"subnet_id": "f8180981-6469-4279-bcf6-55bda3dbd012", "tenant_id": "6615f86cc2ac4a5388f285b64c516b61", "subnet_ids": ["f8180981-6469-4279-bcf6-55bda3dbd012"], "port_id": "285b3134-be41-4d7d-bfb5-334babc1247f", "id": "09d4f5ad-b088-43ca-9451-962d185272a0"}
2016-02-17 09:02:05,483 31385 INFO     [tempest_lib.common.rest_client] Request (TestNetworkBasicOps:test_update_instance_port_admin_state): 200 GET http://10.4.1.3:9696/v2.0/networks 0.068s
2016-02-17 09:02:05,484 31385 DEBUG    [tempest_lib.common.rest_client] Request - Headers: {'Content-Type': 'application/json', 'Accept': 'application/json', 'X-Auth-Token': '&lt;omitted&gt;'}
        Body: None
    Response - Headers: {'status': '200', 'content-length': '1327', 'content-location': 'http://10.4.1.3:9696/v2.0/networks', 'connection': 'close', 'date': 'Wed, 17 Feb 2016 09:02:05 GMT', 'content-type': 'application/json; charset=UTF-8', 'x-openstack-request-id': 'req-3dd1976d-f493-435a-8ae6-582fcf6b97a5'}
        Body: {"networks": [{"status": "ACTIVE", "subnets": ["f8180981-6469-4279-bcf6-55bda3dbd012"], "name": "tempest-network-smoke--1368034175", "provider:physical_network": null, "admin_state_up": true, "tenant_id": "6615f86cc2ac4a5388f285b64c516b61", "mtu": 1450, "router:external": false, "shared": false, "port_security_enabled": true, "provider:network_type": "vxlan", "id": "2c16300d-f573-4e73-8794-0b92e387665f", "provider:segmentation_id": 1009}, {"status": "ACTIVE", "subnets": ["44eb8f4e-1b20-432a-a049-6008dae33606", "b3415afd-ced7-4fc7-8879-0684dfb58be9"], "name": "private", "provider:physical_network": null, "admin_state_up": true, "tenant_id": "59770459e69b4c0eb081ff587f4e5692", "mtu": 1450, "router:external": false, "shared": false, "port_security_enabled": true, "provider:network_type": "vxlan", "id": "995263f0-9ca1-4e96-801f-426aee748fd6", "provider:segmentation_id": 1091}, {"status": "ACTIVE", "subnets": ["7308ced7-2a88-4185-90ca-35ae93839b90", "a2bc5b1c-e72d-41ee-9493-fcbc0afe22eb"], "name": "public", "provider:physical_network": null, "admin_state_up": true, "tenant_id": "b8942349799b47f6b9864ecab531f7b7", "mtu": 1450, "router:external": true, "shared": false, "port_security_enabled": true, "provider:network_type": "vxlan", "id": "424910f1-a7e8-41fc-a533-a7e0c8128e7a", "provider:segmentation_id": 1094}]}
2016-02-17 09:02:05,522 31385 INFO     [tempest_lib.common.rest_client] Request (TestNetworkBasicOps:test_update_instance_port_admin_state): 200 GET http://10.4.1.3:9696/v2.0/subnets 0.037s
2016-02-17 09:02:05,523 31385 DEBUG    [tempest_lib.common.rest_client] Request - Headers: {'Content-Type': 'application/json', 'Accept': 'application/json', 'X-Auth-Token': '&lt;omitted&gt;'}
        Body: None
    Response - Headers: {'status': '200', 'content-length': '2407', 'content-location': 'http://10.4.1.3:9696/v2.0/subnets', 'connection': 'close', 'date': 'Wed, 17 Feb 2016 09:02:05 GMT', 'content-type': 'application/json; charset=UTF-8', 'x-openstack-request-id': 'req-68abdcd3-d835-405f-b410-becb7008b47a'}
        Body: {"subnets": [{"name": "ipv6-public-subnet", "enable_dhcp": false, "network_id": "424910f1-a7e8-41fc-a533-a7e0c8128e7a", "tenant_id": "b8942349799b47f6b9864ecab531f7b7", "dns_nameservers": [], "gateway_ip": "2001:db8::2", "ipv6_ra_mode": null, "allocation_pools": [{"start": "2001:db8::3", "end": "2001:db8::ffff:ffff:ffff:ffff"}, {"start": "2001:db8::1", "end": "2001:db8::1"}], "host_routes": [], "ip_version": 6, "ipv6_address_mode": null, "cidr": "2001:db8::/64", "id": "a2bc5b1c-e72d-41ee-9493-fcbc0afe22eb", "subnetpool_id": null}, {"name": "ipv6-private-subnet", "enable_dhcp": true, "network_id": "995263f0-9ca1-4e96-801f-426aee748fd6", "tenant_id": "59770459e69b4c0eb081ff587f4e5692", "dns_nameservers": [], "gateway_ip": "fdae:9294:780c::1", "ipv6_ra_mode": "slaac", "allocation_pools": [{"start": "fdae:9294:780c::2", "end": "fdae:9294:780c:0:ffff:ffff:ffff:ffff"}], "host_routes": [], "ip_version": 6, "ipv6_address_mode": "slaac", "cidr": "fdae:9294:780c::/64", "id": "b3415afd-ced7-4fc7-8879-0684dfb58be9", "subnetpool_id": null}, {"name": "private-subnet", "enable_dhcp": true, "network_id": "995263f0-9ca1-4e96-801f-426aee748fd6", "tenant_id": "59770459e69b4c0eb081ff587f4e5692", "dns_nameservers": [], "gateway_ip": "10.0.0.1", "ipv6_ra_mode": null, "allocation_pools": [{"start": "10.0.0.2", "end": "10.0.0.254"}], "host_routes": [], "ip_version": 4, "ipv6_address_mode": null, "cidr": "10.0.0.0/24", "id": "44eb8f4e-1b20-432a-a049-6008dae33606", "subnetpool_id": null}, {"name": "tempest-subnet-smoke-496666985", "enable_dhcp": true, "network_id": "2c16300d-f573-4e73-8794-0b92e387665f", "tenant_id": "6615f86cc2ac4a5388f285b64c516b61", "dns_nameservers": [], "gateway_ip": "10.100.0.1", "ipv6_ra_mode": null, "allocation_pools": [{"start": "10.100.0.2", "end": "10.100.0.14"}], "host_routes": [], "ip_version": 4, "ipv6_address_mode": null, "cidr": "10.100.0.0/28", "id": "f8180981-6469-4279-bcf6-55bda3dbd012", "subnetpool_id": null}, {"name": "public-subnet", "enable_dhcp": false, "network_id": "424910f1-a7e8-41fc-a533-a7e0c8128e7a", "tenant_id": "b8942349799b47f6b9864ecab531f7b7", "dns_nameservers": [], "gateway_ip": "172.24.4.1", "ipv6_ra_mode": null, "allocation_pools": [{"start": "172.24.4.2", "end": "172.24.4.254"}], "host_routes": [], "ip_version": 4, "ipv6_address_mode": null, "cidr": "172.24.4.0/24", "id": "7308ced7-2a88-4185-90ca-35ae93839b90", "subnetpool_id": null}]}
2016-02-17 09:02:05,566 31385 INFO     [tempest_lib.common.rest_client] Request (TestNetworkBasicOps:test_update_instance_port_admin_state): 200 GET http://10.4.1.3:9696/v2.0/routers 0.041s
2016-02-17 09:02:05,566 31385 DEBUG    [tempest_lib.common.rest_client] Request - Headers: {'Content-Type': 'application/json', 'Accept': 'application/json', 'X-Auth-Token': '&lt;omitted&gt;'}
        Body: None
    Response - Headers: {'status': '200', 'content-length': '1043', 'content-location': 'http://10.4.1.3:9696/v2.0/routers', 'connection': 'close', 'date': 'Wed, 17 Feb 2016 09:02:05 GMT', 'content-type': 'application/json; charset=UTF-8', 'x-openstack-request-id': 'req-d0432616-08e1-4664-bee4-a4e2dad2a094'}
        Body: {"routers": [{"status": "ACTIVE", "external_gateway_info": {"network_id": "424910f1-a7e8-41fc-a533-a7e0c8128e7a", "enable_snat": true, "external_fixed_ips": [{"subnet_id": "7308ced7-2a88-4185-90ca-35ae93839b90", "ip_address": "172.24.4.17"}, {"subnet_id": "a2bc5b1c-e72d-41ee-9493-fcbc0afe22eb", "ip_address": "2001:db8::11"}]}, "name": "tempest-router-smoke-1055042350", "admin_state_up": true, "tenant_id": "6615f86cc2ac4a5388f285b64c516b61", "distributed": false, "routes": [], "ha": false, "id": "09d4f5ad-b088-43ca-9451-962d185272a0"}, {"status": "ACTIVE", "external_gateway_info": {"network_id": "424910f1-a7e8-41fc-a533-a7e0c8128e7a", "enable_snat": true, "external_fixed_ips": [{"subnet_id": "7308ced7-2a88-4185-90ca-35ae93839b90", "ip_address": "172.24.4.2"}, {"subnet_id": "a2bc5b1c-e72d-41ee-9493-fcbc0afe22eb", "ip_address": "2001:db8::1"}]}, "name": "router1", "admin_state_up": true, "tenant_id": "59770459e69b4c0eb081ff587f4e5692", "distributed": false, "routes": [], "ha": false, "id": "fd6aeadb-15d9-48c3-805c-d25769a73334"}]}
2016-02-17 09:02:05,809 31385 INFO     [tempest_lib.common.rest_client] Request (TestNetworkBasicOps:test_update_instance_port_admin_state): 200 POST http://10.4.1.3:8774/v2.1/6615f86cc2ac4a5388f285b64c516b61/os-keypairs 0.242s
2016-02-17 09:02:05,810 31385 DEBUG    [tempest_lib.common.rest_client] Request - Headers: {'Content-Type': 'application/json', 'Accept': 'application/json', 'X-Auth-Token': '&lt;omitted&gt;'}
        Body: {"keypair": {"name": "tempest-TestNetworkBasicOps-283780979"}}
    Response - Headers: {'status': '200', 'content-length': '2320', 'x-compute-request-id': 'req-bc33a27d-3194-44f9-baad-92140e82f663', 'vary': 'X-OpenStack-Nova-API-Version', 'connection': 'close', 'x-openstack-nova-api-version': '2.1', 'date': 'Wed, 17 Feb 2016 09:02:05 GMT', 'content-type': 'application/json'}
        Body: {"keypair": {"public_key": "ssh-rsa AAAAB3NzaC1yc2EAAAADAQABAAABAQDRUsDB7ezR5HuglRe3nX01TkjGdPrbu9ixm4yoX359CiZEbzrNpAwet2XfSwAF+jRuc97uEqY9S4U7qy+oTBiNXPVJI6R5SDe+fa7rEwnyfgCrMfPSDSLiKIhpLFKMersOjckj7SXeHf7VC3M3Yn7XJNw69wAyKvuwwx1zBE/01mNzCzQIgSefysgvnjYVY2siMHN/YNP29xpomu0OBpUzRliaj0FAk2XAFJLwZK8aaGvfllcshuQyERj/okctjGvn/uDFmBtg5k/qzP3mOeJAY+y6+oINbSl4QJtBatlSo6667fmDMUQCQr3zW8oNwhMJQhC5oOOwrhYV37wgyFzz Generated-by-Nova", "private_key": "-----BEGIN RSA PRIVATE KEY-----\nMIIEqAIBAAKCAQEA0VLAwe3s0eR7oJUXt519NU5IxnT627vYsZuMqF9+fQomRG86\nzaQMHrdl30sABfo0bnPe7hKmPUuFO6svqEwYjVz1SSOkeUg3vn2u6xMJ8n4AqzHz\n0g0i4iiIaSxSjHq7Do3JI+0l3h3+1QtzN2J+1yTcOvcAMir7sMMdcwRP9NZjcws0\nCIEnn8rIL542FWNrIjBzf2DT9vcaaJrtDgaVM0ZYmo9BQJNlwBSS8GSvGmhr35ZX\nLIbkMhEY/6JHLYxr5/7gxZgbYOZP6sz95jniQGPsuvqCDW0peECbQWrZUqOuuu35\ngzFEAkK981vKDcITCUIQuaDjsK4WFd+8IMhc8wIDAQABAoIBAQCRe29nGaLnumJG\nGHlUb4vvOYqRDAqyH5uazV50Q3KZGy2/kIMRG7wkuRh/mhPZE63POo8tbh7GKS/f\naboEwWarEXmVLMWKWawMpDOnRCM8u2Bhm6U3T1P4VW2Bk4GIC2Do25h5dMBF4RkV\nHxEj5Dv98aty++rR81fc4a8dGlkr83dku16pboqxI+rye+Z0FjkvaPYIjQx93IZD\nKU6HX/84ZQyPc+9fK/ywIyFWn8GY2ZRpq1GJ5kg/74hYWLkSS7rhn35zFS2mmBzw\n8cSCoSPgKDn915nvMAqbpnN1UEN1WxiasU5HW/16JQ/fK0q4IYpRIK+WveaRjfKp\nOFn/lJjpAoIAgQDhbTMqM2Cad/owiOUHU31g8bzFnZ1ArYOs1HO7UrNC4bgzZK+3\nWTJ9ox1LLGSH1R0CXFgSPb4TwWSfOv70OtvHBoHoIhI/0PLJDinZQP5ESC3hPLeV\n/chCo3C1aSi8TZTynnZDBnCpVcp7lPaHtvc+FlTOcIxttde5TEtvyoO7zwKCAIEA\n7bZya7kHr7d3f6Ikx0axFWdjwo5hY1oJT2B7d5PHJyy/Ctqbjme0j3I+fLRuiQby\nhnp4r4sb6lqtUS84q6L2FQbWteN6heG9UNg6Gjeu/PlLljU9JruahxizGrSIDFz+\n395uWAuaQIXji6O6Flc9kAMOnfv187cQivUY7OBPoZ0CggCAMKlE6TAsA0ww2rdC\nUUGJiBrGuBXc8zBBg1ZdISup/J8DBz0N3VNI3ewPD8ImdVfgqjjK3i0r0dHmaaTv\nkkL+XEkgU76/F72AGzyOdhJckNrP5JYZvywIRbJISzDHFVbd9z2To8ZJHZSiX+j5\nCrTJTEK/zcxn0+r0BVDd2+ToaOsCggCASSYWia2Tfu//FsiHdsb7ITICkdEMiO0g\n5kszUzWnWBe95hIlQioJdwbZ0bgYN5RqtxUi5CnzeidTJCNa1f48qXXERo5smpw/\njIwtPPobn/760ospeSzLvXzNSI97Ogq3553j6LYRTn+k6MiGL+/Covk920G4irmv\nnoMTm3jfKEUCggCAL0Xe7sUl3fcQJYJ/FWQkI4f28U1MnpTm4jpNEFKdtsJlC+Ry\nD8n8rKZx+hCxuxSfb/M8Nu34CSk152rzgtChPJL3dDC8a1aN48GsX5LurnIeqBYI\nyID7jrmErdSg3VDZaw6RtNGGJyiRUXuY/OT96DihPKj8vpcUkHKpzUXISjs=\n-----END RSA PRIVATE KEY-----\n", "user_id": "4d32cbd88cde4838b1bdc65f2552b452", "name": "tempest-TestNetworkBasicOps-283780979", "fingerprint": "3d:cd:42:75:21:21:91:cb:e6:90:38:9c:6c:4d:af:18"}}
2016-02-17 09:02:05,905 31385 INFO     [tempest_lib.common.rest_client] Request (TestNetworkBasicOps:test_update_instance_port_admin_state): 200 POST http://10.4.1.3:5000/v2.0/tokens
2016-02-17 09:02:05,906 31385 DEBUG    [tempest_lib.common.rest_client] Request - Headers: {'Content-Type': 'application/json', 'Accept': 'application/json'}
        Body: &lt;omitted&gt;
    Response - Headers: {'status': '200', 'content-length': '2510', 'vary': 'X-Auth-Token', 'server': 'Apache/2.4.7 (Ubuntu)', 'connection': 'close', 'date': 'Wed, 17 Feb 2016 09:02:05 GMT', 'content-type': 'application/json', 'x-openstack-request-id': 'req-c7db1150-6dee-42ff-b328-2cdd2d07928f'}
        Body: {"access": {"token": {"issued_at": "2016-02-17T09:02:05.895764", "expires": "2016-02-17T10:02:05Z", "id": "03be43baa5114cd8a5475159415441b5", "tenant": {"description": "tempest-TestNetworkBasicOps-1039583182-desc", "enabled": true, "id": "6615f86cc2ac4a5388f285b64c516b61", "name": "tempest-TestNetworkBasicOps-1039583182"}, "audit_ids": ["Z1v1iVaXTqqwxaWCya9Z3w"]}, "serviceCatalog": [{"endpoints": [{"adminURL": "http://10.4.1.3:8774/v2.1/6615f86cc2ac4a5388f285b64c516b61", "region": "RegionOne", "internalURL": "http://10.4.1.3:8774/v2.1/6615f86cc2ac4a5388f285b64c516b61", "id": "5d6c93e2a12244e692ab7ef507251089", "publicURL": "http://10.4.1.3:8774/v2.1/6615f86cc2ac4a5388f285b64c516b61"}], "endpoints_links": [], "type": "compute", "name": "nova"}, {"endpoints": [{"adminURL": "http://10.4.1.3:9696/", "region": "RegionOne", "internalURL": "http://10.4.1.3:9696/", "id": "736518a036e74f3dac2a76c694262c63", "publicURL": "http://10.4.1.3:9696/"}], "endpoints_links": [], "type": "network", "name": "neutron"}, {"endpoints": [{"adminURL": "http://10.4.1.3:9292", "region": "RegionOne", "internalURL": "http://10.4.1.3:9292", "id": "267c2ee62d3443e885dbbded7606e389", "publicURL": "http://10.4.1.3:9292"}], "endpoints_links": [], "type": "image", "name": "glance"}, {"endpoints": [{"adminURL": "http://10.4.1.3:8774/v2/6615f86cc2ac4a5388f285b64c516b61", "region": "RegionOne", "internalURL": "http://10.4.1.3:8774/v2/6615f86cc2ac4a5388f285b64c516b61", "id": "7eed7b352e594ad3ab4c3efc2e54392c", "publicURL": "http://10.4.1.3:8774/v2/6615f86cc2ac4a5388f285b64c516b61"}], "endpoints_links": [], "type": "compute_legacy", "name": "nova_legacy"}, {"endpoints": [{"adminURL": "http://10.4.1.3:8773/", "region": "RegionOne", "internalURL": "http://10.4.1.3:8773/", "id": "44fcae79bc284acba8e39b87719da80a", "publicURL": "http://10.4.1.3:8773/"}], "endpoints_links": [], "type": "ec2", "name": "ec2"}, {"endpoints": [{"adminURL": "http://10.4.1.3:35357/v2.0", "region": "RegionOne", "internalURL": "http://10.4.1.3:5000/v2.0", "id": "22ea8db44e4d459fb02bd901c09a215f", "publicURL": "http://10.4.1.3:5000/v2.0"}], "endpoints_links": [], "type": "identity", "name": "keystone"}], "user": {"username": "tempest-TestNetworkBasicOps-656390360", "roles_links": [], "id": "4d32cbd88cde4838b1bdc65f2552b452", "roles": [{"name": "_member_"}, {"name": "Member"}], "name": "tempest-TestNetworkBasicOps-656390360"}, "metadata": {"is_admin": 0, "roles": ["9fe2ff9ee4384b1894a90878d3e92bab", "55cc0be0600b4f998619f739c91551a4"]}}}
2016-02-17 09:02:05,911 31385 DEBUG    [tempest.common.fixed_network] (TestNetworkBasicOps:test_update_instance_port_admin_state) No valid network provided or created, defaulting to fixed_network_name
2016-02-17 09:02:06,080 31385 INFO     [tempest_lib.common.rest_client] Request (TestNetworkBasicOps:test_update_instance_port_admin_state): 200 GET http://10.4.1.3:8774/v2.1/6615f86cc2ac4a5388f285b64c516b61/os-networks 0.169s
2016-02-17 09:02:06,081 31385 DEBUG    [tempest_lib.common.rest_client] Request - Headers: {'Content-Type': 'application/json', 'Accept': 'application/json', 'X-Auth-Token': '&lt;omitted&gt;'}
        Body: None
    Response - Headers: {'status': '200', 'content-length': '479', 'content-location': 'http://10.4.1.3:8774/v2.1/6615f86cc2ac4a5388f285b64c516b61/os-networks', 'x-compute-request-id': 'req-98d69a9e-3d31-44cc-ada0-f16046b328e5', 'vary': 'X-OpenStack-Nova-API-Version', 'connection': 'close', 'x-openstack-nova-api-version': '2.1', 'date': 'Wed, 17 Feb 2016 09:02:06 GMT', 'content-type': 'application/json'}
        Body: {"networks": [{"cidr_v6": null, "dns2": null, "dns1": null, "gateway": null, "broadcast": null, "netmask": null, "gateway_v6": null, "cidr": null, "label": "public", "id": "424910f1-a7e8-41fc-a533-a7e0c8128e7a", "netmask_v6": null}, {"cidr_v6": null, "dns2": null, "dns1": null, "gateway": null, "broadcast": null, "netmask": null, "gateway_v6": null, "cidr": null, "label": "tempest-network-smoke--1368034175", "id": "2c16300d-f573-4e73-8794-0b92e387665f", "netmask_v6": null}]}
2016-02-17 09:02:06,082 31385 WARNING  [tempest.common.fixed_network] (TestNetworkBasicOps:test_update_instance_port_admin_state) Network with name: private not found
2016-02-17 09:02:06,082 31385 INFO     [tempest.common.fixed_network] (TestNetworkBasicOps:test_update_instance_port_admin_state) Found network {} available for tenant
2016-02-17 09:02:06,672 31385 INFO     [tempest_lib.common.rest_client] Request (TestNetworkBasicOps:test_update_instance_port_admin_state): 202 POST http://10.4.1.3:8774/v2.1/6615f86cc2ac4a5388f285b64c516b61/servers 0.589s
2016-02-17 09:02:06,673 31385 DEBUG    [tempest_lib.common.rest_client] Request - Headers: {'Content-Type': 'application/json', 'Accept': 'application/json', 'X-Auth-Token': '&lt;omitted&gt;'}
        Body: {"server": {"name": "tempest-server-smoke-1293804038", "imageRef": "a8073a76-d8de-4062-9d3b-6e89cd0d7989", "key_name": "tempest-TestNetworkBasicOps-283780979", "flavorRef": "42", "networks": [{"uuid": "2c16300d-f573-4e73-8794-0b92e387665f"}], "security_groups": [{"name": "tempest-secgroup-smoke-609447080"}]}}
    Response - Headers: {'status': '202', 'content-length': '459', 'x-compute-request-id': 'req-f0912f27-d08c-4640-a84e-fc318a16c1b3', 'vary': 'X-OpenStack-Nova-API-Version', 'connection': 'close', 'location': 'http://10.4.1.3:8774/v2.1/6615f86cc2ac4a5388f285b64c516b61/servers/40fad3bf-b583-4183-a10a-2cdf6c1ef881', 'x-openstack-nova-api-version': '2.1', 'date': 'Wed, 17 Feb 2016 09:02:06 GMT', 'content-type': 'application/json'}
        Body: {"server": {"security_groups": [{"name": "tempest-secgroup-smoke-609447080"}], "OS-DCF:diskConfig": "MANUAL", "id": "40fad3bf-b583-4183-a10a-2cdf6c1ef881", "links": [{"href": "http://10.4.1.3:8774/v2.1/6615f86cc2ac4a5388f285b64c516b61/servers/40fad3bf-b583-4183-a10a-2cdf6c1ef881", "rel": "self"}, {"href": "http://10.4.1.3:8774/6615f86cc2ac4a5388f285b64c516b61/servers/40fad3bf-b583-4183-a10a-2cdf6c1ef881", "rel": "bookmark"}], "adminPass": "NRVBX5y7R9tp"}}
2016-02-17 09:02:06,818 31385 INFO     [tempest_lib.common.rest_client] Request (TestNetworkBasicOps:test_update_instance_port_admin_state): 200 GET http://10.4.1.3:8774/v2.1/6615f86cc2ac4a5388f285b64c516b61/servers/40fad3bf-b583-4183-a10a-2cdf6c1ef881 0.142s
2016-02-17 09:02:06,819 31385 DEBUG    [tempest_lib.common.rest_client] Request - Headers: {'Content-Type': 'application/json', 'Accept': 'application/json', 'X-Auth-Token': '&lt;omitted&gt;'}
        Body: None
    Response - Headers: {'status': '200', 'content-length': '1340', 'content-location': 'http://10.4.1.3:8774/v2.1/6615f86cc2ac4a5388f285b64c516b61/servers/40fad3bf-b583-4183-a10a-2cdf6c1ef881', 'x-compute-request-id': 'req-8522358b-97c4-4e2b-bff2-3af1fe3d74cd', 'vary': 'X-OpenStack-Nova-API-Version', 'connection': 'close', 'x-openstack-nova-api-version': '2.1', 'date': 'Wed, 17 Feb 2016 09:02:06 GMT', 'content-type': 'application/json'}
        Body: {"server": {"status": "BUILD", "updated": "2016-02-17T09:02:06Z", "hostId": "", "addresses": {}, "links": [{"href": "http://10.4.1.3:8774/v2.1/6615f86cc2ac4a5388f285b64c516b61/servers/40fad3bf-b583-4183-a10a-2cdf6c1ef881", "rel": "self"}, {"href": "http://10.4.1.3:8774/6615f86cc2ac4a5388f285b64c516b61/servers/40fad3bf-b583-4183-a10a-2cdf6c1ef881", "rel": "bookmark"}], "key_name": "tempest-TestNetworkBasicOps-283780979", "image": {"id": "a8073a76-d8de-4062-9d3b-6e89cd0d7989", "links": [{"href": "http://10.4.1.3:8774/6615f86cc2ac4a5388f285b64c516b61/images/a8073a76-d8de-4062-9d3b-6e89cd0d7989", "rel": "bookmark"}]}, "OS-EXT-STS:task_state": "scheduling", "OS-EXT-STS:vm_state": "building", "OS-SRV-USG:launched_at": null, "flavor": {"id": "42", "links": [{"href": "http://10.4.1.3:8774/6615f86cc2ac4a5388f285b64c516b61/flavors/42", "rel": "bookmark"}]}, "id": "40fad3bf-b583-4183-a10a-2cdf6c1ef881", "OS-SRV-USG:terminated_at": null, "OS-EXT-AZ:availability_zone": "", "user_id": "4d32cbd88cde4838b1bdc65f2552b452", "name": "tempest-server-smoke-1293804038", "created": "2016-02-17T09:02:06Z", "tenant_id": "6615f86cc2ac4a5388f285b64c516b61", "OS-DCF:diskConfig": "MANUAL", "os-extended-volumes:volumes_attached": [], "accessIPv4": "", "accessIPv6": "", "progress": 0, "OS-EXT-STS:power_state": 0, "config_drive": "", "metadata": {}}}
2016-02-17 09:02:08,209 31385 INFO     [tempest_lib.common.rest_client] Request (TestNetworkBasicOps:test_update_instance_port_admin_state): 200 GET http://10.4.1.3:8774/v2.1/6615f86cc2ac4a5388f285b64c516b61/servers/40fad3bf-b583-4183-a10a-2cdf6c1ef881 0.377s
2016-02-17 09:02:08,210 31385 DEBUG    [tempest_lib.common.rest_client] Request - Headers: {'Content-Type': 'application/json', 'Accept': 'application/json', 'X-Auth-Token': '&lt;omitted&gt;'}
        Body: None
    Response - Headers: {'status': '200', 'content-length': '1465', 'content-location': 'http://10.4.1.3:8774/v2.1/6615f86cc2ac4a5388f285b64c516b61/servers/40fad3bf-b583-4183-a10a-2cdf6c1ef881', 'x-compute-request-id': 'req-8d9a9332-82af-4979-9548-19df77fba774', 'vary': 'X-OpenStack-Nova-API-Version', 'connection': 'close', 'x-openstack-nova-api-version': '2.1', 'date': 'Wed, 17 Feb 2016 09:02:08 GMT', 'content-type': 'application/json'}
        Body: {"server": {"status": "BUILD", "updated": "2016-02-17T09:02:07Z", "hostId": "14363a1bcd6e5f195afce034adf67c29e0cee11b6a8404a1edf45fed", "addresses": {}, "links": [{"href": "http://10.4.1.3:8774/v2.1/6615f86cc2ac4a5388f285b64c516b61/servers/40fad3bf-b583-4183-a10a-2cdf6c1ef881", "rel": "self"}, {"href": "http://10.4.1.3:8774/6615f86cc2ac4a5388f285b64c516b61/servers/40fad3bf-b583-4183-a10a-2cdf6c1ef881", "rel": "bookmark"}], "key_name": "tempest-TestNetworkBasicOps-283780979", "image": {"id": "a8073a76-d8de-4062-9d3b-6e89cd0d7989", "links": [{"href": "http://10.4.1.3:8774/6615f86cc2ac4a5388f285b64c516b61/images/a8073a76-d8de-4062-9d3b-6e89cd0d7989", "rel": "bookmark"}]}, "OS-EXT-STS:task_state": "spawning", "OS-EXT-STS:vm_state": "building", "OS-SRV-USG:launched_at": null, "flavor": {"id": "42", "links": [{"href": "http://10.4.1.3:8774/6615f86cc2ac4a5388f285b64c516b61/flavors/42", "rel": "bookmark"}]}, "id": "40fad3bf-b583-4183-a10a-2cdf6c1ef881", "security_groups": [{"name": "tempest-secgroup-smoke-609447080"}], "OS-SRV-USG:terminated_at": null, "OS-EXT-AZ:availability_zone": "nova", "user_id": "4d32cbd88cde4838b1bdc65f2552b452", "name": "tempest-server-smoke-1293804038", "created": "2016-02-17T09:02:06Z", "tenant_id": "6615f86cc2ac4a5388f285b64c516b61", "OS-DCF:diskConfig": "MANUAL", "os-extended-volumes:volumes_attached": [], "accessIPv4": "", "accessIPv6": "", "progress": 0, "OS-EXT-STS:power_state": 0, "config_drive": "", "metadata": {}}}
2016-02-17 09:02:08,229 31385 INFO     [tempest.common.waiters] State transition "BUILD/scheduling" ==&gt; "BUILD/spawning" after 2 second wait
2016-02-17 09:02:09,412 31385 INFO     [tempest_lib.common.rest_client] Request (TestNetworkBasicOps:test_update_instance_port_admin_state): 200 GET http://10.4.1.3:8774/v2.1/6615f86cc2ac4a5388f285b64c516b61/servers/40fad3bf-b583-4183-a10a-2cdf6c1ef881 0.180s
2016-02-17 09:02:09,413 31385 DEBUG    [tempest_lib.common.rest_client] Request - Headers: {'Content-Type': 'application/json', 'Accept': 'application/json', 'X-Auth-Token': '&lt;omitted&gt;'}
        Body: None
    Response - Headers: {'status': '200', 'content-length': '1465', 'content-location': 'http://10.4.1.3:8774/v2.1/6615f86cc2ac4a5388f285b64c516b61/servers/40fad3bf-b583-4183-a10a-2cdf6c1ef881', 'x-compute-request-id': 'req-6f30a708-2650-4632-b9e2-be428e483cec', 'vary': 'X-OpenStack-Nova-API-Version', 'connection': 'close', 'x-openstack-nova-api-version': '2.1', 'date': 'Wed, 17 Feb 2016 09:02:09 GMT', 'content-type': 'application/json'}
        Body: {"server": {"status": "BUILD", "updated": "2016-02-17T09:02:07Z", "hostId": "14363a1bcd6e5f195afce034adf67c29e0cee11b6a8404a1edf45fed", "addresses": {}, "links": [{"href": "http://10.4.1.3:8774/v2.1/6615f86cc2ac4a5388f285b64c516b61/servers/40fad3bf-b583-4183-a10a-2cdf6c1ef881", "rel": "self"}, {"href": "http://10.4.1.3:8774/6615f86cc2ac4a5388f285b64c516b61/servers/40fad3bf-b583-4183-a10a-2cdf6c1ef881", "rel": "bookmark"}], "key_name": "tempest-TestNetworkBasicOps-283780979", "image": {"id": "a8073a76-d8de-4062-9d3b-6e89cd0d7989", "links": [{"href": "http://10.4.1.3:8774/6615f86cc2ac4a5388f285b64c516b61/images/a8073a76-d8de-4062-9d3b-6e89cd0d7989", "rel": "bookmark"}]}, "OS-EXT-STS:task_state": "spawning", "OS-EXT-STS:vm_state": "building", "OS-SRV-USG:launched_at": null, "flavor": {"id": "42", "links": [{"href": "http://10.4.1.3:8774/6615f86cc2ac4a5388f285b64c516b61/flavors/42", "rel": "bookmark"}]}, "id": "40fad3bf-b583-4183-a10a-2cdf6c1ef881", "security_groups": [{"name": "tempest-secgroup-smoke-609447080"}], "OS-SRV-USG:terminated_at": null, "OS-EXT-AZ:availability_zone": "nova", "user_id": "4d32cbd88cde4838b1bdc65f2552b452", "name": "tempest-server-smoke-1293804038", "created": "2016-02-17T09:02:06Z", "tenant_id": "6615f86cc2ac4a5388f285b64c516b61", "OS-DCF:diskConfig": "MANUAL", "os-extended-volumes:volumes_attached": [], "accessIPv4": "", "accessIPv6": "", "progress": 0, "OS-EXT-STS:power_state": 0, "config_drive": "", "metadata": {}}}
2016-02-17 09:02:10,659 31385 INFO     [tempest_lib.common.rest_client] Request (TestNetworkBasicOps:test_update_instance_port_admin_state): 200 GET http://10.4.1.3:8774/v2.1/6615f86cc2ac4a5388f285b64c516b61/servers/40fad3bf-b583-4183-a10a-2cdf6c1ef881 0.231s
2016-02-17 09:02:10,659 31385 DEBUG    [tempest_lib.common.rest_client] Request - Headers: {'Content-Type': 'application/json', 'Accept': 'application/json', 'X-Auth-Token': '&lt;omitted&gt;'}
        Body: None
    Response - Headers: {'status': '200', 'content-length': '1637', 'content-location': 'http://10.4.1.3:8774/v2.1/6615f86cc2ac4a5388f285b64c516b61/servers/40fad3bf-b583-4183-a10a-2cdf6c1ef881', 'x-compute-request-id': 'req-947ba8ad-35d5-4e35-8461-6811dae91d86', 'vary': 'X-OpenStack-Nova-API-Version', 'connection': 'close', 'x-openstack-nova-api-version': '2.1', 'date': 'Wed, 17 Feb 2016 09:02:10 GMT', 'content-type': 'application/json'}
        Body: {"server": {"status": "ACTIVE", "updated": "2016-02-17T09:02:09Z", "hostId": "14363a1bcd6e5f195afce034adf67c29e0cee11b6a8404a1edf45fed", "addresses": {"tempest-network-smoke--1368034175": [{"OS-EXT-IPS-MAC:mac_addr": "fa:16:3e:b4:fa:45", "version": 4, "addr": "10.100.0.3", "OS-EXT-IPS:type": "fixed"}]}, "links": [{"href": "http://10.4.1.3:8774/v2.1/6615f86cc2ac4a5388f285b64c516b61/servers/40fad3bf-b583-4183-a10a-2cdf6c1ef881", "rel": "self"}, {"href": "http://10.4.1.3:8774/6615f86cc2ac4a5388f285b64c516b61/servers/40fad3bf-b583-4183-a10a-2cdf6c1ef881", "rel": "bookmark"}], "key_name": "tempest-TestNetworkBasicOps-283780979", "image": {"id": "a8073a76-d8de-4062-9d3b-6e89cd0d7989", "links": [{"href": "http://10.4.1.3:8774/6615f86cc2ac4a5388f285b64c516b61/images/a8073a76-d8de-4062-9d3b-6e89cd0d7989", "rel": "bookmark"}]}, "OS-EXT-STS:task_state": null, "OS-EXT-STS:vm_state": "active", "OS-SRV-USG:launched_at": "2016-02-17T09:02:09.000000", "flavor": {"id": "42", "links": [{"href": "http://10.4.1.3:8774/6615f86cc2ac4a5388f285b64c516b61/flavors/42", "rel": "bookmark"}]}, "id": "40fad3bf-b583-4183-a10a-2cdf6c1ef881", "security_groups": [{"name": "tempest-secgroup-smoke-609447080"}], "OS-SRV-USG:terminated_at": null, "OS-EXT-AZ:availability_zone": "nova", "user_id": "4d32cbd88cde4838b1bdc65f2552b452", "name": "tempest-server-smoke-1293804038", "created": "2016-02-17T09:02:06Z", "tenant_id": "6615f86cc2ac4a5388f285b64c516b61", "OS-DCF:diskConfig": "MANUAL", "os-extended-volumes:volumes_attached": [], "accessIPv4": "", "accessIPv6": "", "progress": 0, "OS-EXT-STS:power_state": 1, "config_drive": "True", "metadata": {}}}
2016-02-17 09:02:10,668 31385 INFO     [tempest.common.waiters] State transition "BUILD/spawning" ==&gt; "ACTIVE/None" after 4 second wait
2016-02-17 09:02:10,876 31385 INFO     [tempest_lib.common.rest_client] Request (TestNetworkBasicOps:test_update_instance_port_admin_state): 200 GET http://10.4.1.3:8774/v2.1/6615f86cc2ac4a5388f285b64c516b61/servers/40fad3bf-b583-4183-a10a-2cdf6c1ef881 0.207s
2016-02-17 09:02:10,876 31385 DEBUG    [tempest_lib.common.rest_client] Request - Headers: {'Content-Type': 'application/json', 'Accept': 'application/json', 'X-Auth-Token': '&lt;omitted&gt;'}
        Body: None
    Response - Headers: {'status': '200', 'content-length': '1637', 'content-location': 'http://10.4.1.3:8774/v2.1/6615f86cc2ac4a5388f285b64c516b61/servers/40fad3bf-b583-4183-a10a-2cdf6c1ef881', 'x-compute-request-id': 'req-35bf311e-2224-4915-a504-a2aee54cea24', 'vary': 'X-OpenStack-Nova-API-Version', 'connection': 'close', 'x-openstack-nova-api-version': '2.1', 'date': 'Wed, 17 Feb 2016 09:02:10 GMT', 'content-type': 'application/json'}
        Body: {"server": {"status": "ACTIVE", "updated": "2016-02-17T09:02:09Z", "hostId": "14363a1bcd6e5f195afce034adf67c29e0cee11b6a8404a1edf45fed", "addresses": {"tempest-network-smoke--1368034175": [{"OS-EXT-IPS-MAC:mac_addr": "fa:16:3e:b4:fa:45", "version": 4, "addr": "10.100.0.3", "OS-EXT-IPS:type": "fixed"}]}, "links": [{"href": "http://10.4.1.3:8774/v2.1/6615f86cc2ac4a5388f285b64c516b61/servers/40fad3bf-b583-4183-a10a-2cdf6c1ef881", "rel": "self"}, {"href": "http://10.4.1.3:8774/6615f86cc2ac4a5388f285b64c516b61/servers/40fad3bf-b583-4183-a10a-2cdf6c1ef881", "rel": "bookmark"}], "key_name": "tempest-TestNetworkBasicOps-283780979", "image": {"id": "a8073a76-d8de-4062-9d3b-6e89cd0d7989", "links": [{"href": "http://10.4.1.3:8774/6615f86cc2ac4a5388f285b64c516b61/images/a8073a76-d8de-4062-9d3b-6e89cd0d7989", "rel": "bookmark"}]}, "OS-EXT-STS:task_state": null, "OS-EXT-STS:vm_state": "active", "OS-SRV-USG:launched_at": "2016-02-17T09:02:09.000000", "flavor": {"id": "42", "links": [{"href": "http://10.4.1.3:8774/6615f86cc2ac4a5388f285b64c516b61/flavors/42", "rel": "bookmark"}]}, "id": "40fad3bf-b583-4183-a10a-2cdf6c1ef881", "security_groups": [{"name": "tempest-secgroup-smoke-609447080"}], "OS-SRV-USG:terminated_at": null, "OS-EXT-AZ:availability_zone": "nova", "user_id": "4d32cbd88cde4838b1bdc65f2552b452", "name": "tempest-server-smoke-1293804038", "created": "2016-02-17T09:02:06Z", "tenant_id": "6615f86cc2ac4a5388f285b64c516b61", "OS-DCF:diskConfig": "MANUAL", "os-extended-volumes:volumes_attached": [], "accessIPv4": "", "accessIPv6": "", "progress": 0, "OS-EXT-STS:power_state": 1, "config_drive": "True", "metadata": {}}}
2016-02-17 09:02:10,885 31385 INFO     [tempest.scenario.manager] Tenant networks not configured to be reachable.
2016-02-17 09:02:10,916 31385 INFO     [tempest_lib.common.rest_client] Request (TestNetworkBasicOps:test_update_instance_port_admin_state): 200 GET http://10.4.1.3:9696/v2.0/ports?fixed_ip=None&amp;device_id=40fad3bf-b583-4183-a10a-2cdf6c1ef881 0.029s
2016-02-17 09:02:10,916 31385 DEBUG    [tempest_lib.common.rest_client] Request - Headers: {'Content-Type': 'application/json', 'Accept': 'application/json', 'X-Auth-Token': '&lt;omitted&gt;'}
        Body: None
    Response - Headers: {'status': '200', 'content-length': '895', 'content-location': 'http://10.4.1.3:9696/v2.0/ports?fixed_ip=None&amp;device_id=40fad3bf-b583-4183-a10a-2cdf6c1ef881', 'connection': 'close', 'date': 'Wed, 17 Feb 2016 09:02:10 GMT', 'content-type': 'application/json; charset=UTF-8', 'x-openstack-request-id': 'req-a872ffd3-0ba3-4453-be6e-6b56d5a09a17'}
        Body: {"ports": [{"status": "ACTIVE", "binding:host_id": "vagrant-ubuntu-trusty-64", "allowed_address_pairs": [], "extra_dhcp_opts": [], "dns_assignment": [{"hostname": "host-10-100-0-3", "ip_address": "10.100.0.3", "fqdn": "host-10-100-0-3.openstacklocal."}], "device_owner": "compute:None", "port_security_enabled": true, "binding:profile": {}, "fixed_ips": [{"subnet_id": "f8180981-6469-4279-bcf6-55bda3dbd012", "ip_address": "10.100.0.3"}], "id": "eeeffecb-c523-4712-b8ae-f8da3447c8fb", "security_groups": ["88f1cca3-9fde-4df4-9483-ffd0099c29d3"], "device_id": "40fad3bf-b583-4183-a10a-2cdf6c1ef881", "name": "", "admin_state_up": true, "network_id": "2c16300d-f573-4e73-8794-0b92e387665f", "dns_name": "", "binding:vif_details": {"port_filter": true}, "binding:vnic_type": "normal", "binding:vif_type": "ovs", "tenant_id": "6615f86cc2ac4a5388f285b64c516b61", "mac_address": "fa:16:3e:b4:fa:45"}]}
2016-02-17 09:02:11,347 31385 INFO     [tempest_lib.common.rest_client] Request (TestNetworkBasicOps:test_update_instance_port_admin_state): 201 POST http://10.4.1.3:9696/v2.0/floatingips 0.431s
2016-02-17 09:02:11,348 31385 DEBUG    [tempest_lib.common.rest_client] Request - Headers: {'Content-Type': 'application/json', 'Accept': 'application/json', 'X-Auth-Token': '&lt;omitted&gt;'}
        Body: {"floatingip": {"floating_network_id": "424910f1-a7e8-41fc-a533-a7e0c8128e7a", "tenant_id": "6615f86cc2ac4a5388f285b64c516b61", "fixed_ip_address": "10.100.0.3", "port_id": "eeeffecb-c523-4712-b8ae-f8da3447c8fb"}}
    Response - Headers: {'status': '201', 'content-length': '368', 'connection': 'close', 'date': 'Wed, 17 Feb 2016 09:02:11 GMT', 'content-type': 'application/json; charset=UTF-8', 'x-openstack-request-id': 'req-eb51eff9-a05c-4532-84ef-d355e6ea23db'}
        Body: {"floatingip": {"floating_network_id": "424910f1-a7e8-41fc-a533-a7e0c8128e7a", "router_id": "09d4f5ad-b088-43ca-9451-962d185272a0", "fixed_ip_address": "10.100.0.3", "floating_ip_address": "172.24.4.18", "tenant_id": "6615f86cc2ac4a5388f285b64c516b61", "status": "DOWN", "port_id": "eeeffecb-c523-4712-b8ae-f8da3447c8fb", "id": "e3513a78-542e-454b-a015-b82902ceb740"}}
2016-02-17 09:02:11,383 31385 INFO     [tempest_lib.common.rest_client] Request (TestNetworkBasicOps:test_update_instance_port_admin_state): 200 GET http://10.4.1.3:9696/v2.0/ports?device_id=40fad3bf-b583-4183-a10a-2cdf6c1ef881 0.035s
2016-02-17 09:02:11,383 31385 DEBUG    [tempest_lib.common.rest_client] Request - Headers: {'Content-Type': 'application/json', 'Accept': 'application/json', 'X-Auth-Token': '&lt;omitted&gt;'}
        Body: None
    Response - Headers: {'status': '200', 'content-length': '895', 'content-location': 'http://10.4.1.3:9696/v2.0/ports?device_id=40fad3bf-b583-4183-a10a-2cdf6c1ef881', 'connection': 'close', 'date': 'Wed, 17 Feb 2016 09:02:11 GMT', 'content-type': 'application/json; charset=UTF-8', 'x-openstack-request-id': 'req-f767c13a-c38a-49ea-9165-68ac26d0b9ce'}
        Body: {"ports": [{"status": "ACTIVE", "binding:host_id": "vagrant-ubuntu-trusty-64", "allowed_address_pairs": [], "extra_dhcp_opts": [], "dns_assignment": [{"hostname": "host-10-100-0-3", "ip_address": "10.100.0.3", "fqdn": "host-10-100-0-3.openstacklocal."}], "device_owner": "compute:None", "port_security_enabled": true, "binding:profile": {}, "fixed_ips": [{"subnet_id": "f8180981-6469-4279-bcf6-55bda3dbd012", "ip_address": "10.100.0.3"}], "id": "eeeffecb-c523-4712-b8ae-f8da3447c8fb", "security_groups": ["88f1cca3-9fde-4df4-9483-ffd0099c29d3"], "device_id": "40fad3bf-b583-4183-a10a-2cdf6c1ef881", "name": "", "admin_state_up": true, "network_id": "2c16300d-f573-4e73-8794-0b92e387665f", "dns_name": "", "binding:vif_details": {"port_filter": true}, "binding:vnic_type": "normal", "binding:vif_type": "ovs", "tenant_id": "6615f86cc2ac4a5388f285b64c516b61", "mac_address": "fa:16:3e:b4:fa:45"}]}
2016-02-17 09:02:11,398 31385 INFO     [tempest_lib.common.rest_client] Request (TestNetworkBasicOps:test_update_instance_port_admin_state): 200 GET http://10.4.1.3:9696/v2.0/floatingips/e3513a78-542e-454b-a015-b82902ceb740 0.013s
2016-02-17 09:02:11,398 31385 DEBUG    [tempest_lib.common.rest_client] Request - Headers: {'Content-Type': 'application/json', 'Accept': 'application/json', 'X-Auth-Token': '&lt;omitted&gt;'}
        Body: None
    Response - Headers: {'status': '200', 'content-length': '368', 'content-location': 'http://10.4.1.3:9696/v2.0/floatingips/e3513a78-542e-454b-a015-b82902ceb740', 'connection': 'close', 'date': 'Wed, 17 Feb 2016 09:02:11 GMT', 'content-type': 'application/json; charset=UTF-8', 'x-openstack-request-id': 'req-5c171088-010a-46dd-a9cc-ddc090adf08f'}
        Body: {"floatingip": {"floating_network_id": "424910f1-a7e8-41fc-a533-a7e0c8128e7a", "router_id": "09d4f5ad-b088-43ca-9451-962d185272a0", "fixed_ip_address": "10.100.0.3", "floating_ip_address": "172.24.4.18", "tenant_id": "6615f86cc2ac4a5388f285b64c516b61", "status": "DOWN", "port_id": "eeeffecb-c523-4712-b8ae-f8da3447c8fb", "id": "e3513a78-542e-454b-a015-b82902ceb740"}}
2016-02-17 09:02:12,413 31385 INFO     [tempest_lib.common.rest_client] Request (TestNetworkBasicOps:test_update_instance_port_admin_state): 200 GET http://10.4.1.3:9696/v2.0/floatingips/e3513a78-542e-454b-a015-b82902ceb740 0.012s
2016-02-17 09:02:12,413 31385 DEBUG    [tempest_lib.common.rest_client] Request - Headers: {'Content-Type': 'application/json', 'Accept': 'application/json', 'X-Auth-Token': '&lt;omitted&gt;'}
        Body: None
    Response - Headers: {'status': '200', 'content-length': '370', 'content-location': 'http://10.4.1.3:9696/v2.0/floatingips/e3513a78-542e-454b-a015-b82902ceb740', 'connection': 'close', 'date': 'Wed, 17 Feb 2016 09:02:12 GMT', 'content-type': 'application/json; charset=UTF-8', 'x-openstack-request-id': 'req-b19533d7-9a22-46fd-918f-edd91743531a'}
        Body: {"floatingip": {"floating_network_id": "424910f1-a7e8-41fc-a533-a7e0c8128e7a", "router_id": "09d4f5ad-b088-43ca-9451-962d185272a0", "fixed_ip_address": "10.100.0.3", "floating_ip_address": "172.24.4.18", "tenant_id": "6615f86cc2ac4a5388f285b64c516b61", "status": "ACTIVE", "port_id": "eeeffecb-c523-4712-b8ae-f8da3447c8fb", "id": "e3513a78-542e-454b-a015-b82902ceb740"}}
2016-02-17 09:02:12,414 31385 INFO     [tempest.scenario.manager] FloatingIP: &lt;"FloatingIP" addr="172.24.4.18" id="e3513a78-542e-454b-a015-b82902ceb740"&gt; is at status: ACTIVE
2016-02-17 09:02:12,414 31385 DEBUG    [tempest.scenario.manager] checking network connections to IP 172.24.4.18 with user: cirros
2016-02-17 09:02:12,415 31385 DEBUG    [tempest.scenario.manager] TestNetworkBasicOps:test_update_instance_port_admin_state begins to ping 172.24.4.18 in 120 sec and the expected result is reachable
2016-02-17 09:02:30,517 31385 DEBUG    [tempest.scenario.manager] TestNetworkBasicOps:test_update_instance_port_admin_state finishes ping 172.24.4.18 in 120 sec and the ping result is expected
2016-02-17 09:02:30,519 31385 INFO     [tempest_lib.common.ssh] Creating ssh connection to '172.24.4.18' as 'cirros' with public key authentication
2016-02-17 09:02:30,525 31385 WARNING  [tempest_lib.common.ssh] Failed to establish authenticated ssh connection to cirros@172.24.4.18 ([Errno None] Unable to connect to port 22 on  or 172.24.4.18). Number attempts: 1. Retry after 2 seconds.
2016-02-17 09:02:33,084 31385 INFO     [paramiko.transport] Connected (version 2.0, client dropbear_2012.55)
2016-02-17 09:02:33,395 31385 INFO     [paramiko.transport] Authentication (publickey) successful!
2016-02-17 09:02:33,418 31385 INFO     [tempest_lib.common.ssh] ssh connection to cirros@172.24.4.18 successfully created
2016-02-17 09:02:33,752 31385 INFO     [tempest_lib.common.rest_client] Request (TestNetworkBasicOps:test_update_instance_port_admin_state): 200 PUT http://10.4.1.3:9696/v2.0/ports/eeeffecb-c523-4712-b8ae-f8da3447c8fb 0.218s
2016-02-17 09:02:33,752 31385 DEBUG    [tempest_lib.common.rest_client] Request - Headers: {'Content-Type': 'application/json', 'Accept': 'application/json', 'X-Auth-Token': '&lt;omitted&gt;'}
        Body: {"port": {"admin_state_up": false}}
    Response - Headers: {'status': '200', 'content-length': '750', 'connection': 'close', 'date': 'Wed, 17 Feb 2016 09:02:33 GMT', 'content-type': 'application/json; charset=UTF-8', 'x-openstack-request-id': 'req-fbd4f9f3-c874-4897-b3f0-e59f32d3b1cf'}
        Body: {"port": {"status": "ACTIVE", "name": "", "allowed_address_pairs": [], "admin_state_up": false, "network_id": "2c16300d-f573-4e73-8794-0b92e387665f", "dns_name": "", "extra_dhcp_opts": [], "mac_address": "fa:16:3e:b4:fa:45", "dns_assignment": [{"hostname": "host-10-100-0-3", "ip_address": "10.100.0.3", "fqdn": "host-10-100-0-3.openstacklocal."}], "binding:vnic_type": "normal", "device_owner": "compute:None", "tenant_id": "6615f86cc2ac4a5388f285b64c516b61", "port_security_enabled": true, "fixed_ips": [{"subnet_id": "f8180981-6469-4279-bcf6-55bda3dbd012", "ip_address": "10.100.0.3"}], "id": "eeeffecb-c523-4712-b8ae-f8da3447c8fb", "security_groups": ["88f1cca3-9fde-4df4-9483-ffd0099c29d3"], "device_id": "40fad3bf-b583-4183-a10a-2cdf6c1ef881"}}
2016-02-17 09:02:33,753 31385 DEBUG    [tempest.scenario.manager] checking network connections to IP 172.24.4.18 with user: cirros
2016-02-17 09:02:33,753 31385 DEBUG    [tempest.scenario.manager] TestNetworkBasicOps:test_update_instance_port_admin_state begins to ping 172.24.4.18 in 120 sec and the expected result is unreachable
2016-02-17 09:04:34,371 31385 DEBUG    [tempest.scenario.manager] TestNetworkBasicOps:test_update_instance_port_admin_state finishes ping 172.24.4.18 in 120 sec and the ping result is unexpected
2016-02-17 09:04:34,372 31385 ERROR    [tempest.scenario.manager] Public network connectivity check failed: after updating admin_state_up of instance port to False
2016-02-17 09:04:34.372 31385 ERROR tempest.scenario.manager Traceback (most recent call last):
2016-02-17 09:04:34.372 31385 ERROR tempest.scenario.manager   File "tempest/scenario/manager.py", line 598, in check_public_network_connectivity
2016-02-17 09:04:34.372 31385 ERROR tempest.scenario.manager     should_connect=should_connect)
2016-02-17 09:04:34.372 31385 ERROR tempest.scenario.manager   File "tempest/scenario/manager.py", line 582, in check_vm_connectivity
2016-02-17 09:04:34.372 31385 ERROR tempest.scenario.manager     msg=msg)
2016-02-17 09:04:34.372 31385 ERROR tempest.scenario.manager   File "/usr/local/lib/python2.7/dist-packages/unittest2/case.py", line 702, in assertTrue
2016-02-17 09:04:34.372 31385 ERROR tempest.scenario.manager     raise self.failureException(msg)
2016-02-17 09:04:34.372 31385 ERROR tempest.scenario.manager AssertionError: False is not true : ip address 172.24.4.18 is reachable
2016-02-17 09:04:34.372 31385 ERROR tempest.scenario.manager 
2016-02-17 09:04:34,593 31385 INFO     [tempest_lib.common.rest_client] Request (TestNetworkBasicOps:test_update_instance_port_admin_state): 200 POST http://10.4.1.3:8774/v2.1/6615f86cc2ac4a5388f285b64c516b61/servers/40fad3bf-b583-4183-a10a-2cdf6c1ef881/action 0.214s
2016-02-17 09:04:34,594 31385 DEBUG    [tempest_lib.common.rest_client] Request - Headers: {'Content-Type': 'application/json', 'Accept': 'application/json', 'X-Auth-Token': '&lt;omitted&gt;'}
        Body: {"os-getConsoleOutput": {}}
    Response - Headers: {'status': '200', 'content-length': '19793', 'x-compute-request-id': 'req-e0dc3d37-bec8-40b1-845a-b9f46928e51c', 'vary': 'X-OpenStack-Nova-API-Version', 'connection': 'close', 'x-openstack-nova-api-version': '2.1', 'date': 'Wed, 17 Feb 2016 09:04:34 GMT', 'content-type': 'application/json'}
        Body: {"output": "[    0.000000] Initializing cgroup subsys cpuset\n[    0.000000] Initializing cgroup subsys cpu\n[    0.000000] Linux version 3.2.0-80-virtual (buildd@batsu) (gcc version 4.6.3 (Ubuntu/Linaro 4.6.3-1ubuntu5) ) #116-Ubuntu SMP Mon Mar 23 17:28:52 UTC 2015 (Ubuntu 3.2.0-80.116-virtual 3.2.68)\n[    0.000000] Command line: root=/dev/vda console=tty0 console=ttyS0 no_timer_check\n[    0.000000] KERNEL supported cpus:\n[    0.000000]   Intel GenuineIntel\n[    0.000000]   AMD AuthenticAMD\n[    0.000000]   Centaur CentaurHauls\n[    0.000000] BIOS-provided physical RAM map:\n[    0.000000]  BIOS-e820: 0000000000000000 - 000000000009fc00 (usable)\n[    0.000000]  BIOS-e820: 000000000009fc00 - 00000000000a0000 (reserved)\n[    0.000000]  BIOS-e820: 00000000000f0000 - 0000000000100000 (reserved)\n[    0.000000]  BIOS-e820: 0000000000100000 - 0000000003ffe000 (usable)\n[    0.000000]  BIOS-e820: 0000000003ffe000 - 0000000004000000 (reserved)\n[    0.000000]  BIOS-e820: 00000000fffc0000 - 0000000100000000 (reserved)\n[    0.000000] NX (Execute Disable) protection: active\n[    0.000000] SMBIOS 2.4 present.\n[    0.000000] No AGP bridge found\n[    0.000000] last_pfn = 0x3ffe max_arch_pfn = 0x400000000\n[    0.000000] x86 PAT enabled: cpu 0, old 0x7040600070406, new 0x7010600070106\n[    0.000000] found SMP MP-table at [ffff8800000f0b00] f0b00\n[    0.000000] init_memory_mapping: 0000000000000000-0000000003ffe000\n[    0.000000] RAMDISK: 03c5e000 - 03ff0000\n[    0.000000] ACPI: RSDP 00000000000f0950 00014 (v00 BOCHS )\n[    0.000000] ACPI: RSDT 0000000003fffbc1 00034 (v01 BOCHS  BXPCRSDT 00000001 BXPC 00000001)\n[    0.000000] ACPI: FACP 0000000003fff1c0 00074 (v01 BOCHS  BXPCFACP 00000001 BXPC 00000001)\n[    0.000000] ACPI: DSDT 0000000003ffe040 01180 (v01 BOCHS  BXPCDSDT 00000001 BXPC 00000001)\n[    0.000000] ACPI: FACS 0000000003ffe000 00040\n[    0.000000] ACPI: SSDT 0000000003fff234 008DD (v01 BOCHS  BXPCSSDT 00000001 BXPC 00000001)\n[    0.000000] ACPI: APIC 0000000003fffb11 00078 (v01 BOCHS  BXPCAPIC 00000001 BXPC 00000001)\n[    0.000000] ACPI: HPET 0000000003fffb89 00038 (v01 BOCHS  BXPCHPET 00000001 BXPC 00000001)\n[    0.000000] No NUMA configuration found\n[    0.000000] Faking a node at 0000000000000000-0000000003ffe000\n[    0.000000] Initmem setup node 0 0000000000000000-0000000003ffe000\n[    0.000000]   NODE_DATA [0000000003ff6000 - 0000000003ffafff]\n[    0.000000] Zone PFN ranges:\n[    0.000000]   DMA      0x00000010 -&gt; 0x00001000\n[    0.000000]   DMA32    0x00001000 -&gt; 0x00100000\n[    0.000000]   Normal   empty\n[    0.000000] Movable zone start PFN for each node\n[    0.000000] early_node_map[2] active PFN ranges\n[    0.000000]     0: 0x00000010 -&gt; 0x0000009f\n[    0.000000]     0: 0x00000100 -&gt; 0x00003ffe\n[    0.000000] ACPI: PM-Timer IO Port: 0xb008\n[    0.000000] ACPI: LAPIC (acpi_id[0x00] lapic_id[0x00] enabled)\n[    0.000000] ACPI: LAPIC_NMI (acpi_id[0xff] dfl dfl lint[0x1])\n[    0.000000] ACPI: IOAPIC (id[0x00] address[0xfec00000] gsi_base[0])\n[    0.000000] IOAPIC[0]: apic_id 0, version 17, address 0xfec00000, GSI 0-23\n[    0.000000] ACPI: INT_SRC_OVR (bus 0 bus_irq 0 global_irq 2 dfl dfl)\n[    0.000000] ACPI: INT_SRC_OVR (bus 0 bus_irq 5 global_irq 5 high level)\n[    0.000000] ACPI: INT_SRC_OVR (bus 0 bus_irq 9 global_irq 9 high level)\n[    0.000000] ACPI: INT_SRC_OVR (bus 0 bus_irq 10 global_irq 10 high level)\n[    0.000000] ACPI: INT_SRC_OVR (bus 0 bus_irq 11 global_irq 11 high level)\n[    0.000000] Using ACPI (MADT) for SMP configuration information\n[    0.000000] ACPI: HPET id: 0x8086a201 base: 0xfed00000\n[    0.000000] SMP: Allowing 1 CPUs, 0 hotplug CPUs\n[    0.000000] PM: Registered nosave memory: 000000000009f000 - 00000000000a0000\n[    0.000000] PM: Registered nosave memory: 00000000000a0000 - 00000000000f0000\n[    0.000000] PM: Registered nosave memory: 00000000000f0000 - 0000000000100000\n[    0.000000] Allocating PCI resources starting at 4000000 (gap: 4000000:fbfc0000)\n[    0.000000] Booting paravirtualized kernel on bare hardware\n[    0.000000] setup_pe
2016-02-17 09:04:34,598 31385 DEBUG    [tempest.scenario.manager] Console output for 40fad3bf-b583-4183-a10a-2cdf6c1ef881
body=
[    0.000000] Initializing cgroup subsys cpuset
[    0.000000] Initializing cgroup subsys cpu
[    0.000000] Linux version 3.2.0-80-virtual (buildd@batsu) (gcc version 4.6.3 (Ubuntu/Linaro 4.6.3-1ubuntu5) ) #116-Ubuntu SMP Mon Mar 23 17:28:52 UTC 2015 (Ubuntu 3.2.0-80.116-virtual 3.2.68)
[    0.000000] Command line: root=/dev/vda console=tty0 console=ttyS0 no_timer_check
[    0.000000] KERNEL supported cpus:
[    0.000000]   Intel GenuineIntel
[    0.000000]   AMD AuthenticAMD
[    0.000000]   Centaur CentaurHauls
[    0.000000] BIOS-provided physical RAM map:
[    0.000000]  BIOS-e820: 0000000000000000 - 000000000009fc00 (usable)
[    0.000000]  BIOS-e820: 000000000009fc00 - 00000000000a0000 (reserved)
[    0.000000]  BIOS-e820: 00000000000f0000 - 0000000000100000 (reserved)
[    0.000000]  BIOS-e820: 0000000000100000 - 0000000003ffe000 (usable)
[    0.000000]  BIOS-e820: 0000000003ffe000 - 0000000004000000 (reserved)
[    0.000000]  BIOS-e820: 00000000fffc0000 - 0000000100000000 (reserved)
[    0.000000] NX (Execute Disable) protection: active
[    0.000000] SMBIOS 2.4 present.
[    0.000000] No AGP bridge found
[    0.000000] last_pfn = 0x3ffe max_arch_pfn = 0x400000000
[    0.000000] x86 PAT enabled: cpu 0, old 0x7040600070406, new 0x7010600070106
[    0.000000] found SMP MP-table at [ffff8800000f0b00] f0b00
[    0.000000] init_memory_mapping: 0000000000000000-0000000003ffe000
[    0.000000] RAMDISK: 03c5e000 - 03ff0000
[    0.000000] ACPI: RSDP 00000000000f0950 00014 (v00 BOCHS )
[    0.000000] ACPI: RSDT 0000000003fffbc1 00034 (v01 BOCHS  BXPCRSDT 00000001 BXPC 00000001)
[    0.000000] ACPI: FACP 0000000003fff1c0 00074 (v01 BOCHS  BXPCFACP 00000001 BXPC 00000001)
[    0.000000] ACPI: DSDT 0000000003ffe040 01180 (v01 BOCHS  BXPCDSDT 00000001 BXPC 00000001)
[    0.000000] ACPI: FACS 0000000003ffe000 00040
[    0.000000] ACPI: SSDT 0000000003fff234 008DD (v01 BOCHS  BXPCSSDT 00000001 BXPC 00000001)
[    0.000000] ACPI: APIC 0000000003fffb11 00078 (v01 BOCHS  BXPCAPIC 00000001 BXPC 00000001)
[    0.000000] ACPI: HPET 0000000003fffb89 00038 (v01 BOCHS  BXPCHPET 00000001 BXPC 00000001)
[    0.000000] No NUMA configuration found
[    0.000000] Faking a node at 0000000000000000-0000000003ffe000
[    0.000000] Initmem setup node 0 0000000000000000-0000000003ffe000
[    0.000000]   NODE_DATA [0000000003ff6000 - 0000000003ffafff]
[    0.000000] Zone PFN ranges:
[    0.000000]   DMA      0x00000010 -&gt; 0x00001000
[    0.000000]   DMA32    0x00001000 -&gt; 0x00100000
[    0.000000]   Normal   empty
[    0.000000] Movable zone start PFN for each node
[    0.000000] early_node_map[2] active PFN ranges
[    0.000000]     0: 0x00000010 -&gt; 0x0000009f
[    0.000000]     0: 0x00000100 -&gt; 0x00003ffe
[    0.000000] ACPI: PM-Timer IO Port: 0xb008
[    0.000000] ACPI: LAPIC (acpi_id[0x00] lapic_id[0x00] enabled)
[    0.000000] ACPI: LAPIC_NMI (acpi_id[0xff] dfl dfl lint[0x1])
[    0.000000] ACPI: IOAPIC (id[0x00] address[0xfec00000] gsi_base[0])
[    0.000000] IOAPIC[0]: apic_id 0, version 17, address 0xfec00000, GSI 0-23
[    0.000000] ACPI: INT_SRC_OVR (bus 0 bus_irq 0 global_irq 2 dfl dfl)
[    0.000000] ACPI: INT_SRC_OVR (bus 0 bus_irq 5 global_irq 5 high level)
[    0.000000] ACPI: INT_SRC_OVR (bus 0 bus_irq 9 global_irq 9 high level)
[    0.000000] ACPI: INT_SRC_OVR (bus 0 bus_irq 10 global_irq 10 high level)
[    0.000000] ACPI: INT_SRC_OVR (bus 0 bus_irq 11 global_irq 11 high level)
[    0.000000] Using ACPI (MADT) for SMP configuration information
[    0.000000] ACPI: HPET id: 0x8086a201 base: 0xfed00000
[    0.000000] SMP: Allowing 1 CPUs, 0 hotplug CPUs
[    0.000000] PM: Registered nosave memory: 000000000009f000 - 00000000000a0000
[    0.000000] PM: Registered nosave memory: 00000000000a0000 - 00000000000f0000
[    0.000000] PM: Registered nosave memory: 00000000000f0000 - 0000000000100000
[    0.000000] Allocating PCI resources starting at 4000000 (gap: 4000000:fbfc0000)
[    0.000000] Booting paravirtualized kernel on bare hardware
[    0.000000] setup_percpu: NR_CPUS:64 nr_cpumask_bits:64 nr_cpu_ids:1 nr_node_ids:1
[    0.000000] PERCPU: Embedded 27 pages/cpu @ffff880003a00000 s78848 r8192 d23552 u2097152
[    0.000000] Built 1 zonelists in Node order, mobility grouping on.  Total pages: 16008
[    0.000000] Policy zone: DMA32
[    0.000000] Kernel command line: root=/dev/vda console=tty0 console=ttyS0 no_timer_check
[    0.000000] PID hash table entries: 256 (order: -1, 2048 bytes)
[    0.000000] Checking aperture...
[    0.000000] No AGP bridge found
[    0.000000] Memory: 43492k/65528k available (6576k kernel code, 452k absent, 21584k reserved, 6620k data, 928k init)
[    0.000000] SLUB: Genslabs=15, HWalign=64, Order=0-3, MinObjects=0, CPUs=1, Nodes=1
[    0.000000] Hierarchical RCU implementation.
[    0.000000] 	RCU dyntick-idle grace-period acceleration is enabled.
[    0.000000] NR_IRQS:4352 nr_irqs:256 16
[    0.000000] Console: colour VGA+ 80x25
[    0.000000] console [tty0] enabled
[    0.000000] console [ttyS0] enabled
[    0.000000] allocated 1048576 bytes of page_cgroup
[    0.000000] please try 'cgroup_disable=memory' option if you don't want memory cgroups
[    0.000000] Fast TSC calibration failed
[    0.000000] TSC: Unable to calibrate against PIT
[    0.000000] TSC: using HPET reference calibration
[    0.000000] Detected 2291.760 MHz processor.
[    0.032803] Calibrating delay loop (skipped), value calculated using timer frequency.. 4583.52 BogoMIPS (lpj=9167040)
[    0.036711] pid_max: default: 32768 minimum: 301
[    0.045541] Security Framework initialized
[    0.050318] AppArmor: AppArmor initialized
[    0.052123] Yama: becoming mindful.
[    0.060142] Dentry cache hash table entries: 8192 (order: 4, 65536 bytes)
[    0.061272] Inode-cache hash table entries: 4096 (order: 3, 32768 bytes)
[    0.063307] Mount-cache hash table entries: 256
[    0.078401] Initializing cgroup subsys cpuacct
[    0.080143] Initializing cgroup subsys memory
[    0.081960] Initializing cgroup subsys devices
[    0.082525] Initializing cgroup subsys freezer
[    0.084094] Initializing cgroup subsys blkio
[    0.084850] Initializing cgroup subsys perf_event
[    0.089567] mce: CPU supports 10 MCE banks
[    0.092112] SMP alternatives: switching to UP code
[    0.492541] Freeing SMP alternatives: 24k freed
[    0.494483] ACPI: Core revision 20110623
[    0.544499] ftrace: allocating 26610 entries in 105 pages
[    0.574083] ..TIMER: vector=0x30 apic1=0 pin1=2 apic2=-1 pin2=-1
[    0.576282] CPU0: AMD QEMU Virtual CPU version 2.0.0 stepping 03
[    0.584035] Performance Events: Broken PMU hardware detected, using software events only.
[    0.598129] NMI watchdog disabled (cpu0): hardware events not enabled
[    0.600723] Brought up 1 CPUs
[    0.601253] Total of 1 processors activated (4583.52 BogoMIPS).
[    0.622829] devtmpfs: initialized
[    0.661204] EVM: security.selinux
[    0.661825] EVM: security.SMACK64
[    0.662288] EVM: security.capability
[    0.686658] print_constraints: dummy: 
[    0.690026] RTC time:  9:02:13, date: 02/17/16
[    0.693063] NET: Registered protocol family 16
[    0.702651] ACPI: bus type pci registered
[    0.706426] PCI: Using configuration type 1 for base access
[    0.743173] bio: create slab &lt;bio-0&gt; at 0
[    0.751084] ACPI: Added _OSI(Module Device)
[    0.752129] ACPI: Added _OSI(Processor Device)
[    0.752672] ACPI: Added _OSI(3.0 _SCP Extensions)
[    0.753208] ACPI: Added _OSI(Processor Aggregator Device)
[    0.823138] ACPI: Interpreter enabled
[    0.824185] ACPI: (supports S0 S3 S4 S5)
[    0.826019] ACPI: Using IOAPIC for interrupt routing
[    0.913766] ACPI: No dock devices found.
[    0.914267] HEST: Table not found.
[    0.914929] PCI: Using host bridge windows from ACPI; if necessary, use "pci=nocrs" and report a bug
[    0.921173] ACPI: PCI Root Bridge [PCI0] (domain 0000 [bus 00-ff])
[    0.926884] pci_root PNP0A03:00: host bridge window [io  0x0000-0x0cf7]
[    0.928162] pci_root PNP0A03:00: host bridge window [io  0x0d00-0xadff]
[    0.929037] pci_root PNP0A03:00: host bridge window [io  0xae0f-0xaeff]
[    0.932108] pci_root PNP0A03:00: host bridge window [io  0xaf20-0xafdf]
[    0.932933] pci_root PNP0A03:00: host bridge window [io  0xafe4-0xffff]
[    0.933886] pci_root PNP0A03:00: host bridge window [mem 0x000a0000-0x000bffff]
[    0.935040] pci_root PNP0A03:00: host bridge window [mem 0x04000000-0xfebfffff]
[    0.956518] pci 0000:00:01.3: quirk: [io  0xb000-0xb03f] claimed by PIIX4 ACPI
[    0.957469] pci 0000:00:01.3: quirk: [io  0xb100-0xb10f] claimed by PIIX4 SMB
[    1.025067]  pci0000:00: Unable to request _OSC control (_OSC support mask: 0x1e)
[    1.077524] ACPI: PCI Interrupt Link [LNKA] (IRQs 5 *10 11)
[    1.080482] ACPI: PCI Interrupt Link [LNKB] (IRQs 5 *10 11)
[    1.082150] ACPI: PCI Interrupt Link [LNKC] (IRQs 5 10 *11)
[    1.084659] ACPI: PCI Interrupt Link [LNKD] (IRQs 5 10 *11)
[    1.085918] ACPI: PCI Interrupt Link [LNKS] (IRQs *9)
[    1.092982] vgaarb: device added: PCI:0000:00:02.0,decodes=io+mem,owns=io+mem,locks=none
[    1.093961] vgaarb: loaded
[    1.094350] vgaarb: bridge control possible 0000:00:02.0
[    1.098461] i2c-core: driver [aat2870] using legacy suspend method
[    1.099400] i2c-core: driver [aat2870] using legacy resume method
[    1.101636] SCSI subsystem initialized
[    1.105996] usbcore: registered new interface driver usbfs
[    1.107197] usbcore: registered new interface driver hub
[    1.108752] usbcore: registered new device driver usb
[    1.113281] PCI: Using ACPI for IRQ routing
[    1.124695] NetLabel: Initializing
[    1.125116] NetLabel:  domain hash size = 128
[    1.125573] NetLabel:  protocols = UNLABELED CIPSOv4
[    1.127623] NetLabel:  unlabeled traffic allowed by default
[    1.129455] HPET: 3 timers in total, 0 timers will be used for per-cpu timer
[    1.130631] hpet0: at MMIO 0xfed00000, IRQs 2, 8, 0
[    1.132530] hpet0: 3 comparators, 64-bit 100.000000 MHz counter
[    1.148736] Switching to clocksource hpet
[    1.427195] AppArmor: AppArmor Filesystem Enabled
[    1.429762] pnp: PnP ACPI init
[    1.430389] ACPI: bus type pnp registered
[    1.450808] pnp: PnP ACPI: found 9 devices
[    1.451425] ACPI: ACPI bus type pnp unregistered
[    1.510555] NET: Registered protocol family 2
[    1.553534] IP route cache hash table entries: 512 (order: 0, 4096 bytes)
[    1.561401] TCP established hash table entries: 2048 (order: 3, 32768 bytes)
[    1.562973] TCP bind hash table entries: 2048 (order: 3, 32768 bytes)
[    1.564693] TCP: Hash tables configured (established 2048 bind 2048)
[    1.565909] TCP reno registered
[    1.566421] UDP hash table entries: 128 (order: 0, 4096 bytes)
[    1.567356] UDP-Lite hash table entries: 128 (order: 0, 4096 bytes)
[    1.571519] NET: Registered protocol family 1
[    1.573314] pci 0000:00:00.0: Limiting direct PCI/PCI transfers
[    1.574050] pci 0000:00:01.0: PIIX3: Enabling Passive Release
[    1.574968] pci 0000:00:01.0: Activating ISA DMA hang workarounds
[    1.581993] ACPI: PCI Interrupt Link [LNKD] enabled at IRQ 11
[    1.583055] pci 0000:00:01.2: PCI INT D -&gt; Link[LNKD] -&gt; GSI 11 (level, high) -&gt; IRQ 11
[    1.585588] pci 0000:00:01.2: PCI INT D disabled
[    1.608015] Trying to unpack rootfs image as initramfs...
[    1.626961] audit: initializing netlink socket (disabled)
[    1.629594] type=2000 audit(1455699733.624:1): initialized
[    1.910938] HugeTLB registered 2 MB page size, pre-allocated 0 pages
[    1.981398] VFS: Disk quotas dquot_6.5.2
[    1.982655] Dquot-cache hash table entries: 512 (order 0, 4096 bytes)
[    1.995886] fuse init (API version 7.17)
[    1.999072] msgmni has been set to 84
[    2.030790] Block layer SCSI generic (bsg) driver version 0.4 loaded (major 253)
[    2.037715] io scheduler noop registered
[    2.038222] io scheduler deadline registered (default)
[    2.039297] io scheduler cfq registered
[    2.043497] pci_hotplug: PCI Hot Plug PCI Core version: 0.5
[    2.046280] pciehp: PCI Express Hot Plug Controller Driver version: 0.4
[    2.053701] input: Power Button as /devices/LNXSYSTM:00/LNXPWRBN:00/input/input0
[    2.057617] ACPI: Power Button [PWRF]
[    2.107577] ERST: Table is not found!
[    2.108683] GHES: HEST is not enabled!
[    2.123135] ACPI: PCI Interrupt Link [LNKC] enabled at IRQ 10
[    2.123898] virtio-pci 0000:00:03.0: PCI INT A -&gt; Link[LNKC] -&gt; GSI 10 (level, high) -&gt; IRQ 10
[    2.127646] virtio-pci 0000:00:04.0: PCI INT A -&gt; Link[LNKD] -&gt; GSI 11 (level, high) -&gt; IRQ 11
[    2.138057] ACPI: PCI Interrupt Link [LNKA] enabled at IRQ 10
[    2.138724] virtio-pci 0000:00:05.0: PCI INT A -&gt; Link[LNKA] -&gt; GSI 10 (level, high) -&gt; IRQ 10
[    2.149857] Serial: 8250/16550 driver, 32 ports, IRQ sharing enabled
[    2.192091] serial8250: ttyS0 at I/O 0x3f8 (irq = 4) is a 16550A
[    2.273001] serial8250: ttyS1 at I/O 0x2f8 (irq = 3) is a 16550A
[    2.401820] 00:05: ttyS0 at I/O 0x3f8 (irq = 4) is a 16550A
[    2.483481] 00:06: ttyS1 at I/O 0x2f8 (irq = 3) is a 16550A
[    2.527772] Linux agpgart interface v0.103
[    2.589560] Refined TSC clocksource calibration: 2291.771 MHz.
[    2.590347] Switching to clocksource tsc
[    2.594958] brd: module loaded
[    2.638276] loop: module loaded
[    2.681463]  vda: unknown partition table
[    2.741278] scsi0 : ata_piix
[    2.743483] scsi1 : ata_piix
[    2.745996] ata1: PATA max MWDMA2 cmd 0x1f0 ctl 0x3f6 bmdma 0xc0a0 irq 14
[    2.746760] ata2: PATA max MWDMA2 cmd 0x170 ctl 0x376 bmdma 0xc0a8 irq 15
[    2.757243] Fixed MDIO Bus: probed
[    2.758093] tun: Universal TUN/TAP device driver, 1.6
[    2.758657] tun: (C) 1999-2004 Max Krasnyansky &lt;maxk@qualcomm.com&gt;
[    2.775470] PPP generic driver version 2.4.2
[    2.796115] ehci_hcd: USB 2.0 'Enhanced' Host Controller (EHCI) Driver
[    2.798067] ohci_hcd: USB 1.1 'Open' Host Controller (OHCI) Driver
[    2.799023] uhci_hcd: USB Universal Host Controller Interface driver
[    2.799964] uhci_hcd 0000:00:01.2: PCI INT D -&gt; Link[LNKD] -&gt; GSI 11 (level, high) -&gt; IRQ 11
[    2.803762] uhci_hcd 0000:00:01.2: UHCI Host Controller
[    2.813711] uhci_hcd 0000:00:01.2: new USB bus registered, assigned bus number 1
[    2.815158] uhci_hcd 0000:00:01.2: irq 11, io base 0x0000c040
[    2.839202] hub 1-0:1.0: USB hub found
[    2.840230] hub 1-0:1.0: 2 ports detected
[    2.847751] usbcore: registered new interface driver libusual
[    2.850720] i8042: PNP: PS/2 Controller [PNP0303:KBD,PNP0f13:MOU] at 0x60,0x64 irq 1,12
[    2.857933] serio: i8042 KBD port at 0x60,0x64 irq 1
[    2.859581] serio: i8042 AUX port at 0x60,0x64 irq 12
[    2.893770] mousedev: PS/2 mouse device common for all mice
[    2.902609] input: AT Translated Set 2 keyboard as /devices/platform/i8042/serio0/input/input1
[    2.907330] rtc_cmos 00:01: RTC can wake from S4
[    2.918030] rtc_cmos 00:01: rtc core: registered rtc_cmos as rtc0
[    2.925406] rtc0: alarms up to one day, 114 bytes nvram, hpet irqs
[    2.933306] device-mapper: uevent: version 1.0.3
[    2.965339] ata2.01: ATAPI: QEMU DVD-ROM, 2.0.0, max UDMA/100
[    2.988664] ata2.01: configured for MWDMA2
[    3.015181] device-mapper: ioctl: 4.22.0-ioctl (2011-10-19) initialised: dm-devel@redhat.com
[    3.019983] cpuidle: using governor ladder
[    3.023063] cpuidle: using governor menu
[    3.025045] EFI Variables Facility v0.08 2004-May-17
[    3.039320] TCP cubic registered
[    3.045992] NET: Registered protocol family 10
[    3.074792] NET: Registered protocol family 17
[    3.076243] Registering the dns_resolver key type
[    3.088754] scsi 1:0:1:0: CD-ROM            QEMU     QEMU DVD-ROM     2.0. PQ: 0 ANSI: 5
[    3.105333] sr0: scsi3-mmc drive: 4x/4x cd/rw xa/form2 tray
[    3.107141] cdrom: Uniform CD-ROM driver Revision: 3.20
[    3.126342] sr 1:0:1:0: Attached scsi generic sg0 type 5
[    3.190332] registered taskstats version 1
[    3.258521] Freeing initrd memory: 3656k freed
[    3.760877]   Magic number: 4:167:20
[    3.773547] rtc_cmos 00:01: setting system clock to 2016-02-17 09:02:16 UTC (1455699736)
[    3.775968] powernow-k8: Processor cpuid 663 not supported
[    3.784248] BIOS EDD facility v0.16 2004-Jun-25, 0 devices found
[    3.786481] EDD information not available.
[    3.855857] Freeing unused kernel memory: 928k freed
[    3.861591] Write protecting the kernel read-only data: 12288k
[    3.946759] Freeing unused kernel memory: 1596k freed
[    4.003647] Freeing unused kernel memory: 1184k freed

info: initramfs: up at 4.19
modprobe: module virtio_blk not found in modules.dep
modprobe: module virtio_net not found in modules.dep
info: copying initramfs to /dev/vda
info: initramfs loading root from /dev/vda
info: /etc/init.d/rc.sysinit: up at 8.84
info: container: none
Starting logging: OK
modprobe: module virtio_blk not found in modules.dep
modprobe: module virtio_net not found in modules.dep
WARN: /etc/rc3.d/S10-load-modules failed
Initializing random number generator... done.
Starting acpid: OK
cirros-ds 'local' up at 11.27
found datasource (configdrive, local)
Starting network...
udhcpc (v1.20.1) started
Sending discover...
Sending select for 10.100.0.3...
Lease of 10.100.0.3 obtained, lease time 86400
route: SIOCADDRT: File exists
WARN: failed: route add -net "0.0.0.0/0" gw "10.100.0.1"
Starting dropbear sshd: generating rsa key... generating dsa key... OK
no userdata for datasource
=== system information ===
Platform: OpenStack Foundation OpenStack Nova
Container: none
Arch: x86_64
CPU(s): 1 @ 2291.760 MHz
Cores/Sockets/Threads: 1/1/1
Virt-type: AMD-V
RAM Size: 49MB
Disks:
NAME MAJ:MIN     SIZE LABEL         MOUNTPOINT
vda  253:0   25165824 cirros-rootfs /
sr0   11:0     428032 config-2      
=== sshd host keys ===
-----BEGIN SSH HOST KEY KEYS-----
ssh-rsa AAAAB3NzaC1yc2EAAAADAQABAAAAgwCPayXV8uSqg1JaQV0ViY+mprBDpDjQPH1b03eAXoectZX51VY3FJcs5TGdFSaxG+LkkOyZcPDcx6nQgRvgP19D8a+/kJ8PYu9LS9SebKDYhaETEZAcE3OHo9EOy0sgZJ3M6A7jV2tUFNZSaO84MK5GRRpSc+mTAXflkP/kRS4XdDGf root@tempest-server-smoke-1293804038
ssh-dss AAAAB3NzaC1kc3MAAACBAJce2JXduY5OGGawRBFlO6IdAE1qcHOe0tM/bNpvVoCOoR6Ls2zKF+V9AuY+wNnpIt7Ha7icrWpavFLRj0aTMThXCmdnAGqVI2NChYkiRy7j0jf2GfacEwpu2sYE2h4fSjXKf25mVdWK/fPxqTE6en67CelO9fA663je/HQoqoblAAAAFQC4Wv0M+H4pgIzQybUPWOrSqw3czQAAAIAKIFZPfhdRAEjWe8hld6jUi5sS5seciyceZI8NCrvJF7REBruD2Bfda3kqrsEsTZb6iqR+myu3qpk3Yf7VY21o7AU8Xw77/d+tc6EIEUzkpjcBVlYmEwSzoXZzETBKEGke26A4fUtkfg8b540HWrKBKtOmS9Ll3UJqE9QgHti/JQAAAIBSpqiu2xZZscPYrnWelRGrrAfZoEPQ+TxjRQU1gMEbwPtHFuWGaDIi0HWbj25VPZ2ss7sr9B+GZrbRAv40WJR4So4s5VHD9I2InMi/1O9/7qQllHKLo73Luu/e2Y7eHjzOCPq+bMXjccOKP2ndzZilKDSu04gR4hRnzO0dKHwjaQ== root@tempest-server-smoke-1293804038
-----END SSH HOST KEY KEYS-----
=== network info ===
if-info: lo,up,127.0.0.1,8,::1
if-info: eth0,up,10.100.0.3,28,fe80::f816:3eff:feb4:fa45
ip-route:default via 10.100.0.1 dev eth0 
ip-route:10.100.0.0/28 dev eth0  src 10.100.0.3 
ip-route:169.254.169.254 via 10.100.0.1 dev eth0 
=== datasource: configdrive local ===
instance-id: 40fad3bf-b583-4183-a10a-2cdf6c1ef881
name: tempest-server-smoke-1293804038
availability-zone: nova
local-hostname: tempest-server-smoke-1293804038.novalocal
launch-index: 0
=== cirros: current=0.3.4 uptime=21.69 ===
  ____               ____  ____
 / __/ __ ____ ____ / __ \/ __/
/ /__ / // __// __// /_/ /\ \ 
\___//_//_/  /_/   \____/___/ 
   http://cirros-cloud.net


login as 'cirros' user. default password: 'cubswin:)'. use 'sudo' for root.
tempest-server-smoke-1293804038 login: 
2016-02-17 09:04:34,915 31385 INFO     [tempest_lib.common.rest_client] Request (TestNetworkBasicOps:_run_cleanups): 204 DELETE http://10.4.1.3:9696/v2.0/floatingips/e3513a78-542e-454b-a015-b82902ceb740 0.312s
2016-02-17 09:04:34,916 31385 DEBUG    [tempest_lib.common.rest_client] Request - Headers: {'Content-Type': 'application/json', 'Accept': 'application/json', 'X-Auth-Token': '&lt;omitted&gt;'}
        Body: None
    Response - Headers: {'date': 'Wed, 17 Feb 2016 09:04:34 GMT', 'status': '204', 'connection': 'close', 'content-length': '0', 'x-openstack-request-id': 'req-8e7c5c06-7b7c-4910-89c1-7c651e411604'}
        Body: 
2016-02-17 09:04:35,149 31385 INFO     [tempest_lib.common.rest_client] Request (TestNetworkBasicOps:_run_cleanups): 204 DELETE http://10.4.1.3:8774/v2.1/6615f86cc2ac4a5388f285b64c516b61/servers/40fad3bf-b583-4183-a10a-2cdf6c1ef881 0.232s
2016-02-17 09:04:35,149 31385 DEBUG    [tempest_lib.common.rest_client] Request - Headers: {'Content-Type': 'application/json', 'Accept': 'application/json', 'X-Auth-Token': '&lt;omitted&gt;'}
        Body: None
    Response - Headers: {'status': '204', 'content-length': '0', 'x-compute-request-id': 'req-36382a7d-1fe3-4cce-bc74-9c80764c08cd', 'vary': 'X-OpenStack-Nova-API-Version', 'connection': 'close', 'x-openstack-nova-api-version': '2.1', 'date': 'Wed, 17 Feb 2016 09:04:35 GMT', 'content-type': 'application/json'}
        Body: 
2016-02-17 09:04:35,347 31385 INFO     [tempest_lib.common.rest_client] Request (TestNetworkBasicOps:_run_cleanups): 200 GET http://10.4.1.3:8774/v2.1/6615f86cc2ac4a5388f285b64c516b61/servers/40fad3bf-b583-4183-a10a-2cdf6c1ef881 0.197s
2016-02-17 09:04:35,348 31385 DEBUG    [tempest_lib.common.rest_client] Request - Headers: {'Content-Type': 'application/json', 'Accept': 'application/json', 'X-Auth-Token': '&lt;omitted&gt;'}
        Body: None
    Response - Headers: {'status': '200', 'content-length': '1761', 'content-location': 'http://10.4.1.3:8774/v2.1/6615f86cc2ac4a5388f285b64c516b61/servers/40fad3bf-b583-4183-a10a-2cdf6c1ef881', 'x-compute-request-id': 'req-f3eafa2b-af45-41b2-97a3-9f7d47d11811', 'vary': 'X-OpenStack-Nova-API-Version', 'connection': 'close', 'x-openstack-nova-api-version': '2.1', 'date': 'Wed, 17 Feb 2016 09:04:35 GMT', 'content-type': 'application/json'}
        Body: {"server": {"status": "ACTIVE", "updated": "2016-02-17T09:04:35Z", "hostId": "14363a1bcd6e5f195afce034adf67c29e0cee11b6a8404a1edf45fed", "addresses": {"tempest-network-smoke--1368034175": [{"OS-EXT-IPS-MAC:mac_addr": "fa:16:3e:b4:fa:45", "version": 4, "addr": "10.100.0.3", "OS-EXT-IPS:type": "fixed"}, {"OS-EXT-IPS-MAC:mac_addr": "fa:16:3e:b4:fa:45", "version": 4, "addr": "172.24.4.18", "OS-EXT-IPS:type": "floating"}]}, "links": [{"href": "http://10.4.1.3:8774/v2.1/6615f86cc2ac4a5388f285b64c516b61/servers/40fad3bf-b583-4183-a10a-2cdf6c1ef881", "rel": "self"}, {"href": "http://10.4.1.3:8774/6615f86cc2ac4a5388f285b64c516b61/servers/40fad3bf-b583-4183-a10a-2cdf6c1ef881", "rel": "bookmark"}], "key_name": "tempest-TestNetworkBasicOps-283780979", "image": {"id": "a8073a76-d8de-4062-9d3b-6e89cd0d7989", "links": [{"href": "http://10.4.1.3:8774/6615f86cc2ac4a5388f285b64c516b61/images/a8073a76-d8de-4062-9d3b-6e89cd0d7989", "rel": "bookmark"}]}, "OS-EXT-STS:task_state": "deleting", "OS-EXT-STS:vm_state": "active", "OS-SRV-USG:launched_at": "2016-02-17T09:02:09.000000", "flavor": {"id": "42", "links": [{"href": "http://10.4.1.3:8774/6615f86cc2ac4a5388f285b64c516b61/flavors/42", "rel": "bookmark"}]}, "id": "40fad3bf-b583-4183-a10a-2cdf6c1ef881", "security_groups": [{"name": "tempest-secgroup-smoke-609447080"}], "OS-SRV-USG:terminated_at": null, "OS-EXT-AZ:availability_zone": "nova", "user_id": "4d32cbd88cde4838b1bdc65f2552b452", "name": "tempest-server-smoke-1293804038", "created": "2016-02-17T09:02:06Z", "tenant_id": "6615f86cc2ac4a5388f285b64c516b61", "OS-DCF:diskConfig": "MANUAL", "os-extended-volumes:volumes_attached": [], "accessIPv4": "", "accessIPv6": "", "progress": 0, "OS-EXT-STS:power_state": 1, "config_drive": "True", "metadata": {}}}
2016-02-17 09:04:36,511 31385 INFO     [tempest_lib.common.rest_client] Request (TestNetworkBasicOps:_run_cleanups): 200 GET http://10.4.1.3:8774/v2.1/6615f86cc2ac4a5388f285b64c516b61/servers/40fad3bf-b583-4183-a10a-2cdf6c1ef881 0.151s
2016-02-17 09:04:36,512 31385 DEBUG    [tempest_lib.common.rest_client] Request - Headers: {'Content-Type': 'application/json', 'Accept': 'application/json', 'X-Auth-Token': '&lt;omitted&gt;'}
        Body: None
