<?xml version="1.0" encoding="UTF-8"?>
<!DOCTYPE html PUBLIC "-//W3C//DTD XHTML 1.0 Strict//EN"
     "http://www.w3.org/TR/xhtml1/DTD/xhtml1-strict.dtd">
<html xmlns="http://www.w3.org/1999/xhtml">
<head>
    <title>Unit Test Report</title>
    <meta name="generator" content="subunit2html 0.1"/>
    <meta http-equiv="Content-Type" content="text/html; charset=UTF-8"/>
    
<style type="text/css" media="screen">
body        { font-family: verdana, arial, helvetica, sans-serif;
    font-size: 80%; }
table       { font-size: 100%; width: 100%;}
pre         { font-size: 80%; }

/* -- heading -------------------------------------------------------------- */
h1 {
        font-size: 16pt;
        color: gray;
}
.heading {
    margin-top: 0ex;
    margin-bottom: 1ex;
}

.heading .attribute {
    margin-top: 1ex;
    margin-bottom: 0;
}

.heading .description {
    margin-top: 4ex;
    margin-bottom: 6ex;
}

/* -- css div popup -------------------------------------------------------- */
a.popup_link {
}

a.popup_link:hover {
    color: red;
}

.popup_window {
    display: none;
    overflow-x: scroll;
    /*border: solid #627173 1px; */
    padding: 10px;
    background-color: #E6E6D6;
    font-family: "Ubuntu Mono", "Lucida Console", "Courier New", monospace;
    text-align: left;
    font-size: 8pt;
}

}
/* -- report --------------------------------------------------------------- */
#show_detail_line {
    margin-top: 3ex;
    margin-bottom: 1ex;
}
#result_table {
    width: 100%;
    border-collapse: collapse;
    border: 1px solid #777;
}
#header_row {
    font-weight: bold;
    color: white;
    background-color: #777;
}
#result_table td {
    border: 1px solid #777;
    padding: 2px;
}
#total_row  { font-weight: bold; }
.passClass  { background-color: #6c6; }
.failClass  { background-color: #c60; }
.errorClass { background-color: #c00; }
.passCase   { color: #6c6; }
.failCase   { color: #c60; font-weight: bold; }
.errorCase  { color: #c00; font-weight: bold; }
.hiddenRow  { display: none; }
.testcase   { margin-left: 2em; }
td.testname {width: 40%}
td.small {width: 40px}

/* -- ending --------------------------------------------------------------- */
#ending {
}

</style>

</head>
<body>
<script language="javascript" type="text/javascript"><!--
output_list = Array();

/* level - 0:Summary; 1:Failed; 2:All */
function showCase(level) {
    trs = document.getElementsByTagName("tr");
    for (var i = 0; i < trs.length; i++) {
        tr = trs[i];
        id = tr.id;
        if (id.substr(0,2) == 'ft') {
            if (level < 1) {
                tr.className = 'hiddenRow';
            }
            else {
                tr.className = '';
            }
        }
        if (id.substr(0,2) == 'pt') {
            if (level > 1) {
                tr.className = '';
            }
            else {
                tr.className = 'hiddenRow';
            }
        }
    }
}


function showClassDetail(cid, count) {
    var id_list = Array(count);
    var toHide = 1;
    for (var i = 0; i < count; i++) {
        tid0 = 't' + cid.substr(1) + '.' + (i+1);
        tid = 'f' + tid0;
        tr = document.getElementById(tid);
        if (!tr) {
            tid = 'p' + tid0;
            tr = document.getElementById(tid);
        }
        id_list[i] = tid;
        if (tr.className) {
            toHide = 0;
        }
    }
    for (var i = 0; i < count; i++) {
        tid = id_list[i];
        if (toHide) {
            document.getElementById('div_'+tid).style.display = 'none'
            document.getElementById(tid).className = 'hiddenRow';
        }
        else {
            document.getElementById(tid).className = '';
        }
    }
}


function showTestDetail(div_id){
    var details_div = document.getElementById(div_id)
    var displayState = details_div.style.display
    // alert(displayState)
    if (displayState != 'block' ) {
        displayState = 'block'
        details_div.style.display = 'block'
    }
    else {
        details_div.style.display = 'none'
    }
}


function html_escape(s) {
    s = s.replace(/&/g,'&amp;');
    s = s.replace(/</g,'&lt;');
    s = s.replace(/>/g,'&gt;');
    return s;
}

/* obsoleted by detail in <div>
function showOutput(id, name) {
    var w = window.open("", //url
                    name,
                    "resizable,scrollbars,status,width=800,height=450");
    d = w.document;
    d.write("<pre>");
    d.write(html_escape(output_list[id]));
    d.write("\n");
    d.write("<a href='javascript:window.close()'>close</a>\n");
    d.write("</pre>\n");
    d.close();
}
*/
--></script>

<div class='heading'>
<h1>Unit Test Report</h1>

<p class='attribute'><strong>Status:</strong> Pass 8 Failure 1</p>

<p class='description'></p>
</div>



<p id='show_detail_line'>Show
<a href='javascript:showCase(0)'>Summary</a>
<a href='javascript:showCase(1)'>Failed</a>
<a href='javascript:showCase(2)'>All</a>
</p>
<table id='result_table'>
<colgroup>
<col align='left' />
<col align='right' />
<col align='right' />
<col align='right' />
<col align='right' />
<col align='right' />
<col align='right' />
<col align='right' />
</colgroup>
<tr id='header_row'>
    <td>Test Group/Test case</td>
    <td>Count</td>
    <td>Pass</td>
    <td>Fail</td>
    <td>Error</td>
    <td>Skip</td>
    <td>View</td>
    <td> </td>
</tr>

<tr class='failClass'>
    <td class="testname">tempest.scenario.test_network_basic_ops.TestNetworkBasicOps</td>
    <td class="small">9</td>
    <td class="small">8</td>
    <td class="small">1</td>
    <td class="small">0</td>
    <td class="small">0</td>
    <td class="small"><a href="javascript:showClassDetail('c1',9)"
>Detail</a></td>
    <td> </td>
</tr>

<tr id='pt1.1' class='hiddenRow'>
    <td class='none'><div class='testcase'>test_connectivity_between_vms_on_different_networks[compute,id-1546850e-fbaa-42f5-8b5f-03d8a6a95f15,network]</div></td>
    <td colspan='7' align='left'>

    <!--css div popup start-->
    <a class="popup_link" onfocus='this.blur();'
    href="javascript:showTestDetail('div_pt1.1')" >
        pass</a>

    <div id='div_pt1.1' class="popup_window">
        <div style='text-align: right; color:red;cursor:pointer'>
        <a onfocus='this.blur();'
onclick="document.getElementById('div_pt1.1').style.display = 'none' " >
           [x]</a>
        </div>
        <pre>
        
pt1.1: tempest.scenario.test_network_basic_ops.TestNetworkBasicOps.test_connectivity_between_vms_on_different_networks[compute,id-1546850e-fbaa-42f5-8b5f-03d8a6a95f15,network]

        </pre>
    </div>
    <!--css div popup end-->

    </td>
</tr>

<tr id='pt1.2' class='hiddenRow'>
    <td class='none'><div class='testcase'>test_hotplug_nic[compute,id-c5adff73-e961-41f1-b4a9-343614f18cfa,network]</div></td>
    <td colspan='7' align='left'>

    <!--css div popup start-->
    <a class="popup_link" onfocus='this.blur();'
    href="javascript:showTestDetail('div_pt1.2')" >
        pass</a>

    <div id='div_pt1.2' class="popup_window">
        <div style='text-align: right; color:red;cursor:pointer'>
        <a onfocus='this.blur();'
onclick="document.getElementById('div_pt1.2').style.display = 'none' " >
           [x]</a>
        </div>
        <pre>
        
pt1.2: tempest.scenario.test_network_basic_ops.TestNetworkBasicOps.test_hotplug_nic[compute,id-c5adff73-e961-41f1-b4a9-343614f18cfa,network]

        </pre>
    </div>
    <!--css div popup end-->

    </td>
</tr>

<tr id='pt1.3' class='hiddenRow'>
    <td class='none'><div class='testcase'>test_network_basic_ops[compute,id-f323b3ba-82f8-4db7-8ea6-6a895869ec49,network,smoke]</div></td>
    <td colspan='7' align='left'>

    <!--css div popup start-->
    <a class="popup_link" onfocus='this.blur();'
    href="javascript:showTestDetail('div_pt1.3')" >
        pass</a>

    <div id='div_pt1.3' class="popup_window">
        <div style='text-align: right; color:red;cursor:pointer'>
        <a onfocus='this.blur();'
onclick="document.getElementById('div_pt1.3').style.display = 'none' " >
           [x]</a>
        </div>
        <pre>
        
pt1.3: tempest.scenario.test_network_basic_ops.TestNetworkBasicOps.test_network_basic_ops[compute,id-f323b3ba-82f8-4db7-8ea6-6a895869ec49,network,smoke]

        </pre>
    </div>
    <!--css div popup end-->

    </td>
</tr>

<tr id='pt1.4' class='hiddenRow'>
    <td class='none'><div class='testcase'>test_port_security_macspoofing_port[compute,id-7c0bb1a2-d053-49a4-98f9-ca1a1d849f63,network]</div></td>
    <td colspan='7' align='left'>

    <!--css div popup start-->
    <a class="popup_link" onfocus='this.blur();'
    href="javascript:showTestDetail('div_pt1.4')" >
        pass</a>

    <div id='div_pt1.4' class="popup_window">
        <div style='text-align: right; color:red;cursor:pointer'>
        <a onfocus='this.blur();'
onclick="document.getElementById('div_pt1.4').style.display = 'none' " >
           [x]</a>
        </div>
        <pre>
        
pt1.4: tempest.scenario.test_network_basic_ops.TestNetworkBasicOps.test_port_security_macspoofing_port[compute,id-7c0bb1a2-d053-49a4-98f9-ca1a1d849f63,network]

        </pre>
    </div>
    <!--css div popup end-->

    </td>
</tr>

<tr id='pt1.5' class='hiddenRow'>
    <td class='none'><div class='testcase'>test_preserve_preexisting_port[compute,id-759462e1-8535-46b0-ab3a-33aa45c55aaa,network]</div></td>
    <td colspan='7' align='left'>

    <!--css div popup start-->
    <a class="popup_link" onfocus='this.blur();'
    href="javascript:showTestDetail('div_pt1.5')" >
        pass</a>

    <div id='div_pt1.5' class="popup_window">
        <div style='text-align: right; color:red;cursor:pointer'>
        <a onfocus='this.blur();'
onclick="document.getElementById('div_pt1.5').style.display = 'none' " >
           [x]</a>
        </div>
        <pre>
        
pt1.5: tempest.scenario.test_network_basic_ops.TestNetworkBasicOps.test_preserve_preexisting_port[compute,id-759462e1-8535-46b0-ab3a-33aa45c55aaa,network]

        </pre>
    </div>
    <!--css div popup end-->

    </td>
</tr>

<tr id='pt1.6' class='hiddenRow'>
    <td class='none'><div class='testcase'>test_router_rescheduling[compute,id-2e788c46-fb3f-4ac9-8f82-0561555bea73,network]</div></td>
    <td colspan='7' align='left'>

    <!--css div popup start-->
    <a class="popup_link" onfocus='this.blur();'
    href="javascript:showTestDetail('div_pt1.6')" >
        pass</a>

    <div id='div_pt1.6' class="popup_window">
        <div style='text-align: right; color:red;cursor:pointer'>
        <a onfocus='this.blur();'
onclick="document.getElementById('div_pt1.6').style.display = 'none' " >
           [x]</a>
        </div>
        <pre>
        
pt1.6: tempest.scenario.test_network_basic_ops.TestNetworkBasicOps.test_router_rescheduling[compute,id-2e788c46-fb3f-4ac9-8f82-0561555bea73,network]

        </pre>
    </div>
    <!--css div popup end-->

    </td>
</tr>

<tr id='pt1.7' class='hiddenRow'>
    <td class='none'><div class='testcase'>test_subnet_details[compute,id-d8bb918e-e2df-48b2-97cd-b73c95450980,network]</div></td>
    <td colspan='7' align='left'>

    <!--css div popup start-->
    <a class="popup_link" onfocus='this.blur();'
    href="javascript:showTestDetail('div_pt1.7')" >
        pass</a>

    <div id='div_pt1.7' class="popup_window">
        <div style='text-align: right; color:red;cursor:pointer'>
        <a onfocus='this.blur();'
onclick="document.getElementById('div_pt1.7').style.display = 'none' " >
           [x]</a>
        </div>
        <pre>
        
pt1.7: tempest.scenario.test_network_basic_ops.TestNetworkBasicOps.test_subnet_details[compute,id-d8bb918e-e2df-48b2-97cd-b73c95450980,network]

        </pre>
    </div>
    <!--css div popup end-->

    </td>
</tr>

<tr id='ft1.8' class='none'>
    <td class='failCase'><div class='testcase'>test_update_instance_port_admin_state[compute,id-f5dfcc22-45fd-409f-954c-5bd500d7890b,network]</div></td>
    <td colspan='7' align='left'>

    <!--css div popup start-->
    <a class="popup_link" onfocus='this.blur();'
    href="javascript:showTestDetail('div_ft1.8')" >
        fail</a>

    <div id='div_ft1.8' class="popup_window">
        <div style='text-align: right; color:red;cursor:pointer'>
        <a onfocus='this.blur();'
onclick="document.getElementById('div_ft1.8').style.display = 'none' " >
           [x]</a>
        </div>
        <pre>
        
ft1.8: tempest.scenario.test_network_basic_ops.TestNetworkBasicOps.test_update_instance_port_admin_state[compute,id-f5dfcc22-45fd-409f-954c-5bd500d7890b,network]_StringException: Empty attachments:
  stderr
  stdout

pythonlogging:'': {{{
2016-01-26 14:26:33,043 19202 INFO     [tempest_lib.common.rest_client] Request (TestNetworkBasicOps:test_update_instance_port_admin_state): 201 POST http://10.4.1.3:9696/v2.0/security-groups 0.099s
2016-01-26 14:26:33,044 19202 DEBUG    [tempest_lib.common.rest_client] Request - Headers: {'Content-Type': 'application/json', 'Accept': 'application/json', 'X-Auth-Token': '&lt;omitted&gt;'}
        Body: {"security_group": {"tenant_id": "217774e541be404480bc7a6f98505732", "description": "tempest-secgroup-smoke-650643257 description", "name": "tempest-secgroup-smoke-650643257"}}
    Response - Headers: {'status': '201', 'content-length': '886', 'connection': 'close', 'date': 'Tue, 26 Jan 2016 14:26:33 GMT', 'content-type': 'application/json; charset=UTF-8', 'x-openstack-request-id': 'req-d8ec54ba-bbfc-47f6-9bfe-2c7a43b6fa7a'}
        Body: {"security_group": {"tenant_id": "217774e541be404480bc7a6f98505732", "description": "tempest-secgroup-smoke-650643257 description", "id": "b8e4ea31-18f5-45db-a3c4-4c70be196629", "security_group_rules": [{"remote_group_id": null, "direction": "egress", "remote_ip_prefix": null, "protocol": null, "ethertype": "IPv4", "tenant_id": "217774e541be404480bc7a6f98505732", "port_range_max": null, "port_range_min": null, "id": "8a5872c5-3fb4-4c43-aab9-78e582d9dcc4", "security_group_id": "b8e4ea31-18f5-45db-a3c4-4c70be196629"}, {"remote_group_id": null, "direction": "egress", "remote_ip_prefix": null, "protocol": null, "ethertype": "IPv6", "tenant_id": "217774e541be404480bc7a6f98505732", "port_range_max": null, "port_range_min": null, "id": "023564db-fb31-4941-a354-bfe00ce3ab21", "security_group_id": "b8e4ea31-18f5-45db-a3c4-4c70be196629"}], "name": "tempest-secgroup-smoke-650643257"}}
2016-01-26 14:26:33,147 19202 INFO     [tempest_lib.common.rest_client] Request (TestNetworkBasicOps:test_update_instance_port_admin_state): 201 POST http://10.4.1.3:9696/v2.0/security-group-rules 0.100s
2016-01-26 14:26:33,147 19202 DEBUG    [tempest_lib.common.rest_client] Request - Headers: {'Content-Type': 'application/json', 'Accept': 'application/json', 'X-Auth-Token': '&lt;omitted&gt;'}
        Body: {"security_group_rule": {"direction": "ingress", "protocol": "tcp", "tenant_id": "217774e541be404480bc7a6f98505732", "port_range_max": 22, "security_group_id": "b8e4ea31-18f5-45db-a3c4-4c70be196629", "port_range_min": 22}}
    Response - Headers: {'status': '201', 'content-length': '340', 'connection': 'close', 'date': 'Tue, 26 Jan 2016 14:26:33 GMT', 'content-type': 'application/json; charset=UTF-8', 'x-openstack-request-id': 'req-b2e02bb8-a0ec-40a4-a57f-ec33a3cbfc50'}
        Body: {"security_group_rule": {"remote_group_id": null, "direction": "ingress", "remote_ip_prefix": null, "protocol": "tcp", "ethertype": "IPv4", "tenant_id": "217774e541be404480bc7a6f98505732", "port_range_max": 22, "port_range_min": 22, "id": "3f7cd4f3-4969-4d74-888e-2f508586baab", "security_group_id": "b8e4ea31-18f5-45db-a3c4-4c70be196629"}}
2016-01-26 14:26:33,251 19202 INFO     [tempest_lib.common.rest_client] Request (TestNetworkBasicOps:test_update_instance_port_admin_state): 201 POST http://10.4.1.3:9696/v2.0/security-group-rules 0.103s
2016-01-26 14:26:33,252 19202 DEBUG    [tempest_lib.common.rest_client] Request - Headers: {'Content-Type': 'application/json', 'Accept': 'application/json', 'X-Auth-Token': '&lt;omitted&gt;'}
        Body: {"security_group_rule": {"direction": "egress", "protocol": "tcp", "tenant_id": "217774e541be404480bc7a6f98505732", "port_range_max": 22, "security_group_id": "b8e4ea31-18f5-45db-a3c4-4c70be196629", "port_range_min": 22}}
    Response - Headers: {'status': '201', 'content-length': '339', 'connection': 'close', 'date': 'Tue, 26 Jan 2016 14:26:33 GMT', 'content-type': 'application/json; charset=UTF-8', 'x-openstack-request-id': 'req-5f50437c-3455-41d6-9260-4d93071ad028'}
        Body: {"security_group_rule": {"remote_group_id": null, "direction": "egress", "remote_ip_prefix": null, "protocol": "tcp", "ethertype": "IPv4", "tenant_id": "217774e541be404480bc7a6f98505732", "port_range_max": 22, "port_range_min": 22, "id": "cc97f9c5-96be-4cc2-aa0d-91649c68dfc0", "security_group_id": "b8e4ea31-18f5-45db-a3c4-4c70be196629"}}
2016-01-26 14:26:33,359 19202 INFO     [tempest_lib.common.rest_client] Request (TestNetworkBasicOps:test_update_instance_port_admin_state): 201 POST http://10.4.1.3:9696/v2.0/security-group-rules 0.105s
2016-01-26 14:26:33,360 19202 DEBUG    [tempest_lib.common.rest_client] Request - Headers: {'Content-Type': 'application/json', 'Accept': 'application/json', 'X-Auth-Token': '&lt;omitted&gt;'}
        Body: {"security_group_rule": {"tenant_id": "217774e541be404480bc7a6f98505732", "direction": "ingress", "protocol": "icmp", "security_group_id": "b8e4ea31-18f5-45db-a3c4-4c70be196629"}}
    Response - Headers: {'status': '201', 'content-length': '345', 'connection': 'close', 'date': 'Tue, 26 Jan 2016 14:26:33 GMT', 'content-type': 'application/json; charset=UTF-8', 'x-openstack-request-id': 'req-c217e623-6fc0-48a8-bd0b-0c564682b6b6'}
        Body: {"security_group_rule": {"remote_group_id": null, "direction": "ingress", "remote_ip_prefix": null, "protocol": "icmp", "ethertype": "IPv4", "tenant_id": "217774e541be404480bc7a6f98505732", "port_range_max": null, "port_range_min": null, "id": "f6c2535e-29ea-4d81-b777-e9cd5e2da548", "security_group_id": "b8e4ea31-18f5-45db-a3c4-4c70be196629"}}
2016-01-26 14:26:33,463 19202 INFO     [tempest_lib.common.rest_client] Request (TestNetworkBasicOps:test_update_instance_port_admin_state): 201 POST http://10.4.1.3:9696/v2.0/security-group-rules 0.102s
2016-01-26 14:26:33,464 19202 DEBUG    [tempest_lib.common.rest_client] Request - Headers: {'Content-Type': 'application/json', 'Accept': 'application/json', 'X-Auth-Token': '&lt;omitted&gt;'}
        Body: {"security_group_rule": {"tenant_id": "217774e541be404480bc7a6f98505732", "direction": "egress", "protocol": "icmp", "security_group_id": "b8e4ea31-18f5-45db-a3c4-4c70be196629"}}
    Response - Headers: {'status': '201', 'content-length': '344', 'connection': 'close', 'date': 'Tue, 26 Jan 2016 14:26:33 GMT', 'content-type': 'application/json; charset=UTF-8', 'x-openstack-request-id': 'req-085666c0-2a90-4b80-a244-898f8daafa54'}
        Body: {"security_group_rule": {"remote_group_id": null, "direction": "egress", "remote_ip_prefix": null, "protocol": "icmp", "ethertype": "IPv4", "tenant_id": "217774e541be404480bc7a6f98505732", "port_range_max": null, "port_range_min": null, "id": "f0444c8e-1def-453f-8741-00509f2ca7b9", "security_group_id": "b8e4ea31-18f5-45db-a3c4-4c70be196629"}}
2016-01-26 14:26:33,576 19202 INFO     [tempest_lib.common.rest_client] Request (TestNetworkBasicOps:test_update_instance_port_admin_state): 201 POST http://10.4.1.3:9696/v2.0/security-group-rules 0.110s
2016-01-26 14:26:33,576 19202 DEBUG    [tempest_lib.common.rest_client] Request - Headers: {'Content-Type': 'application/json', 'Accept': 'application/json', 'X-Auth-Token': '&lt;omitted&gt;'}
        Body: {"security_group_rule": {"tenant_id": "217774e541be404480bc7a6f98505732", "direction": "ingress", "security_group_id": "b8e4ea31-18f5-45db-a3c4-4c70be196629", "protocol": "icmp", "ethertype": "IPv6"}}
    Response - Headers: {'status': '201', 'content-length': '345', 'connection': 'close', 'date': 'Tue, 26 Jan 2016 14:26:33 GMT', 'content-type': 'application/json; charset=UTF-8', 'x-openstack-request-id': 'req-ad680e70-eb95-4e51-a8a9-957ff637372b'}
        Body: {"security_group_rule": {"remote_group_id": null, "direction": "ingress", "remote_ip_prefix": null, "protocol": "icmp", "ethertype": "IPv6", "tenant_id": "217774e541be404480bc7a6f98505732", "port_range_max": null, "port_range_min": null, "id": "1ff06c5d-cfe6-4bee-8b25-edce9379639a", "security_group_id": "b8e4ea31-18f5-45db-a3c4-4c70be196629"}}
2016-01-26 14:26:33,688 19202 INFO     [tempest_lib.common.rest_client] Request (TestNetworkBasicOps:test_update_instance_port_admin_state): 201 POST http://10.4.1.3:9696/v2.0/security-group-rules 0.111s
2016-01-26 14:26:33,689 19202 DEBUG    [tempest_lib.common.rest_client] Request - Headers: {'Content-Type': 'application/json', 'Accept': 'application/json', 'X-Auth-Token': '&lt;omitted&gt;'}
        Body: {"security_group_rule": {"tenant_id": "217774e541be404480bc7a6f98505732", "direction": "egress", "security_group_id": "b8e4ea31-18f5-45db-a3c4-4c70be196629", "protocol": "icmp", "ethertype": "IPv6"}}
    Response - Headers: {'status': '201', 'content-length': '344', 'connection': 'close', 'date': 'Tue, 26 Jan 2016 14:26:33 GMT', 'content-type': 'application/json; charset=UTF-8', 'x-openstack-request-id': 'req-2dad8c1b-73ed-474c-8ac5-775b149bfacc'}
        Body: {"security_group_rule": {"remote_group_id": null, "direction": "egress", "remote_ip_prefix": null, "protocol": "icmp", "ethertype": "IPv6", "tenant_id": "217774e541be404480bc7a6f98505732", "port_range_max": null, "port_range_min": null, "id": "638bac19-38db-4262-aec1-8f2f164f8c0a", "security_group_id": "b8e4ea31-18f5-45db-a3c4-4c70be196629"}}
2016-01-26 14:26:33,847 19202 INFO     [tempest_lib.common.rest_client] Request (TestNetworkBasicOps:test_update_instance_port_admin_state): 201 POST http://10.4.1.3:9696/v2.0/networks 0.156s
2016-01-26 14:26:33,847 19202 DEBUG    [tempest_lib.common.rest_client] Request - Headers: {'Content-Type': 'application/json', 'Accept': 'application/json', 'X-Auth-Token': '&lt;omitted&gt;'}
        Body: {"network": {"tenant_id": "217774e541be404480bc7a6f98505732", "name": "tempest-network-smoke--130117991"}}
    Response - Headers: {'status': '201', 'content-length': '298', 'connection': 'close', 'date': 'Tue, 26 Jan 2016 14:26:33 GMT', 'content-type': 'application/json; charset=UTF-8', 'x-openstack-request-id': 'req-61f50473-1928-4eba-880c-f37c15f0a7ce'}
        Body: {"network": {"status": "ACTIVE", "subnets": [], "name": "tempest-network-smoke--130117991", "admin_state_up": true, "tenant_id": "217774e541be404480bc7a6f98505732", "mtu": 1450, "router:external": false, "shared": false, "port_security_enabled": true, "id": "8f6d8535-7708-48d9-8250-bdce3f0b8b00"}}
2016-01-26 14:26:33,916 19202 INFO     [tempest_lib.common.rest_client] Request (TestNetworkBasicOps:test_update_instance_port_admin_state): 201 POST http://10.4.1.3:9696/v2.0/routers 0.067s
2016-01-26 14:26:33,916 19202 DEBUG    [tempest_lib.common.rest_client] Request - Headers: {'Content-Type': 'application/json', 'Accept': 'application/json', 'X-Auth-Token': '&lt;omitted&gt;'}
        Body: {"router": {"tenant_id": "217774e541be404480bc7a6f98505732", "name": "tempest-router-smoke-691559566", "admin_state_up": true}}
    Response - Headers: {'status': '201', 'content-length': '238', 'connection': 'close', 'date': 'Tue, 26 Jan 2016 14:26:33 GMT', 'content-type': 'application/json; charset=UTF-8', 'x-openstack-request-id': 'req-188f2c8b-2151-453f-bb21-39e4fb402ac3'}
        Body: {"router": {"status": "ACTIVE", "external_gateway_info": null, "name": "tempest-router-smoke-691559566", "admin_state_up": true, "tenant_id": "217774e541be404480bc7a6f98505732", "routes": [], "id": "82ff851f-3487-4fc7-b227-1ee5ed707650"}}
2016-01-26 14:26:33,964 19202 INFO     [tempest_lib.common.rest_client] Request (TestNetworkBasicOps:test_update_instance_port_admin_state): 200 GET http://10.4.1.3:9696/v2.0/routers/82ff851f-3487-4fc7-b227-1ee5ed707650 0.046s
2016-01-26 14:26:33,964 19202 DEBUG    [tempest_lib.common.rest_client] Request - Headers: {'Content-Type': 'application/json', 'Accept': 'application/json', 'X-Auth-Token': '&lt;omitted&gt;'}
        Body: None
    Response - Headers: {'status': '200', 'content-length': '238', 'content-location': 'http://10.4.1.3:9696/v2.0/routers/82ff851f-3487-4fc7-b227-1ee5ed707650', 'connection': 'close', 'date': 'Tue, 26 Jan 2016 14:26:33 GMT', 'content-type': 'application/json; charset=UTF-8', 'x-openstack-request-id': 'req-63aaf208-67fe-40da-ab5c-473a151772f9'}
        Body: {"router": {"status": "ACTIVE", "external_gateway_info": null, "name": "tempest-router-smoke-691559566", "admin_state_up": true, "tenant_id": "217774e541be404480bc7a6f98505732", "routes": [], "id": "82ff851f-3487-4fc7-b227-1ee5ed707650"}}
2016-01-26 14:26:34,500 19202 INFO     [tempest_lib.common.rest_client] Request (TestNetworkBasicOps:test_update_instance_port_admin_state): 200 PUT http://10.4.1.3:9696/v2.0/routers/82ff851f-3487-4fc7-b227-1ee5ed707650 0.534s
2016-01-26 14:26:34,500 19202 DEBUG    [tempest_lib.common.rest_client] Request - Headers: {'Content-Type': 'application/json', 'Accept': 'application/json', 'X-Auth-Token': '&lt;omitted&gt;'}
        Body: {"router": {"external_gateway_info": {"network_id": "9482e759-515f-43de-bf5a-c7fda425767e"}, "name": "tempest-router-smoke-691559566", "admin_state_up": true}}
    Response - Headers: {'status': '200', 'content-length': '502', 'connection': 'close', 'date': 'Tue, 26 Jan 2016 14:26:34 GMT', 'content-type': 'application/json; charset=UTF-8', 'x-openstack-request-id': 'req-c145e7dd-593f-4437-8435-ae50ec22aaa5'}
        Body: {"router": {"status": "ACTIVE", "external_gateway_info": {"network_id": "9482e759-515f-43de-bf5a-c7fda425767e", "enable_snat": true, "external_fixed_ips": [{"subnet_id": "d2f030db-aeb5-4349-b4a9-6fc1ccaf1b29", "ip_address": "172.24.4.17"}, {"subnet_id": "388610c0-146f-4d17-9267-9909960a018b", "ip_address": "2001:db8::12"}]}, "name": "tempest-router-smoke-691559566", "admin_state_up": true, "tenant_id": "217774e541be404480bc7a6f98505732", "routes": [], "id": "82ff851f-3487-4fc7-b227-1ee5ed707650"}}
2016-01-26 14:26:34,530 19202 INFO     [tempest_lib.common.rest_client] Request (TestNetworkBasicOps:test_update_instance_port_admin_state): 200 GET http://10.4.1.3:9696/v2.0/subnets?tenant_id=217774e541be404480bc7a6f98505732&amp;cidr=10.100.0.0%2F28 0.028s
2016-01-26 14:26:34,530 19202 DEBUG    [tempest_lib.common.rest_client] Request - Headers: {'Content-Type': 'application/json', 'Accept': 'application/json', 'X-Auth-Token': '&lt;omitted&gt;'}
        Body: None
    Response - Headers: {'status': '200', 'content-length': '15', 'content-location': 'http://10.4.1.3:9696/v2.0/subnets?tenant_id=217774e541be404480bc7a6f98505732&amp;cidr=10.100.0.0%2F28', 'connection': 'close', 'date': 'Tue, 26 Jan 2016 14:26:34 GMT', 'content-type': 'application/json; charset=UTF-8', 'x-openstack-request-id': 'req-877e92c3-9eba-4cb6-a203-83b20d4251ce'}
        Body: {"subnets": []}
2016-01-26 14:26:34,774 19202 INFO     [tempest_lib.common.rest_client] Request (TestNetworkBasicOps:test_update_instance_port_admin_state): 201 POST http://10.4.1.3:9696/v2.0/subnets 0.243s
2016-01-26 14:26:34,774 19202 DEBUG    [tempest_lib.common.rest_client] Request - Headers: {'Content-Type': 'application/json', 'Accept': 'application/json', 'X-Auth-Token': '&lt;omitted&gt;'}
        Body: {"subnet": {"ip_version": 4, "tenant_id": "217774e541be404480bc7a6f98505732", "cidr": "10.100.0.0/28", "network_id": "8f6d8535-7708-48d9-8250-bdce3f0b8b00", "name": "tempest-subnet-smoke-1757129846"}}
    Response - Headers: {'status': '201', 'content-length': '478', 'connection': 'close', 'date': 'Tue, 26 Jan 2016 14:26:34 GMT', 'content-type': 'application/json; charset=UTF-8', 'x-openstack-request-id': 'req-893d43f2-3f2b-449e-9ec7-08d3ffbe4e03'}
        Body: {"subnet": {"name": "tempest-subnet-smoke-1757129846", "enable_dhcp": true, "network_id": "8f6d8535-7708-48d9-8250-bdce3f0b8b00", "tenant_id": "217774e541be404480bc7a6f98505732", "dns_nameservers": [], "gateway_ip": "10.100.0.1", "ipv6_ra_mode": null, "allocation_pools": [{"start": "10.100.0.2", "end": "10.100.0.14"}], "host_routes": [], "ip_version": 4, "ipv6_address_mode": null, "cidr": "10.100.0.0/28", "id": "bdb00ae5-d74a-474d-a0ad-8b2ad20cf437", "subnetpool_id": null}}
2016-01-26 14:26:35,269 19202 INFO     [tempest_lib.common.rest_client] Request (TestNetworkBasicOps:test_update_instance_port_admin_state): 200 PUT http://10.4.1.3:9696/v2.0/routers/82ff851f-3487-4fc7-b227-1ee5ed707650/add_router_interface 0.494s
2016-01-26 14:26:35,269 19202 DEBUG    [tempest_lib.common.rest_client] Request - Headers: {'Content-Type': 'application/json', 'Accept': 'application/json', 'X-Auth-Token': '&lt;omitted&gt;'}
        Body: {"subnet_id": "bdb00ae5-d74a-474d-a0ad-8b2ad20cf437"}
    Response - Headers: {'status': '200', 'content-length': '255', 'connection': 'close', 'date': 'Tue, 26 Jan 2016 14:26:35 GMT', 'content-type': 'application/json; charset=UTF-8', 'x-openstack-request-id': 'req-db077a28-416f-468b-b5e0-5a605147e1d6'}
        Body: {"subnet_id": "bdb00ae5-d74a-474d-a0ad-8b2ad20cf437", "tenant_id": "217774e541be404480bc7a6f98505732", "subnet_ids": ["bdb00ae5-d74a-474d-a0ad-8b2ad20cf437"], "port_id": "b2b52aaf-a2b4-44a4-810c-6e8f2f3da373", "id": "82ff851f-3487-4fc7-b227-1ee5ed707650"}
2016-01-26 14:26:35,313 19202 INFO     [tempest_lib.common.rest_client] Request (TestNetworkBasicOps:test_update_instance_port_admin_state): 200 GET http://10.4.1.3:9696/v2.0/networks 0.043s
2016-01-26 14:26:35,314 19202 DEBUG    [tempest_lib.common.rest_client] Request - Headers: {'Content-Type': 'application/json', 'Accept': 'application/json', 'X-Auth-Token': '&lt;omitted&gt;'}
        Body: None
    Response - Headers: {'status': '200', 'content-length': '1326', 'content-location': 'http://10.4.1.3:9696/v2.0/networks', 'connection': 'close', 'date': 'Tue, 26 Jan 2016 14:26:35 GMT', 'content-type': 'application/json; charset=UTF-8', 'x-openstack-request-id': 'req-fcae1397-f845-4a1b-a907-671dded83958'}
        Body: {"networks": [{"status": "ACTIVE", "subnets": ["d2f030db-aeb5-4349-b4a9-6fc1ccaf1b29", "388610c0-146f-4d17-9267-9909960a018b"], "name": "public", "provider:physical_network": null, "admin_state_up": true, "tenant_id": "c33b9f7f46a64008bd28fcd1386bbae9", "mtu": 1450, "router:external": true, "shared": false, "port_security_enabled": true, "provider:network_type": "vxlan", "id": "9482e759-515f-43de-bf5a-c7fda425767e", "provider:segmentation_id": 1042}, {"status": "ACTIVE", "subnets": ["e8b7b088-d385-404e-ae31-96e4802e4b75", "cc77ee4f-2d4f-4604-9128-78d5d38c2b22"], "name": "private", "provider:physical_network": null, "admin_state_up": true, "tenant_id": "ea5cfa2617274aa194ab0791b1969ce2", "mtu": 1450, "router:external": false, "shared": false, "port_security_enabled": true, "provider:network_type": "vxlan", "id": "52cab5ac-788f-4f32-b228-5b69ca143a64", "provider:segmentation_id": 1050}, {"status": "ACTIVE", "subnets": ["bdb00ae5-d74a-474d-a0ad-8b2ad20cf437"], "name": "tempest-network-smoke--130117991", "provider:physical_network": null, "admin_state_up": true, "tenant_id": "217774e541be404480bc7a6f98505732", "mtu": 1450, "router:external": false, "shared": false, "port_security_enabled": true, "provider:network_type": "vxlan", "id": "8f6d8535-7708-48d9-8250-bdce3f0b8b00", "provider:segmentation_id": 1034}]}
2016-01-26 14:26:35,355 19202 INFO     [tempest_lib.common.rest_client] Request (TestNetworkBasicOps:test_update_instance_port_admin_state): 200 GET http://10.4.1.3:9696/v2.0/subnets 0.040s
2016-01-26 14:26:35,356 19202 DEBUG    [tempest_lib.common.rest_client] Request - Headers: {'Content-Type': 'application/json', 'Accept': 'application/json', 'X-Auth-Token': '&lt;omitted&gt;'}
        Body: None
    Response - Headers: {'status': '200', 'content-length': '2408', 'content-location': 'http://10.4.1.3:9696/v2.0/subnets', 'connection': 'close', 'date': 'Tue, 26 Jan 2016 14:26:35 GMT', 'content-type': 'application/json; charset=UTF-8', 'x-openstack-request-id': 'req-036fdefb-4ec8-4240-97db-9c75b63117c7'}
        Body: {"subnets": [{"name": "ipv6-public-subnet", "enable_dhcp": false, "network_id": "9482e759-515f-43de-bf5a-c7fda425767e", "tenant_id": "c33b9f7f46a64008bd28fcd1386bbae9", "dns_nameservers": [], "gateway_ip": "2001:db8::2", "ipv6_ra_mode": null, "allocation_pools": [{"start": "2001:db8::1", "end": "2001:db8::1"}, {"start": "2001:db8::3", "end": "2001:db8::ffff:ffff:ffff:ffff"}], "host_routes": [], "ip_version": 6, "ipv6_address_mode": null, "cidr": "2001:db8::/64", "id": "388610c0-146f-4d17-9267-9909960a018b", "subnetpool_id": null}, {"name": "private-subnet", "enable_dhcp": true, "network_id": "52cab5ac-788f-4f32-b228-5b69ca143a64", "tenant_id": "ea5cfa2617274aa194ab0791b1969ce2", "dns_nameservers": [], "gateway_ip": "10.0.0.1", "ipv6_ra_mode": null, "allocation_pools": [{"start": "10.0.0.2", "end": "10.0.0.254"}], "host_routes": [], "ip_version": 4, "ipv6_address_mode": null, "cidr": "10.0.0.0/24", "id": "e8b7b088-d385-404e-ae31-96e4802e4b75", "subnetpool_id": null}, {"name": "tempest-subnet-smoke-1757129846", "enable_dhcp": true, "network_id": "8f6d8535-7708-48d9-8250-bdce3f0b8b00", "tenant_id": "217774e541be404480bc7a6f98505732", "dns_nameservers": [], "gateway_ip": "10.100.0.1", "ipv6_ra_mode": null, "allocation_pools": [{"start": "10.100.0.2", "end": "10.100.0.14"}], "host_routes": [], "ip_version": 4, "ipv6_address_mode": null, "cidr": "10.100.0.0/28", "id": "bdb00ae5-d74a-474d-a0ad-8b2ad20cf437", "subnetpool_id": null}, {"name": "ipv6-private-subnet", "enable_dhcp": true, "network_id": "52cab5ac-788f-4f32-b228-5b69ca143a64", "tenant_id": "ea5cfa2617274aa194ab0791b1969ce2", "dns_nameservers": [], "gateway_ip": "fdbc:eff6:eef2::1", "ipv6_ra_mode": "slaac", "allocation_pools": [{"start": "fdbc:eff6:eef2::2", "end": "fdbc:eff6:eef2:0:ffff:ffff:ffff:ffff"}], "host_routes": [], "ip_version": 6, "ipv6_address_mode": "slaac", "cidr": "fdbc:eff6:eef2::/64", "id": "cc77ee4f-2d4f-4604-9128-78d5d38c2b22", "subnetpool_id": null}, {"name": "public-subnet", "enable_dhcp": false, "network_id": "9482e759-515f-43de-bf5a-c7fda425767e", "tenant_id": "c33b9f7f46a64008bd28fcd1386bbae9", "dns_nameservers": [], "gateway_ip": "172.24.4.1", "ipv6_ra_mode": null, "allocation_pools": [{"start": "172.24.4.2", "end": "172.24.4.254"}], "host_routes": [], "ip_version": 4, "ipv6_address_mode": null, "cidr": "172.24.4.0/24", "id": "d2f030db-aeb5-4349-b4a9-6fc1ccaf1b29", "subnetpool_id": null}]}
2016-01-26 14:26:35,406 19202 INFO     [tempest_lib.common.rest_client] Request (TestNetworkBasicOps:test_update_instance_port_admin_state): 200 GET http://10.4.1.3:9696/v2.0/routers 0.049s
2016-01-26 14:26:35,406 19202 DEBUG    [tempest_lib.common.rest_client] Request - Headers: {'Content-Type': 'application/json', 'Accept': 'application/json', 'X-Auth-Token': '&lt;omitted&gt;'}
        Body: None
    Response - Headers: {'status': '200', 'content-length': '1042', 'content-location': 'http://10.4.1.3:9696/v2.0/routers', 'connection': 'close', 'date': 'Tue, 26 Jan 2016 14:26:35 GMT', 'content-type': 'application/json; charset=UTF-8', 'x-openstack-request-id': 'req-2e82600f-0da8-4abf-94d1-f2e44a61226a'}
        Body: {"routers": [{"status": "ACTIVE", "external_gateway_info": {"network_id": "9482e759-515f-43de-bf5a-c7fda425767e", "enable_snat": true, "external_fixed_ips": [{"subnet_id": "d2f030db-aeb5-4349-b4a9-6fc1ccaf1b29", "ip_address": "172.24.4.17"}, {"subnet_id": "388610c0-146f-4d17-9267-9909960a018b", "ip_address": "2001:db8::12"}]}, "name": "tempest-router-smoke-691559566", "admin_state_up": true, "tenant_id": "217774e541be404480bc7a6f98505732", "distributed": false, "routes": [], "ha": false, "id": "82ff851f-3487-4fc7-b227-1ee5ed707650"}, {"status": "ACTIVE", "external_gateway_info": {"network_id": "9482e759-515f-43de-bf5a-c7fda425767e", "enable_snat": true, "external_fixed_ips": [{"subnet_id": "d2f030db-aeb5-4349-b4a9-6fc1ccaf1b29", "ip_address": "172.24.4.2"}, {"subnet_id": "388610c0-146f-4d17-9267-9909960a018b", "ip_address": "2001:db8::3"}]}, "name": "router1", "admin_state_up": true, "tenant_id": "ea5cfa2617274aa194ab0791b1969ce2", "distributed": false, "routes": [], "ha": false, "id": "e98380cd-e4c4-4ba5-b7bf-e3efcd0cab92"}]}
2016-01-26 14:26:35,747 19202 INFO     [tempest_lib.common.rest_client] Request (TestNetworkBasicOps:test_update_instance_port_admin_state): 200 POST http://10.4.1.3:8774/v2.1/217774e541be404480bc7a6f98505732/os-keypairs 0.340s
2016-01-26 14:26:35,748 19202 DEBUG    [tempest_lib.common.rest_client] Request - Headers: {'Content-Type': 'application/json', 'Accept': 'application/json', 'X-Auth-Token': '&lt;omitted&gt;'}
        Body: {"keypair": {"name": "tempest-TestNetworkBasicOps-545056259"}}
    Response - Headers: {'status': '200', 'content-length': '2320', 'x-compute-request-id': 'req-d0a6c697-b358-4f1e-9174-77ba8fded0ad', 'vary': 'X-OpenStack-Nova-API-Version', 'connection': 'close', 'x-openstack-nova-api-version': '2.1', 'date': 'Tue, 26 Jan 2016 14:26:35 GMT', 'content-type': 'application/json'}
        Body: {"keypair": {"public_key": "ssh-rsa AAAAB3NzaC1yc2EAAAADAQABAAABAQDMIm+ibH+7HzZVI7SkYtzZjqU6cRUx5bOswObqCw3UZ7BJ6vf/lkwVTljpPXjhy5kJAm+2nxfihycbgvsJD2OJ8usp40yGlvK5bjmF9YCk8rX7epOwBKhYYnn0bJ08Tn7wzvC4D1UjtL4HnRq6v8BkkzLF5+mycLr5GvZY18is4imGCkPcoTSWw/hNLMQrfwrp4lwsW9VXWf958Hqvrc1QOb/+pQ694RjkwsOASv9TGkxFs3o1N/V2zt16UrdoklsryoWR340uW2e7YYnZPRzxi8EblbDy7WE1VHwJMXzGUu2c5sa51YyGf71oWOjnARGZKanf78+Y5JIipfcU49HP Generated-by-Nova", "private_key": "-----BEGIN RSA PRIVATE KEY-----\nMIIEqQIBAAKCAQEAzCJvomx/ux82VSO0pGLc2Y6lOnEVMeWzrMDm6gsN1GewSer3\n/5ZMFU5Y6T144cuZCQJvtp8X4ocnG4L7CQ9jifLrKeNMhpbyuW45hfWApPK1+3qT\nsASoWGJ59GydPE5+8M7wuA9VI7S+B50aur/AZJMyxefpsnC6+Rr2WNfIrOIphgpD\n3KE0lsP4TSzEK38K6eJcLFvVV1n/efB6r63NUDm//qUOveEY5MLDgEr/UxpMRbN6\nNTf1ds7delK3aJJbK8qFkd+NLltnu2GJ2T0c8YvBG5Ww8u1hNVR8CTF8xlLtnObG\nudWMhn+9aFjo5wERmSmp3+/PmOSSIqX3FOPRzwIDAQABAoIBAFQLIXb3wKbjtNTc\nvHSpl0+i4PfsstM2RQEs8mUNZAY9ImFsceoykOR8uzJb8rbTwg/phuDjI0xKZJl5\nFa2nPk3/Sz6VrF4FK62YaepzJyHCI5aD4uYnJMAu2xL83MeFcdHnAUhmV6E5ursb\nvXOBms5NpCvCzX5/1xrUNPRi8uXqAuUexTEWsBM2GqWF6zARdndOA0ji/2pPyT8a\nnNV7cSOBSBTG2PptPXzIzw3kcB4MYk/b/qypc8jkEjtnqAd6IszpFxHHpt3rmVGQ\nq7Lx4McwvoXXLiDd8ELqwWSyJPFD0a5M7f991js3pxyDjjFcN6ou/2yX7ntDvDEf\nib/hbaECggCBAN1asxfJheN4LM0qxt5Q9L1vGC7KBrAiDRbdlXGuVqCTAyjhjY6M\n5KU0Gsn37WYc7j0zcyR7x0GBTvLGL7w160FF8weOplv4TpId2ui5OhWKv+sQtR9+\nvgiqKVqx5O9z+Z2DX+CzXYBkmdOA+n5JmWm7MsbH02KFqHCKr9EQpfp3AoIAgQDs\nFcS3JfNctuzOiXMA1k1xWvGyqQh2R1DcGO6NW/cm+wNIvmnlKt+5QSI3mGLHWw5S\nF0IJoD1LNdjrtt7E75KHakYLWorWkZWF40Lpk9ypsJjQOvu0HzFKJukhTuqL4pgh\n1gZftj3aEJMQI1gqskFVkOXtNknTE6GeMsRi259haQKCAIEAxppnT7NnZqVfhSGZ\nVsTKIeE4kFqBT6ztk5NyT5I9dUsSLa7Z5ImzaCps0sOZA+J3OwAbkiNgrvxHCnoZ\nQEQcdO8+04wA5UnPrTgOPnpajBN2iIDwEXcVKA8MlaxBHTswPkwuTRyBiv44KlVx\n6rc8Z2onb8TAe4gyje9ROkI2uZcCggCAQWoasqCqWOM6pFPDcNTwaltHozhg5t0F\n06Z42uRDjCJ7G3nfP6dsjBk3EO6BWDmrsyVMn/wtX5yQ+WcXPLwg/rJ8rAKve5ql\nMo7w6GWW+9G51eCyA4utDZ3QdPE33gCwJJf39ic55iU3in4wnMv9fGcEvoCPXhQP\ncRUiAz5VYBkCggCBAM+5XqYPFwtTa9FTWRa5Wum2rDoqtDeUrYzj+SybTw22d95x\nKsO4v0db5Y22XUInF9EyUknBKUis6X3IBEGQQggJuH4+e1APvfsLDskT5r42hPvN\nFsvgwAgWov2qUPEZVZTX3zvghs3O8ifu9x5ubw6xMxY/jS/Wk7RJIjAcDegY\n-----END RSA PRIVATE KEY-----\n", "user_id": "a4e8cd1a402c4a17a72d6dadf8b9a466", "name": "tempest-TestNetworkBasicOps-545056259", "fingerprint": "50:e6:60:39:6a:fd:7c:79:aa:11:c9:a2:b9:37:95:77"}}
2016-01-26 14:26:35,872 19202 INFO     [tempest_lib.common.rest_client] Request (TestNetworkBasicOps:test_update_instance_port_admin_state): 200 POST http://10.4.1.3:5000/v2.0/tokens
2016-01-26 14:26:35,872 19202 DEBUG    [tempest_lib.common.rest_client] Request - Headers: {'Content-Type': 'application/json', 'Accept': 'application/json'}
        Body: &lt;omitted&gt;
    Response - Headers: {'status': '200', 'content-length': '2510', 'vary': 'X-Auth-Token', 'server': 'Apache/2.4.7 (Ubuntu)', 'connection': 'close', 'date': 'Tue, 26 Jan 2016 14:26:35 GMT', 'content-type': 'application/json', 'x-openstack-request-id': 'req-b69adf68-8462-4106-9fa8-2e171fd30537'}
        Body: {"access": {"token": {"issued_at": "2016-01-26T14:26:35.858612", "expires": "2016-01-26T15:26:35Z", "id": "fc20548b11d44dd990727f704f639655", "tenant": {"description": "tempest-TestNetworkBasicOps-448973984-desc", "enabled": true, "id": "217774e541be404480bc7a6f98505732", "name": "tempest-TestNetworkBasicOps-448973984"}, "audit_ids": ["2MZiOeZNRLakG1FyJwHaig"]}, "serviceCatalog": [{"endpoints": [{"adminURL": "http://10.4.1.3:8774/v2.1/217774e541be404480bc7a6f98505732", "region": "RegionOne", "internalURL": "http://10.4.1.3:8774/v2.1/217774e541be404480bc7a6f98505732", "id": "29d75791d89949c58cd3a290c8be2fae", "publicURL": "http://10.4.1.3:8774/v2.1/217774e541be404480bc7a6f98505732"}], "endpoints_links": [], "type": "compute", "name": "nova"}, {"endpoints": [{"adminURL": "http://10.4.1.3:9696/", "region": "RegionOne", "internalURL": "http://10.4.1.3:9696/", "id": "44bc134373114f7c973a23f42ebce96b", "publicURL": "http://10.4.1.3:9696/"}], "endpoints_links": [], "type": "network", "name": "neutron"}, {"endpoints": [{"adminURL": "http://10.4.1.3:9292", "region": "RegionOne", "internalURL": "http://10.4.1.3:9292", "id": "448af4e0e14b405982eb5b7f42e40254", "publicURL": "http://10.4.1.3:9292"}], "endpoints_links": [], "type": "image", "name": "glance"}, {"endpoints": [{"adminURL": "http://10.4.1.3:8774/v2/217774e541be404480bc7a6f98505732", "region": "RegionOne", "internalURL": "http://10.4.1.3:8774/v2/217774e541be404480bc7a6f98505732", "id": "ac2f8ef3a9a34b4f87c9b0b0ba7ea098", "publicURL": "http://10.4.1.3:8774/v2/217774e541be404480bc7a6f98505732"}], "endpoints_links": [], "type": "compute_legacy", "name": "nova_legacy"}, {"endpoints": [{"adminURL": "http://10.4.1.3:8773/", "region": "RegionOne", "internalURL": "http://10.4.1.3:8773/", "id": "57fd7f40f378478ebc742798844e1265", "publicURL": "http://10.4.1.3:8773/"}], "endpoints_links": [], "type": "ec2", "name": "ec2"}, {"endpoints": [{"adminURL": "http://10.4.1.3:35357/v2.0", "region": "RegionOne", "internalURL": "http://10.4.1.3:5000/v2.0", "id": "095323b6bb0a43eeb5983232690bd53f", "publicURL": "http://10.4.1.3:5000/v2.0"}], "endpoints_links": [], "type": "identity", "name": "keystone"}], "user": {"username": "tempest-TestNetworkBasicOps-1619881063", "roles_links": [], "id": "a4e8cd1a402c4a17a72d6dadf8b9a466", "roles": [{"name": "_member_"}, {"name": "Member"}], "name": "tempest-TestNetworkBasicOps-1619881063"}, "metadata": {"is_admin": 0, "roles": ["9fe2ff9ee4384b1894a90878d3e92bab", "90fde5df8d594f5aaaee53108d350ca7"]}}}
2016-01-26 14:26:35,878 19202 DEBUG    [tempest.common.fixed_network] (TestNetworkBasicOps:test_update_instance_port_admin_state) No valid network provided or created, defaulting to fixed_network_name
2016-01-26 14:26:36,088 19202 INFO     [tempest_lib.common.rest_client] Request (TestNetworkBasicOps:test_update_instance_port_admin_state): 200 GET http://10.4.1.3:8774/v2.1/217774e541be404480bc7a6f98505732/os-networks 0.209s
2016-01-26 14:26:36,088 19202 DEBUG    [tempest_lib.common.rest_client] Request - Headers: {'Content-Type': 'application/json', 'Accept': 'application/json', 'X-Auth-Token': '&lt;omitted&gt;'}
        Body: None
    Response - Headers: {'status': '200', 'content-length': '478', 'content-location': 'http://10.4.1.3:8774/v2.1/217774e541be404480bc7a6f98505732/os-networks', 'x-compute-request-id': 'req-1bfc86ae-b5b3-45c8-82fd-7218456b127a', 'vary': 'X-OpenStack-Nova-API-Version', 'connection': 'close', 'x-openstack-nova-api-version': '2.1', 'date': 'Tue, 26 Jan 2016 14:26:36 GMT', 'content-type': 'application/json'}
        Body: {"networks": [{"cidr_v6": null, "dns2": null, "dns1": null, "gateway": null, "broadcast": null, "netmask": null, "gateway_v6": null, "cidr": null, "label": "public", "id": "9482e759-515f-43de-bf5a-c7fda425767e", "netmask_v6": null}, {"cidr_v6": null, "dns2": null, "dns1": null, "gateway": null, "broadcast": null, "netmask": null, "gateway_v6": null, "cidr": null, "label": "tempest-network-smoke--130117991", "id": "8f6d8535-7708-48d9-8250-bdce3f0b8b00", "netmask_v6": null}]}
2016-01-26 14:26:36,089 19202 WARNING  [tempest.common.fixed_network] (TestNetworkBasicOps:test_update_instance_port_admin_state) Network with name: private not found
2016-01-26 14:26:36,089 19202 INFO     [tempest.common.fixed_network] (TestNetworkBasicOps:test_update_instance_port_admin_state) Found network {} available for tenant
2016-01-26 14:26:36,655 19202 INFO     [tempest_lib.common.rest_client] Request (TestNetworkBasicOps:test_update_instance_port_admin_state): 202 POST http://10.4.1.3:8774/v2.1/217774e541be404480bc7a6f98505732/servers 0.564s
2016-01-26 14:26:36,655 19202 DEBUG    [tempest_lib.common.rest_client] Request - Headers: {'Content-Type': 'application/json', 'Accept': 'application/json', 'X-Auth-Token': '&lt;omitted&gt;'}
        Body: {"server": {"name": "tempest-server-smoke-2029182969", "imageRef": "516f8319-41ab-4011-a55e-cdc013ba9412", "key_name": "tempest-TestNetworkBasicOps-545056259", "flavorRef": "42", "networks": [{"uuid": "8f6d8535-7708-48d9-8250-bdce3f0b8b00"}], "security_groups": [{"name": "tempest-secgroup-smoke-650643257"}]}}
    Response - Headers: {'status': '202', 'content-length': '459', 'x-compute-request-id': 'req-c5f40f16-04a8-4a3f-a5b0-1d6bfffff29c', 'vary': 'X-OpenStack-Nova-API-Version', 'connection': 'close', 'location': 'http://10.4.1.3:8774/v2.1/217774e541be404480bc7a6f98505732/servers/072be246-a1a8-49ec-8622-037580f15f0c', 'x-openstack-nova-api-version': '2.1', 'date': 'Tue, 26 Jan 2016 14:26:36 GMT', 'content-type': 'application/json'}
        Body: {"server": {"security_groups": [{"name": "tempest-secgroup-smoke-650643257"}], "OS-DCF:diskConfig": "MANUAL", "id": "072be246-a1a8-49ec-8622-037580f15f0c", "links": [{"href": "http://10.4.1.3:8774/v2.1/217774e541be404480bc7a6f98505732/servers/072be246-a1a8-49ec-8622-037580f15f0c", "rel": "self"}, {"href": "http://10.4.1.3:8774/217774e541be404480bc7a6f98505732/servers/072be246-a1a8-49ec-8622-037580f15f0c", "rel": "bookmark"}], "adminPass": "AeFuiAp7AfZT"}}
2016-01-26 14:26:36,812 19202 INFO     [tempest_lib.common.rest_client] Request (TestNetworkBasicOps:test_update_instance_port_admin_state): 200 GET http://10.4.1.3:8774/v2.1/217774e541be404480bc7a6f98505732/servers/072be246-a1a8-49ec-8622-037580f15f0c 0.153s
2016-01-26 14:26:36,812 19202 DEBUG    [tempest_lib.common.rest_client] Request - Headers: {'Content-Type': 'application/json', 'Accept': 'application/json', 'X-Auth-Token': '&lt;omitted&gt;'}
        Body: None
    Response - Headers: {'status': '200', 'content-length': '1340', 'content-location': 'http://10.4.1.3:8774/v2.1/217774e541be404480bc7a6f98505732/servers/072be246-a1a8-49ec-8622-037580f15f0c', 'x-compute-request-id': 'req-ed20961d-4354-4a31-b8e6-0c21bab7693a', 'vary': 'X-OpenStack-Nova-API-Version', 'connection': 'close', 'x-openstack-nova-api-version': '2.1', 'date': 'Tue, 26 Jan 2016 14:26:36 GMT', 'content-type': 'application/json'}
        Body: {"server": {"status": "BUILD", "updated": "2016-01-26T14:26:36Z", "hostId": "", "addresses": {}, "links": [{"href": "http://10.4.1.3:8774/v2.1/217774e541be404480bc7a6f98505732/servers/072be246-a1a8-49ec-8622-037580f15f0c", "rel": "self"}, {"href": "http://10.4.1.3:8774/217774e541be404480bc7a6f98505732/servers/072be246-a1a8-49ec-8622-037580f15f0c", "rel": "bookmark"}], "key_name": "tempest-TestNetworkBasicOps-545056259", "image": {"id": "516f8319-41ab-4011-a55e-cdc013ba9412", "links": [{"href": "http://10.4.1.3:8774/217774e541be404480bc7a6f98505732/images/516f8319-41ab-4011-a55e-cdc013ba9412", "rel": "bookmark"}]}, "OS-EXT-STS:task_state": "scheduling", "OS-EXT-STS:vm_state": "building", "OS-SRV-USG:launched_at": null, "flavor": {"id": "42", "links": [{"href": "http://10.4.1.3:8774/217774e541be404480bc7a6f98505732/flavors/42", "rel": "bookmark"}]}, "id": "072be246-a1a8-49ec-8622-037580f15f0c", "OS-SRV-USG:terminated_at": null, "OS-EXT-AZ:availability_zone": "", "user_id": "a4e8cd1a402c4a17a72d6dadf8b9a466", "name": "tempest-server-smoke-2029182969", "created": "2016-01-26T14:26:36Z", "tenant_id": "217774e541be404480bc7a6f98505732", "OS-DCF:diskConfig": "MANUAL", "os-extended-volumes:volumes_attached": [], "accessIPv4": "", "accessIPv6": "", "progress": 0, "OS-EXT-STS:power_state": 0, "config_drive": "", "metadata": {}}}
2016-01-26 14:26:38,034 19202 INFO     [tempest_lib.common.rest_client] Request (TestNetworkBasicOps:test_update_instance_port_admin_state): 200 GET http://10.4.1.3:8774/v2.1/217774e541be404480bc7a6f98505732/servers/072be246-a1a8-49ec-8622-037580f15f0c 0.211s
2016-01-26 14:26:38,035 19202 DEBUG    [tempest_lib.common.rest_client] Request - Headers: {'Content-Type': 'application/json', 'Accept': 'application/json', 'X-Auth-Token': '&lt;omitted&gt;'}
        Body: None
    Response - Headers: {'status': '200', 'content-length': '1465', 'content-location': 'http://10.4.1.3:8774/v2.1/217774e541be404480bc7a6f98505732/servers/072be246-a1a8-49ec-8622-037580f15f0c', 'x-compute-request-id': 'req-692bf19b-153e-4c44-bce5-12d0c2c69b61', 'vary': 'X-OpenStack-Nova-API-Version', 'connection': 'close', 'x-openstack-nova-api-version': '2.1', 'date': 'Tue, 26 Jan 2016 14:26:38 GMT', 'content-type': 'application/json'}
        Body: {"server": {"status": "BUILD", "updated": "2016-01-26T14:26:37Z", "hostId": "7dc23dea15e0c1c1c762678510cb944d5a600bb5fff1f844bde346a0", "addresses": {}, "links": [{"href": "http://10.4.1.3:8774/v2.1/217774e541be404480bc7a6f98505732/servers/072be246-a1a8-49ec-8622-037580f15f0c", "rel": "self"}, {"href": "http://10.4.1.3:8774/217774e541be404480bc7a6f98505732/servers/072be246-a1a8-49ec-8622-037580f15f0c", "rel": "bookmark"}], "key_name": "tempest-TestNetworkBasicOps-545056259", "image": {"id": "516f8319-41ab-4011-a55e-cdc013ba9412", "links": [{"href": "http://10.4.1.3:8774/217774e541be404480bc7a6f98505732/images/516f8319-41ab-4011-a55e-cdc013ba9412", "rel": "bookmark"}]}, "OS-EXT-STS:task_state": "spawning", "OS-EXT-STS:vm_state": "building", "OS-SRV-USG:launched_at": null, "flavor": {"id": "42", "links": [{"href": "http://10.4.1.3:8774/217774e541be404480bc7a6f98505732/flavors/42", "rel": "bookmark"}]}, "id": "072be246-a1a8-49ec-8622-037580f15f0c", "security_groups": [{"name": "tempest-secgroup-smoke-650643257"}], "OS-SRV-USG:terminated_at": null, "OS-EXT-AZ:availability_zone": "nova", "user_id": "a4e8cd1a402c4a17a72d6dadf8b9a466", "name": "tempest-server-smoke-2029182969", "created": "2016-01-26T14:26:36Z", "tenant_id": "217774e541be404480bc7a6f98505732", "OS-DCF:diskConfig": "MANUAL", "os-extended-volumes:volumes_attached": [], "accessIPv4": "", "accessIPv6": "", "progress": 0, "OS-EXT-STS:power_state": 0, "config_drive": "", "metadata": {}}}
2016-01-26 14:26:38,043 19202 INFO     [tempest.common.waiters] State transition "BUILD/scheduling" ==&gt; "BUILD/spawning" after 2 second wait
2016-01-26 14:26:39,248 19202 INFO     [tempest_lib.common.rest_client] Request (TestNetworkBasicOps:test_update_instance_port_admin_state): 200 GET http://10.4.1.3:8774/v2.1/217774e541be404480bc7a6f98505732/servers/072be246-a1a8-49ec-8622-037580f15f0c 0.203s
2016-01-26 14:26:39,249 19202 DEBUG    [tempest_lib.common.rest_client] Request - Headers: {'Content-Type': 'application/json', 'Accept': 'application/json', 'X-Auth-Token': '&lt;omitted&gt;'}
        Body: None
    Response - Headers: {'status': '200', 'content-length': '1465', 'content-location': 'http://10.4.1.3:8774/v2.1/217774e541be404480bc7a6f98505732/servers/072be246-a1a8-49ec-8622-037580f15f0c', 'x-compute-request-id': 'req-406eeef0-96f2-4377-9ac3-e777a7a8ea90', 'vary': 'X-OpenStack-Nova-API-Version', 'connection': 'close', 'x-openstack-nova-api-version': '2.1', 'date': 'Tue, 26 Jan 2016 14:26:39 GMT', 'content-type': 'application/json'}
        Body: {"server": {"status": "BUILD", "updated": "2016-01-26T14:26:37Z", "hostId": "7dc23dea15e0c1c1c762678510cb944d5a600bb5fff1f844bde346a0", "addresses": {}, "links": [{"href": "http://10.4.1.3:8774/v2.1/217774e541be404480bc7a6f98505732/servers/072be246-a1a8-49ec-8622-037580f15f0c", "rel": "self"}, {"href": "http://10.4.1.3:8774/217774e541be404480bc7a6f98505732/servers/072be246-a1a8-49ec-8622-037580f15f0c", "rel": "bookmark"}], "key_name": "tempest-TestNetworkBasicOps-545056259", "image": {"id": "516f8319-41ab-4011-a55e-cdc013ba9412", "links": [{"href": "http://10.4.1.3:8774/217774e541be404480bc7a6f98505732/images/516f8319-41ab-4011-a55e-cdc013ba9412", "rel": "bookmark"}]}, "OS-EXT-STS:task_state": "spawning", "OS-EXT-STS:vm_state": "building", "OS-SRV-USG:launched_at": null, "flavor": {"id": "42", "links": [{"href": "http://10.4.1.3:8774/217774e541be404480bc7a6f98505732/flavors/42", "rel": "bookmark"}]}, "id": "072be246-a1a8-49ec-8622-037580f15f0c", "security_groups": [{"name": "tempest-secgroup-smoke-650643257"}], "OS-SRV-USG:terminated_at": null, "OS-EXT-AZ:availability_zone": "nova", "user_id": "a4e8cd1a402c4a17a72d6dadf8b9a466", "name": "tempest-server-smoke-2029182969", "created": "2016-01-26T14:26:36Z", "tenant_id": "217774e541be404480bc7a6f98505732", "OS-DCF:diskConfig": "MANUAL", "os-extended-volumes:volumes_attached": [], "accessIPv4": "", "accessIPv6": "", "progress": 0, "OS-EXT-STS:power_state": 0, "config_drive": "", "metadata": {}}}
2016-01-26 14:26:40,469 19202 INFO     [tempest_lib.common.rest_client] Request (TestNetworkBasicOps:test_update_instance_port_admin_state): 200 GET http://10.4.1.3:8774/v2.1/217774e541be404480bc7a6f98505732/servers/072be246-a1a8-49ec-8622-037580f15f0c 0.210s
2016-01-26 14:26:40,470 19202 DEBUG    [tempest_lib.common.rest_client] Request - Headers: {'Content-Type': 'application/json', 'Accept': 'application/json', 'X-Auth-Token': '&lt;omitted&gt;'}
        Body: None
    Response - Headers: {'status': '200', 'content-length': '1636', 'content-location': 'http://10.4.1.3:8774/v2.1/217774e541be404480bc7a6f98505732/servers/072be246-a1a8-49ec-8622-037580f15f0c', 'x-compute-request-id': 'req-1b53441f-4f1a-482f-a303-660e61887f3e', 'vary': 'X-OpenStack-Nova-API-Version', 'connection': 'close', 'x-openstack-nova-api-version': '2.1', 'date': 'Tue, 26 Jan 2016 14:26:40 GMT', 'content-type': 'application/json'}
        Body: {"server": {"status": "ACTIVE", "updated": "2016-01-26T14:26:39Z", "hostId": "7dc23dea15e0c1c1c762678510cb944d5a600bb5fff1f844bde346a0", "addresses": {"tempest-network-smoke--130117991": [{"OS-EXT-IPS-MAC:mac_addr": "fa:16:3e:d5:04:29", "version": 4, "addr": "10.100.0.3", "OS-EXT-IPS:type": "fixed"}]}, "links": [{"href": "http://10.4.1.3:8774/v2.1/217774e541be404480bc7a6f98505732/servers/072be246-a1a8-49ec-8622-037580f15f0c", "rel": "self"}, {"href": "http://10.4.1.3:8774/217774e541be404480bc7a6f98505732/servers/072be246-a1a8-49ec-8622-037580f15f0c", "rel": "bookmark"}], "key_name": "tempest-TestNetworkBasicOps-545056259", "image": {"id": "516f8319-41ab-4011-a55e-cdc013ba9412", "links": [{"href": "http://10.4.1.3:8774/217774e541be404480bc7a6f98505732/images/516f8319-41ab-4011-a55e-cdc013ba9412", "rel": "bookmark"}]}, "OS-EXT-STS:task_state": null, "OS-EXT-STS:vm_state": "active", "OS-SRV-USG:launched_at": "2016-01-26T14:26:39.000000", "flavor": {"id": "42", "links": [{"href": "http://10.4.1.3:8774/217774e541be404480bc7a6f98505732/flavors/42", "rel": "bookmark"}]}, "id": "072be246-a1a8-49ec-8622-037580f15f0c", "security_groups": [{"name": "tempest-secgroup-smoke-650643257"}], "OS-SRV-USG:terminated_at": null, "OS-EXT-AZ:availability_zone": "nova", "user_id": "a4e8cd1a402c4a17a72d6dadf8b9a466", "name": "tempest-server-smoke-2029182969", "created": "2016-01-26T14:26:36Z", "tenant_id": "217774e541be404480bc7a6f98505732", "OS-DCF:diskConfig": "MANUAL", "os-extended-volumes:volumes_attached": [], "accessIPv4": "", "accessIPv6": "", "progress": 0, "OS-EXT-STS:power_state": 1, "config_drive": "True", "metadata": {}}}
2016-01-26 14:26:40,479 19202 INFO     [tempest.common.waiters] State transition "BUILD/spawning" ==&gt; "ACTIVE/None" after 4 second wait
2016-01-26 14:26:40,761 19202 INFO     [tempest_lib.common.rest_client] Request (TestNetworkBasicOps:test_update_instance_port_admin_state): 200 GET http://10.4.1.3:8774/v2.1/217774e541be404480bc7a6f98505732/servers/072be246-a1a8-49ec-8622-037580f15f0c 0.281s
2016-01-26 14:26:40,761 19202 DEBUG    [tempest_lib.common.rest_client] Request - Headers: {'Content-Type': 'application/json', 'Accept': 'application/json', 'X-Auth-Token': '&lt;omitted&gt;'}
        Body: None
    Response - Headers: {'status': '200', 'content-length': '1636', 'content-location': 'http://10.4.1.3:8774/v2.1/217774e541be404480bc7a6f98505732/servers/072be246-a1a8-49ec-8622-037580f15f0c', 'x-compute-request-id': 'req-aaedb200-6514-4ee2-9449-57a0c3183de8', 'vary': 'X-OpenStack-Nova-API-Version', 'connection': 'close', 'x-openstack-nova-api-version': '2.1', 'date': 'Tue, 26 Jan 2016 14:26:40 GMT', 'content-type': 'application/json'}
        Body: {"server": {"status": "ACTIVE", "updated": "2016-01-26T14:26:39Z", "hostId": "7dc23dea15e0c1c1c762678510cb944d5a600bb5fff1f844bde346a0", "addresses": {"tempest-network-smoke--130117991": [{"OS-EXT-IPS-MAC:mac_addr": "fa:16:3e:d5:04:29", "version": 4, "addr": "10.100.0.3", "OS-EXT-IPS:type": "fixed"}]}, "links": [{"href": "http://10.4.1.3:8774/v2.1/217774e541be404480bc7a6f98505732/servers/072be246-a1a8-49ec-8622-037580f15f0c", "rel": "self"}, {"href": "http://10.4.1.3:8774/217774e541be404480bc7a6f98505732/servers/072be246-a1a8-49ec-8622-037580f15f0c", "rel": "bookmark"}], "key_name": "tempest-TestNetworkBasicOps-545056259", "image": {"id": "516f8319-41ab-4011-a55e-cdc013ba9412", "links": [{"href": "http://10.4.1.3:8774/217774e541be404480bc7a6f98505732/images/516f8319-41ab-4011-a55e-cdc013ba9412", "rel": "bookmark"}]}, "OS-EXT-STS:task_state": null, "OS-EXT-STS:vm_state": "active", "OS-SRV-USG:launched_at": "2016-01-26T14:26:39.000000", "flavor": {"id": "42", "links": [{"href": "http://10.4.1.3:8774/217774e541be404480bc7a6f98505732/flavors/42", "rel": "bookmark"}]}, "id": "072be246-a1a8-49ec-8622-037580f15f0c", "security_groups": [{"name": "tempest-secgroup-smoke-650643257"}], "OS-SRV-USG:terminated_at": null, "OS-EXT-AZ:availability_zone": "nova", "user_id": "a4e8cd1a402c4a17a72d6dadf8b9a466", "name": "tempest-server-smoke-2029182969", "created": "2016-01-26T14:26:36Z", "tenant_id": "217774e541be404480bc7a6f98505732", "OS-DCF:diskConfig": "MANUAL", "os-extended-volumes:volumes_attached": [], "accessIPv4": "", "accessIPv6": "", "progress": 0, "OS-EXT-STS:power_state": 1, "config_drive": "True", "metadata": {}}}
2016-01-26 14:26:40,771 19202 INFO     [tempest.scenario.manager] Tenant networks not configured to be reachable.
2016-01-26 14:26:40,816 19202 INFO     [tempest_lib.common.rest_client] Request (TestNetworkBasicOps:test_update_instance_port_admin_state): 200 GET http://10.4.1.3:9696/v2.0/ports?status=ACTIVE&amp;fixed_ip=None&amp;device_id=072be246-a1a8-49ec-8622-037580f15f0c 0.045s
2016-01-26 14:26:40,816 19202 DEBUG    [tempest_lib.common.rest_client] Request - Headers: {'Content-Type': 'application/json', 'Accept': 'application/json', 'X-Auth-Token': '&lt;omitted&gt;'}
        Body: None
    Response - Headers: {'status': '200', 'content-length': '895', 'content-location': 'http://10.4.1.3:9696/v2.0/ports?status=ACTIVE&amp;fixed_ip=None&amp;device_id=072be246-a1a8-49ec-8622-037580f15f0c', 'connection': 'close', 'date': 'Tue, 26 Jan 2016 14:26:40 GMT', 'content-type': 'application/json; charset=UTF-8', 'x-openstack-request-id': 'req-2fdc1aad-1289-4deb-9000-c44c0b057e44'}
        Body: {"ports": [{"status": "ACTIVE", "binding:host_id": "vagrant-ubuntu-trusty-64", "allowed_address_pairs": [], "extra_dhcp_opts": [], "dns_assignment": [{"hostname": "host-10-100-0-3", "ip_address": "10.100.0.3", "fqdn": "host-10-100-0-3.openstacklocal."}], "device_owner": "compute:None", "port_security_enabled": true, "binding:profile": {}, "fixed_ips": [{"subnet_id": "bdb00ae5-d74a-474d-a0ad-8b2ad20cf437", "ip_address": "10.100.0.3"}], "id": "5830cd7f-3c8a-4600-bea0-df284cd3fbc5", "security_groups": ["b8e4ea31-18f5-45db-a3c4-4c70be196629"], "device_id": "072be246-a1a8-49ec-8622-037580f15f0c", "name": "", "admin_state_up": true, "network_id": "8f6d8535-7708-48d9-8250-bdce3f0b8b00", "dns_name": "", "binding:vif_details": {"port_filter": true}, "binding:vnic_type": "normal", "binding:vif_type": "ovs", "tenant_id": "217774e541be404480bc7a6f98505732", "mac_address": "fa:16:3e:d5:04:29"}]}
2016-01-26 14:26:41,375 19202 INFO     [tempest_lib.common.rest_client] Request (TestNetworkBasicOps:test_update_instance_port_admin_state): 201 POST http://10.4.1.3:9696/v2.0/floatingips 0.558s
2016-01-26 14:26:41,376 19202 DEBUG    [tempest_lib.common.rest_client] Request - Headers: {'Content-Type': 'application/json', 'Accept': 'application/json', 'X-Auth-Token': '&lt;omitted&gt;'}
        Body: {"floatingip": {"floating_network_id": "9482e759-515f-43de-bf5a-c7fda425767e", "tenant_id": "217774e541be404480bc7a6f98505732", "fixed_ip_address": "10.100.0.3", "port_id": "5830cd7f-3c8a-4600-bea0-df284cd3fbc5"}}
    Response - Headers: {'status': '201', 'content-length': '368', 'connection': 'close', 'date': 'Tue, 26 Jan 2016 14:26:41 GMT', 'content-type': 'application/json; charset=UTF-8', 'x-openstack-request-id': 'req-00aa40a7-74f4-4ca8-8ccc-a40cb2a1d743'}
        Body: {"floatingip": {"floating_network_id": "9482e759-515f-43de-bf5a-c7fda425767e", "router_id": "82ff851f-3487-4fc7-b227-1ee5ed707650", "fixed_ip_address": "10.100.0.3", "floating_ip_address": "172.24.4.18", "tenant_id": "217774e541be404480bc7a6f98505732", "status": "DOWN", "port_id": "5830cd7f-3c8a-4600-bea0-df284cd3fbc5", "id": "97afb211-31eb-4916-be0e-315ef2647475"}}
2016-01-26 14:26:41,419 19202 INFO     [tempest_lib.common.rest_client] Request (TestNetworkBasicOps:test_update_instance_port_admin_state): 200 GET http://10.4.1.3:9696/v2.0/ports?device_id=072be246-a1a8-49ec-8622-037580f15f0c 0.042s
2016-01-26 14:26:41,419 19202 DEBUG    [tempest_lib.common.rest_client] Request - Headers: {'Content-Type': 'application/json', 'Accept': 'application/json', 'X-Auth-Token': '&lt;omitted&gt;'}
        Body: None
    Response - Headers: {'status': '200', 'content-length': '895', 'content-location': 'http://10.4.1.3:9696/v2.0/ports?device_id=072be246-a1a8-49ec-8622-037580f15f0c', 'connection': 'close', 'date': 'Tue, 26 Jan 2016 14:26:41 GMT', 'content-type': 'application/json; charset=UTF-8', 'x-openstack-request-id': 'req-74539a6b-f9f7-42b4-9b40-35b6f5b9a921'}
        Body: {"ports": [{"status": "ACTIVE", "binding:host_id": "vagrant-ubuntu-trusty-64", "allowed_address_pairs": [], "extra_dhcp_opts": [], "dns_assignment": [{"hostname": "host-10-100-0-3", "ip_address": "10.100.0.3", "fqdn": "host-10-100-0-3.openstacklocal."}], "device_owner": "compute:None", "port_security_enabled": true, "binding:profile": {}, "fixed_ips": [{"subnet_id": "bdb00ae5-d74a-474d-a0ad-8b2ad20cf437", "ip_address": "10.100.0.3"}], "id": "5830cd7f-3c8a-4600-bea0-df284cd3fbc5", "security_groups": ["b8e4ea31-18f5-45db-a3c4-4c70be196629"], "device_id": "072be246-a1a8-49ec-8622-037580f15f0c", "name": "", "admin_state_up": true, "network_id": "8f6d8535-7708-48d9-8250-bdce3f0b8b00", "dns_name": "", "binding:vif_details": {"port_filter": true}, "binding:vnic_type": "normal", "binding:vif_type": "ovs", "tenant_id": "217774e541be404480bc7a6f98505732", "mac_address": "fa:16:3e:d5:04:29"}]}
2016-01-26 14:26:41,433 19202 INFO     [tempest_lib.common.rest_client] Request (TestNetworkBasicOps:test_update_instance_port_admin_state): 200 GET http://10.4.1.3:9696/v2.0/floatingips/97afb211-31eb-4916-be0e-315ef2647475 0.012s
2016-01-26 14:26:41,433 19202 DEBUG    [tempest_lib.common.rest_client] Request - Headers: {'Content-Type': 'application/json', 'Accept': 'application/json', 'X-Auth-Token': '&lt;omitted&gt;'}
        Body: None
    Response - Headers: {'status': '200', 'content-length': '368', 'content-location': 'http://10.4.1.3:9696/v2.0/floatingips/97afb211-31eb-4916-be0e-315ef2647475', 'connection': 'close', 'date': 'Tue, 26 Jan 2016 14:26:41 GMT', 'content-type': 'application/json; charset=UTF-8', 'x-openstack-request-id': 'req-9fee3bcb-d36f-424a-9352-1a1728a95cab'}
        Body: {"floatingip": {"floating_network_id": "9482e759-515f-43de-bf5a-c7fda425767e", "router_id": "82ff851f-3487-4fc7-b227-1ee5ed707650", "fixed_ip_address": "10.100.0.3", "floating_ip_address": "172.24.4.18", "tenant_id": "217774e541be404480bc7a6f98505732", "status": "DOWN", "port_id": "5830cd7f-3c8a-4600-bea0-df284cd3fbc5", "id": "97afb211-31eb-4916-be0e-315ef2647475"}}
2016-01-26 14:26:42,447 19202 INFO     [tempest_lib.common.rest_client] Request (TestNetworkBasicOps:test_update_instance_port_admin_state): 200 GET http://10.4.1.3:9696/v2.0/floatingips/97afb211-31eb-4916-be0e-315ef2647475 0.012s
2016-01-26 14:26:42,447 19202 DEBUG    [tempest_lib.common.rest_client] Request - Headers: {'Content-Type': 'application/json', 'Accept': 'application/json', 'X-Auth-Token': '&lt;omitted&gt;'}
        Body: None
    Response - Headers: {'status': '200', 'content-length': '370', 'content-location': 'http://10.4.1.3:9696/v2.0/floatingips/97afb211-31eb-4916-be0e-315ef2647475', 'connection': 'close', 'date': 'Tue, 26 Jan 2016 14:26:42 GMT', 'content-type': 'application/json; charset=UTF-8', 'x-openstack-request-id': 'req-ddddf830-5e1f-4cd6-b679-ddaa77f6acaf'}
        Body: {"floatingip": {"floating_network_id": "9482e759-515f-43de-bf5a-c7fda425767e", "router_id": "82ff851f-3487-4fc7-b227-1ee5ed707650", "fixed_ip_address": "10.100.0.3", "floating_ip_address": "172.24.4.18", "tenant_id": "217774e541be404480bc7a6f98505732", "status": "ACTIVE", "port_id": "5830cd7f-3c8a-4600-bea0-df284cd3fbc5", "id": "97afb211-31eb-4916-be0e-315ef2647475"}}
2016-01-26 14:26:42,447 19202 INFO     [tempest.scenario.manager] FloatingIP: &lt;"FloatingIP" addr="172.24.4.18" id="97afb211-31eb-4916-be0e-315ef2647475"&gt; is at status: ACTIVE
2016-01-26 14:26:42,448 19202 DEBUG    [tempest.scenario.manager] checking network connections to IP 172.24.4.18 with user: cirros
2016-01-26 14:26:42,448 19202 DEBUG    [tempest.scenario.manager] TestNetworkBasicOps:test_update_instance_port_admin_state begins to ping 172.24.4.18 in 120 sec and the expected result is reachable
2016-01-26 14:27:00,506 19202 DEBUG    [tempest.scenario.manager] TestNetworkBasicOps:test_update_instance_port_admin_state finishes ping 172.24.4.18 in 120 sec and the ping result is expected
2016-01-26 14:27:00,509 19202 INFO     [tempest_lib.common.ssh] Creating ssh connection to '172.24.4.18' as 'cirros' with public key authentication
2016-01-26 14:27:00,517 19202 WARNING  [tempest_lib.common.ssh] Failed to establish authenticated ssh connection to cirros@172.24.4.18 ([Errno None] Unable to connect to port 22 on  or 172.24.4.18). Number attempts: 1. Retry after 2 seconds.
2016-01-26 14:27:03,025 19202 WARNING  [tempest_lib.common.ssh] Failed to establish authenticated ssh connection to cirros@172.24.4.18 ([Errno None] Unable to connect to port 22 on  or 172.24.4.18). Number attempts: 2. Retry after 3 seconds.
2016-01-26 14:27:06,617 19202 INFO     [paramiko.transport] Connected (version 2.0, client dropbear_2012.55)
2016-01-26 14:27:06,899 19202 INFO     [paramiko.transport] Authentication (publickey) successful!
2016-01-26 14:27:06,919 19202 INFO     [tempest_lib.common.ssh] ssh connection to cirros@172.24.4.18 successfuly created
2016-01-26 14:27:07,326 19202 INFO     [tempest_lib.common.rest_client] Request (TestNetworkBasicOps:test_update_instance_port_admin_state): 200 PUT http://10.4.1.3:9696/v2.0/ports/5830cd7f-3c8a-4600-bea0-df284cd3fbc5 0.288s
2016-01-26 14:27:07,327 19202 DEBUG    [tempest_lib.common.rest_client] Request - Headers: {'Content-Type': 'application/json', 'Accept': 'application/json', 'X-Auth-Token': '&lt;omitted&gt;'}
        Body: {"port": {"admin_state_up": false}}
    Response - Headers: {'status': '200', 'content-length': '750', 'connection': 'close', 'date': 'Tue, 26 Jan 2016 14:27:07 GMT', 'content-type': 'application/json; charset=UTF-8', 'x-openstack-request-id': 'req-fd81561a-3f3d-4024-9918-9c371e064697'}
        Body: {"port": {"status": "ACTIVE", "name": "", "allowed_address_pairs": [], "admin_state_up": false, "network_id": "8f6d8535-7708-48d9-8250-bdce3f0b8b00", "dns_name": "", "extra_dhcp_opts": [], "mac_address": "fa:16:3e:d5:04:29", "dns_assignment": [{"hostname": "host-10-100-0-3", "ip_address": "10.100.0.3", "fqdn": "host-10-100-0-3.openstacklocal."}], "binding:vnic_type": "normal", "device_owner": "compute:None", "tenant_id": "217774e541be404480bc7a6f98505732", "port_security_enabled": true, "fixed_ips": [{"subnet_id": "bdb00ae5-d74a-474d-a0ad-8b2ad20cf437", "ip_address": "10.100.0.3"}], "id": "5830cd7f-3c8a-4600-bea0-df284cd3fbc5", "security_groups": ["b8e4ea31-18f5-45db-a3c4-4c70be196629"], "device_id": "072be246-a1a8-49ec-8622-037580f15f0c"}}
2016-01-26 14:27:07,328 19202 DEBUG    [tempest.scenario.manager] checking network connections to IP 172.24.4.18 with user: cirros
2016-01-26 14:27:07,329 19202 DEBUG    [tempest.scenario.manager] TestNetworkBasicOps:test_update_instance_port_admin_state begins to ping 172.24.4.18 in 120 sec and the expected result is unreachable
2016-01-26 14:29:07,890 19202 DEBUG    [tempest.scenario.manager] TestNetworkBasicOps:test_update_instance_port_admin_state finishes ping 172.24.4.18 in 120 sec and the ping result is unexpected
2016-01-26 14:29:07,891 19202 ERROR    [tempest.scenario.manager] Public network connectivity check failed: after updating admin_state_up of instance port to False
2016-01-26 14:29:07.891 19202 ERROR tempest.scenario.manager Traceback (most recent call last):
2016-01-26 14:29:07.891 19202 ERROR tempest.scenario.manager   File "tempest/scenario/manager.py", line 610, in check_public_network_connectivity
2016-01-26 14:29:07.891 19202 ERROR tempest.scenario.manager     should_connect=should_connect)
2016-01-26 14:29:07.891 19202 ERROR tempest.scenario.manager   File "tempest/scenario/manager.py", line 594, in check_vm_connectivity
2016-01-26 14:29:07.891 19202 ERROR tempest.scenario.manager     msg=msg)
2016-01-26 14:29:07.891 19202 ERROR tempest.scenario.manager   File "/usr/local/lib/python2.7/dist-packages/unittest2/case.py", line 702, in assertTrue
2016-01-26 14:29:07.891 19202 ERROR tempest.scenario.manager     raise self.failureException(msg)
2016-01-26 14:29:07.891 19202 ERROR tempest.scenario.manager AssertionError: False is not true : ip address 172.24.4.18 is reachable
2016-01-26 14:29:07.891 19202 ERROR tempest.scenario.manager 
2016-01-26 14:29:08,104 19202 INFO     [tempest_lib.common.rest_client] Request (TestNetworkBasicOps:test_update_instance_port_admin_state): 200 POST http://10.4.1.3:8774/v2.1/217774e541be404480bc7a6f98505732/servers/072be246-a1a8-49ec-8622-037580f15f0c/action 0.210s
2016-01-26 14:29:08,105 19202 DEBUG    [tempest_lib.common.rest_client] Request - Headers: {'Content-Type': 'application/json', 'Accept': 'application/json', 'X-Auth-Token': '&lt;omitted&gt;'}
        Body: {"os-getConsoleOutput": {}}
    Response - Headers: {'status': '200', 'content-length': '19793', 'x-compute-request-id': 'req-b39410dc-2d92-42bf-9a89-f739c7dd2b64', 'vary': 'X-OpenStack-Nova-API-Version', 'connection': 'close', 'x-openstack-nova-api-version': '2.1', 'date': 'Tue, 26 Jan 2016 14:29:08 GMT', 'content-type': 'application/json'}
        Body: {"output": "[    0.000000] Initializing cgroup subsys cpuset\n[    0.000000] Initializing cgroup subsys cpu\n[    0.000000] Linux version 3.2.0-80-virtual (buildd@batsu) (gcc version 4.6.3 (Ubuntu/Linaro 4.6.3-1ubuntu5) ) #116-Ubuntu SMP Mon Mar 23 17:28:52 UTC 2015 (Ubuntu 3.2.0-80.116-virtual 3.2.68)\n[    0.000000] Command line: root=/dev/vda console=tty0 console=ttyS0 no_timer_check\n[    0.000000] KERNEL supported cpus:\n[    0.000000]   Intel GenuineIntel\n[    0.000000]   AMD AuthenticAMD\n[    0.000000]   Centaur CentaurHauls\n[    0.000000] BIOS-provided physical RAM map:\n[    0.000000]  BIOS-e820: 0000000000000000 - 000000000009fc00 (usable)\n[    0.000000]  BIOS-e820: 000000000009fc00 - 00000000000a0000 (reserved)\n[    0.000000]  BIOS-e820: 00000000000f0000 - 0000000000100000 (reserved)\n[    0.000000]  BIOS-e820: 0000000000100000 - 0000000003ffe000 (usable)\n[    0.000000]  BIOS-e820: 0000000003ffe000 - 0000000004000000 (reserved)\n[    0.000000]  BIOS-e820: 00000000fffc0000 - 0000000100000000 (reserved)\n[    0.000000] NX (Execute Disable) protection: active\n[    0.000000] SMBIOS 2.4 present.\n[    0.000000] No AGP bridge found\n[    0.000000] last_pfn = 0x3ffe max_arch_pfn = 0x400000000\n[    0.000000] x86 PAT enabled: cpu 0, old 0x7040600070406, new 0x7010600070106\n[    0.000000] found SMP MP-table at [ffff8800000f0b00] f0b00\n[    0.000000] init_memory_mapping: 0000000000000000-0000000003ffe000\n[    0.000000] RAMDISK: 03c5e000 - 03ff0000\n[    0.000000] ACPI: RSDP 00000000000f0950 00014 (v00 BOCHS )\n[    0.000000] ACPI: RSDT 0000000003fffbc1 00034 (v01 BOCHS  BXPCRSDT 00000001 BXPC 00000001)\n[    0.000000] ACPI: FACP 0000000003fff1c0 00074 (v01 BOCHS  BXPCFACP 00000001 BXPC 00000001)\n[    0.000000] ACPI: DSDT 0000000003ffe040 01180 (v01 BOCHS  BXPCDSDT 00000001 BXPC 00000001)\n[    0.000000] ACPI: FACS 0000000003ffe000 00040\n[    0.000000] ACPI: SSDT 0000000003fff234 008DD (v01 BOCHS  BXPCSSDT 00000001 BXPC 00000001)\n[    0.000000] ACPI: APIC 0000000003fffb11 00078 (v01 BOCHS  BXPCAPIC 00000001 BXPC 00000001)\n[    0.000000] ACPI: HPET 0000000003fffb89 00038 (v01 BOCHS  BXPCHPET 00000001 BXPC 00000001)\n[    0.000000] No NUMA configuration found\n[    0.000000] Faking a node at 0000000000000000-0000000003ffe000\n[    0.000000] Initmem setup node 0 0000000000000000-0000000003ffe000\n[    0.000000]   NODE_DATA [0000000003ff6000 - 0000000003ffafff]\n[    0.000000] Zone PFN ranges:\n[    0.000000]   DMA      0x00000010 -&gt; 0x00001000\n[    0.000000]   DMA32    0x00001000 -&gt; 0x00100000\n[    0.000000]   Normal   empty\n[    0.000000] Movable zone start PFN for each node\n[    0.000000] early_node_map[2] active PFN ranges\n[    0.000000]     0: 0x00000010 -&gt; 0x0000009f\n[    0.000000]     0: 0x00000100 -&gt; 0x00003ffe\n[    0.000000] ACPI: PM-Timer IO Port: 0xb008\n[    0.000000] ACPI: LAPIC (acpi_id[0x00] lapic_id[0x00] enabled)\n[    0.000000] ACPI: LAPIC_NMI (acpi_id[0xff] dfl dfl lint[0x1])\n[    0.000000] ACPI: IOAPIC (id[0x00] address[0xfec00000] gsi_base[0])\n[    0.000000] IOAPIC[0]: apic_id 0, version 17, address 0xfec00000, GSI 0-23\n[    0.000000] ACPI: INT_SRC_OVR (bus 0 bus_irq 0 global_irq 2 dfl dfl)\n[    0.000000] ACPI: INT_SRC_OVR (bus 0 bus_irq 5 global_irq 5 high level)\n[    0.000000] ACPI: INT_SRC_OVR (bus 0 bus_irq 9 global_irq 9 high level)\n[    0.000000] ACPI: INT_SRC_OVR (bus 0 bus_irq 10 global_irq 10 high level)\n[    0.000000] ACPI: INT_SRC_OVR (bus 0 bus_irq 11 global_irq 11 high level)\n[    0.000000] Using ACPI (MADT) for SMP configuration information\n[    0.000000] ACPI: HPET id: 0x8086a201 base: 0xfed00000\n[    0.000000] SMP: Allowing 1 CPUs, 0 hotplug CPUs\n[    0.000000] PM: Registered nosave memory: 000000000009f000 - 00000000000a0000\n[    0.000000] PM: Registered nosave memory: 00000000000a0000 - 00000000000f0000\n[    0.000000] PM: Registered nosave memory: 00000000000f0000 - 0000000000100000\n[    0.000000] Allocating PCI resources starting at 4000000 (gap: 4000000:fbfc0000)\n[    0.000000] Booting paravirtualized kernel on bare hardware\n[    0.000000] setup_pe
2016-01-26 14:29:08,109 19202 DEBUG    [tempest.scenario.manager] Console output for 072be246-a1a8-49ec-8622-037580f15f0c
body=
[    0.000000] Initializing cgroup subsys cpuset
[    0.000000] Initializing cgroup subsys cpu
[    0.000000] Linux version 3.2.0-80-virtual (buildd@batsu) (gcc version 4.6.3 (Ubuntu/Linaro 4.6.3-1ubuntu5) ) #116-Ubuntu SMP Mon Mar 23 17:28:52 UTC 2015 (Ubuntu 3.2.0-80.116-virtual 3.2.68)
[    0.000000] Command line: root=/dev/vda console=tty0 console=ttyS0 no_timer_check
[    0.000000] KERNEL supported cpus:
[    0.000000]   Intel GenuineIntel
[    0.000000]   AMD AuthenticAMD
[    0.000000]   Centaur CentaurHauls
[    0.000000] BIOS-provided physical RAM map:
[    0.000000]  BIOS-e820: 0000000000000000 - 000000000009fc00 (usable)
[    0.000000]  BIOS-e820: 000000000009fc00 - 00000000000a0000 (reserved)
[    0.000000]  BIOS-e820: 00000000000f0000 - 0000000000100000 (reserved)
[    0.000000]  BIOS-e820: 0000000000100000 - 0000000003ffe000 (usable)
[    0.000000]  BIOS-e820: 0000000003ffe000 - 0000000004000000 (reserved)
[    0.000000]  BIOS-e820: 00000000fffc0000 - 0000000100000000 (reserved)
[    0.000000] NX (Execute Disable) protection: active
[    0.000000] SMBIOS 2.4 present.
[    0.000000] No AGP bridge found
[    0.000000] last_pfn = 0x3ffe max_arch_pfn = 0x400000000
[    0.000000] x86 PAT enabled: cpu 0, old 0x7040600070406, new 0x7010600070106
[    0.000000] found SMP MP-table at [ffff8800000f0b00] f0b00
[    0.000000] init_memory_mapping: 0000000000000000-0000000003ffe000
[    0.000000] RAMDISK: 03c5e000 - 03ff0000
[    0.000000] ACPI: RSDP 00000000000f0950 00014 (v00 BOCHS )
[    0.000000] ACPI: RSDT 0000000003fffbc1 00034 (v01 BOCHS  BXPCRSDT 00000001 BXPC 00000001)
[    0.000000] ACPI: FACP 0000000003fff1c0 00074 (v01 BOCHS  BXPCFACP 00000001 BXPC 00000001)
[    0.000000] ACPI: DSDT 0000000003ffe040 01180 (v01 BOCHS  BXPCDSDT 00000001 BXPC 00000001)
[    0.000000] ACPI: FACS 0000000003ffe000 00040
[    0.000000] ACPI: SSDT 0000000003fff234 008DD (v01 BOCHS  BXPCSSDT 00000001 BXPC 00000001)
[    0.000000] ACPI: APIC 0000000003fffb11 00078 (v01 BOCHS  BXPCAPIC 00000001 BXPC 00000001)
[    0.000000] ACPI: HPET 0000000003fffb89 00038 (v01 BOCHS  BXPCHPET 00000001 BXPC 00000001)
[    0.000000] No NUMA configuration found
[    0.000000] Faking a node at 0000000000000000-0000000003ffe000
[    0.000000] Initmem setup node 0 0000000000000000-0000000003ffe000
[    0.000000]   NODE_DATA [0000000003ff6000 - 0000000003ffafff]
[    0.000000] Zone PFN ranges:
[    0.000000]   DMA      0x00000010 -&gt; 0x00001000
[    0.000000]   DMA32    0x00001000 -&gt; 0x00100000
[    0.000000]   Normal   empty
[    0.000000] Movable zone start PFN for each node
[    0.000000] early_node_map[2] active PFN ranges
[    0.000000]     0: 0x00000010 -&gt; 0x0000009f
[    0.000000]     0: 0x00000100 -&gt; 0x00003ffe
[    0.000000] ACPI: PM-Timer IO Port: 0xb008
[    0.000000] ACPI: LAPIC (acpi_id[0x00] lapic_id[0x00] enabled)
[    0.000000] ACPI: LAPIC_NMI (acpi_id[0xff] dfl dfl lint[0x1])
[    0.000000] ACPI: IOAPIC (id[0x00] address[0xfec00000] gsi_base[0])
[    0.000000] IOAPIC[0]: apic_id 0, version 17, address 0xfec00000, GSI 0-23
[    0.000000] ACPI: INT_SRC_OVR (bus 0 bus_irq 0 global_irq 2 dfl dfl)
[    0.000000] ACPI: INT_SRC_OVR (bus 0 bus_irq 5 global_irq 5 high level)
[    0.000000] ACPI: INT_SRC_OVR (bus 0 bus_irq 9 global_irq 9 high level)
[    0.000000] ACPI: INT_SRC_OVR (bus 0 bus_irq 10 global_irq 10 high level)
[    0.000000] ACPI: INT_SRC_OVR (bus 0 bus_irq 11 global_irq 11 high level)
[    0.000000] Using ACPI (MADT) for SMP configuration information
[    0.000000] ACPI: HPET id: 0x8086a201 base: 0xfed00000
[    0.000000] SMP: Allowing 1 CPUs, 0 hotplug CPUs
[    0.000000] PM: Registered nosave memory: 000000000009f000 - 00000000000a0000
[    0.000000] PM: Registered nosave memory: 00000000000a0000 - 00000000000f0000
[    0.000000] PM: Registered nosave memory: 00000000000f0000 - 0000000000100000
[    0.000000] Allocating PCI resources starting at 4000000 (gap: 4000000:fbfc0000)
[    0.000000] Booting paravirtualized kernel on bare hardware
[    0.000000] setup_percpu: NR_CPUS:64 nr_cpumask_bits:64 nr_cpu_ids:1 nr_node_ids:1
[    0.000000] PERCPU: Embedded 27 pages/cpu @ffff880003a00000 s78848 r8192 d23552 u2097152
[    0.000000] Built 1 zonelists in Node order, mobility grouping on.  Total pages: 16008
[    0.000000] Policy zone: DMA32
[    0.000000] Kernel command line: root=/dev/vda console=tty0 console=ttyS0 no_timer_check
[    0.000000] PID hash table entries: 256 (order: -1, 2048 bytes)
[    0.000000] Checking aperture...
[    0.000000] No AGP bridge found
[    0.000000] Memory: 43492k/65528k available (6576k kernel code, 452k absent, 21584k reserved, 6620k data, 928k init)
[    0.000000] SLUB: Genslabs=15, HWalign=64, Order=0-3, MinObjects=0, CPUs=1, Nodes=1
[    0.000000] Hierarchical RCU implementation.
[    0.000000] 	RCU dyntick-idle grace-period acceleration is enabled.
[    0.000000] NR_IRQS:4352 nr_irqs:256 16
[    0.000000] Console: colour VGA+ 80x25
[    0.000000] console [tty0] enabled
[    0.000000] console [ttyS0] enabled
[    0.000000] allocated 1048576 bytes of page_cgroup
[    0.000000] please try 'cgroup_disable=memory' option if you don't want memory cgroups
[    0.000000] Fast TSC calibration failed
[    0.000000] TSC: Unable to calibrate against PIT
[    0.000000] TSC: using HPET reference calibration
[    0.000000] Detected 2290.102 MHz processor.
[    0.033530] Calibrating delay loop (skipped), value calculated using timer frequency.. 4580.20 BogoMIPS (lpj=9160408)
[    0.035905] pid_max: default: 32768 minimum: 301
[    0.044002] Security Framework initialized
[    0.049338] AppArmor: AppArmor initialized
[    0.050402] Yama: becoming mindful.
[    0.058765] Dentry cache hash table entries: 8192 (order: 4, 65536 bytes)
[    0.060686] Inode-cache hash table entries: 4096 (order: 3, 32768 bytes)
[    0.061966] Mount-cache hash table entries: 256
[    0.080842] Initializing cgroup subsys cpuacct
[    0.081768] Initializing cgroup subsys memory
[    0.084319] Initializing cgroup subsys devices
[    0.085381] Initializing cgroup subsys freezer
[    0.086171] Initializing cgroup subsys blkio
[    0.086868] Initializing cgroup subsys perf_event
[    0.092482] mce: CPU supports 10 MCE banks
[    0.096284] SMP alternatives: switching to UP code
[    0.473996] Freeing SMP alternatives: 24k freed
[    0.476460] ACPI: Core revision 20110623
[    0.528592] ftrace: allocating 26610 entries in 105 pages
[    0.561156] ..TIMER: vector=0x30 apic1=0 pin1=2 apic2=-1 pin2=-1
[    0.564138] CPU0: AMD QEMU Virtual CPU version 2.0.0 stepping 03
[    0.568034] Performance Events: Broken PMU hardware detected, using software events only.
[    0.577497] NMI watchdog disabled (cpu0): hardware events not enabled
[    0.580227] Brought up 1 CPUs
[    0.580838] Total of 1 processors activated (4580.20 BogoMIPS).
[    0.604878] devtmpfs: initialized
[    0.636424] EVM: security.selinux
[    0.637147] EVM: security.SMACK64
[    0.637581] EVM: security.capability
[    0.660308] print_constraints: dummy: 
[    0.661856] RTC time: 14:26:42, date: 01/26/16
[    0.664815] NET: Registered protocol family 16
[    0.673229] ACPI: bus type pci registered
[    0.677813] PCI: Using configuration type 1 for base access
[    0.709121] bio: create slab &lt;bio-0&gt; at 0
[    0.714293] ACPI: Added _OSI(Module Device)
[    0.714794] ACPI: Added _OSI(Processor Device)
[    0.715403] ACPI: Added _OSI(3.0 _SCP Extensions)
[    0.716100] ACPI: Added _OSI(Processor Aggregator Device)
[    0.790500] ACPI: Interpreter enabled
[    0.791253] ACPI: (supports S0 S3 S4 S5)
[    0.793283] ACPI: Using IOAPIC for interrupt routing
[    0.866887] ACPI: No dock devices found.
[    0.868254] HEST: Table not found.
[    0.868872] PCI: Using host bridge windows from ACPI; if necessary, use "pci=nocrs" and report a bug
[    0.876054] ACPI: PCI Root Bridge [PCI0] (domain 0000 [bus 00-ff])
[    0.881000] pci_root PNP0A03:00: host bridge window [io  0x0000-0x0cf7]
[    0.881929] pci_root PNP0A03:00: host bridge window [io  0x0d00-0xadff]
[    0.884108] pci_root PNP0A03:00: host bridge window [io  0xae0f-0xaeff]
[    0.884997] pci_root PNP0A03:00: host bridge window [io  0xaf20-0xafdf]
[    0.885896] pci_root PNP0A03:00: host bridge window [io  0xafe4-0xffff]
[    0.886830] pci_root PNP0A03:00: host bridge window [mem 0x000a0000-0x000bffff]
[    0.888136] pci_root PNP0A03:00: host bridge window [mem 0x04000000-0xfebfffff]
[    0.913818] pci 0000:00:01.3: quirk: [io  0xb000-0xb03f] claimed by PIIX4 ACPI
[    0.916239] pci 0000:00:01.3: quirk: [io  0xb100-0xb10f] claimed by PIIX4 SMB
[    1.001006]  pci0000:00: Unable to request _OSC control (_OSC support mask: 0x1e)
[    1.062244] ACPI: PCI Interrupt Link [LNKA] (IRQs 5 *10 11)
[    1.065226] ACPI: PCI Interrupt Link [LNKB] (IRQs 5 *10 11)
[    1.066895] ACPI: PCI Interrupt Link [LNKC] (IRQs 5 10 *11)
[    1.069036] ACPI: PCI Interrupt Link [LNKD] (IRQs 5 10 *11)
[    1.070442] ACPI: PCI Interrupt Link [LNKS] (IRQs *9)
[    1.082141] vgaarb: device added: PCI:0000:00:02.0,decodes=io+mem,owns=io+mem,locks=none
[    1.084251] vgaarb: loaded
[    1.085455] vgaarb: bridge control possible 0000:00:02.0
[    1.092393] i2c-core: driver [aat2870] using legacy suspend method
[    1.093275] i2c-core: driver [aat2870] using legacy resume method
[    1.097054] SCSI subsystem initialized
[    1.100945] usbcore: registered new interface driver usbfs
[    1.102186] usbcore: registered new interface driver hub
[    1.103446] usbcore: registered new device driver usb
[    1.108834] PCI: Using ACPI for IRQ routing
[    1.120628] NetLabel: Initializing
[    1.121098] NetLabel:  domain hash size = 128
[    1.121609] NetLabel:  protocols = UNLABELED CIPSOv4
[    1.125308] NetLabel:  unlabeled traffic allowed by default
[    1.129667] HPET: 3 timers in total, 0 timers will be used for per-cpu timer
[    1.131211] hpet0: at MMIO 0xfed00000, IRQs 2, 8, 0
[    1.132589] hpet0: 3 comparators, 64-bit 100.000000 MHz counter
[    1.146170] Switching to clocksource hpet
[    1.415794] AppArmor: AppArmor Filesystem Enabled
[    1.418372] pnp: PnP ACPI init
[    1.419137] ACPI: bus type pnp registered
[    1.446097] pnp: PnP ACPI: found 9 devices
[    1.447135] ACPI: ACPI bus type pnp unregistered
[    1.511776] NET: Registered protocol family 2
[    1.550183] IP route cache hash table entries: 512 (order: 0, 4096 bytes)
[    1.557705] TCP established hash table entries: 2048 (order: 3, 32768 bytes)
[    1.559126] TCP bind hash table entries: 2048 (order: 3, 32768 bytes)
[    1.560547] TCP: Hash tables configured (established 2048 bind 2048)
[    1.561821] TCP reno registered
[    1.562353] UDP hash table entries: 128 (order: 0, 4096 bytes)
[    1.563310] UDP-Lite hash table entries: 128 (order: 0, 4096 bytes)
[    1.566498] NET: Registered protocol family 1
[    1.567402] pci 0000:00:00.0: Limiting direct PCI/PCI transfers
[    1.569261] pci 0000:00:01.0: PIIX3: Enabling Passive Release
[    1.570487] pci 0000:00:01.0: Activating ISA DMA hang workarounds
[    1.575404] ACPI: PCI Interrupt Link [LNKD] enabled at IRQ 11
[    1.577276] pci 0000:00:01.2: PCI INT D -&gt; Link[LNKD] -&gt; GSI 11 (level, high) -&gt; IRQ 11
[    1.579458] pci 0000:00:01.2: PCI INT D disabled
[    1.597792] Trying to unpack rootfs image as initramfs...
[    1.615679] audit: initializing netlink socket (disabled)
[    1.622260] type=2000 audit(1453818402.616:1): initialized
[    1.893165] HugeTLB registered 2 MB page size, pre-allocated 0 pages
[    1.974019] VFS: Disk quotas dquot_6.5.2
[    1.975916] Dquot-cache hash table entries: 512 (order 0, 4096 bytes)
[    2.001273] fuse init (API version 7.17)
[    2.006365] msgmni has been set to 84
[    2.047158] Block layer SCSI generic (bsg) driver version 0.4 loaded (major 253)
[    2.049512] io scheduler noop registered
[    2.050247] io scheduler deadline registered (default)
[    2.051167] io scheduler cfq registered
[    2.055611] pci_hotplug: PCI Hot Plug PCI Core version: 0.5
[    2.058540] pciehp: PCI Express Hot Plug Controller Driver version: 0.4
[    2.065407] input: Power Button as /devices/LNXSYSTM:00/LNXPWRBN:00/input/input0
[    2.067010] ACPI: Power Button [PWRF]
[    2.119489] ERST: Table is not found!
[    2.120019] GHES: HEST is not enabled!
[    2.130332] ACPI: PCI Interrupt Link [LNKC] enabled at IRQ 10
[    2.131267] virtio-pci 0000:00:03.0: PCI INT A -&gt; Link[LNKC] -&gt; GSI 10 (level, high) -&gt; IRQ 10
[    2.135618] virtio-pci 0000:00:04.0: PCI INT A -&gt; Link[LNKD] -&gt; GSI 11 (level, high) -&gt; IRQ 11
[    2.150604] ACPI: PCI Interrupt Link [LNKA] enabled at IRQ 10
[    2.151353] virtio-pci 0000:00:05.0: PCI INT A -&gt; Link[LNKA] -&gt; GSI 10 (level, high) -&gt; IRQ 10
[    2.161686] Serial: 8250/16550 driver, 32 ports, IRQ sharing enabled
[    2.203741] serial8250: ttyS0 at I/O 0x3f8 (irq = 4) is a 16550A
[    2.294096] serial8250: ttyS1 at I/O 0x2f8 (irq = 3) is a 16550A
[    2.420136] 00:05: ttyS0 at I/O 0x3f8 (irq = 4) is a 16550A
[    2.500622] 00:06: ttyS1 at I/O 0x2f8 (irq = 3) is a 16550A
[    2.555927] Linux agpgart interface v0.103
[    2.585716] Refined TSC clocksource calibration: 2290.134 MHz.
[    2.586557] Switching to clocksource tsc
[    2.629301] brd: module loaded
[    2.670430] loop: module loaded
[    2.718242]  vda: unknown partition table
[    2.777626] scsi0 : ata_piix
[    2.786724] scsi1 : ata_piix
[    2.788201] ata1: PATA max MWDMA2 cmd 0x1f0 ctl 0x3f6 bmdma 0xc0a0 irq 14
[    2.790033] ata2: PATA max MWDMA2 cmd 0x170 ctl 0x376 bmdma 0xc0a8 irq 15
[    2.807096] Fixed MDIO Bus: probed
[    2.808416] tun: Universal TUN/TAP device driver, 1.6
[    2.809789] tun: (C) 1999-2004 Max Krasnyansky &lt;maxk@qualcomm.com&gt;
[    2.825970] PPP generic driver version 2.4.2
[    2.835890] ehci_hcd: USB 2.0 'Enhanced' Host Controller (EHCI) Driver
[    2.838195] ohci_hcd: USB 1.1 'Open' Host Controller (OHCI) Driver
[    2.839189] uhci_hcd: USB Universal Host Controller Interface driver
[    2.840231] uhci_hcd 0000:00:01.2: PCI INT D -&gt; Link[LNKD] -&gt; GSI 11 (level, high) -&gt; IRQ 11
[    2.843624] uhci_hcd 0000:00:01.2: UHCI Host Controller
[    2.857473] uhci_hcd 0000:00:01.2: new USB bus registered, assigned bus number 1
[    2.859377] uhci_hcd 0000:00:01.2: irq 11, io base 0x0000c040
[    2.915766] hub 1-0:1.0: USB hub found
[    2.919283] hub 1-0:1.0: 2 ports detected
[    2.931849] usbcore: registered new interface driver libusual
[    2.940907] i8042: PNP: PS/2 Controller [PNP0303:KBD,PNP0f13:MOU] at 0x60,0x64 irq 1,12
[    2.953122] serio: i8042 KBD port at 0x60,0x64 irq 1
[    2.954746] serio: i8042 AUX port at 0x60,0x64 irq 12
[    3.009615] mousedev: PS/2 mouse device common for all mice
[    3.033375] input: AT Translated Set 2 keyboard as /devices/platform/i8042/serio0/input/input1
[    3.038633] rtc_cmos 00:01: RTC can wake from S4
[    3.057434] rtc_cmos 00:01: rtc core: registered rtc_cmos as rtc0
[    3.062488] rtc0: alarms up to one day, 114 bytes nvram, hpet irqs
[    3.067414] device-mapper: uevent: version 1.0.3
[    3.085347] ata2.01: ATAPI: QEMU DVD-ROM, 2.0.0, max UDMA/100
[    3.097262] device-mapper: ioctl: 4.22.0-ioctl (2011-10-19) initialised: dm-devel@redhat.com
[    3.100764] cpuidle: using governor ladder
[    3.102063] cpuidle: using governor menu
[    3.103458] EFI Variables Facility v0.08 2004-May-17
[    3.116759] TCP cubic registered
[    3.121485] NET: Registered protocol family 10
[    3.152033] NET: Registered protocol family 17
[    3.155537] Registering the dns_resolver key type
[    3.161373] ata2.01: configured for MWDMA2
[    3.208624] scsi 1:0:1:0: CD-ROM            QEMU     QEMU DVD-ROM     2.0. PQ: 0 ANSI: 5
[    3.247843] sr0: scsi3-mmc drive: 4x/4x cd/rw xa/form2 tray
[    3.250495] cdrom: Uniform CD-ROM driver Revision: 3.20
[    3.261359] sr 1:0:1:0: Attached scsi generic sg0 type 5
[    3.301833] registered taskstats version 1
[    3.434692] Freeing initrd memory: 3656k freed
[    3.966034]   Magic number: 0:781:435
[    3.981802] rtc_cmos 00:01: setting system clock to 2016-01-26 14:26:46 UTC (1453818406)
[    3.986622] powernow-k8: Processor cpuid 663 not supported
[    4.007646] BIOS EDD facility v0.16 2004-Jun-25, 0 devices found
[    4.009652] EDD information not available.
[    4.078884] Freeing unused kernel memory: 928k freed
[    4.084160] Write protecting the kernel read-only data: 12288k
[    4.186595] Freeing unused kernel memory: 1596k freed
[    4.243303] Freeing unused kernel memory: 1184k freed

info: initramfs: up at 4.41
modprobe: module virtio_blk not found in modules.dep
modprobe: module virtio_net not found in modules.dep
info: copying initramfs to /dev/vda
info: initramfs loading root from /dev/vda
info: /etc/init.d/rc.sysinit: up at 9.23
info: container: none
Starting logging: OK
modprobe: module virtio_blk not found in modules.dep
modprobe: module virtio_net not found in modules.dep
WARN: /etc/rc3.d/S10-load-modules failed
Initializing random number generator... done.
Starting acpid: OK
cirros-ds 'local' up at 11.78
found datasource (configdrive, local)
Starting network...
udhcpc (v1.20.1) started
Sending discover...
Sending select for 10.100.0.3...
Lease of 10.100.0.3 obtained, lease time 86400
route: SIOCADDRT: File exists
WARN: failed: route add -net "0.0.0.0/0" gw "10.100.0.1"
Starting dropbear sshd: generating rsa key... generating dsa key... OK
no userdata for datasource
=== system information ===
Platform: OpenStack Foundation OpenStack Nova
Container: none
Arch: x86_64
CPU(s): 1 @ 2290.102 MHz
Cores/Sockets/Threads: 1/1/1
Virt-type: AMD-V
RAM Size: 49MB
Disks:
NAME MAJ:MIN     SIZE LABEL         MOUNTPOINT
vda  253:0   25165824 cirros-rootfs /
sr0   11:0     428032 config-2      
=== sshd host keys ===
-----BEGIN SSH HOST KEY KEYS-----
ssh-rsa AAAAB3NzaC1yc2EAAAADAQABAAAAgwCmPalSVRMGUgbLmn2HwCnmacno82TMpzdo/WRLJ5yVbnQUb1llNt/lvvpS06uPiUl0LzHXmocxmmShw7oB8JYUwyFJL2l1zeCNSf9bwOcLieGxMBS3SObnF1C1Glemxj7P6Pc58V7W+kW7Wjo49vFteWtGjKzwcK7BxOD2sVrIPhWX root@tempest-server-smoke-2029182969
ssh-dss AAAAB3NzaC1kc3MAAACBAJQaG7LxoaNE8kI0ftUN5OEnzn2ykSj5qu8tPkodxPMY2ZP3UbO7dRgs66bryYkCgbMo06zdujBVg+dt1Imek+z/w50bsBm9P/O3rbiLmp6+WG0mGw/x56NEaMEY9vh6e0fGDlM/RfsyrE4FWBsIqyeMUsZmrEZCko3/gcNHRMQFAAAAFQC4KEjnxl0MtCCKERcUQxHv9gstCQAAAIAaZQkeOpDtwMACP+qOy1HEqw4XBpe+hPOmMZJCwBuMJYLiJwSZ7Vm7ibQnX8GDdS06BLjs+JGfUmat4sscZXLcsvwZ3LBvYYFuXPz4eIacTXZTt/KQ+nYX8iIkGow7lMikpI1RuJNgEc2ekrzmyisxTJ3dyerqtR/VJfEYCHMGqQAAAIBl95cZVHs/6PUE1mDXRhy8x+pxUtcXGV+Ofo06ekYG9niUOv0vXiFaL9c//277DZ5P4dMpY5zBuXllJ4pgHiUdpqZI9oL4EY1sBcQjOxF0CPSBKHxJsnLJqYtP8QaO3pVE/dJBV/3X8bUWWYmFm3ZHzuvsZtrSUOXnlozjBj7g5w== root@tempest-server-smoke-2029182969
-----END SSH HOST KEY KEYS-----
=== network info ===
if-info: lo,up,127.0.0.1,8,::1
if-info: eth0,up,10.100.0.3,28,fe80::f816:3eff:fed5:429
ip-route:default via 10.100.0.1 dev eth0 
ip-route:10.100.0.0/28 dev eth0  src 10.100.0.3 
ip-route:169.254.169.254 via 10.100.0.1 dev eth0 
=== datasource: configdrive local ===
instance-id: 072be246-a1a8-49ec-8622-037580f15f0c
name: tempest-server-smoke-2029182969
availability-zone: nova
local-hostname: tempest-server-smoke-2029182969.novalocal
launch-index: 0
=== cirros: current=0.3.4 uptime=23.25 ===
  ____               ____  ____
 / __/ __ ____ ____ / __ \/ __/
/ /__ / // __// __// /_/ /\ \ 
\___//_//_/  /_/   \____/___/ 
   http://cirros-cloud.net


login as 'cirros' user. default password: 'cubswin:)'. use 'sudo' for root.
tempest-server-smoke-2029182969 login: 
2016-01-26 14:29:08,370 19202 INFO     [tempest_lib.common.rest_client] Request (TestNetworkBasicOps:_run_cleanups): 204 DELETE http://10.4.1.3:9696/v2.0/floatingips/97afb211-31eb-4916-be0e-315ef2647475 0.255s
2016-01-26 14:29:08,370 19202 DEBUG    [tempest_lib.common.rest_client] Request - Headers: {'Content-Type': 'application/json', 'Accept': 'application/json', 'X-Auth-Token': '&lt;omitted&gt;'}
        Body: None
    Response - Headers: {'date': 'Tue, 26 Jan 2016 14:29:08 GMT', 'status': '204', 'connection': 'close', 'content-length': '0', 'x-openstack-request-id': 'req-5947d523-2704-42e2-94af-3711e16b12c5'}
        Body: 
2016-01-26 14:29:08,593 19202 INFO     [tempest_lib.common.rest_client] Request (TestNetworkBasicOps:_run_cleanups): 204 DELETE http://10.4.1.3:8774/v2.1/217774e541be404480bc7a6f98505732/servers/072be246-a1a8-49ec-8622-037580f15f0c 0.221s
2016-01-26 14:29:08,593 19202 DEBUG    [tempest_lib.common.rest_client] Request - Headers: {'Content-Type': 'application/json', 'Accept': 'application/json', 'X-Auth-Token': '&lt;omitted&gt;'}
        Body: None
    Response - Headers: {'status': '204', 'content-length': '0', 'x-compute-request-id': 'req-12c534f4-9f5d-456d-8eec-2ee5c97fe4d0', 'vary': 'X-OpenStack-Nova-API-Version', 'connection': 'close', 'x-openstack-nova-api-version': '2.1', 'date': 'Tue, 26 Jan 2016 14:29:08 GMT', 'content-type': 'application/json'}
        Body: 
2016-01-26 14:29:08,826 19202 INFO     [tempest_lib.common.rest_client] Request (TestNetworkBasicOps:_run_cleanups): 200 GET http://10.4.1.3:8774/v2.1/217774e541be404480bc7a6f98505732/servers/072be246-a1a8-49ec-8622-037580f15f0c 0.231s
2016-01-26 14:29:08,827 19202 DEBUG    [tempest_lib.common.rest_client] Request - Headers: {'Content-Type': 'application/json', 'Accept': 'application/json', 'X-Auth-Token': '&lt;omitted&gt;'}
        Body: None
    Response - Headers: {'status': '200', 'content-length': '1760', 'content-location': 'http://10.4.1.3:8774/v2.1/217774e541be404480bc7a6f98505732/servers/072be246-a1a8-49ec-8622-037580f15f0c', 'x-compute-request-id': 'req-93e27b2b-e65d-4dd3-bf5b-2822251998ff', 'vary': 'X-OpenStack-Nova-API-Version', 'connection': 'close', 'x-openstack-nova-api-version': '2.1', 'date': 'Tue, 26 Jan 2016 14:29:08 GMT', 'content-type': 'application/json'}
        Body: {"server": {"status": "ACTIVE", "updated": "2016-01-26T14:29:08Z", "hostId": "7dc23dea15e0c1c1c762678510cb944d5a600bb5fff1f844bde346a0", "addresses": {"tempest-network-smoke--130117991": [{"OS-EXT-IPS-MAC:mac_addr": "fa:16:3e:d5:04:29", "version": 4, "addr": "10.100.0.3", "OS-EXT-IPS:type": "fixed"}, {"OS-EXT-IPS-MAC:mac_addr": "fa:16:3e:d5:04:29", "version": 4, "addr": "172.24.4.18", "OS-EXT-IPS:type": "floating"}]}, "links": [{"href": "http://10.4.1.3:8774/v2.1/217774e541be404480bc7a6f98505732/servers/072be246-a1a8-49ec-8622-037580f15f0c", "rel": "self"}, {"href": "http://10.4.1.3:8774/217774e541be404480bc7a6f98505732/servers/072be246-a1a8-49ec-8622-037580f15f0c", "rel": "bookmark"}], "key_name": "tempest-TestNetworkBasicOps-545056259", "image": {"id": "516f8319-41ab-4011-a55e-cdc013ba9412", "links": [{"href": "http://10.4.1.3:8774/217774e541be404480bc7a6f98505732/images/516f8319-41ab-4011-a55e-cdc013ba9412", "rel": "bookmark"}]}, "OS-EXT-STS:task_state": "deleting", "OS-EXT-STS:vm_state": "active", "OS-SRV-USG:launched_at": "2016-01-26T14:26:39.000000", "flavor": {"id": "42", "links": [{"href": "http://10.4.1.3:8774/217774e541be404480bc7a6f98505732/flavors/42", "rel": "bookmark"}]}, "id": "072be246-a1a8-49ec-8622-037580f15f0c", "security_groups": [{"name": "tempest-secgroup-smoke-650643257"}], "OS-SRV-USG:terminated_at": null, "OS-EXT-AZ:availability_zone": "nova", "user_id": "a4e8cd1a402c4a17a72d6dadf8b9a466", "name": "tempest-server-smoke-2029182969", "created": "2016-01-26T14:26:36Z", "tenant_id": "217774e541be404480bc7a6f98505732", "OS-DCF:diskConfig": "MANUAL", "os-extended-volumes:volumes_attached": [], "accessIPv4": "", "accessIPv6": "", "progress": 0, "OS-EXT-STS:power_state": 1, "config_drive": "True", "metadata": {}}}
2016-01-26 14:29:09,987 19202 INFO     [tempest_lib.common.rest_client] Request (TestNetworkBasicOps:_run_cleanups): 200 GET http://10.4.1.3:8774/v2.1/217774e541be404480bc7a6f98505732/servers/072be246-a1a8-49ec-8622-037580f15f0c 0.142s
2016-01-26 14:29:09,987 19202 DEBUG    [tempest_lib.common.rest_client] Request - Headers: {'Content-Type': 'application/json', 'Accept': 'application/json', 'X-Auth-Token': '&lt;omitted&gt;'}
        Body: None
