<?xml version="1.0" encoding="UTF-8"?>
<!DOCTYPE html PUBLIC "-//W3C//DTD XHTML 1.0 Strict//EN"
     "http://www.w3.org/TR/xhtml1/DTD/xhtml1-strict.dtd">
<html xmlns="http://www.w3.org/1999/xhtml">
<head>
    <title>Unit Test Report</title>
    <meta name="generator" content="subunit2html 0.1"/>
    <meta http-equiv="Content-Type" content="text/html; charset=UTF-8"/>
    
<style type="text/css" media="screen">
body        { font-family: verdana, arial, helvetica, sans-serif;
    font-size: 80%; }
table       { font-size: 100%; width: 100%;}
pre         { font-size: 80%; }

/* -- heading -------------------------------------------------------------- */
h1 {
        font-size: 16pt;
        color: gray;
}
.heading {
    margin-top: 0ex;
    margin-bottom: 1ex;
}

.heading .attribute {
    margin-top: 1ex;
    margin-bottom: 0;
}

.heading .description {
    margin-top: 4ex;
    margin-bottom: 6ex;
}

/* -- css div popup -------------------------------------------------------- */
a.popup_link {
}

a.popup_link:hover {
    color: red;
}

.popup_window {
    display: none;
    overflow-x: scroll;
    /*border: solid #627173 1px; */
    padding: 10px;
    background-color: #E6E6D6;
    font-family: "Ubuntu Mono", "Lucida Console", "Courier New", monospace;
    text-align: left;
    font-size: 8pt;
}

}
/* -- report --------------------------------------------------------------- */
#show_detail_line {
    margin-top: 3ex;
    margin-bottom: 1ex;
}
#result_table {
    width: 100%;
    border-collapse: collapse;
    border: 1px solid #777;
}
#header_row {
    font-weight: bold;
    color: white;
    background-color: #777;
}
#result_table td {
    border: 1px solid #777;
    padding: 2px;
}
#total_row  { font-weight: bold; }
.passClass  { background-color: #6c6; }
.failClass  { background-color: #c60; }
.errorClass { background-color: #c00; }
.passCase   { color: #6c6; }
.failCase   { color: #c60; font-weight: bold; }
.errorCase  { color: #c00; font-weight: bold; }
.hiddenRow  { display: none; }
.testcase   { margin-left: 2em; }
td.testname {width: 40%}
td.small {width: 40px}

/* -- ending --------------------------------------------------------------- */
#ending {
}

</style>

</head>
<body>
<script language="javascript" type="text/javascript"><!--
output_list = Array();

/* level - 0:Summary; 1:Failed; 2:All */
function showCase(level) {
    trs = document.getElementsByTagName("tr");
    for (var i = 0; i < trs.length; i++) {
        tr = trs[i];
        id = tr.id;
        if (id.substr(0,2) == 'ft') {
            if (level < 1) {
                tr.className = 'hiddenRow';
            }
            else {
                tr.className = '';
            }
        }
        if (id.substr(0,2) == 'pt') {
            if (level > 1) {
                tr.className = '';
            }
            else {
                tr.className = 'hiddenRow';
            }
        }
    }
}


function showClassDetail(cid, count) {
    var id_list = Array(count);
    var toHide = 1;
    for (var i = 0; i < count; i++) {
        tid0 = 't' + cid.substr(1) + '.' + (i+1);
        tid = 'f' + tid0;
        tr = document.getElementById(tid);
        if (!tr) {
            tid = 'p' + tid0;
            tr = document.getElementById(tid);
        }
        id_list[i] = tid;
        if (tr.className) {
            toHide = 0;
        }
    }
    for (var i = 0; i < count; i++) {
        tid = id_list[i];
        if (toHide) {
            document.getElementById('div_'+tid).style.display = 'none'
            document.getElementById(tid).className = 'hiddenRow';
        }
        else {
            document.getElementById(tid).className = '';
        }
    }
}


function showTestDetail(div_id){
    var details_div = document.getElementById(div_id)
    var displayState = details_div.style.display
    // alert(displayState)
    if (displayState != 'block' ) {
        displayState = 'block'
        details_div.style.display = 'block'
    }
    else {
        details_div.style.display = 'none'
    }
}


function html_escape(s) {
    s = s.replace(/&/g,'&amp;');
    s = s.replace(/</g,'&lt;');
    s = s.replace(/>/g,'&gt;');
    return s;
}

/* obsoleted by detail in <div>
function showOutput(id, name) {
    var w = window.open("", //url
                    name,
                    "resizable,scrollbars,status,width=800,height=450");
    d = w.document;
    d.write("<pre>");
    d.write(html_escape(output_list[id]));
    d.write("\n");
    d.write("<a href='javascript:window.close()'>close</a>\n");
    d.write("</pre>\n");
    d.close();
}
*/
--></script>

<div class='heading'>
<h1>Unit Test Report</h1>

<p class='attribute'><strong>Status:</strong> Pass 1 Failure 8</p>

<p class='description'></p>
</div>



<p id='show_detail_line'>Show
<a href='javascript:showCase(0)'>Summary</a>
<a href='javascript:showCase(1)'>Failed</a>
<a href='javascript:showCase(2)'>All</a>
</p>
<table id='result_table'>
<colgroup>
<col align='left' />
<col align='right' />
<col align='right' />
<col align='right' />
<col align='right' />
<col align='right' />
<col align='right' />
<col align='right' />
</colgroup>
<tr id='header_row'>
    <td>Test Group/Test case</td>
    <td>Count</td>
    <td>Pass</td>
    <td>Fail</td>
    <td>Error</td>
    <td>Skip</td>
    <td>View</td>
    <td> </td>
</tr>

<tr class='failClass'>
    <td class="testname">tempest.scenario.test_network_basic_ops.TestNetworkBasicOps</td>
    <td class="small">9</td>
    <td class="small">1</td>
    <td class="small">8</td>
    <td class="small">0</td>
    <td class="small">0</td>
    <td class="small"><a href="javascript:showClassDetail('c1',9)"
>Detail</a></td>
    <td> </td>
</tr>

<tr id='ft1.1' class='none'>
    <td class='failCase'><div class='testcase'>test_connectivity_between_vms_on_different_networks[compute,id-1546850e-fbaa-42f5-8b5f-03d8a6a95f15,network]</div></td>
    <td colspan='7' align='left'>

    <!--css div popup start-->
    <a class="popup_link" onfocus='this.blur();'
    href="javascript:showTestDetail('div_ft1.1')" >
        fail</a>

    <div id='div_ft1.1' class="popup_window">
        <div style='text-align: right; color:red;cursor:pointer'>
        <a onfocus='this.blur();'
onclick="document.getElementById('div_ft1.1').style.display = 'none' " >
           [x]</a>
        </div>
        <pre>
        
ft1.1: tempest.scenario.test_network_basic_ops.TestNetworkBasicOps.test_connectivity_between_vms_on_different_networks[compute,id-1546850e-fbaa-42f5-8b5f-03d8a6a95f15,network]_StringException: Empty attachments:
  stderr
  stdout

pythonlogging:'': {{{
2015-12-10 13:57:52,228 23608 INFO     [tempest_lib.common.rest_client] Request (TestNetworkBasicOps:test_connectivity_between_vms_on_different_networks): 201 POST http://10.0.2.15:9696/v2.0/security-groups 0.351s
2015-12-10 13:57:52,228 23608 DEBUG    [tempest_lib.common.rest_client] Request - Headers: {'Content-Type': 'application/json', 'Accept': 'application/json', 'X-Auth-Token': '&lt;omitted&gt;'}
        Body: {"security_group": {"tenant_id": "1e21eb5e4e84445284a5997fc9931eba", "description": "tempest-secgroup-smoke-1695767310 description", "name": "tempest-secgroup-smoke-1695767310"}}
    Response - Headers: {'status': '201', 'content-length': '888', 'connection': 'close', 'date': 'Thu, 10 Dec 2015 13:57:52 GMT', 'content-type': 'application/json; charset=UTF-8', 'x-openstack-request-id': 'req-df89a477-e59f-4e0f-ab6f-e4e8b5d49dff'}
        Body: {"security_group": {"tenant_id": "1e21eb5e4e84445284a5997fc9931eba", "description": "tempest-secgroup-smoke-1695767310 description", "id": "90d7158c-fdc8-4864-99fa-b681941b6f9b", "security_group_rules": [{"remote_group_id": null, "direction": "egress", "remote_ip_prefix": null, "protocol": null, "ethertype": "IPv4", "tenant_id": "1e21eb5e4e84445284a5997fc9931eba", "port_range_max": null, "port_range_min": null, "id": "34a876c2-49ca-4600-8baf-79508d56b806", "security_group_id": "90d7158c-fdc8-4864-99fa-b681941b6f9b"}, {"remote_group_id": null, "direction": "egress", "remote_ip_prefix": null, "protocol": null, "ethertype": "IPv6", "tenant_id": "1e21eb5e4e84445284a5997fc9931eba", "port_range_max": null, "port_range_min": null, "id": "159d7449-8ba5-4adc-b7ab-b506470b3780", "security_group_id": "90d7158c-fdc8-4864-99fa-b681941b6f9b"}], "name": "tempest-secgroup-smoke-1695767310"}}
2015-12-10 13:57:52,346 23608 INFO     [tempest_lib.common.rest_client] Request (TestNetworkBasicOps:test_connectivity_between_vms_on_different_networks): 201 POST http://10.0.2.15:9696/v2.0/security-group-rules 0.116s
2015-12-10 13:57:52,347 23608 DEBUG    [tempest_lib.common.rest_client] Request - Headers: {'Content-Type': 'application/json', 'Accept': 'application/json', 'X-Auth-Token': '&lt;omitted&gt;'}
        Body: {"security_group_rule": {"direction": "ingress", "protocol": "tcp", "tenant_id": "1e21eb5e4e84445284a5997fc9931eba", "port_range_max": 22, "security_group_id": "90d7158c-fdc8-4864-99fa-b681941b6f9b", "port_range_min": 22}}
    Response - Headers: {'status': '201', 'content-length': '340', 'connection': 'close', 'date': 'Thu, 10 Dec 2015 13:57:52 GMT', 'content-type': 'application/json; charset=UTF-8', 'x-openstack-request-id': 'req-c4994498-1e1f-4ef9-8d86-84a948aca796'}
        Body: {"security_group_rule": {"remote_group_id": null, "direction": "ingress", "remote_ip_prefix": null, "protocol": "tcp", "ethertype": "IPv4", "tenant_id": "1e21eb5e4e84445284a5997fc9931eba", "port_range_max": 22, "port_range_min": 22, "id": "6c4b0927-707d-4362-a8fe-54db2a2a57b2", "security_group_id": "90d7158c-fdc8-4864-99fa-b681941b6f9b"}}
2015-12-10 13:57:52,458 23608 INFO     [tempest_lib.common.rest_client] Request (TestNetworkBasicOps:test_connectivity_between_vms_on_different_networks): 201 POST http://10.0.2.15:9696/v2.0/security-group-rules 0.109s
2015-12-10 13:57:52,458 23608 DEBUG    [tempest_lib.common.rest_client] Request - Headers: {'Content-Type': 'application/json', 'Accept': 'application/json', 'X-Auth-Token': '&lt;omitted&gt;'}
        Body: {"security_group_rule": {"direction": "egress", "protocol": "tcp", "tenant_id": "1e21eb5e4e84445284a5997fc9931eba", "port_range_max": 22, "security_group_id": "90d7158c-fdc8-4864-99fa-b681941b6f9b", "port_range_min": 22}}
    Response - Headers: {'status': '201', 'content-length': '339', 'connection': 'close', 'date': 'Thu, 10 Dec 2015 13:57:52 GMT', 'content-type': 'application/json; charset=UTF-8', 'x-openstack-request-id': 'req-eb5d16ad-8935-4bd9-bc3c-f3c26bae27c2'}
        Body: {"security_group_rule": {"remote_group_id": null, "direction": "egress", "remote_ip_prefix": null, "protocol": "tcp", "ethertype": "IPv4", "tenant_id": "1e21eb5e4e84445284a5997fc9931eba", "port_range_max": 22, "port_range_min": 22, "id": "d6f79c21-b9f4-428c-8eb5-6973aeff8410", "security_group_id": "90d7158c-fdc8-4864-99fa-b681941b6f9b"}}
2015-12-10 13:57:52,574 23608 INFO     [tempest_lib.common.rest_client] Request (TestNetworkBasicOps:test_connectivity_between_vms_on_different_networks): 201 POST http://10.0.2.15:9696/v2.0/security-group-rules 0.114s
2015-12-10 13:57:52,574 23608 DEBUG    [tempest_lib.common.rest_client] Request - Headers: {'Content-Type': 'application/json', 'Accept': 'application/json', 'X-Auth-Token': '&lt;omitted&gt;'}
        Body: {"security_group_rule": {"tenant_id": "1e21eb5e4e84445284a5997fc9931eba", "direction": "ingress", "protocol": "icmp", "security_group_id": "90d7158c-fdc8-4864-99fa-b681941b6f9b"}}
    Response - Headers: {'status': '201', 'content-length': '345', 'connection': 'close', 'date': 'Thu, 10 Dec 2015 13:57:52 GMT', 'content-type': 'application/json; charset=UTF-8', 'x-openstack-request-id': 'req-175348ee-e919-4901-b6c1-cf57bcdb69e4'}
        Body: {"security_group_rule": {"remote_group_id": null, "direction": "ingress", "remote_ip_prefix": null, "protocol": "icmp", "ethertype": "IPv4", "tenant_id": "1e21eb5e4e84445284a5997fc9931eba", "port_range_max": null, "port_range_min": null, "id": "d98ca0ec-3824-489a-859d-cabb9c2c6be9", "security_group_id": "90d7158c-fdc8-4864-99fa-b681941b6f9b"}}
2015-12-10 13:57:52,672 23608 INFO     [tempest_lib.common.rest_client] Request (TestNetworkBasicOps:test_connectivity_between_vms_on_different_networks): 201 POST http://10.0.2.15:9696/v2.0/security-group-rules 0.096s
2015-12-10 13:57:52,672 23608 DEBUG    [tempest_lib.common.rest_client] Request - Headers: {'Content-Type': 'application/json', 'Accept': 'application/json', 'X-Auth-Token': '&lt;omitted&gt;'}
        Body: {"security_group_rule": {"tenant_id": "1e21eb5e4e84445284a5997fc9931eba", "direction": "egress", "protocol": "icmp", "security_group_id": "90d7158c-fdc8-4864-99fa-b681941b6f9b"}}
    Response - Headers: {'status': '201', 'content-length': '344', 'connection': 'close', 'date': 'Thu, 10 Dec 2015 13:57:52 GMT', 'content-type': 'application/json; charset=UTF-8', 'x-openstack-request-id': 'req-cde9bda2-4d6e-43ae-8edf-d1d983a4015e'}
        Body: {"security_group_rule": {"remote_group_id": null, "direction": "egress", "remote_ip_prefix": null, "protocol": "icmp", "ethertype": "IPv4", "tenant_id": "1e21eb5e4e84445284a5997fc9931eba", "port_range_max": null, "port_range_min": null, "id": "2b68ebad-51e7-4fa3-af54-928a855d1759", "security_group_id": "90d7158c-fdc8-4864-99fa-b681941b6f9b"}}
2015-12-10 13:57:52,781 23608 INFO     [tempest_lib.common.rest_client] Request (TestNetworkBasicOps:test_connectivity_between_vms_on_different_networks): 201 POST http://10.0.2.15:9696/v2.0/security-group-rules 0.107s
2015-12-10 13:57:52,782 23608 DEBUG    [tempest_lib.common.rest_client] Request - Headers: {'Content-Type': 'application/json', 'Accept': 'application/json', 'X-Auth-Token': '&lt;omitted&gt;'}
        Body: {"security_group_rule": {"tenant_id": "1e21eb5e4e84445284a5997fc9931eba", "direction": "ingress", "security_group_id": "90d7158c-fdc8-4864-99fa-b681941b6f9b", "protocol": "icmp", "ethertype": "IPv6"}}
    Response - Headers: {'status': '201', 'content-length': '345', 'connection': 'close', 'date': 'Thu, 10 Dec 2015 13:57:52 GMT', 'content-type': 'application/json; charset=UTF-8', 'x-openstack-request-id': 'req-abd6731d-6c9c-47bf-9aa4-81275c2a564f'}
        Body: {"security_group_rule": {"remote_group_id": null, "direction": "ingress", "remote_ip_prefix": null, "protocol": "icmp", "ethertype": "IPv6", "tenant_id": "1e21eb5e4e84445284a5997fc9931eba", "port_range_max": null, "port_range_min": null, "id": "a6d89063-6401-4ed3-80b4-0fc409306584", "security_group_id": "90d7158c-fdc8-4864-99fa-b681941b6f9b"}}
2015-12-10 13:57:52,900 23608 INFO     [tempest_lib.common.rest_client] Request (TestNetworkBasicOps:test_connectivity_between_vms_on_different_networks): 201 POST http://10.0.2.15:9696/v2.0/security-group-rules 0.117s
2015-12-10 13:57:52,901 23608 DEBUG    [tempest_lib.common.rest_client] Request - Headers: {'Content-Type': 'application/json', 'Accept': 'application/json', 'X-Auth-Token': '&lt;omitted&gt;'}
        Body: {"security_group_rule": {"tenant_id": "1e21eb5e4e84445284a5997fc9931eba", "direction": "egress", "security_group_id": "90d7158c-fdc8-4864-99fa-b681941b6f9b", "protocol": "icmp", "ethertype": "IPv6"}}
    Response - Headers: {'status': '201', 'content-length': '344', 'connection': 'close', 'date': 'Thu, 10 Dec 2015 13:57:52 GMT', 'content-type': 'application/json; charset=UTF-8', 'x-openstack-request-id': 'req-a1ccef9e-8eef-4ccf-92b4-6abe8e33a21a'}
        Body: {"security_group_rule": {"remote_group_id": null, "direction": "egress", "remote_ip_prefix": null, "protocol": "icmp", "ethertype": "IPv6", "tenant_id": "1e21eb5e4e84445284a5997fc9931eba", "port_range_max": null, "port_range_min": null, "id": "4ba441b8-777e-4e1d-98ca-fcd1bc6b6f89", "security_group_id": "90d7158c-fdc8-4864-99fa-b681941b6f9b"}}
2015-12-10 13:57:53,144 23608 INFO     [tempest_lib.common.rest_client] Request (TestNetworkBasicOps:test_connectivity_between_vms_on_different_networks): 201 POST http://10.0.2.15:9696/v2.0/networks 0.241s
2015-12-10 13:57:53,144 23608 DEBUG    [tempest_lib.common.rest_client] Request - Headers: {'Content-Type': 'application/json', 'Accept': 'application/json', 'X-Auth-Token': '&lt;omitted&gt;'}
        Body: {"network": {"tenant_id": "1e21eb5e4e84445284a5997fc9931eba", "name": "tempest-network-smoke--1812832147"}}
    Response - Headers: {'status': '201', 'content-length': '296', 'connection': 'close', 'date': 'Thu, 10 Dec 2015 13:57:53 GMT', 'content-type': 'application/json; charset=UTF-8', 'x-openstack-request-id': 'req-e9bf7dcd-4c2c-4a87-914a-176a21fbfa5c'}
        Body: {"network": {"status": "ACTIVE", "subnets": [], "name": "tempest-network-smoke--1812832147", "admin_state_up": true, "tenant_id": "1e21eb5e4e84445284a5997fc9931eba", "mtu": 0, "router:external": false, "shared": false, "port_security_enabled": true, "id": "30882460-4dc2-4ae8-a067-d40bc28ef2dc"}}
2015-12-10 13:57:53,213 23608 INFO     [tempest_lib.common.rest_client] Request (TestNetworkBasicOps:test_connectivity_between_vms_on_different_networks): 201 POST http://10.0.2.15:9696/v2.0/routers 0.068s
2015-12-10 13:57:53,214 23608 DEBUG    [tempest_lib.common.rest_client] Request - Headers: {'Content-Type': 'application/json', 'Accept': 'application/json', 'X-Auth-Token': '&lt;omitted&gt;'}
        Body: {"router": {"tenant_id": "1e21eb5e4e84445284a5997fc9931eba", "name": "tempest-router-smoke-1283179481", "admin_state_up": true}}
    Response - Headers: {'status': '201', 'content-length': '239', 'connection': 'close', 'date': 'Thu, 10 Dec 2015 13:57:53 GMT', 'content-type': 'application/json; charset=UTF-8', 'x-openstack-request-id': 'req-14bfe0a3-6fca-4d75-b5f1-af6bf6aaebf1'}
        Body: {"router": {"status": "ACTIVE", "external_gateway_info": null, "name": "tempest-router-smoke-1283179481", "admin_state_up": true, "tenant_id": "1e21eb5e4e84445284a5997fc9931eba", "routes": [], "id": "116d8a30-d0d3-42c8-9655-77dc195b2fc2"}}
2015-12-10 13:57:53,276 23608 INFO     [tempest_lib.common.rest_client] Request (TestNetworkBasicOps:test_connectivity_between_vms_on_different_networks): 200 GET http://10.0.2.15:9696/v2.0/routers/116d8a30-d0d3-42c8-9655-77dc195b2fc2 0.060s
2015-12-10 13:57:53,277 23608 DEBUG    [tempest_lib.common.rest_client] Request - Headers: {'Content-Type': 'application/json', 'Accept': 'application/json', 'X-Auth-Token': '&lt;omitted&gt;'}
        Body: None
    Response - Headers: {'status': '200', 'content-length': '239', 'content-location': 'http://10.0.2.15:9696/v2.0/routers/116d8a30-d0d3-42c8-9655-77dc195b2fc2', 'connection': 'close', 'date': 'Thu, 10 Dec 2015 13:57:53 GMT', 'content-type': 'application/json; charset=UTF-8', 'x-openstack-request-id': 'req-f2923f48-5385-4eda-8576-cb4878b788ba'}
        Body: {"router": {"status": "ACTIVE", "external_gateway_info": null, "name": "tempest-router-smoke-1283179481", "admin_state_up": true, "tenant_id": "1e21eb5e4e84445284a5997fc9931eba", "routes": [], "id": "116d8a30-d0d3-42c8-9655-77dc195b2fc2"}}
2015-12-10 13:57:53,881 23608 INFO     [tempest_lib.common.rest_client] Request (TestNetworkBasicOps:test_connectivity_between_vms_on_different_networks): 200 PUT http://10.0.2.15:9696/v2.0/routers/116d8a30-d0d3-42c8-9655-77dc195b2fc2 0.603s
2015-12-10 13:57:53,882 23608 DEBUG    [tempest_lib.common.rest_client] Request - Headers: {'Content-Type': 'application/json', 'Accept': 'application/json', 'X-Auth-Token': '&lt;omitted&gt;'}
        Body: {"router": {"external_gateway_info": {"network_id": "476e079b-fc7f-4d9f-8258-e004fdde94d8"}, "name": "tempest-router-smoke-1283179481", "admin_state_up": true}}
    Response - Headers: {'status': '200', 'content-length': '501', 'connection': 'close', 'date': 'Thu, 10 Dec 2015 13:57:53 GMT', 'content-type': 'application/json; charset=UTF-8', 'x-openstack-request-id': 'req-2db16756-5bdb-4cbd-97e7-a05203408911'}
        Body: {"router": {"status": "ACTIVE", "external_gateway_info": {"network_id": "476e079b-fc7f-4d9f-8258-e004fdde94d8", "enable_snat": true, "external_fixed_ips": [{"subnet_id": "81ca05a3-6282-47b9-99d2-6d7d811fd914", "ip_address": "172.24.4.3"}, {"subnet_id": "46135381-7da7-40f3-a7a4-20107948e365", "ip_address": "2001:db8::3"}]}, "name": "tempest-router-smoke-1283179481", "admin_state_up": true, "tenant_id": "1e21eb5e4e84445284a5997fc9931eba", "routes": [], "id": "116d8a30-d0d3-42c8-9655-77dc195b2fc2"}}
2015-12-10 13:57:54,015 23608 INFO     [tempest_lib.common.rest_client] Request (TestNetworkBasicOps:test_connectivity_between_vms_on_different_networks): 200 GET http://10.0.2.15:9696/v2.0/subnets?tenant_id=1e21eb5e4e84445284a5997fc9931eba&amp;cidr=10.100.0.0%2F28 0.131s
2015-12-10 13:57:54,016 23608 DEBUG    [tempest_lib.common.rest_client] Request - Headers: {'Content-Type': 'application/json', 'Accept': 'application/json', 'X-Auth-Token': '&lt;omitted&gt;'}
        Body: None
    Response - Headers: {'status': '200', 'content-length': '15', 'content-location': 'http://10.0.2.15:9696/v2.0/subnets?tenant_id=1e21eb5e4e84445284a5997fc9931eba&amp;cidr=10.100.0.0%2F28', 'connection': 'close', 'date': 'Thu, 10 Dec 2015 13:57:54 GMT', 'content-type': 'application/json; charset=UTF-8', 'x-openstack-request-id': 'req-e18d928f-f513-4941-aede-e69f4e651b58'}
        Body: {"subnets": []}
2015-12-10 13:57:54,325 23608 INFO     [tempest_lib.common.rest_client] Request (TestNetworkBasicOps:test_connectivity_between_vms_on_different_networks): 201 POST http://10.0.2.15:9696/v2.0/subnets 0.309s
2015-12-10 13:57:54,326 23608 DEBUG    [tempest_lib.common.rest_client] Request - Headers: {'Content-Type': 'application/json', 'Accept': 'application/json', 'X-Auth-Token': '&lt;omitted&gt;'}
        Body: {"subnet": {"ip_version": 4, "tenant_id": "1e21eb5e4e84445284a5997fc9931eba", "cidr": "10.100.0.0/28", "network_id": "30882460-4dc2-4ae8-a067-d40bc28ef2dc", "name": "tempest-subnet-smoke-1754221518"}}
    Response - Headers: {'status': '201', 'content-length': '478', 'connection': 'close', 'date': 'Thu, 10 Dec 2015 13:57:54 GMT', 'content-type': 'application/json; charset=UTF-8', 'x-openstack-request-id': 'req-b06caf16-b25f-4d91-b6d1-63b18bec533b'}
        Body: {"subnet": {"name": "tempest-subnet-smoke-1754221518", "enable_dhcp": true, "network_id": "30882460-4dc2-4ae8-a067-d40bc28ef2dc", "tenant_id": "1e21eb5e4e84445284a5997fc9931eba", "dns_nameservers": [], "gateway_ip": "10.100.0.1", "ipv6_ra_mode": null, "allocation_pools": [{"start": "10.100.0.2", "end": "10.100.0.14"}], "host_routes": [], "ip_version": 4, "ipv6_address_mode": null, "cidr": "10.100.0.0/28", "id": "bb86aa22-af59-4017-98a7-870022e6ab00", "subnetpool_id": null}}
2015-12-10 13:57:54,919 23608 INFO     [tempest_lib.common.rest_client] Request (TestNetworkBasicOps:test_connectivity_between_vms_on_different_networks): 200 PUT http://10.0.2.15:9696/v2.0/routers/116d8a30-d0d3-42c8-9655-77dc195b2fc2/add_router_interface 0.593s
2015-12-10 13:57:54,920 23608 DEBUG    [tempest_lib.common.rest_client] Request - Headers: {'Content-Type': 'application/json', 'Accept': 'application/json', 'X-Auth-Token': '&lt;omitted&gt;'}
        Body: {"subnet_id": "bb86aa22-af59-4017-98a7-870022e6ab00"}
    Response - Headers: {'status': '200', 'content-length': '255', 'connection': 'close', 'date': 'Thu, 10 Dec 2015 13:57:54 GMT', 'content-type': 'application/json; charset=UTF-8', 'x-openstack-request-id': 'req-fa78c926-5eb1-4ba8-bdaf-c5420d9a8f70'}
        Body: {"subnet_id": "bb86aa22-af59-4017-98a7-870022e6ab00", "tenant_id": "1e21eb5e4e84445284a5997fc9931eba", "subnet_ids": ["bb86aa22-af59-4017-98a7-870022e6ab00"], "port_id": "6f4f4884-b5ce-4cee-a5c7-f66082c59cf6", "id": "116d8a30-d0d3-42c8-9655-77dc195b2fc2"}
2015-12-10 13:57:54,993 23608 INFO     [tempest_lib.common.rest_client] Request (TestNetworkBasicOps:test_connectivity_between_vms_on_different_networks): 200 GET http://10.0.2.15:9696/v2.0/networks 0.072s
2015-12-10 13:57:54,994 23608 DEBUG    [tempest_lib.common.rest_client] Request - Headers: {'Content-Type': 'application/json', 'Accept': 'application/json', 'X-Auth-Token': '&lt;omitted&gt;'}
        Body: None
    Response - Headers: {'status': '200', 'content-length': '1318', 'content-location': 'http://10.0.2.15:9696/v2.0/networks', 'connection': 'close', 'date': 'Thu, 10 Dec 2015 13:57:54 GMT', 'content-type': 'application/json; charset=UTF-8', 'x-openstack-request-id': 'req-07f7a4e0-a057-43a0-83ca-e49ce9ef1153'}
        Body: {"networks": [{"status": "ACTIVE", "subnets": ["81ca05a3-6282-47b9-99d2-6d7d811fd914", "46135381-7da7-40f3-a7a4-20107948e365"], "name": "public", "provider:physical_network": null, "admin_state_up": true, "tenant_id": "257470e854234f7bb57eacb61e3b0bbd", "mtu": 0, "router:external": true, "shared": false, "port_security_enabled": true, "provider:network_type": "vxlan", "id": "476e079b-fc7f-4d9f-8258-e004fdde94d8", "provider:segmentation_id": 1096}, {"status": "ACTIVE", "subnets": ["bb86aa22-af59-4017-98a7-870022e6ab00"], "name": "tempest-network-smoke--1812832147", "provider:physical_network": null, "admin_state_up": true, "tenant_id": "1e21eb5e4e84445284a5997fc9931eba", "mtu": 0, "router:external": false, "shared": false, "port_security_enabled": true, "provider:network_type": "vxlan", "id": "30882460-4dc2-4ae8-a067-d40bc28ef2dc", "provider:segmentation_id": 1064}, {"status": "ACTIVE", "subnets": ["55748e35-def9-4d49-b4d6-48aad07b6298", "7ddf2692-e1f4-409a-b104-e7cb80f5acaa"], "name": "private", "provider:physical_network": null, "admin_state_up": true, "tenant_id": "66c2d1e1e17d4a47b13a3bdeb9fc9675", "mtu": 0, "router:external": false, "shared": false, "port_security_enabled": true, "provider:network_type": "vxlan", "id": "efe2af22-8d0b-4708-bbf3-35ebbd1b4a42", "provider:segmentation_id": 1007}]}
2015-12-10 13:57:55,195 23608 INFO     [tempest_lib.common.rest_client] Request (TestNetworkBasicOps:test_connectivity_between_vms_on_different_networks): 200 GET http://10.0.2.15:9696/v2.0/subnets 0.200s
2015-12-10 13:57:55,195 23608 DEBUG    [tempest_lib.common.rest_client] Request - Headers: {'Content-Type': 'application/json', 'Accept': 'application/json', 'X-Auth-Token': '&lt;omitted&gt;'}
        Body: None
    Response - Headers: {'status': '200', 'content-length': '2408', 'content-location': 'http://10.0.2.15:9696/v2.0/subnets', 'connection': 'close', 'date': 'Thu, 10 Dec 2015 13:57:55 GMT', 'content-type': 'application/json; charset=UTF-8', 'x-openstack-request-id': 'req-bdd65744-d8c6-46f8-9a53-476ab729ff1d'}
        Body: {"subnets": [{"name": "private-subnet", "enable_dhcp": true, "network_id": "efe2af22-8d0b-4708-bbf3-35ebbd1b4a42", "tenant_id": "66c2d1e1e17d4a47b13a3bdeb9fc9675", "dns_nameservers": [], "gateway_ip": "10.0.0.1", "ipv6_ra_mode": null, "allocation_pools": [{"start": "10.0.0.2", "end": "10.0.0.254"}], "host_routes": [], "ip_version": 4, "ipv6_address_mode": null, "cidr": "10.0.0.0/24", "id": "55748e35-def9-4d49-b4d6-48aad07b6298", "subnetpool_id": null}, {"name": "ipv6-private-subnet", "enable_dhcp": true, "network_id": "efe2af22-8d0b-4708-bbf3-35ebbd1b4a42", "tenant_id": "66c2d1e1e17d4a47b13a3bdeb9fc9675", "dns_nameservers": [], "gateway_ip": "fd4b:7c19:e435::1", "ipv6_ra_mode": "slaac", "allocation_pools": [{"start": "fd4b:7c19:e435::2", "end": "fd4b:7c19:e435:0:ffff:ffff:ffff:ffff"}], "host_routes": [], "ip_version": 6, "ipv6_address_mode": "slaac", "cidr": "fd4b:7c19:e435::/64", "id": "7ddf2692-e1f4-409a-b104-e7cb80f5acaa", "subnetpool_id": null}, {"name": "public-subnet", "enable_dhcp": false, "network_id": "476e079b-fc7f-4d9f-8258-e004fdde94d8", "tenant_id": "257470e854234f7bb57eacb61e3b0bbd", "dns_nameservers": [], "gateway_ip": "172.24.4.1", "ipv6_ra_mode": null, "allocation_pools": [{"start": "172.24.4.2", "end": "172.24.4.254"}], "host_routes": [], "ip_version": 4, "ipv6_address_mode": null, "cidr": "172.24.4.0/24", "id": "81ca05a3-6282-47b9-99d2-6d7d811fd914", "subnetpool_id": null}, {"name": "ipv6-public-subnet", "enable_dhcp": false, "network_id": "476e079b-fc7f-4d9f-8258-e004fdde94d8", "tenant_id": "257470e854234f7bb57eacb61e3b0bbd", "dns_nameservers": [], "gateway_ip": "2001:db8::2", "ipv6_ra_mode": null, "allocation_pools": [{"start": "2001:db8::1", "end": "2001:db8::1"}, {"start": "2001:db8::3", "end": "2001:db8::ffff:ffff:ffff:ffff"}], "host_routes": [], "ip_version": 6, "ipv6_address_mode": null, "cidr": "2001:db8::/64", "id": "46135381-7da7-40f3-a7a4-20107948e365", "subnetpool_id": null}, {"name": "tempest-subnet-smoke-1754221518", "enable_dhcp": true, "network_id": "30882460-4dc2-4ae8-a067-d40bc28ef2dc", "tenant_id": "1e21eb5e4e84445284a5997fc9931eba", "dns_nameservers": [], "gateway_ip": "10.100.0.1", "ipv6_ra_mode": null, "allocation_pools": [{"start": "10.100.0.2", "end": "10.100.0.14"}], "host_routes": [], "ip_version": 4, "ipv6_address_mode": null, "cidr": "10.100.0.0/28", "id": "bb86aa22-af59-4017-98a7-870022e6ab00", "subnetpool_id": null}]}
2015-12-10 13:57:55,244 23608 INFO     [tempest_lib.common.rest_client] Request (TestNetworkBasicOps:test_connectivity_between_vms_on_different_networks): 200 GET http://10.0.2.15:9696/v2.0/routers 0.047s
2015-12-10 13:57:55,245 23608 DEBUG    [tempest_lib.common.rest_client] Request - Headers: {'Content-Type': 'application/json', 'Accept': 'application/json', 'X-Auth-Token': '&lt;omitted&gt;'}
        Body: None
    Response - Headers: {'status': '200', 'content-length': '1041', 'content-location': 'http://10.0.2.15:9696/v2.0/routers', 'connection': 'close', 'date': 'Thu, 10 Dec 2015 13:57:55 GMT', 'content-type': 'application/json; charset=UTF-8', 'x-openstack-request-id': 'req-ef078740-65ec-4d02-b786-4c521b3462b5'}
        Body: {"routers": [{"status": "ACTIVE", "external_gateway_info": {"network_id": "476e079b-fc7f-4d9f-8258-e004fdde94d8", "enable_snat": true, "external_fixed_ips": [{"subnet_id": "81ca05a3-6282-47b9-99d2-6d7d811fd914", "ip_address": "172.24.4.3"}, {"subnet_id": "46135381-7da7-40f3-a7a4-20107948e365", "ip_address": "2001:db8::3"}]}, "name": "tempest-router-smoke-1283179481", "admin_state_up": true, "tenant_id": "1e21eb5e4e84445284a5997fc9931eba", "distributed": false, "routes": [], "ha": false, "id": "116d8a30-d0d3-42c8-9655-77dc195b2fc2"}, {"status": "ACTIVE", "external_gateway_info": {"network_id": "476e079b-fc7f-4d9f-8258-e004fdde94d8", "enable_snat": true, "external_fixed_ips": [{"subnet_id": "81ca05a3-6282-47b9-99d2-6d7d811fd914", "ip_address": "172.24.4.2"}, {"subnet_id": "46135381-7da7-40f3-a7a4-20107948e365", "ip_address": "2001:db8::1"}]}, "name": "router1", "admin_state_up": true, "tenant_id": "66c2d1e1e17d4a47b13a3bdeb9fc9675", "distributed": false, "routes": [], "ha": false, "id": "bca45a84-3c84-4a10-bb70-39889cfbbb34"}]}
2015-12-10 13:57:55,660 23608 INFO     [tempest_lib.common.rest_client] Request (TestNetworkBasicOps:test_connectivity_between_vms_on_different_networks): 200 POST http://10.0.2.15:8774/v2.1/1e21eb5e4e84445284a5997fc9931eba/os-keypairs 0.413s
2015-12-10 13:57:55,661 23608 DEBUG    [tempest_lib.common.rest_client] Request - Headers: {'Content-Type': 'application/json', 'Accept': 'application/json', 'X-Auth-Token': '&lt;omitted&gt;'}
        Body: {"keypair": {"name": "tempest-TestNetworkBasicOps-381685478"}}
    Response - Headers: {'status': '200', 'content-length': '2320', 'x-compute-request-id': 'req-ab247d8d-7a3e-4ed9-b3c8-44985b41eb9c', 'vary': 'X-OpenStack-Nova-API-Version', 'connection': 'close', 'x-openstack-nova-api-version': '2.1', 'date': 'Thu, 10 Dec 2015 13:57:55 GMT', 'content-type': 'application/json'}
        Body: {"keypair": {"public_key": "ssh-rsa AAAAB3NzaC1yc2EAAAADAQABAAABAQC3IV6w5RllI6M20ipWwlIKVhkx8I/fsewikXn02GaqxyYI7VAc3a/lePLy+uS2slr7T3qufErezTYISQqJ3AT7RD3RXsVrZ/BeliFu96a5jQEAJBRLktx0nr90nHP97iNJyhJnDwOqVx6EZcGKVup1Al/Xqlna40eZjxk0z1GtvdRVE4BwhNMC0TTLoB/r7w+yYc4dwn6Y9QLkoQQfdmeHfpTTflGeJCsKUMNC14eZw/4UHf9KWU07QOQWTyTvD3U332VP0ZkXwLVqbASfT8DtBYsVPHU83RJ8sAj0K/z+VnsVQtRIQpkCuZy5CA8Q3F/+hdtFmUV35QS2NJtyyTJb Generated-by-Nova", "private_key": "-----BEGIN RSA PRIVATE KEY-----\nMIIEpwIBAAKCAQEAtyFesOUZZSOjNtIqVsJSClYZMfCP37HsIpF59NhmqscmCO1Q\nHN2v5Xjy8vrktrJa+096rnxK3s02CEkKidwE+0Q90V7Fa2fwXpYhbvemuY0BACQU\nS5LcdJ6/dJxz/e4jScoSZw8DqlcehGXBilbqdQJf16pZ2uNHmY8ZNM9Rrb3UVROA\ncITTAtE0y6Af6+8PsmHOHcJ+mPUC5KEEH3Znh36U035RniQrClDDQteHmcP+FB3/\nSllNO0DkFk8k7w91N99lT9GZF8C1amwEn0/A7QWLFTx1PN0SfLAI9Cv8/lZ7FULU\nSEKZArmcuQgPENxf/oXbRZlFd+UEtjSbcskyWwIDAQABAoIBAGXJDGJx092dIzhz\nM8kpFIReOn7BYJZKxB6qkQh/xwCg1AkeLer9ZKi8wvw+ayUImP0ZveyBdPPFR4Tv\nZAYf3jzyPxHCBSSfjsBj3Y1Z5Lc5Ihc79nPS2umO2ocr9mRrGf4HbJcPh1AEQBgC\nnsIPcR08Bp1ON8crkD5PhQkPOizAZjJCtFo2k1SZTMfM+SR8GpzQNr4AZwz2b2Ur\n4L0GCg0NlhHwivpOvtVktqO/Yy1l0a5rNEpcIgJUAQKSVkmzsXHGX+FGwCFlDZrC\nGPweMTEeh/gdfsaGCktJ7U6+fABCmhFTiMScieZwF8NIddfCLsF9mWhh38auXXlw\ncdINLwECggCBAMWRC+YStB2Wnsfw1EDoVE9RUDswmFgxQkNMk+sw6kmInqfyUhCy\nzbnU381/k8mOZBCFJCzGsJLIrIeeMntncbbxHqU6OuqLfOu0LRgZGcaBfcjPSSUY\nEhAJGHsY474X6/aErdtib5c4LQc99ovJFwqPoxMmytU6Ks0sauQNYu0bAoIAgQDt\nS0TpFkrX8yEOdiwFWSsDcoxiJqUsgoGmDqG9NfW5wV5g2BMLgDvTjo8NrsHC0WMc\nbuh8hf1JNcYNro4WVg4j4+KSPIh2IGQ8aMkt8/N03aNUMm45wKcwfULK+x7KJYXX\nFmH9qWOGrs2I57Rw2f5+1H5RY+ydhnrPSXuZU7ljwQKCAIA+I7nvWnCmYcp9LqVD\n6Q8jh3rJsyYnjw69ZiecMN1v1XW5c0EWmXaVfXwLAZZ1LcERZR8UqkW9VTrWyQ4t\nvEKK/NnbtC31uXvIEvqf+r0dr3rlnzTtYt3Dh2jYxuJS1ulTtzWLrDFXCcc34Ohb\n3RrPKpBrJKdlW488yzyvj/pOgwKCAIB8FHizHRoDs7lcU4SPQ2IPim1HwYdrL87V\nYx9FzhpwiGFuaG4E/IfMBuZctD3TPiQCMShWPMYF6x1l+BmKKnN4ZugJqad9hVCE\nmhJgegia2m5WT4x9nHSQEV/Eve0KrPZAUw7oUhOd0HffF7GttP+zmC95JbQLZs9+\n5qC/uxzcwQKCAIAvcUnXC0piwu4nNMZ33bovu4Le/iSEXbVm4tH5ZS5HhWLmDCBR\nvO4FHkxUClSnsi41cjGDoDAfQwaUlQZnKMw/v/7YanrOrWmpib6mjSiGbsPoJJQQ\nvDOUBQ43SuqK1o5A8lbDS5YBHgyeWejd42RS3Hg9p3frjvwObOgCaY/6yw==\n-----END RSA PRIVATE KEY-----\n", "user_id": "3b215a5028df4c49a9568dd31a52e370", "name": "tempest-TestNetworkBasicOps-381685478", "fingerprint": "ff:d5:d7:9c:60:67:a1:0d:e9:12:2d:23:d4:f5:32:ed"}}
2015-12-10 13:57:55,755 23608 INFO     [tempest_lib.common.rest_client] Request (TestNetworkBasicOps:test_connectivity_between_vms_on_different_networks): 200 POST http://10.0.2.15:5000/v2.0/tokens
2015-12-10 13:57:55,755 23608 DEBUG    [tempest_lib.common.rest_client] Request - Headers: {'Content-Type': 'application/json', 'Accept': 'application/json'}
        Body: &lt;omitted&gt;
    Response - Headers: {'status': '200', 'content-length': '2526', 'vary': 'X-Auth-Token', 'server': 'Apache/2.4.7 (Ubuntu)', 'connection': 'close', 'date': 'Thu, 10 Dec 2015 13:57:55 GMT', 'content-type': 'application/json', 'x-openstack-request-id': 'req-dc92cccb-efef-45b0-8269-6c5795e938b6'}
        Body: {"access": {"token": {"issued_at": "2015-12-10T13:57:55.746023", "expires": "2015-12-10T14:57:55Z", "id": "dfb27b3575b74f3199ba8f17772fcf09", "tenant": {"description": "tempest-TestNetworkBasicOps-95805667-desc", "enabled": true, "id": "1e21eb5e4e84445284a5997fc9931eba", "name": "tempest-TestNetworkBasicOps-95805667"}, "audit_ids": ["ohMIfB5LTDmqX4EqBuufeg"]}, "serviceCatalog": [{"endpoints": [{"adminURL": "http://10.0.2.15:8774/v2.1/1e21eb5e4e84445284a5997fc9931eba", "region": "RegionOne", "internalURL": "http://10.0.2.15:8774/v2.1/1e21eb5e4e84445284a5997fc9931eba", "id": "045f653daacb409bb8885535305d4814", "publicURL": "http://10.0.2.15:8774/v2.1/1e21eb5e4e84445284a5997fc9931eba"}], "endpoints_links": [], "type": "compute", "name": "nova"}, {"endpoints": [{"adminURL": "http://10.0.2.15:9696/", "region": "RegionOne", "internalURL": "http://10.0.2.15:9696/", "id": "e719d1754f524d5ca8b345af1c83375f", "publicURL": "http://10.0.2.15:9696/"}], "endpoints_links": [], "type": "network", "name": "neutron"}, {"endpoints": [{"adminURL": "http://10.0.2.15:9292", "region": "RegionOne", "internalURL": "http://10.0.2.15:9292", "id": "5629087044a3401686492eb6c84cc0a6", "publicURL": "http://10.0.2.15:9292"}], "endpoints_links": [], "type": "image", "name": "glance"}, {"endpoints": [{"adminURL": "http://10.0.2.15:8774/v2/1e21eb5e4e84445284a5997fc9931eba", "region": "RegionOne", "internalURL": "http://10.0.2.15:8774/v2/1e21eb5e4e84445284a5997fc9931eba", "id": "0abbdcd4d35e4a28be319960bad42396", "publicURL": "http://10.0.2.15:8774/v2/1e21eb5e4e84445284a5997fc9931eba"}], "endpoints_links": [], "type": "compute_legacy", "name": "nova_legacy"}, {"endpoints": [{"adminURL": "http://10.0.2.15:8773/", "region": "RegionOne", "internalURL": "http://10.0.2.15:8773/", "id": "470e00f1aa704adaa14ecefbf5b8f048", "publicURL": "http://10.0.2.15:8773/"}], "endpoints_links": [], "type": "ec2", "name": "ec2"}, {"endpoints": [{"adminURL": "http://10.0.2.15:35357/v2.0", "region": "RegionOne", "internalURL": "http://10.0.2.15:5000/v2.0", "id": "a72d13954a8e429a889a866aab93b9c2", "publicURL": "http://10.0.2.15:5000/v2.0"}], "endpoints_links": [], "type": "identity", "name": "keystone"}], "user": {"username": "tempest-TestNetworkBasicOps-1471355052", "roles_links": [], "id": "3b215a5028df4c49a9568dd31a52e370", "roles": [{"name": "_member_"}, {"name": "Member"}], "name": "tempest-TestNetworkBasicOps-1471355052"}, "metadata": {"is_admin": 0, "roles": ["9fe2ff9ee4384b1894a90878d3e92bab", "f24a868c1d69444eb193cac79f73da39"]}}}
2015-12-10 13:57:55,760 23608 DEBUG    [tempest.common.fixed_network] (TestNetworkBasicOps:test_connectivity_between_vms_on_different_networks) No valid network provided or created, defaulting to fixed_network_name
2015-12-10 13:57:56,071 23608 INFO     [tempest_lib.common.rest_client] Request (TestNetworkBasicOps:test_connectivity_between_vms_on_different_networks): 200 GET http://10.0.2.15:8774/v2.1/1e21eb5e4e84445284a5997fc9931eba/os-networks 0.310s
2015-12-10 13:57:56,071 23608 DEBUG    [tempest_lib.common.rest_client] Request - Headers: {'Content-Type': 'application/json', 'Accept': 'application/json', 'X-Auth-Token': '&lt;omitted&gt;'}
        Body: None
    Response - Headers: {'status': '200', 'content-length': '479', 'content-location': 'http://10.0.2.15:8774/v2.1/1e21eb5e4e84445284a5997fc9931eba/os-networks', 'x-compute-request-id': 'req-8673000d-2ba9-47e0-898f-ff13d7328c55', 'vary': 'X-OpenStack-Nova-API-Version', 'connection': 'close', 'x-openstack-nova-api-version': '2.1', 'date': 'Thu, 10 Dec 2015 13:57:56 GMT', 'content-type': 'application/json'}
        Body: {"networks": [{"cidr_v6": null, "dns2": null, "dns1": null, "gateway": null, "broadcast": null, "netmask": null, "gateway_v6": null, "cidr": null, "label": "public", "id": "476e079b-fc7f-4d9f-8258-e004fdde94d8", "netmask_v6": null}, {"cidr_v6": null, "dns2": null, "dns1": null, "gateway": null, "broadcast": null, "netmask": null, "gateway_v6": null, "cidr": null, "label": "tempest-network-smoke--1812832147", "id": "30882460-4dc2-4ae8-a067-d40bc28ef2dc", "netmask_v6": null}]}
2015-12-10 13:57:56,072 23608 WARNING  [tempest.common.fixed_network] (TestNetworkBasicOps:test_connectivity_between_vms_on_different_networks) Network with name: private not found
2015-12-10 13:57:56,072 23608 INFO     [tempest.common.fixed_network] (TestNetworkBasicOps:test_connectivity_between_vms_on_different_networks) Found network {} available for tenant
2015-12-10 13:57:57,578 23608 INFO     [tempest_lib.common.rest_client] Request (TestNetworkBasicOps:test_connectivity_between_vms_on_different_networks): 202 POST http://10.0.2.15:8774/v2.1/1e21eb5e4e84445284a5997fc9931eba/servers 1.505s
2015-12-10 13:57:57,578 23608 DEBUG    [tempest_lib.common.rest_client] Request - Headers: {'Content-Type': 'application/json', 'Accept': 'application/json', 'X-Auth-Token': '&lt;omitted&gt;'}
        Body: {"server": {"name": "tempest.common.compute-instance-299728165", "imageRef": "c044221c-9ee3-4c20-bc06-801d9e872dda", "key_name": "tempest-TestNetworkBasicOps-381685478", "flavorRef": "42", "networks": [{"uuid": "30882460-4dc2-4ae8-a067-d40bc28ef2dc"}], "security_groups": [{"name": "tempest-secgroup-smoke-1695767310"}]}}
    Response - Headers: {'status': '202', 'content-length': '462', 'x-compute-request-id': 'req-aa499c44-1763-4cc6-94c0-91dd782c9c97', 'vary': 'X-OpenStack-Nova-API-Version', 'connection': 'close', 'location': 'http://10.0.2.15:8774/v2.1/1e21eb5e4e84445284a5997fc9931eba/servers/dcc6375c-0e01-49a1-ab04-b67cfceda25c', 'x-openstack-nova-api-version': '2.1', 'date': 'Thu, 10 Dec 2015 13:57:57 GMT', 'content-type': 'application/json'}
        Body: {"server": {"security_groups": [{"name": "tempest-secgroup-smoke-1695767310"}], "OS-DCF:diskConfig": "MANUAL", "id": "dcc6375c-0e01-49a1-ab04-b67cfceda25c", "links": [{"href": "http://10.0.2.15:8774/v2.1/1e21eb5e4e84445284a5997fc9931eba/servers/dcc6375c-0e01-49a1-ab04-b67cfceda25c", "rel": "self"}, {"href": "http://10.0.2.15:8774/1e21eb5e4e84445284a5997fc9931eba/servers/dcc6375c-0e01-49a1-ab04-b67cfceda25c", "rel": "bookmark"}], "adminPass": "vnv2mp3RZ79o"}}
2015-12-10 13:57:57,716 23608 INFO     [tempest_lib.common.rest_client] Request (TestNetworkBasicOps:test_connectivity_between_vms_on_different_networks): 200 GET http://10.0.2.15:8774/v2.1/1e21eb5e4e84445284a5997fc9931eba/servers/dcc6375c-0e01-49a1-ab04-b67cfceda25c 0.134s
2015-12-10 13:57:57,716 23608 DEBUG    [tempest_lib.common.rest_client] Request - Headers: {'Content-Type': 'application/json', 'Accept': 'application/json', 'X-Auth-Token': '&lt;omitted&gt;'}
        Body: None
    Response - Headers: {'status': '200', 'content-length': '1354', 'content-location': 'http://10.0.2.15:8774/v2.1/1e21eb5e4e84445284a5997fc9931eba/servers/dcc6375c-0e01-49a1-ab04-b67cfceda25c', 'x-compute-request-id': 'req-12b8ee18-2878-4a3a-93e2-643bc5e75bd6', 'vary': 'X-OpenStack-Nova-API-Version', 'connection': 'close', 'x-openstack-nova-api-version': '2.1', 'date': 'Thu, 10 Dec 2015 13:57:57 GMT', 'content-type': 'application/json'}
        Body: {"server": {"status": "BUILD", "updated": "2015-12-10T13:57:57Z", "hostId": "", "addresses": {}, "links": [{"href": "http://10.0.2.15:8774/v2.1/1e21eb5e4e84445284a5997fc9931eba/servers/dcc6375c-0e01-49a1-ab04-b67cfceda25c", "rel": "self"}, {"href": "http://10.0.2.15:8774/1e21eb5e4e84445284a5997fc9931eba/servers/dcc6375c-0e01-49a1-ab04-b67cfceda25c", "rel": "bookmark"}], "key_name": "tempest-TestNetworkBasicOps-381685478", "image": {"id": "c044221c-9ee3-4c20-bc06-801d9e872dda", "links": [{"href": "http://10.0.2.15:8774/1e21eb5e4e84445284a5997fc9931eba/images/c044221c-9ee3-4c20-bc06-801d9e872dda", "rel": "bookmark"}]}, "OS-EXT-STS:task_state": "scheduling", "OS-EXT-STS:vm_state": "building", "OS-SRV-USG:launched_at": null, "flavor": {"id": "42", "links": [{"href": "http://10.0.2.15:8774/1e21eb5e4e84445284a5997fc9931eba/flavors/42", "rel": "bookmark"}]}, "id": "dcc6375c-0e01-49a1-ab04-b67cfceda25c", "OS-SRV-USG:terminated_at": null, "OS-EXT-AZ:availability_zone": "", "user_id": "3b215a5028df4c49a9568dd31a52e370", "name": "tempest.common.compute-instance-299728165", "created": "2015-12-10T13:57:57Z", "tenant_id": "1e21eb5e4e84445284a5997fc9931eba", "OS-DCF:diskConfig": "MANUAL", "os-extended-volumes:volumes_attached": [], "accessIPv4": "", "accessIPv6": "", "progress": 0, "OS-EXT-STS:power_state": 0, "config_drive": "", "metadata": {}}}
2015-12-10 13:57:59,083 23608 INFO     [tempest_lib.common.rest_client] Request (TestNetworkBasicOps:test_connectivity_between_vms_on_different_networks): 200 GET http://10.0.2.15:8774/v2.1/1e21eb5e4e84445284a5997fc9931eba/servers/dcc6375c-0e01-49a1-ab04-b67cfceda25c 0.357s
2015-12-10 13:57:59,083 23608 DEBUG    [tempest_lib.common.rest_client] Request - Headers: {'Content-Type': 'application/json', 'Accept': 'application/json', 'X-Auth-Token': '&lt;omitted&gt;'}
        Body: None
    Response - Headers: {'status': '200', 'content-length': '1480', 'content-location': 'http://10.0.2.15:8774/v2.1/1e21eb5e4e84445284a5997fc9931eba/servers/dcc6375c-0e01-49a1-ab04-b67cfceda25c', 'x-compute-request-id': 'req-32303097-a911-4983-9451-d931eff91752', 'vary': 'X-OpenStack-Nova-API-Version', 'connection': 'close', 'x-openstack-nova-api-version': '2.1', 'date': 'Thu, 10 Dec 2015 13:57:59 GMT', 'content-type': 'application/json'}
        Body: {"server": {"status": "BUILD", "updated": "2015-12-10T13:57:58Z", "hostId": "e0454c8fe7861b7c102f420201b098f47add457613634a21ebc67fb3", "addresses": {}, "links": [{"href": "http://10.0.2.15:8774/v2.1/1e21eb5e4e84445284a5997fc9931eba/servers/dcc6375c-0e01-49a1-ab04-b67cfceda25c", "rel": "self"}, {"href": "http://10.0.2.15:8774/1e21eb5e4e84445284a5997fc9931eba/servers/dcc6375c-0e01-49a1-ab04-b67cfceda25c", "rel": "bookmark"}], "key_name": "tempest-TestNetworkBasicOps-381685478", "image": {"id": "c044221c-9ee3-4c20-bc06-801d9e872dda", "links": [{"href": "http://10.0.2.15:8774/1e21eb5e4e84445284a5997fc9931eba/images/c044221c-9ee3-4c20-bc06-801d9e872dda", "rel": "bookmark"}]}, "OS-EXT-STS:task_state": "spawning", "OS-EXT-STS:vm_state": "building", "OS-SRV-USG:launched_at": null, "flavor": {"id": "42", "links": [{"href": "http://10.0.2.15:8774/1e21eb5e4e84445284a5997fc9931eba/flavors/42", "rel": "bookmark"}]}, "id": "dcc6375c-0e01-49a1-ab04-b67cfceda25c", "security_groups": [{"name": "tempest-secgroup-smoke-1695767310"}], "OS-SRV-USG:terminated_at": null, "OS-EXT-AZ:availability_zone": "nova", "user_id": "3b215a5028df4c49a9568dd31a52e370", "name": "tempest.common.compute-instance-299728165", "created": "2015-12-10T13:57:57Z", "tenant_id": "1e21eb5e4e84445284a5997fc9931eba", "OS-DCF:diskConfig": "MANUAL", "os-extended-volumes:volumes_attached": [], "accessIPv4": "", "accessIPv6": "", "progress": 0, "OS-EXT-STS:power_state": 0, "config_drive": "", "metadata": {}}}
2015-12-10 13:57:59,092 23608 INFO     [tempest.common.waiters] State transition "BUILD/scheduling" ==&gt; "BUILD/spawning" after 2 second wait
2015-12-10 13:58:00,387 23608 INFO     [tempest_lib.common.rest_client] Request (TestNetworkBasicOps:test_connectivity_between_vms_on_different_networks): 200 GET http://10.0.2.15:8774/v2.1/1e21eb5e4e84445284a5997fc9931eba/servers/dcc6375c-0e01-49a1-ab04-b67cfceda25c 0.293s
2015-12-10 13:58:00,388 23608 DEBUG    [tempest_lib.common.rest_client] Request - Headers: {'Content-Type': 'application/json', 'Accept': 'application/json', 'X-Auth-Token': '&lt;omitted&gt;'}
        Body: None
    Response - Headers: {'status': '200', 'content-length': '1480', 'content-location': 'http://10.0.2.15:8774/v2.1/1e21eb5e4e84445284a5997fc9931eba/servers/dcc6375c-0e01-49a1-ab04-b67cfceda25c', 'x-compute-request-id': 'req-31f8c284-bf98-486b-aba1-62f6156917dd', 'vary': 'X-OpenStack-Nova-API-Version', 'connection': 'close', 'x-openstack-nova-api-version': '2.1', 'date': 'Thu, 10 Dec 2015 13:58:00 GMT', 'content-type': 'application/json'}
        Body: {"server": {"status": "BUILD", "updated": "2015-12-10T13:57:58Z", "hostId": "e0454c8fe7861b7c102f420201b098f47add457613634a21ebc67fb3", "addresses": {}, "links": [{"href": "http://10.0.2.15:8774/v2.1/1e21eb5e4e84445284a5997fc9931eba/servers/dcc6375c-0e01-49a1-ab04-b67cfceda25c", "rel": "self"}, {"href": "http://10.0.2.15:8774/1e21eb5e4e84445284a5997fc9931eba/servers/dcc6375c-0e01-49a1-ab04-b67cfceda25c", "rel": "bookmark"}], "key_name": "tempest-TestNetworkBasicOps-381685478", "image": {"id": "c044221c-9ee3-4c20-bc06-801d9e872dda", "links": [{"href": "http://10.0.2.15:8774/1e21eb5e4e84445284a5997fc9931eba/images/c044221c-9ee3-4c20-bc06-801d9e872dda", "rel": "bookmark"}]}, "OS-EXT-STS:task_state": "spawning", "OS-EXT-STS:vm_state": "building", "OS-SRV-USG:launched_at": null, "flavor": {"id": "42", "links": [{"href": "http://10.0.2.15:8774/1e21eb5e4e84445284a5997fc9931eba/flavors/42", "rel": "bookmark"}]}, "id": "dcc6375c-0e01-49a1-ab04-b67cfceda25c", "security_groups": [{"name": "tempest-secgroup-smoke-1695767310"}], "OS-SRV-USG:terminated_at": null, "OS-EXT-AZ:availability_zone": "nova", "user_id": "3b215a5028df4c49a9568dd31a52e370", "name": "tempest.common.compute-instance-299728165", "created": "2015-12-10T13:57:57Z", "tenant_id": "1e21eb5e4e84445284a5997fc9931eba", "OS-DCF:diskConfig": "MANUAL", "os-extended-volumes:volumes_attached": [], "accessIPv4": "", "accessIPv6": "", "progress": 0, "OS-EXT-STS:power_state": 0, "config_drive": "", "metadata": {}}}
2015-12-10 13:58:01,585 23608 INFO     [tempest_lib.common.rest_client] Request (TestNetworkBasicOps:test_connectivity_between_vms_on_different_networks): 200 GET http://10.0.2.15:8774/v2.1/1e21eb5e4e84445284a5997fc9931eba/servers/dcc6375c-0e01-49a1-ab04-b67cfceda25c 0.187s
2015-12-10 13:58:01,586 23608 DEBUG    [tempest_lib.common.rest_client] Request - Headers: {'Content-Type': 'application/json', 'Accept': 'application/json', 'X-Auth-Token': '&lt;omitted&gt;'}
        Body: None
    Response - Headers: {'status': '200', 'content-length': '1652', 'content-location': 'http://10.0.2.15:8774/v2.1/1e21eb5e4e84445284a5997fc9931eba/servers/dcc6375c-0e01-49a1-ab04-b67cfceda25c', 'x-compute-request-id': 'req-087e1d15-c9e5-4073-8f42-c33d40eaae75', 'vary': 'X-OpenStack-Nova-API-Version', 'connection': 'close', 'x-openstack-nova-api-version': '2.1', 'date': 'Thu, 10 Dec 2015 13:58:01 GMT', 'content-type': 'application/json'}
        Body: {"server": {"status": "ACTIVE", "updated": "2015-12-10T13:58:00Z", "hostId": "e0454c8fe7861b7c102f420201b098f47add457613634a21ebc67fb3", "addresses": {"tempest-network-smoke--1812832147": [{"OS-EXT-IPS-MAC:mac_addr": "fa:16:3e:fa:f0:46", "version": 4, "addr": "10.100.0.3", "OS-EXT-IPS:type": "fixed"}]}, "links": [{"href": "http://10.0.2.15:8774/v2.1/1e21eb5e4e84445284a5997fc9931eba/servers/dcc6375c-0e01-49a1-ab04-b67cfceda25c", "rel": "self"}, {"href": "http://10.0.2.15:8774/1e21eb5e4e84445284a5997fc9931eba/servers/dcc6375c-0e01-49a1-ab04-b67cfceda25c", "rel": "bookmark"}], "key_name": "tempest-TestNetworkBasicOps-381685478", "image": {"id": "c044221c-9ee3-4c20-bc06-801d9e872dda", "links": [{"href": "http://10.0.2.15:8774/1e21eb5e4e84445284a5997fc9931eba/images/c044221c-9ee3-4c20-bc06-801d9e872dda", "rel": "bookmark"}]}, "OS-EXT-STS:task_state": null, "OS-EXT-STS:vm_state": "active", "OS-SRV-USG:launched_at": "2015-12-10T13:58:00.000000", "flavor": {"id": "42", "links": [{"href": "http://10.0.2.15:8774/1e21eb5e4e84445284a5997fc9931eba/flavors/42", "rel": "bookmark"}]}, "id": "dcc6375c-0e01-49a1-ab04-b67cfceda25c", "security_groups": [{"name": "tempest-secgroup-smoke-1695767310"}], "OS-SRV-USG:terminated_at": null, "OS-EXT-AZ:availability_zone": "nova", "user_id": "3b215a5028df4c49a9568dd31a52e370", "name": "tempest.common.compute-instance-299728165", "created": "2015-12-10T13:57:57Z", "tenant_id": "1e21eb5e4e84445284a5997fc9931eba", "OS-DCF:diskConfig": "MANUAL", "os-extended-volumes:volumes_attached": [], "accessIPv4": "", "accessIPv6": "", "progress": 0, "OS-EXT-STS:power_state": 1, "config_drive": "True", "metadata": {}}}
2015-12-10 13:58:01,604 23608 INFO     [tempest.common.waiters] State transition "BUILD/spawning" ==&gt; "ACTIVE/None" after 4 second wait
2015-12-10 13:58:01,815 23608 INFO     [tempest_lib.common.rest_client] Request (TestNetworkBasicOps:test_connectivity_between_vms_on_different_networks): 200 GET http://10.0.2.15:8774/v2.1/1e21eb5e4e84445284a5997fc9931eba/servers/dcc6375c-0e01-49a1-ab04-b67cfceda25c 0.210s
2015-12-10 13:58:01,816 23608 DEBUG    [tempest_lib.common.rest_client] Request - Headers: {'Content-Type': 'application/json', 'Accept': 'application/json', 'X-Auth-Token': '&lt;omitted&gt;'}
        Body: None
    Response - Headers: {'status': '200', 'content-length': '1652', 'content-location': 'http://10.0.2.15:8774/v2.1/1e21eb5e4e84445284a5997fc9931eba/servers/dcc6375c-0e01-49a1-ab04-b67cfceda25c', 'x-compute-request-id': 'req-6e71502d-f024-4ff9-b6bf-c9766f17b6ca', 'vary': 'X-OpenStack-Nova-API-Version', 'connection': 'close', 'x-openstack-nova-api-version': '2.1', 'date': 'Thu, 10 Dec 2015 13:58:01 GMT', 'content-type': 'application/json'}
        Body: {"server": {"status": "ACTIVE", "updated": "2015-12-10T13:58:00Z", "hostId": "e0454c8fe7861b7c102f420201b098f47add457613634a21ebc67fb3", "addresses": {"tempest-network-smoke--1812832147": [{"OS-EXT-IPS-MAC:mac_addr": "fa:16:3e:fa:f0:46", "version": 4, "addr": "10.100.0.3", "OS-EXT-IPS:type": "fixed"}]}, "links": [{"href": "http://10.0.2.15:8774/v2.1/1e21eb5e4e84445284a5997fc9931eba/servers/dcc6375c-0e01-49a1-ab04-b67cfceda25c", "rel": "self"}, {"href": "http://10.0.2.15:8774/1e21eb5e4e84445284a5997fc9931eba/servers/dcc6375c-0e01-49a1-ab04-b67cfceda25c", "rel": "bookmark"}], "key_name": "tempest-TestNetworkBasicOps-381685478", "image": {"id": "c044221c-9ee3-4c20-bc06-801d9e872dda", "links": [{"href": "http://10.0.2.15:8774/1e21eb5e4e84445284a5997fc9931eba/images/c044221c-9ee3-4c20-bc06-801d9e872dda", "rel": "bookmark"}]}, "OS-EXT-STS:task_state": null, "OS-EXT-STS:vm_state": "active", "OS-SRV-USG:launched_at": "2015-12-10T13:58:00.000000", "flavor": {"id": "42", "links": [{"href": "http://10.0.2.15:8774/1e21eb5e4e84445284a5997fc9931eba/flavors/42", "rel": "bookmark"}]}, "id": "dcc6375c-0e01-49a1-ab04-b67cfceda25c", "security_groups": [{"name": "tempest-secgroup-smoke-1695767310"}], "OS-SRV-USG:terminated_at": null, "OS-EXT-AZ:availability_zone": "nova", "user_id": "3b215a5028df4c49a9568dd31a52e370", "name": "tempest.common.compute-instance-299728165", "created": "2015-12-10T13:57:57Z", "tenant_id": "1e21eb5e4e84445284a5997fc9931eba", "OS-DCF:diskConfig": "MANUAL", "os-extended-volumes:volumes_attached": [], "accessIPv4": "", "accessIPv6": "", "progress": 0, "OS-EXT-STS:power_state": 1, "config_drive": "True", "metadata": {}}}
2015-12-10 13:58:01,826 23608 INFO     [tempest.scenario.manager] Tenant networks not configured to be reachable.
2015-12-10 13:58:01,859 23608 INFO     [tempest_lib.common.rest_client] Request (TestNetworkBasicOps:test_connectivity_between_vms_on_different_networks): 200 GET http://10.0.2.15:9696/v2.0/ports?status=ACTIVE&amp;fixed_ip=None&amp;device_id=dcc6375c-0e01-49a1-ab04-b67cfceda25c 0.032s
2015-12-10 13:58:01,859 23608 DEBUG    [tempest_lib.common.rest_client] Request - Headers: {'Content-Type': 'application/json', 'Accept': 'application/json', 'X-Auth-Token': '&lt;omitted&gt;'}
        Body: None
    Response - Headers: {'status': '200', 'content-length': '895', 'content-location': 'http://10.0.2.15:9696/v2.0/ports?status=ACTIVE&amp;fixed_ip=None&amp;device_id=dcc6375c-0e01-49a1-ab04-b67cfceda25c', 'connection': 'close', 'date': 'Thu, 10 Dec 2015 13:58:01 GMT', 'content-type': 'application/json; charset=UTF-8', 'x-openstack-request-id': 'req-2e549e0b-9fef-45ff-b89d-44af526b0fe6'}
        Body: {"ports": [{"status": "ACTIVE", "binding:host_id": "vagrant-ubuntu-trusty-64", "allowed_address_pairs": [], "extra_dhcp_opts": [], "dns_assignment": [{"hostname": "host-10-100-0-3", "ip_address": "10.100.0.3", "fqdn": "host-10-100-0-3.openstacklocal."}], "device_owner": "compute:None", "port_security_enabled": true, "binding:profile": {}, "fixed_ips": [{"subnet_id": "bb86aa22-af59-4017-98a7-870022e6ab00", "ip_address": "10.100.0.3"}], "id": "f6eb3523-6c52-48aa-ba26-b6af00277da2", "security_groups": ["90d7158c-fdc8-4864-99fa-b681941b6f9b"], "device_id": "dcc6375c-0e01-49a1-ab04-b67cfceda25c", "name": "", "admin_state_up": true, "network_id": "30882460-4dc2-4ae8-a067-d40bc28ef2dc", "dns_name": "", "binding:vif_details": {"port_filter": true}, "binding:vnic_type": "normal", "binding:vif_type": "ovs", "tenant_id": "1e21eb5e4e84445284a5997fc9931eba", "mac_address": "fa:16:3e:fa:f0:46"}]}
2015-12-10 13:58:02,338 23608 INFO     [tempest_lib.common.rest_client] Request (TestNetworkBasicOps:test_connectivity_between_vms_on_different_networks): 201 POST http://10.0.2.15:9696/v2.0/floatingips 0.478s
2015-12-10 13:58:02,338 23608 DEBUG    [tempest_lib.common.rest_client] Request - Headers: {'Content-Type': 'application/json', 'Accept': 'application/json', 'X-Auth-Token': '&lt;omitted&gt;'}
        Body: {"floatingip": {"floating_network_id": "476e079b-fc7f-4d9f-8258-e004fdde94d8", "tenant_id": "1e21eb5e4e84445284a5997fc9931eba", "fixed_ip_address": "10.100.0.3", "port_id": "f6eb3523-6c52-48aa-ba26-b6af00277da2"}}
    Response - Headers: {'status': '201', 'content-length': '367', 'connection': 'close', 'date': 'Thu, 10 Dec 2015 13:58:02 GMT', 'content-type': 'application/json; charset=UTF-8', 'x-openstack-request-id': 'req-c79aa52e-d76e-4fc8-8657-06d548748bc5'}
        Body: {"floatingip": {"floating_network_id": "476e079b-fc7f-4d9f-8258-e004fdde94d8", "router_id": "116d8a30-d0d3-42c8-9655-77dc195b2fc2", "fixed_ip_address": "10.100.0.3", "floating_ip_address": "172.24.4.4", "tenant_id": "1e21eb5e4e84445284a5997fc9931eba", "status": "DOWN", "port_id": "f6eb3523-6c52-48aa-ba26-b6af00277da2", "id": "9efea9ae-47c0-49a9-881e-49c8c9693427"}}
2015-12-10 13:58:02,352 23608 INFO     [tempest_lib.common.rest_client] Request (TestNetworkBasicOps:test_connectivity_between_vms_on_different_networks): 200 GET http://10.0.2.15:9696/v2.0/floatingips/9efea9ae-47c0-49a9-881e-49c8c9693427 0.012s
2015-12-10 13:58:02,352 23608 DEBUG    [tempest_lib.common.rest_client] Request - Headers: {'Content-Type': 'application/json', 'Accept': 'application/json', 'X-Auth-Token': '&lt;omitted&gt;'}
        Body: None
    Response - Headers: {'status': '200', 'content-length': '367', 'content-location': 'http://10.0.2.15:9696/v2.0/floatingips/9efea9ae-47c0-49a9-881e-49c8c9693427', 'connection': 'close', 'date': 'Thu, 10 Dec 2015 13:58:02 GMT', 'content-type': 'application/json; charset=UTF-8', 'x-openstack-request-id': 'req-91dd0856-0095-4110-8928-cfb26bce8966'}
        Body: {"floatingip": {"floating_network_id": "476e079b-fc7f-4d9f-8258-e004fdde94d8", "router_id": "116d8a30-d0d3-42c8-9655-77dc195b2fc2", "fixed_ip_address": "10.100.0.3", "floating_ip_address": "172.24.4.4", "tenant_id": "1e21eb5e4e84445284a5997fc9931eba", "status": "DOWN", "port_id": "f6eb3523-6c52-48aa-ba26-b6af00277da2", "id": "9efea9ae-47c0-49a9-881e-49c8c9693427"}}
2015-12-10 13:58:03,368 23608 INFO     [tempest_lib.common.rest_client] Request (TestNetworkBasicOps:test_connectivity_between_vms_on_different_networks): 200 GET http://10.0.2.15:9696/v2.0/floatingips/9efea9ae-47c0-49a9-881e-49c8c9693427 0.013s
2015-12-10 13:58:03,368 23608 DEBUG    [tempest_lib.common.rest_client] Request - Headers: {'Content-Type': 'application/json', 'Accept': 'application/json', 'X-Auth-Token': '&lt;omitted&gt;'}
        Body: None
    Response - Headers: {'status': '200', 'content-length': '369', 'content-location': 'http://10.0.2.15:9696/v2.0/floatingips/9efea9ae-47c0-49a9-881e-49c8c9693427', 'connection': 'close', 'date': 'Thu, 10 Dec 2015 13:58:03 GMT', 'content-type': 'application/json; charset=UTF-8', 'x-openstack-request-id': 'req-aa15e76b-0da2-4e70-bc85-451b8c330bcf'}
        Body: {"floatingip": {"floating_network_id": "476e079b-fc7f-4d9f-8258-e004fdde94d8", "router_id": "116d8a30-d0d3-42c8-9655-77dc195b2fc2", "fixed_ip_address": "10.100.0.3", "floating_ip_address": "172.24.4.4", "tenant_id": "1e21eb5e4e84445284a5997fc9931eba", "status": "ACTIVE", "port_id": "f6eb3523-6c52-48aa-ba26-b6af00277da2", "id": "9efea9ae-47c0-49a9-881e-49c8c9693427"}}
2015-12-10 13:58:03,369 23608 INFO     [tempest.scenario.manager] FloatingIP: &lt;"FloatingIP" addr="172.24.4.4" id="9efea9ae-47c0-49a9-881e-49c8c9693427"&gt; is at status: ACTIVE
2015-12-10 13:58:03,369 23608 DEBUG    [tempest.scenario.manager] checking network connections to IP 172.24.4.4 with user: cirros
2015-12-10 13:58:03,370 23608 DEBUG    [tempest.scenario.manager] TestNetworkBasicOps:test_connectivity_between_vms_on_different_networks begins to ping 172.24.4.4 in 120 sec and the expected result is reachable
2015-12-10 14:00:03,634 23608 DEBUG    [tempest.scenario.manager] TestNetworkBasicOps:test_connectivity_between_vms_on_different_networks finishes ping 172.24.4.4 in 120 sec and the ping result is unexpected
2015-12-10 14:00:03,636 23608 ERROR    [tempest.scenario.manager] Public network connectivity check failed
2015-12-10 14:00:03.636 23608 ERROR tempest.scenario.manager Traceback (most recent call last):
2015-12-10 14:00:03.636 23608 ERROR tempest.scenario.manager   File "tempest/scenario/manager.py", line 606, in check_public_network_connectivity
2015-12-10 14:00:03.636 23608 ERROR tempest.scenario.manager     should_connect=should_connect)
2015-12-10 14:00:03.636 23608 ERROR tempest.scenario.manager   File "tempest/scenario/manager.py", line 590, in check_vm_connectivity
2015-12-10 14:00:03.636 23608 ERROR tempest.scenario.manager     msg=msg)
2015-12-10 14:00:03.636 23608 ERROR tempest.scenario.manager   File "/usr/local/lib/python2.7/dist-packages/unittest2/case.py", line 702, in assertTrue
2015-12-10 14:00:03.636 23608 ERROR tempest.scenario.manager     raise self.failureException(msg)
2015-12-10 14:00:03.636 23608 ERROR tempest.scenario.manager AssertionError: False is not true : Timed out waiting for 172.24.4.4 to become reachable
2015-12-10 14:00:03.636 23608 ERROR tempest.scenario.manager 
2015-12-10 14:00:03,871 23608 INFO     [tempest_lib.common.rest_client] Request (TestNetworkBasicOps:test_connectivity_between_vms_on_different_networks): 200 POST http://10.0.2.15:8774/v2.1/1e21eb5e4e84445284a5997fc9931eba/servers/dcc6375c-0e01-49a1-ab04-b67cfceda25c/action 0.230s
2015-12-10 14:00:03,872 23608 DEBUG    [tempest_lib.common.rest_client] Request - Headers: {'Content-Type': 'application/json', 'Accept': 'application/json', 'X-Auth-Token': '&lt;omitted&gt;'}
        Body: {"os-getConsoleOutput": {}}
    Response - Headers: {'status': '200', 'content-length': '17429', 'x-compute-request-id': 'req-237da173-6519-4919-be8c-59b822253c6e', 'vary': 'X-OpenStack-Nova-API-Version', 'connection': 'close', 'x-openstack-nova-api-version': '2.1', 'date': 'Thu, 10 Dec 2015 14:00:03 GMT', 'content-type': 'application/json'}
        Body: {"output": "[    0.000000] Initializing cgroup subsys cpuset\n[    0.000000] Initializing cgroup subsys cpu\n[    0.000000] Linux version 3.2.0-80-virtual (buildd@batsu) (gcc version 4.6.3 (Ubuntu/Linaro 4.6.3-1ubuntu5) ) #116-Ubuntu SMP Mon Mar 23 17:28:52 UTC 2015 (Ubuntu 3.2.0-80.116-virtual 3.2.68)\n[    0.000000] Command line: root=/dev/vda console=tty0 console=ttyS0 no_timer_check\n[    0.000000] KERNEL supported cpus:\n[    0.000000]   Intel GenuineIntel\n[    0.000000]   AMD AuthenticAMD\n[    0.000000]   Centaur CentaurHauls\n[    0.000000] BIOS-provided physical RAM map:\n[    0.000000]  BIOS-e820: 0000000000000000 - 000000000009fc00 (usable)\n[    0.000000]  BIOS-e820: 000000000009fc00 - 00000000000a0000 (reserved)\n[    0.000000]  BIOS-e820: 00000000000f0000 - 0000000000100000 (reserved)\n[    0.000000]  BIOS-e820: 0000000000100000 - 0000000003ffe000 (usable)\n[    0.000000]  BIOS-e820: 0000000003ffe000 - 0000000004000000 (reserved)\n[    0.000000]  BIOS-e820: 00000000fffc0000 - 0000000100000000 (reserved)\n[    0.000000] NX (Execute Disable) protection: active\n[    0.000000] SMBIOS 2.4 present.\n[    0.000000] No AGP bridge found\n[    0.000000] last_pfn = 0x3ffe max_arch_pfn = 0x400000000\n[    0.000000] x86 PAT enabled: cpu 0, old 0x7040600070406, new 0x7010600070106\n[    0.000000] found SMP MP-table at [ffff8800000f0b00] f0b00\n[    0.000000] init_memory_mapping: 0000000000000000-0000000003ffe000\n[    0.000000] RAMDISK: 03c5e000 - 03ff0000\n[    0.000000] ACPI: RSDP 00000000000f0950 00014 (v00 BOCHS )\n[    0.000000] ACPI: RSDT 0000000003fffbc1 00034 (v01 BOCHS  BXPCRSDT 00000001 BXPC 00000001)\n[    0.000000] ACPI: FACP 0000000003fff1c0 00074 (v01 BOCHS  BXPCFACP 00000001 BXPC 00000001)\n[    0.000000] ACPI: DSDT 0000000003ffe040 01180 (v01 BOCHS  BXPCDSDT 00000001 BXPC 00000001)\n[    0.000000] ACPI: FACS 0000000003ffe000 00040\n[    0.000000] ACPI: SSDT 0000000003fff234 008DD (v01 BOCHS  BXPCSSDT 00000001 BXPC 00000001)\n[    0.000000] ACPI: APIC 0000000003fffb11 00078 (v01 BOCHS  BXPCAPIC 00000001 BXPC 00000001)\n[    0.000000] ACPI: HPET 0000000003fffb89 00038 (v01 BOCHS  BXPCHPET 00000001 BXPC 00000001)\n[    0.000000] No NUMA configuration found\n[    0.000000] Faking a node at 0000000000000000-0000000003ffe000\n[    0.000000] Initmem setup node 0 0000000000000000-0000000003ffe000\n[    0.000000]   NODE_DATA [0000000003ff6000 - 0000000003ffafff]\n[    0.000000] Zone PFN ranges:\n[    0.000000]   DMA      0x00000010 -&gt; 0x00001000\n[    0.000000]   DMA32    0x00001000 -&gt; 0x00100000\n[    0.000000]   Normal   empty\n[    0.000000] Movable zone start PFN for each node\n[    0.000000] early_node_map[2] active PFN ranges\n[    0.000000]     0: 0x00000010 -&gt; 0x0000009f\n[    0.000000]     0: 0x00000100 -&gt; 0x00003ffe\n[    0.000000] ACPI: PM-Timer IO Port: 0xb008\n[    0.000000] ACPI: LAPIC (acpi_id[0x00] lapic_id[0x00] enabled)\n[    0.000000] ACPI: LAPIC_NMI (acpi_id[0xff] dfl dfl lint[0x1])\n[    0.000000] ACPI: IOAPIC (id[0x00] address[0xfec00000] gsi_base[0])\n[    0.000000] IOAPIC[0]: apic_id 0, version 17, address 0xfec00000, GSI 0-23\n[    0.000000] ACPI: INT_SRC_OVR (bus 0 bus_irq 0 global_irq 2 dfl dfl)\n[    0.000000] ACPI: INT_SRC_OVR (bus 0 bus_irq 5 global_irq 5 high level)\n[    0.000000] ACPI: INT_SRC_OVR (bus 0 bus_irq 9 global_irq 9 high level)\n[    0.000000] ACPI: INT_SRC_OVR (bus 0 bus_irq 10 global_irq 10 high level)\n[    0.000000] ACPI: INT_SRC_OVR (bus 0 bus_irq 11 global_irq 11 high level)\n[    0.000000] Using ACPI (MADT) for SMP configuration information\n[    0.000000] ACPI: HPET id: 0x8086a201 base: 0xfed00000\n[    0.000000] SMP: Allowing 1 CPUs, 0 hotplug CPUs\n[    0.000000] PM: Registered nosave memory: 000000000009f000 - 00000000000a0000\n[    0.000000] PM: Registered nosave memory: 00000000000a0000 - 00000000000f0000\n[    0.000000] PM: Registered nosave memory: 00000000000f0000 - 0000000000100000\n[    0.000000] Allocating PCI resources starting at 4000000 (gap: 4000000:fbfc0000)\n[    0.000000] Booting paravirtualized kernel on bare hardware\n[    0.000000] setup_pe
2015-12-10 14:00:03,874 23608 DEBUG    [tempest.scenario.manager] Console output for dcc6375c-0e01-49a1-ab04-b67cfceda25c
body=
[    0.000000] Initializing cgroup subsys cpuset
[    0.000000] Initializing cgroup subsys cpu
[    0.000000] Linux version 3.2.0-80-virtual (buildd@batsu) (gcc version 4.6.3 (Ubuntu/Linaro 4.6.3-1ubuntu5) ) #116-Ubuntu SMP Mon Mar 23 17:28:52 UTC 2015 (Ubuntu 3.2.0-80.116-virtual 3.2.68)
[    0.000000] Command line: root=/dev/vda console=tty0 console=ttyS0 no_timer_check
[    0.000000] KERNEL supported cpus:
[    0.000000]   Intel GenuineIntel
[    0.000000]   AMD AuthenticAMD
[    0.000000]   Centaur CentaurHauls
[    0.000000] BIOS-provided physical RAM map:
[    0.000000]  BIOS-e820: 0000000000000000 - 000000000009fc00 (usable)
[    0.000000]  BIOS-e820: 000000000009fc00 - 00000000000a0000 (reserved)
[    0.000000]  BIOS-e820: 00000000000f0000 - 0000000000100000 (reserved)
[    0.000000]  BIOS-e820: 0000000000100000 - 0000000003ffe000 (usable)
[    0.000000]  BIOS-e820: 0000000003ffe000 - 0000000004000000 (reserved)
[    0.000000]  BIOS-e820: 00000000fffc0000 - 0000000100000000 (reserved)
[    0.000000] NX (Execute Disable) protection: active
[    0.000000] SMBIOS 2.4 present.
[    0.000000] No AGP bridge found
[    0.000000] last_pfn = 0x3ffe max_arch_pfn = 0x400000000
[    0.000000] x86 PAT enabled: cpu 0, old 0x7040600070406, new 0x7010600070106
[    0.000000] found SMP MP-table at [ffff8800000f0b00] f0b00
[    0.000000] init_memory_mapping: 0000000000000000-0000000003ffe000
[    0.000000] RAMDISK: 03c5e000 - 03ff0000
[    0.000000] ACPI: RSDP 00000000000f0950 00014 (v00 BOCHS )
[    0.000000] ACPI: RSDT 0000000003fffbc1 00034 (v01 BOCHS  BXPCRSDT 00000001 BXPC 00000001)
[    0.000000] ACPI: FACP 0000000003fff1c0 00074 (v01 BOCHS  BXPCFACP 00000001 BXPC 00000001)
[    0.000000] ACPI: DSDT 0000000003ffe040 01180 (v01 BOCHS  BXPCDSDT 00000001 BXPC 00000001)
[    0.000000] ACPI: FACS 0000000003ffe000 00040
[    0.000000] ACPI: SSDT 0000000003fff234 008DD (v01 BOCHS  BXPCSSDT 00000001 BXPC 00000001)
[    0.000000] ACPI: APIC 0000000003fffb11 00078 (v01 BOCHS  BXPCAPIC 00000001 BXPC 00000001)
[    0.000000] ACPI: HPET 0000000003fffb89 00038 (v01 BOCHS  BXPCHPET 00000001 BXPC 00000001)
[    0.000000] No NUMA configuration found
[    0.000000] Faking a node at 0000000000000000-0000000003ffe000
[    0.000000] Initmem setup node 0 0000000000000000-0000000003ffe000
[    0.000000]   NODE_DATA [0000000003ff6000 - 0000000003ffafff]
[    0.000000] Zone PFN ranges:
[    0.000000]   DMA      0x00000010 -&gt; 0x00001000
[    0.000000]   DMA32    0x00001000 -&gt; 0x00100000
[    0.000000]   Normal   empty
[    0.000000] Movable zone start PFN for each node
[    0.000000] early_node_map[2] active PFN ranges
[    0.000000]     0: 0x00000010 -&gt; 0x0000009f
[    0.000000]     0: 0x00000100 -&gt; 0x00003ffe
[    0.000000] ACPI: PM-Timer IO Port: 0xb008
[    0.000000] ACPI: LAPIC (acpi_id[0x00] lapic_id[0x00] enabled)
[    0.000000] ACPI: LAPIC_NMI (acpi_id[0xff] dfl dfl lint[0x1])
[    0.000000] ACPI: IOAPIC (id[0x00] address[0xfec00000] gsi_base[0])
[    0.000000] IOAPIC[0]: apic_id 0, version 17, address 0xfec00000, GSI 0-23
[    0.000000] ACPI: INT_SRC_OVR (bus 0 bus_irq 0 global_irq 2 dfl dfl)
[    0.000000] ACPI: INT_SRC_OVR (bus 0 bus_irq 5 global_irq 5 high level)
[    0.000000] ACPI: INT_SRC_OVR (bus 0 bus_irq 9 global_irq 9 high level)
[    0.000000] ACPI: INT_SRC_OVR (bus 0 bus_irq 10 global_irq 10 high level)
[    0.000000] ACPI: INT_SRC_OVR (bus 0 bus_irq 11 global_irq 11 high level)
[    0.000000] Using ACPI (MADT) for SMP configuration information
[    0.000000] ACPI: HPET id: 0x8086a201 base: 0xfed00000
[    0.000000] SMP: Allowing 1 CPUs, 0 hotplug CPUs
[    0.000000] PM: Registered nosave memory: 000000000009f000 - 00000000000a0000
[    0.000000] PM: Registered nosave memory: 00000000000a0000 - 00000000000f0000
[    0.000000] PM: Registered nosave memory: 00000000000f0000 - 0000000000100000
[    0.000000] Allocating PCI resources starting at 4000000 (gap: 4000000:fbfc0000)
[    0.000000] Booting paravirtualized kernel on bare hardware
[    0.000000] setup_percpu: NR_CPUS:64 nr_cpumask_bits:64 nr_cpu_ids:1 nr_node_ids:1
[    0.000000] PERCPU: Embedded 27 pages/cpu @ffff880003a00000 s78848 r8192 d23552 u2097152
[    0.000000] Built 1 zonelists in Node order, mobility grouping on.  Total pages: 16008
[    0.000000] Policy zone: DMA32
[    0.000000] Kernel command line: root=/dev/vda console=tty0 console=ttyS0 no_timer_check
[    0.000000] PID hash table entries: 256 (order: -1, 2048 bytes)
[    0.000000] Checking aperture...
[    0.000000] No AGP bridge found
[    0.000000] Memory: 43492k/65528k available (6576k kernel code, 452k absent, 21584k reserved, 6620k data, 928k init)
[    0.000000] SLUB: Genslabs=15, HWalign=64, Order=0-3, MinObjects=0, CPUs=1, Nodes=1
[    0.000000] Hierarchical RCU implementation.
[    0.000000] 	RCU dyntick-idle grace-period acceleration is enabled.
[    0.000000] NR_IRQS:4352 nr_irqs:256 16
[    0.000000] Console: colour VGA+ 80x25
[    0.000000] console [tty0] enabled
[    0.000000] console [ttyS0] enabled
[    0.000000] allocated 1048576 bytes of page_cgroup
[    0.000000] please try 'cgroup_disable=memory' option if you don't want memory cgroups
[    0.000000] Fast TSC calibration failed
[    0.000000] TSC: Unable to calibrate against PIT
[    0.000000] TSC: using HPET reference calibration
[    0.000000] Detected 2292.562 MHz processor.
[    0.033833] Calibrating delay loop (skipped), value calculated using timer frequency.. 4585.12 BogoMIPS (lpj=9170248)
[    0.035952] pid_max: default: 32768 minimum: 301
[    0.044629] Security Framework initialized
[    0.049371] AppArmor: AppArmor initialized
[    0.050173] Yama: becoming mindful.
[    0.063151] Dentry cache hash table entries: 8192 (order: 4, 65536 bytes)
[    0.064705] Inode-cache hash table entries: 4096 (order: 3, 32768 bytes)
[    0.066392] Mount-cache hash table entries: 256
[    0.084289] Initializing cgroup subsys cpuacct
[    0.085707] Initializing cgroup subsys memory
[    0.086910] Initializing cgroup subsys devices
[    0.088179] Initializing cgroup subsys freezer
[    0.088903] Initializing cgroup subsys blkio
[    0.089705] Initializing cgroup subsys perf_event
[    0.096943] mce: CPU supports 10 MCE banks
[    0.105100] SMP alternatives: switching to UP code
[    0.517204] Freeing SMP alternatives: 24k freed
[    0.518985] ACPI: Core revision 20110623
[    0.569661] ftrace: allocating 26610 entries in 105 pages
[    0.608037] ..TIMER: vector=0x30 apic1=0 pin1=2 apic2=-1 pin2=-1
[    0.608145] CPU0: AMD QEMU Virtual CPU version 2.0.0 stepping 03
[    0.616037] Performance Events: Broken PMU hardware detected, using software events only.
[    0.626469] NMI watchdog disabled (cpu0): hardware events not enabled
[    0.628794] Brought up 1 CPUs
[    0.629339] Total of 1 processors activated (4585.12 BogoMIPS).
[    0.662099] devtmpfs: initialized
[    0.700492] EVM: security.selinux
[    0.700957] EVM: security.SMACK64
[    0.701364] EVM: security.capability
[    0.729533] print_constraints: dummy: 
[    0.733006] RTC time: 13:58:04, date: 12/10/15
[    0.736500] NET: Registered protocol family 16
[    0.744691] ACPI: bus type pci registered
[    0.749123] PCI: Using configuration type 1 for base access
[    0.785584] bio: create slab &lt;bio-0&gt; at 0
[    0.789945] ACPI: Added _OSI(Module Device)
[    0.790623] ACPI: Added _OSI(Processor Device)
[    0.791268] ACPI: Added _OSI(3.0 _SCP Extensions)
[    0.792113] ACPI: Added _OSI(Processor Aggregator Device)
[    0.869135] ACPI: Interpreter enabled
[    0.869743] ACPI: (supports S0 S3 S4 S5)
[    0.872363] ACPI: Using IOAPIC for interrupt routing
[    0.940451] ACPI: No dock devices found.
[    0.941063] HEST: Table not found.
[    0.941715] PCI: Using host bridge windows from ACPI; if necessary, use "pci=nocrs" and report a bug
[    0.948058] ACPI: PCI Root Bridge [PCI0] (domain 0000 [bus 00-ff])
[    0.953171] pci_root PNP0A03:00: host bridge window [io  0x0000-0x0cf7]
[    0.956158] pci_root PNP0A03:00: host bridge window [io  0x0d00-0xadff]
[    0.956998] pci_root PNP0A03:00: host bridge window [io  0xae0f-0xaeff]
[    0.957878] pci_root PNP0A03:00: host bridge window [io  0xaf20-0xafdf]
[    0.958861] pci_root PNP0A03:00: host bridge window [io  0xafe4-0xffff]
[    0.960164] pci_root PNP0A03:00: host bridge window [mem 0x000a0000-0x000bffff]
[    0.961079] pci_root PNP0A03:00: host bridge window [mem 0x04000000-0xfebfffff]
[    0.982573] pci 0000:00:01.3: quirk: [io  0xb000-0xb03f] claimed by PIIX4 ACPI
[    0.984172] pci 0000:00:01.3: quirk: [io  0xb100-0xb10f] claimed by PIIX4 SMB
[    1.049786]  pci0000:00: Unable to request _OSC control (_OSC support mask: 0x1e)
[    1.110345] ACPI: PCI Interrupt Link [LNKA] (IRQs 5 *10 11)
[    1.113708] ACPI: PCI Interrupt Link [LNKB] (IRQs 5 *10 11)
[    1.116298] ACPI: PCI Interrupt Link [LNKC] (IRQs 5 10 *11)
[    1.118024] ACPI: PCI Interrupt Link [LNKD] (IRQs 5 10 *11)
[    1.120144] ACPI: PCI Interrupt Link [LNKS] (IRQs *9)
[    1.125252] vgaarb: device added: PCI:0000:00:02.0,decodes=io+mem,owns=io+mem,locks=none
[    1.126294] vgaarb: loaded
[    1.128133] vgaarb: bridge control possible 0000:00:02.0
[    1.133445] i2c-core: driver [aat2870] using legacy suspend method
[    1.134203] i2c-core: driver [aat2870] using legacy resume method
[    1.136887] SCSI subsystem initialized
[    1.140827] usbcore: registered new interface driver usbfs
[    1.142265] usbcore: registered new interface driver hub
[    1.143528] usbcore: registered new device driver usb
[    1.146676] PCI: Using ACPI for IRQ routing
[    1.158264] NetLabel: Initializing
[    1.158698] NetLabel:  domain hash size = 128
[    1.159212] NetLabel:  protocols = UNLABELED CIPSOv4
[    1.161474] NetLabel:  unlabeled traffic allowed by default
[    1.164822] HPET: 3 timers in total, 0 timers will be used for per-cpu timer
[    1.166008] hpet0: at MMIO 0xfed00000, IRQs 2, 8, 0
[    1.166840] hpet0: 3 comparators, 64-bit 100.000000 MHz counter
[    1.178561] Switching to clocksource hpet
[    1.405100] AppArmor: AppArmor Filesystem Enabled
[    1.406588] pnp: PnP ACPI init
[    1.407178] ACPI: bus type pnp registered
[    1.426324] pnp: PnP ACPI: found 9 devices
[    1.426881] ACPI: ACPI bus type pnp unregistered
[    1.484046] NET: Registered protocol family 2
[    1.520014] IP route cache hash table entries: 512 (order: 0, 4096 bytes)
[    1.529836] TCP established hash table entries: 2048 (order: 3, 32768 bytes)
[    1.531281] TCP bind hash table entries: 2048 (order: 3, 32768 bytes)
[    1.533275] TCP: Hash tables configured (established 2048 bind 2048)
[    1.534130] TCP reno registered
[    1.534694] UDP hash table entries: 128 (order: 0, 4096 bytes)
[    1.535415] UDP-Lite hash table entries: 128 (order: 0, 4096 bytes)
[    1.538686] NET: Registered protocol family 1
[    1.539575] pci 0000:00:00.0: Limiting direct PCI/PCI transfers
[    1.541543] pci 0000:00:01.0: PIIX3: Enabling Passive Release
[    1.542586] pci 0000:00:01.0: Activating ISA DMA hang workarounds
[    1.547871] ACPI: PCI Interrupt Link [LNKD] enabled at IRQ 11
[    1.549650] pci 0000:00:01.2: PCI INT D -&gt; Link[LNKD] -&gt; GSI 11 (level, high) -&gt; IRQ 11
[    1.551665] pci 0000:00:01.2: PCI INT D disabled
[    1.569309] Trying to unpack rootfs image as initramfs...
[    1.583162] audit: initializing netlink socket (disabled)
[    1.585631] type=2000 audit(1449755884.580:1): initialized
[    1.882335] HugeTLB registered 2 MB page size, pre-allocated 0 pages
[    1.971794] VFS: Disk quotas dquot_6.5.2
[    1.973917] Dquot-cache hash table entries: 512 (order 0, 4096 bytes)
[    1.989217] fuse init (API version 7.17)
[    1.993263] msgmni has been set to 84
[    2.034542] Block layer SCSI generic (bsg) driver version 0.4 loaded (major 253)
[    2.037317] io scheduler noop registered
[    2.037915] io scheduler deadline registered (default)
[    2.039237] io scheduler cfq registered
[    2.043096] pci_hotplug: PCI Hot Plug PCI Core version: 0.5
[    2.046004] pciehp: PCI Express Hot Plug Controller Driver version: 0.4
[    2.053217] input: Power Button as /devices/LNXSYSTM:00/LNXPWRBN:00/input/input0
[    2.054641] ACPI: Power Button [PWRF]
[    2.107972] ERST: Table is not found!
[    2.108987] GHES: HEST is not enabled!
[    2.117945] ACPI: PCI Interrupt Link [LNKC] enabled at IRQ 10
[    2.118640] virtio-pci 0000:00:03.0: PCI INT A -&gt; Link[LNKC] -&gt; GSI 10 (level, high) -&gt; IRQ 10
[    2.122865] virtio-pci 0000:00:04.0: PCI INT A -&gt; Link[LNKD] -&gt; GSI 11 (level, high) -&gt; IRQ 11
[    2.134801] ACPI: PCI Interrupt Link [LNKA] enabled at IRQ 10
[    2.135585] virtio-pci 0000:00:05.0: PCI INT A -&gt; Link[LNKA] -&gt; GSI 10 (level, high) -&gt; IRQ 10
[    2.153316] Serial: 8250/16550 driver, 32 ports, IRQ sharing enabled
[    2.197174] serial8250: ttyS0 at I/O 0x3f8 (irq = 4) is a 16550A
[    2.290301] serial8250: ttyS1 at I/O 0x2f8 (irq = 3) is a 16550A
[    2.423797] 00:05: ttyS0 at I/O 0x3f8 (irq = 4) is a 16550A
[    2.519300] 00:06: ttyS1 at I/O 0x2f8 (irq = 3) is a 16550A
[    2.557771] Refined TSC clocksource calibration: 2292.576 MHz.
[    2.558619] Switching to clocksource tsc
[    2.580074] Linux agpgart interface v0.103
[    2.633735] brd: module loaded
[    2.663200] loop: module loaded
[    2.717930]  vda: unknown partition table
[    2.765182] scsi0 : ata_piix
[    2.767767] scsi1 : ata_piix
[    2.769981] ata1: PATA max MWDMA2 cmd 0x1f0 ctl 0x3f6 bmdma 0xc0a0 irq 14
[    2.770844] ata2: PATA max MWDMA2 cmd 0x170 ctl 0x376 bmdma 0xc0a8 irq 15
[    2.779955] Fixed MDIO Bus: probed
[    2.781679] tun: Universal TUN/TAP device driver, 1.6
[    2.782301] tun: (C) 1999-2004 Max Krasnyansky &lt;maxk@qualcomm.com&gt;
[    2.794809] PPP generic driver version 2.4.2
[    2.820039] ehci_hcd: USB 2.0 'Enhanced' Host Controller (EHCI) Driver
[    2.821965] ohci_hcd: USB 1.1 'Open' Host Controller (OHCI) Driver
[    2.822852] uhci_hcd: USB Universal Host Controller Interface driver
[    2.823899] uhci_hcd 0000:00:01.2: PCI INT D -&gt; Link[LNKD] -&gt; GSI 11 (level, high) -&gt; IRQ 11
[    2.827206] uhci_hcd 0000:00:01.2: UHCI Host Controller
[    2.837609] uhci_hcd 0000:00:01.2: new USB bus registered, assigned bus number 1
[    2.839236] uhci_hcd 0000:00:01.2: irq 11, io base 0x0000c040
[    2.872984] hub 1-0:1.0: USB hub found
[    2.873137] hub 1-0:1.0: 2 ports detected
[    2.883174] usbcore: registered new interface driver libusual
[    2.886117] i8042: PNP: PS/2 Controller [PNP0303:KBD,PNP0f13:MOU] at 0x60,0x64 irq 1,12
[    2.895340] serio: i8042 KBD port at 0x60,0x64 irq 1
[    2.898711] serio: i8042 AUX port at 0x60,0x64 irq 12
[    2.936779] mousedev: PS/2 mouse device common for all mice
[    2.956934] input: AT Translated Set 2 keyboard as /devices/platform/i8042/serio0/input/input1
[    2.962553] rtc_cmos 00:01: RTC can wake from S4
[    2.986288] rtc_cmos 00:01: rtc core: registered rtc_cmos as rtc0
[    2.990355] rtc0: alarms up to one day, 114 bytes nvram, hpet irqs
[    2.994427] device-mapper: uevent: version 1.0.3
[    3.015141] ata2.01: ATAPI: QEMU DVD-ROM, 2.0.0, max UDMA/100
[    3.043050] device-mapper: ioctl: 4.22.0-ioctl (2011-10-19) initialised: dm-devel@redhat.com
[    3.047580] cpuidle: using governor ladder
[    3.050435] cpuidle: using governor menu
[    3.051365] EFI Variables Facility v0.08 2004-May-17
[    3.064004] TCP cubic registered
[    3.070604] NET: Registered protocol family 10
[    3.106476] NET: Registered protocol family 17
[    3.107375] Registering the dns_resolver key type
[    3.114750] ata2.01: configured for MWDMA2
[    3.141766] scsi 1:0:1:0: CD-ROM            QEMU     QEMU DVD-ROM     2.0. PQ: 0 ANSI: 5
[    3.165753] sr0: scsi3-mmc drive: 4x/4x cd/rw xa/form2 tray
[    3.167879] cdrom: Uniform CD-ROM driver Revision: 3.20
[    3.193299] sr 1:0:1:0: Attached scsi generic sg0 type 5
[    3.242770] registered taskstats version 1
[    3.323670] Freeing initrd memory: 3656k freed
[    3.755287]   Magic number: 11:608:988
[    3.766382] rtc_cmos 00:01: setting system clock to 2015-12-10 13:58:07 UTC (1449755887)
[    3.768097] powernow-k8: Processor cpuid 663 not supported
[    3.781293] BIOS EDD facility v0.16 2004-Jun-25, 0 devices found
[    3.783853] EDD information not available.
[    3.854363] Freeing unused kernel memory: 928k freed
[    3.858668] Write protecting the kernel read-only data: 12288k
[    3.986934] Freeing unused kernel memory: 1596k freed
[    4.072137] Freeing unused kernel memory: 1184k freed

info: initramfs: up at 4.26
modprobe: module virtio_blk not found in modules.dep
modprobe: module virtio_net not found in modules.dep
info: copying initramfs to /dev/vda
info: initramfs loading root from /dev/vda
info: /etc/init.d/rc.sysinit: up at 8.85
info: container: none
Starting logging: OK
modprobe: module virtio_blk not found in modules.dep
modprobe: module virtio_net not found in modules.dep
WARN: /etc/rc3.d/S10-load-modules failed
Initializing random number generator... done.
Starting acpid: OK
cirros-ds 'local' up at 11.25
found datasource (configdrive, local)
Starting network...
udhcpc (v1.20.1) started
Sending discover...
Sending discover...

2015-12-10 14:00:04,075 23608 INFO     [tempest_lib.common.rest_client] Request (TestNetworkBasicOps:_run_cleanups): 204 DELETE http://10.0.2.15:9696/v2.0/floatingips/9efea9ae-47c0-49a9-881e-49c8c9693427 0.195s
2015-12-10 14:00:04,076 23608 DEBUG    [tempest_lib.common.rest_client] Request - Headers: {'Content-Type': 'application/json', 'Accept': 'application/json', 'X-Auth-Token': '&lt;omitted&gt;'}
        Body: None
    Response - Headers: {'date': 'Thu, 10 Dec 2015 14:00:04 GMT', 'status': '204', 'connection': 'close', 'content-length': '0', 'x-openstack-request-id': 'req-56186c09-059a-4431-9fca-551922472022'}
        Body: 
2015-12-10 14:00:04,320 23608 INFO     [tempest_lib.common.rest_client] Request (TestNetworkBasicOps:_run_cleanups): 204 DELETE http://10.0.2.15:8774/v2.1/1e21eb5e4e84445284a5997fc9931eba/servers/dcc6375c-0e01-49a1-ab04-b67cfceda25c 0.243s
2015-12-10 14:00:04,320 23608 DEBUG    [tempest_lib.common.rest_client] Request - Headers: {'Content-Type': 'application/json', 'Accept': 'application/json', 'X-Auth-Token': '&lt;omitted&gt;'}
        Body: None
    Response - Headers: {'status': '204', 'content-length': '0', 'x-compute-request-id': 'req-7e19fcbb-c717-4da0-bc2f-591008002935', 'vary': 'X-OpenStack-Nova-API-Version', 'connection': 'close', 'x-openstack-nova-api-version': '2.1', 'date': 'Thu, 10 Dec 2015 14:00:04 GMT', 'content-type': 'application/json'}
        Body: 
2015-12-10 14:00:04,516 23608 INFO     [tempest_lib.common.rest_client] Request (TestNetworkBasicOps:_run_cleanups): 200 GET http://10.0.2.15:8774/v2.1/1e21eb5e4e84445284a5997fc9931eba/servers/dcc6375c-0e01-49a1-ab04-b67cfceda25c 0.195s
2015-12-10 14:00:04,517 23608 DEBUG    [tempest_lib.common.rest_client] Request - Headers: {'Content-Type': 'application/json', 'Accept': 'application/json', 'X-Auth-Token': '&lt;omitted&gt;'}
        Body: None
    Response - Headers: {'status': '200', 'content-length': '1775', 'content-location': 'http://10.0.2.15:8774/v2.1/1e21eb5e4e84445284a5997fc9931eba/servers/dcc6375c-0e01-49a1-ab04-b67cfceda25c', 'x-compute-request-id': 'req-a712b2f5-391f-4045-a078-6b09d4e3d568', 'vary': 'X-OpenStack-Nova-API-Version', 'connection': 'close', 'x-openstack-nova-api-version': '2.1', 'date': 'Thu, 10 Dec 2015 14:00:04 GMT', 'content-type': 'application/json'}
        Body: {"server": {"status": "ACTIVE", "updated": "2015-12-10T14:00:04Z", "hostId": "e0454c8fe7861b7c102f420201b098f47add457613634a21ebc67fb3", "addresses": {"tempest-network-smoke--1812832147": [{"OS-EXT-IPS-MAC:mac_addr": "fa:16:3e:fa:f0:46", "version": 4, "addr": "10.100.0.3", "OS-EXT-IPS:type": "fixed"}, {"OS-EXT-IPS-MAC:mac_addr": "fa:16:3e:fa:f0:46", "version": 4, "addr": "172.24.4.4", "OS-EXT-IPS:type": "floating"}]}, "links": [{"href": "http://10.0.2.15:8774/v2.1/1e21eb5e4e84445284a5997fc9931eba/servers/dcc6375c-0e01-49a1-ab04-b67cfceda25c", "rel": "self"}, {"href": "http://10.0.2.15:8774/1e21eb5e4e84445284a5997fc9931eba/servers/dcc6375c-0e01-49a1-ab04-b67cfceda25c", "rel": "bookmark"}], "key_name": "tempest-TestNetworkBasicOps-381685478", "image": {"id": "c044221c-9ee3-4c20-bc06-801d9e872dda", "links": [{"href": "http://10.0.2.15:8774/1e21eb5e4e84445284a5997fc9931eba/images/c044221c-9ee3-4c20-bc06-801d9e872dda", "rel": "bookmark"}]}, "OS-EXT-STS:task_state": "deleting", "OS-EXT-STS:vm_state": "active", "OS-SRV-USG:launched_at": "2015-12-10T13:58:00.000000", "flavor": {"id": "42", "links": [{"href": "http://10.0.2.15:8774/1e21eb5e4e84445284a5997fc9931eba/flavors/42", "rel": "bookmark"}]}, "id": "dcc6375c-0e01-49a1-ab04-b67cfceda25c", "security_groups": [{"name": "tempest-secgroup-smoke-1695767310"}], "OS-SRV-USG:terminated_at": null, "OS-EXT-AZ:availability_zone": "nova", "user_id": "3b215a5028df4c49a9568dd31a52e370", "name": "tempest.common.compute-instance-299728165", "created": "2015-12-10T13:57:57Z", "tenant_id": "1e21eb5e4e84445284a5997fc9931eba", "OS-DCF:diskConfig": "MANUAL", "os-extended-volumes:volumes_attached": [], "accessIPv4": "", "accessIPv6": "", "progress": 0, "OS-EXT-STS:power_state": 1, "config_drive": "True", "metadata": {}}}
2015-12-10 14:00:05,684 23608 INFO     [tempest_lib.common.rest_client] Request (TestNetworkBasicOps:_run_cleanups): 200 GET http://10.0.2.15:8774/v2.1/1e21eb5e4e84445284a5997fc9931eba/servers/dcc6375c-0e01-49a1-ab04-b67cfceda25c 0.156s
2015-12-10 14:00:05,685 23608 DEBUG    [tempest_lib.common.rest_client] Request - Headers: {'Content-Type': 'application/json', 'Accept': 'application/json', 'X-Auth-Token': '&lt;omitted&gt;'}
        Body: None
    Response - Headers: {'status': '200', 'content-length': '1439', 'content-location': 'http://10.0.2.15:8774/v2.1/1e21eb5e4e84445284a5997fc9931eba/servers/dcc6375c-0e01-49a1-ab04-b67cfceda25c', 'x-compute-request-id': 'req-a9a19f2a-8406-4952-9fbd-4638815e6393', 'vary': 'X-OpenStack-Nova-API-Version', 'connection': 'close', 'x-openstack-nova-api-version': '2.1', 'date': 'Thu, 10 Dec 2015 14:00:05 GMT', 'content-type': 'application/json'}
        Body: {"server": {"status": "ACTIVE", "updated": "2015-12-10T14:00:05Z", "hostId": "e0454c8fe7861b7c102f420201b098f47add457613634a21ebc67fb3", "addresses": {}, "links": [{"href": "http://10.0.2.15:8774/v2.1/1e21eb5e4e84445284a5997fc9931eba/servers/dcc6375c-0e01-49a1-ab04-b67cfceda25c", "rel": "self"}, {"href": "http://10.0.2.15:8774/1e21eb5e4e84445284a5997fc9931eba/servers/dcc6375c-0e01-49a1-ab04-b67cfceda25c", "rel": "bookmark"}], "key_name": "tempest-TestNetworkBasicOps-381685478", "image": {"id": "c044221c-9ee3-4c20-bc06-801d9e872dda", "links": [{"href": "http://10.0.2.15:8774/1e21eb5e4e84445284a5997fc9931eba/images/c044221c-9ee3-4c20-bc06-801d9e872dda", "rel": "bookmark"}]}, "OS-EXT-STS:task_state": "deleting", "OS-EXT-STS:vm_state": "active", "OS-SRV-USG:launched_at": "2015-12-10T13:58:00.000000", "flavor": {"id": "42", "links": [{"href": "http://10.0.2.15:8774/1e21eb5e4e84445284a5997fc9931eba/flavors/42", "rel": "bookmark"}]}, "id": "dcc6375c-0e01-49a1-ab04-b67cfceda25c", "OS-SRV-USG:terminated_at": null, "OS-EXT-AZ:availability_zone": "nova", "user_id": "3b215a5028df4c49a9568dd31a52e370", "name": "tempest.common.compute-instance-299728165", "created": "2015-12-10T13:57:57Z", "tenant_id": "1e21eb5e4e84445284a5997fc9931eba", "OS-DCF:diskConfig": "MANUAL", "os-extended-volumes:volumes_attached": [], "accessIPv4": "", "accessIPv6": "", "progress": 0, "OS-EXT-STS:power_state": 1, "config_drive": "True", "metadata": {}}}
2015-12-10 14:00:06,781 23608 INFO     [tempest_lib.common.rest_client] Request (TestNetworkBasicOps:_run_cleanups): 404 GET http://10.0.2.15:8774/v2.1/1e21eb5e4e84445284a5997fc9931eba/servers/dcc6375c-0e01-49a1-ab04-b67cfceda25c 0.086s
2015-12-10 14:00:06,782 23608 DEBUG    [tempest_lib.common.rest_client] Request - Headers: {'Content-Type': 'application/json', 'Accept': 'application/json', 'X-Auth-Token': '&lt;omitted&gt;'}
        Body: None
    Response - Headers: {'status': '404', 'content-length': '111', 'x-compute-request-id': 'req-01b4f9b3-1a92-4546-bb8b-1dd49efb45b0', 'vary': 'X-OpenStack-Nova-API-Version', 'connection': 'close', 'x-openstack-nova-api-version': '2.1', 'date': 'Thu, 10 Dec 2015 14:00:06 GMT', 'content-type': 'application/json; charset=UTF-8'}
        Body: {"itemNotFound": {"message": "Instance dcc6375c-0e01-49a1-ab04-b67cfceda25c could not be found.", "code": 404}}
2015-12-10 14:00:06,800 23608 INFO     [tempest_lib.common.rest_client] Request (TestNetworkBasicOps:_run_cleanups): 202 DELETE http://10.0.2.15:8774/v2.1/1e21eb5e4e84445284a5997fc9931eba/os-keypairs/tempest-TestNetworkBasicOps-381685478 0.017s
2015-12-10 14:00:06,801 23608 DEBUG    [tempest_lib.common.rest_client] Request - Headers: {'Content-Type': 'application/json', 'Accept': 'application/json', 'X-Auth-Token': '&lt;omitted&gt;'}
        Body: None
    Response - Headers: {'status': '202', 'content-length': '0', 'x-compute-request-id': 'req-c33beeb5-d029-44ad-8372-fd08c55010eb', 'vary': 'X-OpenStack-Nova-API-Version', 'connection': 'close', 'x-openstack-nova-api-version': '2.1', 'date': 'Thu, 10 Dec 2015 14:00:06 GMT', 'content-type': 'application/json'}
        Body: 
2015-12-10 14:00:07,172 23608 INFO     [tempest_lib.common.rest_client] Request (TestNetworkBasicOps:_run_cleanups): 200 PUT http://10.0.2.15:9696/v2.0/routers/116d8a30-d0d3-42c8-9655-77dc195b2fc2/remove_router_interface 0.370s
2015-12-10 14:00:07,173 23608 DEBUG    [tempest_lib.common.rest_client] Request - Headers: {'Content-Type': 'application/json', 'Accept': 'application/json', 'X-Auth-Token': '&lt;omitted&gt;'}
        Body: {"subnet_id": "bb86aa22-af59-4017-98a7-870022e6ab00"}
    Response - Headers: {'status': '200', 'content-length': '255', 'connection': 'close', 'date': 'Thu, 10 Dec 2015 14:00:07 GMT', 'content-type': 'application/json; charset=UTF-8', 'x-openstack-request-id': 'req-be35d02c-fe40-4b7a-880f-5f23ee954bf4'}
        Body: {"subnet_id": "bb86aa22-af59-4017-98a7-870022e6ab00", "tenant_id": "1e21eb5e4e84445284a5997fc9931eba", "subnet_ids": ["bb86aa22-af59-4017-98a7-870022e6ab00"], "port_id": "6f4f4884-b5ce-4cee-a5c7-f66082c59cf6", "id": "116d8a30-d0d3-42c8-9655-77dc195b2fc2"}
2015-12-10 14:00:07,546 23608 INFO     [tempest_lib.common.rest_client] Request (TestNetworkBasicOps:_run_cleanups): 204 DELETE http://10.0.2.15:9696/v2.0/subnets/bb86aa22-af59-4017-98a7-870022e6ab00 0.372s
2015-12-10 14:00:07,547 23608 DEBUG    [tempest_lib.common.rest_client] Request - Headers: {'Content-Type': 'application/json', 'Accept': 'application/json', 'X-Auth-Token': '&lt;omitted&gt;'}
        Body: None
    Response - Headers: {'date': 'Thu, 10 Dec 2015 14:00:07 GMT', 'status': '204', 'connection': 'close', 'content-length': '0', 'x-openstack-request-id': 'req-85ee8fc9-3b3e-4dde-99cd-a685415d85a1'}
        Body: 
2015-12-10 14:00:07,631 23608 INFO     [tempest_lib.common.rest_client] Request (TestNetworkBasicOps:_run_cleanups): 200 GET http://10.0.2.15:9696/v2.0/routers/116d8a30-d0d3-42c8-9655-77dc195b2fc2 0.082s
2015-12-10 14:00:07,631 23608 DEBUG    [tempest_lib.common.rest_client] Request - Headers: {'Content-Type': 'application/json', 'Accept': 'application/json', 'X-Auth-Token': '&lt;omitted&gt;'}
        Body: None
    Response - Headers: {'status': '200', 'content-length': '501', 'content-location': 'http://10.0.2.15:9696/v2.0/routers/116d8a30-d0d3-42c8-9655-77dc195b2fc2', 'connection': 'close', 'date': 'Thu, 10 Dec 2015 14:00:07 GMT', 'content-type': 'application/json; charset=UTF-8', 'x-openstack-request-id': 'req-b8cd2766-641a-448c-b430-e3de26f05021'}
        Body: {"router": {"status": "ACTIVE", "external_gateway_info": {"network_id": "476e079b-fc7f-4d9f-8258-e004fdde94d8", "enable_snat": true, "external_fixed_ips": [{"subnet_id": "81ca05a3-6282-47b9-99d2-6d7d811fd914", "ip_address": "172.24.4.3"}, {"subnet_id": "46135381-7da7-40f3-a7a4-20107948e365", "ip_address": "2001:db8::3"}]}, "name": "tempest-router-smoke-1283179481", "admin_state_up": true, "tenant_id": "1e21eb5e4e84445284a5997fc9931eba", "routes": [], "id": "116d8a30-d0d3-42c8-9655-77dc195b2fc2"}}
2015-12-10 14:00:08,051 23608 INFO     [tempest_lib.common.rest_client] Request (TestNetworkBasicOps:_run_cleanups): 200 PUT http://10.0.2.15:9696/v2.0/routers/116d8a30-d0d3-42c8-9655-77dc195b2fc2 0.419s
2015-12-10 14:00:08,051 23608 DEBUG    [tempest_lib.common.rest_client] Request - Headers: {'Content-Type': 'application/json', 'Accept': 'application/json', 'X-Auth-Token': '&lt;omitted&gt;'}
        Body: {"router": {"external_gateway_info": {}, "name": "tempest-router-smoke-1283179481", "admin_state_up": true}}
    Response - Headers: {'status': '200', 'content-length': '239', 'connection': 'close', 'date': 'Thu, 10 Dec 2015 14:00:08 GMT', 'content-type': 'application/json; charset=UTF-8', 'x-openstack-request-id': 'req-b7f6d5fd-78c4-4707-aa33-9508ed42aaf4'}
        Body: {"router": {"status": "ACTIVE", "external_gateway_info": null, "name": "tempest-router-smoke-1283179481", "admin_state_up": true, "tenant_id": "1e21eb5e4e84445284a5997fc9931eba", "routes": [], "id": "116d8a30-d0d3-42c8-9655-77dc195b2fc2"}}
2015-12-10 14:00:08,324 23608 INFO     [tempest_lib.common.rest_client] Request (TestNetworkBasicOps:_run_cleanups): 204 DELETE http://10.0.2.15:9696/v2.0/routers/116d8a30-d0d3-42c8-9655-77dc195b2fc2 0.272s
2015-12-10 14:00:08,325 23608 DEBUG    [tempest_lib.common.rest_client] Request - Headers: {'Content-Type': 'application/json', 'Accept': 'application/json', 'X-Auth-Token': '&lt;omitted&gt;'}
        Body: None
    Response - Headers: {'date': 'Thu, 10 Dec 2015 14:00:08 GMT', 'status': '204', 'connection': 'close', 'content-length': '0', 'x-openstack-request-id': 'req-d58f2cea-4db6-435c-b0ef-b5f08c79f6f4'}
        Body: 
2015-12-10 14:00:08,513 23608 INFO     [tempest_lib.common.rest_client] Request (TestNetworkBasicOps:_run_cleanups): 204 DELETE http://10.0.2.15:9696/v2.0/networks/30882460-4dc2-4ae8-a067-d40bc28ef2dc 0.188s
2015-12-10 14:00:08,514 23608 DEBUG    [tempest_lib.common.rest_client] Request - Headers: {'Content-Type': 'application/json', 'Accept': 'application/json', 'X-Auth-Token': '&lt;omitted&gt;'}
        Body: None
    Response - Headers: {'date': 'Thu, 10 Dec 2015 14:00:08 GMT', 'status': '204', 'connection': 'close', 'content-length': '0', 'x-openstack-request-id': 'req-3039b6e4-d8e0-4bfc-9cbb-e9c1a881b05d'}
        Body: 
2015-12-10 14:00:08,570 23608 INFO     [tempest_lib.common.rest_client] Request (TestNetworkBasicOps:_run_cleanups): 204 DELETE http://10.0.2.15:9696/v2.0/security-group-rules/4ba441b8-777e-4e1d-98ca-fcd1bc6b6f89 0.055s
2015-12-10 14:00:08,571 23608 DEBUG    [tempest_lib.common.rest_client] Request - Headers: {'Content-Type': 'application/json', 'Accept': 'application/json', 'X-Auth-Token': '&lt;omitted&gt;'}
        Body: None
    Response - Headers: {'date': 'Thu, 10 Dec 2015 14:00:08 GMT', 'status': '204', 'connection': 'close', 'content-length': '0', 'x-openstack-request-id': 'req-ac19f78d-25d2-44a4-8c1f-f8c4107d4e4f'}
        Body: 
2015-12-10 14:00:08,625 23608 INFO     [tempest_lib.common.rest_client] Request (TestNetworkBasicOps:_run_cleanups): 204 DELETE http://10.0.2.15:9696/v2.0/security-group-rules/a6d89063-6401-4ed3-80b4-0fc409306584 0.053s
2015-12-10 14:00:08,626 23608 DEBUG    [tempest_lib.common.rest_client] Request - Headers: {'Content-Type': 'application/json', 'Accept': 'application/json', 'X-Auth-Token': '&lt;omitted&gt;'}
        Body: None
    Response - Headers: {'date': 'Thu, 10 Dec 2015 14:00:08 GMT', 'status': '204', 'connection': 'close', 'content-length': '0', 'x-openstack-request-id': 'req-aa5cc55c-969b-4402-8da8-49ffb0aa3739'}
        Body: 
2015-12-10 14:00:08,674 23608 INFO     [tempest_lib.common.rest_client] Request (TestNetworkBasicOps:_run_cleanups): 204 DELETE http://10.0.2.15:9696/v2.0/security-group-rules/2b68ebad-51e7-4fa3-af54-928a855d1759 0.048s
2015-12-10 14:00:08,675 23608 DEBUG    [tempest_lib.common.rest_client] Request - Headers: {'Content-Type': 'application/json', 'Accept': 'application/json', 'X-Auth-Token': '&lt;omitted&gt;'}
        Body: None
    Response - Headers: {'date': 'Thu, 10 Dec 2015 14:00:08 GMT', 'status': '204', 'connection': 'close', 'content-length': '0', 'x-openstack-request-id': 'req-a43cf322-e339-4486-a89f-ffb23437eeb4'}
        Body: 
2015-12-10 14:00:08,723 23608 INFO     [tempest_lib.common.rest_client] Request (TestNetworkBasicOps:_run_cleanups): 204 DELETE http://10.0.2.15:9696/v2.0/security-group-rules/d98ca0ec-3824-489a-859d-cabb9c2c6be9 0.047s
2015-12-10 14:00:08,723 23608 DEBUG    [tempest_lib.common.rest_client] Request - Headers: {'Content-Type': 'application/json', 'Accept': 'application/json', 'X-Auth-Token': '&lt;omitted&gt;'}
        Body: None
    Response - Headers: {'date': 'Thu, 10 Dec 2015 14:00:08 GMT', 'status': '204', 'connection': 'close', 'content-length': '0', 'x-openstack-request-id': 'req-ff08cdb0-ba7a-4da6-a30c-533de27c6265'}
        Body: 
2015-12-10 14:00:08,772 23608 INFO     [tempest_lib.common.rest_client] Request (TestNetworkBasicOps:_run_cleanups): 204 DELETE http://10.0.2.15:9696/v2.0/security-group-rules/d6f79c21-b9f4-428c-8eb5-6973aeff8410 0.048s
2015-12-10 14:00:08,773 23608 DEBUG    [tempest_lib.common.rest_client] Request - Headers: {'Content-Type': 'application/json', 'Accept': 'application/json', 'X-Auth-Token': '&lt;omitted&gt;'}
        Body: None
    Response - Headers: {'date': 'Thu, 10 Dec 2015 14:00:08 GMT', 'status': '204', 'connection': 'close', 'content-length': '0', 'x-openstack-request-id': 'req-30690d54-5503-4fca-9a84-91f2391a0941'}
        Body: 
2015-12-10 14:00:08,826 23608 INFO     [tempest_lib.common.rest_client] Request (TestNetworkBasicOps:_run_cleanups): 204 DELETE http://10.0.2.15:9696/v2.0/security-group-rules/6c4b0927-707d-4362-a8fe-54db2a2a57b2 0.052s
2015-12-10 14:00:08,827 23608 DEBUG    [tempest_lib.common.rest_client] Request - Headers: {'Content-Type': 'application/json', 'Accept': 'application/json', 'X-Auth-Token': '&lt;omitted&gt;'}
        Body: None
