<?xml version="1.0" encoding="UTF-8"?>
<!DOCTYPE html PUBLIC "-//W3C//DTD XHTML 1.0 Strict//EN"
     "http://www.w3.org/TR/xhtml1/DTD/xhtml1-strict.dtd">
<html xmlns="http://www.w3.org/1999/xhtml">
<head>
    <title>Unit Test Report</title>
    <meta name="generator" content="subunit2html 0.1"/>
    <meta http-equiv="Content-Type" content="text/html; charset=UTF-8"/>
    
<style type="text/css" media="screen">
body        { font-family: verdana, arial, helvetica, sans-serif;
    font-size: 80%; }
table       { font-size: 100%; width: 100%;}
pre         { font-size: 80%; }

/* -- heading -------------------------------------------------------------- */
h1 {
        font-size: 16pt;
        color: gray;
}
.heading {
    margin-top: 0ex;
    margin-bottom: 1ex;
}

.heading .attribute {
    margin-top: 1ex;
    margin-bottom: 0;
}

.heading .description {
    margin-top: 4ex;
    margin-bottom: 6ex;
}

/* -- css div popup -------------------------------------------------------- */
a.popup_link {
}

a.popup_link:hover {
    color: red;
}

.popup_window {
    display: none;
    overflow-x: scroll;
    /*border: solid #627173 1px; */
    padding: 10px;
    background-color: #E6E6D6;
    font-family: "Ubuntu Mono", "Lucida Console", "Courier New", monospace;
    text-align: left;
    font-size: 8pt;
}

}
/* -- report --------------------------------------------------------------- */
#show_detail_line {
    margin-top: 3ex;
    margin-bottom: 1ex;
}
#result_table {
    width: 100%;
    border-collapse: collapse;
    border: 1px solid #777;
}
#header_row {
    font-weight: bold;
    color: white;
    background-color: #777;
}
#result_table td {
    border: 1px solid #777;
    padding: 2px;
}
#total_row  { font-weight: bold; }
.passClass  { background-color: #6c6; }
.failClass  { background-color: #c60; }
.errorClass { background-color: #c00; }
.passCase   { color: #6c6; }
.failCase   { color: #c60; font-weight: bold; }
.errorCase  { color: #c00; font-weight: bold; }
.hiddenRow  { display: none; }
.testcase   { margin-left: 2em; }
td.testname {width: 40%}
td.small {width: 40px}

/* -- ending --------------------------------------------------------------- */
#ending {
}

</style>

</head>
<body>
<script language="javascript" type="text/javascript"><!--
output_list = Array();

/* level - 0:Summary; 1:Failed; 2:All */
function showCase(level) {
    trs = document.getElementsByTagName("tr");
    for (var i = 0; i < trs.length; i++) {
        tr = trs[i];
        id = tr.id;
        if (id.substr(0,2) == 'ft') {
            if (level < 1) {
                tr.className = 'hiddenRow';
            }
            else {
                tr.className = '';
            }
        }
        if (id.substr(0,2) == 'pt') {
            if (level > 1) {
                tr.className = '';
            }
            else {
                tr.className = 'hiddenRow';
            }
        }
    }
}


function showClassDetail(cid, count) {
    var id_list = Array(count);
    var toHide = 1;
    for (var i = 0; i < count; i++) {
        tid0 = 't' + cid.substr(1) + '.' + (i+1);
        tid = 'f' + tid0;
        tr = document.getElementById(tid);
        if (!tr) {
            tid = 'p' + tid0;
            tr = document.getElementById(tid);
        }
        id_list[i] = tid;
        if (tr.className) {
            toHide = 0;
        }
    }
    for (var i = 0; i < count; i++) {
        tid = id_list[i];
        if (toHide) {
            document.getElementById('div_'+tid).style.display = 'none'
            document.getElementById(tid).className = 'hiddenRow';
        }
        else {
            document.getElementById(tid).className = '';
        }
    }
}


function showTestDetail(div_id){
    var details_div = document.getElementById(div_id)
    var displayState = details_div.style.display
    // alert(displayState)
    if (displayState != 'block' ) {
        displayState = 'block'
        details_div.style.display = 'block'
    }
    else {
        details_div.style.display = 'none'
    }
}


function html_escape(s) {
    s = s.replace(/&/g,'&amp;');
    s = s.replace(/</g,'&lt;');
    s = s.replace(/>/g,'&gt;');
    return s;
}

/* obsoleted by detail in <div>
function showOutput(id, name) {
    var w = window.open("", //url
                    name,
                    "resizable,scrollbars,status,width=800,height=450");
    d = w.document;
    d.write("<pre>");
    d.write(html_escape(output_list[id]));
    d.write("\n");
    d.write("<a href='javascript:window.close()'>close</a>\n");
    d.write("</pre>\n");
    d.close();
}
*/
--></script>

<div class='heading'>
<h1>Unit Test Report</h1>

<p class='attribute'><strong>Status:</strong> Pass 8 Failure 1</p>

<p class='description'></p>
</div>



<p id='show_detail_line'>Show
<a href='javascript:showCase(0)'>Summary</a>
<a href='javascript:showCase(1)'>Failed</a>
<a href='javascript:showCase(2)'>All</a>
</p>
<table id='result_table'>
<colgroup>
<col align='left' />
<col align='right' />
<col align='right' />
<col align='right' />
<col align='right' />
<col align='right' />
<col align='right' />
<col align='right' />
</colgroup>
<tr id='header_row'>
    <td>Test Group/Test case</td>
    <td>Count</td>
    <td>Pass</td>
    <td>Fail</td>
    <td>Error</td>
    <td>Skip</td>
    <td>View</td>
    <td> </td>
</tr>

<tr class='failClass'>
    <td class="testname">tempest.scenario.test_network_basic_ops.TestNetworkBasicOps</td>
    <td class="small">9</td>
    <td class="small">8</td>
    <td class="small">1</td>
    <td class="small">0</td>
    <td class="small">0</td>
    <td class="small"><a href="javascript:showClassDetail('c1',9)"
>Detail</a></td>
    <td> </td>
</tr>

<tr id='pt1.1' class='hiddenRow'>
    <td class='none'><div class='testcase'>test_connectivity_between_vms_on_different_networks[compute,id-1546850e-fbaa-42f5-8b5f-03d8a6a95f15,network]</div></td>
    <td colspan='7' align='left'>

    <!--css div popup start-->
    <a class="popup_link" onfocus='this.blur();'
    href="javascript:showTestDetail('div_pt1.1')" >
        pass</a>

    <div id='div_pt1.1' class="popup_window">
        <div style='text-align: right; color:red;cursor:pointer'>
        <a onfocus='this.blur();'
onclick="document.getElementById('div_pt1.1').style.display = 'none' " >
           [x]</a>
        </div>
        <pre>
        
pt1.1: tempest.scenario.test_network_basic_ops.TestNetworkBasicOps.test_connectivity_between_vms_on_different_networks[compute,id-1546850e-fbaa-42f5-8b5f-03d8a6a95f15,network]

        </pre>
    </div>
    <!--css div popup end-->

    </td>
</tr>

<tr id='pt1.2' class='hiddenRow'>
    <td class='none'><div class='testcase'>test_hotplug_nic[compute,id-c5adff73-e961-41f1-b4a9-343614f18cfa,network]</div></td>
    <td colspan='7' align='left'>

    <!--css div popup start-->
    <a class="popup_link" onfocus='this.blur();'
    href="javascript:showTestDetail('div_pt1.2')" >
        pass</a>

    <div id='div_pt1.2' class="popup_window">
        <div style='text-align: right; color:red;cursor:pointer'>
        <a onfocus='this.blur();'
onclick="document.getElementById('div_pt1.2').style.display = 'none' " >
           [x]</a>
        </div>
        <pre>
        
pt1.2: tempest.scenario.test_network_basic_ops.TestNetworkBasicOps.test_hotplug_nic[compute,id-c5adff73-e961-41f1-b4a9-343614f18cfa,network]

        </pre>
    </div>
    <!--css div popup end-->

    </td>
</tr>

<tr id='pt1.3' class='hiddenRow'>
    <td class='none'><div class='testcase'>test_network_basic_ops[compute,id-f323b3ba-82f8-4db7-8ea6-6a895869ec49,network,smoke]</div></td>
    <td colspan='7' align='left'>

    <!--css div popup start-->
    <a class="popup_link" onfocus='this.blur();'
    href="javascript:showTestDetail('div_pt1.3')" >
        pass</a>

    <div id='div_pt1.3' class="popup_window">
        <div style='text-align: right; color:red;cursor:pointer'>
        <a onfocus='this.blur();'
onclick="document.getElementById('div_pt1.3').style.display = 'none' " >
           [x]</a>
        </div>
        <pre>
        
pt1.3: tempest.scenario.test_network_basic_ops.TestNetworkBasicOps.test_network_basic_ops[compute,id-f323b3ba-82f8-4db7-8ea6-6a895869ec49,network,smoke]

        </pre>
    </div>
    <!--css div popup end-->

    </td>
</tr>

<tr id='pt1.4' class='hiddenRow'>
    <td class='none'><div class='testcase'>test_port_security_macspoofing_port[compute,id-7c0bb1a2-d053-49a4-98f9-ca1a1d849f63,network]</div></td>
    <td colspan='7' align='left'>

    <!--css div popup start-->
    <a class="popup_link" onfocus='this.blur();'
    href="javascript:showTestDetail('div_pt1.4')" >
        pass</a>

    <div id='div_pt1.4' class="popup_window">
        <div style='text-align: right; color:red;cursor:pointer'>
        <a onfocus='this.blur();'
onclick="document.getElementById('div_pt1.4').style.display = 'none' " >
           [x]</a>
        </div>
        <pre>
        
pt1.4: tempest.scenario.test_network_basic_ops.TestNetworkBasicOps.test_port_security_macspoofing_port[compute,id-7c0bb1a2-d053-49a4-98f9-ca1a1d849f63,network]

        </pre>
    </div>
    <!--css div popup end-->

    </td>
</tr>

<tr id='pt1.5' class='hiddenRow'>
    <td class='none'><div class='testcase'>test_preserve_preexisting_port[compute,id-759462e1-8535-46b0-ab3a-33aa45c55aaa,network]</div></td>
    <td colspan='7' align='left'>

    <!--css div popup start-->
    <a class="popup_link" onfocus='this.blur();'
    href="javascript:showTestDetail('div_pt1.5')" >
        pass</a>

    <div id='div_pt1.5' class="popup_window">
        <div style='text-align: right; color:red;cursor:pointer'>
        <a onfocus='this.blur();'
onclick="document.getElementById('div_pt1.5').style.display = 'none' " >
           [x]</a>
        </div>
        <pre>
        
pt1.5: tempest.scenario.test_network_basic_ops.TestNetworkBasicOps.test_preserve_preexisting_port[compute,id-759462e1-8535-46b0-ab3a-33aa45c55aaa,network]

        </pre>
    </div>
    <!--css div popup end-->

    </td>
</tr>

<tr id='pt1.6' class='hiddenRow'>
    <td class='none'><div class='testcase'>test_router_rescheduling[compute,id-2e788c46-fb3f-4ac9-8f82-0561555bea73,network]</div></td>
    <td colspan='7' align='left'>

    <!--css div popup start-->
    <a class="popup_link" onfocus='this.blur();'
    href="javascript:showTestDetail('div_pt1.6')" >
        pass</a>

    <div id='div_pt1.6' class="popup_window">
        <div style='text-align: right; color:red;cursor:pointer'>
        <a onfocus='this.blur();'
onclick="document.getElementById('div_pt1.6').style.display = 'none' " >
           [x]</a>
        </div>
        <pre>
        
pt1.6: tempest.scenario.test_network_basic_ops.TestNetworkBasicOps.test_router_rescheduling[compute,id-2e788c46-fb3f-4ac9-8f82-0561555bea73,network]

        </pre>
    </div>
    <!--css div popup end-->

    </td>
</tr>

<tr id='pt1.7' class='hiddenRow'>
    <td class='none'><div class='testcase'>test_subnet_details[compute,id-d8bb918e-e2df-48b2-97cd-b73c95450980,network]</div></td>
    <td colspan='7' align='left'>

    <!--css div popup start-->
    <a class="popup_link" onfocus='this.blur();'
    href="javascript:showTestDetail('div_pt1.7')" >
        pass</a>

    <div id='div_pt1.7' class="popup_window">
        <div style='text-align: right; color:red;cursor:pointer'>
        <a onfocus='this.blur();'
onclick="document.getElementById('div_pt1.7').style.display = 'none' " >
           [x]</a>
        </div>
        <pre>
        
pt1.7: tempest.scenario.test_network_basic_ops.TestNetworkBasicOps.test_subnet_details[compute,id-d8bb918e-e2df-48b2-97cd-b73c95450980,network]

        </pre>
    </div>
    <!--css div popup end-->

    </td>
</tr>

<tr id='ft1.8' class='none'>
    <td class='failCase'><div class='testcase'>test_update_instance_port_admin_state[compute,id-f5dfcc22-45fd-409f-954c-5bd500d7890b,network]</div></td>
    <td colspan='7' align='left'>

    <!--css div popup start-->
    <a class="popup_link" onfocus='this.blur();'
    href="javascript:showTestDetail('div_ft1.8')" >
        fail</a>

    <div id='div_ft1.8' class="popup_window">
        <div style='text-align: right; color:red;cursor:pointer'>
        <a onfocus='this.blur();'
onclick="document.getElementById('div_ft1.8').style.display = 'none' " >
           [x]</a>
        </div>
        <pre>
        
ft1.8: tempest.scenario.test_network_basic_ops.TestNetworkBasicOps.test_update_instance_port_admin_state[compute,id-f5dfcc22-45fd-409f-954c-5bd500d7890b,network]_StringException: Empty attachments:
  stderr
  stdout

pythonlogging:'': {{{
2015-12-03 02:05:15,322 27498 INFO     [tempest_lib.common.rest_client] Request (TestNetworkBasicOps:test_update_instance_port_admin_state): 201 POST http://10.0.2.15:9696/v2.0/security-groups 0.130s
2015-12-03 02:05:15,322 27498 DEBUG    [tempest_lib.common.rest_client] Request - Headers: {'Content-Type': 'application/json', 'Accept': 'application/json', 'X-Auth-Token': '&lt;omitted&gt;'}
        Body: {"security_group": {"tenant_id": "f18e891bb2014f7f99616c4146f64b5b", "description": "tempest-secgroup-smoke-790233731 description", "name": "tempest-secgroup-smoke-790233731"}}
    Response - Headers: {'status': '201', 'content-length': '886', 'connection': 'close', 'date': 'Thu, 03 Dec 2015 02:05:15 GMT', 'content-type': 'application/json; charset=UTF-8', 'x-openstack-request-id': 'req-35ffa6ec-5323-4836-8154-a8a252bccfcd'}
        Body: {"security_group": {"tenant_id": "f18e891bb2014f7f99616c4146f64b5b", "description": "tempest-secgroup-smoke-790233731 description", "id": "65b50962-ff91-4f15-9d33-3530700b4be1", "security_group_rules": [{"remote_group_id": null, "direction": "egress", "remote_ip_prefix": null, "protocol": null, "ethertype": "IPv4", "tenant_id": "f18e891bb2014f7f99616c4146f64b5b", "port_range_max": null, "port_range_min": null, "id": "4140f212-d0b7-466d-96ed-1a815d7d6f12", "security_group_id": "65b50962-ff91-4f15-9d33-3530700b4be1"}, {"remote_group_id": null, "direction": "egress", "remote_ip_prefix": null, "protocol": null, "ethertype": "IPv6", "tenant_id": "f18e891bb2014f7f99616c4146f64b5b", "port_range_max": null, "port_range_min": null, "id": "401a7a40-0787-42e7-82cb-1a8a98881c00", "security_group_id": "65b50962-ff91-4f15-9d33-3530700b4be1"}], "name": "tempest-secgroup-smoke-790233731"}}
2015-12-03 02:05:15,428 27498 INFO     [tempest_lib.common.rest_client] Request (TestNetworkBasicOps:test_update_instance_port_admin_state): 201 POST http://10.0.2.15:9696/v2.0/security-group-rules 0.103s
2015-12-03 02:05:15,428 27498 DEBUG    [tempest_lib.common.rest_client] Request - Headers: {'Content-Type': 'application/json', 'Accept': 'application/json', 'X-Auth-Token': '&lt;omitted&gt;'}
        Body: {"security_group_rule": {"direction": "ingress", "protocol": "tcp", "tenant_id": "f18e891bb2014f7f99616c4146f64b5b", "port_range_max": 22, "security_group_id": "65b50962-ff91-4f15-9d33-3530700b4be1", "port_range_min": 22}}
    Response - Headers: {'status': '201', 'content-length': '340', 'connection': 'close', 'date': 'Thu, 03 Dec 2015 02:05:15 GMT', 'content-type': 'application/json; charset=UTF-8', 'x-openstack-request-id': 'req-2b118ea9-2790-4b3c-bf98-c5befcaa8999'}
        Body: {"security_group_rule": {"remote_group_id": null, "direction": "ingress", "remote_ip_prefix": null, "protocol": "tcp", "ethertype": "IPv4", "tenant_id": "f18e891bb2014f7f99616c4146f64b5b", "port_range_max": 22, "port_range_min": 22, "id": "e0d5eb8c-f376-4956-9f67-cdba198d325c", "security_group_id": "65b50962-ff91-4f15-9d33-3530700b4be1"}}
2015-12-03 02:05:15,528 27498 INFO     [tempest_lib.common.rest_client] Request (TestNetworkBasicOps:test_update_instance_port_admin_state): 201 POST http://10.0.2.15:9696/v2.0/security-group-rules 0.098s
2015-12-03 02:05:15,528 27498 DEBUG    [tempest_lib.common.rest_client] Request - Headers: {'Content-Type': 'application/json', 'Accept': 'application/json', 'X-Auth-Token': '&lt;omitted&gt;'}
        Body: {"security_group_rule": {"direction": "egress", "protocol": "tcp", "tenant_id": "f18e891bb2014f7f99616c4146f64b5b", "port_range_max": 22, "security_group_id": "65b50962-ff91-4f15-9d33-3530700b4be1", "port_range_min": 22}}
    Response - Headers: {'status': '201', 'content-length': '339', 'connection': 'close', 'date': 'Thu, 03 Dec 2015 02:05:15 GMT', 'content-type': 'application/json; charset=UTF-8', 'x-openstack-request-id': 'req-2c79ed61-247e-4451-8007-12d12e1b2b7b'}
        Body: {"security_group_rule": {"remote_group_id": null, "direction": "egress", "remote_ip_prefix": null, "protocol": "tcp", "ethertype": "IPv4", "tenant_id": "f18e891bb2014f7f99616c4146f64b5b", "port_range_max": 22, "port_range_min": 22, "id": "77d2e2f0-63dd-425b-a0e1-aebaa5fc79c2", "security_group_id": "65b50962-ff91-4f15-9d33-3530700b4be1"}}
2015-12-03 02:05:15,634 27498 INFO     [tempest_lib.common.rest_client] Request (TestNetworkBasicOps:test_update_instance_port_admin_state): 201 POST http://10.0.2.15:9696/v2.0/security-group-rules 0.105s
2015-12-03 02:05:15,635 27498 DEBUG    [tempest_lib.common.rest_client] Request - Headers: {'Content-Type': 'application/json', 'Accept': 'application/json', 'X-Auth-Token': '&lt;omitted&gt;'}
        Body: {"security_group_rule": {"tenant_id": "f18e891bb2014f7f99616c4146f64b5b", "direction": "ingress", "protocol": "icmp", "security_group_id": "65b50962-ff91-4f15-9d33-3530700b4be1"}}
    Response - Headers: {'status': '201', 'content-length': '345', 'connection': 'close', 'date': 'Thu, 03 Dec 2015 02:05:15 GMT', 'content-type': 'application/json; charset=UTF-8', 'x-openstack-request-id': 'req-d00ba2b3-973c-45b0-9e8d-d0429d6de936'}
        Body: {"security_group_rule": {"remote_group_id": null, "direction": "ingress", "remote_ip_prefix": null, "protocol": "icmp", "ethertype": "IPv4", "tenant_id": "f18e891bb2014f7f99616c4146f64b5b", "port_range_max": null, "port_range_min": null, "id": "79cbe7a4-a88c-47df-a4d6-ab8f60a54d96", "security_group_id": "65b50962-ff91-4f15-9d33-3530700b4be1"}}
2015-12-03 02:05:15,743 27498 INFO     [tempest_lib.common.rest_client] Request (TestNetworkBasicOps:test_update_instance_port_admin_state): 201 POST http://10.0.2.15:9696/v2.0/security-group-rules 0.107s
2015-12-03 02:05:15,743 27498 DEBUG    [tempest_lib.common.rest_client] Request - Headers: {'Content-Type': 'application/json', 'Accept': 'application/json', 'X-Auth-Token': '&lt;omitted&gt;'}
        Body: {"security_group_rule": {"tenant_id": "f18e891bb2014f7f99616c4146f64b5b", "direction": "egress", "protocol": "icmp", "security_group_id": "65b50962-ff91-4f15-9d33-3530700b4be1"}}
    Response - Headers: {'status': '201', 'content-length': '344', 'connection': 'close', 'date': 'Thu, 03 Dec 2015 02:05:15 GMT', 'content-type': 'application/json; charset=UTF-8', 'x-openstack-request-id': 'req-9de2d10d-99a5-4c99-816b-764ed7c67f24'}
        Body: {"security_group_rule": {"remote_group_id": null, "direction": "egress", "remote_ip_prefix": null, "protocol": "icmp", "ethertype": "IPv4", "tenant_id": "f18e891bb2014f7f99616c4146f64b5b", "port_range_max": null, "port_range_min": null, "id": "4bedfa77-6583-4115-96cf-6afa2818d331", "security_group_id": "65b50962-ff91-4f15-9d33-3530700b4be1"}}
2015-12-03 02:05:15,864 27498 INFO     [tempest_lib.common.rest_client] Request (TestNetworkBasicOps:test_update_instance_port_admin_state): 201 POST http://10.0.2.15:9696/v2.0/security-group-rules 0.119s
2015-12-03 02:05:15,864 27498 DEBUG    [tempest_lib.common.rest_client] Request - Headers: {'Content-Type': 'application/json', 'Accept': 'application/json', 'X-Auth-Token': '&lt;omitted&gt;'}
        Body: {"security_group_rule": {"tenant_id": "f18e891bb2014f7f99616c4146f64b5b", "direction": "ingress", "security_group_id": "65b50962-ff91-4f15-9d33-3530700b4be1", "protocol": "icmp", "ethertype": "IPv6"}}
    Response - Headers: {'status': '201', 'content-length': '345', 'connection': 'close', 'date': 'Thu, 03 Dec 2015 02:05:15 GMT', 'content-type': 'application/json; charset=UTF-8', 'x-openstack-request-id': 'req-951a6fb6-e550-4e21-a0ad-0ab92093538a'}
        Body: {"security_group_rule": {"remote_group_id": null, "direction": "ingress", "remote_ip_prefix": null, "protocol": "icmp", "ethertype": "IPv6", "tenant_id": "f18e891bb2014f7f99616c4146f64b5b", "port_range_max": null, "port_range_min": null, "id": "1ea8b78a-b020-4f2d-800c-4113e5460229", "security_group_id": "65b50962-ff91-4f15-9d33-3530700b4be1"}}
2015-12-03 02:05:15,966 27498 INFO     [tempest_lib.common.rest_client] Request (TestNetworkBasicOps:test_update_instance_port_admin_state): 201 POST http://10.0.2.15:9696/v2.0/security-group-rules 0.100s
2015-12-03 02:05:15,966 27498 DEBUG    [tempest_lib.common.rest_client] Request - Headers: {'Content-Type': 'application/json', 'Accept': 'application/json', 'X-Auth-Token': '&lt;omitted&gt;'}
        Body: {"security_group_rule": {"tenant_id": "f18e891bb2014f7f99616c4146f64b5b", "direction": "egress", "security_group_id": "65b50962-ff91-4f15-9d33-3530700b4be1", "protocol": "icmp", "ethertype": "IPv6"}}
    Response - Headers: {'status': '201', 'content-length': '344', 'connection': 'close', 'date': 'Thu, 03 Dec 2015 02:05:15 GMT', 'content-type': 'application/json; charset=UTF-8', 'x-openstack-request-id': 'req-fde5c5f2-8810-4954-bae6-1a6ccec3a1f6'}
        Body: {"security_group_rule": {"remote_group_id": null, "direction": "egress", "remote_ip_prefix": null, "protocol": "icmp", "ethertype": "IPv6", "tenant_id": "f18e891bb2014f7f99616c4146f64b5b", "port_range_max": null, "port_range_min": null, "id": "51927497-329e-4772-b250-99113e95c785", "security_group_id": "65b50962-ff91-4f15-9d33-3530700b4be1"}}
2015-12-03 02:05:16,087 27498 INFO     [tempest_lib.common.rest_client] Request (TestNetworkBasicOps:test_update_instance_port_admin_state): 201 POST http://10.0.2.15:9696/v2.0/networks 0.120s
2015-12-03 02:05:16,087 27498 DEBUG    [tempest_lib.common.rest_client] Request - Headers: {'Content-Type': 'application/json', 'Accept': 'application/json', 'X-Auth-Token': '&lt;omitted&gt;'}
        Body: {"network": {"tenant_id": "f18e891bb2014f7f99616c4146f64b5b", "name": "tempest-network-smoke--1889654476"}}
    Response - Headers: {'status': '201', 'content-length': '296', 'connection': 'close', 'date': 'Thu, 03 Dec 2015 02:05:16 GMT', 'content-type': 'application/json; charset=UTF-8', 'x-openstack-request-id': 'req-2cda795d-0468-4134-b910-05ececdf7ffe'}
        Body: {"network": {"status": "ACTIVE", "subnets": [], "name": "tempest-network-smoke--1889654476", "admin_state_up": true, "tenant_id": "f18e891bb2014f7f99616c4146f64b5b", "mtu": 0, "router:external": false, "shared": false, "port_security_enabled": true, "id": "ca1a3fab-72e5-4c53-9737-4cf6c8ae125f"}}
2015-12-03 02:05:16,156 27498 INFO     [tempest_lib.common.rest_client] Request (TestNetworkBasicOps:test_update_instance_port_admin_state): 201 POST http://10.0.2.15:9696/v2.0/routers 0.068s
2015-12-03 02:05:16,156 27498 DEBUG    [tempest_lib.common.rest_client] Request - Headers: {'Content-Type': 'application/json', 'Accept': 'application/json', 'X-Auth-Token': '&lt;omitted&gt;'}
        Body: {"router": {"tenant_id": "f18e891bb2014f7f99616c4146f64b5b", "name": "tempest-router-smoke-297741123", "admin_state_up": true}}
    Response - Headers: {'status': '201', 'content-length': '238', 'connection': 'close', 'date': 'Thu, 03 Dec 2015 02:05:16 GMT', 'content-type': 'application/json; charset=UTF-8', 'x-openstack-request-id': 'req-68342010-07e2-4f47-a31a-e46a3fef4de3'}
        Body: {"router": {"status": "ACTIVE", "external_gateway_info": null, "name": "tempest-router-smoke-297741123", "admin_state_up": true, "tenant_id": "f18e891bb2014f7f99616c4146f64b5b", "routes": [], "id": "5cb45557-cc2c-4d88-8286-4b6d500dea9a"}}
2015-12-03 02:05:16,198 27498 INFO     [tempest_lib.common.rest_client] Request (TestNetworkBasicOps:test_update_instance_port_admin_state): 200 GET http://10.0.2.15:9696/v2.0/routers/5cb45557-cc2c-4d88-8286-4b6d500dea9a 0.041s
2015-12-03 02:05:16,198 27498 DEBUG    [tempest_lib.common.rest_client] Request - Headers: {'Content-Type': 'application/json', 'Accept': 'application/json', 'X-Auth-Token': '&lt;omitted&gt;'}
        Body: None
    Response - Headers: {'status': '200', 'content-length': '238', 'content-location': 'http://10.0.2.15:9696/v2.0/routers/5cb45557-cc2c-4d88-8286-4b6d500dea9a', 'connection': 'close', 'date': 'Thu, 03 Dec 2015 02:05:16 GMT', 'content-type': 'application/json; charset=UTF-8', 'x-openstack-request-id': 'req-f07bf780-9d1a-494f-ace0-29438db94c7b'}
        Body: {"router": {"status": "ACTIVE", "external_gateway_info": null, "name": "tempest-router-smoke-297741123", "admin_state_up": true, "tenant_id": "f18e891bb2014f7f99616c4146f64b5b", "routes": [], "id": "5cb45557-cc2c-4d88-8286-4b6d500dea9a"}}
2015-12-03 02:05:16,723 27498 INFO     [tempest_lib.common.rest_client] Request (TestNetworkBasicOps:test_update_instance_port_admin_state): 200 PUT http://10.0.2.15:9696/v2.0/routers/5cb45557-cc2c-4d88-8286-4b6d500dea9a 0.523s
2015-12-03 02:05:16,723 27498 DEBUG    [tempest_lib.common.rest_client] Request - Headers: {'Content-Type': 'application/json', 'Accept': 'application/json', 'X-Auth-Token': '&lt;omitted&gt;'}
        Body: {"router": {"external_gateway_info": {"network_id": "ae6009e6-9b9b-40e8-92cf-63046216622b"}, "name": "tempest-router-smoke-297741123", "admin_state_up": true}}
    Response - Headers: {'status': '200', 'content-length': '502', 'connection': 'close', 'date': 'Thu, 03 Dec 2015 02:05:16 GMT', 'content-type': 'application/json; charset=UTF-8', 'x-openstack-request-id': 'req-d972f876-1019-418b-bf43-673ffba800b2'}
        Body: {"router": {"status": "ACTIVE", "external_gateway_info": {"network_id": "ae6009e6-9b9b-40e8-92cf-63046216622b", "enable_snat": true, "external_fixed_ips": [{"subnet_id": "cc4a729d-ca40-4cd5-8aa7-7c156234e6d1", "ip_address": "172.24.4.17"}, {"subnet_id": "401e2aae-4d29-4db6-9ed2-d364d9448211", "ip_address": "2001:db8::12"}]}, "name": "tempest-router-smoke-297741123", "admin_state_up": true, "tenant_id": "f18e891bb2014f7f99616c4146f64b5b", "routes": [], "id": "5cb45557-cc2c-4d88-8286-4b6d500dea9a"}}
2015-12-03 02:05:16,755 27498 INFO     [tempest_lib.common.rest_client] Request (TestNetworkBasicOps:test_update_instance_port_admin_state): 200 GET http://10.0.2.15:9696/v2.0/subnets?tenant_id=f18e891bb2014f7f99616c4146f64b5b&amp;cidr=10.100.0.0%2F28 0.031s
2015-12-03 02:05:16,756 27498 DEBUG    [tempest_lib.common.rest_client] Request - Headers: {'Content-Type': 'application/json', 'Accept': 'application/json', 'X-Auth-Token': '&lt;omitted&gt;'}
        Body: None
    Response - Headers: {'status': '200', 'content-length': '15', 'content-location': 'http://10.0.2.15:9696/v2.0/subnets?tenant_id=f18e891bb2014f7f99616c4146f64b5b&amp;cidr=10.100.0.0%2F28', 'connection': 'close', 'date': 'Thu, 03 Dec 2015 02:05:16 GMT', 'content-type': 'application/json; charset=UTF-8', 'x-openstack-request-id': 'req-7e310839-9ad7-4d0c-a4b8-bfd5c41f8e00'}
        Body: {"subnets": []}
2015-12-03 02:05:17,026 27498 INFO     [tempest_lib.common.rest_client] Request (TestNetworkBasicOps:test_update_instance_port_admin_state): 201 POST http://10.0.2.15:9696/v2.0/subnets 0.269s
2015-12-03 02:05:17,026 27498 DEBUG    [tempest_lib.common.rest_client] Request - Headers: {'Content-Type': 'application/json', 'Accept': 'application/json', 'X-Auth-Token': '&lt;omitted&gt;'}
        Body: {"subnet": {"ip_version": 4, "tenant_id": "f18e891bb2014f7f99616c4146f64b5b", "cidr": "10.100.0.0/28", "network_id": "ca1a3fab-72e5-4c53-9737-4cf6c8ae125f", "name": "tempest-subnet-smoke-1283983396"}}
    Response - Headers: {'status': '201', 'content-length': '478', 'connection': 'close', 'date': 'Thu, 03 Dec 2015 02:05:17 GMT', 'content-type': 'application/json; charset=UTF-8', 'x-openstack-request-id': 'req-ba08a901-f406-4ead-aeeb-255f6a9a0c91'}
        Body: {"subnet": {"name": "tempest-subnet-smoke-1283983396", "enable_dhcp": true, "network_id": "ca1a3fab-72e5-4c53-9737-4cf6c8ae125f", "tenant_id": "f18e891bb2014f7f99616c4146f64b5b", "dns_nameservers": [], "gateway_ip": "10.100.0.1", "ipv6_ra_mode": null, "allocation_pools": [{"start": "10.100.0.2", "end": "10.100.0.14"}], "host_routes": [], "ip_version": 4, "ipv6_address_mode": null, "cidr": "10.100.0.0/28", "id": "3718deed-b98a-4860-a14c-b1ea195ce794", "subnetpool_id": null}}
2015-12-03 02:05:17,551 27498 INFO     [tempest_lib.common.rest_client] Request (TestNetworkBasicOps:test_update_instance_port_admin_state): 200 PUT http://10.0.2.15:9696/v2.0/routers/5cb45557-cc2c-4d88-8286-4b6d500dea9a/add_router_interface 0.524s
2015-12-03 02:05:17,552 27498 DEBUG    [tempest_lib.common.rest_client] Request - Headers: {'Content-Type': 'application/json', 'Accept': 'application/json', 'X-Auth-Token': '&lt;omitted&gt;'}
        Body: {"subnet_id": "3718deed-b98a-4860-a14c-b1ea195ce794"}
    Response - Headers: {'status': '200', 'content-length': '255', 'connection': 'close', 'date': 'Thu, 03 Dec 2015 02:05:17 GMT', 'content-type': 'application/json; charset=UTF-8', 'x-openstack-request-id': 'req-f52d85b7-993a-4dd4-9b1d-7bce283f65a7'}
        Body: {"subnet_id": "3718deed-b98a-4860-a14c-b1ea195ce794", "tenant_id": "f18e891bb2014f7f99616c4146f64b5b", "subnet_ids": ["3718deed-b98a-4860-a14c-b1ea195ce794"], "port_id": "1bd6b1ca-2d05-41f0-99b9-d4df5085a900", "id": "5cb45557-cc2c-4d88-8286-4b6d500dea9a"}
2015-12-03 02:05:17,598 27498 INFO     [tempest_lib.common.rest_client] Request (TestNetworkBasicOps:test_update_instance_port_admin_state): 200 GET http://10.0.2.15:9696/v2.0/networks 0.045s
2015-12-03 02:05:17,598 27498 DEBUG    [tempest_lib.common.rest_client] Request - Headers: {'Content-Type': 'application/json', 'Accept': 'application/json', 'X-Auth-Token': '&lt;omitted&gt;'}
        Body: None
    Response - Headers: {'status': '200', 'content-length': '1318', 'content-location': 'http://10.0.2.15:9696/v2.0/networks', 'connection': 'close', 'date': 'Thu, 03 Dec 2015 02:05:17 GMT', 'content-type': 'application/json; charset=UTF-8', 'x-openstack-request-id': 'req-6ac7fb36-56ae-4a19-b7f8-1e9efff68372'}
        Body: {"networks": [{"status": "ACTIVE", "subnets": ["401e2aae-4d29-4db6-9ed2-d364d9448211", "cc4a729d-ca40-4cd5-8aa7-7c156234e6d1"], "name": "public", "provider:physical_network": null, "admin_state_up": true, "tenant_id": "d1572a7fb9b940c19af538233c6638f1", "mtu": 0, "router:external": true, "shared": false, "port_security_enabled": true, "provider:network_type": "vxlan", "id": "ae6009e6-9b9b-40e8-92cf-63046216622b", "provider:segmentation_id": 1072}, {"status": "ACTIVE", "subnets": ["406e9c33-6697-4cd6-9e35-7699f4b002a6", "475e9f62-9339-4873-8810-760b4b6acab3"], "name": "private", "provider:physical_network": null, "admin_state_up": true, "tenant_id": "3cc0b4e06f3d4a1d85f7463f269b9aab", "mtu": 0, "router:external": false, "shared": false, "port_security_enabled": true, "provider:network_type": "vxlan", "id": "3ae66984-7035-4113-8c7d-207dedb247ab", "provider:segmentation_id": 1030}, {"status": "ACTIVE", "subnets": ["3718deed-b98a-4860-a14c-b1ea195ce794"], "name": "tempest-network-smoke--1889654476", "provider:physical_network": null, "admin_state_up": true, "tenant_id": "f18e891bb2014f7f99616c4146f64b5b", "mtu": 0, "router:external": false, "shared": false, "port_security_enabled": true, "provider:network_type": "vxlan", "id": "ca1a3fab-72e5-4c53-9737-4cf6c8ae125f", "provider:segmentation_id": 1015}]}
2015-12-03 02:05:17,756 27498 INFO     [tempest_lib.common.rest_client] Request (TestNetworkBasicOps:test_update_instance_port_admin_state): 200 GET http://10.0.2.15:9696/v2.0/subnets 0.157s
2015-12-03 02:05:17,756 27498 DEBUG    [tempest_lib.common.rest_client] Request - Headers: {'Content-Type': 'application/json', 'Accept': 'application/json', 'X-Auth-Token': '&lt;omitted&gt;'}
        Body: None
    Response - Headers: {'status': '200', 'content-length': '2408', 'content-location': 'http://10.0.2.15:9696/v2.0/subnets', 'connection': 'close', 'date': 'Thu, 03 Dec 2015 02:05:17 GMT', 'content-type': 'application/json; charset=UTF-8', 'x-openstack-request-id': 'req-b11df0d3-f55c-485d-a2a3-81c7f768c63f'}
        Body: {"subnets": [{"name": "private-subnet", "enable_dhcp": true, "network_id": "3ae66984-7035-4113-8c7d-207dedb247ab", "tenant_id": "3cc0b4e06f3d4a1d85f7463f269b9aab", "dns_nameservers": [], "gateway_ip": "10.0.0.1", "ipv6_ra_mode": null, "allocation_pools": [{"start": "10.0.0.2", "end": "10.0.0.254"}], "host_routes": [], "ip_version": 4, "ipv6_address_mode": null, "cidr": "10.0.0.0/24", "id": "406e9c33-6697-4cd6-9e35-7699f4b002a6", "subnetpool_id": null}, {"name": "tempest-subnet-smoke-1283983396", "enable_dhcp": true, "network_id": "ca1a3fab-72e5-4c53-9737-4cf6c8ae125f", "tenant_id": "f18e891bb2014f7f99616c4146f64b5b", "dns_nameservers": [], "gateway_ip": "10.100.0.1", "ipv6_ra_mode": null, "allocation_pools": [{"start": "10.100.0.2", "end": "10.100.0.14"}], "host_routes": [], "ip_version": 4, "ipv6_address_mode": null, "cidr": "10.100.0.0/28", "id": "3718deed-b98a-4860-a14c-b1ea195ce794", "subnetpool_id": null}, {"name": "ipv6-private-subnet", "enable_dhcp": true, "network_id": "3ae66984-7035-4113-8c7d-207dedb247ab", "tenant_id": "3cc0b4e06f3d4a1d85f7463f269b9aab", "dns_nameservers": [], "gateway_ip": "fd6c:f62d:3063::1", "ipv6_ra_mode": "slaac", "allocation_pools": [{"start": "fd6c:f62d:3063::2", "end": "fd6c:f62d:3063:0:ffff:ffff:ffff:ffff"}], "host_routes": [], "ip_version": 6, "ipv6_address_mode": "slaac", "cidr": "fd6c:f62d:3063::/64", "id": "475e9f62-9339-4873-8810-760b4b6acab3", "subnetpool_id": null}, {"name": "public-subnet", "enable_dhcp": false, "network_id": "ae6009e6-9b9b-40e8-92cf-63046216622b", "tenant_id": "d1572a7fb9b940c19af538233c6638f1", "dns_nameservers": [], "gateway_ip": "172.24.4.1", "ipv6_ra_mode": null, "allocation_pools": [{"start": "172.24.4.2", "end": "172.24.4.254"}], "host_routes": [], "ip_version": 4, "ipv6_address_mode": null, "cidr": "172.24.4.0/24", "id": "cc4a729d-ca40-4cd5-8aa7-7c156234e6d1", "subnetpool_id": null}, {"name": "ipv6-public-subnet", "enable_dhcp": false, "network_id": "ae6009e6-9b9b-40e8-92cf-63046216622b", "tenant_id": "d1572a7fb9b940c19af538233c6638f1", "dns_nameservers": [], "gateway_ip": "2001:db8::2", "ipv6_ra_mode": null, "allocation_pools": [{"start": "2001:db8::3", "end": "2001:db8::ffff:ffff:ffff:ffff"}, {"start": "2001:db8::1", "end": "2001:db8::1"}], "host_routes": [], "ip_version": 6, "ipv6_address_mode": null, "cidr": "2001:db8::/64", "id": "401e2aae-4d29-4db6-9ed2-d364d9448211", "subnetpool_id": null}]}
2015-12-03 02:05:17,799 27498 INFO     [tempest_lib.common.rest_client] Request (TestNetworkBasicOps:test_update_instance_port_admin_state): 200 GET http://10.0.2.15:9696/v2.0/routers 0.042s
2015-12-03 02:05:17,799 27498 DEBUG    [tempest_lib.common.rest_client] Request - Headers: {'Content-Type': 'application/json', 'Accept': 'application/json', 'X-Auth-Token': '&lt;omitted&gt;'}
        Body: None
    Response - Headers: {'status': '200', 'content-length': '1042', 'content-location': 'http://10.0.2.15:9696/v2.0/routers', 'connection': 'close', 'date': 'Thu, 03 Dec 2015 02:05:17 GMT', 'content-type': 'application/json; charset=UTF-8', 'x-openstack-request-id': 'req-40dd9193-2855-4150-bf43-8b169b16fb36'}
        Body: {"routers": [{"status": "ACTIVE", "external_gateway_info": {"network_id": "ae6009e6-9b9b-40e8-92cf-63046216622b", "enable_snat": true, "external_fixed_ips": [{"subnet_id": "cc4a729d-ca40-4cd5-8aa7-7c156234e6d1", "ip_address": "172.24.4.17"}, {"subnet_id": "401e2aae-4d29-4db6-9ed2-d364d9448211", "ip_address": "2001:db8::12"}]}, "name": "tempest-router-smoke-297741123", "admin_state_up": true, "tenant_id": "f18e891bb2014f7f99616c4146f64b5b", "distributed": false, "routes": [], "ha": false, "id": "5cb45557-cc2c-4d88-8286-4b6d500dea9a"}, {"status": "ACTIVE", "external_gateway_info": {"network_id": "ae6009e6-9b9b-40e8-92cf-63046216622b", "enable_snat": true, "external_fixed_ips": [{"subnet_id": "cc4a729d-ca40-4cd5-8aa7-7c156234e6d1", "ip_address": "172.24.4.2"}, {"subnet_id": "401e2aae-4d29-4db6-9ed2-d364d9448211", "ip_address": "2001:db8::3"}]}, "name": "router1", "admin_state_up": true, "tenant_id": "3cc0b4e06f3d4a1d85f7463f269b9aab", "distributed": false, "routes": [], "ha": false, "id": "a0885e16-2a45-462a-a75f-7cfd7efc4f99"}]}
2015-12-03 02:05:17,912 27498 INFO     [tempest_lib.common.rest_client] Request (TestNetworkBasicOps:test_update_instance_port_admin_state): 200 POST http://10.0.2.15:8774/v2.1/f18e891bb2014f7f99616c4146f64b5b/os-keypairs 0.112s
2015-12-03 02:05:17,913 27498 DEBUG    [tempest_lib.common.rest_client] Request - Headers: {'Content-Type': 'application/json', 'Accept': 'application/json', 'X-Auth-Token': '&lt;omitted&gt;'}
        Body: {"keypair": {"name": "tempest-TestNetworkBasicOps-238718613"}}
    Response - Headers: {'status': '200', 'content-length': '2320', 'x-compute-request-id': 'req-191616e5-ac3b-4562-bc68-09dcf118edfd', 'vary': 'X-OpenStack-Nova-API-Version', 'connection': 'close', 'x-openstack-nova-api-version': '2.1', 'date': 'Thu, 03 Dec 2015 02:05:17 GMT', 'content-type': 'application/json'}
        Body: {"keypair": {"public_key": "ssh-rsa AAAAB3NzaC1yc2EAAAADAQABAAABAQCjstllgaYfCGUaZOD5JCRqbTovBLRig6GjQCk2yIryvmTSDJroM5CS+qveVKsY0AtmIv+ysEQSfEPIZqVJBejf0ZLXNAA0ARPnqnBmcx5YijwamzafSbOmEyuBrPKbcBQLtQf4R9qnOp6+GxrycFuN55lAutuN/7I7ROGIJpvS62ciDZwDMU8a0oTYKlLfn2Jn/8b5zybMR5dYCk4G6IosBGeq7W7FtM1sRF+ufKyoVYjmrvh2/UzWAh5+kOWrlyCHl8dbpiXDnzSdByv3gNC4Nl6Jv2OIPfDKGvWntXdhDxaBiX/uARpiBeTPvRBO+9BiI7sr+NVu8jkM8bxvLNC7 Generated-by-Nova", "private_key": "-----BEGIN RSA PRIVATE KEY-----\nMIIEqQIBAAKCAQEAo7LZZYGmHwhlGmTg+SQkam06LwS0YoOho0ApNsiK8r5k0gya\n6DOQkvqr3lSrGNALZiL/srBEEnxDyGalSQXo39GS1zQANAET56pwZnMeWIo8Gps2\nn0mzphMrgazym3AUC7UH+Efapzqevhsa8nBbjeeZQLrbjf+yO0ThiCab0utnIg2c\nAzFPGtKE2CpS359iZ//G+c8mzEeXWApOBuiKLARnqu1uxbTNbERfrnysqFWI5q74\ndv1M1gIefpDlq5cgh5fHW6Ylw580nQcr94DQuDZeib9jiD3wyhr1p7V3YQ8WgYl/\n7gEaYgXkz70QTvvQYiO7K/jVbvI5DPG8byzQuwIDAQABAoIBAQCbUiyR8pUTptx/\nUa5g1pky3hax3C3nt2vbwRoZ3+hu8JYq80jb/2ky/GOs3ftF3MikDZs+CZ9dRsjt\n0e8MPW47R9ejF7UFouwnCQIDQ0FM00S6HgGS29R4RIIoVVgQgiSTAx7fxhXCTI2o\nZYGI/XDxUQmJcIK31iBfujif/bomQi8YMqHkhmDcyYV8TPkXSWqp1QjZrwchhbvP\nCCCBeb2FAEahP4D1VrpGn+K7fIncGqdVP3vBC5ZYgY9toQZ0kMLkjotf2Y/zNLE0\n4MzHZvKbK4t1HA+RIwluQXor8dPdMex0BVrlWt0s05ij2y7MfitNU3EuIoLREiE+\n8xwHikkxAoIAgQDIpYu7DsELP/z+bScqNChHybqzS9Ww7zAMlDspYwx0Ae31CWo6\n10qtHRuVLvvPN6K4sZUn2i9qc2DMqUM911LbUNXHTCjZyMZOclJhwVIKSvccxOiH\nP9L5A9QMnX8yP0xYELU32DR6mDq2tFe39yEMbz7Bz9ujnBBAnM2UrzWMqQKCAIEA\n0Nvja2vePee+N+GKIRK0z+Zi8BtV9ZEoGleRgdChOTM7bEnr1BMSkveOObGH1V1H\n+nvsnqkEgnUbaxsgvXTymQlRaG8lOrPIe79J3RH77nzVPqEPvIyVKd8jo6Td4rFr\njty3jNrPPHhDj1ViBBWV0zIZC+EZSsHfOSN80QZszMMCggCBALMoTkoqdGitLCOq\nJyxiAg2HrPNnpVklWcwBl4nu7TGwf18qlvYPQpiswvJET4fJb7xmpH4/LdNpTmew\nQ2A2ob8+wIQCFv/PbHKjVbf/vFeAdIH1uIL7lE/RAUh6YRbmui5wTL+eh81nnBWD\nlkennJTTyD+ab835DfIDkPVQNQpxAoIAgBuVHoieO0BzrXRVzdcmUEiwhVpuUcDX\nhbNM40OAmPoj4PIhJQrh5e8Q0HCgGG8+HXZgDVS6v4S3EILplz5OBofdainfm8wP\n2Cc3kPqoGFxbkhHuVVSyQDTCakN/T2pTwf+g+ICamQnEXC++t+4QJ7Q3hoVCGgP8\nbI1wOVilf5LfAoIAgHNzN4SpmStMTgCR6dJywoWg7SNEPJXXlwFdbtO1vXrGaXP6\njIuo0xeX0DeufJ4qrHodu/1/xxTsVMHtBRSx74FVBQ6tytWgaV1LT51ScCYBI9zT\nYSyphkl8HEipTNF+hwN4ln5aIaKNhAlGwE91yX+AOkSHM+dBXYjcBiHGdIbJ\n-----END RSA PRIVATE KEY-----\n", "user_id": "e5050dec8dc1442690aeaf54fdfb92fa", "name": "tempest-TestNetworkBasicOps-238718613", "fingerprint": "b8:0d:43:cf:7a:63:66:67:35:c6:52:29:94:7a:1a:fd"}}
2015-12-03 02:05:18,022 27498 INFO     [tempest_lib.common.rest_client] Request (TestNetworkBasicOps:test_update_instance_port_admin_state): 200 POST http://10.0.2.15:5000/v2.0/tokens
2015-12-03 02:05:18,023 27498 DEBUG    [tempest_lib.common.rest_client] Request - Headers: {'Content-Type': 'application/json', 'Accept': 'application/json'}
        Body: &lt;omitted&gt;
    Response - Headers: {'status': '200', 'content-length': '2526', 'vary': 'X-Auth-Token', 'server': 'Apache/2.4.7 (Ubuntu)', 'connection': 'close', 'date': 'Thu, 03 Dec 2015 02:05:17 GMT', 'content-type': 'application/json', 'x-openstack-request-id': 'req-64304862-33cd-4a3a-851c-0281869896e2'}
        Body: {"access": {"token": {"issued_at": "2015-12-03T02:05:18.011068", "expires": "2015-12-03T03:05:17Z", "id": "0441e059e04642dd978f26bca8a81322", "tenant": {"description": "tempest-TestNetworkBasicOps-90180466-desc", "enabled": true, "id": "f18e891bb2014f7f99616c4146f64b5b", "name": "tempest-TestNetworkBasicOps-90180466"}, "audit_ids": ["ZwmJ9zS4Qc-f7Nj0r2qUsg"]}, "serviceCatalog": [{"endpoints": [{"adminURL": "http://10.0.2.15:8774/v2.1/f18e891bb2014f7f99616c4146f64b5b", "region": "RegionOne", "internalURL": "http://10.0.2.15:8774/v2.1/f18e891bb2014f7f99616c4146f64b5b", "id": "3327e82ca3434fa887bfed62b9f7e426", "publicURL": "http://10.0.2.15:8774/v2.1/f18e891bb2014f7f99616c4146f64b5b"}], "endpoints_links": [], "type": "compute", "name": "nova"}, {"endpoints": [{"adminURL": "http://10.0.2.15:9696/", "region": "RegionOne", "internalURL": "http://10.0.2.15:9696/", "id": "19beae0e6b65474993426ef1e8ba6601", "publicURL": "http://10.0.2.15:9696/"}], "endpoints_links": [], "type": "network", "name": "neutron"}, {"endpoints": [{"adminURL": "http://10.0.2.15:9292", "region": "RegionOne", "internalURL": "http://10.0.2.15:9292", "id": "0fa287c92c684b56967ef7804ed4a4c3", "publicURL": "http://10.0.2.15:9292"}], "endpoints_links": [], "type": "image", "name": "glance"}, {"endpoints": [{"adminURL": "http://10.0.2.15:8774/v2/f18e891bb2014f7f99616c4146f64b5b", "region": "RegionOne", "internalURL": "http://10.0.2.15:8774/v2/f18e891bb2014f7f99616c4146f64b5b", "id": "b5b2491d499c426d9f13ea7d94a63dc1", "publicURL": "http://10.0.2.15:8774/v2/f18e891bb2014f7f99616c4146f64b5b"}], "endpoints_links": [], "type": "compute_legacy", "name": "nova_legacy"}, {"endpoints": [{"adminURL": "http://10.0.2.15:8773/", "region": "RegionOne", "internalURL": "http://10.0.2.15:8773/", "id": "18e12205b24249aba2c04935749a461d", "publicURL": "http://10.0.2.15:8773/"}], "endpoints_links": [], "type": "ec2", "name": "ec2"}, {"endpoints": [{"adminURL": "http://10.0.2.15:35357/v2.0", "region": "RegionOne", "internalURL": "http://10.0.2.15:5000/v2.0", "id": "0205596ffd7549cd98e5670fe18d46bc", "publicURL": "http://10.0.2.15:5000/v2.0"}], "endpoints_links": [], "type": "identity", "name": "keystone"}], "user": {"username": "tempest-TestNetworkBasicOps-1703120235", "roles_links": [], "id": "e5050dec8dc1442690aeaf54fdfb92fa", "roles": [{"name": "_member_"}, {"name": "Member"}], "name": "tempest-TestNetworkBasicOps-1703120235"}, "metadata": {"is_admin": 0, "roles": ["9fe2ff9ee4384b1894a90878d3e92bab", "d4f66d1e452c4bba83e7527fae1a035a"]}}}
2015-12-03 02:05:18,029 27498 DEBUG    [tempest.common.fixed_network] (TestNetworkBasicOps:test_update_instance_port_admin_state) No valid network provided or created, defaulting to fixed_network_name
2015-12-03 02:05:18,356 27498 INFO     [tempest_lib.common.rest_client] Request (TestNetworkBasicOps:test_update_instance_port_admin_state): 200 GET http://10.0.2.15:8774/v2.1/f18e891bb2014f7f99616c4146f64b5b/os-networks 0.326s
2015-12-03 02:05:18,357 27498 DEBUG    [tempest_lib.common.rest_client] Request - Headers: {'Content-Type': 'application/json', 'Accept': 'application/json', 'X-Auth-Token': '&lt;omitted&gt;'}
        Body: None
    Response - Headers: {'status': '200', 'content-length': '479', 'content-location': 'http://10.0.2.15:8774/v2.1/f18e891bb2014f7f99616c4146f64b5b/os-networks', 'x-compute-request-id': 'req-7aa0a0b1-a4f6-47d8-8c33-e30a99526a59', 'vary': 'X-OpenStack-Nova-API-Version', 'connection': 'close', 'x-openstack-nova-api-version': '2.1', 'date': 'Thu, 03 Dec 2015 02:05:18 GMT', 'content-type': 'application/json'}
        Body: {"networks": [{"cidr_v6": null, "dns2": null, "dns1": null, "gateway": null, "broadcast": null, "netmask": null, "gateway_v6": null, "cidr": null, "label": "tempest-network-smoke--1889654476", "id": "ca1a3fab-72e5-4c53-9737-4cf6c8ae125f", "netmask_v6": null}, {"cidr_v6": null, "dns2": null, "dns1": null, "gateway": null, "broadcast": null, "netmask": null, "gateway_v6": null, "cidr": null, "label": "public", "id": "ae6009e6-9b9b-40e8-92cf-63046216622b", "netmask_v6": null}]}
2015-12-03 02:05:18,358 27498 WARNING  [tempest.common.fixed_network] (TestNetworkBasicOps:test_update_instance_port_admin_state) Network with name: private not found
2015-12-03 02:05:18,358 27498 INFO     [tempest.common.fixed_network] (TestNetworkBasicOps:test_update_instance_port_admin_state) Found network {} available for tenant
2015-12-03 02:05:18,988 27498 INFO     [tempest_lib.common.rest_client] Request (TestNetworkBasicOps:test_update_instance_port_admin_state): 202 POST http://10.0.2.15:8774/v2.1/f18e891bb2014f7f99616c4146f64b5b/servers 0.629s
2015-12-03 02:05:18,989 27498 DEBUG    [tempest_lib.common.rest_client] Request - Headers: {'Content-Type': 'application/json', 'Accept': 'application/json', 'X-Auth-Token': '&lt;omitted&gt;'}
        Body: {"server": {"name": "tempest.common.compute-instance-1299872326", "imageRef": "1fc45c55-35c0-4469-be99-0542923c43ee", "key_name": "tempest-TestNetworkBasicOps-238718613", "flavorRef": "42", "networks": [{"uuid": "ca1a3fab-72e5-4c53-9737-4cf6c8ae125f"}], "security_groups": [{"name": "tempest-secgroup-smoke-790233731"}]}}
    Response - Headers: {'status': '202', 'content-length': '461', 'x-compute-request-id': 'req-91d8cd7f-9ed2-4ae7-b8b9-3f7dfa491c78', 'vary': 'X-OpenStack-Nova-API-Version', 'connection': 'close', 'location': 'http://10.0.2.15:8774/v2.1/f18e891bb2014f7f99616c4146f64b5b/servers/640f3a00-afef-4980-9121-9b307f01c206', 'x-openstack-nova-api-version': '2.1', 'date': 'Thu, 03 Dec 2015 02:05:18 GMT', 'content-type': 'application/json'}
        Body: {"server": {"security_groups": [{"name": "tempest-secgroup-smoke-790233731"}], "OS-DCF:diskConfig": "MANUAL", "id": "640f3a00-afef-4980-9121-9b307f01c206", "links": [{"href": "http://10.0.2.15:8774/v2.1/f18e891bb2014f7f99616c4146f64b5b/servers/640f3a00-afef-4980-9121-9b307f01c206", "rel": "self"}, {"href": "http://10.0.2.15:8774/f18e891bb2014f7f99616c4146f64b5b/servers/640f3a00-afef-4980-9121-9b307f01c206", "rel": "bookmark"}], "adminPass": "8XiLttPuSDvN"}}
2015-12-03 02:05:19,198 27498 INFO     [tempest_lib.common.rest_client] Request (TestNetworkBasicOps:test_update_instance_port_admin_state): 200 GET http://10.0.2.15:8774/v2.1/f18e891bb2014f7f99616c4146f64b5b/servers/640f3a00-afef-4980-9121-9b307f01c206 0.203s
2015-12-03 02:05:19,198 27498 DEBUG    [tempest_lib.common.rest_client] Request - Headers: {'Content-Type': 'application/json', 'Accept': 'application/json', 'X-Auth-Token': '&lt;omitted&gt;'}
        Body: None
    Response - Headers: {'status': '200', 'content-length': '1355', 'content-location': 'http://10.0.2.15:8774/v2.1/f18e891bb2014f7f99616c4146f64b5b/servers/640f3a00-afef-4980-9121-9b307f01c206', 'x-compute-request-id': 'req-522334d8-486f-4c9a-9a39-599c42156291', 'vary': 'X-OpenStack-Nova-API-Version', 'connection': 'close', 'x-openstack-nova-api-version': '2.1', 'date': 'Thu, 03 Dec 2015 02:05:19 GMT', 'content-type': 'application/json'}
        Body: {"server": {"status": "BUILD", "updated": "2015-12-03T02:05:19Z", "hostId": "", "addresses": {}, "links": [{"href": "http://10.0.2.15:8774/v2.1/f18e891bb2014f7f99616c4146f64b5b/servers/640f3a00-afef-4980-9121-9b307f01c206", "rel": "self"}, {"href": "http://10.0.2.15:8774/f18e891bb2014f7f99616c4146f64b5b/servers/640f3a00-afef-4980-9121-9b307f01c206", "rel": "bookmark"}], "key_name": "tempest-TestNetworkBasicOps-238718613", "image": {"id": "1fc45c55-35c0-4469-be99-0542923c43ee", "links": [{"href": "http://10.0.2.15:8774/f18e891bb2014f7f99616c4146f64b5b/images/1fc45c55-35c0-4469-be99-0542923c43ee", "rel": "bookmark"}]}, "OS-EXT-STS:task_state": "scheduling", "OS-EXT-STS:vm_state": "building", "OS-SRV-USG:launched_at": null, "flavor": {"id": "42", "links": [{"href": "http://10.0.2.15:8774/f18e891bb2014f7f99616c4146f64b5b/flavors/42", "rel": "bookmark"}]}, "id": "640f3a00-afef-4980-9121-9b307f01c206", "OS-SRV-USG:terminated_at": null, "OS-EXT-AZ:availability_zone": "", "user_id": "e5050dec8dc1442690aeaf54fdfb92fa", "name": "tempest.common.compute-instance-1299872326", "created": "2015-12-03T02:05:18Z", "tenant_id": "f18e891bb2014f7f99616c4146f64b5b", "OS-DCF:diskConfig": "MANUAL", "os-extended-volumes:volumes_attached": [], "accessIPv4": "", "accessIPv6": "", "progress": 0, "OS-EXT-STS:power_state": 0, "config_drive": "", "metadata": {}}}
2015-12-03 02:05:20,591 27498 INFO     [tempest_lib.common.rest_client] Request (TestNetworkBasicOps:test_update_instance_port_admin_state): 200 GET http://10.0.2.15:8774/v2.1/f18e891bb2014f7f99616c4146f64b5b/servers/640f3a00-afef-4980-9121-9b307f01c206 0.376s
2015-12-03 02:05:20,592 27498 DEBUG    [tempest_lib.common.rest_client] Request - Headers: {'Content-Type': 'application/json', 'Accept': 'application/json', 'X-Auth-Token': '&lt;omitted&gt;'}
        Body: None
    Response - Headers: {'status': '200', 'content-length': '1480', 'content-location': 'http://10.0.2.15:8774/v2.1/f18e891bb2014f7f99616c4146f64b5b/servers/640f3a00-afef-4980-9121-9b307f01c206', 'x-compute-request-id': 'req-8302946f-5a45-455e-a170-f59f1bd70eb1', 'vary': 'X-OpenStack-Nova-API-Version', 'connection': 'close', 'x-openstack-nova-api-version': '2.1', 'date': 'Thu, 03 Dec 2015 02:05:20 GMT', 'content-type': 'application/json'}
        Body: {"server": {"status": "BUILD", "updated": "2015-12-03T02:05:20Z", "hostId": "a882c6a58a819074df879325224b458e7bf1fb0cfdf03e3397cf2ab7", "addresses": {}, "links": [{"href": "http://10.0.2.15:8774/v2.1/f18e891bb2014f7f99616c4146f64b5b/servers/640f3a00-afef-4980-9121-9b307f01c206", "rel": "self"}, {"href": "http://10.0.2.15:8774/f18e891bb2014f7f99616c4146f64b5b/servers/640f3a00-afef-4980-9121-9b307f01c206", "rel": "bookmark"}], "key_name": "tempest-TestNetworkBasicOps-238718613", "image": {"id": "1fc45c55-35c0-4469-be99-0542923c43ee", "links": [{"href": "http://10.0.2.15:8774/f18e891bb2014f7f99616c4146f64b5b/images/1fc45c55-35c0-4469-be99-0542923c43ee", "rel": "bookmark"}]}, "OS-EXT-STS:task_state": "spawning", "OS-EXT-STS:vm_state": "building", "OS-SRV-USG:launched_at": null, "flavor": {"id": "42", "links": [{"href": "http://10.0.2.15:8774/f18e891bb2014f7f99616c4146f64b5b/flavors/42", "rel": "bookmark"}]}, "id": "640f3a00-afef-4980-9121-9b307f01c206", "security_groups": [{"name": "tempest-secgroup-smoke-790233731"}], "OS-SRV-USG:terminated_at": null, "OS-EXT-AZ:availability_zone": "nova", "user_id": "e5050dec8dc1442690aeaf54fdfb92fa", "name": "tempest.common.compute-instance-1299872326", "created": "2015-12-03T02:05:18Z", "tenant_id": "f18e891bb2014f7f99616c4146f64b5b", "OS-DCF:diskConfig": "MANUAL", "os-extended-volumes:volumes_attached": [], "accessIPv4": "", "accessIPv6": "", "progress": 0, "OS-EXT-STS:power_state": 0, "config_drive": "", "metadata": {}}}
2015-12-03 02:05:20,603 27498 INFO     [tempest.common.waiters] State transition "BUILD/scheduling" ==&gt; "BUILD/spawning" after 1 second wait
2015-12-03 02:05:22,007 27498 INFO     [tempest_lib.common.rest_client] Request (TestNetworkBasicOps:test_update_instance_port_admin_state): 200 GET http://10.0.2.15:8774/v2.1/f18e891bb2014f7f99616c4146f64b5b/servers/640f3a00-afef-4980-9121-9b307f01c206 0.402s
2015-12-03 02:05:22,008 27498 DEBUG    [tempest_lib.common.rest_client] Request - Headers: {'Content-Type': 'application/json', 'Accept': 'application/json', 'X-Auth-Token': '&lt;omitted&gt;'}
        Body: None
    Response - Headers: {'status': '200', 'content-length': '1480', 'content-location': 'http://10.0.2.15:8774/v2.1/f18e891bb2014f7f99616c4146f64b5b/servers/640f3a00-afef-4980-9121-9b307f01c206', 'x-compute-request-id': 'req-4f7b7522-b412-4c0f-95b6-4ca1b5c635fb', 'vary': 'X-OpenStack-Nova-API-Version', 'connection': 'close', 'x-openstack-nova-api-version': '2.1', 'date': 'Thu, 03 Dec 2015 02:05:22 GMT', 'content-type': 'application/json'}
        Body: {"server": {"status": "BUILD", "updated": "2015-12-03T02:05:20Z", "hostId": "a882c6a58a819074df879325224b458e7bf1fb0cfdf03e3397cf2ab7", "addresses": {}, "links": [{"href": "http://10.0.2.15:8774/v2.1/f18e891bb2014f7f99616c4146f64b5b/servers/640f3a00-afef-4980-9121-9b307f01c206", "rel": "self"}, {"href": "http://10.0.2.15:8774/f18e891bb2014f7f99616c4146f64b5b/servers/640f3a00-afef-4980-9121-9b307f01c206", "rel": "bookmark"}], "key_name": "tempest-TestNetworkBasicOps-238718613", "image": {"id": "1fc45c55-35c0-4469-be99-0542923c43ee", "links": [{"href": "http://10.0.2.15:8774/f18e891bb2014f7f99616c4146f64b5b/images/1fc45c55-35c0-4469-be99-0542923c43ee", "rel": "bookmark"}]}, "OS-EXT-STS:task_state": "spawning", "OS-EXT-STS:vm_state": "building", "OS-SRV-USG:launched_at": null, "flavor": {"id": "42", "links": [{"href": "http://10.0.2.15:8774/f18e891bb2014f7f99616c4146f64b5b/flavors/42", "rel": "bookmark"}]}, "id": "640f3a00-afef-4980-9121-9b307f01c206", "security_groups": [{"name": "tempest-secgroup-smoke-790233731"}], "OS-SRV-USG:terminated_at": null, "OS-EXT-AZ:availability_zone": "nova", "user_id": "e5050dec8dc1442690aeaf54fdfb92fa", "name": "tempest.common.compute-instance-1299872326", "created": "2015-12-03T02:05:18Z", "tenant_id": "f18e891bb2014f7f99616c4146f64b5b", "OS-DCF:diskConfig": "MANUAL", "os-extended-volumes:volumes_attached": [], "accessIPv4": "", "accessIPv6": "", "progress": 0, "OS-EXT-STS:power_state": 0, "config_drive": "", "metadata": {}}}
2015-12-03 02:05:23,215 27498 INFO     [tempest_lib.common.rest_client] Request (TestNetworkBasicOps:test_update_instance_port_admin_state): 200 GET http://10.0.2.15:8774/v2.1/f18e891bb2014f7f99616c4146f64b5b/servers/640f3a00-afef-4980-9121-9b307f01c206 0.190s
2015-12-03 02:05:23,216 27498 DEBUG    [tempest_lib.common.rest_client] Request - Headers: {'Content-Type': 'application/json', 'Accept': 'application/json', 'X-Auth-Token': '&lt;omitted&gt;'}
        Body: None
    Response - Headers: {'status': '200', 'content-length': '1652', 'content-location': 'http://10.0.2.15:8774/v2.1/f18e891bb2014f7f99616c4146f64b5b/servers/640f3a00-afef-4980-9121-9b307f01c206', 'x-compute-request-id': 'req-41dd8f73-05cb-41f8-9102-406a307923d9', 'vary': 'X-OpenStack-Nova-API-Version', 'connection': 'close', 'x-openstack-nova-api-version': '2.1', 'date': 'Thu, 03 Dec 2015 02:05:23 GMT', 'content-type': 'application/json'}
        Body: {"server": {"status": "ACTIVE", "updated": "2015-12-03T02:05:22Z", "hostId": "a882c6a58a819074df879325224b458e7bf1fb0cfdf03e3397cf2ab7", "addresses": {"tempest-network-smoke--1889654476": [{"OS-EXT-IPS-MAC:mac_addr": "fa:16:3e:a9:55:70", "version": 4, "addr": "10.100.0.3", "OS-EXT-IPS:type": "fixed"}]}, "links": [{"href": "http://10.0.2.15:8774/v2.1/f18e891bb2014f7f99616c4146f64b5b/servers/640f3a00-afef-4980-9121-9b307f01c206", "rel": "self"}, {"href": "http://10.0.2.15:8774/f18e891bb2014f7f99616c4146f64b5b/servers/640f3a00-afef-4980-9121-9b307f01c206", "rel": "bookmark"}], "key_name": "tempest-TestNetworkBasicOps-238718613", "image": {"id": "1fc45c55-35c0-4469-be99-0542923c43ee", "links": [{"href": "http://10.0.2.15:8774/f18e891bb2014f7f99616c4146f64b5b/images/1fc45c55-35c0-4469-be99-0542923c43ee", "rel": "bookmark"}]}, "OS-EXT-STS:task_state": null, "OS-EXT-STS:vm_state": "active", "OS-SRV-USG:launched_at": "2015-12-03T02:05:21.000000", "flavor": {"id": "42", "links": [{"href": "http://10.0.2.15:8774/f18e891bb2014f7f99616c4146f64b5b/flavors/42", "rel": "bookmark"}]}, "id": "640f3a00-afef-4980-9121-9b307f01c206", "security_groups": [{"name": "tempest-secgroup-smoke-790233731"}], "OS-SRV-USG:terminated_at": null, "OS-EXT-AZ:availability_zone": "nova", "user_id": "e5050dec8dc1442690aeaf54fdfb92fa", "name": "tempest.common.compute-instance-1299872326", "created": "2015-12-03T02:05:18Z", "tenant_id": "f18e891bb2014f7f99616c4146f64b5b", "OS-DCF:diskConfig": "MANUAL", "os-extended-volumes:volumes_attached": [], "accessIPv4": "", "accessIPv6": "", "progress": 0, "OS-EXT-STS:power_state": 1, "config_drive": "True", "metadata": {}}}
2015-12-03 02:05:23,225 27498 INFO     [tempest.common.waiters] State transition "BUILD/spawning" ==&gt; "ACTIVE/None" after 4 second wait
2015-12-03 02:05:23,407 27498 INFO     [tempest_lib.common.rest_client] Request (TestNetworkBasicOps:test_update_instance_port_admin_state): 200 GET http://10.0.2.15:8774/v2.1/f18e891bb2014f7f99616c4146f64b5b/servers/640f3a00-afef-4980-9121-9b307f01c206 0.182s
2015-12-03 02:05:23,407 27498 DEBUG    [tempest_lib.common.rest_client] Request - Headers: {'Content-Type': 'application/json', 'Accept': 'application/json', 'X-Auth-Token': '&lt;omitted&gt;'}
        Body: None
    Response - Headers: {'status': '200', 'content-length': '1652', 'content-location': 'http://10.0.2.15:8774/v2.1/f18e891bb2014f7f99616c4146f64b5b/servers/640f3a00-afef-4980-9121-9b307f01c206', 'x-compute-request-id': 'req-76c13cba-b587-4762-a852-42a936115498', 'vary': 'X-OpenStack-Nova-API-Version', 'connection': 'close', 'x-openstack-nova-api-version': '2.1', 'date': 'Thu, 03 Dec 2015 02:05:23 GMT', 'content-type': 'application/json'}
        Body: {"server": {"status": "ACTIVE", "updated": "2015-12-03T02:05:22Z", "hostId": "a882c6a58a819074df879325224b458e7bf1fb0cfdf03e3397cf2ab7", "addresses": {"tempest-network-smoke--1889654476": [{"OS-EXT-IPS-MAC:mac_addr": "fa:16:3e:a9:55:70", "version": 4, "addr": "10.100.0.3", "OS-EXT-IPS:type": "fixed"}]}, "links": [{"href": "http://10.0.2.15:8774/v2.1/f18e891bb2014f7f99616c4146f64b5b/servers/640f3a00-afef-4980-9121-9b307f01c206", "rel": "self"}, {"href": "http://10.0.2.15:8774/f18e891bb2014f7f99616c4146f64b5b/servers/640f3a00-afef-4980-9121-9b307f01c206", "rel": "bookmark"}], "key_name": "tempest-TestNetworkBasicOps-238718613", "image": {"id": "1fc45c55-35c0-4469-be99-0542923c43ee", "links": [{"href": "http://10.0.2.15:8774/f18e891bb2014f7f99616c4146f64b5b/images/1fc45c55-35c0-4469-be99-0542923c43ee", "rel": "bookmark"}]}, "OS-EXT-STS:task_state": null, "OS-EXT-STS:vm_state": "active", "OS-SRV-USG:launched_at": "2015-12-03T02:05:21.000000", "flavor": {"id": "42", "links": [{"href": "http://10.0.2.15:8774/f18e891bb2014f7f99616c4146f64b5b/flavors/42", "rel": "bookmark"}]}, "id": "640f3a00-afef-4980-9121-9b307f01c206", "security_groups": [{"name": "tempest-secgroup-smoke-790233731"}], "OS-SRV-USG:terminated_at": null, "OS-EXT-AZ:availability_zone": "nova", "user_id": "e5050dec8dc1442690aeaf54fdfb92fa", "name": "tempest.common.compute-instance-1299872326", "created": "2015-12-03T02:05:18Z", "tenant_id": "f18e891bb2014f7f99616c4146f64b5b", "OS-DCF:diskConfig": "MANUAL", "os-extended-volumes:volumes_attached": [], "accessIPv4": "", "accessIPv6": "", "progress": 0, "OS-EXT-STS:power_state": 1, "config_drive": "True", "metadata": {}}}
2015-12-03 02:05:23,417 27498 INFO     [tempest.scenario.manager] Tenant networks not configured to be reachable.
2015-12-03 02:05:23,449 27498 INFO     [tempest_lib.common.rest_client] Request (TestNetworkBasicOps:test_update_instance_port_admin_state): 200 GET http://10.0.2.15:9696/v2.0/ports?status=ACTIVE&amp;fixed_ip=None&amp;device_id=640f3a00-afef-4980-9121-9b307f01c206 0.031s
2015-12-03 02:05:23,449 27498 DEBUG    [tempest_lib.common.rest_client] Request - Headers: {'Content-Type': 'application/json', 'Accept': 'application/json', 'X-Auth-Token': '&lt;omitted&gt;'}
        Body: None
    Response - Headers: {'status': '200', 'content-length': '895', 'content-location': 'http://10.0.2.15:9696/v2.0/ports?status=ACTIVE&amp;fixed_ip=None&amp;device_id=640f3a00-afef-4980-9121-9b307f01c206', 'connection': 'close', 'date': 'Thu, 03 Dec 2015 02:05:23 GMT', 'content-type': 'application/json; charset=UTF-8', 'x-openstack-request-id': 'req-9ee99fd1-725c-47d8-8c06-29e2e3696340'}
        Body: {"ports": [{"status": "ACTIVE", "binding:host_id": "vagrant-ubuntu-trusty-64", "allowed_address_pairs": [], "extra_dhcp_opts": [], "dns_assignment": [{"hostname": "host-10-100-0-3", "ip_address": "10.100.0.3", "fqdn": "host-10-100-0-3.openstacklocal."}], "device_owner": "compute:None", "port_security_enabled": true, "binding:profile": {}, "fixed_ips": [{"subnet_id": "3718deed-b98a-4860-a14c-b1ea195ce794", "ip_address": "10.100.0.3"}], "id": "7c072074-ab81-46fa-9801-ab494053a3f5", "security_groups": ["65b50962-ff91-4f15-9d33-3530700b4be1"], "device_id": "640f3a00-afef-4980-9121-9b307f01c206", "name": "", "admin_state_up": true, "network_id": "ca1a3fab-72e5-4c53-9737-4cf6c8ae125f", "dns_name": "", "binding:vif_details": {"port_filter": true}, "binding:vnic_type": "normal", "binding:vif_type": "ovs", "tenant_id": "f18e891bb2014f7f99616c4146f64b5b", "mac_address": "fa:16:3e:a9:55:70"}]}
2015-12-03 02:05:23,861 27498 INFO     [tempest_lib.common.rest_client] Request (TestNetworkBasicOps:test_update_instance_port_admin_state): 201 POST http://10.0.2.15:9696/v2.0/floatingips 0.411s
2015-12-03 02:05:23,862 27498 DEBUG    [tempest_lib.common.rest_client] Request - Headers: {'Content-Type': 'application/json', 'Accept': 'application/json', 'X-Auth-Token': '&lt;omitted&gt;'}
        Body: {"floatingip": {"floating_network_id": "ae6009e6-9b9b-40e8-92cf-63046216622b", "tenant_id": "f18e891bb2014f7f99616c4146f64b5b", "fixed_ip_address": "10.100.0.3", "port_id": "7c072074-ab81-46fa-9801-ab494053a3f5"}}
    Response - Headers: {'status': '201', 'content-length': '368', 'connection': 'close', 'date': 'Thu, 03 Dec 2015 02:05:23 GMT', 'content-type': 'application/json; charset=UTF-8', 'x-openstack-request-id': 'req-0d1fb5d8-f91c-41d5-901e-3a52f955426f'}
        Body: {"floatingip": {"floating_network_id": "ae6009e6-9b9b-40e8-92cf-63046216622b", "router_id": "5cb45557-cc2c-4d88-8286-4b6d500dea9a", "fixed_ip_address": "10.100.0.3", "floating_ip_address": "172.24.4.18", "tenant_id": "f18e891bb2014f7f99616c4146f64b5b", "status": "DOWN", "port_id": "7c072074-ab81-46fa-9801-ab494053a3f5", "id": "0d8adaf7-51ef-4590-a48e-4d0fd238296c"}}
2015-12-03 02:05:23,976 27498 INFO     [tempest_lib.common.rest_client] Request (TestNetworkBasicOps:test_update_instance_port_admin_state): 200 GET http://10.0.2.15:9696/v2.0/ports?device_id=640f3a00-afef-4980-9121-9b307f01c206 0.114s
2015-12-03 02:05:23,977 27498 DEBUG    [tempest_lib.common.rest_client] Request - Headers: {'Content-Type': 'application/json', 'Accept': 'application/json', 'X-Auth-Token': '&lt;omitted&gt;'}
        Body: None
    Response - Headers: {'status': '200', 'content-length': '895', 'content-location': 'http://10.0.2.15:9696/v2.0/ports?device_id=640f3a00-afef-4980-9121-9b307f01c206', 'connection': 'close', 'date': 'Thu, 03 Dec 2015 02:05:23 GMT', 'content-type': 'application/json; charset=UTF-8', 'x-openstack-request-id': 'req-63d4671d-bb89-4da6-8406-0599943d9b07'}
        Body: {"ports": [{"status": "ACTIVE", "binding:host_id": "vagrant-ubuntu-trusty-64", "allowed_address_pairs": [], "extra_dhcp_opts": [], "dns_assignment": [{"hostname": "host-10-100-0-3", "ip_address": "10.100.0.3", "fqdn": "host-10-100-0-3.openstacklocal."}], "device_owner": "compute:None", "port_security_enabled": true, "binding:profile": {}, "fixed_ips": [{"subnet_id": "3718deed-b98a-4860-a14c-b1ea195ce794", "ip_address": "10.100.0.3"}], "id": "7c072074-ab81-46fa-9801-ab494053a3f5", "security_groups": ["65b50962-ff91-4f15-9d33-3530700b4be1"], "device_id": "640f3a00-afef-4980-9121-9b307f01c206", "name": "", "admin_state_up": true, "network_id": "ca1a3fab-72e5-4c53-9737-4cf6c8ae125f", "dns_name": "", "binding:vif_details": {"port_filter": true}, "binding:vnic_type": "normal", "binding:vif_type": "ovs", "tenant_id": "f18e891bb2014f7f99616c4146f64b5b", "mac_address": "fa:16:3e:a9:55:70"}]}
2015-12-03 02:05:23,991 27498 INFO     [tempest_lib.common.rest_client] Request (TestNetworkBasicOps:test_update_instance_port_admin_state): 200 GET http://10.0.2.15:9696/v2.0/floatingips/0d8adaf7-51ef-4590-a48e-4d0fd238296c 0.012s
2015-12-03 02:05:23,991 27498 DEBUG    [tempest_lib.common.rest_client] Request - Headers: {'Content-Type': 'application/json', 'Accept': 'application/json', 'X-Auth-Token': '&lt;omitted&gt;'}
        Body: None
    Response - Headers: {'status': '200', 'content-length': '368', 'content-location': 'http://10.0.2.15:9696/v2.0/floatingips/0d8adaf7-51ef-4590-a48e-4d0fd238296c', 'connection': 'close', 'date': 'Thu, 03 Dec 2015 02:05:23 GMT', 'content-type': 'application/json; charset=UTF-8', 'x-openstack-request-id': 'req-8f16a255-a75f-40fe-b2ef-76b152c78fdd'}
        Body: {"floatingip": {"floating_network_id": "ae6009e6-9b9b-40e8-92cf-63046216622b", "router_id": "5cb45557-cc2c-4d88-8286-4b6d500dea9a", "fixed_ip_address": "10.100.0.3", "floating_ip_address": "172.24.4.18", "tenant_id": "f18e891bb2014f7f99616c4146f64b5b", "status": "DOWN", "port_id": "7c072074-ab81-46fa-9801-ab494053a3f5", "id": "0d8adaf7-51ef-4590-a48e-4d0fd238296c"}}
2015-12-03 02:05:25,006 27498 INFO     [tempest_lib.common.rest_client] Request (TestNetworkBasicOps:test_update_instance_port_admin_state): 200 GET http://10.0.2.15:9696/v2.0/floatingips/0d8adaf7-51ef-4590-a48e-4d0fd238296c 0.013s
2015-12-03 02:05:25,007 27498 DEBUG    [tempest_lib.common.rest_client] Request - Headers: {'Content-Type': 'application/json', 'Accept': 'application/json', 'X-Auth-Token': '&lt;omitted&gt;'}
        Body: None
    Response - Headers: {'status': '200', 'content-length': '370', 'content-location': 'http://10.0.2.15:9696/v2.0/floatingips/0d8adaf7-51ef-4590-a48e-4d0fd238296c', 'connection': 'close', 'date': 'Thu, 03 Dec 2015 02:05:25 GMT', 'content-type': 'application/json; charset=UTF-8', 'x-openstack-request-id': 'req-525042ed-9e2f-4354-8d58-7ee61ce39aab'}
        Body: {"floatingip": {"floating_network_id": "ae6009e6-9b9b-40e8-92cf-63046216622b", "router_id": "5cb45557-cc2c-4d88-8286-4b6d500dea9a", "fixed_ip_address": "10.100.0.3", "floating_ip_address": "172.24.4.18", "tenant_id": "f18e891bb2014f7f99616c4146f64b5b", "status": "ACTIVE", "port_id": "7c072074-ab81-46fa-9801-ab494053a3f5", "id": "0d8adaf7-51ef-4590-a48e-4d0fd238296c"}}
2015-12-03 02:05:25,007 27498 INFO     [tempest.scenario.manager] FloatingIP: &lt;"FloatingIP" addr="172.24.4.18" id="0d8adaf7-51ef-4590-a48e-4d0fd238296c"&gt; is at status: ACTIVE
2015-12-03 02:05:25,007 27498 DEBUG    [tempest.scenario.manager] checking network connections to IP 172.24.4.18 with user: cirros
2015-12-03 02:05:25,008 27498 DEBUG    [tempest.scenario.manager] TestNetworkBasicOps:test_update_instance_port_admin_state begins to ping 172.24.4.18 in 120 sec and the expected result is reachable
2015-12-03 02:05:47,078 27498 DEBUG    [tempest.scenario.manager] TestNetworkBasicOps:test_update_instance_port_admin_state finishes ping 172.24.4.18 in 120 sec and the ping result is expected
2015-12-03 02:05:47,079 27498 INFO     [tempest_lib.common.ssh] Creating ssh connection to '172.24.4.18' as 'cirros' with public key authentication
2015-12-03 02:05:47,086 27498 WARNING  [tempest_lib.common.ssh] Failed to establish authenticated ssh connection to cirros@172.24.4.18 ([Errno None] Unable to connect to port 22 on  or 172.24.4.18). Number attempts: 1. Retry after 2 seconds.
2015-12-03 02:05:49,821 27498 INFO     [paramiko.transport] Connected (version 2.0, client dropbear_2012.55)
2015-12-03 02:05:50,198 27498 INFO     [paramiko.transport] Authentication (publickey) successful!
2015-12-03 02:05:50,203 27498 INFO     [tempest_lib.common.ssh] ssh connection to cirros@172.24.4.18 successfuly created
2015-12-03 02:05:50,539 27498 INFO     [tempest_lib.common.rest_client] Request (TestNetworkBasicOps:test_update_instance_port_admin_state): 200 PUT http://10.0.2.15:9696/v2.0/ports/7c072074-ab81-46fa-9801-ab494053a3f5 0.218s
2015-12-03 02:05:50,539 27498 DEBUG    [tempest_lib.common.rest_client] Request - Headers: {'Content-Type': 'application/json', 'Accept': 'application/json', 'X-Auth-Token': '&lt;omitted&gt;'}
        Body: {"port": {"admin_state_up": false}}
    Response - Headers: {'status': '200', 'content-length': '750', 'connection': 'close', 'date': 'Thu, 03 Dec 2015 02:05:50 GMT', 'content-type': 'application/json; charset=UTF-8', 'x-openstack-request-id': 'req-a678e333-9a4b-4371-b002-7c9915f737c9'}
        Body: {"port": {"status": "ACTIVE", "name": "", "allowed_address_pairs": [], "admin_state_up": false, "network_id": "ca1a3fab-72e5-4c53-9737-4cf6c8ae125f", "dns_name": "", "extra_dhcp_opts": [], "mac_address": "fa:16:3e:a9:55:70", "dns_assignment": [{"hostname": "host-10-100-0-3", "ip_address": "10.100.0.3", "fqdn": "host-10-100-0-3.openstacklocal."}], "binding:vnic_type": "normal", "device_owner": "compute:None", "tenant_id": "f18e891bb2014f7f99616c4146f64b5b", "port_security_enabled": true, "fixed_ips": [{"subnet_id": "3718deed-b98a-4860-a14c-b1ea195ce794", "ip_address": "10.100.0.3"}], "id": "7c072074-ab81-46fa-9801-ab494053a3f5", "security_groups": ["65b50962-ff91-4f15-9d33-3530700b4be1"], "device_id": "640f3a00-afef-4980-9121-9b307f01c206"}}
2015-12-03 02:05:50,540 27498 DEBUG    [tempest.scenario.manager] checking network connections to IP 172.24.4.18 with user: cirros
2015-12-03 02:05:50,540 27498 DEBUG    [tempest.scenario.manager] TestNetworkBasicOps:test_update_instance_port_admin_state begins to ping 172.24.4.18 in 120 sec and the expected result is unreachable
2015-12-03 02:07:51,293 27498 DEBUG    [tempest.scenario.manager] TestNetworkBasicOps:test_update_instance_port_admin_state finishes ping 172.24.4.18 in 120 sec and the ping result is unexpected
2015-12-03 02:07:51,294 27498 ERROR    [tempest.scenario.manager] Public network connectivity check failed: after updating admin_state_up of instance port to False
2015-12-03 02:07:51.294 27498 ERROR tempest.scenario.manager Traceback (most recent call last):
2015-12-03 02:07:51.294 27498 ERROR tempest.scenario.manager   File "tempest/scenario/manager.py", line 606, in check_public_network_connectivity
2015-12-03 02:07:51.294 27498 ERROR tempest.scenario.manager     should_connect=should_connect)
2015-12-03 02:07:51.294 27498 ERROR tempest.scenario.manager   File "tempest/scenario/manager.py", line 590, in check_vm_connectivity
2015-12-03 02:07:51.294 27498 ERROR tempest.scenario.manager     msg=msg)
2015-12-03 02:07:51.294 27498 ERROR tempest.scenario.manager   File "/usr/local/lib/python2.7/dist-packages/unittest2/case.py", line 702, in assertTrue
2015-12-03 02:07:51.294 27498 ERROR tempest.scenario.manager     raise self.failureException(msg)
2015-12-03 02:07:51.294 27498 ERROR tempest.scenario.manager AssertionError: False is not true : ip address 172.24.4.18 is reachable
2015-12-03 02:07:51.294 27498 ERROR tempest.scenario.manager 
2015-12-03 02:07:51,497 27498 INFO     [tempest_lib.common.rest_client] Request (TestNetworkBasicOps:test_update_instance_port_admin_state): 200 POST http://10.0.2.15:8774/v2.1/f18e891bb2014f7f99616c4146f64b5b/servers/640f3a00-afef-4980-9121-9b307f01c206/action 0.200s
2015-12-03 02:07:51,497 27498 DEBUG    [tempest_lib.common.rest_client] Request - Headers: {'Content-Type': 'application/json', 'Accept': 'application/json', 'X-Auth-Token': '&lt;omitted&gt;'}
        Body: {"os-getConsoleOutput": {}}
    Response - Headers: {'status': '200', 'content-length': '19745', 'x-compute-request-id': 'req-f3996d41-db32-403c-bcdd-a171a60397d8', 'vary': 'X-OpenStack-Nova-API-Version', 'connection': 'close', 'x-openstack-nova-api-version': '2.1', 'date': 'Thu, 03 Dec 2015 02:07:51 GMT', 'content-type': 'application/json'}
        Body: {"output": "[    0.000000] Initializing cgroup subsys cpuset\n[    0.000000] Initializing cgroup subsys cpu\n[    0.000000] Linux version 3.2.0-80-virtual (buildd@batsu) (gcc version 4.6.3 (Ubuntu/Linaro 4.6.3-1ubuntu5) ) #116-Ubuntu SMP Mon Mar 23 17:28:52 UTC 2015 (Ubuntu 3.2.0-80.116-virtual 3.2.68)\n[    0.000000] Command line: root=/dev/vda console=tty0 console=ttyS0 no_timer_check\n[    0.000000] KERNEL supported cpus:\n[    0.000000]   Intel GenuineIntel\n[    0.000000]   AMD AuthenticAMD\n[    0.000000]   Centaur CentaurHauls\n[    0.000000] BIOS-provided physical RAM map:\n[    0.000000]  BIOS-e820: 0000000000000000 - 000000000009fc00 (usable)\n[    0.000000]  BIOS-e820: 000000000009fc00 - 00000000000a0000 (reserved)\n[    0.000000]  BIOS-e820: 00000000000f0000 - 0000000000100000 (reserved)\n[    0.000000]  BIOS-e820: 0000000000100000 - 0000000003ffe000 (usable)\n[    0.000000]  BIOS-e820: 0000000003ffe000 - 0000000004000000 (reserved)\n[    0.000000]  BIOS-e820: 00000000fffc0000 - 0000000100000000 (reserved)\n[    0.000000] NX (Execute Disable) protection: active\n[    0.000000] SMBIOS 2.4 present.\n[    0.000000] No AGP bridge found\n[    0.000000] last_pfn = 0x3ffe max_arch_pfn = 0x400000000\n[    0.000000] x86 PAT enabled: cpu 0, old 0x7040600070406, new 0x7010600070106\n[    0.000000] found SMP MP-table at [ffff8800000f0b00] f0b00\n[    0.000000] init_memory_mapping: 0000000000000000-0000000003ffe000\n[    0.000000] RAMDISK: 03c5e000 - 03ff0000\n[    0.000000] ACPI: RSDP 00000000000f0950 00014 (v00 BOCHS )\n[    0.000000] ACPI: RSDT 0000000003fffbc1 00034 (v01 BOCHS  BXPCRSDT 00000001 BXPC 00000001)\n[    0.000000] ACPI: FACP 0000000003fff1c0 00074 (v01 BOCHS  BXPCFACP 00000001 BXPC 00000001)\n[    0.000000] ACPI: DSDT 0000000003ffe040 01180 (v01 BOCHS  BXPCDSDT 00000001 BXPC 00000001)\n[    0.000000] ACPI: FACS 0000000003ffe000 00040\n[    0.000000] ACPI: SSDT 0000000003fff234 008DD (v01 BOCHS  BXPCSSDT 00000001 BXPC 00000001)\n[    0.000000] ACPI: APIC 0000000003fffb11 00078 (v01 BOCHS  BXPCAPIC 00000001 BXPC 00000001)\n[    0.000000] ACPI: HPET 0000000003fffb89 00038 (v01 BOCHS  BXPCHPET 00000001 BXPC 00000001)\n[    0.000000] No NUMA configuration found\n[    0.000000] Faking a node at 0000000000000000-0000000003ffe000\n[    0.000000] Initmem setup node 0 0000000000000000-0000000003ffe000\n[    0.000000]   NODE_DATA [0000000003ff6000 - 0000000003ffafff]\n[    0.000000] Zone PFN ranges:\n[    0.000000]   DMA      0x00000010 -&gt; 0x00001000\n[    0.000000]   DMA32    0x00001000 -&gt; 0x00100000\n[    0.000000]   Normal   empty\n[    0.000000] Movable zone start PFN for each node\n[    0.000000] early_node_map[2] active PFN ranges\n[    0.000000]     0: 0x00000010 -&gt; 0x0000009f\n[    0.000000]     0: 0x00000100 -&gt; 0x00003ffe\n[    0.000000] ACPI: PM-Timer IO Port: 0xb008\n[    0.000000] ACPI: LAPIC (acpi_id[0x00] lapic_id[0x00] enabled)\n[    0.000000] ACPI: LAPIC_NMI (acpi_id[0xff] dfl dfl lint[0x1])\n[    0.000000] ACPI: IOAPIC (id[0x00] address[0xfec00000] gsi_base[0])\n[    0.000000] IOAPIC[0]: apic_id 0, version 17, address 0xfec00000, GSI 0-23\n[    0.000000] ACPI: INT_SRC_OVR (bus 0 bus_irq 0 global_irq 2 dfl dfl)\n[    0.000000] ACPI: INT_SRC_OVR (bus 0 bus_irq 5 global_irq 5 high level)\n[    0.000000] ACPI: INT_SRC_OVR (bus 0 bus_irq 9 global_irq 9 high level)\n[    0.000000] ACPI: INT_SRC_OVR (bus 0 bus_irq 10 global_irq 10 high level)\n[    0.000000] ACPI: INT_SRC_OVR (bus 0 bus_irq 11 global_irq 11 high level)\n[    0.000000] Using ACPI (MADT) for SMP configuration information\n[    0.000000] ACPI: HPET id: 0x8086a201 base: 0xfed00000\n[    0.000000] SMP: Allowing 1 CPUs, 0 hotplug CPUs\n[    0.000000] PM: Registered nosave memory: 000000000009f000 - 00000000000a0000\n[    0.000000] PM: Registered nosave memory: 00000000000a0000 - 00000000000f0000\n[    0.000000] PM: Registered nosave memory: 00000000000f0000 - 0000000000100000\n[    0.000000] Allocating PCI resources starting at 4000000 (gap: 4000000:fbfc0000)\n[    0.000000] Booting paravirtualized kernel on bare hardware\n[    0.000000] setup_pe
2015-12-03 02:07:51,500 27498 DEBUG    [tempest.scenario.manager] Console output for 640f3a00-afef-4980-9121-9b307f01c206
body=
[    0.000000] Initializing cgroup subsys cpuset
[    0.000000] Initializing cgroup subsys cpu
[    0.000000] Linux version 3.2.0-80-virtual (buildd@batsu) (gcc version 4.6.3 (Ubuntu/Linaro 4.6.3-1ubuntu5) ) #116-Ubuntu SMP Mon Mar 23 17:28:52 UTC 2015 (Ubuntu 3.2.0-80.116-virtual 3.2.68)
[    0.000000] Command line: root=/dev/vda console=tty0 console=ttyS0 no_timer_check
[    0.000000] KERNEL supported cpus:
[    0.000000]   Intel GenuineIntel
[    0.000000]   AMD AuthenticAMD
[    0.000000]   Centaur CentaurHauls
[    0.000000] BIOS-provided physical RAM map:
[    0.000000]  BIOS-e820: 0000000000000000 - 000000000009fc00 (usable)
[    0.000000]  BIOS-e820: 000000000009fc00 - 00000000000a0000 (reserved)
[    0.000000]  BIOS-e820: 00000000000f0000 - 0000000000100000 (reserved)
[    0.000000]  BIOS-e820: 0000000000100000 - 0000000003ffe000 (usable)
[    0.000000]  BIOS-e820: 0000000003ffe000 - 0000000004000000 (reserved)
[    0.000000]  BIOS-e820: 00000000fffc0000 - 0000000100000000 (reserved)
[    0.000000] NX (Execute Disable) protection: active
[    0.000000] SMBIOS 2.4 present.
[    0.000000] No AGP bridge found
[    0.000000] last_pfn = 0x3ffe max_arch_pfn = 0x400000000
[    0.000000] x86 PAT enabled: cpu 0, old 0x7040600070406, new 0x7010600070106
[    0.000000] found SMP MP-table at [ffff8800000f0b00] f0b00
[    0.000000] init_memory_mapping: 0000000000000000-0000000003ffe000
[    0.000000] RAMDISK: 03c5e000 - 03ff0000
[    0.000000] ACPI: RSDP 00000000000f0950 00014 (v00 BOCHS )
[    0.000000] ACPI: RSDT 0000000003fffbc1 00034 (v01 BOCHS  BXPCRSDT 00000001 BXPC 00000001)
[    0.000000] ACPI: FACP 0000000003fff1c0 00074 (v01 BOCHS  BXPCFACP 00000001 BXPC 00000001)
[    0.000000] ACPI: DSDT 0000000003ffe040 01180 (v01 BOCHS  BXPCDSDT 00000001 BXPC 00000001)
[    0.000000] ACPI: FACS 0000000003ffe000 00040
[    0.000000] ACPI: SSDT 0000000003fff234 008DD (v01 BOCHS  BXPCSSDT 00000001 BXPC 00000001)
[    0.000000] ACPI: APIC 0000000003fffb11 00078 (v01 BOCHS  BXPCAPIC 00000001 BXPC 00000001)
[    0.000000] ACPI: HPET 0000000003fffb89 00038 (v01 BOCHS  BXPCHPET 00000001 BXPC 00000001)
[    0.000000] No NUMA configuration found
[    0.000000] Faking a node at 0000000000000000-0000000003ffe000
[    0.000000] Initmem setup node 0 0000000000000000-0000000003ffe000
[    0.000000]   NODE_DATA [0000000003ff6000 - 0000000003ffafff]
[    0.000000] Zone PFN ranges:
[    0.000000]   DMA      0x00000010 -&gt; 0x00001000
[    0.000000]   DMA32    0x00001000 -&gt; 0x00100000
[    0.000000]   Normal   empty
[    0.000000] Movable zone start PFN for each node
[    0.000000] early_node_map[2] active PFN ranges
[    0.000000]     0: 0x00000010 -&gt; 0x0000009f
[    0.000000]     0: 0x00000100 -&gt; 0x00003ffe
[    0.000000] ACPI: PM-Timer IO Port: 0xb008
[    0.000000] ACPI: LAPIC (acpi_id[0x00] lapic_id[0x00] enabled)
[    0.000000] ACPI: LAPIC_NMI (acpi_id[0xff] dfl dfl lint[0x1])
[    0.000000] ACPI: IOAPIC (id[0x00] address[0xfec00000] gsi_base[0])
[    0.000000] IOAPIC[0]: apic_id 0, version 17, address 0xfec00000, GSI 0-23
[    0.000000] ACPI: INT_SRC_OVR (bus 0 bus_irq 0 global_irq 2 dfl dfl)
[    0.000000] ACPI: INT_SRC_OVR (bus 0 bus_irq 5 global_irq 5 high level)
[    0.000000] ACPI: INT_SRC_OVR (bus 0 bus_irq 9 global_irq 9 high level)
[    0.000000] ACPI: INT_SRC_OVR (bus 0 bus_irq 10 global_irq 10 high level)
[    0.000000] ACPI: INT_SRC_OVR (bus 0 bus_irq 11 global_irq 11 high level)
[    0.000000] Using ACPI (MADT) for SMP configuration information
[    0.000000] ACPI: HPET id: 0x8086a201 base: 0xfed00000
[    0.000000] SMP: Allowing 1 CPUs, 0 hotplug CPUs
[    0.000000] PM: Registered nosave memory: 000000000009f000 - 00000000000a0000
[    0.000000] PM: Registered nosave memory: 00000000000a0000 - 00000000000f0000
[    0.000000] PM: Registered nosave memory: 00000000000f0000 - 0000000000100000
[    0.000000] Allocating PCI resources starting at 4000000 (gap: 4000000:fbfc0000)
[    0.000000] Booting paravirtualized kernel on bare hardware
[    0.000000] setup_percpu: NR_CPUS:64 nr_cpumask_bits:64 nr_cpu_ids:1 nr_node_ids:1
[    0.000000] PERCPU: Embedded 27 pages/cpu @ffff880003a00000 s78848 r8192 d23552 u2097152
[    0.000000] Built 1 zonelists in Node order, mobility grouping on.  Total pages: 16008
[    0.000000] Policy zone: DMA32
[    0.000000] Kernel command line: root=/dev/vda console=tty0 console=ttyS0 no_timer_check
[    0.000000] PID hash table entries: 256 (order: -1, 2048 bytes)
[    0.000000] Checking aperture...
[    0.000000] No AGP bridge found
[    0.000000] Memory: 43492k/65528k available (6576k kernel code, 452k absent, 21584k reserved, 6620k data, 928k init)
[    0.000000] SLUB: Genslabs=15, HWalign=64, Order=0-3, MinObjects=0, CPUs=1, Nodes=1
[    0.000000] Hierarchical RCU implementation.
[    0.000000] 	RCU dyntick-idle grace-period acceleration is enabled.
[    0.000000] NR_IRQS:4352 nr_irqs:256 16
[    0.000000] Console: colour VGA+ 80x25
[    0.000000] console [tty0] enabled
[    0.000000] console [ttyS0] enabled
[    0.000000] allocated 1048576 bytes of page_cgroup
[    0.000000] please try 'cgroup_disable=memory' option if you don't want memory cgroups
[    0.000000] Fast TSC calibration failed
[    0.000000] TSC: Unable to calibrate against PIT
[    0.000000] TSC: using HPET reference calibration
[    0.000000] Detected 2280.985 MHz processor.
[    0.033073] Calibrating delay loop (skipped), value calculated using timer frequency.. 4561.97 BogoMIPS (lpj=9123940)
[    0.036676] pid_max: default: 32768 minimum: 301
[    0.046066] Security Framework initialized
[    0.052117] AppArmor: AppArmor initialized
[    0.053008] Yama: becoming mindful.
[    0.061339] Dentry cache hash table entries: 8192 (order: 4, 65536 bytes)
[    0.063038] Inode-cache hash table entries: 4096 (order: 3, 32768 bytes)
[    0.064262] Mount-cache hash table entries: 256
[    0.083137] Initializing cgroup subsys cpuacct
[    0.084377] Initializing cgroup subsys memory
[    0.088368] Initializing cgroup subsys devices
[    0.089214] Initializing cgroup subsys freezer
[    0.090061] Initializing cgroup subsys blkio
[    0.090837] Initializing cgroup subsys perf_event
[    0.096625] mce: CPU supports 10 MCE banks
[    0.100880] SMP alternatives: switching to UP code
[    0.536460] Freeing SMP alternatives: 24k freed
[    0.538518] ACPI: Core revision 20110623
[    0.596498] ftrace: allocating 26610 entries in 105 pages
[    0.633848] ..TIMER: vector=0x30 apic1=0 pin1=2 apic2=-1 pin2=-1
[    0.636162] CPU0: AMD QEMU Virtual CPU version 2.0.0 stepping 03
[    0.640039] Performance Events: Broken PMU hardware detected, using software events only.
[    0.649280] NMI watchdog disabled (cpu0): hardware events not enabled
[    0.651250] Brought up 1 CPUs
[    0.652215] Total of 1 processors activated (4561.97 BogoMIPS).
[    0.677207] devtmpfs: initialized
[    0.705328] EVM: security.selinux
[    0.705849] EVM: security.SMACK64
[    0.706580] EVM: security.capability
[    0.737674] print_constraints: dummy: 
[    0.739644] RTC time:  2:05:25, date: 12/03/15
[    0.741340] NET: Registered protocol family 16
[    0.754389] ACPI: bus type pci registered
[    0.759119] PCI: Using configuration type 1 for base access
[    0.792532] bio: create slab &lt;bio-0&gt; at 0
[    0.797098] ACPI: Added _OSI(Module Device)
[    0.797780] ACPI: Added _OSI(Processor Device)
[    0.798650] ACPI: Added _OSI(3.0 _SCP Extensions)
[    0.799348] ACPI: Added _OSI(Processor Aggregator Device)
[    0.884472] ACPI: Interpreter enabled
[    0.885225] ACPI: (supports S0 S3 S4 S5)
[    0.887023] ACPI: Using IOAPIC for interrupt routing
[    0.960820] ACPI: No dock devices found.
[    0.961490] HEST: Table not found.
[    0.962151] PCI: Using host bridge windows from ACPI; if necessary, use "pci=nocrs" and report a bug
[    0.969018] ACPI: PCI Root Bridge [PCI0] (domain 0000 [bus 00-ff])
[    0.974455] pci_root PNP0A03:00: host bridge window [io  0x0000-0x0cf7]
[    0.975465] pci_root PNP0A03:00: host bridge window [io  0x0d00-0xadff]
[    0.976112] pci_root PNP0A03:00: host bridge window [io  0xae0f-0xaeff]
[    0.977053] pci_root PNP0A03:00: host bridge window [io  0xaf20-0xafdf]
[    0.978031] pci_root PNP0A03:00: host bridge window [io  0xafe4-0xffff]
[    0.980183] pci_root PNP0A03:00: host bridge window [mem 0x000a0000-0x000bffff]
[    0.981238] pci_root PNP0A03:00: host bridge window [mem 0x04000000-0xfebfffff]
[    1.006325] pci 0000:00:01.3: quirk: [io  0xb000-0xb03f] claimed by PIIX4 ACPI
[    1.008183] pci 0000:00:01.3: quirk: [io  0xb100-0xb10f] claimed by PIIX4 SMB
[    1.095433]  pci0000:00: Unable to request _OSC control (_OSC support mask: 0x1e)
[    1.166082] ACPI: PCI Interrupt Link [LNKA] (IRQs 5 *10 11)
[    1.169990] ACPI: PCI Interrupt Link [LNKB] (IRQs 5 *10 11)
[    1.173084] ACPI: PCI Interrupt Link [LNKC] (IRQs 5 10 *11)
[    1.176949] ACPI: PCI Interrupt Link [LNKD] (IRQs 5 10 *11)
[    1.181345] ACPI: PCI Interrupt Link [LNKS] (IRQs *9)
[    1.189298] vgaarb: device added: PCI:0000:00:02.0,decodes=io+mem,owns=io+mem,locks=none
[    1.191151] vgaarb: loaded
[    1.191885] vgaarb: bridge control possible 0000:00:02.0
[    1.197244] i2c-core: driver [aat2870] using legacy suspend method
[    1.198977] i2c-core: driver [aat2870] using legacy resume method
[    1.201523] SCSI subsystem initialized
[    1.206610] usbcore: registered new interface driver usbfs
[    1.208983] usbcore: registered new interface driver hub
[    1.212763] usbcore: registered new device driver usb
[    1.218112] PCI: Using ACPI for IRQ routing
[    1.232605] NetLabel: Initializing
[    1.233087] NetLabel:  domain hash size = 128
[    1.233811] NetLabel:  protocols = UNLABELED CIPSOv4
[    1.236554] NetLabel:  unlabeled traffic allowed by default
[    1.239194] HPET: 3 timers in total, 0 timers will be used for per-cpu timer
[    1.240703] hpet0: at MMIO 0xfed00000, IRQs 2, 8, 0
[    1.241949] hpet0: 3 comparators, 64-bit 100.000000 MHz counter
[    1.256555] Switching to clocksource hpet
[    1.535172] AppArmor: AppArmor Filesystem Enabled
[    1.538112] pnp: PnP ACPI init
[    1.538785] ACPI: bus type pnp registered
[    1.563182] pnp: PnP ACPI: found 9 devices
[    1.565202] ACPI: ACPI bus type pnp unregistered
[    1.643384] NET: Registered protocol family 2
[    1.687036] IP route cache hash table entries: 512 (order: 0, 4096 bytes)
[    1.695082] TCP established hash table entries: 2048 (order: 3, 32768 bytes)
[    1.697959] TCP bind hash table entries: 2048 (order: 3, 32768 bytes)
[    1.698993] TCP: Hash tables configured (established 2048 bind 2048)
[    1.699964] TCP reno registered
[    1.702108] UDP hash table entries: 128 (order: 0, 4096 bytes)
[    1.703103] UDP-Lite hash table entries: 128 (order: 0, 4096 bytes)
[    1.708397] NET: Registered protocol family 1
[    1.710607] pci 0000:00:00.0: Limiting direct PCI/PCI transfers
[    1.711446] pci 0000:00:01.0: PIIX3: Enabling Passive Release
[    1.713815] pci 0000:00:01.0: Activating ISA DMA hang workarounds
[    1.721584] ACPI: PCI Interrupt Link [LNKD] enabled at IRQ 11
[    1.722538] pci 0000:00:01.2: PCI INT D -&gt; Link[LNKD] -&gt; GSI 11 (level, high) -&gt; IRQ 11
[    1.726125] pci 0000:00:01.2: PCI INT D disabled
[    1.748706] Trying to unpack rootfs image as initramfs...
[    1.774115] audit: initializing netlink socket (disabled)
[    1.775854] type=2000 audit(1449108325.772:1): initialized
[    2.177234] HugeTLB registered 2 MB page size, pre-allocated 0 pages
[    2.277927] VFS: Disk quotas dquot_6.5.2
[    2.279489] Dquot-cache hash table entries: 512 (order 0, 4096 bytes)
[    2.298945] fuse init (API version 7.17)
[    2.303218] msgmni has been set to 84
[    2.345851] Block layer SCSI generic (bsg) driver version 0.4 loaded (major 253)
[    2.347488] io scheduler noop registered
[    2.350126] io scheduler deadline registered (default)
[    2.351072] io scheduler cfq registered
[    2.356085] pci_hotplug: PCI Hot Plug PCI Core version: 0.5
[    2.361882] pciehp: PCI Express Hot Plug Controller Driver version: 0.4
[    2.367479] input: Power Button as /devices/LNXSYSTM:00/LNXPWRBN:00/input/input0
[    2.371383] ACPI: Power Button [PWRF]
[    2.441701] ERST: Table is not found!
[    2.442436] GHES: HEST is not enabled!
[    2.455015] ACPI: PCI Interrupt Link [LNKC] enabled at IRQ 10
[    2.456026] virtio-pci 0000:00:03.0: PCI INT A -&gt; Link[LNKC] -&gt; GSI 10 (level, high) -&gt; IRQ 10
[    2.462456] virtio-pci 0000:00:04.0: PCI INT A -&gt; Link[LNKD] -&gt; GSI 11 (level, high) -&gt; IRQ 11
[    2.496430] ACPI: PCI Interrupt Link [LNKA] enabled at IRQ 10
[    2.497392] virtio-pci 0000:00:05.0: PCI INT A -&gt; Link[LNKA] -&gt; GSI 10 (level, high) -&gt; IRQ 10
[    2.510923] Serial: 8250/16550 driver, 32 ports, IRQ sharing enabled
[    2.567456] serial8250: ttyS0 at I/O 0x3f8 (irq = 4) is a 16550A
[    2.691933] serial8250: ttyS1 at I/O 0x2f8 (irq = 3) is a 16550A
[    2.734419] Refined TSC clocksource calibration: 2287.108 MHz.
[    2.735360] Switching to clocksource tsc
[    2.860699] 00:05: ttyS0 at I/O 0x3f8 (irq = 4) is a 16550A
[    2.957659] 00:06: ttyS1 at I/O 0x2f8 (irq = 3) is a 16550A
[    3.013425] Linux agpgart interface v0.103
[    3.088156] brd: module loaded
[    3.127522] loop: module loaded
[    3.190010]  vda: unknown partition table
[    3.271100] scsi0 : ata_piix
[    3.277332] scsi1 : ata_piix
[    3.278920] ata1: PATA max MWDMA2 cmd 0x1f0 ctl 0x3f6 bmdma 0xc0a0 irq 14
[    3.281235] ata2: PATA max MWDMA2 cmd 0x170 ctl 0x376 bmdma 0xc0a8 irq 15
[    3.295039] Fixed MDIO Bus: probed
[    3.295769] tun: Universal TUN/TAP device driver, 1.6
[    3.297016] tun: (C) 1999-2004 Max Krasnyansky &lt;maxk@qualcomm.com&gt;
[    3.322816] PPP generic driver version 2.4.2
[    3.351600] ehci_hcd: USB 2.0 'Enhanced' Host Controller (EHCI) Driver
[    3.353984] ohci_hcd: USB 1.1 'Open' Host Controller (OHCI) Driver
[    3.355492] uhci_hcd: USB Universal Host Controller Interface driver
[    3.358258] uhci_hcd 0000:00:01.2: PCI INT D -&gt; Link[LNKD] -&gt; GSI 11 (level, high) -&gt; IRQ 11
[    3.362651] uhci_hcd 0000:00:01.2: UHCI Host Controller
[    3.382018] uhci_hcd 0000:00:01.2: new USB bus registered, assigned bus number 1
[    3.385276] uhci_hcd 0000:00:01.2: irq 11, io base 0x0000c040
[    3.428952] hub 1-0:1.0: USB hub found
[    3.431377] hub 1-0:1.0: 2 ports detected
[    3.444128] usbcore: registered new interface driver libusual
[    3.450575] i8042: PNP: PS/2 Controller [PNP0303:KBD,PNP0f13:MOU] at 0x60,0x64 irq 1,12
[    3.466789] serio: i8042 KBD port at 0x60,0x64 irq 1
[    3.469677] serio: i8042 AUX port at 0x60,0x64 irq 12
[    3.524544] ata2.01: ATAPI: QEMU DVD-ROM, 2.0.0, max UDMA/100
[    3.543772] ata2.01: configured for MWDMA2
[    3.589614] mousedev: PS/2 mouse device common for all mice
[    3.596036] scsi 1:0:1:0: CD-ROM            QEMU     QEMU DVD-ROM     2.0. PQ: 0 ANSI: 5
[    3.634426] input: AT Translated Set 2 keyboard as /devices/platform/i8042/serio0/input/input1
[    3.641716] rtc_cmos 00:01: RTC can wake from S4
[    3.660689] rtc_cmos 00:01: rtc core: registered rtc_cmos as rtc0
[    3.667963] rtc0: alarms up to one day, 114 bytes nvram, hpet irqs
[    3.674110] device-mapper: uevent: version 1.0.3
[    3.703081] sr0: scsi3-mmc drive: 4x/4x cd/rw xa/form2 tray
[    3.704942] cdrom: Uniform CD-ROM driver Revision: 3.20
[    3.719545] device-mapper: ioctl: 4.22.0-ioctl (2011-10-19) initialised: dm-devel@redhat.com
[    3.723325] cpuidle: using governor ladder
[    3.726945] cpuidle: using governor menu
[    3.728071] EFI Variables Facility v0.08 2004-May-17
[    3.740183] TCP cubic registered
[    3.746808] NET: Registered protocol family 10
[    3.789194] NET: Registered protocol family 17
[    3.791144] Registering the dns_resolver key type
[    3.809114] sr 1:0:1:0: Attached scsi generic sg0 type 5
[    3.883547] Freeing initrd memory: 3656k freed
[    3.901430] registered taskstats version 1
[    4.476943]   Magic number: 11:981:54
[    4.491870] rtc_cmos 00:01: setting system clock to 2015-12-03 02:05:29 UTC (1449108329)
[    4.494707] powernow-k8: Processor cpuid 663 not supported
[    4.502935] BIOS EDD facility v0.16 2004-Jun-25, 0 devices found
[    4.505799] EDD information not available.
[    4.591602] Freeing unused kernel memory: 928k freed
[    4.597976] Write protecting the kernel read-only data: 12288k
[    4.703990] Freeing unused kernel memory: 1596k freed
[    4.767270] Freeing unused kernel memory: 1184k freed

info: initramfs: up at 4.98
modprobe: module virtio_blk not found in modules.dep
modprobe: module virtio_net not found in modules.dep
info: copying initramfs to /dev/vda
info: initramfs loading root from /dev/vda
info: /etc/init.d/rc.sysinit: up at 10.38
info: container: none
Starting logging: OK
modprobe: module virtio_blk not found in modules.dep
modprobe: module virtio_net not found in modules.dep
WARN: /etc/rc3.d/S10-load-modules failed
Initializing random number generator... done.
Starting acpid: OK
cirros-ds 'local' up at 13.33
found datasource (configdrive, local)
Starting network...
udhcpc (v1.20.1) started
Sending discover...
Sending select for 10.100.0.3...
Lease of 10.100.0.3 obtained, lease time 86400
route: SIOCADDRT: File exists
WARN: failed: route add -net "0.0.0.0/0" gw "10.100.0.1"
Starting dropbear sshd: generating rsa key... generating dsa key... OK
no userdata for datasource
=== system information ===
Platform: OpenStack Foundation OpenStack Nova
Container: none
Arch: x86_64
CPU(s): 1 @ 2280.985 MHz
Cores/Sockets/Threads: 1/1/1
Virt-type: AMD-V
RAM Size: 49MB
Disks:
NAME MAJ:MIN     SIZE LABEL         MOUNTPOINT
vda  253:0   25165824 cirros-rootfs /
sr0   11:0     428032 config-2      
=== sshd host keys ===
-----BEGIN SSH HOST KEY KEYS-----
ssh-rsa AAAAB3NzaC1yc2EAAAADAQABAAAAgnXTU/HevsBfakHe0Fph430/zuKUpN6kAzwNMttVMtrap5M3MHTK5THf936gAY6qyK3uO3bQESL5nUDq9IOkwBMyuxVYuaptif0ssdKKTD0U37AYlIJbKy/ERuMRBpJJ8yej9MO18n4cnVtQ2P+UgDaLOEGrJK99fInJSFEGm15PlUk= root@tempest
ssh-dss AAAAB3NzaC1kc3MAAACBALg5WYeUtPx91mkkzvOMLA1OUPWp1SbLpbw1P/n75G96o/IIzbeyt0xD9fPZ+hbAL2siB2oSpFN7ll8G9FSYL4TMzyuB2Lz+oxbXRBVbpG+kvo1VR8U1WoT+gzWmkfLhlWrukwxzqpII6G1TBEexgg8SwuywlPyF3jbvcczboPYXAAAAFQCYMSxKu8q+HwK2kH4PYWKSEG0iLQAAAIBBpENMJOJLQ+l9NuR8LHQ/gZsjQqnz8QkehXxgwQMSerO3uyXLDHSHkVuZrRC+yAks21dn7R/k1cRerhKf+n15n1Shwz2OX3f03dHgTW6o5QI8u09rQjnoYm0CbVXc49nSQbWG4fWJ35ANvn77WuczQQd3gb7KSpZQIFW12pB1jgAAAIBMQ8Qo/FLG73KISmL/O4yV2Vw3cMOWI9I9kSt8jJQe25iHGoPbSZM/6okhyUzycve1Wxvtpti4racJxPdDoFzM/IyUYLzNaycSPYFsyIPsL66zyYpdOSW2VpIw/Mxk1kFu2jRVCo+uXiSCbxsEq2TvVh1QHzfbnlgQ7KqaARmbrg== root@tempest
-----END SSH HOST KEY KEYS-----
=== network info ===
if-info: lo,up,127.0.0.1,8,::1
if-info: eth0,up,10.100.0.3,28,fe80::f816:3eff:fea9:5570
ip-route:default via 10.100.0.1 dev eth0 
ip-route:10.100.0.0/28 dev eth0  src 10.100.0.3 
ip-route:169.254.169.254 via 10.100.0.1 dev eth0 
=== datasource: configdrive local ===
instance-id: 640f3a00-afef-4980-9121-9b307f01c206
name: tempest.common.compute-instance-1299872326
availability-zone: nova
local-hostname: tempest.common.compute-instance-1299872326.novalocal
launch-index: 0
=== cirros: current=0.3.4 uptime=26.16 ===
  ____               ____  ____
 / __/ __ ____ ____ / __ \/ __/
/ /__ / // __// __// /_/ /\ \ 
\___//_//_/  /_/   \____/___/ 
   http://cirros-cloud.net


login as 'cirros' user. default password: 'cubswin:)'. use 'sudo' for root.
tempest login: 
2015-12-03 02:07:51,706 27498 INFO     [tempest_lib.common.rest_client] Request (TestNetworkBasicOps:_run_cleanups): 204 DELETE http://10.0.2.15:9696/v2.0/floatingips/0d8adaf7-51ef-4590-a48e-4d0fd238296c 0.200s
2015-12-03 02:07:51,707 27498 DEBUG    [tempest_lib.common.rest_client] Request - Headers: {'Content-Type': 'application/json', 'Accept': 'application/json', 'X-Auth-Token': '&lt;omitted&gt;'}
        Body: None
    Response - Headers: {'date': 'Thu, 03 Dec 2015 02:07:51 GMT', 'status': '204', 'connection': 'close', 'content-length': '0', 'x-openstack-request-id': 'req-a1657573-5add-41d9-b0ea-719c5a421812'}
        Body: 
2015-12-03 02:07:51,994 27498 INFO     [tempest_lib.common.rest_client] Request (TestNetworkBasicOps:_run_cleanups): 204 DELETE http://10.0.2.15:8774/v2.1/f18e891bb2014f7f99616c4146f64b5b/servers/640f3a00-afef-4980-9121-9b307f01c206 0.285s
2015-12-03 02:07:51,994 27498 DEBUG    [tempest_lib.common.rest_client] Request - Headers: {'Content-Type': 'application/json', 'Accept': 'application/json', 'X-Auth-Token': '&lt;omitted&gt;'}
        Body: None
    Response - Headers: {'status': '204', 'content-length': '0', 'x-compute-request-id': 'req-cfd70966-46a2-42cf-bfb2-68c38c66a3b0', 'vary': 'X-OpenStack-Nova-API-Version', 'connection': 'close', 'x-openstack-nova-api-version': '2.1', 'date': 'Thu, 03 Dec 2015 02:07:51 GMT', 'content-type': 'application/json'}
        Body: 
2015-12-03 02:07:52,243 27498 INFO     [tempest_lib.common.rest_client] Request (TestNetworkBasicOps:_run_cleanups): 200 GET http://10.0.2.15:8774/v2.1/f18e891bb2014f7f99616c4146f64b5b/servers/640f3a00-afef-4980-9121-9b307f01c206 0.247s
2015-12-03 02:07:52,244 27498 DEBUG    [tempest_lib.common.rest_client] Request - Headers: {'Content-Type': 'application/json', 'Accept': 'application/json', 'X-Auth-Token': '&lt;omitted&gt;'}
        Body: None
    Response - Headers: {'status': '200', 'content-length': '1776', 'content-location': 'http://10.0.2.15:8774/v2.1/f18e891bb2014f7f99616c4146f64b5b/servers/640f3a00-afef-4980-9121-9b307f01c206', 'x-compute-request-id': 'req-4b9d24f9-e174-4f5f-9479-060090b4ab62', 'vary': 'X-OpenStack-Nova-API-Version', 'connection': 'close', 'x-openstack-nova-api-version': '2.1', 'date': 'Thu, 03 Dec 2015 02:07:52 GMT', 'content-type': 'application/json'}
        Body: {"server": {"status": "ACTIVE", "updated": "2015-12-03T02:07:51Z", "hostId": "a882c6a58a819074df879325224b458e7bf1fb0cfdf03e3397cf2ab7", "addresses": {"tempest-network-smoke--1889654476": [{"OS-EXT-IPS-MAC:mac_addr": "fa:16:3e:a9:55:70", "version": 4, "addr": "10.100.0.3", "OS-EXT-IPS:type": "fixed"}, {"OS-EXT-IPS-MAC:mac_addr": "fa:16:3e:a9:55:70", "version": 4, "addr": "172.24.4.18", "OS-EXT-IPS:type": "floating"}]}, "links": [{"href": "http://10.0.2.15:8774/v2.1/f18e891bb2014f7f99616c4146f64b5b/servers/640f3a00-afef-4980-9121-9b307f01c206", "rel": "self"}, {"href": "http://10.0.2.15:8774/f18e891bb2014f7f99616c4146f64b5b/servers/640f3a00-afef-4980-9121-9b307f01c206", "rel": "bookmark"}], "key_name": "tempest-TestNetworkBasicOps-238718613", "image": {"id": "1fc45c55-35c0-4469-be99-0542923c43ee", "links": [{"href": "http://10.0.2.15:8774/f18e891bb2014f7f99616c4146f64b5b/images/1fc45c55-35c0-4469-be99-0542923c43ee", "rel": "bookmark"}]}, "OS-EXT-STS:task_state": "deleting", "OS-EXT-STS:vm_state": "active", "OS-SRV-USG:launched_at": "2015-12-03T02:05:21.000000", "flavor": {"id": "42", "links": [{"href": "http://10.0.2.15:8774/f18e891bb2014f7f99616c4146f64b5b/flavors/42", "rel": "bookmark"}]}, "id": "640f3a00-afef-4980-9121-9b307f01c206", "security_groups": [{"name": "tempest-secgroup-smoke-790233731"}], "OS-SRV-USG:terminated_at": null, "OS-EXT-AZ:availability_zone": "nova", "user_id": "e5050dec8dc1442690aeaf54fdfb92fa", "name": "tempest.common.compute-instance-1299872326", "created": "2015-12-03T02:05:18Z", "tenant_id": "f18e891bb2014f7f99616c4146f64b5b", "OS-DCF:diskConfig": "MANUAL", "os-extended-volumes:volumes_attached": [], "accessIPv4": "", "accessIPv6": "", "progress": 0, "OS-EXT-STS:power_state": 1, "config_drive": "True", "metadata": {}}}
2015-12-03 02:07:53,406 27498 INFO     [tempest_lib.common.rest_client] Request (TestNetworkBasicOps:_run_cleanups): 200 GET http://10.0.2.15:8774/v2.1/f18e891bb2014f7f99616c4146f64b5b/servers/640f3a00-afef-4980-9121-9b307f01c206 0.148s
2015-12-03 02:07:53,406 27498 DEBUG    [tempest_lib.common.rest_client] Request - Headers: {'Content-Type': 'application/json', 'Accept': 'application/json', 'X-Auth-Token': '&lt;omitted&gt;'}
        Body: None
