<?xml version="1.0" encoding="UTF-8"?>
<!DOCTYPE html PUBLIC "-//W3C//DTD XHTML 1.0 Strict//EN"
     "http://www.w3.org/TR/xhtml1/DTD/xhtml1-strict.dtd">
<html xmlns="http://www.w3.org/1999/xhtml">
<head>
    <title>Unit Test Report</title>
    <meta name="generator" content="subunit2html 0.1"/>
    <meta http-equiv="Content-Type" content="text/html; charset=UTF-8"/>
    
<style type="text/css" media="screen">
body        { font-family: verdana, arial, helvetica, sans-serif;
    font-size: 80%; }
table       { font-size: 100%; width: 100%;}
pre         { font-size: 80%; }

/* -- heading -------------------------------------------------------------- */
h1 {
        font-size: 16pt;
        color: gray;
}
.heading {
    margin-top: 0ex;
    margin-bottom: 1ex;
}

.heading .attribute {
    margin-top: 1ex;
    margin-bottom: 0;
}

.heading .description {
    margin-top: 4ex;
    margin-bottom: 6ex;
}

/* -- css div popup -------------------------------------------------------- */
a.popup_link {
}

a.popup_link:hover {
    color: red;
}

.popup_window {
    display: none;
    overflow-x: scroll;
    /*border: solid #627173 1px; */
    padding: 10px;
    background-color: #E6E6D6;
    font-family: "Ubuntu Mono", "Lucida Console", "Courier New", monospace;
    text-align: left;
    font-size: 8pt;
}

}
/* -- report --------------------------------------------------------------- */
#show_detail_line {
    margin-top: 3ex;
    margin-bottom: 1ex;
}
#result_table {
    width: 100%;
    border-collapse: collapse;
    border: 1px solid #777;
}
#header_row {
    font-weight: bold;
    color: white;
    background-color: #777;
}
#result_table td {
    border: 1px solid #777;
    padding: 2px;
}
#total_row  { font-weight: bold; }
.passClass  { background-color: #6c6; }
.failClass  { background-color: #c60; }
.errorClass { background-color: #c00; }
.passCase   { color: #6c6; }
.failCase   { color: #c60; font-weight: bold; }
.errorCase  { color: #c00; font-weight: bold; }
.hiddenRow  { display: none; }
.testcase   { margin-left: 2em; }
td.testname {width: 40%}
td.small {width: 40px}

/* -- ending --------------------------------------------------------------- */
#ending {
}

</style>

</head>
<body>
<script language="javascript" type="text/javascript"><!--
output_list = Array();

/* level - 0:Summary; 1:Failed; 2:All */
function showCase(level) {
    trs = document.getElementsByTagName("tr");
    for (var i = 0; i < trs.length; i++) {
        tr = trs[i];
        id = tr.id;
        if (id.substr(0,2) == 'ft') {
            if (level < 1) {
                tr.className = 'hiddenRow';
            }
            else {
                tr.className = '';
            }
        }
        if (id.substr(0,2) == 'pt') {
            if (level > 1) {
                tr.className = '';
            }
            else {
                tr.className = 'hiddenRow';
            }
        }
    }
}


function showClassDetail(cid, count) {
    var id_list = Array(count);
    var toHide = 1;
    for (var i = 0; i < count; i++) {
        tid0 = 't' + cid.substr(1) + '.' + (i+1);
        tid = 'f' + tid0;
        tr = document.getElementById(tid);
        if (!tr) {
            tid = 'p' + tid0;
            tr = document.getElementById(tid);
        }
        id_list[i] = tid;
        if (tr.className) {
            toHide = 0;
        }
    }
    for (var i = 0; i < count; i++) {
        tid = id_list[i];
        if (toHide) {
            document.getElementById('div_'+tid).style.display = 'none'
            document.getElementById(tid).className = 'hiddenRow';
        }
        else {
            document.getElementById(tid).className = '';
        }
    }
}


function showTestDetail(div_id){
    var details_div = document.getElementById(div_id)
    var displayState = details_div.style.display
    // alert(displayState)
    if (displayState != 'block' ) {
        displayState = 'block'
        details_div.style.display = 'block'
    }
    else {
        details_div.style.display = 'none'
    }
}


function html_escape(s) {
    s = s.replace(/&/g,'&amp;');
    s = s.replace(/</g,'&lt;');
    s = s.replace(/>/g,'&gt;');
    return s;
}

/* obsoleted by detail in <div>
function showOutput(id, name) {
    var w = window.open("", //url
                    name,
                    "resizable,scrollbars,status,width=800,height=450");
    d = w.document;
    d.write("<pre>");
    d.write(html_escape(output_list[id]));
    d.write("\n");
    d.write("<a href='javascript:window.close()'>close</a>\n");
    d.write("</pre>\n");
    d.close();
}
*/
--></script>

<div class='heading'>
<h1>Unit Test Report</h1>

<p class='attribute'><strong>Status:</strong> Pass 8 Failure 1</p>

<p class='description'></p>
</div>



<p id='show_detail_line'>Show
<a href='javascript:showCase(0)'>Summary</a>
<a href='javascript:showCase(1)'>Failed</a>
<a href='javascript:showCase(2)'>All</a>
</p>
<table id='result_table'>
<colgroup>
<col align='left' />
<col align='right' />
<col align='right' />
<col align='right' />
<col align='right' />
<col align='right' />
<col align='right' />
<col align='right' />
</colgroup>
<tr id='header_row'>
    <td>Test Group/Test case</td>
    <td>Count</td>
    <td>Pass</td>
    <td>Fail</td>
    <td>Error</td>
    <td>Skip</td>
    <td>View</td>
    <td> </td>
</tr>

<tr class='failClass'>
    <td class="testname">tempest.scenario.test_network_basic_ops.TestNetworkBasicOps</td>
    <td class="small">9</td>
    <td class="small">8</td>
    <td class="small">1</td>
    <td class="small">0</td>
    <td class="small">0</td>
    <td class="small"><a href="javascript:showClassDetail('c1',9)"
>Detail</a></td>
    <td> </td>
</tr>

<tr id='pt1.1' class='hiddenRow'>
    <td class='none'><div class='testcase'>test_connectivity_between_vms_on_different_networks[compute,id-1546850e-fbaa-42f5-8b5f-03d8a6a95f15,network]</div></td>
    <td colspan='7' align='left'>

    <!--css div popup start-->
    <a class="popup_link" onfocus='this.blur();'
    href="javascript:showTestDetail('div_pt1.1')" >
        pass</a>

    <div id='div_pt1.1' class="popup_window">
        <div style='text-align: right; color:red;cursor:pointer'>
        <a onfocus='this.blur();'
onclick="document.getElementById('div_pt1.1').style.display = 'none' " >
           [x]</a>
        </div>
        <pre>
        
pt1.1: tempest.scenario.test_network_basic_ops.TestNetworkBasicOps.test_connectivity_between_vms_on_different_networks[compute,id-1546850e-fbaa-42f5-8b5f-03d8a6a95f15,network]

        </pre>
    </div>
    <!--css div popup end-->

    </td>
</tr>

<tr id='pt1.2' class='hiddenRow'>
    <td class='none'><div class='testcase'>test_hotplug_nic[compute,id-c5adff73-e961-41f1-b4a9-343614f18cfa,network]</div></td>
    <td colspan='7' align='left'>

    <!--css div popup start-->
    <a class="popup_link" onfocus='this.blur();'
    href="javascript:showTestDetail('div_pt1.2')" >
        pass</a>

    <div id='div_pt1.2' class="popup_window">
        <div style='text-align: right; color:red;cursor:pointer'>
        <a onfocus='this.blur();'
onclick="document.getElementById('div_pt1.2').style.display = 'none' " >
           [x]</a>
        </div>
        <pre>
        
pt1.2: tempest.scenario.test_network_basic_ops.TestNetworkBasicOps.test_hotplug_nic[compute,id-c5adff73-e961-41f1-b4a9-343614f18cfa,network]

        </pre>
    </div>
    <!--css div popup end-->

    </td>
</tr>

<tr id='pt1.3' class='hiddenRow'>
    <td class='none'><div class='testcase'>test_network_basic_ops[compute,id-f323b3ba-82f8-4db7-8ea6-6a895869ec49,network,smoke]</div></td>
    <td colspan='7' align='left'>

    <!--css div popup start-->
    <a class="popup_link" onfocus='this.blur();'
    href="javascript:showTestDetail('div_pt1.3')" >
        pass</a>

    <div id='div_pt1.3' class="popup_window">
        <div style='text-align: right; color:red;cursor:pointer'>
        <a onfocus='this.blur();'
onclick="document.getElementById('div_pt1.3').style.display = 'none' " >
           [x]</a>
        </div>
        <pre>
        
pt1.3: tempest.scenario.test_network_basic_ops.TestNetworkBasicOps.test_network_basic_ops[compute,id-f323b3ba-82f8-4db7-8ea6-6a895869ec49,network,smoke]

        </pre>
    </div>
    <!--css div popup end-->

    </td>
</tr>

<tr id='pt1.4' class='hiddenRow'>
    <td class='none'><div class='testcase'>test_port_security_macspoofing_port[compute,id-7c0bb1a2-d053-49a4-98f9-ca1a1d849f63,network]</div></td>
    <td colspan='7' align='left'>

    <!--css div popup start-->
    <a class="popup_link" onfocus='this.blur();'
    href="javascript:showTestDetail('div_pt1.4')" >
        pass</a>

    <div id='div_pt1.4' class="popup_window">
        <div style='text-align: right; color:red;cursor:pointer'>
        <a onfocus='this.blur();'
onclick="document.getElementById('div_pt1.4').style.display = 'none' " >
           [x]</a>
        </div>
        <pre>
        
pt1.4: tempest.scenario.test_network_basic_ops.TestNetworkBasicOps.test_port_security_macspoofing_port[compute,id-7c0bb1a2-d053-49a4-98f9-ca1a1d849f63,network]

        </pre>
    </div>
    <!--css div popup end-->

    </td>
</tr>

<tr id='pt1.5' class='hiddenRow'>
    <td class='none'><div class='testcase'>test_preserve_preexisting_port[compute,id-759462e1-8535-46b0-ab3a-33aa45c55aaa,network]</div></td>
    <td colspan='7' align='left'>

    <!--css div popup start-->
    <a class="popup_link" onfocus='this.blur();'
    href="javascript:showTestDetail('div_pt1.5')" >
        pass</a>

    <div id='div_pt1.5' class="popup_window">
        <div style='text-align: right; color:red;cursor:pointer'>
        <a onfocus='this.blur();'
onclick="document.getElementById('div_pt1.5').style.display = 'none' " >
           [x]</a>
        </div>
        <pre>
        
pt1.5: tempest.scenario.test_network_basic_ops.TestNetworkBasicOps.test_preserve_preexisting_port[compute,id-759462e1-8535-46b0-ab3a-33aa45c55aaa,network]

        </pre>
    </div>
    <!--css div popup end-->

    </td>
</tr>

<tr id='pt1.6' class='hiddenRow'>
    <td class='none'><div class='testcase'>test_router_rescheduling[compute,id-2e788c46-fb3f-4ac9-8f82-0561555bea73,network]</div></td>
    <td colspan='7' align='left'>

    <!--css div popup start-->
    <a class="popup_link" onfocus='this.blur();'
    href="javascript:showTestDetail('div_pt1.6')" >
        pass</a>

    <div id='div_pt1.6' class="popup_window">
        <div style='text-align: right; color:red;cursor:pointer'>
        <a onfocus='this.blur();'
onclick="document.getElementById('div_pt1.6').style.display = 'none' " >
           [x]</a>
        </div>
        <pre>
        
pt1.6: tempest.scenario.test_network_basic_ops.TestNetworkBasicOps.test_router_rescheduling[compute,id-2e788c46-fb3f-4ac9-8f82-0561555bea73,network]

        </pre>
    </div>
    <!--css div popup end-->

    </td>
</tr>

<tr id='pt1.7' class='hiddenRow'>
    <td class='none'><div class='testcase'>test_subnet_details[compute,id-d8bb918e-e2df-48b2-97cd-b73c95450980,network]</div></td>
    <td colspan='7' align='left'>

    <!--css div popup start-->
    <a class="popup_link" onfocus='this.blur();'
    href="javascript:showTestDetail('div_pt1.7')" >
        pass</a>

    <div id='div_pt1.7' class="popup_window">
        <div style='text-align: right; color:red;cursor:pointer'>
        <a onfocus='this.blur();'
onclick="document.getElementById('div_pt1.7').style.display = 'none' " >
           [x]</a>
        </div>
        <pre>
        
pt1.7: tempest.scenario.test_network_basic_ops.TestNetworkBasicOps.test_subnet_details[compute,id-d8bb918e-e2df-48b2-97cd-b73c95450980,network]

        </pre>
    </div>
    <!--css div popup end-->

    </td>
</tr>

<tr id='ft1.8' class='none'>
    <td class='failCase'><div class='testcase'>test_update_instance_port_admin_state[compute,id-f5dfcc22-45fd-409f-954c-5bd500d7890b,network]</div></td>
    <td colspan='7' align='left'>

    <!--css div popup start-->
    <a class="popup_link" onfocus='this.blur();'
    href="javascript:showTestDetail('div_ft1.8')" >
        fail</a>

    <div id='div_ft1.8' class="popup_window">
        <div style='text-align: right; color:red;cursor:pointer'>
        <a onfocus='this.blur();'
onclick="document.getElementById('div_ft1.8').style.display = 'none' " >
           [x]</a>
        </div>
        <pre>
        
ft1.8: tempest.scenario.test_network_basic_ops.TestNetworkBasicOps.test_update_instance_port_admin_state[compute,id-f5dfcc22-45fd-409f-954c-5bd500d7890b,network]_StringException: Empty attachments:
  stderr
  stdout

pythonlogging:'': {{{
2015-12-04 00:56:22,386 27347 INFO     [tempest_lib.common.rest_client] Request (TestNetworkBasicOps:test_update_instance_port_admin_state): 201 POST http://10.0.2.15:9696/v2.0/security-groups 0.121s
2015-12-04 00:56:22,387 27347 DEBUG    [tempest_lib.common.rest_client] Request - Headers: {'Content-Type': 'application/json', 'Accept': 'application/json', 'X-Auth-Token': '&lt;omitted&gt;'}
        Body: {"security_group": {"tenant_id": "2671d4d764b94b868b3ce2edd9642278", "description": "tempest-secgroup-smoke-558948012 description", "name": "tempest-secgroup-smoke-558948012"}}
    Response - Headers: {'status': '201', 'content-length': '886', 'connection': 'close', 'date': 'Fri, 04 Dec 2015 00:56:22 GMT', 'content-type': 'application/json; charset=UTF-8', 'x-openstack-request-id': 'req-91e687a3-1f67-4ecc-a3fe-c23db2691fba'}
        Body: {"security_group": {"tenant_id": "2671d4d764b94b868b3ce2edd9642278", "description": "tempest-secgroup-smoke-558948012 description", "id": "8fcb9a70-7dc2-4fd4-97cb-34547f04f4d0", "security_group_rules": [{"remote_group_id": null, "direction": "egress", "remote_ip_prefix": null, "protocol": null, "ethertype": "IPv4", "tenant_id": "2671d4d764b94b868b3ce2edd9642278", "port_range_max": null, "port_range_min": null, "id": "e6f7f21e-eb30-4015-a83c-89a235f887d8", "security_group_id": "8fcb9a70-7dc2-4fd4-97cb-34547f04f4d0"}, {"remote_group_id": null, "direction": "egress", "remote_ip_prefix": null, "protocol": null, "ethertype": "IPv6", "tenant_id": "2671d4d764b94b868b3ce2edd9642278", "port_range_max": null, "port_range_min": null, "id": "ee6c6cf7-7102-4a0e-9dff-0a60da01f446", "security_group_id": "8fcb9a70-7dc2-4fd4-97cb-34547f04f4d0"}], "name": "tempest-secgroup-smoke-558948012"}}
2015-12-04 00:56:22,493 27347 INFO     [tempest_lib.common.rest_client] Request (TestNetworkBasicOps:test_update_instance_port_admin_state): 201 POST http://10.0.2.15:9696/v2.0/security-group-rules 0.105s
2015-12-04 00:56:22,494 27347 DEBUG    [tempest_lib.common.rest_client] Request - Headers: {'Content-Type': 'application/json', 'Accept': 'application/json', 'X-Auth-Token': '&lt;omitted&gt;'}
        Body: {"security_group_rule": {"direction": "ingress", "protocol": "tcp", "tenant_id": "2671d4d764b94b868b3ce2edd9642278", "port_range_max": 22, "security_group_id": "8fcb9a70-7dc2-4fd4-97cb-34547f04f4d0", "port_range_min": 22}}
    Response - Headers: {'status': '201', 'content-length': '340', 'connection': 'close', 'date': 'Fri, 04 Dec 2015 00:56:22 GMT', 'content-type': 'application/json; charset=UTF-8', 'x-openstack-request-id': 'req-653d8e31-eb0c-4581-8b3a-a74cb6971b6f'}
        Body: {"security_group_rule": {"remote_group_id": null, "direction": "ingress", "remote_ip_prefix": null, "protocol": "tcp", "ethertype": "IPv4", "tenant_id": "2671d4d764b94b868b3ce2edd9642278", "port_range_max": 22, "port_range_min": 22, "id": "a3f57b92-5756-4655-ac32-3d08f2db3b88", "security_group_id": "8fcb9a70-7dc2-4fd4-97cb-34547f04f4d0"}}
2015-12-04 00:56:22,605 27347 INFO     [tempest_lib.common.rest_client] Request (TestNetworkBasicOps:test_update_instance_port_admin_state): 201 POST http://10.0.2.15:9696/v2.0/security-group-rules 0.110s
2015-12-04 00:56:22,606 27347 DEBUG    [tempest_lib.common.rest_client] Request - Headers: {'Content-Type': 'application/json', 'Accept': 'application/json', 'X-Auth-Token': '&lt;omitted&gt;'}
        Body: {"security_group_rule": {"direction": "egress", "protocol": "tcp", "tenant_id": "2671d4d764b94b868b3ce2edd9642278", "port_range_max": 22, "security_group_id": "8fcb9a70-7dc2-4fd4-97cb-34547f04f4d0", "port_range_min": 22}}
    Response - Headers: {'status': '201', 'content-length': '339', 'connection': 'close', 'date': 'Fri, 04 Dec 2015 00:56:22 GMT', 'content-type': 'application/json; charset=UTF-8', 'x-openstack-request-id': 'req-89613c5e-f27f-4efa-9c19-2160c06781c4'}
        Body: {"security_group_rule": {"remote_group_id": null, "direction": "egress", "remote_ip_prefix": null, "protocol": "tcp", "ethertype": "IPv4", "tenant_id": "2671d4d764b94b868b3ce2edd9642278", "port_range_max": 22, "port_range_min": 22, "id": "7418fe39-255d-438f-8ebd-95e749ef3405", "security_group_id": "8fcb9a70-7dc2-4fd4-97cb-34547f04f4d0"}}
2015-12-04 00:56:22,710 27347 INFO     [tempest_lib.common.rest_client] Request (TestNetworkBasicOps:test_update_instance_port_admin_state): 201 POST http://10.0.2.15:9696/v2.0/security-group-rules 0.103s
2015-12-04 00:56:22,710 27347 DEBUG    [tempest_lib.common.rest_client] Request - Headers: {'Content-Type': 'application/json', 'Accept': 'application/json', 'X-Auth-Token': '&lt;omitted&gt;'}
        Body: {"security_group_rule": {"tenant_id": "2671d4d764b94b868b3ce2edd9642278", "direction": "ingress", "protocol": "icmp", "security_group_id": "8fcb9a70-7dc2-4fd4-97cb-34547f04f4d0"}}
    Response - Headers: {'status': '201', 'content-length': '345', 'connection': 'close', 'date': 'Fri, 04 Dec 2015 00:56:22 GMT', 'content-type': 'application/json; charset=UTF-8', 'x-openstack-request-id': 'req-68ab1f40-e37e-41d0-92e7-70c5a5dc53d5'}
        Body: {"security_group_rule": {"remote_group_id": null, "direction": "ingress", "remote_ip_prefix": null, "protocol": "icmp", "ethertype": "IPv4", "tenant_id": "2671d4d764b94b868b3ce2edd9642278", "port_range_max": null, "port_range_min": null, "id": "f7342e26-ab9d-4523-a597-8dda06254f56", "security_group_id": "8fcb9a70-7dc2-4fd4-97cb-34547f04f4d0"}}
2015-12-04 00:56:22,817 27347 INFO     [tempest_lib.common.rest_client] Request (TestNetworkBasicOps:test_update_instance_port_admin_state): 201 POST http://10.0.2.15:9696/v2.0/security-group-rules 0.105s
2015-12-04 00:56:22,817 27347 DEBUG    [tempest_lib.common.rest_client] Request - Headers: {'Content-Type': 'application/json', 'Accept': 'application/json', 'X-Auth-Token': '&lt;omitted&gt;'}
        Body: {"security_group_rule": {"tenant_id": "2671d4d764b94b868b3ce2edd9642278", "direction": "egress", "protocol": "icmp", "security_group_id": "8fcb9a70-7dc2-4fd4-97cb-34547f04f4d0"}}
    Response - Headers: {'status': '201', 'content-length': '344', 'connection': 'close', 'date': 'Fri, 04 Dec 2015 00:56:22 GMT', 'content-type': 'application/json; charset=UTF-8', 'x-openstack-request-id': 'req-aa464486-30f3-4566-b9e1-55151ecc75c2'}
        Body: {"security_group_rule": {"remote_group_id": null, "direction": "egress", "remote_ip_prefix": null, "protocol": "icmp", "ethertype": "IPv4", "tenant_id": "2671d4d764b94b868b3ce2edd9642278", "port_range_max": null, "port_range_min": null, "id": "425b2fee-7d74-43e8-97dd-f52faa060f82", "security_group_id": "8fcb9a70-7dc2-4fd4-97cb-34547f04f4d0"}}
2015-12-04 00:56:22,921 27347 INFO     [tempest_lib.common.rest_client] Request (TestNetworkBasicOps:test_update_instance_port_admin_state): 201 POST http://10.0.2.15:9696/v2.0/security-group-rules 0.102s
2015-12-04 00:56:22,921 27347 DEBUG    [tempest_lib.common.rest_client] Request - Headers: {'Content-Type': 'application/json', 'Accept': 'application/json', 'X-Auth-Token': '&lt;omitted&gt;'}
        Body: {"security_group_rule": {"tenant_id": "2671d4d764b94b868b3ce2edd9642278", "direction": "ingress", "security_group_id": "8fcb9a70-7dc2-4fd4-97cb-34547f04f4d0", "protocol": "icmp", "ethertype": "IPv6"}}
    Response - Headers: {'status': '201', 'content-length': '345', 'connection': 'close', 'date': 'Fri, 04 Dec 2015 00:56:22 GMT', 'content-type': 'application/json; charset=UTF-8', 'x-openstack-request-id': 'req-e772b299-b2f2-46fc-8e5f-e75a9adf4979'}
        Body: {"security_group_rule": {"remote_group_id": null, "direction": "ingress", "remote_ip_prefix": null, "protocol": "icmp", "ethertype": "IPv6", "tenant_id": "2671d4d764b94b868b3ce2edd9642278", "port_range_max": null, "port_range_min": null, "id": "cab3df44-e378-4e74-89dc-aa5ecf3f33e3", "security_group_id": "8fcb9a70-7dc2-4fd4-97cb-34547f04f4d0"}}
2015-12-04 00:56:23,039 27347 INFO     [tempest_lib.common.rest_client] Request (TestNetworkBasicOps:test_update_instance_port_admin_state): 201 POST http://10.0.2.15:9696/v2.0/security-group-rules 0.116s
2015-12-04 00:56:23,040 27347 DEBUG    [tempest_lib.common.rest_client] Request - Headers: {'Content-Type': 'application/json', 'Accept': 'application/json', 'X-Auth-Token': '&lt;omitted&gt;'}
        Body: {"security_group_rule": {"tenant_id": "2671d4d764b94b868b3ce2edd9642278", "direction": "egress", "security_group_id": "8fcb9a70-7dc2-4fd4-97cb-34547f04f4d0", "protocol": "icmp", "ethertype": "IPv6"}}
    Response - Headers: {'status': '201', 'content-length': '344', 'connection': 'close', 'date': 'Fri, 04 Dec 2015 00:56:23 GMT', 'content-type': 'application/json; charset=UTF-8', 'x-openstack-request-id': 'req-5229ce31-051a-4646-94a6-3dc2034173de'}
        Body: {"security_group_rule": {"remote_group_id": null, "direction": "egress", "remote_ip_prefix": null, "protocol": "icmp", "ethertype": "IPv6", "tenant_id": "2671d4d764b94b868b3ce2edd9642278", "port_range_max": null, "port_range_min": null, "id": "f6889ba2-39b8-4f5d-8363-58ae3390ed38", "security_group_id": "8fcb9a70-7dc2-4fd4-97cb-34547f04f4d0"}}
2015-12-04 00:56:23,165 27347 INFO     [tempest_lib.common.rest_client] Request (TestNetworkBasicOps:test_update_instance_port_admin_state): 201 POST http://10.0.2.15:9696/v2.0/networks 0.122s
2015-12-04 00:56:23,165 27347 DEBUG    [tempest_lib.common.rest_client] Request - Headers: {'Content-Type': 'application/json', 'Accept': 'application/json', 'X-Auth-Token': '&lt;omitted&gt;'}
        Body: {"network": {"tenant_id": "2671d4d764b94b868b3ce2edd9642278", "name": "tempest-network-smoke--755585593"}}
    Response - Headers: {'status': '201', 'content-length': '295', 'connection': 'close', 'date': 'Fri, 04 Dec 2015 00:56:23 GMT', 'content-type': 'application/json; charset=UTF-8', 'x-openstack-request-id': 'req-823c0a3d-b3e8-4fcd-9d72-81a6eb6fcd46'}
        Body: {"network": {"status": "ACTIVE", "subnets": [], "name": "tempest-network-smoke--755585593", "admin_state_up": true, "tenant_id": "2671d4d764b94b868b3ce2edd9642278", "mtu": 0, "router:external": false, "shared": false, "port_security_enabled": true, "id": "420c81af-6b56-49ff-a2ec-e43af230ff82"}}
2015-12-04 00:56:23,240 27347 INFO     [tempest_lib.common.rest_client] Request (TestNetworkBasicOps:test_update_instance_port_admin_state): 201 POST http://10.0.2.15:9696/v2.0/routers 0.073s
2015-12-04 00:56:23,240 27347 DEBUG    [tempest_lib.common.rest_client] Request - Headers: {'Content-Type': 'application/json', 'Accept': 'application/json', 'X-Auth-Token': '&lt;omitted&gt;'}
        Body: {"router": {"tenant_id": "2671d4d764b94b868b3ce2edd9642278", "name": "tempest-router-smoke-1849659061", "admin_state_up": true}}
    Response - Headers: {'status': '201', 'content-length': '239', 'connection': 'close', 'date': 'Fri, 04 Dec 2015 00:56:23 GMT', 'content-type': 'application/json; charset=UTF-8', 'x-openstack-request-id': 'req-1a025163-ed94-4bfe-b185-feffc21f01de'}
        Body: {"router": {"status": "ACTIVE", "external_gateway_info": null, "name": "tempest-router-smoke-1849659061", "admin_state_up": true, "tenant_id": "2671d4d764b94b868b3ce2edd9642278", "routes": [], "id": "e6e06946-70d4-4ffd-9599-4ca9daa651ee"}}
2015-12-04 00:56:23,287 27347 INFO     [tempest_lib.common.rest_client] Request (TestNetworkBasicOps:test_update_instance_port_admin_state): 200 GET http://10.0.2.15:9696/v2.0/routers/e6e06946-70d4-4ffd-9599-4ca9daa651ee 0.046s
2015-12-04 00:56:23,288 27347 DEBUG    [tempest_lib.common.rest_client] Request - Headers: {'Content-Type': 'application/json', 'Accept': 'application/json', 'X-Auth-Token': '&lt;omitted&gt;'}
        Body: None
    Response - Headers: {'status': '200', 'content-length': '239', 'content-location': 'http://10.0.2.15:9696/v2.0/routers/e6e06946-70d4-4ffd-9599-4ca9daa651ee', 'connection': 'close', 'date': 'Fri, 04 Dec 2015 00:56:23 GMT', 'content-type': 'application/json; charset=UTF-8', 'x-openstack-request-id': 'req-5e8b0856-2312-430a-9e47-00114d62cbd3'}
        Body: {"router": {"status": "ACTIVE", "external_gateway_info": null, "name": "tempest-router-smoke-1849659061", "admin_state_up": true, "tenant_id": "2671d4d764b94b868b3ce2edd9642278", "routes": [], "id": "e6e06946-70d4-4ffd-9599-4ca9daa651ee"}}
2015-12-04 00:56:23,851 27347 INFO     [tempest_lib.common.rest_client] Request (TestNetworkBasicOps:test_update_instance_port_admin_state): 200 PUT http://10.0.2.15:9696/v2.0/routers/e6e06946-70d4-4ffd-9599-4ca9daa651ee 0.563s
2015-12-04 00:56:23,852 27347 DEBUG    [tempest_lib.common.rest_client] Request - Headers: {'Content-Type': 'application/json', 'Accept': 'application/json', 'X-Auth-Token': '&lt;omitted&gt;'}
        Body: {"router": {"external_gateway_info": {"network_id": "eaf122b1-4fe2-4e37-9d96-b4fd2e45fedf"}, "name": "tempest-router-smoke-1849659061", "admin_state_up": true}}
    Response - Headers: {'status': '200', 'content-length': '503', 'connection': 'close', 'date': 'Fri, 04 Dec 2015 00:56:23 GMT', 'content-type': 'application/json; charset=UTF-8', 'x-openstack-request-id': 'req-8919758c-9a84-46ac-bdb6-f0e954706ac9'}
        Body: {"router": {"status": "ACTIVE", "external_gateway_info": {"network_id": "eaf122b1-4fe2-4e37-9d96-b4fd2e45fedf", "enable_snat": true, "external_fixed_ips": [{"subnet_id": "6734e535-1ea1-4447-85c9-94e813e64431", "ip_address": "172.24.4.17"}, {"subnet_id": "8c1788b6-0f89-4da8-a164-c03d6804a66e", "ip_address": "2001:db8::12"}]}, "name": "tempest-router-smoke-1849659061", "admin_state_up": true, "tenant_id": "2671d4d764b94b868b3ce2edd9642278", "routes": [], "id": "e6e06946-70d4-4ffd-9599-4ca9daa651ee"}}
2015-12-04 00:56:23,894 27347 INFO     [tempest_lib.common.rest_client] Request (TestNetworkBasicOps:test_update_instance_port_admin_state): 200 GET http://10.0.2.15:9696/v2.0/subnets?tenant_id=2671d4d764b94b868b3ce2edd9642278&amp;cidr=10.100.0.0%2F28 0.041s
2015-12-04 00:56:23,894 27347 DEBUG    [tempest_lib.common.rest_client] Request - Headers: {'Content-Type': 'application/json', 'Accept': 'application/json', 'X-Auth-Token': '&lt;omitted&gt;'}
        Body: None
    Response - Headers: {'status': '200', 'content-length': '15', 'content-location': 'http://10.0.2.15:9696/v2.0/subnets?tenant_id=2671d4d764b94b868b3ce2edd9642278&amp;cidr=10.100.0.0%2F28', 'connection': 'close', 'date': 'Fri, 04 Dec 2015 00:56:23 GMT', 'content-type': 'application/json; charset=UTF-8', 'x-openstack-request-id': 'req-13e8f1f7-45e3-4d38-8c78-50d13e65431f'}
        Body: {"subnets": []}
2015-12-04 00:56:24,145 27347 INFO     [tempest_lib.common.rest_client] Request (TestNetworkBasicOps:test_update_instance_port_admin_state): 201 POST http://10.0.2.15:9696/v2.0/subnets 0.250s
2015-12-04 00:56:24,145 27347 DEBUG    [tempest_lib.common.rest_client] Request - Headers: {'Content-Type': 'application/json', 'Accept': 'application/json', 'X-Auth-Token': '&lt;omitted&gt;'}
        Body: {"subnet": {"ip_version": 4, "tenant_id": "2671d4d764b94b868b3ce2edd9642278", "cidr": "10.100.0.0/28", "network_id": "420c81af-6b56-49ff-a2ec-e43af230ff82", "name": "tempest-subnet-smoke-1284487216"}}
    Response - Headers: {'status': '201', 'content-length': '478', 'connection': 'close', 'date': 'Fri, 04 Dec 2015 00:56:24 GMT', 'content-type': 'application/json; charset=UTF-8', 'x-openstack-request-id': 'req-75c2dcf1-1b84-4429-a766-70a7f08c51b8'}
        Body: {"subnet": {"name": "tempest-subnet-smoke-1284487216", "enable_dhcp": true, "network_id": "420c81af-6b56-49ff-a2ec-e43af230ff82", "tenant_id": "2671d4d764b94b868b3ce2edd9642278", "dns_nameservers": [], "gateway_ip": "10.100.0.1", "ipv6_ra_mode": null, "allocation_pools": [{"start": "10.100.0.2", "end": "10.100.0.14"}], "host_routes": [], "ip_version": 4, "ipv6_address_mode": null, "cidr": "10.100.0.0/28", "id": "84befc6e-7008-459b-ac39-4eca28e3794a", "subnetpool_id": null}}
2015-12-04 00:56:24,717 27347 INFO     [tempest_lib.common.rest_client] Request (TestNetworkBasicOps:test_update_instance_port_admin_state): 200 PUT http://10.0.2.15:9696/v2.0/routers/e6e06946-70d4-4ffd-9599-4ca9daa651ee/add_router_interface 0.571s
2015-12-04 00:56:24,718 27347 DEBUG    [tempest_lib.common.rest_client] Request - Headers: {'Content-Type': 'application/json', 'Accept': 'application/json', 'X-Auth-Token': '&lt;omitted&gt;'}
        Body: {"subnet_id": "84befc6e-7008-459b-ac39-4eca28e3794a"}
    Response - Headers: {'status': '200', 'content-length': '255', 'connection': 'close', 'date': 'Fri, 04 Dec 2015 00:56:24 GMT', 'content-type': 'application/json; charset=UTF-8', 'x-openstack-request-id': 'req-a03d361f-fbef-4490-ac1a-6cc646d6942f'}
        Body: {"subnet_id": "84befc6e-7008-459b-ac39-4eca28e3794a", "tenant_id": "2671d4d764b94b868b3ce2edd9642278", "subnet_ids": ["84befc6e-7008-459b-ac39-4eca28e3794a"], "port_id": "5eb0328e-40f1-4f88-8629-98dd80c6cb93", "id": "e6e06946-70d4-4ffd-9599-4ca9daa651ee"}
2015-12-04 00:56:24,787 27347 INFO     [tempest_lib.common.rest_client] Request (TestNetworkBasicOps:test_update_instance_port_admin_state): 200 GET http://10.0.2.15:9696/v2.0/networks 0.068s
2015-12-04 00:56:24,787 27347 DEBUG    [tempest_lib.common.rest_client] Request - Headers: {'Content-Type': 'application/json', 'Accept': 'application/json', 'X-Auth-Token': '&lt;omitted&gt;'}
        Body: None
    Response - Headers: {'status': '200', 'content-length': '1317', 'content-location': 'http://10.0.2.15:9696/v2.0/networks', 'connection': 'close', 'date': 'Fri, 04 Dec 2015 00:56:24 GMT', 'content-type': 'application/json; charset=UTF-8', 'x-openstack-request-id': 'req-c7fed988-1077-4317-8386-b44da36ae135'}
        Body: {"networks": [{"status": "ACTIVE", "subnets": ["6734e535-1ea1-4447-85c9-94e813e64431", "8c1788b6-0f89-4da8-a164-c03d6804a66e"], "name": "public", "provider:physical_network": null, "admin_state_up": true, "tenant_id": "ec62f8fac2d44f7680038ac06a570e2b", "mtu": 0, "router:external": true, "shared": false, "port_security_enabled": true, "provider:network_type": "vxlan", "id": "eaf122b1-4fe2-4e37-9d96-b4fd2e45fedf", "provider:segmentation_id": 1003}, {"status": "ACTIVE", "subnets": ["84befc6e-7008-459b-ac39-4eca28e3794a"], "name": "tempest-network-smoke--755585593", "provider:physical_network": null, "admin_state_up": true, "tenant_id": "2671d4d764b94b868b3ce2edd9642278", "mtu": 0, "router:external": false, "shared": false, "port_security_enabled": true, "provider:network_type": "vxlan", "id": "420c81af-6b56-49ff-a2ec-e43af230ff82", "provider:segmentation_id": 1049}, {"status": "ACTIVE", "subnets": ["c4e1758e-5fdb-422f-b19e-3305f2423b0e", "d37bcddb-89fb-48ef-bed2-87173803cc39"], "name": "private", "provider:physical_network": null, "admin_state_up": true, "tenant_id": "9c403203c35c4dd9b4e2071569b2716f", "mtu": 0, "router:external": false, "shared": false, "port_security_enabled": true, "provider:network_type": "vxlan", "id": "c94cdd27-5be4-4015-a633-eaabced35a46", "provider:segmentation_id": 1083}]}
2015-12-04 00:56:24,867 27347 INFO     [tempest_lib.common.rest_client] Request (TestNetworkBasicOps:test_update_instance_port_admin_state): 200 GET http://10.0.2.15:9696/v2.0/subnets 0.078s
2015-12-04 00:56:24,867 27347 DEBUG    [tempest_lib.common.rest_client] Request - Headers: {'Content-Type': 'application/json', 'Accept': 'application/json', 'X-Auth-Token': '&lt;omitted&gt;'}
        Body: None
    Response - Headers: {'status': '200', 'content-length': '2408', 'content-location': 'http://10.0.2.15:9696/v2.0/subnets', 'connection': 'close', 'date': 'Fri, 04 Dec 2015 00:56:24 GMT', 'content-type': 'application/json; charset=UTF-8', 'x-openstack-request-id': 'req-7a521d20-7175-45e4-970c-2ebb0dcd902b'}
        Body: {"subnets": [{"name": "ipv6-public-subnet", "enable_dhcp": false, "network_id": "eaf122b1-4fe2-4e37-9d96-b4fd2e45fedf", "tenant_id": "ec62f8fac2d44f7680038ac06a570e2b", "dns_nameservers": [], "gateway_ip": "2001:db8::2", "ipv6_ra_mode": null, "allocation_pools": [{"start": "2001:db8::1", "end": "2001:db8::1"}, {"start": "2001:db8::3", "end": "2001:db8::ffff:ffff:ffff:ffff"}], "host_routes": [], "ip_version": 6, "ipv6_address_mode": null, "cidr": "2001:db8::/64", "id": "8c1788b6-0f89-4da8-a164-c03d6804a66e", "subnetpool_id": null}, {"name": "private-subnet", "enable_dhcp": true, "network_id": "c94cdd27-5be4-4015-a633-eaabced35a46", "tenant_id": "9c403203c35c4dd9b4e2071569b2716f", "dns_nameservers": [], "gateway_ip": "10.0.0.1", "ipv6_ra_mode": null, "allocation_pools": [{"start": "10.0.0.2", "end": "10.0.0.254"}], "host_routes": [], "ip_version": 4, "ipv6_address_mode": null, "cidr": "10.0.0.0/24", "id": "c4e1758e-5fdb-422f-b19e-3305f2423b0e", "subnetpool_id": null}, {"name": "public-subnet", "enable_dhcp": false, "network_id": "eaf122b1-4fe2-4e37-9d96-b4fd2e45fedf", "tenant_id": "ec62f8fac2d44f7680038ac06a570e2b", "dns_nameservers": [], "gateway_ip": "172.24.4.1", "ipv6_ra_mode": null, "allocation_pools": [{"start": "172.24.4.2", "end": "172.24.4.254"}], "host_routes": [], "ip_version": 4, "ipv6_address_mode": null, "cidr": "172.24.4.0/24", "id": "6734e535-1ea1-4447-85c9-94e813e64431", "subnetpool_id": null}, {"name": "ipv6-private-subnet", "enable_dhcp": true, "network_id": "c94cdd27-5be4-4015-a633-eaabced35a46", "tenant_id": "9c403203c35c4dd9b4e2071569b2716f", "dns_nameservers": [], "gateway_ip": "fd05:2e8d:abf1::1", "ipv6_ra_mode": "slaac", "allocation_pools": [{"start": "fd05:2e8d:abf1::2", "end": "fd05:2e8d:abf1:0:ffff:ffff:ffff:ffff"}], "host_routes": [], "ip_version": 6, "ipv6_address_mode": "slaac", "cidr": "fd05:2e8d:abf1::/64", "id": "d37bcddb-89fb-48ef-bed2-87173803cc39", "subnetpool_id": null}, {"name": "tempest-subnet-smoke-1284487216", "enable_dhcp": true, "network_id": "420c81af-6b56-49ff-a2ec-e43af230ff82", "tenant_id": "2671d4d764b94b868b3ce2edd9642278", "dns_nameservers": [], "gateway_ip": "10.100.0.1", "ipv6_ra_mode": null, "allocation_pools": [{"start": "10.100.0.2", "end": "10.100.0.14"}], "host_routes": [], "ip_version": 4, "ipv6_address_mode": null, "cidr": "10.100.0.0/28", "id": "84befc6e-7008-459b-ac39-4eca28e3794a", "subnetpool_id": null}]}
2015-12-04 00:56:24,910 27347 INFO     [tempest_lib.common.rest_client] Request (TestNetworkBasicOps:test_update_instance_port_admin_state): 200 GET http://10.0.2.15:9696/v2.0/routers 0.042s
2015-12-04 00:56:24,911 27347 DEBUG    [tempest_lib.common.rest_client] Request - Headers: {'Content-Type': 'application/json', 'Accept': 'application/json', 'X-Auth-Token': '&lt;omitted&gt;'}
        Body: None
    Response - Headers: {'status': '200', 'content-length': '1043', 'content-location': 'http://10.0.2.15:9696/v2.0/routers', 'connection': 'close', 'date': 'Fri, 04 Dec 2015 00:56:24 GMT', 'content-type': 'application/json; charset=UTF-8', 'x-openstack-request-id': 'req-dcf4332d-611f-4208-8bc9-eff2ad7eb33c'}
        Body: {"routers": [{"status": "ACTIVE", "external_gateway_info": {"network_id": "eaf122b1-4fe2-4e37-9d96-b4fd2e45fedf", "enable_snat": true, "external_fixed_ips": [{"subnet_id": "6734e535-1ea1-4447-85c9-94e813e64431", "ip_address": "172.24.4.2"}, {"subnet_id": "8c1788b6-0f89-4da8-a164-c03d6804a66e", "ip_address": "2001:db8::3"}]}, "name": "router1", "admin_state_up": true, "tenant_id": "9c403203c35c4dd9b4e2071569b2716f", "distributed": false, "routes": [], "ha": false, "id": "d611bb23-50cf-4f50-a7bf-e279f30d716e"}, {"status": "ACTIVE", "external_gateway_info": {"network_id": "eaf122b1-4fe2-4e37-9d96-b4fd2e45fedf", "enable_snat": true, "external_fixed_ips": [{"subnet_id": "6734e535-1ea1-4447-85c9-94e813e64431", "ip_address": "172.24.4.17"}, {"subnet_id": "8c1788b6-0f89-4da8-a164-c03d6804a66e", "ip_address": "2001:db8::12"}]}, "name": "tempest-router-smoke-1849659061", "admin_state_up": true, "tenant_id": "2671d4d764b94b868b3ce2edd9642278", "distributed": false, "routes": [], "ha": false, "id": "e6e06946-70d4-4ffd-9599-4ca9daa651ee"}]}
2015-12-04 00:56:25,071 27347 INFO     [tempest_lib.common.rest_client] Request (TestNetworkBasicOps:test_update_instance_port_admin_state): 200 POST http://10.0.2.15:8774/v2.1/2671d4d764b94b868b3ce2edd9642278/os-keypairs 0.159s
2015-12-04 00:56:25,072 27347 DEBUG    [tempest_lib.common.rest_client] Request - Headers: {'Content-Type': 'application/json', 'Accept': 'application/json', 'X-Auth-Token': '&lt;omitted&gt;'}
        Body: {"keypair": {"name": "tempest-TestNetworkBasicOps-403455935"}}
    Response - Headers: {'status': '200', 'content-length': '2320', 'x-compute-request-id': 'req-c1e60b0e-25c3-480d-84f6-4a8b0da6e4d1', 'vary': 'X-OpenStack-Nova-API-Version', 'connection': 'close', 'x-openstack-nova-api-version': '2.1', 'date': 'Fri, 04 Dec 2015 00:56:25 GMT', 'content-type': 'application/json'}
        Body: {"keypair": {"public_key": "ssh-rsa AAAAB3NzaC1yc2EAAAADAQABAAABAQCp+ogSg34TG5sGI39ijWZKblkYESIiiZa3jzkLQKd4+F28CuQF0VuW6drl/jVnN9T1NI4lbD4Hg/nuTTozteRgLI1CRY3zyHZJp5k1nJ//dZZCTJ4U9Ahh+bKCxQ5cWDdZQnkjcniaXKKPF4feDLF7a3jvXR2DYCfcrEZiYq7HzHm5vGGLYrwGdnRfimmDAA7TwcXUx3XRxJCEherR+5YqqbptKpSEAu4dfcy9v0LY7TZGbwJ922uQKy8FWyiK8o9n8pFc14G0H9feEo1C6E8/rbMFTYFF6mW/GHaAdkHuefYpPO7Xl5i+KZJGqUyIaVO9SRFawO+LChytv6mUjVoB Generated-by-Nova", "private_key": "-----BEGIN RSA PRIVATE KEY-----\nMIIEqAIBAAKCAQEAqfqIEoN+ExubBiN/Yo1mSm5ZGBEiIomWt485C0CnePhdvArk\nBdFbluna5f41ZzfU9TSOJWw+B4P57k06M7XkYCyNQkWN88h2SaeZNZyf/3WWQkye\nFPQIYfmygsUOXFg3WUJ5I3J4mlyijxeH3gyxe2t4710dg2An3KxGYmKux8x5ubxh\ni2K8BnZ0X4ppgwAO08HF1Md10cSQhIXq0fuWKqm6bSqUhALuHX3Mvb9C2O02Rm8C\nfdtrkCsvBVsoivKPZ/KRXNeBtB/X3hKNQuhPP62zBU2BReplvxh2gHZB7nn2KTzu\n15eYvimSRqlMiGlTvUkRWsDviwocrb+plI1aAQIDAQABAoIBABY/hoP11hCmMlpR\nVyENJPBlFSBDTdZ7b9DC3FKOudzplUtBmarxRi2wmkg0R8Uk16joohpf2padPZ9l\nWFLgYe38ptifxf68pE7rsvADeiWzvGEdKivP7TD1v9nB9Sk9GrGCM9zh5Ms/iL91\n8wCrZKek34VlCLHjahRGMEg8ZmgcMs1wANZYwps1rHT3NfUSGwFZbseo8M350HdZ\nR+ThajcYGfb1ss+OihSm7ukgzAFpYKs7TWkwsBclfPLm5jaDIu3E06Uh+f1TY4u7\n+HgHPwp9jXO5kKV46M4rFoUJoEiTRgfd/ZXEI0xZ+JKAUPuXiqZwNP+GkqpE1A/z\ngojjtWECggCBAM1/zjNWAZOqV9lV3KwHiG4WHKW3idw2ld9LA9YEetEFX9A4TEAj\nM3fVezPjpDQVlRcUkQjI4qwpnhUCXS4U8OTwCl2BtF0gglLj1470BjlMqJtVHv7C\na5pmKv5B88QwGydgg7m9T2zA8WShw7fvrhV61Kcwx+0LeIwzUt/07qXVAoIAgQDT\nwBWBpCvylQ2ax6yUHEOEtDOJQEkbGdIp0Yo4q4+4DxNULhL7G5ea9B5srmxRfM/a\nTBIfiL1/1pjqujzLzYck3E8PzlDUfyk416BG8qyiKcudeDlcpAnMY7v32jryMCXo\nS9s+5hBFwnLxZ8ANaDCU7TH/zwWJ2DhDCkjmnqhdfQKCAIAmjwmY1lV7aKYNMLA0\nU0GFLn73lUW33UIn4MJ6gOKun6yHvFiKXFCG9rakWN1xrG8KIqDIHjFyDmkMFiJ3\nyBQfUO8Q9opqQvRRK1FCEIWucLTeWI11TfO0x+DfTm637DLcI57z1hK2HEnvEO9R\nbxaiDychq+SHlPRskiDFxwaUdQKCAIEAxhfGhteM/Y2PgqMVwiGG0Ji8NcRcH+xR\n/ik3A7kL5IbF8FSCEURI2f9Sjx3F253F3VSZB8MmdHfP6pd71LVbnpIzrHe4inLD\nn5epK3ZPJg2vnIsiLpaPTBRpfn878eI1NFHys68Kvhgg69HBi0lTWZ9kzQlhBwmt\n6JmwhX8bxwkCggCAZ/R5+wEFL80rpIusTuo1q3O6N0EYLMK1k5PhUjwAGwHtTJJk\noOoT7uMHR5yEmNTucogntqeRMwEFSmAmdfLjPQaWXJhFBRAAkHw8UlgwzKZ5ZDTE\nRframBX8DX6jeFhzoutLRXmMv10NYuPx834BRocSU4XJpQCglA3Myyzw998=\n-----END RSA PRIVATE KEY-----\n", "user_id": "432f61028ad946f58e00706a27a673bb", "name": "tempest-TestNetworkBasicOps-403455935", "fingerprint": "29:fc:d3:f5:7a:fe:7c:db:94:14:04:64:a2:dc:b5:06"}}
2015-12-04 00:56:25,195 27347 INFO     [tempest_lib.common.rest_client] Request (TestNetworkBasicOps:test_update_instance_port_admin_state): 200 POST http://10.0.2.15:5000/v2.0/tokens
2015-12-04 00:56:25,196 27347 DEBUG    [tempest_lib.common.rest_client] Request - Headers: {'Content-Type': 'application/json', 'Accept': 'application/json'}
        Body: &lt;omitted&gt;
    Response - Headers: {'status': '200', 'content-length': '2528', 'vary': 'X-Auth-Token', 'server': 'Apache/2.4.7 (Ubuntu)', 'connection': 'close', 'date': 'Fri, 04 Dec 2015 00:56:25 GMT', 'content-type': 'application/json', 'x-openstack-request-id': 'req-852a4ef0-8916-4c83-a895-3ded1547b9db'}
        Body: {"access": {"token": {"issued_at": "2015-12-04T00:56:25.180495", "expires": "2015-12-04T01:56:25Z", "id": "7fa762f11cf74f40a6f5fbe1cf34cc63", "tenant": {"description": "tempest-TestNetworkBasicOps-378294215-desc", "enabled": true, "id": "2671d4d764b94b868b3ce2edd9642278", "name": "tempest-TestNetworkBasicOps-378294215"}, "audit_ids": ["g8MyHyz0TH2rFQz-5LKB-Q"]}, "serviceCatalog": [{"endpoints": [{"adminURL": "http://10.0.2.15:8774/v2.1/2671d4d764b94b868b3ce2edd9642278", "region": "RegionOne", "internalURL": "http://10.0.2.15:8774/v2.1/2671d4d764b94b868b3ce2edd9642278", "id": "19477c31061a4b23a557f46484be7952", "publicURL": "http://10.0.2.15:8774/v2.1/2671d4d764b94b868b3ce2edd9642278"}], "endpoints_links": [], "type": "compute", "name": "nova"}, {"endpoints": [{"adminURL": "http://10.0.2.15:9696/", "region": "RegionOne", "internalURL": "http://10.0.2.15:9696/", "id": "08695951eb5e42d6ad58a5eec4ee8301", "publicURL": "http://10.0.2.15:9696/"}], "endpoints_links": [], "type": "network", "name": "neutron"}, {"endpoints": [{"adminURL": "http://10.0.2.15:9292", "region": "RegionOne", "internalURL": "http://10.0.2.15:9292", "id": "07c2e9d07ab0411bb20fc993165a53a4", "publicURL": "http://10.0.2.15:9292"}], "endpoints_links": [], "type": "image", "name": "glance"}, {"endpoints": [{"adminURL": "http://10.0.2.15:8774/v2/2671d4d764b94b868b3ce2edd9642278", "region": "RegionOne", "internalURL": "http://10.0.2.15:8774/v2/2671d4d764b94b868b3ce2edd9642278", "id": "a80b9d99879247d68d6665355bccbcaa", "publicURL": "http://10.0.2.15:8774/v2/2671d4d764b94b868b3ce2edd9642278"}], "endpoints_links": [], "type": "compute_legacy", "name": "nova_legacy"}, {"endpoints": [{"adminURL": "http://10.0.2.15:8773/", "region": "RegionOne", "internalURL": "http://10.0.2.15:8773/", "id": "7997631ee1684324b6e6ac864f902286", "publicURL": "http://10.0.2.15:8773/"}], "endpoints_links": [], "type": "ec2", "name": "ec2"}, {"endpoints": [{"adminURL": "http://10.0.2.15:35357/v2.0", "region": "RegionOne", "internalURL": "http://10.0.2.15:5000/v2.0", "id": "199355d9d441452a9578229e4d07d893", "publicURL": "http://10.0.2.15:5000/v2.0"}], "endpoints_links": [], "type": "identity", "name": "keystone"}], "user": {"username": "tempest-TestNetworkBasicOps-1525749984", "roles_links": [], "id": "432f61028ad946f58e00706a27a673bb", "roles": [{"name": "_member_"}, {"name": "Member"}], "name": "tempest-TestNetworkBasicOps-1525749984"}, "metadata": {"is_admin": 0, "roles": ["9fe2ff9ee4384b1894a90878d3e92bab", "9ff972df3127479981634c4d3209536e"]}}}
2015-12-04 00:56:25,201 27347 DEBUG    [tempest.common.fixed_network] (TestNetworkBasicOps:test_update_instance_port_admin_state) No valid network provided or created, defaulting to fixed_network_name
2015-12-04 00:56:25,531 27347 INFO     [tempest_lib.common.rest_client] Request (TestNetworkBasicOps:test_update_instance_port_admin_state): 200 GET http://10.0.2.15:8774/v2.1/2671d4d764b94b868b3ce2edd9642278/os-networks 0.329s
2015-12-04 00:56:25,532 27347 DEBUG    [tempest_lib.common.rest_client] Request - Headers: {'Content-Type': 'application/json', 'Accept': 'application/json', 'X-Auth-Token': '&lt;omitted&gt;'}
        Body: None
    Response - Headers: {'status': '200', 'content-length': '478', 'content-location': 'http://10.0.2.15:8774/v2.1/2671d4d764b94b868b3ce2edd9642278/os-networks', 'x-compute-request-id': 'req-8675ebee-b144-44ca-9a89-8502ed1a9303', 'vary': 'X-OpenStack-Nova-API-Version', 'connection': 'close', 'x-openstack-nova-api-version': '2.1', 'date': 'Fri, 04 Dec 2015 00:56:25 GMT', 'content-type': 'application/json'}
        Body: {"networks": [{"cidr_v6": null, "dns2": null, "dns1": null, "gateway": null, "broadcast": null, "netmask": null, "gateway_v6": null, "cidr": null, "label": "public", "id": "eaf122b1-4fe2-4e37-9d96-b4fd2e45fedf", "netmask_v6": null}, {"cidr_v6": null, "dns2": null, "dns1": null, "gateway": null, "broadcast": null, "netmask": null, "gateway_v6": null, "cidr": null, "label": "tempest-network-smoke--755585593", "id": "420c81af-6b56-49ff-a2ec-e43af230ff82", "netmask_v6": null}]}
2015-12-04 00:56:25,532 27347 WARNING  [tempest.common.fixed_network] (TestNetworkBasicOps:test_update_instance_port_admin_state) Network with name: private not found
2015-12-04 00:56:25,533 27347 INFO     [tempest.common.fixed_network] (TestNetworkBasicOps:test_update_instance_port_admin_state) Found network {} available for tenant
2015-12-04 00:56:26,165 27347 INFO     [tempest_lib.common.rest_client] Request (TestNetworkBasicOps:test_update_instance_port_admin_state): 202 POST http://10.0.2.15:8774/v2.1/2671d4d764b94b868b3ce2edd9642278/servers 0.631s
2015-12-04 00:56:26,166 27347 DEBUG    [tempest_lib.common.rest_client] Request - Headers: {'Content-Type': 'application/json', 'Accept': 'application/json', 'X-Auth-Token': '&lt;omitted&gt;'}
        Body: {"server": {"name": "tempest.common.compute-instance-176207939", "imageRef": "38327c23-3c2f-48b7-bad9-5ca59391184f", "key_name": "tempest-TestNetworkBasicOps-403455935", "flavorRef": "42", "networks": [{"uuid": "420c81af-6b56-49ff-a2ec-e43af230ff82"}], "security_groups": [{"name": "tempest-secgroup-smoke-558948012"}]}}
    Response - Headers: {'status': '202', 'content-length': '461', 'x-compute-request-id': 'req-7a52281d-40e6-466b-a3ee-ab4f00947ce1', 'vary': 'X-OpenStack-Nova-API-Version', 'connection': 'close', 'location': 'http://10.0.2.15:8774/v2.1/2671d4d764b94b868b3ce2edd9642278/servers/2814bc3c-76a4-4ba2-954b-ef9e73ca6416', 'x-openstack-nova-api-version': '2.1', 'date': 'Fri, 04 Dec 2015 00:56:26 GMT', 'content-type': 'application/json'}
        Body: {"server": {"security_groups": [{"name": "tempest-secgroup-smoke-558948012"}], "OS-DCF:diskConfig": "MANUAL", "id": "2814bc3c-76a4-4ba2-954b-ef9e73ca6416", "links": [{"href": "http://10.0.2.15:8774/v2.1/2671d4d764b94b868b3ce2edd9642278/servers/2814bc3c-76a4-4ba2-954b-ef9e73ca6416", "rel": "self"}, {"href": "http://10.0.2.15:8774/2671d4d764b94b868b3ce2edd9642278/servers/2814bc3c-76a4-4ba2-954b-ef9e73ca6416", "rel": "bookmark"}], "adminPass": "XQ2dTtZACbJf"}}
2015-12-04 00:56:26,307 27347 INFO     [tempest_lib.common.rest_client] Request (TestNetworkBasicOps:test_update_instance_port_admin_state): 200 GET http://10.0.2.15:8774/v2.1/2671d4d764b94b868b3ce2edd9642278/servers/2814bc3c-76a4-4ba2-954b-ef9e73ca6416 0.139s
2015-12-04 00:56:26,308 27347 DEBUG    [tempest_lib.common.rest_client] Request - Headers: {'Content-Type': 'application/json', 'Accept': 'application/json', 'X-Auth-Token': '&lt;omitted&gt;'}
        Body: None
    Response - Headers: {'status': '200', 'content-length': '1354', 'content-location': 'http://10.0.2.15:8774/v2.1/2671d4d764b94b868b3ce2edd9642278/servers/2814bc3c-76a4-4ba2-954b-ef9e73ca6416', 'x-compute-request-id': 'req-5b1d7db9-af4f-4515-840b-af33794eae24', 'vary': 'X-OpenStack-Nova-API-Version', 'connection': 'close', 'x-openstack-nova-api-version': '2.1', 'date': 'Fri, 04 Dec 2015 00:56:26 GMT', 'content-type': 'application/json'}
        Body: {"server": {"status": "BUILD", "updated": "2015-12-04T00:56:26Z", "hostId": "", "addresses": {}, "links": [{"href": "http://10.0.2.15:8774/v2.1/2671d4d764b94b868b3ce2edd9642278/servers/2814bc3c-76a4-4ba2-954b-ef9e73ca6416", "rel": "self"}, {"href": "http://10.0.2.15:8774/2671d4d764b94b868b3ce2edd9642278/servers/2814bc3c-76a4-4ba2-954b-ef9e73ca6416", "rel": "bookmark"}], "key_name": "tempest-TestNetworkBasicOps-403455935", "image": {"id": "38327c23-3c2f-48b7-bad9-5ca59391184f", "links": [{"href": "http://10.0.2.15:8774/2671d4d764b94b868b3ce2edd9642278/images/38327c23-3c2f-48b7-bad9-5ca59391184f", "rel": "bookmark"}]}, "OS-EXT-STS:task_state": "scheduling", "OS-EXT-STS:vm_state": "building", "OS-SRV-USG:launched_at": null, "flavor": {"id": "42", "links": [{"href": "http://10.0.2.15:8774/2671d4d764b94b868b3ce2edd9642278/flavors/42", "rel": "bookmark"}]}, "id": "2814bc3c-76a4-4ba2-954b-ef9e73ca6416", "OS-SRV-USG:terminated_at": null, "OS-EXT-AZ:availability_zone": "", "user_id": "432f61028ad946f58e00706a27a673bb", "name": "tempest.common.compute-instance-176207939", "created": "2015-12-04T00:56:26Z", "tenant_id": "2671d4d764b94b868b3ce2edd9642278", "OS-DCF:diskConfig": "MANUAL", "os-extended-volumes:volumes_attached": [], "accessIPv4": "", "accessIPv6": "", "progress": 0, "OS-EXT-STS:power_state": 0, "config_drive": "", "metadata": {}}}
2015-12-04 00:56:27,528 27347 INFO     [tempest_lib.common.rest_client] Request (TestNetworkBasicOps:test_update_instance_port_admin_state): 200 GET http://10.0.2.15:8774/v2.1/2671d4d764b94b868b3ce2edd9642278/servers/2814bc3c-76a4-4ba2-954b-ef9e73ca6416 0.209s
2015-12-04 00:56:27,528 27347 DEBUG    [tempest_lib.common.rest_client] Request - Headers: {'Content-Type': 'application/json', 'Accept': 'application/json', 'X-Auth-Token': '&lt;omitted&gt;'}
        Body: None
    Response - Headers: {'status': '200', 'content-length': '1479', 'content-location': 'http://10.0.2.15:8774/v2.1/2671d4d764b94b868b3ce2edd9642278/servers/2814bc3c-76a4-4ba2-954b-ef9e73ca6416', 'x-compute-request-id': 'req-b6aff45a-0646-4852-aeb5-fbb673ab6afc', 'vary': 'X-OpenStack-Nova-API-Version', 'connection': 'close', 'x-openstack-nova-api-version': '2.1', 'date': 'Fri, 04 Dec 2015 00:56:27 GMT', 'content-type': 'application/json'}
        Body: {"server": {"status": "BUILD", "updated": "2015-12-04T00:56:27Z", "hostId": "eeb5ccc3f78ca0a8b9eb5d893616a272ce72f19b117872eadc12b393", "addresses": {}, "links": [{"href": "http://10.0.2.15:8774/v2.1/2671d4d764b94b868b3ce2edd9642278/servers/2814bc3c-76a4-4ba2-954b-ef9e73ca6416", "rel": "self"}, {"href": "http://10.0.2.15:8774/2671d4d764b94b868b3ce2edd9642278/servers/2814bc3c-76a4-4ba2-954b-ef9e73ca6416", "rel": "bookmark"}], "key_name": "tempest-TestNetworkBasicOps-403455935", "image": {"id": "38327c23-3c2f-48b7-bad9-5ca59391184f", "links": [{"href": "http://10.0.2.15:8774/2671d4d764b94b868b3ce2edd9642278/images/38327c23-3c2f-48b7-bad9-5ca59391184f", "rel": "bookmark"}]}, "OS-EXT-STS:task_state": "spawning", "OS-EXT-STS:vm_state": "building", "OS-SRV-USG:launched_at": null, "flavor": {"id": "42", "links": [{"href": "http://10.0.2.15:8774/2671d4d764b94b868b3ce2edd9642278/flavors/42", "rel": "bookmark"}]}, "id": "2814bc3c-76a4-4ba2-954b-ef9e73ca6416", "security_groups": [{"name": "tempest-secgroup-smoke-558948012"}], "OS-SRV-USG:terminated_at": null, "OS-EXT-AZ:availability_zone": "nova", "user_id": "432f61028ad946f58e00706a27a673bb", "name": "tempest.common.compute-instance-176207939", "created": "2015-12-04T00:56:26Z", "tenant_id": "2671d4d764b94b868b3ce2edd9642278", "OS-DCF:diskConfig": "MANUAL", "os-extended-volumes:volumes_attached": [], "accessIPv4": "", "accessIPv6": "", "progress": 0, "OS-EXT-STS:power_state": 0, "config_drive": "", "metadata": {}}}
2015-12-04 00:56:27,536 27347 INFO     [tempest.common.waiters] State transition "BUILD/scheduling" ==&gt; "BUILD/spawning" after 1 second wait
2015-12-04 00:56:28,778 27347 INFO     [tempest_lib.common.rest_client] Request (TestNetworkBasicOps:test_update_instance_port_admin_state): 200 GET http://10.0.2.15:8774/v2.1/2671d4d764b94b868b3ce2edd9642278/servers/2814bc3c-76a4-4ba2-954b-ef9e73ca6416 0.240s
2015-12-04 00:56:28,778 27347 DEBUG    [tempest_lib.common.rest_client] Request - Headers: {'Content-Type': 'application/json', 'Accept': 'application/json', 'X-Auth-Token': '&lt;omitted&gt;'}
        Body: None
    Response - Headers: {'status': '200', 'content-length': '1479', 'content-location': 'http://10.0.2.15:8774/v2.1/2671d4d764b94b868b3ce2edd9642278/servers/2814bc3c-76a4-4ba2-954b-ef9e73ca6416', 'x-compute-request-id': 'req-4edf009d-c463-4a40-a2cb-a393dde475b6', 'vary': 'X-OpenStack-Nova-API-Version', 'connection': 'close', 'x-openstack-nova-api-version': '2.1', 'date': 'Fri, 04 Dec 2015 00:56:28 GMT', 'content-type': 'application/json'}
        Body: {"server": {"status": "BUILD", "updated": "2015-12-04T00:56:27Z", "hostId": "eeb5ccc3f78ca0a8b9eb5d893616a272ce72f19b117872eadc12b393", "addresses": {}, "links": [{"href": "http://10.0.2.15:8774/v2.1/2671d4d764b94b868b3ce2edd9642278/servers/2814bc3c-76a4-4ba2-954b-ef9e73ca6416", "rel": "self"}, {"href": "http://10.0.2.15:8774/2671d4d764b94b868b3ce2edd9642278/servers/2814bc3c-76a4-4ba2-954b-ef9e73ca6416", "rel": "bookmark"}], "key_name": "tempest-TestNetworkBasicOps-403455935", "image": {"id": "38327c23-3c2f-48b7-bad9-5ca59391184f", "links": [{"href": "http://10.0.2.15:8774/2671d4d764b94b868b3ce2edd9642278/images/38327c23-3c2f-48b7-bad9-5ca59391184f", "rel": "bookmark"}]}, "OS-EXT-STS:task_state": "spawning", "OS-EXT-STS:vm_state": "building", "OS-SRV-USG:launched_at": null, "flavor": {"id": "42", "links": [{"href": "http://10.0.2.15:8774/2671d4d764b94b868b3ce2edd9642278/flavors/42", "rel": "bookmark"}]}, "id": "2814bc3c-76a4-4ba2-954b-ef9e73ca6416", "security_groups": [{"name": "tempest-secgroup-smoke-558948012"}], "OS-SRV-USG:terminated_at": null, "OS-EXT-AZ:availability_zone": "nova", "user_id": "432f61028ad946f58e00706a27a673bb", "name": "tempest.common.compute-instance-176207939", "created": "2015-12-04T00:56:26Z", "tenant_id": "2671d4d764b94b868b3ce2edd9642278", "OS-DCF:diskConfig": "MANUAL", "os-extended-volumes:volumes_attached": [], "accessIPv4": "", "accessIPv6": "", "progress": 0, "OS-EXT-STS:power_state": 0, "config_drive": "", "metadata": {}}}
2015-12-04 00:56:29,964 27347 INFO     [tempest_lib.common.rest_client] Request (TestNetworkBasicOps:test_update_instance_port_admin_state): 200 GET http://10.0.2.15:8774/v2.1/2671d4d764b94b868b3ce2edd9642278/servers/2814bc3c-76a4-4ba2-954b-ef9e73ca6416 0.175s
2015-12-04 00:56:29,964 27347 DEBUG    [tempest_lib.common.rest_client] Request - Headers: {'Content-Type': 'application/json', 'Accept': 'application/json', 'X-Auth-Token': '&lt;omitted&gt;'}
        Body: None
    Response - Headers: {'status': '200', 'content-length': '1650', 'content-location': 'http://10.0.2.15:8774/v2.1/2671d4d764b94b868b3ce2edd9642278/servers/2814bc3c-76a4-4ba2-954b-ef9e73ca6416', 'x-compute-request-id': 'req-9b1d6278-874a-4bf9-b015-fe7034101695', 'vary': 'X-OpenStack-Nova-API-Version', 'connection': 'close', 'x-openstack-nova-api-version': '2.1', 'date': 'Fri, 04 Dec 2015 00:56:29 GMT', 'content-type': 'application/json'}
        Body: {"server": {"status": "ACTIVE", "updated": "2015-12-04T00:56:28Z", "hostId": "eeb5ccc3f78ca0a8b9eb5d893616a272ce72f19b117872eadc12b393", "addresses": {"tempest-network-smoke--755585593": [{"OS-EXT-IPS-MAC:mac_addr": "fa:16:3e:b9:ba:13", "version": 4, "addr": "10.100.0.3", "OS-EXT-IPS:type": "fixed"}]}, "links": [{"href": "http://10.0.2.15:8774/v2.1/2671d4d764b94b868b3ce2edd9642278/servers/2814bc3c-76a4-4ba2-954b-ef9e73ca6416", "rel": "self"}, {"href": "http://10.0.2.15:8774/2671d4d764b94b868b3ce2edd9642278/servers/2814bc3c-76a4-4ba2-954b-ef9e73ca6416", "rel": "bookmark"}], "key_name": "tempest-TestNetworkBasicOps-403455935", "image": {"id": "38327c23-3c2f-48b7-bad9-5ca59391184f", "links": [{"href": "http://10.0.2.15:8774/2671d4d764b94b868b3ce2edd9642278/images/38327c23-3c2f-48b7-bad9-5ca59391184f", "rel": "bookmark"}]}, "OS-EXT-STS:task_state": null, "OS-EXT-STS:vm_state": "active", "OS-SRV-USG:launched_at": "2015-12-04T00:56:28.000000", "flavor": {"id": "42", "links": [{"href": "http://10.0.2.15:8774/2671d4d764b94b868b3ce2edd9642278/flavors/42", "rel": "bookmark"}]}, "id": "2814bc3c-76a4-4ba2-954b-ef9e73ca6416", "security_groups": [{"name": "tempest-secgroup-smoke-558948012"}], "OS-SRV-USG:terminated_at": null, "OS-EXT-AZ:availability_zone": "nova", "user_id": "432f61028ad946f58e00706a27a673bb", "name": "tempest.common.compute-instance-176207939", "created": "2015-12-04T00:56:26Z", "tenant_id": "2671d4d764b94b868b3ce2edd9642278", "OS-DCF:diskConfig": "MANUAL", "os-extended-volumes:volumes_attached": [], "accessIPv4": "", "accessIPv6": "", "progress": 0, "OS-EXT-STS:power_state": 1, "config_drive": "True", "metadata": {}}}
2015-12-04 00:56:29,973 27347 INFO     [tempest.common.waiters] State transition "BUILD/spawning" ==&gt; "ACTIVE/None" after 3 second wait
2015-12-04 00:56:30,159 27347 INFO     [tempest_lib.common.rest_client] Request (TestNetworkBasicOps:test_update_instance_port_admin_state): 200 GET http://10.0.2.15:8774/v2.1/2671d4d764b94b868b3ce2edd9642278/servers/2814bc3c-76a4-4ba2-954b-ef9e73ca6416 0.185s
2015-12-04 00:56:30,160 27347 DEBUG    [tempest_lib.common.rest_client] Request - Headers: {'Content-Type': 'application/json', 'Accept': 'application/json', 'X-Auth-Token': '&lt;omitted&gt;'}
        Body: None
    Response - Headers: {'status': '200', 'content-length': '1650', 'content-location': 'http://10.0.2.15:8774/v2.1/2671d4d764b94b868b3ce2edd9642278/servers/2814bc3c-76a4-4ba2-954b-ef9e73ca6416', 'x-compute-request-id': 'req-8fc32926-bd13-449f-8800-2f246693c8c4', 'vary': 'X-OpenStack-Nova-API-Version', 'connection': 'close', 'x-openstack-nova-api-version': '2.1', 'date': 'Fri, 04 Dec 2015 00:56:30 GMT', 'content-type': 'application/json'}
        Body: {"server": {"status": "ACTIVE", "updated": "2015-12-04T00:56:28Z", "hostId": "eeb5ccc3f78ca0a8b9eb5d893616a272ce72f19b117872eadc12b393", "addresses": {"tempest-network-smoke--755585593": [{"OS-EXT-IPS-MAC:mac_addr": "fa:16:3e:b9:ba:13", "version": 4, "addr": "10.100.0.3", "OS-EXT-IPS:type": "fixed"}]}, "links": [{"href": "http://10.0.2.15:8774/v2.1/2671d4d764b94b868b3ce2edd9642278/servers/2814bc3c-76a4-4ba2-954b-ef9e73ca6416", "rel": "self"}, {"href": "http://10.0.2.15:8774/2671d4d764b94b868b3ce2edd9642278/servers/2814bc3c-76a4-4ba2-954b-ef9e73ca6416", "rel": "bookmark"}], "key_name": "tempest-TestNetworkBasicOps-403455935", "image": {"id": "38327c23-3c2f-48b7-bad9-5ca59391184f", "links": [{"href": "http://10.0.2.15:8774/2671d4d764b94b868b3ce2edd9642278/images/38327c23-3c2f-48b7-bad9-5ca59391184f", "rel": "bookmark"}]}, "OS-EXT-STS:task_state": null, "OS-EXT-STS:vm_state": "active", "OS-SRV-USG:launched_at": "2015-12-04T00:56:28.000000", "flavor": {"id": "42", "links": [{"href": "http://10.0.2.15:8774/2671d4d764b94b868b3ce2edd9642278/flavors/42", "rel": "bookmark"}]}, "id": "2814bc3c-76a4-4ba2-954b-ef9e73ca6416", "security_groups": [{"name": "tempest-secgroup-smoke-558948012"}], "OS-SRV-USG:terminated_at": null, "OS-EXT-AZ:availability_zone": "nova", "user_id": "432f61028ad946f58e00706a27a673bb", "name": "tempest.common.compute-instance-176207939", "created": "2015-12-04T00:56:26Z", "tenant_id": "2671d4d764b94b868b3ce2edd9642278", "OS-DCF:diskConfig": "MANUAL", "os-extended-volumes:volumes_attached": [], "accessIPv4": "", "accessIPv6": "", "progress": 0, "OS-EXT-STS:power_state": 1, "config_drive": "True", "metadata": {}}}
2015-12-04 00:56:30,168 27347 INFO     [tempest.scenario.manager] Tenant networks not configured to be reachable.
2015-12-04 00:56:30,201 27347 INFO     [tempest_lib.common.rest_client] Request (TestNetworkBasicOps:test_update_instance_port_admin_state): 200 GET http://10.0.2.15:9696/v2.0/ports?status=ACTIVE&amp;fixed_ip=None&amp;device_id=2814bc3c-76a4-4ba2-954b-ef9e73ca6416 0.031s
2015-12-04 00:56:30,201 27347 DEBUG    [tempest_lib.common.rest_client] Request - Headers: {'Content-Type': 'application/json', 'Accept': 'application/json', 'X-Auth-Token': '&lt;omitted&gt;'}
        Body: None
    Response - Headers: {'status': '200', 'content-length': '895', 'content-location': 'http://10.0.2.15:9696/v2.0/ports?status=ACTIVE&amp;fixed_ip=None&amp;device_id=2814bc3c-76a4-4ba2-954b-ef9e73ca6416', 'connection': 'close', 'date': 'Fri, 04 Dec 2015 00:56:30 GMT', 'content-type': 'application/json; charset=UTF-8', 'x-openstack-request-id': 'req-cfdaa5f1-4d98-4030-af48-12ac160bdcd5'}
        Body: {"ports": [{"status": "ACTIVE", "binding:host_id": "vagrant-ubuntu-trusty-64", "allowed_address_pairs": [], "extra_dhcp_opts": [], "dns_assignment": [{"hostname": "host-10-100-0-3", "ip_address": "10.100.0.3", "fqdn": "host-10-100-0-3.openstacklocal."}], "device_owner": "compute:None", "port_security_enabled": true, "binding:profile": {}, "fixed_ips": [{"subnet_id": "84befc6e-7008-459b-ac39-4eca28e3794a", "ip_address": "10.100.0.3"}], "id": "63c4e9c9-f002-4f52-9069-f75f429fc458", "security_groups": ["8fcb9a70-7dc2-4fd4-97cb-34547f04f4d0"], "device_id": "2814bc3c-76a4-4ba2-954b-ef9e73ca6416", "name": "", "admin_state_up": true, "network_id": "420c81af-6b56-49ff-a2ec-e43af230ff82", "dns_name": "", "binding:vif_details": {"port_filter": true}, "binding:vnic_type": "normal", "binding:vif_type": "ovs", "tenant_id": "2671d4d764b94b868b3ce2edd9642278", "mac_address": "fa:16:3e:b9:ba:13"}]}
2015-12-04 00:56:30,659 27347 INFO     [tempest_lib.common.rest_client] Request (TestNetworkBasicOps:test_update_instance_port_admin_state): 201 POST http://10.0.2.15:9696/v2.0/floatingips 0.457s
2015-12-04 00:56:30,659 27347 DEBUG    [tempest_lib.common.rest_client] Request - Headers: {'Content-Type': 'application/json', 'Accept': 'application/json', 'X-Auth-Token': '&lt;omitted&gt;'}
        Body: {"floatingip": {"floating_network_id": "eaf122b1-4fe2-4e37-9d96-b4fd2e45fedf", "tenant_id": "2671d4d764b94b868b3ce2edd9642278", "fixed_ip_address": "10.100.0.3", "port_id": "63c4e9c9-f002-4f52-9069-f75f429fc458"}}
    Response - Headers: {'status': '201', 'content-length': '368', 'connection': 'close', 'date': 'Fri, 04 Dec 2015 00:56:30 GMT', 'content-type': 'application/json; charset=UTF-8', 'x-openstack-request-id': 'req-963295dd-3ee4-4390-ac3a-8265cbb37c14'}
        Body: {"floatingip": {"floating_network_id": "eaf122b1-4fe2-4e37-9d96-b4fd2e45fedf", "router_id": "e6e06946-70d4-4ffd-9599-4ca9daa651ee", "fixed_ip_address": "10.100.0.3", "floating_ip_address": "172.24.4.18", "tenant_id": "2671d4d764b94b868b3ce2edd9642278", "status": "DOWN", "port_id": "63c4e9c9-f002-4f52-9069-f75f429fc458", "id": "3d6ff728-b641-4101-87c8-cb9a12a07947"}}
2015-12-04 00:56:30,691 27347 INFO     [tempest_lib.common.rest_client] Request (TestNetworkBasicOps:test_update_instance_port_admin_state): 200 GET http://10.0.2.15:9696/v2.0/ports?device_id=2814bc3c-76a4-4ba2-954b-ef9e73ca6416 0.031s
2015-12-04 00:56:30,692 27347 DEBUG    [tempest_lib.common.rest_client] Request - Headers: {'Content-Type': 'application/json', 'Accept': 'application/json', 'X-Auth-Token': '&lt;omitted&gt;'}
        Body: None
    Response - Headers: {'status': '200', 'content-length': '895', 'content-location': 'http://10.0.2.15:9696/v2.0/ports?device_id=2814bc3c-76a4-4ba2-954b-ef9e73ca6416', 'connection': 'close', 'date': 'Fri, 04 Dec 2015 00:56:30 GMT', 'content-type': 'application/json; charset=UTF-8', 'x-openstack-request-id': 'req-422764ad-78f7-475a-9968-934d1337f74b'}
        Body: {"ports": [{"status": "ACTIVE", "binding:host_id": "vagrant-ubuntu-trusty-64", "allowed_address_pairs": [], "extra_dhcp_opts": [], "dns_assignment": [{"hostname": "host-10-100-0-3", "ip_address": "10.100.0.3", "fqdn": "host-10-100-0-3.openstacklocal."}], "device_owner": "compute:None", "port_security_enabled": true, "binding:profile": {}, "fixed_ips": [{"subnet_id": "84befc6e-7008-459b-ac39-4eca28e3794a", "ip_address": "10.100.0.3"}], "id": "63c4e9c9-f002-4f52-9069-f75f429fc458", "security_groups": ["8fcb9a70-7dc2-4fd4-97cb-34547f04f4d0"], "device_id": "2814bc3c-76a4-4ba2-954b-ef9e73ca6416", "name": "", "admin_state_up": true, "network_id": "420c81af-6b56-49ff-a2ec-e43af230ff82", "dns_name": "", "binding:vif_details": {"port_filter": true}, "binding:vnic_type": "normal", "binding:vif_type": "ovs", "tenant_id": "2671d4d764b94b868b3ce2edd9642278", "mac_address": "fa:16:3e:b9:ba:13"}]}
2015-12-04 00:56:30,703 27347 INFO     [tempest_lib.common.rest_client] Request (TestNetworkBasicOps:test_update_instance_port_admin_state): 200 GET http://10.0.2.15:9696/v2.0/floatingips/3d6ff728-b641-4101-87c8-cb9a12a07947 0.010s
2015-12-04 00:56:30,703 27347 DEBUG    [tempest_lib.common.rest_client] Request - Headers: {'Content-Type': 'application/json', 'Accept': 'application/json', 'X-Auth-Token': '&lt;omitted&gt;'}
        Body: None
    Response - Headers: {'status': '200', 'content-length': '368', 'content-location': 'http://10.0.2.15:9696/v2.0/floatingips/3d6ff728-b641-4101-87c8-cb9a12a07947', 'connection': 'close', 'date': 'Fri, 04 Dec 2015 00:56:30 GMT', 'content-type': 'application/json; charset=UTF-8', 'x-openstack-request-id': 'req-aec7f7be-61b2-4a00-a4da-376bd4f622a5'}
        Body: {"floatingip": {"floating_network_id": "eaf122b1-4fe2-4e37-9d96-b4fd2e45fedf", "router_id": "e6e06946-70d4-4ffd-9599-4ca9daa651ee", "fixed_ip_address": "10.100.0.3", "floating_ip_address": "172.24.4.18", "tenant_id": "2671d4d764b94b868b3ce2edd9642278", "status": "DOWN", "port_id": "63c4e9c9-f002-4f52-9069-f75f429fc458", "id": "3d6ff728-b641-4101-87c8-cb9a12a07947"}}
2015-12-04 00:56:31,718 27347 INFO     [tempest_lib.common.rest_client] Request (TestNetworkBasicOps:test_update_instance_port_admin_state): 200 GET http://10.0.2.15:9696/v2.0/floatingips/3d6ff728-b641-4101-87c8-cb9a12a07947 0.012s
2015-12-04 00:56:31,719 27347 DEBUG    [tempest_lib.common.rest_client] Request - Headers: {'Content-Type': 'application/json', 'Accept': 'application/json', 'X-Auth-Token': '&lt;omitted&gt;'}
        Body: None
    Response - Headers: {'status': '200', 'content-length': '370', 'content-location': 'http://10.0.2.15:9696/v2.0/floatingips/3d6ff728-b641-4101-87c8-cb9a12a07947', 'connection': 'close', 'date': 'Fri, 04 Dec 2015 00:56:31 GMT', 'content-type': 'application/json; charset=UTF-8', 'x-openstack-request-id': 'req-a6920b97-f1c7-47fc-b54e-947a1c779d44'}
        Body: {"floatingip": {"floating_network_id": "eaf122b1-4fe2-4e37-9d96-b4fd2e45fedf", "router_id": "e6e06946-70d4-4ffd-9599-4ca9daa651ee", "fixed_ip_address": "10.100.0.3", "floating_ip_address": "172.24.4.18", "tenant_id": "2671d4d764b94b868b3ce2edd9642278", "status": "ACTIVE", "port_id": "63c4e9c9-f002-4f52-9069-f75f429fc458", "id": "3d6ff728-b641-4101-87c8-cb9a12a07947"}}
2015-12-04 00:56:31,719 27347 INFO     [tempest.scenario.manager] FloatingIP: &lt;"FloatingIP" addr="172.24.4.18" id="3d6ff728-b641-4101-87c8-cb9a12a07947"&gt; is at status: ACTIVE
2015-12-04 00:56:31,720 27347 DEBUG    [tempest.scenario.manager] checking network connections to IP 172.24.4.18 with user: cirros
2015-12-04 00:56:31,720 27347 DEBUG    [tempest.scenario.manager] TestNetworkBasicOps:test_update_instance_port_admin_state begins to ping 172.24.4.18 in 120 sec and the expected result is reachable
2015-12-04 00:56:49,783 27347 DEBUG    [tempest.scenario.manager] TestNetworkBasicOps:test_update_instance_port_admin_state finishes ping 172.24.4.18 in 120 sec and the ping result is expected
2015-12-04 00:56:49,784 27347 INFO     [tempest_lib.common.ssh] Creating ssh connection to '172.24.4.18' as 'cirros' with public key authentication
2015-12-04 00:56:49,790 27347 WARNING  [tempest_lib.common.ssh] Failed to establish authenticated ssh connection to cirros@172.24.4.18 ([Errno None] Unable to connect to port 22 on  or 172.24.4.18). Number attempts: 1. Retry after 2 seconds.
2015-12-04 00:56:52,392 27347 INFO     [paramiko.transport] Connected (version 2.0, client dropbear_2012.55)
2015-12-04 00:56:53,002 27347 INFO     [paramiko.transport] Authentication (publickey) successful!
2015-12-04 00:56:53,029 27347 INFO     [tempest_lib.common.ssh] ssh connection to cirros@172.24.4.18 successfuly created
2015-12-04 00:56:53,380 27347 INFO     [tempest_lib.common.rest_client] Request (TestNetworkBasicOps:test_update_instance_port_admin_state): 200 PUT http://10.0.2.15:9696/v2.0/ports/63c4e9c9-f002-4f52-9069-f75f429fc458 0.235s
2015-12-04 00:56:53,381 27347 DEBUG    [tempest_lib.common.rest_client] Request - Headers: {'Content-Type': 'application/json', 'Accept': 'application/json', 'X-Auth-Token': '&lt;omitted&gt;'}
        Body: {"port": {"admin_state_up": false}}
    Response - Headers: {'status': '200', 'content-length': '750', 'connection': 'close', 'date': 'Fri, 04 Dec 2015 00:56:53 GMT', 'content-type': 'application/json; charset=UTF-8', 'x-openstack-request-id': 'req-ec370f7d-dde4-4208-a783-c33d837a6a74'}
        Body: {"port": {"status": "ACTIVE", "name": "", "allowed_address_pairs": [], "admin_state_up": false, "network_id": "420c81af-6b56-49ff-a2ec-e43af230ff82", "dns_name": "", "extra_dhcp_opts": [], "mac_address": "fa:16:3e:b9:ba:13", "dns_assignment": [{"hostname": "host-10-100-0-3", "ip_address": "10.100.0.3", "fqdn": "host-10-100-0-3.openstacklocal."}], "binding:vnic_type": "normal", "device_owner": "compute:None", "tenant_id": "2671d4d764b94b868b3ce2edd9642278", "port_security_enabled": true, "fixed_ips": [{"subnet_id": "84befc6e-7008-459b-ac39-4eca28e3794a", "ip_address": "10.100.0.3"}], "id": "63c4e9c9-f002-4f52-9069-f75f429fc458", "security_groups": ["8fcb9a70-7dc2-4fd4-97cb-34547f04f4d0"], "device_id": "2814bc3c-76a4-4ba2-954b-ef9e73ca6416"}}
2015-12-04 00:56:53,381 27347 DEBUG    [tempest.scenario.manager] checking network connections to IP 172.24.4.18 with user: cirros
2015-12-04 00:56:53,382 27347 DEBUG    [tempest.scenario.manager] TestNetworkBasicOps:test_update_instance_port_admin_state begins to ping 172.24.4.18 in 120 sec and the expected result is unreachable
2015-12-04 00:58:53,915 27347 DEBUG    [tempest.scenario.manager] TestNetworkBasicOps:test_update_instance_port_admin_state finishes ping 172.24.4.18 in 120 sec and the ping result is unexpected
2015-12-04 00:58:53,916 27347 ERROR    [tempest.scenario.manager] Public network connectivity check failed: after updating admin_state_up of instance port to False
2015-12-04 00:58:53.916 27347 ERROR tempest.scenario.manager Traceback (most recent call last):
2015-12-04 00:58:53.916 27347 ERROR tempest.scenario.manager   File "tempest/scenario/manager.py", line 606, in check_public_network_connectivity
2015-12-04 00:58:53.916 27347 ERROR tempest.scenario.manager     should_connect=should_connect)
2015-12-04 00:58:53.916 27347 ERROR tempest.scenario.manager   File "tempest/scenario/manager.py", line 590, in check_vm_connectivity
2015-12-04 00:58:53.916 27347 ERROR tempest.scenario.manager     msg=msg)
2015-12-04 00:58:53.916 27347 ERROR tempest.scenario.manager   File "/usr/local/lib/python2.7/dist-packages/unittest2/case.py", line 702, in assertTrue
2015-12-04 00:58:53.916 27347 ERROR tempest.scenario.manager     raise self.failureException(msg)
2015-12-04 00:58:53.916 27347 ERROR tempest.scenario.manager AssertionError: False is not true : ip address 172.24.4.18 is reachable
2015-12-04 00:58:53.916 27347 ERROR tempest.scenario.manager 
2015-12-04 00:58:54,144 27347 INFO     [tempest_lib.common.rest_client] Request (TestNetworkBasicOps:test_update_instance_port_admin_state): 200 POST http://10.0.2.15:8774/v2.1/2671d4d764b94b868b3ce2edd9642278/servers/2814bc3c-76a4-4ba2-954b-ef9e73ca6416/action 0.224s
2015-12-04 00:58:54,144 27347 DEBUG    [tempest_lib.common.rest_client] Request - Headers: {'Content-Type': 'application/json', 'Accept': 'application/json', 'X-Auth-Token': '&lt;omitted&gt;'}
        Body: {"os-getConsoleOutput": {}}
    Response - Headers: {'status': '200', 'content-length': '19743', 'x-compute-request-id': 'req-1b3d35ab-670d-4f64-bb02-0b456e857dd1', 'vary': 'X-OpenStack-Nova-API-Version', 'connection': 'close', 'x-openstack-nova-api-version': '2.1', 'date': 'Fri, 04 Dec 2015 00:58:54 GMT', 'content-type': 'application/json'}
        Body: {"output": "[    0.000000] Initializing cgroup subsys cpuset\n[    0.000000] Initializing cgroup subsys cpu\n[    0.000000] Linux version 3.2.0-80-virtual (buildd@batsu) (gcc version 4.6.3 (Ubuntu/Linaro 4.6.3-1ubuntu5) ) #116-Ubuntu SMP Mon Mar 23 17:28:52 UTC 2015 (Ubuntu 3.2.0-80.116-virtual 3.2.68)\n[    0.000000] Command line: root=/dev/vda console=tty0 console=ttyS0 no_timer_check\n[    0.000000] KERNEL supported cpus:\n[    0.000000]   Intel GenuineIntel\n[    0.000000]   AMD AuthenticAMD\n[    0.000000]   Centaur CentaurHauls\n[    0.000000] BIOS-provided physical RAM map:\n[    0.000000]  BIOS-e820: 0000000000000000 - 000000000009fc00 (usable)\n[    0.000000]  BIOS-e820: 000000000009fc00 - 00000000000a0000 (reserved)\n[    0.000000]  BIOS-e820: 00000000000f0000 - 0000000000100000 (reserved)\n[    0.000000]  BIOS-e820: 0000000000100000 - 0000000003ffe000 (usable)\n[    0.000000]  BIOS-e820: 0000000003ffe000 - 0000000004000000 (reserved)\n[    0.000000]  BIOS-e820: 00000000fffc0000 - 0000000100000000 (reserved)\n[    0.000000] NX (Execute Disable) protection: active\n[    0.000000] SMBIOS 2.4 present.\n[    0.000000] No AGP bridge found\n[    0.000000] last_pfn = 0x3ffe max_arch_pfn = 0x400000000\n[    0.000000] x86 PAT enabled: cpu 0, old 0x7040600070406, new 0x7010600070106\n[    0.000000] found SMP MP-table at [ffff8800000f0b00] f0b00\n[    0.000000] init_memory_mapping: 0000000000000000-0000000003ffe000\n[    0.000000] RAMDISK: 03c5e000 - 03ff0000\n[    0.000000] ACPI: RSDP 00000000000f0950 00014 (v00 BOCHS )\n[    0.000000] ACPI: RSDT 0000000003fffbc1 00034 (v01 BOCHS  BXPCRSDT 00000001 BXPC 00000001)\n[    0.000000] ACPI: FACP 0000000003fff1c0 00074 (v01 BOCHS  BXPCFACP 00000001 BXPC 00000001)\n[    0.000000] ACPI: DSDT 0000000003ffe040 01180 (v01 BOCHS  BXPCDSDT 00000001 BXPC 00000001)\n[    0.000000] ACPI: FACS 0000000003ffe000 00040\n[    0.000000] ACPI: SSDT 0000000003fff234 008DD (v01 BOCHS  BXPCSSDT 00000001 BXPC 00000001)\n[    0.000000] ACPI: APIC 0000000003fffb11 00078 (v01 BOCHS  BXPCAPIC 00000001 BXPC 00000001)\n[    0.000000] ACPI: HPET 0000000003fffb89 00038 (v01 BOCHS  BXPCHPET 00000001 BXPC 00000001)\n[    0.000000] No NUMA configuration found\n[    0.000000] Faking a node at 0000000000000000-0000000003ffe000\n[    0.000000] Initmem setup node 0 0000000000000000-0000000003ffe000\n[    0.000000]   NODE_DATA [0000000003ff6000 - 0000000003ffafff]\n[    0.000000] Zone PFN ranges:\n[    0.000000]   DMA      0x00000010 -&gt; 0x00001000\n[    0.000000]   DMA32    0x00001000 -&gt; 0x00100000\n[    0.000000]   Normal   empty\n[    0.000000] Movable zone start PFN for each node\n[    0.000000] early_node_map[2] active PFN ranges\n[    0.000000]     0: 0x00000010 -&gt; 0x0000009f\n[    0.000000]     0: 0x00000100 -&gt; 0x00003ffe\n[    0.000000] ACPI: PM-Timer IO Port: 0xb008\n[    0.000000] ACPI: LAPIC (acpi_id[0x00] lapic_id[0x00] enabled)\n[    0.000000] ACPI: LAPIC_NMI (acpi_id[0xff] dfl dfl lint[0x1])\n[    0.000000] ACPI: IOAPIC (id[0x00] address[0xfec00000] gsi_base[0])\n[    0.000000] IOAPIC[0]: apic_id 0, version 17, address 0xfec00000, GSI 0-23\n[    0.000000] ACPI: INT_SRC_OVR (bus 0 bus_irq 0 global_irq 2 dfl dfl)\n[    0.000000] ACPI: INT_SRC_OVR (bus 0 bus_irq 5 global_irq 5 high level)\n[    0.000000] ACPI: INT_SRC_OVR (bus 0 bus_irq 9 global_irq 9 high level)\n[    0.000000] ACPI: INT_SRC_OVR (bus 0 bus_irq 10 global_irq 10 high level)\n[    0.000000] ACPI: INT_SRC_OVR (bus 0 bus_irq 11 global_irq 11 high level)\n[    0.000000] Using ACPI (MADT) for SMP configuration information\n[    0.000000] ACPI: HPET id: 0x8086a201 base: 0xfed00000\n[    0.000000] SMP: Allowing 1 CPUs, 0 hotplug CPUs\n[    0.000000] PM: Registered nosave memory: 000000000009f000 - 00000000000a0000\n[    0.000000] PM: Registered nosave memory: 00000000000a0000 - 00000000000f0000\n[    0.000000] PM: Registered nosave memory: 00000000000f0000 - 0000000000100000\n[    0.000000] Allocating PCI resources starting at 4000000 (gap: 4000000:fbfc0000)\n[    0.000000] Booting paravirtualized kernel on bare hardware\n[    0.000000] setup_pe
2015-12-04 00:58:54,147 27347 DEBUG    [tempest.scenario.manager] Console output for 2814bc3c-76a4-4ba2-954b-ef9e73ca6416
body=
[    0.000000] Initializing cgroup subsys cpuset
[    0.000000] Initializing cgroup subsys cpu
[    0.000000] Linux version 3.2.0-80-virtual (buildd@batsu) (gcc version 4.6.3 (Ubuntu/Linaro 4.6.3-1ubuntu5) ) #116-Ubuntu SMP Mon Mar 23 17:28:52 UTC 2015 (Ubuntu 3.2.0-80.116-virtual 3.2.68)
[    0.000000] Command line: root=/dev/vda console=tty0 console=ttyS0 no_timer_check
[    0.000000] KERNEL supported cpus:
[    0.000000]   Intel GenuineIntel
[    0.000000]   AMD AuthenticAMD
[    0.000000]   Centaur CentaurHauls
[    0.000000] BIOS-provided physical RAM map:
[    0.000000]  BIOS-e820: 0000000000000000 - 000000000009fc00 (usable)
[    0.000000]  BIOS-e820: 000000000009fc00 - 00000000000a0000 (reserved)
[    0.000000]  BIOS-e820: 00000000000f0000 - 0000000000100000 (reserved)
[    0.000000]  BIOS-e820: 0000000000100000 - 0000000003ffe000 (usable)
[    0.000000]  BIOS-e820: 0000000003ffe000 - 0000000004000000 (reserved)
[    0.000000]  BIOS-e820: 00000000fffc0000 - 0000000100000000 (reserved)
[    0.000000] NX (Execute Disable) protection: active
[    0.000000] SMBIOS 2.4 present.
[    0.000000] No AGP bridge found
[    0.000000] last_pfn = 0x3ffe max_arch_pfn = 0x400000000
[    0.000000] x86 PAT enabled: cpu 0, old 0x7040600070406, new 0x7010600070106
[    0.000000] found SMP MP-table at [ffff8800000f0b00] f0b00
[    0.000000] init_memory_mapping: 0000000000000000-0000000003ffe000
[    0.000000] RAMDISK: 03c5e000 - 03ff0000
[    0.000000] ACPI: RSDP 00000000000f0950 00014 (v00 BOCHS )
[    0.000000] ACPI: RSDT 0000000003fffbc1 00034 (v01 BOCHS  BXPCRSDT 00000001 BXPC 00000001)
[    0.000000] ACPI: FACP 0000000003fff1c0 00074 (v01 BOCHS  BXPCFACP 00000001 BXPC 00000001)
[    0.000000] ACPI: DSDT 0000000003ffe040 01180 (v01 BOCHS  BXPCDSDT 00000001 BXPC 00000001)
[    0.000000] ACPI: FACS 0000000003ffe000 00040
[    0.000000] ACPI: SSDT 0000000003fff234 008DD (v01 BOCHS  BXPCSSDT 00000001 BXPC 00000001)
[    0.000000] ACPI: APIC 0000000003fffb11 00078 (v01 BOCHS  BXPCAPIC 00000001 BXPC 00000001)
[    0.000000] ACPI: HPET 0000000003fffb89 00038 (v01 BOCHS  BXPCHPET 00000001 BXPC 00000001)
[    0.000000] No NUMA configuration found
[    0.000000] Faking a node at 0000000000000000-0000000003ffe000
[    0.000000] Initmem setup node 0 0000000000000000-0000000003ffe000
[    0.000000]   NODE_DATA [0000000003ff6000 - 0000000003ffafff]
[    0.000000] Zone PFN ranges:
[    0.000000]   DMA      0x00000010 -&gt; 0x00001000
[    0.000000]   DMA32    0x00001000 -&gt; 0x00100000
[    0.000000]   Normal   empty
[    0.000000] Movable zone start PFN for each node
[    0.000000] early_node_map[2] active PFN ranges
[    0.000000]     0: 0x00000010 -&gt; 0x0000009f
[    0.000000]     0: 0x00000100 -&gt; 0x00003ffe
[    0.000000] ACPI: PM-Timer IO Port: 0xb008
[    0.000000] ACPI: LAPIC (acpi_id[0x00] lapic_id[0x00] enabled)
[    0.000000] ACPI: LAPIC_NMI (acpi_id[0xff] dfl dfl lint[0x1])
[    0.000000] ACPI: IOAPIC (id[0x00] address[0xfec00000] gsi_base[0])
[    0.000000] IOAPIC[0]: apic_id 0, version 17, address 0xfec00000, GSI 0-23
[    0.000000] ACPI: INT_SRC_OVR (bus 0 bus_irq 0 global_irq 2 dfl dfl)
[    0.000000] ACPI: INT_SRC_OVR (bus 0 bus_irq 5 global_irq 5 high level)
[    0.000000] ACPI: INT_SRC_OVR (bus 0 bus_irq 9 global_irq 9 high level)
[    0.000000] ACPI: INT_SRC_OVR (bus 0 bus_irq 10 global_irq 10 high level)
[    0.000000] ACPI: INT_SRC_OVR (bus 0 bus_irq 11 global_irq 11 high level)
[    0.000000] Using ACPI (MADT) for SMP configuration information
[    0.000000] ACPI: HPET id: 0x8086a201 base: 0xfed00000
[    0.000000] SMP: Allowing 1 CPUs, 0 hotplug CPUs
[    0.000000] PM: Registered nosave memory: 000000000009f000 - 00000000000a0000
[    0.000000] PM: Registered nosave memory: 00000000000a0000 - 00000000000f0000
[    0.000000] PM: Registered nosave memory: 00000000000f0000 - 0000000000100000
[    0.000000] Allocating PCI resources starting at 4000000 (gap: 4000000:fbfc0000)
[    0.000000] Booting paravirtualized kernel on bare hardware
[    0.000000] setup_percpu: NR_CPUS:64 nr_cpumask_bits:64 nr_cpu_ids:1 nr_node_ids:1
[    0.000000] PERCPU: Embedded 27 pages/cpu @ffff880003a00000 s78848 r8192 d23552 u2097152
[    0.000000] Built 1 zonelists in Node order, mobility grouping on.  Total pages: 16008
[    0.000000] Policy zone: DMA32
[    0.000000] Kernel command line: root=/dev/vda console=tty0 console=ttyS0 no_timer_check
[    0.000000] PID hash table entries: 256 (order: -1, 2048 bytes)
[    0.000000] Checking aperture...
[    0.000000] No AGP bridge found
[    0.000000] Memory: 43492k/65528k available (6576k kernel code, 452k absent, 21584k reserved, 6620k data, 928k init)
[    0.000000] SLUB: Genslabs=15, HWalign=64, Order=0-3, MinObjects=0, CPUs=1, Nodes=1
[    0.000000] Hierarchical RCU implementation.
[    0.000000] 	RCU dyntick-idle grace-period acceleration is enabled.
[    0.000000] NR_IRQS:4352 nr_irqs:256 16
[    0.000000] Console: colour VGA+ 80x25
[    0.000000] console [tty0] enabled
[    0.000000] console [ttyS0] enabled
[    0.000000] allocated 1048576 bytes of page_cgroup
[    0.000000] please try 'cgroup_disable=memory' option if you don't want memory cgroups
[    0.000000] Fast TSC calibration failed
[    0.000000] TSC: Unable to calibrate against PIT
[    0.000000] TSC: using HPET reference calibration
[    0.000000] Detected 2289.942 MHz processor.
[    0.033536] Calibrating delay loop (skipped), value calculated using timer frequency.. 4579.88 BogoMIPS (lpj=9159768)
[    0.035575] pid_max: default: 32768 minimum: 301
[    0.043015] Security Framework initialized
[    0.046856] AppArmor: AppArmor initialized
[    0.048237] Yama: becoming mindful.
[    0.061951] Dentry cache hash table entries: 8192 (order: 4, 65536 bytes)
[    0.064698] Inode-cache hash table entries: 4096 (order: 3, 32768 bytes)
[    0.066738] Mount-cache hash table entries: 256
[    0.083356] Initializing cgroup subsys cpuacct
[    0.084353] Initializing cgroup subsys memory
[    0.085686] Initializing cgroup subsys devices
[    0.086522] Initializing cgroup subsys freezer
[    0.088140] Initializing cgroup subsys blkio
[    0.088910] Initializing cgroup subsys perf_event
[    0.093804] mce: CPU supports 10 MCE banks
[    0.097502] SMP alternatives: switching to UP code
[    0.513528] Freeing SMP alternatives: 24k freed
[    0.517053] ACPI: Core revision 20110623
[    0.566875] ftrace: allocating 26610 entries in 105 pages
[    0.606013] ..TIMER: vector=0x30 apic1=0 pin1=2 apic2=-1 pin2=-1
[    0.607452] CPU0: AMD QEMU Virtual CPU version 2.0.0 stepping 03
[    0.612037] Performance Events: Broken PMU hardware detected, using software events only.
[    0.625716] NMI watchdog disabled (cpu0): hardware events not enabled
[    0.628552] Brought up 1 CPUs
[    0.629146] Total of 1 processors activated (4579.88 BogoMIPS).
[    0.656197] devtmpfs: initialized
[    0.692770] EVM: security.selinux
[    0.693320] EVM: security.SMACK64
[    0.693842] EVM: security.capability
[    0.720389] print_constraints: dummy: 
[    0.722727] RTC time:  0:56:32, date: 12/04/15
[    0.726177] NET: Registered protocol family 16
[    0.736989] ACPI: bus type pci registered
[    0.741308] PCI: Using configuration type 1 for base access
[    0.766971] bio: create slab &lt;bio-0&gt; at 0
[    0.773219] ACPI: Added _OSI(Module Device)
[    0.773841] ACPI: Added _OSI(Processor Device)
[    0.774530] ACPI: Added _OSI(3.0 _SCP Extensions)
[    0.775210] ACPI: Added _OSI(Processor Aggregator Device)
[    0.862993] ACPI: Interpreter enabled
[    0.864252] ACPI: (supports S0 S3 S4 S5)
[    0.868325] ACPI: Using IOAPIC for interrupt routing
[    0.948389] ACPI: No dock devices found.
[    0.949102] HEST: Table not found.
[    0.949631] PCI: Using host bridge windows from ACPI; if necessary, use "pci=nocrs" and report a bug
[    0.956638] ACPI: PCI Root Bridge [PCI0] (domain 0000 [bus 00-ff])
[    0.960983] pci_root PNP0A03:00: host bridge window [io  0x0000-0x0cf7]
[    0.961783] pci_root PNP0A03:00: host bridge window [io  0x0d00-0xadff]
[    0.964071] pci_root PNP0A03:00: host bridge window [io  0xae0f-0xaeff]
[    0.965068] pci_root PNP0A03:00: host bridge window [io  0xaf20-0xafdf]
[    0.965842] pci_root PNP0A03:00: host bridge window [io  0xafe4-0xffff]
[    0.966725] pci_root PNP0A03:00: host bridge window [mem 0x000a0000-0x000bffff]
[    0.968111] pci_root PNP0A03:00: host bridge window [mem 0x04000000-0xfebfffff]
[    0.990131] pci 0000:00:01.3: quirk: [io  0xb000-0xb03f] claimed by PIIX4 ACPI
[    0.992256] pci 0000:00:01.3: quirk: [io  0xb100-0xb10f] claimed by PIIX4 SMB
[    1.070269]  pci0000:00: Unable to request _OSC control (_OSC support mask: 0x1e)
[    1.128203] ACPI: PCI Interrupt Link [LNKA] (IRQs 5 *10 11)
[    1.130176] ACPI: PCI Interrupt Link [LNKB] (IRQs 5 *10 11)
[    1.132301] ACPI: PCI Interrupt Link [LNKC] (IRQs 5 10 *11)
[    1.133698] ACPI: PCI Interrupt Link [LNKD] (IRQs 5 10 *11)
[    1.136866] ACPI: PCI Interrupt Link [LNKS] (IRQs *9)
[    1.144007] vgaarb: device added: PCI:0000:00:02.0,decodes=io+mem,owns=io+mem,locks=none
[    1.144196] vgaarb: loaded
[    1.144779] vgaarb: bridge control possible 0000:00:02.0
[    1.150420] i2c-core: driver [aat2870] using legacy suspend method
[    1.151161] i2c-core: driver [aat2870] using legacy resume method
[    1.153963] SCSI subsystem initialized
[    1.159179] usbcore: registered new interface driver usbfs
[    1.160746] usbcore: registered new interface driver hub
[    1.162080] usbcore: registered new device driver usb
[    1.167121] PCI: Using ACPI for IRQ routing
[    1.182154] NetLabel: Initializing
[    1.182848] NetLabel:  domain hash size = 128
[    1.184146] NetLabel:  protocols = UNLABELED CIPSOv4
[    1.186337] NetLabel:  unlabeled traffic allowed by default
[    1.189178] HPET: 3 timers in total, 0 timers will be used for per-cpu timer
[    1.190348] hpet0: at MMIO 0xfed00000, IRQs 2, 8, 0
[    1.191185] hpet0: 3 comparators, 64-bit 100.000000 MHz counter
[    1.202577] Switching to clocksource hpet
[    1.438826] AppArmor: AppArmor Filesystem Enabled
[    1.440699] pnp: PnP ACPI init
[    1.441563] ACPI: bus type pnp registered
[    1.463286] pnp: PnP ACPI: found 9 devices
[    1.463948] ACPI: ACPI bus type pnp unregistered
[    1.531317] NET: Registered protocol family 2
[    1.568118] IP route cache hash table entries: 512 (order: 0, 4096 bytes)
[    1.579289] TCP established hash table entries: 2048 (order: 3, 32768 bytes)
[    1.581739] TCP bind hash table entries: 2048 (order: 3, 32768 bytes)
[    1.582734] TCP: Hash tables configured (established 2048 bind 2048)
[    1.583593] TCP reno registered
[    1.584346] UDP hash table entries: 128 (order: 0, 4096 bytes)
[    1.586012] UDP-Lite hash table entries: 128 (order: 0, 4096 bytes)
[    1.590670] NET: Registered protocol family 1
[    1.591617] pci 0000:00:00.0: Limiting direct PCI/PCI transfers
[    1.593273] pci 0000:00:01.0: PIIX3: Enabling Passive Release
[    1.594214] pci 0000:00:01.0: Activating ISA DMA hang workarounds
[    1.599656] ACPI: PCI Interrupt Link [LNKD] enabled at IRQ 11
[    1.601361] pci 0000:00:01.2: PCI INT D -&gt; Link[LNKD] -&gt; GSI 11 (level, high) -&gt; IRQ 11
[    1.603453] pci 0000:00:01.2: PCI INT D disabled
[    1.625869] Trying to unpack rootfs image as initramfs...
[    1.645111] audit: initializing netlink socket (disabled)
[    1.647233] type=2000 audit(1449190592.644:1): initialized
[    1.973499] HugeTLB registered 2 MB page size, pre-allocated 0 pages
[    2.046887] VFS: Disk quotas dquot_6.5.2
[    2.049079] Dquot-cache hash table entries: 512 (order 0, 4096 bytes)
[    2.090981] fuse init (API version 7.17)
[    2.094034] msgmni has been set to 84
[    2.130666] Block layer SCSI generic (bsg) driver version 0.4 loaded (major 253)
[    2.133644] io scheduler noop registered
[    2.134165] io scheduler deadline registered (default)
[    2.135984] io scheduler cfq registered
[    2.139841] pci_hotplug: PCI Hot Plug PCI Core version: 0.5
[    2.142545] pciehp: PCI Express Hot Plug Controller Driver version: 0.4
[    2.150057] input: Power Button as /devices/LNXSYSTM:00/LNXPWRBN:00/input/input0
[    2.154956] ACPI: Power Button [PWRF]
[    2.217127] ERST: Table is not found!
[    2.217660] GHES: HEST is not enabled!
[    2.226966] ACPI: PCI Interrupt Link [LNKC] enabled at IRQ 10
[    2.227989] virtio-pci 0000:00:03.0: PCI INT A -&gt; Link[LNKC] -&gt; GSI 10 (level, high) -&gt; IRQ 10
[    2.232875] virtio-pci 0000:00:04.0: PCI INT A -&gt; Link[LNKD] -&gt; GSI 11 (level, high) -&gt; IRQ 11
[    2.250260] ACPI: PCI Interrupt Link [LNKA] enabled at IRQ 10
[    2.251098] virtio-pci 0000:00:05.0: PCI INT A -&gt; Link[LNKA] -&gt; GSI 10 (level, high) -&gt; IRQ 10
[    2.261990] Serial: 8250/16550 driver, 32 ports, IRQ sharing enabled
[    2.310193] serial8250: ttyS0 at I/O 0x3f8 (irq = 4) is a 16550A
[    2.409544] serial8250: ttyS1 at I/O 0x2f8 (irq = 3) is a 16550A
[    2.549628] 00:05: ttyS0 at I/O 0x3f8 (irq = 4) is a 16550A
[    2.629231] 00:06: ttyS1 at I/O 0x2f8 (irq = 3) is a 16550A
[    2.630007] Refined TSC clocksource calibration: 2289.942 MHz.
[    2.630640] Switching to clocksource tsc
[    2.683984] Linux agpgart interface v0.103
[    2.753656] brd: module loaded
[    2.791662] loop: module loaded
[    2.837312]  vda: unknown partition table
[    2.905123] scsi0 : ata_piix
[    2.907476] scsi1 : ata_piix
[    2.909662] ata1: PATA max MWDMA2 cmd 0x1f0 ctl 0x3f6 bmdma 0xc0a0 irq 14
[    2.910556] ata2: PATA max MWDMA2 cmd 0x170 ctl 0x376 bmdma 0xc0a8 irq 15
[    2.926092] Fixed MDIO Bus: probed
[    2.927426] tun: Universal TUN/TAP device driver, 1.6
[    2.928039] tun: (C) 1999-2004 Max Krasnyansky &lt;maxk@qualcomm.com&gt;
[    2.943212] PPP generic driver version 2.4.2
[    2.959326] ehci_hcd: USB 2.0 'Enhanced' Host Controller (EHCI) Driver
[    2.961051] ohci_hcd: USB 1.1 'Open' Host Controller (OHCI) Driver
[    2.961989] uhci_hcd: USB Universal Host Controller Interface driver
[    2.963355] uhci_hcd 0000:00:01.2: PCI INT D -&gt; Link[LNKD] -&gt; GSI 11 (level, high) -&gt; IRQ 11
[    2.967631] uhci_hcd 0000:00:01.2: UHCI Host Controller
[    2.992913] uhci_hcd 0000:00:01.2: new USB bus registered, assigned bus number 1
[    2.994592] uhci_hcd 0000:00:01.2: irq 11, io base 0x0000c040
[    3.033251] hub 1-0:1.0: USB hub found
[    3.037563] hub 1-0:1.0: 2 ports detected
[    3.051365] usbcore: registered new interface driver libusual
[    3.055373] i8042: PNP: PS/2 Controller [PNP0303:KBD,PNP0f13:MOU] at 0x60,0x64 irq 1,12
[    3.070438] serio: i8042 KBD port at 0x60,0x64 irq 1
[    3.071979] serio: i8042 AUX port at 0x60,0x64 irq 12
[    3.154162] mousedev: PS/2 mouse device common for all mice
[    3.161574] ata2.01: ATAPI: QEMU DVD-ROM, 2.0.0, max UDMA/100
[    3.175742] input: AT Translated Set 2 keyboard as /devices/platform/i8042/serio0/input/input1
[    3.181997] rtc_cmos 00:01: RTC can wake from S4
[    3.203375] rtc_cmos 00:01: rtc core: registered rtc_cmos as rtc0
[    3.207327] rtc0: alarms up to one day, 114 bytes nvram, hpet irqs
[    3.211657] device-mapper: uevent: version 1.0.3
[    3.226204] ata2.01: configured for MWDMA2
[    3.251109] device-mapper: ioctl: 4.22.0-ioctl (2011-10-19) initialised: dm-devel@redhat.com
[    3.253942] cpuidle: using governor ladder
[    3.255429] cpuidle: using governor menu
[    3.256659] EFI Variables Facility v0.08 2004-May-17
[    3.263637] TCP cubic registered
[    3.267456] NET: Registered protocol family 10
[    3.303575] NET: Registered protocol family 17
[    3.304974] Registering the dns_resolver key type
[    3.315103] scsi 1:0:1:0: CD-ROM            QEMU     QEMU DVD-ROM     2.0. PQ: 0 ANSI: 5
[    3.351559] sr0: scsi3-mmc drive: 4x/4x cd/rw xa/form2 tray
[    3.354115] cdrom: Uniform CD-ROM driver Revision: 3.20
[    3.370380] sr 1:0:1:0: Attached scsi generic sg0 type 5
[    3.411375] Freeing initrd memory: 3656k freed
[    3.430959] registered taskstats version 1
[    3.935745]   Magic number: 11:224:910
[    3.946759] rtc_cmos 00:01: setting system clock to 2015-12-04 00:56:35 UTC (1449190595)
[    3.949932] powernow-k8: Processor cpuid 663 not supported
[    3.957302] BIOS EDD facility v0.16 2004-Jun-25, 0 devices found
[    3.958880] EDD information not available.
[    4.028796] Freeing unused kernel memory: 928k freed
[    4.034033] Write protecting the kernel read-only data: 12288k
[    4.139878] Freeing unused kernel memory: 1596k freed
[    4.202926] Freeing unused kernel memory: 1184k freed

info: initramfs: up at 4.39
modprobe: module virtio_blk not found in modules.dep
modprobe: module virtio_net not found in modules.dep
info: copying initramfs to /dev/vda
info: initramfs loading root from /dev/vda
info: /etc/init.d/rc.sysinit: up at 8.90
info: container: none
Starting logging: OK
modprobe: module virtio_blk not found in modules.dep
modprobe: module virtio_net not found in modules.dep
WARN: /etc/rc3.d/S10-load-modules failed
Initializing random number generator... done.
Starting acpid: OK
cirros-ds 'local' up at 11.35
found datasource (configdrive, local)
Starting network...
udhcpc (v1.20.1) started
Sending discover...
Sending select for 10.100.0.3...
Lease of 10.100.0.3 obtained, lease time 86400
route: SIOCADDRT: File exists
WARN: failed: route add -net "0.0.0.0/0" gw "10.100.0.1"
Starting dropbear sshd: generating rsa key... generating dsa key... OK
no userdata for datasource
=== system information ===
Platform: OpenStack Foundation OpenStack Nova
Container: none
Arch: x86_64
CPU(s): 1 @ 2289.942 MHz
Cores/Sockets/Threads: 1/1/1
Virt-type: AMD-V
RAM Size: 49MB
Disks:
NAME MAJ:MIN     SIZE LABEL         MOUNTPOINT
vda  253:0   25165824 cirros-rootfs /
sr0   11:0     428032 config-2      
=== sshd host keys ===
-----BEGIN SSH HOST KEY KEYS-----
ssh-rsa AAAAB3NzaC1yc2EAAAADAQABAAAAgwCI242EUgROzxL2HWYJ84lsJaZZkNoBSrm5xPEC+8B/zRmC9uVSbEdDdkxkyVNarS3sy7TBiiPlSIprN0Iebhxul0Oz+l3SE3GEeNxRFnIIKR1eNoDMOJulDd8C8d5Px4b+6jX4leKiMCfIZmHWavaHBBqhoNYedpydi4sb+GI30t8H root@tempest
ssh-dss AAAAB3NzaC1kc3MAAACBAIj9vYFFhDRgaWJjD6/Bd3dymi3thc/iJMtsVH2DNODvvFwOiZHuKf09xx8wx4qgPvdp5ecnUBzO6aFG71cqWqlVTnlmxJ7jndBSw6SBke9CjX/1qXNEdBaBPSFMyJiKwdVimADEFZ2LJBzYfz6IgC1jSz1Hw3kzMQRb702eegitAAAAFQDxhhAW+MeKfHxQjMII6UnY8mpEMwAAAIAZTml63B2eW42gvZ+xTv2+kch0IZVWRCGQ/b3ErTKy7o3yx/lfYJliGAlMcHoErart6mzBZuPLbTrPSb1SDgenbxmnHSffxZbC6KjMIfDARq2Mr0iAQVSQZGhIFyHLvf0RHmxSCYbV4BnhhRmICA/eKggdbjWjo+pSkxyda+4s+AAAAIEAhHW/cFlxGC73snHHXS708qjzrWghENaUhd8kr1BYxwKRH+fb+f8gre0xVkzlu0MkmgCoqv1TUkivIbwijLrCOqPDqOJN04N0KXyITZ9xvNtF94u7/EcWOhn6Ygc0k4eNa0pkuilX+5o0K2e1owYDGF5dz7X4FIVEB5e3fRYKPiI= root@tempest
-----END SSH HOST KEY KEYS-----
=== network info ===
if-info: lo,up,127.0.0.1,8,::1
if-info: eth0,up,10.100.0.3,28,fe80::f816:3eff:feb9:ba13
ip-route:default via 10.100.0.1 dev eth0 
ip-route:10.100.0.0/28 dev eth0  src 10.100.0.3 
ip-route:169.254.169.254 via 10.100.0.1 dev eth0 
=== datasource: configdrive local ===
instance-id: 2814bc3c-76a4-4ba2-954b-ef9e73ca6416
name: tempest.common.compute-instance-176207939
availability-zone: nova
local-hostname: tempest.common.compute-instance-176207939.novalocal
launch-index: 0
=== cirros: current=0.3.4 uptime=21.23 ===
  ____               ____  ____
 / __/ __ ____ ____ / __ \/ __/
/ /__ / // __// __// /_/ /\ \ 
\___//_//_/  /_/   \____/___/ 
   http://cirros-cloud.net


login as 'cirros' user. default password: 'cubswin:)'. use 'sudo' for root.
tempest login: 
2015-12-04 00:58:54,364 27347 INFO     [tempest_lib.common.rest_client] Request (TestNetworkBasicOps:_run_cleanups): 204 DELETE http://10.0.2.15:9696/v2.0/floatingips/3d6ff728-b641-4101-87c8-cb9a12a07947 0.208s
2015-12-04 00:58:54,364 27347 DEBUG    [tempest_lib.common.rest_client] Request - Headers: {'Content-Type': 'application/json', 'Accept': 'application/json', 'X-Auth-Token': '&lt;omitted&gt;'}
        Body: None
    Response - Headers: {'date': 'Fri, 04 Dec 2015 00:58:54 GMT', 'status': '204', 'connection': 'close', 'content-length': '0', 'x-openstack-request-id': 'req-e62cc5d0-9f9f-4829-83d3-8eb8e8b870ae'}
        Body: 
2015-12-04 00:58:54,584 27347 INFO     [tempest_lib.common.rest_client] Request (TestNetworkBasicOps:_run_cleanups): 204 DELETE http://10.0.2.15:8774/v2.1/2671d4d764b94b868b3ce2edd9642278/servers/2814bc3c-76a4-4ba2-954b-ef9e73ca6416 0.219s
2015-12-04 00:58:54,585 27347 DEBUG    [tempest_lib.common.rest_client] Request - Headers: {'Content-Type': 'application/json', 'Accept': 'application/json', 'X-Auth-Token': '&lt;omitted&gt;'}
        Body: None
    Response - Headers: {'status': '204', 'content-length': '0', 'x-compute-request-id': 'req-3d8554aa-18e4-42a7-ad8d-b4aa86322460', 'vary': 'X-OpenStack-Nova-API-Version', 'connection': 'close', 'x-openstack-nova-api-version': '2.1', 'date': 'Fri, 04 Dec 2015 00:58:54 GMT', 'content-type': 'application/json'}
        Body: 
2015-12-04 00:58:54,868 27347 INFO     [tempest_lib.common.rest_client] Request (TestNetworkBasicOps:_run_cleanups): 200 GET http://10.0.2.15:8774/v2.1/2671d4d764b94b868b3ce2edd9642278/servers/2814bc3c-76a4-4ba2-954b-ef9e73ca6416 0.282s
2015-12-04 00:58:54,868 27347 DEBUG    [tempest_lib.common.rest_client] Request - Headers: {'Content-Type': 'application/json', 'Accept': 'application/json', 'X-Auth-Token': '&lt;omitted&gt;'}
        Body: None
    Response - Headers: {'status': '200', 'content-length': '1774', 'content-location': 'http://10.0.2.15:8774/v2.1/2671d4d764b94b868b3ce2edd9642278/servers/2814bc3c-76a4-4ba2-954b-ef9e73ca6416', 'x-compute-request-id': 'req-171dcb95-8565-4ad1-b95d-618aa807694b', 'vary': 'X-OpenStack-Nova-API-Version', 'connection': 'close', 'x-openstack-nova-api-version': '2.1', 'date': 'Fri, 04 Dec 2015 00:58:54 GMT', 'content-type': 'application/json'}
        Body: {"server": {"status": "ACTIVE", "updated": "2015-12-04T00:58:54Z", "hostId": "eeb5ccc3f78ca0a8b9eb5d893616a272ce72f19b117872eadc12b393", "addresses": {"tempest-network-smoke--755585593": [{"OS-EXT-IPS-MAC:mac_addr": "fa:16:3e:b9:ba:13", "version": 4, "addr": "10.100.0.3", "OS-EXT-IPS:type": "fixed"}, {"OS-EXT-IPS-MAC:mac_addr": "fa:16:3e:b9:ba:13", "version": 4, "addr": "172.24.4.18", "OS-EXT-IPS:type": "floating"}]}, "links": [{"href": "http://10.0.2.15:8774/v2.1/2671d4d764b94b868b3ce2edd9642278/servers/2814bc3c-76a4-4ba2-954b-ef9e73ca6416", "rel": "self"}, {"href": "http://10.0.2.15:8774/2671d4d764b94b868b3ce2edd9642278/servers/2814bc3c-76a4-4ba2-954b-ef9e73ca6416", "rel": "bookmark"}], "key_name": "tempest-TestNetworkBasicOps-403455935", "image": {"id": "38327c23-3c2f-48b7-bad9-5ca59391184f", "links": [{"href": "http://10.0.2.15:8774/2671d4d764b94b868b3ce2edd9642278/images/38327c23-3c2f-48b7-bad9-5ca59391184f", "rel": "bookmark"}]}, "OS-EXT-STS:task_state": "deleting", "OS-EXT-STS:vm_state": "active", "OS-SRV-USG:launched_at": "2015-12-04T00:56:28.000000", "flavor": {"id": "42", "links": [{"href": "http://10.0.2.15:8774/2671d4d764b94b868b3ce2edd9642278/flavors/42", "rel": "bookmark"}]}, "id": "2814bc3c-76a4-4ba2-954b-ef9e73ca6416", "security_groups": [{"name": "tempest-secgroup-smoke-558948012"}], "OS-SRV-USG:terminated_at": null, "OS-EXT-AZ:availability_zone": "nova", "user_id": "432f61028ad946f58e00706a27a673bb", "name": "tempest.common.compute-instance-176207939", "created": "2015-12-04T00:56:26Z", "tenant_id": "2671d4d764b94b868b3ce2edd9642278", "OS-DCF:diskConfig": "MANUAL", "os-extended-volumes:volumes_attached": [], "accessIPv4": "", "accessIPv6": "", "progress": 0, "OS-EXT-STS:power_state": 1, "config_drive": "True", "metadata": {}}}
2015-12-04 00:58:56,017 27347 INFO     [tempest_lib.common.rest_client] Request (TestNetworkBasicOps:_run_cleanups): 200 GET http://10.0.2.15:8774/v2.1/2671d4d764b94b868b3ce2edd9642278/servers/2814bc3c-76a4-4ba2-954b-ef9e73ca6416 0.138s
2015-12-04 00:58:56,018 27347 DEBUG    [tempest_lib.common.rest_client] Request - Headers: {'Content-Type': 'application/json', 'Accept': 'application/json', 'X-Auth-Token': '&lt;omitted&gt;'}
        Body: None
