<?xml version="1.0" encoding="UTF-8"?>
<!DOCTYPE html PUBLIC "-//W3C//DTD XHTML 1.0 Strict//EN"
     "http://www.w3.org/TR/xhtml1/DTD/xhtml1-strict.dtd">
<html xmlns="http://www.w3.org/1999/xhtml">
<head>
    <title>Unit Test Report</title>
    <meta name="generator" content="subunit2html 0.1"/>
    <meta http-equiv="Content-Type" content="text/html; charset=UTF-8"/>
    
<style type="text/css" media="screen">
body        { font-family: verdana, arial, helvetica, sans-serif;
    font-size: 80%; }
table       { font-size: 100%; width: 100%;}
pre         { font-size: 80%; }

/* -- heading -------------------------------------------------------------- */
h1 {
        font-size: 16pt;
        color: gray;
}
.heading {
    margin-top: 0ex;
    margin-bottom: 1ex;
}

.heading .attribute {
    margin-top: 1ex;
    margin-bottom: 0;
}

.heading .description {
    margin-top: 4ex;
    margin-bottom: 6ex;
}

/* -- css div popup -------------------------------------------------------- */
a.popup_link {
}

a.popup_link:hover {
    color: red;
}

.popup_window {
    display: none;
    overflow-x: scroll;
    /*border: solid #627173 1px; */
    padding: 10px;
    background-color: #E6E6D6;
    font-family: "Ubuntu Mono", "Lucida Console", "Courier New", monospace;
    text-align: left;
    font-size: 8pt;
}

}
/* -- report --------------------------------------------------------------- */
#show_detail_line {
    margin-top: 3ex;
    margin-bottom: 1ex;
}
#result_table {
    width: 100%;
    border-collapse: collapse;
    border: 1px solid #777;
}
#header_row {
    font-weight: bold;
    color: white;
    background-color: #777;
}
#result_table td {
    border: 1px solid #777;
    padding: 2px;
}
#total_row  { font-weight: bold; }
.passClass  { background-color: #6c6; }
.failClass  { background-color: #c60; }
.errorClass { background-color: #c00; }
.passCase   { color: #6c6; }
.failCase   { color: #c60; font-weight: bold; }
.errorCase  { color: #c00; font-weight: bold; }
.hiddenRow  { display: none; }
.testcase   { margin-left: 2em; }
td.testname {width: 40%}
td.small {width: 40px}

/* -- ending --------------------------------------------------------------- */
#ending {
}

</style>

</head>
<body>
<script language="javascript" type="text/javascript"><!--
output_list = Array();

/* level - 0:Summary; 1:Failed; 2:All */
function showCase(level) {
    trs = document.getElementsByTagName("tr");
    for (var i = 0; i < trs.length; i++) {
        tr = trs[i];
        id = tr.id;
        if (id.substr(0,2) == 'ft') {
            if (level < 1) {
                tr.className = 'hiddenRow';
            }
            else {
                tr.className = '';
            }
        }
        if (id.substr(0,2) == 'pt') {
            if (level > 1) {
                tr.className = '';
            }
            else {
                tr.className = 'hiddenRow';
            }
        }
    }
}


function showClassDetail(cid, count) {
    var id_list = Array(count);
    var toHide = 1;
    for (var i = 0; i < count; i++) {
        tid0 = 't' + cid.substr(1) + '.' + (i+1);
        tid = 'f' + tid0;
        tr = document.getElementById(tid);
        if (!tr) {
            tid = 'p' + tid0;
            tr = document.getElementById(tid);
        }
        id_list[i] = tid;
        if (tr.className) {
            toHide = 0;
        }
    }
    for (var i = 0; i < count; i++) {
        tid = id_list[i];
        if (toHide) {
            document.getElementById('div_'+tid).style.display = 'none'
            document.getElementById(tid).className = 'hiddenRow';
        }
        else {
            document.getElementById(tid).className = '';
        }
    }
}


function showTestDetail(div_id){
    var details_div = document.getElementById(div_id)
    var displayState = details_div.style.display
    // alert(displayState)
    if (displayState != 'block' ) {
        displayState = 'block'
        details_div.style.display = 'block'
    }
    else {
        details_div.style.display = 'none'
    }
}


function html_escape(s) {
    s = s.replace(/&/g,'&amp;');
    s = s.replace(/</g,'&lt;');
    s = s.replace(/>/g,'&gt;');
    return s;
}

/* obsoleted by detail in <div>
function showOutput(id, name) {
    var w = window.open("", //url
                    name,
                    "resizable,scrollbars,status,width=800,height=450");
    d = w.document;
    d.write("<pre>");
    d.write(html_escape(output_list[id]));
    d.write("\n");
    d.write("<a href='javascript:window.close()'>close</a>\n");
    d.write("</pre>\n");
    d.close();
}
*/
--></script>

<div class='heading'>
<h1>Unit Test Report</h1>

<p class='attribute'><strong>Status:</strong> Pass 1 Failure 8</p>

<p class='description'></p>
</div>



<p id='show_detail_line'>Show
<a href='javascript:showCase(0)'>Summary</a>
<a href='javascript:showCase(1)'>Failed</a>
<a href='javascript:showCase(2)'>All</a>
</p>
<table id='result_table'>
<colgroup>
<col align='left' />
<col align='right' />
<col align='right' />
<col align='right' />
<col align='right' />
<col align='right' />
<col align='right' />
<col align='right' />
</colgroup>
<tr id='header_row'>
    <td>Test Group/Test case</td>
    <td>Count</td>
    <td>Pass</td>
    <td>Fail</td>
    <td>Error</td>
    <td>Skip</td>
    <td>View</td>
    <td> </td>
</tr>

<tr class='failClass'>
    <td class="testname">tempest.scenario.test_network_basic_ops.TestNetworkBasicOps</td>
    <td class="small">9</td>
    <td class="small">1</td>
    <td class="small">8</td>
    <td class="small">0</td>
    <td class="small">0</td>
    <td class="small"><a href="javascript:showClassDetail('c1',9)"
>Detail</a></td>
    <td> </td>
</tr>

<tr id='ft1.1' class='none'>
    <td class='failCase'><div class='testcase'>test_connectivity_between_vms_on_different_networks[compute,id-1546850e-fbaa-42f5-8b5f-03d8a6a95f15,network]</div></td>
    <td colspan='7' align='left'>

    <!--css div popup start-->
    <a class="popup_link" onfocus='this.blur();'
    href="javascript:showTestDetail('div_ft1.1')" >
        fail</a>

    <div id='div_ft1.1' class="popup_window">
        <div style='text-align: right; color:red;cursor:pointer'>
        <a onfocus='this.blur();'
onclick="document.getElementById('div_ft1.1').style.display = 'none' " >
           [x]</a>
        </div>
        <pre>
        
ft1.1: tempest.scenario.test_network_basic_ops.TestNetworkBasicOps.test_connectivity_between_vms_on_different_networks[compute,id-1546850e-fbaa-42f5-8b5f-03d8a6a95f15,network]_StringException: Empty attachments:
  stderr
  stdout

pythonlogging:'': {{{
2015-12-18 06:55:35,540 20284 INFO     [tempest_lib.common.rest_client] Request (TestNetworkBasicOps:test_connectivity_between_vms_on_different_networks): 201 POST http://10.0.2.15:9696/v2.0/security-groups 0.336s
2015-12-18 06:55:35,540 20284 DEBUG    [tempest_lib.common.rest_client] Request - Headers: {'Content-Type': 'application/json', 'Accept': 'application/json', 'X-Auth-Token': '&lt;omitted&gt;'}
        Body: {"security_group": {"tenant_id": "106e6834669147ecb6078c2e24d3f9a1", "description": "tempest-secgroup-smoke-691408811 description", "name": "tempest-secgroup-smoke-691408811"}}
    Response - Headers: {'status': '201', 'content-length': '886', 'connection': 'close', 'date': 'Fri, 18 Dec 2015 06:55:35 GMT', 'content-type': 'application/json; charset=UTF-8', 'x-openstack-request-id': 'req-b819c30d-60ab-402f-b307-33c159903eb0'}
        Body: {"security_group": {"tenant_id": "106e6834669147ecb6078c2e24d3f9a1", "description": "tempest-secgroup-smoke-691408811 description", "id": "1e97136e-04ed-4464-af3e-6b5d9289fc14", "security_group_rules": [{"remote_group_id": null, "direction": "egress", "remote_ip_prefix": null, "protocol": null, "ethertype": "IPv4", "tenant_id": "106e6834669147ecb6078c2e24d3f9a1", "port_range_max": null, "port_range_min": null, "id": "cd21116b-d57b-468f-bfd3-f52de7ec7d1c", "security_group_id": "1e97136e-04ed-4464-af3e-6b5d9289fc14"}, {"remote_group_id": null, "direction": "egress", "remote_ip_prefix": null, "protocol": null, "ethertype": "IPv6", "tenant_id": "106e6834669147ecb6078c2e24d3f9a1", "port_range_max": null, "port_range_min": null, "id": "b96a9f66-4395-4895-b869-acb95d1a97e3", "security_group_id": "1e97136e-04ed-4464-af3e-6b5d9289fc14"}], "name": "tempest-secgroup-smoke-691408811"}}
2015-12-18 06:55:35,649 20284 INFO     [tempest_lib.common.rest_client] Request (TestNetworkBasicOps:test_connectivity_between_vms_on_different_networks): 201 POST http://10.0.2.15:9696/v2.0/security-group-rules 0.107s
2015-12-18 06:55:35,649 20284 DEBUG    [tempest_lib.common.rest_client] Request - Headers: {'Content-Type': 'application/json', 'Accept': 'application/json', 'X-Auth-Token': '&lt;omitted&gt;'}
        Body: {"security_group_rule": {"direction": "ingress", "protocol": "tcp", "tenant_id": "106e6834669147ecb6078c2e24d3f9a1", "port_range_max": 22, "security_group_id": "1e97136e-04ed-4464-af3e-6b5d9289fc14", "port_range_min": 22}}
    Response - Headers: {'status': '201', 'content-length': '340', 'connection': 'close', 'date': 'Fri, 18 Dec 2015 06:55:35 GMT', 'content-type': 'application/json; charset=UTF-8', 'x-openstack-request-id': 'req-346df10d-6aae-42f1-8dc7-c90cb8a7bbee'}
        Body: {"security_group_rule": {"remote_group_id": null, "direction": "ingress", "remote_ip_prefix": null, "protocol": "tcp", "ethertype": "IPv4", "tenant_id": "106e6834669147ecb6078c2e24d3f9a1", "port_range_max": 22, "port_range_min": 22, "id": "65f6cdd9-2c7c-4b98-80b4-a475cd25817f", "security_group_id": "1e97136e-04ed-4464-af3e-6b5d9289fc14"}}
2015-12-18 06:55:35,767 20284 INFO     [tempest_lib.common.rest_client] Request (TestNetworkBasicOps:test_connectivity_between_vms_on_different_networks): 201 POST http://10.0.2.15:9696/v2.0/security-group-rules 0.116s
2015-12-18 06:55:35,768 20284 DEBUG    [tempest_lib.common.rest_client] Request - Headers: {'Content-Type': 'application/json', 'Accept': 'application/json', 'X-Auth-Token': '&lt;omitted&gt;'}
        Body: {"security_group_rule": {"direction": "egress", "protocol": "tcp", "tenant_id": "106e6834669147ecb6078c2e24d3f9a1", "port_range_max": 22, "security_group_id": "1e97136e-04ed-4464-af3e-6b5d9289fc14", "port_range_min": 22}}
    Response - Headers: {'status': '201', 'content-length': '339', 'connection': 'close', 'date': 'Fri, 18 Dec 2015 06:55:35 GMT', 'content-type': 'application/json; charset=UTF-8', 'x-openstack-request-id': 'req-d02fc0e7-1b57-4bdc-a189-e11dd497af9b'}
        Body: {"security_group_rule": {"remote_group_id": null, "direction": "egress", "remote_ip_prefix": null, "protocol": "tcp", "ethertype": "IPv4", "tenant_id": "106e6834669147ecb6078c2e24d3f9a1", "port_range_max": 22, "port_range_min": 22, "id": "93586fc6-5964-4b73-b0b5-b9388120c867", "security_group_id": "1e97136e-04ed-4464-af3e-6b5d9289fc14"}}
2015-12-18 06:55:35,885 20284 INFO     [tempest_lib.common.rest_client] Request (TestNetworkBasicOps:test_connectivity_between_vms_on_different_networks): 201 POST http://10.0.2.15:9696/v2.0/security-group-rules 0.115s
2015-12-18 06:55:35,886 20284 DEBUG    [tempest_lib.common.rest_client] Request - Headers: {'Content-Type': 'application/json', 'Accept': 'application/json', 'X-Auth-Token': '&lt;omitted&gt;'}
        Body: {"security_group_rule": {"tenant_id": "106e6834669147ecb6078c2e24d3f9a1", "direction": "ingress", "protocol": "icmp", "security_group_id": "1e97136e-04ed-4464-af3e-6b5d9289fc14"}}
    Response - Headers: {'status': '201', 'content-length': '345', 'connection': 'close', 'date': 'Fri, 18 Dec 2015 06:55:35 GMT', 'content-type': 'application/json; charset=UTF-8', 'x-openstack-request-id': 'req-25ef9070-11f6-4ec8-861c-cc9146f95403'}
        Body: {"security_group_rule": {"remote_group_id": null, "direction": "ingress", "remote_ip_prefix": null, "protocol": "icmp", "ethertype": "IPv4", "tenant_id": "106e6834669147ecb6078c2e24d3f9a1", "port_range_max": null, "port_range_min": null, "id": "3a54959b-887c-447f-aa41-0a76e21cf805", "security_group_id": "1e97136e-04ed-4464-af3e-6b5d9289fc14"}}
2015-12-18 06:55:35,998 20284 INFO     [tempest_lib.common.rest_client] Request (TestNetworkBasicOps:test_connectivity_between_vms_on_different_networks): 201 POST http://10.0.2.15:9696/v2.0/security-group-rules 0.110s
2015-12-18 06:55:35,998 20284 DEBUG    [tempest_lib.common.rest_client] Request - Headers: {'Content-Type': 'application/json', 'Accept': 'application/json', 'X-Auth-Token': '&lt;omitted&gt;'}
        Body: {"security_group_rule": {"tenant_id": "106e6834669147ecb6078c2e24d3f9a1", "direction": "egress", "protocol": "icmp", "security_group_id": "1e97136e-04ed-4464-af3e-6b5d9289fc14"}}
    Response - Headers: {'status': '201', 'content-length': '344', 'connection': 'close', 'date': 'Fri, 18 Dec 2015 06:55:35 GMT', 'content-type': 'application/json; charset=UTF-8', 'x-openstack-request-id': 'req-870ce1c4-67dd-4a0e-b5fe-491def48dc39'}
        Body: {"security_group_rule": {"remote_group_id": null, "direction": "egress", "remote_ip_prefix": null, "protocol": "icmp", "ethertype": "IPv4", "tenant_id": "106e6834669147ecb6078c2e24d3f9a1", "port_range_max": null, "port_range_min": null, "id": "884d6c5f-e5a9-45aa-852f-d08ca6b98281", "security_group_id": "1e97136e-04ed-4464-af3e-6b5d9289fc14"}}
2015-12-18 06:55:36,107 20284 INFO     [tempest_lib.common.rest_client] Request (TestNetworkBasicOps:test_connectivity_between_vms_on_different_networks): 201 POST http://10.0.2.15:9696/v2.0/security-group-rules 0.107s
2015-12-18 06:55:36,107 20284 DEBUG    [tempest_lib.common.rest_client] Request - Headers: {'Content-Type': 'application/json', 'Accept': 'application/json', 'X-Auth-Token': '&lt;omitted&gt;'}
        Body: {"security_group_rule": {"tenant_id": "106e6834669147ecb6078c2e24d3f9a1", "direction": "ingress", "security_group_id": "1e97136e-04ed-4464-af3e-6b5d9289fc14", "protocol": "icmp", "ethertype": "IPv6"}}
    Response - Headers: {'status': '201', 'content-length': '345', 'connection': 'close', 'date': 'Fri, 18 Dec 2015 06:55:36 GMT', 'content-type': 'application/json; charset=UTF-8', 'x-openstack-request-id': 'req-6dc1010d-8af3-4e05-9247-89c7677cf7ac'}
        Body: {"security_group_rule": {"remote_group_id": null, "direction": "ingress", "remote_ip_prefix": null, "protocol": "icmp", "ethertype": "IPv6", "tenant_id": "106e6834669147ecb6078c2e24d3f9a1", "port_range_max": null, "port_range_min": null, "id": "9a8f6eed-e590-421c-a175-57af22569142", "security_group_id": "1e97136e-04ed-4464-af3e-6b5d9289fc14"}}
2015-12-18 06:55:36,226 20284 INFO     [tempest_lib.common.rest_client] Request (TestNetworkBasicOps:test_connectivity_between_vms_on_different_networks): 201 POST http://10.0.2.15:9696/v2.0/security-group-rules 0.117s
2015-12-18 06:55:36,227 20284 DEBUG    [tempest_lib.common.rest_client] Request - Headers: {'Content-Type': 'application/json', 'Accept': 'application/json', 'X-Auth-Token': '&lt;omitted&gt;'}
        Body: {"security_group_rule": {"tenant_id": "106e6834669147ecb6078c2e24d3f9a1", "direction": "egress", "security_group_id": "1e97136e-04ed-4464-af3e-6b5d9289fc14", "protocol": "icmp", "ethertype": "IPv6"}}
    Response - Headers: {'status': '201', 'content-length': '344', 'connection': 'close', 'date': 'Fri, 18 Dec 2015 06:55:36 GMT', 'content-type': 'application/json; charset=UTF-8', 'x-openstack-request-id': 'req-9bcc85c2-c40a-4b36-8cbb-c6c1d3c1a186'}
        Body: {"security_group_rule": {"remote_group_id": null, "direction": "egress", "remote_ip_prefix": null, "protocol": "icmp", "ethertype": "IPv6", "tenant_id": "106e6834669147ecb6078c2e24d3f9a1", "port_range_max": null, "port_range_min": null, "id": "a89aeee7-07c9-4f91-a927-23336a1e8143", "security_group_id": "1e97136e-04ed-4464-af3e-6b5d9289fc14"}}
2015-12-18 06:55:36,359 20284 INFO     [tempest_lib.common.rest_client] Request (TestNetworkBasicOps:test_connectivity_between_vms_on_different_networks): 201 POST http://10.0.2.15:9696/v2.0/networks 0.131s
2015-12-18 06:55:36,360 20284 DEBUG    [tempest_lib.common.rest_client] Request - Headers: {'Content-Type': 'application/json', 'Accept': 'application/json', 'X-Auth-Token': '&lt;omitted&gt;'}
        Body: {"network": {"tenant_id": "106e6834669147ecb6078c2e24d3f9a1", "name": "tempest-network-smoke--204639121"}}
    Response - Headers: {'status': '201', 'content-length': '295', 'connection': 'close', 'date': 'Fri, 18 Dec 2015 06:55:36 GMT', 'content-type': 'application/json; charset=UTF-8', 'x-openstack-request-id': 'req-36ac8a46-3eff-48b3-81d5-3496f5758c4c'}
        Body: {"network": {"status": "ACTIVE", "subnets": [], "name": "tempest-network-smoke--204639121", "admin_state_up": true, "tenant_id": "106e6834669147ecb6078c2e24d3f9a1", "mtu": 0, "router:external": false, "shared": false, "port_security_enabled": true, "id": "53ddccb4-1953-4573-8ccb-8f388ec485f0"}}
2015-12-18 06:55:36,438 20284 INFO     [tempest_lib.common.rest_client] Request (TestNetworkBasicOps:test_connectivity_between_vms_on_different_networks): 201 POST http://10.0.2.15:9696/v2.0/routers 0.076s
2015-12-18 06:55:36,439 20284 DEBUG    [tempest_lib.common.rest_client] Request - Headers: {'Content-Type': 'application/json', 'Accept': 'application/json', 'X-Auth-Token': '&lt;omitted&gt;'}
        Body: {"router": {"tenant_id": "106e6834669147ecb6078c2e24d3f9a1", "name": "tempest-router-smoke-605518568", "admin_state_up": true}}
    Response - Headers: {'status': '201', 'content-length': '238', 'connection': 'close', 'date': 'Fri, 18 Dec 2015 06:55:36 GMT', 'content-type': 'application/json; charset=UTF-8', 'x-openstack-request-id': 'req-3ff48e18-6156-44fa-b2ab-4f35a349efdf'}
        Body: {"router": {"status": "ACTIVE", "external_gateway_info": null, "name": "tempest-router-smoke-605518568", "admin_state_up": true, "tenant_id": "106e6834669147ecb6078c2e24d3f9a1", "routes": [], "id": "04b27135-674b-4228-8ddc-8035552e936b"}}
2015-12-18 06:55:36,483 20284 INFO     [tempest_lib.common.rest_client] Request (TestNetworkBasicOps:test_connectivity_between_vms_on_different_networks): 200 GET http://10.0.2.15:9696/v2.0/routers/04b27135-674b-4228-8ddc-8035552e936b 0.043s
2015-12-18 06:55:36,484 20284 DEBUG    [tempest_lib.common.rest_client] Request - Headers: {'Content-Type': 'application/json', 'Accept': 'application/json', 'X-Auth-Token': '&lt;omitted&gt;'}
        Body: None
    Response - Headers: {'status': '200', 'content-length': '238', 'content-location': 'http://10.0.2.15:9696/v2.0/routers/04b27135-674b-4228-8ddc-8035552e936b', 'connection': 'close', 'date': 'Fri, 18 Dec 2015 06:55:36 GMT', 'content-type': 'application/json; charset=UTF-8', 'x-openstack-request-id': 'req-733f456c-1c2d-48e3-b8a9-7f5c0599c61a'}
        Body: {"router": {"status": "ACTIVE", "external_gateway_info": null, "name": "tempest-router-smoke-605518568", "admin_state_up": true, "tenant_id": "106e6834669147ecb6078c2e24d3f9a1", "routes": [], "id": "04b27135-674b-4228-8ddc-8035552e936b"}}
2015-12-18 06:55:36,989 20284 INFO     [tempest_lib.common.rest_client] Request (TestNetworkBasicOps:test_connectivity_between_vms_on_different_networks): 200 PUT http://10.0.2.15:9696/v2.0/routers/04b27135-674b-4228-8ddc-8035552e936b 0.503s
2015-12-18 06:55:36,990 20284 DEBUG    [tempest_lib.common.rest_client] Request - Headers: {'Content-Type': 'application/json', 'Accept': 'application/json', 'X-Auth-Token': '&lt;omitted&gt;'}
        Body: {"router": {"external_gateway_info": {"network_id": "e05b6538-4b2d-438a-90b5-3757e8794871"}, "name": "tempest-router-smoke-605518568", "admin_state_up": true}}
    Response - Headers: {'status': '200', 'content-length': '500', 'connection': 'close', 'date': 'Fri, 18 Dec 2015 06:55:36 GMT', 'content-type': 'application/json; charset=UTF-8', 'x-openstack-request-id': 'req-528c1fae-ff73-4e74-94a4-2fb815c9b757'}
        Body: {"router": {"status": "ACTIVE", "external_gateway_info": {"network_id": "e05b6538-4b2d-438a-90b5-3757e8794871", "enable_snat": true, "external_fixed_ips": [{"subnet_id": "78fa90d1-a4b4-4d8d-bf80-78cbef3bb9a7", "ip_address": "172.24.4.3"}, {"subnet_id": "0376ad2f-cfb6-4c8f-ad8d-ecc687212cfd", "ip_address": "2001:db8::3"}]}, "name": "tempest-router-smoke-605518568", "admin_state_up": true, "tenant_id": "106e6834669147ecb6078c2e24d3f9a1", "routes": [], "id": "04b27135-674b-4228-8ddc-8035552e936b"}}
2015-12-18 06:55:37,144 20284 INFO     [tempest_lib.common.rest_client] Request (TestNetworkBasicOps:test_connectivity_between_vms_on_different_networks): 200 GET http://10.0.2.15:9696/v2.0/subnets?tenant_id=106e6834669147ecb6078c2e24d3f9a1&amp;cidr=10.100.0.0%2F28 0.153s
2015-12-18 06:55:37,144 20284 DEBUG    [tempest_lib.common.rest_client] Request - Headers: {'Content-Type': 'application/json', 'Accept': 'application/json', 'X-Auth-Token': '&lt;omitted&gt;'}
        Body: None
    Response - Headers: {'status': '200', 'content-length': '15', 'content-location': 'http://10.0.2.15:9696/v2.0/subnets?tenant_id=106e6834669147ecb6078c2e24d3f9a1&amp;cidr=10.100.0.0%2F28', 'connection': 'close', 'date': 'Fri, 18 Dec 2015 06:55:37 GMT', 'content-type': 'application/json; charset=UTF-8', 'x-openstack-request-id': 'req-bfc41415-d89d-454c-9418-4a411a56c6df'}
        Body: {"subnets": []}
2015-12-18 06:55:37,613 20284 INFO     [tempest_lib.common.rest_client] Request (TestNetworkBasicOps:test_connectivity_between_vms_on_different_networks): 201 POST http://10.0.2.15:9696/v2.0/subnets 0.468s
2015-12-18 06:55:37,613 20284 DEBUG    [tempest_lib.common.rest_client] Request - Headers: {'Content-Type': 'application/json', 'Accept': 'application/json', 'X-Auth-Token': '&lt;omitted&gt;'}
        Body: {"subnet": {"ip_version": 4, "tenant_id": "106e6834669147ecb6078c2e24d3f9a1", "cidr": "10.100.0.0/28", "network_id": "53ddccb4-1953-4573-8ccb-8f388ec485f0", "name": "tempest-subnet-smoke-1304801521"}}
    Response - Headers: {'status': '201', 'content-length': '478', 'connection': 'close', 'date': 'Fri, 18 Dec 2015 06:55:37 GMT', 'content-type': 'application/json; charset=UTF-8', 'x-openstack-request-id': 'req-3c482044-cba0-4b3b-8d07-340c5533d626'}
        Body: {"subnet": {"name": "tempest-subnet-smoke-1304801521", "enable_dhcp": true, "network_id": "53ddccb4-1953-4573-8ccb-8f388ec485f0", "tenant_id": "106e6834669147ecb6078c2e24d3f9a1", "dns_nameservers": [], "gateway_ip": "10.100.0.1", "ipv6_ra_mode": null, "allocation_pools": [{"start": "10.100.0.2", "end": "10.100.0.14"}], "host_routes": [], "ip_version": 4, "ipv6_address_mode": null, "cidr": "10.100.0.0/28", "id": "1ca6d447-7837-4ee7-978f-5bb21ed3e738", "subnetpool_id": null}}
2015-12-18 06:55:38,024 20284 INFO     [tempest_lib.common.rest_client] Request (TestNetworkBasicOps:test_connectivity_between_vms_on_different_networks): 200 PUT http://10.0.2.15:9696/v2.0/routers/04b27135-674b-4228-8ddc-8035552e936b/add_router_interface 0.410s
2015-12-18 06:55:38,025 20284 DEBUG    [tempest_lib.common.rest_client] Request - Headers: {'Content-Type': 'application/json', 'Accept': 'application/json', 'X-Auth-Token': '&lt;omitted&gt;'}
        Body: {"subnet_id": "1ca6d447-7837-4ee7-978f-5bb21ed3e738"}
    Response - Headers: {'status': '200', 'content-length': '255', 'connection': 'close', 'date': 'Fri, 18 Dec 2015 06:55:38 GMT', 'content-type': 'application/json; charset=UTF-8', 'x-openstack-request-id': 'req-57d1242e-ad9e-4b8f-b59d-745b7aa1603c'}
        Body: {"subnet_id": "1ca6d447-7837-4ee7-978f-5bb21ed3e738", "tenant_id": "106e6834669147ecb6078c2e24d3f9a1", "subnet_ids": ["1ca6d447-7837-4ee7-978f-5bb21ed3e738"], "port_id": "9e1d7f83-3a1c-41d4-872c-c6faec2f9a12", "id": "04b27135-674b-4228-8ddc-8035552e936b"}
2015-12-18 06:55:38,227 20284 INFO     [tempest_lib.common.rest_client] Request (TestNetworkBasicOps:test_connectivity_between_vms_on_different_networks): 200 GET http://10.0.2.15:9696/v2.0/networks 0.201s
2015-12-18 06:55:38,227 20284 DEBUG    [tempest_lib.common.rest_client] Request - Headers: {'Content-Type': 'application/json', 'Accept': 'application/json', 'X-Auth-Token': '&lt;omitted&gt;'}
        Body: None
    Response - Headers: {'status': '200', 'content-length': '1317', 'content-location': 'http://10.0.2.15:9696/v2.0/networks', 'connection': 'close', 'date': 'Fri, 18 Dec 2015 06:55:38 GMT', 'content-type': 'application/json; charset=UTF-8', 'x-openstack-request-id': 'req-e86fb7dc-0fec-4efc-9eb6-4d423b560ccd'}
        Body: {"networks": [{"status": "ACTIVE", "subnets": ["a48f1627-c9a6-486d-950e-120b0c4f9a93", "76351cc3-290e-42e4-8ccf-900c0fe01e6b"], "name": "private", "provider:physical_network": null, "admin_state_up": true, "tenant_id": "7f3e3f25b34e40e49d9c5d2b58504607", "mtu": 0, "router:external": false, "shared": false, "port_security_enabled": true, "provider:network_type": "vxlan", "id": "9448edc9-bac3-4383-a91c-b43002b40f19", "provider:segmentation_id": 1004}, {"status": "ACTIVE", "subnets": ["0376ad2f-cfb6-4c8f-ad8d-ecc687212cfd", "78fa90d1-a4b4-4d8d-bf80-78cbef3bb9a7"], "name": "public", "provider:physical_network": null, "admin_state_up": true, "tenant_id": "b2a2fc287d4e4000a2b8fedf54c9b132", "mtu": 0, "router:external": true, "shared": false, "port_security_enabled": true, "provider:network_type": "vxlan", "id": "e05b6538-4b2d-438a-90b5-3757e8794871", "provider:segmentation_id": 1063}, {"status": "ACTIVE", "subnets": ["1ca6d447-7837-4ee7-978f-5bb21ed3e738"], "name": "tempest-network-smoke--204639121", "provider:physical_network": null, "admin_state_up": true, "tenant_id": "106e6834669147ecb6078c2e24d3f9a1", "mtu": 0, "router:external": false, "shared": false, "port_security_enabled": true, "provider:network_type": "vxlan", "id": "53ddccb4-1953-4573-8ccb-8f388ec485f0", "provider:segmentation_id": 1070}]}
2015-12-18 06:55:38,275 20284 INFO     [tempest_lib.common.rest_client] Request (TestNetworkBasicOps:test_connectivity_between_vms_on_different_networks): 200 GET http://10.0.2.15:9696/v2.0/subnets 0.047s
2015-12-18 06:55:38,276 20284 DEBUG    [tempest_lib.common.rest_client] Request - Headers: {'Content-Type': 'application/json', 'Accept': 'application/json', 'X-Auth-Token': '&lt;omitted&gt;'}
        Body: None
    Response - Headers: {'status': '200', 'content-length': '2408', 'content-location': 'http://10.0.2.15:9696/v2.0/subnets', 'connection': 'close', 'date': 'Fri, 18 Dec 2015 06:55:38 GMT', 'content-type': 'application/json; charset=UTF-8', 'x-openstack-request-id': 'req-9525e28c-231b-41ec-89c4-4fea49c7226d'}
        Body: {"subnets": [{"name": "ipv6-public-subnet", "enable_dhcp": false, "network_id": "e05b6538-4b2d-438a-90b5-3757e8794871", "tenant_id": "b2a2fc287d4e4000a2b8fedf54c9b132", "dns_nameservers": [], "gateway_ip": "2001:db8::2", "ipv6_ra_mode": null, "allocation_pools": [{"start": "2001:db8::3", "end": "2001:db8::ffff:ffff:ffff:ffff"}, {"start": "2001:db8::1", "end": "2001:db8::1"}], "host_routes": [], "ip_version": 6, "ipv6_address_mode": null, "cidr": "2001:db8::/64", "id": "0376ad2f-cfb6-4c8f-ad8d-ecc687212cfd", "subnetpool_id": null}, {"name": "ipv6-private-subnet", "enable_dhcp": true, "network_id": "9448edc9-bac3-4383-a91c-b43002b40f19", "tenant_id": "7f3e3f25b34e40e49d9c5d2b58504607", "dns_nameservers": [], "gateway_ip": "fd0b:84b3:df1d::1", "ipv6_ra_mode": "slaac", "allocation_pools": [{"start": "fd0b:84b3:df1d::2", "end": "fd0b:84b3:df1d:0:ffff:ffff:ffff:ffff"}], "host_routes": [], "ip_version": 6, "ipv6_address_mode": "slaac", "cidr": "fd0b:84b3:df1d::/64", "id": "a48f1627-c9a6-486d-950e-120b0c4f9a93", "subnetpool_id": null}, {"name": "tempest-subnet-smoke-1304801521", "enable_dhcp": true, "network_id": "53ddccb4-1953-4573-8ccb-8f388ec485f0", "tenant_id": "106e6834669147ecb6078c2e24d3f9a1", "dns_nameservers": [], "gateway_ip": "10.100.0.1", "ipv6_ra_mode": null, "allocation_pools": [{"start": "10.100.0.2", "end": "10.100.0.14"}], "host_routes": [], "ip_version": 4, "ipv6_address_mode": null, "cidr": "10.100.0.0/28", "id": "1ca6d447-7837-4ee7-978f-5bb21ed3e738", "subnetpool_id": null}, {"name": "private-subnet", "enable_dhcp": true, "network_id": "9448edc9-bac3-4383-a91c-b43002b40f19", "tenant_id": "7f3e3f25b34e40e49d9c5d2b58504607", "dns_nameservers": [], "gateway_ip": "10.0.0.1", "ipv6_ra_mode": null, "allocation_pools": [{"start": "10.0.0.2", "end": "10.0.0.254"}], "host_routes": [], "ip_version": 4, "ipv6_address_mode": null, "cidr": "10.0.0.0/24", "id": "76351cc3-290e-42e4-8ccf-900c0fe01e6b", "subnetpool_id": null}, {"name": "public-subnet", "enable_dhcp": false, "network_id": "e05b6538-4b2d-438a-90b5-3757e8794871", "tenant_id": "b2a2fc287d4e4000a2b8fedf54c9b132", "dns_nameservers": [], "gateway_ip": "172.24.4.1", "ipv6_ra_mode": null, "allocation_pools": [{"start": "172.24.4.2", "end": "172.24.4.254"}], "host_routes": [], "ip_version": 4, "ipv6_address_mode": null, "cidr": "172.24.4.0/24", "id": "78fa90d1-a4b4-4d8d-bf80-78cbef3bb9a7", "subnetpool_id": null}]}
2015-12-18 06:55:38,327 20284 INFO     [tempest_lib.common.rest_client] Request (TestNetworkBasicOps:test_connectivity_between_vms_on_different_networks): 200 GET http://10.0.2.15:9696/v2.0/routers 0.050s
2015-12-18 06:55:38,327 20284 DEBUG    [tempest_lib.common.rest_client] Request - Headers: {'Content-Type': 'application/json', 'Accept': 'application/json', 'X-Auth-Token': '&lt;omitted&gt;'}
        Body: None
    Response - Headers: {'status': '200', 'content-length': '1040', 'content-location': 'http://10.0.2.15:9696/v2.0/routers', 'connection': 'close', 'date': 'Fri, 18 Dec 2015 06:55:38 GMT', 'content-type': 'application/json; charset=UTF-8', 'x-openstack-request-id': 'req-3b464cb9-56b4-4d66-b79f-3be12412925b'}
        Body: {"routers": [{"status": "ACTIVE", "external_gateway_info": {"network_id": "e05b6538-4b2d-438a-90b5-3757e8794871", "enable_snat": true, "external_fixed_ips": [{"subnet_id": "78fa90d1-a4b4-4d8d-bf80-78cbef3bb9a7", "ip_address": "172.24.4.3"}, {"subnet_id": "0376ad2f-cfb6-4c8f-ad8d-ecc687212cfd", "ip_address": "2001:db8::3"}]}, "name": "tempest-router-smoke-605518568", "admin_state_up": true, "tenant_id": "106e6834669147ecb6078c2e24d3f9a1", "distributed": false, "routes": [], "ha": false, "id": "04b27135-674b-4228-8ddc-8035552e936b"}, {"status": "ACTIVE", "external_gateway_info": {"network_id": "e05b6538-4b2d-438a-90b5-3757e8794871", "enable_snat": true, "external_fixed_ips": [{"subnet_id": "78fa90d1-a4b4-4d8d-bf80-78cbef3bb9a7", "ip_address": "172.24.4.2"}, {"subnet_id": "0376ad2f-cfb6-4c8f-ad8d-ecc687212cfd", "ip_address": "2001:db8::1"}]}, "name": "router1", "admin_state_up": true, "tenant_id": "7f3e3f25b34e40e49d9c5d2b58504607", "distributed": false, "routes": [], "ha": false, "id": "ac5fc13b-f510-42d8-b7c9-3af212d3c776"}]}
2015-12-18 06:55:38,828 20284 INFO     [tempest_lib.common.rest_client] Request (TestNetworkBasicOps:test_connectivity_between_vms_on_different_networks): 200 POST http://10.0.2.15:8774/v2.1/106e6834669147ecb6078c2e24d3f9a1/os-keypairs 0.500s
2015-12-18 06:55:38,829 20284 DEBUG    [tempest_lib.common.rest_client] Request - Headers: {'Content-Type': 'application/json', 'Accept': 'application/json', 'X-Auth-Token': '&lt;omitted&gt;'}
        Body: {"keypair": {"name": "tempest-TestNetworkBasicOps-1398755794"}}
    Response - Headers: {'status': '200', 'content-length': '2321', 'x-compute-request-id': 'req-2bbb80d1-b732-4158-8d17-769372950aec', 'vary': 'X-OpenStack-Nova-API-Version', 'connection': 'close', 'x-openstack-nova-api-version': '2.1', 'date': 'Fri, 18 Dec 2015 06:55:38 GMT', 'content-type': 'application/json'}
        Body: {"keypair": {"public_key": "ssh-rsa AAAAB3NzaC1yc2EAAAADAQABAAABAQCgas5fY/eXmk5/1enThBW6JozDCu0cvFwi02OO3O2FEIovCgK8EJCEPf8/gTzYh1aTcb1n2InzSaiGArtvn8YIrVJTTYWhXA2Hgb6WUXcjqPdgWCShtvRE29Gofcte9Mo84GQTFcV9aPkpvwLLlOtvFX1LYmhgmQ5Rg5xPzDlmwwd89ngRLuBFV9wCawrDkdw2F+eTHFpg89PVgefoZxyVoHusinOogZ3PkgVxV0GoEoRBQzQ+re9yLrxXdOFsmixx1PwJ+ZvwOIN5tOHcvD8QQIs0xai/1AdpimuapGs/EvKQYcTeqFcC81GvG2dzAzIStHBMav6EdbMG13JHH5eZ Generated-by-Nova", "private_key": "-----BEGIN RSA PRIVATE KEY-----\nMIIEqAIBAAKCAQEAoGrOX2P3l5pOf9Xp04QVuiaMwwrtHLxcItNjjtzthRCKLwoC\nvBCQhD3/P4E82IdWk3G9Z9iJ80mohgK7b5/GCK1SU02FoVwNh4G+llF3I6j3YFgk\nobb0RNvRqH3LXvTKPOBkExXFfWj5Kb8Cy5TrbxV9S2JoYJkOUYOcT8w5ZsMHfPZ4\nES7gRVfcAmsKw5HcNhfnkxxaYPPT1YHn6GcclaB7rIpzqIGdz5IFcVdBqBKEQUM0\nPq3vci68V3ThbJoscdT8Cfmb8DiDebTh3Lw/EECLNMWov9QHaYprmqRrPxLykGHE\n3qhXAvNRrxtncwMyErRwTGr+hHWzBtdyRx+XmQIDAQABAoIBACF+q6CXSvdIrONc\nUvprNe4sZm/DNEcvvT04Ti1iS+Xg0jmIKZIDE2nJWCZ2YbIEcDtRIG8yc3ttAdcZ\ncvGXts3RAsOKCEDs65ZDrPvN/sZfXWesf9mUTeSi0WARBAnLqv6TC9JAVYAeDwh8\nbaT8bzw+jG7VGV4yFx9GD7lJtyKReary/IgjQ6B8lOvWH8/KX8Swl8KwiGAsiPL0\ni1kZRxxeZhlv2td52ZIkoNPoz33BmDgx1gXGhOLebrGl8jKy56XC58Yq/NuAhRaa\nc7tXeXYDkUMgQw0f3POcpv+94a2f+/WVtVwoQHOn//w9sZ8WShI4pEflrUn89IA7\nQYUwiAECggCBAMMqDyKyzKNwaLjJYx/pN0Nel9RDNEB86dPj8SjMP6nOjYbegk0a\naQaSrMJYhfyL8kD//TFgu/Yumc/1anuBQnyB3NFfbY2yaLyU+cXfNJT7PgnyNeGR\nY9pOxNIEnbHuP3eWO4oJVhK8LYR7Kz+UmejibqYA0pukzHcmA7dvo7fBAoIAgQDS\na/XJJmnM0CQXnbKdlzBTQ//0a4OejfcfAiZxLeCnR2HuvxqN1ev4q05rkioIJg7w\niEAiARsoAgqt+L15SejROaGOskcnVqFLlj2luOyF1ehAoTIMOa7r3GgpLl4Z267b\noXE7LCvKrSJgF+toD1pfZ3Kkfr5g7y8i799yGMYV2QKCAIAYt37rOhHIsTfSD09K\nf1LMaXJ5I3m+oRNMDpZAQH3fl5U8+3ktIqciefj/NA7kCSVJLiJ22nVznDtGpyIx\nOhGdiyTYL2nEhE/XclafxMD4DUmyIMbKJouq3kb3AjamjjHjh1dLCBuqi8KIAMFd\ncAh+Ag9ZXslNhPWQMXRPCwiFAQKCAIEAueAsSffo1ce3WjUvpw363lLfMuYWamU1\nuuqHUssX/CyOUfv2VPx3aj7JEzUWdARKhieVn3QirQDAtlVX6mBjjQ6/q/HH8PQR\nn1ekNVRZexAuDYlXUH1UC32zdU1ESstIdzLxdzfZpzuxdfkrNcz6I/SZzL05Jx+i\nH9aNJ5jCwmECggCASTkxy4mueJ7ZM/e5axRGPtnntdpN2Gp8PHipOTbb7+ZEp7/p\nGg48ZXTKNwYYD9dsHQIsAfw2lkX90DN9W7vcRJxY5SgLnxbcUvxSYYurCRPeM+DM\n6yyJv/IaeXMS+dF+oajQTGws/3k+EsvXs8pX9HPxPhxC94ex+ZOoYrDMMzU=\n-----END RSA PRIVATE KEY-----\n", "user_id": "ff29c5f0fe1b46eb8aa187d474ef2477", "name": "tempest-TestNetworkBasicOps-1398755794", "fingerprint": "fd:c2:a0:8c:06:84:fb:f4:6c:e6:ab:3c:e1:67:5f:b4"}}
2015-12-18 06:55:38,922 20284 INFO     [tempest_lib.common.rest_client] Request (TestNetworkBasicOps:test_connectivity_between_vms_on_different_networks): 200 POST http://10.0.2.15:5000/v2.0/tokens
2015-12-18 06:55:38,922 20284 DEBUG    [tempest_lib.common.rest_client] Request - Headers: {'Content-Type': 'application/json', 'Accept': 'application/json'}
        Body: &lt;omitted&gt;
    Response - Headers: {'status': '200', 'content-length': '2526', 'vary': 'X-Auth-Token', 'server': 'Apache/2.4.7 (Ubuntu)', 'connection': 'close', 'date': 'Fri, 18 Dec 2015 06:55:38 GMT', 'content-type': 'application/json', 'x-openstack-request-id': 'req-6c0c6239-dfdd-4362-a741-dc98e1a49077'}
        Body: {"access": {"token": {"issued_at": "2015-12-18T06:55:38.914480", "expires": "2015-12-18T07:55:38Z", "id": "cad3d8db91434b5fad084902e7fd9c5e", "tenant": {"description": "tempest-TestNetworkBasicOps-1321035189-desc", "enabled": true, "id": "106e6834669147ecb6078c2e24d3f9a1", "name": "tempest-TestNetworkBasicOps-1321035189"}, "audit_ids": ["EFzdkPe9QryYHFDpFBTRzg"]}, "serviceCatalog": [{"endpoints": [{"adminURL": "http://10.0.2.15:8774/v2.1/106e6834669147ecb6078c2e24d3f9a1", "region": "RegionOne", "internalURL": "http://10.0.2.15:8774/v2.1/106e6834669147ecb6078c2e24d3f9a1", "id": "1510d3eebea644f39a1106fc8c898be5", "publicURL": "http://10.0.2.15:8774/v2.1/106e6834669147ecb6078c2e24d3f9a1"}], "endpoints_links": [], "type": "compute", "name": "nova"}, {"endpoints": [{"adminURL": "http://10.0.2.15:9696/", "region": "RegionOne", "internalURL": "http://10.0.2.15:9696/", "id": "af5c952dfc5e4f85bacde1d363202a49", "publicURL": "http://10.0.2.15:9696/"}], "endpoints_links": [], "type": "network", "name": "neutron"}, {"endpoints": [{"adminURL": "http://10.0.2.15:9292", "region": "RegionOne", "internalURL": "http://10.0.2.15:9292", "id": "623c4b1b8fbd4ca48ead4b23ab63a4ce", "publicURL": "http://10.0.2.15:9292"}], "endpoints_links": [], "type": "image", "name": "glance"}, {"endpoints": [{"adminURL": "http://10.0.2.15:8774/v2/106e6834669147ecb6078c2e24d3f9a1", "region": "RegionOne", "internalURL": "http://10.0.2.15:8774/v2/106e6834669147ecb6078c2e24d3f9a1", "id": "0953a7a3dac34f6ca3f0c6041edb9b0c", "publicURL": "http://10.0.2.15:8774/v2/106e6834669147ecb6078c2e24d3f9a1"}], "endpoints_links": [], "type": "compute_legacy", "name": "nova_legacy"}, {"endpoints": [{"adminURL": "http://10.0.2.15:8773/", "region": "RegionOne", "internalURL": "http://10.0.2.15:8773/", "id": "9db9bbc1437a4751a633816379a2f71b", "publicURL": "http://10.0.2.15:8773/"}], "endpoints_links": [], "type": "ec2", "name": "ec2"}, {"endpoints": [{"adminURL": "http://10.0.2.15:35357/v2.0", "region": "RegionOne", "internalURL": "http://10.0.2.15:5000/v2.0", "id": "28aa7474e91f4c0a908137a76e8d1966", "publicURL": "http://10.0.2.15:5000/v2.0"}], "endpoints_links": [], "type": "identity", "name": "keystone"}], "user": {"username": "tempest-TestNetworkBasicOps-45093711", "roles_links": [], "id": "ff29c5f0fe1b46eb8aa187d474ef2477", "roles": [{"name": "_member_"}, {"name": "Member"}], "name": "tempest-TestNetworkBasicOps-45093711"}, "metadata": {"is_admin": 0, "roles": ["9fe2ff9ee4384b1894a90878d3e92bab", "7dff7fbae2524ca79c47f27975e23206"]}}}
2015-12-18 06:55:38,927 20284 DEBUG    [tempest.common.fixed_network] (TestNetworkBasicOps:test_connectivity_between_vms_on_different_networks) No valid network provided or created, defaulting to fixed_network_name
2015-12-18 06:55:39,175 20284 INFO     [tempest_lib.common.rest_client] Request (TestNetworkBasicOps:test_connectivity_between_vms_on_different_networks): 200 GET http://10.0.2.15:8774/v2.1/106e6834669147ecb6078c2e24d3f9a1/os-networks 0.247s
2015-12-18 06:55:39,176 20284 DEBUG    [tempest_lib.common.rest_client] Request - Headers: {'Content-Type': 'application/json', 'Accept': 'application/json', 'X-Auth-Token': '&lt;omitted&gt;'}
        Body: None
    Response - Headers: {'status': '200', 'content-length': '478', 'content-location': 'http://10.0.2.15:8774/v2.1/106e6834669147ecb6078c2e24d3f9a1/os-networks', 'x-compute-request-id': 'req-ba32683c-181b-44b9-ae37-75170a82589c', 'vary': 'X-OpenStack-Nova-API-Version', 'connection': 'close', 'x-openstack-nova-api-version': '2.1', 'date': 'Fri, 18 Dec 2015 06:55:39 GMT', 'content-type': 'application/json'}
        Body: {"networks": [{"cidr_v6": null, "dns2": null, "dns1": null, "gateway": null, "broadcast": null, "netmask": null, "gateway_v6": null, "cidr": null, "label": "public", "id": "e05b6538-4b2d-438a-90b5-3757e8794871", "netmask_v6": null}, {"cidr_v6": null, "dns2": null, "dns1": null, "gateway": null, "broadcast": null, "netmask": null, "gateway_v6": null, "cidr": null, "label": "tempest-network-smoke--204639121", "id": "53ddccb4-1953-4573-8ccb-8f388ec485f0", "netmask_v6": null}]}
2015-12-18 06:55:39,176 20284 WARNING  [tempest.common.fixed_network] (TestNetworkBasicOps:test_connectivity_between_vms_on_different_networks) Network with name: private not found
2015-12-18 06:55:39,177 20284 INFO     [tempest.common.fixed_network] (TestNetworkBasicOps:test_connectivity_between_vms_on_different_networks) Found network {} available for tenant
2015-12-18 06:55:40,860 20284 INFO     [tempest_lib.common.rest_client] Request (TestNetworkBasicOps:test_connectivity_between_vms_on_different_networks): 202 POST http://10.0.2.15:8774/v2.1/106e6834669147ecb6078c2e24d3f9a1/servers 1.681s
2015-12-18 06:55:40,861 20284 DEBUG    [tempest_lib.common.rest_client] Request - Headers: {'Content-Type': 'application/json', 'Accept': 'application/json', 'X-Auth-Token': '&lt;omitted&gt;'}
        Body: {"server": {"name": "tempest.common.compute-instance-1641977407", "imageRef": "25d6fd07-a465-45f3-83f4-5bd6cc475730", "key_name": "tempest-TestNetworkBasicOps-1398755794", "flavorRef": "42", "networks": [{"uuid": "53ddccb4-1953-4573-8ccb-8f388ec485f0"}], "security_groups": [{"name": "tempest-secgroup-smoke-691408811"}]}}
    Response - Headers: {'status': '202', 'content-length': '461', 'x-compute-request-id': 'req-e226f86c-ee8a-4776-a14e-b9d5cccc1428', 'vary': 'X-OpenStack-Nova-API-Version', 'connection': 'close', 'location': 'http://10.0.2.15:8774/v2.1/106e6834669147ecb6078c2e24d3f9a1/servers/476ac477-b045-4009-baab-e251506ca589', 'x-openstack-nova-api-version': '2.1', 'date': 'Fri, 18 Dec 2015 06:55:40 GMT', 'content-type': 'application/json'}
        Body: {"server": {"security_groups": [{"name": "tempest-secgroup-smoke-691408811"}], "OS-DCF:diskConfig": "MANUAL", "id": "476ac477-b045-4009-baab-e251506ca589", "links": [{"href": "http://10.0.2.15:8774/v2.1/106e6834669147ecb6078c2e24d3f9a1/servers/476ac477-b045-4009-baab-e251506ca589", "rel": "self"}, {"href": "http://10.0.2.15:8774/106e6834669147ecb6078c2e24d3f9a1/servers/476ac477-b045-4009-baab-e251506ca589", "rel": "bookmark"}], "adminPass": "2hkdKm7TciqS"}}
2015-12-18 06:55:40,995 20284 INFO     [tempest_lib.common.rest_client] Request (TestNetworkBasicOps:test_connectivity_between_vms_on_different_networks): 200 GET http://10.0.2.15:8774/v2.1/106e6834669147ecb6078c2e24d3f9a1/servers/476ac477-b045-4009-baab-e251506ca589 0.130s
2015-12-18 06:55:40,995 20284 DEBUG    [tempest_lib.common.rest_client] Request - Headers: {'Content-Type': 'application/json', 'Accept': 'application/json', 'X-Auth-Token': '&lt;omitted&gt;'}
        Body: None
    Response - Headers: {'status': '200', 'content-length': '1356', 'content-location': 'http://10.0.2.15:8774/v2.1/106e6834669147ecb6078c2e24d3f9a1/servers/476ac477-b045-4009-baab-e251506ca589', 'x-compute-request-id': 'req-223353fb-58e1-406a-9f0c-d9ae09f01625', 'vary': 'X-OpenStack-Nova-API-Version', 'connection': 'close', 'x-openstack-nova-api-version': '2.1', 'date': 'Fri, 18 Dec 2015 06:55:40 GMT', 'content-type': 'application/json'}
        Body: {"server": {"status": "BUILD", "updated": "2015-12-18T06:55:40Z", "hostId": "", "addresses": {}, "links": [{"href": "http://10.0.2.15:8774/v2.1/106e6834669147ecb6078c2e24d3f9a1/servers/476ac477-b045-4009-baab-e251506ca589", "rel": "self"}, {"href": "http://10.0.2.15:8774/106e6834669147ecb6078c2e24d3f9a1/servers/476ac477-b045-4009-baab-e251506ca589", "rel": "bookmark"}], "key_name": "tempest-TestNetworkBasicOps-1398755794", "image": {"id": "25d6fd07-a465-45f3-83f4-5bd6cc475730", "links": [{"href": "http://10.0.2.15:8774/106e6834669147ecb6078c2e24d3f9a1/images/25d6fd07-a465-45f3-83f4-5bd6cc475730", "rel": "bookmark"}]}, "OS-EXT-STS:task_state": "scheduling", "OS-EXT-STS:vm_state": "building", "OS-SRV-USG:launched_at": null, "flavor": {"id": "42", "links": [{"href": "http://10.0.2.15:8774/106e6834669147ecb6078c2e24d3f9a1/flavors/42", "rel": "bookmark"}]}, "id": "476ac477-b045-4009-baab-e251506ca589", "OS-SRV-USG:terminated_at": null, "OS-EXT-AZ:availability_zone": "", "user_id": "ff29c5f0fe1b46eb8aa187d474ef2477", "name": "tempest.common.compute-instance-1641977407", "created": "2015-12-18T06:55:40Z", "tenant_id": "106e6834669147ecb6078c2e24d3f9a1", "OS-DCF:diskConfig": "MANUAL", "os-extended-volumes:volumes_attached": [], "accessIPv4": "", "accessIPv6": "", "progress": 0, "OS-EXT-STS:power_state": 0, "config_drive": "", "metadata": {}}}
2015-12-18 06:55:42,233 20284 INFO     [tempest_lib.common.rest_client] Request (TestNetworkBasicOps:test_connectivity_between_vms_on_different_networks): 200 GET http://10.0.2.15:8774/v2.1/106e6834669147ecb6078c2e24d3f9a1/servers/476ac477-b045-4009-baab-e251506ca589 0.228s
2015-12-18 06:55:42,234 20284 DEBUG    [tempest_lib.common.rest_client] Request - Headers: {'Content-Type': 'application/json', 'Accept': 'application/json', 'X-Auth-Token': '&lt;omitted&gt;'}
        Body: None
    Response - Headers: {'status': '200', 'content-length': '1481', 'content-location': 'http://10.0.2.15:8774/v2.1/106e6834669147ecb6078c2e24d3f9a1/servers/476ac477-b045-4009-baab-e251506ca589', 'x-compute-request-id': 'req-019de705-bd2f-4da5-9818-c6cfe7df1a91', 'vary': 'X-OpenStack-Nova-API-Version', 'connection': 'close', 'x-openstack-nova-api-version': '2.1', 'date': 'Fri, 18 Dec 2015 06:55:42 GMT', 'content-type': 'application/json'}
        Body: {"server": {"status": "BUILD", "updated": "2015-12-18T06:55:41Z", "hostId": "12c2aec4d9661775ac94a285cd9a9479a919f2f2b68815190195b6ae", "addresses": {}, "links": [{"href": "http://10.0.2.15:8774/v2.1/106e6834669147ecb6078c2e24d3f9a1/servers/476ac477-b045-4009-baab-e251506ca589", "rel": "self"}, {"href": "http://10.0.2.15:8774/106e6834669147ecb6078c2e24d3f9a1/servers/476ac477-b045-4009-baab-e251506ca589", "rel": "bookmark"}], "key_name": "tempest-TestNetworkBasicOps-1398755794", "image": {"id": "25d6fd07-a465-45f3-83f4-5bd6cc475730", "links": [{"href": "http://10.0.2.15:8774/106e6834669147ecb6078c2e24d3f9a1/images/25d6fd07-a465-45f3-83f4-5bd6cc475730", "rel": "bookmark"}]}, "OS-EXT-STS:task_state": "spawning", "OS-EXT-STS:vm_state": "building", "OS-SRV-USG:launched_at": null, "flavor": {"id": "42", "links": [{"href": "http://10.0.2.15:8774/106e6834669147ecb6078c2e24d3f9a1/flavors/42", "rel": "bookmark"}]}, "id": "476ac477-b045-4009-baab-e251506ca589", "security_groups": [{"name": "tempest-secgroup-smoke-691408811"}], "OS-SRV-USG:terminated_at": null, "OS-EXT-AZ:availability_zone": "nova", "user_id": "ff29c5f0fe1b46eb8aa187d474ef2477", "name": "tempest.common.compute-instance-1641977407", "created": "2015-12-18T06:55:40Z", "tenant_id": "106e6834669147ecb6078c2e24d3f9a1", "OS-DCF:diskConfig": "MANUAL", "os-extended-volumes:volumes_attached": [], "accessIPv4": "", "accessIPv6": "", "progress": 0, "OS-EXT-STS:power_state": 0, "config_drive": "", "metadata": {}}}
2015-12-18 06:55:42,242 20284 INFO     [tempest.common.waiters] State transition "BUILD/scheduling" ==&gt; "BUILD/spawning" after 1 second wait
2015-12-18 06:55:43,448 20284 INFO     [tempest_lib.common.rest_client] Request (TestNetworkBasicOps:test_connectivity_between_vms_on_different_networks): 200 GET http://10.0.2.15:8774/v2.1/106e6834669147ecb6078c2e24d3f9a1/servers/476ac477-b045-4009-baab-e251506ca589 0.204s
2015-12-18 06:55:43,448 20284 DEBUG    [tempest_lib.common.rest_client] Request - Headers: {'Content-Type': 'application/json', 'Accept': 'application/json', 'X-Auth-Token': '&lt;omitted&gt;'}
        Body: None
    Response - Headers: {'status': '200', 'content-length': '1481', 'content-location': 'http://10.0.2.15:8774/v2.1/106e6834669147ecb6078c2e24d3f9a1/servers/476ac477-b045-4009-baab-e251506ca589', 'x-compute-request-id': 'req-49e4ac5f-d6ad-45d6-9846-8f155a46f2f9', 'vary': 'X-OpenStack-Nova-API-Version', 'connection': 'close', 'x-openstack-nova-api-version': '2.1', 'date': 'Fri, 18 Dec 2015 06:55:43 GMT', 'content-type': 'application/json'}
        Body: {"server": {"status": "BUILD", "updated": "2015-12-18T06:55:41Z", "hostId": "12c2aec4d9661775ac94a285cd9a9479a919f2f2b68815190195b6ae", "addresses": {}, "links": [{"href": "http://10.0.2.15:8774/v2.1/106e6834669147ecb6078c2e24d3f9a1/servers/476ac477-b045-4009-baab-e251506ca589", "rel": "self"}, {"href": "http://10.0.2.15:8774/106e6834669147ecb6078c2e24d3f9a1/servers/476ac477-b045-4009-baab-e251506ca589", "rel": "bookmark"}], "key_name": "tempest-TestNetworkBasicOps-1398755794", "image": {"id": "25d6fd07-a465-45f3-83f4-5bd6cc475730", "links": [{"href": "http://10.0.2.15:8774/106e6834669147ecb6078c2e24d3f9a1/images/25d6fd07-a465-45f3-83f4-5bd6cc475730", "rel": "bookmark"}]}, "OS-EXT-STS:task_state": "spawning", "OS-EXT-STS:vm_state": "building", "OS-SRV-USG:launched_at": null, "flavor": {"id": "42", "links": [{"href": "http://10.0.2.15:8774/106e6834669147ecb6078c2e24d3f9a1/flavors/42", "rel": "bookmark"}]}, "id": "476ac477-b045-4009-baab-e251506ca589", "security_groups": [{"name": "tempest-secgroup-smoke-691408811"}], "OS-SRV-USG:terminated_at": null, "OS-EXT-AZ:availability_zone": "nova", "user_id": "ff29c5f0fe1b46eb8aa187d474ef2477", "name": "tempest.common.compute-instance-1641977407", "created": "2015-12-18T06:55:40Z", "tenant_id": "106e6834669147ecb6078c2e24d3f9a1", "OS-DCF:diskConfig": "MANUAL", "os-extended-volumes:volumes_attached": [], "accessIPv4": "", "accessIPv6": "", "progress": 0, "OS-EXT-STS:power_state": 0, "config_drive": "", "metadata": {}}}
2015-12-18 06:55:44,778 20284 INFO     [tempest_lib.common.rest_client] Request (TestNetworkBasicOps:test_connectivity_between_vms_on_different_networks): 200 GET http://10.0.2.15:8774/v2.1/106e6834669147ecb6078c2e24d3f9a1/servers/476ac477-b045-4009-baab-e251506ca589 0.318s
2015-12-18 06:55:44,778 20284 DEBUG    [tempest_lib.common.rest_client] Request - Headers: {'Content-Type': 'application/json', 'Accept': 'application/json', 'X-Auth-Token': '&lt;omitted&gt;'}
        Body: None
    Response - Headers: {'status': '200', 'content-length': '1652', 'content-location': 'http://10.0.2.15:8774/v2.1/106e6834669147ecb6078c2e24d3f9a1/servers/476ac477-b045-4009-baab-e251506ca589', 'x-compute-request-id': 'req-77ad81b0-96eb-4aa1-8cff-a1c31010f4c2', 'vary': 'X-OpenStack-Nova-API-Version', 'connection': 'close', 'x-openstack-nova-api-version': '2.1', 'date': 'Fri, 18 Dec 2015 06:55:44 GMT', 'content-type': 'application/json'}
        Body: {"server": {"status": "ACTIVE", "updated": "2015-12-18T06:55:44Z", "hostId": "12c2aec4d9661775ac94a285cd9a9479a919f2f2b68815190195b6ae", "addresses": {"tempest-network-smoke--204639121": [{"OS-EXT-IPS-MAC:mac_addr": "fa:16:3e:27:a5:e7", "version": 4, "addr": "10.100.0.3", "OS-EXT-IPS:type": "fixed"}]}, "links": [{"href": "http://10.0.2.15:8774/v2.1/106e6834669147ecb6078c2e24d3f9a1/servers/476ac477-b045-4009-baab-e251506ca589", "rel": "self"}, {"href": "http://10.0.2.15:8774/106e6834669147ecb6078c2e24d3f9a1/servers/476ac477-b045-4009-baab-e251506ca589", "rel": "bookmark"}], "key_name": "tempest-TestNetworkBasicOps-1398755794", "image": {"id": "25d6fd07-a465-45f3-83f4-5bd6cc475730", "links": [{"href": "http://10.0.2.15:8774/106e6834669147ecb6078c2e24d3f9a1/images/25d6fd07-a465-45f3-83f4-5bd6cc475730", "rel": "bookmark"}]}, "OS-EXT-STS:task_state": null, "OS-EXT-STS:vm_state": "active", "OS-SRV-USG:launched_at": "2015-12-18T06:55:43.000000", "flavor": {"id": "42", "links": [{"href": "http://10.0.2.15:8774/106e6834669147ecb6078c2e24d3f9a1/flavors/42", "rel": "bookmark"}]}, "id": "476ac477-b045-4009-baab-e251506ca589", "security_groups": [{"name": "tempest-secgroup-smoke-691408811"}], "OS-SRV-USG:terminated_at": null, "OS-EXT-AZ:availability_zone": "nova", "user_id": "ff29c5f0fe1b46eb8aa187d474ef2477", "name": "tempest.common.compute-instance-1641977407", "created": "2015-12-18T06:55:40Z", "tenant_id": "106e6834669147ecb6078c2e24d3f9a1", "OS-DCF:diskConfig": "MANUAL", "os-extended-volumes:volumes_attached": [], "accessIPv4": "", "accessIPv6": "", "progress": 0, "OS-EXT-STS:power_state": 1, "config_drive": "True", "metadata": {}}}
2015-12-18 06:55:44,787 20284 INFO     [tempest.common.waiters] State transition "BUILD/spawning" ==&gt; "ACTIVE/None" after 3 second wait
2015-12-18 06:55:44,968 20284 INFO     [tempest_lib.common.rest_client] Request (TestNetworkBasicOps:test_connectivity_between_vms_on_different_networks): 200 GET http://10.0.2.15:8774/v2.1/106e6834669147ecb6078c2e24d3f9a1/servers/476ac477-b045-4009-baab-e251506ca589 0.180s
2015-12-18 06:55:44,968 20284 DEBUG    [tempest_lib.common.rest_client] Request - Headers: {'Content-Type': 'application/json', 'Accept': 'application/json', 'X-Auth-Token': '&lt;omitted&gt;'}
        Body: None
    Response - Headers: {'status': '200', 'content-length': '1652', 'content-location': 'http://10.0.2.15:8774/v2.1/106e6834669147ecb6078c2e24d3f9a1/servers/476ac477-b045-4009-baab-e251506ca589', 'x-compute-request-id': 'req-36ffdb10-ebbe-434b-a7f6-4762ca069b5d', 'vary': 'X-OpenStack-Nova-API-Version', 'connection': 'close', 'x-openstack-nova-api-version': '2.1', 'date': 'Fri, 18 Dec 2015 06:55:44 GMT', 'content-type': 'application/json'}
        Body: {"server": {"status": "ACTIVE", "updated": "2015-12-18T06:55:44Z", "hostId": "12c2aec4d9661775ac94a285cd9a9479a919f2f2b68815190195b6ae", "addresses": {"tempest-network-smoke--204639121": [{"OS-EXT-IPS-MAC:mac_addr": "fa:16:3e:27:a5:e7", "version": 4, "addr": "10.100.0.3", "OS-EXT-IPS:type": "fixed"}]}, "links": [{"href": "http://10.0.2.15:8774/v2.1/106e6834669147ecb6078c2e24d3f9a1/servers/476ac477-b045-4009-baab-e251506ca589", "rel": "self"}, {"href": "http://10.0.2.15:8774/106e6834669147ecb6078c2e24d3f9a1/servers/476ac477-b045-4009-baab-e251506ca589", "rel": "bookmark"}], "key_name": "tempest-TestNetworkBasicOps-1398755794", "image": {"id": "25d6fd07-a465-45f3-83f4-5bd6cc475730", "links": [{"href": "http://10.0.2.15:8774/106e6834669147ecb6078c2e24d3f9a1/images/25d6fd07-a465-45f3-83f4-5bd6cc475730", "rel": "bookmark"}]}, "OS-EXT-STS:task_state": null, "OS-EXT-STS:vm_state": "active", "OS-SRV-USG:launched_at": "2015-12-18T06:55:43.000000", "flavor": {"id": "42", "links": [{"href": "http://10.0.2.15:8774/106e6834669147ecb6078c2e24d3f9a1/flavors/42", "rel": "bookmark"}]}, "id": "476ac477-b045-4009-baab-e251506ca589", "security_groups": [{"name": "tempest-secgroup-smoke-691408811"}], "OS-SRV-USG:terminated_at": null, "OS-EXT-AZ:availability_zone": "nova", "user_id": "ff29c5f0fe1b46eb8aa187d474ef2477", "name": "tempest.common.compute-instance-1641977407", "created": "2015-12-18T06:55:40Z", "tenant_id": "106e6834669147ecb6078c2e24d3f9a1", "OS-DCF:diskConfig": "MANUAL", "os-extended-volumes:volumes_attached": [], "accessIPv4": "", "accessIPv6": "", "progress": 0, "OS-EXT-STS:power_state": 1, "config_drive": "True", "metadata": {}}}
2015-12-18 06:55:44,976 20284 INFO     [tempest.scenario.manager] Tenant networks not configured to be reachable.
2015-12-18 06:55:45,005 20284 INFO     [tempest_lib.common.rest_client] Request (TestNetworkBasicOps:test_connectivity_between_vms_on_different_networks): 200 GET http://10.0.2.15:9696/v2.0/ports?status=ACTIVE&amp;fixed_ip=None&amp;device_id=476ac477-b045-4009-baab-e251506ca589 0.028s
2015-12-18 06:55:45,006 20284 DEBUG    [tempest_lib.common.rest_client] Request - Headers: {'Content-Type': 'application/json', 'Accept': 'application/json', 'X-Auth-Token': '&lt;omitted&gt;'}
        Body: None
    Response - Headers: {'status': '200', 'content-length': '895', 'content-location': 'http://10.0.2.15:9696/v2.0/ports?status=ACTIVE&amp;fixed_ip=None&amp;device_id=476ac477-b045-4009-baab-e251506ca589', 'connection': 'close', 'date': 'Fri, 18 Dec 2015 06:55:45 GMT', 'content-type': 'application/json; charset=UTF-8', 'x-openstack-request-id': 'req-eadc3bcd-95d6-4a74-9fb1-e75446ec8723'}
        Body: {"ports": [{"status": "ACTIVE", "binding:host_id": "vagrant-ubuntu-trusty-64", "allowed_address_pairs": [], "extra_dhcp_opts": [], "dns_assignment": [{"hostname": "host-10-100-0-3", "ip_address": "10.100.0.3", "fqdn": "host-10-100-0-3.openstacklocal."}], "device_owner": "compute:None", "port_security_enabled": true, "binding:profile": {}, "fixed_ips": [{"subnet_id": "1ca6d447-7837-4ee7-978f-5bb21ed3e738", "ip_address": "10.100.0.3"}], "id": "d37030bf-24d8-4942-bbe0-80e821a7889e", "security_groups": ["1e97136e-04ed-4464-af3e-6b5d9289fc14"], "device_id": "476ac477-b045-4009-baab-e251506ca589", "name": "", "admin_state_up": true, "network_id": "53ddccb4-1953-4573-8ccb-8f388ec485f0", "dns_name": "", "binding:vif_details": {"port_filter": true}, "binding:vnic_type": "normal", "binding:vif_type": "ovs", "tenant_id": "106e6834669147ecb6078c2e24d3f9a1", "mac_address": "fa:16:3e:27:a5:e7"}]}
2015-12-18 06:55:45,424 20284 INFO     [tempest_lib.common.rest_client] Request (TestNetworkBasicOps:test_connectivity_between_vms_on_different_networks): 201 POST http://10.0.2.15:9696/v2.0/floatingips 0.418s
2015-12-18 06:55:45,425 20284 DEBUG    [tempest_lib.common.rest_client] Request - Headers: {'Content-Type': 'application/json', 'Accept': 'application/json', 'X-Auth-Token': '&lt;omitted&gt;'}
        Body: {"floatingip": {"floating_network_id": "e05b6538-4b2d-438a-90b5-3757e8794871", "tenant_id": "106e6834669147ecb6078c2e24d3f9a1", "fixed_ip_address": "10.100.0.3", "port_id": "d37030bf-24d8-4942-bbe0-80e821a7889e"}}
    Response - Headers: {'status': '201', 'content-length': '367', 'connection': 'close', 'date': 'Fri, 18 Dec 2015 06:55:45 GMT', 'content-type': 'application/json; charset=UTF-8', 'x-openstack-request-id': 'req-6b5107b0-0b9b-405e-bb52-49faf8a4a5ef'}
        Body: {"floatingip": {"floating_network_id": "e05b6538-4b2d-438a-90b5-3757e8794871", "router_id": "04b27135-674b-4228-8ddc-8035552e936b", "fixed_ip_address": "10.100.0.3", "floating_ip_address": "172.24.4.4", "tenant_id": "106e6834669147ecb6078c2e24d3f9a1", "status": "DOWN", "port_id": "d37030bf-24d8-4942-bbe0-80e821a7889e", "id": "8c3e60a2-56be-41d4-a527-e2b3dca624c2"}}
2015-12-18 06:55:45,440 20284 INFO     [tempest_lib.common.rest_client] Request (TestNetworkBasicOps:test_connectivity_between_vms_on_different_networks): 200 GET http://10.0.2.15:9696/v2.0/floatingips/8c3e60a2-56be-41d4-a527-e2b3dca624c2 0.014s
2015-12-18 06:55:45,440 20284 DEBUG    [tempest_lib.common.rest_client] Request - Headers: {'Content-Type': 'application/json', 'Accept': 'application/json', 'X-Auth-Token': '&lt;omitted&gt;'}
        Body: None
    Response - Headers: {'status': '200', 'content-length': '367', 'content-location': 'http://10.0.2.15:9696/v2.0/floatingips/8c3e60a2-56be-41d4-a527-e2b3dca624c2', 'connection': 'close', 'date': 'Fri, 18 Dec 2015 06:55:45 GMT', 'content-type': 'application/json; charset=UTF-8', 'x-openstack-request-id': 'req-30eaa152-bc46-4ce0-833c-837b1688dcdc'}
        Body: {"floatingip": {"floating_network_id": "e05b6538-4b2d-438a-90b5-3757e8794871", "router_id": "04b27135-674b-4228-8ddc-8035552e936b", "fixed_ip_address": "10.100.0.3", "floating_ip_address": "172.24.4.4", "tenant_id": "106e6834669147ecb6078c2e24d3f9a1", "status": "DOWN", "port_id": "d37030bf-24d8-4942-bbe0-80e821a7889e", "id": "8c3e60a2-56be-41d4-a527-e2b3dca624c2"}}
2015-12-18 06:55:46,453 20284 INFO     [tempest_lib.common.rest_client] Request (TestNetworkBasicOps:test_connectivity_between_vms_on_different_networks): 200 GET http://10.0.2.15:9696/v2.0/floatingips/8c3e60a2-56be-41d4-a527-e2b3dca624c2 0.011s
2015-12-18 06:55:46,454 20284 DEBUG    [tempest_lib.common.rest_client] Request - Headers: {'Content-Type': 'application/json', 'Accept': 'application/json', 'X-Auth-Token': '&lt;omitted&gt;'}
        Body: None
    Response - Headers: {'status': '200', 'content-length': '369', 'content-location': 'http://10.0.2.15:9696/v2.0/floatingips/8c3e60a2-56be-41d4-a527-e2b3dca624c2', 'connection': 'close', 'date': 'Fri, 18 Dec 2015 06:55:46 GMT', 'content-type': 'application/json; charset=UTF-8', 'x-openstack-request-id': 'req-2a783c31-4ceb-4971-8fa4-928909644060'}
        Body: {"floatingip": {"floating_network_id": "e05b6538-4b2d-438a-90b5-3757e8794871", "router_id": "04b27135-674b-4228-8ddc-8035552e936b", "fixed_ip_address": "10.100.0.3", "floating_ip_address": "172.24.4.4", "tenant_id": "106e6834669147ecb6078c2e24d3f9a1", "status": "ACTIVE", "port_id": "d37030bf-24d8-4942-bbe0-80e821a7889e", "id": "8c3e60a2-56be-41d4-a527-e2b3dca624c2"}}
2015-12-18 06:55:46,455 20284 INFO     [tempest.scenario.manager] FloatingIP: &lt;"FloatingIP" addr="172.24.4.4" id="8c3e60a2-56be-41d4-a527-e2b3dca624c2"&gt; is at status: ACTIVE
2015-12-18 06:55:46,455 20284 DEBUG    [tempest.scenario.manager] checking network connections to IP 172.24.4.4 with user: cirros
2015-12-18 06:55:46,456 20284 DEBUG    [tempest.scenario.manager] TestNetworkBasicOps:test_connectivity_between_vms_on_different_networks begins to ping 172.24.4.4 in 120 sec and the expected result is reachable
2015-12-18 06:57:46,725 20284 DEBUG    [tempest.scenario.manager] TestNetworkBasicOps:test_connectivity_between_vms_on_different_networks finishes ping 172.24.4.4 in 120 sec and the ping result is unexpected
2015-12-18 06:57:46,726 20284 ERROR    [tempest.scenario.manager] Public network connectivity check failed
2015-12-18 06:57:46.726 20284 ERROR tempest.scenario.manager Traceback (most recent call last):
2015-12-18 06:57:46.726 20284 ERROR tempest.scenario.manager   File "tempest/scenario/manager.py", line 608, in check_public_network_connectivity
2015-12-18 06:57:46.726 20284 ERROR tempest.scenario.manager     should_connect=should_connect)
2015-12-18 06:57:46.726 20284 ERROR tempest.scenario.manager   File "tempest/scenario/manager.py", line 592, in check_vm_connectivity
2015-12-18 06:57:46.726 20284 ERROR tempest.scenario.manager     msg=msg)
2015-12-18 06:57:46.726 20284 ERROR tempest.scenario.manager   File "/usr/local/lib/python2.7/dist-packages/unittest2/case.py", line 702, in assertTrue
2015-12-18 06:57:46.726 20284 ERROR tempest.scenario.manager     raise self.failureException(msg)
2015-12-18 06:57:46.726 20284 ERROR tempest.scenario.manager AssertionError: False is not true : Timed out waiting for 172.24.4.4 to become reachable
2015-12-18 06:57:46.726 20284 ERROR tempest.scenario.manager 
2015-12-18 06:57:46,958 20284 INFO     [tempest_lib.common.rest_client] Request (TestNetworkBasicOps:test_connectivity_between_vms_on_different_networks): 200 POST http://10.0.2.15:8774/v2.1/106e6834669147ecb6078c2e24d3f9a1/servers/476ac477-b045-4009-baab-e251506ca589/action 0.228s
2015-12-18 06:57:46,959 20284 DEBUG    [tempest_lib.common.rest_client] Request - Headers: {'Content-Type': 'application/json', 'Accept': 'application/json', 'X-Auth-Token': '&lt;omitted&gt;'}
        Body: {"os-getConsoleOutput": {}}
    Response - Headers: {'status': '200', 'content-length': '17429', 'x-compute-request-id': 'req-2e883597-ff3c-405b-ad79-ed27dc719e7d', 'vary': 'X-OpenStack-Nova-API-Version', 'connection': 'close', 'x-openstack-nova-api-version': '2.1', 'date': 'Fri, 18 Dec 2015 06:57:46 GMT', 'content-type': 'application/json'}
        Body: {"output": "[    0.000000] Initializing cgroup subsys cpuset\n[    0.000000] Initializing cgroup subsys cpu\n[    0.000000] Linux version 3.2.0-80-virtual (buildd@batsu) (gcc version 4.6.3 (Ubuntu/Linaro 4.6.3-1ubuntu5) ) #116-Ubuntu SMP Mon Mar 23 17:28:52 UTC 2015 (Ubuntu 3.2.0-80.116-virtual 3.2.68)\n[    0.000000] Command line: root=/dev/vda console=tty0 console=ttyS0 no_timer_check\n[    0.000000] KERNEL supported cpus:\n[    0.000000]   Intel GenuineIntel\n[    0.000000]   AMD AuthenticAMD\n[    0.000000]   Centaur CentaurHauls\n[    0.000000] BIOS-provided physical RAM map:\n[    0.000000]  BIOS-e820: 0000000000000000 - 000000000009fc00 (usable)\n[    0.000000]  BIOS-e820: 000000000009fc00 - 00000000000a0000 (reserved)\n[    0.000000]  BIOS-e820: 00000000000f0000 - 0000000000100000 (reserved)\n[    0.000000]  BIOS-e820: 0000000000100000 - 0000000003ffe000 (usable)\n[    0.000000]  BIOS-e820: 0000000003ffe000 - 0000000004000000 (reserved)\n[    0.000000]  BIOS-e820: 00000000fffc0000 - 0000000100000000 (reserved)\n[    0.000000] NX (Execute Disable) protection: active\n[    0.000000] SMBIOS 2.4 present.\n[    0.000000] No AGP bridge found\n[    0.000000] last_pfn = 0x3ffe max_arch_pfn = 0x400000000\n[    0.000000] x86 PAT enabled: cpu 0, old 0x7040600070406, new 0x7010600070106\n[    0.000000] found SMP MP-table at [ffff8800000f0b00] f0b00\n[    0.000000] init_memory_mapping: 0000000000000000-0000000003ffe000\n[    0.000000] RAMDISK: 03c5e000 - 03ff0000\n[    0.000000] ACPI: RSDP 00000000000f0950 00014 (v00 BOCHS )\n[    0.000000] ACPI: RSDT 0000000003fffbc1 00034 (v01 BOCHS  BXPCRSDT 00000001 BXPC 00000001)\n[    0.000000] ACPI: FACP 0000000003fff1c0 00074 (v01 BOCHS  BXPCFACP 00000001 BXPC 00000001)\n[    0.000000] ACPI: DSDT 0000000003ffe040 01180 (v01 BOCHS  BXPCDSDT 00000001 BXPC 00000001)\n[    0.000000] ACPI: FACS 0000000003ffe000 00040\n[    0.000000] ACPI: SSDT 0000000003fff234 008DD (v01 BOCHS  BXPCSSDT 00000001 BXPC 00000001)\n[    0.000000] ACPI: APIC 0000000003fffb11 00078 (v01 BOCHS  BXPCAPIC 00000001 BXPC 00000001)\n[    0.000000] ACPI: HPET 0000000003fffb89 00038 (v01 BOCHS  BXPCHPET 00000001 BXPC 00000001)\n[    0.000000] No NUMA configuration found\n[    0.000000] Faking a node at 0000000000000000-0000000003ffe000\n[    0.000000] Initmem setup node 0 0000000000000000-0000000003ffe000\n[    0.000000]   NODE_DATA [0000000003ff6000 - 0000000003ffafff]\n[    0.000000] Zone PFN ranges:\n[    0.000000]   DMA      0x00000010 -&gt; 0x00001000\n[    0.000000]   DMA32    0x00001000 -&gt; 0x00100000\n[    0.000000]   Normal   empty\n[    0.000000] Movable zone start PFN for each node\n[    0.000000] early_node_map[2] active PFN ranges\n[    0.000000]     0: 0x00000010 -&gt; 0x0000009f\n[    0.000000]     0: 0x00000100 -&gt; 0x00003ffe\n[    0.000000] ACPI: PM-Timer IO Port: 0xb008\n[    0.000000] ACPI: LAPIC (acpi_id[0x00] lapic_id[0x00] enabled)\n[    0.000000] ACPI: LAPIC_NMI (acpi_id[0xff] dfl dfl lint[0x1])\n[    0.000000] ACPI: IOAPIC (id[0x00] address[0xfec00000] gsi_base[0])\n[    0.000000] IOAPIC[0]: apic_id 0, version 17, address 0xfec00000, GSI 0-23\n[    0.000000] ACPI: INT_SRC_OVR (bus 0 bus_irq 0 global_irq 2 dfl dfl)\n[    0.000000] ACPI: INT_SRC_OVR (bus 0 bus_irq 5 global_irq 5 high level)\n[    0.000000] ACPI: INT_SRC_OVR (bus 0 bus_irq 9 global_irq 9 high level)\n[    0.000000] ACPI: INT_SRC_OVR (bus 0 bus_irq 10 global_irq 10 high level)\n[    0.000000] ACPI: INT_SRC_OVR (bus 0 bus_irq 11 global_irq 11 high level)\n[    0.000000] Using ACPI (MADT) for SMP configuration information\n[    0.000000] ACPI: HPET id: 0x8086a201 base: 0xfed00000\n[    0.000000] SMP: Allowing 1 CPUs, 0 hotplug CPUs\n[    0.000000] PM: Registered nosave memory: 000000000009f000 - 00000000000a0000\n[    0.000000] PM: Registered nosave memory: 00000000000a0000 - 00000000000f0000\n[    0.000000] PM: Registered nosave memory: 00000000000f0000 - 0000000000100000\n[    0.000000] Allocating PCI resources starting at 4000000 (gap: 4000000:fbfc0000)\n[    0.000000] Booting paravirtualized kernel on bare hardware\n[    0.000000] setup_pe
2015-12-18 06:57:46,963 20284 DEBUG    [tempest.scenario.manager] Console output for 476ac477-b045-4009-baab-e251506ca589
body=
[    0.000000] Initializing cgroup subsys cpuset
[    0.000000] Initializing cgroup subsys cpu
[    0.000000] Linux version 3.2.0-80-virtual (buildd@batsu) (gcc version 4.6.3 (Ubuntu/Linaro 4.6.3-1ubuntu5) ) #116-Ubuntu SMP Mon Mar 23 17:28:52 UTC 2015 (Ubuntu 3.2.0-80.116-virtual 3.2.68)
[    0.000000] Command line: root=/dev/vda console=tty0 console=ttyS0 no_timer_check
[    0.000000] KERNEL supported cpus:
[    0.000000]   Intel GenuineIntel
[    0.000000]   AMD AuthenticAMD
[    0.000000]   Centaur CentaurHauls
[    0.000000] BIOS-provided physical RAM map:
[    0.000000]  BIOS-e820: 0000000000000000 - 000000000009fc00 (usable)
[    0.000000]  BIOS-e820: 000000000009fc00 - 00000000000a0000 (reserved)
[    0.000000]  BIOS-e820: 00000000000f0000 - 0000000000100000 (reserved)
[    0.000000]  BIOS-e820: 0000000000100000 - 0000000003ffe000 (usable)
[    0.000000]  BIOS-e820: 0000000003ffe000 - 0000000004000000 (reserved)
[    0.000000]  BIOS-e820: 00000000fffc0000 - 0000000100000000 (reserved)
[    0.000000] NX (Execute Disable) protection: active
[    0.000000] SMBIOS 2.4 present.
[    0.000000] No AGP bridge found
[    0.000000] last_pfn = 0x3ffe max_arch_pfn = 0x400000000
[    0.000000] x86 PAT enabled: cpu 0, old 0x7040600070406, new 0x7010600070106
[    0.000000] found SMP MP-table at [ffff8800000f0b00] f0b00
[    0.000000] init_memory_mapping: 0000000000000000-0000000003ffe000
[    0.000000] RAMDISK: 03c5e000 - 03ff0000
[    0.000000] ACPI: RSDP 00000000000f0950 00014 (v00 BOCHS )
[    0.000000] ACPI: RSDT 0000000003fffbc1 00034 (v01 BOCHS  BXPCRSDT 00000001 BXPC 00000001)
[    0.000000] ACPI: FACP 0000000003fff1c0 00074 (v01 BOCHS  BXPCFACP 00000001 BXPC 00000001)
[    0.000000] ACPI: DSDT 0000000003ffe040 01180 (v01 BOCHS  BXPCDSDT 00000001 BXPC 00000001)
[    0.000000] ACPI: FACS 0000000003ffe000 00040
[    0.000000] ACPI: SSDT 0000000003fff234 008DD (v01 BOCHS  BXPCSSDT 00000001 BXPC 00000001)
[    0.000000] ACPI: APIC 0000000003fffb11 00078 (v01 BOCHS  BXPCAPIC 00000001 BXPC 00000001)
[    0.000000] ACPI: HPET 0000000003fffb89 00038 (v01 BOCHS  BXPCHPET 00000001 BXPC 00000001)
[    0.000000] No NUMA configuration found
[    0.000000] Faking a node at 0000000000000000-0000000003ffe000
[    0.000000] Initmem setup node 0 0000000000000000-0000000003ffe000
[    0.000000]   NODE_DATA [0000000003ff6000 - 0000000003ffafff]
[    0.000000] Zone PFN ranges:
[    0.000000]   DMA      0x00000010 -&gt; 0x00001000
[    0.000000]   DMA32    0x00001000 -&gt; 0x00100000
[    0.000000]   Normal   empty
[    0.000000] Movable zone start PFN for each node
[    0.000000] early_node_map[2] active PFN ranges
[    0.000000]     0: 0x00000010 -&gt; 0x0000009f
[    0.000000]     0: 0x00000100 -&gt; 0x00003ffe
[    0.000000] ACPI: PM-Timer IO Port: 0xb008
[    0.000000] ACPI: LAPIC (acpi_id[0x00] lapic_id[0x00] enabled)
[    0.000000] ACPI: LAPIC_NMI (acpi_id[0xff] dfl dfl lint[0x1])
[    0.000000] ACPI: IOAPIC (id[0x00] address[0xfec00000] gsi_base[0])
[    0.000000] IOAPIC[0]: apic_id 0, version 17, address 0xfec00000, GSI 0-23
[    0.000000] ACPI: INT_SRC_OVR (bus 0 bus_irq 0 global_irq 2 dfl dfl)
[    0.000000] ACPI: INT_SRC_OVR (bus 0 bus_irq 5 global_irq 5 high level)
[    0.000000] ACPI: INT_SRC_OVR (bus 0 bus_irq 9 global_irq 9 high level)
[    0.000000] ACPI: INT_SRC_OVR (bus 0 bus_irq 10 global_irq 10 high level)
[    0.000000] ACPI: INT_SRC_OVR (bus 0 bus_irq 11 global_irq 11 high level)
[    0.000000] Using ACPI (MADT) for SMP configuration information
[    0.000000] ACPI: HPET id: 0x8086a201 base: 0xfed00000
[    0.000000] SMP: Allowing 1 CPUs, 0 hotplug CPUs
[    0.000000] PM: Registered nosave memory: 000000000009f000 - 00000000000a0000
[    0.000000] PM: Registered nosave memory: 00000000000a0000 - 00000000000f0000
[    0.000000] PM: Registered nosave memory: 00000000000f0000 - 0000000000100000
[    0.000000] Allocating PCI resources starting at 4000000 (gap: 4000000:fbfc0000)
[    0.000000] Booting paravirtualized kernel on bare hardware
[    0.000000] setup_percpu: NR_CPUS:64 nr_cpumask_bits:64 nr_cpu_ids:1 nr_node_ids:1
[    0.000000] PERCPU: Embedded 27 pages/cpu @ffff880003a00000 s78848 r8192 d23552 u2097152
[    0.000000] Built 1 zonelists in Node order, mobility grouping on.  Total pages: 16008
[    0.000000] Policy zone: DMA32
[    0.000000] Kernel command line: root=/dev/vda console=tty0 console=ttyS0 no_timer_check
[    0.000000] PID hash table entries: 256 (order: -1, 2048 bytes)
[    0.000000] Checking aperture...
[    0.000000] No AGP bridge found
[    0.000000] Memory: 43492k/65528k available (6576k kernel code, 452k absent, 21584k reserved, 6620k data, 928k init)
[    0.000000] SLUB: Genslabs=15, HWalign=64, Order=0-3, MinObjects=0, CPUs=1, Nodes=1
[    0.000000] Hierarchical RCU implementation.
[    0.000000] 	RCU dyntick-idle grace-period acceleration is enabled.
[    0.000000] NR_IRQS:4352 nr_irqs:256 16
[    0.000000] Console: colour VGA+ 80x25
[    0.000000] console [tty0] enabled
[    0.000000] console [ttyS0] enabled
[    0.000000] allocated 1048576 bytes of page_cgroup
[    0.000000] please try 'cgroup_disable=memory' option if you don't want memory cgroups
[    0.000000] Fast TSC calibration failed
[    0.000000] TSC: Unable to calibrate against PIT
[    0.000000] TSC: using HPET reference calibration
[    0.000000] Detected 2294.075 MHz processor.
[    0.033495] Calibrating delay loop (skipped), value calculated using timer frequency.. 4588.15 BogoMIPS (lpj=9176300)
[    0.035501] pid_max: default: 32768 minimum: 301
[    0.041881] Security Framework initialized
[    0.047335] AppArmor: AppArmor initialized
[    0.048122] Yama: becoming mindful.
[    0.055153] Dentry cache hash table entries: 8192 (order: 4, 65536 bytes)
[    0.056421] Inode-cache hash table entries: 4096 (order: 3, 32768 bytes)
[    0.058448] Mount-cache hash table entries: 256
[    0.074232] Initializing cgroup subsys cpuacct
[    0.076376] Initializing cgroup subsys memory
[    0.078262] Initializing cgroup subsys devices
[    0.079296] Initializing cgroup subsys freezer
[    0.080154] Initializing cgroup subsys blkio
[    0.080845] Initializing cgroup subsys perf_event
[    0.089006] mce: CPU supports 10 MCE banks
[    0.093641] SMP alternatives: switching to UP code
[    0.490121] Freeing SMP alternatives: 24k freed
[    0.493639] ACPI: Core revision 20110623
[    0.552461] ftrace: allocating 26610 entries in 105 pages
[    0.585582] ..TIMER: vector=0x30 apic1=0 pin1=2 apic2=-1 pin2=-1
[    0.588114] CPU0: AMD QEMU Virtual CPU version 2.0.0 stepping 03
[    0.592036] Performance Events: Broken PMU hardware detected, using software events only.
[    0.601670] NMI watchdog disabled (cpu0): hardware events not enabled
[    0.604291] Brought up 1 CPUs
[    0.604853] Total of 1 processors activated (4588.15 BogoMIPS).
[    0.630822] devtmpfs: initialized
[    0.661945] EVM: security.selinux
[    0.664082] EVM: security.SMACK64
[    0.664529] EVM: security.capability
[    0.698625] print_constraints: dummy: 
[    0.701087] RTC time:  6:55:47, date: 12/18/15
[    0.704858] NET: Registered protocol family 16
[    0.712493] ACPI: bus type pci registered
[    0.716599] PCI: Using configuration type 1 for base access
[    0.756469] bio: create slab &lt;bio-0&gt; at 0
[    0.761691] ACPI: Added _OSI(Module Device)
[    0.762233] ACPI: Added _OSI(Processor Device)
[    0.762775] ACPI: Added _OSI(3.0 _SCP Extensions)
[    0.763440] ACPI: Added _OSI(Processor Aggregator Device)
[    0.836285] ACPI: Interpreter enabled
[    0.836906] ACPI: (supports S0 S3 S4 S5)
[    0.838904] ACPI: Using IOAPIC for interrupt routing
[    0.919140] ACPI: No dock devices found.
[    0.920186] HEST: Table not found.
[    0.920778] PCI: Using host bridge windows from ACPI; if necessary, use "pci=nocrs" and report a bug
[    0.926362] ACPI: PCI Root Bridge [PCI0] (domain 0000 [bus 00-ff])
[    0.932645] pci_root PNP0A03:00: host bridge window [io  0x0000-0x0cf7]
[    0.933583] pci_root PNP0A03:00: host bridge window [io  0x0d00-0xadff]
[    0.934705] pci_root PNP0A03:00: host bridge window [io  0xae0f-0xaeff]
[    0.936118] pci_root PNP0A03:00: host bridge window [io  0xaf20-0xafdf]
[    0.936966] pci_root PNP0A03:00: host bridge window [io  0xafe4-0xffff]
[    0.938005] pci_root PNP0A03:00: host bridge window [mem 0x000a0000-0x000bffff]
[    0.938900] pci_root PNP0A03:00: host bridge window [mem 0x04000000-0xfebfffff]
[    0.962113] pci 0000:00:01.3: quirk: [io  0xb000-0xb03f] claimed by PIIX4 ACPI
[    0.964178] pci 0000:00:01.3: quirk: [io  0xb100-0xb10f] claimed by PIIX4 SMB
[    1.032539]  pci0000:00: Unable to request _OSC control (_OSC support mask: 0x1e)
[    1.090742] ACPI: PCI Interrupt Link [LNKA] (IRQs 5 *10 11)
[    1.093153] ACPI: PCI Interrupt Link [LNKB] (IRQs 5 *10 11)
[    1.094898] ACPI: PCI Interrupt Link [LNKC] (IRQs 5 10 *11)
[    1.097317] ACPI: PCI Interrupt Link [LNKD] (IRQs 5 10 *11)
[    1.098512] ACPI: PCI Interrupt Link [LNKS] (IRQs *9)
[    1.105043] vgaarb: device added: PCI:0000:00:02.0,decodes=io+mem,owns=io+mem,locks=none
[    1.106198] vgaarb: loaded
[    1.106612] vgaarb: bridge control possible 0000:00:02.0
[    1.112467] i2c-core: driver [aat2870] using legacy suspend method
[    1.113944] i2c-core: driver [aat2870] using legacy resume method
[    1.118903] SCSI subsystem initialized
[    1.128339] usbcore: registered new interface driver usbfs
[    1.130420] usbcore: registered new interface driver hub
[    1.133309] usbcore: registered new device driver usb
[    1.141274] PCI: Using ACPI for IRQ routing
[    1.152688] NetLabel: Initializing
[    1.153255] NetLabel:  domain hash size = 128
[    1.153750] NetLabel:  protocols = UNLABELED CIPSOv4
[    1.156395] NetLabel:  unlabeled traffic allowed by default
[    1.158671] HPET: 3 timers in total, 0 timers will be used for per-cpu timer
[    1.160432] hpet0: at MMIO 0xfed00000, IRQs 2, 8, 0
[    1.161419] hpet0: 3 comparators, 64-bit 100.000000 MHz counter
[    1.173900] Switching to clocksource hpet
[    1.409619] AppArmor: AppArmor Filesystem Enabled
[    1.410982] pnp: PnP ACPI init
[    1.411441] ACPI: bus type pnp registered
[    1.431192] pnp: PnP ACPI: found 9 devices
[    1.431719] ACPI: ACPI bus type pnp unregistered
[    1.484189] NET: Registered protocol family 2
[    1.518426] IP route cache hash table entries: 512 (order: 0, 4096 bytes)
[    1.526025] TCP established hash table entries: 2048 (order: 3, 32768 bytes)
[    1.527414] TCP bind hash table entries: 2048 (order: 3, 32768 bytes)
[    1.529372] TCP: Hash tables configured (established 2048 bind 2048)
[    1.530310] TCP reno registered
[    1.530877] UDP hash table entries: 128 (order: 0, 4096 bytes)
[    1.531780] UDP-Lite hash table entries: 128 (order: 0, 4096 bytes)
[    1.535490] NET: Registered protocol family 1
[    1.537205] pci 0000:00:00.0: Limiting direct PCI/PCI transfers
[    1.538142] pci 0000:00:01.0: PIIX3: Enabling Passive Release
[    1.539086] pci 0000:00:01.0: Activating ISA DMA hang workarounds
[    1.543952] ACPI: PCI Interrupt Link [LNKD] enabled at IRQ 11
[    1.545948] pci 0000:00:01.2: PCI INT D -&gt; Link[LNKD] -&gt; GSI 11 (level, high) -&gt; IRQ 11
[    1.549335] pci 0000:00:01.2: PCI INT D disabled
[    1.567167] Trying to unpack rootfs image as initramfs...
[    1.590781] audit: initializing netlink socket (disabled)
[    1.593487] type=2000 audit(1450421747.588:1): initialized
[    1.869248] HugeTLB registered 2 MB page size, pre-allocated 0 pages
[    1.943343] VFS: Disk quotas dquot_6.5.2
[    1.945924] Dquot-cache hash table entries: 512 (order 0, 4096 bytes)
[    1.978833] fuse init (API version 7.17)
[    1.982271] msgmni has been set to 84
[    2.021997] Block layer SCSI generic (bsg) driver version 0.4 loaded (major 253)
[    2.023619] io scheduler noop registered
[    2.025418] io scheduler deadline registered (default)
[    2.026648] io scheduler cfq registered
[    2.030150] pci_hotplug: PCI Hot Plug PCI Core version: 0.5
[    2.033060] pciehp: PCI Express Hot Plug Controller Driver version: 0.4
[    2.038337] input: Power Button as /devices/LNXSYSTM:00/LNXPWRBN:00/input/input0
[    2.039928] ACPI: Power Button [PWRF]
[    2.098663] ERST: Table is not found!
[    2.099344] GHES: HEST is not enabled!
[    2.102962] ACPI: PCI Interrupt Link [LNKC] enabled at IRQ 10
[    2.103837] virtio-pci 0000:00:03.0: PCI INT A -&gt; Link[LNKC] -&gt; GSI 10 (level, high) -&gt; IRQ 10
[    2.107653] virtio-pci 0000:00:04.0: PCI INT A -&gt; Link[LNKD] -&gt; GSI 11 (level, high) -&gt; IRQ 11
[    2.121461] ACPI: PCI Interrupt Link [LNKA] enabled at IRQ 10
[    2.122470] virtio-pci 0000:00:05.0: PCI INT A -&gt; Link[LNKA] -&gt; GSI 10 (level, high) -&gt; IRQ 10
[    2.138232] Serial: 8250/16550 driver, 32 ports, IRQ sharing enabled
[    2.182154] serial8250: ttyS0 at I/O 0x3f8 (irq = 4) is a 16550A
[    2.269883] serial8250: ttyS1 at I/O 0x2f8 (irq = 3) is a 16550A
[    2.405271] 00:05: ttyS0 at I/O 0x3f8 (irq = 4) is a 16550A
[    2.491485] 00:06: ttyS1 at I/O 0x2f8 (irq = 3) is a 16550A
[    2.537769] Linux agpgart interface v0.103
[    2.553292] Refined TSC clocksource calibration: 2294.130 MHz.
[    2.554412] Switching to clocksource tsc
[    2.622593] brd: module loaded
[    2.666168] loop: module loaded
[    2.728115]  vda: unknown partition table
[    2.781413] scsi0 : ata_piix
[    2.789348] scsi1 : ata_piix
[    2.790716] ata1: PATA max MWDMA2 cmd 0x1f0 ctl 0x3f6 bmdma 0xc0a0 irq 14
[    2.791482] ata2: PATA max MWDMA2 cmd 0x170 ctl 0x376 bmdma 0xc0a8 irq 15
[    2.801430] Fixed MDIO Bus: probed
[    2.803084] tun: Universal TUN/TAP device driver, 1.6
[    2.803687] tun: (C) 1999-2004 Max Krasnyansky &lt;maxk@qualcomm.com&gt;
[    2.817419] PPP generic driver version 2.4.2
[    2.839007] ehci_hcd: USB 2.0 'Enhanced' Host Controller (EHCI) Driver
[    2.840101] ohci_hcd: USB 1.1 'Open' Host Controller (OHCI) Driver
[    2.842529] uhci_hcd: USB Universal Host Controller Interface driver
[    2.843539] uhci_hcd 0000:00:01.2: PCI INT D -&gt; Link[LNKD] -&gt; GSI 11 (level, high) -&gt; IRQ 11
[    2.847367] uhci_hcd 0000:00:01.2: UHCI Host Controller
[    2.858808] uhci_hcd 0000:00:01.2: new USB bus registered, assigned bus number 1
[    2.861465] uhci_hcd 0000:00:01.2: irq 11, io base 0x0000c040
[    2.889122] hub 1-0:1.0: USB hub found
[    2.894889] hub 1-0:1.0: 2 ports detected
[    2.911407] usbcore: registered new interface driver libusual
[    2.916146] i8042: PNP: PS/2 Controller [PNP0303:KBD,PNP0f13:MOU] at 0x60,0x64 irq 1,12
[    2.931251] serio: i8042 KBD port at 0x60,0x64 irq 1
[    2.933775] serio: i8042 AUX port at 0x60,0x64 irq 12
[    3.014735] mousedev: PS/2 mouse device common for all mice
[    3.020932] ata2.01: ATAPI: QEMU DVD-ROM, 2.0.0, max UDMA/100
[    3.048027] input: AT Translated Set 2 keyboard as /devices/platform/i8042/serio0/input/input1
[    3.052013] rtc_cmos 00:01: RTC can wake from S4
[    3.069560] rtc_cmos 00:01: rtc core: registered rtc_cmos as rtc0
[    3.072733] rtc0: alarms up to one day, 114 bytes nvram, hpet irqs
[    3.076664] device-mapper: uevent: version 1.0.3
[    3.094499] ata2.01: configured for MWDMA2
[    3.104596] device-mapper: ioctl: 4.22.0-ioctl (2011-10-19) initialised: dm-devel@redhat.com
[    3.108908] cpuidle: using governor ladder
[    3.110347] cpuidle: using governor menu
[    3.111493] EFI Variables Facility v0.08 2004-May-17
[    3.126109] TCP cubic registered
[    3.132054] NET: Registered protocol family 10
[    3.168818] NET: Registered protocol family 17
[    3.171643] Registering the dns_resolver key type
[    3.212563] scsi 1:0:1:0: CD-ROM            QEMU     QEMU DVD-ROM     2.0. PQ: 0 ANSI: 5
[    3.235990] sr0: scsi3-mmc drive: 4x/4x cd/rw xa/form2 tray
[    3.238190] cdrom: Uniform CD-ROM driver Revision: 3.20
[    3.257058] sr 1:0:1:0: Attached scsi generic sg0 type 5
[    3.309203] Freeing initrd memory: 3656k freed
[    3.337379] registered taskstats version 1
[    3.813073]   Magic number: 11:913:923
[    3.835882] rtc_cmos 00:01: setting system clock to 2015-12-18 06:55:50 UTC (1450421750)
[    3.839108] powernow-k8: Processor cpuid 663 not supported
[    3.846772] BIOS EDD facility v0.16 2004-Jun-25, 0 devices found
[    3.847995] EDD information not available.
[    3.920045] Freeing unused kernel memory: 928k freed
[    3.927188] Write protecting the kernel read-only data: 12288k
[    4.055910] Freeing unused kernel memory: 1596k freed
[    4.135190] Freeing unused kernel memory: 1184k freed

info: initramfs: up at 4.32
modprobe: module virtio_blk not found in modules.dep
modprobe: module virtio_net not found in modules.dep
info: copying initramfs to /dev/vda
info: initramfs loading root from /dev/vda
info: /etc/init.d/rc.sysinit: up at 8.99
info: container: none
Starting logging: OK
modprobe: module virtio_blk not found in modules.dep
modprobe: module virtio_net not found in modules.dep
WARN: /etc/rc3.d/S10-load-modules failed
Initializing random number generator... done.
Starting acpid: OK
cirros-ds 'local' up at 11.53
found datasource (configdrive, local)
Starting network...
udhcpc (v1.20.1) started
Sending discover...
Sending discover...

2015-12-18 06:57:47,195 20284 INFO     [tempest_lib.common.rest_client] Request (TestNetworkBasicOps:_run_cleanups): 204 DELETE http://10.0.2.15:9696/v2.0/floatingips/8c3e60a2-56be-41d4-a527-e2b3dca624c2 0.224s
2015-12-18 06:57:47,195 20284 DEBUG    [tempest_lib.common.rest_client] Request - Headers: {'Content-Type': 'application/json', 'Accept': 'application/json', 'X-Auth-Token': '&lt;omitted&gt;'}
        Body: None
    Response - Headers: {'date': 'Fri, 18 Dec 2015 06:57:47 GMT', 'status': '204', 'connection': 'close', 'content-length': '0', 'x-openstack-request-id': 'req-8fccf7c4-b677-4c4f-8fb9-caea7c8f17a6'}
        Body: 
2015-12-18 06:57:47,452 20284 INFO     [tempest_lib.common.rest_client] Request (TestNetworkBasicOps:_run_cleanups): 204 DELETE http://10.0.2.15:8774/v2.1/106e6834669147ecb6078c2e24d3f9a1/servers/476ac477-b045-4009-baab-e251506ca589 0.256s
2015-12-18 06:57:47,452 20284 DEBUG    [tempest_lib.common.rest_client] Request - Headers: {'Content-Type': 'application/json', 'Accept': 'application/json', 'X-Auth-Token': '&lt;omitted&gt;'}
        Body: None
    Response - Headers: {'status': '204', 'content-length': '0', 'x-compute-request-id': 'req-8d2de0ab-68d2-499f-bbb8-160a869f2c55', 'vary': 'X-OpenStack-Nova-API-Version', 'connection': 'close', 'x-openstack-nova-api-version': '2.1', 'date': 'Fri, 18 Dec 2015 06:57:47 GMT', 'content-type': 'application/json'}
        Body: 
2015-12-18 06:57:47,711 20284 INFO     [tempest_lib.common.rest_client] Request (TestNetworkBasicOps:_run_cleanups): 200 GET http://10.0.2.15:8774/v2.1/106e6834669147ecb6078c2e24d3f9a1/servers/476ac477-b045-4009-baab-e251506ca589 0.257s
2015-12-18 06:57:47,712 20284 DEBUG    [tempest_lib.common.rest_client] Request - Headers: {'Content-Type': 'application/json', 'Accept': 'application/json', 'X-Auth-Token': '&lt;omitted&gt;'}
        Body: None
    Response - Headers: {'status': '200', 'content-length': '1775', 'content-location': 'http://10.0.2.15:8774/v2.1/106e6834669147ecb6078c2e24d3f9a1/servers/476ac477-b045-4009-baab-e251506ca589', 'x-compute-request-id': 'req-ede3f2ba-8598-41ae-86d1-68cc9f9cc0b5', 'vary': 'X-OpenStack-Nova-API-Version', 'connection': 'close', 'x-openstack-nova-api-version': '2.1', 'date': 'Fri, 18 Dec 2015 06:57:47 GMT', 'content-type': 'application/json'}
        Body: {"server": {"status": "ACTIVE", "updated": "2015-12-18T06:57:47Z", "hostId": "12c2aec4d9661775ac94a285cd9a9479a919f2f2b68815190195b6ae", "addresses": {"tempest-network-smoke--204639121": [{"OS-EXT-IPS-MAC:mac_addr": "fa:16:3e:27:a5:e7", "version": 4, "addr": "10.100.0.3", "OS-EXT-IPS:type": "fixed"}, {"OS-EXT-IPS-MAC:mac_addr": "fa:16:3e:27:a5:e7", "version": 4, "addr": "172.24.4.4", "OS-EXT-IPS:type": "floating"}]}, "links": [{"href": "http://10.0.2.15:8774/v2.1/106e6834669147ecb6078c2e24d3f9a1/servers/476ac477-b045-4009-baab-e251506ca589", "rel": "self"}, {"href": "http://10.0.2.15:8774/106e6834669147ecb6078c2e24d3f9a1/servers/476ac477-b045-4009-baab-e251506ca589", "rel": "bookmark"}], "key_name": "tempest-TestNetworkBasicOps-1398755794", "image": {"id": "25d6fd07-a465-45f3-83f4-5bd6cc475730", "links": [{"href": "http://10.0.2.15:8774/106e6834669147ecb6078c2e24d3f9a1/images/25d6fd07-a465-45f3-83f4-5bd6cc475730", "rel": "bookmark"}]}, "OS-EXT-STS:task_state": "deleting", "OS-EXT-STS:vm_state": "active", "OS-SRV-USG:launched_at": "2015-12-18T06:55:43.000000", "flavor": {"id": "42", "links": [{"href": "http://10.0.2.15:8774/106e6834669147ecb6078c2e24d3f9a1/flavors/42", "rel": "bookmark"}]}, "id": "476ac477-b045-4009-baab-e251506ca589", "security_groups": [{"name": "tempest-secgroup-smoke-691408811"}], "OS-SRV-USG:terminated_at": null, "OS-EXT-AZ:availability_zone": "nova", "user_id": "ff29c5f0fe1b46eb8aa187d474ef2477", "name": "tempest.common.compute-instance-1641977407", "created": "2015-12-18T06:55:40Z", "tenant_id": "106e6834669147ecb6078c2e24d3f9a1", "OS-DCF:diskConfig": "MANUAL", "os-extended-volumes:volumes_attached": [], "accessIPv4": "", "accessIPv6": "", "progress": 0, "OS-EXT-STS:power_state": 1, "config_drive": "True", "metadata": {}}}
2015-12-18 06:57:48,893 20284 INFO     [tempest_lib.common.rest_client] Request (TestNetworkBasicOps:_run_cleanups): 200 GET http://10.0.2.15:8774/v2.1/106e6834669147ecb6078c2e24d3f9a1/servers/476ac477-b045-4009-baab-e251506ca589 0.161s
2015-12-18 06:57:48,893 20284 DEBUG    [tempest_lib.common.rest_client] Request - Headers: {'Content-Type': 'application/json', 'Accept': 'application/json', 'X-Auth-Token': '&lt;omitted&gt;'}
        Body: None
    Response - Headers: {'status': '200', 'content-length': '1441', 'content-location': 'http://10.0.2.15:8774/v2.1/106e6834669147ecb6078c2e24d3f9a1/servers/476ac477-b045-4009-baab-e251506ca589', 'x-compute-request-id': 'req-482f25b0-4757-42f0-92f1-5961a7d52008', 'vary': 'X-OpenStack-Nova-API-Version', 'connection': 'close', 'x-openstack-nova-api-version': '2.1', 'date': 'Fri, 18 Dec 2015 06:57:48 GMT', 'content-type': 'application/json'}
        Body: {"server": {"status": "ACTIVE", "updated": "2015-12-18T06:57:48Z", "hostId": "12c2aec4d9661775ac94a285cd9a9479a919f2f2b68815190195b6ae", "addresses": {}, "links": [{"href": "http://10.0.2.15:8774/v2.1/106e6834669147ecb6078c2e24d3f9a1/servers/476ac477-b045-4009-baab-e251506ca589", "rel": "self"}, {"href": "http://10.0.2.15:8774/106e6834669147ecb6078c2e24d3f9a1/servers/476ac477-b045-4009-baab-e251506ca589", "rel": "bookmark"}], "key_name": "tempest-TestNetworkBasicOps-1398755794", "image": {"id": "25d6fd07-a465-45f3-83f4-5bd6cc475730", "links": [{"href": "http://10.0.2.15:8774/106e6834669147ecb6078c2e24d3f9a1/images/25d6fd07-a465-45f3-83f4-5bd6cc475730", "rel": "bookmark"}]}, "OS-EXT-STS:task_state": "deleting", "OS-EXT-STS:vm_state": "active", "OS-SRV-USG:launched_at": "2015-12-18T06:55:43.000000", "flavor": {"id": "42", "links": [{"href": "http://10.0.2.15:8774/106e6834669147ecb6078c2e24d3f9a1/flavors/42", "rel": "bookmark"}]}, "id": "476ac477-b045-4009-baab-e251506ca589", "OS-SRV-USG:terminated_at": null, "OS-EXT-AZ:availability_zone": "nova", "user_id": "ff29c5f0fe1b46eb8aa187d474ef2477", "name": "tempest.common.compute-instance-1641977407", "created": "2015-12-18T06:55:40Z", "tenant_id": "106e6834669147ecb6078c2e24d3f9a1", "OS-DCF:diskConfig": "MANUAL", "os-extended-volumes:volumes_attached": [], "accessIPv4": "", "accessIPv6": "", "progress": 0, "OS-EXT-STS:power_state": 1, "config_drive": "True", "metadata": {}}}
2015-12-18 06:57:49,988 20284 INFO     [tempest_lib.common.rest_client] Request (TestNetworkBasicOps:_run_cleanups): 404 GET http://10.0.2.15:8774/v2.1/106e6834669147ecb6078c2e24d3f9a1/servers/476ac477-b045-4009-baab-e251506ca589 0.083s
2015-12-18 06:57:49,989 20284 DEBUG    [tempest_lib.common.rest_client] Request - Headers: {'Content-Type': 'application/json', 'Accept': 'application/json', 'X-Auth-Token': '&lt;omitted&gt;'}
        Body: None
    Response - Headers: {'status': '404', 'content-length': '111', 'x-compute-request-id': 'req-011fecc4-a5c0-4b9c-b397-112a8f380846', 'vary': 'X-OpenStack-Nova-API-Version', 'connection': 'close', 'x-openstack-nova-api-version': '2.1', 'date': 'Fri, 18 Dec 2015 06:57:49 GMT', 'content-type': 'application/json; charset=UTF-8'}
        Body: {"itemNotFound": {"message": "Instance 476ac477-b045-4009-baab-e251506ca589 could not be found.", "code": 404}}
2015-12-18 06:57:50,010 20284 INFO     [tempest_lib.common.rest_client] Request (TestNetworkBasicOps:_run_cleanups): 202 DELETE http://10.0.2.15:8774/v2.1/106e6834669147ecb6078c2e24d3f9a1/os-keypairs/tempest-TestNetworkBasicOps-1398755794 0.020s
2015-12-18 06:57:50,011 20284 DEBUG    [tempest_lib.common.rest_client] Request - Headers: {'Content-Type': 'application/json', 'Accept': 'application/json', 'X-Auth-Token': '&lt;omitted&gt;'}
        Body: None
    Response - Headers: {'status': '202', 'content-length': '0', 'x-compute-request-id': 'req-44280bc7-2e70-407f-b652-61bc3d10d75f', 'vary': 'X-OpenStack-Nova-API-Version', 'connection': 'close', 'x-openstack-nova-api-version': '2.1', 'date': 'Fri, 18 Dec 2015 06:57:50 GMT', 'content-type': 'application/json'}
        Body: 
2015-12-18 06:57:50,336 20284 INFO     [tempest_lib.common.rest_client] Request (TestNetworkBasicOps:_run_cleanups): 200 PUT http://10.0.2.15:9696/v2.0/routers/04b27135-674b-4228-8ddc-8035552e936b/remove_router_interface 0.323s
2015-12-18 06:57:50,336 20284 DEBUG    [tempest_lib.common.rest_client] Request - Headers: {'Content-Type': 'application/json', 'Accept': 'application/json', 'X-Auth-Token': '&lt;omitted&gt;'}
        Body: {"subnet_id": "1ca6d447-7837-4ee7-978f-5bb21ed3e738"}
    Response - Headers: {'status': '200', 'content-length': '255', 'connection': 'close', 'date': 'Fri, 18 Dec 2015 06:57:50 GMT', 'content-type': 'application/json; charset=UTF-8', 'x-openstack-request-id': 'req-c790c62e-9df3-414d-9d21-ffcb18c6be33'}
        Body: {"subnet_id": "1ca6d447-7837-4ee7-978f-5bb21ed3e738", "tenant_id": "106e6834669147ecb6078c2e24d3f9a1", "subnet_ids": ["1ca6d447-7837-4ee7-978f-5bb21ed3e738"], "port_id": "9e1d7f83-3a1c-41d4-872c-c6faec2f9a12", "id": "04b27135-674b-4228-8ddc-8035552e936b"}
2015-12-18 06:57:50,659 20284 INFO     [tempest_lib.common.rest_client] Request (TestNetworkBasicOps:_run_cleanups): 204 DELETE http://10.0.2.15:9696/v2.0/subnets/1ca6d447-7837-4ee7-978f-5bb21ed3e738 0.321s
2015-12-18 06:57:50,660 20284 DEBUG    [tempest_lib.common.rest_client] Request - Headers: {'Content-Type': 'application/json', 'Accept': 'application/json', 'X-Auth-Token': '&lt;omitted&gt;'}
        Body: None
    Response - Headers: {'date': 'Fri, 18 Dec 2015 06:57:50 GMT', 'status': '204', 'connection': 'close', 'content-length': '0', 'x-openstack-request-id': 'req-03fa6e99-bdb2-4a5b-a416-36535fa3d56f'}
        Body: 
2015-12-18 06:57:50,704 20284 INFO     [tempest_lib.common.rest_client] Request (TestNetworkBasicOps:_run_cleanups): 200 GET http://10.0.2.15:9696/v2.0/routers/04b27135-674b-4228-8ddc-8035552e936b 0.043s
2015-12-18 06:57:50,705 20284 DEBUG    [tempest_lib.common.rest_client] Request - Headers: {'Content-Type': 'application/json', 'Accept': 'application/json', 'X-Auth-Token': '&lt;omitted&gt;'}
        Body: None
    Response - Headers: {'status': '200', 'content-length': '500', 'content-location': 'http://10.0.2.15:9696/v2.0/routers/04b27135-674b-4228-8ddc-8035552e936b', 'connection': 'close', 'date': 'Fri, 18 Dec 2015 06:57:50 GMT', 'content-type': 'application/json; charset=UTF-8', 'x-openstack-request-id': 'req-a533de64-ce41-4f56-b23a-1afd1ff0c10f'}
        Body: {"router": {"status": "ACTIVE", "external_gateway_info": {"network_id": "e05b6538-4b2d-438a-90b5-3757e8794871", "enable_snat": true, "external_fixed_ips": [{"subnet_id": "78fa90d1-a4b4-4d8d-bf80-78cbef3bb9a7", "ip_address": "172.24.4.3"}, {"subnet_id": "0376ad2f-cfb6-4c8f-ad8d-ecc687212cfd", "ip_address": "2001:db8::3"}]}, "name": "tempest-router-smoke-605518568", "admin_state_up": true, "tenant_id": "106e6834669147ecb6078c2e24d3f9a1", "routes": [], "id": "04b27135-674b-4228-8ddc-8035552e936b"}}
2015-12-18 06:57:51,084 20284 INFO     [tempest_lib.common.rest_client] Request (TestNetworkBasicOps:_run_cleanups): 200 PUT http://10.0.2.15:9696/v2.0/routers/04b27135-674b-4228-8ddc-8035552e936b 0.378s
2015-12-18 06:57:51,084 20284 DEBUG    [tempest_lib.common.rest_client] Request - Headers: {'Content-Type': 'application/json', 'Accept': 'application/json', 'X-Auth-Token': '&lt;omitted&gt;'}
        Body: {"router": {"external_gateway_info": {}, "name": "tempest-router-smoke-605518568", "admin_state_up": true}}
    Response - Headers: {'status': '200', 'content-length': '238', 'connection': 'close', 'date': 'Fri, 18 Dec 2015 06:57:51 GMT', 'content-type': 'application/json; charset=UTF-8', 'x-openstack-request-id': 'req-aa36ea5d-494f-44e4-86b1-d7128eec9b50'}
        Body: {"router": {"status": "ACTIVE", "external_gateway_info": null, "name": "tempest-router-smoke-605518568", "admin_state_up": true, "tenant_id": "106e6834669147ecb6078c2e24d3f9a1", "routes": [], "id": "04b27135-674b-4228-8ddc-8035552e936b"}}
2015-12-18 06:57:51,384 20284 INFO     [tempest_lib.common.rest_client] Request (TestNetworkBasicOps:_run_cleanups): 204 DELETE http://10.0.2.15:9696/v2.0/routers/04b27135-674b-4228-8ddc-8035552e936b 0.299s
2015-12-18 06:57:51,384 20284 DEBUG    [tempest_lib.common.rest_client] Request - Headers: {'Content-Type': 'application/json', 'Accept': 'application/json', 'X-Auth-Token': '&lt;omitted&gt;'}
        Body: None
    Response - Headers: {'date': 'Fri, 18 Dec 2015 06:57:51 GMT', 'status': '204', 'connection': 'close', 'content-length': '0', 'x-openstack-request-id': 'req-62e5f96b-6867-4203-94d0-5bbe0a8dc21b'}
        Body: 
2015-12-18 06:57:51,559 20284 INFO     [tempest_lib.common.rest_client] Request (TestNetworkBasicOps:_run_cleanups): 204 DELETE http://10.0.2.15:9696/v2.0/networks/53ddccb4-1953-4573-8ccb-8f388ec485f0 0.174s
2015-12-18 06:57:51,559 20284 DEBUG    [tempest_lib.common.rest_client] Request - Headers: {'Content-Type': 'application/json', 'Accept': 'application/json', 'X-Auth-Token': '&lt;omitted&gt;'}
        Body: None
    Response - Headers: {'date': 'Fri, 18 Dec 2015 06:57:51 GMT', 'status': '204', 'connection': 'close', 'content-length': '0', 'x-openstack-request-id': 'req-76f16b71-0e14-4066-ab0d-f4e7f347b9e5'}
        Body: 
2015-12-18 06:57:51,610 20284 INFO     [tempest_lib.common.rest_client] Request (TestNetworkBasicOps:_run_cleanups): 204 DELETE http://10.0.2.15:9696/v2.0/security-group-rules/a89aeee7-07c9-4f91-a927-23336a1e8143 0.050s
2015-12-18 06:57:51,611 20284 DEBUG    [tempest_lib.common.rest_client] Request - Headers: {'Content-Type': 'application/json', 'Accept': 'application/json', 'X-Auth-Token': '&lt;omitted&gt;'}
        Body: None
    Response - Headers: {'date': 'Fri, 18 Dec 2015 06:57:51 GMT', 'status': '204', 'connection': 'close', 'content-length': '0', 'x-openstack-request-id': 'req-d8043900-7f1d-4441-b612-9ebfcd1c9bfd'}
        Body: 
2015-12-18 06:57:51,668 20284 INFO     [tempest_lib.common.rest_client] Request (TestNetworkBasicOps:_run_cleanups): 204 DELETE http://10.0.2.15:9696/v2.0/security-group-rules/9a8f6eed-e590-421c-a175-57af22569142 0.056s
2015-12-18 06:57:51,669 20284 DEBUG    [tempest_lib.common.rest_client] Request - Headers: {'Content-Type': 'application/json', 'Accept': 'application/json', 'X-Auth-Token': '&lt;omitted&gt;'}
        Body: None
    Response - Headers: {'date': 'Fri, 18 Dec 2015 06:57:51 GMT', 'status': '204', 'connection': 'close', 'content-length': '0', 'x-openstack-request-id': 'req-88c5f7c0-f5a9-46b5-97f1-9d7f564945f8'}
        Body: 
2015-12-18 06:57:51,731 20284 INFO     [tempest_lib.common.rest_client] Request (TestNetworkBasicOps:_run_cleanups): 204 DELETE http://10.0.2.15:9696/v2.0/security-group-rules/884d6c5f-e5a9-45aa-852f-d08ca6b98281 0.060s
2015-12-18 06:57:51,732 20284 DEBUG    [tempest_lib.common.rest_client] Request - Headers: {'Content-Type': 'application/json', 'Accept': 'application/json', 'X-Auth-Token': '&lt;omitted&gt;'}
        Body: None
    Response - Headers: {'date': 'Fri, 18 Dec 2015 06:57:51 GMT', 'status': '204', 'connection': 'close', 'content-length': '0', 'x-openstack-request-id': 'req-1b0fa08d-4428-492a-85f9-f901123e6450'}
        Body: 
2015-12-18 06:57:51,789 20284 INFO     [tempest_lib.common.rest_client] Request (TestNetworkBasicOps:_run_cleanups): 204 DELETE http://10.0.2.15:9696/v2.0/security-group-rules/3a54959b-887c-447f-aa41-0a76e21cf805 0.056s
2015-12-18 06:57:51,790 20284 DEBUG    [tempest_lib.common.rest_client] Request - Headers: {'Content-Type': 'application/json', 'Accept': 'application/json', 'X-Auth-Token': '&lt;omitted&gt;'}
        Body: None
    Response - Headers: {'date': 'Fri, 18 Dec 2015 06:57:51 GMT', 'status': '204', 'connection': 'close', 'content-length': '0', 'x-openstack-request-id': 'req-2a47da69-74f9-43d1-827d-46bf9c39fdd5'}
        Body: 
2015-12-18 06:57:51,845 20284 INFO     [tempest_lib.common.rest_client] Request (TestNetworkBasicOps:_run_cleanups): 204 DELETE http://10.0.2.15:9696/v2.0/security-group-rules/93586fc6-5964-4b73-b0b5-b9388120c867 0.055s
2015-12-18 06:57:51,846 20284 DEBUG    [tempest_lib.common.rest_client] Request - Headers: {'Content-Type': 'application/json', 'Accept': 'application/json', 'X-Auth-Token': '&lt;omitted&gt;'}
        Body: None
    Response - Headers: {'date': 'Fri, 18 Dec 2015 06:57:51 GMT', 'status': '204', 'connection': 'close', 'content-length': '0', 'x-openstack-request-id': 'req-6332aaf8-b86b-4eb2-be8b-5a7e2f3e7fb5'}
        Body: 
2015-12-18 06:57:51,900 20284 INFO     [tempest_lib.common.rest_client] Request (TestNetworkBasicOps:_run_cleanups): 204 DELETE http://10.0.2.15:9696/v2.0/security-group-rules/65f6cdd9-2c7c-4b98-80b4-a475cd25817f 0.053s
2015-12-18 06:57:51,900 20284 DEBUG    [tempest_lib.common.rest_client] Request - Headers: {'Content-Type': 'application/json', 'Accept': 'application/json', 'X-Auth-Token': '&lt;omitted&gt;'}
        Body: None
