<?xml version="1.0" encoding="UTF-8"?>
<!DOCTYPE html PUBLIC "-//W3C//DTD XHTML 1.0 Strict//EN"
     "http://www.w3.org/TR/xhtml1/DTD/xhtml1-strict.dtd">
<html xmlns="http://www.w3.org/1999/xhtml">
<head>
    <title>Unit Test Report</title>
    <meta name="generator" content="subunit2html 0.1"/>
    <meta http-equiv="Content-Type" content="text/html; charset=UTF-8"/>
    
<style type="text/css" media="screen">
body        { font-family: verdana, arial, helvetica, sans-serif;
    font-size: 80%; }
table       { font-size: 100%; width: 100%;}
pre         { font-size: 80%; }

/* -- heading -------------------------------------------------------------- */
h1 {
        font-size: 16pt;
        color: gray;
}
.heading {
    margin-top: 0ex;
    margin-bottom: 1ex;
}

.heading .attribute {
    margin-top: 1ex;
    margin-bottom: 0;
}

.heading .description {
    margin-top: 4ex;
    margin-bottom: 6ex;
}

/* -- css div popup -------------------------------------------------------- */
a.popup_link {
}

a.popup_link:hover {
    color: red;
}

.popup_window {
    display: none;
    overflow-x: scroll;
    /*border: solid #627173 1px; */
    padding: 10px;
    background-color: #E6E6D6;
    font-family: "Ubuntu Mono", "Lucida Console", "Courier New", monospace;
    text-align: left;
    font-size: 8pt;
}

}
/* -- report --------------------------------------------------------------- */
#show_detail_line {
    margin-top: 3ex;
    margin-bottom: 1ex;
}
#result_table {
    width: 100%;
    border-collapse: collapse;
    border: 1px solid #777;
}
#header_row {
    font-weight: bold;
    color: white;
    background-color: #777;
}
#result_table td {
    border: 1px solid #777;
    padding: 2px;
}
#total_row  { font-weight: bold; }
.passClass  { background-color: #6c6; }
.failClass  { background-color: #c60; }
.errorClass { background-color: #c00; }
.passCase   { color: #6c6; }
.failCase   { color: #c60; font-weight: bold; }
.errorCase  { color: #c00; font-weight: bold; }
.hiddenRow  { display: none; }
.testcase   { margin-left: 2em; }
td.testname {width: 40%}
td.small {width: 40px}

/* -- ending --------------------------------------------------------------- */
#ending {
}

</style>

</head>
<body>
<script language="javascript" type="text/javascript"><!--
output_list = Array();

/* level - 0:Summary; 1:Failed; 2:All */
function showCase(level) {
    trs = document.getElementsByTagName("tr");
    for (var i = 0; i < trs.length; i++) {
        tr = trs[i];
        id = tr.id;
        if (id.substr(0,2) == 'ft') {
            if (level < 1) {
                tr.className = 'hiddenRow';
            }
            else {
                tr.className = '';
            }
        }
        if (id.substr(0,2) == 'pt') {
            if (level > 1) {
                tr.className = '';
            }
            else {
                tr.className = 'hiddenRow';
            }
        }
    }
}


function showClassDetail(cid, count) {
    var id_list = Array(count);
    var toHide = 1;
    for (var i = 0; i < count; i++) {
        tid0 = 't' + cid.substr(1) + '.' + (i+1);
        tid = 'f' + tid0;
        tr = document.getElementById(tid);
        if (!tr) {
            tid = 'p' + tid0;
            tr = document.getElementById(tid);
        }
        id_list[i] = tid;
        if (tr.className) {
            toHide = 0;
        }
    }
    for (var i = 0; i < count; i++) {
        tid = id_list[i];
        if (toHide) {
            document.getElementById('div_'+tid).style.display = 'none'
            document.getElementById(tid).className = 'hiddenRow';
        }
        else {
            document.getElementById(tid).className = '';
        }
    }
}


function showTestDetail(div_id){
    var details_div = document.getElementById(div_id)
    var displayState = details_div.style.display
    // alert(displayState)
    if (displayState != 'block' ) {
        displayState = 'block'
        details_div.style.display = 'block'
    }
    else {
        details_div.style.display = 'none'
    }
}


function html_escape(s) {
    s = s.replace(/&/g,'&amp;');
    s = s.replace(/</g,'&lt;');
    s = s.replace(/>/g,'&gt;');
    return s;
}

/* obsoleted by detail in <div>
function showOutput(id, name) {
    var w = window.open("", //url
                    name,
                    "resizable,scrollbars,status,width=800,height=450");
    d = w.document;
    d.write("<pre>");
    d.write(html_escape(output_list[id]));
    d.write("\n");
    d.write("<a href='javascript:window.close()'>close</a>\n");
    d.write("</pre>\n");
    d.close();
}
*/
--></script>

<div class='heading'>
<h1>Unit Test Report</h1>

<p class='attribute'><strong>Status:</strong> Pass 1 Failure 8</p>

<p class='description'></p>
</div>



<p id='show_detail_line'>Show
<a href='javascript:showCase(0)'>Summary</a>
<a href='javascript:showCase(1)'>Failed</a>
<a href='javascript:showCase(2)'>All</a>
</p>
<table id='result_table'>
<colgroup>
<col align='left' />
<col align='right' />
<col align='right' />
<col align='right' />
<col align='right' />
<col align='right' />
<col align='right' />
<col align='right' />
</colgroup>
<tr id='header_row'>
    <td>Test Group/Test case</td>
    <td>Count</td>
    <td>Pass</td>
    <td>Fail</td>
    <td>Error</td>
    <td>Skip</td>
    <td>View</td>
    <td> </td>
</tr>

<tr class='failClass'>
    <td class="testname">tempest.scenario.test_network_basic_ops.TestNetworkBasicOps</td>
    <td class="small">9</td>
    <td class="small">1</td>
    <td class="small">8</td>
    <td class="small">0</td>
    <td class="small">0</td>
    <td class="small"><a href="javascript:showClassDetail('c1',9)"
>Detail</a></td>
    <td> </td>
</tr>

<tr id='ft1.1' class='none'>
    <td class='failCase'><div class='testcase'>test_connectivity_between_vms_on_different_networks[compute,id-1546850e-fbaa-42f5-8b5f-03d8a6a95f15,network]</div></td>
    <td colspan='7' align='left'>

    <!--css div popup start-->
    <a class="popup_link" onfocus='this.blur();'
    href="javascript:showTestDetail('div_ft1.1')" >
        fail</a>

    <div id='div_ft1.1' class="popup_window">
        <div style='text-align: right; color:red;cursor:pointer'>
        <a onfocus='this.blur();'
onclick="document.getElementById('div_ft1.1').style.display = 'none' " >
           [x]</a>
        </div>
        <pre>
        
ft1.1: tempest.scenario.test_network_basic_ops.TestNetworkBasicOps.test_connectivity_between_vms_on_different_networks[compute,id-1546850e-fbaa-42f5-8b5f-03d8a6a95f15,network]_StringException: Empty attachments:
  stderr
  stdout

pythonlogging:'': {{{
2015-12-16 16:03:45,950 24217 INFO     [tempest_lib.common.rest_client] Request (TestNetworkBasicOps:test_connectivity_between_vms_on_different_networks): 201 POST http://10.0.2.15:9696/v2.0/security-groups 0.344s
2015-12-16 16:03:45,951 24217 DEBUG    [tempest_lib.common.rest_client] Request - Headers: {'Content-Type': 'application/json', 'Accept': 'application/json', 'X-Auth-Token': '&lt;omitted&gt;'}
        Body: {"security_group": {"tenant_id": "c20e0b326b3845f7826503182e16691c", "description": "tempest-secgroup-smoke-351580407 description", "name": "tempest-secgroup-smoke-351580407"}}
    Response - Headers: {'status': '201', 'content-length': '886', 'connection': 'close', 'date': 'Wed, 16 Dec 2015 16:03:45 GMT', 'content-type': 'application/json; charset=UTF-8', 'x-openstack-request-id': 'req-41e71c8b-8462-49fe-8931-dadfe95dd199'}
        Body: {"security_group": {"tenant_id": "c20e0b326b3845f7826503182e16691c", "description": "tempest-secgroup-smoke-351580407 description", "id": "d23da5fb-c545-483a-8fc5-612c54081d24", "security_group_rules": [{"remote_group_id": null, "direction": "egress", "remote_ip_prefix": null, "protocol": null, "ethertype": "IPv4", "tenant_id": "c20e0b326b3845f7826503182e16691c", "port_range_max": null, "port_range_min": null, "id": "f412419b-1c3e-41ef-8709-2d6548c2b733", "security_group_id": "d23da5fb-c545-483a-8fc5-612c54081d24"}, {"remote_group_id": null, "direction": "egress", "remote_ip_prefix": null, "protocol": null, "ethertype": "IPv6", "tenant_id": "c20e0b326b3845f7826503182e16691c", "port_range_max": null, "port_range_min": null, "id": "401b46d3-c8c1-43aa-9c62-7098f323ca55", "security_group_id": "d23da5fb-c545-483a-8fc5-612c54081d24"}], "name": "tempest-secgroup-smoke-351580407"}}
2015-12-16 16:03:46,067 24217 INFO     [tempest_lib.common.rest_client] Request (TestNetworkBasicOps:test_connectivity_between_vms_on_different_networks): 201 POST http://10.0.2.15:9696/v2.0/security-group-rules 0.115s
2015-12-16 16:03:46,067 24217 DEBUG    [tempest_lib.common.rest_client] Request - Headers: {'Content-Type': 'application/json', 'Accept': 'application/json', 'X-Auth-Token': '&lt;omitted&gt;'}
        Body: {"security_group_rule": {"direction": "ingress", "protocol": "tcp", "tenant_id": "c20e0b326b3845f7826503182e16691c", "port_range_max": 22, "security_group_id": "d23da5fb-c545-483a-8fc5-612c54081d24", "port_range_min": 22}}
    Response - Headers: {'status': '201', 'content-length': '340', 'connection': 'close', 'date': 'Wed, 16 Dec 2015 16:03:46 GMT', 'content-type': 'application/json; charset=UTF-8', 'x-openstack-request-id': 'req-6a673537-14ae-4a83-ad3b-3b4fa8919f1f'}
        Body: {"security_group_rule": {"remote_group_id": null, "direction": "ingress", "remote_ip_prefix": null, "protocol": "tcp", "ethertype": "IPv4", "tenant_id": "c20e0b326b3845f7826503182e16691c", "port_range_max": 22, "port_range_min": 22, "id": "1e7ae8c0-0678-4f73-8aa1-45cf32de903b", "security_group_id": "d23da5fb-c545-483a-8fc5-612c54081d24"}}
2015-12-16 16:03:46,183 24217 INFO     [tempest_lib.common.rest_client] Request (TestNetworkBasicOps:test_connectivity_between_vms_on_different_networks): 201 POST http://10.0.2.15:9696/v2.0/security-group-rules 0.113s
2015-12-16 16:03:46,183 24217 DEBUG    [tempest_lib.common.rest_client] Request - Headers: {'Content-Type': 'application/json', 'Accept': 'application/json', 'X-Auth-Token': '&lt;omitted&gt;'}
        Body: {"security_group_rule": {"direction": "egress", "protocol": "tcp", "tenant_id": "c20e0b326b3845f7826503182e16691c", "port_range_max": 22, "security_group_id": "d23da5fb-c545-483a-8fc5-612c54081d24", "port_range_min": 22}}
    Response - Headers: {'status': '201', 'content-length': '339', 'connection': 'close', 'date': 'Wed, 16 Dec 2015 16:03:46 GMT', 'content-type': 'application/json; charset=UTF-8', 'x-openstack-request-id': 'req-5aad0037-1dbd-4398-b6a2-debae69b356f'}
        Body: {"security_group_rule": {"remote_group_id": null, "direction": "egress", "remote_ip_prefix": null, "protocol": "tcp", "ethertype": "IPv4", "tenant_id": "c20e0b326b3845f7826503182e16691c", "port_range_max": 22, "port_range_min": 22, "id": "f0967937-db65-407b-b0eb-17538ae07e8b", "security_group_id": "d23da5fb-c545-483a-8fc5-612c54081d24"}}
2015-12-16 16:03:46,433 24217 INFO     [tempest_lib.common.rest_client] Request (TestNetworkBasicOps:test_connectivity_between_vms_on_different_networks): 201 POST http://10.0.2.15:9696/v2.0/security-group-rules 0.248s
2015-12-16 16:03:46,434 24217 DEBUG    [tempest_lib.common.rest_client] Request - Headers: {'Content-Type': 'application/json', 'Accept': 'application/json', 'X-Auth-Token': '&lt;omitted&gt;'}
        Body: {"security_group_rule": {"tenant_id": "c20e0b326b3845f7826503182e16691c", "direction": "ingress", "protocol": "icmp", "security_group_id": "d23da5fb-c545-483a-8fc5-612c54081d24"}}
    Response - Headers: {'status': '201', 'content-length': '345', 'connection': 'close', 'date': 'Wed, 16 Dec 2015 16:03:46 GMT', 'content-type': 'application/json; charset=UTF-8', 'x-openstack-request-id': 'req-1c723d78-9ce6-4704-9726-9b1d10dab98f'}
        Body: {"security_group_rule": {"remote_group_id": null, "direction": "ingress", "remote_ip_prefix": null, "protocol": "icmp", "ethertype": "IPv4", "tenant_id": "c20e0b326b3845f7826503182e16691c", "port_range_max": null, "port_range_min": null, "id": "7433f9a3-825a-4ef7-91b1-854e19eaf4e6", "security_group_id": "d23da5fb-c545-483a-8fc5-612c54081d24"}}
2015-12-16 16:03:46,545 24217 INFO     [tempest_lib.common.rest_client] Request (TestNetworkBasicOps:test_connectivity_between_vms_on_different_networks): 201 POST http://10.0.2.15:9696/v2.0/security-group-rules 0.110s
2015-12-16 16:03:46,546 24217 DEBUG    [tempest_lib.common.rest_client] Request - Headers: {'Content-Type': 'application/json', 'Accept': 'application/json', 'X-Auth-Token': '&lt;omitted&gt;'}
        Body: {"security_group_rule": {"tenant_id": "c20e0b326b3845f7826503182e16691c", "direction": "egress", "protocol": "icmp", "security_group_id": "d23da5fb-c545-483a-8fc5-612c54081d24"}}
    Response - Headers: {'status': '201', 'content-length': '344', 'connection': 'close', 'date': 'Wed, 16 Dec 2015 16:03:46 GMT', 'content-type': 'application/json; charset=UTF-8', 'x-openstack-request-id': 'req-33cddf38-d0f8-4b80-8b47-5c880bc9414d'}
        Body: {"security_group_rule": {"remote_group_id": null, "direction": "egress", "remote_ip_prefix": null, "protocol": "icmp", "ethertype": "IPv4", "tenant_id": "c20e0b326b3845f7826503182e16691c", "port_range_max": null, "port_range_min": null, "id": "c7487b67-47ee-4c8a-916c-8023e5d8748d", "security_group_id": "d23da5fb-c545-483a-8fc5-612c54081d24"}}
2015-12-16 16:03:46,657 24217 INFO     [tempest_lib.common.rest_client] Request (TestNetworkBasicOps:test_connectivity_between_vms_on_different_networks): 201 POST http://10.0.2.15:9696/v2.0/security-group-rules 0.110s
2015-12-16 16:03:46,658 24217 DEBUG    [tempest_lib.common.rest_client] Request - Headers: {'Content-Type': 'application/json', 'Accept': 'application/json', 'X-Auth-Token': '&lt;omitted&gt;'}
        Body: {"security_group_rule": {"tenant_id": "c20e0b326b3845f7826503182e16691c", "direction": "ingress", "security_group_id": "d23da5fb-c545-483a-8fc5-612c54081d24", "protocol": "icmp", "ethertype": "IPv6"}}
    Response - Headers: {'status': '201', 'content-length': '345', 'connection': 'close', 'date': 'Wed, 16 Dec 2015 16:03:46 GMT', 'content-type': 'application/json; charset=UTF-8', 'x-openstack-request-id': 'req-65d747b6-8ee4-4b9a-8dc6-5a21532c6687'}
        Body: {"security_group_rule": {"remote_group_id": null, "direction": "ingress", "remote_ip_prefix": null, "protocol": "icmp", "ethertype": "IPv6", "tenant_id": "c20e0b326b3845f7826503182e16691c", "port_range_max": null, "port_range_min": null, "id": "f1b8667b-0ac7-4bfb-a70c-1a8dd45c562d", "security_group_id": "d23da5fb-c545-483a-8fc5-612c54081d24"}}
2015-12-16 16:03:46,765 24217 INFO     [tempest_lib.common.rest_client] Request (TestNetworkBasicOps:test_connectivity_between_vms_on_different_networks): 201 POST http://10.0.2.15:9696/v2.0/security-group-rules 0.106s
2015-12-16 16:03:46,766 24217 DEBUG    [tempest_lib.common.rest_client] Request - Headers: {'Content-Type': 'application/json', 'Accept': 'application/json', 'X-Auth-Token': '&lt;omitted&gt;'}
        Body: {"security_group_rule": {"tenant_id": "c20e0b326b3845f7826503182e16691c", "direction": "egress", "security_group_id": "d23da5fb-c545-483a-8fc5-612c54081d24", "protocol": "icmp", "ethertype": "IPv6"}}
    Response - Headers: {'status': '201', 'content-length': '344', 'connection': 'close', 'date': 'Wed, 16 Dec 2015 16:03:46 GMT', 'content-type': 'application/json; charset=UTF-8', 'x-openstack-request-id': 'req-a85c4005-ae85-4ad1-b661-2eb4aa4feb0c'}
        Body: {"security_group_rule": {"remote_group_id": null, "direction": "egress", "remote_ip_prefix": null, "protocol": "icmp", "ethertype": "IPv6", "tenant_id": "c20e0b326b3845f7826503182e16691c", "port_range_max": null, "port_range_min": null, "id": "778e1569-7057-4873-aa38-2c8b280e65f1", "security_group_id": "d23da5fb-c545-483a-8fc5-612c54081d24"}}
2015-12-16 16:03:46,897 24217 INFO     [tempest_lib.common.rest_client] Request (TestNetworkBasicOps:test_connectivity_between_vms_on_different_networks): 201 POST http://10.0.2.15:9696/v2.0/networks 0.130s
2015-12-16 16:03:46,898 24217 DEBUG    [tempest_lib.common.rest_client] Request - Headers: {'Content-Type': 'application/json', 'Accept': 'application/json', 'X-Auth-Token': '&lt;omitted&gt;'}
        Body: {"network": {"tenant_id": "c20e0b326b3845f7826503182e16691c", "name": "tempest-network-smoke--675459402"}}
    Response - Headers: {'status': '201', 'content-length': '295', 'connection': 'close', 'date': 'Wed, 16 Dec 2015 16:03:46 GMT', 'content-type': 'application/json; charset=UTF-8', 'x-openstack-request-id': 'req-411bb9b3-fcdf-4729-b6a1-33ed5f719b8a'}
        Body: {"network": {"status": "ACTIVE", "subnets": [], "name": "tempest-network-smoke--675459402", "admin_state_up": true, "tenant_id": "c20e0b326b3845f7826503182e16691c", "mtu": 0, "router:external": false, "shared": false, "port_security_enabled": true, "id": "174a8156-d613-4913-80c2-46ce2cfa4192"}}
2015-12-16 16:03:46,968 24217 INFO     [tempest_lib.common.rest_client] Request (TestNetworkBasicOps:test_connectivity_between_vms_on_different_networks): 201 POST http://10.0.2.15:9696/v2.0/routers 0.069s
2015-12-16 16:03:46,969 24217 DEBUG    [tempest_lib.common.rest_client] Request - Headers: {'Content-Type': 'application/json', 'Accept': 'application/json', 'X-Auth-Token': '&lt;omitted&gt;'}
        Body: {"router": {"tenant_id": "c20e0b326b3845f7826503182e16691c", "name": "tempest-router-smoke-1761874139", "admin_state_up": true}}
    Response - Headers: {'status': '201', 'content-length': '239', 'connection': 'close', 'date': 'Wed, 16 Dec 2015 16:03:46 GMT', 'content-type': 'application/json; charset=UTF-8', 'x-openstack-request-id': 'req-aaf23f0e-7f7a-493e-97ec-33bfab96e463'}
        Body: {"router": {"status": "ACTIVE", "external_gateway_info": null, "name": "tempest-router-smoke-1761874139", "admin_state_up": true, "tenant_id": "c20e0b326b3845f7826503182e16691c", "routes": [], "id": "4cadb017-12bb-43c8-819d-dd7030e62d04"}}
2015-12-16 16:03:47,010 24217 INFO     [tempest_lib.common.rest_client] Request (TestNetworkBasicOps:test_connectivity_between_vms_on_different_networks): 200 GET http://10.0.2.15:9696/v2.0/routers/4cadb017-12bb-43c8-819d-dd7030e62d04 0.040s
2015-12-16 16:03:47,011 24217 DEBUG    [tempest_lib.common.rest_client] Request - Headers: {'Content-Type': 'application/json', 'Accept': 'application/json', 'X-Auth-Token': '&lt;omitted&gt;'}
        Body: None
    Response - Headers: {'status': '200', 'content-length': '239', 'content-location': 'http://10.0.2.15:9696/v2.0/routers/4cadb017-12bb-43c8-819d-dd7030e62d04', 'connection': 'close', 'date': 'Wed, 16 Dec 2015 16:03:47 GMT', 'content-type': 'application/json; charset=UTF-8', 'x-openstack-request-id': 'req-9ad16e93-7501-4f89-b77b-9651c38ba3eb'}
        Body: {"router": {"status": "ACTIVE", "external_gateway_info": null, "name": "tempest-router-smoke-1761874139", "admin_state_up": true, "tenant_id": "c20e0b326b3845f7826503182e16691c", "routes": [], "id": "4cadb017-12bb-43c8-819d-dd7030e62d04"}}
2015-12-16 16:03:47,642 24217 INFO     [tempest_lib.common.rest_client] Request (TestNetworkBasicOps:test_connectivity_between_vms_on_different_networks): 200 PUT http://10.0.2.15:9696/v2.0/routers/4cadb017-12bb-43c8-819d-dd7030e62d04 0.629s
2015-12-16 16:03:47,642 24217 DEBUG    [tempest_lib.common.rest_client] Request - Headers: {'Content-Type': 'application/json', 'Accept': 'application/json', 'X-Auth-Token': '&lt;omitted&gt;'}
        Body: {"router": {"external_gateway_info": {"network_id": "c537ac10-ec01-4960-b1a1-ebfcef9bd3fa"}, "name": "tempest-router-smoke-1761874139", "admin_state_up": true}}
    Response - Headers: {'status': '200', 'content-length': '501', 'connection': 'close', 'date': 'Wed, 16 Dec 2015 16:03:47 GMT', 'content-type': 'application/json; charset=UTF-8', 'x-openstack-request-id': 'req-e6625844-56ca-4dcb-8e6f-ec3c462b3b1f'}
        Body: {"router": {"status": "ACTIVE", "external_gateway_info": {"network_id": "c537ac10-ec01-4960-b1a1-ebfcef9bd3fa", "enable_snat": true, "external_fixed_ips": [{"subnet_id": "96bbe5b2-423f-4c5e-8075-674e5ec9b1b4", "ip_address": "172.24.4.3"}, {"subnet_id": "c08a0268-1c34-43c6-91ec-ec0aa3ff5a1c", "ip_address": "2001:db8::4"}]}, "name": "tempest-router-smoke-1761874139", "admin_state_up": true, "tenant_id": "c20e0b326b3845f7826503182e16691c", "routes": [], "id": "4cadb017-12bb-43c8-819d-dd7030e62d04"}}
2015-12-16 16:03:47,778 24217 INFO     [tempest_lib.common.rest_client] Request (TestNetworkBasicOps:test_connectivity_between_vms_on_different_networks): 200 GET http://10.0.2.15:9696/v2.0/subnets?tenant_id=c20e0b326b3845f7826503182e16691c&amp;cidr=10.100.0.0%2F28 0.135s
2015-12-16 16:03:47,779 24217 DEBUG    [tempest_lib.common.rest_client] Request - Headers: {'Content-Type': 'application/json', 'Accept': 'application/json', 'X-Auth-Token': '&lt;omitted&gt;'}
        Body: None
    Response - Headers: {'status': '200', 'content-length': '15', 'content-location': 'http://10.0.2.15:9696/v2.0/subnets?tenant_id=c20e0b326b3845f7826503182e16691c&amp;cidr=10.100.0.0%2F28', 'connection': 'close', 'date': 'Wed, 16 Dec 2015 16:03:47 GMT', 'content-type': 'application/json; charset=UTF-8', 'x-openstack-request-id': 'req-173ac9fd-a529-4a56-afbf-9d4cbb565b5d'}
        Body: {"subnets": []}
2015-12-16 16:03:48,023 24217 INFO     [tempest_lib.common.rest_client] Request (TestNetworkBasicOps:test_connectivity_between_vms_on_different_networks): 201 POST http://10.0.2.15:9696/v2.0/subnets 0.244s
2015-12-16 16:03:48,024 24217 DEBUG    [tempest_lib.common.rest_client] Request - Headers: {'Content-Type': 'application/json', 'Accept': 'application/json', 'X-Auth-Token': '&lt;omitted&gt;'}
        Body: {"subnet": {"ip_version": 4, "tenant_id": "c20e0b326b3845f7826503182e16691c", "cidr": "10.100.0.0/28", "network_id": "174a8156-d613-4913-80c2-46ce2cfa4192", "name": "tempest-subnet-smoke-1862207834"}}
    Response - Headers: {'status': '201', 'content-length': '478', 'connection': 'close', 'date': 'Wed, 16 Dec 2015 16:03:48 GMT', 'content-type': 'application/json; charset=UTF-8', 'x-openstack-request-id': 'req-8be16e71-e02b-470b-b931-eed3135a6b8e'}
        Body: {"subnet": {"name": "tempest-subnet-smoke-1862207834", "enable_dhcp": true, "network_id": "174a8156-d613-4913-80c2-46ce2cfa4192", "tenant_id": "c20e0b326b3845f7826503182e16691c", "dns_nameservers": [], "gateway_ip": "10.100.0.1", "ipv6_ra_mode": null, "allocation_pools": [{"start": "10.100.0.2", "end": "10.100.0.14"}], "host_routes": [], "ip_version": 4, "ipv6_address_mode": null, "cidr": "10.100.0.0/28", "id": "34d84cb4-4204-4261-9977-f75eb200536e", "subnetpool_id": null}}
2015-12-16 16:03:48,501 24217 INFO     [tempest_lib.common.rest_client] Request (TestNetworkBasicOps:test_connectivity_between_vms_on_different_networks): 200 PUT http://10.0.2.15:9696/v2.0/routers/4cadb017-12bb-43c8-819d-dd7030e62d04/add_router_interface 0.476s
2015-12-16 16:03:48,503 24217 DEBUG    [tempest_lib.common.rest_client] Request - Headers: {'Content-Type': 'application/json', 'Accept': 'application/json', 'X-Auth-Token': '&lt;omitted&gt;'}
        Body: {"subnet_id": "34d84cb4-4204-4261-9977-f75eb200536e"}
    Response - Headers: {'status': '200', 'content-length': '255', 'connection': 'close', 'date': 'Wed, 16 Dec 2015 16:03:48 GMT', 'content-type': 'application/json; charset=UTF-8', 'x-openstack-request-id': 'req-a2c8a78f-4811-4933-8c69-f441deba4b93'}
        Body: {"subnet_id": "34d84cb4-4204-4261-9977-f75eb200536e", "tenant_id": "c20e0b326b3845f7826503182e16691c", "subnet_ids": ["34d84cb4-4204-4261-9977-f75eb200536e"], "port_id": "36f84c9a-7469-46cf-a406-ded48b5f9152", "id": "4cadb017-12bb-43c8-819d-dd7030e62d04"}
2015-12-16 16:03:48,689 24217 INFO     [tempest_lib.common.rest_client] Request (TestNetworkBasicOps:test_connectivity_between_vms_on_different_networks): 200 GET http://10.0.2.15:9696/v2.0/networks 0.186s
2015-12-16 16:03:48,690 24217 DEBUG    [tempest_lib.common.rest_client] Request - Headers: {'Content-Type': 'application/json', 'Accept': 'application/json', 'X-Auth-Token': '&lt;omitted&gt;'}
        Body: None
    Response - Headers: {'status': '200', 'content-length': '1317', 'content-location': 'http://10.0.2.15:9696/v2.0/networks', 'connection': 'close', 'date': 'Wed, 16 Dec 2015 16:03:48 GMT', 'content-type': 'application/json; charset=UTF-8', 'x-openstack-request-id': 'req-8dc60591-4b60-4496-a870-f6e96c48d1ac'}
        Body: {"networks": [{"status": "ACTIVE", "subnets": ["34d84cb4-4204-4261-9977-f75eb200536e"], "name": "tempest-network-smoke--675459402", "provider:physical_network": null, "admin_state_up": true, "tenant_id": "c20e0b326b3845f7826503182e16691c", "mtu": 0, "router:external": false, "shared": false, "port_security_enabled": true, "provider:network_type": "vxlan", "id": "174a8156-d613-4913-80c2-46ce2cfa4192", "provider:segmentation_id": 1063}, {"status": "ACTIVE", "subnets": ["c08a0268-1c34-43c6-91ec-ec0aa3ff5a1c", "96bbe5b2-423f-4c5e-8075-674e5ec9b1b4"], "name": "public", "provider:physical_network": null, "admin_state_up": true, "tenant_id": "eaa181bc88a243b19af5596557709a3b", "mtu": 0, "router:external": true, "shared": false, "port_security_enabled": true, "provider:network_type": "vxlan", "id": "c537ac10-ec01-4960-b1a1-ebfcef9bd3fa", "provider:segmentation_id": 1003}, {"status": "ACTIVE", "subnets": ["e5825cd6-9ebe-4fb8-8e7f-48c2e7452f88", "e6d45fd7-7d9d-43e9-ac9a-25aa80d41409"], "name": "private", "provider:physical_network": null, "admin_state_up": true, "tenant_id": "7433a8a25df14561ab8b8a1fe0418710", "mtu": 0, "router:external": false, "shared": false, "port_security_enabled": true, "provider:network_type": "vxlan", "id": "7ab7e979-07e1-4dc8-99b8-7b2a66fe392c", "provider:segmentation_id": 1078}]}
2015-12-16 16:03:48,769 24217 INFO     [tempest_lib.common.rest_client] Request (TestNetworkBasicOps:test_connectivity_between_vms_on_different_networks): 200 GET http://10.0.2.15:9696/v2.0/subnets 0.077s
2015-12-16 16:03:48,769 24217 DEBUG    [tempest_lib.common.rest_client] Request - Headers: {'Content-Type': 'application/json', 'Accept': 'application/json', 'X-Auth-Token': '&lt;omitted&gt;'}
        Body: None
    Response - Headers: {'status': '200', 'content-length': '2408', 'content-location': 'http://10.0.2.15:9696/v2.0/subnets', 'connection': 'close', 'date': 'Wed, 16 Dec 2015 16:03:48 GMT', 'content-type': 'application/json; charset=UTF-8', 'x-openstack-request-id': 'req-c3175e07-e023-4fdc-b8ab-ade5e4cc977f'}
        Body: {"subnets": [{"name": "ipv6-public-subnet", "enable_dhcp": false, "network_id": "c537ac10-ec01-4960-b1a1-ebfcef9bd3fa", "tenant_id": "eaa181bc88a243b19af5596557709a3b", "dns_nameservers": [], "gateway_ip": "2001:db8::2", "ipv6_ra_mode": null, "allocation_pools": [{"start": "2001:db8::3", "end": "2001:db8::ffff:ffff:ffff:ffff"}, {"start": "2001:db8::1", "end": "2001:db8::1"}], "host_routes": [], "ip_version": 6, "ipv6_address_mode": null, "cidr": "2001:db8::/64", "id": "c08a0268-1c34-43c6-91ec-ec0aa3ff5a1c", "subnetpool_id": null}, {"name": "private-subnet", "enable_dhcp": true, "network_id": "7ab7e979-07e1-4dc8-99b8-7b2a66fe392c", "tenant_id": "7433a8a25df14561ab8b8a1fe0418710", "dns_nameservers": [], "gateway_ip": "10.0.0.1", "ipv6_ra_mode": null, "allocation_pools": [{"start": "10.0.0.2", "end": "10.0.0.254"}], "host_routes": [], "ip_version": 4, "ipv6_address_mode": null, "cidr": "10.0.0.0/24", "id": "e5825cd6-9ebe-4fb8-8e7f-48c2e7452f88", "subnetpool_id": null}, {"name": "tempest-subnet-smoke-1862207834", "enable_dhcp": true, "network_id": "174a8156-d613-4913-80c2-46ce2cfa4192", "tenant_id": "c20e0b326b3845f7826503182e16691c", "dns_nameservers": [], "gateway_ip": "10.100.0.1", "ipv6_ra_mode": null, "allocation_pools": [{"start": "10.100.0.2", "end": "10.100.0.14"}], "host_routes": [], "ip_version": 4, "ipv6_address_mode": null, "cidr": "10.100.0.0/28", "id": "34d84cb4-4204-4261-9977-f75eb200536e", "subnetpool_id": null}, {"name": "public-subnet", "enable_dhcp": false, "network_id": "c537ac10-ec01-4960-b1a1-ebfcef9bd3fa", "tenant_id": "eaa181bc88a243b19af5596557709a3b", "dns_nameservers": [], "gateway_ip": "172.24.4.1", "ipv6_ra_mode": null, "allocation_pools": [{"start": "172.24.4.2", "end": "172.24.4.254"}], "host_routes": [], "ip_version": 4, "ipv6_address_mode": null, "cidr": "172.24.4.0/24", "id": "96bbe5b2-423f-4c5e-8075-674e5ec9b1b4", "subnetpool_id": null}, {"name": "ipv6-private-subnet", "enable_dhcp": true, "network_id": "7ab7e979-07e1-4dc8-99b8-7b2a66fe392c", "tenant_id": "7433a8a25df14561ab8b8a1fe0418710", "dns_nameservers": [], "gateway_ip": "fda4:44cb:6cd0::1", "ipv6_ra_mode": "slaac", "allocation_pools": [{"start": "fda4:44cb:6cd0::2", "end": "fda4:44cb:6cd0:0:ffff:ffff:ffff:ffff"}], "host_routes": [], "ip_version": 6, "ipv6_address_mode": "slaac", "cidr": "fda4:44cb:6cd0::/64", "id": "e6d45fd7-7d9d-43e9-ac9a-25aa80d41409", "subnetpool_id": null}]}
2015-12-16 16:03:48,814 24217 INFO     [tempest_lib.common.rest_client] Request (TestNetworkBasicOps:test_connectivity_between_vms_on_different_networks): 200 GET http://10.0.2.15:9696/v2.0/routers 0.044s
2015-12-16 16:03:48,814 24217 DEBUG    [tempest_lib.common.rest_client] Request - Headers: {'Content-Type': 'application/json', 'Accept': 'application/json', 'X-Auth-Token': '&lt;omitted&gt;'}
        Body: None
    Response - Headers: {'status': '200', 'content-length': '1041', 'content-location': 'http://10.0.2.15:9696/v2.0/routers', 'connection': 'close', 'date': 'Wed, 16 Dec 2015 16:03:48 GMT', 'content-type': 'application/json; charset=UTF-8', 'x-openstack-request-id': 'req-bc71c975-b075-4bbe-a563-5549030d6ed2'}
        Body: {"routers": [{"status": "ACTIVE", "external_gateway_info": {"network_id": "c537ac10-ec01-4960-b1a1-ebfcef9bd3fa", "enable_snat": true, "external_fixed_ips": [{"subnet_id": "96bbe5b2-423f-4c5e-8075-674e5ec9b1b4", "ip_address": "172.24.4.2"}, {"subnet_id": "c08a0268-1c34-43c6-91ec-ec0aa3ff5a1c", "ip_address": "2001:db8::3"}]}, "name": "router1", "admin_state_up": true, "tenant_id": "7433a8a25df14561ab8b8a1fe0418710", "distributed": false, "routes": [], "ha": false, "id": "40ca04fc-6767-406c-9c54-1fb4288b8d4d"}, {"status": "ACTIVE", "external_gateway_info": {"network_id": "c537ac10-ec01-4960-b1a1-ebfcef9bd3fa", "enable_snat": true, "external_fixed_ips": [{"subnet_id": "96bbe5b2-423f-4c5e-8075-674e5ec9b1b4", "ip_address": "172.24.4.3"}, {"subnet_id": "c08a0268-1c34-43c6-91ec-ec0aa3ff5a1c", "ip_address": "2001:db8::4"}]}, "name": "tempest-router-smoke-1761874139", "admin_state_up": true, "tenant_id": "c20e0b326b3845f7826503182e16691c", "distributed": false, "routes": [], "ha": false, "id": "4cadb017-12bb-43c8-819d-dd7030e62d04"}]}
2015-12-16 16:03:49,144 24217 INFO     [tempest_lib.common.rest_client] Request (TestNetworkBasicOps:test_connectivity_between_vms_on_different_networks): 200 POST http://10.0.2.15:8774/v2.1/c20e0b326b3845f7826503182e16691c/os-keypairs 0.329s
2015-12-16 16:03:49,145 24217 DEBUG    [tempest_lib.common.rest_client] Request - Headers: {'Content-Type': 'application/json', 'Accept': 'application/json', 'X-Auth-Token': '&lt;omitted&gt;'}
        Body: {"keypair": {"name": "tempest-TestNetworkBasicOps-392679726"}}
    Response - Headers: {'status': '200', 'content-length': '2320', 'x-compute-request-id': 'req-1fc9e5a5-8698-4e85-9943-45841fa24c47', 'vary': 'X-OpenStack-Nova-API-Version', 'connection': 'close', 'x-openstack-nova-api-version': '2.1', 'date': 'Wed, 16 Dec 2015 16:03:49 GMT', 'content-type': 'application/json'}
        Body: {"keypair": {"public_key": "ssh-rsa AAAAB3NzaC1yc2EAAAADAQABAAABAQDJq+rWlLzQcnz1tndhQdzt/3sDeS76z4ug3/Ki/N+kKKR31k+zF1dmiInAo+yQsWe0bdpWaHJD5GNN21a01zEUurCpmLulWrD+T8lHQqd6zFRc8KjHv5/Kx8JsNdQyv3ySX5/8d9PvA+S41rqdJz9ECLyYTLl7b/Kfn05/yYYoDxetyFotHCtDBqO7iepiN2Vt91JY4YeOrB4BY3feRvmKIyD5L8n4QGr+Bd9lPzg13ifjM7ohkX224nvDWHaVT9WZlPAYK2RGJzYbgd3GquotHGZa7xSkbWH3LELll7/v6QIGql1RrMc9YYPK55dJvRUK0rECmkSi12IYaaxXR7iD Generated-by-Nova", "private_key": "-----BEGIN RSA PRIVATE KEY-----\nMIIEqAIBAAKCAQEAyavq1pS80HJ89bZ3YUHc7f97A3ku+s+LoN/yovzfpCikd9ZP\nsxdXZoiJwKPskLFntG3aVmhyQ+RjTdtWtNcxFLqwqZi7pVqw/k/JR0KnesxUXPCo\nx7+fysfCbDXUMr98kl+f/HfT7wPkuNa6nSc/RAi8mEy5e2/yn59Of8mGKA8Xrcha\nLRwrQwaju4nqYjdlbfdSWOGHjqweAWN33kb5iiMg+S/J+EBq/gXfZT84Nd4n4zO6\nIZF9tuJ7w1h2lU/VmZTwGCtkRic2G4HdxqrqLRxmWu8UpG1h9yxC5Ze/7+kCBqpd\nUazHPWGDyueXSb0VCtKxAppEotdiGGmsV0e4gwIDAQABAoIBAB1jLe9i8Ti21jrA\nAhlsDZOo3PYenJfz0nb461SQ4M39FipYUnjYd+X7E4e822YiU+hY8a4RvkTibQ4V\nXkcv7HkG02ODXCS2WIBWhBAcSGd+ivSYJSAmblSQU2aNWYSjnrV9tcSGeZ2kxZmh\nwMPRykhRtZnD5Gt2Xraf8kJwzVncxq/Q58EvNWuf5p51eKP0L4g8xWckjh9Qab2O\nfsxKDS92OKJr98KQ8NdGOY1TI1OKSJHh367r/JHV1YRNNNWO/vMUcsy6v0aseLNM\n6B3JSLjKL0iJOVSg0i7uVQbiFU9NsFUEFofS1UZ7xKDb7w105/kckbB/Qwv0VHOd\nfjmS55ECggCBANBKR2wYZTMqmPS7T7yWkzxJFEI5b05+xLrZe0HPcvWeaHXKrTbD\nPDUMMAC5pO8DsKSZm6522riqv5UNgTd4TesBiFg1DRQNyuPDNvf8JQy+Q5qSqG9j\nsqQ9ci9ftWhOlsgRpOsXjMOTCNMJ6hD0rWyvSlSbjiWc1takdtN655iXAoIAgQD3\n3YlpjFomSYCMdvoHXuSQLRTg8jLD7BOJKwKh9YASdn6RAGMZfgSaFlEoE/fEzvOO\nAWtl4B7z2x+l8VTUkIwP9bn6xVJstDZheEGVrOQn5hxK0yVNVQtoAXJYAdw5rVt1\nIGHwpdmJtxQJW87wEpUrEIOfHyCdCLMQTmva3pjQ9QKCAIBBoUYD72PjzWZIpsSn\nHaLi+fviKgrCZvtCDMjjoaQNdI5hny0Y9keAR4jQka5AiZ8dHjGJtXWRfmvDYW/3\ntHaIuADoGj82tGnbfmVRmidqboEKsW9VOcrOKXZTKwsUBL9J5xVZ5h+6eBftt1AD\na7VBa7I2GpWdkF+5XjT6yd0znQKCAIEA8UMLENjTmvbqkE7yuh/snEW1T+uP7FKr\nBVX/HwRmoBIEykE1NMgL1KwqXLdq8X97ZFsPXb9UgYpleNG5/5mfK53EZEqTG0oi\nsKcsN3NtNUTvfwmdAnPoQVk/IljVMrMCFbTqgCH+5+RzNVTOzbFYzu0pIMZcqV2h\nZhrfMtB+sM0CggCAFT3omiEx0N62pRN9QdWRIMrA0/i7aK8Xxqc9CJXobmefL0sB\nYB1iEUTZioFNY57+mvQ66CL2QexkzMoU5lJhk4HyX28MIOCNHUmk21jyPxOQtvEn\nojL6UnLa6AQbdEvVHZfeF8HJpVrWntC7AGmGblWxF8tmzPR14NgsQms0CXk=\n-----END RSA PRIVATE KEY-----\n", "user_id": "e47c5d9b602c4e868323dedac90b7461", "name": "tempest-TestNetworkBasicOps-392679726", "fingerprint": "3c:b7:26:f2:ba:96:70:1c:5b:4d:34:02:4b:20:7f:d7"}}
2015-12-16 16:03:49,242 24217 INFO     [tempest_lib.common.rest_client] Request (TestNetworkBasicOps:test_connectivity_between_vms_on_different_networks): 200 POST http://10.0.2.15:5000/v2.0/tokens
2015-12-16 16:03:49,242 24217 DEBUG    [tempest_lib.common.rest_client] Request - Headers: {'Content-Type': 'application/json', 'Accept': 'application/json'}
        Body: &lt;omitted&gt;
    Response - Headers: {'status': '200', 'content-length': '2526', 'vary': 'X-Auth-Token', 'server': 'Apache/2.4.7 (Ubuntu)', 'connection': 'close', 'date': 'Wed, 16 Dec 2015 16:03:49 GMT', 'content-type': 'application/json', 'x-openstack-request-id': 'req-c0f3b6f2-f85e-48fa-a819-ce2823d2078d'}
        Body: {"access": {"token": {"issued_at": "2015-12-16T16:03:49.233035", "expires": "2015-12-16T17:03:49Z", "id": "3d2b3875d4e345a2af16ec39bc1ae616", "tenant": {"description": "tempest-TestNetworkBasicOps-39490457-desc", "enabled": true, "id": "c20e0b326b3845f7826503182e16691c", "name": "tempest-TestNetworkBasicOps-39490457"}, "audit_ids": ["k_NUj4uVSA6-cuG7RHsndQ"]}, "serviceCatalog": [{"endpoints": [{"adminURL": "http://10.0.2.15:8774/v2.1/c20e0b326b3845f7826503182e16691c", "region": "RegionOne", "internalURL": "http://10.0.2.15:8774/v2.1/c20e0b326b3845f7826503182e16691c", "id": "a9be0320b6374d5782e16b3696d0ea7c", "publicURL": "http://10.0.2.15:8774/v2.1/c20e0b326b3845f7826503182e16691c"}], "endpoints_links": [], "type": "compute", "name": "nova"}, {"endpoints": [{"adminURL": "http://10.0.2.15:9696/", "region": "RegionOne", "internalURL": "http://10.0.2.15:9696/", "id": "1542991808e74d8197a548690112bda2", "publicURL": "http://10.0.2.15:9696/"}], "endpoints_links": [], "type": "network", "name": "neutron"}, {"endpoints": [{"adminURL": "http://10.0.2.15:9292", "region": "RegionOne", "internalURL": "http://10.0.2.15:9292", "id": "7b652d7f25cf4f08bd0a6ba142999724", "publicURL": "http://10.0.2.15:9292"}], "endpoints_links": [], "type": "image", "name": "glance"}, {"endpoints": [{"adminURL": "http://10.0.2.15:8774/v2/c20e0b326b3845f7826503182e16691c", "region": "RegionOne", "internalURL": "http://10.0.2.15:8774/v2/c20e0b326b3845f7826503182e16691c", "id": "6b501755efba4a63a6efcd0ef5333fbd", "publicURL": "http://10.0.2.15:8774/v2/c20e0b326b3845f7826503182e16691c"}], "endpoints_links": [], "type": "compute_legacy", "name": "nova_legacy"}, {"endpoints": [{"adminURL": "http://10.0.2.15:8773/", "region": "RegionOne", "internalURL": "http://10.0.2.15:8773/", "id": "0b1d20c99ad5488bb4a96a80792fa415", "publicURL": "http://10.0.2.15:8773/"}], "endpoints_links": [], "type": "ec2", "name": "ec2"}, {"endpoints": [{"adminURL": "http://10.0.2.15:35357/v2.0", "region": "RegionOne", "internalURL": "http://10.0.2.15:5000/v2.0", "id": "b9b3f77305a14323b34ee2efceafe394", "publicURL": "http://10.0.2.15:5000/v2.0"}], "endpoints_links": [], "type": "identity", "name": "keystone"}], "user": {"username": "tempest-TestNetworkBasicOps-1857878733", "roles_links": [], "id": "e47c5d9b602c4e868323dedac90b7461", "roles": [{"name": "_member_"}, {"name": "Member"}], "name": "tempest-TestNetworkBasicOps-1857878733"}, "metadata": {"is_admin": 0, "roles": ["9fe2ff9ee4384b1894a90878d3e92bab", "1f83c9aa3f3149debd9c798214dd2ed1"]}}}
2015-12-16 16:03:49,247 24217 DEBUG    [tempest.common.fixed_network] (TestNetworkBasicOps:test_connectivity_between_vms_on_different_networks) No valid network provided or created, defaulting to fixed_network_name
2015-12-16 16:03:49,550 24217 INFO     [tempest_lib.common.rest_client] Request (TestNetworkBasicOps:test_connectivity_between_vms_on_different_networks): 200 GET http://10.0.2.15:8774/v2.1/c20e0b326b3845f7826503182e16691c/os-networks 0.303s
2015-12-16 16:03:49,551 24217 DEBUG    [tempest_lib.common.rest_client] Request - Headers: {'Content-Type': 'application/json', 'Accept': 'application/json', 'X-Auth-Token': '&lt;omitted&gt;'}
        Body: None
    Response - Headers: {'status': '200', 'content-length': '478', 'content-location': 'http://10.0.2.15:8774/v2.1/c20e0b326b3845f7826503182e16691c/os-networks', 'x-compute-request-id': 'req-bbf30e75-878b-40cc-8d72-c06eacbca04d', 'vary': 'X-OpenStack-Nova-API-Version', 'connection': 'close', 'x-openstack-nova-api-version': '2.1', 'date': 'Wed, 16 Dec 2015 16:03:49 GMT', 'content-type': 'application/json'}
        Body: {"networks": [{"cidr_v6": null, "dns2": null, "dns1": null, "gateway": null, "broadcast": null, "netmask": null, "gateway_v6": null, "cidr": null, "label": "tempest-network-smoke--675459402", "id": "174a8156-d613-4913-80c2-46ce2cfa4192", "netmask_v6": null}, {"cidr_v6": null, "dns2": null, "dns1": null, "gateway": null, "broadcast": null, "netmask": null, "gateway_v6": null, "cidr": null, "label": "public", "id": "c537ac10-ec01-4960-b1a1-ebfcef9bd3fa", "netmask_v6": null}]}
2015-12-16 16:03:49,552 24217 WARNING  [tempest.common.fixed_network] (TestNetworkBasicOps:test_connectivity_between_vms_on_different_networks) Network with name: private not found
2015-12-16 16:03:49,552 24217 INFO     [tempest.common.fixed_network] (TestNetworkBasicOps:test_connectivity_between_vms_on_different_networks) Found network {} available for tenant
2015-12-16 16:03:50,792 24217 INFO     [tempest_lib.common.rest_client] Request (TestNetworkBasicOps:test_connectivity_between_vms_on_different_networks): 202 POST http://10.0.2.15:8774/v2.1/c20e0b326b3845f7826503182e16691c/servers 1.239s
2015-12-16 16:03:50,792 24217 DEBUG    [tempest_lib.common.rest_client] Request - Headers: {'Content-Type': 'application/json', 'Accept': 'application/json', 'X-Auth-Token': '&lt;omitted&gt;'}
        Body: {"server": {"name": "tempest.common.compute-instance-8521955", "imageRef": "4194ee91-5296-4f03-8465-9e32562fd301", "key_name": "tempest-TestNetworkBasicOps-392679726", "flavorRef": "42", "networks": [{"uuid": "174a8156-d613-4913-80c2-46ce2cfa4192"}], "security_groups": [{"name": "tempest-secgroup-smoke-351580407"}]}}
    Response - Headers: {'status': '202', 'content-length': '461', 'x-compute-request-id': 'req-e5bdd24c-6273-411b-b771-5bad648352f0', 'vary': 'X-OpenStack-Nova-API-Version', 'connection': 'close', 'location': 'http://10.0.2.15:8774/v2.1/c20e0b326b3845f7826503182e16691c/servers/6d7bb79b-5b86-4126-8452-977f41936973', 'x-openstack-nova-api-version': '2.1', 'date': 'Wed, 16 Dec 2015 16:03:50 GMT', 'content-type': 'application/json'}
        Body: {"server": {"security_groups": [{"name": "tempest-secgroup-smoke-351580407"}], "OS-DCF:diskConfig": "MANUAL", "id": "6d7bb79b-5b86-4126-8452-977f41936973", "links": [{"href": "http://10.0.2.15:8774/v2.1/c20e0b326b3845f7826503182e16691c/servers/6d7bb79b-5b86-4126-8452-977f41936973", "rel": "self"}, {"href": "http://10.0.2.15:8774/c20e0b326b3845f7826503182e16691c/servers/6d7bb79b-5b86-4126-8452-977f41936973", "rel": "bookmark"}], "adminPass": "TvFgk5mW8xkF"}}
2015-12-16 16:03:50,988 24217 INFO     [tempest_lib.common.rest_client] Request (TestNetworkBasicOps:test_connectivity_between_vms_on_different_networks): 200 GET http://10.0.2.15:8774/v2.1/c20e0b326b3845f7826503182e16691c/servers/6d7bb79b-5b86-4126-8452-977f41936973 0.192s
2015-12-16 16:03:50,988 24217 DEBUG    [tempest_lib.common.rest_client] Request - Headers: {'Content-Type': 'application/json', 'Accept': 'application/json', 'X-Auth-Token': '&lt;omitted&gt;'}
        Body: None
    Response - Headers: {'status': '200', 'content-length': '1352', 'content-location': 'http://10.0.2.15:8774/v2.1/c20e0b326b3845f7826503182e16691c/servers/6d7bb79b-5b86-4126-8452-977f41936973', 'x-compute-request-id': 'req-34176bda-64a5-43d9-af1a-66c37efaf29f', 'vary': 'X-OpenStack-Nova-API-Version', 'connection': 'close', 'x-openstack-nova-api-version': '2.1', 'date': 'Wed, 16 Dec 2015 16:03:50 GMT', 'content-type': 'application/json'}
        Body: {"server": {"status": "BUILD", "updated": "2015-12-16T16:03:50Z", "hostId": "", "addresses": {}, "links": [{"href": "http://10.0.2.15:8774/v2.1/c20e0b326b3845f7826503182e16691c/servers/6d7bb79b-5b86-4126-8452-977f41936973", "rel": "self"}, {"href": "http://10.0.2.15:8774/c20e0b326b3845f7826503182e16691c/servers/6d7bb79b-5b86-4126-8452-977f41936973", "rel": "bookmark"}], "key_name": "tempest-TestNetworkBasicOps-392679726", "image": {"id": "4194ee91-5296-4f03-8465-9e32562fd301", "links": [{"href": "http://10.0.2.15:8774/c20e0b326b3845f7826503182e16691c/images/4194ee91-5296-4f03-8465-9e32562fd301", "rel": "bookmark"}]}, "OS-EXT-STS:task_state": "scheduling", "OS-EXT-STS:vm_state": "building", "OS-SRV-USG:launched_at": null, "flavor": {"id": "42", "links": [{"href": "http://10.0.2.15:8774/c20e0b326b3845f7826503182e16691c/flavors/42", "rel": "bookmark"}]}, "id": "6d7bb79b-5b86-4126-8452-977f41936973", "OS-SRV-USG:terminated_at": null, "OS-EXT-AZ:availability_zone": "", "user_id": "e47c5d9b602c4e868323dedac90b7461", "name": "tempest.common.compute-instance-8521955", "created": "2015-12-16T16:03:50Z", "tenant_id": "c20e0b326b3845f7826503182e16691c", "OS-DCF:diskConfig": "MANUAL", "os-extended-volumes:volumes_attached": [], "accessIPv4": "", "accessIPv6": "", "progress": 0, "OS-EXT-STS:power_state": 0, "config_drive": "", "metadata": {}}}
2015-12-16 16:03:52,225 24217 INFO     [tempest_lib.common.rest_client] Request (TestNetworkBasicOps:test_connectivity_between_vms_on_different_networks): 200 GET http://10.0.2.15:8774/v2.1/c20e0b326b3845f7826503182e16691c/servers/6d7bb79b-5b86-4126-8452-977f41936973 0.227s
2015-12-16 16:03:52,226 24217 DEBUG    [tempest_lib.common.rest_client] Request - Headers: {'Content-Type': 'application/json', 'Accept': 'application/json', 'X-Auth-Token': '&lt;omitted&gt;'}
        Body: None
    Response - Headers: {'status': '200', 'content-length': '1477', 'content-location': 'http://10.0.2.15:8774/v2.1/c20e0b326b3845f7826503182e16691c/servers/6d7bb79b-5b86-4126-8452-977f41936973', 'x-compute-request-id': 'req-9790b021-8e45-44af-b372-0706cc3fcb09', 'vary': 'X-OpenStack-Nova-API-Version', 'connection': 'close', 'x-openstack-nova-api-version': '2.1', 'date': 'Wed, 16 Dec 2015 16:03:52 GMT', 'content-type': 'application/json'}
        Body: {"server": {"status": "BUILD", "updated": "2015-12-16T16:03:51Z", "hostId": "2fadbb846848a5f6e998739514901859aaee95f37e1a87ecf1f6de9d", "addresses": {}, "links": [{"href": "http://10.0.2.15:8774/v2.1/c20e0b326b3845f7826503182e16691c/servers/6d7bb79b-5b86-4126-8452-977f41936973", "rel": "self"}, {"href": "http://10.0.2.15:8774/c20e0b326b3845f7826503182e16691c/servers/6d7bb79b-5b86-4126-8452-977f41936973", "rel": "bookmark"}], "key_name": "tempest-TestNetworkBasicOps-392679726", "image": {"id": "4194ee91-5296-4f03-8465-9e32562fd301", "links": [{"href": "http://10.0.2.15:8774/c20e0b326b3845f7826503182e16691c/images/4194ee91-5296-4f03-8465-9e32562fd301", "rel": "bookmark"}]}, "OS-EXT-STS:task_state": "spawning", "OS-EXT-STS:vm_state": "building", "OS-SRV-USG:launched_at": null, "flavor": {"id": "42", "links": [{"href": "http://10.0.2.15:8774/c20e0b326b3845f7826503182e16691c/flavors/42", "rel": "bookmark"}]}, "id": "6d7bb79b-5b86-4126-8452-977f41936973", "security_groups": [{"name": "tempest-secgroup-smoke-351580407"}], "OS-SRV-USG:terminated_at": null, "OS-EXT-AZ:availability_zone": "nova", "user_id": "e47c5d9b602c4e868323dedac90b7461", "name": "tempest.common.compute-instance-8521955", "created": "2015-12-16T16:03:50Z", "tenant_id": "c20e0b326b3845f7826503182e16691c", "OS-DCF:diskConfig": "MANUAL", "os-extended-volumes:volumes_attached": [], "accessIPv4": "", "accessIPv6": "", "progress": 0, "OS-EXT-STS:power_state": 0, "config_drive": "", "metadata": {}}}
2015-12-16 16:03:52,237 24217 INFO     [tempest.common.waiters] State transition "BUILD/scheduling" ==&gt; "BUILD/spawning" after 2 second wait
2015-12-16 16:03:53,465 24217 INFO     [tempest_lib.common.rest_client] Request (TestNetworkBasicOps:test_connectivity_between_vms_on_different_networks): 200 GET http://10.0.2.15:8774/v2.1/c20e0b326b3845f7826503182e16691c/servers/6d7bb79b-5b86-4126-8452-977f41936973 0.227s
2015-12-16 16:03:53,466 24217 DEBUG    [tempest_lib.common.rest_client] Request - Headers: {'Content-Type': 'application/json', 'Accept': 'application/json', 'X-Auth-Token': '&lt;omitted&gt;'}
        Body: None
    Response - Headers: {'status': '200', 'content-length': '1477', 'content-location': 'http://10.0.2.15:8774/v2.1/c20e0b326b3845f7826503182e16691c/servers/6d7bb79b-5b86-4126-8452-977f41936973', 'x-compute-request-id': 'req-6854faf5-43ac-43c4-9ae3-01cceadf0655', 'vary': 'X-OpenStack-Nova-API-Version', 'connection': 'close', 'x-openstack-nova-api-version': '2.1', 'date': 'Wed, 16 Dec 2015 16:03:53 GMT', 'content-type': 'application/json'}
        Body: {"server": {"status": "BUILD", "updated": "2015-12-16T16:03:51Z", "hostId": "2fadbb846848a5f6e998739514901859aaee95f37e1a87ecf1f6de9d", "addresses": {}, "links": [{"href": "http://10.0.2.15:8774/v2.1/c20e0b326b3845f7826503182e16691c/servers/6d7bb79b-5b86-4126-8452-977f41936973", "rel": "self"}, {"href": "http://10.0.2.15:8774/c20e0b326b3845f7826503182e16691c/servers/6d7bb79b-5b86-4126-8452-977f41936973", "rel": "bookmark"}], "key_name": "tempest-TestNetworkBasicOps-392679726", "image": {"id": "4194ee91-5296-4f03-8465-9e32562fd301", "links": [{"href": "http://10.0.2.15:8774/c20e0b326b3845f7826503182e16691c/images/4194ee91-5296-4f03-8465-9e32562fd301", "rel": "bookmark"}]}, "OS-EXT-STS:task_state": "spawning", "OS-EXT-STS:vm_state": "building", "OS-SRV-USG:launched_at": null, "flavor": {"id": "42", "links": [{"href": "http://10.0.2.15:8774/c20e0b326b3845f7826503182e16691c/flavors/42", "rel": "bookmark"}]}, "id": "6d7bb79b-5b86-4126-8452-977f41936973", "security_groups": [{"name": "tempest-secgroup-smoke-351580407"}], "OS-SRV-USG:terminated_at": null, "OS-EXT-AZ:availability_zone": "nova", "user_id": "e47c5d9b602c4e868323dedac90b7461", "name": "tempest.common.compute-instance-8521955", "created": "2015-12-16T16:03:50Z", "tenant_id": "c20e0b326b3845f7826503182e16691c", "OS-DCF:diskConfig": "MANUAL", "os-extended-volumes:volumes_attached": [], "accessIPv4": "", "accessIPv6": "", "progress": 0, "OS-EXT-STS:power_state": 0, "config_drive": "", "metadata": {}}}
2015-12-16 16:03:54,657 24217 INFO     [tempest_lib.common.rest_client] Request (TestNetworkBasicOps:test_connectivity_between_vms_on_different_networks): 200 GET http://10.0.2.15:8774/v2.1/c20e0b326b3845f7826503182e16691c/servers/6d7bb79b-5b86-4126-8452-977f41936973 0.181s
2015-12-16 16:03:54,658 24217 DEBUG    [tempest_lib.common.rest_client] Request - Headers: {'Content-Type': 'application/json', 'Accept': 'application/json', 'X-Auth-Token': '&lt;omitted&gt;'}
        Body: None
    Response - Headers: {'status': '200', 'content-length': '1648', 'content-location': 'http://10.0.2.15:8774/v2.1/c20e0b326b3845f7826503182e16691c/servers/6d7bb79b-5b86-4126-8452-977f41936973', 'x-compute-request-id': 'req-8fabe5a1-a84c-4946-a25a-12649af05585', 'vary': 'X-OpenStack-Nova-API-Version', 'connection': 'close', 'x-openstack-nova-api-version': '2.1', 'date': 'Wed, 16 Dec 2015 16:03:54 GMT', 'content-type': 'application/json'}
        Body: {"server": {"status": "ACTIVE", "updated": "2015-12-16T16:03:54Z", "hostId": "2fadbb846848a5f6e998739514901859aaee95f37e1a87ecf1f6de9d", "addresses": {"tempest-network-smoke--675459402": [{"OS-EXT-IPS-MAC:mac_addr": "fa:16:3e:c9:fb:bf", "version": 4, "addr": "10.100.0.3", "OS-EXT-IPS:type": "fixed"}]}, "links": [{"href": "http://10.0.2.15:8774/v2.1/c20e0b326b3845f7826503182e16691c/servers/6d7bb79b-5b86-4126-8452-977f41936973", "rel": "self"}, {"href": "http://10.0.2.15:8774/c20e0b326b3845f7826503182e16691c/servers/6d7bb79b-5b86-4126-8452-977f41936973", "rel": "bookmark"}], "key_name": "tempest-TestNetworkBasicOps-392679726", "image": {"id": "4194ee91-5296-4f03-8465-9e32562fd301", "links": [{"href": "http://10.0.2.15:8774/c20e0b326b3845f7826503182e16691c/images/4194ee91-5296-4f03-8465-9e32562fd301", "rel": "bookmark"}]}, "OS-EXT-STS:task_state": null, "OS-EXT-STS:vm_state": "active", "OS-SRV-USG:launched_at": "2015-12-16T16:03:54.000000", "flavor": {"id": "42", "links": [{"href": "http://10.0.2.15:8774/c20e0b326b3845f7826503182e16691c/flavors/42", "rel": "bookmark"}]}, "id": "6d7bb79b-5b86-4126-8452-977f41936973", "security_groups": [{"name": "tempest-secgroup-smoke-351580407"}], "OS-SRV-USG:terminated_at": null, "OS-EXT-AZ:availability_zone": "nova", "user_id": "e47c5d9b602c4e868323dedac90b7461", "name": "tempest.common.compute-instance-8521955", "created": "2015-12-16T16:03:50Z", "tenant_id": "c20e0b326b3845f7826503182e16691c", "OS-DCF:diskConfig": "MANUAL", "os-extended-volumes:volumes_attached": [], "accessIPv4": "", "accessIPv6": "", "progress": 0, "OS-EXT-STS:power_state": 1, "config_drive": "True", "metadata": {}}}
2015-12-16 16:03:54,667 24217 INFO     [tempest.common.waiters] State transition "BUILD/spawning" ==&gt; "ACTIVE/None" after 4 second wait
2015-12-16 16:03:54,849 24217 INFO     [tempest_lib.common.rest_client] Request (TestNetworkBasicOps:test_connectivity_between_vms_on_different_networks): 200 GET http://10.0.2.15:8774/v2.1/c20e0b326b3845f7826503182e16691c/servers/6d7bb79b-5b86-4126-8452-977f41936973 0.182s
2015-12-16 16:03:54,850 24217 DEBUG    [tempest_lib.common.rest_client] Request - Headers: {'Content-Type': 'application/json', 'Accept': 'application/json', 'X-Auth-Token': '&lt;omitted&gt;'}
        Body: None
    Response - Headers: {'status': '200', 'content-length': '1648', 'content-location': 'http://10.0.2.15:8774/v2.1/c20e0b326b3845f7826503182e16691c/servers/6d7bb79b-5b86-4126-8452-977f41936973', 'x-compute-request-id': 'req-0bee7bba-0a1e-47ce-97ec-f9b1b37fa472', 'vary': 'X-OpenStack-Nova-API-Version', 'connection': 'close', 'x-openstack-nova-api-version': '2.1', 'date': 'Wed, 16 Dec 2015 16:03:54 GMT', 'content-type': 'application/json'}
        Body: {"server": {"status": "ACTIVE", "updated": "2015-12-16T16:03:54Z", "hostId": "2fadbb846848a5f6e998739514901859aaee95f37e1a87ecf1f6de9d", "addresses": {"tempest-network-smoke--675459402": [{"OS-EXT-IPS-MAC:mac_addr": "fa:16:3e:c9:fb:bf", "version": 4, "addr": "10.100.0.3", "OS-EXT-IPS:type": "fixed"}]}, "links": [{"href": "http://10.0.2.15:8774/v2.1/c20e0b326b3845f7826503182e16691c/servers/6d7bb79b-5b86-4126-8452-977f41936973", "rel": "self"}, {"href": "http://10.0.2.15:8774/c20e0b326b3845f7826503182e16691c/servers/6d7bb79b-5b86-4126-8452-977f41936973", "rel": "bookmark"}], "key_name": "tempest-TestNetworkBasicOps-392679726", "image": {"id": "4194ee91-5296-4f03-8465-9e32562fd301", "links": [{"href": "http://10.0.2.15:8774/c20e0b326b3845f7826503182e16691c/images/4194ee91-5296-4f03-8465-9e32562fd301", "rel": "bookmark"}]}, "OS-EXT-STS:task_state": null, "OS-EXT-STS:vm_state": "active", "OS-SRV-USG:launched_at": "2015-12-16T16:03:54.000000", "flavor": {"id": "42", "links": [{"href": "http://10.0.2.15:8774/c20e0b326b3845f7826503182e16691c/flavors/42", "rel": "bookmark"}]}, "id": "6d7bb79b-5b86-4126-8452-977f41936973", "security_groups": [{"name": "tempest-secgroup-smoke-351580407"}], "OS-SRV-USG:terminated_at": null, "OS-EXT-AZ:availability_zone": "nova", "user_id": "e47c5d9b602c4e868323dedac90b7461", "name": "tempest.common.compute-instance-8521955", "created": "2015-12-16T16:03:50Z", "tenant_id": "c20e0b326b3845f7826503182e16691c", "OS-DCF:diskConfig": "MANUAL", "os-extended-volumes:volumes_attached": [], "accessIPv4": "", "accessIPv6": "", "progress": 0, "OS-EXT-STS:power_state": 1, "config_drive": "True", "metadata": {}}}
2015-12-16 16:03:54,858 24217 INFO     [tempest.scenario.manager] Tenant networks not configured to be reachable.
2015-12-16 16:03:54,888 24217 INFO     [tempest_lib.common.rest_client] Request (TestNetworkBasicOps:test_connectivity_between_vms_on_different_networks): 200 GET http://10.0.2.15:9696/v2.0/ports?status=ACTIVE&amp;fixed_ip=None&amp;device_id=6d7bb79b-5b86-4126-8452-977f41936973 0.029s
2015-12-16 16:03:54,888 24217 DEBUG    [tempest_lib.common.rest_client] Request - Headers: {'Content-Type': 'application/json', 'Accept': 'application/json', 'X-Auth-Token': '&lt;omitted&gt;'}
        Body: None
    Response - Headers: {'status': '200', 'content-length': '895', 'content-location': 'http://10.0.2.15:9696/v2.0/ports?status=ACTIVE&amp;fixed_ip=None&amp;device_id=6d7bb79b-5b86-4126-8452-977f41936973', 'connection': 'close', 'date': 'Wed, 16 Dec 2015 16:03:54 GMT', 'content-type': 'application/json; charset=UTF-8', 'x-openstack-request-id': 'req-e3797f6c-66f7-4b0f-a4ee-709f4dd68721'}
        Body: {"ports": [{"status": "ACTIVE", "binding:host_id": "vagrant-ubuntu-trusty-64", "allowed_address_pairs": [], "extra_dhcp_opts": [], "dns_assignment": [{"hostname": "host-10-100-0-3", "ip_address": "10.100.0.3", "fqdn": "host-10-100-0-3.openstacklocal."}], "device_owner": "compute:None", "port_security_enabled": true, "binding:profile": {}, "fixed_ips": [{"subnet_id": "34d84cb4-4204-4261-9977-f75eb200536e", "ip_address": "10.100.0.3"}], "id": "b0fc1b7b-b95a-477b-83a2-ef50d5ce10df", "security_groups": ["d23da5fb-c545-483a-8fc5-612c54081d24"], "device_id": "6d7bb79b-5b86-4126-8452-977f41936973", "name": "", "admin_state_up": true, "network_id": "174a8156-d613-4913-80c2-46ce2cfa4192", "dns_name": "", "binding:vif_details": {"port_filter": true}, "binding:vnic_type": "normal", "binding:vif_type": "ovs", "tenant_id": "c20e0b326b3845f7826503182e16691c", "mac_address": "fa:16:3e:c9:fb:bf"}]}
2015-12-16 16:03:55,285 24217 INFO     [tempest_lib.common.rest_client] Request (TestNetworkBasicOps:test_connectivity_between_vms_on_different_networks): 201 POST http://10.0.2.15:9696/v2.0/floatingips 0.397s
2015-12-16 16:03:55,286 24217 DEBUG    [tempest_lib.common.rest_client] Request - Headers: {'Content-Type': 'application/json', 'Accept': 'application/json', 'X-Auth-Token': '&lt;omitted&gt;'}
        Body: {"floatingip": {"floating_network_id": "c537ac10-ec01-4960-b1a1-ebfcef9bd3fa", "tenant_id": "c20e0b326b3845f7826503182e16691c", "fixed_ip_address": "10.100.0.3", "port_id": "b0fc1b7b-b95a-477b-83a2-ef50d5ce10df"}}
    Response - Headers: {'status': '201', 'content-length': '367', 'connection': 'close', 'date': 'Wed, 16 Dec 2015 16:03:55 GMT', 'content-type': 'application/json; charset=UTF-8', 'x-openstack-request-id': 'req-9c5a5b7d-7082-42d3-96fb-9b20ea42f464'}
        Body: {"floatingip": {"floating_network_id": "c537ac10-ec01-4960-b1a1-ebfcef9bd3fa", "router_id": "4cadb017-12bb-43c8-819d-dd7030e62d04", "fixed_ip_address": "10.100.0.3", "floating_ip_address": "172.24.4.4", "tenant_id": "c20e0b326b3845f7826503182e16691c", "status": "DOWN", "port_id": "b0fc1b7b-b95a-477b-83a2-ef50d5ce10df", "id": "ef96ff1a-7d8e-469f-ac34-f39d3ffc4631"}}
2015-12-16 16:03:55,304 24217 INFO     [tempest_lib.common.rest_client] Request (TestNetworkBasicOps:test_connectivity_between_vms_on_different_networks): 200 GET http://10.0.2.15:9696/v2.0/floatingips/ef96ff1a-7d8e-469f-ac34-f39d3ffc4631 0.017s
2015-12-16 16:03:55,304 24217 DEBUG    [tempest_lib.common.rest_client] Request - Headers: {'Content-Type': 'application/json', 'Accept': 'application/json', 'X-Auth-Token': '&lt;omitted&gt;'}
        Body: None
    Response - Headers: {'status': '200', 'content-length': '367', 'content-location': 'http://10.0.2.15:9696/v2.0/floatingips/ef96ff1a-7d8e-469f-ac34-f39d3ffc4631', 'connection': 'close', 'date': 'Wed, 16 Dec 2015 16:03:55 GMT', 'content-type': 'application/json; charset=UTF-8', 'x-openstack-request-id': 'req-c867d6ce-b9b8-4d0f-828e-788d01954792'}
        Body: {"floatingip": {"floating_network_id": "c537ac10-ec01-4960-b1a1-ebfcef9bd3fa", "router_id": "4cadb017-12bb-43c8-819d-dd7030e62d04", "fixed_ip_address": "10.100.0.3", "floating_ip_address": "172.24.4.4", "tenant_id": "c20e0b326b3845f7826503182e16691c", "status": "DOWN", "port_id": "b0fc1b7b-b95a-477b-83a2-ef50d5ce10df", "id": "ef96ff1a-7d8e-469f-ac34-f39d3ffc4631"}}
2015-12-16 16:03:56,318 24217 INFO     [tempest_lib.common.rest_client] Request (TestNetworkBasicOps:test_connectivity_between_vms_on_different_networks): 200 GET http://10.0.2.15:9696/v2.0/floatingips/ef96ff1a-7d8e-469f-ac34-f39d3ffc4631 0.012s
2015-12-16 16:03:56,318 24217 DEBUG    [tempest_lib.common.rest_client] Request - Headers: {'Content-Type': 'application/json', 'Accept': 'application/json', 'X-Auth-Token': '&lt;omitted&gt;'}
        Body: None
    Response - Headers: {'status': '200', 'content-length': '369', 'content-location': 'http://10.0.2.15:9696/v2.0/floatingips/ef96ff1a-7d8e-469f-ac34-f39d3ffc4631', 'connection': 'close', 'date': 'Wed, 16 Dec 2015 16:03:56 GMT', 'content-type': 'application/json; charset=UTF-8', 'x-openstack-request-id': 'req-1ffd942f-cf35-4b94-9df1-ff6360dfef3e'}
        Body: {"floatingip": {"floating_network_id": "c537ac10-ec01-4960-b1a1-ebfcef9bd3fa", "router_id": "4cadb017-12bb-43c8-819d-dd7030e62d04", "fixed_ip_address": "10.100.0.3", "floating_ip_address": "172.24.4.4", "tenant_id": "c20e0b326b3845f7826503182e16691c", "status": "ACTIVE", "port_id": "b0fc1b7b-b95a-477b-83a2-ef50d5ce10df", "id": "ef96ff1a-7d8e-469f-ac34-f39d3ffc4631"}}
2015-12-16 16:03:56,319 24217 INFO     [tempest.scenario.manager] FloatingIP: &lt;"FloatingIP" addr="172.24.4.4" id="ef96ff1a-7d8e-469f-ac34-f39d3ffc4631"&gt; is at status: ACTIVE
2015-12-16 16:03:56,319 24217 DEBUG    [tempest.scenario.manager] checking network connections to IP 172.24.4.4 with user: cirros
2015-12-16 16:03:56,319 24217 DEBUG    [tempest.scenario.manager] TestNetworkBasicOps:test_connectivity_between_vms_on_different_networks begins to ping 172.24.4.4 in 120 sec and the expected result is reachable
2015-12-16 16:05:56,657 24217 DEBUG    [tempest.scenario.manager] TestNetworkBasicOps:test_connectivity_between_vms_on_different_networks finishes ping 172.24.4.4 in 120 sec and the ping result is unexpected
2015-12-16 16:05:56,659 24217 ERROR    [tempest.scenario.manager] Public network connectivity check failed
2015-12-16 16:05:56.659 24217 ERROR tempest.scenario.manager Traceback (most recent call last):
2015-12-16 16:05:56.659 24217 ERROR tempest.scenario.manager   File "tempest/scenario/manager.py", line 608, in check_public_network_connectivity
2015-12-16 16:05:56.659 24217 ERROR tempest.scenario.manager     should_connect=should_connect)
2015-12-16 16:05:56.659 24217 ERROR tempest.scenario.manager   File "tempest/scenario/manager.py", line 592, in check_vm_connectivity
2015-12-16 16:05:56.659 24217 ERROR tempest.scenario.manager     msg=msg)
2015-12-16 16:05:56.659 24217 ERROR tempest.scenario.manager   File "/usr/local/lib/python2.7/dist-packages/unittest2/case.py", line 702, in assertTrue
2015-12-16 16:05:56.659 24217 ERROR tempest.scenario.manager     raise self.failureException(msg)
2015-12-16 16:05:56.659 24217 ERROR tempest.scenario.manager AssertionError: False is not true : Timed out waiting for 172.24.4.4 to become reachable
2015-12-16 16:05:56.659 24217 ERROR tempest.scenario.manager 
2015-12-16 16:05:56,889 24217 INFO     [tempest_lib.common.rest_client] Request (TestNetworkBasicOps:test_connectivity_between_vms_on_different_networks): 200 POST http://10.0.2.15:8774/v2.1/c20e0b326b3845f7826503182e16691c/servers/6d7bb79b-5b86-4126-8452-977f41936973/action 0.225s
2015-12-16 16:05:56,890 24217 DEBUG    [tempest_lib.common.rest_client] Request - Headers: {'Content-Type': 'application/json', 'Accept': 'application/json', 'X-Auth-Token': '&lt;omitted&gt;'}
        Body: {"os-getConsoleOutput": {}}
    Response - Headers: {'status': '200', 'content-length': '17428', 'x-compute-request-id': 'req-61189c8f-d90c-449b-8baa-01a965aa46ee', 'vary': 'X-OpenStack-Nova-API-Version', 'connection': 'close', 'x-openstack-nova-api-version': '2.1', 'date': 'Wed, 16 Dec 2015 16:05:56 GMT', 'content-type': 'application/json'}
        Body: {"output": "[    0.000000] Initializing cgroup subsys cpuset\n[    0.000000] Initializing cgroup subsys cpu\n[    0.000000] Linux version 3.2.0-80-virtual (buildd@batsu) (gcc version 4.6.3 (Ubuntu/Linaro 4.6.3-1ubuntu5) ) #116-Ubuntu SMP Mon Mar 23 17:28:52 UTC 2015 (Ubuntu 3.2.0-80.116-virtual 3.2.68)\n[    0.000000] Command line: root=/dev/vda console=tty0 console=ttyS0 no_timer_check\n[    0.000000] KERNEL supported cpus:\n[    0.000000]   Intel GenuineIntel\n[    0.000000]   AMD AuthenticAMD\n[    0.000000]   Centaur CentaurHauls\n[    0.000000] BIOS-provided physical RAM map:\n[    0.000000]  BIOS-e820: 0000000000000000 - 000000000009fc00 (usable)\n[    0.000000]  BIOS-e820: 000000000009fc00 - 00000000000a0000 (reserved)\n[    0.000000]  BIOS-e820: 00000000000f0000 - 0000000000100000 (reserved)\n[    0.000000]  BIOS-e820: 0000000000100000 - 0000000003ffe000 (usable)\n[    0.000000]  BIOS-e820: 0000000003ffe000 - 0000000004000000 (reserved)\n[    0.000000]  BIOS-e820: 00000000fffc0000 - 0000000100000000 (reserved)\n[    0.000000] NX (Execute Disable) protection: active\n[    0.000000] SMBIOS 2.4 present.\n[    0.000000] No AGP bridge found\n[    0.000000] last_pfn = 0x3ffe max_arch_pfn = 0x400000000\n[    0.000000] x86 PAT enabled: cpu 0, old 0x7040600070406, new 0x7010600070106\n[    0.000000] found SMP MP-table at [ffff8800000f0b00] f0b00\n[    0.000000] init_memory_mapping: 0000000000000000-0000000003ffe000\n[    0.000000] RAMDISK: 03c5e000 - 03ff0000\n[    0.000000] ACPI: RSDP 00000000000f0950 00014 (v00 BOCHS )\n[    0.000000] ACPI: RSDT 0000000003fffbc1 00034 (v01 BOCHS  BXPCRSDT 00000001 BXPC 00000001)\n[    0.000000] ACPI: FACP 0000000003fff1c0 00074 (v01 BOCHS  BXPCFACP 00000001 BXPC 00000001)\n[    0.000000] ACPI: DSDT 0000000003ffe040 01180 (v01 BOCHS  BXPCDSDT 00000001 BXPC 00000001)\n[    0.000000] ACPI: FACS 0000000003ffe000 00040\n[    0.000000] ACPI: SSDT 0000000003fff234 008DD (v01 BOCHS  BXPCSSDT 00000001 BXPC 00000001)\n[    0.000000] ACPI: APIC 0000000003fffb11 00078 (v01 BOCHS  BXPCAPIC 00000001 BXPC 00000001)\n[    0.000000] ACPI: HPET 0000000003fffb89 00038 (v01 BOCHS  BXPCHPET 00000001 BXPC 00000001)\n[    0.000000] No NUMA configuration found\n[    0.000000] Faking a node at 0000000000000000-0000000003ffe000\n[    0.000000] Initmem setup node 0 0000000000000000-0000000003ffe000\n[    0.000000]   NODE_DATA [0000000003ff6000 - 0000000003ffafff]\n[    0.000000] Zone PFN ranges:\n[    0.000000]   DMA      0x00000010 -&gt; 0x00001000\n[    0.000000]   DMA32    0x00001000 -&gt; 0x00100000\n[    0.000000]   Normal   empty\n[    0.000000] Movable zone start PFN for each node\n[    0.000000] early_node_map[2] active PFN ranges\n[    0.000000]     0: 0x00000010 -&gt; 0x0000009f\n[    0.000000]     0: 0x00000100 -&gt; 0x00003ffe\n[    0.000000] ACPI: PM-Timer IO Port: 0xb008\n[    0.000000] ACPI: LAPIC (acpi_id[0x00] lapic_id[0x00] enabled)\n[    0.000000] ACPI: LAPIC_NMI (acpi_id[0xff] dfl dfl lint[0x1])\n[    0.000000] ACPI: IOAPIC (id[0x00] address[0xfec00000] gsi_base[0])\n[    0.000000] IOAPIC[0]: apic_id 0, version 17, address 0xfec00000, GSI 0-23\n[    0.000000] ACPI: INT_SRC_OVR (bus 0 bus_irq 0 global_irq 2 dfl dfl)\n[    0.000000] ACPI: INT_SRC_OVR (bus 0 bus_irq 5 global_irq 5 high level)\n[    0.000000] ACPI: INT_SRC_OVR (bus 0 bus_irq 9 global_irq 9 high level)\n[    0.000000] ACPI: INT_SRC_OVR (bus 0 bus_irq 10 global_irq 10 high level)\n[    0.000000] ACPI: INT_SRC_OVR (bus 0 bus_irq 11 global_irq 11 high level)\n[    0.000000] Using ACPI (MADT) for SMP configuration information\n[    0.000000] ACPI: HPET id: 0x8086a201 base: 0xfed00000\n[    0.000000] SMP: Allowing 1 CPUs, 0 hotplug CPUs\n[    0.000000] PM: Registered nosave memory: 000000000009f000 - 00000000000a0000\n[    0.000000] PM: Registered nosave memory: 00000000000a0000 - 00000000000f0000\n[    0.000000] PM: Registered nosave memory: 00000000000f0000 - 0000000000100000\n[    0.000000] Allocating PCI resources starting at 4000000 (gap: 4000000:fbfc0000)\n[    0.000000] Booting paravirtualized kernel on bare hardware\n[    0.000000] setup_pe
2015-12-16 16:05:56,895 24217 DEBUG    [tempest.scenario.manager] Console output for 6d7bb79b-5b86-4126-8452-977f41936973
body=
[    0.000000] Initializing cgroup subsys cpuset
[    0.000000] Initializing cgroup subsys cpu
[    0.000000] Linux version 3.2.0-80-virtual (buildd@batsu) (gcc version 4.6.3 (Ubuntu/Linaro 4.6.3-1ubuntu5) ) #116-Ubuntu SMP Mon Mar 23 17:28:52 UTC 2015 (Ubuntu 3.2.0-80.116-virtual 3.2.68)
[    0.000000] Command line: root=/dev/vda console=tty0 console=ttyS0 no_timer_check
[    0.000000] KERNEL supported cpus:
[    0.000000]   Intel GenuineIntel
[    0.000000]   AMD AuthenticAMD
[    0.000000]   Centaur CentaurHauls
[    0.000000] BIOS-provided physical RAM map:
[    0.000000]  BIOS-e820: 0000000000000000 - 000000000009fc00 (usable)
[    0.000000]  BIOS-e820: 000000000009fc00 - 00000000000a0000 (reserved)
[    0.000000]  BIOS-e820: 00000000000f0000 - 0000000000100000 (reserved)
[    0.000000]  BIOS-e820: 0000000000100000 - 0000000003ffe000 (usable)
[    0.000000]  BIOS-e820: 0000000003ffe000 - 0000000004000000 (reserved)
[    0.000000]  BIOS-e820: 00000000fffc0000 - 0000000100000000 (reserved)
[    0.000000] NX (Execute Disable) protection: active
[    0.000000] SMBIOS 2.4 present.
[    0.000000] No AGP bridge found
[    0.000000] last_pfn = 0x3ffe max_arch_pfn = 0x400000000
[    0.000000] x86 PAT enabled: cpu 0, old 0x7040600070406, new 0x7010600070106
[    0.000000] found SMP MP-table at [ffff8800000f0b00] f0b00
[    0.000000] init_memory_mapping: 0000000000000000-0000000003ffe000
[    0.000000] RAMDISK: 03c5e000 - 03ff0000
[    0.000000] ACPI: RSDP 00000000000f0950 00014 (v00 BOCHS )
[    0.000000] ACPI: RSDT 0000000003fffbc1 00034 (v01 BOCHS  BXPCRSDT 00000001 BXPC 00000001)
[    0.000000] ACPI: FACP 0000000003fff1c0 00074 (v01 BOCHS  BXPCFACP 00000001 BXPC 00000001)
[    0.000000] ACPI: DSDT 0000000003ffe040 01180 (v01 BOCHS  BXPCDSDT 00000001 BXPC 00000001)
[    0.000000] ACPI: FACS 0000000003ffe000 00040
[    0.000000] ACPI: SSDT 0000000003fff234 008DD (v01 BOCHS  BXPCSSDT 00000001 BXPC 00000001)
[    0.000000] ACPI: APIC 0000000003fffb11 00078 (v01 BOCHS  BXPCAPIC 00000001 BXPC 00000001)
[    0.000000] ACPI: HPET 0000000003fffb89 00038 (v01 BOCHS  BXPCHPET 00000001 BXPC 00000001)
[    0.000000] No NUMA configuration found
[    0.000000] Faking a node at 0000000000000000-0000000003ffe000
[    0.000000] Initmem setup node 0 0000000000000000-0000000003ffe000
[    0.000000]   NODE_DATA [0000000003ff6000 - 0000000003ffafff]
[    0.000000] Zone PFN ranges:
[    0.000000]   DMA      0x00000010 -&gt; 0x00001000
[    0.000000]   DMA32    0x00001000 -&gt; 0x00100000
[    0.000000]   Normal   empty
[    0.000000] Movable zone start PFN for each node
[    0.000000] early_node_map[2] active PFN ranges
[    0.000000]     0: 0x00000010 -&gt; 0x0000009f
[    0.000000]     0: 0x00000100 -&gt; 0x00003ffe
[    0.000000] ACPI: PM-Timer IO Port: 0xb008
[    0.000000] ACPI: LAPIC (acpi_id[0x00] lapic_id[0x00] enabled)
[    0.000000] ACPI: LAPIC_NMI (acpi_id[0xff] dfl dfl lint[0x1])
[    0.000000] ACPI: IOAPIC (id[0x00] address[0xfec00000] gsi_base[0])
[    0.000000] IOAPIC[0]: apic_id 0, version 17, address 0xfec00000, GSI 0-23
[    0.000000] ACPI: INT_SRC_OVR (bus 0 bus_irq 0 global_irq 2 dfl dfl)
[    0.000000] ACPI: INT_SRC_OVR (bus 0 bus_irq 5 global_irq 5 high level)
[    0.000000] ACPI: INT_SRC_OVR (bus 0 bus_irq 9 global_irq 9 high level)
[    0.000000] ACPI: INT_SRC_OVR (bus 0 bus_irq 10 global_irq 10 high level)
[    0.000000] ACPI: INT_SRC_OVR (bus 0 bus_irq 11 global_irq 11 high level)
[    0.000000] Using ACPI (MADT) for SMP configuration information
[    0.000000] ACPI: HPET id: 0x8086a201 base: 0xfed00000
[    0.000000] SMP: Allowing 1 CPUs, 0 hotplug CPUs
[    0.000000] PM: Registered nosave memory: 000000000009f000 - 00000000000a0000
[    0.000000] PM: Registered nosave memory: 00000000000a0000 - 00000000000f0000
[    0.000000] PM: Registered nosave memory: 00000000000f0000 - 0000000000100000
[    0.000000] Allocating PCI resources starting at 4000000 (gap: 4000000:fbfc0000)
[    0.000000] Booting paravirtualized kernel on bare hardware
[    0.000000] setup_percpu: NR_CPUS:64 nr_cpumask_bits:64 nr_cpu_ids:1 nr_node_ids:1
[    0.000000] PERCPU: Embedded 27 pages/cpu @ffff880003a00000 s78848 r8192 d23552 u2097152
[    0.000000] Built 1 zonelists in Node order, mobility grouping on.  Total pages: 16008
[    0.000000] Policy zone: DMA32
[    0.000000] Kernel command line: root=/dev/vda console=tty0 console=ttyS0 no_timer_check
[    0.000000] PID hash table entries: 256 (order: -1, 2048 bytes)
[    0.000000] Checking aperture...
[    0.000000] No AGP bridge found
[    0.000000] Memory: 43492k/65528k available (6576k kernel code, 452k absent, 21584k reserved, 6620k data, 928k init)
[    0.000000] SLUB: Genslabs=15, HWalign=64, Order=0-3, MinObjects=0, CPUs=1, Nodes=1
[    0.000000] Hierarchical RCU implementation.
[    0.000000] 	RCU dyntick-idle grace-period acceleration is enabled.
[    0.000000] NR_IRQS:4352 nr_irqs:256 16
[    0.000000] Console: colour VGA+ 80x25
[    0.000000] console [tty0] enabled
[    0.000000] console [ttyS0] enabled
[    0.000000] allocated 1048576 bytes of page_cgroup
[    0.000000] please try 'cgroup_disable=memory' option if you don't want memory cgroups
[    0.000000] Fast TSC calibration failed
[    0.000000] TSC: Unable to calibrate against PIT
[    0.000000] TSC: using HPET reference calibration
[    0.000000] Detected 2294.272 MHz processor.
[    0.032841] Calibrating delay loop (skipped), value calculated using timer frequency.. 4588.54 BogoMIPS (lpj=9177088)
[    0.037102] pid_max: default: 32768 minimum: 301
[    0.045969] Security Framework initialized
[    0.050064] AppArmor: AppArmor initialized
[    0.050673] Yama: becoming mindful.
[    0.058345] Dentry cache hash table entries: 8192 (order: 4, 65536 bytes)
[    0.060520] Inode-cache hash table entries: 4096 (order: 3, 32768 bytes)
[    0.064105] Mount-cache hash table entries: 256
[    0.080496] Initializing cgroup subsys cpuacct
[    0.081512] Initializing cgroup subsys memory
[    0.082890] Initializing cgroup subsys devices
[    0.084191] Initializing cgroup subsys freezer
[    0.084870] Initializing cgroup subsys blkio
[    0.085897] Initializing cgroup subsys perf_event
[    0.090367] mce: CPU supports 10 MCE banks
[    0.094319] SMP alternatives: switching to UP code
[    0.477727] Freeing SMP alternatives: 24k freed
[    0.480029] ACPI: Core revision 20110623
[    0.528460] ftrace: allocating 26610 entries in 105 pages
[    0.564034] ..TIMER: vector=0x30 apic1=0 pin1=2 apic2=-1 pin2=-1
[    0.564325] CPU0: AMD QEMU Virtual CPU version 2.0.0 stepping 03
[    0.568034] Performance Events: Broken PMU hardware detected, using software events only.
[    0.585293] NMI watchdog disabled (cpu0): hardware events not enabled
[    0.588214] Brought up 1 CPUs
[    0.588748] Total of 1 processors activated (4588.54 BogoMIPS).
[    0.615003] devtmpfs: initialized
[    0.646882] EVM: security.selinux
[    0.647266] EVM: security.SMACK64
[    0.648081] EVM: security.capability
[    0.671392] print_constraints: dummy: 
[    0.673674] RTC time: 16:03:57, date: 12/16/15
[    0.677052] NET: Registered protocol family 16
[    0.684927] ACPI: bus type pci registered
[    0.689293] PCI: Using configuration type 1 for base access
[    0.721348] bio: create slab &lt;bio-0&gt; at 0
[    0.726584] ACPI: Added _OSI(Module Device)
[    0.727201] ACPI: Added _OSI(Processor Device)
[    0.728100] ACPI: Added _OSI(3.0 _SCP Extensions)
[    0.728742] ACPI: Added _OSI(Processor Aggregator Device)
[    0.804944] ACPI: Interpreter enabled
[    0.805582] ACPI: (supports S0 S3 S4 S5)
[    0.808218] ACPI: Using IOAPIC for interrupt routing
[    0.892243] ACPI: No dock devices found.
[    0.892879] HEST: Table not found.
[    0.893506] PCI: Using host bridge windows from ACPI; if necessary, use "pci=nocrs" and report a bug
[    0.900400] ACPI: PCI Root Bridge [PCI0] (domain 0000 [bus 00-ff])
[    0.906108] pci_root PNP0A03:00: host bridge window [io  0x0000-0x0cf7]
[    0.907017] pci_root PNP0A03:00: host bridge window [io  0x0d00-0xadff]
[    0.908124] pci_root PNP0A03:00: host bridge window [io  0xae0f-0xaeff]
[    0.909036] pci_root PNP0A03:00: host bridge window [io  0xaf20-0xafdf]
[    0.912175] pci_root PNP0A03:00: host bridge window [io  0xafe4-0xffff]
[    0.914106] pci_root PNP0A03:00: host bridge window [mem 0x000a0000-0x000bffff]
[    0.916166] pci_root PNP0A03:00: host bridge window [mem 0x04000000-0xfebfffff]
[    0.940526] pci 0000:00:01.3: quirk: [io  0xb000-0xb03f] claimed by PIIX4 ACPI
[    0.941580] pci 0000:00:01.3: quirk: [io  0xb100-0xb10f] claimed by PIIX4 SMB
[    1.013999]  pci0000:00: Unable to request _OSC control (_OSC support mask: 0x1e)
[    1.074453] ACPI: PCI Interrupt Link [LNKA] (IRQs 5 *10 11)
[    1.077898] ACPI: PCI Interrupt Link [LNKB] (IRQs 5 *10 11)
[    1.081084] ACPI: PCI Interrupt Link [LNKC] (IRQs 5 10 *11)
[    1.082657] ACPI: PCI Interrupt Link [LNKD] (IRQs 5 10 *11)
[    1.084535] ACPI: PCI Interrupt Link [LNKS] (IRQs *9)
[    1.091215] vgaarb: device added: PCI:0000:00:02.0,decodes=io+mem,owns=io+mem,locks=none
[    1.092191] vgaarb: loaded
[    1.092651] vgaarb: bridge control possible 0000:00:02.0
[    1.097020] i2c-core: driver [aat2870] using legacy suspend method
[    1.097830] i2c-core: driver [aat2870] using legacy resume method
[    1.101021] SCSI subsystem initialized
[    1.104779] usbcore: registered new interface driver usbfs
[    1.105930] usbcore: registered new interface driver hub
[    1.107096] usbcore: registered new device driver usb
[    1.110663] PCI: Using ACPI for IRQ routing
[    1.121390] NetLabel: Initializing
[    1.121874] NetLabel:  domain hash size = 128
[    1.122371] NetLabel:  protocols = UNLABELED CIPSOv4
[    1.124615] NetLabel:  unlabeled traffic allowed by default
[    1.127051] HPET: 3 timers in total, 0 timers will be used for per-cpu timer
[    1.128435] hpet0: at MMIO 0xfed00000, IRQs 2, 8, 0
[    1.129299] hpet0: 3 comparators, 64-bit 100.000000 MHz counter
[    1.141908] Switching to clocksource hpet
[    1.406600] AppArmor: AppArmor Filesystem Enabled
[    1.408083] pnp: PnP ACPI init
[    1.409505] ACPI: bus type pnp registered
[    1.430013] pnp: PnP ACPI: found 9 devices
[    1.430649] ACPI: ACPI bus type pnp unregistered
[    1.485846] NET: Registered protocol family 2
[    1.517688] IP route cache hash table entries: 512 (order: 0, 4096 bytes)
[    1.524967] TCP established hash table entries: 2048 (order: 3, 32768 bytes)
[    1.526316] TCP bind hash table entries: 2048 (order: 3, 32768 bytes)
[    1.527359] TCP: Hash tables configured (established 2048 bind 2048)
[    1.528094] TCP reno registered
[    1.529352] UDP hash table entries: 128 (order: 0, 4096 bytes)
[    1.530312] UDP-Lite hash table entries: 128 (order: 0, 4096 bytes)
[    1.533449] NET: Registered protocol family 1
[    1.534170] pci 0000:00:00.0: Limiting direct PCI/PCI transfers
[    1.535074] pci 0000:00:01.0: PIIX3: Enabling Passive Release
[    1.535975] pci 0000:00:01.0: Activating ISA DMA hang workarounds
[    1.541166] ACPI: PCI Interrupt Link [LNKD] enabled at IRQ 11
[    1.542090] pci 0000:00:01.2: PCI INT D -&gt; Link[LNKD] -&gt; GSI 11 (level, high) -&gt; IRQ 11
[    1.543892] pci 0000:00:01.2: PCI INT D disabled
[    1.561339] Trying to unpack rootfs image as initramfs...
[    1.576079] audit: initializing netlink socket (disabled)
[    1.578877] type=2000 audit(1450281837.576:1): initialized
[    1.867705] HugeTLB registered 2 MB page size, pre-allocated 0 pages
[    1.914925] VFS: Disk quotas dquot_6.5.2
[    1.916452] Dquot-cache hash table entries: 512 (order 0, 4096 bytes)
[    1.951579] fuse init (API version 7.17)
[    1.954890] msgmni has been set to 84
[    1.990917] Block layer SCSI generic (bsg) driver version 0.4 loaded (major 253)
[    1.993524] io scheduler noop registered
[    1.994059] io scheduler deadline registered (default)
[    1.995239] io scheduler cfq registered
[    1.998663] pci_hotplug: PCI Hot Plug PCI Core version: 0.5
[    2.001253] pciehp: PCI Express Hot Plug Controller Driver version: 0.4
[    2.007252] input: Power Button as /devices/LNXSYSTM:00/LNXPWRBN:00/input/input0
[    2.009772] ACPI: Power Button [PWRF]
[    2.066232] ERST: Table is not found!
[    2.066894] GHES: HEST is not enabled!
[    2.070023] ACPI: PCI Interrupt Link [LNKC] enabled at IRQ 10
[    2.071072] virtio-pci 0000:00:03.0: PCI INT A -&gt; Link[LNKC] -&gt; GSI 10 (level, high) -&gt; IRQ 10
[    2.075035] virtio-pci 0000:00:04.0: PCI INT A -&gt; Link[LNKD] -&gt; GSI 11 (level, high) -&gt; IRQ 11
[    2.095602] ACPI: PCI Interrupt Link [LNKA] enabled at IRQ 10
[    2.096631] virtio-pci 0000:00:05.0: PCI INT A -&gt; Link[LNKA] -&gt; GSI 10 (level, high) -&gt; IRQ 10
[    2.101813] Serial: 8250/16550 driver, 32 ports, IRQ sharing enabled
[    2.145288] serial8250: ttyS0 at I/O 0x3f8 (irq = 4) is a 16550A
[    2.233422] serial8250: ttyS1 at I/O 0x2f8 (irq = 3) is a 16550A
[    2.364472] 00:05: ttyS0 at I/O 0x3f8 (irq = 4) is a 16550A
[    2.450599] 00:06: ttyS1 at I/O 0x2f8 (irq = 3) is a 16550A
[    2.503969] Linux agpgart interface v0.103
[    2.549949] Refined TSC clocksource calibration: 2294.390 MHz.
[    2.551788] Switching to clocksource tsc
[    2.578486] brd: module loaded
[    2.618032] loop: module loaded
[    2.690675]  vda: unknown partition table
[    2.741749] scsi0 : ata_piix
[    2.743898] scsi1 : ata_piix
[    2.745475] ata1: PATA max MWDMA2 cmd 0x1f0 ctl 0x3f6 bmdma 0xc0a0 irq 14
[    2.747175] ata2: PATA max MWDMA2 cmd 0x170 ctl 0x376 bmdma 0xc0a8 irq 15
[    2.757765] Fixed MDIO Bus: probed
[    2.758335] tun: Universal TUN/TAP device driver, 1.6
[    2.759524] tun: (C) 1999-2004 Max Krasnyansky &lt;maxk@qualcomm.com&gt;
[    2.779845] PPP generic driver version 2.4.2
[    2.798106] ehci_hcd: USB 2.0 'Enhanced' Host Controller (EHCI) Driver
[    2.799305] ohci_hcd: USB 1.1 'Open' Host Controller (OHCI) Driver
[    2.800071] uhci_hcd: USB Universal Host Controller Interface driver
[    2.801911] uhci_hcd 0000:00:01.2: PCI INT D -&gt; Link[LNKD] -&gt; GSI 11 (level, high) -&gt; IRQ 11
[    2.805717] uhci_hcd 0000:00:01.2: UHCI Host Controller
[    2.817900] uhci_hcd 0000:00:01.2: new USB bus registered, assigned bus number 1
[    2.819655] uhci_hcd 0000:00:01.2: irq 11, io base 0x0000c040
[    2.865387] hub 1-0:1.0: USB hub found
[    2.867681] hub 1-0:1.0: 2 ports detected
[    2.878430] usbcore: registered new interface driver libusual
[    2.882604] i8042: PNP: PS/2 Controller [PNP0303:KBD,PNP0f13:MOU] at 0x60,0x64 irq 1,12
[    2.891923] serio: i8042 KBD port at 0x60,0x64 irq 1
[    2.894526] serio: i8042 AUX port at 0x60,0x64 irq 12
[    2.932357] mousedev: PS/2 mouse device common for all mice
[    2.942002] input: AT Translated Set 2 keyboard as /devices/platform/i8042/serio0/input/input1
[    2.972039] rtc_cmos 00:01: RTC can wake from S4
[    3.000087] ata2.01: ATAPI: QEMU DVD-ROM, 2.0.0, max UDMA/100
[    3.013904] rtc_cmos 00:01: rtc core: registered rtc_cmos as rtc0
[    3.017058] rtc0: alarms up to one day, 114 bytes nvram, hpet irqs
[    3.020963] device-mapper: uevent: version 1.0.3
[    3.037323] ata2.01: configured for MWDMA2
[    3.075528] device-mapper: ioctl: 4.22.0-ioctl (2011-10-19) initialised: dm-devel@redhat.com
[    3.079770] cpuidle: using governor ladder
[    3.080865] cpuidle: using governor menu
[    3.082107] EFI Variables Facility v0.08 2004-May-17
[    3.095871] TCP cubic registered
[    3.102392] NET: Registered protocol family 10
[    3.133223] NET: Registered protocol family 17
[    3.133735] Registering the dns_resolver key type
[    3.156308] scsi 1:0:1:0: CD-ROM            QEMU     QEMU DVD-ROM     2.0. PQ: 0 ANSI: 5
[    3.176557] sr0: scsi3-mmc drive: 4x/4x cd/rw xa/form2 tray
[    3.178247] cdrom: Uniform CD-ROM driver Revision: 3.20
[    3.205544] sr 1:0:1:0: Attached scsi generic sg0 type 5
[    3.251516] registered taskstats version 1
[    3.291422] Freeing initrd memory: 3656k freed
[    3.815796]   Magic number: 11:449:85
[    3.824488] rtc_cmos 00:01: setting system clock to 2015-12-16 16:04:00 UTC (1450281840)
[    3.826647] powernow-k8: Processor cpuid 663 not supported
[    3.832618] BIOS EDD facility v0.16 2004-Jun-25, 0 devices found
[    3.833411] EDD information not available.
[    3.895058] Freeing unused kernel memory: 928k freed
[    3.898679] Write protecting the kernel read-only data: 12288k
[    3.982508] Freeing unused kernel memory: 1596k freed
[    4.048236] Freeing unused kernel memory: 1184k freed

info: initramfs: up at 4.22
modprobe: module virtio_blk not found in modules.dep
modprobe: module virtio_net not found in modules.dep
info: copying initramfs to /dev/vda
info: initramfs loading root from /dev/vda
info: /etc/init.d/rc.sysinit: up at 8.87
info: container: none
Starting logging: OK
modprobe: module virtio_blk not found in modules.dep
modprobe: module virtio_net not found in modules.dep
WARN: /etc/rc3.d/S10-load-modules failed
Initializing random number generator... done.
Starting acpid: OK
cirros-ds 'local' up at 11.44
found datasource (configdrive, local)
Starting network...
udhcpc (v1.20.1) started
Sending discover...
Sending discover...

2015-12-16 16:05:57,196 24217 INFO     [tempest_lib.common.rest_client] Request (TestNetworkBasicOps:_run_cleanups): 204 DELETE http://10.0.2.15:9696/v2.0/floatingips/ef96ff1a-7d8e-469f-ac34-f39d3ffc4631 0.295s
2015-12-16 16:05:57,196 24217 DEBUG    [tempest_lib.common.rest_client] Request - Headers: {'Content-Type': 'application/json', 'Accept': 'application/json', 'X-Auth-Token': '&lt;omitted&gt;'}
        Body: None
    Response - Headers: {'date': 'Wed, 16 Dec 2015 16:05:57 GMT', 'status': '204', 'connection': 'close', 'content-length': '0', 'x-openstack-request-id': 'req-52a1e934-7372-42b1-a013-f1be1a37dee9'}
        Body: 
2015-12-16 16:05:57,547 24217 INFO     [tempest_lib.common.rest_client] Request (TestNetworkBasicOps:_run_cleanups): 204 DELETE http://10.0.2.15:8774/v2.1/c20e0b326b3845f7826503182e16691c/servers/6d7bb79b-5b86-4126-8452-977f41936973 0.350s
2015-12-16 16:05:57,547 24217 DEBUG    [tempest_lib.common.rest_client] Request - Headers: {'Content-Type': 'application/json', 'Accept': 'application/json', 'X-Auth-Token': '&lt;omitted&gt;'}
        Body: None
    Response - Headers: {'status': '204', 'content-length': '0', 'x-compute-request-id': 'req-f9eeff1b-8286-45da-a320-5239f1e73f10', 'vary': 'X-OpenStack-Nova-API-Version', 'connection': 'close', 'x-openstack-nova-api-version': '2.1', 'date': 'Wed, 16 Dec 2015 16:05:57 GMT', 'content-type': 'application/json'}
        Body: 
2015-12-16 16:05:57,746 24217 INFO     [tempest_lib.common.rest_client] Request (TestNetworkBasicOps:_run_cleanups): 200 GET http://10.0.2.15:8774/v2.1/c20e0b326b3845f7826503182e16691c/servers/6d7bb79b-5b86-4126-8452-977f41936973 0.197s
2015-12-16 16:05:57,747 24217 DEBUG    [tempest_lib.common.rest_client] Request - Headers: {'Content-Type': 'application/json', 'Accept': 'application/json', 'X-Auth-Token': '&lt;omitted&gt;'}
        Body: None
    Response - Headers: {'status': '200', 'content-length': '1771', 'content-location': 'http://10.0.2.15:8774/v2.1/c20e0b326b3845f7826503182e16691c/servers/6d7bb79b-5b86-4126-8452-977f41936973', 'x-compute-request-id': 'req-46aa86c3-a1e7-4095-804c-65e257467788', 'vary': 'X-OpenStack-Nova-API-Version', 'connection': 'close', 'x-openstack-nova-api-version': '2.1', 'date': 'Wed, 16 Dec 2015 16:05:57 GMT', 'content-type': 'application/json'}
        Body: {"server": {"status": "ACTIVE", "updated": "2015-12-16T16:05:57Z", "hostId": "2fadbb846848a5f6e998739514901859aaee95f37e1a87ecf1f6de9d", "addresses": {"tempest-network-smoke--675459402": [{"OS-EXT-IPS-MAC:mac_addr": "fa:16:3e:c9:fb:bf", "version": 4, "addr": "10.100.0.3", "OS-EXT-IPS:type": "fixed"}, {"OS-EXT-IPS-MAC:mac_addr": "fa:16:3e:c9:fb:bf", "version": 4, "addr": "172.24.4.4", "OS-EXT-IPS:type": "floating"}]}, "links": [{"href": "http://10.0.2.15:8774/v2.1/c20e0b326b3845f7826503182e16691c/servers/6d7bb79b-5b86-4126-8452-977f41936973", "rel": "self"}, {"href": "http://10.0.2.15:8774/c20e0b326b3845f7826503182e16691c/servers/6d7bb79b-5b86-4126-8452-977f41936973", "rel": "bookmark"}], "key_name": "tempest-TestNetworkBasicOps-392679726", "image": {"id": "4194ee91-5296-4f03-8465-9e32562fd301", "links": [{"href": "http://10.0.2.15:8774/c20e0b326b3845f7826503182e16691c/images/4194ee91-5296-4f03-8465-9e32562fd301", "rel": "bookmark"}]}, "OS-EXT-STS:task_state": "deleting", "OS-EXT-STS:vm_state": "active", "OS-SRV-USG:launched_at": "2015-12-16T16:03:54.000000", "flavor": {"id": "42", "links": [{"href": "http://10.0.2.15:8774/c20e0b326b3845f7826503182e16691c/flavors/42", "rel": "bookmark"}]}, "id": "6d7bb79b-5b86-4126-8452-977f41936973", "security_groups": [{"name": "tempest-secgroup-smoke-351580407"}], "OS-SRV-USG:terminated_at": null, "OS-EXT-AZ:availability_zone": "nova", "user_id": "e47c5d9b602c4e868323dedac90b7461", "name": "tempest.common.compute-instance-8521955", "created": "2015-12-16T16:03:50Z", "tenant_id": "c20e0b326b3845f7826503182e16691c", "OS-DCF:diskConfig": "MANUAL", "os-extended-volumes:volumes_attached": [], "accessIPv4": "", "accessIPv6": "", "progress": 0, "OS-EXT-STS:power_state": 1, "config_drive": "True", "metadata": {}}}
2015-12-16 16:05:58,910 24217 INFO     [tempest_lib.common.rest_client] Request (TestNetworkBasicOps:_run_cleanups): 200 GET http://10.0.2.15:8774/v2.1/c20e0b326b3845f7826503182e16691c/servers/6d7bb79b-5b86-4126-8452-977f41936973 0.149s
2015-12-16 16:05:58,910 24217 DEBUG    [tempest_lib.common.rest_client] Request - Headers: {'Content-Type': 'application/json', 'Accept': 'application/json', 'X-Auth-Token': '&lt;omitted&gt;'}
        Body: None
    Response - Headers: {'status': '200', 'content-length': '1437', 'content-location': 'http://10.0.2.15:8774/v2.1/c20e0b326b3845f7826503182e16691c/servers/6d7bb79b-5b86-4126-8452-977f41936973', 'x-compute-request-id': 'req-c866c0ef-942c-4776-9cc8-2b24fb29b555', 'vary': 'X-OpenStack-Nova-API-Version', 'connection': 'close', 'x-openstack-nova-api-version': '2.1', 'date': 'Wed, 16 Dec 2015 16:05:58 GMT', 'content-type': 'application/json'}
        Body: {"server": {"status": "ACTIVE", "updated": "2015-12-16T16:05:58Z", "hostId": "2fadbb846848a5f6e998739514901859aaee95f37e1a87ecf1f6de9d", "addresses": {}, "links": [{"href": "http://10.0.2.15:8774/v2.1/c20e0b326b3845f7826503182e16691c/servers/6d7bb79b-5b86-4126-8452-977f41936973", "rel": "self"}, {"href": "http://10.0.2.15:8774/c20e0b326b3845f7826503182e16691c/servers/6d7bb79b-5b86-4126-8452-977f41936973", "rel": "bookmark"}], "key_name": "tempest-TestNetworkBasicOps-392679726", "image": {"id": "4194ee91-5296-4f03-8465-9e32562fd301", "links": [{"href": "http://10.0.2.15:8774/c20e0b326b3845f7826503182e16691c/images/4194ee91-5296-4f03-8465-9e32562fd301", "rel": "bookmark"}]}, "OS-EXT-STS:task_state": "deleting", "OS-EXT-STS:vm_state": "active", "OS-SRV-USG:launched_at": "2015-12-16T16:03:54.000000", "flavor": {"id": "42", "links": [{"href": "http://10.0.2.15:8774/c20e0b326b3845f7826503182e16691c/flavors/42", "rel": "bookmark"}]}, "id": "6d7bb79b-5b86-4126-8452-977f41936973", "OS-SRV-USG:terminated_at": null, "OS-EXT-AZ:availability_zone": "nova", "user_id": "e47c5d9b602c4e868323dedac90b7461", "name": "tempest.common.compute-instance-8521955", "created": "2015-12-16T16:03:50Z", "tenant_id": "c20e0b326b3845f7826503182e16691c", "OS-DCF:diskConfig": "MANUAL", "os-extended-volumes:volumes_attached": [], "accessIPv4": "", "accessIPv6": "", "progress": 0, "OS-EXT-STS:power_state": 1, "config_drive": "True", "metadata": {}}}
2015-12-16 16:06:00,000 24217 INFO     [tempest_lib.common.rest_client] Request (TestNetworkBasicOps:_run_cleanups): 404 GET http://10.0.2.15:8774/v2.1/c20e0b326b3845f7826503182e16691c/servers/6d7bb79b-5b86-4126-8452-977f41936973 0.076s
2015-12-16 16:06:00,000 24217 DEBUG    [tempest_lib.common.rest_client] Request - Headers: {'Content-Type': 'application/json', 'Accept': 'application/json', 'X-Auth-Token': '&lt;omitted&gt;'}
        Body: None
    Response - Headers: {'status': '404', 'content-length': '111', 'x-compute-request-id': 'req-98be946f-81bf-42de-a01f-7c9b20b77e2b', 'vary': 'X-OpenStack-Nova-API-Version', 'connection': 'close', 'x-openstack-nova-api-version': '2.1', 'date': 'Wed, 16 Dec 2015 16:05:59 GMT', 'content-type': 'application/json; charset=UTF-8'}
        Body: {"itemNotFound": {"message": "Instance 6d7bb79b-5b86-4126-8452-977f41936973 could not be found.", "code": 404}}
2015-12-16 16:06:00,023 24217 INFO     [tempest_lib.common.rest_client] Request (TestNetworkBasicOps:_run_cleanups): 202 DELETE http://10.0.2.15:8774/v2.1/c20e0b326b3845f7826503182e16691c/os-keypairs/tempest-TestNetworkBasicOps-392679726 0.022s
2015-12-16 16:06:00,023 24217 DEBUG    [tempest_lib.common.rest_client] Request - Headers: {'Content-Type': 'application/json', 'Accept': 'application/json', 'X-Auth-Token': '&lt;omitted&gt;'}
        Body: None
    Response - Headers: {'status': '202', 'content-length': '0', 'x-compute-request-id': 'req-6c4279d3-99d3-42f7-b4e5-3d16bfbd14c1', 'vary': 'X-OpenStack-Nova-API-Version', 'connection': 'close', 'x-openstack-nova-api-version': '2.1', 'date': 'Wed, 16 Dec 2015 16:06:00 GMT', 'content-type': 'application/json'}
        Body: 
2015-12-16 16:06:00,381 24217 INFO     [tempest_lib.common.rest_client] Request (TestNetworkBasicOps:_run_cleanups): 200 PUT http://10.0.2.15:9696/v2.0/routers/4cadb017-12bb-43c8-819d-dd7030e62d04/remove_router_interface 0.357s
2015-12-16 16:06:00,382 24217 DEBUG    [tempest_lib.common.rest_client] Request - Headers: {'Content-Type': 'application/json', 'Accept': 'application/json', 'X-Auth-Token': '&lt;omitted&gt;'}
        Body: {"subnet_id": "34d84cb4-4204-4261-9977-f75eb200536e"}
    Response - Headers: {'status': '200', 'content-length': '255', 'connection': 'close', 'date': 'Wed, 16 Dec 2015 16:06:00 GMT', 'content-type': 'application/json; charset=UTF-8', 'x-openstack-request-id': 'req-3e5c0794-b383-45ee-b56b-c243f6f964c6'}
        Body: {"subnet_id": "34d84cb4-4204-4261-9977-f75eb200536e", "tenant_id": "c20e0b326b3845f7826503182e16691c", "subnet_ids": ["34d84cb4-4204-4261-9977-f75eb200536e"], "port_id": "36f84c9a-7469-46cf-a406-ded48b5f9152", "id": "4cadb017-12bb-43c8-819d-dd7030e62d04"}
2015-12-16 16:06:00,765 24217 INFO     [tempest_lib.common.rest_client] Request (TestNetworkBasicOps:_run_cleanups): 204 DELETE http://10.0.2.15:9696/v2.0/subnets/34d84cb4-4204-4261-9977-f75eb200536e 0.382s
2015-12-16 16:06:00,766 24217 DEBUG    [tempest_lib.common.rest_client] Request - Headers: {'Content-Type': 'application/json', 'Accept': 'application/json', 'X-Auth-Token': '&lt;omitted&gt;'}
        Body: None
    Response - Headers: {'date': 'Wed, 16 Dec 2015 16:06:00 GMT', 'status': '204', 'connection': 'close', 'content-length': '0', 'x-openstack-request-id': 'req-fbca2528-1bec-416b-b118-5e28decb6cbf'}
        Body: 
2015-12-16 16:06:00,810 24217 INFO     [tempest_lib.common.rest_client] Request (TestNetworkBasicOps:_run_cleanups): 200 GET http://10.0.2.15:9696/v2.0/routers/4cadb017-12bb-43c8-819d-dd7030e62d04 0.044s
2015-12-16 16:06:00,811 24217 DEBUG    [tempest_lib.common.rest_client] Request - Headers: {'Content-Type': 'application/json', 'Accept': 'application/json', 'X-Auth-Token': '&lt;omitted&gt;'}
        Body: None
    Response - Headers: {'status': '200', 'content-length': '501', 'content-location': 'http://10.0.2.15:9696/v2.0/routers/4cadb017-12bb-43c8-819d-dd7030e62d04', 'connection': 'close', 'date': 'Wed, 16 Dec 2015 16:06:00 GMT', 'content-type': 'application/json; charset=UTF-8', 'x-openstack-request-id': 'req-42a5c413-6575-4df4-b885-c2b53bd2c5d7'}
        Body: {"router": {"status": "ACTIVE", "external_gateway_info": {"network_id": "c537ac10-ec01-4960-b1a1-ebfcef9bd3fa", "enable_snat": true, "external_fixed_ips": [{"subnet_id": "96bbe5b2-423f-4c5e-8075-674e5ec9b1b4", "ip_address": "172.24.4.3"}, {"subnet_id": "c08a0268-1c34-43c6-91ec-ec0aa3ff5a1c", "ip_address": "2001:db8::4"}]}, "name": "tempest-router-smoke-1761874139", "admin_state_up": true, "tenant_id": "c20e0b326b3845f7826503182e16691c", "routes": [], "id": "4cadb017-12bb-43c8-819d-dd7030e62d04"}}
2015-12-16 16:06:01,137 24217 INFO     [tempest_lib.common.rest_client] Request (TestNetworkBasicOps:_run_cleanups): 200 PUT http://10.0.2.15:9696/v2.0/routers/4cadb017-12bb-43c8-819d-dd7030e62d04 0.325s
2015-12-16 16:06:01,138 24217 DEBUG    [tempest_lib.common.rest_client] Request - Headers: {'Content-Type': 'application/json', 'Accept': 'application/json', 'X-Auth-Token': '&lt;omitted&gt;'}
        Body: {"router": {"external_gateway_info": {}, "name": "tempest-router-smoke-1761874139", "admin_state_up": true}}
    Response - Headers: {'status': '200', 'content-length': '239', 'connection': 'close', 'date': 'Wed, 16 Dec 2015 16:06:01 GMT', 'content-type': 'application/json; charset=UTF-8', 'x-openstack-request-id': 'req-8289e3ae-54c2-4e4e-9f99-83c1f2d88cc4'}
        Body: {"router": {"status": "ACTIVE", "external_gateway_info": null, "name": "tempest-router-smoke-1761874139", "admin_state_up": true, "tenant_id": "c20e0b326b3845f7826503182e16691c", "routes": [], "id": "4cadb017-12bb-43c8-819d-dd7030e62d04"}}
2015-12-16 16:06:01,348 24217 INFO     [tempest_lib.common.rest_client] Request (TestNetworkBasicOps:_run_cleanups): 204 DELETE http://10.0.2.15:9696/v2.0/routers/4cadb017-12bb-43c8-819d-dd7030e62d04 0.209s
2015-12-16 16:06:01,348 24217 DEBUG    [tempest_lib.common.rest_client] Request - Headers: {'Content-Type': 'application/json', 'Accept': 'application/json', 'X-Auth-Token': '&lt;omitted&gt;'}
        Body: None
    Response - Headers: {'date': 'Wed, 16 Dec 2015 16:06:01 GMT', 'status': '204', 'connection': 'close', 'content-length': '0', 'x-openstack-request-id': 'req-dce1342d-a16c-4509-8306-5239a839b1a4'}
        Body: 
2015-12-16 16:06:01,523 24217 INFO     [tempest_lib.common.rest_client] Request (TestNetworkBasicOps:_run_cleanups): 204 DELETE http://10.0.2.15:9696/v2.0/networks/174a8156-d613-4913-80c2-46ce2cfa4192 0.174s
2015-12-16 16:06:01,524 24217 DEBUG    [tempest_lib.common.rest_client] Request - Headers: {'Content-Type': 'application/json', 'Accept': 'application/json', 'X-Auth-Token': '&lt;omitted&gt;'}
        Body: None
    Response - Headers: {'date': 'Wed, 16 Dec 2015 16:06:01 GMT', 'status': '204', 'connection': 'close', 'content-length': '0', 'x-openstack-request-id': 'req-e5f86e1b-4c26-49fd-a839-a8760ce3cf31'}
        Body: 
2015-12-16 16:06:01,582 24217 INFO     [tempest_lib.common.rest_client] Request (TestNetworkBasicOps:_run_cleanups): 204 DELETE http://10.0.2.15:9696/v2.0/security-group-rules/778e1569-7057-4873-aa38-2c8b280e65f1 0.055s
2015-12-16 16:06:01,583 24217 DEBUG    [tempest_lib.common.rest_client] Request - Headers: {'Content-Type': 'application/json', 'Accept': 'application/json', 'X-Auth-Token': '&lt;omitted&gt;'}
        Body: None
    Response - Headers: {'date': 'Wed, 16 Dec 2015 16:06:01 GMT', 'status': '204', 'connection': 'close', 'content-length': '0', 'x-openstack-request-id': 'req-70b7c4fc-3b09-4e8e-b54f-61f400f3a30e'}
        Body: 
2015-12-16 16:06:01,649 24217 INFO     [tempest_lib.common.rest_client] Request (TestNetworkBasicOps:_run_cleanups): 204 DELETE http://10.0.2.15:9696/v2.0/security-group-rules/f1b8667b-0ac7-4bfb-a70c-1a8dd45c562d 0.065s
2015-12-16 16:06:01,650 24217 DEBUG    [tempest_lib.common.rest_client] Request - Headers: {'Content-Type': 'application/json', 'Accept': 'application/json', 'X-Auth-Token': '&lt;omitted&gt;'}
        Body: None
    Response - Headers: {'date': 'Wed, 16 Dec 2015 16:06:01 GMT', 'status': '204', 'connection': 'close', 'content-length': '0', 'x-openstack-request-id': 'req-a4055dd8-bfe2-4471-8915-ded33252e415'}
        Body: 
2015-12-16 16:06:01,709 24217 INFO     [tempest_lib.common.rest_client] Request (TestNetworkBasicOps:_run_cleanups): 204 DELETE http://10.0.2.15:9696/v2.0/security-group-rules/c7487b67-47ee-4c8a-916c-8023e5d8748d 0.057s
2015-12-16 16:06:01,709 24217 DEBUG    [tempest_lib.common.rest_client] Request - Headers: {'Content-Type': 'application/json', 'Accept': 'application/json', 'X-Auth-Token': '&lt;omitted&gt;'}
        Body: None
    Response - Headers: {'date': 'Wed, 16 Dec 2015 16:06:01 GMT', 'status': '204', 'connection': 'close', 'content-length': '0', 'x-openstack-request-id': 'req-1cc28f76-0faf-4866-89ea-6b33bcd4573d'}
        Body: 
2015-12-16 16:06:01,775 24217 INFO     [tempest_lib.common.rest_client] Request (TestNetworkBasicOps:_run_cleanups): 204 DELETE http://10.0.2.15:9696/v2.0/security-group-rules/7433f9a3-825a-4ef7-91b1-854e19eaf4e6 0.065s
2015-12-16 16:06:01,775 24217 DEBUG    [tempest_lib.common.rest_client] Request - Headers: {'Content-Type': 'application/json', 'Accept': 'application/json', 'X-Auth-Token': '&lt;omitted&gt;'}
        Body: None
    Response - Headers: {'date': 'Wed, 16 Dec 2015 16:06:01 GMT', 'status': '204', 'connection': 'close', 'content-length': '0', 'x-openstack-request-id': 'req-62380c9a-ac71-4fa1-9770-c3781e287763'}
        Body: 
2015-12-16 16:06:01,836 24217 INFO     [tempest_lib.common.rest_client] Request (TestNetworkBasicOps:_run_cleanups): 204 DELETE http://10.0.2.15:9696/v2.0/security-group-rules/f0967937-db65-407b-b0eb-17538ae07e8b 0.060s
2015-12-16 16:06:01,837 24217 DEBUG    [tempest_lib.common.rest_client] Request - Headers: {'Content-Type': 'application/json', 'Accept': 'application/json', 'X-Auth-Token': '&lt;omitted&gt;'}
        Body: None
    Response - Headers: {'date': 'Wed, 16 Dec 2015 16:06:01 GMT', 'status': '204', 'connection': 'close', 'content-length': '0', 'x-openstack-request-id': 'req-5cc63c5e-dcca-49ab-8e09-48641e80b444'}
        Body: 
2015-12-16 16:06:01,892 24217 INFO     [tempest_lib.common.rest_client] Request (TestNetworkBasicOps:_run_cleanups): 204 DELETE http://10.0.2.15:9696/v2.0/security-group-rules/1e7ae8c0-0678-4f73-8aa1-45cf32de903b 0.054s
2015-12-16 16:06:01,892 24217 DEBUG    [tempest_lib.common.rest_client] Request - Headers: {'Content-Type': 'application/json', 'Accept': 'application/json', 'X-Auth-Token': '&lt;omitted&gt;'}
        Body: None
