<?xml version="1.0" encoding="UTF-8"?>
<!DOCTYPE html PUBLIC "-//W3C//DTD XHTML 1.0 Strict//EN"
     "http://www.w3.org/TR/xhtml1/DTD/xhtml1-strict.dtd">
<html xmlns="http://www.w3.org/1999/xhtml">
<head>
    <title>Unit Test Report</title>
    <meta name="generator" content="subunit2html 0.1"/>
    <meta http-equiv="Content-Type" content="text/html; charset=UTF-8"/>
    
<style type="text/css" media="screen">
body        { font-family: verdana, arial, helvetica, sans-serif;
    font-size: 80%; }
table       { font-size: 100%; width: 100%;}
pre         { font-size: 80%; }

/* -- heading -------------------------------------------------------------- */
h1 {
        font-size: 16pt;
        color: gray;
}
.heading {
    margin-top: 0ex;
    margin-bottom: 1ex;
}

.heading .attribute {
    margin-top: 1ex;
    margin-bottom: 0;
}

.heading .description {
    margin-top: 4ex;
    margin-bottom: 6ex;
}

/* -- css div popup -------------------------------------------------------- */
a.popup_link {
}

a.popup_link:hover {
    color: red;
}

.popup_window {
    display: none;
    overflow-x: scroll;
    /*border: solid #627173 1px; */
    padding: 10px;
    background-color: #E6E6D6;
    font-family: "Ubuntu Mono", "Lucida Console", "Courier New", monospace;
    text-align: left;
    font-size: 8pt;
}

}
/* -- report --------------------------------------------------------------- */
#show_detail_line {
    margin-top: 3ex;
    margin-bottom: 1ex;
}
#result_table {
    width: 100%;
    border-collapse: collapse;
    border: 1px solid #777;
}
#header_row {
    font-weight: bold;
    color: white;
    background-color: #777;
}
#result_table td {
    border: 1px solid #777;
    padding: 2px;
}
#total_row  { font-weight: bold; }
.passClass  { background-color: #6c6; }
.failClass  { background-color: #c60; }
.errorClass { background-color: #c00; }
.passCase   { color: #6c6; }
.failCase   { color: #c60; font-weight: bold; }
.errorCase  { color: #c00; font-weight: bold; }
.hiddenRow  { display: none; }
.testcase   { margin-left: 2em; }
td.testname {width: 40%}
td.small {width: 40px}

/* -- ending --------------------------------------------------------------- */
#ending {
}

</style>

</head>
<body>
<script language="javascript" type="text/javascript"><!--
output_list = Array();

/* level - 0:Summary; 1:Failed; 2:All */
function showCase(level) {
    trs = document.getElementsByTagName("tr");
    for (var i = 0; i < trs.length; i++) {
        tr = trs[i];
        id = tr.id;
        if (id.substr(0,2) == 'ft') {
            if (level < 1) {
                tr.className = 'hiddenRow';
            }
            else {
                tr.className = '';
            }
        }
        if (id.substr(0,2) == 'pt') {
            if (level > 1) {
                tr.className = '';
            }
            else {
                tr.className = 'hiddenRow';
            }
        }
    }
}


function showClassDetail(cid, count) {
    var id_list = Array(count);
    var toHide = 1;
    for (var i = 0; i < count; i++) {
        tid0 = 't' + cid.substr(1) + '.' + (i+1);
        tid = 'f' + tid0;
        tr = document.getElementById(tid);
        if (!tr) {
            tid = 'p' + tid0;
            tr = document.getElementById(tid);
        }
        id_list[i] = tid;
        if (tr.className) {
            toHide = 0;
        }
    }
    for (var i = 0; i < count; i++) {
        tid = id_list[i];
        if (toHide) {
            document.getElementById('div_'+tid).style.display = 'none'
            document.getElementById(tid).className = 'hiddenRow';
        }
        else {
            document.getElementById(tid).className = '';
        }
    }
}


function showTestDetail(div_id){
    var details_div = document.getElementById(div_id)
    var displayState = details_div.style.display
    // alert(displayState)
    if (displayState != 'block' ) {
        displayState = 'block'
        details_div.style.display = 'block'
    }
    else {
        details_div.style.display = 'none'
    }
}


function html_escape(s) {
    s = s.replace(/&/g,'&amp;');
    s = s.replace(/</g,'&lt;');
    s = s.replace(/>/g,'&gt;');
    return s;
}

/* obsoleted by detail in <div>
function showOutput(id, name) {
    var w = window.open("", //url
                    name,
                    "resizable,scrollbars,status,width=800,height=450");
    d = w.document;
    d.write("<pre>");
    d.write(html_escape(output_list[id]));
    d.write("\n");
    d.write("<a href='javascript:window.close()'>close</a>\n");
    d.write("</pre>\n");
    d.close();
}
*/
--></script>

<div class='heading'>
<h1>Unit Test Report</h1>

<p class='attribute'><strong>Status:</strong> Pass 8 Failure 1</p>

<p class='description'></p>
</div>



<p id='show_detail_line'>Show
<a href='javascript:showCase(0)'>Summary</a>
<a href='javascript:showCase(1)'>Failed</a>
<a href='javascript:showCase(2)'>All</a>
</p>
<table id='result_table'>
<colgroup>
<col align='left' />
<col align='right' />
<col align='right' />
<col align='right' />
<col align='right' />
<col align='right' />
<col align='right' />
<col align='right' />
</colgroup>
<tr id='header_row'>
    <td>Test Group/Test case</td>
    <td>Count</td>
    <td>Pass</td>
    <td>Fail</td>
    <td>Error</td>
    <td>Skip</td>
    <td>View</td>
    <td> </td>
</tr>

<tr class='failClass'>
    <td class="testname">tempest.scenario.test_network_basic_ops.TestNetworkBasicOps</td>
    <td class="small">9</td>
    <td class="small">8</td>
    <td class="small">1</td>
    <td class="small">0</td>
    <td class="small">0</td>
    <td class="small"><a href="javascript:showClassDetail('c1',9)"
>Detail</a></td>
    <td> </td>
</tr>

<tr id='pt1.1' class='hiddenRow'>
    <td class='none'><div class='testcase'>test_connectivity_between_vms_on_different_networks[compute,id-1546850e-fbaa-42f5-8b5f-03d8a6a95f15,network]</div></td>
    <td colspan='7' align='left'>

    <!--css div popup start-->
    <a class="popup_link" onfocus='this.blur();'
    href="javascript:showTestDetail('div_pt1.1')" >
        pass</a>

    <div id='div_pt1.1' class="popup_window">
        <div style='text-align: right; color:red;cursor:pointer'>
        <a onfocus='this.blur();'
onclick="document.getElementById('div_pt1.1').style.display = 'none' " >
           [x]</a>
        </div>
        <pre>
        
pt1.1: tempest.scenario.test_network_basic_ops.TestNetworkBasicOps.test_connectivity_between_vms_on_different_networks[compute,id-1546850e-fbaa-42f5-8b5f-03d8a6a95f15,network]

        </pre>
    </div>
    <!--css div popup end-->

    </td>
</tr>

<tr id='pt1.2' class='hiddenRow'>
    <td class='none'><div class='testcase'>test_hotplug_nic[compute,id-c5adff73-e961-41f1-b4a9-343614f18cfa,network]</div></td>
    <td colspan='7' align='left'>

    <!--css div popup start-->
    <a class="popup_link" onfocus='this.blur();'
    href="javascript:showTestDetail('div_pt1.2')" >
        pass</a>

    <div id='div_pt1.2' class="popup_window">
        <div style='text-align: right; color:red;cursor:pointer'>
        <a onfocus='this.blur();'
onclick="document.getElementById('div_pt1.2').style.display = 'none' " >
           [x]</a>
        </div>
        <pre>
        
pt1.2: tempest.scenario.test_network_basic_ops.TestNetworkBasicOps.test_hotplug_nic[compute,id-c5adff73-e961-41f1-b4a9-343614f18cfa,network]

        </pre>
    </div>
    <!--css div popup end-->

    </td>
</tr>

<tr id='pt1.3' class='hiddenRow'>
    <td class='none'><div class='testcase'>test_network_basic_ops[compute,id-f323b3ba-82f8-4db7-8ea6-6a895869ec49,network,smoke]</div></td>
    <td colspan='7' align='left'>

    <!--css div popup start-->
    <a class="popup_link" onfocus='this.blur();'
    href="javascript:showTestDetail('div_pt1.3')" >
        pass</a>

    <div id='div_pt1.3' class="popup_window">
        <div style='text-align: right; color:red;cursor:pointer'>
        <a onfocus='this.blur();'
onclick="document.getElementById('div_pt1.3').style.display = 'none' " >
           [x]</a>
        </div>
        <pre>
        
pt1.3: tempest.scenario.test_network_basic_ops.TestNetworkBasicOps.test_network_basic_ops[compute,id-f323b3ba-82f8-4db7-8ea6-6a895869ec49,network,smoke]

        </pre>
    </div>
    <!--css div popup end-->

    </td>
</tr>

<tr id='pt1.4' class='hiddenRow'>
    <td class='none'><div class='testcase'>test_port_security_macspoofing_port[compute,id-7c0bb1a2-d053-49a4-98f9-ca1a1d849f63,network]</div></td>
    <td colspan='7' align='left'>

    <!--css div popup start-->
    <a class="popup_link" onfocus='this.blur();'
    href="javascript:showTestDetail('div_pt1.4')" >
        pass</a>

    <div id='div_pt1.4' class="popup_window">
        <div style='text-align: right; color:red;cursor:pointer'>
        <a onfocus='this.blur();'
onclick="document.getElementById('div_pt1.4').style.display = 'none' " >
           [x]</a>
        </div>
        <pre>
        
pt1.4: tempest.scenario.test_network_basic_ops.TestNetworkBasicOps.test_port_security_macspoofing_port[compute,id-7c0bb1a2-d053-49a4-98f9-ca1a1d849f63,network]

        </pre>
    </div>
    <!--css div popup end-->

    </td>
</tr>

<tr id='pt1.5' class='hiddenRow'>
    <td class='none'><div class='testcase'>test_preserve_preexisting_port[compute,id-759462e1-8535-46b0-ab3a-33aa45c55aaa,network]</div></td>
    <td colspan='7' align='left'>

    <!--css div popup start-->
    <a class="popup_link" onfocus='this.blur();'
    href="javascript:showTestDetail('div_pt1.5')" >
        pass</a>

    <div id='div_pt1.5' class="popup_window">
        <div style='text-align: right; color:red;cursor:pointer'>
        <a onfocus='this.blur();'
onclick="document.getElementById('div_pt1.5').style.display = 'none' " >
           [x]</a>
        </div>
        <pre>
        
pt1.5: tempest.scenario.test_network_basic_ops.TestNetworkBasicOps.test_preserve_preexisting_port[compute,id-759462e1-8535-46b0-ab3a-33aa45c55aaa,network]

        </pre>
    </div>
    <!--css div popup end-->

    </td>
</tr>

<tr id='pt1.6' class='hiddenRow'>
    <td class='none'><div class='testcase'>test_router_rescheduling[compute,id-2e788c46-fb3f-4ac9-8f82-0561555bea73,network]</div></td>
    <td colspan='7' align='left'>

    <!--css div popup start-->
    <a class="popup_link" onfocus='this.blur();'
    href="javascript:showTestDetail('div_pt1.6')" >
        pass</a>

    <div id='div_pt1.6' class="popup_window">
        <div style='text-align: right; color:red;cursor:pointer'>
        <a onfocus='this.blur();'
onclick="document.getElementById('div_pt1.6').style.display = 'none' " >
           [x]</a>
        </div>
        <pre>
        
pt1.6: tempest.scenario.test_network_basic_ops.TestNetworkBasicOps.test_router_rescheduling[compute,id-2e788c46-fb3f-4ac9-8f82-0561555bea73,network]

        </pre>
    </div>
    <!--css div popup end-->

    </td>
</tr>

<tr id='pt1.7' class='hiddenRow'>
    <td class='none'><div class='testcase'>test_subnet_details[compute,id-d8bb918e-e2df-48b2-97cd-b73c95450980,network]</div></td>
    <td colspan='7' align='left'>

    <!--css div popup start-->
    <a class="popup_link" onfocus='this.blur();'
    href="javascript:showTestDetail('div_pt1.7')" >
        pass</a>

    <div id='div_pt1.7' class="popup_window">
        <div style='text-align: right; color:red;cursor:pointer'>
        <a onfocus='this.blur();'
onclick="document.getElementById('div_pt1.7').style.display = 'none' " >
           [x]</a>
        </div>
        <pre>
        
pt1.7: tempest.scenario.test_network_basic_ops.TestNetworkBasicOps.test_subnet_details[compute,id-d8bb918e-e2df-48b2-97cd-b73c95450980,network]

        </pre>
    </div>
    <!--css div popup end-->

    </td>
</tr>

<tr id='ft1.8' class='none'>
    <td class='failCase'><div class='testcase'>test_update_instance_port_admin_state[compute,id-f5dfcc22-45fd-409f-954c-5bd500d7890b,network]</div></td>
    <td colspan='7' align='left'>

    <!--css div popup start-->
    <a class="popup_link" onfocus='this.blur();'
    href="javascript:showTestDetail('div_ft1.8')" >
        fail</a>

    <div id='div_ft1.8' class="popup_window">
        <div style='text-align: right; color:red;cursor:pointer'>
        <a onfocus='this.blur();'
onclick="document.getElementById('div_ft1.8').style.display = 'none' " >
           [x]</a>
        </div>
        <pre>
        
ft1.8: tempest.scenario.test_network_basic_ops.TestNetworkBasicOps.test_update_instance_port_admin_state[compute,id-f5dfcc22-45fd-409f-954c-5bd500d7890b,network]_StringException: Empty attachments:
  stderr
  stdout

pythonlogging:'': {{{
2016-02-17 19:20:19,586 31709 INFO     [tempest_lib.common.rest_client] Request (TestNetworkBasicOps:test_update_instance_port_admin_state): 201 POST http://10.4.1.3:9696/v2.0/security-groups 0.101s
2016-02-17 19:20:19,587 31709 DEBUG    [tempest_lib.common.rest_client] Request - Headers: {'Content-Type': 'application/json', 'Accept': 'application/json', 'X-Auth-Token': '&lt;omitted&gt;'}
        Body: {"security_group": {"tenant_id": "e84fa07a63c7418096e58b8ea5c6aa4b", "description": "tempest-secgroup-smoke-1292695960 description", "name": "tempest-secgroup-smoke-1292695960"}}
    Response - Headers: {'status': '201', 'content-length': '888', 'connection': 'close', 'date': 'Wed, 17 Feb 2016 19:20:19 GMT', 'content-type': 'application/json; charset=UTF-8', 'x-openstack-request-id': 'req-76819983-e6ac-4792-aa62-2c9992ed8d61'}
        Body: {"security_group": {"tenant_id": "e84fa07a63c7418096e58b8ea5c6aa4b", "description": "tempest-secgroup-smoke-1292695960 description", "id": "e97f93da-9b08-4d7b-81ac-df741fc0afa5", "security_group_rules": [{"remote_group_id": null, "direction": "egress", "remote_ip_prefix": null, "protocol": null, "ethertype": "IPv4", "tenant_id": "e84fa07a63c7418096e58b8ea5c6aa4b", "port_range_max": null, "port_range_min": null, "id": "dedbb59f-9caf-4f9b-a669-e7b1671e730e", "security_group_id": "e97f93da-9b08-4d7b-81ac-df741fc0afa5"}, {"remote_group_id": null, "direction": "egress", "remote_ip_prefix": null, "protocol": null, "ethertype": "IPv6", "tenant_id": "e84fa07a63c7418096e58b8ea5c6aa4b", "port_range_max": null, "port_range_min": null, "id": "3f9367a7-7203-423e-8ebb-b070515b4cc4", "security_group_id": "e97f93da-9b08-4d7b-81ac-df741fc0afa5"}], "name": "tempest-secgroup-smoke-1292695960"}}
2016-02-17 19:20:19,686 31709 INFO     [tempest_lib.common.rest_client] Request (TestNetworkBasicOps:test_update_instance_port_admin_state): 201 POST http://10.4.1.3:9696/v2.0/security-group-rules 0.098s
2016-02-17 19:20:19,687 31709 DEBUG    [tempest_lib.common.rest_client] Request - Headers: {'Content-Type': 'application/json', 'Accept': 'application/json', 'X-Auth-Token': '&lt;omitted&gt;'}
        Body: {"security_group_rule": {"direction": "ingress", "protocol": "tcp", "tenant_id": "e84fa07a63c7418096e58b8ea5c6aa4b", "port_range_max": 22, "security_group_id": "e97f93da-9b08-4d7b-81ac-df741fc0afa5", "port_range_min": 22}}
    Response - Headers: {'status': '201', 'content-length': '340', 'connection': 'close', 'date': 'Wed, 17 Feb 2016 19:20:19 GMT', 'content-type': 'application/json; charset=UTF-8', 'x-openstack-request-id': 'req-81da55b1-71c4-4472-ac1c-d52066812de3'}
        Body: {"security_group_rule": {"remote_group_id": null, "direction": "ingress", "remote_ip_prefix": null, "protocol": "tcp", "ethertype": "IPv4", "tenant_id": "e84fa07a63c7418096e58b8ea5c6aa4b", "port_range_max": 22, "port_range_min": 22, "id": "65fb9d83-5fc3-46d0-b694-cda735cca0c1", "security_group_id": "e97f93da-9b08-4d7b-81ac-df741fc0afa5"}}
2016-02-17 19:20:19,800 31709 INFO     [tempest_lib.common.rest_client] Request (TestNetworkBasicOps:test_update_instance_port_admin_state): 201 POST http://10.4.1.3:9696/v2.0/security-group-rules 0.111s
2016-02-17 19:20:19,800 31709 DEBUG    [tempest_lib.common.rest_client] Request - Headers: {'Content-Type': 'application/json', 'Accept': 'application/json', 'X-Auth-Token': '&lt;omitted&gt;'}
        Body: {"security_group_rule": {"direction": "egress", "protocol": "tcp", "tenant_id": "e84fa07a63c7418096e58b8ea5c6aa4b", "port_range_max": 22, "security_group_id": "e97f93da-9b08-4d7b-81ac-df741fc0afa5", "port_range_min": 22}}
    Response - Headers: {'status': '201', 'content-length': '339', 'connection': 'close', 'date': 'Wed, 17 Feb 2016 19:20:19 GMT', 'content-type': 'application/json; charset=UTF-8', 'x-openstack-request-id': 'req-432d3c4c-210f-42a6-80d4-f2f054079bcc'}
        Body: {"security_group_rule": {"remote_group_id": null, "direction": "egress", "remote_ip_prefix": null, "protocol": "tcp", "ethertype": "IPv4", "tenant_id": "e84fa07a63c7418096e58b8ea5c6aa4b", "port_range_max": 22, "port_range_min": 22, "id": "60eb39dc-60a3-4059-8b00-0851895f8a9c", "security_group_id": "e97f93da-9b08-4d7b-81ac-df741fc0afa5"}}
2016-02-17 19:20:19,915 31709 INFO     [tempest_lib.common.rest_client] Request (TestNetworkBasicOps:test_update_instance_port_admin_state): 201 POST http://10.4.1.3:9696/v2.0/security-group-rules 0.113s
2016-02-17 19:20:19,916 31709 DEBUG    [tempest_lib.common.rest_client] Request - Headers: {'Content-Type': 'application/json', 'Accept': 'application/json', 'X-Auth-Token': '&lt;omitted&gt;'}
        Body: {"security_group_rule": {"tenant_id": "e84fa07a63c7418096e58b8ea5c6aa4b", "direction": "ingress", "protocol": "icmp", "security_group_id": "e97f93da-9b08-4d7b-81ac-df741fc0afa5"}}
    Response - Headers: {'status': '201', 'content-length': '345', 'connection': 'close', 'date': 'Wed, 17 Feb 2016 19:20:19 GMT', 'content-type': 'application/json; charset=UTF-8', 'x-openstack-request-id': 'req-7331e710-afb1-43ef-a3e9-c1e3c9f491f2'}
        Body: {"security_group_rule": {"remote_group_id": null, "direction": "ingress", "remote_ip_prefix": null, "protocol": "icmp", "ethertype": "IPv4", "tenant_id": "e84fa07a63c7418096e58b8ea5c6aa4b", "port_range_max": null, "port_range_min": null, "id": "94750b79-8452-4d4f-ba0e-bb716e6afea7", "security_group_id": "e97f93da-9b08-4d7b-81ac-df741fc0afa5"}}
2016-02-17 19:20:20,024 31709 INFO     [tempest_lib.common.rest_client] Request (TestNetworkBasicOps:test_update_instance_port_admin_state): 201 POST http://10.4.1.3:9696/v2.0/security-group-rules 0.106s
2016-02-17 19:20:20,025 31709 DEBUG    [tempest_lib.common.rest_client] Request - Headers: {'Content-Type': 'application/json', 'Accept': 'application/json', 'X-Auth-Token': '&lt;omitted&gt;'}
        Body: {"security_group_rule": {"tenant_id": "e84fa07a63c7418096e58b8ea5c6aa4b", "direction": "egress", "protocol": "icmp", "security_group_id": "e97f93da-9b08-4d7b-81ac-df741fc0afa5"}}
    Response - Headers: {'status': '201', 'content-length': '344', 'connection': 'close', 'date': 'Wed, 17 Feb 2016 19:20:20 GMT', 'content-type': 'application/json; charset=UTF-8', 'x-openstack-request-id': 'req-3652d350-751a-4cc8-9659-b484995eb575'}
        Body: {"security_group_rule": {"remote_group_id": null, "direction": "egress", "remote_ip_prefix": null, "protocol": "icmp", "ethertype": "IPv4", "tenant_id": "e84fa07a63c7418096e58b8ea5c6aa4b", "port_range_max": null, "port_range_min": null, "id": "696f7fba-6773-4bf3-a0d3-62bd4befa57b", "security_group_id": "e97f93da-9b08-4d7b-81ac-df741fc0afa5"}}
2016-02-17 19:20:20,134 31709 INFO     [tempest_lib.common.rest_client] Request (TestNetworkBasicOps:test_update_instance_port_admin_state): 201 POST http://10.4.1.3:9696/v2.0/security-group-rules 0.107s
2016-02-17 19:20:20,135 31709 DEBUG    [tempest_lib.common.rest_client] Request - Headers: {'Content-Type': 'application/json', 'Accept': 'application/json', 'X-Auth-Token': '&lt;omitted&gt;'}
        Body: {"security_group_rule": {"tenant_id": "e84fa07a63c7418096e58b8ea5c6aa4b", "direction": "ingress", "security_group_id": "e97f93da-9b08-4d7b-81ac-df741fc0afa5", "protocol": "icmp", "ethertype": "IPv6"}}
    Response - Headers: {'status': '201', 'content-length': '345', 'connection': 'close', 'date': 'Wed, 17 Feb 2016 19:20:20 GMT', 'content-type': 'application/json; charset=UTF-8', 'x-openstack-request-id': 'req-ebbe60b1-4596-453d-bfbb-51d3773f5f97'}
        Body: {"security_group_rule": {"remote_group_id": null, "direction": "ingress", "remote_ip_prefix": null, "protocol": "icmp", "ethertype": "IPv6", "tenant_id": "e84fa07a63c7418096e58b8ea5c6aa4b", "port_range_max": null, "port_range_min": null, "id": "18de02b8-cce6-4ce9-85d3-d2c3b479cd92", "security_group_id": "e97f93da-9b08-4d7b-81ac-df741fc0afa5"}}
2016-02-17 19:20:20,253 31709 INFO     [tempest_lib.common.rest_client] Request (TestNetworkBasicOps:test_update_instance_port_admin_state): 201 POST http://10.4.1.3:9696/v2.0/security-group-rules 0.116s
2016-02-17 19:20:20,253 31709 DEBUG    [tempest_lib.common.rest_client] Request - Headers: {'Content-Type': 'application/json', 'Accept': 'application/json', 'X-Auth-Token': '&lt;omitted&gt;'}
        Body: {"security_group_rule": {"tenant_id": "e84fa07a63c7418096e58b8ea5c6aa4b", "direction": "egress", "security_group_id": "e97f93da-9b08-4d7b-81ac-df741fc0afa5", "protocol": "icmp", "ethertype": "IPv6"}}
    Response - Headers: {'status': '201', 'content-length': '344', 'connection': 'close', 'date': 'Wed, 17 Feb 2016 19:20:20 GMT', 'content-type': 'application/json; charset=UTF-8', 'x-openstack-request-id': 'req-f089623c-5c73-40b2-a3ee-4c56a1af9355'}
        Body: {"security_group_rule": {"remote_group_id": null, "direction": "egress", "remote_ip_prefix": null, "protocol": "icmp", "ethertype": "IPv6", "tenant_id": "e84fa07a63c7418096e58b8ea5c6aa4b", "port_range_max": null, "port_range_min": null, "id": "ff9c8bd3-33f1-4463-8022-21dd7956e18e", "security_group_id": "e97f93da-9b08-4d7b-81ac-df741fc0afa5"}}
2016-02-17 19:20:20,423 31709 INFO     [tempest_lib.common.rest_client] Request (TestNetworkBasicOps:test_update_instance_port_admin_state): 201 POST http://10.4.1.3:9696/v2.0/networks 0.167s
2016-02-17 19:20:20,423 31709 DEBUG    [tempest_lib.common.rest_client] Request - Headers: {'Content-Type': 'application/json', 'Accept': 'application/json', 'X-Auth-Token': '&lt;omitted&gt;'}
        Body: {"network": {"tenant_id": "e84fa07a63c7418096e58b8ea5c6aa4b", "name": "tempest-network-smoke--217935816"}}
    Response - Headers: {'status': '201', 'content-length': '298', 'connection': 'close', 'date': 'Wed, 17 Feb 2016 19:20:20 GMT', 'content-type': 'application/json; charset=UTF-8', 'x-openstack-request-id': 'req-b18b4ef7-e78d-478a-a883-8b48f8c9aba1'}
        Body: {"network": {"status": "ACTIVE", "subnets": [], "name": "tempest-network-smoke--217935816", "admin_state_up": true, "tenant_id": "e84fa07a63c7418096e58b8ea5c6aa4b", "mtu": 1450, "router:external": false, "shared": false, "port_security_enabled": true, "id": "e6430583-7d60-4b82-83e3-c2768acf7152"}}
2016-02-17 19:20:20,511 31709 INFO     [tempest_lib.common.rest_client] Request (TestNetworkBasicOps:test_update_instance_port_admin_state): 201 POST http://10.4.1.3:9696/v2.0/routers 0.086s
2016-02-17 19:20:20,512 31709 DEBUG    [tempest_lib.common.rest_client] Request - Headers: {'Content-Type': 'application/json', 'Accept': 'application/json', 'X-Auth-Token': '&lt;omitted&gt;'}
        Body: {"router": {"tenant_id": "e84fa07a63c7418096e58b8ea5c6aa4b", "name": "tempest-router-smoke-1485012931", "admin_state_up": true}}
    Response - Headers: {'status': '201', 'content-length': '239', 'connection': 'close', 'date': 'Wed, 17 Feb 2016 19:20:20 GMT', 'content-type': 'application/json; charset=UTF-8', 'x-openstack-request-id': 'req-efe81f65-1a56-4c0c-a850-4346761eb170'}
        Body: {"router": {"status": "ACTIVE", "external_gateway_info": null, "name": "tempest-router-smoke-1485012931", "admin_state_up": true, "tenant_id": "e84fa07a63c7418096e58b8ea5c6aa4b", "routes": [], "id": "1f127f1f-c3fb-43da-a97a-d5571c8f7a89"}}
2016-02-17 19:20:20,555 31709 INFO     [tempest_lib.common.rest_client] Request (TestNetworkBasicOps:test_update_instance_port_admin_state): 200 GET http://10.4.1.3:9696/v2.0/routers/1f127f1f-c3fb-43da-a97a-d5571c8f7a89 0.042s
2016-02-17 19:20:20,557 31709 DEBUG    [tempest_lib.common.rest_client] Request - Headers: {'Content-Type': 'application/json', 'Accept': 'application/json', 'X-Auth-Token': '&lt;omitted&gt;'}
        Body: None
    Response - Headers: {'status': '200', 'content-length': '239', 'content-location': 'http://10.4.1.3:9696/v2.0/routers/1f127f1f-c3fb-43da-a97a-d5571c8f7a89', 'connection': 'close', 'date': 'Wed, 17 Feb 2016 19:20:20 GMT', 'content-type': 'application/json; charset=UTF-8', 'x-openstack-request-id': 'req-988e2791-168e-4f83-ac10-37fe142bdd74'}
        Body: {"router": {"status": "ACTIVE", "external_gateway_info": null, "name": "tempest-router-smoke-1485012931", "admin_state_up": true, "tenant_id": "e84fa07a63c7418096e58b8ea5c6aa4b", "routes": [], "id": "1f127f1f-c3fb-43da-a97a-d5571c8f7a89"}}
2016-02-17 19:20:21,105 31709 INFO     [tempest_lib.common.rest_client] Request (TestNetworkBasicOps:test_update_instance_port_admin_state): 200 PUT http://10.4.1.3:9696/v2.0/routers/1f127f1f-c3fb-43da-a97a-d5571c8f7a89 0.547s
2016-02-17 19:20:21,106 31709 DEBUG    [tempest_lib.common.rest_client] Request - Headers: {'Content-Type': 'application/json', 'Accept': 'application/json', 'X-Auth-Token': '&lt;omitted&gt;'}
        Body: {"router": {"external_gateway_info": {"network_id": "4ce44e5b-2077-4179-84a6-feb601131437"}, "name": "tempest-router-smoke-1485012931", "admin_state_up": true}}
    Response - Headers: {'status': '200', 'content-length': '503', 'connection': 'close', 'date': 'Wed, 17 Feb 2016 19:20:21 GMT', 'content-type': 'application/json; charset=UTF-8', 'x-openstack-request-id': 'req-c9e0a5ba-8661-467c-a929-6f4aa1133494'}
        Body: {"router": {"status": "ACTIVE", "external_gateway_info": {"network_id": "4ce44e5b-2077-4179-84a6-feb601131437", "enable_snat": true, "external_fixed_ips": [{"subnet_id": "e2c165c5-6b4a-4add-a785-3470fe0a8ff7", "ip_address": "172.24.4.17"}, {"subnet_id": "10fe3b0a-f8e5-41bc-9929-1d7bb5616da0", "ip_address": "2001:db8::11"}]}, "name": "tempest-router-smoke-1485012931", "admin_state_up": true, "tenant_id": "e84fa07a63c7418096e58b8ea5c6aa4b", "routes": [], "id": "1f127f1f-c3fb-43da-a97a-d5571c8f7a89"}}
2016-02-17 19:20:21,155 31709 INFO     [tempest_lib.common.rest_client] Request (TestNetworkBasicOps:test_update_instance_port_admin_state): 200 GET http://10.4.1.3:9696/v2.0/subnets?tenant_id=e84fa07a63c7418096e58b8ea5c6aa4b&amp;cidr=10.100.0.0%2F28 0.048s
2016-02-17 19:20:21,156 31709 DEBUG    [tempest_lib.common.rest_client] Request - Headers: {'Content-Type': 'application/json', 'Accept': 'application/json', 'X-Auth-Token': '&lt;omitted&gt;'}
        Body: None
    Response - Headers: {'status': '200', 'content-length': '15', 'content-location': 'http://10.4.1.3:9696/v2.0/subnets?tenant_id=e84fa07a63c7418096e58b8ea5c6aa4b&amp;cidr=10.100.0.0%2F28', 'connection': 'close', 'date': 'Wed, 17 Feb 2016 19:20:21 GMT', 'content-type': 'application/json; charset=UTF-8', 'x-openstack-request-id': 'req-128f9e73-016c-495f-974d-1d4c7c73871b'}
        Body: {"subnets": []}
2016-02-17 19:20:21,475 31709 INFO     [tempest_lib.common.rest_client] Request (TestNetworkBasicOps:test_update_instance_port_admin_state): 201 POST http://10.4.1.3:9696/v2.0/subnets 0.318s
2016-02-17 19:20:21,476 31709 DEBUG    [tempest_lib.common.rest_client] Request - Headers: {'Content-Type': 'application/json', 'Accept': 'application/json', 'X-Auth-Token': '&lt;omitted&gt;'}
        Body: {"subnet": {"ip_version": 4, "tenant_id": "e84fa07a63c7418096e58b8ea5c6aa4b", "cidr": "10.100.0.0/28", "network_id": "e6430583-7d60-4b82-83e3-c2768acf7152", "name": "tempest-subnet-smoke-1183052032"}}
    Response - Headers: {'status': '201', 'content-length': '478', 'connection': 'close', 'date': 'Wed, 17 Feb 2016 19:20:21 GMT', 'content-type': 'application/json; charset=UTF-8', 'x-openstack-request-id': 'req-ba88949f-f658-4a0d-ac0a-fb832316fb1f'}
        Body: {"subnet": {"name": "tempest-subnet-smoke-1183052032", "enable_dhcp": true, "network_id": "e6430583-7d60-4b82-83e3-c2768acf7152", "tenant_id": "e84fa07a63c7418096e58b8ea5c6aa4b", "dns_nameservers": [], "gateway_ip": "10.100.0.1", "ipv6_ra_mode": null, "allocation_pools": [{"start": "10.100.0.2", "end": "10.100.0.14"}], "host_routes": [], "ip_version": 4, "ipv6_address_mode": null, "cidr": "10.100.0.0/28", "id": "5e7d7d63-1d32-4a81-84f0-d5028fafd780", "subnetpool_id": null}}
2016-02-17 19:20:21,879 31709 INFO     [tempest_lib.common.rest_client] Request (TestNetworkBasicOps:test_update_instance_port_admin_state): 200 PUT http://10.4.1.3:9696/v2.0/routers/1f127f1f-c3fb-43da-a97a-d5571c8f7a89/add_router_interface 0.402s
2016-02-17 19:20:21,880 31709 DEBUG    [tempest_lib.common.rest_client] Request - Headers: {'Content-Type': 'application/json', 'Accept': 'application/json', 'X-Auth-Token': '&lt;omitted&gt;'}
        Body: {"subnet_id": "5e7d7d63-1d32-4a81-84f0-d5028fafd780"}
    Response - Headers: {'status': '200', 'content-length': '255', 'connection': 'close', 'date': 'Wed, 17 Feb 2016 19:20:21 GMT', 'content-type': 'application/json; charset=UTF-8', 'x-openstack-request-id': 'req-61baa3f7-ab96-4d08-9142-95420ac3d1a5'}
        Body: {"subnet_id": "5e7d7d63-1d32-4a81-84f0-d5028fafd780", "tenant_id": "e84fa07a63c7418096e58b8ea5c6aa4b", "subnet_ids": ["5e7d7d63-1d32-4a81-84f0-d5028fafd780"], "port_id": "5219623d-c7de-4eb4-a0d2-03859ccef190", "id": "1f127f1f-c3fb-43da-a97a-d5571c8f7a89"}
2016-02-17 19:20:21,924 31709 INFO     [tempest_lib.common.rest_client] Request (TestNetworkBasicOps:test_update_instance_port_admin_state): 200 GET http://10.4.1.3:9696/v2.0/networks 0.043s
2016-02-17 19:20:21,924 31709 DEBUG    [tempest_lib.common.rest_client] Request - Headers: {'Content-Type': 'application/json', 'Accept': 'application/json', 'X-Auth-Token': '&lt;omitted&gt;'}
        Body: None
    Response - Headers: {'status': '200', 'content-length': '1326', 'content-location': 'http://10.4.1.3:9696/v2.0/networks', 'connection': 'close', 'date': 'Wed, 17 Feb 2016 19:20:21 GMT', 'content-type': 'application/json; charset=UTF-8', 'x-openstack-request-id': 'req-24e5fb2f-31ef-421b-a8ec-6564948d480b'}
        Body: {"networks": [{"status": "ACTIVE", "subnets": ["10fe3b0a-f8e5-41bc-9929-1d7bb5616da0", "e2c165c5-6b4a-4add-a785-3470fe0a8ff7"], "name": "public", "provider:physical_network": null, "admin_state_up": true, "tenant_id": "d1502e94057e42909fdabbab5016d14d", "mtu": 1450, "router:external": true, "shared": false, "port_security_enabled": true, "provider:network_type": "vxlan", "id": "4ce44e5b-2077-4179-84a6-feb601131437", "provider:segmentation_id": 1060}, {"status": "ACTIVE", "subnets": ["dcc3af45-b92f-4ef7-87ae-71de68c0caa8", "e284336d-c5f2-4f34-b1c1-266e9975c7c8"], "name": "private", "provider:physical_network": null, "admin_state_up": true, "tenant_id": "14dd5e35da104c7a86aa6e55ff9d1533", "mtu": 1450, "router:external": false, "shared": false, "port_security_enabled": true, "provider:network_type": "vxlan", "id": "35a1fc65-a8d6-4f20-b523-8c189c780a55", "provider:segmentation_id": 1062}, {"status": "ACTIVE", "subnets": ["5e7d7d63-1d32-4a81-84f0-d5028fafd780"], "name": "tempest-network-smoke--217935816", "provider:physical_network": null, "admin_state_up": true, "tenant_id": "e84fa07a63c7418096e58b8ea5c6aa4b", "mtu": 1450, "router:external": false, "shared": false, "port_security_enabled": true, "provider:network_type": "vxlan", "id": "e6430583-7d60-4b82-83e3-c2768acf7152", "provider:segmentation_id": 1010}]}
2016-02-17 19:20:21,970 31709 INFO     [tempest_lib.common.rest_client] Request (TestNetworkBasicOps:test_update_instance_port_admin_state): 200 GET http://10.4.1.3:9696/v2.0/subnets 0.044s
2016-02-17 19:20:21,970 31709 DEBUG    [tempest_lib.common.rest_client] Request - Headers: {'Content-Type': 'application/json', 'Accept': 'application/json', 'X-Auth-Token': '&lt;omitted&gt;'}
        Body: None
    Response - Headers: {'status': '200', 'content-length': '2408', 'content-location': 'http://10.4.1.3:9696/v2.0/subnets', 'connection': 'close', 'date': 'Wed, 17 Feb 2016 19:20:21 GMT', 'content-type': 'application/json; charset=UTF-8', 'x-openstack-request-id': 'req-5c32e78d-ee42-461b-ac29-e088202f8d18'}
        Body: {"subnets": [{"name": "tempest-subnet-smoke-1183052032", "enable_dhcp": true, "network_id": "e6430583-7d60-4b82-83e3-c2768acf7152", "tenant_id": "e84fa07a63c7418096e58b8ea5c6aa4b", "dns_nameservers": [], "gateway_ip": "10.100.0.1", "ipv6_ra_mode": null, "allocation_pools": [{"start": "10.100.0.2", "end": "10.100.0.14"}], "host_routes": [], "ip_version": 4, "ipv6_address_mode": null, "cidr": "10.100.0.0/28", "id": "5e7d7d63-1d32-4a81-84f0-d5028fafd780", "subnetpool_id": null}, {"name": "private-subnet", "enable_dhcp": true, "network_id": "35a1fc65-a8d6-4f20-b523-8c189c780a55", "tenant_id": "14dd5e35da104c7a86aa6e55ff9d1533", "dns_nameservers": [], "gateway_ip": "10.0.0.1", "ipv6_ra_mode": null, "allocation_pools": [{"start": "10.0.0.2", "end": "10.0.0.254"}], "host_routes": [], "ip_version": 4, "ipv6_address_mode": null, "cidr": "10.0.0.0/24", "id": "dcc3af45-b92f-4ef7-87ae-71de68c0caa8", "subnetpool_id": null}, {"name": "ipv6-private-subnet", "enable_dhcp": true, "network_id": "35a1fc65-a8d6-4f20-b523-8c189c780a55", "tenant_id": "14dd5e35da104c7a86aa6e55ff9d1533", "dns_nameservers": [], "gateway_ip": "fd73:f4d4:30f3::1", "ipv6_ra_mode": "slaac", "allocation_pools": [{"start": "fd73:f4d4:30f3::2", "end": "fd73:f4d4:30f3:0:ffff:ffff:ffff:ffff"}], "host_routes": [], "ip_version": 6, "ipv6_address_mode": "slaac", "cidr": "fd73:f4d4:30f3::/64", "id": "e284336d-c5f2-4f34-b1c1-266e9975c7c8", "subnetpool_id": null}, {"name": "ipv6-public-subnet", "enable_dhcp": false, "network_id": "4ce44e5b-2077-4179-84a6-feb601131437", "tenant_id": "d1502e94057e42909fdabbab5016d14d", "dns_nameservers": [], "gateway_ip": "2001:db8::2", "ipv6_ra_mode": null, "allocation_pools": [{"start": "2001:db8::1", "end": "2001:db8::1"}, {"start": "2001:db8::3", "end": "2001:db8::ffff:ffff:ffff:ffff"}], "host_routes": [], "ip_version": 6, "ipv6_address_mode": null, "cidr": "2001:db8::/64", "id": "10fe3b0a-f8e5-41bc-9929-1d7bb5616da0", "subnetpool_id": null}, {"name": "public-subnet", "enable_dhcp": false, "network_id": "4ce44e5b-2077-4179-84a6-feb601131437", "tenant_id": "d1502e94057e42909fdabbab5016d14d", "dns_nameservers": [], "gateway_ip": "172.24.4.1", "ipv6_ra_mode": null, "allocation_pools": [{"start": "172.24.4.2", "end": "172.24.4.254"}], "host_routes": [], "ip_version": 4, "ipv6_address_mode": null, "cidr": "172.24.4.0/24", "id": "e2c165c5-6b4a-4add-a785-3470fe0a8ff7", "subnetpool_id": null}]}
2016-02-17 19:20:22,044 31709 INFO     [tempest_lib.common.rest_client] Request (TestNetworkBasicOps:test_update_instance_port_admin_state): 200 GET http://10.4.1.3:9696/v2.0/routers 0.072s
2016-02-17 19:20:22,044 31709 DEBUG    [tempest_lib.common.rest_client] Request - Headers: {'Content-Type': 'application/json', 'Accept': 'application/json', 'X-Auth-Token': '&lt;omitted&gt;'}
        Body: None
    Response - Headers: {'status': '200', 'content-length': '1043', 'content-location': 'http://10.4.1.3:9696/v2.0/routers', 'connection': 'close', 'date': 'Wed, 17 Feb 2016 19:20:22 GMT', 'content-type': 'application/json; charset=UTF-8', 'x-openstack-request-id': 'req-266dfeff-0e8b-44cf-af93-df3164d682c6'}
        Body: {"routers": [{"status": "ACTIVE", "external_gateway_info": {"network_id": "4ce44e5b-2077-4179-84a6-feb601131437", "enable_snat": true, "external_fixed_ips": [{"subnet_id": "e2c165c5-6b4a-4add-a785-3470fe0a8ff7", "ip_address": "172.24.4.17"}, {"subnet_id": "10fe3b0a-f8e5-41bc-9929-1d7bb5616da0", "ip_address": "2001:db8::11"}]}, "name": "tempest-router-smoke-1485012931", "admin_state_up": true, "tenant_id": "e84fa07a63c7418096e58b8ea5c6aa4b", "distributed": false, "routes": [], "ha": false, "id": "1f127f1f-c3fb-43da-a97a-d5571c8f7a89"}, {"status": "ACTIVE", "external_gateway_info": {"network_id": "4ce44e5b-2077-4179-84a6-feb601131437", "enable_snat": true, "external_fixed_ips": [{"subnet_id": "e2c165c5-6b4a-4add-a785-3470fe0a8ff7", "ip_address": "172.24.4.2"}, {"subnet_id": "10fe3b0a-f8e5-41bc-9929-1d7bb5616da0", "ip_address": "2001:db8::1"}]}, "name": "router1", "admin_state_up": true, "tenant_id": "14dd5e35da104c7a86aa6e55ff9d1533", "distributed": false, "routes": [], "ha": false, "id": "b1af7aaf-f28e-4bd1-9aca-2d9053ab92d3"}]}
2016-02-17 19:20:22,269 31709 INFO     [tempest_lib.common.rest_client] Request (TestNetworkBasicOps:test_update_instance_port_admin_state): 200 POST http://10.4.1.3:8774/v2.1/e84fa07a63c7418096e58b8ea5c6aa4b/os-keypairs 0.223s
2016-02-17 19:20:22,269 31709 DEBUG    [tempest_lib.common.rest_client] Request - Headers: {'Content-Type': 'application/json', 'Accept': 'application/json', 'X-Auth-Token': '&lt;omitted&gt;'}
        Body: {"keypair": {"name": "tempest-TestNetworkBasicOps-2042748222"}}
    Response - Headers: {'status': '200', 'content-length': '2321', 'x-compute-request-id': 'req-eb1e6f57-7adf-4afd-aa14-5c2043f82d6e', 'vary': 'X-OpenStack-Nova-API-Version', 'connection': 'close', 'x-openstack-nova-api-version': '2.1', 'date': 'Wed, 17 Feb 2016 19:20:22 GMT', 'content-type': 'application/json'}
        Body: {"keypair": {"public_key": "ssh-rsa AAAAB3NzaC1yc2EAAAADAQABAAABAQC82tpKINFjgd0uLydj8h+ChamFiLDyWU6hvTruW4URUy1H/LdpPSziB4X6wnT/hhSxDdpiGP4orxlBzwWO0NkM35wjYEeuCvFbZ//5Ssr2fMXIS4vJQ1gEPjnGQSHGgrGfQytTWHJb4Gy+X1FI1RyIB/6EWl+zuphQAloXchXA4mxXcTmVIL3qQ1WkbI4dsIG3Ck9AjaJKycm+OaF8IpMuCGHK5kaxdXDSwWlxGNDcev8FT2+ynto7r+ijPW3tWodMKXCpTaiq2gIVJxDmjZoqwAPCp5ou4TyJ3xZZw3FAUQrdnjHVZhiOP9c885dhEo4H0+JqZZPyJbJI0tWwme/D Generated-by-Nova", "private_key": "-----BEGIN RSA PRIVATE KEY-----\nMIIEqQIBAAKCAQEAvNraSiDRY4HdLi8nY/IfgoWphYiw8llOob067luFEVMtR/y3\naT0s4geF+sJ0/4YUsQ3aYhj+KK8ZQc8FjtDZDN+cI2BHrgrxW2f/+UrK9nzFyEuL\nyUNYBD45xkEhxoKxn0MrU1hyW+Bsvl9RSNUciAf+hFpfs7qYUAJaF3IVwOJsV3E5\nlSC96kNVpGyOHbCBtwpPQI2iSsnJvjmhfCKTLghhyuZGsXVw0sFpcRjQ3Hr/BU9v\nsp7aO6/ooz1t7VqHTClwqU2oqtoCFScQ5o2aKsADwqeaLuE8id8WWcNxQFEK3Z4x\n1WYYjj/XPPOXYRKOB9PiamWT8iWySNLVsJnvwwIDAQABAoIBAGYS6/Uw87uSz1dN\nCT9N+JX1ZIDWNr1mY8ernZSDRtLsYAcOoptxAzdP1ayJOe96Kujfke9/jq+ypDYb\njOd6HjaFDcFZIqUBKR68gW/eawD6w3PU0UMA8Sup7lQnk/fVX+eyyFIN9hGOpXfn\n0OlKtlcX6wriRePAsN5dxw/xC6zqRp06t+o3FzQ1Z5JZKv1zTig7vM6fwvHD4PZg\nouP1XTeAga7sQ+Z0Uv/769k1NYUDxIJxHPKVSatYE2ecJfuSpVbn3UQaJdkiPcvX\nYat6F6s/xZHRXiN+GCKiFdCecnXSUf4aG7L249Slc3VpajTF6+TGzlU4VBppVzXO\ny51tZmECggCBANCr/REXTqVnqL9a02ZvR1uBm+//Mdh1xLvIAF7s0ML8gj66iWu5\nFjzZOkY8ES5x0EIEiyA37HdRgQlGHOiVCvNoYyfZBJSIR/V0+q+gngQktfVaqoDe\nZDpMIVJf4J0YH82YNyR42XY6bwAVz0LtA5E3x17SS8GMzDGJ14NbxMZJAoIAgQDn\nsD4xKEXdSBLzFfoEnFc6kE5ZKt0SG2RJ4zC1VkupZFGAFNgLGQl2zyQn3iMt11bo\nJcXGVtHO5fMoCtAkvAbHfqwqDhxXzQAcrw2CVqHfGEUrHYrS1DzOM1FxGsSGVUi6\nmeqD84UrgIN+qFBJxTCH+T0SjAMl4OiwnD9+ArmVqwKCAIEAgYukii28B3e5DULn\nptpCpI5sLqxxV36VajaZ9FR0rfhxK1xG3/eB1LjPMrcru3ew4KtNa+0MAm84+nbq\nj4Gn0MDnfd9+tm98rOe4kbvXHZ9kzzNAUsy90Gte7HLVUPGfHNX4tc3Iw1s3eggQ\nKe5WnprQTQ+lND2irsZyYvxfxvECggCBAOHsKBkDLm1CtMe5bF1GnoCK6vtkIsJf\nV4H9Oif5iDobiqWcrbbUqTfjcVw27pLq4uHow1xOmLRp4pvvP1wyxWGPEg7IR7cO\nPce6oy+vjpTfM8OBQTeoocponEfwVCaxzwO2xsn4kqkC3jaJphDpahONZJJLWV58\nXCqrkfYsbg+VAoIAgD3gDePamNoq/YmcX4yjkDe17edXGU6CMavm9y+AU2jeRb0o\n8aAFz4eu6SWpeGI+lTBtcKayya3vR5Yf6FT1hlW0BiHU5cZ0WMpxLyZtVq+J36v8\nnIUYuaeGXU4PSZeZ0cw4Cf7otCNZfWOxUN/Te318XOzkgfmhxusM24TaXNhH\n-----END RSA PRIVATE KEY-----\n", "user_id": "5fc3bb9cde6e4bce9be65e86179b89a9", "name": "tempest-TestNetworkBasicOps-2042748222", "fingerprint": "5d:25:2a:66:06:31:f3:e8:fb:84:00:82:27:0a:29:c4"}}
2016-02-17 19:20:22,416 31709 INFO     [tempest_lib.common.rest_client] Request (TestNetworkBasicOps:test_update_instance_port_admin_state): 200 POST http://10.4.1.3:5000/v2.0/tokens
2016-02-17 19:20:22,417 31709 DEBUG    [tempest_lib.common.rest_client] Request - Headers: {'Content-Type': 'application/json', 'Accept': 'application/json'}
        Body: &lt;omitted&gt;
    Response - Headers: {'status': '200', 'content-length': '2510', 'vary': 'X-Auth-Token', 'server': 'Apache/2.4.7 (Ubuntu)', 'connection': 'close', 'date': 'Wed, 17 Feb 2016 19:20:22 GMT', 'content-type': 'application/json', 'x-openstack-request-id': 'req-fe9d51e3-99f2-40fa-8b53-5c09e5564383'}
        Body: {"access": {"token": {"issued_at": "2016-02-17T19:20:22.404607", "expires": "2016-02-17T20:20:22Z", "id": "2a6aa915a43c4a74b4a170a6c00dd422", "tenant": {"description": "tempest-TestNetworkBasicOps-750654924-desc", "enabled": true, "id": "e84fa07a63c7418096e58b8ea5c6aa4b", "name": "tempest-TestNetworkBasicOps-750654924"}, "audit_ids": ["HFTP3d6gS_2Y8PntKauZGw"]}, "serviceCatalog": [{"endpoints": [{"adminURL": "http://10.4.1.3:8774/v2.1/e84fa07a63c7418096e58b8ea5c6aa4b", "region": "RegionOne", "internalURL": "http://10.4.1.3:8774/v2.1/e84fa07a63c7418096e58b8ea5c6aa4b", "id": "7410b62508e343b8a712270d09c607ef", "publicURL": "http://10.4.1.3:8774/v2.1/e84fa07a63c7418096e58b8ea5c6aa4b"}], "endpoints_links": [], "type": "compute", "name": "nova"}, {"endpoints": [{"adminURL": "http://10.4.1.3:9696/", "region": "RegionOne", "internalURL": "http://10.4.1.3:9696/", "id": "0add42d2de534b68b7197fdbd5c8397b", "publicURL": "http://10.4.1.3:9696/"}], "endpoints_links": [], "type": "network", "name": "neutron"}, {"endpoints": [{"adminURL": "http://10.4.1.3:9292", "region": "RegionOne", "internalURL": "http://10.4.1.3:9292", "id": "39bbffe7dac94dcda7350e450a63ef92", "publicURL": "http://10.4.1.3:9292"}], "endpoints_links": [], "type": "image", "name": "glance"}, {"endpoints": [{"adminURL": "http://10.4.1.3:8774/v2/e84fa07a63c7418096e58b8ea5c6aa4b", "region": "RegionOne", "internalURL": "http://10.4.1.3:8774/v2/e84fa07a63c7418096e58b8ea5c6aa4b", "id": "6d71098715954266b5e4642894ed7c1e", "publicURL": "http://10.4.1.3:8774/v2/e84fa07a63c7418096e58b8ea5c6aa4b"}], "endpoints_links": [], "type": "compute_legacy", "name": "nova_legacy"}, {"endpoints": [{"adminURL": "http://10.4.1.3:8773/", "region": "RegionOne", "internalURL": "http://10.4.1.3:8773/", "id": "4317988796ef4186b518b98c64680ef9", "publicURL": "http://10.4.1.3:8773/"}], "endpoints_links": [], "type": "ec2", "name": "ec2"}, {"endpoints": [{"adminURL": "http://10.4.1.3:35357/v2.0", "region": "RegionOne", "internalURL": "http://10.4.1.3:5000/v2.0", "id": "12ba1ff7146e480e8b5dca789f59b50a", "publicURL": "http://10.4.1.3:5000/v2.0"}], "endpoints_links": [], "type": "identity", "name": "keystone"}], "user": {"username": "tempest-TestNetworkBasicOps-1121280954", "roles_links": [], "id": "5fc3bb9cde6e4bce9be65e86179b89a9", "roles": [{"name": "_member_"}, {"name": "Member"}], "name": "tempest-TestNetworkBasicOps-1121280954"}, "metadata": {"is_admin": 0, "roles": ["9fe2ff9ee4384b1894a90878d3e92bab", "0d78d67ca35a49f58dd614d80a99f010"]}}}
2016-02-17 19:20:22,423 31709 DEBUG    [tempest.common.fixed_network] (TestNetworkBasicOps:test_update_instance_port_admin_state) No valid network provided or created, defaulting to fixed_network_name
2016-02-17 19:20:22,719 31709 INFO     [tempest_lib.common.rest_client] Request (TestNetworkBasicOps:test_update_instance_port_admin_state): 200 GET http://10.4.1.3:8774/v2.1/e84fa07a63c7418096e58b8ea5c6aa4b/os-networks 0.295s
2016-02-17 19:20:22,720 31709 DEBUG    [tempest_lib.common.rest_client] Request - Headers: {'Content-Type': 'application/json', 'Accept': 'application/json', 'X-Auth-Token': '&lt;omitted&gt;'}
        Body: None
    Response - Headers: {'status': '200', 'content-length': '478', 'content-location': 'http://10.4.1.3:8774/v2.1/e84fa07a63c7418096e58b8ea5c6aa4b/os-networks', 'x-compute-request-id': 'req-74abb8f3-a4a0-4b0e-b605-ed6f49a36326', 'vary': 'X-OpenStack-Nova-API-Version', 'connection': 'close', 'x-openstack-nova-api-version': '2.1', 'date': 'Wed, 17 Feb 2016 19:20:22 GMT', 'content-type': 'application/json'}
        Body: {"networks": [{"cidr_v6": null, "dns2": null, "dns1": null, "gateway": null, "broadcast": null, "netmask": null, "gateway_v6": null, "cidr": null, "label": "tempest-network-smoke--217935816", "id": "e6430583-7d60-4b82-83e3-c2768acf7152", "netmask_v6": null}, {"cidr_v6": null, "dns2": null, "dns1": null, "gateway": null, "broadcast": null, "netmask": null, "gateway_v6": null, "cidr": null, "label": "public", "id": "4ce44e5b-2077-4179-84a6-feb601131437", "netmask_v6": null}]}
2016-02-17 19:20:22,721 31709 WARNING  [tempest.common.fixed_network] (TestNetworkBasicOps:test_update_instance_port_admin_state) Network with name: private not found
2016-02-17 19:20:22,721 31709 INFO     [tempest.common.fixed_network] (TestNetworkBasicOps:test_update_instance_port_admin_state) Found network {} available for tenant
2016-02-17 19:20:23,334 31709 INFO     [tempest_lib.common.rest_client] Request (TestNetworkBasicOps:test_update_instance_port_admin_state): 202 POST http://10.4.1.3:8774/v2.1/e84fa07a63c7418096e58b8ea5c6aa4b/servers 0.611s
2016-02-17 19:20:23,334 31709 DEBUG    [tempest_lib.common.rest_client] Request - Headers: {'Content-Type': 'application/json', 'Accept': 'application/json', 'X-Auth-Token': '&lt;omitted&gt;'}
        Body: {"server": {"name": "tempest-server-smoke-1896813347", "imageRef": "7ec22e59-c0d7-47a3-90c7-7ad2d9811251", "key_name": "tempest-TestNetworkBasicOps-2042748222", "flavorRef": "42", "networks": [{"uuid": "e6430583-7d60-4b82-83e3-c2768acf7152"}], "security_groups": [{"name": "tempest-secgroup-smoke-1292695960"}]}}
    Response - Headers: {'status': '202', 'content-length': '460', 'x-compute-request-id': 'req-021c6bb1-e03b-4c01-8dd8-f6e0b30c11cb', 'vary': 'X-OpenStack-Nova-API-Version', 'connection': 'close', 'location': 'http://10.4.1.3:8774/v2.1/e84fa07a63c7418096e58b8ea5c6aa4b/servers/93548e72-f092-4e9e-993a-f4089d7bcc36', 'x-openstack-nova-api-version': '2.1', 'date': 'Wed, 17 Feb 2016 19:20:23 GMT', 'content-type': 'application/json'}
        Body: {"server": {"security_groups": [{"name": "tempest-secgroup-smoke-1292695960"}], "OS-DCF:diskConfig": "MANUAL", "id": "93548e72-f092-4e9e-993a-f4089d7bcc36", "links": [{"href": "http://10.4.1.3:8774/v2.1/e84fa07a63c7418096e58b8ea5c6aa4b/servers/93548e72-f092-4e9e-993a-f4089d7bcc36", "rel": "self"}, {"href": "http://10.4.1.3:8774/e84fa07a63c7418096e58b8ea5c6aa4b/servers/93548e72-f092-4e9e-993a-f4089d7bcc36", "rel": "bookmark"}], "adminPass": "KSKeB8ChRn7r"}}
2016-02-17 19:20:23,464 31709 INFO     [tempest_lib.common.rest_client] Request (TestNetworkBasicOps:test_update_instance_port_admin_state): 200 GET http://10.4.1.3:8774/v2.1/e84fa07a63c7418096e58b8ea5c6aa4b/servers/93548e72-f092-4e9e-993a-f4089d7bcc36 0.125s
2016-02-17 19:20:23,465 31709 DEBUG    [tempest_lib.common.rest_client] Request - Headers: {'Content-Type': 'application/json', 'Accept': 'application/json', 'X-Auth-Token': '&lt;omitted&gt;'}
        Body: None
    Response - Headers: {'status': '200', 'content-length': '1341', 'content-location': 'http://10.4.1.3:8774/v2.1/e84fa07a63c7418096e58b8ea5c6aa4b/servers/93548e72-f092-4e9e-993a-f4089d7bcc36', 'x-compute-request-id': 'req-dd3a7195-9cef-4ead-9ec4-4c1a84690d93', 'vary': 'X-OpenStack-Nova-API-Version', 'connection': 'close', 'x-openstack-nova-api-version': '2.1', 'date': 'Wed, 17 Feb 2016 19:20:23 GMT', 'content-type': 'application/json'}
        Body: {"server": {"status": "BUILD", "updated": "2016-02-17T19:20:23Z", "hostId": "", "addresses": {}, "links": [{"href": "http://10.4.1.3:8774/v2.1/e84fa07a63c7418096e58b8ea5c6aa4b/servers/93548e72-f092-4e9e-993a-f4089d7bcc36", "rel": "self"}, {"href": "http://10.4.1.3:8774/e84fa07a63c7418096e58b8ea5c6aa4b/servers/93548e72-f092-4e9e-993a-f4089d7bcc36", "rel": "bookmark"}], "key_name": "tempest-TestNetworkBasicOps-2042748222", "image": {"id": "7ec22e59-c0d7-47a3-90c7-7ad2d9811251", "links": [{"href": "http://10.4.1.3:8774/e84fa07a63c7418096e58b8ea5c6aa4b/images/7ec22e59-c0d7-47a3-90c7-7ad2d9811251", "rel": "bookmark"}]}, "OS-EXT-STS:task_state": "scheduling", "OS-EXT-STS:vm_state": "building", "OS-SRV-USG:launched_at": null, "flavor": {"id": "42", "links": [{"href": "http://10.4.1.3:8774/e84fa07a63c7418096e58b8ea5c6aa4b/flavors/42", "rel": "bookmark"}]}, "id": "93548e72-f092-4e9e-993a-f4089d7bcc36", "OS-SRV-USG:terminated_at": null, "OS-EXT-AZ:availability_zone": "", "user_id": "5fc3bb9cde6e4bce9be65e86179b89a9", "name": "tempest-server-smoke-1896813347", "created": "2016-02-17T19:20:23Z", "tenant_id": "e84fa07a63c7418096e58b8ea5c6aa4b", "OS-DCF:diskConfig": "MANUAL", "os-extended-volumes:volumes_attached": [], "accessIPv4": "", "accessIPv6": "", "progress": 0, "OS-EXT-STS:power_state": 0, "config_drive": "", "metadata": {}}}
2016-02-17 19:20:24,859 31709 INFO     [tempest_lib.common.rest_client] Request (TestNetworkBasicOps:test_update_instance_port_admin_state): 200 GET http://10.4.1.3:8774/v2.1/e84fa07a63c7418096e58b8ea5c6aa4b/servers/93548e72-f092-4e9e-993a-f4089d7bcc36 0.376s
2016-02-17 19:20:24,860 31709 DEBUG    [tempest_lib.common.rest_client] Request - Headers: {'Content-Type': 'application/json', 'Accept': 'application/json', 'X-Auth-Token': '&lt;omitted&gt;'}
        Body: None
    Response - Headers: {'status': '200', 'content-length': '1467', 'content-location': 'http://10.4.1.3:8774/v2.1/e84fa07a63c7418096e58b8ea5c6aa4b/servers/93548e72-f092-4e9e-993a-f4089d7bcc36', 'x-compute-request-id': 'req-508e2a3e-b5b1-4f3e-a784-c783d463fc1d', 'vary': 'X-OpenStack-Nova-API-Version', 'connection': 'close', 'x-openstack-nova-api-version': '2.1', 'date': 'Wed, 17 Feb 2016 19:20:24 GMT', 'content-type': 'application/json'}
        Body: {"server": {"status": "BUILD", "updated": "2016-02-17T19:20:24Z", "hostId": "0c934d2b8f1f051d8ba5b424f80c2b31e418474d1f3451198dcfc5aa", "addresses": {}, "links": [{"href": "http://10.4.1.3:8774/v2.1/e84fa07a63c7418096e58b8ea5c6aa4b/servers/93548e72-f092-4e9e-993a-f4089d7bcc36", "rel": "self"}, {"href": "http://10.4.1.3:8774/e84fa07a63c7418096e58b8ea5c6aa4b/servers/93548e72-f092-4e9e-993a-f4089d7bcc36", "rel": "bookmark"}], "key_name": "tempest-TestNetworkBasicOps-2042748222", "image": {"id": "7ec22e59-c0d7-47a3-90c7-7ad2d9811251", "links": [{"href": "http://10.4.1.3:8774/e84fa07a63c7418096e58b8ea5c6aa4b/images/7ec22e59-c0d7-47a3-90c7-7ad2d9811251", "rel": "bookmark"}]}, "OS-EXT-STS:task_state": "spawning", "OS-EXT-STS:vm_state": "building", "OS-SRV-USG:launched_at": null, "flavor": {"id": "42", "links": [{"href": "http://10.4.1.3:8774/e84fa07a63c7418096e58b8ea5c6aa4b/flavors/42", "rel": "bookmark"}]}, "id": "93548e72-f092-4e9e-993a-f4089d7bcc36", "security_groups": [{"name": "tempest-secgroup-smoke-1292695960"}], "OS-SRV-USG:terminated_at": null, "OS-EXT-AZ:availability_zone": "nova", "user_id": "5fc3bb9cde6e4bce9be65e86179b89a9", "name": "tempest-server-smoke-1896813347", "created": "2016-02-17T19:20:23Z", "tenant_id": "e84fa07a63c7418096e58b8ea5c6aa4b", "OS-DCF:diskConfig": "MANUAL", "os-extended-volumes:volumes_attached": [], "accessIPv4": "", "accessIPv6": "", "progress": 0, "OS-EXT-STS:power_state": 0, "config_drive": "", "metadata": {}}}
2016-02-17 19:20:24,868 31709 INFO     [tempest.common.waiters] State transition "BUILD/scheduling" ==&gt; "BUILD/spawning" after 1 second wait
2016-02-17 19:20:26,057 31709 INFO     [tempest_lib.common.rest_client] Request (TestNetworkBasicOps:test_update_instance_port_admin_state): 200 GET http://10.4.1.3:8774/v2.1/e84fa07a63c7418096e58b8ea5c6aa4b/servers/93548e72-f092-4e9e-993a-f4089d7bcc36 0.187s
2016-02-17 19:20:26,057 31709 DEBUG    [tempest_lib.common.rest_client] Request - Headers: {'Content-Type': 'application/json', 'Accept': 'application/json', 'X-Auth-Token': '&lt;omitted&gt;'}
        Body: None
    Response - Headers: {'status': '200', 'content-length': '1467', 'content-location': 'http://10.4.1.3:8774/v2.1/e84fa07a63c7418096e58b8ea5c6aa4b/servers/93548e72-f092-4e9e-993a-f4089d7bcc36', 'x-compute-request-id': 'req-98a96653-f72b-48ed-b590-b577fab5a7e4', 'vary': 'X-OpenStack-Nova-API-Version', 'connection': 'close', 'x-openstack-nova-api-version': '2.1', 'date': 'Wed, 17 Feb 2016 19:20:26 GMT', 'content-type': 'application/json'}
        Body: {"server": {"status": "BUILD", "updated": "2016-02-17T19:20:24Z", "hostId": "0c934d2b8f1f051d8ba5b424f80c2b31e418474d1f3451198dcfc5aa", "addresses": {}, "links": [{"href": "http://10.4.1.3:8774/v2.1/e84fa07a63c7418096e58b8ea5c6aa4b/servers/93548e72-f092-4e9e-993a-f4089d7bcc36", "rel": "self"}, {"href": "http://10.4.1.3:8774/e84fa07a63c7418096e58b8ea5c6aa4b/servers/93548e72-f092-4e9e-993a-f4089d7bcc36", "rel": "bookmark"}], "key_name": "tempest-TestNetworkBasicOps-2042748222", "image": {"id": "7ec22e59-c0d7-47a3-90c7-7ad2d9811251", "links": [{"href": "http://10.4.1.3:8774/e84fa07a63c7418096e58b8ea5c6aa4b/images/7ec22e59-c0d7-47a3-90c7-7ad2d9811251", "rel": "bookmark"}]}, "OS-EXT-STS:task_state": "spawning", "OS-EXT-STS:vm_state": "building", "OS-SRV-USG:launched_at": null, "flavor": {"id": "42", "links": [{"href": "http://10.4.1.3:8774/e84fa07a63c7418096e58b8ea5c6aa4b/flavors/42", "rel": "bookmark"}]}, "id": "93548e72-f092-4e9e-993a-f4089d7bcc36", "security_groups": [{"name": "tempest-secgroup-smoke-1292695960"}], "OS-SRV-USG:terminated_at": null, "OS-EXT-AZ:availability_zone": "nova", "user_id": "5fc3bb9cde6e4bce9be65e86179b89a9", "name": "tempest-server-smoke-1896813347", "created": "2016-02-17T19:20:23Z", "tenant_id": "e84fa07a63c7418096e58b8ea5c6aa4b", "OS-DCF:diskConfig": "MANUAL", "os-extended-volumes:volumes_attached": [], "accessIPv4": "", "accessIPv6": "", "progress": 0, "OS-EXT-STS:power_state": 0, "config_drive": "", "metadata": {}}}
2016-02-17 19:20:27,256 31709 INFO     [tempest_lib.common.rest_client] Request (TestNetworkBasicOps:test_update_instance_port_admin_state): 200 GET http://10.4.1.3:8774/v2.1/e84fa07a63c7418096e58b8ea5c6aa4b/servers/93548e72-f092-4e9e-993a-f4089d7bcc36 0.190s
2016-02-17 19:20:27,257 31709 DEBUG    [tempest_lib.common.rest_client] Request - Headers: {'Content-Type': 'application/json', 'Accept': 'application/json', 'X-Auth-Token': '&lt;omitted&gt;'}
        Body: None
    Response - Headers: {'status': '200', 'content-length': '1638', 'content-location': 'http://10.4.1.3:8774/v2.1/e84fa07a63c7418096e58b8ea5c6aa4b/servers/93548e72-f092-4e9e-993a-f4089d7bcc36', 'x-compute-request-id': 'req-c4e93d57-632b-4507-967b-345d2ae2e45e', 'vary': 'X-OpenStack-Nova-API-Version', 'connection': 'close', 'x-openstack-nova-api-version': '2.1', 'date': 'Wed, 17 Feb 2016 19:20:27 GMT', 'content-type': 'application/json'}
        Body: {"server": {"status": "ACTIVE", "updated": "2016-02-17T19:20:26Z", "hostId": "0c934d2b8f1f051d8ba5b424f80c2b31e418474d1f3451198dcfc5aa", "addresses": {"tempest-network-smoke--217935816": [{"OS-EXT-IPS-MAC:mac_addr": "fa:16:3e:81:3b:ee", "version": 4, "addr": "10.100.0.3", "OS-EXT-IPS:type": "fixed"}]}, "links": [{"href": "http://10.4.1.3:8774/v2.1/e84fa07a63c7418096e58b8ea5c6aa4b/servers/93548e72-f092-4e9e-993a-f4089d7bcc36", "rel": "self"}, {"href": "http://10.4.1.3:8774/e84fa07a63c7418096e58b8ea5c6aa4b/servers/93548e72-f092-4e9e-993a-f4089d7bcc36", "rel": "bookmark"}], "key_name": "tempest-TestNetworkBasicOps-2042748222", "image": {"id": "7ec22e59-c0d7-47a3-90c7-7ad2d9811251", "links": [{"href": "http://10.4.1.3:8774/e84fa07a63c7418096e58b8ea5c6aa4b/images/7ec22e59-c0d7-47a3-90c7-7ad2d9811251", "rel": "bookmark"}]}, "OS-EXT-STS:task_state": null, "OS-EXT-STS:vm_state": "active", "OS-SRV-USG:launched_at": "2016-02-17T19:20:25.000000", "flavor": {"id": "42", "links": [{"href": "http://10.4.1.3:8774/e84fa07a63c7418096e58b8ea5c6aa4b/flavors/42", "rel": "bookmark"}]}, "id": "93548e72-f092-4e9e-993a-f4089d7bcc36", "security_groups": [{"name": "tempest-secgroup-smoke-1292695960"}], "OS-SRV-USG:terminated_at": null, "OS-EXT-AZ:availability_zone": "nova", "user_id": "5fc3bb9cde6e4bce9be65e86179b89a9", "name": "tempest-server-smoke-1896813347", "created": "2016-02-17T19:20:23Z", "tenant_id": "e84fa07a63c7418096e58b8ea5c6aa4b", "OS-DCF:diskConfig": "MANUAL", "os-extended-volumes:volumes_attached": [], "accessIPv4": "", "accessIPv6": "", "progress": 0, "OS-EXT-STS:power_state": 1, "config_drive": "True", "metadata": {}}}
2016-02-17 19:20:27,266 31709 INFO     [tempest.common.waiters] State transition "BUILD/spawning" ==&gt; "ACTIVE/None" after 4 second wait
2016-02-17 19:20:27,557 31709 INFO     [tempest_lib.common.rest_client] Request (TestNetworkBasicOps:test_update_instance_port_admin_state): 200 GET http://10.4.1.3:8774/v2.1/e84fa07a63c7418096e58b8ea5c6aa4b/servers/93548e72-f092-4e9e-993a-f4089d7bcc36 0.290s
2016-02-17 19:20:27,557 31709 DEBUG    [tempest_lib.common.rest_client] Request - Headers: {'Content-Type': 'application/json', 'Accept': 'application/json', 'X-Auth-Token': '&lt;omitted&gt;'}
        Body: None
    Response - Headers: {'status': '200', 'content-length': '1638', 'content-location': 'http://10.4.1.3:8774/v2.1/e84fa07a63c7418096e58b8ea5c6aa4b/servers/93548e72-f092-4e9e-993a-f4089d7bcc36', 'x-compute-request-id': 'req-344e9176-7dcc-418f-a0d3-d2c662e3d206', 'vary': 'X-OpenStack-Nova-API-Version', 'connection': 'close', 'x-openstack-nova-api-version': '2.1', 'date': 'Wed, 17 Feb 2016 19:20:27 GMT', 'content-type': 'application/json'}
        Body: {"server": {"status": "ACTIVE", "updated": "2016-02-17T19:20:26Z", "hostId": "0c934d2b8f1f051d8ba5b424f80c2b31e418474d1f3451198dcfc5aa", "addresses": {"tempest-network-smoke--217935816": [{"OS-EXT-IPS-MAC:mac_addr": "fa:16:3e:81:3b:ee", "version": 4, "addr": "10.100.0.3", "OS-EXT-IPS:type": "fixed"}]}, "links": [{"href": "http://10.4.1.3:8774/v2.1/e84fa07a63c7418096e58b8ea5c6aa4b/servers/93548e72-f092-4e9e-993a-f4089d7bcc36", "rel": "self"}, {"href": "http://10.4.1.3:8774/e84fa07a63c7418096e58b8ea5c6aa4b/servers/93548e72-f092-4e9e-993a-f4089d7bcc36", "rel": "bookmark"}], "key_name": "tempest-TestNetworkBasicOps-2042748222", "image": {"id": "7ec22e59-c0d7-47a3-90c7-7ad2d9811251", "links": [{"href": "http://10.4.1.3:8774/e84fa07a63c7418096e58b8ea5c6aa4b/images/7ec22e59-c0d7-47a3-90c7-7ad2d9811251", "rel": "bookmark"}]}, "OS-EXT-STS:task_state": null, "OS-EXT-STS:vm_state": "active", "OS-SRV-USG:launched_at": "2016-02-17T19:20:25.000000", "flavor": {"id": "42", "links": [{"href": "http://10.4.1.3:8774/e84fa07a63c7418096e58b8ea5c6aa4b/flavors/42", "rel": "bookmark"}]}, "id": "93548e72-f092-4e9e-993a-f4089d7bcc36", "security_groups": [{"name": "tempest-secgroup-smoke-1292695960"}], "OS-SRV-USG:terminated_at": null, "OS-EXT-AZ:availability_zone": "nova", "user_id": "5fc3bb9cde6e4bce9be65e86179b89a9", "name": "tempest-server-smoke-1896813347", "created": "2016-02-17T19:20:23Z", "tenant_id": "e84fa07a63c7418096e58b8ea5c6aa4b", "OS-DCF:diskConfig": "MANUAL", "os-extended-volumes:volumes_attached": [], "accessIPv4": "", "accessIPv6": "", "progress": 0, "OS-EXT-STS:power_state": 1, "config_drive": "True", "metadata": {}}}
2016-02-17 19:20:27,565 31709 INFO     [tempest.scenario.manager] Tenant networks not configured to be reachable.
2016-02-17 19:20:27,599 31709 INFO     [tempest_lib.common.rest_client] Request (TestNetworkBasicOps:test_update_instance_port_admin_state): 200 GET http://10.4.1.3:9696/v2.0/ports?fixed_ip=None&amp;device_id=93548e72-f092-4e9e-993a-f4089d7bcc36 0.032s
2016-02-17 19:20:27,599 31709 DEBUG    [tempest_lib.common.rest_client] Request - Headers: {'Content-Type': 'application/json', 'Accept': 'application/json', 'X-Auth-Token': '&lt;omitted&gt;'}
        Body: None
    Response - Headers: {'status': '200', 'content-length': '895', 'content-location': 'http://10.4.1.3:9696/v2.0/ports?fixed_ip=None&amp;device_id=93548e72-f092-4e9e-993a-f4089d7bcc36', 'connection': 'close', 'date': 'Wed, 17 Feb 2016 19:20:27 GMT', 'content-type': 'application/json; charset=UTF-8', 'x-openstack-request-id': 'req-77f25aac-faaa-4a45-b332-afc1b8e63a4f'}
        Body: {"ports": [{"status": "ACTIVE", "binding:host_id": "vagrant-ubuntu-trusty-64", "allowed_address_pairs": [], "extra_dhcp_opts": [], "dns_assignment": [{"hostname": "host-10-100-0-3", "ip_address": "10.100.0.3", "fqdn": "host-10-100-0-3.openstacklocal."}], "device_owner": "compute:None", "port_security_enabled": true, "binding:profile": {}, "fixed_ips": [{"subnet_id": "5e7d7d63-1d32-4a81-84f0-d5028fafd780", "ip_address": "10.100.0.3"}], "id": "abd07591-850e-4b20-9a8a-1c5929205a37", "security_groups": ["e97f93da-9b08-4d7b-81ac-df741fc0afa5"], "device_id": "93548e72-f092-4e9e-993a-f4089d7bcc36", "name": "", "admin_state_up": true, "network_id": "e6430583-7d60-4b82-83e3-c2768acf7152", "dns_name": "", "binding:vif_details": {"port_filter": true}, "binding:vnic_type": "normal", "binding:vif_type": "ovs", "tenant_id": "e84fa07a63c7418096e58b8ea5c6aa4b", "mac_address": "fa:16:3e:81:3b:ee"}]}
2016-02-17 19:20:28,024 31709 INFO     [tempest_lib.common.rest_client] Request (TestNetworkBasicOps:test_update_instance_port_admin_state): 201 POST http://10.4.1.3:9696/v2.0/floatingips 0.424s
2016-02-17 19:20:28,025 31709 DEBUG    [tempest_lib.common.rest_client] Request - Headers: {'Content-Type': 'application/json', 'Accept': 'application/json', 'X-Auth-Token': '&lt;omitted&gt;'}
        Body: {"floatingip": {"floating_network_id": "4ce44e5b-2077-4179-84a6-feb601131437", "tenant_id": "e84fa07a63c7418096e58b8ea5c6aa4b", "fixed_ip_address": "10.100.0.3", "port_id": "abd07591-850e-4b20-9a8a-1c5929205a37"}}
    Response - Headers: {'status': '201', 'content-length': '368', 'connection': 'close', 'date': 'Wed, 17 Feb 2016 19:20:28 GMT', 'content-type': 'application/json; charset=UTF-8', 'x-openstack-request-id': 'req-66814f5a-e51e-483e-9334-3ee621b050d2'}
        Body: {"floatingip": {"floating_network_id": "4ce44e5b-2077-4179-84a6-feb601131437", "router_id": "1f127f1f-c3fb-43da-a97a-d5571c8f7a89", "fixed_ip_address": "10.100.0.3", "floating_ip_address": "172.24.4.18", "tenant_id": "e84fa07a63c7418096e58b8ea5c6aa4b", "status": "DOWN", "port_id": "abd07591-850e-4b20-9a8a-1c5929205a37", "id": "1218c828-cc2a-4a81-9c98-d56d3a23628e"}}
2016-02-17 19:20:28,064 31709 INFO     [tempest_lib.common.rest_client] Request (TestNetworkBasicOps:test_update_instance_port_admin_state): 200 GET http://10.4.1.3:9696/v2.0/ports?device_id=93548e72-f092-4e9e-993a-f4089d7bcc36 0.037s
2016-02-17 19:20:28,064 31709 DEBUG    [tempest_lib.common.rest_client] Request - Headers: {'Content-Type': 'application/json', 'Accept': 'application/json', 'X-Auth-Token': '&lt;omitted&gt;'}
        Body: None
    Response - Headers: {'status': '200', 'content-length': '895', 'content-location': 'http://10.4.1.3:9696/v2.0/ports?device_id=93548e72-f092-4e9e-993a-f4089d7bcc36', 'connection': 'close', 'date': 'Wed, 17 Feb 2016 19:20:28 GMT', 'content-type': 'application/json; charset=UTF-8', 'x-openstack-request-id': 'req-4b1a3a2c-c138-48cc-94ff-436136bc6a4e'}
        Body: {"ports": [{"status": "ACTIVE", "binding:host_id": "vagrant-ubuntu-trusty-64", "allowed_address_pairs": [], "extra_dhcp_opts": [], "dns_assignment": [{"hostname": "host-10-100-0-3", "ip_address": "10.100.0.3", "fqdn": "host-10-100-0-3.openstacklocal."}], "device_owner": "compute:None", "port_security_enabled": true, "binding:profile": {}, "fixed_ips": [{"subnet_id": "5e7d7d63-1d32-4a81-84f0-d5028fafd780", "ip_address": "10.100.0.3"}], "id": "abd07591-850e-4b20-9a8a-1c5929205a37", "security_groups": ["e97f93da-9b08-4d7b-81ac-df741fc0afa5"], "device_id": "93548e72-f092-4e9e-993a-f4089d7bcc36", "name": "", "admin_state_up": true, "network_id": "e6430583-7d60-4b82-83e3-c2768acf7152", "dns_name": "", "binding:vif_details": {"port_filter": true}, "binding:vnic_type": "normal", "binding:vif_type": "ovs", "tenant_id": "e84fa07a63c7418096e58b8ea5c6aa4b", "mac_address": "fa:16:3e:81:3b:ee"}]}
2016-02-17 19:20:28,084 31709 INFO     [tempest_lib.common.rest_client] Request (TestNetworkBasicOps:test_update_instance_port_admin_state): 200 GET http://10.4.1.3:9696/v2.0/floatingips/1218c828-cc2a-4a81-9c98-d56d3a23628e 0.019s
2016-02-17 19:20:28,084 31709 DEBUG    [tempest_lib.common.rest_client] Request - Headers: {'Content-Type': 'application/json', 'Accept': 'application/json', 'X-Auth-Token': '&lt;omitted&gt;'}
        Body: None
    Response - Headers: {'status': '200', 'content-length': '368', 'content-location': 'http://10.4.1.3:9696/v2.0/floatingips/1218c828-cc2a-4a81-9c98-d56d3a23628e', 'connection': 'close', 'date': 'Wed, 17 Feb 2016 19:20:28 GMT', 'content-type': 'application/json; charset=UTF-8', 'x-openstack-request-id': 'req-f1afc68a-f043-4edb-8391-58249db0b42c'}
        Body: {"floatingip": {"floating_network_id": "4ce44e5b-2077-4179-84a6-feb601131437", "router_id": "1f127f1f-c3fb-43da-a97a-d5571c8f7a89", "fixed_ip_address": "10.100.0.3", "floating_ip_address": "172.24.4.18", "tenant_id": "e84fa07a63c7418096e58b8ea5c6aa4b", "status": "DOWN", "port_id": "abd07591-850e-4b20-9a8a-1c5929205a37", "id": "1218c828-cc2a-4a81-9c98-d56d3a23628e"}}
2016-02-17 19:20:29,100 31709 INFO     [tempest_lib.common.rest_client] Request (TestNetworkBasicOps:test_update_instance_port_admin_state): 200 GET http://10.4.1.3:9696/v2.0/floatingips/1218c828-cc2a-4a81-9c98-d56d3a23628e 0.014s
2016-02-17 19:20:29,101 31709 DEBUG    [tempest_lib.common.rest_client] Request - Headers: {'Content-Type': 'application/json', 'Accept': 'application/json', 'X-Auth-Token': '&lt;omitted&gt;'}
        Body: None
    Response - Headers: {'status': '200', 'content-length': '370', 'content-location': 'http://10.4.1.3:9696/v2.0/floatingips/1218c828-cc2a-4a81-9c98-d56d3a23628e', 'connection': 'close', 'date': 'Wed, 17 Feb 2016 19:20:29 GMT', 'content-type': 'application/json; charset=UTF-8', 'x-openstack-request-id': 'req-e2e2d2ca-0de9-4996-9ff6-49beea2634ab'}
        Body: {"floatingip": {"floating_network_id": "4ce44e5b-2077-4179-84a6-feb601131437", "router_id": "1f127f1f-c3fb-43da-a97a-d5571c8f7a89", "fixed_ip_address": "10.100.0.3", "floating_ip_address": "172.24.4.18", "tenant_id": "e84fa07a63c7418096e58b8ea5c6aa4b", "status": "ACTIVE", "port_id": "abd07591-850e-4b20-9a8a-1c5929205a37", "id": "1218c828-cc2a-4a81-9c98-d56d3a23628e"}}
2016-02-17 19:20:29,101 31709 INFO     [tempest.scenario.manager] FloatingIP: &lt;"FloatingIP" addr="172.24.4.18" id="1218c828-cc2a-4a81-9c98-d56d3a23628e"&gt; is at status: ACTIVE
2016-02-17 19:20:29,102 31709 DEBUG    [tempest.scenario.manager] checking network connections to IP 172.24.4.18 with user: cirros
2016-02-17 19:20:29,102 31709 DEBUG    [tempest.scenario.manager] TestNetworkBasicOps:test_update_instance_port_admin_state begins to ping 172.24.4.18 in 120 sec and the expected result is reachable
2016-02-17 19:20:47,205 31709 DEBUG    [tempest.scenario.manager] TestNetworkBasicOps:test_update_instance_port_admin_state finishes ping 172.24.4.18 in 120 sec and the ping result is expected
2016-02-17 19:20:47,207 31709 INFO     [tempest_lib.common.ssh] Creating ssh connection to '172.24.4.18' as 'cirros' with public key authentication
2016-02-17 19:20:47,219 31709 WARNING  [tempest_lib.common.ssh] Failed to establish authenticated ssh connection to cirros@172.24.4.18 ([Errno None] Unable to connect to port 22 on  or 172.24.4.18). Number attempts: 1. Retry after 2 seconds.
2016-02-17 19:20:49,727 31709 WARNING  [tempest_lib.common.ssh] Failed to establish authenticated ssh connection to cirros@172.24.4.18 ([Errno None] Unable to connect to port 22 on  or 172.24.4.18). Number attempts: 2. Retry after 3 seconds.
2016-02-17 19:20:53,299 31709 INFO     [paramiko.transport] Connected (version 2.0, client dropbear_2012.55)
2016-02-17 19:20:53,509 31709 INFO     [paramiko.transport] Authentication (publickey) successful!
2016-02-17 19:20:53,529 31709 INFO     [tempest_lib.common.ssh] ssh connection to cirros@172.24.4.18 successfully created
2016-02-17 19:20:53,886 31709 INFO     [tempest_lib.common.rest_client] Request (TestNetworkBasicOps:test_update_instance_port_admin_state): 200 PUT http://10.4.1.3:9696/v2.0/ports/abd07591-850e-4b20-9a8a-1c5929205a37 0.235s
2016-02-17 19:20:53,887 31709 DEBUG    [tempest_lib.common.rest_client] Request - Headers: {'Content-Type': 'application/json', 'Accept': 'application/json', 'X-Auth-Token': '&lt;omitted&gt;'}
        Body: {"port": {"admin_state_up": false}}
    Response - Headers: {'status': '200', 'content-length': '750', 'connection': 'close', 'date': 'Wed, 17 Feb 2016 19:20:53 GMT', 'content-type': 'application/json; charset=UTF-8', 'x-openstack-request-id': 'req-8f43bb48-cb94-46df-b9af-58689d01a69c'}
        Body: {"port": {"status": "ACTIVE", "name": "", "allowed_address_pairs": [], "admin_state_up": false, "network_id": "e6430583-7d60-4b82-83e3-c2768acf7152", "dns_name": "", "extra_dhcp_opts": [], "mac_address": "fa:16:3e:81:3b:ee", "dns_assignment": [{"hostname": "host-10-100-0-3", "ip_address": "10.100.0.3", "fqdn": "host-10-100-0-3.openstacklocal."}], "binding:vnic_type": "normal", "device_owner": "compute:None", "tenant_id": "e84fa07a63c7418096e58b8ea5c6aa4b", "port_security_enabled": true, "fixed_ips": [{"subnet_id": "5e7d7d63-1d32-4a81-84f0-d5028fafd780", "ip_address": "10.100.0.3"}], "id": "abd07591-850e-4b20-9a8a-1c5929205a37", "security_groups": ["e97f93da-9b08-4d7b-81ac-df741fc0afa5"], "device_id": "93548e72-f092-4e9e-993a-f4089d7bcc36"}}
2016-02-17 19:20:53,887 31709 DEBUG    [tempest.scenario.manager] checking network connections to IP 172.24.4.18 with user: cirros
2016-02-17 19:20:53,888 31709 DEBUG    [tempest.scenario.manager] TestNetworkBasicOps:test_update_instance_port_admin_state begins to ping 172.24.4.18 in 120 sec and the expected result is unreachable
2016-02-17 19:22:54,435 31709 DEBUG    [tempest.scenario.manager] TestNetworkBasicOps:test_update_instance_port_admin_state finishes ping 172.24.4.18 in 120 sec and the ping result is unexpected
2016-02-17 19:22:54,436 31709 ERROR    [tempest.scenario.manager] Public network connectivity check failed: after updating admin_state_up of instance port to False
2016-02-17 19:22:54.436 31709 ERROR tempest.scenario.manager Traceback (most recent call last):
2016-02-17 19:22:54.436 31709 ERROR tempest.scenario.manager   File "tempest/scenario/manager.py", line 598, in check_public_network_connectivity
2016-02-17 19:22:54.436 31709 ERROR tempest.scenario.manager     should_connect=should_connect)
2016-02-17 19:22:54.436 31709 ERROR tempest.scenario.manager   File "tempest/scenario/manager.py", line 582, in check_vm_connectivity
2016-02-17 19:22:54.436 31709 ERROR tempest.scenario.manager     msg=msg)
2016-02-17 19:22:54.436 31709 ERROR tempest.scenario.manager   File "/usr/local/lib/python2.7/dist-packages/unittest2/case.py", line 702, in assertTrue
2016-02-17 19:22:54.436 31709 ERROR tempest.scenario.manager     raise self.failureException(msg)
2016-02-17 19:22:54.436 31709 ERROR tempest.scenario.manager AssertionError: False is not true : ip address 172.24.4.18 is reachable
2016-02-17 19:22:54.436 31709 ERROR tempest.scenario.manager 
2016-02-17 19:22:54,667 31709 INFO     [tempest_lib.common.rest_client] Request (TestNetworkBasicOps:test_update_instance_port_admin_state): 200 POST http://10.4.1.3:8774/v2.1/e84fa07a63c7418096e58b8ea5c6aa4b/servers/93548e72-f092-4e9e-993a-f4089d7bcc36/action 0.224s
2016-02-17 19:22:54,668 31709 DEBUG    [tempest_lib.common.rest_client] Request - Headers: {'Content-Type': 'application/json', 'Accept': 'application/json', 'X-Auth-Token': '&lt;omitted&gt;'}
        Body: {"os-getConsoleOutput": {}}
    Response - Headers: {'status': '200', 'content-length': '19834', 'x-compute-request-id': 'req-00cd1ef2-8a1a-4147-912d-66fb51cd750a', 'vary': 'X-OpenStack-Nova-API-Version', 'connection': 'close', 'x-openstack-nova-api-version': '2.1', 'date': 'Wed, 17 Feb 2016 19:22:54 GMT', 'content-type': 'application/json'}
        Body: {"output": "[    0.000000] Initializing cgroup subsys cpuset\n[    0.000000] Initializing cgroup subsys cpu\n[    0.000000] Linux version 3.2.0-80-virtual (buildd@batsu) (gcc version 4.6.3 (Ubuntu/Linaro 4.6.3-1ubuntu5) ) #116-Ubuntu SMP Mon Mar 23 17:28:52 UTC 2015 (Ubuntu 3.2.0-80.116-virtual 3.2.68)\n[    0.000000] Command line: root=/dev/vda console=tty0 console=ttyS0 no_timer_check\n[    0.000000] KERNEL supported cpus:\n[    0.000000]   Intel GenuineIntel\n[    0.000000]   AMD AuthenticAMD\n[    0.000000]   Centaur CentaurHauls\n[    0.000000] BIOS-provided physical RAM map:\n[    0.000000]  BIOS-e820: 0000000000000000 - 000000000009fc00 (usable)\n[    0.000000]  BIOS-e820: 000000000009fc00 - 00000000000a0000 (reserved)\n[    0.000000]  BIOS-e820: 00000000000f0000 - 0000000000100000 (reserved)\n[    0.000000]  BIOS-e820: 0000000000100000 - 0000000003ffe000 (usable)\n[    0.000000]  BIOS-e820: 0000000003ffe000 - 0000000004000000 (reserved)\n[    0.000000]  BIOS-e820: 00000000fffc0000 - 0000000100000000 (reserved)\n[    0.000000] NX (Execute Disable) protection: active\n[    0.000000] SMBIOS 2.4 present.\n[    0.000000] No AGP bridge found\n[    0.000000] last_pfn = 0x3ffe max_arch_pfn = 0x400000000\n[    0.000000] x86 PAT enabled: cpu 0, old 0x7040600070406, new 0x7010600070106\n[    0.000000] found SMP MP-table at [ffff8800000f0b00] f0b00\n[    0.000000] init_memory_mapping: 0000000000000000-0000000003ffe000\n[    0.000000] RAMDISK: 03c5e000 - 03ff0000\n[    0.000000] ACPI: RSDP 00000000000f0950 00014 (v00 BOCHS )\n[    0.000000] ACPI: RSDT 0000000003fffbc1 00034 (v01 BOCHS  BXPCRSDT 00000001 BXPC 00000001)\n[    0.000000] ACPI: FACP 0000000003fff1c0 00074 (v01 BOCHS  BXPCFACP 00000001 BXPC 00000001)\n[    0.000000] ACPI: DSDT 0000000003ffe040 01180 (v01 BOCHS  BXPCDSDT 00000001 BXPC 00000001)\n[    0.000000] ACPI: FACS 0000000003ffe000 00040\n[    0.000000] ACPI: SSDT 0000000003fff234 008DD (v01 BOCHS  BXPCSSDT 00000001 BXPC 00000001)\n[    0.000000] ACPI: APIC 0000000003fffb11 00078 (v01 BOCHS  BXPCAPIC 00000001 BXPC 00000001)\n[    0.000000] ACPI: HPET 0000000003fffb89 00038 (v01 BOCHS  BXPCHPET 00000001 BXPC 00000001)\n[    0.000000] No NUMA configuration found\n[    0.000000] Faking a node at 0000000000000000-0000000003ffe000\n[    0.000000] Initmem setup node 0 0000000000000000-0000000003ffe000\n[    0.000000]   NODE_DATA [0000000003ff6000 - 0000000003ffafff]\n[    0.000000] Zone PFN ranges:\n[    0.000000]   DMA      0x00000010 -&gt; 0x00001000\n[    0.000000]   DMA32    0x00001000 -&gt; 0x00100000\n[    0.000000]   Normal   empty\n[    0.000000] Movable zone start PFN for each node\n[    0.000000] early_node_map[2] active PFN ranges\n[    0.000000]     0: 0x00000010 -&gt; 0x0000009f\n[    0.000000]     0: 0x00000100 -&gt; 0x00003ffe\n[    0.000000] ACPI: PM-Timer IO Port: 0xb008\n[    0.000000] ACPI: LAPIC (acpi_id[0x00] lapic_id[0x00] enabled)\n[    0.000000] ACPI: LAPIC_NMI (acpi_id[0xff] dfl dfl lint[0x1])\n[    0.000000] ACPI: IOAPIC (id[0x00] address[0xfec00000] gsi_base[0])\n[    0.000000] IOAPIC[0]: apic_id 0, version 17, address 0xfec00000, GSI 0-23\n[    0.000000] ACPI: INT_SRC_OVR (bus 0 bus_irq 0 global_irq 2 dfl dfl)\n[    0.000000] ACPI: INT_SRC_OVR (bus 0 bus_irq 5 global_irq 5 high level)\n[    0.000000] ACPI: INT_SRC_OVR (bus 0 bus_irq 9 global_irq 9 high level)\n[    0.000000] ACPI: INT_SRC_OVR (bus 0 bus_irq 10 global_irq 10 high level)\n[    0.000000] ACPI: INT_SRC_OVR (bus 0 bus_irq 11 global_irq 11 high level)\n[    0.000000] Using ACPI (MADT) for SMP configuration information\n[    0.000000] ACPI: HPET id: 0x8086a201 base: 0xfed00000\n[    0.000000] SMP: Allowing 1 CPUs, 0 hotplug CPUs\n[    0.000000] PM: Registered nosave memory: 000000000009f000 - 00000000000a0000\n[    0.000000] PM: Registered nosave memory: 00000000000a0000 - 00000000000f0000\n[    0.000000] PM: Registered nosave memory: 00000000000f0000 - 0000000000100000\n[    0.000000] Allocating PCI resources starting at 4000000 (gap: 4000000:fbfc0000)\n[    0.000000] Booting paravirtualized kernel on bare hardware\n[    0.000000] setup_pe
2016-02-17 19:22:54,671 31709 DEBUG    [tempest.scenario.manager] Console output for 93548e72-f092-4e9e-993a-f4089d7bcc36
body=
[    0.000000] Initializing cgroup subsys cpuset
[    0.000000] Initializing cgroup subsys cpu
[    0.000000] Linux version 3.2.0-80-virtual (buildd@batsu) (gcc version 4.6.3 (Ubuntu/Linaro 4.6.3-1ubuntu5) ) #116-Ubuntu SMP Mon Mar 23 17:28:52 UTC 2015 (Ubuntu 3.2.0-80.116-virtual 3.2.68)
[    0.000000] Command line: root=/dev/vda console=tty0 console=ttyS0 no_timer_check
[    0.000000] KERNEL supported cpus:
[    0.000000]   Intel GenuineIntel
[    0.000000]   AMD AuthenticAMD
[    0.000000]   Centaur CentaurHauls
[    0.000000] BIOS-provided physical RAM map:
[    0.000000]  BIOS-e820: 0000000000000000 - 000000000009fc00 (usable)
[    0.000000]  BIOS-e820: 000000000009fc00 - 00000000000a0000 (reserved)
[    0.000000]  BIOS-e820: 00000000000f0000 - 0000000000100000 (reserved)
[    0.000000]  BIOS-e820: 0000000000100000 - 0000000003ffe000 (usable)
[    0.000000]  BIOS-e820: 0000000003ffe000 - 0000000004000000 (reserved)
[    0.000000]  BIOS-e820: 00000000fffc0000 - 0000000100000000 (reserved)
[    0.000000] NX (Execute Disable) protection: active
[    0.000000] SMBIOS 2.4 present.
[    0.000000] No AGP bridge found
[    0.000000] last_pfn = 0x3ffe max_arch_pfn = 0x400000000
[    0.000000] x86 PAT enabled: cpu 0, old 0x7040600070406, new 0x7010600070106
[    0.000000] found SMP MP-table at [ffff8800000f0b00] f0b00
[    0.000000] init_memory_mapping: 0000000000000000-0000000003ffe000
[    0.000000] RAMDISK: 03c5e000 - 03ff0000
[    0.000000] ACPI: RSDP 00000000000f0950 00014 (v00 BOCHS )
[    0.000000] ACPI: RSDT 0000000003fffbc1 00034 (v01 BOCHS  BXPCRSDT 00000001 BXPC 00000001)
[    0.000000] ACPI: FACP 0000000003fff1c0 00074 (v01 BOCHS  BXPCFACP 00000001 BXPC 00000001)
[    0.000000] ACPI: DSDT 0000000003ffe040 01180 (v01 BOCHS  BXPCDSDT 00000001 BXPC 00000001)
[    0.000000] ACPI: FACS 0000000003ffe000 00040
[    0.000000] ACPI: SSDT 0000000003fff234 008DD (v01 BOCHS  BXPCSSDT 00000001 BXPC 00000001)
[    0.000000] ACPI: APIC 0000000003fffb11 00078 (v01 BOCHS  BXPCAPIC 00000001 BXPC 00000001)
[    0.000000] ACPI: HPET 0000000003fffb89 00038 (v01 BOCHS  BXPCHPET 00000001 BXPC 00000001)
[    0.000000] No NUMA configuration found
[    0.000000] Faking a node at 0000000000000000-0000000003ffe000
[    0.000000] Initmem setup node 0 0000000000000000-0000000003ffe000
[    0.000000]   NODE_DATA [0000000003ff6000 - 0000000003ffafff]
[    0.000000] Zone PFN ranges:
[    0.000000]   DMA      0x00000010 -&gt; 0x00001000
[    0.000000]   DMA32    0x00001000 -&gt; 0x00100000
[    0.000000]   Normal   empty
[    0.000000] Movable zone start PFN for each node
[    0.000000] early_node_map[2] active PFN ranges
[    0.000000]     0: 0x00000010 -&gt; 0x0000009f
[    0.000000]     0: 0x00000100 -&gt; 0x00003ffe
[    0.000000] ACPI: PM-Timer IO Port: 0xb008
[    0.000000] ACPI: LAPIC (acpi_id[0x00] lapic_id[0x00] enabled)
[    0.000000] ACPI: LAPIC_NMI (acpi_id[0xff] dfl dfl lint[0x1])
[    0.000000] ACPI: IOAPIC (id[0x00] address[0xfec00000] gsi_base[0])
[    0.000000] IOAPIC[0]: apic_id 0, version 17, address 0xfec00000, GSI 0-23
[    0.000000] ACPI: INT_SRC_OVR (bus 0 bus_irq 0 global_irq 2 dfl dfl)
[    0.000000] ACPI: INT_SRC_OVR (bus 0 bus_irq 5 global_irq 5 high level)
[    0.000000] ACPI: INT_SRC_OVR (bus 0 bus_irq 9 global_irq 9 high level)
[    0.000000] ACPI: INT_SRC_OVR (bus 0 bus_irq 10 global_irq 10 high level)
[    0.000000] ACPI: INT_SRC_OVR (bus 0 bus_irq 11 global_irq 11 high level)
[    0.000000] Using ACPI (MADT) for SMP configuration information
[    0.000000] ACPI: HPET id: 0x8086a201 base: 0xfed00000
[    0.000000] SMP: Allowing 1 CPUs, 0 hotplug CPUs
[    0.000000] PM: Registered nosave memory: 000000000009f000 - 00000000000a0000
[    0.000000] PM: Registered nosave memory: 00000000000a0000 - 00000000000f0000
[    0.000000] PM: Registered nosave memory: 00000000000f0000 - 0000000000100000
[    0.000000] Allocating PCI resources starting at 4000000 (gap: 4000000:fbfc0000)
[    0.000000] Booting paravirtualized kernel on bare hardware
[    0.000000] setup_percpu: NR_CPUS:64 nr_cpumask_bits:64 nr_cpu_ids:1 nr_node_ids:1
[    0.000000] PERCPU: Embedded 27 pages/cpu @ffff880003a00000 s78848 r8192 d23552 u2097152
[    0.000000] Built 1 zonelists in Node order, mobility grouping on.  Total pages: 16008
[    0.000000] Policy zone: DMA32
[    0.000000] Kernel command line: root=/dev/vda console=tty0 console=ttyS0 no_timer_check
[    0.000000] PID hash table entries: 256 (order: -1, 2048 bytes)
[    0.000000] Checking aperture...
[    0.000000] No AGP bridge found
[    0.000000] Memory: 43492k/65528k available (6576k kernel code, 452k absent, 21584k reserved, 6620k data, 928k init)
[    0.000000] SLUB: Genslabs=15, HWalign=64, Order=0-3, MinObjects=0, CPUs=1, Nodes=1
[    0.000000] Hierarchical RCU implementation.
[    0.000000] 	RCU dyntick-idle grace-period acceleration is enabled.
[    0.000000] NR_IRQS:4352 nr_irqs:256 16
[    0.000000] Console: colour VGA+ 80x25
[    0.000000] console [tty0] enabled
[    0.000000] console [ttyS0] enabled
[    0.000000] allocated 1048576 bytes of page_cgroup
[    0.000000] please try 'cgroup_disable=memory' option if you don't want memory cgroups
[    0.000000] Fast TSC calibration failed
[    0.000000] TSC: Unable to calibrate against PIT
[    0.000000] TSC: using HPET reference calibration
[    0.000000] Detected 2291.690 MHz processor.
[    0.032594] Calibrating delay loop (skipped), value calculated using timer frequency.. 4583.38 BogoMIPS (lpj=9166760)
[    0.036226] pid_max: default: 32768 minimum: 301
[    0.045149] Security Framework initialized
[    0.050413] AppArmor: AppArmor initialized
[    0.051163] Yama: becoming mindful.
[    0.058926] Dentry cache hash table entries: 8192 (order: 4, 65536 bytes)
[    0.061005] Inode-cache hash table entries: 4096 (order: 3, 32768 bytes)
[    0.062520] Mount-cache hash table entries: 256
[    0.080933] Initializing cgroup subsys cpuacct
[    0.081973] Initializing cgroup subsys memory
[    0.084221] Initializing cgroup subsys devices
[    0.085243] Initializing cgroup subsys freezer
[    0.086017] Initializing cgroup subsys blkio
[    0.087267] Initializing cgroup subsys perf_event
[    0.093051] mce: CPU supports 10 MCE banks
[    0.097097] SMP alternatives: switching to UP code
[    0.539063] Freeing SMP alternatives: 24k freed
[    0.540033] ACPI: Core revision 20110623
[    0.585703] ftrace: allocating 26610 entries in 105 pages
[    0.611213] ..TIMER: vector=0x30 apic1=0 pin1=2 apic2=-1 pin2=-1
[    0.612137] CPU0: AMD QEMU Virtual CPU version 2.0.0 stepping 03
[    0.616037] Performance Events: Broken PMU hardware detected, using software events only.
[    0.625070] NMI watchdog disabled (cpu0): hardware events not enabled
[    0.626634] Brought up 1 CPUs
[    0.627162] Total of 1 processors activated (4583.38 BogoMIPS).
[    0.650210] devtmpfs: initialized
[    0.681259] EVM: security.selinux
[    0.681728] EVM: security.SMACK64
[    0.682596] EVM: security.capability
[    0.705652] print_constraints: dummy: 
[    0.708029] RTC time: 19:20:29, date: 02/17/16
[    0.709849] NET: Registered protocol family 16
[    0.720433] ACPI: bus type pci registered
[    0.725381] PCI: Using configuration type 1 for base access
[    0.757303] bio: create slab &lt;bio-0&gt; at 0
[    0.762602] ACPI: Added _OSI(Module Device)
[    0.763148] ACPI: Added _OSI(Processor Device)
[    0.764124] ACPI: Added _OSI(3.0 _SCP Extensions)
[    0.764794] ACPI: Added _OSI(Processor Aggregator Device)
[    0.833857] ACPI: Interpreter enabled
[    0.834660] ACPI: (supports S0 S3 S4 S5)
[    0.837203] ACPI: Using IOAPIC for interrupt routing
[    0.908936] ACPI: No dock devices found.
[    0.909567] HEST: Table not found.
[    0.910211] PCI: Using host bridge windows from ACPI; if necessary, use "pci=nocrs" and report a bug
[    0.915511] ACPI: PCI Root Bridge [PCI0] (domain 0000 [bus 00-ff])
[    0.921584] pci_root PNP0A03:00: host bridge window [io  0x0000-0x0cf7]
[    0.922653] pci_root PNP0A03:00: host bridge window [io  0x0d00-0xadff]
[    0.924113] pci_root PNP0A03:00: host bridge window [io  0xae0f-0xaeff]
[    0.925164] pci_root PNP0A03:00: host bridge window [io  0xaf20-0xafdf]
[    0.926257] pci_root PNP0A03:00: host bridge window [io  0xafe4-0xffff]
[    0.928182] pci_root PNP0A03:00: host bridge window [mem 0x000a0000-0x000bffff]
[    0.929127] pci_root PNP0A03:00: host bridge window [mem 0x04000000-0xfebfffff]
[    0.952942] pci 0000:00:01.3: quirk: [io  0xb000-0xb03f] claimed by PIIX4 ACPI
[    0.954376] pci 0000:00:01.3: quirk: [io  0xb100-0xb10f] claimed by PIIX4 SMB
[    1.037405]  pci0000:00: Unable to request _OSC control (_OSC support mask: 0x1e)
[    1.090730] ACPI: PCI Interrupt Link [LNKA] (IRQs 5 *10 11)
[    1.093055] ACPI: PCI Interrupt Link [LNKB] (IRQs 5 *10 11)
[    1.096573] ACPI: PCI Interrupt Link [LNKC] (IRQs 5 10 *11)
[    1.097915] ACPI: PCI Interrupt Link [LNKD] (IRQs 5 10 *11)
[    1.099213] ACPI: PCI Interrupt Link [LNKS] (IRQs *9)
[    1.106178] vgaarb: device added: PCI:0000:00:02.0,decodes=io+mem,owns=io+mem,locks=none
[    1.107229] vgaarb: loaded
[    1.108102] vgaarb: bridge control possible 0000:00:02.0
[    1.111197] i2c-core: driver [aat2870] using legacy suspend method
[    1.112139] i2c-core: driver [aat2870] using legacy resume method
[    1.114472] SCSI subsystem initialized
[    1.118270] usbcore: registered new interface driver usbfs
[    1.119441] usbcore: registered new interface driver hub
[    1.120683] usbcore: registered new device driver usb
[    1.124742] PCI: Using ACPI for IRQ routing
[    1.134697] NetLabel: Initializing
[    1.135129] NetLabel:  domain hash size = 128
[    1.135650] NetLabel:  protocols = UNLABELED CIPSOv4
[    1.137360] NetLabel:  unlabeled traffic allowed by default
[    1.140180] HPET: 3 timers in total, 0 timers will be used for per-cpu timer
[    1.141350] hpet0: at MMIO 0xfed00000, IRQs 2, 8, 0
[    1.142226] hpet0: 3 comparators, 64-bit 100.000000 MHz counter
[    1.154532] Switching to clocksource hpet
[    1.393618] AppArmor: AppArmor Filesystem Enabled
[    1.394843] pnp: PnP ACPI init
[    1.395605] ACPI: bus type pnp registered
[    1.414197] pnp: PnP ACPI: found 9 devices
[    1.414972] ACPI: ACPI bus type pnp unregistered
[    1.469099] NET: Registered protocol family 2
[    1.499934] IP route cache hash table entries: 512 (order: 0, 4096 bytes)
[    1.507782] TCP established hash table entries: 2048 (order: 3, 32768 bytes)
[    1.509515] TCP bind hash table entries: 2048 (order: 3, 32768 bytes)
[    1.510682] TCP: Hash tables configured (established 2048 bind 2048)
[    1.511433] TCP reno registered
[    1.511935] UDP hash table entries: 128 (order: 0, 4096 bytes)
[    1.513407] UDP-Lite hash table entries: 128 (order: 0, 4096 bytes)
[    1.515865] NET: Registered protocol family 1
[    1.517262] pci 0000:00:00.0: Limiting direct PCI/PCI transfers
[    1.517997] pci 0000:00:01.0: PIIX3: Enabling Passive Release
[    1.518923] pci 0000:00:01.0: Activating ISA DMA hang workarounds
[    1.526205] ACPI: PCI Interrupt Link [LNKD] enabled at IRQ 11
[    1.527588] pci 0000:00:01.2: PCI INT D -&gt; Link[LNKD] -&gt; GSI 11 (level, high) -&gt; IRQ 11
[    1.530446] pci 0000:00:01.2: PCI INT D disabled
[    1.550028] Trying to unpack rootfs image as initramfs...
[    1.565824] audit: initializing netlink socket (disabled)
[    1.567343] type=2000 audit(1455736829.564:1): initialized
[    1.816157] HugeTLB registered 2 MB page size, pre-allocated 0 pages
[    1.889162] VFS: Disk quotas dquot_6.5.2
[    1.890577] Dquot-cache hash table entries: 512 (order 0, 4096 bytes)
[    1.910582] fuse init (API version 7.17)
[    1.914059] msgmni has been set to 84
[    1.955942] Block layer SCSI generic (bsg) driver version 0.4 loaded (major 253)
[    1.965913] io scheduler noop registered
[    1.966465] io scheduler deadline registered (default)
[    1.967830] io scheduler cfq registered
[    1.971624] pci_hotplug: PCI Hot Plug PCI Core version: 0.5
[    1.974342] pciehp: PCI Express Hot Plug Controller Driver version: 0.4
[    1.980076] input: Power Button as /devices/LNXSYSTM:00/LNXPWRBN:00/input/input0
[    1.982503] ACPI: Power Button [PWRF]
[    2.025360] ERST: Table is not found!
[    2.025885] GHES: HEST is not enabled!
[    2.034026] ACPI: PCI Interrupt Link [LNKC] enabled at IRQ 10
[    2.034757] virtio-pci 0000:00:03.0: PCI INT A -&gt; Link[LNKC] -&gt; GSI 10 (level, high) -&gt; IRQ 10
[    2.038436] virtio-pci 0000:00:04.0: PCI INT A -&gt; Link[LNKD] -&gt; GSI 11 (level, high) -&gt; IRQ 11
[    2.058242] ACPI: PCI Interrupt Link [LNKA] enabled at IRQ 10
[    2.058905] virtio-pci 0000:00:05.0: PCI INT A -&gt; Link[LNKA] -&gt; GSI 10 (level, high) -&gt; IRQ 10
[    2.063711] Serial: 8250/16550 driver, 32 ports, IRQ sharing enabled
[    2.101550] serial8250: ttyS0 at I/O 0x3f8 (irq = 4) is a 16550A
[    2.181317] serial8250: ttyS1 at I/O 0x2f8 (irq = 3) is a 16550A
[    2.306092] 00:05: ttyS0 at I/O 0x3f8 (irq = 4) is a 16550A
[    2.384070] 00:06: ttyS1 at I/O 0x2f8 (irq = 3) is a 16550A
[    2.439671] Linux agpgart interface v0.103
[    2.517874] brd: module loaded
[    2.533202] Refined TSC clocksource calibration: 2291.755 MHz.
[    2.533996] Switching to clocksource tsc
[    2.550890] loop: module loaded
[    2.601116]  vda: unknown partition table
[    2.649704] scsi0 : ata_piix
[    2.661955] scsi1 : ata_piix
[    2.663403] ata1: PATA max MWDMA2 cmd 0x1f0 ctl 0x3f6 bmdma 0xc0a0 irq 14
[    2.664967] ata2: PATA max MWDMA2 cmd 0x170 ctl 0x376 bmdma 0xc0a8 irq 15
[    2.675512] Fixed MDIO Bus: probed
[    2.677049] tun: Universal TUN/TAP device driver, 1.6
[    2.677652] tun: (C) 1999-2004 Max Krasnyansky &lt;maxk@qualcomm.com&gt;
[    2.689964] PPP generic driver version 2.4.2
[    2.713061] ehci_hcd: USB 2.0 'Enhanced' Host Controller (EHCI) Driver
[    2.714430] ohci_hcd: USB 1.1 'Open' Host Controller (OHCI) Driver
[    2.715776] uhci_hcd: USB Universal Host Controller Interface driver
[    2.718347] uhci_hcd 0000:00:01.2: PCI INT D -&gt; Link[LNKD] -&gt; GSI 11 (level, high) -&gt; IRQ 11
[    2.721795] uhci_hcd 0000:00:01.2: UHCI Host Controller
[    2.734037] uhci_hcd 0000:00:01.2: new USB bus registered, assigned bus number 1
[    2.738321] uhci_hcd 0000:00:01.2: irq 11, io base 0x0000c040
[    2.771776] hub 1-0:1.0: USB hub found
[    2.773797] hub 1-0:1.0: 2 ports detected
[    2.782741] usbcore: registered new interface driver libusual
[    2.788729] i8042: PNP: PS/2 Controller [PNP0303:KBD,PNP0f13:MOU] at 0x60,0x64 irq 1,12
[    2.800045] serio: i8042 KBD port at 0x60,0x64 irq 1
[    2.805970] serio: i8042 AUX port at 0x60,0x64 irq 12
[    2.872111] ata2.01: ATAPI: QEMU DVD-ROM, 2.0.0, max UDMA/100
[    2.878451] mousedev: PS/2 mouse device common for all mice
[    2.894925] rtc_cmos 00:01: RTC can wake from S4
[    2.903803] input: AT Translated Set 2 keyboard as /devices/platform/i8042/serio0/input/input1
[    2.908555] rtc_cmos 00:01: rtc core: registered rtc_cmos as rtc0
[    2.911056] rtc0: alarms up to one day, 114 bytes nvram, hpet irqs
[    2.913638] device-mapper: uevent: version 1.0.3
[    2.934929] ata2.01: configured for MWDMA2
[    2.955817] device-mapper: ioctl: 4.22.0-ioctl (2011-10-19) initialised: dm-devel@redhat.com
[    2.959453] cpuidle: using governor ladder
[    2.960143] cpuidle: using governor menu
[    2.961237] EFI Variables Facility v0.08 2004-May-17
[    2.969286] TCP cubic registered
[    2.973619] NET: Registered protocol family 10
[    3.024719] NET: Registered protocol family 17
[    3.026024] Registering the dns_resolver key type
[    3.039209] scsi 1:0:1:0: CD-ROM            QEMU     QEMU DVD-ROM     2.0. PQ: 0 ANSI: 5
[    3.066140] sr0: scsi3-mmc drive: 4x/4x cd/rw xa/form2 tray
[    3.067599] cdrom: Uniform CD-ROM driver Revision: 3.20
[    3.086074] sr 1:0:1:0: Attached scsi generic sg0 type 5
[    3.155465] registered taskstats version 1
[    3.198045] Freeing initrd memory: 3656k freed
[    3.730702]   Magic number: 4:539:344
[    3.739741] tty tty61: hash matches
[    3.748841] rtc_cmos 00:01: setting system clock to 2016-02-17 19:20:32 UTC (1455736832)
[    3.754473] powernow-k8: Processor cpuid 663 not supported
[    3.763434] BIOS EDD facility v0.16 2004-Jun-25, 0 devices found
[    3.764864] EDD information not available.
[    3.842286] Freeing unused kernel memory: 928k freed
[    3.848052] Write protecting the kernel read-only data: 12288k
[    3.923814] Freeing unused kernel memory: 1596k freed
[    3.977625] Freeing unused kernel memory: 1184k freed

info: initramfs: up at 4.13
modprobe: module virtio_blk not found in modules.dep
modprobe: module virtio_net not found in modules.dep
info: copying initramfs to /dev/vda
info: initramfs loading root from /dev/vda
info: /etc/init.d/rc.sysinit: up at 8.82
info: container: none
Starting logging: OK
modprobe: module virtio_blk not found in modules.dep
modprobe: module virtio_net not found in modules.dep
WARN: /etc/rc3.d/S10-load-modules failed
Initializing random number generator... done.
Starting acpid: OK
cirros-ds 'local' up at 11.39
found datasource (configdrive, local)
Starting network...
udhcpc (v1.20.1) started
Sending discover...
Sending select for 10.100.0.3...
Lease of 10.100.0.3 obtained, lease time 86400
route: SIOCADDRT: File exists
WARN: failed: route add -net "0.0.0.0/0" gw "10.100.0.1"
Starting dropbear sshd: generating rsa key... generating dsa key... OK
no userdata for datasource
=== system information ===
Platform: OpenStack Foundation OpenStack Nova
Container: none
Arch: x86_64
CPU(s): 1 @ 2291.690 MHz
Cores/Sockets/Threads: 1/1/1
Virt-type: AMD-V
RAM Size: 49MB
Disks:
NAME MAJ:MIN     SIZE LABEL         MOUNTPOINT
vda  253:0   25165824 cirros-rootfs /
sr0   11:0     428032 config-2      
=== sshd host keys ===
-----BEGIN SSH HOST KEY KEYS-----
ssh-rsa AAAAB3NzaC1yc2EAAAADAQABAAAAgwDX6mUDsx6nFnMiH2Q9EkXexNvEdHOchdHOgjSnA/dm410k0KW0b4T2ZWyI+Zzba0V6W+z2FKjlpsXdfw3YLBdIjfmNZBQi3oWvznjeSA/QkW7fxV0lurVM9F8x1qUTtz8GOPgjcms6K2lRvfYFHesgGajhNZ7CyxLCGrsD+SiDbNUd root@tempest-server-smoke-1896813347
ssh-dss AAAAB3NzaC1kc3MAAACBANK6u6Gg53ZS3uHtQuHmG1ikTyuXKicKBUmHenCcGW5hDu6H+sstEvxEJFqFc86zn9AtWc429Mflt3QPfHnVM1RGtDM8hELgoRN2XXd27DgaFoNza+EqP47XPMzHdYJCGX5qqHLPVWngvfsoPYAbOckwmulNpv5Myc1P3MhsgqAlAAAAFQC/V5N5e1rybgc/7hF4ZnjGcGiaSQAAAIB0kOsiyhUjPxKVC2wvzjSXqn62Fd2IRGXtpYrMT2XOSV0e1Gi2kW5gV/ridir92SUKXqHbPc4yGLUCSLcla0SqdlS52TmlvMnksqWmJEw+F00LM66mTbttJ9C9eRSLoViWBgHyU1gi5S08cQBg0TJ0yLtLQgfXjl2GdXcESpXCTgAAAIEApDxfyUgPtpuI92ENCbxFS2lk1iVix/1aQmKVNRaBRZnad3Wfcwioui3xFgaX808pjEJGY+g+yGnInfvY+K+7zyNv3MrefricIYemmxpsStuVXVJbekbj8Bdf8FL4RqxD5xVChzvAI4yM3A4oAtpk8Gi1Zv8r5NP+mWVOzm2MRIw= root@tempest-server-smoke-1896813347
-----END SSH HOST KEY KEYS-----
=== network info ===
if-info: lo,up,127.0.0.1,8,::1
if-info: eth0,up,10.100.0.3,28,fe80::f816:3eff:fe81:3bee
ip-route:default via 10.100.0.1 dev eth0 
ip-route:10.100.0.0/28 dev eth0  src 10.100.0.3 
ip-route:169.254.169.254 via 10.100.0.1 dev eth0 
=== datasource: configdrive local ===
instance-id: 93548e72-f092-4e9e-993a-f4089d7bcc36
name: tempest-server-smoke-1896813347
availability-zone: nova
local-hostname: tempest-server-smoke-1896813347.novalocal
launch-index: 0
=== cirros: current=0.3.4 uptime=22.87 ===
  ____               ____  ____
 / __/ __ ____ ____ / __ \/ __/
/ /__ / // __// __// /_/ /\ \ 
\___//_//_/  /_/   \____/___/ 
   http://cirros-cloud.net


login as 'cirros' user. default password: 'cubswin:)'. use 'sudo' for root.
tempest-server-smoke-1896813347 login: 
2016-02-17 19:22:54,934 31709 INFO     [tempest_lib.common.rest_client] Request (TestNetworkBasicOps:_run_cleanups): 204 DELETE http://10.4.1.3:9696/v2.0/floatingips/1218c828-cc2a-4a81-9c98-d56d3a23628e 0.258s
2016-02-17 19:22:54,934 31709 DEBUG    [tempest_lib.common.rest_client] Request - Headers: {'Content-Type': 'application/json', 'Accept': 'application/json', 'X-Auth-Token': '&lt;omitted&gt;'}
        Body: None
    Response - Headers: {'date': 'Wed, 17 Feb 2016 19:22:54 GMT', 'status': '204', 'connection': 'close', 'content-length': '0', 'x-openstack-request-id': 'req-6c9455cc-dd9f-4a8d-b815-bc8224aacf4f'}
        Body: 
2016-02-17 19:22:55,184 31709 INFO     [tempest_lib.common.rest_client] Request (TestNetworkBasicOps:_run_cleanups): 204 DELETE http://10.4.1.3:8774/v2.1/e84fa07a63c7418096e58b8ea5c6aa4b/servers/93548e72-f092-4e9e-993a-f4089d7bcc36 0.249s
2016-02-17 19:22:55,184 31709 DEBUG    [tempest_lib.common.rest_client] Request - Headers: {'Content-Type': 'application/json', 'Accept': 'application/json', 'X-Auth-Token': '&lt;omitted&gt;'}
        Body: None
    Response - Headers: {'status': '204', 'content-length': '0', 'x-compute-request-id': 'req-eb4426f6-b920-4b30-a809-2d33356ce369', 'vary': 'X-OpenStack-Nova-API-Version', 'connection': 'close', 'x-openstack-nova-api-version': '2.1', 'date': 'Wed, 17 Feb 2016 19:22:55 GMT', 'content-type': 'application/json'}
        Body: 
2016-02-17 19:22:55,382 31709 INFO     [tempest_lib.common.rest_client] Request (TestNetworkBasicOps:_run_cleanups): 200 GET http://10.4.1.3:8774/v2.1/e84fa07a63c7418096e58b8ea5c6aa4b/servers/93548e72-f092-4e9e-993a-f4089d7bcc36 0.197s
2016-02-17 19:22:55,383 31709 DEBUG    [tempest_lib.common.rest_client] Request - Headers: {'Content-Type': 'application/json', 'Accept': 'application/json', 'X-Auth-Token': '&lt;omitted&gt;'}
        Body: None
    Response - Headers: {'status': '200', 'content-length': '1762', 'content-location': 'http://10.4.1.3:8774/v2.1/e84fa07a63c7418096e58b8ea5c6aa4b/servers/93548e72-f092-4e9e-993a-f4089d7bcc36', 'x-compute-request-id': 'req-de07d845-2a69-4136-b639-80bfc35e341b', 'vary': 'X-OpenStack-Nova-API-Version', 'connection': 'close', 'x-openstack-nova-api-version': '2.1', 'date': 'Wed, 17 Feb 2016 19:22:55 GMT', 'content-type': 'application/json'}
        Body: {"server": {"status": "ACTIVE", "updated": "2016-02-17T19:22:55Z", "hostId": "0c934d2b8f1f051d8ba5b424f80c2b31e418474d1f3451198dcfc5aa", "addresses": {"tempest-network-smoke--217935816": [{"OS-EXT-IPS-MAC:mac_addr": "fa:16:3e:81:3b:ee", "version": 4, "addr": "10.100.0.3", "OS-EXT-IPS:type": "fixed"}, {"OS-EXT-IPS-MAC:mac_addr": "fa:16:3e:81:3b:ee", "version": 4, "addr": "172.24.4.18", "OS-EXT-IPS:type": "floating"}]}, "links": [{"href": "http://10.4.1.3:8774/v2.1/e84fa07a63c7418096e58b8ea5c6aa4b/servers/93548e72-f092-4e9e-993a-f4089d7bcc36", "rel": "self"}, {"href": "http://10.4.1.3:8774/e84fa07a63c7418096e58b8ea5c6aa4b/servers/93548e72-f092-4e9e-993a-f4089d7bcc36", "rel": "bookmark"}], "key_name": "tempest-TestNetworkBasicOps-2042748222", "image": {"id": "7ec22e59-c0d7-47a3-90c7-7ad2d9811251", "links": [{"href": "http://10.4.1.3:8774/e84fa07a63c7418096e58b8ea5c6aa4b/images/7ec22e59-c0d7-47a3-90c7-7ad2d9811251", "rel": "bookmark"}]}, "OS-EXT-STS:task_state": "deleting", "OS-EXT-STS:vm_state": "active", "OS-SRV-USG:launched_at": "2016-02-17T19:20:25.000000", "flavor": {"id": "42", "links": [{"href": "http://10.4.1.3:8774/e84fa07a63c7418096e58b8ea5c6aa4b/flavors/42", "rel": "bookmark"}]}, "id": "93548e72-f092-4e9e-993a-f4089d7bcc36", "security_groups": [{"name": "tempest-secgroup-smoke-1292695960"}], "OS-SRV-USG:terminated_at": null, "OS-EXT-AZ:availability_zone": "nova", "user_id": "5fc3bb9cde6e4bce9be65e86179b89a9", "name": "tempest-server-smoke-1896813347", "created": "2016-02-17T19:20:23Z", "tenant_id": "e84fa07a63c7418096e58b8ea5c6aa4b", "OS-DCF:diskConfig": "MANUAL", "os-extended-volumes:volumes_attached": [], "accessIPv4": "", "accessIPv6": "", "progress": 0, "OS-EXT-STS:power_state": 1, "config_drive": "True", "metadata": {}}}
2016-02-17 19:22:56,549 31709 INFO     [tempest_lib.common.rest_client] Request (TestNetworkBasicOps:_run_cleanups): 200 GET http://10.4.1.3:8774/v2.1/e84fa07a63c7418096e58b8ea5c6aa4b/servers/93548e72-f092-4e9e-993a-f4089d7bcc36 0.151s
2016-02-17 19:22:56,550 31709 DEBUG    [tempest_lib.common.rest_client] Request - Headers: {'Content-Type': 'application/json', 'Accept': 'application/json', 'X-Auth-Token': '&lt;omitted&gt;'}
        Body: None
