<?xml version="1.0" encoding="UTF-8"?>
<!DOCTYPE html PUBLIC "-//W3C//DTD XHTML 1.0 Strict//EN"
     "http://www.w3.org/TR/xhtml1/DTD/xhtml1-strict.dtd">
<html xmlns="http://www.w3.org/1999/xhtml">
<head>
    <title>Unit Test Report</title>
    <meta name="generator" content="subunit2html 0.1"/>
    <meta http-equiv="Content-Type" content="text/html; charset=UTF-8"/>
    
<style type="text/css" media="screen">
body        { font-family: verdana, arial, helvetica, sans-serif;
    font-size: 80%; }
table       { font-size: 100%; width: 100%;}
pre         { font-size: 80%; }

/* -- heading -------------------------------------------------------------- */
h1 {
        font-size: 16pt;
        color: gray;
}
.heading {
    margin-top: 0ex;
    margin-bottom: 1ex;
}

.heading .attribute {
    margin-top: 1ex;
    margin-bottom: 0;
}

.heading .description {
    margin-top: 4ex;
    margin-bottom: 6ex;
}

/* -- css div popup -------------------------------------------------------- */
a.popup_link {
}

a.popup_link:hover {
    color: red;
}

.popup_window {
    display: none;
    overflow-x: scroll;
    /*border: solid #627173 1px; */
    padding: 10px;
    background-color: #E6E6D6;
    font-family: "Ubuntu Mono", "Lucida Console", "Courier New", monospace;
    text-align: left;
    font-size: 8pt;
}

}
/* -- report --------------------------------------------------------------- */
#show_detail_line {
    margin-top: 3ex;
    margin-bottom: 1ex;
}
#result_table {
    width: 100%;
    border-collapse: collapse;
    border: 1px solid #777;
}
#header_row {
    font-weight: bold;
    color: white;
    background-color: #777;
}
#result_table td {
    border: 1px solid #777;
    padding: 2px;
}
#total_row  { font-weight: bold; }
.passClass  { background-color: #6c6; }
.failClass  { background-color: #c60; }
.errorClass { background-color: #c00; }
.passCase   { color: #6c6; }
.failCase   { color: #c60; font-weight: bold; }
.errorCase  { color: #c00; font-weight: bold; }
.hiddenRow  { display: none; }
.testcase   { margin-left: 2em; }
td.testname {width: 40%}
td.small {width: 40px}

/* -- ending --------------------------------------------------------------- */
#ending {
}

</style>

</head>
<body>
<script language="javascript" type="text/javascript"><!--
output_list = Array();

/* level - 0:Summary; 1:Failed; 2:All */
function showCase(level) {
    trs = document.getElementsByTagName("tr");
    for (var i = 0; i < trs.length; i++) {
        tr = trs[i];
        id = tr.id;
        if (id.substr(0,2) == 'ft') {
            if (level < 1) {
                tr.className = 'hiddenRow';
            }
            else {
                tr.className = '';
            }
        }
        if (id.substr(0,2) == 'pt') {
            if (level > 1) {
                tr.className = '';
            }
            else {
                tr.className = 'hiddenRow';
            }
        }
    }
}


function showClassDetail(cid, count) {
    var id_list = Array(count);
    var toHide = 1;
    for (var i = 0; i < count; i++) {
        tid0 = 't' + cid.substr(1) + '.' + (i+1);
        tid = 'f' + tid0;
        tr = document.getElementById(tid);
        if (!tr) {
            tid = 'p' + tid0;
            tr = document.getElementById(tid);
        }
        id_list[i] = tid;
        if (tr.className) {
            toHide = 0;
        }
    }
    for (var i = 0; i < count; i++) {
        tid = id_list[i];
        if (toHide) {
            document.getElementById('div_'+tid).style.display = 'none'
            document.getElementById(tid).className = 'hiddenRow';
        }
        else {
            document.getElementById(tid).className = '';
        }
    }
}


function showTestDetail(div_id){
    var details_div = document.getElementById(div_id)
    var displayState = details_div.style.display
    // alert(displayState)
    if (displayState != 'block' ) {
        displayState = 'block'
        details_div.style.display = 'block'
    }
    else {
        details_div.style.display = 'none'
    }
}


function html_escape(s) {
    s = s.replace(/&/g,'&amp;');
    s = s.replace(/</g,'&lt;');
    s = s.replace(/>/g,'&gt;');
    return s;
}

/* obsoleted by detail in <div>
function showOutput(id, name) {
    var w = window.open("", //url
                    name,
                    "resizable,scrollbars,status,width=800,height=450");
    d = w.document;
    d.write("<pre>");
    d.write(html_escape(output_list[id]));
    d.write("\n");
    d.write("<a href='javascript:window.close()'>close</a>\n");
    d.write("</pre>\n");
    d.close();
}
*/
--></script>

<div class='heading'>
<h1>Unit Test Report</h1>

<p class='attribute'><strong>Status:</strong> Pass 1 Failure 8</p>

<p class='description'></p>
</div>



<p id='show_detail_line'>Show
<a href='javascript:showCase(0)'>Summary</a>
<a href='javascript:showCase(1)'>Failed</a>
<a href='javascript:showCase(2)'>All</a>
</p>
<table id='result_table'>
<colgroup>
<col align='left' />
<col align='right' />
<col align='right' />
<col align='right' />
<col align='right' />
<col align='right' />
<col align='right' />
<col align='right' />
</colgroup>
<tr id='header_row'>
    <td>Test Group/Test case</td>
    <td>Count</td>
    <td>Pass</td>
    <td>Fail</td>
    <td>Error</td>
    <td>Skip</td>
    <td>View</td>
    <td> </td>
</tr>

<tr class='failClass'>
    <td class="testname">tempest.scenario.test_network_basic_ops.TestNetworkBasicOps</td>
    <td class="small">9</td>
    <td class="small">1</td>
    <td class="small">8</td>
    <td class="small">0</td>
    <td class="small">0</td>
    <td class="small"><a href="javascript:showClassDetail('c1',9)"
>Detail</a></td>
    <td> </td>
</tr>

<tr id='ft1.1' class='none'>
    <td class='failCase'><div class='testcase'>test_connectivity_between_vms_on_different_networks[compute,id-1546850e-fbaa-42f5-8b5f-03d8a6a95f15,network]</div></td>
    <td colspan='7' align='left'>

    <!--css div popup start-->
    <a class="popup_link" onfocus='this.blur();'
    href="javascript:showTestDetail('div_ft1.1')" >
        fail</a>

    <div id='div_ft1.1' class="popup_window">
        <div style='text-align: right; color:red;cursor:pointer'>
        <a onfocus='this.blur();'
onclick="document.getElementById('div_ft1.1').style.display = 'none' " >
           [x]</a>
        </div>
        <pre>
        
ft1.1: tempest.scenario.test_network_basic_ops.TestNetworkBasicOps.test_connectivity_between_vms_on_different_networks[compute,id-1546850e-fbaa-42f5-8b5f-03d8a6a95f15,network]_StringException: Empty attachments:
  stderr
  stdout

pythonlogging:'': {{{
2015-12-18 13:54:54,479 20652 INFO     [tempest_lib.common.rest_client] Request (TestNetworkBasicOps:test_connectivity_between_vms_on_different_networks): 201 POST http://10.0.2.15:9696/v2.0/security-groups 0.319s
2015-12-18 13:54:54,480 20652 DEBUG    [tempest_lib.common.rest_client] Request - Headers: {'Content-Type': 'application/json', 'Accept': 'application/json', 'X-Auth-Token': '&lt;omitted&gt;'}
        Body: {"security_group": {"tenant_id": "b202a53f7f444ff79de1b1bf4487959c", "description": "tempest-secgroup-smoke-875781959 description", "name": "tempest-secgroup-smoke-875781959"}}
    Response - Headers: {'status': '201', 'content-length': '886', 'connection': 'close', 'date': 'Fri, 18 Dec 2015 13:54:54 GMT', 'content-type': 'application/json; charset=UTF-8', 'x-openstack-request-id': 'req-e5ab37ce-daac-46a8-9d88-b94bec9cd486'}
        Body: {"security_group": {"tenant_id": "b202a53f7f444ff79de1b1bf4487959c", "description": "tempest-secgroup-smoke-875781959 description", "id": "b1d87421-6901-4b4d-9b34-475846e07dc6", "security_group_rules": [{"remote_group_id": null, "direction": "egress", "remote_ip_prefix": null, "protocol": null, "ethertype": "IPv4", "tenant_id": "b202a53f7f444ff79de1b1bf4487959c", "port_range_max": null, "port_range_min": null, "id": "ef8ad5ee-5a52-493b-8f7a-9324c8d2e5ac", "security_group_id": "b1d87421-6901-4b4d-9b34-475846e07dc6"}, {"remote_group_id": null, "direction": "egress", "remote_ip_prefix": null, "protocol": null, "ethertype": "IPv6", "tenant_id": "b202a53f7f444ff79de1b1bf4487959c", "port_range_max": null, "port_range_min": null, "id": "70fab549-299d-48fe-a055-eaefcb465aef", "security_group_id": "b1d87421-6901-4b4d-9b34-475846e07dc6"}], "name": "tempest-secgroup-smoke-875781959"}}
2015-12-18 13:54:54,582 20652 INFO     [tempest_lib.common.rest_client] Request (TestNetworkBasicOps:test_connectivity_between_vms_on_different_networks): 201 POST http://10.0.2.15:9696/v2.0/security-group-rules 0.102s
2015-12-18 13:54:54,583 20652 DEBUG    [tempest_lib.common.rest_client] Request - Headers: {'Content-Type': 'application/json', 'Accept': 'application/json', 'X-Auth-Token': '&lt;omitted&gt;'}
        Body: {"security_group_rule": {"direction": "ingress", "protocol": "tcp", "tenant_id": "b202a53f7f444ff79de1b1bf4487959c", "port_range_max": 22, "security_group_id": "b1d87421-6901-4b4d-9b34-475846e07dc6", "port_range_min": 22}}
    Response - Headers: {'status': '201', 'content-length': '340', 'connection': 'close', 'date': 'Fri, 18 Dec 2015 13:54:54 GMT', 'content-type': 'application/json; charset=UTF-8', 'x-openstack-request-id': 'req-33902669-c8cc-4fff-9643-9dcdb2b73a70'}
        Body: {"security_group_rule": {"remote_group_id": null, "direction": "ingress", "remote_ip_prefix": null, "protocol": "tcp", "ethertype": "IPv4", "tenant_id": "b202a53f7f444ff79de1b1bf4487959c", "port_range_max": 22, "port_range_min": 22, "id": "30c938e1-3391-40d1-ab0f-63d0995db269", "security_group_id": "b1d87421-6901-4b4d-9b34-475846e07dc6"}}
2015-12-18 13:54:54,695 20652 INFO     [tempest_lib.common.rest_client] Request (TestNetworkBasicOps:test_connectivity_between_vms_on_different_networks): 201 POST http://10.0.2.15:9696/v2.0/security-group-rules 0.111s
2015-12-18 13:54:54,696 20652 DEBUG    [tempest_lib.common.rest_client] Request - Headers: {'Content-Type': 'application/json', 'Accept': 'application/json', 'X-Auth-Token': '&lt;omitted&gt;'}
        Body: {"security_group_rule": {"direction": "egress", "protocol": "tcp", "tenant_id": "b202a53f7f444ff79de1b1bf4487959c", "port_range_max": 22, "security_group_id": "b1d87421-6901-4b4d-9b34-475846e07dc6", "port_range_min": 22}}
    Response - Headers: {'status': '201', 'content-length': '339', 'connection': 'close', 'date': 'Fri, 18 Dec 2015 13:54:54 GMT', 'content-type': 'application/json; charset=UTF-8', 'x-openstack-request-id': 'req-ea8a2469-1c29-4845-ad50-990b5e23ed8a'}
        Body: {"security_group_rule": {"remote_group_id": null, "direction": "egress", "remote_ip_prefix": null, "protocol": "tcp", "ethertype": "IPv4", "tenant_id": "b202a53f7f444ff79de1b1bf4487959c", "port_range_max": 22, "port_range_min": 22, "id": "ae6182cd-5e72-41d2-afa8-a1aeec670f83", "security_group_id": "b1d87421-6901-4b4d-9b34-475846e07dc6"}}
2015-12-18 13:54:54,813 20652 INFO     [tempest_lib.common.rest_client] Request (TestNetworkBasicOps:test_connectivity_between_vms_on_different_networks): 201 POST http://10.0.2.15:9696/v2.0/security-group-rules 0.116s
2015-12-18 13:54:54,814 20652 DEBUG    [tempest_lib.common.rest_client] Request - Headers: {'Content-Type': 'application/json', 'Accept': 'application/json', 'X-Auth-Token': '&lt;omitted&gt;'}
        Body: {"security_group_rule": {"tenant_id": "b202a53f7f444ff79de1b1bf4487959c", "direction": "ingress", "protocol": "icmp", "security_group_id": "b1d87421-6901-4b4d-9b34-475846e07dc6"}}
    Response - Headers: {'status': '201', 'content-length': '345', 'connection': 'close', 'date': 'Fri, 18 Dec 2015 13:54:54 GMT', 'content-type': 'application/json; charset=UTF-8', 'x-openstack-request-id': 'req-48161869-cc75-4a96-87a4-8b806c3b345b'}
        Body: {"security_group_rule": {"remote_group_id": null, "direction": "ingress", "remote_ip_prefix": null, "protocol": "icmp", "ethertype": "IPv4", "tenant_id": "b202a53f7f444ff79de1b1bf4487959c", "port_range_max": null, "port_range_min": null, "id": "6a9c6cca-e2d3-45e0-bd21-921faaa262a9", "security_group_id": "b1d87421-6901-4b4d-9b34-475846e07dc6"}}
2015-12-18 13:54:54,932 20652 INFO     [tempest_lib.common.rest_client] Request (TestNetworkBasicOps:test_connectivity_between_vms_on_different_networks): 201 POST http://10.0.2.15:9696/v2.0/security-group-rules 0.116s
2015-12-18 13:54:54,933 20652 DEBUG    [tempest_lib.common.rest_client] Request - Headers: {'Content-Type': 'application/json', 'Accept': 'application/json', 'X-Auth-Token': '&lt;omitted&gt;'}
        Body: {"security_group_rule": {"tenant_id": "b202a53f7f444ff79de1b1bf4487959c", "direction": "egress", "protocol": "icmp", "security_group_id": "b1d87421-6901-4b4d-9b34-475846e07dc6"}}
    Response - Headers: {'status': '201', 'content-length': '344', 'connection': 'close', 'date': 'Fri, 18 Dec 2015 13:54:54 GMT', 'content-type': 'application/json; charset=UTF-8', 'x-openstack-request-id': 'req-7fd6d4bb-2c8f-46e9-8f00-2dc1b85027b9'}
        Body: {"security_group_rule": {"remote_group_id": null, "direction": "egress", "remote_ip_prefix": null, "protocol": "icmp", "ethertype": "IPv4", "tenant_id": "b202a53f7f444ff79de1b1bf4487959c", "port_range_max": null, "port_range_min": null, "id": "95bff1c7-47f5-4f3a-ad68-e2f46d56833c", "security_group_id": "b1d87421-6901-4b4d-9b34-475846e07dc6"}}
2015-12-18 13:54:55,046 20652 INFO     [tempest_lib.common.rest_client] Request (TestNetworkBasicOps:test_connectivity_between_vms_on_different_networks): 201 POST http://10.0.2.15:9696/v2.0/security-group-rules 0.112s
2015-12-18 13:54:55,047 20652 DEBUG    [tempest_lib.common.rest_client] Request - Headers: {'Content-Type': 'application/json', 'Accept': 'application/json', 'X-Auth-Token': '&lt;omitted&gt;'}
        Body: {"security_group_rule": {"tenant_id": "b202a53f7f444ff79de1b1bf4487959c", "direction": "ingress", "security_group_id": "b1d87421-6901-4b4d-9b34-475846e07dc6", "protocol": "icmp", "ethertype": "IPv6"}}
    Response - Headers: {'status': '201', 'content-length': '345', 'connection': 'close', 'date': 'Fri, 18 Dec 2015 13:54:55 GMT', 'content-type': 'application/json; charset=UTF-8', 'x-openstack-request-id': 'req-b99dea4a-8282-4052-a720-4ee13f5c3be8'}
        Body: {"security_group_rule": {"remote_group_id": null, "direction": "ingress", "remote_ip_prefix": null, "protocol": "icmp", "ethertype": "IPv6", "tenant_id": "b202a53f7f444ff79de1b1bf4487959c", "port_range_max": null, "port_range_min": null, "id": "0e76dba0-ca5a-45c2-8818-e85e2986733f", "security_group_id": "b1d87421-6901-4b4d-9b34-475846e07dc6"}}
2015-12-18 13:54:55,155 20652 INFO     [tempest_lib.common.rest_client] Request (TestNetworkBasicOps:test_connectivity_between_vms_on_different_networks): 201 POST http://10.0.2.15:9696/v2.0/security-group-rules 0.106s
2015-12-18 13:54:55,157 20652 DEBUG    [tempest_lib.common.rest_client] Request - Headers: {'Content-Type': 'application/json', 'Accept': 'application/json', 'X-Auth-Token': '&lt;omitted&gt;'}
        Body: {"security_group_rule": {"tenant_id": "b202a53f7f444ff79de1b1bf4487959c", "direction": "egress", "security_group_id": "b1d87421-6901-4b4d-9b34-475846e07dc6", "protocol": "icmp", "ethertype": "IPv6"}}
    Response - Headers: {'status': '201', 'content-length': '344', 'connection': 'close', 'date': 'Fri, 18 Dec 2015 13:54:55 GMT', 'content-type': 'application/json; charset=UTF-8', 'x-openstack-request-id': 'req-46358675-67c7-4d25-82dd-8ec9781f02e0'}
        Body: {"security_group_rule": {"remote_group_id": null, "direction": "egress", "remote_ip_prefix": null, "protocol": "icmp", "ethertype": "IPv6", "tenant_id": "b202a53f7f444ff79de1b1bf4487959c", "port_range_max": null, "port_range_min": null, "id": "9826c620-547b-4915-a0d2-93fe7695aaa9", "security_group_id": "b1d87421-6901-4b4d-9b34-475846e07dc6"}}
2015-12-18 13:54:55,289 20652 INFO     [tempest_lib.common.rest_client] Request (TestNetworkBasicOps:test_connectivity_between_vms_on_different_networks): 201 POST http://10.0.2.15:9696/v2.0/networks 0.131s
2015-12-18 13:54:55,290 20652 DEBUG    [tempest_lib.common.rest_client] Request - Headers: {'Content-Type': 'application/json', 'Accept': 'application/json', 'X-Auth-Token': '&lt;omitted&gt;'}
        Body: {"network": {"tenant_id": "b202a53f7f444ff79de1b1bf4487959c", "name": "tempest-network-smoke--1035048434"}}
    Response - Headers: {'status': '201', 'content-length': '296', 'connection': 'close', 'date': 'Fri, 18 Dec 2015 13:54:55 GMT', 'content-type': 'application/json; charset=UTF-8', 'x-openstack-request-id': 'req-0845810e-3941-40f6-9e68-340425b42e4a'}
        Body: {"network": {"status": "ACTIVE", "subnets": [], "name": "tempest-network-smoke--1035048434", "admin_state_up": true, "tenant_id": "b202a53f7f444ff79de1b1bf4487959c", "mtu": 0, "router:external": false, "shared": false, "port_security_enabled": true, "id": "513bcbc5-2d7e-4c0b-bcf3-8a8dbc01f468"}}
2015-12-18 13:54:55,373 20652 INFO     [tempest_lib.common.rest_client] Request (TestNetworkBasicOps:test_connectivity_between_vms_on_different_networks): 201 POST http://10.0.2.15:9696/v2.0/routers 0.081s
2015-12-18 13:54:55,373 20652 DEBUG    [tempest_lib.common.rest_client] Request - Headers: {'Content-Type': 'application/json', 'Accept': 'application/json', 'X-Auth-Token': '&lt;omitted&gt;'}
        Body: {"router": {"tenant_id": "b202a53f7f444ff79de1b1bf4487959c", "name": "tempest-router-smoke-2113340770", "admin_state_up": true}}
    Response - Headers: {'status': '201', 'content-length': '239', 'connection': 'close', 'date': 'Fri, 18 Dec 2015 13:54:55 GMT', 'content-type': 'application/json; charset=UTF-8', 'x-openstack-request-id': 'req-59873aeb-6b89-4265-a5f2-8b479b266d1d'}
        Body: {"router": {"status": "ACTIVE", "external_gateway_info": null, "name": "tempest-router-smoke-2113340770", "admin_state_up": true, "tenant_id": "b202a53f7f444ff79de1b1bf4487959c", "routes": [], "id": "63f12e35-98ca-4b33-9e72-24680fed4e01"}}
2015-12-18 13:54:55,548 20652 INFO     [tempest_lib.common.rest_client] Request (TestNetworkBasicOps:test_connectivity_between_vms_on_different_networks): 200 GET http://10.0.2.15:9696/v2.0/routers/63f12e35-98ca-4b33-9e72-24680fed4e01 0.173s
2015-12-18 13:54:55,549 20652 DEBUG    [tempest_lib.common.rest_client] Request - Headers: {'Content-Type': 'application/json', 'Accept': 'application/json', 'X-Auth-Token': '&lt;omitted&gt;'}
        Body: None
    Response - Headers: {'status': '200', 'content-length': '239', 'content-location': 'http://10.0.2.15:9696/v2.0/routers/63f12e35-98ca-4b33-9e72-24680fed4e01', 'connection': 'close', 'date': 'Fri, 18 Dec 2015 13:54:55 GMT', 'content-type': 'application/json; charset=UTF-8', 'x-openstack-request-id': 'req-2712f103-9732-458e-935d-7280c6d27888'}
        Body: {"router": {"status": "ACTIVE", "external_gateway_info": null, "name": "tempest-router-smoke-2113340770", "admin_state_up": true, "tenant_id": "b202a53f7f444ff79de1b1bf4487959c", "routes": [], "id": "63f12e35-98ca-4b33-9e72-24680fed4e01"}}
2015-12-18 13:54:56,126 20652 INFO     [tempest_lib.common.rest_client] Request (TestNetworkBasicOps:test_connectivity_between_vms_on_different_networks): 200 PUT http://10.0.2.15:9696/v2.0/routers/63f12e35-98ca-4b33-9e72-24680fed4e01 0.575s
2015-12-18 13:54:56,126 20652 DEBUG    [tempest_lib.common.rest_client] Request - Headers: {'Content-Type': 'application/json', 'Accept': 'application/json', 'X-Auth-Token': '&lt;omitted&gt;'}
        Body: {"router": {"external_gateway_info": {"network_id": "2538079e-69eb-4f81-bb3e-95a4a0e099d4"}, "name": "tempest-router-smoke-2113340770", "admin_state_up": true}}
    Response - Headers: {'status': '200', 'content-length': '501', 'connection': 'close', 'date': 'Fri, 18 Dec 2015 13:54:56 GMT', 'content-type': 'application/json; charset=UTF-8', 'x-openstack-request-id': 'req-e3b8ad04-8927-41ba-a484-81764ca82933'}
        Body: {"router": {"status": "ACTIVE", "external_gateway_info": {"network_id": "2538079e-69eb-4f81-bb3e-95a4a0e099d4", "enable_snat": true, "external_fixed_ips": [{"subnet_id": "aa058f0b-72cc-404a-8263-07ee136af41f", "ip_address": "172.24.4.3"}, {"subnet_id": "38cd5f77-6d55-45d0-973c-f9aacbd293be", "ip_address": "2001:db8::4"}]}, "name": "tempest-router-smoke-2113340770", "admin_state_up": true, "tenant_id": "b202a53f7f444ff79de1b1bf4487959c", "routes": [], "id": "63f12e35-98ca-4b33-9e72-24680fed4e01"}}
2015-12-18 13:54:56,289 20652 INFO     [tempest_lib.common.rest_client] Request (TestNetworkBasicOps:test_connectivity_between_vms_on_different_networks): 200 GET http://10.0.2.15:9696/v2.0/subnets?tenant_id=b202a53f7f444ff79de1b1bf4487959c&amp;cidr=10.100.0.0%2F28 0.161s
2015-12-18 13:54:56,289 20652 DEBUG    [tempest_lib.common.rest_client] Request - Headers: {'Content-Type': 'application/json', 'Accept': 'application/json', 'X-Auth-Token': '&lt;omitted&gt;'}
        Body: None
    Response - Headers: {'status': '200', 'content-length': '15', 'content-location': 'http://10.0.2.15:9696/v2.0/subnets?tenant_id=b202a53f7f444ff79de1b1bf4487959c&amp;cidr=10.100.0.0%2F28', 'connection': 'close', 'date': 'Fri, 18 Dec 2015 13:54:56 GMT', 'content-type': 'application/json; charset=UTF-8', 'x-openstack-request-id': 'req-60a5a37c-a441-4a07-b222-404b4684277c'}
        Body: {"subnets": []}
2015-12-18 13:54:56,539 20652 INFO     [tempest_lib.common.rest_client] Request (TestNetworkBasicOps:test_connectivity_between_vms_on_different_networks): 201 POST http://10.0.2.15:9696/v2.0/subnets 0.248s
2015-12-18 13:54:56,539 20652 DEBUG    [tempest_lib.common.rest_client] Request - Headers: {'Content-Type': 'application/json', 'Accept': 'application/json', 'X-Auth-Token': '&lt;omitted&gt;'}
        Body: {"subnet": {"ip_version": 4, "tenant_id": "b202a53f7f444ff79de1b1bf4487959c", "cidr": "10.100.0.0/28", "network_id": "513bcbc5-2d7e-4c0b-bcf3-8a8dbc01f468", "name": "tempest-subnet-smoke-703176176"}}
    Response - Headers: {'status': '201', 'content-length': '477', 'connection': 'close', 'date': 'Fri, 18 Dec 2015 13:54:56 GMT', 'content-type': 'application/json; charset=UTF-8', 'x-openstack-request-id': 'req-63cd39ab-ea3c-4029-ba1f-cc6fbcafc063'}
        Body: {"subnet": {"name": "tempest-subnet-smoke-703176176", "enable_dhcp": true, "network_id": "513bcbc5-2d7e-4c0b-bcf3-8a8dbc01f468", "tenant_id": "b202a53f7f444ff79de1b1bf4487959c", "dns_nameservers": [], "gateway_ip": "10.100.0.1", "ipv6_ra_mode": null, "allocation_pools": [{"start": "10.100.0.2", "end": "10.100.0.14"}], "host_routes": [], "ip_version": 4, "ipv6_address_mode": null, "cidr": "10.100.0.0/28", "id": "187d5347-56ce-4aa3-9ddd-a2376234824b", "subnetpool_id": null}}
2015-12-18 13:54:56,937 20652 INFO     [tempest_lib.common.rest_client] Request (TestNetworkBasicOps:test_connectivity_between_vms_on_different_networks): 200 PUT http://10.0.2.15:9696/v2.0/routers/63f12e35-98ca-4b33-9e72-24680fed4e01/add_router_interface 0.397s
2015-12-18 13:54:56,937 20652 DEBUG    [tempest_lib.common.rest_client] Request - Headers: {'Content-Type': 'application/json', 'Accept': 'application/json', 'X-Auth-Token': '&lt;omitted&gt;'}
        Body: {"subnet_id": "187d5347-56ce-4aa3-9ddd-a2376234824b"}
    Response - Headers: {'status': '200', 'content-length': '255', 'connection': 'close', 'date': 'Fri, 18 Dec 2015 13:54:56 GMT', 'content-type': 'application/json; charset=UTF-8', 'x-openstack-request-id': 'req-8b9957af-5923-4896-812e-195ea2c5b016'}
        Body: {"subnet_id": "187d5347-56ce-4aa3-9ddd-a2376234824b", "tenant_id": "b202a53f7f444ff79de1b1bf4487959c", "subnet_ids": ["187d5347-56ce-4aa3-9ddd-a2376234824b"], "port_id": "79f512a8-a1ae-4b81-af66-1a76829bcf5e", "id": "63f12e35-98ca-4b33-9e72-24680fed4e01"}
2015-12-18 13:54:57,099 20652 INFO     [tempest_lib.common.rest_client] Request (TestNetworkBasicOps:test_connectivity_between_vms_on_different_networks): 200 GET http://10.0.2.15:9696/v2.0/networks 0.161s
2015-12-18 13:54:57,100 20652 DEBUG    [tempest_lib.common.rest_client] Request - Headers: {'Content-Type': 'application/json', 'Accept': 'application/json', 'X-Auth-Token': '&lt;omitted&gt;'}
        Body: None
    Response - Headers: {'status': '200', 'content-length': '1318', 'content-location': 'http://10.0.2.15:9696/v2.0/networks', 'connection': 'close', 'date': 'Fri, 18 Dec 2015 13:54:57 GMT', 'content-type': 'application/json; charset=UTF-8', 'x-openstack-request-id': 'req-092a12a6-cf15-42b5-9504-41cce6c2b790'}
        Body: {"networks": [{"status": "ACTIVE", "subnets": ["187d5347-56ce-4aa3-9ddd-a2376234824b"], "name": "tempest-network-smoke--1035048434", "provider:physical_network": null, "admin_state_up": true, "tenant_id": "b202a53f7f444ff79de1b1bf4487959c", "mtu": 0, "router:external": false, "shared": false, "port_security_enabled": true, "provider:network_type": "vxlan", "id": "513bcbc5-2d7e-4c0b-bcf3-8a8dbc01f468", "provider:segmentation_id": 1027}, {"status": "ACTIVE", "subnets": ["38cd5f77-6d55-45d0-973c-f9aacbd293be", "aa058f0b-72cc-404a-8263-07ee136af41f"], "name": "public", "provider:physical_network": null, "admin_state_up": true, "tenant_id": "a30b006c161b49968118f33eb3cd9a25", "mtu": 0, "router:external": true, "shared": false, "port_security_enabled": true, "provider:network_type": "vxlan", "id": "2538079e-69eb-4f81-bb3e-95a4a0e099d4", "provider:segmentation_id": 1088}, {"status": "ACTIVE", "subnets": ["44b19b66-99db-4baf-b3d1-b537f4193299", "59f620c7-55d1-4e0b-be40-f054642a111e"], "name": "private", "provider:physical_network": null, "admin_state_up": true, "tenant_id": "101af7f89cda439f93ef94753ed2b7d7", "mtu": 0, "router:external": false, "shared": false, "port_security_enabled": true, "provider:network_type": "vxlan", "id": "e0406a20-891e-460b-8f77-ba3be0488f82", "provider:segmentation_id": 1005}]}
2015-12-18 13:54:57,132 20652 INFO     [tempest_lib.common.rest_client] Request (TestNetworkBasicOps:test_connectivity_between_vms_on_different_networks): 200 GET http://10.0.2.15:9696/v2.0/subnets 0.032s
2015-12-18 13:54:57,133 20652 DEBUG    [tempest_lib.common.rest_client] Request - Headers: {'Content-Type': 'application/json', 'Accept': 'application/json', 'X-Auth-Token': '&lt;omitted&gt;'}
        Body: None
    Response - Headers: {'status': '200', 'content-length': '2407', 'content-location': 'http://10.0.2.15:9696/v2.0/subnets', 'connection': 'close', 'date': 'Fri, 18 Dec 2015 13:54:57 GMT', 'content-type': 'application/json; charset=UTF-8', 'x-openstack-request-id': 'req-762f6b4e-1d37-468c-b39c-14b0e099bbba'}
        Body: {"subnets": [{"name": "ipv6-private-subnet", "enable_dhcp": true, "network_id": "e0406a20-891e-460b-8f77-ba3be0488f82", "tenant_id": "101af7f89cda439f93ef94753ed2b7d7", "dns_nameservers": [], "gateway_ip": "fdaa:68b1:8aa7::1", "ipv6_ra_mode": "slaac", "allocation_pools": [{"start": "fdaa:68b1:8aa7::2", "end": "fdaa:68b1:8aa7:0:ffff:ffff:ffff:ffff"}], "host_routes": [], "ip_version": 6, "ipv6_address_mode": "slaac", "cidr": "fdaa:68b1:8aa7::/64", "id": "44b19b66-99db-4baf-b3d1-b537f4193299", "subnetpool_id": null}, {"name": "private-subnet", "enable_dhcp": true, "network_id": "e0406a20-891e-460b-8f77-ba3be0488f82", "tenant_id": "101af7f89cda439f93ef94753ed2b7d7", "dns_nameservers": [], "gateway_ip": "10.0.0.1", "ipv6_ra_mode": null, "allocation_pools": [{"start": "10.0.0.2", "end": "10.0.0.254"}], "host_routes": [], "ip_version": 4, "ipv6_address_mode": null, "cidr": "10.0.0.0/24", "id": "59f620c7-55d1-4e0b-be40-f054642a111e", "subnetpool_id": null}, {"name": "tempest-subnet-smoke-703176176", "enable_dhcp": true, "network_id": "513bcbc5-2d7e-4c0b-bcf3-8a8dbc01f468", "tenant_id": "b202a53f7f444ff79de1b1bf4487959c", "dns_nameservers": [], "gateway_ip": "10.100.0.1", "ipv6_ra_mode": null, "allocation_pools": [{"start": "10.100.0.2", "end": "10.100.0.14"}], "host_routes": [], "ip_version": 4, "ipv6_address_mode": null, "cidr": "10.100.0.0/28", "id": "187d5347-56ce-4aa3-9ddd-a2376234824b", "subnetpool_id": null}, {"name": "public-subnet", "enable_dhcp": false, "network_id": "2538079e-69eb-4f81-bb3e-95a4a0e099d4", "tenant_id": "a30b006c161b49968118f33eb3cd9a25", "dns_nameservers": [], "gateway_ip": "172.24.4.1", "ipv6_ra_mode": null, "allocation_pools": [{"start": "172.24.4.2", "end": "172.24.4.254"}], "host_routes": [], "ip_version": 4, "ipv6_address_mode": null, "cidr": "172.24.4.0/24", "id": "aa058f0b-72cc-404a-8263-07ee136af41f", "subnetpool_id": null}, {"name": "ipv6-public-subnet", "enable_dhcp": false, "network_id": "2538079e-69eb-4f81-bb3e-95a4a0e099d4", "tenant_id": "a30b006c161b49968118f33eb3cd9a25", "dns_nameservers": [], "gateway_ip": "2001:db8::2", "ipv6_ra_mode": null, "allocation_pools": [{"start": "2001:db8::3", "end": "2001:db8::ffff:ffff:ffff:ffff"}, {"start": "2001:db8::1", "end": "2001:db8::1"}], "host_routes": [], "ip_version": 6, "ipv6_address_mode": null, "cidr": "2001:db8::/64", "id": "38cd5f77-6d55-45d0-973c-f9aacbd293be", "subnetpool_id": null}]}
2015-12-18 13:54:57,212 20652 INFO     [tempest_lib.common.rest_client] Request (TestNetworkBasicOps:test_connectivity_between_vms_on_different_networks): 200 GET http://10.0.2.15:9696/v2.0/routers 0.079s
2015-12-18 13:54:57,213 20652 DEBUG    [tempest_lib.common.rest_client] Request - Headers: {'Content-Type': 'application/json', 'Accept': 'application/json', 'X-Auth-Token': '&lt;omitted&gt;'}
        Body: None
    Response - Headers: {'status': '200', 'content-length': '1041', 'content-location': 'http://10.0.2.15:9696/v2.0/routers', 'connection': 'close', 'date': 'Fri, 18 Dec 2015 13:54:57 GMT', 'content-type': 'application/json; charset=UTF-8', 'x-openstack-request-id': 'req-7cae2000-bf35-4bca-8255-f511a05dff20'}
        Body: {"routers": [{"status": "ACTIVE", "external_gateway_info": {"network_id": "2538079e-69eb-4f81-bb3e-95a4a0e099d4", "enable_snat": true, "external_fixed_ips": [{"subnet_id": "aa058f0b-72cc-404a-8263-07ee136af41f", "ip_address": "172.24.4.2"}, {"subnet_id": "38cd5f77-6d55-45d0-973c-f9aacbd293be", "ip_address": "2001:db8::3"}]}, "name": "router1", "admin_state_up": true, "tenant_id": "101af7f89cda439f93ef94753ed2b7d7", "distributed": false, "routes": [], "ha": false, "id": "435b2bb6-626b-41ba-8dae-772fce249aac"}, {"status": "ACTIVE", "external_gateway_info": {"network_id": "2538079e-69eb-4f81-bb3e-95a4a0e099d4", "enable_snat": true, "external_fixed_ips": [{"subnet_id": "aa058f0b-72cc-404a-8263-07ee136af41f", "ip_address": "172.24.4.3"}, {"subnet_id": "38cd5f77-6d55-45d0-973c-f9aacbd293be", "ip_address": "2001:db8::4"}]}, "name": "tempest-router-smoke-2113340770", "admin_state_up": true, "tenant_id": "b202a53f7f444ff79de1b1bf4487959c", "distributed": false, "routes": [], "ha": false, "id": "63f12e35-98ca-4b33-9e72-24680fed4e01"}]}
2015-12-18 13:54:57,584 20652 INFO     [tempest_lib.common.rest_client] Request (TestNetworkBasicOps:test_connectivity_between_vms_on_different_networks): 200 POST http://10.0.2.15:8774/v2.1/b202a53f7f444ff79de1b1bf4487959c/os-keypairs 0.370s
2015-12-18 13:54:57,585 20652 DEBUG    [tempest_lib.common.rest_client] Request - Headers: {'Content-Type': 'application/json', 'Accept': 'application/json', 'X-Auth-Token': '&lt;omitted&gt;'}
        Body: {"keypair": {"name": "tempest-TestNetworkBasicOps-419246149"}}
    Response - Headers: {'status': '200', 'content-length': '2320', 'x-compute-request-id': 'req-a17a509f-f755-4237-bffd-8e3d80ae63c2', 'vary': 'X-OpenStack-Nova-API-Version', 'connection': 'close', 'x-openstack-nova-api-version': '2.1', 'date': 'Fri, 18 Dec 2015 13:54:57 GMT', 'content-type': 'application/json'}
        Body: {"keypair": {"public_key": "ssh-rsa AAAAB3NzaC1yc2EAAAADAQABAAABAQCY74MfWFEIWcbyELhKIk6Vgiagwuo0wPmlMPWtsv5eFfuIJUe8bBEmCLd3qQJQqNDffExWT1tNLVhC5v1Tnil85jDuDQNICPKSkdz/dXgDJ49oA3Clp3RUYD2hAZgTnYEafm+g0Dhw8bY71bejvfUDAwmtd4ebAftOy+qyTKN9f7qWc/7o89Wd5nkuM7YKyAKmWs5ssttfjEdPh4PfcyFWJy/3PGsk/zqwM1EIN7izVP/tNUpHpSC/Tyjuype3G6anh+uE5nRh4w7eBnQZp1nCP6XHQRFNmWOY/vPrgATHnXy9r3MsytCk3AoZA9R55atw7EtQWUbNono+IRgIQc1L Generated-by-Nova", "private_key": "-----BEGIN RSA PRIVATE KEY-----\nMIIEqAIBAAKCAQEAmO+DH1hRCFnG8hC4SiJOlYImoMLqNMD5pTD1rbL+XhX7iCVH\nvGwRJgi3d6kCUKjQ33xMVk9bTS1YQub9U54pfOYw7g0DSAjykpHc/3V4AyePaANw\npad0VGA9oQGYE52BGn5voNA4cPG2O9W3o731AwMJrXeHmwH7TsvqskyjfX+6lnP+\n6PPVneZ5LjO2CsgCplrObLLbX4xHT4eD33MhVicv9zxrJP86sDNRCDe4s1T/7TVK\nR6Ugv08o7sqXtxump4frhOZ0YeMO3gZ0GadZwj+lx0ERTZljmP7z64AEx518va9z\nLMrQpNwKGQPUeeWrcOxLUFlGzaJ6PiEYCEHNSwIDAQABAoIBAGBhCJw3VxHRKhwg\nx1MI3cdAt0E2tMw8FNeyzBEELWNzrQl2nQe0fvYeJikF3IyiZseAmMcHyb0QZ3/5\n/Am3MeQhWRKcJsY9xUjzHXfsOo6aXrio+lOa/SezYwNVctZhuxvMNGL+9aLP4Q1C\nOTG6o26benzUSCQ6knps7eIhhCKw4ymAsS12PES4cntoA9n44iXY0hvoPyUzyYqt\njnwNQBkKMFg0/FV8KqTapjbCNCJUBnoNni+ktFZT/iEWN0aZXlAU+aKa8GZYvMiK\nXnedgo3HHTQd3KlQDMO5TMDiURvW1EUajTSXP5+86Ny6lyuctWEfeT1NFlQgHfUe\nZ9P82kkCggCBALmdcux7yjW1t0kBzOQyhNXx4CctjYrOk4SrjhGoMlJsmz6YGL5g\ngdyDsGXivmAvSAP63m9Y8Bs9hOqCryUC7Hlfy6tKlgtPyKNHalqXUhiy5H4q4tfv\nXlTux2sqq49PBE52AARx1dEjja1iEdfVFiyMdhTVG6n9UoI9eQ1Jq39dAoIAgQDS\n7bYsKtsUiUnjve5D9qrMdtLoBx3CL7NghfFLVFs0z+iGo5R7ey2cvx7KCch+Z0CB\nptrHyLMAPo3QFYnLvrYcPoXTE50r3bBPITel+8WsZVYKifVa03G1RE8F7cFmGrMA\nrDGCm5DGXLayMVkw2gSwvBrbzN2G/ONz8bp58Pg8xwKCAIBxTkHHRlHLs5+s+2Jd\nstEP4NTaVZ5fq3a1uBvDf48obY/fB+2i2Tqsp97Ycy+Pe41UkKGUCxCXMFig5yGP\nUFeWR/oGGEO7p/psYb30iwbceOeudPOAqWhGJHSrYKLVmoCgfLvJ+stxHWjw/Dq0\nLCmbDCtQ0D5Q6IijZG8uw1fjKQKCAIBAxLWXwmEbYTzLLdsoC2pO9n20udqtcjBG\nh1qcov6OrPjdvwUtFZnf89/kcjSae+IW7cFob3xnqs2pA7QYWCtbaOd29SLiAWTO\nJ4kK8tC0KznMaqhoh1z3KE6Lp4IndDNbFYTucg52mqmO9hBJK+kcy+YDcFjlxmmh\nhKyaHSBcqQKCAIEAgPOQpzBNfLTARNRbrtItADdy0vklECYS0Krlk1jlDcdGU9w4\nVotzrTFr6Pl2W8MFhUuOVKwIeWBR1S1ZR1EfXAXRKvN+Thl0jPvoROsttQsaNLPl\n4HGIQmFtBt9DDxaxuA79C6hJWe5WeZNNg9lOS1YpDPVMYHhAVMWgxO0frcM=\n-----END RSA PRIVATE KEY-----\n", "user_id": "4a3ea9c563af4d2e8ed4abedc63fdf89", "name": "tempest-TestNetworkBasicOps-419246149", "fingerprint": "66:64:ff:13:bd:1a:28:c6:40:4b:a5:e5:18:50:0c:e3"}}
2015-12-18 13:54:57,694 20652 INFO     [tempest_lib.common.rest_client] Request (TestNetworkBasicOps:test_connectivity_between_vms_on_different_networks): 200 POST http://10.0.2.15:5000/v2.0/tokens
2015-12-18 13:54:57,694 20652 DEBUG    [tempest_lib.common.rest_client] Request - Headers: {'Content-Type': 'application/json', 'Accept': 'application/json'}
        Body: &lt;omitted&gt;
    Response - Headers: {'status': '200', 'content-length': '2526', 'vary': 'X-Auth-Token', 'server': 'Apache/2.4.7 (Ubuntu)', 'connection': 'close', 'date': 'Fri, 18 Dec 2015 13:54:57 GMT', 'content-type': 'application/json', 'x-openstack-request-id': 'req-5f6b3cc2-86d6-42f3-95ec-f7d41a85a581'}
        Body: {"access": {"token": {"issued_at": "2015-12-18T13:54:57.681305", "expires": "2015-12-18T14:54:57Z", "id": "b245968902da4f0fbabf2ebefb3b800e", "tenant": {"description": "tempest-TestNetworkBasicOps-793780811-desc", "enabled": true, "id": "b202a53f7f444ff79de1b1bf4487959c", "name": "tempest-TestNetworkBasicOps-793780811"}, "audit_ids": ["2ybawB_ITxGcNab27Q83Lw"]}, "serviceCatalog": [{"endpoints": [{"adminURL": "http://10.0.2.15:8774/v2.1/b202a53f7f444ff79de1b1bf4487959c", "region": "RegionOne", "internalURL": "http://10.0.2.15:8774/v2.1/b202a53f7f444ff79de1b1bf4487959c", "id": "21fd97b0b1cc48a08217da743ce4bc0f", "publicURL": "http://10.0.2.15:8774/v2.1/b202a53f7f444ff79de1b1bf4487959c"}], "endpoints_links": [], "type": "compute", "name": "nova"}, {"endpoints": [{"adminURL": "http://10.0.2.15:9696/", "region": "RegionOne", "internalURL": "http://10.0.2.15:9696/", "id": "6e803067aff04ec883e915f138e62714", "publicURL": "http://10.0.2.15:9696/"}], "endpoints_links": [], "type": "network", "name": "neutron"}, {"endpoints": [{"adminURL": "http://10.0.2.15:9292", "region": "RegionOne", "internalURL": "http://10.0.2.15:9292", "id": "42535c9934cf475986ebc4e59a79fc9d", "publicURL": "http://10.0.2.15:9292"}], "endpoints_links": [], "type": "image", "name": "glance"}, {"endpoints": [{"adminURL": "http://10.0.2.15:8774/v2/b202a53f7f444ff79de1b1bf4487959c", "region": "RegionOne", "internalURL": "http://10.0.2.15:8774/v2/b202a53f7f444ff79de1b1bf4487959c", "id": "5caadaff4d0548fcb2291af303c6dbb8", "publicURL": "http://10.0.2.15:8774/v2/b202a53f7f444ff79de1b1bf4487959c"}], "endpoints_links": [], "type": "compute_legacy", "name": "nova_legacy"}, {"endpoints": [{"adminURL": "http://10.0.2.15:8773/", "region": "RegionOne", "internalURL": "http://10.0.2.15:8773/", "id": "34407a1ac7d249b6bb8c68a26451dfbe", "publicURL": "http://10.0.2.15:8773/"}], "endpoints_links": [], "type": "ec2", "name": "ec2"}, {"endpoints": [{"adminURL": "http://10.0.2.15:35357/v2.0", "region": "RegionOne", "internalURL": "http://10.0.2.15:5000/v2.0", "id": "4307403367714f59863fb7ef5bf110e2", "publicURL": "http://10.0.2.15:5000/v2.0"}], "endpoints_links": [], "type": "identity", "name": "keystone"}], "user": {"username": "tempest-TestNetworkBasicOps-509321289", "roles_links": [], "id": "4a3ea9c563af4d2e8ed4abedc63fdf89", "roles": [{"name": "_member_"}, {"name": "Member"}], "name": "tempest-TestNetworkBasicOps-509321289"}, "metadata": {"is_admin": 0, "roles": ["9fe2ff9ee4384b1894a90878d3e92bab", "0b0e912568304d78a763add08b115cc5"]}}}
2015-12-18 13:54:57,700 20652 DEBUG    [tempest.common.fixed_network] (TestNetworkBasicOps:test_connectivity_between_vms_on_different_networks) No valid network provided or created, defaulting to fixed_network_name
2015-12-18 13:54:57,996 20652 INFO     [tempest_lib.common.rest_client] Request (TestNetworkBasicOps:test_connectivity_between_vms_on_different_networks): 200 GET http://10.0.2.15:8774/v2.1/b202a53f7f444ff79de1b1bf4487959c/os-networks 0.295s
2015-12-18 13:54:57,997 20652 DEBUG    [tempest_lib.common.rest_client] Request - Headers: {'Content-Type': 'application/json', 'Accept': 'application/json', 'X-Auth-Token': '&lt;omitted&gt;'}
        Body: None
    Response - Headers: {'status': '200', 'content-length': '479', 'content-location': 'http://10.0.2.15:8774/v2.1/b202a53f7f444ff79de1b1bf4487959c/os-networks', 'x-compute-request-id': 'req-a53320d1-9b7c-4fbd-b732-8e1eb7a9cbee', 'vary': 'X-OpenStack-Nova-API-Version', 'connection': 'close', 'x-openstack-nova-api-version': '2.1', 'date': 'Fri, 18 Dec 2015 13:54:57 GMT', 'content-type': 'application/json'}
        Body: {"networks": [{"cidr_v6": null, "dns2": null, "dns1": null, "gateway": null, "broadcast": null, "netmask": null, "gateway_v6": null, "cidr": null, "label": "public", "id": "2538079e-69eb-4f81-bb3e-95a4a0e099d4", "netmask_v6": null}, {"cidr_v6": null, "dns2": null, "dns1": null, "gateway": null, "broadcast": null, "netmask": null, "gateway_v6": null, "cidr": null, "label": "tempest-network-smoke--1035048434", "id": "513bcbc5-2d7e-4c0b-bcf3-8a8dbc01f468", "netmask_v6": null}]}
2015-12-18 13:54:57,998 20652 WARNING  [tempest.common.fixed_network] (TestNetworkBasicOps:test_connectivity_between_vms_on_different_networks) Network with name: private not found
2015-12-18 13:54:57,998 20652 INFO     [tempest.common.fixed_network] (TestNetworkBasicOps:test_connectivity_between_vms_on_different_networks) Found network {} available for tenant
2015-12-18 13:54:59,457 20652 INFO     [tempest_lib.common.rest_client] Request (TestNetworkBasicOps:test_connectivity_between_vms_on_different_networks): 202 POST http://10.0.2.15:8774/v2.1/b202a53f7f444ff79de1b1bf4487959c/servers 1.458s
2015-12-18 13:54:59,458 20652 DEBUG    [tempest_lib.common.rest_client] Request - Headers: {'Content-Type': 'application/json', 'Accept': 'application/json', 'X-Auth-Token': '&lt;omitted&gt;'}
        Body: {"server": {"name": "tempest.common.compute-instance-961451927", "imageRef": "6fd42fb1-ec79-45aa-8c57-0c96f9ab3ab0", "key_name": "tempest-TestNetworkBasicOps-419246149", "flavorRef": "42", "networks": [{"uuid": "513bcbc5-2d7e-4c0b-bcf3-8a8dbc01f468"}], "security_groups": [{"name": "tempest-secgroup-smoke-875781959"}]}}
    Response - Headers: {'status': '202', 'content-length': '461', 'x-compute-request-id': 'req-4f2ed969-b6d0-42f0-b6db-db37f11d9c34', 'vary': 'X-OpenStack-Nova-API-Version', 'connection': 'close', 'location': 'http://10.0.2.15:8774/v2.1/b202a53f7f444ff79de1b1bf4487959c/servers/ef9e2a69-a746-4dfb-accf-24ee5e528d76', 'x-openstack-nova-api-version': '2.1', 'date': 'Fri, 18 Dec 2015 13:54:59 GMT', 'content-type': 'application/json'}
        Body: {"server": {"security_groups": [{"name": "tempest-secgroup-smoke-875781959"}], "OS-DCF:diskConfig": "MANUAL", "id": "ef9e2a69-a746-4dfb-accf-24ee5e528d76", "links": [{"href": "http://10.0.2.15:8774/v2.1/b202a53f7f444ff79de1b1bf4487959c/servers/ef9e2a69-a746-4dfb-accf-24ee5e528d76", "rel": "self"}, {"href": "http://10.0.2.15:8774/b202a53f7f444ff79de1b1bf4487959c/servers/ef9e2a69-a746-4dfb-accf-24ee5e528d76", "rel": "bookmark"}], "adminPass": "NsUsE4PN23Bk"}}
2015-12-18 13:54:59,611 20652 INFO     [tempest_lib.common.rest_client] Request (TestNetworkBasicOps:test_connectivity_between_vms_on_different_networks): 200 GET http://10.0.2.15:8774/v2.1/b202a53f7f444ff79de1b1bf4487959c/servers/ef9e2a69-a746-4dfb-accf-24ee5e528d76 0.150s
2015-12-18 13:54:59,611 20652 DEBUG    [tempest_lib.common.rest_client] Request - Headers: {'Content-Type': 'application/json', 'Accept': 'application/json', 'X-Auth-Token': '&lt;omitted&gt;'}
        Body: None
    Response - Headers: {'status': '200', 'content-length': '1354', 'content-location': 'http://10.0.2.15:8774/v2.1/b202a53f7f444ff79de1b1bf4487959c/servers/ef9e2a69-a746-4dfb-accf-24ee5e528d76', 'x-compute-request-id': 'req-ac14a92e-0ff6-421c-b27d-16f19897ea6a', 'vary': 'X-OpenStack-Nova-API-Version', 'connection': 'close', 'x-openstack-nova-api-version': '2.1', 'date': 'Fri, 18 Dec 2015 13:54:59 GMT', 'content-type': 'application/json'}
        Body: {"server": {"status": "BUILD", "updated": "2015-12-18T13:54:59Z", "hostId": "", "addresses": {}, "links": [{"href": "http://10.0.2.15:8774/v2.1/b202a53f7f444ff79de1b1bf4487959c/servers/ef9e2a69-a746-4dfb-accf-24ee5e528d76", "rel": "self"}, {"href": "http://10.0.2.15:8774/b202a53f7f444ff79de1b1bf4487959c/servers/ef9e2a69-a746-4dfb-accf-24ee5e528d76", "rel": "bookmark"}], "key_name": "tempest-TestNetworkBasicOps-419246149", "image": {"id": "6fd42fb1-ec79-45aa-8c57-0c96f9ab3ab0", "links": [{"href": "http://10.0.2.15:8774/b202a53f7f444ff79de1b1bf4487959c/images/6fd42fb1-ec79-45aa-8c57-0c96f9ab3ab0", "rel": "bookmark"}]}, "OS-EXT-STS:task_state": "scheduling", "OS-EXT-STS:vm_state": "building", "OS-SRV-USG:launched_at": null, "flavor": {"id": "42", "links": [{"href": "http://10.0.2.15:8774/b202a53f7f444ff79de1b1bf4487959c/flavors/42", "rel": "bookmark"}]}, "id": "ef9e2a69-a746-4dfb-accf-24ee5e528d76", "OS-SRV-USG:terminated_at": null, "OS-EXT-AZ:availability_zone": "", "user_id": "4a3ea9c563af4d2e8ed4abedc63fdf89", "name": "tempest.common.compute-instance-961451927", "created": "2015-12-18T13:54:59Z", "tenant_id": "b202a53f7f444ff79de1b1bf4487959c", "OS-DCF:diskConfig": "MANUAL", "os-extended-volumes:volumes_attached": [], "accessIPv4": "", "accessIPv6": "", "progress": 0, "OS-EXT-STS:power_state": 0, "config_drive": "", "metadata": {}}}
2015-12-18 13:55:00,907 20652 INFO     [tempest_lib.common.rest_client] Request (TestNetworkBasicOps:test_connectivity_between_vms_on_different_networks): 200 GET http://10.0.2.15:8774/v2.1/b202a53f7f444ff79de1b1bf4487959c/servers/ef9e2a69-a746-4dfb-accf-24ee5e528d76 0.284s
2015-12-18 13:55:00,907 20652 DEBUG    [tempest_lib.common.rest_client] Request - Headers: {'Content-Type': 'application/json', 'Accept': 'application/json', 'X-Auth-Token': '&lt;omitted&gt;'}
        Body: None
    Response - Headers: {'status': '200', 'content-length': '1479', 'content-location': 'http://10.0.2.15:8774/v2.1/b202a53f7f444ff79de1b1bf4487959c/servers/ef9e2a69-a746-4dfb-accf-24ee5e528d76', 'x-compute-request-id': 'req-4a4a9a6c-2561-470f-92b7-eb368505a515', 'vary': 'X-OpenStack-Nova-API-Version', 'connection': 'close', 'x-openstack-nova-api-version': '2.1', 'date': 'Fri, 18 Dec 2015 13:55:00 GMT', 'content-type': 'application/json'}
        Body: {"server": {"status": "BUILD", "updated": "2015-12-18T13:55:00Z", "hostId": "33c1262e12f7a07d07caa2fd2c38819aa43ed4fe9bb4fb2deb1bfc8e", "addresses": {}, "links": [{"href": "http://10.0.2.15:8774/v2.1/b202a53f7f444ff79de1b1bf4487959c/servers/ef9e2a69-a746-4dfb-accf-24ee5e528d76", "rel": "self"}, {"href": "http://10.0.2.15:8774/b202a53f7f444ff79de1b1bf4487959c/servers/ef9e2a69-a746-4dfb-accf-24ee5e528d76", "rel": "bookmark"}], "key_name": "tempest-TestNetworkBasicOps-419246149", "image": {"id": "6fd42fb1-ec79-45aa-8c57-0c96f9ab3ab0", "links": [{"href": "http://10.0.2.15:8774/b202a53f7f444ff79de1b1bf4487959c/images/6fd42fb1-ec79-45aa-8c57-0c96f9ab3ab0", "rel": "bookmark"}]}, "OS-EXT-STS:task_state": "spawning", "OS-EXT-STS:vm_state": "building", "OS-SRV-USG:launched_at": null, "flavor": {"id": "42", "links": [{"href": "http://10.0.2.15:8774/b202a53f7f444ff79de1b1bf4487959c/flavors/42", "rel": "bookmark"}]}, "id": "ef9e2a69-a746-4dfb-accf-24ee5e528d76", "security_groups": [{"name": "tempest-secgroup-smoke-875781959"}], "OS-SRV-USG:terminated_at": null, "OS-EXT-AZ:availability_zone": "nova", "user_id": "4a3ea9c563af4d2e8ed4abedc63fdf89", "name": "tempest.common.compute-instance-961451927", "created": "2015-12-18T13:54:59Z", "tenant_id": "b202a53f7f444ff79de1b1bf4487959c", "OS-DCF:diskConfig": "MANUAL", "os-extended-volumes:volumes_attached": [], "accessIPv4": "", "accessIPv6": "", "progress": 0, "OS-EXT-STS:power_state": 0, "config_drive": "", "metadata": {}}}
2015-12-18 13:55:00,917 20652 INFO     [tempest.common.waiters] State transition "BUILD/scheduling" ==&gt; "BUILD/spawning" after 1 second wait
2015-12-18 13:55:02,103 20652 INFO     [tempest_lib.common.rest_client] Request (TestNetworkBasicOps:test_connectivity_between_vms_on_different_networks): 200 GET http://10.0.2.15:8774/v2.1/b202a53f7f444ff79de1b1bf4487959c/servers/ef9e2a69-a746-4dfb-accf-24ee5e528d76 0.184s
2015-12-18 13:55:02,104 20652 DEBUG    [tempest_lib.common.rest_client] Request - Headers: {'Content-Type': 'application/json', 'Accept': 'application/json', 'X-Auth-Token': '&lt;omitted&gt;'}
        Body: None
    Response - Headers: {'status': '200', 'content-length': '1479', 'content-location': 'http://10.0.2.15:8774/v2.1/b202a53f7f444ff79de1b1bf4487959c/servers/ef9e2a69-a746-4dfb-accf-24ee5e528d76', 'x-compute-request-id': 'req-047e306d-0c22-4445-a311-27ff850c21d1', 'vary': 'X-OpenStack-Nova-API-Version', 'connection': 'close', 'x-openstack-nova-api-version': '2.1', 'date': 'Fri, 18 Dec 2015 13:55:02 GMT', 'content-type': 'application/json'}
        Body: {"server": {"status": "BUILD", "updated": "2015-12-18T13:55:00Z", "hostId": "33c1262e12f7a07d07caa2fd2c38819aa43ed4fe9bb4fb2deb1bfc8e", "addresses": {}, "links": [{"href": "http://10.0.2.15:8774/v2.1/b202a53f7f444ff79de1b1bf4487959c/servers/ef9e2a69-a746-4dfb-accf-24ee5e528d76", "rel": "self"}, {"href": "http://10.0.2.15:8774/b202a53f7f444ff79de1b1bf4487959c/servers/ef9e2a69-a746-4dfb-accf-24ee5e528d76", "rel": "bookmark"}], "key_name": "tempest-TestNetworkBasicOps-419246149", "image": {"id": "6fd42fb1-ec79-45aa-8c57-0c96f9ab3ab0", "links": [{"href": "http://10.0.2.15:8774/b202a53f7f444ff79de1b1bf4487959c/images/6fd42fb1-ec79-45aa-8c57-0c96f9ab3ab0", "rel": "bookmark"}]}, "OS-EXT-STS:task_state": "spawning", "OS-EXT-STS:vm_state": "building", "OS-SRV-USG:launched_at": null, "flavor": {"id": "42", "links": [{"href": "http://10.0.2.15:8774/b202a53f7f444ff79de1b1bf4487959c/flavors/42", "rel": "bookmark"}]}, "id": "ef9e2a69-a746-4dfb-accf-24ee5e528d76", "security_groups": [{"name": "tempest-secgroup-smoke-875781959"}], "OS-SRV-USG:terminated_at": null, "OS-EXT-AZ:availability_zone": "nova", "user_id": "4a3ea9c563af4d2e8ed4abedc63fdf89", "name": "tempest.common.compute-instance-961451927", "created": "2015-12-18T13:54:59Z", "tenant_id": "b202a53f7f444ff79de1b1bf4487959c", "OS-DCF:diskConfig": "MANUAL", "os-extended-volumes:volumes_attached": [], "accessIPv4": "", "accessIPv6": "", "progress": 0, "OS-EXT-STS:power_state": 0, "config_drive": "", "metadata": {}}}
2015-12-18 13:55:03,394 20652 INFO     [tempest_lib.common.rest_client] Request (TestNetworkBasicOps:test_connectivity_between_vms_on_different_networks): 200 GET http://10.0.2.15:8774/v2.1/b202a53f7f444ff79de1b1bf4487959c/servers/ef9e2a69-a746-4dfb-accf-24ee5e528d76 0.281s
2015-12-18 13:55:03,394 20652 DEBUG    [tempest_lib.common.rest_client] Request - Headers: {'Content-Type': 'application/json', 'Accept': 'application/json', 'X-Auth-Token': '&lt;omitted&gt;'}
        Body: None
    Response - Headers: {'status': '200', 'content-length': '1651', 'content-location': 'http://10.0.2.15:8774/v2.1/b202a53f7f444ff79de1b1bf4487959c/servers/ef9e2a69-a746-4dfb-accf-24ee5e528d76', 'x-compute-request-id': 'req-dd7d6835-35af-40c7-946f-eab4fa0d3440', 'vary': 'X-OpenStack-Nova-API-Version', 'connection': 'close', 'x-openstack-nova-api-version': '2.1', 'date': 'Fri, 18 Dec 2015 13:55:03 GMT', 'content-type': 'application/json'}
        Body: {"server": {"status": "ACTIVE", "updated": "2015-12-18T13:55:02Z", "hostId": "33c1262e12f7a07d07caa2fd2c38819aa43ed4fe9bb4fb2deb1bfc8e", "addresses": {"tempest-network-smoke--1035048434": [{"OS-EXT-IPS-MAC:mac_addr": "fa:16:3e:25:a9:ba", "version": 4, "addr": "10.100.0.3", "OS-EXT-IPS:type": "fixed"}]}, "links": [{"href": "http://10.0.2.15:8774/v2.1/b202a53f7f444ff79de1b1bf4487959c/servers/ef9e2a69-a746-4dfb-accf-24ee5e528d76", "rel": "self"}, {"href": "http://10.0.2.15:8774/b202a53f7f444ff79de1b1bf4487959c/servers/ef9e2a69-a746-4dfb-accf-24ee5e528d76", "rel": "bookmark"}], "key_name": "tempest-TestNetworkBasicOps-419246149", "image": {"id": "6fd42fb1-ec79-45aa-8c57-0c96f9ab3ab0", "links": [{"href": "http://10.0.2.15:8774/b202a53f7f444ff79de1b1bf4487959c/images/6fd42fb1-ec79-45aa-8c57-0c96f9ab3ab0", "rel": "bookmark"}]}, "OS-EXT-STS:task_state": null, "OS-EXT-STS:vm_state": "active", "OS-SRV-USG:launched_at": "2015-12-18T13:55:02.000000", "flavor": {"id": "42", "links": [{"href": "http://10.0.2.15:8774/b202a53f7f444ff79de1b1bf4487959c/flavors/42", "rel": "bookmark"}]}, "id": "ef9e2a69-a746-4dfb-accf-24ee5e528d76", "security_groups": [{"name": "tempest-secgroup-smoke-875781959"}], "OS-SRV-USG:terminated_at": null, "OS-EXT-AZ:availability_zone": "nova", "user_id": "4a3ea9c563af4d2e8ed4abedc63fdf89", "name": "tempest.common.compute-instance-961451927", "created": "2015-12-18T13:54:59Z", "tenant_id": "b202a53f7f444ff79de1b1bf4487959c", "OS-DCF:diskConfig": "MANUAL", "os-extended-volumes:volumes_attached": [], "accessIPv4": "", "accessIPv6": "", "progress": 0, "OS-EXT-STS:power_state": 1, "config_drive": "True", "metadata": {}}}
2015-12-18 13:55:03,403 20652 INFO     [tempest.common.waiters] State transition "BUILD/spawning" ==&gt; "ACTIVE/None" after 4 second wait
2015-12-18 13:55:03,643 20652 INFO     [tempest_lib.common.rest_client] Request (TestNetworkBasicOps:test_connectivity_between_vms_on_different_networks): 200 GET http://10.0.2.15:8774/v2.1/b202a53f7f444ff79de1b1bf4487959c/servers/ef9e2a69-a746-4dfb-accf-24ee5e528d76 0.240s
2015-12-18 13:55:03,644 20652 DEBUG    [tempest_lib.common.rest_client] Request - Headers: {'Content-Type': 'application/json', 'Accept': 'application/json', 'X-Auth-Token': '&lt;omitted&gt;'}
        Body: None
    Response - Headers: {'status': '200', 'content-length': '1651', 'content-location': 'http://10.0.2.15:8774/v2.1/b202a53f7f444ff79de1b1bf4487959c/servers/ef9e2a69-a746-4dfb-accf-24ee5e528d76', 'x-compute-request-id': 'req-d984d010-f8e4-42a6-908d-e7b4a3c7c3a3', 'vary': 'X-OpenStack-Nova-API-Version', 'connection': 'close', 'x-openstack-nova-api-version': '2.1', 'date': 'Fri, 18 Dec 2015 13:55:03 GMT', 'content-type': 'application/json'}
        Body: {"server": {"status": "ACTIVE", "updated": "2015-12-18T13:55:02Z", "hostId": "33c1262e12f7a07d07caa2fd2c38819aa43ed4fe9bb4fb2deb1bfc8e", "addresses": {"tempest-network-smoke--1035048434": [{"OS-EXT-IPS-MAC:mac_addr": "fa:16:3e:25:a9:ba", "version": 4, "addr": "10.100.0.3", "OS-EXT-IPS:type": "fixed"}]}, "links": [{"href": "http://10.0.2.15:8774/v2.1/b202a53f7f444ff79de1b1bf4487959c/servers/ef9e2a69-a746-4dfb-accf-24ee5e528d76", "rel": "self"}, {"href": "http://10.0.2.15:8774/b202a53f7f444ff79de1b1bf4487959c/servers/ef9e2a69-a746-4dfb-accf-24ee5e528d76", "rel": "bookmark"}], "key_name": "tempest-TestNetworkBasicOps-419246149", "image": {"id": "6fd42fb1-ec79-45aa-8c57-0c96f9ab3ab0", "links": [{"href": "http://10.0.2.15:8774/b202a53f7f444ff79de1b1bf4487959c/images/6fd42fb1-ec79-45aa-8c57-0c96f9ab3ab0", "rel": "bookmark"}]}, "OS-EXT-STS:task_state": null, "OS-EXT-STS:vm_state": "active", "OS-SRV-USG:launched_at": "2015-12-18T13:55:02.000000", "flavor": {"id": "42", "links": [{"href": "http://10.0.2.15:8774/b202a53f7f444ff79de1b1bf4487959c/flavors/42", "rel": "bookmark"}]}, "id": "ef9e2a69-a746-4dfb-accf-24ee5e528d76", "security_groups": [{"name": "tempest-secgroup-smoke-875781959"}], "OS-SRV-USG:terminated_at": null, "OS-EXT-AZ:availability_zone": "nova", "user_id": "4a3ea9c563af4d2e8ed4abedc63fdf89", "name": "tempest.common.compute-instance-961451927", "created": "2015-12-18T13:54:59Z", "tenant_id": "b202a53f7f444ff79de1b1bf4487959c", "OS-DCF:diskConfig": "MANUAL", "os-extended-volumes:volumes_attached": [], "accessIPv4": "", "accessIPv6": "", "progress": 0, "OS-EXT-STS:power_state": 1, "config_drive": "True", "metadata": {}}}
2015-12-18 13:55:03,652 20652 INFO     [tempest.scenario.manager] Tenant networks not configured to be reachable.
2015-12-18 13:55:03,685 20652 INFO     [tempest_lib.common.rest_client] Request (TestNetworkBasicOps:test_connectivity_between_vms_on_different_networks): 200 GET http://10.0.2.15:9696/v2.0/ports?status=ACTIVE&amp;fixed_ip=None&amp;device_id=ef9e2a69-a746-4dfb-accf-24ee5e528d76 0.032s
2015-12-18 13:55:03,685 20652 DEBUG    [tempest_lib.common.rest_client] Request - Headers: {'Content-Type': 'application/json', 'Accept': 'application/json', 'X-Auth-Token': '&lt;omitted&gt;'}
        Body: None
    Response - Headers: {'status': '200', 'content-length': '895', 'content-location': 'http://10.0.2.15:9696/v2.0/ports?status=ACTIVE&amp;fixed_ip=None&amp;device_id=ef9e2a69-a746-4dfb-accf-24ee5e528d76', 'connection': 'close', 'date': 'Fri, 18 Dec 2015 13:55:03 GMT', 'content-type': 'application/json; charset=UTF-8', 'x-openstack-request-id': 'req-feb3f3fc-cf77-4ed4-bd6b-89244eef13f2'}
        Body: {"ports": [{"status": "ACTIVE", "binding:host_id": "vagrant-ubuntu-trusty-64", "allowed_address_pairs": [], "extra_dhcp_opts": [], "dns_assignment": [{"hostname": "host-10-100-0-3", "ip_address": "10.100.0.3", "fqdn": "host-10-100-0-3.openstacklocal."}], "device_owner": "compute:None", "port_security_enabled": true, "binding:profile": {}, "fixed_ips": [{"subnet_id": "187d5347-56ce-4aa3-9ddd-a2376234824b", "ip_address": "10.100.0.3"}], "id": "c719782f-8827-4ebb-afd6-6a4b93eb33d5", "security_groups": ["b1d87421-6901-4b4d-9b34-475846e07dc6"], "device_id": "ef9e2a69-a746-4dfb-accf-24ee5e528d76", "name": "", "admin_state_up": true, "network_id": "513bcbc5-2d7e-4c0b-bcf3-8a8dbc01f468", "dns_name": "", "binding:vif_details": {"port_filter": true}, "binding:vnic_type": "normal", "binding:vif_type": "ovs", "tenant_id": "b202a53f7f444ff79de1b1bf4487959c", "mac_address": "fa:16:3e:25:a9:ba"}]}
2015-12-18 13:55:04,073 20652 INFO     [tempest_lib.common.rest_client] Request (TestNetworkBasicOps:test_connectivity_between_vms_on_different_networks): 201 POST http://10.0.2.15:9696/v2.0/floatingips 0.387s
2015-12-18 13:55:04,074 20652 DEBUG    [tempest_lib.common.rest_client] Request - Headers: {'Content-Type': 'application/json', 'Accept': 'application/json', 'X-Auth-Token': '&lt;omitted&gt;'}
        Body: {"floatingip": {"floating_network_id": "2538079e-69eb-4f81-bb3e-95a4a0e099d4", "tenant_id": "b202a53f7f444ff79de1b1bf4487959c", "fixed_ip_address": "10.100.0.3", "port_id": "c719782f-8827-4ebb-afd6-6a4b93eb33d5"}}
    Response - Headers: {'status': '201', 'content-length': '367', 'connection': 'close', 'date': 'Fri, 18 Dec 2015 13:55:04 GMT', 'content-type': 'application/json; charset=UTF-8', 'x-openstack-request-id': 'req-5ddfd24d-aa9c-42c2-89b3-4d9e6b9cb5a7'}
        Body: {"floatingip": {"floating_network_id": "2538079e-69eb-4f81-bb3e-95a4a0e099d4", "router_id": "63f12e35-98ca-4b33-9e72-24680fed4e01", "fixed_ip_address": "10.100.0.3", "floating_ip_address": "172.24.4.4", "tenant_id": "b202a53f7f444ff79de1b1bf4487959c", "status": "DOWN", "port_id": "c719782f-8827-4ebb-afd6-6a4b93eb33d5", "id": "931f3dfa-8418-4be4-9919-4a59998b802d"}}
2015-12-18 13:55:04,089 20652 INFO     [tempest_lib.common.rest_client] Request (TestNetworkBasicOps:test_connectivity_between_vms_on_different_networks): 200 GET http://10.0.2.15:9696/v2.0/floatingips/931f3dfa-8418-4be4-9919-4a59998b802d 0.014s
2015-12-18 13:55:04,089 20652 DEBUG    [tempest_lib.common.rest_client] Request - Headers: {'Content-Type': 'application/json', 'Accept': 'application/json', 'X-Auth-Token': '&lt;omitted&gt;'}
        Body: None
    Response - Headers: {'status': '200', 'content-length': '367', 'content-location': 'http://10.0.2.15:9696/v2.0/floatingips/931f3dfa-8418-4be4-9919-4a59998b802d', 'connection': 'close', 'date': 'Fri, 18 Dec 2015 13:55:04 GMT', 'content-type': 'application/json; charset=UTF-8', 'x-openstack-request-id': 'req-8ca5eeae-953f-46fd-8e21-5e75e3f277bd'}
        Body: {"floatingip": {"floating_network_id": "2538079e-69eb-4f81-bb3e-95a4a0e099d4", "router_id": "63f12e35-98ca-4b33-9e72-24680fed4e01", "fixed_ip_address": "10.100.0.3", "floating_ip_address": "172.24.4.4", "tenant_id": "b202a53f7f444ff79de1b1bf4487959c", "status": "DOWN", "port_id": "c719782f-8827-4ebb-afd6-6a4b93eb33d5", "id": "931f3dfa-8418-4be4-9919-4a59998b802d"}}
2015-12-18 13:55:05,102 20652 INFO     [tempest_lib.common.rest_client] Request (TestNetworkBasicOps:test_connectivity_between_vms_on_different_networks): 200 GET http://10.0.2.15:9696/v2.0/floatingips/931f3dfa-8418-4be4-9919-4a59998b802d 0.010s
2015-12-18 13:55:05,102 20652 DEBUG    [tempest_lib.common.rest_client] Request - Headers: {'Content-Type': 'application/json', 'Accept': 'application/json', 'X-Auth-Token': '&lt;omitted&gt;'}
        Body: None
    Response - Headers: {'status': '200', 'content-length': '369', 'content-location': 'http://10.0.2.15:9696/v2.0/floatingips/931f3dfa-8418-4be4-9919-4a59998b802d', 'connection': 'close', 'date': 'Fri, 18 Dec 2015 13:55:05 GMT', 'content-type': 'application/json; charset=UTF-8', 'x-openstack-request-id': 'req-6c605035-891b-47b7-9cae-816df60eafd4'}
        Body: {"floatingip": {"floating_network_id": "2538079e-69eb-4f81-bb3e-95a4a0e099d4", "router_id": "63f12e35-98ca-4b33-9e72-24680fed4e01", "fixed_ip_address": "10.100.0.3", "floating_ip_address": "172.24.4.4", "tenant_id": "b202a53f7f444ff79de1b1bf4487959c", "status": "ACTIVE", "port_id": "c719782f-8827-4ebb-afd6-6a4b93eb33d5", "id": "931f3dfa-8418-4be4-9919-4a59998b802d"}}
2015-12-18 13:55:05,103 20652 INFO     [tempest.scenario.manager] FloatingIP: &lt;"FloatingIP" addr="172.24.4.4" id="931f3dfa-8418-4be4-9919-4a59998b802d"&gt; is at status: ACTIVE
2015-12-18 13:55:05,103 20652 DEBUG    [tempest.scenario.manager] checking network connections to IP 172.24.4.4 with user: cirros
2015-12-18 13:55:05,103 20652 DEBUG    [tempest.scenario.manager] TestNetworkBasicOps:test_connectivity_between_vms_on_different_networks begins to ping 172.24.4.4 in 120 sec and the expected result is reachable
2015-12-18 13:57:05,454 20652 DEBUG    [tempest.scenario.manager] TestNetworkBasicOps:test_connectivity_between_vms_on_different_networks finishes ping 172.24.4.4 in 120 sec and the ping result is unexpected
2015-12-18 13:57:05,455 20652 ERROR    [tempest.scenario.manager] Public network connectivity check failed
2015-12-18 13:57:05.455 20652 ERROR tempest.scenario.manager Traceback (most recent call last):
2015-12-18 13:57:05.455 20652 ERROR tempest.scenario.manager   File "tempest/scenario/manager.py", line 608, in check_public_network_connectivity
2015-12-18 13:57:05.455 20652 ERROR tempest.scenario.manager     should_connect=should_connect)
2015-12-18 13:57:05.455 20652 ERROR tempest.scenario.manager   File "tempest/scenario/manager.py", line 592, in check_vm_connectivity
2015-12-18 13:57:05.455 20652 ERROR tempest.scenario.manager     msg=msg)
2015-12-18 13:57:05.455 20652 ERROR tempest.scenario.manager   File "/usr/local/lib/python2.7/dist-packages/unittest2/case.py", line 702, in assertTrue
2015-12-18 13:57:05.455 20652 ERROR tempest.scenario.manager     raise self.failureException(msg)
2015-12-18 13:57:05.455 20652 ERROR tempest.scenario.manager AssertionError: False is not true : Timed out waiting for 172.24.4.4 to become reachable
2015-12-18 13:57:05.455 20652 ERROR tempest.scenario.manager 
2015-12-18 13:57:05,669 20652 INFO     [tempest_lib.common.rest_client] Request (TestNetworkBasicOps:test_connectivity_between_vms_on_different_networks): 200 POST http://10.0.2.15:8774/v2.1/b202a53f7f444ff79de1b1bf4487959c/servers/ef9e2a69-a746-4dfb-accf-24ee5e528d76/action 0.211s
2015-12-18 13:57:05,670 20652 DEBUG    [tempest_lib.common.rest_client] Request - Headers: {'Content-Type': 'application/json', 'Accept': 'application/json', 'X-Auth-Token': '&lt;omitted&gt;'}
        Body: {"os-getConsoleOutput": {}}
    Response - Headers: {'status': '200', 'content-length': '17429', 'x-compute-request-id': 'req-f37ea94f-c8e7-43db-afd0-4f357571f582', 'vary': 'X-OpenStack-Nova-API-Version', 'connection': 'close', 'x-openstack-nova-api-version': '2.1', 'date': 'Fri, 18 Dec 2015 13:57:05 GMT', 'content-type': 'application/json'}
        Body: {"output": "[    0.000000] Initializing cgroup subsys cpuset\n[    0.000000] Initializing cgroup subsys cpu\n[    0.000000] Linux version 3.2.0-80-virtual (buildd@batsu) (gcc version 4.6.3 (Ubuntu/Linaro 4.6.3-1ubuntu5) ) #116-Ubuntu SMP Mon Mar 23 17:28:52 UTC 2015 (Ubuntu 3.2.0-80.116-virtual 3.2.68)\n[    0.000000] Command line: root=/dev/vda console=tty0 console=ttyS0 no_timer_check\n[    0.000000] KERNEL supported cpus:\n[    0.000000]   Intel GenuineIntel\n[    0.000000]   AMD AuthenticAMD\n[    0.000000]   Centaur CentaurHauls\n[    0.000000] BIOS-provided physical RAM map:\n[    0.000000]  BIOS-e820: 0000000000000000 - 000000000009fc00 (usable)\n[    0.000000]  BIOS-e820: 000000000009fc00 - 00000000000a0000 (reserved)\n[    0.000000]  BIOS-e820: 00000000000f0000 - 0000000000100000 (reserved)\n[    0.000000]  BIOS-e820: 0000000000100000 - 0000000003ffe000 (usable)\n[    0.000000]  BIOS-e820: 0000000003ffe000 - 0000000004000000 (reserved)\n[    0.000000]  BIOS-e820: 00000000fffc0000 - 0000000100000000 (reserved)\n[    0.000000] NX (Execute Disable) protection: active\n[    0.000000] SMBIOS 2.4 present.\n[    0.000000] No AGP bridge found\n[    0.000000] last_pfn = 0x3ffe max_arch_pfn = 0x400000000\n[    0.000000] x86 PAT enabled: cpu 0, old 0x7040600070406, new 0x7010600070106\n[    0.000000] found SMP MP-table at [ffff8800000f0b00] f0b00\n[    0.000000] init_memory_mapping: 0000000000000000-0000000003ffe000\n[    0.000000] RAMDISK: 03c5e000 - 03ff0000\n[    0.000000] ACPI: RSDP 00000000000f0950 00014 (v00 BOCHS )\n[    0.000000] ACPI: RSDT 0000000003fffbc1 00034 (v01 BOCHS  BXPCRSDT 00000001 BXPC 00000001)\n[    0.000000] ACPI: FACP 0000000003fff1c0 00074 (v01 BOCHS  BXPCFACP 00000001 BXPC 00000001)\n[    0.000000] ACPI: DSDT 0000000003ffe040 01180 (v01 BOCHS  BXPCDSDT 00000001 BXPC 00000001)\n[    0.000000] ACPI: FACS 0000000003ffe000 00040\n[    0.000000] ACPI: SSDT 0000000003fff234 008DD (v01 BOCHS  BXPCSSDT 00000001 BXPC 00000001)\n[    0.000000] ACPI: APIC 0000000003fffb11 00078 (v01 BOCHS  BXPCAPIC 00000001 BXPC 00000001)\n[    0.000000] ACPI: HPET 0000000003fffb89 00038 (v01 BOCHS  BXPCHPET 00000001 BXPC 00000001)\n[    0.000000] No NUMA configuration found\n[    0.000000] Faking a node at 0000000000000000-0000000003ffe000\n[    0.000000] Initmem setup node 0 0000000000000000-0000000003ffe000\n[    0.000000]   NODE_DATA [0000000003ff6000 - 0000000003ffafff]\n[    0.000000] Zone PFN ranges:\n[    0.000000]   DMA      0x00000010 -&gt; 0x00001000\n[    0.000000]   DMA32    0x00001000 -&gt; 0x00100000\n[    0.000000]   Normal   empty\n[    0.000000] Movable zone start PFN for each node\n[    0.000000] early_node_map[2] active PFN ranges\n[    0.000000]     0: 0x00000010 -&gt; 0x0000009f\n[    0.000000]     0: 0x00000100 -&gt; 0x00003ffe\n[    0.000000] ACPI: PM-Timer IO Port: 0xb008\n[    0.000000] ACPI: LAPIC (acpi_id[0x00] lapic_id[0x00] enabled)\n[    0.000000] ACPI: LAPIC_NMI (acpi_id[0xff] dfl dfl lint[0x1])\n[    0.000000] ACPI: IOAPIC (id[0x00] address[0xfec00000] gsi_base[0])\n[    0.000000] IOAPIC[0]: apic_id 0, version 17, address 0xfec00000, GSI 0-23\n[    0.000000] ACPI: INT_SRC_OVR (bus 0 bus_irq 0 global_irq 2 dfl dfl)\n[    0.000000] ACPI: INT_SRC_OVR (bus 0 bus_irq 5 global_irq 5 high level)\n[    0.000000] ACPI: INT_SRC_OVR (bus 0 bus_irq 9 global_irq 9 high level)\n[    0.000000] ACPI: INT_SRC_OVR (bus 0 bus_irq 10 global_irq 10 high level)\n[    0.000000] ACPI: INT_SRC_OVR (bus 0 bus_irq 11 global_irq 11 high level)\n[    0.000000] Using ACPI (MADT) for SMP configuration information\n[    0.000000] ACPI: HPET id: 0x8086a201 base: 0xfed00000\n[    0.000000] SMP: Allowing 1 CPUs, 0 hotplug CPUs\n[    0.000000] PM: Registered nosave memory: 000000000009f000 - 00000000000a0000\n[    0.000000] PM: Registered nosave memory: 00000000000a0000 - 00000000000f0000\n[    0.000000] PM: Registered nosave memory: 00000000000f0000 - 0000000000100000\n[    0.000000] Allocating PCI resources starting at 4000000 (gap: 4000000:fbfc0000)\n[    0.000000] Booting paravirtualized kernel on bare hardware\n[    0.000000] setup_pe
2015-12-18 13:57:05,674 20652 DEBUG    [tempest.scenario.manager] Console output for ef9e2a69-a746-4dfb-accf-24ee5e528d76
body=
[    0.000000] Initializing cgroup subsys cpuset
[    0.000000] Initializing cgroup subsys cpu
[    0.000000] Linux version 3.2.0-80-virtual (buildd@batsu) (gcc version 4.6.3 (Ubuntu/Linaro 4.6.3-1ubuntu5) ) #116-Ubuntu SMP Mon Mar 23 17:28:52 UTC 2015 (Ubuntu 3.2.0-80.116-virtual 3.2.68)
[    0.000000] Command line: root=/dev/vda console=tty0 console=ttyS0 no_timer_check
[    0.000000] KERNEL supported cpus:
[    0.000000]   Intel GenuineIntel
[    0.000000]   AMD AuthenticAMD
[    0.000000]   Centaur CentaurHauls
[    0.000000] BIOS-provided physical RAM map:
[    0.000000]  BIOS-e820: 0000000000000000 - 000000000009fc00 (usable)
[    0.000000]  BIOS-e820: 000000000009fc00 - 00000000000a0000 (reserved)
[    0.000000]  BIOS-e820: 00000000000f0000 - 0000000000100000 (reserved)
[    0.000000]  BIOS-e820: 0000000000100000 - 0000000003ffe000 (usable)
[    0.000000]  BIOS-e820: 0000000003ffe000 - 0000000004000000 (reserved)
[    0.000000]  BIOS-e820: 00000000fffc0000 - 0000000100000000 (reserved)
[    0.000000] NX (Execute Disable) protection: active
[    0.000000] SMBIOS 2.4 present.
[    0.000000] No AGP bridge found
[    0.000000] last_pfn = 0x3ffe max_arch_pfn = 0x400000000
[    0.000000] x86 PAT enabled: cpu 0, old 0x7040600070406, new 0x7010600070106
[    0.000000] found SMP MP-table at [ffff8800000f0b00] f0b00
[    0.000000] init_memory_mapping: 0000000000000000-0000000003ffe000
[    0.000000] RAMDISK: 03c5e000 - 03ff0000
[    0.000000] ACPI: RSDP 00000000000f0950 00014 (v00 BOCHS )
[    0.000000] ACPI: RSDT 0000000003fffbc1 00034 (v01 BOCHS  BXPCRSDT 00000001 BXPC 00000001)
[    0.000000] ACPI: FACP 0000000003fff1c0 00074 (v01 BOCHS  BXPCFACP 00000001 BXPC 00000001)
[    0.000000] ACPI: DSDT 0000000003ffe040 01180 (v01 BOCHS  BXPCDSDT 00000001 BXPC 00000001)
[    0.000000] ACPI: FACS 0000000003ffe000 00040
[    0.000000] ACPI: SSDT 0000000003fff234 008DD (v01 BOCHS  BXPCSSDT 00000001 BXPC 00000001)
[    0.000000] ACPI: APIC 0000000003fffb11 00078 (v01 BOCHS  BXPCAPIC 00000001 BXPC 00000001)
[    0.000000] ACPI: HPET 0000000003fffb89 00038 (v01 BOCHS  BXPCHPET 00000001 BXPC 00000001)
[    0.000000] No NUMA configuration found
[    0.000000] Faking a node at 0000000000000000-0000000003ffe000
[    0.000000] Initmem setup node 0 0000000000000000-0000000003ffe000
[    0.000000]   NODE_DATA [0000000003ff6000 - 0000000003ffafff]
[    0.000000] Zone PFN ranges:
[    0.000000]   DMA      0x00000010 -&gt; 0x00001000
[    0.000000]   DMA32    0x00001000 -&gt; 0x00100000
[    0.000000]   Normal   empty
[    0.000000] Movable zone start PFN for each node
[    0.000000] early_node_map[2] active PFN ranges
[    0.000000]     0: 0x00000010 -&gt; 0x0000009f
[    0.000000]     0: 0x00000100 -&gt; 0x00003ffe
[    0.000000] ACPI: PM-Timer IO Port: 0xb008
[    0.000000] ACPI: LAPIC (acpi_id[0x00] lapic_id[0x00] enabled)
[    0.000000] ACPI: LAPIC_NMI (acpi_id[0xff] dfl dfl lint[0x1])
[    0.000000] ACPI: IOAPIC (id[0x00] address[0xfec00000] gsi_base[0])
[    0.000000] IOAPIC[0]: apic_id 0, version 17, address 0xfec00000, GSI 0-23
[    0.000000] ACPI: INT_SRC_OVR (bus 0 bus_irq 0 global_irq 2 dfl dfl)
[    0.000000] ACPI: INT_SRC_OVR (bus 0 bus_irq 5 global_irq 5 high level)
[    0.000000] ACPI: INT_SRC_OVR (bus 0 bus_irq 9 global_irq 9 high level)
[    0.000000] ACPI: INT_SRC_OVR (bus 0 bus_irq 10 global_irq 10 high level)
[    0.000000] ACPI: INT_SRC_OVR (bus 0 bus_irq 11 global_irq 11 high level)
[    0.000000] Using ACPI (MADT) for SMP configuration information
[    0.000000] ACPI: HPET id: 0x8086a201 base: 0xfed00000
[    0.000000] SMP: Allowing 1 CPUs, 0 hotplug CPUs
[    0.000000] PM: Registered nosave memory: 000000000009f000 - 00000000000a0000
[    0.000000] PM: Registered nosave memory: 00000000000a0000 - 00000000000f0000
[    0.000000] PM: Registered nosave memory: 00000000000f0000 - 0000000000100000
[    0.000000] Allocating PCI resources starting at 4000000 (gap: 4000000:fbfc0000)
[    0.000000] Booting paravirtualized kernel on bare hardware
[    0.000000] setup_percpu: NR_CPUS:64 nr_cpumask_bits:64 nr_cpu_ids:1 nr_node_ids:1
[    0.000000] PERCPU: Embedded 27 pages/cpu @ffff880003a00000 s78848 r8192 d23552 u2097152
[    0.000000] Built 1 zonelists in Node order, mobility grouping on.  Total pages: 16008
[    0.000000] Policy zone: DMA32
[    0.000000] Kernel command line: root=/dev/vda console=tty0 console=ttyS0 no_timer_check
[    0.000000] PID hash table entries: 256 (order: -1, 2048 bytes)
[    0.000000] Checking aperture...
[    0.000000] No AGP bridge found
[    0.000000] Memory: 43492k/65528k available (6576k kernel code, 452k absent, 21584k reserved, 6620k data, 928k init)
[    0.000000] SLUB: Genslabs=15, HWalign=64, Order=0-3, MinObjects=0, CPUs=1, Nodes=1
[    0.000000] Hierarchical RCU implementation.
[    0.000000] 	RCU dyntick-idle grace-period acceleration is enabled.
[    0.000000] NR_IRQS:4352 nr_irqs:256 16
[    0.000000] Console: colour VGA+ 80x25
[    0.000000] console [tty0] enabled
[    0.000000] console [ttyS0] enabled
[    0.000000] allocated 1048576 bytes of page_cgroup
[    0.000000] please try 'cgroup_disable=memory' option if you don't want memory cgroups
[    0.000000] Fast TSC calibration failed
[    0.000000] TSC: Unable to calibrate against PIT
[    0.000000] TSC: using HPET reference calibration
[    0.000000] Detected 2294.451 MHz processor.
[    0.042627] Calibrating delay loop (skipped), value calculated using timer frequency.. 4588.90 BogoMIPS (lpj=9177804)
[    0.044858] pid_max: default: 32768 minimum: 301
[    0.057045] Security Framework initialized
[    0.060714] AppArmor: AppArmor initialized
[    0.061536] Yama: becoming mindful.
[    0.070382] Dentry cache hash table entries: 8192 (order: 4, 65536 bytes)
[    0.072659] Inode-cache hash table entries: 4096 (order: 3, 32768 bytes)
[    0.074155] Mount-cache hash table entries: 256
[    0.088876] Initializing cgroup subsys cpuacct
[    0.089696] Initializing cgroup subsys memory
[    0.090930] Initializing cgroup subsys devices
[    0.092170] Initializing cgroup subsys freezer
[    0.092832] Initializing cgroup subsys blkio
[    0.093540] Initializing cgroup subsys perf_event
[    0.097569] mce: CPU supports 10 MCE banks
[    0.102243] SMP alternatives: switching to UP code
[    0.532353] Freeing SMP alternatives: 24k freed
[    0.534014] ACPI: Core revision 20110623
[    0.582680] ftrace: allocating 26610 entries in 105 pages
[    0.620038] ..TIMER: vector=0x30 apic1=0 pin1=2 apic2=-1 pin2=-1
[    0.620149] CPU0: AMD QEMU Virtual CPU version 2.0.0 stepping 03
[    0.624038] Performance Events: Broken PMU hardware detected, using software events only.
[    0.630975] NMI watchdog disabled (cpu0): hardware events not enabled
[    0.632787] Brought up 1 CPUs
[    0.633339] Total of 1 processors activated (4588.90 BogoMIPS).
[    0.656739] devtmpfs: initialized
[    0.687117] EVM: security.selinux
[    0.688084] EVM: security.SMACK64
[    0.688533] EVM: security.capability
[    0.709907] print_constraints: dummy: 
[    0.712477] RTC time: 13:55:06, date: 12/18/15
[    0.714769] NET: Registered protocol family 16
[    0.722148] ACPI: bus type pci registered
[    0.725920] PCI: Using configuration type 1 for base access
[    0.762731] bio: create slab &lt;bio-0&gt; at 0
[    0.768728] ACPI: Added _OSI(Module Device)
[    0.769368] ACPI: Added _OSI(Processor Device)
[    0.769941] ACPI: Added _OSI(3.0 _SCP Extensions)
[    0.770510] ACPI: Added _OSI(Processor Aggregator Device)
[    0.850404] ACPI: Interpreter enabled
[    0.851081] ACPI: (supports S0 S3 S4 S5)
[    0.854058] ACPI: Using IOAPIC for interrupt routing
[    0.928057] ACPI: No dock devices found.
[    0.928179] HEST: Table not found.
[    0.928709] PCI: Using host bridge windows from ACPI; if necessary, use "pci=nocrs" and report a bug
[    0.936567] ACPI: PCI Root Bridge [PCI0] (domain 0000 [bus 00-ff])
[    0.942113] pci_root PNP0A03:00: host bridge window [io  0x0000-0x0cf7]
[    0.943077] pci_root PNP0A03:00: host bridge window [io  0x0d00-0xadff]
[    0.944112] pci_root PNP0A03:00: host bridge window [io  0xae0f-0xaeff]
[    0.945073] pci_root PNP0A03:00: host bridge window [io  0xaf20-0xafdf]
[    0.945903] pci_root PNP0A03:00: host bridge window [io  0xafe4-0xffff]
[    0.948169] pci_root PNP0A03:00: host bridge window [mem 0x000a0000-0x000bffff]
[    0.949118] pci_root PNP0A03:00: host bridge window [mem 0x04000000-0xfebfffff]
[    0.982203] pci 0000:00:01.3: quirk: [io  0xb000-0xb03f] claimed by PIIX4 ACPI
[    0.983091] pci 0000:00:01.3: quirk: [io  0xb100-0xb10f] claimed by PIIX4 SMB
[    1.053275]  pci0000:00: Unable to request _OSC control (_OSC support mask: 0x1e)
[    1.117572] ACPI: PCI Interrupt Link [LNKA] (IRQs 5 *10 11)
[    1.121412] ACPI: PCI Interrupt Link [LNKB] (IRQs 5 *10 11)
[    1.124302] ACPI: PCI Interrupt Link [LNKC] (IRQs 5 10 *11)
[    1.126127] ACPI: PCI Interrupt Link [LNKD] (IRQs 5 10 *11)
[    1.127387] ACPI: PCI Interrupt Link [LNKS] (IRQs *9)
[    1.134884] vgaarb: device added: PCI:0000:00:02.0,decodes=io+mem,owns=io+mem,locks=none
[    1.136243] vgaarb: loaded
[    1.136626] vgaarb: bridge control possible 0000:00:02.0
[    1.140770] i2c-core: driver [aat2870] using legacy suspend method
[    1.141466] i2c-core: driver [aat2870] using legacy resume method
[    1.144648] SCSI subsystem initialized
[    1.148170] usbcore: registered new interface driver usbfs
[    1.149290] usbcore: registered new interface driver hub
[    1.150541] usbcore: registered new device driver usb
[    1.155148] PCI: Using ACPI for IRQ routing
[    1.180929] NetLabel: Initializing
[    1.181456] NetLabel:  domain hash size = 128
[    1.182004] NetLabel:  protocols = UNLABELED CIPSOv4
[    1.184674] NetLabel:  unlabeled traffic allowed by default
[    1.186808] HPET: 3 timers in total, 0 timers will be used for per-cpu timer
[    1.188435] hpet0: at MMIO 0xfed00000, IRQs 2, 8, 0
[    1.189256] hpet0: 3 comparators, 64-bit 100.000000 MHz counter
[    1.201953] Switching to clocksource hpet
[    1.449117] AppArmor: AppArmor Filesystem Enabled
[    1.450657] pnp: PnP ACPI init
[    1.451222] ACPI: bus type pnp registered
[    1.471156] pnp: PnP ACPI: found 9 devices
[    1.471766] ACPI: ACPI bus type pnp unregistered
[    1.523905] NET: Registered protocol family 2
[    1.564086] IP route cache hash table entries: 512 (order: 0, 4096 bytes)
[    1.577143] TCP established hash table entries: 2048 (order: 3, 32768 bytes)
[    1.578084] TCP bind hash table entries: 2048 (order: 3, 32768 bytes)
[    1.578955] TCP: Hash tables configured (established 2048 bind 2048)
[    1.579810] TCP reno registered
[    1.581040] UDP hash table entries: 128 (order: 0, 4096 bytes)
[    1.581625] UDP-Lite hash table entries: 128 (order: 0, 4096 bytes)
[    1.585432] NET: Registered protocol family 1
[    1.586306] pci 0000:00:00.0: Limiting direct PCI/PCI transfers
[    1.587022] pci 0000:00:01.0: PIIX3: Enabling Passive Release
[    1.587953] pci 0000:00:01.0: Activating ISA DMA hang workarounds
[    1.593109] ACPI: PCI Interrupt Link [LNKD] enabled at IRQ 11
[    1.594327] pci 0000:00:01.2: PCI INT D -&gt; Link[LNKD] -&gt; GSI 11 (level, high) -&gt; IRQ 11
[    1.596111] pci 0000:00:01.2: PCI INT D disabled
[    1.613106] Trying to unpack rootfs image as initramfs...
[    1.629542] audit: initializing netlink socket (disabled)
[    1.630946] type=2000 audit(1450446906.628:1): initialized
[    1.946845] HugeTLB registered 2 MB page size, pre-allocated 0 pages
[    2.026655] VFS: Disk quotas dquot_6.5.2
[    2.029256] Dquot-cache hash table entries: 512 (order 0, 4096 bytes)
[    2.063176] fuse init (API version 7.17)
[    2.066848] msgmni has been set to 84
[    2.105454] Block layer SCSI generic (bsg) driver version 0.4 loaded (major 253)
[    2.113070] io scheduler noop registered
[    2.113629] io scheduler deadline registered (default)
[    2.114934] io scheduler cfq registered
[    2.119451] pci_hotplug: PCI Hot Plug PCI Core version: 0.5
[    2.121613] pciehp: PCI Express Hot Plug Controller Driver version: 0.4
[    2.128038] input: Power Button as /devices/LNXSYSTM:00/LNXPWRBN:00/input/input0
[    2.130241] ACPI: Power Button [PWRF]
[    2.189153] ERST: Table is not found!
[    2.189694] GHES: HEST is not enabled!
[    2.201881] ACPI: PCI Interrupt Link [LNKC] enabled at IRQ 10
[    2.202699] virtio-pci 0000:00:03.0: PCI INT A -&gt; Link[LNKC] -&gt; GSI 10 (level, high) -&gt; IRQ 10
[    2.206672] virtio-pci 0000:00:04.0: PCI INT A -&gt; Link[LNKD] -&gt; GSI 11 (level, high) -&gt; IRQ 11
[    2.218283] ACPI: PCI Interrupt Link [LNKA] enabled at IRQ 10
[    2.218965] virtio-pci 0000:00:05.0: PCI INT A -&gt; Link[LNKA] -&gt; GSI 10 (level, high) -&gt; IRQ 10
[    2.229290] Serial: 8250/16550 driver, 32 ports, IRQ sharing enabled
[    2.273593] serial8250: ttyS0 at I/O 0x3f8 (irq = 4) is a 16550A
[    2.364339] serial8250: ttyS1 at I/O 0x2f8 (irq = 3) is a 16550A
[    2.489671] 00:05: ttyS0 at I/O 0x3f8 (irq = 4) is a 16550A
[    2.562336] 00:06: ttyS1 at I/O 0x2f8 (irq = 3) is a 16550A
[    2.601324] Refined TSC clocksource calibration: 2294.528 MHz.
[    2.602369] Switching to clocksource tsc
[    2.609772] Linux agpgart interface v0.103
[    2.706548] brd: module loaded
[    2.742076] loop: module loaded
[    2.802042]  vda: unknown partition table
[    2.837921] scsi0 : ata_piix
[    2.841074] scsi1 : ata_piix
[    2.842619] ata1: PATA max MWDMA2 cmd 0x1f0 ctl 0x3f6 bmdma 0xc0a0 irq 14
[    2.843514] ata2: PATA max MWDMA2 cmd 0x170 ctl 0x376 bmdma 0xc0a8 irq 15
[    2.855164] Fixed MDIO Bus: probed
[    2.856078] tun: Universal TUN/TAP device driver, 1.6
[    2.857090] tun: (C) 1999-2004 Max Krasnyansky &lt;maxk@qualcomm.com&gt;
[    2.881829] PPP generic driver version 2.4.2
[    2.915930] ehci_hcd: USB 2.0 'Enhanced' Host Controller (EHCI) Driver
[    2.918671] ohci_hcd: USB 1.1 'Open' Host Controller (OHCI) Driver
[    2.921377] uhci_hcd: USB Universal Host Controller Interface driver
[    2.922797] uhci_hcd 0000:00:01.2: PCI INT D -&gt; Link[LNKD] -&gt; GSI 11 (level, high) -&gt; IRQ 11
[    2.926436] uhci_hcd 0000:00:01.2: UHCI Host Controller
[    2.942327] uhci_hcd 0000:00:01.2: new USB bus registered, assigned bus number 1
[    2.944417] uhci_hcd 0000:00:01.2: irq 11, io base 0x0000c040
[    2.978841] hub 1-0:1.0: USB hub found
[    2.981057] hub 1-0:1.0: 2 ports detected
[    2.993112] usbcore: registered new interface driver libusual
[    2.999148] i8042: PNP: PS/2 Controller [PNP0303:KBD,PNP0f13:MOU] at 0x60,0x64 irq 1,12
[    3.010412] serio: i8042 KBD port at 0x60,0x64 irq 1
[    3.011843] serio: i8042 AUX port at 0x60,0x64 irq 12
[    3.080302] ata2.01: ATAPI: QEMU DVD-ROM, 2.0.0, max UDMA/100
[    3.091488] mousedev: PS/2 mouse device common for all mice
[    3.110346] input: AT Translated Set 2 keyboard as /devices/platform/i8042/serio0/input/input1
[    3.114174] rtc_cmos 00:01: RTC can wake from S4
[    3.127070] rtc_cmos 00:01: rtc core: registered rtc_cmos as rtc0
[    3.130568] rtc0: alarms up to one day, 114 bytes nvram, hpet irqs
[    3.133440] device-mapper: uevent: version 1.0.3
[    3.147169] ata2.01: configured for MWDMA2
[    3.175866] device-mapper: ioctl: 4.22.0-ioctl (2011-10-19) initialised: dm-devel@redhat.com
[    3.180015] cpuidle: using governor ladder
[    3.181722] cpuidle: using governor menu
[    3.182817] EFI Variables Facility v0.08 2004-May-17
[    3.190016] TCP cubic registered
[    3.195480] NET: Registered protocol family 10
[    3.233257] NET: Registered protocol family 17
[    3.237429] Registering the dns_resolver key type
[    3.253623] scsi 1:0:1:0: CD-ROM            QEMU     QEMU DVD-ROM     2.0. PQ: 0 ANSI: 5
[    3.284704] sr0: scsi3-mmc drive: 4x/4x cd/rw xa/form2 tray
[    3.287405] cdrom: Uniform CD-ROM driver Revision: 3.20
[    3.313969] sr 1:0:1:0: Attached scsi generic sg0 type 5
[    3.360020] registered taskstats version 1
[    3.397728] Freeing initrd memory: 3656k freed
[    3.927074]   Magic number: 11:658:938
[    3.942477] rtc_cmos 00:01: setting system clock to 2015-12-18 13:55:09 UTC (1450446909)
[    3.945273] powernow-k8: Processor cpuid 663 not supported
[    3.954470] BIOS EDD facility v0.16 2004-Jun-25, 0 devices found
[    3.957221] EDD information not available.
[    4.028772] Freeing unused kernel memory: 928k freed
[    4.032771] Write protecting the kernel read-only data: 12288k
[    4.138466] Freeing unused kernel memory: 1596k freed
[    4.206430] Freeing unused kernel memory: 1184k freed

info: initramfs: up at 4.38
modprobe: module virtio_blk not found in modules.dep
modprobe: module virtio_net not found in modules.dep
info: copying initramfs to /dev/vda
info: initramfs loading root from /dev/vda
info: /etc/init.d/rc.sysinit: up at 8.89
info: container: none
Starting logging: OK
modprobe: module virtio_blk not found in modules.dep
modprobe: module virtio_net not found in modules.dep
WARN: /etc/rc3.d/S10-load-modules failed
Initializing random number generator... done.
Starting acpid: OK
cirros-ds 'local' up at 11.33
found datasource (configdrive, local)
Starting network...
udhcpc (v1.20.1) started
Sending discover...
Sending discover...

2015-12-18 13:57:05,892 20652 INFO     [tempest_lib.common.rest_client] Request (TestNetworkBasicOps:_run_cleanups): 204 DELETE http://10.0.2.15:9696/v2.0/floatingips/931f3dfa-8418-4be4-9919-4a59998b802d 0.211s
2015-12-18 13:57:05,892 20652 DEBUG    [tempest_lib.common.rest_client] Request - Headers: {'Content-Type': 'application/json', 'Accept': 'application/json', 'X-Auth-Token': '&lt;omitted&gt;'}
        Body: None
    Response - Headers: {'date': 'Fri, 18 Dec 2015 13:57:05 GMT', 'status': '204', 'connection': 'close', 'content-length': '0', 'x-openstack-request-id': 'req-7cac2113-18b6-4c3c-95e7-3f20a7ed3df3'}
        Body: 
2015-12-18 13:57:06,126 20652 INFO     [tempest_lib.common.rest_client] Request (TestNetworkBasicOps:_run_cleanups): 204 DELETE http://10.0.2.15:8774/v2.1/b202a53f7f444ff79de1b1bf4487959c/servers/ef9e2a69-a746-4dfb-accf-24ee5e528d76 0.233s
2015-12-18 13:57:06,127 20652 DEBUG    [tempest_lib.common.rest_client] Request - Headers: {'Content-Type': 'application/json', 'Accept': 'application/json', 'X-Auth-Token': '&lt;omitted&gt;'}
        Body: None
    Response - Headers: {'status': '204', 'content-length': '0', 'x-compute-request-id': 'req-c1189372-87b6-4ad4-a3b7-a7c7616eab18', 'vary': 'X-OpenStack-Nova-API-Version', 'connection': 'close', 'x-openstack-nova-api-version': '2.1', 'date': 'Fri, 18 Dec 2015 13:57:06 GMT', 'content-type': 'application/json'}
        Body: 
2015-12-18 13:57:06,370 20652 INFO     [tempest_lib.common.rest_client] Request (TestNetworkBasicOps:_run_cleanups): 200 GET http://10.0.2.15:8774/v2.1/b202a53f7f444ff79de1b1bf4487959c/servers/ef9e2a69-a746-4dfb-accf-24ee5e528d76 0.243s
2015-12-18 13:57:06,371 20652 DEBUG    [tempest_lib.common.rest_client] Request - Headers: {'Content-Type': 'application/json', 'Accept': 'application/json', 'X-Auth-Token': '&lt;omitted&gt;'}
        Body: None
    Response - Headers: {'status': '200', 'content-length': '1774', 'content-location': 'http://10.0.2.15:8774/v2.1/b202a53f7f444ff79de1b1bf4487959c/servers/ef9e2a69-a746-4dfb-accf-24ee5e528d76', 'x-compute-request-id': 'req-e45b1ff4-bfa6-45c7-a884-2f7320f871ef', 'vary': 'X-OpenStack-Nova-API-Version', 'connection': 'close', 'x-openstack-nova-api-version': '2.1', 'date': 'Fri, 18 Dec 2015 13:57:06 GMT', 'content-type': 'application/json'}
        Body: {"server": {"status": "ACTIVE", "updated": "2015-12-18T13:57:06Z", "hostId": "33c1262e12f7a07d07caa2fd2c38819aa43ed4fe9bb4fb2deb1bfc8e", "addresses": {"tempest-network-smoke--1035048434": [{"OS-EXT-IPS-MAC:mac_addr": "fa:16:3e:25:a9:ba", "version": 4, "addr": "10.100.0.3", "OS-EXT-IPS:type": "fixed"}, {"OS-EXT-IPS-MAC:mac_addr": "fa:16:3e:25:a9:ba", "version": 4, "addr": "172.24.4.4", "OS-EXT-IPS:type": "floating"}]}, "links": [{"href": "http://10.0.2.15:8774/v2.1/b202a53f7f444ff79de1b1bf4487959c/servers/ef9e2a69-a746-4dfb-accf-24ee5e528d76", "rel": "self"}, {"href": "http://10.0.2.15:8774/b202a53f7f444ff79de1b1bf4487959c/servers/ef9e2a69-a746-4dfb-accf-24ee5e528d76", "rel": "bookmark"}], "key_name": "tempest-TestNetworkBasicOps-419246149", "image": {"id": "6fd42fb1-ec79-45aa-8c57-0c96f9ab3ab0", "links": [{"href": "http://10.0.2.15:8774/b202a53f7f444ff79de1b1bf4487959c/images/6fd42fb1-ec79-45aa-8c57-0c96f9ab3ab0", "rel": "bookmark"}]}, "OS-EXT-STS:task_state": "deleting", "OS-EXT-STS:vm_state": "active", "OS-SRV-USG:launched_at": "2015-12-18T13:55:02.000000", "flavor": {"id": "42", "links": [{"href": "http://10.0.2.15:8774/b202a53f7f444ff79de1b1bf4487959c/flavors/42", "rel": "bookmark"}]}, "id": "ef9e2a69-a746-4dfb-accf-24ee5e528d76", "security_groups": [{"name": "tempest-secgroup-smoke-875781959"}], "OS-SRV-USG:terminated_at": null, "OS-EXT-AZ:availability_zone": "nova", "user_id": "4a3ea9c563af4d2e8ed4abedc63fdf89", "name": "tempest.common.compute-instance-961451927", "created": "2015-12-18T13:54:59Z", "tenant_id": "b202a53f7f444ff79de1b1bf4487959c", "OS-DCF:diskConfig": "MANUAL", "os-extended-volumes:volumes_attached": [], "accessIPv4": "", "accessIPv6": "", "progress": 0, "OS-EXT-STS:power_state": 1, "config_drive": "True", "metadata": {}}}
2015-12-18 13:57:07,580 20652 INFO     [tempest_lib.common.rest_client] Request (TestNetworkBasicOps:_run_cleanups): 200 GET http://10.0.2.15:8774/v2.1/b202a53f7f444ff79de1b1bf4487959c/servers/ef9e2a69-a746-4dfb-accf-24ee5e528d76 0.197s
2015-12-18 13:57:07,581 20652 DEBUG    [tempest_lib.common.rest_client] Request - Headers: {'Content-Type': 'application/json', 'Accept': 'application/json', 'X-Auth-Token': '&lt;omitted&gt;'}
        Body: None
    Response - Headers: {'status': '200', 'content-length': '1439', 'content-location': 'http://10.0.2.15:8774/v2.1/b202a53f7f444ff79de1b1bf4487959c/servers/ef9e2a69-a746-4dfb-accf-24ee5e528d76', 'x-compute-request-id': 'req-574bdd5d-494d-4b05-afaf-5ca6b03ea83c', 'vary': 'X-OpenStack-Nova-API-Version', 'connection': 'close', 'x-openstack-nova-api-version': '2.1', 'date': 'Fri, 18 Dec 2015 13:57:07 GMT', 'content-type': 'application/json'}
        Body: {"server": {"status": "ACTIVE", "updated": "2015-12-18T13:57:06Z", "hostId": "33c1262e12f7a07d07caa2fd2c38819aa43ed4fe9bb4fb2deb1bfc8e", "addresses": {}, "links": [{"href": "http://10.0.2.15:8774/v2.1/b202a53f7f444ff79de1b1bf4487959c/servers/ef9e2a69-a746-4dfb-accf-24ee5e528d76", "rel": "self"}, {"href": "http://10.0.2.15:8774/b202a53f7f444ff79de1b1bf4487959c/servers/ef9e2a69-a746-4dfb-accf-24ee5e528d76", "rel": "bookmark"}], "key_name": "tempest-TestNetworkBasicOps-419246149", "image": {"id": "6fd42fb1-ec79-45aa-8c57-0c96f9ab3ab0", "links": [{"href": "http://10.0.2.15:8774/b202a53f7f444ff79de1b1bf4487959c/images/6fd42fb1-ec79-45aa-8c57-0c96f9ab3ab0", "rel": "bookmark"}]}, "OS-EXT-STS:task_state": "deleting", "OS-EXT-STS:vm_state": "active", "OS-SRV-USG:launched_at": "2015-12-18T13:55:02.000000", "flavor": {"id": "42", "links": [{"href": "http://10.0.2.15:8774/b202a53f7f444ff79de1b1bf4487959c/flavors/42", "rel": "bookmark"}]}, "id": "ef9e2a69-a746-4dfb-accf-24ee5e528d76", "OS-SRV-USG:terminated_at": null, "OS-EXT-AZ:availability_zone": "nova", "user_id": "4a3ea9c563af4d2e8ed4abedc63fdf89", "name": "tempest.common.compute-instance-961451927", "created": "2015-12-18T13:54:59Z", "tenant_id": "b202a53f7f444ff79de1b1bf4487959c", "OS-DCF:diskConfig": "MANUAL", "os-extended-volumes:volumes_attached": [], "accessIPv4": "", "accessIPv6": "", "progress": 0, "OS-EXT-STS:power_state": 1, "config_drive": "True", "metadata": {}}}
2015-12-18 13:57:08,674 20652 INFO     [tempest_lib.common.rest_client] Request (TestNetworkBasicOps:_run_cleanups): 404 GET http://10.0.2.15:8774/v2.1/b202a53f7f444ff79de1b1bf4487959c/servers/ef9e2a69-a746-4dfb-accf-24ee5e528d76 0.082s
2015-12-18 13:57:08,675 20652 DEBUG    [tempest_lib.common.rest_client] Request - Headers: {'Content-Type': 'application/json', 'Accept': 'application/json', 'X-Auth-Token': '&lt;omitted&gt;'}
        Body: None
    Response - Headers: {'status': '404', 'content-length': '111', 'x-compute-request-id': 'req-61ed8d40-442b-4b00-84a4-c2fb408b4620', 'vary': 'X-OpenStack-Nova-API-Version', 'connection': 'close', 'x-openstack-nova-api-version': '2.1', 'date': 'Fri, 18 Dec 2015 13:57:08 GMT', 'content-type': 'application/json; charset=UTF-8'}
        Body: {"itemNotFound": {"message": "Instance ef9e2a69-a746-4dfb-accf-24ee5e528d76 could not be found.", "code": 404}}
2015-12-18 13:57:08,695 20652 INFO     [tempest_lib.common.rest_client] Request (TestNetworkBasicOps:_run_cleanups): 202 DELETE http://10.0.2.15:8774/v2.1/b202a53f7f444ff79de1b1bf4487959c/os-keypairs/tempest-TestNetworkBasicOps-419246149 0.019s
2015-12-18 13:57:08,696 20652 DEBUG    [tempest_lib.common.rest_client] Request - Headers: {'Content-Type': 'application/json', 'Accept': 'application/json', 'X-Auth-Token': '&lt;omitted&gt;'}
        Body: None
    Response - Headers: {'status': '202', 'content-length': '0', 'x-compute-request-id': 'req-b0521542-a535-4ed3-bdad-ca9e03a2ef48', 'vary': 'X-OpenStack-Nova-API-Version', 'connection': 'close', 'x-openstack-nova-api-version': '2.1', 'date': 'Fri, 18 Dec 2015 13:57:08 GMT', 'content-type': 'application/json'}
        Body: 
2015-12-18 13:57:09,129 20652 INFO     [tempest_lib.common.rest_client] Request (TestNetworkBasicOps:_run_cleanups): 200 PUT http://10.0.2.15:9696/v2.0/routers/63f12e35-98ca-4b33-9e72-24680fed4e01/remove_router_interface 0.432s
2015-12-18 13:57:09,130 20652 DEBUG    [tempest_lib.common.rest_client] Request - Headers: {'Content-Type': 'application/json', 'Accept': 'application/json', 'X-Auth-Token': '&lt;omitted&gt;'}
        Body: {"subnet_id": "187d5347-56ce-4aa3-9ddd-a2376234824b"}
    Response - Headers: {'status': '200', 'content-length': '255', 'connection': 'close', 'date': 'Fri, 18 Dec 2015 13:57:09 GMT', 'content-type': 'application/json; charset=UTF-8', 'x-openstack-request-id': 'req-53f9f223-0c58-4372-b607-5352ad9c14c4'}
        Body: {"subnet_id": "187d5347-56ce-4aa3-9ddd-a2376234824b", "tenant_id": "b202a53f7f444ff79de1b1bf4487959c", "subnet_ids": ["187d5347-56ce-4aa3-9ddd-a2376234824b"], "port_id": "79f512a8-a1ae-4b81-af66-1a76829bcf5e", "id": "63f12e35-98ca-4b33-9e72-24680fed4e01"}
2015-12-18 13:57:09,641 20652 INFO     [tempest_lib.common.rest_client] Request (TestNetworkBasicOps:_run_cleanups): 204 DELETE http://10.0.2.15:9696/v2.0/subnets/187d5347-56ce-4aa3-9ddd-a2376234824b 0.510s
2015-12-18 13:57:09,641 20652 DEBUG    [tempest_lib.common.rest_client] Request - Headers: {'Content-Type': 'application/json', 'Accept': 'application/json', 'X-Auth-Token': '&lt;omitted&gt;'}
        Body: None
    Response - Headers: {'date': 'Fri, 18 Dec 2015 13:57:09 GMT', 'status': '204', 'connection': 'close', 'content-length': '0', 'x-openstack-request-id': 'req-c5a7d3d9-c7d0-4dc9-80f7-cf7f6f340b02'}
        Body: 
2015-12-18 13:57:09,680 20652 INFO     [tempest_lib.common.rest_client] Request (TestNetworkBasicOps:_run_cleanups): 200 GET http://10.0.2.15:9696/v2.0/routers/63f12e35-98ca-4b33-9e72-24680fed4e01 0.038s
2015-12-18 13:57:09,681 20652 DEBUG    [tempest_lib.common.rest_client] Request - Headers: {'Content-Type': 'application/json', 'Accept': 'application/json', 'X-Auth-Token': '&lt;omitted&gt;'}
        Body: None
    Response - Headers: {'status': '200', 'content-length': '501', 'content-location': 'http://10.0.2.15:9696/v2.0/routers/63f12e35-98ca-4b33-9e72-24680fed4e01', 'connection': 'close', 'date': 'Fri, 18 Dec 2015 13:57:09 GMT', 'content-type': 'application/json; charset=UTF-8', 'x-openstack-request-id': 'req-71a3260b-ce57-4695-bc27-070f70b05246'}
        Body: {"router": {"status": "ACTIVE", "external_gateway_info": {"network_id": "2538079e-69eb-4f81-bb3e-95a4a0e099d4", "enable_snat": true, "external_fixed_ips": [{"subnet_id": "aa058f0b-72cc-404a-8263-07ee136af41f", "ip_address": "172.24.4.3"}, {"subnet_id": "38cd5f77-6d55-45d0-973c-f9aacbd293be", "ip_address": "2001:db8::4"}]}, "name": "tempest-router-smoke-2113340770", "admin_state_up": true, "tenant_id": "b202a53f7f444ff79de1b1bf4487959c", "routes": [], "id": "63f12e35-98ca-4b33-9e72-24680fed4e01"}}
2015-12-18 13:57:10,080 20652 INFO     [tempest_lib.common.rest_client] Request (TestNetworkBasicOps:_run_cleanups): 200 PUT http://10.0.2.15:9696/v2.0/routers/63f12e35-98ca-4b33-9e72-24680fed4e01 0.398s
2015-12-18 13:57:10,080 20652 DEBUG    [tempest_lib.common.rest_client] Request - Headers: {'Content-Type': 'application/json', 'Accept': 'application/json', 'X-Auth-Token': '&lt;omitted&gt;'}
        Body: {"router": {"external_gateway_info": {}, "name": "tempest-router-smoke-2113340770", "admin_state_up": true}}
    Response - Headers: {'status': '200', 'content-length': '239', 'connection': 'close', 'date': 'Fri, 18 Dec 2015 13:57:10 GMT', 'content-type': 'application/json; charset=UTF-8', 'x-openstack-request-id': 'req-8fa96d98-883e-46d1-b4a7-58ef210e120a'}
        Body: {"router": {"status": "ACTIVE", "external_gateway_info": null, "name": "tempest-router-smoke-2113340770", "admin_state_up": true, "tenant_id": "b202a53f7f444ff79de1b1bf4487959c", "routes": [], "id": "63f12e35-98ca-4b33-9e72-24680fed4e01"}}
2015-12-18 13:57:10,324 20652 INFO     [tempest_lib.common.rest_client] Request (TestNetworkBasicOps:_run_cleanups): 204 DELETE http://10.0.2.15:9696/v2.0/routers/63f12e35-98ca-4b33-9e72-24680fed4e01 0.243s
2015-12-18 13:57:10,325 20652 DEBUG    [tempest_lib.common.rest_client] Request - Headers: {'Content-Type': 'application/json', 'Accept': 'application/json', 'X-Auth-Token': '&lt;omitted&gt;'}
        Body: None
    Response - Headers: {'date': 'Fri, 18 Dec 2015 13:57:10 GMT', 'status': '204', 'connection': 'close', 'content-length': '0', 'x-openstack-request-id': 'req-5f3c2098-693e-45f3-9d2a-1ef300e65f8a'}
        Body: 
2015-12-18 13:57:10,492 20652 INFO     [tempest_lib.common.rest_client] Request (TestNetworkBasicOps:_run_cleanups): 204 DELETE http://10.0.2.15:9696/v2.0/networks/513bcbc5-2d7e-4c0b-bcf3-8a8dbc01f468 0.166s
2015-12-18 13:57:10,492 20652 DEBUG    [tempest_lib.common.rest_client] Request - Headers: {'Content-Type': 'application/json', 'Accept': 'application/json', 'X-Auth-Token': '&lt;omitted&gt;'}
        Body: None
    Response - Headers: {'date': 'Fri, 18 Dec 2015 13:57:10 GMT', 'status': '204', 'connection': 'close', 'content-length': '0', 'x-openstack-request-id': 'req-680b763a-3ae2-4a57-861a-68902ecc4f26'}
        Body: 
2015-12-18 13:57:10,544 20652 INFO     [tempest_lib.common.rest_client] Request (TestNetworkBasicOps:_run_cleanups): 204 DELETE http://10.0.2.15:9696/v2.0/security-group-rules/9826c620-547b-4915-a0d2-93fe7695aaa9 0.052s
2015-12-18 13:57:10,545 20652 DEBUG    [tempest_lib.common.rest_client] Request - Headers: {'Content-Type': 'application/json', 'Accept': 'application/json', 'X-Auth-Token': '&lt;omitted&gt;'}
        Body: None
    Response - Headers: {'date': 'Fri, 18 Dec 2015 13:57:10 GMT', 'status': '204', 'connection': 'close', 'content-length': '0', 'x-openstack-request-id': 'req-dec0ea5d-be9b-47e3-ac33-241f8a2770f8'}
        Body: 
2015-12-18 13:57:10,593 20652 INFO     [tempest_lib.common.rest_client] Request (TestNetworkBasicOps:_run_cleanups): 204 DELETE http://10.0.2.15:9696/v2.0/security-group-rules/0e76dba0-ca5a-45c2-8818-e85e2986733f 0.047s
2015-12-18 13:57:10,594 20652 DEBUG    [tempest_lib.common.rest_client] Request - Headers: {'Content-Type': 'application/json', 'Accept': 'application/json', 'X-Auth-Token': '&lt;omitted&gt;'}
        Body: None
    Response - Headers: {'date': 'Fri, 18 Dec 2015 13:57:10 GMT', 'status': '204', 'connection': 'close', 'content-length': '0', 'x-openstack-request-id': 'req-1d4df024-5066-47ed-9d7d-9f066066fc1a'}
        Body: 
2015-12-18 13:57:10,647 20652 INFO     [tempest_lib.common.rest_client] Request (TestNetworkBasicOps:_run_cleanups): 204 DELETE http://10.0.2.15:9696/v2.0/security-group-rules/95bff1c7-47f5-4f3a-ad68-e2f46d56833c 0.052s
2015-12-18 13:57:10,648 20652 DEBUG    [tempest_lib.common.rest_client] Request - Headers: {'Content-Type': 'application/json', 'Accept': 'application/json', 'X-Auth-Token': '&lt;omitted&gt;'}
        Body: None
    Response - Headers: {'date': 'Fri, 18 Dec 2015 13:57:10 GMT', 'status': '204', 'connection': 'close', 'content-length': '0', 'x-openstack-request-id': 'req-3531f549-9f37-4ec2-b6dc-3b3b0d3f84cd'}
        Body: 
2015-12-18 13:57:10,703 20652 INFO     [tempest_lib.common.rest_client] Request (TestNetworkBasicOps:_run_cleanups): 204 DELETE http://10.0.2.15:9696/v2.0/security-group-rules/6a9c6cca-e2d3-45e0-bd21-921faaa262a9 0.054s
2015-12-18 13:57:10,704 20652 DEBUG    [tempest_lib.common.rest_client] Request - Headers: {'Content-Type': 'application/json', 'Accept': 'application/json', 'X-Auth-Token': '&lt;omitted&gt;'}
        Body: None
    Response - Headers: {'date': 'Fri, 18 Dec 2015 13:57:10 GMT', 'status': '204', 'connection': 'close', 'content-length': '0', 'x-openstack-request-id': 'req-22778554-7fe8-4489-90c5-05b54a11aef5'}
        Body: 
2015-12-18 13:57:10,758 20652 INFO     [tempest_lib.common.rest_client] Request (TestNetworkBasicOps:_run_cleanups): 204 DELETE http://10.0.2.15:9696/v2.0/security-group-rules/ae6182cd-5e72-41d2-afa8-a1aeec670f83 0.053s
2015-12-18 13:57:10,759 20652 DEBUG    [tempest_lib.common.rest_client] Request - Headers: {'Content-Type': 'application/json', 'Accept': 'application/json', 'X-Auth-Token': '&lt;omitted&gt;'}
        Body: None
    Response - Headers: {'date': 'Fri, 18 Dec 2015 13:57:10 GMT', 'status': '204', 'connection': 'close', 'content-length': '0', 'x-openstack-request-id': 'req-61eef85a-5ce9-49aa-82ea-acb3170e3b5c'}
        Body: 
2015-12-18 13:57:10,807 20652 INFO     [tempest_lib.common.rest_client] Request (TestNetworkBasicOps:_run_cleanups): 204 DELETE http://10.0.2.15:9696/v2.0/security-group-rules/30c938e1-3391-40d1-ab0f-63d0995db269 0.047s
2015-12-18 13:57:10,808 20652 DEBUG    [tempest_lib.common.rest_client] Request - Headers: {'Content-Type': 'application/json', 'Accept': 'application/json', 'X-Auth-Token': '&lt;omitted&gt;'}
        Body: None
