<?xml version="1.0" encoding="UTF-8"?>
<!DOCTYPE html PUBLIC "-//W3C//DTD XHTML 1.0 Strict//EN"
     "http://www.w3.org/TR/xhtml1/DTD/xhtml1-strict.dtd">
<html xmlns="http://www.w3.org/1999/xhtml">
<head>
    <title>Unit Test Report</title>
    <meta name="generator" content="subunit2html 0.1"/>
    <meta http-equiv="Content-Type" content="text/html; charset=UTF-8"/>
    
<style type="text/css" media="screen">
body        { font-family: verdana, arial, helvetica, sans-serif;
    font-size: 80%; }
table       { font-size: 100%; width: 100%;}
pre         { font-size: 80%; }

/* -- heading -------------------------------------------------------------- */
h1 {
        font-size: 16pt;
        color: gray;
}
.heading {
    margin-top: 0ex;
    margin-bottom: 1ex;
}

.heading .attribute {
    margin-top: 1ex;
    margin-bottom: 0;
}

.heading .description {
    margin-top: 4ex;
    margin-bottom: 6ex;
}

/* -- css div popup -------------------------------------------------------- */
a.popup_link {
}

a.popup_link:hover {
    color: red;
}

.popup_window {
    display: none;
    overflow-x: scroll;
    /*border: solid #627173 1px; */
    padding: 10px;
    background-color: #E6E6D6;
    font-family: "Ubuntu Mono", "Lucida Console", "Courier New", monospace;
    text-align: left;
    font-size: 8pt;
}

}
/* -- report --------------------------------------------------------------- */
#show_detail_line {
    margin-top: 3ex;
    margin-bottom: 1ex;
}
#result_table {
    width: 100%;
    border-collapse: collapse;
    border: 1px solid #777;
}
#header_row {
    font-weight: bold;
    color: white;
    background-color: #777;
}
#result_table td {
    border: 1px solid #777;
    padding: 2px;
}
#total_row  { font-weight: bold; }
.passClass  { background-color: #6c6; }
.failClass  { background-color: #c60; }
.errorClass { background-color: #c00; }
.passCase   { color: #6c6; }
.failCase   { color: #c60; font-weight: bold; }
.errorCase  { color: #c00; font-weight: bold; }
.hiddenRow  { display: none; }
.testcase   { margin-left: 2em; }
td.testname {width: 40%}
td.small {width: 40px}

/* -- ending --------------------------------------------------------------- */
#ending {
}

</style>

</head>
<body>
<script language="javascript" type="text/javascript"><!--
output_list = Array();

/* level - 0:Summary; 1:Failed; 2:All */
function showCase(level) {
    trs = document.getElementsByTagName("tr");
    for (var i = 0; i < trs.length; i++) {
        tr = trs[i];
        id = tr.id;
        if (id.substr(0,2) == 'ft') {
            if (level < 1) {
                tr.className = 'hiddenRow';
            }
            else {
                tr.className = '';
            }
        }
        if (id.substr(0,2) == 'pt') {
            if (level > 1) {
                tr.className = '';
            }
            else {
                tr.className = 'hiddenRow';
            }
        }
    }
}


function showClassDetail(cid, count) {
    var id_list = Array(count);
    var toHide = 1;
    for (var i = 0; i < count; i++) {
        tid0 = 't' + cid.substr(1) + '.' + (i+1);
        tid = 'f' + tid0;
        tr = document.getElementById(tid);
        if (!tr) {
            tid = 'p' + tid0;
            tr = document.getElementById(tid);
        }
        id_list[i] = tid;
        if (tr.className) {
            toHide = 0;
        }
    }
    for (var i = 0; i < count; i++) {
        tid = id_list[i];
        if (toHide) {
            document.getElementById('div_'+tid).style.display = 'none'
            document.getElementById(tid).className = 'hiddenRow';
        }
        else {
            document.getElementById(tid).className = '';
        }
    }
}


function showTestDetail(div_id){
    var details_div = document.getElementById(div_id)
    var displayState = details_div.style.display
    // alert(displayState)
    if (displayState != 'block' ) {
        displayState = 'block'
        details_div.style.display = 'block'
    }
    else {
        details_div.style.display = 'none'
    }
}


function html_escape(s) {
    s = s.replace(/&/g,'&amp;');
    s = s.replace(/</g,'&lt;');
    s = s.replace(/>/g,'&gt;');
    return s;
}

/* obsoleted by detail in <div>
function showOutput(id, name) {
    var w = window.open("", //url
                    name,
                    "resizable,scrollbars,status,width=800,height=450");
    d = w.document;
    d.write("<pre>");
    d.write(html_escape(output_list[id]));
    d.write("\n");
    d.write("<a href='javascript:window.close()'>close</a>\n");
    d.write("</pre>\n");
    d.close();
}
*/
--></script>

<div class='heading'>
<h1>Unit Test Report</h1>

<p class='attribute'><strong>Status:</strong> Pass 8 Failure 1</p>

<p class='description'></p>
</div>



<p id='show_detail_line'>Show
<a href='javascript:showCase(0)'>Summary</a>
<a href='javascript:showCase(1)'>Failed</a>
<a href='javascript:showCase(2)'>All</a>
</p>
<table id='result_table'>
<colgroup>
<col align='left' />
<col align='right' />
<col align='right' />
<col align='right' />
<col align='right' />
<col align='right' />
<col align='right' />
<col align='right' />
</colgroup>
<tr id='header_row'>
    <td>Test Group/Test case</td>
    <td>Count</td>
    <td>Pass</td>
    <td>Fail</td>
    <td>Error</td>
    <td>Skip</td>
    <td>View</td>
    <td> </td>
</tr>

<tr class='failClass'>
    <td class="testname">tempest.scenario.test_network_basic_ops.TestNetworkBasicOps</td>
    <td class="small">9</td>
    <td class="small">8</td>
    <td class="small">1</td>
    <td class="small">0</td>
    <td class="small">0</td>
    <td class="small"><a href="javascript:showClassDetail('c1',9)"
>Detail</a></td>
    <td> </td>
</tr>

<tr id='pt1.1' class='hiddenRow'>
    <td class='none'><div class='testcase'>test_connectivity_between_vms_on_different_networks[compute,id-1546850e-fbaa-42f5-8b5f-03d8a6a95f15,network]</div></td>
    <td colspan='7' align='left'>

    <!--css div popup start-->
    <a class="popup_link" onfocus='this.blur();'
    href="javascript:showTestDetail('div_pt1.1')" >
        pass</a>

    <div id='div_pt1.1' class="popup_window">
        <div style='text-align: right; color:red;cursor:pointer'>
        <a onfocus='this.blur();'
onclick="document.getElementById('div_pt1.1').style.display = 'none' " >
           [x]</a>
        </div>
        <pre>
        
pt1.1: tempest.scenario.test_network_basic_ops.TestNetworkBasicOps.test_connectivity_between_vms_on_different_networks[compute,id-1546850e-fbaa-42f5-8b5f-03d8a6a95f15,network]

        </pre>
    </div>
    <!--css div popup end-->

    </td>
</tr>

<tr id='pt1.2' class='hiddenRow'>
    <td class='none'><div class='testcase'>test_hotplug_nic[compute,id-c5adff73-e961-41f1-b4a9-343614f18cfa,network]</div></td>
    <td colspan='7' align='left'>

    <!--css div popup start-->
    <a class="popup_link" onfocus='this.blur();'
    href="javascript:showTestDetail('div_pt1.2')" >
        pass</a>

    <div id='div_pt1.2' class="popup_window">
        <div style='text-align: right; color:red;cursor:pointer'>
        <a onfocus='this.blur();'
onclick="document.getElementById('div_pt1.2').style.display = 'none' " >
           [x]</a>
        </div>
        <pre>
        
pt1.2: tempest.scenario.test_network_basic_ops.TestNetworkBasicOps.test_hotplug_nic[compute,id-c5adff73-e961-41f1-b4a9-343614f18cfa,network]

        </pre>
    </div>
    <!--css div popup end-->

    </td>
</tr>

<tr id='pt1.3' class='hiddenRow'>
    <td class='none'><div class='testcase'>test_network_basic_ops[compute,id-f323b3ba-82f8-4db7-8ea6-6a895869ec49,network,smoke]</div></td>
    <td colspan='7' align='left'>

    <!--css div popup start-->
    <a class="popup_link" onfocus='this.blur();'
    href="javascript:showTestDetail('div_pt1.3')" >
        pass</a>

    <div id='div_pt1.3' class="popup_window">
        <div style='text-align: right; color:red;cursor:pointer'>
        <a onfocus='this.blur();'
onclick="document.getElementById('div_pt1.3').style.display = 'none' " >
           [x]</a>
        </div>
        <pre>
        
pt1.3: tempest.scenario.test_network_basic_ops.TestNetworkBasicOps.test_network_basic_ops[compute,id-f323b3ba-82f8-4db7-8ea6-6a895869ec49,network,smoke]

        </pre>
    </div>
    <!--css div popup end-->

    </td>
</tr>

<tr id='pt1.4' class='hiddenRow'>
    <td class='none'><div class='testcase'>test_port_security_macspoofing_port[compute,id-7c0bb1a2-d053-49a4-98f9-ca1a1d849f63,network]</div></td>
    <td colspan='7' align='left'>

    <!--css div popup start-->
    <a class="popup_link" onfocus='this.blur();'
    href="javascript:showTestDetail('div_pt1.4')" >
        pass</a>

    <div id='div_pt1.4' class="popup_window">
        <div style='text-align: right; color:red;cursor:pointer'>
        <a onfocus='this.blur();'
onclick="document.getElementById('div_pt1.4').style.display = 'none' " >
           [x]</a>
        </div>
        <pre>
        
pt1.4: tempest.scenario.test_network_basic_ops.TestNetworkBasicOps.test_port_security_macspoofing_port[compute,id-7c0bb1a2-d053-49a4-98f9-ca1a1d849f63,network]

        </pre>
    </div>
    <!--css div popup end-->

    </td>
</tr>

<tr id='pt1.5' class='hiddenRow'>
    <td class='none'><div class='testcase'>test_preserve_preexisting_port[compute,id-759462e1-8535-46b0-ab3a-33aa45c55aaa,network]</div></td>
    <td colspan='7' align='left'>

    <!--css div popup start-->
    <a class="popup_link" onfocus='this.blur();'
    href="javascript:showTestDetail('div_pt1.5')" >
        pass</a>

    <div id='div_pt1.5' class="popup_window">
        <div style='text-align: right; color:red;cursor:pointer'>
        <a onfocus='this.blur();'
onclick="document.getElementById('div_pt1.5').style.display = 'none' " >
           [x]</a>
        </div>
        <pre>
        
pt1.5: tempest.scenario.test_network_basic_ops.TestNetworkBasicOps.test_preserve_preexisting_port[compute,id-759462e1-8535-46b0-ab3a-33aa45c55aaa,network]

        </pre>
    </div>
    <!--css div popup end-->

    </td>
</tr>

<tr id='pt1.6' class='hiddenRow'>
    <td class='none'><div class='testcase'>test_router_rescheduling[compute,id-2e788c46-fb3f-4ac9-8f82-0561555bea73,network]</div></td>
    <td colspan='7' align='left'>

    <!--css div popup start-->
    <a class="popup_link" onfocus='this.blur();'
    href="javascript:showTestDetail('div_pt1.6')" >
        pass</a>

    <div id='div_pt1.6' class="popup_window">
        <div style='text-align: right; color:red;cursor:pointer'>
        <a onfocus='this.blur();'
onclick="document.getElementById('div_pt1.6').style.display = 'none' " >
           [x]</a>
        </div>
        <pre>
        
pt1.6: tempest.scenario.test_network_basic_ops.TestNetworkBasicOps.test_router_rescheduling[compute,id-2e788c46-fb3f-4ac9-8f82-0561555bea73,network]

        </pre>
    </div>
    <!--css div popup end-->

    </td>
</tr>

<tr id='pt1.7' class='hiddenRow'>
    <td class='none'><div class='testcase'>test_subnet_details[compute,id-d8bb918e-e2df-48b2-97cd-b73c95450980,network]</div></td>
    <td colspan='7' align='left'>

    <!--css div popup start-->
    <a class="popup_link" onfocus='this.blur();'
    href="javascript:showTestDetail('div_pt1.7')" >
        pass</a>

    <div id='div_pt1.7' class="popup_window">
        <div style='text-align: right; color:red;cursor:pointer'>
        <a onfocus='this.blur();'
onclick="document.getElementById('div_pt1.7').style.display = 'none' " >
           [x]</a>
        </div>
        <pre>
        
pt1.7: tempest.scenario.test_network_basic_ops.TestNetworkBasicOps.test_subnet_details[compute,id-d8bb918e-e2df-48b2-97cd-b73c95450980,network]

        </pre>
    </div>
    <!--css div popup end-->

    </td>
</tr>

<tr id='ft1.8' class='none'>
    <td class='failCase'><div class='testcase'>test_update_instance_port_admin_state[compute,id-f5dfcc22-45fd-409f-954c-5bd500d7890b,network]</div></td>
    <td colspan='7' align='left'>

    <!--css div popup start-->
    <a class="popup_link" onfocus='this.blur();'
    href="javascript:showTestDetail('div_ft1.8')" >
        fail</a>

    <div id='div_ft1.8' class="popup_window">
        <div style='text-align: right; color:red;cursor:pointer'>
        <a onfocus='this.blur();'
onclick="document.getElementById('div_ft1.8').style.display = 'none' " >
           [x]</a>
        </div>
        <pre>
        
ft1.8: tempest.scenario.test_network_basic_ops.TestNetworkBasicOps.test_update_instance_port_admin_state[compute,id-f5dfcc22-45fd-409f-954c-5bd500d7890b,network]_StringException: Empty attachments:
  stderr
  stdout

pythonlogging:'': {{{
2015-12-06 04:00:31,720 27691 INFO     [tempest_lib.common.rest_client] Request (TestNetworkBasicOps:test_update_instance_port_admin_state): 201 POST http://10.0.2.15:9696/v2.0/security-groups 0.127s
2015-12-06 04:00:31,721 27691 DEBUG    [tempest_lib.common.rest_client] Request - Headers: {'Content-Type': 'application/json', 'Accept': 'application/json', 'X-Auth-Token': '&lt;omitted&gt;'}
        Body: {"security_group": {"tenant_id": "5665bc5264aa460781c7bd950828ebcc", "description": "tempest-secgroup-smoke-2081518347 description", "name": "tempest-secgroup-smoke-2081518347"}}
    Response - Headers: {'status': '201', 'content-length': '888', 'connection': 'close', 'date': 'Sun, 06 Dec 2015 04:00:31 GMT', 'content-type': 'application/json; charset=UTF-8', 'x-openstack-request-id': 'req-5fe67112-370d-4d37-b581-f29d78851042'}
        Body: {"security_group": {"tenant_id": "5665bc5264aa460781c7bd950828ebcc", "description": "tempest-secgroup-smoke-2081518347 description", "id": "4ba64737-2131-4381-9628-b10a3c2499d7", "security_group_rules": [{"remote_group_id": null, "direction": "egress", "remote_ip_prefix": null, "protocol": null, "ethertype": "IPv4", "tenant_id": "5665bc5264aa460781c7bd950828ebcc", "port_range_max": null, "port_range_min": null, "id": "371f9c39-e4c7-41f4-aeea-dc4626b71ea2", "security_group_id": "4ba64737-2131-4381-9628-b10a3c2499d7"}, {"remote_group_id": null, "direction": "egress", "remote_ip_prefix": null, "protocol": null, "ethertype": "IPv6", "tenant_id": "5665bc5264aa460781c7bd950828ebcc", "port_range_max": null, "port_range_min": null, "id": "b752ce4c-2d0f-4755-9902-eef1ebd9a5d1", "security_group_id": "4ba64737-2131-4381-9628-b10a3c2499d7"}], "name": "tempest-secgroup-smoke-2081518347"}}
2015-12-06 04:00:31,838 27691 INFO     [tempest_lib.common.rest_client] Request (TestNetworkBasicOps:test_update_instance_port_admin_state): 201 POST http://10.0.2.15:9696/v2.0/security-group-rules 0.115s
2015-12-06 04:00:31,839 27691 DEBUG    [tempest_lib.common.rest_client] Request - Headers: {'Content-Type': 'application/json', 'Accept': 'application/json', 'X-Auth-Token': '&lt;omitted&gt;'}
        Body: {"security_group_rule": {"direction": "ingress", "protocol": "tcp", "tenant_id": "5665bc5264aa460781c7bd950828ebcc", "port_range_max": 22, "security_group_id": "4ba64737-2131-4381-9628-b10a3c2499d7", "port_range_min": 22}}
    Response - Headers: {'status': '201', 'content-length': '340', 'connection': 'close', 'date': 'Sun, 06 Dec 2015 04:00:31 GMT', 'content-type': 'application/json; charset=UTF-8', 'x-openstack-request-id': 'req-59d11d2b-0c69-48a3-82ad-2ddb1f3c772a'}
        Body: {"security_group_rule": {"remote_group_id": null, "direction": "ingress", "remote_ip_prefix": null, "protocol": "tcp", "ethertype": "IPv4", "tenant_id": "5665bc5264aa460781c7bd950828ebcc", "port_range_max": 22, "port_range_min": 22, "id": "3939b18e-f514-4fbb-a17a-bbf4b037db3d", "security_group_id": "4ba64737-2131-4381-9628-b10a3c2499d7"}}
2015-12-06 04:00:31,955 27691 INFO     [tempest_lib.common.rest_client] Request (TestNetworkBasicOps:test_update_instance_port_admin_state): 201 POST http://10.0.2.15:9696/v2.0/security-group-rules 0.115s
2015-12-06 04:00:31,956 27691 DEBUG    [tempest_lib.common.rest_client] Request - Headers: {'Content-Type': 'application/json', 'Accept': 'application/json', 'X-Auth-Token': '&lt;omitted&gt;'}
        Body: {"security_group_rule": {"direction": "egress", "protocol": "tcp", "tenant_id": "5665bc5264aa460781c7bd950828ebcc", "port_range_max": 22, "security_group_id": "4ba64737-2131-4381-9628-b10a3c2499d7", "port_range_min": 22}}
    Response - Headers: {'status': '201', 'content-length': '339', 'connection': 'close', 'date': 'Sun, 06 Dec 2015 04:00:31 GMT', 'content-type': 'application/json; charset=UTF-8', 'x-openstack-request-id': 'req-50f40842-c8fd-48ab-9417-54431207874d'}
        Body: {"security_group_rule": {"remote_group_id": null, "direction": "egress", "remote_ip_prefix": null, "protocol": "tcp", "ethertype": "IPv4", "tenant_id": "5665bc5264aa460781c7bd950828ebcc", "port_range_max": 22, "port_range_min": 22, "id": "8d5d0990-9a8d-4e62-ac3f-6555666c796a", "security_group_id": "4ba64737-2131-4381-9628-b10a3c2499d7"}}
2015-12-06 04:00:32,070 27691 INFO     [tempest_lib.common.rest_client] Request (TestNetworkBasicOps:test_update_instance_port_admin_state): 201 POST http://10.0.2.15:9696/v2.0/security-group-rules 0.113s
2015-12-06 04:00:32,071 27691 DEBUG    [tempest_lib.common.rest_client] Request - Headers: {'Content-Type': 'application/json', 'Accept': 'application/json', 'X-Auth-Token': '&lt;omitted&gt;'}
        Body: {"security_group_rule": {"tenant_id": "5665bc5264aa460781c7bd950828ebcc", "direction": "ingress", "protocol": "icmp", "security_group_id": "4ba64737-2131-4381-9628-b10a3c2499d7"}}
    Response - Headers: {'status': '201', 'content-length': '345', 'connection': 'close', 'date': 'Sun, 06 Dec 2015 04:00:32 GMT', 'content-type': 'application/json; charset=UTF-8', 'x-openstack-request-id': 'req-52919f86-2ae6-4f7a-b6b4-ed1f6dea5130'}
        Body: {"security_group_rule": {"remote_group_id": null, "direction": "ingress", "remote_ip_prefix": null, "protocol": "icmp", "ethertype": "IPv4", "tenant_id": "5665bc5264aa460781c7bd950828ebcc", "port_range_max": null, "port_range_min": null, "id": "ae720a13-ab94-4903-a254-7203a2cee496", "security_group_id": "4ba64737-2131-4381-9628-b10a3c2499d7"}}
2015-12-06 04:00:32,180 27691 INFO     [tempest_lib.common.rest_client] Request (TestNetworkBasicOps:test_update_instance_port_admin_state): 201 POST http://10.0.2.15:9696/v2.0/security-group-rules 0.107s
2015-12-06 04:00:32,180 27691 DEBUG    [tempest_lib.common.rest_client] Request - Headers: {'Content-Type': 'application/json', 'Accept': 'application/json', 'X-Auth-Token': '&lt;omitted&gt;'}
        Body: {"security_group_rule": {"tenant_id": "5665bc5264aa460781c7bd950828ebcc", "direction": "egress", "protocol": "icmp", "security_group_id": "4ba64737-2131-4381-9628-b10a3c2499d7"}}
    Response - Headers: {'status': '201', 'content-length': '344', 'connection': 'close', 'date': 'Sun, 06 Dec 2015 04:00:32 GMT', 'content-type': 'application/json; charset=UTF-8', 'x-openstack-request-id': 'req-740e390b-364e-46e1-9a84-7b3673e7b4cd'}
        Body: {"security_group_rule": {"remote_group_id": null, "direction": "egress", "remote_ip_prefix": null, "protocol": "icmp", "ethertype": "IPv4", "tenant_id": "5665bc5264aa460781c7bd950828ebcc", "port_range_max": null, "port_range_min": null, "id": "a552bd74-d2bc-4b69-919a-3f584864f065", "security_group_id": "4ba64737-2131-4381-9628-b10a3c2499d7"}}
2015-12-06 04:00:32,288 27691 INFO     [tempest_lib.common.rest_client] Request (TestNetworkBasicOps:test_update_instance_port_admin_state): 201 POST http://10.0.2.15:9696/v2.0/security-group-rules 0.105s
2015-12-06 04:00:32,288 27691 DEBUG    [tempest_lib.common.rest_client] Request - Headers: {'Content-Type': 'application/json', 'Accept': 'application/json', 'X-Auth-Token': '&lt;omitted&gt;'}
        Body: {"security_group_rule": {"tenant_id": "5665bc5264aa460781c7bd950828ebcc", "direction": "ingress", "security_group_id": "4ba64737-2131-4381-9628-b10a3c2499d7", "protocol": "icmp", "ethertype": "IPv6"}}
    Response - Headers: {'status': '201', 'content-length': '345', 'connection': 'close', 'date': 'Sun, 06 Dec 2015 04:00:32 GMT', 'content-type': 'application/json; charset=UTF-8', 'x-openstack-request-id': 'req-60cc7367-66df-4587-a0d7-840e59386b1d'}
        Body: {"security_group_rule": {"remote_group_id": null, "direction": "ingress", "remote_ip_prefix": null, "protocol": "icmp", "ethertype": "IPv6", "tenant_id": "5665bc5264aa460781c7bd950828ebcc", "port_range_max": null, "port_range_min": null, "id": "44ee9571-8ccb-4986-81b9-f1f78bd9a1ad", "security_group_id": "4ba64737-2131-4381-9628-b10a3c2499d7"}}
2015-12-06 04:00:32,397 27691 INFO     [tempest_lib.common.rest_client] Request (TestNetworkBasicOps:test_update_instance_port_admin_state): 201 POST http://10.0.2.15:9696/v2.0/security-group-rules 0.107s
2015-12-06 04:00:32,397 27691 DEBUG    [tempest_lib.common.rest_client] Request - Headers: {'Content-Type': 'application/json', 'Accept': 'application/json', 'X-Auth-Token': '&lt;omitted&gt;'}
        Body: {"security_group_rule": {"tenant_id": "5665bc5264aa460781c7bd950828ebcc", "direction": "egress", "security_group_id": "4ba64737-2131-4381-9628-b10a3c2499d7", "protocol": "icmp", "ethertype": "IPv6"}}
    Response - Headers: {'status': '201', 'content-length': '344', 'connection': 'close', 'date': 'Sun, 06 Dec 2015 04:00:32 GMT', 'content-type': 'application/json; charset=UTF-8', 'x-openstack-request-id': 'req-a9923c27-2dd9-4347-a3db-e128056fa0d4'}
        Body: {"security_group_rule": {"remote_group_id": null, "direction": "egress", "remote_ip_prefix": null, "protocol": "icmp", "ethertype": "IPv6", "tenant_id": "5665bc5264aa460781c7bd950828ebcc", "port_range_max": null, "port_range_min": null, "id": "64c3006f-42ec-4843-858b-438839c2b3c9", "security_group_id": "4ba64737-2131-4381-9628-b10a3c2499d7"}}
2015-12-06 04:00:32,532 27691 INFO     [tempest_lib.common.rest_client] Request (TestNetworkBasicOps:test_update_instance_port_admin_state): 201 POST http://10.0.2.15:9696/v2.0/networks 0.133s
2015-12-06 04:00:32,532 27691 DEBUG    [tempest_lib.common.rest_client] Request - Headers: {'Content-Type': 'application/json', 'Accept': 'application/json', 'X-Auth-Token': '&lt;omitted&gt;'}
        Body: {"network": {"tenant_id": "5665bc5264aa460781c7bd950828ebcc", "name": "tempest-network-smoke--1301259596"}}
    Response - Headers: {'status': '201', 'content-length': '296', 'connection': 'close', 'date': 'Sun, 06 Dec 2015 04:00:32 GMT', 'content-type': 'application/json; charset=UTF-8', 'x-openstack-request-id': 'req-a14479c5-a0a9-49fe-a0ee-86b7cb142a24'}
        Body: {"network": {"status": "ACTIVE", "subnets": [], "name": "tempest-network-smoke--1301259596", "admin_state_up": true, "tenant_id": "5665bc5264aa460781c7bd950828ebcc", "mtu": 0, "router:external": false, "shared": false, "port_security_enabled": true, "id": "3fbc4666-7a5c-4d32-bfc6-82a3482702c9"}}
2015-12-06 04:00:32,614 27691 INFO     [tempest_lib.common.rest_client] Request (TestNetworkBasicOps:test_update_instance_port_admin_state): 201 POST http://10.0.2.15:9696/v2.0/routers 0.080s
2015-12-06 04:00:32,615 27691 DEBUG    [tempest_lib.common.rest_client] Request - Headers: {'Content-Type': 'application/json', 'Accept': 'application/json', 'X-Auth-Token': '&lt;omitted&gt;'}
        Body: {"router": {"tenant_id": "5665bc5264aa460781c7bd950828ebcc", "name": "tempest-router-smoke-202707166", "admin_state_up": true}}
    Response - Headers: {'status': '201', 'content-length': '238', 'connection': 'close', 'date': 'Sun, 06 Dec 2015 04:00:32 GMT', 'content-type': 'application/json; charset=UTF-8', 'x-openstack-request-id': 'req-91e2dd77-55d6-4bf8-b8bf-bc763baeb43e'}
        Body: {"router": {"status": "ACTIVE", "external_gateway_info": null, "name": "tempest-router-smoke-202707166", "admin_state_up": true, "tenant_id": "5665bc5264aa460781c7bd950828ebcc", "routes": [], "id": "1c7f0a60-fcc4-47ed-aba3-98152d10a868"}}
2015-12-06 04:00:32,662 27691 INFO     [tempest_lib.common.rest_client] Request (TestNetworkBasicOps:test_update_instance_port_admin_state): 200 GET http://10.0.2.15:9696/v2.0/routers/1c7f0a60-fcc4-47ed-aba3-98152d10a868 0.046s
2015-12-06 04:00:32,662 27691 DEBUG    [tempest_lib.common.rest_client] Request - Headers: {'Content-Type': 'application/json', 'Accept': 'application/json', 'X-Auth-Token': '&lt;omitted&gt;'}
        Body: None
    Response - Headers: {'status': '200', 'content-length': '238', 'content-location': 'http://10.0.2.15:9696/v2.0/routers/1c7f0a60-fcc4-47ed-aba3-98152d10a868', 'connection': 'close', 'date': 'Sun, 06 Dec 2015 04:00:32 GMT', 'content-type': 'application/json; charset=UTF-8', 'x-openstack-request-id': 'req-3f4b8fbd-21da-44e5-b7fe-6ea0ea57ea35'}
        Body: {"router": {"status": "ACTIVE", "external_gateway_info": null, "name": "tempest-router-smoke-202707166", "admin_state_up": true, "tenant_id": "5665bc5264aa460781c7bd950828ebcc", "routes": [], "id": "1c7f0a60-fcc4-47ed-aba3-98152d10a868"}}
2015-12-06 04:00:33,210 27691 INFO     [tempest_lib.common.rest_client] Request (TestNetworkBasicOps:test_update_instance_port_admin_state): 200 PUT http://10.0.2.15:9696/v2.0/routers/1c7f0a60-fcc4-47ed-aba3-98152d10a868 0.546s
2015-12-06 04:00:33,210 27691 DEBUG    [tempest_lib.common.rest_client] Request - Headers: {'Content-Type': 'application/json', 'Accept': 'application/json', 'X-Auth-Token': '&lt;omitted&gt;'}
        Body: {"router": {"external_gateway_info": {"network_id": "c651c98e-7a90-4967-b671-9251c9c4ffca"}, "name": "tempest-router-smoke-202707166", "admin_state_up": true}}
    Response - Headers: {'status': '200', 'content-length': '502', 'connection': 'close', 'date': 'Sun, 06 Dec 2015 04:00:33 GMT', 'content-type': 'application/json; charset=UTF-8', 'x-openstack-request-id': 'req-f0b3e01f-85e4-4920-af73-14891d07ad73'}
        Body: {"router": {"status": "ACTIVE", "external_gateway_info": {"network_id": "c651c98e-7a90-4967-b671-9251c9c4ffca", "enable_snat": true, "external_fixed_ips": [{"subnet_id": "8f7576d4-ab89-42d7-9c7a-8339d6ba9fa9", "ip_address": "172.24.4.17"}, {"subnet_id": "c3ad9067-5fd1-4d0a-9195-dbba9334cd0a", "ip_address": "2001:db8::12"}]}, "name": "tempest-router-smoke-202707166", "admin_state_up": true, "tenant_id": "5665bc5264aa460781c7bd950828ebcc", "routes": [], "id": "1c7f0a60-fcc4-47ed-aba3-98152d10a868"}}
2015-12-06 04:00:33,240 27691 INFO     [tempest_lib.common.rest_client] Request (TestNetworkBasicOps:test_update_instance_port_admin_state): 200 GET http://10.0.2.15:9696/v2.0/subnets?tenant_id=5665bc5264aa460781c7bd950828ebcc&amp;cidr=10.100.0.0%2F28 0.028s
2015-12-06 04:00:33,241 27691 DEBUG    [tempest_lib.common.rest_client] Request - Headers: {'Content-Type': 'application/json', 'Accept': 'application/json', 'X-Auth-Token': '&lt;omitted&gt;'}
        Body: None
    Response - Headers: {'status': '200', 'content-length': '15', 'content-location': 'http://10.0.2.15:9696/v2.0/subnets?tenant_id=5665bc5264aa460781c7bd950828ebcc&amp;cidr=10.100.0.0%2F28', 'connection': 'close', 'date': 'Sun, 06 Dec 2015 04:00:33 GMT', 'content-type': 'application/json; charset=UTF-8', 'x-openstack-request-id': 'req-dbf610fa-08e7-4dc0-996f-93eba929c30e'}
        Body: {"subnets": []}
2015-12-06 04:00:33,487 27691 INFO     [tempest_lib.common.rest_client] Request (TestNetworkBasicOps:test_update_instance_port_admin_state): 201 POST http://10.0.2.15:9696/v2.0/subnets 0.246s
2015-12-06 04:00:33,488 27691 DEBUG    [tempest_lib.common.rest_client] Request - Headers: {'Content-Type': 'application/json', 'Accept': 'application/json', 'X-Auth-Token': '&lt;omitted&gt;'}
        Body: {"subnet": {"ip_version": 4, "tenant_id": "5665bc5264aa460781c7bd950828ebcc", "cidr": "10.100.0.0/28", "network_id": "3fbc4666-7a5c-4d32-bfc6-82a3482702c9", "name": "tempest-subnet-smoke-1041812664"}}
    Response - Headers: {'status': '201', 'content-length': '478', 'connection': 'close', 'date': 'Sun, 06 Dec 2015 04:00:33 GMT', 'content-type': 'application/json; charset=UTF-8', 'x-openstack-request-id': 'req-185b52ae-d2b2-4106-acaa-1b3a033aef14'}
        Body: {"subnet": {"name": "tempest-subnet-smoke-1041812664", "enable_dhcp": true, "network_id": "3fbc4666-7a5c-4d32-bfc6-82a3482702c9", "tenant_id": "5665bc5264aa460781c7bd950828ebcc", "dns_nameservers": [], "gateway_ip": "10.100.0.1", "ipv6_ra_mode": null, "allocation_pools": [{"start": "10.100.0.2", "end": "10.100.0.14"}], "host_routes": [], "ip_version": 4, "ipv6_address_mode": null, "cidr": "10.100.0.0/28", "id": "3751e92d-59fb-444e-9e3c-3592a8723c94", "subnetpool_id": null}}
2015-12-06 04:00:34,273 27691 INFO     [tempest_lib.common.rest_client] Request (TestNetworkBasicOps:test_update_instance_port_admin_state): 200 PUT http://10.0.2.15:9696/v2.0/routers/1c7f0a60-fcc4-47ed-aba3-98152d10a868/add_router_interface 0.784s
2015-12-06 04:00:34,274 27691 DEBUG    [tempest_lib.common.rest_client] Request - Headers: {'Content-Type': 'application/json', 'Accept': 'application/json', 'X-Auth-Token': '&lt;omitted&gt;'}
        Body: {"subnet_id": "3751e92d-59fb-444e-9e3c-3592a8723c94"}
    Response - Headers: {'status': '200', 'content-length': '255', 'connection': 'close', 'date': 'Sun, 06 Dec 2015 04:00:34 GMT', 'content-type': 'application/json; charset=UTF-8', 'x-openstack-request-id': 'req-77f205d9-987a-48d2-adf6-e9f46d6067bd'}
        Body: {"subnet_id": "3751e92d-59fb-444e-9e3c-3592a8723c94", "tenant_id": "5665bc5264aa460781c7bd950828ebcc", "subnet_ids": ["3751e92d-59fb-444e-9e3c-3592a8723c94"], "port_id": "9e0b3257-37df-4366-b46a-307d6ddcd7dc", "id": "1c7f0a60-fcc4-47ed-aba3-98152d10a868"}
2015-12-06 04:00:34,318 27691 INFO     [tempest_lib.common.rest_client] Request (TestNetworkBasicOps:test_update_instance_port_admin_state): 200 GET http://10.0.2.15:9696/v2.0/networks 0.043s
2015-12-06 04:00:34,319 27691 DEBUG    [tempest_lib.common.rest_client] Request - Headers: {'Content-Type': 'application/json', 'Accept': 'application/json', 'X-Auth-Token': '&lt;omitted&gt;'}
        Body: None
    Response - Headers: {'status': '200', 'content-length': '1318', 'content-location': 'http://10.0.2.15:9696/v2.0/networks', 'connection': 'close', 'date': 'Sun, 06 Dec 2015 04:00:34 GMT', 'content-type': 'application/json; charset=UTF-8', 'x-openstack-request-id': 'req-bd873cce-2a9f-4d5d-a4ed-93ce2c49348e'}
        Body: {"networks": [{"status": "ACTIVE", "subnets": ["c3ad9067-5fd1-4d0a-9195-dbba9334cd0a", "8f7576d4-ab89-42d7-9c7a-8339d6ba9fa9"], "name": "public", "provider:physical_network": null, "admin_state_up": true, "tenant_id": "e84d575e08374bda81dfcfcf4a70fc18", "mtu": 0, "router:external": true, "shared": false, "port_security_enabled": true, "provider:network_type": "vxlan", "id": "c651c98e-7a90-4967-b671-9251c9c4ffca", "provider:segmentation_id": 1048}, {"status": "ACTIVE", "subnets": ["791b1522-6aa9-4891-a993-0e246d6f1302", "4e6ee99a-62bf-4ea2-93a3-a8be8a345a42"], "name": "private", "provider:physical_network": null, "admin_state_up": true, "tenant_id": "e45485d21a3f43a38d125ae196ec8cde", "mtu": 0, "router:external": false, "shared": false, "port_security_enabled": true, "provider:network_type": "vxlan", "id": "26857b07-2160-4f27-ab5c-7405ca406f0a", "provider:segmentation_id": 1007}, {"status": "ACTIVE", "subnets": ["3751e92d-59fb-444e-9e3c-3592a8723c94"], "name": "tempest-network-smoke--1301259596", "provider:physical_network": null, "admin_state_up": true, "tenant_id": "5665bc5264aa460781c7bd950828ebcc", "mtu": 0, "router:external": false, "shared": false, "port_security_enabled": true, "provider:network_type": "vxlan", "id": "3fbc4666-7a5c-4d32-bfc6-82a3482702c9", "provider:segmentation_id": 1018}]}
2015-12-06 04:00:34,387 27691 INFO     [tempest_lib.common.rest_client] Request (TestNetworkBasicOps:test_update_instance_port_admin_state): 200 GET http://10.0.2.15:9696/v2.0/subnets 0.067s
2015-12-06 04:00:34,388 27691 DEBUG    [tempest_lib.common.rest_client] Request - Headers: {'Content-Type': 'application/json', 'Accept': 'application/json', 'X-Auth-Token': '&lt;omitted&gt;'}
        Body: None
    Response - Headers: {'status': '200', 'content-length': '2408', 'content-location': 'http://10.0.2.15:9696/v2.0/subnets', 'connection': 'close', 'date': 'Sun, 06 Dec 2015 04:00:34 GMT', 'content-type': 'application/json; charset=UTF-8', 'x-openstack-request-id': 'req-49798aed-5013-48c9-8065-abe4a4604dc8'}
        Body: {"subnets": [{"name": "ipv6-public-subnet", "enable_dhcp": false, "network_id": "c651c98e-7a90-4967-b671-9251c9c4ffca", "tenant_id": "e84d575e08374bda81dfcfcf4a70fc18", "dns_nameservers": [], "gateway_ip": "2001:db8::2", "ipv6_ra_mode": null, "allocation_pools": [{"start": "2001:db8::1", "end": "2001:db8::1"}, {"start": "2001:db8::3", "end": "2001:db8::ffff:ffff:ffff:ffff"}], "host_routes": [], "ip_version": 6, "ipv6_address_mode": null, "cidr": "2001:db8::/64", "id": "c3ad9067-5fd1-4d0a-9195-dbba9334cd0a", "subnetpool_id": null}, {"name": "private-subnet", "enable_dhcp": true, "network_id": "26857b07-2160-4f27-ab5c-7405ca406f0a", "tenant_id": "e45485d21a3f43a38d125ae196ec8cde", "dns_nameservers": [], "gateway_ip": "10.0.0.1", "ipv6_ra_mode": null, "allocation_pools": [{"start": "10.0.0.2", "end": "10.0.0.254"}], "host_routes": [], "ip_version": 4, "ipv6_address_mode": null, "cidr": "10.0.0.0/24", "id": "4e6ee99a-62bf-4ea2-93a3-a8be8a345a42", "subnetpool_id": null}, {"name": "ipv6-private-subnet", "enable_dhcp": true, "network_id": "26857b07-2160-4f27-ab5c-7405ca406f0a", "tenant_id": "e45485d21a3f43a38d125ae196ec8cde", "dns_nameservers": [], "gateway_ip": "fd68:4139:59dc::1", "ipv6_ra_mode": "slaac", "allocation_pools": [{"start": "fd68:4139:59dc::2", "end": "fd68:4139:59dc:0:ffff:ffff:ffff:ffff"}], "host_routes": [], "ip_version": 6, "ipv6_address_mode": "slaac", "cidr": "fd68:4139:59dc::/64", "id": "791b1522-6aa9-4891-a993-0e246d6f1302", "subnetpool_id": null}, {"name": "public-subnet", "enable_dhcp": false, "network_id": "c651c98e-7a90-4967-b671-9251c9c4ffca", "tenant_id": "e84d575e08374bda81dfcfcf4a70fc18", "dns_nameservers": [], "gateway_ip": "172.24.4.1", "ipv6_ra_mode": null, "allocation_pools": [{"start": "172.24.4.2", "end": "172.24.4.254"}], "host_routes": [], "ip_version": 4, "ipv6_address_mode": null, "cidr": "172.24.4.0/24", "id": "8f7576d4-ab89-42d7-9c7a-8339d6ba9fa9", "subnetpool_id": null}, {"name": "tempest-subnet-smoke-1041812664", "enable_dhcp": true, "network_id": "3fbc4666-7a5c-4d32-bfc6-82a3482702c9", "tenant_id": "5665bc5264aa460781c7bd950828ebcc", "dns_nameservers": [], "gateway_ip": "10.100.0.1", "ipv6_ra_mode": null, "allocation_pools": [{"start": "10.100.0.2", "end": "10.100.0.14"}], "host_routes": [], "ip_version": 4, "ipv6_address_mode": null, "cidr": "10.100.0.0/28", "id": "3751e92d-59fb-444e-9e3c-3592a8723c94", "subnetpool_id": null}]}
2015-12-06 04:00:34,437 27691 INFO     [tempest_lib.common.rest_client] Request (TestNetworkBasicOps:test_update_instance_port_admin_state): 200 GET http://10.0.2.15:9696/v2.0/routers 0.048s
2015-12-06 04:00:34,438 27691 DEBUG    [tempest_lib.common.rest_client] Request - Headers: {'Content-Type': 'application/json', 'Accept': 'application/json', 'X-Auth-Token': '&lt;omitted&gt;'}
        Body: None
    Response - Headers: {'status': '200', 'content-length': '1042', 'content-location': 'http://10.0.2.15:9696/v2.0/routers', 'connection': 'close', 'date': 'Sun, 06 Dec 2015 04:00:34 GMT', 'content-type': 'application/json; charset=UTF-8', 'x-openstack-request-id': 'req-d3ddcafa-d8ce-44ce-a667-86c148572788'}
        Body: {"routers": [{"status": "ACTIVE", "external_gateway_info": {"network_id": "c651c98e-7a90-4967-b671-9251c9c4ffca", "enable_snat": true, "external_fixed_ips": [{"subnet_id": "8f7576d4-ab89-42d7-9c7a-8339d6ba9fa9", "ip_address": "172.24.4.17"}, {"subnet_id": "c3ad9067-5fd1-4d0a-9195-dbba9334cd0a", "ip_address": "2001:db8::12"}]}, "name": "tempest-router-smoke-202707166", "admin_state_up": true, "tenant_id": "5665bc5264aa460781c7bd950828ebcc", "distributed": false, "routes": [], "ha": false, "id": "1c7f0a60-fcc4-47ed-aba3-98152d10a868"}, {"status": "ACTIVE", "external_gateway_info": {"network_id": "c651c98e-7a90-4967-b671-9251c9c4ffca", "enable_snat": true, "external_fixed_ips": [{"subnet_id": "8f7576d4-ab89-42d7-9c7a-8339d6ba9fa9", "ip_address": "172.24.4.2"}, {"subnet_id": "c3ad9067-5fd1-4d0a-9195-dbba9334cd0a", "ip_address": "2001:db8::3"}]}, "name": "router1", "admin_state_up": true, "tenant_id": "e45485d21a3f43a38d125ae196ec8cde", "distributed": false, "routes": [], "ha": false, "id": "bb83bbeb-e29a-431a-b26b-7909557f8499"}]}
2015-12-06 04:00:34,570 27691 INFO     [tempest_lib.common.rest_client] Request (TestNetworkBasicOps:test_update_instance_port_admin_state): 200 POST http://10.0.2.15:8774/v2.1/5665bc5264aa460781c7bd950828ebcc/os-keypairs 0.130s
2015-12-06 04:00:34,571 27691 DEBUG    [tempest_lib.common.rest_client] Request - Headers: {'Content-Type': 'application/json', 'Accept': 'application/json', 'X-Auth-Token': '&lt;omitted&gt;'}
        Body: {"keypair": {"name": "tempest-TestNetworkBasicOps-993438601"}}
    Response - Headers: {'status': '200', 'content-length': '2320', 'x-compute-request-id': 'req-d83a55ee-8b0d-4867-9c79-225b5f1cc00d', 'vary': 'X-OpenStack-Nova-API-Version', 'connection': 'close', 'x-openstack-nova-api-version': '2.1', 'date': 'Sun, 06 Dec 2015 04:00:34 GMT', 'content-type': 'application/json'}
        Body: {"keypair": {"public_key": "ssh-rsa AAAAB3NzaC1yc2EAAAADAQABAAABAQC4nSEont/m8tEFcAL4gQZkb+hCFTLCZxunCVw5zptY0rbGgdCzlhu78x/BTfsfRkVKrhKJvS4rXbK9qc73/dXonHQhYNB3ZLeiUNpfBaT4u/lnReqKsUXvMrV+CEFAMC/vHbyF2ApEEkhIPYBmLT1Jmbug4o6DAdYwA7JIuyP1yJ5L3MvseU2WSX5CpUHB3KnO223xvH7CMbyhgTwi6xEct/vzNpR+tqN+P93b4E0m8oQtaN93Y4UoX5Vf8PKYPAssqBcQnEhf0sImopXGOHeVvpBGKS2APMpd3aM47kJ2NiyCGz6GgnPdMrKVXqC1jHkLOJa5/9FUuwEU3VkCV8Lp Generated-by-Nova", "private_key": "-----BEGIN RSA PRIVATE KEY-----\nMIIEqAIBAAKCAQEAuJ0hKJ7f5vLRBXAC+IEGZG/oQhUywmcbpwlcOc6bWNK2xoHQ\ns5Ybu/MfwU37H0ZFSq4Sib0uK12yvanO9/3V6Jx0IWDQd2S3olDaXwWk+Lv5Z0Xq\nirFF7zK1fghBQDAv7x28hdgKRBJISD2AZi09SZm7oOKOgwHWMAOySLsj9cieS9zL\n7HlNlkl+QqVBwdypzttt8bx+wjG8oYE8IusRHLf78zaUfrajfj/d2+BNJvKELWjf\nd2OFKF+VX/DymDwLLKgXEJxIX9LCJqKVxjh3lb6QRiktgDzKXd2jOO5CdjYsghs+\nhoJz3TKylV6gtYx5CziWuf/RVLsBFN1ZAlfC6QIDAQABAoIBAFl653h90P5qkL82\n9GmoeAW0a/mjtq+dNDz4/3eRWaBquWZrw1FYH2cwxyJ1fpNBBxLUXm3egQNJ7fmZ\n1ZRDtyuAsZUADOrhqVQGJmHKJZTd31ub+rtwgvoWNPu6Wo4XDRSz8A1bklY+GkTR\ncmuT39HNrrCjPvnmqP8qu34fHqXg3MKKZRxgPQCVZDmbCZZfJL8jI/MsHwSlDCd3\nxqA5AtKRhtwM41ccNsS3SH/KHeo/ZDTAXWELpUAlJzwUsmcsH62FLPW3ajEvGQlv\ndj8JNGbG/A4VqrRWC3brBbHe1/KKLO8VWpG3MV4gmrdohypARDBaZdz8H0UaABn1\nFkYZK2UCggCBAMfLpSPI+pf8DPua+h6vToFkINUGf4kDneHZEfVezTGRH4ALSPTw\nsP4kzbrVSPvrgqIWCma2OIALJBgsxgEis3yeF77tPBDZhq36K3YI6t4I9dKrd84y\nkYseT5pdXbUFF0wMedZ/KJ2CRlzd0MTBXxGZtuXfSDLZPEFI7A7zLBZ3AoIAgQDs\njCr9lX9Tr1Dm0pTgQB/FMKGSp4Y3ZX2lJymzY0W7zFL+iFs7q1QvAkb8eFNM2FSu\nBQ3Qd6j3bm7305gsacE0wZqVabzRUj2WLA7v+gqj/Joq/8PtHN9iL2RpeugRk8IM\nGx+fweYXNHDYX1YZ4/Nj+RLPkqkDhtL7b1lbDflpnwKCAIBnPZL699qN+L+YsA95\nFatibyQMEAyM92J5FtsRyMgNSelWF/6+GzXKTahFV/sbuinJqcv8IUL230rqdxBl\n+9F1npe0oA/+wPi4I+KbXqZGz6h/EP2afkT491O492/5n0TXlkbLEPAi2/OR/0jm\nsul2RdDd3dAH/nsFXTIl04A/pwKCAIAwit8zpN85RCv9Ak/s6Rvb8ovltZ00dw5e\nuveyyXeA/4A0nbTjPNiMwRHiM6schPRztbPNCRFSnYYGM5Tx4E32zpgzezx1VEQx\nMh9qncxbNLZKhqwlV5x74K/heYhwOvtCUrqdpUPblTZnIMFhlMbYyD9U+4rVn3Bi\nisoyhl6djwKCAIEAgiMFJjId63+rIy5ltJVK0+9hRwhpgQ+aqmGXA9REvEcDBKOr\nZW+XrYfGyA5PYPcnI8DIWZDW3p0vNWlW9Knb97eytLw0/J8edhLSJmu9U2jfihPE\n6BFFdN7Ff4s8IMlN17l3IqLORYGaCWtXt98xXPPaVxURXmrQZ6vJdlQSldY=\n-----END RSA PRIVATE KEY-----\n", "user_id": "4dbcff00155e423ea72f6dd147e9dea3", "name": "tempest-TestNetworkBasicOps-993438601", "fingerprint": "de:2e:1f:e1:3a:2c:e0:64:3d:00:df:de:94:82:74:55"}}
2015-12-06 04:00:34,678 27691 INFO     [tempest_lib.common.rest_client] Request (TestNetworkBasicOps:test_update_instance_port_admin_state): 200 POST http://10.0.2.15:5000/v2.0/tokens
2015-12-06 04:00:34,679 27691 DEBUG    [tempest_lib.common.rest_client] Request - Headers: {'Content-Type': 'application/json', 'Accept': 'application/json'}
        Body: &lt;omitted&gt;
    Response - Headers: {'status': '200', 'content-length': '2528', 'vary': 'X-Auth-Token', 'server': 'Apache/2.4.7 (Ubuntu)', 'connection': 'close', 'date': 'Sun, 06 Dec 2015 04:00:34 GMT', 'content-type': 'application/json', 'x-openstack-request-id': 'req-d8d3a037-9cd0-434e-8f61-b929c57f13ef'}
        Body: {"access": {"token": {"issued_at": "2015-12-06T04:00:34.666678", "expires": "2015-12-06T05:00:34Z", "id": "4170e34d8aa0482ab5779ceb283222ef", "tenant": {"description": "tempest-TestNetworkBasicOps-1585023736-desc", "enabled": true, "id": "5665bc5264aa460781c7bd950828ebcc", "name": "tempest-TestNetworkBasicOps-1585023736"}, "audit_ids": ["cdreh5AATLyMeFDz5uYuAQ"]}, "serviceCatalog": [{"endpoints": [{"adminURL": "http://10.0.2.15:8774/v2.1/5665bc5264aa460781c7bd950828ebcc", "region": "RegionOne", "internalURL": "http://10.0.2.15:8774/v2.1/5665bc5264aa460781c7bd950828ebcc", "id": "088e5bac8f674910a2f1d5f0fa85c629", "publicURL": "http://10.0.2.15:8774/v2.1/5665bc5264aa460781c7bd950828ebcc"}], "endpoints_links": [], "type": "compute", "name": "nova"}, {"endpoints": [{"adminURL": "http://10.0.2.15:9696/", "region": "RegionOne", "internalURL": "http://10.0.2.15:9696/", "id": "8e471ac48a0740b582a2d4a8d9a203af", "publicURL": "http://10.0.2.15:9696/"}], "endpoints_links": [], "type": "network", "name": "neutron"}, {"endpoints": [{"adminURL": "http://10.0.2.15:9292", "region": "RegionOne", "internalURL": "http://10.0.2.15:9292", "id": "80f83173fb3b4d198a80b497e4060f16", "publicURL": "http://10.0.2.15:9292"}], "endpoints_links": [], "type": "image", "name": "glance"}, {"endpoints": [{"adminURL": "http://10.0.2.15:8774/v2/5665bc5264aa460781c7bd950828ebcc", "region": "RegionOne", "internalURL": "http://10.0.2.15:8774/v2/5665bc5264aa460781c7bd950828ebcc", "id": "26c3cc8bd6df45bfab1ed24d610f9a8b", "publicURL": "http://10.0.2.15:8774/v2/5665bc5264aa460781c7bd950828ebcc"}], "endpoints_links": [], "type": "compute_legacy", "name": "nova_legacy"}, {"endpoints": [{"adminURL": "http://10.0.2.15:8773/", "region": "RegionOne", "internalURL": "http://10.0.2.15:8773/", "id": "3452c073cce447bea6b6af61515df2f9", "publicURL": "http://10.0.2.15:8773/"}], "endpoints_links": [], "type": "ec2", "name": "ec2"}, {"endpoints": [{"adminURL": "http://10.0.2.15:35357/v2.0", "region": "RegionOne", "internalURL": "http://10.0.2.15:5000/v2.0", "id": "4eefd556ac184b5286d63f4c86594437", "publicURL": "http://10.0.2.15:5000/v2.0"}], "endpoints_links": [], "type": "identity", "name": "keystone"}], "user": {"username": "tempest-TestNetworkBasicOps-481093156", "roles_links": [], "id": "4dbcff00155e423ea72f6dd147e9dea3", "roles": [{"name": "_member_"}, {"name": "Member"}], "name": "tempest-TestNetworkBasicOps-481093156"}, "metadata": {"is_admin": 0, "roles": ["9fe2ff9ee4384b1894a90878d3e92bab", "31c2f226ea7d4294b0f821203badb096"]}}}
2015-12-06 04:00:34,687 27691 DEBUG    [tempest.common.fixed_network] (TestNetworkBasicOps:test_update_instance_port_admin_state) No valid network provided or created, defaulting to fixed_network_name
2015-12-06 04:00:35,023 27691 INFO     [tempest_lib.common.rest_client] Request (TestNetworkBasicOps:test_update_instance_port_admin_state): 200 GET http://10.0.2.15:8774/v2.1/5665bc5264aa460781c7bd950828ebcc/os-networks 0.335s
2015-12-06 04:00:35,024 27691 DEBUG    [tempest_lib.common.rest_client] Request - Headers: {'Content-Type': 'application/json', 'Accept': 'application/json', 'X-Auth-Token': '&lt;omitted&gt;'}
        Body: None
    Response - Headers: {'status': '200', 'content-length': '479', 'content-location': 'http://10.0.2.15:8774/v2.1/5665bc5264aa460781c7bd950828ebcc/os-networks', 'x-compute-request-id': 'req-9a5d0d63-4992-47ca-bc8a-1eaf6553883f', 'vary': 'X-OpenStack-Nova-API-Version', 'connection': 'close', 'x-openstack-nova-api-version': '2.1', 'date': 'Sun, 06 Dec 2015 04:00:35 GMT', 'content-type': 'application/json'}
        Body: {"networks": [{"cidr_v6": null, "dns2": null, "dns1": null, "gateway": null, "broadcast": null, "netmask": null, "gateway_v6": null, "cidr": null, "label": "public", "id": "c651c98e-7a90-4967-b671-9251c9c4ffca", "netmask_v6": null}, {"cidr_v6": null, "dns2": null, "dns1": null, "gateway": null, "broadcast": null, "netmask": null, "gateway_v6": null, "cidr": null, "label": "tempest-network-smoke--1301259596", "id": "3fbc4666-7a5c-4d32-bfc6-82a3482702c9", "netmask_v6": null}]}
2015-12-06 04:00:35,025 27691 WARNING  [tempest.common.fixed_network] (TestNetworkBasicOps:test_update_instance_port_admin_state) Network with name: private not found
2015-12-06 04:00:35,025 27691 INFO     [tempest.common.fixed_network] (TestNetworkBasicOps:test_update_instance_port_admin_state) Found network {} available for tenant
2015-12-06 04:00:35,720 27691 INFO     [tempest_lib.common.rest_client] Request (TestNetworkBasicOps:test_update_instance_port_admin_state): 202 POST http://10.0.2.15:8774/v2.1/5665bc5264aa460781c7bd950828ebcc/servers 0.693s
2015-12-06 04:00:35,720 27691 DEBUG    [tempest_lib.common.rest_client] Request - Headers: {'Content-Type': 'application/json', 'Accept': 'application/json', 'X-Auth-Token': '&lt;omitted&gt;'}
        Body: {"server": {"name": "tempest.common.compute-instance-622619864", "imageRef": "fbe73db2-2ad6-4e6a-9383-9f24e95a1600", "key_name": "tempest-TestNetworkBasicOps-993438601", "flavorRef": "42", "networks": [{"uuid": "3fbc4666-7a5c-4d32-bfc6-82a3482702c9"}], "security_groups": [{"name": "tempest-secgroup-smoke-2081518347"}]}}
    Response - Headers: {'status': '202', 'content-length': '462', 'x-compute-request-id': 'req-7a3702aa-9e52-4692-9b61-910ea5a002d7', 'vary': 'X-OpenStack-Nova-API-Version', 'connection': 'close', 'location': 'http://10.0.2.15:8774/v2.1/5665bc5264aa460781c7bd950828ebcc/servers/55aa71a7-6b70-422d-8fb8-f2cc88d26fc3', 'x-openstack-nova-api-version': '2.1', 'date': 'Sun, 06 Dec 2015 04:00:35 GMT', 'content-type': 'application/json'}
        Body: {"server": {"security_groups": [{"name": "tempest-secgroup-smoke-2081518347"}], "OS-DCF:diskConfig": "MANUAL", "id": "55aa71a7-6b70-422d-8fb8-f2cc88d26fc3", "links": [{"href": "http://10.0.2.15:8774/v2.1/5665bc5264aa460781c7bd950828ebcc/servers/55aa71a7-6b70-422d-8fb8-f2cc88d26fc3", "rel": "self"}, {"href": "http://10.0.2.15:8774/5665bc5264aa460781c7bd950828ebcc/servers/55aa71a7-6b70-422d-8fb8-f2cc88d26fc3", "rel": "bookmark"}], "adminPass": "9vwQNeeYkfrG"}}
2015-12-06 04:00:35,844 27691 INFO     [tempest_lib.common.rest_client] Request (TestNetworkBasicOps:test_update_instance_port_admin_state): 200 GET http://10.0.2.15:8774/v2.1/5665bc5264aa460781c7bd950828ebcc/servers/55aa71a7-6b70-422d-8fb8-f2cc88d26fc3 0.120s
2015-12-06 04:00:35,844 27691 DEBUG    [tempest_lib.common.rest_client] Request - Headers: {'Content-Type': 'application/json', 'Accept': 'application/json', 'X-Auth-Token': '&lt;omitted&gt;'}
        Body: None
    Response - Headers: {'status': '200', 'content-length': '1354', 'content-location': 'http://10.0.2.15:8774/v2.1/5665bc5264aa460781c7bd950828ebcc/servers/55aa71a7-6b70-422d-8fb8-f2cc88d26fc3', 'x-compute-request-id': 'req-b340111e-75d0-4c98-b9f8-d04a18bce896', 'vary': 'X-OpenStack-Nova-API-Version', 'connection': 'close', 'x-openstack-nova-api-version': '2.1', 'date': 'Sun, 06 Dec 2015 04:00:35 GMT', 'content-type': 'application/json'}
        Body: {"server": {"status": "BUILD", "updated": "2015-12-06T04:00:35Z", "hostId": "", "addresses": {}, "links": [{"href": "http://10.0.2.15:8774/v2.1/5665bc5264aa460781c7bd950828ebcc/servers/55aa71a7-6b70-422d-8fb8-f2cc88d26fc3", "rel": "self"}, {"href": "http://10.0.2.15:8774/5665bc5264aa460781c7bd950828ebcc/servers/55aa71a7-6b70-422d-8fb8-f2cc88d26fc3", "rel": "bookmark"}], "key_name": "tempest-TestNetworkBasicOps-993438601", "image": {"id": "fbe73db2-2ad6-4e6a-9383-9f24e95a1600", "links": [{"href": "http://10.0.2.15:8774/5665bc5264aa460781c7bd950828ebcc/images/fbe73db2-2ad6-4e6a-9383-9f24e95a1600", "rel": "bookmark"}]}, "OS-EXT-STS:task_state": "scheduling", "OS-EXT-STS:vm_state": "building", "OS-SRV-USG:launched_at": null, "flavor": {"id": "42", "links": [{"href": "http://10.0.2.15:8774/5665bc5264aa460781c7bd950828ebcc/flavors/42", "rel": "bookmark"}]}, "id": "55aa71a7-6b70-422d-8fb8-f2cc88d26fc3", "OS-SRV-USG:terminated_at": null, "OS-EXT-AZ:availability_zone": "", "user_id": "4dbcff00155e423ea72f6dd147e9dea3", "name": "tempest.common.compute-instance-622619864", "created": "2015-12-06T04:00:35Z", "tenant_id": "5665bc5264aa460781c7bd950828ebcc", "OS-DCF:diskConfig": "MANUAL", "os-extended-volumes:volumes_attached": [], "accessIPv4": "", "accessIPv6": "", "progress": 0, "OS-EXT-STS:power_state": 0, "config_drive": "", "metadata": {}}}
2015-12-06 04:00:37,152 27691 INFO     [tempest_lib.common.rest_client] Request (TestNetworkBasicOps:test_update_instance_port_admin_state): 200 GET http://10.0.2.15:8774/v2.1/5665bc5264aa460781c7bd950828ebcc/servers/55aa71a7-6b70-422d-8fb8-f2cc88d26fc3 0.291s
2015-12-06 04:00:37,153 27691 DEBUG    [tempest_lib.common.rest_client] Request - Headers: {'Content-Type': 'application/json', 'Accept': 'application/json', 'X-Auth-Token': '&lt;omitted&gt;'}
        Body: None
    Response - Headers: {'status': '200', 'content-length': '1480', 'content-location': 'http://10.0.2.15:8774/v2.1/5665bc5264aa460781c7bd950828ebcc/servers/55aa71a7-6b70-422d-8fb8-f2cc88d26fc3', 'x-compute-request-id': 'req-60592c98-9c0e-4596-9ab4-8e6ce972a779', 'vary': 'X-OpenStack-Nova-API-Version', 'connection': 'close', 'x-openstack-nova-api-version': '2.1', 'date': 'Sun, 06 Dec 2015 04:00:37 GMT', 'content-type': 'application/json'}
        Body: {"server": {"status": "BUILD", "updated": "2015-12-06T04:00:36Z", "hostId": "dad66a9d3d1da149d3de64f6fd6b0792f47f3c6351e187ddeb30cedc", "addresses": {}, "links": [{"href": "http://10.0.2.15:8774/v2.1/5665bc5264aa460781c7bd950828ebcc/servers/55aa71a7-6b70-422d-8fb8-f2cc88d26fc3", "rel": "self"}, {"href": "http://10.0.2.15:8774/5665bc5264aa460781c7bd950828ebcc/servers/55aa71a7-6b70-422d-8fb8-f2cc88d26fc3", "rel": "bookmark"}], "key_name": "tempest-TestNetworkBasicOps-993438601", "image": {"id": "fbe73db2-2ad6-4e6a-9383-9f24e95a1600", "links": [{"href": "http://10.0.2.15:8774/5665bc5264aa460781c7bd950828ebcc/images/fbe73db2-2ad6-4e6a-9383-9f24e95a1600", "rel": "bookmark"}]}, "OS-EXT-STS:task_state": "spawning", "OS-EXT-STS:vm_state": "building", "OS-SRV-USG:launched_at": null, "flavor": {"id": "42", "links": [{"href": "http://10.0.2.15:8774/5665bc5264aa460781c7bd950828ebcc/flavors/42", "rel": "bookmark"}]}, "id": "55aa71a7-6b70-422d-8fb8-f2cc88d26fc3", "security_groups": [{"name": "tempest-secgroup-smoke-2081518347"}], "OS-SRV-USG:terminated_at": null, "OS-EXT-AZ:availability_zone": "nova", "user_id": "4dbcff00155e423ea72f6dd147e9dea3", "name": "tempest.common.compute-instance-622619864", "created": "2015-12-06T04:00:35Z", "tenant_id": "5665bc5264aa460781c7bd950828ebcc", "OS-DCF:diskConfig": "MANUAL", "os-extended-volumes:volumes_attached": [], "accessIPv4": "", "accessIPv6": "", "progress": 0, "OS-EXT-STS:power_state": 0, "config_drive": "", "metadata": {}}}
2015-12-06 04:00:37,161 27691 INFO     [tempest.common.waiters] State transition "BUILD/scheduling" ==&gt; "BUILD/spawning" after 2 second wait
2015-12-06 04:00:38,376 27691 INFO     [tempest_lib.common.rest_client] Request (TestNetworkBasicOps:test_update_instance_port_admin_state): 200 GET http://10.0.2.15:8774/v2.1/5665bc5264aa460781c7bd950828ebcc/servers/55aa71a7-6b70-422d-8fb8-f2cc88d26fc3 0.212s
2015-12-06 04:00:38,376 27691 DEBUG    [tempest_lib.common.rest_client] Request - Headers: {'Content-Type': 'application/json', 'Accept': 'application/json', 'X-Auth-Token': '&lt;omitted&gt;'}
        Body: None
    Response - Headers: {'status': '200', 'content-length': '1480', 'content-location': 'http://10.0.2.15:8774/v2.1/5665bc5264aa460781c7bd950828ebcc/servers/55aa71a7-6b70-422d-8fb8-f2cc88d26fc3', 'x-compute-request-id': 'req-a37f36da-4d20-407d-a2d8-4415cd90bd09', 'vary': 'X-OpenStack-Nova-API-Version', 'connection': 'close', 'x-openstack-nova-api-version': '2.1', 'date': 'Sun, 06 Dec 2015 04:00:38 GMT', 'content-type': 'application/json'}
        Body: {"server": {"status": "BUILD", "updated": "2015-12-06T04:00:36Z", "hostId": "dad66a9d3d1da149d3de64f6fd6b0792f47f3c6351e187ddeb30cedc", "addresses": {}, "links": [{"href": "http://10.0.2.15:8774/v2.1/5665bc5264aa460781c7bd950828ebcc/servers/55aa71a7-6b70-422d-8fb8-f2cc88d26fc3", "rel": "self"}, {"href": "http://10.0.2.15:8774/5665bc5264aa460781c7bd950828ebcc/servers/55aa71a7-6b70-422d-8fb8-f2cc88d26fc3", "rel": "bookmark"}], "key_name": "tempest-TestNetworkBasicOps-993438601", "image": {"id": "fbe73db2-2ad6-4e6a-9383-9f24e95a1600", "links": [{"href": "http://10.0.2.15:8774/5665bc5264aa460781c7bd950828ebcc/images/fbe73db2-2ad6-4e6a-9383-9f24e95a1600", "rel": "bookmark"}]}, "OS-EXT-STS:task_state": "spawning", "OS-EXT-STS:vm_state": "building", "OS-SRV-USG:launched_at": null, "flavor": {"id": "42", "links": [{"href": "http://10.0.2.15:8774/5665bc5264aa460781c7bd950828ebcc/flavors/42", "rel": "bookmark"}]}, "id": "55aa71a7-6b70-422d-8fb8-f2cc88d26fc3", "security_groups": [{"name": "tempest-secgroup-smoke-2081518347"}], "OS-SRV-USG:terminated_at": null, "OS-EXT-AZ:availability_zone": "nova", "user_id": "4dbcff00155e423ea72f6dd147e9dea3", "name": "tempest.common.compute-instance-622619864", "created": "2015-12-06T04:00:35Z", "tenant_id": "5665bc5264aa460781c7bd950828ebcc", "OS-DCF:diskConfig": "MANUAL", "os-extended-volumes:volumes_attached": [], "accessIPv4": "", "accessIPv6": "", "progress": 0, "OS-EXT-STS:power_state": 0, "config_drive": "", "metadata": {}}}
2015-12-06 04:00:39,575 27691 INFO     [tempest_lib.common.rest_client] Request (TestNetworkBasicOps:test_update_instance_port_admin_state): 200 GET http://10.0.2.15:8774/v2.1/5665bc5264aa460781c7bd950828ebcc/servers/55aa71a7-6b70-422d-8fb8-f2cc88d26fc3 0.187s
2015-12-06 04:00:39,576 27691 DEBUG    [tempest_lib.common.rest_client] Request - Headers: {'Content-Type': 'application/json', 'Accept': 'application/json', 'X-Auth-Token': '&lt;omitted&gt;'}
        Body: None
    Response - Headers: {'status': '200', 'content-length': '1652', 'content-location': 'http://10.0.2.15:8774/v2.1/5665bc5264aa460781c7bd950828ebcc/servers/55aa71a7-6b70-422d-8fb8-f2cc88d26fc3', 'x-compute-request-id': 'req-0236d38c-5804-4571-8c7b-058ae8707639', 'vary': 'X-OpenStack-Nova-API-Version', 'connection': 'close', 'x-openstack-nova-api-version': '2.1', 'date': 'Sun, 06 Dec 2015 04:00:39 GMT', 'content-type': 'application/json'}
        Body: {"server": {"status": "ACTIVE", "updated": "2015-12-06T04:00:38Z", "hostId": "dad66a9d3d1da149d3de64f6fd6b0792f47f3c6351e187ddeb30cedc", "addresses": {"tempest-network-smoke--1301259596": [{"OS-EXT-IPS-MAC:mac_addr": "fa:16:3e:62:f1:bd", "version": 4, "addr": "10.100.0.3", "OS-EXT-IPS:type": "fixed"}]}, "links": [{"href": "http://10.0.2.15:8774/v2.1/5665bc5264aa460781c7bd950828ebcc/servers/55aa71a7-6b70-422d-8fb8-f2cc88d26fc3", "rel": "self"}, {"href": "http://10.0.2.15:8774/5665bc5264aa460781c7bd950828ebcc/servers/55aa71a7-6b70-422d-8fb8-f2cc88d26fc3", "rel": "bookmark"}], "key_name": "tempest-TestNetworkBasicOps-993438601", "image": {"id": "fbe73db2-2ad6-4e6a-9383-9f24e95a1600", "links": [{"href": "http://10.0.2.15:8774/5665bc5264aa460781c7bd950828ebcc/images/fbe73db2-2ad6-4e6a-9383-9f24e95a1600", "rel": "bookmark"}]}, "OS-EXT-STS:task_state": null, "OS-EXT-STS:vm_state": "active", "OS-SRV-USG:launched_at": "2015-12-06T04:00:38.000000", "flavor": {"id": "42", "links": [{"href": "http://10.0.2.15:8774/5665bc5264aa460781c7bd950828ebcc/flavors/42", "rel": "bookmark"}]}, "id": "55aa71a7-6b70-422d-8fb8-f2cc88d26fc3", "security_groups": [{"name": "tempest-secgroup-smoke-2081518347"}], "OS-SRV-USG:terminated_at": null, "OS-EXT-AZ:availability_zone": "nova", "user_id": "4dbcff00155e423ea72f6dd147e9dea3", "name": "tempest.common.compute-instance-622619864", "created": "2015-12-06T04:00:35Z", "tenant_id": "5665bc5264aa460781c7bd950828ebcc", "OS-DCF:diskConfig": "MANUAL", "os-extended-volumes:volumes_attached": [], "accessIPv4": "", "accessIPv6": "", "progress": 0, "OS-EXT-STS:power_state": 1, "config_drive": "True", "metadata": {}}}
2015-12-06 04:00:39,585 27691 INFO     [tempest.common.waiters] State transition "BUILD/spawning" ==&gt; "ACTIVE/None" after 4 second wait
2015-12-06 04:00:39,816 27691 INFO     [tempest_lib.common.rest_client] Request (TestNetworkBasicOps:test_update_instance_port_admin_state): 200 GET http://10.0.2.15:8774/v2.1/5665bc5264aa460781c7bd950828ebcc/servers/55aa71a7-6b70-422d-8fb8-f2cc88d26fc3 0.231s
2015-12-06 04:00:39,817 27691 DEBUG    [tempest_lib.common.rest_client] Request - Headers: {'Content-Type': 'application/json', 'Accept': 'application/json', 'X-Auth-Token': '&lt;omitted&gt;'}
        Body: None
    Response - Headers: {'status': '200', 'content-length': '1652', 'content-location': 'http://10.0.2.15:8774/v2.1/5665bc5264aa460781c7bd950828ebcc/servers/55aa71a7-6b70-422d-8fb8-f2cc88d26fc3', 'x-compute-request-id': 'req-352a32b5-b9b8-406a-915a-97a2a81929fb', 'vary': 'X-OpenStack-Nova-API-Version', 'connection': 'close', 'x-openstack-nova-api-version': '2.1', 'date': 'Sun, 06 Dec 2015 04:00:39 GMT', 'content-type': 'application/json'}
        Body: {"server": {"status": "ACTIVE", "updated": "2015-12-06T04:00:38Z", "hostId": "dad66a9d3d1da149d3de64f6fd6b0792f47f3c6351e187ddeb30cedc", "addresses": {"tempest-network-smoke--1301259596": [{"OS-EXT-IPS-MAC:mac_addr": "fa:16:3e:62:f1:bd", "version": 4, "addr": "10.100.0.3", "OS-EXT-IPS:type": "fixed"}]}, "links": [{"href": "http://10.0.2.15:8774/v2.1/5665bc5264aa460781c7bd950828ebcc/servers/55aa71a7-6b70-422d-8fb8-f2cc88d26fc3", "rel": "self"}, {"href": "http://10.0.2.15:8774/5665bc5264aa460781c7bd950828ebcc/servers/55aa71a7-6b70-422d-8fb8-f2cc88d26fc3", "rel": "bookmark"}], "key_name": "tempest-TestNetworkBasicOps-993438601", "image": {"id": "fbe73db2-2ad6-4e6a-9383-9f24e95a1600", "links": [{"href": "http://10.0.2.15:8774/5665bc5264aa460781c7bd950828ebcc/images/fbe73db2-2ad6-4e6a-9383-9f24e95a1600", "rel": "bookmark"}]}, "OS-EXT-STS:task_state": null, "OS-EXT-STS:vm_state": "active", "OS-SRV-USG:launched_at": "2015-12-06T04:00:38.000000", "flavor": {"id": "42", "links": [{"href": "http://10.0.2.15:8774/5665bc5264aa460781c7bd950828ebcc/flavors/42", "rel": "bookmark"}]}, "id": "55aa71a7-6b70-422d-8fb8-f2cc88d26fc3", "security_groups": [{"name": "tempest-secgroup-smoke-2081518347"}], "OS-SRV-USG:terminated_at": null, "OS-EXT-AZ:availability_zone": "nova", "user_id": "4dbcff00155e423ea72f6dd147e9dea3", "name": "tempest.common.compute-instance-622619864", "created": "2015-12-06T04:00:35Z", "tenant_id": "5665bc5264aa460781c7bd950828ebcc", "OS-DCF:diskConfig": "MANUAL", "os-extended-volumes:volumes_attached": [], "accessIPv4": "", "accessIPv6": "", "progress": 0, "OS-EXT-STS:power_state": 1, "config_drive": "True", "metadata": {}}}
2015-12-06 04:00:39,825 27691 INFO     [tempest.scenario.manager] Tenant networks not configured to be reachable.
2015-12-06 04:00:39,871 27691 INFO     [tempest_lib.common.rest_client] Request (TestNetworkBasicOps:test_update_instance_port_admin_state): 200 GET http://10.0.2.15:9696/v2.0/ports?status=ACTIVE&amp;fixed_ip=None&amp;device_id=55aa71a7-6b70-422d-8fb8-f2cc88d26fc3 0.045s
2015-12-06 04:00:39,871 27691 DEBUG    [tempest_lib.common.rest_client] Request - Headers: {'Content-Type': 'application/json', 'Accept': 'application/json', 'X-Auth-Token': '&lt;omitted&gt;'}
        Body: None
    Response - Headers: {'status': '200', 'content-length': '895', 'content-location': 'http://10.0.2.15:9696/v2.0/ports?status=ACTIVE&amp;fixed_ip=None&amp;device_id=55aa71a7-6b70-422d-8fb8-f2cc88d26fc3', 'connection': 'close', 'date': 'Sun, 06 Dec 2015 04:00:39 GMT', 'content-type': 'application/json; charset=UTF-8', 'x-openstack-request-id': 'req-62084931-b795-4663-85c9-812175e336f1'}
        Body: {"ports": [{"status": "ACTIVE", "binding:host_id": "vagrant-ubuntu-trusty-64", "allowed_address_pairs": [], "extra_dhcp_opts": [], "dns_assignment": [{"hostname": "host-10-100-0-3", "ip_address": "10.100.0.3", "fqdn": "host-10-100-0-3.openstacklocal."}], "device_owner": "compute:None", "port_security_enabled": true, "binding:profile": {}, "fixed_ips": [{"subnet_id": "3751e92d-59fb-444e-9e3c-3592a8723c94", "ip_address": "10.100.0.3"}], "id": "08407c0a-954d-4f2b-b4a5-5c6a0f7da2f2", "security_groups": ["4ba64737-2131-4381-9628-b10a3c2499d7"], "device_id": "55aa71a7-6b70-422d-8fb8-f2cc88d26fc3", "name": "", "admin_state_up": true, "network_id": "3fbc4666-7a5c-4d32-bfc6-82a3482702c9", "dns_name": "", "binding:vif_details": {"port_filter": true}, "binding:vnic_type": "normal", "binding:vif_type": "ovs", "tenant_id": "5665bc5264aa460781c7bd950828ebcc", "mac_address": "fa:16:3e:62:f1:bd"}]}
2015-12-06 04:00:40,410 27691 INFO     [tempest_lib.common.rest_client] Request (TestNetworkBasicOps:test_update_instance_port_admin_state): 201 POST http://10.0.2.15:9696/v2.0/floatingips 0.537s
2015-12-06 04:00:40,410 27691 DEBUG    [tempest_lib.common.rest_client] Request - Headers: {'Content-Type': 'application/json', 'Accept': 'application/json', 'X-Auth-Token': '&lt;omitted&gt;'}
        Body: {"floatingip": {"floating_network_id": "c651c98e-7a90-4967-b671-9251c9c4ffca", "tenant_id": "5665bc5264aa460781c7bd950828ebcc", "fixed_ip_address": "10.100.0.3", "port_id": "08407c0a-954d-4f2b-b4a5-5c6a0f7da2f2"}}
    Response - Headers: {'status': '201', 'content-length': '368', 'connection': 'close', 'date': 'Sun, 06 Dec 2015 04:00:40 GMT', 'content-type': 'application/json; charset=UTF-8', 'x-openstack-request-id': 'req-c0930c88-7af1-46be-b631-8c1d6a379304'}
        Body: {"floatingip": {"floating_network_id": "c651c98e-7a90-4967-b671-9251c9c4ffca", "router_id": "1c7f0a60-fcc4-47ed-aba3-98152d10a868", "fixed_ip_address": "10.100.0.3", "floating_ip_address": "172.24.4.18", "tenant_id": "5665bc5264aa460781c7bd950828ebcc", "status": "DOWN", "port_id": "08407c0a-954d-4f2b-b4a5-5c6a0f7da2f2", "id": "c5a207a2-b234-4ec5-81db-564171ac4245"}}
2015-12-06 04:00:40,442 27691 INFO     [tempest_lib.common.rest_client] Request (TestNetworkBasicOps:test_update_instance_port_admin_state): 200 GET http://10.0.2.15:9696/v2.0/ports?device_id=55aa71a7-6b70-422d-8fb8-f2cc88d26fc3 0.031s
2015-12-06 04:00:40,443 27691 DEBUG    [tempest_lib.common.rest_client] Request - Headers: {'Content-Type': 'application/json', 'Accept': 'application/json', 'X-Auth-Token': '&lt;omitted&gt;'}
        Body: None
    Response - Headers: {'status': '200', 'content-length': '895', 'content-location': 'http://10.0.2.15:9696/v2.0/ports?device_id=55aa71a7-6b70-422d-8fb8-f2cc88d26fc3', 'connection': 'close', 'date': 'Sun, 06 Dec 2015 04:00:40 GMT', 'content-type': 'application/json; charset=UTF-8', 'x-openstack-request-id': 'req-45958e95-0038-40c8-9527-ac8ea7909557'}
        Body: {"ports": [{"status": "ACTIVE", "binding:host_id": "vagrant-ubuntu-trusty-64", "allowed_address_pairs": [], "extra_dhcp_opts": [], "dns_assignment": [{"hostname": "host-10-100-0-3", "ip_address": "10.100.0.3", "fqdn": "host-10-100-0-3.openstacklocal."}], "device_owner": "compute:None", "port_security_enabled": true, "binding:profile": {}, "fixed_ips": [{"subnet_id": "3751e92d-59fb-444e-9e3c-3592a8723c94", "ip_address": "10.100.0.3"}], "id": "08407c0a-954d-4f2b-b4a5-5c6a0f7da2f2", "security_groups": ["4ba64737-2131-4381-9628-b10a3c2499d7"], "device_id": "55aa71a7-6b70-422d-8fb8-f2cc88d26fc3", "name": "", "admin_state_up": true, "network_id": "3fbc4666-7a5c-4d32-bfc6-82a3482702c9", "dns_name": "", "binding:vif_details": {"port_filter": true}, "binding:vnic_type": "normal", "binding:vif_type": "ovs", "tenant_id": "5665bc5264aa460781c7bd950828ebcc", "mac_address": "fa:16:3e:62:f1:bd"}]}
2015-12-06 04:00:40,455 27691 INFO     [tempest_lib.common.rest_client] Request (TestNetworkBasicOps:test_update_instance_port_admin_state): 200 GET http://10.0.2.15:9696/v2.0/floatingips/c5a207a2-b234-4ec5-81db-564171ac4245 0.011s
2015-12-06 04:00:40,455 27691 DEBUG    [tempest_lib.common.rest_client] Request - Headers: {'Content-Type': 'application/json', 'Accept': 'application/json', 'X-Auth-Token': '&lt;omitted&gt;'}
        Body: None
    Response - Headers: {'status': '200', 'content-length': '368', 'content-location': 'http://10.0.2.15:9696/v2.0/floatingips/c5a207a2-b234-4ec5-81db-564171ac4245', 'connection': 'close', 'date': 'Sun, 06 Dec 2015 04:00:40 GMT', 'content-type': 'application/json; charset=UTF-8', 'x-openstack-request-id': 'req-2510700d-d196-4048-a731-2845e33e1089'}
        Body: {"floatingip": {"floating_network_id": "c651c98e-7a90-4967-b671-9251c9c4ffca", "router_id": "1c7f0a60-fcc4-47ed-aba3-98152d10a868", "fixed_ip_address": "10.100.0.3", "floating_ip_address": "172.24.4.18", "tenant_id": "5665bc5264aa460781c7bd950828ebcc", "status": "DOWN", "port_id": "08407c0a-954d-4f2b-b4a5-5c6a0f7da2f2", "id": "c5a207a2-b234-4ec5-81db-564171ac4245"}}
2015-12-06 04:00:41,468 27691 INFO     [tempest_lib.common.rest_client] Request (TestNetworkBasicOps:test_update_instance_port_admin_state): 200 GET http://10.0.2.15:9696/v2.0/floatingips/c5a207a2-b234-4ec5-81db-564171ac4245 0.011s
2015-12-06 04:00:41,468 27691 DEBUG    [tempest_lib.common.rest_client] Request - Headers: {'Content-Type': 'application/json', 'Accept': 'application/json', 'X-Auth-Token': '&lt;omitted&gt;'}
        Body: None
    Response - Headers: {'status': '200', 'content-length': '370', 'content-location': 'http://10.0.2.15:9696/v2.0/floatingips/c5a207a2-b234-4ec5-81db-564171ac4245', 'connection': 'close', 'date': 'Sun, 06 Dec 2015 04:00:41 GMT', 'content-type': 'application/json; charset=UTF-8', 'x-openstack-request-id': 'req-1e922d9d-a9eb-4b44-9597-f47800201e3e'}
        Body: {"floatingip": {"floating_network_id": "c651c98e-7a90-4967-b671-9251c9c4ffca", "router_id": "1c7f0a60-fcc4-47ed-aba3-98152d10a868", "fixed_ip_address": "10.100.0.3", "floating_ip_address": "172.24.4.18", "tenant_id": "5665bc5264aa460781c7bd950828ebcc", "status": "ACTIVE", "port_id": "08407c0a-954d-4f2b-b4a5-5c6a0f7da2f2", "id": "c5a207a2-b234-4ec5-81db-564171ac4245"}}
2015-12-06 04:00:41,469 27691 INFO     [tempest.scenario.manager] FloatingIP: &lt;"FloatingIP" addr="172.24.4.18" id="c5a207a2-b234-4ec5-81db-564171ac4245"&gt; is at status: ACTIVE
2015-12-06 04:00:41,470 27691 DEBUG    [tempest.scenario.manager] checking network connections to IP 172.24.4.18 with user: cirros
2015-12-06 04:00:41,470 27691 DEBUG    [tempest.scenario.manager] TestNetworkBasicOps:test_update_instance_port_admin_state begins to ping 172.24.4.18 in 120 sec and the expected result is reachable
2015-12-06 04:01:01,547 27691 DEBUG    [tempest.scenario.manager] TestNetworkBasicOps:test_update_instance_port_admin_state finishes ping 172.24.4.18 in 120 sec and the ping result is expected
2015-12-06 04:01:01,549 27691 INFO     [tempest_lib.common.ssh] Creating ssh connection to '172.24.4.18' as 'cirros' with public key authentication
2015-12-06 04:01:01,556 27691 WARNING  [tempest_lib.common.ssh] Failed to establish authenticated ssh connection to cirros@172.24.4.18 ([Errno None] Unable to connect to port 22 on  or 172.24.4.18). Number attempts: 1. Retry after 2 seconds.
2015-12-06 04:01:04,208 27691 INFO     [paramiko.transport] Connected (version 2.0, client dropbear_2012.55)
2015-12-06 04:01:04,692 27691 INFO     [paramiko.transport] Authentication (publickey) successful!
2015-12-06 04:01:04,718 27691 INFO     [tempest_lib.common.ssh] ssh connection to cirros@172.24.4.18 successfuly created
2015-12-06 04:01:05,086 27691 INFO     [tempest_lib.common.rest_client] Request (TestNetworkBasicOps:test_update_instance_port_admin_state): 200 PUT http://10.0.2.15:9696/v2.0/ports/08407c0a-954d-4f2b-b4a5-5c6a0f7da2f2 0.252s
2015-12-06 04:01:05,086 27691 DEBUG    [tempest_lib.common.rest_client] Request - Headers: {'Content-Type': 'application/json', 'Accept': 'application/json', 'X-Auth-Token': '&lt;omitted&gt;'}
        Body: {"port": {"admin_state_up": false}}
    Response - Headers: {'status': '200', 'content-length': '750', 'connection': 'close', 'date': 'Sun, 06 Dec 2015 04:01:05 GMT', 'content-type': 'application/json; charset=UTF-8', 'x-openstack-request-id': 'req-fc8d3f39-318a-4a10-82d5-e7b74e14cb3c'}
        Body: {"port": {"status": "ACTIVE", "name": "", "allowed_address_pairs": [], "admin_state_up": false, "network_id": "3fbc4666-7a5c-4d32-bfc6-82a3482702c9", "dns_name": "", "extra_dhcp_opts": [], "mac_address": "fa:16:3e:62:f1:bd", "dns_assignment": [{"hostname": "host-10-100-0-3", "ip_address": "10.100.0.3", "fqdn": "host-10-100-0-3.openstacklocal."}], "binding:vnic_type": "normal", "device_owner": "compute:None", "tenant_id": "5665bc5264aa460781c7bd950828ebcc", "port_security_enabled": true, "fixed_ips": [{"subnet_id": "3751e92d-59fb-444e-9e3c-3592a8723c94", "ip_address": "10.100.0.3"}], "id": "08407c0a-954d-4f2b-b4a5-5c6a0f7da2f2", "security_groups": ["4ba64737-2131-4381-9628-b10a3c2499d7"], "device_id": "55aa71a7-6b70-422d-8fb8-f2cc88d26fc3"}}
2015-12-06 04:01:05,087 27691 DEBUG    [tempest.scenario.manager] checking network connections to IP 172.24.4.18 with user: cirros
2015-12-06 04:01:05,087 27691 DEBUG    [tempest.scenario.manager] TestNetworkBasicOps:test_update_instance_port_admin_state begins to ping 172.24.4.18 in 120 sec and the expected result is unreachable
2015-12-06 04:03:05,583 27691 DEBUG    [tempest.scenario.manager] TestNetworkBasicOps:test_update_instance_port_admin_state finishes ping 172.24.4.18 in 120 sec and the ping result is unexpected
2015-12-06 04:03:05,585 27691 ERROR    [tempest.scenario.manager] Public network connectivity check failed: after updating admin_state_up of instance port to False
2015-12-06 04:03:05.585 27691 ERROR tempest.scenario.manager Traceback (most recent call last):
2015-12-06 04:03:05.585 27691 ERROR tempest.scenario.manager   File "tempest/scenario/manager.py", line 606, in check_public_network_connectivity
2015-12-06 04:03:05.585 27691 ERROR tempest.scenario.manager     should_connect=should_connect)
2015-12-06 04:03:05.585 27691 ERROR tempest.scenario.manager   File "tempest/scenario/manager.py", line 590, in check_vm_connectivity
2015-12-06 04:03:05.585 27691 ERROR tempest.scenario.manager     msg=msg)
2015-12-06 04:03:05.585 27691 ERROR tempest.scenario.manager   File "/usr/local/lib/python2.7/dist-packages/unittest2/case.py", line 702, in assertTrue
2015-12-06 04:03:05.585 27691 ERROR tempest.scenario.manager     raise self.failureException(msg)
2015-12-06 04:03:05.585 27691 ERROR tempest.scenario.manager AssertionError: False is not true : ip address 172.24.4.18 is reachable
2015-12-06 04:03:05.585 27691 ERROR tempest.scenario.manager 
2015-12-06 04:03:05,794 27691 INFO     [tempest_lib.common.rest_client] Request (TestNetworkBasicOps:test_update_instance_port_admin_state): 200 POST http://10.0.2.15:8774/v2.1/5665bc5264aa460781c7bd950828ebcc/servers/55aa71a7-6b70-422d-8fb8-f2cc88d26fc3/action 0.204s
2015-12-06 04:03:05,795 27691 DEBUG    [tempest_lib.common.rest_client] Request - Headers: {'Content-Type': 'application/json', 'Accept': 'application/json', 'X-Auth-Token': '&lt;omitted&gt;'}
        Body: {"os-getConsoleOutput": {}}
    Response - Headers: {'status': '200', 'content-length': '19741', 'x-compute-request-id': 'req-a1c21f10-0b2b-4475-959e-2b499c3d7cc6', 'vary': 'X-OpenStack-Nova-API-Version', 'connection': 'close', 'x-openstack-nova-api-version': '2.1', 'date': 'Sun, 06 Dec 2015 04:03:05 GMT', 'content-type': 'application/json'}
        Body: {"output": "[    0.000000] Initializing cgroup subsys cpuset\n[    0.000000] Initializing cgroup subsys cpu\n[    0.000000] Linux version 3.2.0-80-virtual (buildd@batsu) (gcc version 4.6.3 (Ubuntu/Linaro 4.6.3-1ubuntu5) ) #116-Ubuntu SMP Mon Mar 23 17:28:52 UTC 2015 (Ubuntu 3.2.0-80.116-virtual 3.2.68)\n[    0.000000] Command line: root=/dev/vda console=tty0 console=ttyS0 no_timer_check\n[    0.000000] KERNEL supported cpus:\n[    0.000000]   Intel GenuineIntel\n[    0.000000]   AMD AuthenticAMD\n[    0.000000]   Centaur CentaurHauls\n[    0.000000] BIOS-provided physical RAM map:\n[    0.000000]  BIOS-e820: 0000000000000000 - 000000000009fc00 (usable)\n[    0.000000]  BIOS-e820: 000000000009fc00 - 00000000000a0000 (reserved)\n[    0.000000]  BIOS-e820: 00000000000f0000 - 0000000000100000 (reserved)\n[    0.000000]  BIOS-e820: 0000000000100000 - 0000000003ffe000 (usable)\n[    0.000000]  BIOS-e820: 0000000003ffe000 - 0000000004000000 (reserved)\n[    0.000000]  BIOS-e820: 00000000fffc0000 - 0000000100000000 (reserved)\n[    0.000000] NX (Execute Disable) protection: active\n[    0.000000] SMBIOS 2.4 present.\n[    0.000000] No AGP bridge found\n[    0.000000] last_pfn = 0x3ffe max_arch_pfn = 0x400000000\n[    0.000000] x86 PAT enabled: cpu 0, old 0x7040600070406, new 0x7010600070106\n[    0.000000] found SMP MP-table at [ffff8800000f0b00] f0b00\n[    0.000000] init_memory_mapping: 0000000000000000-0000000003ffe000\n[    0.000000] RAMDISK: 03c5e000 - 03ff0000\n[    0.000000] ACPI: RSDP 00000000000f0950 00014 (v00 BOCHS )\n[    0.000000] ACPI: RSDT 0000000003fffbc1 00034 (v01 BOCHS  BXPCRSDT 00000001 BXPC 00000001)\n[    0.000000] ACPI: FACP 0000000003fff1c0 00074 (v01 BOCHS  BXPCFACP 00000001 BXPC 00000001)\n[    0.000000] ACPI: DSDT 0000000003ffe040 01180 (v01 BOCHS  BXPCDSDT 00000001 BXPC 00000001)\n[    0.000000] ACPI: FACS 0000000003ffe000 00040\n[    0.000000] ACPI: SSDT 0000000003fff234 008DD (v01 BOCHS  BXPCSSDT 00000001 BXPC 00000001)\n[    0.000000] ACPI: APIC 0000000003fffb11 00078 (v01 BOCHS  BXPCAPIC 00000001 BXPC 00000001)\n[    0.000000] ACPI: HPET 0000000003fffb89 00038 (v01 BOCHS  BXPCHPET 00000001 BXPC 00000001)\n[    0.000000] No NUMA configuration found\n[    0.000000] Faking a node at 0000000000000000-0000000003ffe000\n[    0.000000] Initmem setup node 0 0000000000000000-0000000003ffe000\n[    0.000000]   NODE_DATA [0000000003ff6000 - 0000000003ffafff]\n[    0.000000] Zone PFN ranges:\n[    0.000000]   DMA      0x00000010 -&gt; 0x00001000\n[    0.000000]   DMA32    0x00001000 -&gt; 0x00100000\n[    0.000000]   Normal   empty\n[    0.000000] Movable zone start PFN for each node\n[    0.000000] early_node_map[2] active PFN ranges\n[    0.000000]     0: 0x00000010 -&gt; 0x0000009f\n[    0.000000]     0: 0x00000100 -&gt; 0x00003ffe\n[    0.000000] ACPI: PM-Timer IO Port: 0xb008\n[    0.000000] ACPI: LAPIC (acpi_id[0x00] lapic_id[0x00] enabled)\n[    0.000000] ACPI: LAPIC_NMI (acpi_id[0xff] dfl dfl lint[0x1])\n[    0.000000] ACPI: IOAPIC (id[0x00] address[0xfec00000] gsi_base[0])\n[    0.000000] IOAPIC[0]: apic_id 0, version 17, address 0xfec00000, GSI 0-23\n[    0.000000] ACPI: INT_SRC_OVR (bus 0 bus_irq 0 global_irq 2 dfl dfl)\n[    0.000000] ACPI: INT_SRC_OVR (bus 0 bus_irq 5 global_irq 5 high level)\n[    0.000000] ACPI: INT_SRC_OVR (bus 0 bus_irq 9 global_irq 9 high level)\n[    0.000000] ACPI: INT_SRC_OVR (bus 0 bus_irq 10 global_irq 10 high level)\n[    0.000000] ACPI: INT_SRC_OVR (bus 0 bus_irq 11 global_irq 11 high level)\n[    0.000000] Using ACPI (MADT) for SMP configuration information\n[    0.000000] ACPI: HPET id: 0x8086a201 base: 0xfed00000\n[    0.000000] SMP: Allowing 1 CPUs, 0 hotplug CPUs\n[    0.000000] PM: Registered nosave memory: 000000000009f000 - 00000000000a0000\n[    0.000000] PM: Registered nosave memory: 00000000000a0000 - 00000000000f0000\n[    0.000000] PM: Registered nosave memory: 00000000000f0000 - 0000000000100000\n[    0.000000] Allocating PCI resources starting at 4000000 (gap: 4000000:fbfc0000)\n[    0.000000] Booting paravirtualized kernel on bare hardware\n[    0.000000] setup_pe
2015-12-06 04:03:05,797 27691 DEBUG    [tempest.scenario.manager] Console output for 55aa71a7-6b70-422d-8fb8-f2cc88d26fc3
body=
[    0.000000] Initializing cgroup subsys cpuset
[    0.000000] Initializing cgroup subsys cpu
[    0.000000] Linux version 3.2.0-80-virtual (buildd@batsu) (gcc version 4.6.3 (Ubuntu/Linaro 4.6.3-1ubuntu5) ) #116-Ubuntu SMP Mon Mar 23 17:28:52 UTC 2015 (Ubuntu 3.2.0-80.116-virtual 3.2.68)
[    0.000000] Command line: root=/dev/vda console=tty0 console=ttyS0 no_timer_check
[    0.000000] KERNEL supported cpus:
[    0.000000]   Intel GenuineIntel
[    0.000000]   AMD AuthenticAMD
[    0.000000]   Centaur CentaurHauls
[    0.000000] BIOS-provided physical RAM map:
[    0.000000]  BIOS-e820: 0000000000000000 - 000000000009fc00 (usable)
[    0.000000]  BIOS-e820: 000000000009fc00 - 00000000000a0000 (reserved)
[    0.000000]  BIOS-e820: 00000000000f0000 - 0000000000100000 (reserved)
[    0.000000]  BIOS-e820: 0000000000100000 - 0000000003ffe000 (usable)
[    0.000000]  BIOS-e820: 0000000003ffe000 - 0000000004000000 (reserved)
[    0.000000]  BIOS-e820: 00000000fffc0000 - 0000000100000000 (reserved)
[    0.000000] NX (Execute Disable) protection: active
[    0.000000] SMBIOS 2.4 present.
[    0.000000] No AGP bridge found
[    0.000000] last_pfn = 0x3ffe max_arch_pfn = 0x400000000
[    0.000000] x86 PAT enabled: cpu 0, old 0x7040600070406, new 0x7010600070106
[    0.000000] found SMP MP-table at [ffff8800000f0b00] f0b00
[    0.000000] init_memory_mapping: 0000000000000000-0000000003ffe000
[    0.000000] RAMDISK: 03c5e000 - 03ff0000
[    0.000000] ACPI: RSDP 00000000000f0950 00014 (v00 BOCHS )
[    0.000000] ACPI: RSDT 0000000003fffbc1 00034 (v01 BOCHS  BXPCRSDT 00000001 BXPC 00000001)
[    0.000000] ACPI: FACP 0000000003fff1c0 00074 (v01 BOCHS  BXPCFACP 00000001 BXPC 00000001)
[    0.000000] ACPI: DSDT 0000000003ffe040 01180 (v01 BOCHS  BXPCDSDT 00000001 BXPC 00000001)
[    0.000000] ACPI: FACS 0000000003ffe000 00040
[    0.000000] ACPI: SSDT 0000000003fff234 008DD (v01 BOCHS  BXPCSSDT 00000001 BXPC 00000001)
[    0.000000] ACPI: APIC 0000000003fffb11 00078 (v01 BOCHS  BXPCAPIC 00000001 BXPC 00000001)
[    0.000000] ACPI: HPET 0000000003fffb89 00038 (v01 BOCHS  BXPCHPET 00000001 BXPC 00000001)
[    0.000000] No NUMA configuration found
[    0.000000] Faking a node at 0000000000000000-0000000003ffe000
[    0.000000] Initmem setup node 0 0000000000000000-0000000003ffe000
[    0.000000]   NODE_DATA [0000000003ff6000 - 0000000003ffafff]
[    0.000000] Zone PFN ranges:
[    0.000000]   DMA      0x00000010 -&gt; 0x00001000
[    0.000000]   DMA32    0x00001000 -&gt; 0x00100000
[    0.000000]   Normal   empty
[    0.000000] Movable zone start PFN for each node
[    0.000000] early_node_map[2] active PFN ranges
[    0.000000]     0: 0x00000010 -&gt; 0x0000009f
[    0.000000]     0: 0x00000100 -&gt; 0x00003ffe
[    0.000000] ACPI: PM-Timer IO Port: 0xb008
[    0.000000] ACPI: LAPIC (acpi_id[0x00] lapic_id[0x00] enabled)
[    0.000000] ACPI: LAPIC_NMI (acpi_id[0xff] dfl dfl lint[0x1])
[    0.000000] ACPI: IOAPIC (id[0x00] address[0xfec00000] gsi_base[0])
[    0.000000] IOAPIC[0]: apic_id 0, version 17, address 0xfec00000, GSI 0-23
[    0.000000] ACPI: INT_SRC_OVR (bus 0 bus_irq 0 global_irq 2 dfl dfl)
[    0.000000] ACPI: INT_SRC_OVR (bus 0 bus_irq 5 global_irq 5 high level)
[    0.000000] ACPI: INT_SRC_OVR (bus 0 bus_irq 9 global_irq 9 high level)
[    0.000000] ACPI: INT_SRC_OVR (bus 0 bus_irq 10 global_irq 10 high level)
[    0.000000] ACPI: INT_SRC_OVR (bus 0 bus_irq 11 global_irq 11 high level)
[    0.000000] Using ACPI (MADT) for SMP configuration information
[    0.000000] ACPI: HPET id: 0x8086a201 base: 0xfed00000
[    0.000000] SMP: Allowing 1 CPUs, 0 hotplug CPUs
[    0.000000] PM: Registered nosave memory: 000000000009f000 - 00000000000a0000
[    0.000000] PM: Registered nosave memory: 00000000000a0000 - 00000000000f0000
[    0.000000] PM: Registered nosave memory: 00000000000f0000 - 0000000000100000
[    0.000000] Allocating PCI resources starting at 4000000 (gap: 4000000:fbfc0000)
[    0.000000] Booting paravirtualized kernel on bare hardware
[    0.000000] setup_percpu: NR_CPUS:64 nr_cpumask_bits:64 nr_cpu_ids:1 nr_node_ids:1
[    0.000000] PERCPU: Embedded 27 pages/cpu @ffff880003a00000 s78848 r8192 d23552 u2097152
[    0.000000] Built 1 zonelists in Node order, mobility grouping on.  Total pages: 16008
[    0.000000] Policy zone: DMA32
[    0.000000] Kernel command line: root=/dev/vda console=tty0 console=ttyS0 no_timer_check
[    0.000000] PID hash table entries: 256 (order: -1, 2048 bytes)
[    0.000000] Checking aperture...
[    0.000000] No AGP bridge found
[    0.000000] Memory: 43492k/65528k available (6576k kernel code, 452k absent, 21584k reserved, 6620k data, 928k init)
[    0.000000] SLUB: Genslabs=15, HWalign=64, Order=0-3, MinObjects=0, CPUs=1, Nodes=1
[    0.000000] Hierarchical RCU implementation.
[    0.000000] 	RCU dyntick-idle grace-period acceleration is enabled.
[    0.000000] NR_IRQS:4352 nr_irqs:256 16
[    0.000000] Console: colour VGA+ 80x25
[    0.000000] console [tty0] enabled
[    0.000000] console [ttyS0] enabled
[    0.000000] allocated 1048576 bytes of page_cgroup
[    0.000000] please try 'cgroup_disable=memory' option if you don't want memory cgroups
[    0.000000] Fast TSC calibration failed
[    0.000000] TSC: Unable to calibrate against PIT
[    0.000000] TSC: using HPET reference calibration
[    0.000000] Detected 2292.811 MHz processor.
[    0.032747] Calibrating delay loop (skipped), value calculated using timer frequency.. 4585.62 BogoMIPS (lpj=9171244)
[    0.034548] pid_max: default: 32768 minimum: 301
[    0.042591] Security Framework initialized
[    0.047372] AppArmor: AppArmor initialized
[    0.048140] Yama: becoming mindful.
[    0.056508] Dentry cache hash table entries: 8192 (order: 4, 65536 bytes)
[    0.058129] Inode-cache hash table entries: 4096 (order: 3, 32768 bytes)
[    0.060843] Mount-cache hash table entries: 256
[    0.088085] Initializing cgroup subsys cpuacct
[    0.088994] Initializing cgroup subsys memory
[    0.090560] Initializing cgroup subsys devices
[    0.091238] Initializing cgroup subsys freezer
[    0.092139] Initializing cgroup subsys blkio
[    0.092842] Initializing cgroup subsys perf_event
[    0.098095] mce: CPU supports 10 MCE banks
[    0.102097] SMP alternatives: switching to UP code
[    0.512474] Freeing SMP alternatives: 24k freed
[    0.514256] ACPI: Core revision 20110623
[    0.562047] ftrace: allocating 26610 entries in 105 pages
[    0.593387] ..TIMER: vector=0x30 apic1=0 pin1=2 apic2=-1 pin2=-1
[    0.594953] CPU0: AMD QEMU Virtual CPU version 2.0.0 stepping 03
[    0.600036] Performance Events: Broken PMU hardware detected, using software events only.
[    0.608983] NMI watchdog disabled (cpu0): hardware events not enabled
[    0.610644] Brought up 1 CPUs
[    0.611168] Total of 1 processors activated (4585.62 BogoMIPS).
[    0.644636] devtmpfs: initialized
[    0.684426] EVM: security.selinux
[    0.684949] EVM: security.SMACK64
[    0.685393] EVM: security.capability
[    0.709099] print_constraints: dummy: 
[    0.711206] RTC time:  4:00:42, date: 12/06/15
[    0.714095] NET: Registered protocol family 16
[    0.723242] ACPI: bus type pci registered
[    0.726927] PCI: Using configuration type 1 for base access
[    0.761033] bio: create slab &lt;bio-0&gt; at 0
[    0.766530] ACPI: Added _OSI(Module Device)
[    0.767146] ACPI: Added _OSI(Processor Device)
[    0.768230] ACPI: Added _OSI(3.0 _SCP Extensions)
[    0.769071] ACPI: Added _OSI(Processor Aggregator Device)
[    0.849608] ACPI: Interpreter enabled
[    0.850133] ACPI: (supports S0 S3 S4 S5)
[    0.852487] ACPI: Using IOAPIC for interrupt routing
[    0.928360] ACPI: No dock devices found.
[    0.929076] HEST: Table not found.
[    0.929938] PCI: Using host bridge windows from ACPI; if necessary, use "pci=nocrs" and report a bug
[    0.937287] ACPI: PCI Root Bridge [PCI0] (domain 0000 [bus 00-ff])
[    0.943363] pci_root PNP0A03:00: host bridge window [io  0x0000-0x0cf7]
[    0.944169] pci_root PNP0A03:00: host bridge window [io  0x0d00-0xadff]
[    0.945823] pci_root PNP0A03:00: host bridge window [io  0xae0f-0xaeff]
[    0.948126] pci_root PNP0A03:00: host bridge window [io  0xaf20-0xafdf]
[    0.949046] pci_root PNP0A03:00: host bridge window [io  0xafe4-0xffff]
[    0.949934] pci_root PNP0A03:00: host bridge window [mem 0x000a0000-0x000bffff]
[    0.952120] pci_root PNP0A03:00: host bridge window [mem 0x04000000-0xfebfffff]
[    0.977100] pci 0000:00:01.3: quirk: [io  0xb000-0xb03f] claimed by PIIX4 ACPI
[    0.978074] pci 0000:00:01.3: quirk: [io  0xb100-0xb10f] claimed by PIIX4 SMB
[    1.054359]  pci0000:00: Unable to request _OSC control (_OSC support mask: 0x1e)
[    1.116221] ACPI: PCI Interrupt Link [LNKA] (IRQs 5 *10 11)
[    1.118439] ACPI: PCI Interrupt Link [LNKB] (IRQs 5 *10 11)
[    1.120983] ACPI: PCI Interrupt Link [LNKC] (IRQs 5 10 *11)
[    1.122714] ACPI: PCI Interrupt Link [LNKD] (IRQs 5 10 *11)
[    1.125105] ACPI: PCI Interrupt Link [LNKS] (IRQs *9)
[    1.132573] vgaarb: device added: PCI:0000:00:02.0,decodes=io+mem,owns=io+mem,locks=none
[    1.133702] vgaarb: loaded
[    1.134086] vgaarb: bridge control possible 0000:00:02.0
[    1.138023] i2c-core: driver [aat2870] using legacy suspend method
[    1.138720] i2c-core: driver [aat2870] using legacy resume method
[    1.142106] SCSI subsystem initialized
[    1.146041] usbcore: registered new interface driver usbfs
[    1.147193] usbcore: registered new interface driver hub
[    1.148907] usbcore: registered new device driver usb
[    1.153429] PCI: Using ACPI for IRQ routing
[    1.165278] NetLabel: Initializing
[    1.165923] NetLabel:  domain hash size = 128
[    1.166438] NetLabel:  protocols = UNLABELED CIPSOv4
[    1.169067] NetLabel:  unlabeled traffic allowed by default
[    1.171300] HPET: 3 timers in total, 0 timers will be used for per-cpu timer
[    1.172470] hpet0: at MMIO 0xfed00000, IRQs 2, 8, 0
[    1.173410] hpet0: 3 comparators, 64-bit 100.000000 MHz counter
[    1.182584] Switching to clocksource hpet
[    1.447592] AppArmor: AppArmor Filesystem Enabled
[    1.449950] pnp: PnP ACPI init
[    1.450314] ACPI: bus type pnp registered
[    1.474709] pnp: PnP ACPI: found 9 devices
[    1.475278] ACPI: ACPI bus type pnp unregistered
[    1.540068] NET: Registered protocol family 2
[    1.586337] IP route cache hash table entries: 512 (order: 0, 4096 bytes)
[    1.593896] TCP established hash table entries: 2048 (order: 3, 32768 bytes)
[    1.595464] TCP bind hash table entries: 2048 (order: 3, 32768 bytes)
[    1.597322] TCP: Hash tables configured (established 2048 bind 2048)
[    1.598254] TCP reno registered
[    1.598834] UDP hash table entries: 128 (order: 0, 4096 bytes)
[    1.599691] UDP-Lite hash table entries: 128 (order: 0, 4096 bytes)
[    1.603066] NET: Registered protocol family 1
[    1.603945] pci 0000:00:00.0: Limiting direct PCI/PCI transfers
[    1.605560] pci 0000:00:01.0: PIIX3: Enabling Passive Release
[    1.606713] pci 0000:00:01.0: Activating ISA DMA hang workarounds
[    1.611708] ACPI: PCI Interrupt Link [LNKD] enabled at IRQ 11
[    1.613764] pci 0000:00:01.2: PCI INT D -&gt; Link[LNKD] -&gt; GSI 11 (level, high) -&gt; IRQ 11
[    1.615657] pci 0000:00:01.2: PCI INT D disabled
[    1.635381] Trying to unpack rootfs image as initramfs...
[    1.653412] audit: initializing netlink socket (disabled)
[    1.654832] type=2000 audit(1449374442.652:1): initialized
[    1.959798] HugeTLB registered 2 MB page size, pre-allocated 0 pages
[    2.039660] VFS: Disk quotas dquot_6.5.2
[    2.042282] Dquot-cache hash table entries: 512 (order 0, 4096 bytes)
[    2.066074] fuse init (API version 7.17)
[    2.075161] msgmni has been set to 84
[    2.119769] Block layer SCSI generic (bsg) driver version 0.4 loaded (major 253)
[    2.127214] io scheduler noop registered
[    2.127993] io scheduler deadline registered (default)
[    2.130259] io scheduler cfq registered
[    2.134216] pci_hotplug: PCI Hot Plug PCI Core version: 0.5
[    2.137305] pciehp: PCI Express Hot Plug Controller Driver version: 0.4
[    2.143315] input: Power Button as /devices/LNXSYSTM:00/LNXPWRBN:00/input/input0
[    2.145727] ACPI: Power Button [PWRF]
[    2.200119] ERST: Table is not found!
[    2.201737] GHES: HEST is not enabled!
[    2.218709] ACPI: PCI Interrupt Link [LNKC] enabled at IRQ 10
[    2.219539] virtio-pci 0000:00:03.0: PCI INT A -&gt; Link[LNKC] -&gt; GSI 10 (level, high) -&gt; IRQ 10
[    2.223774] virtio-pci 0000:00:04.0: PCI INT A -&gt; Link[LNKD] -&gt; GSI 11 (level, high) -&gt; IRQ 11
[    2.234294] ACPI: PCI Interrupt Link [LNKA] enabled at IRQ 10
[    2.234934] virtio-pci 0000:00:05.0: PCI INT A -&gt; Link[LNKA] -&gt; GSI 10 (level, high) -&gt; IRQ 10
[    2.249720] Serial: 8250/16550 driver, 32 ports, IRQ sharing enabled
[    2.295100] serial8250: ttyS0 at I/O 0x3f8 (irq = 4) is a 16550A
[    2.389269] serial8250: ttyS1 at I/O 0x2f8 (irq = 3) is a 16550A
[    2.530429] 00:05: ttyS0 at I/O 0x3f8 (irq = 4) is a 16550A
[    2.618251] 00:06: ttyS1 at I/O 0x2f8 (irq = 3) is a 16550A
[    2.622282] Refined TSC clocksource calibration: 2292.856 MHz.
[    2.623073] Switching to clocksource tsc
[    2.671391] Linux agpgart interface v0.103
[    2.738641] brd: module loaded
[    2.763610] loop: module loaded
[    2.823400]  vda: unknown partition table
[    2.901884] scsi0 : ata_piix
[    2.905000] scsi1 : ata_piix
[    2.906215] ata1: PATA max MWDMA2 cmd 0x1f0 ctl 0x3f6 bmdma 0xc0a0 irq 14
[    2.907036] ata2: PATA max MWDMA2 cmd 0x170 ctl 0x376 bmdma 0xc0a8 irq 15
[    2.917472] Fixed MDIO Bus: probed
[    2.918323] tun: Universal TUN/TAP device driver, 1.6
[    2.918958] tun: (C) 1999-2004 Max Krasnyansky &lt;maxk@qualcomm.com&gt;
[    2.933934] PPP generic driver version 2.4.2
[    2.957717] ehci_hcd: USB 2.0 'Enhanced' Host Controller (EHCI) Driver
[    2.959025] ohci_hcd: USB 1.1 'Open' Host Controller (OHCI) Driver
[    2.960019] uhci_hcd: USB Universal Host Controller Interface driver
[    2.962010] uhci_hcd 0000:00:01.2: PCI INT D -&gt; Link[LNKD] -&gt; GSI 11 (level, high) -&gt; IRQ 11
[    2.965600] uhci_hcd 0000:00:01.2: UHCI Host Controller
[    2.978446] uhci_hcd 0000:00:01.2: new USB bus registered, assigned bus number 1
[    2.981541] uhci_hcd 0000:00:01.2: irq 11, io base 0x0000c040
[    3.009866] hub 1-0:1.0: USB hub found
[    3.011409] hub 1-0:1.0: 2 ports detected
[    3.019392] usbcore: registered new interface driver libusual
[    3.023128] i8042: PNP: PS/2 Controller [PNP0303:KBD,PNP0f13:MOU] at 0x60,0x64 irq 1,12
[    3.030571] serio: i8042 KBD port at 0x60,0x64 irq 1
[    3.031669] serio: i8042 AUX port at 0x60,0x64 irq 12
[    3.071295] mousedev: PS/2 mouse device common for all mice
[    3.083146] input: AT Translated Set 2 keyboard as /devices/platform/i8042/serio0/input/input1
[    3.087301] rtc_cmos 00:01: RTC can wake from S4
[    3.097894] rtc_cmos 00:01: rtc core: registered rtc_cmos as rtc0
[    3.103759] rtc0: alarms up to one day, 114 bytes nvram, hpet irqs
[    3.108115] device-mapper: uevent: version 1.0.3
[    3.133630] device-mapper: ioctl: 4.22.0-ioctl (2011-10-19) initialised: dm-devel@redhat.com
[    3.136031] cpuidle: using governor ladder
[    3.137563] cpuidle: using governor menu
[    3.138830] EFI Variables Facility v0.08 2004-May-17
[    3.149266] TCP cubic registered
[    3.154200] NET: Registered protocol family 10
[    3.185099] NET: Registered protocol family 17
[    3.186702] Registering the dns_resolver key type
[    3.199353] ata2.01: ATAPI: QEMU DVD-ROM, 2.0.0, max UDMA/100
[    3.210829] ata2.01: configured for MWDMA2
[    3.234273] scsi 1:0:1:0: CD-ROM            QEMU     QEMU DVD-ROM     2.0. PQ: 0 ANSI: 5
[    3.256889] sr0: scsi3-mmc drive: 4x/4x cd/rw xa/form2 tray
[    3.259542] cdrom: Uniform CD-ROM driver Revision: 3.20
[    3.276981] sr 1:0:1:0: Attached scsi generic sg0 type 5
[    3.313530] registered taskstats version 1
[    3.411823] Freeing initrd memory: 3656k freed
[    3.923231]   Magic number: 11:868:8
[    3.939530] rtc_cmos 00:01: setting system clock to 2015-12-06 04:00:45 UTC (1449374445)
[    3.941357] powernow-k8: Processor cpuid 663 not supported
[    3.948640] BIOS EDD facility v0.16 2004-Jun-25, 0 devices found
[    3.950878] EDD information not available.
[    4.013798] Freeing unused kernel memory: 928k freed
[    4.019441] Write protecting the kernel read-only data: 12288k
[    4.141273] Freeing unused kernel memory: 1596k freed
[    4.210582] Freeing unused kernel memory: 1184k freed

info: initramfs: up at 4.38
modprobe: module virtio_blk not found in modules.dep
modprobe: module virtio_net not found in modules.dep
info: copying initramfs to /dev/vda
info: initramfs loading root from /dev/vda
info: /etc/init.d/rc.sysinit: up at 9.53
info: container: none
Starting logging: OK
modprobe: module virtio_blk not found in modules.dep
modprobe: module virtio_net not found in modules.dep
WARN: /etc/rc3.d/S10-load-modules failed
Initializing random number generator... done.
Starting acpid: OK
cirros-ds 'local' up at 12.27
found datasource (configdrive, local)
Starting network...
udhcpc (v1.20.1) started
Sending discover...
Sending select for 10.100.0.3...
Lease of 10.100.0.3 obtained, lease time 86400
route: SIOCADDRT: File exists
WARN: failed: route add -net "0.0.0.0/0" gw "10.100.0.1"
Starting dropbear sshd: generating rsa key... generating dsa key... OK
no userdata for datasource
=== system information ===
Platform: OpenStack Foundation OpenStack Nova
Container: none
Arch: x86_64
CPU(s): 1 @ 2292.811 MHz
Cores/Sockets/Threads: 1/1/1
Virt-type: AMD-V
RAM Size: 49MB
Disks:
NAME MAJ:MIN     SIZE LABEL         MOUNTPOINT
vda  253:0   25165824 cirros-rootfs /
sr0   11:0     428032 config-2      
=== sshd host keys ===
-----BEGIN SSH HOST KEY KEYS-----
ssh-rsa AAAAB3NzaC1yc2EAAAADAQABAAAAgnZnsRaKPD8ZEvhwpPVBfAcrLozpDaE+/GUReiyKD4D9gvp4L71qVg/cyPrLEJ3fHgCBlvfSzhKJI8QO2IwKZ+es1wKq3CKy6yEYRP6cdIospedrrqsaabA4F2SDNv8ALwfe0KLWsBPIckXfLfzxaLVJQcqI9rVNI/bgxpibnKakStE= root@tempest
ssh-dss AAAAB3NzaC1kc3MAAACBAIaTP2rEm+v09N+6ShjQ9ddhW9Bum/UPTiH/taxMrKTh5pAzwNCVe4nbr8z/8wjYOocgr2DHuzjQQe6yVhbgKtEwafjaMtyX7Gia6LILKO36dcPs7ghRKsiCZTtV7xw/f3u13Tq0L0joNYva06OUw8f7qGIqNsh9MisbnEySloqNAAAAFQDYTN703M+qsOkS35nrm0B7lkkXPwAAAIASnb1XqjkvbnZY9TSZ89IlIPnAPtDVqcHB9oXMRKIZBNzuzIrQDam2so0W00OQYo7szB3OIW9ZCoT37ugztRND3F6i3zSGc8uWW2FwpUvWSnD5jDMCTJXMhtf1TYEPMFttbvg43mrERwdFpxzuQrW4ldMPOFj9eTEXf8ZZ0YFjEAAAAIBx2gm3dNjgWtcwUZ70bs9EaW97vz+dANwhHhD9QE9zi4NW5jqk88qxCz0nuB7TCr+0gSZ/ORChxq11sW+1LAppc3xYSSqyYgkxz5WekzaLnRSpj6SZ7JD8s5lVDinm3Ag3rCzZpOobWwteU2xXOkiK6VwFEDXWhTqycrJfk2pFaQ== root@tempest
-----END SSH HOST KEY KEYS-----
=== network info ===
if-info: lo,up,127.0.0.1,8,::1
if-info: eth0,up,10.100.0.3,28,fe80::f816:3eff:fe62:f1bd
ip-route:default via 10.100.0.1 dev eth0 
ip-route:10.100.0.0/28 dev eth0  src 10.100.0.3 
ip-route:169.254.169.254 via 10.100.0.1 dev eth0 
=== datasource: configdrive local ===
instance-id: 55aa71a7-6b70-422d-8fb8-f2cc88d26fc3
name: tempest.common.compute-instance-622619864
availability-zone: nova
local-hostname: tempest.common.compute-instance-622619864.novalocal
launch-index: 0
=== cirros: current=0.3.4 uptime=23.33 ===
  ____               ____  ____
 / __/ __ ____ ____ / __ \/ __/
/ /__ / // __// __// /_/ /\ \ 
\___//_//_/  /_/   \____/___/ 
   http://cirros-cloud.net


login as 'cirros' user. default password: 'cubswin:)'. use 'sudo' for root.
tempest login: 
2015-12-06 04:03:06,076 27691 INFO     [tempest_lib.common.rest_client] Request (TestNetworkBasicOps:_run_cleanups): 204 DELETE http://10.0.2.15:9696/v2.0/floatingips/c5a207a2-b234-4ec5-81db-564171ac4245 0.271s
2015-12-06 04:03:06,077 27691 DEBUG    [tempest_lib.common.rest_client] Request - Headers: {'Content-Type': 'application/json', 'Accept': 'application/json', 'X-Auth-Token': '&lt;omitted&gt;'}
        Body: None
    Response - Headers: {'date': 'Sun, 06 Dec 2015 04:03:06 GMT', 'status': '204', 'connection': 'close', 'content-length': '0', 'x-openstack-request-id': 'req-d2181c5d-021d-4b95-a7a9-97fc1d846b78'}
        Body: 
2015-12-06 04:03:06,306 27691 INFO     [tempest_lib.common.rest_client] Request (TestNetworkBasicOps:_run_cleanups): 204 DELETE http://10.0.2.15:8774/v2.1/5665bc5264aa460781c7bd950828ebcc/servers/55aa71a7-6b70-422d-8fb8-f2cc88d26fc3 0.228s
2015-12-06 04:03:06,307 27691 DEBUG    [tempest_lib.common.rest_client] Request - Headers: {'Content-Type': 'application/json', 'Accept': 'application/json', 'X-Auth-Token': '&lt;omitted&gt;'}
        Body: None
    Response - Headers: {'status': '204', 'content-length': '0', 'x-compute-request-id': 'req-ef18df12-8051-4f8b-8f56-04397fa2a98d', 'vary': 'X-OpenStack-Nova-API-Version', 'connection': 'close', 'x-openstack-nova-api-version': '2.1', 'date': 'Sun, 06 Dec 2015 04:03:06 GMT', 'content-type': 'application/json'}
        Body: 
2015-12-06 04:03:06,500 27691 INFO     [tempest_lib.common.rest_client] Request (TestNetworkBasicOps:_run_cleanups): 200 GET http://10.0.2.15:8774/v2.1/5665bc5264aa460781c7bd950828ebcc/servers/55aa71a7-6b70-422d-8fb8-f2cc88d26fc3 0.192s
2015-12-06 04:03:06,500 27691 DEBUG    [tempest_lib.common.rest_client] Request - Headers: {'Content-Type': 'application/json', 'Accept': 'application/json', 'X-Auth-Token': '&lt;omitted&gt;'}
        Body: None
    Response - Headers: {'status': '200', 'content-length': '1776', 'content-location': 'http://10.0.2.15:8774/v2.1/5665bc5264aa460781c7bd950828ebcc/servers/55aa71a7-6b70-422d-8fb8-f2cc88d26fc3', 'x-compute-request-id': 'req-420fe380-2e00-4ed8-a817-0ddfd2b3178d', 'vary': 'X-OpenStack-Nova-API-Version', 'connection': 'close', 'x-openstack-nova-api-version': '2.1', 'date': 'Sun, 06 Dec 2015 04:03:06 GMT', 'content-type': 'application/json'}
        Body: {"server": {"status": "ACTIVE", "updated": "2015-12-06T04:03:06Z", "hostId": "dad66a9d3d1da149d3de64f6fd6b0792f47f3c6351e187ddeb30cedc", "addresses": {"tempest-network-smoke--1301259596": [{"OS-EXT-IPS-MAC:mac_addr": "fa:16:3e:62:f1:bd", "version": 4, "addr": "10.100.0.3", "OS-EXT-IPS:type": "fixed"}, {"OS-EXT-IPS-MAC:mac_addr": "fa:16:3e:62:f1:bd", "version": 4, "addr": "172.24.4.18", "OS-EXT-IPS:type": "floating"}]}, "links": [{"href": "http://10.0.2.15:8774/v2.1/5665bc5264aa460781c7bd950828ebcc/servers/55aa71a7-6b70-422d-8fb8-f2cc88d26fc3", "rel": "self"}, {"href": "http://10.0.2.15:8774/5665bc5264aa460781c7bd950828ebcc/servers/55aa71a7-6b70-422d-8fb8-f2cc88d26fc3", "rel": "bookmark"}], "key_name": "tempest-TestNetworkBasicOps-993438601", "image": {"id": "fbe73db2-2ad6-4e6a-9383-9f24e95a1600", "links": [{"href": "http://10.0.2.15:8774/5665bc5264aa460781c7bd950828ebcc/images/fbe73db2-2ad6-4e6a-9383-9f24e95a1600", "rel": "bookmark"}]}, "OS-EXT-STS:task_state": "deleting", "OS-EXT-STS:vm_state": "active", "OS-SRV-USG:launched_at": "2015-12-06T04:00:38.000000", "flavor": {"id": "42", "links": [{"href": "http://10.0.2.15:8774/5665bc5264aa460781c7bd950828ebcc/flavors/42", "rel": "bookmark"}]}, "id": "55aa71a7-6b70-422d-8fb8-f2cc88d26fc3", "security_groups": [{"name": "tempest-secgroup-smoke-2081518347"}], "OS-SRV-USG:terminated_at": null, "OS-EXT-AZ:availability_zone": "nova", "user_id": "4dbcff00155e423ea72f6dd147e9dea3", "name": "tempest.common.compute-instance-622619864", "created": "2015-12-06T04:00:35Z", "tenant_id": "5665bc5264aa460781c7bd950828ebcc", "OS-DCF:diskConfig": "MANUAL", "os-extended-volumes:volumes_attached": [], "accessIPv4": "", "accessIPv6": "", "progress": 0, "OS-EXT-STS:power_state": 1, "config_drive": "True", "metadata": {}}}
2015-12-06 04:03:07,724 27691 INFO     [tempest_lib.common.rest_client] Request (TestNetworkBasicOps:_run_cleanups): 200 GET http://10.0.2.15:8774/v2.1/5665bc5264aa460781c7bd950828ebcc/servers/55aa71a7-6b70-422d-8fb8-f2cc88d26fc3 0.207s
2015-12-06 04:03:07,725 27691 DEBUG    [tempest_lib.common.rest_client] Request - Headers: {'Content-Type': 'application/json', 'Accept': 'application/json', 'X-Auth-Token': '&lt;omitted&gt;'}
        Body: None
