<?xml version="1.0" encoding="UTF-8"?>
<!DOCTYPE html PUBLIC "-//W3C//DTD XHTML 1.0 Strict//EN"
     "http://www.w3.org/TR/xhtml1/DTD/xhtml1-strict.dtd">
<html xmlns="http://www.w3.org/1999/xhtml">
<head>
    <title>Unit Test Report</title>
    <meta name="generator" content="subunit2html 0.1"/>
    <meta http-equiv="Content-Type" content="text/html; charset=UTF-8"/>
    
<style type="text/css" media="screen">
body        { font-family: verdana, arial, helvetica, sans-serif;
    font-size: 80%; }
table       { font-size: 100%; width: 100%;}
pre         { font-size: 80%; }

/* -- heading -------------------------------------------------------------- */
h1 {
        font-size: 16pt;
        color: gray;
}
.heading {
    margin-top: 0ex;
    margin-bottom: 1ex;
}

.heading .attribute {
    margin-top: 1ex;
    margin-bottom: 0;
}

.heading .description {
    margin-top: 4ex;
    margin-bottom: 6ex;
}

/* -- css div popup -------------------------------------------------------- */
a.popup_link {
}

a.popup_link:hover {
    color: red;
}

.popup_window {
    display: none;
    overflow-x: scroll;
    /*border: solid #627173 1px; */
    padding: 10px;
    background-color: #E6E6D6;
    font-family: "Ubuntu Mono", "Lucida Console", "Courier New", monospace;
    text-align: left;
    font-size: 8pt;
}

}
/* -- report --------------------------------------------------------------- */
#show_detail_line {
    margin-top: 3ex;
    margin-bottom: 1ex;
}
#result_table {
    width: 100%;
    border-collapse: collapse;
    border: 1px solid #777;
}
#header_row {
    font-weight: bold;
    color: white;
    background-color: #777;
}
#result_table td {
    border: 1px solid #777;
    padding: 2px;
}
#total_row  { font-weight: bold; }
.passClass  { background-color: #6c6; }
.failClass  { background-color: #c60; }
.errorClass { background-color: #c00; }
.passCase   { color: #6c6; }
.failCase   { color: #c60; font-weight: bold; }
.errorCase  { color: #c00; font-weight: bold; }
.hiddenRow  { display: none; }
.testcase   { margin-left: 2em; }
td.testname {width: 40%}
td.small {width: 40px}

/* -- ending --------------------------------------------------------------- */
#ending {
}

</style>

</head>
<body>
<script language="javascript" type="text/javascript"><!--
output_list = Array();

/* level - 0:Summary; 1:Failed; 2:All */
function showCase(level) {
    trs = document.getElementsByTagName("tr");
    for (var i = 0; i < trs.length; i++) {
        tr = trs[i];
        id = tr.id;
        if (id.substr(0,2) == 'ft') {
            if (level < 1) {
                tr.className = 'hiddenRow';
            }
            else {
                tr.className = '';
            }
        }
        if (id.substr(0,2) == 'pt') {
            if (level > 1) {
                tr.className = '';
            }
            else {
                tr.className = 'hiddenRow';
            }
        }
    }
}


function showClassDetail(cid, count) {
    var id_list = Array(count);
    var toHide = 1;
    for (var i = 0; i < count; i++) {
        tid0 = 't' + cid.substr(1) + '.' + (i+1);
        tid = 'f' + tid0;
        tr = document.getElementById(tid);
        if (!tr) {
            tid = 'p' + tid0;
            tr = document.getElementById(tid);
        }
        id_list[i] = tid;
        if (tr.className) {
            toHide = 0;
        }
    }
    for (var i = 0; i < count; i++) {
        tid = id_list[i];
        if (toHide) {
            document.getElementById('div_'+tid).style.display = 'none'
            document.getElementById(tid).className = 'hiddenRow';
        }
        else {
            document.getElementById(tid).className = '';
        }
    }
}


function showTestDetail(div_id){
    var details_div = document.getElementById(div_id)
    var displayState = details_div.style.display
    // alert(displayState)
    if (displayState != 'block' ) {
        displayState = 'block'
        details_div.style.display = 'block'
    }
    else {
        details_div.style.display = 'none'
    }
}


function html_escape(s) {
    s = s.replace(/&/g,'&amp;');
    s = s.replace(/</g,'&lt;');
    s = s.replace(/>/g,'&gt;');
    return s;
}

/* obsoleted by detail in <div>
function showOutput(id, name) {
    var w = window.open("", //url
                    name,
                    "resizable,scrollbars,status,width=800,height=450");
    d = w.document;
    d.write("<pre>");
    d.write(html_escape(output_list[id]));
    d.write("\n");
    d.write("<a href='javascript:window.close()'>close</a>\n");
    d.write("</pre>\n");
    d.close();
}
*/
--></script>

<div class='heading'>
<h1>Unit Test Report</h1>

<p class='attribute'><strong>Status:</strong> Pass 1 Failure 8</p>

<p class='description'></p>
</div>



<p id='show_detail_line'>Show
<a href='javascript:showCase(0)'>Summary</a>
<a href='javascript:showCase(1)'>Failed</a>
<a href='javascript:showCase(2)'>All</a>
</p>
<table id='result_table'>
<colgroup>
<col align='left' />
<col align='right' />
<col align='right' />
<col align='right' />
<col align='right' />
<col align='right' />
<col align='right' />
<col align='right' />
</colgroup>
<tr id='header_row'>
    <td>Test Group/Test case</td>
    <td>Count</td>
    <td>Pass</td>
    <td>Fail</td>
    <td>Error</td>
    <td>Skip</td>
    <td>View</td>
    <td> </td>
</tr>

<tr class='failClass'>
    <td class="testname">tempest.scenario.test_network_basic_ops.TestNetworkBasicOps</td>
    <td class="small">9</td>
    <td class="small">1</td>
    <td class="small">8</td>
    <td class="small">0</td>
    <td class="small">0</td>
    <td class="small"><a href="javascript:showClassDetail('c1',9)"
>Detail</a></td>
    <td> </td>
</tr>

<tr id='ft1.1' class='none'>
    <td class='failCase'><div class='testcase'>test_connectivity_between_vms_on_different_networks[compute,id-1546850e-fbaa-42f5-8b5f-03d8a6a95f15,network]</div></td>
    <td colspan='7' align='left'>

    <!--css div popup start-->
    <a class="popup_link" onfocus='this.blur();'
    href="javascript:showTestDetail('div_ft1.1')" >
        fail</a>

    <div id='div_ft1.1' class="popup_window">
        <div style='text-align: right; color:red;cursor:pointer'>
        <a onfocus='this.blur();'
onclick="document.getElementById('div_ft1.1').style.display = 'none' " >
           [x]</a>
        </div>
        <pre>
        
ft1.1: tempest.scenario.test_network_basic_ops.TestNetworkBasicOps.test_connectivity_between_vms_on_different_networks[compute,id-1546850e-fbaa-42f5-8b5f-03d8a6a95f15,network]_StringException: Empty attachments:
  stderr
  stdout

pythonlogging:'': {{{
2015-12-10 21:09:53,420 23847 INFO     [tempest_lib.common.rest_client] Request (TestNetworkBasicOps:test_connectivity_between_vms_on_different_networks): 201 POST http://10.0.2.15:9696/v2.0/security-groups 0.339s
2015-12-10 21:09:53,421 23847 DEBUG    [tempest_lib.common.rest_client] Request - Headers: {'Content-Type': 'application/json', 'Accept': 'application/json', 'X-Auth-Token': '&lt;omitted&gt;'}
        Body: {"security_group": {"tenant_id": "6a903d625cbe4fb18cc4585a60791b6d", "description": "tempest-secgroup-smoke-463379612 description", "name": "tempest-secgroup-smoke-463379612"}}
    Response - Headers: {'status': '201', 'content-length': '886', 'connection': 'close', 'date': 'Thu, 10 Dec 2015 21:09:53 GMT', 'content-type': 'application/json; charset=UTF-8', 'x-openstack-request-id': 'req-4069311f-2e86-4984-ae0e-7cef7eb81159'}
        Body: {"security_group": {"tenant_id": "6a903d625cbe4fb18cc4585a60791b6d", "description": "tempest-secgroup-smoke-463379612 description", "id": "03d56f62-665b-4964-9a52-a29c04d50baa", "security_group_rules": [{"remote_group_id": null, "direction": "egress", "remote_ip_prefix": null, "protocol": null, "ethertype": "IPv4", "tenant_id": "6a903d625cbe4fb18cc4585a60791b6d", "port_range_max": null, "port_range_min": null, "id": "e0d63e81-f06d-48c7-9340-0faa103a51b3", "security_group_id": "03d56f62-665b-4964-9a52-a29c04d50baa"}, {"remote_group_id": null, "direction": "egress", "remote_ip_prefix": null, "protocol": null, "ethertype": "IPv6", "tenant_id": "6a903d625cbe4fb18cc4585a60791b6d", "port_range_max": null, "port_range_min": null, "id": "88bccd5d-a85b-47d7-b39c-dbca6c70277b", "security_group_id": "03d56f62-665b-4964-9a52-a29c04d50baa"}], "name": "tempest-secgroup-smoke-463379612"}}
2015-12-10 21:09:53,540 23847 INFO     [tempest_lib.common.rest_client] Request (TestNetworkBasicOps:test_connectivity_between_vms_on_different_networks): 201 POST http://10.0.2.15:9696/v2.0/security-group-rules 0.118s
2015-12-10 21:09:53,541 23847 DEBUG    [tempest_lib.common.rest_client] Request - Headers: {'Content-Type': 'application/json', 'Accept': 'application/json', 'X-Auth-Token': '&lt;omitted&gt;'}
        Body: {"security_group_rule": {"direction": "ingress", "protocol": "tcp", "tenant_id": "6a903d625cbe4fb18cc4585a60791b6d", "port_range_max": 22, "security_group_id": "03d56f62-665b-4964-9a52-a29c04d50baa", "port_range_min": 22}}
    Response - Headers: {'status': '201', 'content-length': '340', 'connection': 'close', 'date': 'Thu, 10 Dec 2015 21:09:53 GMT', 'content-type': 'application/json; charset=UTF-8', 'x-openstack-request-id': 'req-f3b428c7-6ac0-45b0-9c04-371ac9a3475c'}
        Body: {"security_group_rule": {"remote_group_id": null, "direction": "ingress", "remote_ip_prefix": null, "protocol": "tcp", "ethertype": "IPv4", "tenant_id": "6a903d625cbe4fb18cc4585a60791b6d", "port_range_max": 22, "port_range_min": 22, "id": "cdfb6cf6-a267-4f01-a36d-7c3166e11c11", "security_group_id": "03d56f62-665b-4964-9a52-a29c04d50baa"}}
2015-12-10 21:09:53,649 23847 INFO     [tempest_lib.common.rest_client] Request (TestNetworkBasicOps:test_connectivity_between_vms_on_different_networks): 201 POST http://10.0.2.15:9696/v2.0/security-group-rules 0.107s
2015-12-10 21:09:53,650 23847 DEBUG    [tempest_lib.common.rest_client] Request - Headers: {'Content-Type': 'application/json', 'Accept': 'application/json', 'X-Auth-Token': '&lt;omitted&gt;'}
        Body: {"security_group_rule": {"direction": "egress", "protocol": "tcp", "tenant_id": "6a903d625cbe4fb18cc4585a60791b6d", "port_range_max": 22, "security_group_id": "03d56f62-665b-4964-9a52-a29c04d50baa", "port_range_min": 22}}
    Response - Headers: {'status': '201', 'content-length': '339', 'connection': 'close', 'date': 'Thu, 10 Dec 2015 21:09:53 GMT', 'content-type': 'application/json; charset=UTF-8', 'x-openstack-request-id': 'req-92578353-6801-4c54-abee-6fcda164e4f9'}
        Body: {"security_group_rule": {"remote_group_id": null, "direction": "egress", "remote_ip_prefix": null, "protocol": "tcp", "ethertype": "IPv4", "tenant_id": "6a903d625cbe4fb18cc4585a60791b6d", "port_range_max": 22, "port_range_min": 22, "id": "16ec8770-ac04-4bb9-96e8-925515addb47", "security_group_id": "03d56f62-665b-4964-9a52-a29c04d50baa"}}
2015-12-10 21:09:53,745 23847 INFO     [tempest_lib.common.rest_client] Request (TestNetworkBasicOps:test_connectivity_between_vms_on_different_networks): 201 POST http://10.0.2.15:9696/v2.0/security-group-rules 0.094s
2015-12-10 21:09:53,745 23847 DEBUG    [tempest_lib.common.rest_client] Request - Headers: {'Content-Type': 'application/json', 'Accept': 'application/json', 'X-Auth-Token': '&lt;omitted&gt;'}
        Body: {"security_group_rule": {"tenant_id": "6a903d625cbe4fb18cc4585a60791b6d", "direction": "ingress", "protocol": "icmp", "security_group_id": "03d56f62-665b-4964-9a52-a29c04d50baa"}}
    Response - Headers: {'status': '201', 'content-length': '345', 'connection': 'close', 'date': 'Thu, 10 Dec 2015 21:09:53 GMT', 'content-type': 'application/json; charset=UTF-8', 'x-openstack-request-id': 'req-e52ee1c2-30cc-46a2-ae2a-3a2bd0c23a29'}
        Body: {"security_group_rule": {"remote_group_id": null, "direction": "ingress", "remote_ip_prefix": null, "protocol": "icmp", "ethertype": "IPv4", "tenant_id": "6a903d625cbe4fb18cc4585a60791b6d", "port_range_max": null, "port_range_min": null, "id": "98d12ccb-6874-4588-a135-6a6cd4a8b324", "security_group_id": "03d56f62-665b-4964-9a52-a29c04d50baa"}}
2015-12-10 21:09:53,843 23847 INFO     [tempest_lib.common.rest_client] Request (TestNetworkBasicOps:test_connectivity_between_vms_on_different_networks): 201 POST http://10.0.2.15:9696/v2.0/security-group-rules 0.097s
2015-12-10 21:09:53,844 23847 DEBUG    [tempest_lib.common.rest_client] Request - Headers: {'Content-Type': 'application/json', 'Accept': 'application/json', 'X-Auth-Token': '&lt;omitted&gt;'}
        Body: {"security_group_rule": {"tenant_id": "6a903d625cbe4fb18cc4585a60791b6d", "direction": "egress", "protocol": "icmp", "security_group_id": "03d56f62-665b-4964-9a52-a29c04d50baa"}}
    Response - Headers: {'status': '201', 'content-length': '344', 'connection': 'close', 'date': 'Thu, 10 Dec 2015 21:09:53 GMT', 'content-type': 'application/json; charset=UTF-8', 'x-openstack-request-id': 'req-4b402495-c2ab-4608-b8ae-a66f718af43c'}
        Body: {"security_group_rule": {"remote_group_id": null, "direction": "egress", "remote_ip_prefix": null, "protocol": "icmp", "ethertype": "IPv4", "tenant_id": "6a903d625cbe4fb18cc4585a60791b6d", "port_range_max": null, "port_range_min": null, "id": "b14cb8ea-c6b7-44b4-b174-067280fac847", "security_group_id": "03d56f62-665b-4964-9a52-a29c04d50baa"}}
2015-12-10 21:09:53,941 23847 INFO     [tempest_lib.common.rest_client] Request (TestNetworkBasicOps:test_connectivity_between_vms_on_different_networks): 201 POST http://10.0.2.15:9696/v2.0/security-group-rules 0.096s
2015-12-10 21:09:53,942 23847 DEBUG    [tempest_lib.common.rest_client] Request - Headers: {'Content-Type': 'application/json', 'Accept': 'application/json', 'X-Auth-Token': '&lt;omitted&gt;'}
        Body: {"security_group_rule": {"tenant_id": "6a903d625cbe4fb18cc4585a60791b6d", "direction": "ingress", "security_group_id": "03d56f62-665b-4964-9a52-a29c04d50baa", "protocol": "icmp", "ethertype": "IPv6"}}
    Response - Headers: {'status': '201', 'content-length': '345', 'connection': 'close', 'date': 'Thu, 10 Dec 2015 21:09:53 GMT', 'content-type': 'application/json; charset=UTF-8', 'x-openstack-request-id': 'req-dac2cd99-a543-40b7-83ff-864346d894c3'}
        Body: {"security_group_rule": {"remote_group_id": null, "direction": "ingress", "remote_ip_prefix": null, "protocol": "icmp", "ethertype": "IPv6", "tenant_id": "6a903d625cbe4fb18cc4585a60791b6d", "port_range_max": null, "port_range_min": null, "id": "b7136cb7-a659-4105-b1c3-24a7e50b4db9", "security_group_id": "03d56f62-665b-4964-9a52-a29c04d50baa"}}
2015-12-10 21:09:54,122 23847 INFO     [tempest_lib.common.rest_client] Request (TestNetworkBasicOps:test_connectivity_between_vms_on_different_networks): 201 POST http://10.0.2.15:9696/v2.0/security-group-rules 0.180s
2015-12-10 21:09:54,123 23847 DEBUG    [tempest_lib.common.rest_client] Request - Headers: {'Content-Type': 'application/json', 'Accept': 'application/json', 'X-Auth-Token': '&lt;omitted&gt;'}
        Body: {"security_group_rule": {"tenant_id": "6a903d625cbe4fb18cc4585a60791b6d", "direction": "egress", "security_group_id": "03d56f62-665b-4964-9a52-a29c04d50baa", "protocol": "icmp", "ethertype": "IPv6"}}
    Response - Headers: {'status': '201', 'content-length': '344', 'connection': 'close', 'date': 'Thu, 10 Dec 2015 21:09:54 GMT', 'content-type': 'application/json; charset=UTF-8', 'x-openstack-request-id': 'req-42780f86-f31e-4bee-978d-2c14bbf7cdac'}
        Body: {"security_group_rule": {"remote_group_id": null, "direction": "egress", "remote_ip_prefix": null, "protocol": "icmp", "ethertype": "IPv6", "tenant_id": "6a903d625cbe4fb18cc4585a60791b6d", "port_range_max": null, "port_range_min": null, "id": "d1aa36d6-2557-4128-a1ac-1c4a2ee0be88", "security_group_id": "03d56f62-665b-4964-9a52-a29c04d50baa"}}
2015-12-10 21:09:54,227 23847 INFO     [tempest_lib.common.rest_client] Request (TestNetworkBasicOps:test_connectivity_between_vms_on_different_networks): 201 POST http://10.0.2.15:9696/v2.0/networks 0.103s
2015-12-10 21:09:54,227 23847 DEBUG    [tempest_lib.common.rest_client] Request - Headers: {'Content-Type': 'application/json', 'Accept': 'application/json', 'X-Auth-Token': '&lt;omitted&gt;'}
        Body: {"network": {"tenant_id": "6a903d625cbe4fb18cc4585a60791b6d", "name": "tempest-network-smoke--302789514"}}
    Response - Headers: {'status': '201', 'content-length': '295', 'connection': 'close', 'date': 'Thu, 10 Dec 2015 21:09:54 GMT', 'content-type': 'application/json; charset=UTF-8', 'x-openstack-request-id': 'req-b031444b-fbbd-4930-a815-1f946e625138'}
        Body: {"network": {"status": "ACTIVE", "subnets": [], "name": "tempest-network-smoke--302789514", "admin_state_up": true, "tenant_id": "6a903d625cbe4fb18cc4585a60791b6d", "mtu": 0, "router:external": false, "shared": false, "port_security_enabled": true, "id": "b1e8a933-cadd-4d7f-8a29-ca16bc410e67"}}
2015-12-10 21:09:54,287 23847 INFO     [tempest_lib.common.rest_client] Request (TestNetworkBasicOps:test_connectivity_between_vms_on_different_networks): 201 POST http://10.0.2.15:9696/v2.0/routers 0.059s
2015-12-10 21:09:54,288 23847 DEBUG    [tempest_lib.common.rest_client] Request - Headers: {'Content-Type': 'application/json', 'Accept': 'application/json', 'X-Auth-Token': '&lt;omitted&gt;'}
        Body: {"router": {"tenant_id": "6a903d625cbe4fb18cc4585a60791b6d", "name": "tempest-router-smoke-773498013", "admin_state_up": true}}
    Response - Headers: {'status': '201', 'content-length': '238', 'connection': 'close', 'date': 'Thu, 10 Dec 2015 21:09:54 GMT', 'content-type': 'application/json; charset=UTF-8', 'x-openstack-request-id': 'req-54a2dc15-1c94-4b45-aae7-89311d231b18'}
        Body: {"router": {"status": "ACTIVE", "external_gateway_info": null, "name": "tempest-router-smoke-773498013", "admin_state_up": true, "tenant_id": "6a903d625cbe4fb18cc4585a60791b6d", "routes": [], "id": "fae49fa6-6b5e-42ce-bdf8-8310ca1be6a3"}}
2015-12-10 21:09:54,325 23847 INFO     [tempest_lib.common.rest_client] Request (TestNetworkBasicOps:test_connectivity_between_vms_on_different_networks): 200 GET http://10.0.2.15:9696/v2.0/routers/fae49fa6-6b5e-42ce-bdf8-8310ca1be6a3 0.037s
2015-12-10 21:09:54,326 23847 DEBUG    [tempest_lib.common.rest_client] Request - Headers: {'Content-Type': 'application/json', 'Accept': 'application/json', 'X-Auth-Token': '&lt;omitted&gt;'}
        Body: None
    Response - Headers: {'status': '200', 'content-length': '238', 'content-location': 'http://10.0.2.15:9696/v2.0/routers/fae49fa6-6b5e-42ce-bdf8-8310ca1be6a3', 'connection': 'close', 'date': 'Thu, 10 Dec 2015 21:09:54 GMT', 'content-type': 'application/json; charset=UTF-8', 'x-openstack-request-id': 'req-73902ec4-d736-42b0-ad53-3e55fd4b01e2'}
        Body: {"router": {"status": "ACTIVE", "external_gateway_info": null, "name": "tempest-router-smoke-773498013", "admin_state_up": true, "tenant_id": "6a903d625cbe4fb18cc4585a60791b6d", "routes": [], "id": "fae49fa6-6b5e-42ce-bdf8-8310ca1be6a3"}}
2015-12-10 21:09:54,837 23847 INFO     [tempest_lib.common.rest_client] Request (TestNetworkBasicOps:test_connectivity_between_vms_on_different_networks): 200 PUT http://10.0.2.15:9696/v2.0/routers/fae49fa6-6b5e-42ce-bdf8-8310ca1be6a3 0.511s
2015-12-10 21:09:54,838 23847 DEBUG    [tempest_lib.common.rest_client] Request - Headers: {'Content-Type': 'application/json', 'Accept': 'application/json', 'X-Auth-Token': '&lt;omitted&gt;'}
        Body: {"router": {"external_gateway_info": {"network_id": "13e5ac9a-8e6e-4b40-9f85-059da196c39d"}, "name": "tempest-router-smoke-773498013", "admin_state_up": true}}
    Response - Headers: {'status': '200', 'content-length': '500', 'connection': 'close', 'date': 'Thu, 10 Dec 2015 21:09:54 GMT', 'content-type': 'application/json; charset=UTF-8', 'x-openstack-request-id': 'req-2298d756-495a-4ee4-b613-5c66dc8baf47'}
        Body: {"router": {"status": "ACTIVE", "external_gateway_info": {"network_id": "13e5ac9a-8e6e-4b40-9f85-059da196c39d", "enable_snat": true, "external_fixed_ips": [{"subnet_id": "af88f388-edd0-429f-abba-7f31a021ad5c", "ip_address": "172.24.4.3"}, {"subnet_id": "bffcd660-5f68-444b-820c-77e712a2f98f", "ip_address": "2001:db8::3"}]}, "name": "tempest-router-smoke-773498013", "admin_state_up": true, "tenant_id": "6a903d625cbe4fb18cc4585a60791b6d", "routes": [], "id": "fae49fa6-6b5e-42ce-bdf8-8310ca1be6a3"}}
2015-12-10 21:09:54,986 23847 INFO     [tempest_lib.common.rest_client] Request (TestNetworkBasicOps:test_connectivity_between_vms_on_different_networks): 200 GET http://10.0.2.15:9696/v2.0/subnets?tenant_id=6a903d625cbe4fb18cc4585a60791b6d&amp;cidr=10.100.0.0%2F28 0.147s
2015-12-10 21:09:54,986 23847 DEBUG    [tempest_lib.common.rest_client] Request - Headers: {'Content-Type': 'application/json', 'Accept': 'application/json', 'X-Auth-Token': '&lt;omitted&gt;'}
        Body: None
    Response - Headers: {'status': '200', 'content-length': '15', 'content-location': 'http://10.0.2.15:9696/v2.0/subnets?tenant_id=6a903d625cbe4fb18cc4585a60791b6d&amp;cidr=10.100.0.0%2F28', 'connection': 'close', 'date': 'Thu, 10 Dec 2015 21:09:54 GMT', 'content-type': 'application/json; charset=UTF-8', 'x-openstack-request-id': 'req-010d8a47-b25c-46b2-bcb7-d4130c2d0c40'}
        Body: {"subnets": []}
2015-12-10 21:09:55,272 23847 INFO     [tempest_lib.common.rest_client] Request (TestNetworkBasicOps:test_connectivity_between_vms_on_different_networks): 201 POST http://10.0.2.15:9696/v2.0/subnets 0.283s
2015-12-10 21:09:55,272 23847 DEBUG    [tempest_lib.common.rest_client] Request - Headers: {'Content-Type': 'application/json', 'Accept': 'application/json', 'X-Auth-Token': '&lt;omitted&gt;'}
        Body: {"subnet": {"ip_version": 4, "tenant_id": "6a903d625cbe4fb18cc4585a60791b6d", "cidr": "10.100.0.0/28", "network_id": "b1e8a933-cadd-4d7f-8a29-ca16bc410e67", "name": "tempest-subnet-smoke-1239165869"}}
    Response - Headers: {'status': '201', 'content-length': '478', 'connection': 'close', 'date': 'Thu, 10 Dec 2015 21:09:55 GMT', 'content-type': 'application/json; charset=UTF-8', 'x-openstack-request-id': 'req-7c7beb04-a99e-4300-a002-09ec44b6046a'}
        Body: {"subnet": {"name": "tempest-subnet-smoke-1239165869", "enable_dhcp": true, "network_id": "b1e8a933-cadd-4d7f-8a29-ca16bc410e67", "tenant_id": "6a903d625cbe4fb18cc4585a60791b6d", "dns_nameservers": [], "gateway_ip": "10.100.0.1", "ipv6_ra_mode": null, "allocation_pools": [{"start": "10.100.0.2", "end": "10.100.0.14"}], "host_routes": [], "ip_version": 4, "ipv6_address_mode": null, "cidr": "10.100.0.0/28", "id": "096b7f45-4ad7-46f3-972c-b7a4a111d676", "subnetpool_id": null}}
2015-12-10 21:09:55,875 23847 INFO     [tempest_lib.common.rest_client] Request (TestNetworkBasicOps:test_connectivity_between_vms_on_different_networks): 200 PUT http://10.0.2.15:9696/v2.0/routers/fae49fa6-6b5e-42ce-bdf8-8310ca1be6a3/add_router_interface 0.602s
2015-12-10 21:09:55,875 23847 DEBUG    [tempest_lib.common.rest_client] Request - Headers: {'Content-Type': 'application/json', 'Accept': 'application/json', 'X-Auth-Token': '&lt;omitted&gt;'}
        Body: {"subnet_id": "096b7f45-4ad7-46f3-972c-b7a4a111d676"}
    Response - Headers: {'status': '200', 'content-length': '255', 'connection': 'close', 'date': 'Thu, 10 Dec 2015 21:09:55 GMT', 'content-type': 'application/json; charset=UTF-8', 'x-openstack-request-id': 'req-faf11c7d-73ca-49cf-824c-90a0d10c55f8'}
        Body: {"subnet_id": "096b7f45-4ad7-46f3-972c-b7a4a111d676", "tenant_id": "6a903d625cbe4fb18cc4585a60791b6d", "subnet_ids": ["096b7f45-4ad7-46f3-972c-b7a4a111d676"], "port_id": "d396f11c-329c-43aa-acdf-0b3cdd992ac5", "id": "fae49fa6-6b5e-42ce-bdf8-8310ca1be6a3"}
2015-12-10 21:09:56,052 23847 INFO     [tempest_lib.common.rest_client] Request (TestNetworkBasicOps:test_connectivity_between_vms_on_different_networks): 200 GET http://10.0.2.15:9696/v2.0/networks 0.176s
2015-12-10 21:09:56,053 23847 DEBUG    [tempest_lib.common.rest_client] Request - Headers: {'Content-Type': 'application/json', 'Accept': 'application/json', 'X-Auth-Token': '&lt;omitted&gt;'}
        Body: None
    Response - Headers: {'status': '200', 'content-length': '1317', 'content-location': 'http://10.0.2.15:9696/v2.0/networks', 'connection': 'close', 'date': 'Thu, 10 Dec 2015 21:09:56 GMT', 'content-type': 'application/json; charset=UTF-8', 'x-openstack-request-id': 'req-22c357af-90fd-414d-96c9-ad46be2a10e6'}
        Body: {"networks": [{"status": "ACTIVE", "subnets": ["096b7f45-4ad7-46f3-972c-b7a4a111d676"], "name": "tempest-network-smoke--302789514", "provider:physical_network": null, "admin_state_up": true, "tenant_id": "6a903d625cbe4fb18cc4585a60791b6d", "mtu": 0, "router:external": false, "shared": false, "port_security_enabled": true, "provider:network_type": "vxlan", "id": "b1e8a933-cadd-4d7f-8a29-ca16bc410e67", "provider:segmentation_id": 1023}, {"status": "ACTIVE", "subnets": ["1fae3bdc-fc0f-4bf6-9998-ffdba6dfbb18", "90a1c2ce-bf74-43ce-9368-6b3fdefc1fcc"], "name": "private", "provider:physical_network": null, "admin_state_up": true, "tenant_id": "d538e9ac90fe406eabca0e41a00f5228", "mtu": 0, "router:external": false, "shared": false, "port_security_enabled": true, "provider:network_type": "vxlan", "id": "df6914ff-a5ee-4236-b456-f9eac01a46f8", "provider:segmentation_id": 1024}, {"status": "ACTIVE", "subnets": ["af88f388-edd0-429f-abba-7f31a021ad5c", "bffcd660-5f68-444b-820c-77e712a2f98f"], "name": "public", "provider:physical_network": null, "admin_state_up": true, "tenant_id": "3d6463cfbd8f48a084fdbbc27aa35917", "mtu": 0, "router:external": true, "shared": false, "port_security_enabled": true, "provider:network_type": "vxlan", "id": "13e5ac9a-8e6e-4b40-9f85-059da196c39d", "provider:segmentation_id": 1088}]}
2015-12-10 21:09:56,127 23847 INFO     [tempest_lib.common.rest_client] Request (TestNetworkBasicOps:test_connectivity_between_vms_on_different_networks): 200 GET http://10.0.2.15:9696/v2.0/subnets 0.073s
2015-12-10 21:09:56,127 23847 DEBUG    [tempest_lib.common.rest_client] Request - Headers: {'Content-Type': 'application/json', 'Accept': 'application/json', 'X-Auth-Token': '&lt;omitted&gt;'}
        Body: None
    Response - Headers: {'status': '200', 'content-length': '2408', 'content-location': 'http://10.0.2.15:9696/v2.0/subnets', 'connection': 'close', 'date': 'Thu, 10 Dec 2015 21:09:56 GMT', 'content-type': 'application/json; charset=UTF-8', 'x-openstack-request-id': 'req-7e384f7e-a6de-474a-be2a-9dc76a02cf84'}
        Body: {"subnets": [{"name": "tempest-subnet-smoke-1239165869", "enable_dhcp": true, "network_id": "b1e8a933-cadd-4d7f-8a29-ca16bc410e67", "tenant_id": "6a903d625cbe4fb18cc4585a60791b6d", "dns_nameservers": [], "gateway_ip": "10.100.0.1", "ipv6_ra_mode": null, "allocation_pools": [{"start": "10.100.0.2", "end": "10.100.0.14"}], "host_routes": [], "ip_version": 4, "ipv6_address_mode": null, "cidr": "10.100.0.0/28", "id": "096b7f45-4ad7-46f3-972c-b7a4a111d676", "subnetpool_id": null}, {"name": "ipv6-public-subnet", "enable_dhcp": false, "network_id": "13e5ac9a-8e6e-4b40-9f85-059da196c39d", "tenant_id": "3d6463cfbd8f48a084fdbbc27aa35917", "dns_nameservers": [], "gateway_ip": "2001:db8::2", "ipv6_ra_mode": null, "allocation_pools": [{"start": "2001:db8::1", "end": "2001:db8::1"}, {"start": "2001:db8::3", "end": "2001:db8::ffff:ffff:ffff:ffff"}], "host_routes": [], "ip_version": 6, "ipv6_address_mode": null, "cidr": "2001:db8::/64", "id": "bffcd660-5f68-444b-820c-77e712a2f98f", "subnetpool_id": null}, {"name": "private-subnet", "enable_dhcp": true, "network_id": "df6914ff-a5ee-4236-b456-f9eac01a46f8", "tenant_id": "d538e9ac90fe406eabca0e41a00f5228", "dns_nameservers": [], "gateway_ip": "10.0.0.1", "ipv6_ra_mode": null, "allocation_pools": [{"start": "10.0.0.2", "end": "10.0.0.254"}], "host_routes": [], "ip_version": 4, "ipv6_address_mode": null, "cidr": "10.0.0.0/24", "id": "1fae3bdc-fc0f-4bf6-9998-ffdba6dfbb18", "subnetpool_id": null}, {"name": "ipv6-private-subnet", "enable_dhcp": true, "network_id": "df6914ff-a5ee-4236-b456-f9eac01a46f8", "tenant_id": "d538e9ac90fe406eabca0e41a00f5228", "dns_nameservers": [], "gateway_ip": "fd48:4f9a:5c48::1", "ipv6_ra_mode": "slaac", "allocation_pools": [{"start": "fd48:4f9a:5c48::2", "end": "fd48:4f9a:5c48:0:ffff:ffff:ffff:ffff"}], "host_routes": [], "ip_version": 6, "ipv6_address_mode": "slaac", "cidr": "fd48:4f9a:5c48::/64", "id": "90a1c2ce-bf74-43ce-9368-6b3fdefc1fcc", "subnetpool_id": null}, {"name": "public-subnet", "enable_dhcp": false, "network_id": "13e5ac9a-8e6e-4b40-9f85-059da196c39d", "tenant_id": "3d6463cfbd8f48a084fdbbc27aa35917", "dns_nameservers": [], "gateway_ip": "172.24.4.1", "ipv6_ra_mode": null, "allocation_pools": [{"start": "172.24.4.2", "end": "172.24.4.254"}], "host_routes": [], "ip_version": 4, "ipv6_address_mode": null, "cidr": "172.24.4.0/24", "id": "af88f388-edd0-429f-abba-7f31a021ad5c", "subnetpool_id": null}]}
2015-12-10 21:09:56,172 23847 INFO     [tempest_lib.common.rest_client] Request (TestNetworkBasicOps:test_connectivity_between_vms_on_different_networks): 200 GET http://10.0.2.15:9696/v2.0/routers 0.043s
2015-12-10 21:09:56,172 23847 DEBUG    [tempest_lib.common.rest_client] Request - Headers: {'Content-Type': 'application/json', 'Accept': 'application/json', 'X-Auth-Token': '&lt;omitted&gt;'}
        Body: None
    Response - Headers: {'status': '200', 'content-length': '1040', 'content-location': 'http://10.0.2.15:9696/v2.0/routers', 'connection': 'close', 'date': 'Thu, 10 Dec 2015 21:09:56 GMT', 'content-type': 'application/json; charset=UTF-8', 'x-openstack-request-id': 'req-017a688e-f500-42ab-8206-ae4771c6abcf'}
        Body: {"routers": [{"status": "ACTIVE", "external_gateway_info": {"network_id": "13e5ac9a-8e6e-4b40-9f85-059da196c39d", "enable_snat": true, "external_fixed_ips": [{"subnet_id": "af88f388-edd0-429f-abba-7f31a021ad5c", "ip_address": "172.24.4.2"}, {"subnet_id": "bffcd660-5f68-444b-820c-77e712a2f98f", "ip_address": "2001:db8::1"}]}, "name": "router1", "admin_state_up": true, "tenant_id": "d538e9ac90fe406eabca0e41a00f5228", "distributed": false, "routes": [], "ha": false, "id": "90ff3af8-ce90-4d26-a0a3-cbe4e9354e8d"}, {"status": "ACTIVE", "external_gateway_info": {"network_id": "13e5ac9a-8e6e-4b40-9f85-059da196c39d", "enable_snat": true, "external_fixed_ips": [{"subnet_id": "af88f388-edd0-429f-abba-7f31a021ad5c", "ip_address": "172.24.4.3"}, {"subnet_id": "bffcd660-5f68-444b-820c-77e712a2f98f", "ip_address": "2001:db8::3"}]}, "name": "tempest-router-smoke-773498013", "admin_state_up": true, "tenant_id": "6a903d625cbe4fb18cc4585a60791b6d", "distributed": false, "routes": [], "ha": false, "id": "fae49fa6-6b5e-42ce-bdf8-8310ca1be6a3"}]}
2015-12-10 21:09:56,558 23847 INFO     [tempest_lib.common.rest_client] Request (TestNetworkBasicOps:test_connectivity_between_vms_on_different_networks): 200 POST http://10.0.2.15:8774/v2.1/6a903d625cbe4fb18cc4585a60791b6d/os-keypairs 0.383s
2015-12-10 21:09:56,559 23847 DEBUG    [tempest_lib.common.rest_client] Request - Headers: {'Content-Type': 'application/json', 'Accept': 'application/json', 'X-Auth-Token': '&lt;omitted&gt;'}
        Body: {"keypair": {"name": "tempest-TestNetworkBasicOps-1768000882"}}
    Response - Headers: {'status': '200', 'content-length': '2321', 'x-compute-request-id': 'req-001fdb8f-1435-4fe3-aa77-7eca57bae936', 'vary': 'X-OpenStack-Nova-API-Version', 'connection': 'close', 'x-openstack-nova-api-version': '2.1', 'date': 'Thu, 10 Dec 2015 21:09:56 GMT', 'content-type': 'application/json'}
        Body: {"keypair": {"public_key": "ssh-rsa AAAAB3NzaC1yc2EAAAADAQABAAABAQDMc5LdxFI8b38gu0RyAa93JLAyjgtXHztMzo2wSutga++E2TAOnL2s541uV0iKcFNJpaHgP0Es+aoAsBPXCwkVEyTQC9gqcIgmLTLfoAGeZ5lkrRN2ojnunXetOlGB+AbXiy6s1p8fq53f2ZUJmgOsMY+2dAIIP29ts26WErIfhUjt/Q65QwvSz4USXbnZcSffW40XKCj3+wsptds/HNpoMCG0pL8OgU7JCRJqyTJMPR+GX0PiXx0Hk5NtAqPyqLeRt3TDsUksuxBwxgga7bP4Af2LlTXX+mGeuuaBO+e71Kx62hNPLPXLhAnBIcP7fmxekO7+YTZkh66C0gn6e3YN Generated-by-Nova", "private_key": "-----BEGIN RSA PRIVATE KEY-----\nMIIEqQIBAAKCAQEAzHOS3cRSPG9/ILtEcgGvdySwMo4LVx87TM6NsErrYGvvhNkw\nDpy9rOeNbldIinBTSaWh4D9BLPmqALAT1wsJFRMk0AvYKnCIJi0y36ABnmeZZK0T\ndqI57p13rTpRgfgG14surNafH6ud39mVCZoDrDGPtnQCCD9vbbNulhKyH4VI7f0O\nuUML0s+FEl252XEn31uNFygo9/sLKbXbPxzaaDAhtKS/DoFOyQkSaskyTD0fhl9D\n4l8dB5OTbQKj8qi3kbd0w7FJLLsQcMYIGu2z+AH9i5U11/phnrrmgTvnu9SsetoT\nTyz1y4QJwSHD+35sXpDu/mE2ZIeugtIJ+nt2DQIDAQABAoIBAQDF4BHD60+ASJUs\n07JR+Qme8XZK56lYH9Uf6EW/2zLl9nEyDZZyfgchwlXi9j0yJ7akb9c1F2N4KQb9\ndW0uUvLuX8HgTaZgpNtQv6wePVlzu2b9xnkw95/ELsl2chwTAz9z+7Qn+ey2FT5O\nOeMCEPr+/FTQTITvAJ5S+TfNrbiRwY4x4iHL2bye0dugoPvPJNmzsjwyBqDOO8i6\n1vC059mu8J0iljnwxT0LZe6Z40u/MB97/XJSeV8ct7B5rwWiOJbd1B7EUGGMOeuH\nNmCTC4lEYYA2cnzk3Xoup41bmJwktnoAKyNlMv0Lh/S+MHTJ6LHIBJO3RvvgwGBF\ne1wJoBLBAoIAgQDfMQJhofrec9xO5xb+7kcy6+apazXb4WV40Sguj32EgUHh97wU\nVWLvqbILs0GKXanmn4bZZI5rDVj3Z5ScdLHT8wRv/ItIU7HO91cPExo8D3gSOpLM\n7Ot9qiNwj7vax+mw0PXl4YupZjfRCFJgbvXj6v8iFRtm/uK1ngzf7kN2PQKCAIEA\n6oFamvQEZgzkW3a+Pyhth0AFGrzoEQVXDdVJoA/f+2Ig7cgsAWy3XYR+mWwqemZX\nEzBWW76EiIseUPZI4WxmF8quAvjZ7uSnaGKNwZs8ngVN58f2wrKiHaQ+bSLdYFPO\nkyLwUMQj71n7E5YE14Odp5o+wriME5D5V0OgPaFozBECggCAB/EagJbe8mN1B2m5\nq8CWz/0M7CJgfD58+duXbnC0qq5excem7aJMLvL+3uO2BVJn5Ujv53RojO6gp80L\nwLV2TnBrTADUg/JWdWLfui2X1WNHhn6HErurdYFEWZEDwjky25PT7CYmbhSxD8MY\nC05neYC3K2NM4lFXh9bj5mP4CpECggCBAI0waH7W4DcZF/xBl/Wqv5co4mngxtBI\nqMs5WWS3aiGOSUkgte39qMDzXs28pC6ho1d4SOZf5KfZKt2QCv0+KJG2g+JiNcRx\ngqGEhNjGQE7b3rXoXReIObcjBjrrPOIcU0mfRZU7Im+fe12lezDOm4MniRXvytaU\n+KqjmrzAi7ohAoIAgCkSBRTIW+SKITsXQceRWO9QioURYRAmAQ68aTGXHC1Hnfrt\nGDCjmE3J6iUhoK7n4pcl3Wxh+eK6wlmECLxpqT7q31ZFjvvV7cBEDwko0+pvWW8d\n3wuQ69VF70M2Qy73iLM02AViaY63EaSHeGw3SDO/sgXQ0e/B0RXc2w5MEDCx\n-----END RSA PRIVATE KEY-----\n", "user_id": "81d124abac4e41daa4bb1d5a0f93885b", "name": "tempest-TestNetworkBasicOps-1768000882", "fingerprint": "cd:ba:70:a3:6b:ac:05:3d:b7:eb:20:22:fa:53:42:18"}}
2015-12-10 21:09:56,681 23847 INFO     [tempest_lib.common.rest_client] Request (TestNetworkBasicOps:test_connectivity_between_vms_on_different_networks): 200 POST http://10.0.2.15:5000/v2.0/tokens
2015-12-10 21:09:56,681 23847 DEBUG    [tempest_lib.common.rest_client] Request - Headers: {'Content-Type': 'application/json', 'Accept': 'application/json'}
        Body: &lt;omitted&gt;
    Response - Headers: {'status': '200', 'content-length': '2530', 'vary': 'X-Auth-Token', 'server': 'Apache/2.4.7 (Ubuntu)', 'connection': 'close', 'date': 'Thu, 10 Dec 2015 21:09:56 GMT', 'content-type': 'application/json', 'x-openstack-request-id': 'req-f0b990cb-1267-457d-985e-1e30bfe57c1b'}
        Body: {"access": {"token": {"issued_at": "2015-12-10T21:09:56.668557", "expires": "2015-12-10T22:09:56Z", "id": "30a8ac1c06a1404ea4f78c1ef21dd242", "tenant": {"description": "tempest-TestNetworkBasicOps-1967311670-desc", "enabled": true, "id": "6a903d625cbe4fb18cc4585a60791b6d", "name": "tempest-TestNetworkBasicOps-1967311670"}, "audit_ids": ["RaDZgw4TTNqbu4Tr5p3o_Q"]}, "serviceCatalog": [{"endpoints": [{"adminURL": "http://10.0.2.15:8774/v2.1/6a903d625cbe4fb18cc4585a60791b6d", "region": "RegionOne", "internalURL": "http://10.0.2.15:8774/v2.1/6a903d625cbe4fb18cc4585a60791b6d", "id": "47fcbbc400f8408c943a2229fd65947c", "publicURL": "http://10.0.2.15:8774/v2.1/6a903d625cbe4fb18cc4585a60791b6d"}], "endpoints_links": [], "type": "compute", "name": "nova"}, {"endpoints": [{"adminURL": "http://10.0.2.15:9696/", "region": "RegionOne", "internalURL": "http://10.0.2.15:9696/", "id": "08798ebff24a480a8a54fd24dbfaf443", "publicURL": "http://10.0.2.15:9696/"}], "endpoints_links": [], "type": "network", "name": "neutron"}, {"endpoints": [{"adminURL": "http://10.0.2.15:9292", "region": "RegionOne", "internalURL": "http://10.0.2.15:9292", "id": "056d5d37e6fe45da8da1fd1cfc058632", "publicURL": "http://10.0.2.15:9292"}], "endpoints_links": [], "type": "image", "name": "glance"}, {"endpoints": [{"adminURL": "http://10.0.2.15:8774/v2/6a903d625cbe4fb18cc4585a60791b6d", "region": "RegionOne", "internalURL": "http://10.0.2.15:8774/v2/6a903d625cbe4fb18cc4585a60791b6d", "id": "006366a5ce8a44b29f22dfd3f83d69d8", "publicURL": "http://10.0.2.15:8774/v2/6a903d625cbe4fb18cc4585a60791b6d"}], "endpoints_links": [], "type": "compute_legacy", "name": "nova_legacy"}, {"endpoints": [{"adminURL": "http://10.0.2.15:8773/", "region": "RegionOne", "internalURL": "http://10.0.2.15:8773/", "id": "50c1c72694dc45608f3a17a27f248e46", "publicURL": "http://10.0.2.15:8773/"}], "endpoints_links": [], "type": "ec2", "name": "ec2"}, {"endpoints": [{"adminURL": "http://10.0.2.15:35357/v2.0", "region": "RegionOne", "internalURL": "http://10.0.2.15:5000/v2.0", "id": "270f8eb85b2d44068b03da48e3493481", "publicURL": "http://10.0.2.15:5000/v2.0"}], "endpoints_links": [], "type": "identity", "name": "keystone"}], "user": {"username": "tempest-TestNetworkBasicOps-2084749408", "roles_links": [], "id": "81d124abac4e41daa4bb1d5a0f93885b", "roles": [{"name": "_member_"}, {"name": "Member"}], "name": "tempest-TestNetworkBasicOps-2084749408"}, "metadata": {"is_admin": 0, "roles": ["9fe2ff9ee4384b1894a90878d3e92bab", "00773a9d0dbf40809fad0da4529610f2"]}}}
2015-12-10 21:09:56,686 23847 DEBUG    [tempest.common.fixed_network] (TestNetworkBasicOps:test_connectivity_between_vms_on_different_networks) No valid network provided or created, defaulting to fixed_network_name
2015-12-10 21:09:56,961 23847 INFO     [tempest_lib.common.rest_client] Request (TestNetworkBasicOps:test_connectivity_between_vms_on_different_networks): 200 GET http://10.0.2.15:8774/v2.1/6a903d625cbe4fb18cc4585a60791b6d/os-networks 0.275s
2015-12-10 21:09:56,962 23847 DEBUG    [tempest_lib.common.rest_client] Request - Headers: {'Content-Type': 'application/json', 'Accept': 'application/json', 'X-Auth-Token': '&lt;omitted&gt;'}
        Body: None
    Response - Headers: {'status': '200', 'content-length': '478', 'content-location': 'http://10.0.2.15:8774/v2.1/6a903d625cbe4fb18cc4585a60791b6d/os-networks', 'x-compute-request-id': 'req-f1cc17ff-fbd0-4661-849e-157aba445375', 'vary': 'X-OpenStack-Nova-API-Version', 'connection': 'close', 'x-openstack-nova-api-version': '2.1', 'date': 'Thu, 10 Dec 2015 21:09:56 GMT', 'content-type': 'application/json'}
        Body: {"networks": [{"cidr_v6": null, "dns2": null, "dns1": null, "gateway": null, "broadcast": null, "netmask": null, "gateway_v6": null, "cidr": null, "label": "public", "id": "13e5ac9a-8e6e-4b40-9f85-059da196c39d", "netmask_v6": null}, {"cidr_v6": null, "dns2": null, "dns1": null, "gateway": null, "broadcast": null, "netmask": null, "gateway_v6": null, "cidr": null, "label": "tempest-network-smoke--302789514", "id": "b1e8a933-cadd-4d7f-8a29-ca16bc410e67", "netmask_v6": null}]}
2015-12-10 21:09:56,962 23847 WARNING  [tempest.common.fixed_network] (TestNetworkBasicOps:test_connectivity_between_vms_on_different_networks) Network with name: private not found
2015-12-10 21:09:56,962 23847 INFO     [tempest.common.fixed_network] (TestNetworkBasicOps:test_connectivity_between_vms_on_different_networks) Found network {} available for tenant
2015-12-10 21:09:58,164 23847 INFO     [tempest_lib.common.rest_client] Request (TestNetworkBasicOps:test_connectivity_between_vms_on_different_networks): 202 POST http://10.0.2.15:8774/v2.1/6a903d625cbe4fb18cc4585a60791b6d/servers 1.200s
2015-12-10 21:09:58,164 23847 DEBUG    [tempest_lib.common.rest_client] Request - Headers: {'Content-Type': 'application/json', 'Accept': 'application/json', 'X-Auth-Token': '&lt;omitted&gt;'}
        Body: {"server": {"name": "tempest.common.compute-instance-1879305980", "imageRef": "98dfab12-31f1-42cf-b69c-8b086356f741", "key_name": "tempest-TestNetworkBasicOps-1768000882", "flavorRef": "42", "networks": [{"uuid": "b1e8a933-cadd-4d7f-8a29-ca16bc410e67"}], "security_groups": [{"name": "tempest-secgroup-smoke-463379612"}]}}
    Response - Headers: {'status': '202', 'content-length': '461', 'x-compute-request-id': 'req-46020ce0-3f9b-46a8-a923-383a09b856c5', 'vary': 'X-OpenStack-Nova-API-Version', 'connection': 'close', 'location': 'http://10.0.2.15:8774/v2.1/6a903d625cbe4fb18cc4585a60791b6d/servers/b8528325-0db0-4f2c-891f-79aad482c77a', 'x-openstack-nova-api-version': '2.1', 'date': 'Thu, 10 Dec 2015 21:09:58 GMT', 'content-type': 'application/json'}
        Body: {"server": {"security_groups": [{"name": "tempest-secgroup-smoke-463379612"}], "OS-DCF:diskConfig": "MANUAL", "id": "b8528325-0db0-4f2c-891f-79aad482c77a", "links": [{"href": "http://10.0.2.15:8774/v2.1/6a903d625cbe4fb18cc4585a60791b6d/servers/b8528325-0db0-4f2c-891f-79aad482c77a", "rel": "self"}, {"href": "http://10.0.2.15:8774/6a903d625cbe4fb18cc4585a60791b6d/servers/b8528325-0db0-4f2c-891f-79aad482c77a", "rel": "bookmark"}], "adminPass": "vUQ53RWerQ5n"}}
2015-12-10 21:09:58,373 23847 INFO     [tempest_lib.common.rest_client] Request (TestNetworkBasicOps:test_connectivity_between_vms_on_different_networks): 200 GET http://10.0.2.15:8774/v2.1/6a903d625cbe4fb18cc4585a60791b6d/servers/b8528325-0db0-4f2c-891f-79aad482c77a 0.204s
2015-12-10 21:09:58,373 23847 DEBUG    [tempest_lib.common.rest_client] Request - Headers: {'Content-Type': 'application/json', 'Accept': 'application/json', 'X-Auth-Token': '&lt;omitted&gt;'}
        Body: None
    Response - Headers: {'status': '200', 'content-length': '1356', 'content-location': 'http://10.0.2.15:8774/v2.1/6a903d625cbe4fb18cc4585a60791b6d/servers/b8528325-0db0-4f2c-891f-79aad482c77a', 'x-compute-request-id': 'req-90d8b2a6-6260-4fb9-99a2-754776bf8352', 'vary': 'X-OpenStack-Nova-API-Version', 'connection': 'close', 'x-openstack-nova-api-version': '2.1', 'date': 'Thu, 10 Dec 2015 21:09:58 GMT', 'content-type': 'application/json'}
        Body: {"server": {"status": "BUILD", "updated": "2015-12-10T21:09:58Z", "hostId": "", "addresses": {}, "links": [{"href": "http://10.0.2.15:8774/v2.1/6a903d625cbe4fb18cc4585a60791b6d/servers/b8528325-0db0-4f2c-891f-79aad482c77a", "rel": "self"}, {"href": "http://10.0.2.15:8774/6a903d625cbe4fb18cc4585a60791b6d/servers/b8528325-0db0-4f2c-891f-79aad482c77a", "rel": "bookmark"}], "key_name": "tempest-TestNetworkBasicOps-1768000882", "image": {"id": "98dfab12-31f1-42cf-b69c-8b086356f741", "links": [{"href": "http://10.0.2.15:8774/6a903d625cbe4fb18cc4585a60791b6d/images/98dfab12-31f1-42cf-b69c-8b086356f741", "rel": "bookmark"}]}, "OS-EXT-STS:task_state": "scheduling", "OS-EXT-STS:vm_state": "building", "OS-SRV-USG:launched_at": null, "flavor": {"id": "42", "links": [{"href": "http://10.0.2.15:8774/6a903d625cbe4fb18cc4585a60791b6d/flavors/42", "rel": "bookmark"}]}, "id": "b8528325-0db0-4f2c-891f-79aad482c77a", "OS-SRV-USG:terminated_at": null, "OS-EXT-AZ:availability_zone": "", "user_id": "81d124abac4e41daa4bb1d5a0f93885b", "name": "tempest.common.compute-instance-1879305980", "created": "2015-12-10T21:09:58Z", "tenant_id": "6a903d625cbe4fb18cc4585a60791b6d", "OS-DCF:diskConfig": "MANUAL", "os-extended-volumes:volumes_attached": [], "accessIPv4": "", "accessIPv6": "", "progress": 0, "OS-EXT-STS:power_state": 0, "config_drive": "", "metadata": {}}}
2015-12-10 21:09:59,614 23847 INFO     [tempest_lib.common.rest_client] Request (TestNetworkBasicOps:test_connectivity_between_vms_on_different_networks): 200 GET http://10.0.2.15:8774/v2.1/6a903d625cbe4fb18cc4585a60791b6d/servers/b8528325-0db0-4f2c-891f-79aad482c77a 0.225s
2015-12-10 21:09:59,615 23847 DEBUG    [tempest_lib.common.rest_client] Request - Headers: {'Content-Type': 'application/json', 'Accept': 'application/json', 'X-Auth-Token': '&lt;omitted&gt;'}
        Body: None
    Response - Headers: {'status': '200', 'content-length': '1481', 'content-location': 'http://10.0.2.15:8774/v2.1/6a903d625cbe4fb18cc4585a60791b6d/servers/b8528325-0db0-4f2c-891f-79aad482c77a', 'x-compute-request-id': 'req-133a4cbc-b3eb-4b7a-a596-06376398df29', 'vary': 'X-OpenStack-Nova-API-Version', 'connection': 'close', 'x-openstack-nova-api-version': '2.1', 'date': 'Thu, 10 Dec 2015 21:09:59 GMT', 'content-type': 'application/json'}
        Body: {"server": {"status": "BUILD", "updated": "2015-12-10T21:09:59Z", "hostId": "d7457971844fc2b2e729a5288cd8721c1c0e60146e20ddfeed141202", "addresses": {}, "links": [{"href": "http://10.0.2.15:8774/v2.1/6a903d625cbe4fb18cc4585a60791b6d/servers/b8528325-0db0-4f2c-891f-79aad482c77a", "rel": "self"}, {"href": "http://10.0.2.15:8774/6a903d625cbe4fb18cc4585a60791b6d/servers/b8528325-0db0-4f2c-891f-79aad482c77a", "rel": "bookmark"}], "key_name": "tempest-TestNetworkBasicOps-1768000882", "image": {"id": "98dfab12-31f1-42cf-b69c-8b086356f741", "links": [{"href": "http://10.0.2.15:8774/6a903d625cbe4fb18cc4585a60791b6d/images/98dfab12-31f1-42cf-b69c-8b086356f741", "rel": "bookmark"}]}, "OS-EXT-STS:task_state": "spawning", "OS-EXT-STS:vm_state": "building", "OS-SRV-USG:launched_at": null, "flavor": {"id": "42", "links": [{"href": "http://10.0.2.15:8774/6a903d625cbe4fb18cc4585a60791b6d/flavors/42", "rel": "bookmark"}]}, "id": "b8528325-0db0-4f2c-891f-79aad482c77a", "security_groups": [{"name": "tempest-secgroup-smoke-463379612"}], "OS-SRV-USG:terminated_at": null, "OS-EXT-AZ:availability_zone": "nova", "user_id": "81d124abac4e41daa4bb1d5a0f93885b", "name": "tempest.common.compute-instance-1879305980", "created": "2015-12-10T21:09:58Z", "tenant_id": "6a903d625cbe4fb18cc4585a60791b6d", "OS-DCF:diskConfig": "MANUAL", "os-extended-volumes:volumes_attached": [], "accessIPv4": "", "accessIPv6": "", "progress": 0, "OS-EXT-STS:power_state": 0, "config_drive": "", "metadata": {}}}
2015-12-10 21:09:59,624 23847 INFO     [tempest.common.waiters] State transition "BUILD/scheduling" ==&gt; "BUILD/spawning" after 1 second wait
2015-12-10 21:10:00,820 23847 INFO     [tempest_lib.common.rest_client] Request (TestNetworkBasicOps:test_connectivity_between_vms_on_different_networks): 200 GET http://10.0.2.15:8774/v2.1/6a903d625cbe4fb18cc4585a60791b6d/servers/b8528325-0db0-4f2c-891f-79aad482c77a 0.194s
2015-12-10 21:10:00,820 23847 DEBUG    [tempest_lib.common.rest_client] Request - Headers: {'Content-Type': 'application/json', 'Accept': 'application/json', 'X-Auth-Token': '&lt;omitted&gt;'}
        Body: None
    Response - Headers: {'status': '200', 'content-length': '1481', 'content-location': 'http://10.0.2.15:8774/v2.1/6a903d625cbe4fb18cc4585a60791b6d/servers/b8528325-0db0-4f2c-891f-79aad482c77a', 'x-compute-request-id': 'req-9aa34750-f485-45a9-b47c-9919e93aaa22', 'vary': 'X-OpenStack-Nova-API-Version', 'connection': 'close', 'x-openstack-nova-api-version': '2.1', 'date': 'Thu, 10 Dec 2015 21:10:00 GMT', 'content-type': 'application/json'}
        Body: {"server": {"status": "BUILD", "updated": "2015-12-10T21:09:59Z", "hostId": "d7457971844fc2b2e729a5288cd8721c1c0e60146e20ddfeed141202", "addresses": {}, "links": [{"href": "http://10.0.2.15:8774/v2.1/6a903d625cbe4fb18cc4585a60791b6d/servers/b8528325-0db0-4f2c-891f-79aad482c77a", "rel": "self"}, {"href": "http://10.0.2.15:8774/6a903d625cbe4fb18cc4585a60791b6d/servers/b8528325-0db0-4f2c-891f-79aad482c77a", "rel": "bookmark"}], "key_name": "tempest-TestNetworkBasicOps-1768000882", "image": {"id": "98dfab12-31f1-42cf-b69c-8b086356f741", "links": [{"href": "http://10.0.2.15:8774/6a903d625cbe4fb18cc4585a60791b6d/images/98dfab12-31f1-42cf-b69c-8b086356f741", "rel": "bookmark"}]}, "OS-EXT-STS:task_state": "spawning", "OS-EXT-STS:vm_state": "building", "OS-SRV-USG:launched_at": null, "flavor": {"id": "42", "links": [{"href": "http://10.0.2.15:8774/6a903d625cbe4fb18cc4585a60791b6d/flavors/42", "rel": "bookmark"}]}, "id": "b8528325-0db0-4f2c-891f-79aad482c77a", "security_groups": [{"name": "tempest-secgroup-smoke-463379612"}], "OS-SRV-USG:terminated_at": null, "OS-EXT-AZ:availability_zone": "nova", "user_id": "81d124abac4e41daa4bb1d5a0f93885b", "name": "tempest.common.compute-instance-1879305980", "created": "2015-12-10T21:09:58Z", "tenant_id": "6a903d625cbe4fb18cc4585a60791b6d", "OS-DCF:diskConfig": "MANUAL", "os-extended-volumes:volumes_attached": [], "accessIPv4": "", "accessIPv6": "", "progress": 0, "OS-EXT-STS:power_state": 0, "config_drive": "", "metadata": {}}}
2015-12-10 21:10:02,082 23847 INFO     [tempest_lib.common.rest_client] Request (TestNetworkBasicOps:test_connectivity_between_vms_on_different_networks): 200 GET http://10.0.2.15:8774/v2.1/6a903d625cbe4fb18cc4585a60791b6d/servers/b8528325-0db0-4f2c-891f-79aad482c77a 0.248s
2015-12-10 21:10:02,082 23847 DEBUG    [tempest_lib.common.rest_client] Request - Headers: {'Content-Type': 'application/json', 'Accept': 'application/json', 'X-Auth-Token': '&lt;omitted&gt;'}
        Body: None
    Response - Headers: {'status': '200', 'content-length': '1652', 'content-location': 'http://10.0.2.15:8774/v2.1/6a903d625cbe4fb18cc4585a60791b6d/servers/b8528325-0db0-4f2c-891f-79aad482c77a', 'x-compute-request-id': 'req-896a4b52-8e43-4be3-901a-d0624bb8fc14', 'vary': 'X-OpenStack-Nova-API-Version', 'connection': 'close', 'x-openstack-nova-api-version': '2.1', 'date': 'Thu, 10 Dec 2015 21:10:02 GMT', 'content-type': 'application/json'}
        Body: {"server": {"status": "ACTIVE", "updated": "2015-12-10T21:10:01Z", "hostId": "d7457971844fc2b2e729a5288cd8721c1c0e60146e20ddfeed141202", "addresses": {"tempest-network-smoke--302789514": [{"OS-EXT-IPS-MAC:mac_addr": "fa:16:3e:c9:9c:33", "version": 4, "addr": "10.100.0.3", "OS-EXT-IPS:type": "fixed"}]}, "links": [{"href": "http://10.0.2.15:8774/v2.1/6a903d625cbe4fb18cc4585a60791b6d/servers/b8528325-0db0-4f2c-891f-79aad482c77a", "rel": "self"}, {"href": "http://10.0.2.15:8774/6a903d625cbe4fb18cc4585a60791b6d/servers/b8528325-0db0-4f2c-891f-79aad482c77a", "rel": "bookmark"}], "key_name": "tempest-TestNetworkBasicOps-1768000882", "image": {"id": "98dfab12-31f1-42cf-b69c-8b086356f741", "links": [{"href": "http://10.0.2.15:8774/6a903d625cbe4fb18cc4585a60791b6d/images/98dfab12-31f1-42cf-b69c-8b086356f741", "rel": "bookmark"}]}, "OS-EXT-STS:task_state": null, "OS-EXT-STS:vm_state": "active", "OS-SRV-USG:launched_at": "2015-12-10T21:10:01.000000", "flavor": {"id": "42", "links": [{"href": "http://10.0.2.15:8774/6a903d625cbe4fb18cc4585a60791b6d/flavors/42", "rel": "bookmark"}]}, "id": "b8528325-0db0-4f2c-891f-79aad482c77a", "security_groups": [{"name": "tempest-secgroup-smoke-463379612"}], "OS-SRV-USG:terminated_at": null, "OS-EXT-AZ:availability_zone": "nova", "user_id": "81d124abac4e41daa4bb1d5a0f93885b", "name": "tempest.common.compute-instance-1879305980", "created": "2015-12-10T21:09:58Z", "tenant_id": "6a903d625cbe4fb18cc4585a60791b6d", "OS-DCF:diskConfig": "MANUAL", "os-extended-volumes:volumes_attached": [], "accessIPv4": "", "accessIPv6": "", "progress": 0, "OS-EXT-STS:power_state": 1, "config_drive": "True", "metadata": {}}}
2015-12-10 21:10:02,090 23847 INFO     [tempest.common.waiters] State transition "BUILD/spawning" ==&gt; "ACTIVE/None" after 4 second wait
2015-12-10 21:10:02,311 23847 INFO     [tempest_lib.common.rest_client] Request (TestNetworkBasicOps:test_connectivity_between_vms_on_different_networks): 200 GET http://10.0.2.15:8774/v2.1/6a903d625cbe4fb18cc4585a60791b6d/servers/b8528325-0db0-4f2c-891f-79aad482c77a 0.220s
2015-12-10 21:10:02,312 23847 DEBUG    [tempest_lib.common.rest_client] Request - Headers: {'Content-Type': 'application/json', 'Accept': 'application/json', 'X-Auth-Token': '&lt;omitted&gt;'}
        Body: None
    Response - Headers: {'status': '200', 'content-length': '1652', 'content-location': 'http://10.0.2.15:8774/v2.1/6a903d625cbe4fb18cc4585a60791b6d/servers/b8528325-0db0-4f2c-891f-79aad482c77a', 'x-compute-request-id': 'req-4b860464-1dd3-4d08-a65f-9fa74c181b5b', 'vary': 'X-OpenStack-Nova-API-Version', 'connection': 'close', 'x-openstack-nova-api-version': '2.1', 'date': 'Thu, 10 Dec 2015 21:10:02 GMT', 'content-type': 'application/json'}
        Body: {"server": {"status": "ACTIVE", "updated": "2015-12-10T21:10:01Z", "hostId": "d7457971844fc2b2e729a5288cd8721c1c0e60146e20ddfeed141202", "addresses": {"tempest-network-smoke--302789514": [{"OS-EXT-IPS-MAC:mac_addr": "fa:16:3e:c9:9c:33", "version": 4, "addr": "10.100.0.3", "OS-EXT-IPS:type": "fixed"}]}, "links": [{"href": "http://10.0.2.15:8774/v2.1/6a903d625cbe4fb18cc4585a60791b6d/servers/b8528325-0db0-4f2c-891f-79aad482c77a", "rel": "self"}, {"href": "http://10.0.2.15:8774/6a903d625cbe4fb18cc4585a60791b6d/servers/b8528325-0db0-4f2c-891f-79aad482c77a", "rel": "bookmark"}], "key_name": "tempest-TestNetworkBasicOps-1768000882", "image": {"id": "98dfab12-31f1-42cf-b69c-8b086356f741", "links": [{"href": "http://10.0.2.15:8774/6a903d625cbe4fb18cc4585a60791b6d/images/98dfab12-31f1-42cf-b69c-8b086356f741", "rel": "bookmark"}]}, "OS-EXT-STS:task_state": null, "OS-EXT-STS:vm_state": "active", "OS-SRV-USG:launched_at": "2015-12-10T21:10:01.000000", "flavor": {"id": "42", "links": [{"href": "http://10.0.2.15:8774/6a903d625cbe4fb18cc4585a60791b6d/flavors/42", "rel": "bookmark"}]}, "id": "b8528325-0db0-4f2c-891f-79aad482c77a", "security_groups": [{"name": "tempest-secgroup-smoke-463379612"}], "OS-SRV-USG:terminated_at": null, "OS-EXT-AZ:availability_zone": "nova", "user_id": "81d124abac4e41daa4bb1d5a0f93885b", "name": "tempest.common.compute-instance-1879305980", "created": "2015-12-10T21:09:58Z", "tenant_id": "6a903d625cbe4fb18cc4585a60791b6d", "OS-DCF:diskConfig": "MANUAL", "os-extended-volumes:volumes_attached": [], "accessIPv4": "", "accessIPv6": "", "progress": 0, "OS-EXT-STS:power_state": 1, "config_drive": "True", "metadata": {}}}
2015-12-10 21:10:02,320 23847 INFO     [tempest.scenario.manager] Tenant networks not configured to be reachable.
2015-12-10 21:10:02,351 23847 INFO     [tempest_lib.common.rest_client] Request (TestNetworkBasicOps:test_connectivity_between_vms_on_different_networks): 200 GET http://10.0.2.15:9696/v2.0/ports?status=ACTIVE&amp;fixed_ip=None&amp;device_id=b8528325-0db0-4f2c-891f-79aad482c77a 0.030s
2015-12-10 21:10:02,351 23847 DEBUG    [tempest_lib.common.rest_client] Request - Headers: {'Content-Type': 'application/json', 'Accept': 'application/json', 'X-Auth-Token': '&lt;omitted&gt;'}
        Body: None
    Response - Headers: {'status': '200', 'content-length': '895', 'content-location': 'http://10.0.2.15:9696/v2.0/ports?status=ACTIVE&amp;fixed_ip=None&amp;device_id=b8528325-0db0-4f2c-891f-79aad482c77a', 'connection': 'close', 'date': 'Thu, 10 Dec 2015 21:10:02 GMT', 'content-type': 'application/json; charset=UTF-8', 'x-openstack-request-id': 'req-6d7af50b-174b-4631-b380-443b0b3fbcdf'}
        Body: {"ports": [{"status": "ACTIVE", "binding:host_id": "vagrant-ubuntu-trusty-64", "allowed_address_pairs": [], "extra_dhcp_opts": [], "dns_assignment": [{"hostname": "host-10-100-0-3", "ip_address": "10.100.0.3", "fqdn": "host-10-100-0-3.openstacklocal."}], "device_owner": "compute:None", "port_security_enabled": true, "binding:profile": {}, "fixed_ips": [{"subnet_id": "096b7f45-4ad7-46f3-972c-b7a4a111d676", "ip_address": "10.100.0.3"}], "id": "faf058c4-c6a4-4c01-8024-53af185387b6", "security_groups": ["03d56f62-665b-4964-9a52-a29c04d50baa"], "device_id": "b8528325-0db0-4f2c-891f-79aad482c77a", "name": "", "admin_state_up": true, "network_id": "b1e8a933-cadd-4d7f-8a29-ca16bc410e67", "dns_name": "", "binding:vif_details": {"port_filter": true}, "binding:vnic_type": "normal", "binding:vif_type": "ovs", "tenant_id": "6a903d625cbe4fb18cc4585a60791b6d", "mac_address": "fa:16:3e:c9:9c:33"}]}
2015-12-10 21:10:02,744 23847 INFO     [tempest_lib.common.rest_client] Request (TestNetworkBasicOps:test_connectivity_between_vms_on_different_networks): 201 POST http://10.0.2.15:9696/v2.0/floatingips 0.392s
2015-12-10 21:10:02,744 23847 DEBUG    [tempest_lib.common.rest_client] Request - Headers: {'Content-Type': 'application/json', 'Accept': 'application/json', 'X-Auth-Token': '&lt;omitted&gt;'}
        Body: {"floatingip": {"floating_network_id": "13e5ac9a-8e6e-4b40-9f85-059da196c39d", "tenant_id": "6a903d625cbe4fb18cc4585a60791b6d", "fixed_ip_address": "10.100.0.3", "port_id": "faf058c4-c6a4-4c01-8024-53af185387b6"}}
    Response - Headers: {'status': '201', 'content-length': '367', 'connection': 'close', 'date': 'Thu, 10 Dec 2015 21:10:02 GMT', 'content-type': 'application/json; charset=UTF-8', 'x-openstack-request-id': 'req-13bd5289-1350-40d9-94ad-4b7c620ea29c'}
        Body: {"floatingip": {"floating_network_id": "13e5ac9a-8e6e-4b40-9f85-059da196c39d", "router_id": "fae49fa6-6b5e-42ce-bdf8-8310ca1be6a3", "fixed_ip_address": "10.100.0.3", "floating_ip_address": "172.24.4.4", "tenant_id": "6a903d625cbe4fb18cc4585a60791b6d", "status": "DOWN", "port_id": "faf058c4-c6a4-4c01-8024-53af185387b6", "id": "5abd98ab-6239-49dc-913c-d88a148e2ad4"}}
2015-12-10 21:10:02,756 23847 INFO     [tempest_lib.common.rest_client] Request (TestNetworkBasicOps:test_connectivity_between_vms_on_different_networks): 200 GET http://10.0.2.15:9696/v2.0/floatingips/5abd98ab-6239-49dc-913c-d88a148e2ad4 0.011s
2015-12-10 21:10:02,757 23847 DEBUG    [tempest_lib.common.rest_client] Request - Headers: {'Content-Type': 'application/json', 'Accept': 'application/json', 'X-Auth-Token': '&lt;omitted&gt;'}
        Body: None
    Response - Headers: {'status': '200', 'content-length': '367', 'content-location': 'http://10.0.2.15:9696/v2.0/floatingips/5abd98ab-6239-49dc-913c-d88a148e2ad4', 'connection': 'close', 'date': 'Thu, 10 Dec 2015 21:10:02 GMT', 'content-type': 'application/json; charset=UTF-8', 'x-openstack-request-id': 'req-df3e92e1-3be5-4a01-a59d-7c393a98478a'}
        Body: {"floatingip": {"floating_network_id": "13e5ac9a-8e6e-4b40-9f85-059da196c39d", "router_id": "fae49fa6-6b5e-42ce-bdf8-8310ca1be6a3", "fixed_ip_address": "10.100.0.3", "floating_ip_address": "172.24.4.4", "tenant_id": "6a903d625cbe4fb18cc4585a60791b6d", "status": "DOWN", "port_id": "faf058c4-c6a4-4c01-8024-53af185387b6", "id": "5abd98ab-6239-49dc-913c-d88a148e2ad4"}}
2015-12-10 21:10:03,770 23847 INFO     [tempest_lib.common.rest_client] Request (TestNetworkBasicOps:test_connectivity_between_vms_on_different_networks): 200 GET http://10.0.2.15:9696/v2.0/floatingips/5abd98ab-6239-49dc-913c-d88a148e2ad4 0.011s
2015-12-10 21:10:03,770 23847 DEBUG    [tempest_lib.common.rest_client] Request - Headers: {'Content-Type': 'application/json', 'Accept': 'application/json', 'X-Auth-Token': '&lt;omitted&gt;'}
        Body: None
    Response - Headers: {'status': '200', 'content-length': '369', 'content-location': 'http://10.0.2.15:9696/v2.0/floatingips/5abd98ab-6239-49dc-913c-d88a148e2ad4', 'connection': 'close', 'date': 'Thu, 10 Dec 2015 21:10:03 GMT', 'content-type': 'application/json; charset=UTF-8', 'x-openstack-request-id': 'req-3b9e4768-e3d3-4df2-8590-ef636d3897ce'}
        Body: {"floatingip": {"floating_network_id": "13e5ac9a-8e6e-4b40-9f85-059da196c39d", "router_id": "fae49fa6-6b5e-42ce-bdf8-8310ca1be6a3", "fixed_ip_address": "10.100.0.3", "floating_ip_address": "172.24.4.4", "tenant_id": "6a903d625cbe4fb18cc4585a60791b6d", "status": "ACTIVE", "port_id": "faf058c4-c6a4-4c01-8024-53af185387b6", "id": "5abd98ab-6239-49dc-913c-d88a148e2ad4"}}
2015-12-10 21:10:03,770 23847 INFO     [tempest.scenario.manager] FloatingIP: &lt;"FloatingIP" addr="172.24.4.4" id="5abd98ab-6239-49dc-913c-d88a148e2ad4"&gt; is at status: ACTIVE
2015-12-10 21:10:03,771 23847 DEBUG    [tempest.scenario.manager] checking network connections to IP 172.24.4.4 with user: cirros
2015-12-10 21:10:03,771 23847 DEBUG    [tempest.scenario.manager] TestNetworkBasicOps:test_connectivity_between_vms_on_different_networks begins to ping 172.24.4.4 in 120 sec and the expected result is reachable
2015-12-10 21:12:04,105 23847 DEBUG    [tempest.scenario.manager] TestNetworkBasicOps:test_connectivity_between_vms_on_different_networks finishes ping 172.24.4.4 in 120 sec and the ping result is unexpected
2015-12-10 21:12:04,106 23847 ERROR    [tempest.scenario.manager] Public network connectivity check failed
2015-12-10 21:12:04.106 23847 ERROR tempest.scenario.manager Traceback (most recent call last):
2015-12-10 21:12:04.106 23847 ERROR tempest.scenario.manager   File "tempest/scenario/manager.py", line 606, in check_public_network_connectivity
2015-12-10 21:12:04.106 23847 ERROR tempest.scenario.manager     should_connect=should_connect)
2015-12-10 21:12:04.106 23847 ERROR tempest.scenario.manager   File "tempest/scenario/manager.py", line 590, in check_vm_connectivity
2015-12-10 21:12:04.106 23847 ERROR tempest.scenario.manager     msg=msg)
2015-12-10 21:12:04.106 23847 ERROR tempest.scenario.manager   File "/usr/local/lib/python2.7/dist-packages/unittest2/case.py", line 702, in assertTrue
2015-12-10 21:12:04.106 23847 ERROR tempest.scenario.manager     raise self.failureException(msg)
2015-12-10 21:12:04.106 23847 ERROR tempest.scenario.manager AssertionError: False is not true : Timed out waiting for 172.24.4.4 to become reachable
2015-12-10 21:12:04.106 23847 ERROR tempest.scenario.manager 
2015-12-10 21:12:04,338 23847 INFO     [tempest_lib.common.rest_client] Request (TestNetworkBasicOps:test_connectivity_between_vms_on_different_networks): 200 POST http://10.0.2.15:8774/v2.1/6a903d625cbe4fb18cc4585a60791b6d/servers/b8528325-0db0-4f2c-891f-79aad482c77a/action 0.227s
2015-12-10 21:12:04,339 23847 DEBUG    [tempest_lib.common.rest_client] Request - Headers: {'Content-Type': 'application/json', 'Accept': 'application/json', 'X-Auth-Token': '&lt;omitted&gt;'}
        Body: {"os-getConsoleOutput": {}}
    Response - Headers: {'status': '200', 'content-length': '17429', 'x-compute-request-id': 'req-d38b346b-e562-4c1c-bc19-7a855830d910', 'vary': 'X-OpenStack-Nova-API-Version', 'connection': 'close', 'x-openstack-nova-api-version': '2.1', 'date': 'Thu, 10 Dec 2015 21:12:04 GMT', 'content-type': 'application/json'}
        Body: {"output": "[    0.000000] Initializing cgroup subsys cpuset\n[    0.000000] Initializing cgroup subsys cpu\n[    0.000000] Linux version 3.2.0-80-virtual (buildd@batsu) (gcc version 4.6.3 (Ubuntu/Linaro 4.6.3-1ubuntu5) ) #116-Ubuntu SMP Mon Mar 23 17:28:52 UTC 2015 (Ubuntu 3.2.0-80.116-virtual 3.2.68)\n[    0.000000] Command line: root=/dev/vda console=tty0 console=ttyS0 no_timer_check\n[    0.000000] KERNEL supported cpus:\n[    0.000000]   Intel GenuineIntel\n[    0.000000]   AMD AuthenticAMD\n[    0.000000]   Centaur CentaurHauls\n[    0.000000] BIOS-provided physical RAM map:\n[    0.000000]  BIOS-e820: 0000000000000000 - 000000000009fc00 (usable)\n[    0.000000]  BIOS-e820: 000000000009fc00 - 00000000000a0000 (reserved)\n[    0.000000]  BIOS-e820: 00000000000f0000 - 0000000000100000 (reserved)\n[    0.000000]  BIOS-e820: 0000000000100000 - 0000000003ffe000 (usable)\n[    0.000000]  BIOS-e820: 0000000003ffe000 - 0000000004000000 (reserved)\n[    0.000000]  BIOS-e820: 00000000fffc0000 - 0000000100000000 (reserved)\n[    0.000000] NX (Execute Disable) protection: active\n[    0.000000] SMBIOS 2.4 present.\n[    0.000000] No AGP bridge found\n[    0.000000] last_pfn = 0x3ffe max_arch_pfn = 0x400000000\n[    0.000000] x86 PAT enabled: cpu 0, old 0x7040600070406, new 0x7010600070106\n[    0.000000] found SMP MP-table at [ffff8800000f0b00] f0b00\n[    0.000000] init_memory_mapping: 0000000000000000-0000000003ffe000\n[    0.000000] RAMDISK: 03c5e000 - 03ff0000\n[    0.000000] ACPI: RSDP 00000000000f0950 00014 (v00 BOCHS )\n[    0.000000] ACPI: RSDT 0000000003fffbc1 00034 (v01 BOCHS  BXPCRSDT 00000001 BXPC 00000001)\n[    0.000000] ACPI: FACP 0000000003fff1c0 00074 (v01 BOCHS  BXPCFACP 00000001 BXPC 00000001)\n[    0.000000] ACPI: DSDT 0000000003ffe040 01180 (v01 BOCHS  BXPCDSDT 00000001 BXPC 00000001)\n[    0.000000] ACPI: FACS 0000000003ffe000 00040\n[    0.000000] ACPI: SSDT 0000000003fff234 008DD (v01 BOCHS  BXPCSSDT 00000001 BXPC 00000001)\n[    0.000000] ACPI: APIC 0000000003fffb11 00078 (v01 BOCHS  BXPCAPIC 00000001 BXPC 00000001)\n[    0.000000] ACPI: HPET 0000000003fffb89 00038 (v01 BOCHS  BXPCHPET 00000001 BXPC 00000001)\n[    0.000000] No NUMA configuration found\n[    0.000000] Faking a node at 0000000000000000-0000000003ffe000\n[    0.000000] Initmem setup node 0 0000000000000000-0000000003ffe000\n[    0.000000]   NODE_DATA [0000000003ff6000 - 0000000003ffafff]\n[    0.000000] Zone PFN ranges:\n[    0.000000]   DMA      0x00000010 -&gt; 0x00001000\n[    0.000000]   DMA32    0x00001000 -&gt; 0x00100000\n[    0.000000]   Normal   empty\n[    0.000000] Movable zone start PFN for each node\n[    0.000000] early_node_map[2] active PFN ranges\n[    0.000000]     0: 0x00000010 -&gt; 0x0000009f\n[    0.000000]     0: 0x00000100 -&gt; 0x00003ffe\n[    0.000000] ACPI: PM-Timer IO Port: 0xb008\n[    0.000000] ACPI: LAPIC (acpi_id[0x00] lapic_id[0x00] enabled)\n[    0.000000] ACPI: LAPIC_NMI (acpi_id[0xff] dfl dfl lint[0x1])\n[    0.000000] ACPI: IOAPIC (id[0x00] address[0xfec00000] gsi_base[0])\n[    0.000000] IOAPIC[0]: apic_id 0, version 17, address 0xfec00000, GSI 0-23\n[    0.000000] ACPI: INT_SRC_OVR (bus 0 bus_irq 0 global_irq 2 dfl dfl)\n[    0.000000] ACPI: INT_SRC_OVR (bus 0 bus_irq 5 global_irq 5 high level)\n[    0.000000] ACPI: INT_SRC_OVR (bus 0 bus_irq 9 global_irq 9 high level)\n[    0.000000] ACPI: INT_SRC_OVR (bus 0 bus_irq 10 global_irq 10 high level)\n[    0.000000] ACPI: INT_SRC_OVR (bus 0 bus_irq 11 global_irq 11 high level)\n[    0.000000] Using ACPI (MADT) for SMP configuration information\n[    0.000000] ACPI: HPET id: 0x8086a201 base: 0xfed00000\n[    0.000000] SMP: Allowing 1 CPUs, 0 hotplug CPUs\n[    0.000000] PM: Registered nosave memory: 000000000009f000 - 00000000000a0000\n[    0.000000] PM: Registered nosave memory: 00000000000a0000 - 00000000000f0000\n[    0.000000] PM: Registered nosave memory: 00000000000f0000 - 0000000000100000\n[    0.000000] Allocating PCI resources starting at 4000000 (gap: 4000000:fbfc0000)\n[    0.000000] Booting paravirtualized kernel on bare hardware\n[    0.000000] setup_pe
2015-12-10 21:12:04,342 23847 DEBUG    [tempest.scenario.manager] Console output for b8528325-0db0-4f2c-891f-79aad482c77a
body=
[    0.000000] Initializing cgroup subsys cpuset
[    0.000000] Initializing cgroup subsys cpu
[    0.000000] Linux version 3.2.0-80-virtual (buildd@batsu) (gcc version 4.6.3 (Ubuntu/Linaro 4.6.3-1ubuntu5) ) #116-Ubuntu SMP Mon Mar 23 17:28:52 UTC 2015 (Ubuntu 3.2.0-80.116-virtual 3.2.68)
[    0.000000] Command line: root=/dev/vda console=tty0 console=ttyS0 no_timer_check
[    0.000000] KERNEL supported cpus:
[    0.000000]   Intel GenuineIntel
[    0.000000]   AMD AuthenticAMD
[    0.000000]   Centaur CentaurHauls
[    0.000000] BIOS-provided physical RAM map:
[    0.000000]  BIOS-e820: 0000000000000000 - 000000000009fc00 (usable)
[    0.000000]  BIOS-e820: 000000000009fc00 - 00000000000a0000 (reserved)
[    0.000000]  BIOS-e820: 00000000000f0000 - 0000000000100000 (reserved)
[    0.000000]  BIOS-e820: 0000000000100000 - 0000000003ffe000 (usable)
[    0.000000]  BIOS-e820: 0000000003ffe000 - 0000000004000000 (reserved)
[    0.000000]  BIOS-e820: 00000000fffc0000 - 0000000100000000 (reserved)
[    0.000000] NX (Execute Disable) protection: active
[    0.000000] SMBIOS 2.4 present.
[    0.000000] No AGP bridge found
[    0.000000] last_pfn = 0x3ffe max_arch_pfn = 0x400000000
[    0.000000] x86 PAT enabled: cpu 0, old 0x7040600070406, new 0x7010600070106
[    0.000000] found SMP MP-table at [ffff8800000f0b00] f0b00
[    0.000000] init_memory_mapping: 0000000000000000-0000000003ffe000
[    0.000000] RAMDISK: 03c5e000 - 03ff0000
[    0.000000] ACPI: RSDP 00000000000f0950 00014 (v00 BOCHS )
[    0.000000] ACPI: RSDT 0000000003fffbc1 00034 (v01 BOCHS  BXPCRSDT 00000001 BXPC 00000001)
[    0.000000] ACPI: FACP 0000000003fff1c0 00074 (v01 BOCHS  BXPCFACP 00000001 BXPC 00000001)
[    0.000000] ACPI: DSDT 0000000003ffe040 01180 (v01 BOCHS  BXPCDSDT 00000001 BXPC 00000001)
[    0.000000] ACPI: FACS 0000000003ffe000 00040
[    0.000000] ACPI: SSDT 0000000003fff234 008DD (v01 BOCHS  BXPCSSDT 00000001 BXPC 00000001)
[    0.000000] ACPI: APIC 0000000003fffb11 00078 (v01 BOCHS  BXPCAPIC 00000001 BXPC 00000001)
[    0.000000] ACPI: HPET 0000000003fffb89 00038 (v01 BOCHS  BXPCHPET 00000001 BXPC 00000001)
[    0.000000] No NUMA configuration found
[    0.000000] Faking a node at 0000000000000000-0000000003ffe000
[    0.000000] Initmem setup node 0 0000000000000000-0000000003ffe000
[    0.000000]   NODE_DATA [0000000003ff6000 - 0000000003ffafff]
[    0.000000] Zone PFN ranges:
[    0.000000]   DMA      0x00000010 -&gt; 0x00001000
[    0.000000]   DMA32    0x00001000 -&gt; 0x00100000
[    0.000000]   Normal   empty
[    0.000000] Movable zone start PFN for each node
[    0.000000] early_node_map[2] active PFN ranges
[    0.000000]     0: 0x00000010 -&gt; 0x0000009f
[    0.000000]     0: 0x00000100 -&gt; 0x00003ffe
[    0.000000] ACPI: PM-Timer IO Port: 0xb008
[    0.000000] ACPI: LAPIC (acpi_id[0x00] lapic_id[0x00] enabled)
[    0.000000] ACPI: LAPIC_NMI (acpi_id[0xff] dfl dfl lint[0x1])
[    0.000000] ACPI: IOAPIC (id[0x00] address[0xfec00000] gsi_base[0])
[    0.000000] IOAPIC[0]: apic_id 0, version 17, address 0xfec00000, GSI 0-23
[    0.000000] ACPI: INT_SRC_OVR (bus 0 bus_irq 0 global_irq 2 dfl dfl)
[    0.000000] ACPI: INT_SRC_OVR (bus 0 bus_irq 5 global_irq 5 high level)
[    0.000000] ACPI: INT_SRC_OVR (bus 0 bus_irq 9 global_irq 9 high level)
[    0.000000] ACPI: INT_SRC_OVR (bus 0 bus_irq 10 global_irq 10 high level)
[    0.000000] ACPI: INT_SRC_OVR (bus 0 bus_irq 11 global_irq 11 high level)
[    0.000000] Using ACPI (MADT) for SMP configuration information
[    0.000000] ACPI: HPET id: 0x8086a201 base: 0xfed00000
[    0.000000] SMP: Allowing 1 CPUs, 0 hotplug CPUs
[    0.000000] PM: Registered nosave memory: 000000000009f000 - 00000000000a0000
[    0.000000] PM: Registered nosave memory: 00000000000a0000 - 00000000000f0000
[    0.000000] PM: Registered nosave memory: 00000000000f0000 - 0000000000100000
[    0.000000] Allocating PCI resources starting at 4000000 (gap: 4000000:fbfc0000)
[    0.000000] Booting paravirtualized kernel on bare hardware
[    0.000000] setup_percpu: NR_CPUS:64 nr_cpumask_bits:64 nr_cpu_ids:1 nr_node_ids:1
[    0.000000] PERCPU: Embedded 27 pages/cpu @ffff880003a00000 s78848 r8192 d23552 u2097152
[    0.000000] Built 1 zonelists in Node order, mobility grouping on.  Total pages: 16008
[    0.000000] Policy zone: DMA32
[    0.000000] Kernel command line: root=/dev/vda console=tty0 console=ttyS0 no_timer_check
[    0.000000] PID hash table entries: 256 (order: -1, 2048 bytes)
[    0.000000] Checking aperture...
[    0.000000] No AGP bridge found
[    0.000000] Memory: 43492k/65528k available (6576k kernel code, 452k absent, 21584k reserved, 6620k data, 928k init)
[    0.000000] SLUB: Genslabs=15, HWalign=64, Order=0-3, MinObjects=0, CPUs=1, Nodes=1
[    0.000000] Hierarchical RCU implementation.
[    0.000000] 	RCU dyntick-idle grace-period acceleration is enabled.
[    0.000000] NR_IRQS:4352 nr_irqs:256 16
[    0.000000] Console: colour VGA+ 80x25
[    0.000000] console [tty0] enabled
[    0.000000] console [ttyS0] enabled
[    0.000000] allocated 1048576 bytes of page_cgroup
[    0.000000] please try 'cgroup_disable=memory' option if you don't want memory cgroups
[    0.000000] Fast TSC calibration failed
[    0.000000] TSC: Unable to calibrate against PIT
[    0.000000] TSC: using HPET reference calibration
[    0.000000] Detected 2292.833 MHz processor.
[    0.032557] Calibrating delay loop (skipped), value calculated using timer frequency.. 4585.66 BogoMIPS (lpj=9171332)
[    0.034833] pid_max: default: 32768 minimum: 301
[    0.042792] Security Framework initialized
[    0.046697] AppArmor: AppArmor initialized
[    0.047218] Yama: becoming mindful.
[    0.054350] Dentry cache hash table entries: 8192 (order: 4, 65536 bytes)
[    0.055576] Inode-cache hash table entries: 4096 (order: 3, 32768 bytes)
[    0.056653] Mount-cache hash table entries: 256
[    0.072314] Initializing cgroup subsys cpuacct
[    0.073034] Initializing cgroup subsys memory
[    0.073864] Initializing cgroup subsys devices
[    0.075220] Initializing cgroup subsys freezer
[    0.076134] Initializing cgroup subsys blkio
[    0.076926] Initializing cgroup subsys perf_event
[    0.082151] mce: CPU supports 10 MCE banks
[    0.085059] SMP alternatives: switching to UP code
[    0.459250] Freeing SMP alternatives: 24k freed
[    0.460955] ACPI: Core revision 20110623
[    0.511462] ftrace: allocating 26610 entries in 105 pages
[    0.547505] ..TIMER: vector=0x30 apic1=0 pin1=2 apic2=-1 pin2=-1
[    0.548151] CPU0: AMD QEMU Virtual CPU version 2.0.0 stepping 03
[    0.552033] Performance Events: Broken PMU hardware detected, using software events only.
[    0.564851] NMI watchdog disabled (cpu0): hardware events not enabled
[    0.566462] Brought up 1 CPUs
[    0.567029] Total of 1 processors activated (4585.66 BogoMIPS).
[    0.589833] devtmpfs: initialized
[    0.620525] EVM: security.selinux
[    0.621473] EVM: security.SMACK64
[    0.622371] EVM: security.capability
[    0.653834] print_constraints: dummy: 
[    0.656842] RTC time: 21:10:05, date: 12/10/15
[    0.659696] NET: Registered protocol family 16
[    0.671064] ACPI: bus type pci registered
[    0.676318] PCI: Using configuration type 1 for base access
[    0.704702] bio: create slab &lt;bio-0&gt; at 0
[    0.709253] ACPI: Added _OSI(Module Device)
[    0.709939] ACPI: Added _OSI(Processor Device)
[    0.710467] ACPI: Added _OSI(3.0 _SCP Extensions)
[    0.711066] ACPI: Added _OSI(Processor Aggregator Device)
[    0.786407] ACPI: Interpreter enabled
[    0.788187] ACPI: (supports S0 S3 S4 S5)
[    0.790924] ACPI: Using IOAPIC for interrupt routing
[    0.860550] ACPI: No dock devices found.
[    0.861134] HEST: Table not found.
[    0.861715] PCI: Using host bridge windows from ACPI; if necessary, use "pci=nocrs" and report a bug
[    0.866605] ACPI: PCI Root Bridge [PCI0] (domain 0000 [bus 00-ff])
[    0.877524] pci_root PNP0A03:00: host bridge window [io  0x0000-0x0cf7]
[    0.878504] pci_root PNP0A03:00: host bridge window [io  0x0d00-0xadff]
[    0.880107] pci_root PNP0A03:00: host bridge window [io  0xae0f-0xaeff]
[    0.881140] pci_root PNP0A03:00: host bridge window [io  0xaf20-0xafdf]
[    0.881926] pci_root PNP0A03:00: host bridge window [io  0xafe4-0xffff]
[    0.882794] pci_root PNP0A03:00: host bridge window [mem 0x000a0000-0x000bffff]
[    0.884165] pci_root PNP0A03:00: host bridge window [mem 0x04000000-0xfebfffff]
[    0.908344] pci 0000:00:01.3: quirk: [io  0xb000-0xb03f] claimed by PIIX4 ACPI
[    0.909393] pci 0000:00:01.3: quirk: [io  0xb100-0xb10f] claimed by PIIX4 SMB
[    0.976554]  pci0000:00: Unable to request _OSC control (_OSC support mask: 0x1e)
[    1.043148] ACPI: PCI Interrupt Link [LNKA] (IRQs 5 *10 11)
[    1.046241] ACPI: PCI Interrupt Link [LNKB] (IRQs 5 *10 11)
[    1.049656] ACPI: PCI Interrupt Link [LNKC] (IRQs 5 10 *11)
[    1.054848] ACPI: PCI Interrupt Link [LNKD] (IRQs 5 10 *11)
[    1.057342] ACPI: PCI Interrupt Link [LNKS] (IRQs *9)
[    1.065394] vgaarb: device added: PCI:0000:00:02.0,decodes=io+mem,owns=io+mem,locks=none
[    1.066344] vgaarb: loaded
[    1.066775] vgaarb: bridge control possible 0000:00:02.0
[    1.070573] i2c-core: driver [aat2870] using legacy suspend method
[    1.072157] i2c-core: driver [aat2870] using legacy resume method
[    1.075027] SCSI subsystem initialized
[    1.081599] usbcore: registered new interface driver usbfs
[    1.084447] usbcore: registered new interface driver hub
[    1.086470] usbcore: registered new device driver usb
[    1.094529] PCI: Using ACPI for IRQ routing
[    1.112967] NetLabel: Initializing
[    1.113824] NetLabel:  domain hash size = 128
[    1.114993] NetLabel:  protocols = UNLABELED CIPSOv4
[    1.118869] NetLabel:  unlabeled traffic allowed by default
[    1.122087] HPET: 3 timers in total, 0 timers will be used for per-cpu timer
[    1.125380] hpet0: at MMIO 0xfed00000, IRQs 2, 8, 0
[    1.128810] hpet0: 3 comparators, 64-bit 100.000000 MHz counter
[    1.142023] Switching to clocksource hpet
[    1.378119] AppArmor: AppArmor Filesystem Enabled
[    1.379607] pnp: PnP ACPI init
[    1.381232] ACPI: bus type pnp registered
[    1.399447] pnp: PnP ACPI: found 9 devices
[    1.400025] ACPI: ACPI bus type pnp unregistered
[    1.453240] NET: Registered protocol family 2
[    1.485684] IP route cache hash table entries: 512 (order: 0, 4096 bytes)
[    1.493460] TCP established hash table entries: 2048 (order: 3, 32768 bytes)
[    1.494985] TCP bind hash table entries: 2048 (order: 3, 32768 bytes)
[    1.495956] TCP: Hash tables configured (established 2048 bind 2048)
[    1.497420] TCP reno registered
[    1.497954] UDP hash table entries: 128 (order: 0, 4096 bytes)
[    1.498873] UDP-Lite hash table entries: 128 (order: 0, 4096 bytes)
[    1.501234] NET: Registered protocol family 1
[    1.503024] pci 0000:00:00.0: Limiting direct PCI/PCI transfers
[    1.503824] pci 0000:00:01.0: PIIX3: Enabling Passive Release
[    1.505377] pci 0000:00:01.0: Activating ISA DMA hang workarounds
[    1.509454] ACPI: PCI Interrupt Link [LNKD] enabled at IRQ 11
[    1.510471] pci 0000:00:01.2: PCI INT D -&gt; Link[LNKD] -&gt; GSI 11 (level, high) -&gt; IRQ 11
[    1.513412] pci 0000:00:01.2: PCI INT D disabled
[    1.535433] Trying to unpack rootfs image as initramfs...
[    1.554810] audit: initializing netlink socket (disabled)
[    1.556070] type=2000 audit(1449781805.552:1): initialized
[    1.855990] HugeTLB registered 2 MB page size, pre-allocated 0 pages
[    1.947942] VFS: Disk quotas dquot_6.5.2
[    1.950354] Dquot-cache hash table entries: 512 (order 0, 4096 bytes)
[    1.978348] fuse init (API version 7.17)
[    1.987011] msgmni has been set to 84
[    2.030958] Block layer SCSI generic (bsg) driver version 0.4 loaded (major 253)
[    2.034150] io scheduler noop registered
[    2.035239] io scheduler deadline registered (default)
[    2.038557] io scheduler cfq registered
[    2.042988] pci_hotplug: PCI Hot Plug PCI Core version: 0.5
[    2.045784] pciehp: PCI Express Hot Plug Controller Driver version: 0.4
[    2.053530] input: Power Button as /devices/LNXSYSTM:00/LNXPWRBN:00/input/input0
[    2.055202] ACPI: Power Button [PWRF]
[    2.138808] ERST: Table is not found!
[    2.139306] GHES: HEST is not enabled!
[    2.151748] ACPI: PCI Interrupt Link [LNKC] enabled at IRQ 10
[    2.153799] virtio-pci 0000:00:03.0: PCI INT A -&gt; Link[LNKC] -&gt; GSI 10 (level, high) -&gt; IRQ 10
[    2.157653] virtio-pci 0000:00:04.0: PCI INT A -&gt; Link[LNKD] -&gt; GSI 11 (level, high) -&gt; IRQ 11
[    2.167476] ACPI: PCI Interrupt Link [LNKA] enabled at IRQ 10
[    2.168065] virtio-pci 0000:00:05.0: PCI INT A -&gt; Link[LNKA] -&gt; GSI 10 (level, high) -&gt; IRQ 10
[    2.186837] Serial: 8250/16550 driver, 32 ports, IRQ sharing enabled
[    2.230799] serial8250: ttyS0 at I/O 0x3f8 (irq = 4) is a 16550A
[    2.312959] serial8250: ttyS1 at I/O 0x2f8 (irq = 3) is a 16550A
[    2.425097] 00:05: ttyS0 at I/O 0x3f8 (irq = 4) is a 16550A
[    2.504357] 00:06: ttyS1 at I/O 0x2f8 (irq = 3) is a 16550A
[    2.517897] Refined TSC clocksource calibration: 2292.845 MHz.
[    2.518699] Switching to clocksource tsc
[    2.559368] Linux agpgart interface v0.103
[    2.627410] brd: module loaded
[    2.676096] loop: module loaded
[    2.736396]  vda: unknown partition table
[    2.791323] scsi0 : ata_piix
[    2.795204] scsi1 : ata_piix
[    2.797626] ata1: PATA max MWDMA2 cmd 0x1f0 ctl 0x3f6 bmdma 0xc0a0 irq 14
[    2.798551] ata2: PATA max MWDMA2 cmd 0x170 ctl 0x376 bmdma 0xc0a8 irq 15
[    2.809901] Fixed MDIO Bus: probed
[    2.810879] tun: Universal TUN/TAP device driver, 1.6
[    2.811445] tun: (C) 1999-2004 Max Krasnyansky &lt;maxk@qualcomm.com&gt;
[    2.826003] PPP generic driver version 2.4.2
[    2.842315] ehci_hcd: USB 2.0 'Enhanced' Host Controller (EHCI) Driver
[    2.843467] ohci_hcd: USB 1.1 'Open' Host Controller (OHCI) Driver
[    2.846478] uhci_hcd: USB Universal Host Controller Interface driver
[    2.847542] uhci_hcd 0000:00:01.2: PCI INT D -&gt; Link[LNKD] -&gt; GSI 11 (level, high) -&gt; IRQ 11
[    2.851044] uhci_hcd 0000:00:01.2: UHCI Host Controller
[    2.870692] uhci_hcd 0000:00:01.2: new USB bus registered, assigned bus number 1
[    2.873148] uhci_hcd 0000:00:01.2: irq 11, io base 0x0000c040
[    2.897444] hub 1-0:1.0: USB hub found
[    2.902618] hub 1-0:1.0: 2 ports detected
[    2.918316] usbcore: registered new interface driver libusual
[    2.922361] i8042: PNP: PS/2 Controller [PNP0303:KBD,PNP0f13:MOU] at 0x60,0x64 irq 1,12
[    2.930096] serio: i8042 KBD port at 0x60,0x64 irq 1
[    2.931870] serio: i8042 AUX port at 0x60,0x64 irq 12
[    2.991510] mousedev: PS/2 mouse device common for all mice
[    3.005458] input: AT Translated Set 2 keyboard as /devices/platform/i8042/serio0/input/input1
[    3.013173] rtc_cmos 00:01: RTC can wake from S4
[    3.037940] rtc_cmos 00:01: rtc core: registered rtc_cmos as rtc0
[    3.041637] rtc0: alarms up to one day, 114 bytes nvram, hpet irqs
[    3.045261] device-mapper: uevent: version 1.0.3
[    3.067160] device-mapper: ioctl: 4.22.0-ioctl (2011-10-19) initialised: dm-devel@redhat.com
[    3.070771] cpuidle: using governor ladder
[    3.071742] cpuidle: using governor menu
[    3.073357] EFI Variables Facility v0.08 2004-May-17
[    3.085373] TCP cubic registered
[    3.088135] NET: Registered protocol family 10
[    3.109174] NET: Registered protocol family 17
[    3.110525] Registering the dns_resolver key type
[    3.124123] ata2.01: ATAPI: QEMU DVD-ROM, 2.0.0, max UDMA/100
[    3.135551] ata2.01: configured for MWDMA2
[    3.171280] scsi 1:0:1:0: CD-ROM            QEMU     QEMU DVD-ROM     2.0. PQ: 0 ANSI: 5
[    3.196858] sr0: scsi3-mmc drive: 4x/4x cd/rw xa/form2 tray
[    3.198830] cdrom: Uniform CD-ROM driver Revision: 3.20
[    3.215725] sr 1:0:1:0: Attached scsi generic sg0 type 5
[    3.239046] registered taskstats version 1
[    3.309141] Freeing initrd memory: 3656k freed
[    3.768844]   Magic number: 11:632:196
[    3.779498] rtc_cmos 00:01: setting system clock to 2015-12-10 21:10:08 UTC (1449781808)
[    3.782457] powernow-k8: Processor cpuid 663 not supported
[    3.791926] BIOS EDD facility v0.16 2004-Jun-25, 0 devices found
[    3.793980] EDD information not available.
[    3.859310] Freeing unused kernel memory: 928k freed
[    3.866059] Write protecting the kernel read-only data: 12288k
[    4.015207] Freeing unused kernel memory: 1596k freed
[    4.109180] Freeing unused kernel memory: 1184k freed

info: initramfs: up at 4.26
modprobe: module virtio_blk not found in modules.dep
modprobe: module virtio_net not found in modules.dep
info: copying initramfs to /dev/vda
info: initramfs loading root from /dev/vda
info: /etc/init.d/rc.sysinit: up at 8.89
info: container: none
Starting logging: OK
modprobe: module virtio_blk not found in modules.dep
modprobe: module virtio_net not found in modules.dep
WARN: /etc/rc3.d/S10-load-modules failed
Initializing random number generator... done.
Starting acpid: OK
cirros-ds 'local' up at 11.45
found datasource (configdrive, local)
Starting network...
udhcpc (v1.20.1) started
Sending discover...
Sending discover...

2015-12-10 21:12:04,655 23847 INFO     [tempest_lib.common.rest_client] Request (TestNetworkBasicOps:_run_cleanups): 204 DELETE http://10.0.2.15:9696/v2.0/floatingips/5abd98ab-6239-49dc-913c-d88a148e2ad4 0.306s
2015-12-10 21:12:04,655 23847 DEBUG    [tempest_lib.common.rest_client] Request - Headers: {'Content-Type': 'application/json', 'Accept': 'application/json', 'X-Auth-Token': '&lt;omitted&gt;'}
        Body: None
    Response - Headers: {'date': 'Thu, 10 Dec 2015 21:12:04 GMT', 'status': '204', 'connection': 'close', 'content-length': '0', 'x-openstack-request-id': 'req-d104da66-ecf6-4ccd-a647-4e4c38ee63aa'}
        Body: 
2015-12-10 21:12:04,891 23847 INFO     [tempest_lib.common.rest_client] Request (TestNetworkBasicOps:_run_cleanups): 204 DELETE http://10.0.2.15:8774/v2.1/6a903d625cbe4fb18cc4585a60791b6d/servers/b8528325-0db0-4f2c-891f-79aad482c77a 0.235s
2015-12-10 21:12:04,892 23847 DEBUG    [tempest_lib.common.rest_client] Request - Headers: {'Content-Type': 'application/json', 'Accept': 'application/json', 'X-Auth-Token': '&lt;omitted&gt;'}
        Body: None
    Response - Headers: {'status': '204', 'content-length': '0', 'x-compute-request-id': 'req-3cf56c55-1954-4d04-b114-bc82b61c4838', 'vary': 'X-OpenStack-Nova-API-Version', 'connection': 'close', 'x-openstack-nova-api-version': '2.1', 'date': 'Thu, 10 Dec 2015 21:12:04 GMT', 'content-type': 'application/json'}
        Body: 
2015-12-10 21:12:05,239 23847 INFO     [tempest_lib.common.rest_client] Request (TestNetworkBasicOps:_run_cleanups): 200 GET http://10.0.2.15:8774/v2.1/6a903d625cbe4fb18cc4585a60791b6d/servers/b8528325-0db0-4f2c-891f-79aad482c77a 0.346s
2015-12-10 21:12:05,240 23847 DEBUG    [tempest_lib.common.rest_client] Request - Headers: {'Content-Type': 'application/json', 'Accept': 'application/json', 'X-Auth-Token': '&lt;omitted&gt;'}
        Body: None
    Response - Headers: {'status': '200', 'content-length': '1775', 'content-location': 'http://10.0.2.15:8774/v2.1/6a903d625cbe4fb18cc4585a60791b6d/servers/b8528325-0db0-4f2c-891f-79aad482c77a', 'x-compute-request-id': 'req-cd50880e-97b9-4da8-b69f-3a34108d61a5', 'vary': 'X-OpenStack-Nova-API-Version', 'connection': 'close', 'x-openstack-nova-api-version': '2.1', 'date': 'Thu, 10 Dec 2015 21:12:05 GMT', 'content-type': 'application/json'}
        Body: {"server": {"status": "ACTIVE", "updated": "2015-12-10T21:12:04Z", "hostId": "d7457971844fc2b2e729a5288cd8721c1c0e60146e20ddfeed141202", "addresses": {"tempest-network-smoke--302789514": [{"OS-EXT-IPS-MAC:mac_addr": "fa:16:3e:c9:9c:33", "version": 4, "addr": "10.100.0.3", "OS-EXT-IPS:type": "fixed"}, {"OS-EXT-IPS-MAC:mac_addr": "fa:16:3e:c9:9c:33", "version": 4, "addr": "172.24.4.4", "OS-EXT-IPS:type": "floating"}]}, "links": [{"href": "http://10.0.2.15:8774/v2.1/6a903d625cbe4fb18cc4585a60791b6d/servers/b8528325-0db0-4f2c-891f-79aad482c77a", "rel": "self"}, {"href": "http://10.0.2.15:8774/6a903d625cbe4fb18cc4585a60791b6d/servers/b8528325-0db0-4f2c-891f-79aad482c77a", "rel": "bookmark"}], "key_name": "tempest-TestNetworkBasicOps-1768000882", "image": {"id": "98dfab12-31f1-42cf-b69c-8b086356f741", "links": [{"href": "http://10.0.2.15:8774/6a903d625cbe4fb18cc4585a60791b6d/images/98dfab12-31f1-42cf-b69c-8b086356f741", "rel": "bookmark"}]}, "OS-EXT-STS:task_state": "deleting", "OS-EXT-STS:vm_state": "active", "OS-SRV-USG:launched_at": "2015-12-10T21:10:01.000000", "flavor": {"id": "42", "links": [{"href": "http://10.0.2.15:8774/6a903d625cbe4fb18cc4585a60791b6d/flavors/42", "rel": "bookmark"}]}, "id": "b8528325-0db0-4f2c-891f-79aad482c77a", "security_groups": [{"name": "tempest-secgroup-smoke-463379612"}], "OS-SRV-USG:terminated_at": null, "OS-EXT-AZ:availability_zone": "nova", "user_id": "81d124abac4e41daa4bb1d5a0f93885b", "name": "tempest.common.compute-instance-1879305980", "created": "2015-12-10T21:09:58Z", "tenant_id": "6a903d625cbe4fb18cc4585a60791b6d", "OS-DCF:diskConfig": "MANUAL", "os-extended-volumes:volumes_attached": [], "accessIPv4": "", "accessIPv6": "", "progress": 0, "OS-EXT-STS:power_state": 1, "config_drive": "True", "metadata": {}}}
2015-12-10 21:12:06,447 23847 INFO     [tempest_lib.common.rest_client] Request (TestNetworkBasicOps:_run_cleanups): 200 GET http://10.0.2.15:8774/v2.1/6a903d625cbe4fb18cc4585a60791b6d/servers/b8528325-0db0-4f2c-891f-79aad482c77a 0.196s
2015-12-10 21:12:06,448 23847 DEBUG    [tempest_lib.common.rest_client] Request - Headers: {'Content-Type': 'application/json', 'Accept': 'application/json', 'X-Auth-Token': '&lt;omitted&gt;'}
        Body: None
    Response - Headers: {'status': '200', 'content-length': '1446', 'content-location': 'http://10.0.2.15:8774/v2.1/6a903d625cbe4fb18cc4585a60791b6d/servers/b8528325-0db0-4f2c-891f-79aad482c77a', 'x-compute-request-id': 'req-d579772e-3bb0-4799-b825-f548af0be9e7', 'vary': 'X-OpenStack-Nova-API-Version', 'connection': 'close', 'x-openstack-nova-api-version': '2.1', 'date': 'Thu, 10 Dec 2015 21:12:06 GMT', 'content-type': 'application/json'}
        Body: {"server": {"status": "DELETED", "updated": "2015-12-10T21:12:06Z", "hostId": "d7457971844fc2b2e729a5288cd8721c1c0e60146e20ddfeed141202", "addresses": {}, "links": [{"href": "http://10.0.2.15:8774/v2.1/6a903d625cbe4fb18cc4585a60791b6d/servers/b8528325-0db0-4f2c-891f-79aad482c77a", "rel": "self"}, {"href": "http://10.0.2.15:8774/6a903d625cbe4fb18cc4585a60791b6d/servers/b8528325-0db0-4f2c-891f-79aad482c77a", "rel": "bookmark"}], "key_name": "tempest-TestNetworkBasicOps-1768000882", "image": {"id": "98dfab12-31f1-42cf-b69c-8b086356f741", "links": [{"href": "http://10.0.2.15:8774/6a903d625cbe4fb18cc4585a60791b6d/images/98dfab12-31f1-42cf-b69c-8b086356f741", "rel": "bookmark"}]}, "OS-EXT-STS:task_state": null, "OS-EXT-STS:vm_state": "deleted", "OS-SRV-USG:launched_at": "2015-12-10T21:10:01.000000", "flavor": {"id": "42", "links": [{"href": "http://10.0.2.15:8774/6a903d625cbe4fb18cc4585a60791b6d/flavors/42", "rel": "bookmark"}]}, "id": "b8528325-0db0-4f2c-891f-79aad482c77a", "OS-SRV-USG:terminated_at": "2015-12-10T21:12:06.000000", "OS-EXT-AZ:availability_zone": "nova", "user_id": "81d124abac4e41daa4bb1d5a0f93885b", "name": "tempest.common.compute-instance-1879305980", "created": "2015-12-10T21:09:58Z", "tenant_id": "6a903d625cbe4fb18cc4585a60791b6d", "OS-DCF:diskConfig": "MANUAL", "os-extended-volumes:volumes_attached": [], "accessIPv4": "", "accessIPv6": "", "OS-EXT-STS:power_state": 0, "config_drive": "True", "metadata": {}}}
2015-12-10 21:12:07,543 23847 INFO     [tempest_lib.common.rest_client] Request (TestNetworkBasicOps:_run_cleanups): 404 GET http://10.0.2.15:8774/v2.1/6a903d625cbe4fb18cc4585a60791b6d/servers/b8528325-0db0-4f2c-891f-79aad482c77a 0.083s
2015-12-10 21:12:07,544 23847 DEBUG    [tempest_lib.common.rest_client] Request - Headers: {'Content-Type': 'application/json', 'Accept': 'application/json', 'X-Auth-Token': '&lt;omitted&gt;'}
        Body: None
    Response - Headers: {'status': '404', 'content-length': '111', 'x-compute-request-id': 'req-8db2c512-c5cd-4386-8ea9-81a1ed6da949', 'vary': 'X-OpenStack-Nova-API-Version', 'connection': 'close', 'x-openstack-nova-api-version': '2.1', 'date': 'Thu, 10 Dec 2015 21:12:07 GMT', 'content-type': 'application/json; charset=UTF-8'}
        Body: {"itemNotFound": {"message": "Instance b8528325-0db0-4f2c-891f-79aad482c77a could not be found.", "code": 404}}
2015-12-10 21:12:07,567 23847 INFO     [tempest_lib.common.rest_client] Request (TestNetworkBasicOps:_run_cleanups): 202 DELETE http://10.0.2.15:8774/v2.1/6a903d625cbe4fb18cc4585a60791b6d/os-keypairs/tempest-TestNetworkBasicOps-1768000882 0.022s
2015-12-10 21:12:07,568 23847 DEBUG    [tempest_lib.common.rest_client] Request - Headers: {'Content-Type': 'application/json', 'Accept': 'application/json', 'X-Auth-Token': '&lt;omitted&gt;'}
        Body: None
    Response - Headers: {'status': '202', 'content-length': '0', 'x-compute-request-id': 'req-4b198eab-28fa-4da8-aaa8-91daab9e4455', 'vary': 'X-OpenStack-Nova-API-Version', 'connection': 'close', 'x-openstack-nova-api-version': '2.1', 'date': 'Thu, 10 Dec 2015 21:12:07 GMT', 'content-type': 'application/json'}
        Body: 
2015-12-10 21:12:08,023 23847 INFO     [tempest_lib.common.rest_client] Request (TestNetworkBasicOps:_run_cleanups): 200 PUT http://10.0.2.15:9696/v2.0/routers/fae49fa6-6b5e-42ce-bdf8-8310ca1be6a3/remove_router_interface 0.454s
2015-12-10 21:12:08,024 23847 DEBUG    [tempest_lib.common.rest_client] Request - Headers: {'Content-Type': 'application/json', 'Accept': 'application/json', 'X-Auth-Token': '&lt;omitted&gt;'}
        Body: {"subnet_id": "096b7f45-4ad7-46f3-972c-b7a4a111d676"}
    Response - Headers: {'status': '200', 'content-length': '255', 'connection': 'close', 'date': 'Thu, 10 Dec 2015 21:12:08 GMT', 'content-type': 'application/json; charset=UTF-8', 'x-openstack-request-id': 'req-8aeb5b99-9f8c-4238-bbe8-8f43c0542e17'}
        Body: {"subnet_id": "096b7f45-4ad7-46f3-972c-b7a4a111d676", "tenant_id": "6a903d625cbe4fb18cc4585a60791b6d", "subnet_ids": ["096b7f45-4ad7-46f3-972c-b7a4a111d676"], "port_id": "d396f11c-329c-43aa-acdf-0b3cdd992ac5", "id": "fae49fa6-6b5e-42ce-bdf8-8310ca1be6a3"}
2015-12-10 21:12:08,374 23847 INFO     [tempest_lib.common.rest_client] Request (TestNetworkBasicOps:_run_cleanups): 204 DELETE http://10.0.2.15:9696/v2.0/subnets/096b7f45-4ad7-46f3-972c-b7a4a111d676 0.349s
2015-12-10 21:12:08,375 23847 DEBUG    [tempest_lib.common.rest_client] Request - Headers: {'Content-Type': 'application/json', 'Accept': 'application/json', 'X-Auth-Token': '&lt;omitted&gt;'}
        Body: None
    Response - Headers: {'date': 'Thu, 10 Dec 2015 21:12:08 GMT', 'status': '204', 'connection': 'close', 'content-length': '0', 'x-openstack-request-id': 'req-e4f99f82-e1e6-4a72-b1e6-e99d62c81638'}
        Body: 
2015-12-10 21:12:08,417 23847 INFO     [tempest_lib.common.rest_client] Request (TestNetworkBasicOps:_run_cleanups): 200 GET http://10.0.2.15:9696/v2.0/routers/fae49fa6-6b5e-42ce-bdf8-8310ca1be6a3 0.041s
2015-12-10 21:12:08,417 23847 DEBUG    [tempest_lib.common.rest_client] Request - Headers: {'Content-Type': 'application/json', 'Accept': 'application/json', 'X-Auth-Token': '&lt;omitted&gt;'}
        Body: None
    Response - Headers: {'status': '200', 'content-length': '500', 'content-location': 'http://10.0.2.15:9696/v2.0/routers/fae49fa6-6b5e-42ce-bdf8-8310ca1be6a3', 'connection': 'close', 'date': 'Thu, 10 Dec 2015 21:12:08 GMT', 'content-type': 'application/json; charset=UTF-8', 'x-openstack-request-id': 'req-15aa04fe-2de7-4064-9d01-ba3c876827c3'}
        Body: {"router": {"status": "ACTIVE", "external_gateway_info": {"network_id": "13e5ac9a-8e6e-4b40-9f85-059da196c39d", "enable_snat": true, "external_fixed_ips": [{"subnet_id": "af88f388-edd0-429f-abba-7f31a021ad5c", "ip_address": "172.24.4.3"}, {"subnet_id": "bffcd660-5f68-444b-820c-77e712a2f98f", "ip_address": "2001:db8::3"}]}, "name": "tempest-router-smoke-773498013", "admin_state_up": true, "tenant_id": "6a903d625cbe4fb18cc4585a60791b6d", "routes": [], "id": "fae49fa6-6b5e-42ce-bdf8-8310ca1be6a3"}}
2015-12-10 21:12:08,747 23847 INFO     [tempest_lib.common.rest_client] Request (TestNetworkBasicOps:_run_cleanups): 200 PUT http://10.0.2.15:9696/v2.0/routers/fae49fa6-6b5e-42ce-bdf8-8310ca1be6a3 0.329s
2015-12-10 21:12:08,748 23847 DEBUG    [tempest_lib.common.rest_client] Request - Headers: {'Content-Type': 'application/json', 'Accept': 'application/json', 'X-Auth-Token': '&lt;omitted&gt;'}
        Body: {"router": {"external_gateway_info": {}, "name": "tempest-router-smoke-773498013", "admin_state_up": true}}
    Response - Headers: {'status': '200', 'content-length': '238', 'connection': 'close', 'date': 'Thu, 10 Dec 2015 21:12:08 GMT', 'content-type': 'application/json; charset=UTF-8', 'x-openstack-request-id': 'req-e32bf832-478c-4cd5-91e2-bdd92af8584a'}
        Body: {"router": {"status": "ACTIVE", "external_gateway_info": null, "name": "tempest-router-smoke-773498013", "admin_state_up": true, "tenant_id": "6a903d625cbe4fb18cc4585a60791b6d", "routes": [], "id": "fae49fa6-6b5e-42ce-bdf8-8310ca1be6a3"}}
2015-12-10 21:12:09,066 23847 INFO     [tempest_lib.common.rest_client] Request (TestNetworkBasicOps:_run_cleanups): 204 DELETE http://10.0.2.15:9696/v2.0/routers/fae49fa6-6b5e-42ce-bdf8-8310ca1be6a3 0.317s
2015-12-10 21:12:09,066 23847 DEBUG    [tempest_lib.common.rest_client] Request - Headers: {'Content-Type': 'application/json', 'Accept': 'application/json', 'X-Auth-Token': '&lt;omitted&gt;'}
        Body: None
    Response - Headers: {'date': 'Thu, 10 Dec 2015 21:12:09 GMT', 'status': '204', 'connection': 'close', 'content-length': '0', 'x-openstack-request-id': 'req-cf047c3d-a30a-4973-afe7-470c2f18db7e'}
        Body: 
2015-12-10 21:12:09,263 23847 INFO     [tempest_lib.common.rest_client] Request (TestNetworkBasicOps:_run_cleanups): 204 DELETE http://10.0.2.15:9696/v2.0/networks/b1e8a933-cadd-4d7f-8a29-ca16bc410e67 0.195s
2015-12-10 21:12:09,263 23847 DEBUG    [tempest_lib.common.rest_client] Request - Headers: {'Content-Type': 'application/json', 'Accept': 'application/json', 'X-Auth-Token': '&lt;omitted&gt;'}
        Body: None
    Response - Headers: {'date': 'Thu, 10 Dec 2015 21:12:09 GMT', 'status': '204', 'connection': 'close', 'content-length': '0', 'x-openstack-request-id': 'req-d6f902c5-638c-4970-82ce-90ec039abdcd'}
        Body: 
2015-12-10 21:12:09,314 23847 INFO     [tempest_lib.common.rest_client] Request (TestNetworkBasicOps:_run_cleanups): 204 DELETE http://10.0.2.15:9696/v2.0/security-group-rules/d1aa36d6-2557-4128-a1ac-1c4a2ee0be88 0.050s
2015-12-10 21:12:09,314 23847 DEBUG    [tempest_lib.common.rest_client] Request - Headers: {'Content-Type': 'application/json', 'Accept': 'application/json', 'X-Auth-Token': '&lt;omitted&gt;'}
        Body: None
    Response - Headers: {'date': 'Thu, 10 Dec 2015 21:12:09 GMT', 'status': '204', 'connection': 'close', 'content-length': '0', 'x-openstack-request-id': 'req-3d0d5950-e7b9-454d-b00f-36a99bbc949a'}
        Body: 
2015-12-10 21:12:09,368 23847 INFO     [tempest_lib.common.rest_client] Request (TestNetworkBasicOps:_run_cleanups): 204 DELETE http://10.0.2.15:9696/v2.0/security-group-rules/b7136cb7-a659-4105-b1c3-24a7e50b4db9 0.053s
2015-12-10 21:12:09,368 23847 DEBUG    [tempest_lib.common.rest_client] Request - Headers: {'Content-Type': 'application/json', 'Accept': 'application/json', 'X-Auth-Token': '&lt;omitted&gt;'}
        Body: None
    Response - Headers: {'date': 'Thu, 10 Dec 2015 21:12:09 GMT', 'status': '204', 'connection': 'close', 'content-length': '0', 'x-openstack-request-id': 'req-917113a7-f373-4c6d-85a5-3fd18623fab0'}
        Body: 
2015-12-10 21:12:09,416 23847 INFO     [tempest_lib.common.rest_client] Request (TestNetworkBasicOps:_run_cleanups): 204 DELETE http://10.0.2.15:9696/v2.0/security-group-rules/b14cb8ea-c6b7-44b4-b174-067280fac847 0.047s
2015-12-10 21:12:09,417 23847 DEBUG    [tempest_lib.common.rest_client] Request - Headers: {'Content-Type': 'application/json', 'Accept': 'application/json', 'X-Auth-Token': '&lt;omitted&gt;'}
        Body: None
    Response - Headers: {'date': 'Thu, 10 Dec 2015 21:12:09 GMT', 'status': '204', 'connection': 'close', 'content-length': '0', 'x-openstack-request-id': 'req-074adbca-9425-43c2-b3ab-d3d2d2f220f6'}
        Body: 
2015-12-10 21:12:09,462 23847 INFO     [tempest_lib.common.rest_client] Request (TestNetworkBasicOps:_run_cleanups): 204 DELETE http://10.0.2.15:9696/v2.0/security-group-rules/98d12ccb-6874-4588-a135-6a6cd4a8b324 0.044s
2015-12-10 21:12:09,463 23847 DEBUG    [tempest_lib.common.rest_client] Request - Headers: {'Content-Type': 'application/json', 'Accept': 'application/json', 'X-Auth-Token': '&lt;omitted&gt;'}
        Body: None
    Response - Headers: {'date': 'Thu, 10 Dec 2015 21:12:09 GMT', 'status': '204', 'connection': 'close', 'content-length': '0', 'x-openstack-request-id': 'req-c276701a-7341-4a13-82e9-54cdfe22de43'}
        Body: 
2015-12-10 21:12:09,518 23847 INFO     [tempest_lib.common.rest_client] Request (TestNetworkBasicOps:_run_cleanups): 204 DELETE http://10.0.2.15:9696/v2.0/security-group-rules/16ec8770-ac04-4bb9-96e8-925515addb47 0.054s
2015-12-10 21:12:09,519 23847 DEBUG    [tempest_lib.common.rest_client] Request - Headers: {'Content-Type': 'application/json', 'Accept': 'application/json', 'X-Auth-Token': '&lt;omitted&gt;'}
        Body: None
    Response - Headers: {'date': 'Thu, 10 Dec 2015 21:12:09 GMT', 'status': '204', 'connection': 'close', 'content-length': '0', 'x-openstack-request-id': 'req-1c862016-2eef-45a4-96d5-0dc6641b599e'}
        Body: 
2015-12-10 21:12:09,571 23847 INFO     [tempest_lib.common.rest_client] Request (TestNetworkBasicOps:_run_cleanups): 204 DELETE http://10.0.2.15:9696/v2.0/security-group-rules/cdfb6cf6-a267-4f01-a36d-7c3166e11c11 0.052s
2015-12-10 21:12:09,572 23847 DEBUG    [tempest_lib.common.rest_client] Request - Headers: {'Content-Type': 'application/json', 'Accept': 'application/json', 'X-Auth-Token': '&lt;omitted&gt;'}
        Body: None
