<?xml version="1.0" encoding="UTF-8"?>
<!DOCTYPE html PUBLIC "-//W3C//DTD XHTML 1.0 Strict//EN"
     "http://www.w3.org/TR/xhtml1/DTD/xhtml1-strict.dtd">
<html xmlns="http://www.w3.org/1999/xhtml">
<head>
    <title>Unit Test Report</title>
    <meta name="generator" content="subunit2html 0.1"/>
    <meta http-equiv="Content-Type" content="text/html; charset=UTF-8"/>
    
<style type="text/css" media="screen">
body        { font-family: verdana, arial, helvetica, sans-serif;
    font-size: 80%; }
table       { font-size: 100%; width: 100%;}
pre         { font-size: 80%; }

/* -- heading -------------------------------------------------------------- */
h1 {
        font-size: 16pt;
        color: gray;
}
.heading {
    margin-top: 0ex;
    margin-bottom: 1ex;
}

.heading .attribute {
    margin-top: 1ex;
    margin-bottom: 0;
}

.heading .description {
    margin-top: 4ex;
    margin-bottom: 6ex;
}

/* -- css div popup -------------------------------------------------------- */
a.popup_link {
}

a.popup_link:hover {
    color: red;
}

.popup_window {
    display: none;
    overflow-x: scroll;
    /*border: solid #627173 1px; */
    padding: 10px;
    background-color: #E6E6D6;
    font-family: "Ubuntu Mono", "Lucida Console", "Courier New", monospace;
    text-align: left;
    font-size: 8pt;
}

}
/* -- report --------------------------------------------------------------- */
#show_detail_line {
    margin-top: 3ex;
    margin-bottom: 1ex;
}
#result_table {
    width: 100%;
    border-collapse: collapse;
    border: 1px solid #777;
}
#header_row {
    font-weight: bold;
    color: white;
    background-color: #777;
}
#result_table td {
    border: 1px solid #777;
    padding: 2px;
}
#total_row  { font-weight: bold; }
.passClass  { background-color: #6c6; }
.failClass  { background-color: #c60; }
.errorClass { background-color: #c00; }
.passCase   { color: #6c6; }
.failCase   { color: #c60; font-weight: bold; }
.errorCase  { color: #c00; font-weight: bold; }
.hiddenRow  { display: none; }
.testcase   { margin-left: 2em; }
td.testname {width: 40%}
td.small {width: 40px}

/* -- ending --------------------------------------------------------------- */
#ending {
}

</style>

</head>
<body>
<script language="javascript" type="text/javascript"><!--
output_list = Array();

/* level - 0:Summary; 1:Failed; 2:All */
function showCase(level) {
    trs = document.getElementsByTagName("tr");
    for (var i = 0; i < trs.length; i++) {
        tr = trs[i];
        id = tr.id;
        if (id.substr(0,2) == 'ft') {
            if (level < 1) {
                tr.className = 'hiddenRow';
            }
            else {
                tr.className = '';
            }
        }
        if (id.substr(0,2) == 'pt') {
            if (level > 1) {
                tr.className = '';
            }
            else {
                tr.className = 'hiddenRow';
            }
        }
    }
}


function showClassDetail(cid, count) {
    var id_list = Array(count);
    var toHide = 1;
    for (var i = 0; i < count; i++) {
        tid0 = 't' + cid.substr(1) + '.' + (i+1);
        tid = 'f' + tid0;
        tr = document.getElementById(tid);
        if (!tr) {
            tid = 'p' + tid0;
            tr = document.getElementById(tid);
        }
        id_list[i] = tid;
        if (tr.className) {
            toHide = 0;
        }
    }
    for (var i = 0; i < count; i++) {
        tid = id_list[i];
        if (toHide) {
            document.getElementById('div_'+tid).style.display = 'none'
            document.getElementById(tid).className = 'hiddenRow';
        }
        else {
            document.getElementById(tid).className = '';
        }
    }
}


function showTestDetail(div_id){
    var details_div = document.getElementById(div_id)
    var displayState = details_div.style.display
    // alert(displayState)
    if (displayState != 'block' ) {
        displayState = 'block'
        details_div.style.display = 'block'
    }
    else {
        details_div.style.display = 'none'
    }
}


function html_escape(s) {
    s = s.replace(/&/g,'&amp;');
    s = s.replace(/</g,'&lt;');
    s = s.replace(/>/g,'&gt;');
    return s;
}

/* obsoleted by detail in <div>
function showOutput(id, name) {
    var w = window.open("", //url
                    name,
                    "resizable,scrollbars,status,width=800,height=450");
    d = w.document;
    d.write("<pre>");
    d.write(html_escape(output_list[id]));
    d.write("\n");
    d.write("<a href='javascript:window.close()'>close</a>\n");
    d.write("</pre>\n");
    d.close();
}
*/
--></script>

<div class='heading'>
<h1>Unit Test Report</h1>

<p class='attribute'><strong>Status:</strong> Pass 1 Failure 8</p>

<p class='description'></p>
</div>



<p id='show_detail_line'>Show
<a href='javascript:showCase(0)'>Summary</a>
<a href='javascript:showCase(1)'>Failed</a>
<a href='javascript:showCase(2)'>All</a>
</p>
<table id='result_table'>
<colgroup>
<col align='left' />
<col align='right' />
<col align='right' />
<col align='right' />
<col align='right' />
<col align='right' />
<col align='right' />
<col align='right' />
</colgroup>
<tr id='header_row'>
    <td>Test Group/Test case</td>
    <td>Count</td>
    <td>Pass</td>
    <td>Fail</td>
    <td>Error</td>
    <td>Skip</td>
    <td>View</td>
    <td> </td>
</tr>

<tr class='failClass'>
    <td class="testname">tempest.scenario.test_network_basic_ops.TestNetworkBasicOps</td>
    <td class="small">9</td>
    <td class="small">1</td>
    <td class="small">8</td>
    <td class="small">0</td>
    <td class="small">0</td>
    <td class="small"><a href="javascript:showClassDetail('c1',9)"
>Detail</a></td>
    <td> </td>
</tr>

<tr id='ft1.1' class='none'>
    <td class='failCase'><div class='testcase'>test_connectivity_between_vms_on_different_networks[compute,id-1546850e-fbaa-42f5-8b5f-03d8a6a95f15,network]</div></td>
    <td colspan='7' align='left'>

    <!--css div popup start-->
    <a class="popup_link" onfocus='this.blur();'
    href="javascript:showTestDetail('div_ft1.1')" >
        fail</a>

    <div id='div_ft1.1' class="popup_window">
        <div style='text-align: right; color:red;cursor:pointer'>
        <a onfocus='this.blur();'
onclick="document.getElementById('div_ft1.1').style.display = 'none' " >
           [x]</a>
        </div>
        <pre>
        
ft1.1: tempest.scenario.test_network_basic_ops.TestNetworkBasicOps.test_connectivity_between_vms_on_different_networks[compute,id-1546850e-fbaa-42f5-8b5f-03d8a6a95f15,network]_StringException: Empty attachments:
  stderr
  stdout

pythonlogging:'': {{{
2015-12-14 14:02:31,238 24397 INFO     [tempest_lib.common.rest_client] Request (TestNetworkBasicOps:test_connectivity_between_vms_on_different_networks): 201 POST http://10.0.2.15:9696/v2.0/security-groups 0.311s
2015-12-14 14:02:31,239 24397 DEBUG    [tempest_lib.common.rest_client] Request - Headers: {'Content-Type': 'application/json', 'Accept': 'application/json', 'X-Auth-Token': '&lt;omitted&gt;'}
        Body: {"security_group": {"tenant_id": "0133f6d74a924b51a805c6192db956bd", "description": "tempest-secgroup-smoke-675890510 description", "name": "tempest-secgroup-smoke-675890510"}}
    Response - Headers: {'status': '201', 'content-length': '886', 'connection': 'close', 'date': 'Mon, 14 Dec 2015 14:02:31 GMT', 'content-type': 'application/json; charset=UTF-8', 'x-openstack-request-id': 'req-6dedb03e-2b04-4d7b-abf6-924a00cd3742'}
        Body: {"security_group": {"tenant_id": "0133f6d74a924b51a805c6192db956bd", "description": "tempest-secgroup-smoke-675890510 description", "id": "005026f5-e1f4-4a95-b233-1d6b9a18ce54", "security_group_rules": [{"remote_group_id": null, "direction": "egress", "remote_ip_prefix": null, "protocol": null, "ethertype": "IPv4", "tenant_id": "0133f6d74a924b51a805c6192db956bd", "port_range_max": null, "port_range_min": null, "id": "3372018d-f93a-4bbb-8969-19794524a00c", "security_group_id": "005026f5-e1f4-4a95-b233-1d6b9a18ce54"}, {"remote_group_id": null, "direction": "egress", "remote_ip_prefix": null, "protocol": null, "ethertype": "IPv6", "tenant_id": "0133f6d74a924b51a805c6192db956bd", "port_range_max": null, "port_range_min": null, "id": "dc4beeb3-8b5a-4745-beb3-30e526797467", "security_group_id": "005026f5-e1f4-4a95-b233-1d6b9a18ce54"}], "name": "tempest-secgroup-smoke-675890510"}}
2015-12-14 14:02:31,327 24397 INFO     [tempest_lib.common.rest_client] Request (TestNetworkBasicOps:test_connectivity_between_vms_on_different_networks): 201 POST http://10.0.2.15:9696/v2.0/security-group-rules 0.087s
2015-12-14 14:02:31,328 24397 DEBUG    [tempest_lib.common.rest_client] Request - Headers: {'Content-Type': 'application/json', 'Accept': 'application/json', 'X-Auth-Token': '&lt;omitted&gt;'}
        Body: {"security_group_rule": {"direction": "ingress", "protocol": "tcp", "tenant_id": "0133f6d74a924b51a805c6192db956bd", "port_range_max": 22, "security_group_id": "005026f5-e1f4-4a95-b233-1d6b9a18ce54", "port_range_min": 22}}
    Response - Headers: {'status': '201', 'content-length': '340', 'connection': 'close', 'date': 'Mon, 14 Dec 2015 14:02:31 GMT', 'content-type': 'application/json; charset=UTF-8', 'x-openstack-request-id': 'req-c7e7ac26-257b-4ad7-8fd8-3ed873014c89'}
        Body: {"security_group_rule": {"remote_group_id": null, "direction": "ingress", "remote_ip_prefix": null, "protocol": "tcp", "ethertype": "IPv4", "tenant_id": "0133f6d74a924b51a805c6192db956bd", "port_range_max": 22, "port_range_min": 22, "id": "633ff944-1bd9-4c21-b4f3-42183a70f42e", "security_group_id": "005026f5-e1f4-4a95-b233-1d6b9a18ce54"}}
2015-12-14 14:02:31,415 24397 INFO     [tempest_lib.common.rest_client] Request (TestNetworkBasicOps:test_connectivity_between_vms_on_different_networks): 201 POST http://10.0.2.15:9696/v2.0/security-group-rules 0.086s
2015-12-14 14:02:31,415 24397 DEBUG    [tempest_lib.common.rest_client] Request - Headers: {'Content-Type': 'application/json', 'Accept': 'application/json', 'X-Auth-Token': '&lt;omitted&gt;'}
        Body: {"security_group_rule": {"direction": "egress", "protocol": "tcp", "tenant_id": "0133f6d74a924b51a805c6192db956bd", "port_range_max": 22, "security_group_id": "005026f5-e1f4-4a95-b233-1d6b9a18ce54", "port_range_min": 22}}
    Response - Headers: {'status': '201', 'content-length': '339', 'connection': 'close', 'date': 'Mon, 14 Dec 2015 14:02:31 GMT', 'content-type': 'application/json; charset=UTF-8', 'x-openstack-request-id': 'req-40e3ab6d-e6ca-4592-81e7-cd2a8d4c513b'}
        Body: {"security_group_rule": {"remote_group_id": null, "direction": "egress", "remote_ip_prefix": null, "protocol": "tcp", "ethertype": "IPv4", "tenant_id": "0133f6d74a924b51a805c6192db956bd", "port_range_max": 22, "port_range_min": 22, "id": "c19bc9be-3856-40c3-8cb0-3af4ab59a19f", "security_group_id": "005026f5-e1f4-4a95-b233-1d6b9a18ce54"}}
2015-12-14 14:02:31,499 24397 INFO     [tempest_lib.common.rest_client] Request (TestNetworkBasicOps:test_connectivity_between_vms_on_different_networks): 201 POST http://10.0.2.15:9696/v2.0/security-group-rules 0.083s
2015-12-14 14:02:31,499 24397 DEBUG    [tempest_lib.common.rest_client] Request - Headers: {'Content-Type': 'application/json', 'Accept': 'application/json', 'X-Auth-Token': '&lt;omitted&gt;'}
        Body: {"security_group_rule": {"tenant_id": "0133f6d74a924b51a805c6192db956bd", "direction": "ingress", "protocol": "icmp", "security_group_id": "005026f5-e1f4-4a95-b233-1d6b9a18ce54"}}
    Response - Headers: {'status': '201', 'content-length': '345', 'connection': 'close', 'date': 'Mon, 14 Dec 2015 14:02:31 GMT', 'content-type': 'application/json; charset=UTF-8', 'x-openstack-request-id': 'req-6506a822-f4de-458d-8229-5d04f4914434'}
        Body: {"security_group_rule": {"remote_group_id": null, "direction": "ingress", "remote_ip_prefix": null, "protocol": "icmp", "ethertype": "IPv4", "tenant_id": "0133f6d74a924b51a805c6192db956bd", "port_range_max": null, "port_range_min": null, "id": "3891a0eb-ee64-42c9-ab1a-64ed9c8ddab8", "security_group_id": "005026f5-e1f4-4a95-b233-1d6b9a18ce54"}}
2015-12-14 14:02:31,586 24397 INFO     [tempest_lib.common.rest_client] Request (TestNetworkBasicOps:test_connectivity_between_vms_on_different_networks): 201 POST http://10.0.2.15:9696/v2.0/security-group-rules 0.085s
2015-12-14 14:02:31,586 24397 DEBUG    [tempest_lib.common.rest_client] Request - Headers: {'Content-Type': 'application/json', 'Accept': 'application/json', 'X-Auth-Token': '&lt;omitted&gt;'}
        Body: {"security_group_rule": {"tenant_id": "0133f6d74a924b51a805c6192db956bd", "direction": "egress", "protocol": "icmp", "security_group_id": "005026f5-e1f4-4a95-b233-1d6b9a18ce54"}}
    Response - Headers: {'status': '201', 'content-length': '344', 'connection': 'close', 'date': 'Mon, 14 Dec 2015 14:02:31 GMT', 'content-type': 'application/json; charset=UTF-8', 'x-openstack-request-id': 'req-9e3cffcf-f566-48f0-9482-73bf28afd8ca'}
        Body: {"security_group_rule": {"remote_group_id": null, "direction": "egress", "remote_ip_prefix": null, "protocol": "icmp", "ethertype": "IPv4", "tenant_id": "0133f6d74a924b51a805c6192db956bd", "port_range_max": null, "port_range_min": null, "id": "3033fa2b-8897-43fc-93c0-f280eaa51baf", "security_group_id": "005026f5-e1f4-4a95-b233-1d6b9a18ce54"}}
2015-12-14 14:02:31,671 24397 INFO     [tempest_lib.common.rest_client] Request (TestNetworkBasicOps:test_connectivity_between_vms_on_different_networks): 201 POST http://10.0.2.15:9696/v2.0/security-group-rules 0.084s
2015-12-14 14:02:31,671 24397 DEBUG    [tempest_lib.common.rest_client] Request - Headers: {'Content-Type': 'application/json', 'Accept': 'application/json', 'X-Auth-Token': '&lt;omitted&gt;'}
        Body: {"security_group_rule": {"tenant_id": "0133f6d74a924b51a805c6192db956bd", "direction": "ingress", "security_group_id": "005026f5-e1f4-4a95-b233-1d6b9a18ce54", "protocol": "icmp", "ethertype": "IPv6"}}
    Response - Headers: {'status': '201', 'content-length': '345', 'connection': 'close', 'date': 'Mon, 14 Dec 2015 14:02:31 GMT', 'content-type': 'application/json; charset=UTF-8', 'x-openstack-request-id': 'req-9ef3523f-ba26-4603-8def-ca8cc93dfe9c'}
        Body: {"security_group_rule": {"remote_group_id": null, "direction": "ingress", "remote_ip_prefix": null, "protocol": "icmp", "ethertype": "IPv6", "tenant_id": "0133f6d74a924b51a805c6192db956bd", "port_range_max": null, "port_range_min": null, "id": "94d966ec-492d-412e-9e7b-24abcef4b4db", "security_group_id": "005026f5-e1f4-4a95-b233-1d6b9a18ce54"}}
2015-12-14 14:02:31,763 24397 INFO     [tempest_lib.common.rest_client] Request (TestNetworkBasicOps:test_connectivity_between_vms_on_different_networks): 201 POST http://10.0.2.15:9696/v2.0/security-group-rules 0.091s
2015-12-14 14:02:31,763 24397 DEBUG    [tempest_lib.common.rest_client] Request - Headers: {'Content-Type': 'application/json', 'Accept': 'application/json', 'X-Auth-Token': '&lt;omitted&gt;'}
        Body: {"security_group_rule": {"tenant_id": "0133f6d74a924b51a805c6192db956bd", "direction": "egress", "security_group_id": "005026f5-e1f4-4a95-b233-1d6b9a18ce54", "protocol": "icmp", "ethertype": "IPv6"}}
    Response - Headers: {'status': '201', 'content-length': '344', 'connection': 'close', 'date': 'Mon, 14 Dec 2015 14:02:31 GMT', 'content-type': 'application/json; charset=UTF-8', 'x-openstack-request-id': 'req-cd4050ad-4a6d-4464-8a99-6c4d564d7019'}
        Body: {"security_group_rule": {"remote_group_id": null, "direction": "egress", "remote_ip_prefix": null, "protocol": "icmp", "ethertype": "IPv6", "tenant_id": "0133f6d74a924b51a805c6192db956bd", "port_range_max": null, "port_range_min": null, "id": "65496c8c-cd77-4285-86a1-541d322f45b9", "security_group_id": "005026f5-e1f4-4a95-b233-1d6b9a18ce54"}}
2015-12-14 14:02:31,886 24397 INFO     [tempest_lib.common.rest_client] Request (TestNetworkBasicOps:test_connectivity_between_vms_on_different_networks): 201 POST http://10.0.2.15:9696/v2.0/networks 0.122s
2015-12-14 14:02:31,887 24397 DEBUG    [tempest_lib.common.rest_client] Request - Headers: {'Content-Type': 'application/json', 'Accept': 'application/json', 'X-Auth-Token': '&lt;omitted&gt;'}
        Body: {"network": {"tenant_id": "0133f6d74a924b51a805c6192db956bd", "name": "tempest-network-smoke--1142823117"}}
    Response - Headers: {'status': '201', 'content-length': '296', 'connection': 'close', 'date': 'Mon, 14 Dec 2015 14:02:31 GMT', 'content-type': 'application/json; charset=UTF-8', 'x-openstack-request-id': 'req-34698584-0d8e-400a-b1fd-b71d451dd243'}
        Body: {"network": {"status": "ACTIVE", "subnets": [], "name": "tempest-network-smoke--1142823117", "admin_state_up": true, "tenant_id": "0133f6d74a924b51a805c6192db956bd", "mtu": 0, "router:external": false, "shared": false, "port_security_enabled": true, "id": "a5d917e9-6ba7-4907-a7cd-1814d6fb83c4"}}
2015-12-14 14:02:31,966 24397 INFO     [tempest_lib.common.rest_client] Request (TestNetworkBasicOps:test_connectivity_between_vms_on_different_networks): 201 POST http://10.0.2.15:9696/v2.0/routers 0.078s
2015-12-14 14:02:31,967 24397 DEBUG    [tempest_lib.common.rest_client] Request - Headers: {'Content-Type': 'application/json', 'Accept': 'application/json', 'X-Auth-Token': '&lt;omitted&gt;'}
        Body: {"router": {"tenant_id": "0133f6d74a924b51a805c6192db956bd", "name": "tempest-router-smoke-1580514145", "admin_state_up": true}}
    Response - Headers: {'status': '201', 'content-length': '239', 'connection': 'close', 'date': 'Mon, 14 Dec 2015 14:02:31 GMT', 'content-type': 'application/json; charset=UTF-8', 'x-openstack-request-id': 'req-c1d59ca3-2577-411b-a254-c80f741b4b79'}
        Body: {"router": {"status": "ACTIVE", "external_gateway_info": null, "name": "tempest-router-smoke-1580514145", "admin_state_up": true, "tenant_id": "0133f6d74a924b51a805c6192db956bd", "routes": [], "id": "3674506e-bf39-4624-8000-536e55c59c0f"}}
2015-12-14 14:02:32,010 24397 INFO     [tempest_lib.common.rest_client] Request (TestNetworkBasicOps:test_connectivity_between_vms_on_different_networks): 200 GET http://10.0.2.15:9696/v2.0/routers/3674506e-bf39-4624-8000-536e55c59c0f 0.042s
2015-12-14 14:02:32,011 24397 DEBUG    [tempest_lib.common.rest_client] Request - Headers: {'Content-Type': 'application/json', 'Accept': 'application/json', 'X-Auth-Token': '&lt;omitted&gt;'}
        Body: None
    Response - Headers: {'status': '200', 'content-length': '239', 'content-location': 'http://10.0.2.15:9696/v2.0/routers/3674506e-bf39-4624-8000-536e55c59c0f', 'connection': 'close', 'date': 'Mon, 14 Dec 2015 14:02:32 GMT', 'content-type': 'application/json; charset=UTF-8', 'x-openstack-request-id': 'req-66f11220-a86a-467d-ae10-48fb202de42d'}
        Body: {"router": {"status": "ACTIVE", "external_gateway_info": null, "name": "tempest-router-smoke-1580514145", "admin_state_up": true, "tenant_id": "0133f6d74a924b51a805c6192db956bd", "routes": [], "id": "3674506e-bf39-4624-8000-536e55c59c0f"}}
2015-12-14 14:02:32,533 24397 INFO     [tempest_lib.common.rest_client] Request (TestNetworkBasicOps:test_connectivity_between_vms_on_different_networks): 200 PUT http://10.0.2.15:9696/v2.0/routers/3674506e-bf39-4624-8000-536e55c59c0f 0.521s
2015-12-14 14:02:32,534 24397 DEBUG    [tempest_lib.common.rest_client] Request - Headers: {'Content-Type': 'application/json', 'Accept': 'application/json', 'X-Auth-Token': '&lt;omitted&gt;'}
        Body: {"router": {"external_gateway_info": {"network_id": "3f954714-4bc2-4bde-be45-34325933545c"}, "name": "tempest-router-smoke-1580514145", "admin_state_up": true}}
    Response - Headers: {'status': '200', 'content-length': '501', 'connection': 'close', 'date': 'Mon, 14 Dec 2015 14:02:32 GMT', 'content-type': 'application/json; charset=UTF-8', 'x-openstack-request-id': 'req-92d13236-7788-45b8-846f-44e133d751df'}
        Body: {"router": {"status": "ACTIVE", "external_gateway_info": {"network_id": "3f954714-4bc2-4bde-be45-34325933545c", "enable_snat": true, "external_fixed_ips": [{"subnet_id": "bacd0bf1-ed5b-45f1-a8af-e0fb226c6830", "ip_address": "172.24.4.3"}, {"subnet_id": "35e16654-c933-4c3a-9f99-b5a175082287", "ip_address": "2001:db8::4"}]}, "name": "tempest-router-smoke-1580514145", "admin_state_up": true, "tenant_id": "0133f6d74a924b51a805c6192db956bd", "routes": [], "id": "3674506e-bf39-4624-8000-536e55c59c0f"}}
2015-12-14 14:02:32,683 24397 INFO     [tempest_lib.common.rest_client] Request (TestNetworkBasicOps:test_connectivity_between_vms_on_different_networks): 200 GET http://10.0.2.15:9696/v2.0/subnets?tenant_id=0133f6d74a924b51a805c6192db956bd&amp;cidr=10.100.0.0%2F28 0.148s
2015-12-14 14:02:32,684 24397 DEBUG    [tempest_lib.common.rest_client] Request - Headers: {'Content-Type': 'application/json', 'Accept': 'application/json', 'X-Auth-Token': '&lt;omitted&gt;'}
        Body: None
    Response - Headers: {'status': '200', 'content-length': '15', 'content-location': 'http://10.0.2.15:9696/v2.0/subnets?tenant_id=0133f6d74a924b51a805c6192db956bd&amp;cidr=10.100.0.0%2F28', 'connection': 'close', 'date': 'Mon, 14 Dec 2015 14:02:32 GMT', 'content-type': 'application/json; charset=UTF-8', 'x-openstack-request-id': 'req-ac0a4ef8-eeef-4fe2-a5b6-7485857662e5'}
        Body: {"subnets": []}
2015-12-14 14:02:33,075 24397 INFO     [tempest_lib.common.rest_client] Request (TestNetworkBasicOps:test_connectivity_between_vms_on_different_networks): 201 POST http://10.0.2.15:9696/v2.0/subnets 0.390s
2015-12-14 14:02:33,075 24397 DEBUG    [tempest_lib.common.rest_client] Request - Headers: {'Content-Type': 'application/json', 'Accept': 'application/json', 'X-Auth-Token': '&lt;omitted&gt;'}
        Body: {"subnet": {"ip_version": 4, "tenant_id": "0133f6d74a924b51a805c6192db956bd", "cidr": "10.100.0.0/28", "network_id": "a5d917e9-6ba7-4907-a7cd-1814d6fb83c4", "name": "tempest-subnet-smoke-20909257"}}
    Response - Headers: {'status': '201', 'content-length': '476', 'connection': 'close', 'date': 'Mon, 14 Dec 2015 14:02:33 GMT', 'content-type': 'application/json; charset=UTF-8', 'x-openstack-request-id': 'req-2563255b-6a2a-438a-a42d-8b903060eec3'}
        Body: {"subnet": {"name": "tempest-subnet-smoke-20909257", "enable_dhcp": true, "network_id": "a5d917e9-6ba7-4907-a7cd-1814d6fb83c4", "tenant_id": "0133f6d74a924b51a805c6192db956bd", "dns_nameservers": [], "gateway_ip": "10.100.0.1", "ipv6_ra_mode": null, "allocation_pools": [{"start": "10.100.0.2", "end": "10.100.0.14"}], "host_routes": [], "ip_version": 4, "ipv6_address_mode": null, "cidr": "10.100.0.0/28", "id": "17cc6b58-331c-45a9-a155-c7c6bfb02dd5", "subnetpool_id": null}}
2015-12-14 14:02:33,884 24397 INFO     [tempest_lib.common.rest_client] Request (TestNetworkBasicOps:test_connectivity_between_vms_on_different_networks): 200 PUT http://10.0.2.15:9696/v2.0/routers/3674506e-bf39-4624-8000-536e55c59c0f/add_router_interface 0.807s
2015-12-14 14:02:33,884 24397 DEBUG    [tempest_lib.common.rest_client] Request - Headers: {'Content-Type': 'application/json', 'Accept': 'application/json', 'X-Auth-Token': '&lt;omitted&gt;'}
        Body: {"subnet_id": "17cc6b58-331c-45a9-a155-c7c6bfb02dd5"}
    Response - Headers: {'status': '200', 'content-length': '255', 'connection': 'close', 'date': 'Mon, 14 Dec 2015 14:02:33 GMT', 'content-type': 'application/json; charset=UTF-8', 'x-openstack-request-id': 'req-a8c0aa1b-18a4-43de-bd0f-1032822c4f60'}
        Body: {"subnet_id": "17cc6b58-331c-45a9-a155-c7c6bfb02dd5", "tenant_id": "0133f6d74a924b51a805c6192db956bd", "subnet_ids": ["17cc6b58-331c-45a9-a155-c7c6bfb02dd5"], "port_id": "c65ac33e-2514-42ad-a3f4-5cbf4523696b", "id": "3674506e-bf39-4624-8000-536e55c59c0f"}
2015-12-14 14:02:33,932 24397 INFO     [tempest_lib.common.rest_client] Request (TestNetworkBasicOps:test_connectivity_between_vms_on_different_networks): 200 GET http://10.0.2.15:9696/v2.0/networks 0.046s
2015-12-14 14:02:33,932 24397 DEBUG    [tempest_lib.common.rest_client] Request - Headers: {'Content-Type': 'application/json', 'Accept': 'application/json', 'X-Auth-Token': '&lt;omitted&gt;'}
        Body: None
    Response - Headers: {'status': '200', 'content-length': '1318', 'content-location': 'http://10.0.2.15:9696/v2.0/networks', 'connection': 'close', 'date': 'Mon, 14 Dec 2015 14:02:33 GMT', 'content-type': 'application/json; charset=UTF-8', 'x-openstack-request-id': 'req-c6d4c68b-351c-4495-bfc4-16a5ab9dc962'}
        Body: {"networks": [{"status": "ACTIVE", "subnets": ["bacd0bf1-ed5b-45f1-a8af-e0fb226c6830", "35e16654-c933-4c3a-9f99-b5a175082287"], "name": "public", "provider:physical_network": null, "admin_state_up": true, "tenant_id": "ef4bfb3969bd4dc8a9326d55a8a3ad0d", "mtu": 0, "router:external": true, "shared": false, "port_security_enabled": true, "provider:network_type": "vxlan", "id": "3f954714-4bc2-4bde-be45-34325933545c", "provider:segmentation_id": 1057}, {"status": "ACTIVE", "subnets": ["17cc6b58-331c-45a9-a155-c7c6bfb02dd5"], "name": "tempest-network-smoke--1142823117", "provider:physical_network": null, "admin_state_up": true, "tenant_id": "0133f6d74a924b51a805c6192db956bd", "mtu": 0, "router:external": false, "shared": false, "port_security_enabled": true, "provider:network_type": "vxlan", "id": "a5d917e9-6ba7-4907-a7cd-1814d6fb83c4", "provider:segmentation_id": 1002}, {"status": "ACTIVE", "subnets": ["7c310627-477e-4402-b07e-a43520f034a5", "9a469d0c-12a2-4306-8c97-4a99083e0610"], "name": "private", "provider:physical_network": null, "admin_state_up": true, "tenant_id": "4b0c26e4d8644289999593c01ca0a408", "mtu": 0, "router:external": false, "shared": false, "port_security_enabled": true, "provider:network_type": "vxlan", "id": "e1b8b0ba-d9f7-4b55-afa3-f5bea792b42e", "provider:segmentation_id": 1063}]}
2015-12-14 14:02:33,996 24397 INFO     [tempest_lib.common.rest_client] Request (TestNetworkBasicOps:test_connectivity_between_vms_on_different_networks): 200 GET http://10.0.2.15:9696/v2.0/subnets 0.063s
2015-12-14 14:02:33,997 24397 DEBUG    [tempest_lib.common.rest_client] Request - Headers: {'Content-Type': 'application/json', 'Accept': 'application/json', 'X-Auth-Token': '&lt;omitted&gt;'}
        Body: None
    Response - Headers: {'status': '200', 'content-length': '2406', 'content-location': 'http://10.0.2.15:9696/v2.0/subnets', 'connection': 'close', 'date': 'Mon, 14 Dec 2015 14:02:33 GMT', 'content-type': 'application/json; charset=UTF-8', 'x-openstack-request-id': 'req-8ad7c13a-518b-4b85-abbd-53381971195e'}
        Body: {"subnets": [{"name": "public-subnet", "enable_dhcp": false, "network_id": "3f954714-4bc2-4bde-be45-34325933545c", "tenant_id": "ef4bfb3969bd4dc8a9326d55a8a3ad0d", "dns_nameservers": [], "gateway_ip": "172.24.4.1", "ipv6_ra_mode": null, "allocation_pools": [{"start": "172.24.4.2", "end": "172.24.4.254"}], "host_routes": [], "ip_version": 4, "ipv6_address_mode": null, "cidr": "172.24.4.0/24", "id": "bacd0bf1-ed5b-45f1-a8af-e0fb226c6830", "subnetpool_id": null}, {"name": "ipv6-public-subnet", "enable_dhcp": false, "network_id": "3f954714-4bc2-4bde-be45-34325933545c", "tenant_id": "ef4bfb3969bd4dc8a9326d55a8a3ad0d", "dns_nameservers": [], "gateway_ip": "2001:db8::2", "ipv6_ra_mode": null, "allocation_pools": [{"start": "2001:db8::3", "end": "2001:db8::ffff:ffff:ffff:ffff"}, {"start": "2001:db8::1", "end": "2001:db8::1"}], "host_routes": [], "ip_version": 6, "ipv6_address_mode": null, "cidr": "2001:db8::/64", "id": "35e16654-c933-4c3a-9f99-b5a175082287", "subnetpool_id": null}, {"name": "ipv6-private-subnet", "enable_dhcp": true, "network_id": "e1b8b0ba-d9f7-4b55-afa3-f5bea792b42e", "tenant_id": "4b0c26e4d8644289999593c01ca0a408", "dns_nameservers": [], "gateway_ip": "fd8d:fd01:6e2b::1", "ipv6_ra_mode": "slaac", "allocation_pools": [{"start": "fd8d:fd01:6e2b::2", "end": "fd8d:fd01:6e2b:0:ffff:ffff:ffff:ffff"}], "host_routes": [], "ip_version": 6, "ipv6_address_mode": "slaac", "cidr": "fd8d:fd01:6e2b::/64", "id": "7c310627-477e-4402-b07e-a43520f034a5", "subnetpool_id": null}, {"name": "private-subnet", "enable_dhcp": true, "network_id": "e1b8b0ba-d9f7-4b55-afa3-f5bea792b42e", "tenant_id": "4b0c26e4d8644289999593c01ca0a408", "dns_nameservers": [], "gateway_ip": "10.0.0.1", "ipv6_ra_mode": null, "allocation_pools": [{"start": "10.0.0.2", "end": "10.0.0.254"}], "host_routes": [], "ip_version": 4, "ipv6_address_mode": null, "cidr": "10.0.0.0/24", "id": "9a469d0c-12a2-4306-8c97-4a99083e0610", "subnetpool_id": null}, {"name": "tempest-subnet-smoke-20909257", "enable_dhcp": true, "network_id": "a5d917e9-6ba7-4907-a7cd-1814d6fb83c4", "tenant_id": "0133f6d74a924b51a805c6192db956bd", "dns_nameservers": [], "gateway_ip": "10.100.0.1", "ipv6_ra_mode": null, "allocation_pools": [{"start": "10.100.0.2", "end": "10.100.0.14"}], "host_routes": [], "ip_version": 4, "ipv6_address_mode": null, "cidr": "10.100.0.0/28", "id": "17cc6b58-331c-45a9-a155-c7c6bfb02dd5", "subnetpool_id": null}]}
2015-12-14 14:02:34,044 24397 INFO     [tempest_lib.common.rest_client] Request (TestNetworkBasicOps:test_connectivity_between_vms_on_different_networks): 200 GET http://10.0.2.15:9696/v2.0/routers 0.045s
2015-12-14 14:02:34,045 24397 DEBUG    [tempest_lib.common.rest_client] Request - Headers: {'Content-Type': 'application/json', 'Accept': 'application/json', 'X-Auth-Token': '&lt;omitted&gt;'}
        Body: None
    Response - Headers: {'status': '200', 'content-length': '1041', 'content-location': 'http://10.0.2.15:9696/v2.0/routers', 'connection': 'close', 'date': 'Mon, 14 Dec 2015 14:02:34 GMT', 'content-type': 'application/json; charset=UTF-8', 'x-openstack-request-id': 'req-970d09c3-fa40-4bd5-80cb-6e3017b74edf'}
        Body: {"routers": [{"status": "ACTIVE", "external_gateway_info": {"network_id": "3f954714-4bc2-4bde-be45-34325933545c", "enable_snat": true, "external_fixed_ips": [{"subnet_id": "bacd0bf1-ed5b-45f1-a8af-e0fb226c6830", "ip_address": "172.24.4.3"}, {"subnet_id": "35e16654-c933-4c3a-9f99-b5a175082287", "ip_address": "2001:db8::4"}]}, "name": "tempest-router-smoke-1580514145", "admin_state_up": true, "tenant_id": "0133f6d74a924b51a805c6192db956bd", "distributed": false, "routes": [], "ha": false, "id": "3674506e-bf39-4624-8000-536e55c59c0f"}, {"status": "ACTIVE", "external_gateway_info": {"network_id": "3f954714-4bc2-4bde-be45-34325933545c", "enable_snat": true, "external_fixed_ips": [{"subnet_id": "bacd0bf1-ed5b-45f1-a8af-e0fb226c6830", "ip_address": "172.24.4.2"}, {"subnet_id": "35e16654-c933-4c3a-9f99-b5a175082287", "ip_address": "2001:db8::3"}]}, "name": "router1", "admin_state_up": true, "tenant_id": "4b0c26e4d8644289999593c01ca0a408", "distributed": false, "routes": [], "ha": false, "id": "acb5161d-66cd-4f25-983e-8be4a4cc8911"}]}
2015-12-14 14:02:34,307 24397 INFO     [tempest_lib.common.rest_client] Request (TestNetworkBasicOps:test_connectivity_between_vms_on_different_networks): 200 POST http://10.0.2.15:8774/v2.1/0133f6d74a924b51a805c6192db956bd/os-keypairs 0.260s
2015-12-14 14:02:34,307 24397 DEBUG    [tempest_lib.common.rest_client] Request - Headers: {'Content-Type': 'application/json', 'Accept': 'application/json', 'X-Auth-Token': '&lt;omitted&gt;'}
        Body: {"keypair": {"name": "tempest-TestNetworkBasicOps-894912661"}}
    Response - Headers: {'status': '200', 'content-length': '2320', 'x-compute-request-id': 'req-43baba41-f842-484b-9d4e-90fb3fc9f888', 'vary': 'X-OpenStack-Nova-API-Version', 'connection': 'close', 'x-openstack-nova-api-version': '2.1', 'date': 'Mon, 14 Dec 2015 14:02:34 GMT', 'content-type': 'application/json'}
        Body: {"keypair": {"public_key": "ssh-rsa AAAAB3NzaC1yc2EAAAADAQABAAABAQDJBdM5v2Hto0EPZ8Acxho+++UbNboXs3ADHBelbOmjemUMWCv+QlPvKFCjZXIcSouuQmdmn2jZehtPj17VKglzN/i+ANGlt79W/WyZzjwk1CutO4Qj67M+JkBPXTrHTWV7bSA4EBaWIkyw5iNbMLXjq/PFF6TSKdnXTFQT1wwhOQdDJGeVCxIbNmP1hTo+V+XWjMMEW6C6VNKX5TIX3SZNRUGPbFtTGx/mk1QhZgqpvSzwU8j3HyBgyYgtMqrbn6fKLYOOQn5vq7oV4dWPAUOm1UC845hfJMRum+CgPRLQB5jZ37R5+dsgKgZHZwdvPM816k36n2BLlUD9uh4VQXGt Generated-by-Nova", "private_key": "-----BEGIN RSA PRIVATE KEY-----\nMIIEqAIBAAKCAQEAyQXTOb9h7aNBD2fAHMYaPvvlGzW6F7NwAxwXpWzpo3plDFgr\n/kJT7yhQo2VyHEqLrkJnZp9o2XobT49e1SoJczf4vgDRpbe/Vv1smc48JNQrrTuE\nI+uzPiZAT106x01le20gOBAWliJMsOYjWzC146vzxRek0inZ10xUE9cMITkHQyRn\nlQsSGzZj9YU6Plfl1ozDBFugulTSl+UyF90mTUVBj2xbUxsf5pNUIWYKqb0s8FPI\n9x8gYMmILTKq25+nyi2DjkJ+b6u6FeHVjwFDptVAvOOYXyTEbpvgoD0S0AeY2d+0\nefnbICoGR2cHbzzPNepN+p9gS5VA/boeFUFxrQIDAQABAoIBAGyNZrjibkFjTTjC\nb+2Z1IZ6hAejhbBSx4QGYYaFP811xKdb3bXZn3WgMZtqpqo8Xx1k4m16W6ZE2Aao\nhy9ZGe1MJliEHLH+faa+By0vPy8sG8HaR8sV9p7zDPtOfvUtCEYUcbeUiH3eW8eT\nHziZHz+olWSzFeAflXE72JM2J2iwa1SIT6KOzmlOTqd8sRkLFJFTI4kWxB2WohJ0\n9cCu0OD6psqy8hofVEkJI4NPfeR5Df86gpT0zUdHDU4hg7hHSnVMO44m1TfG9PE1\nxERMCwSMl43KbjAtxWjH35vN8dSCx/IzKFTj6VIIaoAaKyTO9LGlFLdppnm71kYT\nuBcT6kkCggCBANJONdylTopzDi26Rk2ByuSfcRNMlR4o5xJ3Ja7/eS8a96vx5SYU\nV3f+k7l9w2XPRRHr5eQO/GxRsk5b1m2eL0urxeMpvRh8J9XK4R9szieqiqbXtaIH\nd2YV7kma5pqA8POzirzgMGvIA9kROHzh+gjU1q+dT5ddKA8yK35UxcM/AoIAgQD0\ns0gQyEB3Gvq2V2dt3BLq3+4QiCWNSSxcR9/1+7KVnZivqUrB7rwk9aGBHZLO1oNB\nqFdBDaOxUvRpxMDYqhTc5ynUi3MwOsBRFhrfSvO0LYqIHLDgqn0bv8cX03yJRp7h\nh4e3AOxFVN3v7JTcIE5wcE/5TYK5rDi8XTqjyFMMEwKCAIBIRAfOIh+zA4ZDwFaY\nG5mUphU9BHvZOUTt23Nfhvolbabdtul/BE5qNVidzNFwEqExX1ZH375tmkUjF/u+\n/zRRVF1TiewolcE6fdSN792HU9sBKe6IFvi4Y6DWOhwzy0sA8xkhfgglgT2RQZGf\nmCdLEZgUEIJhCOnTDvJTHt42EQKCAIBE/h99i9iRPGwf6TjiQsCatJR82MYttcnq\nIuHEizjo8kxQitznHRazHQZyTxJLezP62Snwz5Wts4PyJmVxMVM8jXi/0qmhmY8L\nzb2543oe/RAoHF7KmYc4wbOyxhBA7EZztDDRqlLzoWAJ+5xlDD7RePkzg2UuUJ6W\njXqxHxQ7PQKCAIEAs1DwFI2i9UAxDftgLaBVCStCbp7XNp4C5qhQPsReywyQygpG\nFE0HVPwdoDWQA7UrgUcMPpUF80HJf4KCqQZGYAoDm1stQigAis7FuDtORvxJ77Wh\nGVn7VLrqVp8HjwkDSE9rDJGOcpSK7bL3xIOMBMz8rv8LUtl6sfb1VjUGR7Q=\n-----END RSA PRIVATE KEY-----\n", "user_id": "bc3fadba1524430db6768eebe1da14d3", "name": "tempest-TestNetworkBasicOps-894912661", "fingerprint": "b1:f8:07:35:db:66:c3:c7:0b:56:f8:3c:67:8b:43:73"}}
2015-12-14 14:02:34,432 24397 INFO     [tempest_lib.common.rest_client] Request (TestNetworkBasicOps:test_connectivity_between_vms_on_different_networks): 200 POST http://10.0.2.15:5000/v2.0/tokens
2015-12-14 14:02:34,433 24397 DEBUG    [tempest_lib.common.rest_client] Request - Headers: {'Content-Type': 'application/json', 'Accept': 'application/json'}
        Body: &lt;omitted&gt;
    Response - Headers: {'status': '200', 'content-length': '2526', 'vary': 'X-Auth-Token', 'server': 'Apache/2.4.7 (Ubuntu)', 'connection': 'close', 'date': 'Mon, 14 Dec 2015 14:02:34 GMT', 'content-type': 'application/json', 'x-openstack-request-id': 'req-dc20bd94-d93b-4bd1-9bcb-a1e546e1cfa3'}
        Body: {"access": {"token": {"issued_at": "2015-12-14T14:02:34.422089", "expires": "2015-12-14T15:02:34Z", "id": "a8f9bb9f18c14072b6559d6130adde65", "tenant": {"description": "tempest-TestNetworkBasicOps-851017612-desc", "enabled": true, "id": "0133f6d74a924b51a805c6192db956bd", "name": "tempest-TestNetworkBasicOps-851017612"}, "audit_ids": ["M116Q-9bTASfDn1OgBUrzQ"]}, "serviceCatalog": [{"endpoints": [{"adminURL": "http://10.0.2.15:8774/v2.1/0133f6d74a924b51a805c6192db956bd", "region": "RegionOne", "internalURL": "http://10.0.2.15:8774/v2.1/0133f6d74a924b51a805c6192db956bd", "id": "be00d400f83d490ebb18a46630d4b4c9", "publicURL": "http://10.0.2.15:8774/v2.1/0133f6d74a924b51a805c6192db956bd"}], "endpoints_links": [], "type": "compute", "name": "nova"}, {"endpoints": [{"adminURL": "http://10.0.2.15:9696/", "region": "RegionOne", "internalURL": "http://10.0.2.15:9696/", "id": "6c62216dc9be4b2a9ccd3084e6a19da4", "publicURL": "http://10.0.2.15:9696/"}], "endpoints_links": [], "type": "network", "name": "neutron"}, {"endpoints": [{"adminURL": "http://10.0.2.15:9292", "region": "RegionOne", "internalURL": "http://10.0.2.15:9292", "id": "27b0aefffc99488da54fde0fdde64714", "publicURL": "http://10.0.2.15:9292"}], "endpoints_links": [], "type": "image", "name": "glance"}, {"endpoints": [{"adminURL": "http://10.0.2.15:8774/v2/0133f6d74a924b51a805c6192db956bd", "region": "RegionOne", "internalURL": "http://10.0.2.15:8774/v2/0133f6d74a924b51a805c6192db956bd", "id": "24d1b2a90fe84fedb576272d849c6ab8", "publicURL": "http://10.0.2.15:8774/v2/0133f6d74a924b51a805c6192db956bd"}], "endpoints_links": [], "type": "compute_legacy", "name": "nova_legacy"}, {"endpoints": [{"adminURL": "http://10.0.2.15:8773/", "region": "RegionOne", "internalURL": "http://10.0.2.15:8773/", "id": "7a7c655d21914728823a2271f005580d", "publicURL": "http://10.0.2.15:8773/"}], "endpoints_links": [], "type": "ec2", "name": "ec2"}, {"endpoints": [{"adminURL": "http://10.0.2.15:35357/v2.0", "region": "RegionOne", "internalURL": "http://10.0.2.15:5000/v2.0", "id": "235e3e3c92e24a44abe4693cbbed052b", "publicURL": "http://10.0.2.15:5000/v2.0"}], "endpoints_links": [], "type": "identity", "name": "keystone"}], "user": {"username": "tempest-TestNetworkBasicOps-375035621", "roles_links": [], "id": "bc3fadba1524430db6768eebe1da14d3", "roles": [{"name": "_member_"}, {"name": "Member"}], "name": "tempest-TestNetworkBasicOps-375035621"}, "metadata": {"is_admin": 0, "roles": ["9fe2ff9ee4384b1894a90878d3e92bab", "b915574eb00c4b0588509155037371d6"]}}}
2015-12-14 14:02:34,439 24397 DEBUG    [tempest.common.fixed_network] (TestNetworkBasicOps:test_connectivity_between_vms_on_different_networks) No valid network provided or created, defaulting to fixed_network_name
2015-12-14 14:02:34,771 24397 INFO     [tempest_lib.common.rest_client] Request (TestNetworkBasicOps:test_connectivity_between_vms_on_different_networks): 200 GET http://10.0.2.15:8774/v2.1/0133f6d74a924b51a805c6192db956bd/os-networks 0.331s
2015-12-14 14:02:34,771 24397 DEBUG    [tempest_lib.common.rest_client] Request - Headers: {'Content-Type': 'application/json', 'Accept': 'application/json', 'X-Auth-Token': '&lt;omitted&gt;'}
        Body: None
    Response - Headers: {'status': '200', 'content-length': '479', 'content-location': 'http://10.0.2.15:8774/v2.1/0133f6d74a924b51a805c6192db956bd/os-networks', 'x-compute-request-id': 'req-c96e5679-1d0f-4c80-a6f5-addce5a4d0b5', 'vary': 'X-OpenStack-Nova-API-Version', 'connection': 'close', 'x-openstack-nova-api-version': '2.1', 'date': 'Mon, 14 Dec 2015 14:02:34 GMT', 'content-type': 'application/json'}
        Body: {"networks": [{"cidr_v6": null, "dns2": null, "dns1": null, "gateway": null, "broadcast": null, "netmask": null, "gateway_v6": null, "cidr": null, "label": "tempest-network-smoke--1142823117", "id": "a5d917e9-6ba7-4907-a7cd-1814d6fb83c4", "netmask_v6": null}, {"cidr_v6": null, "dns2": null, "dns1": null, "gateway": null, "broadcast": null, "netmask": null, "gateway_v6": null, "cidr": null, "label": "public", "id": "3f954714-4bc2-4bde-be45-34325933545c", "netmask_v6": null}]}
2015-12-14 14:02:34,772 24397 WARNING  [tempest.common.fixed_network] (TestNetworkBasicOps:test_connectivity_between_vms_on_different_networks) Network with name: private not found
2015-12-14 14:02:34,773 24397 INFO     [tempest.common.fixed_network] (TestNetworkBasicOps:test_connectivity_between_vms_on_different_networks) Found network {} available for tenant
2015-12-14 14:02:36,453 24397 INFO     [tempest_lib.common.rest_client] Request (TestNetworkBasicOps:test_connectivity_between_vms_on_different_networks): 202 POST http://10.0.2.15:8774/v2.1/0133f6d74a924b51a805c6192db956bd/servers 1.679s
2015-12-14 14:02:36,454 24397 DEBUG    [tempest_lib.common.rest_client] Request - Headers: {'Content-Type': 'application/json', 'Accept': 'application/json', 'X-Auth-Token': '&lt;omitted&gt;'}
        Body: {"server": {"name": "tempest.common.compute-instance-1411563217", "imageRef": "600da652-2e5a-4bce-99b4-e860fa7baadd", "key_name": "tempest-TestNetworkBasicOps-894912661", "flavorRef": "42", "networks": [{"uuid": "a5d917e9-6ba7-4907-a7cd-1814d6fb83c4"}], "security_groups": [{"name": "tempest-secgroup-smoke-675890510"}]}}
    Response - Headers: {'status': '202', 'content-length': '461', 'x-compute-request-id': 'req-927fcb59-6ef0-4312-9593-e0a6ececbc0b', 'vary': 'X-OpenStack-Nova-API-Version', 'connection': 'close', 'location': 'http://10.0.2.15:8774/v2.1/0133f6d74a924b51a805c6192db956bd/servers/3c82e9cd-0e8f-4b65-9853-6d09df9b3bcc', 'x-openstack-nova-api-version': '2.1', 'date': 'Mon, 14 Dec 2015 14:02:36 GMT', 'content-type': 'application/json'}
        Body: {"server": {"security_groups": [{"name": "tempest-secgroup-smoke-675890510"}], "OS-DCF:diskConfig": "MANUAL", "id": "3c82e9cd-0e8f-4b65-9853-6d09df9b3bcc", "links": [{"href": "http://10.0.2.15:8774/v2.1/0133f6d74a924b51a805c6192db956bd/servers/3c82e9cd-0e8f-4b65-9853-6d09df9b3bcc", "rel": "self"}, {"href": "http://10.0.2.15:8774/0133f6d74a924b51a805c6192db956bd/servers/3c82e9cd-0e8f-4b65-9853-6d09df9b3bcc", "rel": "bookmark"}], "adminPass": "opzdL2sCXiio"}}
2015-12-14 14:02:36,592 24397 INFO     [tempest_lib.common.rest_client] Request (TestNetworkBasicOps:test_connectivity_between_vms_on_different_networks): 200 GET http://10.0.2.15:8774/v2.1/0133f6d74a924b51a805c6192db956bd/servers/3c82e9cd-0e8f-4b65-9853-6d09df9b3bcc 0.135s
2015-12-14 14:02:36,592 24397 DEBUG    [tempest_lib.common.rest_client] Request - Headers: {'Content-Type': 'application/json', 'Accept': 'application/json', 'X-Auth-Token': '&lt;omitted&gt;'}
        Body: None
    Response - Headers: {'status': '200', 'content-length': '1355', 'content-location': 'http://10.0.2.15:8774/v2.1/0133f6d74a924b51a805c6192db956bd/servers/3c82e9cd-0e8f-4b65-9853-6d09df9b3bcc', 'x-compute-request-id': 'req-2be6b07f-6dc5-4464-b702-bb5fe8f7d07a', 'vary': 'X-OpenStack-Nova-API-Version', 'connection': 'close', 'x-openstack-nova-api-version': '2.1', 'date': 'Mon, 14 Dec 2015 14:02:36 GMT', 'content-type': 'application/json'}
        Body: {"server": {"status": "BUILD", "updated": "2015-12-14T14:02:36Z", "hostId": "", "addresses": {}, "links": [{"href": "http://10.0.2.15:8774/v2.1/0133f6d74a924b51a805c6192db956bd/servers/3c82e9cd-0e8f-4b65-9853-6d09df9b3bcc", "rel": "self"}, {"href": "http://10.0.2.15:8774/0133f6d74a924b51a805c6192db956bd/servers/3c82e9cd-0e8f-4b65-9853-6d09df9b3bcc", "rel": "bookmark"}], "key_name": "tempest-TestNetworkBasicOps-894912661", "image": {"id": "600da652-2e5a-4bce-99b4-e860fa7baadd", "links": [{"href": "http://10.0.2.15:8774/0133f6d74a924b51a805c6192db956bd/images/600da652-2e5a-4bce-99b4-e860fa7baadd", "rel": "bookmark"}]}, "OS-EXT-STS:task_state": "scheduling", "OS-EXT-STS:vm_state": "building", "OS-SRV-USG:launched_at": null, "flavor": {"id": "42", "links": [{"href": "http://10.0.2.15:8774/0133f6d74a924b51a805c6192db956bd/flavors/42", "rel": "bookmark"}]}, "id": "3c82e9cd-0e8f-4b65-9853-6d09df9b3bcc", "OS-SRV-USG:terminated_at": null, "OS-EXT-AZ:availability_zone": "", "user_id": "bc3fadba1524430db6768eebe1da14d3", "name": "tempest.common.compute-instance-1411563217", "created": "2015-12-14T14:02:36Z", "tenant_id": "0133f6d74a924b51a805c6192db956bd", "OS-DCF:diskConfig": "MANUAL", "os-extended-volumes:volumes_attached": [], "accessIPv4": "", "accessIPv6": "", "progress": 0, "OS-EXT-STS:power_state": 0, "config_drive": "", "metadata": {}}}
2015-12-14 14:02:37,838 24397 INFO     [tempest_lib.common.rest_client] Request (TestNetworkBasicOps:test_connectivity_between_vms_on_different_networks): 200 GET http://10.0.2.15:8774/v2.1/0133f6d74a924b51a805c6192db956bd/servers/3c82e9cd-0e8f-4b65-9853-6d09df9b3bcc 0.234s
2015-12-14 14:02:37,838 24397 DEBUG    [tempest_lib.common.rest_client] Request - Headers: {'Content-Type': 'application/json', 'Accept': 'application/json', 'X-Auth-Token': '&lt;omitted&gt;'}
        Body: None
    Response - Headers: {'status': '200', 'content-length': '1480', 'content-location': 'http://10.0.2.15:8774/v2.1/0133f6d74a924b51a805c6192db956bd/servers/3c82e9cd-0e8f-4b65-9853-6d09df9b3bcc', 'x-compute-request-id': 'req-f87aaea8-397f-4468-b903-c1b1d35e6f6f', 'vary': 'X-OpenStack-Nova-API-Version', 'connection': 'close', 'x-openstack-nova-api-version': '2.1', 'date': 'Mon, 14 Dec 2015 14:02:37 GMT', 'content-type': 'application/json'}
        Body: {"server": {"status": "BUILD", "updated": "2015-12-14T14:02:37Z", "hostId": "c726f27511b4e507954dfb6de823f05d2844e6f62e486f31dc489cc7", "addresses": {}, "links": [{"href": "http://10.0.2.15:8774/v2.1/0133f6d74a924b51a805c6192db956bd/servers/3c82e9cd-0e8f-4b65-9853-6d09df9b3bcc", "rel": "self"}, {"href": "http://10.0.2.15:8774/0133f6d74a924b51a805c6192db956bd/servers/3c82e9cd-0e8f-4b65-9853-6d09df9b3bcc", "rel": "bookmark"}], "key_name": "tempest-TestNetworkBasicOps-894912661", "image": {"id": "600da652-2e5a-4bce-99b4-e860fa7baadd", "links": [{"href": "http://10.0.2.15:8774/0133f6d74a924b51a805c6192db956bd/images/600da652-2e5a-4bce-99b4-e860fa7baadd", "rel": "bookmark"}]}, "OS-EXT-STS:task_state": "spawning", "OS-EXT-STS:vm_state": "building", "OS-SRV-USG:launched_at": null, "flavor": {"id": "42", "links": [{"href": "http://10.0.2.15:8774/0133f6d74a924b51a805c6192db956bd/flavors/42", "rel": "bookmark"}]}, "id": "3c82e9cd-0e8f-4b65-9853-6d09df9b3bcc", "security_groups": [{"name": "tempest-secgroup-smoke-675890510"}], "OS-SRV-USG:terminated_at": null, "OS-EXT-AZ:availability_zone": "nova", "user_id": "bc3fadba1524430db6768eebe1da14d3", "name": "tempest.common.compute-instance-1411563217", "created": "2015-12-14T14:02:36Z", "tenant_id": "0133f6d74a924b51a805c6192db956bd", "OS-DCF:diskConfig": "MANUAL", "os-extended-volumes:volumes_attached": [], "accessIPv4": "", "accessIPv6": "", "progress": 0, "OS-EXT-STS:power_state": 0, "config_drive": "", "metadata": {}}}
2015-12-14 14:02:37,847 24397 INFO     [tempest.common.waiters] State transition "BUILD/scheduling" ==&gt; "BUILD/spawning" after 1 second wait
2015-12-14 14:02:39,049 24397 INFO     [tempest_lib.common.rest_client] Request (TestNetworkBasicOps:test_connectivity_between_vms_on_different_networks): 200 GET http://10.0.2.15:8774/v2.1/0133f6d74a924b51a805c6192db956bd/servers/3c82e9cd-0e8f-4b65-9853-6d09df9b3bcc 0.200s
2015-12-14 14:02:39,049 24397 DEBUG    [tempest_lib.common.rest_client] Request - Headers: {'Content-Type': 'application/json', 'Accept': 'application/json', 'X-Auth-Token': '&lt;omitted&gt;'}
        Body: None
    Response - Headers: {'status': '200', 'content-length': '1480', 'content-location': 'http://10.0.2.15:8774/v2.1/0133f6d74a924b51a805c6192db956bd/servers/3c82e9cd-0e8f-4b65-9853-6d09df9b3bcc', 'x-compute-request-id': 'req-6dfc0c68-7192-4ba8-833c-9b124d75c822', 'vary': 'X-OpenStack-Nova-API-Version', 'connection': 'close', 'x-openstack-nova-api-version': '2.1', 'date': 'Mon, 14 Dec 2015 14:02:39 GMT', 'content-type': 'application/json'}
        Body: {"server": {"status": "BUILD", "updated": "2015-12-14T14:02:37Z", "hostId": "c726f27511b4e507954dfb6de823f05d2844e6f62e486f31dc489cc7", "addresses": {}, "links": [{"href": "http://10.0.2.15:8774/v2.1/0133f6d74a924b51a805c6192db956bd/servers/3c82e9cd-0e8f-4b65-9853-6d09df9b3bcc", "rel": "self"}, {"href": "http://10.0.2.15:8774/0133f6d74a924b51a805c6192db956bd/servers/3c82e9cd-0e8f-4b65-9853-6d09df9b3bcc", "rel": "bookmark"}], "key_name": "tempest-TestNetworkBasicOps-894912661", "image": {"id": "600da652-2e5a-4bce-99b4-e860fa7baadd", "links": [{"href": "http://10.0.2.15:8774/0133f6d74a924b51a805c6192db956bd/images/600da652-2e5a-4bce-99b4-e860fa7baadd", "rel": "bookmark"}]}, "OS-EXT-STS:task_state": "spawning", "OS-EXT-STS:vm_state": "building", "OS-SRV-USG:launched_at": null, "flavor": {"id": "42", "links": [{"href": "http://10.0.2.15:8774/0133f6d74a924b51a805c6192db956bd/flavors/42", "rel": "bookmark"}]}, "id": "3c82e9cd-0e8f-4b65-9853-6d09df9b3bcc", "security_groups": [{"name": "tempest-secgroup-smoke-675890510"}], "OS-SRV-USG:terminated_at": null, "OS-EXT-AZ:availability_zone": "nova", "user_id": "bc3fadba1524430db6768eebe1da14d3", "name": "tempest.common.compute-instance-1411563217", "created": "2015-12-14T14:02:36Z", "tenant_id": "0133f6d74a924b51a805c6192db956bd", "OS-DCF:diskConfig": "MANUAL", "os-extended-volumes:volumes_attached": [], "accessIPv4": "", "accessIPv6": "", "progress": 0, "OS-EXT-STS:power_state": 0, "config_drive": "", "metadata": {}}}
2015-12-14 14:02:40,290 24397 INFO     [tempest_lib.common.rest_client] Request (TestNetworkBasicOps:test_connectivity_between_vms_on_different_networks): 200 GET http://10.0.2.15:8774/v2.1/0133f6d74a924b51a805c6192db956bd/servers/3c82e9cd-0e8f-4b65-9853-6d09df9b3bcc 0.229s
2015-12-14 14:02:40,291 24397 DEBUG    [tempest_lib.common.rest_client] Request - Headers: {'Content-Type': 'application/json', 'Accept': 'application/json', 'X-Auth-Token': '&lt;omitted&gt;'}
        Body: None
    Response - Headers: {'status': '200', 'content-length': '1652', 'content-location': 'http://10.0.2.15:8774/v2.1/0133f6d74a924b51a805c6192db956bd/servers/3c82e9cd-0e8f-4b65-9853-6d09df9b3bcc', 'x-compute-request-id': 'req-78342471-5bde-45c3-a1fb-df0ecb44ff3b', 'vary': 'X-OpenStack-Nova-API-Version', 'connection': 'close', 'x-openstack-nova-api-version': '2.1', 'date': 'Mon, 14 Dec 2015 14:02:40 GMT', 'content-type': 'application/json'}
        Body: {"server": {"status": "ACTIVE", "updated": "2015-12-14T14:02:39Z", "hostId": "c726f27511b4e507954dfb6de823f05d2844e6f62e486f31dc489cc7", "addresses": {"tempest-network-smoke--1142823117": [{"OS-EXT-IPS-MAC:mac_addr": "fa:16:3e:38:75:c0", "version": 4, "addr": "10.100.0.3", "OS-EXT-IPS:type": "fixed"}]}, "links": [{"href": "http://10.0.2.15:8774/v2.1/0133f6d74a924b51a805c6192db956bd/servers/3c82e9cd-0e8f-4b65-9853-6d09df9b3bcc", "rel": "self"}, {"href": "http://10.0.2.15:8774/0133f6d74a924b51a805c6192db956bd/servers/3c82e9cd-0e8f-4b65-9853-6d09df9b3bcc", "rel": "bookmark"}], "key_name": "tempest-TestNetworkBasicOps-894912661", "image": {"id": "600da652-2e5a-4bce-99b4-e860fa7baadd", "links": [{"href": "http://10.0.2.15:8774/0133f6d74a924b51a805c6192db956bd/images/600da652-2e5a-4bce-99b4-e860fa7baadd", "rel": "bookmark"}]}, "OS-EXT-STS:task_state": null, "OS-EXT-STS:vm_state": "active", "OS-SRV-USG:launched_at": "2015-12-14T14:02:39.000000", "flavor": {"id": "42", "links": [{"href": "http://10.0.2.15:8774/0133f6d74a924b51a805c6192db956bd/flavors/42", "rel": "bookmark"}]}, "id": "3c82e9cd-0e8f-4b65-9853-6d09df9b3bcc", "security_groups": [{"name": "tempest-secgroup-smoke-675890510"}], "OS-SRV-USG:terminated_at": null, "OS-EXT-AZ:availability_zone": "nova", "user_id": "bc3fadba1524430db6768eebe1da14d3", "name": "tempest.common.compute-instance-1411563217", "created": "2015-12-14T14:02:36Z", "tenant_id": "0133f6d74a924b51a805c6192db956bd", "OS-DCF:diskConfig": "MANUAL", "os-extended-volumes:volumes_attached": [], "accessIPv4": "", "accessIPv6": "", "progress": 0, "OS-EXT-STS:power_state": 1, "config_drive": "True", "metadata": {}}}
2015-12-14 14:02:40,299 24397 INFO     [tempest.common.waiters] State transition "BUILD/spawning" ==&gt; "ACTIVE/None" after 4 second wait
2015-12-14 14:02:40,494 24397 INFO     [tempest_lib.common.rest_client] Request (TestNetworkBasicOps:test_connectivity_between_vms_on_different_networks): 200 GET http://10.0.2.15:8774/v2.1/0133f6d74a924b51a805c6192db956bd/servers/3c82e9cd-0e8f-4b65-9853-6d09df9b3bcc 0.193s
2015-12-14 14:02:40,494 24397 DEBUG    [tempest_lib.common.rest_client] Request - Headers: {'Content-Type': 'application/json', 'Accept': 'application/json', 'X-Auth-Token': '&lt;omitted&gt;'}
        Body: None
    Response - Headers: {'status': '200', 'content-length': '1652', 'content-location': 'http://10.0.2.15:8774/v2.1/0133f6d74a924b51a805c6192db956bd/servers/3c82e9cd-0e8f-4b65-9853-6d09df9b3bcc', 'x-compute-request-id': 'req-09bc6a82-7381-427a-8c46-9ce43c493251', 'vary': 'X-OpenStack-Nova-API-Version', 'connection': 'close', 'x-openstack-nova-api-version': '2.1', 'date': 'Mon, 14 Dec 2015 14:02:40 GMT', 'content-type': 'application/json'}
        Body: {"server": {"status": "ACTIVE", "updated": "2015-12-14T14:02:39Z", "hostId": "c726f27511b4e507954dfb6de823f05d2844e6f62e486f31dc489cc7", "addresses": {"tempest-network-smoke--1142823117": [{"OS-EXT-IPS-MAC:mac_addr": "fa:16:3e:38:75:c0", "version": 4, "addr": "10.100.0.3", "OS-EXT-IPS:type": "fixed"}]}, "links": [{"href": "http://10.0.2.15:8774/v2.1/0133f6d74a924b51a805c6192db956bd/servers/3c82e9cd-0e8f-4b65-9853-6d09df9b3bcc", "rel": "self"}, {"href": "http://10.0.2.15:8774/0133f6d74a924b51a805c6192db956bd/servers/3c82e9cd-0e8f-4b65-9853-6d09df9b3bcc", "rel": "bookmark"}], "key_name": "tempest-TestNetworkBasicOps-894912661", "image": {"id": "600da652-2e5a-4bce-99b4-e860fa7baadd", "links": [{"href": "http://10.0.2.15:8774/0133f6d74a924b51a805c6192db956bd/images/600da652-2e5a-4bce-99b4-e860fa7baadd", "rel": "bookmark"}]}, "OS-EXT-STS:task_state": null, "OS-EXT-STS:vm_state": "active", "OS-SRV-USG:launched_at": "2015-12-14T14:02:39.000000", "flavor": {"id": "42", "links": [{"href": "http://10.0.2.15:8774/0133f6d74a924b51a805c6192db956bd/flavors/42", "rel": "bookmark"}]}, "id": "3c82e9cd-0e8f-4b65-9853-6d09df9b3bcc", "security_groups": [{"name": "tempest-secgroup-smoke-675890510"}], "OS-SRV-USG:terminated_at": null, "OS-EXT-AZ:availability_zone": "nova", "user_id": "bc3fadba1524430db6768eebe1da14d3", "name": "tempest.common.compute-instance-1411563217", "created": "2015-12-14T14:02:36Z", "tenant_id": "0133f6d74a924b51a805c6192db956bd", "OS-DCF:diskConfig": "MANUAL", "os-extended-volumes:volumes_attached": [], "accessIPv4": "", "accessIPv6": "", "progress": 0, "OS-EXT-STS:power_state": 1, "config_drive": "True", "metadata": {}}}
2015-12-14 14:02:40,503 24397 INFO     [tempest.scenario.manager] Tenant networks not configured to be reachable.
2015-12-14 14:02:40,642 24397 INFO     [tempest_lib.common.rest_client] Request (TestNetworkBasicOps:test_connectivity_between_vms_on_different_networks): 200 GET http://10.0.2.15:9696/v2.0/ports?status=ACTIVE&amp;fixed_ip=None&amp;device_id=3c82e9cd-0e8f-4b65-9853-6d09df9b3bcc 0.139s
2015-12-14 14:02:40,642 24397 DEBUG    [tempest_lib.common.rest_client] Request - Headers: {'Content-Type': 'application/json', 'Accept': 'application/json', 'X-Auth-Token': '&lt;omitted&gt;'}
        Body: None
    Response - Headers: {'status': '200', 'content-length': '895', 'content-location': 'http://10.0.2.15:9696/v2.0/ports?status=ACTIVE&amp;fixed_ip=None&amp;device_id=3c82e9cd-0e8f-4b65-9853-6d09df9b3bcc', 'connection': 'close', 'date': 'Mon, 14 Dec 2015 14:02:40 GMT', 'content-type': 'application/json; charset=UTF-8', 'x-openstack-request-id': 'req-9e16bdaf-cd00-4ce0-bf3b-a7a99dfb4a41'}
        Body: {"ports": [{"status": "ACTIVE", "binding:host_id": "vagrant-ubuntu-trusty-64", "allowed_address_pairs": [], "extra_dhcp_opts": [], "dns_assignment": [{"hostname": "host-10-100-0-3", "ip_address": "10.100.0.3", "fqdn": "host-10-100-0-3.openstacklocal."}], "device_owner": "compute:None", "port_security_enabled": true, "binding:profile": {}, "fixed_ips": [{"subnet_id": "17cc6b58-331c-45a9-a155-c7c6bfb02dd5", "ip_address": "10.100.0.3"}], "id": "55877d1e-7c52-4399-90bd-c1897f2027ad", "security_groups": ["005026f5-e1f4-4a95-b233-1d6b9a18ce54"], "device_id": "3c82e9cd-0e8f-4b65-9853-6d09df9b3bcc", "name": "", "admin_state_up": true, "network_id": "a5d917e9-6ba7-4907-a7cd-1814d6fb83c4", "dns_name": "", "binding:vif_details": {"port_filter": true}, "binding:vnic_type": "normal", "binding:vif_type": "ovs", "tenant_id": "0133f6d74a924b51a805c6192db956bd", "mac_address": "fa:16:3e:38:75:c0"}]}
2015-12-14 14:02:41,035 24397 INFO     [tempest_lib.common.rest_client] Request (TestNetworkBasicOps:test_connectivity_between_vms_on_different_networks): 201 POST http://10.0.2.15:9696/v2.0/floatingips 0.392s
2015-12-14 14:02:41,035 24397 DEBUG    [tempest_lib.common.rest_client] Request - Headers: {'Content-Type': 'application/json', 'Accept': 'application/json', 'X-Auth-Token': '&lt;omitted&gt;'}
        Body: {"floatingip": {"floating_network_id": "3f954714-4bc2-4bde-be45-34325933545c", "tenant_id": "0133f6d74a924b51a805c6192db956bd", "fixed_ip_address": "10.100.0.3", "port_id": "55877d1e-7c52-4399-90bd-c1897f2027ad"}}
    Response - Headers: {'status': '201', 'content-length': '367', 'connection': 'close', 'date': 'Mon, 14 Dec 2015 14:02:41 GMT', 'content-type': 'application/json; charset=UTF-8', 'x-openstack-request-id': 'req-2d545959-b7de-4854-bba6-50332376571e'}
        Body: {"floatingip": {"floating_network_id": "3f954714-4bc2-4bde-be45-34325933545c", "router_id": "3674506e-bf39-4624-8000-536e55c59c0f", "fixed_ip_address": "10.100.0.3", "floating_ip_address": "172.24.4.4", "tenant_id": "0133f6d74a924b51a805c6192db956bd", "status": "DOWN", "port_id": "55877d1e-7c52-4399-90bd-c1897f2027ad", "id": "a66203e0-d51f-4444-b206-33f1604daa93"}}
2015-12-14 14:02:41,047 24397 INFO     [tempest_lib.common.rest_client] Request (TestNetworkBasicOps:test_connectivity_between_vms_on_different_networks): 200 GET http://10.0.2.15:9696/v2.0/floatingips/a66203e0-d51f-4444-b206-33f1604daa93 0.011s
2015-12-14 14:02:41,047 24397 DEBUG    [tempest_lib.common.rest_client] Request - Headers: {'Content-Type': 'application/json', 'Accept': 'application/json', 'X-Auth-Token': '&lt;omitted&gt;'}
        Body: None
    Response - Headers: {'status': '200', 'content-length': '367', 'content-location': 'http://10.0.2.15:9696/v2.0/floatingips/a66203e0-d51f-4444-b206-33f1604daa93', 'connection': 'close', 'date': 'Mon, 14 Dec 2015 14:02:41 GMT', 'content-type': 'application/json; charset=UTF-8', 'x-openstack-request-id': 'req-0f22475c-cb0d-40bb-9be8-a0467773492c'}
        Body: {"floatingip": {"floating_network_id": "3f954714-4bc2-4bde-be45-34325933545c", "router_id": "3674506e-bf39-4624-8000-536e55c59c0f", "fixed_ip_address": "10.100.0.3", "floating_ip_address": "172.24.4.4", "tenant_id": "0133f6d74a924b51a805c6192db956bd", "status": "DOWN", "port_id": "55877d1e-7c52-4399-90bd-c1897f2027ad", "id": "a66203e0-d51f-4444-b206-33f1604daa93"}}
2015-12-14 14:02:42,063 24397 INFO     [tempest_lib.common.rest_client] Request (TestNetworkBasicOps:test_connectivity_between_vms_on_different_networks): 200 GET http://10.0.2.15:9696/v2.0/floatingips/a66203e0-d51f-4444-b206-33f1604daa93 0.013s
2015-12-14 14:02:42,063 24397 DEBUG    [tempest_lib.common.rest_client] Request - Headers: {'Content-Type': 'application/json', 'Accept': 'application/json', 'X-Auth-Token': '&lt;omitted&gt;'}
        Body: None
    Response - Headers: {'status': '200', 'content-length': '369', 'content-location': 'http://10.0.2.15:9696/v2.0/floatingips/a66203e0-d51f-4444-b206-33f1604daa93', 'connection': 'close', 'date': 'Mon, 14 Dec 2015 14:02:42 GMT', 'content-type': 'application/json; charset=UTF-8', 'x-openstack-request-id': 'req-799a766c-de9c-4333-8338-4054dbf8ecd3'}
        Body: {"floatingip": {"floating_network_id": "3f954714-4bc2-4bde-be45-34325933545c", "router_id": "3674506e-bf39-4624-8000-536e55c59c0f", "fixed_ip_address": "10.100.0.3", "floating_ip_address": "172.24.4.4", "tenant_id": "0133f6d74a924b51a805c6192db956bd", "status": "ACTIVE", "port_id": "55877d1e-7c52-4399-90bd-c1897f2027ad", "id": "a66203e0-d51f-4444-b206-33f1604daa93"}}
2015-12-14 14:02:42,063 24397 INFO     [tempest.scenario.manager] FloatingIP: &lt;"FloatingIP" addr="172.24.4.4" id="a66203e0-d51f-4444-b206-33f1604daa93"&gt; is at status: ACTIVE
2015-12-14 14:02:42,064 24397 DEBUG    [tempest.scenario.manager] checking network connections to IP 172.24.4.4 with user: cirros
2015-12-14 14:02:42,064 24397 DEBUG    [tempest.scenario.manager] TestNetworkBasicOps:test_connectivity_between_vms_on_different_networks begins to ping 172.24.4.4 in 120 sec and the expected result is reachable
2015-12-14 14:04:42,393 24397 DEBUG    [tempest.scenario.manager] TestNetworkBasicOps:test_connectivity_between_vms_on_different_networks finishes ping 172.24.4.4 in 120 sec and the ping result is unexpected
2015-12-14 14:04:42,394 24397 ERROR    [tempest.scenario.manager] Public network connectivity check failed
2015-12-14 14:04:42.394 24397 ERROR tempest.scenario.manager Traceback (most recent call last):
2015-12-14 14:04:42.394 24397 ERROR tempest.scenario.manager   File "tempest/scenario/manager.py", line 606, in check_public_network_connectivity
2015-12-14 14:04:42.394 24397 ERROR tempest.scenario.manager     should_connect=should_connect)
2015-12-14 14:04:42.394 24397 ERROR tempest.scenario.manager   File "tempest/scenario/manager.py", line 590, in check_vm_connectivity
2015-12-14 14:04:42.394 24397 ERROR tempest.scenario.manager     msg=msg)
2015-12-14 14:04:42.394 24397 ERROR tempest.scenario.manager   File "/usr/local/lib/python2.7/dist-packages/unittest2/case.py", line 702, in assertTrue
2015-12-14 14:04:42.394 24397 ERROR tempest.scenario.manager     raise self.failureException(msg)
2015-12-14 14:04:42.394 24397 ERROR tempest.scenario.manager AssertionError: False is not true : Timed out waiting for 172.24.4.4 to become reachable
2015-12-14 14:04:42.394 24397 ERROR tempest.scenario.manager 
2015-12-14 14:04:42,607 24397 INFO     [tempest_lib.common.rest_client] Request (TestNetworkBasicOps:test_connectivity_between_vms_on_different_networks): 200 POST http://10.0.2.15:8774/v2.1/0133f6d74a924b51a805c6192db956bd/servers/3c82e9cd-0e8f-4b65-9853-6d09df9b3bcc/action 0.209s
2015-12-14 14:04:42,608 24397 DEBUG    [tempest_lib.common.rest_client] Request - Headers: {'Content-Type': 'application/json', 'Accept': 'application/json', 'X-Auth-Token': '&lt;omitted&gt;'}
        Body: {"os-getConsoleOutput": {}}
    Response - Headers: {'status': '200', 'content-length': '17428', 'x-compute-request-id': 'req-fad2ff7f-1970-4abe-aee4-c4457cb28981', 'vary': 'X-OpenStack-Nova-API-Version', 'connection': 'close', 'x-openstack-nova-api-version': '2.1', 'date': 'Mon, 14 Dec 2015 14:04:42 GMT', 'content-type': 'application/json'}
        Body: {"output": "[    0.000000] Initializing cgroup subsys cpuset\n[    0.000000] Initializing cgroup subsys cpu\n[    0.000000] Linux version 3.2.0-80-virtual (buildd@batsu) (gcc version 4.6.3 (Ubuntu/Linaro 4.6.3-1ubuntu5) ) #116-Ubuntu SMP Mon Mar 23 17:28:52 UTC 2015 (Ubuntu 3.2.0-80.116-virtual 3.2.68)\n[    0.000000] Command line: root=/dev/vda console=tty0 console=ttyS0 no_timer_check\n[    0.000000] KERNEL supported cpus:\n[    0.000000]   Intel GenuineIntel\n[    0.000000]   AMD AuthenticAMD\n[    0.000000]   Centaur CentaurHauls\n[    0.000000] BIOS-provided physical RAM map:\n[    0.000000]  BIOS-e820: 0000000000000000 - 000000000009fc00 (usable)\n[    0.000000]  BIOS-e820: 000000000009fc00 - 00000000000a0000 (reserved)\n[    0.000000]  BIOS-e820: 00000000000f0000 - 0000000000100000 (reserved)\n[    0.000000]  BIOS-e820: 0000000000100000 - 0000000003ffe000 (usable)\n[    0.000000]  BIOS-e820: 0000000003ffe000 - 0000000004000000 (reserved)\n[    0.000000]  BIOS-e820: 00000000fffc0000 - 0000000100000000 (reserved)\n[    0.000000] NX (Execute Disable) protection: active\n[    0.000000] SMBIOS 2.4 present.\n[    0.000000] No AGP bridge found\n[    0.000000] last_pfn = 0x3ffe max_arch_pfn = 0x400000000\n[    0.000000] x86 PAT enabled: cpu 0, old 0x7040600070406, new 0x7010600070106\n[    0.000000] found SMP MP-table at [ffff8800000f0b00] f0b00\n[    0.000000] init_memory_mapping: 0000000000000000-0000000003ffe000\n[    0.000000] RAMDISK: 03c5e000 - 03ff0000\n[    0.000000] ACPI: RSDP 00000000000f0950 00014 (v00 BOCHS )\n[    0.000000] ACPI: RSDT 0000000003fffbc1 00034 (v01 BOCHS  BXPCRSDT 00000001 BXPC 00000001)\n[    0.000000] ACPI: FACP 0000000003fff1c0 00074 (v01 BOCHS  BXPCFACP 00000001 BXPC 00000001)\n[    0.000000] ACPI: DSDT 0000000003ffe040 01180 (v01 BOCHS  BXPCDSDT 00000001 BXPC 00000001)\n[    0.000000] ACPI: FACS 0000000003ffe000 00040\n[    0.000000] ACPI: SSDT 0000000003fff234 008DD (v01 BOCHS  BXPCSSDT 00000001 BXPC 00000001)\n[    0.000000] ACPI: APIC 0000000003fffb11 00078 (v01 BOCHS  BXPCAPIC 00000001 BXPC 00000001)\n[    0.000000] ACPI: HPET 0000000003fffb89 00038 (v01 BOCHS  BXPCHPET 00000001 BXPC 00000001)\n[    0.000000] No NUMA configuration found\n[    0.000000] Faking a node at 0000000000000000-0000000003ffe000\n[    0.000000] Initmem setup node 0 0000000000000000-0000000003ffe000\n[    0.000000]   NODE_DATA [0000000003ff6000 - 0000000003ffafff]\n[    0.000000] Zone PFN ranges:\n[    0.000000]   DMA      0x00000010 -&gt; 0x00001000\n[    0.000000]   DMA32    0x00001000 -&gt; 0x00100000\n[    0.000000]   Normal   empty\n[    0.000000] Movable zone start PFN for each node\n[    0.000000] early_node_map[2] active PFN ranges\n[    0.000000]     0: 0x00000010 -&gt; 0x0000009f\n[    0.000000]     0: 0x00000100 -&gt; 0x00003ffe\n[    0.000000] ACPI: PM-Timer IO Port: 0xb008\n[    0.000000] ACPI: LAPIC (acpi_id[0x00] lapic_id[0x00] enabled)\n[    0.000000] ACPI: LAPIC_NMI (acpi_id[0xff] dfl dfl lint[0x1])\n[    0.000000] ACPI: IOAPIC (id[0x00] address[0xfec00000] gsi_base[0])\n[    0.000000] IOAPIC[0]: apic_id 0, version 17, address 0xfec00000, GSI 0-23\n[    0.000000] ACPI: INT_SRC_OVR (bus 0 bus_irq 0 global_irq 2 dfl dfl)\n[    0.000000] ACPI: INT_SRC_OVR (bus 0 bus_irq 5 global_irq 5 high level)\n[    0.000000] ACPI: INT_SRC_OVR (bus 0 bus_irq 9 global_irq 9 high level)\n[    0.000000] ACPI: INT_SRC_OVR (bus 0 bus_irq 10 global_irq 10 high level)\n[    0.000000] ACPI: INT_SRC_OVR (bus 0 bus_irq 11 global_irq 11 high level)\n[    0.000000] Using ACPI (MADT) for SMP configuration information\n[    0.000000] ACPI: HPET id: 0x8086a201 base: 0xfed00000\n[    0.000000] SMP: Allowing 1 CPUs, 0 hotplug CPUs\n[    0.000000] PM: Registered nosave memory: 000000000009f000 - 00000000000a0000\n[    0.000000] PM: Registered nosave memory: 00000000000a0000 - 00000000000f0000\n[    0.000000] PM: Registered nosave memory: 00000000000f0000 - 0000000000100000\n[    0.000000] Allocating PCI resources starting at 4000000 (gap: 4000000:fbfc0000)\n[    0.000000] Booting paravirtualized kernel on bare hardware\n[    0.000000] setup_pe
2015-12-14 14:04:42,611 24397 DEBUG    [tempest.scenario.manager] Console output for 3c82e9cd-0e8f-4b65-9853-6d09df9b3bcc
body=
[    0.000000] Initializing cgroup subsys cpuset
[    0.000000] Initializing cgroup subsys cpu
[    0.000000] Linux version 3.2.0-80-virtual (buildd@batsu) (gcc version 4.6.3 (Ubuntu/Linaro 4.6.3-1ubuntu5) ) #116-Ubuntu SMP Mon Mar 23 17:28:52 UTC 2015 (Ubuntu 3.2.0-80.116-virtual 3.2.68)
[    0.000000] Command line: root=/dev/vda console=tty0 console=ttyS0 no_timer_check
[    0.000000] KERNEL supported cpus:
[    0.000000]   Intel GenuineIntel
[    0.000000]   AMD AuthenticAMD
[    0.000000]   Centaur CentaurHauls
[    0.000000] BIOS-provided physical RAM map:
[    0.000000]  BIOS-e820: 0000000000000000 - 000000000009fc00 (usable)
[    0.000000]  BIOS-e820: 000000000009fc00 - 00000000000a0000 (reserved)
[    0.000000]  BIOS-e820: 00000000000f0000 - 0000000000100000 (reserved)
[    0.000000]  BIOS-e820: 0000000000100000 - 0000000003ffe000 (usable)
[    0.000000]  BIOS-e820: 0000000003ffe000 - 0000000004000000 (reserved)
[    0.000000]  BIOS-e820: 00000000fffc0000 - 0000000100000000 (reserved)
[    0.000000] NX (Execute Disable) protection: active
[    0.000000] SMBIOS 2.4 present.
[    0.000000] No AGP bridge found
[    0.000000] last_pfn = 0x3ffe max_arch_pfn = 0x400000000
[    0.000000] x86 PAT enabled: cpu 0, old 0x7040600070406, new 0x7010600070106
[    0.000000] found SMP MP-table at [ffff8800000f0b00] f0b00
[    0.000000] init_memory_mapping: 0000000000000000-0000000003ffe000
[    0.000000] RAMDISK: 03c5e000 - 03ff0000
[    0.000000] ACPI: RSDP 00000000000f0950 00014 (v00 BOCHS )
[    0.000000] ACPI: RSDT 0000000003fffbc1 00034 (v01 BOCHS  BXPCRSDT 00000001 BXPC 00000001)
[    0.000000] ACPI: FACP 0000000003fff1c0 00074 (v01 BOCHS  BXPCFACP 00000001 BXPC 00000001)
[    0.000000] ACPI: DSDT 0000000003ffe040 01180 (v01 BOCHS  BXPCDSDT 00000001 BXPC 00000001)
[    0.000000] ACPI: FACS 0000000003ffe000 00040
[    0.000000] ACPI: SSDT 0000000003fff234 008DD (v01 BOCHS  BXPCSSDT 00000001 BXPC 00000001)
[    0.000000] ACPI: APIC 0000000003fffb11 00078 (v01 BOCHS  BXPCAPIC 00000001 BXPC 00000001)
[    0.000000] ACPI: HPET 0000000003fffb89 00038 (v01 BOCHS  BXPCHPET 00000001 BXPC 00000001)
[    0.000000] No NUMA configuration found
[    0.000000] Faking a node at 0000000000000000-0000000003ffe000
[    0.000000] Initmem setup node 0 0000000000000000-0000000003ffe000
[    0.000000]   NODE_DATA [0000000003ff6000 - 0000000003ffafff]
[    0.000000] Zone PFN ranges:
[    0.000000]   DMA      0x00000010 -&gt; 0x00001000
[    0.000000]   DMA32    0x00001000 -&gt; 0x00100000
[    0.000000]   Normal   empty
[    0.000000] Movable zone start PFN for each node
[    0.000000] early_node_map[2] active PFN ranges
[    0.000000]     0: 0x00000010 -&gt; 0x0000009f
[    0.000000]     0: 0x00000100 -&gt; 0x00003ffe
[    0.000000] ACPI: PM-Timer IO Port: 0xb008
[    0.000000] ACPI: LAPIC (acpi_id[0x00] lapic_id[0x00] enabled)
[    0.000000] ACPI: LAPIC_NMI (acpi_id[0xff] dfl dfl lint[0x1])
[    0.000000] ACPI: IOAPIC (id[0x00] address[0xfec00000] gsi_base[0])
[    0.000000] IOAPIC[0]: apic_id 0, version 17, address 0xfec00000, GSI 0-23
[    0.000000] ACPI: INT_SRC_OVR (bus 0 bus_irq 0 global_irq 2 dfl dfl)
[    0.000000] ACPI: INT_SRC_OVR (bus 0 bus_irq 5 global_irq 5 high level)
[    0.000000] ACPI: INT_SRC_OVR (bus 0 bus_irq 9 global_irq 9 high level)
[    0.000000] ACPI: INT_SRC_OVR (bus 0 bus_irq 10 global_irq 10 high level)
[    0.000000] ACPI: INT_SRC_OVR (bus 0 bus_irq 11 global_irq 11 high level)
[    0.000000] Using ACPI (MADT) for SMP configuration information
[    0.000000] ACPI: HPET id: 0x8086a201 base: 0xfed00000
[    0.000000] SMP: Allowing 1 CPUs, 0 hotplug CPUs
[    0.000000] PM: Registered nosave memory: 000000000009f000 - 00000000000a0000
[    0.000000] PM: Registered nosave memory: 00000000000a0000 - 00000000000f0000
[    0.000000] PM: Registered nosave memory: 00000000000f0000 - 0000000000100000
[    0.000000] Allocating PCI resources starting at 4000000 (gap: 4000000:fbfc0000)
[    0.000000] Booting paravirtualized kernel on bare hardware
[    0.000000] setup_percpu: NR_CPUS:64 nr_cpumask_bits:64 nr_cpu_ids:1 nr_node_ids:1
[    0.000000] PERCPU: Embedded 27 pages/cpu @ffff880003a00000 s78848 r8192 d23552 u2097152
[    0.000000] Built 1 zonelists in Node order, mobility grouping on.  Total pages: 16008
[    0.000000] Policy zone: DMA32
[    0.000000] Kernel command line: root=/dev/vda console=tty0 console=ttyS0 no_timer_check
[    0.000000] PID hash table entries: 256 (order: -1, 2048 bytes)
[    0.000000] Checking aperture...
[    0.000000] No AGP bridge found
[    0.000000] Memory: 43492k/65528k available (6576k kernel code, 452k absent, 21584k reserved, 6620k data, 928k init)
[    0.000000] SLUB: Genslabs=15, HWalign=64, Order=0-3, MinObjects=0, CPUs=1, Nodes=1
[    0.000000] Hierarchical RCU implementation.
[    0.000000] 	RCU dyntick-idle grace-period acceleration is enabled.
[    0.000000] NR_IRQS:4352 nr_irqs:256 16
[    0.000000] Console: colour VGA+ 80x25
[    0.000000] console [tty0] enabled
[    0.000000] console [ttyS0] enabled
[    0.000000] allocated 1048576 bytes of page_cgroup
[    0.000000] please try 'cgroup_disable=memory' option if you don't want memory cgroups
[    0.000000] Fast TSC calibration failed
[    0.000000] TSC: Unable to calibrate against PIT
[    0.000000] TSC: using HPET reference calibration
[    0.000000] Detected 2292.853 MHz processor.
[    0.037464] Calibrating delay loop (skipped), value calculated using timer frequency.. 4585.70 BogoMIPS (lpj=9171412)
[    0.039605] pid_max: default: 32768 minimum: 301
[    0.046677] Security Framework initialized
[    0.051167] AppArmor: AppArmor initialized
[    0.052117] Yama: becoming mindful.
[    0.058990] Dentry cache hash table entries: 8192 (order: 4, 65536 bytes)
[    0.060593] Inode-cache hash table entries: 4096 (order: 3, 32768 bytes)
[    0.064149] Mount-cache hash table entries: 256
[    0.079351] Initializing cgroup subsys cpuacct
[    0.080331] Initializing cgroup subsys memory
[    0.081634] Initializing cgroup subsys devices
[    0.082535] Initializing cgroup subsys freezer
[    0.084230] Initializing cgroup subsys blkio
[    0.084992] Initializing cgroup subsys perf_event
[    0.089831] mce: CPU supports 10 MCE banks
[    0.093340] SMP alternatives: switching to UP code
[    0.490910] Freeing SMP alternatives: 24k freed
[    0.492951] ACPI: Core revision 20110623
[    0.548583] ftrace: allocating 26610 entries in 105 pages
[    0.582869] ..TIMER: vector=0x30 apic1=0 pin1=2 apic2=-1 pin2=-1
[    0.584169] CPU0: AMD QEMU Virtual CPU version 2.0.0 stepping 03
[    0.588036] Performance Events: Broken PMU hardware detected, using software events only.
[    0.597086] NMI watchdog disabled (cpu0): hardware events not enabled
[    0.598639] Brought up 1 CPUs
[    0.600232] Total of 1 processors activated (4585.70 BogoMIPS).
[    0.624384] devtmpfs: initialized
[    0.654425] EVM: security.selinux
[    0.656081] EVM: security.SMACK64
[    0.656536] EVM: security.capability
[    0.677147] print_constraints: dummy: 
[    0.680770] RTC time: 14:02:43, date: 12/14/15
[    0.684373] NET: Registered protocol family 16
[    0.696990] ACPI: bus type pci registered
[    0.701456] PCI: Using configuration type 1 for base access
[    0.732417] bio: create slab &lt;bio-0&gt; at 0
[    0.737937] ACPI: Added _OSI(Module Device)
[    0.740139] ACPI: Added _OSI(Processor Device)
[    0.740780] ACPI: Added _OSI(3.0 _SCP Extensions)
[    0.741420] ACPI: Added _OSI(Processor Aggregator Device)
[    0.817105] ACPI: Interpreter enabled
[    0.817635] ACPI: (supports S0 S3 S4 S5)
[    0.819488] ACPI: Using IOAPIC for interrupt routing
[    0.890213] ACPI: No dock devices found.
[    0.890808] HEST: Table not found.
[    0.891396] PCI: Using host bridge windows from ACPI; if necessary, use "pci=nocrs" and report a bug
[    0.897503] ACPI: PCI Root Bridge [PCI0] (domain 0000 [bus 00-ff])
[    0.903290] pci_root PNP0A03:00: host bridge window [io  0x0000-0x0cf7]
[    0.904159] pci_root PNP0A03:00: host bridge window [io  0x0d00-0xadff]
[    0.905237] pci_root PNP0A03:00: host bridge window [io  0xae0f-0xaeff]
[    0.906098] pci_root PNP0A03:00: host bridge window [io  0xaf20-0xafdf]
[    0.908107] pci_root PNP0A03:00: host bridge window [io  0xafe4-0xffff]
[    0.909042] pci_root PNP0A03:00: host bridge window [mem 0x000a0000-0x000bffff]
[    0.910133] pci_root PNP0A03:00: host bridge window [mem 0x04000000-0xfebfffff]
[    0.932954] pci 0000:00:01.3: quirk: [io  0xb000-0xb03f] claimed by PIIX4 ACPI
[    0.934735] pci 0000:00:01.3: quirk: [io  0xb100-0xb10f] claimed by PIIX4 SMB
[    1.000357]  pci0000:00: Unable to request _OSC control (_OSC support mask: 0x1e)
[    1.064463] ACPI: PCI Interrupt Link [LNKA] (IRQs 5 *10 11)
[    1.065961] ACPI: PCI Interrupt Link [LNKB] (IRQs 5 *10 11)
[    1.069295] ACPI: PCI Interrupt Link [LNKC] (IRQs 5 10 *11)
[    1.073275] ACPI: PCI Interrupt Link [LNKD] (IRQs 5 10 *11)
[    1.074609] ACPI: PCI Interrupt Link [LNKS] (IRQs *9)
[    1.082690] vgaarb: device added: PCI:0000:00:02.0,decodes=io+mem,owns=io+mem,locks=none
[    1.084190] vgaarb: loaded
[    1.084743] vgaarb: bridge control possible 0000:00:02.0
[    1.089402] i2c-core: driver [aat2870] using legacy suspend method
[    1.090014] i2c-core: driver [aat2870] using legacy resume method
[    1.092919] SCSI subsystem initialized
[    1.097136] usbcore: registered new interface driver usbfs
[    1.098559] usbcore: registered new interface driver hub
[    1.100926] usbcore: registered new device driver usb
[    1.104213] PCI: Using ACPI for IRQ routing
[    1.117263] NetLabel: Initializing
[    1.117750] NetLabel:  domain hash size = 128
[    1.118296] NetLabel:  protocols = UNLABELED CIPSOv4
[    1.120863] NetLabel:  unlabeled traffic allowed by default
[    1.124381] HPET: 3 timers in total, 0 timers will be used for per-cpu timer
[    1.126235] hpet0: at MMIO 0xfed00000, IRQs 2, 8, 0
[    1.127109] hpet0: 3 comparators, 64-bit 100.000000 MHz counter
[    1.138030] Switching to clocksource hpet
[    1.398113] AppArmor: AppArmor Filesystem Enabled
[    1.399580] pnp: PnP ACPI init
[    1.400059] ACPI: bus type pnp registered
[    1.419994] pnp: PnP ACPI: found 9 devices
[    1.420962] ACPI: ACPI bus type pnp unregistered
[    1.474845] NET: Registered protocol family 2
[    1.517094] IP route cache hash table entries: 512 (order: 0, 4096 bytes)
[    1.526750] TCP established hash table entries: 2048 (order: 3, 32768 bytes)
[    1.529238] TCP bind hash table entries: 2048 (order: 3, 32768 bytes)
[    1.530177] TCP: Hash tables configured (established 2048 bind 2048)
[    1.531010] TCP reno registered
[    1.531412] UDP hash table entries: 128 (order: 0, 4096 bytes)
[    1.533169] UDP-Lite hash table entries: 128 (order: 0, 4096 bytes)
[    1.541930] NET: Registered protocol family 1
[    1.543115] pci 0000:00:00.0: Limiting direct PCI/PCI transfers
[    1.544948] pci 0000:00:01.0: PIIX3: Enabling Passive Release
[    1.546596] pci 0000:00:01.0: Activating ISA DMA hang workarounds
[    1.558161] ACPI: PCI Interrupt Link [LNKD] enabled at IRQ 11
[    1.559794] pci 0000:00:01.2: PCI INT D -&gt; Link[LNKD] -&gt; GSI 11 (level, high) -&gt; IRQ 11
[    1.565662] pci 0000:00:01.2: PCI INT D disabled
[    1.597010] Trying to unpack rootfs image as initramfs...
[    1.623974] audit: initializing netlink socket (disabled)
[    1.626035] type=2000 audit(1450101763.624:1): initialized
[    1.955418] HugeTLB registered 2 MB page size, pre-allocated 0 pages
[    2.027316] VFS: Disk quotas dquot_6.5.2
[    2.029313] Dquot-cache hash table entries: 512 (order 0, 4096 bytes)
[    2.050144] fuse init (API version 7.17)
[    2.053643] msgmni has been set to 84
[    2.087307] Block layer SCSI generic (bsg) driver version 0.4 loaded (major 253)
[    2.089672] io scheduler noop registered
[    2.090225] io scheduler deadline registered (default)
[    2.091464] io scheduler cfq registered
[    2.095899] pci_hotplug: PCI Hot Plug PCI Core version: 0.5
[    2.098485] pciehp: PCI Express Hot Plug Controller Driver version: 0.4
[    2.103758] input: Power Button as /devices/LNXSYSTM:00/LNXPWRBN:00/input/input0
[    2.106003] ACPI: Power Button [PWRF]
[    2.154398] ERST: Table is not found!
[    2.155023] GHES: HEST is not enabled!
[    2.170092] ACPI: PCI Interrupt Link [LNKC] enabled at IRQ 10
[    2.170897] virtio-pci 0000:00:03.0: PCI INT A -&gt; Link[LNKC] -&gt; GSI 10 (level, high) -&gt; IRQ 10
[    2.174495] virtio-pci 0000:00:04.0: PCI INT A -&gt; Link[LNKD] -&gt; GSI 11 (level, high) -&gt; IRQ 11
[    2.186174] ACPI: PCI Interrupt Link [LNKA] enabled at IRQ 10
[    2.187516] virtio-pci 0000:00:05.0: PCI INT A -&gt; Link[LNKA] -&gt; GSI 10 (level, high) -&gt; IRQ 10
[    2.198407] Serial: 8250/16550 driver, 32 ports, IRQ sharing enabled
[    2.250145] serial8250: ttyS0 at I/O 0x3f8 (irq = 4) is a 16550A
[    2.337197] serial8250: ttyS1 at I/O 0x2f8 (irq = 3) is a 16550A
[    2.463686] 00:05: ttyS0 at I/O 0x3f8 (irq = 4) is a 16550A
[    2.543951] 00:06: ttyS1 at I/O 0x2f8 (irq = 3) is a 16550A
[    2.575774] Refined TSC clocksource calibration: 2292.892 MHz.
[    2.577749] Switching to clocksource tsc
[    2.600133] Linux agpgart interface v0.103
[    2.657729] brd: module loaded
[    2.704102] loop: module loaded
[    2.778537]  vda: unknown partition table
[    2.837843] scsi0 : ata_piix
[    2.841407] scsi1 : ata_piix
[    2.842689] ata1: PATA max MWDMA2 cmd 0x1f0 ctl 0x3f6 bmdma 0xc0a0 irq 14
[    2.843668] ata2: PATA max MWDMA2 cmd 0x170 ctl 0x376 bmdma 0xc0a8 irq 15
[    2.854174] Fixed MDIO Bus: probed
[    2.855103] tun: Universal TUN/TAP device driver, 1.6
[    2.855754] tun: (C) 1999-2004 Max Krasnyansky &lt;maxk@qualcomm.com&gt;
[    2.874507] PPP generic driver version 2.4.2
[    2.890310] ehci_hcd: USB 2.0 'Enhanced' Host Controller (EHCI) Driver
[    2.891503] ohci_hcd: USB 1.1 'Open' Host Controller (OHCI) Driver
[    2.893486] uhci_hcd: USB Universal Host Controller Interface driver
[    2.894534] uhci_hcd 0000:00:01.2: PCI INT D -&gt; Link[LNKD] -&gt; GSI 11 (level, high) -&gt; IRQ 11
[    2.897862] uhci_hcd 0000:00:01.2: UHCI Host Controller
[    2.910446] uhci_hcd 0000:00:01.2: new USB bus registered, assigned bus number 1
[    2.914150] uhci_hcd 0000:00:01.2: irq 11, io base 0x0000c040
[    2.943187] hub 1-0:1.0: USB hub found
[    2.944563] hub 1-0:1.0: 2 ports detected
[    2.951873] usbcore: registered new interface driver libusual
[    2.956018] i8042: PNP: PS/2 Controller [PNP0303:KBD,PNP0f13:MOU] at 0x60,0x64 irq 1,12
[    2.963953] serio: i8042 KBD port at 0x60,0x64 irq 1
[    2.966123] serio: i8042 AUX port at 0x60,0x64 irq 12
[    3.006266] mousedev: PS/2 mouse device common for all mice
[    3.037685] input: AT Translated Set 2 keyboard as /devices/platform/i8042/serio0/input/input1
[    3.060082] rtc_cmos 00:01: RTC can wake from S4
[    3.083412] rtc_cmos 00:01: rtc core: registered rtc_cmos as rtc0
[    3.088616] rtc0: alarms up to one day, 114 bytes nvram, hpet irqs
[    3.095580] device-mapper: uevent: version 1.0.3
[    3.122355] ata2.01: ATAPI: QEMU DVD-ROM, 2.0.0, max UDMA/100
[    3.128751] ata2.01: configured for MWDMA2
[    3.163090] device-mapper: ioctl: 4.22.0-ioctl (2011-10-19) initialised: dm-devel@redhat.com
[    3.166764] cpuidle: using governor ladder
[    3.167705] cpuidle: using governor menu
[    3.168537] EFI Variables Facility v0.08 2004-May-17
[    3.174740] TCP cubic registered
[    3.179824] NET: Registered protocol family 10
[    3.222752] NET: Registered protocol family 17
[    3.224730] Registering the dns_resolver key type
[    3.242285] scsi 1:0:1:0: CD-ROM            QEMU     QEMU DVD-ROM     2.0. PQ: 0 ANSI: 5
[    3.269396] Freeing initrd memory: 3656k freed
[    3.285304] sr0: scsi3-mmc drive: 4x/4x cd/rw xa/form2 tray
[    3.287365] cdrom: Uniform CD-ROM driver Revision: 3.20
[    3.305094] sr 1:0:1:0: Attached scsi generic sg0 type 5
[    3.321917] registered taskstats version 1
[    3.811833]   Magic number: 11:534:30
[    3.821240] rtc_cmos 00:01: setting system clock to 2015-12-14 14:02:46 UTC (1450101766)
[    3.824722] powernow-k8: Processor cpuid 663 not supported
[    3.834183] BIOS EDD facility v0.16 2004-Jun-25, 0 devices found
[    3.835380] EDD information not available.
[    3.891781] Freeing unused kernel memory: 928k freed
[    3.895715] Write protecting the kernel read-only data: 12288k
[    4.016883] Freeing unused kernel memory: 1596k freed
[    4.103723] Freeing unused kernel memory: 1184k freed

info: initramfs: up at 4.25
modprobe: module virtio_blk not found in modules.dep
modprobe: module virtio_net not found in modules.dep
info: copying initramfs to /dev/vda
info: initramfs loading root from /dev/vda
info: /etc/init.d/rc.sysinit: up at 8.80
info: container: none
Starting logging: OK
modprobe: module virtio_blk not found in modules.dep
modprobe: module virtio_net not found in modules.dep
WARN: /etc/rc3.d/S10-load-modules failed
Initializing random number generator... done.
Starting acpid: OK
cirros-ds 'local' up at 11.25
found datasource (configdrive, local)
Starting network...
udhcpc (v1.20.1) started
Sending discover...
Sending discover...

2015-12-14 14:04:42,791 24397 INFO     [tempest_lib.common.rest_client] Request (TestNetworkBasicOps:_run_cleanups): 204 DELETE http://10.0.2.15:9696/v2.0/floatingips/a66203e0-d51f-4444-b206-33f1604daa93 0.176s
2015-12-14 14:04:42,791 24397 DEBUG    [tempest_lib.common.rest_client] Request - Headers: {'Content-Type': 'application/json', 'Accept': 'application/json', 'X-Auth-Token': '&lt;omitted&gt;'}
        Body: None
    Response - Headers: {'date': 'Mon, 14 Dec 2015 14:04:42 GMT', 'status': '204', 'connection': 'close', 'content-length': '0', 'x-openstack-request-id': 'req-b55e84a8-abe8-4b05-9cb8-fa4d3cf6fe9a'}
        Body: 
2015-12-14 14:04:43,011 24397 INFO     [tempest_lib.common.rest_client] Request (TestNetworkBasicOps:_run_cleanups): 204 DELETE http://10.0.2.15:8774/v2.1/0133f6d74a924b51a805c6192db956bd/servers/3c82e9cd-0e8f-4b65-9853-6d09df9b3bcc 0.219s
2015-12-14 14:04:43,012 24397 DEBUG    [tempest_lib.common.rest_client] Request - Headers: {'Content-Type': 'application/json', 'Accept': 'application/json', 'X-Auth-Token': '&lt;omitted&gt;'}
        Body: None
    Response - Headers: {'status': '204', 'content-length': '0', 'x-compute-request-id': 'req-a4c3a1c2-90a4-40aa-9396-31ec7a6da387', 'vary': 'X-OpenStack-Nova-API-Version', 'connection': 'close', 'x-openstack-nova-api-version': '2.1', 'date': 'Mon, 14 Dec 2015 14:04:43 GMT', 'content-type': 'application/json'}
        Body: 
2015-12-14 14:04:43,209 24397 INFO     [tempest_lib.common.rest_client] Request (TestNetworkBasicOps:_run_cleanups): 200 GET http://10.0.2.15:8774/v2.1/0133f6d74a924b51a805c6192db956bd/servers/3c82e9cd-0e8f-4b65-9853-6d09df9b3bcc 0.196s
2015-12-14 14:04:43,210 24397 DEBUG    [tempest_lib.common.rest_client] Request - Headers: {'Content-Type': 'application/json', 'Accept': 'application/json', 'X-Auth-Token': '&lt;omitted&gt;'}
        Body: None
    Response - Headers: {'status': '200', 'content-length': '1775', 'content-location': 'http://10.0.2.15:8774/v2.1/0133f6d74a924b51a805c6192db956bd/servers/3c82e9cd-0e8f-4b65-9853-6d09df9b3bcc', 'x-compute-request-id': 'req-b5b0fe08-4dcc-4739-9374-26f39f47f5eb', 'vary': 'X-OpenStack-Nova-API-Version', 'connection': 'close', 'x-openstack-nova-api-version': '2.1', 'date': 'Mon, 14 Dec 2015 14:04:43 GMT', 'content-type': 'application/json'}
        Body: {"server": {"status": "ACTIVE", "updated": "2015-12-14T14:04:42Z", "hostId": "c726f27511b4e507954dfb6de823f05d2844e6f62e486f31dc489cc7", "addresses": {"tempest-network-smoke--1142823117": [{"OS-EXT-IPS-MAC:mac_addr": "fa:16:3e:38:75:c0", "version": 4, "addr": "10.100.0.3", "OS-EXT-IPS:type": "fixed"}, {"OS-EXT-IPS-MAC:mac_addr": "fa:16:3e:38:75:c0", "version": 4, "addr": "172.24.4.4", "OS-EXT-IPS:type": "floating"}]}, "links": [{"href": "http://10.0.2.15:8774/v2.1/0133f6d74a924b51a805c6192db956bd/servers/3c82e9cd-0e8f-4b65-9853-6d09df9b3bcc", "rel": "self"}, {"href": "http://10.0.2.15:8774/0133f6d74a924b51a805c6192db956bd/servers/3c82e9cd-0e8f-4b65-9853-6d09df9b3bcc", "rel": "bookmark"}], "key_name": "tempest-TestNetworkBasicOps-894912661", "image": {"id": "600da652-2e5a-4bce-99b4-e860fa7baadd", "links": [{"href": "http://10.0.2.15:8774/0133f6d74a924b51a805c6192db956bd/images/600da652-2e5a-4bce-99b4-e860fa7baadd", "rel": "bookmark"}]}, "OS-EXT-STS:task_state": "deleting", "OS-EXT-STS:vm_state": "active", "OS-SRV-USG:launched_at": "2015-12-14T14:02:39.000000", "flavor": {"id": "42", "links": [{"href": "http://10.0.2.15:8774/0133f6d74a924b51a805c6192db956bd/flavors/42", "rel": "bookmark"}]}, "id": "3c82e9cd-0e8f-4b65-9853-6d09df9b3bcc", "security_groups": [{"name": "tempest-secgroup-smoke-675890510"}], "OS-SRV-USG:terminated_at": null, "OS-EXT-AZ:availability_zone": "nova", "user_id": "bc3fadba1524430db6768eebe1da14d3", "name": "tempest.common.compute-instance-1411563217", "created": "2015-12-14T14:02:36Z", "tenant_id": "0133f6d74a924b51a805c6192db956bd", "OS-DCF:diskConfig": "MANUAL", "os-extended-volumes:volumes_attached": [], "accessIPv4": "", "accessIPv6": "", "progress": 0, "OS-EXT-STS:power_state": 1, "config_drive": "True", "metadata": {}}}
2015-12-14 14:04:44,351 24397 INFO     [tempest_lib.common.rest_client] Request (TestNetworkBasicOps:_run_cleanups): 200 GET http://10.0.2.15:8774/v2.1/0133f6d74a924b51a805c6192db956bd/servers/3c82e9cd-0e8f-4b65-9853-6d09df9b3bcc 0.125s
2015-12-14 14:04:44,351 24397 DEBUG    [tempest_lib.common.rest_client] Request - Headers: {'Content-Type': 'application/json', 'Accept': 'application/json', 'X-Auth-Token': '&lt;omitted&gt;'}
        Body: None
    Response - Headers: {'status': '200', 'content-length': '1440', 'content-location': 'http://10.0.2.15:8774/v2.1/0133f6d74a924b51a805c6192db956bd/servers/3c82e9cd-0e8f-4b65-9853-6d09df9b3bcc', 'x-compute-request-id': 'req-f6cc9720-dbdb-4d5c-8def-cdd3cdc5c2ac', 'vary': 'X-OpenStack-Nova-API-Version', 'connection': 'close', 'x-openstack-nova-api-version': '2.1', 'date': 'Mon, 14 Dec 2015 14:04:44 GMT', 'content-type': 'application/json'}
        Body: {"server": {"status": "ACTIVE", "updated": "2015-12-14T14:04:43Z", "hostId": "c726f27511b4e507954dfb6de823f05d2844e6f62e486f31dc489cc7", "addresses": {}, "links": [{"href": "http://10.0.2.15:8774/v2.1/0133f6d74a924b51a805c6192db956bd/servers/3c82e9cd-0e8f-4b65-9853-6d09df9b3bcc", "rel": "self"}, {"href": "http://10.0.2.15:8774/0133f6d74a924b51a805c6192db956bd/servers/3c82e9cd-0e8f-4b65-9853-6d09df9b3bcc", "rel": "bookmark"}], "key_name": "tempest-TestNetworkBasicOps-894912661", "image": {"id": "600da652-2e5a-4bce-99b4-e860fa7baadd", "links": [{"href": "http://10.0.2.15:8774/0133f6d74a924b51a805c6192db956bd/images/600da652-2e5a-4bce-99b4-e860fa7baadd", "rel": "bookmark"}]}, "OS-EXT-STS:task_state": "deleting", "OS-EXT-STS:vm_state": "active", "OS-SRV-USG:launched_at": "2015-12-14T14:02:39.000000", "flavor": {"id": "42", "links": [{"href": "http://10.0.2.15:8774/0133f6d74a924b51a805c6192db956bd/flavors/42", "rel": "bookmark"}]}, "id": "3c82e9cd-0e8f-4b65-9853-6d09df9b3bcc", "OS-SRV-USG:terminated_at": null, "OS-EXT-AZ:availability_zone": "nova", "user_id": "bc3fadba1524430db6768eebe1da14d3", "name": "tempest.common.compute-instance-1411563217", "created": "2015-12-14T14:02:36Z", "tenant_id": "0133f6d74a924b51a805c6192db956bd", "OS-DCF:diskConfig": "MANUAL", "os-extended-volumes:volumes_attached": [], "accessIPv4": "", "accessIPv6": "", "progress": 0, "OS-EXT-STS:power_state": 1, "config_drive": "True", "metadata": {}}}
2015-12-14 14:04:45,442 24397 INFO     [tempest_lib.common.rest_client] Request (TestNetworkBasicOps:_run_cleanups): 404 GET http://10.0.2.15:8774/v2.1/0133f6d74a924b51a805c6192db956bd/servers/3c82e9cd-0e8f-4b65-9853-6d09df9b3bcc 0.080s
2015-12-14 14:04:45,443 24397 DEBUG    [tempest_lib.common.rest_client] Request - Headers: {'Content-Type': 'application/json', 'Accept': 'application/json', 'X-Auth-Token': '&lt;omitted&gt;'}
        Body: None
    Response - Headers: {'status': '404', 'content-length': '111', 'x-compute-request-id': 'req-c2a72367-cddb-458c-b71f-6f247b41bf6b', 'vary': 'X-OpenStack-Nova-API-Version', 'connection': 'close', 'x-openstack-nova-api-version': '2.1', 'date': 'Mon, 14 Dec 2015 14:04:45 GMT', 'content-type': 'application/json; charset=UTF-8'}
        Body: {"itemNotFound": {"message": "Instance 3c82e9cd-0e8f-4b65-9853-6d09df9b3bcc could not be found.", "code": 404}}
2015-12-14 14:04:45,463 24397 INFO     [tempest_lib.common.rest_client] Request (TestNetworkBasicOps:_run_cleanups): 202 DELETE http://10.0.2.15:8774/v2.1/0133f6d74a924b51a805c6192db956bd/os-keypairs/tempest-TestNetworkBasicOps-894912661 0.019s
2015-12-14 14:04:45,464 24397 DEBUG    [tempest_lib.common.rest_client] Request - Headers: {'Content-Type': 'application/json', 'Accept': 'application/json', 'X-Auth-Token': '&lt;omitted&gt;'}
        Body: None
    Response - Headers: {'status': '202', 'content-length': '0', 'x-compute-request-id': 'req-00daae2a-beec-41c8-a6fd-e092752617fe', 'vary': 'X-OpenStack-Nova-API-Version', 'connection': 'close', 'x-openstack-nova-api-version': '2.1', 'date': 'Mon, 14 Dec 2015 14:04:45 GMT', 'content-type': 'application/json'}
        Body: 
2015-12-14 14:04:45,837 24397 INFO     [tempest_lib.common.rest_client] Request (TestNetworkBasicOps:_run_cleanups): 200 PUT http://10.0.2.15:9696/v2.0/routers/3674506e-bf39-4624-8000-536e55c59c0f/remove_router_interface 0.371s
2015-12-14 14:04:45,838 24397 DEBUG    [tempest_lib.common.rest_client] Request - Headers: {'Content-Type': 'application/json', 'Accept': 'application/json', 'X-Auth-Token': '&lt;omitted&gt;'}
        Body: {"subnet_id": "17cc6b58-331c-45a9-a155-c7c6bfb02dd5"}
    Response - Headers: {'status': '200', 'content-length': '255', 'connection': 'close', 'date': 'Mon, 14 Dec 2015 14:04:45 GMT', 'content-type': 'application/json; charset=UTF-8', 'x-openstack-request-id': 'req-4b9ee70d-dbd9-4e00-bd76-2c652f3d9983'}
        Body: {"subnet_id": "17cc6b58-331c-45a9-a155-c7c6bfb02dd5", "tenant_id": "0133f6d74a924b51a805c6192db956bd", "subnet_ids": ["17cc6b58-331c-45a9-a155-c7c6bfb02dd5"], "port_id": "c65ac33e-2514-42ad-a3f4-5cbf4523696b", "id": "3674506e-bf39-4624-8000-536e55c59c0f"}
2015-12-14 14:04:46,335 24397 INFO     [tempest_lib.common.rest_client] Request (TestNetworkBasicOps:_run_cleanups): 204 DELETE http://10.0.2.15:9696/v2.0/subnets/17cc6b58-331c-45a9-a155-c7c6bfb02dd5 0.496s
2015-12-14 14:04:46,335 24397 DEBUG    [tempest_lib.common.rest_client] Request - Headers: {'Content-Type': 'application/json', 'Accept': 'application/json', 'X-Auth-Token': '&lt;omitted&gt;'}
        Body: None
    Response - Headers: {'date': 'Mon, 14 Dec 2015 14:04:46 GMT', 'status': '204', 'connection': 'close', 'content-length': '0', 'x-openstack-request-id': 'req-c0be5d7c-dec6-40f6-957e-d5665b46376a'}
        Body: 
2015-12-14 14:04:46,379 24397 INFO     [tempest_lib.common.rest_client] Request (TestNetworkBasicOps:_run_cleanups): 200 GET http://10.0.2.15:9696/v2.0/routers/3674506e-bf39-4624-8000-536e55c59c0f 0.043s
2015-12-14 14:04:46,380 24397 DEBUG    [tempest_lib.common.rest_client] Request - Headers: {'Content-Type': 'application/json', 'Accept': 'application/json', 'X-Auth-Token': '&lt;omitted&gt;'}
        Body: None
    Response - Headers: {'status': '200', 'content-length': '501', 'content-location': 'http://10.0.2.15:9696/v2.0/routers/3674506e-bf39-4624-8000-536e55c59c0f', 'connection': 'close', 'date': 'Mon, 14 Dec 2015 14:04:46 GMT', 'content-type': 'application/json; charset=UTF-8', 'x-openstack-request-id': 'req-6cccb949-b8bd-430b-a269-1e950b3b0add'}
        Body: {"router": {"status": "ACTIVE", "external_gateway_info": {"network_id": "3f954714-4bc2-4bde-be45-34325933545c", "enable_snat": true, "external_fixed_ips": [{"subnet_id": "bacd0bf1-ed5b-45f1-a8af-e0fb226c6830", "ip_address": "172.24.4.3"}, {"subnet_id": "35e16654-c933-4c3a-9f99-b5a175082287", "ip_address": "2001:db8::4"}]}, "name": "tempest-router-smoke-1580514145", "admin_state_up": true, "tenant_id": "0133f6d74a924b51a805c6192db956bd", "routes": [], "id": "3674506e-bf39-4624-8000-536e55c59c0f"}}
2015-12-14 14:04:46,685 24397 INFO     [tempest_lib.common.rest_client] Request (TestNetworkBasicOps:_run_cleanups): 200 PUT http://10.0.2.15:9696/v2.0/routers/3674506e-bf39-4624-8000-536e55c59c0f 0.305s
2015-12-14 14:04:46,686 24397 DEBUG    [tempest_lib.common.rest_client] Request - Headers: {'Content-Type': 'application/json', 'Accept': 'application/json', 'X-Auth-Token': '&lt;omitted&gt;'}
        Body: {"router": {"external_gateway_info": {}, "name": "tempest-router-smoke-1580514145", "admin_state_up": true}}
    Response - Headers: {'status': '200', 'content-length': '239', 'connection': 'close', 'date': 'Mon, 14 Dec 2015 14:04:46 GMT', 'content-type': 'application/json; charset=UTF-8', 'x-openstack-request-id': 'req-69232987-8344-48c8-b9d6-181df9b3de69'}
        Body: {"router": {"status": "ACTIVE", "external_gateway_info": null, "name": "tempest-router-smoke-1580514145", "admin_state_up": true, "tenant_id": "0133f6d74a924b51a805c6192db956bd", "routes": [], "id": "3674506e-bf39-4624-8000-536e55c59c0f"}}
2015-12-14 14:04:46,887 24397 INFO     [tempest_lib.common.rest_client] Request (TestNetworkBasicOps:_run_cleanups): 204 DELETE http://10.0.2.15:9696/v2.0/routers/3674506e-bf39-4624-8000-536e55c59c0f 0.200s
2015-12-14 14:04:46,888 24397 DEBUG    [tempest_lib.common.rest_client] Request - Headers: {'Content-Type': 'application/json', 'Accept': 'application/json', 'X-Auth-Token': '&lt;omitted&gt;'}
        Body: None
    Response - Headers: {'date': 'Mon, 14 Dec 2015 14:04:46 GMT', 'status': '204', 'connection': 'close', 'content-length': '0', 'x-openstack-request-id': 'req-868abc2e-2f29-4412-997b-1bcbc26d6c66'}
        Body: 
2015-12-14 14:04:47,061 24397 INFO     [tempest_lib.common.rest_client] Request (TestNetworkBasicOps:_run_cleanups): 204 DELETE http://10.0.2.15:9696/v2.0/networks/a5d917e9-6ba7-4907-a7cd-1814d6fb83c4 0.173s
2015-12-14 14:04:47,062 24397 DEBUG    [tempest_lib.common.rest_client] Request - Headers: {'Content-Type': 'application/json', 'Accept': 'application/json', 'X-Auth-Token': '&lt;omitted&gt;'}
        Body: None
    Response - Headers: {'date': 'Mon, 14 Dec 2015 14:04:47 GMT', 'status': '204', 'connection': 'close', 'content-length': '0', 'x-openstack-request-id': 'req-e7eb9d4e-1adb-4a1a-ba28-3e26714072a8'}
        Body: 
2015-12-14 14:04:47,117 24397 INFO     [tempest_lib.common.rest_client] Request (TestNetworkBasicOps:_run_cleanups): 204 DELETE http://10.0.2.15:9696/v2.0/security-group-rules/65496c8c-cd77-4285-86a1-541d322f45b9 0.054s
2015-12-14 14:04:47,118 24397 DEBUG    [tempest_lib.common.rest_client] Request - Headers: {'Content-Type': 'application/json', 'Accept': 'application/json', 'X-Auth-Token': '&lt;omitted&gt;'}
        Body: None
    Response - Headers: {'date': 'Mon, 14 Dec 2015 14:04:47 GMT', 'status': '204', 'connection': 'close', 'content-length': '0', 'x-openstack-request-id': 'req-0ac9f36e-c62e-4897-89ae-e6accc7de45f'}
        Body: 
2015-12-14 14:04:47,170 24397 INFO     [tempest_lib.common.rest_client] Request (TestNetworkBasicOps:_run_cleanups): 204 DELETE http://10.0.2.15:9696/v2.0/security-group-rules/94d966ec-492d-412e-9e7b-24abcef4b4db 0.051s
2015-12-14 14:04:47,171 24397 DEBUG    [tempest_lib.common.rest_client] Request - Headers: {'Content-Type': 'application/json', 'Accept': 'application/json', 'X-Auth-Token': '&lt;omitted&gt;'}
        Body: None
    Response - Headers: {'date': 'Mon, 14 Dec 2015 14:04:47 GMT', 'status': '204', 'connection': 'close', 'content-length': '0', 'x-openstack-request-id': 'req-a66eeaf8-89a0-46ee-90db-080b216069ba'}
        Body: 
2015-12-14 14:04:47,221 24397 INFO     [tempest_lib.common.rest_client] Request (TestNetworkBasicOps:_run_cleanups): 204 DELETE http://10.0.2.15:9696/v2.0/security-group-rules/3033fa2b-8897-43fc-93c0-f280eaa51baf 0.050s
2015-12-14 14:04:47,222 24397 DEBUG    [tempest_lib.common.rest_client] Request - Headers: {'Content-Type': 'application/json', 'Accept': 'application/json', 'X-Auth-Token': '&lt;omitted&gt;'}
        Body: None
    Response - Headers: {'date': 'Mon, 14 Dec 2015 14:04:47 GMT', 'status': '204', 'connection': 'close', 'content-length': '0', 'x-openstack-request-id': 'req-b5edf6c5-a5e2-477a-8e27-12a08f860fd7'}
        Body: 
2015-12-14 14:04:47,274 24397 INFO     [tempest_lib.common.rest_client] Request (TestNetworkBasicOps:_run_cleanups): 204 DELETE http://10.0.2.15:9696/v2.0/security-group-rules/3891a0eb-ee64-42c9-ab1a-64ed9c8ddab8 0.051s
2015-12-14 14:04:47,274 24397 DEBUG    [tempest_lib.common.rest_client] Request - Headers: {'Content-Type': 'application/json', 'Accept': 'application/json', 'X-Auth-Token': '&lt;omitted&gt;'}
        Body: None
    Response - Headers: {'date': 'Mon, 14 Dec 2015 14:04:47 GMT', 'status': '204', 'connection': 'close', 'content-length': '0', 'x-openstack-request-id': 'req-8295cc41-4a22-480a-881c-b9b78eb353fa'}
        Body: 
2015-12-14 14:04:47,321 24397 INFO     [tempest_lib.common.rest_client] Request (TestNetworkBasicOps:_run_cleanups): 204 DELETE http://10.0.2.15:9696/v2.0/security-group-rules/c19bc9be-3856-40c3-8cb0-3af4ab59a19f 0.046s
2015-12-14 14:04:47,322 24397 DEBUG    [tempest_lib.common.rest_client] Request - Headers: {'Content-Type': 'application/json', 'Accept': 'application/json', 'X-Auth-Token': '&lt;omitted&gt;'}
        Body: None
    Response - Headers: {'date': 'Mon, 14 Dec 2015 14:04:47 GMT', 'status': '204', 'connection': 'close', 'content-length': '0', 'x-openstack-request-id': 'req-beba27f3-3c15-4048-9c64-fc29e097ff41'}
        Body: 
2015-12-14 14:04:47,366 24397 INFO     [tempest_lib.common.rest_client] Request (TestNetworkBasicOps:_run_cleanups): 204 DELETE http://10.0.2.15:9696/v2.0/security-group-rules/633ff944-1bd9-4c21-b4f3-42183a70f42e 0.044s
2015-12-14 14:04:47,367 24397 DEBUG    [tempest_lib.common.rest_client] Request - Headers: {'Content-Type': 'application/json', 'Accept': 'application/json', 'X-Auth-Token': '&lt;omitted&gt;'}
        Body: None
