<?xml version="1.0" encoding="UTF-8"?>
<!DOCTYPE html PUBLIC "-//W3C//DTD XHTML 1.0 Strict//EN"
     "http://www.w3.org/TR/xhtml1/DTD/xhtml1-strict.dtd">
<html xmlns="http://www.w3.org/1999/xhtml">
<head>
    <title>Unit Test Report</title>
    <meta name="generator" content="subunit2html 0.1"/>
    <meta http-equiv="Content-Type" content="text/html; charset=UTF-8"/>
    
<style type="text/css" media="screen">
body        { font-family: verdana, arial, helvetica, sans-serif;
    font-size: 80%; }
table       { font-size: 100%; width: 100%;}
pre         { font-size: 80%; }

/* -- heading -------------------------------------------------------------- */
h1 {
        font-size: 16pt;
        color: gray;
}
.heading {
    margin-top: 0ex;
    margin-bottom: 1ex;
}

.heading .attribute {
    margin-top: 1ex;
    margin-bottom: 0;
}

.heading .description {
    margin-top: 4ex;
    margin-bottom: 6ex;
}

/* -- css div popup -------------------------------------------------------- */
a.popup_link {
}

a.popup_link:hover {
    color: red;
}

.popup_window {
    display: none;
    overflow-x: scroll;
    /*border: solid #627173 1px; */
    padding: 10px;
    background-color: #E6E6D6;
    font-family: "Ubuntu Mono", "Lucida Console", "Courier New", monospace;
    text-align: left;
    font-size: 8pt;
}

}
/* -- report --------------------------------------------------------------- */
#show_detail_line {
    margin-top: 3ex;
    margin-bottom: 1ex;
}
#result_table {
    width: 100%;
    border-collapse: collapse;
    border: 1px solid #777;
}
#header_row {
    font-weight: bold;
    color: white;
    background-color: #777;
}
#result_table td {
    border: 1px solid #777;
    padding: 2px;
}
#total_row  { font-weight: bold; }
.passClass  { background-color: #6c6; }
.failClass  { background-color: #c60; }
.errorClass { background-color: #c00; }
.passCase   { color: #6c6; }
.failCase   { color: #c60; font-weight: bold; }
.errorCase  { color: #c00; font-weight: bold; }
.hiddenRow  { display: none; }
.testcase   { margin-left: 2em; }
td.testname {width: 40%}
td.small {width: 40px}

/* -- ending --------------------------------------------------------------- */
#ending {
}

</style>

</head>
<body>
<script language="javascript" type="text/javascript"><!--
output_list = Array();

/* level - 0:Summary; 1:Failed; 2:All */
function showCase(level) {
    trs = document.getElementsByTagName("tr");
    for (var i = 0; i < trs.length; i++) {
        tr = trs[i];
        id = tr.id;
        if (id.substr(0,2) == 'ft') {
            if (level < 1) {
                tr.className = 'hiddenRow';
            }
            else {
                tr.className = '';
            }
        }
        if (id.substr(0,2) == 'pt') {
            if (level > 1) {
                tr.className = '';
            }
            else {
                tr.className = 'hiddenRow';
            }
        }
    }
}


function showClassDetail(cid, count) {
    var id_list = Array(count);
    var toHide = 1;
    for (var i = 0; i < count; i++) {
        tid0 = 't' + cid.substr(1) + '.' + (i+1);
        tid = 'f' + tid0;
        tr = document.getElementById(tid);
        if (!tr) {
            tid = 'p' + tid0;
            tr = document.getElementById(tid);
        }
        id_list[i] = tid;
        if (tr.className) {
            toHide = 0;
        }
    }
    for (var i = 0; i < count; i++) {
        tid = id_list[i];
        if (toHide) {
            document.getElementById('div_'+tid).style.display = 'none'
            document.getElementById(tid).className = 'hiddenRow';
        }
        else {
            document.getElementById(tid).className = '';
        }
    }
}


function showTestDetail(div_id){
    var details_div = document.getElementById(div_id)
    var displayState = details_div.style.display
    // alert(displayState)
    if (displayState != 'block' ) {
        displayState = 'block'
        details_div.style.display = 'block'
    }
    else {
        details_div.style.display = 'none'
    }
}


function html_escape(s) {
    s = s.replace(/&/g,'&amp;');
    s = s.replace(/</g,'&lt;');
    s = s.replace(/>/g,'&gt;');
    return s;
}

/* obsoleted by detail in <div>
function showOutput(id, name) {
    var w = window.open("", //url
                    name,
                    "resizable,scrollbars,status,width=800,height=450");
    d = w.document;
    d.write("<pre>");
    d.write(html_escape(output_list[id]));
    d.write("\n");
    d.write("<a href='javascript:window.close()'>close</a>\n");
    d.write("</pre>\n");
    d.close();
}
*/
--></script>

<div class='heading'>
<h1>Unit Test Report</h1>

<p class='attribute'><strong>Status:</strong> Pass 1 Failure 8</p>

<p class='description'></p>
</div>



<p id='show_detail_line'>Show
<a href='javascript:showCase(0)'>Summary</a>
<a href='javascript:showCase(1)'>Failed</a>
<a href='javascript:showCase(2)'>All</a>
</p>
<table id='result_table'>
<colgroup>
<col align='left' />
<col align='right' />
<col align='right' />
<col align='right' />
<col align='right' />
<col align='right' />
<col align='right' />
<col align='right' />
</colgroup>
<tr id='header_row'>
    <td>Test Group/Test case</td>
    <td>Count</td>
    <td>Pass</td>
    <td>Fail</td>
    <td>Error</td>
    <td>Skip</td>
    <td>View</td>
    <td> </td>
</tr>

<tr class='failClass'>
    <td class="testname">tempest.scenario.test_network_basic_ops.TestNetworkBasicOps</td>
    <td class="small">9</td>
    <td class="small">1</td>
    <td class="small">8</td>
    <td class="small">0</td>
    <td class="small">0</td>
    <td class="small"><a href="javascript:showClassDetail('c1',9)"
>Detail</a></td>
    <td> </td>
</tr>

<tr id='ft1.1' class='none'>
    <td class='failCase'><div class='testcase'>test_connectivity_between_vms_on_different_networks[compute,id-1546850e-fbaa-42f5-8b5f-03d8a6a95f15,network]</div></td>
    <td colspan='7' align='left'>

    <!--css div popup start-->
    <a class="popup_link" onfocus='this.blur();'
    href="javascript:showTestDetail('div_ft1.1')" >
        fail</a>

    <div id='div_ft1.1' class="popup_window">
        <div style='text-align: right; color:red;cursor:pointer'>
        <a onfocus='this.blur();'
onclick="document.getElementById('div_ft1.1').style.display = 'none' " >
           [x]</a>
        </div>
        <pre>
        
ft1.1: tempest.scenario.test_network_basic_ops.TestNetworkBasicOps.test_connectivity_between_vms_on_different_networks[compute,id-1546850e-fbaa-42f5-8b5f-03d8a6a95f15,network]_StringException: Empty attachments:
  stderr
  stdout

pythonlogging:'': {{{
2015-12-20 08:12:30,177 20277 INFO     [tempest_lib.common.rest_client] Request (TestNetworkBasicOps:test_connectivity_between_vms_on_different_networks): 201 POST http://10.0.2.15:9696/v2.0/security-groups 0.343s
2015-12-20 08:12:30,178 20277 DEBUG    [tempest_lib.common.rest_client] Request - Headers: {'Content-Type': 'application/json', 'Accept': 'application/json', 'X-Auth-Token': '&lt;omitted&gt;'}
        Body: {"security_group": {"tenant_id": "62f4e66a12c84042b588eef5f7476726", "description": "tempest-secgroup-smoke-1436987890 description", "name": "tempest-secgroup-smoke-1436987890"}}
    Response - Headers: {'status': '201', 'content-length': '888', 'connection': 'close', 'date': 'Sun, 20 Dec 2015 08:12:30 GMT', 'content-type': 'application/json; charset=UTF-8', 'x-openstack-request-id': 'req-e35eefad-6024-4e3e-a9b0-be40af457a3d'}
        Body: {"security_group": {"tenant_id": "62f4e66a12c84042b588eef5f7476726", "description": "tempest-secgroup-smoke-1436987890 description", "id": "4a61f3e0-443d-48fb-bacf-99f2f51458f5", "security_group_rules": [{"remote_group_id": null, "direction": "egress", "remote_ip_prefix": null, "protocol": null, "ethertype": "IPv4", "tenant_id": "62f4e66a12c84042b588eef5f7476726", "port_range_max": null, "port_range_min": null, "id": "ee0d1d7c-491e-4367-bfda-05449a862a08", "security_group_id": "4a61f3e0-443d-48fb-bacf-99f2f51458f5"}, {"remote_group_id": null, "direction": "egress", "remote_ip_prefix": null, "protocol": null, "ethertype": "IPv6", "tenant_id": "62f4e66a12c84042b588eef5f7476726", "port_range_max": null, "port_range_min": null, "id": "07702400-d20e-45ad-aa97-ab204d5ad27a", "security_group_id": "4a61f3e0-443d-48fb-bacf-99f2f51458f5"}], "name": "tempest-secgroup-smoke-1436987890"}}
2015-12-20 08:12:30,281 20277 INFO     [tempest_lib.common.rest_client] Request (TestNetworkBasicOps:test_connectivity_between_vms_on_different_networks): 201 POST http://10.0.2.15:9696/v2.0/security-group-rules 0.102s
2015-12-20 08:12:30,282 20277 DEBUG    [tempest_lib.common.rest_client] Request - Headers: {'Content-Type': 'application/json', 'Accept': 'application/json', 'X-Auth-Token': '&lt;omitted&gt;'}
        Body: {"security_group_rule": {"direction": "ingress", "protocol": "tcp", "tenant_id": "62f4e66a12c84042b588eef5f7476726", "port_range_max": 22, "security_group_id": "4a61f3e0-443d-48fb-bacf-99f2f51458f5", "port_range_min": 22}}
    Response - Headers: {'status': '201', 'content-length': '340', 'connection': 'close', 'date': 'Sun, 20 Dec 2015 08:12:30 GMT', 'content-type': 'application/json; charset=UTF-8', 'x-openstack-request-id': 'req-c4d4497a-62f9-4840-b32e-119666a5c1a6'}
        Body: {"security_group_rule": {"remote_group_id": null, "direction": "ingress", "remote_ip_prefix": null, "protocol": "tcp", "ethertype": "IPv4", "tenant_id": "62f4e66a12c84042b588eef5f7476726", "port_range_max": 22, "port_range_min": 22, "id": "36c1fad0-9398-4d1d-83c9-a94b4768ffb7", "security_group_id": "4a61f3e0-443d-48fb-bacf-99f2f51458f5"}}
2015-12-20 08:12:30,388 20277 INFO     [tempest_lib.common.rest_client] Request (TestNetworkBasicOps:test_connectivity_between_vms_on_different_networks): 201 POST http://10.0.2.15:9696/v2.0/security-group-rules 0.106s
2015-12-20 08:12:30,389 20277 DEBUG    [tempest_lib.common.rest_client] Request - Headers: {'Content-Type': 'application/json', 'Accept': 'application/json', 'X-Auth-Token': '&lt;omitted&gt;'}
        Body: {"security_group_rule": {"direction": "egress", "protocol": "tcp", "tenant_id": "62f4e66a12c84042b588eef5f7476726", "port_range_max": 22, "security_group_id": "4a61f3e0-443d-48fb-bacf-99f2f51458f5", "port_range_min": 22}}
    Response - Headers: {'status': '201', 'content-length': '339', 'connection': 'close', 'date': 'Sun, 20 Dec 2015 08:12:30 GMT', 'content-type': 'application/json; charset=UTF-8', 'x-openstack-request-id': 'req-0211ccc0-48be-4b3d-af12-04e58f77989f'}
        Body: {"security_group_rule": {"remote_group_id": null, "direction": "egress", "remote_ip_prefix": null, "protocol": "tcp", "ethertype": "IPv4", "tenant_id": "62f4e66a12c84042b588eef5f7476726", "port_range_max": 22, "port_range_min": 22, "id": "f86b85e7-6236-42ca-8e93-0dd139d6df99", "security_group_id": "4a61f3e0-443d-48fb-bacf-99f2f51458f5"}}
2015-12-20 08:12:30,512 20277 INFO     [tempest_lib.common.rest_client] Request (TestNetworkBasicOps:test_connectivity_between_vms_on_different_networks): 201 POST http://10.0.2.15:9696/v2.0/security-group-rules 0.122s
2015-12-20 08:12:30,513 20277 DEBUG    [tempest_lib.common.rest_client] Request - Headers: {'Content-Type': 'application/json', 'Accept': 'application/json', 'X-Auth-Token': '&lt;omitted&gt;'}
        Body: {"security_group_rule": {"tenant_id": "62f4e66a12c84042b588eef5f7476726", "direction": "ingress", "protocol": "icmp", "security_group_id": "4a61f3e0-443d-48fb-bacf-99f2f51458f5"}}
    Response - Headers: {'status': '201', 'content-length': '345', 'connection': 'close', 'date': 'Sun, 20 Dec 2015 08:12:30 GMT', 'content-type': 'application/json; charset=UTF-8', 'x-openstack-request-id': 'req-89f81659-7bc3-40fe-b25c-fc4f91a746f3'}
        Body: {"security_group_rule": {"remote_group_id": null, "direction": "ingress", "remote_ip_prefix": null, "protocol": "icmp", "ethertype": "IPv4", "tenant_id": "62f4e66a12c84042b588eef5f7476726", "port_range_max": null, "port_range_min": null, "id": "8c4b7d6b-76a0-469d-bbe9-f04a401a5d18", "security_group_id": "4a61f3e0-443d-48fb-bacf-99f2f51458f5"}}
2015-12-20 08:12:30,629 20277 INFO     [tempest_lib.common.rest_client] Request (TestNetworkBasicOps:test_connectivity_between_vms_on_different_networks): 201 POST http://10.0.2.15:9696/v2.0/security-group-rules 0.115s
2015-12-20 08:12:30,630 20277 DEBUG    [tempest_lib.common.rest_client] Request - Headers: {'Content-Type': 'application/json', 'Accept': 'application/json', 'X-Auth-Token': '&lt;omitted&gt;'}
        Body: {"security_group_rule": {"tenant_id": "62f4e66a12c84042b588eef5f7476726", "direction": "egress", "protocol": "icmp", "security_group_id": "4a61f3e0-443d-48fb-bacf-99f2f51458f5"}}
    Response - Headers: {'status': '201', 'content-length': '344', 'connection': 'close', 'date': 'Sun, 20 Dec 2015 08:12:30 GMT', 'content-type': 'application/json; charset=UTF-8', 'x-openstack-request-id': 'req-7b49c444-f12b-4cf9-aea4-cb6a5de166aa'}
        Body: {"security_group_rule": {"remote_group_id": null, "direction": "egress", "remote_ip_prefix": null, "protocol": "icmp", "ethertype": "IPv4", "tenant_id": "62f4e66a12c84042b588eef5f7476726", "port_range_max": null, "port_range_min": null, "id": "6727055b-5960-4823-ada7-ccba624f8873", "security_group_id": "4a61f3e0-443d-48fb-bacf-99f2f51458f5"}}
2015-12-20 08:12:30,740 20277 INFO     [tempest_lib.common.rest_client] Request (TestNetworkBasicOps:test_connectivity_between_vms_on_different_networks): 201 POST http://10.0.2.15:9696/v2.0/security-group-rules 0.109s
2015-12-20 08:12:30,741 20277 DEBUG    [tempest_lib.common.rest_client] Request - Headers: {'Content-Type': 'application/json', 'Accept': 'application/json', 'X-Auth-Token': '&lt;omitted&gt;'}
        Body: {"security_group_rule": {"tenant_id": "62f4e66a12c84042b588eef5f7476726", "direction": "ingress", "security_group_id": "4a61f3e0-443d-48fb-bacf-99f2f51458f5", "protocol": "icmp", "ethertype": "IPv6"}}
    Response - Headers: {'status': '201', 'content-length': '345', 'connection': 'close', 'date': 'Sun, 20 Dec 2015 08:12:30 GMT', 'content-type': 'application/json; charset=UTF-8', 'x-openstack-request-id': 'req-e6149cd7-9999-44d6-a725-8bda1957110f'}
        Body: {"security_group_rule": {"remote_group_id": null, "direction": "ingress", "remote_ip_prefix": null, "protocol": "icmp", "ethertype": "IPv6", "tenant_id": "62f4e66a12c84042b588eef5f7476726", "port_range_max": null, "port_range_min": null, "id": "d704815b-e25b-48c6-afff-a616c7851243", "security_group_id": "4a61f3e0-443d-48fb-bacf-99f2f51458f5"}}
2015-12-20 08:12:30,848 20277 INFO     [tempest_lib.common.rest_client] Request (TestNetworkBasicOps:test_connectivity_between_vms_on_different_networks): 201 POST http://10.0.2.15:9696/v2.0/security-group-rules 0.106s
2015-12-20 08:12:30,849 20277 DEBUG    [tempest_lib.common.rest_client] Request - Headers: {'Content-Type': 'application/json', 'Accept': 'application/json', 'X-Auth-Token': '&lt;omitted&gt;'}
        Body: {"security_group_rule": {"tenant_id": "62f4e66a12c84042b588eef5f7476726", "direction": "egress", "security_group_id": "4a61f3e0-443d-48fb-bacf-99f2f51458f5", "protocol": "icmp", "ethertype": "IPv6"}}
    Response - Headers: {'status': '201', 'content-length': '344', 'connection': 'close', 'date': 'Sun, 20 Dec 2015 08:12:30 GMT', 'content-type': 'application/json; charset=UTF-8', 'x-openstack-request-id': 'req-9ff53063-e9f6-41d8-a58a-8242554419bb'}
        Body: {"security_group_rule": {"remote_group_id": null, "direction": "egress", "remote_ip_prefix": null, "protocol": "icmp", "ethertype": "IPv6", "tenant_id": "62f4e66a12c84042b588eef5f7476726", "port_range_max": null, "port_range_min": null, "id": "1a34925e-1296-45c9-bc09-3901d4aea526", "security_group_id": "4a61f3e0-443d-48fb-bacf-99f2f51458f5"}}
2015-12-20 08:12:30,985 20277 INFO     [tempest_lib.common.rest_client] Request (TestNetworkBasicOps:test_connectivity_between_vms_on_different_networks): 201 POST http://10.0.2.15:9696/v2.0/networks 0.135s
2015-12-20 08:12:30,986 20277 DEBUG    [tempest_lib.common.rest_client] Request - Headers: {'Content-Type': 'application/json', 'Accept': 'application/json', 'X-Auth-Token': '&lt;omitted&gt;'}
        Body: {"network": {"tenant_id": "62f4e66a12c84042b588eef5f7476726", "name": "tempest-network-smoke--2032933512"}}
    Response - Headers: {'status': '201', 'content-length': '296', 'connection': 'close', 'date': 'Sun, 20 Dec 2015 08:12:30 GMT', 'content-type': 'application/json; charset=UTF-8', 'x-openstack-request-id': 'req-b75cbc61-8e6c-4653-9a85-f59f49d6ce50'}
        Body: {"network": {"status": "ACTIVE", "subnets": [], "name": "tempest-network-smoke--2032933512", "admin_state_up": true, "tenant_id": "62f4e66a12c84042b588eef5f7476726", "mtu": 0, "router:external": false, "shared": false, "port_security_enabled": true, "id": "165d8f1c-b78a-41ad-ab0e-75398a67c464"}}
2015-12-20 08:12:31,067 20277 INFO     [tempest_lib.common.rest_client] Request (TestNetworkBasicOps:test_connectivity_between_vms_on_different_networks): 201 POST http://10.0.2.15:9696/v2.0/routers 0.080s
2015-12-20 08:12:31,068 20277 DEBUG    [tempest_lib.common.rest_client] Request - Headers: {'Content-Type': 'application/json', 'Accept': 'application/json', 'X-Auth-Token': '&lt;omitted&gt;'}
        Body: {"router": {"tenant_id": "62f4e66a12c84042b588eef5f7476726", "name": "tempest-router-smoke-2139394724", "admin_state_up": true}}
    Response - Headers: {'status': '201', 'content-length': '239', 'connection': 'close', 'date': 'Sun, 20 Dec 2015 08:12:31 GMT', 'content-type': 'application/json; charset=UTF-8', 'x-openstack-request-id': 'req-559a7cdf-5c34-42bb-90c1-b9896ad502f0'}
        Body: {"router": {"status": "ACTIVE", "external_gateway_info": null, "name": "tempest-router-smoke-2139394724", "admin_state_up": true, "tenant_id": "62f4e66a12c84042b588eef5f7476726", "routes": [], "id": "92ae610e-5938-495d-ab73-bd0591928669"}}
2015-12-20 08:12:31,109 20277 INFO     [tempest_lib.common.rest_client] Request (TestNetworkBasicOps:test_connectivity_between_vms_on_different_networks): 200 GET http://10.0.2.15:9696/v2.0/routers/92ae610e-5938-495d-ab73-bd0591928669 0.040s
2015-12-20 08:12:31,110 20277 DEBUG    [tempest_lib.common.rest_client] Request - Headers: {'Content-Type': 'application/json', 'Accept': 'application/json', 'X-Auth-Token': '&lt;omitted&gt;'}
        Body: None
    Response - Headers: {'status': '200', 'content-length': '239', 'content-location': 'http://10.0.2.15:9696/v2.0/routers/92ae610e-5938-495d-ab73-bd0591928669', 'connection': 'close', 'date': 'Sun, 20 Dec 2015 08:12:31 GMT', 'content-type': 'application/json; charset=UTF-8', 'x-openstack-request-id': 'req-cf0fde5e-3ed1-4797-8d99-8d563267e2aa'}
        Body: {"router": {"status": "ACTIVE", "external_gateway_info": null, "name": "tempest-router-smoke-2139394724", "admin_state_up": true, "tenant_id": "62f4e66a12c84042b588eef5f7476726", "routes": [], "id": "92ae610e-5938-495d-ab73-bd0591928669"}}
2015-12-20 08:12:31,609 20277 INFO     [tempest_lib.common.rest_client] Request (TestNetworkBasicOps:test_connectivity_between_vms_on_different_networks): 200 PUT http://10.0.2.15:9696/v2.0/routers/92ae610e-5938-495d-ab73-bd0591928669 0.497s
2015-12-20 08:12:31,609 20277 DEBUG    [tempest_lib.common.rest_client] Request - Headers: {'Content-Type': 'application/json', 'Accept': 'application/json', 'X-Auth-Token': '&lt;omitted&gt;'}
        Body: {"router": {"external_gateway_info": {"network_id": "562c43d7-d76d-48f5-9b96-9f8410972875"}, "name": "tempest-router-smoke-2139394724", "admin_state_up": true}}
    Response - Headers: {'status': '200', 'content-length': '501', 'connection': 'close', 'date': 'Sun, 20 Dec 2015 08:12:31 GMT', 'content-type': 'application/json; charset=UTF-8', 'x-openstack-request-id': 'req-314178ec-cdb5-4921-a80c-bd7ed4aed2f7'}
        Body: {"router": {"status": "ACTIVE", "external_gateway_info": {"network_id": "562c43d7-d76d-48f5-9b96-9f8410972875", "enable_snat": true, "external_fixed_ips": [{"subnet_id": "5492b72d-74a9-4167-9554-60ac9e1ece9c", "ip_address": "172.24.4.3"}, {"subnet_id": "ea62b231-4f71-406b-8368-2ec9cbaf95da", "ip_address": "2001:db8::3"}]}, "name": "tempest-router-smoke-2139394724", "admin_state_up": true, "tenant_id": "62f4e66a12c84042b588eef5f7476726", "routes": [], "id": "92ae610e-5938-495d-ab73-bd0591928669"}}
2015-12-20 08:12:31,738 20277 INFO     [tempest_lib.common.rest_client] Request (TestNetworkBasicOps:test_connectivity_between_vms_on_different_networks): 200 GET http://10.0.2.15:9696/v2.0/subnets?tenant_id=62f4e66a12c84042b588eef5f7476726&amp;cidr=10.100.0.0%2F28 0.127s
2015-12-20 08:12:31,738 20277 DEBUG    [tempest_lib.common.rest_client] Request - Headers: {'Content-Type': 'application/json', 'Accept': 'application/json', 'X-Auth-Token': '&lt;omitted&gt;'}
        Body: None
    Response - Headers: {'status': '200', 'content-length': '15', 'content-location': 'http://10.0.2.15:9696/v2.0/subnets?tenant_id=62f4e66a12c84042b588eef5f7476726&amp;cidr=10.100.0.0%2F28', 'connection': 'close', 'date': 'Sun, 20 Dec 2015 08:12:31 GMT', 'content-type': 'application/json; charset=UTF-8', 'x-openstack-request-id': 'req-079832a4-ecd4-4901-b83a-e3044c74b9d0'}
        Body: {"subnets": []}
2015-12-20 08:12:31,983 20277 INFO     [tempest_lib.common.rest_client] Request (TestNetworkBasicOps:test_connectivity_between_vms_on_different_networks): 201 POST http://10.0.2.15:9696/v2.0/subnets 0.244s
2015-12-20 08:12:31,984 20277 DEBUG    [tempest_lib.common.rest_client] Request - Headers: {'Content-Type': 'application/json', 'Accept': 'application/json', 'X-Auth-Token': '&lt;omitted&gt;'}
        Body: {"subnet": {"ip_version": 4, "tenant_id": "62f4e66a12c84042b588eef5f7476726", "cidr": "10.100.0.0/28", "network_id": "165d8f1c-b78a-41ad-ab0e-75398a67c464", "name": "tempest-subnet-smoke-1286923465"}}
    Response - Headers: {'status': '201', 'content-length': '478', 'connection': 'close', 'date': 'Sun, 20 Dec 2015 08:12:31 GMT', 'content-type': 'application/json; charset=UTF-8', 'x-openstack-request-id': 'req-1fc863e6-3b80-480c-9610-ebe3789a4521'}
        Body: {"subnet": {"name": "tempest-subnet-smoke-1286923465", "enable_dhcp": true, "network_id": "165d8f1c-b78a-41ad-ab0e-75398a67c464", "tenant_id": "62f4e66a12c84042b588eef5f7476726", "dns_nameservers": [], "gateway_ip": "10.100.0.1", "ipv6_ra_mode": null, "allocation_pools": [{"start": "10.100.0.2", "end": "10.100.0.14"}], "host_routes": [], "ip_version": 4, "ipv6_address_mode": null, "cidr": "10.100.0.0/28", "id": "231c7a58-ba77-4ae3-a9b5-ac0242dc115e", "subnetpool_id": null}}
2015-12-20 08:12:32,501 20277 INFO     [tempest_lib.common.rest_client] Request (TestNetworkBasicOps:test_connectivity_between_vms_on_different_networks): 200 PUT http://10.0.2.15:9696/v2.0/routers/92ae610e-5938-495d-ab73-bd0591928669/add_router_interface 0.516s
2015-12-20 08:12:32,501 20277 DEBUG    [tempest_lib.common.rest_client] Request - Headers: {'Content-Type': 'application/json', 'Accept': 'application/json', 'X-Auth-Token': '&lt;omitted&gt;'}
        Body: {"subnet_id": "231c7a58-ba77-4ae3-a9b5-ac0242dc115e"}
    Response - Headers: {'status': '200', 'content-length': '255', 'connection': 'close', 'date': 'Sun, 20 Dec 2015 08:12:32 GMT', 'content-type': 'application/json; charset=UTF-8', 'x-openstack-request-id': 'req-b1e1d852-92f6-4fcd-8684-720ff7c55d92'}
        Body: {"subnet_id": "231c7a58-ba77-4ae3-a9b5-ac0242dc115e", "tenant_id": "62f4e66a12c84042b588eef5f7476726", "subnet_ids": ["231c7a58-ba77-4ae3-a9b5-ac0242dc115e"], "port_id": "ed0c691b-14dd-43c0-8cc7-d18b2dc151f9", "id": "92ae610e-5938-495d-ab73-bd0591928669"}
2015-12-20 08:12:32,547 20277 INFO     [tempest_lib.common.rest_client] Request (TestNetworkBasicOps:test_connectivity_between_vms_on_different_networks): 200 GET http://10.0.2.15:9696/v2.0/networks 0.044s
2015-12-20 08:12:32,547 20277 DEBUG    [tempest_lib.common.rest_client] Request - Headers: {'Content-Type': 'application/json', 'Accept': 'application/json', 'X-Auth-Token': '&lt;omitted&gt;'}
        Body: None
    Response - Headers: {'status': '200', 'content-length': '1318', 'content-location': 'http://10.0.2.15:9696/v2.0/networks', 'connection': 'close', 'date': 'Sun, 20 Dec 2015 08:12:32 GMT', 'content-type': 'application/json; charset=UTF-8', 'x-openstack-request-id': 'req-59bb64ab-1117-4701-94f6-a56b2f915397'}
        Body: {"networks": [{"status": "ACTIVE", "subnets": ["ea62b231-4f71-406b-8368-2ec9cbaf95da", "5492b72d-74a9-4167-9554-60ac9e1ece9c"], "name": "public", "provider:physical_network": null, "admin_state_up": true, "tenant_id": "b072d414e08145abaabc03456b8b1ded", "mtu": 0, "router:external": true, "shared": false, "port_security_enabled": true, "provider:network_type": "vxlan", "id": "562c43d7-d76d-48f5-9b96-9f8410972875", "provider:segmentation_id": 1096}, {"status": "ACTIVE", "subnets": ["231c7a58-ba77-4ae3-a9b5-ac0242dc115e"], "name": "tempest-network-smoke--2032933512", "provider:physical_network": null, "admin_state_up": true, "tenant_id": "62f4e66a12c84042b588eef5f7476726", "mtu": 0, "router:external": false, "shared": false, "port_security_enabled": true, "provider:network_type": "vxlan", "id": "165d8f1c-b78a-41ad-ab0e-75398a67c464", "provider:segmentation_id": 1052}, {"status": "ACTIVE", "subnets": ["4f5f8946-f75d-4eb2-a907-212b81355a91", "d1dab485-feea-49fd-9878-450cbac14979"], "name": "private", "provider:physical_network": null, "admin_state_up": true, "tenant_id": "138c6e78e83040f18af1ea9597ebb18d", "mtu": 0, "router:external": false, "shared": false, "port_security_enabled": true, "provider:network_type": "vxlan", "id": "f23f54d8-4a37-4e89-9dfa-6adee59c548a", "provider:segmentation_id": 1044}]}
2015-12-20 08:12:32,598 20277 INFO     [tempest_lib.common.rest_client] Request (TestNetworkBasicOps:test_connectivity_between_vms_on_different_networks): 200 GET http://10.0.2.15:9696/v2.0/subnets 0.049s
2015-12-20 08:12:32,598 20277 DEBUG    [tempest_lib.common.rest_client] Request - Headers: {'Content-Type': 'application/json', 'Accept': 'application/json', 'X-Auth-Token': '&lt;omitted&gt;'}
        Body: None
    Response - Headers: {'status': '200', 'content-length': '2404', 'content-location': 'http://10.0.2.15:9696/v2.0/subnets', 'connection': 'close', 'date': 'Sun, 20 Dec 2015 08:12:32 GMT', 'content-type': 'application/json; charset=UTF-8', 'x-openstack-request-id': 'req-e88f475b-243f-4350-a7cc-55800f43058a'}
        Body: {"subnets": [{"name": "ipv6-private-subnet", "enable_dhcp": true, "network_id": "f23f54d8-4a37-4e89-9dfa-6adee59c548a", "tenant_id": "138c6e78e83040f18af1ea9597ebb18d", "dns_nameservers": [], "gateway_ip": "fdac:135:4ad4::1", "ipv6_ra_mode": "slaac", "allocation_pools": [{"start": "fdac:135:4ad4::2", "end": "fdac:135:4ad4:0:ffff:ffff:ffff:ffff"}], "host_routes": [], "ip_version": 6, "ipv6_address_mode": "slaac", "cidr": "fdac:135:4ad4::/64", "id": "d1dab485-feea-49fd-9878-450cbac14979", "subnetpool_id": null}, {"name": "tempest-subnet-smoke-1286923465", "enable_dhcp": true, "network_id": "165d8f1c-b78a-41ad-ab0e-75398a67c464", "tenant_id": "62f4e66a12c84042b588eef5f7476726", "dns_nameservers": [], "gateway_ip": "10.100.0.1", "ipv6_ra_mode": null, "allocation_pools": [{"start": "10.100.0.2", "end": "10.100.0.14"}], "host_routes": [], "ip_version": 4, "ipv6_address_mode": null, "cidr": "10.100.0.0/28", "id": "231c7a58-ba77-4ae3-a9b5-ac0242dc115e", "subnetpool_id": null}, {"name": "ipv6-public-subnet", "enable_dhcp": false, "network_id": "562c43d7-d76d-48f5-9b96-9f8410972875", "tenant_id": "b072d414e08145abaabc03456b8b1ded", "dns_nameservers": [], "gateway_ip": "2001:db8::2", "ipv6_ra_mode": null, "allocation_pools": [{"start": "2001:db8::1", "end": "2001:db8::1"}, {"start": "2001:db8::3", "end": "2001:db8::ffff:ffff:ffff:ffff"}], "host_routes": [], "ip_version": 6, "ipv6_address_mode": null, "cidr": "2001:db8::/64", "id": "ea62b231-4f71-406b-8368-2ec9cbaf95da", "subnetpool_id": null}, {"name": "private-subnet", "enable_dhcp": true, "network_id": "f23f54d8-4a37-4e89-9dfa-6adee59c548a", "tenant_id": "138c6e78e83040f18af1ea9597ebb18d", "dns_nameservers": [], "gateway_ip": "10.0.0.1", "ipv6_ra_mode": null, "allocation_pools": [{"start": "10.0.0.2", "end": "10.0.0.254"}], "host_routes": [], "ip_version": 4, "ipv6_address_mode": null, "cidr": "10.0.0.0/24", "id": "4f5f8946-f75d-4eb2-a907-212b81355a91", "subnetpool_id": null}, {"name": "public-subnet", "enable_dhcp": false, "network_id": "562c43d7-d76d-48f5-9b96-9f8410972875", "tenant_id": "b072d414e08145abaabc03456b8b1ded", "dns_nameservers": [], "gateway_ip": "172.24.4.1", "ipv6_ra_mode": null, "allocation_pools": [{"start": "172.24.4.2", "end": "172.24.4.254"}], "host_routes": [], "ip_version": 4, "ipv6_address_mode": null, "cidr": "172.24.4.0/24", "id": "5492b72d-74a9-4167-9554-60ac9e1ece9c", "subnetpool_id": null}]}
2015-12-20 08:12:32,774 20277 INFO     [tempest_lib.common.rest_client] Request (TestNetworkBasicOps:test_connectivity_between_vms_on_different_networks): 200 GET http://10.0.2.15:9696/v2.0/routers 0.174s
2015-12-20 08:12:32,775 20277 DEBUG    [tempest_lib.common.rest_client] Request - Headers: {'Content-Type': 'application/json', 'Accept': 'application/json', 'X-Auth-Token': '&lt;omitted&gt;'}
        Body: None
    Response - Headers: {'status': '200', 'content-length': '1041', 'content-location': 'http://10.0.2.15:9696/v2.0/routers', 'connection': 'close', 'date': 'Sun, 20 Dec 2015 08:12:32 GMT', 'content-type': 'application/json; charset=UTF-8', 'x-openstack-request-id': 'req-28b95c9e-9a29-4757-8281-859a6c12fec2'}
        Body: {"routers": [{"status": "ACTIVE", "external_gateway_info": {"network_id": "562c43d7-d76d-48f5-9b96-9f8410972875", "enable_snat": true, "external_fixed_ips": [{"subnet_id": "5492b72d-74a9-4167-9554-60ac9e1ece9c", "ip_address": "172.24.4.2"}, {"subnet_id": "ea62b231-4f71-406b-8368-2ec9cbaf95da", "ip_address": "2001:db8::1"}]}, "name": "router1", "admin_state_up": true, "tenant_id": "138c6e78e83040f18af1ea9597ebb18d", "distributed": false, "routes": [], "ha": false, "id": "43c8d793-9159-448a-b6f7-4d098b25029d"}, {"status": "ACTIVE", "external_gateway_info": {"network_id": "562c43d7-d76d-48f5-9b96-9f8410972875", "enable_snat": true, "external_fixed_ips": [{"subnet_id": "5492b72d-74a9-4167-9554-60ac9e1ece9c", "ip_address": "172.24.4.3"}, {"subnet_id": "ea62b231-4f71-406b-8368-2ec9cbaf95da", "ip_address": "2001:db8::3"}]}, "name": "tempest-router-smoke-2139394724", "admin_state_up": true, "tenant_id": "62f4e66a12c84042b588eef5f7476726", "distributed": false, "routes": [], "ha": false, "id": "92ae610e-5938-495d-ab73-bd0591928669"}]}
2015-12-20 08:12:34,312 20277 INFO     [tempest_lib.common.rest_client] Request (TestNetworkBasicOps:test_connectivity_between_vms_on_different_networks): 200 POST http://10.0.2.15:8774/v2.1/62f4e66a12c84042b588eef5f7476726/os-keypairs 1.535s
2015-12-20 08:12:34,312 20277 DEBUG    [tempest_lib.common.rest_client] Request - Headers: {'Content-Type': 'application/json', 'Accept': 'application/json', 'X-Auth-Token': '&lt;omitted&gt;'}
        Body: {"keypair": {"name": "tempest-TestNetworkBasicOps-1840367498"}}
    Response - Headers: {'status': '200', 'content-length': '2321', 'x-compute-request-id': 'req-100f9547-9d36-41b4-bdef-d90f1293b05f', 'vary': 'X-OpenStack-Nova-API-Version', 'connection': 'close', 'x-openstack-nova-api-version': '2.1', 'date': 'Sun, 20 Dec 2015 08:12:34 GMT', 'content-type': 'application/json'}
        Body: {"keypair": {"public_key": "ssh-rsa AAAAB3NzaC1yc2EAAAADAQABAAABAQCqNJLhxTwHdSIGtLANBZS1UhOEzLwOfkDYwZu9k6/E0w7k6cOA66bDeNTMOuQc0YcvHQ7n72Q/odIs3q4+EG3cvVvS1e+ZC8MsWo7U/lJ9iHMUoLf4h1j4h+hh80bmB1S0kVQiET9ZZp+shASjcUDJbRNyHMB14F7xq7ct7bI4vm17pSCgEP+sC3BYev6DOlJYICsmA51O0IS54q6IOPWMVfHHwXpse0Wyw8+qI10TduTD6szYyNi5umHuznUt3bh36zgFOZY8XEt6uUbd6qKKxAIj+kpb6vD26J2gJ6wZ11MOc7jMlhFoBYvjHzWSahne0ZgfXz9/j9J0Y+uq0+HP Generated-by-Nova", "private_key": "-----BEGIN RSA PRIVATE KEY-----\nMIIEqAIBAAKCAQEAqjSS4cU8B3UiBrSwDQWUtVIThMy8Dn5A2MGbvZOvxNMO5OnD\ngOumw3jUzDrkHNGHLx0O5+9kP6HSLN6uPhBt3L1b0tXvmQvDLFqO1P5SfYhzFKC3\n+IdY+IfoYfNG5gdUtJFUIhE/WWafrIQEo3FAyW0TchzAdeBe8au3Le2yOL5te6Ug\noBD/rAtwWHr+gzpSWCArJgOdTtCEueKuiDj1jFXxx8F6bHtFssPPqiNdE3bkw+rM\n2MjYubph7s51Ld24d+s4BTmWPFxLerlG3eqiisQCI/pKW+rw9uidoCesGddTDnO4\nzJYRaAWL4x81kmoZ3tGYH18/f4/SdGPrqtPhzwIDAQABAoIBAHcq2hACpPXft9QU\nHBLx7l1JOutG4QAQu1xHqcAAsBbRYuM5HC2eUCMZ7XuUW/Qla028PZx8CqdWqC3M\nNxizLghX9/tU2C1ChAMA4HIWIjFMIK63nDcApHVVyokR6HjTdyX5fntfsgfpBzCl\nOg4pFCAzI2NI6CNf1XnFLTqV6qs428dT1Mjvn+Nx9kh5pb34kNHKz0/paTIYd9I5\nfRDtREeqU1tVx4J6eJDKSkTOL/R5kCxj+L4m4cnlMqXpLLLT1hOWv/gOgQBgmCXJ\nJzepJOBkAv7bsYKLpxHFWVDeOq2hAGSr7Nh3ZSWunL6trOCUwHQglzMcAyj1VozV\n9deYBAECggCBAMN/Q+0AUDQ6WC+s2HI227tuviL7sqfSqvDfdS/QiOp7xnSfcuuN\n7qphD9J+yqRWsJgovnRJ5Y9ftkSWUOkb2WKMhmnNqmJHsELnfUVxmE4bVQE7nf7f\n1iGN6fwKZEsL9d8GmqEj1wySs+ZJwdnMenHAaSlXpKMckCmjc5LZX8fPAoIAgQDe\n4YHM0tmzecS9PsTi95p/70Vh3mE4ulE6uk/zodfnu3Jr27zWM/6IdFyV3W5UwUvi\nFsdhCD94rlE87FKSsV224g4iuzbBkRjp3vEmXpEjFxUjRT0WqlfDJ+q8Q2w/CfGN\n+cDWPzFN/hCei57wQAWClqIUls3XPGTF/RhYhPbGAQKCAIAPMIAyleelZzMa4S8g\nEKsZ8QzM4wmKiI/Hj1UnlehNb7iHryvaqXh1vHziOf+8rQ+jgubpWiR/80vSIGvA\n8Oz+/zQiXFx0rmU/jYTqNF1FFFKSefNYrkOQ79nSP2xzeEZuQbEZ/BLlYzCfH/Pz\n3DNXSz/genLMSZfZ5F1Cd6k9eQKCAIEAmCkQeotAgR0Sybg+pk0wN0Nc9NHjQd1B\nc3ya9NN7GQOJvEUKCJr6nKIES3QezNIiQjoW6BG/c15eq98TCH76Yc62o9N4MHIk\nthW0QOOy5mft0GSGriChReTMhrbpAaiCNtFZa2s89+gJ5JOhcJfkqyC3iqLh6J2c\nluaRZm1wJAECggCAC37hCL0VDk3jWv807Iol2uco+sAPpbVAQy1zFBG44ligK5/w\n4e1tp/NGexTB7q4VpxXFvgPNtWvxCeXKfBohzTSawTdll85KS90N9Berm6W24aRr\nwLkM6fd9wH2wNAht9iiLWaxHBwInd9DC6NS5RQUxQKdydGwGaYWqzlksgZA=\n-----END RSA PRIVATE KEY-----\n", "user_id": "6a4e3813c12b42889d3ac24f66955c1c", "name": "tempest-TestNetworkBasicOps-1840367498", "fingerprint": "e4:89:e3:2d:dc:00:54:95:e1:1c:eb:5b:56:68:c5:16"}}
2015-12-20 08:12:34,402 20277 INFO     [tempest_lib.common.rest_client] Request (TestNetworkBasicOps:test_connectivity_between_vms_on_different_networks): 200 POST http://10.0.2.15:5000/v2.0/tokens
2015-12-20 08:12:34,403 20277 DEBUG    [tempest_lib.common.rest_client] Request - Headers: {'Content-Type': 'application/json', 'Accept': 'application/json'}
        Body: &lt;omitted&gt;
    Response - Headers: {'status': '200', 'content-length': '2530', 'vary': 'X-Auth-Token', 'server': 'Apache/2.4.7 (Ubuntu)', 'connection': 'close', 'date': 'Sun, 20 Dec 2015 08:12:34 GMT', 'content-type': 'application/json', 'x-openstack-request-id': 'req-044af804-0bdb-44c5-b251-2636f2ac8fa9'}
        Body: {"access": {"token": {"issued_at": "2015-12-20T08:12:34.393811", "expires": "2015-12-20T09:12:34Z", "id": "d1af0870e3bc40fda8ec121610caa53d", "tenant": {"description": "tempest-TestNetworkBasicOps-1678351144-desc", "enabled": true, "id": "62f4e66a12c84042b588eef5f7476726", "name": "tempest-TestNetworkBasicOps-1678351144"}, "audit_ids": ["1I5erH3cTJqzXsgxzcSbFA"]}, "serviceCatalog": [{"endpoints": [{"adminURL": "http://10.0.2.15:8774/v2.1/62f4e66a12c84042b588eef5f7476726", "region": "RegionOne", "internalURL": "http://10.0.2.15:8774/v2.1/62f4e66a12c84042b588eef5f7476726", "id": "00e7eb35ed794e7288ee595dc8bf0caf", "publicURL": "http://10.0.2.15:8774/v2.1/62f4e66a12c84042b588eef5f7476726"}], "endpoints_links": [], "type": "compute", "name": "nova"}, {"endpoints": [{"adminURL": "http://10.0.2.15:9696/", "region": "RegionOne", "internalURL": "http://10.0.2.15:9696/", "id": "1a3d64ff8b0f4a10acfa9cdc9f836f5f", "publicURL": "http://10.0.2.15:9696/"}], "endpoints_links": [], "type": "network", "name": "neutron"}, {"endpoints": [{"adminURL": "http://10.0.2.15:9292", "region": "RegionOne", "internalURL": "http://10.0.2.15:9292", "id": "0b420973eab3403daf1d8f3388682ca1", "publicURL": "http://10.0.2.15:9292"}], "endpoints_links": [], "type": "image", "name": "glance"}, {"endpoints": [{"adminURL": "http://10.0.2.15:8774/v2/62f4e66a12c84042b588eef5f7476726", "region": "RegionOne", "internalURL": "http://10.0.2.15:8774/v2/62f4e66a12c84042b588eef5f7476726", "id": "3e6b42bd7d27491789a93781fddebcaf", "publicURL": "http://10.0.2.15:8774/v2/62f4e66a12c84042b588eef5f7476726"}], "endpoints_links": [], "type": "compute_legacy", "name": "nova_legacy"}, {"endpoints": [{"adminURL": "http://10.0.2.15:8773/", "region": "RegionOne", "internalURL": "http://10.0.2.15:8773/", "id": "e38ff1079d914535971926547d926d37", "publicURL": "http://10.0.2.15:8773/"}], "endpoints_links": [], "type": "ec2", "name": "ec2"}, {"endpoints": [{"adminURL": "http://10.0.2.15:35357/v2.0", "region": "RegionOne", "internalURL": "http://10.0.2.15:5000/v2.0", "id": "088095f397504eecb45b8fbff2113db2", "publicURL": "http://10.0.2.15:5000/v2.0"}], "endpoints_links": [], "type": "identity", "name": "keystone"}], "user": {"username": "tempest-TestNetworkBasicOps-1970584310", "roles_links": [], "id": "6a4e3813c12b42889d3ac24f66955c1c", "roles": [{"name": "Member"}, {"name": "_member_"}], "name": "tempest-TestNetworkBasicOps-1970584310"}, "metadata": {"is_admin": 0, "roles": ["73a1b179e13b4b2c987a3e8a0cec819f", "9fe2ff9ee4384b1894a90878d3e92bab"]}}}
2015-12-20 08:12:34,407 20277 DEBUG    [tempest.common.fixed_network] (TestNetworkBasicOps:test_connectivity_between_vms_on_different_networks) No valid network provided or created, defaulting to fixed_network_name
2015-12-20 08:12:34,706 20277 INFO     [tempest_lib.common.rest_client] Request (TestNetworkBasicOps:test_connectivity_between_vms_on_different_networks): 200 GET http://10.0.2.15:8774/v2.1/62f4e66a12c84042b588eef5f7476726/os-networks 0.299s
2015-12-20 08:12:34,707 20277 DEBUG    [tempest_lib.common.rest_client] Request - Headers: {'Content-Type': 'application/json', 'Accept': 'application/json', 'X-Auth-Token': '&lt;omitted&gt;'}
        Body: None
    Response - Headers: {'status': '200', 'content-length': '479', 'content-location': 'http://10.0.2.15:8774/v2.1/62f4e66a12c84042b588eef5f7476726/os-networks', 'x-compute-request-id': 'req-c70f7730-3e38-45f0-aa1f-5d8860d63035', 'vary': 'X-OpenStack-Nova-API-Version', 'connection': 'close', 'x-openstack-nova-api-version': '2.1', 'date': 'Sun, 20 Dec 2015 08:12:34 GMT', 'content-type': 'application/json'}
        Body: {"networks": [{"cidr_v6": null, "dns2": null, "dns1": null, "gateway": null, "broadcast": null, "netmask": null, "gateway_v6": null, "cidr": null, "label": "public", "id": "562c43d7-d76d-48f5-9b96-9f8410972875", "netmask_v6": null}, {"cidr_v6": null, "dns2": null, "dns1": null, "gateway": null, "broadcast": null, "netmask": null, "gateway_v6": null, "cidr": null, "label": "tempest-network-smoke--2032933512", "id": "165d8f1c-b78a-41ad-ab0e-75398a67c464", "netmask_v6": null}]}
2015-12-20 08:12:34,707 20277 WARNING  [tempest.common.fixed_network] (TestNetworkBasicOps:test_connectivity_between_vms_on_different_networks) Network with name: private not found
2015-12-20 08:12:34,707 20277 INFO     [tempest.common.fixed_network] (TestNetworkBasicOps:test_connectivity_between_vms_on_different_networks) Found network {} available for tenant
2015-12-20 08:12:35,984 20277 INFO     [tempest_lib.common.rest_client] Request (TestNetworkBasicOps:test_connectivity_between_vms_on_different_networks): 202 POST http://10.0.2.15:8774/v2.1/62f4e66a12c84042b588eef5f7476726/servers 1.275s
2015-12-20 08:12:35,985 20277 DEBUG    [tempest_lib.common.rest_client] Request - Headers: {'Content-Type': 'application/json', 'Accept': 'application/json', 'X-Auth-Token': '&lt;omitted&gt;'}
        Body: {"server": {"name": "tempest.common.compute-instance-1272267663", "imageRef": "ff8b08a4-793a-42b5-a047-b2c32a6ebaaf", "key_name": "tempest-TestNetworkBasicOps-1840367498", "flavorRef": "42", "networks": [{"uuid": "165d8f1c-b78a-41ad-ab0e-75398a67c464"}], "security_groups": [{"name": "tempest-secgroup-smoke-1436987890"}]}}
    Response - Headers: {'status': '202', 'content-length': '462', 'x-compute-request-id': 'req-ca2eb6dc-675b-41a5-93f1-91fd36360c4c', 'vary': 'X-OpenStack-Nova-API-Version', 'connection': 'close', 'location': 'http://10.0.2.15:8774/v2.1/62f4e66a12c84042b588eef5f7476726/servers/0f0664e6-93ed-4cae-98c0-857e38ce3a08', 'x-openstack-nova-api-version': '2.1', 'date': 'Sun, 20 Dec 2015 08:12:35 GMT', 'content-type': 'application/json'}
        Body: {"server": {"security_groups": [{"name": "tempest-secgroup-smoke-1436987890"}], "OS-DCF:diskConfig": "MANUAL", "id": "0f0664e6-93ed-4cae-98c0-857e38ce3a08", "links": [{"href": "http://10.0.2.15:8774/v2.1/62f4e66a12c84042b588eef5f7476726/servers/0f0664e6-93ed-4cae-98c0-857e38ce3a08", "rel": "self"}, {"href": "http://10.0.2.15:8774/62f4e66a12c84042b588eef5f7476726/servers/0f0664e6-93ed-4cae-98c0-857e38ce3a08", "rel": "bookmark"}], "adminPass": "D45mxQyRnLf3"}}
2015-12-20 08:12:36,120 20277 INFO     [tempest_lib.common.rest_client] Request (TestNetworkBasicOps:test_connectivity_between_vms_on_different_networks): 200 GET http://10.0.2.15:8774/v2.1/62f4e66a12c84042b588eef5f7476726/servers/0f0664e6-93ed-4cae-98c0-857e38ce3a08 0.130s
2015-12-20 08:12:36,120 20277 DEBUG    [tempest_lib.common.rest_client] Request - Headers: {'Content-Type': 'application/json', 'Accept': 'application/json', 'X-Auth-Token': '&lt;omitted&gt;'}
        Body: None
    Response - Headers: {'status': '200', 'content-length': '1356', 'content-location': 'http://10.0.2.15:8774/v2.1/62f4e66a12c84042b588eef5f7476726/servers/0f0664e6-93ed-4cae-98c0-857e38ce3a08', 'x-compute-request-id': 'req-bf48afb3-dd74-4952-b42d-99c0417338b1', 'vary': 'X-OpenStack-Nova-API-Version', 'connection': 'close', 'x-openstack-nova-api-version': '2.1', 'date': 'Sun, 20 Dec 2015 08:12:36 GMT', 'content-type': 'application/json'}
        Body: {"server": {"status": "BUILD", "updated": "2015-12-20T08:12:36Z", "hostId": "", "addresses": {}, "links": [{"href": "http://10.0.2.15:8774/v2.1/62f4e66a12c84042b588eef5f7476726/servers/0f0664e6-93ed-4cae-98c0-857e38ce3a08", "rel": "self"}, {"href": "http://10.0.2.15:8774/62f4e66a12c84042b588eef5f7476726/servers/0f0664e6-93ed-4cae-98c0-857e38ce3a08", "rel": "bookmark"}], "key_name": "tempest-TestNetworkBasicOps-1840367498", "image": {"id": "ff8b08a4-793a-42b5-a047-b2c32a6ebaaf", "links": [{"href": "http://10.0.2.15:8774/62f4e66a12c84042b588eef5f7476726/images/ff8b08a4-793a-42b5-a047-b2c32a6ebaaf", "rel": "bookmark"}]}, "OS-EXT-STS:task_state": "scheduling", "OS-EXT-STS:vm_state": "building", "OS-SRV-USG:launched_at": null, "flavor": {"id": "42", "links": [{"href": "http://10.0.2.15:8774/62f4e66a12c84042b588eef5f7476726/flavors/42", "rel": "bookmark"}]}, "id": "0f0664e6-93ed-4cae-98c0-857e38ce3a08", "OS-SRV-USG:terminated_at": null, "OS-EXT-AZ:availability_zone": "", "user_id": "6a4e3813c12b42889d3ac24f66955c1c", "name": "tempest.common.compute-instance-1272267663", "created": "2015-12-20T08:12:35Z", "tenant_id": "62f4e66a12c84042b588eef5f7476726", "OS-DCF:diskConfig": "MANUAL", "os-extended-volumes:volumes_attached": [], "accessIPv4": "", "accessIPv6": "", "progress": 0, "OS-EXT-STS:power_state": 0, "config_drive": "", "metadata": {}}}
2015-12-20 08:12:37,338 20277 INFO     [tempest_lib.common.rest_client] Request (TestNetworkBasicOps:test_connectivity_between_vms_on_different_networks): 200 GET http://10.0.2.15:8774/v2.1/62f4e66a12c84042b588eef5f7476726/servers/0f0664e6-93ed-4cae-98c0-857e38ce3a08 0.206s
2015-12-20 08:12:37,338 20277 DEBUG    [tempest_lib.common.rest_client] Request - Headers: {'Content-Type': 'application/json', 'Accept': 'application/json', 'X-Auth-Token': '&lt;omitted&gt;'}
        Body: None
    Response - Headers: {'status': '200', 'content-length': '1482', 'content-location': 'http://10.0.2.15:8774/v2.1/62f4e66a12c84042b588eef5f7476726/servers/0f0664e6-93ed-4cae-98c0-857e38ce3a08', 'x-compute-request-id': 'req-8e348cac-3742-4304-ac9c-c2eaf746e372', 'vary': 'X-OpenStack-Nova-API-Version', 'connection': 'close', 'x-openstack-nova-api-version': '2.1', 'date': 'Sun, 20 Dec 2015 08:12:37 GMT', 'content-type': 'application/json'}
        Body: {"server": {"status": "BUILD", "updated": "2015-12-20T08:12:36Z", "hostId": "d209e287b3d5fa7562b3fcfc205c0687a360038685bcb005df2b3d04", "addresses": {}, "links": [{"href": "http://10.0.2.15:8774/v2.1/62f4e66a12c84042b588eef5f7476726/servers/0f0664e6-93ed-4cae-98c0-857e38ce3a08", "rel": "self"}, {"href": "http://10.0.2.15:8774/62f4e66a12c84042b588eef5f7476726/servers/0f0664e6-93ed-4cae-98c0-857e38ce3a08", "rel": "bookmark"}], "key_name": "tempest-TestNetworkBasicOps-1840367498", "image": {"id": "ff8b08a4-793a-42b5-a047-b2c32a6ebaaf", "links": [{"href": "http://10.0.2.15:8774/62f4e66a12c84042b588eef5f7476726/images/ff8b08a4-793a-42b5-a047-b2c32a6ebaaf", "rel": "bookmark"}]}, "OS-EXT-STS:task_state": "spawning", "OS-EXT-STS:vm_state": "building", "OS-SRV-USG:launched_at": null, "flavor": {"id": "42", "links": [{"href": "http://10.0.2.15:8774/62f4e66a12c84042b588eef5f7476726/flavors/42", "rel": "bookmark"}]}, "id": "0f0664e6-93ed-4cae-98c0-857e38ce3a08", "security_groups": [{"name": "tempest-secgroup-smoke-1436987890"}], "OS-SRV-USG:terminated_at": null, "OS-EXT-AZ:availability_zone": "nova", "user_id": "6a4e3813c12b42889d3ac24f66955c1c", "name": "tempest.common.compute-instance-1272267663", "created": "2015-12-20T08:12:35Z", "tenant_id": "62f4e66a12c84042b588eef5f7476726", "OS-DCF:diskConfig": "MANUAL", "os-extended-volumes:volumes_attached": [], "accessIPv4": "", "accessIPv6": "", "progress": 0, "OS-EXT-STS:power_state": 0, "config_drive": "", "metadata": {}}}
2015-12-20 08:12:37,347 20277 INFO     [tempest.common.waiters] State transition "BUILD/scheduling" ==&gt; "BUILD/spawning" after 1 second wait
2015-12-20 08:12:38,564 20277 INFO     [tempest_lib.common.rest_client] Request (TestNetworkBasicOps:test_connectivity_between_vms_on_different_networks): 200 GET http://10.0.2.15:8774/v2.1/62f4e66a12c84042b588eef5f7476726/servers/0f0664e6-93ed-4cae-98c0-857e38ce3a08 0.215s
2015-12-20 08:12:38,565 20277 DEBUG    [tempest_lib.common.rest_client] Request - Headers: {'Content-Type': 'application/json', 'Accept': 'application/json', 'X-Auth-Token': '&lt;omitted&gt;'}
        Body: None
    Response - Headers: {'status': '200', 'content-length': '1482', 'content-location': 'http://10.0.2.15:8774/v2.1/62f4e66a12c84042b588eef5f7476726/servers/0f0664e6-93ed-4cae-98c0-857e38ce3a08', 'x-compute-request-id': 'req-28d63d4f-4941-4181-a65f-18a25eedc051', 'vary': 'X-OpenStack-Nova-API-Version', 'connection': 'close', 'x-openstack-nova-api-version': '2.1', 'date': 'Sun, 20 Dec 2015 08:12:38 GMT', 'content-type': 'application/json'}
        Body: {"server": {"status": "BUILD", "updated": "2015-12-20T08:12:36Z", "hostId": "d209e287b3d5fa7562b3fcfc205c0687a360038685bcb005df2b3d04", "addresses": {}, "links": [{"href": "http://10.0.2.15:8774/v2.1/62f4e66a12c84042b588eef5f7476726/servers/0f0664e6-93ed-4cae-98c0-857e38ce3a08", "rel": "self"}, {"href": "http://10.0.2.15:8774/62f4e66a12c84042b588eef5f7476726/servers/0f0664e6-93ed-4cae-98c0-857e38ce3a08", "rel": "bookmark"}], "key_name": "tempest-TestNetworkBasicOps-1840367498", "image": {"id": "ff8b08a4-793a-42b5-a047-b2c32a6ebaaf", "links": [{"href": "http://10.0.2.15:8774/62f4e66a12c84042b588eef5f7476726/images/ff8b08a4-793a-42b5-a047-b2c32a6ebaaf", "rel": "bookmark"}]}, "OS-EXT-STS:task_state": "spawning", "OS-EXT-STS:vm_state": "building", "OS-SRV-USG:launched_at": null, "flavor": {"id": "42", "links": [{"href": "http://10.0.2.15:8774/62f4e66a12c84042b588eef5f7476726/flavors/42", "rel": "bookmark"}]}, "id": "0f0664e6-93ed-4cae-98c0-857e38ce3a08", "security_groups": [{"name": "tempest-secgroup-smoke-1436987890"}], "OS-SRV-USG:terminated_at": null, "OS-EXT-AZ:availability_zone": "nova", "user_id": "6a4e3813c12b42889d3ac24f66955c1c", "name": "tempest.common.compute-instance-1272267663", "created": "2015-12-20T08:12:35Z", "tenant_id": "62f4e66a12c84042b588eef5f7476726", "OS-DCF:diskConfig": "MANUAL", "os-extended-volumes:volumes_attached": [], "accessIPv4": "", "accessIPv6": "", "progress": 0, "OS-EXT-STS:power_state": 0, "config_drive": "", "metadata": {}}}
2015-12-20 08:12:39,751 20277 INFO     [tempest_lib.common.rest_client] Request (TestNetworkBasicOps:test_connectivity_between_vms_on_different_networks): 200 GET http://10.0.2.15:8774/v2.1/62f4e66a12c84042b588eef5f7476726/servers/0f0664e6-93ed-4cae-98c0-857e38ce3a08 0.175s
2015-12-20 08:12:39,751 20277 DEBUG    [tempest_lib.common.rest_client] Request - Headers: {'Content-Type': 'application/json', 'Accept': 'application/json', 'X-Auth-Token': '&lt;omitted&gt;'}
        Body: None
    Response - Headers: {'status': '200', 'content-length': '1654', 'content-location': 'http://10.0.2.15:8774/v2.1/62f4e66a12c84042b588eef5f7476726/servers/0f0664e6-93ed-4cae-98c0-857e38ce3a08', 'x-compute-request-id': 'req-9dd81dfe-6597-421a-aa23-c6edfc62049f', 'vary': 'X-OpenStack-Nova-API-Version', 'connection': 'close', 'x-openstack-nova-api-version': '2.1', 'date': 'Sun, 20 Dec 2015 08:12:39 GMT', 'content-type': 'application/json'}
        Body: {"server": {"status": "ACTIVE", "updated": "2015-12-20T08:12:39Z", "hostId": "d209e287b3d5fa7562b3fcfc205c0687a360038685bcb005df2b3d04", "addresses": {"tempest-network-smoke--2032933512": [{"OS-EXT-IPS-MAC:mac_addr": "fa:16:3e:bb:54:9b", "version": 4, "addr": "10.100.0.3", "OS-EXT-IPS:type": "fixed"}]}, "links": [{"href": "http://10.0.2.15:8774/v2.1/62f4e66a12c84042b588eef5f7476726/servers/0f0664e6-93ed-4cae-98c0-857e38ce3a08", "rel": "self"}, {"href": "http://10.0.2.15:8774/62f4e66a12c84042b588eef5f7476726/servers/0f0664e6-93ed-4cae-98c0-857e38ce3a08", "rel": "bookmark"}], "key_name": "tempest-TestNetworkBasicOps-1840367498", "image": {"id": "ff8b08a4-793a-42b5-a047-b2c32a6ebaaf", "links": [{"href": "http://10.0.2.15:8774/62f4e66a12c84042b588eef5f7476726/images/ff8b08a4-793a-42b5-a047-b2c32a6ebaaf", "rel": "bookmark"}]}, "OS-EXT-STS:task_state": null, "OS-EXT-STS:vm_state": "active", "OS-SRV-USG:launched_at": "2015-12-20T08:12:39.000000", "flavor": {"id": "42", "links": [{"href": "http://10.0.2.15:8774/62f4e66a12c84042b588eef5f7476726/flavors/42", "rel": "bookmark"}]}, "id": "0f0664e6-93ed-4cae-98c0-857e38ce3a08", "security_groups": [{"name": "tempest-secgroup-smoke-1436987890"}], "OS-SRV-USG:terminated_at": null, "OS-EXT-AZ:availability_zone": "nova", "user_id": "6a4e3813c12b42889d3ac24f66955c1c", "name": "tempest.common.compute-instance-1272267663", "created": "2015-12-20T08:12:35Z", "tenant_id": "62f4e66a12c84042b588eef5f7476726", "OS-DCF:diskConfig": "MANUAL", "os-extended-volumes:volumes_attached": [], "accessIPv4": "", "accessIPv6": "", "progress": 0, "OS-EXT-STS:power_state": 1, "config_drive": "True", "metadata": {}}}
2015-12-20 08:12:39,760 20277 INFO     [tempest.common.waiters] State transition "BUILD/spawning" ==&gt; "ACTIVE/None" after 3 second wait
2015-12-20 08:12:39,936 20277 INFO     [tempest_lib.common.rest_client] Request (TestNetworkBasicOps:test_connectivity_between_vms_on_different_networks): 200 GET http://10.0.2.15:8774/v2.1/62f4e66a12c84042b588eef5f7476726/servers/0f0664e6-93ed-4cae-98c0-857e38ce3a08 0.176s
2015-12-20 08:12:39,937 20277 DEBUG    [tempest_lib.common.rest_client] Request - Headers: {'Content-Type': 'application/json', 'Accept': 'application/json', 'X-Auth-Token': '&lt;omitted&gt;'}
        Body: None
    Response - Headers: {'status': '200', 'content-length': '1654', 'content-location': 'http://10.0.2.15:8774/v2.1/62f4e66a12c84042b588eef5f7476726/servers/0f0664e6-93ed-4cae-98c0-857e38ce3a08', 'x-compute-request-id': 'req-d6b99d0b-326a-4f5c-aab7-76224b4adc02', 'vary': 'X-OpenStack-Nova-API-Version', 'connection': 'close', 'x-openstack-nova-api-version': '2.1', 'date': 'Sun, 20 Dec 2015 08:12:39 GMT', 'content-type': 'application/json'}
        Body: {"server": {"status": "ACTIVE", "updated": "2015-12-20T08:12:39Z", "hostId": "d209e287b3d5fa7562b3fcfc205c0687a360038685bcb005df2b3d04", "addresses": {"tempest-network-smoke--2032933512": [{"OS-EXT-IPS-MAC:mac_addr": "fa:16:3e:bb:54:9b", "version": 4, "addr": "10.100.0.3", "OS-EXT-IPS:type": "fixed"}]}, "links": [{"href": "http://10.0.2.15:8774/v2.1/62f4e66a12c84042b588eef5f7476726/servers/0f0664e6-93ed-4cae-98c0-857e38ce3a08", "rel": "self"}, {"href": "http://10.0.2.15:8774/62f4e66a12c84042b588eef5f7476726/servers/0f0664e6-93ed-4cae-98c0-857e38ce3a08", "rel": "bookmark"}], "key_name": "tempest-TestNetworkBasicOps-1840367498", "image": {"id": "ff8b08a4-793a-42b5-a047-b2c32a6ebaaf", "links": [{"href": "http://10.0.2.15:8774/62f4e66a12c84042b588eef5f7476726/images/ff8b08a4-793a-42b5-a047-b2c32a6ebaaf", "rel": "bookmark"}]}, "OS-EXT-STS:task_state": null, "OS-EXT-STS:vm_state": "active", "OS-SRV-USG:launched_at": "2015-12-20T08:12:39.000000", "flavor": {"id": "42", "links": [{"href": "http://10.0.2.15:8774/62f4e66a12c84042b588eef5f7476726/flavors/42", "rel": "bookmark"}]}, "id": "0f0664e6-93ed-4cae-98c0-857e38ce3a08", "security_groups": [{"name": "tempest-secgroup-smoke-1436987890"}], "OS-SRV-USG:terminated_at": null, "OS-EXT-AZ:availability_zone": "nova", "user_id": "6a4e3813c12b42889d3ac24f66955c1c", "name": "tempest.common.compute-instance-1272267663", "created": "2015-12-20T08:12:35Z", "tenant_id": "62f4e66a12c84042b588eef5f7476726", "OS-DCF:diskConfig": "MANUAL", "os-extended-volumes:volumes_attached": [], "accessIPv4": "", "accessIPv6": "", "progress": 0, "OS-EXT-STS:power_state": 1, "config_drive": "True", "metadata": {}}}
2015-12-20 08:12:39,946 20277 INFO     [tempest.scenario.manager] Tenant networks not configured to be reachable.
2015-12-20 08:12:40,052 20277 INFO     [tempest_lib.common.rest_client] Request (TestNetworkBasicOps:test_connectivity_between_vms_on_different_networks): 200 GET http://10.0.2.15:9696/v2.0/ports?status=ACTIVE&amp;fixed_ip=None&amp;device_id=0f0664e6-93ed-4cae-98c0-857e38ce3a08 0.105s
2015-12-20 08:12:40,052 20277 DEBUG    [tempest_lib.common.rest_client] Request - Headers: {'Content-Type': 'application/json', 'Accept': 'application/json', 'X-Auth-Token': '&lt;omitted&gt;'}
        Body: None
    Response - Headers: {'status': '200', 'content-length': '895', 'content-location': 'http://10.0.2.15:9696/v2.0/ports?status=ACTIVE&amp;fixed_ip=None&amp;device_id=0f0664e6-93ed-4cae-98c0-857e38ce3a08', 'connection': 'close', 'date': 'Sun, 20 Dec 2015 08:12:40 GMT', 'content-type': 'application/json; charset=UTF-8', 'x-openstack-request-id': 'req-f50d7bb9-50d0-4093-baba-8cad51d5258e'}
        Body: {"ports": [{"status": "ACTIVE", "binding:host_id": "vagrant-ubuntu-trusty-64", "allowed_address_pairs": [], "extra_dhcp_opts": [], "dns_assignment": [{"hostname": "host-10-100-0-3", "ip_address": "10.100.0.3", "fqdn": "host-10-100-0-3.openstacklocal."}], "device_owner": "compute:None", "port_security_enabled": true, "binding:profile": {}, "fixed_ips": [{"subnet_id": "231c7a58-ba77-4ae3-a9b5-ac0242dc115e", "ip_address": "10.100.0.3"}], "id": "921e39f8-5803-4f3d-b708-6bfcc024685a", "security_groups": ["4a61f3e0-443d-48fb-bacf-99f2f51458f5"], "device_id": "0f0664e6-93ed-4cae-98c0-857e38ce3a08", "name": "", "admin_state_up": true, "network_id": "165d8f1c-b78a-41ad-ab0e-75398a67c464", "dns_name": "", "binding:vif_details": {"port_filter": true}, "binding:vnic_type": "normal", "binding:vif_type": "ovs", "tenant_id": "62f4e66a12c84042b588eef5f7476726", "mac_address": "fa:16:3e:bb:54:9b"}]}
2015-12-20 08:12:40,472 20277 INFO     [tempest_lib.common.rest_client] Request (TestNetworkBasicOps:test_connectivity_between_vms_on_different_networks): 201 POST http://10.0.2.15:9696/v2.0/floatingips 0.419s
2015-12-20 08:12:40,473 20277 DEBUG    [tempest_lib.common.rest_client] Request - Headers: {'Content-Type': 'application/json', 'Accept': 'application/json', 'X-Auth-Token': '&lt;omitted&gt;'}
        Body: {"floatingip": {"floating_network_id": "562c43d7-d76d-48f5-9b96-9f8410972875", "tenant_id": "62f4e66a12c84042b588eef5f7476726", "fixed_ip_address": "10.100.0.3", "port_id": "921e39f8-5803-4f3d-b708-6bfcc024685a"}}
    Response - Headers: {'status': '201', 'content-length': '367', 'connection': 'close', 'date': 'Sun, 20 Dec 2015 08:12:40 GMT', 'content-type': 'application/json; charset=UTF-8', 'x-openstack-request-id': 'req-e4f50329-1c18-494f-adc1-d27487a3e0a8'}
        Body: {"floatingip": {"floating_network_id": "562c43d7-d76d-48f5-9b96-9f8410972875", "router_id": "92ae610e-5938-495d-ab73-bd0591928669", "fixed_ip_address": "10.100.0.3", "floating_ip_address": "172.24.4.4", "tenant_id": "62f4e66a12c84042b588eef5f7476726", "status": "DOWN", "port_id": "921e39f8-5803-4f3d-b708-6bfcc024685a", "id": "22aa78ef-2a60-48b2-bcf8-3aed701c43d9"}}
2015-12-20 08:12:40,485 20277 INFO     [tempest_lib.common.rest_client] Request (TestNetworkBasicOps:test_connectivity_between_vms_on_different_networks): 200 GET http://10.0.2.15:9696/v2.0/floatingips/22aa78ef-2a60-48b2-bcf8-3aed701c43d9 0.011s
2015-12-20 08:12:40,486 20277 DEBUG    [tempest_lib.common.rest_client] Request - Headers: {'Content-Type': 'application/json', 'Accept': 'application/json', 'X-Auth-Token': '&lt;omitted&gt;'}
        Body: None
    Response - Headers: {'status': '200', 'content-length': '367', 'content-location': 'http://10.0.2.15:9696/v2.0/floatingips/22aa78ef-2a60-48b2-bcf8-3aed701c43d9', 'connection': 'close', 'date': 'Sun, 20 Dec 2015 08:12:40 GMT', 'content-type': 'application/json; charset=UTF-8', 'x-openstack-request-id': 'req-af488ed8-335b-417c-bc5c-25d02fff3f82'}
        Body: {"floatingip": {"floating_network_id": "562c43d7-d76d-48f5-9b96-9f8410972875", "router_id": "92ae610e-5938-495d-ab73-bd0591928669", "fixed_ip_address": "10.100.0.3", "floating_ip_address": "172.24.4.4", "tenant_id": "62f4e66a12c84042b588eef5f7476726", "status": "DOWN", "port_id": "921e39f8-5803-4f3d-b708-6bfcc024685a", "id": "22aa78ef-2a60-48b2-bcf8-3aed701c43d9"}}
2015-12-20 08:12:41,499 20277 INFO     [tempest_lib.common.rest_client] Request (TestNetworkBasicOps:test_connectivity_between_vms_on_different_networks): 200 GET http://10.0.2.15:9696/v2.0/floatingips/22aa78ef-2a60-48b2-bcf8-3aed701c43d9 0.011s
2015-12-20 08:12:41,499 20277 DEBUG    [tempest_lib.common.rest_client] Request - Headers: {'Content-Type': 'application/json', 'Accept': 'application/json', 'X-Auth-Token': '&lt;omitted&gt;'}
        Body: None
    Response - Headers: {'status': '200', 'content-length': '369', 'content-location': 'http://10.0.2.15:9696/v2.0/floatingips/22aa78ef-2a60-48b2-bcf8-3aed701c43d9', 'connection': 'close', 'date': 'Sun, 20 Dec 2015 08:12:41 GMT', 'content-type': 'application/json; charset=UTF-8', 'x-openstack-request-id': 'req-6c8e1ca4-a684-43c9-8a05-074e03b378ff'}
        Body: {"floatingip": {"floating_network_id": "562c43d7-d76d-48f5-9b96-9f8410972875", "router_id": "92ae610e-5938-495d-ab73-bd0591928669", "fixed_ip_address": "10.100.0.3", "floating_ip_address": "172.24.4.4", "tenant_id": "62f4e66a12c84042b588eef5f7476726", "status": "ACTIVE", "port_id": "921e39f8-5803-4f3d-b708-6bfcc024685a", "id": "22aa78ef-2a60-48b2-bcf8-3aed701c43d9"}}
2015-12-20 08:12:41,500 20277 INFO     [tempest.scenario.manager] FloatingIP: &lt;"FloatingIP" addr="172.24.4.4" id="22aa78ef-2a60-48b2-bcf8-3aed701c43d9"&gt; is at status: ACTIVE
2015-12-20 08:12:41,500 20277 DEBUG    [tempest.scenario.manager] checking network connections to IP 172.24.4.4 with user: cirros
2015-12-20 08:12:41,500 20277 DEBUG    [tempest.scenario.manager] TestNetworkBasicOps:test_connectivity_between_vms_on_different_networks begins to ping 172.24.4.4 in 120 sec and the expected result is reachable
2015-12-20 08:14:41,795 20277 DEBUG    [tempest.scenario.manager] TestNetworkBasicOps:test_connectivity_between_vms_on_different_networks finishes ping 172.24.4.4 in 120 sec and the ping result is unexpected
2015-12-20 08:14:41,796 20277 ERROR    [tempest.scenario.manager] Public network connectivity check failed
2015-12-20 08:14:41.796 20277 ERROR tempest.scenario.manager Traceback (most recent call last):
2015-12-20 08:14:41.796 20277 ERROR tempest.scenario.manager   File "tempest/scenario/manager.py", line 608, in check_public_network_connectivity
2015-12-20 08:14:41.796 20277 ERROR tempest.scenario.manager     should_connect=should_connect)
2015-12-20 08:14:41.796 20277 ERROR tempest.scenario.manager   File "tempest/scenario/manager.py", line 592, in check_vm_connectivity
2015-12-20 08:14:41.796 20277 ERROR tempest.scenario.manager     msg=msg)
2015-12-20 08:14:41.796 20277 ERROR tempest.scenario.manager   File "/usr/local/lib/python2.7/dist-packages/unittest2/case.py", line 702, in assertTrue
2015-12-20 08:14:41.796 20277 ERROR tempest.scenario.manager     raise self.failureException(msg)
2015-12-20 08:14:41.796 20277 ERROR tempest.scenario.manager AssertionError: False is not true : Timed out waiting for 172.24.4.4 to become reachable
2015-12-20 08:14:41.796 20277 ERROR tempest.scenario.manager 
2015-12-20 08:14:42,045 20277 INFO     [tempest_lib.common.rest_client] Request (TestNetworkBasicOps:test_connectivity_between_vms_on_different_networks): 200 POST http://10.0.2.15:8774/v2.1/62f4e66a12c84042b588eef5f7476726/servers/0f0664e6-93ed-4cae-98c0-857e38ce3a08/action 0.246s
2015-12-20 08:14:42,046 20277 DEBUG    [tempest_lib.common.rest_client] Request - Headers: {'Content-Type': 'application/json', 'Accept': 'application/json', 'X-Auth-Token': '&lt;omitted&gt;'}
        Body: {"os-getConsoleOutput": {}}
    Response - Headers: {'status': '200', 'content-length': '17466', 'x-compute-request-id': 'req-ffe2cfdb-6980-40eb-b538-5f3a58b9c487', 'vary': 'X-OpenStack-Nova-API-Version', 'connection': 'close', 'x-openstack-nova-api-version': '2.1', 'date': 'Sun, 20 Dec 2015 08:14:42 GMT', 'content-type': 'application/json'}
        Body: {"output": "[    0.000000] Initializing cgroup subsys cpuset\n[    0.000000] Initializing cgroup subsys cpu\n[    0.000000] Linux version 3.2.0-80-virtual (buildd@batsu) (gcc version 4.6.3 (Ubuntu/Linaro 4.6.3-1ubuntu5) ) #116-Ubuntu SMP Mon Mar 23 17:28:52 UTC 2015 (Ubuntu 3.2.0-80.116-virtual 3.2.68)\n[    0.000000] Command line: root=/dev/vda console=tty0 console=ttyS0 no_timer_check\n[    0.000000] KERNEL supported cpus:\n[    0.000000]   Intel GenuineIntel\n[    0.000000]   AMD AuthenticAMD\n[    0.000000]   Centaur CentaurHauls\n[    0.000000] BIOS-provided physical RAM map:\n[    0.000000]  BIOS-e820: 0000000000000000 - 000000000009fc00 (usable)\n[    0.000000]  BIOS-e820: 000000000009fc00 - 00000000000a0000 (reserved)\n[    0.000000]  BIOS-e820: 00000000000f0000 - 0000000000100000 (reserved)\n[    0.000000]  BIOS-e820: 0000000000100000 - 0000000003ffe000 (usable)\n[    0.000000]  BIOS-e820: 0000000003ffe000 - 0000000004000000 (reserved)\n[    0.000000]  BIOS-e820: 00000000fffc0000 - 0000000100000000 (reserved)\n[    0.000000] NX (Execute Disable) protection: active\n[    0.000000] SMBIOS 2.4 present.\n[    0.000000] No AGP bridge found\n[    0.000000] last_pfn = 0x3ffe max_arch_pfn = 0x400000000\n[    0.000000] x86 PAT enabled: cpu 0, old 0x7040600070406, new 0x7010600070106\n[    0.000000] found SMP MP-table at [ffff8800000f0b00] f0b00\n[    0.000000] init_memory_mapping: 0000000000000000-0000000003ffe000\n[    0.000000] RAMDISK: 03c5e000 - 03ff0000\n[    0.000000] ACPI: RSDP 00000000000f0950 00014 (v00 BOCHS )\n[    0.000000] ACPI: RSDT 0000000003fffbc1 00034 (v01 BOCHS  BXPCRSDT 00000001 BXPC 00000001)\n[    0.000000] ACPI: FACP 0000000003fff1c0 00074 (v01 BOCHS  BXPCFACP 00000001 BXPC 00000001)\n[    0.000000] ACPI: DSDT 0000000003ffe040 01180 (v01 BOCHS  BXPCDSDT 00000001 BXPC 00000001)\n[    0.000000] ACPI: FACS 0000000003ffe000 00040\n[    0.000000] ACPI: SSDT 0000000003fff234 008DD (v01 BOCHS  BXPCSSDT 00000001 BXPC 00000001)\n[    0.000000] ACPI: APIC 0000000003fffb11 00078 (v01 BOCHS  BXPCAPIC 00000001 BXPC 00000001)\n[    0.000000] ACPI: HPET 0000000003fffb89 00038 (v01 BOCHS  BXPCHPET 00000001 BXPC 00000001)\n[    0.000000] No NUMA configuration found\n[    0.000000] Faking a node at 0000000000000000-0000000003ffe000\n[    0.000000] Initmem setup node 0 0000000000000000-0000000003ffe000\n[    0.000000]   NODE_DATA [0000000003ff6000 - 0000000003ffafff]\n[    0.000000] Zone PFN ranges:\n[    0.000000]   DMA      0x00000010 -&gt; 0x00001000\n[    0.000000]   DMA32    0x00001000 -&gt; 0x00100000\n[    0.000000]   Normal   empty\n[    0.000000] Movable zone start PFN for each node\n[    0.000000] early_node_map[2] active PFN ranges\n[    0.000000]     0: 0x00000010 -&gt; 0x0000009f\n[    0.000000]     0: 0x00000100 -&gt; 0x00003ffe\n[    0.000000] ACPI: PM-Timer IO Port: 0xb008\n[    0.000000] ACPI: LAPIC (acpi_id[0x00] lapic_id[0x00] enabled)\n[    0.000000] ACPI: LAPIC_NMI (acpi_id[0xff] dfl dfl lint[0x1])\n[    0.000000] ACPI: IOAPIC (id[0x00] address[0xfec00000] gsi_base[0])\n[    0.000000] IOAPIC[0]: apic_id 0, version 17, address 0xfec00000, GSI 0-23\n[    0.000000] ACPI: INT_SRC_OVR (bus 0 bus_irq 0 global_irq 2 dfl dfl)\n[    0.000000] ACPI: INT_SRC_OVR (bus 0 bus_irq 5 global_irq 5 high level)\n[    0.000000] ACPI: INT_SRC_OVR (bus 0 bus_irq 9 global_irq 9 high level)\n[    0.000000] ACPI: INT_SRC_OVR (bus 0 bus_irq 10 global_irq 10 high level)\n[    0.000000] ACPI: INT_SRC_OVR (bus 0 bus_irq 11 global_irq 11 high level)\n[    0.000000] Using ACPI (MADT) for SMP configuration information\n[    0.000000] ACPI: HPET id: 0x8086a201 base: 0xfed00000\n[    0.000000] SMP: Allowing 1 CPUs, 0 hotplug CPUs\n[    0.000000] PM: Registered nosave memory: 000000000009f000 - 00000000000a0000\n[    0.000000] PM: Registered nosave memory: 00000000000a0000 - 00000000000f0000\n[    0.000000] PM: Registered nosave memory: 00000000000f0000 - 0000000000100000\n[    0.000000] Allocating PCI resources starting at 4000000 (gap: 4000000:fbfc0000)\n[    0.000000] Booting paravirtualized kernel on bare hardware\n[    0.000000] setup_pe
2015-12-20 08:14:42,048 20277 DEBUG    [tempest.scenario.manager] Console output for 0f0664e6-93ed-4cae-98c0-857e38ce3a08
body=
[    0.000000] Initializing cgroup subsys cpuset
[    0.000000] Initializing cgroup subsys cpu
[    0.000000] Linux version 3.2.0-80-virtual (buildd@batsu) (gcc version 4.6.3 (Ubuntu/Linaro 4.6.3-1ubuntu5) ) #116-Ubuntu SMP Mon Mar 23 17:28:52 UTC 2015 (Ubuntu 3.2.0-80.116-virtual 3.2.68)
[    0.000000] Command line: root=/dev/vda console=tty0 console=ttyS0 no_timer_check
[    0.000000] KERNEL supported cpus:
[    0.000000]   Intel GenuineIntel
[    0.000000]   AMD AuthenticAMD
[    0.000000]   Centaur CentaurHauls
[    0.000000] BIOS-provided physical RAM map:
[    0.000000]  BIOS-e820: 0000000000000000 - 000000000009fc00 (usable)
[    0.000000]  BIOS-e820: 000000000009fc00 - 00000000000a0000 (reserved)
[    0.000000]  BIOS-e820: 00000000000f0000 - 0000000000100000 (reserved)
[    0.000000]  BIOS-e820: 0000000000100000 - 0000000003ffe000 (usable)
[    0.000000]  BIOS-e820: 0000000003ffe000 - 0000000004000000 (reserved)
[    0.000000]  BIOS-e820: 00000000fffc0000 - 0000000100000000 (reserved)
[    0.000000] NX (Execute Disable) protection: active
[    0.000000] SMBIOS 2.4 present.
[    0.000000] No AGP bridge found
[    0.000000] last_pfn = 0x3ffe max_arch_pfn = 0x400000000
[    0.000000] x86 PAT enabled: cpu 0, old 0x7040600070406, new 0x7010600070106
[    0.000000] found SMP MP-table at [ffff8800000f0b00] f0b00
[    0.000000] init_memory_mapping: 0000000000000000-0000000003ffe000
[    0.000000] RAMDISK: 03c5e000 - 03ff0000
[    0.000000] ACPI: RSDP 00000000000f0950 00014 (v00 BOCHS )
[    0.000000] ACPI: RSDT 0000000003fffbc1 00034 (v01 BOCHS  BXPCRSDT 00000001 BXPC 00000001)
[    0.000000] ACPI: FACP 0000000003fff1c0 00074 (v01 BOCHS  BXPCFACP 00000001 BXPC 00000001)
[    0.000000] ACPI: DSDT 0000000003ffe040 01180 (v01 BOCHS  BXPCDSDT 00000001 BXPC 00000001)
[    0.000000] ACPI: FACS 0000000003ffe000 00040
[    0.000000] ACPI: SSDT 0000000003fff234 008DD (v01 BOCHS  BXPCSSDT 00000001 BXPC 00000001)
[    0.000000] ACPI: APIC 0000000003fffb11 00078 (v01 BOCHS  BXPCAPIC 00000001 BXPC 00000001)
[    0.000000] ACPI: HPET 0000000003fffb89 00038 (v01 BOCHS  BXPCHPET 00000001 BXPC 00000001)
[    0.000000] No NUMA configuration found
[    0.000000] Faking a node at 0000000000000000-0000000003ffe000
[    0.000000] Initmem setup node 0 0000000000000000-0000000003ffe000
[    0.000000]   NODE_DATA [0000000003ff6000 - 0000000003ffafff]
[    0.000000] Zone PFN ranges:
[    0.000000]   DMA      0x00000010 -&gt; 0x00001000
[    0.000000]   DMA32    0x00001000 -&gt; 0x00100000
[    0.000000]   Normal   empty
[    0.000000] Movable zone start PFN for each node
[    0.000000] early_node_map[2] active PFN ranges
[    0.000000]     0: 0x00000010 -&gt; 0x0000009f
[    0.000000]     0: 0x00000100 -&gt; 0x00003ffe
[    0.000000] ACPI: PM-Timer IO Port: 0xb008
[    0.000000] ACPI: LAPIC (acpi_id[0x00] lapic_id[0x00] enabled)
[    0.000000] ACPI: LAPIC_NMI (acpi_id[0xff] dfl dfl lint[0x1])
[    0.000000] ACPI: IOAPIC (id[0x00] address[0xfec00000] gsi_base[0])
[    0.000000] IOAPIC[0]: apic_id 0, version 17, address 0xfec00000, GSI 0-23
[    0.000000] ACPI: INT_SRC_OVR (bus 0 bus_irq 0 global_irq 2 dfl dfl)
[    0.000000] ACPI: INT_SRC_OVR (bus 0 bus_irq 5 global_irq 5 high level)
[    0.000000] ACPI: INT_SRC_OVR (bus 0 bus_irq 9 global_irq 9 high level)
[    0.000000] ACPI: INT_SRC_OVR (bus 0 bus_irq 10 global_irq 10 high level)
[    0.000000] ACPI: INT_SRC_OVR (bus 0 bus_irq 11 global_irq 11 high level)
[    0.000000] Using ACPI (MADT) for SMP configuration information
[    0.000000] ACPI: HPET id: 0x8086a201 base: 0xfed00000
[    0.000000] SMP: Allowing 1 CPUs, 0 hotplug CPUs
[    0.000000] PM: Registered nosave memory: 000000000009f000 - 00000000000a0000
[    0.000000] PM: Registered nosave memory: 00000000000a0000 - 00000000000f0000
[    0.000000] PM: Registered nosave memory: 00000000000f0000 - 0000000000100000
[    0.000000] Allocating PCI resources starting at 4000000 (gap: 4000000:fbfc0000)
[    0.000000] Booting paravirtualized kernel on bare hardware
[    0.000000] setup_percpu: NR_CPUS:64 nr_cpumask_bits:64 nr_cpu_ids:1 nr_node_ids:1
[    0.000000] PERCPU: Embedded 27 pages/cpu @ffff880003a00000 s78848 r8192 d23552 u2097152
[    0.000000] Built 1 zonelists in Node order, mobility grouping on.  Total pages: 16008
[    0.000000] Policy zone: DMA32
[    0.000000] Kernel command line: root=/dev/vda console=tty0 console=ttyS0 no_timer_check
[    0.000000] PID hash table entries: 256 (order: -1, 2048 bytes)
[    0.000000] Checking aperture...
[    0.000000] No AGP bridge found
[    0.000000] Memory: 43492k/65528k available (6576k kernel code, 452k absent, 21584k reserved, 6620k data, 928k init)
[    0.000000] SLUB: Genslabs=15, HWalign=64, Order=0-3, MinObjects=0, CPUs=1, Nodes=1
[    0.000000] Hierarchical RCU implementation.
[    0.000000] 	RCU dyntick-idle grace-period acceleration is enabled.
[    0.000000] NR_IRQS:4352 nr_irqs:256 16
[    0.000000] Console: colour VGA+ 80x25
[    0.000000] console [tty0] enabled
[    0.000000] console [ttyS0] enabled
[    0.000000] allocated 1048576 bytes of page_cgroup
[    0.000000] please try 'cgroup_disable=memory' option if you don't want memory cgroups
[    0.000000] Fast TSC calibration failed
[    0.000000] TSC: Unable to calibrate against PIT
[    0.000000] TSC: using HPET reference calibration
[    0.000000] Detected 2293.554 MHz processor.
[    0.033645] Calibrating delay loop (skipped), value calculated using timer frequency.. 4587.10 BogoMIPS (lpj=9174216)
[    0.035703] pid_max: default: 32768 minimum: 301
[    0.045720] Security Framework initialized
[    0.049559] AppArmor: AppArmor initialized
[    0.050209] Yama: becoming mindful.
[    0.057228] Dentry cache hash table entries: 8192 (order: 4, 65536 bytes)
[    0.058741] Inode-cache hash table entries: 4096 (order: 3, 32768 bytes)
[    0.060632] Mount-cache hash table entries: 256
[    0.075354] Initializing cgroup subsys cpuacct
[    0.076499] Initializing cgroup subsys memory
[    0.077852] Initializing cgroup subsys devices
[    0.079082] Initializing cgroup subsys freezer
[    0.080137] Initializing cgroup subsys blkio
[    0.080847] Initializing cgroup subsys perf_event
[    0.085807] mce: CPU supports 10 MCE banks
[    0.089255] SMP alternatives: switching to UP code
[    0.489421] Freeing SMP alternatives: 24k freed
[    0.492376] ACPI: Core revision 20110623
[    0.549880] ftrace: allocating 26610 entries in 105 pages
[    0.590224] ..TIMER: vector=0x30 apic1=0 pin1=2 apic2=-1 pin2=-1
[    0.592200] CPU0: AMD QEMU Virtual CPU version 2.0.0 stepping 03
[    0.600036] Performance Events: Broken PMU hardware detected, using software events only.
[    0.613084] NMI watchdog disabled (cpu0): hardware events not enabled
[    0.614601] Brought up 1 CPUs
[    0.615114] Total of 1 processors activated (4587.10 BogoMIPS).
[    0.638762] devtmpfs: initialized
[    0.670269] EVM: security.selinux
[    0.670729] EVM: security.SMACK64
[    0.671190] EVM: security.capability
[    0.697324] print_constraints: dummy: 
[    0.701287] RTC time:  8:12:42, date: 12/20/15
[    0.703057] NET: Registered protocol family 16
[    0.712896] ACPI: bus type pci registered
[    0.716243] PCI: Using configuration type 1 for base access
[    0.752867] bio: create slab &lt;bio-0&gt; at 0
[    0.757669] ACPI: Added _OSI(Module Device)
[    0.758227] ACPI: Added _OSI(Processor Device)
[    0.758806] ACPI: Added _OSI(3.0 _SCP Extensions)
[    0.760110] ACPI: Added _OSI(Processor Aggregator Device)
[    0.830852] ACPI: Interpreter enabled
[    0.831427] ACPI: (supports S0 S3 S4 S5)
[    0.833592] ACPI: Using IOAPIC for interrupt routing
[    0.922498] ACPI: No dock devices found.
[    0.923185] HEST: Table not found.
[    0.924226] PCI: Using host bridge windows from ACPI; if necessary, use "pci=nocrs" and report a bug
[    0.932911] ACPI: PCI Root Bridge [PCI0] (domain 0000 [bus 00-ff])
[    0.938087] pci_root PNP0A03:00: host bridge window [io  0x0000-0x0cf7]
[    0.938946] pci_root PNP0A03:00: host bridge window [io  0x0d00-0xadff]
[    0.940117] pci_root PNP0A03:00: host bridge window [io  0xae0f-0xaeff]
[    0.940974] pci_root PNP0A03:00: host bridge window [io  0xaf20-0xafdf]
[    0.941764] pci_root PNP0A03:00: host bridge window [io  0xafe4-0xffff]
[    0.942627] pci_root PNP0A03:00: host bridge window [mem 0x000a0000-0x000bffff]
[    0.944117] pci_root PNP0A03:00: host bridge window [mem 0x04000000-0xfebfffff]
[    0.966050] pci 0000:00:01.3: quirk: [io  0xb000-0xb03f] claimed by PIIX4 ACPI
[    0.968168] pci 0000:00:01.3: quirk: [io  0xb100-0xb10f] claimed by PIIX4 SMB
[    1.037157]  pci0000:00: Unable to request _OSC control (_OSC support mask: 0x1e)
[    1.092697] ACPI: PCI Interrupt Link [LNKA] (IRQs 5 *10 11)
[    1.096746] ACPI: PCI Interrupt Link [LNKB] (IRQs 5 *10 11)
[    1.098740] ACPI: PCI Interrupt Link [LNKC] (IRQs 5 10 *11)
[    1.100567] ACPI: PCI Interrupt Link [LNKD] (IRQs 5 10 *11)
[    1.101754] ACPI: PCI Interrupt Link [LNKS] (IRQs *9)
[    1.109222] vgaarb: device added: PCI:0000:00:02.0,decodes=io+mem,owns=io+mem,locks=none
[    1.110212] vgaarb: loaded
[    1.110688] vgaarb: bridge control possible 0000:00:02.0
[    1.114562] i2c-core: driver [aat2870] using legacy suspend method
[    1.116140] i2c-core: driver [aat2870] using legacy resume method
[    1.118521] SCSI subsystem initialized
[    1.122659] usbcore: registered new interface driver usbfs
[    1.124664] usbcore: registered new interface driver hub
[    1.125782] usbcore: registered new device driver usb
[    1.130028] PCI: Using ACPI for IRQ routing
[    1.148508] NetLabel: Initializing
[    1.149136] NetLabel:  domain hash size = 128
[    1.149611] NetLabel:  protocols = UNLABELED CIPSOv4
[    1.151500] NetLabel:  unlabeled traffic allowed by default
[    1.153657] HPET: 3 timers in total, 0 timers will be used for per-cpu timer
[    1.155000] hpet0: at MMIO 0xfed00000, IRQs 2, 8, 0
[    1.156586] hpet0: 3 comparators, 64-bit 100.000000 MHz counter
[    1.170511] Switching to clocksource hpet
[    1.431456] AppArmor: AppArmor Filesystem Enabled
[    1.432043] pnp: PnP ACPI init
[    1.434757] ACPI: bus type pnp registered
[    1.454736] pnp: PnP ACPI: found 9 devices
[    1.455255] ACPI: ACPI bus type pnp unregistered
[    1.515984] NET: Registered protocol family 2
[    1.553763] IP route cache hash table entries: 512 (order: 0, 4096 bytes)
[    1.561909] TCP established hash table entries: 2048 (order: 3, 32768 bytes)
[    1.563335] TCP bind hash table entries: 2048 (order: 3, 32768 bytes)
[    1.564632] TCP: Hash tables configured (established 2048 bind 2048)
[    1.566273] TCP reno registered
[    1.567168] UDP hash table entries: 128 (order: 0, 4096 bytes)
[    1.569792] UDP-Lite hash table entries: 128 (order: 0, 4096 bytes)
[    1.572225] NET: Registered protocol family 1
[    1.573870] pci 0000:00:00.0: Limiting direct PCI/PCI transfers
[    1.574698] pci 0000:00:01.0: PIIX3: Enabling Passive Release
[    1.575792] pci 0000:00:01.0: Activating ISA DMA hang workarounds
[    1.582216] ACPI: PCI Interrupt Link [LNKD] enabled at IRQ 11
[    1.583342] pci 0000:00:01.2: PCI INT D -&gt; Link[LNKD] -&gt; GSI 11 (level, high) -&gt; IRQ 11
[    1.586617] pci 0000:00:01.2: PCI INT D disabled
[    1.607516] Trying to unpack rootfs image as initramfs...
[    1.631787] audit: initializing netlink socket (disabled)
[    1.634221] type=2000 audit(1450599162.632:1): initialized
[    1.903254] HugeTLB registered 2 MB page size, pre-allocated 0 pages
[    1.979238] VFS: Disk quotas dquot_6.5.2
[    1.981737] Dquot-cache hash table entries: 512 (order 0, 4096 bytes)
[    2.003240] fuse init (API version 7.17)
[    2.006828] msgmni has been set to 84
[    2.042856] Block layer SCSI generic (bsg) driver version 0.4 loaded (major 253)
[    2.045776] io scheduler noop registered
[    2.046344] io scheduler deadline registered (default)
[    2.047430] io scheduler cfq registered
[    2.051318] pci_hotplug: PCI Hot Plug PCI Core version: 0.5
[    2.054739] pciehp: PCI Express Hot Plug Controller Driver version: 0.4
[    2.060917] input: Power Button as /devices/LNXSYSTM:00/LNXPWRBN:00/input/input0
[    2.062532] ACPI: Power Button [PWRF]
[    2.158545] ERST: Table is not found!
[    2.159081] GHES: HEST is not enabled!
[    2.162631] ACPI: PCI Interrupt Link [LNKC] enabled at IRQ 10
[    2.163450] virtio-pci 0000:00:03.0: PCI INT A -&gt; Link[LNKC] -&gt; GSI 10 (level, high) -&gt; IRQ 10
[    2.167630] virtio-pci 0000:00:04.0: PCI INT A -&gt; Link[LNKD] -&gt; GSI 11 (level, high) -&gt; IRQ 11
[    2.174009] ACPI: PCI Interrupt Link [LNKA] enabled at IRQ 10
[    2.174772] virtio-pci 0000:00:05.0: PCI INT A -&gt; Link[LNKA] -&gt; GSI 10 (level, high) -&gt; IRQ 10
[    2.181380] Serial: 8250/16550 driver, 32 ports, IRQ sharing enabled
[    2.225971] serial8250: ttyS0 at I/O 0x3f8 (irq = 4) is a 16550A
[    2.318109] serial8250: ttyS1 at I/O 0x2f8 (irq = 3) is a 16550A
[    2.461385] 00:05: ttyS0 at I/O 0x3f8 (irq = 4) is a 16550A
[    2.539036] 00:06: ttyS1 at I/O 0x2f8 (irq = 3) is a 16550A
[    2.594516] Refined TSC clocksource calibration: 2293.553 MHz.
[    2.596159] Switching to clocksource tsc
[    2.601087] Linux agpgart interface v0.103
[    2.667574] brd: module loaded
[    2.703823] loop: module loaded
[    2.754030]  vda: unknown partition table
[    2.809232] scsi0 : ata_piix
[    2.811433] scsi1 : ata_piix
[    2.813376] ata1: PATA max MWDMA2 cmd 0x1f0 ctl 0x3f6 bmdma 0xc0a0 irq 14
[    2.814200] ata2: PATA max MWDMA2 cmd 0x170 ctl 0x376 bmdma 0xc0a8 irq 15
[    2.823944] Fixed MDIO Bus: probed
[    2.825983] tun: Universal TUN/TAP device driver, 1.6
[    2.826548] tun: (C) 1999-2004 Max Krasnyansky &lt;maxk@qualcomm.com&gt;
[    2.845677] PPP generic driver version 2.4.2
[    2.863134] ehci_hcd: USB 2.0 'Enhanced' Host Controller (EHCI) Driver
[    2.864542] ohci_hcd: USB 1.1 'Open' Host Controller (OHCI) Driver
[    2.866024] uhci_hcd: USB Universal Host Controller Interface driver
[    2.867087] uhci_hcd 0000:00:01.2: PCI INT D -&gt; Link[LNKD] -&gt; GSI 11 (level, high) -&gt; IRQ 11
[    2.870584] uhci_hcd 0000:00:01.2: UHCI Host Controller
[    2.885731] uhci_hcd 0000:00:01.2: new USB bus registered, assigned bus number 1
[    2.887454] uhci_hcd 0000:00:01.2: irq 11, io base 0x0000c040
[    2.918211] hub 1-0:1.0: USB hub found
[    2.919913] hub 1-0:1.0: 2 ports detected
[    2.927336] usbcore: registered new interface driver libusual
[    2.930302] i8042: PNP: PS/2 Controller [PNP0303:KBD,PNP0f13:MOU] at 0x60,0x64 irq 1,12
[    2.937522] serio: i8042 KBD port at 0x60,0x64 irq 1
[    2.939155] serio: i8042 AUX port at 0x60,0x64 irq 12
[    2.974286] mousedev: PS/2 mouse device common for all mice
[    2.984846] input: AT Translated Set 2 keyboard as /devices/platform/i8042/serio0/input/input1
[    2.994481] rtc_cmos 00:01: RTC can wake from S4
[    3.008018] rtc_cmos 00:01: rtc core: registered rtc_cmos as rtc0
[    3.014293] rtc0: alarms up to one day, 114 bytes nvram, hpet irqs
[    3.020048] device-mapper: uevent: version 1.0.3
[    3.048824] ata2.01: ATAPI: QEMU DVD-ROM, 2.0.0, max UDMA/100
[    3.053268] device-mapper: ioctl: 4.22.0-ioctl (2011-10-19) initialised: dm-devel@redhat.com
[    3.056065] cpuidle: using governor ladder
[    3.058588] cpuidle: using governor menu
[    3.059355] EFI Variables Facility v0.08 2004-May-17
[    3.070966] TCP cubic registered
[    3.075406] NET: Registered protocol family 10
[    3.103135] NET: Registered protocol family 17
[    3.104017] Registering the dns_resolver key type
[    3.114227] ata2.01: configured for MWDMA2
[    3.143983] scsi 1:0:1:0: CD-ROM            QEMU     QEMU DVD-ROM     2.0. PQ: 0 ANSI: 5
[    3.165043] sr0: scsi3-mmc drive: 4x/4x cd/rw xa/form2 tray
[    3.168055] cdrom: Uniform CD-ROM driver Revision: 3.20
[    3.191952] sr 1:0:1:0: Attached scsi generic sg0 type 5
[    3.222597] registered taskstats version 1
[    3.368025] Freeing initrd memory: 3656k freed
[    3.803147]   Magic number: 11:554:220
[    3.811390] dmi id: hash matches
[    3.814676] rtc_cmos 00:01: setting system clock to 2015-12-20 08:12:45 UTC (1450599165)
[    3.819566] powernow-k8: Processor cpuid 663 not supported
[    3.826464] BIOS EDD facility v0.16 2004-Jun-25, 0 devices found
[    3.827892] EDD information not available.
[    3.904934] Freeing unused kernel memory: 928k freed
[    3.910812] Write protecting the kernel read-only data: 12288k
[    4.050488] Freeing unused kernel memory: 1596k freed
[    4.146021] Freeing unused kernel memory: 1184k freed

info: initramfs: up at 4.30
modprobe: module virtio_blk not found in modules.dep
modprobe: module virtio_net not found in modules.dep
info: copying initramfs to /dev/vda
info: initramfs loading root from /dev/vda
info: /etc/init.d/rc.sysinit: up at 8.73
info: container: none
Starting logging: OK
modprobe: module virtio_blk not found in modules.dep
modprobe: module virtio_net not found in modules.dep
WARN: /etc/rc3.d/S10-load-modules failed
Initializing random number generator... done.
Starting acpid: OK
cirros-ds 'local' up at 11.43
found datasource (configdrive, local)
Starting network...
udhcpc (v1.20.1) started
Sending discover...
Sending discover...

2015-12-20 08:14:42,256 20277 INFO     [tempest_lib.common.rest_client] Request (TestNetworkBasicOps:_run_cleanups): 204 DELETE http://10.0.2.15:9696/v2.0/floatingips/22aa78ef-2a60-48b2-bcf8-3aed701c43d9 0.203s
2015-12-20 08:14:42,257 20277 DEBUG    [tempest_lib.common.rest_client] Request - Headers: {'Content-Type': 'application/json', 'Accept': 'application/json', 'X-Auth-Token': '&lt;omitted&gt;'}
        Body: None
    Response - Headers: {'date': 'Sun, 20 Dec 2015 08:14:42 GMT', 'status': '204', 'connection': 'close', 'content-length': '0', 'x-openstack-request-id': 'req-0177d912-5754-4bc4-899c-6679148ac50a'}
        Body: 
2015-12-20 08:14:42,520 20277 INFO     [tempest_lib.common.rest_client] Request (TestNetworkBasicOps:_run_cleanups): 204 DELETE http://10.0.2.15:8774/v2.1/62f4e66a12c84042b588eef5f7476726/servers/0f0664e6-93ed-4cae-98c0-857e38ce3a08 0.261s
2015-12-20 08:14:42,520 20277 DEBUG    [tempest_lib.common.rest_client] Request - Headers: {'Content-Type': 'application/json', 'Accept': 'application/json', 'X-Auth-Token': '&lt;omitted&gt;'}
        Body: None
    Response - Headers: {'status': '204', 'content-length': '0', 'x-compute-request-id': 'req-ce90ff38-70e1-4c28-8bc2-64a96d3164a6', 'vary': 'X-OpenStack-Nova-API-Version', 'connection': 'close', 'x-openstack-nova-api-version': '2.1', 'date': 'Sun, 20 Dec 2015 08:14:42 GMT', 'content-type': 'application/json'}
        Body: 
2015-12-20 08:14:42,831 20277 INFO     [tempest_lib.common.rest_client] Request (TestNetworkBasicOps:_run_cleanups): 200 GET http://10.0.2.15:8774/v2.1/62f4e66a12c84042b588eef5f7476726/servers/0f0664e6-93ed-4cae-98c0-857e38ce3a08 0.310s
2015-12-20 08:14:42,832 20277 DEBUG    [tempest_lib.common.rest_client] Request - Headers: {'Content-Type': 'application/json', 'Accept': 'application/json', 'X-Auth-Token': '&lt;omitted&gt;'}
        Body: None
    Response - Headers: {'status': '200', 'content-length': '1777', 'content-location': 'http://10.0.2.15:8774/v2.1/62f4e66a12c84042b588eef5f7476726/servers/0f0664e6-93ed-4cae-98c0-857e38ce3a08', 'x-compute-request-id': 'req-8109b06a-f150-4256-9cb0-12c494b4ecd2', 'vary': 'X-OpenStack-Nova-API-Version', 'connection': 'close', 'x-openstack-nova-api-version': '2.1', 'date': 'Sun, 20 Dec 2015 08:14:42 GMT', 'content-type': 'application/json'}
        Body: {"server": {"status": "ACTIVE", "updated": "2015-12-20T08:14:42Z", "hostId": "d209e287b3d5fa7562b3fcfc205c0687a360038685bcb005df2b3d04", "addresses": {"tempest-network-smoke--2032933512": [{"OS-EXT-IPS-MAC:mac_addr": "fa:16:3e:bb:54:9b", "version": 4, "addr": "10.100.0.3", "OS-EXT-IPS:type": "fixed"}, {"OS-EXT-IPS-MAC:mac_addr": "fa:16:3e:bb:54:9b", "version": 4, "addr": "172.24.4.4", "OS-EXT-IPS:type": "floating"}]}, "links": [{"href": "http://10.0.2.15:8774/v2.1/62f4e66a12c84042b588eef5f7476726/servers/0f0664e6-93ed-4cae-98c0-857e38ce3a08", "rel": "self"}, {"href": "http://10.0.2.15:8774/62f4e66a12c84042b588eef5f7476726/servers/0f0664e6-93ed-4cae-98c0-857e38ce3a08", "rel": "bookmark"}], "key_name": "tempest-TestNetworkBasicOps-1840367498", "image": {"id": "ff8b08a4-793a-42b5-a047-b2c32a6ebaaf", "links": [{"href": "http://10.0.2.15:8774/62f4e66a12c84042b588eef5f7476726/images/ff8b08a4-793a-42b5-a047-b2c32a6ebaaf", "rel": "bookmark"}]}, "OS-EXT-STS:task_state": "deleting", "OS-EXT-STS:vm_state": "active", "OS-SRV-USG:launched_at": "2015-12-20T08:12:39.000000", "flavor": {"id": "42", "links": [{"href": "http://10.0.2.15:8774/62f4e66a12c84042b588eef5f7476726/flavors/42", "rel": "bookmark"}]}, "id": "0f0664e6-93ed-4cae-98c0-857e38ce3a08", "security_groups": [{"name": "tempest-secgroup-smoke-1436987890"}], "OS-SRV-USG:terminated_at": null, "OS-EXT-AZ:availability_zone": "nova", "user_id": "6a4e3813c12b42889d3ac24f66955c1c", "name": "tempest.common.compute-instance-1272267663", "created": "2015-12-20T08:12:35Z", "tenant_id": "62f4e66a12c84042b588eef5f7476726", "OS-DCF:diskConfig": "MANUAL", "os-extended-volumes:volumes_attached": [], "accessIPv4": "", "accessIPv6": "", "progress": 0, "OS-EXT-STS:power_state": 1, "config_drive": "True", "metadata": {}}}
2015-12-20 08:14:43,972 20277 INFO     [tempest_lib.common.rest_client] Request (TestNetworkBasicOps:_run_cleanups): 200 GET http://10.0.2.15:8774/v2.1/62f4e66a12c84042b588eef5f7476726/servers/0f0664e6-93ed-4cae-98c0-857e38ce3a08 0.128s
2015-12-20 08:14:43,972 20277 DEBUG    [tempest_lib.common.rest_client] Request - Headers: {'Content-Type': 'application/json', 'Accept': 'application/json', 'X-Auth-Token': '&lt;omitted&gt;'}
        Body: None
    Response - Headers: {'status': '200', 'content-length': '1446', 'content-location': 'http://10.0.2.15:8774/v2.1/62f4e66a12c84042b588eef5f7476726/servers/0f0664e6-93ed-4cae-98c0-857e38ce3a08', 'x-compute-request-id': 'req-aa44a9d8-2230-4819-a680-44d6e17c0030', 'vary': 'X-OpenStack-Nova-API-Version', 'connection': 'close', 'x-openstack-nova-api-version': '2.1', 'date': 'Sun, 20 Dec 2015 08:14:43 GMT', 'content-type': 'application/json'}
        Body: {"server": {"status": "DELETED", "updated": "2015-12-20T08:14:43Z", "hostId": "d209e287b3d5fa7562b3fcfc205c0687a360038685bcb005df2b3d04", "addresses": {}, "links": [{"href": "http://10.0.2.15:8774/v2.1/62f4e66a12c84042b588eef5f7476726/servers/0f0664e6-93ed-4cae-98c0-857e38ce3a08", "rel": "self"}, {"href": "http://10.0.2.15:8774/62f4e66a12c84042b588eef5f7476726/servers/0f0664e6-93ed-4cae-98c0-857e38ce3a08", "rel": "bookmark"}], "key_name": "tempest-TestNetworkBasicOps-1840367498", "image": {"id": "ff8b08a4-793a-42b5-a047-b2c32a6ebaaf", "links": [{"href": "http://10.0.2.15:8774/62f4e66a12c84042b588eef5f7476726/images/ff8b08a4-793a-42b5-a047-b2c32a6ebaaf", "rel": "bookmark"}]}, "OS-EXT-STS:task_state": null, "OS-EXT-STS:vm_state": "deleted", "OS-SRV-USG:launched_at": "2015-12-20T08:12:39.000000", "flavor": {"id": "42", "links": [{"href": "http://10.0.2.15:8774/62f4e66a12c84042b588eef5f7476726/flavors/42", "rel": "bookmark"}]}, "id": "0f0664e6-93ed-4cae-98c0-857e38ce3a08", "OS-SRV-USG:terminated_at": "2015-12-20T08:14:43.000000", "OS-EXT-AZ:availability_zone": "nova", "user_id": "6a4e3813c12b42889d3ac24f66955c1c", "name": "tempest.common.compute-instance-1272267663", "created": "2015-12-20T08:12:35Z", "tenant_id": "62f4e66a12c84042b588eef5f7476726", "OS-DCF:diskConfig": "MANUAL", "os-extended-volumes:volumes_attached": [], "accessIPv4": "", "accessIPv6": "", "OS-EXT-STS:power_state": 0, "config_drive": "True", "metadata": {}}}
2015-12-20 08:14:45,060 20277 INFO     [tempest_lib.common.rest_client] Request (TestNetworkBasicOps:_run_cleanups): 404 GET http://10.0.2.15:8774/v2.1/62f4e66a12c84042b588eef5f7476726/servers/0f0664e6-93ed-4cae-98c0-857e38ce3a08 0.076s
2015-12-20 08:14:45,061 20277 DEBUG    [tempest_lib.common.rest_client] Request - Headers: {'Content-Type': 'application/json', 'Accept': 'application/json', 'X-Auth-Token': '&lt;omitted&gt;'}
        Body: None
    Response - Headers: {'status': '404', 'content-length': '111', 'x-compute-request-id': 'req-4fd44b8a-c1cf-4f64-a2aa-e42c15340847', 'vary': 'X-OpenStack-Nova-API-Version', 'connection': 'close', 'x-openstack-nova-api-version': '2.1', 'date': 'Sun, 20 Dec 2015 08:14:45 GMT', 'content-type': 'application/json; charset=UTF-8'}
        Body: {"itemNotFound": {"message": "Instance 0f0664e6-93ed-4cae-98c0-857e38ce3a08 could not be found.", "code": 404}}
2015-12-20 08:14:45,080 20277 INFO     [tempest_lib.common.rest_client] Request (TestNetworkBasicOps:_run_cleanups): 202 DELETE http://10.0.2.15:8774/v2.1/62f4e66a12c84042b588eef5f7476726/os-keypairs/tempest-TestNetworkBasicOps-1840367498 0.018s
2015-12-20 08:14:45,080 20277 DEBUG    [tempest_lib.common.rest_client] Request - Headers: {'Content-Type': 'application/json', 'Accept': 'application/json', 'X-Auth-Token': '&lt;omitted&gt;'}
        Body: None
    Response - Headers: {'status': '202', 'content-length': '0', 'x-compute-request-id': 'req-6ea81f23-0b32-4ee2-a4a9-d90247d92edb', 'vary': 'X-OpenStack-Nova-API-Version', 'connection': 'close', 'x-openstack-nova-api-version': '2.1', 'date': 'Sun, 20 Dec 2015 08:14:45 GMT', 'content-type': 'application/json'}
        Body: 
2015-12-20 08:14:45,408 20277 INFO     [tempest_lib.common.rest_client] Request (TestNetworkBasicOps:_run_cleanups): 200 PUT http://10.0.2.15:9696/v2.0/routers/92ae610e-5938-495d-ab73-bd0591928669/remove_router_interface 0.326s
2015-12-20 08:14:45,408 20277 DEBUG    [tempest_lib.common.rest_client] Request - Headers: {'Content-Type': 'application/json', 'Accept': 'application/json', 'X-Auth-Token': '&lt;omitted&gt;'}
        Body: {"subnet_id": "231c7a58-ba77-4ae3-a9b5-ac0242dc115e"}
    Response - Headers: {'status': '200', 'content-length': '255', 'connection': 'close', 'date': 'Sun, 20 Dec 2015 08:14:45 GMT', 'content-type': 'application/json; charset=UTF-8', 'x-openstack-request-id': 'req-7d40b49e-cee9-48f8-be8f-3429d0e0dcfc'}
        Body: {"subnet_id": "231c7a58-ba77-4ae3-a9b5-ac0242dc115e", "tenant_id": "62f4e66a12c84042b588eef5f7476726", "subnet_ids": ["231c7a58-ba77-4ae3-a9b5-ac0242dc115e"], "port_id": "ed0c691b-14dd-43c0-8cc7-d18b2dc151f9", "id": "92ae610e-5938-495d-ab73-bd0591928669"}
2015-12-20 08:14:45,770 20277 INFO     [tempest_lib.common.rest_client] Request (TestNetworkBasicOps:_run_cleanups): 204 DELETE http://10.0.2.15:9696/v2.0/subnets/231c7a58-ba77-4ae3-a9b5-ac0242dc115e 0.361s
2015-12-20 08:14:45,770 20277 DEBUG    [tempest_lib.common.rest_client] Request - Headers: {'Content-Type': 'application/json', 'Accept': 'application/json', 'X-Auth-Token': '&lt;omitted&gt;'}
        Body: None
    Response - Headers: {'date': 'Sun, 20 Dec 2015 08:14:45 GMT', 'status': '204', 'connection': 'close', 'content-length': '0', 'x-openstack-request-id': 'req-e8143dca-6a96-408a-8d3a-e958037f67b3'}
        Body: 
2015-12-20 08:14:45,816 20277 INFO     [tempest_lib.common.rest_client] Request (TestNetworkBasicOps:_run_cleanups): 200 GET http://10.0.2.15:9696/v2.0/routers/92ae610e-5938-495d-ab73-bd0591928669 0.045s
2015-12-20 08:14:45,817 20277 DEBUG    [tempest_lib.common.rest_client] Request - Headers: {'Content-Type': 'application/json', 'Accept': 'application/json', 'X-Auth-Token': '&lt;omitted&gt;'}
        Body: None
    Response - Headers: {'status': '200', 'content-length': '501', 'content-location': 'http://10.0.2.15:9696/v2.0/routers/92ae610e-5938-495d-ab73-bd0591928669', 'connection': 'close', 'date': 'Sun, 20 Dec 2015 08:14:45 GMT', 'content-type': 'application/json; charset=UTF-8', 'x-openstack-request-id': 'req-d54e812e-38db-4593-8a2a-685f5bc62e22'}
        Body: {"router": {"status": "ACTIVE", "external_gateway_info": {"network_id": "562c43d7-d76d-48f5-9b96-9f8410972875", "enable_snat": true, "external_fixed_ips": [{"subnet_id": "5492b72d-74a9-4167-9554-60ac9e1ece9c", "ip_address": "172.24.4.3"}, {"subnet_id": "ea62b231-4f71-406b-8368-2ec9cbaf95da", "ip_address": "2001:db8::3"}]}, "name": "tempest-router-smoke-2139394724", "admin_state_up": true, "tenant_id": "62f4e66a12c84042b588eef5f7476726", "routes": [], "id": "92ae610e-5938-495d-ab73-bd0591928669"}}
2015-12-20 08:14:46,224 20277 INFO     [tempest_lib.common.rest_client] Request (TestNetworkBasicOps:_run_cleanups): 200 PUT http://10.0.2.15:9696/v2.0/routers/92ae610e-5938-495d-ab73-bd0591928669 0.405s
2015-12-20 08:14:46,224 20277 DEBUG    [tempest_lib.common.rest_client] Request - Headers: {'Content-Type': 'application/json', 'Accept': 'application/json', 'X-Auth-Token': '&lt;omitted&gt;'}
        Body: {"router": {"external_gateway_info": {}, "name": "tempest-router-smoke-2139394724", "admin_state_up": true}}
    Response - Headers: {'status': '200', 'content-length': '239', 'connection': 'close', 'date': 'Sun, 20 Dec 2015 08:14:46 GMT', 'content-type': 'application/json; charset=UTF-8', 'x-openstack-request-id': 'req-36d233d8-b8eb-42bf-8c62-98b3f444f282'}
        Body: {"router": {"status": "ACTIVE", "external_gateway_info": null, "name": "tempest-router-smoke-2139394724", "admin_state_up": true, "tenant_id": "62f4e66a12c84042b588eef5f7476726", "routes": [], "id": "92ae610e-5938-495d-ab73-bd0591928669"}}
2015-12-20 08:14:46,440 20277 INFO     [tempest_lib.common.rest_client] Request (TestNetworkBasicOps:_run_cleanups): 204 DELETE http://10.0.2.15:9696/v2.0/routers/92ae610e-5938-495d-ab73-bd0591928669 0.214s
2015-12-20 08:14:46,440 20277 DEBUG    [tempest_lib.common.rest_client] Request - Headers: {'Content-Type': 'application/json', 'Accept': 'application/json', 'X-Auth-Token': '&lt;omitted&gt;'}
        Body: None
    Response - Headers: {'date': 'Sun, 20 Dec 2015 08:14:46 GMT', 'status': '204', 'connection': 'close', 'content-length': '0', 'x-openstack-request-id': 'req-60cc94f0-48ea-4237-962f-dbda9a215d5c'}
        Body: 
2015-12-20 08:14:46,624 20277 INFO     [tempest_lib.common.rest_client] Request (TestNetworkBasicOps:_run_cleanups): 204 DELETE http://10.0.2.15:9696/v2.0/networks/165d8f1c-b78a-41ad-ab0e-75398a67c464 0.182s
2015-12-20 08:14:46,624 20277 DEBUG    [tempest_lib.common.rest_client] Request - Headers: {'Content-Type': 'application/json', 'Accept': 'application/json', 'X-Auth-Token': '&lt;omitted&gt;'}
        Body: None
    Response - Headers: {'date': 'Sun, 20 Dec 2015 08:14:46 GMT', 'status': '204', 'connection': 'close', 'content-length': '0', 'x-openstack-request-id': 'req-1b5ecdab-6b86-44fe-bf4d-90edefdd2f20'}
        Body: 
2015-12-20 08:14:46,682 20277 INFO     [tempest_lib.common.rest_client] Request (TestNetworkBasicOps:_run_cleanups): 204 DELETE http://10.0.2.15:9696/v2.0/security-group-rules/1a34925e-1296-45c9-bc09-3901d4aea526 0.057s
2015-12-20 08:14:46,683 20277 DEBUG    [tempest_lib.common.rest_client] Request - Headers: {'Content-Type': 'application/json', 'Accept': 'application/json', 'X-Auth-Token': '&lt;omitted&gt;'}
        Body: None
    Response - Headers: {'date': 'Sun, 20 Dec 2015 08:14:46 GMT', 'status': '204', 'connection': 'close', 'content-length': '0', 'x-openstack-request-id': 'req-f9327246-ccb0-4871-9a0b-30881afbac7c'}
        Body: 
2015-12-20 08:14:46,734 20277 INFO     [tempest_lib.common.rest_client] Request (TestNetworkBasicOps:_run_cleanups): 204 DELETE http://10.0.2.15:9696/v2.0/security-group-rules/d704815b-e25b-48c6-afff-a616c7851243 0.051s
2015-12-20 08:14:46,735 20277 DEBUG    [tempest_lib.common.rest_client] Request - Headers: {'Content-Type': 'application/json', 'Accept': 'application/json', 'X-Auth-Token': '&lt;omitted&gt;'}
        Body: None
    Response - Headers: {'date': 'Sun, 20 Dec 2015 08:14:46 GMT', 'status': '204', 'connection': 'close', 'content-length': '0', 'x-openstack-request-id': 'req-bea3d0ee-8591-4051-a641-b27e69a8255d'}
        Body: 
2015-12-20 08:14:46,787 20277 INFO     [tempest_lib.common.rest_client] Request (TestNetworkBasicOps:_run_cleanups): 204 DELETE http://10.0.2.15:9696/v2.0/security-group-rules/6727055b-5960-4823-ada7-ccba624f8873 0.050s
2015-12-20 08:14:46,788 20277 DEBUG    [tempest_lib.common.rest_client] Request - Headers: {'Content-Type': 'application/json', 'Accept': 'application/json', 'X-Auth-Token': '&lt;omitted&gt;'}
        Body: None
    Response - Headers: {'date': 'Sun, 20 Dec 2015 08:14:46 GMT', 'status': '204', 'connection': 'close', 'content-length': '0', 'x-openstack-request-id': 'req-917f401d-596e-467a-a056-8c6e4cfb6022'}
        Body: 
2015-12-20 08:14:46,838 20277 INFO     [tempest_lib.common.rest_client] Request (TestNetworkBasicOps:_run_cleanups): 204 DELETE http://10.0.2.15:9696/v2.0/security-group-rules/8c4b7d6b-76a0-469d-bbe9-f04a401a5d18 0.049s
2015-12-20 08:14:46,839 20277 DEBUG    [tempest_lib.common.rest_client] Request - Headers: {'Content-Type': 'application/json', 'Accept': 'application/json', 'X-Auth-Token': '&lt;omitted&gt;'}
        Body: None
    Response - Headers: {'date': 'Sun, 20 Dec 2015 08:14:46 GMT', 'status': '204', 'connection': 'close', 'content-length': '0', 'x-openstack-request-id': 'req-17f87cb9-8389-4e2e-9daf-ea4f7950aa8c'}
        Body: 
2015-12-20 08:14:46,893 20277 INFO     [tempest_lib.common.rest_client] Request (TestNetworkBasicOps:_run_cleanups): 204 DELETE http://10.0.2.15:9696/v2.0/security-group-rules/f86b85e7-6236-42ca-8e93-0dd139d6df99 0.053s
2015-12-20 08:14:46,893 20277 DEBUG    [tempest_lib.common.rest_client] Request - Headers: {'Content-Type': 'application/json', 'Accept': 'application/json', 'X-Auth-Token': '&lt;omitted&gt;'}
        Body: None
    Response - Headers: {'date': 'Sun, 20 Dec 2015 08:14:46 GMT', 'status': '204', 'connection': 'close', 'content-length': '0', 'x-openstack-request-id': 'req-d1995d05-16bb-4cc5-9dec-6c853922d352'}
        Body: 
2015-12-20 08:14:46,946 20277 INFO     [tempest_lib.common.rest_client] Request (TestNetworkBasicOps:_run_cleanups): 204 DELETE http://10.0.2.15:9696/v2.0/security-group-rules/36c1fad0-9398-4d1d-83c9-a94b4768ffb7 0.052s
