<?xml version="1.0" encoding="UTF-8"?>
<!DOCTYPE html PUBLIC "-//W3C//DTD XHTML 1.0 Strict//EN"
     "http://www.w3.org/TR/xhtml1/DTD/xhtml1-strict.dtd">
<html xmlns="http://www.w3.org/1999/xhtml">
<head>
    <title>Unit Test Report</title>
    <meta name="generator" content="subunit2html 0.1"/>
    <meta http-equiv="Content-Type" content="text/html; charset=UTF-8"/>
    
<style type="text/css" media="screen">
body        { font-family: verdana, arial, helvetica, sans-serif;
    font-size: 80%; }
table       { font-size: 100%; width: 100%;}
pre         { font-size: 80%; }

/* -- heading -------------------------------------------------------------- */
h1 {
        font-size: 16pt;
        color: gray;
}
.heading {
    margin-top: 0ex;
    margin-bottom: 1ex;
}

.heading .attribute {
    margin-top: 1ex;
    margin-bottom: 0;
}

.heading .description {
    margin-top: 4ex;
    margin-bottom: 6ex;
}

/* -- css div popup -------------------------------------------------------- */
a.popup_link {
}

a.popup_link:hover {
    color: red;
}

.popup_window {
    display: none;
    overflow-x: scroll;
    /*border: solid #627173 1px; */
    padding: 10px;
    background-color: #E6E6D6;
    font-family: "Ubuntu Mono", "Lucida Console", "Courier New", monospace;
    text-align: left;
    font-size: 8pt;
}

}
/* -- report --------------------------------------------------------------- */
#show_detail_line {
    margin-top: 3ex;
    margin-bottom: 1ex;
}
#result_table {
    width: 100%;
    border-collapse: collapse;
    border: 1px solid #777;
}
#header_row {
    font-weight: bold;
    color: white;
    background-color: #777;
}
#result_table td {
    border: 1px solid #777;
    padding: 2px;
}
#total_row  { font-weight: bold; }
.passClass  { background-color: #6c6; }
.failClass  { background-color: #c60; }
.errorClass { background-color: #c00; }
.passCase   { color: #6c6; }
.failCase   { color: #c60; font-weight: bold; }
.errorCase  { color: #c00; font-weight: bold; }
.hiddenRow  { display: none; }
.testcase   { margin-left: 2em; }
td.testname {width: 40%}
td.small {width: 40px}

/* -- ending --------------------------------------------------------------- */
#ending {
}

</style>

</head>
<body>
<script language="javascript" type="text/javascript"><!--
output_list = Array();

/* level - 0:Summary; 1:Failed; 2:All */
function showCase(level) {
    trs = document.getElementsByTagName("tr");
    for (var i = 0; i < trs.length; i++) {
        tr = trs[i];
        id = tr.id;
        if (id.substr(0,2) == 'ft') {
            if (level < 1) {
                tr.className = 'hiddenRow';
            }
            else {
                tr.className = '';
            }
        }
        if (id.substr(0,2) == 'pt') {
            if (level > 1) {
                tr.className = '';
            }
            else {
                tr.className = 'hiddenRow';
            }
        }
    }
}


function showClassDetail(cid, count) {
    var id_list = Array(count);
    var toHide = 1;
    for (var i = 0; i < count; i++) {
        tid0 = 't' + cid.substr(1) + '.' + (i+1);
        tid = 'f' + tid0;
        tr = document.getElementById(tid);
        if (!tr) {
            tid = 'p' + tid0;
            tr = document.getElementById(tid);
        }
        id_list[i] = tid;
        if (tr.className) {
            toHide = 0;
        }
    }
    for (var i = 0; i < count; i++) {
        tid = id_list[i];
        if (toHide) {
            document.getElementById('div_'+tid).style.display = 'none'
            document.getElementById(tid).className = 'hiddenRow';
        }
        else {
            document.getElementById(tid).className = '';
        }
    }
}


function showTestDetail(div_id){
    var details_div = document.getElementById(div_id)
    var displayState = details_div.style.display
    // alert(displayState)
    if (displayState != 'block' ) {
        displayState = 'block'
        details_div.style.display = 'block'
    }
    else {
        details_div.style.display = 'none'
    }
}


function html_escape(s) {
    s = s.replace(/&/g,'&amp;');
    s = s.replace(/</g,'&lt;');
    s = s.replace(/>/g,'&gt;');
    return s;
}

/* obsoleted by detail in <div>
function showOutput(id, name) {
    var w = window.open("", //url
                    name,
                    "resizable,scrollbars,status,width=800,height=450");
    d = w.document;
    d.write("<pre>");
    d.write(html_escape(output_list[id]));
    d.write("\n");
    d.write("<a href='javascript:window.close()'>close</a>\n");
    d.write("</pre>\n");
    d.close();
}
*/
--></script>

<div class='heading'>
<h1>Unit Test Report</h1>

<p class='attribute'><strong>Status:</strong> Pass 1 Failure 8</p>

<p class='description'></p>
</div>



<p id='show_detail_line'>Show
<a href='javascript:showCase(0)'>Summary</a>
<a href='javascript:showCase(1)'>Failed</a>
<a href='javascript:showCase(2)'>All</a>
</p>
<table id='result_table'>
<colgroup>
<col align='left' />
<col align='right' />
<col align='right' />
<col align='right' />
<col align='right' />
<col align='right' />
<col align='right' />
<col align='right' />
</colgroup>
<tr id='header_row'>
    <td>Test Group/Test case</td>
    <td>Count</td>
    <td>Pass</td>
    <td>Fail</td>
    <td>Error</td>
    <td>Skip</td>
    <td>View</td>
    <td> </td>
</tr>

<tr class='failClass'>
    <td class="testname">tempest.scenario.test_network_basic_ops.TestNetworkBasicOps</td>
    <td class="small">9</td>
    <td class="small">1</td>
    <td class="small">8</td>
    <td class="small">0</td>
    <td class="small">0</td>
    <td class="small"><a href="javascript:showClassDetail('c1',9)"
>Detail</a></td>
    <td> </td>
</tr>

<tr id='ft1.1' class='none'>
    <td class='failCase'><div class='testcase'>test_connectivity_between_vms_on_different_networks[compute,id-1546850e-fbaa-42f5-8b5f-03d8a6a95f15,network]</div></td>
    <td colspan='7' align='left'>

    <!--css div popup start-->
    <a class="popup_link" onfocus='this.blur();'
    href="javascript:showTestDetail('div_ft1.1')" >
        fail</a>

    <div id='div_ft1.1' class="popup_window">
        <div style='text-align: right; color:red;cursor:pointer'>
        <a onfocus='this.blur();'
onclick="document.getElementById('div_ft1.1').style.display = 'none' " >
           [x]</a>
        </div>
        <pre>
        
ft1.1: tempest.scenario.test_network_basic_ops.TestNetworkBasicOps.test_connectivity_between_vms_on_different_networks[compute,id-1546850e-fbaa-42f5-8b5f-03d8a6a95f15,network]_StringException: Empty attachments:
  stderr
  stdout

pythonlogging:'': {{{
2015-12-14 21:04:01,509 24635 INFO     [tempest_lib.common.rest_client] Request (TestNetworkBasicOps:test_connectivity_between_vms_on_different_networks): 201 POST http://10.0.2.15:9696/v2.0/security-groups 0.349s
2015-12-14 21:04:01,510 24635 DEBUG    [tempest_lib.common.rest_client] Request - Headers: {'Content-Type': 'application/json', 'Accept': 'application/json', 'X-Auth-Token': '&lt;omitted&gt;'}
        Body: {"security_group": {"tenant_id": "615cc72f034945ac8f19749e59ec7fb2", "description": "tempest-secgroup-smoke-1880927425 description", "name": "tempest-secgroup-smoke-1880927425"}}
    Response - Headers: {'status': '201', 'content-length': '888', 'connection': 'close', 'date': 'Mon, 14 Dec 2015 21:04:01 GMT', 'content-type': 'application/json; charset=UTF-8', 'x-openstack-request-id': 'req-4ad28397-17d6-4270-b706-e445a7291591'}
        Body: {"security_group": {"tenant_id": "615cc72f034945ac8f19749e59ec7fb2", "description": "tempest-secgroup-smoke-1880927425 description", "id": "9a688a72-5514-4d27-8f82-43e066812a1f", "security_group_rules": [{"remote_group_id": null, "direction": "egress", "remote_ip_prefix": null, "protocol": null, "ethertype": "IPv4", "tenant_id": "615cc72f034945ac8f19749e59ec7fb2", "port_range_max": null, "port_range_min": null, "id": "d7126dbf-22c2-40dd-b09c-d58c4487c082", "security_group_id": "9a688a72-5514-4d27-8f82-43e066812a1f"}, {"remote_group_id": null, "direction": "egress", "remote_ip_prefix": null, "protocol": null, "ethertype": "IPv6", "tenant_id": "615cc72f034945ac8f19749e59ec7fb2", "port_range_max": null, "port_range_min": null, "id": "2b61015f-406c-4647-a144-fd02713db921", "security_group_id": "9a688a72-5514-4d27-8f82-43e066812a1f"}], "name": "tempest-secgroup-smoke-1880927425"}}
2015-12-14 21:04:01,751 24635 INFO     [tempest_lib.common.rest_client] Request (TestNetworkBasicOps:test_connectivity_between_vms_on_different_networks): 201 POST http://10.0.2.15:9696/v2.0/security-group-rules 0.238s
2015-12-14 21:04:01,752 24635 DEBUG    [tempest_lib.common.rest_client] Request - Headers: {'Content-Type': 'application/json', 'Accept': 'application/json', 'X-Auth-Token': '&lt;omitted&gt;'}
        Body: {"security_group_rule": {"direction": "ingress", "protocol": "tcp", "tenant_id": "615cc72f034945ac8f19749e59ec7fb2", "port_range_max": 22, "security_group_id": "9a688a72-5514-4d27-8f82-43e066812a1f", "port_range_min": 22}}
    Response - Headers: {'status': '201', 'content-length': '340', 'connection': 'close', 'date': 'Mon, 14 Dec 2015 21:04:01 GMT', 'content-type': 'application/json; charset=UTF-8', 'x-openstack-request-id': 'req-bca18c81-b746-4f1a-ad7c-c8af5fcfcea2'}
        Body: {"security_group_rule": {"remote_group_id": null, "direction": "ingress", "remote_ip_prefix": null, "protocol": "tcp", "ethertype": "IPv4", "tenant_id": "615cc72f034945ac8f19749e59ec7fb2", "port_range_max": 22, "port_range_min": 22, "id": "27d12ba9-9901-4050-8257-28fc607c73e0", "security_group_id": "9a688a72-5514-4d27-8f82-43e066812a1f"}}
2015-12-14 21:04:01,870 24635 INFO     [tempest_lib.common.rest_client] Request (TestNetworkBasicOps:test_connectivity_between_vms_on_different_networks): 201 POST http://10.0.2.15:9696/v2.0/security-group-rules 0.117s
2015-12-14 21:04:01,871 24635 DEBUG    [tempest_lib.common.rest_client] Request - Headers: {'Content-Type': 'application/json', 'Accept': 'application/json', 'X-Auth-Token': '&lt;omitted&gt;'}
        Body: {"security_group_rule": {"direction": "egress", "protocol": "tcp", "tenant_id": "615cc72f034945ac8f19749e59ec7fb2", "port_range_max": 22, "security_group_id": "9a688a72-5514-4d27-8f82-43e066812a1f", "port_range_min": 22}}
    Response - Headers: {'status': '201', 'content-length': '339', 'connection': 'close', 'date': 'Mon, 14 Dec 2015 21:04:01 GMT', 'content-type': 'application/json; charset=UTF-8', 'x-openstack-request-id': 'req-48bfbac5-b9fd-4a39-ba02-c867430d8fcf'}
        Body: {"security_group_rule": {"remote_group_id": null, "direction": "egress", "remote_ip_prefix": null, "protocol": "tcp", "ethertype": "IPv4", "tenant_id": "615cc72f034945ac8f19749e59ec7fb2", "port_range_max": 22, "port_range_min": 22, "id": "b29cee99-8ab3-4975-bdc0-3365f6a413d0", "security_group_id": "9a688a72-5514-4d27-8f82-43e066812a1f"}}
2015-12-14 21:04:01,976 24635 INFO     [tempest_lib.common.rest_client] Request (TestNetworkBasicOps:test_connectivity_between_vms_on_different_networks): 201 POST http://10.0.2.15:9696/v2.0/security-group-rules 0.103s
2015-12-14 21:04:01,977 24635 DEBUG    [tempest_lib.common.rest_client] Request - Headers: {'Content-Type': 'application/json', 'Accept': 'application/json', 'X-Auth-Token': '&lt;omitted&gt;'}
        Body: {"security_group_rule": {"tenant_id": "615cc72f034945ac8f19749e59ec7fb2", "direction": "ingress", "protocol": "icmp", "security_group_id": "9a688a72-5514-4d27-8f82-43e066812a1f"}}
    Response - Headers: {'status': '201', 'content-length': '345', 'connection': 'close', 'date': 'Mon, 14 Dec 2015 21:04:01 GMT', 'content-type': 'application/json; charset=UTF-8', 'x-openstack-request-id': 'req-bf741511-fd98-4c47-b163-0cc36a6abe3b'}
        Body: {"security_group_rule": {"remote_group_id": null, "direction": "ingress", "remote_ip_prefix": null, "protocol": "icmp", "ethertype": "IPv4", "tenant_id": "615cc72f034945ac8f19749e59ec7fb2", "port_range_max": null, "port_range_min": null, "id": "fb4cd87f-33a5-40a6-8401-ad6487c374b1", "security_group_id": "9a688a72-5514-4d27-8f82-43e066812a1f"}}
2015-12-14 21:04:02,098 24635 INFO     [tempest_lib.common.rest_client] Request (TestNetworkBasicOps:test_connectivity_between_vms_on_different_networks): 201 POST http://10.0.2.15:9696/v2.0/security-group-rules 0.119s
2015-12-14 21:04:02,098 24635 DEBUG    [tempest_lib.common.rest_client] Request - Headers: {'Content-Type': 'application/json', 'Accept': 'application/json', 'X-Auth-Token': '&lt;omitted&gt;'}
        Body: {"security_group_rule": {"tenant_id": "615cc72f034945ac8f19749e59ec7fb2", "direction": "egress", "protocol": "icmp", "security_group_id": "9a688a72-5514-4d27-8f82-43e066812a1f"}}
    Response - Headers: {'status': '201', 'content-length': '344', 'connection': 'close', 'date': 'Mon, 14 Dec 2015 21:04:02 GMT', 'content-type': 'application/json; charset=UTF-8', 'x-openstack-request-id': 'req-9fdeaa2f-98df-4296-b375-87ba4bdc5af2'}
        Body: {"security_group_rule": {"remote_group_id": null, "direction": "egress", "remote_ip_prefix": null, "protocol": "icmp", "ethertype": "IPv4", "tenant_id": "615cc72f034945ac8f19749e59ec7fb2", "port_range_max": null, "port_range_min": null, "id": "a71f6ea0-2206-4636-96ce-7b81dc37e754", "security_group_id": "9a688a72-5514-4d27-8f82-43e066812a1f"}}
2015-12-14 21:04:02,212 24635 INFO     [tempest_lib.common.rest_client] Request (TestNetworkBasicOps:test_connectivity_between_vms_on_different_networks): 201 POST http://10.0.2.15:9696/v2.0/security-group-rules 0.112s
2015-12-14 21:04:02,213 24635 DEBUG    [tempest_lib.common.rest_client] Request - Headers: {'Content-Type': 'application/json', 'Accept': 'application/json', 'X-Auth-Token': '&lt;omitted&gt;'}
        Body: {"security_group_rule": {"tenant_id": "615cc72f034945ac8f19749e59ec7fb2", "direction": "ingress", "security_group_id": "9a688a72-5514-4d27-8f82-43e066812a1f", "protocol": "icmp", "ethertype": "IPv6"}}
    Response - Headers: {'status': '201', 'content-length': '345', 'connection': 'close', 'date': 'Mon, 14 Dec 2015 21:04:02 GMT', 'content-type': 'application/json; charset=UTF-8', 'x-openstack-request-id': 'req-9f7a43cf-bc2a-46e5-8a26-3fbdbda36901'}
        Body: {"security_group_rule": {"remote_group_id": null, "direction": "ingress", "remote_ip_prefix": null, "protocol": "icmp", "ethertype": "IPv6", "tenant_id": "615cc72f034945ac8f19749e59ec7fb2", "port_range_max": null, "port_range_min": null, "id": "a1f81f08-995d-4a78-8b28-872bd27f9a28", "security_group_id": "9a688a72-5514-4d27-8f82-43e066812a1f"}}
2015-12-14 21:04:02,332 24635 INFO     [tempest_lib.common.rest_client] Request (TestNetworkBasicOps:test_connectivity_between_vms_on_different_networks): 201 POST http://10.0.2.15:9696/v2.0/security-group-rules 0.117s
2015-12-14 21:04:02,333 24635 DEBUG    [tempest_lib.common.rest_client] Request - Headers: {'Content-Type': 'application/json', 'Accept': 'application/json', 'X-Auth-Token': '&lt;omitted&gt;'}
        Body: {"security_group_rule": {"tenant_id": "615cc72f034945ac8f19749e59ec7fb2", "direction": "egress", "security_group_id": "9a688a72-5514-4d27-8f82-43e066812a1f", "protocol": "icmp", "ethertype": "IPv6"}}
    Response - Headers: {'status': '201', 'content-length': '344', 'connection': 'close', 'date': 'Mon, 14 Dec 2015 21:04:02 GMT', 'content-type': 'application/json; charset=UTF-8', 'x-openstack-request-id': 'req-5d118c74-d713-479c-b8ca-6ad416b8d5a3'}
        Body: {"security_group_rule": {"remote_group_id": null, "direction": "egress", "remote_ip_prefix": null, "protocol": "icmp", "ethertype": "IPv6", "tenant_id": "615cc72f034945ac8f19749e59ec7fb2", "port_range_max": null, "port_range_min": null, "id": "a78f3928-a6c2-46eb-bcbe-01b7358f8b1c", "security_group_id": "9a688a72-5514-4d27-8f82-43e066812a1f"}}
2015-12-14 21:04:02,470 24635 INFO     [tempest_lib.common.rest_client] Request (TestNetworkBasicOps:test_connectivity_between_vms_on_different_networks): 201 POST http://10.0.2.15:9696/v2.0/networks 0.134s
2015-12-14 21:04:02,470 24635 DEBUG    [tempest_lib.common.rest_client] Request - Headers: {'Content-Type': 'application/json', 'Accept': 'application/json', 'X-Auth-Token': '&lt;omitted&gt;'}
        Body: {"network": {"tenant_id": "615cc72f034945ac8f19749e59ec7fb2", "name": "tempest-network-smoke--485376358"}}
    Response - Headers: {'status': '201', 'content-length': '295', 'connection': 'close', 'date': 'Mon, 14 Dec 2015 21:04:02 GMT', 'content-type': 'application/json; charset=UTF-8', 'x-openstack-request-id': 'req-8e62a797-7470-49b3-a2f5-530646b6a7d5'}
        Body: {"network": {"status": "ACTIVE", "subnets": [], "name": "tempest-network-smoke--485376358", "admin_state_up": true, "tenant_id": "615cc72f034945ac8f19749e59ec7fb2", "mtu": 0, "router:external": false, "shared": false, "port_security_enabled": true, "id": "a9fd9808-dfee-400f-9443-e64db4947be8"}}
2015-12-14 21:04:02,547 24635 INFO     [tempest_lib.common.rest_client] Request (TestNetworkBasicOps:test_connectivity_between_vms_on_different_networks): 201 POST http://10.0.2.15:9696/v2.0/routers 0.075s
2015-12-14 21:04:02,547 24635 DEBUG    [tempest_lib.common.rest_client] Request - Headers: {'Content-Type': 'application/json', 'Accept': 'application/json', 'X-Auth-Token': '&lt;omitted&gt;'}
        Body: {"router": {"tenant_id": "615cc72f034945ac8f19749e59ec7fb2", "name": "tempest-router-smoke-250620867", "admin_state_up": true}}
    Response - Headers: {'status': '201', 'content-length': '238', 'connection': 'close', 'date': 'Mon, 14 Dec 2015 21:04:02 GMT', 'content-type': 'application/json; charset=UTF-8', 'x-openstack-request-id': 'req-b9a19139-a357-4f32-ba37-157ceb1f7d99'}
        Body: {"router": {"status": "ACTIVE", "external_gateway_info": null, "name": "tempest-router-smoke-250620867", "admin_state_up": true, "tenant_id": "615cc72f034945ac8f19749e59ec7fb2", "routes": [], "id": "ce36fb1c-3817-4070-884e-51a9630e67e1"}}
2015-12-14 21:04:02,596 24635 INFO     [tempest_lib.common.rest_client] Request (TestNetworkBasicOps:test_connectivity_between_vms_on_different_networks): 200 GET http://10.0.2.15:9696/v2.0/routers/ce36fb1c-3817-4070-884e-51a9630e67e1 0.047s
2015-12-14 21:04:02,596 24635 DEBUG    [tempest_lib.common.rest_client] Request - Headers: {'Content-Type': 'application/json', 'Accept': 'application/json', 'X-Auth-Token': '&lt;omitted&gt;'}
        Body: None
    Response - Headers: {'status': '200', 'content-length': '238', 'content-location': 'http://10.0.2.15:9696/v2.0/routers/ce36fb1c-3817-4070-884e-51a9630e67e1', 'connection': 'close', 'date': 'Mon, 14 Dec 2015 21:04:02 GMT', 'content-type': 'application/json; charset=UTF-8', 'x-openstack-request-id': 'req-a280f6df-ece7-4d28-af72-f9fc2aa64419'}
        Body: {"router": {"status": "ACTIVE", "external_gateway_info": null, "name": "tempest-router-smoke-250620867", "admin_state_up": true, "tenant_id": "615cc72f034945ac8f19749e59ec7fb2", "routes": [], "id": "ce36fb1c-3817-4070-884e-51a9630e67e1"}}
2015-12-14 21:04:03,214 24635 INFO     [tempest_lib.common.rest_client] Request (TestNetworkBasicOps:test_connectivity_between_vms_on_different_networks): 200 PUT http://10.0.2.15:9696/v2.0/routers/ce36fb1c-3817-4070-884e-51a9630e67e1 0.617s
2015-12-14 21:04:03,215 24635 DEBUG    [tempest_lib.common.rest_client] Request - Headers: {'Content-Type': 'application/json', 'Accept': 'application/json', 'X-Auth-Token': '&lt;omitted&gt;'}
        Body: {"router": {"external_gateway_info": {"network_id": "93531e4c-e679-4ca0-b883-0a4bbf0db025"}, "name": "tempest-router-smoke-250620867", "admin_state_up": true}}
    Response - Headers: {'status': '200', 'content-length': '500', 'connection': 'close', 'date': 'Mon, 14 Dec 2015 21:04:03 GMT', 'content-type': 'application/json; charset=UTF-8', 'x-openstack-request-id': 'req-0f069e7c-3ecc-4002-bf7e-e49e0440cdab'}
        Body: {"router": {"status": "ACTIVE", "external_gateway_info": {"network_id": "93531e4c-e679-4ca0-b883-0a4bbf0db025", "enable_snat": true, "external_fixed_ips": [{"subnet_id": "49131853-543a-48aa-932b-fa02932e965a", "ip_address": "172.24.4.3"}, {"subnet_id": "08b9aa05-8419-4702-8d6f-dc952947b7a2", "ip_address": "2001:db8::3"}]}, "name": "tempest-router-smoke-250620867", "admin_state_up": true, "tenant_id": "615cc72f034945ac8f19749e59ec7fb2", "routes": [], "id": "ce36fb1c-3817-4070-884e-51a9630e67e1"}}
2015-12-14 21:04:03,349 24635 INFO     [tempest_lib.common.rest_client] Request (TestNetworkBasicOps:test_connectivity_between_vms_on_different_networks): 200 GET http://10.0.2.15:9696/v2.0/subnets?tenant_id=615cc72f034945ac8f19749e59ec7fb2&amp;cidr=10.100.0.0%2F28 0.132s
2015-12-14 21:04:03,349 24635 DEBUG    [tempest_lib.common.rest_client] Request - Headers: {'Content-Type': 'application/json', 'Accept': 'application/json', 'X-Auth-Token': '&lt;omitted&gt;'}
        Body: None
    Response - Headers: {'status': '200', 'content-length': '15', 'content-location': 'http://10.0.2.15:9696/v2.0/subnets?tenant_id=615cc72f034945ac8f19749e59ec7fb2&amp;cidr=10.100.0.0%2F28', 'connection': 'close', 'date': 'Mon, 14 Dec 2015 21:04:03 GMT', 'content-type': 'application/json; charset=UTF-8', 'x-openstack-request-id': 'req-fd680a50-a2e1-4b49-9016-a65e6d21e9d8'}
        Body: {"subnets": []}
2015-12-14 21:04:03,614 24635 INFO     [tempest_lib.common.rest_client] Request (TestNetworkBasicOps:test_connectivity_between_vms_on_different_networks): 201 POST http://10.0.2.15:9696/v2.0/subnets 0.264s
2015-12-14 21:04:03,614 24635 DEBUG    [tempest_lib.common.rest_client] Request - Headers: {'Content-Type': 'application/json', 'Accept': 'application/json', 'X-Auth-Token': '&lt;omitted&gt;'}
        Body: {"subnet": {"ip_version": 4, "tenant_id": "615cc72f034945ac8f19749e59ec7fb2", "cidr": "10.100.0.0/28", "network_id": "a9fd9808-dfee-400f-9443-e64db4947be8", "name": "tempest-subnet-smoke-2087271678"}}
    Response - Headers: {'status': '201', 'content-length': '478', 'connection': 'close', 'date': 'Mon, 14 Dec 2015 21:04:03 GMT', 'content-type': 'application/json; charset=UTF-8', 'x-openstack-request-id': 'req-774dc571-e069-47b7-ae1c-afe50b40602b'}
        Body: {"subnet": {"name": "tempest-subnet-smoke-2087271678", "enable_dhcp": true, "network_id": "a9fd9808-dfee-400f-9443-e64db4947be8", "tenant_id": "615cc72f034945ac8f19749e59ec7fb2", "dns_nameservers": [], "gateway_ip": "10.100.0.1", "ipv6_ra_mode": null, "allocation_pools": [{"start": "10.100.0.2", "end": "10.100.0.14"}], "host_routes": [], "ip_version": 4, "ipv6_address_mode": null, "cidr": "10.100.0.0/28", "id": "68e71146-32a9-4ecb-b7aa-79b51952c215", "subnetpool_id": null}}
2015-12-14 21:04:04,113 24635 INFO     [tempest_lib.common.rest_client] Request (TestNetworkBasicOps:test_connectivity_between_vms_on_different_networks): 200 PUT http://10.0.2.15:9696/v2.0/routers/ce36fb1c-3817-4070-884e-51a9630e67e1/add_router_interface 0.497s
2015-12-14 21:04:04,113 24635 DEBUG    [tempest_lib.common.rest_client] Request - Headers: {'Content-Type': 'application/json', 'Accept': 'application/json', 'X-Auth-Token': '&lt;omitted&gt;'}
        Body: {"subnet_id": "68e71146-32a9-4ecb-b7aa-79b51952c215"}
    Response - Headers: {'status': '200', 'content-length': '255', 'connection': 'close', 'date': 'Mon, 14 Dec 2015 21:04:04 GMT', 'content-type': 'application/json; charset=UTF-8', 'x-openstack-request-id': 'req-cf922842-1b02-4af0-9fab-d90f7087ae92'}
        Body: {"subnet_id": "68e71146-32a9-4ecb-b7aa-79b51952c215", "tenant_id": "615cc72f034945ac8f19749e59ec7fb2", "subnet_ids": ["68e71146-32a9-4ecb-b7aa-79b51952c215"], "port_id": "769fadfa-a1be-487a-8cf8-845dc504243f", "id": "ce36fb1c-3817-4070-884e-51a9630e67e1"}
2015-12-14 21:04:04,258 24635 INFO     [tempest_lib.common.rest_client] Request (TestNetworkBasicOps:test_connectivity_between_vms_on_different_networks): 200 GET http://10.0.2.15:9696/v2.0/networks 0.144s
2015-12-14 21:04:04,259 24635 DEBUG    [tempest_lib.common.rest_client] Request - Headers: {'Content-Type': 'application/json', 'Accept': 'application/json', 'X-Auth-Token': '&lt;omitted&gt;'}
        Body: None
    Response - Headers: {'status': '200', 'content-length': '1317', 'content-location': 'http://10.0.2.15:9696/v2.0/networks', 'connection': 'close', 'date': 'Mon, 14 Dec 2015 21:04:04 GMT', 'content-type': 'application/json; charset=UTF-8', 'x-openstack-request-id': 'req-a93d4200-51f4-485b-a30a-bb925e7f658d'}
        Body: {"networks": [{"status": "ACTIVE", "subnets": ["05d56d52-1461-4b45-bdab-df304a8c3c72", "f63f4ef1-60f3-468e-8c7d-45c2ff96777b"], "name": "private", "provider:physical_network": null, "admin_state_up": true, "tenant_id": "db48fae6aea74adc88c1cc4adac8f0ce", "mtu": 0, "router:external": false, "shared": false, "port_security_enabled": true, "provider:network_type": "vxlan", "id": "3b67b07b-5938-41a8-b296-56fc34b33b72", "provider:segmentation_id": 1093}, {"status": "ACTIVE", "subnets": ["49131853-543a-48aa-932b-fa02932e965a", "08b9aa05-8419-4702-8d6f-dc952947b7a2"], "name": "public", "provider:physical_network": null, "admin_state_up": true, "tenant_id": "372ef6918c2f4ed78732ed072be4a95b", "mtu": 0, "router:external": true, "shared": false, "port_security_enabled": true, "provider:network_type": "vxlan", "id": "93531e4c-e679-4ca0-b883-0a4bbf0db025", "provider:segmentation_id": 1085}, {"status": "ACTIVE", "subnets": ["68e71146-32a9-4ecb-b7aa-79b51952c215"], "name": "tempest-network-smoke--485376358", "provider:physical_network": null, "admin_state_up": true, "tenant_id": "615cc72f034945ac8f19749e59ec7fb2", "mtu": 0, "router:external": false, "shared": false, "port_security_enabled": true, "provider:network_type": "vxlan", "id": "a9fd9808-dfee-400f-9443-e64db4947be8", "provider:segmentation_id": 1083}]}
2015-12-14 21:04:04,427 24635 INFO     [tempest_lib.common.rest_client] Request (TestNetworkBasicOps:test_connectivity_between_vms_on_different_networks): 200 GET http://10.0.2.15:9696/v2.0/subnets 0.168s
2015-12-14 21:04:04,428 24635 DEBUG    [tempest_lib.common.rest_client] Request - Headers: {'Content-Type': 'application/json', 'Accept': 'application/json', 'X-Auth-Token': '&lt;omitted&gt;'}
        Body: None
    Response - Headers: {'status': '200', 'content-length': '2408', 'content-location': 'http://10.0.2.15:9696/v2.0/subnets', 'connection': 'close', 'date': 'Mon, 14 Dec 2015 21:04:04 GMT', 'content-type': 'application/json; charset=UTF-8', 'x-openstack-request-id': 'req-9b791533-9713-4748-8953-d70993e56ad6'}
        Body: {"subnets": [{"name": "public-subnet", "enable_dhcp": false, "network_id": "93531e4c-e679-4ca0-b883-0a4bbf0db025", "tenant_id": "372ef6918c2f4ed78732ed072be4a95b", "dns_nameservers": [], "gateway_ip": "172.24.4.1", "ipv6_ra_mode": null, "allocation_pools": [{"start": "172.24.4.2", "end": "172.24.4.254"}], "host_routes": [], "ip_version": 4, "ipv6_address_mode": null, "cidr": "172.24.4.0/24", "id": "49131853-543a-48aa-932b-fa02932e965a", "subnetpool_id": null}, {"name": "ipv6-private-subnet", "enable_dhcp": true, "network_id": "3b67b07b-5938-41a8-b296-56fc34b33b72", "tenant_id": "db48fae6aea74adc88c1cc4adac8f0ce", "dns_nameservers": [], "gateway_ip": "fd4c:4389:4a3d::1", "ipv6_ra_mode": "slaac", "allocation_pools": [{"start": "fd4c:4389:4a3d::2", "end": "fd4c:4389:4a3d:0:ffff:ffff:ffff:ffff"}], "host_routes": [], "ip_version": 6, "ipv6_address_mode": "slaac", "cidr": "fd4c:4389:4a3d::/64", "id": "05d56d52-1461-4b45-bdab-df304a8c3c72", "subnetpool_id": null}, {"name": "tempest-subnet-smoke-2087271678", "enable_dhcp": true, "network_id": "a9fd9808-dfee-400f-9443-e64db4947be8", "tenant_id": "615cc72f034945ac8f19749e59ec7fb2", "dns_nameservers": [], "gateway_ip": "10.100.0.1", "ipv6_ra_mode": null, "allocation_pools": [{"start": "10.100.0.2", "end": "10.100.0.14"}], "host_routes": [], "ip_version": 4, "ipv6_address_mode": null, "cidr": "10.100.0.0/28", "id": "68e71146-32a9-4ecb-b7aa-79b51952c215", "subnetpool_id": null}, {"name": "ipv6-public-subnet", "enable_dhcp": false, "network_id": "93531e4c-e679-4ca0-b883-0a4bbf0db025", "tenant_id": "372ef6918c2f4ed78732ed072be4a95b", "dns_nameservers": [], "gateway_ip": "2001:db8::2", "ipv6_ra_mode": null, "allocation_pools": [{"start": "2001:db8::1", "end": "2001:db8::1"}, {"start": "2001:db8::3", "end": "2001:db8::ffff:ffff:ffff:ffff"}], "host_routes": [], "ip_version": 6, "ipv6_address_mode": null, "cidr": "2001:db8::/64", "id": "08b9aa05-8419-4702-8d6f-dc952947b7a2", "subnetpool_id": null}, {"name": "private-subnet", "enable_dhcp": true, "network_id": "3b67b07b-5938-41a8-b296-56fc34b33b72", "tenant_id": "db48fae6aea74adc88c1cc4adac8f0ce", "dns_nameservers": [], "gateway_ip": "10.0.0.1", "ipv6_ra_mode": null, "allocation_pools": [{"start": "10.0.0.2", "end": "10.0.0.254"}], "host_routes": [], "ip_version": 4, "ipv6_address_mode": null, "cidr": "10.0.0.0/24", "id": "f63f4ef1-60f3-468e-8c7d-45c2ff96777b", "subnetpool_id": null}]}
2015-12-14 21:04:04,476 24635 INFO     [tempest_lib.common.rest_client] Request (TestNetworkBasicOps:test_connectivity_between_vms_on_different_networks): 200 GET http://10.0.2.15:9696/v2.0/routers 0.047s
2015-12-14 21:04:04,477 24635 DEBUG    [tempest_lib.common.rest_client] Request - Headers: {'Content-Type': 'application/json', 'Accept': 'application/json', 'X-Auth-Token': '&lt;omitted&gt;'}
        Body: None
    Response - Headers: {'status': '200', 'content-length': '1040', 'content-location': 'http://10.0.2.15:9696/v2.0/routers', 'connection': 'close', 'date': 'Mon, 14 Dec 2015 21:04:04 GMT', 'content-type': 'application/json; charset=UTF-8', 'x-openstack-request-id': 'req-c39bdad7-80e9-48d2-83dc-e35a936d76fe'}
        Body: {"routers": [{"status": "ACTIVE", "external_gateway_info": {"network_id": "93531e4c-e679-4ca0-b883-0a4bbf0db025", "enable_snat": true, "external_fixed_ips": [{"subnet_id": "49131853-543a-48aa-932b-fa02932e965a", "ip_address": "172.24.4.2"}, {"subnet_id": "08b9aa05-8419-4702-8d6f-dc952947b7a2", "ip_address": "2001:db8::1"}]}, "name": "router1", "admin_state_up": true, "tenant_id": "db48fae6aea74adc88c1cc4adac8f0ce", "distributed": false, "routes": [], "ha": false, "id": "6fbbba08-5419-4730-b5e6-1967c4279ba8"}, {"status": "ACTIVE", "external_gateway_info": {"network_id": "93531e4c-e679-4ca0-b883-0a4bbf0db025", "enable_snat": true, "external_fixed_ips": [{"subnet_id": "49131853-543a-48aa-932b-fa02932e965a", "ip_address": "172.24.4.3"}, {"subnet_id": "08b9aa05-8419-4702-8d6f-dc952947b7a2", "ip_address": "2001:db8::3"}]}, "name": "tempest-router-smoke-250620867", "admin_state_up": true, "tenant_id": "615cc72f034945ac8f19749e59ec7fb2", "distributed": false, "routes": [], "ha": false, "id": "ce36fb1c-3817-4070-884e-51a9630e67e1"}]}
2015-12-14 21:04:04,774 24635 INFO     [tempest_lib.common.rest_client] Request (TestNetworkBasicOps:test_connectivity_between_vms_on_different_networks): 200 POST http://10.0.2.15:8774/v2.1/615cc72f034945ac8f19749e59ec7fb2/os-keypairs 0.295s
2015-12-14 21:04:04,775 24635 DEBUG    [tempest_lib.common.rest_client] Request - Headers: {'Content-Type': 'application/json', 'Accept': 'application/json', 'X-Auth-Token': '&lt;omitted&gt;'}
        Body: {"keypair": {"name": "tempest-TestNetworkBasicOps-1691531442"}}
    Response - Headers: {'status': '200', 'content-length': '2321', 'x-compute-request-id': 'req-f90666f8-42eb-4044-ad20-d90ed43005d4', 'vary': 'X-OpenStack-Nova-API-Version', 'connection': 'close', 'x-openstack-nova-api-version': '2.1', 'date': 'Mon, 14 Dec 2015 21:04:04 GMT', 'content-type': 'application/json'}
        Body: {"keypair": {"public_key": "ssh-rsa AAAAB3NzaC1yc2EAAAADAQABAAABAQCWVtCCXLvVMkFZt+H99GZTsddvp/1cl1UlW4M2wnfb9sb6p3fGfGOM94wFE7QZnA3dePxXCdoVupQtuT+Y/HfBoBjE0thIwxNlbhO7kArIqYy5sRdS/NthyKkFOL1g9cj9kVEYRrNz4nTmN9qFZZqttHaHF9eilOf7jTCHOeVRrHfXN+vHcOwyxMndKiHP76QFtWXVe2eJ2/ffthVNdGBi6H9PJwbHxjDjS9dr3wa83kZMWwlw2YC+vO7BKjE8AzvVvzL+T5+0zXDRWOV2/ox/QZbbeAllXiOq/HiagDR24T0SeU1mx3zauwg0hfBrH8GZoE/gwiZWnMWI1aYfkfmR Generated-by-Nova", "private_key": "-----BEGIN RSA PRIVATE KEY-----\nMIIEqQIBAAKCAQEAllbQgly71TJBWbfh/fRmU7HXb6f9XJdVJVuDNsJ32/bG+qd3\nxnxjjPeMBRO0GZwN3Xj8VwnaFbqULbk/mPx3waAYxNLYSMMTZW4Tu5AKyKmMubEX\nUvzbYcipBTi9YPXI/ZFRGEazc+J05jfahWWarbR2hxfXopTn+40whznlUax31zfr\nx3DsMsTJ3Sohz++kBbVl1Xtnidv337YVTXRgYuh/TycGx8Yw40vXa98GvN5GTFsJ\ncNmAvrzuwSoxPAM71b8y/k+ftM1w0Vjldv6Mf0GW23gJZV4jqvx4moA0duE9EnlN\nZsd82rsINIXwax/BmaBP4MImVpzFiNWmH5H5kQIDAQABAoIBACL3gDnB7eIxdSez\n8DlL/fzbcVtD/Fbrz98HgOZcptofdLpZ9y7QQatI7GVF5u7J8COh/zcTUIkbQ1m7\nK4Kevg/n97rXu3x4+urthmNqpkdzwAp0mRMxQqlkrYNMZifGIwBvKyh1UUnT0xK0\nzPuX3TknryXOstXawnYsqavaGG89TbgkA9Qrjxag8KZ66qrJYlI+Q49YKnMe8QLn\npWTE7loLDxBVQN8zYWRtQpqilZPxUvw7YdXRUvzFkyMx/AXJywS1soMrAElJKFCJ\nWkIkwa1UUhQRzm84DN+CwCQumWYdR/7vStw8uGn64pTTTUzIf7hxTS2nhMzk3OOl\nssZQQMECggCBAL4F75ThKokfzce8MRu3aIwbHdNIK2WxvSUQGMRUYu+JEjoSKEIT\no0LoyW82JtgGhVKvqAO2fjEdAPt+BScgDOA4KaNK9o8yA2TdGaqWcNE5V0uy/Vgs\nzCtxwHd3HiFgqZEn283kq6/ZyDU6GrVxYlPMam5kyJglMFrSPkX2ebTJAoIAgQDK\niZdGSVtGb6ddGRp1maB8K2jNhj8h0Pnj05VzkBRlByihHWqAk8CSDFWU74PQN5EU\nkg/pgnp34wWpyjAeyYVRE7BHHdnA+9IH5RqWbtZSHubChw0zKQs5nL+pwc+VFO39\n52+rSGjPU45dwb0z4wUvCotBC9eoBCajkjidCm1qiQKCAIEAq+VIvoAV72eSym1G\na1E1xRA+ocN2Zo8rkFyIWwoPWarAj0Gfo26KUNuuZOkyqFb1wj/emEU80IbxPY/Z\nb3RB0Y9cszf75LuUcGjGcBeZRNs/Sd5H6bzUkTRcrHVYD0+W9RV+dDm4yeITh3rh\ncGN6VF3lpamMAH4byPzJkpaNsGkCggCBAI74LTbKVYoVCvlm3Qyik2zTX7mkyC/g\nymUOWHMpA5yFPyLsFuAIbGksF8V4hX2Xm+v/ZwgYuMakFL1UIj+5VUh0M30gDzRx\nDkPQb8I9H0D82zv6BVFV6byTb6AvVY8RJSaUFnm8NXAUtWxtdFeKK4CXWtFhwKuz\nsmrIrvn8AFyxAoIAgGT3eh/dw+Q6qpvQ/GsDBjPoDyG8z1s3czxN5XP03rTWZQEz\nCao1PyDrJAMf49c69+1PIW0LplZtUarWr/lkg9EIwIqLd+w39+5mlrRTFxG3+KEM\nMZhsY5y7ZGHofd0jvNZ1s/ckCf2SZNr327mxYOz3WKTkUwZMHiuhi9R0u1HN\n-----END RSA PRIVATE KEY-----\n", "user_id": "ca1c995e574847719cf69dcba8ec8264", "name": "tempest-TestNetworkBasicOps-1691531442", "fingerprint": "16:19:64:33:1d:ba:33:9b:cb:11:37:88:06:0e:e1:6d"}}
2015-12-14 21:04:04,882 24635 INFO     [tempest_lib.common.rest_client] Request (TestNetworkBasicOps:test_connectivity_between_vms_on_different_networks): 200 POST http://10.0.2.15:5000/v2.0/tokens
2015-12-14 21:04:04,882 24635 DEBUG    [tempest_lib.common.rest_client] Request - Headers: {'Content-Type': 'application/json', 'Accept': 'application/json'}
        Body: &lt;omitted&gt;
    Response - Headers: {'status': '200', 'content-length': '2530', 'vary': 'X-Auth-Token', 'server': 'Apache/2.4.7 (Ubuntu)', 'connection': 'close', 'date': 'Mon, 14 Dec 2015 21:04:04 GMT', 'content-type': 'application/json', 'x-openstack-request-id': 'req-3481e4ad-e036-4aaf-b965-bb4bbcca3bb3'}
        Body: {"access": {"token": {"issued_at": "2015-12-14T21:04:04.872991", "expires": "2015-12-14T22:04:04Z", "id": "8e5ac51750334af8a10b2616b7c2408b", "tenant": {"description": "tempest-TestNetworkBasicOps-1987692699-desc", "enabled": true, "id": "615cc72f034945ac8f19749e59ec7fb2", "name": "tempest-TestNetworkBasicOps-1987692699"}, "audit_ids": ["AYejS3hAQhCaEm8YdEplmA"]}, "serviceCatalog": [{"endpoints": [{"adminURL": "http://10.0.2.15:8774/v2.1/615cc72f034945ac8f19749e59ec7fb2", "region": "RegionOne", "internalURL": "http://10.0.2.15:8774/v2.1/615cc72f034945ac8f19749e59ec7fb2", "id": "1f90c7e966a94e20b9774c700bd5382f", "publicURL": "http://10.0.2.15:8774/v2.1/615cc72f034945ac8f19749e59ec7fb2"}], "endpoints_links": [], "type": "compute", "name": "nova"}, {"endpoints": [{"adminURL": "http://10.0.2.15:9696/", "region": "RegionOne", "internalURL": "http://10.0.2.15:9696/", "id": "25d81056bae24715948af11d0b899be8", "publicURL": "http://10.0.2.15:9696/"}], "endpoints_links": [], "type": "network", "name": "neutron"}, {"endpoints": [{"adminURL": "http://10.0.2.15:9292", "region": "RegionOne", "internalURL": "http://10.0.2.15:9292", "id": "12a6dd1623ef4000a94da72cf0617270", "publicURL": "http://10.0.2.15:9292"}], "endpoints_links": [], "type": "image", "name": "glance"}, {"endpoints": [{"adminURL": "http://10.0.2.15:8774/v2/615cc72f034945ac8f19749e59ec7fb2", "region": "RegionOne", "internalURL": "http://10.0.2.15:8774/v2/615cc72f034945ac8f19749e59ec7fb2", "id": "269e0849abf74cecbaa05a412102e938", "publicURL": "http://10.0.2.15:8774/v2/615cc72f034945ac8f19749e59ec7fb2"}], "endpoints_links": [], "type": "compute_legacy", "name": "nova_legacy"}, {"endpoints": [{"adminURL": "http://10.0.2.15:8773/", "region": "RegionOne", "internalURL": "http://10.0.2.15:8773/", "id": "5eeb7dbdcdf842919291215958cb5231", "publicURL": "http://10.0.2.15:8773/"}], "endpoints_links": [], "type": "ec2", "name": "ec2"}, {"endpoints": [{"adminURL": "http://10.0.2.15:35357/v2.0", "region": "RegionOne", "internalURL": "http://10.0.2.15:5000/v2.0", "id": "9a90a234c119485fbcec0bf0ef096338", "publicURL": "http://10.0.2.15:5000/v2.0"}], "endpoints_links": [], "type": "identity", "name": "keystone"}], "user": {"username": "tempest-TestNetworkBasicOps-1696674306", "roles_links": [], "id": "ca1c995e574847719cf69dcba8ec8264", "roles": [{"name": "_member_"}, {"name": "Member"}], "name": "tempest-TestNetworkBasicOps-1696674306"}, "metadata": {"is_admin": 0, "roles": ["9fe2ff9ee4384b1894a90878d3e92bab", "2c22c64be816421d80734b94a80210dc"]}}}
2015-12-14 21:04:04,886 24635 DEBUG    [tempest.common.fixed_network] (TestNetworkBasicOps:test_connectivity_between_vms_on_different_networks) No valid network provided or created, defaulting to fixed_network_name
2015-12-14 21:04:05,171 24635 INFO     [tempest_lib.common.rest_client] Request (TestNetworkBasicOps:test_connectivity_between_vms_on_different_networks): 200 GET http://10.0.2.15:8774/v2.1/615cc72f034945ac8f19749e59ec7fb2/os-networks 0.283s
2015-12-14 21:04:05,171 24635 DEBUG    [tempest_lib.common.rest_client] Request - Headers: {'Content-Type': 'application/json', 'Accept': 'application/json', 'X-Auth-Token': '&lt;omitted&gt;'}
        Body: None
    Response - Headers: {'status': '200', 'content-length': '478', 'content-location': 'http://10.0.2.15:8774/v2.1/615cc72f034945ac8f19749e59ec7fb2/os-networks', 'x-compute-request-id': 'req-8650b6b4-ae2a-4d58-985f-c3e9bad1f3ba', 'vary': 'X-OpenStack-Nova-API-Version', 'connection': 'close', 'x-openstack-nova-api-version': '2.1', 'date': 'Mon, 14 Dec 2015 21:04:05 GMT', 'content-type': 'application/json'}
        Body: {"networks": [{"cidr_v6": null, "dns2": null, "dns1": null, "gateway": null, "broadcast": null, "netmask": null, "gateway_v6": null, "cidr": null, "label": "public", "id": "93531e4c-e679-4ca0-b883-0a4bbf0db025", "netmask_v6": null}, {"cidr_v6": null, "dns2": null, "dns1": null, "gateway": null, "broadcast": null, "netmask": null, "gateway_v6": null, "cidr": null, "label": "tempest-network-smoke--485376358", "id": "a9fd9808-dfee-400f-9443-e64db4947be8", "netmask_v6": null}]}
2015-12-14 21:04:05,172 24635 WARNING  [tempest.common.fixed_network] (TestNetworkBasicOps:test_connectivity_between_vms_on_different_networks) Network with name: private not found
2015-12-14 21:04:05,172 24635 INFO     [tempest.common.fixed_network] (TestNetworkBasicOps:test_connectivity_between_vms_on_different_networks) Found network {} available for tenant
2015-12-14 21:04:06,934 24635 INFO     [tempest_lib.common.rest_client] Request (TestNetworkBasicOps:test_connectivity_between_vms_on_different_networks): 202 POST http://10.0.2.15:8774/v2.1/615cc72f034945ac8f19749e59ec7fb2/servers 1.760s
2015-12-14 21:04:06,934 24635 DEBUG    [tempest_lib.common.rest_client] Request - Headers: {'Content-Type': 'application/json', 'Accept': 'application/json', 'X-Auth-Token': '&lt;omitted&gt;'}
        Body: {"server": {"name": "tempest.common.compute-instance-1037742268", "imageRef": "92e3429e-5de4-45be-bd29-3d0b2f9810b0", "key_name": "tempest-TestNetworkBasicOps-1691531442", "flavorRef": "42", "networks": [{"uuid": "a9fd9808-dfee-400f-9443-e64db4947be8"}], "security_groups": [{"name": "tempest-secgroup-smoke-1880927425"}]}}
    Response - Headers: {'status': '202', 'content-length': '462', 'x-compute-request-id': 'req-caa310fc-4d93-4b3f-bfbe-b996b07afa52', 'vary': 'X-OpenStack-Nova-API-Version', 'connection': 'close', 'location': 'http://10.0.2.15:8774/v2.1/615cc72f034945ac8f19749e59ec7fb2/servers/721ac106-22db-472a-9cea-447a5be3d696', 'x-openstack-nova-api-version': '2.1', 'date': 'Mon, 14 Dec 2015 21:04:06 GMT', 'content-type': 'application/json'}
        Body: {"server": {"security_groups": [{"name": "tempest-secgroup-smoke-1880927425"}], "OS-DCF:diskConfig": "MANUAL", "id": "721ac106-22db-472a-9cea-447a5be3d696", "links": [{"href": "http://10.0.2.15:8774/v2.1/615cc72f034945ac8f19749e59ec7fb2/servers/721ac106-22db-472a-9cea-447a5be3d696", "rel": "self"}, {"href": "http://10.0.2.15:8774/615cc72f034945ac8f19749e59ec7fb2/servers/721ac106-22db-472a-9cea-447a5be3d696", "rel": "bookmark"}], "adminPass": "99rGaeEj35LN"}}
2015-12-14 21:04:07,069 24635 INFO     [tempest_lib.common.rest_client] Request (TestNetworkBasicOps:test_connectivity_between_vms_on_different_networks): 200 GET http://10.0.2.15:8774/v2.1/615cc72f034945ac8f19749e59ec7fb2/servers/721ac106-22db-472a-9cea-447a5be3d696 0.131s
2015-12-14 21:04:07,069 24635 DEBUG    [tempest_lib.common.rest_client] Request - Headers: {'Content-Type': 'application/json', 'Accept': 'application/json', 'X-Auth-Token': '&lt;omitted&gt;'}
        Body: None
    Response - Headers: {'status': '200', 'content-length': '1356', 'content-location': 'http://10.0.2.15:8774/v2.1/615cc72f034945ac8f19749e59ec7fb2/servers/721ac106-22db-472a-9cea-447a5be3d696', 'x-compute-request-id': 'req-98981d7d-64e9-4526-908a-1bd7bd72ac6f', 'vary': 'X-OpenStack-Nova-API-Version', 'connection': 'close', 'x-openstack-nova-api-version': '2.1', 'date': 'Mon, 14 Dec 2015 21:04:07 GMT', 'content-type': 'application/json'}
        Body: {"server": {"status": "BUILD", "updated": "2015-12-14T21:04:07Z", "hostId": "", "addresses": {}, "links": [{"href": "http://10.0.2.15:8774/v2.1/615cc72f034945ac8f19749e59ec7fb2/servers/721ac106-22db-472a-9cea-447a5be3d696", "rel": "self"}, {"href": "http://10.0.2.15:8774/615cc72f034945ac8f19749e59ec7fb2/servers/721ac106-22db-472a-9cea-447a5be3d696", "rel": "bookmark"}], "key_name": "tempest-TestNetworkBasicOps-1691531442", "image": {"id": "92e3429e-5de4-45be-bd29-3d0b2f9810b0", "links": [{"href": "http://10.0.2.15:8774/615cc72f034945ac8f19749e59ec7fb2/images/92e3429e-5de4-45be-bd29-3d0b2f9810b0", "rel": "bookmark"}]}, "OS-EXT-STS:task_state": "scheduling", "OS-EXT-STS:vm_state": "building", "OS-SRV-USG:launched_at": null, "flavor": {"id": "42", "links": [{"href": "http://10.0.2.15:8774/615cc72f034945ac8f19749e59ec7fb2/flavors/42", "rel": "bookmark"}]}, "id": "721ac106-22db-472a-9cea-447a5be3d696", "OS-SRV-USG:terminated_at": null, "OS-EXT-AZ:availability_zone": "", "user_id": "ca1c995e574847719cf69dcba8ec8264", "name": "tempest.common.compute-instance-1037742268", "created": "2015-12-14T21:04:06Z", "tenant_id": "615cc72f034945ac8f19749e59ec7fb2", "OS-DCF:diskConfig": "MANUAL", "os-extended-volumes:volumes_attached": [], "accessIPv4": "", "accessIPv6": "", "progress": 0, "OS-EXT-STS:power_state": 0, "config_drive": "", "metadata": {}}}
2015-12-14 21:04:08,414 24635 INFO     [tempest_lib.common.rest_client] Request (TestNetworkBasicOps:test_connectivity_between_vms_on_different_networks): 200 GET http://10.0.2.15:8774/v2.1/615cc72f034945ac8f19749e59ec7fb2/servers/721ac106-22db-472a-9cea-447a5be3d696 0.335s
2015-12-14 21:04:08,414 24635 DEBUG    [tempest_lib.common.rest_client] Request - Headers: {'Content-Type': 'application/json', 'Accept': 'application/json', 'X-Auth-Token': '&lt;omitted&gt;'}
        Body: None
    Response - Headers: {'status': '200', 'content-length': '1482', 'content-location': 'http://10.0.2.15:8774/v2.1/615cc72f034945ac8f19749e59ec7fb2/servers/721ac106-22db-472a-9cea-447a5be3d696', 'x-compute-request-id': 'req-9b73158d-3eee-4b01-bb7f-04098ee36bf1', 'vary': 'X-OpenStack-Nova-API-Version', 'connection': 'close', 'x-openstack-nova-api-version': '2.1', 'date': 'Mon, 14 Dec 2015 21:04:08 GMT', 'content-type': 'application/json'}
        Body: {"server": {"status": "BUILD", "updated": "2015-12-14T21:04:07Z", "hostId": "98efa36e147aa58a6d586501f73c1d47a8f0e59cb033559d325a1646", "addresses": {}, "links": [{"href": "http://10.0.2.15:8774/v2.1/615cc72f034945ac8f19749e59ec7fb2/servers/721ac106-22db-472a-9cea-447a5be3d696", "rel": "self"}, {"href": "http://10.0.2.15:8774/615cc72f034945ac8f19749e59ec7fb2/servers/721ac106-22db-472a-9cea-447a5be3d696", "rel": "bookmark"}], "key_name": "tempest-TestNetworkBasicOps-1691531442", "image": {"id": "92e3429e-5de4-45be-bd29-3d0b2f9810b0", "links": [{"href": "http://10.0.2.15:8774/615cc72f034945ac8f19749e59ec7fb2/images/92e3429e-5de4-45be-bd29-3d0b2f9810b0", "rel": "bookmark"}]}, "OS-EXT-STS:task_state": "spawning", "OS-EXT-STS:vm_state": "building", "OS-SRV-USG:launched_at": null, "flavor": {"id": "42", "links": [{"href": "http://10.0.2.15:8774/615cc72f034945ac8f19749e59ec7fb2/flavors/42", "rel": "bookmark"}]}, "id": "721ac106-22db-472a-9cea-447a5be3d696", "security_groups": [{"name": "tempest-secgroup-smoke-1880927425"}], "OS-SRV-USG:terminated_at": null, "OS-EXT-AZ:availability_zone": "nova", "user_id": "ca1c995e574847719cf69dcba8ec8264", "name": "tempest.common.compute-instance-1037742268", "created": "2015-12-14T21:04:06Z", "tenant_id": "615cc72f034945ac8f19749e59ec7fb2", "OS-DCF:diskConfig": "MANUAL", "os-extended-volumes:volumes_attached": [], "accessIPv4": "", "accessIPv6": "", "progress": 0, "OS-EXT-STS:power_state": 0, "config_drive": "", "metadata": {}}}
2015-12-14 21:04:08,423 24635 INFO     [tempest.common.waiters] State transition "BUILD/scheduling" ==&gt; "BUILD/spawning" after 1 second wait
2015-12-14 21:04:09,626 24635 INFO     [tempest_lib.common.rest_client] Request (TestNetworkBasicOps:test_connectivity_between_vms_on_different_networks): 200 GET http://10.0.2.15:8774/v2.1/615cc72f034945ac8f19749e59ec7fb2/servers/721ac106-22db-472a-9cea-447a5be3d696 0.201s
2015-12-14 21:04:09,626 24635 DEBUG    [tempest_lib.common.rest_client] Request - Headers: {'Content-Type': 'application/json', 'Accept': 'application/json', 'X-Auth-Token': '&lt;omitted&gt;'}
        Body: None
    Response - Headers: {'status': '200', 'content-length': '1482', 'content-location': 'http://10.0.2.15:8774/v2.1/615cc72f034945ac8f19749e59ec7fb2/servers/721ac106-22db-472a-9cea-447a5be3d696', 'x-compute-request-id': 'req-94c66ed3-ca0d-48ca-b064-6b173e1bbe2d', 'vary': 'X-OpenStack-Nova-API-Version', 'connection': 'close', 'x-openstack-nova-api-version': '2.1', 'date': 'Mon, 14 Dec 2015 21:04:09 GMT', 'content-type': 'application/json'}
        Body: {"server": {"status": "BUILD", "updated": "2015-12-14T21:04:07Z", "hostId": "98efa36e147aa58a6d586501f73c1d47a8f0e59cb033559d325a1646", "addresses": {}, "links": [{"href": "http://10.0.2.15:8774/v2.1/615cc72f034945ac8f19749e59ec7fb2/servers/721ac106-22db-472a-9cea-447a5be3d696", "rel": "self"}, {"href": "http://10.0.2.15:8774/615cc72f034945ac8f19749e59ec7fb2/servers/721ac106-22db-472a-9cea-447a5be3d696", "rel": "bookmark"}], "key_name": "tempest-TestNetworkBasicOps-1691531442", "image": {"id": "92e3429e-5de4-45be-bd29-3d0b2f9810b0", "links": [{"href": "http://10.0.2.15:8774/615cc72f034945ac8f19749e59ec7fb2/images/92e3429e-5de4-45be-bd29-3d0b2f9810b0", "rel": "bookmark"}]}, "OS-EXT-STS:task_state": "spawning", "OS-EXT-STS:vm_state": "building", "OS-SRV-USG:launched_at": null, "flavor": {"id": "42", "links": [{"href": "http://10.0.2.15:8774/615cc72f034945ac8f19749e59ec7fb2/flavors/42", "rel": "bookmark"}]}, "id": "721ac106-22db-472a-9cea-447a5be3d696", "security_groups": [{"name": "tempest-secgroup-smoke-1880927425"}], "OS-SRV-USG:terminated_at": null, "OS-EXT-AZ:availability_zone": "nova", "user_id": "ca1c995e574847719cf69dcba8ec8264", "name": "tempest.common.compute-instance-1037742268", "created": "2015-12-14T21:04:06Z", "tenant_id": "615cc72f034945ac8f19749e59ec7fb2", "OS-DCF:diskConfig": "MANUAL", "os-extended-volumes:volumes_attached": [], "accessIPv4": "", "accessIPv6": "", "progress": 0, "OS-EXT-STS:power_state": 0, "config_drive": "", "metadata": {}}}
2015-12-14 21:04:10,845 24635 INFO     [tempest_lib.common.rest_client] Request (TestNetworkBasicOps:test_connectivity_between_vms_on_different_networks): 200 GET http://10.0.2.15:8774/v2.1/615cc72f034945ac8f19749e59ec7fb2/servers/721ac106-22db-472a-9cea-447a5be3d696 0.206s
2015-12-14 21:04:10,845 24635 DEBUG    [tempest_lib.common.rest_client] Request - Headers: {'Content-Type': 'application/json', 'Accept': 'application/json', 'X-Auth-Token': '&lt;omitted&gt;'}
        Body: None
    Response - Headers: {'status': '200', 'content-length': '1653', 'content-location': 'http://10.0.2.15:8774/v2.1/615cc72f034945ac8f19749e59ec7fb2/servers/721ac106-22db-472a-9cea-447a5be3d696', 'x-compute-request-id': 'req-32516534-3b4c-41cd-867f-9a896e3d8937', 'vary': 'X-OpenStack-Nova-API-Version', 'connection': 'close', 'x-openstack-nova-api-version': '2.1', 'date': 'Mon, 14 Dec 2015 21:04:10 GMT', 'content-type': 'application/json'}
        Body: {"server": {"status": "ACTIVE", "updated": "2015-12-14T21:04:10Z", "hostId": "98efa36e147aa58a6d586501f73c1d47a8f0e59cb033559d325a1646", "addresses": {"tempest-network-smoke--485376358": [{"OS-EXT-IPS-MAC:mac_addr": "fa:16:3e:8a:e9:42", "version": 4, "addr": "10.100.0.3", "OS-EXT-IPS:type": "fixed"}]}, "links": [{"href": "http://10.0.2.15:8774/v2.1/615cc72f034945ac8f19749e59ec7fb2/servers/721ac106-22db-472a-9cea-447a5be3d696", "rel": "self"}, {"href": "http://10.0.2.15:8774/615cc72f034945ac8f19749e59ec7fb2/servers/721ac106-22db-472a-9cea-447a5be3d696", "rel": "bookmark"}], "key_name": "tempest-TestNetworkBasicOps-1691531442", "image": {"id": "92e3429e-5de4-45be-bd29-3d0b2f9810b0", "links": [{"href": "http://10.0.2.15:8774/615cc72f034945ac8f19749e59ec7fb2/images/92e3429e-5de4-45be-bd29-3d0b2f9810b0", "rel": "bookmark"}]}, "OS-EXT-STS:task_state": null, "OS-EXT-STS:vm_state": "active", "OS-SRV-USG:launched_at": "2015-12-14T21:04:10.000000", "flavor": {"id": "42", "links": [{"href": "http://10.0.2.15:8774/615cc72f034945ac8f19749e59ec7fb2/flavors/42", "rel": "bookmark"}]}, "id": "721ac106-22db-472a-9cea-447a5be3d696", "security_groups": [{"name": "tempest-secgroup-smoke-1880927425"}], "OS-SRV-USG:terminated_at": null, "OS-EXT-AZ:availability_zone": "nova", "user_id": "ca1c995e574847719cf69dcba8ec8264", "name": "tempest.common.compute-instance-1037742268", "created": "2015-12-14T21:04:06Z", "tenant_id": "615cc72f034945ac8f19749e59ec7fb2", "OS-DCF:diskConfig": "MANUAL", "os-extended-volumes:volumes_attached": [], "accessIPv4": "", "accessIPv6": "", "progress": 0, "OS-EXT-STS:power_state": 1, "config_drive": "True", "metadata": {}}}
2015-12-14 21:04:10,854 24635 INFO     [tempest.common.waiters] State transition "BUILD/spawning" ==&gt; "ACTIVE/None" after 3 second wait
2015-12-14 21:04:11,038 24635 INFO     [tempest_lib.common.rest_client] Request (TestNetworkBasicOps:test_connectivity_between_vms_on_different_networks): 200 GET http://10.0.2.15:8774/v2.1/615cc72f034945ac8f19749e59ec7fb2/servers/721ac106-22db-472a-9cea-447a5be3d696 0.183s
2015-12-14 21:04:11,038 24635 DEBUG    [tempest_lib.common.rest_client] Request - Headers: {'Content-Type': 'application/json', 'Accept': 'application/json', 'X-Auth-Token': '&lt;omitted&gt;'}
        Body: None
    Response - Headers: {'status': '200', 'content-length': '1653', 'content-location': 'http://10.0.2.15:8774/v2.1/615cc72f034945ac8f19749e59ec7fb2/servers/721ac106-22db-472a-9cea-447a5be3d696', 'x-compute-request-id': 'req-255bf75e-afc8-4786-bcaa-621783f095b2', 'vary': 'X-OpenStack-Nova-API-Version', 'connection': 'close', 'x-openstack-nova-api-version': '2.1', 'date': 'Mon, 14 Dec 2015 21:04:11 GMT', 'content-type': 'application/json'}
        Body: {"server": {"status": "ACTIVE", "updated": "2015-12-14T21:04:10Z", "hostId": "98efa36e147aa58a6d586501f73c1d47a8f0e59cb033559d325a1646", "addresses": {"tempest-network-smoke--485376358": [{"OS-EXT-IPS-MAC:mac_addr": "fa:16:3e:8a:e9:42", "version": 4, "addr": "10.100.0.3", "OS-EXT-IPS:type": "fixed"}]}, "links": [{"href": "http://10.0.2.15:8774/v2.1/615cc72f034945ac8f19749e59ec7fb2/servers/721ac106-22db-472a-9cea-447a5be3d696", "rel": "self"}, {"href": "http://10.0.2.15:8774/615cc72f034945ac8f19749e59ec7fb2/servers/721ac106-22db-472a-9cea-447a5be3d696", "rel": "bookmark"}], "key_name": "tempest-TestNetworkBasicOps-1691531442", "image": {"id": "92e3429e-5de4-45be-bd29-3d0b2f9810b0", "links": [{"href": "http://10.0.2.15:8774/615cc72f034945ac8f19749e59ec7fb2/images/92e3429e-5de4-45be-bd29-3d0b2f9810b0", "rel": "bookmark"}]}, "OS-EXT-STS:task_state": null, "OS-EXT-STS:vm_state": "active", "OS-SRV-USG:launched_at": "2015-12-14T21:04:10.000000", "flavor": {"id": "42", "links": [{"href": "http://10.0.2.15:8774/615cc72f034945ac8f19749e59ec7fb2/flavors/42", "rel": "bookmark"}]}, "id": "721ac106-22db-472a-9cea-447a5be3d696", "security_groups": [{"name": "tempest-secgroup-smoke-1880927425"}], "OS-SRV-USG:terminated_at": null, "OS-EXT-AZ:availability_zone": "nova", "user_id": "ca1c995e574847719cf69dcba8ec8264", "name": "tempest.common.compute-instance-1037742268", "created": "2015-12-14T21:04:06Z", "tenant_id": "615cc72f034945ac8f19749e59ec7fb2", "OS-DCF:diskConfig": "MANUAL", "os-extended-volumes:volumes_attached": [], "accessIPv4": "", "accessIPv6": "", "progress": 0, "OS-EXT-STS:power_state": 1, "config_drive": "True", "metadata": {}}}
2015-12-14 21:04:11,046 24635 INFO     [tempest.scenario.manager] Tenant networks not configured to be reachable.
2015-12-14 21:04:11,077 24635 INFO     [tempest_lib.common.rest_client] Request (TestNetworkBasicOps:test_connectivity_between_vms_on_different_networks): 200 GET http://10.0.2.15:9696/v2.0/ports?status=ACTIVE&amp;fixed_ip=None&amp;device_id=721ac106-22db-472a-9cea-447a5be3d696 0.030s
2015-12-14 21:04:11,077 24635 DEBUG    [tempest_lib.common.rest_client] Request - Headers: {'Content-Type': 'application/json', 'Accept': 'application/json', 'X-Auth-Token': '&lt;omitted&gt;'}
        Body: None
    Response - Headers: {'status': '200', 'content-length': '895', 'content-location': 'http://10.0.2.15:9696/v2.0/ports?status=ACTIVE&amp;fixed_ip=None&amp;device_id=721ac106-22db-472a-9cea-447a5be3d696', 'connection': 'close', 'date': 'Mon, 14 Dec 2015 21:04:11 GMT', 'content-type': 'application/json; charset=UTF-8', 'x-openstack-request-id': 'req-4a626f4e-39c6-483b-b988-5e03f82856b8'}
        Body: {"ports": [{"status": "ACTIVE", "binding:host_id": "vagrant-ubuntu-trusty-64", "allowed_address_pairs": [], "extra_dhcp_opts": [], "dns_assignment": [{"hostname": "host-10-100-0-3", "ip_address": "10.100.0.3", "fqdn": "host-10-100-0-3.openstacklocal."}], "device_owner": "compute:None", "port_security_enabled": true, "binding:profile": {}, "fixed_ips": [{"subnet_id": "68e71146-32a9-4ecb-b7aa-79b51952c215", "ip_address": "10.100.0.3"}], "id": "ea8fedad-c6f4-4f72-9753-63134ed64f7d", "security_groups": ["9a688a72-5514-4d27-8f82-43e066812a1f"], "device_id": "721ac106-22db-472a-9cea-447a5be3d696", "name": "", "admin_state_up": true, "network_id": "a9fd9808-dfee-400f-9443-e64db4947be8", "dns_name": "", "binding:vif_details": {"port_filter": true}, "binding:vnic_type": "normal", "binding:vif_type": "ovs", "tenant_id": "615cc72f034945ac8f19749e59ec7fb2", "mac_address": "fa:16:3e:8a:e9:42"}]}
2015-12-14 21:04:11,472 24635 INFO     [tempest_lib.common.rest_client] Request (TestNetworkBasicOps:test_connectivity_between_vms_on_different_networks): 201 POST http://10.0.2.15:9696/v2.0/floatingips 0.394s
2015-12-14 21:04:11,472 24635 DEBUG    [tempest_lib.common.rest_client] Request - Headers: {'Content-Type': 'application/json', 'Accept': 'application/json', 'X-Auth-Token': '&lt;omitted&gt;'}
        Body: {"floatingip": {"floating_network_id": "93531e4c-e679-4ca0-b883-0a4bbf0db025", "tenant_id": "615cc72f034945ac8f19749e59ec7fb2", "fixed_ip_address": "10.100.0.3", "port_id": "ea8fedad-c6f4-4f72-9753-63134ed64f7d"}}
    Response - Headers: {'status': '201', 'content-length': '367', 'connection': 'close', 'date': 'Mon, 14 Dec 2015 21:04:11 GMT', 'content-type': 'application/json; charset=UTF-8', 'x-openstack-request-id': 'req-dea63efa-a17d-4fef-8298-af7c896b4603'}
        Body: {"floatingip": {"floating_network_id": "93531e4c-e679-4ca0-b883-0a4bbf0db025", "router_id": "ce36fb1c-3817-4070-884e-51a9630e67e1", "fixed_ip_address": "10.100.0.3", "floating_ip_address": "172.24.4.4", "tenant_id": "615cc72f034945ac8f19749e59ec7fb2", "status": "DOWN", "port_id": "ea8fedad-c6f4-4f72-9753-63134ed64f7d", "id": "f4643b6e-8944-48a3-8c4c-540322bf908b"}}
2015-12-14 21:04:11,490 24635 INFO     [tempest_lib.common.rest_client] Request (TestNetworkBasicOps:test_connectivity_between_vms_on_different_networks): 200 GET http://10.0.2.15:9696/v2.0/floatingips/f4643b6e-8944-48a3-8c4c-540322bf908b 0.016s
2015-12-14 21:04:11,490 24635 DEBUG    [tempest_lib.common.rest_client] Request - Headers: {'Content-Type': 'application/json', 'Accept': 'application/json', 'X-Auth-Token': '&lt;omitted&gt;'}
        Body: None
    Response - Headers: {'status': '200', 'content-length': '367', 'content-location': 'http://10.0.2.15:9696/v2.0/floatingips/f4643b6e-8944-48a3-8c4c-540322bf908b', 'connection': 'close', 'date': 'Mon, 14 Dec 2015 21:04:11 GMT', 'content-type': 'application/json; charset=UTF-8', 'x-openstack-request-id': 'req-daaac6ae-f199-4e6d-b7cb-e070c062092a'}
        Body: {"floatingip": {"floating_network_id": "93531e4c-e679-4ca0-b883-0a4bbf0db025", "router_id": "ce36fb1c-3817-4070-884e-51a9630e67e1", "fixed_ip_address": "10.100.0.3", "floating_ip_address": "172.24.4.4", "tenant_id": "615cc72f034945ac8f19749e59ec7fb2", "status": "DOWN", "port_id": "ea8fedad-c6f4-4f72-9753-63134ed64f7d", "id": "f4643b6e-8944-48a3-8c4c-540322bf908b"}}
2015-12-14 21:04:12,503 24635 INFO     [tempest_lib.common.rest_client] Request (TestNetworkBasicOps:test_connectivity_between_vms_on_different_networks): 200 GET http://10.0.2.15:9696/v2.0/floatingips/f4643b6e-8944-48a3-8c4c-540322bf908b 0.011s
2015-12-14 21:04:12,504 24635 DEBUG    [tempest_lib.common.rest_client] Request - Headers: {'Content-Type': 'application/json', 'Accept': 'application/json', 'X-Auth-Token': '&lt;omitted&gt;'}
        Body: None
    Response - Headers: {'status': '200', 'content-length': '369', 'content-location': 'http://10.0.2.15:9696/v2.0/floatingips/f4643b6e-8944-48a3-8c4c-540322bf908b', 'connection': 'close', 'date': 'Mon, 14 Dec 2015 21:04:12 GMT', 'content-type': 'application/json; charset=UTF-8', 'x-openstack-request-id': 'req-9b4f3cfa-8057-4ecf-ad3f-0aecd9fd917a'}
        Body: {"floatingip": {"floating_network_id": "93531e4c-e679-4ca0-b883-0a4bbf0db025", "router_id": "ce36fb1c-3817-4070-884e-51a9630e67e1", "fixed_ip_address": "10.100.0.3", "floating_ip_address": "172.24.4.4", "tenant_id": "615cc72f034945ac8f19749e59ec7fb2", "status": "ACTIVE", "port_id": "ea8fedad-c6f4-4f72-9753-63134ed64f7d", "id": "f4643b6e-8944-48a3-8c4c-540322bf908b"}}
2015-12-14 21:04:12,504 24635 INFO     [tempest.scenario.manager] FloatingIP: &lt;"FloatingIP" addr="172.24.4.4" id="f4643b6e-8944-48a3-8c4c-540322bf908b"&gt; is at status: ACTIVE
2015-12-14 21:04:12,504 24635 DEBUG    [tempest.scenario.manager] checking network connections to IP 172.24.4.4 with user: cirros
2015-12-14 21:04:12,505 24635 DEBUG    [tempest.scenario.manager] TestNetworkBasicOps:test_connectivity_between_vms_on_different_networks begins to ping 172.24.4.4 in 120 sec and the expected result is reachable
2015-12-14 21:06:13,823 24635 DEBUG    [tempest.scenario.manager] TestNetworkBasicOps:test_connectivity_between_vms_on_different_networks finishes ping 172.24.4.4 in 120 sec and the ping result is unexpected
2015-12-14 21:06:13,824 24635 ERROR    [tempest.scenario.manager] Public network connectivity check failed
2015-12-14 21:06:13.824 24635 ERROR tempest.scenario.manager Traceback (most recent call last):
2015-12-14 21:06:13.824 24635 ERROR tempest.scenario.manager   File "tempest/scenario/manager.py", line 606, in check_public_network_connectivity
2015-12-14 21:06:13.824 24635 ERROR tempest.scenario.manager     should_connect=should_connect)
2015-12-14 21:06:13.824 24635 ERROR tempest.scenario.manager   File "tempest/scenario/manager.py", line 590, in check_vm_connectivity
2015-12-14 21:06:13.824 24635 ERROR tempest.scenario.manager     msg=msg)
2015-12-14 21:06:13.824 24635 ERROR tempest.scenario.manager   File "/usr/local/lib/python2.7/dist-packages/unittest2/case.py", line 702, in assertTrue
2015-12-14 21:06:13.824 24635 ERROR tempest.scenario.manager     raise self.failureException(msg)
2015-12-14 21:06:13.824 24635 ERROR tempest.scenario.manager AssertionError: False is not true : Timed out waiting for 172.24.4.4 to become reachable
2015-12-14 21:06:13.824 24635 ERROR tempest.scenario.manager 
2015-12-14 21:06:14,047 24635 INFO     [tempest_lib.common.rest_client] Request (TestNetworkBasicOps:test_connectivity_between_vms_on_different_networks): 200 POST http://10.0.2.15:8774/v2.1/615cc72f034945ac8f19749e59ec7fb2/servers/721ac106-22db-472a-9cea-447a5be3d696/action 0.218s
2015-12-14 21:06:14,048 24635 DEBUG    [tempest_lib.common.rest_client] Request - Headers: {'Content-Type': 'application/json', 'Accept': 'application/json', 'X-Auth-Token': '&lt;omitted&gt;'}
        Body: {"os-getConsoleOutput": {}}
    Response - Headers: {'status': '200', 'content-length': '17581', 'x-compute-request-id': 'req-684c67ec-9cdd-4d67-9265-a640e0d78e48', 'vary': 'X-OpenStack-Nova-API-Version', 'connection': 'close', 'x-openstack-nova-api-version': '2.1', 'date': 'Mon, 14 Dec 2015 21:06:14 GMT', 'content-type': 'application/json'}
        Body: {"output": "[    0.000000] Initializing cgroup subsys cpuset\n[    0.000000] Initializing cgroup subsys cpu\n[    0.000000] Linux version 3.2.0-80-virtual (buildd@batsu) (gcc version 4.6.3 (Ubuntu/Linaro 4.6.3-1ubuntu5) ) #116-Ubuntu SMP Mon Mar 23 17:28:52 UTC 2015 (Ubuntu 3.2.0-80.116-virtual 3.2.68)\n[    0.000000] Command line: root=/dev/vda console=tty0 console=ttyS0 no_timer_check\n[    0.000000] KERNEL supported cpus:\n[    0.000000]   Intel GenuineIntel\n[    0.000000]   AMD AuthenticAMD\n[    0.000000]   Centaur CentaurHauls\n[    0.000000] BIOS-provided physical RAM map:\n[    0.000000]  BIOS-e820: 0000000000000000 - 000000000009fc00 (usable)\n[    0.000000]  BIOS-e820: 000000000009fc00 - 00000000000a0000 (reserved)\n[    0.000000]  BIOS-e820: 00000000000f0000 - 0000000000100000 (reserved)\n[    0.000000]  BIOS-e820: 0000000000100000 - 0000000003ffe000 (usable)\n[    0.000000]  BIOS-e820: 0000000003ffe000 - 0000000004000000 (reserved)\n[    0.000000]  BIOS-e820: 00000000fffc0000 - 0000000100000000 (reserved)\n[    0.000000] NX (Execute Disable) protection: active\n[    0.000000] SMBIOS 2.4 present.\n[    0.000000] No AGP bridge found\n[    0.000000] last_pfn = 0x3ffe max_arch_pfn = 0x400000000\n[    0.000000] x86 PAT enabled: cpu 0, old 0x7040600070406, new 0x7010600070106\n[    0.000000] found SMP MP-table at [ffff8800000f0b00] f0b00\n[    0.000000] init_memory_mapping: 0000000000000000-0000000003ffe000\n[    0.000000] RAMDISK: 03c5e000 - 03ff0000\n[    0.000000] ACPI: RSDP 00000000000f0950 00014 (v00 BOCHS )\n[    0.000000] ACPI: RSDT 0000000003fffbc1 00034 (v01 BOCHS  BXPCRSDT 00000001 BXPC 00000001)\n[    0.000000] ACPI: FACP 0000000003fff1c0 00074 (v01 BOCHS  BXPCFACP 00000001 BXPC 00000001)\n[    0.000000] ACPI: DSDT 0000000003ffe040 01180 (v01 BOCHS  BXPCDSDT 00000001 BXPC 00000001)\n[    0.000000] ACPI: FACS 0000000003ffe000 00040\n[    0.000000] ACPI: SSDT 0000000003fff234 008DD (v01 BOCHS  BXPCSSDT 00000001 BXPC 00000001)\n[    0.000000] ACPI: APIC 0000000003fffb11 00078 (v01 BOCHS  BXPCAPIC 00000001 BXPC 00000001)\n[    0.000000] ACPI: HPET 0000000003fffb89 00038 (v01 BOCHS  BXPCHPET 00000001 BXPC 00000001)\n[    0.000000] No NUMA configuration found\n[    0.000000] Faking a node at 0000000000000000-0000000003ffe000\n[    0.000000] Initmem setup node 0 0000000000000000-0000000003ffe000\n[    0.000000]   NODE_DATA [0000000003ff6000 - 0000000003ffafff]\n[    0.000000] Zone PFN ranges:\n[    0.000000]   DMA      0x00000010 -&gt; 0x00001000\n[    0.000000]   DMA32    0x00001000 -&gt; 0x00100000\n[    0.000000]   Normal   empty\n[    0.000000] Movable zone start PFN for each node\n[    0.000000] early_node_map[2] active PFN ranges\n[    0.000000]     0: 0x00000010 -&gt; 0x0000009f\n[    0.000000]     0: 0x00000100 -&gt; 0x00003ffe\n[    0.000000] ACPI: PM-Timer IO Port: 0xb008\n[    0.000000] ACPI: LAPIC (acpi_id[0x00] lapic_id[0x00] enabled)\n[    0.000000] ACPI: LAPIC_NMI (acpi_id[0xff] dfl dfl lint[0x1])\n[    0.000000] ACPI: IOAPIC (id[0x00] address[0xfec00000] gsi_base[0])\n[    0.000000] IOAPIC[0]: apic_id 0, version 17, address 0xfec00000, GSI 0-23\n[    0.000000] ACPI: INT_SRC_OVR (bus 0 bus_irq 0 global_irq 2 dfl dfl)\n[    0.000000] ACPI: INT_SRC_OVR (bus 0 bus_irq 5 global_irq 5 high level)\n[    0.000000] ACPI: INT_SRC_OVR (bus 0 bus_irq 9 global_irq 9 high level)\n[    0.000000] ACPI: INT_SRC_OVR (bus 0 bus_irq 10 global_irq 10 high level)\n[    0.000000] ACPI: INT_SRC_OVR (bus 0 bus_irq 11 global_irq 11 high level)\n[    0.000000] Using ACPI (MADT) for SMP configuration information\n[    0.000000] ACPI: HPET id: 0x8086a201 base: 0xfed00000\n[    0.000000] SMP: Allowing 1 CPUs, 0 hotplug CPUs\n[    0.000000] PM: Registered nosave memory: 000000000009f000 - 00000000000a0000\n[    0.000000] PM: Registered nosave memory: 00000000000a0000 - 00000000000f0000\n[    0.000000] PM: Registered nosave memory: 00000000000f0000 - 0000000000100000\n[    0.000000] Allocating PCI resources starting at 4000000 (gap: 4000000:fbfc0000)\n[    0.000000] Booting paravirtualized kernel on bare hardware\n[    0.000000] setup_pe
2015-12-14 21:06:14,051 24635 DEBUG    [tempest.scenario.manager] Console output for 721ac106-22db-472a-9cea-447a5be3d696
body=
[    0.000000] Initializing cgroup subsys cpuset
[    0.000000] Initializing cgroup subsys cpu
[    0.000000] Linux version 3.2.0-80-virtual (buildd@batsu) (gcc version 4.6.3 (Ubuntu/Linaro 4.6.3-1ubuntu5) ) #116-Ubuntu SMP Mon Mar 23 17:28:52 UTC 2015 (Ubuntu 3.2.0-80.116-virtual 3.2.68)
[    0.000000] Command line: root=/dev/vda console=tty0 console=ttyS0 no_timer_check
[    0.000000] KERNEL supported cpus:
[    0.000000]   Intel GenuineIntel
[    0.000000]   AMD AuthenticAMD
[    0.000000]   Centaur CentaurHauls
[    0.000000] BIOS-provided physical RAM map:
[    0.000000]  BIOS-e820: 0000000000000000 - 000000000009fc00 (usable)
[    0.000000]  BIOS-e820: 000000000009fc00 - 00000000000a0000 (reserved)
[    0.000000]  BIOS-e820: 00000000000f0000 - 0000000000100000 (reserved)
[    0.000000]  BIOS-e820: 0000000000100000 - 0000000003ffe000 (usable)
[    0.000000]  BIOS-e820: 0000000003ffe000 - 0000000004000000 (reserved)
[    0.000000]  BIOS-e820: 00000000fffc0000 - 0000000100000000 (reserved)
[    0.000000] NX (Execute Disable) protection: active
[    0.000000] SMBIOS 2.4 present.
[    0.000000] No AGP bridge found
[    0.000000] last_pfn = 0x3ffe max_arch_pfn = 0x400000000
[    0.000000] x86 PAT enabled: cpu 0, old 0x7040600070406, new 0x7010600070106
[    0.000000] found SMP MP-table at [ffff8800000f0b00] f0b00
[    0.000000] init_memory_mapping: 0000000000000000-0000000003ffe000
[    0.000000] RAMDISK: 03c5e000 - 03ff0000
[    0.000000] ACPI: RSDP 00000000000f0950 00014 (v00 BOCHS )
[    0.000000] ACPI: RSDT 0000000003fffbc1 00034 (v01 BOCHS  BXPCRSDT 00000001 BXPC 00000001)
[    0.000000] ACPI: FACP 0000000003fff1c0 00074 (v01 BOCHS  BXPCFACP 00000001 BXPC 00000001)
[    0.000000] ACPI: DSDT 0000000003ffe040 01180 (v01 BOCHS  BXPCDSDT 00000001 BXPC 00000001)
[    0.000000] ACPI: FACS 0000000003ffe000 00040
[    0.000000] ACPI: SSDT 0000000003fff234 008DD (v01 BOCHS  BXPCSSDT 00000001 BXPC 00000001)
[    0.000000] ACPI: APIC 0000000003fffb11 00078 (v01 BOCHS  BXPCAPIC 00000001 BXPC 00000001)
[    0.000000] ACPI: HPET 0000000003fffb89 00038 (v01 BOCHS  BXPCHPET 00000001 BXPC 00000001)
[    0.000000] No NUMA configuration found
[    0.000000] Faking a node at 0000000000000000-0000000003ffe000
[    0.000000] Initmem setup node 0 0000000000000000-0000000003ffe000
[    0.000000]   NODE_DATA [0000000003ff6000 - 0000000003ffafff]
[    0.000000] Zone PFN ranges:
[    0.000000]   DMA      0x00000010 -&gt; 0x00001000
[    0.000000]   DMA32    0x00001000 -&gt; 0x00100000
[    0.000000]   Normal   empty
[    0.000000] Movable zone start PFN for each node
[    0.000000] early_node_map[2] active PFN ranges
[    0.000000]     0: 0x00000010 -&gt; 0x0000009f
[    0.000000]     0: 0x00000100 -&gt; 0x00003ffe
[    0.000000] ACPI: PM-Timer IO Port: 0xb008
[    0.000000] ACPI: LAPIC (acpi_id[0x00] lapic_id[0x00] enabled)
[    0.000000] ACPI: LAPIC_NMI (acpi_id[0xff] dfl dfl lint[0x1])
[    0.000000] ACPI: IOAPIC (id[0x00] address[0xfec00000] gsi_base[0])
[    0.000000] IOAPIC[0]: apic_id 0, version 17, address 0xfec00000, GSI 0-23
[    0.000000] ACPI: INT_SRC_OVR (bus 0 bus_irq 0 global_irq 2 dfl dfl)
[    0.000000] ACPI: INT_SRC_OVR (bus 0 bus_irq 5 global_irq 5 high level)
[    0.000000] ACPI: INT_SRC_OVR (bus 0 bus_irq 9 global_irq 9 high level)
[    0.000000] ACPI: INT_SRC_OVR (bus 0 bus_irq 10 global_irq 10 high level)
[    0.000000] ACPI: INT_SRC_OVR (bus 0 bus_irq 11 global_irq 11 high level)
[    0.000000] Using ACPI (MADT) for SMP configuration information
[    0.000000] ACPI: HPET id: 0x8086a201 base: 0xfed00000
[    0.000000] SMP: Allowing 1 CPUs, 0 hotplug CPUs
[    0.000000] PM: Registered nosave memory: 000000000009f000 - 00000000000a0000
[    0.000000] PM: Registered nosave memory: 00000000000a0000 - 00000000000f0000
[    0.000000] PM: Registered nosave memory: 00000000000f0000 - 0000000000100000
[    0.000000] Allocating PCI resources starting at 4000000 (gap: 4000000:fbfc0000)
[    0.000000] Booting paravirtualized kernel on bare hardware
[    0.000000] setup_percpu: NR_CPUS:64 nr_cpumask_bits:64 nr_cpu_ids:1 nr_node_ids:1
[    0.000000] PERCPU: Embedded 27 pages/cpu @ffff880003a00000 s78848 r8192 d23552 u2097152
[    0.000000] Built 1 zonelists in Node order, mobility grouping on.  Total pages: 16008
[    0.000000] Policy zone: DMA32
[    0.000000] Kernel command line: root=/dev/vda console=tty0 console=ttyS0 no_timer_check
[    0.000000] PID hash table entries: 256 (order: -1, 2048 bytes)
[    0.000000] Checking aperture...
[    0.000000] No AGP bridge found
[    0.000000] Memory: 43492k/65528k available (6576k kernel code, 452k absent, 21584k reserved, 6620k data, 928k init)
[    0.000000] SLUB: Genslabs=15, HWalign=64, Order=0-3, MinObjects=0, CPUs=1, Nodes=1
[    0.000000] Hierarchical RCU implementation.
[    0.000000] 	RCU dyntick-idle grace-period acceleration is enabled.
[    0.000000] NR_IRQS:4352 nr_irqs:256 16
[    0.000000] Console: colour VGA+ 80x25
[    0.000000] console [tty0] enabled
[    0.000000] console [ttyS0] enabled
[    0.000000] allocated 1048576 bytes of page_cgroup
[    0.000000] please try 'cgroup_disable=memory' option if you don't want memory cgroups
[    0.000000] Fast TSC calibration failed
[    0.000000] TSC: Unable to calibrate against PIT
[    0.000000] TSC: using HPET reference calibration
[    0.000000] Detected 2294.512 MHz processor.
[    0.032819] Calibrating delay loop (skipped), value calculated using timer frequency.. 4589.02 BogoMIPS (lpj=9178048)
[    0.036826] pid_max: default: 32768 minimum: 301
[    0.045022] Security Framework initialized
[    0.048736] AppArmor: AppArmor initialized
[    0.049382] Yama: becoming mindful.
[    0.057197] Dentry cache hash table entries: 8192 (order: 4, 65536 bytes)
[    0.058673] Inode-cache hash table entries: 4096 (order: 3, 32768 bytes)
[    0.060653] Mount-cache hash table entries: 256
[    0.075229] Initializing cgroup subsys cpuacct
[    0.076550] Initializing cgroup subsys memory
[    0.080337] Initializing cgroup subsys devices
[    0.081659] Initializing cgroup subsys freezer
[    0.082914] Initializing cgroup subsys blkio
[    0.084208] Initializing cgroup subsys perf_event
[    0.089489] mce: CPU supports 10 MCE banks
[    0.093185] SMP alternatives: switching to UP code
[    0.605244] Freeing SMP alternatives: 24k freed
[    0.607012] ACPI: Core revision 20110623
[    0.662756] ftrace: allocating 26610 entries in 105 pages
[    0.693439] ..TIMER: vector=0x30 apic1=0 pin1=2 apic2=-1 pin2=-1
[    0.695262] CPU0: AMD QEMU Virtual CPU version 2.0.0 stepping 03
[    0.700043] APIC calibration not consistent with PM-Timer: 111ms instead of 100ms
[    0.700043] APIC delta adjusted to PM-Timer: 6250184 (6995868)
[    0.700043] Performance Events: Broken PMU hardware detected, using software events only.
[    0.709296] NMI watchdog disabled (cpu0): hardware events not enabled
[    0.711283] Brought up 1 CPUs
[    0.712231] Total of 1 processors activated (4589.02 BogoMIPS).
[    0.740658] devtmpfs: initialized
[    0.789376] EVM: security.selinux
[    0.789895] EVM: security.SMACK64
[    0.790334] EVM: security.capability
[    0.810557] print_constraints: dummy: 
[    0.813106] RTC time: 21:04:13, date: 12/14/15
[    0.815464] NET: Registered protocol family 16
[    0.824668] ACPI: bus type pci registered
[    0.828581] PCI: Using configuration type 1 for base access
[    0.866397] bio: create slab &lt;bio-0&gt; at 0
[    0.877629] ACPI: Added _OSI(Module Device)
[    0.880346] ACPI: Added _OSI(Processor Device)
[    0.881761] ACPI: Added _OSI(3.0 _SCP Extensions)
[    0.882758] ACPI: Added _OSI(Processor Aggregator Device)
[    0.977056] ACPI: Interpreter enabled
[    0.977786] ACPI: (supports S0 S3 S4 S5)
[    0.981604] ACPI: Using IOAPIC for interrupt routing
[    1.072731] ACPI: No dock devices found.
[    1.073554] HEST: Table not found.
[    1.074167] PCI: Using host bridge windows from ACPI; if necessary, use "pci=nocrs" and report a bug
[    1.081129] ACPI: PCI Root Bridge [PCI0] (domain 0000 [bus 00-ff])
[    1.088306] pci_root PNP0A03:00: host bridge window [io  0x0000-0x0cf7]
[    1.089144] pci_root PNP0A03:00: host bridge window [io  0x0d00-0xadff]
[    1.090123] pci_root PNP0A03:00: host bridge window [io  0xae0f-0xaeff]
[    1.091046] pci_root PNP0A03:00: host bridge window [io  0xaf20-0xafdf]
[    1.092127] pci_root PNP0A03:00: host bridge window [io  0xafe4-0xffff]
[    1.093460] pci_root PNP0A03:00: host bridge window [mem 0x000a0000-0x000bffff]
[    1.096138] pci_root PNP0A03:00: host bridge window [mem 0x04000000-0xfebfffff]
[    1.125853] pci 0000:00:01.3: quirk: [io  0xb000-0xb03f] claimed by PIIX4 ACPI
[    1.128339] pci 0000:00:01.3: quirk: [io  0xb100-0xb10f] claimed by PIIX4 SMB
[    1.208595]  pci0000:00: Unable to request _OSC control (_OSC support mask: 0x1e)
[    1.268476] ACPI: PCI Interrupt Link [LNKA] (IRQs 5 *10 11)
[    1.270674] ACPI: PCI Interrupt Link [LNKB] (IRQs 5 *10 11)
[    1.273519] ACPI: PCI Interrupt Link [LNKC] (IRQs 5 10 *11)
[    1.277283] ACPI: PCI Interrupt Link [LNKD] (IRQs 5 10 *11)
[    1.278635] ACPI: PCI Interrupt Link [LNKS] (IRQs *9)
[    1.286286] vgaarb: device added: PCI:0000:00:02.0,decodes=io+mem,owns=io+mem,locks=none
[    1.288188] vgaarb: loaded
[    1.288591] vgaarb: bridge control possible 0000:00:02.0
[    1.292669] i2c-core: driver [aat2870] using legacy suspend method
[    1.293346] i2c-core: driver [aat2870] using legacy resume method
[    1.296757] SCSI subsystem initialized
[    1.300313] usbcore: registered new interface driver usbfs
[    1.301446] usbcore: registered new interface driver hub
[    1.302912] usbcore: registered new device driver usb
[    1.307073] PCI: Using ACPI for IRQ routing
[    1.320562] NetLabel: Initializing
[    1.321501] NetLabel:  domain hash size = 128
[    1.322242] NetLabel:  protocols = UNLABELED CIPSOv4
[    1.325044] NetLabel:  unlabeled traffic allowed by default
[    1.327241] HPET: 3 timers in total, 0 timers will be used for per-cpu timer
[    1.328456] hpet0: at MMIO 0xfed00000, IRQs 2, 8, 0
[    1.330083] hpet0: 3 comparators, 64-bit 100.000000 MHz counter
[    1.346164] Switching to clocksource hpet
[    1.603252] AppArmor: AppArmor Filesystem Enabled
[    1.605750] pnp: PnP ACPI init
[    1.606374] ACPI: bus type pnp registered
[    1.627885] pnp: PnP ACPI: found 9 devices
[    1.628827] ACPI: ACPI bus type pnp unregistered
[    1.706253] NET: Registered protocol family 2
[    1.745913] IP route cache hash table entries: 512 (order: 0, 4096 bytes)
[    1.754981] TCP established hash table entries: 2048 (order: 3, 32768 bytes)
[    1.756118] TCP bind hash table entries: 2048 (order: 3, 32768 bytes)
[    1.758238] TCP: Hash tables configured (established 2048 bind 2048)
[    1.759632] TCP reno registered
[    1.761278] UDP hash table entries: 128 (order: 0, 4096 bytes)
[    1.762308] UDP-Lite hash table entries: 128 (order: 0, 4096 bytes)
[    1.765629] NET: Registered protocol family 1
[    1.766508] pci 0000:00:00.0: Limiting direct PCI/PCI transfers
[    1.767545] pci 0000:00:01.0: PIIX3: Enabling Passive Release
[    1.769817] pci 0000:00:01.0: Activating ISA DMA hang workarounds
[    1.775468] ACPI: PCI Interrupt Link [LNKD] enabled at IRQ 11
[    1.777677] pci 0000:00:01.2: PCI INT D -&gt; Link[LNKD] -&gt; GSI 11 (level, high) -&gt; IRQ 11
[    1.779861] pci 0000:00:01.2: PCI INT D disabled
[    1.799950] Trying to unpack rootfs image as initramfs...
[    1.819968] audit: initializing netlink socket (disabled)
[    1.822777] type=2000 audit(1450127053.820:1): initialized
[    2.113858] HugeTLB registered 2 MB page size, pre-allocated 0 pages
[    2.195331] VFS: Disk quotas dquot_6.5.2
[    2.197707] Dquot-cache hash table entries: 512 (order 0, 4096 bytes)
[    2.214646] fuse init (API version 7.17)
[    2.217617] msgmni has been set to 84
[    2.258235] Block layer SCSI generic (bsg) driver version 0.4 loaded (major 253)
[    2.259763] io scheduler noop registered
[    2.266011] io scheduler deadline registered (default)
[    2.267075] io scheduler cfq registered
[    2.271229] pci_hotplug: PCI Hot Plug PCI Core version: 0.5
[    2.275065] pciehp: PCI Express Hot Plug Controller Driver version: 0.4
[    2.290249] input: Power Button as /devices/LNXSYSTM:00/LNXPWRBN:00/input/input0
[    2.295248] ACPI: Power Button [PWRF]
[    2.371294] ERST: Table is not found!
[    2.371812] GHES: HEST is not enabled!
[    2.383185] ACPI: PCI Interrupt Link [LNKC] enabled at IRQ 10
[    2.383951] virtio-pci 0000:00:03.0: PCI INT A -&gt; Link[LNKC] -&gt; GSI 10 (level, high) -&gt; IRQ 10
[    2.387720] virtio-pci 0000:00:04.0: PCI INT A -&gt; Link[LNKD] -&gt; GSI 11 (level, high) -&gt; IRQ 11
[    2.402651] ACPI: PCI Interrupt Link [LNKA] enabled at IRQ 10
[    2.403350] virtio-pci 0000:00:05.0: PCI INT A -&gt; Link[LNKA] -&gt; GSI 10 (level, high) -&gt; IRQ 10
[    2.409326] Serial: 8250/16550 driver, 32 ports, IRQ sharing enabled
[    2.451512] serial8250: ttyS0 at I/O 0x3f8 (irq = 4) is a 16550A
[    2.539622] serial8250: ttyS1 at I/O 0x2f8 (irq = 3) is a 16550A
[    2.683713] 00:05: ttyS0 at I/O 0x3f8 (irq = 4) is a 16550A
[    2.771719] 00:06: ttyS1 at I/O 0x2f8 (irq = 3) is a 16550A
[    2.785808] Refined TSC clocksource calibration: 2294.703 MHz.
[    2.787167] Switching to clocksource tsc
[    2.835161] Linux agpgart interface v0.103
[    2.910375] brd: module loaded
[    2.945599] loop: module loaded
[    2.994333]  vda: unknown partition table
[    3.057416] scsi0 : ata_piix
[    3.065926] scsi1 : ata_piix
[    3.067157] ata1: PATA max MWDMA2 cmd 0x1f0 ctl 0x3f6 bmdma 0xc0a0 irq 14
[    3.067981] ata2: PATA max MWDMA2 cmd 0x170 ctl 0x376 bmdma 0xc0a8 irq 15
[    3.078553] Fixed MDIO Bus: probed
[    3.079409] tun: Universal TUN/TAP device driver, 1.6
[    3.080591] tun: (C) 1999-2004 Max Krasnyansky &lt;maxk@qualcomm.com&gt;
[    3.091991] PPP generic driver version 2.4.2
[    3.117773] ehci_hcd: USB 2.0 'Enhanced' Host Controller (EHCI) Driver
[    3.118822] ohci_hcd: USB 1.1 'Open' Host Controller (OHCI) Driver
[    3.119879] uhci_hcd: USB Universal Host Controller Interface driver
[    3.121673] uhci_hcd 0000:00:01.2: PCI INT D -&gt; Link[LNKD] -&gt; GSI 11 (level, high) -&gt; IRQ 11
[    3.124660] uhci_hcd 0000:00:01.2: UHCI Host Controller
[    3.133274] uhci_hcd 0000:00:01.2: new USB bus registered, assigned bus number 1
[    3.134981] uhci_hcd 0000:00:01.2: irq 11, io base 0x0000c040
[    3.158519] hub 1-0:1.0: USB hub found
[    3.160847] hub 1-0:1.0: 2 ports detected
[    3.166740] usbcore: registered new interface driver libusual
[    3.170698] i8042: PNP: PS/2 Controller [PNP0303:KBD,PNP0f13:MOU] at 0x60,0x64 irq 1,12
[    3.176970] serio: i8042 KBD port at 0x60,0x64 irq 1
[    3.178695] serio: i8042 AUX port at 0x60,0x64 irq 12
[    3.219447] mousedev: PS/2 mouse device common for all mice
[    3.231601] input: AT Translated Set 2 keyboard as /devices/platform/i8042/serio0/input/input1
[    3.236948] rtc_cmos 00:01: RTC can wake from S4
[    3.250880] rtc_cmos 00:01: rtc core: registered rtc_cmos as rtc0
[    3.258934] rtc0: alarms up to one day, 114 bytes nvram, hpet irqs
[    3.263764] device-mapper: uevent: version 1.0.3
[    3.298817] ata2.01: ATAPI: QEMU DVD-ROM, 2.0.0, max UDMA/100
[    3.308733] device-mapper: ioctl: 4.22.0-ioctl (2011-10-19) initialised: dm-devel@redhat.com
[    3.312132] cpuidle: using governor ladder
[    3.312963] cpuidle: using governor menu
[    3.315300] EFI Variables Facility v0.08 2004-May-17
[    3.330522] TCP cubic registered
[    3.336217] NET: Registered protocol family 10
[    3.372982] NET: Registered protocol family 17
[    3.374429] Registering the dns_resolver key type
[    3.387466] ata2.01: configured for MWDMA2
[    3.414680] scsi 1:0:1:0: CD-ROM            QEMU     QEMU DVD-ROM     2.0. PQ: 0 ANSI: 5
[    3.443660] sr0: scsi3-mmc drive: 4x/4x cd/rw xa/form2 tray
[    3.444935] cdrom: Uniform CD-ROM driver Revision: 3.20
[    3.461950] sr 1:0:1:0: Attached scsi generic sg0 type 5
[    3.527980] Freeing initrd memory: 3656k freed
[    3.544566] registered taskstats version 1
[    4.098070]   Magic number: 11:829:95
[    4.108606] rtc_cmos 00:01: setting system clock to 2015-12-14 21:04:16 UTC (1450127056)
[    4.111069] powernow-k8: Processor cpuid 663 not supported
[    4.122306] BIOS EDD facility v0.16 2004-Jun-25, 0 devices found
[    4.123984] EDD information not available.
[    4.187930] Freeing unused kernel memory: 928k freed
[    4.192630] Write protecting the kernel read-only data: 12288k
[    4.308944] Freeing unused kernel memory: 1596k freed
[    4.380698] Freeing unused kernel memory: 1184k freed

info: initramfs: up at 4.55
modprobe: module virtio_blk not found in modules.dep
modprobe: module virtio_net not found in modules.dep
info: copying initramfs to /dev/vda
info: initramfs loading root from /dev/vda
info: /etc/init.d/rc.sysinit: up at 9.24
info: container: none
Starting logging: OK
modprobe: module virtio_blk not found in modules.dep
modprobe: module virtio_net not found in modules.dep
WARN: /etc/rc3.d/S10-load-modules failed
Initializing random number generator... done.
Starting acpid: OK
cirros-ds 'local' up at 11.81
found datasource (configdrive, local)
Starting network...
udhcpc (v1.20.1) started
Sending discover...
Sending discover...

2015-12-14 21:06:14,260 24635 INFO     [tempest_lib.common.rest_client] Request (TestNetworkBasicOps:_run_cleanups): 204 DELETE http://10.0.2.15:9696/v2.0/floatingips/f4643b6e-8944-48a3-8c4c-540322bf908b 0.204s
2015-12-14 21:06:14,260 24635 DEBUG    [tempest_lib.common.rest_client] Request - Headers: {'Content-Type': 'application/json', 'Accept': 'application/json', 'X-Auth-Token': '&lt;omitted&gt;'}
        Body: None
    Response - Headers: {'date': 'Mon, 14 Dec 2015 21:06:14 GMT', 'status': '204', 'connection': 'close', 'content-length': '0', 'x-openstack-request-id': 'req-162636ff-77fb-4f02-8753-079db83f3346'}
        Body: 
2015-12-14 21:06:14,476 24635 INFO     [tempest_lib.common.rest_client] Request (TestNetworkBasicOps:_run_cleanups): 204 DELETE http://10.0.2.15:8774/v2.1/615cc72f034945ac8f19749e59ec7fb2/servers/721ac106-22db-472a-9cea-447a5be3d696 0.215s
2015-12-14 21:06:14,476 24635 DEBUG    [tempest_lib.common.rest_client] Request - Headers: {'Content-Type': 'application/json', 'Accept': 'application/json', 'X-Auth-Token': '&lt;omitted&gt;'}
        Body: None
    Response - Headers: {'status': '204', 'content-length': '0', 'x-compute-request-id': 'req-5eac574a-f3da-41cd-89e7-64736300ca2f', 'vary': 'X-OpenStack-Nova-API-Version', 'connection': 'close', 'x-openstack-nova-api-version': '2.1', 'date': 'Mon, 14 Dec 2015 21:06:14 GMT', 'content-type': 'application/json'}
        Body: 
2015-12-14 21:06:14,695 24635 INFO     [tempest_lib.common.rest_client] Request (TestNetworkBasicOps:_run_cleanups): 200 GET http://10.0.2.15:8774/v2.1/615cc72f034945ac8f19749e59ec7fb2/servers/721ac106-22db-472a-9cea-447a5be3d696 0.218s
2015-12-14 21:06:14,696 24635 DEBUG    [tempest_lib.common.rest_client] Request - Headers: {'Content-Type': 'application/json', 'Accept': 'application/json', 'X-Auth-Token': '&lt;omitted&gt;'}
        Body: None
    Response - Headers: {'status': '200', 'content-length': '1776', 'content-location': 'http://10.0.2.15:8774/v2.1/615cc72f034945ac8f19749e59ec7fb2/servers/721ac106-22db-472a-9cea-447a5be3d696', 'x-compute-request-id': 'req-7fdedcec-0a97-4db9-bfae-4af9bc0974c4', 'vary': 'X-OpenStack-Nova-API-Version', 'connection': 'close', 'x-openstack-nova-api-version': '2.1', 'date': 'Mon, 14 Dec 2015 21:06:14 GMT', 'content-type': 'application/json'}
        Body: {"server": {"status": "ACTIVE", "updated": "2015-12-14T21:06:14Z", "hostId": "98efa36e147aa58a6d586501f73c1d47a8f0e59cb033559d325a1646", "addresses": {"tempest-network-smoke--485376358": [{"OS-EXT-IPS-MAC:mac_addr": "fa:16:3e:8a:e9:42", "version": 4, "addr": "10.100.0.3", "OS-EXT-IPS:type": "fixed"}, {"OS-EXT-IPS-MAC:mac_addr": "fa:16:3e:8a:e9:42", "version": 4, "addr": "172.24.4.4", "OS-EXT-IPS:type": "floating"}]}, "links": [{"href": "http://10.0.2.15:8774/v2.1/615cc72f034945ac8f19749e59ec7fb2/servers/721ac106-22db-472a-9cea-447a5be3d696", "rel": "self"}, {"href": "http://10.0.2.15:8774/615cc72f034945ac8f19749e59ec7fb2/servers/721ac106-22db-472a-9cea-447a5be3d696", "rel": "bookmark"}], "key_name": "tempest-TestNetworkBasicOps-1691531442", "image": {"id": "92e3429e-5de4-45be-bd29-3d0b2f9810b0", "links": [{"href": "http://10.0.2.15:8774/615cc72f034945ac8f19749e59ec7fb2/images/92e3429e-5de4-45be-bd29-3d0b2f9810b0", "rel": "bookmark"}]}, "OS-EXT-STS:task_state": "deleting", "OS-EXT-STS:vm_state": "active", "OS-SRV-USG:launched_at": "2015-12-14T21:04:10.000000", "flavor": {"id": "42", "links": [{"href": "http://10.0.2.15:8774/615cc72f034945ac8f19749e59ec7fb2/flavors/42", "rel": "bookmark"}]}, "id": "721ac106-22db-472a-9cea-447a5be3d696", "security_groups": [{"name": "tempest-secgroup-smoke-1880927425"}], "OS-SRV-USG:terminated_at": null, "OS-EXT-AZ:availability_zone": "nova", "user_id": "ca1c995e574847719cf69dcba8ec8264", "name": "tempest.common.compute-instance-1037742268", "created": "2015-12-14T21:04:06Z", "tenant_id": "615cc72f034945ac8f19749e59ec7fb2", "OS-DCF:diskConfig": "MANUAL", "os-extended-volumes:volumes_attached": [], "accessIPv4": "", "accessIPv6": "", "progress": 0, "OS-EXT-STS:power_state": 1, "config_drive": "True", "metadata": {}}}
2015-12-14 21:06:15,880 24635 INFO     [tempest_lib.common.rest_client] Request (TestNetworkBasicOps:_run_cleanups): 200 GET http://10.0.2.15:8774/v2.1/615cc72f034945ac8f19749e59ec7fb2/servers/721ac106-22db-472a-9cea-447a5be3d696 0.173s
2015-12-14 21:06:15,880 24635 DEBUG    [tempest_lib.common.rest_client] Request - Headers: {'Content-Type': 'application/json', 'Accept': 'application/json', 'X-Auth-Token': '&lt;omitted&gt;'}
        Body: None
    Response - Headers: {'status': '200', 'content-length': '1441', 'content-location': 'http://10.0.2.15:8774/v2.1/615cc72f034945ac8f19749e59ec7fb2/servers/721ac106-22db-472a-9cea-447a5be3d696', 'x-compute-request-id': 'req-fe9da7ca-22fd-42fe-a530-3ccff4cba949', 'vary': 'X-OpenStack-Nova-API-Version', 'connection': 'close', 'x-openstack-nova-api-version': '2.1', 'date': 'Mon, 14 Dec 2015 21:06:15 GMT', 'content-type': 'application/json'}
        Body: {"server": {"status": "ACTIVE", "updated": "2015-12-14T21:06:15Z", "hostId": "98efa36e147aa58a6d586501f73c1d47a8f0e59cb033559d325a1646", "addresses": {}, "links": [{"href": "http://10.0.2.15:8774/v2.1/615cc72f034945ac8f19749e59ec7fb2/servers/721ac106-22db-472a-9cea-447a5be3d696", "rel": "self"}, {"href": "http://10.0.2.15:8774/615cc72f034945ac8f19749e59ec7fb2/servers/721ac106-22db-472a-9cea-447a5be3d696", "rel": "bookmark"}], "key_name": "tempest-TestNetworkBasicOps-1691531442", "image": {"id": "92e3429e-5de4-45be-bd29-3d0b2f9810b0", "links": [{"href": "http://10.0.2.15:8774/615cc72f034945ac8f19749e59ec7fb2/images/92e3429e-5de4-45be-bd29-3d0b2f9810b0", "rel": "bookmark"}]}, "OS-EXT-STS:task_state": "deleting", "OS-EXT-STS:vm_state": "active", "OS-SRV-USG:launched_at": "2015-12-14T21:04:10.000000", "flavor": {"id": "42", "links": [{"href": "http://10.0.2.15:8774/615cc72f034945ac8f19749e59ec7fb2/flavors/42", "rel": "bookmark"}]}, "id": "721ac106-22db-472a-9cea-447a5be3d696", "OS-SRV-USG:terminated_at": null, "OS-EXT-AZ:availability_zone": "nova", "user_id": "ca1c995e574847719cf69dcba8ec8264", "name": "tempest.common.compute-instance-1037742268", "created": "2015-12-14T21:04:06Z", "tenant_id": "615cc72f034945ac8f19749e59ec7fb2", "OS-DCF:diskConfig": "MANUAL", "os-extended-volumes:volumes_attached": [], "accessIPv4": "", "accessIPv6": "", "progress": 0, "OS-EXT-STS:power_state": 1, "config_drive": "True", "metadata": {}}}
2015-12-14 21:06:16,981 24635 INFO     [tempest_lib.common.rest_client] Request (TestNetworkBasicOps:_run_cleanups): 404 GET http://10.0.2.15:8774/v2.1/615cc72f034945ac8f19749e59ec7fb2/servers/721ac106-22db-472a-9cea-447a5be3d696 0.088s
2015-12-14 21:06:16,981 24635 DEBUG    [tempest_lib.common.rest_client] Request - Headers: {'Content-Type': 'application/json', 'Accept': 'application/json', 'X-Auth-Token': '&lt;omitted&gt;'}
        Body: None
    Response - Headers: {'status': '404', 'content-length': '111', 'x-compute-request-id': 'req-2e8bb720-35f4-41cc-93cc-0f16698f7ad7', 'vary': 'X-OpenStack-Nova-API-Version', 'connection': 'close', 'x-openstack-nova-api-version': '2.1', 'date': 'Mon, 14 Dec 2015 21:06:16 GMT', 'content-type': 'application/json; charset=UTF-8'}
        Body: {"itemNotFound": {"message": "Instance 721ac106-22db-472a-9cea-447a5be3d696 could not be found.", "code": 404}}
2015-12-14 21:06:17,000 24635 INFO     [tempest_lib.common.rest_client] Request (TestNetworkBasicOps:_run_cleanups): 202 DELETE http://10.0.2.15:8774/v2.1/615cc72f034945ac8f19749e59ec7fb2/os-keypairs/tempest-TestNetworkBasicOps-1691531442 0.016s
2015-12-14 21:06:17,000 24635 DEBUG    [tempest_lib.common.rest_client] Request - Headers: {'Content-Type': 'application/json', 'Accept': 'application/json', 'X-Auth-Token': '&lt;omitted&gt;'}
        Body: None
    Response - Headers: {'status': '202', 'content-length': '0', 'x-compute-request-id': 'req-731946a1-bc5b-4efc-b3ba-a42203a0817f', 'vary': 'X-OpenStack-Nova-API-Version', 'connection': 'close', 'x-openstack-nova-api-version': '2.1', 'date': 'Mon, 14 Dec 2015 21:06:16 GMT', 'content-type': 'application/json'}
        Body: 
2015-12-14 21:06:17,451 24635 INFO     [tempest_lib.common.rest_client] Request (TestNetworkBasicOps:_run_cleanups): 200 PUT http://10.0.2.15:9696/v2.0/routers/ce36fb1c-3817-4070-884e-51a9630e67e1/remove_router_interface 0.449s
2015-12-14 21:06:17,452 24635 DEBUG    [tempest_lib.common.rest_client] Request - Headers: {'Content-Type': 'application/json', 'Accept': 'application/json', 'X-Auth-Token': '&lt;omitted&gt;'}
        Body: {"subnet_id": "68e71146-32a9-4ecb-b7aa-79b51952c215"}
    Response - Headers: {'status': '200', 'content-length': '255', 'connection': 'close', 'date': 'Mon, 14 Dec 2015 21:06:17 GMT', 'content-type': 'application/json; charset=UTF-8', 'x-openstack-request-id': 'req-7c7fc8ee-3b2a-40de-a8f8-094cfbfb298a'}
        Body: {"subnet_id": "68e71146-32a9-4ecb-b7aa-79b51952c215", "tenant_id": "615cc72f034945ac8f19749e59ec7fb2", "subnet_ids": ["68e71146-32a9-4ecb-b7aa-79b51952c215"], "port_id": "769fadfa-a1be-487a-8cf8-845dc504243f", "id": "ce36fb1c-3817-4070-884e-51a9630e67e1"}
2015-12-14 21:06:17,886 24635 INFO     [tempest_lib.common.rest_client] Request (TestNetworkBasicOps:_run_cleanups): 204 DELETE http://10.0.2.15:9696/v2.0/subnets/68e71146-32a9-4ecb-b7aa-79b51952c215 0.433s
2015-12-14 21:06:17,887 24635 DEBUG    [tempest_lib.common.rest_client] Request - Headers: {'Content-Type': 'application/json', 'Accept': 'application/json', 'X-Auth-Token': '&lt;omitted&gt;'}
        Body: None
    Response - Headers: {'date': 'Mon, 14 Dec 2015 21:06:17 GMT', 'status': '204', 'connection': 'close', 'content-length': '0', 'x-openstack-request-id': 'req-995c797e-fca9-4591-add8-c3ded988be66'}
        Body: 
2015-12-14 21:06:17,939 24635 INFO     [tempest_lib.common.rest_client] Request (TestNetworkBasicOps:_run_cleanups): 200 GET http://10.0.2.15:9696/v2.0/routers/ce36fb1c-3817-4070-884e-51a9630e67e1 0.051s
2015-12-14 21:06:17,939 24635 DEBUG    [tempest_lib.common.rest_client] Request - Headers: {'Content-Type': 'application/json', 'Accept': 'application/json', 'X-Auth-Token': '&lt;omitted&gt;'}
        Body: None
    Response - Headers: {'status': '200', 'content-length': '500', 'content-location': 'http://10.0.2.15:9696/v2.0/routers/ce36fb1c-3817-4070-884e-51a9630e67e1', 'connection': 'close', 'date': 'Mon, 14 Dec 2015 21:06:17 GMT', 'content-type': 'application/json; charset=UTF-8', 'x-openstack-request-id': 'req-ac3a0a1c-fb80-4532-a5d0-2322ea41dcf8'}
        Body: {"router": {"status": "ACTIVE", "external_gateway_info": {"network_id": "93531e4c-e679-4ca0-b883-0a4bbf0db025", "enable_snat": true, "external_fixed_ips": [{"subnet_id": "49131853-543a-48aa-932b-fa02932e965a", "ip_address": "172.24.4.3"}, {"subnet_id": "08b9aa05-8419-4702-8d6f-dc952947b7a2", "ip_address": "2001:db8::3"}]}, "name": "tempest-router-smoke-250620867", "admin_state_up": true, "tenant_id": "615cc72f034945ac8f19749e59ec7fb2", "routes": [], "id": "ce36fb1c-3817-4070-884e-51a9630e67e1"}}
2015-12-14 21:06:18,280 24635 INFO     [tempest_lib.common.rest_client] Request (TestNetworkBasicOps:_run_cleanups): 200 PUT http://10.0.2.15:9696/v2.0/routers/ce36fb1c-3817-4070-884e-51a9630e67e1 0.340s
2015-12-14 21:06:18,281 24635 DEBUG    [tempest_lib.common.rest_client] Request - Headers: {'Content-Type': 'application/json', 'Accept': 'application/json', 'X-Auth-Token': '&lt;omitted&gt;'}
        Body: {"router": {"external_gateway_info": {}, "name": "tempest-router-smoke-250620867", "admin_state_up": true}}
    Response - Headers: {'status': '200', 'content-length': '238', 'connection': 'close', 'date': 'Mon, 14 Dec 2015 21:06:18 GMT', 'content-type': 'application/json; charset=UTF-8', 'x-openstack-request-id': 'req-019fadea-9e78-4756-a536-17f0853feb35'}
        Body: {"router": {"status": "ACTIVE", "external_gateway_info": null, "name": "tempest-router-smoke-250620867", "admin_state_up": true, "tenant_id": "615cc72f034945ac8f19749e59ec7fb2", "routes": [], "id": "ce36fb1c-3817-4070-884e-51a9630e67e1"}}
2015-12-14 21:06:18,504 24635 INFO     [tempest_lib.common.rest_client] Request (TestNetworkBasicOps:_run_cleanups): 204 DELETE http://10.0.2.15:9696/v2.0/routers/ce36fb1c-3817-4070-884e-51a9630e67e1 0.222s
2015-12-14 21:06:18,505 24635 DEBUG    [tempest_lib.common.rest_client] Request - Headers: {'Content-Type': 'application/json', 'Accept': 'application/json', 'X-Auth-Token': '&lt;omitted&gt;'}
        Body: None
    Response - Headers: {'date': 'Mon, 14 Dec 2015 21:06:18 GMT', 'status': '204', 'connection': 'close', 'content-length': '0', 'x-openstack-request-id': 'req-5bb4df25-b1e3-47d9-904f-a3ccd77b9c1e'}
        Body: 
2015-12-14 21:06:18,679 24635 INFO     [tempest_lib.common.rest_client] Request (TestNetworkBasicOps:_run_cleanups): 204 DELETE http://10.0.2.15:9696/v2.0/networks/a9fd9808-dfee-400f-9443-e64db4947be8 0.173s
2015-12-14 21:06:18,679 24635 DEBUG    [tempest_lib.common.rest_client] Request - Headers: {'Content-Type': 'application/json', 'Accept': 'application/json', 'X-Auth-Token': '&lt;omitted&gt;'}
        Body: None
    Response - Headers: {'date': 'Mon, 14 Dec 2015 21:06:18 GMT', 'status': '204', 'connection': 'close', 'content-length': '0', 'x-openstack-request-id': 'req-0bbcb922-01c4-47ff-9460-b118bddc5335'}
        Body: 
2015-12-14 21:06:18,727 24635 INFO     [tempest_lib.common.rest_client] Request (TestNetworkBasicOps:_run_cleanups): 204 DELETE http://10.0.2.15:9696/v2.0/security-group-rules/a78f3928-a6c2-46eb-bcbe-01b7358f8b1c 0.046s
2015-12-14 21:06:18,728 24635 DEBUG    [tempest_lib.common.rest_client] Request - Headers: {'Content-Type': 'application/json', 'Accept': 'application/json', 'X-Auth-Token': '&lt;omitted&gt;'}
        Body: None
    Response - Headers: {'date': 'Mon, 14 Dec 2015 21:06:18 GMT', 'status': '204', 'connection': 'close', 'content-length': '0', 'x-openstack-request-id': 'req-45ae9e53-4f57-4f7f-8b7e-3ae4752c3ef4'}
        Body: 
2015-12-14 21:06:18,784 24635 INFO     [tempest_lib.common.rest_client] Request (TestNetworkBasicOps:_run_cleanups): 204 DELETE http://10.0.2.15:9696/v2.0/security-group-rules/a1f81f08-995d-4a78-8b28-872bd27f9a28 0.056s
2015-12-14 21:06:18,784 24635 DEBUG    [tempest_lib.common.rest_client] Request - Headers: {'Content-Type': 'application/json', 'Accept': 'application/json', 'X-Auth-Token': '&lt;omitted&gt;'}
        Body: None
    Response - Headers: {'date': 'Mon, 14 Dec 2015 21:06:18 GMT', 'status': '204', 'connection': 'close', 'content-length': '0', 'x-openstack-request-id': 'req-e7447bbf-6bc1-4d45-9f9d-dd5d53d11ba7'}
        Body: 
2015-12-14 21:06:18,841 24635 INFO     [tempest_lib.common.rest_client] Request (TestNetworkBasicOps:_run_cleanups): 204 DELETE http://10.0.2.15:9696/v2.0/security-group-rules/a71f6ea0-2206-4636-96ce-7b81dc37e754 0.056s
2015-12-14 21:06:18,841 24635 DEBUG    [tempest_lib.common.rest_client] Request - Headers: {'Content-Type': 'application/json', 'Accept': 'application/json', 'X-Auth-Token': '&lt;omitted&gt;'}
        Body: None
    Response - Headers: {'date': 'Mon, 14 Dec 2015 21:06:18 GMT', 'status': '204', 'connection': 'close', 'content-length': '0', 'x-openstack-request-id': 'req-3a4d901c-8286-4afc-8481-69b9ed0247b9'}
        Body: 
2015-12-14 21:06:18,897 24635 INFO     [tempest_lib.common.rest_client] Request (TestNetworkBasicOps:_run_cleanups): 204 DELETE http://10.0.2.15:9696/v2.0/security-group-rules/fb4cd87f-33a5-40a6-8401-ad6487c374b1 0.054s
2015-12-14 21:06:18,898 24635 DEBUG    [tempest_lib.common.rest_client] Request - Headers: {'Content-Type': 'application/json', 'Accept': 'application/json', 'X-Auth-Token': '&lt;omitted&gt;'}
        Body: None
    Response - Headers: {'date': 'Mon, 14 Dec 2015 21:06:18 GMT', 'status': '204', 'connection': 'close', 'content-length': '0', 'x-openstack-request-id': 'req-54bf0488-7790-4ee8-91db-53f408958ffc'}
        Body: 
2015-12-14 21:06:18,958 24635 INFO     [tempest_lib.common.rest_client] Request (TestNetworkBasicOps:_run_cleanups): 204 DELETE http://10.0.2.15:9696/v2.0/security-group-rules/b29cee99-8ab3-4975-bdc0-3365f6a413d0 0.058s
2015-12-14 21:06:18,958 24635 DEBUG    [tempest_lib.common.rest_client] Request - Headers: {'Content-Type': 'application/json', 'Accept': 'application/json', 'X-Auth-Token': '&lt;omitted&gt;'}
        Body: None
    Response - Headers: {'date': 'Mon, 14 Dec 2015 21:06:18 GMT', 'status': '204', 'connection': 'close', 'content-length': '0', 'x-openstack-request-id': 'req-e65abe69-ff1c-4408-9a6a-a75fefc992eb'}
        Body: 
2015-12-14 21:06:19,014 24635 INFO     [tempest_lib.common.rest_client] Request (TestNetworkBasicOps:_run_cleanups): 204 DELETE http://10.0.2.15:9696/v2.0/security-group-rules/27d12ba9-9901-4050-8257-28fc607c73e0 0.054s
