<?xml version="1.0" encoding="UTF-8"?>
<!DOCTYPE html PUBLIC "-//W3C//DTD XHTML 1.0 Strict//EN"
     "http://www.w3.org/TR/xhtml1/DTD/xhtml1-strict.dtd">
<html xmlns="http://www.w3.org/1999/xhtml">
<head>
    <title>Unit Test Report</title>
    <meta name="generator" content="subunit2html 0.1"/>
    <meta http-equiv="Content-Type" content="text/html; charset=UTF-8"/>
    
<style type="text/css" media="screen">
body        { font-family: verdana, arial, helvetica, sans-serif;
    font-size: 80%; }
table       { font-size: 100%; width: 100%;}
pre         { font-size: 80%; }

/* -- heading -------------------------------------------------------------- */
h1 {
        font-size: 16pt;
        color: gray;
}
.heading {
    margin-top: 0ex;
    margin-bottom: 1ex;
}

.heading .attribute {
    margin-top: 1ex;
    margin-bottom: 0;
}

.heading .description {
    margin-top: 4ex;
    margin-bottom: 6ex;
}

/* -- css div popup -------------------------------------------------------- */
a.popup_link {
}

a.popup_link:hover {
    color: red;
}

.popup_window {
    display: none;
    overflow-x: scroll;
    /*border: solid #627173 1px; */
    padding: 10px;
    background-color: #E6E6D6;
    font-family: "Ubuntu Mono", "Lucida Console", "Courier New", monospace;
    text-align: left;
    font-size: 8pt;
}

}
/* -- report --------------------------------------------------------------- */
#show_detail_line {
    margin-top: 3ex;
    margin-bottom: 1ex;
}
#result_table {
    width: 100%;
    border-collapse: collapse;
    border: 1px solid #777;
}
#header_row {
    font-weight: bold;
    color: white;
    background-color: #777;
}
#result_table td {
    border: 1px solid #777;
    padding: 2px;
}
#total_row  { font-weight: bold; }
.passClass  { background-color: #6c6; }
.failClass  { background-color: #c60; }
.errorClass { background-color: #c00; }
.passCase   { color: #6c6; }
.failCase   { color: #c60; font-weight: bold; }
.errorCase  { color: #c00; font-weight: bold; }
.hiddenRow  { display: none; }
.testcase   { margin-left: 2em; }
td.testname {width: 40%}
td.small {width: 40px}

/* -- ending --------------------------------------------------------------- */
#ending {
}

</style>

</head>
<body>
<script language="javascript" type="text/javascript"><!--
output_list = Array();

/* level - 0:Summary; 1:Failed; 2:All */
function showCase(level) {
    trs = document.getElementsByTagName("tr");
    for (var i = 0; i < trs.length; i++) {
        tr = trs[i];
        id = tr.id;
        if (id.substr(0,2) == 'ft') {
            if (level < 1) {
                tr.className = 'hiddenRow';
            }
            else {
                tr.className = '';
            }
        }
        if (id.substr(0,2) == 'pt') {
            if (level > 1) {
                tr.className = '';
            }
            else {
                tr.className = 'hiddenRow';
            }
        }
    }
}


function showClassDetail(cid, count) {
    var id_list = Array(count);
    var toHide = 1;
    for (var i = 0; i < count; i++) {
        tid0 = 't' + cid.substr(1) + '.' + (i+1);
        tid = 'f' + tid0;
        tr = document.getElementById(tid);
        if (!tr) {
            tid = 'p' + tid0;
            tr = document.getElementById(tid);
        }
        id_list[i] = tid;
        if (tr.className) {
            toHide = 0;
        }
    }
    for (var i = 0; i < count; i++) {
        tid = id_list[i];
        if (toHide) {
            document.getElementById('div_'+tid).style.display = 'none'
            document.getElementById(tid).className = 'hiddenRow';
        }
        else {
            document.getElementById(tid).className = '';
        }
    }
}


function showTestDetail(div_id){
    var details_div = document.getElementById(div_id)
    var displayState = details_div.style.display
    // alert(displayState)
    if (displayState != 'block' ) {
        displayState = 'block'
        details_div.style.display = 'block'
    }
    else {
        details_div.style.display = 'none'
    }
}


function html_escape(s) {
    s = s.replace(/&/g,'&amp;');
    s = s.replace(/</g,'&lt;');
    s = s.replace(/>/g,'&gt;');
    return s;
}

/* obsoleted by detail in <div>
function showOutput(id, name) {
    var w = window.open("", //url
                    name,
                    "resizable,scrollbars,status,width=800,height=450");
    d = w.document;
    d.write("<pre>");
    d.write(html_escape(output_list[id]));
    d.write("\n");
    d.write("<a href='javascript:window.close()'>close</a>\n");
    d.write("</pre>\n");
    d.close();
}
*/
--></script>

<div class='heading'>
<h1>Unit Test Report</h1>

<p class='attribute'><strong>Status:</strong> Pass 8 Failure 1</p>

<p class='description'></p>
</div>



<p id='show_detail_line'>Show
<a href='javascript:showCase(0)'>Summary</a>
<a href='javascript:showCase(1)'>Failed</a>
<a href='javascript:showCase(2)'>All</a>
</p>
<table id='result_table'>
<colgroup>
<col align='left' />
<col align='right' />
<col align='right' />
<col align='right' />
<col align='right' />
<col align='right' />
<col align='right' />
<col align='right' />
</colgroup>
<tr id='header_row'>
    <td>Test Group/Test case</td>
    <td>Count</td>
    <td>Pass</td>
    <td>Fail</td>
    <td>Error</td>
    <td>Skip</td>
    <td>View</td>
    <td> </td>
</tr>

<tr class='failClass'>
    <td class="testname">tempest.scenario.test_network_basic_ops.TestNetworkBasicOps</td>
    <td class="small">9</td>
    <td class="small">8</td>
    <td class="small">1</td>
    <td class="small">0</td>
    <td class="small">0</td>
    <td class="small"><a href="javascript:showClassDetail('c1',9)"
>Detail</a></td>
    <td> </td>
</tr>

<tr id='pt1.1' class='hiddenRow'>
    <td class='none'><div class='testcase'>test_connectivity_between_vms_on_different_networks[compute,id-1546850e-fbaa-42f5-8b5f-03d8a6a95f15,network]</div></td>
    <td colspan='7' align='left'>

    <!--css div popup start-->
    <a class="popup_link" onfocus='this.blur();'
    href="javascript:showTestDetail('div_pt1.1')" >
        pass</a>

    <div id='div_pt1.1' class="popup_window">
        <div style='text-align: right; color:red;cursor:pointer'>
        <a onfocus='this.blur();'
onclick="document.getElementById('div_pt1.1').style.display = 'none' " >
           [x]</a>
        </div>
        <pre>
        
pt1.1: tempest.scenario.test_network_basic_ops.TestNetworkBasicOps.test_connectivity_between_vms_on_different_networks[compute,id-1546850e-fbaa-42f5-8b5f-03d8a6a95f15,network]

        </pre>
    </div>
    <!--css div popup end-->

    </td>
</tr>

<tr id='pt1.2' class='hiddenRow'>
    <td class='none'><div class='testcase'>test_hotplug_nic[compute,id-c5adff73-e961-41f1-b4a9-343614f18cfa,network]</div></td>
    <td colspan='7' align='left'>

    <!--css div popup start-->
    <a class="popup_link" onfocus='this.blur();'
    href="javascript:showTestDetail('div_pt1.2')" >
        pass</a>

    <div id='div_pt1.2' class="popup_window">
        <div style='text-align: right; color:red;cursor:pointer'>
        <a onfocus='this.blur();'
onclick="document.getElementById('div_pt1.2').style.display = 'none' " >
           [x]</a>
        </div>
        <pre>
        
pt1.2: tempest.scenario.test_network_basic_ops.TestNetworkBasicOps.test_hotplug_nic[compute,id-c5adff73-e961-41f1-b4a9-343614f18cfa,network]

        </pre>
    </div>
    <!--css div popup end-->

    </td>
</tr>

<tr id='pt1.3' class='hiddenRow'>
    <td class='none'><div class='testcase'>test_network_basic_ops[compute,id-f323b3ba-82f8-4db7-8ea6-6a895869ec49,network,smoke]</div></td>
    <td colspan='7' align='left'>

    <!--css div popup start-->
    <a class="popup_link" onfocus='this.blur();'
    href="javascript:showTestDetail('div_pt1.3')" >
        pass</a>

    <div id='div_pt1.3' class="popup_window">
        <div style='text-align: right; color:red;cursor:pointer'>
        <a onfocus='this.blur();'
onclick="document.getElementById('div_pt1.3').style.display = 'none' " >
           [x]</a>
        </div>
        <pre>
        
pt1.3: tempest.scenario.test_network_basic_ops.TestNetworkBasicOps.test_network_basic_ops[compute,id-f323b3ba-82f8-4db7-8ea6-6a895869ec49,network,smoke]

        </pre>
    </div>
    <!--css div popup end-->

    </td>
</tr>

<tr id='pt1.4' class='hiddenRow'>
    <td class='none'><div class='testcase'>test_port_security_macspoofing_port[compute,id-7c0bb1a2-d053-49a4-98f9-ca1a1d849f63,network]</div></td>
    <td colspan='7' align='left'>

    <!--css div popup start-->
    <a class="popup_link" onfocus='this.blur();'
    href="javascript:showTestDetail('div_pt1.4')" >
        pass</a>

    <div id='div_pt1.4' class="popup_window">
        <div style='text-align: right; color:red;cursor:pointer'>
        <a onfocus='this.blur();'
onclick="document.getElementById('div_pt1.4').style.display = 'none' " >
           [x]</a>
        </div>
        <pre>
        
pt1.4: tempest.scenario.test_network_basic_ops.TestNetworkBasicOps.test_port_security_macspoofing_port[compute,id-7c0bb1a2-d053-49a4-98f9-ca1a1d849f63,network]

        </pre>
    </div>
    <!--css div popup end-->

    </td>
</tr>

<tr id='pt1.5' class='hiddenRow'>
    <td class='none'><div class='testcase'>test_preserve_preexisting_port[compute,id-759462e1-8535-46b0-ab3a-33aa45c55aaa,network]</div></td>
    <td colspan='7' align='left'>

    <!--css div popup start-->
    <a class="popup_link" onfocus='this.blur();'
    href="javascript:showTestDetail('div_pt1.5')" >
        pass</a>

    <div id='div_pt1.5' class="popup_window">
        <div style='text-align: right; color:red;cursor:pointer'>
        <a onfocus='this.blur();'
onclick="document.getElementById('div_pt1.5').style.display = 'none' " >
           [x]</a>
        </div>
        <pre>
        
pt1.5: tempest.scenario.test_network_basic_ops.TestNetworkBasicOps.test_preserve_preexisting_port[compute,id-759462e1-8535-46b0-ab3a-33aa45c55aaa,network]

        </pre>
    </div>
    <!--css div popup end-->

    </td>
</tr>

<tr id='pt1.6' class='hiddenRow'>
    <td class='none'><div class='testcase'>test_router_rescheduling[compute,id-2e788c46-fb3f-4ac9-8f82-0561555bea73,network]</div></td>
    <td colspan='7' align='left'>

    <!--css div popup start-->
    <a class="popup_link" onfocus='this.blur();'
    href="javascript:showTestDetail('div_pt1.6')" >
        pass</a>

    <div id='div_pt1.6' class="popup_window">
        <div style='text-align: right; color:red;cursor:pointer'>
        <a onfocus='this.blur();'
onclick="document.getElementById('div_pt1.6').style.display = 'none' " >
           [x]</a>
        </div>
        <pre>
        
pt1.6: tempest.scenario.test_network_basic_ops.TestNetworkBasicOps.test_router_rescheduling[compute,id-2e788c46-fb3f-4ac9-8f82-0561555bea73,network]

        </pre>
    </div>
    <!--css div popup end-->

    </td>
</tr>

<tr id='pt1.7' class='hiddenRow'>
    <td class='none'><div class='testcase'>test_subnet_details[compute,id-d8bb918e-e2df-48b2-97cd-b73c95450980,network]</div></td>
    <td colspan='7' align='left'>

    <!--css div popup start-->
    <a class="popup_link" onfocus='this.blur();'
    href="javascript:showTestDetail('div_pt1.7')" >
        pass</a>

    <div id='div_pt1.7' class="popup_window">
        <div style='text-align: right; color:red;cursor:pointer'>
        <a onfocus='this.blur();'
onclick="document.getElementById('div_pt1.7').style.display = 'none' " >
           [x]</a>
        </div>
        <pre>
        
pt1.7: tempest.scenario.test_network_basic_ops.TestNetworkBasicOps.test_subnet_details[compute,id-d8bb918e-e2df-48b2-97cd-b73c95450980,network]

        </pre>
    </div>
    <!--css div popup end-->

    </td>
</tr>

<tr id='ft1.8' class='none'>
    <td class='failCase'><div class='testcase'>test_update_instance_port_admin_state[compute,id-f5dfcc22-45fd-409f-954c-5bd500d7890b,network]</div></td>
    <td colspan='7' align='left'>

    <!--css div popup start-->
    <a class="popup_link" onfocus='this.blur();'
    href="javascript:showTestDetail('div_ft1.8')" >
        fail</a>

    <div id='div_ft1.8' class="popup_window">
        <div style='text-align: right; color:red;cursor:pointer'>
        <a onfocus='this.blur();'
onclick="document.getElementById('div_ft1.8').style.display = 'none' " >
           [x]</a>
        </div>
        <pre>
        
ft1.8: tempest.scenario.test_network_basic_ops.TestNetworkBasicOps.test_update_instance_port_admin_state[compute,id-f5dfcc22-45fd-409f-954c-5bd500d7890b,network]_StringException: Empty attachments:
  stderr
  stdout

pythonlogging:'': {{{
2015-12-10 07:04:48,338 32246 INFO     [tempest_lib.common.rest_client] Request (TestNetworkBasicOps:test_update_instance_port_admin_state): 201 POST http://10.0.2.15:9696/v2.0/security-groups 0.131s
2015-12-10 07:04:48,339 32246 DEBUG    [tempest_lib.common.rest_client] Request - Headers: {'Content-Type': 'application/json', 'Accept': 'application/json', 'X-Auth-Token': '&lt;omitted&gt;'}
        Body: {"security_group": {"tenant_id": "a6b635398ebd4512a0b1dce660fdfc43", "description": "tempest-secgroup-smoke-573711794 description", "name": "tempest-secgroup-smoke-573711794"}}
    Response - Headers: {'status': '201', 'content-length': '886', 'connection': 'close', 'date': 'Thu, 10 Dec 2015 07:04:48 GMT', 'content-type': 'application/json; charset=UTF-8', 'x-openstack-request-id': 'req-106c41b6-b888-436d-b632-4ea20ab8d138'}
        Body: {"security_group": {"tenant_id": "a6b635398ebd4512a0b1dce660fdfc43", "description": "tempest-secgroup-smoke-573711794 description", "id": "41d79c23-af21-4087-a18d-e5708760867a", "security_group_rules": [{"remote_group_id": null, "direction": "egress", "remote_ip_prefix": null, "protocol": null, "ethertype": "IPv4", "tenant_id": "a6b635398ebd4512a0b1dce660fdfc43", "port_range_max": null, "port_range_min": null, "id": "05b4bc7a-fd18-4603-b5c3-e5160b10f460", "security_group_id": "41d79c23-af21-4087-a18d-e5708760867a"}, {"remote_group_id": null, "direction": "egress", "remote_ip_prefix": null, "protocol": null, "ethertype": "IPv6", "tenant_id": "a6b635398ebd4512a0b1dce660fdfc43", "port_range_max": null, "port_range_min": null, "id": "4d6182f3-a07c-4abc-bf67-1e75def0b481", "security_group_id": "41d79c23-af21-4087-a18d-e5708760867a"}], "name": "tempest-secgroup-smoke-573711794"}}
2015-12-10 07:04:48,453 32246 INFO     [tempest_lib.common.rest_client] Request (TestNetworkBasicOps:test_update_instance_port_admin_state): 201 POST http://10.0.2.15:9696/v2.0/security-group-rules 0.112s
2015-12-10 07:04:48,454 32246 DEBUG    [tempest_lib.common.rest_client] Request - Headers: {'Content-Type': 'application/json', 'Accept': 'application/json', 'X-Auth-Token': '&lt;omitted&gt;'}
        Body: {"security_group_rule": {"direction": "ingress", "protocol": "tcp", "tenant_id": "a6b635398ebd4512a0b1dce660fdfc43", "port_range_max": 22, "security_group_id": "41d79c23-af21-4087-a18d-e5708760867a", "port_range_min": 22}}
    Response - Headers: {'status': '201', 'content-length': '340', 'connection': 'close', 'date': 'Thu, 10 Dec 2015 07:04:48 GMT', 'content-type': 'application/json; charset=UTF-8', 'x-openstack-request-id': 'req-fe716047-b41f-40b1-8597-9f39a16cba27'}
        Body: {"security_group_rule": {"remote_group_id": null, "direction": "ingress", "remote_ip_prefix": null, "protocol": "tcp", "ethertype": "IPv4", "tenant_id": "a6b635398ebd4512a0b1dce660fdfc43", "port_range_max": 22, "port_range_min": 22, "id": "af0929c6-c18f-4798-9f0e-59d5582896a9", "security_group_id": "41d79c23-af21-4087-a18d-e5708760867a"}}
2015-12-10 07:04:48,556 32246 INFO     [tempest_lib.common.rest_client] Request (TestNetworkBasicOps:test_update_instance_port_admin_state): 201 POST http://10.0.2.15:9696/v2.0/security-group-rules 0.101s
2015-12-10 07:04:48,557 32246 DEBUG    [tempest_lib.common.rest_client] Request - Headers: {'Content-Type': 'application/json', 'Accept': 'application/json', 'X-Auth-Token': '&lt;omitted&gt;'}
        Body: {"security_group_rule": {"direction": "egress", "protocol": "tcp", "tenant_id": "a6b635398ebd4512a0b1dce660fdfc43", "port_range_max": 22, "security_group_id": "41d79c23-af21-4087-a18d-e5708760867a", "port_range_min": 22}}
    Response - Headers: {'status': '201', 'content-length': '339', 'connection': 'close', 'date': 'Thu, 10 Dec 2015 07:04:48 GMT', 'content-type': 'application/json; charset=UTF-8', 'x-openstack-request-id': 'req-9a19bb69-c2ad-46e5-a533-ed72b34ab3de'}
        Body: {"security_group_rule": {"remote_group_id": null, "direction": "egress", "remote_ip_prefix": null, "protocol": "tcp", "ethertype": "IPv4", "tenant_id": "a6b635398ebd4512a0b1dce660fdfc43", "port_range_max": 22, "port_range_min": 22, "id": "3d154c1f-11aa-43ec-b2cb-d78b65d7c8b8", "security_group_id": "41d79c23-af21-4087-a18d-e5708760867a"}}
2015-12-10 07:04:48,653 32246 INFO     [tempest_lib.common.rest_client] Request (TestNetworkBasicOps:test_update_instance_port_admin_state): 201 POST http://10.0.2.15:9696/v2.0/security-group-rules 0.095s
2015-12-10 07:04:48,654 32246 DEBUG    [tempest_lib.common.rest_client] Request - Headers: {'Content-Type': 'application/json', 'Accept': 'application/json', 'X-Auth-Token': '&lt;omitted&gt;'}
        Body: {"security_group_rule": {"tenant_id": "a6b635398ebd4512a0b1dce660fdfc43", "direction": "ingress", "protocol": "icmp", "security_group_id": "41d79c23-af21-4087-a18d-e5708760867a"}}
    Response - Headers: {'status': '201', 'content-length': '345', 'connection': 'close', 'date': 'Thu, 10 Dec 2015 07:04:48 GMT', 'content-type': 'application/json; charset=UTF-8', 'x-openstack-request-id': 'req-be720e33-4a4e-4fed-ba18-829809a935b0'}
        Body: {"security_group_rule": {"remote_group_id": null, "direction": "ingress", "remote_ip_prefix": null, "protocol": "icmp", "ethertype": "IPv4", "tenant_id": "a6b635398ebd4512a0b1dce660fdfc43", "port_range_max": null, "port_range_min": null, "id": "fb546e82-770e-4226-92dc-fdb1e66b28ee", "security_group_id": "41d79c23-af21-4087-a18d-e5708760867a"}}
2015-12-10 07:04:48,750 32246 INFO     [tempest_lib.common.rest_client] Request (TestNetworkBasicOps:test_update_instance_port_admin_state): 201 POST http://10.0.2.15:9696/v2.0/security-group-rules 0.095s
2015-12-10 07:04:48,750 32246 DEBUG    [tempest_lib.common.rest_client] Request - Headers: {'Content-Type': 'application/json', 'Accept': 'application/json', 'X-Auth-Token': '&lt;omitted&gt;'}
        Body: {"security_group_rule": {"tenant_id": "a6b635398ebd4512a0b1dce660fdfc43", "direction": "egress", "protocol": "icmp", "security_group_id": "41d79c23-af21-4087-a18d-e5708760867a"}}
    Response - Headers: {'status': '201', 'content-length': '344', 'connection': 'close', 'date': 'Thu, 10 Dec 2015 07:04:48 GMT', 'content-type': 'application/json; charset=UTF-8', 'x-openstack-request-id': 'req-51ba4a2f-9868-448e-b96c-a68fb8924c50'}
        Body: {"security_group_rule": {"remote_group_id": null, "direction": "egress", "remote_ip_prefix": null, "protocol": "icmp", "ethertype": "IPv4", "tenant_id": "a6b635398ebd4512a0b1dce660fdfc43", "port_range_max": null, "port_range_min": null, "id": "9bd82d44-c2dd-4009-88eb-a3b8b2ecb91f", "security_group_id": "41d79c23-af21-4087-a18d-e5708760867a"}}
2015-12-10 07:04:48,859 32246 INFO     [tempest_lib.common.rest_client] Request (TestNetworkBasicOps:test_update_instance_port_admin_state): 201 POST http://10.0.2.15:9696/v2.0/security-group-rules 0.108s
2015-12-10 07:04:48,860 32246 DEBUG    [tempest_lib.common.rest_client] Request - Headers: {'Content-Type': 'application/json', 'Accept': 'application/json', 'X-Auth-Token': '&lt;omitted&gt;'}
        Body: {"security_group_rule": {"tenant_id": "a6b635398ebd4512a0b1dce660fdfc43", "direction": "ingress", "security_group_id": "41d79c23-af21-4087-a18d-e5708760867a", "protocol": "icmp", "ethertype": "IPv6"}}
    Response - Headers: {'status': '201', 'content-length': '345', 'connection': 'close', 'date': 'Thu, 10 Dec 2015 07:04:48 GMT', 'content-type': 'application/json; charset=UTF-8', 'x-openstack-request-id': 'req-a515dd66-528a-45da-aa4f-e628b17bdc30'}
        Body: {"security_group_rule": {"remote_group_id": null, "direction": "ingress", "remote_ip_prefix": null, "protocol": "icmp", "ethertype": "IPv6", "tenant_id": "a6b635398ebd4512a0b1dce660fdfc43", "port_range_max": null, "port_range_min": null, "id": "2e62dae3-21d0-4526-86b5-3bf790768a32", "security_group_id": "41d79c23-af21-4087-a18d-e5708760867a"}}
2015-12-10 07:04:48,974 32246 INFO     [tempest_lib.common.rest_client] Request (TestNetworkBasicOps:test_update_instance_port_admin_state): 201 POST http://10.0.2.15:9696/v2.0/security-group-rules 0.113s
2015-12-10 07:04:48,974 32246 DEBUG    [tempest_lib.common.rest_client] Request - Headers: {'Content-Type': 'application/json', 'Accept': 'application/json', 'X-Auth-Token': '&lt;omitted&gt;'}
        Body: {"security_group_rule": {"tenant_id": "a6b635398ebd4512a0b1dce660fdfc43", "direction": "egress", "security_group_id": "41d79c23-af21-4087-a18d-e5708760867a", "protocol": "icmp", "ethertype": "IPv6"}}
    Response - Headers: {'status': '201', 'content-length': '344', 'connection': 'close', 'date': 'Thu, 10 Dec 2015 07:04:48 GMT', 'content-type': 'application/json; charset=UTF-8', 'x-openstack-request-id': 'req-1e0ac45b-a7c6-4617-b17d-94b9cd618045'}
        Body: {"security_group_rule": {"remote_group_id": null, "direction": "egress", "remote_ip_prefix": null, "protocol": "icmp", "ethertype": "IPv6", "tenant_id": "a6b635398ebd4512a0b1dce660fdfc43", "port_range_max": null, "port_range_min": null, "id": "4f9ab627-19f6-4f69-85fe-9d2d158f5f2c", "security_group_id": "41d79c23-af21-4087-a18d-e5708760867a"}}
2015-12-10 07:04:49,123 32246 INFO     [tempest_lib.common.rest_client] Request (TestNetworkBasicOps:test_update_instance_port_admin_state): 201 POST http://10.0.2.15:9696/v2.0/networks 0.146s
2015-12-10 07:04:49,123 32246 DEBUG    [tempest_lib.common.rest_client] Request - Headers: {'Content-Type': 'application/json', 'Accept': 'application/json', 'X-Auth-Token': '&lt;omitted&gt;'}
        Body: {"network": {"tenant_id": "a6b635398ebd4512a0b1dce660fdfc43", "name": "tempest-network-smoke--2075394569"}}
    Response - Headers: {'status': '201', 'content-length': '296', 'connection': 'close', 'date': 'Thu, 10 Dec 2015 07:04:49 GMT', 'content-type': 'application/json; charset=UTF-8', 'x-openstack-request-id': 'req-24ced120-abf7-4046-b23f-0d4b3ecddbb5'}
        Body: {"network": {"status": "ACTIVE", "subnets": [], "name": "tempest-network-smoke--2075394569", "admin_state_up": true, "tenant_id": "a6b635398ebd4512a0b1dce660fdfc43", "mtu": 0, "router:external": false, "shared": false, "port_security_enabled": true, "id": "cb854397-a1b7-4de3-88be-e05645197c00"}}
2015-12-10 07:04:49,203 32246 INFO     [tempest_lib.common.rest_client] Request (TestNetworkBasicOps:test_update_instance_port_admin_state): 201 POST http://10.0.2.15:9696/v2.0/routers 0.078s
2015-12-10 07:04:49,204 32246 DEBUG    [tempest_lib.common.rest_client] Request - Headers: {'Content-Type': 'application/json', 'Accept': 'application/json', 'X-Auth-Token': '&lt;omitted&gt;'}
        Body: {"router": {"tenant_id": "a6b635398ebd4512a0b1dce660fdfc43", "name": "tempest-router-smoke-1857428735", "admin_state_up": true}}
    Response - Headers: {'status': '201', 'content-length': '239', 'connection': 'close', 'date': 'Thu, 10 Dec 2015 07:04:49 GMT', 'content-type': 'application/json; charset=UTF-8', 'x-openstack-request-id': 'req-4f938f88-533a-4154-be02-7c1abfc64878'}
        Body: {"router": {"status": "ACTIVE", "external_gateway_info": null, "name": "tempest-router-smoke-1857428735", "admin_state_up": true, "tenant_id": "a6b635398ebd4512a0b1dce660fdfc43", "routes": [], "id": "1b40f47a-452a-4eff-bd3e-b0f05d8225b1"}}
2015-12-10 07:04:49,252 32246 INFO     [tempest_lib.common.rest_client] Request (TestNetworkBasicOps:test_update_instance_port_admin_state): 200 GET http://10.0.2.15:9696/v2.0/routers/1b40f47a-452a-4eff-bd3e-b0f05d8225b1 0.046s
2015-12-10 07:04:49,252 32246 DEBUG    [tempest_lib.common.rest_client] Request - Headers: {'Content-Type': 'application/json', 'Accept': 'application/json', 'X-Auth-Token': '&lt;omitted&gt;'}
        Body: None
    Response - Headers: {'status': '200', 'content-length': '239', 'content-location': 'http://10.0.2.15:9696/v2.0/routers/1b40f47a-452a-4eff-bd3e-b0f05d8225b1', 'connection': 'close', 'date': 'Thu, 10 Dec 2015 07:04:49 GMT', 'content-type': 'application/json; charset=UTF-8', 'x-openstack-request-id': 'req-c8d315c9-19dc-44fd-b935-de4f8b0a1155'}
        Body: {"router": {"status": "ACTIVE", "external_gateway_info": null, "name": "tempest-router-smoke-1857428735", "admin_state_up": true, "tenant_id": "a6b635398ebd4512a0b1dce660fdfc43", "routes": [], "id": "1b40f47a-452a-4eff-bd3e-b0f05d8225b1"}}
2015-12-10 07:04:49,888 32246 INFO     [tempest_lib.common.rest_client] Request (TestNetworkBasicOps:test_update_instance_port_admin_state): 200 PUT http://10.0.2.15:9696/v2.0/routers/1b40f47a-452a-4eff-bd3e-b0f05d8225b1 0.635s
2015-12-10 07:04:49,889 32246 DEBUG    [tempest_lib.common.rest_client] Request - Headers: {'Content-Type': 'application/json', 'Accept': 'application/json', 'X-Auth-Token': '&lt;omitted&gt;'}
        Body: {"router": {"external_gateway_info": {"network_id": "b89393f8-192d-43f3-abff-b7324eff9859"}, "name": "tempest-router-smoke-1857428735", "admin_state_up": true}}
    Response - Headers: {'status': '200', 'content-length': '503', 'connection': 'close', 'date': 'Thu, 10 Dec 2015 07:04:49 GMT', 'content-type': 'application/json; charset=UTF-8', 'x-openstack-request-id': 'req-495e5629-b0b5-4281-954a-06e44e0ceefa'}
        Body: {"router": {"status": "ACTIVE", "external_gateway_info": {"network_id": "b89393f8-192d-43f3-abff-b7324eff9859", "enable_snat": true, "external_fixed_ips": [{"subnet_id": "61554b2b-82e4-4d4e-a0ce-0a8607923b97", "ip_address": "172.24.4.17"}, {"subnet_id": "8124a9ce-01a3-4581-9cd8-d94352c39e85", "ip_address": "2001:db8::11"}]}, "name": "tempest-router-smoke-1857428735", "admin_state_up": true, "tenant_id": "a6b635398ebd4512a0b1dce660fdfc43", "routes": [], "id": "1b40f47a-452a-4eff-bd3e-b0f05d8225b1"}}
2015-12-10 07:04:49,924 32246 INFO     [tempest_lib.common.rest_client] Request (TestNetworkBasicOps:test_update_instance_port_admin_state): 200 GET http://10.0.2.15:9696/v2.0/subnets?tenant_id=a6b635398ebd4512a0b1dce660fdfc43&amp;cidr=10.100.0.0%2F28 0.033s
2015-12-10 07:04:49,924 32246 DEBUG    [tempest_lib.common.rest_client] Request - Headers: {'Content-Type': 'application/json', 'Accept': 'application/json', 'X-Auth-Token': '&lt;omitted&gt;'}
        Body: None
    Response - Headers: {'status': '200', 'content-length': '15', 'content-location': 'http://10.0.2.15:9696/v2.0/subnets?tenant_id=a6b635398ebd4512a0b1dce660fdfc43&amp;cidr=10.100.0.0%2F28', 'connection': 'close', 'date': 'Thu, 10 Dec 2015 07:04:49 GMT', 'content-type': 'application/json; charset=UTF-8', 'x-openstack-request-id': 'req-17f5f9bf-a598-482f-8ff5-7da8fa322690'}
        Body: {"subnets": []}
2015-12-10 07:04:50,163 32246 INFO     [tempest_lib.common.rest_client] Request (TestNetworkBasicOps:test_update_instance_port_admin_state): 201 POST http://10.0.2.15:9696/v2.0/subnets 0.238s
2015-12-10 07:04:50,164 32246 DEBUG    [tempest_lib.common.rest_client] Request - Headers: {'Content-Type': 'application/json', 'Accept': 'application/json', 'X-Auth-Token': '&lt;omitted&gt;'}
        Body: {"subnet": {"ip_version": 4, "tenant_id": "a6b635398ebd4512a0b1dce660fdfc43", "cidr": "10.100.0.0/28", "network_id": "cb854397-a1b7-4de3-88be-e05645197c00", "name": "tempest-subnet-smoke-780304156"}}
    Response - Headers: {'status': '201', 'content-length': '477', 'connection': 'close', 'date': 'Thu, 10 Dec 2015 07:04:50 GMT', 'content-type': 'application/json; charset=UTF-8', 'x-openstack-request-id': 'req-bf2e249a-f33c-4dd5-8fab-c4949ff2a8c0'}
        Body: {"subnet": {"name": "tempest-subnet-smoke-780304156", "enable_dhcp": true, "network_id": "cb854397-a1b7-4de3-88be-e05645197c00", "tenant_id": "a6b635398ebd4512a0b1dce660fdfc43", "dns_nameservers": [], "gateway_ip": "10.100.0.1", "ipv6_ra_mode": null, "allocation_pools": [{"start": "10.100.0.2", "end": "10.100.0.14"}], "host_routes": [], "ip_version": 4, "ipv6_address_mode": null, "cidr": "10.100.0.0/28", "id": "cf50331b-3a3b-4dc3-bedf-515d91adfe05", "subnetpool_id": null}}
2015-12-10 07:04:50,705 32246 INFO     [tempest_lib.common.rest_client] Request (TestNetworkBasicOps:test_update_instance_port_admin_state): 200 PUT http://10.0.2.15:9696/v2.0/routers/1b40f47a-452a-4eff-bd3e-b0f05d8225b1/add_router_interface 0.540s
2015-12-10 07:04:50,706 32246 DEBUG    [tempest_lib.common.rest_client] Request - Headers: {'Content-Type': 'application/json', 'Accept': 'application/json', 'X-Auth-Token': '&lt;omitted&gt;'}
        Body: {"subnet_id": "cf50331b-3a3b-4dc3-bedf-515d91adfe05"}
    Response - Headers: {'status': '200', 'content-length': '255', 'connection': 'close', 'date': 'Thu, 10 Dec 2015 07:04:50 GMT', 'content-type': 'application/json; charset=UTF-8', 'x-openstack-request-id': 'req-ca954d9f-75d5-4c97-84b8-376ed22f41ad'}
        Body: {"subnet_id": "cf50331b-3a3b-4dc3-bedf-515d91adfe05", "tenant_id": "a6b635398ebd4512a0b1dce660fdfc43", "subnet_ids": ["cf50331b-3a3b-4dc3-bedf-515d91adfe05"], "port_id": "82429da6-9fd0-4e9b-a842-d0a87348bc45", "id": "1b40f47a-452a-4eff-bd3e-b0f05d8225b1"}
2015-12-10 07:04:50,751 32246 INFO     [tempest_lib.common.rest_client] Request (TestNetworkBasicOps:test_update_instance_port_admin_state): 200 GET http://10.0.2.15:9696/v2.0/networks 0.045s
2015-12-10 07:04:50,751 32246 DEBUG    [tempest_lib.common.rest_client] Request - Headers: {'Content-Type': 'application/json', 'Accept': 'application/json', 'X-Auth-Token': '&lt;omitted&gt;'}
        Body: None
    Response - Headers: {'status': '200', 'content-length': '1318', 'content-location': 'http://10.0.2.15:9696/v2.0/networks', 'connection': 'close', 'date': 'Thu, 10 Dec 2015 07:04:50 GMT', 'content-type': 'application/json; charset=UTF-8', 'x-openstack-request-id': 'req-0736477c-756e-4451-ba6a-663839abbd90'}
        Body: {"networks": [{"status": "ACTIVE", "subnets": ["062da03a-3ad8-4f83-98ef-b13539896290", "59147c88-7175-439f-a6ed-8afb9cfe5c4e"], "name": "private", "provider:physical_network": null, "admin_state_up": true, "tenant_id": "61683eab2e3d404fbe0960dbb65984f8", "mtu": 0, "router:external": false, "shared": false, "port_security_enabled": true, "provider:network_type": "vxlan", "id": "f3625a2b-db01-4fdb-be14-2571ef85aab8", "provider:segmentation_id": 1041}, {"status": "ACTIVE", "subnets": ["61554b2b-82e4-4d4e-a0ce-0a8607923b97", "8124a9ce-01a3-4581-9cd8-d94352c39e85"], "name": "public", "provider:physical_network": null, "admin_state_up": true, "tenant_id": "24a54b18d5fa4d63b82d1d7f99336c7b", "mtu": 0, "router:external": true, "shared": false, "port_security_enabled": true, "provider:network_type": "vxlan", "id": "b89393f8-192d-43f3-abff-b7324eff9859", "provider:segmentation_id": 1071}, {"status": "ACTIVE", "subnets": ["cf50331b-3a3b-4dc3-bedf-515d91adfe05"], "name": "tempest-network-smoke--2075394569", "provider:physical_network": null, "admin_state_up": true, "tenant_id": "a6b635398ebd4512a0b1dce660fdfc43", "mtu": 0, "router:external": false, "shared": false, "port_security_enabled": true, "provider:network_type": "vxlan", "id": "cb854397-a1b7-4de3-88be-e05645197c00", "provider:segmentation_id": 1051}]}
2015-12-10 07:04:50,849 32246 INFO     [tempest_lib.common.rest_client] Request (TestNetworkBasicOps:test_update_instance_port_admin_state): 200 GET http://10.0.2.15:9696/v2.0/subnets 0.097s
2015-12-10 07:04:50,849 32246 DEBUG    [tempest_lib.common.rest_client] Request - Headers: {'Content-Type': 'application/json', 'Accept': 'application/json', 'X-Auth-Token': '&lt;omitted&gt;'}
        Body: None
    Response - Headers: {'status': '200', 'content-length': '2407', 'content-location': 'http://10.0.2.15:9696/v2.0/subnets', 'connection': 'close', 'date': 'Thu, 10 Dec 2015 07:04:50 GMT', 'content-type': 'application/json; charset=UTF-8', 'x-openstack-request-id': 'req-0fb44dd5-2ec9-4aeb-b784-e2a1d29071c6'}
        Body: {"subnets": [{"name": "private-subnet", "enable_dhcp": true, "network_id": "f3625a2b-db01-4fdb-be14-2571ef85aab8", "tenant_id": "61683eab2e3d404fbe0960dbb65984f8", "dns_nameservers": [], "gateway_ip": "10.0.0.1", "ipv6_ra_mode": null, "allocation_pools": [{"start": "10.0.0.2", "end": "10.0.0.254"}], "host_routes": [], "ip_version": 4, "ipv6_address_mode": null, "cidr": "10.0.0.0/24", "id": "59147c88-7175-439f-a6ed-8afb9cfe5c4e", "subnetpool_id": null}, {"name": "tempest-subnet-smoke-780304156", "enable_dhcp": true, "network_id": "cb854397-a1b7-4de3-88be-e05645197c00", "tenant_id": "a6b635398ebd4512a0b1dce660fdfc43", "dns_nameservers": [], "gateway_ip": "10.100.0.1", "ipv6_ra_mode": null, "allocation_pools": [{"start": "10.100.0.2", "end": "10.100.0.14"}], "host_routes": [], "ip_version": 4, "ipv6_address_mode": null, "cidr": "10.100.0.0/28", "id": "cf50331b-3a3b-4dc3-bedf-515d91adfe05", "subnetpool_id": null}, {"name": "public-subnet", "enable_dhcp": false, "network_id": "b89393f8-192d-43f3-abff-b7324eff9859", "tenant_id": "24a54b18d5fa4d63b82d1d7f99336c7b", "dns_nameservers": [], "gateway_ip": "172.24.4.1", "ipv6_ra_mode": null, "allocation_pools": [{"start": "172.24.4.2", "end": "172.24.4.254"}], "host_routes": [], "ip_version": 4, "ipv6_address_mode": null, "cidr": "172.24.4.0/24", "id": "61554b2b-82e4-4d4e-a0ce-0a8607923b97", "subnetpool_id": null}, {"name": "ipv6-public-subnet", "enable_dhcp": false, "network_id": "b89393f8-192d-43f3-abff-b7324eff9859", "tenant_id": "24a54b18d5fa4d63b82d1d7f99336c7b", "dns_nameservers": [], "gateway_ip": "2001:db8::2", "ipv6_ra_mode": null, "allocation_pools": [{"start": "2001:db8::1", "end": "2001:db8::1"}, {"start": "2001:db8::3", "end": "2001:db8::ffff:ffff:ffff:ffff"}], "host_routes": [], "ip_version": 6, "ipv6_address_mode": null, "cidr": "2001:db8::/64", "id": "8124a9ce-01a3-4581-9cd8-d94352c39e85", "subnetpool_id": null}, {"name": "ipv6-private-subnet", "enable_dhcp": true, "network_id": "f3625a2b-db01-4fdb-be14-2571ef85aab8", "tenant_id": "61683eab2e3d404fbe0960dbb65984f8", "dns_nameservers": [], "gateway_ip": "fdf1:4afc:d413::1", "ipv6_ra_mode": "slaac", "allocation_pools": [{"start": "fdf1:4afc:d413::2", "end": "fdf1:4afc:d413:0:ffff:ffff:ffff:ffff"}], "host_routes": [], "ip_version": 6, "ipv6_address_mode": "slaac", "cidr": "fdf1:4afc:d413::/64", "id": "062da03a-3ad8-4f83-98ef-b13539896290", "subnetpool_id": null}]}
2015-12-10 07:04:50,899 32246 INFO     [tempest_lib.common.rest_client] Request (TestNetworkBasicOps:test_update_instance_port_admin_state): 200 GET http://10.0.2.15:9696/v2.0/routers 0.049s
2015-12-10 07:04:50,899 32246 DEBUG    [tempest_lib.common.rest_client] Request - Headers: {'Content-Type': 'application/json', 'Accept': 'application/json', 'X-Auth-Token': '&lt;omitted&gt;'}
        Body: None
    Response - Headers: {'status': '200', 'content-length': '1043', 'content-location': 'http://10.0.2.15:9696/v2.0/routers', 'connection': 'close', 'date': 'Thu, 10 Dec 2015 07:04:50 GMT', 'content-type': 'application/json; charset=UTF-8', 'x-openstack-request-id': 'req-666dbd70-32ed-4ad0-8578-8162b652d6e1'}
        Body: {"routers": [{"status": "ACTIVE", "external_gateway_info": {"network_id": "b89393f8-192d-43f3-abff-b7324eff9859", "enable_snat": true, "external_fixed_ips": [{"subnet_id": "61554b2b-82e4-4d4e-a0ce-0a8607923b97", "ip_address": "172.24.4.17"}, {"subnet_id": "8124a9ce-01a3-4581-9cd8-d94352c39e85", "ip_address": "2001:db8::11"}]}, "name": "tempest-router-smoke-1857428735", "admin_state_up": true, "tenant_id": "a6b635398ebd4512a0b1dce660fdfc43", "distributed": false, "routes": [], "ha": false, "id": "1b40f47a-452a-4eff-bd3e-b0f05d8225b1"}, {"status": "ACTIVE", "external_gateway_info": {"network_id": "b89393f8-192d-43f3-abff-b7324eff9859", "enable_snat": true, "external_fixed_ips": [{"subnet_id": "61554b2b-82e4-4d4e-a0ce-0a8607923b97", "ip_address": "172.24.4.2"}, {"subnet_id": "8124a9ce-01a3-4581-9cd8-d94352c39e85", "ip_address": "2001:db8::1"}]}, "name": "router1", "admin_state_up": true, "tenant_id": "61683eab2e3d404fbe0960dbb65984f8", "distributed": false, "routes": [], "ha": false, "id": "da225d01-5c53-481e-9d91-d2fef2dda4ec"}]}
2015-12-10 07:04:51,281 32246 INFO     [tempest_lib.common.rest_client] Request (TestNetworkBasicOps:test_update_instance_port_admin_state): 200 POST http://10.0.2.15:8774/v2.1/a6b635398ebd4512a0b1dce660fdfc43/os-keypairs 0.380s
2015-12-10 07:04:51,282 32246 DEBUG    [tempest_lib.common.rest_client] Request - Headers: {'Content-Type': 'application/json', 'Accept': 'application/json', 'X-Auth-Token': '&lt;omitted&gt;'}
        Body: {"keypair": {"name": "tempest-TestNetworkBasicOps-31495434"}}
    Response - Headers: {'status': '200', 'content-length': '2319', 'x-compute-request-id': 'req-c8d956b5-27f9-4067-91b0-40ff1ec111c1', 'vary': 'X-OpenStack-Nova-API-Version', 'connection': 'close', 'x-openstack-nova-api-version': '2.1', 'date': 'Thu, 10 Dec 2015 07:04:51 GMT', 'content-type': 'application/json'}
        Body: {"keypair": {"public_key": "ssh-rsa AAAAB3NzaC1yc2EAAAADAQABAAABAQCjlIBPtMMsQ0ZiVJhFM2oo6hoe3tR0fe5wZWmqZHaW8zpqXw4VHFlR/5EHlMy53EF9sWf5vxfiaoWltl/q4dxasIytzEiLMX1AOlBL1soZeBM5MasL2YGxqyVRi0AiQjXYX4VNCO8NXedDRWIGcYCJeJnS0ISz9d8TLW7sU3dUnTQ3c5Ou/04wSomapoeEXoeeTQi2Zzum5EU3J4gY2K3Mxqz4VtcY5Ou0j7Jk0IyG6XJwFDuGv5nux2tnOHXfuf/FFuBhFl57e2mgi5HEik2PVuXbAwUoWG1iKWHsqND2ZhIb8bg7RD4w93huwO48/4EioPC7/lmWdFOjUgQ5VjBt Generated-by-Nova", "private_key": "-----BEGIN RSA PRIVATE KEY-----\nMIIEqAIBAAKCAQEAo5SAT7TDLENGYlSYRTNqKOoaHt7UdH3ucGVpqmR2lvM6al8O\nFRxZUf+RB5TMudxBfbFn+b8X4mqFpbZf6uHcWrCMrcxIizF9QDpQS9bKGXgTOTGr\nC9mBsaslUYtAIkI12F+FTQjvDV3nQ0ViBnGAiXiZ0tCEs/XfEy1u7FN3VJ00N3OT\nrv9OMEqJmqaHhF6Hnk0Itmc7puRFNyeIGNitzMas+FbXGOTrtI+yZNCMhulycBQ7\nhr+Z7sdrZzh137n/xRbgYRZee3tpoIuRxIpNj1bl2wMFKFhtYilh7KjQ9mYSG/G4\nO0Q+MPd4bsDuPP+BIqDwu/5ZlnRTo1IEOVYwbQIDAQABAoIBAFO5xpMFaoBVTsk1\nk1qYHlYivIvgcc3ORySwQ407LpfElrmrPYIAqJcXwBupRcA7xCmZjCaAcLEq5I0U\n87M9N5QTmW27icX05q7hKggnP/oZQ32atnmyMnfFqaw7IfBnAzhka84qLHEjByOf\nd7Tkk23JlLIamFGkHzGpp4S+k+1yV0tqVSXmWPoIq5OQKThQxWnLCW7jYiwj+cSO\nGFoesSPmmQ/1HscNnc8v6LZWzinwetr3R0iFXLkQHzltznGXZROWux+A2vVHMQcz\n+jMExhpbS9WM2p1Dz5wiF9QDTdEN1RCh00+KMuVjE35YZgA0sfNWSobgqXyY6AaZ\n9nsOFeECggCBAMBCKIaRyoHxQHMk0xA4qAL3UhPaAsgYUvGf9/h7tllhavtXUCeS\nXs03dSdfm8YBwsjguSCt9TbXAJ0zg+hrCw25Zt0iAHGq1n+6h9RZzYatwzriwk6d\nDllBm5dUW36m/LliZgyb1rdtW3JAbE/cBH+8joF2q5F5JyZE8q0ofDebAoIAgQDZ\n0EgtaPKfrH81MwEZFei41YAHpqDDySH60FVgiheudFXLd0dppc+m+BWJkYMidkOg\nYCUOBul8E3c/7xpkT1Wxyz8ShgAMhDAhSW8AVwZWq5gje/D5oF105f1t3j8FWUZB\nOwzFEmlqzfFuoj4eGXcsUczZZ4znB11h4QNakZRslwKCAIB19CEI7slfj7QK8LzN\nZvUtXK9unoK2YLYCqDJqsPvfOnV4Xsk+ff7LyQqHbZEUml/2/miWNCQN0Tr/N2vm\nXEYb1XPWl9XN5xJSqw5Kqg3+Yv00U4sC0DjNagMbhRXdTnYfBs+1TKcfQmioX/4T\nwNjBxd1ocHYyejIauJJqyjvroQKCAIEAoucCxGukYkWJ0kj2PkPDjVGocpBt1mA8\neLCN2ikNsx0w+X6ZO2uWlYMf4Iai9AhNZcnijM4gm/qXCosSSwmGxvWCk6ECslm/\nAXZBfZiYlgO6Qne0742/t+k3FI/OxHpTb//w+gdeLlIeiqbvHGXhWpVHRyYKHNPG\nRKkccAVHY7sCggCAAP9kz0yxXShkMaPq6JGZMBWh5xz+ijw3JJBxYOl0UvVqGJ1Z\nP1f74r2iyEJo6Aw17/kkwFZ25QVBgp2gC9gJLYh+WTQebwsrpMpTjA9x2hDllt6C\nNauxGg4cQimennC+G496ISouLX1hRjGeVnCrnQCbzjvv03G1bOBzEfK67s4=\n-----END RSA PRIVATE KEY-----\n", "user_id": "5a91cb6ff6854553adec433fdf44a7c0", "name": "tempest-TestNetworkBasicOps-31495434", "fingerprint": "c4:89:a2:ce:4e:43:96:d7:88:2b:06:bc:f9:1b:fb:71"}}
2015-12-10 07:04:51,412 32246 INFO     [tempest_lib.common.rest_client] Request (TestNetworkBasicOps:test_update_instance_port_admin_state): 200 POST http://10.0.2.15:5000/v2.0/tokens
2015-12-10 07:04:51,412 32246 DEBUG    [tempest_lib.common.rest_client] Request - Headers: {'Content-Type': 'application/json', 'Accept': 'application/json'}
        Body: &lt;omitted&gt;
    Response - Headers: {'status': '200', 'content-length': '2530', 'vary': 'X-Auth-Token', 'server': 'Apache/2.4.7 (Ubuntu)', 'connection': 'close', 'date': 'Thu, 10 Dec 2015 07:04:51 GMT', 'content-type': 'application/json', 'x-openstack-request-id': 'req-afc3bf7f-8de4-42e0-b3ae-ae3852b3613d'}
        Body: {"access": {"token": {"issued_at": "2015-12-10T07:04:51.393489", "expires": "2015-12-10T08:04:51Z", "id": "9243a7e582c8446cbfba2c1deb479b0a", "tenant": {"description": "tempest-TestNetworkBasicOps-1965841642-desc", "enabled": true, "id": "a6b635398ebd4512a0b1dce660fdfc43", "name": "tempest-TestNetworkBasicOps-1965841642"}, "audit_ids": ["8oHi37ouRMexKCFJMxZWsw"]}, "serviceCatalog": [{"endpoints": [{"adminURL": "http://10.0.2.15:8774/v2.1/a6b635398ebd4512a0b1dce660fdfc43", "region": "RegionOne", "internalURL": "http://10.0.2.15:8774/v2.1/a6b635398ebd4512a0b1dce660fdfc43", "id": "2d954a8572214c088b003b0d9ed71549", "publicURL": "http://10.0.2.15:8774/v2.1/a6b635398ebd4512a0b1dce660fdfc43"}], "endpoints_links": [], "type": "compute", "name": "nova"}, {"endpoints": [{"adminURL": "http://10.0.2.15:9696/", "region": "RegionOne", "internalURL": "http://10.0.2.15:9696/", "id": "017bb2d27f3d47e497d5d632226abbeb", "publicURL": "http://10.0.2.15:9696/"}], "endpoints_links": [], "type": "network", "name": "neutron"}, {"endpoints": [{"adminURL": "http://10.0.2.15:9292", "region": "RegionOne", "internalURL": "http://10.0.2.15:9292", "id": "a8072dea6c7e4b92a5e21a0c285f1657", "publicURL": "http://10.0.2.15:9292"}], "endpoints_links": [], "type": "image", "name": "glance"}, {"endpoints": [{"adminURL": "http://10.0.2.15:8774/v2/a6b635398ebd4512a0b1dce660fdfc43", "region": "RegionOne", "internalURL": "http://10.0.2.15:8774/v2/a6b635398ebd4512a0b1dce660fdfc43", "id": "4a2d8f8917f94802b860cfc2e61cc1a6", "publicURL": "http://10.0.2.15:8774/v2/a6b635398ebd4512a0b1dce660fdfc43"}], "endpoints_links": [], "type": "compute_legacy", "name": "nova_legacy"}, {"endpoints": [{"adminURL": "http://10.0.2.15:8773/", "region": "RegionOne", "internalURL": "http://10.0.2.15:8773/", "id": "046611114f2842d0922740df01fe6060", "publicURL": "http://10.0.2.15:8773/"}], "endpoints_links": [], "type": "ec2", "name": "ec2"}, {"endpoints": [{"adminURL": "http://10.0.2.15:35357/v2.0", "region": "RegionOne", "internalURL": "http://10.0.2.15:5000/v2.0", "id": "38b04e1c8f2b48768058476da0cd9305", "publicURL": "http://10.0.2.15:5000/v2.0"}], "endpoints_links": [], "type": "identity", "name": "keystone"}], "user": {"username": "tempest-TestNetworkBasicOps-2037506710", "roles_links": [], "id": "5a91cb6ff6854553adec433fdf44a7c0", "roles": [{"name": "Member"}, {"name": "_member_"}], "name": "tempest-TestNetworkBasicOps-2037506710"}, "metadata": {"is_admin": 0, "roles": ["706e6cf773b043bdbd249dc7fff82a0c", "9fe2ff9ee4384b1894a90878d3e92bab"]}}}
2015-12-10 07:04:51,417 32246 DEBUG    [tempest.common.fixed_network] (TestNetworkBasicOps:test_update_instance_port_admin_state) No valid network provided or created, defaulting to fixed_network_name
2015-12-10 07:04:51,765 32246 INFO     [tempest_lib.common.rest_client] Request (TestNetworkBasicOps:test_update_instance_port_admin_state): 200 GET http://10.0.2.15:8774/v2.1/a6b635398ebd4512a0b1dce660fdfc43/os-networks 0.347s
2015-12-10 07:04:51,766 32246 DEBUG    [tempest_lib.common.rest_client] Request - Headers: {'Content-Type': 'application/json', 'Accept': 'application/json', 'X-Auth-Token': '&lt;omitted&gt;'}
        Body: None
    Response - Headers: {'status': '200', 'content-length': '479', 'content-location': 'http://10.0.2.15:8774/v2.1/a6b635398ebd4512a0b1dce660fdfc43/os-networks', 'x-compute-request-id': 'req-2ec3f4a7-d36e-4d87-95f9-ccd59ed78746', 'vary': 'X-OpenStack-Nova-API-Version', 'connection': 'close', 'x-openstack-nova-api-version': '2.1', 'date': 'Thu, 10 Dec 2015 07:04:51 GMT', 'content-type': 'application/json'}
        Body: {"networks": [{"cidr_v6": null, "dns2": null, "dns1": null, "gateway": null, "broadcast": null, "netmask": null, "gateway_v6": null, "cidr": null, "label": "public", "id": "b89393f8-192d-43f3-abff-b7324eff9859", "netmask_v6": null}, {"cidr_v6": null, "dns2": null, "dns1": null, "gateway": null, "broadcast": null, "netmask": null, "gateway_v6": null, "cidr": null, "label": "tempest-network-smoke--2075394569", "id": "cb854397-a1b7-4de3-88be-e05645197c00", "netmask_v6": null}]}
2015-12-10 07:04:51,766 32246 WARNING  [tempest.common.fixed_network] (TestNetworkBasicOps:test_update_instance_port_admin_state) Network with name: private not found
2015-12-10 07:04:51,766 32246 INFO     [tempest.common.fixed_network] (TestNetworkBasicOps:test_update_instance_port_admin_state) Found network {} available for tenant
2015-12-10 07:04:52,282 32246 INFO     [tempest_lib.common.rest_client] Request (TestNetworkBasicOps:test_update_instance_port_admin_state): 202 POST http://10.0.2.15:8774/v2.1/a6b635398ebd4512a0b1dce660fdfc43/servers 0.515s
2015-12-10 07:04:52,282 32246 DEBUG    [tempest_lib.common.rest_client] Request - Headers: {'Content-Type': 'application/json', 'Accept': 'application/json', 'X-Auth-Token': '&lt;omitted&gt;'}
        Body: {"server": {"name": "tempest.common.compute-instance-1170898097", "imageRef": "9cea42c1-37b1-4092-961c-ebf375904cc2", "key_name": "tempest-TestNetworkBasicOps-31495434", "flavorRef": "42", "networks": [{"uuid": "cb854397-a1b7-4de3-88be-e05645197c00"}], "security_groups": [{"name": "tempest-secgroup-smoke-573711794"}]}}
    Response - Headers: {'status': '202', 'content-length': '461', 'x-compute-request-id': 'req-d5023e0a-ea2b-456d-8bb6-fc36b2271fa5', 'vary': 'X-OpenStack-Nova-API-Version', 'connection': 'close', 'location': 'http://10.0.2.15:8774/v2.1/a6b635398ebd4512a0b1dce660fdfc43/servers/1385503e-6778-4c9a-bbf8-008ad579efb6', 'x-openstack-nova-api-version': '2.1', 'date': 'Thu, 10 Dec 2015 07:04:52 GMT', 'content-type': 'application/json'}
        Body: {"server": {"security_groups": [{"name": "tempest-secgroup-smoke-573711794"}], "OS-DCF:diskConfig": "MANUAL", "id": "1385503e-6778-4c9a-bbf8-008ad579efb6", "links": [{"href": "http://10.0.2.15:8774/v2.1/a6b635398ebd4512a0b1dce660fdfc43/servers/1385503e-6778-4c9a-bbf8-008ad579efb6", "rel": "self"}, {"href": "http://10.0.2.15:8774/a6b635398ebd4512a0b1dce660fdfc43/servers/1385503e-6778-4c9a-bbf8-008ad579efb6", "rel": "bookmark"}], "adminPass": "JuXNp6em2zz9"}}
2015-12-10 07:04:52,418 32246 INFO     [tempest_lib.common.rest_client] Request (TestNetworkBasicOps:test_update_instance_port_admin_state): 200 GET http://10.0.2.15:8774/v2.1/a6b635398ebd4512a0b1dce660fdfc43/servers/1385503e-6778-4c9a-bbf8-008ad579efb6 0.133s
2015-12-10 07:04:52,419 32246 DEBUG    [tempest_lib.common.rest_client] Request - Headers: {'Content-Type': 'application/json', 'Accept': 'application/json', 'X-Auth-Token': '&lt;omitted&gt;'}
        Body: None
    Response - Headers: {'status': '200', 'content-length': '1354', 'content-location': 'http://10.0.2.15:8774/v2.1/a6b635398ebd4512a0b1dce660fdfc43/servers/1385503e-6778-4c9a-bbf8-008ad579efb6', 'x-compute-request-id': 'req-fab14e90-738d-4b8d-8307-50337ecfc2d9', 'vary': 'X-OpenStack-Nova-API-Version', 'connection': 'close', 'x-openstack-nova-api-version': '2.1', 'date': 'Thu, 10 Dec 2015 07:04:52 GMT', 'content-type': 'application/json'}
        Body: {"server": {"status": "BUILD", "updated": "2015-12-10T07:04:52Z", "hostId": "", "addresses": {}, "links": [{"href": "http://10.0.2.15:8774/v2.1/a6b635398ebd4512a0b1dce660fdfc43/servers/1385503e-6778-4c9a-bbf8-008ad579efb6", "rel": "self"}, {"href": "http://10.0.2.15:8774/a6b635398ebd4512a0b1dce660fdfc43/servers/1385503e-6778-4c9a-bbf8-008ad579efb6", "rel": "bookmark"}], "key_name": "tempest-TestNetworkBasicOps-31495434", "image": {"id": "9cea42c1-37b1-4092-961c-ebf375904cc2", "links": [{"href": "http://10.0.2.15:8774/a6b635398ebd4512a0b1dce660fdfc43/images/9cea42c1-37b1-4092-961c-ebf375904cc2", "rel": "bookmark"}]}, "OS-EXT-STS:task_state": "scheduling", "OS-EXT-STS:vm_state": "building", "OS-SRV-USG:launched_at": null, "flavor": {"id": "42", "links": [{"href": "http://10.0.2.15:8774/a6b635398ebd4512a0b1dce660fdfc43/flavors/42", "rel": "bookmark"}]}, "id": "1385503e-6778-4c9a-bbf8-008ad579efb6", "OS-SRV-USG:terminated_at": null, "OS-EXT-AZ:availability_zone": "", "user_id": "5a91cb6ff6854553adec433fdf44a7c0", "name": "tempest.common.compute-instance-1170898097", "created": "2015-12-10T07:04:52Z", "tenant_id": "a6b635398ebd4512a0b1dce660fdfc43", "OS-DCF:diskConfig": "MANUAL", "os-extended-volumes:volumes_attached": [], "accessIPv4": "", "accessIPv6": "", "progress": 0, "OS-EXT-STS:power_state": 0, "config_drive": "", "metadata": {}}}
2015-12-10 07:04:53,809 32246 INFO     [tempest_lib.common.rest_client] Request (TestNetworkBasicOps:test_update_instance_port_admin_state): 200 GET http://10.0.2.15:8774/v2.1/a6b635398ebd4512a0b1dce660fdfc43/servers/1385503e-6778-4c9a-bbf8-008ad579efb6 0.377s
2015-12-10 07:04:53,809 32246 DEBUG    [tempest_lib.common.rest_client] Request - Headers: {'Content-Type': 'application/json', 'Accept': 'application/json', 'X-Auth-Token': '&lt;omitted&gt;'}
        Body: None
    Response - Headers: {'status': '200', 'content-length': '1479', 'content-location': 'http://10.0.2.15:8774/v2.1/a6b635398ebd4512a0b1dce660fdfc43/servers/1385503e-6778-4c9a-bbf8-008ad579efb6', 'x-compute-request-id': 'req-a0c3e5c2-d738-490b-b9a9-86312a2715af', 'vary': 'X-OpenStack-Nova-API-Version', 'connection': 'close', 'x-openstack-nova-api-version': '2.1', 'date': 'Thu, 10 Dec 2015 07:04:53 GMT', 'content-type': 'application/json'}
        Body: {"server": {"status": "BUILD", "updated": "2015-12-10T07:04:53Z", "hostId": "0d603240f4398ade853292d7e2854ab6c93ac71479bfcdef55d407f2", "addresses": {}, "links": [{"href": "http://10.0.2.15:8774/v2.1/a6b635398ebd4512a0b1dce660fdfc43/servers/1385503e-6778-4c9a-bbf8-008ad579efb6", "rel": "self"}, {"href": "http://10.0.2.15:8774/a6b635398ebd4512a0b1dce660fdfc43/servers/1385503e-6778-4c9a-bbf8-008ad579efb6", "rel": "bookmark"}], "key_name": "tempest-TestNetworkBasicOps-31495434", "image": {"id": "9cea42c1-37b1-4092-961c-ebf375904cc2", "links": [{"href": "http://10.0.2.15:8774/a6b635398ebd4512a0b1dce660fdfc43/images/9cea42c1-37b1-4092-961c-ebf375904cc2", "rel": "bookmark"}]}, "OS-EXT-STS:task_state": "spawning", "OS-EXT-STS:vm_state": "building", "OS-SRV-USG:launched_at": null, "flavor": {"id": "42", "links": [{"href": "http://10.0.2.15:8774/a6b635398ebd4512a0b1dce660fdfc43/flavors/42", "rel": "bookmark"}]}, "id": "1385503e-6778-4c9a-bbf8-008ad579efb6", "security_groups": [{"name": "tempest-secgroup-smoke-573711794"}], "OS-SRV-USG:terminated_at": null, "OS-EXT-AZ:availability_zone": "nova", "user_id": "5a91cb6ff6854553adec433fdf44a7c0", "name": "tempest.common.compute-instance-1170898097", "created": "2015-12-10T07:04:52Z", "tenant_id": "a6b635398ebd4512a0b1dce660fdfc43", "OS-DCF:diskConfig": "MANUAL", "os-extended-volumes:volumes_attached": [], "accessIPv4": "", "accessIPv6": "", "progress": 0, "OS-EXT-STS:power_state": 0, "config_drive": "", "metadata": {}}}
2015-12-10 07:04:53,818 32246 INFO     [tempest.common.waiters] State transition "BUILD/scheduling" ==&gt; "BUILD/spawning" after 1 second wait
2015-12-10 07:04:55,080 32246 INFO     [tempest_lib.common.rest_client] Request (TestNetworkBasicOps:test_update_instance_port_admin_state): 200 GET http://10.0.2.15:8774/v2.1/a6b635398ebd4512a0b1dce660fdfc43/servers/1385503e-6778-4c9a-bbf8-008ad579efb6 0.261s
2015-12-10 07:04:55,081 32246 DEBUG    [tempest_lib.common.rest_client] Request - Headers: {'Content-Type': 'application/json', 'Accept': 'application/json', 'X-Auth-Token': '&lt;omitted&gt;'}
        Body: None
    Response - Headers: {'status': '200', 'content-length': '1479', 'content-location': 'http://10.0.2.15:8774/v2.1/a6b635398ebd4512a0b1dce660fdfc43/servers/1385503e-6778-4c9a-bbf8-008ad579efb6', 'x-compute-request-id': 'req-0b7f3aaf-b008-4943-ad4b-dae6c8e82903', 'vary': 'X-OpenStack-Nova-API-Version', 'connection': 'close', 'x-openstack-nova-api-version': '2.1', 'date': 'Thu, 10 Dec 2015 07:04:55 GMT', 'content-type': 'application/json'}
        Body: {"server": {"status": "BUILD", "updated": "2015-12-10T07:04:53Z", "hostId": "0d603240f4398ade853292d7e2854ab6c93ac71479bfcdef55d407f2", "addresses": {}, "links": [{"href": "http://10.0.2.15:8774/v2.1/a6b635398ebd4512a0b1dce660fdfc43/servers/1385503e-6778-4c9a-bbf8-008ad579efb6", "rel": "self"}, {"href": "http://10.0.2.15:8774/a6b635398ebd4512a0b1dce660fdfc43/servers/1385503e-6778-4c9a-bbf8-008ad579efb6", "rel": "bookmark"}], "key_name": "tempest-TestNetworkBasicOps-31495434", "image": {"id": "9cea42c1-37b1-4092-961c-ebf375904cc2", "links": [{"href": "http://10.0.2.15:8774/a6b635398ebd4512a0b1dce660fdfc43/images/9cea42c1-37b1-4092-961c-ebf375904cc2", "rel": "bookmark"}]}, "OS-EXT-STS:task_state": "spawning", "OS-EXT-STS:vm_state": "building", "OS-SRV-USG:launched_at": null, "flavor": {"id": "42", "links": [{"href": "http://10.0.2.15:8774/a6b635398ebd4512a0b1dce660fdfc43/flavors/42", "rel": "bookmark"}]}, "id": "1385503e-6778-4c9a-bbf8-008ad579efb6", "security_groups": [{"name": "tempest-secgroup-smoke-573711794"}], "OS-SRV-USG:terminated_at": null, "OS-EXT-AZ:availability_zone": "nova", "user_id": "5a91cb6ff6854553adec433fdf44a7c0", "name": "tempest.common.compute-instance-1170898097", "created": "2015-12-10T07:04:52Z", "tenant_id": "a6b635398ebd4512a0b1dce660fdfc43", "OS-DCF:diskConfig": "MANUAL", "os-extended-volumes:volumes_attached": [], "accessIPv4": "", "accessIPv6": "", "progress": 0, "OS-EXT-STS:power_state": 0, "config_drive": "", "metadata": {}}}
2015-12-10 07:04:56,288 32246 INFO     [tempest_lib.common.rest_client] Request (TestNetworkBasicOps:test_update_instance_port_admin_state): 200 GET http://10.0.2.15:8774/v2.1/a6b635398ebd4512a0b1dce660fdfc43/servers/1385503e-6778-4c9a-bbf8-008ad579efb6 0.186s
2015-12-10 07:04:56,288 32246 DEBUG    [tempest_lib.common.rest_client] Request - Headers: {'Content-Type': 'application/json', 'Accept': 'application/json', 'X-Auth-Token': '&lt;omitted&gt;'}
        Body: None
    Response - Headers: {'status': '200', 'content-length': '1651', 'content-location': 'http://10.0.2.15:8774/v2.1/a6b635398ebd4512a0b1dce660fdfc43/servers/1385503e-6778-4c9a-bbf8-008ad579efb6', 'x-compute-request-id': 'req-16720ce5-943f-4e0b-9b16-bec3abe3d027', 'vary': 'X-OpenStack-Nova-API-Version', 'connection': 'close', 'x-openstack-nova-api-version': '2.1', 'date': 'Thu, 10 Dec 2015 07:04:56 GMT', 'content-type': 'application/json'}
        Body: {"server": {"status": "ACTIVE", "updated": "2015-12-10T07:04:55Z", "hostId": "0d603240f4398ade853292d7e2854ab6c93ac71479bfcdef55d407f2", "addresses": {"tempest-network-smoke--2075394569": [{"OS-EXT-IPS-MAC:mac_addr": "fa:16:3e:9b:55:27", "version": 4, "addr": "10.100.0.3", "OS-EXT-IPS:type": "fixed"}]}, "links": [{"href": "http://10.0.2.15:8774/v2.1/a6b635398ebd4512a0b1dce660fdfc43/servers/1385503e-6778-4c9a-bbf8-008ad579efb6", "rel": "self"}, {"href": "http://10.0.2.15:8774/a6b635398ebd4512a0b1dce660fdfc43/servers/1385503e-6778-4c9a-bbf8-008ad579efb6", "rel": "bookmark"}], "key_name": "tempest-TestNetworkBasicOps-31495434", "image": {"id": "9cea42c1-37b1-4092-961c-ebf375904cc2", "links": [{"href": "http://10.0.2.15:8774/a6b635398ebd4512a0b1dce660fdfc43/images/9cea42c1-37b1-4092-961c-ebf375904cc2", "rel": "bookmark"}]}, "OS-EXT-STS:task_state": null, "OS-EXT-STS:vm_state": "active", "OS-SRV-USG:launched_at": "2015-12-10T07:04:54.000000", "flavor": {"id": "42", "links": [{"href": "http://10.0.2.15:8774/a6b635398ebd4512a0b1dce660fdfc43/flavors/42", "rel": "bookmark"}]}, "id": "1385503e-6778-4c9a-bbf8-008ad579efb6", "security_groups": [{"name": "tempest-secgroup-smoke-573711794"}], "OS-SRV-USG:terminated_at": null, "OS-EXT-AZ:availability_zone": "nova", "user_id": "5a91cb6ff6854553adec433fdf44a7c0", "name": "tempest.common.compute-instance-1170898097", "created": "2015-12-10T07:04:52Z", "tenant_id": "a6b635398ebd4512a0b1dce660fdfc43", "OS-DCF:diskConfig": "MANUAL", "os-extended-volumes:volumes_attached": [], "accessIPv4": "", "accessIPv6": "", "progress": 0, "OS-EXT-STS:power_state": 1, "config_drive": "True", "metadata": {}}}
2015-12-10 07:04:56,297 32246 INFO     [tempest.common.waiters] State transition "BUILD/spawning" ==&gt; "ACTIVE/None" after 4 second wait
2015-12-10 07:04:56,488 32246 INFO     [tempest_lib.common.rest_client] Request (TestNetworkBasicOps:test_update_instance_port_admin_state): 200 GET http://10.0.2.15:8774/v2.1/a6b635398ebd4512a0b1dce660fdfc43/servers/1385503e-6778-4c9a-bbf8-008ad579efb6 0.191s
2015-12-10 07:04:56,489 32246 DEBUG    [tempest_lib.common.rest_client] Request - Headers: {'Content-Type': 'application/json', 'Accept': 'application/json', 'X-Auth-Token': '&lt;omitted&gt;'}
        Body: None
    Response - Headers: {'status': '200', 'content-length': '1651', 'content-location': 'http://10.0.2.15:8774/v2.1/a6b635398ebd4512a0b1dce660fdfc43/servers/1385503e-6778-4c9a-bbf8-008ad579efb6', 'x-compute-request-id': 'req-c19233b6-a3d0-4a0b-ae7f-72597e964775', 'vary': 'X-OpenStack-Nova-API-Version', 'connection': 'close', 'x-openstack-nova-api-version': '2.1', 'date': 'Thu, 10 Dec 2015 07:04:56 GMT', 'content-type': 'application/json'}
        Body: {"server": {"status": "ACTIVE", "updated": "2015-12-10T07:04:55Z", "hostId": "0d603240f4398ade853292d7e2854ab6c93ac71479bfcdef55d407f2", "addresses": {"tempest-network-smoke--2075394569": [{"OS-EXT-IPS-MAC:mac_addr": "fa:16:3e:9b:55:27", "version": 4, "addr": "10.100.0.3", "OS-EXT-IPS:type": "fixed"}]}, "links": [{"href": "http://10.0.2.15:8774/v2.1/a6b635398ebd4512a0b1dce660fdfc43/servers/1385503e-6778-4c9a-bbf8-008ad579efb6", "rel": "self"}, {"href": "http://10.0.2.15:8774/a6b635398ebd4512a0b1dce660fdfc43/servers/1385503e-6778-4c9a-bbf8-008ad579efb6", "rel": "bookmark"}], "key_name": "tempest-TestNetworkBasicOps-31495434", "image": {"id": "9cea42c1-37b1-4092-961c-ebf375904cc2", "links": [{"href": "http://10.0.2.15:8774/a6b635398ebd4512a0b1dce660fdfc43/images/9cea42c1-37b1-4092-961c-ebf375904cc2", "rel": "bookmark"}]}, "OS-EXT-STS:task_state": null, "OS-EXT-STS:vm_state": "active", "OS-SRV-USG:launched_at": "2015-12-10T07:04:54.000000", "flavor": {"id": "42", "links": [{"href": "http://10.0.2.15:8774/a6b635398ebd4512a0b1dce660fdfc43/flavors/42", "rel": "bookmark"}]}, "id": "1385503e-6778-4c9a-bbf8-008ad579efb6", "security_groups": [{"name": "tempest-secgroup-smoke-573711794"}], "OS-SRV-USG:terminated_at": null, "OS-EXT-AZ:availability_zone": "nova", "user_id": "5a91cb6ff6854553adec433fdf44a7c0", "name": "tempest.common.compute-instance-1170898097", "created": "2015-12-10T07:04:52Z", "tenant_id": "a6b635398ebd4512a0b1dce660fdfc43", "OS-DCF:diskConfig": "MANUAL", "os-extended-volumes:volumes_attached": [], "accessIPv4": "", "accessIPv6": "", "progress": 0, "OS-EXT-STS:power_state": 1, "config_drive": "True", "metadata": {}}}
2015-12-10 07:04:56,498 32246 INFO     [tempest.scenario.manager] Tenant networks not configured to be reachable.
2015-12-10 07:04:56,528 32246 INFO     [tempest_lib.common.rest_client] Request (TestNetworkBasicOps:test_update_instance_port_admin_state): 200 GET http://10.0.2.15:9696/v2.0/ports?status=ACTIVE&amp;fixed_ip=None&amp;device_id=1385503e-6778-4c9a-bbf8-008ad579efb6 0.030s
2015-12-10 07:04:56,528 32246 DEBUG    [tempest_lib.common.rest_client] Request - Headers: {'Content-Type': 'application/json', 'Accept': 'application/json', 'X-Auth-Token': '&lt;omitted&gt;'}
        Body: None
    Response - Headers: {'status': '200', 'content-length': '895', 'content-location': 'http://10.0.2.15:9696/v2.0/ports?status=ACTIVE&amp;fixed_ip=None&amp;device_id=1385503e-6778-4c9a-bbf8-008ad579efb6', 'connection': 'close', 'date': 'Thu, 10 Dec 2015 07:04:56 GMT', 'content-type': 'application/json; charset=UTF-8', 'x-openstack-request-id': 'req-332d8580-d909-4e2f-bee4-644d70f627b8'}
        Body: {"ports": [{"status": "ACTIVE", "binding:host_id": "vagrant-ubuntu-trusty-64", "allowed_address_pairs": [], "extra_dhcp_opts": [], "dns_assignment": [{"hostname": "host-10-100-0-3", "ip_address": "10.100.0.3", "fqdn": "host-10-100-0-3.openstacklocal."}], "device_owner": "compute:None", "port_security_enabled": true, "binding:profile": {}, "fixed_ips": [{"subnet_id": "cf50331b-3a3b-4dc3-bedf-515d91adfe05", "ip_address": "10.100.0.3"}], "id": "4f6d9037-79c2-4f84-a7c9-c837b47a1d62", "security_groups": ["41d79c23-af21-4087-a18d-e5708760867a"], "device_id": "1385503e-6778-4c9a-bbf8-008ad579efb6", "name": "", "admin_state_up": true, "network_id": "cb854397-a1b7-4de3-88be-e05645197c00", "dns_name": "", "binding:vif_details": {"port_filter": true}, "binding:vnic_type": "normal", "binding:vif_type": "ovs", "tenant_id": "a6b635398ebd4512a0b1dce660fdfc43", "mac_address": "fa:16:3e:9b:55:27"}]}
2015-12-10 07:04:56,928 32246 INFO     [tempest_lib.common.rest_client] Request (TestNetworkBasicOps:test_update_instance_port_admin_state): 201 POST http://10.0.2.15:9696/v2.0/floatingips 0.399s
2015-12-10 07:04:56,929 32246 DEBUG    [tempest_lib.common.rest_client] Request - Headers: {'Content-Type': 'application/json', 'Accept': 'application/json', 'X-Auth-Token': '&lt;omitted&gt;'}
        Body: {"floatingip": {"floating_network_id": "b89393f8-192d-43f3-abff-b7324eff9859", "tenant_id": "a6b635398ebd4512a0b1dce660fdfc43", "fixed_ip_address": "10.100.0.3", "port_id": "4f6d9037-79c2-4f84-a7c9-c837b47a1d62"}}
    Response - Headers: {'status': '201', 'content-length': '368', 'connection': 'close', 'date': 'Thu, 10 Dec 2015 07:04:56 GMT', 'content-type': 'application/json; charset=UTF-8', 'x-openstack-request-id': 'req-e93d8670-eedc-4a6c-8b50-34610de8f865'}
        Body: {"floatingip": {"floating_network_id": "b89393f8-192d-43f3-abff-b7324eff9859", "router_id": "1b40f47a-452a-4eff-bd3e-b0f05d8225b1", "fixed_ip_address": "10.100.0.3", "floating_ip_address": "172.24.4.18", "tenant_id": "a6b635398ebd4512a0b1dce660fdfc43", "status": "DOWN", "port_id": "4f6d9037-79c2-4f84-a7c9-c837b47a1d62", "id": "3aeade05-83ae-4a10-a3ea-8dea1ff5adae"}}
2015-12-10 07:04:56,959 32246 INFO     [tempest_lib.common.rest_client] Request (TestNetworkBasicOps:test_update_instance_port_admin_state): 200 GET http://10.0.2.15:9696/v2.0/ports?device_id=1385503e-6778-4c9a-bbf8-008ad579efb6 0.030s
2015-12-10 07:04:56,960 32246 DEBUG    [tempest_lib.common.rest_client] Request - Headers: {'Content-Type': 'application/json', 'Accept': 'application/json', 'X-Auth-Token': '&lt;omitted&gt;'}
        Body: None
    Response - Headers: {'status': '200', 'content-length': '895', 'content-location': 'http://10.0.2.15:9696/v2.0/ports?device_id=1385503e-6778-4c9a-bbf8-008ad579efb6', 'connection': 'close', 'date': 'Thu, 10 Dec 2015 07:04:56 GMT', 'content-type': 'application/json; charset=UTF-8', 'x-openstack-request-id': 'req-ea69ec5a-d69e-420f-8361-b1c36c6c6050'}
        Body: {"ports": [{"status": "ACTIVE", "binding:host_id": "vagrant-ubuntu-trusty-64", "allowed_address_pairs": [], "extra_dhcp_opts": [], "dns_assignment": [{"hostname": "host-10-100-0-3", "ip_address": "10.100.0.3", "fqdn": "host-10-100-0-3.openstacklocal."}], "device_owner": "compute:None", "port_security_enabled": true, "binding:profile": {}, "fixed_ips": [{"subnet_id": "cf50331b-3a3b-4dc3-bedf-515d91adfe05", "ip_address": "10.100.0.3"}], "id": "4f6d9037-79c2-4f84-a7c9-c837b47a1d62", "security_groups": ["41d79c23-af21-4087-a18d-e5708760867a"], "device_id": "1385503e-6778-4c9a-bbf8-008ad579efb6", "name": "", "admin_state_up": true, "network_id": "cb854397-a1b7-4de3-88be-e05645197c00", "dns_name": "", "binding:vif_details": {"port_filter": true}, "binding:vnic_type": "normal", "binding:vif_type": "ovs", "tenant_id": "a6b635398ebd4512a0b1dce660fdfc43", "mac_address": "fa:16:3e:9b:55:27"}]}
2015-12-10 07:04:56,972 32246 INFO     [tempest_lib.common.rest_client] Request (TestNetworkBasicOps:test_update_instance_port_admin_state): 200 GET http://10.0.2.15:9696/v2.0/floatingips/3aeade05-83ae-4a10-a3ea-8dea1ff5adae 0.011s
2015-12-10 07:04:56,972 32246 DEBUG    [tempest_lib.common.rest_client] Request - Headers: {'Content-Type': 'application/json', 'Accept': 'application/json', 'X-Auth-Token': '&lt;omitted&gt;'}
        Body: None
    Response - Headers: {'status': '200', 'content-length': '368', 'content-location': 'http://10.0.2.15:9696/v2.0/floatingips/3aeade05-83ae-4a10-a3ea-8dea1ff5adae', 'connection': 'close', 'date': 'Thu, 10 Dec 2015 07:04:56 GMT', 'content-type': 'application/json; charset=UTF-8', 'x-openstack-request-id': 'req-f6495708-32da-45ac-bd40-dc7bb1391ebe'}
        Body: {"floatingip": {"floating_network_id": "b89393f8-192d-43f3-abff-b7324eff9859", "router_id": "1b40f47a-452a-4eff-bd3e-b0f05d8225b1", "fixed_ip_address": "10.100.0.3", "floating_ip_address": "172.24.4.18", "tenant_id": "a6b635398ebd4512a0b1dce660fdfc43", "status": "DOWN", "port_id": "4f6d9037-79c2-4f84-a7c9-c837b47a1d62", "id": "3aeade05-83ae-4a10-a3ea-8dea1ff5adae"}}
2015-12-10 07:04:57,987 32246 INFO     [tempest_lib.common.rest_client] Request (TestNetworkBasicOps:test_update_instance_port_admin_state): 200 GET http://10.0.2.15:9696/v2.0/floatingips/3aeade05-83ae-4a10-a3ea-8dea1ff5adae 0.014s
2015-12-10 07:04:57,988 32246 DEBUG    [tempest_lib.common.rest_client] Request - Headers: {'Content-Type': 'application/json', 'Accept': 'application/json', 'X-Auth-Token': '&lt;omitted&gt;'}
        Body: None
    Response - Headers: {'status': '200', 'content-length': '370', 'content-location': 'http://10.0.2.15:9696/v2.0/floatingips/3aeade05-83ae-4a10-a3ea-8dea1ff5adae', 'connection': 'close', 'date': 'Thu, 10 Dec 2015 07:04:57 GMT', 'content-type': 'application/json; charset=UTF-8', 'x-openstack-request-id': 'req-4cb0e2b1-685e-4800-a5c8-87e478bb5212'}
        Body: {"floatingip": {"floating_network_id": "b89393f8-192d-43f3-abff-b7324eff9859", "router_id": "1b40f47a-452a-4eff-bd3e-b0f05d8225b1", "fixed_ip_address": "10.100.0.3", "floating_ip_address": "172.24.4.18", "tenant_id": "a6b635398ebd4512a0b1dce660fdfc43", "status": "ACTIVE", "port_id": "4f6d9037-79c2-4f84-a7c9-c837b47a1d62", "id": "3aeade05-83ae-4a10-a3ea-8dea1ff5adae"}}
2015-12-10 07:04:57,988 32246 INFO     [tempest.scenario.manager] FloatingIP: &lt;"FloatingIP" addr="172.24.4.18" id="3aeade05-83ae-4a10-a3ea-8dea1ff5adae"&gt; is at status: ACTIVE
2015-12-10 07:04:57,988 32246 DEBUG    [tempest.scenario.manager] checking network connections to IP 172.24.4.18 with user: cirros
2015-12-10 07:04:57,989 32246 DEBUG    [tempest.scenario.manager] TestNetworkBasicOps:test_update_instance_port_admin_state begins to ping 172.24.4.18 in 120 sec and the expected result is reachable
2015-12-10 07:05:17,045 32246 DEBUG    [tempest.scenario.manager] TestNetworkBasicOps:test_update_instance_port_admin_state finishes ping 172.24.4.18 in 120 sec and the ping result is expected
2015-12-10 07:05:17,046 32246 INFO     [tempest_lib.common.ssh] Creating ssh connection to '172.24.4.18' as 'cirros' with public key authentication
2015-12-10 07:05:17,053 32246 WARNING  [tempest_lib.common.ssh] Failed to establish authenticated ssh connection to cirros@172.24.4.18 ([Errno None] Unable to connect to port 22 on  or 172.24.4.18). Number attempts: 1. Retry after 2 seconds.
2015-12-10 07:05:19,719 32246 INFO     [paramiko.transport] Connected (version 2.0, client dropbear_2012.55)
2015-12-10 07:05:20,062 32246 INFO     [paramiko.transport] Authentication (publickey) successful!
2015-12-10 07:05:20,086 32246 INFO     [tempest_lib.common.ssh] ssh connection to cirros@172.24.4.18 successfuly created
2015-12-10 07:05:20,440 32246 INFO     [tempest_lib.common.rest_client] Request (TestNetworkBasicOps:test_update_instance_port_admin_state): 200 PUT http://10.0.2.15:9696/v2.0/ports/4f6d9037-79c2-4f84-a7c9-c837b47a1d62 0.238s
2015-12-10 07:05:20,440 32246 DEBUG    [tempest_lib.common.rest_client] Request - Headers: {'Content-Type': 'application/json', 'Accept': 'application/json', 'X-Auth-Token': '&lt;omitted&gt;'}
        Body: {"port": {"admin_state_up": false}}
    Response - Headers: {'status': '200', 'content-length': '750', 'connection': 'close', 'date': 'Thu, 10 Dec 2015 07:05:20 GMT', 'content-type': 'application/json; charset=UTF-8', 'x-openstack-request-id': 'req-178b5c9e-3896-47c5-b8aa-500ecede9d4a'}
        Body: {"port": {"status": "ACTIVE", "name": "", "allowed_address_pairs": [], "admin_state_up": false, "network_id": "cb854397-a1b7-4de3-88be-e05645197c00", "dns_name": "", "extra_dhcp_opts": [], "mac_address": "fa:16:3e:9b:55:27", "dns_assignment": [{"hostname": "host-10-100-0-3", "ip_address": "10.100.0.3", "fqdn": "host-10-100-0-3.openstacklocal."}], "binding:vnic_type": "normal", "device_owner": "compute:None", "tenant_id": "a6b635398ebd4512a0b1dce660fdfc43", "port_security_enabled": true, "fixed_ips": [{"subnet_id": "cf50331b-3a3b-4dc3-bedf-515d91adfe05", "ip_address": "10.100.0.3"}], "id": "4f6d9037-79c2-4f84-a7c9-c837b47a1d62", "security_groups": ["41d79c23-af21-4087-a18d-e5708760867a"], "device_id": "1385503e-6778-4c9a-bbf8-008ad579efb6"}}
2015-12-10 07:05:20,442 32246 DEBUG    [tempest.scenario.manager] checking network connections to IP 172.24.4.18 with user: cirros
2015-12-10 07:05:20,442 32246 DEBUG    [tempest.scenario.manager] TestNetworkBasicOps:test_update_instance_port_admin_state begins to ping 172.24.4.18 in 120 sec and the expected result is unreachable
2015-12-10 07:07:20,969 32246 DEBUG    [tempest.scenario.manager] TestNetworkBasicOps:test_update_instance_port_admin_state finishes ping 172.24.4.18 in 120 sec and the ping result is unexpected
2015-12-10 07:07:20,971 32246 ERROR    [tempest.scenario.manager] Public network connectivity check failed: after updating admin_state_up of instance port to False
2015-12-10 07:07:20.971 32246 ERROR tempest.scenario.manager Traceback (most recent call last):
2015-12-10 07:07:20.971 32246 ERROR tempest.scenario.manager   File "tempest/scenario/manager.py", line 606, in check_public_network_connectivity
2015-12-10 07:07:20.971 32246 ERROR tempest.scenario.manager     should_connect=should_connect)
2015-12-10 07:07:20.971 32246 ERROR tempest.scenario.manager   File "tempest/scenario/manager.py", line 590, in check_vm_connectivity
2015-12-10 07:07:20.971 32246 ERROR tempest.scenario.manager     msg=msg)
2015-12-10 07:07:20.971 32246 ERROR tempest.scenario.manager   File "/usr/local/lib/python2.7/dist-packages/unittest2/case.py", line 702, in assertTrue
2015-12-10 07:07:20.971 32246 ERROR tempest.scenario.manager     raise self.failureException(msg)
2015-12-10 07:07:20.971 32246 ERROR tempest.scenario.manager AssertionError: False is not true : ip address 172.24.4.18 is reachable
2015-12-10 07:07:20.971 32246 ERROR tempest.scenario.manager 
2015-12-10 07:07:21,185 32246 INFO     [tempest_lib.common.rest_client] Request (TestNetworkBasicOps:test_update_instance_port_admin_state): 200 POST http://10.0.2.15:8774/v2.1/a6b635398ebd4512a0b1dce660fdfc43/servers/1385503e-6778-4c9a-bbf8-008ad579efb6/action 0.210s
2015-12-10 07:07:21,186 32246 DEBUG    [tempest_lib.common.rest_client] Request - Headers: {'Content-Type': 'application/json', 'Accept': 'application/json', 'X-Auth-Token': '&lt;omitted&gt;'}
        Body: {"os-getConsoleOutput": {}}
    Response - Headers: {'status': '200', 'content-length': '19743', 'x-compute-request-id': 'req-3414dceb-a640-4a50-835c-00d6411b7b07', 'vary': 'X-OpenStack-Nova-API-Version', 'connection': 'close', 'x-openstack-nova-api-version': '2.1', 'date': 'Thu, 10 Dec 2015 07:07:21 GMT', 'content-type': 'application/json'}
        Body: {"output": "[    0.000000] Initializing cgroup subsys cpuset\n[    0.000000] Initializing cgroup subsys cpu\n[    0.000000] Linux version 3.2.0-80-virtual (buildd@batsu) (gcc version 4.6.3 (Ubuntu/Linaro 4.6.3-1ubuntu5) ) #116-Ubuntu SMP Mon Mar 23 17:28:52 UTC 2015 (Ubuntu 3.2.0-80.116-virtual 3.2.68)\n[    0.000000] Command line: root=/dev/vda console=tty0 console=ttyS0 no_timer_check\n[    0.000000] KERNEL supported cpus:\n[    0.000000]   Intel GenuineIntel\n[    0.000000]   AMD AuthenticAMD\n[    0.000000]   Centaur CentaurHauls\n[    0.000000] BIOS-provided physical RAM map:\n[    0.000000]  BIOS-e820: 0000000000000000 - 000000000009fc00 (usable)\n[    0.000000]  BIOS-e820: 000000000009fc00 - 00000000000a0000 (reserved)\n[    0.000000]  BIOS-e820: 00000000000f0000 - 0000000000100000 (reserved)\n[    0.000000]  BIOS-e820: 0000000000100000 - 0000000003ffe000 (usable)\n[    0.000000]  BIOS-e820: 0000000003ffe000 - 0000000004000000 (reserved)\n[    0.000000]  BIOS-e820: 00000000fffc0000 - 0000000100000000 (reserved)\n[    0.000000] NX (Execute Disable) protection: active\n[    0.000000] SMBIOS 2.4 present.\n[    0.000000] No AGP bridge found\n[    0.000000] last_pfn = 0x3ffe max_arch_pfn = 0x400000000\n[    0.000000] x86 PAT enabled: cpu 0, old 0x7040600070406, new 0x7010600070106\n[    0.000000] found SMP MP-table at [ffff8800000f0b00] f0b00\n[    0.000000] init_memory_mapping: 0000000000000000-0000000003ffe000\n[    0.000000] RAMDISK: 03c5e000 - 03ff0000\n[    0.000000] ACPI: RSDP 00000000000f0950 00014 (v00 BOCHS )\n[    0.000000] ACPI: RSDT 0000000003fffbc1 00034 (v01 BOCHS  BXPCRSDT 00000001 BXPC 00000001)\n[    0.000000] ACPI: FACP 0000000003fff1c0 00074 (v01 BOCHS  BXPCFACP 00000001 BXPC 00000001)\n[    0.000000] ACPI: DSDT 0000000003ffe040 01180 (v01 BOCHS  BXPCDSDT 00000001 BXPC 00000001)\n[    0.000000] ACPI: FACS 0000000003ffe000 00040\n[    0.000000] ACPI: SSDT 0000000003fff234 008DD (v01 BOCHS  BXPCSSDT 00000001 BXPC 00000001)\n[    0.000000] ACPI: APIC 0000000003fffb11 00078 (v01 BOCHS  BXPCAPIC 00000001 BXPC 00000001)\n[    0.000000] ACPI: HPET 0000000003fffb89 00038 (v01 BOCHS  BXPCHPET 00000001 BXPC 00000001)\n[    0.000000] No NUMA configuration found\n[    0.000000] Faking a node at 0000000000000000-0000000003ffe000\n[    0.000000] Initmem setup node 0 0000000000000000-0000000003ffe000\n[    0.000000]   NODE_DATA [0000000003ff6000 - 0000000003ffafff]\n[    0.000000] Zone PFN ranges:\n[    0.000000]   DMA      0x00000010 -&gt; 0x00001000\n[    0.000000]   DMA32    0x00001000 -&gt; 0x00100000\n[    0.000000]   Normal   empty\n[    0.000000] Movable zone start PFN for each node\n[    0.000000] early_node_map[2] active PFN ranges\n[    0.000000]     0: 0x00000010 -&gt; 0x0000009f\n[    0.000000]     0: 0x00000100 -&gt; 0x00003ffe\n[    0.000000] ACPI: PM-Timer IO Port: 0xb008\n[    0.000000] ACPI: LAPIC (acpi_id[0x00] lapic_id[0x00] enabled)\n[    0.000000] ACPI: LAPIC_NMI (acpi_id[0xff] dfl dfl lint[0x1])\n[    0.000000] ACPI: IOAPIC (id[0x00] address[0xfec00000] gsi_base[0])\n[    0.000000] IOAPIC[0]: apic_id 0, version 17, address 0xfec00000, GSI 0-23\n[    0.000000] ACPI: INT_SRC_OVR (bus 0 bus_irq 0 global_irq 2 dfl dfl)\n[    0.000000] ACPI: INT_SRC_OVR (bus 0 bus_irq 5 global_irq 5 high level)\n[    0.000000] ACPI: INT_SRC_OVR (bus 0 bus_irq 9 global_irq 9 high level)\n[    0.000000] ACPI: INT_SRC_OVR (bus 0 bus_irq 10 global_irq 10 high level)\n[    0.000000] ACPI: INT_SRC_OVR (bus 0 bus_irq 11 global_irq 11 high level)\n[    0.000000] Using ACPI (MADT) for SMP configuration information\n[    0.000000] ACPI: HPET id: 0x8086a201 base: 0xfed00000\n[    0.000000] SMP: Allowing 1 CPUs, 0 hotplug CPUs\n[    0.000000] PM: Registered nosave memory: 000000000009f000 - 00000000000a0000\n[    0.000000] PM: Registered nosave memory: 00000000000a0000 - 00000000000f0000\n[    0.000000] PM: Registered nosave memory: 00000000000f0000 - 0000000000100000\n[    0.000000] Allocating PCI resources starting at 4000000 (gap: 4000000:fbfc0000)\n[    0.000000] Booting paravirtualized kernel on bare hardware\n[    0.000000] setup_pe
2015-12-10 07:07:21,188 32246 DEBUG    [tempest.scenario.manager] Console output for 1385503e-6778-4c9a-bbf8-008ad579efb6
body=
[    0.000000] Initializing cgroup subsys cpuset
[    0.000000] Initializing cgroup subsys cpu
[    0.000000] Linux version 3.2.0-80-virtual (buildd@batsu) (gcc version 4.6.3 (Ubuntu/Linaro 4.6.3-1ubuntu5) ) #116-Ubuntu SMP Mon Mar 23 17:28:52 UTC 2015 (Ubuntu 3.2.0-80.116-virtual 3.2.68)
[    0.000000] Command line: root=/dev/vda console=tty0 console=ttyS0 no_timer_check
[    0.000000] KERNEL supported cpus:
[    0.000000]   Intel GenuineIntel
[    0.000000]   AMD AuthenticAMD
[    0.000000]   Centaur CentaurHauls
[    0.000000] BIOS-provided physical RAM map:
[    0.000000]  BIOS-e820: 0000000000000000 - 000000000009fc00 (usable)
[    0.000000]  BIOS-e820: 000000000009fc00 - 00000000000a0000 (reserved)
[    0.000000]  BIOS-e820: 00000000000f0000 - 0000000000100000 (reserved)
[    0.000000]  BIOS-e820: 0000000000100000 - 0000000003ffe000 (usable)
[    0.000000]  BIOS-e820: 0000000003ffe000 - 0000000004000000 (reserved)
[    0.000000]  BIOS-e820: 00000000fffc0000 - 0000000100000000 (reserved)
[    0.000000] NX (Execute Disable) protection: active
[    0.000000] SMBIOS 2.4 present.
[    0.000000] No AGP bridge found
[    0.000000] last_pfn = 0x3ffe max_arch_pfn = 0x400000000
[    0.000000] x86 PAT enabled: cpu 0, old 0x7040600070406, new 0x7010600070106
[    0.000000] found SMP MP-table at [ffff8800000f0b00] f0b00
[    0.000000] init_memory_mapping: 0000000000000000-0000000003ffe000
[    0.000000] RAMDISK: 03c5e000 - 03ff0000
[    0.000000] ACPI: RSDP 00000000000f0950 00014 (v00 BOCHS )
[    0.000000] ACPI: RSDT 0000000003fffbc1 00034 (v01 BOCHS  BXPCRSDT 00000001 BXPC 00000001)
[    0.000000] ACPI: FACP 0000000003fff1c0 00074 (v01 BOCHS  BXPCFACP 00000001 BXPC 00000001)
[    0.000000] ACPI: DSDT 0000000003ffe040 01180 (v01 BOCHS  BXPCDSDT 00000001 BXPC 00000001)
[    0.000000] ACPI: FACS 0000000003ffe000 00040
[    0.000000] ACPI: SSDT 0000000003fff234 008DD (v01 BOCHS  BXPCSSDT 00000001 BXPC 00000001)
[    0.000000] ACPI: APIC 0000000003fffb11 00078 (v01 BOCHS  BXPCAPIC 00000001 BXPC 00000001)
[    0.000000] ACPI: HPET 0000000003fffb89 00038 (v01 BOCHS  BXPCHPET 00000001 BXPC 00000001)
[    0.000000] No NUMA configuration found
[    0.000000] Faking a node at 0000000000000000-0000000003ffe000
[    0.000000] Initmem setup node 0 0000000000000000-0000000003ffe000
[    0.000000]   NODE_DATA [0000000003ff6000 - 0000000003ffafff]
[    0.000000] Zone PFN ranges:
[    0.000000]   DMA      0x00000010 -&gt; 0x00001000
[    0.000000]   DMA32    0x00001000 -&gt; 0x00100000
[    0.000000]   Normal   empty
[    0.000000] Movable zone start PFN for each node
[    0.000000] early_node_map[2] active PFN ranges
[    0.000000]     0: 0x00000010 -&gt; 0x0000009f
[    0.000000]     0: 0x00000100 -&gt; 0x00003ffe
[    0.000000] ACPI: PM-Timer IO Port: 0xb008
[    0.000000] ACPI: LAPIC (acpi_id[0x00] lapic_id[0x00] enabled)
[    0.000000] ACPI: LAPIC_NMI (acpi_id[0xff] dfl dfl lint[0x1])
[    0.000000] ACPI: IOAPIC (id[0x00] address[0xfec00000] gsi_base[0])
[    0.000000] IOAPIC[0]: apic_id 0, version 17, address 0xfec00000, GSI 0-23
[    0.000000] ACPI: INT_SRC_OVR (bus 0 bus_irq 0 global_irq 2 dfl dfl)
[    0.000000] ACPI: INT_SRC_OVR (bus 0 bus_irq 5 global_irq 5 high level)
[    0.000000] ACPI: INT_SRC_OVR (bus 0 bus_irq 9 global_irq 9 high level)
[    0.000000] ACPI: INT_SRC_OVR (bus 0 bus_irq 10 global_irq 10 high level)
[    0.000000] ACPI: INT_SRC_OVR (bus 0 bus_irq 11 global_irq 11 high level)
[    0.000000] Using ACPI (MADT) for SMP configuration information
[    0.000000] ACPI: HPET id: 0x8086a201 base: 0xfed00000
[    0.000000] SMP: Allowing 1 CPUs, 0 hotplug CPUs
[    0.000000] PM: Registered nosave memory: 000000000009f000 - 00000000000a0000
[    0.000000] PM: Registered nosave memory: 00000000000a0000 - 00000000000f0000
[    0.000000] PM: Registered nosave memory: 00000000000f0000 - 0000000000100000
[    0.000000] Allocating PCI resources starting at 4000000 (gap: 4000000:fbfc0000)
[    0.000000] Booting paravirtualized kernel on bare hardware
[    0.000000] setup_percpu: NR_CPUS:64 nr_cpumask_bits:64 nr_cpu_ids:1 nr_node_ids:1
[    0.000000] PERCPU: Embedded 27 pages/cpu @ffff880003a00000 s78848 r8192 d23552 u2097152
[    0.000000] Built 1 zonelists in Node order, mobility grouping on.  Total pages: 16008
[    0.000000] Policy zone: DMA32
[    0.000000] Kernel command line: root=/dev/vda console=tty0 console=ttyS0 no_timer_check
[    0.000000] PID hash table entries: 256 (order: -1, 2048 bytes)
[    0.000000] Checking aperture...
[    0.000000] No AGP bridge found
[    0.000000] Memory: 43492k/65528k available (6576k kernel code, 452k absent, 21584k reserved, 6620k data, 928k init)
[    0.000000] SLUB: Genslabs=15, HWalign=64, Order=0-3, MinObjects=0, CPUs=1, Nodes=1
[    0.000000] Hierarchical RCU implementation.
[    0.000000] 	RCU dyntick-idle grace-period acceleration is enabled.
[    0.000000] NR_IRQS:4352 nr_irqs:256 16
[    0.000000] Console: colour VGA+ 80x25
[    0.000000] console [tty0] enabled
[    0.000000] console [ttyS0] enabled
[    0.000000] allocated 1048576 bytes of page_cgroup
[    0.000000] please try 'cgroup_disable=memory' option if you don't want memory cgroups
[    0.000000] Fast TSC calibration failed
[    0.000000] TSC: Unable to calibrate against PIT
[    0.000000] TSC: using HPET reference calibration
[    0.000000] Detected 2293.253 MHz processor.
[    0.032891] Calibrating delay loop (skipped), value calculated using timer frequency.. 4586.50 BogoMIPS (lpj=9173012)
[    0.036787] pid_max: default: 32768 minimum: 301
[    0.045444] Security Framework initialized
[    0.048832] AppArmor: AppArmor initialized
[    0.049717] Yama: becoming mindful.
[    0.057500] Dentry cache hash table entries: 8192 (order: 4, 65536 bytes)
[    0.058912] Inode-cache hash table entries: 4096 (order: 3, 32768 bytes)
[    0.060593] Mount-cache hash table entries: 256
[    0.074482] Initializing cgroup subsys cpuacct
[    0.076178] Initializing cgroup subsys memory
[    0.077456] Initializing cgroup subsys devices
[    0.078139] Initializing cgroup subsys freezer
[    0.078862] Initializing cgroup subsys blkio
[    0.080189] Initializing cgroup subsys perf_event
[    0.084751] mce: CPU supports 10 MCE banks
[    0.088255] SMP alternatives: switching to UP code
[    0.488194] Freeing SMP alternatives: 24k freed
[    0.489983] ACPI: Core revision 20110623
[    0.534044] ftrace: allocating 26610 entries in 105 pages
[    0.567837] ..TIMER: vector=0x30 apic1=0 pin1=2 apic2=-1 pin2=-1
[    0.568156] CPU0: AMD QEMU Virtual CPU version 2.0.0 stepping 03
[    0.572035] Performance Events: Broken PMU hardware detected, using software events only.
[    0.581447] NMI watchdog disabled (cpu0): hardware events not enabled
[    0.583207] Brought up 1 CPUs
[    0.584264] Total of 1 processors activated (4586.50 BogoMIPS).
[    0.606897] devtmpfs: initialized
[    0.634519] EVM: security.selinux
[    0.635041] EVM: security.SMACK64
[    0.635768] EVM: security.capability
[    0.656888] print_constraints: dummy: 
[    0.658431] RTC time:  7:04:58, date: 12/10/15
[    0.661191] NET: Registered protocol family 16
[    0.670458] ACPI: bus type pci registered
[    0.674412] PCI: Using configuration type 1 for base access
[    0.702721] bio: create slab &lt;bio-0&gt; at 0
[    0.708204] ACPI: Added _OSI(Module Device)
[    0.708756] ACPI: Added _OSI(Processor Device)
[    0.709367] ACPI: Added _OSI(3.0 _SCP Extensions)
[    0.709977] ACPI: Added _OSI(Processor Aggregator Device)
[    0.781184] ACPI: Interpreter enabled
[    0.781818] ACPI: (supports S0 S3 S4 S5)
[    0.783436] ACPI: Using IOAPIC for interrupt routing
[    0.850532] ACPI: No dock devices found.
[    0.851459] HEST: Table not found.
[    0.852214] PCI: Using host bridge windows from ACPI; if necessary, use "pci=nocrs" and report a bug
[    0.857870] ACPI: PCI Root Bridge [PCI0] (domain 0000 [bus 00-ff])
[    0.863341] pci_root PNP0A03:00: host bridge window [io  0x0000-0x0cf7]
[    0.864151] pci_root PNP0A03:00: host bridge window [io  0x0d00-0xadff]
[    0.864975] pci_root PNP0A03:00: host bridge window [io  0xae0f-0xaeff]
[    0.865818] pci_root PNP0A03:00: host bridge window [io  0xaf20-0xafdf]
[    0.866679] pci_root PNP0A03:00: host bridge window [io  0xafe4-0xffff]
[    0.868159] pci_root PNP0A03:00: host bridge window [mem 0x000a0000-0x000bffff]
[    0.869052] pci_root PNP0A03:00: host bridge window [mem 0x04000000-0xfebfffff]
[    0.892858] pci 0000:00:01.3: quirk: [io  0xb000-0xb03f] claimed by PIIX4 ACPI
[    0.893905] pci 0000:00:01.3: quirk: [io  0xb100-0xb10f] claimed by PIIX4 SMB
[    0.959414]  pci0000:00: Unable to request _OSC control (_OSC support mask: 0x1e)
[    1.018535] ACPI: PCI Interrupt Link [LNKA] (IRQs 5 *10 11)
[    1.021386] ACPI: PCI Interrupt Link [LNKB] (IRQs 5 *10 11)
[    1.024600] ACPI: PCI Interrupt Link [LNKC] (IRQs 5 10 *11)
[    1.026275] ACPI: PCI Interrupt Link [LNKD] (IRQs 5 10 *11)
[    1.028294] ACPI: PCI Interrupt Link [LNKS] (IRQs *9)
[    1.034592] vgaarb: device added: PCI:0000:00:02.0,decodes=io+mem,owns=io+mem,locks=none
[    1.036196] vgaarb: loaded
[    1.036815] vgaarb: bridge control possible 0000:00:02.0
[    1.041190] i2c-core: driver [aat2870] using legacy suspend method
[    1.042612] i2c-core: driver [aat2870] using legacy resume method
[    1.049065] SCSI subsystem initialized
[    1.053410] usbcore: registered new interface driver usbfs
[    1.054634] usbcore: registered new interface driver hub
[    1.056746] usbcore: registered new device driver usb
[    1.061687] PCI: Using ACPI for IRQ routing
[    1.078648] NetLabel: Initializing
[    1.079198] NetLabel:  domain hash size = 128
[    1.080142] NetLabel:  protocols = UNLABELED CIPSOv4
[    1.082262] NetLabel:  unlabeled traffic allowed by default
[    1.085349] HPET: 3 timers in total, 0 timers will be used for per-cpu timer
[    1.086521] hpet0: at MMIO 0xfed00000, IRQs 2, 8, 0
[    1.088432] hpet0: 3 comparators, 64-bit 100.000000 MHz counter
[    1.101828] Switching to clocksource hpet
[    1.329952] AppArmor: AppArmor Filesystem Enabled
[    1.331312] pnp: PnP ACPI init
[    1.332031] ACPI: bus type pnp registered
[    1.353714] pnp: PnP ACPI: found 9 devices
[    1.355116] ACPI: ACPI bus type pnp unregistered
[    1.416950] NET: Registered protocol family 2
[    1.469885] IP route cache hash table entries: 512 (order: 0, 4096 bytes)
[    1.478114] TCP established hash table entries: 2048 (order: 3, 32768 bytes)
[    1.479617] TCP bind hash table entries: 2048 (order: 3, 32768 bytes)
[    1.481487] TCP: Hash tables configured (established 2048 bind 2048)
[    1.482309] TCP reno registered
[    1.482836] UDP hash table entries: 128 (order: 0, 4096 bytes)
[    1.483927] UDP-Lite hash table entries: 128 (order: 0, 4096 bytes)
[    1.487084] NET: Registered protocol family 1
[    1.488020] pci 0000:00:00.0: Limiting direct PCI/PCI transfers
[    1.489710] pci 0000:00:01.0: PIIX3: Enabling Passive Release
[    1.490774] pci 0000:00:01.0: Activating ISA DMA hang workarounds
[    1.495394] ACPI: PCI Interrupt Link [LNKD] enabled at IRQ 11
[    1.497326] pci 0000:00:01.2: PCI INT D -&gt; Link[LNKD] -&gt; GSI 11 (level, high) -&gt; IRQ 11
[    1.499232] pci 0000:00:01.2: PCI INT D disabled
[    1.522662] Trying to unpack rootfs image as initramfs...
[    1.538835] audit: initializing netlink socket (disabled)
[    1.541247] type=2000 audit(1449731098.536:1): initialized
[    1.855178] HugeTLB registered 2 MB page size, pre-allocated 0 pages
[    1.935227] VFS: Disk quotas dquot_6.5.2
[    1.937108] Dquot-cache hash table entries: 512 (order 0, 4096 bytes)
[    1.950102] fuse init (API version 7.17)
[    1.953489] msgmni has been set to 84
[    1.986761] Block layer SCSI generic (bsg) driver version 0.4 loaded (major 253)
[    1.989118] io scheduler noop registered
[    1.989659] io scheduler deadline registered (default)
[    1.990564] io scheduler cfq registered
[    1.994635] pci_hotplug: PCI Hot Plug PCI Core version: 0.5
[    1.997065] pciehp: PCI Express Hot Plug Controller Driver version: 0.4
[    2.002536] input: Power Button as /devices/LNXSYSTM:00/LNXPWRBN:00/input/input0
[    2.004174] ACPI: Power Button [PWRF]
[    2.074310] ERST: Table is not found!
[    2.074902] GHES: HEST is not enabled!
[    2.081938] ACPI: PCI Interrupt Link [LNKC] enabled at IRQ 10
[    2.082727] virtio-pci 0000:00:03.0: PCI INT A -&gt; Link[LNKC] -&gt; GSI 10 (level, high) -&gt; IRQ 10
[    2.087203] virtio-pci 0000:00:04.0: PCI INT A -&gt; Link[LNKD] -&gt; GSI 11 (level, high) -&gt; IRQ 11
[    2.101816] ACPI: PCI Interrupt Link [LNKA] enabled at IRQ 10
[    2.102556] virtio-pci 0000:00:05.0: PCI INT A -&gt; Link[LNKA] -&gt; GSI 10 (level, high) -&gt; IRQ 10
[    2.118428] Serial: 8250/16550 driver, 32 ports, IRQ sharing enabled
[    2.165645] serial8250: ttyS0 at I/O 0x3f8 (irq = 4) is a 16550A
[    2.262556] serial8250: ttyS1 at I/O 0x2f8 (irq = 3) is a 16550A
[    2.396723] 00:05: ttyS0 at I/O 0x3f8 (irq = 4) is a 16550A
[    2.480553] 00:06: ttyS1 at I/O 0x2f8 (irq = 3) is a 16550A
[    2.505846] Refined TSC clocksource calibration: 2293.304 MHz.
[    2.506901] Switching to clocksource tsc
[    2.532369] Linux agpgart interface v0.103
[    2.620034] brd: module loaded
[    2.649709] loop: module loaded
[    2.710246]  vda: unknown partition table
[    2.769750] scsi0 : ata_piix
[    2.772918] scsi1 : ata_piix
[    2.774001] ata1: PATA max MWDMA2 cmd 0x1f0 ctl 0x3f6 bmdma 0xc0a0 irq 14
[    2.775164] ata2: PATA max MWDMA2 cmd 0x170 ctl 0x376 bmdma 0xc0a8 irq 15
[    2.785031] Fixed MDIO Bus: probed
[    2.785847] tun: Universal TUN/TAP device driver, 1.6
[    2.786658] tun: (C) 1999-2004 Max Krasnyansky &lt;maxk@qualcomm.com&gt;
[    2.799732] PPP generic driver version 2.4.2
[    2.830355] ehci_hcd: USB 2.0 'Enhanced' Host Controller (EHCI) Driver
[    2.831376] ohci_hcd: USB 1.1 'Open' Host Controller (OHCI) Driver
[    2.832937] uhci_hcd: USB Universal Host Controller Interface driver
[    2.833700] uhci_hcd 0000:00:01.2: PCI INT D -&gt; Link[LNKD] -&gt; GSI 11 (level, high) -&gt; IRQ 11
[    2.837798] uhci_hcd 0000:00:01.2: UHCI Host Controller
[    2.839777] uhci_hcd 0000:00:01.2: new USB bus registered, assigned bus number 1
[    2.842463] uhci_hcd 0000:00:01.2: irq 11, io base 0x0000c040
[    2.877409] hub 1-0:1.0: USB hub found
[    2.880373] hub 1-0:1.0: 2 ports detected
[    2.887286] usbcore: registered new interface driver libusual
[    2.890636] i8042: PNP: PS/2 Controller [PNP0303:KBD,PNP0f13:MOU] at 0x60,0x64 irq 1,12
[    2.898444] serio: i8042 KBD port at 0x60,0x64 irq 1
[    2.899795] serio: i8042 AUX port at 0x60,0x64 irq 12
[    2.939128] mousedev: PS/2 mouse device common for all mice
[    2.956109] input: AT Translated Set 2 keyboard as /devices/platform/i8042/serio0/input/input1
[    2.962102] rtc_cmos 00:01: RTC can wake from S4
[    2.985447] rtc_cmos 00:01: rtc core: registered rtc_cmos as rtc0
[    2.989023] rtc0: alarms up to one day, 114 bytes nvram, hpet irqs
[    2.993394] device-mapper: uevent: version 1.0.3
[    3.013655] ata2.01: ATAPI: QEMU DVD-ROM, 2.0.0, max UDMA/100
[    3.031332] device-mapper: ioctl: 4.22.0-ioctl (2011-10-19) initialised: dm-devel@redhat.com
[    3.035677] cpuidle: using governor ladder
[    3.036993] cpuidle: using governor menu
[    3.038162] EFI Variables Facility v0.08 2004-May-17
[    3.051702] TCP cubic registered
[    3.059478] NET: Registered protocol family 10
[    3.096732] NET: Registered protocol family 17
[    3.099561] Registering the dns_resolver key type
[    3.105374] ata2.01: configured for MWDMA2
[    3.142378] scsi 1:0:1:0: CD-ROM            QEMU     QEMU DVD-ROM     2.0. PQ: 0 ANSI: 5
[    3.177380] sr0: scsi3-mmc drive: 4x/4x cd/rw xa/form2 tray
[    3.179930] cdrom: Uniform CD-ROM driver Revision: 3.20
[    3.206002] sr 1:0:1:0: Attached scsi generic sg0 type 5
[    3.240740] Freeing initrd memory: 3656k freed
[    3.257140] registered taskstats version 1
[    3.780478]   Magic number: 11:42:66
[    3.789659] rtc_cmos 00:01: setting system clock to 2015-12-10 07:05:01 UTC (1449731101)
[    3.792346] powernow-k8: Processor cpuid 663 not supported
[    3.797989] BIOS EDD facility v0.16 2004-Jun-25, 0 devices found
[    3.801781] EDD information not available.
[    3.885176] Freeing unused kernel memory: 928k freed
[    3.891107] Write protecting the kernel read-only data: 12288k
[    3.998684] Freeing unused kernel memory: 1596k freed
[    4.105421] Freeing unused kernel memory: 1184k freed

info: initramfs: up at 4.27
modprobe: module virtio_blk not found in modules.dep
modprobe: module virtio_net not found in modules.dep
info: copying initramfs to /dev/vda
info: initramfs loading root from /dev/vda
info: /etc/init.d/rc.sysinit: up at 9.12
info: container: none
Starting logging: OK
modprobe: module virtio_blk not found in modules.dep
modprobe: module virtio_net not found in modules.dep
WARN: /etc/rc3.d/S10-load-modules failed
Initializing random number generator... done.
Starting acpid: OK
cirros-ds 'local' up at 11.69
found datasource (configdrive, local)
Starting network...
udhcpc (v1.20.1) started
Sending discover...
Sending select for 10.100.0.3...
Lease of 10.100.0.3 obtained, lease time 86400
route: SIOCADDRT: File exists
WARN: failed: route add -net "0.0.0.0/0" gw "10.100.0.1"
Starting dropbear sshd: generating rsa key... generating dsa key... OK
no userdata for datasource
=== system information ===
Platform: OpenStack Foundation OpenStack Nova
Container: none
Arch: x86_64
CPU(s): 1 @ 2293.253 MHz
Cores/Sockets/Threads: 1/1/1
Virt-type: AMD-V
RAM Size: 49MB
Disks:
NAME MAJ:MIN     SIZE LABEL         MOUNTPOINT
vda  253:0   25165824 cirros-rootfs /
sr0   11:0     428032 config-2      
=== sshd host keys ===
-----BEGIN SSH HOST KEY KEYS-----
ssh-rsa AAAAB3NzaC1yc2EAAAADAQABAAAAgwCQOhWN3A8wzsMu3sRC+p9kBNmXMKR7EEkWPJpN44+WyR96hmbIqSDdlb/+CVSCpUaZAEor1JwAU5SkNX0zoD8t0we46Rnq8vRl+BPXX7wARxppaAtFUQSSTKkQKqdgS1AkSSquxOE7PBQaXOzyo3OWeGTgDh/3GxlWF3DHpbjHazZj root@tempest
ssh-dss AAAAB3NzaC1kc3MAAACBAPuz5MtFh3sOi0KoFer4bC4XOggySuKaGjiYcChpA01kPQFgrKxAxuVQQKZlQY8Mn1xLKfdyOfTKvza4W8dXkCJsQApUjQ8vBsnL9R7wjAXEY3G+h3yAXc58ZG7dj8TIsynqirw1OIjj/2X/Qen68a3pqlZuWH/7vfNrAmJmlHLLAAAAFQDvAKN5Az6U6oLfSaoBPyRWs87XQQAAAIAV9TsW8JMDIBMpDoo0PPPBUkc+Xc9YQWru7Of1UA3j1SIIpFSNBNi9k7IPFj/9Vip+Kj4IlIc5QdJ269b03ccNffhdAH8ixKusseQn4dWkn+GznWU9mTpegK3eAbP+0ZXzZIlwW6uONUb73x/30M5pN8/ZOnmWdVODwGWd/N6pPAAAAIBoUE5T35ozDECGBoRuwFo7JLVidHT1HWUXS9jTXuV0t855slUUVrPClWChKabjIJaE3lRXZSXua+OBZfWdIBTJFv4xER41sEo4wzyOSssgdcIMfgfO3WwYO92l2VbzL2cTc/ckEd8kvjqdiOFlfJN0OEAVN5+ZVrMrSFUj+hyxpA== root@tempest
-----END SSH HOST KEY KEYS-----
=== network info ===
if-info: lo,up,127.0.0.1,8,::1
if-info: eth0,up,10.100.0.3,28,fe80::f816:3eff:fe9b:5527
ip-route:default via 10.100.0.1 dev eth0 
ip-route:10.100.0.0/28 dev eth0  src 10.100.0.3 
ip-route:169.254.169.254 via 10.100.0.1 dev eth0 
=== datasource: configdrive local ===
instance-id: 1385503e-6778-4c9a-bbf8-008ad579efb6
name: tempest.common.compute-instance-1170898097
availability-zone: nova
local-hostname: tempest.common.compute-instance-1170898097.novalocal
launch-index: 0
=== cirros: current=0.3.4 uptime=22.82 ===
  ____               ____  ____
 / __/ __ ____ ____ / __ \/ __/
/ /__ / // __// __// /_/ /\ \ 
\___//_//_/  /_/   \____/___/ 
   http://cirros-cloud.net


login as 'cirros' user. default password: 'cubswin:)'. use 'sudo' for root.
tempest login: 
2015-12-10 07:07:21,392 32246 INFO     [tempest_lib.common.rest_client] Request (TestNetworkBasicOps:_run_cleanups): 204 DELETE http://10.0.2.15:9696/v2.0/floatingips/3aeade05-83ae-4a10-a3ea-8dea1ff5adae 0.199s
2015-12-10 07:07:21,392 32246 DEBUG    [tempest_lib.common.rest_client] Request - Headers: {'Content-Type': 'application/json', 'Accept': 'application/json', 'X-Auth-Token': '&lt;omitted&gt;'}
        Body: None
    Response - Headers: {'date': 'Thu, 10 Dec 2015 07:07:21 GMT', 'status': '204', 'connection': 'close', 'content-length': '0', 'x-openstack-request-id': 'req-a78f2b0b-a298-4d46-b101-71cdbae0b3e1'}
        Body: 
2015-12-10 07:07:21,640 32246 INFO     [tempest_lib.common.rest_client] Request (TestNetworkBasicOps:_run_cleanups): 204 DELETE http://10.0.2.15:8774/v2.1/a6b635398ebd4512a0b1dce660fdfc43/servers/1385503e-6778-4c9a-bbf8-008ad579efb6 0.247s
2015-12-10 07:07:21,641 32246 DEBUG    [tempest_lib.common.rest_client] Request - Headers: {'Content-Type': 'application/json', 'Accept': 'application/json', 'X-Auth-Token': '&lt;omitted&gt;'}
        Body: None
    Response - Headers: {'status': '204', 'content-length': '0', 'x-compute-request-id': 'req-8d24b4c9-4636-49b3-94a4-7ebe00232b80', 'vary': 'X-OpenStack-Nova-API-Version', 'connection': 'close', 'x-openstack-nova-api-version': '2.1', 'date': 'Thu, 10 Dec 2015 07:07:21 GMT', 'content-type': 'application/json'}
        Body: 
2015-12-10 07:07:21,886 32246 INFO     [tempest_lib.common.rest_client] Request (TestNetworkBasicOps:_run_cleanups): 200 GET http://10.0.2.15:8774/v2.1/a6b635398ebd4512a0b1dce660fdfc43/servers/1385503e-6778-4c9a-bbf8-008ad579efb6 0.244s
2015-12-10 07:07:21,887 32246 DEBUG    [tempest_lib.common.rest_client] Request - Headers: {'Content-Type': 'application/json', 'Accept': 'application/json', 'X-Auth-Token': '&lt;omitted&gt;'}
        Body: None
    Response - Headers: {'status': '200', 'content-length': '1775', 'content-location': 'http://10.0.2.15:8774/v2.1/a6b635398ebd4512a0b1dce660fdfc43/servers/1385503e-6778-4c9a-bbf8-008ad579efb6', 'x-compute-request-id': 'req-c229eebe-6559-445a-95c5-f3544d217f42', 'vary': 'X-OpenStack-Nova-API-Version', 'connection': 'close', 'x-openstack-nova-api-version': '2.1', 'date': 'Thu, 10 Dec 2015 07:07:21 GMT', 'content-type': 'application/json'}
        Body: {"server": {"status": "ACTIVE", "updated": "2015-12-10T07:07:21Z", "hostId": "0d603240f4398ade853292d7e2854ab6c93ac71479bfcdef55d407f2", "addresses": {"tempest-network-smoke--2075394569": [{"OS-EXT-IPS-MAC:mac_addr": "fa:16:3e:9b:55:27", "version": 4, "addr": "10.100.0.3", "OS-EXT-IPS:type": "fixed"}, {"OS-EXT-IPS-MAC:mac_addr": "fa:16:3e:9b:55:27", "version": 4, "addr": "172.24.4.18", "OS-EXT-IPS:type": "floating"}]}, "links": [{"href": "http://10.0.2.15:8774/v2.1/a6b635398ebd4512a0b1dce660fdfc43/servers/1385503e-6778-4c9a-bbf8-008ad579efb6", "rel": "self"}, {"href": "http://10.0.2.15:8774/a6b635398ebd4512a0b1dce660fdfc43/servers/1385503e-6778-4c9a-bbf8-008ad579efb6", "rel": "bookmark"}], "key_name": "tempest-TestNetworkBasicOps-31495434", "image": {"id": "9cea42c1-37b1-4092-961c-ebf375904cc2", "links": [{"href": "http://10.0.2.15:8774/a6b635398ebd4512a0b1dce660fdfc43/images/9cea42c1-37b1-4092-961c-ebf375904cc2", "rel": "bookmark"}]}, "OS-EXT-STS:task_state": "deleting", "OS-EXT-STS:vm_state": "active", "OS-SRV-USG:launched_at": "2015-12-10T07:04:54.000000", "flavor": {"id": "42", "links": [{"href": "http://10.0.2.15:8774/a6b635398ebd4512a0b1dce660fdfc43/flavors/42", "rel": "bookmark"}]}, "id": "1385503e-6778-4c9a-bbf8-008ad579efb6", "security_groups": [{"name": "tempest-secgroup-smoke-573711794"}], "OS-SRV-USG:terminated_at": null, "OS-EXT-AZ:availability_zone": "nova", "user_id": "5a91cb6ff6854553adec433fdf44a7c0", "name": "tempest.common.compute-instance-1170898097", "created": "2015-12-10T07:04:52Z", "tenant_id": "a6b635398ebd4512a0b1dce660fdfc43", "OS-DCF:diskConfig": "MANUAL", "os-extended-volumes:volumes_attached": [], "accessIPv4": "", "accessIPv6": "", "progress": 0, "OS-EXT-STS:power_state": 1, "config_drive": "True", "metadata": {}}}
2015-12-10 07:07:23,049 32246 INFO     [tempest_lib.common.rest_client] Request (TestNetworkBasicOps:_run_cleanups): 200 GET http://10.0.2.15:8774/v2.1/a6b635398ebd4512a0b1dce660fdfc43/servers/1385503e-6778-4c9a-bbf8-008ad579efb6 0.143s
2015-12-10 07:07:23,049 32246 DEBUG    [tempest_lib.common.rest_client] Request - Headers: {'Content-Type': 'application/json', 'Accept': 'application/json', 'X-Auth-Token': '&lt;omitted&gt;'}
        Body: None
