<?xml version="1.0" encoding="UTF-8"?>
<!DOCTYPE html PUBLIC "-//W3C//DTD XHTML 1.0 Strict//EN"
     "http://www.w3.org/TR/xhtml1/DTD/xhtml1-strict.dtd">
<html xmlns="http://www.w3.org/1999/xhtml">
<head>
    <title>Unit Test Report</title>
    <meta name="generator" content="subunit2html 0.1"/>
    <meta http-equiv="Content-Type" content="text/html; charset=UTF-8"/>
    
<style type="text/css" media="screen">
body        { font-family: verdana, arial, helvetica, sans-serif;
    font-size: 80%; }
table       { font-size: 100%; width: 100%;}
pre         { font-size: 80%; }

/* -- heading -------------------------------------------------------------- */
h1 {
        font-size: 16pt;
        color: gray;
}
.heading {
    margin-top: 0ex;
    margin-bottom: 1ex;
}

.heading .attribute {
    margin-top: 1ex;
    margin-bottom: 0;
}

.heading .description {
    margin-top: 4ex;
    margin-bottom: 6ex;
}

/* -- css div popup -------------------------------------------------------- */
a.popup_link {
}

a.popup_link:hover {
    color: red;
}

.popup_window {
    display: none;
    overflow-x: scroll;
    /*border: solid #627173 1px; */
    padding: 10px;
    background-color: #E6E6D6;
    font-family: "Ubuntu Mono", "Lucida Console", "Courier New", monospace;
    text-align: left;
    font-size: 8pt;
}

}
/* -- report --------------------------------------------------------------- */
#show_detail_line {
    margin-top: 3ex;
    margin-bottom: 1ex;
}
#result_table {
    width: 100%;
    border-collapse: collapse;
    border: 1px solid #777;
}
#header_row {
    font-weight: bold;
    color: white;
    background-color: #777;
}
#result_table td {
    border: 1px solid #777;
    padding: 2px;
}
#total_row  { font-weight: bold; }
.passClass  { background-color: #6c6; }
.failClass  { background-color: #c60; }
.errorClass { background-color: #c00; }
.passCase   { color: #6c6; }
.failCase   { color: #c60; font-weight: bold; }
.errorCase  { color: #c00; font-weight: bold; }
.hiddenRow  { display: none; }
.testcase   { margin-left: 2em; }
td.testname {width: 40%}
td.small {width: 40px}

/* -- ending --------------------------------------------------------------- */
#ending {
}

</style>

</head>
<body>
<script language="javascript" type="text/javascript"><!--
output_list = Array();

/* level - 0:Summary; 1:Failed; 2:All */
function showCase(level) {
    trs = document.getElementsByTagName("tr");
    for (var i = 0; i < trs.length; i++) {
        tr = trs[i];
        id = tr.id;
        if (id.substr(0,2) == 'ft') {
            if (level < 1) {
                tr.className = 'hiddenRow';
            }
            else {
                tr.className = '';
            }
        }
        if (id.substr(0,2) == 'pt') {
            if (level > 1) {
                tr.className = '';
            }
            else {
                tr.className = 'hiddenRow';
            }
        }
    }
}


function showClassDetail(cid, count) {
    var id_list = Array(count);
    var toHide = 1;
    for (var i = 0; i < count; i++) {
        tid0 = 't' + cid.substr(1) + '.' + (i+1);
        tid = 'f' + tid0;
        tr = document.getElementById(tid);
        if (!tr) {
            tid = 'p' + tid0;
            tr = document.getElementById(tid);
        }
        id_list[i] = tid;
        if (tr.className) {
            toHide = 0;
        }
    }
    for (var i = 0; i < count; i++) {
        tid = id_list[i];
        if (toHide) {
            document.getElementById('div_'+tid).style.display = 'none'
            document.getElementById(tid).className = 'hiddenRow';
        }
        else {
            document.getElementById(tid).className = '';
        }
    }
}


function showTestDetail(div_id){
    var details_div = document.getElementById(div_id)
    var displayState = details_div.style.display
    // alert(displayState)
    if (displayState != 'block' ) {
        displayState = 'block'
        details_div.style.display = 'block'
    }
    else {
        details_div.style.display = 'none'
    }
}


function html_escape(s) {
    s = s.replace(/&/g,'&amp;');
    s = s.replace(/</g,'&lt;');
    s = s.replace(/>/g,'&gt;');
    return s;
}

/* obsoleted by detail in <div>
function showOutput(id, name) {
    var w = window.open("", //url
                    name,
                    "resizable,scrollbars,status,width=800,height=450");
    d = w.document;
    d.write("<pre>");
    d.write(html_escape(output_list[id]));
    d.write("\n");
    d.write("<a href='javascript:window.close()'>close</a>\n");
    d.write("</pre>\n");
    d.close();
}
*/
--></script>

<div class='heading'>
<h1>Unit Test Report</h1>

<p class='attribute'><strong>Status:</strong> Pass 8 Failure 1</p>

<p class='description'></p>
</div>



<p id='show_detail_line'>Show
<a href='javascript:showCase(0)'>Summary</a>
<a href='javascript:showCase(1)'>Failed</a>
<a href='javascript:showCase(2)'>All</a>
</p>
<table id='result_table'>
<colgroup>
<col align='left' />
<col align='right' />
<col align='right' />
<col align='right' />
<col align='right' />
<col align='right' />
<col align='right' />
<col align='right' />
</colgroup>
<tr id='header_row'>
    <td>Test Group/Test case</td>
    <td>Count</td>
    <td>Pass</td>
    <td>Fail</td>
    <td>Error</td>
    <td>Skip</td>
    <td>View</td>
    <td> </td>
</tr>

<tr class='failClass'>
    <td class="testname">tempest.scenario.test_network_basic_ops.TestNetworkBasicOps</td>
    <td class="small">9</td>
    <td class="small">8</td>
    <td class="small">1</td>
    <td class="small">0</td>
    <td class="small">0</td>
    <td class="small"><a href="javascript:showClassDetail('c1',9)"
>Detail</a></td>
    <td> </td>
</tr>

<tr id='pt1.1' class='hiddenRow'>
    <td class='none'><div class='testcase'>test_connectivity_between_vms_on_different_networks[compute,id-1546850e-fbaa-42f5-8b5f-03d8a6a95f15,network]</div></td>
    <td colspan='7' align='left'>

    <!--css div popup start-->
    <a class="popup_link" onfocus='this.blur();'
    href="javascript:showTestDetail('div_pt1.1')" >
        pass</a>

    <div id='div_pt1.1' class="popup_window">
        <div style='text-align: right; color:red;cursor:pointer'>
        <a onfocus='this.blur();'
onclick="document.getElementById('div_pt1.1').style.display = 'none' " >
           [x]</a>
        </div>
        <pre>
        
pt1.1: tempest.scenario.test_network_basic_ops.TestNetworkBasicOps.test_connectivity_between_vms_on_different_networks[compute,id-1546850e-fbaa-42f5-8b5f-03d8a6a95f15,network]

        </pre>
    </div>
    <!--css div popup end-->

    </td>
</tr>

<tr id='pt1.2' class='hiddenRow'>
    <td class='none'><div class='testcase'>test_hotplug_nic[compute,id-c5adff73-e961-41f1-b4a9-343614f18cfa,network]</div></td>
    <td colspan='7' align='left'>

    <!--css div popup start-->
    <a class="popup_link" onfocus='this.blur();'
    href="javascript:showTestDetail('div_pt1.2')" >
        pass</a>

    <div id='div_pt1.2' class="popup_window">
        <div style='text-align: right; color:red;cursor:pointer'>
        <a onfocus='this.blur();'
onclick="document.getElementById('div_pt1.2').style.display = 'none' " >
           [x]</a>
        </div>
        <pre>
        
pt1.2: tempest.scenario.test_network_basic_ops.TestNetworkBasicOps.test_hotplug_nic[compute,id-c5adff73-e961-41f1-b4a9-343614f18cfa,network]

        </pre>
    </div>
    <!--css div popup end-->

    </td>
</tr>

<tr id='pt1.3' class='hiddenRow'>
    <td class='none'><div class='testcase'>test_network_basic_ops[compute,id-f323b3ba-82f8-4db7-8ea6-6a895869ec49,network,smoke]</div></td>
    <td colspan='7' align='left'>

    <!--css div popup start-->
    <a class="popup_link" onfocus='this.blur();'
    href="javascript:showTestDetail('div_pt1.3')" >
        pass</a>

    <div id='div_pt1.3' class="popup_window">
        <div style='text-align: right; color:red;cursor:pointer'>
        <a onfocus='this.blur();'
onclick="document.getElementById('div_pt1.3').style.display = 'none' " >
           [x]</a>
        </div>
        <pre>
        
pt1.3: tempest.scenario.test_network_basic_ops.TestNetworkBasicOps.test_network_basic_ops[compute,id-f323b3ba-82f8-4db7-8ea6-6a895869ec49,network,smoke]

        </pre>
    </div>
    <!--css div popup end-->

    </td>
</tr>

<tr id='pt1.4' class='hiddenRow'>
    <td class='none'><div class='testcase'>test_port_security_macspoofing_port[compute,id-7c0bb1a2-d053-49a4-98f9-ca1a1d849f63,network]</div></td>
    <td colspan='7' align='left'>

    <!--css div popup start-->
    <a class="popup_link" onfocus='this.blur();'
    href="javascript:showTestDetail('div_pt1.4')" >
        pass</a>

    <div id='div_pt1.4' class="popup_window">
        <div style='text-align: right; color:red;cursor:pointer'>
        <a onfocus='this.blur();'
onclick="document.getElementById('div_pt1.4').style.display = 'none' " >
           [x]</a>
        </div>
        <pre>
        
pt1.4: tempest.scenario.test_network_basic_ops.TestNetworkBasicOps.test_port_security_macspoofing_port[compute,id-7c0bb1a2-d053-49a4-98f9-ca1a1d849f63,network]

        </pre>
    </div>
    <!--css div popup end-->

    </td>
</tr>

<tr id='pt1.5' class='hiddenRow'>
    <td class='none'><div class='testcase'>test_preserve_preexisting_port[compute,id-759462e1-8535-46b0-ab3a-33aa45c55aaa,network]</div></td>
    <td colspan='7' align='left'>

    <!--css div popup start-->
    <a class="popup_link" onfocus='this.blur();'
    href="javascript:showTestDetail('div_pt1.5')" >
        pass</a>

    <div id='div_pt1.5' class="popup_window">
        <div style='text-align: right; color:red;cursor:pointer'>
        <a onfocus='this.blur();'
onclick="document.getElementById('div_pt1.5').style.display = 'none' " >
           [x]</a>
        </div>
        <pre>
        
pt1.5: tempest.scenario.test_network_basic_ops.TestNetworkBasicOps.test_preserve_preexisting_port[compute,id-759462e1-8535-46b0-ab3a-33aa45c55aaa,network]

        </pre>
    </div>
    <!--css div popup end-->

    </td>
</tr>

<tr id='pt1.6' class='hiddenRow'>
    <td class='none'><div class='testcase'>test_router_rescheduling[compute,id-2e788c46-fb3f-4ac9-8f82-0561555bea73,network]</div></td>
    <td colspan='7' align='left'>

    <!--css div popup start-->
    <a class="popup_link" onfocus='this.blur();'
    href="javascript:showTestDetail('div_pt1.6')" >
        pass</a>

    <div id='div_pt1.6' class="popup_window">
        <div style='text-align: right; color:red;cursor:pointer'>
        <a onfocus='this.blur();'
onclick="document.getElementById('div_pt1.6').style.display = 'none' " >
           [x]</a>
        </div>
        <pre>
        
pt1.6: tempest.scenario.test_network_basic_ops.TestNetworkBasicOps.test_router_rescheduling[compute,id-2e788c46-fb3f-4ac9-8f82-0561555bea73,network]

        </pre>
    </div>
    <!--css div popup end-->

    </td>
</tr>

<tr id='pt1.7' class='hiddenRow'>
    <td class='none'><div class='testcase'>test_subnet_details[compute,id-d8bb918e-e2df-48b2-97cd-b73c95450980,network]</div></td>
    <td colspan='7' align='left'>

    <!--css div popup start-->
    <a class="popup_link" onfocus='this.blur();'
    href="javascript:showTestDetail('div_pt1.7')" >
        pass</a>

    <div id='div_pt1.7' class="popup_window">
        <div style='text-align: right; color:red;cursor:pointer'>
        <a onfocus='this.blur();'
onclick="document.getElementById('div_pt1.7').style.display = 'none' " >
           [x]</a>
        </div>
        <pre>
        
pt1.7: tempest.scenario.test_network_basic_ops.TestNetworkBasicOps.test_subnet_details[compute,id-d8bb918e-e2df-48b2-97cd-b73c95450980,network]

        </pre>
    </div>
    <!--css div popup end-->

    </td>
</tr>

<tr id='ft1.8' class='none'>
    <td class='failCase'><div class='testcase'>test_update_instance_port_admin_state[compute,id-f5dfcc22-45fd-409f-954c-5bd500d7890b,network]</div></td>
    <td colspan='7' align='left'>

    <!--css div popup start-->
    <a class="popup_link" onfocus='this.blur();'
    href="javascript:showTestDetail('div_ft1.8')" >
        fail</a>

    <div id='div_ft1.8' class="popup_window">
        <div style='text-align: right; color:red;cursor:pointer'>
        <a onfocus='this.blur();'
onclick="document.getElementById('div_ft1.8').style.display = 'none' " >
           [x]</a>
        </div>
        <pre>
        
ft1.8: tempest.scenario.test_network_basic_ops.TestNetworkBasicOps.test_update_instance_port_admin_state[compute,id-f5dfcc22-45fd-409f-954c-5bd500d7890b,network]_StringException: Empty attachments:
  stderr
  stdout

pythonlogging:'': {{{
2016-02-16 12:52:10,868 23194 INFO     [tempest_lib.common.rest_client] Request (TestNetworkBasicOps:test_update_instance_port_admin_state): 201 POST http://10.4.1.3:9696/v2.0/security-groups 0.112s
2016-02-16 12:52:10,869 23194 DEBUG    [tempest_lib.common.rest_client] Request - Headers: {'Content-Type': 'application/json', 'Accept': 'application/json', 'X-Auth-Token': '&lt;omitted&gt;'}
        Body: {"security_group": {"tenant_id": "105df3d9143741e19966eaca95f95438", "description": "tempest-secgroup-smoke-1271843087 description", "name": "tempest-secgroup-smoke-1271843087"}}
    Response - Headers: {'status': '201', 'content-length': '888', 'connection': 'close', 'date': 'Tue, 16 Feb 2016 12:52:10 GMT', 'content-type': 'application/json; charset=UTF-8', 'x-openstack-request-id': 'req-2fed58fa-c536-4ad4-aac4-ebc4e2334c39'}
        Body: {"security_group": {"tenant_id": "105df3d9143741e19966eaca95f95438", "description": "tempest-secgroup-smoke-1271843087 description", "id": "3ebce941-2abc-47d7-940b-27d28c0b6ff2", "security_group_rules": [{"remote_group_id": null, "direction": "egress", "remote_ip_prefix": null, "protocol": null, "ethertype": "IPv4", "tenant_id": "105df3d9143741e19966eaca95f95438", "port_range_max": null, "port_range_min": null, "id": "aa57dff2-2f3a-4582-b2bb-c2807889993e", "security_group_id": "3ebce941-2abc-47d7-940b-27d28c0b6ff2"}, {"remote_group_id": null, "direction": "egress", "remote_ip_prefix": null, "protocol": null, "ethertype": "IPv6", "tenant_id": "105df3d9143741e19966eaca95f95438", "port_range_max": null, "port_range_min": null, "id": "2287c601-a531-4074-97d5-86e7b43a3451", "security_group_id": "3ebce941-2abc-47d7-940b-27d28c0b6ff2"}], "name": "tempest-secgroup-smoke-1271843087"}}
2016-02-16 12:52:10,987 23194 INFO     [tempest_lib.common.rest_client] Request (TestNetworkBasicOps:test_update_instance_port_admin_state): 201 POST http://10.4.1.3:9696/v2.0/security-group-rules 0.116s
2016-02-16 12:52:10,988 23194 DEBUG    [tempest_lib.common.rest_client] Request - Headers: {'Content-Type': 'application/json', 'Accept': 'application/json', 'X-Auth-Token': '&lt;omitted&gt;'}
        Body: {"security_group_rule": {"direction": "ingress", "protocol": "tcp", "tenant_id": "105df3d9143741e19966eaca95f95438", "port_range_max": 22, "security_group_id": "3ebce941-2abc-47d7-940b-27d28c0b6ff2", "port_range_min": 22}}
    Response - Headers: {'status': '201', 'content-length': '340', 'connection': 'close', 'date': 'Tue, 16 Feb 2016 12:52:10 GMT', 'content-type': 'application/json; charset=UTF-8', 'x-openstack-request-id': 'req-0ec11158-d981-4237-80ea-712f70edd32c'}
        Body: {"security_group_rule": {"remote_group_id": null, "direction": "ingress", "remote_ip_prefix": null, "protocol": "tcp", "ethertype": "IPv4", "tenant_id": "105df3d9143741e19966eaca95f95438", "port_range_max": 22, "port_range_min": 22, "id": "e257a36a-98ac-419a-b827-cb392b2b8ff6", "security_group_id": "3ebce941-2abc-47d7-940b-27d28c0b6ff2"}}
2016-02-16 12:52:11,098 23194 INFO     [tempest_lib.common.rest_client] Request (TestNetworkBasicOps:test_update_instance_port_admin_state): 201 POST http://10.4.1.3:9696/v2.0/security-group-rules 0.108s
2016-02-16 12:52:11,099 23194 DEBUG    [tempest_lib.common.rest_client] Request - Headers: {'Content-Type': 'application/json', 'Accept': 'application/json', 'X-Auth-Token': '&lt;omitted&gt;'}
        Body: {"security_group_rule": {"direction": "egress", "protocol": "tcp", "tenant_id": "105df3d9143741e19966eaca95f95438", "port_range_max": 22, "security_group_id": "3ebce941-2abc-47d7-940b-27d28c0b6ff2", "port_range_min": 22}}
    Response - Headers: {'status': '201', 'content-length': '339', 'connection': 'close', 'date': 'Tue, 16 Feb 2016 12:52:11 GMT', 'content-type': 'application/json; charset=UTF-8', 'x-openstack-request-id': 'req-efcb2962-a941-4ace-9f84-ce7ecf4cc2ec'}
        Body: {"security_group_rule": {"remote_group_id": null, "direction": "egress", "remote_ip_prefix": null, "protocol": "tcp", "ethertype": "IPv4", "tenant_id": "105df3d9143741e19966eaca95f95438", "port_range_max": 22, "port_range_min": 22, "id": "c8cef758-1f57-4d9d-8190-59a010f09e79", "security_group_id": "3ebce941-2abc-47d7-940b-27d28c0b6ff2"}}
2016-02-16 12:52:11,205 23194 INFO     [tempest_lib.common.rest_client] Request (TestNetworkBasicOps:test_update_instance_port_admin_state): 201 POST http://10.4.1.3:9696/v2.0/security-group-rules 0.104s
2016-02-16 12:52:11,205 23194 DEBUG    [tempest_lib.common.rest_client] Request - Headers: {'Content-Type': 'application/json', 'Accept': 'application/json', 'X-Auth-Token': '&lt;omitted&gt;'}
        Body: {"security_group_rule": {"tenant_id": "105df3d9143741e19966eaca95f95438", "direction": "ingress", "protocol": "icmp", "security_group_id": "3ebce941-2abc-47d7-940b-27d28c0b6ff2"}}
    Response - Headers: {'status': '201', 'content-length': '345', 'connection': 'close', 'date': 'Tue, 16 Feb 2016 12:52:11 GMT', 'content-type': 'application/json; charset=UTF-8', 'x-openstack-request-id': 'req-c58a100b-2821-4b4b-8a0b-746a2619f205'}
        Body: {"security_group_rule": {"remote_group_id": null, "direction": "ingress", "remote_ip_prefix": null, "protocol": "icmp", "ethertype": "IPv4", "tenant_id": "105df3d9143741e19966eaca95f95438", "port_range_max": null, "port_range_min": null, "id": "7afc526f-3177-452c-8957-de2edf3f1a2c", "security_group_id": "3ebce941-2abc-47d7-940b-27d28c0b6ff2"}}
2016-02-16 12:52:11,315 23194 INFO     [tempest_lib.common.rest_client] Request (TestNetworkBasicOps:test_update_instance_port_admin_state): 201 POST http://10.4.1.3:9696/v2.0/security-group-rules 0.108s
2016-02-16 12:52:11,316 23194 DEBUG    [tempest_lib.common.rest_client] Request - Headers: {'Content-Type': 'application/json', 'Accept': 'application/json', 'X-Auth-Token': '&lt;omitted&gt;'}
        Body: {"security_group_rule": {"tenant_id": "105df3d9143741e19966eaca95f95438", "direction": "egress", "protocol": "icmp", "security_group_id": "3ebce941-2abc-47d7-940b-27d28c0b6ff2"}}
    Response - Headers: {'status': '201', 'content-length': '344', 'connection': 'close', 'date': 'Tue, 16 Feb 2016 12:52:11 GMT', 'content-type': 'application/json; charset=UTF-8', 'x-openstack-request-id': 'req-e3a1957f-59f2-4903-9974-1ec2f4062915'}
        Body: {"security_group_rule": {"remote_group_id": null, "direction": "egress", "remote_ip_prefix": null, "protocol": "icmp", "ethertype": "IPv4", "tenant_id": "105df3d9143741e19966eaca95f95438", "port_range_max": null, "port_range_min": null, "id": "ae4f7315-8f3c-46f4-a8b3-2002f484d715", "security_group_id": "3ebce941-2abc-47d7-940b-27d28c0b6ff2"}}
2016-02-16 12:52:11,422 23194 INFO     [tempest_lib.common.rest_client] Request (TestNetworkBasicOps:test_update_instance_port_admin_state): 201 POST http://10.4.1.3:9696/v2.0/security-group-rules 0.106s
2016-02-16 12:52:11,423 23194 DEBUG    [tempest_lib.common.rest_client] Request - Headers: {'Content-Type': 'application/json', 'Accept': 'application/json', 'X-Auth-Token': '&lt;omitted&gt;'}
        Body: {"security_group_rule": {"tenant_id": "105df3d9143741e19966eaca95f95438", "direction": "ingress", "security_group_id": "3ebce941-2abc-47d7-940b-27d28c0b6ff2", "protocol": "icmp", "ethertype": "IPv6"}}
    Response - Headers: {'status': '201', 'content-length': '345', 'connection': 'close', 'date': 'Tue, 16 Feb 2016 12:52:11 GMT', 'content-type': 'application/json; charset=UTF-8', 'x-openstack-request-id': 'req-a0d44503-c56b-47bd-93f8-674dd4a1b0fe'}
        Body: {"security_group_rule": {"remote_group_id": null, "direction": "ingress", "remote_ip_prefix": null, "protocol": "icmp", "ethertype": "IPv6", "tenant_id": "105df3d9143741e19966eaca95f95438", "port_range_max": null, "port_range_min": null, "id": "d46bb522-6ba2-4e0b-ad0f-b2b736c55229", "security_group_id": "3ebce941-2abc-47d7-940b-27d28c0b6ff2"}}
2016-02-16 12:52:11,527 23194 INFO     [tempest_lib.common.rest_client] Request (TestNetworkBasicOps:test_update_instance_port_admin_state): 201 POST http://10.4.1.3:9696/v2.0/security-group-rules 0.103s
2016-02-16 12:52:11,528 23194 DEBUG    [tempest_lib.common.rest_client] Request - Headers: {'Content-Type': 'application/json', 'Accept': 'application/json', 'X-Auth-Token': '&lt;omitted&gt;'}
        Body: {"security_group_rule": {"tenant_id": "105df3d9143741e19966eaca95f95438", "direction": "egress", "security_group_id": "3ebce941-2abc-47d7-940b-27d28c0b6ff2", "protocol": "icmp", "ethertype": "IPv6"}}
    Response - Headers: {'status': '201', 'content-length': '344', 'connection': 'close', 'date': 'Tue, 16 Feb 2016 12:52:11 GMT', 'content-type': 'application/json; charset=UTF-8', 'x-openstack-request-id': 'req-b7a8e3ff-6543-42d3-9fac-8ecd20c2e97f'}
        Body: {"security_group_rule": {"remote_group_id": null, "direction": "egress", "remote_ip_prefix": null, "protocol": "icmp", "ethertype": "IPv6", "tenant_id": "105df3d9143741e19966eaca95f95438", "port_range_max": null, "port_range_min": null, "id": "5636c067-07c7-4130-919b-3bf113dc2e8c", "security_group_id": "3ebce941-2abc-47d7-940b-27d28c0b6ff2"}}
2016-02-16 12:52:11,687 23194 INFO     [tempest_lib.common.rest_client] Request (TestNetworkBasicOps:test_update_instance_port_admin_state): 201 POST http://10.4.1.3:9696/v2.0/networks 0.157s
2016-02-16 12:52:11,689 23194 DEBUG    [tempest_lib.common.rest_client] Request - Headers: {'Content-Type': 'application/json', 'Accept': 'application/json', 'X-Auth-Token': '&lt;omitted&gt;'}
        Body: {"network": {"tenant_id": "105df3d9143741e19966eaca95f95438", "name": "tempest-network-smoke--1879173011"}}
    Response - Headers: {'status': '201', 'content-length': '299', 'connection': 'close', 'date': 'Tue, 16 Feb 2016 12:52:11 GMT', 'content-type': 'application/json; charset=UTF-8', 'x-openstack-request-id': 'req-744064c2-dd67-4e48-94eb-39381c8ff24e'}
        Body: {"network": {"status": "ACTIVE", "subnets": [], "name": "tempest-network-smoke--1879173011", "admin_state_up": true, "tenant_id": "105df3d9143741e19966eaca95f95438", "mtu": 1450, "router:external": false, "shared": false, "port_security_enabled": true, "id": "0d06b620-775b-4bc4-b808-094e61652402"}}
2016-02-16 12:52:11,760 23194 INFO     [tempest_lib.common.rest_client] Request (TestNetworkBasicOps:test_update_instance_port_admin_state): 201 POST http://10.4.1.3:9696/v2.0/routers 0.071s
2016-02-16 12:52:11,761 23194 DEBUG    [tempest_lib.common.rest_client] Request - Headers: {'Content-Type': 'application/json', 'Accept': 'application/json', 'X-Auth-Token': '&lt;omitted&gt;'}
        Body: {"router": {"tenant_id": "105df3d9143741e19966eaca95f95438", "name": "tempest-router-smoke-1574798073", "admin_state_up": true}}
    Response - Headers: {'status': '201', 'content-length': '239', 'connection': 'close', 'date': 'Tue, 16 Feb 2016 12:52:11 GMT', 'content-type': 'application/json; charset=UTF-8', 'x-openstack-request-id': 'req-5097e3b0-bec0-4f9e-ab6e-f4d5b7a3ce07'}
        Body: {"router": {"status": "ACTIVE", "external_gateway_info": null, "name": "tempest-router-smoke-1574798073", "admin_state_up": true, "tenant_id": "105df3d9143741e19966eaca95f95438", "routes": [], "id": "c376c81b-88c0-478d-b8d9-acbe187de36b"}}
2016-02-16 12:52:11,800 23194 INFO     [tempest_lib.common.rest_client] Request (TestNetworkBasicOps:test_update_instance_port_admin_state): 200 GET http://10.4.1.3:9696/v2.0/routers/c376c81b-88c0-478d-b8d9-acbe187de36b 0.039s
2016-02-16 12:52:11,801 23194 DEBUG    [tempest_lib.common.rest_client] Request - Headers: {'Content-Type': 'application/json', 'Accept': 'application/json', 'X-Auth-Token': '&lt;omitted&gt;'}
        Body: None
    Response - Headers: {'status': '200', 'content-length': '239', 'content-location': 'http://10.4.1.3:9696/v2.0/routers/c376c81b-88c0-478d-b8d9-acbe187de36b', 'connection': 'close', 'date': 'Tue, 16 Feb 2016 12:52:11 GMT', 'content-type': 'application/json; charset=UTF-8', 'x-openstack-request-id': 'req-a7dd1225-29b9-4982-a571-1231606bfc43'}
        Body: {"router": {"status": "ACTIVE", "external_gateway_info": null, "name": "tempest-router-smoke-1574798073", "admin_state_up": true, "tenant_id": "105df3d9143741e19966eaca95f95438", "routes": [], "id": "c376c81b-88c0-478d-b8d9-acbe187de36b"}}
2016-02-16 12:52:12,343 23194 INFO     [tempest_lib.common.rest_client] Request (TestNetworkBasicOps:test_update_instance_port_admin_state): 200 PUT http://10.4.1.3:9696/v2.0/routers/c376c81b-88c0-478d-b8d9-acbe187de36b 0.541s
2016-02-16 12:52:12,344 23194 DEBUG    [tempest_lib.common.rest_client] Request - Headers: {'Content-Type': 'application/json', 'Accept': 'application/json', 'X-Auth-Token': '&lt;omitted&gt;'}
        Body: {"router": {"external_gateway_info": {"network_id": "e04f0d3b-9328-48f3-9219-33ba452052ab"}, "name": "tempest-router-smoke-1574798073", "admin_state_up": true}}
    Response - Headers: {'status': '200', 'content-length': '503', 'connection': 'close', 'date': 'Tue, 16 Feb 2016 12:52:12 GMT', 'content-type': 'application/json; charset=UTF-8', 'x-openstack-request-id': 'req-56dab2e0-6084-4e83-a4cb-dffa4ae21fcf'}
        Body: {"router": {"status": "ACTIVE", "external_gateway_info": {"network_id": "e04f0d3b-9328-48f3-9219-33ba452052ab", "enable_snat": true, "external_fixed_ips": [{"subnet_id": "6eaeb6e0-734f-4eb4-902f-ae5e069dce06", "ip_address": "172.24.4.17"}, {"subnet_id": "a4222027-595b-4271-8008-13a806862a52", "ip_address": "2001:db8::12"}]}, "name": "tempest-router-smoke-1574798073", "admin_state_up": true, "tenant_id": "105df3d9143741e19966eaca95f95438", "routes": [], "id": "c376c81b-88c0-478d-b8d9-acbe187de36b"}}
2016-02-16 12:52:12,376 23194 INFO     [tempest_lib.common.rest_client] Request (TestNetworkBasicOps:test_update_instance_port_admin_state): 200 GET http://10.4.1.3:9696/v2.0/subnets?tenant_id=105df3d9143741e19966eaca95f95438&amp;cidr=10.100.0.0%2F28 0.031s
2016-02-16 12:52:12,376 23194 DEBUG    [tempest_lib.common.rest_client] Request - Headers: {'Content-Type': 'application/json', 'Accept': 'application/json', 'X-Auth-Token': '&lt;omitted&gt;'}
        Body: None
    Response - Headers: {'status': '200', 'content-length': '15', 'content-location': 'http://10.4.1.3:9696/v2.0/subnets?tenant_id=105df3d9143741e19966eaca95f95438&amp;cidr=10.100.0.0%2F28', 'connection': 'close', 'date': 'Tue, 16 Feb 2016 12:52:12 GMT', 'content-type': 'application/json; charset=UTF-8', 'x-openstack-request-id': 'req-f95a035e-6ad7-4e08-b4d5-832199a7110e'}
        Body: {"subnets": []}
2016-02-16 12:52:12,708 23194 INFO     [tempest_lib.common.rest_client] Request (TestNetworkBasicOps:test_update_instance_port_admin_state): 201 POST http://10.4.1.3:9696/v2.0/subnets 0.331s
2016-02-16 12:52:12,709 23194 DEBUG    [tempest_lib.common.rest_client] Request - Headers: {'Content-Type': 'application/json', 'Accept': 'application/json', 'X-Auth-Token': '&lt;omitted&gt;'}
        Body: {"subnet": {"ip_version": 4, "tenant_id": "105df3d9143741e19966eaca95f95438", "cidr": "10.100.0.0/28", "network_id": "0d06b620-775b-4bc4-b808-094e61652402", "name": "tempest-subnet-smoke-598848816"}}
    Response - Headers: {'status': '201', 'content-length': '477', 'connection': 'close', 'date': 'Tue, 16 Feb 2016 12:52:12 GMT', 'content-type': 'application/json; charset=UTF-8', 'x-openstack-request-id': 'req-e3f67818-7dec-4851-bf27-935ed1ffd0ab'}
        Body: {"subnet": {"name": "tempest-subnet-smoke-598848816", "enable_dhcp": true, "network_id": "0d06b620-775b-4bc4-b808-094e61652402", "tenant_id": "105df3d9143741e19966eaca95f95438", "dns_nameservers": [], "gateway_ip": "10.100.0.1", "ipv6_ra_mode": null, "allocation_pools": [{"start": "10.100.0.2", "end": "10.100.0.14"}], "host_routes": [], "ip_version": 4, "ipv6_address_mode": null, "cidr": "10.100.0.0/28", "id": "5f41e5e2-70ca-4886-9754-7500cf17e016", "subnetpool_id": null}}
2016-02-16 12:52:13,114 23194 INFO     [tempest_lib.common.rest_client] Request (TestNetworkBasicOps:test_update_instance_port_admin_state): 200 PUT http://10.4.1.3:9696/v2.0/routers/c376c81b-88c0-478d-b8d9-acbe187de36b/add_router_interface 0.403s
2016-02-16 12:52:13,115 23194 DEBUG    [tempest_lib.common.rest_client] Request - Headers: {'Content-Type': 'application/json', 'Accept': 'application/json', 'X-Auth-Token': '&lt;omitted&gt;'}
        Body: {"subnet_id": "5f41e5e2-70ca-4886-9754-7500cf17e016"}
    Response - Headers: {'status': '200', 'content-length': '255', 'connection': 'close', 'date': 'Tue, 16 Feb 2016 12:52:13 GMT', 'content-type': 'application/json; charset=UTF-8', 'x-openstack-request-id': 'req-ec3eba81-56c8-41dd-afaa-1768dcbf70fe'}
        Body: {"subnet_id": "5f41e5e2-70ca-4886-9754-7500cf17e016", "tenant_id": "105df3d9143741e19966eaca95f95438", "subnet_ids": ["5f41e5e2-70ca-4886-9754-7500cf17e016"], "port_id": "4930a703-3f91-43e4-b832-5b9cb097c8c6", "id": "c376c81b-88c0-478d-b8d9-acbe187de36b"}
2016-02-16 12:52:13,154 23194 INFO     [tempest_lib.common.rest_client] Request (TestNetworkBasicOps:test_update_instance_port_admin_state): 200 GET http://10.4.1.3:9696/v2.0/networks 0.039s
2016-02-16 12:52:13,154 23194 DEBUG    [tempest_lib.common.rest_client] Request - Headers: {'Content-Type': 'application/json', 'Accept': 'application/json', 'X-Auth-Token': '&lt;omitted&gt;'}
        Body: None
    Response - Headers: {'status': '200', 'content-length': '1327', 'content-location': 'http://10.4.1.3:9696/v2.0/networks', 'connection': 'close', 'date': 'Tue, 16 Feb 2016 12:52:13 GMT', 'content-type': 'application/json; charset=UTF-8', 'x-openstack-request-id': 'req-09ea3829-1fd0-4135-b4d0-a7f56f0e366a'}
        Body: {"networks": [{"status": "ACTIVE", "subnets": ["6eaeb6e0-734f-4eb4-902f-ae5e069dce06", "a4222027-595b-4271-8008-13a806862a52"], "name": "public", "provider:physical_network": null, "admin_state_up": true, "tenant_id": "19c2b85e7d7344dbb5cbd88628afac69", "mtu": 1450, "router:external": true, "shared": false, "port_security_enabled": true, "provider:network_type": "vxlan", "id": "e04f0d3b-9328-48f3-9219-33ba452052ab", "provider:segmentation_id": 1078}, {"status": "ACTIVE", "subnets": ["5f41e5e2-70ca-4886-9754-7500cf17e016"], "name": "tempest-network-smoke--1879173011", "provider:physical_network": null, "admin_state_up": true, "tenant_id": "105df3d9143741e19966eaca95f95438", "mtu": 1450, "router:external": false, "shared": false, "port_security_enabled": true, "provider:network_type": "vxlan", "id": "0d06b620-775b-4bc4-b808-094e61652402", "provider:segmentation_id": 1054}, {"status": "ACTIVE", "subnets": ["430cda0b-8b29-404d-9e13-bfd9cb70ce1b", "a6fcb2ee-a26d-4530-81b9-cf0b207770e8"], "name": "private", "provider:physical_network": null, "admin_state_up": true, "tenant_id": "e65f6881eefc40a0adfdc480f2ac7271", "mtu": 1450, "router:external": false, "shared": false, "port_security_enabled": true, "provider:network_type": "vxlan", "id": "aea4533d-5a25-4163-ab12-c809e59139c3", "provider:segmentation_id": 1095}]}
2016-02-16 12:52:13,194 23194 INFO     [tempest_lib.common.rest_client] Request (TestNetworkBasicOps:test_update_instance_port_admin_state): 200 GET http://10.4.1.3:9696/v2.0/subnets 0.039s
2016-02-16 12:52:13,195 23194 DEBUG    [tempest_lib.common.rest_client] Request - Headers: {'Content-Type': 'application/json', 'Accept': 'application/json', 'X-Auth-Token': '&lt;omitted&gt;'}
        Body: None
    Response - Headers: {'status': '200', 'content-length': '2399', 'content-location': 'http://10.4.1.3:9696/v2.0/subnets', 'connection': 'close', 'date': 'Tue, 16 Feb 2016 12:52:13 GMT', 'content-type': 'application/json; charset=UTF-8', 'x-openstack-request-id': 'req-37441ed6-871f-48cc-b8e3-d6d7346cc22f'}
        Body: {"subnets": [{"name": "tempest-subnet-smoke-598848816", "enable_dhcp": true, "network_id": "0d06b620-775b-4bc4-b808-094e61652402", "tenant_id": "105df3d9143741e19966eaca95f95438", "dns_nameservers": [], "gateway_ip": "10.100.0.1", "ipv6_ra_mode": null, "allocation_pools": [{"start": "10.100.0.2", "end": "10.100.0.14"}], "host_routes": [], "ip_version": 4, "ipv6_address_mode": null, "cidr": "10.100.0.0/28", "id": "5f41e5e2-70ca-4886-9754-7500cf17e016", "subnetpool_id": null}, {"name": "private-subnet", "enable_dhcp": true, "network_id": "aea4533d-5a25-4163-ab12-c809e59139c3", "tenant_id": "e65f6881eefc40a0adfdc480f2ac7271", "dns_nameservers": [], "gateway_ip": "10.0.0.1", "ipv6_ra_mode": null, "allocation_pools": [{"start": "10.0.0.2", "end": "10.0.0.254"}], "host_routes": [], "ip_version": 4, "ipv6_address_mode": null, "cidr": "10.0.0.0/24", "id": "a6fcb2ee-a26d-4530-81b9-cf0b207770e8", "subnetpool_id": null}, {"name": "public-subnet", "enable_dhcp": false, "network_id": "e04f0d3b-9328-48f3-9219-33ba452052ab", "tenant_id": "19c2b85e7d7344dbb5cbd88628afac69", "dns_nameservers": [], "gateway_ip": "172.24.4.1", "ipv6_ra_mode": null, "allocation_pools": [{"start": "172.24.4.2", "end": "172.24.4.254"}], "host_routes": [], "ip_version": 4, "ipv6_address_mode": null, "cidr": "172.24.4.0/24", "id": "6eaeb6e0-734f-4eb4-902f-ae5e069dce06", "subnetpool_id": null}, {"name": "ipv6-public-subnet", "enable_dhcp": false, "network_id": "e04f0d3b-9328-48f3-9219-33ba452052ab", "tenant_id": "19c2b85e7d7344dbb5cbd88628afac69", "dns_nameservers": [], "gateway_ip": "2001:db8::2", "ipv6_ra_mode": null, "allocation_pools": [{"start": "2001:db8::3", "end": "2001:db8::ffff:ffff:ffff:ffff"}, {"start": "2001:db8::1", "end": "2001:db8::1"}], "host_routes": [], "ip_version": 6, "ipv6_address_mode": null, "cidr": "2001:db8::/64", "id": "a4222027-595b-4271-8008-13a806862a52", "subnetpool_id": null}, {"name": "ipv6-private-subnet", "enable_dhcp": true, "network_id": "aea4533d-5a25-4163-ab12-c809e59139c3", "tenant_id": "e65f6881eefc40a0adfdc480f2ac7271", "dns_nameservers": [], "gateway_ip": "fde6:2bf5:92::1", "ipv6_ra_mode": "slaac", "allocation_pools": [{"start": "fde6:2bf5:92::2", "end": "fde6:2bf5:92:0:ffff:ffff:ffff:ffff"}], "host_routes": [], "ip_version": 6, "ipv6_address_mode": "slaac", "cidr": "fde6:2bf5:92::/64", "id": "430cda0b-8b29-404d-9e13-bfd9cb70ce1b", "subnetpool_id": null}]}
2016-02-16 12:52:13,240 23194 INFO     [tempest_lib.common.rest_client] Request (TestNetworkBasicOps:test_update_instance_port_admin_state): 200 GET http://10.4.1.3:9696/v2.0/routers 0.044s
2016-02-16 12:52:13,240 23194 DEBUG    [tempest_lib.common.rest_client] Request - Headers: {'Content-Type': 'application/json', 'Accept': 'application/json', 'X-Auth-Token': '&lt;omitted&gt;'}
        Body: None
    Response - Headers: {'status': '200', 'content-length': '1043', 'content-location': 'http://10.4.1.3:9696/v2.0/routers', 'connection': 'close', 'date': 'Tue, 16 Feb 2016 12:52:13 GMT', 'content-type': 'application/json; charset=UTF-8', 'x-openstack-request-id': 'req-f15d505a-0cd1-482a-beae-5013bbeb5a44'}
        Body: {"routers": [{"status": "ACTIVE", "external_gateway_info": {"network_id": "e04f0d3b-9328-48f3-9219-33ba452052ab", "enable_snat": true, "external_fixed_ips": [{"subnet_id": "6eaeb6e0-734f-4eb4-902f-ae5e069dce06", "ip_address": "172.24.4.17"}, {"subnet_id": "a4222027-595b-4271-8008-13a806862a52", "ip_address": "2001:db8::12"}]}, "name": "tempest-router-smoke-1574798073", "admin_state_up": true, "tenant_id": "105df3d9143741e19966eaca95f95438", "distributed": false, "routes": [], "ha": false, "id": "c376c81b-88c0-478d-b8d9-acbe187de36b"}, {"status": "ACTIVE", "external_gateway_info": {"network_id": "e04f0d3b-9328-48f3-9219-33ba452052ab", "enable_snat": true, "external_fixed_ips": [{"subnet_id": "6eaeb6e0-734f-4eb4-902f-ae5e069dce06", "ip_address": "172.24.4.2"}, {"subnet_id": "a4222027-595b-4271-8008-13a806862a52", "ip_address": "2001:db8::3"}]}, "name": "router1", "admin_state_up": true, "tenant_id": "e65f6881eefc40a0adfdc480f2ac7271", "distributed": false, "routes": [], "ha": false, "id": "dd0372ad-7e52-4aa3-9d92-ceb4ce73c145"}]}
2016-02-16 12:52:13,392 23194 INFO     [tempest_lib.common.rest_client] Request (TestNetworkBasicOps:test_update_instance_port_admin_state): 200 POST http://10.4.1.3:8774/v2.1/105df3d9143741e19966eaca95f95438/os-keypairs 0.150s
2016-02-16 12:52:13,392 23194 DEBUG    [tempest_lib.common.rest_client] Request - Headers: {'Content-Type': 'application/json', 'Accept': 'application/json', 'X-Auth-Token': '&lt;omitted&gt;'}
        Body: {"keypair": {"name": "tempest-TestNetworkBasicOps-1645426480"}}
    Response - Headers: {'status': '200', 'content-length': '2321', 'x-compute-request-id': 'req-b7400129-59cc-495c-85d0-19d29a4c74b1', 'vary': 'X-OpenStack-Nova-API-Version', 'connection': 'close', 'x-openstack-nova-api-version': '2.1', 'date': 'Tue, 16 Feb 2016 12:52:13 GMT', 'content-type': 'application/json'}
        Body: {"keypair": {"public_key": "ssh-rsa AAAAB3NzaC1yc2EAAAADAQABAAABAQCVRTEDP0bb4p8XbAUVtxc2y8gZrImeK/j+wQZ01zJGb1mGqjyATsSGNCNncM5KhJwf0GWEWYmdFUHqu++xwwfxwvJ1svOccSWgCOpXFqoOf8qfJts5qfhRGpNdSqVJv2cI9qJ2UMA4E46adhpAWXdb2KTBYiXWALl4+R1jK40+t4iHn88nqUsJZw0o/jZ8874N0oFBXZbt/gyq0zRi4QQYW8xR8VQJskl+WFHU4TeHCAKfbdslCK77RINQahmjkh+qtfEwZiyt6Y9siDct9h1Cv7XiVQqm8VsbaNwuJaCGuMMHYwa4Oq3Y3XQLB/ZFHAOpgZLYyZ7HN2WV89CR1yxf Generated-by-Nova", "private_key": "-----BEGIN RSA PRIVATE KEY-----\nMIIEqAIBAAKCAQEAlUUxAz9G2+KfF2wFFbcXNsvIGayJniv4/sEGdNcyRm9Zhqo8\ngE7EhjQjZ3DOSoScH9BlhFmJnRVB6rvvscMH8cLydbLznHEloAjqVxaqDn/Knybb\nOan4URqTXUqlSb9nCPaidlDAOBOOmnYaQFl3W9ikwWIl1gC5ePkdYyuNPreIh5/P\nJ6lLCWcNKP42fPO+DdKBQV2W7f4MqtM0YuEEGFvMUfFUCbJJflhR1OE3hwgCn23b\nJQiu+0SDUGoZo5IfqrXxMGYsremPbIg3LfYdQr+14lUKpvFbG2jcLiWghrjDB2MG\nuDqt2N10Cwf2RRwDqYGS2MmexzdllfPQkdcsXwIDAQABAoIBAHoSEooARldt1gLW\ngLYIfACA2Ew+sHBcr4zOmBQXJHM7fnBFaaLYR5kkrEtckieYmQDfcRWyD3sZtkVb\nmiK6RxXsAlJEnTqzwTxF7jZ4P2wKD87lfOSEXqEc5aSmddOApqdK4wN0+C0juTwS\nF1fGknjXC61mMWD4SLVorCK8rA670z3VVN704JMahMQZP+xnpD+NnrhWCDyQc1Cr\nw1Mzy/e8y/9EG/wRO2kEYIfH/9o0fX1M3sJSwLUts+ObFPW+TbPE3J7IQitmN4rQ\nmE66KcCA0dBIz7AgLLJ+zkxLTe9U1Ld4NPBz3M+FpeuiYc07TLXVdS6XmCyxE0L5\ncZifHAkCggCBAMMVzo6fQPBFoJ2jRJ0y4tpZP9FI1OGswV1CcGRjzk/VhtQL/RIW\n7nRuOiQoUXbnqUNwZHS5RqpJ9R4wgsVuPOp7zg7ptyDobbCdJ3ZR/X1uVpNW5NGM\nsuCKnmv7YfWPqHYJBi9QctNFDhxxbsL6NR7UUV4Pl2TunwJ/juI0jt+rAoIAgQDD\n4SgIvIVq22n2QvQMrHXkP7vsExaPSbAzxAsJ0R39h/C8vOPc/W9NzIt6WfyMzPS8\nuFPrQtRvxiOG10auSR7y2I/ZlZ8yk+9Jac265/e5W3cfvYb4HOVNGCHhChWPmhWM\nyvF8dhK3NblG8Vjmo96nkpth95s69Sht66U5yTmCHQKCAIAzgxmUrVZ/W1NK7Kac\nf6hJEZH5WCrmIDC6yGVXDMeYawB8E2JSmX2DfuuZSpAgPpGCPjY4YAfZxUeVHigZ\nq78oB2Lkqy/w346/OPAHnSS7LxxrMWGgN2+wPMoSJ0G5jqJj8IQSkEKRqMVOG2Gs\n2FaYemW12ZYXT67rAPWgo1IqmwKCAIEAhEGQYGW5x66iWw5V7gC8EQMfhYRV5SWh\n/THPKi+yCi8xUp5PVDUiY+tJ+bCsnvz7+jiTIPQcr+OetTrBlIf2h43FgupNdT8B\ngBYaPKrHTrX9NscnTHtmL6mtpl7CtBUbm9ajOqAWfvGdSdNHbWMTwR1yILGodCR3\nydAj3WKKm9kCggCAIyK+vsMSbW8y1yweQ9cOiL63jf+00gUGf/0lf4qQdrUzuBBa\nxb4uOb0+2gxCWXqVJf7jq8dkNlRVGHb34AA9IBRmOWGbL/CyR/fGQCVha7Up6VNp\n02MPjH6rU43GXYGuCRjzdENlr6sBggNjDkkANJJZztlnSF57ntI7Ql4FKBc=\n-----END RSA PRIVATE KEY-----\n", "user_id": "a79d3cff6da042fba5c97c717decdf6f", "name": "tempest-TestNetworkBasicOps-1645426480", "fingerprint": "2a:9e:57:5a:2b:a9:d4:e0:8a:cb:86:37:ca:ce:75:74"}}
2016-02-16 12:52:13,483 23194 INFO     [tempest_lib.common.rest_client] Request (TestNetworkBasicOps:test_update_instance_port_admin_state): 200 POST http://10.4.1.3:5000/v2.0/tokens
2016-02-16 12:52:13,483 23194 DEBUG    [tempest_lib.common.rest_client] Request - Headers: {'Content-Type': 'application/json', 'Accept': 'application/json'}
        Body: &lt;omitted&gt;
    Response - Headers: {'status': '200', 'content-length': '2512', 'vary': 'X-Auth-Token', 'server': 'Apache/2.4.7 (Ubuntu)', 'connection': 'close', 'date': 'Tue, 16 Feb 2016 12:52:13 GMT', 'content-type': 'application/json', 'x-openstack-request-id': 'req-bc1a9848-e382-4c53-90c1-5bec98007174'}
        Body: {"access": {"token": {"issued_at": "2016-02-16T12:52:13.469977", "expires": "2016-02-16T13:52:13Z", "id": "e5c934c80eb2492c86689eb72e6945c3", "tenant": {"description": "tempest-TestNetworkBasicOps-1592424958-desc", "enabled": true, "id": "105df3d9143741e19966eaca95f95438", "name": "tempest-TestNetworkBasicOps-1592424958"}, "audit_ids": ["quh3ZV2fSgyBoEPXmbDiBw"]}, "serviceCatalog": [{"endpoints": [{"adminURL": "http://10.4.1.3:8774/v2.1/105df3d9143741e19966eaca95f95438", "region": "RegionOne", "internalURL": "http://10.4.1.3:8774/v2.1/105df3d9143741e19966eaca95f95438", "id": "d5232083dc644dd793ae2f7b1a9f502f", "publicURL": "http://10.4.1.3:8774/v2.1/105df3d9143741e19966eaca95f95438"}], "endpoints_links": [], "type": "compute", "name": "nova"}, {"endpoints": [{"adminURL": "http://10.4.1.3:9696/", "region": "RegionOne", "internalURL": "http://10.4.1.3:9696/", "id": "1fa3052cc0e7410e834b73788382fa2d", "publicURL": "http://10.4.1.3:9696/"}], "endpoints_links": [], "type": "network", "name": "neutron"}, {"endpoints": [{"adminURL": "http://10.4.1.3:9292", "region": "RegionOne", "internalURL": "http://10.4.1.3:9292", "id": "167224cf9c2a4b1a80a3fca36d7246c2", "publicURL": "http://10.4.1.3:9292"}], "endpoints_links": [], "type": "image", "name": "glance"}, {"endpoints": [{"adminURL": "http://10.4.1.3:8774/v2/105df3d9143741e19966eaca95f95438", "region": "RegionOne", "internalURL": "http://10.4.1.3:8774/v2/105df3d9143741e19966eaca95f95438", "id": "21d5f849fbda4d4a9f6e8367e3babcc6", "publicURL": "http://10.4.1.3:8774/v2/105df3d9143741e19966eaca95f95438"}], "endpoints_links": [], "type": "compute_legacy", "name": "nova_legacy"}, {"endpoints": [{"adminURL": "http://10.4.1.3:8773/", "region": "RegionOne", "internalURL": "http://10.4.1.3:8773/", "id": "21aa8170a1db40fca4ad75319ce327e7", "publicURL": "http://10.4.1.3:8773/"}], "endpoints_links": [], "type": "ec2", "name": "ec2"}, {"endpoints": [{"adminURL": "http://10.4.1.3:35357/v2.0", "region": "RegionOne", "internalURL": "http://10.4.1.3:5000/v2.0", "id": "3397dc814b904efc823e47a22506059e", "publicURL": "http://10.4.1.3:5000/v2.0"}], "endpoints_links": [], "type": "identity", "name": "keystone"}], "user": {"username": "tempest-TestNetworkBasicOps-1750779474", "roles_links": [], "id": "a79d3cff6da042fba5c97c717decdf6f", "roles": [{"name": "Member"}, {"name": "_member_"}], "name": "tempest-TestNetworkBasicOps-1750779474"}, "metadata": {"is_admin": 0, "roles": ["29e8c9eaf432471481aa927171f4fe4e", "9fe2ff9ee4384b1894a90878d3e92bab"]}}}
2016-02-16 12:52:13,489 23194 DEBUG    [tempest.common.fixed_network] (TestNetworkBasicOps:test_update_instance_port_admin_state) No valid network provided or created, defaulting to fixed_network_name
2016-02-16 12:52:13,704 23194 INFO     [tempest_lib.common.rest_client] Request (TestNetworkBasicOps:test_update_instance_port_admin_state): 200 GET http://10.4.1.3:8774/v2.1/105df3d9143741e19966eaca95f95438/os-networks 0.214s
2016-02-16 12:52:13,705 23194 DEBUG    [tempest_lib.common.rest_client] Request - Headers: {'Content-Type': 'application/json', 'Accept': 'application/json', 'X-Auth-Token': '&lt;omitted&gt;'}
        Body: None
    Response - Headers: {'status': '200', 'content-length': '479', 'content-location': 'http://10.4.1.3:8774/v2.1/105df3d9143741e19966eaca95f95438/os-networks', 'x-compute-request-id': 'req-fc250937-d809-426c-87d2-9fb2a85b18b2', 'vary': 'X-OpenStack-Nova-API-Version', 'connection': 'close', 'x-openstack-nova-api-version': '2.1', 'date': 'Tue, 16 Feb 2016 12:52:13 GMT', 'content-type': 'application/json'}
        Body: {"networks": [{"cidr_v6": null, "dns2": null, "dns1": null, "gateway": null, "broadcast": null, "netmask": null, "gateway_v6": null, "cidr": null, "label": "public", "id": "e04f0d3b-9328-48f3-9219-33ba452052ab", "netmask_v6": null}, {"cidr_v6": null, "dns2": null, "dns1": null, "gateway": null, "broadcast": null, "netmask": null, "gateway_v6": null, "cidr": null, "label": "tempest-network-smoke--1879173011", "id": "0d06b620-775b-4bc4-b808-094e61652402", "netmask_v6": null}]}
2016-02-16 12:52:13,705 23194 WARNING  [tempest.common.fixed_network] (TestNetworkBasicOps:test_update_instance_port_admin_state) Network with name: private not found
2016-02-16 12:52:13,706 23194 INFO     [tempest.common.fixed_network] (TestNetworkBasicOps:test_update_instance_port_admin_state) Found network {} available for tenant
2016-02-16 12:52:14,254 23194 INFO     [tempest_lib.common.rest_client] Request (TestNetworkBasicOps:test_update_instance_port_admin_state): 202 POST http://10.4.1.3:8774/v2.1/105df3d9143741e19966eaca95f95438/servers 0.547s
2016-02-16 12:52:14,254 23194 DEBUG    [tempest_lib.common.rest_client] Request - Headers: {'Content-Type': 'application/json', 'Accept': 'application/json', 'X-Auth-Token': '&lt;omitted&gt;'}
        Body: {"server": {"name": "tempest-server-smoke-1558892650", "imageRef": "f525272b-50f4-4727-83e3-f27738ba8886", "key_name": "tempest-TestNetworkBasicOps-1645426480", "flavorRef": "42", "networks": [{"uuid": "0d06b620-775b-4bc4-b808-094e61652402"}], "security_groups": [{"name": "tempest-secgroup-smoke-1271843087"}]}}
    Response - Headers: {'status': '202', 'content-length': '460', 'x-compute-request-id': 'req-aab28dd3-441d-4a45-a404-7872eb67124a', 'vary': 'X-OpenStack-Nova-API-Version', 'connection': 'close', 'location': 'http://10.4.1.3:8774/v2.1/105df3d9143741e19966eaca95f95438/servers/b09993d9-be9b-4616-99aa-52e5974b68a9', 'x-openstack-nova-api-version': '2.1', 'date': 'Tue, 16 Feb 2016 12:52:14 GMT', 'content-type': 'application/json'}
        Body: {"server": {"security_groups": [{"name": "tempest-secgroup-smoke-1271843087"}], "OS-DCF:diskConfig": "MANUAL", "id": "b09993d9-be9b-4616-99aa-52e5974b68a9", "links": [{"href": "http://10.4.1.3:8774/v2.1/105df3d9143741e19966eaca95f95438/servers/b09993d9-be9b-4616-99aa-52e5974b68a9", "rel": "self"}, {"href": "http://10.4.1.3:8774/105df3d9143741e19966eaca95f95438/servers/b09993d9-be9b-4616-99aa-52e5974b68a9", "rel": "bookmark"}], "adminPass": "3vgbwSU9fPYm"}}
2016-02-16 12:52:14,382 23194 INFO     [tempest_lib.common.rest_client] Request (TestNetworkBasicOps:test_update_instance_port_admin_state): 200 GET http://10.4.1.3:8774/v2.1/105df3d9143741e19966eaca95f95438/servers/b09993d9-be9b-4616-99aa-52e5974b68a9 0.125s
2016-02-16 12:52:14,383 23194 DEBUG    [tempest_lib.common.rest_client] Request - Headers: {'Content-Type': 'application/json', 'Accept': 'application/json', 'X-Auth-Token': '&lt;omitted&gt;'}
        Body: None
    Response - Headers: {'status': '200', 'content-length': '1341', 'content-location': 'http://10.4.1.3:8774/v2.1/105df3d9143741e19966eaca95f95438/servers/b09993d9-be9b-4616-99aa-52e5974b68a9', 'x-compute-request-id': 'req-db704f47-0ead-4ccc-80f2-f751d2b9f4f9', 'vary': 'X-OpenStack-Nova-API-Version', 'connection': 'close', 'x-openstack-nova-api-version': '2.1', 'date': 'Tue, 16 Feb 2016 12:52:14 GMT', 'content-type': 'application/json'}
        Body: {"server": {"status": "BUILD", "updated": "2016-02-16T12:52:14Z", "hostId": "", "addresses": {}, "links": [{"href": "http://10.4.1.3:8774/v2.1/105df3d9143741e19966eaca95f95438/servers/b09993d9-be9b-4616-99aa-52e5974b68a9", "rel": "self"}, {"href": "http://10.4.1.3:8774/105df3d9143741e19966eaca95f95438/servers/b09993d9-be9b-4616-99aa-52e5974b68a9", "rel": "bookmark"}], "key_name": "tempest-TestNetworkBasicOps-1645426480", "image": {"id": "f525272b-50f4-4727-83e3-f27738ba8886", "links": [{"href": "http://10.4.1.3:8774/105df3d9143741e19966eaca95f95438/images/f525272b-50f4-4727-83e3-f27738ba8886", "rel": "bookmark"}]}, "OS-EXT-STS:task_state": "scheduling", "OS-EXT-STS:vm_state": "building", "OS-SRV-USG:launched_at": null, "flavor": {"id": "42", "links": [{"href": "http://10.4.1.3:8774/105df3d9143741e19966eaca95f95438/flavors/42", "rel": "bookmark"}]}, "id": "b09993d9-be9b-4616-99aa-52e5974b68a9", "OS-SRV-USG:terminated_at": null, "OS-EXT-AZ:availability_zone": "", "user_id": "a79d3cff6da042fba5c97c717decdf6f", "name": "tempest-server-smoke-1558892650", "created": "2016-02-16T12:52:14Z", "tenant_id": "105df3d9143741e19966eaca95f95438", "OS-DCF:diskConfig": "MANUAL", "os-extended-volumes:volumes_attached": [], "accessIPv4": "", "accessIPv6": "", "progress": 0, "OS-EXT-STS:power_state": 0, "config_drive": "", "metadata": {}}}
2016-02-16 12:52:15,582 23194 INFO     [tempest_lib.common.rest_client] Request (TestNetworkBasicOps:test_update_instance_port_admin_state): 200 GET http://10.4.1.3:8774/v2.1/105df3d9143741e19966eaca95f95438/servers/b09993d9-be9b-4616-99aa-52e5974b68a9 0.189s
2016-02-16 12:52:15,582 23194 DEBUG    [tempest_lib.common.rest_client] Request - Headers: {'Content-Type': 'application/json', 'Accept': 'application/json', 'X-Auth-Token': '&lt;omitted&gt;'}
        Body: None
    Response - Headers: {'status': '200', 'content-length': '1467', 'content-location': 'http://10.4.1.3:8774/v2.1/105df3d9143741e19966eaca95f95438/servers/b09993d9-be9b-4616-99aa-52e5974b68a9', 'x-compute-request-id': 'req-16866960-725f-422b-b65b-fa7d6ba2801b', 'vary': 'X-OpenStack-Nova-API-Version', 'connection': 'close', 'x-openstack-nova-api-version': '2.1', 'date': 'Tue, 16 Feb 2016 12:52:15 GMT', 'content-type': 'application/json'}
        Body: {"server": {"status": "BUILD", "updated": "2016-02-16T12:52:15Z", "hostId": "d5af67b33ce63a2bca0838262a7f377bb1ca1bf6af74249066edfe72", "addresses": {}, "links": [{"href": "http://10.4.1.3:8774/v2.1/105df3d9143741e19966eaca95f95438/servers/b09993d9-be9b-4616-99aa-52e5974b68a9", "rel": "self"}, {"href": "http://10.4.1.3:8774/105df3d9143741e19966eaca95f95438/servers/b09993d9-be9b-4616-99aa-52e5974b68a9", "rel": "bookmark"}], "key_name": "tempest-TestNetworkBasicOps-1645426480", "image": {"id": "f525272b-50f4-4727-83e3-f27738ba8886", "links": [{"href": "http://10.4.1.3:8774/105df3d9143741e19966eaca95f95438/images/f525272b-50f4-4727-83e3-f27738ba8886", "rel": "bookmark"}]}, "OS-EXT-STS:task_state": "spawning", "OS-EXT-STS:vm_state": "building", "OS-SRV-USG:launched_at": null, "flavor": {"id": "42", "links": [{"href": "http://10.4.1.3:8774/105df3d9143741e19966eaca95f95438/flavors/42", "rel": "bookmark"}]}, "id": "b09993d9-be9b-4616-99aa-52e5974b68a9", "security_groups": [{"name": "tempest-secgroup-smoke-1271843087"}], "OS-SRV-USG:terminated_at": null, "OS-EXT-AZ:availability_zone": "nova", "user_id": "a79d3cff6da042fba5c97c717decdf6f", "name": "tempest-server-smoke-1558892650", "created": "2016-02-16T12:52:14Z", "tenant_id": "105df3d9143741e19966eaca95f95438", "OS-DCF:diskConfig": "MANUAL", "os-extended-volumes:volumes_attached": [], "accessIPv4": "", "accessIPv6": "", "progress": 0, "OS-EXT-STS:power_state": 0, "config_drive": "", "metadata": {}}}
2016-02-16 12:52:15,591 23194 INFO     [tempest.common.waiters] State transition "BUILD/scheduling" ==&gt; "BUILD/spawning" after 1 second wait
2016-02-16 12:52:16,794 23194 INFO     [tempest_lib.common.rest_client] Request (TestNetworkBasicOps:test_update_instance_port_admin_state): 200 GET http://10.4.1.3:8774/v2.1/105df3d9143741e19966eaca95f95438/servers/b09993d9-be9b-4616-99aa-52e5974b68a9 0.200s
2016-02-16 12:52:16,794 23194 DEBUG    [tempest_lib.common.rest_client] Request - Headers: {'Content-Type': 'application/json', 'Accept': 'application/json', 'X-Auth-Token': '&lt;omitted&gt;'}
        Body: None
    Response - Headers: {'status': '200', 'content-length': '1467', 'content-location': 'http://10.4.1.3:8774/v2.1/105df3d9143741e19966eaca95f95438/servers/b09993d9-be9b-4616-99aa-52e5974b68a9', 'x-compute-request-id': 'req-10111ee8-44c5-44cc-be55-11673f065227', 'vary': 'X-OpenStack-Nova-API-Version', 'connection': 'close', 'x-openstack-nova-api-version': '2.1', 'date': 'Tue, 16 Feb 2016 12:52:16 GMT', 'content-type': 'application/json'}
        Body: {"server": {"status": "BUILD", "updated": "2016-02-16T12:52:15Z", "hostId": "d5af67b33ce63a2bca0838262a7f377bb1ca1bf6af74249066edfe72", "addresses": {}, "links": [{"href": "http://10.4.1.3:8774/v2.1/105df3d9143741e19966eaca95f95438/servers/b09993d9-be9b-4616-99aa-52e5974b68a9", "rel": "self"}, {"href": "http://10.4.1.3:8774/105df3d9143741e19966eaca95f95438/servers/b09993d9-be9b-4616-99aa-52e5974b68a9", "rel": "bookmark"}], "key_name": "tempest-TestNetworkBasicOps-1645426480", "image": {"id": "f525272b-50f4-4727-83e3-f27738ba8886", "links": [{"href": "http://10.4.1.3:8774/105df3d9143741e19966eaca95f95438/images/f525272b-50f4-4727-83e3-f27738ba8886", "rel": "bookmark"}]}, "OS-EXT-STS:task_state": "spawning", "OS-EXT-STS:vm_state": "building", "OS-SRV-USG:launched_at": null, "flavor": {"id": "42", "links": [{"href": "http://10.4.1.3:8774/105df3d9143741e19966eaca95f95438/flavors/42", "rel": "bookmark"}]}, "id": "b09993d9-be9b-4616-99aa-52e5974b68a9", "security_groups": [{"name": "tempest-secgroup-smoke-1271843087"}], "OS-SRV-USG:terminated_at": null, "OS-EXT-AZ:availability_zone": "nova", "user_id": "a79d3cff6da042fba5c97c717decdf6f", "name": "tempest-server-smoke-1558892650", "created": "2016-02-16T12:52:14Z", "tenant_id": "105df3d9143741e19966eaca95f95438", "OS-DCF:diskConfig": "MANUAL", "os-extended-volumes:volumes_attached": [], "accessIPv4": "", "accessIPv6": "", "progress": 0, "OS-EXT-STS:power_state": 0, "config_drive": "", "metadata": {}}}
2016-02-16 12:52:17,986 23194 INFO     [tempest_lib.common.rest_client] Request (TestNetworkBasicOps:test_update_instance_port_admin_state): 200 GET http://10.4.1.3:8774/v2.1/105df3d9143741e19966eaca95f95438/servers/b09993d9-be9b-4616-99aa-52e5974b68a9 0.181s
2016-02-16 12:52:17,987 23194 DEBUG    [tempest_lib.common.rest_client] Request - Headers: {'Content-Type': 'application/json', 'Accept': 'application/json', 'X-Auth-Token': '&lt;omitted&gt;'}
        Body: None
    Response - Headers: {'status': '200', 'content-length': '1639', 'content-location': 'http://10.4.1.3:8774/v2.1/105df3d9143741e19966eaca95f95438/servers/b09993d9-be9b-4616-99aa-52e5974b68a9', 'x-compute-request-id': 'req-da293f27-7cdb-4cb7-a259-e602890b2086', 'vary': 'X-OpenStack-Nova-API-Version', 'connection': 'close', 'x-openstack-nova-api-version': '2.1', 'date': 'Tue, 16 Feb 2016 12:52:17 GMT', 'content-type': 'application/json'}
        Body: {"server": {"status": "ACTIVE", "updated": "2016-02-16T12:52:17Z", "hostId": "d5af67b33ce63a2bca0838262a7f377bb1ca1bf6af74249066edfe72", "addresses": {"tempest-network-smoke--1879173011": [{"OS-EXT-IPS-MAC:mac_addr": "fa:16:3e:20:92:28", "version": 4, "addr": "10.100.0.3", "OS-EXT-IPS:type": "fixed"}]}, "links": [{"href": "http://10.4.1.3:8774/v2.1/105df3d9143741e19966eaca95f95438/servers/b09993d9-be9b-4616-99aa-52e5974b68a9", "rel": "self"}, {"href": "http://10.4.1.3:8774/105df3d9143741e19966eaca95f95438/servers/b09993d9-be9b-4616-99aa-52e5974b68a9", "rel": "bookmark"}], "key_name": "tempest-TestNetworkBasicOps-1645426480", "image": {"id": "f525272b-50f4-4727-83e3-f27738ba8886", "links": [{"href": "http://10.4.1.3:8774/105df3d9143741e19966eaca95f95438/images/f525272b-50f4-4727-83e3-f27738ba8886", "rel": "bookmark"}]}, "OS-EXT-STS:task_state": null, "OS-EXT-STS:vm_state": "active", "OS-SRV-USG:launched_at": "2016-02-16T12:52:16.000000", "flavor": {"id": "42", "links": [{"href": "http://10.4.1.3:8774/105df3d9143741e19966eaca95f95438/flavors/42", "rel": "bookmark"}]}, "id": "b09993d9-be9b-4616-99aa-52e5974b68a9", "security_groups": [{"name": "tempest-secgroup-smoke-1271843087"}], "OS-SRV-USG:terminated_at": null, "OS-EXT-AZ:availability_zone": "nova", "user_id": "a79d3cff6da042fba5c97c717decdf6f", "name": "tempest-server-smoke-1558892650", "created": "2016-02-16T12:52:14Z", "tenant_id": "105df3d9143741e19966eaca95f95438", "OS-DCF:diskConfig": "MANUAL", "os-extended-volumes:volumes_attached": [], "accessIPv4": "", "accessIPv6": "", "progress": 0, "OS-EXT-STS:power_state": 1, "config_drive": "True", "metadata": {}}}
2016-02-16 12:52:17,997 23194 INFO     [tempest.common.waiters] State transition "BUILD/spawning" ==&gt; "ACTIVE/None" after 3 second wait
2016-02-16 12:52:18,183 23194 INFO     [tempest_lib.common.rest_client] Request (TestNetworkBasicOps:test_update_instance_port_admin_state): 200 GET http://10.4.1.3:8774/v2.1/105df3d9143741e19966eaca95f95438/servers/b09993d9-be9b-4616-99aa-52e5974b68a9 0.185s
2016-02-16 12:52:18,183 23194 DEBUG    [tempest_lib.common.rest_client] Request - Headers: {'Content-Type': 'application/json', 'Accept': 'application/json', 'X-Auth-Token': '&lt;omitted&gt;'}
        Body: None
    Response - Headers: {'status': '200', 'content-length': '1639', 'content-location': 'http://10.4.1.3:8774/v2.1/105df3d9143741e19966eaca95f95438/servers/b09993d9-be9b-4616-99aa-52e5974b68a9', 'x-compute-request-id': 'req-18df6c2d-319e-4a64-8eec-64868d536431', 'vary': 'X-OpenStack-Nova-API-Version', 'connection': 'close', 'x-openstack-nova-api-version': '2.1', 'date': 'Tue, 16 Feb 2016 12:52:18 GMT', 'content-type': 'application/json'}
        Body: {"server": {"status": "ACTIVE", "updated": "2016-02-16T12:52:17Z", "hostId": "d5af67b33ce63a2bca0838262a7f377bb1ca1bf6af74249066edfe72", "addresses": {"tempest-network-smoke--1879173011": [{"OS-EXT-IPS-MAC:mac_addr": "fa:16:3e:20:92:28", "version": 4, "addr": "10.100.0.3", "OS-EXT-IPS:type": "fixed"}]}, "links": [{"href": "http://10.4.1.3:8774/v2.1/105df3d9143741e19966eaca95f95438/servers/b09993d9-be9b-4616-99aa-52e5974b68a9", "rel": "self"}, {"href": "http://10.4.1.3:8774/105df3d9143741e19966eaca95f95438/servers/b09993d9-be9b-4616-99aa-52e5974b68a9", "rel": "bookmark"}], "key_name": "tempest-TestNetworkBasicOps-1645426480", "image": {"id": "f525272b-50f4-4727-83e3-f27738ba8886", "links": [{"href": "http://10.4.1.3:8774/105df3d9143741e19966eaca95f95438/images/f525272b-50f4-4727-83e3-f27738ba8886", "rel": "bookmark"}]}, "OS-EXT-STS:task_state": null, "OS-EXT-STS:vm_state": "active", "OS-SRV-USG:launched_at": "2016-02-16T12:52:16.000000", "flavor": {"id": "42", "links": [{"href": "http://10.4.1.3:8774/105df3d9143741e19966eaca95f95438/flavors/42", "rel": "bookmark"}]}, "id": "b09993d9-be9b-4616-99aa-52e5974b68a9", "security_groups": [{"name": "tempest-secgroup-smoke-1271843087"}], "OS-SRV-USG:terminated_at": null, "OS-EXT-AZ:availability_zone": "nova", "user_id": "a79d3cff6da042fba5c97c717decdf6f", "name": "tempest-server-smoke-1558892650", "created": "2016-02-16T12:52:14Z", "tenant_id": "105df3d9143741e19966eaca95f95438", "OS-DCF:diskConfig": "MANUAL", "os-extended-volumes:volumes_attached": [], "accessIPv4": "", "accessIPv6": "", "progress": 0, "OS-EXT-STS:power_state": 1, "config_drive": "True", "metadata": {}}}
2016-02-16 12:52:18,192 23194 INFO     [tempest.scenario.manager] Tenant networks not configured to be reachable.
2016-02-16 12:52:18,224 23194 INFO     [tempest_lib.common.rest_client] Request (TestNetworkBasicOps:test_update_instance_port_admin_state): 200 GET http://10.4.1.3:9696/v2.0/ports?status=ACTIVE&amp;fixed_ip=None&amp;device_id=b09993d9-be9b-4616-99aa-52e5974b68a9 0.031s
2016-02-16 12:52:18,224 23194 DEBUG    [tempest_lib.common.rest_client] Request - Headers: {'Content-Type': 'application/json', 'Accept': 'application/json', 'X-Auth-Token': '&lt;omitted&gt;'}
        Body: None
    Response - Headers: {'status': '200', 'content-length': '895', 'content-location': 'http://10.4.1.3:9696/v2.0/ports?status=ACTIVE&amp;fixed_ip=None&amp;device_id=b09993d9-be9b-4616-99aa-52e5974b68a9', 'connection': 'close', 'date': 'Tue, 16 Feb 2016 12:52:18 GMT', 'content-type': 'application/json; charset=UTF-8', 'x-openstack-request-id': 'req-d5785ab0-0f2a-4298-b1e3-dc32a1a11306'}
        Body: {"ports": [{"status": "ACTIVE", "binding:host_id": "vagrant-ubuntu-trusty-64", "allowed_address_pairs": [], "extra_dhcp_opts": [], "dns_assignment": [{"hostname": "host-10-100-0-3", "ip_address": "10.100.0.3", "fqdn": "host-10-100-0-3.openstacklocal."}], "device_owner": "compute:None", "port_security_enabled": true, "binding:profile": {}, "fixed_ips": [{"subnet_id": "5f41e5e2-70ca-4886-9754-7500cf17e016", "ip_address": "10.100.0.3"}], "id": "bcf5ef7e-c044-4834-aa1f-9ea7c4fc0e5a", "security_groups": ["3ebce941-2abc-47d7-940b-27d28c0b6ff2"], "device_id": "b09993d9-be9b-4616-99aa-52e5974b68a9", "name": "", "admin_state_up": true, "network_id": "0d06b620-775b-4bc4-b808-094e61652402", "dns_name": "", "binding:vif_details": {"port_filter": true}, "binding:vnic_type": "normal", "binding:vif_type": "ovs", "tenant_id": "105df3d9143741e19966eaca95f95438", "mac_address": "fa:16:3e:20:92:28"}]}
2016-02-16 12:52:18,733 23194 INFO     [tempest_lib.common.rest_client] Request (TestNetworkBasicOps:test_update_instance_port_admin_state): 201 POST http://10.4.1.3:9696/v2.0/floatingips 0.507s
2016-02-16 12:52:18,734 23194 DEBUG    [tempest_lib.common.rest_client] Request - Headers: {'Content-Type': 'application/json', 'Accept': 'application/json', 'X-Auth-Token': '&lt;omitted&gt;'}
        Body: {"floatingip": {"floating_network_id": "e04f0d3b-9328-48f3-9219-33ba452052ab", "tenant_id": "105df3d9143741e19966eaca95f95438", "fixed_ip_address": "10.100.0.3", "port_id": "bcf5ef7e-c044-4834-aa1f-9ea7c4fc0e5a"}}
    Response - Headers: {'status': '201', 'content-length': '368', 'connection': 'close', 'date': 'Tue, 16 Feb 2016 12:52:18 GMT', 'content-type': 'application/json; charset=UTF-8', 'x-openstack-request-id': 'req-361666f5-8d91-472a-9ec3-2921895e3b1d'}
        Body: {"floatingip": {"floating_network_id": "e04f0d3b-9328-48f3-9219-33ba452052ab", "router_id": "c376c81b-88c0-478d-b8d9-acbe187de36b", "fixed_ip_address": "10.100.0.3", "floating_ip_address": "172.24.4.18", "tenant_id": "105df3d9143741e19966eaca95f95438", "status": "DOWN", "port_id": "bcf5ef7e-c044-4834-aa1f-9ea7c4fc0e5a", "id": "2ca83eeb-561a-49a3-be42-5735c720f11d"}}
2016-02-16 12:52:18,771 23194 INFO     [tempest_lib.common.rest_client] Request (TestNetworkBasicOps:test_update_instance_port_admin_state): 200 GET http://10.4.1.3:9696/v2.0/ports?device_id=b09993d9-be9b-4616-99aa-52e5974b68a9 0.037s
2016-02-16 12:52:18,772 23194 DEBUG    [tempest_lib.common.rest_client] Request - Headers: {'Content-Type': 'application/json', 'Accept': 'application/json', 'X-Auth-Token': '&lt;omitted&gt;'}
        Body: None
    Response - Headers: {'status': '200', 'content-length': '895', 'content-location': 'http://10.4.1.3:9696/v2.0/ports?device_id=b09993d9-be9b-4616-99aa-52e5974b68a9', 'connection': 'close', 'date': 'Tue, 16 Feb 2016 12:52:18 GMT', 'content-type': 'application/json; charset=UTF-8', 'x-openstack-request-id': 'req-fc40344d-6289-4de4-8cc6-dca8e03eae7d'}
        Body: {"ports": [{"status": "ACTIVE", "binding:host_id": "vagrant-ubuntu-trusty-64", "allowed_address_pairs": [], "extra_dhcp_opts": [], "dns_assignment": [{"hostname": "host-10-100-0-3", "ip_address": "10.100.0.3", "fqdn": "host-10-100-0-3.openstacklocal."}], "device_owner": "compute:None", "port_security_enabled": true, "binding:profile": {}, "fixed_ips": [{"subnet_id": "5f41e5e2-70ca-4886-9754-7500cf17e016", "ip_address": "10.100.0.3"}], "id": "bcf5ef7e-c044-4834-aa1f-9ea7c4fc0e5a", "security_groups": ["3ebce941-2abc-47d7-940b-27d28c0b6ff2"], "device_id": "b09993d9-be9b-4616-99aa-52e5974b68a9", "name": "", "admin_state_up": true, "network_id": "0d06b620-775b-4bc4-b808-094e61652402", "dns_name": "", "binding:vif_details": {"port_filter": true}, "binding:vnic_type": "normal", "binding:vif_type": "ovs", "tenant_id": "105df3d9143741e19966eaca95f95438", "mac_address": "fa:16:3e:20:92:28"}]}
2016-02-16 12:52:18,786 23194 INFO     [tempest_lib.common.rest_client] Request (TestNetworkBasicOps:test_update_instance_port_admin_state): 200 GET http://10.4.1.3:9696/v2.0/floatingips/2ca83eeb-561a-49a3-be42-5735c720f11d 0.013s
2016-02-16 12:52:18,786 23194 DEBUG    [tempest_lib.common.rest_client] Request - Headers: {'Content-Type': 'application/json', 'Accept': 'application/json', 'X-Auth-Token': '&lt;omitted&gt;'}
        Body: None
    Response - Headers: {'status': '200', 'content-length': '368', 'content-location': 'http://10.4.1.3:9696/v2.0/floatingips/2ca83eeb-561a-49a3-be42-5735c720f11d', 'connection': 'close', 'date': 'Tue, 16 Feb 2016 12:52:18 GMT', 'content-type': 'application/json; charset=UTF-8', 'x-openstack-request-id': 'req-5f5820f2-0bbd-4859-95ff-2aaadd4b6a40'}
        Body: {"floatingip": {"floating_network_id": "e04f0d3b-9328-48f3-9219-33ba452052ab", "router_id": "c376c81b-88c0-478d-b8d9-acbe187de36b", "fixed_ip_address": "10.100.0.3", "floating_ip_address": "172.24.4.18", "tenant_id": "105df3d9143741e19966eaca95f95438", "status": "DOWN", "port_id": "bcf5ef7e-c044-4834-aa1f-9ea7c4fc0e5a", "id": "2ca83eeb-561a-49a3-be42-5735c720f11d"}}
2016-02-16 12:52:19,802 23194 INFO     [tempest_lib.common.rest_client] Request (TestNetworkBasicOps:test_update_instance_port_admin_state): 200 GET http://10.4.1.3:9696/v2.0/floatingips/2ca83eeb-561a-49a3-be42-5735c720f11d 0.014s
2016-02-16 12:52:19,802 23194 DEBUG    [tempest_lib.common.rest_client] Request - Headers: {'Content-Type': 'application/json', 'Accept': 'application/json', 'X-Auth-Token': '&lt;omitted&gt;'}
        Body: None
    Response - Headers: {'status': '200', 'content-length': '370', 'content-location': 'http://10.4.1.3:9696/v2.0/floatingips/2ca83eeb-561a-49a3-be42-5735c720f11d', 'connection': 'close', 'date': 'Tue, 16 Feb 2016 12:52:19 GMT', 'content-type': 'application/json; charset=UTF-8', 'x-openstack-request-id': 'req-ca3dab89-237b-4d1f-8f74-961e60fdb67f'}
        Body: {"floatingip": {"floating_network_id": "e04f0d3b-9328-48f3-9219-33ba452052ab", "router_id": "c376c81b-88c0-478d-b8d9-acbe187de36b", "fixed_ip_address": "10.100.0.3", "floating_ip_address": "172.24.4.18", "tenant_id": "105df3d9143741e19966eaca95f95438", "status": "ACTIVE", "port_id": "bcf5ef7e-c044-4834-aa1f-9ea7c4fc0e5a", "id": "2ca83eeb-561a-49a3-be42-5735c720f11d"}}
2016-02-16 12:52:19,803 23194 INFO     [tempest.scenario.manager] FloatingIP: &lt;"FloatingIP" addr="172.24.4.18" id="2ca83eeb-561a-49a3-be42-5735c720f11d"&gt; is at status: ACTIVE
2016-02-16 12:52:19,803 23194 DEBUG    [tempest.scenario.manager] checking network connections to IP 172.24.4.18 with user: cirros
2016-02-16 12:52:19,804 23194 DEBUG    [tempest.scenario.manager] TestNetworkBasicOps:test_update_instance_port_admin_state begins to ping 172.24.4.18 in 120 sec and the expected result is reachable
2016-02-16 12:52:37,904 23194 DEBUG    [tempest.scenario.manager] TestNetworkBasicOps:test_update_instance_port_admin_state finishes ping 172.24.4.18 in 120 sec and the ping result is expected
2016-02-16 12:52:37,906 23194 INFO     [tempest_lib.common.ssh] Creating ssh connection to '172.24.4.18' as 'cirros' with public key authentication
2016-02-16 12:52:37,913 23194 WARNING  [tempest_lib.common.ssh] Failed to establish authenticated ssh connection to cirros@172.24.4.18 ([Errno None] Unable to connect to port 22 on  or 172.24.4.18). Number attempts: 1. Retry after 2 seconds.
2016-02-16 12:52:40,531 23194 INFO     [paramiko.transport] Connected (version 2.0, client dropbear_2012.55)
2016-02-16 12:52:40,853 23194 INFO     [paramiko.transport] Authentication (publickey) successful!
2016-02-16 12:52:40,882 23194 INFO     [tempest_lib.common.ssh] ssh connection to cirros@172.24.4.18 successfully created
2016-02-16 12:52:41,198 23194 INFO     [tempest_lib.common.rest_client] Request (TestNetworkBasicOps:test_update_instance_port_admin_state): 200 PUT http://10.4.1.3:9696/v2.0/ports/bcf5ef7e-c044-4834-aa1f-9ea7c4fc0e5a 0.200s
2016-02-16 12:52:41,199 23194 DEBUG    [tempest_lib.common.rest_client] Request - Headers: {'Content-Type': 'application/json', 'Accept': 'application/json', 'X-Auth-Token': '&lt;omitted&gt;'}
        Body: {"port": {"admin_state_up": false}}
    Response - Headers: {'status': '200', 'content-length': '750', 'connection': 'close', 'date': 'Tue, 16 Feb 2016 12:52:41 GMT', 'content-type': 'application/json; charset=UTF-8', 'x-openstack-request-id': 'req-f1a431e7-bbd0-4514-850a-a8a2a06b2119'}
        Body: {"port": {"status": "ACTIVE", "name": "", "allowed_address_pairs": [], "admin_state_up": false, "network_id": "0d06b620-775b-4bc4-b808-094e61652402", "dns_name": "", "extra_dhcp_opts": [], "mac_address": "fa:16:3e:20:92:28", "dns_assignment": [{"hostname": "host-10-100-0-3", "ip_address": "10.100.0.3", "fqdn": "host-10-100-0-3.openstacklocal."}], "binding:vnic_type": "normal", "device_owner": "compute:None", "tenant_id": "105df3d9143741e19966eaca95f95438", "port_security_enabled": true, "fixed_ips": [{"subnet_id": "5f41e5e2-70ca-4886-9754-7500cf17e016", "ip_address": "10.100.0.3"}], "id": "bcf5ef7e-c044-4834-aa1f-9ea7c4fc0e5a", "security_groups": ["3ebce941-2abc-47d7-940b-27d28c0b6ff2"], "device_id": "b09993d9-be9b-4616-99aa-52e5974b68a9"}}
2016-02-16 12:52:41,199 23194 DEBUG    [tempest.scenario.manager] checking network connections to IP 172.24.4.18 with user: cirros
2016-02-16 12:52:41,199 23194 DEBUG    [tempest.scenario.manager] TestNetworkBasicOps:test_update_instance_port_admin_state begins to ping 172.24.4.18 in 120 sec and the expected result is unreachable
2016-02-16 12:54:41,755 23194 DEBUG    [tempest.scenario.manager] TestNetworkBasicOps:test_update_instance_port_admin_state finishes ping 172.24.4.18 in 120 sec and the ping result is unexpected
2016-02-16 12:54:41,756 23194 ERROR    [tempest.scenario.manager] Public network connectivity check failed: after updating admin_state_up of instance port to False
2016-02-16 12:54:41.756 23194 ERROR tempest.scenario.manager Traceback (most recent call last):
2016-02-16 12:54:41.756 23194 ERROR tempest.scenario.manager   File "tempest/scenario/manager.py", line 598, in check_public_network_connectivity
2016-02-16 12:54:41.756 23194 ERROR tempest.scenario.manager     should_connect=should_connect)
2016-02-16 12:54:41.756 23194 ERROR tempest.scenario.manager   File "tempest/scenario/manager.py", line 582, in check_vm_connectivity
2016-02-16 12:54:41.756 23194 ERROR tempest.scenario.manager     msg=msg)
2016-02-16 12:54:41.756 23194 ERROR tempest.scenario.manager   File "/usr/local/lib/python2.7/dist-packages/unittest2/case.py", line 702, in assertTrue
2016-02-16 12:54:41.756 23194 ERROR tempest.scenario.manager     raise self.failureException(msg)
2016-02-16 12:54:41.756 23194 ERROR tempest.scenario.manager AssertionError: False is not true : ip address 172.24.4.18 is reachable
2016-02-16 12:54:41.756 23194 ERROR tempest.scenario.manager 
2016-02-16 12:54:41,973 23194 INFO     [tempest_lib.common.rest_client] Request (TestNetworkBasicOps:test_update_instance_port_admin_state): 200 POST http://10.4.1.3:8774/v2.1/105df3d9143741e19966eaca95f95438/servers/b09993d9-be9b-4616-99aa-52e5974b68a9/action 0.214s
2016-02-16 12:54:41,974 23194 DEBUG    [tempest_lib.common.rest_client] Request - Headers: {'Content-Type': 'application/json', 'Accept': 'application/json', 'X-Auth-Token': '&lt;omitted&gt;'}
        Body: {"os-getConsoleOutput": {}}
    Response - Headers: {'status': '200', 'content-length': '19794', 'x-compute-request-id': 'req-0acdb624-297d-4227-b69a-8e7a302e840b', 'vary': 'X-OpenStack-Nova-API-Version', 'connection': 'close', 'x-openstack-nova-api-version': '2.1', 'date': 'Tue, 16 Feb 2016 12:54:41 GMT', 'content-type': 'application/json'}
        Body: {"output": "[    0.000000] Initializing cgroup subsys cpuset\n[    0.000000] Initializing cgroup subsys cpu\n[    0.000000] Linux version 3.2.0-80-virtual (buildd@batsu) (gcc version 4.6.3 (Ubuntu/Linaro 4.6.3-1ubuntu5) ) #116-Ubuntu SMP Mon Mar 23 17:28:52 UTC 2015 (Ubuntu 3.2.0-80.116-virtual 3.2.68)\n[    0.000000] Command line: root=/dev/vda console=tty0 console=ttyS0 no_timer_check\n[    0.000000] KERNEL supported cpus:\n[    0.000000]   Intel GenuineIntel\n[    0.000000]   AMD AuthenticAMD\n[    0.000000]   Centaur CentaurHauls\n[    0.000000] BIOS-provided physical RAM map:\n[    0.000000]  BIOS-e820: 0000000000000000 - 000000000009fc00 (usable)\n[    0.000000]  BIOS-e820: 000000000009fc00 - 00000000000a0000 (reserved)\n[    0.000000]  BIOS-e820: 00000000000f0000 - 0000000000100000 (reserved)\n[    0.000000]  BIOS-e820: 0000000000100000 - 0000000003ffe000 (usable)\n[    0.000000]  BIOS-e820: 0000000003ffe000 - 0000000004000000 (reserved)\n[    0.000000]  BIOS-e820: 00000000fffc0000 - 0000000100000000 (reserved)\n[    0.000000] NX (Execute Disable) protection: active\n[    0.000000] SMBIOS 2.4 present.\n[    0.000000] No AGP bridge found\n[    0.000000] last_pfn = 0x3ffe max_arch_pfn = 0x400000000\n[    0.000000] x86 PAT enabled: cpu 0, old 0x7040600070406, new 0x7010600070106\n[    0.000000] found SMP MP-table at [ffff8800000f0b00] f0b00\n[    0.000000] init_memory_mapping: 0000000000000000-0000000003ffe000\n[    0.000000] RAMDISK: 03c5e000 - 03ff0000\n[    0.000000] ACPI: RSDP 00000000000f0950 00014 (v00 BOCHS )\n[    0.000000] ACPI: RSDT 0000000003fffbc1 00034 (v01 BOCHS  BXPCRSDT 00000001 BXPC 00000001)\n[    0.000000] ACPI: FACP 0000000003fff1c0 00074 (v01 BOCHS  BXPCFACP 00000001 BXPC 00000001)\n[    0.000000] ACPI: DSDT 0000000003ffe040 01180 (v01 BOCHS  BXPCDSDT 00000001 BXPC 00000001)\n[    0.000000] ACPI: FACS 0000000003ffe000 00040\n[    0.000000] ACPI: SSDT 0000000003fff234 008DD (v01 BOCHS  BXPCSSDT 00000001 BXPC 00000001)\n[    0.000000] ACPI: APIC 0000000003fffb11 00078 (v01 BOCHS  BXPCAPIC 00000001 BXPC 00000001)\n[    0.000000] ACPI: HPET 0000000003fffb89 00038 (v01 BOCHS  BXPCHPET 00000001 BXPC 00000001)\n[    0.000000] No NUMA configuration found\n[    0.000000] Faking a node at 0000000000000000-0000000003ffe000\n[    0.000000] Initmem setup node 0 0000000000000000-0000000003ffe000\n[    0.000000]   NODE_DATA [0000000003ff6000 - 0000000003ffafff]\n[    0.000000] Zone PFN ranges:\n[    0.000000]   DMA      0x00000010 -&gt; 0x00001000\n[    0.000000]   DMA32    0x00001000 -&gt; 0x00100000\n[    0.000000]   Normal   empty\n[    0.000000] Movable zone start PFN for each node\n[    0.000000] early_node_map[2] active PFN ranges\n[    0.000000]     0: 0x00000010 -&gt; 0x0000009f\n[    0.000000]     0: 0x00000100 -&gt; 0x00003ffe\n[    0.000000] ACPI: PM-Timer IO Port: 0xb008\n[    0.000000] ACPI: LAPIC (acpi_id[0x00] lapic_id[0x00] enabled)\n[    0.000000] ACPI: LAPIC_NMI (acpi_id[0xff] dfl dfl lint[0x1])\n[    0.000000] ACPI: IOAPIC (id[0x00] address[0xfec00000] gsi_base[0])\n[    0.000000] IOAPIC[0]: apic_id 0, version 17, address 0xfec00000, GSI 0-23\n[    0.000000] ACPI: INT_SRC_OVR (bus 0 bus_irq 0 global_irq 2 dfl dfl)\n[    0.000000] ACPI: INT_SRC_OVR (bus 0 bus_irq 5 global_irq 5 high level)\n[    0.000000] ACPI: INT_SRC_OVR (bus 0 bus_irq 9 global_irq 9 high level)\n[    0.000000] ACPI: INT_SRC_OVR (bus 0 bus_irq 10 global_irq 10 high level)\n[    0.000000] ACPI: INT_SRC_OVR (bus 0 bus_irq 11 global_irq 11 high level)\n[    0.000000] Using ACPI (MADT) for SMP configuration information\n[    0.000000] ACPI: HPET id: 0x8086a201 base: 0xfed00000\n[    0.000000] SMP: Allowing 1 CPUs, 0 hotplug CPUs\n[    0.000000] PM: Registered nosave memory: 000000000009f000 - 00000000000a0000\n[    0.000000] PM: Registered nosave memory: 00000000000a0000 - 00000000000f0000\n[    0.000000] PM: Registered nosave memory: 00000000000f0000 - 0000000000100000\n[    0.000000] Allocating PCI resources starting at 4000000 (gap: 4000000:fbfc0000)\n[    0.000000] Booting paravirtualized kernel on bare hardware\n[    0.000000] setup_pe
2016-02-16 12:54:41,978 23194 DEBUG    [tempest.scenario.manager] Console output for b09993d9-be9b-4616-99aa-52e5974b68a9
body=
[    0.000000] Initializing cgroup subsys cpuset
[    0.000000] Initializing cgroup subsys cpu
[    0.000000] Linux version 3.2.0-80-virtual (buildd@batsu) (gcc version 4.6.3 (Ubuntu/Linaro 4.6.3-1ubuntu5) ) #116-Ubuntu SMP Mon Mar 23 17:28:52 UTC 2015 (Ubuntu 3.2.0-80.116-virtual 3.2.68)
[    0.000000] Command line: root=/dev/vda console=tty0 console=ttyS0 no_timer_check
[    0.000000] KERNEL supported cpus:
[    0.000000]   Intel GenuineIntel
[    0.000000]   AMD AuthenticAMD
[    0.000000]   Centaur CentaurHauls
[    0.000000] BIOS-provided physical RAM map:
[    0.000000]  BIOS-e820: 0000000000000000 - 000000000009fc00 (usable)
[    0.000000]  BIOS-e820: 000000000009fc00 - 00000000000a0000 (reserved)
[    0.000000]  BIOS-e820: 00000000000f0000 - 0000000000100000 (reserved)
[    0.000000]  BIOS-e820: 0000000000100000 - 0000000003ffe000 (usable)
[    0.000000]  BIOS-e820: 0000000003ffe000 - 0000000004000000 (reserved)
[    0.000000]  BIOS-e820: 00000000fffc0000 - 0000000100000000 (reserved)
[    0.000000] NX (Execute Disable) protection: active
[    0.000000] SMBIOS 2.4 present.
[    0.000000] No AGP bridge found
[    0.000000] last_pfn = 0x3ffe max_arch_pfn = 0x400000000
[    0.000000] x86 PAT enabled: cpu 0, old 0x7040600070406, new 0x7010600070106
[    0.000000] found SMP MP-table at [ffff8800000f0b00] f0b00
[    0.000000] init_memory_mapping: 0000000000000000-0000000003ffe000
[    0.000000] RAMDISK: 03c5e000 - 03ff0000
[    0.000000] ACPI: RSDP 00000000000f0950 00014 (v00 BOCHS )
[    0.000000] ACPI: RSDT 0000000003fffbc1 00034 (v01 BOCHS  BXPCRSDT 00000001 BXPC 00000001)
[    0.000000] ACPI: FACP 0000000003fff1c0 00074 (v01 BOCHS  BXPCFACP 00000001 BXPC 00000001)
[    0.000000] ACPI: DSDT 0000000003ffe040 01180 (v01 BOCHS  BXPCDSDT 00000001 BXPC 00000001)
[    0.000000] ACPI: FACS 0000000003ffe000 00040
[    0.000000] ACPI: SSDT 0000000003fff234 008DD (v01 BOCHS  BXPCSSDT 00000001 BXPC 00000001)
[    0.000000] ACPI: APIC 0000000003fffb11 00078 (v01 BOCHS  BXPCAPIC 00000001 BXPC 00000001)
[    0.000000] ACPI: HPET 0000000003fffb89 00038 (v01 BOCHS  BXPCHPET 00000001 BXPC 00000001)
[    0.000000] No NUMA configuration found
[    0.000000] Faking a node at 0000000000000000-0000000003ffe000
[    0.000000] Initmem setup node 0 0000000000000000-0000000003ffe000
[    0.000000]   NODE_DATA [0000000003ff6000 - 0000000003ffafff]
[    0.000000] Zone PFN ranges:
[    0.000000]   DMA      0x00000010 -&gt; 0x00001000
[    0.000000]   DMA32    0x00001000 -&gt; 0x00100000
[    0.000000]   Normal   empty
[    0.000000] Movable zone start PFN for each node
[    0.000000] early_node_map[2] active PFN ranges
[    0.000000]     0: 0x00000010 -&gt; 0x0000009f
[    0.000000]     0: 0x00000100 -&gt; 0x00003ffe
[    0.000000] ACPI: PM-Timer IO Port: 0xb008
[    0.000000] ACPI: LAPIC (acpi_id[0x00] lapic_id[0x00] enabled)
[    0.000000] ACPI: LAPIC_NMI (acpi_id[0xff] dfl dfl lint[0x1])
[    0.000000] ACPI: IOAPIC (id[0x00] address[0xfec00000] gsi_base[0])
[    0.000000] IOAPIC[0]: apic_id 0, version 17, address 0xfec00000, GSI 0-23
[    0.000000] ACPI: INT_SRC_OVR (bus 0 bus_irq 0 global_irq 2 dfl dfl)
[    0.000000] ACPI: INT_SRC_OVR (bus 0 bus_irq 5 global_irq 5 high level)
[    0.000000] ACPI: INT_SRC_OVR (bus 0 bus_irq 9 global_irq 9 high level)
[    0.000000] ACPI: INT_SRC_OVR (bus 0 bus_irq 10 global_irq 10 high level)
[    0.000000] ACPI: INT_SRC_OVR (bus 0 bus_irq 11 global_irq 11 high level)
[    0.000000] Using ACPI (MADT) for SMP configuration information
[    0.000000] ACPI: HPET id: 0x8086a201 base: 0xfed00000
[    0.000000] SMP: Allowing 1 CPUs, 0 hotplug CPUs
[    0.000000] PM: Registered nosave memory: 000000000009f000 - 00000000000a0000
[    0.000000] PM: Registered nosave memory: 00000000000a0000 - 00000000000f0000
[    0.000000] PM: Registered nosave memory: 00000000000f0000 - 0000000000100000
[    0.000000] Allocating PCI resources starting at 4000000 (gap: 4000000:fbfc0000)
[    0.000000] Booting paravirtualized kernel on bare hardware
[    0.000000] setup_percpu: NR_CPUS:64 nr_cpumask_bits:64 nr_cpu_ids:1 nr_node_ids:1
[    0.000000] PERCPU: Embedded 27 pages/cpu @ffff880003a00000 s78848 r8192 d23552 u2097152
[    0.000000] Built 1 zonelists in Node order, mobility grouping on.  Total pages: 16008
[    0.000000] Policy zone: DMA32
[    0.000000] Kernel command line: root=/dev/vda console=tty0 console=ttyS0 no_timer_check
[    0.000000] PID hash table entries: 256 (order: -1, 2048 bytes)
[    0.000000] Checking aperture...
[    0.000000] No AGP bridge found
[    0.000000] Memory: 43492k/65528k available (6576k kernel code, 452k absent, 21584k reserved, 6620k data, 928k init)
[    0.000000] SLUB: Genslabs=15, HWalign=64, Order=0-3, MinObjects=0, CPUs=1, Nodes=1
[    0.000000] Hierarchical RCU implementation.
[    0.000000] 	RCU dyntick-idle grace-period acceleration is enabled.
[    0.000000] NR_IRQS:4352 nr_irqs:256 16
[    0.000000] Console: colour VGA+ 80x25
[    0.000000] console [tty0] enabled
[    0.000000] console [ttyS0] enabled
[    0.000000] allocated 1048576 bytes of page_cgroup
[    0.000000] please try 'cgroup_disable=memory' option if you don't want memory cgroups
[    0.000000] Fast TSC calibration failed
[    0.000000] TSC: Unable to calibrate against PIT
[    0.000000] TSC: using HPET reference calibration
[    0.000000] Detected 2294.606 MHz processor.
[    0.032721] Calibrating delay loop (skipped), value calculated using timer frequency.. 4589.21 BogoMIPS (lpj=9178424)
[    0.036598] pid_max: default: 32768 minimum: 301
[    0.049056] Security Framework initialized
[    0.054672] AppArmor: AppArmor initialized
[    0.056140] Yama: becoming mindful.
[    0.062739] Dentry cache hash table entries: 8192 (order: 4, 65536 bytes)
[    0.064633] Inode-cache hash table entries: 4096 (order: 3, 32768 bytes)
[    0.066024] Mount-cache hash table entries: 256
[    0.084200] Initializing cgroup subsys cpuacct
[    0.085247] Initializing cgroup subsys memory
[    0.086650] Initializing cgroup subsys devices
[    0.088168] Initializing cgroup subsys freezer
[    0.088907] Initializing cgroup subsys blkio
[    0.089626] Initializing cgroup subsys perf_event
[    0.094362] mce: CPU supports 10 MCE banks
[    0.098291] SMP alternatives: switching to UP code
[    0.476153] Freeing SMP alternatives: 24k freed
[    0.478454] ACPI: Core revision 20110623
[    0.536434] ftrace: allocating 26610 entries in 105 pages
[    0.564034] ..TIMER: vector=0x30 apic1=0 pin1=2 apic2=-1 pin2=-1
[    0.564138] CPU0: AMD QEMU Virtual CPU version 2.0.0 stepping 03
[    0.572035] Performance Events: Broken PMU hardware detected, using software events only.
[    0.581238] NMI watchdog disabled (cpu0): hardware events not enabled
[    0.583067] Brought up 1 CPUs
[    0.584268] Total of 1 processors activated (4589.21 BogoMIPS).
[    0.610003] devtmpfs: initialized
[    0.642202] EVM: security.selinux
[    0.642710] EVM: security.SMACK64
[    0.643171] EVM: security.capability
[    0.668387] print_constraints: dummy: 
[    0.669448] RTC time: 12:52:20, date: 02/16/16
[    0.673279] NET: Registered protocol family 16
[    0.681976] ACPI: bus type pci registered
[    0.684873] PCI: Using configuration type 1 for base access
[    0.725182] bio: create slab &lt;bio-0&gt; at 0
[    0.733254] ACPI: Added _OSI(Module Device)
[    0.733820] ACPI: Added _OSI(Processor Device)
[    0.734620] ACPI: Added _OSI(3.0 _SCP Extensions)
[    0.736164] ACPI: Added _OSI(Processor Aggregator Device)
[    0.808832] ACPI: Interpreter enabled
[    0.809466] ACPI: (supports S0 S3 S4 S5)
[    0.811237] ACPI: Using IOAPIC for interrupt routing
[    0.882037] ACPI: No dock devices found.
[    0.882706] HEST: Table not found.
[    0.883266] PCI: Using host bridge windows from ACPI; if necessary, use "pci=nocrs" and report a bug
[    0.889859] ACPI: PCI Root Bridge [PCI0] (domain 0000 [bus 00-ff])
[    0.895203] pci_root PNP0A03:00: host bridge window [io  0x0000-0x0cf7]
[    0.896167] pci_root PNP0A03:00: host bridge window [io  0x0d00-0xadff]
[    0.897108] pci_root PNP0A03:00: host bridge window [io  0xae0f-0xaeff]
[    0.897909] pci_root PNP0A03:00: host bridge window [io  0xaf20-0xafdf]
[    0.898641] pci_root PNP0A03:00: host bridge window [io  0xafe4-0xffff]
[    0.900163] pci_root PNP0A03:00: host bridge window [mem 0x000a0000-0x000bffff]
[    0.901086] pci_root PNP0A03:00: host bridge window [mem 0x04000000-0xfebfffff]
[    0.926135] pci 0000:00:01.3: quirk: [io  0xb000-0xb03f] claimed by PIIX4 ACPI
[    0.928194] pci 0000:00:01.3: quirk: [io  0xb100-0xb10f] claimed by PIIX4 SMB
[    0.994594]  pci0000:00: Unable to request _OSC control (_OSC support mask: 0x1e)
[    1.051559] ACPI: PCI Interrupt Link [LNKA] (IRQs 5 *10 11)
[    1.053220] ACPI: PCI Interrupt Link [LNKB] (IRQs 5 *10 11)
[    1.055049] ACPI: PCI Interrupt Link [LNKC] (IRQs 5 10 *11)
[    1.057087] ACPI: PCI Interrupt Link [LNKD] (IRQs 5 10 *11)
[    1.057963] ACPI: PCI Interrupt Link [LNKS] (IRQs *9)
[    1.065087] vgaarb: device added: PCI:0000:00:02.0,decodes=io+mem,owns=io+mem,locks=none
[    1.066287] vgaarb: loaded
[    1.068151] vgaarb: bridge control possible 0000:00:02.0
[    1.072454] i2c-core: driver [aat2870] using legacy suspend method
[    1.073312] i2c-core: driver [aat2870] using legacy resume method
[    1.076255] SCSI subsystem initialized
[    1.079038] usbcore: registered new interface driver usbfs
[    1.081041] usbcore: registered new interface driver hub
[    1.082250] usbcore: registered new device driver usb
[    1.086348] PCI: Using ACPI for IRQ routing
[    1.098095] NetLabel: Initializing
[    1.099322] NetLabel:  domain hash size = 128
[    1.100132] NetLabel:  protocols = UNLABELED CIPSOv4
[    1.102026] NetLabel:  unlabeled traffic allowed by default
[    1.104292] HPET: 3 timers in total, 0 timers will be used for per-cpu timer
[    1.105415] hpet0: at MMIO 0xfed00000, IRQs 2, 8, 0
[    1.106215] hpet0: 3 comparators, 64-bit 100.000000 MHz counter
[    1.114730] Switching to clocksource hpet
[    1.354518] AppArmor: AppArmor Filesystem Enabled
[    1.355871] pnp: PnP ACPI init
[    1.357442] ACPI: bus type pnp registered
[    1.379872] pnp: PnP ACPI: found 9 devices
[    1.381564] ACPI: ACPI bus type pnp unregistered
[    1.442002] NET: Registered protocol family 2
[    1.487858] IP route cache hash table entries: 512 (order: 0, 4096 bytes)
[    1.497902] TCP established hash table entries: 2048 (order: 3, 32768 bytes)
[    1.499307] TCP bind hash table entries: 2048 (order: 3, 32768 bytes)
[    1.501318] TCP: Hash tables configured (established 2048 bind 2048)
[    1.502183] TCP reno registered
[    1.502881] UDP hash table entries: 128 (order: 0, 4096 bytes)
[    1.503816] UDP-Lite hash table entries: 128 (order: 0, 4096 bytes)
[    1.507100] NET: Registered protocol family 1
[    1.507958] pci 0000:00:00.0: Limiting direct PCI/PCI transfers
[    1.510114] pci 0000:00:01.0: PIIX3: Enabling Passive Release
[    1.511087] pci 0000:00:01.0: Activating ISA DMA hang workarounds
[    1.515395] ACPI: PCI Interrupt Link [LNKD] enabled at IRQ 11
[    1.518122] pci 0000:00:01.2: PCI INT D -&gt; Link[LNKD] -&gt; GSI 11 (level, high) -&gt; IRQ 11
[    1.520004] pci 0000:00:01.2: PCI INT D disabled
[    1.539401] Trying to unpack rootfs image as initramfs...
[    1.555357] audit: initializing netlink socket (disabled)
[    1.557643] type=2000 audit(1455627140.556:1): initialized
[    1.827437] HugeTLB registered 2 MB page size, pre-allocated 0 pages
[    1.903733] VFS: Disk quotas dquot_6.5.2
[    1.907436] Dquot-cache hash table entries: 512 (order 0, 4096 bytes)
[    1.925632] fuse init (API version 7.17)
[    1.928188] msgmni has been set to 84
[    1.960006] Block layer SCSI generic (bsg) driver version 0.4 loaded (major 253)
[    1.969445] io scheduler noop registered
[    1.969989] io scheduler deadline registered (default)
[    1.971103] io scheduler cfq registered
[    1.974821] pci_hotplug: PCI Hot Plug PCI Core version: 0.5
[    1.977529] pciehp: PCI Express Hot Plug Controller Driver version: 0.4
[    1.983136] input: Power Button as /devices/LNXSYSTM:00/LNXPWRBN:00/input/input0
[    1.985380] ACPI: Power Button [PWRF]
[    2.034472] ERST: Table is not found!
[    2.034990] GHES: HEST is not enabled!
[    2.046629] ACPI: PCI Interrupt Link [LNKC] enabled at IRQ 10
[    2.047584] virtio-pci 0000:00:03.0: PCI INT A -&gt; Link[LNKC] -&gt; GSI 10 (level, high) -&gt; IRQ 10
[    2.051354] virtio-pci 0000:00:04.0: PCI INT A -&gt; Link[LNKD] -&gt; GSI 11 (level, high) -&gt; IRQ 11
[    2.061884] ACPI: PCI Interrupt Link [LNKA] enabled at IRQ 10
[    2.063554] virtio-pci 0000:00:05.0: PCI INT A -&gt; Link[LNKA] -&gt; GSI 10 (level, high) -&gt; IRQ 10
[    2.082164] Serial: 8250/16550 driver, 32 ports, IRQ sharing enabled
[    2.122117] serial8250: ttyS0 at I/O 0x3f8 (irq = 4) is a 16550A
[    2.198996] serial8250: ttyS1 at I/O 0x2f8 (irq = 3) is a 16550A
[    2.335205] 00:05: ttyS0 at I/O 0x3f8 (irq = 4) is a 16550A
[    2.418263] 00:06: ttyS1 at I/O 0x2f8 (irq = 3) is a 16550A
[    2.458549] Linux agpgart interface v0.103
[    2.520167] brd: module loaded
[    2.525575] Refined TSC clocksource calibration: 2294.604 MHz.
[    2.526319] Switching to clocksource tsc
[    2.554925] loop: module loaded
[    2.606433]  vda: unknown partition table
[    2.661430] scsi0 : ata_piix
[    2.669229] scsi1 : ata_piix
[    2.670555] ata1: PATA max MWDMA2 cmd 0x1f0 ctl 0x3f6 bmdma 0xc0a0 irq 14
[    2.671412] ata2: PATA max MWDMA2 cmd 0x170 ctl 0x376 bmdma 0xc0a8 irq 15
[    2.682209] Fixed MDIO Bus: probed
[    2.682975] tun: Universal TUN/TAP device driver, 1.6
[    2.683554] tun: (C) 1999-2004 Max Krasnyansky &lt;maxk@qualcomm.com&gt;
[    2.697291] PPP generic driver version 2.4.2
[    2.726178] ehci_hcd: USB 2.0 'Enhanced' Host Controller (EHCI) Driver
[    2.727271] ohci_hcd: USB 1.1 'Open' Host Controller (OHCI) Driver
[    2.729540] uhci_hcd: USB Universal Host Controller Interface driver
[    2.730674] uhci_hcd 0000:00:01.2: PCI INT D -&gt; Link[LNKD] -&gt; GSI 11 (level, high) -&gt; IRQ 11
[    2.734579] uhci_hcd 0000:00:01.2: UHCI Host Controller
[    2.747323] uhci_hcd 0000:00:01.2: new USB bus registered, assigned bus number 1
[    2.751608] uhci_hcd 0000:00:01.2: irq 11, io base 0x0000c040
[    2.784379] hub 1-0:1.0: USB hub found
[    2.786232] hub 1-0:1.0: 2 ports detected
[    2.793324] usbcore: registered new interface driver libusual
[    2.796385] i8042: PNP: PS/2 Controller [PNP0303:KBD,PNP0f13:MOU] at 0x60,0x64 irq 1,12
[    2.803740] serio: i8042 KBD port at 0x60,0x64 irq 1
[    2.805088] serio: i8042 AUX port at 0x60,0x64 irq 12
[    2.835372] mousedev: PS/2 mouse device common for all mice
[    2.853042] input: AT Translated Set 2 keyboard as /devices/platform/i8042/serio0/input/input1
[    2.857142] rtc_cmos 00:01: RTC can wake from S4
[    2.861715] rtc_cmos 00:01: rtc core: registered rtc_cmos as rtc0
[    2.866009] rtc0: alarms up to one day, 114 bytes nvram, hpet irqs
[    2.871795] device-mapper: uevent: version 1.0.3
[    2.899894] ata2.01: ATAPI: QEMU DVD-ROM, 2.0.0, max UDMA/100
[    2.909603] device-mapper: ioctl: 4.22.0-ioctl (2011-10-19) initialised: dm-devel@redhat.com
[    2.915793] cpuidle: using governor ladder
[    2.917653] cpuidle: using governor menu
[    2.919426] EFI Variables Facility v0.08 2004-May-17
[    2.931398] TCP cubic registered
[    2.935551] NET: Registered protocol family 10
[    2.978681] NET: Registered protocol family 17
[    2.981667] Registering the dns_resolver key type
[    2.997980] ata2.01: configured for MWDMA2
[    3.027822] scsi 1:0:1:0: CD-ROM            QEMU     QEMU DVD-ROM     2.0. PQ: 0 ANSI: 5
[    3.049665] sr0: scsi3-mmc drive: 4x/4x cd/rw xa/form2 tray
[    3.051660] cdrom: Uniform CD-ROM driver Revision: 3.20
[    3.073239] sr 1:0:1:0: Attached scsi generic sg0 type 5
[    3.133373] registered taskstats version 1
[    3.274744] Freeing initrd memory: 3656k freed
[    3.761352]   Magic number: 4:787:885
[    3.774023] rtc_cmos 00:01: setting system clock to 2016-02-16 12:52:23 UTC (1455627143)
[    3.778047] powernow-k8: Processor cpuid 663 not supported
[    3.790145] BIOS EDD facility v0.16 2004-Jun-25, 0 devices found
[    3.793087] EDD information not available.
[    3.879867] Freeing unused kernel memory: 928k freed
[    3.884947] Write protecting the kernel read-only data: 12288k
[    3.965288] Freeing unused kernel memory: 1596k freed
[    4.043890] Freeing unused kernel memory: 1184k freed

info: initramfs: up at 4.22
modprobe: module virtio_blk not found in modules.dep
modprobe: module virtio_net not found in modules.dep
info: copying initramfs to /dev/vda
info: initramfs loading root from /dev/vda
info: /etc/init.d/rc.sysinit: up at 8.96
info: container: none
Starting logging: OK
modprobe: module virtio_blk not found in modules.dep
modprobe: module virtio_net not found in modules.dep
WARN: /etc/rc3.d/S10-load-modules failed
Initializing random number generator... done.
Starting acpid: OK
cirros-ds 'local' up at 11.47
found datasource (configdrive, local)
Starting network...
udhcpc (v1.20.1) started
Sending discover...
Sending select for 10.100.0.3...
Lease of 10.100.0.3 obtained, lease time 86400
route: SIOCADDRT: File exists
WARN: failed: route add -net "0.0.0.0/0" gw "10.100.0.1"
Starting dropbear sshd: generating rsa key... generating dsa key... OK
no userdata for datasource
=== system information ===
Platform: OpenStack Foundation OpenStack Nova
Container: none
Arch: x86_64
CPU(s): 1 @ 2294.606 MHz
Cores/Sockets/Threads: 1/1/1
Virt-type: AMD-V
RAM Size: 49MB
Disks:
NAME MAJ:MIN     SIZE LABEL         MOUNTPOINT
vda  253:0   25165824 cirros-rootfs /
sr0   11:0     428032 config-2      
=== sshd host keys ===
-----BEGIN SSH HOST KEY KEYS-----
ssh-rsa AAAAB3NzaC1yc2EAAAADAQABAAAAgm3rBVz5uFnVGEFITGTHD4/+XM7IQGVkDiFhd5hJcaBWgCx9w+XIgx4XNFsbPKbLTuM4ETYwPNoVkLB++2T+Zb2fkV4JHvww0y23Y5uaKEnvWEVHGEQFizT7gSwy1qgYcv8GV0/WdG5xWoTu/XpbpkhKbxvEGmrUkpLgqW5r+pRkEt0= root@tempest-server-smoke-1558892650
ssh-dss AAAAB3NzaC1kc3MAAACBAOQ/W9dE1IhmW/b8MkFumEHmAUevBcT9h5l3TjFyiDqRamtnH+wcjtpHXB9jHHjthsyvO1iaU4E6pk86vPaJ2L2AV3ZC0OCkfoci1NF1GqVxXONOk0jiFZTaHCD/fzANObbGsWgT2IPlmJgMNUqNn5SnUGnT1EUIQ1XouZzNu7bVAAAAFQC+edK2fO/OS8iFxgllY0J0Hh9sYwAAAIA7Pp+HJzfGAiio/kCKEBrf7H3gutVUNZLr43IazFUWigtEBFte08uWpDhXlcx//4Q/Suxa9jmKteXweEi4A2Oid66Qi/UFzFrUmMWW0x0OMwt/glBCKlo6DqUOBbbwt6WBFOTXuoNYWI1Ji1xp3GpqawsijVAk8iJoZZ2FUfEg8gAAAIBfL+pu6Pk3xeYyNGDXkfs7GO5xdct4HQtOHGkI/2vy47UI1xwQI1jsqpC73Wz39H87flY3a6oU8r0pgObhOQvgZetl3jWb/tZMT+S04HsNcU5GLJfoG5QcjovVCRtdDEWjbTQET55bjp5sT4Oq+ubX5KUMyOgssD2zpA0nXPZuBQ== root@tempest-server-smoke-1558892650
-----END SSH HOST KEY KEYS-----
=== network info ===
if-info: lo,up,127.0.0.1,8,::1
if-info: eth0,up,10.100.0.3,28,fe80::f816:3eff:fe20:9228
ip-route:default via 10.100.0.1 dev eth0 
ip-route:10.100.0.0/28 dev eth0  src 10.100.0.3 
ip-route:169.254.169.254 via 10.100.0.1 dev eth0 
=== datasource: configdrive local ===
instance-id: b09993d9-be9b-4616-99aa-52e5974b68a9
name: tempest-server-smoke-1558892650
availability-zone: nova
local-hostname: tempest-server-smoke-1558892650.novalocal
launch-index: 0
=== cirros: current=0.3.4 uptime=21.23 ===
  ____               ____  ____
 / __/ __ ____ ____ / __ \/ __/
/ /__ / // __// __// /_/ /\ \ 
\___//_//_/  /_/   \____/___/ 
   http://cirros-cloud.net


login as 'cirros' user. default password: 'cubswin:)'. use 'sudo' for root.
tempest-server-smoke-1558892650 login: 
2016-02-16 12:54:42,243 23194 INFO     [tempest_lib.common.rest_client] Request (TestNetworkBasicOps:_run_cleanups): 204 DELETE http://10.4.1.3:9696/v2.0/floatingips/2ca83eeb-561a-49a3-be42-5735c720f11d 0.259s
2016-02-16 12:54:42,243 23194 DEBUG    [tempest_lib.common.rest_client] Request - Headers: {'Content-Type': 'application/json', 'Accept': 'application/json', 'X-Auth-Token': '&lt;omitted&gt;'}
        Body: None
    Response - Headers: {'date': 'Tue, 16 Feb 2016 12:54:42 GMT', 'status': '204', 'connection': 'close', 'content-length': '0', 'x-openstack-request-id': 'req-3badbecf-ff59-411b-a055-54965e03eca9'}
        Body: 
2016-02-16 12:54:42,482 23194 INFO     [tempest_lib.common.rest_client] Request (TestNetworkBasicOps:_run_cleanups): 204 DELETE http://10.4.1.3:8774/v2.1/105df3d9143741e19966eaca95f95438/servers/b09993d9-be9b-4616-99aa-52e5974b68a9 0.238s
2016-02-16 12:54:42,483 23194 DEBUG    [tempest_lib.common.rest_client] Request - Headers: {'Content-Type': 'application/json', 'Accept': 'application/json', 'X-Auth-Token': '&lt;omitted&gt;'}
        Body: None
    Response - Headers: {'status': '204', 'content-length': '0', 'x-compute-request-id': 'req-5d108d85-8ff4-4217-b86e-343d27ea4414', 'vary': 'X-OpenStack-Nova-API-Version', 'connection': 'close', 'x-openstack-nova-api-version': '2.1', 'date': 'Tue, 16 Feb 2016 12:54:42 GMT', 'content-type': 'application/json'}
        Body: 
2016-02-16 12:54:42,764 23194 INFO     [tempest_lib.common.rest_client] Request (TestNetworkBasicOps:_run_cleanups): 200 GET http://10.4.1.3:8774/v2.1/105df3d9143741e19966eaca95f95438/servers/b09993d9-be9b-4616-99aa-52e5974b68a9 0.280s
2016-02-16 12:54:42,765 23194 DEBUG    [tempest_lib.common.rest_client] Request - Headers: {'Content-Type': 'application/json', 'Accept': 'application/json', 'X-Auth-Token': '&lt;omitted&gt;'}
        Body: None
    Response - Headers: {'status': '200', 'content-length': '1763', 'content-location': 'http://10.4.1.3:8774/v2.1/105df3d9143741e19966eaca95f95438/servers/b09993d9-be9b-4616-99aa-52e5974b68a9', 'x-compute-request-id': 'req-55116625-d042-4a9d-99a2-e1ed08574a53', 'vary': 'X-OpenStack-Nova-API-Version', 'connection': 'close', 'x-openstack-nova-api-version': '2.1', 'date': 'Tue, 16 Feb 2016 12:54:42 GMT', 'content-type': 'application/json'}
        Body: {"server": {"status": "ACTIVE", "updated": "2016-02-16T12:54:42Z", "hostId": "d5af67b33ce63a2bca0838262a7f377bb1ca1bf6af74249066edfe72", "addresses": {"tempest-network-smoke--1879173011": [{"OS-EXT-IPS-MAC:mac_addr": "fa:16:3e:20:92:28", "version": 4, "addr": "10.100.0.3", "OS-EXT-IPS:type": "fixed"}, {"OS-EXT-IPS-MAC:mac_addr": "fa:16:3e:20:92:28", "version": 4, "addr": "172.24.4.18", "OS-EXT-IPS:type": "floating"}]}, "links": [{"href": "http://10.4.1.3:8774/v2.1/105df3d9143741e19966eaca95f95438/servers/b09993d9-be9b-4616-99aa-52e5974b68a9", "rel": "self"}, {"href": "http://10.4.1.3:8774/105df3d9143741e19966eaca95f95438/servers/b09993d9-be9b-4616-99aa-52e5974b68a9", "rel": "bookmark"}], "key_name": "tempest-TestNetworkBasicOps-1645426480", "image": {"id": "f525272b-50f4-4727-83e3-f27738ba8886", "links": [{"href": "http://10.4.1.3:8774/105df3d9143741e19966eaca95f95438/images/f525272b-50f4-4727-83e3-f27738ba8886", "rel": "bookmark"}]}, "OS-EXT-STS:task_state": "deleting", "OS-EXT-STS:vm_state": "active", "OS-SRV-USG:launched_at": "2016-02-16T12:52:16.000000", "flavor": {"id": "42", "links": [{"href": "http://10.4.1.3:8774/105df3d9143741e19966eaca95f95438/flavors/42", "rel": "bookmark"}]}, "id": "b09993d9-be9b-4616-99aa-52e5974b68a9", "security_groups": [{"name": "tempest-secgroup-smoke-1271843087"}], "OS-SRV-USG:terminated_at": null, "OS-EXT-AZ:availability_zone": "nova", "user_id": "a79d3cff6da042fba5c97c717decdf6f", "name": "tempest-server-smoke-1558892650", "created": "2016-02-16T12:52:14Z", "tenant_id": "105df3d9143741e19966eaca95f95438", "OS-DCF:diskConfig": "MANUAL", "os-extended-volumes:volumes_attached": [], "accessIPv4": "", "accessIPv6": "", "progress": 0, "OS-EXT-STS:power_state": 1, "config_drive": "True", "metadata": {}}}
2016-02-16 12:54:44,058 23194 INFO     [tempest_lib.common.rest_client] Request (TestNetworkBasicOps:_run_cleanups): 200 GET http://10.4.1.3:8774/v2.1/105df3d9143741e19966eaca95f95438/servers/b09993d9-be9b-4616-99aa-52e5974b68a9 0.283s
2016-02-16 12:54:44,059 23194 DEBUG    [tempest_lib.common.rest_client] Request - Headers: {'Content-Type': 'application/json', 'Accept': 'application/json', 'X-Auth-Token': '&lt;omitted&gt;'}
        Body: None
