<?xml version="1.0" encoding="UTF-8"?>
<!DOCTYPE html PUBLIC "-//W3C//DTD XHTML 1.0 Strict//EN"
     "http://www.w3.org/TR/xhtml1/DTD/xhtml1-strict.dtd">
<html xmlns="http://www.w3.org/1999/xhtml">
<head>
    <title>Unit Test Report</title>
    <meta name="generator" content="subunit2html 0.1"/>
    <meta http-equiv="Content-Type" content="text/html; charset=UTF-8"/>
    
<style type="text/css" media="screen">
body        { font-family: verdana, arial, helvetica, sans-serif;
    font-size: 80%; }
table       { font-size: 100%; width: 100%;}
pre         { font-size: 80%; }

/* -- heading -------------------------------------------------------------- */
h1 {
        font-size: 16pt;
        color: gray;
}
.heading {
    margin-top: 0ex;
    margin-bottom: 1ex;
}

.heading .attribute {
    margin-top: 1ex;
    margin-bottom: 0;
}

.heading .description {
    margin-top: 4ex;
    margin-bottom: 6ex;
}

/* -- css div popup -------------------------------------------------------- */
a.popup_link {
}

a.popup_link:hover {
    color: red;
}

.popup_window {
    display: none;
    overflow-x: scroll;
    /*border: solid #627173 1px; */
    padding: 10px;
    background-color: #E6E6D6;
    font-family: "Ubuntu Mono", "Lucida Console", "Courier New", monospace;
    text-align: left;
    font-size: 8pt;
}

}
/* -- report --------------------------------------------------------------- */
#show_detail_line {
    margin-top: 3ex;
    margin-bottom: 1ex;
}
#result_table {
    width: 100%;
    border-collapse: collapse;
    border: 1px solid #777;
}
#header_row {
    font-weight: bold;
    color: white;
    background-color: #777;
}
#result_table td {
    border: 1px solid #777;
    padding: 2px;
}
#total_row  { font-weight: bold; }
.passClass  { background-color: #6c6; }
.failClass  { background-color: #c60; }
.errorClass { background-color: #c00; }
.passCase   { color: #6c6; }
.failCase   { color: #c60; font-weight: bold; }
.errorCase  { color: #c00; font-weight: bold; }
.hiddenRow  { display: none; }
.testcase   { margin-left: 2em; }
td.testname {width: 40%}
td.small {width: 40px}

/* -- ending --------------------------------------------------------------- */
#ending {
}

</style>

</head>
<body>
<script language="javascript" type="text/javascript"><!--
output_list = Array();

/* level - 0:Summary; 1:Failed; 2:All */
function showCase(level) {
    trs = document.getElementsByTagName("tr");
    for (var i = 0; i < trs.length; i++) {
        tr = trs[i];
        id = tr.id;
        if (id.substr(0,2) == 'ft') {
            if (level < 1) {
                tr.className = 'hiddenRow';
            }
            else {
                tr.className = '';
            }
        }
        if (id.substr(0,2) == 'pt') {
            if (level > 1) {
                tr.className = '';
            }
            else {
                tr.className = 'hiddenRow';
            }
        }
    }
}


function showClassDetail(cid, count) {
    var id_list = Array(count);
    var toHide = 1;
    for (var i = 0; i < count; i++) {
        tid0 = 't' + cid.substr(1) + '.' + (i+1);
        tid = 'f' + tid0;
        tr = document.getElementById(tid);
        if (!tr) {
            tid = 'p' + tid0;
            tr = document.getElementById(tid);
        }
        id_list[i] = tid;
        if (tr.className) {
            toHide = 0;
        }
    }
    for (var i = 0; i < count; i++) {
        tid = id_list[i];
        if (toHide) {
            document.getElementById('div_'+tid).style.display = 'none'
            document.getElementById(tid).className = 'hiddenRow';
        }
        else {
            document.getElementById(tid).className = '';
        }
    }
}


function showTestDetail(div_id){
    var details_div = document.getElementById(div_id)
    var displayState = details_div.style.display
    // alert(displayState)
    if (displayState != 'block' ) {
        displayState = 'block'
        details_div.style.display = 'block'
    }
    else {
        details_div.style.display = 'none'
    }
}


function html_escape(s) {
    s = s.replace(/&/g,'&amp;');
    s = s.replace(/</g,'&lt;');
    s = s.replace(/>/g,'&gt;');
    return s;
}

/* obsoleted by detail in <div>
function showOutput(id, name) {
    var w = window.open("", //url
                    name,
                    "resizable,scrollbars,status,width=800,height=450");
    d = w.document;
    d.write("<pre>");
    d.write(html_escape(output_list[id]));
    d.write("\n");
    d.write("<a href='javascript:window.close()'>close</a>\n");
    d.write("</pre>\n");
    d.close();
}
*/
--></script>

<div class='heading'>
<h1>Unit Test Report</h1>

<p class='attribute'><strong>Status:</strong> Pass 8 Failure 1</p>

<p class='description'></p>
</div>



<p id='show_detail_line'>Show
<a href='javascript:showCase(0)'>Summary</a>
<a href='javascript:showCase(1)'>Failed</a>
<a href='javascript:showCase(2)'>All</a>
</p>
<table id='result_table'>
<colgroup>
<col align='left' />
<col align='right' />
<col align='right' />
<col align='right' />
<col align='right' />
<col align='right' />
<col align='right' />
<col align='right' />
</colgroup>
<tr id='header_row'>
    <td>Test Group/Test case</td>
    <td>Count</td>
    <td>Pass</td>
    <td>Fail</td>
    <td>Error</td>
    <td>Skip</td>
    <td>View</td>
    <td> </td>
</tr>

<tr class='failClass'>
    <td class="testname">tempest.scenario.test_network_basic_ops.TestNetworkBasicOps</td>
    <td class="small">9</td>
    <td class="small">8</td>
    <td class="small">1</td>
    <td class="small">0</td>
    <td class="small">0</td>
    <td class="small"><a href="javascript:showClassDetail('c1',9)"
>Detail</a></td>
    <td> </td>
</tr>

<tr id='pt1.1' class='hiddenRow'>
    <td class='none'><div class='testcase'>test_connectivity_between_vms_on_different_networks[compute,id-1546850e-fbaa-42f5-8b5f-03d8a6a95f15,network]</div></td>
    <td colspan='7' align='left'>

    <!--css div popup start-->
    <a class="popup_link" onfocus='this.blur();'
    href="javascript:showTestDetail('div_pt1.1')" >
        pass</a>

    <div id='div_pt1.1' class="popup_window">
        <div style='text-align: right; color:red;cursor:pointer'>
        <a onfocus='this.blur();'
onclick="document.getElementById('div_pt1.1').style.display = 'none' " >
           [x]</a>
        </div>
        <pre>
        
pt1.1: tempest.scenario.test_network_basic_ops.TestNetworkBasicOps.test_connectivity_between_vms_on_different_networks[compute,id-1546850e-fbaa-42f5-8b5f-03d8a6a95f15,network]

        </pre>
    </div>
    <!--css div popup end-->

    </td>
</tr>

<tr id='pt1.2' class='hiddenRow'>
    <td class='none'><div class='testcase'>test_hotplug_nic[compute,id-c5adff73-e961-41f1-b4a9-343614f18cfa,network]</div></td>
    <td colspan='7' align='left'>

    <!--css div popup start-->
    <a class="popup_link" onfocus='this.blur();'
    href="javascript:showTestDetail('div_pt1.2')" >
        pass</a>

    <div id='div_pt1.2' class="popup_window">
        <div style='text-align: right; color:red;cursor:pointer'>
        <a onfocus='this.blur();'
onclick="document.getElementById('div_pt1.2').style.display = 'none' " >
           [x]</a>
        </div>
        <pre>
        
pt1.2: tempest.scenario.test_network_basic_ops.TestNetworkBasicOps.test_hotplug_nic[compute,id-c5adff73-e961-41f1-b4a9-343614f18cfa,network]

        </pre>
    </div>
    <!--css div popup end-->

    </td>
</tr>

<tr id='pt1.3' class='hiddenRow'>
    <td class='none'><div class='testcase'>test_network_basic_ops[compute,id-f323b3ba-82f8-4db7-8ea6-6a895869ec49,network,smoke]</div></td>
    <td colspan='7' align='left'>

    <!--css div popup start-->
    <a class="popup_link" onfocus='this.blur();'
    href="javascript:showTestDetail('div_pt1.3')" >
        pass</a>

    <div id='div_pt1.3' class="popup_window">
        <div style='text-align: right; color:red;cursor:pointer'>
        <a onfocus='this.blur();'
onclick="document.getElementById('div_pt1.3').style.display = 'none' " >
           [x]</a>
        </div>
        <pre>
        
pt1.3: tempest.scenario.test_network_basic_ops.TestNetworkBasicOps.test_network_basic_ops[compute,id-f323b3ba-82f8-4db7-8ea6-6a895869ec49,network,smoke]

        </pre>
    </div>
    <!--css div popup end-->

    </td>
</tr>

<tr id='pt1.4' class='hiddenRow'>
    <td class='none'><div class='testcase'>test_port_security_macspoofing_port[compute,id-7c0bb1a2-d053-49a4-98f9-ca1a1d849f63,network]</div></td>
    <td colspan='7' align='left'>

    <!--css div popup start-->
    <a class="popup_link" onfocus='this.blur();'
    href="javascript:showTestDetail('div_pt1.4')" >
        pass</a>

    <div id='div_pt1.4' class="popup_window">
        <div style='text-align: right; color:red;cursor:pointer'>
        <a onfocus='this.blur();'
onclick="document.getElementById('div_pt1.4').style.display = 'none' " >
           [x]</a>
        </div>
        <pre>
        
pt1.4: tempest.scenario.test_network_basic_ops.TestNetworkBasicOps.test_port_security_macspoofing_port[compute,id-7c0bb1a2-d053-49a4-98f9-ca1a1d849f63,network]

        </pre>
    </div>
    <!--css div popup end-->

    </td>
</tr>

<tr id='pt1.5' class='hiddenRow'>
    <td class='none'><div class='testcase'>test_preserve_preexisting_port[compute,id-759462e1-8535-46b0-ab3a-33aa45c55aaa,network]</div></td>
    <td colspan='7' align='left'>

    <!--css div popup start-->
    <a class="popup_link" onfocus='this.blur();'
    href="javascript:showTestDetail('div_pt1.5')" >
        pass</a>

    <div id='div_pt1.5' class="popup_window">
        <div style='text-align: right; color:red;cursor:pointer'>
        <a onfocus='this.blur();'
onclick="document.getElementById('div_pt1.5').style.display = 'none' " >
           [x]</a>
        </div>
        <pre>
        
pt1.5: tempest.scenario.test_network_basic_ops.TestNetworkBasicOps.test_preserve_preexisting_port[compute,id-759462e1-8535-46b0-ab3a-33aa45c55aaa,network]

        </pre>
    </div>
    <!--css div popup end-->

    </td>
</tr>

<tr id='pt1.6' class='hiddenRow'>
    <td class='none'><div class='testcase'>test_router_rescheduling[compute,id-2e788c46-fb3f-4ac9-8f82-0561555bea73,network]</div></td>
    <td colspan='7' align='left'>

    <!--css div popup start-->
    <a class="popup_link" onfocus='this.blur();'
    href="javascript:showTestDetail('div_pt1.6')" >
        pass</a>

    <div id='div_pt1.6' class="popup_window">
        <div style='text-align: right; color:red;cursor:pointer'>
        <a onfocus='this.blur();'
onclick="document.getElementById('div_pt1.6').style.display = 'none' " >
           [x]</a>
        </div>
        <pre>
        
pt1.6: tempest.scenario.test_network_basic_ops.TestNetworkBasicOps.test_router_rescheduling[compute,id-2e788c46-fb3f-4ac9-8f82-0561555bea73,network]

        </pre>
    </div>
    <!--css div popup end-->

    </td>
</tr>

<tr id='pt1.7' class='hiddenRow'>
    <td class='none'><div class='testcase'>test_subnet_details[compute,id-d8bb918e-e2df-48b2-97cd-b73c95450980,network]</div></td>
    <td colspan='7' align='left'>

    <!--css div popup start-->
    <a class="popup_link" onfocus='this.blur();'
    href="javascript:showTestDetail('div_pt1.7')" >
        pass</a>

    <div id='div_pt1.7' class="popup_window">
        <div style='text-align: right; color:red;cursor:pointer'>
        <a onfocus='this.blur();'
onclick="document.getElementById('div_pt1.7').style.display = 'none' " >
           [x]</a>
        </div>
        <pre>
        
pt1.7: tempest.scenario.test_network_basic_ops.TestNetworkBasicOps.test_subnet_details[compute,id-d8bb918e-e2df-48b2-97cd-b73c95450980,network]

        </pre>
    </div>
    <!--css div popup end-->

    </td>
</tr>

<tr id='ft1.8' class='none'>
    <td class='failCase'><div class='testcase'>test_update_instance_port_admin_state[compute,id-f5dfcc22-45fd-409f-954c-5bd500d7890b,network]</div></td>
    <td colspan='7' align='left'>

    <!--css div popup start-->
    <a class="popup_link" onfocus='this.blur();'
    href="javascript:showTestDetail('div_ft1.8')" >
        fail</a>

    <div id='div_ft1.8' class="popup_window">
        <div style='text-align: right; color:red;cursor:pointer'>
        <a onfocus='this.blur();'
onclick="document.getElementById('div_ft1.8').style.display = 'none' " >
           [x]</a>
        </div>
        <pre>
        
ft1.8: tempest.scenario.test_network_basic_ops.TestNetworkBasicOps.test_update_instance_port_admin_state[compute,id-f5dfcc22-45fd-409f-954c-5bd500d7890b,network]_StringException: Empty attachments:
  stderr
  stdout

pythonlogging:'': {{{
2016-02-21 09:00:39,519 32199 INFO     [tempest_lib.common.rest_client] Request (TestNetworkBasicOps:test_update_instance_port_admin_state): 201 POST http://10.4.1.3:9696/v2.0/security-groups 0.094s
2016-02-21 09:00:39,519 32199 DEBUG    [tempest_lib.common.rest_client] Request - Headers: {'Content-Type': 'application/json', 'Accept': 'application/json', 'X-Auth-Token': '&lt;omitted&gt;'}
        Body: {"security_group": {"tenant_id": "096874a313784c1eb5f7dfab27006aaf", "description": "tempest-secgroup-smoke-761971223 description", "name": "tempest-secgroup-smoke-761971223"}}
    Response - Headers: {'status': '201', 'content-length': '886', 'connection': 'close', 'date': 'Sun, 21 Feb 2016 09:00:39 GMT', 'content-type': 'application/json; charset=UTF-8', 'x-openstack-request-id': 'req-30bfb3c4-b13b-40d5-af1a-abc51409d664'}
        Body: {"security_group": {"tenant_id": "096874a313784c1eb5f7dfab27006aaf", "description": "tempest-secgroup-smoke-761971223 description", "id": "7a20b149-40de-429c-8351-07e936e50844", "security_group_rules": [{"remote_group_id": null, "direction": "egress", "remote_ip_prefix": null, "protocol": null, "ethertype": "IPv4", "tenant_id": "096874a313784c1eb5f7dfab27006aaf", "port_range_max": null, "port_range_min": null, "id": "ba849acd-08c1-4597-8fab-c974cff10e44", "security_group_id": "7a20b149-40de-429c-8351-07e936e50844"}, {"remote_group_id": null, "direction": "egress", "remote_ip_prefix": null, "protocol": null, "ethertype": "IPv6", "tenant_id": "096874a313784c1eb5f7dfab27006aaf", "port_range_max": null, "port_range_min": null, "id": "94cbd548-fee7-4abc-bb70-a8cebaf3fac7", "security_group_id": "7a20b149-40de-429c-8351-07e936e50844"}], "name": "tempest-secgroup-smoke-761971223"}}
2016-02-21 09:00:39,626 32199 INFO     [tempest_lib.common.rest_client] Request (TestNetworkBasicOps:test_update_instance_port_admin_state): 201 POST http://10.4.1.3:9696/v2.0/security-group-rules 0.104s
2016-02-21 09:00:39,627 32199 DEBUG    [tempest_lib.common.rest_client] Request - Headers: {'Content-Type': 'application/json', 'Accept': 'application/json', 'X-Auth-Token': '&lt;omitted&gt;'}
        Body: {"security_group_rule": {"direction": "ingress", "protocol": "tcp", "tenant_id": "096874a313784c1eb5f7dfab27006aaf", "port_range_max": 22, "security_group_id": "7a20b149-40de-429c-8351-07e936e50844", "port_range_min": 22}}
    Response - Headers: {'status': '201', 'content-length': '340', 'connection': 'close', 'date': 'Sun, 21 Feb 2016 09:00:39 GMT', 'content-type': 'application/json; charset=UTF-8', 'x-openstack-request-id': 'req-f97e2c5a-d7b6-4109-ad7b-aeb70d3920e6'}
        Body: {"security_group_rule": {"remote_group_id": null, "direction": "ingress", "remote_ip_prefix": null, "protocol": "tcp", "ethertype": "IPv4", "tenant_id": "096874a313784c1eb5f7dfab27006aaf", "port_range_max": 22, "port_range_min": 22, "id": "99d13699-eb8e-4cd2-b357-14dfacfb5845", "security_group_id": "7a20b149-40de-429c-8351-07e936e50844"}}
2016-02-21 09:00:39,753 32199 INFO     [tempest_lib.common.rest_client] Request (TestNetworkBasicOps:test_update_instance_port_admin_state): 201 POST http://10.4.1.3:9696/v2.0/security-group-rules 0.125s
2016-02-21 09:00:39,754 32199 DEBUG    [tempest_lib.common.rest_client] Request - Headers: {'Content-Type': 'application/json', 'Accept': 'application/json', 'X-Auth-Token': '&lt;omitted&gt;'}
        Body: {"security_group_rule": {"direction": "egress", "protocol": "tcp", "tenant_id": "096874a313784c1eb5f7dfab27006aaf", "port_range_max": 22, "security_group_id": "7a20b149-40de-429c-8351-07e936e50844", "port_range_min": 22}}
    Response - Headers: {'status': '201', 'content-length': '339', 'connection': 'close', 'date': 'Sun, 21 Feb 2016 09:00:39 GMT', 'content-type': 'application/json; charset=UTF-8', 'x-openstack-request-id': 'req-57f8eb54-030f-4d8f-ae45-3355aa541e75'}
        Body: {"security_group_rule": {"remote_group_id": null, "direction": "egress", "remote_ip_prefix": null, "protocol": "tcp", "ethertype": "IPv4", "tenant_id": "096874a313784c1eb5f7dfab27006aaf", "port_range_max": 22, "port_range_min": 22, "id": "0aacfc3f-619c-4916-b8b1-aebdf9114067", "security_group_id": "7a20b149-40de-429c-8351-07e936e50844"}}
2016-02-21 09:00:39,873 32199 INFO     [tempest_lib.common.rest_client] Request (TestNetworkBasicOps:test_update_instance_port_admin_state): 201 POST http://10.4.1.3:9696/v2.0/security-group-rules 0.117s
2016-02-21 09:00:39,873 32199 DEBUG    [tempest_lib.common.rest_client] Request - Headers: {'Content-Type': 'application/json', 'Accept': 'application/json', 'X-Auth-Token': '&lt;omitted&gt;'}
        Body: {"security_group_rule": {"tenant_id": "096874a313784c1eb5f7dfab27006aaf", "direction": "ingress", "protocol": "icmp", "security_group_id": "7a20b149-40de-429c-8351-07e936e50844"}}
    Response - Headers: {'status': '201', 'content-length': '345', 'connection': 'close', 'date': 'Sun, 21 Feb 2016 09:00:39 GMT', 'content-type': 'application/json; charset=UTF-8', 'x-openstack-request-id': 'req-07785d7e-264f-4d92-bf83-494237f51a57'}
        Body: {"security_group_rule": {"remote_group_id": null, "direction": "ingress", "remote_ip_prefix": null, "protocol": "icmp", "ethertype": "IPv4", "tenant_id": "096874a313784c1eb5f7dfab27006aaf", "port_range_max": null, "port_range_min": null, "id": "96b15502-dc4f-4571-9bd0-4c1de1616580", "security_group_id": "7a20b149-40de-429c-8351-07e936e50844"}}
2016-02-21 09:00:39,988 32199 INFO     [tempest_lib.common.rest_client] Request (TestNetworkBasicOps:test_update_instance_port_admin_state): 201 POST http://10.4.1.3:9696/v2.0/security-group-rules 0.113s
2016-02-21 09:00:39,988 32199 DEBUG    [tempest_lib.common.rest_client] Request - Headers: {'Content-Type': 'application/json', 'Accept': 'application/json', 'X-Auth-Token': '&lt;omitted&gt;'}
        Body: {"security_group_rule": {"tenant_id": "096874a313784c1eb5f7dfab27006aaf", "direction": "egress", "protocol": "icmp", "security_group_id": "7a20b149-40de-429c-8351-07e936e50844"}}
    Response - Headers: {'status': '201', 'content-length': '344', 'connection': 'close', 'date': 'Sun, 21 Feb 2016 09:00:39 GMT', 'content-type': 'application/json; charset=UTF-8', 'x-openstack-request-id': 'req-c784c347-28df-4e2b-a5b8-4a74e64ac54e'}
        Body: {"security_group_rule": {"remote_group_id": null, "direction": "egress", "remote_ip_prefix": null, "protocol": "icmp", "ethertype": "IPv4", "tenant_id": "096874a313784c1eb5f7dfab27006aaf", "port_range_max": null, "port_range_min": null, "id": "b9888630-b8e2-4ba3-964a-365d32d3aacd", "security_group_id": "7a20b149-40de-429c-8351-07e936e50844"}}
2016-02-21 09:00:40,112 32199 INFO     [tempest_lib.common.rest_client] Request (TestNetworkBasicOps:test_update_instance_port_admin_state): 201 POST http://10.4.1.3:9696/v2.0/security-group-rules 0.123s
2016-02-21 09:00:40,113 32199 DEBUG    [tempest_lib.common.rest_client] Request - Headers: {'Content-Type': 'application/json', 'Accept': 'application/json', 'X-Auth-Token': '&lt;omitted&gt;'}
        Body: {"security_group_rule": {"tenant_id": "096874a313784c1eb5f7dfab27006aaf", "direction": "ingress", "security_group_id": "7a20b149-40de-429c-8351-07e936e50844", "protocol": "icmp", "ethertype": "IPv6"}}
    Response - Headers: {'status': '201', 'content-length': '345', 'connection': 'close', 'date': 'Sun, 21 Feb 2016 09:00:40 GMT', 'content-type': 'application/json; charset=UTF-8', 'x-openstack-request-id': 'req-ac272293-2b57-4381-bd8a-8dd3db883080'}
        Body: {"security_group_rule": {"remote_group_id": null, "direction": "ingress", "remote_ip_prefix": null, "protocol": "icmp", "ethertype": "IPv6", "tenant_id": "096874a313784c1eb5f7dfab27006aaf", "port_range_max": null, "port_range_min": null, "id": "e9d0d2df-598f-45f2-a3a4-829540699288", "security_group_id": "7a20b149-40de-429c-8351-07e936e50844"}}
2016-02-21 09:00:40,224 32199 INFO     [tempest_lib.common.rest_client] Request (TestNetworkBasicOps:test_update_instance_port_admin_state): 201 POST http://10.4.1.3:9696/v2.0/security-group-rules 0.110s
2016-02-21 09:00:40,224 32199 DEBUG    [tempest_lib.common.rest_client] Request - Headers: {'Content-Type': 'application/json', 'Accept': 'application/json', 'X-Auth-Token': '&lt;omitted&gt;'}
        Body: {"security_group_rule": {"tenant_id": "096874a313784c1eb5f7dfab27006aaf", "direction": "egress", "security_group_id": "7a20b149-40de-429c-8351-07e936e50844", "protocol": "icmp", "ethertype": "IPv6"}}
    Response - Headers: {'status': '201', 'content-length': '344', 'connection': 'close', 'date': 'Sun, 21 Feb 2016 09:00:40 GMT', 'content-type': 'application/json; charset=UTF-8', 'x-openstack-request-id': 'req-6c192b94-02da-472c-b94e-f3764eeb3703'}
        Body: {"security_group_rule": {"remote_group_id": null, "direction": "egress", "remote_ip_prefix": null, "protocol": "icmp", "ethertype": "IPv6", "tenant_id": "096874a313784c1eb5f7dfab27006aaf", "port_range_max": null, "port_range_min": null, "id": "9a7ba640-a328-4d49-8bff-be9f06cb56d1", "security_group_id": "7a20b149-40de-429c-8351-07e936e50844"}}
2016-02-21 09:00:40,392 32199 INFO     [tempest_lib.common.rest_client] Request (TestNetworkBasicOps:test_update_instance_port_admin_state): 201 POST http://10.4.1.3:9696/v2.0/networks 0.166s
2016-02-21 09:00:40,393 32199 DEBUG    [tempest_lib.common.rest_client] Request - Headers: {'Content-Type': 'application/json', 'Accept': 'application/json', 'X-Auth-Token': '&lt;omitted&gt;'}
        Body: {"network": {"tenant_id": "096874a313784c1eb5f7dfab27006aaf", "name": "tempest-network-smoke--9178435"}}
    Response - Headers: {'status': '201', 'content-length': '296', 'connection': 'close', 'date': 'Sun, 21 Feb 2016 09:00:40 GMT', 'content-type': 'application/json; charset=UTF-8', 'x-openstack-request-id': 'req-623b2e76-0422-4274-aaa7-20361d0bb0a0'}
        Body: {"network": {"status": "ACTIVE", "subnets": [], "name": "tempest-network-smoke--9178435", "admin_state_up": true, "tenant_id": "096874a313784c1eb5f7dfab27006aaf", "mtu": 1450, "router:external": false, "shared": false, "port_security_enabled": true, "id": "a5509af3-8a33-4d6e-a7aa-a31e51e0e81e"}}
2016-02-21 09:00:40,458 32199 INFO     [tempest_lib.common.rest_client] Request (TestNetworkBasicOps:test_update_instance_port_admin_state): 201 POST http://10.4.1.3:9696/v2.0/routers 0.064s
2016-02-21 09:00:40,459 32199 DEBUG    [tempest_lib.common.rest_client] Request - Headers: {'Content-Type': 'application/json', 'Accept': 'application/json', 'X-Auth-Token': '&lt;omitted&gt;'}
        Body: {"router": {"tenant_id": "096874a313784c1eb5f7dfab27006aaf", "name": "tempest-router-smoke-273876179", "admin_state_up": true}}
    Response - Headers: {'status': '201', 'content-length': '238', 'connection': 'close', 'date': 'Sun, 21 Feb 2016 09:00:40 GMT', 'content-type': 'application/json; charset=UTF-8', 'x-openstack-request-id': 'req-beb23c82-2836-4968-ae0e-a11c5784b25b'}
        Body: {"router": {"status": "ACTIVE", "external_gateway_info": null, "name": "tempest-router-smoke-273876179", "admin_state_up": true, "tenant_id": "096874a313784c1eb5f7dfab27006aaf", "routes": [], "id": "0040c25c-e78d-46f9-8d71-f3c8a112e8d2"}}
2016-02-21 09:00:40,507 32199 INFO     [tempest_lib.common.rest_client] Request (TestNetworkBasicOps:test_update_instance_port_admin_state): 200 GET http://10.4.1.3:9696/v2.0/routers/0040c25c-e78d-46f9-8d71-f3c8a112e8d2 0.048s
2016-02-21 09:00:40,508 32199 DEBUG    [tempest_lib.common.rest_client] Request - Headers: {'Content-Type': 'application/json', 'Accept': 'application/json', 'X-Auth-Token': '&lt;omitted&gt;'}
        Body: None
    Response - Headers: {'status': '200', 'content-length': '238', 'content-location': 'http://10.4.1.3:9696/v2.0/routers/0040c25c-e78d-46f9-8d71-f3c8a112e8d2', 'connection': 'close', 'date': 'Sun, 21 Feb 2016 09:00:40 GMT', 'content-type': 'application/json; charset=UTF-8', 'x-openstack-request-id': 'req-51a6dc76-4d2f-448e-883f-327687586569'}
        Body: {"router": {"status": "ACTIVE", "external_gateway_info": null, "name": "tempest-router-smoke-273876179", "admin_state_up": true, "tenant_id": "096874a313784c1eb5f7dfab27006aaf", "routes": [], "id": "0040c25c-e78d-46f9-8d71-f3c8a112e8d2"}}
2016-02-21 09:00:41,064 32199 INFO     [tempest_lib.common.rest_client] Request (TestNetworkBasicOps:test_update_instance_port_admin_state): 200 PUT http://10.4.1.3:9696/v2.0/routers/0040c25c-e78d-46f9-8d71-f3c8a112e8d2 0.555s
2016-02-21 09:00:41,065 32199 DEBUG    [tempest_lib.common.rest_client] Request - Headers: {'Content-Type': 'application/json', 'Accept': 'application/json', 'X-Auth-Token': '&lt;omitted&gt;'}
        Body: {"router": {"external_gateway_info": {"network_id": "6502271e-17cd-4621-8952-1257a08c952b"}, "name": "tempest-router-smoke-273876179", "admin_state_up": true}}
    Response - Headers: {'status': '200', 'content-length': '502', 'connection': 'close', 'date': 'Sun, 21 Feb 2016 09:00:41 GMT', 'content-type': 'application/json; charset=UTF-8', 'x-openstack-request-id': 'req-eed74c88-c85b-47e1-b94b-5defc60aef31'}
        Body: {"router": {"status": "ACTIVE", "external_gateway_info": {"network_id": "6502271e-17cd-4621-8952-1257a08c952b", "enable_snat": true, "external_fixed_ips": [{"subnet_id": "73c53ab5-0c7b-442f-910b-32028b05c6ec", "ip_address": "172.24.4.17"}, {"subnet_id": "47c42971-3ed5-4174-8662-77ca51f10f52", "ip_address": "2001:db8::11"}]}, "name": "tempest-router-smoke-273876179", "admin_state_up": true, "tenant_id": "096874a313784c1eb5f7dfab27006aaf", "routes": [], "id": "0040c25c-e78d-46f9-8d71-f3c8a112e8d2"}}
2016-02-21 09:00:41,099 32199 INFO     [tempest_lib.common.rest_client] Request (TestNetworkBasicOps:test_update_instance_port_admin_state): 200 GET http://10.4.1.3:9696/v2.0/subnets?tenant_id=096874a313784c1eb5f7dfab27006aaf&amp;cidr=10.100.0.0%2F28 0.032s
2016-02-21 09:00:41,100 32199 DEBUG    [tempest_lib.common.rest_client] Request - Headers: {'Content-Type': 'application/json', 'Accept': 'application/json', 'X-Auth-Token': '&lt;omitted&gt;'}
        Body: None
    Response - Headers: {'status': '200', 'content-length': '15', 'content-location': 'http://10.4.1.3:9696/v2.0/subnets?tenant_id=096874a313784c1eb5f7dfab27006aaf&amp;cidr=10.100.0.0%2F28', 'connection': 'close', 'date': 'Sun, 21 Feb 2016 09:00:41 GMT', 'content-type': 'application/json; charset=UTF-8', 'x-openstack-request-id': 'req-38282fd8-2568-40cd-911c-1dafa472985c'}
        Body: {"subnets": []}
2016-02-21 09:00:41,344 32199 INFO     [tempest_lib.common.rest_client] Request (TestNetworkBasicOps:test_update_instance_port_admin_state): 201 POST http://10.4.1.3:9696/v2.0/subnets 0.243s
2016-02-21 09:00:41,344 32199 DEBUG    [tempest_lib.common.rest_client] Request - Headers: {'Content-Type': 'application/json', 'Accept': 'application/json', 'X-Auth-Token': '&lt;omitted&gt;'}
        Body: {"subnet": {"ip_version": 4, "tenant_id": "096874a313784c1eb5f7dfab27006aaf", "cidr": "10.100.0.0/28", "network_id": "a5509af3-8a33-4d6e-a7aa-a31e51e0e81e", "name": "tempest-subnet-smoke-877042230"}}
    Response - Headers: {'status': '201', 'content-length': '477', 'connection': 'close', 'date': 'Sun, 21 Feb 2016 09:00:41 GMT', 'content-type': 'application/json; charset=UTF-8', 'x-openstack-request-id': 'req-5d17c76a-d618-4068-bd5d-c9f7a6495631'}
        Body: {"subnet": {"name": "tempest-subnet-smoke-877042230", "enable_dhcp": true, "network_id": "a5509af3-8a33-4d6e-a7aa-a31e51e0e81e", "tenant_id": "096874a313784c1eb5f7dfab27006aaf", "dns_nameservers": [], "gateway_ip": "10.100.0.1", "ipv6_ra_mode": null, "allocation_pools": [{"start": "10.100.0.2", "end": "10.100.0.14"}], "host_routes": [], "ip_version": 4, "ipv6_address_mode": null, "cidr": "10.100.0.0/28", "id": "f538dcd3-5e33-4027-b2a5-4691e72435a2", "subnetpool_id": null}}
2016-02-21 09:00:41,879 32199 INFO     [tempest_lib.common.rest_client] Request (TestNetworkBasicOps:test_update_instance_port_admin_state): 200 PUT http://10.4.1.3:9696/v2.0/routers/0040c25c-e78d-46f9-8d71-f3c8a112e8d2/add_router_interface 0.534s
2016-02-21 09:00:41,880 32199 DEBUG    [tempest_lib.common.rest_client] Request - Headers: {'Content-Type': 'application/json', 'Accept': 'application/json', 'X-Auth-Token': '&lt;omitted&gt;'}
        Body: {"subnet_id": "f538dcd3-5e33-4027-b2a5-4691e72435a2"}
    Response - Headers: {'status': '200', 'content-length': '255', 'connection': 'close', 'date': 'Sun, 21 Feb 2016 09:00:41 GMT', 'content-type': 'application/json; charset=UTF-8', 'x-openstack-request-id': 'req-2145b5e4-b988-4450-8414-e1a7152dc953'}
        Body: {"subnet_id": "f538dcd3-5e33-4027-b2a5-4691e72435a2", "tenant_id": "096874a313784c1eb5f7dfab27006aaf", "subnet_ids": ["f538dcd3-5e33-4027-b2a5-4691e72435a2"], "port_id": "2748da05-aef2-4882-b64e-ec839d23c939", "id": "0040c25c-e78d-46f9-8d71-f3c8a112e8d2"}
2016-02-21 09:00:41,918 32199 INFO     [tempest_lib.common.rest_client] Request (TestNetworkBasicOps:test_update_instance_port_admin_state): 200 GET http://10.4.1.3:9696/v2.0/networks 0.037s
2016-02-21 09:00:41,918 32199 DEBUG    [tempest_lib.common.rest_client] Request - Headers: {'Content-Type': 'application/json', 'Accept': 'application/json', 'X-Auth-Token': '&lt;omitted&gt;'}
        Body: None
    Response - Headers: {'status': '200', 'content-length': '1324', 'content-location': 'http://10.4.1.3:9696/v2.0/networks', 'connection': 'close', 'date': 'Sun, 21 Feb 2016 09:00:41 GMT', 'content-type': 'application/json; charset=UTF-8', 'x-openstack-request-id': 'req-79291c93-a9ec-4ea6-b1cc-f31a933b0346'}
        Body: {"networks": [{"status": "ACTIVE", "subnets": ["f948bb1b-242b-4ec3-a914-21173febe9fa", "a66dab74-57f7-447e-b94c-44e6a2b77cf4"], "name": "private", "provider:physical_network": null, "admin_state_up": true, "tenant_id": "3ff1b6d888c94ae8b7c1c1364f7b5abe", "mtu": 1450, "router:external": false, "shared": false, "port_security_enabled": true, "provider:network_type": "vxlan", "id": "abe0b2d9-390a-4c41-89f8-dd8215f4957b", "provider:segmentation_id": 1030}, {"status": "ACTIVE", "subnets": ["47c42971-3ed5-4174-8662-77ca51f10f52", "73c53ab5-0c7b-442f-910b-32028b05c6ec"], "name": "public", "provider:physical_network": null, "admin_state_up": true, "tenant_id": "0d1c28b62d5f48068a2a05a399e0dc08", "mtu": 1450, "router:external": true, "shared": false, "port_security_enabled": true, "provider:network_type": "vxlan", "id": "6502271e-17cd-4621-8952-1257a08c952b", "provider:segmentation_id": 1039}, {"status": "ACTIVE", "subnets": ["f538dcd3-5e33-4027-b2a5-4691e72435a2"], "name": "tempest-network-smoke--9178435", "provider:physical_network": null, "admin_state_up": true, "tenant_id": "096874a313784c1eb5f7dfab27006aaf", "mtu": 1450, "router:external": false, "shared": false, "port_security_enabled": true, "provider:network_type": "vxlan", "id": "a5509af3-8a33-4d6e-a7aa-a31e51e0e81e", "provider:segmentation_id": 1032}]}
2016-02-21 09:00:41,959 32199 INFO     [tempest_lib.common.rest_client] Request (TestNetworkBasicOps:test_update_instance_port_admin_state): 200 GET http://10.4.1.3:9696/v2.0/subnets 0.040s
2016-02-21 09:00:41,960 32199 DEBUG    [tempest_lib.common.rest_client] Request - Headers: {'Content-Type': 'application/json', 'Accept': 'application/json', 'X-Auth-Token': '&lt;omitted&gt;'}
        Body: None
    Response - Headers: {'status': '200', 'content-length': '2407', 'content-location': 'http://10.4.1.3:9696/v2.0/subnets', 'connection': 'close', 'date': 'Sun, 21 Feb 2016 09:00:41 GMT', 'content-type': 'application/json; charset=UTF-8', 'x-openstack-request-id': 'req-10b0171a-4229-4ff1-ab36-dbf1c960f0c6'}
        Body: {"subnets": [{"name": "public-subnet", "enable_dhcp": false, "network_id": "6502271e-17cd-4621-8952-1257a08c952b", "tenant_id": "0d1c28b62d5f48068a2a05a399e0dc08", "dns_nameservers": [], "gateway_ip": "172.24.4.1", "ipv6_ra_mode": null, "allocation_pools": [{"start": "172.24.4.2", "end": "172.24.4.254"}], "host_routes": [], "ip_version": 4, "ipv6_address_mode": null, "cidr": "172.24.4.0/24", "id": "73c53ab5-0c7b-442f-910b-32028b05c6ec", "subnetpool_id": null}, {"name": "private-subnet", "enable_dhcp": true, "network_id": "abe0b2d9-390a-4c41-89f8-dd8215f4957b", "tenant_id": "3ff1b6d888c94ae8b7c1c1364f7b5abe", "dns_nameservers": [], "gateway_ip": "10.0.0.1", "ipv6_ra_mode": null, "allocation_pools": [{"start": "10.0.0.2", "end": "10.0.0.254"}], "host_routes": [], "ip_version": 4, "ipv6_address_mode": null, "cidr": "10.0.0.0/24", "id": "a66dab74-57f7-447e-b94c-44e6a2b77cf4", "subnetpool_id": null}, {"name": "tempest-subnet-smoke-877042230", "enable_dhcp": true, "network_id": "a5509af3-8a33-4d6e-a7aa-a31e51e0e81e", "tenant_id": "096874a313784c1eb5f7dfab27006aaf", "dns_nameservers": [], "gateway_ip": "10.100.0.1", "ipv6_ra_mode": null, "allocation_pools": [{"start": "10.100.0.2", "end": "10.100.0.14"}], "host_routes": [], "ip_version": 4, "ipv6_address_mode": null, "cidr": "10.100.0.0/28", "id": "f538dcd3-5e33-4027-b2a5-4691e72435a2", "subnetpool_id": null}, {"name": "ipv6-public-subnet", "enable_dhcp": false, "network_id": "6502271e-17cd-4621-8952-1257a08c952b", "tenant_id": "0d1c28b62d5f48068a2a05a399e0dc08", "dns_nameservers": [], "gateway_ip": "2001:db8::2", "ipv6_ra_mode": null, "allocation_pools": [{"start": "2001:db8::1", "end": "2001:db8::1"}, {"start": "2001:db8::3", "end": "2001:db8::ffff:ffff:ffff:ffff"}], "host_routes": [], "ip_version": 6, "ipv6_address_mode": null, "cidr": "2001:db8::/64", "id": "47c42971-3ed5-4174-8662-77ca51f10f52", "subnetpool_id": null}, {"name": "ipv6-private-subnet", "enable_dhcp": true, "network_id": "abe0b2d9-390a-4c41-89f8-dd8215f4957b", "tenant_id": "3ff1b6d888c94ae8b7c1c1364f7b5abe", "dns_nameservers": [], "gateway_ip": "fde6:5ac3:aeb0::1", "ipv6_ra_mode": "slaac", "allocation_pools": [{"start": "fde6:5ac3:aeb0::2", "end": "fde6:5ac3:aeb0:0:ffff:ffff:ffff:ffff"}], "host_routes": [], "ip_version": 6, "ipv6_address_mode": "slaac", "cidr": "fde6:5ac3:aeb0::/64", "id": "f948bb1b-242b-4ec3-a914-21173febe9fa", "subnetpool_id": null}]}
2016-02-21 09:00:42,003 32199 INFO     [tempest_lib.common.rest_client] Request (TestNetworkBasicOps:test_update_instance_port_admin_state): 200 GET http://10.4.1.3:9696/v2.0/routers 0.042s
2016-02-21 09:00:42,003 32199 DEBUG    [tempest_lib.common.rest_client] Request - Headers: {'Content-Type': 'application/json', 'Accept': 'application/json', 'X-Auth-Token': '&lt;omitted&gt;'}
        Body: None
    Response - Headers: {'status': '200', 'content-length': '1042', 'content-location': 'http://10.4.1.3:9696/v2.0/routers', 'connection': 'close', 'date': 'Sun, 21 Feb 2016 09:00:42 GMT', 'content-type': 'application/json; charset=UTF-8', 'x-openstack-request-id': 'req-c7d83d87-fef9-472b-8ea3-279f1c36d2bd'}
        Body: {"routers": [{"status": "ACTIVE", "external_gateway_info": {"network_id": "6502271e-17cd-4621-8952-1257a08c952b", "enable_snat": true, "external_fixed_ips": [{"subnet_id": "73c53ab5-0c7b-442f-910b-32028b05c6ec", "ip_address": "172.24.4.17"}, {"subnet_id": "47c42971-3ed5-4174-8662-77ca51f10f52", "ip_address": "2001:db8::11"}]}, "name": "tempest-router-smoke-273876179", "admin_state_up": true, "tenant_id": "096874a313784c1eb5f7dfab27006aaf", "distributed": false, "routes": [], "ha": false, "id": "0040c25c-e78d-46f9-8d71-f3c8a112e8d2"}, {"status": "ACTIVE", "external_gateway_info": {"network_id": "6502271e-17cd-4621-8952-1257a08c952b", "enable_snat": true, "external_fixed_ips": [{"subnet_id": "73c53ab5-0c7b-442f-910b-32028b05c6ec", "ip_address": "172.24.4.2"}, {"subnet_id": "47c42971-3ed5-4174-8662-77ca51f10f52", "ip_address": "2001:db8::1"}]}, "name": "router1", "admin_state_up": true, "tenant_id": "3ff1b6d888c94ae8b7c1c1364f7b5abe", "distributed": false, "routes": [], "ha": false, "id": "8628d012-69e4-4118-a57b-071894d02dc0"}]}
2016-02-21 09:00:42,170 32199 INFO     [tempest_lib.common.rest_client] Request (TestNetworkBasicOps:test_update_instance_port_admin_state): 200 POST http://10.4.1.3:8774/v2.1/096874a313784c1eb5f7dfab27006aaf/os-keypairs 0.166s
2016-02-21 09:00:42,171 32199 DEBUG    [tempest_lib.common.rest_client] Request - Headers: {'Content-Type': 'application/json', 'Accept': 'application/json', 'X-Auth-Token': '&lt;omitted&gt;'}
        Body: {"keypair": {"name": "tempest-TestNetworkBasicOps-1452020589"}}
    Response - Headers: {'status': '200', 'content-length': '2321', 'x-compute-request-id': 'req-344dbeb9-87b1-4e08-8333-7a525747272c', 'vary': 'X-OpenStack-Nova-API-Version', 'connection': 'close', 'x-openstack-nova-api-version': '2.1', 'date': 'Sun, 21 Feb 2016 09:00:42 GMT', 'content-type': 'application/json'}
        Body: {"keypair": {"public_key": "ssh-rsa AAAAB3NzaC1yc2EAAAADAQABAAABAQDP6WFtt242Xp5AqSIs6Pkzh33zqNnKzC53dJgyxwW29VNyiEKEcL2jJw2SeC9ZGIrfxlhLt5GHWA9gbGHMGKea5DSZPwyDcc33CEhE24CYsc0Zber3c7wszw5EsFjvc3vIxYaR4FyHRTfRQiuXgdXjAoqFC+l0zPibuVY9HDdjUqvsLLDMR6n223/q24F/G4MYv4Lk1TNEz2DlWB1JnxNaR7R2mTYwFz36PexpUZQq7oqoX7NsKwaBqjpIkH8+l4CfvJxPAVOUFdhlfeRRkep3I8pFTw4n1Kp0FPFyXyXrVwMgjzAaoOaeII3wVwPRx19LoNrz1ZZ3anBsSpqI+wi7 Generated-by-Nova", "private_key": "-----BEGIN RSA PRIVATE KEY-----\nMIIEqAIBAAKCAQEAz+lhbbduNl6eQKkiLOj5M4d986jZyswud3SYMscFtvVTcohC\nhHC9oycNkngvWRiK38ZYS7eRh1gPYGxhzBinmuQ0mT8Mg3HN9whIRNuAmLHNGW3q\n93O8LM8ORLBY73N7yMWGkeBch0U30UIrl4HV4wKKhQvpdMz4m7lWPRw3Y1Kr7Cyw\nzEep9tt/6tuBfxuDGL+C5NUzRM9g5VgdSZ8TWke0dpk2MBc9+j3saVGUKu6KqF+z\nbCsGgao6SJB/PpeAn7ycTwFTlBXYZX3kUZHqdyPKRU8OJ9SqdBTxcl8l61cDII8w\nGqDmniCN8FcD0cdfS6Da89WWd2pwbEqaiPsIuwIDAQABAoIBADEcxwf80YsEVMuf\naFRFgEBc3DLHixLtonhTUXSFMONkFh8y8suIOjOlEP6tZznbo0py9v6D0VuwQImd\ncIietlDPYWFl1FXkdyvIiBHD7B+luHYuUde8PhIzowI0yf1eQTpO9pfU8OZ/Qk0r\nHVL/t3+VZRVCmBYgKQXYBPgQh0DtpFDjZs0sMp6pa8ZUoBM53NAOxbrvkx0prpQP\n045D+FLRvWx1lb4ue/hT9aGpBmR4bqvSENpu3xRSprPcqL4le7IohxC3kqhtrLc4\nb2WniHtjYyfyC2Y/mQlPtuOONZGtaMlIdoHUlQmJWdT7O23VDOD/OVmV5ywv2mTf\nbzRp/PkCggCBANu3XoH7YcMZTSm29rjr9I/mEXOQEUrmkvs2y0RFt/1Iard7Z2jZ\nP8vuspFxiwVF+m3MTN7s2dwQhWdt1q0LlwKovHVxmfv8p8egTc6K4xqD7JmWysBh\nx91shmSDm85lVcCC7DPjUgP9lJ8G+OEKwHxcY7zY0VXoVLjiisd4ZSzlAoIAgQDy\nPvai022aWpZIlLDvZ5zjD0yD4m10Xp6gsB1Mq1dw+U498w75HWxnIllmSPma7LZH\n4hjfCg/fIcpFGIyqrjHBr/Tey5EfmWin3XX1KjM3jUmR09pJkYwG+X0NO+/Sn05U\nJkGbF8nNcSnVTsjOLRkhgeo3AzMz+SYch8jJMe+lHwKCAIBE3j8TQvYrrvyOvLis\n0djAWf7SWC/zaD5d25ju92NqUo6QoG+TX7UteM4j5JEMwBh03fqiTV8kKVGHT9hg\nOSfGP5mCvm7jmxgD7G029jWlFADPS4KVtpBtCR0+2Dm4Ae9U/jSHNxN4CL3S8t6D\nu1kGIfdpNBS5dq9HnEqfp08fOQKCAIEAvwD6QuRmNSBcApqK8BlIUJgNgqeUGf9J\nH/X9BCjNZ1yLXrk5Ax86DA+/YbEEbi1ahE83wRUT8qGX9OcocqOqw8dTUiA8Kygw\nprsteMNvYsvaSEs8gGlseUtaWIb7z5ygjCUl8X3ONliV3YSjPD2+5Pakj//L7Zzz\needuX4UqKY0CggCAL5Z9yf2EOmTrnSONfCJOx85vWO6p5DJpleAKHHgdXW6cKinM\nHGjP896H1fr/HMKiueWAgrvd1W1xuvzYVSwheYHMHaRg16E5GxJrxeOuvQ/ipXcR\nkNjIBEBMKzFAyIZJrgyGKG0fT7QLQYuZwg/J4OgxpaPDPb1HF7PprLY/4Pk=\n-----END RSA PRIVATE KEY-----\n", "user_id": "df5799f708a447adad15b526fe9e8412", "name": "tempest-TestNetworkBasicOps-1452020589", "fingerprint": "d7:18:39:5d:f2:3b:9b:f7:66:a9:92:7d:1e:a6:28:2d"}}
2016-02-21 09:00:42,332 32199 INFO     [tempest_lib.common.rest_client] Request (TestNetworkBasicOps:test_update_instance_port_admin_state): 200 POST http://10.4.1.3:5000/v2.0/tokens
2016-02-21 09:00:42,333 32199 DEBUG    [tempest_lib.common.rest_client] Request - Headers: {'Content-Type': 'application/json', 'Accept': 'application/json'}
        Body: &lt;omitted&gt;
    Response - Headers: {'status': '200', 'content-length': '2510', 'vary': 'X-Auth-Token', 'server': 'Apache/2.4.7 (Ubuntu)', 'connection': 'close', 'date': 'Sun, 21 Feb 2016 09:00:42 GMT', 'content-type': 'application/json', 'x-openstack-request-id': 'req-a86b27ae-df62-434f-83d9-322b9bd4c1a7'}
        Body: {"access": {"token": {"issued_at": "2016-02-21T09:00:42.319846", "expires": "2016-02-21T10:00:42Z", "id": "b3dff28d47f247168058c6ae3a7ae598", "tenant": {"description": "tempest-TestNetworkBasicOps-1529872441-desc", "enabled": true, "id": "096874a313784c1eb5f7dfab27006aaf", "name": "tempest-TestNetworkBasicOps-1529872441"}, "audit_ids": ["l2kk2rWDRGi3Iv99iZwJIg"]}, "serviceCatalog": [{"endpoints": [{"adminURL": "http://10.4.1.3:8774/v2.1/096874a313784c1eb5f7dfab27006aaf", "region": "RegionOne", "internalURL": "http://10.4.1.3:8774/v2.1/096874a313784c1eb5f7dfab27006aaf", "id": "676c893e8e33492486c956fa04dddb9f", "publicURL": "http://10.4.1.3:8774/v2.1/096874a313784c1eb5f7dfab27006aaf"}], "endpoints_links": [], "type": "compute", "name": "nova"}, {"endpoints": [{"adminURL": "http://10.4.1.3:9696/", "region": "RegionOne", "internalURL": "http://10.4.1.3:9696/", "id": "a9aff6249eb8400e8cba15f411cfc282", "publicURL": "http://10.4.1.3:9696/"}], "endpoints_links": [], "type": "network", "name": "neutron"}, {"endpoints": [{"adminURL": "http://10.4.1.3:9292", "region": "RegionOne", "internalURL": "http://10.4.1.3:9292", "id": "b27ac78618ea4bc29405d29f51017099", "publicURL": "http://10.4.1.3:9292"}], "endpoints_links": [], "type": "image", "name": "glance"}, {"endpoints": [{"adminURL": "http://10.4.1.3:8774/v2/096874a313784c1eb5f7dfab27006aaf", "region": "RegionOne", "internalURL": "http://10.4.1.3:8774/v2/096874a313784c1eb5f7dfab27006aaf", "id": "927058cb789f4e669b9ae6eca3d4e55f", "publicURL": "http://10.4.1.3:8774/v2/096874a313784c1eb5f7dfab27006aaf"}], "endpoints_links": [], "type": "compute_legacy", "name": "nova_legacy"}, {"endpoints": [{"adminURL": "http://10.4.1.3:8773/", "region": "RegionOne", "internalURL": "http://10.4.1.3:8773/", "id": "17017f5a7f0246d09422d13f16580060", "publicURL": "http://10.4.1.3:8773/"}], "endpoints_links": [], "type": "ec2", "name": "ec2"}, {"endpoints": [{"adminURL": "http://10.4.1.3:35357/v2.0", "region": "RegionOne", "internalURL": "http://10.4.1.3:5000/v2.0", "id": "7e953888cb71471294caf4e6aa8dfb10", "publicURL": "http://10.4.1.3:5000/v2.0"}], "endpoints_links": [], "type": "identity", "name": "keystone"}], "user": {"username": "tempest-TestNetworkBasicOps-839378875", "roles_links": [], "id": "df5799f708a447adad15b526fe9e8412", "roles": [{"name": "_member_"}, {"name": "Member"}], "name": "tempest-TestNetworkBasicOps-839378875"}, "metadata": {"is_admin": 0, "roles": ["9fe2ff9ee4384b1894a90878d3e92bab", "ddada198ec094d04ba238971efdc4f78"]}}}
2016-02-21 09:00:42,342 32199 DEBUG    [tempest.common.fixed_network] (TestNetworkBasicOps:test_update_instance_port_admin_state) No valid network provided or created, defaulting to fixed_network_name
2016-02-21 09:00:42,536 32199 INFO     [tempest_lib.common.rest_client] Request (TestNetworkBasicOps:test_update_instance_port_admin_state): 200 GET http://10.4.1.3:8774/v2.1/096874a313784c1eb5f7dfab27006aaf/os-networks 0.193s
2016-02-21 09:00:42,537 32199 DEBUG    [tempest_lib.common.rest_client] Request - Headers: {'Content-Type': 'application/json', 'Accept': 'application/json', 'X-Auth-Token': '&lt;omitted&gt;'}
        Body: None
    Response - Headers: {'status': '200', 'content-length': '476', 'content-location': 'http://10.4.1.3:8774/v2.1/096874a313784c1eb5f7dfab27006aaf/os-networks', 'x-compute-request-id': 'req-6833545e-b2a8-4574-8eac-a457d486bd96', 'vary': 'X-OpenStack-Nova-API-Version', 'connection': 'close', 'x-openstack-nova-api-version': '2.1', 'date': 'Sun, 21 Feb 2016 09:00:42 GMT', 'content-type': 'application/json'}
        Body: {"networks": [{"cidr_v6": null, "dns2": null, "dns1": null, "gateway": null, "broadcast": null, "netmask": null, "gateway_v6": null, "cidr": null, "label": "public", "id": "6502271e-17cd-4621-8952-1257a08c952b", "netmask_v6": null}, {"cidr_v6": null, "dns2": null, "dns1": null, "gateway": null, "broadcast": null, "netmask": null, "gateway_v6": null, "cidr": null, "label": "tempest-network-smoke--9178435", "id": "a5509af3-8a33-4d6e-a7aa-a31e51e0e81e", "netmask_v6": null}]}
2016-02-21 09:00:42,537 32199 WARNING  [tempest.common.fixed_network] (TestNetworkBasicOps:test_update_instance_port_admin_state) Network with name: private not found
2016-02-21 09:00:42,538 32199 INFO     [tempest.common.fixed_network] (TestNetworkBasicOps:test_update_instance_port_admin_state) Found network {} available for tenant
2016-02-21 09:00:43,060 32199 INFO     [tempest_lib.common.rest_client] Request (TestNetworkBasicOps:test_update_instance_port_admin_state): 202 POST http://10.4.1.3:8774/v2.1/096874a313784c1eb5f7dfab27006aaf/servers 0.521s
2016-02-21 09:00:43,061 32199 DEBUG    [tempest_lib.common.rest_client] Request - Headers: {'Content-Type': 'application/json', 'Accept': 'application/json', 'X-Auth-Token': '&lt;omitted&gt;'}
        Body: {"server": {"name": "tempest-server-smoke-1629033434", "imageRef": "19ea2c30-2e77-47a0-9167-69cca455dc0f", "key_name": "tempest-TestNetworkBasicOps-1452020589", "flavorRef": "42", "networks": [{"uuid": "a5509af3-8a33-4d6e-a7aa-a31e51e0e81e"}], "security_groups": [{"name": "tempest-secgroup-smoke-761971223"}]}}
    Response - Headers: {'status': '202', 'content-length': '459', 'x-compute-request-id': 'req-8ee89211-40b4-492b-8197-f04bffd31342', 'vary': 'X-OpenStack-Nova-API-Version', 'connection': 'close', 'location': 'http://10.4.1.3:8774/v2.1/096874a313784c1eb5f7dfab27006aaf/servers/bb5be778-9809-4b98-8f64-8e0ea1d0d8f8', 'x-openstack-nova-api-version': '2.1', 'date': 'Sun, 21 Feb 2016 09:00:43 GMT', 'content-type': 'application/json'}
        Body: {"server": {"security_groups": [{"name": "tempest-secgroup-smoke-761971223"}], "OS-DCF:diskConfig": "MANUAL", "id": "bb5be778-9809-4b98-8f64-8e0ea1d0d8f8", "links": [{"href": "http://10.4.1.3:8774/v2.1/096874a313784c1eb5f7dfab27006aaf/servers/bb5be778-9809-4b98-8f64-8e0ea1d0d8f8", "rel": "self"}, {"href": "http://10.4.1.3:8774/096874a313784c1eb5f7dfab27006aaf/servers/bb5be778-9809-4b98-8f64-8e0ea1d0d8f8", "rel": "bookmark"}], "adminPass": "FQVH9tYgFhXk"}}
2016-02-21 09:00:43,244 32199 INFO     [tempest_lib.common.rest_client] Request (TestNetworkBasicOps:test_update_instance_port_admin_state): 200 GET http://10.4.1.3:8774/v2.1/096874a313784c1eb5f7dfab27006aaf/servers/bb5be778-9809-4b98-8f64-8e0ea1d0d8f8 0.180s
2016-02-21 09:00:43,245 32199 DEBUG    [tempest_lib.common.rest_client] Request - Headers: {'Content-Type': 'application/json', 'Accept': 'application/json', 'X-Auth-Token': '&lt;omitted&gt;'}
        Body: None
    Response - Headers: {'status': '200', 'content-length': '1341', 'content-location': 'http://10.4.1.3:8774/v2.1/096874a313784c1eb5f7dfab27006aaf/servers/bb5be778-9809-4b98-8f64-8e0ea1d0d8f8', 'x-compute-request-id': 'req-acd716e0-c802-41d1-8fb9-19d55f5dd49f', 'vary': 'X-OpenStack-Nova-API-Version', 'connection': 'close', 'x-openstack-nova-api-version': '2.1', 'date': 'Sun, 21 Feb 2016 09:00:43 GMT', 'content-type': 'application/json'}
        Body: {"server": {"status": "BUILD", "updated": "2016-02-21T09:00:43Z", "hostId": "", "addresses": {}, "links": [{"href": "http://10.4.1.3:8774/v2.1/096874a313784c1eb5f7dfab27006aaf/servers/bb5be778-9809-4b98-8f64-8e0ea1d0d8f8", "rel": "self"}, {"href": "http://10.4.1.3:8774/096874a313784c1eb5f7dfab27006aaf/servers/bb5be778-9809-4b98-8f64-8e0ea1d0d8f8", "rel": "bookmark"}], "key_name": "tempest-TestNetworkBasicOps-1452020589", "image": {"id": "19ea2c30-2e77-47a0-9167-69cca455dc0f", "links": [{"href": "http://10.4.1.3:8774/096874a313784c1eb5f7dfab27006aaf/images/19ea2c30-2e77-47a0-9167-69cca455dc0f", "rel": "bookmark"}]}, "OS-EXT-STS:task_state": "scheduling", "OS-EXT-STS:vm_state": "building", "OS-SRV-USG:launched_at": null, "flavor": {"id": "42", "links": [{"href": "http://10.4.1.3:8774/096874a313784c1eb5f7dfab27006aaf/flavors/42", "rel": "bookmark"}]}, "id": "bb5be778-9809-4b98-8f64-8e0ea1d0d8f8", "OS-SRV-USG:terminated_at": null, "OS-EXT-AZ:availability_zone": "", "user_id": "df5799f708a447adad15b526fe9e8412", "name": "tempest-server-smoke-1629033434", "created": "2016-02-21T09:00:43Z", "tenant_id": "096874a313784c1eb5f7dfab27006aaf", "OS-DCF:diskConfig": "MANUAL", "os-extended-volumes:volumes_attached": [], "accessIPv4": "", "accessIPv6": "", "progress": 0, "OS-EXT-STS:power_state": 0, "config_drive": "", "metadata": {}}}
2016-02-21 09:00:44,497 32199 INFO     [tempest_lib.common.rest_client] Request (TestNetworkBasicOps:test_update_instance_port_admin_state): 200 GET http://10.4.1.3:8774/v2.1/096874a313784c1eb5f7dfab27006aaf/servers/bb5be778-9809-4b98-8f64-8e0ea1d0d8f8 0.243s
2016-02-21 09:00:44,498 32199 DEBUG    [tempest_lib.common.rest_client] Request - Headers: {'Content-Type': 'application/json', 'Accept': 'application/json', 'X-Auth-Token': '&lt;omitted&gt;'}
        Body: None
    Response - Headers: {'status': '200', 'content-length': '1466', 'content-location': 'http://10.4.1.3:8774/v2.1/096874a313784c1eb5f7dfab27006aaf/servers/bb5be778-9809-4b98-8f64-8e0ea1d0d8f8', 'x-compute-request-id': 'req-07e4abb1-0d28-45e8-9a53-821e55d09a7b', 'vary': 'X-OpenStack-Nova-API-Version', 'connection': 'close', 'x-openstack-nova-api-version': '2.1', 'date': 'Sun, 21 Feb 2016 09:00:44 GMT', 'content-type': 'application/json'}
        Body: {"server": {"status": "BUILD", "updated": "2016-02-21T09:00:43Z", "hostId": "019fe902f08bdac037b610714f1667239ba2dc66b2e284eee577314c", "addresses": {}, "links": [{"href": "http://10.4.1.3:8774/v2.1/096874a313784c1eb5f7dfab27006aaf/servers/bb5be778-9809-4b98-8f64-8e0ea1d0d8f8", "rel": "self"}, {"href": "http://10.4.1.3:8774/096874a313784c1eb5f7dfab27006aaf/servers/bb5be778-9809-4b98-8f64-8e0ea1d0d8f8", "rel": "bookmark"}], "key_name": "tempest-TestNetworkBasicOps-1452020589", "image": {"id": "19ea2c30-2e77-47a0-9167-69cca455dc0f", "links": [{"href": "http://10.4.1.3:8774/096874a313784c1eb5f7dfab27006aaf/images/19ea2c30-2e77-47a0-9167-69cca455dc0f", "rel": "bookmark"}]}, "OS-EXT-STS:task_state": "spawning", "OS-EXT-STS:vm_state": "building", "OS-SRV-USG:launched_at": null, "flavor": {"id": "42", "links": [{"href": "http://10.4.1.3:8774/096874a313784c1eb5f7dfab27006aaf/flavors/42", "rel": "bookmark"}]}, "id": "bb5be778-9809-4b98-8f64-8e0ea1d0d8f8", "security_groups": [{"name": "tempest-secgroup-smoke-761971223"}], "OS-SRV-USG:terminated_at": null, "OS-EXT-AZ:availability_zone": "nova", "user_id": "df5799f708a447adad15b526fe9e8412", "name": "tempest-server-smoke-1629033434", "created": "2016-02-21T09:00:43Z", "tenant_id": "096874a313784c1eb5f7dfab27006aaf", "OS-DCF:diskConfig": "MANUAL", "os-extended-volumes:volumes_attached": [], "accessIPv4": "", "accessIPv6": "", "progress": 0, "OS-EXT-STS:power_state": 0, "config_drive": "", "metadata": {}}}
2016-02-21 09:00:44,506 32199 INFO     [tempest.common.waiters] State transition "BUILD/scheduling" ==&gt; "BUILD/spawning" after 1 second wait
2016-02-21 09:00:45,676 32199 INFO     [tempest_lib.common.rest_client] Request (TestNetworkBasicOps:test_update_instance_port_admin_state): 200 GET http://10.4.1.3:8774/v2.1/096874a313784c1eb5f7dfab27006aaf/servers/bb5be778-9809-4b98-8f64-8e0ea1d0d8f8 0.168s
2016-02-21 09:00:45,677 32199 DEBUG    [tempest_lib.common.rest_client] Request - Headers: {'Content-Type': 'application/json', 'Accept': 'application/json', 'X-Auth-Token': '&lt;omitted&gt;'}
        Body: None
    Response - Headers: {'status': '200', 'content-length': '1466', 'content-location': 'http://10.4.1.3:8774/v2.1/096874a313784c1eb5f7dfab27006aaf/servers/bb5be778-9809-4b98-8f64-8e0ea1d0d8f8', 'x-compute-request-id': 'req-450a23c3-ec51-4d9c-814c-b077c56a949c', 'vary': 'X-OpenStack-Nova-API-Version', 'connection': 'close', 'x-openstack-nova-api-version': '2.1', 'date': 'Sun, 21 Feb 2016 09:00:45 GMT', 'content-type': 'application/json'}
        Body: {"server": {"status": "BUILD", "updated": "2016-02-21T09:00:43Z", "hostId": "019fe902f08bdac037b610714f1667239ba2dc66b2e284eee577314c", "addresses": {}, "links": [{"href": "http://10.4.1.3:8774/v2.1/096874a313784c1eb5f7dfab27006aaf/servers/bb5be778-9809-4b98-8f64-8e0ea1d0d8f8", "rel": "self"}, {"href": "http://10.4.1.3:8774/096874a313784c1eb5f7dfab27006aaf/servers/bb5be778-9809-4b98-8f64-8e0ea1d0d8f8", "rel": "bookmark"}], "key_name": "tempest-TestNetworkBasicOps-1452020589", "image": {"id": "19ea2c30-2e77-47a0-9167-69cca455dc0f", "links": [{"href": "http://10.4.1.3:8774/096874a313784c1eb5f7dfab27006aaf/images/19ea2c30-2e77-47a0-9167-69cca455dc0f", "rel": "bookmark"}]}, "OS-EXT-STS:task_state": "spawning", "OS-EXT-STS:vm_state": "building", "OS-SRV-USG:launched_at": null, "flavor": {"id": "42", "links": [{"href": "http://10.4.1.3:8774/096874a313784c1eb5f7dfab27006aaf/flavors/42", "rel": "bookmark"}]}, "id": "bb5be778-9809-4b98-8f64-8e0ea1d0d8f8", "security_groups": [{"name": "tempest-secgroup-smoke-761971223"}], "OS-SRV-USG:terminated_at": null, "OS-EXT-AZ:availability_zone": "nova", "user_id": "df5799f708a447adad15b526fe9e8412", "name": "tempest-server-smoke-1629033434", "created": "2016-02-21T09:00:43Z", "tenant_id": "096874a313784c1eb5f7dfab27006aaf", "OS-DCF:diskConfig": "MANUAL", "os-extended-volumes:volumes_attached": [], "accessIPv4": "", "accessIPv6": "", "progress": 0, "OS-EXT-STS:power_state": 0, "config_drive": "", "metadata": {}}}
2016-02-21 09:00:46,850 32199 INFO     [tempest_lib.common.rest_client] Request (TestNetworkBasicOps:test_update_instance_port_admin_state): 200 GET http://10.4.1.3:8774/v2.1/096874a313784c1eb5f7dfab27006aaf/servers/bb5be778-9809-4b98-8f64-8e0ea1d0d8f8 0.160s
2016-02-21 09:00:46,851 32199 DEBUG    [tempest_lib.common.rest_client] Request - Headers: {'Content-Type': 'application/json', 'Accept': 'application/json', 'X-Auth-Token': '&lt;omitted&gt;'}
        Body: None
    Response - Headers: {'status': '200', 'content-length': '1635', 'content-location': 'http://10.4.1.3:8774/v2.1/096874a313784c1eb5f7dfab27006aaf/servers/bb5be778-9809-4b98-8f64-8e0ea1d0d8f8', 'x-compute-request-id': 'req-ec3edc5d-bb02-4137-bc90-9f4bd05706a5', 'vary': 'X-OpenStack-Nova-API-Version', 'connection': 'close', 'x-openstack-nova-api-version': '2.1', 'date': 'Sun, 21 Feb 2016 09:00:46 GMT', 'content-type': 'application/json'}
        Body: {"server": {"status": "ACTIVE", "updated": "2016-02-21T09:00:45Z", "hostId": "019fe902f08bdac037b610714f1667239ba2dc66b2e284eee577314c", "addresses": {"tempest-network-smoke--9178435": [{"OS-EXT-IPS-MAC:mac_addr": "fa:16:3e:ca:99:36", "version": 4, "addr": "10.100.0.3", "OS-EXT-IPS:type": "fixed"}]}, "links": [{"href": "http://10.4.1.3:8774/v2.1/096874a313784c1eb5f7dfab27006aaf/servers/bb5be778-9809-4b98-8f64-8e0ea1d0d8f8", "rel": "self"}, {"href": "http://10.4.1.3:8774/096874a313784c1eb5f7dfab27006aaf/servers/bb5be778-9809-4b98-8f64-8e0ea1d0d8f8", "rel": "bookmark"}], "key_name": "tempest-TestNetworkBasicOps-1452020589", "image": {"id": "19ea2c30-2e77-47a0-9167-69cca455dc0f", "links": [{"href": "http://10.4.1.3:8774/096874a313784c1eb5f7dfab27006aaf/images/19ea2c30-2e77-47a0-9167-69cca455dc0f", "rel": "bookmark"}]}, "OS-EXT-STS:task_state": null, "OS-EXT-STS:vm_state": "active", "OS-SRV-USG:launched_at": "2016-02-21T09:00:45.000000", "flavor": {"id": "42", "links": [{"href": "http://10.4.1.3:8774/096874a313784c1eb5f7dfab27006aaf/flavors/42", "rel": "bookmark"}]}, "id": "bb5be778-9809-4b98-8f64-8e0ea1d0d8f8", "security_groups": [{"name": "tempest-secgroup-smoke-761971223"}], "OS-SRV-USG:terminated_at": null, "OS-EXT-AZ:availability_zone": "nova", "user_id": "df5799f708a447adad15b526fe9e8412", "name": "tempest-server-smoke-1629033434", "created": "2016-02-21T09:00:43Z", "tenant_id": "096874a313784c1eb5f7dfab27006aaf", "OS-DCF:diskConfig": "MANUAL", "os-extended-volumes:volumes_attached": [], "accessIPv4": "", "accessIPv6": "", "progress": 0, "OS-EXT-STS:power_state": 1, "config_drive": "True", "metadata": {}}}
2016-02-21 09:00:46,859 32199 INFO     [tempest.common.waiters] State transition "BUILD/spawning" ==&gt; "ACTIVE/None" after 3 second wait
2016-02-21 09:00:47,047 32199 INFO     [tempest_lib.common.rest_client] Request (TestNetworkBasicOps:test_update_instance_port_admin_state): 200 GET http://10.4.1.3:8774/v2.1/096874a313784c1eb5f7dfab27006aaf/servers/bb5be778-9809-4b98-8f64-8e0ea1d0d8f8 0.187s
2016-02-21 09:00:47,047 32199 DEBUG    [tempest_lib.common.rest_client] Request - Headers: {'Content-Type': 'application/json', 'Accept': 'application/json', 'X-Auth-Token': '&lt;omitted&gt;'}
        Body: None
    Response - Headers: {'status': '200', 'content-length': '1635', 'content-location': 'http://10.4.1.3:8774/v2.1/096874a313784c1eb5f7dfab27006aaf/servers/bb5be778-9809-4b98-8f64-8e0ea1d0d8f8', 'x-compute-request-id': 'req-7b861d41-7cb1-4302-a890-db05fa767e56', 'vary': 'X-OpenStack-Nova-API-Version', 'connection': 'close', 'x-openstack-nova-api-version': '2.1', 'date': 'Sun, 21 Feb 2016 09:00:47 GMT', 'content-type': 'application/json'}
        Body: {"server": {"status": "ACTIVE", "updated": "2016-02-21T09:00:45Z", "hostId": "019fe902f08bdac037b610714f1667239ba2dc66b2e284eee577314c", "addresses": {"tempest-network-smoke--9178435": [{"OS-EXT-IPS-MAC:mac_addr": "fa:16:3e:ca:99:36", "version": 4, "addr": "10.100.0.3", "OS-EXT-IPS:type": "fixed"}]}, "links": [{"href": "http://10.4.1.3:8774/v2.1/096874a313784c1eb5f7dfab27006aaf/servers/bb5be778-9809-4b98-8f64-8e0ea1d0d8f8", "rel": "self"}, {"href": "http://10.4.1.3:8774/096874a313784c1eb5f7dfab27006aaf/servers/bb5be778-9809-4b98-8f64-8e0ea1d0d8f8", "rel": "bookmark"}], "key_name": "tempest-TestNetworkBasicOps-1452020589", "image": {"id": "19ea2c30-2e77-47a0-9167-69cca455dc0f", "links": [{"href": "http://10.4.1.3:8774/096874a313784c1eb5f7dfab27006aaf/images/19ea2c30-2e77-47a0-9167-69cca455dc0f", "rel": "bookmark"}]}, "OS-EXT-STS:task_state": null, "OS-EXT-STS:vm_state": "active", "OS-SRV-USG:launched_at": "2016-02-21T09:00:45.000000", "flavor": {"id": "42", "links": [{"href": "http://10.4.1.3:8774/096874a313784c1eb5f7dfab27006aaf/flavors/42", "rel": "bookmark"}]}, "id": "bb5be778-9809-4b98-8f64-8e0ea1d0d8f8", "security_groups": [{"name": "tempest-secgroup-smoke-761971223"}], "OS-SRV-USG:terminated_at": null, "OS-EXT-AZ:availability_zone": "nova", "user_id": "df5799f708a447adad15b526fe9e8412", "name": "tempest-server-smoke-1629033434", "created": "2016-02-21T09:00:43Z", "tenant_id": "096874a313784c1eb5f7dfab27006aaf", "OS-DCF:diskConfig": "MANUAL", "os-extended-volumes:volumes_attached": [], "accessIPv4": "", "accessIPv6": "", "progress": 0, "OS-EXT-STS:power_state": 1, "config_drive": "True", "metadata": {}}}
2016-02-21 09:00:47,056 32199 INFO     [tempest.scenario.manager] Tenant networks not configured to be reachable.
2016-02-21 09:00:47,099 32199 INFO     [tempest_lib.common.rest_client] Request (TestNetworkBasicOps:test_update_instance_port_admin_state): 200 GET http://10.4.1.3:9696/v2.0/ports?fixed_ip=None&amp;device_id=bb5be778-9809-4b98-8f64-8e0ea1d0d8f8 0.042s
2016-02-21 09:00:47,099 32199 DEBUG    [tempest_lib.common.rest_client] Request - Headers: {'Content-Type': 'application/json', 'Accept': 'application/json', 'X-Auth-Token': '&lt;omitted&gt;'}
        Body: None
    Response - Headers: {'status': '200', 'content-length': '895', 'content-location': 'http://10.4.1.3:9696/v2.0/ports?fixed_ip=None&amp;device_id=bb5be778-9809-4b98-8f64-8e0ea1d0d8f8', 'connection': 'close', 'date': 'Sun, 21 Feb 2016 09:00:47 GMT', 'content-type': 'application/json; charset=UTF-8', 'x-openstack-request-id': 'req-3d0df8c4-8be0-436e-a1a6-0ea3049d4703'}
        Body: {"ports": [{"status": "ACTIVE", "binding:host_id": "vagrant-ubuntu-trusty-64", "allowed_address_pairs": [], "extra_dhcp_opts": [], "dns_assignment": [{"hostname": "host-10-100-0-3", "ip_address": "10.100.0.3", "fqdn": "host-10-100-0-3.openstacklocal."}], "device_owner": "compute:None", "port_security_enabled": true, "binding:profile": {}, "fixed_ips": [{"subnet_id": "f538dcd3-5e33-4027-b2a5-4691e72435a2", "ip_address": "10.100.0.3"}], "id": "2eede2d8-d412-4202-9a26-89803da5ad72", "security_groups": ["7a20b149-40de-429c-8351-07e936e50844"], "device_id": "bb5be778-9809-4b98-8f64-8e0ea1d0d8f8", "name": "", "admin_state_up": true, "network_id": "a5509af3-8a33-4d6e-a7aa-a31e51e0e81e", "dns_name": "", "binding:vif_details": {"port_filter": true}, "binding:vnic_type": "normal", "binding:vif_type": "ovs", "tenant_id": "096874a313784c1eb5f7dfab27006aaf", "mac_address": "fa:16:3e:ca:99:36"}]}
2016-02-21 09:00:47,619 32199 INFO     [tempest_lib.common.rest_client] Request (TestNetworkBasicOps:test_update_instance_port_admin_state): 201 POST http://10.4.1.3:9696/v2.0/floatingips 0.519s
2016-02-21 09:00:47,620 32199 DEBUG    [tempest_lib.common.rest_client] Request - Headers: {'Content-Type': 'application/json', 'Accept': 'application/json', 'X-Auth-Token': '&lt;omitted&gt;'}
        Body: {"floatingip": {"floating_network_id": "6502271e-17cd-4621-8952-1257a08c952b", "tenant_id": "096874a313784c1eb5f7dfab27006aaf", "fixed_ip_address": "10.100.0.3", "port_id": "2eede2d8-d412-4202-9a26-89803da5ad72"}}
    Response - Headers: {'status': '201', 'content-length': '368', 'connection': 'close', 'date': 'Sun, 21 Feb 2016 09:00:47 GMT', 'content-type': 'application/json; charset=UTF-8', 'x-openstack-request-id': 'req-17fba4a7-0f7e-4c7d-9ee6-1054f735a2b9'}
        Body: {"floatingip": {"floating_network_id": "6502271e-17cd-4621-8952-1257a08c952b", "router_id": "0040c25c-e78d-46f9-8d71-f3c8a112e8d2", "fixed_ip_address": "10.100.0.3", "floating_ip_address": "172.24.4.18", "tenant_id": "096874a313784c1eb5f7dfab27006aaf", "status": "DOWN", "port_id": "2eede2d8-d412-4202-9a26-89803da5ad72", "id": "f149d6b9-2be9-4a3e-92d0-fed832ba71a5"}}
2016-02-21 09:00:47,668 32199 INFO     [tempest_lib.common.rest_client] Request (TestNetworkBasicOps:test_update_instance_port_admin_state): 200 GET http://10.4.1.3:9696/v2.0/ports?device_id=bb5be778-9809-4b98-8f64-8e0ea1d0d8f8 0.047s
2016-02-21 09:00:47,668 32199 DEBUG    [tempest_lib.common.rest_client] Request - Headers: {'Content-Type': 'application/json', 'Accept': 'application/json', 'X-Auth-Token': '&lt;omitted&gt;'}
        Body: None
    Response - Headers: {'status': '200', 'content-length': '895', 'content-location': 'http://10.4.1.3:9696/v2.0/ports?device_id=bb5be778-9809-4b98-8f64-8e0ea1d0d8f8', 'connection': 'close', 'date': 'Sun, 21 Feb 2016 09:00:47 GMT', 'content-type': 'application/json; charset=UTF-8', 'x-openstack-request-id': 'req-5682cc57-2b01-47ee-8aef-1912aa2116c9'}
        Body: {"ports": [{"status": "ACTIVE", "binding:host_id": "vagrant-ubuntu-trusty-64", "allowed_address_pairs": [], "extra_dhcp_opts": [], "dns_assignment": [{"hostname": "host-10-100-0-3", "ip_address": "10.100.0.3", "fqdn": "host-10-100-0-3.openstacklocal."}], "device_owner": "compute:None", "port_security_enabled": true, "binding:profile": {}, "fixed_ips": [{"subnet_id": "f538dcd3-5e33-4027-b2a5-4691e72435a2", "ip_address": "10.100.0.3"}], "id": "2eede2d8-d412-4202-9a26-89803da5ad72", "security_groups": ["7a20b149-40de-429c-8351-07e936e50844"], "device_id": "bb5be778-9809-4b98-8f64-8e0ea1d0d8f8", "name": "", "admin_state_up": true, "network_id": "a5509af3-8a33-4d6e-a7aa-a31e51e0e81e", "dns_name": "", "binding:vif_details": {"port_filter": true}, "binding:vnic_type": "normal", "binding:vif_type": "ovs", "tenant_id": "096874a313784c1eb5f7dfab27006aaf", "mac_address": "fa:16:3e:ca:99:36"}]}
2016-02-21 09:00:47,682 32199 INFO     [tempest_lib.common.rest_client] Request (TestNetworkBasicOps:test_update_instance_port_admin_state): 200 GET http://10.4.1.3:9696/v2.0/floatingips/f149d6b9-2be9-4a3e-92d0-fed832ba71a5 0.013s
2016-02-21 09:00:47,682 32199 DEBUG    [tempest_lib.common.rest_client] Request - Headers: {'Content-Type': 'application/json', 'Accept': 'application/json', 'X-Auth-Token': '&lt;omitted&gt;'}
        Body: None
    Response - Headers: {'status': '200', 'content-length': '368', 'content-location': 'http://10.4.1.3:9696/v2.0/floatingips/f149d6b9-2be9-4a3e-92d0-fed832ba71a5', 'connection': 'close', 'date': 'Sun, 21 Feb 2016 09:00:47 GMT', 'content-type': 'application/json; charset=UTF-8', 'x-openstack-request-id': 'req-449dd1ac-abf5-4ff7-a6a4-f38b49e1770d'}
        Body: {"floatingip": {"floating_network_id": "6502271e-17cd-4621-8952-1257a08c952b", "router_id": "0040c25c-e78d-46f9-8d71-f3c8a112e8d2", "fixed_ip_address": "10.100.0.3", "floating_ip_address": "172.24.4.18", "tenant_id": "096874a313784c1eb5f7dfab27006aaf", "status": "DOWN", "port_id": "2eede2d8-d412-4202-9a26-89803da5ad72", "id": "f149d6b9-2be9-4a3e-92d0-fed832ba71a5"}}
2016-02-21 09:00:48,698 32199 INFO     [tempest_lib.common.rest_client] Request (TestNetworkBasicOps:test_update_instance_port_admin_state): 200 GET http://10.4.1.3:9696/v2.0/floatingips/f149d6b9-2be9-4a3e-92d0-fed832ba71a5 0.013s
2016-02-21 09:00:48,698 32199 DEBUG    [tempest_lib.common.rest_client] Request - Headers: {'Content-Type': 'application/json', 'Accept': 'application/json', 'X-Auth-Token': '&lt;omitted&gt;'}
        Body: None
    Response - Headers: {'status': '200', 'content-length': '370', 'content-location': 'http://10.4.1.3:9696/v2.0/floatingips/f149d6b9-2be9-4a3e-92d0-fed832ba71a5', 'connection': 'close', 'date': 'Sun, 21 Feb 2016 09:00:48 GMT', 'content-type': 'application/json; charset=UTF-8', 'x-openstack-request-id': 'req-f662b3f7-d71d-4954-8d77-3d272d52134d'}
        Body: {"floatingip": {"floating_network_id": "6502271e-17cd-4621-8952-1257a08c952b", "router_id": "0040c25c-e78d-46f9-8d71-f3c8a112e8d2", "fixed_ip_address": "10.100.0.3", "floating_ip_address": "172.24.4.18", "tenant_id": "096874a313784c1eb5f7dfab27006aaf", "status": "ACTIVE", "port_id": "2eede2d8-d412-4202-9a26-89803da5ad72", "id": "f149d6b9-2be9-4a3e-92d0-fed832ba71a5"}}
2016-02-21 09:00:48,699 32199 INFO     [tempest.scenario.manager] FloatingIP: &lt;"FloatingIP" addr="172.24.4.18" id="f149d6b9-2be9-4a3e-92d0-fed832ba71a5"&gt; is at status: ACTIVE
2016-02-21 09:00:48,699 32199 DEBUG    [tempest.scenario.manager] checking network connections to IP 172.24.4.18 with user: cirros
2016-02-21 09:00:48,699 32199 DEBUG    [tempest.scenario.manager] TestNetworkBasicOps:test_update_instance_port_admin_state begins to ping 172.24.4.18 in 120 sec and the expected result is reachable
2016-02-21 09:01:07,783 32199 DEBUG    [tempest.scenario.manager] TestNetworkBasicOps:test_update_instance_port_admin_state finishes ping 172.24.4.18 in 120 sec and the ping result is expected
2016-02-21 09:01:07,784 32199 INFO     [tempest_lib.common.ssh] Creating ssh connection to '172.24.4.18' as 'cirros' with public key authentication
2016-02-21 09:01:07,790 32199 WARNING  [tempest_lib.common.ssh] Failed to establish authenticated ssh connection to cirros@172.24.4.18 ([Errno None] Unable to connect to port 22 on  or 172.24.4.18). Number attempts: 1. Retry after 2 seconds.
2016-02-21 09:01:10,447 32199 INFO     [paramiko.transport] Connected (version 2.0, client dropbear_2012.55)
2016-02-21 09:01:10,802 32199 INFO     [paramiko.transport] Authentication (publickey) successful!
2016-02-21 09:01:10,823 32199 INFO     [tempest_lib.common.ssh] ssh connection to cirros@172.24.4.18 successfully created
2016-02-21 09:01:11,147 32199 INFO     [tempest_lib.common.rest_client] Request (TestNetworkBasicOps:test_update_instance_port_admin_state): 200 PUT http://10.4.1.3:9696/v2.0/ports/2eede2d8-d412-4202-9a26-89803da5ad72 0.208s
2016-02-21 09:01:11,148 32199 DEBUG    [tempest_lib.common.rest_client] Request - Headers: {'Content-Type': 'application/json', 'Accept': 'application/json', 'X-Auth-Token': '&lt;omitted&gt;'}
        Body: {"port": {"admin_state_up": false}}
    Response - Headers: {'status': '200', 'content-length': '750', 'connection': 'close', 'date': 'Sun, 21 Feb 2016 09:01:11 GMT', 'content-type': 'application/json; charset=UTF-8', 'x-openstack-request-id': 'req-cb540b8c-2f3d-4a97-aed9-241477845bcf'}
        Body: {"port": {"status": "ACTIVE", "name": "", "allowed_address_pairs": [], "admin_state_up": false, "network_id": "a5509af3-8a33-4d6e-a7aa-a31e51e0e81e", "dns_name": "", "extra_dhcp_opts": [], "mac_address": "fa:16:3e:ca:99:36", "dns_assignment": [{"hostname": "host-10-100-0-3", "ip_address": "10.100.0.3", "fqdn": "host-10-100-0-3.openstacklocal."}], "binding:vnic_type": "normal", "device_owner": "compute:None", "tenant_id": "096874a313784c1eb5f7dfab27006aaf", "port_security_enabled": true, "fixed_ips": [{"subnet_id": "f538dcd3-5e33-4027-b2a5-4691e72435a2", "ip_address": "10.100.0.3"}], "id": "2eede2d8-d412-4202-9a26-89803da5ad72", "security_groups": ["7a20b149-40de-429c-8351-07e936e50844"], "device_id": "bb5be778-9809-4b98-8f64-8e0ea1d0d8f8"}}
2016-02-21 09:01:11,148 32199 DEBUG    [tempest.scenario.manager] checking network connections to IP 172.24.4.18 with user: cirros
2016-02-21 09:01:11,149 32199 DEBUG    [tempest.scenario.manager] TestNetworkBasicOps:test_update_instance_port_admin_state begins to ping 172.24.4.18 in 120 sec and the expected result is unreachable
2016-02-21 09:03:11,689 32199 DEBUG    [tempest.scenario.manager] TestNetworkBasicOps:test_update_instance_port_admin_state finishes ping 172.24.4.18 in 120 sec and the ping result is unexpected
2016-02-21 09:03:11,691 32199 ERROR    [tempest.scenario.manager] Public network connectivity check failed: after updating admin_state_up of instance port to False
2016-02-21 09:03:11.691 32199 ERROR tempest.scenario.manager Traceback (most recent call last):
2016-02-21 09:03:11.691 32199 ERROR tempest.scenario.manager   File "tempest/scenario/manager.py", line 598, in check_public_network_connectivity
2016-02-21 09:03:11.691 32199 ERROR tempest.scenario.manager     should_connect=should_connect)
2016-02-21 09:03:11.691 32199 ERROR tempest.scenario.manager   File "tempest/scenario/manager.py", line 582, in check_vm_connectivity
2016-02-21 09:03:11.691 32199 ERROR tempest.scenario.manager     msg=msg)
2016-02-21 09:03:11.691 32199 ERROR tempest.scenario.manager   File "/usr/local/lib/python2.7/dist-packages/unittest2/case.py", line 702, in assertTrue
2016-02-21 09:03:11.691 32199 ERROR tempest.scenario.manager     raise self.failureException(msg)
2016-02-21 09:03:11.691 32199 ERROR tempest.scenario.manager AssertionError: False is not true : ip address 172.24.4.18 is reachable
2016-02-21 09:03:11.691 32199 ERROR tempest.scenario.manager 
2016-02-21 09:03:11,922 32199 INFO     [tempest_lib.common.rest_client] Request (TestNetworkBasicOps:test_update_instance_port_admin_state): 200 POST http://10.4.1.3:8774/v2.1/096874a313784c1eb5f7dfab27006aaf/servers/bb5be778-9809-4b98-8f64-8e0ea1d0d8f8/action 0.225s
2016-02-21 09:03:11,922 32199 DEBUG    [tempest_lib.common.rest_client] Request - Headers: {'Content-Type': 'application/json', 'Accept': 'application/json', 'X-Auth-Token': '&lt;omitted&gt;'}
        Body: {"os-getConsoleOutput": {}}
    Response - Headers: {'status': '200', 'content-length': '19946', 'x-compute-request-id': 'req-286d4642-fa7a-4dd9-985d-322f3c02f384', 'vary': 'X-OpenStack-Nova-API-Version', 'connection': 'close', 'x-openstack-nova-api-version': '2.1', 'date': 'Sun, 21 Feb 2016 09:03:11 GMT', 'content-type': 'application/json'}
        Body: {"output": "[    0.000000] Initializing cgroup subsys cpuset\n[    0.000000] Initializing cgroup subsys cpu\n[    0.000000] Linux version 3.2.0-80-virtual (buildd@batsu) (gcc version 4.6.3 (Ubuntu/Linaro 4.6.3-1ubuntu5) ) #116-Ubuntu SMP Mon Mar 23 17:28:52 UTC 2015 (Ubuntu 3.2.0-80.116-virtual 3.2.68)\n[    0.000000] Command line: root=/dev/vda console=tty0 console=ttyS0 no_timer_check\n[    0.000000] KERNEL supported cpus:\n[    0.000000]   Intel GenuineIntel\n[    0.000000]   AMD AuthenticAMD\n[    0.000000]   Centaur CentaurHauls\n[    0.000000] BIOS-provided physical RAM map:\n[    0.000000]  BIOS-e820: 0000000000000000 - 000000000009fc00 (usable)\n[    0.000000]  BIOS-e820: 000000000009fc00 - 00000000000a0000 (reserved)\n[    0.000000]  BIOS-e820: 00000000000f0000 - 0000000000100000 (reserved)\n[    0.000000]  BIOS-e820: 0000000000100000 - 0000000003ffe000 (usable)\n[    0.000000]  BIOS-e820: 0000000003ffe000 - 0000000004000000 (reserved)\n[    0.000000]  BIOS-e820: 00000000fffc0000 - 0000000100000000 (reserved)\n[    0.000000] NX (Execute Disable) protection: active\n[    0.000000] SMBIOS 2.4 present.\n[    0.000000] No AGP bridge found\n[    0.000000] last_pfn = 0x3ffe max_arch_pfn = 0x400000000\n[    0.000000] x86 PAT enabled: cpu 0, old 0x7040600070406, new 0x7010600070106\n[    0.000000] found SMP MP-table at [ffff8800000f0b00] f0b00\n[    0.000000] init_memory_mapping: 0000000000000000-0000000003ffe000\n[    0.000000] RAMDISK: 03c5e000 - 03ff0000\n[    0.000000] ACPI: RSDP 00000000000f0950 00014 (v00 BOCHS )\n[    0.000000] ACPI: RSDT 0000000003fffbc1 00034 (v01 BOCHS  BXPCRSDT 00000001 BXPC 00000001)\n[    0.000000] ACPI: FACP 0000000003fff1c0 00074 (v01 BOCHS  BXPCFACP 00000001 BXPC 00000001)\n[    0.000000] ACPI: DSDT 0000000003ffe040 01180 (v01 BOCHS  BXPCDSDT 00000001 BXPC 00000001)\n[    0.000000] ACPI: FACS 0000000003ffe000 00040\n[    0.000000] ACPI: SSDT 0000000003fff234 008DD (v01 BOCHS  BXPCSSDT 00000001 BXPC 00000001)\n[    0.000000] ACPI: APIC 0000000003fffb11 00078 (v01 BOCHS  BXPCAPIC 00000001 BXPC 00000001)\n[    0.000000] ACPI: HPET 0000000003fffb89 00038 (v01 BOCHS  BXPCHPET 00000001 BXPC 00000001)\n[    0.000000] No NUMA configuration found\n[    0.000000] Faking a node at 0000000000000000-0000000003ffe000\n[    0.000000] Initmem setup node 0 0000000000000000-0000000003ffe000\n[    0.000000]   NODE_DATA [0000000003ff6000 - 0000000003ffafff]\n[    0.000000] Zone PFN ranges:\n[    0.000000]   DMA      0x00000010 -&gt; 0x00001000\n[    0.000000]   DMA32    0x00001000 -&gt; 0x00100000\n[    0.000000]   Normal   empty\n[    0.000000] Movable zone start PFN for each node\n[    0.000000] early_node_map[2] active PFN ranges\n[    0.000000]     0: 0x00000010 -&gt; 0x0000009f\n[    0.000000]     0: 0x00000100 -&gt; 0x00003ffe\n[    0.000000] ACPI: PM-Timer IO Port: 0xb008\n[    0.000000] ACPI: LAPIC (acpi_id[0x00] lapic_id[0x00] enabled)\n[    0.000000] ACPI: LAPIC_NMI (acpi_id[0xff] dfl dfl lint[0x1])\n[    0.000000] ACPI: IOAPIC (id[0x00] address[0xfec00000] gsi_base[0])\n[    0.000000] IOAPIC[0]: apic_id 0, version 17, address 0xfec00000, GSI 0-23\n[    0.000000] ACPI: INT_SRC_OVR (bus 0 bus_irq 0 global_irq 2 dfl dfl)\n[    0.000000] ACPI: INT_SRC_OVR (bus 0 bus_irq 5 global_irq 5 high level)\n[    0.000000] ACPI: INT_SRC_OVR (bus 0 bus_irq 9 global_irq 9 high level)\n[    0.000000] ACPI: INT_SRC_OVR (bus 0 bus_irq 10 global_irq 10 high level)\n[    0.000000] ACPI: INT_SRC_OVR (bus 0 bus_irq 11 global_irq 11 high level)\n[    0.000000] Using ACPI (MADT) for SMP configuration information\n[    0.000000] ACPI: HPET id: 0x8086a201 base: 0xfed00000\n[    0.000000] SMP: Allowing 1 CPUs, 0 hotplug CPUs\n[    0.000000] PM: Registered nosave memory: 000000000009f000 - 00000000000a0000\n[    0.000000] PM: Registered nosave memory: 00000000000a0000 - 00000000000f0000\n[    0.000000] PM: Registered nosave memory: 00000000000f0000 - 0000000000100000\n[    0.000000] Allocating PCI resources starting at 4000000 (gap: 4000000:fbfc0000)\n[    0.000000] Booting paravirtualized kernel on bare hardware\n[    0.000000] setup_pe
2016-02-21 09:03:11,926 32199 DEBUG    [tempest.scenario.manager] Console output for bb5be778-9809-4b98-8f64-8e0ea1d0d8f8
body=
[    0.000000] Initializing cgroup subsys cpuset
[    0.000000] Initializing cgroup subsys cpu
[    0.000000] Linux version 3.2.0-80-virtual (buildd@batsu) (gcc version 4.6.3 (Ubuntu/Linaro 4.6.3-1ubuntu5) ) #116-Ubuntu SMP Mon Mar 23 17:28:52 UTC 2015 (Ubuntu 3.2.0-80.116-virtual 3.2.68)
[    0.000000] Command line: root=/dev/vda console=tty0 console=ttyS0 no_timer_check
[    0.000000] KERNEL supported cpus:
[    0.000000]   Intel GenuineIntel
[    0.000000]   AMD AuthenticAMD
[    0.000000]   Centaur CentaurHauls
[    0.000000] BIOS-provided physical RAM map:
[    0.000000]  BIOS-e820: 0000000000000000 - 000000000009fc00 (usable)
[    0.000000]  BIOS-e820: 000000000009fc00 - 00000000000a0000 (reserved)
[    0.000000]  BIOS-e820: 00000000000f0000 - 0000000000100000 (reserved)
[    0.000000]  BIOS-e820: 0000000000100000 - 0000000003ffe000 (usable)
[    0.000000]  BIOS-e820: 0000000003ffe000 - 0000000004000000 (reserved)
[    0.000000]  BIOS-e820: 00000000fffc0000 - 0000000100000000 (reserved)
[    0.000000] NX (Execute Disable) protection: active
[    0.000000] SMBIOS 2.4 present.
[    0.000000] No AGP bridge found
[    0.000000] last_pfn = 0x3ffe max_arch_pfn = 0x400000000
[    0.000000] x86 PAT enabled: cpu 0, old 0x7040600070406, new 0x7010600070106
[    0.000000] found SMP MP-table at [ffff8800000f0b00] f0b00
[    0.000000] init_memory_mapping: 0000000000000000-0000000003ffe000
[    0.000000] RAMDISK: 03c5e000 - 03ff0000
[    0.000000] ACPI: RSDP 00000000000f0950 00014 (v00 BOCHS )
[    0.000000] ACPI: RSDT 0000000003fffbc1 00034 (v01 BOCHS  BXPCRSDT 00000001 BXPC 00000001)
[    0.000000] ACPI: FACP 0000000003fff1c0 00074 (v01 BOCHS  BXPCFACP 00000001 BXPC 00000001)
[    0.000000] ACPI: DSDT 0000000003ffe040 01180 (v01 BOCHS  BXPCDSDT 00000001 BXPC 00000001)
[    0.000000] ACPI: FACS 0000000003ffe000 00040
[    0.000000] ACPI: SSDT 0000000003fff234 008DD (v01 BOCHS  BXPCSSDT 00000001 BXPC 00000001)
[    0.000000] ACPI: APIC 0000000003fffb11 00078 (v01 BOCHS  BXPCAPIC 00000001 BXPC 00000001)
[    0.000000] ACPI: HPET 0000000003fffb89 00038 (v01 BOCHS  BXPCHPET 00000001 BXPC 00000001)
[    0.000000] No NUMA configuration found
[    0.000000] Faking a node at 0000000000000000-0000000003ffe000
[    0.000000] Initmem setup node 0 0000000000000000-0000000003ffe000
[    0.000000]   NODE_DATA [0000000003ff6000 - 0000000003ffafff]
[    0.000000] Zone PFN ranges:
[    0.000000]   DMA      0x00000010 -&gt; 0x00001000
[    0.000000]   DMA32    0x00001000 -&gt; 0x00100000
[    0.000000]   Normal   empty
[    0.000000] Movable zone start PFN for each node
[    0.000000] early_node_map[2] active PFN ranges
[    0.000000]     0: 0x00000010 -&gt; 0x0000009f
[    0.000000]     0: 0x00000100 -&gt; 0x00003ffe
[    0.000000] ACPI: PM-Timer IO Port: 0xb008
[    0.000000] ACPI: LAPIC (acpi_id[0x00] lapic_id[0x00] enabled)
[    0.000000] ACPI: LAPIC_NMI (acpi_id[0xff] dfl dfl lint[0x1])
[    0.000000] ACPI: IOAPIC (id[0x00] address[0xfec00000] gsi_base[0])
[    0.000000] IOAPIC[0]: apic_id 0, version 17, address 0xfec00000, GSI 0-23
[    0.000000] ACPI: INT_SRC_OVR (bus 0 bus_irq 0 global_irq 2 dfl dfl)
[    0.000000] ACPI: INT_SRC_OVR (bus 0 bus_irq 5 global_irq 5 high level)
[    0.000000] ACPI: INT_SRC_OVR (bus 0 bus_irq 9 global_irq 9 high level)
[    0.000000] ACPI: INT_SRC_OVR (bus 0 bus_irq 10 global_irq 10 high level)
[    0.000000] ACPI: INT_SRC_OVR (bus 0 bus_irq 11 global_irq 11 high level)
[    0.000000] Using ACPI (MADT) for SMP configuration information
[    0.000000] ACPI: HPET id: 0x8086a201 base: 0xfed00000
[    0.000000] SMP: Allowing 1 CPUs, 0 hotplug CPUs
[    0.000000] PM: Registered nosave memory: 000000000009f000 - 00000000000a0000
[    0.000000] PM: Registered nosave memory: 00000000000a0000 - 00000000000f0000
[    0.000000] PM: Registered nosave memory: 00000000000f0000 - 0000000000100000
[    0.000000] Allocating PCI resources starting at 4000000 (gap: 4000000:fbfc0000)
[    0.000000] Booting paravirtualized kernel on bare hardware
[    0.000000] setup_percpu: NR_CPUS:64 nr_cpumask_bits:64 nr_cpu_ids:1 nr_node_ids:1
[    0.000000] PERCPU: Embedded 27 pages/cpu @ffff880003a00000 s78848 r8192 d23552 u2097152
[    0.000000] Built 1 zonelists in Node order, mobility grouping on.  Total pages: 16008
[    0.000000] Policy zone: DMA32
[    0.000000] Kernel command line: root=/dev/vda console=tty0 console=ttyS0 no_timer_check
[    0.000000] PID hash table entries: 256 (order: -1, 2048 bytes)
[    0.000000] Checking aperture...
[    0.000000] No AGP bridge found
[    0.000000] Memory: 43492k/65528k available (6576k kernel code, 452k absent, 21584k reserved, 6620k data, 928k init)
[    0.000000] SLUB: Genslabs=15, HWalign=64, Order=0-3, MinObjects=0, CPUs=1, Nodes=1
[    0.000000] Hierarchical RCU implementation.
[    0.000000] 	RCU dyntick-idle grace-period acceleration is enabled.
[    0.000000] NR_IRQS:4352 nr_irqs:256 16
[    0.000000] Console: colour VGA+ 80x25
[    0.000000] console [tty0] enabled
[    0.000000] console [ttyS0] enabled
[    0.000000] allocated 1048576 bytes of page_cgroup
[    0.000000] please try 'cgroup_disable=memory' option if you don't want memory cgroups
[    0.000000] Fast TSC calibration failed
[    0.000000] TSC: Unable to calibrate against PIT
[    0.000000] TSC: using HPET reference calibration
[    0.000000] Detected 2293.182 MHz processor.
[    0.033634] Calibrating delay loop (skipped), value calculated using timer frequency.. 4586.36 BogoMIPS (lpj=9172728)
[    0.035531] pid_max: default: 32768 minimum: 301
[    0.042672] Security Framework initialized
[    0.046786] AppArmor: AppArmor initialized
[    0.048173] Yama: becoming mindful.
[    0.054463] Dentry cache hash table entries: 8192 (order: 4, 65536 bytes)
[    0.056838] Inode-cache hash table entries: 4096 (order: 3, 32768 bytes)
[    0.058393] Mount-cache hash table entries: 256
[    0.074392] Initializing cgroup subsys cpuacct
[    0.075408] Initializing cgroup subsys memory
[    0.076847] Initializing cgroup subsys devices
[    0.077618] Initializing cgroup subsys freezer
[    0.078424] Initializing cgroup subsys blkio
[    0.080231] Initializing cgroup subsys perf_event
[    0.085335] mce: CPU supports 10 MCE banks
[    0.089615] SMP alternatives: switching to UP code
[    0.459315] Freeing SMP alternatives: 24k freed
[    0.460911] ACPI: Core revision 20110623
[    0.512519] ftrace: allocating 26610 entries in 105 pages
[    0.543871] ..TIMER: vector=0x30 apic1=0 pin1=2 apic2=-1 pin2=-1
[    0.544986] CPU0: AMD QEMU Virtual CPU version 2.0.0 stepping 03
[    0.552033] APIC calibration not consistent with PM-Timer: 103ms instead of 100ms
[    0.552033] APIC delta adjusted to PM-Timer: 6250541 (6471085)
[    0.552033] Performance Events: Broken PMU hardware detected, using software events only.
[    0.559162] NMI watchdog disabled (cpu0): hardware events not enabled
[    0.560697] Brought up 1 CPUs
[    0.561207] Total of 1 processors activated (4586.36 BogoMIPS).
[    0.584541] devtmpfs: initialized
[    0.613530] EVM: security.selinux
[    0.614137] EVM: security.SMACK64
[    0.614612] EVM: security.capability
[    0.634257] print_constraints: dummy: 
[    0.636675] RTC time:  9:00:49, date: 02/21/16
[    0.639111] NET: Registered protocol family 16
[    0.646715] ACPI: bus type pci registered
[    0.652109] PCI: Using configuration type 1 for base access
[    0.690193] bio: create slab &lt;bio-0&gt; at 0
[    0.695250] ACPI: Added _OSI(Module Device)
[    0.696124] ACPI: Added _OSI(Processor Device)
[    0.696719] ACPI: Added _OSI(3.0 _SCP Extensions)
[    0.697530] ACPI: Added _OSI(Processor Aggregator Device)
[    0.770031] ACPI: Interpreter enabled
[    0.770601] ACPI: (supports S0 S3 S4 S5)
[    0.773163] ACPI: Using IOAPIC for interrupt routing
[    0.865336] ACPI: No dock devices found.
[    0.865820] HEST: Table not found.
[    0.866378] PCI: Using host bridge windows from ACPI; if necessary, use "pci=nocrs" and report a bug
[    0.873502] ACPI: PCI Root Bridge [PCI0] (domain 0000 [bus 00-ff])
[    0.881168] pci_root PNP0A03:00: host bridge window [io  0x0000-0x0cf7]
[    0.882081] pci_root PNP0A03:00: host bridge window [io  0x0d00-0xadff]
[    0.883040] pci_root PNP0A03:00: host bridge window [io  0xae0f-0xaeff]
[    0.884116] pci_root PNP0A03:00: host bridge window [io  0xaf20-0xafdf]
[    0.884943] pci_root PNP0A03:00: host bridge window [io  0xafe4-0xffff]
[    0.885959] pci_root PNP0A03:00: host bridge window [mem 0x000a0000-0x000bffff]
[    0.888107] pci_root PNP0A03:00: host bridge window [mem 0x04000000-0xfebfffff]
[    0.912468] pci 0000:00:01.3: quirk: [io  0xb000-0xb03f] claimed by PIIX4 ACPI
[    0.913435] pci 0000:00:01.3: quirk: [io  0xb100-0xb10f] claimed by PIIX4 SMB
[    0.993422]  pci0000:00: Unable to request _OSC control (_OSC support mask: 0x1e)
[    1.053775] ACPI: PCI Interrupt Link [LNKA] (IRQs 5 *10 11)
[    1.056657] ACPI: PCI Interrupt Link [LNKB] (IRQs 5 *10 11)
[    1.057984] ACPI: PCI Interrupt Link [LNKC] (IRQs 5 10 *11)
[    1.060944] ACPI: PCI Interrupt Link [LNKD] (IRQs 5 10 *11)
[    1.062400] ACPI: PCI Interrupt Link [LNKS] (IRQs *9)
[    1.070058] vgaarb: device added: PCI:0000:00:02.0,decodes=io+mem,owns=io+mem,locks=none
[    1.071303] vgaarb: loaded
[    1.072165] vgaarb: bridge control possible 0000:00:02.0
[    1.076492] i2c-core: driver [aat2870] using legacy suspend method
[    1.077164] i2c-core: driver [aat2870] using legacy resume method
[    1.080225] SCSI subsystem initialized
[    1.083221] usbcore: registered new interface driver usbfs
[    1.084594] usbcore: registered new interface driver hub
[    1.085759] usbcore: registered new device driver usb
[    1.090818] PCI: Using ACPI for IRQ routing
[    1.106717] NetLabel: Initializing
[    1.107166] NetLabel:  domain hash size = 128
[    1.108148] NetLabel:  protocols = UNLABELED CIPSOv4
[    1.109630] NetLabel:  unlabeled traffic allowed by default
[    1.113099] HPET: 3 timers in total, 0 timers will be used for per-cpu timer
[    1.114038] hpet0: at MMIO 0xfed00000, IRQs 2, 8, 0
[    1.114942] hpet0: 3 comparators, 64-bit 100.000000 MHz counter
[    1.130976] Switching to clocksource hpet
[    1.390441] AppArmor: AppArmor Filesystem Enabled
[    1.391937] pnp: PnP ACPI init
[    1.393344] ACPI: bus type pnp registered
[    1.414020] pnp: PnP ACPI: found 9 devices
[    1.414742] ACPI: ACPI bus type pnp unregistered
[    1.478181] NET: Registered protocol family 2
[    1.513594] IP route cache hash table entries: 512 (order: 0, 4096 bytes)
[    1.520641] TCP established hash table entries: 2048 (order: 3, 32768 bytes)
[    1.522221] TCP bind hash table entries: 2048 (order: 3, 32768 bytes)
[    1.523071] TCP: Hash tables configured (established 2048 bind 2048)
[    1.523892] TCP reno registered
[    1.525045] UDP hash table entries: 128 (order: 0, 4096 bytes)
[    1.525940] UDP-Lite hash table entries: 128 (order: 0, 4096 bytes)
[    1.529503] NET: Registered protocol family 1
[    1.530383] pci 0000:00:00.0: Limiting direct PCI/PCI transfers
[    1.531241] pci 0000:00:01.0: PIIX3: Enabling Passive Release
[    1.532397] pci 0000:00:01.0: Activating ISA DMA hang workarounds
[    1.537606] ACPI: PCI Interrupt Link [LNKD] enabled at IRQ 11
[    1.538676] pci 0000:00:01.2: PCI INT D -&gt; Link[LNKD] -&gt; GSI 11 (level, high) -&gt; IRQ 11
[    1.541509] pci 0000:00:01.2: PCI INT D disabled
[    1.559002] Trying to unpack rootfs image as initramfs...
[    1.574612] audit: initializing netlink socket (disabled)
[    1.576044] type=2000 audit(1456045249.572:1): initialized
[    1.819083] HugeTLB registered 2 MB page size, pre-allocated 0 pages
[    1.899223] VFS: Disk quotas dquot_6.5.2
[    1.901198] Dquot-cache hash table entries: 512 (order 0, 4096 bytes)
[    1.915262] fuse init (API version 7.17)
[    1.922432] msgmni has been set to 84
[    1.955417] Block layer SCSI generic (bsg) driver version 0.4 loaded (major 253)
[    1.961855] io scheduler noop registered
[    1.962421] io scheduler deadline registered (default)
[    1.963500] io scheduler cfq registered
[    1.967125] pci_hotplug: PCI Hot Plug PCI Core version: 0.5
[    1.970001] pciehp: PCI Express Hot Plug Controller Driver version: 0.4
[    1.975250] input: Power Button as /devices/LNXSYSTM:00/LNXPWRBN:00/input/input0
[    1.977369] ACPI: Power Button [PWRF]
[    2.025979] ERST: Table is not found!
[    2.026789] GHES: HEST is not enabled!
[    2.035099] ACPI: PCI Interrupt Link [LNKC] enabled at IRQ 10
[    2.035925] virtio-pci 0000:00:03.0: PCI INT A -&gt; Link[LNKC] -&gt; GSI 10 (level, high) -&gt; IRQ 10
[    2.041303] virtio-pci 0000:00:04.0: PCI INT A -&gt; Link[LNKD] -&gt; GSI 11 (level, high) -&gt; IRQ 11
[    2.059244] ACPI: PCI Interrupt Link [LNKA] enabled at IRQ 10
[    2.060066] virtio-pci 0000:00:05.0: PCI INT A -&gt; Link[LNKA] -&gt; GSI 10 (level, high) -&gt; IRQ 10
[    2.076044] Serial: 8250/16550 driver, 32 ports, IRQ sharing enabled
[    2.125142] serial8250: ttyS0 at I/O 0x3f8 (irq = 4) is a 16550A
[    2.216866] serial8250: ttyS1 at I/O 0x2f8 (irq = 3) is a 16550A
[    2.344993] 00:05: ttyS0 at I/O 0x3f8 (irq = 4) is a 16550A
[    2.420270] 00:06: ttyS1 at I/O 0x2f8 (irq = 3) is a 16550A
[    2.471138] Linux agpgart interface v0.103
[    2.546039] Refined TSC clocksource calibration: 2293.275 MHz.
[    2.547037] Switching to clocksource tsc
[    2.551366] brd: module loaded
[    2.591436] loop: module loaded
[    2.655764]  vda: unknown partition table
[    2.737168] scsi0 : ata_piix
[    2.745694] scsi1 : ata_piix
[    2.747145] ata1: PATA max MWDMA2 cmd 0x1f0 ctl 0x3f6 bmdma 0xc0a0 irq 14
[    2.748143] ata2: PATA max MWDMA2 cmd 0x170 ctl 0x376 bmdma 0xc0a8 irq 15
[    2.762805] Fixed MDIO Bus: probed
[    2.763548] tun: Universal TUN/TAP device driver, 1.6
[    2.764396] tun: (C) 1999-2004 Max Krasnyansky &lt;maxk@qualcomm.com&gt;
[    2.779183] PPP generic driver version 2.4.2
[    2.814163] ehci_hcd: USB 2.0 'Enhanced' Host Controller (EHCI) Driver
[    2.815570] ohci_hcd: USB 1.1 'Open' Host Controller (OHCI) Driver
[    2.817634] uhci_hcd: USB Universal Host Controller Interface driver
[    2.819456] uhci_hcd 0000:00:01.2: PCI INT D -&gt; Link[LNKD] -&gt; GSI 11 (level, high) -&gt; IRQ 11
[    2.822761] uhci_hcd 0000:00:01.2: UHCI Host Controller
[    2.826006] uhci_hcd 0000:00:01.2: new USB bus registered, assigned bus number 1
[    2.828039] uhci_hcd 0000:00:01.2: irq 11, io base 0x0000c040
[    2.862549] hub 1-0:1.0: USB hub found
[    2.864515] hub 1-0:1.0: 2 ports detected
[    2.872019] usbcore: registered new interface driver libusual
[    2.875711] i8042: PNP: PS/2 Controller [PNP0303:KBD,PNP0f13:MOU] at 0x60,0x64 irq 1,12
[    2.885176] serio: i8042 KBD port at 0x60,0x64 irq 1
[    2.887033] serio: i8042 AUX port at 0x60,0x64 irq 12
[    2.924695] mousedev: PS/2 mouse device common for all mice
[    2.935900] input: AT Translated Set 2 keyboard as /devices/platform/i8042/serio0/input/input1
[    2.942380] rtc_cmos 00:01: RTC can wake from S4
[    2.958674] rtc_cmos 00:01: rtc core: registered rtc_cmos as rtc0
[    2.966742] rtc0: alarms up to one day, 114 bytes nvram, hpet irqs
[    2.976034] device-mapper: uevent: version 1.0.3
[    3.006724] device-mapper: ioctl: 4.22.0-ioctl (2011-10-19) initialised: dm-devel@redhat.com
[    3.011479] cpuidle: using governor ladder
[    3.015107] cpuidle: using governor menu
[    3.017451] EFI Variables Facility v0.08 2004-May-17
[    3.031756] TCP cubic registered
[    3.041722] NET: Registered protocol family 10
[    3.066505] NET: Registered protocol family 17
[    3.067805] Registering the dns_resolver key type
[    3.089682] ata2.01: ATAPI: QEMU DVD-ROM, 2.0.0, max UDMA/100
[    3.102828] ata2.01: configured for MWDMA2
[    3.156271] scsi 1:0:1:0: CD-ROM            QEMU     QEMU DVD-ROM     2.0. PQ: 0 ANSI: 5
[    3.189541] sr0: scsi3-mmc drive: 4x/4x cd/rw xa/form2 tray
[    3.192646] cdrom: Uniform CD-ROM driver Revision: 3.20
[    3.214960] sr 1:0:1:0: Attached scsi generic sg0 type 5
[    3.259333] registered taskstats version 1
[    3.297107] Freeing initrd memory: 3656k freed
[    3.856944]   Magic number: 4:467:20
[    3.867031] rtc_cmos 00:01: setting system clock to 2016-02-21 09:00:52 UTC (1456045252)
[    3.869633] powernow-k8: Processor cpuid 663 not supported
[    3.876689] BIOS EDD facility v0.16 2004-Jun-25, 0 devices found
[    3.878059] EDD information not available.
[    3.927739] Freeing unused kernel memory: 928k freed
[    3.933560] Write protecting the kernel read-only data: 12288k
[    4.008594] Freeing unused kernel memory: 1596k freed
[    4.064895] Freeing unused kernel memory: 1184k freed

info: initramfs: up at 4.23
modprobe: module virtio_blk not found in modules.dep
modprobe: module virtio_net not found in modules.dep
info: copying initramfs to /dev/vda
info: initramfs loading root from /dev/vda
info: /etc/init.d/rc.sysinit: up at 8.77
info: container: none
Starting logging: OK
modprobe: module virtio_blk not found in modules.dep
modprobe: module virtio_net not found in modules.dep
WARN: /etc/rc3.d/S10-load-modules failed
Initializing random number generator... done.
Starting acpid: OK
cirros-ds 'local' up at 11.23
found datasource (configdrive, local)
Starting network...
udhcpc (v1.20.1) started
Sending discover...
Sending select for 10.100.0.3...
Lease of 10.100.0.3 obtained, lease time 86400
route: SIOCADDRT: File exists
WARN: failed: route add -net "0.0.0.0/0" gw "10.100.0.1"
Starting dropbear sshd: generating rsa key... generating dsa key... OK
no userdata for datasource
=== system information ===
Platform: OpenStack Foundation OpenStack Nova
Container: none
Arch: x86_64
CPU(s): 1 @ 2293.182 MHz
Cores/Sockets/Threads: 1/1/1
Virt-type: AMD-V
RAM Size: 49MB
Disks:
NAME MAJ:MIN     SIZE LABEL         MOUNTPOINT
vda  253:0   25165824 cirros-rootfs /
sr0   11:0     428032 config-2      
=== sshd host keys ===
-----BEGIN SSH HOST KEY KEYS-----
ssh-rsa AAAAB3NzaC1yc2EAAAADAQABAAAAgwCx8snXtTsUces4LNYXbTMqMqX10tRzew1JTuyh4PrLgUQxKvjCqcLvOF8FuttjBQqLfkZiyNZI7kR1/cgxfA9fwRRuVHBHCfIUsfbhiJbFL/uj3fq+JYT9go0OD0iIxUVZqq2YPAArco+2DU1XlneQZUxIFdpNpFfh77E+2UokJA7R root@tempest-server-smoke-1629033434
ssh-dss AAAAB3NzaC1kc3MAAACBAPZUqmLqXqy/c+/l7oclBUPAQaPmSasMqRhpw3fJdZh5lAvALpzKQ/BkXYJ6tLzsMdqz8a/qiBqUnZk3ftzHY28un38yumBM/XNc3pWf5QxxfHeM/xgifomTWt4Vo6L+b1Gw8zuyg4cmjq3RJGcdunyMiDDhIxTolLh9zRbvdftLAAAAFQC96z3ZsNb2ST0/urbDGo6xGTsAkQAAAIBmhfn91bW66AaO/FYjB8caloD/78fw2msWUTIcDY2TYMHOtZjlKck6Iw+vD0JY5r3WD8HmitVZORrdJ3QhLQ5DBQZ6Rc1zUnJqT4JfwUooD35F9riUHygqnYTgzpqe+/bwNZYwW3clZqfNuQ7B2JxO/mBY9okt1HqCVqmZ4oPh0AAAAIA75/6bd0OisTJXtGTdlI3ejcPyWtdx7qA9zNYK7JRb9QOPRymooWkrixgnzOR5Jp1rYjzPpvXnEbjS4cAwoY5zfINk90D4QwuMVPEUjy2i9TVlGf1TWkRtuu7NEYRveGoOXuxMKPFVn6AngdVehU+Uosa8+/tr/2HkYf/5RnVzDw== root@tempest-server-smoke-1629033434
-----END SSH HOST KEY KEYS-----
=== network info ===
if-info: lo,up,127.0.0.1,8,::1
if-info: eth0,up,10.100.0.3,28,fe80::f816:3eff:feca:9936
ip-route:default via 10.100.0.1 dev eth0 
ip-route:10.100.0.0/28 dev eth0  src 10.100.0.3 
ip-route:169.254.169.254 via 10.100.0.1 dev eth0 
=== datasource: configdrive local ===
instance-id: bb5be778-9809-4b98-8f64-8e0ea1d0d8f8
name: tempest-server-smoke-1629033434
availability-zone: nova
local-hostname: tempest-server-smoke-1629033434.novalocal
launch-index: 0
=== cirros: current=0.3.4 uptime=21.42 ===
  ____               ____  ____
 / __/ __ ____ ____ / __ \/ __/
/ /__ / // __// __// /_/ /\ \ 
\___//_//_/  /_/   \____/___/ 
   http://cirros-cloud.net


login as 'cirros' user. default password: 'cubswin:)'. use 'sudo' for root.
tempest-server-smoke-1629033434 login: 
2016-02-21 09:03:12,178 32199 INFO     [tempest_lib.common.rest_client] Request (TestNetworkBasicOps:_run_cleanups): 204 DELETE http://10.4.1.3:9696/v2.0/floatingips/f149d6b9-2be9-4a3e-92d0-fed832ba71a5 0.246s
2016-02-21 09:03:12,178 32199 DEBUG    [tempest_lib.common.rest_client] Request - Headers: {'Content-Type': 'application/json', 'Accept': 'application/json', 'X-Auth-Token': '&lt;omitted&gt;'}
        Body: None
    Response - Headers: {'date': 'Sun, 21 Feb 2016 09:03:12 GMT', 'status': '204', 'connection': 'close', 'content-length': '0', 'x-openstack-request-id': 'req-29bd4206-7eca-4b2f-9a73-4da0993b955c'}
        Body: 
2016-02-21 09:03:12,394 32199 INFO     [tempest_lib.common.rest_client] Request (TestNetworkBasicOps:_run_cleanups): 204 DELETE http://10.4.1.3:8774/v2.1/096874a313784c1eb5f7dfab27006aaf/servers/bb5be778-9809-4b98-8f64-8e0ea1d0d8f8 0.215s
2016-02-21 09:03:12,394 32199 DEBUG    [tempest_lib.common.rest_client] Request - Headers: {'Content-Type': 'application/json', 'Accept': 'application/json', 'X-Auth-Token': '&lt;omitted&gt;'}
        Body: None
    Response - Headers: {'status': '204', 'content-length': '0', 'x-compute-request-id': 'req-624ea032-d58e-446f-839e-17afd4dd3ed6', 'vary': 'X-OpenStack-Nova-API-Version', 'connection': 'close', 'x-openstack-nova-api-version': '2.1', 'date': 'Sun, 21 Feb 2016 09:03:12 GMT', 'content-type': 'application/json'}
        Body: 
2016-02-21 09:03:12,565 32199 INFO     [tempest_lib.common.rest_client] Request (TestNetworkBasicOps:_run_cleanups): 200 GET http://10.4.1.3:8774/v2.1/096874a313784c1eb5f7dfab27006aaf/servers/bb5be778-9809-4b98-8f64-8e0ea1d0d8f8 0.170s
2016-02-21 09:03:12,566 32199 DEBUG    [tempest_lib.common.rest_client] Request - Headers: {'Content-Type': 'application/json', 'Accept': 'application/json', 'X-Auth-Token': '&lt;omitted&gt;'}
        Body: None
    Response - Headers: {'status': '200', 'content-length': '1759', 'content-location': 'http://10.4.1.3:8774/v2.1/096874a313784c1eb5f7dfab27006aaf/servers/bb5be778-9809-4b98-8f64-8e0ea1d0d8f8', 'x-compute-request-id': 'req-26ad0515-b9f0-45c5-8316-8cc486aa20c1', 'vary': 'X-OpenStack-Nova-API-Version', 'connection': 'close', 'x-openstack-nova-api-version': '2.1', 'date': 'Sun, 21 Feb 2016 09:03:12 GMT', 'content-type': 'application/json'}
        Body: {"server": {"status": "ACTIVE", "updated": "2016-02-21T09:03:12Z", "hostId": "019fe902f08bdac037b610714f1667239ba2dc66b2e284eee577314c", "addresses": {"tempest-network-smoke--9178435": [{"OS-EXT-IPS-MAC:mac_addr": "fa:16:3e:ca:99:36", "version": 4, "addr": "10.100.0.3", "OS-EXT-IPS:type": "fixed"}, {"OS-EXT-IPS-MAC:mac_addr": "fa:16:3e:ca:99:36", "version": 4, "addr": "172.24.4.18", "OS-EXT-IPS:type": "floating"}]}, "links": [{"href": "http://10.4.1.3:8774/v2.1/096874a313784c1eb5f7dfab27006aaf/servers/bb5be778-9809-4b98-8f64-8e0ea1d0d8f8", "rel": "self"}, {"href": "http://10.4.1.3:8774/096874a313784c1eb5f7dfab27006aaf/servers/bb5be778-9809-4b98-8f64-8e0ea1d0d8f8", "rel": "bookmark"}], "key_name": "tempest-TestNetworkBasicOps-1452020589", "image": {"id": "19ea2c30-2e77-47a0-9167-69cca455dc0f", "links": [{"href": "http://10.4.1.3:8774/096874a313784c1eb5f7dfab27006aaf/images/19ea2c30-2e77-47a0-9167-69cca455dc0f", "rel": "bookmark"}]}, "OS-EXT-STS:task_state": "deleting", "OS-EXT-STS:vm_state": "active", "OS-SRV-USG:launched_at": "2016-02-21T09:00:45.000000", "flavor": {"id": "42", "links": [{"href": "http://10.4.1.3:8774/096874a313784c1eb5f7dfab27006aaf/flavors/42", "rel": "bookmark"}]}, "id": "bb5be778-9809-4b98-8f64-8e0ea1d0d8f8", "security_groups": [{"name": "tempest-secgroup-smoke-761971223"}], "OS-SRV-USG:terminated_at": null, "OS-EXT-AZ:availability_zone": "nova", "user_id": "df5799f708a447adad15b526fe9e8412", "name": "tempest-server-smoke-1629033434", "created": "2016-02-21T09:00:43Z", "tenant_id": "096874a313784c1eb5f7dfab27006aaf", "OS-DCF:diskConfig": "MANUAL", "os-extended-volumes:volumes_attached": [], "accessIPv4": "", "accessIPv6": "", "progress": 0, "OS-EXT-STS:power_state": 1, "config_drive": "True", "metadata": {}}}
2016-02-21 09:03:13,746 32199 INFO     [tempest_lib.common.rest_client] Request (TestNetworkBasicOps:_run_cleanups): 200 GET http://10.4.1.3:8774/v2.1/096874a313784c1eb5f7dfab27006aaf/servers/bb5be778-9809-4b98-8f64-8e0ea1d0d8f8 0.165s
2016-02-21 09:03:13,747 32199 DEBUG    [tempest_lib.common.rest_client] Request - Headers: {'Content-Type': 'application/json', 'Accept': 'application/json', 'X-Auth-Token': '&lt;omitted&gt;'}
        Body: None
