<?xml version="1.0" encoding="UTF-8"?>
<!DOCTYPE html PUBLIC "-//W3C//DTD XHTML 1.0 Strict//EN"
     "http://www.w3.org/TR/xhtml1/DTD/xhtml1-strict.dtd">
<html xmlns="http://www.w3.org/1999/xhtml">
<head>
    <title>Unit Test Report</title>
    <meta name="generator" content="subunit2html 0.1"/>
    <meta http-equiv="Content-Type" content="text/html; charset=UTF-8"/>
    
<style type="text/css" media="screen">
body        { font-family: verdana, arial, helvetica, sans-serif;
    font-size: 80%; }
table       { font-size: 100%; width: 100%;}
pre         { font-size: 80%; }

/* -- heading -------------------------------------------------------------- */
h1 {
        font-size: 16pt;
        color: gray;
}
.heading {
    margin-top: 0ex;
    margin-bottom: 1ex;
}

.heading .attribute {
    margin-top: 1ex;
    margin-bottom: 0;
}

.heading .description {
    margin-top: 4ex;
    margin-bottom: 6ex;
}

/* -- css div popup -------------------------------------------------------- */
a.popup_link {
}

a.popup_link:hover {
    color: red;
}

.popup_window {
    display: none;
    overflow-x: scroll;
    /*border: solid #627173 1px; */
    padding: 10px;
    background-color: #E6E6D6;
    font-family: "Ubuntu Mono", "Lucida Console", "Courier New", monospace;
    text-align: left;
    font-size: 8pt;
}

}
/* -- report --------------------------------------------------------------- */
#show_detail_line {
    margin-top: 3ex;
    margin-bottom: 1ex;
}
#result_table {
    width: 100%;
    border-collapse: collapse;
    border: 1px solid #777;
}
#header_row {
    font-weight: bold;
    color: white;
    background-color: #777;
}
#result_table td {
    border: 1px solid #777;
    padding: 2px;
}
#total_row  { font-weight: bold; }
.passClass  { background-color: #6c6; }
.failClass  { background-color: #c60; }
.errorClass { background-color: #c00; }
.passCase   { color: #6c6; }
.failCase   { color: #c60; font-weight: bold; }
.errorCase  { color: #c00; font-weight: bold; }
.hiddenRow  { display: none; }
.testcase   { margin-left: 2em; }
td.testname {width: 40%}
td.small {width: 40px}

/* -- ending --------------------------------------------------------------- */
#ending {
}

</style>

</head>
<body>
<script language="javascript" type="text/javascript"><!--
output_list = Array();

/* level - 0:Summary; 1:Failed; 2:All */
function showCase(level) {
    trs = document.getElementsByTagName("tr");
    for (var i = 0; i < trs.length; i++) {
        tr = trs[i];
        id = tr.id;
        if (id.substr(0,2) == 'ft') {
            if (level < 1) {
                tr.className = 'hiddenRow';
            }
            else {
                tr.className = '';
            }
        }
        if (id.substr(0,2) == 'pt') {
            if (level > 1) {
                tr.className = '';
            }
            else {
                tr.className = 'hiddenRow';
            }
        }
    }
}


function showClassDetail(cid, count) {
    var id_list = Array(count);
    var toHide = 1;
    for (var i = 0; i < count; i++) {
        tid0 = 't' + cid.substr(1) + '.' + (i+1);
        tid = 'f' + tid0;
        tr = document.getElementById(tid);
        if (!tr) {
            tid = 'p' + tid0;
            tr = document.getElementById(tid);
        }
        id_list[i] = tid;
        if (tr.className) {
            toHide = 0;
        }
    }
    for (var i = 0; i < count; i++) {
        tid = id_list[i];
        if (toHide) {
            document.getElementById('div_'+tid).style.display = 'none'
            document.getElementById(tid).className = 'hiddenRow';
        }
        else {
            document.getElementById(tid).className = '';
        }
    }
}


function showTestDetail(div_id){
    var details_div = document.getElementById(div_id)
    var displayState = details_div.style.display
    // alert(displayState)
    if (displayState != 'block' ) {
        displayState = 'block'
        details_div.style.display = 'block'
    }
    else {
        details_div.style.display = 'none'
    }
}


function html_escape(s) {
    s = s.replace(/&/g,'&amp;');
    s = s.replace(/</g,'&lt;');
    s = s.replace(/>/g,'&gt;');
    return s;
}

/* obsoleted by detail in <div>
function showOutput(id, name) {
    var w = window.open("", //url
                    name,
                    "resizable,scrollbars,status,width=800,height=450");
    d = w.document;
    d.write("<pre>");
    d.write(html_escape(output_list[id]));
    d.write("\n");
    d.write("<a href='javascript:window.close()'>close</a>\n");
    d.write("</pre>\n");
    d.close();
}
*/
--></script>

<div class='heading'>
<h1>Unit Test Report</h1>

<p class='attribute'><strong>Status:</strong> Pass 8 Failure 1</p>

<p class='description'></p>
</div>



<p id='show_detail_line'>Show
<a href='javascript:showCase(0)'>Summary</a>
<a href='javascript:showCase(1)'>Failed</a>
<a href='javascript:showCase(2)'>All</a>
</p>
<table id='result_table'>
<colgroup>
<col align='left' />
<col align='right' />
<col align='right' />
<col align='right' />
<col align='right' />
<col align='right' />
<col align='right' />
<col align='right' />
</colgroup>
<tr id='header_row'>
    <td>Test Group/Test case</td>
    <td>Count</td>
    <td>Pass</td>
    <td>Fail</td>
    <td>Error</td>
    <td>Skip</td>
    <td>View</td>
    <td> </td>
</tr>

<tr class='failClass'>
    <td class="testname">tempest.scenario.test_network_basic_ops.TestNetworkBasicOps</td>
    <td class="small">9</td>
    <td class="small">8</td>
    <td class="small">1</td>
    <td class="small">0</td>
    <td class="small">0</td>
    <td class="small"><a href="javascript:showClassDetail('c1',9)"
>Detail</a></td>
    <td> </td>
</tr>

<tr id='pt1.1' class='hiddenRow'>
    <td class='none'><div class='testcase'>test_connectivity_between_vms_on_different_networks[compute,id-1546850e-fbaa-42f5-8b5f-03d8a6a95f15,network]</div></td>
    <td colspan='7' align='left'>

    <!--css div popup start-->
    <a class="popup_link" onfocus='this.blur();'
    href="javascript:showTestDetail('div_pt1.1')" >
        pass</a>

    <div id='div_pt1.1' class="popup_window">
        <div style='text-align: right; color:red;cursor:pointer'>
        <a onfocus='this.blur();'
onclick="document.getElementById('div_pt1.1').style.display = 'none' " >
           [x]</a>
        </div>
        <pre>
        
pt1.1: tempest.scenario.test_network_basic_ops.TestNetworkBasicOps.test_connectivity_between_vms_on_different_networks[compute,id-1546850e-fbaa-42f5-8b5f-03d8a6a95f15,network]

        </pre>
    </div>
    <!--css div popup end-->

    </td>
</tr>

<tr id='pt1.2' class='hiddenRow'>
    <td class='none'><div class='testcase'>test_hotplug_nic[compute,id-c5adff73-e961-41f1-b4a9-343614f18cfa,network]</div></td>
    <td colspan='7' align='left'>

    <!--css div popup start-->
    <a class="popup_link" onfocus='this.blur();'
    href="javascript:showTestDetail('div_pt1.2')" >
        pass</a>

    <div id='div_pt1.2' class="popup_window">
        <div style='text-align: right; color:red;cursor:pointer'>
        <a onfocus='this.blur();'
onclick="document.getElementById('div_pt1.2').style.display = 'none' " >
           [x]</a>
        </div>
        <pre>
        
pt1.2: tempest.scenario.test_network_basic_ops.TestNetworkBasicOps.test_hotplug_nic[compute,id-c5adff73-e961-41f1-b4a9-343614f18cfa,network]

        </pre>
    </div>
    <!--css div popup end-->

    </td>
</tr>

<tr id='pt1.3' class='hiddenRow'>
    <td class='none'><div class='testcase'>test_network_basic_ops[compute,id-f323b3ba-82f8-4db7-8ea6-6a895869ec49,network,smoke]</div></td>
    <td colspan='7' align='left'>

    <!--css div popup start-->
    <a class="popup_link" onfocus='this.blur();'
    href="javascript:showTestDetail('div_pt1.3')" >
        pass</a>

    <div id='div_pt1.3' class="popup_window">
        <div style='text-align: right; color:red;cursor:pointer'>
        <a onfocus='this.blur();'
onclick="document.getElementById('div_pt1.3').style.display = 'none' " >
           [x]</a>
        </div>
        <pre>
        
pt1.3: tempest.scenario.test_network_basic_ops.TestNetworkBasicOps.test_network_basic_ops[compute,id-f323b3ba-82f8-4db7-8ea6-6a895869ec49,network,smoke]

        </pre>
    </div>
    <!--css div popup end-->

    </td>
</tr>

<tr id='pt1.4' class='hiddenRow'>
    <td class='none'><div class='testcase'>test_port_security_macspoofing_port[compute,id-7c0bb1a2-d053-49a4-98f9-ca1a1d849f63,network]</div></td>
    <td colspan='7' align='left'>

    <!--css div popup start-->
    <a class="popup_link" onfocus='this.blur();'
    href="javascript:showTestDetail('div_pt1.4')" >
        pass</a>

    <div id='div_pt1.4' class="popup_window">
        <div style='text-align: right; color:red;cursor:pointer'>
        <a onfocus='this.blur();'
onclick="document.getElementById('div_pt1.4').style.display = 'none' " >
           [x]</a>
        </div>
        <pre>
        
pt1.4: tempest.scenario.test_network_basic_ops.TestNetworkBasicOps.test_port_security_macspoofing_port[compute,id-7c0bb1a2-d053-49a4-98f9-ca1a1d849f63,network]

        </pre>
    </div>
    <!--css div popup end-->

    </td>
</tr>

<tr id='pt1.5' class='hiddenRow'>
    <td class='none'><div class='testcase'>test_preserve_preexisting_port[compute,id-759462e1-8535-46b0-ab3a-33aa45c55aaa,network]</div></td>
    <td colspan='7' align='left'>

    <!--css div popup start-->
    <a class="popup_link" onfocus='this.blur();'
    href="javascript:showTestDetail('div_pt1.5')" >
        pass</a>

    <div id='div_pt1.5' class="popup_window">
        <div style='text-align: right; color:red;cursor:pointer'>
        <a onfocus='this.blur();'
onclick="document.getElementById('div_pt1.5').style.display = 'none' " >
           [x]</a>
        </div>
        <pre>
        
pt1.5: tempest.scenario.test_network_basic_ops.TestNetworkBasicOps.test_preserve_preexisting_port[compute,id-759462e1-8535-46b0-ab3a-33aa45c55aaa,network]

        </pre>
    </div>
    <!--css div popup end-->

    </td>
</tr>

<tr id='pt1.6' class='hiddenRow'>
    <td class='none'><div class='testcase'>test_router_rescheduling[compute,id-2e788c46-fb3f-4ac9-8f82-0561555bea73,network]</div></td>
    <td colspan='7' align='left'>

    <!--css div popup start-->
    <a class="popup_link" onfocus='this.blur();'
    href="javascript:showTestDetail('div_pt1.6')" >
        pass</a>

    <div id='div_pt1.6' class="popup_window">
        <div style='text-align: right; color:red;cursor:pointer'>
        <a onfocus='this.blur();'
onclick="document.getElementById('div_pt1.6').style.display = 'none' " >
           [x]</a>
        </div>
        <pre>
        
pt1.6: tempest.scenario.test_network_basic_ops.TestNetworkBasicOps.test_router_rescheduling[compute,id-2e788c46-fb3f-4ac9-8f82-0561555bea73,network]

        </pre>
    </div>
    <!--css div popup end-->

    </td>
</tr>

<tr id='pt1.7' class='hiddenRow'>
    <td class='none'><div class='testcase'>test_subnet_details[compute,id-d8bb918e-e2df-48b2-97cd-b73c95450980,network]</div></td>
    <td colspan='7' align='left'>

    <!--css div popup start-->
    <a class="popup_link" onfocus='this.blur();'
    href="javascript:showTestDetail('div_pt1.7')" >
        pass</a>

    <div id='div_pt1.7' class="popup_window">
        <div style='text-align: right; color:red;cursor:pointer'>
        <a onfocus='this.blur();'
onclick="document.getElementById('div_pt1.7').style.display = 'none' " >
           [x]</a>
        </div>
        <pre>
        
pt1.7: tempest.scenario.test_network_basic_ops.TestNetworkBasicOps.test_subnet_details[compute,id-d8bb918e-e2df-48b2-97cd-b73c95450980,network]

        </pre>
    </div>
    <!--css div popup end-->

    </td>
</tr>

<tr id='ft1.8' class='none'>
    <td class='failCase'><div class='testcase'>test_update_instance_port_admin_state[compute,id-f5dfcc22-45fd-409f-954c-5bd500d7890b,network]</div></td>
    <td colspan='7' align='left'>

    <!--css div popup start-->
    <a class="popup_link" onfocus='this.blur();'
    href="javascript:showTestDetail('div_ft1.8')" >
        fail</a>

    <div id='div_ft1.8' class="popup_window">
        <div style='text-align: right; color:red;cursor:pointer'>
        <a onfocus='this.blur();'
onclick="document.getElementById('div_ft1.8').style.display = 'none' " >
           [x]</a>
        </div>
        <pre>
        
ft1.8: tempest.scenario.test_network_basic_ops.TestNetworkBasicOps.test_update_instance_port_admin_state[compute,id-f5dfcc22-45fd-409f-954c-5bd500d7890b,network]_StringException: Empty attachments:
  stderr
  stdout

pythonlogging:'': {{{
2015-12-05 02:30:16,624 27306 INFO     [tempest_lib.common.rest_client] Request (TestNetworkBasicOps:test_update_instance_port_admin_state): 201 POST http://10.0.2.15:9696/v2.0/security-groups 0.119s
2015-12-05 02:30:16,625 27306 DEBUG    [tempest_lib.common.rest_client] Request - Headers: {'Content-Type': 'application/json', 'Accept': 'application/json', 'X-Auth-Token': '&lt;omitted&gt;'}
        Body: {"security_group": {"tenant_id": "162e40e79abd405f8c62b514362cb60a", "description": "tempest-secgroup-smoke-1989609875 description", "name": "tempest-secgroup-smoke-1989609875"}}
    Response - Headers: {'status': '201', 'content-length': '888', 'connection': 'close', 'date': 'Sat, 05 Dec 2015 02:30:16 GMT', 'content-type': 'application/json; charset=UTF-8', 'x-openstack-request-id': 'req-b945ff08-dca9-416a-99e9-487eb20e5af6'}
        Body: {"security_group": {"tenant_id": "162e40e79abd405f8c62b514362cb60a", "description": "tempest-secgroup-smoke-1989609875 description", "id": "878dbc1e-4be3-4fb1-8983-357d092a10fb", "security_group_rules": [{"remote_group_id": null, "direction": "egress", "remote_ip_prefix": null, "protocol": null, "ethertype": "IPv4", "tenant_id": "162e40e79abd405f8c62b514362cb60a", "port_range_max": null, "port_range_min": null, "id": "6f48e656-4c9c-4419-a5c5-e645d5461352", "security_group_id": "878dbc1e-4be3-4fb1-8983-357d092a10fb"}, {"remote_group_id": null, "direction": "egress", "remote_ip_prefix": null, "protocol": null, "ethertype": "IPv6", "tenant_id": "162e40e79abd405f8c62b514362cb60a", "port_range_max": null, "port_range_min": null, "id": "c6295554-696b-4776-be83-1348c7e66697", "security_group_id": "878dbc1e-4be3-4fb1-8983-357d092a10fb"}], "name": "tempest-secgroup-smoke-1989609875"}}
2015-12-05 02:30:16,737 27306 INFO     [tempest_lib.common.rest_client] Request (TestNetworkBasicOps:test_update_instance_port_admin_state): 201 POST http://10.0.2.15:9696/v2.0/security-group-rules 0.109s
2015-12-05 02:30:16,737 27306 DEBUG    [tempest_lib.common.rest_client] Request - Headers: {'Content-Type': 'application/json', 'Accept': 'application/json', 'X-Auth-Token': '&lt;omitted&gt;'}
        Body: {"security_group_rule": {"direction": "ingress", "protocol": "tcp", "tenant_id": "162e40e79abd405f8c62b514362cb60a", "port_range_max": 22, "security_group_id": "878dbc1e-4be3-4fb1-8983-357d092a10fb", "port_range_min": 22}}
    Response - Headers: {'status': '201', 'content-length': '340', 'connection': 'close', 'date': 'Sat, 05 Dec 2015 02:30:16 GMT', 'content-type': 'application/json; charset=UTF-8', 'x-openstack-request-id': 'req-c50da143-b1ce-4598-849e-243e89ce315d'}
        Body: {"security_group_rule": {"remote_group_id": null, "direction": "ingress", "remote_ip_prefix": null, "protocol": "tcp", "ethertype": "IPv4", "tenant_id": "162e40e79abd405f8c62b514362cb60a", "port_range_max": 22, "port_range_min": 22, "id": "b79932e5-dd2e-4e6a-aaad-a42fade36c9c", "security_group_id": "878dbc1e-4be3-4fb1-8983-357d092a10fb"}}
2015-12-05 02:30:16,848 27306 INFO     [tempest_lib.common.rest_client] Request (TestNetworkBasicOps:test_update_instance_port_admin_state): 201 POST http://10.0.2.15:9696/v2.0/security-group-rules 0.110s
2015-12-05 02:30:16,849 27306 DEBUG    [tempest_lib.common.rest_client] Request - Headers: {'Content-Type': 'application/json', 'Accept': 'application/json', 'X-Auth-Token': '&lt;omitted&gt;'}
        Body: {"security_group_rule": {"direction": "egress", "protocol": "tcp", "tenant_id": "162e40e79abd405f8c62b514362cb60a", "port_range_max": 22, "security_group_id": "878dbc1e-4be3-4fb1-8983-357d092a10fb", "port_range_min": 22}}
    Response - Headers: {'status': '201', 'content-length': '339', 'connection': 'close', 'date': 'Sat, 05 Dec 2015 02:30:16 GMT', 'content-type': 'application/json; charset=UTF-8', 'x-openstack-request-id': 'req-933bc4e0-4cf0-4ca4-88a9-3a67eb4b8a54'}
        Body: {"security_group_rule": {"remote_group_id": null, "direction": "egress", "remote_ip_prefix": null, "protocol": "tcp", "ethertype": "IPv4", "tenant_id": "162e40e79abd405f8c62b514362cb60a", "port_range_max": 22, "port_range_min": 22, "id": "42f54c4e-c137-49c4-bd52-41ad51612132", "security_group_id": "878dbc1e-4be3-4fb1-8983-357d092a10fb"}}
2015-12-05 02:30:16,942 27306 INFO     [tempest_lib.common.rest_client] Request (TestNetworkBasicOps:test_update_instance_port_admin_state): 201 POST http://10.0.2.15:9696/v2.0/security-group-rules 0.091s
2015-12-05 02:30:16,942 27306 DEBUG    [tempest_lib.common.rest_client] Request - Headers: {'Content-Type': 'application/json', 'Accept': 'application/json', 'X-Auth-Token': '&lt;omitted&gt;'}
        Body: {"security_group_rule": {"tenant_id": "162e40e79abd405f8c62b514362cb60a", "direction": "ingress", "protocol": "icmp", "security_group_id": "878dbc1e-4be3-4fb1-8983-357d092a10fb"}}
    Response - Headers: {'status': '201', 'content-length': '345', 'connection': 'close', 'date': 'Sat, 05 Dec 2015 02:30:16 GMT', 'content-type': 'application/json; charset=UTF-8', 'x-openstack-request-id': 'req-bf2fe871-0089-4b19-8a3f-7ff2f3aa7738'}
        Body: {"security_group_rule": {"remote_group_id": null, "direction": "ingress", "remote_ip_prefix": null, "protocol": "icmp", "ethertype": "IPv4", "tenant_id": "162e40e79abd405f8c62b514362cb60a", "port_range_max": null, "port_range_min": null, "id": "d9f633d2-1992-44ce-9761-c4c4764e7942", "security_group_id": "878dbc1e-4be3-4fb1-8983-357d092a10fb"}}
2015-12-05 02:30:17,047 27306 INFO     [tempest_lib.common.rest_client] Request (TestNetworkBasicOps:test_update_instance_port_admin_state): 201 POST http://10.0.2.15:9696/v2.0/security-group-rules 0.103s
2015-12-05 02:30:17,048 27306 DEBUG    [tempest_lib.common.rest_client] Request - Headers: {'Content-Type': 'application/json', 'Accept': 'application/json', 'X-Auth-Token': '&lt;omitted&gt;'}
        Body: {"security_group_rule": {"tenant_id": "162e40e79abd405f8c62b514362cb60a", "direction": "egress", "protocol": "icmp", "security_group_id": "878dbc1e-4be3-4fb1-8983-357d092a10fb"}}
    Response - Headers: {'status': '201', 'content-length': '344', 'connection': 'close', 'date': 'Sat, 05 Dec 2015 02:30:17 GMT', 'content-type': 'application/json; charset=UTF-8', 'x-openstack-request-id': 'req-1b23682c-00b7-4b8f-bb73-08301f786108'}
        Body: {"security_group_rule": {"remote_group_id": null, "direction": "egress", "remote_ip_prefix": null, "protocol": "icmp", "ethertype": "IPv4", "tenant_id": "162e40e79abd405f8c62b514362cb60a", "port_range_max": null, "port_range_min": null, "id": "032b15d1-cf8f-465c-8800-d6236772e2a1", "security_group_id": "878dbc1e-4be3-4fb1-8983-357d092a10fb"}}
2015-12-05 02:30:17,164 27306 INFO     [tempest_lib.common.rest_client] Request (TestNetworkBasicOps:test_update_instance_port_admin_state): 201 POST http://10.0.2.15:9696/v2.0/security-group-rules 0.115s
2015-12-05 02:30:17,165 27306 DEBUG    [tempest_lib.common.rest_client] Request - Headers: {'Content-Type': 'application/json', 'Accept': 'application/json', 'X-Auth-Token': '&lt;omitted&gt;'}
        Body: {"security_group_rule": {"tenant_id": "162e40e79abd405f8c62b514362cb60a", "direction": "ingress", "security_group_id": "878dbc1e-4be3-4fb1-8983-357d092a10fb", "protocol": "icmp", "ethertype": "IPv6"}}
    Response - Headers: {'status': '201', 'content-length': '345', 'connection': 'close', 'date': 'Sat, 05 Dec 2015 02:30:17 GMT', 'content-type': 'application/json; charset=UTF-8', 'x-openstack-request-id': 'req-d75dcee9-134f-404d-843c-77f643dc68cc'}
        Body: {"security_group_rule": {"remote_group_id": null, "direction": "ingress", "remote_ip_prefix": null, "protocol": "icmp", "ethertype": "IPv6", "tenant_id": "162e40e79abd405f8c62b514362cb60a", "port_range_max": null, "port_range_min": null, "id": "70bc6ec3-6ed3-4e0c-b2c8-cf175da3bfd9", "security_group_id": "878dbc1e-4be3-4fb1-8983-357d092a10fb"}}
2015-12-05 02:30:17,284 27306 INFO     [tempest_lib.common.rest_client] Request (TestNetworkBasicOps:test_update_instance_port_admin_state): 201 POST http://10.0.2.15:9696/v2.0/security-group-rules 0.117s
2015-12-05 02:30:17,284 27306 DEBUG    [tempest_lib.common.rest_client] Request - Headers: {'Content-Type': 'application/json', 'Accept': 'application/json', 'X-Auth-Token': '&lt;omitted&gt;'}
        Body: {"security_group_rule": {"tenant_id": "162e40e79abd405f8c62b514362cb60a", "direction": "egress", "security_group_id": "878dbc1e-4be3-4fb1-8983-357d092a10fb", "protocol": "icmp", "ethertype": "IPv6"}}
    Response - Headers: {'status': '201', 'content-length': '344', 'connection': 'close', 'date': 'Sat, 05 Dec 2015 02:30:17 GMT', 'content-type': 'application/json; charset=UTF-8', 'x-openstack-request-id': 'req-cab8e989-3339-42d7-8e0b-7ae20d27b2c8'}
        Body: {"security_group_rule": {"remote_group_id": null, "direction": "egress", "remote_ip_prefix": null, "protocol": "icmp", "ethertype": "IPv6", "tenant_id": "162e40e79abd405f8c62b514362cb60a", "port_range_max": null, "port_range_min": null, "id": "26bfcb4c-770c-4f00-a7fe-f8d204f92afb", "security_group_id": "878dbc1e-4be3-4fb1-8983-357d092a10fb"}}
2015-12-05 02:30:17,424 27306 INFO     [tempest_lib.common.rest_client] Request (TestNetworkBasicOps:test_update_instance_port_admin_state): 201 POST http://10.0.2.15:9696/v2.0/networks 0.138s
2015-12-05 02:30:17,425 27306 DEBUG    [tempest_lib.common.rest_client] Request - Headers: {'Content-Type': 'application/json', 'Accept': 'application/json', 'X-Auth-Token': '&lt;omitted&gt;'}
        Body: {"network": {"tenant_id": "162e40e79abd405f8c62b514362cb60a", "name": "tempest-network-smoke--1919692312"}}
    Response - Headers: {'status': '201', 'content-length': '296', 'connection': 'close', 'date': 'Sat, 05 Dec 2015 02:30:17 GMT', 'content-type': 'application/json; charset=UTF-8', 'x-openstack-request-id': 'req-b83ca8a7-b160-4aa7-b398-24726fe0b9f9'}
        Body: {"network": {"status": "ACTIVE", "subnets": [], "name": "tempest-network-smoke--1919692312", "admin_state_up": true, "tenant_id": "162e40e79abd405f8c62b514362cb60a", "mtu": 0, "router:external": false, "shared": false, "port_security_enabled": true, "id": "e3b4bcd7-5c00-40f7-bcc0-c7cd48ae3fda"}}
2015-12-05 02:30:17,500 27306 INFO     [tempest_lib.common.rest_client] Request (TestNetworkBasicOps:test_update_instance_port_admin_state): 201 POST http://10.0.2.15:9696/v2.0/routers 0.074s
2015-12-05 02:30:17,501 27306 DEBUG    [tempest_lib.common.rest_client] Request - Headers: {'Content-Type': 'application/json', 'Accept': 'application/json', 'X-Auth-Token': '&lt;omitted&gt;'}
        Body: {"router": {"tenant_id": "162e40e79abd405f8c62b514362cb60a", "name": "tempest-router-smoke-1722151213", "admin_state_up": true}}
    Response - Headers: {'status': '201', 'content-length': '239', 'connection': 'close', 'date': 'Sat, 05 Dec 2015 02:30:17 GMT', 'content-type': 'application/json; charset=UTF-8', 'x-openstack-request-id': 'req-998c36b8-c979-4ae7-8669-d5ec62ff2813'}
        Body: {"router": {"status": "ACTIVE", "external_gateway_info": null, "name": "tempest-router-smoke-1722151213", "admin_state_up": true, "tenant_id": "162e40e79abd405f8c62b514362cb60a", "routes": [], "id": "bba3466e-0764-4717-8f0b-30ac7b1ed45a"}}
2015-12-05 02:30:17,547 27306 INFO     [tempest_lib.common.rest_client] Request (TestNetworkBasicOps:test_update_instance_port_admin_state): 200 GET http://10.0.2.15:9696/v2.0/routers/bba3466e-0764-4717-8f0b-30ac7b1ed45a 0.045s
2015-12-05 02:30:17,548 27306 DEBUG    [tempest_lib.common.rest_client] Request - Headers: {'Content-Type': 'application/json', 'Accept': 'application/json', 'X-Auth-Token': '&lt;omitted&gt;'}
        Body: None
    Response - Headers: {'status': '200', 'content-length': '239', 'content-location': 'http://10.0.2.15:9696/v2.0/routers/bba3466e-0764-4717-8f0b-30ac7b1ed45a', 'connection': 'close', 'date': 'Sat, 05 Dec 2015 02:30:17 GMT', 'content-type': 'application/json; charset=UTF-8', 'x-openstack-request-id': 'req-52e736da-3c79-41d7-bb80-79c96539a536'}
        Body: {"router": {"status": "ACTIVE", "external_gateway_info": null, "name": "tempest-router-smoke-1722151213", "admin_state_up": true, "tenant_id": "162e40e79abd405f8c62b514362cb60a", "routes": [], "id": "bba3466e-0764-4717-8f0b-30ac7b1ed45a"}}
2015-12-05 02:30:18,144 27306 INFO     [tempest_lib.common.rest_client] Request (TestNetworkBasicOps:test_update_instance_port_admin_state): 200 PUT http://10.0.2.15:9696/v2.0/routers/bba3466e-0764-4717-8f0b-30ac7b1ed45a 0.595s
2015-12-05 02:30:18,144 27306 DEBUG    [tempest_lib.common.rest_client] Request - Headers: {'Content-Type': 'application/json', 'Accept': 'application/json', 'X-Auth-Token': '&lt;omitted&gt;'}
        Body: {"router": {"external_gateway_info": {"network_id": "6203a6a4-eb1e-42a7-aa10-140fe67aa099"}, "name": "tempest-router-smoke-1722151213", "admin_state_up": true}}
    Response - Headers: {'status': '200', 'content-length': '503', 'connection': 'close', 'date': 'Sat, 05 Dec 2015 02:30:18 GMT', 'content-type': 'application/json; charset=UTF-8', 'x-openstack-request-id': 'req-f86f5ce5-3b1c-4624-ab54-91e0943dcb66'}
        Body: {"router": {"status": "ACTIVE", "external_gateway_info": {"network_id": "6203a6a4-eb1e-42a7-aa10-140fe67aa099", "enable_snat": true, "external_fixed_ips": [{"subnet_id": "624adff7-428f-42b5-8106-1691ad06375d", "ip_address": "172.24.4.17"}, {"subnet_id": "6e287597-2a0c-4f8b-b3b8-03e6a8aa17a4", "ip_address": "2001:db8::11"}]}, "name": "tempest-router-smoke-1722151213", "admin_state_up": true, "tenant_id": "162e40e79abd405f8c62b514362cb60a", "routes": [], "id": "bba3466e-0764-4717-8f0b-30ac7b1ed45a"}}
2015-12-05 02:30:18,175 27306 INFO     [tempest_lib.common.rest_client] Request (TestNetworkBasicOps:test_update_instance_port_admin_state): 200 GET http://10.0.2.15:9696/v2.0/subnets?tenant_id=162e40e79abd405f8c62b514362cb60a&amp;cidr=10.100.0.0%2F28 0.029s
2015-12-05 02:30:18,176 27306 DEBUG    [tempest_lib.common.rest_client] Request - Headers: {'Content-Type': 'application/json', 'Accept': 'application/json', 'X-Auth-Token': '&lt;omitted&gt;'}
        Body: None
    Response - Headers: {'status': '200', 'content-length': '15', 'content-location': 'http://10.0.2.15:9696/v2.0/subnets?tenant_id=162e40e79abd405f8c62b514362cb60a&amp;cidr=10.100.0.0%2F28', 'connection': 'close', 'date': 'Sat, 05 Dec 2015 02:30:18 GMT', 'content-type': 'application/json; charset=UTF-8', 'x-openstack-request-id': 'req-54629aca-fbbb-4b72-8d53-8d9a6d13dbf2'}
        Body: {"subnets": []}
2015-12-05 02:30:18,438 27306 INFO     [tempest_lib.common.rest_client] Request (TestNetworkBasicOps:test_update_instance_port_admin_state): 201 POST http://10.0.2.15:9696/v2.0/subnets 0.261s
2015-12-05 02:30:18,438 27306 DEBUG    [tempest_lib.common.rest_client] Request - Headers: {'Content-Type': 'application/json', 'Accept': 'application/json', 'X-Auth-Token': '&lt;omitted&gt;'}
        Body: {"subnet": {"ip_version": 4, "tenant_id": "162e40e79abd405f8c62b514362cb60a", "cidr": "10.100.0.0/28", "network_id": "e3b4bcd7-5c00-40f7-bcc0-c7cd48ae3fda", "name": "tempest-subnet-smoke-1384173552"}}
    Response - Headers: {'status': '201', 'content-length': '478', 'connection': 'close', 'date': 'Sat, 05 Dec 2015 02:30:18 GMT', 'content-type': 'application/json; charset=UTF-8', 'x-openstack-request-id': 'req-28de367a-4fff-4798-b977-05eab78c718e'}
        Body: {"subnet": {"name": "tempest-subnet-smoke-1384173552", "enable_dhcp": true, "network_id": "e3b4bcd7-5c00-40f7-bcc0-c7cd48ae3fda", "tenant_id": "162e40e79abd405f8c62b514362cb60a", "dns_nameservers": [], "gateway_ip": "10.100.0.1", "ipv6_ra_mode": null, "allocation_pools": [{"start": "10.100.0.2", "end": "10.100.0.14"}], "host_routes": [], "ip_version": 4, "ipv6_address_mode": null, "cidr": "10.100.0.0/28", "id": "2e88a1bc-d557-4d10-b7f1-509ff6e60a2b", "subnetpool_id": null}}
2015-12-05 02:30:19,000 27306 INFO     [tempest_lib.common.rest_client] Request (TestNetworkBasicOps:test_update_instance_port_admin_state): 200 PUT http://10.0.2.15:9696/v2.0/routers/bba3466e-0764-4717-8f0b-30ac7b1ed45a/add_router_interface 0.560s
2015-12-05 02:30:19,000 27306 DEBUG    [tempest_lib.common.rest_client] Request - Headers: {'Content-Type': 'application/json', 'Accept': 'application/json', 'X-Auth-Token': '&lt;omitted&gt;'}
        Body: {"subnet_id": "2e88a1bc-d557-4d10-b7f1-509ff6e60a2b"}
    Response - Headers: {'status': '200', 'content-length': '255', 'connection': 'close', 'date': 'Sat, 05 Dec 2015 02:30:18 GMT', 'content-type': 'application/json; charset=UTF-8', 'x-openstack-request-id': 'req-9bfbce4e-3dcf-4b9c-bd20-5640d1d41b94'}
        Body: {"subnet_id": "2e88a1bc-d557-4d10-b7f1-509ff6e60a2b", "tenant_id": "162e40e79abd405f8c62b514362cb60a", "subnet_ids": ["2e88a1bc-d557-4d10-b7f1-509ff6e60a2b"], "port_id": "ba243c62-af31-4367-b16d-870f5c50bccd", "id": "bba3466e-0764-4717-8f0b-30ac7b1ed45a"}
2015-12-05 02:30:19,041 27306 INFO     [tempest_lib.common.rest_client] Request (TestNetworkBasicOps:test_update_instance_port_admin_state): 200 GET http://10.0.2.15:9696/v2.0/networks 0.039s
2015-12-05 02:30:19,041 27306 DEBUG    [tempest_lib.common.rest_client] Request - Headers: {'Content-Type': 'application/json', 'Accept': 'application/json', 'X-Auth-Token': '&lt;omitted&gt;'}
        Body: None
    Response - Headers: {'status': '200', 'content-length': '1318', 'content-location': 'http://10.0.2.15:9696/v2.0/networks', 'connection': 'close', 'date': 'Sat, 05 Dec 2015 02:30:19 GMT', 'content-type': 'application/json; charset=UTF-8', 'x-openstack-request-id': 'req-a3346d7d-d1d6-486d-82b7-40b54200c780'}
        Body: {"networks": [{"status": "ACTIVE", "subnets": ["2e88a1bc-d557-4d10-b7f1-509ff6e60a2b"], "name": "tempest-network-smoke--1919692312", "provider:physical_network": null, "admin_state_up": true, "tenant_id": "162e40e79abd405f8c62b514362cb60a", "mtu": 0, "router:external": false, "shared": false, "port_security_enabled": true, "provider:network_type": "vxlan", "id": "e3b4bcd7-5c00-40f7-bcc0-c7cd48ae3fda", "provider:segmentation_id": 1035}, {"status": "ACTIVE", "subnets": ["6e287597-2a0c-4f8b-b3b8-03e6a8aa17a4", "624adff7-428f-42b5-8106-1691ad06375d"], "name": "public", "provider:physical_network": null, "admin_state_up": true, "tenant_id": "fa6b83f69845464c9325484abe01e2cb", "mtu": 0, "router:external": true, "shared": false, "port_security_enabled": true, "provider:network_type": "vxlan", "id": "6203a6a4-eb1e-42a7-aa10-140fe67aa099", "provider:segmentation_id": 1038}, {"status": "ACTIVE", "subnets": ["1a989c7e-85ae-4bb8-bb9c-f5eca889d72d", "30f52f62-bab8-4542-9e01-8260026f584a"], "name": "private", "provider:physical_network": null, "admin_state_up": true, "tenant_id": "7077dfae947746838f7575e804bd34e4", "mtu": 0, "router:external": false, "shared": false, "port_security_enabled": true, "provider:network_type": "vxlan", "id": "d3f92fe0-da01-4ac3-a09b-c80de3dce75e", "provider:segmentation_id": 1070}]}
2015-12-05 02:30:19,108 27306 INFO     [tempest_lib.common.rest_client] Request (TestNetworkBasicOps:test_update_instance_port_admin_state): 200 GET http://10.0.2.15:9696/v2.0/subnets 0.066s
2015-12-05 02:30:19,108 27306 DEBUG    [tempest_lib.common.rest_client] Request - Headers: {'Content-Type': 'application/json', 'Accept': 'application/json', 'X-Auth-Token': '&lt;omitted&gt;'}
        Body: None
    Response - Headers: {'status': '200', 'content-length': '2408', 'content-location': 'http://10.0.2.15:9696/v2.0/subnets', 'connection': 'close', 'date': 'Sat, 05 Dec 2015 02:30:19 GMT', 'content-type': 'application/json; charset=UTF-8', 'x-openstack-request-id': 'req-f782d341-173b-4d83-9a07-b0cf51dc7d07'}
        Body: {"subnets": [{"name": "ipv6-public-subnet", "enable_dhcp": false, "network_id": "6203a6a4-eb1e-42a7-aa10-140fe67aa099", "tenant_id": "fa6b83f69845464c9325484abe01e2cb", "dns_nameservers": [], "gateway_ip": "2001:db8::2", "ipv6_ra_mode": null, "allocation_pools": [{"start": "2001:db8::3", "end": "2001:db8::ffff:ffff:ffff:ffff"}, {"start": "2001:db8::1", "end": "2001:db8::1"}], "host_routes": [], "ip_version": 6, "ipv6_address_mode": null, "cidr": "2001:db8::/64", "id": "6e287597-2a0c-4f8b-b3b8-03e6a8aa17a4", "subnetpool_id": null}, {"name": "tempest-subnet-smoke-1384173552", "enable_dhcp": true, "network_id": "e3b4bcd7-5c00-40f7-bcc0-c7cd48ae3fda", "tenant_id": "162e40e79abd405f8c62b514362cb60a", "dns_nameservers": [], "gateway_ip": "10.100.0.1", "ipv6_ra_mode": null, "allocation_pools": [{"start": "10.100.0.2", "end": "10.100.0.14"}], "host_routes": [], "ip_version": 4, "ipv6_address_mode": null, "cidr": "10.100.0.0/28", "id": "2e88a1bc-d557-4d10-b7f1-509ff6e60a2b", "subnetpool_id": null}, {"name": "ipv6-private-subnet", "enable_dhcp": true, "network_id": "d3f92fe0-da01-4ac3-a09b-c80de3dce75e", "tenant_id": "7077dfae947746838f7575e804bd34e4", "dns_nameservers": [], "gateway_ip": "fdca:8b71:3b87::1", "ipv6_ra_mode": "slaac", "allocation_pools": [{"start": "fdca:8b71:3b87::2", "end": "fdca:8b71:3b87:0:ffff:ffff:ffff:ffff"}], "host_routes": [], "ip_version": 6, "ipv6_address_mode": "slaac", "cidr": "fdca:8b71:3b87::/64", "id": "30f52f62-bab8-4542-9e01-8260026f584a", "subnetpool_id": null}, {"name": "public-subnet", "enable_dhcp": false, "network_id": "6203a6a4-eb1e-42a7-aa10-140fe67aa099", "tenant_id": "fa6b83f69845464c9325484abe01e2cb", "dns_nameservers": [], "gateway_ip": "172.24.4.1", "ipv6_ra_mode": null, "allocation_pools": [{"start": "172.24.4.2", "end": "172.24.4.254"}], "host_routes": [], "ip_version": 4, "ipv6_address_mode": null, "cidr": "172.24.4.0/24", "id": "624adff7-428f-42b5-8106-1691ad06375d", "subnetpool_id": null}, {"name": "private-subnet", "enable_dhcp": true, "network_id": "d3f92fe0-da01-4ac3-a09b-c80de3dce75e", "tenant_id": "7077dfae947746838f7575e804bd34e4", "dns_nameservers": [], "gateway_ip": "10.0.0.1", "ipv6_ra_mode": null, "allocation_pools": [{"start": "10.0.0.2", "end": "10.0.0.254"}], "host_routes": [], "ip_version": 4, "ipv6_address_mode": null, "cidr": "10.0.0.0/24", "id": "1a989c7e-85ae-4bb8-bb9c-f5eca889d72d", "subnetpool_id": null}]}
2015-12-05 02:30:19,154 27306 INFO     [tempest_lib.common.rest_client] Request (TestNetworkBasicOps:test_update_instance_port_admin_state): 200 GET http://10.0.2.15:9696/v2.0/routers 0.044s
2015-12-05 02:30:19,155 27306 DEBUG    [tempest_lib.common.rest_client] Request - Headers: {'Content-Type': 'application/json', 'Accept': 'application/json', 'X-Auth-Token': '&lt;omitted&gt;'}
        Body: None
    Response - Headers: {'status': '200', 'content-length': '1043', 'content-location': 'http://10.0.2.15:9696/v2.0/routers', 'connection': 'close', 'date': 'Sat, 05 Dec 2015 02:30:19 GMT', 'content-type': 'application/json; charset=UTF-8', 'x-openstack-request-id': 'req-dd92cf08-87f5-41cc-9911-59176c1bb936'}
        Body: {"routers": [{"status": "ACTIVE", "external_gateway_info": {"network_id": "6203a6a4-eb1e-42a7-aa10-140fe67aa099", "enable_snat": true, "external_fixed_ips": [{"subnet_id": "624adff7-428f-42b5-8106-1691ad06375d", "ip_address": "172.24.4.17"}, {"subnet_id": "6e287597-2a0c-4f8b-b3b8-03e6a8aa17a4", "ip_address": "2001:db8::11"}]}, "name": "tempest-router-smoke-1722151213", "admin_state_up": true, "tenant_id": "162e40e79abd405f8c62b514362cb60a", "distributed": false, "routes": [], "ha": false, "id": "bba3466e-0764-4717-8f0b-30ac7b1ed45a"}, {"status": "ACTIVE", "external_gateway_info": {"network_id": "6203a6a4-eb1e-42a7-aa10-140fe67aa099", "enable_snat": true, "external_fixed_ips": [{"subnet_id": "624adff7-428f-42b5-8106-1691ad06375d", "ip_address": "172.24.4.2"}, {"subnet_id": "6e287597-2a0c-4f8b-b3b8-03e6a8aa17a4", "ip_address": "2001:db8::1"}]}, "name": "router1", "admin_state_up": true, "tenant_id": "7077dfae947746838f7575e804bd34e4", "distributed": false, "routes": [], "ha": false, "id": "e6804d71-bc84-4792-80ac-d3e946133771"}]}
2015-12-05 02:30:19,490 27306 INFO     [tempest_lib.common.rest_client] Request (TestNetworkBasicOps:test_update_instance_port_admin_state): 200 POST http://10.0.2.15:8774/v2.1/162e40e79abd405f8c62b514362cb60a/os-keypairs 0.333s
2015-12-05 02:30:19,490 27306 DEBUG    [tempest_lib.common.rest_client] Request - Headers: {'Content-Type': 'application/json', 'Accept': 'application/json', 'X-Auth-Token': '&lt;omitted&gt;'}
        Body: {"keypair": {"name": "tempest-TestNetworkBasicOps-1741679741"}}
    Response - Headers: {'status': '200', 'content-length': '2321', 'x-compute-request-id': 'req-8a0085b1-13be-4c86-b1c1-dfce63688f03', 'vary': 'X-OpenStack-Nova-API-Version', 'connection': 'close', 'x-openstack-nova-api-version': '2.1', 'date': 'Sat, 05 Dec 2015 02:30:19 GMT', 'content-type': 'application/json'}
        Body: {"keypair": {"public_key": "ssh-rsa AAAAB3NzaC1yc2EAAAADAQABAAABAQCw0B0jDBLsLQAGV9E/wETCxGOiyJEJ7Tohli37GAqb15dhNm0UwkXodk8pn703mXt622vH7S0nFR2hZ261Tp8Q3pzxXVcqsKbFiSjGQptX8b54bd11KoJvRXskj+veQgDlhTlE2Ad8J4x3uqDzpObPwwfJ/PYHhR/b9pq3wnGWHN7Frm9cEYsLIiLavlvHODBwgWxbpybXsfHboicwfeUS0CCQbug7/Z+E8KGQVQ9b/CZ4MC0Sb/Myfs2+b3Dolkj2eXFguqPt2VLOLV+ytffZmdA6fTXav5rUaJyS6N26DzKRpmP5PzvkvzGIQkK0vE3Xa0QxueWmRQ+E7hgdRTqP Generated-by-Nova", "private_key": "-----BEGIN RSA PRIVATE KEY-----\nMIIEpwIBAAKCAQEAsNAdIwwS7C0ABlfRP8BEwsRjosiRCe06IZYt+xgKm9eXYTZt\nFMJF6HZPKZ+9N5l7ettrx+0tJxUdoWdutU6fEN6c8V1XKrCmxYkoxkKbV/G+eG3d\ndSqCb0V7JI/r3kIA5YU5RNgHfCeMd7qg86Tmz8MHyfz2B4Uf2/aat8Jxlhzexa5v\nXBGLCyIi2r5bxzgwcIFsW6cm17Hx26InMH3lEtAgkG7oO/2fhPChkFUPW/wmeDAt\nEm/zMn7Nvm9w6JZI9nlxYLqj7dlSzi1fsrX32ZnQOn012r+a1Gickujdug8ykaZj\n+T875L8xiEJCtLxN12tEMbnlpkUPhO4YHUU6jwIDAQABAoIBACn2mpOwz+ThoTng\nKbdZqHgZKBSASXvzo3JJNEx9njbyaekWg7kDipfrTEpysPO7J4U3AlOGxMqbxlaC\nN9IsALB+RP07y+5D0rDbJqQ3NqseorfuSzr9hctm0B0TU0WCoLfYcIkYRF6A/GOG\nFaD9qBHzFaworzOFstP/qSSnr1GSz2/uHV7Su0p7nHtZfJdmBWl1mQfTSvBw7zvH\nPhutTWmds6VkeTsh5nwTHQGCHwbhWmkzqqndAzxN/GrhB65AGnOaxa/wiyQrdFc5\njqkrbdb5RYPBVSd4IwRnCvWFhDpe0bE4R37qIV5IE5K+qW7gom1CBzTorB+yecUy\n+PrisKECggCBAMvexzBNUWOgt6L+sd+iIG8ytBkoE8nvhkafTSu0A2ThQ0aYon8x\nJVRAxXocX0kqGgJnJAHQZ8xKVCp6/tifQJTqCvxd64IaPtGejmV8yAIwu5d3vyAG\n3ZuBh9RsexR/uGuPaA3lfztoxq/MT2wfa0Mml1BO2XSkZ0lj5Wx9tYCHAoIAgQDe\nBi6wYJ1sjjcqQg+UhbIf/JvPFG4nSd89WFZEnSzlZmXB640ZfLAsfR9ifzMGZouU\nTnACnMp6sYDWRX1j/gXd29MyTukm8zHRfmT6frV02LZAck+ZUfgC3rX/3srZIQIU\nVN35hrRPvjXEzoKeiD9HGKR6VtB+CVyUyns4et0fuQKCAIAv8W/+V/Bv8Xe+CQ9j\nfAkMnWvlDpu4vW9iZEwNnwO9UYw0qehs6O3SZnkKQmnWFuSO9BpvoscGL+SjKNGN\nt8XEP1XeC2g67FkhipwKGdIfUb6L3ElCCttKmqeKuQgoxfBkuxDJU9Mb8YPoC7AR\nyUG8RPMIm8Jfv9naVHe7j8SDOQKCAIADIxc5ysOuqvvAjxplQNZZeVpCPMmpqHON\nDFh7s7TUsPOzH77oo0hh+Iqe+6ke6AgE2m7eupRp02Q8otK4vPgcQGTlixPkRv9n\nNF/84hlyQzWgB310byIP+FGeAenf04WR//j685pMniVoWHqj/szWFlUMnXlorn0u\nZQYEsEe7kQKCAIAL46HxfRxucbAdYj/19yDmHTfvKyeVgFma4wRxYZCtqtVEphiV\n7TlcF1Ib290P+eFp3Mh7U8+4VUgn4u0CD7QQYfLJKYTaoPqCUBehjCAbGkC3FJh+\nAhl9FxfHQWQYQBCLeJh/d1MNDonCdydnD4Pk85V7wGdPwbCQUCEgEGJlUA==\n-----END RSA PRIVATE KEY-----\n", "user_id": "e764ddb19ddf4ed08967c7cef67666d4", "name": "tempest-TestNetworkBasicOps-1741679741", "fingerprint": "20:fe:3c:9f:a7:45:ac:9f:b3:db:2b:b0:ac:6c:64:8d"}}
2015-12-05 02:30:19,605 27306 INFO     [tempest_lib.common.rest_client] Request (TestNetworkBasicOps:test_update_instance_port_admin_state): 200 POST http://10.0.2.15:5000/v2.0/tokens
2015-12-05 02:30:19,606 27306 DEBUG    [tempest_lib.common.rest_client] Request - Headers: {'Content-Type': 'application/json', 'Accept': 'application/json'}
        Body: &lt;omitted&gt;
    Response - Headers: {'status': '200', 'content-length': '2528', 'vary': 'X-Auth-Token', 'server': 'Apache/2.4.7 (Ubuntu)', 'connection': 'close', 'date': 'Sat, 05 Dec 2015 02:30:19 GMT', 'content-type': 'application/json', 'x-openstack-request-id': 'req-e5885750-86a0-4ee4-bb35-081bd27002f3'}
        Body: {"access": {"token": {"issued_at": "2015-12-05T02:30:19.591750", "expires": "2015-12-05T03:30:19Z", "id": "b3aa6880531341978ffa39011907f504", "tenant": {"description": "tempest-TestNetworkBasicOps-1220253870-desc", "enabled": true, "id": "162e40e79abd405f8c62b514362cb60a", "name": "tempest-TestNetworkBasicOps-1220253870"}, "audit_ids": ["4q7YW1IqQdmjsZ3Pwue0rQ"]}, "serviceCatalog": [{"endpoints": [{"adminURL": "http://10.0.2.15:8774/v2.1/162e40e79abd405f8c62b514362cb60a", "region": "RegionOne", "internalURL": "http://10.0.2.15:8774/v2.1/162e40e79abd405f8c62b514362cb60a", "id": "34bbee1c8fef4effa4f63291d5e100a6", "publicURL": "http://10.0.2.15:8774/v2.1/162e40e79abd405f8c62b514362cb60a"}], "endpoints_links": [], "type": "compute", "name": "nova"}, {"endpoints": [{"adminURL": "http://10.0.2.15:9696/", "region": "RegionOne", "internalURL": "http://10.0.2.15:9696/", "id": "69069b85fc8647679f43dc677cd12ed9", "publicURL": "http://10.0.2.15:9696/"}], "endpoints_links": [], "type": "network", "name": "neutron"}, {"endpoints": [{"adminURL": "http://10.0.2.15:9292", "region": "RegionOne", "internalURL": "http://10.0.2.15:9292", "id": "7e535b89bb214c8a8d345896b43dd6b5", "publicURL": "http://10.0.2.15:9292"}], "endpoints_links": [], "type": "image", "name": "glance"}, {"endpoints": [{"adminURL": "http://10.0.2.15:8774/v2/162e40e79abd405f8c62b514362cb60a", "region": "RegionOne", "internalURL": "http://10.0.2.15:8774/v2/162e40e79abd405f8c62b514362cb60a", "id": "0b4af532f2664a32a6427c8834d70f09", "publicURL": "http://10.0.2.15:8774/v2/162e40e79abd405f8c62b514362cb60a"}], "endpoints_links": [], "type": "compute_legacy", "name": "nova_legacy"}, {"endpoints": [{"adminURL": "http://10.0.2.15:8773/", "region": "RegionOne", "internalURL": "http://10.0.2.15:8773/", "id": "37e66838e9a24fd59045f1524b58d67a", "publicURL": "http://10.0.2.15:8773/"}], "endpoints_links": [], "type": "ec2", "name": "ec2"}, {"endpoints": [{"adminURL": "http://10.0.2.15:35357/v2.0", "region": "RegionOne", "internalURL": "http://10.0.2.15:5000/v2.0", "id": "25c07304c6a6450a96ceaf34fa0fc86b", "publicURL": "http://10.0.2.15:5000/v2.0"}], "endpoints_links": [], "type": "identity", "name": "keystone"}], "user": {"username": "tempest-TestNetworkBasicOps-494294813", "roles_links": [], "id": "e764ddb19ddf4ed08967c7cef67666d4", "roles": [{"name": "_member_"}, {"name": "Member"}], "name": "tempest-TestNetworkBasicOps-494294813"}, "metadata": {"is_admin": 0, "roles": ["9fe2ff9ee4384b1894a90878d3e92bab", "cdd2881936de45aa93ead2b33431a97b"]}}}
2015-12-05 02:30:19,612 27306 DEBUG    [tempest.common.fixed_network] (TestNetworkBasicOps:test_update_instance_port_admin_state) No valid network provided or created, defaulting to fixed_network_name
2015-12-05 02:30:19,925 27306 INFO     [tempest_lib.common.rest_client] Request (TestNetworkBasicOps:test_update_instance_port_admin_state): 200 GET http://10.0.2.15:8774/v2.1/162e40e79abd405f8c62b514362cb60a/os-networks 0.312s
2015-12-05 02:30:19,926 27306 DEBUG    [tempest_lib.common.rest_client] Request - Headers: {'Content-Type': 'application/json', 'Accept': 'application/json', 'X-Auth-Token': '&lt;omitted&gt;'}
        Body: None
    Response - Headers: {'status': '200', 'content-length': '479', 'content-location': 'http://10.0.2.15:8774/v2.1/162e40e79abd405f8c62b514362cb60a/os-networks', 'x-compute-request-id': 'req-bee17e43-f04e-4039-8f11-bf04cdf7fba9', 'vary': 'X-OpenStack-Nova-API-Version', 'connection': 'close', 'x-openstack-nova-api-version': '2.1', 'date': 'Sat, 05 Dec 2015 02:30:19 GMT', 'content-type': 'application/json'}
        Body: {"networks": [{"cidr_v6": null, "dns2": null, "dns1": null, "gateway": null, "broadcast": null, "netmask": null, "gateway_v6": null, "cidr": null, "label": "public", "id": "6203a6a4-eb1e-42a7-aa10-140fe67aa099", "netmask_v6": null}, {"cidr_v6": null, "dns2": null, "dns1": null, "gateway": null, "broadcast": null, "netmask": null, "gateway_v6": null, "cidr": null, "label": "tempest-network-smoke--1919692312", "id": "e3b4bcd7-5c00-40f7-bcc0-c7cd48ae3fda", "netmask_v6": null}]}
2015-12-05 02:30:19,927 27306 WARNING  [tempest.common.fixed_network] (TestNetworkBasicOps:test_update_instance_port_admin_state) Network with name: private not found
2015-12-05 02:30:19,928 27306 INFO     [tempest.common.fixed_network] (TestNetworkBasicOps:test_update_instance_port_admin_state) Found network {} available for tenant
2015-12-05 02:30:20,492 27306 INFO     [tempest_lib.common.rest_client] Request (TestNetworkBasicOps:test_update_instance_port_admin_state): 202 POST http://10.0.2.15:8774/v2.1/162e40e79abd405f8c62b514362cb60a/servers 0.563s
2015-12-05 02:30:20,492 27306 DEBUG    [tempest_lib.common.rest_client] Request - Headers: {'Content-Type': 'application/json', 'Accept': 'application/json', 'X-Auth-Token': '&lt;omitted&gt;'}
        Body: {"server": {"name": "tempest.common.compute-instance-428238321", "imageRef": "bf9d802c-19ce-44b6-97dc-44f51c6f78dd", "key_name": "tempest-TestNetworkBasicOps-1741679741", "flavorRef": "42", "networks": [{"uuid": "e3b4bcd7-5c00-40f7-bcc0-c7cd48ae3fda"}], "security_groups": [{"name": "tempest-secgroup-smoke-1989609875"}]}}
    Response - Headers: {'status': '202', 'content-length': '462', 'x-compute-request-id': 'req-52d122a8-305b-4471-b979-3f0b52dd40b6', 'vary': 'X-OpenStack-Nova-API-Version', 'connection': 'close', 'location': 'http://10.0.2.15:8774/v2.1/162e40e79abd405f8c62b514362cb60a/servers/7865e841-4351-4eb0-892e-590fc80bc1c5', 'x-openstack-nova-api-version': '2.1', 'date': 'Sat, 05 Dec 2015 02:30:20 GMT', 'content-type': 'application/json'}
        Body: {"server": {"security_groups": [{"name": "tempest-secgroup-smoke-1989609875"}], "OS-DCF:diskConfig": "MANUAL", "id": "7865e841-4351-4eb0-892e-590fc80bc1c5", "links": [{"href": "http://10.0.2.15:8774/v2.1/162e40e79abd405f8c62b514362cb60a/servers/7865e841-4351-4eb0-892e-590fc80bc1c5", "rel": "self"}, {"href": "http://10.0.2.15:8774/162e40e79abd405f8c62b514362cb60a/servers/7865e841-4351-4eb0-892e-590fc80bc1c5", "rel": "bookmark"}], "adminPass": "QkhAn25T8tZJ"}}
2015-12-05 02:30:20,665 27306 INFO     [tempest_lib.common.rest_client] Request (TestNetworkBasicOps:test_update_instance_port_admin_state): 200 GET http://10.0.2.15:8774/v2.1/162e40e79abd405f8c62b514362cb60a/servers/7865e841-4351-4eb0-892e-590fc80bc1c5 0.167s
2015-12-05 02:30:20,666 27306 DEBUG    [tempest_lib.common.rest_client] Request - Headers: {'Content-Type': 'application/json', 'Accept': 'application/json', 'X-Auth-Token': '&lt;omitted&gt;'}
        Body: None
    Response - Headers: {'status': '200', 'content-length': '1355', 'content-location': 'http://10.0.2.15:8774/v2.1/162e40e79abd405f8c62b514362cb60a/servers/7865e841-4351-4eb0-892e-590fc80bc1c5', 'x-compute-request-id': 'req-4f0fe3ff-6447-4265-ba6a-69bc25ca2480', 'vary': 'X-OpenStack-Nova-API-Version', 'connection': 'close', 'x-openstack-nova-api-version': '2.1', 'date': 'Sat, 05 Dec 2015 02:30:20 GMT', 'content-type': 'application/json'}
        Body: {"server": {"status": "BUILD", "updated": "2015-12-05T02:30:20Z", "hostId": "", "addresses": {}, "links": [{"href": "http://10.0.2.15:8774/v2.1/162e40e79abd405f8c62b514362cb60a/servers/7865e841-4351-4eb0-892e-590fc80bc1c5", "rel": "self"}, {"href": "http://10.0.2.15:8774/162e40e79abd405f8c62b514362cb60a/servers/7865e841-4351-4eb0-892e-590fc80bc1c5", "rel": "bookmark"}], "key_name": "tempest-TestNetworkBasicOps-1741679741", "image": {"id": "bf9d802c-19ce-44b6-97dc-44f51c6f78dd", "links": [{"href": "http://10.0.2.15:8774/162e40e79abd405f8c62b514362cb60a/images/bf9d802c-19ce-44b6-97dc-44f51c6f78dd", "rel": "bookmark"}]}, "OS-EXT-STS:task_state": "scheduling", "OS-EXT-STS:vm_state": "building", "OS-SRV-USG:launched_at": null, "flavor": {"id": "42", "links": [{"href": "http://10.0.2.15:8774/162e40e79abd405f8c62b514362cb60a/flavors/42", "rel": "bookmark"}]}, "id": "7865e841-4351-4eb0-892e-590fc80bc1c5", "OS-SRV-USG:terminated_at": null, "OS-EXT-AZ:availability_zone": "", "user_id": "e764ddb19ddf4ed08967c7cef67666d4", "name": "tempest.common.compute-instance-428238321", "created": "2015-12-05T02:30:20Z", "tenant_id": "162e40e79abd405f8c62b514362cb60a", "OS-DCF:diskConfig": "MANUAL", "os-extended-volumes:volumes_attached": [], "accessIPv4": "", "accessIPv6": "", "progress": 0, "OS-EXT-STS:power_state": 0, "config_drive": "", "metadata": {}}}
2015-12-05 02:30:21,937 27306 INFO     [tempest_lib.common.rest_client] Request (TestNetworkBasicOps:test_update_instance_port_admin_state): 200 GET http://10.0.2.15:8774/v2.1/162e40e79abd405f8c62b514362cb60a/servers/7865e841-4351-4eb0-892e-590fc80bc1c5 0.253s
2015-12-05 02:30:21,937 27306 DEBUG    [tempest_lib.common.rest_client] Request - Headers: {'Content-Type': 'application/json', 'Accept': 'application/json', 'X-Auth-Token': '&lt;omitted&gt;'}
        Body: None
    Response - Headers: {'status': '200', 'content-length': '1481', 'content-location': 'http://10.0.2.15:8774/v2.1/162e40e79abd405f8c62b514362cb60a/servers/7865e841-4351-4eb0-892e-590fc80bc1c5', 'x-compute-request-id': 'req-2b8329c7-e020-4c3a-8799-ccbfb6f10442', 'vary': 'X-OpenStack-Nova-API-Version', 'connection': 'close', 'x-openstack-nova-api-version': '2.1', 'date': 'Sat, 05 Dec 2015 02:30:21 GMT', 'content-type': 'application/json'}
        Body: {"server": {"status": "BUILD", "updated": "2015-12-05T02:30:21Z", "hostId": "4f36ae3dc26bba827d8eaf2a7ea92fd224756c0504d93284f9d76612", "addresses": {}, "links": [{"href": "http://10.0.2.15:8774/v2.1/162e40e79abd405f8c62b514362cb60a/servers/7865e841-4351-4eb0-892e-590fc80bc1c5", "rel": "self"}, {"href": "http://10.0.2.15:8774/162e40e79abd405f8c62b514362cb60a/servers/7865e841-4351-4eb0-892e-590fc80bc1c5", "rel": "bookmark"}], "key_name": "tempest-TestNetworkBasicOps-1741679741", "image": {"id": "bf9d802c-19ce-44b6-97dc-44f51c6f78dd", "links": [{"href": "http://10.0.2.15:8774/162e40e79abd405f8c62b514362cb60a/images/bf9d802c-19ce-44b6-97dc-44f51c6f78dd", "rel": "bookmark"}]}, "OS-EXT-STS:task_state": "spawning", "OS-EXT-STS:vm_state": "building", "OS-SRV-USG:launched_at": null, "flavor": {"id": "42", "links": [{"href": "http://10.0.2.15:8774/162e40e79abd405f8c62b514362cb60a/flavors/42", "rel": "bookmark"}]}, "id": "7865e841-4351-4eb0-892e-590fc80bc1c5", "security_groups": [{"name": "tempest-secgroup-smoke-1989609875"}], "OS-SRV-USG:terminated_at": null, "OS-EXT-AZ:availability_zone": "nova", "user_id": "e764ddb19ddf4ed08967c7cef67666d4", "name": "tempest.common.compute-instance-428238321", "created": "2015-12-05T02:30:20Z", "tenant_id": "162e40e79abd405f8c62b514362cb60a", "OS-DCF:diskConfig": "MANUAL", "os-extended-volumes:volumes_attached": [], "accessIPv4": "", "accessIPv6": "", "progress": 0, "OS-EXT-STS:power_state": 0, "config_drive": "", "metadata": {}}}
2015-12-05 02:30:21,947 27306 INFO     [tempest.common.waiters] State transition "BUILD/scheduling" ==&gt; "BUILD/spawning" after 1 second wait
2015-12-05 02:30:23,159 27306 INFO     [tempest_lib.common.rest_client] Request (TestNetworkBasicOps:test_update_instance_port_admin_state): 200 GET http://10.0.2.15:8774/v2.1/162e40e79abd405f8c62b514362cb60a/servers/7865e841-4351-4eb0-892e-590fc80bc1c5 0.209s
2015-12-05 02:30:23,159 27306 DEBUG    [tempest_lib.common.rest_client] Request - Headers: {'Content-Type': 'application/json', 'Accept': 'application/json', 'X-Auth-Token': '&lt;omitted&gt;'}
        Body: None
    Response - Headers: {'status': '200', 'content-length': '1481', 'content-location': 'http://10.0.2.15:8774/v2.1/162e40e79abd405f8c62b514362cb60a/servers/7865e841-4351-4eb0-892e-590fc80bc1c5', 'x-compute-request-id': 'req-f618a037-4ad5-4dd9-91a9-4abb230e14ee', 'vary': 'X-OpenStack-Nova-API-Version', 'connection': 'close', 'x-openstack-nova-api-version': '2.1', 'date': 'Sat, 05 Dec 2015 02:30:23 GMT', 'content-type': 'application/json'}
        Body: {"server": {"status": "BUILD", "updated": "2015-12-05T02:30:21Z", "hostId": "4f36ae3dc26bba827d8eaf2a7ea92fd224756c0504d93284f9d76612", "addresses": {}, "links": [{"href": "http://10.0.2.15:8774/v2.1/162e40e79abd405f8c62b514362cb60a/servers/7865e841-4351-4eb0-892e-590fc80bc1c5", "rel": "self"}, {"href": "http://10.0.2.15:8774/162e40e79abd405f8c62b514362cb60a/servers/7865e841-4351-4eb0-892e-590fc80bc1c5", "rel": "bookmark"}], "key_name": "tempest-TestNetworkBasicOps-1741679741", "image": {"id": "bf9d802c-19ce-44b6-97dc-44f51c6f78dd", "links": [{"href": "http://10.0.2.15:8774/162e40e79abd405f8c62b514362cb60a/images/bf9d802c-19ce-44b6-97dc-44f51c6f78dd", "rel": "bookmark"}]}, "OS-EXT-STS:task_state": "spawning", "OS-EXT-STS:vm_state": "building", "OS-SRV-USG:launched_at": null, "flavor": {"id": "42", "links": [{"href": "http://10.0.2.15:8774/162e40e79abd405f8c62b514362cb60a/flavors/42", "rel": "bookmark"}]}, "id": "7865e841-4351-4eb0-892e-590fc80bc1c5", "security_groups": [{"name": "tempest-secgroup-smoke-1989609875"}], "OS-SRV-USG:terminated_at": null, "OS-EXT-AZ:availability_zone": "nova", "user_id": "e764ddb19ddf4ed08967c7cef67666d4", "name": "tempest.common.compute-instance-428238321", "created": "2015-12-05T02:30:20Z", "tenant_id": "162e40e79abd405f8c62b514362cb60a", "OS-DCF:diskConfig": "MANUAL", "os-extended-volumes:volumes_attached": [], "accessIPv4": "", "accessIPv6": "", "progress": 0, "OS-EXT-STS:power_state": 0, "config_drive": "", "metadata": {}}}
2015-12-05 02:30:24,364 27306 INFO     [tempest_lib.common.rest_client] Request (TestNetworkBasicOps:test_update_instance_port_admin_state): 200 GET http://10.0.2.15:8774/v2.1/162e40e79abd405f8c62b514362cb60a/servers/7865e841-4351-4eb0-892e-590fc80bc1c5 0.194s
2015-12-05 02:30:24,365 27306 DEBUG    [tempest_lib.common.rest_client] Request - Headers: {'Content-Type': 'application/json', 'Accept': 'application/json', 'X-Auth-Token': '&lt;omitted&gt;'}
        Body: None
    Response - Headers: {'status': '200', 'content-length': '1653', 'content-location': 'http://10.0.2.15:8774/v2.1/162e40e79abd405f8c62b514362cb60a/servers/7865e841-4351-4eb0-892e-590fc80bc1c5', 'x-compute-request-id': 'req-0b12b9dd-e8d4-4d8d-93a6-f69dd46d2404', 'vary': 'X-OpenStack-Nova-API-Version', 'connection': 'close', 'x-openstack-nova-api-version': '2.1', 'date': 'Sat, 05 Dec 2015 02:30:24 GMT', 'content-type': 'application/json'}
        Body: {"server": {"status": "ACTIVE", "updated": "2015-12-05T02:30:23Z", "hostId": "4f36ae3dc26bba827d8eaf2a7ea92fd224756c0504d93284f9d76612", "addresses": {"tempest-network-smoke--1919692312": [{"OS-EXT-IPS-MAC:mac_addr": "fa:16:3e:05:24:a9", "version": 4, "addr": "10.100.0.3", "OS-EXT-IPS:type": "fixed"}]}, "links": [{"href": "http://10.0.2.15:8774/v2.1/162e40e79abd405f8c62b514362cb60a/servers/7865e841-4351-4eb0-892e-590fc80bc1c5", "rel": "self"}, {"href": "http://10.0.2.15:8774/162e40e79abd405f8c62b514362cb60a/servers/7865e841-4351-4eb0-892e-590fc80bc1c5", "rel": "bookmark"}], "key_name": "tempest-TestNetworkBasicOps-1741679741", "image": {"id": "bf9d802c-19ce-44b6-97dc-44f51c6f78dd", "links": [{"href": "http://10.0.2.15:8774/162e40e79abd405f8c62b514362cb60a/images/bf9d802c-19ce-44b6-97dc-44f51c6f78dd", "rel": "bookmark"}]}, "OS-EXT-STS:task_state": null, "OS-EXT-STS:vm_state": "active", "OS-SRV-USG:launched_at": "2015-12-05T02:30:23.000000", "flavor": {"id": "42", "links": [{"href": "http://10.0.2.15:8774/162e40e79abd405f8c62b514362cb60a/flavors/42", "rel": "bookmark"}]}, "id": "7865e841-4351-4eb0-892e-590fc80bc1c5", "security_groups": [{"name": "tempest-secgroup-smoke-1989609875"}], "OS-SRV-USG:terminated_at": null, "OS-EXT-AZ:availability_zone": "nova", "user_id": "e764ddb19ddf4ed08967c7cef67666d4", "name": "tempest.common.compute-instance-428238321", "created": "2015-12-05T02:30:20Z", "tenant_id": "162e40e79abd405f8c62b514362cb60a", "OS-DCF:diskConfig": "MANUAL", "os-extended-volumes:volumes_attached": [], "accessIPv4": "", "accessIPv6": "", "progress": 0, "OS-EXT-STS:power_state": 1, "config_drive": "True", "metadata": {}}}
2015-12-05 02:30:24,374 27306 INFO     [tempest.common.waiters] State transition "BUILD/spawning" ==&gt; "ACTIVE/None" after 4 second wait
2015-12-05 02:30:24,562 27306 INFO     [tempest_lib.common.rest_client] Request (TestNetworkBasicOps:test_update_instance_port_admin_state): 200 GET http://10.0.2.15:8774/v2.1/162e40e79abd405f8c62b514362cb60a/servers/7865e841-4351-4eb0-892e-590fc80bc1c5 0.187s
2015-12-05 02:30:24,562 27306 DEBUG    [tempest_lib.common.rest_client] Request - Headers: {'Content-Type': 'application/json', 'Accept': 'application/json', 'X-Auth-Token': '&lt;omitted&gt;'}
        Body: None
    Response - Headers: {'status': '200', 'content-length': '1653', 'content-location': 'http://10.0.2.15:8774/v2.1/162e40e79abd405f8c62b514362cb60a/servers/7865e841-4351-4eb0-892e-590fc80bc1c5', 'x-compute-request-id': 'req-ef6ab865-88ec-4383-bbd7-c9fce57cbb92', 'vary': 'X-OpenStack-Nova-API-Version', 'connection': 'close', 'x-openstack-nova-api-version': '2.1', 'date': 'Sat, 05 Dec 2015 02:30:24 GMT', 'content-type': 'application/json'}
        Body: {"server": {"status": "ACTIVE", "updated": "2015-12-05T02:30:23Z", "hostId": "4f36ae3dc26bba827d8eaf2a7ea92fd224756c0504d93284f9d76612", "addresses": {"tempest-network-smoke--1919692312": [{"OS-EXT-IPS-MAC:mac_addr": "fa:16:3e:05:24:a9", "version": 4, "addr": "10.100.0.3", "OS-EXT-IPS:type": "fixed"}]}, "links": [{"href": "http://10.0.2.15:8774/v2.1/162e40e79abd405f8c62b514362cb60a/servers/7865e841-4351-4eb0-892e-590fc80bc1c5", "rel": "self"}, {"href": "http://10.0.2.15:8774/162e40e79abd405f8c62b514362cb60a/servers/7865e841-4351-4eb0-892e-590fc80bc1c5", "rel": "bookmark"}], "key_name": "tempest-TestNetworkBasicOps-1741679741", "image": {"id": "bf9d802c-19ce-44b6-97dc-44f51c6f78dd", "links": [{"href": "http://10.0.2.15:8774/162e40e79abd405f8c62b514362cb60a/images/bf9d802c-19ce-44b6-97dc-44f51c6f78dd", "rel": "bookmark"}]}, "OS-EXT-STS:task_state": null, "OS-EXT-STS:vm_state": "active", "OS-SRV-USG:launched_at": "2015-12-05T02:30:23.000000", "flavor": {"id": "42", "links": [{"href": "http://10.0.2.15:8774/162e40e79abd405f8c62b514362cb60a/flavors/42", "rel": "bookmark"}]}, "id": "7865e841-4351-4eb0-892e-590fc80bc1c5", "security_groups": [{"name": "tempest-secgroup-smoke-1989609875"}], "OS-SRV-USG:terminated_at": null, "OS-EXT-AZ:availability_zone": "nova", "user_id": "e764ddb19ddf4ed08967c7cef67666d4", "name": "tempest.common.compute-instance-428238321", "created": "2015-12-05T02:30:20Z", "tenant_id": "162e40e79abd405f8c62b514362cb60a", "OS-DCF:diskConfig": "MANUAL", "os-extended-volumes:volumes_attached": [], "accessIPv4": "", "accessIPv6": "", "progress": 0, "OS-EXT-STS:power_state": 1, "config_drive": "True", "metadata": {}}}
2015-12-05 02:30:24,571 27306 INFO     [tempest.scenario.manager] Tenant networks not configured to be reachable.
2015-12-05 02:30:24,606 27306 INFO     [tempest_lib.common.rest_client] Request (TestNetworkBasicOps:test_update_instance_port_admin_state): 200 GET http://10.0.2.15:9696/v2.0/ports?status=ACTIVE&amp;fixed_ip=None&amp;device_id=7865e841-4351-4eb0-892e-590fc80bc1c5 0.035s
2015-12-05 02:30:24,607 27306 DEBUG    [tempest_lib.common.rest_client] Request - Headers: {'Content-Type': 'application/json', 'Accept': 'application/json', 'X-Auth-Token': '&lt;omitted&gt;'}
        Body: None
    Response - Headers: {'status': '200', 'content-length': '895', 'content-location': 'http://10.0.2.15:9696/v2.0/ports?status=ACTIVE&amp;fixed_ip=None&amp;device_id=7865e841-4351-4eb0-892e-590fc80bc1c5', 'connection': 'close', 'date': 'Sat, 05 Dec 2015 02:30:24 GMT', 'content-type': 'application/json; charset=UTF-8', 'x-openstack-request-id': 'req-bf954090-c426-4956-a64c-a3f9663734bd'}
        Body: {"ports": [{"status": "ACTIVE", "binding:host_id": "vagrant-ubuntu-trusty-64", "allowed_address_pairs": [], "extra_dhcp_opts": [], "dns_assignment": [{"hostname": "host-10-100-0-3", "ip_address": "10.100.0.3", "fqdn": "host-10-100-0-3.openstacklocal."}], "device_owner": "compute:None", "port_security_enabled": true, "binding:profile": {}, "fixed_ips": [{"subnet_id": "2e88a1bc-d557-4d10-b7f1-509ff6e60a2b", "ip_address": "10.100.0.3"}], "id": "4f0b0114-93ea-4bd3-a8bc-9af05d6524e4", "security_groups": ["878dbc1e-4be3-4fb1-8983-357d092a10fb"], "device_id": "7865e841-4351-4eb0-892e-590fc80bc1c5", "name": "", "admin_state_up": true, "network_id": "e3b4bcd7-5c00-40f7-bcc0-c7cd48ae3fda", "dns_name": "", "binding:vif_details": {"port_filter": true}, "binding:vnic_type": "normal", "binding:vif_type": "ovs", "tenant_id": "162e40e79abd405f8c62b514362cb60a", "mac_address": "fa:16:3e:05:24:a9"}]}
2015-12-05 02:30:25,031 27306 INFO     [tempest_lib.common.rest_client] Request (TestNetworkBasicOps:test_update_instance_port_admin_state): 201 POST http://10.0.2.15:9696/v2.0/floatingips 0.424s
2015-12-05 02:30:25,032 27306 DEBUG    [tempest_lib.common.rest_client] Request - Headers: {'Content-Type': 'application/json', 'Accept': 'application/json', 'X-Auth-Token': '&lt;omitted&gt;'}
        Body: {"floatingip": {"floating_network_id": "6203a6a4-eb1e-42a7-aa10-140fe67aa099", "tenant_id": "162e40e79abd405f8c62b514362cb60a", "fixed_ip_address": "10.100.0.3", "port_id": "4f0b0114-93ea-4bd3-a8bc-9af05d6524e4"}}
    Response - Headers: {'status': '201', 'content-length': '368', 'connection': 'close', 'date': 'Sat, 05 Dec 2015 02:30:25 GMT', 'content-type': 'application/json; charset=UTF-8', 'x-openstack-request-id': 'req-09bd0a78-7c74-4ae7-8170-4fc43aadfbe6'}
        Body: {"floatingip": {"floating_network_id": "6203a6a4-eb1e-42a7-aa10-140fe67aa099", "router_id": "bba3466e-0764-4717-8f0b-30ac7b1ed45a", "fixed_ip_address": "10.100.0.3", "floating_ip_address": "172.24.4.18", "tenant_id": "162e40e79abd405f8c62b514362cb60a", "status": "DOWN", "port_id": "4f0b0114-93ea-4bd3-a8bc-9af05d6524e4", "id": "c361f18d-bd6e-46d2-8c1b-123e8468e0e8"}}
2015-12-05 02:30:25,078 27306 INFO     [tempest_lib.common.rest_client] Request (TestNetworkBasicOps:test_update_instance_port_admin_state): 200 GET http://10.0.2.15:9696/v2.0/ports?device_id=7865e841-4351-4eb0-892e-590fc80bc1c5 0.046s
2015-12-05 02:30:25,079 27306 DEBUG    [tempest_lib.common.rest_client] Request - Headers: {'Content-Type': 'application/json', 'Accept': 'application/json', 'X-Auth-Token': '&lt;omitted&gt;'}
        Body: None
    Response - Headers: {'status': '200', 'content-length': '895', 'content-location': 'http://10.0.2.15:9696/v2.0/ports?device_id=7865e841-4351-4eb0-892e-590fc80bc1c5', 'connection': 'close', 'date': 'Sat, 05 Dec 2015 02:30:25 GMT', 'content-type': 'application/json; charset=UTF-8', 'x-openstack-request-id': 'req-acae0df8-74f5-4ea1-9403-2965c0bc241b'}
        Body: {"ports": [{"status": "ACTIVE", "binding:host_id": "vagrant-ubuntu-trusty-64", "allowed_address_pairs": [], "extra_dhcp_opts": [], "dns_assignment": [{"hostname": "host-10-100-0-3", "ip_address": "10.100.0.3", "fqdn": "host-10-100-0-3.openstacklocal."}], "device_owner": "compute:None", "port_security_enabled": true, "binding:profile": {}, "fixed_ips": [{"subnet_id": "2e88a1bc-d557-4d10-b7f1-509ff6e60a2b", "ip_address": "10.100.0.3"}], "id": "4f0b0114-93ea-4bd3-a8bc-9af05d6524e4", "security_groups": ["878dbc1e-4be3-4fb1-8983-357d092a10fb"], "device_id": "7865e841-4351-4eb0-892e-590fc80bc1c5", "name": "", "admin_state_up": true, "network_id": "e3b4bcd7-5c00-40f7-bcc0-c7cd48ae3fda", "dns_name": "", "binding:vif_details": {"port_filter": true}, "binding:vnic_type": "normal", "binding:vif_type": "ovs", "tenant_id": "162e40e79abd405f8c62b514362cb60a", "mac_address": "fa:16:3e:05:24:a9"}]}
2015-12-05 02:30:25,095 27306 INFO     [tempest_lib.common.rest_client] Request (TestNetworkBasicOps:test_update_instance_port_admin_state): 200 GET http://10.0.2.15:9696/v2.0/floatingips/c361f18d-bd6e-46d2-8c1b-123e8468e0e8 0.015s
2015-12-05 02:30:25,095 27306 DEBUG    [tempest_lib.common.rest_client] Request - Headers: {'Content-Type': 'application/json', 'Accept': 'application/json', 'X-Auth-Token': '&lt;omitted&gt;'}
        Body: None
    Response - Headers: {'status': '200', 'content-length': '368', 'content-location': 'http://10.0.2.15:9696/v2.0/floatingips/c361f18d-bd6e-46d2-8c1b-123e8468e0e8', 'connection': 'close', 'date': 'Sat, 05 Dec 2015 02:30:25 GMT', 'content-type': 'application/json; charset=UTF-8', 'x-openstack-request-id': 'req-e8eaf465-f654-4ded-9352-a3df28b0ecf3'}
        Body: {"floatingip": {"floating_network_id": "6203a6a4-eb1e-42a7-aa10-140fe67aa099", "router_id": "bba3466e-0764-4717-8f0b-30ac7b1ed45a", "fixed_ip_address": "10.100.0.3", "floating_ip_address": "172.24.4.18", "tenant_id": "162e40e79abd405f8c62b514362cb60a", "status": "DOWN", "port_id": "4f0b0114-93ea-4bd3-a8bc-9af05d6524e4", "id": "c361f18d-bd6e-46d2-8c1b-123e8468e0e8"}}
2015-12-05 02:30:26,108 27306 INFO     [tempest_lib.common.rest_client] Request (TestNetworkBasicOps:test_update_instance_port_admin_state): 200 GET http://10.0.2.15:9696/v2.0/floatingips/c361f18d-bd6e-46d2-8c1b-123e8468e0e8 0.012s
2015-12-05 02:30:26,109 27306 DEBUG    [tempest_lib.common.rest_client] Request - Headers: {'Content-Type': 'application/json', 'Accept': 'application/json', 'X-Auth-Token': '&lt;omitted&gt;'}
        Body: None
    Response - Headers: {'status': '200', 'content-length': '370', 'content-location': 'http://10.0.2.15:9696/v2.0/floatingips/c361f18d-bd6e-46d2-8c1b-123e8468e0e8', 'connection': 'close', 'date': 'Sat, 05 Dec 2015 02:30:26 GMT', 'content-type': 'application/json; charset=UTF-8', 'x-openstack-request-id': 'req-a20e839a-de23-4c3f-b34b-d79f8575fae5'}
        Body: {"floatingip": {"floating_network_id": "6203a6a4-eb1e-42a7-aa10-140fe67aa099", "router_id": "bba3466e-0764-4717-8f0b-30ac7b1ed45a", "fixed_ip_address": "10.100.0.3", "floating_ip_address": "172.24.4.18", "tenant_id": "162e40e79abd405f8c62b514362cb60a", "status": "ACTIVE", "port_id": "4f0b0114-93ea-4bd3-a8bc-9af05d6524e4", "id": "c361f18d-bd6e-46d2-8c1b-123e8468e0e8"}}
2015-12-05 02:30:26,109 27306 INFO     [tempest.scenario.manager] FloatingIP: &lt;"FloatingIP" addr="172.24.4.18" id="c361f18d-bd6e-46d2-8c1b-123e8468e0e8"&gt; is at status: ACTIVE
2015-12-05 02:30:26,109 27306 DEBUG    [tempest.scenario.manager] checking network connections to IP 172.24.4.18 with user: cirros
2015-12-05 02:30:26,110 27306 DEBUG    [tempest.scenario.manager] TestNetworkBasicOps:test_update_instance_port_admin_state begins to ping 172.24.4.18 in 120 sec and the expected result is reachable
2015-12-05 02:30:44,163 27306 DEBUG    [tempest.scenario.manager] TestNetworkBasicOps:test_update_instance_port_admin_state finishes ping 172.24.4.18 in 120 sec and the ping result is expected
2015-12-05 02:30:44,165 27306 INFO     [tempest_lib.common.ssh] Creating ssh connection to '172.24.4.18' as 'cirros' with public key authentication
2015-12-05 02:30:44,170 27306 WARNING  [tempest_lib.common.ssh] Failed to establish authenticated ssh connection to cirros@172.24.4.18 ([Errno None] Unable to connect to port 22 on  or 172.24.4.18). Number attempts: 1. Retry after 2 seconds.
2015-12-05 02:30:46,775 27306 INFO     [paramiko.transport] Connected (version 2.0, client dropbear_2012.55)
2015-12-05 02:30:47,119 27306 INFO     [paramiko.transport] Authentication (publickey) successful!
2015-12-05 02:30:47,123 27306 INFO     [tempest_lib.common.ssh] ssh connection to cirros@172.24.4.18 successfuly created
2015-12-05 02:30:47,455 27306 INFO     [tempest_lib.common.rest_client] Request (TestNetworkBasicOps:test_update_instance_port_admin_state): 200 PUT http://10.0.2.15:9696/v2.0/ports/4f0b0114-93ea-4bd3-a8bc-9af05d6524e4 0.216s
2015-12-05 02:30:47,456 27306 DEBUG    [tempest_lib.common.rest_client] Request - Headers: {'Content-Type': 'application/json', 'Accept': 'application/json', 'X-Auth-Token': '&lt;omitted&gt;'}
        Body: {"port": {"admin_state_up": false}}
    Response - Headers: {'status': '200', 'content-length': '750', 'connection': 'close', 'date': 'Sat, 05 Dec 2015 02:30:47 GMT', 'content-type': 'application/json; charset=UTF-8', 'x-openstack-request-id': 'req-7761a47f-15fd-4465-9057-6fbe207192e1'}
        Body: {"port": {"status": "ACTIVE", "name": "", "allowed_address_pairs": [], "admin_state_up": false, "network_id": "e3b4bcd7-5c00-40f7-bcc0-c7cd48ae3fda", "dns_name": "", "extra_dhcp_opts": [], "mac_address": "fa:16:3e:05:24:a9", "dns_assignment": [{"hostname": "host-10-100-0-3", "ip_address": "10.100.0.3", "fqdn": "host-10-100-0-3.openstacklocal."}], "binding:vnic_type": "normal", "device_owner": "compute:None", "tenant_id": "162e40e79abd405f8c62b514362cb60a", "port_security_enabled": true, "fixed_ips": [{"subnet_id": "2e88a1bc-d557-4d10-b7f1-509ff6e60a2b", "ip_address": "10.100.0.3"}], "id": "4f0b0114-93ea-4bd3-a8bc-9af05d6524e4", "security_groups": ["878dbc1e-4be3-4fb1-8983-357d092a10fb"], "device_id": "7865e841-4351-4eb0-892e-590fc80bc1c5"}}
2015-12-05 02:30:47,456 27306 DEBUG    [tempest.scenario.manager] checking network connections to IP 172.24.4.18 with user: cirros
2015-12-05 02:30:47,457 27306 DEBUG    [tempest.scenario.manager] TestNetworkBasicOps:test_update_instance_port_admin_state begins to ping 172.24.4.18 in 120 sec and the expected result is unreachable
2015-12-05 02:32:48,002 27306 DEBUG    [tempest.scenario.manager] TestNetworkBasicOps:test_update_instance_port_admin_state finishes ping 172.24.4.18 in 120 sec and the ping result is unexpected
2015-12-05 02:32:48,003 27306 ERROR    [tempest.scenario.manager] Public network connectivity check failed: after updating admin_state_up of instance port to False
2015-12-05 02:32:48.003 27306 ERROR tempest.scenario.manager Traceback (most recent call last):
2015-12-05 02:32:48.003 27306 ERROR tempest.scenario.manager   File "tempest/scenario/manager.py", line 606, in check_public_network_connectivity
2015-12-05 02:32:48.003 27306 ERROR tempest.scenario.manager     should_connect=should_connect)
2015-12-05 02:32:48.003 27306 ERROR tempest.scenario.manager   File "tempest/scenario/manager.py", line 590, in check_vm_connectivity
2015-12-05 02:32:48.003 27306 ERROR tempest.scenario.manager     msg=msg)
2015-12-05 02:32:48.003 27306 ERROR tempest.scenario.manager   File "/usr/local/lib/python2.7/dist-packages/unittest2/case.py", line 702, in assertTrue
2015-12-05 02:32:48.003 27306 ERROR tempest.scenario.manager     raise self.failureException(msg)
2015-12-05 02:32:48.003 27306 ERROR tempest.scenario.manager AssertionError: False is not true : ip address 172.24.4.18 is reachable
2015-12-05 02:32:48.003 27306 ERROR tempest.scenario.manager 
2015-12-05 02:32:48,216 27306 INFO     [tempest_lib.common.rest_client] Request (TestNetworkBasicOps:test_update_instance_port_admin_state): 200 POST http://10.0.2.15:8774/v2.1/162e40e79abd405f8c62b514362cb60a/servers/7865e841-4351-4eb0-892e-590fc80bc1c5/action 0.208s
2015-12-05 02:32:48,218 27306 DEBUG    [tempest_lib.common.rest_client] Request - Headers: {'Content-Type': 'application/json', 'Accept': 'application/json', 'X-Auth-Token': '&lt;omitted&gt;'}
        Body: {"os-getConsoleOutput": {}}
    Response - Headers: {'status': '200', 'content-length': '19794', 'x-compute-request-id': 'req-42e1c2bb-35ea-462c-a052-58d9e051e0e5', 'vary': 'X-OpenStack-Nova-API-Version', 'connection': 'close', 'x-openstack-nova-api-version': '2.1', 'date': 'Sat, 05 Dec 2015 02:32:48 GMT', 'content-type': 'application/json'}
        Body: {"output": "[    0.000000] Initializing cgroup subsys cpuset\n[    0.000000] Initializing cgroup subsys cpu\n[    0.000000] Linux version 3.2.0-80-virtual (buildd@batsu) (gcc version 4.6.3 (Ubuntu/Linaro 4.6.3-1ubuntu5) ) #116-Ubuntu SMP Mon Mar 23 17:28:52 UTC 2015 (Ubuntu 3.2.0-80.116-virtual 3.2.68)\n[    0.000000] Command line: root=/dev/vda console=tty0 console=ttyS0 no_timer_check\n[    0.000000] KERNEL supported cpus:\n[    0.000000]   Intel GenuineIntel\n[    0.000000]   AMD AuthenticAMD\n[    0.000000]   Centaur CentaurHauls\n[    0.000000] BIOS-provided physical RAM map:\n[    0.000000]  BIOS-e820: 0000000000000000 - 000000000009fc00 (usable)\n[    0.000000]  BIOS-e820: 000000000009fc00 - 00000000000a0000 (reserved)\n[    0.000000]  BIOS-e820: 00000000000f0000 - 0000000000100000 (reserved)\n[    0.000000]  BIOS-e820: 0000000000100000 - 0000000003ffe000 (usable)\n[    0.000000]  BIOS-e820: 0000000003ffe000 - 0000000004000000 (reserved)\n[    0.000000]  BIOS-e820: 00000000fffc0000 - 0000000100000000 (reserved)\n[    0.000000] NX (Execute Disable) protection: active\n[    0.000000] SMBIOS 2.4 present.\n[    0.000000] No AGP bridge found\n[    0.000000] last_pfn = 0x3ffe max_arch_pfn = 0x400000000\n[    0.000000] x86 PAT enabled: cpu 0, old 0x7040600070406, new 0x7010600070106\n[    0.000000] found SMP MP-table at [ffff8800000f0b00] f0b00\n[    0.000000] init_memory_mapping: 0000000000000000-0000000003ffe000\n[    0.000000] RAMDISK: 03c5e000 - 03ff0000\n[    0.000000] ACPI: RSDP 00000000000f0950 00014 (v00 BOCHS )\n[    0.000000] ACPI: RSDT 0000000003fffbc1 00034 (v01 BOCHS  BXPCRSDT 00000001 BXPC 00000001)\n[    0.000000] ACPI: FACP 0000000003fff1c0 00074 (v01 BOCHS  BXPCFACP 00000001 BXPC 00000001)\n[    0.000000] ACPI: DSDT 0000000003ffe040 01180 (v01 BOCHS  BXPCDSDT 00000001 BXPC 00000001)\n[    0.000000] ACPI: FACS 0000000003ffe000 00040\n[    0.000000] ACPI: SSDT 0000000003fff234 008DD (v01 BOCHS  BXPCSSDT 00000001 BXPC 00000001)\n[    0.000000] ACPI: APIC 0000000003fffb11 00078 (v01 BOCHS  BXPCAPIC 00000001 BXPC 00000001)\n[    0.000000] ACPI: HPET 0000000003fffb89 00038 (v01 BOCHS  BXPCHPET 00000001 BXPC 00000001)\n[    0.000000] No NUMA configuration found\n[    0.000000] Faking a node at 0000000000000000-0000000003ffe000\n[    0.000000] Initmem setup node 0 0000000000000000-0000000003ffe000\n[    0.000000]   NODE_DATA [0000000003ff6000 - 0000000003ffafff]\n[    0.000000] Zone PFN ranges:\n[    0.000000]   DMA      0x00000010 -&gt; 0x00001000\n[    0.000000]   DMA32    0x00001000 -&gt; 0x00100000\n[    0.000000]   Normal   empty\n[    0.000000] Movable zone start PFN for each node\n[    0.000000] early_node_map[2] active PFN ranges\n[    0.000000]     0: 0x00000010 -&gt; 0x0000009f\n[    0.000000]     0: 0x00000100 -&gt; 0x00003ffe\n[    0.000000] ACPI: PM-Timer IO Port: 0xb008\n[    0.000000] ACPI: LAPIC (acpi_id[0x00] lapic_id[0x00] enabled)\n[    0.000000] ACPI: LAPIC_NMI (acpi_id[0xff] dfl dfl lint[0x1])\n[    0.000000] ACPI: IOAPIC (id[0x00] address[0xfec00000] gsi_base[0])\n[    0.000000] IOAPIC[0]: apic_id 0, version 17, address 0xfec00000, GSI 0-23\n[    0.000000] ACPI: INT_SRC_OVR (bus 0 bus_irq 0 global_irq 2 dfl dfl)\n[    0.000000] ACPI: INT_SRC_OVR (bus 0 bus_irq 5 global_irq 5 high level)\n[    0.000000] ACPI: INT_SRC_OVR (bus 0 bus_irq 9 global_irq 9 high level)\n[    0.000000] ACPI: INT_SRC_OVR (bus 0 bus_irq 10 global_irq 10 high level)\n[    0.000000] ACPI: INT_SRC_OVR (bus 0 bus_irq 11 global_irq 11 high level)\n[    0.000000] Using ACPI (MADT) for SMP configuration information\n[    0.000000] ACPI: HPET id: 0x8086a201 base: 0xfed00000\n[    0.000000] SMP: Allowing 1 CPUs, 0 hotplug CPUs\n[    0.000000] PM: Registered nosave memory: 000000000009f000 - 00000000000a0000\n[    0.000000] PM: Registered nosave memory: 00000000000a0000 - 00000000000f0000\n[    0.000000] PM: Registered nosave memory: 00000000000f0000 - 0000000000100000\n[    0.000000] Allocating PCI resources starting at 4000000 (gap: 4000000:fbfc0000)\n[    0.000000] Booting paravirtualized kernel on bare hardware\n[    0.000000] setup_pe
2015-12-05 02:32:48,221 27306 DEBUG    [tempest.scenario.manager] Console output for 7865e841-4351-4eb0-892e-590fc80bc1c5
body=
[    0.000000] Initializing cgroup subsys cpuset
[    0.000000] Initializing cgroup subsys cpu
[    0.000000] Linux version 3.2.0-80-virtual (buildd@batsu) (gcc version 4.6.3 (Ubuntu/Linaro 4.6.3-1ubuntu5) ) #116-Ubuntu SMP Mon Mar 23 17:28:52 UTC 2015 (Ubuntu 3.2.0-80.116-virtual 3.2.68)
[    0.000000] Command line: root=/dev/vda console=tty0 console=ttyS0 no_timer_check
[    0.000000] KERNEL supported cpus:
[    0.000000]   Intel GenuineIntel
[    0.000000]   AMD AuthenticAMD
[    0.000000]   Centaur CentaurHauls
[    0.000000] BIOS-provided physical RAM map:
[    0.000000]  BIOS-e820: 0000000000000000 - 000000000009fc00 (usable)
[    0.000000]  BIOS-e820: 000000000009fc00 - 00000000000a0000 (reserved)
[    0.000000]  BIOS-e820: 00000000000f0000 - 0000000000100000 (reserved)
[    0.000000]  BIOS-e820: 0000000000100000 - 0000000003ffe000 (usable)
[    0.000000]  BIOS-e820: 0000000003ffe000 - 0000000004000000 (reserved)
[    0.000000]  BIOS-e820: 00000000fffc0000 - 0000000100000000 (reserved)
[    0.000000] NX (Execute Disable) protection: active
[    0.000000] SMBIOS 2.4 present.
[    0.000000] No AGP bridge found
[    0.000000] last_pfn = 0x3ffe max_arch_pfn = 0x400000000
[    0.000000] x86 PAT enabled: cpu 0, old 0x7040600070406, new 0x7010600070106
[    0.000000] found SMP MP-table at [ffff8800000f0b00] f0b00
[    0.000000] init_memory_mapping: 0000000000000000-0000000003ffe000
[    0.000000] RAMDISK: 03c5e000 - 03ff0000
[    0.000000] ACPI: RSDP 00000000000f0950 00014 (v00 BOCHS )
[    0.000000] ACPI: RSDT 0000000003fffbc1 00034 (v01 BOCHS  BXPCRSDT 00000001 BXPC 00000001)
[    0.000000] ACPI: FACP 0000000003fff1c0 00074 (v01 BOCHS  BXPCFACP 00000001 BXPC 00000001)
[    0.000000] ACPI: DSDT 0000000003ffe040 01180 (v01 BOCHS  BXPCDSDT 00000001 BXPC 00000001)
[    0.000000] ACPI: FACS 0000000003ffe000 00040
[    0.000000] ACPI: SSDT 0000000003fff234 008DD (v01 BOCHS  BXPCSSDT 00000001 BXPC 00000001)
[    0.000000] ACPI: APIC 0000000003fffb11 00078 (v01 BOCHS  BXPCAPIC 00000001 BXPC 00000001)
[    0.000000] ACPI: HPET 0000000003fffb89 00038 (v01 BOCHS  BXPCHPET 00000001 BXPC 00000001)
[    0.000000] No NUMA configuration found
[    0.000000] Faking a node at 0000000000000000-0000000003ffe000
[    0.000000] Initmem setup node 0 0000000000000000-0000000003ffe000
[    0.000000]   NODE_DATA [0000000003ff6000 - 0000000003ffafff]
[    0.000000] Zone PFN ranges:
[    0.000000]   DMA      0x00000010 -&gt; 0x00001000
[    0.000000]   DMA32    0x00001000 -&gt; 0x00100000
[    0.000000]   Normal   empty
[    0.000000] Movable zone start PFN for each node
[    0.000000] early_node_map[2] active PFN ranges
[    0.000000]     0: 0x00000010 -&gt; 0x0000009f
[    0.000000]     0: 0x00000100 -&gt; 0x00003ffe
[    0.000000] ACPI: PM-Timer IO Port: 0xb008
[    0.000000] ACPI: LAPIC (acpi_id[0x00] lapic_id[0x00] enabled)
[    0.000000] ACPI: LAPIC_NMI (acpi_id[0xff] dfl dfl lint[0x1])
[    0.000000] ACPI: IOAPIC (id[0x00] address[0xfec00000] gsi_base[0])
[    0.000000] IOAPIC[0]: apic_id 0, version 17, address 0xfec00000, GSI 0-23
[    0.000000] ACPI: INT_SRC_OVR (bus 0 bus_irq 0 global_irq 2 dfl dfl)
[    0.000000] ACPI: INT_SRC_OVR (bus 0 bus_irq 5 global_irq 5 high level)
[    0.000000] ACPI: INT_SRC_OVR (bus 0 bus_irq 9 global_irq 9 high level)
[    0.000000] ACPI: INT_SRC_OVR (bus 0 bus_irq 10 global_irq 10 high level)
[    0.000000] ACPI: INT_SRC_OVR (bus 0 bus_irq 11 global_irq 11 high level)
[    0.000000] Using ACPI (MADT) for SMP configuration information
[    0.000000] ACPI: HPET id: 0x8086a201 base: 0xfed00000
[    0.000000] SMP: Allowing 1 CPUs, 0 hotplug CPUs
[    0.000000] PM: Registered nosave memory: 000000000009f000 - 00000000000a0000
[    0.000000] PM: Registered nosave memory: 00000000000a0000 - 00000000000f0000
[    0.000000] PM: Registered nosave memory: 00000000000f0000 - 0000000000100000
[    0.000000] Allocating PCI resources starting at 4000000 (gap: 4000000:fbfc0000)
[    0.000000] Booting paravirtualized kernel on bare hardware
[    0.000000] setup_percpu: NR_CPUS:64 nr_cpumask_bits:64 nr_cpu_ids:1 nr_node_ids:1
[    0.000000] PERCPU: Embedded 27 pages/cpu @ffff880003a00000 s78848 r8192 d23552 u2097152
[    0.000000] Built 1 zonelists in Node order, mobility grouping on.  Total pages: 16008
[    0.000000] Policy zone: DMA32
[    0.000000] Kernel command line: root=/dev/vda console=tty0 console=ttyS0 no_timer_check
[    0.000000] PID hash table entries: 256 (order: -1, 2048 bytes)
[    0.000000] Checking aperture...
[    0.000000] No AGP bridge found
[    0.000000] Memory: 43492k/65528k available (6576k kernel code, 452k absent, 21584k reserved, 6620k data, 928k init)
[    0.000000] SLUB: Genslabs=15, HWalign=64, Order=0-3, MinObjects=0, CPUs=1, Nodes=1
[    0.000000] Hierarchical RCU implementation.
[    0.000000] 	RCU dyntick-idle grace-period acceleration is enabled.
[    0.000000] NR_IRQS:4352 nr_irqs:256 16
[    0.000000] Console: colour VGA+ 80x25
[    0.000000] console [tty0] enabled
[    0.000000] console [ttyS0] enabled
[    0.000000] allocated 1048576 bytes of page_cgroup
[    0.000000] please try 'cgroup_disable=memory' option if you don't want memory cgroups
[    0.000000] Fast TSC calibration failed
[    0.000000] TSC: Unable to calibrate against PIT
[    0.000000] TSC: using HPET reference calibration
[    0.000000] Detected 2294.542 MHz processor.
[    0.037229] Calibrating delay loop (skipped), value calculated using timer frequency.. 4589.08 BogoMIPS (lpj=9178168)
[    0.039253] pid_max: default: 32768 minimum: 301
[    0.046685] Security Framework initialized
[    0.052113] AppArmor: AppArmor initialized
[    0.052729] Yama: becoming mindful.
[    0.059201] Dentry cache hash table entries: 8192 (order: 4, 65536 bytes)
[    0.060720] Inode-cache hash table entries: 4096 (order: 3, 32768 bytes)
[    0.064573] Mount-cache hash table entries: 256
[    0.081929] Initializing cgroup subsys cpuacct
[    0.082894] Initializing cgroup subsys memory
[    0.084491] Initializing cgroup subsys devices
[    0.085242] Initializing cgroup subsys freezer
[    0.086002] Initializing cgroup subsys blkio
[    0.086692] Initializing cgroup subsys perf_event
[    0.092434] mce: CPU supports 10 MCE banks
[    0.096827] SMP alternatives: switching to UP code
[    0.486208] Freeing SMP alternatives: 24k freed
[    0.488469] ACPI: Core revision 20110623
[    0.534852] ftrace: allocating 26610 entries in 105 pages
[    0.570934] ..TIMER: vector=0x30 apic1=0 pin1=2 apic2=-1 pin2=-1
[    0.572119] CPU0: AMD QEMU Virtual CPU version 2.0.0 stepping 03
[    0.576035] Performance Events: Broken PMU hardware detected, using software events only.
[    0.584678] NMI watchdog disabled (cpu0): hardware events not enabled
[    0.586197] Brought up 1 CPUs
[    0.586750] Total of 1 processors activated (4589.08 BogoMIPS).
[    0.609103] devtmpfs: initialized
[    0.637700] EVM: security.selinux
[    0.638245] EVM: security.SMACK64
[    0.638777] EVM: security.capability
[    0.662860] print_constraints: dummy: 
[    0.665912] RTC time:  2:30:26, date: 12/05/15
[    0.669588] NET: Registered protocol family 16
[    0.677316] ACPI: bus type pci registered
[    0.680618] PCI: Using configuration type 1 for base access
[    0.708836] bio: create slab &lt;bio-0&gt; at 0
[    0.713381] ACPI: Added _OSI(Module Device)
[    0.713955] ACPI: Added _OSI(Processor Device)
[    0.714757] ACPI: Added _OSI(3.0 _SCP Extensions)
[    0.715322] ACPI: Added _OSI(Processor Aggregator Device)
[    0.784794] ACPI: Interpreter enabled
[    0.785387] ACPI: (supports S0 S3 S4 S5)
[    0.787251] ACPI: Using IOAPIC for interrupt routing
[    0.864557] ACPI: No dock devices found.
[    0.865653] HEST: Table not found.
[    0.866192] PCI: Using host bridge windows from ACPI; if necessary, use "pci=nocrs" and report a bug
[    0.872784] ACPI: PCI Root Bridge [PCI0] (domain 0000 [bus 00-ff])
[    0.878211] pci_root PNP0A03:00: host bridge window [io  0x0000-0x0cf7]
[    0.879047] pci_root PNP0A03:00: host bridge window [io  0x0d00-0xadff]
[    0.880111] pci_root PNP0A03:00: host bridge window [io  0xae0f-0xaeff]
[    0.881007] pci_root PNP0A03:00: host bridge window [io  0xaf20-0xafdf]
[    0.881835] pci_root PNP0A03:00: host bridge window [io  0xafe4-0xffff]
[    0.882926] pci_root PNP0A03:00: host bridge window [mem 0x000a0000-0x000bffff]
[    0.884104] pci_root PNP0A03:00: host bridge window [mem 0x04000000-0xfebfffff]
[    0.906834] pci 0000:00:01.3: quirk: [io  0xb000-0xb03f] claimed by PIIX4 ACPI
[    0.908186] pci 0000:00:01.3: quirk: [io  0xb100-0xb10f] claimed by PIIX4 SMB
[    0.976881]  pci0000:00: Unable to request _OSC control (_OSC support mask: 0x1e)
[    1.046044] ACPI: PCI Interrupt Link [LNKA] (IRQs 5 *10 11)
[    1.048394] ACPI: PCI Interrupt Link [LNKB] (IRQs 5 *10 11)
[    1.050414] ACPI: PCI Interrupt Link [LNKC] (IRQs 5 10 *11)
[    1.052732] ACPI: PCI Interrupt Link [LNKD] (IRQs 5 10 *11)
[    1.053897] ACPI: PCI Interrupt Link [LNKS] (IRQs *9)
[    1.061434] vgaarb: device added: PCI:0000:00:02.0,decodes=io+mem,owns=io+mem,locks=none
[    1.063116] vgaarb: loaded
[    1.064199] vgaarb: bridge control possible 0000:00:02.0
[    1.068332] i2c-core: driver [aat2870] using legacy suspend method
[    1.068996] i2c-core: driver [aat2870] using legacy resume method
[    1.073017] SCSI subsystem initialized
[    1.076838] usbcore: registered new interface driver usbfs
[    1.078101] usbcore: registered new interface driver hub
[    1.079411] usbcore: registered new device driver usb
[    1.084444] PCI: Using ACPI for IRQ routing
[    1.097616] NetLabel: Initializing
[    1.098547] NetLabel:  domain hash size = 128
[    1.099059] NetLabel:  protocols = UNLABELED CIPSOv4
[    1.101365] NetLabel:  unlabeled traffic allowed by default
[    1.105322] HPET: 3 timers in total, 0 timers will be used for per-cpu timer
[    1.106557] hpet0: at MMIO 0xfed00000, IRQs 2, 8, 0
[    1.108280] hpet0: 3 comparators, 64-bit 100.000000 MHz counter
[    1.122641] Switching to clocksource hpet
[    1.387776] AppArmor: AppArmor Filesystem Enabled
[    1.390501] pnp: PnP ACPI init
[    1.391667] ACPI: bus type pnp registered
[    1.426845] pnp: PnP ACPI: found 9 devices
[    1.427895] ACPI: ACPI bus type pnp unregistered
[    1.489493] NET: Registered protocol family 2
[    1.522603] IP route cache hash table entries: 512 (order: 0, 4096 bytes)
[    1.530812] TCP established hash table entries: 2048 (order: 3, 32768 bytes)
[    1.533130] TCP bind hash table entries: 2048 (order: 3, 32768 bytes)
[    1.534067] TCP: Hash tables configured (established 2048 bind 2048)
[    1.534919] TCP reno registered
[    1.535240] UDP hash table entries: 128 (order: 0, 4096 bytes)
[    1.536026] UDP-Lite hash table entries: 128 (order: 0, 4096 bytes)
[    1.539474] NET: Registered protocol family 1
[    1.541242] pci 0000:00:00.0: Limiting direct PCI/PCI transfers
[    1.542146] pci 0000:00:01.0: PIIX3: Enabling Passive Release
[    1.543151] pci 0000:00:01.0: Activating ISA DMA hang workarounds
[    1.548027] ACPI: PCI Interrupt Link [LNKD] enabled at IRQ 11
[    1.550681] pci 0000:00:01.2: PCI INT D -&gt; Link[LNKD] -&gt; GSI 11 (level, high) -&gt; IRQ 11
[    1.553824] pci 0000:00:01.2: PCI INT D disabled
[    1.575943] Trying to unpack rootfs image as initramfs...
[    1.594645] audit: initializing netlink socket (disabled)
[    1.598213] type=2000 audit(1449282626.596:1): initialized
[    1.859853] HugeTLB registered 2 MB page size, pre-allocated 0 pages
[    1.954920] VFS: Disk quotas dquot_6.5.2
[    1.957901] Dquot-cache hash table entries: 512 (order 0, 4096 bytes)
[    1.982801] fuse init (API version 7.17)
[    1.987938] msgmni has been set to 84
[    2.030599] Block layer SCSI generic (bsg) driver version 0.4 loaded (major 253)
[    2.033209] io scheduler noop registered
[    2.033741] io scheduler deadline registered (default)
[    2.035166] io scheduler cfq registered
[    2.038593] pci_hotplug: PCI Hot Plug PCI Core version: 0.5
[    2.040031] pciehp: PCI Express Hot Plug Controller Driver version: 0.4
[    2.046120] input: Power Button as /devices/LNXSYSTM:00/LNXPWRBN:00/input/input0
[    2.047710] ACPI: Power Button [PWRF]
[    2.102340] ERST: Table is not found!
[    2.102995] GHES: HEST is not enabled!
[    2.115180] ACPI: PCI Interrupt Link [LNKC] enabled at IRQ 10
[    2.115913] virtio-pci 0000:00:03.0: PCI INT A -&gt; Link[LNKC] -&gt; GSI 10 (level, high) -&gt; IRQ 10
[    2.119732] virtio-pci 0000:00:04.0: PCI INT A -&gt; Link[LNKD] -&gt; GSI 11 (level, high) -&gt; IRQ 11
[    2.131299] ACPI: PCI Interrupt Link [LNKA] enabled at IRQ 10
[    2.133180] virtio-pci 0000:00:05.0: PCI INT A -&gt; Link[LNKA] -&gt; GSI 10 (level, high) -&gt; IRQ 10
[    2.147229] Serial: 8250/16550 driver, 32 ports, IRQ sharing enabled
[    2.199394] serial8250: ttyS0 at I/O 0x3f8 (irq = 4) is a 16550A
[    2.301516] serial8250: ttyS1 at I/O 0x2f8 (irq = 3) is a 16550A
[    2.439743] 00:05: ttyS0 at I/O 0x3f8 (irq = 4) is a 16550A
[    2.518757] 00:06: ttyS1 at I/O 0x2f8 (irq = 3) is a 16550A
[    2.557168] Refined TSC clocksource calibration: 2294.556 MHz.
[    2.557909] Switching to clocksource tsc
[    2.562828] Linux agpgart interface v0.103
[    2.649687] brd: module loaded
[    2.681957] loop: module loaded
[    2.741695]  vda: unknown partition table
[    2.818729] scsi0 : ata_piix
[    2.830085] scsi1 : ata_piix
[    2.831119] ata1: PATA max MWDMA2 cmd 0x1f0 ctl 0x3f6 bmdma 0xc0a0 irq 14
[    2.832035] ata2: PATA max MWDMA2 cmd 0x170 ctl 0x376 bmdma 0xc0a8 irq 15
[    2.843184] Fixed MDIO Bus: probed
[    2.844029] tun: Universal TUN/TAP device driver, 1.6
[    2.845018] tun: (C) 1999-2004 Max Krasnyansky &lt;maxk@qualcomm.com&gt;
[    2.857813] PPP generic driver version 2.4.2
[    2.879407] ehci_hcd: USB 2.0 'Enhanced' Host Controller (EHCI) Driver
[    2.881169] ohci_hcd: USB 1.1 'Open' Host Controller (OHCI) Driver
[    2.882271] uhci_hcd: USB Universal Host Controller Interface driver
[    2.883325] uhci_hcd 0000:00:01.2: PCI INT D -&gt; Link[LNKD] -&gt; GSI 11 (level, high) -&gt; IRQ 11
[    2.886271] uhci_hcd 0000:00:01.2: UHCI Host Controller
[    2.897460] uhci_hcd 0000:00:01.2: new USB bus registered, assigned bus number 1
[    2.900011] uhci_hcd 0000:00:01.2: irq 11, io base 0x0000c040
[    2.927100] hub 1-0:1.0: USB hub found
[    2.928968] hub 1-0:1.0: 2 ports detected
[    2.939742] usbcore: registered new interface driver libusual
[    2.942704] i8042: PNP: PS/2 Controller [PNP0303:KBD,PNP0f13:MOU] at 0x60,0x64 irq 1,12
[    2.953199] serio: i8042 KBD port at 0x60,0x64 irq 1
[    2.955283] serio: i8042 AUX port at 0x60,0x64 irq 12
[    2.998855] mousedev: PS/2 mouse device common for all mice
[    3.009270] input: AT Translated Set 2 keyboard as /devices/platform/i8042/serio0/input/input1
[    3.019498] rtc_cmos 00:01: RTC can wake from S4
[    3.049319] rtc_cmos 00:01: rtc core: registered rtc_cmos as rtc0
[    3.053674] rtc0: alarms up to one day, 114 bytes nvram, hpet irqs
[    3.062442] device-mapper: uevent: version 1.0.3
[    3.074863] ata2.01: ATAPI: QEMU DVD-ROM, 2.0.0, max UDMA/100
[    3.087031] ata2.01: configured for MWDMA2
[    3.111246] scsi 1:0:1:0: CD-ROM            QEMU     QEMU DVD-ROM     2.0. PQ: 0 ANSI: 5
[    3.127035] device-mapper: ioctl: 4.22.0-ioctl (2011-10-19) initialised: dm-devel@redhat.com
[    3.129577] cpuidle: using governor ladder
[    3.131577] cpuidle: using governor menu
[    3.133111] EFI Variables Facility v0.08 2004-May-17
[    3.142884] TCP cubic registered
[    3.146978] NET: Registered protocol family 10
[    3.175254] NET: Registered protocol family 17
[    3.176659] Registering the dns_resolver key type
[    3.194052] sr0: scsi3-mmc drive: 4x/4x cd/rw xa/form2 tray
[    3.195583] cdrom: Uniform CD-ROM driver Revision: 3.20
[    3.219548] sr 1:0:1:0: Attached scsi generic sg0 type 5
[    3.254169] Freeing initrd memory: 3656k freed
[    3.271630] registered taskstats version 1
[    3.771767]   Magic number: 11:99:510
[    3.783843] uhci_hcd 0000:00:01.2: hash matches
[    3.794068] rtc_cmos 00:01: setting system clock to 2015-12-05 02:30:29 UTC (1449282629)
[    3.798326] powernow-k8: Processor cpuid 663 not supported
[    3.807702] BIOS EDD facility v0.16 2004-Jun-25, 0 devices found
[    3.810741] EDD information not available.
[    3.898892] Freeing unused kernel memory: 928k freed
[    3.903523] Write protecting the kernel read-only data: 12288k
[    4.014014] Freeing unused kernel memory: 1596k freed
[    4.095410] Freeing unused kernel memory: 1184k freed

info: initramfs: up at 4.28
modprobe: module virtio_blk not found in modules.dep
modprobe: module virtio_net not found in modules.dep
info: copying initramfs to /dev/vda
info: initramfs loading root from /dev/vda
info: /etc/init.d/rc.sysinit: up at 8.90
info: container: none
Starting logging: OK
modprobe: module virtio_blk not found in modules.dep
modprobe: module virtio_net not found in modules.dep
WARN: /etc/rc3.d/S10-load-modules failed
Initializing random number generator... done.
Starting acpid: OK
cirros-ds 'local' up at 11.48
found datasource (configdrive, local)
Starting network...
udhcpc (v1.20.1) started
Sending discover...
Sending select for 10.100.0.3...
Lease of 10.100.0.3 obtained, lease time 86400
route: SIOCADDRT: File exists
WARN: failed: route add -net "0.0.0.0/0" gw "10.100.0.1"
Starting dropbear sshd: generating rsa key... generating dsa key... OK
no userdata for datasource
=== system information ===
Platform: OpenStack Foundation OpenStack Nova
Container: none
Arch: x86_64
CPU(s): 1 @ 2294.542 MHz
Cores/Sockets/Threads: 1/1/1
Virt-type: AMD-V
RAM Size: 49MB
Disks:
NAME MAJ:MIN     SIZE LABEL         MOUNTPOINT
vda  253:0   25165824 cirros-rootfs /
sr0   11:0     428032 config-2      
=== sshd host keys ===
-----BEGIN SSH HOST KEY KEYS-----
ssh-rsa AAAAB3NzaC1yc2EAAAADAQABAAAAgllIOJvLOQVFUrdwsljAGWIagsgRDsm69xPwxEMhqisHa5eYZKFLQem/3Krw+FgyCT2NHBjgBrtIG2jaZ0a9EaQRsasj3gKUIoQoeddI096P94vqQzaV0GBdnLxvKciAGBBep5WSK13FL4X/Gn5Pl5qCsxrylyAU9G8Nw+Isx1rBVcE= root@tempest
ssh-dss AAAAB3NzaC1kc3MAAACBAL3GCoRC8dvad51IewkJHOhj4UciUlOcZVK4pihr26LjJZfHarRLM1aFqfYkv1QsdTV3eIslnX+/sryGrFGnkF+sWdzWE0f/SUtiG+kvHQqwNGouRSBVXwQdFj8rntcFApVw6hahq6bEwIXuptgj2DnOGRkSstqklkXlAWamiKJVAAAAFQDVQWbwTJZHGqhMrLuGJ/KzXpbVpwAAAIBhbPm/ZykFdFPy567WgqK7Gs4MbQ6b0o87zzSOPvhuA/msxYHVerOO6IbTfaSCP9sKdeuneqtJZuREmwEpfUGdJzEL6Xl3PEuh34rms6vVflvn0jfGSD8J+JuZTCQ3aTO3Igxdtv4StH/0ZL5iqG0rlFMDU4tlZKWYc5wyNZo0qwAAAIEApSBGyIvcvORITViyC/s/vn7TDbByppUpjhAgpi9VPl3Fjf3kp5c1Se+CtVP7pwfzCnUBO8ia2fAfDbTfokX5moqEjn/KpAQgEdpQd0TjeblzxoANfdM61jMVbVId7ad4+YorNp6tHtakNwBVyAJ230sZcEMlDA1818cMcLkYIe0= root@tempest
-----END SSH HOST KEY KEYS-----
=== network info ===
if-info: lo,up,127.0.0.1,8,::1
if-info: eth0,up,10.100.0.3,28,fe80::f816:3eff:fe05:24a9
ip-route:default via 10.100.0.1 dev eth0 
ip-route:10.100.0.0/28 dev eth0  src 10.100.0.3 
ip-route:169.254.169.254 via 10.100.0.1 dev eth0 
=== datasource: configdrive local ===
instance-id: 7865e841-4351-4eb0-892e-590fc80bc1c5
name: tempest.common.compute-instance-428238321
availability-zone: nova
local-hostname: tempest.common.compute-instance-428238321.novalocal
launch-index: 0
=== cirros: current=0.3.4 uptime=21.53 ===
  ____               ____  ____
 / __/ __ ____ ____ / __ \/ __/
/ /__ / // __// __// /_/ /\ \ 
\___//_//_/  /_/   \____/___/ 
   http://cirros-cloud.net


login as 'cirros' user. default password: 'cubswin:)'. use 'sudo' for root.
tempest login: 
2015-12-05 02:32:48,418 27306 INFO     [tempest_lib.common.rest_client] Request (TestNetworkBasicOps:_run_cleanups): 204 DELETE http://10.0.2.15:9696/v2.0/floatingips/c361f18d-bd6e-46d2-8c1b-123e8468e0e8 0.190s
2015-12-05 02:32:48,419 27306 DEBUG    [tempest_lib.common.rest_client] Request - Headers: {'Content-Type': 'application/json', 'Accept': 'application/json', 'X-Auth-Token': '&lt;omitted&gt;'}
        Body: None
    Response - Headers: {'date': 'Sat, 05 Dec 2015 02:32:48 GMT', 'status': '204', 'connection': 'close', 'content-length': '0', 'x-openstack-request-id': 'req-557d1071-67b6-4829-a75c-2f614a38fedd'}
        Body: 
2015-12-05 02:32:48,657 27306 INFO     [tempest_lib.common.rest_client] Request (TestNetworkBasicOps:_run_cleanups): 204 DELETE http://10.0.2.15:8774/v2.1/162e40e79abd405f8c62b514362cb60a/servers/7865e841-4351-4eb0-892e-590fc80bc1c5 0.237s
2015-12-05 02:32:48,657 27306 DEBUG    [tempest_lib.common.rest_client] Request - Headers: {'Content-Type': 'application/json', 'Accept': 'application/json', 'X-Auth-Token': '&lt;omitted&gt;'}
        Body: None
    Response - Headers: {'status': '204', 'content-length': '0', 'x-compute-request-id': 'req-9b9259de-1880-4067-ab67-14041450a911', 'vary': 'X-OpenStack-Nova-API-Version', 'connection': 'close', 'x-openstack-nova-api-version': '2.1', 'date': 'Sat, 05 Dec 2015 02:32:48 GMT', 'content-type': 'application/json'}
        Body: 
2015-12-05 02:32:48,852 27306 INFO     [tempest_lib.common.rest_client] Request (TestNetworkBasicOps:_run_cleanups): 200 GET http://10.0.2.15:8774/v2.1/162e40e79abd405f8c62b514362cb60a/servers/7865e841-4351-4eb0-892e-590fc80bc1c5 0.194s
2015-12-05 02:32:48,853 27306 DEBUG    [tempest_lib.common.rest_client] Request - Headers: {'Content-Type': 'application/json', 'Accept': 'application/json', 'X-Auth-Token': '&lt;omitted&gt;'}
        Body: None
    Response - Headers: {'status': '200', 'content-length': '1777', 'content-location': 'http://10.0.2.15:8774/v2.1/162e40e79abd405f8c62b514362cb60a/servers/7865e841-4351-4eb0-892e-590fc80bc1c5', 'x-compute-request-id': 'req-d0373855-286d-44d6-8469-69961a1f4e4e', 'vary': 'X-OpenStack-Nova-API-Version', 'connection': 'close', 'x-openstack-nova-api-version': '2.1', 'date': 'Sat, 05 Dec 2015 02:32:48 GMT', 'content-type': 'application/json'}
        Body: {"server": {"status": "ACTIVE", "updated": "2015-12-05T02:32:48Z", "hostId": "4f36ae3dc26bba827d8eaf2a7ea92fd224756c0504d93284f9d76612", "addresses": {"tempest-network-smoke--1919692312": [{"OS-EXT-IPS-MAC:mac_addr": "fa:16:3e:05:24:a9", "version": 4, "addr": "10.100.0.3", "OS-EXT-IPS:type": "fixed"}, {"OS-EXT-IPS-MAC:mac_addr": "fa:16:3e:05:24:a9", "version": 4, "addr": "172.24.4.18", "OS-EXT-IPS:type": "floating"}]}, "links": [{"href": "http://10.0.2.15:8774/v2.1/162e40e79abd405f8c62b514362cb60a/servers/7865e841-4351-4eb0-892e-590fc80bc1c5", "rel": "self"}, {"href": "http://10.0.2.15:8774/162e40e79abd405f8c62b514362cb60a/servers/7865e841-4351-4eb0-892e-590fc80bc1c5", "rel": "bookmark"}], "key_name": "tempest-TestNetworkBasicOps-1741679741", "image": {"id": "bf9d802c-19ce-44b6-97dc-44f51c6f78dd", "links": [{"href": "http://10.0.2.15:8774/162e40e79abd405f8c62b514362cb60a/images/bf9d802c-19ce-44b6-97dc-44f51c6f78dd", "rel": "bookmark"}]}, "OS-EXT-STS:task_state": "deleting", "OS-EXT-STS:vm_state": "active", "OS-SRV-USG:launched_at": "2015-12-05T02:30:23.000000", "flavor": {"id": "42", "links": [{"href": "http://10.0.2.15:8774/162e40e79abd405f8c62b514362cb60a/flavors/42", "rel": "bookmark"}]}, "id": "7865e841-4351-4eb0-892e-590fc80bc1c5", "security_groups": [{"name": "tempest-secgroup-smoke-1989609875"}], "OS-SRV-USG:terminated_at": null, "OS-EXT-AZ:availability_zone": "nova", "user_id": "e764ddb19ddf4ed08967c7cef67666d4", "name": "tempest.common.compute-instance-428238321", "created": "2015-12-05T02:30:20Z", "tenant_id": "162e40e79abd405f8c62b514362cb60a", "OS-DCF:diskConfig": "MANUAL", "os-extended-volumes:volumes_attached": [], "accessIPv4": "", "accessIPv6": "", "progress": 0, "OS-EXT-STS:power_state": 1, "config_drive": "True", "metadata": {}}}
2015-12-05 02:32:50,051 27306 INFO     [tempest_lib.common.rest_client] Request (TestNetworkBasicOps:_run_cleanups): 200 GET http://10.0.2.15:8774/v2.1/162e40e79abd405f8c62b514362cb60a/servers/7865e841-4351-4eb0-892e-590fc80bc1c5 0.186s
2015-12-05 02:32:50,051 27306 DEBUG    [tempest_lib.common.rest_client] Request - Headers: {'Content-Type': 'application/json', 'Accept': 'application/json', 'X-Auth-Token': '&lt;omitted&gt;'}
        Body: None
