<?xml version="1.0" encoding="UTF-8"?>
<!DOCTYPE html PUBLIC "-//W3C//DTD XHTML 1.0 Strict//EN"
     "http://www.w3.org/TR/xhtml1/DTD/xhtml1-strict.dtd">
<html xmlns="http://www.w3.org/1999/xhtml">
<head>
    <title>Unit Test Report</title>
    <meta name="generator" content="subunit2html 0.1"/>
    <meta http-equiv="Content-Type" content="text/html; charset=UTF-8"/>
    
<style type="text/css" media="screen">
body        { font-family: verdana, arial, helvetica, sans-serif;
    font-size: 80%; }
table       { font-size: 100%; width: 100%;}
pre         { font-size: 80%; }

/* -- heading -------------------------------------------------------------- */
h1 {
        font-size: 16pt;
        color: gray;
}
.heading {
    margin-top: 0ex;
    margin-bottom: 1ex;
}

.heading .attribute {
    margin-top: 1ex;
    margin-bottom: 0;
}

.heading .description {
    margin-top: 4ex;
    margin-bottom: 6ex;
}

/* -- css div popup -------------------------------------------------------- */
a.popup_link {
}

a.popup_link:hover {
    color: red;
}

.popup_window {
    display: none;
    overflow-x: scroll;
    /*border: solid #627173 1px; */
    padding: 10px;
    background-color: #E6E6D6;
    font-family: "Ubuntu Mono", "Lucida Console", "Courier New", monospace;
    text-align: left;
    font-size: 8pt;
}

}
/* -- report --------------------------------------------------------------- */
#show_detail_line {
    margin-top: 3ex;
    margin-bottom: 1ex;
}
#result_table {
    width: 100%;
    border-collapse: collapse;
    border: 1px solid #777;
}
#header_row {
    font-weight: bold;
    color: white;
    background-color: #777;
}
#result_table td {
    border: 1px solid #777;
    padding: 2px;
}
#total_row  { font-weight: bold; }
.passClass  { background-color: #6c6; }
.failClass  { background-color: #c60; }
.errorClass { background-color: #c00; }
.passCase   { color: #6c6; }
.failCase   { color: #c60; font-weight: bold; }
.errorCase  { color: #c00; font-weight: bold; }
.hiddenRow  { display: none; }
.testcase   { margin-left: 2em; }
td.testname {width: 40%}
td.small {width: 40px}

/* -- ending --------------------------------------------------------------- */
#ending {
}

</style>

</head>
<body>
<script language="javascript" type="text/javascript"><!--
output_list = Array();

/* level - 0:Summary; 1:Failed; 2:All */
function showCase(level) {
    trs = document.getElementsByTagName("tr");
    for (var i = 0; i < trs.length; i++) {
        tr = trs[i];
        id = tr.id;
        if (id.substr(0,2) == 'ft') {
            if (level < 1) {
                tr.className = 'hiddenRow';
            }
            else {
                tr.className = '';
            }
        }
        if (id.substr(0,2) == 'pt') {
            if (level > 1) {
                tr.className = '';
            }
            else {
                tr.className = 'hiddenRow';
            }
        }
    }
}


function showClassDetail(cid, count) {
    var id_list = Array(count);
    var toHide = 1;
    for (var i = 0; i < count; i++) {
        tid0 = 't' + cid.substr(1) + '.' + (i+1);
        tid = 'f' + tid0;
        tr = document.getElementById(tid);
        if (!tr) {
            tid = 'p' + tid0;
            tr = document.getElementById(tid);
        }
        id_list[i] = tid;
        if (tr.className) {
            toHide = 0;
        }
    }
    for (var i = 0; i < count; i++) {
        tid = id_list[i];
        if (toHide) {
            document.getElementById('div_'+tid).style.display = 'none'
            document.getElementById(tid).className = 'hiddenRow';
        }
        else {
            document.getElementById(tid).className = '';
        }
    }
}


function showTestDetail(div_id){
    var details_div = document.getElementById(div_id)
    var displayState = details_div.style.display
    // alert(displayState)
    if (displayState != 'block' ) {
        displayState = 'block'
        details_div.style.display = 'block'
    }
    else {
        details_div.style.display = 'none'
    }
}


function html_escape(s) {
    s = s.replace(/&/g,'&amp;');
    s = s.replace(/</g,'&lt;');
    s = s.replace(/>/g,'&gt;');
    return s;
}

/* obsoleted by detail in <div>
function showOutput(id, name) {
    var w = window.open("", //url
                    name,
                    "resizable,scrollbars,status,width=800,height=450");
    d = w.document;
    d.write("<pre>");
    d.write(html_escape(output_list[id]));
    d.write("\n");
    d.write("<a href='javascript:window.close()'>close</a>\n");
    d.write("</pre>\n");
    d.close();
}
*/
--></script>

<div class='heading'>
<h1>Unit Test Report</h1>

<p class='attribute'><strong>Status:</strong> Pass 8 Failure 1</p>

<p class='description'></p>
</div>



<p id='show_detail_line'>Show
<a href='javascript:showCase(0)'>Summary</a>
<a href='javascript:showCase(1)'>Failed</a>
<a href='javascript:showCase(2)'>All</a>
</p>
<table id='result_table'>
<colgroup>
<col align='left' />
<col align='right' />
<col align='right' />
<col align='right' />
<col align='right' />
<col align='right' />
<col align='right' />
<col align='right' />
</colgroup>
<tr id='header_row'>
    <td>Test Group/Test case</td>
    <td>Count</td>
    <td>Pass</td>
    <td>Fail</td>
    <td>Error</td>
    <td>Skip</td>
    <td>View</td>
    <td> </td>
</tr>

<tr class='failClass'>
    <td class="testname">tempest.scenario.test_network_basic_ops.TestNetworkBasicOps</td>
    <td class="small">9</td>
    <td class="small">8</td>
    <td class="small">1</td>
    <td class="small">0</td>
    <td class="small">0</td>
    <td class="small"><a href="javascript:showClassDetail('c1',9)"
>Detail</a></td>
    <td> </td>
</tr>

<tr id='pt1.1' class='hiddenRow'>
    <td class='none'><div class='testcase'>test_connectivity_between_vms_on_different_networks[compute,id-1546850e-fbaa-42f5-8b5f-03d8a6a95f15,network]</div></td>
    <td colspan='7' align='left'>

    <!--css div popup start-->
    <a class="popup_link" onfocus='this.blur();'
    href="javascript:showTestDetail('div_pt1.1')" >
        pass</a>

    <div id='div_pt1.1' class="popup_window">
        <div style='text-align: right; color:red;cursor:pointer'>
        <a onfocus='this.blur();'
onclick="document.getElementById('div_pt1.1').style.display = 'none' " >
           [x]</a>
        </div>
        <pre>
        
pt1.1: tempest.scenario.test_network_basic_ops.TestNetworkBasicOps.test_connectivity_between_vms_on_different_networks[compute,id-1546850e-fbaa-42f5-8b5f-03d8a6a95f15,network]

        </pre>
    </div>
    <!--css div popup end-->

    </td>
</tr>

<tr id='pt1.2' class='hiddenRow'>
    <td class='none'><div class='testcase'>test_hotplug_nic[compute,id-c5adff73-e961-41f1-b4a9-343614f18cfa,network]</div></td>
    <td colspan='7' align='left'>

    <!--css div popup start-->
    <a class="popup_link" onfocus='this.blur();'
    href="javascript:showTestDetail('div_pt1.2')" >
        pass</a>

    <div id='div_pt1.2' class="popup_window">
        <div style='text-align: right; color:red;cursor:pointer'>
        <a onfocus='this.blur();'
onclick="document.getElementById('div_pt1.2').style.display = 'none' " >
           [x]</a>
        </div>
        <pre>
        
pt1.2: tempest.scenario.test_network_basic_ops.TestNetworkBasicOps.test_hotplug_nic[compute,id-c5adff73-e961-41f1-b4a9-343614f18cfa,network]

        </pre>
    </div>
    <!--css div popup end-->

    </td>
</tr>

<tr id='pt1.3' class='hiddenRow'>
    <td class='none'><div class='testcase'>test_network_basic_ops[compute,id-f323b3ba-82f8-4db7-8ea6-6a895869ec49,network,smoke]</div></td>
    <td colspan='7' align='left'>

    <!--css div popup start-->
    <a class="popup_link" onfocus='this.blur();'
    href="javascript:showTestDetail('div_pt1.3')" >
        pass</a>

    <div id='div_pt1.3' class="popup_window">
        <div style='text-align: right; color:red;cursor:pointer'>
        <a onfocus='this.blur();'
onclick="document.getElementById('div_pt1.3').style.display = 'none' " >
           [x]</a>
        </div>
        <pre>
        
pt1.3: tempest.scenario.test_network_basic_ops.TestNetworkBasicOps.test_network_basic_ops[compute,id-f323b3ba-82f8-4db7-8ea6-6a895869ec49,network,smoke]

        </pre>
    </div>
    <!--css div popup end-->

    </td>
</tr>

<tr id='pt1.4' class='hiddenRow'>
    <td class='none'><div class='testcase'>test_port_security_macspoofing_port[compute,id-7c0bb1a2-d053-49a4-98f9-ca1a1d849f63,network]</div></td>
    <td colspan='7' align='left'>

    <!--css div popup start-->
    <a class="popup_link" onfocus='this.blur();'
    href="javascript:showTestDetail('div_pt1.4')" >
        pass</a>

    <div id='div_pt1.4' class="popup_window">
        <div style='text-align: right; color:red;cursor:pointer'>
        <a onfocus='this.blur();'
onclick="document.getElementById('div_pt1.4').style.display = 'none' " >
           [x]</a>
        </div>
        <pre>
        
pt1.4: tempest.scenario.test_network_basic_ops.TestNetworkBasicOps.test_port_security_macspoofing_port[compute,id-7c0bb1a2-d053-49a4-98f9-ca1a1d849f63,network]

        </pre>
    </div>
    <!--css div popup end-->

    </td>
</tr>

<tr id='pt1.5' class='hiddenRow'>
    <td class='none'><div class='testcase'>test_preserve_preexisting_port[compute,id-759462e1-8535-46b0-ab3a-33aa45c55aaa,network]</div></td>
    <td colspan='7' align='left'>

    <!--css div popup start-->
    <a class="popup_link" onfocus='this.blur();'
    href="javascript:showTestDetail('div_pt1.5')" >
        pass</a>

    <div id='div_pt1.5' class="popup_window">
        <div style='text-align: right; color:red;cursor:pointer'>
        <a onfocus='this.blur();'
onclick="document.getElementById('div_pt1.5').style.display = 'none' " >
           [x]</a>
        </div>
        <pre>
        
pt1.5: tempest.scenario.test_network_basic_ops.TestNetworkBasicOps.test_preserve_preexisting_port[compute,id-759462e1-8535-46b0-ab3a-33aa45c55aaa,network]

        </pre>
    </div>
    <!--css div popup end-->

    </td>
</tr>

<tr id='pt1.6' class='hiddenRow'>
    <td class='none'><div class='testcase'>test_router_rescheduling[compute,id-2e788c46-fb3f-4ac9-8f82-0561555bea73,network]</div></td>
    <td colspan='7' align='left'>

    <!--css div popup start-->
    <a class="popup_link" onfocus='this.blur();'
    href="javascript:showTestDetail('div_pt1.6')" >
        pass</a>

    <div id='div_pt1.6' class="popup_window">
        <div style='text-align: right; color:red;cursor:pointer'>
        <a onfocus='this.blur();'
onclick="document.getElementById('div_pt1.6').style.display = 'none' " >
           [x]</a>
        </div>
        <pre>
        
pt1.6: tempest.scenario.test_network_basic_ops.TestNetworkBasicOps.test_router_rescheduling[compute,id-2e788c46-fb3f-4ac9-8f82-0561555bea73,network]

        </pre>
    </div>
    <!--css div popup end-->

    </td>
</tr>

<tr id='pt1.7' class='hiddenRow'>
    <td class='none'><div class='testcase'>test_subnet_details[compute,id-d8bb918e-e2df-48b2-97cd-b73c95450980,network]</div></td>
    <td colspan='7' align='left'>

    <!--css div popup start-->
    <a class="popup_link" onfocus='this.blur();'
    href="javascript:showTestDetail('div_pt1.7')" >
        pass</a>

    <div id='div_pt1.7' class="popup_window">
        <div style='text-align: right; color:red;cursor:pointer'>
        <a onfocus='this.blur();'
onclick="document.getElementById('div_pt1.7').style.display = 'none' " >
           [x]</a>
        </div>
        <pre>
        
pt1.7: tempest.scenario.test_network_basic_ops.TestNetworkBasicOps.test_subnet_details[compute,id-d8bb918e-e2df-48b2-97cd-b73c95450980,network]

        </pre>
    </div>
    <!--css div popup end-->

    </td>
</tr>

<tr id='ft1.8' class='none'>
    <td class='failCase'><div class='testcase'>test_update_instance_port_admin_state[compute,id-f5dfcc22-45fd-409f-954c-5bd500d7890b,network]</div></td>
    <td colspan='7' align='left'>

    <!--css div popup start-->
    <a class="popup_link" onfocus='this.blur();'
    href="javascript:showTestDetail('div_ft1.8')" >
        fail</a>

    <div id='div_ft1.8' class="popup_window">
        <div style='text-align: right; color:red;cursor:pointer'>
        <a onfocus='this.blur();'
onclick="document.getElementById('div_ft1.8').style.display = 'none' " >
           [x]</a>
        </div>
        <pre>
        
ft1.8: tempest.scenario.test_network_basic_ops.TestNetworkBasicOps.test_update_instance_port_admin_state[compute,id-f5dfcc22-45fd-409f-954c-5bd500d7890b,network]_StringException: Empty attachments:
  stderr
  stdout

pythonlogging:'': {{{
2016-01-27 00:09:00,960 20063 INFO     [tempest_lib.common.rest_client] Request (TestNetworkBasicOps:test_update_instance_port_admin_state): 201 POST http://10.4.1.3:9696/v2.0/security-groups 0.091s
2016-01-27 00:09:00,961 20063 DEBUG    [tempest_lib.common.rest_client] Request - Headers: {'Content-Type': 'application/json', 'Accept': 'application/json', 'X-Auth-Token': '&lt;omitted&gt;'}
        Body: {"security_group": {"tenant_id": "89d21c5658f44c60916e9d195dd5a138", "description": "tempest-secgroup-smoke-842183263 description", "name": "tempest-secgroup-smoke-842183263"}}
    Response - Headers: {'status': '201', 'content-length': '886', 'connection': 'close', 'date': 'Wed, 27 Jan 2016 00:09:00 GMT', 'content-type': 'application/json; charset=UTF-8', 'x-openstack-request-id': 'req-55582215-ca70-4996-8729-7bb75e4bf4d1'}
        Body: {"security_group": {"tenant_id": "89d21c5658f44c60916e9d195dd5a138", "description": "tempest-secgroup-smoke-842183263 description", "id": "48af7b32-bc27-4ebc-b268-b156364d9ee7", "security_group_rules": [{"remote_group_id": null, "direction": "egress", "remote_ip_prefix": null, "protocol": null, "ethertype": "IPv4", "tenant_id": "89d21c5658f44c60916e9d195dd5a138", "port_range_max": null, "port_range_min": null, "id": "1f5cb7a8-a8ec-4288-8e86-e326d7667c9f", "security_group_id": "48af7b32-bc27-4ebc-b268-b156364d9ee7"}, {"remote_group_id": null, "direction": "egress", "remote_ip_prefix": null, "protocol": null, "ethertype": "IPv6", "tenant_id": "89d21c5658f44c60916e9d195dd5a138", "port_range_max": null, "port_range_min": null, "id": "6c6dc230-88b4-406d-8ed8-1f72ab6b9045", "security_group_id": "48af7b32-bc27-4ebc-b268-b156364d9ee7"}], "name": "tempest-secgroup-smoke-842183263"}}
2016-01-27 00:09:01,078 20063 INFO     [tempest_lib.common.rest_client] Request (TestNetworkBasicOps:test_update_instance_port_admin_state): 201 POST http://10.4.1.3:9696/v2.0/security-group-rules 0.116s
2016-01-27 00:09:01,079 20063 DEBUG    [tempest_lib.common.rest_client] Request - Headers: {'Content-Type': 'application/json', 'Accept': 'application/json', 'X-Auth-Token': '&lt;omitted&gt;'}
        Body: {"security_group_rule": {"direction": "ingress", "protocol": "tcp", "tenant_id": "89d21c5658f44c60916e9d195dd5a138", "port_range_max": 22, "security_group_id": "48af7b32-bc27-4ebc-b268-b156364d9ee7", "port_range_min": 22}}
    Response - Headers: {'status': '201', 'content-length': '340', 'connection': 'close', 'date': 'Wed, 27 Jan 2016 00:09:01 GMT', 'content-type': 'application/json; charset=UTF-8', 'x-openstack-request-id': 'req-29cff813-b0bc-48ee-b1ed-d87ca1562266'}
        Body: {"security_group_rule": {"remote_group_id": null, "direction": "ingress", "remote_ip_prefix": null, "protocol": "tcp", "ethertype": "IPv4", "tenant_id": "89d21c5658f44c60916e9d195dd5a138", "port_range_max": 22, "port_range_min": 22, "id": "5c0d2918-0ac8-4711-a701-0bdaddf52f0b", "security_group_id": "48af7b32-bc27-4ebc-b268-b156364d9ee7"}}
2016-01-27 00:09:01,201 20063 INFO     [tempest_lib.common.rest_client] Request (TestNetworkBasicOps:test_update_instance_port_admin_state): 201 POST http://10.4.1.3:9696/v2.0/security-group-rules 0.121s
2016-01-27 00:09:01,202 20063 DEBUG    [tempest_lib.common.rest_client] Request - Headers: {'Content-Type': 'application/json', 'Accept': 'application/json', 'X-Auth-Token': '&lt;omitted&gt;'}
        Body: {"security_group_rule": {"direction": "egress", "protocol": "tcp", "tenant_id": "89d21c5658f44c60916e9d195dd5a138", "port_range_max": 22, "security_group_id": "48af7b32-bc27-4ebc-b268-b156364d9ee7", "port_range_min": 22}}
    Response - Headers: {'status': '201', 'content-length': '339', 'connection': 'close', 'date': 'Wed, 27 Jan 2016 00:09:01 GMT', 'content-type': 'application/json; charset=UTF-8', 'x-openstack-request-id': 'req-d753c3e1-d1a9-4ad9-88b4-9f1dfbd1cce5'}
        Body: {"security_group_rule": {"remote_group_id": null, "direction": "egress", "remote_ip_prefix": null, "protocol": "tcp", "ethertype": "IPv4", "tenant_id": "89d21c5658f44c60916e9d195dd5a138", "port_range_max": 22, "port_range_min": 22, "id": "f3cf12ac-bbe4-4de9-abd9-111242aeb01a", "security_group_id": "48af7b32-bc27-4ebc-b268-b156364d9ee7"}}
2016-01-27 00:09:01,308 20063 INFO     [tempest_lib.common.rest_client] Request (TestNetworkBasicOps:test_update_instance_port_admin_state): 201 POST http://10.4.1.3:9696/v2.0/security-group-rules 0.105s
2016-01-27 00:09:01,308 20063 DEBUG    [tempest_lib.common.rest_client] Request - Headers: {'Content-Type': 'application/json', 'Accept': 'application/json', 'X-Auth-Token': '&lt;omitted&gt;'}
        Body: {"security_group_rule": {"tenant_id": "89d21c5658f44c60916e9d195dd5a138", "direction": "ingress", "protocol": "icmp", "security_group_id": "48af7b32-bc27-4ebc-b268-b156364d9ee7"}}
    Response - Headers: {'status': '201', 'content-length': '345', 'connection': 'close', 'date': 'Wed, 27 Jan 2016 00:09:01 GMT', 'content-type': 'application/json; charset=UTF-8', 'x-openstack-request-id': 'req-7651e4bd-05cd-4906-ad4a-1df553fd77af'}
        Body: {"security_group_rule": {"remote_group_id": null, "direction": "ingress", "remote_ip_prefix": null, "protocol": "icmp", "ethertype": "IPv4", "tenant_id": "89d21c5658f44c60916e9d195dd5a138", "port_range_max": null, "port_range_min": null, "id": "8f41fa85-98d6-44bd-9e8c-828db0d6b9e1", "security_group_id": "48af7b32-bc27-4ebc-b268-b156364d9ee7"}}
2016-01-27 00:09:01,393 20063 INFO     [tempest_lib.common.rest_client] Request (TestNetworkBasicOps:test_update_instance_port_admin_state): 201 POST http://10.4.1.3:9696/v2.0/security-group-rules 0.084s
2016-01-27 00:09:01,394 20063 DEBUG    [tempest_lib.common.rest_client] Request - Headers: {'Content-Type': 'application/json', 'Accept': 'application/json', 'X-Auth-Token': '&lt;omitted&gt;'}
        Body: {"security_group_rule": {"tenant_id": "89d21c5658f44c60916e9d195dd5a138", "direction": "egress", "protocol": "icmp", "security_group_id": "48af7b32-bc27-4ebc-b268-b156364d9ee7"}}
    Response - Headers: {'status': '201', 'content-length': '344', 'connection': 'close', 'date': 'Wed, 27 Jan 2016 00:09:01 GMT', 'content-type': 'application/json; charset=UTF-8', 'x-openstack-request-id': 'req-690fc2a6-8355-4310-a3a0-aee9d55fc979'}
        Body: {"security_group_rule": {"remote_group_id": null, "direction": "egress", "remote_ip_prefix": null, "protocol": "icmp", "ethertype": "IPv4", "tenant_id": "89d21c5658f44c60916e9d195dd5a138", "port_range_max": null, "port_range_min": null, "id": "5c4a65a9-485e-4351-8880-00dfb1df89e1", "security_group_id": "48af7b32-bc27-4ebc-b268-b156364d9ee7"}}
2016-01-27 00:09:01,504 20063 INFO     [tempest_lib.common.rest_client] Request (TestNetworkBasicOps:test_update_instance_port_admin_state): 201 POST http://10.4.1.3:9696/v2.0/security-group-rules 0.109s
2016-01-27 00:09:01,505 20063 DEBUG    [tempest_lib.common.rest_client] Request - Headers: {'Content-Type': 'application/json', 'Accept': 'application/json', 'X-Auth-Token': '&lt;omitted&gt;'}
        Body: {"security_group_rule": {"tenant_id": "89d21c5658f44c60916e9d195dd5a138", "direction": "ingress", "security_group_id": "48af7b32-bc27-4ebc-b268-b156364d9ee7", "protocol": "icmp", "ethertype": "IPv6"}}
    Response - Headers: {'status': '201', 'content-length': '345', 'connection': 'close', 'date': 'Wed, 27 Jan 2016 00:09:01 GMT', 'content-type': 'application/json; charset=UTF-8', 'x-openstack-request-id': 'req-05d81501-b292-441d-8a3e-0dcd31edf840'}
        Body: {"security_group_rule": {"remote_group_id": null, "direction": "ingress", "remote_ip_prefix": null, "protocol": "icmp", "ethertype": "IPv6", "tenant_id": "89d21c5658f44c60916e9d195dd5a138", "port_range_max": null, "port_range_min": null, "id": "29e325e2-7e68-4aa1-af1b-ccf36a4588ef", "security_group_id": "48af7b32-bc27-4ebc-b268-b156364d9ee7"}}
2016-01-27 00:09:01,627 20063 INFO     [tempest_lib.common.rest_client] Request (TestNetworkBasicOps:test_update_instance_port_admin_state): 201 POST http://10.4.1.3:9696/v2.0/security-group-rules 0.121s
2016-01-27 00:09:01,628 20063 DEBUG    [tempest_lib.common.rest_client] Request - Headers: {'Content-Type': 'application/json', 'Accept': 'application/json', 'X-Auth-Token': '&lt;omitted&gt;'}
        Body: {"security_group_rule": {"tenant_id": "89d21c5658f44c60916e9d195dd5a138", "direction": "egress", "security_group_id": "48af7b32-bc27-4ebc-b268-b156364d9ee7", "protocol": "icmp", "ethertype": "IPv6"}}
    Response - Headers: {'status': '201', 'content-length': '344', 'connection': 'close', 'date': 'Wed, 27 Jan 2016 00:09:01 GMT', 'content-type': 'application/json; charset=UTF-8', 'x-openstack-request-id': 'req-3fd4516d-852d-4243-82c0-6798cb02fbff'}
        Body: {"security_group_rule": {"remote_group_id": null, "direction": "egress", "remote_ip_prefix": null, "protocol": "icmp", "ethertype": "IPv6", "tenant_id": "89d21c5658f44c60916e9d195dd5a138", "port_range_max": null, "port_range_min": null, "id": "a83cabb4-fc72-4412-b144-a9d0c012569f", "security_group_id": "48af7b32-bc27-4ebc-b268-b156364d9ee7"}}
2016-01-27 00:09:01,784 20063 INFO     [tempest_lib.common.rest_client] Request (TestNetworkBasicOps:test_update_instance_port_admin_state): 201 POST http://10.4.1.3:9696/v2.0/networks 0.154s
2016-01-27 00:09:01,785 20063 DEBUG    [tempest_lib.common.rest_client] Request - Headers: {'Content-Type': 'application/json', 'Accept': 'application/json', 'X-Auth-Token': '&lt;omitted&gt;'}
        Body: {"network": {"tenant_id": "89d21c5658f44c60916e9d195dd5a138", "name": "tempest-network-smoke--1948588597"}}
    Response - Headers: {'status': '201', 'content-length': '299', 'connection': 'close', 'date': 'Wed, 27 Jan 2016 00:09:01 GMT', 'content-type': 'application/json; charset=UTF-8', 'x-openstack-request-id': 'req-0ad56158-15a3-4380-8cc4-ca01056c83a6'}
        Body: {"network": {"status": "ACTIVE", "subnets": [], "name": "tempest-network-smoke--1948588597", "admin_state_up": true, "tenant_id": "89d21c5658f44c60916e9d195dd5a138", "mtu": 1450, "router:external": false, "shared": false, "port_security_enabled": true, "id": "1e5f413f-c3a3-49a8-a9e9-fce0ff29eb74"}}
2016-01-27 00:09:01,859 20063 INFO     [tempest_lib.common.rest_client] Request (TestNetworkBasicOps:test_update_instance_port_admin_state): 201 POST http://10.4.1.3:9696/v2.0/routers 0.073s
2016-01-27 00:09:01,859 20063 DEBUG    [tempest_lib.common.rest_client] Request - Headers: {'Content-Type': 'application/json', 'Accept': 'application/json', 'X-Auth-Token': '&lt;omitted&gt;'}
        Body: {"router": {"tenant_id": "89d21c5658f44c60916e9d195dd5a138", "name": "tempest-router-smoke-1296124041", "admin_state_up": true}}
    Response - Headers: {'status': '201', 'content-length': '239', 'connection': 'close', 'date': 'Wed, 27 Jan 2016 00:09:01 GMT', 'content-type': 'application/json; charset=UTF-8', 'x-openstack-request-id': 'req-f627e51c-b526-4eaf-bc53-1060751c9ce7'}
        Body: {"router": {"status": "ACTIVE", "external_gateway_info": null, "name": "tempest-router-smoke-1296124041", "admin_state_up": true, "tenant_id": "89d21c5658f44c60916e9d195dd5a138", "routes": [], "id": "e3badac1-16ea-4eb7-9162-33b04175a6b3"}}
2016-01-27 00:09:01,903 20063 INFO     [tempest_lib.common.rest_client] Request (TestNetworkBasicOps:test_update_instance_port_admin_state): 200 GET http://10.4.1.3:9696/v2.0/routers/e3badac1-16ea-4eb7-9162-33b04175a6b3 0.042s
2016-01-27 00:09:01,904 20063 DEBUG    [tempest_lib.common.rest_client] Request - Headers: {'Content-Type': 'application/json', 'Accept': 'application/json', 'X-Auth-Token': '&lt;omitted&gt;'}
        Body: None
    Response - Headers: {'status': '200', 'content-length': '239', 'content-location': 'http://10.4.1.3:9696/v2.0/routers/e3badac1-16ea-4eb7-9162-33b04175a6b3', 'connection': 'close', 'date': 'Wed, 27 Jan 2016 00:09:01 GMT', 'content-type': 'application/json; charset=UTF-8', 'x-openstack-request-id': 'req-7225b5de-6a47-421c-ade6-3bd013a38860'}
        Body: {"router": {"status": "ACTIVE", "external_gateway_info": null, "name": "tempest-router-smoke-1296124041", "admin_state_up": true, "tenant_id": "89d21c5658f44c60916e9d195dd5a138", "routes": [], "id": "e3badac1-16ea-4eb7-9162-33b04175a6b3"}}
2016-01-27 00:09:02,439 20063 INFO     [tempest_lib.common.rest_client] Request (TestNetworkBasicOps:test_update_instance_port_admin_state): 200 PUT http://10.4.1.3:9696/v2.0/routers/e3badac1-16ea-4eb7-9162-33b04175a6b3 0.534s
2016-01-27 00:09:02,440 20063 DEBUG    [tempest_lib.common.rest_client] Request - Headers: {'Content-Type': 'application/json', 'Accept': 'application/json', 'X-Auth-Token': '&lt;omitted&gt;'}
        Body: {"router": {"external_gateway_info": {"network_id": "906aa945-8283-4737-8023-fb6de8f7c6c4"}, "name": "tempest-router-smoke-1296124041", "admin_state_up": true}}
    Response - Headers: {'status': '200', 'content-length': '503', 'connection': 'close', 'date': 'Wed, 27 Jan 2016 00:09:02 GMT', 'content-type': 'application/json; charset=UTF-8', 'x-openstack-request-id': 'req-db696ff4-0e67-446c-8b42-441b28779246'}
        Body: {"router": {"status": "ACTIVE", "external_gateway_info": {"network_id": "906aa945-8283-4737-8023-fb6de8f7c6c4", "enable_snat": true, "external_fixed_ips": [{"subnet_id": "4e5ac7fc-8098-4e5f-ae95-7cbfd31634c7", "ip_address": "172.24.4.17"}, {"subnet_id": "fc8203aa-cd3c-4efa-9637-ec9303dd176a", "ip_address": "2001:db8::11"}]}, "name": "tempest-router-smoke-1296124041", "admin_state_up": true, "tenant_id": "89d21c5658f44c60916e9d195dd5a138", "routes": [], "id": "e3badac1-16ea-4eb7-9162-33b04175a6b3"}}
2016-01-27 00:09:02,470 20063 INFO     [tempest_lib.common.rest_client] Request (TestNetworkBasicOps:test_update_instance_port_admin_state): 200 GET http://10.4.1.3:9696/v2.0/subnets?tenant_id=89d21c5658f44c60916e9d195dd5a138&amp;cidr=10.100.0.0%2F28 0.027s
2016-01-27 00:09:02,470 20063 DEBUG    [tempest_lib.common.rest_client] Request - Headers: {'Content-Type': 'application/json', 'Accept': 'application/json', 'X-Auth-Token': '&lt;omitted&gt;'}
        Body: None
    Response - Headers: {'status': '200', 'content-length': '15', 'content-location': 'http://10.4.1.3:9696/v2.0/subnets?tenant_id=89d21c5658f44c60916e9d195dd5a138&amp;cidr=10.100.0.0%2F28', 'connection': 'close', 'date': 'Wed, 27 Jan 2016 00:09:02 GMT', 'content-type': 'application/json; charset=UTF-8', 'x-openstack-request-id': 'req-5ed27046-2c2f-4987-a46d-93a4d5936129'}
        Body: {"subnets": []}
2016-01-27 00:09:02,711 20063 INFO     [tempest_lib.common.rest_client] Request (TestNetworkBasicOps:test_update_instance_port_admin_state): 201 POST http://10.4.1.3:9696/v2.0/subnets 0.241s
2016-01-27 00:09:02,712 20063 DEBUG    [tempest_lib.common.rest_client] Request - Headers: {'Content-Type': 'application/json', 'Accept': 'application/json', 'X-Auth-Token': '&lt;omitted&gt;'}
        Body: {"subnet": {"ip_version": 4, "tenant_id": "89d21c5658f44c60916e9d195dd5a138", "cidr": "10.100.0.0/28", "network_id": "1e5f413f-c3a3-49a8-a9e9-fce0ff29eb74", "name": "tempest-subnet-smoke-1732544612"}}
    Response - Headers: {'status': '201', 'content-length': '478', 'connection': 'close', 'date': 'Wed, 27 Jan 2016 00:09:02 GMT', 'content-type': 'application/json; charset=UTF-8', 'x-openstack-request-id': 'req-48021030-51c0-4c72-86c2-9455cf5bf172'}
        Body: {"subnet": {"name": "tempest-subnet-smoke-1732544612", "enable_dhcp": true, "network_id": "1e5f413f-c3a3-49a8-a9e9-fce0ff29eb74", "tenant_id": "89d21c5658f44c60916e9d195dd5a138", "dns_nameservers": [], "gateway_ip": "10.100.0.1", "ipv6_ra_mode": null, "allocation_pools": [{"start": "10.100.0.2", "end": "10.100.0.14"}], "host_routes": [], "ip_version": 4, "ipv6_address_mode": null, "cidr": "10.100.0.0/28", "id": "ef138af9-29bb-4a25-a442-505d1c60198d", "subnetpool_id": null}}
2016-01-27 00:09:03,122 20063 INFO     [tempest_lib.common.rest_client] Request (TestNetworkBasicOps:test_update_instance_port_admin_state): 200 PUT http://10.4.1.3:9696/v2.0/routers/e3badac1-16ea-4eb7-9162-33b04175a6b3/add_router_interface 0.409s
2016-01-27 00:09:03,123 20063 DEBUG    [tempest_lib.common.rest_client] Request - Headers: {'Content-Type': 'application/json', 'Accept': 'application/json', 'X-Auth-Token': '&lt;omitted&gt;'}
        Body: {"subnet_id": "ef138af9-29bb-4a25-a442-505d1c60198d"}
    Response - Headers: {'status': '200', 'content-length': '255', 'connection': 'close', 'date': 'Wed, 27 Jan 2016 00:09:03 GMT', 'content-type': 'application/json; charset=UTF-8', 'x-openstack-request-id': 'req-bb9dc130-17b9-40a3-ac90-da16e3c1d08b'}
        Body: {"subnet_id": "ef138af9-29bb-4a25-a442-505d1c60198d", "tenant_id": "89d21c5658f44c60916e9d195dd5a138", "subnet_ids": ["ef138af9-29bb-4a25-a442-505d1c60198d"], "port_id": "cf8d1ff9-b655-4027-9543-3084a6ecf128", "id": "e3badac1-16ea-4eb7-9162-33b04175a6b3"}
2016-01-27 00:09:03,164 20063 INFO     [tempest_lib.common.rest_client] Request (TestNetworkBasicOps:test_update_instance_port_admin_state): 200 GET http://10.4.1.3:9696/v2.0/networks 0.040s
2016-01-27 00:09:03,165 20063 DEBUG    [tempest_lib.common.rest_client] Request - Headers: {'Content-Type': 'application/json', 'Accept': 'application/json', 'X-Auth-Token': '&lt;omitted&gt;'}
        Body: None
    Response - Headers: {'status': '200', 'content-length': '1327', 'content-location': 'http://10.4.1.3:9696/v2.0/networks', 'connection': 'close', 'date': 'Wed, 27 Jan 2016 00:09:03 GMT', 'content-type': 'application/json; charset=UTF-8', 'x-openstack-request-id': 'req-3319de1e-bf44-4f36-a395-2c4c71ea795c'}
        Body: {"networks": [{"status": "ACTIVE", "subnets": ["fc8203aa-cd3c-4efa-9637-ec9303dd176a", "4e5ac7fc-8098-4e5f-ae95-7cbfd31634c7"], "name": "public", "provider:physical_network": null, "admin_state_up": true, "tenant_id": "e9c9685942874dfcb1d4ba20f91b5039", "mtu": 1450, "router:external": true, "shared": false, "port_security_enabled": true, "provider:network_type": "vxlan", "id": "906aa945-8283-4737-8023-fb6de8f7c6c4", "provider:segmentation_id": 1083}, {"status": "ACTIVE", "subnets": ["ef138af9-29bb-4a25-a442-505d1c60198d"], "name": "tempest-network-smoke--1948588597", "provider:physical_network": null, "admin_state_up": true, "tenant_id": "89d21c5658f44c60916e9d195dd5a138", "mtu": 1450, "router:external": false, "shared": false, "port_security_enabled": true, "provider:network_type": "vxlan", "id": "1e5f413f-c3a3-49a8-a9e9-fce0ff29eb74", "provider:segmentation_id": 1034}, {"status": "ACTIVE", "subnets": ["7b0e0929-4dd5-4a83-a3bf-938619e7cf40", "92352449-14f8-45ac-9bb2-1f85f5e72f2a"], "name": "private", "provider:physical_network": null, "admin_state_up": true, "tenant_id": "a214e103a44b419288259ab123879615", "mtu": 1450, "router:external": false, "shared": false, "port_security_enabled": true, "provider:network_type": "vxlan", "id": "b222613d-3ef4-4c82-9774-134de945f632", "provider:segmentation_id": 1081}]}
2016-01-27 00:09:03,202 20063 INFO     [tempest_lib.common.rest_client] Request (TestNetworkBasicOps:test_update_instance_port_admin_state): 200 GET http://10.4.1.3:9696/v2.0/subnets 0.036s
2016-01-27 00:09:03,202 20063 DEBUG    [tempest_lib.common.rest_client] Request - Headers: {'Content-Type': 'application/json', 'Accept': 'application/json', 'X-Auth-Token': '&lt;omitted&gt;'}
        Body: None
    Response - Headers: {'status': '200', 'content-length': '2408', 'content-location': 'http://10.4.1.3:9696/v2.0/subnets', 'connection': 'close', 'date': 'Wed, 27 Jan 2016 00:09:03 GMT', 'content-type': 'application/json; charset=UTF-8', 'x-openstack-request-id': 'req-b6858a87-52fc-41de-ab83-1d556128775d'}
        Body: {"subnets": [{"name": "private-subnet", "enable_dhcp": true, "network_id": "b222613d-3ef4-4c82-9774-134de945f632", "tenant_id": "a214e103a44b419288259ab123879615", "dns_nameservers": [], "gateway_ip": "10.0.0.1", "ipv6_ra_mode": null, "allocation_pools": [{"start": "10.0.0.2", "end": "10.0.0.254"}], "host_routes": [], "ip_version": 4, "ipv6_address_mode": null, "cidr": "10.0.0.0/24", "id": "92352449-14f8-45ac-9bb2-1f85f5e72f2a", "subnetpool_id": null}, {"name": "tempest-subnet-smoke-1732544612", "enable_dhcp": true, "network_id": "1e5f413f-c3a3-49a8-a9e9-fce0ff29eb74", "tenant_id": "89d21c5658f44c60916e9d195dd5a138", "dns_nameservers": [], "gateway_ip": "10.100.0.1", "ipv6_ra_mode": null, "allocation_pools": [{"start": "10.100.0.2", "end": "10.100.0.14"}], "host_routes": [], "ip_version": 4, "ipv6_address_mode": null, "cidr": "10.100.0.0/28", "id": "ef138af9-29bb-4a25-a442-505d1c60198d", "subnetpool_id": null}, {"name": "ipv6-public-subnet", "enable_dhcp": false, "network_id": "906aa945-8283-4737-8023-fb6de8f7c6c4", "tenant_id": "e9c9685942874dfcb1d4ba20f91b5039", "dns_nameservers": [], "gateway_ip": "2001:db8::2", "ipv6_ra_mode": null, "allocation_pools": [{"start": "2001:db8::1", "end": "2001:db8::1"}, {"start": "2001:db8::3", "end": "2001:db8::ffff:ffff:ffff:ffff"}], "host_routes": [], "ip_version": 6, "ipv6_address_mode": null, "cidr": "2001:db8::/64", "id": "fc8203aa-cd3c-4efa-9637-ec9303dd176a", "subnetpool_id": null}, {"name": "public-subnet", "enable_dhcp": false, "network_id": "906aa945-8283-4737-8023-fb6de8f7c6c4", "tenant_id": "e9c9685942874dfcb1d4ba20f91b5039", "dns_nameservers": [], "gateway_ip": "172.24.4.1", "ipv6_ra_mode": null, "allocation_pools": [{"start": "172.24.4.2", "end": "172.24.4.254"}], "host_routes": [], "ip_version": 4, "ipv6_address_mode": null, "cidr": "172.24.4.0/24", "id": "4e5ac7fc-8098-4e5f-ae95-7cbfd31634c7", "subnetpool_id": null}, {"name": "ipv6-private-subnet", "enable_dhcp": true, "network_id": "b222613d-3ef4-4c82-9774-134de945f632", "tenant_id": "a214e103a44b419288259ab123879615", "dns_nameservers": [], "gateway_ip": "fdbe:7d24:1b4c::1", "ipv6_ra_mode": "slaac", "allocation_pools": [{"start": "fdbe:7d24:1b4c::2", "end": "fdbe:7d24:1b4c:0:ffff:ffff:ffff:ffff"}], "host_routes": [], "ip_version": 6, "ipv6_address_mode": "slaac", "cidr": "fdbe:7d24:1b4c::/64", "id": "7b0e0929-4dd5-4a83-a3bf-938619e7cf40", "subnetpool_id": null}]}
2016-01-27 00:09:03,250 20063 INFO     [tempest_lib.common.rest_client] Request (TestNetworkBasicOps:test_update_instance_port_admin_state): 200 GET http://10.4.1.3:9696/v2.0/routers 0.047s
2016-01-27 00:09:03,250 20063 DEBUG    [tempest_lib.common.rest_client] Request - Headers: {'Content-Type': 'application/json', 'Accept': 'application/json', 'X-Auth-Token': '&lt;omitted&gt;'}
        Body: None
    Response - Headers: {'status': '200', 'content-length': '1043', 'content-location': 'http://10.4.1.3:9696/v2.0/routers', 'connection': 'close', 'date': 'Wed, 27 Jan 2016 00:09:03 GMT', 'content-type': 'application/json; charset=UTF-8', 'x-openstack-request-id': 'req-97598d52-4512-4699-86b7-9fd1ef3a1368'}
        Body: {"routers": [{"status": "ACTIVE", "external_gateway_info": {"network_id": "906aa945-8283-4737-8023-fb6de8f7c6c4", "enable_snat": true, "external_fixed_ips": [{"subnet_id": "4e5ac7fc-8098-4e5f-ae95-7cbfd31634c7", "ip_address": "172.24.4.2"}, {"subnet_id": "fc8203aa-cd3c-4efa-9637-ec9303dd176a", "ip_address": "2001:db8::1"}]}, "name": "router1", "admin_state_up": true, "tenant_id": "a214e103a44b419288259ab123879615", "distributed": false, "routes": [], "ha": false, "id": "10d8ac18-2762-437e-9e93-35bf70be8bba"}, {"status": "ACTIVE", "external_gateway_info": {"network_id": "906aa945-8283-4737-8023-fb6de8f7c6c4", "enable_snat": true, "external_fixed_ips": [{"subnet_id": "4e5ac7fc-8098-4e5f-ae95-7cbfd31634c7", "ip_address": "172.24.4.17"}, {"subnet_id": "fc8203aa-cd3c-4efa-9637-ec9303dd176a", "ip_address": "2001:db8::11"}]}, "name": "tempest-router-smoke-1296124041", "admin_state_up": true, "tenant_id": "89d21c5658f44c60916e9d195dd5a138", "distributed": false, "routes": [], "ha": false, "id": "e3badac1-16ea-4eb7-9162-33b04175a6b3"}]}
2016-01-27 00:09:03,402 20063 INFO     [tempest_lib.common.rest_client] Request (TestNetworkBasicOps:test_update_instance_port_admin_state): 200 POST http://10.4.1.3:8774/v2.1/89d21c5658f44c60916e9d195dd5a138/os-keypairs 0.151s
2016-01-27 00:09:03,403 20063 DEBUG    [tempest_lib.common.rest_client] Request - Headers: {'Content-Type': 'application/json', 'Accept': 'application/json', 'X-Auth-Token': '&lt;omitted&gt;'}
        Body: {"keypair": {"name": "tempest-TestNetworkBasicOps-1005276866"}}
    Response - Headers: {'status': '200', 'content-length': '2321', 'x-compute-request-id': 'req-1427768f-8742-4009-8081-1095259f20ae', 'vary': 'X-OpenStack-Nova-API-Version', 'connection': 'close', 'x-openstack-nova-api-version': '2.1', 'date': 'Wed, 27 Jan 2016 00:09:03 GMT', 'content-type': 'application/json'}
        Body: {"keypair": {"public_key": "ssh-rsa AAAAB3NzaC1yc2EAAAADAQABAAABAQCpB2PuJG0Ug7400BymXltShFGTGSAz0GP6ZQc0ms/d4ZYBZJ7Hn23ThsPYrRe4JbRP/LuJEeOfFN99nfVvKTMqYvayFJvf5n/Kfk8hOnEdeRocsHFUJ3re7PEaIj3xHkGatuDVhD+j4K6/laHToPLtMVFtvJ2Fnxtsbg0qJhGKge8o+PXqEUoujKyZ3HPG2oEGmuKxc92wc5texY+2A6bP5ZEQSyzq2J0odynwJ+svhrNry1vFr9tAu/ugDfyv3o/Q7paX/JWyQSz7Jtzzz4Ibk8FZZb55DD9+F1ElyWTqN7ABNnTjsCFHLDJpUY006yY7R9xkI1K27S/+lcM45Wgl Generated-by-Nova", "private_key": "-----BEGIN RSA PRIVATE KEY-----\nMIIEqAIBAAKCAQEAqQdj7iRtFIO+NNAcpl5bUoRRkxkgM9Bj+mUHNJrP3eGWAWSe\nx59t04bD2K0XuCW0T/y7iRHjnxTffZ31bykzKmL2shSb3+Z/yn5PITpxHXkaHLBx\nVCd63uzxGiI98R5Bmrbg1YQ/o+Cuv5Wh06Dy7TFRbbydhZ8bbG4NKiYRioHvKPj1\n6hFKLoysmdxzxtqBBprisXPdsHObXsWPtgOmz+WREEss6tidKHcp8CfrL4aza8tb\nxa/bQLv7oA38r96P0O6Wl/yVskEs+ybc88+CG5PBWWW+eQw/fhdRJclk6jewATZ0\n47AhRywyaVGNNOsmO0fcZCNStu0v/pXDOOVoJQIDAQABAoIBAQChIlZ1U2xZPi45\nEpv9Tb4pL9LENBOq0WI99cmksGCw2Lizo0RqcOW13KcfDAOsnOUDy57L0K35nWBg\n1BCBY/lO0wDySws9qvLwCvFMb/YdbrEh4GJpIynTEnXVwAbksT9BSk2Tvnscsrhk\nEzUuFiT/USCbSE+ybjcqas9J+viF3ELAhLhwgAtOKO+tmJbnQOWihtwDxz5xRD8b\noqn4NZ5NbdfqslZL+RT5P8FRJ7ub5QGIqKucDNWgJ71zITOnRNVQ8PDYyf/SAdA7\n52W7UMF7XqU7fEbi4MfpJPT36YPXBf3AfgVlZutCtnL9y03dQS3D1Y6QleuBdZCs\n3dhR1+2RAoIAgQDDFShWEpPOtkj/4Oqw7TvYCBtpU/bv1Sj9r2VxbUHOVTkov+QE\nywQ36EfIW5duBYxpKU6icr2QkbQA5+Y8dO3BHYxq/eOjG6VsoEpyuMuz5EFf4A7g\nIvNidCNkloDPSebFdV2ODc/PtZ3HOURZ6VGmsp9jrfPHTm8IX6z+s6pIewKCAIEA\n3c+AmmD4T9zRXHtIcoWam6vSwlchsRAbOua33Yfgv1cjgp5HyBm8KrHuRLaaTbcx\nppAiqHz8WTfFEU9P5U2bccKuyaFMKi8la7EoS5ozEmYykJIqGM3QLWzlwRKb2SK5\n5JHt0wnQ1+31MfwNWWq2WV+BPV65oeXwkRDghLsOP98CggCATNraAEbjWk2wJraa\nX0enCu3utqkwoL3On1rpUS1k/n/OvAIVN9oveEMXfJSw7NRcw9VVOGSR0BHG45B4\nwRqjzC/y8PfDJbAvlML1cYriHaXwJ3BjC+RZFFGC3A77Ai8wLlyVlfBVDZSUazdh\neTaVR2IZrzCJ2NxKm/btdY6cqF8CggCAbLGJUJ1iMSiBQ7N6DfyghdZOQkOWVAET\nhuqWgS1bmgfmc9SCUnEh/z4QB4X/2UODRh7tjOkqc8HbhR77hN9h4/5FzrKG80kF\nKl+24k1e545DCwtFK8B3Wjs530HyMxZMR9Cm3Tq7J4UJGYRtOjsLvoIJf/xSNR7L\noxrFGuXbFrsCggCAa3XU4xLUeNm/scep2nDWlJ08YazjBuMobyFzqR3GQuwMcPSI\n8VzbZ8Kidud5Zur3/Oy667L2iA9hXrSVq/RZuVYdCXfYMGYX2dEvonWWse3i9Tu0\nawTQKUWTLrPj6nC9lNskzE7aer5J7kIWuhmL1T2sJxGoDppGZmfc3NfSp8w=\n-----END RSA PRIVATE KEY-----\n", "user_id": "f7295b26df7d4fa8a98c894eaf2eec84", "name": "tempest-TestNetworkBasicOps-1005276866", "fingerprint": "3d:43:f8:be:8e:97:f8:a3:bf:b7:24:3c:a4:f9:89:28"}}
2016-01-27 00:09:03,515 20063 INFO     [tempest_lib.common.rest_client] Request (TestNetworkBasicOps:test_update_instance_port_admin_state): 200 POST http://10.4.1.3:5000/v2.0/tokens
2016-01-27 00:09:03,515 20063 DEBUG    [tempest_lib.common.rest_client] Request - Headers: {'Content-Type': 'application/json', 'Accept': 'application/json'}
        Body: &lt;omitted&gt;
    Response - Headers: {'status': '200', 'content-length': '2510', 'vary': 'X-Auth-Token', 'server': 'Apache/2.4.7 (Ubuntu)', 'connection': 'close', 'date': 'Wed, 27 Jan 2016 00:09:03 GMT', 'content-type': 'application/json', 'x-openstack-request-id': 'req-6c0f8da0-c04d-48f6-9892-c9218f138997'}
        Body: {"access": {"token": {"issued_at": "2016-01-27T00:09:03.500761", "expires": "2016-01-27T01:09:03Z", "id": "561cd46494da4b178df26f65c89ab81b", "tenant": {"description": "tempest-TestNetworkBasicOps-1595750536-desc", "enabled": true, "id": "89d21c5658f44c60916e9d195dd5a138", "name": "tempest-TestNetworkBasicOps-1595750536"}, "audit_ids": ["5wRQSxnpTVS95mRQZ1A8BQ"]}, "serviceCatalog": [{"endpoints": [{"adminURL": "http://10.4.1.3:8774/v2.1/89d21c5658f44c60916e9d195dd5a138", "region": "RegionOne", "internalURL": "http://10.4.1.3:8774/v2.1/89d21c5658f44c60916e9d195dd5a138", "id": "848f4da96c7a4969976511d8a7c63086", "publicURL": "http://10.4.1.3:8774/v2.1/89d21c5658f44c60916e9d195dd5a138"}], "endpoints_links": [], "type": "compute", "name": "nova"}, {"endpoints": [{"adminURL": "http://10.4.1.3:9696/", "region": "RegionOne", "internalURL": "http://10.4.1.3:9696/", "id": "971f855b485547a395f0e21f0cb1118c", "publicURL": "http://10.4.1.3:9696/"}], "endpoints_links": [], "type": "network", "name": "neutron"}, {"endpoints": [{"adminURL": "http://10.4.1.3:9292", "region": "RegionOne", "internalURL": "http://10.4.1.3:9292", "id": "03a255640ad94c299a55b37b9239c2fd", "publicURL": "http://10.4.1.3:9292"}], "endpoints_links": [], "type": "image", "name": "glance"}, {"endpoints": [{"adminURL": "http://10.4.1.3:8774/v2/89d21c5658f44c60916e9d195dd5a138", "region": "RegionOne", "internalURL": "http://10.4.1.3:8774/v2/89d21c5658f44c60916e9d195dd5a138", "id": "17317a93bfd14ace820a2ef6624a38a8", "publicURL": "http://10.4.1.3:8774/v2/89d21c5658f44c60916e9d195dd5a138"}], "endpoints_links": [], "type": "compute_legacy", "name": "nova_legacy"}, {"endpoints": [{"adminURL": "http://10.4.1.3:8773/", "region": "RegionOne", "internalURL": "http://10.4.1.3:8773/", "id": "c1409f792cc94ba1af3830a6ff7024de", "publicURL": "http://10.4.1.3:8773/"}], "endpoints_links": [], "type": "ec2", "name": "ec2"}, {"endpoints": [{"adminURL": "http://10.4.1.3:35357/v2.0", "region": "RegionOne", "internalURL": "http://10.4.1.3:5000/v2.0", "id": "3bad467f5f7e4d6d9623af0f5d64a17f", "publicURL": "http://10.4.1.3:5000/v2.0"}], "endpoints_links": [], "type": "identity", "name": "keystone"}], "user": {"username": "tempest-TestNetworkBasicOps-913752352", "roles_links": [], "id": "f7295b26df7d4fa8a98c894eaf2eec84", "roles": [{"name": "_member_"}, {"name": "Member"}], "name": "tempest-TestNetworkBasicOps-913752352"}, "metadata": {"is_admin": 0, "roles": ["9fe2ff9ee4384b1894a90878d3e92bab", "392258eb84d1460fbfe388129d727b20"]}}}
2016-01-27 00:09:03,521 20063 DEBUG    [tempest.common.fixed_network] (TestNetworkBasicOps:test_update_instance_port_admin_state) No valid network provided or created, defaulting to fixed_network_name
2016-01-27 00:09:03,739 20063 INFO     [tempest_lib.common.rest_client] Request (TestNetworkBasicOps:test_update_instance_port_admin_state): 200 GET http://10.4.1.3:8774/v2.1/89d21c5658f44c60916e9d195dd5a138/os-networks 0.217s
2016-01-27 00:09:03,740 20063 DEBUG    [tempest_lib.common.rest_client] Request - Headers: {'Content-Type': 'application/json', 'Accept': 'application/json', 'X-Auth-Token': '&lt;omitted&gt;'}
        Body: None
    Response - Headers: {'status': '200', 'content-length': '479', 'content-location': 'http://10.4.1.3:8774/v2.1/89d21c5658f44c60916e9d195dd5a138/os-networks', 'x-compute-request-id': 'req-77f5120f-24bf-410b-96db-0c91acc6cdd3', 'vary': 'X-OpenStack-Nova-API-Version', 'connection': 'close', 'x-openstack-nova-api-version': '2.1', 'date': 'Wed, 27 Jan 2016 00:09:03 GMT', 'content-type': 'application/json'}
        Body: {"networks": [{"cidr_v6": null, "dns2": null, "dns1": null, "gateway": null, "broadcast": null, "netmask": null, "gateway_v6": null, "cidr": null, "label": "public", "id": "906aa945-8283-4737-8023-fb6de8f7c6c4", "netmask_v6": null}, {"cidr_v6": null, "dns2": null, "dns1": null, "gateway": null, "broadcast": null, "netmask": null, "gateway_v6": null, "cidr": null, "label": "tempest-network-smoke--1948588597", "id": "1e5f413f-c3a3-49a8-a9e9-fce0ff29eb74", "netmask_v6": null}]}
2016-01-27 00:09:03,740 20063 WARNING  [tempest.common.fixed_network] (TestNetworkBasicOps:test_update_instance_port_admin_state) Network with name: private not found
2016-01-27 00:09:03,741 20063 INFO     [tempest.common.fixed_network] (TestNetworkBasicOps:test_update_instance_port_admin_state) Found network {} available for tenant
2016-01-27 00:09:04,341 20063 INFO     [tempest_lib.common.rest_client] Request (TestNetworkBasicOps:test_update_instance_port_admin_state): 202 POST http://10.4.1.3:8774/v2.1/89d21c5658f44c60916e9d195dd5a138/servers 0.599s
2016-01-27 00:09:04,341 20063 DEBUG    [tempest_lib.common.rest_client] Request - Headers: {'Content-Type': 'application/json', 'Accept': 'application/json', 'X-Auth-Token': '&lt;omitted&gt;'}
        Body: {"server": {"name": "tempest-server-smoke-1092589821", "imageRef": "636beee7-4e3f-493a-bee3-bc9d77dd4975", "key_name": "tempest-TestNetworkBasicOps-1005276866", "flavorRef": "42", "networks": [{"uuid": "1e5f413f-c3a3-49a8-a9e9-fce0ff29eb74"}], "security_groups": [{"name": "tempest-secgroup-smoke-842183263"}]}}
    Response - Headers: {'status': '202', 'content-length': '459', 'x-compute-request-id': 'req-fef28a23-ed7f-460e-86cb-da8bb1dea95f', 'vary': 'X-OpenStack-Nova-API-Version', 'connection': 'close', 'location': 'http://10.4.1.3:8774/v2.1/89d21c5658f44c60916e9d195dd5a138/servers/25b57473-487e-4055-896a-3446d1966291', 'x-openstack-nova-api-version': '2.1', 'date': 'Wed, 27 Jan 2016 00:09:04 GMT', 'content-type': 'application/json'}
        Body: {"server": {"security_groups": [{"name": "tempest-secgroup-smoke-842183263"}], "OS-DCF:diskConfig": "MANUAL", "id": "25b57473-487e-4055-896a-3446d1966291", "links": [{"href": "http://10.4.1.3:8774/v2.1/89d21c5658f44c60916e9d195dd5a138/servers/25b57473-487e-4055-896a-3446d1966291", "rel": "self"}, {"href": "http://10.4.1.3:8774/89d21c5658f44c60916e9d195dd5a138/servers/25b57473-487e-4055-896a-3446d1966291", "rel": "bookmark"}], "adminPass": "ie49cgmLKM4N"}}
2016-01-27 00:09:04,527 20063 INFO     [tempest_lib.common.rest_client] Request (TestNetworkBasicOps:test_update_instance_port_admin_state): 200 GET http://10.4.1.3:8774/v2.1/89d21c5658f44c60916e9d195dd5a138/servers/25b57473-487e-4055-896a-3446d1966291 0.182s
2016-01-27 00:09:04,527 20063 DEBUG    [tempest_lib.common.rest_client] Request - Headers: {'Content-Type': 'application/json', 'Accept': 'application/json', 'X-Auth-Token': '&lt;omitted&gt;'}
        Body: None
    Response - Headers: {'status': '200', 'content-length': '1341', 'content-location': 'http://10.4.1.3:8774/v2.1/89d21c5658f44c60916e9d195dd5a138/servers/25b57473-487e-4055-896a-3446d1966291', 'x-compute-request-id': 'req-5bcf1402-115d-4858-82ae-7c2ef10cb1ef', 'vary': 'X-OpenStack-Nova-API-Version', 'connection': 'close', 'x-openstack-nova-api-version': '2.1', 'date': 'Wed, 27 Jan 2016 00:09:04 GMT', 'content-type': 'application/json'}
        Body: {"server": {"status": "BUILD", "updated": "2016-01-27T00:09:04Z", "hostId": "", "addresses": {}, "links": [{"href": "http://10.4.1.3:8774/v2.1/89d21c5658f44c60916e9d195dd5a138/servers/25b57473-487e-4055-896a-3446d1966291", "rel": "self"}, {"href": "http://10.4.1.3:8774/89d21c5658f44c60916e9d195dd5a138/servers/25b57473-487e-4055-896a-3446d1966291", "rel": "bookmark"}], "key_name": "tempest-TestNetworkBasicOps-1005276866", "image": {"id": "636beee7-4e3f-493a-bee3-bc9d77dd4975", "links": [{"href": "http://10.4.1.3:8774/89d21c5658f44c60916e9d195dd5a138/images/636beee7-4e3f-493a-bee3-bc9d77dd4975", "rel": "bookmark"}]}, "OS-EXT-STS:task_state": "scheduling", "OS-EXT-STS:vm_state": "building", "OS-SRV-USG:launched_at": null, "flavor": {"id": "42", "links": [{"href": "http://10.4.1.3:8774/89d21c5658f44c60916e9d195dd5a138/flavors/42", "rel": "bookmark"}]}, "id": "25b57473-487e-4055-896a-3446d1966291", "OS-SRV-USG:terminated_at": null, "OS-EXT-AZ:availability_zone": "", "user_id": "f7295b26df7d4fa8a98c894eaf2eec84", "name": "tempest-server-smoke-1092589821", "created": "2016-01-27T00:09:04Z", "tenant_id": "89d21c5658f44c60916e9d195dd5a138", "OS-DCF:diskConfig": "MANUAL", "os-extended-volumes:volumes_attached": [], "accessIPv4": "", "accessIPv6": "", "progress": 0, "OS-EXT-STS:power_state": 0, "config_drive": "", "metadata": {}}}
2016-01-27 00:09:05,853 20063 INFO     [tempest_lib.common.rest_client] Request (TestNetworkBasicOps:test_update_instance_port_admin_state): 200 GET http://10.4.1.3:8774/v2.1/89d21c5658f44c60916e9d195dd5a138/servers/25b57473-487e-4055-896a-3446d1966291 0.316s
2016-01-27 00:09:05,853 20063 DEBUG    [tempest_lib.common.rest_client] Request - Headers: {'Content-Type': 'application/json', 'Accept': 'application/json', 'X-Auth-Token': '&lt;omitted&gt;'}
        Body: None
    Response - Headers: {'status': '200', 'content-length': '1466', 'content-location': 'http://10.4.1.3:8774/v2.1/89d21c5658f44c60916e9d195dd5a138/servers/25b57473-487e-4055-896a-3446d1966291', 'x-compute-request-id': 'req-c4855110-14b0-4df6-acf4-3ed74cf57a88', 'vary': 'X-OpenStack-Nova-API-Version', 'connection': 'close', 'x-openstack-nova-api-version': '2.1', 'date': 'Wed, 27 Jan 2016 00:09:05 GMT', 'content-type': 'application/json'}
        Body: {"server": {"status": "BUILD", "updated": "2016-01-27T00:09:05Z", "hostId": "63c117d815ca590a8133ec9e14dbd35dffbdef27967912eca5049f9b", "addresses": {}, "links": [{"href": "http://10.4.1.3:8774/v2.1/89d21c5658f44c60916e9d195dd5a138/servers/25b57473-487e-4055-896a-3446d1966291", "rel": "self"}, {"href": "http://10.4.1.3:8774/89d21c5658f44c60916e9d195dd5a138/servers/25b57473-487e-4055-896a-3446d1966291", "rel": "bookmark"}], "key_name": "tempest-TestNetworkBasicOps-1005276866", "image": {"id": "636beee7-4e3f-493a-bee3-bc9d77dd4975", "links": [{"href": "http://10.4.1.3:8774/89d21c5658f44c60916e9d195dd5a138/images/636beee7-4e3f-493a-bee3-bc9d77dd4975", "rel": "bookmark"}]}, "OS-EXT-STS:task_state": "spawning", "OS-EXT-STS:vm_state": "building", "OS-SRV-USG:launched_at": null, "flavor": {"id": "42", "links": [{"href": "http://10.4.1.3:8774/89d21c5658f44c60916e9d195dd5a138/flavors/42", "rel": "bookmark"}]}, "id": "25b57473-487e-4055-896a-3446d1966291", "security_groups": [{"name": "tempest-secgroup-smoke-842183263"}], "OS-SRV-USG:terminated_at": null, "OS-EXT-AZ:availability_zone": "nova", "user_id": "f7295b26df7d4fa8a98c894eaf2eec84", "name": "tempest-server-smoke-1092589821", "created": "2016-01-27T00:09:04Z", "tenant_id": "89d21c5658f44c60916e9d195dd5a138", "OS-DCF:diskConfig": "MANUAL", "os-extended-volumes:volumes_attached": [], "accessIPv4": "", "accessIPv6": "", "progress": 0, "OS-EXT-STS:power_state": 0, "config_drive": "", "metadata": {}}}
2016-01-27 00:09:05,862 20063 INFO     [tempest.common.waiters] State transition "BUILD/scheduling" ==&gt; "BUILD/spawning" after 1 second wait
2016-01-27 00:09:07,132 20063 INFO     [tempest_lib.common.rest_client] Request (TestNetworkBasicOps:test_update_instance_port_admin_state): 200 GET http://10.4.1.3:8774/v2.1/89d21c5658f44c60916e9d195dd5a138/servers/25b57473-487e-4055-896a-3446d1966291 0.266s
2016-01-27 00:09:07,132 20063 DEBUG    [tempest_lib.common.rest_client] Request - Headers: {'Content-Type': 'application/json', 'Accept': 'application/json', 'X-Auth-Token': '&lt;omitted&gt;'}
        Body: None
    Response - Headers: {'status': '200', 'content-length': '1466', 'content-location': 'http://10.4.1.3:8774/v2.1/89d21c5658f44c60916e9d195dd5a138/servers/25b57473-487e-4055-896a-3446d1966291', 'x-compute-request-id': 'req-da2b5944-ad01-4d7d-9c3d-e307a6a67ee0', 'vary': 'X-OpenStack-Nova-API-Version', 'connection': 'close', 'x-openstack-nova-api-version': '2.1', 'date': 'Wed, 27 Jan 2016 00:09:07 GMT', 'content-type': 'application/json'}
        Body: {"server": {"status": "BUILD", "updated": "2016-01-27T00:09:05Z", "hostId": "63c117d815ca590a8133ec9e14dbd35dffbdef27967912eca5049f9b", "addresses": {}, "links": [{"href": "http://10.4.1.3:8774/v2.1/89d21c5658f44c60916e9d195dd5a138/servers/25b57473-487e-4055-896a-3446d1966291", "rel": "self"}, {"href": "http://10.4.1.3:8774/89d21c5658f44c60916e9d195dd5a138/servers/25b57473-487e-4055-896a-3446d1966291", "rel": "bookmark"}], "key_name": "tempest-TestNetworkBasicOps-1005276866", "image": {"id": "636beee7-4e3f-493a-bee3-bc9d77dd4975", "links": [{"href": "http://10.4.1.3:8774/89d21c5658f44c60916e9d195dd5a138/images/636beee7-4e3f-493a-bee3-bc9d77dd4975", "rel": "bookmark"}]}, "OS-EXT-STS:task_state": "spawning", "OS-EXT-STS:vm_state": "building", "OS-SRV-USG:launched_at": null, "flavor": {"id": "42", "links": [{"href": "http://10.4.1.3:8774/89d21c5658f44c60916e9d195dd5a138/flavors/42", "rel": "bookmark"}]}, "id": "25b57473-487e-4055-896a-3446d1966291", "security_groups": [{"name": "tempest-secgroup-smoke-842183263"}], "OS-SRV-USG:terminated_at": null, "OS-EXT-AZ:availability_zone": "nova", "user_id": "f7295b26df7d4fa8a98c894eaf2eec84", "name": "tempest-server-smoke-1092589821", "created": "2016-01-27T00:09:04Z", "tenant_id": "89d21c5658f44c60916e9d195dd5a138", "OS-DCF:diskConfig": "MANUAL", "os-extended-volumes:volumes_attached": [], "accessIPv4": "", "accessIPv6": "", "progress": 0, "OS-EXT-STS:power_state": 0, "config_drive": "", "metadata": {}}}
2016-01-27 00:09:08,334 20063 INFO     [tempest_lib.common.rest_client] Request (TestNetworkBasicOps:test_update_instance_port_admin_state): 200 GET http://10.4.1.3:8774/v2.1/89d21c5658f44c60916e9d195dd5a138/servers/25b57473-487e-4055-896a-3446d1966291 0.187s
2016-01-27 00:09:08,335 20063 DEBUG    [tempest_lib.common.rest_client] Request - Headers: {'Content-Type': 'application/json', 'Accept': 'application/json', 'X-Auth-Token': '&lt;omitted&gt;'}
        Body: None
    Response - Headers: {'status': '200', 'content-length': '1638', 'content-location': 'http://10.4.1.3:8774/v2.1/89d21c5658f44c60916e9d195dd5a138/servers/25b57473-487e-4055-896a-3446d1966291', 'x-compute-request-id': 'req-050cb691-543a-44ca-84a4-ffdc559c4bce', 'vary': 'X-OpenStack-Nova-API-Version', 'connection': 'close', 'x-openstack-nova-api-version': '2.1', 'date': 'Wed, 27 Jan 2016 00:09:08 GMT', 'content-type': 'application/json'}
        Body: {"server": {"status": "ACTIVE", "updated": "2016-01-27T00:09:07Z", "hostId": "63c117d815ca590a8133ec9e14dbd35dffbdef27967912eca5049f9b", "addresses": {"tempest-network-smoke--1948588597": [{"OS-EXT-IPS-MAC:mac_addr": "fa:16:3e:63:ad:d9", "version": 4, "addr": "10.100.0.3", "OS-EXT-IPS:type": "fixed"}]}, "links": [{"href": "http://10.4.1.3:8774/v2.1/89d21c5658f44c60916e9d195dd5a138/servers/25b57473-487e-4055-896a-3446d1966291", "rel": "self"}, {"href": "http://10.4.1.3:8774/89d21c5658f44c60916e9d195dd5a138/servers/25b57473-487e-4055-896a-3446d1966291", "rel": "bookmark"}], "key_name": "tempest-TestNetworkBasicOps-1005276866", "image": {"id": "636beee7-4e3f-493a-bee3-bc9d77dd4975", "links": [{"href": "http://10.4.1.3:8774/89d21c5658f44c60916e9d195dd5a138/images/636beee7-4e3f-493a-bee3-bc9d77dd4975", "rel": "bookmark"}]}, "OS-EXT-STS:task_state": null, "OS-EXT-STS:vm_state": "active", "OS-SRV-USG:launched_at": "2016-01-27T00:09:07.000000", "flavor": {"id": "42", "links": [{"href": "http://10.4.1.3:8774/89d21c5658f44c60916e9d195dd5a138/flavors/42", "rel": "bookmark"}]}, "id": "25b57473-487e-4055-896a-3446d1966291", "security_groups": [{"name": "tempest-secgroup-smoke-842183263"}], "OS-SRV-USG:terminated_at": null, "OS-EXT-AZ:availability_zone": "nova", "user_id": "f7295b26df7d4fa8a98c894eaf2eec84", "name": "tempest-server-smoke-1092589821", "created": "2016-01-27T00:09:04Z", "tenant_id": "89d21c5658f44c60916e9d195dd5a138", "OS-DCF:diskConfig": "MANUAL", "os-extended-volumes:volumes_attached": [], "accessIPv4": "", "accessIPv6": "", "progress": 0, "OS-EXT-STS:power_state": 1, "config_drive": "True", "metadata": {}}}
2016-01-27 00:09:08,343 20063 INFO     [tempest.common.waiters] State transition "BUILD/spawning" ==&gt; "ACTIVE/None" after 4 second wait
2016-01-27 00:09:08,533 20063 INFO     [tempest_lib.common.rest_client] Request (TestNetworkBasicOps:test_update_instance_port_admin_state): 200 GET http://10.4.1.3:8774/v2.1/89d21c5658f44c60916e9d195dd5a138/servers/25b57473-487e-4055-896a-3446d1966291 0.189s
2016-01-27 00:09:08,533 20063 DEBUG    [tempest_lib.common.rest_client] Request - Headers: {'Content-Type': 'application/json', 'Accept': 'application/json', 'X-Auth-Token': '&lt;omitted&gt;'}
        Body: None
    Response - Headers: {'status': '200', 'content-length': '1638', 'content-location': 'http://10.4.1.3:8774/v2.1/89d21c5658f44c60916e9d195dd5a138/servers/25b57473-487e-4055-896a-3446d1966291', 'x-compute-request-id': 'req-5242b6ec-5d02-433b-8fa3-c53ea6ad43b6', 'vary': 'X-OpenStack-Nova-API-Version', 'connection': 'close', 'x-openstack-nova-api-version': '2.1', 'date': 'Wed, 27 Jan 2016 00:09:08 GMT', 'content-type': 'application/json'}
        Body: {"server": {"status": "ACTIVE", "updated": "2016-01-27T00:09:07Z", "hostId": "63c117d815ca590a8133ec9e14dbd35dffbdef27967912eca5049f9b", "addresses": {"tempest-network-smoke--1948588597": [{"OS-EXT-IPS-MAC:mac_addr": "fa:16:3e:63:ad:d9", "version": 4, "addr": "10.100.0.3", "OS-EXT-IPS:type": "fixed"}]}, "links": [{"href": "http://10.4.1.3:8774/v2.1/89d21c5658f44c60916e9d195dd5a138/servers/25b57473-487e-4055-896a-3446d1966291", "rel": "self"}, {"href": "http://10.4.1.3:8774/89d21c5658f44c60916e9d195dd5a138/servers/25b57473-487e-4055-896a-3446d1966291", "rel": "bookmark"}], "key_name": "tempest-TestNetworkBasicOps-1005276866", "image": {"id": "636beee7-4e3f-493a-bee3-bc9d77dd4975", "links": [{"href": "http://10.4.1.3:8774/89d21c5658f44c60916e9d195dd5a138/images/636beee7-4e3f-493a-bee3-bc9d77dd4975", "rel": "bookmark"}]}, "OS-EXT-STS:task_state": null, "OS-EXT-STS:vm_state": "active", "OS-SRV-USG:launched_at": "2016-01-27T00:09:07.000000", "flavor": {"id": "42", "links": [{"href": "http://10.4.1.3:8774/89d21c5658f44c60916e9d195dd5a138/flavors/42", "rel": "bookmark"}]}, "id": "25b57473-487e-4055-896a-3446d1966291", "security_groups": [{"name": "tempest-secgroup-smoke-842183263"}], "OS-SRV-USG:terminated_at": null, "OS-EXT-AZ:availability_zone": "nova", "user_id": "f7295b26df7d4fa8a98c894eaf2eec84", "name": "tempest-server-smoke-1092589821", "created": "2016-01-27T00:09:04Z", "tenant_id": "89d21c5658f44c60916e9d195dd5a138", "OS-DCF:diskConfig": "MANUAL", "os-extended-volumes:volumes_attached": [], "accessIPv4": "", "accessIPv6": "", "progress": 0, "OS-EXT-STS:power_state": 1, "config_drive": "True", "metadata": {}}}
2016-01-27 00:09:08,542 20063 INFO     [tempest.scenario.manager] Tenant networks not configured to be reachable.
2016-01-27 00:09:08,575 20063 INFO     [tempest_lib.common.rest_client] Request (TestNetworkBasicOps:test_update_instance_port_admin_state): 200 GET http://10.4.1.3:9696/v2.0/ports?status=ACTIVE&amp;fixed_ip=None&amp;device_id=25b57473-487e-4055-896a-3446d1966291 0.032s
2016-01-27 00:09:08,575 20063 DEBUG    [tempest_lib.common.rest_client] Request - Headers: {'Content-Type': 'application/json', 'Accept': 'application/json', 'X-Auth-Token': '&lt;omitted&gt;'}
        Body: None
    Response - Headers: {'status': '200', 'content-length': '895', 'content-location': 'http://10.4.1.3:9696/v2.0/ports?status=ACTIVE&amp;fixed_ip=None&amp;device_id=25b57473-487e-4055-896a-3446d1966291', 'connection': 'close', 'date': 'Wed, 27 Jan 2016 00:09:08 GMT', 'content-type': 'application/json; charset=UTF-8', 'x-openstack-request-id': 'req-0ddac8fe-17f1-4df0-bb09-e6a5ec825aaf'}
        Body: {"ports": [{"status": "ACTIVE", "binding:host_id": "vagrant-ubuntu-trusty-64", "allowed_address_pairs": [], "extra_dhcp_opts": [], "dns_assignment": [{"hostname": "host-10-100-0-3", "ip_address": "10.100.0.3", "fqdn": "host-10-100-0-3.openstacklocal."}], "device_owner": "compute:None", "port_security_enabled": true, "binding:profile": {}, "fixed_ips": [{"subnet_id": "ef138af9-29bb-4a25-a442-505d1c60198d", "ip_address": "10.100.0.3"}], "id": "d2ffe213-031c-4aa3-a3f6-f2c68474e80d", "security_groups": ["48af7b32-bc27-4ebc-b268-b156364d9ee7"], "device_id": "25b57473-487e-4055-896a-3446d1966291", "name": "", "admin_state_up": true, "network_id": "1e5f413f-c3a3-49a8-a9e9-fce0ff29eb74", "dns_name": "", "binding:vif_details": {"port_filter": true}, "binding:vnic_type": "normal", "binding:vif_type": "ovs", "tenant_id": "89d21c5658f44c60916e9d195dd5a138", "mac_address": "fa:16:3e:63:ad:d9"}]}
2016-01-27 00:09:09,058 20063 INFO     [tempest_lib.common.rest_client] Request (TestNetworkBasicOps:test_update_instance_port_admin_state): 201 POST http://10.4.1.3:9696/v2.0/floatingips 0.482s
2016-01-27 00:09:09,058 20063 DEBUG    [tempest_lib.common.rest_client] Request - Headers: {'Content-Type': 'application/json', 'Accept': 'application/json', 'X-Auth-Token': '&lt;omitted&gt;'}
        Body: {"floatingip": {"floating_network_id": "906aa945-8283-4737-8023-fb6de8f7c6c4", "tenant_id": "89d21c5658f44c60916e9d195dd5a138", "fixed_ip_address": "10.100.0.3", "port_id": "d2ffe213-031c-4aa3-a3f6-f2c68474e80d"}}
    Response - Headers: {'status': '201', 'content-length': '368', 'connection': 'close', 'date': 'Wed, 27 Jan 2016 00:09:09 GMT', 'content-type': 'application/json; charset=UTF-8', 'x-openstack-request-id': 'req-743245c3-8d1c-42ba-ac06-471886da89c9'}
        Body: {"floatingip": {"floating_network_id": "906aa945-8283-4737-8023-fb6de8f7c6c4", "router_id": "e3badac1-16ea-4eb7-9162-33b04175a6b3", "fixed_ip_address": "10.100.0.3", "floating_ip_address": "172.24.4.18", "tenant_id": "89d21c5658f44c60916e9d195dd5a138", "status": "DOWN", "port_id": "d2ffe213-031c-4aa3-a3f6-f2c68474e80d", "id": "2724fc28-023a-4f9e-8961-5eda9ff36e6e"}}
2016-01-27 00:09:09,091 20063 INFO     [tempest_lib.common.rest_client] Request (TestNetworkBasicOps:test_update_instance_port_admin_state): 200 GET http://10.4.1.3:9696/v2.0/ports?device_id=25b57473-487e-4055-896a-3446d1966291 0.032s
2016-01-27 00:09:09,092 20063 DEBUG    [tempest_lib.common.rest_client] Request - Headers: {'Content-Type': 'application/json', 'Accept': 'application/json', 'X-Auth-Token': '&lt;omitted&gt;'}
        Body: None
    Response - Headers: {'status': '200', 'content-length': '895', 'content-location': 'http://10.4.1.3:9696/v2.0/ports?device_id=25b57473-487e-4055-896a-3446d1966291', 'connection': 'close', 'date': 'Wed, 27 Jan 2016 00:09:09 GMT', 'content-type': 'application/json; charset=UTF-8', 'x-openstack-request-id': 'req-2a7eb689-28a0-45f7-a5ec-eeb80ef3cbb0'}
        Body: {"ports": [{"status": "ACTIVE", "binding:host_id": "vagrant-ubuntu-trusty-64", "allowed_address_pairs": [], "extra_dhcp_opts": [], "dns_assignment": [{"hostname": "host-10-100-0-3", "ip_address": "10.100.0.3", "fqdn": "host-10-100-0-3.openstacklocal."}], "device_owner": "compute:None", "port_security_enabled": true, "binding:profile": {}, "fixed_ips": [{"subnet_id": "ef138af9-29bb-4a25-a442-505d1c60198d", "ip_address": "10.100.0.3"}], "id": "d2ffe213-031c-4aa3-a3f6-f2c68474e80d", "security_groups": ["48af7b32-bc27-4ebc-b268-b156364d9ee7"], "device_id": "25b57473-487e-4055-896a-3446d1966291", "name": "", "admin_state_up": true, "network_id": "1e5f413f-c3a3-49a8-a9e9-fce0ff29eb74", "dns_name": "", "binding:vif_details": {"port_filter": true}, "binding:vnic_type": "normal", "binding:vif_type": "ovs", "tenant_id": "89d21c5658f44c60916e9d195dd5a138", "mac_address": "fa:16:3e:63:ad:d9"}]}
2016-01-27 00:09:09,108 20063 INFO     [tempest_lib.common.rest_client] Request (TestNetworkBasicOps:test_update_instance_port_admin_state): 200 GET http://10.4.1.3:9696/v2.0/floatingips/2724fc28-023a-4f9e-8961-5eda9ff36e6e 0.014s
2016-01-27 00:09:09,108 20063 DEBUG    [tempest_lib.common.rest_client] Request - Headers: {'Content-Type': 'application/json', 'Accept': 'application/json', 'X-Auth-Token': '&lt;omitted&gt;'}
        Body: None
    Response - Headers: {'status': '200', 'content-length': '368', 'content-location': 'http://10.4.1.3:9696/v2.0/floatingips/2724fc28-023a-4f9e-8961-5eda9ff36e6e', 'connection': 'close', 'date': 'Wed, 27 Jan 2016 00:09:09 GMT', 'content-type': 'application/json; charset=UTF-8', 'x-openstack-request-id': 'req-f95e037a-c11b-45ee-bd65-34444f999bfc'}
        Body: {"floatingip": {"floating_network_id": "906aa945-8283-4737-8023-fb6de8f7c6c4", "router_id": "e3badac1-16ea-4eb7-9162-33b04175a6b3", "fixed_ip_address": "10.100.0.3", "floating_ip_address": "172.24.4.18", "tenant_id": "89d21c5658f44c60916e9d195dd5a138", "status": "DOWN", "port_id": "d2ffe213-031c-4aa3-a3f6-f2c68474e80d", "id": "2724fc28-023a-4f9e-8961-5eda9ff36e6e"}}
2016-01-27 00:09:10,123 20063 INFO     [tempest_lib.common.rest_client] Request (TestNetworkBasicOps:test_update_instance_port_admin_state): 200 GET http://10.4.1.3:9696/v2.0/floatingips/2724fc28-023a-4f9e-8961-5eda9ff36e6e 0.013s
2016-01-27 00:09:10,123 20063 DEBUG    [tempest_lib.common.rest_client] Request - Headers: {'Content-Type': 'application/json', 'Accept': 'application/json', 'X-Auth-Token': '&lt;omitted&gt;'}
        Body: None
    Response - Headers: {'status': '200', 'content-length': '370', 'content-location': 'http://10.4.1.3:9696/v2.0/floatingips/2724fc28-023a-4f9e-8961-5eda9ff36e6e', 'connection': 'close', 'date': 'Wed, 27 Jan 2016 00:09:10 GMT', 'content-type': 'application/json; charset=UTF-8', 'x-openstack-request-id': 'req-3e361570-fab7-4e8f-8ecf-37e60c284199'}
        Body: {"floatingip": {"floating_network_id": "906aa945-8283-4737-8023-fb6de8f7c6c4", "router_id": "e3badac1-16ea-4eb7-9162-33b04175a6b3", "fixed_ip_address": "10.100.0.3", "floating_ip_address": "172.24.4.18", "tenant_id": "89d21c5658f44c60916e9d195dd5a138", "status": "ACTIVE", "port_id": "d2ffe213-031c-4aa3-a3f6-f2c68474e80d", "id": "2724fc28-023a-4f9e-8961-5eda9ff36e6e"}}
2016-01-27 00:09:10,124 20063 INFO     [tempest.scenario.manager] FloatingIP: &lt;"FloatingIP" addr="172.24.4.18" id="2724fc28-023a-4f9e-8961-5eda9ff36e6e"&gt; is at status: ACTIVE
2016-01-27 00:09:10,124 20063 DEBUG    [tempest.scenario.manager] checking network connections to IP 172.24.4.18 with user: cirros
2016-01-27 00:09:10,124 20063 DEBUG    [tempest.scenario.manager] TestNetworkBasicOps:test_update_instance_port_admin_state begins to ping 172.24.4.18 in 120 sec and the expected result is reachable
2016-01-27 00:09:28,176 20063 DEBUG    [tempest.scenario.manager] TestNetworkBasicOps:test_update_instance_port_admin_state finishes ping 172.24.4.18 in 120 sec and the ping result is expected
2016-01-27 00:09:28,178 20063 INFO     [tempest_lib.common.ssh] Creating ssh connection to '172.24.4.18' as 'cirros' with public key authentication
2016-01-27 00:09:28,184 20063 WARNING  [tempest_lib.common.ssh] Failed to establish authenticated ssh connection to cirros@172.24.4.18 ([Errno None] Unable to connect to port 22 on  or 172.24.4.18). Number attempts: 1. Retry after 2 seconds.
2016-01-27 00:09:30,692 20063 WARNING  [tempest_lib.common.ssh] Failed to establish authenticated ssh connection to cirros@172.24.4.18 ([Errno None] Unable to connect to port 22 on  or 172.24.4.18). Number attempts: 2. Retry after 3 seconds.
2016-01-27 00:09:34,202 20063 WARNING  [tempest_lib.common.ssh] Failed to establish authenticated ssh connection to cirros@172.24.4.18 ([Errno None] Unable to connect to port 22 on  or 172.24.4.18). Number attempts: 3. Retry after 4 seconds.
2016-01-27 00:09:38,752 20063 INFO     [paramiko.transport] Connected (version 2.0, client dropbear_2012.55)
2016-01-27 00:09:39,012 20063 INFO     [paramiko.transport] Authentication (publickey) successful!
2016-01-27 00:09:39,021 20063 INFO     [tempest_lib.common.ssh] ssh connection to cirros@172.24.4.18 successfuly created
2016-01-27 00:09:39,496 20063 INFO     [tempest_lib.common.rest_client] Request (TestNetworkBasicOps:test_update_instance_port_admin_state): 200 PUT http://10.4.1.3:9696/v2.0/ports/d2ffe213-031c-4aa3-a3f6-f2c68474e80d 0.357s
2016-01-27 00:09:39,497 20063 DEBUG    [tempest_lib.common.rest_client] Request - Headers: {'Content-Type': 'application/json', 'Accept': 'application/json', 'X-Auth-Token': '&lt;omitted&gt;'}
        Body: {"port": {"admin_state_up": false}}
    Response - Headers: {'status': '200', 'content-length': '750', 'connection': 'close', 'date': 'Wed, 27 Jan 2016 00:09:39 GMT', 'content-type': 'application/json; charset=UTF-8', 'x-openstack-request-id': 'req-cf76de0e-d829-4982-b6ac-5cc4c077171c'}
        Body: {"port": {"status": "ACTIVE", "name": "", "allowed_address_pairs": [], "admin_state_up": false, "network_id": "1e5f413f-c3a3-49a8-a9e9-fce0ff29eb74", "dns_name": "", "extra_dhcp_opts": [], "mac_address": "fa:16:3e:63:ad:d9", "dns_assignment": [{"hostname": "host-10-100-0-3", "ip_address": "10.100.0.3", "fqdn": "host-10-100-0-3.openstacklocal."}], "binding:vnic_type": "normal", "device_owner": "compute:None", "tenant_id": "89d21c5658f44c60916e9d195dd5a138", "port_security_enabled": true, "fixed_ips": [{"subnet_id": "ef138af9-29bb-4a25-a442-505d1c60198d", "ip_address": "10.100.0.3"}], "id": "d2ffe213-031c-4aa3-a3f6-f2c68474e80d", "security_groups": ["48af7b32-bc27-4ebc-b268-b156364d9ee7"], "device_id": "25b57473-487e-4055-896a-3446d1966291"}}
2016-01-27 00:09:39,498 20063 DEBUG    [tempest.scenario.manager] checking network connections to IP 172.24.4.18 with user: cirros
2016-01-27 00:09:39,498 20063 DEBUG    [tempest.scenario.manager] TestNetworkBasicOps:test_update_instance_port_admin_state begins to ping 172.24.4.18 in 120 sec and the expected result is unreachable
2016-01-27 00:11:40,015 20063 DEBUG    [tempest.scenario.manager] TestNetworkBasicOps:test_update_instance_port_admin_state finishes ping 172.24.4.18 in 120 sec and the ping result is unexpected
2016-01-27 00:11:40,017 20063 ERROR    [tempest.scenario.manager] Public network connectivity check failed: after updating admin_state_up of instance port to False
2016-01-27 00:11:40.017 20063 ERROR tempest.scenario.manager Traceback (most recent call last):
2016-01-27 00:11:40.017 20063 ERROR tempest.scenario.manager   File "tempest/scenario/manager.py", line 610, in check_public_network_connectivity
2016-01-27 00:11:40.017 20063 ERROR tempest.scenario.manager     should_connect=should_connect)
2016-01-27 00:11:40.017 20063 ERROR tempest.scenario.manager   File "tempest/scenario/manager.py", line 594, in check_vm_connectivity
2016-01-27 00:11:40.017 20063 ERROR tempest.scenario.manager     msg=msg)
2016-01-27 00:11:40.017 20063 ERROR tempest.scenario.manager   File "/usr/local/lib/python2.7/dist-packages/unittest2/case.py", line 702, in assertTrue
2016-01-27 00:11:40.017 20063 ERROR tempest.scenario.manager     raise self.failureException(msg)
2016-01-27 00:11:40.017 20063 ERROR tempest.scenario.manager AssertionError: False is not true : ip address 172.24.4.18 is reachable
2016-01-27 00:11:40.017 20063 ERROR tempest.scenario.manager 
2016-01-27 00:11:40,235 20063 INFO     [tempest_lib.common.rest_client] Request (TestNetworkBasicOps:test_update_instance_port_admin_state): 200 POST http://10.4.1.3:8774/v2.1/89d21c5658f44c60916e9d195dd5a138/servers/25b57473-487e-4055-896a-3446d1966291/action 0.213s
2016-01-27 00:11:40,236 20063 DEBUG    [tempest_lib.common.rest_client] Request - Headers: {'Content-Type': 'application/json', 'Accept': 'application/json', 'X-Auth-Token': '&lt;omitted&gt;'}
        Body: {"os-getConsoleOutput": {}}
    Response - Headers: {'status': '200', 'content-length': '19877', 'x-compute-request-id': 'req-8fc6fd20-c7a7-49a8-8997-91c804521d94', 'vary': 'X-OpenStack-Nova-API-Version', 'connection': 'close', 'x-openstack-nova-api-version': '2.1', 'date': 'Wed, 27 Jan 2016 00:11:40 GMT', 'content-type': 'application/json'}
        Body: {"output": "[    0.000000] Initializing cgroup subsys cpuset\n[    0.000000] Initializing cgroup subsys cpu\n[    0.000000] Linux version 3.2.0-80-virtual (buildd@batsu) (gcc version 4.6.3 (Ubuntu/Linaro 4.6.3-1ubuntu5) ) #116-Ubuntu SMP Mon Mar 23 17:28:52 UTC 2015 (Ubuntu 3.2.0-80.116-virtual 3.2.68)\n[    0.000000] Command line: root=/dev/vda console=tty0 console=ttyS0 no_timer_check\n[    0.000000] KERNEL supported cpus:\n[    0.000000]   Intel GenuineIntel\n[    0.000000]   AMD AuthenticAMD\n[    0.000000]   Centaur CentaurHauls\n[    0.000000] BIOS-provided physical RAM map:\n[    0.000000]  BIOS-e820: 0000000000000000 - 000000000009fc00 (usable)\n[    0.000000]  BIOS-e820: 000000000009fc00 - 00000000000a0000 (reserved)\n[    0.000000]  BIOS-e820: 00000000000f0000 - 0000000000100000 (reserved)\n[    0.000000]  BIOS-e820: 0000000000100000 - 0000000003ffe000 (usable)\n[    0.000000]  BIOS-e820: 0000000003ffe000 - 0000000004000000 (reserved)\n[    0.000000]  BIOS-e820: 00000000fffc0000 - 0000000100000000 (reserved)\n[    0.000000] NX (Execute Disable) protection: active\n[    0.000000] SMBIOS 2.4 present.\n[    0.000000] No AGP bridge found\n[    0.000000] last_pfn = 0x3ffe max_arch_pfn = 0x400000000\n[    0.000000] x86 PAT enabled: cpu 0, old 0x7040600070406, new 0x7010600070106\n[    0.000000] found SMP MP-table at [ffff8800000f0b00] f0b00\n[    0.000000] init_memory_mapping: 0000000000000000-0000000003ffe000\n[    0.000000] RAMDISK: 03c5e000 - 03ff0000\n[    0.000000] ACPI: RSDP 00000000000f0950 00014 (v00 BOCHS )\n[    0.000000] ACPI: RSDT 0000000003fffbc1 00034 (v01 BOCHS  BXPCRSDT 00000001 BXPC 00000001)\n[    0.000000] ACPI: FACP 0000000003fff1c0 00074 (v01 BOCHS  BXPCFACP 00000001 BXPC 00000001)\n[    0.000000] ACPI: DSDT 0000000003ffe040 01180 (v01 BOCHS  BXPCDSDT 00000001 BXPC 00000001)\n[    0.000000] ACPI: FACS 0000000003ffe000 00040\n[    0.000000] ACPI: SSDT 0000000003fff234 008DD (v01 BOCHS  BXPCSSDT 00000001 BXPC 00000001)\n[    0.000000] ACPI: APIC 0000000003fffb11 00078 (v01 BOCHS  BXPCAPIC 00000001 BXPC 00000001)\n[    0.000000] ACPI: HPET 0000000003fffb89 00038 (v01 BOCHS  BXPCHPET 00000001 BXPC 00000001)\n[    0.000000] No NUMA configuration found\n[    0.000000] Faking a node at 0000000000000000-0000000003ffe000\n[    0.000000] Initmem setup node 0 0000000000000000-0000000003ffe000\n[    0.000000]   NODE_DATA [0000000003ff6000 - 0000000003ffafff]\n[    0.000000] Zone PFN ranges:\n[    0.000000]   DMA      0x00000010 -&gt; 0x00001000\n[    0.000000]   DMA32    0x00001000 -&gt; 0x00100000\n[    0.000000]   Normal   empty\n[    0.000000] Movable zone start PFN for each node\n[    0.000000] early_node_map[2] active PFN ranges\n[    0.000000]     0: 0x00000010 -&gt; 0x0000009f\n[    0.000000]     0: 0x00000100 -&gt; 0x00003ffe\n[    0.000000] ACPI: PM-Timer IO Port: 0xb008\n[    0.000000] ACPI: LAPIC (acpi_id[0x00] lapic_id[0x00] enabled)\n[    0.000000] ACPI: LAPIC_NMI (acpi_id[0xff] dfl dfl lint[0x1])\n[    0.000000] ACPI: IOAPIC (id[0x00] address[0xfec00000] gsi_base[0])\n[    0.000000] IOAPIC[0]: apic_id 0, version 17, address 0xfec00000, GSI 0-23\n[    0.000000] ACPI: INT_SRC_OVR (bus 0 bus_irq 0 global_irq 2 dfl dfl)\n[    0.000000] ACPI: INT_SRC_OVR (bus 0 bus_irq 5 global_irq 5 high level)\n[    0.000000] ACPI: INT_SRC_OVR (bus 0 bus_irq 9 global_irq 9 high level)\n[    0.000000] ACPI: INT_SRC_OVR (bus 0 bus_irq 10 global_irq 10 high level)\n[    0.000000] ACPI: INT_SRC_OVR (bus 0 bus_irq 11 global_irq 11 high level)\n[    0.000000] Using ACPI (MADT) for SMP configuration information\n[    0.000000] ACPI: HPET id: 0x8086a201 base: 0xfed00000\n[    0.000000] SMP: Allowing 1 CPUs, 0 hotplug CPUs\n[    0.000000] PM: Registered nosave memory: 000000000009f000 - 00000000000a0000\n[    0.000000] PM: Registered nosave memory: 00000000000a0000 - 00000000000f0000\n[    0.000000] PM: Registered nosave memory: 00000000000f0000 - 0000000000100000\n[    0.000000] Allocating PCI resources starting at 4000000 (gap: 4000000:fbfc0000)\n[    0.000000] Booting paravirtualized kernel on bare hardware\n[    0.000000] setup_pe
2016-01-27 00:11:40,241 20063 DEBUG    [tempest.scenario.manager] Console output for 25b57473-487e-4055-896a-3446d1966291
body=
[    0.000000] Initializing cgroup subsys cpuset
[    0.000000] Initializing cgroup subsys cpu
[    0.000000] Linux version 3.2.0-80-virtual (buildd@batsu) (gcc version 4.6.3 (Ubuntu/Linaro 4.6.3-1ubuntu5) ) #116-Ubuntu SMP Mon Mar 23 17:28:52 UTC 2015 (Ubuntu 3.2.0-80.116-virtual 3.2.68)
[    0.000000] Command line: root=/dev/vda console=tty0 console=ttyS0 no_timer_check
[    0.000000] KERNEL supported cpus:
[    0.000000]   Intel GenuineIntel
[    0.000000]   AMD AuthenticAMD
[    0.000000]   Centaur CentaurHauls
[    0.000000] BIOS-provided physical RAM map:
[    0.000000]  BIOS-e820: 0000000000000000 - 000000000009fc00 (usable)
[    0.000000]  BIOS-e820: 000000000009fc00 - 00000000000a0000 (reserved)
[    0.000000]  BIOS-e820: 00000000000f0000 - 0000000000100000 (reserved)
[    0.000000]  BIOS-e820: 0000000000100000 - 0000000003ffe000 (usable)
[    0.000000]  BIOS-e820: 0000000003ffe000 - 0000000004000000 (reserved)
[    0.000000]  BIOS-e820: 00000000fffc0000 - 0000000100000000 (reserved)
[    0.000000] NX (Execute Disable) protection: active
[    0.000000] SMBIOS 2.4 present.
[    0.000000] No AGP bridge found
[    0.000000] last_pfn = 0x3ffe max_arch_pfn = 0x400000000
[    0.000000] x86 PAT enabled: cpu 0, old 0x7040600070406, new 0x7010600070106
[    0.000000] found SMP MP-table at [ffff8800000f0b00] f0b00
[    0.000000] init_memory_mapping: 0000000000000000-0000000003ffe000
[    0.000000] RAMDISK: 03c5e000 - 03ff0000
[    0.000000] ACPI: RSDP 00000000000f0950 00014 (v00 BOCHS )
[    0.000000] ACPI: RSDT 0000000003fffbc1 00034 (v01 BOCHS  BXPCRSDT 00000001 BXPC 00000001)
[    0.000000] ACPI: FACP 0000000003fff1c0 00074 (v01 BOCHS  BXPCFACP 00000001 BXPC 00000001)
[    0.000000] ACPI: DSDT 0000000003ffe040 01180 (v01 BOCHS  BXPCDSDT 00000001 BXPC 00000001)
[    0.000000] ACPI: FACS 0000000003ffe000 00040
[    0.000000] ACPI: SSDT 0000000003fff234 008DD (v01 BOCHS  BXPCSSDT 00000001 BXPC 00000001)
[    0.000000] ACPI: APIC 0000000003fffb11 00078 (v01 BOCHS  BXPCAPIC 00000001 BXPC 00000001)
[    0.000000] ACPI: HPET 0000000003fffb89 00038 (v01 BOCHS  BXPCHPET 00000001 BXPC 00000001)
[    0.000000] No NUMA configuration found
[    0.000000] Faking a node at 0000000000000000-0000000003ffe000
[    0.000000] Initmem setup node 0 0000000000000000-0000000003ffe000
[    0.000000]   NODE_DATA [0000000003ff6000 - 0000000003ffafff]
[    0.000000] Zone PFN ranges:
[    0.000000]   DMA      0x00000010 -&gt; 0x00001000
[    0.000000]   DMA32    0x00001000 -&gt; 0x00100000
[    0.000000]   Normal   empty
[    0.000000] Movable zone start PFN for each node
[    0.000000] early_node_map[2] active PFN ranges
[    0.000000]     0: 0x00000010 -&gt; 0x0000009f
[    0.000000]     0: 0x00000100 -&gt; 0x00003ffe
[    0.000000] ACPI: PM-Timer IO Port: 0xb008
[    0.000000] ACPI: LAPIC (acpi_id[0x00] lapic_id[0x00] enabled)
[    0.000000] ACPI: LAPIC_NMI (acpi_id[0xff] dfl dfl lint[0x1])
[    0.000000] ACPI: IOAPIC (id[0x00] address[0xfec00000] gsi_base[0])
[    0.000000] IOAPIC[0]: apic_id 0, version 17, address 0xfec00000, GSI 0-23
[    0.000000] ACPI: INT_SRC_OVR (bus 0 bus_irq 0 global_irq 2 dfl dfl)
[    0.000000] ACPI: INT_SRC_OVR (bus 0 bus_irq 5 global_irq 5 high level)
[    0.000000] ACPI: INT_SRC_OVR (bus 0 bus_irq 9 global_irq 9 high level)
[    0.000000] ACPI: INT_SRC_OVR (bus 0 bus_irq 10 global_irq 10 high level)
[    0.000000] ACPI: INT_SRC_OVR (bus 0 bus_irq 11 global_irq 11 high level)
[    0.000000] Using ACPI (MADT) for SMP configuration information
[    0.000000] ACPI: HPET id: 0x8086a201 base: 0xfed00000
[    0.000000] SMP: Allowing 1 CPUs, 0 hotplug CPUs
[    0.000000] PM: Registered nosave memory: 000000000009f000 - 00000000000a0000
[    0.000000] PM: Registered nosave memory: 00000000000a0000 - 00000000000f0000
[    0.000000] PM: Registered nosave memory: 00000000000f0000 - 0000000000100000
[    0.000000] Allocating PCI resources starting at 4000000 (gap: 4000000:fbfc0000)
[    0.000000] Booting paravirtualized kernel on bare hardware
[    0.000000] setup_percpu: NR_CPUS:64 nr_cpumask_bits:64 nr_cpu_ids:1 nr_node_ids:1
[    0.000000] PERCPU: Embedded 27 pages/cpu @ffff880003a00000 s78848 r8192 d23552 u2097152
[    0.000000] Built 1 zonelists in Node order, mobility grouping on.  Total pages: 16008
[    0.000000] Policy zone: DMA32
[    0.000000] Kernel command line: root=/dev/vda console=tty0 console=ttyS0 no_timer_check
[    0.000000] PID hash table entries: 256 (order: -1, 2048 bytes)
[    0.000000] Checking aperture...
[    0.000000] No AGP bridge found
[    0.000000] Memory: 43492k/65528k available (6576k kernel code, 452k absent, 21584k reserved, 6620k data, 928k init)
[    0.000000] SLUB: Genslabs=15, HWalign=64, Order=0-3, MinObjects=0, CPUs=1, Nodes=1
[    0.000000] Hierarchical RCU implementation.
[    0.000000] 	RCU dyntick-idle grace-period acceleration is enabled.
[    0.000000] NR_IRQS:4352 nr_irqs:256 16
[    0.000000] Console: colour VGA+ 80x25
[    0.000000] console [tty0] enabled
[    0.000000] console [ttyS0] enabled
[    0.000000] allocated 1048576 bytes of page_cgroup
[    0.000000] please try 'cgroup_disable=memory' option if you don't want memory cgroups
[    0.000000] Fast TSC calibration failed
[    0.000000] TSC: Unable to calibrate against PIT
[    0.000000] TSC: using HPET reference calibration
[    0.000000] Detected 2293.188 MHz processor.
[    0.032246] Calibrating delay loop (skipped), value calculated using timer frequency.. 4586.37 BogoMIPS (lpj=9172752)
[    0.035016] pid_max: default: 32768 minimum: 301
[    0.042967] Security Framework initialized
[    0.048632] AppArmor: AppArmor initialized
[    0.049313] Yama: becoming mindful.
[    0.057063] Dentry cache hash table entries: 8192 (order: 4, 65536 bytes)
[    0.058759] Inode-cache hash table entries: 4096 (order: 3, 32768 bytes)
[    0.060714] Mount-cache hash table entries: 256
[    0.077640] Initializing cgroup subsys cpuacct
[    0.078458] Initializing cgroup subsys memory
[    0.080799] Initializing cgroup subsys devices
[    0.081377] Initializing cgroup subsys freezer
[    0.082220] Initializing cgroup subsys blkio
[    0.084218] Initializing cgroup subsys perf_event
[    0.088264] mce: CPU supports 10 MCE banks
[    0.093159] SMP alternatives: switching to UP code
[    0.489995] Freeing SMP alternatives: 24k freed
[    0.492453] ACPI: Core revision 20110623
[    0.540484] ftrace: allocating 26610 entries in 105 pages
[    0.585858] ..TIMER: vector=0x30 apic1=0 pin1=2 apic2=-1 pin2=-1
[    0.588248] CPU0: AMD QEMU Virtual CPU version 2.0.0 stepping 03
[    0.596036] Performance Events: Broken PMU hardware detected, using software events only.
[    0.605088] NMI watchdog disabled (cpu0): hardware events not enabled
[    0.606642] Brought up 1 CPUs
[    0.607198] Total of 1 processors activated (4586.37 BogoMIPS).
[    0.637041] devtmpfs: initialized
[    0.666897] EVM: security.selinux
[    0.667419] EVM: security.SMACK64
[    0.668081] EVM: security.capability
[    0.689757] print_constraints: dummy: 
[    0.691329] RTC time:  0:09:10, date: 01/27/16
[    0.693612] NET: Registered protocol family 16
[    0.702535] ACPI: bus type pci registered
[    0.706854] PCI: Using configuration type 1 for base access
[    0.734659] bio: create slab &lt;bio-0&gt; at 0
[    0.738655] ACPI: Added _OSI(Module Device)
[    0.739233] ACPI: Added _OSI(Processor Device)
[    0.740102] ACPI: Added _OSI(3.0 _SCP Extensions)
[    0.741717] ACPI: Added _OSI(Processor Aggregator Device)
[    0.805562] ACPI: Interpreter enabled
[    0.806179] ACPI: (supports S0 S3 S4 S5)
[    0.808885] ACPI: Using IOAPIC for interrupt routing
[    0.902157] ACPI: No dock devices found.
[    0.904186] HEST: Table not found.
[    0.904791] PCI: Using host bridge windows from ACPI; if necessary, use "pci=nocrs" and report a bug
[    0.913163] ACPI: PCI Root Bridge [PCI0] (domain 0000 [bus 00-ff])
[    0.921034] pci_root PNP0A03:00: host bridge window [io  0x0000-0x0cf7]
[    0.921922] pci_root PNP0A03:00: host bridge window [io  0x0d00-0xadff]
[    0.922845] pci_root PNP0A03:00: host bridge window [io  0xae0f-0xaeff]
[    0.924150] pci_root PNP0A03:00: host bridge window [io  0xaf20-0xafdf]
[    0.925490] pci_root PNP0A03:00: host bridge window [io  0xafe4-0xffff]
[    0.926502] pci_root PNP0A03:00: host bridge window [mem 0x000a0000-0x000bffff]
[    0.928111] pci_root PNP0A03:00: host bridge window [mem 0x04000000-0xfebfffff]
[    0.953730] pci 0000:00:01.3: quirk: [io  0xb000-0xb03f] claimed by PIIX4 ACPI
[    0.954739] pci 0000:00:01.3: quirk: [io  0xb100-0xb10f] claimed by PIIX4 SMB
[    1.035318]  pci0000:00: Unable to request _OSC control (_OSC support mask: 0x1e)
[    1.092435] ACPI: PCI Interrupt Link [LNKA] (IRQs 5 *10 11)
[    1.094495] ACPI: PCI Interrupt Link [LNKB] (IRQs 5 *10 11)
[    1.096721] ACPI: PCI Interrupt Link [LNKC] (IRQs 5 10 *11)
[    1.097792] ACPI: PCI Interrupt Link [LNKD] (IRQs 5 10 *11)
[    1.100372] ACPI: PCI Interrupt Link [LNKS] (IRQs *9)
[    1.106323] vgaarb: device added: PCI:0000:00:02.0,decodes=io+mem,owns=io+mem,locks=none
[    1.107316] vgaarb: loaded
[    1.108177] vgaarb: bridge control possible 0000:00:02.0
[    1.112760] i2c-core: driver [aat2870] using legacy suspend method
[    1.113701] i2c-core: driver [aat2870] using legacy resume method
[    1.116797] SCSI subsystem initialized
[    1.119255] usbcore: registered new interface driver usbfs
[    1.120617] usbcore: registered new interface driver hub
[    1.121750] usbcore: registered new device driver usb
[    1.126635] PCI: Using ACPI for IRQ routing
[    1.136855] NetLabel: Initializing
[    1.137285] NetLabel:  domain hash size = 128
[    1.137759] NetLabel:  protocols = UNLABELED CIPSOv4
[    1.140175] NetLabel:  unlabeled traffic allowed by default
[    1.142153] HPET: 3 timers in total, 0 timers will be used for per-cpu timer
[    1.144352] hpet0: at MMIO 0xfed00000, IRQs 2, 8, 0
[    1.145247] hpet0: 3 comparators, 64-bit 100.000000 MHz counter
[    1.158586] Switching to clocksource hpet
[    1.418644] AppArmor: AppArmor Filesystem Enabled
[    1.419720] pnp: PnP ACPI init
[    1.421212] ACPI: bus type pnp registered
[    1.447619] pnp: PnP ACPI: found 9 devices
[    1.449129] ACPI: ACPI bus type pnp unregistered
[    1.516808] NET: Registered protocol family 2
[    1.563946] IP route cache hash table entries: 512 (order: 0, 4096 bytes)
[    1.571237] TCP established hash table entries: 2048 (order: 3, 32768 bytes)
[    1.574708] TCP bind hash table entries: 2048 (order: 3, 32768 bytes)
[    1.575646] TCP: Hash tables configured (established 2048 bind 2048)
[    1.577492] TCP reno registered
[    1.578403] UDP hash table entries: 128 (order: 0, 4096 bytes)
[    1.579679] UDP-Lite hash table entries: 128 (order: 0, 4096 bytes)
[    1.583042] NET: Registered protocol family 1
[    1.583897] pci 0000:00:00.0: Limiting direct PCI/PCI transfers
[    1.585613] pci 0000:00:01.0: PIIX3: Enabling Passive Release
[    1.586564] pci 0000:00:01.0: Activating ISA DMA hang workarounds
[    1.591059] ACPI: PCI Interrupt Link [LNKD] enabled at IRQ 11
[    1.594010] pci 0000:00:01.2: PCI INT D -&gt; Link[LNKD] -&gt; GSI 11 (level, high) -&gt; IRQ 11
[    1.595691] pci 0000:00:01.2: PCI INT D disabled
[    1.616041] Trying to unpack rootfs image as initramfs...
[    1.635197] audit: initializing netlink socket (disabled)
[    1.637317] type=2000 audit(1453853350.632:1): initialized
[    1.912012] HugeTLB registered 2 MB page size, pre-allocated 0 pages
[    1.999473] VFS: Disk quotas dquot_6.5.2
[    2.002080] Dquot-cache hash table entries: 512 (order 0, 4096 bytes)
[    2.017975] fuse init (API version 7.17)
[    2.021378] msgmni has been set to 84
[    2.061728] Block layer SCSI generic (bsg) driver version 0.4 loaded (major 253)
[    2.070659] io scheduler noop registered
[    2.071314] io scheduler deadline registered (default)
[    2.073530] io scheduler cfq registered
[    2.077411] pci_hotplug: PCI Hot Plug PCI Core version: 0.5
[    2.079679] pciehp: PCI Express Hot Plug Controller Driver version: 0.4
[    2.087064] input: Power Button as /devices/LNXSYSTM:00/LNXPWRBN:00/input/input0
[    2.089925] ACPI: Power Button [PWRF]
[    2.143481] ERST: Table is not found!
[    2.144895] GHES: HEST is not enabled!
[    2.155517] ACPI: PCI Interrupt Link [LNKC] enabled at IRQ 10
[    2.157446] virtio-pci 0000:00:03.0: PCI INT A -&gt; Link[LNKC] -&gt; GSI 10 (level, high) -&gt; IRQ 10
[    2.161507] virtio-pci 0000:00:04.0: PCI INT A -&gt; Link[LNKD] -&gt; GSI 11 (level, high) -&gt; IRQ 11
[    2.177081] ACPI: PCI Interrupt Link [LNKA] enabled at IRQ 10
[    2.177722] virtio-pci 0000:00:05.0: PCI INT A -&gt; Link[LNKA] -&gt; GSI 10 (level, high) -&gt; IRQ 10
[    2.190018] Serial: 8250/16550 driver, 32 ports, IRQ sharing enabled
[    2.234965] serial8250: ttyS0 at I/O 0x3f8 (irq = 4) is a 16550A
[    2.322208] serial8250: ttyS1 at I/O 0x2f8 (irq = 3) is a 16550A
[    2.442060] 00:05: ttyS0 at I/O 0x3f8 (irq = 4) is a 16550A
[    2.516775] 00:06: ttyS1 at I/O 0x2f8 (irq = 3) is a 16550A
[    2.563709] Linux agpgart interface v0.103
[    2.601148] Refined TSC clocksource calibration: 2293.251 MHz.
[    2.601941] Switching to clocksource tsc
[    2.643156] brd: module loaded
[    2.679011] loop: module loaded
[    2.733944]  vda: unknown partition table
[    2.782824] scsi0 : ata_piix
[    2.793750] scsi1 : ata_piix
[    2.795041] ata1: PATA max MWDMA2 cmd 0x1f0 ctl 0x3f6 bmdma 0xc0a0 irq 14
[    2.795756] ata2: PATA max MWDMA2 cmd 0x170 ctl 0x376 bmdma 0xc0a8 irq 15
[    2.807060] Fixed MDIO Bus: probed
[    2.809862] tun: Universal TUN/TAP device driver, 1.6
[    2.810494] tun: (C) 1999-2004 Max Krasnyansky &lt;maxk@qualcomm.com&gt;
[    2.823592] PPP generic driver version 2.4.2
[    2.835670] ehci_hcd: USB 2.0 'Enhanced' Host Controller (EHCI) Driver
[    2.837934] ohci_hcd: USB 1.1 'Open' Host Controller (OHCI) Driver
[    2.839230] uhci_hcd: USB Universal Host Controller Interface driver
[    2.841450] uhci_hcd 0000:00:01.2: PCI INT D -&gt; Link[LNKD] -&gt; GSI 11 (level, high) -&gt; IRQ 11
[    2.846278] uhci_hcd 0000:00:01.2: UHCI Host Controller
[    2.873651] uhci_hcd 0000:00:01.2: new USB bus registered, assigned bus number 1
[    2.875552] uhci_hcd 0000:00:01.2: irq 11, io base 0x0000c040
[    2.911159] hub 1-0:1.0: USB hub found
[    2.913872] hub 1-0:1.0: 2 ports detected
[    2.924806] usbcore: registered new interface driver libusual
[    2.928789] i8042: PNP: PS/2 Controller [PNP0303:KBD,PNP0f13:MOU] at 0x60,0x64 irq 1,12
[    2.936993] serio: i8042 KBD port at 0x60,0x64 irq 1
[    2.938655] serio: i8042 AUX port at 0x60,0x64 irq 12
[    2.982980] mousedev: PS/2 mouse device common for all mice
[    2.997002] input: AT Translated Set 2 keyboard as /devices/platform/i8042/serio0/input/input1
[    3.003353] rtc_cmos 00:01: RTC can wake from S4
[    3.015530] rtc_cmos 00:01: rtc core: registered rtc_cmos as rtc0
[    3.023624] rtc0: alarms up to one day, 114 bytes nvram, hpet irqs
[    3.032762] device-mapper: uevent: version 1.0.3
[    3.062584] device-mapper: ioctl: 4.22.0-ioctl (2011-10-19) initialised: dm-devel@redhat.com
[    3.067297] cpuidle: using governor ladder
[    3.068675] cpuidle: using governor menu
[    3.070052] EFI Variables Facility v0.08 2004-May-17
[    3.084137] TCP cubic registered
[    3.088023] NET: Registered protocol family 10
[    3.114379] NET: Registered protocol family 17
[    3.118583] Registering the dns_resolver key type
[    3.142907] ata2.01: ATAPI: QEMU DVD-ROM, 2.0.0, max UDMA/100
[    3.151929] ata2.01: configured for MWDMA2
[    3.187670] scsi 1:0:1:0: CD-ROM            QEMU     QEMU DVD-ROM     2.0. PQ: 0 ANSI: 5
[    3.222767] sr0: scsi3-mmc drive: 4x/4x cd/rw xa/form2 tray
[    3.225380] cdrom: Uniform CD-ROM driver Revision: 3.20
[    3.251334] sr 1:0:1:0: Attached scsi generic sg0 type 5
[    3.274026] registered taskstats version 1
[    3.424139] Freeing initrd memory: 3656k freed
[    3.969375]   Magic number: 0:610:153
[    3.980376] bdi 1:5: hash matches
[    3.981452] acpi device:20: hash matches
[    3.988555] rtc_cmos 00:01: setting system clock to 2016-01-27 00:09:13 UTC (1453853353)
[    3.996225] powernow-k8: Processor cpuid 663 not supported
[    4.006863] BIOS EDD facility v0.16 2004-Jun-25, 0 devices found
[    4.008987] EDD information not available.
[    4.091690] Freeing unused kernel memory: 928k freed
[    4.098274] Write protecting the kernel read-only data: 12288k
[    4.183729] Freeing unused kernel memory: 1596k freed
[    4.239819] Freeing unused kernel memory: 1184k freed

info: initramfs: up at 4.41
modprobe: module virtio_blk not found in modules.dep
modprobe: module virtio_net not found in modules.dep
info: copying initramfs to /dev/vda
info: initramfs loading root from /dev/vda
info: /etc/init.d/rc.sysinit: up at 9.14
info: container: none
Starting logging: OK
modprobe: module virtio_blk not found in modules.dep
modprobe: module virtio_net not found in modules.dep
WARN: /etc/rc3.d/S10-load-modules failed
Initializing random number generator... done.
Starting acpid: OK
cirros-ds 'local' up at 11.61
found datasource (configdrive, local)
Starting network...
udhcpc (v1.20.1) started
Sending discover...
Sending select for 10.100.0.3...
Lease of 10.100.0.3 obtained, lease time 86400
route: SIOCADDRT: File exists
WARN: failed: route add -net "0.0.0.0/0" gw "10.100.0.1"
Starting dropbear sshd: generating rsa key... generating dsa key... OK
no userdata for datasource
=== system information ===
Platform: OpenStack Foundation OpenStack Nova
Container: none
Arch: x86_64
CPU(s): 1 @ 2293.188 MHz
Cores/Sockets/Threads: 1/1/1
Virt-type: AMD-V
RAM Size: 49MB
Disks:
NAME MAJ:MIN     SIZE LABEL         MOUNTPOINT
vda  253:0   25165824 cirros-rootfs /
sr0   11:0     428032 config-2      
=== sshd host keys ===
-----BEGIN SSH HOST KEY KEYS-----
ssh-rsa AAAAB3NzaC1yc2EAAAADAQABAAAAgmaH0b9exgtqN6dpoF/1/kMGlw04AjaUeYVsl48NS+b/i0+utBhMMeOTMxeYlaoC8XAi2t3L6qUNYBLhveRNTHmOhnLgutL4ABhIUuYKFGqIfR6POlmsfi18ZfeG1iJ7VmlgvKtDi2KmBwW7lP23HmPhOt1DBPvRmJ4XjN0Xj4nooAs= root@tempest-server-smoke-1092589821
ssh-dss AAAAB3NzaC1kc3MAAACBAIT0+Gr8hKY5T1hGf///P0yknaENCGfQLPMmZcHgpIXkD2YWI3Bz/VoOepOMU+L74rcqCxwIAt3870uo2r0KAmO96WxRVms47HHkSB4gz/c0eMCyjk6bbh6PGAFcPajX14fZhem/o+vITgCjZYc/UD49PjADhskbFs3+uMHx9CJ3AAAAFQCPkHDbSS0fbzjRxu5/v8YINJc3AQAAAIAHY+5WxhrPoz1BF6pvgBn3BBNf8Hsq2q0FHnMFzr32DWsW17uhDDWlG8gnSUdv8/Hp7FEqOoO0BjD8220vF5NxXO9FhhUPk0HlybAFsrGaG9QHMPu+TAxWITU2Ww4pEhw/dmCBfkEV6svwMEb99MiG9G7L/msImjHJPt7v4kPrFAAAAIBZ7d78yn/VhA3I+CT37RCT/UhYp/0I5lCTpwBKrlozH8baR1tXp81UMUJHOryvpOqEhmKtOAIuv+yC5Bo96s16GKK1uYmrXtgzCEmFgmBRnzPS4jqyIY6kWETjrIOu/zlKKCoXybuPajoFYyKqu7m+3RNOTPYkscrY/nU+Nv/U6g== root@tempest-server-smoke-1092589821
-----END SSH HOST KEY KEYS-----
=== network info ===
if-info: lo,up,127.0.0.1,8,::1
if-info: eth0,up,10.100.0.3,28,fe80::f816:3eff:fe63:add9
ip-route:default via 10.100.0.1 dev eth0 
ip-route:10.100.0.0/28 dev eth0  src 10.100.0.3 
ip-route:169.254.169.254 via 10.100.0.1 dev eth0 
=== datasource: configdrive local ===
instance-id: 25b57473-487e-4055-896a-3446d1966291
name: tempest-server-smoke-1092589821
availability-zone: nova
local-hostname: tempest-server-smoke-1092589821.novalocal
launch-index: 0
=== cirros: current=0.3.4 uptime=26.45 ===
  ____               ____  ____
 / __/ __ ____ ____ / __ \/ __/
/ /__ / // __// __// /_/ /\ \ 
\___//_//_/  /_/   \____/___/ 
   http://cirros-cloud.net


login as 'cirros' user. default password: 'cubswin:)'. use 'sudo' for root.
tempest-server-smoke-1092589821 login: 
2016-01-27 00:11:40,578 20063 INFO     [tempest_lib.common.rest_client] Request (TestNetworkBasicOps:_run_cleanups): 204 DELETE http://10.4.1.3:9696/v2.0/floatingips/2724fc28-023a-4f9e-8961-5eda9ff36e6e 0.331s
2016-01-27 00:11:40,579 20063 DEBUG    [tempest_lib.common.rest_client] Request - Headers: {'Content-Type': 'application/json', 'Accept': 'application/json', 'X-Auth-Token': '&lt;omitted&gt;'}
        Body: None
    Response - Headers: {'date': 'Wed, 27 Jan 2016 00:11:40 GMT', 'status': '204', 'connection': 'close', 'content-length': '0', 'x-openstack-request-id': 'req-30e2433b-ae2f-4eff-bfa3-89bdde889650'}
        Body: 
2016-01-27 00:11:40,955 20063 INFO     [tempest_lib.common.rest_client] Request (TestNetworkBasicOps:_run_cleanups): 204 DELETE http://10.4.1.3:8774/v2.1/89d21c5658f44c60916e9d195dd5a138/servers/25b57473-487e-4055-896a-3446d1966291 0.375s
2016-01-27 00:11:40,955 20063 DEBUG    [tempest_lib.common.rest_client] Request - Headers: {'Content-Type': 'application/json', 'Accept': 'application/json', 'X-Auth-Token': '&lt;omitted&gt;'}
        Body: None
    Response - Headers: {'status': '204', 'content-length': '0', 'x-compute-request-id': 'req-f01de3c9-d3c6-44f0-a04e-56228e870eea', 'vary': 'X-OpenStack-Nova-API-Version', 'connection': 'close', 'x-openstack-nova-api-version': '2.1', 'date': 'Wed, 27 Jan 2016 00:11:40 GMT', 'content-type': 'application/json'}
        Body: 
2016-01-27 00:11:41,194 20063 INFO     [tempest_lib.common.rest_client] Request (TestNetworkBasicOps:_run_cleanups): 200 GET http://10.4.1.3:8774/v2.1/89d21c5658f44c60916e9d195dd5a138/servers/25b57473-487e-4055-896a-3446d1966291 0.238s
2016-01-27 00:11:41,195 20063 DEBUG    [tempest_lib.common.rest_client] Request - Headers: {'Content-Type': 'application/json', 'Accept': 'application/json', 'X-Auth-Token': '&lt;omitted&gt;'}
        Body: None
    Response - Headers: {'status': '200', 'content-length': '1762', 'content-location': 'http://10.4.1.3:8774/v2.1/89d21c5658f44c60916e9d195dd5a138/servers/25b57473-487e-4055-896a-3446d1966291', 'x-compute-request-id': 'req-171ea34b-e9e3-4197-acaa-b9b223b13129', 'vary': 'X-OpenStack-Nova-API-Version', 'connection': 'close', 'x-openstack-nova-api-version': '2.1', 'date': 'Wed, 27 Jan 2016 00:11:41 GMT', 'content-type': 'application/json'}
        Body: {"server": {"status": "ACTIVE", "updated": "2016-01-27T00:11:40Z", "hostId": "63c117d815ca590a8133ec9e14dbd35dffbdef27967912eca5049f9b", "addresses": {"tempest-network-smoke--1948588597": [{"OS-EXT-IPS-MAC:mac_addr": "fa:16:3e:63:ad:d9", "version": 4, "addr": "10.100.0.3", "OS-EXT-IPS:type": "fixed"}, {"OS-EXT-IPS-MAC:mac_addr": "fa:16:3e:63:ad:d9", "version": 4, "addr": "172.24.4.18", "OS-EXT-IPS:type": "floating"}]}, "links": [{"href": "http://10.4.1.3:8774/v2.1/89d21c5658f44c60916e9d195dd5a138/servers/25b57473-487e-4055-896a-3446d1966291", "rel": "self"}, {"href": "http://10.4.1.3:8774/89d21c5658f44c60916e9d195dd5a138/servers/25b57473-487e-4055-896a-3446d1966291", "rel": "bookmark"}], "key_name": "tempest-TestNetworkBasicOps-1005276866", "image": {"id": "636beee7-4e3f-493a-bee3-bc9d77dd4975", "links": [{"href": "http://10.4.1.3:8774/89d21c5658f44c60916e9d195dd5a138/images/636beee7-4e3f-493a-bee3-bc9d77dd4975", "rel": "bookmark"}]}, "OS-EXT-STS:task_state": "deleting", "OS-EXT-STS:vm_state": "active", "OS-SRV-USG:launched_at": "2016-01-27T00:09:07.000000", "flavor": {"id": "42", "links": [{"href": "http://10.4.1.3:8774/89d21c5658f44c60916e9d195dd5a138/flavors/42", "rel": "bookmark"}]}, "id": "25b57473-487e-4055-896a-3446d1966291", "security_groups": [{"name": "tempest-secgroup-smoke-842183263"}], "OS-SRV-USG:terminated_at": null, "OS-EXT-AZ:availability_zone": "nova", "user_id": "f7295b26df7d4fa8a98c894eaf2eec84", "name": "tempest-server-smoke-1092589821", "created": "2016-01-27T00:09:04Z", "tenant_id": "89d21c5658f44c60916e9d195dd5a138", "OS-DCF:diskConfig": "MANUAL", "os-extended-volumes:volumes_attached": [], "accessIPv4": "", "accessIPv6": "", "progress": 0, "OS-EXT-STS:power_state": 1, "config_drive": "True", "metadata": {}}}
