<?xml version="1.0" encoding="UTF-8"?>
<!DOCTYPE html PUBLIC "-//W3C//DTD XHTML 1.0 Strict//EN"
     "http://www.w3.org/TR/xhtml1/DTD/xhtml1-strict.dtd">
<html xmlns="http://www.w3.org/1999/xhtml">
<head>
    <title>Unit Test Report</title>
    <meta name="generator" content="subunit2html 0.1"/>
    <meta http-equiv="Content-Type" content="text/html; charset=UTF-8"/>
    
<style type="text/css" media="screen">
body        { font-family: verdana, arial, helvetica, sans-serif;
    font-size: 80%; }
table       { font-size: 100%; width: 100%;}
pre         { font-size: 80%; }

/* -- heading -------------------------------------------------------------- */
h1 {
        font-size: 16pt;
        color: gray;
}
.heading {
    margin-top: 0ex;
    margin-bottom: 1ex;
}

.heading .attribute {
    margin-top: 1ex;
    margin-bottom: 0;
}

.heading .description {
    margin-top: 4ex;
    margin-bottom: 6ex;
}

/* -- css div popup -------------------------------------------------------- */
a.popup_link {
}

a.popup_link:hover {
    color: red;
}

.popup_window {
    display: none;
    overflow-x: scroll;
    /*border: solid #627173 1px; */
    padding: 10px;
    background-color: #E6E6D6;
    font-family: "Ubuntu Mono", "Lucida Console", "Courier New", monospace;
    text-align: left;
    font-size: 8pt;
}

}
/* -- report --------------------------------------------------------------- */
#show_detail_line {
    margin-top: 3ex;
    margin-bottom: 1ex;
}
#result_table {
    width: 100%;
    border-collapse: collapse;
    border: 1px solid #777;
}
#header_row {
    font-weight: bold;
    color: white;
    background-color: #777;
}
#result_table td {
    border: 1px solid #777;
    padding: 2px;
}
#total_row  { font-weight: bold; }
.passClass  { background-color: #6c6; }
.failClass  { background-color: #c60; }
.errorClass { background-color: #c00; }
.passCase   { color: #6c6; }
.failCase   { color: #c60; font-weight: bold; }
.errorCase  { color: #c00; font-weight: bold; }
.hiddenRow  { display: none; }
.testcase   { margin-left: 2em; }
td.testname {width: 40%}
td.small {width: 40px}

/* -- ending --------------------------------------------------------------- */
#ending {
}

</style>

</head>
<body>
<script language="javascript" type="text/javascript"><!--
output_list = Array();

/* level - 0:Summary; 1:Failed; 2:All */
function showCase(level) {
    trs = document.getElementsByTagName("tr");
    for (var i = 0; i < trs.length; i++) {
        tr = trs[i];
        id = tr.id;
        if (id.substr(0,2) == 'ft') {
            if (level < 1) {
                tr.className = 'hiddenRow';
            }
            else {
                tr.className = '';
            }
        }
        if (id.substr(0,2) == 'pt') {
            if (level > 1) {
                tr.className = '';
            }
            else {
                tr.className = 'hiddenRow';
            }
        }
    }
}


function showClassDetail(cid, count) {
    var id_list = Array(count);
    var toHide = 1;
    for (var i = 0; i < count; i++) {
        tid0 = 't' + cid.substr(1) + '.' + (i+1);
        tid = 'f' + tid0;
        tr = document.getElementById(tid);
        if (!tr) {
            tid = 'p' + tid0;
            tr = document.getElementById(tid);
        }
        id_list[i] = tid;
        if (tr.className) {
            toHide = 0;
        }
    }
    for (var i = 0; i < count; i++) {
        tid = id_list[i];
        if (toHide) {
            document.getElementById('div_'+tid).style.display = 'none'
            document.getElementById(tid).className = 'hiddenRow';
        }
        else {
            document.getElementById(tid).className = '';
        }
    }
}


function showTestDetail(div_id){
    var details_div = document.getElementById(div_id)
    var displayState = details_div.style.display
    // alert(displayState)
    if (displayState != 'block' ) {
        displayState = 'block'
        details_div.style.display = 'block'
    }
    else {
        details_div.style.display = 'none'
    }
}


function html_escape(s) {
    s = s.replace(/&/g,'&amp;');
    s = s.replace(/</g,'&lt;');
    s = s.replace(/>/g,'&gt;');
    return s;
}

/* obsoleted by detail in <div>
function showOutput(id, name) {
    var w = window.open("", //url
                    name,
                    "resizable,scrollbars,status,width=800,height=450");
    d = w.document;
    d.write("<pre>");
    d.write(html_escape(output_list[id]));
    d.write("\n");
    d.write("<a href='javascript:window.close()'>close</a>\n");
    d.write("</pre>\n");
    d.close();
}
*/
--></script>

<div class='heading'>
<h1>Unit Test Report</h1>

<p class='attribute'><strong>Status:</strong> Pass 8 Failure 1</p>

<p class='description'></p>
</div>



<p id='show_detail_line'>Show
<a href='javascript:showCase(0)'>Summary</a>
<a href='javascript:showCase(1)'>Failed</a>
<a href='javascript:showCase(2)'>All</a>
</p>
<table id='result_table'>
<colgroup>
<col align='left' />
<col align='right' />
<col align='right' />
<col align='right' />
<col align='right' />
<col align='right' />
<col align='right' />
<col align='right' />
</colgroup>
<tr id='header_row'>
    <td>Test Group/Test case</td>
    <td>Count</td>
    <td>Pass</td>
    <td>Fail</td>
    <td>Error</td>
    <td>Skip</td>
    <td>View</td>
    <td> </td>
</tr>

<tr class='failClass'>
    <td class="testname">tempest.scenario.test_network_basic_ops.TestNetworkBasicOps</td>
    <td class="small">9</td>
    <td class="small">8</td>
    <td class="small">1</td>
    <td class="small">0</td>
    <td class="small">0</td>
    <td class="small"><a href="javascript:showClassDetail('c1',9)"
>Detail</a></td>
    <td> </td>
</tr>

<tr id='pt1.1' class='hiddenRow'>
    <td class='none'><div class='testcase'>test_connectivity_between_vms_on_different_networks[compute,id-1546850e-fbaa-42f5-8b5f-03d8a6a95f15,network]</div></td>
    <td colspan='7' align='left'>

    <!--css div popup start-->
    <a class="popup_link" onfocus='this.blur();'
    href="javascript:showTestDetail('div_pt1.1')" >
        pass</a>

    <div id='div_pt1.1' class="popup_window">
        <div style='text-align: right; color:red;cursor:pointer'>
        <a onfocus='this.blur();'
onclick="document.getElementById('div_pt1.1').style.display = 'none' " >
           [x]</a>
        </div>
        <pre>
        
pt1.1: tempest.scenario.test_network_basic_ops.TestNetworkBasicOps.test_connectivity_between_vms_on_different_networks[compute,id-1546850e-fbaa-42f5-8b5f-03d8a6a95f15,network]

        </pre>
    </div>
    <!--css div popup end-->

    </td>
</tr>

<tr id='pt1.2' class='hiddenRow'>
    <td class='none'><div class='testcase'>test_hotplug_nic[compute,id-c5adff73-e961-41f1-b4a9-343614f18cfa,network]</div></td>
    <td colspan='7' align='left'>

    <!--css div popup start-->
    <a class="popup_link" onfocus='this.blur();'
    href="javascript:showTestDetail('div_pt1.2')" >
        pass</a>

    <div id='div_pt1.2' class="popup_window">
        <div style='text-align: right; color:red;cursor:pointer'>
        <a onfocus='this.blur();'
onclick="document.getElementById('div_pt1.2').style.display = 'none' " >
           [x]</a>
        </div>
        <pre>
        
pt1.2: tempest.scenario.test_network_basic_ops.TestNetworkBasicOps.test_hotplug_nic[compute,id-c5adff73-e961-41f1-b4a9-343614f18cfa,network]

        </pre>
    </div>
    <!--css div popup end-->

    </td>
</tr>

<tr id='pt1.3' class='hiddenRow'>
    <td class='none'><div class='testcase'>test_network_basic_ops[compute,id-f323b3ba-82f8-4db7-8ea6-6a895869ec49,network,smoke]</div></td>
    <td colspan='7' align='left'>

    <!--css div popup start-->
    <a class="popup_link" onfocus='this.blur();'
    href="javascript:showTestDetail('div_pt1.3')" >
        pass</a>

    <div id='div_pt1.3' class="popup_window">
        <div style='text-align: right; color:red;cursor:pointer'>
        <a onfocus='this.blur();'
onclick="document.getElementById('div_pt1.3').style.display = 'none' " >
           [x]</a>
        </div>
        <pre>
        
pt1.3: tempest.scenario.test_network_basic_ops.TestNetworkBasicOps.test_network_basic_ops[compute,id-f323b3ba-82f8-4db7-8ea6-6a895869ec49,network,smoke]

        </pre>
    </div>
    <!--css div popup end-->

    </td>
</tr>

<tr id='pt1.4' class='hiddenRow'>
    <td class='none'><div class='testcase'>test_port_security_macspoofing_port[compute,id-7c0bb1a2-d053-49a4-98f9-ca1a1d849f63,network]</div></td>
    <td colspan='7' align='left'>

    <!--css div popup start-->
    <a class="popup_link" onfocus='this.blur();'
    href="javascript:showTestDetail('div_pt1.4')" >
        pass</a>

    <div id='div_pt1.4' class="popup_window">
        <div style='text-align: right; color:red;cursor:pointer'>
        <a onfocus='this.blur();'
onclick="document.getElementById('div_pt1.4').style.display = 'none' " >
           [x]</a>
        </div>
        <pre>
        
pt1.4: tempest.scenario.test_network_basic_ops.TestNetworkBasicOps.test_port_security_macspoofing_port[compute,id-7c0bb1a2-d053-49a4-98f9-ca1a1d849f63,network]

        </pre>
    </div>
    <!--css div popup end-->

    </td>
</tr>

<tr id='pt1.5' class='hiddenRow'>
    <td class='none'><div class='testcase'>test_preserve_preexisting_port[compute,id-759462e1-8535-46b0-ab3a-33aa45c55aaa,network]</div></td>
    <td colspan='7' align='left'>

    <!--css div popup start-->
    <a class="popup_link" onfocus='this.blur();'
    href="javascript:showTestDetail('div_pt1.5')" >
        pass</a>

    <div id='div_pt1.5' class="popup_window">
        <div style='text-align: right; color:red;cursor:pointer'>
        <a onfocus='this.blur();'
onclick="document.getElementById('div_pt1.5').style.display = 'none' " >
           [x]</a>
        </div>
        <pre>
        
pt1.5: tempest.scenario.test_network_basic_ops.TestNetworkBasicOps.test_preserve_preexisting_port[compute,id-759462e1-8535-46b0-ab3a-33aa45c55aaa,network]

        </pre>
    </div>
    <!--css div popup end-->

    </td>
</tr>

<tr id='pt1.6' class='hiddenRow'>
    <td class='none'><div class='testcase'>test_router_rescheduling[compute,id-2e788c46-fb3f-4ac9-8f82-0561555bea73,network]</div></td>
    <td colspan='7' align='left'>

    <!--css div popup start-->
    <a class="popup_link" onfocus='this.blur();'
    href="javascript:showTestDetail('div_pt1.6')" >
        pass</a>

    <div id='div_pt1.6' class="popup_window">
        <div style='text-align: right; color:red;cursor:pointer'>
        <a onfocus='this.blur();'
onclick="document.getElementById('div_pt1.6').style.display = 'none' " >
           [x]</a>
        </div>
        <pre>
        
pt1.6: tempest.scenario.test_network_basic_ops.TestNetworkBasicOps.test_router_rescheduling[compute,id-2e788c46-fb3f-4ac9-8f82-0561555bea73,network]

        </pre>
    </div>
    <!--css div popup end-->

    </td>
</tr>

<tr id='pt1.7' class='hiddenRow'>
    <td class='none'><div class='testcase'>test_subnet_details[compute,id-d8bb918e-e2df-48b2-97cd-b73c95450980,network]</div></td>
    <td colspan='7' align='left'>

    <!--css div popup start-->
    <a class="popup_link" onfocus='this.blur();'
    href="javascript:showTestDetail('div_pt1.7')" >
        pass</a>

    <div id='div_pt1.7' class="popup_window">
        <div style='text-align: right; color:red;cursor:pointer'>
        <a onfocus='this.blur();'
onclick="document.getElementById('div_pt1.7').style.display = 'none' " >
           [x]</a>
        </div>
        <pre>
        
pt1.7: tempest.scenario.test_network_basic_ops.TestNetworkBasicOps.test_subnet_details[compute,id-d8bb918e-e2df-48b2-97cd-b73c95450980,network]

        </pre>
    </div>
    <!--css div popup end-->

    </td>
</tr>

<tr id='ft1.8' class='none'>
    <td class='failCase'><div class='testcase'>test_update_instance_port_admin_state[compute,id-f5dfcc22-45fd-409f-954c-5bd500d7890b,network]</div></td>
    <td colspan='7' align='left'>

    <!--css div popup start-->
    <a class="popup_link" onfocus='this.blur();'
    href="javascript:showTestDetail('div_ft1.8')" >
        fail</a>

    <div id='div_ft1.8' class="popup_window">
        <div style='text-align: right; color:red;cursor:pointer'>
        <a onfocus='this.blur();'
onclick="document.getElementById('div_ft1.8').style.display = 'none' " >
           [x]</a>
        </div>
        <pre>
        
ft1.8: tempest.scenario.test_network_basic_ops.TestNetworkBasicOps.test_update_instance_port_admin_state[compute,id-f5dfcc22-45fd-409f-954c-5bd500d7890b,network]_StringException: Empty attachments:
  stderr
  stdout

pythonlogging:'': {{{
2015-12-06 23:04:00,038 27196 INFO     [tempest_lib.common.rest_client] Request (TestNetworkBasicOps:test_update_instance_port_admin_state): 201 POST http://10.0.2.15:9696/v2.0/security-groups 0.126s
2015-12-06 23:04:00,038 27196 DEBUG    [tempest_lib.common.rest_client] Request - Headers: {'Content-Type': 'application/json', 'Accept': 'application/json', 'X-Auth-Token': '&lt;omitted&gt;'}
        Body: {"security_group": {"tenant_id": "5d904558d1194043af5fd334a1b675ed", "description": "tempest-secgroup-smoke-1874650177 description", "name": "tempest-secgroup-smoke-1874650177"}}
    Response - Headers: {'status': '201', 'content-length': '888', 'connection': 'close', 'date': 'Sun, 06 Dec 2015 23:04:00 GMT', 'content-type': 'application/json; charset=UTF-8', 'x-openstack-request-id': 'req-0fcb92c3-f02d-4805-a507-f86be1612be6'}
        Body: {"security_group": {"tenant_id": "5d904558d1194043af5fd334a1b675ed", "description": "tempest-secgroup-smoke-1874650177 description", "id": "6b75010c-c31d-4633-836a-0b9de9c2bb5b", "security_group_rules": [{"remote_group_id": null, "direction": "egress", "remote_ip_prefix": null, "protocol": null, "ethertype": "IPv4", "tenant_id": "5d904558d1194043af5fd334a1b675ed", "port_range_max": null, "port_range_min": null, "id": "c5f71bcd-699f-40d4-9e5d-38fe15e4b037", "security_group_id": "6b75010c-c31d-4633-836a-0b9de9c2bb5b"}, {"remote_group_id": null, "direction": "egress", "remote_ip_prefix": null, "protocol": null, "ethertype": "IPv6", "tenant_id": "5d904558d1194043af5fd334a1b675ed", "port_range_max": null, "port_range_min": null, "id": "8923a8ac-03c8-4c69-bd45-2ce8b6131382", "security_group_id": "6b75010c-c31d-4633-836a-0b9de9c2bb5b"}], "name": "tempest-secgroup-smoke-1874650177"}}
2015-12-06 23:04:00,150 27196 INFO     [tempest_lib.common.rest_client] Request (TestNetworkBasicOps:test_update_instance_port_admin_state): 201 POST http://10.0.2.15:9696/v2.0/security-group-rules 0.109s
2015-12-06 23:04:00,150 27196 DEBUG    [tempest_lib.common.rest_client] Request - Headers: {'Content-Type': 'application/json', 'Accept': 'application/json', 'X-Auth-Token': '&lt;omitted&gt;'}
        Body: {"security_group_rule": {"direction": "ingress", "protocol": "tcp", "tenant_id": "5d904558d1194043af5fd334a1b675ed", "port_range_max": 22, "security_group_id": "6b75010c-c31d-4633-836a-0b9de9c2bb5b", "port_range_min": 22}}
    Response - Headers: {'status': '201', 'content-length': '340', 'connection': 'close', 'date': 'Sun, 06 Dec 2015 23:04:00 GMT', 'content-type': 'application/json; charset=UTF-8', 'x-openstack-request-id': 'req-05e01ca5-b0f2-47ca-b3ee-7aa076d671ea'}
        Body: {"security_group_rule": {"remote_group_id": null, "direction": "ingress", "remote_ip_prefix": null, "protocol": "tcp", "ethertype": "IPv4", "tenant_id": "5d904558d1194043af5fd334a1b675ed", "port_range_max": 22, "port_range_min": 22, "id": "54317e9a-657e-4bc9-9299-fc177f4e4046", "security_group_id": "6b75010c-c31d-4633-836a-0b9de9c2bb5b"}}
2015-12-06 23:04:00,262 27196 INFO     [tempest_lib.common.rest_client] Request (TestNetworkBasicOps:test_update_instance_port_admin_state): 201 POST http://10.0.2.15:9696/v2.0/security-group-rules 0.110s
2015-12-06 23:04:00,262 27196 DEBUG    [tempest_lib.common.rest_client] Request - Headers: {'Content-Type': 'application/json', 'Accept': 'application/json', 'X-Auth-Token': '&lt;omitted&gt;'}
        Body: {"security_group_rule": {"direction": "egress", "protocol": "tcp", "tenant_id": "5d904558d1194043af5fd334a1b675ed", "port_range_max": 22, "security_group_id": "6b75010c-c31d-4633-836a-0b9de9c2bb5b", "port_range_min": 22}}
    Response - Headers: {'status': '201', 'content-length': '339', 'connection': 'close', 'date': 'Sun, 06 Dec 2015 23:04:00 GMT', 'content-type': 'application/json; charset=UTF-8', 'x-openstack-request-id': 'req-1aed67b1-c481-4beb-a80a-de378671f46d'}
        Body: {"security_group_rule": {"remote_group_id": null, "direction": "egress", "remote_ip_prefix": null, "protocol": "tcp", "ethertype": "IPv4", "tenant_id": "5d904558d1194043af5fd334a1b675ed", "port_range_max": 22, "port_range_min": 22, "id": "84491efd-f858-48a2-b52d-168f3e841009", "security_group_id": "6b75010c-c31d-4633-836a-0b9de9c2bb5b"}}
2015-12-06 23:04:00,351 27196 INFO     [tempest_lib.common.rest_client] Request (TestNetworkBasicOps:test_update_instance_port_admin_state): 201 POST http://10.0.2.15:9696/v2.0/security-group-rules 0.088s
2015-12-06 23:04:00,352 27196 DEBUG    [tempest_lib.common.rest_client] Request - Headers: {'Content-Type': 'application/json', 'Accept': 'application/json', 'X-Auth-Token': '&lt;omitted&gt;'}
        Body: {"security_group_rule": {"tenant_id": "5d904558d1194043af5fd334a1b675ed", "direction": "ingress", "protocol": "icmp", "security_group_id": "6b75010c-c31d-4633-836a-0b9de9c2bb5b"}}
    Response - Headers: {'status': '201', 'content-length': '345', 'connection': 'close', 'date': 'Sun, 06 Dec 2015 23:04:00 GMT', 'content-type': 'application/json; charset=UTF-8', 'x-openstack-request-id': 'req-14725015-d49c-498a-a84c-54720aa6621e'}
        Body: {"security_group_rule": {"remote_group_id": null, "direction": "ingress", "remote_ip_prefix": null, "protocol": "icmp", "ethertype": "IPv4", "tenant_id": "5d904558d1194043af5fd334a1b675ed", "port_range_max": null, "port_range_min": null, "id": "b8516509-c810-462f-ab1d-835a95eef206", "security_group_id": "6b75010c-c31d-4633-836a-0b9de9c2bb5b"}}
2015-12-06 23:04:00,459 27196 INFO     [tempest_lib.common.rest_client] Request (TestNetworkBasicOps:test_update_instance_port_admin_state): 201 POST http://10.0.2.15:9696/v2.0/security-group-rules 0.106s
2015-12-06 23:04:00,459 27196 DEBUG    [tempest_lib.common.rest_client] Request - Headers: {'Content-Type': 'application/json', 'Accept': 'application/json', 'X-Auth-Token': '&lt;omitted&gt;'}
        Body: {"security_group_rule": {"tenant_id": "5d904558d1194043af5fd334a1b675ed", "direction": "egress", "protocol": "icmp", "security_group_id": "6b75010c-c31d-4633-836a-0b9de9c2bb5b"}}
    Response - Headers: {'status': '201', 'content-length': '344', 'connection': 'close', 'date': 'Sun, 06 Dec 2015 23:04:00 GMT', 'content-type': 'application/json; charset=UTF-8', 'x-openstack-request-id': 'req-cfef15bd-21c4-4109-bd71-47e004f1ae9d'}
        Body: {"security_group_rule": {"remote_group_id": null, "direction": "egress", "remote_ip_prefix": null, "protocol": "icmp", "ethertype": "IPv4", "tenant_id": "5d904558d1194043af5fd334a1b675ed", "port_range_max": null, "port_range_min": null, "id": "145dec9d-a061-4faf-9ff6-631f31baf573", "security_group_id": "6b75010c-c31d-4633-836a-0b9de9c2bb5b"}}
2015-12-06 23:04:00,575 27196 INFO     [tempest_lib.common.rest_client] Request (TestNetworkBasicOps:test_update_instance_port_admin_state): 201 POST http://10.0.2.15:9696/v2.0/security-group-rules 0.114s
2015-12-06 23:04:00,575 27196 DEBUG    [tempest_lib.common.rest_client] Request - Headers: {'Content-Type': 'application/json', 'Accept': 'application/json', 'X-Auth-Token': '&lt;omitted&gt;'}
        Body: {"security_group_rule": {"tenant_id": "5d904558d1194043af5fd334a1b675ed", "direction": "ingress", "security_group_id": "6b75010c-c31d-4633-836a-0b9de9c2bb5b", "protocol": "icmp", "ethertype": "IPv6"}}
    Response - Headers: {'status': '201', 'content-length': '345', 'connection': 'close', 'date': 'Sun, 06 Dec 2015 23:04:00 GMT', 'content-type': 'application/json; charset=UTF-8', 'x-openstack-request-id': 'req-2ff4af76-6942-4821-8fc1-71bc4215f8f2'}
        Body: {"security_group_rule": {"remote_group_id": null, "direction": "ingress", "remote_ip_prefix": null, "protocol": "icmp", "ethertype": "IPv6", "tenant_id": "5d904558d1194043af5fd334a1b675ed", "port_range_max": null, "port_range_min": null, "id": "ebebe4dd-cbcd-47b4-8f64-ca606a259906", "security_group_id": "6b75010c-c31d-4633-836a-0b9de9c2bb5b"}}
2015-12-06 23:04:00,685 27196 INFO     [tempest_lib.common.rest_client] Request (TestNetworkBasicOps:test_update_instance_port_admin_state): 201 POST http://10.0.2.15:9696/v2.0/security-group-rules 0.109s
2015-12-06 23:04:00,686 27196 DEBUG    [tempest_lib.common.rest_client] Request - Headers: {'Content-Type': 'application/json', 'Accept': 'application/json', 'X-Auth-Token': '&lt;omitted&gt;'}
        Body: {"security_group_rule": {"tenant_id": "5d904558d1194043af5fd334a1b675ed", "direction": "egress", "security_group_id": "6b75010c-c31d-4633-836a-0b9de9c2bb5b", "protocol": "icmp", "ethertype": "IPv6"}}
    Response - Headers: {'status': '201', 'content-length': '344', 'connection': 'close', 'date': 'Sun, 06 Dec 2015 23:04:00 GMT', 'content-type': 'application/json; charset=UTF-8', 'x-openstack-request-id': 'req-b6d03d4b-f5c7-45da-bf3a-0c53bb8e4fd7'}
        Body: {"security_group_rule": {"remote_group_id": null, "direction": "egress", "remote_ip_prefix": null, "protocol": "icmp", "ethertype": "IPv6", "tenant_id": "5d904558d1194043af5fd334a1b675ed", "port_range_max": null, "port_range_min": null, "id": "04d224f3-ed8f-4eb6-9a10-cbc09fb57b91", "security_group_id": "6b75010c-c31d-4633-836a-0b9de9c2bb5b"}}
2015-12-06 23:04:00,814 27196 INFO     [tempest_lib.common.rest_client] Request (TestNetworkBasicOps:test_update_instance_port_admin_state): 201 POST http://10.0.2.15:9696/v2.0/networks 0.126s
2015-12-06 23:04:00,815 27196 DEBUG    [tempest_lib.common.rest_client] Request - Headers: {'Content-Type': 'application/json', 'Accept': 'application/json', 'X-Auth-Token': '&lt;omitted&gt;'}
        Body: {"network": {"tenant_id": "5d904558d1194043af5fd334a1b675ed", "name": "tempest-network-smoke--614933530"}}
    Response - Headers: {'status': '201', 'content-length': '295', 'connection': 'close', 'date': 'Sun, 06 Dec 2015 23:04:00 GMT', 'content-type': 'application/json; charset=UTF-8', 'x-openstack-request-id': 'req-c33cc848-59e0-48a2-bad4-5f0efff27505'}
        Body: {"network": {"status": "ACTIVE", "subnets": [], "name": "tempest-network-smoke--614933530", "admin_state_up": true, "tenant_id": "5d904558d1194043af5fd334a1b675ed", "mtu": 0, "router:external": false, "shared": false, "port_security_enabled": true, "id": "5d033530-c0b7-4e23-9e32-f5ba5292bd79"}}
2015-12-06 23:04:00,889 27196 INFO     [tempest_lib.common.rest_client] Request (TestNetworkBasicOps:test_update_instance_port_admin_state): 201 POST http://10.0.2.15:9696/v2.0/routers 0.073s
2015-12-06 23:04:00,890 27196 DEBUG    [tempest_lib.common.rest_client] Request - Headers: {'Content-Type': 'application/json', 'Accept': 'application/json', 'X-Auth-Token': '&lt;omitted&gt;'}
        Body: {"router": {"tenant_id": "5d904558d1194043af5fd334a1b675ed", "name": "tempest-router-smoke-336349370", "admin_state_up": true}}
    Response - Headers: {'status': '201', 'content-length': '238', 'connection': 'close', 'date': 'Sun, 06 Dec 2015 23:04:00 GMT', 'content-type': 'application/json; charset=UTF-8', 'x-openstack-request-id': 'req-dca6ed0d-6201-451d-9be5-663a84423f21'}
        Body: {"router": {"status": "ACTIVE", "external_gateway_info": null, "name": "tempest-router-smoke-336349370", "admin_state_up": true, "tenant_id": "5d904558d1194043af5fd334a1b675ed", "routes": [], "id": "ef8e96b3-34cd-452f-856b-ff7a0e41eefc"}}
2015-12-06 23:04:00,936 27196 INFO     [tempest_lib.common.rest_client] Request (TestNetworkBasicOps:test_update_instance_port_admin_state): 200 GET http://10.0.2.15:9696/v2.0/routers/ef8e96b3-34cd-452f-856b-ff7a0e41eefc 0.044s
2015-12-06 23:04:00,936 27196 DEBUG    [tempest_lib.common.rest_client] Request - Headers: {'Content-Type': 'application/json', 'Accept': 'application/json', 'X-Auth-Token': '&lt;omitted&gt;'}
        Body: None
    Response - Headers: {'status': '200', 'content-length': '238', 'content-location': 'http://10.0.2.15:9696/v2.0/routers/ef8e96b3-34cd-452f-856b-ff7a0e41eefc', 'connection': 'close', 'date': 'Sun, 06 Dec 2015 23:04:00 GMT', 'content-type': 'application/json; charset=UTF-8', 'x-openstack-request-id': 'req-0a322c49-79fc-4a72-aee3-64bd7a4a911b'}
        Body: {"router": {"status": "ACTIVE", "external_gateway_info": null, "name": "tempest-router-smoke-336349370", "admin_state_up": true, "tenant_id": "5d904558d1194043af5fd334a1b675ed", "routes": [], "id": "ef8e96b3-34cd-452f-856b-ff7a0e41eefc"}}
2015-12-06 23:04:01,446 27196 INFO     [tempest_lib.common.rest_client] Request (TestNetworkBasicOps:test_update_instance_port_admin_state): 200 PUT http://10.0.2.15:9696/v2.0/routers/ef8e96b3-34cd-452f-856b-ff7a0e41eefc 0.509s
2015-12-06 23:04:01,447 27196 DEBUG    [tempest_lib.common.rest_client] Request - Headers: {'Content-Type': 'application/json', 'Accept': 'application/json', 'X-Auth-Token': '&lt;omitted&gt;'}
        Body: {"router": {"external_gateway_info": {"network_id": "bfdc7b62-b15b-47f0-8778-c0997c2fb4f8"}, "name": "tempest-router-smoke-336349370", "admin_state_up": true}}
    Response - Headers: {'status': '200', 'content-length': '502', 'connection': 'close', 'date': 'Sun, 06 Dec 2015 23:04:01 GMT', 'content-type': 'application/json; charset=UTF-8', 'x-openstack-request-id': 'req-dd92da70-e250-4ac5-9a6e-86b4a7372c32'}
        Body: {"router": {"status": "ACTIVE", "external_gateway_info": {"network_id": "bfdc7b62-b15b-47f0-8778-c0997c2fb4f8", "enable_snat": true, "external_fixed_ips": [{"subnet_id": "cd19cf63-67cf-440f-a0d7-4ea3555299f4", "ip_address": "172.24.4.17"}, {"subnet_id": "b36041cd-5f0d-42ae-b92c-3b665f8187f4", "ip_address": "2001:db8::12"}]}, "name": "tempest-router-smoke-336349370", "admin_state_up": true, "tenant_id": "5d904558d1194043af5fd334a1b675ed", "routes": [], "id": "ef8e96b3-34cd-452f-856b-ff7a0e41eefc"}}
2015-12-06 23:04:01,481 27196 INFO     [tempest_lib.common.rest_client] Request (TestNetworkBasicOps:test_update_instance_port_admin_state): 200 GET http://10.0.2.15:9696/v2.0/subnets?tenant_id=5d904558d1194043af5fd334a1b675ed&amp;cidr=10.100.0.0%2F28 0.031s
2015-12-06 23:04:01,482 27196 DEBUG    [tempest_lib.common.rest_client] Request - Headers: {'Content-Type': 'application/json', 'Accept': 'application/json', 'X-Auth-Token': '&lt;omitted&gt;'}
        Body: None
    Response - Headers: {'status': '200', 'content-length': '15', 'content-location': 'http://10.0.2.15:9696/v2.0/subnets?tenant_id=5d904558d1194043af5fd334a1b675ed&amp;cidr=10.100.0.0%2F28', 'connection': 'close', 'date': 'Sun, 06 Dec 2015 23:04:01 GMT', 'content-type': 'application/json; charset=UTF-8', 'x-openstack-request-id': 'req-0a902f00-cc38-4a2d-a300-3eb2f728759b'}
        Body: {"subnets": []}
2015-12-06 23:04:01,714 27196 INFO     [tempest_lib.common.rest_client] Request (TestNetworkBasicOps:test_update_instance_port_admin_state): 201 POST http://10.0.2.15:9696/v2.0/subnets 0.230s
2015-12-06 23:04:01,714 27196 DEBUG    [tempest_lib.common.rest_client] Request - Headers: {'Content-Type': 'application/json', 'Accept': 'application/json', 'X-Auth-Token': '&lt;omitted&gt;'}
        Body: {"subnet": {"ip_version": 4, "tenant_id": "5d904558d1194043af5fd334a1b675ed", "cidr": "10.100.0.0/28", "network_id": "5d033530-c0b7-4e23-9e32-f5ba5292bd79", "name": "tempest-subnet-smoke-402276776"}}
    Response - Headers: {'status': '201', 'content-length': '477', 'connection': 'close', 'date': 'Sun, 06 Dec 2015 23:04:01 GMT', 'content-type': 'application/json; charset=UTF-8', 'x-openstack-request-id': 'req-9fffb22d-9589-491a-8d99-21d5b27740bb'}
        Body: {"subnet": {"name": "tempest-subnet-smoke-402276776", "enable_dhcp": true, "network_id": "5d033530-c0b7-4e23-9e32-f5ba5292bd79", "tenant_id": "5d904558d1194043af5fd334a1b675ed", "dns_nameservers": [], "gateway_ip": "10.100.0.1", "ipv6_ra_mode": null, "allocation_pools": [{"start": "10.100.0.2", "end": "10.100.0.14"}], "host_routes": [], "ip_version": 4, "ipv6_address_mode": null, "cidr": "10.100.0.0/28", "id": "8811d3e5-2d10-45e9-b128-5495dd324571", "subnetpool_id": null}}
2015-12-06 23:04:02,154 27196 INFO     [tempest_lib.common.rest_client] Request (TestNetworkBasicOps:test_update_instance_port_admin_state): 200 PUT http://10.0.2.15:9696/v2.0/routers/ef8e96b3-34cd-452f-856b-ff7a0e41eefc/add_router_interface 0.438s
2015-12-06 23:04:02,154 27196 DEBUG    [tempest_lib.common.rest_client] Request - Headers: {'Content-Type': 'application/json', 'Accept': 'application/json', 'X-Auth-Token': '&lt;omitted&gt;'}
        Body: {"subnet_id": "8811d3e5-2d10-45e9-b128-5495dd324571"}
    Response - Headers: {'status': '200', 'content-length': '255', 'connection': 'close', 'date': 'Sun, 06 Dec 2015 23:04:02 GMT', 'content-type': 'application/json; charset=UTF-8', 'x-openstack-request-id': 'req-d3399f84-cb75-4053-8c72-16a0e8f1cb04'}
        Body: {"subnet_id": "8811d3e5-2d10-45e9-b128-5495dd324571", "tenant_id": "5d904558d1194043af5fd334a1b675ed", "subnet_ids": ["8811d3e5-2d10-45e9-b128-5495dd324571"], "port_id": "fbc27441-f0de-4431-9c44-f4e2e5c37852", "id": "ef8e96b3-34cd-452f-856b-ff7a0e41eefc"}
2015-12-06 23:04:02,217 27196 INFO     [tempest_lib.common.rest_client] Request (TestNetworkBasicOps:test_update_instance_port_admin_state): 200 GET http://10.0.2.15:9696/v2.0/networks 0.062s
2015-12-06 23:04:02,217 27196 DEBUG    [tempest_lib.common.rest_client] Request - Headers: {'Content-Type': 'application/json', 'Accept': 'application/json', 'X-Auth-Token': '&lt;omitted&gt;'}
        Body: None
    Response - Headers: {'status': '200', 'content-length': '1317', 'content-location': 'http://10.0.2.15:9696/v2.0/networks', 'connection': 'close', 'date': 'Sun, 06 Dec 2015 23:04:02 GMT', 'content-type': 'application/json; charset=UTF-8', 'x-openstack-request-id': 'req-8f5956ff-c661-43a1-b359-0ec8d83ac18e'}
        Body: {"networks": [{"status": "ACTIVE", "subnets": ["b36041cd-5f0d-42ae-b92c-3b665f8187f4", "cd19cf63-67cf-440f-a0d7-4ea3555299f4"], "name": "public", "provider:physical_network": null, "admin_state_up": true, "tenant_id": "2a16385595184a0ca33b6e1e51f91d51", "mtu": 0, "router:external": true, "shared": false, "port_security_enabled": true, "provider:network_type": "vxlan", "id": "bfdc7b62-b15b-47f0-8778-c0997c2fb4f8", "provider:segmentation_id": 1080}, {"status": "ACTIVE", "subnets": ["6d48f485-6761-4a97-a869-5050968f36f6", "b43dbd65-3a6e-4f7d-bb20-d94e5afdd02e"], "name": "private", "provider:physical_network": null, "admin_state_up": true, "tenant_id": "0f189cd683ea4cccbf0ff3688cbe24f7", "mtu": 0, "router:external": false, "shared": false, "port_security_enabled": true, "provider:network_type": "vxlan", "id": "3d85582e-e253-407c-98bb-f773af421022", "provider:segmentation_id": 1034}, {"status": "ACTIVE", "subnets": ["8811d3e5-2d10-45e9-b128-5495dd324571"], "name": "tempest-network-smoke--614933530", "provider:physical_network": null, "admin_state_up": true, "tenant_id": "5d904558d1194043af5fd334a1b675ed", "mtu": 0, "router:external": false, "shared": false, "port_security_enabled": true, "provider:network_type": "vxlan", "id": "5d033530-c0b7-4e23-9e32-f5ba5292bd79", "provider:segmentation_id": 1048}]}
2015-12-06 23:04:02,310 27196 INFO     [tempest_lib.common.rest_client] Request (TestNetworkBasicOps:test_update_instance_port_admin_state): 200 GET http://10.0.2.15:9696/v2.0/subnets 0.092s
2015-12-06 23:04:02,310 27196 DEBUG    [tempest_lib.common.rest_client] Request - Headers: {'Content-Type': 'application/json', 'Accept': 'application/json', 'X-Auth-Token': '&lt;omitted&gt;'}
        Body: None
    Response - Headers: {'status': '200', 'content-length': '2407', 'content-location': 'http://10.0.2.15:9696/v2.0/subnets', 'connection': 'close', 'date': 'Sun, 06 Dec 2015 23:04:02 GMT', 'content-type': 'application/json; charset=UTF-8', 'x-openstack-request-id': 'req-60efefc8-b717-4207-8b00-db237a3a90fe'}
        Body: {"subnets": [{"name": "ipv6-public-subnet", "enable_dhcp": false, "network_id": "bfdc7b62-b15b-47f0-8778-c0997c2fb4f8", "tenant_id": "2a16385595184a0ca33b6e1e51f91d51", "dns_nameservers": [], "gateway_ip": "2001:db8::2", "ipv6_ra_mode": null, "allocation_pools": [{"start": "2001:db8::1", "end": "2001:db8::1"}, {"start": "2001:db8::3", "end": "2001:db8::ffff:ffff:ffff:ffff"}], "host_routes": [], "ip_version": 6, "ipv6_address_mode": null, "cidr": "2001:db8::/64", "id": "b36041cd-5f0d-42ae-b92c-3b665f8187f4", "subnetpool_id": null}, {"name": "ipv6-private-subnet", "enable_dhcp": true, "network_id": "3d85582e-e253-407c-98bb-f773af421022", "tenant_id": "0f189cd683ea4cccbf0ff3688cbe24f7", "dns_nameservers": [], "gateway_ip": "fdd3:9a82:a20b::1", "ipv6_ra_mode": "slaac", "allocation_pools": [{"start": "fdd3:9a82:a20b::2", "end": "fdd3:9a82:a20b:0:ffff:ffff:ffff:ffff"}], "host_routes": [], "ip_version": 6, "ipv6_address_mode": "slaac", "cidr": "fdd3:9a82:a20b::/64", "id": "b43dbd65-3a6e-4f7d-bb20-d94e5afdd02e", "subnetpool_id": null}, {"name": "private-subnet", "enable_dhcp": true, "network_id": "3d85582e-e253-407c-98bb-f773af421022", "tenant_id": "0f189cd683ea4cccbf0ff3688cbe24f7", "dns_nameservers": [], "gateway_ip": "10.0.0.1", "ipv6_ra_mode": null, "allocation_pools": [{"start": "10.0.0.2", "end": "10.0.0.254"}], "host_routes": [], "ip_version": 4, "ipv6_address_mode": null, "cidr": "10.0.0.0/24", "id": "6d48f485-6761-4a97-a869-5050968f36f6", "subnetpool_id": null}, {"name": "public-subnet", "enable_dhcp": false, "network_id": "bfdc7b62-b15b-47f0-8778-c0997c2fb4f8", "tenant_id": "2a16385595184a0ca33b6e1e51f91d51", "dns_nameservers": [], "gateway_ip": "172.24.4.1", "ipv6_ra_mode": null, "allocation_pools": [{"start": "172.24.4.2", "end": "172.24.4.254"}], "host_routes": [], "ip_version": 4, "ipv6_address_mode": null, "cidr": "172.24.4.0/24", "id": "cd19cf63-67cf-440f-a0d7-4ea3555299f4", "subnetpool_id": null}, {"name": "tempest-subnet-smoke-402276776", "enable_dhcp": true, "network_id": "5d033530-c0b7-4e23-9e32-f5ba5292bd79", "tenant_id": "5d904558d1194043af5fd334a1b675ed", "dns_nameservers": [], "gateway_ip": "10.100.0.1", "ipv6_ra_mode": null, "allocation_pools": [{"start": "10.100.0.2", "end": "10.100.0.14"}], "host_routes": [], "ip_version": 4, "ipv6_address_mode": null, "cidr": "10.100.0.0/28", "id": "8811d3e5-2d10-45e9-b128-5495dd324571", "subnetpool_id": null}]}
2015-12-06 23:04:02,362 27196 INFO     [tempest_lib.common.rest_client] Request (TestNetworkBasicOps:test_update_instance_port_admin_state): 200 GET http://10.0.2.15:9696/v2.0/routers 0.050s
2015-12-06 23:04:02,362 27196 DEBUG    [tempest_lib.common.rest_client] Request - Headers: {'Content-Type': 'application/json', 'Accept': 'application/json', 'X-Auth-Token': '&lt;omitted&gt;'}
        Body: None
    Response - Headers: {'status': '200', 'content-length': '1042', 'content-location': 'http://10.0.2.15:9696/v2.0/routers', 'connection': 'close', 'date': 'Sun, 06 Dec 2015 23:04:02 GMT', 'content-type': 'application/json; charset=UTF-8', 'x-openstack-request-id': 'req-149cf3d5-deb1-4780-b95c-7854f4bfe235'}
        Body: {"routers": [{"status": "ACTIVE", "external_gateway_info": {"network_id": "bfdc7b62-b15b-47f0-8778-c0997c2fb4f8", "enable_snat": true, "external_fixed_ips": [{"subnet_id": "cd19cf63-67cf-440f-a0d7-4ea3555299f4", "ip_address": "172.24.4.2"}, {"subnet_id": "b36041cd-5f0d-42ae-b92c-3b665f8187f4", "ip_address": "2001:db8::3"}]}, "name": "router1", "admin_state_up": true, "tenant_id": "0f189cd683ea4cccbf0ff3688cbe24f7", "distributed": false, "routes": [], "ha": false, "id": "35f5e22e-a535-49bb-90f3-cfaa2bab77c6"}, {"status": "ACTIVE", "external_gateway_info": {"network_id": "bfdc7b62-b15b-47f0-8778-c0997c2fb4f8", "enable_snat": true, "external_fixed_ips": [{"subnet_id": "cd19cf63-67cf-440f-a0d7-4ea3555299f4", "ip_address": "172.24.4.17"}, {"subnet_id": "b36041cd-5f0d-42ae-b92c-3b665f8187f4", "ip_address": "2001:db8::12"}]}, "name": "tempest-router-smoke-336349370", "admin_state_up": true, "tenant_id": "5d904558d1194043af5fd334a1b675ed", "distributed": false, "routes": [], "ha": false, "id": "ef8e96b3-34cd-452f-856b-ff7a0e41eefc"}]}
2015-12-06 23:04:02,549 27196 INFO     [tempest_lib.common.rest_client] Request (TestNetworkBasicOps:test_update_instance_port_admin_state): 200 POST http://10.0.2.15:8774/v2.1/5d904558d1194043af5fd334a1b675ed/os-keypairs 0.185s
2015-12-06 23:04:02,550 27196 DEBUG    [tempest_lib.common.rest_client] Request - Headers: {'Content-Type': 'application/json', 'Accept': 'application/json', 'X-Auth-Token': '&lt;omitted&gt;'}
        Body: {"keypair": {"name": "tempest-TestNetworkBasicOps-16901666"}}
    Response - Headers: {'status': '200', 'content-length': '2323', 'x-compute-request-id': 'req-3c7556ee-c582-4d2a-94a9-6a812dceb148', 'vary': 'X-OpenStack-Nova-API-Version', 'connection': 'close', 'x-openstack-nova-api-version': '2.1', 'date': 'Sun, 06 Dec 2015 23:04:02 GMT', 'content-type': 'application/json'}
        Body: {"keypair": {"public_key": "ssh-rsa AAAAB3NzaC1yc2EAAAADAQABAAABAQDEODuX9xSeV+MZvLO7hB8p1E7QSJjAYkrD2CwiCfq0XUk+C/mhguFHI8cBHjQSxiRpv32bXJ7IRFulnJBxK1DIT8re6GB4VfmpzXwQMcjRZNy4Yi8H6oEYa9VufNGuZtAB92t9MoES36nh/UZUYLSmSFs+vMfWbBKq7Y8tWSINvlpMncTup9033y8CGlCV3+g1VMXHPIsoHmcUNn0hhAXMjXnWCntNXWSNJmiL5042oSfDQPqUbNIOlKtXTm0QWspz5OUFDGm6FizlW6/Kwb8QiwVTmrCSnCDs9VQ4SNerC5vWCk5fO/lD1dDa73ND4BH/BpoVJeomNBz4davi1p8l Generated-by-Nova", "private_key": "-----BEGIN RSA PRIVATE KEY-----\nMIIEqgIBAAKCAQEAxDg7l/cUnlfjGbyzu4QfKdRO0EiYwGJKw9gsIgn6tF1JPgv5\noYLhRyPHAR40EsYkab99m1yeyERbpZyQcStQyE/K3uhgeFX5qc18EDHI0WTcuGIv\nB+qBGGvVbnzRrmbQAfdrfTKBEt+p4f1GVGC0pkhbPrzH1mwSqu2PLVkiDb5aTJ3E\n7qfdN98vAhpQld/oNVTFxzyLKB5nFDZ9IYQFzI151gp7TV1kjSZoi+dONqEnw0D6\nlGzSDpSrV05tEFrKc+TlBQxpuhYs5VuvysG/EIsFU5qwkpwg7PVUOEjXqwub1gpO\nXzv5Q9XQ2u9zQ+AR/waaFSXqJjQc+HWr4tafJQIDAQABAoIBAQCjHuRb1unrIMEI\n2ljIYHPPwFGs0U07Ufs5iHJX8dfbLVoAHNBvtnA1RcbgZQ2BNft7ddej2oGdl0Zh\nDSD/E7VacQsD+EaKg17EDLFAfUKm4KSlG+phOFANz0dlTJq703jEyb0wHVY0LH/8\nASQAbUyAl9JS+3leBgYW1tqaJmkq5klh7XF1noIc2sFLhNNZ7n4K7PKCD2EPD97q\nuD3nxyiEwqNPWSNAYLpAANAQiqf23gmNtK+t1y2frCW7WKkTsWCPtj2+PCyvml5H\n2IO7PejIJTIRvB06FYS/rZOowpS9iaBQ0Tr2L/AAqJudzPuupK1H0EORmKmZBv+i\nqTh6d3mZAoIAgQDfewhknxpeA86BlxxgILvjH/SwlErXqfAch2djezveE3R0zm8D\nF09lKihkj98hHa+ZTAoUIfQHT3T6N7hJ0RKYhJ7FB3xXamAJ05Zl5scUgrTf5Hwb\nIjhMBkXY0qvdbCH47lsyk+rQW4x5lsA8nPzYu0TTZdevru1VbM06Dyr5owKCAIEA\n4MWxEH3wfhG7TK2B8Xp14ek4gx40RLsQQa9xbm9BAJBJtVHAk++0UDit5C05mIOk\n14iBQcLa2VsYyZZ0cf9Wr1mTZ2tdXf3E03OzBY1mmPiL3dkiBzSW7CeQogAspBaH\niRZ1P6Ou4ZOoglMAanZuj++5yoKg2LHbunJnEdAjIJcCggCBALRavGlIJaVd+RiI\ndTP29urTbUvcQZJO6SJ8/ClC2QveM4vY1apu83o3TaXqni5BoOdcgH3C8Qe9TjBp\nK2cXPaSs0t07r1N029DSW3wdhOi+m25dHPNg6IIiRdg4HM9zZu9YnWzyBvzkBThT\nOw0vvLbEW0Un2atExvC7/9wtRYd1AoIAgDUaH2HRDw8Jq2FLIIbnMpBjo+k+KoUO\nWKHcDAVWHVo/vFos7T1GBShqq5JbqN7CQyB0bG0X1tJA9lMxy2LfOyCEHhHxyIYb\nHPQDwoiORm3fUlPgJ2ziXMF/+2h6eBFwDScy+hJF3lwGoWngqBl+z1IMBa21PMDV\nDB85ReZscNATAoIAgQC/yE6Yp9R55yQNvjxBUuxfcIKu4pmam1XNszB17uuopBBf\ntH3kodQ9TzAPGRIg4YkfrDZdUe3Z9OXw+heGobiiFqpn4aspj7T0lpHsHJnuTXnt\nMKUVk/b+MouI5WkZcN/mnoEPw41IFQtaY40lMyunROFT2v6srOjP+tu7Fr0TQg==\n-----END RSA PRIVATE KEY-----\n", "user_id": "c3dfd4003db643fbb75d58a89d5a8354", "name": "tempest-TestNetworkBasicOps-16901666", "fingerprint": "cf:00:d0:e7:a5:ce:91:c8:be:9b:72:f0:7a:d1:7d:07"}}
2015-12-06 23:04:02,667 27196 INFO     [tempest_lib.common.rest_client] Request (TestNetworkBasicOps:test_update_instance_port_admin_state): 200 POST http://10.0.2.15:5000/v2.0/tokens
2015-12-06 23:04:02,667 27196 DEBUG    [tempest_lib.common.rest_client] Request - Headers: {'Content-Type': 'application/json', 'Accept': 'application/json'}
        Body: &lt;omitted&gt;
    Response - Headers: {'status': '200', 'content-length': '2528', 'vary': 'X-Auth-Token', 'server': 'Apache/2.4.7 (Ubuntu)', 'connection': 'close', 'date': 'Sun, 06 Dec 2015 23:04:02 GMT', 'content-type': 'application/json', 'x-openstack-request-id': 'req-0c7b37aa-f4fe-47d3-a1d5-285f1ebb9ed8'}
        Body: {"access": {"token": {"issued_at": "2015-12-06T23:04:02.656157", "expires": "2015-12-07T00:04:02Z", "id": "e4258eaf0ea24f8289e26c02de3044c2", "tenant": {"description": "tempest-TestNetworkBasicOps-431970897-desc", "enabled": true, "id": "5d904558d1194043af5fd334a1b675ed", "name": "tempest-TestNetworkBasicOps-431970897"}, "audit_ids": ["RyoNjXMMRd-IKSqiMYOtug"]}, "serviceCatalog": [{"endpoints": [{"adminURL": "http://10.0.2.15:8774/v2.1/5d904558d1194043af5fd334a1b675ed", "region": "RegionOne", "internalURL": "http://10.0.2.15:8774/v2.1/5d904558d1194043af5fd334a1b675ed", "id": "9f60658feee54a54b901f19dc7a1506d", "publicURL": "http://10.0.2.15:8774/v2.1/5d904558d1194043af5fd334a1b675ed"}], "endpoints_links": [], "type": "compute", "name": "nova"}, {"endpoints": [{"adminURL": "http://10.0.2.15:9696/", "region": "RegionOne", "internalURL": "http://10.0.2.15:9696/", "id": "265326ecb10942858eaa7c9a29c18ad5", "publicURL": "http://10.0.2.15:9696/"}], "endpoints_links": [], "type": "network", "name": "neutron"}, {"endpoints": [{"adminURL": "http://10.0.2.15:9292", "region": "RegionOne", "internalURL": "http://10.0.2.15:9292", "id": "0ffb08dcc3374bb59cc9c3f477b884e2", "publicURL": "http://10.0.2.15:9292"}], "endpoints_links": [], "type": "image", "name": "glance"}, {"endpoints": [{"adminURL": "http://10.0.2.15:8774/v2/5d904558d1194043af5fd334a1b675ed", "region": "RegionOne", "internalURL": "http://10.0.2.15:8774/v2/5d904558d1194043af5fd334a1b675ed", "id": "412879cb01564d7587480c016159f41e", "publicURL": "http://10.0.2.15:8774/v2/5d904558d1194043af5fd334a1b675ed"}], "endpoints_links": [], "type": "compute_legacy", "name": "nova_legacy"}, {"endpoints": [{"adminURL": "http://10.0.2.15:8773/", "region": "RegionOne", "internalURL": "http://10.0.2.15:8773/", "id": "b2bfa95966c9454682612606f021aed8", "publicURL": "http://10.0.2.15:8773/"}], "endpoints_links": [], "type": "ec2", "name": "ec2"}, {"endpoints": [{"adminURL": "http://10.0.2.15:35357/v2.0", "region": "RegionOne", "internalURL": "http://10.0.2.15:5000/v2.0", "id": "04becf137c914574a6ac43feb88a103b", "publicURL": "http://10.0.2.15:5000/v2.0"}], "endpoints_links": [], "type": "identity", "name": "keystone"}], "user": {"username": "tempest-TestNetworkBasicOps-1162581836", "roles_links": [], "id": "c3dfd4003db643fbb75d58a89d5a8354", "roles": [{"name": "Member"}, {"name": "_member_"}], "name": "tempest-TestNetworkBasicOps-1162581836"}, "metadata": {"is_admin": 0, "roles": ["cb8579f9e203434ab02636673825a462", "9fe2ff9ee4384b1894a90878d3e92bab"]}}}
2015-12-06 23:04:02,673 27196 DEBUG    [tempest.common.fixed_network] (TestNetworkBasicOps:test_update_instance_port_admin_state) No valid network provided or created, defaulting to fixed_network_name
2015-12-06 23:04:02,998 27196 INFO     [tempest_lib.common.rest_client] Request (TestNetworkBasicOps:test_update_instance_port_admin_state): 200 GET http://10.0.2.15:8774/v2.1/5d904558d1194043af5fd334a1b675ed/os-networks 0.325s
2015-12-06 23:04:02,999 27196 DEBUG    [tempest_lib.common.rest_client] Request - Headers: {'Content-Type': 'application/json', 'Accept': 'application/json', 'X-Auth-Token': '&lt;omitted&gt;'}
        Body: None
    Response - Headers: {'status': '200', 'content-length': '478', 'content-location': 'http://10.0.2.15:8774/v2.1/5d904558d1194043af5fd334a1b675ed/os-networks', 'x-compute-request-id': 'req-f3d3712d-4450-4783-8fee-159f396a7381', 'vary': 'X-OpenStack-Nova-API-Version', 'connection': 'close', 'x-openstack-nova-api-version': '2.1', 'date': 'Sun, 06 Dec 2015 23:04:02 GMT', 'content-type': 'application/json'}
        Body: {"networks": [{"cidr_v6": null, "dns2": null, "dns1": null, "gateway": null, "broadcast": null, "netmask": null, "gateway_v6": null, "cidr": null, "label": "public", "id": "bfdc7b62-b15b-47f0-8778-c0997c2fb4f8", "netmask_v6": null}, {"cidr_v6": null, "dns2": null, "dns1": null, "gateway": null, "broadcast": null, "netmask": null, "gateway_v6": null, "cidr": null, "label": "tempest-network-smoke--614933530", "id": "5d033530-c0b7-4e23-9e32-f5ba5292bd79", "netmask_v6": null}]}
2015-12-06 23:04:02,999 27196 WARNING  [tempest.common.fixed_network] (TestNetworkBasicOps:test_update_instance_port_admin_state) Network with name: private not found
2015-12-06 23:04:03,000 27196 INFO     [tempest.common.fixed_network] (TestNetworkBasicOps:test_update_instance_port_admin_state) Found network {} available for tenant
2015-12-06 23:04:03,580 27196 INFO     [tempest_lib.common.rest_client] Request (TestNetworkBasicOps:test_update_instance_port_admin_state): 202 POST http://10.0.2.15:8774/v2.1/5d904558d1194043af5fd334a1b675ed/servers 0.578s
2015-12-06 23:04:03,580 27196 DEBUG    [tempest_lib.common.rest_client] Request - Headers: {'Content-Type': 'application/json', 'Accept': 'application/json', 'X-Auth-Token': '&lt;omitted&gt;'}
        Body: {"server": {"name": "tempest.common.compute-instance-537674097", "imageRef": "63ce168f-b05e-42b4-882c-bd6896b5c6b7", "key_name": "tempest-TestNetworkBasicOps-16901666", "flavorRef": "42", "networks": [{"uuid": "5d033530-c0b7-4e23-9e32-f5ba5292bd79"}], "security_groups": [{"name": "tempest-secgroup-smoke-1874650177"}]}}
    Response - Headers: {'status': '202', 'content-length': '462', 'x-compute-request-id': 'req-4a2a2ceb-6f0f-4765-94eb-667bfd680b3e', 'vary': 'X-OpenStack-Nova-API-Version', 'connection': 'close', 'location': 'http://10.0.2.15:8774/v2.1/5d904558d1194043af5fd334a1b675ed/servers/f23cb6fd-65cf-4719-970e-0b217a3defa3', 'x-openstack-nova-api-version': '2.1', 'date': 'Sun, 06 Dec 2015 23:04:03 GMT', 'content-type': 'application/json'}
        Body: {"server": {"security_groups": [{"name": "tempest-secgroup-smoke-1874650177"}], "OS-DCF:diskConfig": "MANUAL", "id": "f23cb6fd-65cf-4719-970e-0b217a3defa3", "links": [{"href": "http://10.0.2.15:8774/v2.1/5d904558d1194043af5fd334a1b675ed/servers/f23cb6fd-65cf-4719-970e-0b217a3defa3", "rel": "self"}, {"href": "http://10.0.2.15:8774/5d904558d1194043af5fd334a1b675ed/servers/f23cb6fd-65cf-4719-970e-0b217a3defa3", "rel": "bookmark"}], "adminPass": "PoH9NxFv8vVX"}}
2015-12-06 23:04:03,777 27196 INFO     [tempest_lib.common.rest_client] Request (TestNetworkBasicOps:test_update_instance_port_admin_state): 200 GET http://10.0.2.15:8774/v2.1/5d904558d1194043af5fd334a1b675ed/servers/f23cb6fd-65cf-4719-970e-0b217a3defa3 0.194s
2015-12-06 23:04:03,777 27196 DEBUG    [tempest_lib.common.rest_client] Request - Headers: {'Content-Type': 'application/json', 'Accept': 'application/json', 'X-Auth-Token': '&lt;omitted&gt;'}
        Body: None
    Response - Headers: {'status': '200', 'content-length': '1353', 'content-location': 'http://10.0.2.15:8774/v2.1/5d904558d1194043af5fd334a1b675ed/servers/f23cb6fd-65cf-4719-970e-0b217a3defa3', 'x-compute-request-id': 'req-e42f32a1-a500-4e3b-a979-413863646381', 'vary': 'X-OpenStack-Nova-API-Version', 'connection': 'close', 'x-openstack-nova-api-version': '2.1', 'date': 'Sun, 06 Dec 2015 23:04:03 GMT', 'content-type': 'application/json'}
        Body: {"server": {"status": "BUILD", "updated": "2015-12-06T23:04:03Z", "hostId": "", "addresses": {}, "links": [{"href": "http://10.0.2.15:8774/v2.1/5d904558d1194043af5fd334a1b675ed/servers/f23cb6fd-65cf-4719-970e-0b217a3defa3", "rel": "self"}, {"href": "http://10.0.2.15:8774/5d904558d1194043af5fd334a1b675ed/servers/f23cb6fd-65cf-4719-970e-0b217a3defa3", "rel": "bookmark"}], "key_name": "tempest-TestNetworkBasicOps-16901666", "image": {"id": "63ce168f-b05e-42b4-882c-bd6896b5c6b7", "links": [{"href": "http://10.0.2.15:8774/5d904558d1194043af5fd334a1b675ed/images/63ce168f-b05e-42b4-882c-bd6896b5c6b7", "rel": "bookmark"}]}, "OS-EXT-STS:task_state": "scheduling", "OS-EXT-STS:vm_state": "building", "OS-SRV-USG:launched_at": null, "flavor": {"id": "42", "links": [{"href": "http://10.0.2.15:8774/5d904558d1194043af5fd334a1b675ed/flavors/42", "rel": "bookmark"}]}, "id": "f23cb6fd-65cf-4719-970e-0b217a3defa3", "OS-SRV-USG:terminated_at": null, "OS-EXT-AZ:availability_zone": "", "user_id": "c3dfd4003db643fbb75d58a89d5a8354", "name": "tempest.common.compute-instance-537674097", "created": "2015-12-06T23:04:03Z", "tenant_id": "5d904558d1194043af5fd334a1b675ed", "OS-DCF:diskConfig": "MANUAL", "os-extended-volumes:volumes_attached": [], "accessIPv4": "", "accessIPv6": "", "progress": 0, "OS-EXT-STS:power_state": 0, "config_drive": "", "metadata": {}}}
2015-12-06 23:04:04,987 27196 INFO     [tempest_lib.common.rest_client] Request (TestNetworkBasicOps:test_update_instance_port_admin_state): 200 GET http://10.0.2.15:8774/v2.1/5d904558d1194043af5fd334a1b675ed/servers/f23cb6fd-65cf-4719-970e-0b217a3defa3 0.196s
2015-12-06 23:04:04,987 27196 DEBUG    [tempest_lib.common.rest_client] Request - Headers: {'Content-Type': 'application/json', 'Accept': 'application/json', 'X-Auth-Token': '&lt;omitted&gt;'}
        Body: None
    Response - Headers: {'status': '200', 'content-length': '1479', 'content-location': 'http://10.0.2.15:8774/v2.1/5d904558d1194043af5fd334a1b675ed/servers/f23cb6fd-65cf-4719-970e-0b217a3defa3', 'x-compute-request-id': 'req-980d9527-e28c-4bff-bc47-695ebf4bde14', 'vary': 'X-OpenStack-Nova-API-Version', 'connection': 'close', 'x-openstack-nova-api-version': '2.1', 'date': 'Sun, 06 Dec 2015 23:04:04 GMT', 'content-type': 'application/json'}
        Body: {"server": {"status": "BUILD", "updated": "2015-12-06T23:04:04Z", "hostId": "2c814436e0daf95cf819a11c912cbfbd098ddf87c5d4463e1e6cdeee", "addresses": {}, "links": [{"href": "http://10.0.2.15:8774/v2.1/5d904558d1194043af5fd334a1b675ed/servers/f23cb6fd-65cf-4719-970e-0b217a3defa3", "rel": "self"}, {"href": "http://10.0.2.15:8774/5d904558d1194043af5fd334a1b675ed/servers/f23cb6fd-65cf-4719-970e-0b217a3defa3", "rel": "bookmark"}], "key_name": "tempest-TestNetworkBasicOps-16901666", "image": {"id": "63ce168f-b05e-42b4-882c-bd6896b5c6b7", "links": [{"href": "http://10.0.2.15:8774/5d904558d1194043af5fd334a1b675ed/images/63ce168f-b05e-42b4-882c-bd6896b5c6b7", "rel": "bookmark"}]}, "OS-EXT-STS:task_state": "spawning", "OS-EXT-STS:vm_state": "building", "OS-SRV-USG:launched_at": null, "flavor": {"id": "42", "links": [{"href": "http://10.0.2.15:8774/5d904558d1194043af5fd334a1b675ed/flavors/42", "rel": "bookmark"}]}, "id": "f23cb6fd-65cf-4719-970e-0b217a3defa3", "security_groups": [{"name": "tempest-secgroup-smoke-1874650177"}], "OS-SRV-USG:terminated_at": null, "OS-EXT-AZ:availability_zone": "nova", "user_id": "c3dfd4003db643fbb75d58a89d5a8354", "name": "tempest.common.compute-instance-537674097", "created": "2015-12-06T23:04:03Z", "tenant_id": "5d904558d1194043af5fd334a1b675ed", "OS-DCF:diskConfig": "MANUAL", "os-extended-volumes:volumes_attached": [], "accessIPv4": "", "accessIPv6": "", "progress": 0, "OS-EXT-STS:power_state": 0, "config_drive": "", "metadata": {}}}
2015-12-06 23:04:04,996 27196 INFO     [tempest.common.waiters] State transition "BUILD/scheduling" ==&gt; "BUILD/spawning" after 1 second wait
2015-12-06 23:04:06,212 27196 INFO     [tempest_lib.common.rest_client] Request (TestNetworkBasicOps:test_update_instance_port_admin_state): 200 GET http://10.0.2.15:8774/v2.1/5d904558d1194043af5fd334a1b675ed/servers/f23cb6fd-65cf-4719-970e-0b217a3defa3 0.214s
2015-12-06 23:04:06,213 27196 DEBUG    [tempest_lib.common.rest_client] Request - Headers: {'Content-Type': 'application/json', 'Accept': 'application/json', 'X-Auth-Token': '&lt;omitted&gt;'}
        Body: None
    Response - Headers: {'status': '200', 'content-length': '1479', 'content-location': 'http://10.0.2.15:8774/v2.1/5d904558d1194043af5fd334a1b675ed/servers/f23cb6fd-65cf-4719-970e-0b217a3defa3', 'x-compute-request-id': 'req-1dec9255-5acd-4094-b87e-bf97ba48ca65', 'vary': 'X-OpenStack-Nova-API-Version', 'connection': 'close', 'x-openstack-nova-api-version': '2.1', 'date': 'Sun, 06 Dec 2015 23:04:06 GMT', 'content-type': 'application/json'}
        Body: {"server": {"status": "BUILD", "updated": "2015-12-06T23:04:04Z", "hostId": "2c814436e0daf95cf819a11c912cbfbd098ddf87c5d4463e1e6cdeee", "addresses": {}, "links": [{"href": "http://10.0.2.15:8774/v2.1/5d904558d1194043af5fd334a1b675ed/servers/f23cb6fd-65cf-4719-970e-0b217a3defa3", "rel": "self"}, {"href": "http://10.0.2.15:8774/5d904558d1194043af5fd334a1b675ed/servers/f23cb6fd-65cf-4719-970e-0b217a3defa3", "rel": "bookmark"}], "key_name": "tempest-TestNetworkBasicOps-16901666", "image": {"id": "63ce168f-b05e-42b4-882c-bd6896b5c6b7", "links": [{"href": "http://10.0.2.15:8774/5d904558d1194043af5fd334a1b675ed/images/63ce168f-b05e-42b4-882c-bd6896b5c6b7", "rel": "bookmark"}]}, "OS-EXT-STS:task_state": "spawning", "OS-EXT-STS:vm_state": "building", "OS-SRV-USG:launched_at": null, "flavor": {"id": "42", "links": [{"href": "http://10.0.2.15:8774/5d904558d1194043af5fd334a1b675ed/flavors/42", "rel": "bookmark"}]}, "id": "f23cb6fd-65cf-4719-970e-0b217a3defa3", "security_groups": [{"name": "tempest-secgroup-smoke-1874650177"}], "OS-SRV-USG:terminated_at": null, "OS-EXT-AZ:availability_zone": "nova", "user_id": "c3dfd4003db643fbb75d58a89d5a8354", "name": "tempest.common.compute-instance-537674097", "created": "2015-12-06T23:04:03Z", "tenant_id": "5d904558d1194043af5fd334a1b675ed", "OS-DCF:diskConfig": "MANUAL", "os-extended-volumes:volumes_attached": [], "accessIPv4": "", "accessIPv6": "", "progress": 0, "OS-EXT-STS:power_state": 0, "config_drive": "", "metadata": {}}}
2015-12-06 23:04:07,474 27196 INFO     [tempest_lib.common.rest_client] Request (TestNetworkBasicOps:test_update_instance_port_admin_state): 200 GET http://10.0.2.15:8774/v2.1/5d904558d1194043af5fd334a1b675ed/servers/f23cb6fd-65cf-4719-970e-0b217a3defa3 0.250s
2015-12-06 23:04:07,474 27196 DEBUG    [tempest_lib.common.rest_client] Request - Headers: {'Content-Type': 'application/json', 'Accept': 'application/json', 'X-Auth-Token': '&lt;omitted&gt;'}
        Body: None
    Response - Headers: {'status': '200', 'content-length': '1650', 'content-location': 'http://10.0.2.15:8774/v2.1/5d904558d1194043af5fd334a1b675ed/servers/f23cb6fd-65cf-4719-970e-0b217a3defa3', 'x-compute-request-id': 'req-55d353e7-e0a0-42e2-8ca6-53de7ae5f878', 'vary': 'X-OpenStack-Nova-API-Version', 'connection': 'close', 'x-openstack-nova-api-version': '2.1', 'date': 'Sun, 06 Dec 2015 23:04:07 GMT', 'content-type': 'application/json'}
        Body: {"server": {"status": "ACTIVE", "updated": "2015-12-06T23:04:06Z", "hostId": "2c814436e0daf95cf819a11c912cbfbd098ddf87c5d4463e1e6cdeee", "addresses": {"tempest-network-smoke--614933530": [{"OS-EXT-IPS-MAC:mac_addr": "fa:16:3e:d4:80:f0", "version": 4, "addr": "10.100.0.3", "OS-EXT-IPS:type": "fixed"}]}, "links": [{"href": "http://10.0.2.15:8774/v2.1/5d904558d1194043af5fd334a1b675ed/servers/f23cb6fd-65cf-4719-970e-0b217a3defa3", "rel": "self"}, {"href": "http://10.0.2.15:8774/5d904558d1194043af5fd334a1b675ed/servers/f23cb6fd-65cf-4719-970e-0b217a3defa3", "rel": "bookmark"}], "key_name": "tempest-TestNetworkBasicOps-16901666", "image": {"id": "63ce168f-b05e-42b4-882c-bd6896b5c6b7", "links": [{"href": "http://10.0.2.15:8774/5d904558d1194043af5fd334a1b675ed/images/63ce168f-b05e-42b4-882c-bd6896b5c6b7", "rel": "bookmark"}]}, "OS-EXT-STS:task_state": null, "OS-EXT-STS:vm_state": "active", "OS-SRV-USG:launched_at": "2015-12-06T23:04:06.000000", "flavor": {"id": "42", "links": [{"href": "http://10.0.2.15:8774/5d904558d1194043af5fd334a1b675ed/flavors/42", "rel": "bookmark"}]}, "id": "f23cb6fd-65cf-4719-970e-0b217a3defa3", "security_groups": [{"name": "tempest-secgroup-smoke-1874650177"}], "OS-SRV-USG:terminated_at": null, "OS-EXT-AZ:availability_zone": "nova", "user_id": "c3dfd4003db643fbb75d58a89d5a8354", "name": "tempest.common.compute-instance-537674097", "created": "2015-12-06T23:04:03Z", "tenant_id": "5d904558d1194043af5fd334a1b675ed", "OS-DCF:diskConfig": "MANUAL", "os-extended-volumes:volumes_attached": [], "accessIPv4": "", "accessIPv6": "", "progress": 0, "OS-EXT-STS:power_state": 1, "config_drive": "True", "metadata": {}}}
2015-12-06 23:04:07,483 27196 INFO     [tempest.common.waiters] State transition "BUILD/spawning" ==&gt; "ACTIVE/None" after 4 second wait
2015-12-06 23:04:07,745 27196 INFO     [tempest_lib.common.rest_client] Request (TestNetworkBasicOps:test_update_instance_port_admin_state): 200 GET http://10.0.2.15:8774/v2.1/5d904558d1194043af5fd334a1b675ed/servers/f23cb6fd-65cf-4719-970e-0b217a3defa3 0.261s
2015-12-06 23:04:07,746 27196 DEBUG    [tempest_lib.common.rest_client] Request - Headers: {'Content-Type': 'application/json', 'Accept': 'application/json', 'X-Auth-Token': '&lt;omitted&gt;'}
        Body: None
    Response - Headers: {'status': '200', 'content-length': '1650', 'content-location': 'http://10.0.2.15:8774/v2.1/5d904558d1194043af5fd334a1b675ed/servers/f23cb6fd-65cf-4719-970e-0b217a3defa3', 'x-compute-request-id': 'req-523c5750-ab7c-48f3-8212-f17788d14f0a', 'vary': 'X-OpenStack-Nova-API-Version', 'connection': 'close', 'x-openstack-nova-api-version': '2.1', 'date': 'Sun, 06 Dec 2015 23:04:07 GMT', 'content-type': 'application/json'}
        Body: {"server": {"status": "ACTIVE", "updated": "2015-12-06T23:04:06Z", "hostId": "2c814436e0daf95cf819a11c912cbfbd098ddf87c5d4463e1e6cdeee", "addresses": {"tempest-network-smoke--614933530": [{"OS-EXT-IPS-MAC:mac_addr": "fa:16:3e:d4:80:f0", "version": 4, "addr": "10.100.0.3", "OS-EXT-IPS:type": "fixed"}]}, "links": [{"href": "http://10.0.2.15:8774/v2.1/5d904558d1194043af5fd334a1b675ed/servers/f23cb6fd-65cf-4719-970e-0b217a3defa3", "rel": "self"}, {"href": "http://10.0.2.15:8774/5d904558d1194043af5fd334a1b675ed/servers/f23cb6fd-65cf-4719-970e-0b217a3defa3", "rel": "bookmark"}], "key_name": "tempest-TestNetworkBasicOps-16901666", "image": {"id": "63ce168f-b05e-42b4-882c-bd6896b5c6b7", "links": [{"href": "http://10.0.2.15:8774/5d904558d1194043af5fd334a1b675ed/images/63ce168f-b05e-42b4-882c-bd6896b5c6b7", "rel": "bookmark"}]}, "OS-EXT-STS:task_state": null, "OS-EXT-STS:vm_state": "active", "OS-SRV-USG:launched_at": "2015-12-06T23:04:06.000000", "flavor": {"id": "42", "links": [{"href": "http://10.0.2.15:8774/5d904558d1194043af5fd334a1b675ed/flavors/42", "rel": "bookmark"}]}, "id": "f23cb6fd-65cf-4719-970e-0b217a3defa3", "security_groups": [{"name": "tempest-secgroup-smoke-1874650177"}], "OS-SRV-USG:terminated_at": null, "OS-EXT-AZ:availability_zone": "nova", "user_id": "c3dfd4003db643fbb75d58a89d5a8354", "name": "tempest.common.compute-instance-537674097", "created": "2015-12-06T23:04:03Z", "tenant_id": "5d904558d1194043af5fd334a1b675ed", "OS-DCF:diskConfig": "MANUAL", "os-extended-volumes:volumes_attached": [], "accessIPv4": "", "accessIPv6": "", "progress": 0, "OS-EXT-STS:power_state": 1, "config_drive": "True", "metadata": {}}}
2015-12-06 23:04:07,754 27196 INFO     [tempest.scenario.manager] Tenant networks not configured to be reachable.
2015-12-06 23:04:07,783 27196 INFO     [tempest_lib.common.rest_client] Request (TestNetworkBasicOps:test_update_instance_port_admin_state): 200 GET http://10.0.2.15:9696/v2.0/ports?status=ACTIVE&amp;fixed_ip=None&amp;device_id=f23cb6fd-65cf-4719-970e-0b217a3defa3 0.028s
2015-12-06 23:04:07,783 27196 DEBUG    [tempest_lib.common.rest_client] Request - Headers: {'Content-Type': 'application/json', 'Accept': 'application/json', 'X-Auth-Token': '&lt;omitted&gt;'}
        Body: None
    Response - Headers: {'status': '200', 'content-length': '895', 'content-location': 'http://10.0.2.15:9696/v2.0/ports?status=ACTIVE&amp;fixed_ip=None&amp;device_id=f23cb6fd-65cf-4719-970e-0b217a3defa3', 'connection': 'close', 'date': 'Sun, 06 Dec 2015 23:04:07 GMT', 'content-type': 'application/json; charset=UTF-8', 'x-openstack-request-id': 'req-a34b56dd-6533-49ac-824b-d4078a76fa9d'}
        Body: {"ports": [{"status": "ACTIVE", "binding:host_id": "vagrant-ubuntu-trusty-64", "allowed_address_pairs": [], "extra_dhcp_opts": [], "dns_assignment": [{"hostname": "host-10-100-0-3", "ip_address": "10.100.0.3", "fqdn": "host-10-100-0-3.openstacklocal."}], "device_owner": "compute:None", "port_security_enabled": true, "binding:profile": {}, "fixed_ips": [{"subnet_id": "8811d3e5-2d10-45e9-b128-5495dd324571", "ip_address": "10.100.0.3"}], "id": "a9b41f58-d0a8-4145-aba2-9c75112c9820", "security_groups": ["6b75010c-c31d-4633-836a-0b9de9c2bb5b"], "device_id": "f23cb6fd-65cf-4719-970e-0b217a3defa3", "name": "", "admin_state_up": true, "network_id": "5d033530-c0b7-4e23-9e32-f5ba5292bd79", "dns_name": "", "binding:vif_details": {"port_filter": true}, "binding:vnic_type": "normal", "binding:vif_type": "ovs", "tenant_id": "5d904558d1194043af5fd334a1b675ed", "mac_address": "fa:16:3e:d4:80:f0"}]}
2015-12-06 23:04:08,187 27196 INFO     [tempest_lib.common.rest_client] Request (TestNetworkBasicOps:test_update_instance_port_admin_state): 201 POST http://10.0.2.15:9696/v2.0/floatingips 0.403s
2015-12-06 23:04:08,188 27196 DEBUG    [tempest_lib.common.rest_client] Request - Headers: {'Content-Type': 'application/json', 'Accept': 'application/json', 'X-Auth-Token': '&lt;omitted&gt;'}
        Body: {"floatingip": {"floating_network_id": "bfdc7b62-b15b-47f0-8778-c0997c2fb4f8", "tenant_id": "5d904558d1194043af5fd334a1b675ed", "fixed_ip_address": "10.100.0.3", "port_id": "a9b41f58-d0a8-4145-aba2-9c75112c9820"}}
    Response - Headers: {'status': '201', 'content-length': '368', 'connection': 'close', 'date': 'Sun, 06 Dec 2015 23:04:08 GMT', 'content-type': 'application/json; charset=UTF-8', 'x-openstack-request-id': 'req-51fa8b54-582e-42d8-9f51-cdb7c9751653'}
        Body: {"floatingip": {"floating_network_id": "bfdc7b62-b15b-47f0-8778-c0997c2fb4f8", "router_id": "ef8e96b3-34cd-452f-856b-ff7a0e41eefc", "fixed_ip_address": "10.100.0.3", "floating_ip_address": "172.24.4.18", "tenant_id": "5d904558d1194043af5fd334a1b675ed", "status": "DOWN", "port_id": "a9b41f58-d0a8-4145-aba2-9c75112c9820", "id": "e81bb262-fe45-47f5-8a3c-1c7ff5ad60da"}}
2015-12-06 23:04:08,221 27196 INFO     [tempest_lib.common.rest_client] Request (TestNetworkBasicOps:test_update_instance_port_admin_state): 200 GET http://10.0.2.15:9696/v2.0/ports?device_id=f23cb6fd-65cf-4719-970e-0b217a3defa3 0.033s
2015-12-06 23:04:08,221 27196 DEBUG    [tempest_lib.common.rest_client] Request - Headers: {'Content-Type': 'application/json', 'Accept': 'application/json', 'X-Auth-Token': '&lt;omitted&gt;'}
        Body: None
    Response - Headers: {'status': '200', 'content-length': '895', 'content-location': 'http://10.0.2.15:9696/v2.0/ports?device_id=f23cb6fd-65cf-4719-970e-0b217a3defa3', 'connection': 'close', 'date': 'Sun, 06 Dec 2015 23:04:08 GMT', 'content-type': 'application/json; charset=UTF-8', 'x-openstack-request-id': 'req-330f5300-352b-4cf3-90e8-5d4985ac6126'}
        Body: {"ports": [{"status": "ACTIVE", "binding:host_id": "vagrant-ubuntu-trusty-64", "allowed_address_pairs": [], "extra_dhcp_opts": [], "dns_assignment": [{"hostname": "host-10-100-0-3", "ip_address": "10.100.0.3", "fqdn": "host-10-100-0-3.openstacklocal."}], "device_owner": "compute:None", "port_security_enabled": true, "binding:profile": {}, "fixed_ips": [{"subnet_id": "8811d3e5-2d10-45e9-b128-5495dd324571", "ip_address": "10.100.0.3"}], "id": "a9b41f58-d0a8-4145-aba2-9c75112c9820", "security_groups": ["6b75010c-c31d-4633-836a-0b9de9c2bb5b"], "device_id": "f23cb6fd-65cf-4719-970e-0b217a3defa3", "name": "", "admin_state_up": true, "network_id": "5d033530-c0b7-4e23-9e32-f5ba5292bd79", "dns_name": "", "binding:vif_details": {"port_filter": true}, "binding:vnic_type": "normal", "binding:vif_type": "ovs", "tenant_id": "5d904558d1194043af5fd334a1b675ed", "mac_address": "fa:16:3e:d4:80:f0"}]}
2015-12-06 23:04:08,234 27196 INFO     [tempest_lib.common.rest_client] Request (TestNetworkBasicOps:test_update_instance_port_admin_state): 200 GET http://10.0.2.15:9696/v2.0/floatingips/e81bb262-fe45-47f5-8a3c-1c7ff5ad60da 0.011s
2015-12-06 23:04:08,234 27196 DEBUG    [tempest_lib.common.rest_client] Request - Headers: {'Content-Type': 'application/json', 'Accept': 'application/json', 'X-Auth-Token': '&lt;omitted&gt;'}
        Body: None
    Response - Headers: {'status': '200', 'content-length': '368', 'content-location': 'http://10.0.2.15:9696/v2.0/floatingips/e81bb262-fe45-47f5-8a3c-1c7ff5ad60da', 'connection': 'close', 'date': 'Sun, 06 Dec 2015 23:04:08 GMT', 'content-type': 'application/json; charset=UTF-8', 'x-openstack-request-id': 'req-0cc78dbc-52b7-455f-9310-7ff6b11b0fcd'}
        Body: {"floatingip": {"floating_network_id": "bfdc7b62-b15b-47f0-8778-c0997c2fb4f8", "router_id": "ef8e96b3-34cd-452f-856b-ff7a0e41eefc", "fixed_ip_address": "10.100.0.3", "floating_ip_address": "172.24.4.18", "tenant_id": "5d904558d1194043af5fd334a1b675ed", "status": "DOWN", "port_id": "a9b41f58-d0a8-4145-aba2-9c75112c9820", "id": "e81bb262-fe45-47f5-8a3c-1c7ff5ad60da"}}
2015-12-06 23:04:09,249 27196 INFO     [tempest_lib.common.rest_client] Request (TestNetworkBasicOps:test_update_instance_port_admin_state): 200 GET http://10.0.2.15:9696/v2.0/floatingips/e81bb262-fe45-47f5-8a3c-1c7ff5ad60da 0.013s
2015-12-06 23:04:09,250 27196 DEBUG    [tempest_lib.common.rest_client] Request - Headers: {'Content-Type': 'application/json', 'Accept': 'application/json', 'X-Auth-Token': '&lt;omitted&gt;'}
        Body: None
    Response - Headers: {'status': '200', 'content-length': '370', 'content-location': 'http://10.0.2.15:9696/v2.0/floatingips/e81bb262-fe45-47f5-8a3c-1c7ff5ad60da', 'connection': 'close', 'date': 'Sun, 06 Dec 2015 23:04:09 GMT', 'content-type': 'application/json; charset=UTF-8', 'x-openstack-request-id': 'req-2221321a-8832-4a4e-8b11-43bf43f86ba9'}
        Body: {"floatingip": {"floating_network_id": "bfdc7b62-b15b-47f0-8778-c0997c2fb4f8", "router_id": "ef8e96b3-34cd-452f-856b-ff7a0e41eefc", "fixed_ip_address": "10.100.0.3", "floating_ip_address": "172.24.4.18", "tenant_id": "5d904558d1194043af5fd334a1b675ed", "status": "ACTIVE", "port_id": "a9b41f58-d0a8-4145-aba2-9c75112c9820", "id": "e81bb262-fe45-47f5-8a3c-1c7ff5ad60da"}}
2015-12-06 23:04:09,250 27196 INFO     [tempest.scenario.manager] FloatingIP: &lt;"FloatingIP" addr="172.24.4.18" id="e81bb262-fe45-47f5-8a3c-1c7ff5ad60da"&gt; is at status: ACTIVE
2015-12-06 23:04:09,250 27196 DEBUG    [tempest.scenario.manager] checking network connections to IP 172.24.4.18 with user: cirros
2015-12-06 23:04:09,251 27196 DEBUG    [tempest.scenario.manager] TestNetworkBasicOps:test_update_instance_port_admin_state begins to ping 172.24.4.18 in 120 sec and the expected result is reachable
2015-12-06 23:04:27,304 27196 DEBUG    [tempest.scenario.manager] TestNetworkBasicOps:test_update_instance_port_admin_state finishes ping 172.24.4.18 in 120 sec and the ping result is expected
2015-12-06 23:04:27,305 27196 INFO     [tempest_lib.common.ssh] Creating ssh connection to '172.24.4.18' as 'cirros' with public key authentication
2015-12-06 23:04:27,310 27196 WARNING  [tempest_lib.common.ssh] Failed to establish authenticated ssh connection to cirros@172.24.4.18 ([Errno None] Unable to connect to port 22 on  or 172.24.4.18). Number attempts: 1. Retry after 2 seconds.
2015-12-06 23:04:29,926 27196 INFO     [paramiko.transport] Connected (version 2.0, client dropbear_2012.55)
2015-12-06 23:04:30,224 27196 INFO     [paramiko.transport] Authentication (publickey) successful!
2015-12-06 23:04:30,243 27196 INFO     [tempest_lib.common.ssh] ssh connection to cirros@172.24.4.18 successfuly created
2015-12-06 23:04:30,618 27196 INFO     [tempest_lib.common.rest_client] Request (TestNetworkBasicOps:test_update_instance_port_admin_state): 200 PUT http://10.0.2.15:9696/v2.0/ports/a9b41f58-d0a8-4145-aba2-9c75112c9820 0.259s
2015-12-06 23:04:30,619 27196 DEBUG    [tempest_lib.common.rest_client] Request - Headers: {'Content-Type': 'application/json', 'Accept': 'application/json', 'X-Auth-Token': '&lt;omitted&gt;'}
        Body: {"port": {"admin_state_up": false}}
    Response - Headers: {'status': '200', 'content-length': '750', 'connection': 'close', 'date': 'Sun, 06 Dec 2015 23:04:30 GMT', 'content-type': 'application/json; charset=UTF-8', 'x-openstack-request-id': 'req-fc573cd1-f603-4faa-b0a1-3077de1e73f6'}
        Body: {"port": {"status": "ACTIVE", "name": "", "allowed_address_pairs": [], "admin_state_up": false, "network_id": "5d033530-c0b7-4e23-9e32-f5ba5292bd79", "dns_name": "", "extra_dhcp_opts": [], "mac_address": "fa:16:3e:d4:80:f0", "dns_assignment": [{"hostname": "host-10-100-0-3", "ip_address": "10.100.0.3", "fqdn": "host-10-100-0-3.openstacklocal."}], "binding:vnic_type": "normal", "device_owner": "compute:None", "tenant_id": "5d904558d1194043af5fd334a1b675ed", "port_security_enabled": true, "fixed_ips": [{"subnet_id": "8811d3e5-2d10-45e9-b128-5495dd324571", "ip_address": "10.100.0.3"}], "id": "a9b41f58-d0a8-4145-aba2-9c75112c9820", "security_groups": ["6b75010c-c31d-4633-836a-0b9de9c2bb5b"], "device_id": "f23cb6fd-65cf-4719-970e-0b217a3defa3"}}
2015-12-06 23:04:30,619 27196 DEBUG    [tempest.scenario.manager] checking network connections to IP 172.24.4.18 with user: cirros
2015-12-06 23:04:30,620 27196 DEBUG    [tempest.scenario.manager] TestNetworkBasicOps:test_update_instance_port_admin_state begins to ping 172.24.4.18 in 120 sec and the expected result is unreachable
2015-12-06 23:06:31,153 27196 DEBUG    [tempest.scenario.manager] TestNetworkBasicOps:test_update_instance_port_admin_state finishes ping 172.24.4.18 in 120 sec and the ping result is unexpected
2015-12-06 23:06:31,155 27196 ERROR    [tempest.scenario.manager] Public network connectivity check failed: after updating admin_state_up of instance port to False
2015-12-06 23:06:31.155 27196 ERROR tempest.scenario.manager Traceback (most recent call last):
2015-12-06 23:06:31.155 27196 ERROR tempest.scenario.manager   File "tempest/scenario/manager.py", line 606, in check_public_network_connectivity
2015-12-06 23:06:31.155 27196 ERROR tempest.scenario.manager     should_connect=should_connect)
2015-12-06 23:06:31.155 27196 ERROR tempest.scenario.manager   File "tempest/scenario/manager.py", line 590, in check_vm_connectivity
2015-12-06 23:06:31.155 27196 ERROR tempest.scenario.manager     msg=msg)
2015-12-06 23:06:31.155 27196 ERROR tempest.scenario.manager   File "/usr/local/lib/python2.7/dist-packages/unittest2/case.py", line 702, in assertTrue
2015-12-06 23:06:31.155 27196 ERROR tempest.scenario.manager     raise self.failureException(msg)
2015-12-06 23:06:31.155 27196 ERROR tempest.scenario.manager AssertionError: False is not true : ip address 172.24.4.18 is reachable
2015-12-06 23:06:31.155 27196 ERROR tempest.scenario.manager 
2015-12-06 23:06:31,377 27196 INFO     [tempest_lib.common.rest_client] Request (TestNetworkBasicOps:test_update_instance_port_admin_state): 200 POST http://10.0.2.15:8774/v2.1/5d904558d1194043af5fd334a1b675ed/servers/f23cb6fd-65cf-4719-970e-0b217a3defa3/action 0.217s
2015-12-06 23:06:31,378 27196 DEBUG    [tempest_lib.common.rest_client] Request - Headers: {'Content-Type': 'application/json', 'Accept': 'application/json', 'X-Auth-Token': '&lt;omitted&gt;'}
        Body: {"os-getConsoleOutput": {}}
    Response - Headers: {'status': '200', 'content-length': '19742', 'x-compute-request-id': 'req-401a819e-11f4-4ea3-94eb-f97158878542', 'vary': 'X-OpenStack-Nova-API-Version', 'connection': 'close', 'x-openstack-nova-api-version': '2.1', 'date': 'Sun, 06 Dec 2015 23:06:31 GMT', 'content-type': 'application/json'}
        Body: {"output": "[    0.000000] Initializing cgroup subsys cpuset\n[    0.000000] Initializing cgroup subsys cpu\n[    0.000000] Linux version 3.2.0-80-virtual (buildd@batsu) (gcc version 4.6.3 (Ubuntu/Linaro 4.6.3-1ubuntu5) ) #116-Ubuntu SMP Mon Mar 23 17:28:52 UTC 2015 (Ubuntu 3.2.0-80.116-virtual 3.2.68)\n[    0.000000] Command line: root=/dev/vda console=tty0 console=ttyS0 no_timer_check\n[    0.000000] KERNEL supported cpus:\n[    0.000000]   Intel GenuineIntel\n[    0.000000]   AMD AuthenticAMD\n[    0.000000]   Centaur CentaurHauls\n[    0.000000] BIOS-provided physical RAM map:\n[    0.000000]  BIOS-e820: 0000000000000000 - 000000000009fc00 (usable)\n[    0.000000]  BIOS-e820: 000000000009fc00 - 00000000000a0000 (reserved)\n[    0.000000]  BIOS-e820: 00000000000f0000 - 0000000000100000 (reserved)\n[    0.000000]  BIOS-e820: 0000000000100000 - 0000000003ffe000 (usable)\n[    0.000000]  BIOS-e820: 0000000003ffe000 - 0000000004000000 (reserved)\n[    0.000000]  BIOS-e820: 00000000fffc0000 - 0000000100000000 (reserved)\n[    0.000000] NX (Execute Disable) protection: active\n[    0.000000] SMBIOS 2.4 present.\n[    0.000000] No AGP bridge found\n[    0.000000] last_pfn = 0x3ffe max_arch_pfn = 0x400000000\n[    0.000000] x86 PAT enabled: cpu 0, old 0x7040600070406, new 0x7010600070106\n[    0.000000] found SMP MP-table at [ffff8800000f0b00] f0b00\n[    0.000000] init_memory_mapping: 0000000000000000-0000000003ffe000\n[    0.000000] RAMDISK: 03c5e000 - 03ff0000\n[    0.000000] ACPI: RSDP 00000000000f0950 00014 (v00 BOCHS )\n[    0.000000] ACPI: RSDT 0000000003fffbc1 00034 (v01 BOCHS  BXPCRSDT 00000001 BXPC 00000001)\n[    0.000000] ACPI: FACP 0000000003fff1c0 00074 (v01 BOCHS  BXPCFACP 00000001 BXPC 00000001)\n[    0.000000] ACPI: DSDT 0000000003ffe040 01180 (v01 BOCHS  BXPCDSDT 00000001 BXPC 00000001)\n[    0.000000] ACPI: FACS 0000000003ffe000 00040\n[    0.000000] ACPI: SSDT 0000000003fff234 008DD (v01 BOCHS  BXPCSSDT 00000001 BXPC 00000001)\n[    0.000000] ACPI: APIC 0000000003fffb11 00078 (v01 BOCHS  BXPCAPIC 00000001 BXPC 00000001)\n[    0.000000] ACPI: HPET 0000000003fffb89 00038 (v01 BOCHS  BXPCHPET 00000001 BXPC 00000001)\n[    0.000000] No NUMA configuration found\n[    0.000000] Faking a node at 0000000000000000-0000000003ffe000\n[    0.000000] Initmem setup node 0 0000000000000000-0000000003ffe000\n[    0.000000]   NODE_DATA [0000000003ff6000 - 0000000003ffafff]\n[    0.000000] Zone PFN ranges:\n[    0.000000]   DMA      0x00000010 -&gt; 0x00001000\n[    0.000000]   DMA32    0x00001000 -&gt; 0x00100000\n[    0.000000]   Normal   empty\n[    0.000000] Movable zone start PFN for each node\n[    0.000000] early_node_map[2] active PFN ranges\n[    0.000000]     0: 0x00000010 -&gt; 0x0000009f\n[    0.000000]     0: 0x00000100 -&gt; 0x00003ffe\n[    0.000000] ACPI: PM-Timer IO Port: 0xb008\n[    0.000000] ACPI: LAPIC (acpi_id[0x00] lapic_id[0x00] enabled)\n[    0.000000] ACPI: LAPIC_NMI (acpi_id[0xff] dfl dfl lint[0x1])\n[    0.000000] ACPI: IOAPIC (id[0x00] address[0xfec00000] gsi_base[0])\n[    0.000000] IOAPIC[0]: apic_id 0, version 17, address 0xfec00000, GSI 0-23\n[    0.000000] ACPI: INT_SRC_OVR (bus 0 bus_irq 0 global_irq 2 dfl dfl)\n[    0.000000] ACPI: INT_SRC_OVR (bus 0 bus_irq 5 global_irq 5 high level)\n[    0.000000] ACPI: INT_SRC_OVR (bus 0 bus_irq 9 global_irq 9 high level)\n[    0.000000] ACPI: INT_SRC_OVR (bus 0 bus_irq 10 global_irq 10 high level)\n[    0.000000] ACPI: INT_SRC_OVR (bus 0 bus_irq 11 global_irq 11 high level)\n[    0.000000] Using ACPI (MADT) for SMP configuration information\n[    0.000000] ACPI: HPET id: 0x8086a201 base: 0xfed00000\n[    0.000000] SMP: Allowing 1 CPUs, 0 hotplug CPUs\n[    0.000000] PM: Registered nosave memory: 000000000009f000 - 00000000000a0000\n[    0.000000] PM: Registered nosave memory: 00000000000a0000 - 00000000000f0000\n[    0.000000] PM: Registered nosave memory: 00000000000f0000 - 0000000000100000\n[    0.000000] Allocating PCI resources starting at 4000000 (gap: 4000000:fbfc0000)\n[    0.000000] Booting paravirtualized kernel on bare hardware\n[    0.000000] setup_pe
2015-12-06 23:06:31,382 27196 DEBUG    [tempest.scenario.manager] Console output for f23cb6fd-65cf-4719-970e-0b217a3defa3
body=
[    0.000000] Initializing cgroup subsys cpuset
[    0.000000] Initializing cgroup subsys cpu
[    0.000000] Linux version 3.2.0-80-virtual (buildd@batsu) (gcc version 4.6.3 (Ubuntu/Linaro 4.6.3-1ubuntu5) ) #116-Ubuntu SMP Mon Mar 23 17:28:52 UTC 2015 (Ubuntu 3.2.0-80.116-virtual 3.2.68)
[    0.000000] Command line: root=/dev/vda console=tty0 console=ttyS0 no_timer_check
[    0.000000] KERNEL supported cpus:
[    0.000000]   Intel GenuineIntel
[    0.000000]   AMD AuthenticAMD
[    0.000000]   Centaur CentaurHauls
[    0.000000] BIOS-provided physical RAM map:
[    0.000000]  BIOS-e820: 0000000000000000 - 000000000009fc00 (usable)
[    0.000000]  BIOS-e820: 000000000009fc00 - 00000000000a0000 (reserved)
[    0.000000]  BIOS-e820: 00000000000f0000 - 0000000000100000 (reserved)
[    0.000000]  BIOS-e820: 0000000000100000 - 0000000003ffe000 (usable)
[    0.000000]  BIOS-e820: 0000000003ffe000 - 0000000004000000 (reserved)
[    0.000000]  BIOS-e820: 00000000fffc0000 - 0000000100000000 (reserved)
[    0.000000] NX (Execute Disable) protection: active
[    0.000000] SMBIOS 2.4 present.
[    0.000000] No AGP bridge found
[    0.000000] last_pfn = 0x3ffe max_arch_pfn = 0x400000000
[    0.000000] x86 PAT enabled: cpu 0, old 0x7040600070406, new 0x7010600070106
[    0.000000] found SMP MP-table at [ffff8800000f0b00] f0b00
[    0.000000] init_memory_mapping: 0000000000000000-0000000003ffe000
[    0.000000] RAMDISK: 03c5e000 - 03ff0000
[    0.000000] ACPI: RSDP 00000000000f0950 00014 (v00 BOCHS )
[    0.000000] ACPI: RSDT 0000000003fffbc1 00034 (v01 BOCHS  BXPCRSDT 00000001 BXPC 00000001)
[    0.000000] ACPI: FACP 0000000003fff1c0 00074 (v01 BOCHS  BXPCFACP 00000001 BXPC 00000001)
[    0.000000] ACPI: DSDT 0000000003ffe040 01180 (v01 BOCHS  BXPCDSDT 00000001 BXPC 00000001)
[    0.000000] ACPI: FACS 0000000003ffe000 00040
[    0.000000] ACPI: SSDT 0000000003fff234 008DD (v01 BOCHS  BXPCSSDT 00000001 BXPC 00000001)
[    0.000000] ACPI: APIC 0000000003fffb11 00078 (v01 BOCHS  BXPCAPIC 00000001 BXPC 00000001)
[    0.000000] ACPI: HPET 0000000003fffb89 00038 (v01 BOCHS  BXPCHPET 00000001 BXPC 00000001)
[    0.000000] No NUMA configuration found
[    0.000000] Faking a node at 0000000000000000-0000000003ffe000
[    0.000000] Initmem setup node 0 0000000000000000-0000000003ffe000
[    0.000000]   NODE_DATA [0000000003ff6000 - 0000000003ffafff]
[    0.000000] Zone PFN ranges:
[    0.000000]   DMA      0x00000010 -&gt; 0x00001000
[    0.000000]   DMA32    0x00001000 -&gt; 0x00100000
[    0.000000]   Normal   empty
[    0.000000] Movable zone start PFN for each node
[    0.000000] early_node_map[2] active PFN ranges
[    0.000000]     0: 0x00000010 -&gt; 0x0000009f
[    0.000000]     0: 0x00000100 -&gt; 0x00003ffe
[    0.000000] ACPI: PM-Timer IO Port: 0xb008
[    0.000000] ACPI: LAPIC (acpi_id[0x00] lapic_id[0x00] enabled)
[    0.000000] ACPI: LAPIC_NMI (acpi_id[0xff] dfl dfl lint[0x1])
[    0.000000] ACPI: IOAPIC (id[0x00] address[0xfec00000] gsi_base[0])
[    0.000000] IOAPIC[0]: apic_id 0, version 17, address 0xfec00000, GSI 0-23
[    0.000000] ACPI: INT_SRC_OVR (bus 0 bus_irq 0 global_irq 2 dfl dfl)
[    0.000000] ACPI: INT_SRC_OVR (bus 0 bus_irq 5 global_irq 5 high level)
[    0.000000] ACPI: INT_SRC_OVR (bus 0 bus_irq 9 global_irq 9 high level)
[    0.000000] ACPI: INT_SRC_OVR (bus 0 bus_irq 10 global_irq 10 high level)
[    0.000000] ACPI: INT_SRC_OVR (bus 0 bus_irq 11 global_irq 11 high level)
[    0.000000] Using ACPI (MADT) for SMP configuration information
[    0.000000] ACPI: HPET id: 0x8086a201 base: 0xfed00000
[    0.000000] SMP: Allowing 1 CPUs, 0 hotplug CPUs
[    0.000000] PM: Registered nosave memory: 000000000009f000 - 00000000000a0000
[    0.000000] PM: Registered nosave memory: 00000000000a0000 - 00000000000f0000
[    0.000000] PM: Registered nosave memory: 00000000000f0000 - 0000000000100000
[    0.000000] Allocating PCI resources starting at 4000000 (gap: 4000000:fbfc0000)
[    0.000000] Booting paravirtualized kernel on bare hardware
[    0.000000] setup_percpu: NR_CPUS:64 nr_cpumask_bits:64 nr_cpu_ids:1 nr_node_ids:1
[    0.000000] PERCPU: Embedded 27 pages/cpu @ffff880003a00000 s78848 r8192 d23552 u2097152
[    0.000000] Built 1 zonelists in Node order, mobility grouping on.  Total pages: 16008
[    0.000000] Policy zone: DMA32
[    0.000000] Kernel command line: root=/dev/vda console=tty0 console=ttyS0 no_timer_check
[    0.000000] PID hash table entries: 256 (order: -1, 2048 bytes)
[    0.000000] Checking aperture...
[    0.000000] No AGP bridge found
[    0.000000] Memory: 43492k/65528k available (6576k kernel code, 452k absent, 21584k reserved, 6620k data, 928k init)
[    0.000000] SLUB: Genslabs=15, HWalign=64, Order=0-3, MinObjects=0, CPUs=1, Nodes=1
[    0.000000] Hierarchical RCU implementation.
[    0.000000] 	RCU dyntick-idle grace-period acceleration is enabled.
[    0.000000] NR_IRQS:4352 nr_irqs:256 16
[    0.000000] Console: colour VGA+ 80x25
[    0.000000] console [tty0] enabled
[    0.000000] console [ttyS0] enabled
[    0.000000] allocated 1048576 bytes of page_cgroup
[    0.000000] please try 'cgroup_disable=memory' option if you don't want memory cgroups
[    0.000000] Fast TSC calibration failed
[    0.000000] TSC: Unable to calibrate against PIT
[    0.000000] TSC: using HPET reference calibration
[    0.000000] Detected 2295.146 MHz processor.
[    0.032783] Calibrating delay loop (skipped), value calculated using timer frequency.. 4590.29 BogoMIPS (lpj=9180584)
[    0.036775] pid_max: default: 32768 minimum: 301
[    0.045908] Security Framework initialized
[    0.050399] AppArmor: AppArmor initialized
[    0.051000] Yama: becoming mindful.
[    0.057606] Dentry cache hash table entries: 8192 (order: 4, 65536 bytes)
[    0.058963] Inode-cache hash table entries: 4096 (order: 3, 32768 bytes)
[    0.060676] Mount-cache hash table entries: 256
[    0.075008] Initializing cgroup subsys cpuacct
[    0.076165] Initializing cgroup subsys memory
[    0.077579] Initializing cgroup subsys devices
[    0.078257] Initializing cgroup subsys freezer
[    0.078856] Initializing cgroup subsys blkio
[    0.080125] Initializing cgroup subsys perf_event
[    0.084543] mce: CPU supports 10 MCE banks
[    0.087457] SMP alternatives: switching to UP code
[    0.489929] Freeing SMP alternatives: 24k freed
[    0.491462] ACPI: Core revision 20110623
[    0.536425] ftrace: allocating 26610 entries in 105 pages
[    0.570314] ..TIMER: vector=0x30 apic1=0 pin1=2 apic2=-1 pin2=-1
[    0.572153] CPU0: AMD QEMU Virtual CPU version 2.0.0 stepping 03
[    0.576035] Performance Events: Broken PMU hardware detected, using software events only.
[    0.586448] NMI watchdog disabled (cpu0): hardware events not enabled
[    0.588633] Brought up 1 CPUs
[    0.589233] Total of 1 processors activated (4590.29 BogoMIPS).
[    0.613645] devtmpfs: initialized
[    0.645622] EVM: security.selinux
[    0.646055] EVM: security.SMACK64
[    0.646513] EVM: security.capability
[    0.669321] print_constraints: dummy: 
[    0.670947] RTC time: 23:04:09, date: 12/06/15
[    0.673490] NET: Registered protocol family 16
[    0.688605] ACPI: bus type pci registered
[    0.692704] PCI: Using configuration type 1 for base access
[    0.725054] bio: create slab &lt;bio-0&gt; at 0
[    0.729602] ACPI: Added _OSI(Module Device)
[    0.730161] ACPI: Added _OSI(Processor Device)
[    0.730808] ACPI: Added _OSI(3.0 _SCP Extensions)
[    0.732128] ACPI: Added _OSI(Processor Aggregator Device)
[    0.796616] ACPI: Interpreter enabled
[    0.797182] ACPI: (supports S0 S3 S4 S5)
[    0.799220] ACPI: Using IOAPIC for interrupt routing
[    0.881184] ACPI: No dock devices found.
[    0.882018] HEST: Table not found.
[    0.882483] PCI: Using host bridge windows from ACPI; if necessary, use "pci=nocrs" and report a bug
[    0.889056] ACPI: PCI Root Bridge [PCI0] (domain 0000 [bus 00-ff])
[    0.896055] pci_root PNP0A03:00: host bridge window [io  0x0000-0x0cf7]
[    0.896150] pci_root PNP0A03:00: host bridge window [io  0x0d00-0xadff]
[    0.896791] pci_root PNP0A03:00: host bridge window [io  0xae0f-0xaeff]
[    0.897668] pci_root PNP0A03:00: host bridge window [io  0xaf20-0xafdf]
[    0.900106] pci_root PNP0A03:00: host bridge window [io  0xafe4-0xffff]
[    0.901039] pci_root PNP0A03:00: host bridge window [mem 0x000a0000-0x000bffff]
[    0.902204] pci_root PNP0A03:00: host bridge window [mem 0x04000000-0xfebfffff]
[    0.925237] pci 0000:00:01.3: quirk: [io  0xb000-0xb03f] claimed by PIIX4 ACPI
[    0.926139] pci 0000:00:01.3: quirk: [io  0xb100-0xb10f] claimed by PIIX4 SMB
[    0.995231]  pci0000:00: Unable to request _OSC control (_OSC support mask: 0x1e)
[    1.064935] ACPI: PCI Interrupt Link [LNKA] (IRQs 5 *10 11)
[    1.067142] ACPI: PCI Interrupt Link [LNKB] (IRQs 5 *10 11)
[    1.069406] ACPI: PCI Interrupt Link [LNKC] (IRQs 5 10 *11)
[    1.072910] ACPI: PCI Interrupt Link [LNKD] (IRQs 5 10 *11)
[    1.075000] ACPI: PCI Interrupt Link [LNKS] (IRQs *9)
[    1.085743] vgaarb: device added: PCI:0000:00:02.0,decodes=io+mem,owns=io+mem,locks=none
[    1.086764] vgaarb: loaded
[    1.087110] vgaarb: bridge control possible 0000:00:02.0
[    1.090167] i2c-core: driver [aat2870] using legacy suspend method
[    1.090823] i2c-core: driver [aat2870] using legacy resume method
[    1.093514] SCSI subsystem initialized
[    1.097577] usbcore: registered new interface driver usbfs
[    1.100524] usbcore: registered new interface driver hub
[    1.101783] usbcore: registered new device driver usb
[    1.106158] PCI: Using ACPI for IRQ routing
[    1.117551] NetLabel: Initializing
[    1.117985] NetLabel:  domain hash size = 128
[    1.118526] NetLabel:  protocols = UNLABELED CIPSOv4
[    1.121268] NetLabel:  unlabeled traffic allowed by default
[    1.124216] HPET: 3 timers in total, 0 timers will be used for per-cpu timer
[    1.125301] hpet0: at MMIO 0xfed00000, IRQs 2, 8, 0
[    1.126079] hpet0: 3 comparators, 64-bit 100.000000 MHz counter
[    1.138460] Switching to clocksource hpet
[    1.373373] AppArmor: AppArmor Filesystem Enabled
[    1.374737] pnp: PnP ACPI init
[    1.375488] ACPI: bus type pnp registered
[    1.399931] pnp: PnP ACPI: found 9 devices
[    1.402156] ACPI: ACPI bus type pnp unregistered
[    1.470687] NET: Registered protocol family 2
[    1.514456] IP route cache hash table entries: 512 (order: 0, 4096 bytes)
[    1.522896] TCP established hash table entries: 2048 (order: 3, 32768 bytes)
[    1.525183] TCP bind hash table entries: 2048 (order: 3, 32768 bytes)
[    1.526073] TCP: Hash tables configured (established 2048 bind 2048)
[    1.526810] TCP reno registered
[    1.527442] UDP hash table entries: 128 (order: 0, 4096 bytes)
[    1.529399] UDP-Lite hash table entries: 128 (order: 0, 4096 bytes)
[    1.533643] NET: Registered protocol family 1
[    1.534533] pci 0000:00:00.0: Limiting direct PCI/PCI transfers
[    1.535212] pci 0000:00:01.0: PIIX3: Enabling Passive Release
[    1.537091] pci 0000:00:01.0: Activating ISA DMA hang workarounds
[    1.541636] ACPI: PCI Interrupt Link [LNKD] enabled at IRQ 11
[    1.542696] pci 0000:00:01.2: PCI INT D -&gt; Link[LNKD] -&gt; GSI 11 (level, high) -&gt; IRQ 11
[    1.545565] pci 0000:00:01.2: PCI INT D disabled
[    1.566670] Trying to unpack rootfs image as initramfs...
[    1.583826] audit: initializing netlink socket (disabled)
[    1.585749] type=2000 audit(1449443049.584:1): initialized
[    1.889253] HugeTLB registered 2 MB page size, pre-allocated 0 pages
[    1.964049] VFS: Disk quotas dquot_6.5.2
[    1.965950] Dquot-cache hash table entries: 512 (order 0, 4096 bytes)
[    1.991130] fuse init (API version 7.17)
[    1.994395] msgmni has been set to 84
[    2.031185] Block layer SCSI generic (bsg) driver version 0.4 loaded (major 253)
[    2.041311] io scheduler noop registered
[    2.041868] io scheduler deadline registered (default)
[    2.042756] io scheduler cfq registered
[    2.047072] pci_hotplug: PCI Hot Plug PCI Core version: 0.5
[    2.050065] pciehp: PCI Express Hot Plug Controller Driver version: 0.4
[    2.057883] input: Power Button as /devices/LNXSYSTM:00/LNXPWRBN:00/input/input0
[    2.059991] ACPI: Power Button [PWRF]
[    2.115978] ERST: Table is not found!
[    2.116792] GHES: HEST is not enabled!
[    2.129407] ACPI: PCI Interrupt Link [LNKC] enabled at IRQ 10
[    2.130998] virtio-pci 0000:00:03.0: PCI INT A -&gt; Link[LNKC] -&gt; GSI 10 (level, high) -&gt; IRQ 10
[    2.135582] virtio-pci 0000:00:04.0: PCI INT A -&gt; Link[LNKD] -&gt; GSI 11 (level, high) -&gt; IRQ 11
[    2.154353] ACPI: PCI Interrupt Link [LNKA] enabled at IRQ 10
[    2.155042] virtio-pci 0000:00:05.0: PCI INT A -&gt; Link[LNKA] -&gt; GSI 10 (level, high) -&gt; IRQ 10
[    2.167002] Serial: 8250/16550 driver, 32 ports, IRQ sharing enabled
[    2.213131] serial8250: ttyS0 at I/O 0x3f8 (irq = 4) is a 16550A
[    2.301051] serial8250: ttyS1 at I/O 0x2f8 (irq = 3) is a 16550A
[    2.433811] 00:05: ttyS0 at I/O 0x3f8 (irq = 4) is a 16550A
[    2.513376] 00:06: ttyS1 at I/O 0x2f8 (irq = 3) is a 16550A
[    2.550013] Refined TSC clocksource calibration: 2295.277 MHz.
[    2.553290] Switching to clocksource tsc
[    2.569252] Linux agpgart interface v0.103
[    2.646087] brd: module loaded
[    2.684315] loop: module loaded
[    2.738127]  vda: unknown partition table
[    2.793745] scsi0 : ata_piix
[    2.801724] scsi1 : ata_piix
[    2.803770] ata1: PATA max MWDMA2 cmd 0x1f0 ctl 0x3f6 bmdma 0xc0a0 irq 14
[    2.805503] ata2: PATA max MWDMA2 cmd 0x170 ctl 0x376 bmdma 0xc0a8 irq 15
[    2.815224] Fixed MDIO Bus: probed
[    2.817950] tun: Universal TUN/TAP device driver, 1.6
[    2.818554] tun: (C) 1999-2004 Max Krasnyansky &lt;maxk@qualcomm.com&gt;
[    2.833738] PPP generic driver version 2.4.2
[    2.861222] ehci_hcd: USB 2.0 'Enhanced' Host Controller (EHCI) Driver
[    2.862575] ohci_hcd: USB 1.1 'Open' Host Controller (OHCI) Driver
[    2.865349] uhci_hcd: USB Universal Host Controller Interface driver
[    2.866901] uhci_hcd 0000:00:01.2: PCI INT D -&gt; Link[LNKD] -&gt; GSI 11 (level, high) -&gt; IRQ 11
[    2.870152] uhci_hcd 0000:00:01.2: UHCI Host Controller
[    2.894091] uhci_hcd 0000:00:01.2: new USB bus registered, assigned bus number 1
[    2.895968] uhci_hcd 0000:00:01.2: irq 11, io base 0x0000c040
[    2.936057] hub 1-0:1.0: USB hub found
[    2.937326] hub 1-0:1.0: 2 ports detected
[    2.943997] usbcore: registered new interface driver libusual
[    2.947248] i8042: PNP: PS/2 Controller [PNP0303:KBD,PNP0f13:MOU] at 0x60,0x64 irq 1,12
[    2.958656] serio: i8042 KBD port at 0x60,0x64 irq 1
[    2.961012] serio: i8042 AUX port at 0x60,0x64 irq 12
[    2.999873] mousedev: PS/2 mouse device common for all mice
[    3.026331] input: AT Translated Set 2 keyboard as /devices/platform/i8042/serio0/input/input1
[    3.031646] ata2.01: ATAPI: QEMU DVD-ROM, 2.0.0, max UDMA/100
[    3.036760] rtc_cmos 00:01: RTC can wake from S4
[    3.052229] rtc_cmos 00:01: rtc core: registered rtc_cmos as rtc0
[    3.060614] rtc0: alarms up to one day, 114 bytes nvram, hpet irqs
[    3.064626] device-mapper: uevent: version 1.0.3
[    3.081145] ata2.01: configured for MWDMA2
[    3.123938] device-mapper: ioctl: 4.22.0-ioctl (2011-10-19) initialised: dm-devel@redhat.com
[    3.131738] cpuidle: using governor ladder
[    3.134937] cpuidle: using governor menu
[    3.136070] EFI Variables Facility v0.08 2004-May-17
[    3.147595] TCP cubic registered
[    3.154437] NET: Registered protocol family 10
[    3.186707] NET: Registered protocol family 17
[    3.189174] Registering the dns_resolver key type
[    3.204101] scsi 1:0:1:0: CD-ROM            QEMU     QEMU DVD-ROM     2.0. PQ: 0 ANSI: 5
[    3.236010] sr0: scsi3-mmc drive: 4x/4x cd/rw xa/form2 tray
[    3.238486] cdrom: Uniform CD-ROM driver Revision: 3.20
[    3.256297] sr 1:0:1:0: Attached scsi generic sg0 type 5
[    3.313708] registered taskstats version 1
[    3.387797] Freeing initrd memory: 3656k freed
[    3.943254]   Magic number: 11:441:99
[    3.954421] rtc_cmos 00:01: setting system clock to 2015-12-06 23:04:12 UTC (1449443052)
[    3.957041] powernow-k8: Processor cpuid 663 not supported
[    3.963595] BIOS EDD facility v0.16 2004-Jun-25, 0 devices found
[    3.965457] EDD information not available.
[    4.041243] Freeing unused kernel memory: 928k freed
[    4.047262] Write protecting the kernel read-only data: 12288k
[    4.155924] Freeing unused kernel memory: 1596k freed
[    4.214356] Freeing unused kernel memory: 1184k freed

info: initramfs: up at 4.37
modprobe: module virtio_blk not found in modules.dep
modprobe: module virtio_net not found in modules.dep
info: copying initramfs to /dev/vda
info: initramfs loading root from /dev/vda
info: /etc/init.d/rc.sysinit: up at 9.24
info: container: none
Starting logging: OK
modprobe: module virtio_blk not found in modules.dep
modprobe: module virtio_net not found in modules.dep
WARN: /etc/rc3.d/S10-load-modules failed
Initializing random number generator... done.
Starting acpid: OK
cirros-ds 'local' up at 11.73
found datasource (configdrive, local)
Starting network...
udhcpc (v1.20.1) started
Sending discover...
Sending select for 10.100.0.3...
Lease of 10.100.0.3 obtained, lease time 86400
route: SIOCADDRT: File exists
WARN: failed: route add -net "0.0.0.0/0" gw "10.100.0.1"
Starting dropbear sshd: generating rsa key... generating dsa key... OK
no userdata for datasource
=== system information ===
Platform: OpenStack Foundation OpenStack Nova
Container: none
Arch: x86_64
CPU(s): 1 @ 2295.146 MHz
Cores/Sockets/Threads: 1/1/1
Virt-type: AMD-V
RAM Size: 49MB
Disks:
NAME MAJ:MIN     SIZE LABEL         MOUNTPOINT
vda  253:0   25165824 cirros-rootfs /
sr0   11:0     428032 config-2      
=== sshd host keys ===
-----BEGIN SSH HOST KEY KEYS-----
ssh-rsa AAAAB3NzaC1yc2EAAAADAQABAAAAgwCBS6AwdkB3Gz2+qlT7ugspMn9qkovpHO1VFGN5cO9pO4Eskyd/BCDp5Tn+3latXPVE7UAS5ddaflaXmWQ+A2XkxxQE6xfXLjc69IeKxwfk4nk9pTID+ZcuUXLq6CFw+jGf6EvebYlanbVj78qYWZt3WcUToKpcRHzX7aaIej4Zzbif root@tempest
ssh-dss AAAAB3NzaC1kc3MAAACBANnZuAxnXigKTkhSS3R4mPO5IQc2Gh8axVxGu23778biH53gTIMzx4tGejmCktl8oFYLGcmHeqxrb4aBBijJVmKZloS9jZevdVSaAZ1xFVxr03XlwB5DEjYYyG7G8MwreAehvOt9g7tMkcjH6D/B32hNFphrwnd7T8Z+XA18alHPAAAAFQClrExqLdiERtNPuXGdCbbovpgY4QAAAIEAn6L2+0UlDvxxt1cI1L9tYiBAT5fB68QJ7vOOWZWf5+S3d5Kv06ZRAMEhydiZi4CxWB6WzZdZupUUUZZ12CCQDujGS2x69K2HrFhqK6uMIpn1KtaxK5UVH9Nookx1IoVfc6QtmR8WxZP/H2LEonCXDmmCn0PyAg8HGJBbTL67mgsAAACBAMKBzMEpdpuY7I3IMgxU5rhXzIBSKqweNAaJzzJ4RKHsIAqxvJ8cCJzVuo/v1yOMRnXuhEDj4PymwjUBRP7bbLAsxjE7PnQfwDoEKQzr/dUxNJ3wjWpswZG6fMtK1DflFaF5jk/geP2y3dYa/8RgPt4yB+4e06HKeAG/eBa0F1r8 root@tempest
-----END SSH HOST KEY KEYS-----
=== network info ===
if-info: lo,up,127.0.0.1,8,::1
if-info: eth0,up,10.100.0.3,28,fe80::f816:3eff:fed4:80f0
ip-route:default via 10.100.0.1 dev eth0 
ip-route:10.100.0.0/28 dev eth0  src 10.100.0.3 
ip-route:169.254.169.254 via 10.100.0.1 dev eth0 
=== datasource: configdrive local ===
instance-id: f23cb6fd-65cf-4719-970e-0b217a3defa3
name: tempest.common.compute-instance-537674097
availability-zone: nova
local-hostname: tempest.common.compute-instance-537674097.novalocal
launch-index: 0
=== cirros: current=0.3.4 uptime=21.43 ===
  ____               ____  ____
 / __/ __ ____ ____ / __ \/ __/
/ /__ / // __// __// /_/ /\ \ 
\___//_//_/  /_/   \____/___/ 
   http://cirros-cloud.net


login as 'cirros' user. default password: 'cubswin:)'. use 'sudo' for root.
tempest login: 
2015-12-06 23:06:31,584 27196 INFO     [tempest_lib.common.rest_client] Request (TestNetworkBasicOps:_run_cleanups): 204 DELETE http://10.0.2.15:9696/v2.0/floatingips/e81bb262-fe45-47f5-8a3c-1c7ff5ad60da 0.195s
2015-12-06 23:06:31,584 27196 DEBUG    [tempest_lib.common.rest_client] Request - Headers: {'Content-Type': 'application/json', 'Accept': 'application/json', 'X-Auth-Token': '&lt;omitted&gt;'}
        Body: None
    Response - Headers: {'date': 'Sun, 06 Dec 2015 23:06:31 GMT', 'status': '204', 'connection': 'close', 'content-length': '0', 'x-openstack-request-id': 'req-fb1dc35f-f991-4a0b-aae9-9177f94bd885'}
        Body: 
2015-12-06 23:06:31,802 27196 INFO     [tempest_lib.common.rest_client] Request (TestNetworkBasicOps:_run_cleanups): 204 DELETE http://10.0.2.15:8774/v2.1/5d904558d1194043af5fd334a1b675ed/servers/f23cb6fd-65cf-4719-970e-0b217a3defa3 0.217s
2015-12-06 23:06:31,802 27196 DEBUG    [tempest_lib.common.rest_client] Request - Headers: {'Content-Type': 'application/json', 'Accept': 'application/json', 'X-Auth-Token': '&lt;omitted&gt;'}
        Body: None
    Response - Headers: {'status': '204', 'content-length': '0', 'x-compute-request-id': 'req-f54aa79c-d394-4db1-9c38-d24d113db4ef', 'vary': 'X-OpenStack-Nova-API-Version', 'connection': 'close', 'x-openstack-nova-api-version': '2.1', 'date': 'Sun, 06 Dec 2015 23:06:31 GMT', 'content-type': 'application/json'}
        Body: 
2015-12-06 23:06:32,005 27196 INFO     [tempest_lib.common.rest_client] Request (TestNetworkBasicOps:_run_cleanups): 200 GET http://10.0.2.15:8774/v2.1/5d904558d1194043af5fd334a1b675ed/servers/f23cb6fd-65cf-4719-970e-0b217a3defa3 0.201s
2015-12-06 23:06:32,006 27196 DEBUG    [tempest_lib.common.rest_client] Request - Headers: {'Content-Type': 'application/json', 'Accept': 'application/json', 'X-Auth-Token': '&lt;omitted&gt;'}
        Body: None
    Response - Headers: {'status': '200', 'content-length': '1774', 'content-location': 'http://10.0.2.15:8774/v2.1/5d904558d1194043af5fd334a1b675ed/servers/f23cb6fd-65cf-4719-970e-0b217a3defa3', 'x-compute-request-id': 'req-bbb2d803-ce20-4c29-9060-54d77130bd87', 'vary': 'X-OpenStack-Nova-API-Version', 'connection': 'close', 'x-openstack-nova-api-version': '2.1', 'date': 'Sun, 06 Dec 2015 23:06:32 GMT', 'content-type': 'application/json'}
        Body: {"server": {"status": "ACTIVE", "updated": "2015-12-06T23:06:31Z", "hostId": "2c814436e0daf95cf819a11c912cbfbd098ddf87c5d4463e1e6cdeee", "addresses": {"tempest-network-smoke--614933530": [{"OS-EXT-IPS-MAC:mac_addr": "fa:16:3e:d4:80:f0", "version": 4, "addr": "10.100.0.3", "OS-EXT-IPS:type": "fixed"}, {"OS-EXT-IPS-MAC:mac_addr": "fa:16:3e:d4:80:f0", "version": 4, "addr": "172.24.4.18", "OS-EXT-IPS:type": "floating"}]}, "links": [{"href": "http://10.0.2.15:8774/v2.1/5d904558d1194043af5fd334a1b675ed/servers/f23cb6fd-65cf-4719-970e-0b217a3defa3", "rel": "self"}, {"href": "http://10.0.2.15:8774/5d904558d1194043af5fd334a1b675ed/servers/f23cb6fd-65cf-4719-970e-0b217a3defa3", "rel": "bookmark"}], "key_name": "tempest-TestNetworkBasicOps-16901666", "image": {"id": "63ce168f-b05e-42b4-882c-bd6896b5c6b7", "links": [{"href": "http://10.0.2.15:8774/5d904558d1194043af5fd334a1b675ed/images/63ce168f-b05e-42b4-882c-bd6896b5c6b7", "rel": "bookmark"}]}, "OS-EXT-STS:task_state": "deleting", "OS-EXT-STS:vm_state": "active", "OS-SRV-USG:launched_at": "2015-12-06T23:04:06.000000", "flavor": {"id": "42", "links": [{"href": "http://10.0.2.15:8774/5d904558d1194043af5fd334a1b675ed/flavors/42", "rel": "bookmark"}]}, "id": "f23cb6fd-65cf-4719-970e-0b217a3defa3", "security_groups": [{"name": "tempest-secgroup-smoke-1874650177"}], "OS-SRV-USG:terminated_at": null, "OS-EXT-AZ:availability_zone": "nova", "user_id": "c3dfd4003db643fbb75d58a89d5a8354", "name": "tempest.common.compute-instance-537674097", "created": "2015-12-06T23:04:03Z", "tenant_id": "5d904558d1194043af5fd334a1b675ed", "OS-DCF:diskConfig": "MANUAL", "os-extended-volumes:volumes_attached": [], "accessIPv4": "", "accessIPv6": "", "progress": 0, "OS-EXT-STS:power_state": 1, "config_drive": "True", "metadata": {}}}
2015-12-06 23:06:33,191 27196 INFO     [tempest_lib.common.rest_client] Request (TestNetworkBasicOps:_run_cleanups): 200 GET http://10.0.2.15:8774/v2.1/5d904558d1194043af5fd334a1b675ed/servers/f23cb6fd-65cf-4719-970e-0b217a3defa3 0.170s
2015-12-06 23:06:33,191 27196 DEBUG    [tempest_lib.common.rest_client] Request - Headers: {'Content-Type': 'application/json', 'Accept': 'application/json', 'X-Auth-Token': '&lt;omitted&gt;'}
        Body: None
