<?xml version="1.0" encoding="UTF-8"?>
<!DOCTYPE html PUBLIC "-//W3C//DTD XHTML 1.0 Strict//EN"
     "http://www.w3.org/TR/xhtml1/DTD/xhtml1-strict.dtd">
<html xmlns="http://www.w3.org/1999/xhtml">
<head>
    <title>Unit Test Report</title>
    <meta name="generator" content="subunit2html 0.1"/>
    <meta http-equiv="Content-Type" content="text/html; charset=UTF-8"/>
    
<style type="text/css" media="screen">
body        { font-family: verdana, arial, helvetica, sans-serif;
    font-size: 80%; }
table       { font-size: 100%; width: 100%;}
pre         { font-size: 80%; }

/* -- heading -------------------------------------------------------------- */
h1 {
        font-size: 16pt;
        color: gray;
}
.heading {
    margin-top: 0ex;
    margin-bottom: 1ex;
}

.heading .attribute {
    margin-top: 1ex;
    margin-bottom: 0;
}

.heading .description {
    margin-top: 4ex;
    margin-bottom: 6ex;
}

/* -- css div popup -------------------------------------------------------- */
a.popup_link {
}

a.popup_link:hover {
    color: red;
}

.popup_window {
    display: none;
    overflow-x: scroll;
    /*border: solid #627173 1px; */
    padding: 10px;
    background-color: #E6E6D6;
    font-family: "Ubuntu Mono", "Lucida Console", "Courier New", monospace;
    text-align: left;
    font-size: 8pt;
}

}
/* -- report --------------------------------------------------------------- */
#show_detail_line {
    margin-top: 3ex;
    margin-bottom: 1ex;
}
#result_table {
    width: 100%;
    border-collapse: collapse;
    border: 1px solid #777;
}
#header_row {
    font-weight: bold;
    color: white;
    background-color: #777;
}
#result_table td {
    border: 1px solid #777;
    padding: 2px;
}
#total_row  { font-weight: bold; }
.passClass  { background-color: #6c6; }
.failClass  { background-color: #c60; }
.errorClass { background-color: #c00; }
.passCase   { color: #6c6; }
.failCase   { color: #c60; font-weight: bold; }
.errorCase  { color: #c00; font-weight: bold; }
.hiddenRow  { display: none; }
.testcase   { margin-left: 2em; }
td.testname {width: 40%}
td.small {width: 40px}

/* -- ending --------------------------------------------------------------- */
#ending {
}

</style>

</head>
<body>
<script language="javascript" type="text/javascript"><!--
output_list = Array();

/* level - 0:Summary; 1:Failed; 2:All */
function showCase(level) {
    trs = document.getElementsByTagName("tr");
    for (var i = 0; i < trs.length; i++) {
        tr = trs[i];
        id = tr.id;
        if (id.substr(0,2) == 'ft') {
            if (level < 1) {
                tr.className = 'hiddenRow';
            }
            else {
                tr.className = '';
            }
        }
        if (id.substr(0,2) == 'pt') {
            if (level > 1) {
                tr.className = '';
            }
            else {
                tr.className = 'hiddenRow';
            }
        }
    }
}


function showClassDetail(cid, count) {
    var id_list = Array(count);
    var toHide = 1;
    for (var i = 0; i < count; i++) {
        tid0 = 't' + cid.substr(1) + '.' + (i+1);
        tid = 'f' + tid0;
        tr = document.getElementById(tid);
        if (!tr) {
            tid = 'p' + tid0;
            tr = document.getElementById(tid);
        }
        id_list[i] = tid;
        if (tr.className) {
            toHide = 0;
        }
    }
    for (var i = 0; i < count; i++) {
        tid = id_list[i];
        if (toHide) {
            document.getElementById('div_'+tid).style.display = 'none'
            document.getElementById(tid).className = 'hiddenRow';
        }
        else {
            document.getElementById(tid).className = '';
        }
    }
}


function showTestDetail(div_id){
    var details_div = document.getElementById(div_id)
    var displayState = details_div.style.display
    // alert(displayState)
    if (displayState != 'block' ) {
        displayState = 'block'
        details_div.style.display = 'block'
    }
    else {
        details_div.style.display = 'none'
    }
}


function html_escape(s) {
    s = s.replace(/&/g,'&amp;');
    s = s.replace(/</g,'&lt;');
    s = s.replace(/>/g,'&gt;');
    return s;
}

/* obsoleted by detail in <div>
function showOutput(id, name) {
    var w = window.open("", //url
                    name,
                    "resizable,scrollbars,status,width=800,height=450");
    d = w.document;
    d.write("<pre>");
    d.write(html_escape(output_list[id]));
    d.write("\n");
    d.write("<a href='javascript:window.close()'>close</a>\n");
    d.write("</pre>\n");
    d.close();
}
*/
--></script>

<div class='heading'>
<h1>Unit Test Report</h1>

<p class='attribute'><strong>Status:</strong> Pass 1 Failure 8</p>

<p class='description'></p>
</div>



<p id='show_detail_line'>Show
<a href='javascript:showCase(0)'>Summary</a>
<a href='javascript:showCase(1)'>Failed</a>
<a href='javascript:showCase(2)'>All</a>
</p>
<table id='result_table'>
<colgroup>
<col align='left' />
<col align='right' />
<col align='right' />
<col align='right' />
<col align='right' />
<col align='right' />
<col align='right' />
<col align='right' />
</colgroup>
<tr id='header_row'>
    <td>Test Group/Test case</td>
    <td>Count</td>
    <td>Pass</td>
    <td>Fail</td>
    <td>Error</td>
    <td>Skip</td>
    <td>View</td>
    <td> </td>
</tr>

<tr class='failClass'>
    <td class="testname">tempest.scenario.test_network_basic_ops.TestNetworkBasicOps</td>
    <td class="small">9</td>
    <td class="small">1</td>
    <td class="small">8</td>
    <td class="small">0</td>
    <td class="small">0</td>
    <td class="small"><a href="javascript:showClassDetail('c1',9)"
>Detail</a></td>
    <td> </td>
</tr>

<tr id='ft1.1' class='none'>
    <td class='failCase'><div class='testcase'>test_connectivity_between_vms_on_different_networks[compute,id-1546850e-fbaa-42f5-8b5f-03d8a6a95f15,network]</div></td>
    <td colspan='7' align='left'>

    <!--css div popup start-->
    <a class="popup_link" onfocus='this.blur();'
    href="javascript:showTestDetail('div_ft1.1')" >
        fail</a>

    <div id='div_ft1.1' class="popup_window">
        <div style='text-align: right; color:red;cursor:pointer'>
        <a onfocus='this.blur();'
onclick="document.getElementById('div_ft1.1').style.display = 'none' " >
           [x]</a>
        </div>
        <pre>
        
ft1.1: tempest.scenario.test_network_basic_ops.TestNetworkBasicOps.test_connectivity_between_vms_on_different_networks[compute,id-1546850e-fbaa-42f5-8b5f-03d8a6a95f15,network]_StringException: Empty attachments:
  stderr
  stdout

pythonlogging:'': {{{
2015-12-17 23:49:11,836 20923 INFO     [tempest_lib.common.rest_client] Request (TestNetworkBasicOps:test_connectivity_between_vms_on_different_networks): 201 POST http://10.0.2.15:9696/v2.0/security-groups 0.335s
2015-12-17 23:49:11,836 20923 DEBUG    [tempest_lib.common.rest_client] Request - Headers: {'Content-Type': 'application/json', 'Accept': 'application/json', 'X-Auth-Token': '&lt;omitted&gt;'}
        Body: {"security_group": {"tenant_id": "3c506741b2de494ca0ba128771b9f4f2", "description": "tempest-secgroup-smoke-343448513 description", "name": "tempest-secgroup-smoke-343448513"}}
    Response - Headers: {'status': '201', 'content-length': '886', 'connection': 'close', 'date': 'Thu, 17 Dec 2015 23:49:11 GMT', 'content-type': 'application/json; charset=UTF-8', 'x-openstack-request-id': 'req-cc3dd075-2c20-4b46-8479-7fcda56de80a'}
        Body: {"security_group": {"tenant_id": "3c506741b2de494ca0ba128771b9f4f2", "description": "tempest-secgroup-smoke-343448513 description", "id": "0add7f6f-15f4-45e5-81d0-9e84813d89f8", "security_group_rules": [{"remote_group_id": null, "direction": "egress", "remote_ip_prefix": null, "protocol": null, "ethertype": "IPv4", "tenant_id": "3c506741b2de494ca0ba128771b9f4f2", "port_range_max": null, "port_range_min": null, "id": "0d46fea3-97c0-40b9-a355-64df8fa99f00", "security_group_id": "0add7f6f-15f4-45e5-81d0-9e84813d89f8"}, {"remote_group_id": null, "direction": "egress", "remote_ip_prefix": null, "protocol": null, "ethertype": "IPv6", "tenant_id": "3c506741b2de494ca0ba128771b9f4f2", "port_range_max": null, "port_range_min": null, "id": "5aa85163-3a44-4057-a9b5-1f4394a4e895", "security_group_id": "0add7f6f-15f4-45e5-81d0-9e84813d89f8"}], "name": "tempest-secgroup-smoke-343448513"}}
2015-12-17 23:49:11,943 20923 INFO     [tempest_lib.common.rest_client] Request (TestNetworkBasicOps:test_connectivity_between_vms_on_different_networks): 201 POST http://10.0.2.15:9696/v2.0/security-group-rules 0.104s
2015-12-17 23:49:11,944 20923 DEBUG    [tempest_lib.common.rest_client] Request - Headers: {'Content-Type': 'application/json', 'Accept': 'application/json', 'X-Auth-Token': '&lt;omitted&gt;'}
        Body: {"security_group_rule": {"direction": "ingress", "protocol": "tcp", "tenant_id": "3c506741b2de494ca0ba128771b9f4f2", "port_range_max": 22, "security_group_id": "0add7f6f-15f4-45e5-81d0-9e84813d89f8", "port_range_min": 22}}
    Response - Headers: {'status': '201', 'content-length': '340', 'connection': 'close', 'date': 'Thu, 17 Dec 2015 23:49:11 GMT', 'content-type': 'application/json; charset=UTF-8', 'x-openstack-request-id': 'req-d17fc3fa-2d01-4aaf-afa2-7d39dba5c755'}
        Body: {"security_group_rule": {"remote_group_id": null, "direction": "ingress", "remote_ip_prefix": null, "protocol": "tcp", "ethertype": "IPv4", "tenant_id": "3c506741b2de494ca0ba128771b9f4f2", "port_range_max": 22, "port_range_min": 22, "id": "46b36f2b-50ac-42bc-ae2a-e6d1c3146702", "security_group_id": "0add7f6f-15f4-45e5-81d0-9e84813d89f8"}}
2015-12-17 23:49:12,052 20923 INFO     [tempest_lib.common.rest_client] Request (TestNetworkBasicOps:test_connectivity_between_vms_on_different_networks): 201 POST http://10.0.2.15:9696/v2.0/security-group-rules 0.106s
2015-12-17 23:49:12,052 20923 DEBUG    [tempest_lib.common.rest_client] Request - Headers: {'Content-Type': 'application/json', 'Accept': 'application/json', 'X-Auth-Token': '&lt;omitted&gt;'}
        Body: {"security_group_rule": {"direction": "egress", "protocol": "tcp", "tenant_id": "3c506741b2de494ca0ba128771b9f4f2", "port_range_max": 22, "security_group_id": "0add7f6f-15f4-45e5-81d0-9e84813d89f8", "port_range_min": 22}}
    Response - Headers: {'status': '201', 'content-length': '339', 'connection': 'close', 'date': 'Thu, 17 Dec 2015 23:49:12 GMT', 'content-type': 'application/json; charset=UTF-8', 'x-openstack-request-id': 'req-047444ea-b1f9-4f6a-9a9e-8175f2edd51c'}
        Body: {"security_group_rule": {"remote_group_id": null, "direction": "egress", "remote_ip_prefix": null, "protocol": "tcp", "ethertype": "IPv4", "tenant_id": "3c506741b2de494ca0ba128771b9f4f2", "port_range_max": 22, "port_range_min": 22, "id": "69885755-e394-423f-834a-a6c156a50ed3", "security_group_id": "0add7f6f-15f4-45e5-81d0-9e84813d89f8"}}
2015-12-17 23:49:12,165 20923 INFO     [tempest_lib.common.rest_client] Request (TestNetworkBasicOps:test_connectivity_between_vms_on_different_networks): 201 POST http://10.0.2.15:9696/v2.0/security-group-rules 0.111s
2015-12-17 23:49:12,166 20923 DEBUG    [tempest_lib.common.rest_client] Request - Headers: {'Content-Type': 'application/json', 'Accept': 'application/json', 'X-Auth-Token': '&lt;omitted&gt;'}
        Body: {"security_group_rule": {"tenant_id": "3c506741b2de494ca0ba128771b9f4f2", "direction": "ingress", "protocol": "icmp", "security_group_id": "0add7f6f-15f4-45e5-81d0-9e84813d89f8"}}
    Response - Headers: {'status': '201', 'content-length': '345', 'connection': 'close', 'date': 'Thu, 17 Dec 2015 23:49:12 GMT', 'content-type': 'application/json; charset=UTF-8', 'x-openstack-request-id': 'req-8d906223-a2f6-449f-bea9-e885b268ac9e'}
        Body: {"security_group_rule": {"remote_group_id": null, "direction": "ingress", "remote_ip_prefix": null, "protocol": "icmp", "ethertype": "IPv4", "tenant_id": "3c506741b2de494ca0ba128771b9f4f2", "port_range_max": null, "port_range_min": null, "id": "aadd9562-9039-4655-ba05-c8a8529d9fa1", "security_group_id": "0add7f6f-15f4-45e5-81d0-9e84813d89f8"}}
2015-12-17 23:49:12,282 20923 INFO     [tempest_lib.common.rest_client] Request (TestNetworkBasicOps:test_connectivity_between_vms_on_different_networks): 201 POST http://10.0.2.15:9696/v2.0/security-group-rules 0.114s
2015-12-17 23:49:12,283 20923 DEBUG    [tempest_lib.common.rest_client] Request - Headers: {'Content-Type': 'application/json', 'Accept': 'application/json', 'X-Auth-Token': '&lt;omitted&gt;'}
        Body: {"security_group_rule": {"tenant_id": "3c506741b2de494ca0ba128771b9f4f2", "direction": "egress", "protocol": "icmp", "security_group_id": "0add7f6f-15f4-45e5-81d0-9e84813d89f8"}}
    Response - Headers: {'status': '201', 'content-length': '344', 'connection': 'close', 'date': 'Thu, 17 Dec 2015 23:49:12 GMT', 'content-type': 'application/json; charset=UTF-8', 'x-openstack-request-id': 'req-e6f2508b-2162-493e-84dd-bd50af6a7136'}
        Body: {"security_group_rule": {"remote_group_id": null, "direction": "egress", "remote_ip_prefix": null, "protocol": "icmp", "ethertype": "IPv4", "tenant_id": "3c506741b2de494ca0ba128771b9f4f2", "port_range_max": null, "port_range_min": null, "id": "a05907f4-f160-4175-bcd2-ebcc1c3fa115", "security_group_id": "0add7f6f-15f4-45e5-81d0-9e84813d89f8"}}
2015-12-17 23:49:12,532 20923 INFO     [tempest_lib.common.rest_client] Request (TestNetworkBasicOps:test_connectivity_between_vms_on_different_networks): 201 POST http://10.0.2.15:9696/v2.0/security-group-rules 0.247s
2015-12-17 23:49:12,533 20923 DEBUG    [tempest_lib.common.rest_client] Request - Headers: {'Content-Type': 'application/json', 'Accept': 'application/json', 'X-Auth-Token': '&lt;omitted&gt;'}
        Body: {"security_group_rule": {"tenant_id": "3c506741b2de494ca0ba128771b9f4f2", "direction": "ingress", "security_group_id": "0add7f6f-15f4-45e5-81d0-9e84813d89f8", "protocol": "icmp", "ethertype": "IPv6"}}
    Response - Headers: {'status': '201', 'content-length': '345', 'connection': 'close', 'date': 'Thu, 17 Dec 2015 23:49:12 GMT', 'content-type': 'application/json; charset=UTF-8', 'x-openstack-request-id': 'req-12538173-f458-4611-8950-ac988e85cedd'}
        Body: {"security_group_rule": {"remote_group_id": null, "direction": "ingress", "remote_ip_prefix": null, "protocol": "icmp", "ethertype": "IPv6", "tenant_id": "3c506741b2de494ca0ba128771b9f4f2", "port_range_max": null, "port_range_min": null, "id": "e35a185a-e800-4525-bdeb-c589800c7a73", "security_group_id": "0add7f6f-15f4-45e5-81d0-9e84813d89f8"}}
2015-12-17 23:49:12,646 20923 INFO     [tempest_lib.common.rest_client] Request (TestNetworkBasicOps:test_connectivity_between_vms_on_different_networks): 201 POST http://10.0.2.15:9696/v2.0/security-group-rules 0.111s
2015-12-17 23:49:12,646 20923 DEBUG    [tempest_lib.common.rest_client] Request - Headers: {'Content-Type': 'application/json', 'Accept': 'application/json', 'X-Auth-Token': '&lt;omitted&gt;'}
        Body: {"security_group_rule": {"tenant_id": "3c506741b2de494ca0ba128771b9f4f2", "direction": "egress", "security_group_id": "0add7f6f-15f4-45e5-81d0-9e84813d89f8", "protocol": "icmp", "ethertype": "IPv6"}}
    Response - Headers: {'status': '201', 'content-length': '344', 'connection': 'close', 'date': 'Thu, 17 Dec 2015 23:49:12 GMT', 'content-type': 'application/json; charset=UTF-8', 'x-openstack-request-id': 'req-1b06fdc3-1528-466c-801f-df2ae0718c37'}
        Body: {"security_group_rule": {"remote_group_id": null, "direction": "egress", "remote_ip_prefix": null, "protocol": "icmp", "ethertype": "IPv6", "tenant_id": "3c506741b2de494ca0ba128771b9f4f2", "port_range_max": null, "port_range_min": null, "id": "33d9da4b-c1e4-4645-a5cb-3b4b3e980976", "security_group_id": "0add7f6f-15f4-45e5-81d0-9e84813d89f8"}}
2015-12-17 23:49:12,774 20923 INFO     [tempest_lib.common.rest_client] Request (TestNetworkBasicOps:test_connectivity_between_vms_on_different_networks): 201 POST http://10.0.2.15:9696/v2.0/networks 0.127s
2015-12-17 23:49:12,775 20923 DEBUG    [tempest_lib.common.rest_client] Request - Headers: {'Content-Type': 'application/json', 'Accept': 'application/json', 'X-Auth-Token': '&lt;omitted&gt;'}
        Body: {"network": {"tenant_id": "3c506741b2de494ca0ba128771b9f4f2", "name": "tempest-network-smoke--618579052"}}
    Response - Headers: {'status': '201', 'content-length': '295', 'connection': 'close', 'date': 'Thu, 17 Dec 2015 23:49:12 GMT', 'content-type': 'application/json; charset=UTF-8', 'x-openstack-request-id': 'req-738d85df-d308-4cf8-9851-f298fad9d7dc'}
        Body: {"network": {"status": "ACTIVE", "subnets": [], "name": "tempest-network-smoke--618579052", "admin_state_up": true, "tenant_id": "3c506741b2de494ca0ba128771b9f4f2", "mtu": 0, "router:external": false, "shared": false, "port_security_enabled": true, "id": "123ae407-b627-4f61-a1c7-65291b3b0d1b"}}
2015-12-17 23:49:12,846 20923 INFO     [tempest_lib.common.rest_client] Request (TestNetworkBasicOps:test_connectivity_between_vms_on_different_networks): 201 POST http://10.0.2.15:9696/v2.0/routers 0.070s
2015-12-17 23:49:12,846 20923 DEBUG    [tempest_lib.common.rest_client] Request - Headers: {'Content-Type': 'application/json', 'Accept': 'application/json', 'X-Auth-Token': '&lt;omitted&gt;'}
        Body: {"router": {"tenant_id": "3c506741b2de494ca0ba128771b9f4f2", "name": "tempest-router-smoke-2068537373", "admin_state_up": true}}
    Response - Headers: {'status': '201', 'content-length': '239', 'connection': 'close', 'date': 'Thu, 17 Dec 2015 23:49:12 GMT', 'content-type': 'application/json; charset=UTF-8', 'x-openstack-request-id': 'req-026d6fca-5f9e-43a8-87d1-37c0bdfdf8b7'}
        Body: {"router": {"status": "ACTIVE", "external_gateway_info": null, "name": "tempest-router-smoke-2068537373", "admin_state_up": true, "tenant_id": "3c506741b2de494ca0ba128771b9f4f2", "routes": [], "id": "2b1942d1-ebd3-496d-b273-55941856bd3a"}}
2015-12-17 23:49:12,971 20923 INFO     [tempest_lib.common.rest_client] Request (TestNetworkBasicOps:test_connectivity_between_vms_on_different_networks): 200 GET http://10.0.2.15:9696/v2.0/routers/2b1942d1-ebd3-496d-b273-55941856bd3a 0.124s
2015-12-17 23:49:12,972 20923 DEBUG    [tempest_lib.common.rest_client] Request - Headers: {'Content-Type': 'application/json', 'Accept': 'application/json', 'X-Auth-Token': '&lt;omitted&gt;'}
        Body: None
    Response - Headers: {'status': '200', 'content-length': '239', 'content-location': 'http://10.0.2.15:9696/v2.0/routers/2b1942d1-ebd3-496d-b273-55941856bd3a', 'connection': 'close', 'date': 'Thu, 17 Dec 2015 23:49:12 GMT', 'content-type': 'application/json; charset=UTF-8', 'x-openstack-request-id': 'req-3e8a6637-7d1f-4040-b361-8f16ca6ecfac'}
        Body: {"router": {"status": "ACTIVE", "external_gateway_info": null, "name": "tempest-router-smoke-2068537373", "admin_state_up": true, "tenant_id": "3c506741b2de494ca0ba128771b9f4f2", "routes": [], "id": "2b1942d1-ebd3-496d-b273-55941856bd3a"}}
2015-12-17 23:49:13,486 20923 INFO     [tempest_lib.common.rest_client] Request (TestNetworkBasicOps:test_connectivity_between_vms_on_different_networks): 200 PUT http://10.0.2.15:9696/v2.0/routers/2b1942d1-ebd3-496d-b273-55941856bd3a 0.513s
2015-12-17 23:49:13,487 20923 DEBUG    [tempest_lib.common.rest_client] Request - Headers: {'Content-Type': 'application/json', 'Accept': 'application/json', 'X-Auth-Token': '&lt;omitted&gt;'}
        Body: {"router": {"external_gateway_info": {"network_id": "fc3ac288-5840-4903-a3a8-334964ec8a80"}, "name": "tempest-router-smoke-2068537373", "admin_state_up": true}}
    Response - Headers: {'status': '200', 'content-length': '501', 'connection': 'close', 'date': 'Thu, 17 Dec 2015 23:49:13 GMT', 'content-type': 'application/json; charset=UTF-8', 'x-openstack-request-id': 'req-9fd1ef1b-f410-4152-a102-7858d2c38b99'}
        Body: {"router": {"status": "ACTIVE", "external_gateway_info": {"network_id": "fc3ac288-5840-4903-a3a8-334964ec8a80", "enable_snat": true, "external_fixed_ips": [{"subnet_id": "8321b08a-8d79-4136-8d94-e464ad92dc1d", "ip_address": "172.24.4.3"}, {"subnet_id": "3e4a28f8-d8ef-4fa7-9425-a67ed86eeeca", "ip_address": "2001:db8::3"}]}, "name": "tempest-router-smoke-2068537373", "admin_state_up": true, "tenant_id": "3c506741b2de494ca0ba128771b9f4f2", "routes": [], "id": "2b1942d1-ebd3-496d-b273-55941856bd3a"}}
2015-12-17 23:49:13,619 20923 INFO     [tempest_lib.common.rest_client] Request (TestNetworkBasicOps:test_connectivity_between_vms_on_different_networks): 200 GET http://10.0.2.15:9696/v2.0/subnets?tenant_id=3c506741b2de494ca0ba128771b9f4f2&amp;cidr=10.100.0.0%2F28 0.130s
2015-12-17 23:49:13,619 20923 DEBUG    [tempest_lib.common.rest_client] Request - Headers: {'Content-Type': 'application/json', 'Accept': 'application/json', 'X-Auth-Token': '&lt;omitted&gt;'}
        Body: None
    Response - Headers: {'status': '200', 'content-length': '15', 'content-location': 'http://10.0.2.15:9696/v2.0/subnets?tenant_id=3c506741b2de494ca0ba128771b9f4f2&amp;cidr=10.100.0.0%2F28', 'connection': 'close', 'date': 'Thu, 17 Dec 2015 23:49:13 GMT', 'content-type': 'application/json; charset=UTF-8', 'x-openstack-request-id': 'req-307a0fac-f301-4047-a970-f66f52cc8990'}
        Body: {"subnets": []}
2015-12-17 23:49:13,861 20923 INFO     [tempest_lib.common.rest_client] Request (TestNetworkBasicOps:test_connectivity_between_vms_on_different_networks): 201 POST http://10.0.2.15:9696/v2.0/subnets 0.241s
2015-12-17 23:49:13,862 20923 DEBUG    [tempest_lib.common.rest_client] Request - Headers: {'Content-Type': 'application/json', 'Accept': 'application/json', 'X-Auth-Token': '&lt;omitted&gt;'}
        Body: {"subnet": {"ip_version": 4, "tenant_id": "3c506741b2de494ca0ba128771b9f4f2", "cidr": "10.100.0.0/28", "network_id": "123ae407-b627-4f61-a1c7-65291b3b0d1b", "name": "tempest-subnet-smoke-1901396383"}}
    Response - Headers: {'status': '201', 'content-length': '478', 'connection': 'close', 'date': 'Thu, 17 Dec 2015 23:49:13 GMT', 'content-type': 'application/json; charset=UTF-8', 'x-openstack-request-id': 'req-6ee3ab00-3551-42e5-9d27-30fe83ea98f0'}
        Body: {"subnet": {"name": "tempest-subnet-smoke-1901396383", "enable_dhcp": true, "network_id": "123ae407-b627-4f61-a1c7-65291b3b0d1b", "tenant_id": "3c506741b2de494ca0ba128771b9f4f2", "dns_nameservers": [], "gateway_ip": "10.100.0.1", "ipv6_ra_mode": null, "allocation_pools": [{"start": "10.100.0.2", "end": "10.100.0.14"}], "host_routes": [], "ip_version": 4, "ipv6_address_mode": null, "cidr": "10.100.0.0/28", "id": "93cf140d-9116-4830-8537-d889d056afc2", "subnetpool_id": null}}
2015-12-17 23:49:14,292 20923 INFO     [tempest_lib.common.rest_client] Request (TestNetworkBasicOps:test_connectivity_between_vms_on_different_networks): 200 PUT http://10.0.2.15:9696/v2.0/routers/2b1942d1-ebd3-496d-b273-55941856bd3a/add_router_interface 0.429s
2015-12-17 23:49:14,292 20923 DEBUG    [tempest_lib.common.rest_client] Request - Headers: {'Content-Type': 'application/json', 'Accept': 'application/json', 'X-Auth-Token': '&lt;omitted&gt;'}
        Body: {"subnet_id": "93cf140d-9116-4830-8537-d889d056afc2"}
    Response - Headers: {'status': '200', 'content-length': '255', 'connection': 'close', 'date': 'Thu, 17 Dec 2015 23:49:14 GMT', 'content-type': 'application/json; charset=UTF-8', 'x-openstack-request-id': 'req-6c9e50f6-5990-4490-9a00-3e84bd361656'}
        Body: {"subnet_id": "93cf140d-9116-4830-8537-d889d056afc2", "tenant_id": "3c506741b2de494ca0ba128771b9f4f2", "subnet_ids": ["93cf140d-9116-4830-8537-d889d056afc2"], "port_id": "d58b68e7-cc2b-4934-bfa8-0fbbc3ff5fe1", "id": "2b1942d1-ebd3-496d-b273-55941856bd3a"}
2015-12-17 23:49:14,463 20923 INFO     [tempest_lib.common.rest_client] Request (TestNetworkBasicOps:test_connectivity_between_vms_on_different_networks): 200 GET http://10.0.2.15:9696/v2.0/networks 0.170s
2015-12-17 23:49:14,464 20923 DEBUG    [tempest_lib.common.rest_client] Request - Headers: {'Content-Type': 'application/json', 'Accept': 'application/json', 'X-Auth-Token': '&lt;omitted&gt;'}
        Body: None
    Response - Headers: {'status': '200', 'content-length': '1317', 'content-location': 'http://10.0.2.15:9696/v2.0/networks', 'connection': 'close', 'date': 'Thu, 17 Dec 2015 23:49:14 GMT', 'content-type': 'application/json; charset=UTF-8', 'x-openstack-request-id': 'req-e4386c39-29c9-45ac-8141-4adac9e4c461'}
        Body: {"networks": [{"status": "ACTIVE", "subnets": ["93cf140d-9116-4830-8537-d889d056afc2"], "name": "tempest-network-smoke--618579052", "provider:physical_network": null, "admin_state_up": true, "tenant_id": "3c506741b2de494ca0ba128771b9f4f2", "mtu": 0, "router:external": false, "shared": false, "port_security_enabled": true, "provider:network_type": "vxlan", "id": "123ae407-b627-4f61-a1c7-65291b3b0d1b", "provider:segmentation_id": 1082}, {"status": "ACTIVE", "subnets": ["3e4a28f8-d8ef-4fa7-9425-a67ed86eeeca", "8321b08a-8d79-4136-8d94-e464ad92dc1d"], "name": "public", "provider:physical_network": null, "admin_state_up": true, "tenant_id": "8074f27513d3448e97cf709474afed3f", "mtu": 0, "router:external": true, "shared": false, "port_security_enabled": true, "provider:network_type": "vxlan", "id": "fc3ac288-5840-4903-a3a8-334964ec8a80", "provider:segmentation_id": 1011}, {"status": "ACTIVE", "subnets": ["5957f785-b3d8-4a4a-9718-a39864ee0946", "ab35f9ae-1482-4f5a-be1b-5ac5587d9926"], "name": "private", "provider:physical_network": null, "admin_state_up": true, "tenant_id": "730c4beb8fd0430da621d8fdf190ff5e", "mtu": 0, "router:external": false, "shared": false, "port_security_enabled": true, "provider:network_type": "vxlan", "id": "ae52ea2d-ce82-4b40-a788-19fefbc5c11c", "provider:segmentation_id": 1056}]}
2015-12-17 23:49:14,494 20923 INFO     [tempest_lib.common.rest_client] Request (TestNetworkBasicOps:test_connectivity_between_vms_on_different_networks): 200 GET http://10.0.2.15:9696/v2.0/subnets 0.030s
2015-12-17 23:49:14,495 20923 DEBUG    [tempest_lib.common.rest_client] Request - Headers: {'Content-Type': 'application/json', 'Accept': 'application/json', 'X-Auth-Token': '&lt;omitted&gt;'}
        Body: None
    Response - Headers: {'status': '200', 'content-length': '2408', 'content-location': 'http://10.0.2.15:9696/v2.0/subnets', 'connection': 'close', 'date': 'Thu, 17 Dec 2015 23:49:14 GMT', 'content-type': 'application/json; charset=UTF-8', 'x-openstack-request-id': 'req-fafdd6fa-3b25-43c2-b6e3-b1b3b0852519'}
        Body: {"subnets": [{"name": "tempest-subnet-smoke-1901396383", "enable_dhcp": true, "network_id": "123ae407-b627-4f61-a1c7-65291b3b0d1b", "tenant_id": "3c506741b2de494ca0ba128771b9f4f2", "dns_nameservers": [], "gateway_ip": "10.100.0.1", "ipv6_ra_mode": null, "allocation_pools": [{"start": "10.100.0.2", "end": "10.100.0.14"}], "host_routes": [], "ip_version": 4, "ipv6_address_mode": null, "cidr": "10.100.0.0/28", "id": "93cf140d-9116-4830-8537-d889d056afc2", "subnetpool_id": null}, {"name": "ipv6-public-subnet", "enable_dhcp": false, "network_id": "fc3ac288-5840-4903-a3a8-334964ec8a80", "tenant_id": "8074f27513d3448e97cf709474afed3f", "dns_nameservers": [], "gateway_ip": "2001:db8::2", "ipv6_ra_mode": null, "allocation_pools": [{"start": "2001:db8::1", "end": "2001:db8::1"}, {"start": "2001:db8::3", "end": "2001:db8::ffff:ffff:ffff:ffff"}], "host_routes": [], "ip_version": 6, "ipv6_address_mode": null, "cidr": "2001:db8::/64", "id": "3e4a28f8-d8ef-4fa7-9425-a67ed86eeeca", "subnetpool_id": null}, {"name": "private-subnet", "enable_dhcp": true, "network_id": "ae52ea2d-ce82-4b40-a788-19fefbc5c11c", "tenant_id": "730c4beb8fd0430da621d8fdf190ff5e", "dns_nameservers": [], "gateway_ip": "10.0.0.1", "ipv6_ra_mode": null, "allocation_pools": [{"start": "10.0.0.2", "end": "10.0.0.254"}], "host_routes": [], "ip_version": 4, "ipv6_address_mode": null, "cidr": "10.0.0.0/24", "id": "ab35f9ae-1482-4f5a-be1b-5ac5587d9926", "subnetpool_id": null}, {"name": "ipv6-private-subnet", "enable_dhcp": true, "network_id": "ae52ea2d-ce82-4b40-a788-19fefbc5c11c", "tenant_id": "730c4beb8fd0430da621d8fdf190ff5e", "dns_nameservers": [], "gateway_ip": "fd3f:3d24:bb4c::1", "ipv6_ra_mode": "slaac", "allocation_pools": [{"start": "fd3f:3d24:bb4c::2", "end": "fd3f:3d24:bb4c:0:ffff:ffff:ffff:ffff"}], "host_routes": [], "ip_version": 6, "ipv6_address_mode": "slaac", "cidr": "fd3f:3d24:bb4c::/64", "id": "5957f785-b3d8-4a4a-9718-a39864ee0946", "subnetpool_id": null}, {"name": "public-subnet", "enable_dhcp": false, "network_id": "fc3ac288-5840-4903-a3a8-334964ec8a80", "tenant_id": "8074f27513d3448e97cf709474afed3f", "dns_nameservers": [], "gateway_ip": "172.24.4.1", "ipv6_ra_mode": null, "allocation_pools": [{"start": "172.24.4.2", "end": "172.24.4.254"}], "host_routes": [], "ip_version": 4, "ipv6_address_mode": null, "cidr": "172.24.4.0/24", "id": "8321b08a-8d79-4136-8d94-e464ad92dc1d", "subnetpool_id": null}]}
2015-12-17 23:49:14,538 20923 INFO     [tempest_lib.common.rest_client] Request (TestNetworkBasicOps:test_connectivity_between_vms_on_different_networks): 200 GET http://10.0.2.15:9696/v2.0/routers 0.042s
2015-12-17 23:49:14,539 20923 DEBUG    [tempest_lib.common.rest_client] Request - Headers: {'Content-Type': 'application/json', 'Accept': 'application/json', 'X-Auth-Token': '&lt;omitted&gt;'}
        Body: None
    Response - Headers: {'status': '200', 'content-length': '1041', 'content-location': 'http://10.0.2.15:9696/v2.0/routers', 'connection': 'close', 'date': 'Thu, 17 Dec 2015 23:49:14 GMT', 'content-type': 'application/json; charset=UTF-8', 'x-openstack-request-id': 'req-35d5db4a-544c-4a4b-a207-bdb147fccaa7'}
        Body: {"routers": [{"status": "ACTIVE", "external_gateway_info": {"network_id": "fc3ac288-5840-4903-a3a8-334964ec8a80", "enable_snat": true, "external_fixed_ips": [{"subnet_id": "8321b08a-8d79-4136-8d94-e464ad92dc1d", "ip_address": "172.24.4.3"}, {"subnet_id": "3e4a28f8-d8ef-4fa7-9425-a67ed86eeeca", "ip_address": "2001:db8::3"}]}, "name": "tempest-router-smoke-2068537373", "admin_state_up": true, "tenant_id": "3c506741b2de494ca0ba128771b9f4f2", "distributed": false, "routes": [], "ha": false, "id": "2b1942d1-ebd3-496d-b273-55941856bd3a"}, {"status": "ACTIVE", "external_gateway_info": {"network_id": "fc3ac288-5840-4903-a3a8-334964ec8a80", "enable_snat": true, "external_fixed_ips": [{"subnet_id": "8321b08a-8d79-4136-8d94-e464ad92dc1d", "ip_address": "172.24.4.2"}, {"subnet_id": "3e4a28f8-d8ef-4fa7-9425-a67ed86eeeca", "ip_address": "2001:db8::1"}]}, "name": "router1", "admin_state_up": true, "tenant_id": "730c4beb8fd0430da621d8fdf190ff5e", "distributed": false, "routes": [], "ha": false, "id": "e3341a19-c818-4d8d-9f4c-5ec99b5d5877"}]}
2015-12-17 23:49:14,968 20923 INFO     [tempest_lib.common.rest_client] Request (TestNetworkBasicOps:test_connectivity_between_vms_on_different_networks): 200 POST http://10.0.2.15:8774/v2.1/3c506741b2de494ca0ba128771b9f4f2/os-keypairs 0.428s
2015-12-17 23:49:14,969 20923 DEBUG    [tempest_lib.common.rest_client] Request - Headers: {'Content-Type': 'application/json', 'Accept': 'application/json', 'X-Auth-Token': '&lt;omitted&gt;'}
        Body: {"keypair": {"name": "tempest-TestNetworkBasicOps-345833599"}}
    Response - Headers: {'status': '200', 'content-length': '2320', 'x-compute-request-id': 'req-e9e24207-5ec9-43ac-aa94-85f2c0b4830d', 'vary': 'X-OpenStack-Nova-API-Version', 'connection': 'close', 'x-openstack-nova-api-version': '2.1', 'date': 'Thu, 17 Dec 2015 23:49:14 GMT', 'content-type': 'application/json'}
        Body: {"keypair": {"public_key": "ssh-rsa AAAAB3NzaC1yc2EAAAADAQABAAABAQC2tjsaW1ANHYVFky8lF2uM2H96BFqZWzrHED6nFw2nNAMFc0HE2yGIRYpFBSmItkdj311U9mp0KBkLwSGvFBHqLrrVqglzuDe2n78uKOugUpKX+rxNe60kUXFMc+8FWHLhdbS70VLLJSJpUfE/0GP4IfUoAO5NZelUJbseIQDCt607H6Z+jjLHJ91Qd7cSGmw+mPYH0U9tTaz4h+F1z154yon4ablCMrF6gyRv69o6rxkCNWhWXHOvdybXe5ivzbj4+XtJSqaj7KdUe7i6QWb9EA821XIMqe/z9Dj6P5UsfQYhHiHhoOem+ki6KRIGWR224xMw9NivoKsgxPdTd1rF Generated-by-Nova", "private_key": "-----BEGIN RSA PRIVATE KEY-----\nMIIEqAIBAAKCAQEAtrY7GltQDR2FRZMvJRdrjNh/egRamVs6xxA+pxcNpzQDBXNB\nxNshiEWKRQUpiLZHY99dVPZqdCgZC8EhrxQR6i661aoJc7g3tp+/LijroFKSl/q8\nTXutJFFxTHPvBVhy4XW0u9FSyyUiaVHxP9Bj+CH1KADuTWXpVCW7HiEAwretOx+m\nfo4yxyfdUHe3EhpsPpj2B9FPbU2s+Ifhdc9eeMqJ+Gm5QjKxeoMkb+vaOq8ZAjVo\nVlxzr3cm13uYr824+Pl7SUqmo+ynVHu4ukFm/RAPNtVyDKnv8/Q4+j+VLH0GIR4h\n4aDnpvpIuikSBlkdtuMTMPTYr6CrIMT3U3daxQIDAQABAoIBAD02J+7YkKUUMsXw\nXWcLxZhWH779Hm0qRzLRmmvYKVbO8gQtbOdKkp1Yzs34wMVwa9JlzprcQyXPGTT6\n6xIAo0/Vf/p9ENWX7fJc6mvIgcggYcRQ2C0NNiBouJBodrdPvo0SJg6WPiqYskKe\nlThP1G4Y0k0ooq2Davwp99pMLDkPRxX8y7WMP9fyxjSK03bqTJnAVvFxC6o2BZRl\nPrM8N3R38RpF7FjgKBdoiHJp7bcFoRx3Vs6VH1CBvszdPRJ3+oBPYhnKetm0h5ue\njmKdSTSv/X4xOVjIbF0pUaA00fRvUd4hBP1DdQ4qsotwkNbsGfh5O82cYJL8aXhC\nSBaydQECggCBANDmCRix6btSNlSZs50H5ZmLO6zDDY+1gHYhDjXC2C9cl5Mggb0z\nVI1rEybscaTx4WbpI2quBkbOCwoR9pW2K9G6B/HSqE9h4fQ3QXNMeqKJUYLnj3oP\nCV36RDRwmOxSQDkExYQEJ676E2DPlYq+u6AISyLX0tg2gthU7P2g0dKRAoIAgQDf\n6KeIsD1s6gXX6hpuEAP/eSX27jQKxLNs6hkLuP6dZxugZV9xRnSKHGVPy+0f3bqG\njz9g+cTHv7Ct7XEe9jcuvVvwPdJHKltGrWjLFO742d6ETxoKV85PN4LK0+sBuzU4\nCVSdstcr4KCRAOFFnk49x722h5U4fmALjDs38vp29QKCAIBwwRl72NweHdvxghzu\nz4pgfESzlXzGauNx35m57vedaM7vvQYKR6CFzJvD0K/uphhR4dkaBeChaymOP+/n\nEzNHuq/7GQd8AYtitEiBoXA4NwJmM/K/oUofDayu2W/Rbvv3StoJzexVh+nZwXIo\nN5cyZAeaQQAvcAzkE8Lvi1R14QKCAIEAkn5nTjjwl1etpwxVank0BGvA+QP0LK9x\nLOsko9TPUTBqlNB+V2BfUxUs+75SUC0DopIKR2pi4sV51PGqtzUj+YKOqmnoMAN4\nYI+IJoZ1q37v5OTUBrxYEOAixI1ODn3rXdRM9jhSKzT2GKjYunHOgwEyEEA40xNr\nx2JiRELGuBkCggCAHLU2lTa1SR4Xkr6qmkvD5oPsPTEM/wD/LgopHwDvlFphwN2N\nT7e10RScLthMF5H3byG3fKsy3rPmKkCICYLzOpLj/kA8XaMUqv2KrxvEuErn5e/J\nlQNkt77RdB56YrHN1Ig8K/Py/RQMbFiKhG8dLG0Q5/lErhmRDHlpp6VKFUA=\n-----END RSA PRIVATE KEY-----\n", "user_id": "d4c471a4baed485480493e0234662525", "name": "tempest-TestNetworkBasicOps-345833599", "fingerprint": "d5:33:64:f3:15:c9:70:d7:70:62:b3:a8:28:69:9b:53"}}
2015-12-17 23:49:15,083 20923 INFO     [tempest_lib.common.rest_client] Request (TestNetworkBasicOps:test_connectivity_between_vms_on_different_networks): 200 POST http://10.0.2.15:5000/v2.0/tokens
2015-12-17 23:49:15,083 20923 DEBUG    [tempest_lib.common.rest_client] Request - Headers: {'Content-Type': 'application/json', 'Accept': 'application/json'}
        Body: &lt;omitted&gt;
    Response - Headers: {'status': '200', 'content-length': '2528', 'vary': 'X-Auth-Token', 'server': 'Apache/2.4.7 (Ubuntu)', 'connection': 'close', 'date': 'Thu, 17 Dec 2015 23:49:14 GMT', 'content-type': 'application/json', 'x-openstack-request-id': 'req-92ae12f9-6047-4c47-82bb-236b5a80eaaa'}
        Body: {"access": {"token": {"issued_at": "2015-12-17T23:49:15.072726", "expires": "2015-12-18T00:49:15Z", "id": "0b6f6c8cd3604c6996c8d184366e6f36", "tenant": {"description": "tempest-TestNetworkBasicOps-1692809584-desc", "enabled": true, "id": "3c506741b2de494ca0ba128771b9f4f2", "name": "tempest-TestNetworkBasicOps-1692809584"}, "audit_ids": ["d0EElyc5Q0ChqvWFR9EQpQ"]}, "serviceCatalog": [{"endpoints": [{"adminURL": "http://10.0.2.15:8774/v2.1/3c506741b2de494ca0ba128771b9f4f2", "region": "RegionOne", "internalURL": "http://10.0.2.15:8774/v2.1/3c506741b2de494ca0ba128771b9f4f2", "id": "1a86b15e0d6c42b68918e273f7699c71", "publicURL": "http://10.0.2.15:8774/v2.1/3c506741b2de494ca0ba128771b9f4f2"}], "endpoints_links": [], "type": "compute", "name": "nova"}, {"endpoints": [{"adminURL": "http://10.0.2.15:9696/", "region": "RegionOne", "internalURL": "http://10.0.2.15:9696/", "id": "a40d48c093ec41e49b64c4dc63ded51f", "publicURL": "http://10.0.2.15:9696/"}], "endpoints_links": [], "type": "network", "name": "neutron"}, {"endpoints": [{"adminURL": "http://10.0.2.15:9292", "region": "RegionOne", "internalURL": "http://10.0.2.15:9292", "id": "0cf39a472e7d451b8021beae1c89eecd", "publicURL": "http://10.0.2.15:9292"}], "endpoints_links": [], "type": "image", "name": "glance"}, {"endpoints": [{"adminURL": "http://10.0.2.15:8774/v2/3c506741b2de494ca0ba128771b9f4f2", "region": "RegionOne", "internalURL": "http://10.0.2.15:8774/v2/3c506741b2de494ca0ba128771b9f4f2", "id": "2bdd4982c943470199ac64cea0afd9ad", "publicURL": "http://10.0.2.15:8774/v2/3c506741b2de494ca0ba128771b9f4f2"}], "endpoints_links": [], "type": "compute_legacy", "name": "nova_legacy"}, {"endpoints": [{"adminURL": "http://10.0.2.15:8773/", "region": "RegionOne", "internalURL": "http://10.0.2.15:8773/", "id": "4f3fa47a9d6445a7b1561364b546015b", "publicURL": "http://10.0.2.15:8773/"}], "endpoints_links": [], "type": "ec2", "name": "ec2"}, {"endpoints": [{"adminURL": "http://10.0.2.15:35357/v2.0", "region": "RegionOne", "internalURL": "http://10.0.2.15:5000/v2.0", "id": "23626fe716894997bb5d1b2aabb454f1", "publicURL": "http://10.0.2.15:5000/v2.0"}], "endpoints_links": [], "type": "identity", "name": "keystone"}], "user": {"username": "tempest-TestNetworkBasicOps-301823184", "roles_links": [], "id": "d4c471a4baed485480493e0234662525", "roles": [{"name": "_member_"}, {"name": "Member"}], "name": "tempest-TestNetworkBasicOps-301823184"}, "metadata": {"is_admin": 0, "roles": ["9fe2ff9ee4384b1894a90878d3e92bab", "327cf89a57374bcc9fabbc24ac03a762"]}}}
2015-12-17 23:49:15,088 20923 DEBUG    [tempest.common.fixed_network] (TestNetworkBasicOps:test_connectivity_between_vms_on_different_networks) No valid network provided or created, defaulting to fixed_network_name
2015-12-17 23:49:15,400 20923 INFO     [tempest_lib.common.rest_client] Request (TestNetworkBasicOps:test_connectivity_between_vms_on_different_networks): 200 GET http://10.0.2.15:8774/v2.1/3c506741b2de494ca0ba128771b9f4f2/os-networks 0.312s
2015-12-17 23:49:15,402 20923 DEBUG    [tempest_lib.common.rest_client] Request - Headers: {'Content-Type': 'application/json', 'Accept': 'application/json', 'X-Auth-Token': '&lt;omitted&gt;'}
        Body: None
    Response - Headers: {'status': '200', 'content-length': '478', 'content-location': 'http://10.0.2.15:8774/v2.1/3c506741b2de494ca0ba128771b9f4f2/os-networks', 'x-compute-request-id': 'req-710ffdaa-b871-4d23-8690-ab848da94081', 'vary': 'X-OpenStack-Nova-API-Version', 'connection': 'close', 'x-openstack-nova-api-version': '2.1', 'date': 'Thu, 17 Dec 2015 23:49:15 GMT', 'content-type': 'application/json'}
        Body: {"networks": [{"cidr_v6": null, "dns2": null, "dns1": null, "gateway": null, "broadcast": null, "netmask": null, "gateway_v6": null, "cidr": null, "label": "public", "id": "fc3ac288-5840-4903-a3a8-334964ec8a80", "netmask_v6": null}, {"cidr_v6": null, "dns2": null, "dns1": null, "gateway": null, "broadcast": null, "netmask": null, "gateway_v6": null, "cidr": null, "label": "tempest-network-smoke--618579052", "id": "123ae407-b627-4f61-a1c7-65291b3b0d1b", "netmask_v6": null}]}
2015-12-17 23:49:15,402 20923 WARNING  [tempest.common.fixed_network] (TestNetworkBasicOps:test_connectivity_between_vms_on_different_networks) Network with name: private not found
2015-12-17 23:49:15,402 20923 INFO     [tempest.common.fixed_network] (TestNetworkBasicOps:test_connectivity_between_vms_on_different_networks) Found network {} available for tenant
2015-12-17 23:49:16,406 20923 INFO     [tempest_lib.common.rest_client] Request (TestNetworkBasicOps:test_connectivity_between_vms_on_different_networks): 202 POST http://10.0.2.15:8774/v2.1/3c506741b2de494ca0ba128771b9f4f2/servers 1.002s
2015-12-17 23:49:16,406 20923 DEBUG    [tempest_lib.common.rest_client] Request - Headers: {'Content-Type': 'application/json', 'Accept': 'application/json', 'X-Auth-Token': '&lt;omitted&gt;'}
        Body: {"server": {"name": "tempest.common.compute-instance-209649722", "imageRef": "a56ccef0-b286-4cfe-8709-bff25a9599f3", "key_name": "tempest-TestNetworkBasicOps-345833599", "flavorRef": "42", "networks": [{"uuid": "123ae407-b627-4f61-a1c7-65291b3b0d1b"}], "security_groups": [{"name": "tempest-secgroup-smoke-343448513"}]}}
    Response - Headers: {'status': '202', 'content-length': '461', 'x-compute-request-id': 'req-9949fb7b-9a06-4ee9-ba73-3188bf065b6a', 'vary': 'X-OpenStack-Nova-API-Version', 'connection': 'close', 'location': 'http://10.0.2.15:8774/v2.1/3c506741b2de494ca0ba128771b9f4f2/servers/929fe4ec-5419-49f9-ad10-736c62a39ae5', 'x-openstack-nova-api-version': '2.1', 'date': 'Thu, 17 Dec 2015 23:49:16 GMT', 'content-type': 'application/json'}
        Body: {"server": {"security_groups": [{"name": "tempest-secgroup-smoke-343448513"}], "OS-DCF:diskConfig": "MANUAL", "id": "929fe4ec-5419-49f9-ad10-736c62a39ae5", "links": [{"href": "http://10.0.2.15:8774/v2.1/3c506741b2de494ca0ba128771b9f4f2/servers/929fe4ec-5419-49f9-ad10-736c62a39ae5", "rel": "self"}, {"href": "http://10.0.2.15:8774/3c506741b2de494ca0ba128771b9f4f2/servers/929fe4ec-5419-49f9-ad10-736c62a39ae5", "rel": "bookmark"}], "adminPass": "Dr4ziEfbHdaX"}}
2015-12-17 23:49:16,571 20923 INFO     [tempest_lib.common.rest_client] Request (TestNetworkBasicOps:test_connectivity_between_vms_on_different_networks): 200 GET http://10.0.2.15:8774/v2.1/3c506741b2de494ca0ba128771b9f4f2/servers/929fe4ec-5419-49f9-ad10-736c62a39ae5 0.162s
2015-12-17 23:49:16,572 20923 DEBUG    [tempest_lib.common.rest_client] Request - Headers: {'Content-Type': 'application/json', 'Accept': 'application/json', 'X-Auth-Token': '&lt;omitted&gt;'}
        Body: None
    Response - Headers: {'status': '200', 'content-length': '1354', 'content-location': 'http://10.0.2.15:8774/v2.1/3c506741b2de494ca0ba128771b9f4f2/servers/929fe4ec-5419-49f9-ad10-736c62a39ae5', 'x-compute-request-id': 'req-2ab409b1-1fb1-46cf-ba11-43ec171a1b4d', 'vary': 'X-OpenStack-Nova-API-Version', 'connection': 'close', 'x-openstack-nova-api-version': '2.1', 'date': 'Thu, 17 Dec 2015 23:49:16 GMT', 'content-type': 'application/json'}
        Body: {"server": {"status": "BUILD", "updated": "2015-12-17T23:49:16Z", "hostId": "", "addresses": {}, "links": [{"href": "http://10.0.2.15:8774/v2.1/3c506741b2de494ca0ba128771b9f4f2/servers/929fe4ec-5419-49f9-ad10-736c62a39ae5", "rel": "self"}, {"href": "http://10.0.2.15:8774/3c506741b2de494ca0ba128771b9f4f2/servers/929fe4ec-5419-49f9-ad10-736c62a39ae5", "rel": "bookmark"}], "key_name": "tempest-TestNetworkBasicOps-345833599", "image": {"id": "a56ccef0-b286-4cfe-8709-bff25a9599f3", "links": [{"href": "http://10.0.2.15:8774/3c506741b2de494ca0ba128771b9f4f2/images/a56ccef0-b286-4cfe-8709-bff25a9599f3", "rel": "bookmark"}]}, "OS-EXT-STS:task_state": "scheduling", "OS-EXT-STS:vm_state": "building", "OS-SRV-USG:launched_at": null, "flavor": {"id": "42", "links": [{"href": "http://10.0.2.15:8774/3c506741b2de494ca0ba128771b9f4f2/flavors/42", "rel": "bookmark"}]}, "id": "929fe4ec-5419-49f9-ad10-736c62a39ae5", "OS-SRV-USG:terminated_at": null, "OS-EXT-AZ:availability_zone": "", "user_id": "d4c471a4baed485480493e0234662525", "name": "tempest.common.compute-instance-209649722", "created": "2015-12-17T23:49:16Z", "tenant_id": "3c506741b2de494ca0ba128771b9f4f2", "OS-DCF:diskConfig": "MANUAL", "os-extended-volumes:volumes_attached": [], "accessIPv4": "", "accessIPv6": "", "progress": 0, "OS-EXT-STS:power_state": 0, "config_drive": "", "metadata": {}}}
2015-12-17 23:49:17,800 20923 INFO     [tempest_lib.common.rest_client] Request (TestNetworkBasicOps:test_connectivity_between_vms_on_different_networks): 200 GET http://10.0.2.15:8774/v2.1/3c506741b2de494ca0ba128771b9f4f2/servers/929fe4ec-5419-49f9-ad10-736c62a39ae5 0.219s
2015-12-17 23:49:17,800 20923 DEBUG    [tempest_lib.common.rest_client] Request - Headers: {'Content-Type': 'application/json', 'Accept': 'application/json', 'X-Auth-Token': '&lt;omitted&gt;'}
        Body: None
    Response - Headers: {'status': '200', 'content-length': '1479', 'content-location': 'http://10.0.2.15:8774/v2.1/3c506741b2de494ca0ba128771b9f4f2/servers/929fe4ec-5419-49f9-ad10-736c62a39ae5', 'x-compute-request-id': 'req-7ac7be43-f6d1-446c-ba04-de06e2efec17', 'vary': 'X-OpenStack-Nova-API-Version', 'connection': 'close', 'x-openstack-nova-api-version': '2.1', 'date': 'Thu, 17 Dec 2015 23:49:17 GMT', 'content-type': 'application/json'}
        Body: {"server": {"status": "BUILD", "updated": "2015-12-17T23:49:17Z", "hostId": "2a88644cd06944ee1bcde3098668382e39f5d335c913489a225083ed", "addresses": {}, "links": [{"href": "http://10.0.2.15:8774/v2.1/3c506741b2de494ca0ba128771b9f4f2/servers/929fe4ec-5419-49f9-ad10-736c62a39ae5", "rel": "self"}, {"href": "http://10.0.2.15:8774/3c506741b2de494ca0ba128771b9f4f2/servers/929fe4ec-5419-49f9-ad10-736c62a39ae5", "rel": "bookmark"}], "key_name": "tempest-TestNetworkBasicOps-345833599", "image": {"id": "a56ccef0-b286-4cfe-8709-bff25a9599f3", "links": [{"href": "http://10.0.2.15:8774/3c506741b2de494ca0ba128771b9f4f2/images/a56ccef0-b286-4cfe-8709-bff25a9599f3", "rel": "bookmark"}]}, "OS-EXT-STS:task_state": "spawning", "OS-EXT-STS:vm_state": "building", "OS-SRV-USG:launched_at": null, "flavor": {"id": "42", "links": [{"href": "http://10.0.2.15:8774/3c506741b2de494ca0ba128771b9f4f2/flavors/42", "rel": "bookmark"}]}, "id": "929fe4ec-5419-49f9-ad10-736c62a39ae5", "security_groups": [{"name": "tempest-secgroup-smoke-343448513"}], "OS-SRV-USG:terminated_at": null, "OS-EXT-AZ:availability_zone": "nova", "user_id": "d4c471a4baed485480493e0234662525", "name": "tempest.common.compute-instance-209649722", "created": "2015-12-17T23:49:16Z", "tenant_id": "3c506741b2de494ca0ba128771b9f4f2", "OS-DCF:diskConfig": "MANUAL", "os-extended-volumes:volumes_attached": [], "accessIPv4": "", "accessIPv6": "", "progress": 0, "OS-EXT-STS:power_state": 0, "config_drive": "", "metadata": {}}}
2015-12-17 23:49:17,809 20923 INFO     [tempest.common.waiters] State transition "BUILD/scheduling" ==&gt; "BUILD/spawning" after 1 second wait
2015-12-17 23:49:18,994 20923 INFO     [tempest_lib.common.rest_client] Request (TestNetworkBasicOps:test_connectivity_between_vms_on_different_networks): 200 GET http://10.0.2.15:8774/v2.1/3c506741b2de494ca0ba128771b9f4f2/servers/929fe4ec-5419-49f9-ad10-736c62a39ae5 0.182s
2015-12-17 23:49:18,994 20923 DEBUG    [tempest_lib.common.rest_client] Request - Headers: {'Content-Type': 'application/json', 'Accept': 'application/json', 'X-Auth-Token': '&lt;omitted&gt;'}
        Body: None
    Response - Headers: {'status': '200', 'content-length': '1479', 'content-location': 'http://10.0.2.15:8774/v2.1/3c506741b2de494ca0ba128771b9f4f2/servers/929fe4ec-5419-49f9-ad10-736c62a39ae5', 'x-compute-request-id': 'req-a24f0306-48b3-4119-9ca4-1ec6ec8bc89c', 'vary': 'X-OpenStack-Nova-API-Version', 'connection': 'close', 'x-openstack-nova-api-version': '2.1', 'date': 'Thu, 17 Dec 2015 23:49:18 GMT', 'content-type': 'application/json'}
        Body: {"server": {"status": "BUILD", "updated": "2015-12-17T23:49:17Z", "hostId": "2a88644cd06944ee1bcde3098668382e39f5d335c913489a225083ed", "addresses": {}, "links": [{"href": "http://10.0.2.15:8774/v2.1/3c506741b2de494ca0ba128771b9f4f2/servers/929fe4ec-5419-49f9-ad10-736c62a39ae5", "rel": "self"}, {"href": "http://10.0.2.15:8774/3c506741b2de494ca0ba128771b9f4f2/servers/929fe4ec-5419-49f9-ad10-736c62a39ae5", "rel": "bookmark"}], "key_name": "tempest-TestNetworkBasicOps-345833599", "image": {"id": "a56ccef0-b286-4cfe-8709-bff25a9599f3", "links": [{"href": "http://10.0.2.15:8774/3c506741b2de494ca0ba128771b9f4f2/images/a56ccef0-b286-4cfe-8709-bff25a9599f3", "rel": "bookmark"}]}, "OS-EXT-STS:task_state": "spawning", "OS-EXT-STS:vm_state": "building", "OS-SRV-USG:launched_at": null, "flavor": {"id": "42", "links": [{"href": "http://10.0.2.15:8774/3c506741b2de494ca0ba128771b9f4f2/flavors/42", "rel": "bookmark"}]}, "id": "929fe4ec-5419-49f9-ad10-736c62a39ae5", "security_groups": [{"name": "tempest-secgroup-smoke-343448513"}], "OS-SRV-USG:terminated_at": null, "OS-EXT-AZ:availability_zone": "nova", "user_id": "d4c471a4baed485480493e0234662525", "name": "tempest.common.compute-instance-209649722", "created": "2015-12-17T23:49:16Z", "tenant_id": "3c506741b2de494ca0ba128771b9f4f2", "OS-DCF:diskConfig": "MANUAL", "os-extended-volumes:volumes_attached": [], "accessIPv4": "", "accessIPv6": "", "progress": 0, "OS-EXT-STS:power_state": 0, "config_drive": "", "metadata": {}}}
2015-12-17 23:49:20,196 20923 INFO     [tempest_lib.common.rest_client] Request (TestNetworkBasicOps:test_connectivity_between_vms_on_different_networks): 200 GET http://10.0.2.15:8774/v2.1/3c506741b2de494ca0ba128771b9f4f2/servers/929fe4ec-5419-49f9-ad10-736c62a39ae5 0.192s
2015-12-17 23:49:20,196 20923 DEBUG    [tempest_lib.common.rest_client] Request - Headers: {'Content-Type': 'application/json', 'Accept': 'application/json', 'X-Auth-Token': '&lt;omitted&gt;'}
        Body: None
    Response - Headers: {'status': '200', 'content-length': '1650', 'content-location': 'http://10.0.2.15:8774/v2.1/3c506741b2de494ca0ba128771b9f4f2/servers/929fe4ec-5419-49f9-ad10-736c62a39ae5', 'x-compute-request-id': 'req-7cee2af2-fc27-4171-a7d0-3286f7c38c74', 'vary': 'X-OpenStack-Nova-API-Version', 'connection': 'close', 'x-openstack-nova-api-version': '2.1', 'date': 'Thu, 17 Dec 2015 23:49:20 GMT', 'content-type': 'application/json'}
        Body: {"server": {"status": "ACTIVE", "updated": "2015-12-17T23:49:19Z", "hostId": "2a88644cd06944ee1bcde3098668382e39f5d335c913489a225083ed", "addresses": {"tempest-network-smoke--618579052": [{"OS-EXT-IPS-MAC:mac_addr": "fa:16:3e:1d:00:6c", "version": 4, "addr": "10.100.0.3", "OS-EXT-IPS:type": "fixed"}]}, "links": [{"href": "http://10.0.2.15:8774/v2.1/3c506741b2de494ca0ba128771b9f4f2/servers/929fe4ec-5419-49f9-ad10-736c62a39ae5", "rel": "self"}, {"href": "http://10.0.2.15:8774/3c506741b2de494ca0ba128771b9f4f2/servers/929fe4ec-5419-49f9-ad10-736c62a39ae5", "rel": "bookmark"}], "key_name": "tempest-TestNetworkBasicOps-345833599", "image": {"id": "a56ccef0-b286-4cfe-8709-bff25a9599f3", "links": [{"href": "http://10.0.2.15:8774/3c506741b2de494ca0ba128771b9f4f2/images/a56ccef0-b286-4cfe-8709-bff25a9599f3", "rel": "bookmark"}]}, "OS-EXT-STS:task_state": null, "OS-EXT-STS:vm_state": "active", "OS-SRV-USG:launched_at": "2015-12-17T23:49:19.000000", "flavor": {"id": "42", "links": [{"href": "http://10.0.2.15:8774/3c506741b2de494ca0ba128771b9f4f2/flavors/42", "rel": "bookmark"}]}, "id": "929fe4ec-5419-49f9-ad10-736c62a39ae5", "security_groups": [{"name": "tempest-secgroup-smoke-343448513"}], "OS-SRV-USG:terminated_at": null, "OS-EXT-AZ:availability_zone": "nova", "user_id": "d4c471a4baed485480493e0234662525", "name": "tempest.common.compute-instance-209649722", "created": "2015-12-17T23:49:16Z", "tenant_id": "3c506741b2de494ca0ba128771b9f4f2", "OS-DCF:diskConfig": "MANUAL", "os-extended-volumes:volumes_attached": [], "accessIPv4": "", "accessIPv6": "", "progress": 0, "OS-EXT-STS:power_state": 1, "config_drive": "True", "metadata": {}}}
2015-12-17 23:49:20,206 20923 INFO     [tempest.common.waiters] State transition "BUILD/spawning" ==&gt; "ACTIVE/None" after 4 second wait
2015-12-17 23:49:20,396 20923 INFO     [tempest_lib.common.rest_client] Request (TestNetworkBasicOps:test_connectivity_between_vms_on_different_networks): 200 GET http://10.0.2.15:8774/v2.1/3c506741b2de494ca0ba128771b9f4f2/servers/929fe4ec-5419-49f9-ad10-736c62a39ae5 0.189s
2015-12-17 23:49:20,396 20923 DEBUG    [tempest_lib.common.rest_client] Request - Headers: {'Content-Type': 'application/json', 'Accept': 'application/json', 'X-Auth-Token': '&lt;omitted&gt;'}
        Body: None
    Response - Headers: {'status': '200', 'content-length': '1650', 'content-location': 'http://10.0.2.15:8774/v2.1/3c506741b2de494ca0ba128771b9f4f2/servers/929fe4ec-5419-49f9-ad10-736c62a39ae5', 'x-compute-request-id': 'req-b096e9e9-325f-4eca-8d9d-29fe25fc09de', 'vary': 'X-OpenStack-Nova-API-Version', 'connection': 'close', 'x-openstack-nova-api-version': '2.1', 'date': 'Thu, 17 Dec 2015 23:49:20 GMT', 'content-type': 'application/json'}
        Body: {"server": {"status": "ACTIVE", "updated": "2015-12-17T23:49:19Z", "hostId": "2a88644cd06944ee1bcde3098668382e39f5d335c913489a225083ed", "addresses": {"tempest-network-smoke--618579052": [{"OS-EXT-IPS-MAC:mac_addr": "fa:16:3e:1d:00:6c", "version": 4, "addr": "10.100.0.3", "OS-EXT-IPS:type": "fixed"}]}, "links": [{"href": "http://10.0.2.15:8774/v2.1/3c506741b2de494ca0ba128771b9f4f2/servers/929fe4ec-5419-49f9-ad10-736c62a39ae5", "rel": "self"}, {"href": "http://10.0.2.15:8774/3c506741b2de494ca0ba128771b9f4f2/servers/929fe4ec-5419-49f9-ad10-736c62a39ae5", "rel": "bookmark"}], "key_name": "tempest-TestNetworkBasicOps-345833599", "image": {"id": "a56ccef0-b286-4cfe-8709-bff25a9599f3", "links": [{"href": "http://10.0.2.15:8774/3c506741b2de494ca0ba128771b9f4f2/images/a56ccef0-b286-4cfe-8709-bff25a9599f3", "rel": "bookmark"}]}, "OS-EXT-STS:task_state": null, "OS-EXT-STS:vm_state": "active", "OS-SRV-USG:launched_at": "2015-12-17T23:49:19.000000", "flavor": {"id": "42", "links": [{"href": "http://10.0.2.15:8774/3c506741b2de494ca0ba128771b9f4f2/flavors/42", "rel": "bookmark"}]}, "id": "929fe4ec-5419-49f9-ad10-736c62a39ae5", "security_groups": [{"name": "tempest-secgroup-smoke-343448513"}], "OS-SRV-USG:terminated_at": null, "OS-EXT-AZ:availability_zone": "nova", "user_id": "d4c471a4baed485480493e0234662525", "name": "tempest.common.compute-instance-209649722", "created": "2015-12-17T23:49:16Z", "tenant_id": "3c506741b2de494ca0ba128771b9f4f2", "OS-DCF:diskConfig": "MANUAL", "os-extended-volumes:volumes_attached": [], "accessIPv4": "", "accessIPv6": "", "progress": 0, "OS-EXT-STS:power_state": 1, "config_drive": "True", "metadata": {}}}
2015-12-17 23:49:20,404 20923 INFO     [tempest.scenario.manager] Tenant networks not configured to be reachable.
2015-12-17 23:49:20,436 20923 INFO     [tempest_lib.common.rest_client] Request (TestNetworkBasicOps:test_connectivity_between_vms_on_different_networks): 200 GET http://10.0.2.15:9696/v2.0/ports?status=ACTIVE&amp;fixed_ip=None&amp;device_id=929fe4ec-5419-49f9-ad10-736c62a39ae5 0.031s
2015-12-17 23:49:20,436 20923 DEBUG    [tempest_lib.common.rest_client] Request - Headers: {'Content-Type': 'application/json', 'Accept': 'application/json', 'X-Auth-Token': '&lt;omitted&gt;'}
        Body: None
    Response - Headers: {'status': '200', 'content-length': '895', 'content-location': 'http://10.0.2.15:9696/v2.0/ports?status=ACTIVE&amp;fixed_ip=None&amp;device_id=929fe4ec-5419-49f9-ad10-736c62a39ae5', 'connection': 'close', 'date': 'Thu, 17 Dec 2015 23:49:20 GMT', 'content-type': 'application/json; charset=UTF-8', 'x-openstack-request-id': 'req-3c247f63-8083-4325-9db1-570ec76169a3'}
        Body: {"ports": [{"status": "ACTIVE", "binding:host_id": "vagrant-ubuntu-trusty-64", "allowed_address_pairs": [], "extra_dhcp_opts": [], "dns_assignment": [{"hostname": "host-10-100-0-3", "ip_address": "10.100.0.3", "fqdn": "host-10-100-0-3.openstacklocal."}], "device_owner": "compute:None", "port_security_enabled": true, "binding:profile": {}, "fixed_ips": [{"subnet_id": "93cf140d-9116-4830-8537-d889d056afc2", "ip_address": "10.100.0.3"}], "id": "a4c7c67c-c1b2-4464-8cbf-3883c44708ce", "security_groups": ["0add7f6f-15f4-45e5-81d0-9e84813d89f8"], "device_id": "929fe4ec-5419-49f9-ad10-736c62a39ae5", "name": "", "admin_state_up": true, "network_id": "123ae407-b627-4f61-a1c7-65291b3b0d1b", "dns_name": "", "binding:vif_details": {"port_filter": true}, "binding:vnic_type": "normal", "binding:vif_type": "ovs", "tenant_id": "3c506741b2de494ca0ba128771b9f4f2", "mac_address": "fa:16:3e:1d:00:6c"}]}
2015-12-17 23:49:20,816 20923 INFO     [tempest_lib.common.rest_client] Request (TestNetworkBasicOps:test_connectivity_between_vms_on_different_networks): 201 POST http://10.0.2.15:9696/v2.0/floatingips 0.379s
2015-12-17 23:49:20,817 20923 DEBUG    [tempest_lib.common.rest_client] Request - Headers: {'Content-Type': 'application/json', 'Accept': 'application/json', 'X-Auth-Token': '&lt;omitted&gt;'}
        Body: {"floatingip": {"floating_network_id": "fc3ac288-5840-4903-a3a8-334964ec8a80", "tenant_id": "3c506741b2de494ca0ba128771b9f4f2", "fixed_ip_address": "10.100.0.3", "port_id": "a4c7c67c-c1b2-4464-8cbf-3883c44708ce"}}
    Response - Headers: {'status': '201', 'content-length': '367', 'connection': 'close', 'date': 'Thu, 17 Dec 2015 23:49:20 GMT', 'content-type': 'application/json; charset=UTF-8', 'x-openstack-request-id': 'req-871c9870-cb54-485b-b523-2d1ac88ab3be'}
        Body: {"floatingip": {"floating_network_id": "fc3ac288-5840-4903-a3a8-334964ec8a80", "router_id": "2b1942d1-ebd3-496d-b273-55941856bd3a", "fixed_ip_address": "10.100.0.3", "floating_ip_address": "172.24.4.4", "tenant_id": "3c506741b2de494ca0ba128771b9f4f2", "status": "DOWN", "port_id": "a4c7c67c-c1b2-4464-8cbf-3883c44708ce", "id": "642e7138-3d22-4be0-9e02-b139889561d9"}}
2015-12-17 23:49:20,828 20923 INFO     [tempest_lib.common.rest_client] Request (TestNetworkBasicOps:test_connectivity_between_vms_on_different_networks): 200 GET http://10.0.2.15:9696/v2.0/floatingips/642e7138-3d22-4be0-9e02-b139889561d9 0.010s
2015-12-17 23:49:20,828 20923 DEBUG    [tempest_lib.common.rest_client] Request - Headers: {'Content-Type': 'application/json', 'Accept': 'application/json', 'X-Auth-Token': '&lt;omitted&gt;'}
        Body: None
    Response - Headers: {'status': '200', 'content-length': '367', 'content-location': 'http://10.0.2.15:9696/v2.0/floatingips/642e7138-3d22-4be0-9e02-b139889561d9', 'connection': 'close', 'date': 'Thu, 17 Dec 2015 23:49:20 GMT', 'content-type': 'application/json; charset=UTF-8', 'x-openstack-request-id': 'req-61dd738e-7c21-4b6d-a1e5-87b7edfed15f'}
        Body: {"floatingip": {"floating_network_id": "fc3ac288-5840-4903-a3a8-334964ec8a80", "router_id": "2b1942d1-ebd3-496d-b273-55941856bd3a", "fixed_ip_address": "10.100.0.3", "floating_ip_address": "172.24.4.4", "tenant_id": "3c506741b2de494ca0ba128771b9f4f2", "status": "DOWN", "port_id": "a4c7c67c-c1b2-4464-8cbf-3883c44708ce", "id": "642e7138-3d22-4be0-9e02-b139889561d9"}}
2015-12-17 23:49:21,846 20923 INFO     [tempest_lib.common.rest_client] Request (TestNetworkBasicOps:test_connectivity_between_vms_on_different_networks): 200 GET http://10.0.2.15:9696/v2.0/floatingips/642e7138-3d22-4be0-9e02-b139889561d9 0.015s
2015-12-17 23:49:21,846 20923 DEBUG    [tempest_lib.common.rest_client] Request - Headers: {'Content-Type': 'application/json', 'Accept': 'application/json', 'X-Auth-Token': '&lt;omitted&gt;'}
        Body: None
    Response - Headers: {'status': '200', 'content-length': '369', 'content-location': 'http://10.0.2.15:9696/v2.0/floatingips/642e7138-3d22-4be0-9e02-b139889561d9', 'connection': 'close', 'date': 'Thu, 17 Dec 2015 23:49:21 GMT', 'content-type': 'application/json; charset=UTF-8', 'x-openstack-request-id': 'req-38085b34-eb7d-4175-be3a-0cf428a8d763'}
        Body: {"floatingip": {"floating_network_id": "fc3ac288-5840-4903-a3a8-334964ec8a80", "router_id": "2b1942d1-ebd3-496d-b273-55941856bd3a", "fixed_ip_address": "10.100.0.3", "floating_ip_address": "172.24.4.4", "tenant_id": "3c506741b2de494ca0ba128771b9f4f2", "status": "ACTIVE", "port_id": "a4c7c67c-c1b2-4464-8cbf-3883c44708ce", "id": "642e7138-3d22-4be0-9e02-b139889561d9"}}
2015-12-17 23:49:21,846 20923 INFO     [tempest.scenario.manager] FloatingIP: &lt;"FloatingIP" addr="172.24.4.4" id="642e7138-3d22-4be0-9e02-b139889561d9"&gt; is at status: ACTIVE
2015-12-17 23:49:21,847 20923 DEBUG    [tempest.scenario.manager] checking network connections to IP 172.24.4.4 with user: cirros
2015-12-17 23:49:21,847 20923 DEBUG    [tempest.scenario.manager] TestNetworkBasicOps:test_connectivity_between_vms_on_different_networks begins to ping 172.24.4.4 in 120 sec and the expected result is reachable
2015-12-17 23:51:22,163 20923 DEBUG    [tempest.scenario.manager] TestNetworkBasicOps:test_connectivity_between_vms_on_different_networks finishes ping 172.24.4.4 in 120 sec and the ping result is unexpected
2015-12-17 23:51:22,164 20923 ERROR    [tempest.scenario.manager] Public network connectivity check failed
2015-12-17 23:51:22.164 20923 ERROR tempest.scenario.manager Traceback (most recent call last):
2015-12-17 23:51:22.164 20923 ERROR tempest.scenario.manager   File "tempest/scenario/manager.py", line 608, in check_public_network_connectivity
2015-12-17 23:51:22.164 20923 ERROR tempest.scenario.manager     should_connect=should_connect)
2015-12-17 23:51:22.164 20923 ERROR tempest.scenario.manager   File "tempest/scenario/manager.py", line 592, in check_vm_connectivity
2015-12-17 23:51:22.164 20923 ERROR tempest.scenario.manager     msg=msg)
2015-12-17 23:51:22.164 20923 ERROR tempest.scenario.manager   File "/usr/local/lib/python2.7/dist-packages/unittest2/case.py", line 702, in assertTrue
2015-12-17 23:51:22.164 20923 ERROR tempest.scenario.manager     raise self.failureException(msg)
2015-12-17 23:51:22.164 20923 ERROR tempest.scenario.manager AssertionError: False is not true : Timed out waiting for 172.24.4.4 to become reachable
2015-12-17 23:51:22.164 20923 ERROR tempest.scenario.manager 
2015-12-17 23:51:22,370 20923 INFO     [tempest_lib.common.rest_client] Request (TestNetworkBasicOps:test_connectivity_between_vms_on_different_networks): 200 POST http://10.0.2.15:8774/v2.1/3c506741b2de494ca0ba128771b9f4f2/servers/929fe4ec-5419-49f9-ad10-736c62a39ae5/action 0.202s
2015-12-17 23:51:22,371 20923 DEBUG    [tempest_lib.common.rest_client] Request - Headers: {'Content-Type': 'application/json', 'Accept': 'application/json', 'X-Auth-Token': '&lt;omitted&gt;'}
        Body: {"os-getConsoleOutput": {}}
    Response - Headers: {'status': '200', 'content-length': '17429', 'x-compute-request-id': 'req-c842bca6-efed-4de7-aeaf-dbaa2fe70735', 'vary': 'X-OpenStack-Nova-API-Version', 'connection': 'close', 'x-openstack-nova-api-version': '2.1', 'date': 'Thu, 17 Dec 2015 23:51:22 GMT', 'content-type': 'application/json'}
        Body: {"output": "[    0.000000] Initializing cgroup subsys cpuset\n[    0.000000] Initializing cgroup subsys cpu\n[    0.000000] Linux version 3.2.0-80-virtual (buildd@batsu) (gcc version 4.6.3 (Ubuntu/Linaro 4.6.3-1ubuntu5) ) #116-Ubuntu SMP Mon Mar 23 17:28:52 UTC 2015 (Ubuntu 3.2.0-80.116-virtual 3.2.68)\n[    0.000000] Command line: root=/dev/vda console=tty0 console=ttyS0 no_timer_check\n[    0.000000] KERNEL supported cpus:\n[    0.000000]   Intel GenuineIntel\n[    0.000000]   AMD AuthenticAMD\n[    0.000000]   Centaur CentaurHauls\n[    0.000000] BIOS-provided physical RAM map:\n[    0.000000]  BIOS-e820: 0000000000000000 - 000000000009fc00 (usable)\n[    0.000000]  BIOS-e820: 000000000009fc00 - 00000000000a0000 (reserved)\n[    0.000000]  BIOS-e820: 00000000000f0000 - 0000000000100000 (reserved)\n[    0.000000]  BIOS-e820: 0000000000100000 - 0000000003ffe000 (usable)\n[    0.000000]  BIOS-e820: 0000000003ffe000 - 0000000004000000 (reserved)\n[    0.000000]  BIOS-e820: 00000000fffc0000 - 0000000100000000 (reserved)\n[    0.000000] NX (Execute Disable) protection: active\n[    0.000000] SMBIOS 2.4 present.\n[    0.000000] No AGP bridge found\n[    0.000000] last_pfn = 0x3ffe max_arch_pfn = 0x400000000\n[    0.000000] x86 PAT enabled: cpu 0, old 0x7040600070406, new 0x7010600070106\n[    0.000000] found SMP MP-table at [ffff8800000f0b00] f0b00\n[    0.000000] init_memory_mapping: 0000000000000000-0000000003ffe000\n[    0.000000] RAMDISK: 03c5e000 - 03ff0000\n[    0.000000] ACPI: RSDP 00000000000f0950 00014 (v00 BOCHS )\n[    0.000000] ACPI: RSDT 0000000003fffbc1 00034 (v01 BOCHS  BXPCRSDT 00000001 BXPC 00000001)\n[    0.000000] ACPI: FACP 0000000003fff1c0 00074 (v01 BOCHS  BXPCFACP 00000001 BXPC 00000001)\n[    0.000000] ACPI: DSDT 0000000003ffe040 01180 (v01 BOCHS  BXPCDSDT 00000001 BXPC 00000001)\n[    0.000000] ACPI: FACS 0000000003ffe000 00040\n[    0.000000] ACPI: SSDT 0000000003fff234 008DD (v01 BOCHS  BXPCSSDT 00000001 BXPC 00000001)\n[    0.000000] ACPI: APIC 0000000003fffb11 00078 (v01 BOCHS  BXPCAPIC 00000001 BXPC 00000001)\n[    0.000000] ACPI: HPET 0000000003fffb89 00038 (v01 BOCHS  BXPCHPET 00000001 BXPC 00000001)\n[    0.000000] No NUMA configuration found\n[    0.000000] Faking a node at 0000000000000000-0000000003ffe000\n[    0.000000] Initmem setup node 0 0000000000000000-0000000003ffe000\n[    0.000000]   NODE_DATA [0000000003ff6000 - 0000000003ffafff]\n[    0.000000] Zone PFN ranges:\n[    0.000000]   DMA      0x00000010 -&gt; 0x00001000\n[    0.000000]   DMA32    0x00001000 -&gt; 0x00100000\n[    0.000000]   Normal   empty\n[    0.000000] Movable zone start PFN for each node\n[    0.000000] early_node_map[2] active PFN ranges\n[    0.000000]     0: 0x00000010 -&gt; 0x0000009f\n[    0.000000]     0: 0x00000100 -&gt; 0x00003ffe\n[    0.000000] ACPI: PM-Timer IO Port: 0xb008\n[    0.000000] ACPI: LAPIC (acpi_id[0x00] lapic_id[0x00] enabled)\n[    0.000000] ACPI: LAPIC_NMI (acpi_id[0xff] dfl dfl lint[0x1])\n[    0.000000] ACPI: IOAPIC (id[0x00] address[0xfec00000] gsi_base[0])\n[    0.000000] IOAPIC[0]: apic_id 0, version 17, address 0xfec00000, GSI 0-23\n[    0.000000] ACPI: INT_SRC_OVR (bus 0 bus_irq 0 global_irq 2 dfl dfl)\n[    0.000000] ACPI: INT_SRC_OVR (bus 0 bus_irq 5 global_irq 5 high level)\n[    0.000000] ACPI: INT_SRC_OVR (bus 0 bus_irq 9 global_irq 9 high level)\n[    0.000000] ACPI: INT_SRC_OVR (bus 0 bus_irq 10 global_irq 10 high level)\n[    0.000000] ACPI: INT_SRC_OVR (bus 0 bus_irq 11 global_irq 11 high level)\n[    0.000000] Using ACPI (MADT) for SMP configuration information\n[    0.000000] ACPI: HPET id: 0x8086a201 base: 0xfed00000\n[    0.000000] SMP: Allowing 1 CPUs, 0 hotplug CPUs\n[    0.000000] PM: Registered nosave memory: 000000000009f000 - 00000000000a0000\n[    0.000000] PM: Registered nosave memory: 00000000000a0000 - 00000000000f0000\n[    0.000000] PM: Registered nosave memory: 00000000000f0000 - 0000000000100000\n[    0.000000] Allocating PCI resources starting at 4000000 (gap: 4000000:fbfc0000)\n[    0.000000] Booting paravirtualized kernel on bare hardware\n[    0.000000] setup_pe
2015-12-17 23:51:22,374 20923 DEBUG    [tempest.scenario.manager] Console output for 929fe4ec-5419-49f9-ad10-736c62a39ae5
body=
[    0.000000] Initializing cgroup subsys cpuset
[    0.000000] Initializing cgroup subsys cpu
[    0.000000] Linux version 3.2.0-80-virtual (buildd@batsu) (gcc version 4.6.3 (Ubuntu/Linaro 4.6.3-1ubuntu5) ) #116-Ubuntu SMP Mon Mar 23 17:28:52 UTC 2015 (Ubuntu 3.2.0-80.116-virtual 3.2.68)
[    0.000000] Command line: root=/dev/vda console=tty0 console=ttyS0 no_timer_check
[    0.000000] KERNEL supported cpus:
[    0.000000]   Intel GenuineIntel
[    0.000000]   AMD AuthenticAMD
[    0.000000]   Centaur CentaurHauls
[    0.000000] BIOS-provided physical RAM map:
[    0.000000]  BIOS-e820: 0000000000000000 - 000000000009fc00 (usable)
[    0.000000]  BIOS-e820: 000000000009fc00 - 00000000000a0000 (reserved)
[    0.000000]  BIOS-e820: 00000000000f0000 - 0000000000100000 (reserved)
[    0.000000]  BIOS-e820: 0000000000100000 - 0000000003ffe000 (usable)
[    0.000000]  BIOS-e820: 0000000003ffe000 - 0000000004000000 (reserved)
[    0.000000]  BIOS-e820: 00000000fffc0000 - 0000000100000000 (reserved)
[    0.000000] NX (Execute Disable) protection: active
[    0.000000] SMBIOS 2.4 present.
[    0.000000] No AGP bridge found
[    0.000000] last_pfn = 0x3ffe max_arch_pfn = 0x400000000
[    0.000000] x86 PAT enabled: cpu 0, old 0x7040600070406, new 0x7010600070106
[    0.000000] found SMP MP-table at [ffff8800000f0b00] f0b00
[    0.000000] init_memory_mapping: 0000000000000000-0000000003ffe000
[    0.000000] RAMDISK: 03c5e000 - 03ff0000
[    0.000000] ACPI: RSDP 00000000000f0950 00014 (v00 BOCHS )
[    0.000000] ACPI: RSDT 0000000003fffbc1 00034 (v01 BOCHS  BXPCRSDT 00000001 BXPC 00000001)
[    0.000000] ACPI: FACP 0000000003fff1c0 00074 (v01 BOCHS  BXPCFACP 00000001 BXPC 00000001)
[    0.000000] ACPI: DSDT 0000000003ffe040 01180 (v01 BOCHS  BXPCDSDT 00000001 BXPC 00000001)
[    0.000000] ACPI: FACS 0000000003ffe000 00040
[    0.000000] ACPI: SSDT 0000000003fff234 008DD (v01 BOCHS  BXPCSSDT 00000001 BXPC 00000001)
[    0.000000] ACPI: APIC 0000000003fffb11 00078 (v01 BOCHS  BXPCAPIC 00000001 BXPC 00000001)
[    0.000000] ACPI: HPET 0000000003fffb89 00038 (v01 BOCHS  BXPCHPET 00000001 BXPC 00000001)
[    0.000000] No NUMA configuration found
[    0.000000] Faking a node at 0000000000000000-0000000003ffe000
[    0.000000] Initmem setup node 0 0000000000000000-0000000003ffe000
[    0.000000]   NODE_DATA [0000000003ff6000 - 0000000003ffafff]
[    0.000000] Zone PFN ranges:
[    0.000000]   DMA      0x00000010 -&gt; 0x00001000
[    0.000000]   DMA32    0x00001000 -&gt; 0x00100000
[    0.000000]   Normal   empty
[    0.000000] Movable zone start PFN for each node
[    0.000000] early_node_map[2] active PFN ranges
[    0.000000]     0: 0x00000010 -&gt; 0x0000009f
[    0.000000]     0: 0x00000100 -&gt; 0x00003ffe
[    0.000000] ACPI: PM-Timer IO Port: 0xb008
[    0.000000] ACPI: LAPIC (acpi_id[0x00] lapic_id[0x00] enabled)
[    0.000000] ACPI: LAPIC_NMI (acpi_id[0xff] dfl dfl lint[0x1])
[    0.000000] ACPI: IOAPIC (id[0x00] address[0xfec00000] gsi_base[0])
[    0.000000] IOAPIC[0]: apic_id 0, version 17, address 0xfec00000, GSI 0-23
[    0.000000] ACPI: INT_SRC_OVR (bus 0 bus_irq 0 global_irq 2 dfl dfl)
[    0.000000] ACPI: INT_SRC_OVR (bus 0 bus_irq 5 global_irq 5 high level)
[    0.000000] ACPI: INT_SRC_OVR (bus 0 bus_irq 9 global_irq 9 high level)
[    0.000000] ACPI: INT_SRC_OVR (bus 0 bus_irq 10 global_irq 10 high level)
[    0.000000] ACPI: INT_SRC_OVR (bus 0 bus_irq 11 global_irq 11 high level)
[    0.000000] Using ACPI (MADT) for SMP configuration information
[    0.000000] ACPI: HPET id: 0x8086a201 base: 0xfed00000
[    0.000000] SMP: Allowing 1 CPUs, 0 hotplug CPUs
[    0.000000] PM: Registered nosave memory: 000000000009f000 - 00000000000a0000
[    0.000000] PM: Registered nosave memory: 00000000000a0000 - 00000000000f0000
[    0.000000] PM: Registered nosave memory: 00000000000f0000 - 0000000000100000
[    0.000000] Allocating PCI resources starting at 4000000 (gap: 4000000:fbfc0000)
[    0.000000] Booting paravirtualized kernel on bare hardware
[    0.000000] setup_percpu: NR_CPUS:64 nr_cpumask_bits:64 nr_cpu_ids:1 nr_node_ids:1
[    0.000000] PERCPU: Embedded 27 pages/cpu @ffff880003a00000 s78848 r8192 d23552 u2097152
[    0.000000] Built 1 zonelists in Node order, mobility grouping on.  Total pages: 16008
[    0.000000] Policy zone: DMA32
[    0.000000] Kernel command line: root=/dev/vda console=tty0 console=ttyS0 no_timer_check
[    0.000000] PID hash table entries: 256 (order: -1, 2048 bytes)
[    0.000000] Checking aperture...
[    0.000000] No AGP bridge found
[    0.000000] Memory: 43492k/65528k available (6576k kernel code, 452k absent, 21584k reserved, 6620k data, 928k init)
[    0.000000] SLUB: Genslabs=15, HWalign=64, Order=0-3, MinObjects=0, CPUs=1, Nodes=1
[    0.000000] Hierarchical RCU implementation.
[    0.000000] 	RCU dyntick-idle grace-period acceleration is enabled.
[    0.000000] NR_IRQS:4352 nr_irqs:256 16
[    0.000000] Console: colour VGA+ 80x25
[    0.000000] console [tty0] enabled
[    0.000000] console [ttyS0] enabled
[    0.000000] allocated 1048576 bytes of page_cgroup
[    0.000000] please try 'cgroup_disable=memory' option if you don't want memory cgroups
[    0.000000] Fast TSC calibration failed
[    0.000000] TSC: Unable to calibrate against PIT
[    0.000000] TSC: using HPET reference calibration
[    0.000000] Detected 2294.372 MHz processor.
[    0.036898] Calibrating delay loop (skipped), value calculated using timer frequency.. 4588.74 BogoMIPS (lpj=9177488)
[    0.039058] pid_max: default: 32768 minimum: 301
[    0.049103] Security Framework initialized
[    0.053725] AppArmor: AppArmor initialized
[    0.054471] Yama: becoming mindful.
[    0.061605] Dentry cache hash table entries: 8192 (order: 4, 65536 bytes)
[    0.063078] Inode-cache hash table entries: 4096 (order: 3, 32768 bytes)
[    0.064742] Mount-cache hash table entries: 256
[    0.081022] Initializing cgroup subsys cpuacct
[    0.082027] Initializing cgroup subsys memory
[    0.083351] Initializing cgroup subsys devices
[    0.084191] Initializing cgroup subsys freezer
[    0.084946] Initializing cgroup subsys blkio
[    0.085713] Initializing cgroup subsys perf_event
[    0.090691] mce: CPU supports 10 MCE banks
[    0.094023] SMP alternatives: switching to UP code
[    0.477148] Freeing SMP alternatives: 24k freed
[    0.478746] ACPI: Core revision 20110623
[    0.528344] ftrace: allocating 26610 entries in 105 pages
[    0.566849] ..TIMER: vector=0x30 apic1=0 pin1=2 apic2=-1 pin2=-1
[    0.568182] CPU0: AMD QEMU Virtual CPU version 2.0.0 stepping 03
[    0.572035] Performance Events: Broken PMU hardware detected, using software events only.
[    0.580869] NMI watchdog disabled (cpu0): hardware events not enabled
[    0.582720] Brought up 1 CPUs
[    0.584199] Total of 1 processors activated (4588.74 BogoMIPS).
[    0.609046] devtmpfs: initialized
[    0.638867] EVM: security.selinux
[    0.639440] EVM: security.SMACK64
[    0.640080] EVM: security.capability
[    0.661188] print_constraints: dummy: 
[    0.662763] RTC time: 23:49:23, date: 12/17/15
[    0.665724] NET: Registered protocol family 16
[    0.673981] ACPI: bus type pci registered
[    0.677746] PCI: Using configuration type 1 for base access
[    0.706826] bio: create slab &lt;bio-0&gt; at 0
[    0.711121] ACPI: Added _OSI(Module Device)
[    0.712148] ACPI: Added _OSI(Processor Device)
[    0.712709] ACPI: Added _OSI(3.0 _SCP Extensions)
[    0.713519] ACPI: Added _OSI(Processor Aggregator Device)
[    0.786640] ACPI: Interpreter enabled
[    0.787303] ACPI: (supports S0 S3 S4 S5)
[    0.789597] ACPI: Using IOAPIC for interrupt routing
[    0.876253] ACPI: No dock devices found.
[    0.876824] HEST: Table not found.
[    0.877354] PCI: Using host bridge windows from ACPI; if necessary, use "pci=nocrs" and report a bug
[    0.884054] ACPI: PCI Root Bridge [PCI0] (domain 0000 [bus 00-ff])
[    0.889973] pci_root PNP0A03:00: host bridge window [io  0x0000-0x0cf7]
[    0.890865] pci_root PNP0A03:00: host bridge window [io  0x0d00-0xadff]
[    0.892435] pci_root PNP0A03:00: host bridge window [io  0xae0f-0xaeff]
[    0.893825] pci_root PNP0A03:00: host bridge window [io  0xaf20-0xafdf]
[    0.894716] pci_root PNP0A03:00: host bridge window [io  0xafe4-0xffff]
[    0.896177] pci_root PNP0A03:00: host bridge window [mem 0x000a0000-0x000bffff]
[    0.897174] pci_root PNP0A03:00: host bridge window [mem 0x04000000-0xfebfffff]
[    0.918649] pci 0000:00:01.3: quirk: [io  0xb000-0xb03f] claimed by PIIX4 ACPI
[    0.920190] pci 0000:00:01.3: quirk: [io  0xb100-0xb10f] claimed by PIIX4 SMB
[    0.995558]  pci0000:00: Unable to request _OSC control (_OSC support mask: 0x1e)
[    1.053230] ACPI: PCI Interrupt Link [LNKA] (IRQs 5 *10 11)
[    1.055392] ACPI: PCI Interrupt Link [LNKB] (IRQs 5 *10 11)
[    1.057336] ACPI: PCI Interrupt Link [LNKC] (IRQs 5 10 *11)
[    1.058933] ACPI: PCI Interrupt Link [LNKD] (IRQs 5 10 *11)
[    1.064158] ACPI: PCI Interrupt Link [LNKS] (IRQs *9)
[    1.073472] vgaarb: device added: PCI:0000:00:02.0,decodes=io+mem,owns=io+mem,locks=none
[    1.074641] vgaarb: loaded
[    1.076198] vgaarb: bridge control possible 0000:00:02.0
[    1.081828] i2c-core: driver [aat2870] using legacy suspend method
[    1.082781] i2c-core: driver [aat2870] using legacy resume method
[    1.088351] SCSI subsystem initialized
[    1.092214] usbcore: registered new interface driver usbfs
[    1.093234] usbcore: registered new interface driver hub
[    1.094896] usbcore: registered new device driver usb
[    1.100147] PCI: Using ACPI for IRQ routing
[    1.112688] NetLabel: Initializing
[    1.113448] NetLabel:  domain hash size = 128
[    1.114290] NetLabel:  protocols = UNLABELED CIPSOv4
[    1.117151] NetLabel:  unlabeled traffic allowed by default
[    1.119207] HPET: 3 timers in total, 0 timers will be used for per-cpu timer
[    1.120432] hpet0: at MMIO 0xfed00000, IRQs 2, 8, 0
[    1.121315] hpet0: 3 comparators, 64-bit 100.000000 MHz counter
[    1.133849] Switching to clocksource hpet
[    1.420295] AppArmor: AppArmor Filesystem Enabled
[    1.422641] pnp: PnP ACPI init
[    1.423352] ACPI: bus type pnp registered
[    1.444017] pnp: PnP ACPI: found 9 devices
[    1.445582] ACPI: ACPI bus type pnp unregistered
[    1.502236] NET: Registered protocol family 2
[    1.537883] IP route cache hash table entries: 512 (order: 0, 4096 bytes)
[    1.545707] TCP established hash table entries: 2048 (order: 3, 32768 bytes)
[    1.547110] TCP bind hash table entries: 2048 (order: 3, 32768 bytes)
[    1.549767] TCP: Hash tables configured (established 2048 bind 2048)
[    1.550548] TCP reno registered
[    1.551125] UDP hash table entries: 128 (order: 0, 4096 bytes)
[    1.551769] UDP-Lite hash table entries: 128 (order: 0, 4096 bytes)
[    1.555410] NET: Registered protocol family 1
[    1.556673] pci 0000:00:00.0: Limiting direct PCI/PCI transfers
[    1.557672] pci 0000:00:01.0: PIIX3: Enabling Passive Release
[    1.558583] pci 0000:00:01.0: Activating ISA DMA hang workarounds
[    1.563674] ACPI: PCI Interrupt Link [LNKD] enabled at IRQ 11
[    1.565985] pci 0000:00:01.2: PCI INT D -&gt; Link[LNKD] -&gt; GSI 11 (level, high) -&gt; IRQ 11
[    1.567964] pci 0000:00:01.2: PCI INT D disabled
[    1.586539] Trying to unpack rootfs image as initramfs...
[    1.602458] audit: initializing netlink socket (disabled)
[    1.603625] type=2000 audit(1450396163.600:1): initialized
[    1.874990] HugeTLB registered 2 MB page size, pre-allocated 0 pages
[    1.974234] VFS: Disk quotas dquot_6.5.2
[    1.975504] Dquot-cache hash table entries: 512 (order 0, 4096 bytes)
[    2.002839] fuse init (API version 7.17)
[    2.006610] msgmni has been set to 84
[    2.047811] Block layer SCSI generic (bsg) driver version 0.4 loaded (major 253)
[    2.058170] io scheduler noop registered
[    2.058752] io scheduler deadline registered (default)
[    2.059867] io scheduler cfq registered
[    2.063017] pci_hotplug: PCI Hot Plug PCI Core version: 0.5
[    2.065627] pciehp: PCI Express Hot Plug Controller Driver version: 0.4
[    2.070911] input: Power Button as /devices/LNXSYSTM:00/LNXPWRBN:00/input/input0
[    2.073191] ACPI: Power Button [PWRF]
[    2.122902] ERST: Table is not found!
[    2.132693] GHES: HEST is not enabled!
[    2.150707] ACPI: PCI Interrupt Link [LNKC] enabled at IRQ 10
[    2.151392] virtio-pci 0000:00:03.0: PCI INT A -&gt; Link[LNKC] -&gt; GSI 10 (level, high) -&gt; IRQ 10
[    2.155037] virtio-pci 0000:00:04.0: PCI INT A -&gt; Link[LNKD] -&gt; GSI 11 (level, high) -&gt; IRQ 11
[    2.167093] ACPI: PCI Interrupt Link [LNKA] enabled at IRQ 10
[    2.167775] virtio-pci 0000:00:05.0: PCI INT A -&gt; Link[LNKA] -&gt; GSI 10 (level, high) -&gt; IRQ 10
[    2.181666] Serial: 8250/16550 driver, 32 ports, IRQ sharing enabled
[    2.223331] serial8250: ttyS0 at I/O 0x3f8 (irq = 4) is a 16550A
[    2.310860] serial8250: ttyS1 at I/O 0x2f8 (irq = 3) is a 16550A
[    2.441072] 00:05: ttyS0 at I/O 0x3f8 (irq = 4) is a 16550A
[    2.520632] 00:06: ttyS1 at I/O 0x2f8 (irq = 3) is a 16550A
[    2.569871] Linux agpgart interface v0.103
[    2.577639] Refined TSC clocksource calibration: 2294.456 MHz.
[    2.578467] Switching to clocksource tsc
[    2.627177] brd: module loaded
[    2.656956] loop: module loaded
[    2.713677]  vda: unknown partition table
[    2.777808] scsi0 : ata_piix
[    2.785974] scsi1 : ata_piix
[    2.787236] ata1: PATA max MWDMA2 cmd 0x1f0 ctl 0x3f6 bmdma 0xc0a0 irq 14
[    2.788060] ata2: PATA max MWDMA2 cmd 0x170 ctl 0x376 bmdma 0xc0a8 irq 15
[    2.799526] Fixed MDIO Bus: probed
[    2.801695] tun: Universal TUN/TAP device driver, 1.6
[    2.802632] tun: (C) 1999-2004 Max Krasnyansky &lt;maxk@qualcomm.com&gt;
[    2.820670] PPP generic driver version 2.4.2
[    2.855925] ehci_hcd: USB 2.0 'Enhanced' Host Controller (EHCI) Driver
[    2.858006] ohci_hcd: USB 1.1 'Open' Host Controller (OHCI) Driver
[    2.858955] uhci_hcd: USB Universal Host Controller Interface driver
[    2.859984] uhci_hcd 0000:00:01.2: PCI INT D -&gt; Link[LNKD] -&gt; GSI 11 (level, high) -&gt; IRQ 11
[    2.867460] uhci_hcd 0000:00:01.2: UHCI Host Controller
[    2.893954] uhci_hcd 0000:00:01.2: new USB bus registered, assigned bus number 1
[    2.895746] uhci_hcd 0000:00:01.2: irq 11, io base 0x0000c040
[    2.925439] hub 1-0:1.0: USB hub found
[    2.927875] hub 1-0:1.0: 2 ports detected
[    2.937084] usbcore: registered new interface driver libusual
[    2.942594] i8042: PNP: PS/2 Controller [PNP0303:KBD,PNP0f13:MOU] at 0x60,0x64 irq 1,12
[    2.957581] serio: i8042 KBD port at 0x60,0x64 irq 1
[    2.959525] serio: i8042 AUX port at 0x60,0x64 irq 12
[    3.023024] mousedev: PS/2 mouse device common for all mice
[    3.026460] ata2.01: ATAPI: QEMU DVD-ROM, 2.0.0, max UDMA/100
[    3.059305] input: AT Translated Set 2 keyboard as /devices/platform/i8042/serio0/input/input1
[    3.066113] rtc_cmos 00:01: RTC can wake from S4
[    3.079884] rtc_cmos 00:01: rtc core: registered rtc_cmos as rtc0
[    3.085559] rtc0: alarms up to one day, 114 bytes nvram, hpet irqs
[    3.089848] device-mapper: uevent: version 1.0.3
[    3.108098] device-mapper: ioctl: 4.22.0-ioctl (2011-10-19) initialised: dm-devel@redhat.com
[    3.112163] cpuidle: using governor ladder
[    3.115250] cpuidle: using governor menu
[    3.115808] EFI Variables Facility v0.08 2004-May-17
[    3.130254] TCP cubic registered
[    3.135806] NET: Registered protocol family 10
[    3.168054] NET: Registered protocol family 17
[    3.169618] Registering the dns_resolver key type
[    3.177450] ata2.01: configured for MWDMA2
[    3.210018] scsi 1:0:1:0: CD-ROM            QEMU     QEMU DVD-ROM     2.0. PQ: 0 ANSI: 5
[    3.246376] sr0: scsi3-mmc drive: 4x/4x cd/rw xa/form2 tray
[    3.247976] cdrom: Uniform CD-ROM driver Revision: 3.20
[    3.267546] sr 1:0:1:0: Attached scsi generic sg0 type 5
[    3.312039] registered taskstats version 1
[    3.339582] Freeing initrd memory: 3656k freed
[    3.818868]   Magic number: 11:543:858
[    3.830801] rtc_cmos 00:01: setting system clock to 2015-12-17 23:49:26 UTC (1450396166)
[    3.833531] powernow-k8: Processor cpuid 663 not supported
[    3.841854] BIOS EDD facility v0.16 2004-Jun-25, 0 devices found
[    3.843330] EDD information not available.
[    3.916949] Freeing unused kernel memory: 928k freed
[    3.926649] Write protecting the kernel read-only data: 12288k
[    4.060655] Freeing unused kernel memory: 1596k freed
[    4.149753] Freeing unused kernel memory: 1184k freed

info: initramfs: up at 4.32
modprobe: module virtio_blk not found in modules.dep
modprobe: module virtio_net not found in modules.dep
info: copying initramfs to /dev/vda
info: initramfs loading root from /dev/vda
info: /etc/init.d/rc.sysinit: up at 9.10
info: container: none
Starting logging: OK
modprobe: module virtio_blk not found in modules.dep
modprobe: module virtio_net not found in modules.dep
WARN: /etc/rc3.d/S10-load-modules failed
Initializing random number generator... done.
Starting acpid: OK
cirros-ds 'local' up at 11.68
found datasource (configdrive, local)
Starting network...
udhcpc (v1.20.1) started
Sending discover...
Sending discover...

2015-12-17 23:51:22,579 20923 INFO     [tempest_lib.common.rest_client] Request (TestNetworkBasicOps:_run_cleanups): 204 DELETE http://10.0.2.15:9696/v2.0/floatingips/642e7138-3d22-4be0-9e02-b139889561d9 0.197s
2015-12-17 23:51:22,579 20923 DEBUG    [tempest_lib.common.rest_client] Request - Headers: {'Content-Type': 'application/json', 'Accept': 'application/json', 'X-Auth-Token': '&lt;omitted&gt;'}
        Body: None
    Response - Headers: {'date': 'Thu, 17 Dec 2015 23:51:22 GMT', 'status': '204', 'connection': 'close', 'content-length': '0', 'x-openstack-request-id': 'req-57f24324-5a18-4e60-a6c3-3cdd672e2e1a'}
        Body: 
2015-12-17 23:51:22,926 20923 INFO     [tempest_lib.common.rest_client] Request (TestNetworkBasicOps:_run_cleanups): 204 DELETE http://10.0.2.15:8774/v2.1/3c506741b2de494ca0ba128771b9f4f2/servers/929fe4ec-5419-49f9-ad10-736c62a39ae5 0.346s
2015-12-17 23:51:22,927 20923 DEBUG    [tempest_lib.common.rest_client] Request - Headers: {'Content-Type': 'application/json', 'Accept': 'application/json', 'X-Auth-Token': '&lt;omitted&gt;'}
        Body: None
    Response - Headers: {'status': '204', 'content-length': '0', 'x-compute-request-id': 'req-9c8db08e-bb42-4a0f-8697-4b6ac4fcf8ed', 'vary': 'X-OpenStack-Nova-API-Version', 'connection': 'close', 'x-openstack-nova-api-version': '2.1', 'date': 'Thu, 17 Dec 2015 23:51:22 GMT', 'content-type': 'application/json'}
        Body: 
2015-12-17 23:51:23,152 20923 INFO     [tempest_lib.common.rest_client] Request (TestNetworkBasicOps:_run_cleanups): 200 GET http://10.0.2.15:8774/v2.1/3c506741b2de494ca0ba128771b9f4f2/servers/929fe4ec-5419-49f9-ad10-736c62a39ae5 0.223s
2015-12-17 23:51:23,152 20923 DEBUG    [tempest_lib.common.rest_client] Request - Headers: {'Content-Type': 'application/json', 'Accept': 'application/json', 'X-Auth-Token': '&lt;omitted&gt;'}
        Body: None
    Response - Headers: {'status': '200', 'content-length': '1773', 'content-location': 'http://10.0.2.15:8774/v2.1/3c506741b2de494ca0ba128771b9f4f2/servers/929fe4ec-5419-49f9-ad10-736c62a39ae5', 'x-compute-request-id': 'req-4243d214-75bb-4231-97d2-bb60b3a80a52', 'vary': 'X-OpenStack-Nova-API-Version', 'connection': 'close', 'x-openstack-nova-api-version': '2.1', 'date': 'Thu, 17 Dec 2015 23:51:23 GMT', 'content-type': 'application/json'}
        Body: {"server": {"status": "ACTIVE", "updated": "2015-12-17T23:51:22Z", "hostId": "2a88644cd06944ee1bcde3098668382e39f5d335c913489a225083ed", "addresses": {"tempest-network-smoke--618579052": [{"OS-EXT-IPS-MAC:mac_addr": "fa:16:3e:1d:00:6c", "version": 4, "addr": "10.100.0.3", "OS-EXT-IPS:type": "fixed"}, {"OS-EXT-IPS-MAC:mac_addr": "fa:16:3e:1d:00:6c", "version": 4, "addr": "172.24.4.4", "OS-EXT-IPS:type": "floating"}]}, "links": [{"href": "http://10.0.2.15:8774/v2.1/3c506741b2de494ca0ba128771b9f4f2/servers/929fe4ec-5419-49f9-ad10-736c62a39ae5", "rel": "self"}, {"href": "http://10.0.2.15:8774/3c506741b2de494ca0ba128771b9f4f2/servers/929fe4ec-5419-49f9-ad10-736c62a39ae5", "rel": "bookmark"}], "key_name": "tempest-TestNetworkBasicOps-345833599", "image": {"id": "a56ccef0-b286-4cfe-8709-bff25a9599f3", "links": [{"href": "http://10.0.2.15:8774/3c506741b2de494ca0ba128771b9f4f2/images/a56ccef0-b286-4cfe-8709-bff25a9599f3", "rel": "bookmark"}]}, "OS-EXT-STS:task_state": "deleting", "OS-EXT-STS:vm_state": "active", "OS-SRV-USG:launched_at": "2015-12-17T23:49:19.000000", "flavor": {"id": "42", "links": [{"href": "http://10.0.2.15:8774/3c506741b2de494ca0ba128771b9f4f2/flavors/42", "rel": "bookmark"}]}, "id": "929fe4ec-5419-49f9-ad10-736c62a39ae5", "security_groups": [{"name": "tempest-secgroup-smoke-343448513"}], "OS-SRV-USG:terminated_at": null, "OS-EXT-AZ:availability_zone": "nova", "user_id": "d4c471a4baed485480493e0234662525", "name": "tempest.common.compute-instance-209649722", "created": "2015-12-17T23:49:16Z", "tenant_id": "3c506741b2de494ca0ba128771b9f4f2", "OS-DCF:diskConfig": "MANUAL", "os-extended-volumes:volumes_attached": [], "accessIPv4": "", "accessIPv6": "", "progress": 0, "OS-EXT-STS:power_state": 1, "config_drive": "True", "metadata": {}}}
2015-12-17 23:51:24,310 20923 INFO     [tempest_lib.common.rest_client] Request (TestNetworkBasicOps:_run_cleanups): 200 GET http://10.0.2.15:8774/v2.1/3c506741b2de494ca0ba128771b9f4f2/servers/929fe4ec-5419-49f9-ad10-736c62a39ae5 0.142s
2015-12-17 23:51:24,310 20923 DEBUG    [tempest_lib.common.rest_client] Request - Headers: {'Content-Type': 'application/json', 'Accept': 'application/json', 'X-Auth-Token': '&lt;omitted&gt;'}
        Body: None
    Response - Headers: {'status': '200', 'content-length': '1439', 'content-location': 'http://10.0.2.15:8774/v2.1/3c506741b2de494ca0ba128771b9f4f2/servers/929fe4ec-5419-49f9-ad10-736c62a39ae5', 'x-compute-request-id': 'req-e90f19b5-cf0f-497a-bef2-37f872758b30', 'vary': 'X-OpenStack-Nova-API-Version', 'connection': 'close', 'x-openstack-nova-api-version': '2.1', 'date': 'Thu, 17 Dec 2015 23:51:24 GMT', 'content-type': 'application/json'}
        Body: {"server": {"status": "ACTIVE", "updated": "2015-12-17T23:51:23Z", "hostId": "2a88644cd06944ee1bcde3098668382e39f5d335c913489a225083ed", "addresses": {}, "links": [{"href": "http://10.0.2.15:8774/v2.1/3c506741b2de494ca0ba128771b9f4f2/servers/929fe4ec-5419-49f9-ad10-736c62a39ae5", "rel": "self"}, {"href": "http://10.0.2.15:8774/3c506741b2de494ca0ba128771b9f4f2/servers/929fe4ec-5419-49f9-ad10-736c62a39ae5", "rel": "bookmark"}], "key_name": "tempest-TestNetworkBasicOps-345833599", "image": {"id": "a56ccef0-b286-4cfe-8709-bff25a9599f3", "links": [{"href": "http://10.0.2.15:8774/3c506741b2de494ca0ba128771b9f4f2/images/a56ccef0-b286-4cfe-8709-bff25a9599f3", "rel": "bookmark"}]}, "OS-EXT-STS:task_state": "deleting", "OS-EXT-STS:vm_state": "active", "OS-SRV-USG:launched_at": "2015-12-17T23:49:19.000000", "flavor": {"id": "42", "links": [{"href": "http://10.0.2.15:8774/3c506741b2de494ca0ba128771b9f4f2/flavors/42", "rel": "bookmark"}]}, "id": "929fe4ec-5419-49f9-ad10-736c62a39ae5", "OS-SRV-USG:terminated_at": null, "OS-EXT-AZ:availability_zone": "nova", "user_id": "d4c471a4baed485480493e0234662525", "name": "tempest.common.compute-instance-209649722", "created": "2015-12-17T23:49:16Z", "tenant_id": "3c506741b2de494ca0ba128771b9f4f2", "OS-DCF:diskConfig": "MANUAL", "os-extended-volumes:volumes_attached": [], "accessIPv4": "", "accessIPv6": "", "progress": 0, "OS-EXT-STS:power_state": 1, "config_drive": "True", "metadata": {}}}
2015-12-17 23:51:25,411 20923 INFO     [tempest_lib.common.rest_client] Request (TestNetworkBasicOps:_run_cleanups): 404 GET http://10.0.2.15:8774/v2.1/3c506741b2de494ca0ba128771b9f4f2/servers/929fe4ec-5419-49f9-ad10-736c62a39ae5 0.087s
2015-12-17 23:51:25,412 20923 DEBUG    [tempest_lib.common.rest_client] Request - Headers: {'Content-Type': 'application/json', 'Accept': 'application/json', 'X-Auth-Token': '&lt;omitted&gt;'}
        Body: None
    Response - Headers: {'status': '404', 'content-length': '111', 'x-compute-request-id': 'req-504c430f-e220-4b28-a8a6-d4554012b561', 'vary': 'X-OpenStack-Nova-API-Version', 'connection': 'close', 'x-openstack-nova-api-version': '2.1', 'date': 'Thu, 17 Dec 2015 23:51:25 GMT', 'content-type': 'application/json; charset=UTF-8'}
        Body: {"itemNotFound": {"message": "Instance 929fe4ec-5419-49f9-ad10-736c62a39ae5 could not be found.", "code": 404}}
2015-12-17 23:51:25,431 20923 INFO     [tempest_lib.common.rest_client] Request (TestNetworkBasicOps:_run_cleanups): 202 DELETE http://10.0.2.15:8774/v2.1/3c506741b2de494ca0ba128771b9f4f2/os-keypairs/tempest-TestNetworkBasicOps-345833599 0.018s
2015-12-17 23:51:25,432 20923 DEBUG    [tempest_lib.common.rest_client] Request - Headers: {'Content-Type': 'application/json', 'Accept': 'application/json', 'X-Auth-Token': '&lt;omitted&gt;'}
        Body: None
    Response - Headers: {'status': '202', 'content-length': '0', 'x-compute-request-id': 'req-16ffbb5e-55ed-4565-90ae-f704ae24bd80', 'vary': 'X-OpenStack-Nova-API-Version', 'connection': 'close', 'x-openstack-nova-api-version': '2.1', 'date': 'Thu, 17 Dec 2015 23:51:25 GMT', 'content-type': 'application/json'}
        Body: 
2015-12-17 23:51:25,759 20923 INFO     [tempest_lib.common.rest_client] Request (TestNetworkBasicOps:_run_cleanups): 200 PUT http://10.0.2.15:9696/v2.0/routers/2b1942d1-ebd3-496d-b273-55941856bd3a/remove_router_interface 0.326s
2015-12-17 23:51:25,760 20923 DEBUG    [tempest_lib.common.rest_client] Request - Headers: {'Content-Type': 'application/json', 'Accept': 'application/json', 'X-Auth-Token': '&lt;omitted&gt;'}
        Body: {"subnet_id": "93cf140d-9116-4830-8537-d889d056afc2"}
    Response - Headers: {'status': '200', 'content-length': '255', 'connection': 'close', 'date': 'Thu, 17 Dec 2015 23:51:25 GMT', 'content-type': 'application/json; charset=UTF-8', 'x-openstack-request-id': 'req-6d7c144c-5a0d-47d8-b902-09f6b15b95b4'}
        Body: {"subnet_id": "93cf140d-9116-4830-8537-d889d056afc2", "tenant_id": "3c506741b2de494ca0ba128771b9f4f2", "subnet_ids": ["93cf140d-9116-4830-8537-d889d056afc2"], "port_id": "d58b68e7-cc2b-4934-bfa8-0fbbc3ff5fe1", "id": "2b1942d1-ebd3-496d-b273-55941856bd3a"}
2015-12-17 23:51:26,185 20923 INFO     [tempest_lib.common.rest_client] Request (TestNetworkBasicOps:_run_cleanups): 204 DELETE http://10.0.2.15:9696/v2.0/subnets/93cf140d-9116-4830-8537-d889d056afc2 0.424s
2015-12-17 23:51:26,185 20923 DEBUG    [tempest_lib.common.rest_client] Request - Headers: {'Content-Type': 'application/json', 'Accept': 'application/json', 'X-Auth-Token': '&lt;omitted&gt;'}
        Body: None
    Response - Headers: {'date': 'Thu, 17 Dec 2015 23:51:26 GMT', 'status': '204', 'connection': 'close', 'content-length': '0', 'x-openstack-request-id': 'req-9b7173ef-cf67-44c4-99ee-1f88775b8ad5'}
        Body: 
2015-12-17 23:51:26,228 20923 INFO     [tempest_lib.common.rest_client] Request (TestNetworkBasicOps:_run_cleanups): 200 GET http://10.0.2.15:9696/v2.0/routers/2b1942d1-ebd3-496d-b273-55941856bd3a 0.041s
2015-12-17 23:51:26,228 20923 DEBUG    [tempest_lib.common.rest_client] Request - Headers: {'Content-Type': 'application/json', 'Accept': 'application/json', 'X-Auth-Token': '&lt;omitted&gt;'}
        Body: None
    Response - Headers: {'status': '200', 'content-length': '501', 'content-location': 'http://10.0.2.15:9696/v2.0/routers/2b1942d1-ebd3-496d-b273-55941856bd3a', 'connection': 'close', 'date': 'Thu, 17 Dec 2015 23:51:26 GMT', 'content-type': 'application/json; charset=UTF-8', 'x-openstack-request-id': 'req-41b54229-c8e3-49d3-abdd-cad8ab077671'}
        Body: {"router": {"status": "ACTIVE", "external_gateway_info": {"network_id": "fc3ac288-5840-4903-a3a8-334964ec8a80", "enable_snat": true, "external_fixed_ips": [{"subnet_id": "8321b08a-8d79-4136-8d94-e464ad92dc1d", "ip_address": "172.24.4.3"}, {"subnet_id": "3e4a28f8-d8ef-4fa7-9425-a67ed86eeeca", "ip_address": "2001:db8::3"}]}, "name": "tempest-router-smoke-2068537373", "admin_state_up": true, "tenant_id": "3c506741b2de494ca0ba128771b9f4f2", "routes": [], "id": "2b1942d1-ebd3-496d-b273-55941856bd3a"}}
2015-12-17 23:51:26,528 20923 INFO     [tempest_lib.common.rest_client] Request (TestNetworkBasicOps:_run_cleanups): 200 PUT http://10.0.2.15:9696/v2.0/routers/2b1942d1-ebd3-496d-b273-55941856bd3a 0.299s
2015-12-17 23:51:26,528 20923 DEBUG    [tempest_lib.common.rest_client] Request - Headers: {'Content-Type': 'application/json', 'Accept': 'application/json', 'X-Auth-Token': '&lt;omitted&gt;'}
        Body: {"router": {"external_gateway_info": {}, "name": "tempest-router-smoke-2068537373", "admin_state_up": true}}
    Response - Headers: {'status': '200', 'content-length': '239', 'connection': 'close', 'date': 'Thu, 17 Dec 2015 23:51:26 GMT', 'content-type': 'application/json; charset=UTF-8', 'x-openstack-request-id': 'req-4972aa91-c43f-4919-9e7c-be02c1f43888'}
        Body: {"router": {"status": "ACTIVE", "external_gateway_info": null, "name": "tempest-router-smoke-2068537373", "admin_state_up": true, "tenant_id": "3c506741b2de494ca0ba128771b9f4f2", "routes": [], "id": "2b1942d1-ebd3-496d-b273-55941856bd3a"}}
2015-12-17 23:51:26,748 20923 INFO     [tempest_lib.common.rest_client] Request (TestNetworkBasicOps:_run_cleanups): 204 DELETE http://10.0.2.15:9696/v2.0/routers/2b1942d1-ebd3-496d-b273-55941856bd3a 0.218s
2015-12-17 23:51:26,749 20923 DEBUG    [tempest_lib.common.rest_client] Request - Headers: {'Content-Type': 'application/json', 'Accept': 'application/json', 'X-Auth-Token': '&lt;omitted&gt;'}
        Body: None
    Response - Headers: {'date': 'Thu, 17 Dec 2015 23:51:26 GMT', 'status': '204', 'connection': 'close', 'content-length': '0', 'x-openstack-request-id': 'req-e01c289c-0eea-4c8a-9ec7-02e1c11c9cd0'}
        Body: 
2015-12-17 23:51:26,911 20923 INFO     [tempest_lib.common.rest_client] Request (TestNetworkBasicOps:_run_cleanups): 204 DELETE http://10.0.2.15:9696/v2.0/networks/123ae407-b627-4f61-a1c7-65291b3b0d1b 0.161s
2015-12-17 23:51:26,912 20923 DEBUG    [tempest_lib.common.rest_client] Request - Headers: {'Content-Type': 'application/json', 'Accept': 'application/json', 'X-Auth-Token': '&lt;omitted&gt;'}
        Body: None
    Response - Headers: {'date': 'Thu, 17 Dec 2015 23:51:26 GMT', 'status': '204', 'connection': 'close', 'content-length': '0', 'x-openstack-request-id': 'req-09a25ba3-3796-4914-aa6b-86dfac198d48'}
        Body: 
2015-12-17 23:51:26,960 20923 INFO     [tempest_lib.common.rest_client] Request (TestNetworkBasicOps:_run_cleanups): 204 DELETE http://10.0.2.15:9696/v2.0/security-group-rules/33d9da4b-c1e4-4645-a5cb-3b4b3e980976 0.047s
2015-12-17 23:51:26,961 20923 DEBUG    [tempest_lib.common.rest_client] Request - Headers: {'Content-Type': 'application/json', 'Accept': 'application/json', 'X-Auth-Token': '&lt;omitted&gt;'}
        Body: None
    Response - Headers: {'date': 'Thu, 17 Dec 2015 23:51:26 GMT', 'status': '204', 'connection': 'close', 'content-length': '0', 'x-openstack-request-id': 'req-24cc602a-3f88-4408-abde-6d0c970e402d'}
        Body: 
2015-12-17 23:51:27,020 20923 INFO     [tempest_lib.common.rest_client] Request (TestNetworkBasicOps:_run_cleanups): 204 DELETE http://10.0.2.15:9696/v2.0/security-group-rules/e35a185a-e800-4525-bdeb-c589800c7a73 0.059s
2015-12-17 23:51:27,021 20923 DEBUG    [tempest_lib.common.rest_client] Request - Headers: {'Content-Type': 'application/json', 'Accept': 'application/json', 'X-Auth-Token': '&lt;omitted&gt;'}
        Body: None
    Response - Headers: {'date': 'Thu, 17 Dec 2015 23:51:27 GMT', 'status': '204', 'connection': 'close', 'content-length': '0', 'x-openstack-request-id': 'req-88eaa50c-5124-46ea-8b40-df8c4f67bd7d'}
        Body: 
2015-12-17 23:51:27,074 20923 INFO     [tempest_lib.common.rest_client] Request (TestNetworkBasicOps:_run_cleanups): 204 DELETE http://10.0.2.15:9696/v2.0/security-group-rules/a05907f4-f160-4175-bcd2-ebcc1c3fa115 0.051s
2015-12-17 23:51:27,074 20923 DEBUG    [tempest_lib.common.rest_client] Request - Headers: {'Content-Type': 'application/json', 'Accept': 'application/json', 'X-Auth-Token': '&lt;omitted&gt;'}
        Body: None
    Response - Headers: {'date': 'Thu, 17 Dec 2015 23:51:27 GMT', 'status': '204', 'connection': 'close', 'content-length': '0', 'x-openstack-request-id': 'req-3e45d45c-c095-45a7-9110-b95c053c5fb6'}
        Body: 
2015-12-17 23:51:27,128 20923 INFO     [tempest_lib.common.rest_client] Request (TestNetworkBasicOps:_run_cleanups): 204 DELETE http://10.0.2.15:9696/v2.0/security-group-rules/aadd9562-9039-4655-ba05-c8a8529d9fa1 0.053s
2015-12-17 23:51:27,129 20923 DEBUG    [tempest_lib.common.rest_client] Request - Headers: {'Content-Type': 'application/json', 'Accept': 'application/json', 'X-Auth-Token': '&lt;omitted&gt;'}
        Body: None
    Response - Headers: {'date': 'Thu, 17 Dec 2015 23:51:27 GMT', 'status': '204', 'connection': 'close', 'content-length': '0', 'x-openstack-request-id': 'req-6f3b6744-d3ec-4da6-b329-40dd956bc578'}
        Body: 
2015-12-17 23:51:27,188 20923 INFO     [tempest_lib.common.rest_client] Request (TestNetworkBasicOps:_run_cleanups): 204 DELETE http://10.0.2.15:9696/v2.0/security-group-rules/69885755-e394-423f-834a-a6c156a50ed3 0.057s
2015-12-17 23:51:27,188 20923 DEBUG    [tempest_lib.common.rest_client] Request - Headers: {'Content-Type': 'application/json', 'Accept': 'application/json', 'X-Auth-Token': '&lt;omitted&gt;'}
        Body: None
    Response - Headers: {'date': 'Thu, 17 Dec 2015 23:51:27 GMT', 'status': '204', 'connection': 'close', 'content-length': '0', 'x-openstack-request-id': 'req-6e8c48b2-4030-47e5-be47-88962b33c8de'}
        Body: 
2015-12-17 23:51:27,249 20923 INFO     [tempest_lib.common.rest_client] Request (TestNetworkBasicOps:_run_cleanups): 204 DELETE http://10.0.2.15:9696/v2.0/security-group-rules/46b36f2b-50ac-42bc-ae2a-e6d1c3146702 0.060s
2015-12-17 23:51:27,249 20923 DEBUG    [tempest_lib.common.rest_client] Request - Headers: {'Content-Type': 'application/json', 'Accept': 'application/json', 'X-Auth-Token': '&lt;omitted&gt;'}
        Body: None
