<?xml version="1.0" encoding="UTF-8"?>
<!DOCTYPE html PUBLIC "-//W3C//DTD XHTML 1.0 Strict//EN"
     "http://www.w3.org/TR/xhtml1/DTD/xhtml1-strict.dtd">
<html xmlns="http://www.w3.org/1999/xhtml">
<head>
    <title>Unit Test Report</title>
    <meta name="generator" content="subunit2html 0.1"/>
    <meta http-equiv="Content-Type" content="text/html; charset=UTF-8"/>
    
<style type="text/css" media="screen">
body        { font-family: verdana, arial, helvetica, sans-serif;
    font-size: 80%; }
table       { font-size: 100%; width: 100%;}
pre         { font-size: 80%; }

/* -- heading -------------------------------------------------------------- */
h1 {
        font-size: 16pt;
        color: gray;
}
.heading {
    margin-top: 0ex;
    margin-bottom: 1ex;
}

.heading .attribute {
    margin-top: 1ex;
    margin-bottom: 0;
}

.heading .description {
    margin-top: 4ex;
    margin-bottom: 6ex;
}

/* -- css div popup -------------------------------------------------------- */
a.popup_link {
}

a.popup_link:hover {
    color: red;
}

.popup_window {
    display: none;
    overflow-x: scroll;
    /*border: solid #627173 1px; */
    padding: 10px;
    background-color: #E6E6D6;
    font-family: "Ubuntu Mono", "Lucida Console", "Courier New", monospace;
    text-align: left;
    font-size: 8pt;
}

}
/* -- report --------------------------------------------------------------- */
#show_detail_line {
    margin-top: 3ex;
    margin-bottom: 1ex;
}
#result_table {
    width: 100%;
    border-collapse: collapse;
    border: 1px solid #777;
}
#header_row {
    font-weight: bold;
    color: white;
    background-color: #777;
}
#result_table td {
    border: 1px solid #777;
    padding: 2px;
}
#total_row  { font-weight: bold; }
.passClass  { background-color: #6c6; }
.failClass  { background-color: #c60; }
.errorClass { background-color: #c00; }
.passCase   { color: #6c6; }
.failCase   { color: #c60; font-weight: bold; }
.errorCase  { color: #c00; font-weight: bold; }
.hiddenRow  { display: none; }
.testcase   { margin-left: 2em; }
td.testname {width: 40%}
td.small {width: 40px}

/* -- ending --------------------------------------------------------------- */
#ending {
}

</style>

</head>
<body>
<script language="javascript" type="text/javascript"><!--
output_list = Array();

/* level - 0:Summary; 1:Failed; 2:All */
function showCase(level) {
    trs = document.getElementsByTagName("tr");
    for (var i = 0; i < trs.length; i++) {
        tr = trs[i];
        id = tr.id;
        if (id.substr(0,2) == 'ft') {
            if (level < 1) {
                tr.className = 'hiddenRow';
            }
            else {
                tr.className = '';
            }
        }
        if (id.substr(0,2) == 'pt') {
            if (level > 1) {
                tr.className = '';
            }
            else {
                tr.className = 'hiddenRow';
            }
        }
    }
}


function showClassDetail(cid, count) {
    var id_list = Array(count);
    var toHide = 1;
    for (var i = 0; i < count; i++) {
        tid0 = 't' + cid.substr(1) + '.' + (i+1);
        tid = 'f' + tid0;
        tr = document.getElementById(tid);
        if (!tr) {
            tid = 'p' + tid0;
            tr = document.getElementById(tid);
        }
        id_list[i] = tid;
        if (tr.className) {
            toHide = 0;
        }
    }
    for (var i = 0; i < count; i++) {
        tid = id_list[i];
        if (toHide) {
            document.getElementById('div_'+tid).style.display = 'none'
            document.getElementById(tid).className = 'hiddenRow';
        }
        else {
            document.getElementById(tid).className = '';
        }
    }
}


function showTestDetail(div_id){
    var details_div = document.getElementById(div_id)
    var displayState = details_div.style.display
    // alert(displayState)
    if (displayState != 'block' ) {
        displayState = 'block'
        details_div.style.display = 'block'
    }
    else {
        details_div.style.display = 'none'
    }
}


function html_escape(s) {
    s = s.replace(/&/g,'&amp;');
    s = s.replace(/</g,'&lt;');
    s = s.replace(/>/g,'&gt;');
    return s;
}

/* obsoleted by detail in <div>
function showOutput(id, name) {
    var w = window.open("", //url
                    name,
                    "resizable,scrollbars,status,width=800,height=450");
    d = w.document;
    d.write("<pre>");
    d.write(html_escape(output_list[id]));
    d.write("\n");
    d.write("<a href='javascript:window.close()'>close</a>\n");
    d.write("</pre>\n");
    d.close();
}
*/
--></script>

<div class='heading'>
<h1>Unit Test Report</h1>

<p class='attribute'><strong>Status:</strong> Pass 8 Failure 1</p>

<p class='description'></p>
</div>



<p id='show_detail_line'>Show
<a href='javascript:showCase(0)'>Summary</a>
<a href='javascript:showCase(1)'>Failed</a>
<a href='javascript:showCase(2)'>All</a>
</p>
<table id='result_table'>
<colgroup>
<col align='left' />
<col align='right' />
<col align='right' />
<col align='right' />
<col align='right' />
<col align='right' />
<col align='right' />
<col align='right' />
</colgroup>
<tr id='header_row'>
    <td>Test Group/Test case</td>
    <td>Count</td>
    <td>Pass</td>
    <td>Fail</td>
    <td>Error</td>
    <td>Skip</td>
    <td>View</td>
    <td> </td>
</tr>

<tr class='failClass'>
    <td class="testname">tempest.scenario.test_network_basic_ops.TestNetworkBasicOps</td>
    <td class="small">9</td>
    <td class="small">8</td>
    <td class="small">1</td>
    <td class="small">0</td>
    <td class="small">0</td>
    <td class="small"><a href="javascript:showClassDetail('c1',9)"
>Detail</a></td>
    <td> </td>
</tr>

<tr id='pt1.1' class='hiddenRow'>
    <td class='none'><div class='testcase'>test_connectivity_between_vms_on_different_networks[compute,id-1546850e-fbaa-42f5-8b5f-03d8a6a95f15,network]</div></td>
    <td colspan='7' align='left'>

    <!--css div popup start-->
    <a class="popup_link" onfocus='this.blur();'
    href="javascript:showTestDetail('div_pt1.1')" >
        pass</a>

    <div id='div_pt1.1' class="popup_window">
        <div style='text-align: right; color:red;cursor:pointer'>
        <a onfocus='this.blur();'
onclick="document.getElementById('div_pt1.1').style.display = 'none' " >
           [x]</a>
        </div>
        <pre>
        
pt1.1: tempest.scenario.test_network_basic_ops.TestNetworkBasicOps.test_connectivity_between_vms_on_different_networks[compute,id-1546850e-fbaa-42f5-8b5f-03d8a6a95f15,network]

        </pre>
    </div>
    <!--css div popup end-->

    </td>
</tr>

<tr id='pt1.2' class='hiddenRow'>
    <td class='none'><div class='testcase'>test_hotplug_nic[compute,id-c5adff73-e961-41f1-b4a9-343614f18cfa,network]</div></td>
    <td colspan='7' align='left'>

    <!--css div popup start-->
    <a class="popup_link" onfocus='this.blur();'
    href="javascript:showTestDetail('div_pt1.2')" >
        pass</a>

    <div id='div_pt1.2' class="popup_window">
        <div style='text-align: right; color:red;cursor:pointer'>
        <a onfocus='this.blur();'
onclick="document.getElementById('div_pt1.2').style.display = 'none' " >
           [x]</a>
        </div>
        <pre>
        
pt1.2: tempest.scenario.test_network_basic_ops.TestNetworkBasicOps.test_hotplug_nic[compute,id-c5adff73-e961-41f1-b4a9-343614f18cfa,network]

        </pre>
    </div>
    <!--css div popup end-->

    </td>
</tr>

<tr id='pt1.3' class='hiddenRow'>
    <td class='none'><div class='testcase'>test_network_basic_ops[compute,id-f323b3ba-82f8-4db7-8ea6-6a895869ec49,network,smoke]</div></td>
    <td colspan='7' align='left'>

    <!--css div popup start-->
    <a class="popup_link" onfocus='this.blur();'
    href="javascript:showTestDetail('div_pt1.3')" >
        pass</a>

    <div id='div_pt1.3' class="popup_window">
        <div style='text-align: right; color:red;cursor:pointer'>
        <a onfocus='this.blur();'
onclick="document.getElementById('div_pt1.3').style.display = 'none' " >
           [x]</a>
        </div>
        <pre>
        
pt1.3: tempest.scenario.test_network_basic_ops.TestNetworkBasicOps.test_network_basic_ops[compute,id-f323b3ba-82f8-4db7-8ea6-6a895869ec49,network,smoke]

        </pre>
    </div>
    <!--css div popup end-->

    </td>
</tr>

<tr id='pt1.4' class='hiddenRow'>
    <td class='none'><div class='testcase'>test_port_security_macspoofing_port[compute,id-7c0bb1a2-d053-49a4-98f9-ca1a1d849f63,network]</div></td>
    <td colspan='7' align='left'>

    <!--css div popup start-->
    <a class="popup_link" onfocus='this.blur();'
    href="javascript:showTestDetail('div_pt1.4')" >
        pass</a>

    <div id='div_pt1.4' class="popup_window">
        <div style='text-align: right; color:red;cursor:pointer'>
        <a onfocus='this.blur();'
onclick="document.getElementById('div_pt1.4').style.display = 'none' " >
           [x]</a>
        </div>
        <pre>
        
pt1.4: tempest.scenario.test_network_basic_ops.TestNetworkBasicOps.test_port_security_macspoofing_port[compute,id-7c0bb1a2-d053-49a4-98f9-ca1a1d849f63,network]

        </pre>
    </div>
    <!--css div popup end-->

    </td>
</tr>

<tr id='pt1.5' class='hiddenRow'>
    <td class='none'><div class='testcase'>test_preserve_preexisting_port[compute,id-759462e1-8535-46b0-ab3a-33aa45c55aaa,network]</div></td>
    <td colspan='7' align='left'>

    <!--css div popup start-->
    <a class="popup_link" onfocus='this.blur();'
    href="javascript:showTestDetail('div_pt1.5')" >
        pass</a>

    <div id='div_pt1.5' class="popup_window">
        <div style='text-align: right; color:red;cursor:pointer'>
        <a onfocus='this.blur();'
onclick="document.getElementById('div_pt1.5').style.display = 'none' " >
           [x]</a>
        </div>
        <pre>
        
pt1.5: tempest.scenario.test_network_basic_ops.TestNetworkBasicOps.test_preserve_preexisting_port[compute,id-759462e1-8535-46b0-ab3a-33aa45c55aaa,network]

        </pre>
    </div>
    <!--css div popup end-->

    </td>
</tr>

<tr id='pt1.6' class='hiddenRow'>
    <td class='none'><div class='testcase'>test_router_rescheduling[compute,id-2e788c46-fb3f-4ac9-8f82-0561555bea73,network]</div></td>
    <td colspan='7' align='left'>

    <!--css div popup start-->
    <a class="popup_link" onfocus='this.blur();'
    href="javascript:showTestDetail('div_pt1.6')" >
        pass</a>

    <div id='div_pt1.6' class="popup_window">
        <div style='text-align: right; color:red;cursor:pointer'>
        <a onfocus='this.blur();'
onclick="document.getElementById('div_pt1.6').style.display = 'none' " >
           [x]</a>
        </div>
        <pre>
        
pt1.6: tempest.scenario.test_network_basic_ops.TestNetworkBasicOps.test_router_rescheduling[compute,id-2e788c46-fb3f-4ac9-8f82-0561555bea73,network]

        </pre>
    </div>
    <!--css div popup end-->

    </td>
</tr>

<tr id='pt1.7' class='hiddenRow'>
    <td class='none'><div class='testcase'>test_subnet_details[compute,id-d8bb918e-e2df-48b2-97cd-b73c95450980,network]</div></td>
    <td colspan='7' align='left'>

    <!--css div popup start-->
    <a class="popup_link" onfocus='this.blur();'
    href="javascript:showTestDetail('div_pt1.7')" >
        pass</a>

    <div id='div_pt1.7' class="popup_window">
        <div style='text-align: right; color:red;cursor:pointer'>
        <a onfocus='this.blur();'
onclick="document.getElementById('div_pt1.7').style.display = 'none' " >
           [x]</a>
        </div>
        <pre>
        
pt1.7: tempest.scenario.test_network_basic_ops.TestNetworkBasicOps.test_subnet_details[compute,id-d8bb918e-e2df-48b2-97cd-b73c95450980,network]

        </pre>
    </div>
    <!--css div popup end-->

    </td>
</tr>

<tr id='ft1.8' class='none'>
    <td class='failCase'><div class='testcase'>test_update_instance_port_admin_state[compute,id-f5dfcc22-45fd-409f-954c-5bd500d7890b,network]</div></td>
    <td colspan='7' align='left'>

    <!--css div popup start-->
    <a class="popup_link" onfocus='this.blur();'
    href="javascript:showTestDetail('div_ft1.8')" >
        fail</a>

    <div id='div_ft1.8' class="popup_window">
        <div style='text-align: right; color:red;cursor:pointer'>
        <a onfocus='this.blur();'
onclick="document.getElementById('div_ft1.8').style.display = 'none' " >
           [x]</a>
        </div>
        <pre>
        
ft1.8: tempest.scenario.test_network_basic_ops.TestNetworkBasicOps.test_update_instance_port_admin_state[compute,id-f5dfcc22-45fd-409f-954c-5bd500d7890b,network]_StringException: Empty attachments:
  stderr
  stdout

pythonlogging:'': {{{
2015-12-07 18:23:06,234 27551 INFO     [tempest_lib.common.rest_client] Request (TestNetworkBasicOps:test_update_instance_port_admin_state): 201 POST http://10.0.2.15:9696/v2.0/security-groups 0.120s
2015-12-07 18:23:06,235 27551 DEBUG    [tempest_lib.common.rest_client] Request - Headers: {'Content-Type': 'application/json', 'Accept': 'application/json', 'X-Auth-Token': '&lt;omitted&gt;'}
        Body: {"security_group": {"tenant_id": "9b2e51362d224f4bb0db24400277be92", "description": "tempest-secgroup-smoke-1546618924 description", "name": "tempest-secgroup-smoke-1546618924"}}
    Response - Headers: {'status': '201', 'content-length': '888', 'connection': 'close', 'date': 'Mon, 07 Dec 2015 18:23:06 GMT', 'content-type': 'application/json; charset=UTF-8', 'x-openstack-request-id': 'req-86e1a4ca-1858-4735-9901-4eef9a080d15'}
        Body: {"security_group": {"tenant_id": "9b2e51362d224f4bb0db24400277be92", "description": "tempest-secgroup-smoke-1546618924 description", "id": "2c2dd26c-1171-47fd-b689-914baa2df9a8", "security_group_rules": [{"remote_group_id": null, "direction": "egress", "remote_ip_prefix": null, "protocol": null, "ethertype": "IPv4", "tenant_id": "9b2e51362d224f4bb0db24400277be92", "port_range_max": null, "port_range_min": null, "id": "7d86ab4f-d392-4c58-81c3-ee64cc3bf5ce", "security_group_id": "2c2dd26c-1171-47fd-b689-914baa2df9a8"}, {"remote_group_id": null, "direction": "egress", "remote_ip_prefix": null, "protocol": null, "ethertype": "IPv6", "tenant_id": "9b2e51362d224f4bb0db24400277be92", "port_range_max": null, "port_range_min": null, "id": "52182396-9a80-4d48-815a-76d7a8a6ba0a", "security_group_id": "2c2dd26c-1171-47fd-b689-914baa2df9a8"}], "name": "tempest-secgroup-smoke-1546618924"}}
2015-12-07 18:23:06,358 27551 INFO     [tempest_lib.common.rest_client] Request (TestNetworkBasicOps:test_update_instance_port_admin_state): 201 POST http://10.0.2.15:9696/v2.0/security-group-rules 0.122s
2015-12-07 18:23:06,359 27551 DEBUG    [tempest_lib.common.rest_client] Request - Headers: {'Content-Type': 'application/json', 'Accept': 'application/json', 'X-Auth-Token': '&lt;omitted&gt;'}
        Body: {"security_group_rule": {"direction": "ingress", "protocol": "tcp", "tenant_id": "9b2e51362d224f4bb0db24400277be92", "port_range_max": 22, "security_group_id": "2c2dd26c-1171-47fd-b689-914baa2df9a8", "port_range_min": 22}}
    Response - Headers: {'status': '201', 'content-length': '340', 'connection': 'close', 'date': 'Mon, 07 Dec 2015 18:23:06 GMT', 'content-type': 'application/json; charset=UTF-8', 'x-openstack-request-id': 'req-8011ba27-2d1e-4e22-9311-fb301f3731f8'}
        Body: {"security_group_rule": {"remote_group_id": null, "direction": "ingress", "remote_ip_prefix": null, "protocol": "tcp", "ethertype": "IPv4", "tenant_id": "9b2e51362d224f4bb0db24400277be92", "port_range_max": 22, "port_range_min": 22, "id": "d7ad87a5-663b-4b72-b2ff-2f18a159c08b", "security_group_id": "2c2dd26c-1171-47fd-b689-914baa2df9a8"}}
2015-12-07 18:23:06,467 27551 INFO     [tempest_lib.common.rest_client] Request (TestNetworkBasicOps:test_update_instance_port_admin_state): 201 POST http://10.0.2.15:9696/v2.0/security-group-rules 0.107s
2015-12-07 18:23:06,468 27551 DEBUG    [tempest_lib.common.rest_client] Request - Headers: {'Content-Type': 'application/json', 'Accept': 'application/json', 'X-Auth-Token': '&lt;omitted&gt;'}
        Body: {"security_group_rule": {"direction": "egress", "protocol": "tcp", "tenant_id": "9b2e51362d224f4bb0db24400277be92", "port_range_max": 22, "security_group_id": "2c2dd26c-1171-47fd-b689-914baa2df9a8", "port_range_min": 22}}
    Response - Headers: {'status': '201', 'content-length': '339', 'connection': 'close', 'date': 'Mon, 07 Dec 2015 18:23:06 GMT', 'content-type': 'application/json; charset=UTF-8', 'x-openstack-request-id': 'req-38b9b3a3-c795-47d8-ba1c-a2e8003aae76'}
        Body: {"security_group_rule": {"remote_group_id": null, "direction": "egress", "remote_ip_prefix": null, "protocol": "tcp", "ethertype": "IPv4", "tenant_id": "9b2e51362d224f4bb0db24400277be92", "port_range_max": 22, "port_range_min": 22, "id": "ea2cdefb-1c2f-4861-afbc-c14181b45df9", "security_group_id": "2c2dd26c-1171-47fd-b689-914baa2df9a8"}}
2015-12-07 18:23:06,580 27551 INFO     [tempest_lib.common.rest_client] Request (TestNetworkBasicOps:test_update_instance_port_admin_state): 201 POST http://10.0.2.15:9696/v2.0/security-group-rules 0.111s
2015-12-07 18:23:06,580 27551 DEBUG    [tempest_lib.common.rest_client] Request - Headers: {'Content-Type': 'application/json', 'Accept': 'application/json', 'X-Auth-Token': '&lt;omitted&gt;'}
        Body: {"security_group_rule": {"tenant_id": "9b2e51362d224f4bb0db24400277be92", "direction": "ingress", "protocol": "icmp", "security_group_id": "2c2dd26c-1171-47fd-b689-914baa2df9a8"}}
    Response - Headers: {'status': '201', 'content-length': '345', 'connection': 'close', 'date': 'Mon, 07 Dec 2015 18:23:06 GMT', 'content-type': 'application/json; charset=UTF-8', 'x-openstack-request-id': 'req-69525352-8b9d-43ec-9c4e-3f4a6ded1e11'}
        Body: {"security_group_rule": {"remote_group_id": null, "direction": "ingress", "remote_ip_prefix": null, "protocol": "icmp", "ethertype": "IPv4", "tenant_id": "9b2e51362d224f4bb0db24400277be92", "port_range_max": null, "port_range_min": null, "id": "bd7cb84d-6d3e-42a7-a668-ba448924405b", "security_group_id": "2c2dd26c-1171-47fd-b689-914baa2df9a8"}}
2015-12-07 18:23:06,701 27551 INFO     [tempest_lib.common.rest_client] Request (TestNetworkBasicOps:test_update_instance_port_admin_state): 201 POST http://10.0.2.15:9696/v2.0/security-group-rules 0.120s
2015-12-07 18:23:06,702 27551 DEBUG    [tempest_lib.common.rest_client] Request - Headers: {'Content-Type': 'application/json', 'Accept': 'application/json', 'X-Auth-Token': '&lt;omitted&gt;'}
        Body: {"security_group_rule": {"tenant_id": "9b2e51362d224f4bb0db24400277be92", "direction": "egress", "protocol": "icmp", "security_group_id": "2c2dd26c-1171-47fd-b689-914baa2df9a8"}}
    Response - Headers: {'status': '201', 'content-length': '344', 'connection': 'close', 'date': 'Mon, 07 Dec 2015 18:23:06 GMT', 'content-type': 'application/json; charset=UTF-8', 'x-openstack-request-id': 'req-8c0e6e7b-4d94-40ae-869c-e3db786615ca'}
        Body: {"security_group_rule": {"remote_group_id": null, "direction": "egress", "remote_ip_prefix": null, "protocol": "icmp", "ethertype": "IPv4", "tenant_id": "9b2e51362d224f4bb0db24400277be92", "port_range_max": null, "port_range_min": null, "id": "15935601-2d22-42a9-9778-7ae259426893", "security_group_id": "2c2dd26c-1171-47fd-b689-914baa2df9a8"}}
2015-12-07 18:23:06,816 27551 INFO     [tempest_lib.common.rest_client] Request (TestNetworkBasicOps:test_update_instance_port_admin_state): 201 POST http://10.0.2.15:9696/v2.0/security-group-rules 0.113s
2015-12-07 18:23:06,817 27551 DEBUG    [tempest_lib.common.rest_client] Request - Headers: {'Content-Type': 'application/json', 'Accept': 'application/json', 'X-Auth-Token': '&lt;omitted&gt;'}
        Body: {"security_group_rule": {"tenant_id": "9b2e51362d224f4bb0db24400277be92", "direction": "ingress", "security_group_id": "2c2dd26c-1171-47fd-b689-914baa2df9a8", "protocol": "icmp", "ethertype": "IPv6"}}
    Response - Headers: {'status': '201', 'content-length': '345', 'connection': 'close', 'date': 'Mon, 07 Dec 2015 18:23:06 GMT', 'content-type': 'application/json; charset=UTF-8', 'x-openstack-request-id': 'req-1bb2bf75-ddc7-4542-b93f-4b529200a720'}
        Body: {"security_group_rule": {"remote_group_id": null, "direction": "ingress", "remote_ip_prefix": null, "protocol": "icmp", "ethertype": "IPv6", "tenant_id": "9b2e51362d224f4bb0db24400277be92", "port_range_max": null, "port_range_min": null, "id": "c530e3fb-37cd-45b6-9a24-72ffb58e7fab", "security_group_id": "2c2dd26c-1171-47fd-b689-914baa2df9a8"}}
2015-12-07 18:23:06,932 27551 INFO     [tempest_lib.common.rest_client] Request (TestNetworkBasicOps:test_update_instance_port_admin_state): 201 POST http://10.0.2.15:9696/v2.0/security-group-rules 0.114s
2015-12-07 18:23:06,932 27551 DEBUG    [tempest_lib.common.rest_client] Request - Headers: {'Content-Type': 'application/json', 'Accept': 'application/json', 'X-Auth-Token': '&lt;omitted&gt;'}
        Body: {"security_group_rule": {"tenant_id": "9b2e51362d224f4bb0db24400277be92", "direction": "egress", "security_group_id": "2c2dd26c-1171-47fd-b689-914baa2df9a8", "protocol": "icmp", "ethertype": "IPv6"}}
    Response - Headers: {'status': '201', 'content-length': '344', 'connection': 'close', 'date': 'Mon, 07 Dec 2015 18:23:06 GMT', 'content-type': 'application/json; charset=UTF-8', 'x-openstack-request-id': 'req-e2bcdf96-c21b-49f5-aac9-c17a094a4485'}
        Body: {"security_group_rule": {"remote_group_id": null, "direction": "egress", "remote_ip_prefix": null, "protocol": "icmp", "ethertype": "IPv6", "tenant_id": "9b2e51362d224f4bb0db24400277be92", "port_range_max": null, "port_range_min": null, "id": "1fbbc0f9-f19b-4cf8-ac32-ed8728200fba", "security_group_id": "2c2dd26c-1171-47fd-b689-914baa2df9a8"}}
2015-12-07 18:23:07,067 27551 INFO     [tempest_lib.common.rest_client] Request (TestNetworkBasicOps:test_update_instance_port_admin_state): 201 POST http://10.0.2.15:9696/v2.0/networks 0.133s
2015-12-07 18:23:07,067 27551 DEBUG    [tempest_lib.common.rest_client] Request - Headers: {'Content-Type': 'application/json', 'Accept': 'application/json', 'X-Auth-Token': '&lt;omitted&gt;'}
        Body: {"network": {"tenant_id": "9b2e51362d224f4bb0db24400277be92", "name": "tempest-network-smoke--870867799"}}
    Response - Headers: {'status': '201', 'content-length': '295', 'connection': 'close', 'date': 'Mon, 07 Dec 2015 18:23:07 GMT', 'content-type': 'application/json; charset=UTF-8', 'x-openstack-request-id': 'req-fa25de3d-0b53-412b-b0f4-5742142cd35d'}
        Body: {"network": {"status": "ACTIVE", "subnets": [], "name": "tempest-network-smoke--870867799", "admin_state_up": true, "tenant_id": "9b2e51362d224f4bb0db24400277be92", "mtu": 0, "router:external": false, "shared": false, "port_security_enabled": true, "id": "f5811365-efb3-4960-81aa-2adf62d5a8a9"}}
2015-12-07 18:23:07,143 27551 INFO     [tempest_lib.common.rest_client] Request (TestNetworkBasicOps:test_update_instance_port_admin_state): 201 POST http://10.0.2.15:9696/v2.0/routers 0.075s
2015-12-07 18:23:07,144 27551 DEBUG    [tempest_lib.common.rest_client] Request - Headers: {'Content-Type': 'application/json', 'Accept': 'application/json', 'X-Auth-Token': '&lt;omitted&gt;'}
        Body: {"router": {"tenant_id": "9b2e51362d224f4bb0db24400277be92", "name": "tempest-router-smoke-214293239", "admin_state_up": true}}
    Response - Headers: {'status': '201', 'content-length': '238', 'connection': 'close', 'date': 'Mon, 07 Dec 2015 18:23:07 GMT', 'content-type': 'application/json; charset=UTF-8', 'x-openstack-request-id': 'req-d04a1dc1-2bf2-4cad-94ca-49ca50f584a1'}
        Body: {"router": {"status": "ACTIVE", "external_gateway_info": null, "name": "tempest-router-smoke-214293239", "admin_state_up": true, "tenant_id": "9b2e51362d224f4bb0db24400277be92", "routes": [], "id": "72eeb6b1-6515-4380-9847-6ace53800066"}}
2015-12-07 18:23:07,188 27551 INFO     [tempest_lib.common.rest_client] Request (TestNetworkBasicOps:test_update_instance_port_admin_state): 200 GET http://10.0.2.15:9696/v2.0/routers/72eeb6b1-6515-4380-9847-6ace53800066 0.043s
2015-12-07 18:23:07,189 27551 DEBUG    [tempest_lib.common.rest_client] Request - Headers: {'Content-Type': 'application/json', 'Accept': 'application/json', 'X-Auth-Token': '&lt;omitted&gt;'}
        Body: None
    Response - Headers: {'status': '200', 'content-length': '238', 'content-location': 'http://10.0.2.15:9696/v2.0/routers/72eeb6b1-6515-4380-9847-6ace53800066', 'connection': 'close', 'date': 'Mon, 07 Dec 2015 18:23:07 GMT', 'content-type': 'application/json; charset=UTF-8', 'x-openstack-request-id': 'req-257c450f-976a-421a-8531-b910708120ed'}
        Body: {"router": {"status": "ACTIVE", "external_gateway_info": null, "name": "tempest-router-smoke-214293239", "admin_state_up": true, "tenant_id": "9b2e51362d224f4bb0db24400277be92", "routes": [], "id": "72eeb6b1-6515-4380-9847-6ace53800066"}}
2015-12-07 18:23:07,740 27551 INFO     [tempest_lib.common.rest_client] Request (TestNetworkBasicOps:test_update_instance_port_admin_state): 200 PUT http://10.0.2.15:9696/v2.0/routers/72eeb6b1-6515-4380-9847-6ace53800066 0.550s
2015-12-07 18:23:07,741 27551 DEBUG    [tempest_lib.common.rest_client] Request - Headers: {'Content-Type': 'application/json', 'Accept': 'application/json', 'X-Auth-Token': '&lt;omitted&gt;'}
        Body: {"router": {"external_gateway_info": {"network_id": "0453a882-9a52-4178-85c6-06be2c28a741"}, "name": "tempest-router-smoke-214293239", "admin_state_up": true}}
    Response - Headers: {'status': '200', 'content-length': '502', 'connection': 'close', 'date': 'Mon, 07 Dec 2015 18:23:07 GMT', 'content-type': 'application/json; charset=UTF-8', 'x-openstack-request-id': 'req-a3d65546-51f8-4624-a2be-07c863bccdd5'}
        Body: {"router": {"status": "ACTIVE", "external_gateway_info": {"network_id": "0453a882-9a52-4178-85c6-06be2c28a741", "enable_snat": true, "external_fixed_ips": [{"subnet_id": "a1819692-5ffe-4eb8-aa42-5be12ed1a803", "ip_address": "172.24.4.17"}, {"subnet_id": "1b6a39c2-7bbc-44e4-9d67-2060c16633cb", "ip_address": "2001:db8::11"}]}, "name": "tempest-router-smoke-214293239", "admin_state_up": true, "tenant_id": "9b2e51362d224f4bb0db24400277be92", "routes": [], "id": "72eeb6b1-6515-4380-9847-6ace53800066"}}
2015-12-07 18:23:07,770 27551 INFO     [tempest_lib.common.rest_client] Request (TestNetworkBasicOps:test_update_instance_port_admin_state): 200 GET http://10.0.2.15:9696/v2.0/subnets?tenant_id=9b2e51362d224f4bb0db24400277be92&amp;cidr=10.100.0.0%2F28 0.028s
2015-12-07 18:23:07,770 27551 DEBUG    [tempest_lib.common.rest_client] Request - Headers: {'Content-Type': 'application/json', 'Accept': 'application/json', 'X-Auth-Token': '&lt;omitted&gt;'}
        Body: None
    Response - Headers: {'status': '200', 'content-length': '15', 'content-location': 'http://10.0.2.15:9696/v2.0/subnets?tenant_id=9b2e51362d224f4bb0db24400277be92&amp;cidr=10.100.0.0%2F28', 'connection': 'close', 'date': 'Mon, 07 Dec 2015 18:23:07 GMT', 'content-type': 'application/json; charset=UTF-8', 'x-openstack-request-id': 'req-3507ead8-6a09-4ac1-90af-326d78c6e8cc'}
        Body: {"subnets": []}
2015-12-07 18:23:08,022 27551 INFO     [tempest_lib.common.rest_client] Request (TestNetworkBasicOps:test_update_instance_port_admin_state): 201 POST http://10.0.2.15:9696/v2.0/subnets 0.250s
2015-12-07 18:23:08,022 27551 DEBUG    [tempest_lib.common.rest_client] Request - Headers: {'Content-Type': 'application/json', 'Accept': 'application/json', 'X-Auth-Token': '&lt;omitted&gt;'}
        Body: {"subnet": {"ip_version": 4, "tenant_id": "9b2e51362d224f4bb0db24400277be92", "cidr": "10.100.0.0/28", "network_id": "f5811365-efb3-4960-81aa-2adf62d5a8a9", "name": "tempest-subnet-smoke-1176254173"}}
    Response - Headers: {'status': '201', 'content-length': '478', 'connection': 'close', 'date': 'Mon, 07 Dec 2015 18:23:08 GMT', 'content-type': 'application/json; charset=UTF-8', 'x-openstack-request-id': 'req-415bb073-f34b-46a7-aa6b-b7da83cb32d7'}
        Body: {"subnet": {"name": "tempest-subnet-smoke-1176254173", "enable_dhcp": true, "network_id": "f5811365-efb3-4960-81aa-2adf62d5a8a9", "tenant_id": "9b2e51362d224f4bb0db24400277be92", "dns_nameservers": [], "gateway_ip": "10.100.0.1", "ipv6_ra_mode": null, "allocation_pools": [{"start": "10.100.0.2", "end": "10.100.0.14"}], "host_routes": [], "ip_version": 4, "ipv6_address_mode": null, "cidr": "10.100.0.0/28", "id": "9de0905b-48eb-4341-9728-2059182d4fda", "subnetpool_id": null}}
2015-12-07 18:23:08,762 27551 INFO     [tempest_lib.common.rest_client] Request (TestNetworkBasicOps:test_update_instance_port_admin_state): 200 PUT http://10.0.2.15:9696/v2.0/routers/72eeb6b1-6515-4380-9847-6ace53800066/add_router_interface 0.739s
2015-12-07 18:23:08,763 27551 DEBUG    [tempest_lib.common.rest_client] Request - Headers: {'Content-Type': 'application/json', 'Accept': 'application/json', 'X-Auth-Token': '&lt;omitted&gt;'}
        Body: {"subnet_id": "9de0905b-48eb-4341-9728-2059182d4fda"}
    Response - Headers: {'status': '200', 'content-length': '255', 'connection': 'close', 'date': 'Mon, 07 Dec 2015 18:23:08 GMT', 'content-type': 'application/json; charset=UTF-8', 'x-openstack-request-id': 'req-a7e95843-6450-4a6e-9d65-87c1a3c6c77e'}
        Body: {"subnet_id": "9de0905b-48eb-4341-9728-2059182d4fda", "tenant_id": "9b2e51362d224f4bb0db24400277be92", "subnet_ids": ["9de0905b-48eb-4341-9728-2059182d4fda"], "port_id": "dfd1c001-8477-4672-982a-fb8b06365c77", "id": "72eeb6b1-6515-4380-9847-6ace53800066"}
2015-12-07 18:23:08,815 27551 INFO     [tempest_lib.common.rest_client] Request (TestNetworkBasicOps:test_update_instance_port_admin_state): 200 GET http://10.0.2.15:9696/v2.0/networks 0.051s
2015-12-07 18:23:08,815 27551 DEBUG    [tempest_lib.common.rest_client] Request - Headers: {'Content-Type': 'application/json', 'Accept': 'application/json', 'X-Auth-Token': '&lt;omitted&gt;'}
        Body: None
    Response - Headers: {'status': '200', 'content-length': '1317', 'content-location': 'http://10.0.2.15:9696/v2.0/networks', 'connection': 'close', 'date': 'Mon, 07 Dec 2015 18:23:08 GMT', 'content-type': 'application/json; charset=UTF-8', 'x-openstack-request-id': 'req-67d89f04-3a22-456c-bd02-21048c9cb33f'}
        Body: {"networks": [{"status": "ACTIVE", "subnets": ["a8b9d0e7-61ea-47a7-8bc6-ade739a7ac1c", "2f9139fc-7085-4f0d-9de8-1ed5791c13f0"], "name": "private", "provider:physical_network": null, "admin_state_up": true, "tenant_id": "877726abadfb490abe96d2440005e8c6", "mtu": 0, "router:external": false, "shared": false, "port_security_enabled": true, "provider:network_type": "vxlan", "id": "ef3d6e28-aa2c-423a-be3f-c3156e729436", "provider:segmentation_id": 1057}, {"status": "ACTIVE", "subnets": ["1b6a39c2-7bbc-44e4-9d67-2060c16633cb", "a1819692-5ffe-4eb8-aa42-5be12ed1a803"], "name": "public", "provider:physical_network": null, "admin_state_up": true, "tenant_id": "27782bd88e864104ac67fc521fba32e3", "mtu": 0, "router:external": true, "shared": false, "port_security_enabled": true, "provider:network_type": "vxlan", "id": "0453a882-9a52-4178-85c6-06be2c28a741", "provider:segmentation_id": 1085}, {"status": "ACTIVE", "subnets": ["9de0905b-48eb-4341-9728-2059182d4fda"], "name": "tempest-network-smoke--870867799", "provider:physical_network": null, "admin_state_up": true, "tenant_id": "9b2e51362d224f4bb0db24400277be92", "mtu": 0, "router:external": false, "shared": false, "port_security_enabled": true, "provider:network_type": "vxlan", "id": "f5811365-efb3-4960-81aa-2adf62d5a8a9", "provider:segmentation_id": 1092}]}
2015-12-07 18:23:08,893 27551 INFO     [tempest_lib.common.rest_client] Request (TestNetworkBasicOps:test_update_instance_port_admin_state): 200 GET http://10.0.2.15:9696/v2.0/subnets 0.076s
2015-12-07 18:23:08,893 27551 DEBUG    [tempest_lib.common.rest_client] Request - Headers: {'Content-Type': 'application/json', 'Accept': 'application/json', 'X-Auth-Token': '&lt;omitted&gt;'}
        Body: None
    Response - Headers: {'status': '200', 'content-length': '2408', 'content-location': 'http://10.0.2.15:9696/v2.0/subnets', 'connection': 'close', 'date': 'Mon, 07 Dec 2015 18:23:08 GMT', 'content-type': 'application/json; charset=UTF-8', 'x-openstack-request-id': 'req-d03bcd27-4632-43bc-b34c-f7927389a1bd'}
        Body: {"subnets": [{"name": "tempest-subnet-smoke-1176254173", "enable_dhcp": true, "network_id": "f5811365-efb3-4960-81aa-2adf62d5a8a9", "tenant_id": "9b2e51362d224f4bb0db24400277be92", "dns_nameservers": [], "gateway_ip": "10.100.0.1", "ipv6_ra_mode": null, "allocation_pools": [{"start": "10.100.0.2", "end": "10.100.0.14"}], "host_routes": [], "ip_version": 4, "ipv6_address_mode": null, "cidr": "10.100.0.0/28", "id": "9de0905b-48eb-4341-9728-2059182d4fda", "subnetpool_id": null}, {"name": "public-subnet", "enable_dhcp": false, "network_id": "0453a882-9a52-4178-85c6-06be2c28a741", "tenant_id": "27782bd88e864104ac67fc521fba32e3", "dns_nameservers": [], "gateway_ip": "172.24.4.1", "ipv6_ra_mode": null, "allocation_pools": [{"start": "172.24.4.2", "end": "172.24.4.254"}], "host_routes": [], "ip_version": 4, "ipv6_address_mode": null, "cidr": "172.24.4.0/24", "id": "a1819692-5ffe-4eb8-aa42-5be12ed1a803", "subnetpool_id": null}, {"name": "ipv6-public-subnet", "enable_dhcp": false, "network_id": "0453a882-9a52-4178-85c6-06be2c28a741", "tenant_id": "27782bd88e864104ac67fc521fba32e3", "dns_nameservers": [], "gateway_ip": "2001:db8::2", "ipv6_ra_mode": null, "allocation_pools": [{"start": "2001:db8::1", "end": "2001:db8::1"}, {"start": "2001:db8::3", "end": "2001:db8::ffff:ffff:ffff:ffff"}], "host_routes": [], "ip_version": 6, "ipv6_address_mode": null, "cidr": "2001:db8::/64", "id": "1b6a39c2-7bbc-44e4-9d67-2060c16633cb", "subnetpool_id": null}, {"name": "private-subnet", "enable_dhcp": true, "network_id": "ef3d6e28-aa2c-423a-be3f-c3156e729436", "tenant_id": "877726abadfb490abe96d2440005e8c6", "dns_nameservers": [], "gateway_ip": "10.0.0.1", "ipv6_ra_mode": null, "allocation_pools": [{"start": "10.0.0.2", "end": "10.0.0.254"}], "host_routes": [], "ip_version": 4, "ipv6_address_mode": null, "cidr": "10.0.0.0/24", "id": "a8b9d0e7-61ea-47a7-8bc6-ade739a7ac1c", "subnetpool_id": null}, {"name": "ipv6-private-subnet", "enable_dhcp": true, "network_id": "ef3d6e28-aa2c-423a-be3f-c3156e729436", "tenant_id": "877726abadfb490abe96d2440005e8c6", "dns_nameservers": [], "gateway_ip": "fddb:7973:f800::1", "ipv6_ra_mode": "slaac", "allocation_pools": [{"start": "fddb:7973:f800::2", "end": "fddb:7973:f800:0:ffff:ffff:ffff:ffff"}], "host_routes": [], "ip_version": 6, "ipv6_address_mode": "slaac", "cidr": "fddb:7973:f800::/64", "id": "2f9139fc-7085-4f0d-9de8-1ed5791c13f0", "subnetpool_id": null}]}
2015-12-07 18:23:08,944 27551 INFO     [tempest_lib.common.rest_client] Request (TestNetworkBasicOps:test_update_instance_port_admin_state): 200 GET http://10.0.2.15:9696/v2.0/routers 0.049s
2015-12-07 18:23:08,945 27551 DEBUG    [tempest_lib.common.rest_client] Request - Headers: {'Content-Type': 'application/json', 'Accept': 'application/json', 'X-Auth-Token': '&lt;omitted&gt;'}
        Body: None
    Response - Headers: {'status': '200', 'content-length': '1042', 'content-location': 'http://10.0.2.15:9696/v2.0/routers', 'connection': 'close', 'date': 'Mon, 07 Dec 2015 18:23:08 GMT', 'content-type': 'application/json; charset=UTF-8', 'x-openstack-request-id': 'req-e41b27ab-b928-4b57-999d-2dfb6e44fccb'}
        Body: {"routers": [{"status": "ACTIVE", "external_gateway_info": {"network_id": "0453a882-9a52-4178-85c6-06be2c28a741", "enable_snat": true, "external_fixed_ips": [{"subnet_id": "a1819692-5ffe-4eb8-aa42-5be12ed1a803", "ip_address": "172.24.4.2"}, {"subnet_id": "1b6a39c2-7bbc-44e4-9d67-2060c16633cb", "ip_address": "2001:db8::1"}]}, "name": "router1", "admin_state_up": true, "tenant_id": "877726abadfb490abe96d2440005e8c6", "distributed": false, "routes": [], "ha": false, "id": "04f747e4-59ae-4f93-b5ef-636a407a5366"}, {"status": "ACTIVE", "external_gateway_info": {"network_id": "0453a882-9a52-4178-85c6-06be2c28a741", "enable_snat": true, "external_fixed_ips": [{"subnet_id": "a1819692-5ffe-4eb8-aa42-5be12ed1a803", "ip_address": "172.24.4.17"}, {"subnet_id": "1b6a39c2-7bbc-44e4-9d67-2060c16633cb", "ip_address": "2001:db8::11"}]}, "name": "tempest-router-smoke-214293239", "admin_state_up": true, "tenant_id": "9b2e51362d224f4bb0db24400277be92", "distributed": false, "routes": [], "ha": false, "id": "72eeb6b1-6515-4380-9847-6ace53800066"}]}
2015-12-07 18:23:09,127 27551 INFO     [tempest_lib.common.rest_client] Request (TestNetworkBasicOps:test_update_instance_port_admin_state): 200 POST http://10.0.2.15:8774/v2.1/9b2e51362d224f4bb0db24400277be92/os-keypairs 0.180s
2015-12-07 18:23:09,127 27551 DEBUG    [tempest_lib.common.rest_client] Request - Headers: {'Content-Type': 'application/json', 'Accept': 'application/json', 'X-Auth-Token': '&lt;omitted&gt;'}
        Body: {"keypair": {"name": "tempest-TestNetworkBasicOps-1345285976"}}
    Response - Headers: {'status': '200', 'content-length': '2321', 'x-compute-request-id': 'req-6ef256e3-ebbd-4d10-88d7-6d91260eb45a', 'vary': 'X-OpenStack-Nova-API-Version', 'connection': 'close', 'x-openstack-nova-api-version': '2.1', 'date': 'Mon, 07 Dec 2015 18:23:09 GMT', 'content-type': 'application/json'}
        Body: {"keypair": {"public_key": "ssh-rsa AAAAB3NzaC1yc2EAAAADAQABAAABAQCp/DVE+fY0Kyu7DlntyB0W8dVqs9MiFPXqHFflrx4ki340gekkzJGr2L54rKz+dSHW/7MrrJJ9BccVeRQwX7PB5CjCwztacZgQhGLkvgz5hVis7yijYrRZungGfLrt+cSpuYYIiQ2IhfCoXqZI2vTQvyX3xodkCYyrt5tAvj69R9WqgxW/YWUwjWitgiicyFN872OUH8/Mi3XQMax744PlZrN8118aUpERNCMSlOItajIP4Y+kq1+AD8tXADRHVlzsEwb2wYKsyEAbRfVZjz/o+VGDZpoRD45++d282Q73hW51Zns4zDy+Me+SvHxl4qY0HS8O4LFhKYQcHkp3lnxN Generated-by-Nova", "private_key": "-----BEGIN RSA PRIVATE KEY-----\nMIIEqAIBAAKCAQEAqfw1RPn2NCsruw5Z7cgdFvHVarPTIhT16hxX5a8eJIt+NIHp\nJMyRq9i+eKys/nUh1v+zK6ySfQXHFXkUMF+zweQowsM7WnGYEIRi5L4M+YVYrO8o\no2K0Wbp4Bny67fnEqbmGCIkNiIXwqF6mSNr00L8l98aHZAmMq7ebQL4+vUfVqoMV\nv2FlMI1orYIonMhTfO9jlB/PzIt10DGse+OD5WazfNdfGlKRETQjEpTiLWoyD+GP\npKtfgA/LVwA0R1Zc7BMG9sGCrMhAG0X1WY8/6PlRg2aaEQ+OfvndvNkO94VudWZ7\nOMw8vjHvkrx8ZeKmNB0vDuCxYSmEHB5Kd5Z8TQIDAQABAoIBAC5yJlABiJ86iIlk\n43eQLTqeu3SbS/5NAeCE/BNbJP5RSxunv395kfgFkg3BCMfCU4u+dENjtOcKVBpu\n6fBJxgEdiXGmDKqqzST+N1NPBpaLM+6UrmLuTl8SD0eefykVDQJfGdttL1B1YItw\nyTiw8yGyiPpJuabA4TnuQjKPiO8IpoABklEq/hz2afHY2lhXbWYb2imWjYhs36ij\n5shIhdbp0zI0grc94mtbC7yWYFUw7w5u67Mzu5HeZjPVtCjA15wgDTopZLP8sgZF\nwsNrHn33G7BGrRuCRMnzsUx9SQIZfghql/aa12f0Gb2e09TBQDGtJt9WHoM0VJdu\nT/+qM8ECggCBAMNjJIeMsuZdO7YGOiHncyYhvdT427fBA3vV7SD5VPye2sioEh7l\nMeDbfUvhluglVrie5UEiF81JB77kHNF7kwInMG1K7dtwW37Kvy2iX5yv/f6fWYze\nYO6hTkmcY29zpUjOVdJqBFQy5DxxKctcezdxMldtNaa5bOxbGmYd4ksxAoIAgQDe\nt7xN+CnPNobEKZQqFp7vNBcXU/YQbPBZ2qaueb754YysZlK520EAl+D4RxtFP9sH\np0+fUvbcWIq6ZnO0eiziEVTHL9edfrXHhP8GJN4JbJFWap1kxe0qZE3K73Vb0VMZ\nmjCMbVsZyGXSVEXqRRpy79hSL1QCW96e0dQqX3oD3QKCAIA3uhs9HgAYfBb/v57s\n9Jp/EbiW+bORIVfhBg7wDK0UsCoueOFSNoSXYYLHFbx40c1+MrOodBTd1CqFY4Jk\nrR4sywig43Ib2FwAOct1NI6YngmPidt8tiBnb1Jo5FXn/8/wiAkqTlqVuT4njw8g\nlWv/UCXPkbJvrwtGDmXlIjjcwQKCAIA1LIrx1qEszujoJsEwN0xk8fvdXvdtvoS3\n/0MyfvDAukAa3Sc9JoLjgF9/B4MUSoWh0ylocadsvlsI2/MeENlsdBTYpayF9r2x\n0CgPMHguqdQdXMENUVApgd8s53UOofCEOVMEBAvvIPBmgiZbI3qIHIl6PcCB+6sw\nIgrUvwzjpQKCAIEAmFU26lIPjelgKbMYR4n1hZkMNtXQYHUdfiPuz7FLrzPHIT7X\n1ZgTbeQ8NZfo7iWGM8TWBPChTDSGBI2ybc8/wxTKUb1KpmiO2XuGqA63inxU3ZW8\ntxekQpo/5vcV1rw7qid+e1vk5lVKnbCbQiImKqUHsUsOxsqKbbhBJCbAqWs=\n-----END RSA PRIVATE KEY-----\n", "user_id": "8d52eef805c14b6f89922015bbe60c36", "name": "tempest-TestNetworkBasicOps-1345285976", "fingerprint": "04:ce:5f:22:2f:45:c0:70:e1:4f:21:df:7a:da:30:f2"}}
2015-12-07 18:23:09,242 27551 INFO     [tempest_lib.common.rest_client] Request (TestNetworkBasicOps:test_update_instance_port_admin_state): 200 POST http://10.0.2.15:5000/v2.0/tokens
2015-12-07 18:23:09,243 27551 DEBUG    [tempest_lib.common.rest_client] Request - Headers: {'Content-Type': 'application/json', 'Accept': 'application/json'}
        Body: &lt;omitted&gt;
    Response - Headers: {'status': '200', 'content-length': '2528', 'vary': 'X-Auth-Token', 'server': 'Apache/2.4.7 (Ubuntu)', 'connection': 'close', 'date': 'Mon, 07 Dec 2015 18:23:09 GMT', 'content-type': 'application/json', 'x-openstack-request-id': 'req-c8edc2bc-8eac-4474-86a3-7f5111a1dd2a'}
        Body: {"access": {"token": {"issued_at": "2015-12-07T18:23:09.230875", "expires": "2015-12-07T19:23:09Z", "id": "b3e836020c724666a24033d374687e27", "tenant": {"description": "tempest-TestNetworkBasicOps-1555906952-desc", "enabled": true, "id": "9b2e51362d224f4bb0db24400277be92", "name": "tempest-TestNetworkBasicOps-1555906952"}, "audit_ids": ["7u0D9pO8QECIeHdl3c873Q"]}, "serviceCatalog": [{"endpoints": [{"adminURL": "http://10.0.2.15:8774/v2.1/9b2e51362d224f4bb0db24400277be92", "region": "RegionOne", "internalURL": "http://10.0.2.15:8774/v2.1/9b2e51362d224f4bb0db24400277be92", "id": "0d2c44d15713411f8ff391399bdde0ac", "publicURL": "http://10.0.2.15:8774/v2.1/9b2e51362d224f4bb0db24400277be92"}], "endpoints_links": [], "type": "compute", "name": "nova"}, {"endpoints": [{"adminURL": "http://10.0.2.15:9696/", "region": "RegionOne", "internalURL": "http://10.0.2.15:9696/", "id": "0c514eeb963440f0bf7c920fc6e2e91a", "publicURL": "http://10.0.2.15:9696/"}], "endpoints_links": [], "type": "network", "name": "neutron"}, {"endpoints": [{"adminURL": "http://10.0.2.15:9292", "region": "RegionOne", "internalURL": "http://10.0.2.15:9292", "id": "0382397660a544f1b250ba3fd9fa992e", "publicURL": "http://10.0.2.15:9292"}], "endpoints_links": [], "type": "image", "name": "glance"}, {"endpoints": [{"adminURL": "http://10.0.2.15:8774/v2/9b2e51362d224f4bb0db24400277be92", "region": "RegionOne", "internalURL": "http://10.0.2.15:8774/v2/9b2e51362d224f4bb0db24400277be92", "id": "2b30899301bb402b95f50fc4f4017ef3", "publicURL": "http://10.0.2.15:8774/v2/9b2e51362d224f4bb0db24400277be92"}], "endpoints_links": [], "type": "compute_legacy", "name": "nova_legacy"}, {"endpoints": [{"adminURL": "http://10.0.2.15:8773/", "region": "RegionOne", "internalURL": "http://10.0.2.15:8773/", "id": "3c4f6daffb4249008c53676915f941ba", "publicURL": "http://10.0.2.15:8773/"}], "endpoints_links": [], "type": "ec2", "name": "ec2"}, {"endpoints": [{"adminURL": "http://10.0.2.15:35357/v2.0", "region": "RegionOne", "internalURL": "http://10.0.2.15:5000/v2.0", "id": "142c90efa6024d1db2752cc013d181c2", "publicURL": "http://10.0.2.15:5000/v2.0"}], "endpoints_links": [], "type": "identity", "name": "keystone"}], "user": {"username": "tempest-TestNetworkBasicOps-348454050", "roles_links": [], "id": "8d52eef805c14b6f89922015bbe60c36", "roles": [{"name": "_member_"}, {"name": "Member"}], "name": "tempest-TestNetworkBasicOps-348454050"}, "metadata": {"is_admin": 0, "roles": ["9fe2ff9ee4384b1894a90878d3e92bab", "a42ad810e5a940cd8528724825a1d606"]}}}
2015-12-07 18:23:09,249 27551 DEBUG    [tempest.common.fixed_network] (TestNetworkBasicOps:test_update_instance_port_admin_state) No valid network provided or created, defaulting to fixed_network_name
2015-12-07 18:23:09,569 27551 INFO     [tempest_lib.common.rest_client] Request (TestNetworkBasicOps:test_update_instance_port_admin_state): 200 GET http://10.0.2.15:8774/v2.1/9b2e51362d224f4bb0db24400277be92/os-networks 0.319s
2015-12-07 18:23:09,570 27551 DEBUG    [tempest_lib.common.rest_client] Request - Headers: {'Content-Type': 'application/json', 'Accept': 'application/json', 'X-Auth-Token': '&lt;omitted&gt;'}
        Body: None
    Response - Headers: {'status': '200', 'content-length': '478', 'content-location': 'http://10.0.2.15:8774/v2.1/9b2e51362d224f4bb0db24400277be92/os-networks', 'x-compute-request-id': 'req-86f869d6-88ad-4d23-ada4-04ae87b50651', 'vary': 'X-OpenStack-Nova-API-Version', 'connection': 'close', 'x-openstack-nova-api-version': '2.1', 'date': 'Mon, 07 Dec 2015 18:23:09 GMT', 'content-type': 'application/json'}
        Body: {"networks": [{"cidr_v6": null, "dns2": null, "dns1": null, "gateway": null, "broadcast": null, "netmask": null, "gateway_v6": null, "cidr": null, "label": "public", "id": "0453a882-9a52-4178-85c6-06be2c28a741", "netmask_v6": null}, {"cidr_v6": null, "dns2": null, "dns1": null, "gateway": null, "broadcast": null, "netmask": null, "gateway_v6": null, "cidr": null, "label": "tempest-network-smoke--870867799", "id": "f5811365-efb3-4960-81aa-2adf62d5a8a9", "netmask_v6": null}]}
2015-12-07 18:23:09,571 27551 WARNING  [tempest.common.fixed_network] (TestNetworkBasicOps:test_update_instance_port_admin_state) Network with name: private not found
2015-12-07 18:23:09,571 27551 INFO     [tempest.common.fixed_network] (TestNetworkBasicOps:test_update_instance_port_admin_state) Found network {} available for tenant
2015-12-07 18:23:10,084 27551 INFO     [tempest_lib.common.rest_client] Request (TestNetworkBasicOps:test_update_instance_port_admin_state): 202 POST http://10.0.2.15:8774/v2.1/9b2e51362d224f4bb0db24400277be92/servers 0.510s
2015-12-07 18:23:10,084 27551 DEBUG    [tempest_lib.common.rest_client] Request - Headers: {'Content-Type': 'application/json', 'Accept': 'application/json', 'X-Auth-Token': '&lt;omitted&gt;'}
        Body: {"server": {"name": "tempest.common.compute-instance-281556384", "imageRef": "e2d579c8-f6b5-49ac-93b6-c5b576aa1016", "key_name": "tempest-TestNetworkBasicOps-1345285976", "flavorRef": "42", "networks": [{"uuid": "f5811365-efb3-4960-81aa-2adf62d5a8a9"}], "security_groups": [{"name": "tempest-secgroup-smoke-1546618924"}]}}
    Response - Headers: {'status': '202', 'content-length': '462', 'x-compute-request-id': 'req-6784930a-c340-46d8-bd57-bacf384f5459', 'vary': 'X-OpenStack-Nova-API-Version', 'connection': 'close', 'location': 'http://10.0.2.15:8774/v2.1/9b2e51362d224f4bb0db24400277be92/servers/b2fd8e6c-09b2-48a5-9cb9-0309e3a86a28', 'x-openstack-nova-api-version': '2.1', 'date': 'Mon, 07 Dec 2015 18:23:10 GMT', 'content-type': 'application/json'}
        Body: {"server": {"security_groups": [{"name": "tempest-secgroup-smoke-1546618924"}], "OS-DCF:diskConfig": "MANUAL", "id": "b2fd8e6c-09b2-48a5-9cb9-0309e3a86a28", "links": [{"href": "http://10.0.2.15:8774/v2.1/9b2e51362d224f4bb0db24400277be92/servers/b2fd8e6c-09b2-48a5-9cb9-0309e3a86a28", "rel": "self"}, {"href": "http://10.0.2.15:8774/9b2e51362d224f4bb0db24400277be92/servers/b2fd8e6c-09b2-48a5-9cb9-0309e3a86a28", "rel": "bookmark"}], "adminPass": "e7qQKh64nH5L"}}
2015-12-07 18:23:10,206 27551 INFO     [tempest_lib.common.rest_client] Request (TestNetworkBasicOps:test_update_instance_port_admin_state): 200 GET http://10.0.2.15:8774/v2.1/9b2e51362d224f4bb0db24400277be92/servers/b2fd8e6c-09b2-48a5-9cb9-0309e3a86a28 0.117s
2015-12-07 18:23:10,206 27551 DEBUG    [tempest_lib.common.rest_client] Request - Headers: {'Content-Type': 'application/json', 'Accept': 'application/json', 'X-Auth-Token': '&lt;omitted&gt;'}
        Body: None
    Response - Headers: {'status': '200', 'content-length': '1355', 'content-location': 'http://10.0.2.15:8774/v2.1/9b2e51362d224f4bb0db24400277be92/servers/b2fd8e6c-09b2-48a5-9cb9-0309e3a86a28', 'x-compute-request-id': 'req-3d6d02ef-f2e0-4cbe-b4b5-8f9e2747c439', 'vary': 'X-OpenStack-Nova-API-Version', 'connection': 'close', 'x-openstack-nova-api-version': '2.1', 'date': 'Mon, 07 Dec 2015 18:23:10 GMT', 'content-type': 'application/json'}
        Body: {"server": {"status": "BUILD", "updated": "2015-12-07T18:23:10Z", "hostId": "", "addresses": {}, "links": [{"href": "http://10.0.2.15:8774/v2.1/9b2e51362d224f4bb0db24400277be92/servers/b2fd8e6c-09b2-48a5-9cb9-0309e3a86a28", "rel": "self"}, {"href": "http://10.0.2.15:8774/9b2e51362d224f4bb0db24400277be92/servers/b2fd8e6c-09b2-48a5-9cb9-0309e3a86a28", "rel": "bookmark"}], "key_name": "tempest-TestNetworkBasicOps-1345285976", "image": {"id": "e2d579c8-f6b5-49ac-93b6-c5b576aa1016", "links": [{"href": "http://10.0.2.15:8774/9b2e51362d224f4bb0db24400277be92/images/e2d579c8-f6b5-49ac-93b6-c5b576aa1016", "rel": "bookmark"}]}, "OS-EXT-STS:task_state": "scheduling", "OS-EXT-STS:vm_state": "building", "OS-SRV-USG:launched_at": null, "flavor": {"id": "42", "links": [{"href": "http://10.0.2.15:8774/9b2e51362d224f4bb0db24400277be92/flavors/42", "rel": "bookmark"}]}, "id": "b2fd8e6c-09b2-48a5-9cb9-0309e3a86a28", "OS-SRV-USG:terminated_at": null, "OS-EXT-AZ:availability_zone": "", "user_id": "8d52eef805c14b6f89922015bbe60c36", "name": "tempest.common.compute-instance-281556384", "created": "2015-12-07T18:23:10Z", "tenant_id": "9b2e51362d224f4bb0db24400277be92", "OS-DCF:diskConfig": "MANUAL", "os-extended-volumes:volumes_attached": [], "accessIPv4": "", "accessIPv6": "", "progress": 0, "OS-EXT-STS:power_state": 0, "config_drive": "", "metadata": {}}}
2015-12-07 18:23:11,452 27551 INFO     [tempest_lib.common.rest_client] Request (TestNetworkBasicOps:test_update_instance_port_admin_state): 200 GET http://10.0.2.15:8774/v2.1/9b2e51362d224f4bb0db24400277be92/servers/b2fd8e6c-09b2-48a5-9cb9-0309e3a86a28 0.227s
2015-12-07 18:23:11,452 27551 DEBUG    [tempest_lib.common.rest_client] Request - Headers: {'Content-Type': 'application/json', 'Accept': 'application/json', 'X-Auth-Token': '&lt;omitted&gt;'}
        Body: None
    Response - Headers: {'status': '200', 'content-length': '1481', 'content-location': 'http://10.0.2.15:8774/v2.1/9b2e51362d224f4bb0db24400277be92/servers/b2fd8e6c-09b2-48a5-9cb9-0309e3a86a28', 'x-compute-request-id': 'req-11a8521f-0a36-44df-8226-ae454299c778', 'vary': 'X-OpenStack-Nova-API-Version', 'connection': 'close', 'x-openstack-nova-api-version': '2.1', 'date': 'Mon, 07 Dec 2015 18:23:11 GMT', 'content-type': 'application/json'}
        Body: {"server": {"status": "BUILD", "updated": "2015-12-07T18:23:10Z", "hostId": "c3af8c89f9e0426a164dbde04475ad753c849b456fdecc0cb4475da4", "addresses": {}, "links": [{"href": "http://10.0.2.15:8774/v2.1/9b2e51362d224f4bb0db24400277be92/servers/b2fd8e6c-09b2-48a5-9cb9-0309e3a86a28", "rel": "self"}, {"href": "http://10.0.2.15:8774/9b2e51362d224f4bb0db24400277be92/servers/b2fd8e6c-09b2-48a5-9cb9-0309e3a86a28", "rel": "bookmark"}], "key_name": "tempest-TestNetworkBasicOps-1345285976", "image": {"id": "e2d579c8-f6b5-49ac-93b6-c5b576aa1016", "links": [{"href": "http://10.0.2.15:8774/9b2e51362d224f4bb0db24400277be92/images/e2d579c8-f6b5-49ac-93b6-c5b576aa1016", "rel": "bookmark"}]}, "OS-EXT-STS:task_state": "spawning", "OS-EXT-STS:vm_state": "building", "OS-SRV-USG:launched_at": null, "flavor": {"id": "42", "links": [{"href": "http://10.0.2.15:8774/9b2e51362d224f4bb0db24400277be92/flavors/42", "rel": "bookmark"}]}, "id": "b2fd8e6c-09b2-48a5-9cb9-0309e3a86a28", "security_groups": [{"name": "tempest-secgroup-smoke-1546618924"}], "OS-SRV-USG:terminated_at": null, "OS-EXT-AZ:availability_zone": "nova", "user_id": "8d52eef805c14b6f89922015bbe60c36", "name": "tempest.common.compute-instance-281556384", "created": "2015-12-07T18:23:10Z", "tenant_id": "9b2e51362d224f4bb0db24400277be92", "OS-DCF:diskConfig": "MANUAL", "os-extended-volumes:volumes_attached": [], "accessIPv4": "", "accessIPv6": "", "progress": 0, "OS-EXT-STS:power_state": 0, "config_drive": "", "metadata": {}}}
2015-12-07 18:23:11,463 27551 INFO     [tempest.common.waiters] State transition "BUILD/scheduling" ==&gt; "BUILD/spawning" after 1 second wait
2015-12-07 18:23:12,726 27551 INFO     [tempest_lib.common.rest_client] Request (TestNetworkBasicOps:test_update_instance_port_admin_state): 200 GET http://10.0.2.15:8774/v2.1/9b2e51362d224f4bb0db24400277be92/servers/b2fd8e6c-09b2-48a5-9cb9-0309e3a86a28 0.261s
2015-12-07 18:23:12,726 27551 DEBUG    [tempest_lib.common.rest_client] Request - Headers: {'Content-Type': 'application/json', 'Accept': 'application/json', 'X-Auth-Token': '&lt;omitted&gt;'}
        Body: None
    Response - Headers: {'status': '200', 'content-length': '1481', 'content-location': 'http://10.0.2.15:8774/v2.1/9b2e51362d224f4bb0db24400277be92/servers/b2fd8e6c-09b2-48a5-9cb9-0309e3a86a28', 'x-compute-request-id': 'req-a4a8310d-819f-4437-a516-dd8b1def09e4', 'vary': 'X-OpenStack-Nova-API-Version', 'connection': 'close', 'x-openstack-nova-api-version': '2.1', 'date': 'Mon, 07 Dec 2015 18:23:12 GMT', 'content-type': 'application/json'}
        Body: {"server": {"status": "BUILD", "updated": "2015-12-07T18:23:10Z", "hostId": "c3af8c89f9e0426a164dbde04475ad753c849b456fdecc0cb4475da4", "addresses": {}, "links": [{"href": "http://10.0.2.15:8774/v2.1/9b2e51362d224f4bb0db24400277be92/servers/b2fd8e6c-09b2-48a5-9cb9-0309e3a86a28", "rel": "self"}, {"href": "http://10.0.2.15:8774/9b2e51362d224f4bb0db24400277be92/servers/b2fd8e6c-09b2-48a5-9cb9-0309e3a86a28", "rel": "bookmark"}], "key_name": "tempest-TestNetworkBasicOps-1345285976", "image": {"id": "e2d579c8-f6b5-49ac-93b6-c5b576aa1016", "links": [{"href": "http://10.0.2.15:8774/9b2e51362d224f4bb0db24400277be92/images/e2d579c8-f6b5-49ac-93b6-c5b576aa1016", "rel": "bookmark"}]}, "OS-EXT-STS:task_state": "spawning", "OS-EXT-STS:vm_state": "building", "OS-SRV-USG:launched_at": null, "flavor": {"id": "42", "links": [{"href": "http://10.0.2.15:8774/9b2e51362d224f4bb0db24400277be92/flavors/42", "rel": "bookmark"}]}, "id": "b2fd8e6c-09b2-48a5-9cb9-0309e3a86a28", "security_groups": [{"name": "tempest-secgroup-smoke-1546618924"}], "OS-SRV-USG:terminated_at": null, "OS-EXT-AZ:availability_zone": "nova", "user_id": "8d52eef805c14b6f89922015bbe60c36", "name": "tempest.common.compute-instance-281556384", "created": "2015-12-07T18:23:10Z", "tenant_id": "9b2e51362d224f4bb0db24400277be92", "OS-DCF:diskConfig": "MANUAL", "os-extended-volumes:volumes_attached": [], "accessIPv4": "", "accessIPv6": "", "progress": 0, "OS-EXT-STS:power_state": 0, "config_drive": "", "metadata": {}}}
2015-12-07 18:23:13,924 27551 INFO     [tempest_lib.common.rest_client] Request (TestNetworkBasicOps:test_update_instance_port_admin_state): 200 GET http://10.0.2.15:8774/v2.1/9b2e51362d224f4bb0db24400277be92/servers/b2fd8e6c-09b2-48a5-9cb9-0309e3a86a28 0.188s
2015-12-07 18:23:13,924 27551 DEBUG    [tempest_lib.common.rest_client] Request - Headers: {'Content-Type': 'application/json', 'Accept': 'application/json', 'X-Auth-Token': '&lt;omitted&gt;'}
        Body: None
    Response - Headers: {'status': '200', 'content-length': '1652', 'content-location': 'http://10.0.2.15:8774/v2.1/9b2e51362d224f4bb0db24400277be92/servers/b2fd8e6c-09b2-48a5-9cb9-0309e3a86a28', 'x-compute-request-id': 'req-be6827c6-8089-4b23-95a4-0e5ae9a330b9', 'vary': 'X-OpenStack-Nova-API-Version', 'connection': 'close', 'x-openstack-nova-api-version': '2.1', 'date': 'Mon, 07 Dec 2015 18:23:13 GMT', 'content-type': 'application/json'}
        Body: {"server": {"status": "ACTIVE", "updated": "2015-12-07T18:23:12Z", "hostId": "c3af8c89f9e0426a164dbde04475ad753c849b456fdecc0cb4475da4", "addresses": {"tempest-network-smoke--870867799": [{"OS-EXT-IPS-MAC:mac_addr": "fa:16:3e:4f:ce:1d", "version": 4, "addr": "10.100.0.3", "OS-EXT-IPS:type": "fixed"}]}, "links": [{"href": "http://10.0.2.15:8774/v2.1/9b2e51362d224f4bb0db24400277be92/servers/b2fd8e6c-09b2-48a5-9cb9-0309e3a86a28", "rel": "self"}, {"href": "http://10.0.2.15:8774/9b2e51362d224f4bb0db24400277be92/servers/b2fd8e6c-09b2-48a5-9cb9-0309e3a86a28", "rel": "bookmark"}], "key_name": "tempest-TestNetworkBasicOps-1345285976", "image": {"id": "e2d579c8-f6b5-49ac-93b6-c5b576aa1016", "links": [{"href": "http://10.0.2.15:8774/9b2e51362d224f4bb0db24400277be92/images/e2d579c8-f6b5-49ac-93b6-c5b576aa1016", "rel": "bookmark"}]}, "OS-EXT-STS:task_state": null, "OS-EXT-STS:vm_state": "active", "OS-SRV-USG:launched_at": "2015-12-07T18:23:12.000000", "flavor": {"id": "42", "links": [{"href": "http://10.0.2.15:8774/9b2e51362d224f4bb0db24400277be92/flavors/42", "rel": "bookmark"}]}, "id": "b2fd8e6c-09b2-48a5-9cb9-0309e3a86a28", "security_groups": [{"name": "tempest-secgroup-smoke-1546618924"}], "OS-SRV-USG:terminated_at": null, "OS-EXT-AZ:availability_zone": "nova", "user_id": "8d52eef805c14b6f89922015bbe60c36", "name": "tempest.common.compute-instance-281556384", "created": "2015-12-07T18:23:10Z", "tenant_id": "9b2e51362d224f4bb0db24400277be92", "OS-DCF:diskConfig": "MANUAL", "os-extended-volumes:volumes_attached": [], "accessIPv4": "", "accessIPv6": "", "progress": 0, "OS-EXT-STS:power_state": 1, "config_drive": "True", "metadata": {}}}
2015-12-07 18:23:13,933 27551 INFO     [tempest.common.waiters] State transition "BUILD/spawning" ==&gt; "ACTIVE/None" after 3 second wait
2015-12-07 18:23:14,122 27551 INFO     [tempest_lib.common.rest_client] Request (TestNetworkBasicOps:test_update_instance_port_admin_state): 200 GET http://10.0.2.15:8774/v2.1/9b2e51362d224f4bb0db24400277be92/servers/b2fd8e6c-09b2-48a5-9cb9-0309e3a86a28 0.188s
2015-12-07 18:23:14,122 27551 DEBUG    [tempest_lib.common.rest_client] Request - Headers: {'Content-Type': 'application/json', 'Accept': 'application/json', 'X-Auth-Token': '&lt;omitted&gt;'}
        Body: None
    Response - Headers: {'status': '200', 'content-length': '1652', 'content-location': 'http://10.0.2.15:8774/v2.1/9b2e51362d224f4bb0db24400277be92/servers/b2fd8e6c-09b2-48a5-9cb9-0309e3a86a28', 'x-compute-request-id': 'req-e8eb65ff-d3aa-44c7-8fc2-8f0a1a490525', 'vary': 'X-OpenStack-Nova-API-Version', 'connection': 'close', 'x-openstack-nova-api-version': '2.1', 'date': 'Mon, 07 Dec 2015 18:23:14 GMT', 'content-type': 'application/json'}
        Body: {"server": {"status": "ACTIVE", "updated": "2015-12-07T18:23:12Z", "hostId": "c3af8c89f9e0426a164dbde04475ad753c849b456fdecc0cb4475da4", "addresses": {"tempest-network-smoke--870867799": [{"OS-EXT-IPS-MAC:mac_addr": "fa:16:3e:4f:ce:1d", "version": 4, "addr": "10.100.0.3", "OS-EXT-IPS:type": "fixed"}]}, "links": [{"href": "http://10.0.2.15:8774/v2.1/9b2e51362d224f4bb0db24400277be92/servers/b2fd8e6c-09b2-48a5-9cb9-0309e3a86a28", "rel": "self"}, {"href": "http://10.0.2.15:8774/9b2e51362d224f4bb0db24400277be92/servers/b2fd8e6c-09b2-48a5-9cb9-0309e3a86a28", "rel": "bookmark"}], "key_name": "tempest-TestNetworkBasicOps-1345285976", "image": {"id": "e2d579c8-f6b5-49ac-93b6-c5b576aa1016", "links": [{"href": "http://10.0.2.15:8774/9b2e51362d224f4bb0db24400277be92/images/e2d579c8-f6b5-49ac-93b6-c5b576aa1016", "rel": "bookmark"}]}, "OS-EXT-STS:task_state": null, "OS-EXT-STS:vm_state": "active", "OS-SRV-USG:launched_at": "2015-12-07T18:23:12.000000", "flavor": {"id": "42", "links": [{"href": "http://10.0.2.15:8774/9b2e51362d224f4bb0db24400277be92/flavors/42", "rel": "bookmark"}]}, "id": "b2fd8e6c-09b2-48a5-9cb9-0309e3a86a28", "security_groups": [{"name": "tempest-secgroup-smoke-1546618924"}], "OS-SRV-USG:terminated_at": null, "OS-EXT-AZ:availability_zone": "nova", "user_id": "8d52eef805c14b6f89922015bbe60c36", "name": "tempest.common.compute-instance-281556384", "created": "2015-12-07T18:23:10Z", "tenant_id": "9b2e51362d224f4bb0db24400277be92", "OS-DCF:diskConfig": "MANUAL", "os-extended-volumes:volumes_attached": [], "accessIPv4": "", "accessIPv6": "", "progress": 0, "OS-EXT-STS:power_state": 1, "config_drive": "True", "metadata": {}}}
2015-12-07 18:23:14,132 27551 INFO     [tempest.scenario.manager] Tenant networks not configured to be reachable.
2015-12-07 18:23:14,168 27551 INFO     [tempest_lib.common.rest_client] Request (TestNetworkBasicOps:test_update_instance_port_admin_state): 200 GET http://10.0.2.15:9696/v2.0/ports?status=ACTIVE&amp;fixed_ip=None&amp;device_id=b2fd8e6c-09b2-48a5-9cb9-0309e3a86a28 0.036s
2015-12-07 18:23:14,169 27551 DEBUG    [tempest_lib.common.rest_client] Request - Headers: {'Content-Type': 'application/json', 'Accept': 'application/json', 'X-Auth-Token': '&lt;omitted&gt;'}
        Body: None
    Response - Headers: {'status': '200', 'content-length': '895', 'content-location': 'http://10.0.2.15:9696/v2.0/ports?status=ACTIVE&amp;fixed_ip=None&amp;device_id=b2fd8e6c-09b2-48a5-9cb9-0309e3a86a28', 'connection': 'close', 'date': 'Mon, 07 Dec 2015 18:23:14 GMT', 'content-type': 'application/json; charset=UTF-8', 'x-openstack-request-id': 'req-f8f0c6dc-c0a0-4902-81d8-e50b70c4e0a0'}
        Body: {"ports": [{"status": "ACTIVE", "binding:host_id": "vagrant-ubuntu-trusty-64", "allowed_address_pairs": [], "extra_dhcp_opts": [], "dns_assignment": [{"hostname": "host-10-100-0-3", "ip_address": "10.100.0.3", "fqdn": "host-10-100-0-3.openstacklocal."}], "device_owner": "compute:None", "port_security_enabled": true, "binding:profile": {}, "fixed_ips": [{"subnet_id": "9de0905b-48eb-4341-9728-2059182d4fda", "ip_address": "10.100.0.3"}], "id": "11a5f4ae-fd48-4de4-b724-9b0250e26e88", "security_groups": ["2c2dd26c-1171-47fd-b689-914baa2df9a8"], "device_id": "b2fd8e6c-09b2-48a5-9cb9-0309e3a86a28", "name": "", "admin_state_up": true, "network_id": "f5811365-efb3-4960-81aa-2adf62d5a8a9", "dns_name": "", "binding:vif_details": {"port_filter": true}, "binding:vnic_type": "normal", "binding:vif_type": "ovs", "tenant_id": "9b2e51362d224f4bb0db24400277be92", "mac_address": "fa:16:3e:4f:ce:1d"}]}
2015-12-07 18:23:14,645 27551 INFO     [tempest_lib.common.rest_client] Request (TestNetworkBasicOps:test_update_instance_port_admin_state): 201 POST http://10.0.2.15:9696/v2.0/floatingips 0.476s
2015-12-07 18:23:14,646 27551 DEBUG    [tempest_lib.common.rest_client] Request - Headers: {'Content-Type': 'application/json', 'Accept': 'application/json', 'X-Auth-Token': '&lt;omitted&gt;'}
        Body: {"floatingip": {"floating_network_id": "0453a882-9a52-4178-85c6-06be2c28a741", "tenant_id": "9b2e51362d224f4bb0db24400277be92", "fixed_ip_address": "10.100.0.3", "port_id": "11a5f4ae-fd48-4de4-b724-9b0250e26e88"}}
    Response - Headers: {'status': '201', 'content-length': '368', 'connection': 'close', 'date': 'Mon, 07 Dec 2015 18:23:14 GMT', 'content-type': 'application/json; charset=UTF-8', 'x-openstack-request-id': 'req-6ed4fd1a-147b-4bd1-8b30-9a3d521fb5a0'}
        Body: {"floatingip": {"floating_network_id": "0453a882-9a52-4178-85c6-06be2c28a741", "router_id": "72eeb6b1-6515-4380-9847-6ace53800066", "fixed_ip_address": "10.100.0.3", "floating_ip_address": "172.24.4.18", "tenant_id": "9b2e51362d224f4bb0db24400277be92", "status": "DOWN", "port_id": "11a5f4ae-fd48-4de4-b724-9b0250e26e88", "id": "b94992a7-1f30-4088-9aec-9bbade6253e6"}}
2015-12-07 18:23:14,678 27551 INFO     [tempest_lib.common.rest_client] Request (TestNetworkBasicOps:test_update_instance_port_admin_state): 200 GET http://10.0.2.15:9696/v2.0/ports?device_id=b2fd8e6c-09b2-48a5-9cb9-0309e3a86a28 0.031s
2015-12-07 18:23:14,678 27551 DEBUG    [tempest_lib.common.rest_client] Request - Headers: {'Content-Type': 'application/json', 'Accept': 'application/json', 'X-Auth-Token': '&lt;omitted&gt;'}
        Body: None
    Response - Headers: {'status': '200', 'content-length': '895', 'content-location': 'http://10.0.2.15:9696/v2.0/ports?device_id=b2fd8e6c-09b2-48a5-9cb9-0309e3a86a28', 'connection': 'close', 'date': 'Mon, 07 Dec 2015 18:23:14 GMT', 'content-type': 'application/json; charset=UTF-8', 'x-openstack-request-id': 'req-29e93c9f-c0f3-48d4-9507-73184e5fdf91'}
        Body: {"ports": [{"status": "ACTIVE", "binding:host_id": "vagrant-ubuntu-trusty-64", "allowed_address_pairs": [], "extra_dhcp_opts": [], "dns_assignment": [{"hostname": "host-10-100-0-3", "ip_address": "10.100.0.3", "fqdn": "host-10-100-0-3.openstacklocal."}], "device_owner": "compute:None", "port_security_enabled": true, "binding:profile": {}, "fixed_ips": [{"subnet_id": "9de0905b-48eb-4341-9728-2059182d4fda", "ip_address": "10.100.0.3"}], "id": "11a5f4ae-fd48-4de4-b724-9b0250e26e88", "security_groups": ["2c2dd26c-1171-47fd-b689-914baa2df9a8"], "device_id": "b2fd8e6c-09b2-48a5-9cb9-0309e3a86a28", "name": "", "admin_state_up": true, "network_id": "f5811365-efb3-4960-81aa-2adf62d5a8a9", "dns_name": "", "binding:vif_details": {"port_filter": true}, "binding:vnic_type": "normal", "binding:vif_type": "ovs", "tenant_id": "9b2e51362d224f4bb0db24400277be92", "mac_address": "fa:16:3e:4f:ce:1d"}]}
2015-12-07 18:23:14,692 27551 INFO     [tempest_lib.common.rest_client] Request (TestNetworkBasicOps:test_update_instance_port_admin_state): 200 GET http://10.0.2.15:9696/v2.0/floatingips/b94992a7-1f30-4088-9aec-9bbade6253e6 0.011s
2015-12-07 18:23:14,692 27551 DEBUG    [tempest_lib.common.rest_client] Request - Headers: {'Content-Type': 'application/json', 'Accept': 'application/json', 'X-Auth-Token': '&lt;omitted&gt;'}
        Body: None
    Response - Headers: {'status': '200', 'content-length': '368', 'content-location': 'http://10.0.2.15:9696/v2.0/floatingips/b94992a7-1f30-4088-9aec-9bbade6253e6', 'connection': 'close', 'date': 'Mon, 07 Dec 2015 18:23:14 GMT', 'content-type': 'application/json; charset=UTF-8', 'x-openstack-request-id': 'req-4d7f8a76-f801-4f88-8249-aba93aaf16cf'}
        Body: {"floatingip": {"floating_network_id": "0453a882-9a52-4178-85c6-06be2c28a741", "router_id": "72eeb6b1-6515-4380-9847-6ace53800066", "fixed_ip_address": "10.100.0.3", "floating_ip_address": "172.24.4.18", "tenant_id": "9b2e51362d224f4bb0db24400277be92", "status": "DOWN", "port_id": "11a5f4ae-fd48-4de4-b724-9b0250e26e88", "id": "b94992a7-1f30-4088-9aec-9bbade6253e6"}}
2015-12-07 18:23:15,705 27551 INFO     [tempest_lib.common.rest_client] Request (TestNetworkBasicOps:test_update_instance_port_admin_state): 200 GET http://10.0.2.15:9696/v2.0/floatingips/b94992a7-1f30-4088-9aec-9bbade6253e6 0.012s
2015-12-07 18:23:15,706 27551 DEBUG    [tempest_lib.common.rest_client] Request - Headers: {'Content-Type': 'application/json', 'Accept': 'application/json', 'X-Auth-Token': '&lt;omitted&gt;'}
        Body: None
    Response - Headers: {'status': '200', 'content-length': '370', 'content-location': 'http://10.0.2.15:9696/v2.0/floatingips/b94992a7-1f30-4088-9aec-9bbade6253e6', 'connection': 'close', 'date': 'Mon, 07 Dec 2015 18:23:15 GMT', 'content-type': 'application/json; charset=UTF-8', 'x-openstack-request-id': 'req-12d56b88-0978-4361-abfb-47596b66bae2'}
        Body: {"floatingip": {"floating_network_id": "0453a882-9a52-4178-85c6-06be2c28a741", "router_id": "72eeb6b1-6515-4380-9847-6ace53800066", "fixed_ip_address": "10.100.0.3", "floating_ip_address": "172.24.4.18", "tenant_id": "9b2e51362d224f4bb0db24400277be92", "status": "ACTIVE", "port_id": "11a5f4ae-fd48-4de4-b724-9b0250e26e88", "id": "b94992a7-1f30-4088-9aec-9bbade6253e6"}}
2015-12-07 18:23:15,706 27551 INFO     [tempest.scenario.manager] FloatingIP: &lt;"FloatingIP" addr="172.24.4.18" id="b94992a7-1f30-4088-9aec-9bbade6253e6"&gt; is at status: ACTIVE
2015-12-07 18:23:15,706 27551 DEBUG    [tempest.scenario.manager] checking network connections to IP 172.24.4.18 with user: cirros
2015-12-07 18:23:15,707 27551 DEBUG    [tempest.scenario.manager] TestNetworkBasicOps:test_update_instance_port_admin_state begins to ping 172.24.4.18 in 120 sec and the expected result is reachable
2015-12-07 18:23:33,764 27551 DEBUG    [tempest.scenario.manager] TestNetworkBasicOps:test_update_instance_port_admin_state finishes ping 172.24.4.18 in 120 sec and the ping result is expected
2015-12-07 18:23:33,766 27551 INFO     [tempest_lib.common.ssh] Creating ssh connection to '172.24.4.18' as 'cirros' with public key authentication
2015-12-07 18:23:33,774 27551 WARNING  [tempest_lib.common.ssh] Failed to establish authenticated ssh connection to cirros@172.24.4.18 ([Errno None] Unable to connect to port 22 on  or 172.24.4.18). Number attempts: 1. Retry after 2 seconds.
2015-12-07 18:23:36,282 27551 WARNING  [tempest_lib.common.ssh] Failed to establish authenticated ssh connection to cirros@172.24.4.18 ([Errno None] Unable to connect to port 22 on  or 172.24.4.18). Number attempts: 2. Retry after 3 seconds.
2015-12-07 18:23:39,789 27551 WARNING  [tempest_lib.common.ssh] Failed to establish authenticated ssh connection to cirros@172.24.4.18 ([Errno None] Unable to connect to port 22 on  or 172.24.4.18). Number attempts: 3. Retry after 4 seconds.
2015-12-07 18:23:44,387 27551 INFO     [paramiko.transport] Connected (version 2.0, client dropbear_2012.55)
2015-12-07 18:23:44,647 27551 INFO     [paramiko.transport] Authentication (publickey) successful!
2015-12-07 18:23:44,654 27551 INFO     [tempest_lib.common.ssh] ssh connection to cirros@172.24.4.18 successfuly created
2015-12-07 18:23:44,999 27551 INFO     [tempest_lib.common.rest_client] Request (TestNetworkBasicOps:test_update_instance_port_admin_state): 200 PUT http://10.0.2.15:9696/v2.0/ports/11a5f4ae-fd48-4de4-b724-9b0250e26e88 0.226s
2015-12-07 18:23:44,999 27551 DEBUG    [tempest_lib.common.rest_client] Request - Headers: {'Content-Type': 'application/json', 'Accept': 'application/json', 'X-Auth-Token': '&lt;omitted&gt;'}
        Body: {"port": {"admin_state_up": false}}
    Response - Headers: {'status': '200', 'content-length': '750', 'connection': 'close', 'date': 'Mon, 07 Dec 2015 18:23:44 GMT', 'content-type': 'application/json; charset=UTF-8', 'x-openstack-request-id': 'req-d43954f3-e697-4f2e-bf15-069eed17429c'}
        Body: {"port": {"status": "ACTIVE", "name": "", "allowed_address_pairs": [], "admin_state_up": false, "network_id": "f5811365-efb3-4960-81aa-2adf62d5a8a9", "dns_name": "", "extra_dhcp_opts": [], "mac_address": "fa:16:3e:4f:ce:1d", "dns_assignment": [{"hostname": "host-10-100-0-3", "ip_address": "10.100.0.3", "fqdn": "host-10-100-0-3.openstacklocal."}], "binding:vnic_type": "normal", "device_owner": "compute:None", "tenant_id": "9b2e51362d224f4bb0db24400277be92", "port_security_enabled": true, "fixed_ips": [{"subnet_id": "9de0905b-48eb-4341-9728-2059182d4fda", "ip_address": "10.100.0.3"}], "id": "11a5f4ae-fd48-4de4-b724-9b0250e26e88", "security_groups": ["2c2dd26c-1171-47fd-b689-914baa2df9a8"], "device_id": "b2fd8e6c-09b2-48a5-9cb9-0309e3a86a28"}}
2015-12-07 18:23:45,000 27551 DEBUG    [tempest.scenario.manager] checking network connections to IP 172.24.4.18 with user: cirros
2015-12-07 18:23:45,000 27551 DEBUG    [tempest.scenario.manager] TestNetworkBasicOps:test_update_instance_port_admin_state begins to ping 172.24.4.18 in 120 sec and the expected result is unreachable
2015-12-07 18:25:45,506 27551 DEBUG    [tempest.scenario.manager] TestNetworkBasicOps:test_update_instance_port_admin_state finishes ping 172.24.4.18 in 120 sec and the ping result is unexpected
2015-12-07 18:25:45,508 27551 ERROR    [tempest.scenario.manager] Public network connectivity check failed: after updating admin_state_up of instance port to False
2015-12-07 18:25:45.508 27551 ERROR tempest.scenario.manager Traceback (most recent call last):
2015-12-07 18:25:45.508 27551 ERROR tempest.scenario.manager   File "tempest/scenario/manager.py", line 606, in check_public_network_connectivity
2015-12-07 18:25:45.508 27551 ERROR tempest.scenario.manager     should_connect=should_connect)
2015-12-07 18:25:45.508 27551 ERROR tempest.scenario.manager   File "tempest/scenario/manager.py", line 590, in check_vm_connectivity
2015-12-07 18:25:45.508 27551 ERROR tempest.scenario.manager     msg=msg)
2015-12-07 18:25:45.508 27551 ERROR tempest.scenario.manager   File "/usr/local/lib/python2.7/dist-packages/unittest2/case.py", line 702, in assertTrue
2015-12-07 18:25:45.508 27551 ERROR tempest.scenario.manager     raise self.failureException(msg)
2015-12-07 18:25:45.508 27551 ERROR tempest.scenario.manager AssertionError: False is not true : ip address 172.24.4.18 is reachable
2015-12-07 18:25:45.508 27551 ERROR tempest.scenario.manager 
2015-12-07 18:25:45,726 27551 INFO     [tempest_lib.common.rest_client] Request (TestNetworkBasicOps:test_update_instance_port_admin_state): 200 POST http://10.0.2.15:8774/v2.1/9b2e51362d224f4bb0db24400277be92/servers/b2fd8e6c-09b2-48a5-9cb9-0309e3a86a28/action 0.214s
2015-12-07 18:25:45,727 27551 DEBUG    [tempest_lib.common.rest_client] Request - Headers: {'Content-Type': 'application/json', 'Accept': 'application/json', 'X-Auth-Token': '&lt;omitted&gt;'}
        Body: {"os-getConsoleOutput": {}}
    Response - Headers: {'status': '200', 'content-length': '19743', 'x-compute-request-id': 'req-bc7654ff-6c80-409d-9ad5-4edd3da82ac5', 'vary': 'X-OpenStack-Nova-API-Version', 'connection': 'close', 'x-openstack-nova-api-version': '2.1', 'date': 'Mon, 07 Dec 2015 18:25:45 GMT', 'content-type': 'application/json'}
        Body: {"output": "[    0.000000] Initializing cgroup subsys cpuset\n[    0.000000] Initializing cgroup subsys cpu\n[    0.000000] Linux version 3.2.0-80-virtual (buildd@batsu) (gcc version 4.6.3 (Ubuntu/Linaro 4.6.3-1ubuntu5) ) #116-Ubuntu SMP Mon Mar 23 17:28:52 UTC 2015 (Ubuntu 3.2.0-80.116-virtual 3.2.68)\n[    0.000000] Command line: root=/dev/vda console=tty0 console=ttyS0 no_timer_check\n[    0.000000] KERNEL supported cpus:\n[    0.000000]   Intel GenuineIntel\n[    0.000000]   AMD AuthenticAMD\n[    0.000000]   Centaur CentaurHauls\n[    0.000000] BIOS-provided physical RAM map:\n[    0.000000]  BIOS-e820: 0000000000000000 - 000000000009fc00 (usable)\n[    0.000000]  BIOS-e820: 000000000009fc00 - 00000000000a0000 (reserved)\n[    0.000000]  BIOS-e820: 00000000000f0000 - 0000000000100000 (reserved)\n[    0.000000]  BIOS-e820: 0000000000100000 - 0000000003ffe000 (usable)\n[    0.000000]  BIOS-e820: 0000000003ffe000 - 0000000004000000 (reserved)\n[    0.000000]  BIOS-e820: 00000000fffc0000 - 0000000100000000 (reserved)\n[    0.000000] NX (Execute Disable) protection: active\n[    0.000000] SMBIOS 2.4 present.\n[    0.000000] No AGP bridge found\n[    0.000000] last_pfn = 0x3ffe max_arch_pfn = 0x400000000\n[    0.000000] x86 PAT enabled: cpu 0, old 0x7040600070406, new 0x7010600070106\n[    0.000000] found SMP MP-table at [ffff8800000f0b00] f0b00\n[    0.000000] init_memory_mapping: 0000000000000000-0000000003ffe000\n[    0.000000] RAMDISK: 03c5e000 - 03ff0000\n[    0.000000] ACPI: RSDP 00000000000f0950 00014 (v00 BOCHS )\n[    0.000000] ACPI: RSDT 0000000003fffbc1 00034 (v01 BOCHS  BXPCRSDT 00000001 BXPC 00000001)\n[    0.000000] ACPI: FACP 0000000003fff1c0 00074 (v01 BOCHS  BXPCFACP 00000001 BXPC 00000001)\n[    0.000000] ACPI: DSDT 0000000003ffe040 01180 (v01 BOCHS  BXPCDSDT 00000001 BXPC 00000001)\n[    0.000000] ACPI: FACS 0000000003ffe000 00040\n[    0.000000] ACPI: SSDT 0000000003fff234 008DD (v01 BOCHS  BXPCSSDT 00000001 BXPC 00000001)\n[    0.000000] ACPI: APIC 0000000003fffb11 00078 (v01 BOCHS  BXPCAPIC 00000001 BXPC 00000001)\n[    0.000000] ACPI: HPET 0000000003fffb89 00038 (v01 BOCHS  BXPCHPET 00000001 BXPC 00000001)\n[    0.000000] No NUMA configuration found\n[    0.000000] Faking a node at 0000000000000000-0000000003ffe000\n[    0.000000] Initmem setup node 0 0000000000000000-0000000003ffe000\n[    0.000000]   NODE_DATA [0000000003ff6000 - 0000000003ffafff]\n[    0.000000] Zone PFN ranges:\n[    0.000000]   DMA      0x00000010 -&gt; 0x00001000\n[    0.000000]   DMA32    0x00001000 -&gt; 0x00100000\n[    0.000000]   Normal   empty\n[    0.000000] Movable zone start PFN for each node\n[    0.000000] early_node_map[2] active PFN ranges\n[    0.000000]     0: 0x00000010 -&gt; 0x0000009f\n[    0.000000]     0: 0x00000100 -&gt; 0x00003ffe\n[    0.000000] ACPI: PM-Timer IO Port: 0xb008\n[    0.000000] ACPI: LAPIC (acpi_id[0x00] lapic_id[0x00] enabled)\n[    0.000000] ACPI: LAPIC_NMI (acpi_id[0xff] dfl dfl lint[0x1])\n[    0.000000] ACPI: IOAPIC (id[0x00] address[0xfec00000] gsi_base[0])\n[    0.000000] IOAPIC[0]: apic_id 0, version 17, address 0xfec00000, GSI 0-23\n[    0.000000] ACPI: INT_SRC_OVR (bus 0 bus_irq 0 global_irq 2 dfl dfl)\n[    0.000000] ACPI: INT_SRC_OVR (bus 0 bus_irq 5 global_irq 5 high level)\n[    0.000000] ACPI: INT_SRC_OVR (bus 0 bus_irq 9 global_irq 9 high level)\n[    0.000000] ACPI: INT_SRC_OVR (bus 0 bus_irq 10 global_irq 10 high level)\n[    0.000000] ACPI: INT_SRC_OVR (bus 0 bus_irq 11 global_irq 11 high level)\n[    0.000000] Using ACPI (MADT) for SMP configuration information\n[    0.000000] ACPI: HPET id: 0x8086a201 base: 0xfed00000\n[    0.000000] SMP: Allowing 1 CPUs, 0 hotplug CPUs\n[    0.000000] PM: Registered nosave memory: 000000000009f000 - 00000000000a0000\n[    0.000000] PM: Registered nosave memory: 00000000000a0000 - 00000000000f0000\n[    0.000000] PM: Registered nosave memory: 00000000000f0000 - 0000000000100000\n[    0.000000] Allocating PCI resources starting at 4000000 (gap: 4000000:fbfc0000)\n[    0.000000] Booting paravirtualized kernel on bare hardware\n[    0.000000] setup_pe
2015-12-07 18:25:45,729 27551 DEBUG    [tempest.scenario.manager] Console output for b2fd8e6c-09b2-48a5-9cb9-0309e3a86a28
body=
[    0.000000] Initializing cgroup subsys cpuset
[    0.000000] Initializing cgroup subsys cpu
[    0.000000] Linux version 3.2.0-80-virtual (buildd@batsu) (gcc version 4.6.3 (Ubuntu/Linaro 4.6.3-1ubuntu5) ) #116-Ubuntu SMP Mon Mar 23 17:28:52 UTC 2015 (Ubuntu 3.2.0-80.116-virtual 3.2.68)
[    0.000000] Command line: root=/dev/vda console=tty0 console=ttyS0 no_timer_check
[    0.000000] KERNEL supported cpus:
[    0.000000]   Intel GenuineIntel
[    0.000000]   AMD AuthenticAMD
[    0.000000]   Centaur CentaurHauls
[    0.000000] BIOS-provided physical RAM map:
[    0.000000]  BIOS-e820: 0000000000000000 - 000000000009fc00 (usable)
[    0.000000]  BIOS-e820: 000000000009fc00 - 00000000000a0000 (reserved)
[    0.000000]  BIOS-e820: 00000000000f0000 - 0000000000100000 (reserved)
[    0.000000]  BIOS-e820: 0000000000100000 - 0000000003ffe000 (usable)
[    0.000000]  BIOS-e820: 0000000003ffe000 - 0000000004000000 (reserved)
[    0.000000]  BIOS-e820: 00000000fffc0000 - 0000000100000000 (reserved)
[    0.000000] NX (Execute Disable) protection: active
[    0.000000] SMBIOS 2.4 present.
[    0.000000] No AGP bridge found
[    0.000000] last_pfn = 0x3ffe max_arch_pfn = 0x400000000
[    0.000000] x86 PAT enabled: cpu 0, old 0x7040600070406, new 0x7010600070106
[    0.000000] found SMP MP-table at [ffff8800000f0b00] f0b00
[    0.000000] init_memory_mapping: 0000000000000000-0000000003ffe000
[    0.000000] RAMDISK: 03c5e000 - 03ff0000
[    0.000000] ACPI: RSDP 00000000000f0950 00014 (v00 BOCHS )
[    0.000000] ACPI: RSDT 0000000003fffbc1 00034 (v01 BOCHS  BXPCRSDT 00000001 BXPC 00000001)
[    0.000000] ACPI: FACP 0000000003fff1c0 00074 (v01 BOCHS  BXPCFACP 00000001 BXPC 00000001)
[    0.000000] ACPI: DSDT 0000000003ffe040 01180 (v01 BOCHS  BXPCDSDT 00000001 BXPC 00000001)
[    0.000000] ACPI: FACS 0000000003ffe000 00040
[    0.000000] ACPI: SSDT 0000000003fff234 008DD (v01 BOCHS  BXPCSSDT 00000001 BXPC 00000001)
[    0.000000] ACPI: APIC 0000000003fffb11 00078 (v01 BOCHS  BXPCAPIC 00000001 BXPC 00000001)
[    0.000000] ACPI: HPET 0000000003fffb89 00038 (v01 BOCHS  BXPCHPET 00000001 BXPC 00000001)
[    0.000000] No NUMA configuration found
[    0.000000] Faking a node at 0000000000000000-0000000003ffe000
[    0.000000] Initmem setup node 0 0000000000000000-0000000003ffe000
[    0.000000]   NODE_DATA [0000000003ff6000 - 0000000003ffafff]
[    0.000000] Zone PFN ranges:
[    0.000000]   DMA      0x00000010 -&gt; 0x00001000
[    0.000000]   DMA32    0x00001000 -&gt; 0x00100000
[    0.000000]   Normal   empty
[    0.000000] Movable zone start PFN for each node
[    0.000000] early_node_map[2] active PFN ranges
[    0.000000]     0: 0x00000010 -&gt; 0x0000009f
[    0.000000]     0: 0x00000100 -&gt; 0x00003ffe
[    0.000000] ACPI: PM-Timer IO Port: 0xb008
[    0.000000] ACPI: LAPIC (acpi_id[0x00] lapic_id[0x00] enabled)
[    0.000000] ACPI: LAPIC_NMI (acpi_id[0xff] dfl dfl lint[0x1])
[    0.000000] ACPI: IOAPIC (id[0x00] address[0xfec00000] gsi_base[0])
[    0.000000] IOAPIC[0]: apic_id 0, version 17, address 0xfec00000, GSI 0-23
[    0.000000] ACPI: INT_SRC_OVR (bus 0 bus_irq 0 global_irq 2 dfl dfl)
[    0.000000] ACPI: INT_SRC_OVR (bus 0 bus_irq 5 global_irq 5 high level)
[    0.000000] ACPI: INT_SRC_OVR (bus 0 bus_irq 9 global_irq 9 high level)
[    0.000000] ACPI: INT_SRC_OVR (bus 0 bus_irq 10 global_irq 10 high level)
[    0.000000] ACPI: INT_SRC_OVR (bus 0 bus_irq 11 global_irq 11 high level)
[    0.000000] Using ACPI (MADT) for SMP configuration information
[    0.000000] ACPI: HPET id: 0x8086a201 base: 0xfed00000
[    0.000000] SMP: Allowing 1 CPUs, 0 hotplug CPUs
[    0.000000] PM: Registered nosave memory: 000000000009f000 - 00000000000a0000
[    0.000000] PM: Registered nosave memory: 00000000000a0000 - 00000000000f0000
[    0.000000] PM: Registered nosave memory: 00000000000f0000 - 0000000000100000
[    0.000000] Allocating PCI resources starting at 4000000 (gap: 4000000:fbfc0000)
[    0.000000] Booting paravirtualized kernel on bare hardware
[    0.000000] setup_percpu: NR_CPUS:64 nr_cpumask_bits:64 nr_cpu_ids:1 nr_node_ids:1
[    0.000000] PERCPU: Embedded 27 pages/cpu @ffff880003a00000 s78848 r8192 d23552 u2097152
[    0.000000] Built 1 zonelists in Node order, mobility grouping on.  Total pages: 16008
[    0.000000] Policy zone: DMA32
[    0.000000] Kernel command line: root=/dev/vda console=tty0 console=ttyS0 no_timer_check
[    0.000000] PID hash table entries: 256 (order: -1, 2048 bytes)
[    0.000000] Checking aperture...
[    0.000000] No AGP bridge found
[    0.000000] Memory: 43492k/65528k available (6576k kernel code, 452k absent, 21584k reserved, 6620k data, 928k init)
[    0.000000] SLUB: Genslabs=15, HWalign=64, Order=0-3, MinObjects=0, CPUs=1, Nodes=1
[    0.000000] Hierarchical RCU implementation.
[    0.000000] 	RCU dyntick-idle grace-period acceleration is enabled.
[    0.000000] NR_IRQS:4352 nr_irqs:256 16
[    0.000000] Console: colour VGA+ 80x25
[    0.000000] console [tty0] enabled
[    0.000000] console [ttyS0] enabled
[    0.000000] allocated 1048576 bytes of page_cgroup
[    0.000000] please try 'cgroup_disable=memory' option if you don't want memory cgroups
[    0.000000] Fast TSC calibration failed
[    0.000000] TSC: Unable to calibrate against PIT
[    0.000000] TSC: using HPET reference calibration
[    0.000000] Detected 2292.556 MHz processor.
[    0.033514] Calibrating delay loop (skipped), value calculated using timer frequency.. 4585.11 BogoMIPS (lpj=9170224)
[    0.036901] pid_max: default: 32768 minimum: 301
[    0.046367] Security Framework initialized
[    0.051359] AppArmor: AppArmor initialized
[    0.052122] Yama: becoming mindful.
[    0.059510] Dentry cache hash table entries: 8192 (order: 4, 65536 bytes)
[    0.060653] Inode-cache hash table entries: 4096 (order: 3, 32768 bytes)
[    0.062252] Mount-cache hash table entries: 256
[    0.086316] Initializing cgroup subsys cpuacct
[    0.088761] Initializing cgroup subsys memory
[    0.090243] Initializing cgroup subsys devices
[    0.092206] Initializing cgroup subsys freezer
[    0.093023] Initializing cgroup subsys blkio
[    0.094044] Initializing cgroup subsys perf_event
[    0.098195] mce: CPU supports 10 MCE banks
[    0.102594] SMP alternatives: switching to UP code
[    0.478257] Freeing SMP alternatives: 24k freed
[    0.480483] ACPI: Core revision 20110623
[    0.536483] ftrace: allocating 26610 entries in 105 pages
[    0.570597] ..TIMER: vector=0x30 apic1=0 pin1=2 apic2=-1 pin2=-1
[    0.572163] CPU0: AMD QEMU Virtual CPU version 2.0.0 stepping 03
[    0.576035] Performance Events: Broken PMU hardware detected, using software events only.
[    0.588228] NMI watchdog disabled (cpu0): hardware events not enabled
[    0.589688] Brought up 1 CPUs
[    0.590062] Total of 1 processors activated (4585.11 BogoMIPS).
[    0.615407] devtmpfs: initialized
[    0.646519] EVM: security.selinux
[    0.646979] EVM: security.SMACK64
[    0.648084] EVM: security.capability
[    0.668562] print_constraints: dummy: 
[    0.670952] RTC time: 18:23:16, date: 12/07/15
[    0.673519] NET: Registered protocol family 16
[    0.683337] ACPI: bus type pci registered
[    0.689922] PCI: Using configuration type 1 for base access
[    0.721801] bio: create slab &lt;bio-0&gt; at 0
[    0.726430] ACPI: Added _OSI(Module Device)
[    0.728234] ACPI: Added _OSI(Processor Device)
[    0.729652] ACPI: Added _OSI(3.0 _SCP Extensions)
[    0.732143] ACPI: Added _OSI(Processor Aggregator Device)
[    0.811205] ACPI: Interpreter enabled
[    0.812184] ACPI: (supports S0 S3 S4 S5)
[    0.813852] ACPI: Using IOAPIC for interrupt routing
[    0.884804] ACPI: No dock devices found.
[    0.885415] HEST: Table not found.
[    0.886145] PCI: Using host bridge windows from ACPI; if necessary, use "pci=nocrs" and report a bug
[    0.891489] ACPI: PCI Root Bridge [PCI0] (domain 0000 [bus 00-ff])
[    0.897589] pci_root PNP0A03:00: host bridge window [io  0x0000-0x0cf7]
[    0.898462] pci_root PNP0A03:00: host bridge window [io  0x0d00-0xadff]
[    0.900109] pci_root PNP0A03:00: host bridge window [io  0xae0f-0xaeff]
[    0.900993] pci_root PNP0A03:00: host bridge window [io  0xaf20-0xafdf]
[    0.901792] pci_root PNP0A03:00: host bridge window [io  0xafe4-0xffff]
[    0.902636] pci_root PNP0A03:00: host bridge window [mem 0x000a0000-0x000bffff]
[    0.904107] pci_root PNP0A03:00: host bridge window [mem 0x04000000-0xfebfffff]
[    0.933840] pci 0000:00:01.3: quirk: [io  0xb000-0xb03f] claimed by PIIX4 ACPI
[    0.934788] pci 0000:00:01.3: quirk: [io  0xb100-0xb10f] claimed by PIIX4 SMB
[    1.010667]  pci0000:00: Unable to request _OSC control (_OSC support mask: 0x1e)
[    1.070637] ACPI: PCI Interrupt Link [LNKA] (IRQs 5 *10 11)
[    1.073854] ACPI: PCI Interrupt Link [LNKB] (IRQs 5 *10 11)
[    1.076328] ACPI: PCI Interrupt Link [LNKC] (IRQs 5 10 *11)
[    1.078222] ACPI: PCI Interrupt Link [LNKD] (IRQs 5 10 *11)
[    1.079449] ACPI: PCI Interrupt Link [LNKS] (IRQs *9)
[    1.086636] vgaarb: device added: PCI:0000:00:02.0,decodes=io+mem,owns=io+mem,locks=none
[    1.088204] vgaarb: loaded
[    1.089032] vgaarb: bridge control possible 0000:00:02.0
[    1.094527] i2c-core: driver [aat2870] using legacy suspend method
[    1.095212] i2c-core: driver [aat2870] using legacy resume method
[    1.098445] SCSI subsystem initialized
[    1.102965] usbcore: registered new interface driver usbfs
[    1.104643] usbcore: registered new interface driver hub
[    1.105944] usbcore: registered new device driver usb
[    1.110848] PCI: Using ACPI for IRQ routing
[    1.122447] NetLabel: Initializing
[    1.122865] NetLabel:  domain hash size = 128
[    1.123349] NetLabel:  protocols = UNLABELED CIPSOv4
[    1.125419] NetLabel:  unlabeled traffic allowed by default
[    1.128526] HPET: 3 timers in total, 0 timers will be used for per-cpu timer
[    1.129636] hpet0: at MMIO 0xfed00000, IRQs 2, 8, 0
[    1.130834] hpet0: 3 comparators, 64-bit 100.000000 MHz counter
[    1.144875] Switching to clocksource hpet
[    1.385064] AppArmor: AppArmor Filesystem Enabled
[    1.386365] pnp: PnP ACPI init
[    1.387275] ACPI: bus type pnp registered
[    1.410499] pnp: PnP ACPI: found 9 devices
[    1.411122] ACPI: ACPI bus type pnp unregistered
[    1.470887] NET: Registered protocol family 2
[    1.505254] IP route cache hash table entries: 512 (order: 0, 4096 bytes)
[    1.513664] TCP established hash table entries: 2048 (order: 3, 32768 bytes)
[    1.515008] TCP bind hash table entries: 2048 (order: 3, 32768 bytes)
[    1.516033] TCP: Hash tables configured (established 2048 bind 2048)
[    1.517539] TCP reno registered
[    1.518076] UDP hash table entries: 128 (order: 0, 4096 bytes)
[    1.518898] UDP-Lite hash table entries: 128 (order: 0, 4096 bytes)
[    1.522261] NET: Registered protocol family 1
[    1.522990] pci 0000:00:00.0: Limiting direct PCI/PCI transfers
[    1.523844] pci 0000:00:01.0: PIIX3: Enabling Passive Release
[    1.525416] pci 0000:00:01.0: Activating ISA DMA hang workarounds
[    1.529323] ACPI: PCI Interrupt Link [LNKD] enabled at IRQ 11
[    1.530977] pci 0000:00:01.2: PCI INT D -&gt; Link[LNKD] -&gt; GSI 11 (level, high) -&gt; IRQ 11
[    1.534177] pci 0000:00:01.2: PCI INT D disabled
[    1.557831] Trying to unpack rootfs image as initramfs...
[    1.577159] audit: initializing netlink socket (disabled)
[    1.578032] type=2000 audit(1449512596.576:1): initialized
[    1.853610] HugeTLB registered 2 MB page size, pre-allocated 0 pages
[    1.953043] VFS: Disk quotas dquot_6.5.2
[    1.953949] Dquot-cache hash table entries: 512 (order 0, 4096 bytes)
[    1.978047] fuse init (API version 7.17)
[    1.981741] msgmni has been set to 84
[    2.026509] Block layer SCSI generic (bsg) driver version 0.4 loaded (major 253)
[    2.028278] io scheduler noop registered
[    2.028537] io scheduler deadline registered (default)
[    2.028537] io scheduler cfq registered
[    2.034800] pci_hotplug: PCI Hot Plug PCI Core version: 0.5
[    2.037745] pciehp: PCI Express Hot Plug Controller Driver version: 0.4
[    2.044513] input: Power Button as /devices/LNXSYSTM:00/LNXPWRBN:00/input/input0
[    2.048948] ACPI: Power Button [PWRF]
[    2.107230] ERST: Table is not found!
[    2.108374] GHES: HEST is not enabled!
[    2.122819] ACPI: PCI Interrupt Link [LNKC] enabled at IRQ 10
[    2.123592] virtio-pci 0000:00:03.0: PCI INT A -&gt; Link[LNKC] -&gt; GSI 10 (level, high) -&gt; IRQ 10
[    2.129656] virtio-pci 0000:00:04.0: PCI INT A -&gt; Link[LNKD] -&gt; GSI 11 (level, high) -&gt; IRQ 11
[    2.149349] ACPI: PCI Interrupt Link [LNKA] enabled at IRQ 10
[    2.150034] virtio-pci 0000:00:05.0: PCI INT A -&gt; Link[LNKA] -&gt; GSI 10 (level, high) -&gt; IRQ 10
[    2.165636] Serial: 8250/16550 driver, 32 ports, IRQ sharing enabled
[    2.196794] serial8250: ttyS0 at I/O 0x3f8 (irq = 4) is a 16550A
[    2.270053] serial8250: ttyS1 at I/O 0x2f8 (irq = 3) is a 16550A
[    2.397958] 00:05: ttyS0 at I/O 0x3f8 (irq = 4) is a 16550A
[    2.474162] 00:06: ttyS1 at I/O 0x2f8 (irq = 3) is a 16550A
[    2.525709] Linux agpgart interface v0.103
[    2.541970] Refined TSC clocksource calibration: 2292.567 MHz.
[    2.542746] Switching to clocksource tsc
[    2.609636] brd: module loaded
[    2.633483] loop: module loaded
[    2.689629]  vda: unknown partition table
[    2.745915] scsi0 : ata_piix
[    2.750051] scsi1 : ata_piix
[    2.751270] ata1: PATA max MWDMA2 cmd 0x1f0 ctl 0x3f6 bmdma 0xc0a0 irq 14
[    2.753081] ata2: PATA max MWDMA2 cmd 0x170 ctl 0x376 bmdma 0xc0a8 irq 15
[    2.763331] Fixed MDIO Bus: probed
[    2.764146] tun: Universal TUN/TAP device driver, 1.6
[    2.765075] tun: (C) 1999-2004 Max Krasnyansky &lt;maxk@qualcomm.com&gt;
[    2.782990] PPP generic driver version 2.4.2
[    2.803544] ehci_hcd: USB 2.0 'Enhanced' Host Controller (EHCI) Driver
[    2.805274] ohci_hcd: USB 1.1 'Open' Host Controller (OHCI) Driver
[    2.806234] uhci_hcd: USB Universal Host Controller Interface driver
[    2.807273] uhci_hcd 0000:00:01.2: PCI INT D -&gt; Link[LNKD] -&gt; GSI 11 (level, high) -&gt; IRQ 11
[    2.810570] uhci_hcd 0000:00:01.2: UHCI Host Controller
[    2.825427] uhci_hcd 0000:00:01.2: new USB bus registered, assigned bus number 1
[    2.827342] uhci_hcd 0000:00:01.2: irq 11, io base 0x0000c040
[    2.851778] hub 1-0:1.0: USB hub found
[    2.853418] hub 1-0:1.0: 2 ports detected
[    2.860395] usbcore: registered new interface driver libusual
[    2.864485] i8042: PNP: PS/2 Controller [PNP0303:KBD,PNP0f13:MOU] at 0x60,0x64 irq 1,12
[    2.871473] serio: i8042 KBD port at 0x60,0x64 irq 1
[    2.873609] serio: i8042 AUX port at 0x60,0x64 irq 12
[    2.913248] mousedev: PS/2 mouse device common for all mice
[    2.928847] input: AT Translated Set 2 keyboard as /devices/platform/i8042/serio0/input/input1
[    2.934232] rtc_cmos 00:01: RTC can wake from S4
[    2.947358] rtc_cmos 00:01: rtc core: registered rtc_cmos as rtc0
[    2.950732] rtc0: alarms up to one day, 114 bytes nvram, hpet irqs
[    2.954281] device-mapper: uevent: version 1.0.3
[    2.974742] device-mapper: ioctl: 4.22.0-ioctl (2011-10-19) initialised: dm-devel@redhat.com
[    2.977377] cpuidle: using governor ladder
[    2.978635] cpuidle: using governor menu
[    2.979422] EFI Variables Facility v0.08 2004-May-17
[    2.996111] TCP cubic registered
[    3.005270] NET: Registered protocol family 10
[    3.031029] NET: Registered protocol family 17
[    3.032579] Registering the dns_resolver key type
[    3.057296] ata2.01: ATAPI: QEMU DVD-ROM, 2.0.0, max UDMA/100
[    3.071395] ata2.01: configured for MWDMA2
[    3.115610] scsi 1:0:1:0: CD-ROM            QEMU     QEMU DVD-ROM     2.0. PQ: 0 ANSI: 5
[    3.153288] sr0: scsi3-mmc drive: 4x/4x cd/rw xa/form2 tray
[    3.155500] cdrom: Uniform CD-ROM driver Revision: 3.20
[    3.180838] sr 1:0:1:0: Attached scsi generic sg0 type 5
[    3.208005] registered taskstats version 1
[    3.321683] Freeing initrd memory: 3656k freed
[    3.817379]   Magic number: 11:295:392
[    3.826236] rtc_cmos 00:01: setting system clock to 2015-12-07 18:23:19 UTC (1449512599)
[    3.828348] powernow-k8: Processor cpuid 663 not supported
[    3.833224] BIOS EDD facility v0.16 2004-Jun-25, 0 devices found
[    3.835392] EDD information not available.
[    3.897105] Freeing unused kernel memory: 928k freed
[    3.900116] Write protecting the kernel read-only data: 12288k
[    3.977461] Freeing unused kernel memory: 1596k freed
[    4.045781] Freeing unused kernel memory: 1184k freed

info: initramfs: up at 4.24
modprobe: module virtio_blk not found in modules.dep
modprobe: module virtio_net not found in modules.dep
info: copying initramfs to /dev/vda
info: initramfs loading root from /dev/vda
info: /etc/init.d/rc.sysinit: up at 8.77
info: container: none
Starting logging: OK
modprobe: module virtio_blk not found in modules.dep
modprobe: module virtio_net not found in modules.dep
WARN: /etc/rc3.d/S10-load-modules failed
Initializing random number generator... done.
Starting acpid: OK
cirros-ds 'local' up at 11.20
found datasource (configdrive, local)
Starting network...
udhcpc (v1.20.1) started
Sending discover...
Sending select for 10.100.0.3...
Lease of 10.100.0.3 obtained, lease time 86400
route: SIOCADDRT: File exists
WARN: failed: route add -net "0.0.0.0/0" gw "10.100.0.1"
Starting dropbear sshd: generating rsa key... generating dsa key... OK
no userdata for datasource
=== system information ===
Platform: OpenStack Foundation OpenStack Nova
Container: none
Arch: x86_64
CPU(s): 1 @ 2292.556 MHz
Cores/Sockets/Threads: 1/1/1
Virt-type: AMD-V
RAM Size: 49MB
Disks:
NAME MAJ:MIN     SIZE LABEL         MOUNTPOINT
vda  253:0   25165824 cirros-rootfs /
sr0   11:0     428032 config-2      
=== sshd host keys ===
-----BEGIN SSH HOST KEY KEYS-----
ssh-rsa AAAAB3NzaC1yc2EAAAADAQABAAAAgl49OTaQXUKXn0ZGru5pl1Phja0UtMOX8qh/9fves17vPmbmsjEmnV3FKkbRLanaI7uVy5+wHEdkMuupgCWm6woLtfxPA5sKnvkkh73+vVcILAj7+C+G9a7euosDrymmaB7QA3RvgsWAOFKr5xC/JEIHqvFGANzhN0o1pjMja0MJJcU= root@tempest
ssh-dss AAAAB3NzaC1kc3MAAACBAKvZ6NLZNdxwfZSV7LdSJNbym9DwqIw/BPNHywh5QIu7uRpvv+CGirvykCuozasFT1n0XmGriBq1ERf4bZgZeMgeRHWe6y5UbIWH9pLNXEkHCts0sqRpc5a+4qlQaP3z7bA/DXh2IuNhNU4QUSLKxwl09kViyk+ZuwUHK812nMmbAAAAFQDnvfO1xByhjGFW4ByeQ9rjb2APgwAAAIBAl5rvwlymn/RImIE6OK8bphBlT6WCE2F+dKgZJ3WI+6ZVTuvLDy8YyKcAt+RIcSCc9GbGkYPk7+OGzT1jc57mL3xuEnsFf8QRepHVAtDapFm+Fe4AoX2RoqBMNYkAFt/rfRfK4JGcpEwlRgDa9kUikQiBLLqFvX0MoLKNZj4tigAAAIAyq3KCCux0dJbHa9soKmC4Q4TAHzCD0NJj/WglYdluI6WL1MGm3f7H5I2Tj/SWw29tvxi8HH3Q0AWGfdYAs0AfaGnWsjqIBZrNMaqmvzKvIV4tSZrtqVMhafy9rFObhqsDy7ygGyj2L8F9OnnWrnggBG76OX+zSkvCJirCheoveA== root@tempest
-----END SSH HOST KEY KEYS-----
=== network info ===
if-info: lo,up,127.0.0.1,8,::1
if-info: eth0,up,10.100.0.3,28,fe80::f816:3eff:fe4f:ce1d
ip-route:default via 10.100.0.1 dev eth0 
ip-route:10.100.0.0/28 dev eth0  src 10.100.0.3 
ip-route:169.254.169.254 via 10.100.0.1 dev eth0 
=== datasource: configdrive local ===
instance-id: b2fd8e6c-09b2-48a5-9cb9-0309e3a86a28
name: tempest.common.compute-instance-281556384
availability-zone: nova
local-hostname: tempest.common.compute-instance-281556384.novalocal
launch-index: 0
=== cirros: current=0.3.4 uptime=27.85 ===
  ____               ____  ____
 / __/ __ ____ ____ / __ \/ __/
/ /__ / // __// __// /_/ /\ \ 
\___//_//_/  /_/   \____/___/ 
   http://cirros-cloud.net


login as 'cirros' user. default password: 'cubswin:)'. use 'sudo' for root.
tempest login: 
2015-12-07 18:25:45,938 27551 INFO     [tempest_lib.common.rest_client] Request (TestNetworkBasicOps:_run_cleanups): 204 DELETE http://10.0.2.15:9696/v2.0/floatingips/b94992a7-1f30-4088-9aec-9bbade6253e6 0.203s
2015-12-07 18:25:45,938 27551 DEBUG    [tempest_lib.common.rest_client] Request - Headers: {'Content-Type': 'application/json', 'Accept': 'application/json', 'X-Auth-Token': '&lt;omitted&gt;'}
        Body: None
    Response - Headers: {'date': 'Mon, 07 Dec 2015 18:25:45 GMT', 'status': '204', 'connection': 'close', 'content-length': '0', 'x-openstack-request-id': 'req-74de1356-5a64-4e2d-a7ee-eb283adab0f5'}
        Body: 
2015-12-07 18:25:46,305 27551 INFO     [tempest_lib.common.rest_client] Request (TestNetworkBasicOps:_run_cleanups): 204 DELETE http://10.0.2.15:8774/v2.1/9b2e51362d224f4bb0db24400277be92/servers/b2fd8e6c-09b2-48a5-9cb9-0309e3a86a28 0.365s
2015-12-07 18:25:46,305 27551 DEBUG    [tempest_lib.common.rest_client] Request - Headers: {'Content-Type': 'application/json', 'Accept': 'application/json', 'X-Auth-Token': '&lt;omitted&gt;'}
        Body: None
    Response - Headers: {'status': '204', 'content-length': '0', 'x-compute-request-id': 'req-01c96050-9110-459b-ac27-03799af21517', 'vary': 'X-OpenStack-Nova-API-Version', 'connection': 'close', 'x-openstack-nova-api-version': '2.1', 'date': 'Mon, 07 Dec 2015 18:25:46 GMT', 'content-type': 'application/json'}
        Body: 
2015-12-07 18:25:46,512 27551 INFO     [tempest_lib.common.rest_client] Request (TestNetworkBasicOps:_run_cleanups): 200 GET http://10.0.2.15:8774/v2.1/9b2e51362d224f4bb0db24400277be92/servers/b2fd8e6c-09b2-48a5-9cb9-0309e3a86a28 0.206s
2015-12-07 18:25:46,513 27551 DEBUG    [tempest_lib.common.rest_client] Request - Headers: {'Content-Type': 'application/json', 'Accept': 'application/json', 'X-Auth-Token': '&lt;omitted&gt;'}
        Body: None
    Response - Headers: {'status': '200', 'content-length': '1776', 'content-location': 'http://10.0.2.15:8774/v2.1/9b2e51362d224f4bb0db24400277be92/servers/b2fd8e6c-09b2-48a5-9cb9-0309e3a86a28', 'x-compute-request-id': 'req-0a006c49-53da-4f8d-99aa-52adb8156964', 'vary': 'X-OpenStack-Nova-API-Version', 'connection': 'close', 'x-openstack-nova-api-version': '2.1', 'date': 'Mon, 07 Dec 2015 18:25:46 GMT', 'content-type': 'application/json'}
        Body: {"server": {"status": "ACTIVE", "updated": "2015-12-07T18:25:46Z", "hostId": "c3af8c89f9e0426a164dbde04475ad753c849b456fdecc0cb4475da4", "addresses": {"tempest-network-smoke--870867799": [{"OS-EXT-IPS-MAC:mac_addr": "fa:16:3e:4f:ce:1d", "version": 4, "addr": "10.100.0.3", "OS-EXT-IPS:type": "fixed"}, {"OS-EXT-IPS-MAC:mac_addr": "fa:16:3e:4f:ce:1d", "version": 4, "addr": "172.24.4.18", "OS-EXT-IPS:type": "floating"}]}, "links": [{"href": "http://10.0.2.15:8774/v2.1/9b2e51362d224f4bb0db24400277be92/servers/b2fd8e6c-09b2-48a5-9cb9-0309e3a86a28", "rel": "self"}, {"href": "http://10.0.2.15:8774/9b2e51362d224f4bb0db24400277be92/servers/b2fd8e6c-09b2-48a5-9cb9-0309e3a86a28", "rel": "bookmark"}], "key_name": "tempest-TestNetworkBasicOps-1345285976", "image": {"id": "e2d579c8-f6b5-49ac-93b6-c5b576aa1016", "links": [{"href": "http://10.0.2.15:8774/9b2e51362d224f4bb0db24400277be92/images/e2d579c8-f6b5-49ac-93b6-c5b576aa1016", "rel": "bookmark"}]}, "OS-EXT-STS:task_state": "deleting", "OS-EXT-STS:vm_state": "active", "OS-SRV-USG:launched_at": "2015-12-07T18:23:12.000000", "flavor": {"id": "42", "links": [{"href": "http://10.0.2.15:8774/9b2e51362d224f4bb0db24400277be92/flavors/42", "rel": "bookmark"}]}, "id": "b2fd8e6c-09b2-48a5-9cb9-0309e3a86a28", "security_groups": [{"name": "tempest-secgroup-smoke-1546618924"}], "OS-SRV-USG:terminated_at": null, "OS-EXT-AZ:availability_zone": "nova", "user_id": "8d52eef805c14b6f89922015bbe60c36", "name": "tempest.common.compute-instance-281556384", "created": "2015-12-07T18:23:10Z", "tenant_id": "9b2e51362d224f4bb0db24400277be92", "OS-DCF:diskConfig": "MANUAL", "os-extended-volumes:volumes_attached": [], "accessIPv4": "", "accessIPv6": "", "progress": 0, "OS-EXT-STS:power_state": 1, "config_drive": "True", "metadata": {}}}
