<?xml version="1.0" encoding="UTF-8"?>
<!DOCTYPE html PUBLIC "-//W3C//DTD XHTML 1.0 Strict//EN"
     "http://www.w3.org/TR/xhtml1/DTD/xhtml1-strict.dtd">
<html xmlns="http://www.w3.org/1999/xhtml">
<head>
    <title>Unit Test Report</title>
    <meta name="generator" content="subunit2html 0.1"/>
    <meta http-equiv="Content-Type" content="text/html; charset=UTF-8"/>
    
<style type="text/css" media="screen">
body        { font-family: verdana, arial, helvetica, sans-serif;
    font-size: 80%; }
table       { font-size: 100%; width: 100%;}
pre         { font-size: 80%; }

/* -- heading -------------------------------------------------------------- */
h1 {
        font-size: 16pt;
        color: gray;
}
.heading {
    margin-top: 0ex;
    margin-bottom: 1ex;
}

.heading .attribute {
    margin-top: 1ex;
    margin-bottom: 0;
}

.heading .description {
    margin-top: 4ex;
    margin-bottom: 6ex;
}

/* -- css div popup -------------------------------------------------------- */
a.popup_link {
}

a.popup_link:hover {
    color: red;
}

.popup_window {
    display: none;
    overflow-x: scroll;
    /*border: solid #627173 1px; */
    padding: 10px;
    background-color: #E6E6D6;
    font-family: "Ubuntu Mono", "Lucida Console", "Courier New", monospace;
    text-align: left;
    font-size: 8pt;
}

}
/* -- report --------------------------------------------------------------- */
#show_detail_line {
    margin-top: 3ex;
    margin-bottom: 1ex;
}
#result_table {
    width: 100%;
    border-collapse: collapse;
    border: 1px solid #777;
}
#header_row {
    font-weight: bold;
    color: white;
    background-color: #777;
}
#result_table td {
    border: 1px solid #777;
    padding: 2px;
}
#total_row  { font-weight: bold; }
.passClass  { background-color: #6c6; }
.failClass  { background-color: #c60; }
.errorClass { background-color: #c00; }
.passCase   { color: #6c6; }
.failCase   { color: #c60; font-weight: bold; }
.errorCase  { color: #c00; font-weight: bold; }
.hiddenRow  { display: none; }
.testcase   { margin-left: 2em; }
td.testname {width: 40%}
td.small {width: 40px}

/* -- ending --------------------------------------------------------------- */
#ending {
}

</style>

</head>
<body>
<script language="javascript" type="text/javascript"><!--
output_list = Array();

/* level - 0:Summary; 1:Failed; 2:All */
function showCase(level) {
    trs = document.getElementsByTagName("tr");
    for (var i = 0; i < trs.length; i++) {
        tr = trs[i];
        id = tr.id;
        if (id.substr(0,2) == 'ft') {
            if (level < 1) {
                tr.className = 'hiddenRow';
            }
            else {
                tr.className = '';
            }
        }
        if (id.substr(0,2) == 'pt') {
            if (level > 1) {
                tr.className = '';
            }
            else {
                tr.className = 'hiddenRow';
            }
        }
    }
}


function showClassDetail(cid, count) {
    var id_list = Array(count);
    var toHide = 1;
    for (var i = 0; i < count; i++) {
        tid0 = 't' + cid.substr(1) + '.' + (i+1);
        tid = 'f' + tid0;
        tr = document.getElementById(tid);
        if (!tr) {
            tid = 'p' + tid0;
            tr = document.getElementById(tid);
        }
        id_list[i] = tid;
        if (tr.className) {
            toHide = 0;
        }
    }
    for (var i = 0; i < count; i++) {
        tid = id_list[i];
        if (toHide) {
            document.getElementById('div_'+tid).style.display = 'none'
            document.getElementById(tid).className = 'hiddenRow';
        }
        else {
            document.getElementById(tid).className = '';
        }
    }
}


function showTestDetail(div_id){
    var details_div = document.getElementById(div_id)
    var displayState = details_div.style.display
    // alert(displayState)
    if (displayState != 'block' ) {
        displayState = 'block'
        details_div.style.display = 'block'
    }
    else {
        details_div.style.display = 'none'
    }
}


function html_escape(s) {
    s = s.replace(/&/g,'&amp;');
    s = s.replace(/</g,'&lt;');
    s = s.replace(/>/g,'&gt;');
    return s;
}

/* obsoleted by detail in <div>
function showOutput(id, name) {
    var w = window.open("", //url
                    name,
                    "resizable,scrollbars,status,width=800,height=450");
    d = w.document;
    d.write("<pre>");
    d.write(html_escape(output_list[id]));
    d.write("\n");
    d.write("<a href='javascript:window.close()'>close</a>\n");
    d.write("</pre>\n");
    d.close();
}
*/
--></script>

<div class='heading'>
<h1>Unit Test Report</h1>

<p class='attribute'><strong>Status:</strong> Pass 1 Failure 8</p>

<p class='description'></p>
</div>



<p id='show_detail_line'>Show
<a href='javascript:showCase(0)'>Summary</a>
<a href='javascript:showCase(1)'>Failed</a>
<a href='javascript:showCase(2)'>All</a>
</p>
<table id='result_table'>
<colgroup>
<col align='left' />
<col align='right' />
<col align='right' />
<col align='right' />
<col align='right' />
<col align='right' />
<col align='right' />
<col align='right' />
</colgroup>
<tr id='header_row'>
    <td>Test Group/Test case</td>
    <td>Count</td>
    <td>Pass</td>
    <td>Fail</td>
    <td>Error</td>
    <td>Skip</td>
    <td>View</td>
    <td> </td>
</tr>

<tr class='failClass'>
    <td class="testname">tempest.scenario.test_network_basic_ops.TestNetworkBasicOps</td>
    <td class="small">9</td>
    <td class="small">1</td>
    <td class="small">8</td>
    <td class="small">0</td>
    <td class="small">0</td>
    <td class="small"><a href="javascript:showClassDetail('c1',9)"
>Detail</a></td>
    <td> </td>
</tr>

<tr id='ft1.1' class='none'>
    <td class='failCase'><div class='testcase'>test_connectivity_between_vms_on_different_networks[compute,id-1546850e-fbaa-42f5-8b5f-03d8a6a95f15,network]</div></td>
    <td colspan='7' align='left'>

    <!--css div popup start-->
    <a class="popup_link" onfocus='this.blur();'
    href="javascript:showTestDetail('div_ft1.1')" >
        fail</a>

    <div id='div_ft1.1' class="popup_window">
        <div style='text-align: right; color:red;cursor:pointer'>
        <a onfocus='this.blur();'
onclick="document.getElementById('div_ft1.1').style.display = 'none' " >
           [x]</a>
        </div>
        <pre>
        
ft1.1: tempest.scenario.test_network_basic_ops.TestNetworkBasicOps.test_connectivity_between_vms_on_different_networks[compute,id-1546850e-fbaa-42f5-8b5f-03d8a6a95f15,network]_StringException: Empty attachments:
  stderr
  stdout

pythonlogging:'': {{{
2015-12-17 08:21:54,239 20952 INFO     [tempest_lib.common.rest_client] Request (TestNetworkBasicOps:test_connectivity_between_vms_on_different_networks): 201 POST http://10.0.2.15:9696/v2.0/security-groups 0.335s
2015-12-17 08:21:54,240 20952 DEBUG    [tempest_lib.common.rest_client] Request - Headers: {'Content-Type': 'application/json', 'Accept': 'application/json', 'X-Auth-Token': '&lt;omitted&gt;'}
        Body: {"security_group": {"tenant_id": "2b343811baea48d1aea37965d6f29a6b", "description": "tempest-secgroup-smoke-1796327140 description", "name": "tempest-secgroup-smoke-1796327140"}}
    Response - Headers: {'status': '201', 'content-length': '888', 'connection': 'close', 'date': 'Thu, 17 Dec 2015 08:21:54 GMT', 'content-type': 'application/json; charset=UTF-8', 'x-openstack-request-id': 'req-96f61b49-0406-4df2-80c9-852e1735c061'}
        Body: {"security_group": {"tenant_id": "2b343811baea48d1aea37965d6f29a6b", "description": "tempest-secgroup-smoke-1796327140 description", "id": "ecd6db70-a363-4915-8392-6dca880950a9", "security_group_rules": [{"remote_group_id": null, "direction": "egress", "remote_ip_prefix": null, "protocol": null, "ethertype": "IPv4", "tenant_id": "2b343811baea48d1aea37965d6f29a6b", "port_range_max": null, "port_range_min": null, "id": "228def67-ec69-42fd-98c1-02ed16e3ccdf", "security_group_id": "ecd6db70-a363-4915-8392-6dca880950a9"}, {"remote_group_id": null, "direction": "egress", "remote_ip_prefix": null, "protocol": null, "ethertype": "IPv6", "tenant_id": "2b343811baea48d1aea37965d6f29a6b", "port_range_max": null, "port_range_min": null, "id": "e81388ed-6f19-4adc-b6c5-283b0fc74c8a", "security_group_id": "ecd6db70-a363-4915-8392-6dca880950a9"}], "name": "tempest-secgroup-smoke-1796327140"}}
2015-12-17 08:21:54,351 20952 INFO     [tempest_lib.common.rest_client] Request (TestNetworkBasicOps:test_connectivity_between_vms_on_different_networks): 201 POST http://10.0.2.15:9696/v2.0/security-group-rules 0.109s
2015-12-17 08:21:54,352 20952 DEBUG    [tempest_lib.common.rest_client] Request - Headers: {'Content-Type': 'application/json', 'Accept': 'application/json', 'X-Auth-Token': '&lt;omitted&gt;'}
        Body: {"security_group_rule": {"direction": "ingress", "protocol": "tcp", "tenant_id": "2b343811baea48d1aea37965d6f29a6b", "port_range_max": 22, "security_group_id": "ecd6db70-a363-4915-8392-6dca880950a9", "port_range_min": 22}}
    Response - Headers: {'status': '201', 'content-length': '340', 'connection': 'close', 'date': 'Thu, 17 Dec 2015 08:21:54 GMT', 'content-type': 'application/json; charset=UTF-8', 'x-openstack-request-id': 'req-9b171635-f596-4999-aa55-8aaabd0c0d66'}
        Body: {"security_group_rule": {"remote_group_id": null, "direction": "ingress", "remote_ip_prefix": null, "protocol": "tcp", "ethertype": "IPv4", "tenant_id": "2b343811baea48d1aea37965d6f29a6b", "port_range_max": 22, "port_range_min": 22, "id": "49cc01e2-c132-41a6-95f1-5ce8c77fa1d0", "security_group_id": "ecd6db70-a363-4915-8392-6dca880950a9"}}
2015-12-17 08:21:54,483 20952 INFO     [tempest_lib.common.rest_client] Request (TestNetworkBasicOps:test_connectivity_between_vms_on_different_networks): 201 POST http://10.0.2.15:9696/v2.0/security-group-rules 0.130s
2015-12-17 08:21:54,483 20952 DEBUG    [tempest_lib.common.rest_client] Request - Headers: {'Content-Type': 'application/json', 'Accept': 'application/json', 'X-Auth-Token': '&lt;omitted&gt;'}
        Body: {"security_group_rule": {"direction": "egress", "protocol": "tcp", "tenant_id": "2b343811baea48d1aea37965d6f29a6b", "port_range_max": 22, "security_group_id": "ecd6db70-a363-4915-8392-6dca880950a9", "port_range_min": 22}}
    Response - Headers: {'status': '201', 'content-length': '339', 'connection': 'close', 'date': 'Thu, 17 Dec 2015 08:21:54 GMT', 'content-type': 'application/json; charset=UTF-8', 'x-openstack-request-id': 'req-16a87edb-fe4a-481f-81ae-877708cb78a6'}
        Body: {"security_group_rule": {"remote_group_id": null, "direction": "egress", "remote_ip_prefix": null, "protocol": "tcp", "ethertype": "IPv4", "tenant_id": "2b343811baea48d1aea37965d6f29a6b", "port_range_max": 22, "port_range_min": 22, "id": "276bcafc-78fb-42d3-9881-f6b58e597cd1", "security_group_id": "ecd6db70-a363-4915-8392-6dca880950a9"}}
2015-12-17 08:21:54,588 20952 INFO     [tempest_lib.common.rest_client] Request (TestNetworkBasicOps:test_connectivity_between_vms_on_different_networks): 201 POST http://10.0.2.15:9696/v2.0/security-group-rules 0.103s
2015-12-17 08:21:54,588 20952 DEBUG    [tempest_lib.common.rest_client] Request - Headers: {'Content-Type': 'application/json', 'Accept': 'application/json', 'X-Auth-Token': '&lt;omitted&gt;'}
        Body: {"security_group_rule": {"tenant_id": "2b343811baea48d1aea37965d6f29a6b", "direction": "ingress", "protocol": "icmp", "security_group_id": "ecd6db70-a363-4915-8392-6dca880950a9"}}
    Response - Headers: {'status': '201', 'content-length': '345', 'connection': 'close', 'date': 'Thu, 17 Dec 2015 08:21:54 GMT', 'content-type': 'application/json; charset=UTF-8', 'x-openstack-request-id': 'req-fbaa2b19-e2fe-4b36-b138-089fa8c93710'}
        Body: {"security_group_rule": {"remote_group_id": null, "direction": "ingress", "remote_ip_prefix": null, "protocol": "icmp", "ethertype": "IPv4", "tenant_id": "2b343811baea48d1aea37965d6f29a6b", "port_range_max": null, "port_range_min": null, "id": "80b67bd7-ca61-448e-bf54-f4e45dd0e532", "security_group_id": "ecd6db70-a363-4915-8392-6dca880950a9"}}
2015-12-17 08:21:54,836 20952 INFO     [tempest_lib.common.rest_client] Request (TestNetworkBasicOps:test_connectivity_between_vms_on_different_networks): 201 POST http://10.0.2.15:9696/v2.0/security-group-rules 0.245s
2015-12-17 08:21:54,836 20952 DEBUG    [tempest_lib.common.rest_client] Request - Headers: {'Content-Type': 'application/json', 'Accept': 'application/json', 'X-Auth-Token': '&lt;omitted&gt;'}
        Body: {"security_group_rule": {"tenant_id": "2b343811baea48d1aea37965d6f29a6b", "direction": "egress", "protocol": "icmp", "security_group_id": "ecd6db70-a363-4915-8392-6dca880950a9"}}
    Response - Headers: {'status': '201', 'content-length': '344', 'connection': 'close', 'date': 'Thu, 17 Dec 2015 08:21:54 GMT', 'content-type': 'application/json; charset=UTF-8', 'x-openstack-request-id': 'req-49e902f2-b5b6-45f6-9114-9d5acce84c55'}
        Body: {"security_group_rule": {"remote_group_id": null, "direction": "egress", "remote_ip_prefix": null, "protocol": "icmp", "ethertype": "IPv4", "tenant_id": "2b343811baea48d1aea37965d6f29a6b", "port_range_max": null, "port_range_min": null, "id": "22782ffe-7cda-40f5-85b3-6e6253acc663", "security_group_id": "ecd6db70-a363-4915-8392-6dca880950a9"}}
2015-12-17 08:21:54,952 20952 INFO     [tempest_lib.common.rest_client] Request (TestNetworkBasicOps:test_connectivity_between_vms_on_different_networks): 201 POST http://10.0.2.15:9696/v2.0/security-group-rules 0.114s
2015-12-17 08:21:54,952 20952 DEBUG    [tempest_lib.common.rest_client] Request - Headers: {'Content-Type': 'application/json', 'Accept': 'application/json', 'X-Auth-Token': '&lt;omitted&gt;'}
        Body: {"security_group_rule": {"tenant_id": "2b343811baea48d1aea37965d6f29a6b", "direction": "ingress", "security_group_id": "ecd6db70-a363-4915-8392-6dca880950a9", "protocol": "icmp", "ethertype": "IPv6"}}
    Response - Headers: {'status': '201', 'content-length': '345', 'connection': 'close', 'date': 'Thu, 17 Dec 2015 08:21:54 GMT', 'content-type': 'application/json; charset=UTF-8', 'x-openstack-request-id': 'req-5d3d4558-bb11-4759-a29c-231f5af4b6b4'}
        Body: {"security_group_rule": {"remote_group_id": null, "direction": "ingress", "remote_ip_prefix": null, "protocol": "icmp", "ethertype": "IPv6", "tenant_id": "2b343811baea48d1aea37965d6f29a6b", "port_range_max": null, "port_range_min": null, "id": "5be3db18-46c5-4b05-a633-84be65d5e579", "security_group_id": "ecd6db70-a363-4915-8392-6dca880950a9"}}
2015-12-17 08:21:55,067 20952 INFO     [tempest_lib.common.rest_client] Request (TestNetworkBasicOps:test_connectivity_between_vms_on_different_networks): 201 POST http://10.0.2.15:9696/v2.0/security-group-rules 0.113s
2015-12-17 08:21:55,067 20952 DEBUG    [tempest_lib.common.rest_client] Request - Headers: {'Content-Type': 'application/json', 'Accept': 'application/json', 'X-Auth-Token': '&lt;omitted&gt;'}
        Body: {"security_group_rule": {"tenant_id": "2b343811baea48d1aea37965d6f29a6b", "direction": "egress", "security_group_id": "ecd6db70-a363-4915-8392-6dca880950a9", "protocol": "icmp", "ethertype": "IPv6"}}
    Response - Headers: {'status': '201', 'content-length': '344', 'connection': 'close', 'date': 'Thu, 17 Dec 2015 08:21:55 GMT', 'content-type': 'application/json; charset=UTF-8', 'x-openstack-request-id': 'req-3707142a-1e52-4197-8911-3a97586266aa'}
        Body: {"security_group_rule": {"remote_group_id": null, "direction": "egress", "remote_ip_prefix": null, "protocol": "icmp", "ethertype": "IPv6", "tenant_id": "2b343811baea48d1aea37965d6f29a6b", "port_range_max": null, "port_range_min": null, "id": "df74127b-5674-472a-a51f-360b70abfc34", "security_group_id": "ecd6db70-a363-4915-8392-6dca880950a9"}}
2015-12-17 08:21:55,195 20952 INFO     [tempest_lib.common.rest_client] Request (TestNetworkBasicOps:test_connectivity_between_vms_on_different_networks): 201 POST http://10.0.2.15:9696/v2.0/networks 0.126s
2015-12-17 08:21:55,195 20952 DEBUG    [tempest_lib.common.rest_client] Request - Headers: {'Content-Type': 'application/json', 'Accept': 'application/json', 'X-Auth-Token': '&lt;omitted&gt;'}
        Body: {"network": {"tenant_id": "2b343811baea48d1aea37965d6f29a6b", "name": "tempest-network-smoke--1930930441"}}
    Response - Headers: {'status': '201', 'content-length': '296', 'connection': 'close', 'date': 'Thu, 17 Dec 2015 08:21:55 GMT', 'content-type': 'application/json; charset=UTF-8', 'x-openstack-request-id': 'req-f6ea3ca8-cd14-4972-9367-c5c8e821c960'}
        Body: {"network": {"status": "ACTIVE", "subnets": [], "name": "tempest-network-smoke--1930930441", "admin_state_up": true, "tenant_id": "2b343811baea48d1aea37965d6f29a6b", "mtu": 0, "router:external": false, "shared": false, "port_security_enabled": true, "id": "70942f33-3dec-43db-92ab-8583e4e2e695"}}
2015-12-17 08:21:55,273 20952 INFO     [tempest_lib.common.rest_client] Request (TestNetworkBasicOps:test_connectivity_between_vms_on_different_networks): 201 POST http://10.0.2.15:9696/v2.0/routers 0.076s
2015-12-17 08:21:55,274 20952 DEBUG    [tempest_lib.common.rest_client] Request - Headers: {'Content-Type': 'application/json', 'Accept': 'application/json', 'X-Auth-Token': '&lt;omitted&gt;'}
        Body: {"router": {"tenant_id": "2b343811baea48d1aea37965d6f29a6b", "name": "tempest-router-smoke-1869415483", "admin_state_up": true}}
    Response - Headers: {'status': '201', 'content-length': '239', 'connection': 'close', 'date': 'Thu, 17 Dec 2015 08:21:55 GMT', 'content-type': 'application/json; charset=UTF-8', 'x-openstack-request-id': 'req-31bc43b9-13a0-4c9f-ac15-99e594998101'}
        Body: {"router": {"status": "ACTIVE", "external_gateway_info": null, "name": "tempest-router-smoke-1869415483", "admin_state_up": true, "tenant_id": "2b343811baea48d1aea37965d6f29a6b", "routes": [], "id": "0da2eb72-d658-4b7d-b6f6-796cd0248565"}}
2015-12-17 08:21:55,316 20952 INFO     [tempest_lib.common.rest_client] Request (TestNetworkBasicOps:test_connectivity_between_vms_on_different_networks): 200 GET http://10.0.2.15:9696/v2.0/routers/0da2eb72-d658-4b7d-b6f6-796cd0248565 0.042s
2015-12-17 08:21:55,317 20952 DEBUG    [tempest_lib.common.rest_client] Request - Headers: {'Content-Type': 'application/json', 'Accept': 'application/json', 'X-Auth-Token': '&lt;omitted&gt;'}
        Body: None
    Response - Headers: {'status': '200', 'content-length': '239', 'content-location': 'http://10.0.2.15:9696/v2.0/routers/0da2eb72-d658-4b7d-b6f6-796cd0248565', 'connection': 'close', 'date': 'Thu, 17 Dec 2015 08:21:55 GMT', 'content-type': 'application/json; charset=UTF-8', 'x-openstack-request-id': 'req-9a0f753a-4561-4741-9c97-49dccd885477'}
        Body: {"router": {"status": "ACTIVE", "external_gateway_info": null, "name": "tempest-router-smoke-1869415483", "admin_state_up": true, "tenant_id": "2b343811baea48d1aea37965d6f29a6b", "routes": [], "id": "0da2eb72-d658-4b7d-b6f6-796cd0248565"}}
2015-12-17 08:21:55,890 20952 INFO     [tempest_lib.common.rest_client] Request (TestNetworkBasicOps:test_connectivity_between_vms_on_different_networks): 200 PUT http://10.0.2.15:9696/v2.0/routers/0da2eb72-d658-4b7d-b6f6-796cd0248565 0.572s
2015-12-17 08:21:55,891 20952 DEBUG    [tempest_lib.common.rest_client] Request - Headers: {'Content-Type': 'application/json', 'Accept': 'application/json', 'X-Auth-Token': '&lt;omitted&gt;'}
        Body: {"router": {"external_gateway_info": {"network_id": "514561a6-4ba8-4fed-a566-20c7e8eae71f"}, "name": "tempest-router-smoke-1869415483", "admin_state_up": true}}
    Response - Headers: {'status': '200', 'content-length': '501', 'connection': 'close', 'date': 'Thu, 17 Dec 2015 08:21:55 GMT', 'content-type': 'application/json; charset=UTF-8', 'x-openstack-request-id': 'req-5830336f-dc2f-49c9-ba17-08009e16f14b'}
        Body: {"router": {"status": "ACTIVE", "external_gateway_info": {"network_id": "514561a6-4ba8-4fed-a566-20c7e8eae71f", "enable_snat": true, "external_fixed_ips": [{"subnet_id": "11506329-ea6a-4104-b4c0-d325644da335", "ip_address": "172.24.4.3"}, {"subnet_id": "a71846f0-d6b7-4626-840c-e7fc8a829975", "ip_address": "2001:db8::3"}]}, "name": "tempest-router-smoke-1869415483", "admin_state_up": true, "tenant_id": "2b343811baea48d1aea37965d6f29a6b", "routes": [], "id": "0da2eb72-d658-4b7d-b6f6-796cd0248565"}}
2015-12-17 08:21:56,059 20952 INFO     [tempest_lib.common.rest_client] Request (TestNetworkBasicOps:test_connectivity_between_vms_on_different_networks): 200 GET http://10.0.2.15:9696/v2.0/subnets?tenant_id=2b343811baea48d1aea37965d6f29a6b&amp;cidr=10.100.0.0%2F28 0.167s
2015-12-17 08:21:56,059 20952 DEBUG    [tempest_lib.common.rest_client] Request - Headers: {'Content-Type': 'application/json', 'Accept': 'application/json', 'X-Auth-Token': '&lt;omitted&gt;'}
        Body: None
    Response - Headers: {'status': '200', 'content-length': '15', 'content-location': 'http://10.0.2.15:9696/v2.0/subnets?tenant_id=2b343811baea48d1aea37965d6f29a6b&amp;cidr=10.100.0.0%2F28', 'connection': 'close', 'date': 'Thu, 17 Dec 2015 08:21:56 GMT', 'content-type': 'application/json; charset=UTF-8', 'x-openstack-request-id': 'req-290fdc89-1469-436b-9d5f-fe8be1527891'}
        Body: {"subnets": []}
2015-12-17 08:21:56,331 20952 INFO     [tempest_lib.common.rest_client] Request (TestNetworkBasicOps:test_connectivity_between_vms_on_different_networks): 201 POST http://10.0.2.15:9696/v2.0/subnets 0.271s
2015-12-17 08:21:56,331 20952 DEBUG    [tempest_lib.common.rest_client] Request - Headers: {'Content-Type': 'application/json', 'Accept': 'application/json', 'X-Auth-Token': '&lt;omitted&gt;'}
        Body: {"subnet": {"ip_version": 4, "tenant_id": "2b343811baea48d1aea37965d6f29a6b", "cidr": "10.100.0.0/28", "network_id": "70942f33-3dec-43db-92ab-8583e4e2e695", "name": "tempest-subnet-smoke-940871876"}}
    Response - Headers: {'status': '201', 'content-length': '477', 'connection': 'close', 'date': 'Thu, 17 Dec 2015 08:21:56 GMT', 'content-type': 'application/json; charset=UTF-8', 'x-openstack-request-id': 'req-e976b941-8b41-4a80-865e-4ee207bdb9b4'}
        Body: {"subnet": {"name": "tempest-subnet-smoke-940871876", "enable_dhcp": true, "network_id": "70942f33-3dec-43db-92ab-8583e4e2e695", "tenant_id": "2b343811baea48d1aea37965d6f29a6b", "dns_nameservers": [], "gateway_ip": "10.100.0.1", "ipv6_ra_mode": null, "allocation_pools": [{"start": "10.100.0.2", "end": "10.100.0.14"}], "host_routes": [], "ip_version": 4, "ipv6_address_mode": null, "cidr": "10.100.0.0/28", "id": "1d4bdac5-189c-4f0e-a297-750a69e5788a", "subnetpool_id": null}}
2015-12-17 08:21:56,806 20952 INFO     [tempest_lib.common.rest_client] Request (TestNetworkBasicOps:test_connectivity_between_vms_on_different_networks): 200 PUT http://10.0.2.15:9696/v2.0/routers/0da2eb72-d658-4b7d-b6f6-796cd0248565/add_router_interface 0.474s
2015-12-17 08:21:56,807 20952 DEBUG    [tempest_lib.common.rest_client] Request - Headers: {'Content-Type': 'application/json', 'Accept': 'application/json', 'X-Auth-Token': '&lt;omitted&gt;'}
        Body: {"subnet_id": "1d4bdac5-189c-4f0e-a297-750a69e5788a"}
    Response - Headers: {'status': '200', 'content-length': '255', 'connection': 'close', 'date': 'Thu, 17 Dec 2015 08:21:56 GMT', 'content-type': 'application/json; charset=UTF-8', 'x-openstack-request-id': 'req-29bfffff-98aa-48a6-a4ac-8c8ca1101d5e'}
        Body: {"subnet_id": "1d4bdac5-189c-4f0e-a297-750a69e5788a", "tenant_id": "2b343811baea48d1aea37965d6f29a6b", "subnet_ids": ["1d4bdac5-189c-4f0e-a297-750a69e5788a"], "port_id": "3544604e-2911-4028-9e0a-90f5b0bf40a6", "id": "0da2eb72-d658-4b7d-b6f6-796cd0248565"}
2015-12-17 08:21:56,960 20952 INFO     [tempest_lib.common.rest_client] Request (TestNetworkBasicOps:test_connectivity_between_vms_on_different_networks): 200 GET http://10.0.2.15:9696/v2.0/networks 0.152s
2015-12-17 08:21:56,960 20952 DEBUG    [tempest_lib.common.rest_client] Request - Headers: {'Content-Type': 'application/json', 'Accept': 'application/json', 'X-Auth-Token': '&lt;omitted&gt;'}
        Body: None
    Response - Headers: {'status': '200', 'content-length': '1318', 'content-location': 'http://10.0.2.15:9696/v2.0/networks', 'connection': 'close', 'date': 'Thu, 17 Dec 2015 08:21:56 GMT', 'content-type': 'application/json; charset=UTF-8', 'x-openstack-request-id': 'req-becc3fa7-4a49-47e0-ba6f-8e534258d042'}
        Body: {"networks": [{"status": "ACTIVE", "subnets": ["4ff9bc0a-d13a-4d42-9c8f-821cf9a129b3", "e139374c-6734-40a2-a910-6ef6573071eb"], "name": "private", "provider:physical_network": null, "admin_state_up": true, "tenant_id": "edd4f0877f53414a8a213bbc6bd0f59e", "mtu": 0, "router:external": false, "shared": false, "port_security_enabled": true, "provider:network_type": "vxlan", "id": "29c191da-d62e-40c1-869f-23a3b379962c", "provider:segmentation_id": 1056}, {"status": "ACTIVE", "subnets": ["a71846f0-d6b7-4626-840c-e7fc8a829975", "11506329-ea6a-4104-b4c0-d325644da335"], "name": "public", "provider:physical_network": null, "admin_state_up": true, "tenant_id": "4433f1596ae14b1ea1a740ec0ffff0bc", "mtu": 0, "router:external": true, "shared": false, "port_security_enabled": true, "provider:network_type": "vxlan", "id": "514561a6-4ba8-4fed-a566-20c7e8eae71f", "provider:segmentation_id": 1084}, {"status": "ACTIVE", "subnets": ["1d4bdac5-189c-4f0e-a297-750a69e5788a"], "name": "tempest-network-smoke--1930930441", "provider:physical_network": null, "admin_state_up": true, "tenant_id": "2b343811baea48d1aea37965d6f29a6b", "mtu": 0, "router:external": false, "shared": false, "port_security_enabled": true, "provider:network_type": "vxlan", "id": "70942f33-3dec-43db-92ab-8583e4e2e695", "provider:segmentation_id": 1060}]}
2015-12-17 08:21:56,992 20952 INFO     [tempest_lib.common.rest_client] Request (TestNetworkBasicOps:test_connectivity_between_vms_on_different_networks): 200 GET http://10.0.2.15:9696/v2.0/subnets 0.030s
2015-12-17 08:21:56,992 20952 DEBUG    [tempest_lib.common.rest_client] Request - Headers: {'Content-Type': 'application/json', 'Accept': 'application/json', 'X-Auth-Token': '&lt;omitted&gt;'}
        Body: None
    Response - Headers: {'status': '200', 'content-length': '2407', 'content-location': 'http://10.0.2.15:9696/v2.0/subnets', 'connection': 'close', 'date': 'Thu, 17 Dec 2015 08:21:56 GMT', 'content-type': 'application/json; charset=UTF-8', 'x-openstack-request-id': 'req-beb4335e-f9c0-491f-be24-e375711ffde6'}
        Body: {"subnets": [{"name": "ipv6-public-subnet", "enable_dhcp": false, "network_id": "514561a6-4ba8-4fed-a566-20c7e8eae71f", "tenant_id": "4433f1596ae14b1ea1a740ec0ffff0bc", "dns_nameservers": [], "gateway_ip": "2001:db8::2", "ipv6_ra_mode": null, "allocation_pools": [{"start": "2001:db8::1", "end": "2001:db8::1"}, {"start": "2001:db8::3", "end": "2001:db8::ffff:ffff:ffff:ffff"}], "host_routes": [], "ip_version": 6, "ipv6_address_mode": null, "cidr": "2001:db8::/64", "id": "a71846f0-d6b7-4626-840c-e7fc8a829975", "subnetpool_id": null}, {"name": "public-subnet", "enable_dhcp": false, "network_id": "514561a6-4ba8-4fed-a566-20c7e8eae71f", "tenant_id": "4433f1596ae14b1ea1a740ec0ffff0bc", "dns_nameservers": [], "gateway_ip": "172.24.4.1", "ipv6_ra_mode": null, "allocation_pools": [{"start": "172.24.4.2", "end": "172.24.4.254"}], "host_routes": [], "ip_version": 4, "ipv6_address_mode": null, "cidr": "172.24.4.0/24", "id": "11506329-ea6a-4104-b4c0-d325644da335", "subnetpool_id": null}, {"name": "private-subnet", "enable_dhcp": true, "network_id": "29c191da-d62e-40c1-869f-23a3b379962c", "tenant_id": "edd4f0877f53414a8a213bbc6bd0f59e", "dns_nameservers": [], "gateway_ip": "10.0.0.1", "ipv6_ra_mode": null, "allocation_pools": [{"start": "10.0.0.2", "end": "10.0.0.254"}], "host_routes": [], "ip_version": 4, "ipv6_address_mode": null, "cidr": "10.0.0.0/24", "id": "e139374c-6734-40a2-a910-6ef6573071eb", "subnetpool_id": null}, {"name": "tempest-subnet-smoke-940871876", "enable_dhcp": true, "network_id": "70942f33-3dec-43db-92ab-8583e4e2e695", "tenant_id": "2b343811baea48d1aea37965d6f29a6b", "dns_nameservers": [], "gateway_ip": "10.100.0.1", "ipv6_ra_mode": null, "allocation_pools": [{"start": "10.100.0.2", "end": "10.100.0.14"}], "host_routes": [], "ip_version": 4, "ipv6_address_mode": null, "cidr": "10.100.0.0/28", "id": "1d4bdac5-189c-4f0e-a297-750a69e5788a", "subnetpool_id": null}, {"name": "ipv6-private-subnet", "enable_dhcp": true, "network_id": "29c191da-d62e-40c1-869f-23a3b379962c", "tenant_id": "edd4f0877f53414a8a213bbc6bd0f59e", "dns_nameservers": [], "gateway_ip": "fdcf:3c75:56e4::1", "ipv6_ra_mode": "slaac", "allocation_pools": [{"start": "fdcf:3c75:56e4::2", "end": "fdcf:3c75:56e4:0:ffff:ffff:ffff:ffff"}], "host_routes": [], "ip_version": 6, "ipv6_address_mode": "slaac", "cidr": "fdcf:3c75:56e4::/64", "id": "4ff9bc0a-d13a-4d42-9c8f-821cf9a129b3", "subnetpool_id": null}]}
2015-12-17 08:21:57,036 20952 INFO     [tempest_lib.common.rest_client] Request (TestNetworkBasicOps:test_connectivity_between_vms_on_different_networks): 200 GET http://10.0.2.15:9696/v2.0/routers 0.042s
2015-12-17 08:21:57,037 20952 DEBUG    [tempest_lib.common.rest_client] Request - Headers: {'Content-Type': 'application/json', 'Accept': 'application/json', 'X-Auth-Token': '&lt;omitted&gt;'}
        Body: None
    Response - Headers: {'status': '200', 'content-length': '1041', 'content-location': 'http://10.0.2.15:9696/v2.0/routers', 'connection': 'close', 'date': 'Thu, 17 Dec 2015 08:21:57 GMT', 'content-type': 'application/json; charset=UTF-8', 'x-openstack-request-id': 'req-6e8fe212-a954-4085-b22c-46c29dd0ab45'}
        Body: {"routers": [{"status": "ACTIVE", "external_gateway_info": {"network_id": "514561a6-4ba8-4fed-a566-20c7e8eae71f", "enable_snat": true, "external_fixed_ips": [{"subnet_id": "11506329-ea6a-4104-b4c0-d325644da335", "ip_address": "172.24.4.3"}, {"subnet_id": "a71846f0-d6b7-4626-840c-e7fc8a829975", "ip_address": "2001:db8::3"}]}, "name": "tempest-router-smoke-1869415483", "admin_state_up": true, "tenant_id": "2b343811baea48d1aea37965d6f29a6b", "distributed": false, "routes": [], "ha": false, "id": "0da2eb72-d658-4b7d-b6f6-796cd0248565"}, {"status": "ACTIVE", "external_gateway_info": {"network_id": "514561a6-4ba8-4fed-a566-20c7e8eae71f", "enable_snat": true, "external_fixed_ips": [{"subnet_id": "11506329-ea6a-4104-b4c0-d325644da335", "ip_address": "172.24.4.2"}, {"subnet_id": "a71846f0-d6b7-4626-840c-e7fc8a829975", "ip_address": "2001:db8::1"}]}, "name": "router1", "admin_state_up": true, "tenant_id": "edd4f0877f53414a8a213bbc6bd0f59e", "distributed": false, "routes": [], "ha": false, "id": "4309fba7-7910-4395-875e-0bb9e6c21925"}]}
2015-12-17 08:21:57,516 20952 INFO     [tempest_lib.common.rest_client] Request (TestNetworkBasicOps:test_connectivity_between_vms_on_different_networks): 200 POST http://10.0.2.15:8774/v2.1/2b343811baea48d1aea37965d6f29a6b/os-keypairs 0.477s
2015-12-17 08:21:57,516 20952 DEBUG    [tempest_lib.common.rest_client] Request - Headers: {'Content-Type': 'application/json', 'Accept': 'application/json', 'X-Auth-Token': '&lt;omitted&gt;'}
        Body: {"keypair": {"name": "tempest-TestNetworkBasicOps-1503579015"}}
    Response - Headers: {'status': '200', 'content-length': '2321', 'x-compute-request-id': 'req-36d35251-8822-4312-b803-5db4344b8529', 'vary': 'X-OpenStack-Nova-API-Version', 'connection': 'close', 'x-openstack-nova-api-version': '2.1', 'date': 'Thu, 17 Dec 2015 08:21:57 GMT', 'content-type': 'application/json'}
        Body: {"keypair": {"public_key": "ssh-rsa AAAAB3NzaC1yc2EAAAADAQABAAABAQDCda2wc//Cw8G4hGhlQqUEsrR6ynQgjXgYyBfayBEnJfUzUJ85zlcp+DJpA+aIPaLblOqIiaHrsjs0mY9hQgLv/kIPYKUEvhpE2OOngWLV+lZ448QhyqTmWHGVQDh3X+mTQsrDKTAPTcOh+++r4BmZtpj+QWuozbEqTIdy84rG+NAuyTGv29HKYeq1aaKhkbpYJHVHXmXD567/yYC03C/n3wnrJGW4NQ948Gm0zIh92fbwThMMeX963VZg7Lt7KCala8ahkv0JC9gfZekOc+enqHogp5vgCUB9Lvasik6voguUlqTPeypBVboodprOdvimocsnWvM4FfG2+14SnMRh Generated-by-Nova", "private_key": "-----BEGIN RSA PRIVATE KEY-----\nMIIEpwIBAAKCAQEAwnWtsHP/wsPBuIRoZUKlBLK0esp0II14GMgX2sgRJyX1M1Cf\nOc5XKfgyaQPmiD2i25TqiImh67I7NJmPYUIC7/5CD2ClBL4aRNjjp4Fi1fpWeOPE\nIcqk5lhxlUA4d1/pk0LKwykwD03Dofvvq+AZmbaY/kFrqM2xKkyHcvOKxvjQLskx\nr9vRymHqtWmioZG6WCR1R15lw+eu/8mAtNwv598J6yRluDUPePBptMyIfdn28E4T\nDHl/et1WYOy7eygmpWvGoZL9CQvYH2XpDnPnp6h6IKeb4AlAfS72rIpOr6ILlJak\nz3sqQVW6KHaaznb4pqHLJ1rzOBXxtvteEpzEYQIDAQABAoIBAClTqR4fCPPzdnAo\nc6dRipB9Ci4uaI+igSuDGs68RijzwDCvqac3Wv7oaI447f12W+4er9lkpqzYrAx5\nticNSGKIvrFV8LwZSqvnDDrFHKQtF8OJZF1qG7F4imsVwupbz+AkCcOANV6LQFBk\nooL8lXQ9gjZG4QJ29Hfw27hqWcv/Jep5FvE7w4M7SSMPQ8yRCm4r6+JN0sBWoPQY\nkw64SJyleul3ZDhQPLr8egtMuckbbpm7SJCtY1QcGp/ZT5lGrvtwrHnDfRA1bnEA\nasj6TT/ExfZeY/4AXNO5g6DXYIR7Kyn7E7WsJyTmgmzL7+AYV/6IRE7k3m9hk89e\nhFUYv4ECggCBAM+jctMiteqzaBizlt8cJ3/smrsKVPiymkKvCr2zKykL7Qstnf3S\n4PNpaR+YahOLyPjZQrIvIxvBltlrINKKHpuBgf01xBVuHNxDQzthH+H66kPALs79\nmOJMjCYWZUoSQStDpJeMwEoJhggooPtF1AEzLvoHdvcDz+/taos+LuClAoIAgQDv\nwHATXse1aHWMoj0Yloenr8u2J2PpNGuK/0F/YVq5t/SAvqi1ihSkTyzpzXIYykTn\nWcRQngAAlwZmryThZRW+RZeXh3PoRcAaLelo1fcfz2hhsktSK7uZ9f8rRKDNZzMB\nc/lMnzjNYJXF77ChOWCAg8PujGLIzvYaxGBg8/MsDQKCAIA/Hj5/dCO8rsDMEXuh\nYtuXBYObq+5ck15VOwSW2eoa1ic+qKVITVxYYgi0tA461tlG3DRsGewgOd7zRJ97\noMThHKM5J6jtosVfJ4s+d63LcgzYf4k7HtfkosRPp6susxHgZvWXpA+n8fEudbtJ\n5tYlbzuugapmOGBzXMZwgXyaiQKCAIBBasap4mCnlPsOBm6ZOOmGzabN6u2OAimd\n4Ywjj5LLve/O+TbbYfPD6X6dxNru/LHUVmAEhzgE8TBj8EIl5gkKw75bMDBmHjIO\ncpyPaGJnoZYfoiB/KUOk/MRFMBKYOSJnsRdC2ucK0uHLAl21gAxexJU/j7qchCwO\nnaqWibm+OQKCAIAwhsYJ2C1H6EoftnBo0LBrEs2mi9z7HizxlaQBo0xxnYN9UXzv\nzzSHb/vaUCCSVMdBErwo20PWOH98wP5l24F7JSMWiTIPU25jxC4EKrwtkVN7NLSz\nLlcvzNamV5AA2eWv2I4DRxGorX+/YgmUEo8R2nsf9byKBScdXicLM7XkdA==\n-----END RSA PRIVATE KEY-----\n", "user_id": "4f7dfc168c7042adaa477ec63346de88", "name": "tempest-TestNetworkBasicOps-1503579015", "fingerprint": "a7:2d:64:5c:7d:72:2b:15:29:13:a3:54:be:cf:b9:a4"}}
2015-12-17 08:21:57,624 20952 INFO     [tempest_lib.common.rest_client] Request (TestNetworkBasicOps:test_connectivity_between_vms_on_different_networks): 200 POST http://10.0.2.15:5000/v2.0/tokens
2015-12-17 08:21:57,625 20952 DEBUG    [tempest_lib.common.rest_client] Request - Headers: {'Content-Type': 'application/json', 'Accept': 'application/json'}
        Body: &lt;omitted&gt;
    Response - Headers: {'status': '200', 'content-length': '2528', 'vary': 'X-Auth-Token', 'server': 'Apache/2.4.7 (Ubuntu)', 'connection': 'close', 'date': 'Thu, 17 Dec 2015 08:21:57 GMT', 'content-type': 'application/json', 'x-openstack-request-id': 'req-cad26c54-9536-4df8-907b-05c08ebbcb14'}
        Body: {"access": {"token": {"issued_at": "2015-12-17T08:21:57.612271", "expires": "2015-12-17T09:21:57Z", "id": "eb17b09f1b6846989c4581798f541872", "tenant": {"description": "tempest-TestNetworkBasicOps-101118292-desc", "enabled": true, "id": "2b343811baea48d1aea37965d6f29a6b", "name": "tempest-TestNetworkBasicOps-101118292"}, "audit_ids": ["mljHi9lVQZebD08NktzrGQ"]}, "serviceCatalog": [{"endpoints": [{"adminURL": "http://10.0.2.15:8774/v2.1/2b343811baea48d1aea37965d6f29a6b", "region": "RegionOne", "internalURL": "http://10.0.2.15:8774/v2.1/2b343811baea48d1aea37965d6f29a6b", "id": "25989d0bf6e74e1ebe7771bccfee3e1d", "publicURL": "http://10.0.2.15:8774/v2.1/2b343811baea48d1aea37965d6f29a6b"}], "endpoints_links": [], "type": "compute", "name": "nova"}, {"endpoints": [{"adminURL": "http://10.0.2.15:9696/", "region": "RegionOne", "internalURL": "http://10.0.2.15:9696/", "id": "6d2f5fd475d946ee9bb8c4472bf1dd16", "publicURL": "http://10.0.2.15:9696/"}], "endpoints_links": [], "type": "network", "name": "neutron"}, {"endpoints": [{"adminURL": "http://10.0.2.15:9292", "region": "RegionOne", "internalURL": "http://10.0.2.15:9292", "id": "afd65a0228ce43fab5d8bfd33f396c3a", "publicURL": "http://10.0.2.15:9292"}], "endpoints_links": [], "type": "image", "name": "glance"}, {"endpoints": [{"adminURL": "http://10.0.2.15:8774/v2/2b343811baea48d1aea37965d6f29a6b", "region": "RegionOne", "internalURL": "http://10.0.2.15:8774/v2/2b343811baea48d1aea37965d6f29a6b", "id": "459462476b1543e099083056b06352ee", "publicURL": "http://10.0.2.15:8774/v2/2b343811baea48d1aea37965d6f29a6b"}], "endpoints_links": [], "type": "compute_legacy", "name": "nova_legacy"}, {"endpoints": [{"adminURL": "http://10.0.2.15:8773/", "region": "RegionOne", "internalURL": "http://10.0.2.15:8773/", "id": "a4843e4ffd0d480aa609817515dcfa1a", "publicURL": "http://10.0.2.15:8773/"}], "endpoints_links": [], "type": "ec2", "name": "ec2"}, {"endpoints": [{"adminURL": "http://10.0.2.15:35357/v2.0", "region": "RegionOne", "internalURL": "http://10.0.2.15:5000/v2.0", "id": "9742f23ca33947fea483629ca98968ec", "publicURL": "http://10.0.2.15:5000/v2.0"}], "endpoints_links": [], "type": "identity", "name": "keystone"}], "user": {"username": "tempest-TestNetworkBasicOps-1031203666", "roles_links": [], "id": "4f7dfc168c7042adaa477ec63346de88", "roles": [{"name": "_member_"}, {"name": "Member"}], "name": "tempest-TestNetworkBasicOps-1031203666"}, "metadata": {"is_admin": 0, "roles": ["9fe2ff9ee4384b1894a90878d3e92bab", "2702b7655942424e829e2c716edcd55f"]}}}
2015-12-17 08:21:57,630 20952 DEBUG    [tempest.common.fixed_network] (TestNetworkBasicOps:test_connectivity_between_vms_on_different_networks) No valid network provided or created, defaulting to fixed_network_name
2015-12-17 08:21:57,943 20952 INFO     [tempest_lib.common.rest_client] Request (TestNetworkBasicOps:test_connectivity_between_vms_on_different_networks): 200 GET http://10.0.2.15:8774/v2.1/2b343811baea48d1aea37965d6f29a6b/os-networks 0.313s
2015-12-17 08:21:57,944 20952 DEBUG    [tempest_lib.common.rest_client] Request - Headers: {'Content-Type': 'application/json', 'Accept': 'application/json', 'X-Auth-Token': '&lt;omitted&gt;'}
        Body: None
    Response - Headers: {'status': '200', 'content-length': '479', 'content-location': 'http://10.0.2.15:8774/v2.1/2b343811baea48d1aea37965d6f29a6b/os-networks', 'x-compute-request-id': 'req-7bb5252b-0365-4c9b-9e5f-b8e5b407de82', 'vary': 'X-OpenStack-Nova-API-Version', 'connection': 'close', 'x-openstack-nova-api-version': '2.1', 'date': 'Thu, 17 Dec 2015 08:21:57 GMT', 'content-type': 'application/json'}
        Body: {"networks": [{"cidr_v6": null, "dns2": null, "dns1": null, "gateway": null, "broadcast": null, "netmask": null, "gateway_v6": null, "cidr": null, "label": "public", "id": "514561a6-4ba8-4fed-a566-20c7e8eae71f", "netmask_v6": null}, {"cidr_v6": null, "dns2": null, "dns1": null, "gateway": null, "broadcast": null, "netmask": null, "gateway_v6": null, "cidr": null, "label": "tempest-network-smoke--1930930441", "id": "70942f33-3dec-43db-92ab-8583e4e2e695", "netmask_v6": null}]}
2015-12-17 08:21:57,944 20952 WARNING  [tempest.common.fixed_network] (TestNetworkBasicOps:test_connectivity_between_vms_on_different_networks) Network with name: private not found
2015-12-17 08:21:57,945 20952 INFO     [tempest.common.fixed_network] (TestNetworkBasicOps:test_connectivity_between_vms_on_different_networks) Found network {} available for tenant
2015-12-17 08:21:59,316 20952 INFO     [tempest_lib.common.rest_client] Request (TestNetworkBasicOps:test_connectivity_between_vms_on_different_networks): 202 POST http://10.0.2.15:8774/v2.1/2b343811baea48d1aea37965d6f29a6b/servers 1.370s
2015-12-17 08:21:59,316 20952 DEBUG    [tempest_lib.common.rest_client] Request - Headers: {'Content-Type': 'application/json', 'Accept': 'application/json', 'X-Auth-Token': '&lt;omitted&gt;'}
        Body: {"server": {"name": "tempest.common.compute-instance-1712539708", "imageRef": "7fcb7645-58c9-4b81-9357-eaa6eec67330", "key_name": "tempest-TestNetworkBasicOps-1503579015", "flavorRef": "42", "networks": [{"uuid": "70942f33-3dec-43db-92ab-8583e4e2e695"}], "security_groups": [{"name": "tempest-secgroup-smoke-1796327140"}]}}
    Response - Headers: {'status': '202', 'content-length': '462', 'x-compute-request-id': 'req-fe3b0d98-68dc-4499-a2bc-4ccde616dad8', 'vary': 'X-OpenStack-Nova-API-Version', 'connection': 'close', 'location': 'http://10.0.2.15:8774/v2.1/2b343811baea48d1aea37965d6f29a6b/servers/d0f22799-e7d6-48f1-908d-adb519c75261', 'x-openstack-nova-api-version': '2.1', 'date': 'Thu, 17 Dec 2015 08:21:59 GMT', 'content-type': 'application/json'}
        Body: {"server": {"security_groups": [{"name": "tempest-secgroup-smoke-1796327140"}], "OS-DCF:diskConfig": "MANUAL", "id": "d0f22799-e7d6-48f1-908d-adb519c75261", "links": [{"href": "http://10.0.2.15:8774/v2.1/2b343811baea48d1aea37965d6f29a6b/servers/d0f22799-e7d6-48f1-908d-adb519c75261", "rel": "self"}, {"href": "http://10.0.2.15:8774/2b343811baea48d1aea37965d6f29a6b/servers/d0f22799-e7d6-48f1-908d-adb519c75261", "rel": "bookmark"}], "adminPass": "t9Hx55vJrM7S"}}
2015-12-17 08:21:59,590 20952 INFO     [tempest_lib.common.rest_client] Request (TestNetworkBasicOps:test_connectivity_between_vms_on_different_networks): 200 GET http://10.0.2.15:8774/v2.1/2b343811baea48d1aea37965d6f29a6b/servers/d0f22799-e7d6-48f1-908d-adb519c75261 0.270s
2015-12-17 08:21:59,591 20952 DEBUG    [tempest_lib.common.rest_client] Request - Headers: {'Content-Type': 'application/json', 'Accept': 'application/json', 'X-Auth-Token': '&lt;omitted&gt;'}
        Body: None
    Response - Headers: {'status': '200', 'content-length': '1356', 'content-location': 'http://10.0.2.15:8774/v2.1/2b343811baea48d1aea37965d6f29a6b/servers/d0f22799-e7d6-48f1-908d-adb519c75261', 'x-compute-request-id': 'req-1c54428a-1097-42ed-b195-d25b7781f062', 'vary': 'X-OpenStack-Nova-API-Version', 'connection': 'close', 'x-openstack-nova-api-version': '2.1', 'date': 'Thu, 17 Dec 2015 08:21:59 GMT', 'content-type': 'application/json'}
        Body: {"server": {"status": "BUILD", "updated": "2015-12-17T08:21:59Z", "hostId": "", "addresses": {}, "links": [{"href": "http://10.0.2.15:8774/v2.1/2b343811baea48d1aea37965d6f29a6b/servers/d0f22799-e7d6-48f1-908d-adb519c75261", "rel": "self"}, {"href": "http://10.0.2.15:8774/2b343811baea48d1aea37965d6f29a6b/servers/d0f22799-e7d6-48f1-908d-adb519c75261", "rel": "bookmark"}], "key_name": "tempest-TestNetworkBasicOps-1503579015", "image": {"id": "7fcb7645-58c9-4b81-9357-eaa6eec67330", "links": [{"href": "http://10.0.2.15:8774/2b343811baea48d1aea37965d6f29a6b/images/7fcb7645-58c9-4b81-9357-eaa6eec67330", "rel": "bookmark"}]}, "OS-EXT-STS:task_state": "scheduling", "OS-EXT-STS:vm_state": "building", "OS-SRV-USG:launched_at": null, "flavor": {"id": "42", "links": [{"href": "http://10.0.2.15:8774/2b343811baea48d1aea37965d6f29a6b/flavors/42", "rel": "bookmark"}]}, "id": "d0f22799-e7d6-48f1-908d-adb519c75261", "OS-SRV-USG:terminated_at": null, "OS-EXT-AZ:availability_zone": "", "user_id": "4f7dfc168c7042adaa477ec63346de88", "name": "tempest.common.compute-instance-1712539708", "created": "2015-12-17T08:21:59Z", "tenant_id": "2b343811baea48d1aea37965d6f29a6b", "OS-DCF:diskConfig": "MANUAL", "os-extended-volumes:volumes_attached": [], "accessIPv4": "", "accessIPv6": "", "progress": 0, "OS-EXT-STS:power_state": 0, "config_drive": "", "metadata": {}}}
2015-12-17 08:22:01,083 20952 INFO     [tempest_lib.common.rest_client] Request (TestNetworkBasicOps:test_connectivity_between_vms_on_different_networks): 200 GET http://10.0.2.15:8774/v2.1/2b343811baea48d1aea37965d6f29a6b/servers/d0f22799-e7d6-48f1-908d-adb519c75261 0.482s
2015-12-17 08:22:01,084 20952 DEBUG    [tempest_lib.common.rest_client] Request - Headers: {'Content-Type': 'application/json', 'Accept': 'application/json', 'X-Auth-Token': '&lt;omitted&gt;'}
        Body: None
    Response - Headers: {'status': '200', 'content-length': '1482', 'content-location': 'http://10.0.2.15:8774/v2.1/2b343811baea48d1aea37965d6f29a6b/servers/d0f22799-e7d6-48f1-908d-adb519c75261', 'x-compute-request-id': 'req-90213214-08d5-4c31-a00f-85eaf13c3e17', 'vary': 'X-OpenStack-Nova-API-Version', 'connection': 'close', 'x-openstack-nova-api-version': '2.1', 'date': 'Thu, 17 Dec 2015 08:22:01 GMT', 'content-type': 'application/json'}
        Body: {"server": {"status": "BUILD", "updated": "2015-12-17T08:22:00Z", "hostId": "96f9af93fcfbffe789356f9d81589c8daa9a61c5b4ac4b3e7ba4042c", "addresses": {}, "links": [{"href": "http://10.0.2.15:8774/v2.1/2b343811baea48d1aea37965d6f29a6b/servers/d0f22799-e7d6-48f1-908d-adb519c75261", "rel": "self"}, {"href": "http://10.0.2.15:8774/2b343811baea48d1aea37965d6f29a6b/servers/d0f22799-e7d6-48f1-908d-adb519c75261", "rel": "bookmark"}], "key_name": "tempest-TestNetworkBasicOps-1503579015", "image": {"id": "7fcb7645-58c9-4b81-9357-eaa6eec67330", "links": [{"href": "http://10.0.2.15:8774/2b343811baea48d1aea37965d6f29a6b/images/7fcb7645-58c9-4b81-9357-eaa6eec67330", "rel": "bookmark"}]}, "OS-EXT-STS:task_state": "spawning", "OS-EXT-STS:vm_state": "building", "OS-SRV-USG:launched_at": null, "flavor": {"id": "42", "links": [{"href": "http://10.0.2.15:8774/2b343811baea48d1aea37965d6f29a6b/flavors/42", "rel": "bookmark"}]}, "id": "d0f22799-e7d6-48f1-908d-adb519c75261", "security_groups": [{"name": "tempest-secgroup-smoke-1796327140"}], "OS-SRV-USG:terminated_at": null, "OS-EXT-AZ:availability_zone": "nova", "user_id": "4f7dfc168c7042adaa477ec63346de88", "name": "tempest.common.compute-instance-1712539708", "created": "2015-12-17T08:21:59Z", "tenant_id": "2b343811baea48d1aea37965d6f29a6b", "OS-DCF:diskConfig": "MANUAL", "os-extended-volumes:volumes_attached": [], "accessIPv4": "", "accessIPv6": "", "progress": 0, "OS-EXT-STS:power_state": 0, "config_drive": "", "metadata": {}}}
2015-12-17 08:22:01,098 20952 INFO     [tempest.common.waiters] State transition "BUILD/scheduling" ==&gt; "BUILD/spawning" after 2 second wait
2015-12-17 08:22:02,343 20952 INFO     [tempest_lib.common.rest_client] Request (TestNetworkBasicOps:test_connectivity_between_vms_on_different_networks): 200 GET http://10.0.2.15:8774/v2.1/2b343811baea48d1aea37965d6f29a6b/servers/d0f22799-e7d6-48f1-908d-adb519c75261 0.242s
2015-12-17 08:22:02,343 20952 DEBUG    [tempest_lib.common.rest_client] Request - Headers: {'Content-Type': 'application/json', 'Accept': 'application/json', 'X-Auth-Token': '&lt;omitted&gt;'}
        Body: None
    Response - Headers: {'status': '200', 'content-length': '1482', 'content-location': 'http://10.0.2.15:8774/v2.1/2b343811baea48d1aea37965d6f29a6b/servers/d0f22799-e7d6-48f1-908d-adb519c75261', 'x-compute-request-id': 'req-cc505b73-0672-48ee-857b-539a3659b9ce', 'vary': 'X-OpenStack-Nova-API-Version', 'connection': 'close', 'x-openstack-nova-api-version': '2.1', 'date': 'Thu, 17 Dec 2015 08:22:02 GMT', 'content-type': 'application/json'}
        Body: {"server": {"status": "BUILD", "updated": "2015-12-17T08:22:00Z", "hostId": "96f9af93fcfbffe789356f9d81589c8daa9a61c5b4ac4b3e7ba4042c", "addresses": {}, "links": [{"href": "http://10.0.2.15:8774/v2.1/2b343811baea48d1aea37965d6f29a6b/servers/d0f22799-e7d6-48f1-908d-adb519c75261", "rel": "self"}, {"href": "http://10.0.2.15:8774/2b343811baea48d1aea37965d6f29a6b/servers/d0f22799-e7d6-48f1-908d-adb519c75261", "rel": "bookmark"}], "key_name": "tempest-TestNetworkBasicOps-1503579015", "image": {"id": "7fcb7645-58c9-4b81-9357-eaa6eec67330", "links": [{"href": "http://10.0.2.15:8774/2b343811baea48d1aea37965d6f29a6b/images/7fcb7645-58c9-4b81-9357-eaa6eec67330", "rel": "bookmark"}]}, "OS-EXT-STS:task_state": "spawning", "OS-EXT-STS:vm_state": "building", "OS-SRV-USG:launched_at": null, "flavor": {"id": "42", "links": [{"href": "http://10.0.2.15:8774/2b343811baea48d1aea37965d6f29a6b/flavors/42", "rel": "bookmark"}]}, "id": "d0f22799-e7d6-48f1-908d-adb519c75261", "security_groups": [{"name": "tempest-secgroup-smoke-1796327140"}], "OS-SRV-USG:terminated_at": null, "OS-EXT-AZ:availability_zone": "nova", "user_id": "4f7dfc168c7042adaa477ec63346de88", "name": "tempest.common.compute-instance-1712539708", "created": "2015-12-17T08:21:59Z", "tenant_id": "2b343811baea48d1aea37965d6f29a6b", "OS-DCF:diskConfig": "MANUAL", "os-extended-volumes:volumes_attached": [], "accessIPv4": "", "accessIPv6": "", "progress": 0, "OS-EXT-STS:power_state": 0, "config_drive": "", "metadata": {}}}
2015-12-17 08:22:03,550 20952 INFO     [tempest_lib.common.rest_client] Request (TestNetworkBasicOps:test_connectivity_between_vms_on_different_networks): 200 GET http://10.0.2.15:8774/v2.1/2b343811baea48d1aea37965d6f29a6b/servers/d0f22799-e7d6-48f1-908d-adb519c75261 0.196s
2015-12-17 08:22:03,551 20952 DEBUG    [tempest_lib.common.rest_client] Request - Headers: {'Content-Type': 'application/json', 'Accept': 'application/json', 'X-Auth-Token': '&lt;omitted&gt;'}
        Body: None
    Response - Headers: {'status': '200', 'content-length': '1654', 'content-location': 'http://10.0.2.15:8774/v2.1/2b343811baea48d1aea37965d6f29a6b/servers/d0f22799-e7d6-48f1-908d-adb519c75261', 'x-compute-request-id': 'req-011a7546-c771-4fe4-843b-0365481ab5a4', 'vary': 'X-OpenStack-Nova-API-Version', 'connection': 'close', 'x-openstack-nova-api-version': '2.1', 'date': 'Thu, 17 Dec 2015 08:22:03 GMT', 'content-type': 'application/json'}
        Body: {"server": {"status": "ACTIVE", "updated": "2015-12-17T08:22:02Z", "hostId": "96f9af93fcfbffe789356f9d81589c8daa9a61c5b4ac4b3e7ba4042c", "addresses": {"tempest-network-smoke--1930930441": [{"OS-EXT-IPS-MAC:mac_addr": "fa:16:3e:1c:db:87", "version": 4, "addr": "10.100.0.3", "OS-EXT-IPS:type": "fixed"}]}, "links": [{"href": "http://10.0.2.15:8774/v2.1/2b343811baea48d1aea37965d6f29a6b/servers/d0f22799-e7d6-48f1-908d-adb519c75261", "rel": "self"}, {"href": "http://10.0.2.15:8774/2b343811baea48d1aea37965d6f29a6b/servers/d0f22799-e7d6-48f1-908d-adb519c75261", "rel": "bookmark"}], "key_name": "tempest-TestNetworkBasicOps-1503579015", "image": {"id": "7fcb7645-58c9-4b81-9357-eaa6eec67330", "links": [{"href": "http://10.0.2.15:8774/2b343811baea48d1aea37965d6f29a6b/images/7fcb7645-58c9-4b81-9357-eaa6eec67330", "rel": "bookmark"}]}, "OS-EXT-STS:task_state": null, "OS-EXT-STS:vm_state": "active", "OS-SRV-USG:launched_at": "2015-12-17T08:22:02.000000", "flavor": {"id": "42", "links": [{"href": "http://10.0.2.15:8774/2b343811baea48d1aea37965d6f29a6b/flavors/42", "rel": "bookmark"}]}, "id": "d0f22799-e7d6-48f1-908d-adb519c75261", "security_groups": [{"name": "tempest-secgroup-smoke-1796327140"}], "OS-SRV-USG:terminated_at": null, "OS-EXT-AZ:availability_zone": "nova", "user_id": "4f7dfc168c7042adaa477ec63346de88", "name": "tempest.common.compute-instance-1712539708", "created": "2015-12-17T08:21:59Z", "tenant_id": "2b343811baea48d1aea37965d6f29a6b", "OS-DCF:diskConfig": "MANUAL", "os-extended-volumes:volumes_attached": [], "accessIPv4": "", "accessIPv6": "", "progress": 0, "OS-EXT-STS:power_state": 1, "config_drive": "True", "metadata": {}}}
2015-12-17 08:22:03,559 20952 INFO     [tempest.common.waiters] State transition "BUILD/spawning" ==&gt; "ACTIVE/None" after 4 second wait
2015-12-17 08:22:03,736 20952 INFO     [tempest_lib.common.rest_client] Request (TestNetworkBasicOps:test_connectivity_between_vms_on_different_networks): 200 GET http://10.0.2.15:8774/v2.1/2b343811baea48d1aea37965d6f29a6b/servers/d0f22799-e7d6-48f1-908d-adb519c75261 0.175s
2015-12-17 08:22:03,736 20952 DEBUG    [tempest_lib.common.rest_client] Request - Headers: {'Content-Type': 'application/json', 'Accept': 'application/json', 'X-Auth-Token': '&lt;omitted&gt;'}
        Body: None
    Response - Headers: {'status': '200', 'content-length': '1654', 'content-location': 'http://10.0.2.15:8774/v2.1/2b343811baea48d1aea37965d6f29a6b/servers/d0f22799-e7d6-48f1-908d-adb519c75261', 'x-compute-request-id': 'req-b1f35a25-1429-4d11-8963-8be48d9c1c22', 'vary': 'X-OpenStack-Nova-API-Version', 'connection': 'close', 'x-openstack-nova-api-version': '2.1', 'date': 'Thu, 17 Dec 2015 08:22:03 GMT', 'content-type': 'application/json'}
        Body: {"server": {"status": "ACTIVE", "updated": "2015-12-17T08:22:02Z", "hostId": "96f9af93fcfbffe789356f9d81589c8daa9a61c5b4ac4b3e7ba4042c", "addresses": {"tempest-network-smoke--1930930441": [{"OS-EXT-IPS-MAC:mac_addr": "fa:16:3e:1c:db:87", "version": 4, "addr": "10.100.0.3", "OS-EXT-IPS:type": "fixed"}]}, "links": [{"href": "http://10.0.2.15:8774/v2.1/2b343811baea48d1aea37965d6f29a6b/servers/d0f22799-e7d6-48f1-908d-adb519c75261", "rel": "self"}, {"href": "http://10.0.2.15:8774/2b343811baea48d1aea37965d6f29a6b/servers/d0f22799-e7d6-48f1-908d-adb519c75261", "rel": "bookmark"}], "key_name": "tempest-TestNetworkBasicOps-1503579015", "image": {"id": "7fcb7645-58c9-4b81-9357-eaa6eec67330", "links": [{"href": "http://10.0.2.15:8774/2b343811baea48d1aea37965d6f29a6b/images/7fcb7645-58c9-4b81-9357-eaa6eec67330", "rel": "bookmark"}]}, "OS-EXT-STS:task_state": null, "OS-EXT-STS:vm_state": "active", "OS-SRV-USG:launched_at": "2015-12-17T08:22:02.000000", "flavor": {"id": "42", "links": [{"href": "http://10.0.2.15:8774/2b343811baea48d1aea37965d6f29a6b/flavors/42", "rel": "bookmark"}]}, "id": "d0f22799-e7d6-48f1-908d-adb519c75261", "security_groups": [{"name": "tempest-secgroup-smoke-1796327140"}], "OS-SRV-USG:terminated_at": null, "OS-EXT-AZ:availability_zone": "nova", "user_id": "4f7dfc168c7042adaa477ec63346de88", "name": "tempest.common.compute-instance-1712539708", "created": "2015-12-17T08:21:59Z", "tenant_id": "2b343811baea48d1aea37965d6f29a6b", "OS-DCF:diskConfig": "MANUAL", "os-extended-volumes:volumes_attached": [], "accessIPv4": "", "accessIPv6": "", "progress": 0, "OS-EXT-STS:power_state": 1, "config_drive": "True", "metadata": {}}}
2015-12-17 08:22:03,744 20952 INFO     [tempest.scenario.manager] Tenant networks not configured to be reachable.
2015-12-17 08:22:03,776 20952 INFO     [tempest_lib.common.rest_client] Request (TestNetworkBasicOps:test_connectivity_between_vms_on_different_networks): 200 GET http://10.0.2.15:9696/v2.0/ports?status=ACTIVE&amp;fixed_ip=None&amp;device_id=d0f22799-e7d6-48f1-908d-adb519c75261 0.031s
2015-12-17 08:22:03,776 20952 DEBUG    [tempest_lib.common.rest_client] Request - Headers: {'Content-Type': 'application/json', 'Accept': 'application/json', 'X-Auth-Token': '&lt;omitted&gt;'}
        Body: None
    Response - Headers: {'status': '200', 'content-length': '895', 'content-location': 'http://10.0.2.15:9696/v2.0/ports?status=ACTIVE&amp;fixed_ip=None&amp;device_id=d0f22799-e7d6-48f1-908d-adb519c75261', 'connection': 'close', 'date': 'Thu, 17 Dec 2015 08:22:03 GMT', 'content-type': 'application/json; charset=UTF-8', 'x-openstack-request-id': 'req-5bed5a82-7406-444b-b6e7-2b05f64a1c42'}
        Body: {"ports": [{"status": "ACTIVE", "binding:host_id": "vagrant-ubuntu-trusty-64", "allowed_address_pairs": [], "extra_dhcp_opts": [], "dns_assignment": [{"hostname": "host-10-100-0-3", "ip_address": "10.100.0.3", "fqdn": "host-10-100-0-3.openstacklocal."}], "device_owner": "compute:None", "port_security_enabled": true, "binding:profile": {}, "fixed_ips": [{"subnet_id": "1d4bdac5-189c-4f0e-a297-750a69e5788a", "ip_address": "10.100.0.3"}], "id": "e3585498-e99b-4f3a-ad64-2234bf2b59d9", "security_groups": ["ecd6db70-a363-4915-8392-6dca880950a9"], "device_id": "d0f22799-e7d6-48f1-908d-adb519c75261", "name": "", "admin_state_up": true, "network_id": "70942f33-3dec-43db-92ab-8583e4e2e695", "dns_name": "", "binding:vif_details": {"port_filter": true}, "binding:vnic_type": "normal", "binding:vif_type": "ovs", "tenant_id": "2b343811baea48d1aea37965d6f29a6b", "mac_address": "fa:16:3e:1c:db:87"}]}
2015-12-17 08:22:04,232 20952 INFO     [tempest_lib.common.rest_client] Request (TestNetworkBasicOps:test_connectivity_between_vms_on_different_networks): 201 POST http://10.0.2.15:9696/v2.0/floatingips 0.455s
2015-12-17 08:22:04,232 20952 DEBUG    [tempest_lib.common.rest_client] Request - Headers: {'Content-Type': 'application/json', 'Accept': 'application/json', 'X-Auth-Token': '&lt;omitted&gt;'}
        Body: {"floatingip": {"floating_network_id": "514561a6-4ba8-4fed-a566-20c7e8eae71f", "tenant_id": "2b343811baea48d1aea37965d6f29a6b", "fixed_ip_address": "10.100.0.3", "port_id": "e3585498-e99b-4f3a-ad64-2234bf2b59d9"}}
    Response - Headers: {'status': '201', 'content-length': '367', 'connection': 'close', 'date': 'Thu, 17 Dec 2015 08:22:04 GMT', 'content-type': 'application/json; charset=UTF-8', 'x-openstack-request-id': 'req-ff9abd5a-518d-4d35-988f-d53361b3d259'}
        Body: {"floatingip": {"floating_network_id": "514561a6-4ba8-4fed-a566-20c7e8eae71f", "router_id": "0da2eb72-d658-4b7d-b6f6-796cd0248565", "fixed_ip_address": "10.100.0.3", "floating_ip_address": "172.24.4.4", "tenant_id": "2b343811baea48d1aea37965d6f29a6b", "status": "DOWN", "port_id": "e3585498-e99b-4f3a-ad64-2234bf2b59d9", "id": "934bb8aa-a667-4197-bd30-b93018bd0450"}}
2015-12-17 08:22:04,243 20952 INFO     [tempest_lib.common.rest_client] Request (TestNetworkBasicOps:test_connectivity_between_vms_on_different_networks): 200 GET http://10.0.2.15:9696/v2.0/floatingips/934bb8aa-a667-4197-bd30-b93018bd0450 0.010s
2015-12-17 08:22:04,244 20952 DEBUG    [tempest_lib.common.rest_client] Request - Headers: {'Content-Type': 'application/json', 'Accept': 'application/json', 'X-Auth-Token': '&lt;omitted&gt;'}
        Body: None
    Response - Headers: {'status': '200', 'content-length': '367', 'content-location': 'http://10.0.2.15:9696/v2.0/floatingips/934bb8aa-a667-4197-bd30-b93018bd0450', 'connection': 'close', 'date': 'Thu, 17 Dec 2015 08:22:04 GMT', 'content-type': 'application/json; charset=UTF-8', 'x-openstack-request-id': 'req-eef86e22-3259-4897-8b07-e821bca4bca9'}
        Body: {"floatingip": {"floating_network_id": "514561a6-4ba8-4fed-a566-20c7e8eae71f", "router_id": "0da2eb72-d658-4b7d-b6f6-796cd0248565", "fixed_ip_address": "10.100.0.3", "floating_ip_address": "172.24.4.4", "tenant_id": "2b343811baea48d1aea37965d6f29a6b", "status": "DOWN", "port_id": "e3585498-e99b-4f3a-ad64-2234bf2b59d9", "id": "934bb8aa-a667-4197-bd30-b93018bd0450"}}
2015-12-17 08:22:05,258 20952 INFO     [tempest_lib.common.rest_client] Request (TestNetworkBasicOps:test_connectivity_between_vms_on_different_networks): 200 GET http://10.0.2.15:9696/v2.0/floatingips/934bb8aa-a667-4197-bd30-b93018bd0450 0.013s
2015-12-17 08:22:05,259 20952 DEBUG    [tempest_lib.common.rest_client] Request - Headers: {'Content-Type': 'application/json', 'Accept': 'application/json', 'X-Auth-Token': '&lt;omitted&gt;'}
        Body: None
    Response - Headers: {'status': '200', 'content-length': '369', 'content-location': 'http://10.0.2.15:9696/v2.0/floatingips/934bb8aa-a667-4197-bd30-b93018bd0450', 'connection': 'close', 'date': 'Thu, 17 Dec 2015 08:22:05 GMT', 'content-type': 'application/json; charset=UTF-8', 'x-openstack-request-id': 'req-df9a90a5-e160-45d8-b136-2fded027e497'}
        Body: {"floatingip": {"floating_network_id": "514561a6-4ba8-4fed-a566-20c7e8eae71f", "router_id": "0da2eb72-d658-4b7d-b6f6-796cd0248565", "fixed_ip_address": "10.100.0.3", "floating_ip_address": "172.24.4.4", "tenant_id": "2b343811baea48d1aea37965d6f29a6b", "status": "ACTIVE", "port_id": "e3585498-e99b-4f3a-ad64-2234bf2b59d9", "id": "934bb8aa-a667-4197-bd30-b93018bd0450"}}
2015-12-17 08:22:05,259 20952 INFO     [tempest.scenario.manager] FloatingIP: &lt;"FloatingIP" addr="172.24.4.4" id="934bb8aa-a667-4197-bd30-b93018bd0450"&gt; is at status: ACTIVE
2015-12-17 08:22:05,260 20952 DEBUG    [tempest.scenario.manager] checking network connections to IP 172.24.4.4 with user: cirros
2015-12-17 08:22:05,260 20952 DEBUG    [tempest.scenario.manager] TestNetworkBasicOps:test_connectivity_between_vms_on_different_networks begins to ping 172.24.4.4 in 120 sec and the expected result is reachable
2015-12-17 08:24:05,592 20952 DEBUG    [tempest.scenario.manager] TestNetworkBasicOps:test_connectivity_between_vms_on_different_networks finishes ping 172.24.4.4 in 120 sec and the ping result is unexpected
2015-12-17 08:24:05,593 20952 ERROR    [tempest.scenario.manager] Public network connectivity check failed
2015-12-17 08:24:05.593 20952 ERROR tempest.scenario.manager Traceback (most recent call last):
2015-12-17 08:24:05.593 20952 ERROR tempest.scenario.manager   File "tempest/scenario/manager.py", line 608, in check_public_network_connectivity
2015-12-17 08:24:05.593 20952 ERROR tempest.scenario.manager     should_connect=should_connect)
2015-12-17 08:24:05.593 20952 ERROR tempest.scenario.manager   File "tempest/scenario/manager.py", line 592, in check_vm_connectivity
2015-12-17 08:24:05.593 20952 ERROR tempest.scenario.manager     msg=msg)
2015-12-17 08:24:05.593 20952 ERROR tempest.scenario.manager   File "/usr/local/lib/python2.7/dist-packages/unittest2/case.py", line 702, in assertTrue
2015-12-17 08:24:05.593 20952 ERROR tempest.scenario.manager     raise self.failureException(msg)
2015-12-17 08:24:05.593 20952 ERROR tempest.scenario.manager AssertionError: False is not true : Timed out waiting for 172.24.4.4 to become reachable
2015-12-17 08:24:05.593 20952 ERROR tempest.scenario.manager 
2015-12-17 08:24:05,937 20952 INFO     [tempest_lib.common.rest_client] Request (TestNetworkBasicOps:test_connectivity_between_vms_on_different_networks): 200 POST http://10.0.2.15:8774/v2.1/2b343811baea48d1aea37965d6f29a6b/servers/d0f22799-e7d6-48f1-908d-adb519c75261/action 0.338s
2015-12-17 08:24:05,938 20952 DEBUG    [tempest_lib.common.rest_client] Request - Headers: {'Content-Type': 'application/json', 'Accept': 'application/json', 'X-Auth-Token': '&lt;omitted&gt;'}
        Body: {"os-getConsoleOutput": {}}
    Response - Headers: {'status': '200', 'content-length': '17429', 'x-compute-request-id': 'req-4f65ef7a-ff54-411c-b672-02072b541349', 'vary': 'X-OpenStack-Nova-API-Version', 'connection': 'close', 'x-openstack-nova-api-version': '2.1', 'date': 'Thu, 17 Dec 2015 08:24:05 GMT', 'content-type': 'application/json'}
        Body: {"output": "[    0.000000] Initializing cgroup subsys cpuset\n[    0.000000] Initializing cgroup subsys cpu\n[    0.000000] Linux version 3.2.0-80-virtual (buildd@batsu) (gcc version 4.6.3 (Ubuntu/Linaro 4.6.3-1ubuntu5) ) #116-Ubuntu SMP Mon Mar 23 17:28:52 UTC 2015 (Ubuntu 3.2.0-80.116-virtual 3.2.68)\n[    0.000000] Command line: root=/dev/vda console=tty0 console=ttyS0 no_timer_check\n[    0.000000] KERNEL supported cpus:\n[    0.000000]   Intel GenuineIntel\n[    0.000000]   AMD AuthenticAMD\n[    0.000000]   Centaur CentaurHauls\n[    0.000000] BIOS-provided physical RAM map:\n[    0.000000]  BIOS-e820: 0000000000000000 - 000000000009fc00 (usable)\n[    0.000000]  BIOS-e820: 000000000009fc00 - 00000000000a0000 (reserved)\n[    0.000000]  BIOS-e820: 00000000000f0000 - 0000000000100000 (reserved)\n[    0.000000]  BIOS-e820: 0000000000100000 - 0000000003ffe000 (usable)\n[    0.000000]  BIOS-e820: 0000000003ffe000 - 0000000004000000 (reserved)\n[    0.000000]  BIOS-e820: 00000000fffc0000 - 0000000100000000 (reserved)\n[    0.000000] NX (Execute Disable) protection: active\n[    0.000000] SMBIOS 2.4 present.\n[    0.000000] No AGP bridge found\n[    0.000000] last_pfn = 0x3ffe max_arch_pfn = 0x400000000\n[    0.000000] x86 PAT enabled: cpu 0, old 0x7040600070406, new 0x7010600070106\n[    0.000000] found SMP MP-table at [ffff8800000f0b00] f0b00\n[    0.000000] init_memory_mapping: 0000000000000000-0000000003ffe000\n[    0.000000] RAMDISK: 03c5e000 - 03ff0000\n[    0.000000] ACPI: RSDP 00000000000f0950 00014 (v00 BOCHS )\n[    0.000000] ACPI: RSDT 0000000003fffbc1 00034 (v01 BOCHS  BXPCRSDT 00000001 BXPC 00000001)\n[    0.000000] ACPI: FACP 0000000003fff1c0 00074 (v01 BOCHS  BXPCFACP 00000001 BXPC 00000001)\n[    0.000000] ACPI: DSDT 0000000003ffe040 01180 (v01 BOCHS  BXPCDSDT 00000001 BXPC 00000001)\n[    0.000000] ACPI: FACS 0000000003ffe000 00040\n[    0.000000] ACPI: SSDT 0000000003fff234 008DD (v01 BOCHS  BXPCSSDT 00000001 BXPC 00000001)\n[    0.000000] ACPI: APIC 0000000003fffb11 00078 (v01 BOCHS  BXPCAPIC 00000001 BXPC 00000001)\n[    0.000000] ACPI: HPET 0000000003fffb89 00038 (v01 BOCHS  BXPCHPET 00000001 BXPC 00000001)\n[    0.000000] No NUMA configuration found\n[    0.000000] Faking a node at 0000000000000000-0000000003ffe000\n[    0.000000] Initmem setup node 0 0000000000000000-0000000003ffe000\n[    0.000000]   NODE_DATA [0000000003ff6000 - 0000000003ffafff]\n[    0.000000] Zone PFN ranges:\n[    0.000000]   DMA      0x00000010 -&gt; 0x00001000\n[    0.000000]   DMA32    0x00001000 -&gt; 0x00100000\n[    0.000000]   Normal   empty\n[    0.000000] Movable zone start PFN for each node\n[    0.000000] early_node_map[2] active PFN ranges\n[    0.000000]     0: 0x00000010 -&gt; 0x0000009f\n[    0.000000]     0: 0x00000100 -&gt; 0x00003ffe\n[    0.000000] ACPI: PM-Timer IO Port: 0xb008\n[    0.000000] ACPI: LAPIC (acpi_id[0x00] lapic_id[0x00] enabled)\n[    0.000000] ACPI: LAPIC_NMI (acpi_id[0xff] dfl dfl lint[0x1])\n[    0.000000] ACPI: IOAPIC (id[0x00] address[0xfec00000] gsi_base[0])\n[    0.000000] IOAPIC[0]: apic_id 0, version 17, address 0xfec00000, GSI 0-23\n[    0.000000] ACPI: INT_SRC_OVR (bus 0 bus_irq 0 global_irq 2 dfl dfl)\n[    0.000000] ACPI: INT_SRC_OVR (bus 0 bus_irq 5 global_irq 5 high level)\n[    0.000000] ACPI: INT_SRC_OVR (bus 0 bus_irq 9 global_irq 9 high level)\n[    0.000000] ACPI: INT_SRC_OVR (bus 0 bus_irq 10 global_irq 10 high level)\n[    0.000000] ACPI: INT_SRC_OVR (bus 0 bus_irq 11 global_irq 11 high level)\n[    0.000000] Using ACPI (MADT) for SMP configuration information\n[    0.000000] ACPI: HPET id: 0x8086a201 base: 0xfed00000\n[    0.000000] SMP: Allowing 1 CPUs, 0 hotplug CPUs\n[    0.000000] PM: Registered nosave memory: 000000000009f000 - 00000000000a0000\n[    0.000000] PM: Registered nosave memory: 00000000000a0000 - 00000000000f0000\n[    0.000000] PM: Registered nosave memory: 00000000000f0000 - 0000000000100000\n[    0.000000] Allocating PCI resources starting at 4000000 (gap: 4000000:fbfc0000)\n[    0.000000] Booting paravirtualized kernel on bare hardware\n[    0.000000] setup_pe
2015-12-17 08:24:05,942 20952 DEBUG    [tempest.scenario.manager] Console output for d0f22799-e7d6-48f1-908d-adb519c75261
body=
[    0.000000] Initializing cgroup subsys cpuset
[    0.000000] Initializing cgroup subsys cpu
[    0.000000] Linux version 3.2.0-80-virtual (buildd@batsu) (gcc version 4.6.3 (Ubuntu/Linaro 4.6.3-1ubuntu5) ) #116-Ubuntu SMP Mon Mar 23 17:28:52 UTC 2015 (Ubuntu 3.2.0-80.116-virtual 3.2.68)
[    0.000000] Command line: root=/dev/vda console=tty0 console=ttyS0 no_timer_check
[    0.000000] KERNEL supported cpus:
[    0.000000]   Intel GenuineIntel
[    0.000000]   AMD AuthenticAMD
[    0.000000]   Centaur CentaurHauls
[    0.000000] BIOS-provided physical RAM map:
[    0.000000]  BIOS-e820: 0000000000000000 - 000000000009fc00 (usable)
[    0.000000]  BIOS-e820: 000000000009fc00 - 00000000000a0000 (reserved)
[    0.000000]  BIOS-e820: 00000000000f0000 - 0000000000100000 (reserved)
[    0.000000]  BIOS-e820: 0000000000100000 - 0000000003ffe000 (usable)
[    0.000000]  BIOS-e820: 0000000003ffe000 - 0000000004000000 (reserved)
[    0.000000]  BIOS-e820: 00000000fffc0000 - 0000000100000000 (reserved)
[    0.000000] NX (Execute Disable) protection: active
[    0.000000] SMBIOS 2.4 present.
[    0.000000] No AGP bridge found
[    0.000000] last_pfn = 0x3ffe max_arch_pfn = 0x400000000
[    0.000000] x86 PAT enabled: cpu 0, old 0x7040600070406, new 0x7010600070106
[    0.000000] found SMP MP-table at [ffff8800000f0b00] f0b00
[    0.000000] init_memory_mapping: 0000000000000000-0000000003ffe000
[    0.000000] RAMDISK: 03c5e000 - 03ff0000
[    0.000000] ACPI: RSDP 00000000000f0950 00014 (v00 BOCHS )
[    0.000000] ACPI: RSDT 0000000003fffbc1 00034 (v01 BOCHS  BXPCRSDT 00000001 BXPC 00000001)
[    0.000000] ACPI: FACP 0000000003fff1c0 00074 (v01 BOCHS  BXPCFACP 00000001 BXPC 00000001)
[    0.000000] ACPI: DSDT 0000000003ffe040 01180 (v01 BOCHS  BXPCDSDT 00000001 BXPC 00000001)
[    0.000000] ACPI: FACS 0000000003ffe000 00040
[    0.000000] ACPI: SSDT 0000000003fff234 008DD (v01 BOCHS  BXPCSSDT 00000001 BXPC 00000001)
[    0.000000] ACPI: APIC 0000000003fffb11 00078 (v01 BOCHS  BXPCAPIC 00000001 BXPC 00000001)
[    0.000000] ACPI: HPET 0000000003fffb89 00038 (v01 BOCHS  BXPCHPET 00000001 BXPC 00000001)
[    0.000000] No NUMA configuration found
[    0.000000] Faking a node at 0000000000000000-0000000003ffe000
[    0.000000] Initmem setup node 0 0000000000000000-0000000003ffe000
[    0.000000]   NODE_DATA [0000000003ff6000 - 0000000003ffafff]
[    0.000000] Zone PFN ranges:
[    0.000000]   DMA      0x00000010 -&gt; 0x00001000
[    0.000000]   DMA32    0x00001000 -&gt; 0x00100000
[    0.000000]   Normal   empty
[    0.000000] Movable zone start PFN for each node
[    0.000000] early_node_map[2] active PFN ranges
[    0.000000]     0: 0x00000010 -&gt; 0x0000009f
[    0.000000]     0: 0x00000100 -&gt; 0x00003ffe
[    0.000000] ACPI: PM-Timer IO Port: 0xb008
[    0.000000] ACPI: LAPIC (acpi_id[0x00] lapic_id[0x00] enabled)
[    0.000000] ACPI: LAPIC_NMI (acpi_id[0xff] dfl dfl lint[0x1])
[    0.000000] ACPI: IOAPIC (id[0x00] address[0xfec00000] gsi_base[0])
[    0.000000] IOAPIC[0]: apic_id 0, version 17, address 0xfec00000, GSI 0-23
[    0.000000] ACPI: INT_SRC_OVR (bus 0 bus_irq 0 global_irq 2 dfl dfl)
[    0.000000] ACPI: INT_SRC_OVR (bus 0 bus_irq 5 global_irq 5 high level)
[    0.000000] ACPI: INT_SRC_OVR (bus 0 bus_irq 9 global_irq 9 high level)
[    0.000000] ACPI: INT_SRC_OVR (bus 0 bus_irq 10 global_irq 10 high level)
[    0.000000] ACPI: INT_SRC_OVR (bus 0 bus_irq 11 global_irq 11 high level)
[    0.000000] Using ACPI (MADT) for SMP configuration information
[    0.000000] ACPI: HPET id: 0x8086a201 base: 0xfed00000
[    0.000000] SMP: Allowing 1 CPUs, 0 hotplug CPUs
[    0.000000] PM: Registered nosave memory: 000000000009f000 - 00000000000a0000
[    0.000000] PM: Registered nosave memory: 00000000000a0000 - 00000000000f0000
[    0.000000] PM: Registered nosave memory: 00000000000f0000 - 0000000000100000
[    0.000000] Allocating PCI resources starting at 4000000 (gap: 4000000:fbfc0000)
[    0.000000] Booting paravirtualized kernel on bare hardware
[    0.000000] setup_percpu: NR_CPUS:64 nr_cpumask_bits:64 nr_cpu_ids:1 nr_node_ids:1
[    0.000000] PERCPU: Embedded 27 pages/cpu @ffff880003a00000 s78848 r8192 d23552 u2097152
[    0.000000] Built 1 zonelists in Node order, mobility grouping on.  Total pages: 16008
[    0.000000] Policy zone: DMA32
[    0.000000] Kernel command line: root=/dev/vda console=tty0 console=ttyS0 no_timer_check
[    0.000000] PID hash table entries: 256 (order: -1, 2048 bytes)
[    0.000000] Checking aperture...
[    0.000000] No AGP bridge found
[    0.000000] Memory: 43492k/65528k available (6576k kernel code, 452k absent, 21584k reserved, 6620k data, 928k init)
[    0.000000] SLUB: Genslabs=15, HWalign=64, Order=0-3, MinObjects=0, CPUs=1, Nodes=1
[    0.000000] Hierarchical RCU implementation.
[    0.000000] 	RCU dyntick-idle grace-period acceleration is enabled.
[    0.000000] NR_IRQS:4352 nr_irqs:256 16
[    0.000000] Console: colour VGA+ 80x25
[    0.000000] console [tty0] enabled
[    0.000000] console [ttyS0] enabled
[    0.000000] allocated 1048576 bytes of page_cgroup
[    0.000000] please try 'cgroup_disable=memory' option if you don't want memory cgroups
[    0.000000] Fast TSC calibration failed
[    0.000000] TSC: Unable to calibrate against PIT
[    0.000000] TSC: using HPET reference calibration
[    0.000000] Detected 2294.435 MHz processor.
[    0.038057] Calibrating delay loop (skipped), value calculated using timer frequency.. 4588.87 BogoMIPS (lpj=9177740)
[    0.040804] pid_max: default: 32768 minimum: 301
[    0.050964] Security Framework initialized
[    0.056871] AppArmor: AppArmor initialized
[    0.057575] Yama: becoming mindful.
[    0.065679] Dentry cache hash table entries: 8192 (order: 4, 65536 bytes)
[    0.067175] Inode-cache hash table entries: 4096 (order: 3, 32768 bytes)
[    0.068773] Mount-cache hash table entries: 256
[    0.086115] Initializing cgroup subsys cpuacct
[    0.087032] Initializing cgroup subsys memory
[    0.089167] Initializing cgroup subsys devices
[    0.089975] Initializing cgroup subsys freezer
[    0.090638] Initializing cgroup subsys blkio
[    0.092380] Initializing cgroup subsys perf_event
[    0.096786] mce: CPU supports 10 MCE banks
[    0.100800] SMP alternatives: switching to UP code
[    0.486656] Freeing SMP alternatives: 24k freed
[    0.488927] ACPI: Core revision 20110623
[    0.538910] ftrace: allocating 26610 entries in 105 pages
[    0.567427] ..TIMER: vector=0x30 apic1=0 pin1=2 apic2=-1 pin2=-1
[    0.568134] CPU0: AMD QEMU Virtual CPU version 2.0.0 stepping 03
[    0.572035] Performance Events: Broken PMU hardware detected, using software events only.
[    0.580669] NMI watchdog disabled (cpu0): hardware events not enabled
[    0.582173] Brought up 1 CPUs
[    0.582710] Total of 1 processors activated (4588.87 BogoMIPS).
[    0.606251] devtmpfs: initialized
[    0.638673] EVM: security.selinux
[    0.639333] EVM: security.SMACK64
[    0.639825] EVM: security.capability
[    0.665940] print_constraints: dummy: 
[    0.668041] RTC time:  8:22:06, date: 12/17/15
[    0.670657] NET: Registered protocol family 16
[    0.680221] ACPI: bus type pci registered
[    0.684285] PCI: Using configuration type 1 for base access
[    0.714498] bio: create slab &lt;bio-0&gt; at 0
[    0.720407] ACPI: Added _OSI(Module Device)
[    0.721118] ACPI: Added _OSI(Processor Device)
[    0.721682] ACPI: Added _OSI(3.0 _SCP Extensions)
[    0.722274] ACPI: Added _OSI(Processor Aggregator Device)
[    0.797319] ACPI: Interpreter enabled
[    0.797878] ACPI: (supports S0 S3 S4 S5)
[    0.800385] ACPI: Using IOAPIC for interrupt routing
[    0.871155] ACPI: No dock devices found.
[    0.872197] HEST: Table not found.
[    0.872775] PCI: Using host bridge windows from ACPI; if necessary, use "pci=nocrs" and report a bug
[    0.879240] ACPI: PCI Root Bridge [PCI0] (domain 0000 [bus 00-ff])
[    0.885449] pci_root PNP0A03:00: host bridge window [io  0x0000-0x0cf7]
[    0.886321] pci_root PNP0A03:00: host bridge window [io  0x0d00-0xadff]
[    0.888108] pci_root PNP0A03:00: host bridge window [io  0xae0f-0xaeff]
[    0.888943] pci_root PNP0A03:00: host bridge window [io  0xaf20-0xafdf]
[    0.889759] pci_root PNP0A03:00: host bridge window [io  0xafe4-0xffff]
[    0.890731] pci_root PNP0A03:00: host bridge window [mem 0x000a0000-0x000bffff]
[    0.892105] pci_root PNP0A03:00: host bridge window [mem 0x04000000-0xfebfffff]
[    0.916672] pci 0000:00:01.3: quirk: [io  0xb000-0xb03f] claimed by PIIX4 ACPI
[    0.917706] pci 0000:00:01.3: quirk: [io  0xb100-0xb10f] claimed by PIIX4 SMB
[    0.998661]  pci0000:00: Unable to request _OSC control (_OSC support mask: 0x1e)
[    1.060846] ACPI: PCI Interrupt Link [LNKA] (IRQs 5 *10 11)
[    1.063264] ACPI: PCI Interrupt Link [LNKB] (IRQs 5 *10 11)
[    1.065291] ACPI: PCI Interrupt Link [LNKC] (IRQs 5 10 *11)
[    1.068254] ACPI: PCI Interrupt Link [LNKD] (IRQs 5 10 *11)
[    1.069531] ACPI: PCI Interrupt Link [LNKS] (IRQs *9)
[    1.077162] vgaarb: device added: PCI:0000:00:02.0,decodes=io+mem,owns=io+mem,locks=none
[    1.078187] vgaarb: loaded
[    1.078637] vgaarb: bridge control possible 0000:00:02.0
[    1.084107] i2c-core: driver [aat2870] using legacy suspend method
[    1.085402] i2c-core: driver [aat2870] using legacy resume method
[    1.088254] SCSI subsystem initialized
[    1.091183] usbcore: registered new interface driver usbfs
[    1.092606] usbcore: registered new interface driver hub
[    1.094340] usbcore: registered new device driver usb
[    1.098717] PCI: Using ACPI for IRQ routing
[    1.110449] NetLabel: Initializing
[    1.110940] NetLabel:  domain hash size = 128
[    1.111538] NetLabel:  protocols = UNLABELED CIPSOv4
[    1.113704] NetLabel:  unlabeled traffic allowed by default
[    1.117252] HPET: 3 timers in total, 0 timers will be used for per-cpu timer
[    1.118134] hpet0: at MMIO 0xfed00000, IRQs 2, 8, 0
[    1.119022] hpet0: 3 comparators, 64-bit 100.000000 MHz counter
[    1.133585] Switching to clocksource hpet
[    1.384119] AppArmor: AppArmor Filesystem Enabled
[    1.386482] pnp: PnP ACPI init
[    1.387127] ACPI: bus type pnp registered
[    1.410931] pnp: PnP ACPI: found 9 devices
[    1.411551] ACPI: ACPI bus type pnp unregistered
[    1.470150] NET: Registered protocol family 2
[    1.503178] IP route cache hash table entries: 512 (order: 0, 4096 bytes)
[    1.511637] TCP established hash table entries: 2048 (order: 3, 32768 bytes)
[    1.514208] TCP bind hash table entries: 2048 (order: 3, 32768 bytes)
[    1.515189] TCP: Hash tables configured (established 2048 bind 2048)
[    1.515997] TCP reno registered
[    1.517487] UDP hash table entries: 128 (order: 0, 4096 bytes)
[    1.518663] UDP-Lite hash table entries: 128 (order: 0, 4096 bytes)
[    1.522565] NET: Registered protocol family 1
[    1.523655] pci 0000:00:00.0: Limiting direct PCI/PCI transfers
[    1.525440] pci 0000:00:01.0: PIIX3: Enabling Passive Release
[    1.526458] pci 0000:00:01.0: Activating ISA DMA hang workarounds
[    1.534298] ACPI: PCI Interrupt Link [LNKD] enabled at IRQ 11
[    1.535677] pci 0000:00:01.2: PCI INT D -&gt; Link[LNKD] -&gt; GSI 11 (level, high) -&gt; IRQ 11
[    1.539314] pci 0000:00:01.2: PCI INT D disabled
[    1.558929] Trying to unpack rootfs image as initramfs...
[    1.575235] audit: initializing netlink socket (disabled)
[    1.577736] type=2000 audit(1450340526.576:1): initialized
[    1.854878] HugeTLB registered 2 MB page size, pre-allocated 0 pages
[    1.946410] VFS: Disk quotas dquot_6.5.2
[    1.951354] Dquot-cache hash table entries: 512 (order 0, 4096 bytes)
[    1.970702] fuse init (API version 7.17)
[    1.983513] msgmni has been set to 84
[    2.018231] Block layer SCSI generic (bsg) driver version 0.4 loaded (major 253)
[    2.021775] io scheduler noop registered
[    2.022287] io scheduler deadline registered (default)
[    2.023564] io scheduler cfq registered
[    2.027552] pci_hotplug: PCI Hot Plug PCI Core version: 0.5
[    2.030336] pciehp: PCI Express Hot Plug Controller Driver version: 0.4
[    2.037874] input: Power Button as /devices/LNXSYSTM:00/LNXPWRBN:00/input/input0
[    2.038959] ACPI: Power Button [PWRF]
[    2.088672] ERST: Table is not found!
[    2.089738] GHES: HEST is not enabled!
[    2.100184] ACPI: PCI Interrupt Link [LNKC] enabled at IRQ 10
[    2.101521] virtio-pci 0000:00:03.0: PCI INT A -&gt; Link[LNKC] -&gt; GSI 10 (level, high) -&gt; IRQ 10
[    2.105623] virtio-pci 0000:00:04.0: PCI INT A -&gt; Link[LNKD] -&gt; GSI 11 (level, high) -&gt; IRQ 11
[    2.119562] ACPI: PCI Interrupt Link [LNKA] enabled at IRQ 10
[    2.121145] virtio-pci 0000:00:05.0: PCI INT A -&gt; Link[LNKA] -&gt; GSI 10 (level, high) -&gt; IRQ 10
[    2.134904] Serial: 8250/16550 driver, 32 ports, IRQ sharing enabled
[    2.174312] serial8250: ttyS0 at I/O 0x3f8 (irq = 4) is a 16550A
[    2.250394] serial8250: ttyS1 at I/O 0x2f8 (irq = 3) is a 16550A
[    2.384699] 00:05: ttyS0 at I/O 0x3f8 (irq = 4) is a 16550A
[    2.465218] 00:06: ttyS1 at I/O 0x2f8 (irq = 3) is a 16550A
[    2.517712] Linux agpgart interface v0.103
[    2.545984] Refined TSC clocksource calibration: 2294.558 MHz.
[    2.546825] Switching to clocksource tsc
[    2.597287] brd: module loaded
[    2.628280] loop: module loaded
[    2.686378]  vda: unknown partition table
[    2.738552] scsi0 : ata_piix
[    2.744150] scsi1 : ata_piix
[    2.747063] ata1: PATA max MWDMA2 cmd 0x1f0 ctl 0x3f6 bmdma 0xc0a0 irq 14
[    2.747885] ata2: PATA max MWDMA2 cmd 0x170 ctl 0x376 bmdma 0xc0a8 irq 15
[    2.760150] Fixed MDIO Bus: probed
[    2.763235] tun: Universal TUN/TAP device driver, 1.6
[    2.765725] tun: (C) 1999-2004 Max Krasnyansky &lt;maxk@qualcomm.com&gt;
[    2.785934] PPP generic driver version 2.4.2
[    2.811972] ehci_hcd: USB 2.0 'Enhanced' Host Controller (EHCI) Driver
[    2.814165] ohci_hcd: USB 1.1 'Open' Host Controller (OHCI) Driver
[    2.815090] uhci_hcd: USB Universal Host Controller Interface driver
[    2.817528] uhci_hcd 0000:00:01.2: PCI INT D -&gt; Link[LNKD] -&gt; GSI 11 (level, high) -&gt; IRQ 11
[    2.821472] uhci_hcd 0000:00:01.2: UHCI Host Controller
[    2.829846] uhci_hcd 0000:00:01.2: new USB bus registered, assigned bus number 1
[    2.831531] uhci_hcd 0000:00:01.2: irq 11, io base 0x0000c040
[    2.870836] hub 1-0:1.0: USB hub found
[    2.872461] hub 1-0:1.0: 2 ports detected
[    2.892010] usbcore: registered new interface driver libusual
[    2.896529] i8042: PNP: PS/2 Controller [PNP0303:KBD,PNP0f13:MOU] at 0x60,0x64 irq 1,12
[    2.906891] serio: i8042 KBD port at 0x60,0x64 irq 1
[    2.909141] serio: i8042 AUX port at 0x60,0x64 irq 12
[    2.958905] mousedev: PS/2 mouse device common for all mice
[    2.994437] rtc_cmos 00:01: RTC can wake from S4
[    3.006651] input: AT Translated Set 2 keyboard as /devices/platform/i8042/serio0/input/input1
[    3.019662] rtc_cmos 00:01: rtc core: registered rtc_cmos as rtc0
[    3.023650] rtc0: alarms up to one day, 114 bytes nvram, hpet irqs
[    3.028842] device-mapper: uevent: version 1.0.3
[    3.050417] ata2.01: ATAPI: QEMU DVD-ROM, 2.0.0, max UDMA/100
[    3.063207] ata2.01: configured for MWDMA2
[    3.067872] device-mapper: ioctl: 4.22.0-ioctl (2011-10-19) initialised: dm-devel@redhat.com
[    3.072001] cpuidle: using governor ladder
[    3.074171] cpuidle: using governor menu
[    3.074630] EFI Variables Facility v0.08 2004-May-17
[    3.086269] TCP cubic registered
[    3.090441] NET: Registered protocol family 10
[    3.121927] NET: Registered protocol family 17
[    3.123363] Registering the dns_resolver key type
[    3.173984] scsi 1:0:1:0: CD-ROM            QEMU     QEMU DVD-ROM     2.0. PQ: 0 ANSI: 5
[    3.204796] sr0: scsi3-mmc drive: 4x/4x cd/rw xa/form2 tray
[    3.206075] cdrom: Uniform CD-ROM driver Revision: 3.20
[    3.213787] sr 1:0:1:0: Attached scsi generic sg0 type 5
[    3.247897] registered taskstats version 1
[    3.330147] Freeing initrd memory: 3656k freed
[    3.830720]   Magic number: 11:982:371
[    3.845636] rtc_cmos 00:01: setting system clock to 2015-12-17 08:22:09 UTC (1450340529)
[    3.847964] powernow-k8: Processor cpuid 663 not supported
[    3.855571] BIOS EDD facility v0.16 2004-Jun-25, 0 devices found
[    3.856911] EDD information not available.
[    3.927168] Freeing unused kernel memory: 928k freed
[    3.932035] Write protecting the kernel read-only data: 12288k
[    4.067400] Freeing unused kernel memory: 1596k freed
[    4.156967] Freeing unused kernel memory: 1184k freed

info: initramfs: up at 4.35
modprobe: module virtio_blk not found in modules.dep
modprobe: module virtio_net not found in modules.dep
info: copying initramfs to /dev/vda
info: initramfs loading root from /dev/vda
info: /etc/init.d/rc.sysinit: up at 9.25
info: container: none
Starting logging: OK
modprobe: module virtio_blk not found in modules.dep
modprobe: module virtio_net not found in modules.dep
WARN: /etc/rc3.d/S10-load-modules failed
Initializing random number generator... done.
Starting acpid: OK
cirros-ds 'local' up at 11.78
found datasource (configdrive, local)
Starting network...
udhcpc (v1.20.1) started
Sending discover...
Sending discover...

2015-12-17 08:24:06,143 20952 INFO     [tempest_lib.common.rest_client] Request (TestNetworkBasicOps:_run_cleanups): 204 DELETE http://10.0.2.15:9696/v2.0/floatingips/934bb8aa-a667-4197-bd30-b93018bd0450 0.196s
2015-12-17 08:24:06,144 20952 DEBUG    [tempest_lib.common.rest_client] Request - Headers: {'Content-Type': 'application/json', 'Accept': 'application/json', 'X-Auth-Token': '&lt;omitted&gt;'}
        Body: None
    Response - Headers: {'date': 'Thu, 17 Dec 2015 08:24:06 GMT', 'status': '204', 'connection': 'close', 'content-length': '0', 'x-openstack-request-id': 'req-86fc6bf0-d76d-4245-9119-7bfd300f840c'}
        Body: 
2015-12-17 08:24:06,373 20952 INFO     [tempest_lib.common.rest_client] Request (TestNetworkBasicOps:_run_cleanups): 204 DELETE http://10.0.2.15:8774/v2.1/2b343811baea48d1aea37965d6f29a6b/servers/d0f22799-e7d6-48f1-908d-adb519c75261 0.228s
2015-12-17 08:24:06,374 20952 DEBUG    [tempest_lib.common.rest_client] Request - Headers: {'Content-Type': 'application/json', 'Accept': 'application/json', 'X-Auth-Token': '&lt;omitted&gt;'}
        Body: None
    Response - Headers: {'status': '204', 'content-length': '0', 'x-compute-request-id': 'req-4e8daef5-2025-4e5c-81a7-ecffbaf45728', 'vary': 'X-OpenStack-Nova-API-Version', 'connection': 'close', 'x-openstack-nova-api-version': '2.1', 'date': 'Thu, 17 Dec 2015 08:24:06 GMT', 'content-type': 'application/json'}
        Body: 
2015-12-17 08:24:06,579 20952 INFO     [tempest_lib.common.rest_client] Request (TestNetworkBasicOps:_run_cleanups): 200 GET http://10.0.2.15:8774/v2.1/2b343811baea48d1aea37965d6f29a6b/servers/d0f22799-e7d6-48f1-908d-adb519c75261 0.204s
2015-12-17 08:24:06,580 20952 DEBUG    [tempest_lib.common.rest_client] Request - Headers: {'Content-Type': 'application/json', 'Accept': 'application/json', 'X-Auth-Token': '&lt;omitted&gt;'}
        Body: None
    Response - Headers: {'status': '200', 'content-length': '1777', 'content-location': 'http://10.0.2.15:8774/v2.1/2b343811baea48d1aea37965d6f29a6b/servers/d0f22799-e7d6-48f1-908d-adb519c75261', 'x-compute-request-id': 'req-05a19f28-0481-411e-b9f6-258cb0014eb1', 'vary': 'X-OpenStack-Nova-API-Version', 'connection': 'close', 'x-openstack-nova-api-version': '2.1', 'date': 'Thu, 17 Dec 2015 08:24:06 GMT', 'content-type': 'application/json'}
        Body: {"server": {"status": "ACTIVE", "updated": "2015-12-17T08:24:06Z", "hostId": "96f9af93fcfbffe789356f9d81589c8daa9a61c5b4ac4b3e7ba4042c", "addresses": {"tempest-network-smoke--1930930441": [{"OS-EXT-IPS-MAC:mac_addr": "fa:16:3e:1c:db:87", "version": 4, "addr": "10.100.0.3", "OS-EXT-IPS:type": "fixed"}, {"OS-EXT-IPS-MAC:mac_addr": "fa:16:3e:1c:db:87", "version": 4, "addr": "172.24.4.4", "OS-EXT-IPS:type": "floating"}]}, "links": [{"href": "http://10.0.2.15:8774/v2.1/2b343811baea48d1aea37965d6f29a6b/servers/d0f22799-e7d6-48f1-908d-adb519c75261", "rel": "self"}, {"href": "http://10.0.2.15:8774/2b343811baea48d1aea37965d6f29a6b/servers/d0f22799-e7d6-48f1-908d-adb519c75261", "rel": "bookmark"}], "key_name": "tempest-TestNetworkBasicOps-1503579015", "image": {"id": "7fcb7645-58c9-4b81-9357-eaa6eec67330", "links": [{"href": "http://10.0.2.15:8774/2b343811baea48d1aea37965d6f29a6b/images/7fcb7645-58c9-4b81-9357-eaa6eec67330", "rel": "bookmark"}]}, "OS-EXT-STS:task_state": "deleting", "OS-EXT-STS:vm_state": "active", "OS-SRV-USG:launched_at": "2015-12-17T08:22:02.000000", "flavor": {"id": "42", "links": [{"href": "http://10.0.2.15:8774/2b343811baea48d1aea37965d6f29a6b/flavors/42", "rel": "bookmark"}]}, "id": "d0f22799-e7d6-48f1-908d-adb519c75261", "security_groups": [{"name": "tempest-secgroup-smoke-1796327140"}], "OS-SRV-USG:terminated_at": null, "OS-EXT-AZ:availability_zone": "nova", "user_id": "4f7dfc168c7042adaa477ec63346de88", "name": "tempest.common.compute-instance-1712539708", "created": "2015-12-17T08:21:59Z", "tenant_id": "2b343811baea48d1aea37965d6f29a6b", "OS-DCF:diskConfig": "MANUAL", "os-extended-volumes:volumes_attached": [], "accessIPv4": "", "accessIPv6": "", "progress": 0, "OS-EXT-STS:power_state": 1, "config_drive": "True", "metadata": {}}}
2015-12-17 08:24:07,778 20952 INFO     [tempest_lib.common.rest_client] Request (TestNetworkBasicOps:_run_cleanups): 200 GET http://10.0.2.15:8774/v2.1/2b343811baea48d1aea37965d6f29a6b/servers/d0f22799-e7d6-48f1-908d-adb519c75261 0.182s
2015-12-17 08:24:07,779 20952 DEBUG    [tempest_lib.common.rest_client] Request - Headers: {'Content-Type': 'application/json', 'Accept': 'application/json', 'X-Auth-Token': '&lt;omitted&gt;'}
        Body: None
    Response - Headers: {'status': '200', 'content-length': '1441', 'content-location': 'http://10.0.2.15:8774/v2.1/2b343811baea48d1aea37965d6f29a6b/servers/d0f22799-e7d6-48f1-908d-adb519c75261', 'x-compute-request-id': 'req-242d5242-3607-4e6d-adc4-6326761384ea', 'vary': 'X-OpenStack-Nova-API-Version', 'connection': 'close', 'x-openstack-nova-api-version': '2.1', 'date': 'Thu, 17 Dec 2015 08:24:07 GMT', 'content-type': 'application/json'}
        Body: {"server": {"status": "ACTIVE", "updated": "2015-12-17T08:24:07Z", "hostId": "96f9af93fcfbffe789356f9d81589c8daa9a61c5b4ac4b3e7ba4042c", "addresses": {}, "links": [{"href": "http://10.0.2.15:8774/v2.1/2b343811baea48d1aea37965d6f29a6b/servers/d0f22799-e7d6-48f1-908d-adb519c75261", "rel": "self"}, {"href": "http://10.0.2.15:8774/2b343811baea48d1aea37965d6f29a6b/servers/d0f22799-e7d6-48f1-908d-adb519c75261", "rel": "bookmark"}], "key_name": "tempest-TestNetworkBasicOps-1503579015", "image": {"id": "7fcb7645-58c9-4b81-9357-eaa6eec67330", "links": [{"href": "http://10.0.2.15:8774/2b343811baea48d1aea37965d6f29a6b/images/7fcb7645-58c9-4b81-9357-eaa6eec67330", "rel": "bookmark"}]}, "OS-EXT-STS:task_state": "deleting", "OS-EXT-STS:vm_state": "active", "OS-SRV-USG:launched_at": "2015-12-17T08:22:02.000000", "flavor": {"id": "42", "links": [{"href": "http://10.0.2.15:8774/2b343811baea48d1aea37965d6f29a6b/flavors/42", "rel": "bookmark"}]}, "id": "d0f22799-e7d6-48f1-908d-adb519c75261", "OS-SRV-USG:terminated_at": null, "OS-EXT-AZ:availability_zone": "nova", "user_id": "4f7dfc168c7042adaa477ec63346de88", "name": "tempest.common.compute-instance-1712539708", "created": "2015-12-17T08:21:59Z", "tenant_id": "2b343811baea48d1aea37965d6f29a6b", "OS-DCF:diskConfig": "MANUAL", "os-extended-volumes:volumes_attached": [], "accessIPv4": "", "accessIPv6": "", "progress": 0, "OS-EXT-STS:power_state": 1, "config_drive": "True", "metadata": {}}}
2015-12-17 08:24:08,880 20952 INFO     [tempest_lib.common.rest_client] Request (TestNetworkBasicOps:_run_cleanups): 404 GET http://10.0.2.15:8774/v2.1/2b343811baea48d1aea37965d6f29a6b/servers/d0f22799-e7d6-48f1-908d-adb519c75261 0.083s
2015-12-17 08:24:08,881 20952 DEBUG    [tempest_lib.common.rest_client] Request - Headers: {'Content-Type': 'application/json', 'Accept': 'application/json', 'X-Auth-Token': '&lt;omitted&gt;'}
        Body: None
    Response - Headers: {'status': '404', 'content-length': '111', 'x-compute-request-id': 'req-5a8c9f29-10dd-4f93-8ec7-3fc104988689', 'vary': 'X-OpenStack-Nova-API-Version', 'connection': 'close', 'x-openstack-nova-api-version': '2.1', 'date': 'Thu, 17 Dec 2015 08:24:08 GMT', 'content-type': 'application/json; charset=UTF-8'}
        Body: {"itemNotFound": {"message": "Instance d0f22799-e7d6-48f1-908d-adb519c75261 could not be found.", "code": 404}}
2015-12-17 08:24:08,912 20952 INFO     [tempest_lib.common.rest_client] Request (TestNetworkBasicOps:_run_cleanups): 202 DELETE http://10.0.2.15:8774/v2.1/2b343811baea48d1aea37965d6f29a6b/os-keypairs/tempest-TestNetworkBasicOps-1503579015 0.030s
2015-12-17 08:24:08,913 20952 DEBUG    [tempest_lib.common.rest_client] Request - Headers: {'Content-Type': 'application/json', 'Accept': 'application/json', 'X-Auth-Token': '&lt;omitted&gt;'}
        Body: None
    Response - Headers: {'status': '202', 'content-length': '0', 'x-compute-request-id': 'req-f9841bfc-0e2a-48d2-90b7-62d0fc0bc88a', 'vary': 'X-OpenStack-Nova-API-Version', 'connection': 'close', 'x-openstack-nova-api-version': '2.1', 'date': 'Thu, 17 Dec 2015 08:24:08 GMT', 'content-type': 'application/json'}
        Body: 
2015-12-17 08:24:09,241 20952 INFO     [tempest_lib.common.rest_client] Request (TestNetworkBasicOps:_run_cleanups): 200 PUT http://10.0.2.15:9696/v2.0/routers/0da2eb72-d658-4b7d-b6f6-796cd0248565/remove_router_interface 0.327s
2015-12-17 08:24:09,242 20952 DEBUG    [tempest_lib.common.rest_client] Request - Headers: {'Content-Type': 'application/json', 'Accept': 'application/json', 'X-Auth-Token': '&lt;omitted&gt;'}
        Body: {"subnet_id": "1d4bdac5-189c-4f0e-a297-750a69e5788a"}
    Response - Headers: {'status': '200', 'content-length': '255', 'connection': 'close', 'date': 'Thu, 17 Dec 2015 08:24:09 GMT', 'content-type': 'application/json; charset=UTF-8', 'x-openstack-request-id': 'req-028307ff-a827-4914-9f00-0340782fd47f'}
        Body: {"subnet_id": "1d4bdac5-189c-4f0e-a297-750a69e5788a", "tenant_id": "2b343811baea48d1aea37965d6f29a6b", "subnet_ids": ["1d4bdac5-189c-4f0e-a297-750a69e5788a"], "port_id": "3544604e-2911-4028-9e0a-90f5b0bf40a6", "id": "0da2eb72-d658-4b7d-b6f6-796cd0248565"}
2015-12-17 08:24:09,654 20952 INFO     [tempest_lib.common.rest_client] Request (TestNetworkBasicOps:_run_cleanups): 204 DELETE http://10.0.2.15:9696/v2.0/subnets/1d4bdac5-189c-4f0e-a297-750a69e5788a 0.411s
2015-12-17 08:24:09,655 20952 DEBUG    [tempest_lib.common.rest_client] Request - Headers: {'Content-Type': 'application/json', 'Accept': 'application/json', 'X-Auth-Token': '&lt;omitted&gt;'}
        Body: None
    Response - Headers: {'date': 'Thu, 17 Dec 2015 08:24:09 GMT', 'status': '204', 'connection': 'close', 'content-length': '0', 'x-openstack-request-id': 'req-51640001-5b40-4a5f-8195-75b8c38880b7'}
        Body: 
2015-12-17 08:24:09,697 20952 INFO     [tempest_lib.common.rest_client] Request (TestNetworkBasicOps:_run_cleanups): 200 GET http://10.0.2.15:9696/v2.0/routers/0da2eb72-d658-4b7d-b6f6-796cd0248565 0.041s
2015-12-17 08:24:09,697 20952 DEBUG    [tempest_lib.common.rest_client] Request - Headers: {'Content-Type': 'application/json', 'Accept': 'application/json', 'X-Auth-Token': '&lt;omitted&gt;'}
        Body: None
    Response - Headers: {'status': '200', 'content-length': '501', 'content-location': 'http://10.0.2.15:9696/v2.0/routers/0da2eb72-d658-4b7d-b6f6-796cd0248565', 'connection': 'close', 'date': 'Thu, 17 Dec 2015 08:24:09 GMT', 'content-type': 'application/json; charset=UTF-8', 'x-openstack-request-id': 'req-1acd27aa-bda9-4ca8-acca-689da9a85735'}
        Body: {"router": {"status": "ACTIVE", "external_gateway_info": {"network_id": "514561a6-4ba8-4fed-a566-20c7e8eae71f", "enable_snat": true, "external_fixed_ips": [{"subnet_id": "11506329-ea6a-4104-b4c0-d325644da335", "ip_address": "172.24.4.3"}, {"subnet_id": "a71846f0-d6b7-4626-840c-e7fc8a829975", "ip_address": "2001:db8::3"}]}, "name": "tempest-router-smoke-1869415483", "admin_state_up": true, "tenant_id": "2b343811baea48d1aea37965d6f29a6b", "routes": [], "id": "0da2eb72-d658-4b7d-b6f6-796cd0248565"}}
2015-12-17 08:24:10,015 20952 INFO     [tempest_lib.common.rest_client] Request (TestNetworkBasicOps:_run_cleanups): 200 PUT http://10.0.2.15:9696/v2.0/routers/0da2eb72-d658-4b7d-b6f6-796cd0248565 0.316s
2015-12-17 08:24:10,015 20952 DEBUG    [tempest_lib.common.rest_client] Request - Headers: {'Content-Type': 'application/json', 'Accept': 'application/json', 'X-Auth-Token': '&lt;omitted&gt;'}
        Body: {"router": {"external_gateway_info": {}, "name": "tempest-router-smoke-1869415483", "admin_state_up": true}}
    Response - Headers: {'status': '200', 'content-length': '239', 'connection': 'close', 'date': 'Thu, 17 Dec 2015 08:24:10 GMT', 'content-type': 'application/json; charset=UTF-8', 'x-openstack-request-id': 'req-c0b8d357-22a9-432d-8f83-e14e5caba983'}
        Body: {"router": {"status": "ACTIVE", "external_gateway_info": null, "name": "tempest-router-smoke-1869415483", "admin_state_up": true, "tenant_id": "2b343811baea48d1aea37965d6f29a6b", "routes": [], "id": "0da2eb72-d658-4b7d-b6f6-796cd0248565"}}
2015-12-17 08:24:10,305 20952 INFO     [tempest_lib.common.rest_client] Request (TestNetworkBasicOps:_run_cleanups): 204 DELETE http://10.0.2.15:9696/v2.0/routers/0da2eb72-d658-4b7d-b6f6-796cd0248565 0.288s
2015-12-17 08:24:10,305 20952 DEBUG    [tempest_lib.common.rest_client] Request - Headers: {'Content-Type': 'application/json', 'Accept': 'application/json', 'X-Auth-Token': '&lt;omitted&gt;'}
        Body: None
    Response - Headers: {'date': 'Thu, 17 Dec 2015 08:24:10 GMT', 'status': '204', 'connection': 'close', 'content-length': '0', 'x-openstack-request-id': 'req-b1d5af50-884b-4f9a-a3e3-5701eba8329a'}
        Body: 
2015-12-17 08:24:10,470 20952 INFO     [tempest_lib.common.rest_client] Request (TestNetworkBasicOps:_run_cleanups): 204 DELETE http://10.0.2.15:9696/v2.0/networks/70942f33-3dec-43db-92ab-8583e4e2e695 0.163s
2015-12-17 08:24:10,471 20952 DEBUG    [tempest_lib.common.rest_client] Request - Headers: {'Content-Type': 'application/json', 'Accept': 'application/json', 'X-Auth-Token': '&lt;omitted&gt;'}
        Body: None
    Response - Headers: {'date': 'Thu, 17 Dec 2015 08:24:10 GMT', 'status': '204', 'connection': 'close', 'content-length': '0', 'x-openstack-request-id': 'req-02b5e353-b77a-4d1d-a23a-83bbcee68dc9'}
        Body: 
2015-12-17 08:24:10,531 20952 INFO     [tempest_lib.common.rest_client] Request (TestNetworkBasicOps:_run_cleanups): 204 DELETE http://10.0.2.15:9696/v2.0/security-group-rules/df74127b-5674-472a-a51f-360b70abfc34 0.060s
2015-12-17 08:24:10,532 20952 DEBUG    [tempest_lib.common.rest_client] Request - Headers: {'Content-Type': 'application/json', 'Accept': 'application/json', 'X-Auth-Token': '&lt;omitted&gt;'}
        Body: None
    Response - Headers: {'date': 'Thu, 17 Dec 2015 08:24:10 GMT', 'status': '204', 'connection': 'close', 'content-length': '0', 'x-openstack-request-id': 'req-e31c2a90-a54e-424f-aa79-2988edb363f1'}
        Body: 
2015-12-17 08:24:10,581 20952 INFO     [tempest_lib.common.rest_client] Request (TestNetworkBasicOps:_run_cleanups): 204 DELETE http://10.0.2.15:9696/v2.0/security-group-rules/5be3db18-46c5-4b05-a633-84be65d5e579 0.048s
2015-12-17 08:24:10,581 20952 DEBUG    [tempest_lib.common.rest_client] Request - Headers: {'Content-Type': 'application/json', 'Accept': 'application/json', 'X-Auth-Token': '&lt;omitted&gt;'}
        Body: None
    Response - Headers: {'date': 'Thu, 17 Dec 2015 08:24:10 GMT', 'status': '204', 'connection': 'close', 'content-length': '0', 'x-openstack-request-id': 'req-153348c7-b2b6-44a4-b571-fe7bfda2ad08'}
        Body: 
2015-12-17 08:24:10,638 20952 INFO     [tempest_lib.common.rest_client] Request (TestNetworkBasicOps:_run_cleanups): 204 DELETE http://10.0.2.15:9696/v2.0/security-group-rules/22782ffe-7cda-40f5-85b3-6e6253acc663 0.055s
2015-12-17 08:24:10,638 20952 DEBUG    [tempest_lib.common.rest_client] Request - Headers: {'Content-Type': 'application/json', 'Accept': 'application/json', 'X-Auth-Token': '&lt;omitted&gt;'}
        Body: None
    Response - Headers: {'date': 'Thu, 17 Dec 2015 08:24:10 GMT', 'status': '204', 'connection': 'close', 'content-length': '0', 'x-openstack-request-id': 'req-8c99303f-42f3-4ac8-89f6-70e43d63487d'}
        Body: 
2015-12-17 08:24:10,687 20952 INFO     [tempest_lib.common.rest_client] Request (TestNetworkBasicOps:_run_cleanups): 204 DELETE http://10.0.2.15:9696/v2.0/security-group-rules/80b67bd7-ca61-448e-bf54-f4e45dd0e532 0.048s
2015-12-17 08:24:10,687 20952 DEBUG    [tempest_lib.common.rest_client] Request - Headers: {'Content-Type': 'application/json', 'Accept': 'application/json', 'X-Auth-Token': '&lt;omitted&gt;'}
        Body: None
    Response - Headers: {'date': 'Thu, 17 Dec 2015 08:24:10 GMT', 'status': '204', 'connection': 'close', 'content-length': '0', 'x-openstack-request-id': 'req-d418459b-435f-4f3e-8fd0-e7853c711530'}
        Body: 
2015-12-17 08:24:10,738 20952 INFO     [tempest_lib.common.rest_client] Request (TestNetworkBasicOps:_run_cleanups): 204 DELETE http://10.0.2.15:9696/v2.0/security-group-rules/276bcafc-78fb-42d3-9881-f6b58e597cd1 0.050s
2015-12-17 08:24:10,739 20952 DEBUG    [tempest_lib.common.rest_client] Request - Headers: {'Content-Type': 'application/json', 'Accept': 'application/json', 'X-Auth-Token': '&lt;omitted&gt;'}
        Body: None
    Response - Headers: {'date': 'Thu, 17 Dec 2015 08:24:10 GMT', 'status': '204', 'connection': 'close', 'content-length': '0', 'x-openstack-request-id': 'req-5813ae13-9940-43b5-9f0f-22daed333fd4'}
        Body: 
2015-12-17 08:24:10,785 20952 INFO     [tempest_lib.common.rest_client] Request (TestNetworkBasicOps:_run_cleanups): 204 DELETE http://10.0.2.15:9696/v2.0/security-group-rules/49cc01e2-c132-41a6-95f1-5ce8c77fa1d0 0.045s
2015-12-17 08:24:10,786 20952 DEBUG    [tempest_lib.common.rest_client] Request - Headers: {'Content-Type': 'application/json', 'Accept': 'application/json', 'X-Auth-Token': '&lt;omitted&gt;'}
        Body: None
