<?xml version="1.0" encoding="UTF-8"?>
<!DOCTYPE html PUBLIC "-//W3C//DTD XHTML 1.0 Strict//EN"
     "http://www.w3.org/TR/xhtml1/DTD/xhtml1-strict.dtd">
<html xmlns="http://www.w3.org/1999/xhtml">
<head>
    <title>Unit Test Report</title>
    <meta name="generator" content="subunit2html 0.1"/>
    <meta http-equiv="Content-Type" content="text/html; charset=UTF-8"/>
    
<style type="text/css" media="screen">
body        { font-family: verdana, arial, helvetica, sans-serif;
    font-size: 80%; }
table       { font-size: 100%; width: 100%;}
pre         { font-size: 80%; }

/* -- heading -------------------------------------------------------------- */
h1 {
        font-size: 16pt;
        color: gray;
}
.heading {
    margin-top: 0ex;
    margin-bottom: 1ex;
}

.heading .attribute {
    margin-top: 1ex;
    margin-bottom: 0;
}

.heading .description {
    margin-top: 4ex;
    margin-bottom: 6ex;
}

/* -- css div popup -------------------------------------------------------- */
a.popup_link {
}

a.popup_link:hover {
    color: red;
}

.popup_window {
    display: none;
    overflow-x: scroll;
    /*border: solid #627173 1px; */
    padding: 10px;
    background-color: #E6E6D6;
    font-family: "Ubuntu Mono", "Lucida Console", "Courier New", monospace;
    text-align: left;
    font-size: 8pt;
}

}
/* -- report --------------------------------------------------------------- */
#show_detail_line {
    margin-top: 3ex;
    margin-bottom: 1ex;
}
#result_table {
    width: 100%;
    border-collapse: collapse;
    border: 1px solid #777;
}
#header_row {
    font-weight: bold;
    color: white;
    background-color: #777;
}
#result_table td {
    border: 1px solid #777;
    padding: 2px;
}
#total_row  { font-weight: bold; }
.passClass  { background-color: #6c6; }
.failClass  { background-color: #c60; }
.errorClass { background-color: #c00; }
.passCase   { color: #6c6; }
.failCase   { color: #c60; font-weight: bold; }
.errorCase  { color: #c00; font-weight: bold; }
.hiddenRow  { display: none; }
.testcase   { margin-left: 2em; }
td.testname {width: 40%}
td.small {width: 40px}

/* -- ending --------------------------------------------------------------- */
#ending {
}

</style>

</head>
<body>
<script language="javascript" type="text/javascript"><!--
output_list = Array();

/* level - 0:Summary; 1:Failed; 2:All */
function showCase(level) {
    trs = document.getElementsByTagName("tr");
    for (var i = 0; i < trs.length; i++) {
        tr = trs[i];
        id = tr.id;
        if (id.substr(0,2) == 'ft') {
            if (level < 1) {
                tr.className = 'hiddenRow';
            }
            else {
                tr.className = '';
            }
        }
        if (id.substr(0,2) == 'pt') {
            if (level > 1) {
                tr.className = '';
            }
            else {
                tr.className = 'hiddenRow';
            }
        }
    }
}


function showClassDetail(cid, count) {
    var id_list = Array(count);
    var toHide = 1;
    for (var i = 0; i < count; i++) {
        tid0 = 't' + cid.substr(1) + '.' + (i+1);
        tid = 'f' + tid0;
        tr = document.getElementById(tid);
        if (!tr) {
            tid = 'p' + tid0;
            tr = document.getElementById(tid);
        }
        id_list[i] = tid;
        if (tr.className) {
            toHide = 0;
        }
    }
    for (var i = 0; i < count; i++) {
        tid = id_list[i];
        if (toHide) {
            document.getElementById('div_'+tid).style.display = 'none'
            document.getElementById(tid).className = 'hiddenRow';
        }
        else {
            document.getElementById(tid).className = '';
        }
    }
}


function showTestDetail(div_id){
    var details_div = document.getElementById(div_id)
    var displayState = details_div.style.display
    // alert(displayState)
    if (displayState != 'block' ) {
        displayState = 'block'
        details_div.style.display = 'block'
    }
    else {
        details_div.style.display = 'none'
    }
}


function html_escape(s) {
    s = s.replace(/&/g,'&amp;');
    s = s.replace(/</g,'&lt;');
    s = s.replace(/>/g,'&gt;');
    return s;
}

/* obsoleted by detail in <div>
function showOutput(id, name) {
    var w = window.open("", //url
                    name,
                    "resizable,scrollbars,status,width=800,height=450");
    d = w.document;
    d.write("<pre>");
    d.write(html_escape(output_list[id]));
    d.write("\n");
    d.write("<a href='javascript:window.close()'>close</a>\n");
    d.write("</pre>\n");
    d.close();
}
*/
--></script>

<div class='heading'>
<h1>Unit Test Report</h1>

<p class='attribute'><strong>Status:</strong> Pass 8 Failure 1</p>

<p class='description'></p>
</div>



<p id='show_detail_line'>Show
<a href='javascript:showCase(0)'>Summary</a>
<a href='javascript:showCase(1)'>Failed</a>
<a href='javascript:showCase(2)'>All</a>
</p>
<table id='result_table'>
<colgroup>
<col align='left' />
<col align='right' />
<col align='right' />
<col align='right' />
<col align='right' />
<col align='right' />
<col align='right' />
<col align='right' />
</colgroup>
<tr id='header_row'>
    <td>Test Group/Test case</td>
    <td>Count</td>
    <td>Pass</td>
    <td>Fail</td>
    <td>Error</td>
    <td>Skip</td>
    <td>View</td>
    <td> </td>
</tr>

<tr class='failClass'>
    <td class="testname">tempest.scenario.test_network_basic_ops.TestNetworkBasicOps</td>
    <td class="small">9</td>
    <td class="small">8</td>
    <td class="small">1</td>
    <td class="small">0</td>
    <td class="small">0</td>
    <td class="small"><a href="javascript:showClassDetail('c1',9)"
>Detail</a></td>
    <td> </td>
</tr>

<tr id='pt1.1' class='hiddenRow'>
    <td class='none'><div class='testcase'>test_connectivity_between_vms_on_different_networks[compute,id-1546850e-fbaa-42f5-8b5f-03d8a6a95f15,network]</div></td>
    <td colspan='7' align='left'>

    <!--css div popup start-->
    <a class="popup_link" onfocus='this.blur();'
    href="javascript:showTestDetail('div_pt1.1')" >
        pass</a>

    <div id='div_pt1.1' class="popup_window">
        <div style='text-align: right; color:red;cursor:pointer'>
        <a onfocus='this.blur();'
onclick="document.getElementById('div_pt1.1').style.display = 'none' " >
           [x]</a>
        </div>
        <pre>
        
pt1.1: tempest.scenario.test_network_basic_ops.TestNetworkBasicOps.test_connectivity_between_vms_on_different_networks[compute,id-1546850e-fbaa-42f5-8b5f-03d8a6a95f15,network]

        </pre>
    </div>
    <!--css div popup end-->

    </td>
</tr>

<tr id='pt1.2' class='hiddenRow'>
    <td class='none'><div class='testcase'>test_hotplug_nic[compute,id-c5adff73-e961-41f1-b4a9-343614f18cfa,network]</div></td>
    <td colspan='7' align='left'>

    <!--css div popup start-->
    <a class="popup_link" onfocus='this.blur();'
    href="javascript:showTestDetail('div_pt1.2')" >
        pass</a>

    <div id='div_pt1.2' class="popup_window">
        <div style='text-align: right; color:red;cursor:pointer'>
        <a onfocus='this.blur();'
onclick="document.getElementById('div_pt1.2').style.display = 'none' " >
           [x]</a>
        </div>
        <pre>
        
pt1.2: tempest.scenario.test_network_basic_ops.TestNetworkBasicOps.test_hotplug_nic[compute,id-c5adff73-e961-41f1-b4a9-343614f18cfa,network]

        </pre>
    </div>
    <!--css div popup end-->

    </td>
</tr>

<tr id='pt1.3' class='hiddenRow'>
    <td class='none'><div class='testcase'>test_network_basic_ops[compute,id-f323b3ba-82f8-4db7-8ea6-6a895869ec49,network,smoke]</div></td>
    <td colspan='7' align='left'>

    <!--css div popup start-->
    <a class="popup_link" onfocus='this.blur();'
    href="javascript:showTestDetail('div_pt1.3')" >
        pass</a>

    <div id='div_pt1.3' class="popup_window">
        <div style='text-align: right; color:red;cursor:pointer'>
        <a onfocus='this.blur();'
onclick="document.getElementById('div_pt1.3').style.display = 'none' " >
           [x]</a>
        </div>
        <pre>
        
pt1.3: tempest.scenario.test_network_basic_ops.TestNetworkBasicOps.test_network_basic_ops[compute,id-f323b3ba-82f8-4db7-8ea6-6a895869ec49,network,smoke]

        </pre>
    </div>
    <!--css div popup end-->

    </td>
</tr>

<tr id='pt1.4' class='hiddenRow'>
    <td class='none'><div class='testcase'>test_port_security_macspoofing_port[compute,id-7c0bb1a2-d053-49a4-98f9-ca1a1d849f63,network]</div></td>
    <td colspan='7' align='left'>

    <!--css div popup start-->
    <a class="popup_link" onfocus='this.blur();'
    href="javascript:showTestDetail('div_pt1.4')" >
        pass</a>

    <div id='div_pt1.4' class="popup_window">
        <div style='text-align: right; color:red;cursor:pointer'>
        <a onfocus='this.blur();'
onclick="document.getElementById('div_pt1.4').style.display = 'none' " >
           [x]</a>
        </div>
        <pre>
        
pt1.4: tempest.scenario.test_network_basic_ops.TestNetworkBasicOps.test_port_security_macspoofing_port[compute,id-7c0bb1a2-d053-49a4-98f9-ca1a1d849f63,network]

        </pre>
    </div>
    <!--css div popup end-->

    </td>
</tr>

<tr id='pt1.5' class='hiddenRow'>
    <td class='none'><div class='testcase'>test_preserve_preexisting_port[compute,id-759462e1-8535-46b0-ab3a-33aa45c55aaa,network]</div></td>
    <td colspan='7' align='left'>

    <!--css div popup start-->
    <a class="popup_link" onfocus='this.blur();'
    href="javascript:showTestDetail('div_pt1.5')" >
        pass</a>

    <div id='div_pt1.5' class="popup_window">
        <div style='text-align: right; color:red;cursor:pointer'>
        <a onfocus='this.blur();'
onclick="document.getElementById('div_pt1.5').style.display = 'none' " >
           [x]</a>
        </div>
        <pre>
        
pt1.5: tempest.scenario.test_network_basic_ops.TestNetworkBasicOps.test_preserve_preexisting_port[compute,id-759462e1-8535-46b0-ab3a-33aa45c55aaa,network]

        </pre>
    </div>
    <!--css div popup end-->

    </td>
</tr>

<tr id='pt1.6' class='hiddenRow'>
    <td class='none'><div class='testcase'>test_router_rescheduling[compute,id-2e788c46-fb3f-4ac9-8f82-0561555bea73,network]</div></td>
    <td colspan='7' align='left'>

    <!--css div popup start-->
    <a class="popup_link" onfocus='this.blur();'
    href="javascript:showTestDetail('div_pt1.6')" >
        pass</a>

    <div id='div_pt1.6' class="popup_window">
        <div style='text-align: right; color:red;cursor:pointer'>
        <a onfocus='this.blur();'
onclick="document.getElementById('div_pt1.6').style.display = 'none' " >
           [x]</a>
        </div>
        <pre>
        
pt1.6: tempest.scenario.test_network_basic_ops.TestNetworkBasicOps.test_router_rescheduling[compute,id-2e788c46-fb3f-4ac9-8f82-0561555bea73,network]

        </pre>
    </div>
    <!--css div popup end-->

    </td>
</tr>

<tr id='pt1.7' class='hiddenRow'>
    <td class='none'><div class='testcase'>test_subnet_details[compute,id-d8bb918e-e2df-48b2-97cd-b73c95450980,network]</div></td>
    <td colspan='7' align='left'>

    <!--css div popup start-->
    <a class="popup_link" onfocus='this.blur();'
    href="javascript:showTestDetail('div_pt1.7')" >
        pass</a>

    <div id='div_pt1.7' class="popup_window">
        <div style='text-align: right; color:red;cursor:pointer'>
        <a onfocus='this.blur();'
onclick="document.getElementById('div_pt1.7').style.display = 'none' " >
           [x]</a>
        </div>
        <pre>
        
pt1.7: tempest.scenario.test_network_basic_ops.TestNetworkBasicOps.test_subnet_details[compute,id-d8bb918e-e2df-48b2-97cd-b73c95450980,network]

        </pre>
    </div>
    <!--css div popup end-->

    </td>
</tr>

<tr id='ft1.8' class='none'>
    <td class='failCase'><div class='testcase'>test_update_instance_port_admin_state[compute,id-f5dfcc22-45fd-409f-954c-5bd500d7890b,network]</div></td>
    <td colspan='7' align='left'>

    <!--css div popup start-->
    <a class="popup_link" onfocus='this.blur();'
    href="javascript:showTestDetail('div_ft1.8')" >
        fail</a>

    <div id='div_ft1.8' class="popup_window">
        <div style='text-align: right; color:red;cursor:pointer'>
        <a onfocus='this.blur();'
onclick="document.getElementById('div_ft1.8').style.display = 'none' " >
           [x]</a>
        </div>
        <pre>
        
ft1.8: tempest.scenario.test_network_basic_ops.TestNetworkBasicOps.test_update_instance_port_admin_state[compute,id-f5dfcc22-45fd-409f-954c-5bd500d7890b,network]_StringException: Empty attachments:
  stderr
  stdout

pythonlogging:'': {{{
2016-02-22 05:14:32,678 31437 INFO     [tempest_lib.common.rest_client] Request (TestNetworkBasicOps:test_update_instance_port_admin_state): 201 POST http://10.4.1.3:9696/v2.0/security-groups 0.085s
2016-02-22 05:14:32,679 31437 DEBUG    [tempest_lib.common.rest_client] Request - Headers: {'Content-Type': 'application/json', 'Accept': 'application/json', 'X-Auth-Token': '&lt;omitted&gt;'}
        Body: {"security_group": {"tenant_id": "5bdee74059724b3e92029eaddf1f2770", "description": "tempest-secgroup-smoke-1881761676 description", "name": "tempest-secgroup-smoke-1881761676"}}
    Response - Headers: {'status': '201', 'content-length': '888', 'connection': 'close', 'date': 'Mon, 22 Feb 2016 05:14:32 GMT', 'content-type': 'application/json; charset=UTF-8', 'x-openstack-request-id': 'req-ee6e1157-f19e-48a4-9053-ad300cea4d89'}
        Body: {"security_group": {"tenant_id": "5bdee74059724b3e92029eaddf1f2770", "description": "tempest-secgroup-smoke-1881761676 description", "id": "669a1496-56c9-4ae3-97cf-245c8c9ef274", "security_group_rules": [{"remote_group_id": null, "direction": "egress", "remote_ip_prefix": null, "protocol": null, "ethertype": "IPv4", "tenant_id": "5bdee74059724b3e92029eaddf1f2770", "port_range_max": null, "port_range_min": null, "id": "d711d224-5530-4051-8548-d8bd1caf9e6d", "security_group_id": "669a1496-56c9-4ae3-97cf-245c8c9ef274"}, {"remote_group_id": null, "direction": "egress", "remote_ip_prefix": null, "protocol": null, "ethertype": "IPv6", "tenant_id": "5bdee74059724b3e92029eaddf1f2770", "port_range_max": null, "port_range_min": null, "id": "71dacff1-e9cc-497f-ac54-822dd7e75d62", "security_group_id": "669a1496-56c9-4ae3-97cf-245c8c9ef274"}], "name": "tempest-secgroup-smoke-1881761676"}}
2016-02-22 05:14:32,790 31437 INFO     [tempest_lib.common.rest_client] Request (TestNetworkBasicOps:test_update_instance_port_admin_state): 201 POST http://10.4.1.3:9696/v2.0/security-group-rules 0.109s
2016-02-22 05:14:32,790 31437 DEBUG    [tempest_lib.common.rest_client] Request - Headers: {'Content-Type': 'application/json', 'Accept': 'application/json', 'X-Auth-Token': '&lt;omitted&gt;'}
        Body: {"security_group_rule": {"direction": "ingress", "protocol": "tcp", "tenant_id": "5bdee74059724b3e92029eaddf1f2770", "port_range_max": 22, "security_group_id": "669a1496-56c9-4ae3-97cf-245c8c9ef274", "port_range_min": 22}}
    Response - Headers: {'status': '201', 'content-length': '340', 'connection': 'close', 'date': 'Mon, 22 Feb 2016 05:14:32 GMT', 'content-type': 'application/json; charset=UTF-8', 'x-openstack-request-id': 'req-5aa0ae3e-a931-4ac4-9bf3-326e8fea4295'}
        Body: {"security_group_rule": {"remote_group_id": null, "direction": "ingress", "remote_ip_prefix": null, "protocol": "tcp", "ethertype": "IPv4", "tenant_id": "5bdee74059724b3e92029eaddf1f2770", "port_range_max": 22, "port_range_min": 22, "id": "222463e2-4894-42ab-ad1d-dcca5b895a7f", "security_group_id": "669a1496-56c9-4ae3-97cf-245c8c9ef274"}}
2016-02-22 05:14:32,904 31437 INFO     [tempest_lib.common.rest_client] Request (TestNetworkBasicOps:test_update_instance_port_admin_state): 201 POST http://10.4.1.3:9696/v2.0/security-group-rules 0.112s
2016-02-22 05:14:32,904 31437 DEBUG    [tempest_lib.common.rest_client] Request - Headers: {'Content-Type': 'application/json', 'Accept': 'application/json', 'X-Auth-Token': '&lt;omitted&gt;'}
        Body: {"security_group_rule": {"direction": "egress", "protocol": "tcp", "tenant_id": "5bdee74059724b3e92029eaddf1f2770", "port_range_max": 22, "security_group_id": "669a1496-56c9-4ae3-97cf-245c8c9ef274", "port_range_min": 22}}
    Response - Headers: {'status': '201', 'content-length': '339', 'connection': 'close', 'date': 'Mon, 22 Feb 2016 05:14:32 GMT', 'content-type': 'application/json; charset=UTF-8', 'x-openstack-request-id': 'req-f1a611fe-657b-40dd-a8a6-e82d55b4244b'}
        Body: {"security_group_rule": {"remote_group_id": null, "direction": "egress", "remote_ip_prefix": null, "protocol": "tcp", "ethertype": "IPv4", "tenant_id": "5bdee74059724b3e92029eaddf1f2770", "port_range_max": 22, "port_range_min": 22, "id": "d9c6a7b7-a3d4-49a8-99f5-2cd2a06a016a", "security_group_id": "669a1496-56c9-4ae3-97cf-245c8c9ef274"}}
2016-02-22 05:14:33,010 31437 INFO     [tempest_lib.common.rest_client] Request (TestNetworkBasicOps:test_update_instance_port_admin_state): 201 POST http://10.4.1.3:9696/v2.0/security-group-rules 0.104s
2016-02-22 05:14:33,011 31437 DEBUG    [tempest_lib.common.rest_client] Request - Headers: {'Content-Type': 'application/json', 'Accept': 'application/json', 'X-Auth-Token': '&lt;omitted&gt;'}
        Body: {"security_group_rule": {"tenant_id": "5bdee74059724b3e92029eaddf1f2770", "direction": "ingress", "protocol": "icmp", "security_group_id": "669a1496-56c9-4ae3-97cf-245c8c9ef274"}}
    Response - Headers: {'status': '201', 'content-length': '345', 'connection': 'close', 'date': 'Mon, 22 Feb 2016 05:14:33 GMT', 'content-type': 'application/json; charset=UTF-8', 'x-openstack-request-id': 'req-29b3805b-7e49-4341-8e0b-d55fbc88c658'}
        Body: {"security_group_rule": {"remote_group_id": null, "direction": "ingress", "remote_ip_prefix": null, "protocol": "icmp", "ethertype": "IPv4", "tenant_id": "5bdee74059724b3e92029eaddf1f2770", "port_range_max": null, "port_range_min": null, "id": "981e06b4-d8b8-47f7-85cf-a796807b5f73", "security_group_id": "669a1496-56c9-4ae3-97cf-245c8c9ef274"}}
2016-02-22 05:14:33,129 31437 INFO     [tempest_lib.common.rest_client] Request (TestNetworkBasicOps:test_update_instance_port_admin_state): 201 POST http://10.4.1.3:9696/v2.0/security-group-rules 0.117s
2016-02-22 05:14:33,130 31437 DEBUG    [tempest_lib.common.rest_client] Request - Headers: {'Content-Type': 'application/json', 'Accept': 'application/json', 'X-Auth-Token': '&lt;omitted&gt;'}
        Body: {"security_group_rule": {"tenant_id": "5bdee74059724b3e92029eaddf1f2770", "direction": "egress", "protocol": "icmp", "security_group_id": "669a1496-56c9-4ae3-97cf-245c8c9ef274"}}
    Response - Headers: {'status': '201', 'content-length': '344', 'connection': 'close', 'date': 'Mon, 22 Feb 2016 05:14:33 GMT', 'content-type': 'application/json; charset=UTF-8', 'x-openstack-request-id': 'req-c6aa9fe3-c3b4-450f-ab91-38bfa03137a3'}
        Body: {"security_group_rule": {"remote_group_id": null, "direction": "egress", "remote_ip_prefix": null, "protocol": "icmp", "ethertype": "IPv4", "tenant_id": "5bdee74059724b3e92029eaddf1f2770", "port_range_max": null, "port_range_min": null, "id": "33ff9ef6-a128-4c7d-904f-cbec541414e8", "security_group_id": "669a1496-56c9-4ae3-97cf-245c8c9ef274"}}
2016-02-22 05:14:33,237 31437 INFO     [tempest_lib.common.rest_client] Request (TestNetworkBasicOps:test_update_instance_port_admin_state): 201 POST http://10.4.1.3:9696/v2.0/security-group-rules 0.105s
2016-02-22 05:14:33,238 31437 DEBUG    [tempest_lib.common.rest_client] Request - Headers: {'Content-Type': 'application/json', 'Accept': 'application/json', 'X-Auth-Token': '&lt;omitted&gt;'}
        Body: {"security_group_rule": {"tenant_id": "5bdee74059724b3e92029eaddf1f2770", "direction": "ingress", "security_group_id": "669a1496-56c9-4ae3-97cf-245c8c9ef274", "protocol": "icmp", "ethertype": "IPv6"}}
    Response - Headers: {'status': '201', 'content-length': '345', 'connection': 'close', 'date': 'Mon, 22 Feb 2016 05:14:33 GMT', 'content-type': 'application/json; charset=UTF-8', 'x-openstack-request-id': 'req-9a17f3ba-0a3e-43b7-9b09-880232b902b1'}
        Body: {"security_group_rule": {"remote_group_id": null, "direction": "ingress", "remote_ip_prefix": null, "protocol": "icmp", "ethertype": "IPv6", "tenant_id": "5bdee74059724b3e92029eaddf1f2770", "port_range_max": null, "port_range_min": null, "id": "18e40ccc-3499-4c63-bcbe-b9afdbdb69f7", "security_group_id": "669a1496-56c9-4ae3-97cf-245c8c9ef274"}}
2016-02-22 05:14:33,349 31437 INFO     [tempest_lib.common.rest_client] Request (TestNetworkBasicOps:test_update_instance_port_admin_state): 201 POST http://10.4.1.3:9696/v2.0/security-group-rules 0.110s
2016-02-22 05:14:33,350 31437 DEBUG    [tempest_lib.common.rest_client] Request - Headers: {'Content-Type': 'application/json', 'Accept': 'application/json', 'X-Auth-Token': '&lt;omitted&gt;'}
        Body: {"security_group_rule": {"tenant_id": "5bdee74059724b3e92029eaddf1f2770", "direction": "egress", "security_group_id": "669a1496-56c9-4ae3-97cf-245c8c9ef274", "protocol": "icmp", "ethertype": "IPv6"}}
    Response - Headers: {'status': '201', 'content-length': '344', 'connection': 'close', 'date': 'Mon, 22 Feb 2016 05:14:33 GMT', 'content-type': 'application/json; charset=UTF-8', 'x-openstack-request-id': 'req-acfa5528-ae01-47b5-8ead-5d25e9a598d4'}
        Body: {"security_group_rule": {"remote_group_id": null, "direction": "egress", "remote_ip_prefix": null, "protocol": "icmp", "ethertype": "IPv6", "tenant_id": "5bdee74059724b3e92029eaddf1f2770", "port_range_max": null, "port_range_min": null, "id": "1c47eea4-8bcf-45da-8f93-f4880242f9b1", "security_group_id": "669a1496-56c9-4ae3-97cf-245c8c9ef274"}}
2016-02-22 05:14:33,511 31437 INFO     [tempest_lib.common.rest_client] Request (TestNetworkBasicOps:test_update_instance_port_admin_state): 201 POST http://10.4.1.3:9696/v2.0/networks 0.160s
2016-02-22 05:14:33,512 31437 DEBUG    [tempest_lib.common.rest_client] Request - Headers: {'Content-Type': 'application/json', 'Accept': 'application/json', 'X-Auth-Token': '&lt;omitted&gt;'}
        Body: {"network": {"tenant_id": "5bdee74059724b3e92029eaddf1f2770", "name": "tempest-network-smoke--1119201659"}}
    Response - Headers: {'status': '201', 'content-length': '299', 'connection': 'close', 'date': 'Mon, 22 Feb 2016 05:14:33 GMT', 'content-type': 'application/json; charset=UTF-8', 'x-openstack-request-id': 'req-fff2e88e-7ac4-434d-9d26-ff7bc7ceaafc'}
        Body: {"network": {"status": "ACTIVE", "subnets": [], "name": "tempest-network-smoke--1119201659", "admin_state_up": true, "tenant_id": "5bdee74059724b3e92029eaddf1f2770", "mtu": 1450, "router:external": false, "shared": false, "port_security_enabled": true, "id": "7cd2cdc7-820e-4c5c-9c7b-3e2903b01cac"}}
2016-02-22 05:14:33,589 31437 INFO     [tempest_lib.common.rest_client] Request (TestNetworkBasicOps:test_update_instance_port_admin_state): 201 POST http://10.4.1.3:9696/v2.0/routers 0.075s
2016-02-22 05:14:33,589 31437 DEBUG    [tempest_lib.common.rest_client] Request - Headers: {'Content-Type': 'application/json', 'Accept': 'application/json', 'X-Auth-Token': '&lt;omitted&gt;'}
        Body: {"router": {"tenant_id": "5bdee74059724b3e92029eaddf1f2770", "name": "tempest-router-smoke-1076376230", "admin_state_up": true}}
    Response - Headers: {'status': '201', 'content-length': '239', 'connection': 'close', 'date': 'Mon, 22 Feb 2016 05:14:33 GMT', 'content-type': 'application/json; charset=UTF-8', 'x-openstack-request-id': 'req-54720586-8796-4354-adf7-4dc6582d9002'}
        Body: {"router": {"status": "ACTIVE", "external_gateway_info": null, "name": "tempest-router-smoke-1076376230", "admin_state_up": true, "tenant_id": "5bdee74059724b3e92029eaddf1f2770", "routes": [], "id": "09b91f6e-9561-467c-a0f5-48042edb9955"}}
2016-02-22 05:14:33,635 31437 INFO     [tempest_lib.common.rest_client] Request (TestNetworkBasicOps:test_update_instance_port_admin_state): 200 GET http://10.4.1.3:9696/v2.0/routers/09b91f6e-9561-467c-a0f5-48042edb9955 0.045s
2016-02-22 05:14:33,635 31437 DEBUG    [tempest_lib.common.rest_client] Request - Headers: {'Content-Type': 'application/json', 'Accept': 'application/json', 'X-Auth-Token': '&lt;omitted&gt;'}
        Body: None
    Response - Headers: {'status': '200', 'content-length': '239', 'content-location': 'http://10.4.1.3:9696/v2.0/routers/09b91f6e-9561-467c-a0f5-48042edb9955', 'connection': 'close', 'date': 'Mon, 22 Feb 2016 05:14:33 GMT', 'content-type': 'application/json; charset=UTF-8', 'x-openstack-request-id': 'req-d89ab666-b52b-4049-aa0b-ae7c664aee4d'}
        Body: {"router": {"status": "ACTIVE", "external_gateway_info": null, "name": "tempest-router-smoke-1076376230", "admin_state_up": true, "tenant_id": "5bdee74059724b3e92029eaddf1f2770", "routes": [], "id": "09b91f6e-9561-467c-a0f5-48042edb9955"}}
2016-02-22 05:14:34,243 31437 INFO     [tempest_lib.common.rest_client] Request (TestNetworkBasicOps:test_update_instance_port_admin_state): 200 PUT http://10.4.1.3:9696/v2.0/routers/09b91f6e-9561-467c-a0f5-48042edb9955 0.607s
2016-02-22 05:14:34,244 31437 DEBUG    [tempest_lib.common.rest_client] Request - Headers: {'Content-Type': 'application/json', 'Accept': 'application/json', 'X-Auth-Token': '&lt;omitted&gt;'}
        Body: {"router": {"external_gateway_info": {"network_id": "f30fc7d2-ca4e-4c38-912f-ac66cceb4df3"}, "name": "tempest-router-smoke-1076376230", "admin_state_up": true}}
    Response - Headers: {'status': '200', 'content-length': '503', 'connection': 'close', 'date': 'Mon, 22 Feb 2016 05:14:34 GMT', 'content-type': 'application/json; charset=UTF-8', 'x-openstack-request-id': 'req-27b4383e-29a6-4bff-98a0-fe78251bec28'}
        Body: {"router": {"status": "ACTIVE", "external_gateway_info": {"network_id": "f30fc7d2-ca4e-4c38-912f-ac66cceb4df3", "enable_snat": true, "external_fixed_ips": [{"subnet_id": "f96d93cc-909a-4649-8a7e-58a113b3e022", "ip_address": "172.24.4.17"}, {"subnet_id": "caa91bba-69fd-4696-87ed-57f14f2dc0de", "ip_address": "2001:db8::11"}]}, "name": "tempest-router-smoke-1076376230", "admin_state_up": true, "tenant_id": "5bdee74059724b3e92029eaddf1f2770", "routes": [], "id": "09b91f6e-9561-467c-a0f5-48042edb9955"}}
2016-02-22 05:14:34,274 31437 INFO     [tempest_lib.common.rest_client] Request (TestNetworkBasicOps:test_update_instance_port_admin_state): 200 GET http://10.4.1.3:9696/v2.0/subnets?tenant_id=5bdee74059724b3e92029eaddf1f2770&amp;cidr=10.100.0.0%2F28 0.028s
2016-02-22 05:14:34,274 31437 DEBUG    [tempest_lib.common.rest_client] Request - Headers: {'Content-Type': 'application/json', 'Accept': 'application/json', 'X-Auth-Token': '&lt;omitted&gt;'}
        Body: None
    Response - Headers: {'status': '200', 'content-length': '15', 'content-location': 'http://10.4.1.3:9696/v2.0/subnets?tenant_id=5bdee74059724b3e92029eaddf1f2770&amp;cidr=10.100.0.0%2F28', 'connection': 'close', 'date': 'Mon, 22 Feb 2016 05:14:34 GMT', 'content-type': 'application/json; charset=UTF-8', 'x-openstack-request-id': 'req-267f1264-6d09-4e39-acf2-6789992cf63c'}
        Body: {"subnets": []}
2016-02-22 05:14:34,509 31437 INFO     [tempest_lib.common.rest_client] Request (TestNetworkBasicOps:test_update_instance_port_admin_state): 201 POST http://10.4.1.3:9696/v2.0/subnets 0.235s
2016-02-22 05:14:34,510 31437 DEBUG    [tempest_lib.common.rest_client] Request - Headers: {'Content-Type': 'application/json', 'Accept': 'application/json', 'X-Auth-Token': '&lt;omitted&gt;'}
        Body: {"subnet": {"ip_version": 4, "tenant_id": "5bdee74059724b3e92029eaddf1f2770", "cidr": "10.100.0.0/28", "network_id": "7cd2cdc7-820e-4c5c-9c7b-3e2903b01cac", "name": "tempest-subnet-smoke-1648973051"}}
    Response - Headers: {'status': '201', 'content-length': '478', 'connection': 'close', 'date': 'Mon, 22 Feb 2016 05:14:34 GMT', 'content-type': 'application/json; charset=UTF-8', 'x-openstack-request-id': 'req-9b141286-0544-4e56-961c-ae5d14e218b6'}
        Body: {"subnet": {"name": "tempest-subnet-smoke-1648973051", "enable_dhcp": true, "network_id": "7cd2cdc7-820e-4c5c-9c7b-3e2903b01cac", "tenant_id": "5bdee74059724b3e92029eaddf1f2770", "dns_nameservers": [], "gateway_ip": "10.100.0.1", "ipv6_ra_mode": null, "allocation_pools": [{"start": "10.100.0.2", "end": "10.100.0.14"}], "host_routes": [], "ip_version": 4, "ipv6_address_mode": null, "cidr": "10.100.0.0/28", "id": "6d38af1d-411c-4c47-8565-4446af2bd884", "subnetpool_id": null}}
2016-02-22 05:14:35,130 31437 INFO     [tempest_lib.common.rest_client] Request (TestNetworkBasicOps:test_update_instance_port_admin_state): 200 PUT http://10.4.1.3:9696/v2.0/routers/09b91f6e-9561-467c-a0f5-48042edb9955/add_router_interface 0.619s
2016-02-22 05:14:35,131 31437 DEBUG    [tempest_lib.common.rest_client] Request - Headers: {'Content-Type': 'application/json', 'Accept': 'application/json', 'X-Auth-Token': '&lt;omitted&gt;'}
        Body: {"subnet_id": "6d38af1d-411c-4c47-8565-4446af2bd884"}
    Response - Headers: {'status': '200', 'content-length': '255', 'connection': 'close', 'date': 'Mon, 22 Feb 2016 05:14:35 GMT', 'content-type': 'application/json; charset=UTF-8', 'x-openstack-request-id': 'req-5f1be392-f630-40d4-a210-dc84e8629256'}
        Body: {"subnet_id": "6d38af1d-411c-4c47-8565-4446af2bd884", "tenant_id": "5bdee74059724b3e92029eaddf1f2770", "subnet_ids": ["6d38af1d-411c-4c47-8565-4446af2bd884"], "port_id": "cd4617da-2c09-460c-879d-a4e2c11b0446", "id": "09b91f6e-9561-467c-a0f5-48042edb9955"}
2016-02-22 05:14:35,178 31437 INFO     [tempest_lib.common.rest_client] Request (TestNetworkBasicOps:test_update_instance_port_admin_state): 200 GET http://10.4.1.3:9696/v2.0/networks 0.046s
2016-02-22 05:14:35,178 31437 DEBUG    [tempest_lib.common.rest_client] Request - Headers: {'Content-Type': 'application/json', 'Accept': 'application/json', 'X-Auth-Token': '&lt;omitted&gt;'}
        Body: None
    Response - Headers: {'status': '200', 'content-length': '1327', 'content-location': 'http://10.4.1.3:9696/v2.0/networks', 'connection': 'close', 'date': 'Mon, 22 Feb 2016 05:14:35 GMT', 'content-type': 'application/json; charset=UTF-8', 'x-openstack-request-id': 'req-100ec75d-198a-4392-ba31-bf1407f2df35'}
        Body: {"networks": [{"status": "ACTIVE", "subnets": ["f96d93cc-909a-4649-8a7e-58a113b3e022", "caa91bba-69fd-4696-87ed-57f14f2dc0de"], "name": "public", "provider:physical_network": null, "admin_state_up": true, "tenant_id": "2925bc0cb6f0493cb36e139294531613", "mtu": 1450, "router:external": true, "shared": false, "port_security_enabled": true, "provider:network_type": "vxlan", "id": "f30fc7d2-ca4e-4c38-912f-ac66cceb4df3", "provider:segmentation_id": 1044}, {"status": "ACTIVE", "subnets": ["3d42a787-67cb-46d5-abc9-bda270257f71", "cbc880cc-1a56-4d9c-88ec-9d0c4ec68d5a"], "name": "private", "provider:physical_network": null, "admin_state_up": true, "tenant_id": "8c9666e3409a42e3842ee7c57d7b5c56", "mtu": 1450, "router:external": false, "shared": false, "port_security_enabled": true, "provider:network_type": "vxlan", "id": "898e987d-390c-4ac6-b312-7c098044bc28", "provider:segmentation_id": 1074}, {"status": "ACTIVE", "subnets": ["6d38af1d-411c-4c47-8565-4446af2bd884"], "name": "tempest-network-smoke--1119201659", "provider:physical_network": null, "admin_state_up": true, "tenant_id": "5bdee74059724b3e92029eaddf1f2770", "mtu": 1450, "router:external": false, "shared": false, "port_security_enabled": true, "provider:network_type": "vxlan", "id": "7cd2cdc7-820e-4c5c-9c7b-3e2903b01cac", "provider:segmentation_id": 1061}]}
2016-02-22 05:14:35,230 31437 INFO     [tempest_lib.common.rest_client] Request (TestNetworkBasicOps:test_update_instance_port_admin_state): 200 GET http://10.4.1.3:9696/v2.0/subnets 0.051s
2016-02-22 05:14:35,231 31437 DEBUG    [tempest_lib.common.rest_client] Request - Headers: {'Content-Type': 'application/json', 'Accept': 'application/json', 'X-Auth-Token': '&lt;omitted&gt;'}
        Body: None
    Response - Headers: {'status': '200', 'content-length': '2408', 'content-location': 'http://10.4.1.3:9696/v2.0/subnets', 'connection': 'close', 'date': 'Mon, 22 Feb 2016 05:14:35 GMT', 'content-type': 'application/json; charset=UTF-8', 'x-openstack-request-id': 'req-c2e2ea81-b9ca-4711-98e9-e2ca29aae1d1'}
        Body: {"subnets": [{"name": "private-subnet", "enable_dhcp": true, "network_id": "898e987d-390c-4ac6-b312-7c098044bc28", "tenant_id": "8c9666e3409a42e3842ee7c57d7b5c56", "dns_nameservers": [], "gateway_ip": "10.0.0.1", "ipv6_ra_mode": null, "allocation_pools": [{"start": "10.0.0.2", "end": "10.0.0.254"}], "host_routes": [], "ip_version": 4, "ipv6_address_mode": null, "cidr": "10.0.0.0/24", "id": "3d42a787-67cb-46d5-abc9-bda270257f71", "subnetpool_id": null}, {"name": "ipv6-private-subnet", "enable_dhcp": true, "network_id": "898e987d-390c-4ac6-b312-7c098044bc28", "tenant_id": "8c9666e3409a42e3842ee7c57d7b5c56", "dns_nameservers": [], "gateway_ip": "fd41:87f0:7e80::1", "ipv6_ra_mode": "slaac", "allocation_pools": [{"start": "fd41:87f0:7e80::2", "end": "fd41:87f0:7e80:0:ffff:ffff:ffff:ffff"}], "host_routes": [], "ip_version": 6, "ipv6_address_mode": "slaac", "cidr": "fd41:87f0:7e80::/64", "id": "cbc880cc-1a56-4d9c-88ec-9d0c4ec68d5a", "subnetpool_id": null}, {"name": "tempest-subnet-smoke-1648973051", "enable_dhcp": true, "network_id": "7cd2cdc7-820e-4c5c-9c7b-3e2903b01cac", "tenant_id": "5bdee74059724b3e92029eaddf1f2770", "dns_nameservers": [], "gateway_ip": "10.100.0.1", "ipv6_ra_mode": null, "allocation_pools": [{"start": "10.100.0.2", "end": "10.100.0.14"}], "host_routes": [], "ip_version": 4, "ipv6_address_mode": null, "cidr": "10.100.0.0/28", "id": "6d38af1d-411c-4c47-8565-4446af2bd884", "subnetpool_id": null}, {"name": "public-subnet", "enable_dhcp": false, "network_id": "f30fc7d2-ca4e-4c38-912f-ac66cceb4df3", "tenant_id": "2925bc0cb6f0493cb36e139294531613", "dns_nameservers": [], "gateway_ip": "172.24.4.1", "ipv6_ra_mode": null, "allocation_pools": [{"start": "172.24.4.2", "end": "172.24.4.254"}], "host_routes": [], "ip_version": 4, "ipv6_address_mode": null, "cidr": "172.24.4.0/24", "id": "f96d93cc-909a-4649-8a7e-58a113b3e022", "subnetpool_id": null}, {"name": "ipv6-public-subnet", "enable_dhcp": false, "network_id": "f30fc7d2-ca4e-4c38-912f-ac66cceb4df3", "tenant_id": "2925bc0cb6f0493cb36e139294531613", "dns_nameservers": [], "gateway_ip": "2001:db8::2", "ipv6_ra_mode": null, "allocation_pools": [{"start": "2001:db8::1", "end": "2001:db8::1"}, {"start": "2001:db8::3", "end": "2001:db8::ffff:ffff:ffff:ffff"}], "host_routes": [], "ip_version": 6, "ipv6_address_mode": null, "cidr": "2001:db8::/64", "id": "caa91bba-69fd-4696-87ed-57f14f2dc0de", "subnetpool_id": null}]}
2016-02-22 05:14:35,277 31437 INFO     [tempest_lib.common.rest_client] Request (TestNetworkBasicOps:test_update_instance_port_admin_state): 200 GET http://10.4.1.3:9696/v2.0/routers 0.045s
2016-02-22 05:14:35,277 31437 DEBUG    [tempest_lib.common.rest_client] Request - Headers: {'Content-Type': 'application/json', 'Accept': 'application/json', 'X-Auth-Token': '&lt;omitted&gt;'}
        Body: None
    Response - Headers: {'status': '200', 'content-length': '1043', 'content-location': 'http://10.4.1.3:9696/v2.0/routers', 'connection': 'close', 'date': 'Mon, 22 Feb 2016 05:14:35 GMT', 'content-type': 'application/json; charset=UTF-8', 'x-openstack-request-id': 'req-1db11a2c-b158-4c63-9cda-3221f1a987b2'}
        Body: {"routers": [{"status": "ACTIVE", "external_gateway_info": {"network_id": "f30fc7d2-ca4e-4c38-912f-ac66cceb4df3", "enable_snat": true, "external_fixed_ips": [{"subnet_id": "f96d93cc-909a-4649-8a7e-58a113b3e022", "ip_address": "172.24.4.17"}, {"subnet_id": "caa91bba-69fd-4696-87ed-57f14f2dc0de", "ip_address": "2001:db8::11"}]}, "name": "tempest-router-smoke-1076376230", "admin_state_up": true, "tenant_id": "5bdee74059724b3e92029eaddf1f2770", "distributed": false, "routes": [], "ha": false, "id": "09b91f6e-9561-467c-a0f5-48042edb9955"}, {"status": "ACTIVE", "external_gateway_info": {"network_id": "f30fc7d2-ca4e-4c38-912f-ac66cceb4df3", "enable_snat": true, "external_fixed_ips": [{"subnet_id": "f96d93cc-909a-4649-8a7e-58a113b3e022", "ip_address": "172.24.4.2"}, {"subnet_id": "caa91bba-69fd-4696-87ed-57f14f2dc0de", "ip_address": "2001:db8::1"}]}, "name": "router1", "admin_state_up": true, "tenant_id": "8c9666e3409a42e3842ee7c57d7b5c56", "distributed": false, "routes": [], "ha": false, "id": "2825b4ca-c3ea-4166-ad65-46d9f3610e20"}]}
2016-02-22 05:14:35,645 31437 INFO     [tempest_lib.common.rest_client] Request (TestNetworkBasicOps:test_update_instance_port_admin_state): 200 POST http://10.4.1.3:8774/v2.1/5bdee74059724b3e92029eaddf1f2770/os-keypairs 0.366s
2016-02-22 05:14:35,646 31437 DEBUG    [tempest_lib.common.rest_client] Request - Headers: {'Content-Type': 'application/json', 'Accept': 'application/json', 'X-Auth-Token': '&lt;omitted&gt;'}
        Body: {"keypair": {"name": "tempest-TestNetworkBasicOps-416650203"}}
    Response - Headers: {'status': '200', 'content-length': '2324', 'x-compute-request-id': 'req-beaaba8f-267e-4454-ad2c-cd70fff4a86e', 'vary': 'X-OpenStack-Nova-API-Version', 'connection': 'close', 'x-openstack-nova-api-version': '2.1', 'date': 'Mon, 22 Feb 2016 05:14:35 GMT', 'content-type': 'application/json'}
        Body: {"keypair": {"public_key": "ssh-rsa AAAAB3NzaC1yc2EAAAADAQABAAABAQDyqTxUqzGpNH54M5WNDFnl9U0kS5oA+qjyS4tK0ww/aYwVPFJ0kPLq/lIRuXZEwf7dBHyB7uiYmTQRf6S4q9PYsL2ssVbj6JYHh0D8MW+IqFYAvlBrxalNVWXHNan4gJScoOeKR9GeJWvPq5dMF294tiwwM/kZcH4hTw5uM4yvBucS5QRLxcVzdJp91TCAAszSee59TKYIopOAHh9bOHxExiV7lFDSP4vT4i69WQW6nUU7bh3jgdjXDHgMBmr0ggLbp5x9FiUJHEjKsXWSE0iwuCz1wQc1geQ/MlHxjJWwo7cImwq0dl1ThrnA4p51rLsmeQjzm6lEKO8uTD+h7dMR Generated-by-Nova", "private_key": "-----BEGIN RSA PRIVATE KEY-----\nMIIEqgIBAAKCAQEA8qk8VKsxqTR+eDOVjQxZ5fVNJEuaAPqo8kuLStMMP2mMFTxS\ndJDy6v5SEbl2RMH+3QR8ge7omJk0EX+kuKvT2LC9rLFW4+iWB4dA/DFviKhWAL5Q\na8WpTVVlxzWp+ICUnKDnikfRniVrz6uXTBdveLYsMDP5GXB+IU8ObjOMrwbnEuUE\nS8XFc3SafdUwgALM0nnufUymCKKTgB4fWzh8RMYle5RQ0j+L0+IuvVkFup1FO24d\n44HY1wx4DAZq9IIC26ecfRYlCRxIyrF1khNIsLgs9cEHNYHkPzJR8YyVsKO3CJsK\ntHZdU4a5wOKeday7JnkI85upRCjvLkw/oe3TEQIDAQABAoIBAQCNF+3mZSwY8Fbg\n2U2Jl7blyL2z7ul6zERTra0uMoyaimpTJqHi+Szlij5549ZqoEnqhONIQXuoztvB\nmPBUGESzaADBWtPk7KXfdrtIaA4r7YUkJYRpRaLtPkxRilhsD4dZkw1OD/hH9gY7\n18+/BJliHLqQxIeATTJpd6gyV3LjiQQToMAyKFddF+zAYvFVkDvEmHpp8Zmn/Lqg\nUJ2T9jEGxs59uhjnO5cDMz/QX07uASHRFd2eH1M+YA/d+s84bPXohFsqGtxL0Uiv\nj32Abf/YQrIs/O2t88cfcA3MYvTYo1Dakch4n7VUnzpDmlJEWQ7cEtM6HtJy8LWM\nGFSfpb5JAoIAgQD29hNbnw1fJZW0TahHouPeH2gyEU4VU3P9404Mc9F3iMwh9jnZ\njpvsvN6gcdfYlejvjvvPT109uSg9y7BX54pOQ+pc+lqYqsN+ORDQ7uMIovUjW0sa\nbRCueRZB2S8n4Bd04hR7c8LaPAsMpGdMUf5WGR6hIV4jAo8Lxo2UIv768wKCAIEA\n+4rejw8mfFR1j3SUyWttM+rQfxifZjmpDSJOe3zJpaPHdU78jlazqaHLcH74nY4m\nvsG32Re0N2G/vyKVfDiRHiar/BWvKE34jsyH2J9nHy/i3W1f8FZwjtIj+1+jkjPe\nAfdtbUiFFx29mgoqC89OcE3ZWwKcPvBAJQWznto+MusCggCBAPYuYymoKbo5SzyL\nVT7j/+bCxCl02rOjlzL1zi3Xnm1cLrGENDLNWF3sALlMAvDir2tuy1HjOX13/8dq\nLwXRyCswxIWfA4TAZVSEKmE8YZGQcHGoZfuX0VM7XZaSm9FSL8/SNrzBrvHBfPpD\nQL3x1mmZbNEO5DpeKJ6CdUvAfxFFAoIAgGMi3wYY3X0guFh6hO1BNn/Aqr18kc3z\nKaowfCf1DXAHtWOJZsYea56OUqSalhdaX/DMXk3kJrWxA6Yr1ihoDuGIMj4eubKz\n0CNPfrakVDsZX1sPcUFCgAf50A6RKeFEKdoyjuEENNfgc8pS+TFAWdSvCdvxkmzH\nuTAeKCWSM/NTAoIAgQDWDIixtvh16BQ9jf3nw7vFtXzkf1hg/0LBjdbhLLml8BsS\n6PzUJLu9OeYGc68YnLxVhPhhRFaz2/0VizGhzl0HQFsKnC19ZsfuYExEC5xX0Lh9\nZBAEO7LB59wRBdFBOoEvVr9bmWhUtwenvKBUFhFzua6sPIwnl0hAR1Ub4tvOCw==\n-----END RSA PRIVATE KEY-----\n", "user_id": "94844357be314b21bc7b742800c53c62", "name": "tempest-TestNetworkBasicOps-416650203", "fingerprint": "ee:94:fe:06:20:97:d8:1b:79:6c:20:39:50:6f:e3:31"}}
2016-02-22 05:14:35,762 31437 INFO     [tempest_lib.common.rest_client] Request (TestNetworkBasicOps:test_update_instance_port_admin_state): 200 POST http://10.4.1.3:5000/v2.0/tokens
2016-02-22 05:14:35,763 31437 DEBUG    [tempest_lib.common.rest_client] Request - Headers: {'Content-Type': 'application/json', 'Accept': 'application/json'}
        Body: &lt;omitted&gt;
    Response - Headers: {'status': '200', 'content-length': '2508', 'vary': 'X-Auth-Token', 'server': 'Apache/2.4.7 (Ubuntu)', 'connection': 'close', 'date': 'Mon, 22 Feb 2016 05:14:35 GMT', 'content-type': 'application/json', 'x-openstack-request-id': 'req-3f4259ff-678b-4de6-b750-f4e9b4fcef1e'}
        Body: {"access": {"token": {"issued_at": "2016-02-22T05:14:35.749039", "expires": "2016-02-22T06:14:35Z", "id": "6b9afda5701c44fd96690000b6e0d9fb", "tenant": {"description": "tempest-TestNetworkBasicOps-2136742526-desc", "enabled": true, "id": "5bdee74059724b3e92029eaddf1f2770", "name": "tempest-TestNetworkBasicOps-2136742526"}, "audit_ids": ["Xrap7igNRrWfYl6sZhMrVA"]}, "serviceCatalog": [{"endpoints": [{"adminURL": "http://10.4.1.3:8774/v2.1/5bdee74059724b3e92029eaddf1f2770", "region": "RegionOne", "internalURL": "http://10.4.1.3:8774/v2.1/5bdee74059724b3e92029eaddf1f2770", "id": "0c743436daa74787b365968df0a4653e", "publicURL": "http://10.4.1.3:8774/v2.1/5bdee74059724b3e92029eaddf1f2770"}], "endpoints_links": [], "type": "compute", "name": "nova"}, {"endpoints": [{"adminURL": "http://10.4.1.3:9696/", "region": "RegionOne", "internalURL": "http://10.4.1.3:9696/", "id": "c76dfa7541b3440387bffce8fa39b59c", "publicURL": "http://10.4.1.3:9696/"}], "endpoints_links": [], "type": "network", "name": "neutron"}, {"endpoints": [{"adminURL": "http://10.4.1.3:9292", "region": "RegionOne", "internalURL": "http://10.4.1.3:9292", "id": "54808ce0a2a24e159f6d1a40884a7d83", "publicURL": "http://10.4.1.3:9292"}], "endpoints_links": [], "type": "image", "name": "glance"}, {"endpoints": [{"adminURL": "http://10.4.1.3:8774/v2/5bdee74059724b3e92029eaddf1f2770", "region": "RegionOne", "internalURL": "http://10.4.1.3:8774/v2/5bdee74059724b3e92029eaddf1f2770", "id": "06b97113729946a2b8c6892b7ef861da", "publicURL": "http://10.4.1.3:8774/v2/5bdee74059724b3e92029eaddf1f2770"}], "endpoints_links": [], "type": "compute_legacy", "name": "nova_legacy"}, {"endpoints": [{"adminURL": "http://10.4.1.3:8773/", "region": "RegionOne", "internalURL": "http://10.4.1.3:8773/", "id": "7868cf87523740f58839334da283a761", "publicURL": "http://10.4.1.3:8773/"}], "endpoints_links": [], "type": "ec2", "name": "ec2"}, {"endpoints": [{"adminURL": "http://10.4.1.3:35357/v2.0", "region": "RegionOne", "internalURL": "http://10.4.1.3:5000/v2.0", "id": "2e8b7c6df6324f7db38c9406a47532c1", "publicURL": "http://10.4.1.3:5000/v2.0"}], "endpoints_links": [], "type": "identity", "name": "keystone"}], "user": {"username": "tempest-TestNetworkBasicOps-30661178", "roles_links": [], "id": "94844357be314b21bc7b742800c53c62", "roles": [{"name": "_member_"}, {"name": "Member"}], "name": "tempest-TestNetworkBasicOps-30661178"}, "metadata": {"is_admin": 0, "roles": ["9fe2ff9ee4384b1894a90878d3e92bab", "e4baa5e49c6f423aa1bb3c93f4e64386"]}}}
2016-02-22 05:14:35,770 31437 DEBUG    [tempest.common.fixed_network] (TestNetworkBasicOps:test_update_instance_port_admin_state) No valid network provided or created, defaulting to fixed_network_name
2016-02-22 05:14:35,948 31437 INFO     [tempest_lib.common.rest_client] Request (TestNetworkBasicOps:test_update_instance_port_admin_state): 200 GET http://10.4.1.3:8774/v2.1/5bdee74059724b3e92029eaddf1f2770/os-networks 0.176s
2016-02-22 05:14:35,949 31437 DEBUG    [tempest_lib.common.rest_client] Request - Headers: {'Content-Type': 'application/json', 'Accept': 'application/json', 'X-Auth-Token': '&lt;omitted&gt;'}
        Body: None
    Response - Headers: {'status': '200', 'content-length': '479', 'content-location': 'http://10.4.1.3:8774/v2.1/5bdee74059724b3e92029eaddf1f2770/os-networks', 'x-compute-request-id': 'req-3185752b-4aca-4ecb-8584-330917a6f0dd', 'vary': 'X-OpenStack-Nova-API-Version', 'connection': 'close', 'x-openstack-nova-api-version': '2.1', 'date': 'Mon, 22 Feb 2016 05:14:35 GMT', 'content-type': 'application/json'}
        Body: {"networks": [{"cidr_v6": null, "dns2": null, "dns1": null, "gateway": null, "broadcast": null, "netmask": null, "gateway_v6": null, "cidr": null, "label": "public", "id": "f30fc7d2-ca4e-4c38-912f-ac66cceb4df3", "netmask_v6": null}, {"cidr_v6": null, "dns2": null, "dns1": null, "gateway": null, "broadcast": null, "netmask": null, "gateway_v6": null, "cidr": null, "label": "tempest-network-smoke--1119201659", "id": "7cd2cdc7-820e-4c5c-9c7b-3e2903b01cac", "netmask_v6": null}]}
2016-02-22 05:14:35,950 31437 WARNING  [tempest.common.fixed_network] (TestNetworkBasicOps:test_update_instance_port_admin_state) Network with name: private not found
2016-02-22 05:14:35,950 31437 INFO     [tempest.common.fixed_network] (TestNetworkBasicOps:test_update_instance_port_admin_state) Found network {} available for tenant
2016-02-22 05:14:36,471 31437 INFO     [tempest_lib.common.rest_client] Request (TestNetworkBasicOps:test_update_instance_port_admin_state): 202 POST http://10.4.1.3:8774/v2.1/5bdee74059724b3e92029eaddf1f2770/servers 0.519s
2016-02-22 05:14:36,471 31437 DEBUG    [tempest_lib.common.rest_client] Request - Headers: {'Content-Type': 'application/json', 'Accept': 'application/json', 'X-Auth-Token': '&lt;omitted&gt;'}
        Body: {"server": {"name": "tempest-server-smoke-1549535863", "imageRef": "aa850f34-6ebd-4d0e-b37c-12a21d78b8a0", "key_name": "tempest-TestNetworkBasicOps-416650203", "flavorRef": "42", "networks": [{"uuid": "7cd2cdc7-820e-4c5c-9c7b-3e2903b01cac"}], "security_groups": [{"name": "tempest-secgroup-smoke-1881761676"}]}}
    Response - Headers: {'status': '202', 'content-length': '460', 'x-compute-request-id': 'req-b8ed42a9-7c32-4e9f-a38d-37e5ac05da8b', 'vary': 'X-OpenStack-Nova-API-Version', 'connection': 'close', 'location': 'http://10.4.1.3:8774/v2.1/5bdee74059724b3e92029eaddf1f2770/servers/c3327632-4b13-4808-a645-ce71777f470b', 'x-openstack-nova-api-version': '2.1', 'date': 'Mon, 22 Feb 2016 05:14:36 GMT', 'content-type': 'application/json'}
        Body: {"server": {"security_groups": [{"name": "tempest-secgroup-smoke-1881761676"}], "OS-DCF:diskConfig": "MANUAL", "id": "c3327632-4b13-4808-a645-ce71777f470b", "links": [{"href": "http://10.4.1.3:8774/v2.1/5bdee74059724b3e92029eaddf1f2770/servers/c3327632-4b13-4808-a645-ce71777f470b", "rel": "self"}, {"href": "http://10.4.1.3:8774/5bdee74059724b3e92029eaddf1f2770/servers/c3327632-4b13-4808-a645-ce71777f470b", "rel": "bookmark"}], "adminPass": "9cUA2v2RtFsh"}}
2016-02-22 05:14:36,644 31437 INFO     [tempest_lib.common.rest_client] Request (TestNetworkBasicOps:test_update_instance_port_admin_state): 200 GET http://10.4.1.3:8774/v2.1/5bdee74059724b3e92029eaddf1f2770/servers/c3327632-4b13-4808-a645-ce71777f470b 0.170s
2016-02-22 05:14:36,644 31437 DEBUG    [tempest_lib.common.rest_client] Request - Headers: {'Content-Type': 'application/json', 'Accept': 'application/json', 'X-Auth-Token': '&lt;omitted&gt;'}
        Body: None
    Response - Headers: {'status': '200', 'content-length': '1340', 'content-location': 'http://10.4.1.3:8774/v2.1/5bdee74059724b3e92029eaddf1f2770/servers/c3327632-4b13-4808-a645-ce71777f470b', 'x-compute-request-id': 'req-359bd984-a9dc-45f9-8429-dc3e91a64414', 'vary': 'X-OpenStack-Nova-API-Version', 'connection': 'close', 'x-openstack-nova-api-version': '2.1', 'date': 'Mon, 22 Feb 2016 05:14:36 GMT', 'content-type': 'application/json'}
        Body: {"server": {"status": "BUILD", "updated": "2016-02-22T05:14:36Z", "hostId": "", "addresses": {}, "links": [{"href": "http://10.4.1.3:8774/v2.1/5bdee74059724b3e92029eaddf1f2770/servers/c3327632-4b13-4808-a645-ce71777f470b", "rel": "self"}, {"href": "http://10.4.1.3:8774/5bdee74059724b3e92029eaddf1f2770/servers/c3327632-4b13-4808-a645-ce71777f470b", "rel": "bookmark"}], "key_name": "tempest-TestNetworkBasicOps-416650203", "image": {"id": "aa850f34-6ebd-4d0e-b37c-12a21d78b8a0", "links": [{"href": "http://10.4.1.3:8774/5bdee74059724b3e92029eaddf1f2770/images/aa850f34-6ebd-4d0e-b37c-12a21d78b8a0", "rel": "bookmark"}]}, "OS-EXT-STS:task_state": "scheduling", "OS-EXT-STS:vm_state": "building", "OS-SRV-USG:launched_at": null, "flavor": {"id": "42", "links": [{"href": "http://10.4.1.3:8774/5bdee74059724b3e92029eaddf1f2770/flavors/42", "rel": "bookmark"}]}, "id": "c3327632-4b13-4808-a645-ce71777f470b", "OS-SRV-USG:terminated_at": null, "OS-EXT-AZ:availability_zone": "", "user_id": "94844357be314b21bc7b742800c53c62", "name": "tempest-server-smoke-1549535863", "created": "2016-02-22T05:14:36Z", "tenant_id": "5bdee74059724b3e92029eaddf1f2770", "OS-DCF:diskConfig": "MANUAL", "os-extended-volumes:volumes_attached": [], "accessIPv4": "", "accessIPv6": "", "progress": 0, "OS-EXT-STS:power_state": 0, "config_drive": "", "metadata": {}}}
2016-02-22 05:14:37,831 31437 INFO     [tempest_lib.common.rest_client] Request (TestNetworkBasicOps:test_update_instance_port_admin_state): 200 GET http://10.4.1.3:8774/v2.1/5bdee74059724b3e92029eaddf1f2770/servers/c3327632-4b13-4808-a645-ce71777f470b 0.177s
2016-02-22 05:14:37,831 31437 DEBUG    [tempest_lib.common.rest_client] Request - Headers: {'Content-Type': 'application/json', 'Accept': 'application/json', 'X-Auth-Token': '&lt;omitted&gt;'}
        Body: None
    Response - Headers: {'status': '200', 'content-length': '1466', 'content-location': 'http://10.4.1.3:8774/v2.1/5bdee74059724b3e92029eaddf1f2770/servers/c3327632-4b13-4808-a645-ce71777f470b', 'x-compute-request-id': 'req-a191b07c-3b4e-4fc1-af33-f97a52cbb1bf', 'vary': 'X-OpenStack-Nova-API-Version', 'connection': 'close', 'x-openstack-nova-api-version': '2.1', 'date': 'Mon, 22 Feb 2016 05:14:37 GMT', 'content-type': 'application/json'}
        Body: {"server": {"status": "BUILD", "updated": "2016-02-22T05:14:37Z", "hostId": "db15171385b97ab3aabb53923dbb0ac820a52705852bc7127ff6e151", "addresses": {}, "links": [{"href": "http://10.4.1.3:8774/v2.1/5bdee74059724b3e92029eaddf1f2770/servers/c3327632-4b13-4808-a645-ce71777f470b", "rel": "self"}, {"href": "http://10.4.1.3:8774/5bdee74059724b3e92029eaddf1f2770/servers/c3327632-4b13-4808-a645-ce71777f470b", "rel": "bookmark"}], "key_name": "tempest-TestNetworkBasicOps-416650203", "image": {"id": "aa850f34-6ebd-4d0e-b37c-12a21d78b8a0", "links": [{"href": "http://10.4.1.3:8774/5bdee74059724b3e92029eaddf1f2770/images/aa850f34-6ebd-4d0e-b37c-12a21d78b8a0", "rel": "bookmark"}]}, "OS-EXT-STS:task_state": "spawning", "OS-EXT-STS:vm_state": "building", "OS-SRV-USG:launched_at": null, "flavor": {"id": "42", "links": [{"href": "http://10.4.1.3:8774/5bdee74059724b3e92029eaddf1f2770/flavors/42", "rel": "bookmark"}]}, "id": "c3327632-4b13-4808-a645-ce71777f470b", "security_groups": [{"name": "tempest-secgroup-smoke-1881761676"}], "OS-SRV-USG:terminated_at": null, "OS-EXT-AZ:availability_zone": "nova", "user_id": "94844357be314b21bc7b742800c53c62", "name": "tempest-server-smoke-1549535863", "created": "2016-02-22T05:14:36Z", "tenant_id": "5bdee74059724b3e92029eaddf1f2770", "OS-DCF:diskConfig": "MANUAL", "os-extended-volumes:volumes_attached": [], "accessIPv4": "", "accessIPv6": "", "progress": 0, "OS-EXT-STS:power_state": 0, "config_drive": "", "metadata": {}}}
2016-02-22 05:14:37,841 31437 INFO     [tempest.common.waiters] State transition "BUILD/scheduling" ==&gt; "BUILD/spawning" after 1 second wait
2016-02-22 05:14:39,013 31437 INFO     [tempest_lib.common.rest_client] Request (TestNetworkBasicOps:test_update_instance_port_admin_state): 200 GET http://10.4.1.3:8774/v2.1/5bdee74059724b3e92029eaddf1f2770/servers/c3327632-4b13-4808-a645-ce71777f470b 0.170s
2016-02-22 05:14:39,013 31437 DEBUG    [tempest_lib.common.rest_client] Request - Headers: {'Content-Type': 'application/json', 'Accept': 'application/json', 'X-Auth-Token': '&lt;omitted&gt;'}
        Body: None
    Response - Headers: {'status': '200', 'content-length': '1466', 'content-location': 'http://10.4.1.3:8774/v2.1/5bdee74059724b3e92029eaddf1f2770/servers/c3327632-4b13-4808-a645-ce71777f470b', 'x-compute-request-id': 'req-7799aacf-1f69-4f86-8c9e-2f684885baaa', 'vary': 'X-OpenStack-Nova-API-Version', 'connection': 'close', 'x-openstack-nova-api-version': '2.1', 'date': 'Mon, 22 Feb 2016 05:14:39 GMT', 'content-type': 'application/json'}
        Body: {"server": {"status": "BUILD", "updated": "2016-02-22T05:14:37Z", "hostId": "db15171385b97ab3aabb53923dbb0ac820a52705852bc7127ff6e151", "addresses": {}, "links": [{"href": "http://10.4.1.3:8774/v2.1/5bdee74059724b3e92029eaddf1f2770/servers/c3327632-4b13-4808-a645-ce71777f470b", "rel": "self"}, {"href": "http://10.4.1.3:8774/5bdee74059724b3e92029eaddf1f2770/servers/c3327632-4b13-4808-a645-ce71777f470b", "rel": "bookmark"}], "key_name": "tempest-TestNetworkBasicOps-416650203", "image": {"id": "aa850f34-6ebd-4d0e-b37c-12a21d78b8a0", "links": [{"href": "http://10.4.1.3:8774/5bdee74059724b3e92029eaddf1f2770/images/aa850f34-6ebd-4d0e-b37c-12a21d78b8a0", "rel": "bookmark"}]}, "OS-EXT-STS:task_state": "spawning", "OS-EXT-STS:vm_state": "building", "OS-SRV-USG:launched_at": null, "flavor": {"id": "42", "links": [{"href": "http://10.4.1.3:8774/5bdee74059724b3e92029eaddf1f2770/flavors/42", "rel": "bookmark"}]}, "id": "c3327632-4b13-4808-a645-ce71777f470b", "security_groups": [{"name": "tempest-secgroup-smoke-1881761676"}], "OS-SRV-USG:terminated_at": null, "OS-EXT-AZ:availability_zone": "nova", "user_id": "94844357be314b21bc7b742800c53c62", "name": "tempest-server-smoke-1549535863", "created": "2016-02-22T05:14:36Z", "tenant_id": "5bdee74059724b3e92029eaddf1f2770", "OS-DCF:diskConfig": "MANUAL", "os-extended-volumes:volumes_attached": [], "accessIPv4": "", "accessIPv6": "", "progress": 0, "OS-EXT-STS:power_state": 0, "config_drive": "", "metadata": {}}}
2016-02-22 05:14:40,188 31437 INFO     [tempest_lib.common.rest_client] Request (TestNetworkBasicOps:test_update_instance_port_admin_state): 200 GET http://10.4.1.3:8774/v2.1/5bdee74059724b3e92029eaddf1f2770/servers/c3327632-4b13-4808-a645-ce71777f470b 0.160s
2016-02-22 05:14:40,189 31437 DEBUG    [tempest_lib.common.rest_client] Request - Headers: {'Content-Type': 'application/json', 'Accept': 'application/json', 'X-Auth-Token': '&lt;omitted&gt;'}
        Body: None
    Response - Headers: {'status': '200', 'content-length': '1638', 'content-location': 'http://10.4.1.3:8774/v2.1/5bdee74059724b3e92029eaddf1f2770/servers/c3327632-4b13-4808-a645-ce71777f470b', 'x-compute-request-id': 'req-dfa52750-b980-4eb4-bc9c-3a1e2510572c', 'vary': 'X-OpenStack-Nova-API-Version', 'connection': 'close', 'x-openstack-nova-api-version': '2.1', 'date': 'Mon, 22 Feb 2016 05:14:40 GMT', 'content-type': 'application/json'}
        Body: {"server": {"status": "ACTIVE", "updated": "2016-02-22T05:14:39Z", "hostId": "db15171385b97ab3aabb53923dbb0ac820a52705852bc7127ff6e151", "addresses": {"tempest-network-smoke--1119201659": [{"OS-EXT-IPS-MAC:mac_addr": "fa:16:3e:c7:b5:c8", "version": 4, "addr": "10.100.0.3", "OS-EXT-IPS:type": "fixed"}]}, "links": [{"href": "http://10.4.1.3:8774/v2.1/5bdee74059724b3e92029eaddf1f2770/servers/c3327632-4b13-4808-a645-ce71777f470b", "rel": "self"}, {"href": "http://10.4.1.3:8774/5bdee74059724b3e92029eaddf1f2770/servers/c3327632-4b13-4808-a645-ce71777f470b", "rel": "bookmark"}], "key_name": "tempest-TestNetworkBasicOps-416650203", "image": {"id": "aa850f34-6ebd-4d0e-b37c-12a21d78b8a0", "links": [{"href": "http://10.4.1.3:8774/5bdee74059724b3e92029eaddf1f2770/images/aa850f34-6ebd-4d0e-b37c-12a21d78b8a0", "rel": "bookmark"}]}, "OS-EXT-STS:task_state": null, "OS-EXT-STS:vm_state": "active", "OS-SRV-USG:launched_at": "2016-02-22T05:14:39.000000", "flavor": {"id": "42", "links": [{"href": "http://10.4.1.3:8774/5bdee74059724b3e92029eaddf1f2770/flavors/42", "rel": "bookmark"}]}, "id": "c3327632-4b13-4808-a645-ce71777f470b", "security_groups": [{"name": "tempest-secgroup-smoke-1881761676"}], "OS-SRV-USG:terminated_at": null, "OS-EXT-AZ:availability_zone": "nova", "user_id": "94844357be314b21bc7b742800c53c62", "name": "tempest-server-smoke-1549535863", "created": "2016-02-22T05:14:36Z", "tenant_id": "5bdee74059724b3e92029eaddf1f2770", "OS-DCF:diskConfig": "MANUAL", "os-extended-volumes:volumes_attached": [], "accessIPv4": "", "accessIPv6": "", "progress": 0, "OS-EXT-STS:power_state": 1, "config_drive": "True", "metadata": {}}}
2016-02-22 05:14:40,200 31437 INFO     [tempest.common.waiters] State transition "BUILD/spawning" ==&gt; "ACTIVE/None" after 4 second wait
2016-02-22 05:14:40,360 31437 INFO     [tempest_lib.common.rest_client] Request (TestNetworkBasicOps:test_update_instance_port_admin_state): 200 GET http://10.4.1.3:8774/v2.1/5bdee74059724b3e92029eaddf1f2770/servers/c3327632-4b13-4808-a645-ce71777f470b 0.159s
2016-02-22 05:14:40,360 31437 DEBUG    [tempest_lib.common.rest_client] Request - Headers: {'Content-Type': 'application/json', 'Accept': 'application/json', 'X-Auth-Token': '&lt;omitted&gt;'}
        Body: None
    Response - Headers: {'status': '200', 'content-length': '1638', 'content-location': 'http://10.4.1.3:8774/v2.1/5bdee74059724b3e92029eaddf1f2770/servers/c3327632-4b13-4808-a645-ce71777f470b', 'x-compute-request-id': 'req-81211646-ced6-4220-ada6-7d2387b0737f', 'vary': 'X-OpenStack-Nova-API-Version', 'connection': 'close', 'x-openstack-nova-api-version': '2.1', 'date': 'Mon, 22 Feb 2016 05:14:40 GMT', 'content-type': 'application/json'}
        Body: {"server": {"status": "ACTIVE", "updated": "2016-02-22T05:14:39Z", "hostId": "db15171385b97ab3aabb53923dbb0ac820a52705852bc7127ff6e151", "addresses": {"tempest-network-smoke--1119201659": [{"OS-EXT-IPS-MAC:mac_addr": "fa:16:3e:c7:b5:c8", "version": 4, "addr": "10.100.0.3", "OS-EXT-IPS:type": "fixed"}]}, "links": [{"href": "http://10.4.1.3:8774/v2.1/5bdee74059724b3e92029eaddf1f2770/servers/c3327632-4b13-4808-a645-ce71777f470b", "rel": "self"}, {"href": "http://10.4.1.3:8774/5bdee74059724b3e92029eaddf1f2770/servers/c3327632-4b13-4808-a645-ce71777f470b", "rel": "bookmark"}], "key_name": "tempest-TestNetworkBasicOps-416650203", "image": {"id": "aa850f34-6ebd-4d0e-b37c-12a21d78b8a0", "links": [{"href": "http://10.4.1.3:8774/5bdee74059724b3e92029eaddf1f2770/images/aa850f34-6ebd-4d0e-b37c-12a21d78b8a0", "rel": "bookmark"}]}, "OS-EXT-STS:task_state": null, "OS-EXT-STS:vm_state": "active", "OS-SRV-USG:launched_at": "2016-02-22T05:14:39.000000", "flavor": {"id": "42", "links": [{"href": "http://10.4.1.3:8774/5bdee74059724b3e92029eaddf1f2770/flavors/42", "rel": "bookmark"}]}, "id": "c3327632-4b13-4808-a645-ce71777f470b", "security_groups": [{"name": "tempest-secgroup-smoke-1881761676"}], "OS-SRV-USG:terminated_at": null, "OS-EXT-AZ:availability_zone": "nova", "user_id": "94844357be314b21bc7b742800c53c62", "name": "tempest-server-smoke-1549535863", "created": "2016-02-22T05:14:36Z", "tenant_id": "5bdee74059724b3e92029eaddf1f2770", "OS-DCF:diskConfig": "MANUAL", "os-extended-volumes:volumes_attached": [], "accessIPv4": "", "accessIPv6": "", "progress": 0, "OS-EXT-STS:power_state": 1, "config_drive": "True", "metadata": {}}}
2016-02-22 05:14:40,369 31437 INFO     [tempest.scenario.manager] Tenant networks not configured to be reachable.
2016-02-22 05:14:40,404 31437 INFO     [tempest_lib.common.rest_client] Request (TestNetworkBasicOps:test_update_instance_port_admin_state): 200 GET http://10.4.1.3:9696/v2.0/ports?fixed_ip=None&amp;device_id=c3327632-4b13-4808-a645-ce71777f470b 0.034s
2016-02-22 05:14:40,404 31437 DEBUG    [tempest_lib.common.rest_client] Request - Headers: {'Content-Type': 'application/json', 'Accept': 'application/json', 'X-Auth-Token': '&lt;omitted&gt;'}
        Body: None
    Response - Headers: {'status': '200', 'content-length': '895', 'content-location': 'http://10.4.1.3:9696/v2.0/ports?fixed_ip=None&amp;device_id=c3327632-4b13-4808-a645-ce71777f470b', 'connection': 'close', 'date': 'Mon, 22 Feb 2016 05:14:40 GMT', 'content-type': 'application/json; charset=UTF-8', 'x-openstack-request-id': 'req-e0adf896-0fd3-4953-8f3a-5c6bc70fd8c8'}
        Body: {"ports": [{"status": "ACTIVE", "binding:host_id": "vagrant-ubuntu-trusty-64", "allowed_address_pairs": [], "extra_dhcp_opts": [], "dns_assignment": [{"hostname": "host-10-100-0-3", "ip_address": "10.100.0.3", "fqdn": "host-10-100-0-3.openstacklocal."}], "device_owner": "compute:None", "port_security_enabled": true, "binding:profile": {}, "fixed_ips": [{"subnet_id": "6d38af1d-411c-4c47-8565-4446af2bd884", "ip_address": "10.100.0.3"}], "id": "76c571d0-ae90-40d2-a2b1-b0ad5a2b8ad7", "security_groups": ["669a1496-56c9-4ae3-97cf-245c8c9ef274"], "device_id": "c3327632-4b13-4808-a645-ce71777f470b", "name": "", "admin_state_up": true, "network_id": "7cd2cdc7-820e-4c5c-9c7b-3e2903b01cac", "dns_name": "", "binding:vif_details": {"port_filter": true}, "binding:vnic_type": "normal", "binding:vif_type": "ovs", "tenant_id": "5bdee74059724b3e92029eaddf1f2770", "mac_address": "fa:16:3e:c7:b5:c8"}]}
2016-02-22 05:14:40,852 31437 INFO     [tempest_lib.common.rest_client] Request (TestNetworkBasicOps:test_update_instance_port_admin_state): 201 POST http://10.4.1.3:9696/v2.0/floatingips 0.446s
2016-02-22 05:14:40,853 31437 DEBUG    [tempest_lib.common.rest_client] Request - Headers: {'Content-Type': 'application/json', 'Accept': 'application/json', 'X-Auth-Token': '&lt;omitted&gt;'}
        Body: {"floatingip": {"floating_network_id": "f30fc7d2-ca4e-4c38-912f-ac66cceb4df3", "tenant_id": "5bdee74059724b3e92029eaddf1f2770", "fixed_ip_address": "10.100.0.3", "port_id": "76c571d0-ae90-40d2-a2b1-b0ad5a2b8ad7"}}
    Response - Headers: {'status': '201', 'content-length': '368', 'connection': 'close', 'date': 'Mon, 22 Feb 2016 05:14:40 GMT', 'content-type': 'application/json; charset=UTF-8', 'x-openstack-request-id': 'req-6c0320c8-2b54-47cf-8cd5-16bce6b43363'}
        Body: {"floatingip": {"floating_network_id": "f30fc7d2-ca4e-4c38-912f-ac66cceb4df3", "router_id": "09b91f6e-9561-467c-a0f5-48042edb9955", "fixed_ip_address": "10.100.0.3", "floating_ip_address": "172.24.4.18", "tenant_id": "5bdee74059724b3e92029eaddf1f2770", "status": "DOWN", "port_id": "76c571d0-ae90-40d2-a2b1-b0ad5a2b8ad7", "id": "5ab65368-629b-4e92-b6a9-ec0b1021116f"}}
2016-02-22 05:14:40,893 31437 INFO     [tempest_lib.common.rest_client] Request (TestNetworkBasicOps:test_update_instance_port_admin_state): 200 GET http://10.4.1.3:9696/v2.0/ports?device_id=c3327632-4b13-4808-a645-ce71777f470b 0.039s
2016-02-22 05:14:40,894 31437 DEBUG    [tempest_lib.common.rest_client] Request - Headers: {'Content-Type': 'application/json', 'Accept': 'application/json', 'X-Auth-Token': '&lt;omitted&gt;'}
        Body: None
    Response - Headers: {'status': '200', 'content-length': '895', 'content-location': 'http://10.4.1.3:9696/v2.0/ports?device_id=c3327632-4b13-4808-a645-ce71777f470b', 'connection': 'close', 'date': 'Mon, 22 Feb 2016 05:14:40 GMT', 'content-type': 'application/json; charset=UTF-8', 'x-openstack-request-id': 'req-042d1e79-5781-44fd-8441-d27b2bb33790'}
        Body: {"ports": [{"status": "ACTIVE", "binding:host_id": "vagrant-ubuntu-trusty-64", "allowed_address_pairs": [], "extra_dhcp_opts": [], "dns_assignment": [{"hostname": "host-10-100-0-3", "ip_address": "10.100.0.3", "fqdn": "host-10-100-0-3.openstacklocal."}], "device_owner": "compute:None", "port_security_enabled": true, "binding:profile": {}, "fixed_ips": [{"subnet_id": "6d38af1d-411c-4c47-8565-4446af2bd884", "ip_address": "10.100.0.3"}], "id": "76c571d0-ae90-40d2-a2b1-b0ad5a2b8ad7", "security_groups": ["669a1496-56c9-4ae3-97cf-245c8c9ef274"], "device_id": "c3327632-4b13-4808-a645-ce71777f470b", "name": "", "admin_state_up": true, "network_id": "7cd2cdc7-820e-4c5c-9c7b-3e2903b01cac", "dns_name": "", "binding:vif_details": {"port_filter": true}, "binding:vnic_type": "normal", "binding:vif_type": "ovs", "tenant_id": "5bdee74059724b3e92029eaddf1f2770", "mac_address": "fa:16:3e:c7:b5:c8"}]}
2016-02-22 05:14:40,914 31437 INFO     [tempest_lib.common.rest_client] Request (TestNetworkBasicOps:test_update_instance_port_admin_state): 200 GET http://10.4.1.3:9696/v2.0/floatingips/5ab65368-629b-4e92-b6a9-ec0b1021116f 0.020s
2016-02-22 05:14:40,915 31437 DEBUG    [tempest_lib.common.rest_client] Request - Headers: {'Content-Type': 'application/json', 'Accept': 'application/json', 'X-Auth-Token': '&lt;omitted&gt;'}
        Body: None
    Response - Headers: {'status': '200', 'content-length': '368', 'content-location': 'http://10.4.1.3:9696/v2.0/floatingips/5ab65368-629b-4e92-b6a9-ec0b1021116f', 'connection': 'close', 'date': 'Mon, 22 Feb 2016 05:14:40 GMT', 'content-type': 'application/json; charset=UTF-8', 'x-openstack-request-id': 'req-28e0770f-5a2b-415b-b77a-19d1ac207547'}
        Body: {"floatingip": {"floating_network_id": "f30fc7d2-ca4e-4c38-912f-ac66cceb4df3", "router_id": "09b91f6e-9561-467c-a0f5-48042edb9955", "fixed_ip_address": "10.100.0.3", "floating_ip_address": "172.24.4.18", "tenant_id": "5bdee74059724b3e92029eaddf1f2770", "status": "DOWN", "port_id": "76c571d0-ae90-40d2-a2b1-b0ad5a2b8ad7", "id": "5ab65368-629b-4e92-b6a9-ec0b1021116f"}}
2016-02-22 05:14:41,931 31437 INFO     [tempest_lib.common.rest_client] Request (TestNetworkBasicOps:test_update_instance_port_admin_state): 200 GET http://10.4.1.3:9696/v2.0/floatingips/5ab65368-629b-4e92-b6a9-ec0b1021116f 0.014s
2016-02-22 05:14:41,931 31437 DEBUG    [tempest_lib.common.rest_client] Request - Headers: {'Content-Type': 'application/json', 'Accept': 'application/json', 'X-Auth-Token': '&lt;omitted&gt;'}
        Body: None
    Response - Headers: {'status': '200', 'content-length': '370', 'content-location': 'http://10.4.1.3:9696/v2.0/floatingips/5ab65368-629b-4e92-b6a9-ec0b1021116f', 'connection': 'close', 'date': 'Mon, 22 Feb 2016 05:14:41 GMT', 'content-type': 'application/json; charset=UTF-8', 'x-openstack-request-id': 'req-8a408dc5-2088-4dae-a558-06fd1dde7989'}
        Body: {"floatingip": {"floating_network_id": "f30fc7d2-ca4e-4c38-912f-ac66cceb4df3", "router_id": "09b91f6e-9561-467c-a0f5-48042edb9955", "fixed_ip_address": "10.100.0.3", "floating_ip_address": "172.24.4.18", "tenant_id": "5bdee74059724b3e92029eaddf1f2770", "status": "ACTIVE", "port_id": "76c571d0-ae90-40d2-a2b1-b0ad5a2b8ad7", "id": "5ab65368-629b-4e92-b6a9-ec0b1021116f"}}
2016-02-22 05:14:41,932 31437 INFO     [tempest.scenario.manager] FloatingIP: &lt;"FloatingIP" addr="172.24.4.18" id="5ab65368-629b-4e92-b6a9-ec0b1021116f"&gt; is at status: ACTIVE
2016-02-22 05:14:41,932 31437 DEBUG    [tempest.scenario.manager] checking network connections to IP 172.24.4.18 with user: cirros
2016-02-22 05:14:41,932 31437 DEBUG    [tempest.scenario.manager] TestNetworkBasicOps:test_update_instance_port_admin_state begins to ping 172.24.4.18 in 120 sec and the expected result is reachable
2016-02-22 05:15:01,021 31437 DEBUG    [tempest.scenario.manager] TestNetworkBasicOps:test_update_instance_port_admin_state finishes ping 172.24.4.18 in 120 sec and the ping result is expected
2016-02-22 05:15:01,023 31437 INFO     [tempest_lib.common.ssh] Creating ssh connection to '172.24.4.18' as 'cirros' with public key authentication
2016-02-22 05:15:01,030 31437 WARNING  [tempest_lib.common.ssh] Failed to establish authenticated ssh connection to cirros@172.24.4.18 ([Errno None] Unable to connect to port 22 on  or 172.24.4.18). Number attempts: 1. Retry after 2 seconds.
2016-02-22 05:15:03,573 31437 INFO     [paramiko.transport] Connected (version 2.0, client dropbear_2012.55)
2016-02-22 05:15:04,156 31437 INFO     [paramiko.transport] Authentication (publickey) successful!
2016-02-22 05:15:04,173 31437 INFO     [tempest_lib.common.ssh] ssh connection to cirros@172.24.4.18 successfully created
2016-02-22 05:15:04,486 31437 INFO     [tempest_lib.common.rest_client] Request (TestNetworkBasicOps:test_update_instance_port_admin_state): 200 PUT http://10.4.1.3:9696/v2.0/ports/76c571d0-ae90-40d2-a2b1-b0ad5a2b8ad7 0.196s
2016-02-22 05:15:04,486 31437 DEBUG    [tempest_lib.common.rest_client] Request - Headers: {'Content-Type': 'application/json', 'Accept': 'application/json', 'X-Auth-Token': '&lt;omitted&gt;'}
        Body: {"port": {"admin_state_up": false}}
    Response - Headers: {'status': '200', 'content-length': '750', 'connection': 'close', 'date': 'Mon, 22 Feb 2016 05:15:04 GMT', 'content-type': 'application/json; charset=UTF-8', 'x-openstack-request-id': 'req-5e4aee6b-6f97-4115-ab89-df63468378c0'}
        Body: {"port": {"status": "ACTIVE", "name": "", "allowed_address_pairs": [], "admin_state_up": false, "network_id": "7cd2cdc7-820e-4c5c-9c7b-3e2903b01cac", "dns_name": "", "extra_dhcp_opts": [], "mac_address": "fa:16:3e:c7:b5:c8", "dns_assignment": [{"hostname": "host-10-100-0-3", "ip_address": "10.100.0.3", "fqdn": "host-10-100-0-3.openstacklocal."}], "binding:vnic_type": "normal", "device_owner": "compute:None", "tenant_id": "5bdee74059724b3e92029eaddf1f2770", "port_security_enabled": true, "fixed_ips": [{"subnet_id": "6d38af1d-411c-4c47-8565-4446af2bd884", "ip_address": "10.100.0.3"}], "id": "76c571d0-ae90-40d2-a2b1-b0ad5a2b8ad7", "security_groups": ["669a1496-56c9-4ae3-97cf-245c8c9ef274"], "device_id": "c3327632-4b13-4808-a645-ce71777f470b"}}
2016-02-22 05:15:04,487 31437 DEBUG    [tempest.scenario.manager] checking network connections to IP 172.24.4.18 with user: cirros
2016-02-22 05:15:04,487 31437 DEBUG    [tempest.scenario.manager] TestNetworkBasicOps:test_update_instance_port_admin_state begins to ping 172.24.4.18 in 120 sec and the expected result is unreachable
2016-02-22 05:17:05,049 31437 DEBUG    [tempest.scenario.manager] TestNetworkBasicOps:test_update_instance_port_admin_state finishes ping 172.24.4.18 in 120 sec and the ping result is unexpected
2016-02-22 05:17:05,051 31437 ERROR    [tempest.scenario.manager] Public network connectivity check failed: after updating admin_state_up of instance port to False
2016-02-22 05:17:05.051 31437 ERROR tempest.scenario.manager Traceback (most recent call last):
2016-02-22 05:17:05.051 31437 ERROR tempest.scenario.manager   File "tempest/scenario/manager.py", line 598, in check_public_network_connectivity
2016-02-22 05:17:05.051 31437 ERROR tempest.scenario.manager     should_connect=should_connect)
2016-02-22 05:17:05.051 31437 ERROR tempest.scenario.manager   File "tempest/scenario/manager.py", line 582, in check_vm_connectivity
2016-02-22 05:17:05.051 31437 ERROR tempest.scenario.manager     msg=msg)
2016-02-22 05:17:05.051 31437 ERROR tempest.scenario.manager   File "/usr/local/lib/python2.7/dist-packages/unittest2/case.py", line 702, in assertTrue
2016-02-22 05:17:05.051 31437 ERROR tempest.scenario.manager     raise self.failureException(msg)
2016-02-22 05:17:05.051 31437 ERROR tempest.scenario.manager AssertionError: False is not true : ip address 172.24.4.18 is reachable
2016-02-22 05:17:05.051 31437 ERROR tempest.scenario.manager 
2016-02-22 05:17:05,280 31437 INFO     [tempest_lib.common.rest_client] Request (TestNetworkBasicOps:test_update_instance_port_admin_state): 200 POST http://10.4.1.3:8774/v2.1/5bdee74059724b3e92029eaddf1f2770/servers/c3327632-4b13-4808-a645-ce71777f470b/action 0.223s
2016-02-22 05:17:05,281 31437 DEBUG    [tempest_lib.common.rest_client] Request - Headers: {'Content-Type': 'application/json', 'Accept': 'application/json', 'X-Auth-Token': '&lt;omitted&gt;'}
        Body: {"os-getConsoleOutput": {}}
    Response - Headers: {'status': '200', 'content-length': '19794', 'x-compute-request-id': 'req-6b62eeab-e16e-4335-8608-527ccd53c141', 'vary': 'X-OpenStack-Nova-API-Version', 'connection': 'close', 'x-openstack-nova-api-version': '2.1', 'date': 'Mon, 22 Feb 2016 05:17:05 GMT', 'content-type': 'application/json'}
        Body: {"output": "[    0.000000] Initializing cgroup subsys cpuset\n[    0.000000] Initializing cgroup subsys cpu\n[    0.000000] Linux version 3.2.0-80-virtual (buildd@batsu) (gcc version 4.6.3 (Ubuntu/Linaro 4.6.3-1ubuntu5) ) #116-Ubuntu SMP Mon Mar 23 17:28:52 UTC 2015 (Ubuntu 3.2.0-80.116-virtual 3.2.68)\n[    0.000000] Command line: root=/dev/vda console=tty0 console=ttyS0 no_timer_check\n[    0.000000] KERNEL supported cpus:\n[    0.000000]   Intel GenuineIntel\n[    0.000000]   AMD AuthenticAMD\n[    0.000000]   Centaur CentaurHauls\n[    0.000000] BIOS-provided physical RAM map:\n[    0.000000]  BIOS-e820: 0000000000000000 - 000000000009fc00 (usable)\n[    0.000000]  BIOS-e820: 000000000009fc00 - 00000000000a0000 (reserved)\n[    0.000000]  BIOS-e820: 00000000000f0000 - 0000000000100000 (reserved)\n[    0.000000]  BIOS-e820: 0000000000100000 - 0000000003ffe000 (usable)\n[    0.000000]  BIOS-e820: 0000000003ffe000 - 0000000004000000 (reserved)\n[    0.000000]  BIOS-e820: 00000000fffc0000 - 0000000100000000 (reserved)\n[    0.000000] NX (Execute Disable) protection: active\n[    0.000000] SMBIOS 2.4 present.\n[    0.000000] No AGP bridge found\n[    0.000000] last_pfn = 0x3ffe max_arch_pfn = 0x400000000\n[    0.000000] x86 PAT enabled: cpu 0, old 0x7040600070406, new 0x7010600070106\n[    0.000000] found SMP MP-table at [ffff8800000f0b00] f0b00\n[    0.000000] init_memory_mapping: 0000000000000000-0000000003ffe000\n[    0.000000] RAMDISK: 03c5e000 - 03ff0000\n[    0.000000] ACPI: RSDP 00000000000f0950 00014 (v00 BOCHS )\n[    0.000000] ACPI: RSDT 0000000003fffbc1 00034 (v01 BOCHS  BXPCRSDT 00000001 BXPC 00000001)\n[    0.000000] ACPI: FACP 0000000003fff1c0 00074 (v01 BOCHS  BXPCFACP 00000001 BXPC 00000001)\n[    0.000000] ACPI: DSDT 0000000003ffe040 01180 (v01 BOCHS  BXPCDSDT 00000001 BXPC 00000001)\n[    0.000000] ACPI: FACS 0000000003ffe000 00040\n[    0.000000] ACPI: SSDT 0000000003fff234 008DD (v01 BOCHS  BXPCSSDT 00000001 BXPC 00000001)\n[    0.000000] ACPI: APIC 0000000003fffb11 00078 (v01 BOCHS  BXPCAPIC 00000001 BXPC 00000001)\n[    0.000000] ACPI: HPET 0000000003fffb89 00038 (v01 BOCHS  BXPCHPET 00000001 BXPC 00000001)\n[    0.000000] No NUMA configuration found\n[    0.000000] Faking a node at 0000000000000000-0000000003ffe000\n[    0.000000] Initmem setup node 0 0000000000000000-0000000003ffe000\n[    0.000000]   NODE_DATA [0000000003ff6000 - 0000000003ffafff]\n[    0.000000] Zone PFN ranges:\n[    0.000000]   DMA      0x00000010 -&gt; 0x00001000\n[    0.000000]   DMA32    0x00001000 -&gt; 0x00100000\n[    0.000000]   Normal   empty\n[    0.000000] Movable zone start PFN for each node\n[    0.000000] early_node_map[2] active PFN ranges\n[    0.000000]     0: 0x00000010 -&gt; 0x0000009f\n[    0.000000]     0: 0x00000100 -&gt; 0x00003ffe\n[    0.000000] ACPI: PM-Timer IO Port: 0xb008\n[    0.000000] ACPI: LAPIC (acpi_id[0x00] lapic_id[0x00] enabled)\n[    0.000000] ACPI: LAPIC_NMI (acpi_id[0xff] dfl dfl lint[0x1])\n[    0.000000] ACPI: IOAPIC (id[0x00] address[0xfec00000] gsi_base[0])\n[    0.000000] IOAPIC[0]: apic_id 0, version 17, address 0xfec00000, GSI 0-23\n[    0.000000] ACPI: INT_SRC_OVR (bus 0 bus_irq 0 global_irq 2 dfl dfl)\n[    0.000000] ACPI: INT_SRC_OVR (bus 0 bus_irq 5 global_irq 5 high level)\n[    0.000000] ACPI: INT_SRC_OVR (bus 0 bus_irq 9 global_irq 9 high level)\n[    0.000000] ACPI: INT_SRC_OVR (bus 0 bus_irq 10 global_irq 10 high level)\n[    0.000000] ACPI: INT_SRC_OVR (bus 0 bus_irq 11 global_irq 11 high level)\n[    0.000000] Using ACPI (MADT) for SMP configuration information\n[    0.000000] ACPI: HPET id: 0x8086a201 base: 0xfed00000\n[    0.000000] SMP: Allowing 1 CPUs, 0 hotplug CPUs\n[    0.000000] PM: Registered nosave memory: 000000000009f000 - 00000000000a0000\n[    0.000000] PM: Registered nosave memory: 00000000000a0000 - 00000000000f0000\n[    0.000000] PM: Registered nosave memory: 00000000000f0000 - 0000000000100000\n[    0.000000] Allocating PCI resources starting at 4000000 (gap: 4000000:fbfc0000)\n[    0.000000] Booting paravirtualized kernel on bare hardware\n[    0.000000] setup_pe
2016-02-22 05:17:05,284 31437 DEBUG    [tempest.scenario.manager] Console output for c3327632-4b13-4808-a645-ce71777f470b
body=
[    0.000000] Initializing cgroup subsys cpuset
[    0.000000] Initializing cgroup subsys cpu
[    0.000000] Linux version 3.2.0-80-virtual (buildd@batsu) (gcc version 4.6.3 (Ubuntu/Linaro 4.6.3-1ubuntu5) ) #116-Ubuntu SMP Mon Mar 23 17:28:52 UTC 2015 (Ubuntu 3.2.0-80.116-virtual 3.2.68)
[    0.000000] Command line: root=/dev/vda console=tty0 console=ttyS0 no_timer_check
[    0.000000] KERNEL supported cpus:
[    0.000000]   Intel GenuineIntel
[    0.000000]   AMD AuthenticAMD
[    0.000000]   Centaur CentaurHauls
[    0.000000] BIOS-provided physical RAM map:
[    0.000000]  BIOS-e820: 0000000000000000 - 000000000009fc00 (usable)
[    0.000000]  BIOS-e820: 000000000009fc00 - 00000000000a0000 (reserved)
[    0.000000]  BIOS-e820: 00000000000f0000 - 0000000000100000 (reserved)
[    0.000000]  BIOS-e820: 0000000000100000 - 0000000003ffe000 (usable)
[    0.000000]  BIOS-e820: 0000000003ffe000 - 0000000004000000 (reserved)
[    0.000000]  BIOS-e820: 00000000fffc0000 - 0000000100000000 (reserved)
[    0.000000] NX (Execute Disable) protection: active
[    0.000000] SMBIOS 2.4 present.
[    0.000000] No AGP bridge found
[    0.000000] last_pfn = 0x3ffe max_arch_pfn = 0x400000000
[    0.000000] x86 PAT enabled: cpu 0, old 0x7040600070406, new 0x7010600070106
[    0.000000] found SMP MP-table at [ffff8800000f0b00] f0b00
[    0.000000] init_memory_mapping: 0000000000000000-0000000003ffe000
[    0.000000] RAMDISK: 03c5e000 - 03ff0000
[    0.000000] ACPI: RSDP 00000000000f0950 00014 (v00 BOCHS )
[    0.000000] ACPI: RSDT 0000000003fffbc1 00034 (v01 BOCHS  BXPCRSDT 00000001 BXPC 00000001)
[    0.000000] ACPI: FACP 0000000003fff1c0 00074 (v01 BOCHS  BXPCFACP 00000001 BXPC 00000001)
[    0.000000] ACPI: DSDT 0000000003ffe040 01180 (v01 BOCHS  BXPCDSDT 00000001 BXPC 00000001)
[    0.000000] ACPI: FACS 0000000003ffe000 00040
[    0.000000] ACPI: SSDT 0000000003fff234 008DD (v01 BOCHS  BXPCSSDT 00000001 BXPC 00000001)
[    0.000000] ACPI: APIC 0000000003fffb11 00078 (v01 BOCHS  BXPCAPIC 00000001 BXPC 00000001)
[    0.000000] ACPI: HPET 0000000003fffb89 00038 (v01 BOCHS  BXPCHPET 00000001 BXPC 00000001)
[    0.000000] No NUMA configuration found
[    0.000000] Faking a node at 0000000000000000-0000000003ffe000
[    0.000000] Initmem setup node 0 0000000000000000-0000000003ffe000
[    0.000000]   NODE_DATA [0000000003ff6000 - 0000000003ffafff]
[    0.000000] Zone PFN ranges:
[    0.000000]   DMA      0x00000010 -&gt; 0x00001000
[    0.000000]   DMA32    0x00001000 -&gt; 0x00100000
[    0.000000]   Normal   empty
[    0.000000] Movable zone start PFN for each node
[    0.000000] early_node_map[2] active PFN ranges
[    0.000000]     0: 0x00000010 -&gt; 0x0000009f
[    0.000000]     0: 0x00000100 -&gt; 0x00003ffe
[    0.000000] ACPI: PM-Timer IO Port: 0xb008
[    0.000000] ACPI: LAPIC (acpi_id[0x00] lapic_id[0x00] enabled)
[    0.000000] ACPI: LAPIC_NMI (acpi_id[0xff] dfl dfl lint[0x1])
[    0.000000] ACPI: IOAPIC (id[0x00] address[0xfec00000] gsi_base[0])
[    0.000000] IOAPIC[0]: apic_id 0, version 17, address 0xfec00000, GSI 0-23
[    0.000000] ACPI: INT_SRC_OVR (bus 0 bus_irq 0 global_irq 2 dfl dfl)
[    0.000000] ACPI: INT_SRC_OVR (bus 0 bus_irq 5 global_irq 5 high level)
[    0.000000] ACPI: INT_SRC_OVR (bus 0 bus_irq 9 global_irq 9 high level)
[    0.000000] ACPI: INT_SRC_OVR (bus 0 bus_irq 10 global_irq 10 high level)
[    0.000000] ACPI: INT_SRC_OVR (bus 0 bus_irq 11 global_irq 11 high level)
[    0.000000] Using ACPI (MADT) for SMP configuration information
[    0.000000] ACPI: HPET id: 0x8086a201 base: 0xfed00000
[    0.000000] SMP: Allowing 1 CPUs, 0 hotplug CPUs
[    0.000000] PM: Registered nosave memory: 000000000009f000 - 00000000000a0000
[    0.000000] PM: Registered nosave memory: 00000000000a0000 - 00000000000f0000
[    0.000000] PM: Registered nosave memory: 00000000000f0000 - 0000000000100000
[    0.000000] Allocating PCI resources starting at 4000000 (gap: 4000000:fbfc0000)
[    0.000000] Booting paravirtualized kernel on bare hardware
[    0.000000] setup_percpu: NR_CPUS:64 nr_cpumask_bits:64 nr_cpu_ids:1 nr_node_ids:1
[    0.000000] PERCPU: Embedded 27 pages/cpu @ffff880003a00000 s78848 r8192 d23552 u2097152
[    0.000000] Built 1 zonelists in Node order, mobility grouping on.  Total pages: 16008
[    0.000000] Policy zone: DMA32
[    0.000000] Kernel command line: root=/dev/vda console=tty0 console=ttyS0 no_timer_check
[    0.000000] PID hash table entries: 256 (order: -1, 2048 bytes)
[    0.000000] Checking aperture...
[    0.000000] No AGP bridge found
[    0.000000] Memory: 43492k/65528k available (6576k kernel code, 452k absent, 21584k reserved, 6620k data, 928k init)
[    0.000000] SLUB: Genslabs=15, HWalign=64, Order=0-3, MinObjects=0, CPUs=1, Nodes=1
[    0.000000] Hierarchical RCU implementation.
[    0.000000] 	RCU dyntick-idle grace-period acceleration is enabled.
[    0.000000] NR_IRQS:4352 nr_irqs:256 16
[    0.000000] Console: colour VGA+ 80x25
[    0.000000] console [tty0] enabled
[    0.000000] console [ttyS0] enabled
[    0.000000] allocated 1048576 bytes of page_cgroup
[    0.000000] please try 'cgroup_disable=memory' option if you don't want memory cgroups
[    0.000000] Fast TSC calibration failed
[    0.000000] TSC: Unable to calibrate against PIT
[    0.000000] TSC: using HPET reference calibration
[    0.000000] Detected 2291.420 MHz processor.
[    0.032418] Calibrating delay loop (skipped), value calculated using timer frequency.. 4582.84 BogoMIPS (lpj=9165680)
[    0.036818] pid_max: default: 32768 minimum: 301
[    0.045099] Security Framework initialized
[    0.048857] AppArmor: AppArmor initialized
[    0.049456] Yama: becoming mindful.
[    0.057564] Dentry cache hash table entries: 8192 (order: 4, 65536 bytes)
[    0.059097] Inode-cache hash table entries: 4096 (order: 3, 32768 bytes)
[    0.060670] Mount-cache hash table entries: 256
[    0.076392] Initializing cgroup subsys cpuacct
[    0.077313] Initializing cgroup subsys memory
[    0.078750] Initializing cgroup subsys devices
[    0.080163] Initializing cgroup subsys freezer
[    0.080839] Initializing cgroup subsys blkio
[    0.081762] Initializing cgroup subsys perf_event
[    0.086465] mce: CPU supports 10 MCE banks
[    0.089864] SMP alternatives: switching to UP code
[    0.476730] Freeing SMP alternatives: 24k freed
[    0.478647] ACPI: Core revision 20110623
[    0.532157] ftrace: allocating 26610 entries in 105 pages
[    0.568034] ..TIMER: vector=0x30 apic1=0 pin1=2 apic2=-1 pin2=-1
[    0.568132] CPU0: AMD QEMU Virtual CPU version 2.0.0 stepping 03
[    0.572035] Performance Events: Broken PMU hardware detected, using software events only.
[    0.580473] NMI watchdog disabled (cpu0): hardware events not enabled
[    0.582138] Brought up 1 CPUs
[    0.582650] Total of 1 processors activated (4582.84 BogoMIPS).
[    0.613713] devtmpfs: initialized
[    0.647303] EVM: security.selinux
[    0.648080] EVM: security.SMACK64
[    0.648535] EVM: security.capability
[    0.670425] print_constraints: dummy: 
[    0.673569] RTC time:  5:14:42, date: 02/22/16
[    0.677243] NET: Registered protocol family 16
[    0.688351] ACPI: bus type pci registered
[    0.692257] PCI: Using configuration type 1 for base access
[    0.725766] bio: create slab &lt;bio-0&gt; at 0
[    0.730595] ACPI: Added _OSI(Module Device)
[    0.732143] ACPI: Added _OSI(Processor Device)
[    0.732848] ACPI: Added _OSI(3.0 _SCP Extensions)
[    0.733416] ACPI: Added _OSI(Processor Aggregator Device)
[    0.812870] ACPI: Interpreter enabled
[    0.813433] ACPI: (supports S0 S3 S4 S5)
[    0.816575] ACPI: Using IOAPIC for interrupt routing
[    0.893227] ACPI: No dock devices found.
[    0.893825] HEST: Table not found.
[    0.894368] PCI: Using host bridge windows from ACPI; if necessary, use "pci=nocrs" and report a bug
[    0.904055] ACPI: PCI Root Bridge [PCI0] (domain 0000 [bus 00-ff])
[    0.910452] pci_root PNP0A03:00: host bridge window [io  0x0000-0x0cf7]
[    0.911289] pci_root PNP0A03:00: host bridge window [io  0x0d00-0xadff]
[    0.912110] pci_root PNP0A03:00: host bridge window [io  0xae0f-0xaeff]
[    0.913039] pci_root PNP0A03:00: host bridge window [io  0xaf20-0xafdf]
[    0.913887] pci_root PNP0A03:00: host bridge window [io  0xafe4-0xffff]
[    0.916150] pci_root PNP0A03:00: host bridge window [mem 0x000a0000-0x000bffff]
[    0.917275] pci_root PNP0A03:00: host bridge window [mem 0x04000000-0xfebfffff]
[    0.942310] pci 0000:00:01.3: quirk: [io  0xb000-0xb03f] claimed by PIIX4 ACPI
[    0.944186] pci 0000:00:01.3: quirk: [io  0xb100-0xb10f] claimed by PIIX4 SMB
[    1.005984]  pci0000:00: Unable to request _OSC control (_OSC support mask: 0x1e)
[    1.060271] ACPI: PCI Interrupt Link [LNKA] (IRQs 5 *10 11)
[    1.062071] ACPI: PCI Interrupt Link [LNKB] (IRQs 5 *10 11)
[    1.064536] ACPI: PCI Interrupt Link [LNKC] (IRQs 5 10 *11)
[    1.066315] ACPI: PCI Interrupt Link [LNKD] (IRQs 5 10 *11)
[    1.068186] ACPI: PCI Interrupt Link [LNKS] (IRQs *9)
[    1.074740] vgaarb: device added: PCI:0000:00:02.0,decodes=io+mem,owns=io+mem,locks=none
[    1.076193] vgaarb: loaded
[    1.076644] vgaarb: bridge control possible 0000:00:02.0
[    1.080759] i2c-core: driver [aat2870] using legacy suspend method
[    1.081571] i2c-core: driver [aat2870] using legacy resume method
[    1.084541] SCSI subsystem initialized
[    1.087552] usbcore: registered new interface driver usbfs
[    1.088746] usbcore: registered new interface driver hub
[    1.089905] usbcore: registered new device driver usb
[    1.094358] PCI: Using ACPI for IRQ routing
[    1.105664] NetLabel: Initializing
[    1.106104] NetLabel:  domain hash size = 128
[    1.106639] NetLabel:  protocols = UNLABELED CIPSOv4
[    1.109408] NetLabel:  unlabeled traffic allowed by default
[    1.111241] HPET: 3 timers in total, 0 timers will be used for per-cpu timer
[    1.112511] hpet0: at MMIO 0xfed00000, IRQs 2, 8, 0
[    1.113369] hpet0: 3 comparators, 64-bit 100.000000 MHz counter
[    1.126632] Switching to clocksource hpet
[    1.370099] AppArmor: AppArmor Filesystem Enabled
[    1.371631] pnp: PnP ACPI init
[    1.372707] ACPI: bus type pnp registered
[    1.395268] pnp: PnP ACPI: found 9 devices
[    1.395832] ACPI: ACPI bus type pnp unregistered
[    1.451665] NET: Registered protocol family 2
[    1.495072] IP route cache hash table entries: 512 (order: 0, 4096 bytes)
[    1.502492] TCP established hash table entries: 2048 (order: 3, 32768 bytes)
[    1.503792] TCP bind hash table entries: 2048 (order: 3, 32768 bytes)
[    1.505396] TCP: Hash tables configured (established 2048 bind 2048)
[    1.506199] TCP reno registered
[    1.506770] UDP hash table entries: 128 (order: 0, 4096 bytes)
[    1.507475] UDP-Lite hash table entries: 128 (order: 0, 4096 bytes)
[    1.510519] NET: Registered protocol family 1
[    1.511056] pci 0000:00:00.0: Limiting direct PCI/PCI transfers
[    1.513158] pci 0000:00:01.0: PIIX3: Enabling Passive Release
[    1.514093] pci 0000:00:01.0: Activating ISA DMA hang workarounds
[    1.518540] ACPI: PCI Interrupt Link [LNKD] enabled at IRQ 11
[    1.519464] pci 0000:00:01.2: PCI INT D -&gt; Link[LNKD] -&gt; GSI 11 (level, high) -&gt; IRQ 11
[    1.522321] pci 0000:00:01.2: PCI INT D disabled
[    1.545237] Trying to unpack rootfs image as initramfs...
[    1.575455] audit: initializing netlink socket (disabled)
[    1.578321] type=2000 audit(1456118082.576:1): initialized
[    1.851973] HugeTLB registered 2 MB page size, pre-allocated 0 pages
[    1.949751] VFS: Disk quotas dquot_6.5.2
[    1.951157] Dquot-cache hash table entries: 512 (order 0, 4096 bytes)
[    1.966940] fuse init (API version 7.17)
[    1.970682] msgmni has been set to 84
[    2.005677] Block layer SCSI generic (bsg) driver version 0.4 loaded (major 253)
[    2.014013] io scheduler noop registered
[    2.014594] io scheduler deadline registered (default)
[    2.015766] io scheduler cfq registered
[    2.019804] pci_hotplug: PCI Hot Plug PCI Core version: 0.5
[    2.022827] pciehp: PCI Express Hot Plug Controller Driver version: 0.4
[    2.029449] input: Power Button as /devices/LNXSYSTM:00/LNXPWRBN:00/input/input0
[    2.031027] ACPI: Power Button [PWRF]
[    2.085727] ERST: Table is not found!
[    2.086240] GHES: HEST is not enabled!
[    2.094213] ACPI: PCI Interrupt Link [LNKC] enabled at IRQ 10
[    2.095082] virtio-pci 0000:00:03.0: PCI INT A -&gt; Link[LNKC] -&gt; GSI 10 (level, high) -&gt; IRQ 10
[    2.098890] virtio-pci 0000:00:04.0: PCI INT A -&gt; Link[LNKD] -&gt; GSI 11 (level, high) -&gt; IRQ 11
[    2.119243] ACPI: PCI Interrupt Link [LNKA] enabled at IRQ 10
[    2.119901] virtio-pci 0000:00:05.0: PCI INT A -&gt; Link[LNKA] -&gt; GSI 10 (level, high) -&gt; IRQ 10
[    2.125895] Serial: 8250/16550 driver, 32 ports, IRQ sharing enabled
[    2.170840] serial8250: ttyS0 at I/O 0x3f8 (irq = 4) is a 16550A
[    2.259180] serial8250: ttyS1 at I/O 0x2f8 (irq = 3) is a 16550A
[    2.395638] 00:05: ttyS0 at I/O 0x3f8 (irq = 4) is a 16550A
[    2.476581] 00:06: ttyS1 at I/O 0x2f8 (irq = 3) is a 16550A
[    2.530092] Linux agpgart interface v0.103
[    2.536998] Refined TSC clocksource calibration: 2291.434 MHz.
[    2.537819] Switching to clocksource tsc
[    2.606060] brd: module loaded
[    2.634731] loop: module loaded
[    2.684027]  vda: unknown partition table
[    2.737130] scsi0 : ata_piix
[    2.739558] scsi1 : ata_piix
[    2.741855] ata1: PATA max MWDMA2 cmd 0x1f0 ctl 0x3f6 bmdma 0xc0a0 irq 14
[    2.742666] ata2: PATA max MWDMA2 cmd 0x170 ctl 0x376 bmdma 0xc0a8 irq 15
[    2.759531] Fixed MDIO Bus: probed
[    2.761660] tun: Universal TUN/TAP device driver, 1.6
[    2.762253] tun: (C) 1999-2004 Max Krasnyansky &lt;maxk@qualcomm.com&gt;
[    2.779695] PPP generic driver version 2.4.2
[    2.791134] ehci_hcd: USB 2.0 'Enhanced' Host Controller (EHCI) Driver
[    2.793513] ohci_hcd: USB 1.1 'Open' Host Controller (OHCI) Driver
[    2.794812] uhci_hcd: USB Universal Host Controller Interface driver
[    2.795898] uhci_hcd 0000:00:01.2: PCI INT D -&gt; Link[LNKD] -&gt; GSI 11 (level, high) -&gt; IRQ 11
[    2.799923] uhci_hcd 0000:00:01.2: UHCI Host Controller
[    2.826122] uhci_hcd 0000:00:01.2: new USB bus registered, assigned bus number 1
[    2.827786] uhci_hcd 0000:00:01.2: irq 11, io base 0x0000c040
[    2.870871] hub 1-0:1.0: USB hub found
[    2.872142] hub 1-0:1.0: 2 ports detected
[    2.882394] usbcore: registered new interface driver libusual
[    2.891837] i8042: PNP: PS/2 Controller [PNP0303:KBD,PNP0f13:MOU] at 0x60,0x64 irq 1,12
[    2.907792] serio: i8042 KBD port at 0x60,0x64 irq 1
[    2.910004] serio: i8042 AUX port at 0x60,0x64 irq 12
[    2.962613] mousedev: PS/2 mouse device common for all mice
[    2.991425] input: AT Translated Set 2 keyboard as /devices/platform/i8042/serio0/input/input1
[    2.995271] rtc_cmos 00:01: RTC can wake from S4
[    3.000690] ata2.01: ATAPI: QEMU DVD-ROM, 2.0.0, max UDMA/100
[    3.015965] rtc_cmos 00:01: rtc core: registered rtc_cmos as rtc0
[    3.023778] rtc0: alarms up to one day, 114 bytes nvram, hpet irqs
[    3.027415] device-mapper: uevent: version 1.0.3
[    3.034201] ata2.01: configured for MWDMA2
[    3.073188] device-mapper: ioctl: 4.22.0-ioctl (2011-10-19) initialised: dm-devel@redhat.com
[    3.077429] cpuidle: using governor ladder
[    3.079512] cpuidle: using governor menu
[    3.080615] EFI Variables Facility v0.08 2004-May-17
[    3.091731] TCP cubic registered
[    3.102498] NET: Registered protocol family 10
[    3.135803] NET: Registered protocol family 17
[    3.137366] Registering the dns_resolver key type
[    3.152212] scsi 1:0:1:0: CD-ROM            QEMU     QEMU DVD-ROM     2.0. PQ: 0 ANSI: 5
[    3.175047] sr0: scsi3-mmc drive: 4x/4x cd/rw xa/form2 tray
[    3.176770] cdrom: Uniform CD-ROM driver Revision: 3.20
[    3.194345] sr 1:0:1:0: Attached scsi generic sg0 type 5
[    3.248052] registered taskstats version 1
[    3.278223] Freeing initrd memory: 3656k freed
[    3.798518]   Magic number: 4:324:214
[    3.810513] rtc_cmos 00:01: setting system clock to 2016-02-22 05:14:45 UTC (1456118085)
[    3.812020] powernow-k8: Processor cpuid 663 not supported
[    3.819725] BIOS EDD facility v0.16 2004-Jun-25, 0 devices found
[    3.821188] EDD information not available.
[    3.895594] Freeing unused kernel memory: 928k freed
[    3.904019] Write protecting the kernel read-only data: 12288k
[    4.018782] Freeing unused kernel memory: 1596k freed
[    4.104052] Freeing unused kernel memory: 1184k freed

info: initramfs: up at 4.30
modprobe: module virtio_blk not found in modules.dep
modprobe: module virtio_net not found in modules.dep
info: copying initramfs to /dev/vda
info: initramfs loading root from /dev/vda
info: /etc/init.d/rc.sysinit: up at 9.05
info: container: none
Starting logging: OK
modprobe: module virtio_blk not found in modules.dep
modprobe: module virtio_net not found in modules.dep
WARN: /etc/rc3.d/S10-load-modules failed
Initializing random number generator... done.
Starting acpid: OK
cirros-ds 'local' up at 11.58
found datasource (configdrive, local)
Starting network...
udhcpc (v1.20.1) started
Sending discover...
Sending select for 10.100.0.3...
Lease of 10.100.0.3 obtained, lease time 86400
route: SIOCADDRT: File exists
WARN: failed: route add -net "0.0.0.0/0" gw "10.100.0.1"
Starting dropbear sshd: generating rsa key... generating dsa key... OK
no userdata for datasource
=== system information ===
Platform: OpenStack Foundation OpenStack Nova
Container: none
Arch: x86_64
CPU(s): 1 @ 2291.420 MHz
Cores/Sockets/Threads: 1/1/1
Virt-type: AMD-V
RAM Size: 49MB
Disks:
NAME MAJ:MIN     SIZE LABEL         MOUNTPOINT
vda  253:0   25165824 cirros-rootfs /
sr0   11:0     428032 config-2      
=== sshd host keys ===
-----BEGIN SSH HOST KEY KEYS-----
ssh-rsa AAAAB3NzaC1yc2EAAAADAQABAAAAgn57ILlfMigThK9c+E80pEn64zp9I9mT4NkyLIEuuSpwxdsSuFzvV2MjtRETMhVumpx9PaEVHaAJW3IrWjvmGVuPlzTVv5Dp03qXrO0yctM2rrekr0uprycbLwo0Uv1ljjLCA08YUW2/QAwPuiu2AEIqOBjySVIHCl9Y1HjBDyMfyvU= root@tempest-server-smoke-1549535863
ssh-dss AAAAB3NzaC1kc3MAAACBANGIcXsFTazH4r1NHrbZ587BKxtS71KmJ3wzQjsWZ8PaZ3fGdbbBVHzNQ1of7sPBRR3OiM41gG7FVc+vY98A51h8Jk1+aiFF+GXs2PLXfZduxE2tMQ6rlBqnPjJNuVUIG/+4v8vWoLSvpZVQ3ZqDHuHy5Q9nDaSXZdnyVZ0q1rwHAAAAFQDVnYlsihc+a0NdUy92ROcYys9KwwAAAIEAvoRZCHmskJ7ORQwn7VgX25MLkp+ZbdkuXdJ2aEBZFURbtgHKIdAv/xU/govbLYBpl1EfkdFPKqi1NnWGGzjUK9oCxGR10+Xj3zyw/h5O0+gTNy6oBIW0ipWBS9CCcCs6R7265CFzC+IEK9pH6Pq0+VO6l5ktGfD1TdjubEpaqosAAACBAJuNrtdhBzMfXmDX2g+nnQiwECiLSvEUjDat8/zyaFe2Xf22ZhOv2wriu74FDlc5ouDnRuO+WKenbnAMn8puOc7gB2TNnhwqmX3vfBDm2UxcRpm/od6pf7OnfArOmju8NdABrUL+m23o9MCkSEVJhh2/cvPW9F8OCpJCAIxeMHhC root@tempest-server-smoke-1549535863
-----END SSH HOST KEY KEYS-----
=== network info ===
if-info: lo,up,127.0.0.1,8,::1
if-info: eth0,up,10.100.0.3,28,fe80::f816:3eff:fec7:b5c8
ip-route:default via 10.100.0.1 dev eth0 
ip-route:10.100.0.0/28 dev eth0  src 10.100.0.3 
ip-route:169.254.169.254 via 10.100.0.1 dev eth0 
=== datasource: configdrive local ===
instance-id: c3327632-4b13-4808-a645-ce71777f470b
name: tempest-server-smoke-1549535863
availability-zone: nova
local-hostname: tempest-server-smoke-1549535863.novalocal
launch-index: 0
=== cirros: current=0.3.4 uptime=22.55 ===
  ____               ____  ____
 / __/ __ ____ ____ / __ \/ __/
/ /__ / // __// __// /_/ /\ \ 
\___//_//_/  /_/   \____/___/ 
   http://cirros-cloud.net


login as 'cirros' user. default password: 'cubswin:)'. use 'sudo' for root.
tempest-server-smoke-1549535863 login: 
2016-02-22 05:17:05,533 31437 INFO     [tempest_lib.common.rest_client] Request (TestNetworkBasicOps:_run_cleanups): 204 DELETE http://10.4.1.3:9696/v2.0/floatingips/5ab65368-629b-4e92-b6a9-ec0b1021116f 0.242s
2016-02-22 05:17:05,533 31437 DEBUG    [tempest_lib.common.rest_client] Request - Headers: {'Content-Type': 'application/json', 'Accept': 'application/json', 'X-Auth-Token': '&lt;omitted&gt;'}
        Body: None
    Response - Headers: {'date': 'Mon, 22 Feb 2016 05:17:05 GMT', 'status': '204', 'connection': 'close', 'content-length': '0', 'x-openstack-request-id': 'req-1bc93b4a-6679-4dfa-9ac8-0a70ae78f3b0'}
        Body: 
2016-02-22 05:17:05,756 31437 INFO     [tempest_lib.common.rest_client] Request (TestNetworkBasicOps:_run_cleanups): 204 DELETE http://10.4.1.3:8774/v2.1/5bdee74059724b3e92029eaddf1f2770/servers/c3327632-4b13-4808-a645-ce71777f470b 0.222s
2016-02-22 05:17:05,757 31437 DEBUG    [tempest_lib.common.rest_client] Request - Headers: {'Content-Type': 'application/json', 'Accept': 'application/json', 'X-Auth-Token': '&lt;omitted&gt;'}
        Body: None
    Response - Headers: {'status': '204', 'content-length': '0', 'x-compute-request-id': 'req-3a2c168c-8fef-4255-8ecc-deccce6894c9', 'vary': 'X-OpenStack-Nova-API-Version', 'connection': 'close', 'x-openstack-nova-api-version': '2.1', 'date': 'Mon, 22 Feb 2016 05:17:05 GMT', 'content-type': 'application/json'}
        Body: 
2016-02-22 05:17:05,949 31437 INFO     [tempest_lib.common.rest_client] Request (TestNetworkBasicOps:_run_cleanups): 200 GET http://10.4.1.3:8774/v2.1/5bdee74059724b3e92029eaddf1f2770/servers/c3327632-4b13-4808-a645-ce71777f470b 0.191s
2016-02-22 05:17:05,950 31437 DEBUG    [tempest_lib.common.rest_client] Request - Headers: {'Content-Type': 'application/json', 'Accept': 'application/json', 'X-Auth-Token': '&lt;omitted&gt;'}
        Body: None
    Response - Headers: {'status': '200', 'content-length': '1762', 'content-location': 'http://10.4.1.3:8774/v2.1/5bdee74059724b3e92029eaddf1f2770/servers/c3327632-4b13-4808-a645-ce71777f470b', 'x-compute-request-id': 'req-91014ca1-3f6b-4505-a2e1-1d0a25313c95', 'vary': 'X-OpenStack-Nova-API-Version', 'connection': 'close', 'x-openstack-nova-api-version': '2.1', 'date': 'Mon, 22 Feb 2016 05:17:05 GMT', 'content-type': 'application/json'}
        Body: {"server": {"status": "ACTIVE", "updated": "2016-02-22T05:17:05Z", "hostId": "db15171385b97ab3aabb53923dbb0ac820a52705852bc7127ff6e151", "addresses": {"tempest-network-smoke--1119201659": [{"OS-EXT-IPS-MAC:mac_addr": "fa:16:3e:c7:b5:c8", "version": 4, "addr": "10.100.0.3", "OS-EXT-IPS:type": "fixed"}, {"OS-EXT-IPS-MAC:mac_addr": "fa:16:3e:c7:b5:c8", "version": 4, "addr": "172.24.4.18", "OS-EXT-IPS:type": "floating"}]}, "links": [{"href": "http://10.4.1.3:8774/v2.1/5bdee74059724b3e92029eaddf1f2770/servers/c3327632-4b13-4808-a645-ce71777f470b", "rel": "self"}, {"href": "http://10.4.1.3:8774/5bdee74059724b3e92029eaddf1f2770/servers/c3327632-4b13-4808-a645-ce71777f470b", "rel": "bookmark"}], "key_name": "tempest-TestNetworkBasicOps-416650203", "image": {"id": "aa850f34-6ebd-4d0e-b37c-12a21d78b8a0", "links": [{"href": "http://10.4.1.3:8774/5bdee74059724b3e92029eaddf1f2770/images/aa850f34-6ebd-4d0e-b37c-12a21d78b8a0", "rel": "bookmark"}]}, "OS-EXT-STS:task_state": "deleting", "OS-EXT-STS:vm_state": "active", "OS-SRV-USG:launched_at": "2016-02-22T05:14:39.000000", "flavor": {"id": "42", "links": [{"href": "http://10.4.1.3:8774/5bdee74059724b3e92029eaddf1f2770/flavors/42", "rel": "bookmark"}]}, "id": "c3327632-4b13-4808-a645-ce71777f470b", "security_groups": [{"name": "tempest-secgroup-smoke-1881761676"}], "OS-SRV-USG:terminated_at": null, "OS-EXT-AZ:availability_zone": "nova", "user_id": "94844357be314b21bc7b742800c53c62", "name": "tempest-server-smoke-1549535863", "created": "2016-02-22T05:14:36Z", "tenant_id": "5bdee74059724b3e92029eaddf1f2770", "OS-DCF:diskConfig": "MANUAL", "os-extended-volumes:volumes_attached": [], "accessIPv4": "", "accessIPv6": "", "progress": 0, "OS-EXT-STS:power_state": 1, "config_drive": "True", "metadata": {}}}
2016-02-22 05:17:07,095 31437 INFO     [tempest_lib.common.rest_client] Request (TestNetworkBasicOps:_run_cleanups): 200 GET http://10.4.1.3:8774/v2.1/5bdee74059724b3e92029eaddf1f2770/servers/c3327632-4b13-4808-a645-ce71777f470b 0.133s
2016-02-22 05:17:07,096 31437 DEBUG    [tempest_lib.common.rest_client] Request - Headers: {'Content-Type': 'application/json', 'Accept': 'application/json', 'X-Auth-Token': '&lt;omitted&gt;'}
        Body: None
