<?xml version="1.0" encoding="UTF-8"?>
<!DOCTYPE html PUBLIC "-//W3C//DTD XHTML 1.0 Strict//EN"
     "http://www.w3.org/TR/xhtml1/DTD/xhtml1-strict.dtd">
<html xmlns="http://www.w3.org/1999/xhtml">
<head>
    <title>Unit Test Report</title>
    <meta name="generator" content="subunit2html 0.1"/>
    <meta http-equiv="Content-Type" content="text/html; charset=UTF-8"/>
    
<style type="text/css" media="screen">
body        { font-family: verdana, arial, helvetica, sans-serif;
    font-size: 80%; }
table       { font-size: 100%; width: 100%;}
pre         { font-size: 80%; }

/* -- heading -------------------------------------------------------------- */
h1 {
        font-size: 16pt;
        color: gray;
}
.heading {
    margin-top: 0ex;
    margin-bottom: 1ex;
}

.heading .attribute {
    margin-top: 1ex;
    margin-bottom: 0;
}

.heading .description {
    margin-top: 4ex;
    margin-bottom: 6ex;
}

/* -- css div popup -------------------------------------------------------- */
a.popup_link {
}

a.popup_link:hover {
    color: red;
}

.popup_window {
    display: none;
    overflow-x: scroll;
    /*border: solid #627173 1px; */
    padding: 10px;
    background-color: #E6E6D6;
    font-family: "Ubuntu Mono", "Lucida Console", "Courier New", monospace;
    text-align: left;
    font-size: 8pt;
}

}
/* -- report --------------------------------------------------------------- */
#show_detail_line {
    margin-top: 3ex;
    margin-bottom: 1ex;
}
#result_table {
    width: 100%;
    border-collapse: collapse;
    border: 1px solid #777;
}
#header_row {
    font-weight: bold;
    color: white;
    background-color: #777;
}
#result_table td {
    border: 1px solid #777;
    padding: 2px;
}
#total_row  { font-weight: bold; }
.passClass  { background-color: #6c6; }
.failClass  { background-color: #c60; }
.errorClass { background-color: #c00; }
.passCase   { color: #6c6; }
.failCase   { color: #c60; font-weight: bold; }
.errorCase  { color: #c00; font-weight: bold; }
.hiddenRow  { display: none; }
.testcase   { margin-left: 2em; }
td.testname {width: 40%}
td.small {width: 40px}

/* -- ending --------------------------------------------------------------- */
#ending {
}

</style>

</head>
<body>
<script language="javascript" type="text/javascript"><!--
output_list = Array();

/* level - 0:Summary; 1:Failed; 2:All */
function showCase(level) {
    trs = document.getElementsByTagName("tr");
    for (var i = 0; i < trs.length; i++) {
        tr = trs[i];
        id = tr.id;
        if (id.substr(0,2) == 'ft') {
            if (level < 1) {
                tr.className = 'hiddenRow';
            }
            else {
                tr.className = '';
            }
        }
        if (id.substr(0,2) == 'pt') {
            if (level > 1) {
                tr.className = '';
            }
            else {
                tr.className = 'hiddenRow';
            }
        }
    }
}


function showClassDetail(cid, count) {
    var id_list = Array(count);
    var toHide = 1;
    for (var i = 0; i < count; i++) {
        tid0 = 't' + cid.substr(1) + '.' + (i+1);
        tid = 'f' + tid0;
        tr = document.getElementById(tid);
        if (!tr) {
            tid = 'p' + tid0;
            tr = document.getElementById(tid);
        }
        id_list[i] = tid;
        if (tr.className) {
            toHide = 0;
        }
    }
    for (var i = 0; i < count; i++) {
        tid = id_list[i];
        if (toHide) {
            document.getElementById('div_'+tid).style.display = 'none'
            document.getElementById(tid).className = 'hiddenRow';
        }
        else {
            document.getElementById(tid).className = '';
        }
    }
}


function showTestDetail(div_id){
    var details_div = document.getElementById(div_id)
    var displayState = details_div.style.display
    // alert(displayState)
    if (displayState != 'block' ) {
        displayState = 'block'
        details_div.style.display = 'block'
    }
    else {
        details_div.style.display = 'none'
    }
}


function html_escape(s) {
    s = s.replace(/&/g,'&amp;');
    s = s.replace(/</g,'&lt;');
    s = s.replace(/>/g,'&gt;');
    return s;
}

/* obsoleted by detail in <div>
function showOutput(id, name) {
    var w = window.open("", //url
                    name,
                    "resizable,scrollbars,status,width=800,height=450");
    d = w.document;
    d.write("<pre>");
    d.write(html_escape(output_list[id]));
    d.write("\n");
    d.write("<a href='javascript:window.close()'>close</a>\n");
    d.write("</pre>\n");
    d.close();
}
*/
--></script>

<div class='heading'>
<h1>Unit Test Report</h1>

<p class='attribute'><strong>Status:</strong> Pass 8 Failure 1</p>

<p class='description'></p>
</div>



<p id='show_detail_line'>Show
<a href='javascript:showCase(0)'>Summary</a>
<a href='javascript:showCase(1)'>Failed</a>
<a href='javascript:showCase(2)'>All</a>
</p>
<table id='result_table'>
<colgroup>
<col align='left' />
<col align='right' />
<col align='right' />
<col align='right' />
<col align='right' />
<col align='right' />
<col align='right' />
<col align='right' />
</colgroup>
<tr id='header_row'>
    <td>Test Group/Test case</td>
    <td>Count</td>
    <td>Pass</td>
    <td>Fail</td>
    <td>Error</td>
    <td>Skip</td>
    <td>View</td>
    <td> </td>
</tr>

<tr class='failClass'>
    <td class="testname">tempest.scenario.test_network_basic_ops.TestNetworkBasicOps</td>
    <td class="small">9</td>
    <td class="small">8</td>
    <td class="small">1</td>
    <td class="small">0</td>
    <td class="small">0</td>
    <td class="small"><a href="javascript:showClassDetail('c1',9)"
>Detail</a></td>
    <td> </td>
</tr>

<tr id='pt1.1' class='hiddenRow'>
    <td class='none'><div class='testcase'>test_connectivity_between_vms_on_different_networks[compute,id-1546850e-fbaa-42f5-8b5f-03d8a6a95f15,network]</div></td>
    <td colspan='7' align='left'>

    <!--css div popup start-->
    <a class="popup_link" onfocus='this.blur();'
    href="javascript:showTestDetail('div_pt1.1')" >
        pass</a>

    <div id='div_pt1.1' class="popup_window">
        <div style='text-align: right; color:red;cursor:pointer'>
        <a onfocus='this.blur();'
onclick="document.getElementById('div_pt1.1').style.display = 'none' " >
           [x]</a>
        </div>
        <pre>
        
pt1.1: tempest.scenario.test_network_basic_ops.TestNetworkBasicOps.test_connectivity_between_vms_on_different_networks[compute,id-1546850e-fbaa-42f5-8b5f-03d8a6a95f15,network]

        </pre>
    </div>
    <!--css div popup end-->

    </td>
</tr>

<tr id='pt1.2' class='hiddenRow'>
    <td class='none'><div class='testcase'>test_hotplug_nic[compute,id-c5adff73-e961-41f1-b4a9-343614f18cfa,network]</div></td>
    <td colspan='7' align='left'>

    <!--css div popup start-->
    <a class="popup_link" onfocus='this.blur();'
    href="javascript:showTestDetail('div_pt1.2')" >
        pass</a>

    <div id='div_pt1.2' class="popup_window">
        <div style='text-align: right; color:red;cursor:pointer'>
        <a onfocus='this.blur();'
onclick="document.getElementById('div_pt1.2').style.display = 'none' " >
           [x]</a>
        </div>
        <pre>
        
pt1.2: tempest.scenario.test_network_basic_ops.TestNetworkBasicOps.test_hotplug_nic[compute,id-c5adff73-e961-41f1-b4a9-343614f18cfa,network]

        </pre>
    </div>
    <!--css div popup end-->

    </td>
</tr>

<tr id='pt1.3' class='hiddenRow'>
    <td class='none'><div class='testcase'>test_network_basic_ops[compute,id-f323b3ba-82f8-4db7-8ea6-6a895869ec49,network,smoke]</div></td>
    <td colspan='7' align='left'>

    <!--css div popup start-->
    <a class="popup_link" onfocus='this.blur();'
    href="javascript:showTestDetail('div_pt1.3')" >
        pass</a>

    <div id='div_pt1.3' class="popup_window">
        <div style='text-align: right; color:red;cursor:pointer'>
        <a onfocus='this.blur();'
onclick="document.getElementById('div_pt1.3').style.display = 'none' " >
           [x]</a>
        </div>
        <pre>
        
pt1.3: tempest.scenario.test_network_basic_ops.TestNetworkBasicOps.test_network_basic_ops[compute,id-f323b3ba-82f8-4db7-8ea6-6a895869ec49,network,smoke]

        </pre>
    </div>
    <!--css div popup end-->

    </td>
</tr>

<tr id='pt1.4' class='hiddenRow'>
    <td class='none'><div class='testcase'>test_port_security_macspoofing_port[compute,id-7c0bb1a2-d053-49a4-98f9-ca1a1d849f63,network]</div></td>
    <td colspan='7' align='left'>

    <!--css div popup start-->
    <a class="popup_link" onfocus='this.blur();'
    href="javascript:showTestDetail('div_pt1.4')" >
        pass</a>

    <div id='div_pt1.4' class="popup_window">
        <div style='text-align: right; color:red;cursor:pointer'>
        <a onfocus='this.blur();'
onclick="document.getElementById('div_pt1.4').style.display = 'none' " >
           [x]</a>
        </div>
        <pre>
        
pt1.4: tempest.scenario.test_network_basic_ops.TestNetworkBasicOps.test_port_security_macspoofing_port[compute,id-7c0bb1a2-d053-49a4-98f9-ca1a1d849f63,network]

        </pre>
    </div>
    <!--css div popup end-->

    </td>
</tr>

<tr id='pt1.5' class='hiddenRow'>
    <td class='none'><div class='testcase'>test_preserve_preexisting_port[compute,id-759462e1-8535-46b0-ab3a-33aa45c55aaa,network]</div></td>
    <td colspan='7' align='left'>

    <!--css div popup start-->
    <a class="popup_link" onfocus='this.blur();'
    href="javascript:showTestDetail('div_pt1.5')" >
        pass</a>

    <div id='div_pt1.5' class="popup_window">
        <div style='text-align: right; color:red;cursor:pointer'>
        <a onfocus='this.blur();'
onclick="document.getElementById('div_pt1.5').style.display = 'none' " >
           [x]</a>
        </div>
        <pre>
        
pt1.5: tempest.scenario.test_network_basic_ops.TestNetworkBasicOps.test_preserve_preexisting_port[compute,id-759462e1-8535-46b0-ab3a-33aa45c55aaa,network]

        </pre>
    </div>
    <!--css div popup end-->

    </td>
</tr>

<tr id='pt1.6' class='hiddenRow'>
    <td class='none'><div class='testcase'>test_router_rescheduling[compute,id-2e788c46-fb3f-4ac9-8f82-0561555bea73,network]</div></td>
    <td colspan='7' align='left'>

    <!--css div popup start-->
    <a class="popup_link" onfocus='this.blur();'
    href="javascript:showTestDetail('div_pt1.6')" >
        pass</a>

    <div id='div_pt1.6' class="popup_window">
        <div style='text-align: right; color:red;cursor:pointer'>
        <a onfocus='this.blur();'
onclick="document.getElementById('div_pt1.6').style.display = 'none' " >
           [x]</a>
        </div>
        <pre>
        
pt1.6: tempest.scenario.test_network_basic_ops.TestNetworkBasicOps.test_router_rescheduling[compute,id-2e788c46-fb3f-4ac9-8f82-0561555bea73,network]

        </pre>
    </div>
    <!--css div popup end-->

    </td>
</tr>

<tr id='pt1.7' class='hiddenRow'>
    <td class='none'><div class='testcase'>test_subnet_details[compute,id-d8bb918e-e2df-48b2-97cd-b73c95450980,network]</div></td>
    <td colspan='7' align='left'>

    <!--css div popup start-->
    <a class="popup_link" onfocus='this.blur();'
    href="javascript:showTestDetail('div_pt1.7')" >
        pass</a>

    <div id='div_pt1.7' class="popup_window">
        <div style='text-align: right; color:red;cursor:pointer'>
        <a onfocus='this.blur();'
onclick="document.getElementById('div_pt1.7').style.display = 'none' " >
           [x]</a>
        </div>
        <pre>
        
pt1.7: tempest.scenario.test_network_basic_ops.TestNetworkBasicOps.test_subnet_details[compute,id-d8bb918e-e2df-48b2-97cd-b73c95450980,network]

        </pre>
    </div>
    <!--css div popup end-->

    </td>
</tr>

<tr id='ft1.8' class='none'>
    <td class='failCase'><div class='testcase'>test_update_instance_port_admin_state[compute,id-f5dfcc22-45fd-409f-954c-5bd500d7890b,network]</div></td>
    <td colspan='7' align='left'>

    <!--css div popup start-->
    <a class="popup_link" onfocus='this.blur();'
    href="javascript:showTestDetail('div_ft1.8')" >
        fail</a>

    <div id='div_ft1.8' class="popup_window">
        <div style='text-align: right; color:red;cursor:pointer'>
        <a onfocus='this.blur();'
onclick="document.getElementById('div_ft1.8').style.display = 'none' " >
           [x]</a>
        </div>
        <pre>
        
ft1.8: tempest.scenario.test_network_basic_ops.TestNetworkBasicOps.test_update_instance_port_admin_state[compute,id-f5dfcc22-45fd-409f-954c-5bd500d7890b,network]_StringException: Empty attachments:
  stderr
  stdout

pythonlogging:'': {{{
2015-12-09 10:14:36,074 32280 INFO     [tempest_lib.common.rest_client] Request (TestNetworkBasicOps:test_update_instance_port_admin_state): 201 POST http://10.0.2.15:9696/v2.0/security-groups 0.111s
2015-12-09 10:14:36,075 32280 DEBUG    [tempest_lib.common.rest_client] Request - Headers: {'Content-Type': 'application/json', 'Accept': 'application/json', 'X-Auth-Token': '&lt;omitted&gt;'}
        Body: {"security_group": {"tenant_id": "626da9ece8344458a37844e3fe37ae25", "description": "tempest-secgroup-smoke-1679784315 description", "name": "tempest-secgroup-smoke-1679784315"}}
    Response - Headers: {'status': '201', 'content-length': '888', 'connection': 'close', 'date': 'Wed, 09 Dec 2015 10:14:36 GMT', 'content-type': 'application/json; charset=UTF-8', 'x-openstack-request-id': 'req-a0eed965-f057-4b1a-bffa-95b5ff1a2cf9'}
        Body: {"security_group": {"tenant_id": "626da9ece8344458a37844e3fe37ae25", "description": "tempest-secgroup-smoke-1679784315 description", "id": "918105e2-015f-4a20-ae24-1b8d48971435", "security_group_rules": [{"remote_group_id": null, "direction": "egress", "remote_ip_prefix": null, "protocol": null, "ethertype": "IPv4", "tenant_id": "626da9ece8344458a37844e3fe37ae25", "port_range_max": null, "port_range_min": null, "id": "9725f12d-fdb5-48fe-b0d4-16118844b969", "security_group_id": "918105e2-015f-4a20-ae24-1b8d48971435"}, {"remote_group_id": null, "direction": "egress", "remote_ip_prefix": null, "protocol": null, "ethertype": "IPv6", "tenant_id": "626da9ece8344458a37844e3fe37ae25", "port_range_max": null, "port_range_min": null, "id": "28cd919f-1751-4dce-8152-c036bfdf2a71", "security_group_id": "918105e2-015f-4a20-ae24-1b8d48971435"}], "name": "tempest-secgroup-smoke-1679784315"}}
2015-12-09 10:14:36,181 32280 INFO     [tempest_lib.common.rest_client] Request (TestNetworkBasicOps:test_update_instance_port_admin_state): 201 POST http://10.0.2.15:9696/v2.0/security-group-rules 0.105s
2015-12-09 10:14:36,181 32280 DEBUG    [tempest_lib.common.rest_client] Request - Headers: {'Content-Type': 'application/json', 'Accept': 'application/json', 'X-Auth-Token': '&lt;omitted&gt;'}
        Body: {"security_group_rule": {"direction": "ingress", "protocol": "tcp", "tenant_id": "626da9ece8344458a37844e3fe37ae25", "port_range_max": 22, "security_group_id": "918105e2-015f-4a20-ae24-1b8d48971435", "port_range_min": 22}}
    Response - Headers: {'status': '201', 'content-length': '340', 'connection': 'close', 'date': 'Wed, 09 Dec 2015 10:14:36 GMT', 'content-type': 'application/json; charset=UTF-8', 'x-openstack-request-id': 'req-c564431c-f967-4ba2-b8fd-566a948b5f2f'}
        Body: {"security_group_rule": {"remote_group_id": null, "direction": "ingress", "remote_ip_prefix": null, "protocol": "tcp", "ethertype": "IPv4", "tenant_id": "626da9ece8344458a37844e3fe37ae25", "port_range_max": 22, "port_range_min": 22, "id": "a4701336-598f-4a35-b885-6b0a8c723e48", "security_group_id": "918105e2-015f-4a20-ae24-1b8d48971435"}}
2015-12-09 10:14:36,301 32280 INFO     [tempest_lib.common.rest_client] Request (TestNetworkBasicOps:test_update_instance_port_admin_state): 201 POST http://10.0.2.15:9696/v2.0/security-group-rules 0.118s
2015-12-09 10:14:36,301 32280 DEBUG    [tempest_lib.common.rest_client] Request - Headers: {'Content-Type': 'application/json', 'Accept': 'application/json', 'X-Auth-Token': '&lt;omitted&gt;'}
        Body: {"security_group_rule": {"direction": "egress", "protocol": "tcp", "tenant_id": "626da9ece8344458a37844e3fe37ae25", "port_range_max": 22, "security_group_id": "918105e2-015f-4a20-ae24-1b8d48971435", "port_range_min": 22}}
    Response - Headers: {'status': '201', 'content-length': '339', 'connection': 'close', 'date': 'Wed, 09 Dec 2015 10:14:36 GMT', 'content-type': 'application/json; charset=UTF-8', 'x-openstack-request-id': 'req-1093ddb3-59a8-4265-96b9-1abfa813ece8'}
        Body: {"security_group_rule": {"remote_group_id": null, "direction": "egress", "remote_ip_prefix": null, "protocol": "tcp", "ethertype": "IPv4", "tenant_id": "626da9ece8344458a37844e3fe37ae25", "port_range_max": 22, "port_range_min": 22, "id": "d560865c-1635-4a19-bf25-10c259e5671d", "security_group_id": "918105e2-015f-4a20-ae24-1b8d48971435"}}
2015-12-09 10:14:36,414 32280 INFO     [tempest_lib.common.rest_client] Request (TestNetworkBasicOps:test_update_instance_port_admin_state): 201 POST http://10.0.2.15:9696/v2.0/security-group-rules 0.111s
2015-12-09 10:14:36,415 32280 DEBUG    [tempest_lib.common.rest_client] Request - Headers: {'Content-Type': 'application/json', 'Accept': 'application/json', 'X-Auth-Token': '&lt;omitted&gt;'}
        Body: {"security_group_rule": {"tenant_id": "626da9ece8344458a37844e3fe37ae25", "direction": "ingress", "protocol": "icmp", "security_group_id": "918105e2-015f-4a20-ae24-1b8d48971435"}}
    Response - Headers: {'status': '201', 'content-length': '345', 'connection': 'close', 'date': 'Wed, 09 Dec 2015 10:14:36 GMT', 'content-type': 'application/json; charset=UTF-8', 'x-openstack-request-id': 'req-b0f7e252-1cee-46ce-87c0-cd6a6ac4dfc1'}
        Body: {"security_group_rule": {"remote_group_id": null, "direction": "ingress", "remote_ip_prefix": null, "protocol": "icmp", "ethertype": "IPv4", "tenant_id": "626da9ece8344458a37844e3fe37ae25", "port_range_max": null, "port_range_min": null, "id": "38b9214b-f0c4-4076-aec0-a5f5dfe4f0ae", "security_group_id": "918105e2-015f-4a20-ae24-1b8d48971435"}}
2015-12-09 10:14:36,524 32280 INFO     [tempest_lib.common.rest_client] Request (TestNetworkBasicOps:test_update_instance_port_admin_state): 201 POST http://10.0.2.15:9696/v2.0/security-group-rules 0.108s
2015-12-09 10:14:36,525 32280 DEBUG    [tempest_lib.common.rest_client] Request - Headers: {'Content-Type': 'application/json', 'Accept': 'application/json', 'X-Auth-Token': '&lt;omitted&gt;'}
        Body: {"security_group_rule": {"tenant_id": "626da9ece8344458a37844e3fe37ae25", "direction": "egress", "protocol": "icmp", "security_group_id": "918105e2-015f-4a20-ae24-1b8d48971435"}}
    Response - Headers: {'status': '201', 'content-length': '344', 'connection': 'close', 'date': 'Wed, 09 Dec 2015 10:14:36 GMT', 'content-type': 'application/json; charset=UTF-8', 'x-openstack-request-id': 'req-5a4fdc61-9e9c-4e98-897a-642679e82e6b'}
        Body: {"security_group_rule": {"remote_group_id": null, "direction": "egress", "remote_ip_prefix": null, "protocol": "icmp", "ethertype": "IPv4", "tenant_id": "626da9ece8344458a37844e3fe37ae25", "port_range_max": null, "port_range_min": null, "id": "c8dd8a8e-dcb1-4dfe-87d0-8c1c74888c55", "security_group_id": "918105e2-015f-4a20-ae24-1b8d48971435"}}
2015-12-09 10:14:36,629 32280 INFO     [tempest_lib.common.rest_client] Request (TestNetworkBasicOps:test_update_instance_port_admin_state): 201 POST http://10.0.2.15:9696/v2.0/security-group-rules 0.103s
2015-12-09 10:14:36,629 32280 DEBUG    [tempest_lib.common.rest_client] Request - Headers: {'Content-Type': 'application/json', 'Accept': 'application/json', 'X-Auth-Token': '&lt;omitted&gt;'}
        Body: {"security_group_rule": {"tenant_id": "626da9ece8344458a37844e3fe37ae25", "direction": "ingress", "security_group_id": "918105e2-015f-4a20-ae24-1b8d48971435", "protocol": "icmp", "ethertype": "IPv6"}}
    Response - Headers: {'status': '201', 'content-length': '345', 'connection': 'close', 'date': 'Wed, 09 Dec 2015 10:14:36 GMT', 'content-type': 'application/json; charset=UTF-8', 'x-openstack-request-id': 'req-5cae2a9f-954e-42d1-bd3d-ee285922073b'}
        Body: {"security_group_rule": {"remote_group_id": null, "direction": "ingress", "remote_ip_prefix": null, "protocol": "icmp", "ethertype": "IPv6", "tenant_id": "626da9ece8344458a37844e3fe37ae25", "port_range_max": null, "port_range_min": null, "id": "9e3a964b-c18e-472a-9371-f78cbe829481", "security_group_id": "918105e2-015f-4a20-ae24-1b8d48971435"}}
2015-12-09 10:14:36,746 32280 INFO     [tempest_lib.common.rest_client] Request (TestNetworkBasicOps:test_update_instance_port_admin_state): 201 POST http://10.0.2.15:9696/v2.0/security-group-rules 0.115s
2015-12-09 10:14:36,747 32280 DEBUG    [tempest_lib.common.rest_client] Request - Headers: {'Content-Type': 'application/json', 'Accept': 'application/json', 'X-Auth-Token': '&lt;omitted&gt;'}
        Body: {"security_group_rule": {"tenant_id": "626da9ece8344458a37844e3fe37ae25", "direction": "egress", "security_group_id": "918105e2-015f-4a20-ae24-1b8d48971435", "protocol": "icmp", "ethertype": "IPv6"}}
    Response - Headers: {'status': '201', 'content-length': '344', 'connection': 'close', 'date': 'Wed, 09 Dec 2015 10:14:36 GMT', 'content-type': 'application/json; charset=UTF-8', 'x-openstack-request-id': 'req-90772d1d-38cf-4db5-96f5-b6ed3585fe67'}
        Body: {"security_group_rule": {"remote_group_id": null, "direction": "egress", "remote_ip_prefix": null, "protocol": "icmp", "ethertype": "IPv6", "tenant_id": "626da9ece8344458a37844e3fe37ae25", "port_range_max": null, "port_range_min": null, "id": "a8c56aa6-7785-4092-85c4-2763b45c103a", "security_group_id": "918105e2-015f-4a20-ae24-1b8d48971435"}}
2015-12-09 10:14:36,884 32280 INFO     [tempest_lib.common.rest_client] Request (TestNetworkBasicOps:test_update_instance_port_admin_state): 201 POST http://10.0.2.15:9696/v2.0/networks 0.136s
2015-12-09 10:14:36,885 32280 DEBUG    [tempest_lib.common.rest_client] Request - Headers: {'Content-Type': 'application/json', 'Accept': 'application/json', 'X-Auth-Token': '&lt;omitted&gt;'}
        Body: {"network": {"tenant_id": "626da9ece8344458a37844e3fe37ae25", "name": "tempest-network-smoke--1528329867"}}
    Response - Headers: {'status': '201', 'content-length': '296', 'connection': 'close', 'date': 'Wed, 09 Dec 2015 10:14:36 GMT', 'content-type': 'application/json; charset=UTF-8', 'x-openstack-request-id': 'req-bea01544-6dbc-4622-8316-3adb1045d71d'}
        Body: {"network": {"status": "ACTIVE", "subnets": [], "name": "tempest-network-smoke--1528329867", "admin_state_up": true, "tenant_id": "626da9ece8344458a37844e3fe37ae25", "mtu": 0, "router:external": false, "shared": false, "port_security_enabled": true, "id": "6b0dd224-f6b5-4dcc-939f-9d2851258de8"}}
2015-12-09 10:14:36,968 32280 INFO     [tempest_lib.common.rest_client] Request (TestNetworkBasicOps:test_update_instance_port_admin_state): 201 POST http://10.0.2.15:9696/v2.0/routers 0.081s
2015-12-09 10:14:36,969 32280 DEBUG    [tempest_lib.common.rest_client] Request - Headers: {'Content-Type': 'application/json', 'Accept': 'application/json', 'X-Auth-Token': '&lt;omitted&gt;'}
        Body: {"router": {"tenant_id": "626da9ece8344458a37844e3fe37ae25", "name": "tempest-router-smoke-1727562450", "admin_state_up": true}}
    Response - Headers: {'status': '201', 'content-length': '239', 'connection': 'close', 'date': 'Wed, 09 Dec 2015 10:14:36 GMT', 'content-type': 'application/json; charset=UTF-8', 'x-openstack-request-id': 'req-109dfae8-9b2e-4b26-aa7c-1b4745113328'}
        Body: {"router": {"status": "ACTIVE", "external_gateway_info": null, "name": "tempest-router-smoke-1727562450", "admin_state_up": true, "tenant_id": "626da9ece8344458a37844e3fe37ae25", "routes": [], "id": "362f65b1-3a09-40e3-8a30-203001585c0d"}}
2015-12-09 10:14:37,016 32280 INFO     [tempest_lib.common.rest_client] Request (TestNetworkBasicOps:test_update_instance_port_admin_state): 200 GET http://10.0.2.15:9696/v2.0/routers/362f65b1-3a09-40e3-8a30-203001585c0d 0.045s
2015-12-09 10:14:37,016 32280 DEBUG    [tempest_lib.common.rest_client] Request - Headers: {'Content-Type': 'application/json', 'Accept': 'application/json', 'X-Auth-Token': '&lt;omitted&gt;'}
        Body: None
    Response - Headers: {'status': '200', 'content-length': '239', 'content-location': 'http://10.0.2.15:9696/v2.0/routers/362f65b1-3a09-40e3-8a30-203001585c0d', 'connection': 'close', 'date': 'Wed, 09 Dec 2015 10:14:37 GMT', 'content-type': 'application/json; charset=UTF-8', 'x-openstack-request-id': 'req-dea13719-d9be-4007-99a1-38cd1f12988c'}
        Body: {"router": {"status": "ACTIVE", "external_gateway_info": null, "name": "tempest-router-smoke-1727562450", "admin_state_up": true, "tenant_id": "626da9ece8344458a37844e3fe37ae25", "routes": [], "id": "362f65b1-3a09-40e3-8a30-203001585c0d"}}
2015-12-09 10:14:37,544 32280 INFO     [tempest_lib.common.rest_client] Request (TestNetworkBasicOps:test_update_instance_port_admin_state): 200 PUT http://10.0.2.15:9696/v2.0/routers/362f65b1-3a09-40e3-8a30-203001585c0d 0.526s
2015-12-09 10:14:37,544 32280 DEBUG    [tempest_lib.common.rest_client] Request - Headers: {'Content-Type': 'application/json', 'Accept': 'application/json', 'X-Auth-Token': '&lt;omitted&gt;'}
        Body: {"router": {"external_gateway_info": {"network_id": "e1daa5ac-20bd-480d-9549-fa52d7940a5c"}, "name": "tempest-router-smoke-1727562450", "admin_state_up": true}}
    Response - Headers: {'status': '200', 'content-length': '503', 'connection': 'close', 'date': 'Wed, 09 Dec 2015 10:14:37 GMT', 'content-type': 'application/json; charset=UTF-8', 'x-openstack-request-id': 'req-21222853-87f5-4d8a-9b1f-43088b85f1d5'}
        Body: {"router": {"status": "ACTIVE", "external_gateway_info": {"network_id": "e1daa5ac-20bd-480d-9549-fa52d7940a5c", "enable_snat": true, "external_fixed_ips": [{"subnet_id": "60a3029e-5cdd-4b3d-8d17-3a8f60cfefe9", "ip_address": "172.24.4.17"}, {"subnet_id": "5ec51225-1115-47dd-805f-d7b4855aa224", "ip_address": "2001:db8::12"}]}, "name": "tempest-router-smoke-1727562450", "admin_state_up": true, "tenant_id": "626da9ece8344458a37844e3fe37ae25", "routes": [], "id": "362f65b1-3a09-40e3-8a30-203001585c0d"}}
2015-12-09 10:14:37,577 32280 INFO     [tempest_lib.common.rest_client] Request (TestNetworkBasicOps:test_update_instance_port_admin_state): 200 GET http://10.0.2.15:9696/v2.0/subnets?tenant_id=626da9ece8344458a37844e3fe37ae25&amp;cidr=10.100.0.0%2F28 0.030s
2015-12-09 10:14:37,577 32280 DEBUG    [tempest_lib.common.rest_client] Request - Headers: {'Content-Type': 'application/json', 'Accept': 'application/json', 'X-Auth-Token': '&lt;omitted&gt;'}
        Body: None
    Response - Headers: {'status': '200', 'content-length': '15', 'content-location': 'http://10.0.2.15:9696/v2.0/subnets?tenant_id=626da9ece8344458a37844e3fe37ae25&amp;cidr=10.100.0.0%2F28', 'connection': 'close', 'date': 'Wed, 09 Dec 2015 10:14:37 GMT', 'content-type': 'application/json; charset=UTF-8', 'x-openstack-request-id': 'req-1f318568-61a3-4aa0-b048-a00192f95e55'}
        Body: {"subnets": []}
2015-12-09 10:14:37,858 32280 INFO     [tempest_lib.common.rest_client] Request (TestNetworkBasicOps:test_update_instance_port_admin_state): 201 POST http://10.0.2.15:9696/v2.0/subnets 0.279s
2015-12-09 10:14:37,858 32280 DEBUG    [tempest_lib.common.rest_client] Request - Headers: {'Content-Type': 'application/json', 'Accept': 'application/json', 'X-Auth-Token': '&lt;omitted&gt;'}
        Body: {"subnet": {"ip_version": 4, "tenant_id": "626da9ece8344458a37844e3fe37ae25", "cidr": "10.100.0.0/28", "network_id": "6b0dd224-f6b5-4dcc-939f-9d2851258de8", "name": "tempest-subnet-smoke-1087690183"}}
    Response - Headers: {'status': '201', 'content-length': '478', 'connection': 'close', 'date': 'Wed, 09 Dec 2015 10:14:37 GMT', 'content-type': 'application/json; charset=UTF-8', 'x-openstack-request-id': 'req-c2e4e402-ebf9-463e-b245-09dbcf631d75'}
        Body: {"subnet": {"name": "tempest-subnet-smoke-1087690183", "enable_dhcp": true, "network_id": "6b0dd224-f6b5-4dcc-939f-9d2851258de8", "tenant_id": "626da9ece8344458a37844e3fe37ae25", "dns_nameservers": [], "gateway_ip": "10.100.0.1", "ipv6_ra_mode": null, "allocation_pools": [{"start": "10.100.0.2", "end": "10.100.0.14"}], "host_routes": [], "ip_version": 4, "ipv6_address_mode": null, "cidr": "10.100.0.0/28", "id": "04f6ed6b-4fd2-4547-ac77-866b902863d5", "subnetpool_id": null}}
2015-12-09 10:14:38,340 32280 INFO     [tempest_lib.common.rest_client] Request (TestNetworkBasicOps:test_update_instance_port_admin_state): 200 PUT http://10.0.2.15:9696/v2.0/routers/362f65b1-3a09-40e3-8a30-203001585c0d/add_router_interface 0.481s
2015-12-09 10:14:38,341 32280 DEBUG    [tempest_lib.common.rest_client] Request - Headers: {'Content-Type': 'application/json', 'Accept': 'application/json', 'X-Auth-Token': '&lt;omitted&gt;'}
        Body: {"subnet_id": "04f6ed6b-4fd2-4547-ac77-866b902863d5"}
    Response - Headers: {'status': '200', 'content-length': '255', 'connection': 'close', 'date': 'Wed, 09 Dec 2015 10:14:38 GMT', 'content-type': 'application/json; charset=UTF-8', 'x-openstack-request-id': 'req-0725538d-c3e3-4117-83aa-7f35838f65da'}
        Body: {"subnet_id": "04f6ed6b-4fd2-4547-ac77-866b902863d5", "tenant_id": "626da9ece8344458a37844e3fe37ae25", "subnet_ids": ["04f6ed6b-4fd2-4547-ac77-866b902863d5"], "port_id": "427f25ec-d38d-4237-907b-a56e0b5a0e21", "id": "362f65b1-3a09-40e3-8a30-203001585c0d"}
2015-12-09 10:14:38,382 32280 INFO     [tempest_lib.common.rest_client] Request (TestNetworkBasicOps:test_update_instance_port_admin_state): 200 GET http://10.0.2.15:9696/v2.0/networks 0.040s
2015-12-09 10:14:38,382 32280 DEBUG    [tempest_lib.common.rest_client] Request - Headers: {'Content-Type': 'application/json', 'Accept': 'application/json', 'X-Auth-Token': '&lt;omitted&gt;'}
        Body: None
    Response - Headers: {'status': '200', 'content-length': '1318', 'content-location': 'http://10.0.2.15:9696/v2.0/networks', 'connection': 'close', 'date': 'Wed, 09 Dec 2015 10:14:38 GMT', 'content-type': 'application/json; charset=UTF-8', 'x-openstack-request-id': 'req-0ff8b313-a092-43cc-8067-0e177b0f83e1'}
        Body: {"networks": [{"status": "ACTIVE", "subnets": ["5ec51225-1115-47dd-805f-d7b4855aa224", "60a3029e-5cdd-4b3d-8d17-3a8f60cfefe9"], "name": "public", "provider:physical_network": null, "admin_state_up": true, "tenant_id": "79a03646001c403aac5c53cbae151a25", "mtu": 0, "router:external": true, "shared": false, "port_security_enabled": true, "provider:network_type": "vxlan", "id": "e1daa5ac-20bd-480d-9549-fa52d7940a5c", "provider:segmentation_id": 1018}, {"status": "ACTIVE", "subnets": ["895cd825-92dc-4fa6-b069-cee5ad00aeae", "96b251c5-ebb3-4040-a3e6-821936fae82f"], "name": "private", "provider:physical_network": null, "admin_state_up": true, "tenant_id": "6b24795a517347a6985b63c33a25e59b", "mtu": 0, "router:external": false, "shared": false, "port_security_enabled": true, "provider:network_type": "vxlan", "id": "6290bd0d-236f-47db-8f75-d12f4e19d50f", "provider:segmentation_id": 1030}, {"status": "ACTIVE", "subnets": ["04f6ed6b-4fd2-4547-ac77-866b902863d5"], "name": "tempest-network-smoke--1528329867", "provider:physical_network": null, "admin_state_up": true, "tenant_id": "626da9ece8344458a37844e3fe37ae25", "mtu": 0, "router:external": false, "shared": false, "port_security_enabled": true, "provider:network_type": "vxlan", "id": "6b0dd224-f6b5-4dcc-939f-9d2851258de8", "provider:segmentation_id": 1001}]}
2015-12-09 10:14:38,472 32280 INFO     [tempest_lib.common.rest_client] Request (TestNetworkBasicOps:test_update_instance_port_admin_state): 200 GET http://10.0.2.15:9696/v2.0/subnets 0.088s
2015-12-09 10:14:38,472 32280 DEBUG    [tempest_lib.common.rest_client] Request - Headers: {'Content-Type': 'application/json', 'Accept': 'application/json', 'X-Auth-Token': '&lt;omitted&gt;'}
        Body: None
    Response - Headers: {'status': '200', 'content-length': '2408', 'content-location': 'http://10.0.2.15:9696/v2.0/subnets', 'connection': 'close', 'date': 'Wed, 09 Dec 2015 10:14:38 GMT', 'content-type': 'application/json; charset=UTF-8', 'x-openstack-request-id': 'req-2999e3d3-a3c3-48b8-9709-716d4650bebc'}
        Body: {"subnets": [{"name": "ipv6-public-subnet", "enable_dhcp": false, "network_id": "e1daa5ac-20bd-480d-9549-fa52d7940a5c", "tenant_id": "79a03646001c403aac5c53cbae151a25", "dns_nameservers": [], "gateway_ip": "2001:db8::2", "ipv6_ra_mode": null, "allocation_pools": [{"start": "2001:db8::1", "end": "2001:db8::1"}, {"start": "2001:db8::3", "end": "2001:db8::ffff:ffff:ffff:ffff"}], "host_routes": [], "ip_version": 6, "ipv6_address_mode": null, "cidr": "2001:db8::/64", "id": "5ec51225-1115-47dd-805f-d7b4855aa224", "subnetpool_id": null}, {"name": "public-subnet", "enable_dhcp": false, "network_id": "e1daa5ac-20bd-480d-9549-fa52d7940a5c", "tenant_id": "79a03646001c403aac5c53cbae151a25", "dns_nameservers": [], "gateway_ip": "172.24.4.1", "ipv6_ra_mode": null, "allocation_pools": [{"start": "172.24.4.2", "end": "172.24.4.254"}], "host_routes": [], "ip_version": 4, "ipv6_address_mode": null, "cidr": "172.24.4.0/24", "id": "60a3029e-5cdd-4b3d-8d17-3a8f60cfefe9", "subnetpool_id": null}, {"name": "ipv6-private-subnet", "enable_dhcp": true, "network_id": "6290bd0d-236f-47db-8f75-d12f4e19d50f", "tenant_id": "6b24795a517347a6985b63c33a25e59b", "dns_nameservers": [], "gateway_ip": "fd56:75aa:c627::1", "ipv6_ra_mode": "slaac", "allocation_pools": [{"start": "fd56:75aa:c627::2", "end": "fd56:75aa:c627:0:ffff:ffff:ffff:ffff"}], "host_routes": [], "ip_version": 6, "ipv6_address_mode": "slaac", "cidr": "fd56:75aa:c627::/64", "id": "895cd825-92dc-4fa6-b069-cee5ad00aeae", "subnetpool_id": null}, {"name": "tempest-subnet-smoke-1087690183", "enable_dhcp": true, "network_id": "6b0dd224-f6b5-4dcc-939f-9d2851258de8", "tenant_id": "626da9ece8344458a37844e3fe37ae25", "dns_nameservers": [], "gateway_ip": "10.100.0.1", "ipv6_ra_mode": null, "allocation_pools": [{"start": "10.100.0.2", "end": "10.100.0.14"}], "host_routes": [], "ip_version": 4, "ipv6_address_mode": null, "cidr": "10.100.0.0/28", "id": "04f6ed6b-4fd2-4547-ac77-866b902863d5", "subnetpool_id": null}, {"name": "private-subnet", "enable_dhcp": true, "network_id": "6290bd0d-236f-47db-8f75-d12f4e19d50f", "tenant_id": "6b24795a517347a6985b63c33a25e59b", "dns_nameservers": [], "gateway_ip": "10.0.0.1", "ipv6_ra_mode": null, "allocation_pools": [{"start": "10.0.0.2", "end": "10.0.0.254"}], "host_routes": [], "ip_version": 4, "ipv6_address_mode": null, "cidr": "10.0.0.0/24", "id": "96b251c5-ebb3-4040-a3e6-821936fae82f", "subnetpool_id": null}]}
2015-12-09 10:14:38,517 32280 INFO     [tempest_lib.common.rest_client] Request (TestNetworkBasicOps:test_update_instance_port_admin_state): 200 GET http://10.0.2.15:9696/v2.0/routers 0.044s
2015-12-09 10:14:38,517 32280 DEBUG    [tempest_lib.common.rest_client] Request - Headers: {'Content-Type': 'application/json', 'Accept': 'application/json', 'X-Auth-Token': '&lt;omitted&gt;'}
        Body: None
    Response - Headers: {'status': '200', 'content-length': '1043', 'content-location': 'http://10.0.2.15:9696/v2.0/routers', 'connection': 'close', 'date': 'Wed, 09 Dec 2015 10:14:38 GMT', 'content-type': 'application/json; charset=UTF-8', 'x-openstack-request-id': 'req-85bdfc5f-a760-4673-86c9-e3b2ba11a51d'}
        Body: {"routers": [{"status": "ACTIVE", "external_gateway_info": {"network_id": "e1daa5ac-20bd-480d-9549-fa52d7940a5c", "enable_snat": true, "external_fixed_ips": [{"subnet_id": "60a3029e-5cdd-4b3d-8d17-3a8f60cfefe9", "ip_address": "172.24.4.2"}, {"subnet_id": "5ec51225-1115-47dd-805f-d7b4855aa224", "ip_address": "2001:db8::3"}]}, "name": "router1", "admin_state_up": true, "tenant_id": "6b24795a517347a6985b63c33a25e59b", "distributed": false, "routes": [], "ha": false, "id": "2c4bbbd9-8590-4991-af5c-4be52affd8bc"}, {"status": "ACTIVE", "external_gateway_info": {"network_id": "e1daa5ac-20bd-480d-9549-fa52d7940a5c", "enable_snat": true, "external_fixed_ips": [{"subnet_id": "60a3029e-5cdd-4b3d-8d17-3a8f60cfefe9", "ip_address": "172.24.4.17"}, {"subnet_id": "5ec51225-1115-47dd-805f-d7b4855aa224", "ip_address": "2001:db8::12"}]}, "name": "tempest-router-smoke-1727562450", "admin_state_up": true, "tenant_id": "626da9ece8344458a37844e3fe37ae25", "distributed": false, "routes": [], "ha": false, "id": "362f65b1-3a09-40e3-8a30-203001585c0d"}]}
2015-12-09 10:14:38,663 32280 INFO     [tempest_lib.common.rest_client] Request (TestNetworkBasicOps:test_update_instance_port_admin_state): 200 POST http://10.0.2.15:8774/v2.1/626da9ece8344458a37844e3fe37ae25/os-keypairs 0.145s
2015-12-09 10:14:38,664 32280 DEBUG    [tempest_lib.common.rest_client] Request - Headers: {'Content-Type': 'application/json', 'Accept': 'application/json', 'X-Auth-Token': '&lt;omitted&gt;'}
        Body: {"keypair": {"name": "tempest-TestNetworkBasicOps-255478232"}}
    Response - Headers: {'status': '200', 'content-length': '2320', 'x-compute-request-id': 'req-998dfc5b-4b5b-4ac8-9a59-b4a0680fd6d8', 'vary': 'X-OpenStack-Nova-API-Version', 'connection': 'close', 'x-openstack-nova-api-version': '2.1', 'date': 'Wed, 09 Dec 2015 10:14:38 GMT', 'content-type': 'application/json'}
        Body: {"keypair": {"public_key": "ssh-rsa AAAAB3NzaC1yc2EAAAADAQABAAABAQC3THWFu2pZYlH33uduaifIGdPDeH+4W12phJQDnqqqwLQMrMInL+qj+5DT0n4pG24taUQX4aO0rsglJ06JXeGs2rpZd6MlW6H2Drbo64Zol+v9e21vRgGJO7q8Gn/5sbK4a5BNAbNprBEEsHpGXmqGZWyVFz5AYxWkkgmj4Uf1g7XHUllOjAvc1DvxFiL+C8B6ZPvLs35KPn9O8+tJFgN0EVIO87SqHFmrv+kdsYCtznfsOtsB5MxsJW0oX/NYTHiSetJN19N56kKVHJ5Do6wbl0PyLRJI2/ueR/wFTiX3lQLk2ILaNLNuBx7EWqvS/xYGk1jqgf1nnJ2aftgUYUJ/ Generated-by-Nova", "private_key": "-----BEGIN RSA PRIVATE KEY-----\nMIIEqQIBAAKCAQEAt0x1hbtqWWJR997nbmonyBnTw3h/uFtdqYSUA56qqsC0DKzC\nJy/qo/uQ09J+KRtuLWlEF+GjtK7IJSdOiV3hrNq6WXejJVuh9g626OuGaJfr/Xtt\nb0YBiTu6vBp/+bGyuGuQTQGzaawRBLB6Rl5qhmVslRc+QGMVpJIJo+FH9YO1x1JZ\nTowL3NQ78RYi/gvAemT7y7N+Sj5/TvPrSRYDdBFSDvO0qhxZq7/pHbGArc537Drb\nAeTMbCVtKF/zWEx4knrSTdfTeepClRyeQ6OsG5dD8i0SSNv7nkf8BU4l95UC5NiC\n2jSzbgcexFqr0v8WBpNY6oH9Z5ydmn7YFGFCfwIDAQABAoIBAFooPmnv3AhpBt4/\ngl/Z0QVoRrOPkmqwbepSbqc1JMbmD+loE/tIY0YTF5JIp4s6lb+6VibU8juN+J3l\nroh8Z+Molp4o7VMTth8b77WzGyJZD1dXnWUs7tZ8TYX2FtpPIBP7vDdUTdX9L0W6\nM/pmuEiwnG7cxt7OnbebqSg1R7qnHvafOfhWen/m6QgojPWprVnDycv+5yUBj2Li\nRszJmWuR17+hdL2StOki/QAcd0gCrsCplc+7vhaEneozLMFFre6FdgmhCuER+jT6\nsn83N3TCLi38T/fhehFXh54x1htls47vpadN9qZpi1HOE7V/+cjxS83IRSlNISbY\n0yKy1wkCggCBAMUX4ReeXMoODJRQlnIIlFdVNttVuUbzo5WYVhspEzsKdJDj6sVS\nNDs15CKJByDUbB+9HxXnJwnMToVzj9tRcj50dTDJdI47oZ7JxSglRJnFbIMgaK74\n1kHfrxGZbWH+wOzi1x4Zj+j7OhY0flt+UtsifYxWKnXP3CySKakOeyLLAoIAgQDu\nFR5C6CFSGd1+s/OHEp+MQHuJro5qKm+UfNfqtJCSam2gSSn8OXyNlOMvJ+yi+/yA\nlKHYdK8uRZGaQrCzZOsNxvxsDZRivuiHBZ5SOxtMyZwxT9x3rGuWAB6O/72Qy0Cw\nU1GTdTmBzYyGe4DABp/c0oqVYlk0r2A7gX298f1EnQKCAIBzOVSk5DZHAhOkmcB6\nhj2DGRRrAiDBNCrMiDS+yDKv75raIgTcuwRCIW1wKz/5l3Zmz7/epDaUadb1+et+\nQo1Rqe/hR8VWadJA7KDQqYkDhQG9XzMUJ/HKrSTCWzoxcigD1VICDNuvT0BUPvgo\nMR/rcKyJYM6N9ak4fXLRnN+sJQKCAIEAtEut1QExaplH0VG5VErYJEAYzdUw6Fkm\nko5QfN8stJSAXGfLscRe/GEKAoX7gBnPyBfG0MLcfvAUKXvjkJcWIiLUuYc3Hehw\n8v9gO+mi7O2oqPdPgBlEiB2jBqvJBMPHQ0B1gHO/jvr4NkeE4uahXXrbk/EcmPdO\nqwGPFa8SG0kCggCBAK4e0gZZZQDaNQjKkpY3BzFGvFxbMxymEtbtMqtgl6MWpuCC\nMvWaU5kCXMFrU2n5oOVV/CUNq998h0pvgMp7rCtiemYbwz6scrZrf9zDI3qkPyYs\n7gUtQ1CQDTECCiymI13yi+mloEzqMHwUON5ghgZcx51PA1sXuJ/Bh96e8rm2\n-----END RSA PRIVATE KEY-----\n", "user_id": "5fd3839292f6405597839e9b6ab3cd41", "name": "tempest-TestNetworkBasicOps-255478232", "fingerprint": "83:e4:89:b0:97:94:5e:69:81:4b:13:0b:12:35:69:5f"}}
2015-12-09 10:14:38,790 32280 INFO     [tempest_lib.common.rest_client] Request (TestNetworkBasicOps:test_update_instance_port_admin_state): 200 POST http://10.0.2.15:5000/v2.0/tokens
2015-12-09 10:14:38,791 32280 DEBUG    [tempest_lib.common.rest_client] Request - Headers: {'Content-Type': 'application/json', 'Accept': 'application/json'}
        Body: &lt;omitted&gt;
    Response - Headers: {'status': '200', 'content-length': '2528', 'vary': 'X-Auth-Token', 'server': 'Apache/2.4.7 (Ubuntu)', 'connection': 'close', 'date': 'Wed, 09 Dec 2015 10:14:38 GMT', 'content-type': 'application/json', 'x-openstack-request-id': 'req-126ee26f-850a-4cab-9f6d-51f1ab4e4f1c'}
        Body: {"access": {"token": {"issued_at": "2015-12-09T10:14:38.772347", "expires": "2015-12-09T11:14:38Z", "id": "2be05c28957f4cfe8b686caffac61bb4", "tenant": {"description": "tempest-TestNetworkBasicOps-1230316733-desc", "enabled": true, "id": "626da9ece8344458a37844e3fe37ae25", "name": "tempest-TestNetworkBasicOps-1230316733"}, "audit_ids": ["16GaLg5PTAaFu7cbLiZ6mQ"]}, "serviceCatalog": [{"endpoints": [{"adminURL": "http://10.0.2.15:8774/v2.1/626da9ece8344458a37844e3fe37ae25", "region": "RegionOne", "internalURL": "http://10.0.2.15:8774/v2.1/626da9ece8344458a37844e3fe37ae25", "id": "12de25e65101423d890c9b531628a034", "publicURL": "http://10.0.2.15:8774/v2.1/626da9ece8344458a37844e3fe37ae25"}], "endpoints_links": [], "type": "compute", "name": "nova"}, {"endpoints": [{"adminURL": "http://10.0.2.15:9696/", "region": "RegionOne", "internalURL": "http://10.0.2.15:9696/", "id": "78ddc5a4f9ea4f8fb8bc1d13c2c5bf3d", "publicURL": "http://10.0.2.15:9696/"}], "endpoints_links": [], "type": "network", "name": "neutron"}, {"endpoints": [{"adminURL": "http://10.0.2.15:9292", "region": "RegionOne", "internalURL": "http://10.0.2.15:9292", "id": "522a9d5f3d084edcb6419c8eb565b5f9", "publicURL": "http://10.0.2.15:9292"}], "endpoints_links": [], "type": "image", "name": "glance"}, {"endpoints": [{"adminURL": "http://10.0.2.15:8774/v2/626da9ece8344458a37844e3fe37ae25", "region": "RegionOne", "internalURL": "http://10.0.2.15:8774/v2/626da9ece8344458a37844e3fe37ae25", "id": "28c4421b25e04cc0bb93d32952d5d721", "publicURL": "http://10.0.2.15:8774/v2/626da9ece8344458a37844e3fe37ae25"}], "endpoints_links": [], "type": "compute_legacy", "name": "nova_legacy"}, {"endpoints": [{"adminURL": "http://10.0.2.15:8773/", "region": "RegionOne", "internalURL": "http://10.0.2.15:8773/", "id": "27826aba3d10441f94bd9c20a63214b7", "publicURL": "http://10.0.2.15:8773/"}], "endpoints_links": [], "type": "ec2", "name": "ec2"}, {"endpoints": [{"adminURL": "http://10.0.2.15:35357/v2.0", "region": "RegionOne", "internalURL": "http://10.0.2.15:5000/v2.0", "id": "2b3bda636c82415088bdf5cb61e0667c", "publicURL": "http://10.0.2.15:5000/v2.0"}], "endpoints_links": [], "type": "identity", "name": "keystone"}], "user": {"username": "tempest-TestNetworkBasicOps-669776442", "roles_links": [], "id": "5fd3839292f6405597839e9b6ab3cd41", "roles": [{"name": "_member_"}, {"name": "Member"}], "name": "tempest-TestNetworkBasicOps-669776442"}, "metadata": {"is_admin": 0, "roles": ["9fe2ff9ee4384b1894a90878d3e92bab", "c328d9a795b04f4aa5d96e499f879e46"]}}}
2015-12-09 10:14:38,796 32280 DEBUG    [tempest.common.fixed_network] (TestNetworkBasicOps:test_update_instance_port_admin_state) No valid network provided or created, defaulting to fixed_network_name
2015-12-09 10:14:39,152 32280 INFO     [tempest_lib.common.rest_client] Request (TestNetworkBasicOps:test_update_instance_port_admin_state): 200 GET http://10.0.2.15:8774/v2.1/626da9ece8344458a37844e3fe37ae25/os-networks 0.354s
2015-12-09 10:14:39,153 32280 DEBUG    [tempest_lib.common.rest_client] Request - Headers: {'Content-Type': 'application/json', 'Accept': 'application/json', 'X-Auth-Token': '&lt;omitted&gt;'}
        Body: None
    Response - Headers: {'status': '200', 'content-length': '479', 'content-location': 'http://10.0.2.15:8774/v2.1/626da9ece8344458a37844e3fe37ae25/os-networks', 'x-compute-request-id': 'req-6191e100-cd83-490e-a701-f454f957164d', 'vary': 'X-OpenStack-Nova-API-Version', 'connection': 'close', 'x-openstack-nova-api-version': '2.1', 'date': 'Wed, 09 Dec 2015 10:14:39 GMT', 'content-type': 'application/json'}
        Body: {"networks": [{"cidr_v6": null, "dns2": null, "dns1": null, "gateway": null, "broadcast": null, "netmask": null, "gateway_v6": null, "cidr": null, "label": "tempest-network-smoke--1528329867", "id": "6b0dd224-f6b5-4dcc-939f-9d2851258de8", "netmask_v6": null}, {"cidr_v6": null, "dns2": null, "dns1": null, "gateway": null, "broadcast": null, "netmask": null, "gateway_v6": null, "cidr": null, "label": "public", "id": "e1daa5ac-20bd-480d-9549-fa52d7940a5c", "netmask_v6": null}]}
2015-12-09 10:14:39,153 32280 WARNING  [tempest.common.fixed_network] (TestNetworkBasicOps:test_update_instance_port_admin_state) Network with name: private not found
2015-12-09 10:14:39,153 32280 INFO     [tempest.common.fixed_network] (TestNetworkBasicOps:test_update_instance_port_admin_state) Found network {} available for tenant
2015-12-09 10:14:39,733 32280 INFO     [tempest_lib.common.rest_client] Request (TestNetworkBasicOps:test_update_instance_port_admin_state): 202 POST http://10.0.2.15:8774/v2.1/626da9ece8344458a37844e3fe37ae25/servers 0.579s
2015-12-09 10:14:39,734 32280 DEBUG    [tempest_lib.common.rest_client] Request - Headers: {'Content-Type': 'application/json', 'Accept': 'application/json', 'X-Auth-Token': '&lt;omitted&gt;'}
        Body: {"server": {"name": "tempest.common.compute-instance-1345898157", "imageRef": "23ee7078-3a47-432e-8996-dd1d816afe48", "key_name": "tempest-TestNetworkBasicOps-255478232", "flavorRef": "42", "networks": [{"uuid": "6b0dd224-f6b5-4dcc-939f-9d2851258de8"}], "security_groups": [{"name": "tempest-secgroup-smoke-1679784315"}]}}
    Response - Headers: {'status': '202', 'content-length': '462', 'x-compute-request-id': 'req-d5701541-4445-4bb9-a1da-b8e739029c95', 'vary': 'X-OpenStack-Nova-API-Version', 'connection': 'close', 'location': 'http://10.0.2.15:8774/v2.1/626da9ece8344458a37844e3fe37ae25/servers/97e6e4c1-f4f2-4279-b433-eb01f9b0eaad', 'x-openstack-nova-api-version': '2.1', 'date': 'Wed, 09 Dec 2015 10:14:39 GMT', 'content-type': 'application/json'}
        Body: {"server": {"security_groups": [{"name": "tempest-secgroup-smoke-1679784315"}], "OS-DCF:diskConfig": "MANUAL", "id": "97e6e4c1-f4f2-4279-b433-eb01f9b0eaad", "links": [{"href": "http://10.0.2.15:8774/v2.1/626da9ece8344458a37844e3fe37ae25/servers/97e6e4c1-f4f2-4279-b433-eb01f9b0eaad", "rel": "self"}, {"href": "http://10.0.2.15:8774/626da9ece8344458a37844e3fe37ae25/servers/97e6e4c1-f4f2-4279-b433-eb01f9b0eaad", "rel": "bookmark"}], "adminPass": "Np3Ek8gMnuLr"}}
2015-12-09 10:14:39,860 32280 INFO     [tempest_lib.common.rest_client] Request (TestNetworkBasicOps:test_update_instance_port_admin_state): 200 GET http://10.0.2.15:8774/v2.1/626da9ece8344458a37844e3fe37ae25/servers/97e6e4c1-f4f2-4279-b433-eb01f9b0eaad 0.123s
2015-12-09 10:14:39,861 32280 DEBUG    [tempest_lib.common.rest_client] Request - Headers: {'Content-Type': 'application/json', 'Accept': 'application/json', 'X-Auth-Token': '&lt;omitted&gt;'}
        Body: None
    Response - Headers: {'status': '200', 'content-length': '1355', 'content-location': 'http://10.0.2.15:8774/v2.1/626da9ece8344458a37844e3fe37ae25/servers/97e6e4c1-f4f2-4279-b433-eb01f9b0eaad', 'x-compute-request-id': 'req-745c0173-7ee6-45ee-8a95-df741d39088a', 'vary': 'X-OpenStack-Nova-API-Version', 'connection': 'close', 'x-openstack-nova-api-version': '2.1', 'date': 'Wed, 09 Dec 2015 10:14:39 GMT', 'content-type': 'application/json'}
        Body: {"server": {"status": "BUILD", "updated": "2015-12-09T10:14:39Z", "hostId": "", "addresses": {}, "links": [{"href": "http://10.0.2.15:8774/v2.1/626da9ece8344458a37844e3fe37ae25/servers/97e6e4c1-f4f2-4279-b433-eb01f9b0eaad", "rel": "self"}, {"href": "http://10.0.2.15:8774/626da9ece8344458a37844e3fe37ae25/servers/97e6e4c1-f4f2-4279-b433-eb01f9b0eaad", "rel": "bookmark"}], "key_name": "tempest-TestNetworkBasicOps-255478232", "image": {"id": "23ee7078-3a47-432e-8996-dd1d816afe48", "links": [{"href": "http://10.0.2.15:8774/626da9ece8344458a37844e3fe37ae25/images/23ee7078-3a47-432e-8996-dd1d816afe48", "rel": "bookmark"}]}, "OS-EXT-STS:task_state": "scheduling", "OS-EXT-STS:vm_state": "building", "OS-SRV-USG:launched_at": null, "flavor": {"id": "42", "links": [{"href": "http://10.0.2.15:8774/626da9ece8344458a37844e3fe37ae25/flavors/42", "rel": "bookmark"}]}, "id": "97e6e4c1-f4f2-4279-b433-eb01f9b0eaad", "OS-SRV-USG:terminated_at": null, "OS-EXT-AZ:availability_zone": "", "user_id": "5fd3839292f6405597839e9b6ab3cd41", "name": "tempest.common.compute-instance-1345898157", "created": "2015-12-09T10:14:39Z", "tenant_id": "626da9ece8344458a37844e3fe37ae25", "OS-DCF:diskConfig": "MANUAL", "os-extended-volumes:volumes_attached": [], "accessIPv4": "", "accessIPv6": "", "progress": 0, "OS-EXT-STS:power_state": 0, "config_drive": "", "metadata": {}}}
2015-12-09 10:14:41,091 32280 INFO     [tempest_lib.common.rest_client] Request (TestNetworkBasicOps:test_update_instance_port_admin_state): 200 GET http://10.0.2.15:8774/v2.1/626da9ece8344458a37844e3fe37ae25/servers/97e6e4c1-f4f2-4279-b433-eb01f9b0eaad 0.220s
2015-12-09 10:14:41,091 32280 DEBUG    [tempest_lib.common.rest_client] Request - Headers: {'Content-Type': 'application/json', 'Accept': 'application/json', 'X-Auth-Token': '&lt;omitted&gt;'}
        Body: None
    Response - Headers: {'status': '200', 'content-length': '1481', 'content-location': 'http://10.0.2.15:8774/v2.1/626da9ece8344458a37844e3fe37ae25/servers/97e6e4c1-f4f2-4279-b433-eb01f9b0eaad', 'x-compute-request-id': 'req-56c7b980-4784-4ddc-91c0-9701c48b403a', 'vary': 'X-OpenStack-Nova-API-Version', 'connection': 'close', 'x-openstack-nova-api-version': '2.1', 'date': 'Wed, 09 Dec 2015 10:14:41 GMT', 'content-type': 'application/json'}
        Body: {"server": {"status": "BUILD", "updated": "2015-12-09T10:14:40Z", "hostId": "732eba756198d6963f16f738644b81e62bb73bbf6f943f07f0a82724", "addresses": {}, "links": [{"href": "http://10.0.2.15:8774/v2.1/626da9ece8344458a37844e3fe37ae25/servers/97e6e4c1-f4f2-4279-b433-eb01f9b0eaad", "rel": "self"}, {"href": "http://10.0.2.15:8774/626da9ece8344458a37844e3fe37ae25/servers/97e6e4c1-f4f2-4279-b433-eb01f9b0eaad", "rel": "bookmark"}], "key_name": "tempest-TestNetworkBasicOps-255478232", "image": {"id": "23ee7078-3a47-432e-8996-dd1d816afe48", "links": [{"href": "http://10.0.2.15:8774/626da9ece8344458a37844e3fe37ae25/images/23ee7078-3a47-432e-8996-dd1d816afe48", "rel": "bookmark"}]}, "OS-EXT-STS:task_state": "spawning", "OS-EXT-STS:vm_state": "building", "OS-SRV-USG:launched_at": null, "flavor": {"id": "42", "links": [{"href": "http://10.0.2.15:8774/626da9ece8344458a37844e3fe37ae25/flavors/42", "rel": "bookmark"}]}, "id": "97e6e4c1-f4f2-4279-b433-eb01f9b0eaad", "security_groups": [{"name": "tempest-secgroup-smoke-1679784315"}], "OS-SRV-USG:terminated_at": null, "OS-EXT-AZ:availability_zone": "nova", "user_id": "5fd3839292f6405597839e9b6ab3cd41", "name": "tempest.common.compute-instance-1345898157", "created": "2015-12-09T10:14:39Z", "tenant_id": "626da9ece8344458a37844e3fe37ae25", "OS-DCF:diskConfig": "MANUAL", "os-extended-volumes:volumes_attached": [], "accessIPv4": "", "accessIPv6": "", "progress": 0, "OS-EXT-STS:power_state": 0, "config_drive": "", "metadata": {}}}
2015-12-09 10:14:41,101 32280 INFO     [tempest.common.waiters] State transition "BUILD/scheduling" ==&gt; "BUILD/spawning" after 2 second wait
2015-12-09 10:14:42,344 32280 INFO     [tempest_lib.common.rest_client] Request (TestNetworkBasicOps:test_update_instance_port_admin_state): 200 GET http://10.0.2.15:8774/v2.1/626da9ece8344458a37844e3fe37ae25/servers/97e6e4c1-f4f2-4279-b433-eb01f9b0eaad 0.241s
2015-12-09 10:14:42,344 32280 DEBUG    [tempest_lib.common.rest_client] Request - Headers: {'Content-Type': 'application/json', 'Accept': 'application/json', 'X-Auth-Token': '&lt;omitted&gt;'}
        Body: None
    Response - Headers: {'status': '200', 'content-length': '1481', 'content-location': 'http://10.0.2.15:8774/v2.1/626da9ece8344458a37844e3fe37ae25/servers/97e6e4c1-f4f2-4279-b433-eb01f9b0eaad', 'x-compute-request-id': 'req-22b03693-0b02-48e6-85b9-eebd86838e1c', 'vary': 'X-OpenStack-Nova-API-Version', 'connection': 'close', 'x-openstack-nova-api-version': '2.1', 'date': 'Wed, 09 Dec 2015 10:14:42 GMT', 'content-type': 'application/json'}
        Body: {"server": {"status": "BUILD", "updated": "2015-12-09T10:14:40Z", "hostId": "732eba756198d6963f16f738644b81e62bb73bbf6f943f07f0a82724", "addresses": {}, "links": [{"href": "http://10.0.2.15:8774/v2.1/626da9ece8344458a37844e3fe37ae25/servers/97e6e4c1-f4f2-4279-b433-eb01f9b0eaad", "rel": "self"}, {"href": "http://10.0.2.15:8774/626da9ece8344458a37844e3fe37ae25/servers/97e6e4c1-f4f2-4279-b433-eb01f9b0eaad", "rel": "bookmark"}], "key_name": "tempest-TestNetworkBasicOps-255478232", "image": {"id": "23ee7078-3a47-432e-8996-dd1d816afe48", "links": [{"href": "http://10.0.2.15:8774/626da9ece8344458a37844e3fe37ae25/images/23ee7078-3a47-432e-8996-dd1d816afe48", "rel": "bookmark"}]}, "OS-EXT-STS:task_state": "spawning", "OS-EXT-STS:vm_state": "building", "OS-SRV-USG:launched_at": null, "flavor": {"id": "42", "links": [{"href": "http://10.0.2.15:8774/626da9ece8344458a37844e3fe37ae25/flavors/42", "rel": "bookmark"}]}, "id": "97e6e4c1-f4f2-4279-b433-eb01f9b0eaad", "security_groups": [{"name": "tempest-secgroup-smoke-1679784315"}], "OS-SRV-USG:terminated_at": null, "OS-EXT-AZ:availability_zone": "nova", "user_id": "5fd3839292f6405597839e9b6ab3cd41", "name": "tempest.common.compute-instance-1345898157", "created": "2015-12-09T10:14:39Z", "tenant_id": "626da9ece8344458a37844e3fe37ae25", "OS-DCF:diskConfig": "MANUAL", "os-extended-volumes:volumes_attached": [], "accessIPv4": "", "accessIPv6": "", "progress": 0, "OS-EXT-STS:power_state": 0, "config_drive": "", "metadata": {}}}
2015-12-09 10:14:43,574 32280 INFO     [tempest_lib.common.rest_client] Request (TestNetworkBasicOps:test_update_instance_port_admin_state): 200 GET http://10.0.2.15:8774/v2.1/626da9ece8344458a37844e3fe37ae25/servers/97e6e4c1-f4f2-4279-b433-eb01f9b0eaad 0.214s
2015-12-09 10:14:43,575 32280 DEBUG    [tempest_lib.common.rest_client] Request - Headers: {'Content-Type': 'application/json', 'Accept': 'application/json', 'X-Auth-Token': '&lt;omitted&gt;'}
        Body: None
    Response - Headers: {'status': '200', 'content-length': '1653', 'content-location': 'http://10.0.2.15:8774/v2.1/626da9ece8344458a37844e3fe37ae25/servers/97e6e4c1-f4f2-4279-b433-eb01f9b0eaad', 'x-compute-request-id': 'req-b19b51d5-5092-4785-bf0f-8f57c9ce2bb0', 'vary': 'X-OpenStack-Nova-API-Version', 'connection': 'close', 'x-openstack-nova-api-version': '2.1', 'date': 'Wed, 09 Dec 2015 10:14:43 GMT', 'content-type': 'application/json'}
        Body: {"server": {"status": "ACTIVE", "updated": "2015-12-09T10:14:42Z", "hostId": "732eba756198d6963f16f738644b81e62bb73bbf6f943f07f0a82724", "addresses": {"tempest-network-smoke--1528329867": [{"OS-EXT-IPS-MAC:mac_addr": "fa:16:3e:5e:57:4c", "version": 4, "addr": "10.100.0.3", "OS-EXT-IPS:type": "fixed"}]}, "links": [{"href": "http://10.0.2.15:8774/v2.1/626da9ece8344458a37844e3fe37ae25/servers/97e6e4c1-f4f2-4279-b433-eb01f9b0eaad", "rel": "self"}, {"href": "http://10.0.2.15:8774/626da9ece8344458a37844e3fe37ae25/servers/97e6e4c1-f4f2-4279-b433-eb01f9b0eaad", "rel": "bookmark"}], "key_name": "tempest-TestNetworkBasicOps-255478232", "image": {"id": "23ee7078-3a47-432e-8996-dd1d816afe48", "links": [{"href": "http://10.0.2.15:8774/626da9ece8344458a37844e3fe37ae25/images/23ee7078-3a47-432e-8996-dd1d816afe48", "rel": "bookmark"}]}, "OS-EXT-STS:task_state": null, "OS-EXT-STS:vm_state": "active", "OS-SRV-USG:launched_at": "2015-12-09T10:14:42.000000", "flavor": {"id": "42", "links": [{"href": "http://10.0.2.15:8774/626da9ece8344458a37844e3fe37ae25/flavors/42", "rel": "bookmark"}]}, "id": "97e6e4c1-f4f2-4279-b433-eb01f9b0eaad", "security_groups": [{"name": "tempest-secgroup-smoke-1679784315"}], "OS-SRV-USG:terminated_at": null, "OS-EXT-AZ:availability_zone": "nova", "user_id": "5fd3839292f6405597839e9b6ab3cd41", "name": "tempest.common.compute-instance-1345898157", "created": "2015-12-09T10:14:39Z", "tenant_id": "626da9ece8344458a37844e3fe37ae25", "OS-DCF:diskConfig": "MANUAL", "os-extended-volumes:volumes_attached": [], "accessIPv4": "", "accessIPv6": "", "progress": 0, "OS-EXT-STS:power_state": 1, "config_drive": "True", "metadata": {}}}
2015-12-09 10:14:43,583 32280 INFO     [tempest.common.waiters] State transition "BUILD/spawning" ==&gt; "ACTIVE/None" after 4 second wait
2015-12-09 10:14:43,798 32280 INFO     [tempest_lib.common.rest_client] Request (TestNetworkBasicOps:test_update_instance_port_admin_state): 200 GET http://10.0.2.15:8774/v2.1/626da9ece8344458a37844e3fe37ae25/servers/97e6e4c1-f4f2-4279-b433-eb01f9b0eaad 0.214s
2015-12-09 10:14:43,799 32280 DEBUG    [tempest_lib.common.rest_client] Request - Headers: {'Content-Type': 'application/json', 'Accept': 'application/json', 'X-Auth-Token': '&lt;omitted&gt;'}
        Body: None
    Response - Headers: {'status': '200', 'content-length': '1653', 'content-location': 'http://10.0.2.15:8774/v2.1/626da9ece8344458a37844e3fe37ae25/servers/97e6e4c1-f4f2-4279-b433-eb01f9b0eaad', 'x-compute-request-id': 'req-ba43b962-2e75-4d5b-a9f5-6b4c5b6ca8e5', 'vary': 'X-OpenStack-Nova-API-Version', 'connection': 'close', 'x-openstack-nova-api-version': '2.1', 'date': 'Wed, 09 Dec 2015 10:14:43 GMT', 'content-type': 'application/json'}
        Body: {"server": {"status": "ACTIVE", "updated": "2015-12-09T10:14:42Z", "hostId": "732eba756198d6963f16f738644b81e62bb73bbf6f943f07f0a82724", "addresses": {"tempest-network-smoke--1528329867": [{"OS-EXT-IPS-MAC:mac_addr": "fa:16:3e:5e:57:4c", "version": 4, "addr": "10.100.0.3", "OS-EXT-IPS:type": "fixed"}]}, "links": [{"href": "http://10.0.2.15:8774/v2.1/626da9ece8344458a37844e3fe37ae25/servers/97e6e4c1-f4f2-4279-b433-eb01f9b0eaad", "rel": "self"}, {"href": "http://10.0.2.15:8774/626da9ece8344458a37844e3fe37ae25/servers/97e6e4c1-f4f2-4279-b433-eb01f9b0eaad", "rel": "bookmark"}], "key_name": "tempest-TestNetworkBasicOps-255478232", "image": {"id": "23ee7078-3a47-432e-8996-dd1d816afe48", "links": [{"href": "http://10.0.2.15:8774/626da9ece8344458a37844e3fe37ae25/images/23ee7078-3a47-432e-8996-dd1d816afe48", "rel": "bookmark"}]}, "OS-EXT-STS:task_state": null, "OS-EXT-STS:vm_state": "active", "OS-SRV-USG:launched_at": "2015-12-09T10:14:42.000000", "flavor": {"id": "42", "links": [{"href": "http://10.0.2.15:8774/626da9ece8344458a37844e3fe37ae25/flavors/42", "rel": "bookmark"}]}, "id": "97e6e4c1-f4f2-4279-b433-eb01f9b0eaad", "security_groups": [{"name": "tempest-secgroup-smoke-1679784315"}], "OS-SRV-USG:terminated_at": null, "OS-EXT-AZ:availability_zone": "nova", "user_id": "5fd3839292f6405597839e9b6ab3cd41", "name": "tempest.common.compute-instance-1345898157", "created": "2015-12-09T10:14:39Z", "tenant_id": "626da9ece8344458a37844e3fe37ae25", "OS-DCF:diskConfig": "MANUAL", "os-extended-volumes:volumes_attached": [], "accessIPv4": "", "accessIPv6": "", "progress": 0, "OS-EXT-STS:power_state": 1, "config_drive": "True", "metadata": {}}}
2015-12-09 10:14:43,813 32280 INFO     [tempest.scenario.manager] Tenant networks not configured to be reachable.
2015-12-09 10:14:43,846 32280 INFO     [tempest_lib.common.rest_client] Request (TestNetworkBasicOps:test_update_instance_port_admin_state): 200 GET http://10.0.2.15:9696/v2.0/ports?status=ACTIVE&amp;fixed_ip=None&amp;device_id=97e6e4c1-f4f2-4279-b433-eb01f9b0eaad 0.032s
2015-12-09 10:14:43,847 32280 DEBUG    [tempest_lib.common.rest_client] Request - Headers: {'Content-Type': 'application/json', 'Accept': 'application/json', 'X-Auth-Token': '&lt;omitted&gt;'}
        Body: None
    Response - Headers: {'status': '200', 'content-length': '895', 'content-location': 'http://10.0.2.15:9696/v2.0/ports?status=ACTIVE&amp;fixed_ip=None&amp;device_id=97e6e4c1-f4f2-4279-b433-eb01f9b0eaad', 'connection': 'close', 'date': 'Wed, 09 Dec 2015 10:14:43 GMT', 'content-type': 'application/json; charset=UTF-8', 'x-openstack-request-id': 'req-aef953bd-a619-4efb-9f9b-45779614ab7b'}
        Body: {"ports": [{"status": "ACTIVE", "binding:host_id": "vagrant-ubuntu-trusty-64", "allowed_address_pairs": [], "extra_dhcp_opts": [], "dns_assignment": [{"hostname": "host-10-100-0-3", "ip_address": "10.100.0.3", "fqdn": "host-10-100-0-3.openstacklocal."}], "device_owner": "compute:None", "port_security_enabled": true, "binding:profile": {}, "fixed_ips": [{"subnet_id": "04f6ed6b-4fd2-4547-ac77-866b902863d5", "ip_address": "10.100.0.3"}], "id": "6117ea56-b26b-44b0-a123-c5123a9e9ad8", "security_groups": ["918105e2-015f-4a20-ae24-1b8d48971435"], "device_id": "97e6e4c1-f4f2-4279-b433-eb01f9b0eaad", "name": "", "admin_state_up": true, "network_id": "6b0dd224-f6b5-4dcc-939f-9d2851258de8", "dns_name": "", "binding:vif_details": {"port_filter": true}, "binding:vnic_type": "normal", "binding:vif_type": "ovs", "tenant_id": "626da9ece8344458a37844e3fe37ae25", "mac_address": "fa:16:3e:5e:57:4c"}]}
2015-12-09 10:14:44,346 32280 INFO     [tempest_lib.common.rest_client] Request (TestNetworkBasicOps:test_update_instance_port_admin_state): 201 POST http://10.0.2.15:9696/v2.0/floatingips 0.498s
2015-12-09 10:14:44,346 32280 DEBUG    [tempest_lib.common.rest_client] Request - Headers: {'Content-Type': 'application/json', 'Accept': 'application/json', 'X-Auth-Token': '&lt;omitted&gt;'}
        Body: {"floatingip": {"floating_network_id": "e1daa5ac-20bd-480d-9549-fa52d7940a5c", "tenant_id": "626da9ece8344458a37844e3fe37ae25", "fixed_ip_address": "10.100.0.3", "port_id": "6117ea56-b26b-44b0-a123-c5123a9e9ad8"}}
    Response - Headers: {'status': '201', 'content-length': '368', 'connection': 'close', 'date': 'Wed, 09 Dec 2015 10:14:44 GMT', 'content-type': 'application/json; charset=UTF-8', 'x-openstack-request-id': 'req-c0671b36-70ff-4e78-bb03-990161aafa1c'}
        Body: {"floatingip": {"floating_network_id": "e1daa5ac-20bd-480d-9549-fa52d7940a5c", "router_id": "362f65b1-3a09-40e3-8a30-203001585c0d", "fixed_ip_address": "10.100.0.3", "floating_ip_address": "172.24.4.18", "tenant_id": "626da9ece8344458a37844e3fe37ae25", "status": "DOWN", "port_id": "6117ea56-b26b-44b0-a123-c5123a9e9ad8", "id": "f7aa0210-62f9-47f5-acd5-ac5c46606787"}}
2015-12-09 10:14:44,377 32280 INFO     [tempest_lib.common.rest_client] Request (TestNetworkBasicOps:test_update_instance_port_admin_state): 200 GET http://10.0.2.15:9696/v2.0/ports?device_id=97e6e4c1-f4f2-4279-b433-eb01f9b0eaad 0.030s
2015-12-09 10:14:44,378 32280 DEBUG    [tempest_lib.common.rest_client] Request - Headers: {'Content-Type': 'application/json', 'Accept': 'application/json', 'X-Auth-Token': '&lt;omitted&gt;'}
        Body: None
    Response - Headers: {'status': '200', 'content-length': '895', 'content-location': 'http://10.0.2.15:9696/v2.0/ports?device_id=97e6e4c1-f4f2-4279-b433-eb01f9b0eaad', 'connection': 'close', 'date': 'Wed, 09 Dec 2015 10:14:44 GMT', 'content-type': 'application/json; charset=UTF-8', 'x-openstack-request-id': 'req-ea7b3e74-dc2c-4401-8b7c-9e79513f7db2'}
        Body: {"ports": [{"status": "ACTIVE", "binding:host_id": "vagrant-ubuntu-trusty-64", "allowed_address_pairs": [], "extra_dhcp_opts": [], "dns_assignment": [{"hostname": "host-10-100-0-3", "ip_address": "10.100.0.3", "fqdn": "host-10-100-0-3.openstacklocal."}], "device_owner": "compute:None", "port_security_enabled": true, "binding:profile": {}, "fixed_ips": [{"subnet_id": "04f6ed6b-4fd2-4547-ac77-866b902863d5", "ip_address": "10.100.0.3"}], "id": "6117ea56-b26b-44b0-a123-c5123a9e9ad8", "security_groups": ["918105e2-015f-4a20-ae24-1b8d48971435"], "device_id": "97e6e4c1-f4f2-4279-b433-eb01f9b0eaad", "name": "", "admin_state_up": true, "network_id": "6b0dd224-f6b5-4dcc-939f-9d2851258de8", "dns_name": "", "binding:vif_details": {"port_filter": true}, "binding:vnic_type": "normal", "binding:vif_type": "ovs", "tenant_id": "626da9ece8344458a37844e3fe37ae25", "mac_address": "fa:16:3e:5e:57:4c"}]}
2015-12-09 10:14:44,390 32280 INFO     [tempest_lib.common.rest_client] Request (TestNetworkBasicOps:test_update_instance_port_admin_state): 200 GET http://10.0.2.15:9696/v2.0/floatingips/f7aa0210-62f9-47f5-acd5-ac5c46606787 0.011s
2015-12-09 10:14:44,391 32280 DEBUG    [tempest_lib.common.rest_client] Request - Headers: {'Content-Type': 'application/json', 'Accept': 'application/json', 'X-Auth-Token': '&lt;omitted&gt;'}
        Body: None
    Response - Headers: {'status': '200', 'content-length': '368', 'content-location': 'http://10.0.2.15:9696/v2.0/floatingips/f7aa0210-62f9-47f5-acd5-ac5c46606787', 'connection': 'close', 'date': 'Wed, 09 Dec 2015 10:14:44 GMT', 'content-type': 'application/json; charset=UTF-8', 'x-openstack-request-id': 'req-c789650d-45ec-425b-ae26-373b747ead78'}
        Body: {"floatingip": {"floating_network_id": "e1daa5ac-20bd-480d-9549-fa52d7940a5c", "router_id": "362f65b1-3a09-40e3-8a30-203001585c0d", "fixed_ip_address": "10.100.0.3", "floating_ip_address": "172.24.4.18", "tenant_id": "626da9ece8344458a37844e3fe37ae25", "status": "DOWN", "port_id": "6117ea56-b26b-44b0-a123-c5123a9e9ad8", "id": "f7aa0210-62f9-47f5-acd5-ac5c46606787"}}
2015-12-09 10:14:45,405 32280 INFO     [tempest_lib.common.rest_client] Request (TestNetworkBasicOps:test_update_instance_port_admin_state): 200 GET http://10.0.2.15:9696/v2.0/floatingips/f7aa0210-62f9-47f5-acd5-ac5c46606787 0.012s
2015-12-09 10:14:45,405 32280 DEBUG    [tempest_lib.common.rest_client] Request - Headers: {'Content-Type': 'application/json', 'Accept': 'application/json', 'X-Auth-Token': '&lt;omitted&gt;'}
        Body: None
    Response - Headers: {'status': '200', 'content-length': '370', 'content-location': 'http://10.0.2.15:9696/v2.0/floatingips/f7aa0210-62f9-47f5-acd5-ac5c46606787', 'connection': 'close', 'date': 'Wed, 09 Dec 2015 10:14:45 GMT', 'content-type': 'application/json; charset=UTF-8', 'x-openstack-request-id': 'req-403d8a93-f97d-4b7b-945c-2a4a6ffaa96d'}
        Body: {"floatingip": {"floating_network_id": "e1daa5ac-20bd-480d-9549-fa52d7940a5c", "router_id": "362f65b1-3a09-40e3-8a30-203001585c0d", "fixed_ip_address": "10.100.0.3", "floating_ip_address": "172.24.4.18", "tenant_id": "626da9ece8344458a37844e3fe37ae25", "status": "ACTIVE", "port_id": "6117ea56-b26b-44b0-a123-c5123a9e9ad8", "id": "f7aa0210-62f9-47f5-acd5-ac5c46606787"}}
2015-12-09 10:14:45,405 32280 INFO     [tempest.scenario.manager] FloatingIP: &lt;"FloatingIP" addr="172.24.4.18" id="f7aa0210-62f9-47f5-acd5-ac5c46606787"&gt; is at status: ACTIVE
2015-12-09 10:14:45,406 32280 DEBUG    [tempest.scenario.manager] checking network connections to IP 172.24.4.18 with user: cirros
2015-12-09 10:14:45,406 32280 DEBUG    [tempest.scenario.manager] TestNetworkBasicOps:test_update_instance_port_admin_state begins to ping 172.24.4.18 in 120 sec and the expected result is reachable
2015-12-09 10:15:03,463 32280 DEBUG    [tempest.scenario.manager] TestNetworkBasicOps:test_update_instance_port_admin_state finishes ping 172.24.4.18 in 120 sec and the ping result is expected
2015-12-09 10:15:03,465 32280 INFO     [tempest_lib.common.ssh] Creating ssh connection to '172.24.4.18' as 'cirros' with public key authentication
2015-12-09 10:15:03,476 32280 WARNING  [tempest_lib.common.ssh] Failed to establish authenticated ssh connection to cirros@172.24.4.18 ([Errno None] Unable to connect to port 22 on  or 172.24.4.18). Number attempts: 1. Retry after 2 seconds.
2015-12-09 10:15:06,027 32280 INFO     [paramiko.transport] Connected (version 2.0, client dropbear_2012.55)
2015-12-09 10:15:06,335 32280 INFO     [paramiko.transport] Authentication (publickey) successful!
2015-12-09 10:15:06,368 32280 INFO     [tempest_lib.common.ssh] ssh connection to cirros@172.24.4.18 successfuly created
2015-12-09 10:15:06,681 32280 INFO     [tempest_lib.common.rest_client] Request (TestNetworkBasicOps:test_update_instance_port_admin_state): 200 PUT http://10.0.2.15:9696/v2.0/ports/6117ea56-b26b-44b0-a123-c5123a9e9ad8 0.197s
2015-12-09 10:15:06,681 32280 DEBUG    [tempest_lib.common.rest_client] Request - Headers: {'Content-Type': 'application/json', 'Accept': 'application/json', 'X-Auth-Token': '&lt;omitted&gt;'}
        Body: {"port": {"admin_state_up": false}}
    Response - Headers: {'status': '200', 'content-length': '750', 'connection': 'close', 'date': 'Wed, 09 Dec 2015 10:15:06 GMT', 'content-type': 'application/json; charset=UTF-8', 'x-openstack-request-id': 'req-41b173de-73fb-4b8b-b981-d50c1950fdd2'}
        Body: {"port": {"status": "ACTIVE", "name": "", "allowed_address_pairs": [], "admin_state_up": false, "network_id": "6b0dd224-f6b5-4dcc-939f-9d2851258de8", "dns_name": "", "extra_dhcp_opts": [], "mac_address": "fa:16:3e:5e:57:4c", "dns_assignment": [{"hostname": "host-10-100-0-3", "ip_address": "10.100.0.3", "fqdn": "host-10-100-0-3.openstacklocal."}], "binding:vnic_type": "normal", "device_owner": "compute:None", "tenant_id": "626da9ece8344458a37844e3fe37ae25", "port_security_enabled": true, "fixed_ips": [{"subnet_id": "04f6ed6b-4fd2-4547-ac77-866b902863d5", "ip_address": "10.100.0.3"}], "id": "6117ea56-b26b-44b0-a123-c5123a9e9ad8", "security_groups": ["918105e2-015f-4a20-ae24-1b8d48971435"], "device_id": "97e6e4c1-f4f2-4279-b433-eb01f9b0eaad"}}
2015-12-09 10:15:06,682 32280 DEBUG    [tempest.scenario.manager] checking network connections to IP 172.24.4.18 with user: cirros
2015-12-09 10:15:06,683 32280 DEBUG    [tempest.scenario.manager] TestNetworkBasicOps:test_update_instance_port_admin_state begins to ping 172.24.4.18 in 120 sec and the expected result is unreachable
2015-12-09 10:17:07,267 32280 DEBUG    [tempest.scenario.manager] TestNetworkBasicOps:test_update_instance_port_admin_state finishes ping 172.24.4.18 in 120 sec and the ping result is unexpected
2015-12-09 10:17:07,267 32280 ERROR    [tempest.scenario.manager] Public network connectivity check failed: after updating admin_state_up of instance port to False
2015-12-09 10:17:07.267 32280 ERROR tempest.scenario.manager Traceback (most recent call last):
2015-12-09 10:17:07.267 32280 ERROR tempest.scenario.manager   File "tempest/scenario/manager.py", line 606, in check_public_network_connectivity
2015-12-09 10:17:07.267 32280 ERROR tempest.scenario.manager     should_connect=should_connect)
2015-12-09 10:17:07.267 32280 ERROR tempest.scenario.manager   File "tempest/scenario/manager.py", line 590, in check_vm_connectivity
2015-12-09 10:17:07.267 32280 ERROR tempest.scenario.manager     msg=msg)
2015-12-09 10:17:07.267 32280 ERROR tempest.scenario.manager   File "/usr/local/lib/python2.7/dist-packages/unittest2/case.py", line 702, in assertTrue
2015-12-09 10:17:07.267 32280 ERROR tempest.scenario.manager     raise self.failureException(msg)
2015-12-09 10:17:07.267 32280 ERROR tempest.scenario.manager AssertionError: False is not true : ip address 172.24.4.18 is reachable
2015-12-09 10:17:07.267 32280 ERROR tempest.scenario.manager 
2015-12-09 10:17:07,483 32280 INFO     [tempest_lib.common.rest_client] Request (TestNetworkBasicOps:test_update_instance_port_admin_state): 200 POST http://10.0.2.15:8774/v2.1/626da9ece8344458a37844e3fe37ae25/servers/97e6e4c1-f4f2-4279-b433-eb01f9b0eaad/action 0.212s
2015-12-09 10:17:07,484 32280 DEBUG    [tempest_lib.common.rest_client] Request - Headers: {'Content-Type': 'application/json', 'Accept': 'application/json', 'X-Auth-Token': '&lt;omitted&gt;'}
        Body: {"os-getConsoleOutput": {}}
    Response - Headers: {'status': '200', 'content-length': '19745', 'x-compute-request-id': 'req-4e42fb0d-cbd6-413b-803a-3723e9807762', 'vary': 'X-OpenStack-Nova-API-Version', 'connection': 'close', 'x-openstack-nova-api-version': '2.1', 'date': 'Wed, 09 Dec 2015 10:17:07 GMT', 'content-type': 'application/json'}
        Body: {"output": "[    0.000000] Initializing cgroup subsys cpuset\n[    0.000000] Initializing cgroup subsys cpu\n[    0.000000] Linux version 3.2.0-80-virtual (buildd@batsu) (gcc version 4.6.3 (Ubuntu/Linaro 4.6.3-1ubuntu5) ) #116-Ubuntu SMP Mon Mar 23 17:28:52 UTC 2015 (Ubuntu 3.2.0-80.116-virtual 3.2.68)\n[    0.000000] Command line: root=/dev/vda console=tty0 console=ttyS0 no_timer_check\n[    0.000000] KERNEL supported cpus:\n[    0.000000]   Intel GenuineIntel\n[    0.000000]   AMD AuthenticAMD\n[    0.000000]   Centaur CentaurHauls\n[    0.000000] BIOS-provided physical RAM map:\n[    0.000000]  BIOS-e820: 0000000000000000 - 000000000009fc00 (usable)\n[    0.000000]  BIOS-e820: 000000000009fc00 - 00000000000a0000 (reserved)\n[    0.000000]  BIOS-e820: 00000000000f0000 - 0000000000100000 (reserved)\n[    0.000000]  BIOS-e820: 0000000000100000 - 0000000003ffe000 (usable)\n[    0.000000]  BIOS-e820: 0000000003ffe000 - 0000000004000000 (reserved)\n[    0.000000]  BIOS-e820: 00000000fffc0000 - 0000000100000000 (reserved)\n[    0.000000] NX (Execute Disable) protection: active\n[    0.000000] SMBIOS 2.4 present.\n[    0.000000] No AGP bridge found\n[    0.000000] last_pfn = 0x3ffe max_arch_pfn = 0x400000000\n[    0.000000] x86 PAT enabled: cpu 0, old 0x7040600070406, new 0x7010600070106\n[    0.000000] found SMP MP-table at [ffff8800000f0b00] f0b00\n[    0.000000] init_memory_mapping: 0000000000000000-0000000003ffe000\n[    0.000000] RAMDISK: 03c5e000 - 03ff0000\n[    0.000000] ACPI: RSDP 00000000000f0950 00014 (v00 BOCHS )\n[    0.000000] ACPI: RSDT 0000000003fffbc1 00034 (v01 BOCHS  BXPCRSDT 00000001 BXPC 00000001)\n[    0.000000] ACPI: FACP 0000000003fff1c0 00074 (v01 BOCHS  BXPCFACP 00000001 BXPC 00000001)\n[    0.000000] ACPI: DSDT 0000000003ffe040 01180 (v01 BOCHS  BXPCDSDT 00000001 BXPC 00000001)\n[    0.000000] ACPI: FACS 0000000003ffe000 00040\n[    0.000000] ACPI: SSDT 0000000003fff234 008DD (v01 BOCHS  BXPCSSDT 00000001 BXPC 00000001)\n[    0.000000] ACPI: APIC 0000000003fffb11 00078 (v01 BOCHS  BXPCAPIC 00000001 BXPC 00000001)\n[    0.000000] ACPI: HPET 0000000003fffb89 00038 (v01 BOCHS  BXPCHPET 00000001 BXPC 00000001)\n[    0.000000] No NUMA configuration found\n[    0.000000] Faking a node at 0000000000000000-0000000003ffe000\n[    0.000000] Initmem setup node 0 0000000000000000-0000000003ffe000\n[    0.000000]   NODE_DATA [0000000003ff6000 - 0000000003ffafff]\n[    0.000000] Zone PFN ranges:\n[    0.000000]   DMA      0x00000010 -&gt; 0x00001000\n[    0.000000]   DMA32    0x00001000 -&gt; 0x00100000\n[    0.000000]   Normal   empty\n[    0.000000] Movable zone start PFN for each node\n[    0.000000] early_node_map[2] active PFN ranges\n[    0.000000]     0: 0x00000010 -&gt; 0x0000009f\n[    0.000000]     0: 0x00000100 -&gt; 0x00003ffe\n[    0.000000] ACPI: PM-Timer IO Port: 0xb008\n[    0.000000] ACPI: LAPIC (acpi_id[0x00] lapic_id[0x00] enabled)\n[    0.000000] ACPI: LAPIC_NMI (acpi_id[0xff] dfl dfl lint[0x1])\n[    0.000000] ACPI: IOAPIC (id[0x00] address[0xfec00000] gsi_base[0])\n[    0.000000] IOAPIC[0]: apic_id 0, version 17, address 0xfec00000, GSI 0-23\n[    0.000000] ACPI: INT_SRC_OVR (bus 0 bus_irq 0 global_irq 2 dfl dfl)\n[    0.000000] ACPI: INT_SRC_OVR (bus 0 bus_irq 5 global_irq 5 high level)\n[    0.000000] ACPI: INT_SRC_OVR (bus 0 bus_irq 9 global_irq 9 high level)\n[    0.000000] ACPI: INT_SRC_OVR (bus 0 bus_irq 10 global_irq 10 high level)\n[    0.000000] ACPI: INT_SRC_OVR (bus 0 bus_irq 11 global_irq 11 high level)\n[    0.000000] Using ACPI (MADT) for SMP configuration information\n[    0.000000] ACPI: HPET id: 0x8086a201 base: 0xfed00000\n[    0.000000] SMP: Allowing 1 CPUs, 0 hotplug CPUs\n[    0.000000] PM: Registered nosave memory: 000000000009f000 - 00000000000a0000\n[    0.000000] PM: Registered nosave memory: 00000000000a0000 - 00000000000f0000\n[    0.000000] PM: Registered nosave memory: 00000000000f0000 - 0000000000100000\n[    0.000000] Allocating PCI resources starting at 4000000 (gap: 4000000:fbfc0000)\n[    0.000000] Booting paravirtualized kernel on bare hardware\n[    0.000000] setup_pe
2015-12-09 10:17:07,488 32280 DEBUG    [tempest.scenario.manager] Console output for 97e6e4c1-f4f2-4279-b433-eb01f9b0eaad
body=
[    0.000000] Initializing cgroup subsys cpuset
[    0.000000] Initializing cgroup subsys cpu
[    0.000000] Linux version 3.2.0-80-virtual (buildd@batsu) (gcc version 4.6.3 (Ubuntu/Linaro 4.6.3-1ubuntu5) ) #116-Ubuntu SMP Mon Mar 23 17:28:52 UTC 2015 (Ubuntu 3.2.0-80.116-virtual 3.2.68)
[    0.000000] Command line: root=/dev/vda console=tty0 console=ttyS0 no_timer_check
[    0.000000] KERNEL supported cpus:
[    0.000000]   Intel GenuineIntel
[    0.000000]   AMD AuthenticAMD
[    0.000000]   Centaur CentaurHauls
[    0.000000] BIOS-provided physical RAM map:
[    0.000000]  BIOS-e820: 0000000000000000 - 000000000009fc00 (usable)
[    0.000000]  BIOS-e820: 000000000009fc00 - 00000000000a0000 (reserved)
[    0.000000]  BIOS-e820: 00000000000f0000 - 0000000000100000 (reserved)
[    0.000000]  BIOS-e820: 0000000000100000 - 0000000003ffe000 (usable)
[    0.000000]  BIOS-e820: 0000000003ffe000 - 0000000004000000 (reserved)
[    0.000000]  BIOS-e820: 00000000fffc0000 - 0000000100000000 (reserved)
[    0.000000] NX (Execute Disable) protection: active
[    0.000000] SMBIOS 2.4 present.
[    0.000000] No AGP bridge found
[    0.000000] last_pfn = 0x3ffe max_arch_pfn = 0x400000000
[    0.000000] x86 PAT enabled: cpu 0, old 0x7040600070406, new 0x7010600070106
[    0.000000] found SMP MP-table at [ffff8800000f0b00] f0b00
[    0.000000] init_memory_mapping: 0000000000000000-0000000003ffe000
[    0.000000] RAMDISK: 03c5e000 - 03ff0000
[    0.000000] ACPI: RSDP 00000000000f0950 00014 (v00 BOCHS )
[    0.000000] ACPI: RSDT 0000000003fffbc1 00034 (v01 BOCHS  BXPCRSDT 00000001 BXPC 00000001)
[    0.000000] ACPI: FACP 0000000003fff1c0 00074 (v01 BOCHS  BXPCFACP 00000001 BXPC 00000001)
[    0.000000] ACPI: DSDT 0000000003ffe040 01180 (v01 BOCHS  BXPCDSDT 00000001 BXPC 00000001)
[    0.000000] ACPI: FACS 0000000003ffe000 00040
[    0.000000] ACPI: SSDT 0000000003fff234 008DD (v01 BOCHS  BXPCSSDT 00000001 BXPC 00000001)
[    0.000000] ACPI: APIC 0000000003fffb11 00078 (v01 BOCHS  BXPCAPIC 00000001 BXPC 00000001)
[    0.000000] ACPI: HPET 0000000003fffb89 00038 (v01 BOCHS  BXPCHPET 00000001 BXPC 00000001)
[    0.000000] No NUMA configuration found
[    0.000000] Faking a node at 0000000000000000-0000000003ffe000
[    0.000000] Initmem setup node 0 0000000000000000-0000000003ffe000
[    0.000000]   NODE_DATA [0000000003ff6000 - 0000000003ffafff]
[    0.000000] Zone PFN ranges:
[    0.000000]   DMA      0x00000010 -&gt; 0x00001000
[    0.000000]   DMA32    0x00001000 -&gt; 0x00100000
[    0.000000]   Normal   empty
[    0.000000] Movable zone start PFN for each node
[    0.000000] early_node_map[2] active PFN ranges
[    0.000000]     0: 0x00000010 -&gt; 0x0000009f
[    0.000000]     0: 0x00000100 -&gt; 0x00003ffe
[    0.000000] ACPI: PM-Timer IO Port: 0xb008
[    0.000000] ACPI: LAPIC (acpi_id[0x00] lapic_id[0x00] enabled)
[    0.000000] ACPI: LAPIC_NMI (acpi_id[0xff] dfl dfl lint[0x1])
[    0.000000] ACPI: IOAPIC (id[0x00] address[0xfec00000] gsi_base[0])
[    0.000000] IOAPIC[0]: apic_id 0, version 17, address 0xfec00000, GSI 0-23
[    0.000000] ACPI: INT_SRC_OVR (bus 0 bus_irq 0 global_irq 2 dfl dfl)
[    0.000000] ACPI: INT_SRC_OVR (bus 0 bus_irq 5 global_irq 5 high level)
[    0.000000] ACPI: INT_SRC_OVR (bus 0 bus_irq 9 global_irq 9 high level)
[    0.000000] ACPI: INT_SRC_OVR (bus 0 bus_irq 10 global_irq 10 high level)
[    0.000000] ACPI: INT_SRC_OVR (bus 0 bus_irq 11 global_irq 11 high level)
[    0.000000] Using ACPI (MADT) for SMP configuration information
[    0.000000] ACPI: HPET id: 0x8086a201 base: 0xfed00000
[    0.000000] SMP: Allowing 1 CPUs, 0 hotplug CPUs
[    0.000000] PM: Registered nosave memory: 000000000009f000 - 00000000000a0000
[    0.000000] PM: Registered nosave memory: 00000000000a0000 - 00000000000f0000
[    0.000000] PM: Registered nosave memory: 00000000000f0000 - 0000000000100000
[    0.000000] Allocating PCI resources starting at 4000000 (gap: 4000000:fbfc0000)
[    0.000000] Booting paravirtualized kernel on bare hardware
[    0.000000] setup_percpu: NR_CPUS:64 nr_cpumask_bits:64 nr_cpu_ids:1 nr_node_ids:1
[    0.000000] PERCPU: Embedded 27 pages/cpu @ffff880003a00000 s78848 r8192 d23552 u2097152
[    0.000000] Built 1 zonelists in Node order, mobility grouping on.  Total pages: 16008
[    0.000000] Policy zone: DMA32
[    0.000000] Kernel command line: root=/dev/vda console=tty0 console=ttyS0 no_timer_check
[    0.000000] PID hash table entries: 256 (order: -1, 2048 bytes)
[    0.000000] Checking aperture...
[    0.000000] No AGP bridge found
[    0.000000] Memory: 43492k/65528k available (6576k kernel code, 452k absent, 21584k reserved, 6620k data, 928k init)
[    0.000000] SLUB: Genslabs=15, HWalign=64, Order=0-3, MinObjects=0, CPUs=1, Nodes=1
[    0.000000] Hierarchical RCU implementation.
[    0.000000] 	RCU dyntick-idle grace-period acceleration is enabled.
[    0.000000] NR_IRQS:4352 nr_irqs:256 16
[    0.000000] Console: colour VGA+ 80x25
[    0.000000] console [tty0] enabled
[    0.000000] console [ttyS0] enabled
[    0.000000] allocated 1048576 bytes of page_cgroup
[    0.000000] please try 'cgroup_disable=memory' option if you don't want memory cgroups
[    0.000000] Fast TSC calibration failed
[    0.000000] TSC: Unable to calibrate against PIT
[    0.000000] TSC: using HPET reference calibration
[    0.000000] Detected 2293.781 MHz processor.
[    0.032888] Calibrating delay loop (skipped), value calculated using timer frequency.. 4587.56 BogoMIPS (lpj=9175124)
[    0.034839] pid_max: default: 32768 minimum: 301
[    0.044431] Security Framework initialized
[    0.048831] AppArmor: AppArmor initialized
[    0.052323] Yama: becoming mindful.
[    0.059369] Dentry cache hash table entries: 8192 (order: 4, 65536 bytes)
[    0.060564] Inode-cache hash table entries: 4096 (order: 3, 32768 bytes)
[    0.064170] Mount-cache hash table entries: 256
[    0.081364] Initializing cgroup subsys cpuacct
[    0.082084] Initializing cgroup subsys memory
[    0.083245] Initializing cgroup subsys devices
[    0.084300] Initializing cgroup subsys freezer
[    0.085280] Initializing cgroup subsys blkio
[    0.086029] Initializing cgroup subsys perf_event
[    0.090188] mce: CPU supports 10 MCE banks
[    0.094140] SMP alternatives: switching to UP code
[    0.503338] Freeing SMP alternatives: 24k freed
[    0.505267] ACPI: Core revision 20110623
[    0.564147] ftrace: allocating 26610 entries in 105 pages
[    0.598349] ..TIMER: vector=0x30 apic1=0 pin1=2 apic2=-1 pin2=-1
[    0.600235] CPU0: AMD QEMU Virtual CPU version 2.0.0 stepping 03
[    0.604037] Performance Events: Broken PMU hardware detected, using software events only.
[    0.614104] NMI watchdog disabled (cpu0): hardware events not enabled
[    0.616616] Brought up 1 CPUs
[    0.617229] Total of 1 processors activated (4587.56 BogoMIPS).
[    0.644304] devtmpfs: initialized
[    0.672353] EVM: security.selinux
[    0.672847] EVM: security.SMACK64
[    0.673271] EVM: security.capability
[    0.693449] print_constraints: dummy: 
[    0.695845] RTC time: 10:14:45, date: 12/09/15
[    0.698115] NET: Registered protocol family 16
[    0.706858] ACPI: bus type pci registered
[    0.710859] PCI: Using configuration type 1 for base access
[    0.740159] bio: create slab &lt;bio-0&gt; at 0
[    0.744546] ACPI: Added _OSI(Module Device)
[    0.745126] ACPI: Added _OSI(Processor Device)
[    0.745674] ACPI: Added _OSI(3.0 _SCP Extensions)
[    0.746381] ACPI: Added _OSI(Processor Aggregator Device)
[    0.813206] ACPI: Interpreter enabled
[    0.813951] ACPI: (supports S0 S3 S4 S5)
[    0.816218] ACPI: Using IOAPIC for interrupt routing
[    0.890017] ACPI: No dock devices found.
[    0.890592] HEST: Table not found.
[    0.891195] PCI: Using host bridge windows from ACPI; if necessary, use "pci=nocrs" and report a bug
[    0.897630] ACPI: PCI Root Bridge [PCI0] (domain 0000 [bus 00-ff])
[    0.906019] pci_root PNP0A03:00: host bridge window [io  0x0000-0x0cf7]
[    0.907146] pci_root PNP0A03:00: host bridge window [io  0x0d00-0xadff]
[    0.908111] pci_root PNP0A03:00: host bridge window [io  0xae0f-0xaeff]
[    0.908971] pci_root PNP0A03:00: host bridge window [io  0xaf20-0xafdf]
[    0.909953] pci_root PNP0A03:00: host bridge window [io  0xafe4-0xffff]
[    0.912186] pci_root PNP0A03:00: host bridge window [mem 0x000a0000-0x000bffff]
[    0.913647] pci_root PNP0A03:00: host bridge window [mem 0x04000000-0xfebfffff]
[    0.945248] pci 0000:00:01.3: quirk: [io  0xb000-0xb03f] claimed by PIIX4 ACPI
[    0.946212] pci 0000:00:01.3: quirk: [io  0xb100-0xb10f] claimed by PIIX4 SMB
[    1.025057]  pci0000:00: Unable to request _OSC control (_OSC support mask: 0x1e)
[    1.080974] ACPI: PCI Interrupt Link [LNKA] (IRQs 5 *10 11)
[    1.082787] ACPI: PCI Interrupt Link [LNKB] (IRQs 5 *10 11)
[    1.084817] ACPI: PCI Interrupt Link [LNKC] (IRQs 5 10 *11)
[    1.087111] ACPI: PCI Interrupt Link [LNKD] (IRQs 5 10 *11)
[    1.089078] ACPI: PCI Interrupt Link [LNKS] (IRQs *9)
[    1.095059] vgaarb: device added: PCI:0000:00:02.0,decodes=io+mem,owns=io+mem,locks=none
[    1.096193] vgaarb: loaded
[    1.096759] vgaarb: bridge control possible 0000:00:02.0
[    1.101195] i2c-core: driver [aat2870] using legacy suspend method
[    1.101997] i2c-core: driver [aat2870] using legacy resume method
[    1.104858] SCSI subsystem initialized
[    1.108223] usbcore: registered new interface driver usbfs
[    1.109596] usbcore: registered new interface driver hub
[    1.110762] usbcore: registered new device driver usb
[    1.114531] PCI: Using ACPI for IRQ routing
[    1.125806] NetLabel: Initializing
[    1.126312] NetLabel:  domain hash size = 128
[    1.126805] NetLabel:  protocols = UNLABELED CIPSOv4
[    1.129290] NetLabel:  unlabeled traffic allowed by default
[    1.131198] HPET: 3 timers in total, 0 timers will be used for per-cpu timer
[    1.132414] hpet0: at MMIO 0xfed00000, IRQs 2, 8, 0
[    1.134213] hpet0: 3 comparators, 64-bit 100.000000 MHz counter
[    1.148170] Switching to clocksource hpet
[    1.426104] AppArmor: AppArmor Filesystem Enabled
[    1.428156] pnp: PnP ACPI init
[    1.429789] ACPI: bus type pnp registered
[    1.453517] pnp: PnP ACPI: found 9 devices
[    1.454086] ACPI: ACPI bus type pnp unregistered
[    1.526632] NET: Registered protocol family 2
[    1.575435] IP route cache hash table entries: 512 (order: 0, 4096 bytes)
[    1.585729] TCP established hash table entries: 2048 (order: 3, 32768 bytes)
[    1.587145] TCP bind hash table entries: 2048 (order: 3, 32768 bytes)
[    1.588437] TCP: Hash tables configured (established 2048 bind 2048)
[    1.590070] TCP reno registered
[    1.590671] UDP hash table entries: 128 (order: 0, 4096 bytes)
[    1.591659] UDP-Lite hash table entries: 128 (order: 0, 4096 bytes)
[    1.595110] NET: Registered protocol family 1
[    1.596593] pci 0000:00:00.0: Limiting direct PCI/PCI transfers
[    1.597820] pci 0000:00:01.0: PIIX3: Enabling Passive Release
[    1.598776] pci 0000:00:01.0: Activating ISA DMA hang workarounds
[    1.604518] ACPI: PCI Interrupt Link [LNKD] enabled at IRQ 11
[    1.605974] pci 0000:00:01.2: PCI INT D -&gt; Link[LNKD] -&gt; GSI 11 (level, high) -&gt; IRQ 11
[    1.608162] pci 0000:00:01.2: PCI INT D disabled
[    1.628008] Trying to unpack rootfs image as initramfs...
[    1.647830] audit: initializing netlink socket (disabled)
[    1.650359] type=2000 audit(1449656085.648:1): initialized
[    1.926886] HugeTLB registered 2 MB page size, pre-allocated 0 pages
[    1.999101] VFS: Disk quotas dquot_6.5.2
[    2.001166] Dquot-cache hash table entries: 512 (order 0, 4096 bytes)
[    2.022374] fuse init (API version 7.17)
[    2.026404] msgmni has been set to 84
[    2.070800] Block layer SCSI generic (bsg) driver version 0.4 loaded (major 253)
[    2.077650] io scheduler noop registered
[    2.078254] io scheduler deadline registered (default)
[    2.080122] io scheduler cfq registered
[    2.084059] pci_hotplug: PCI Hot Plug PCI Core version: 0.5
[    2.087111] pciehp: PCI Express Hot Plug Controller Driver version: 0.4
[    2.094460] input: Power Button as /devices/LNXSYSTM:00/LNXPWRBN:00/input/input0
[    2.096635] ACPI: Power Button [PWRF]
[    2.169290] ERST: Table is not found!
[    2.169821] GHES: HEST is not enabled!
[    2.178625] ACPI: PCI Interrupt Link [LNKC] enabled at IRQ 10
[    2.181096] virtio-pci 0000:00:03.0: PCI INT A -&gt; Link[LNKC] -&gt; GSI 10 (level, high) -&gt; IRQ 10
[    2.185179] virtio-pci 0000:00:04.0: PCI INT A -&gt; Link[LNKD] -&gt; GSI 11 (level, high) -&gt; IRQ 11
[    2.210489] ACPI: PCI Interrupt Link [LNKA] enabled at IRQ 10
[    2.211292] virtio-pci 0000:00:05.0: PCI INT A -&gt; Link[LNKA] -&gt; GSI 10 (level, high) -&gt; IRQ 10
[    2.221540] Serial: 8250/16550 driver, 32 ports, IRQ sharing enabled
[    2.265138] serial8250: ttyS0 at I/O 0x3f8 (irq = 4) is a 16550A
[    2.354694] serial8250: ttyS1 at I/O 0x2f8 (irq = 3) is a 16550A
[    2.484675] 00:05: ttyS0 at I/O 0x3f8 (irq = 4) is a 16550A
[    2.568246] 00:06: ttyS1 at I/O 0x2f8 (irq = 3) is a 16550A
[    2.615060] Refined TSC clocksource calibration: 2293.837 MHz.
[    2.617819] Switching to clocksource tsc
[    2.631389] Linux agpgart interface v0.103
[    2.699376] brd: module loaded
[    2.751419] loop: module loaded
[    2.817560]  vda: unknown partition table
[    2.877953] scsi0 : ata_piix
[    2.881001] scsi1 : ata_piix
[    2.882390] ata1: PATA max MWDMA2 cmd 0x1f0 ctl 0x3f6 bmdma 0xc0a0 irq 14
[    2.883268] ata2: PATA max MWDMA2 cmd 0x170 ctl 0x376 bmdma 0xc0a8 irq 15
[    2.893133] Fixed MDIO Bus: probed
[    2.893996] tun: Universal TUN/TAP device driver, 1.6
[    2.894631] tun: (C) 1999-2004 Max Krasnyansky &lt;maxk@qualcomm.com&gt;
[    2.906821] PPP generic driver version 2.4.2
[    2.933453] ehci_hcd: USB 2.0 'Enhanced' Host Controller (EHCI) Driver
[    2.934450] ohci_hcd: USB 1.1 'Open' Host Controller (OHCI) Driver
[    2.935434] uhci_hcd: USB Universal Host Controller Interface driver
[    2.937494] uhci_hcd 0000:00:01.2: PCI INT D -&gt; Link[LNKD] -&gt; GSI 11 (level, high) -&gt; IRQ 11
[    2.940051] uhci_hcd 0000:00:01.2: UHCI Host Controller
[    2.957905] uhci_hcd 0000:00:01.2: new USB bus registered, assigned bus number 1
[    2.960057] uhci_hcd 0000:00:01.2: irq 11, io base 0x0000c040
[    2.984664] hub 1-0:1.0: USB hub found
[    2.986388] hub 1-0:1.0: 2 ports detected
[    2.995259] usbcore: registered new interface driver libusual
[    2.998139] i8042: PNP: PS/2 Controller [PNP0303:KBD,PNP0f13:MOU] at 0x60,0x64 irq 1,12
[    3.006461] serio: i8042 KBD port at 0x60,0x64 irq 1
[    3.010630] serio: i8042 AUX port at 0x60,0x64 irq 12
[    3.055201] mousedev: PS/2 mouse device common for all mice
[    3.065313] input: AT Translated Set 2 keyboard as /devices/platform/i8042/serio0/input/input1
[    3.069740] rtc_cmos 00:01: RTC can wake from S4
[    3.101584] rtc_cmos 00:01: rtc core: registered rtc_cmos as rtc0
[    3.104047] rtc0: alarms up to one day, 114 bytes nvram, hpet irqs
[    3.109244] device-mapper: uevent: version 1.0.3
[    3.127518] ata2.01: ATAPI: QEMU DVD-ROM, 2.0.0, max UDMA/100
[    3.139218] device-mapper: ioctl: 4.22.0-ioctl (2011-10-19) initialised: dm-devel@redhat.com
[    3.144481] cpuidle: using governor ladder
[    3.145082] cpuidle: using governor menu
[    3.146560] EFI Variables Facility v0.08 2004-May-17
[    3.158229] TCP cubic registered
[    3.163264] NET: Registered protocol family 10
[    3.192178] NET: Registered protocol family 17
[    3.194164] Registering the dns_resolver key type
[    3.206321] ata2.01: configured for MWDMA2
[    3.230181] scsi 1:0:1:0: CD-ROM            QEMU     QEMU DVD-ROM     2.0. PQ: 0 ANSI: 5
[    3.264158] sr0: scsi3-mmc drive: 4x/4x cd/rw xa/form2 tray
[    3.266881] cdrom: Uniform CD-ROM driver Revision: 3.20
[    3.286180] sr 1:0:1:0: Attached scsi generic sg0 type 5
[    3.329184] registered taskstats version 1
[    3.398839] Freeing initrd memory: 3656k freed
[    3.930895]   Magic number: 11:938:223
[    3.944476] rtc_cmos 00:01: setting system clock to 2015-12-09 10:14:48 UTC (1449656088)
[    3.948318] powernow-k8: Processor cpuid 663 not supported
[    3.957636] BIOS EDD facility v0.16 2004-Jun-25, 0 devices found
[    3.959177] EDD information not available.
[    4.042561] Freeing unused kernel memory: 928k freed
[    4.050886] Write protecting the kernel read-only data: 12288k
[    4.155974] Freeing unused kernel memory: 1596k freed
[    4.213137] Freeing unused kernel memory: 1184k freed

info: initramfs: up at 4.38
modprobe: module virtio_blk not found in modules.dep
modprobe: module virtio_net not found in modules.dep
info: copying initramfs to /dev/vda
info: initramfs loading root from /dev/vda
info: /etc/init.d/rc.sysinit: up at 9.05
info: container: none
Starting logging: OK
modprobe: module virtio_blk not found in modules.dep
modprobe: module virtio_net not found in modules.dep
WARN: /etc/rc3.d/S10-load-modules failed
Initializing random number generator... done.
Starting acpid: OK
cirros-ds 'local' up at 11.64
found datasource (configdrive, local)
Starting network...
udhcpc (v1.20.1) started
Sending discover...
Sending select for 10.100.0.3...
Lease of 10.100.0.3 obtained, lease time 86400
route: SIOCADDRT: File exists
WARN: failed: route add -net "0.0.0.0/0" gw "10.100.0.1"
Starting dropbear sshd: generating rsa key... generating dsa key... OK
no userdata for datasource
=== system information ===
Platform: OpenStack Foundation OpenStack Nova
Container: none
Arch: x86_64
CPU(s): 1 @ 2293.781 MHz
Cores/Sockets/Threads: 1/1/1
Virt-type: AMD-V
RAM Size: 49MB
Disks:
NAME MAJ:MIN     SIZE LABEL         MOUNTPOINT
vda  253:0   25165824 cirros-rootfs /
sr0   11:0     428032 config-2      
=== sshd host keys ===
-----BEGIN SSH HOST KEY KEYS-----
ssh-rsa AAAAB3NzaC1yc2EAAAADAQABAAAAgwC8rkxtDiMjUOlhOnqlSYEyJuzcUN2sO24Fzkbi8GmUYfP+2ypwZPj3KT5XP2khk/x4NzX6d+WbQXNAsPHaEOhS/FKBUnzeDJbJSrscgcZTI0a9JkDa7smAK8mmkDd25lDzfc/AtaJh3sjtn7qZEgLEREWiHk3ncLDM1z1hQGynV79X root@tempest
ssh-dss AAAAB3NzaC1kc3MAAACBAMIRLqwz0fVulqskiuaBWmZ7gWZKs+c3H3ZRC0xIMaNNEjjzOWHJqPHh49vKZASodasNciAajtfILR802dCp/99d/6RDLaUf9t0TxfUEJJE0OZauZYZzr1KPGt7py+ycJUkcH/yCpO5f80WCCGUZoatZS5eEgdBl3QBu8fSsnFhjAAAAFQCPog+0bO00U82DOsmggLckrI29BwAAAIAZCmaj0eWAaQ8glMj1VxJcjZz/aFDx/vSgwSK6+5MTSL8q1TiUSGwveKKwOtN3E/hc+tzZ6tMDqF0wTenWtBY1uXPRQTiUCzUbmk6YElbLEmW3ahoCQimhTCc024Qm3PFEFftG4hAxnEQUH2H8uc6vcKc1S/9mTKrV7aBLebxaOgAAAIBoM/1vN4fpWqZ7oRwjewuoc6vlqzPIMN2f6Iar7DGxjY7Wgp6r2KpVPPv2tia9ym5QUkYc23nOHTgKSUWv0ojXkAOYwyq/byeodPrqO3M+al2QuPlHWMyz00rv9wSLfhYa3ywqwEDPmeudNeNRBvz9T7uG9bFcu57vO0RtaOOX0Q== root@tempest
-----END SSH HOST KEY KEYS-----
=== network info ===
if-info: lo,up,127.0.0.1,8,::1
if-info: eth0,up,10.100.0.3,28,fe80::f816:3eff:fe5e:574c
ip-route:default via 10.100.0.1 dev eth0 
ip-route:10.100.0.0/28 dev eth0  src 10.100.0.3 
ip-route:169.254.169.254 via 10.100.0.1 dev eth0 
=== datasource: configdrive local ===
instance-id: 97e6e4c1-f4f2-4279-b433-eb01f9b0eaad
name: tempest.common.compute-instance-1345898157
availability-zone: nova
local-hostname: tempest.common.compute-instance-1345898157.novalocal
launch-index: 0
=== cirros: current=0.3.4 uptime=22.28 ===
  ____               ____  ____
 / __/ __ ____ ____ / __ \/ __/
/ /__ / // __// __// /_/ /\ \ 
\___//_//_/  /_/   \____/___/ 
   http://cirros-cloud.net


login as 'cirros' user. default password: 'cubswin:)'. use 'sudo' for root.
tempest login: 
2015-12-09 10:17:07,719 32280 INFO     [tempest_lib.common.rest_client] Request (TestNetworkBasicOps:_run_cleanups): 204 DELETE http://10.0.2.15:9696/v2.0/floatingips/f7aa0210-62f9-47f5-acd5-ac5c46606787 0.225s
2015-12-09 10:17:07,719 32280 DEBUG    [tempest_lib.common.rest_client] Request - Headers: {'Content-Type': 'application/json', 'Accept': 'application/json', 'X-Auth-Token': '&lt;omitted&gt;'}
        Body: None
    Response - Headers: {'date': 'Wed, 09 Dec 2015 10:17:07 GMT', 'status': '204', 'connection': 'close', 'content-length': '0', 'x-openstack-request-id': 'req-84b06e3a-69f8-4201-9a68-a4b34f41aa67'}
        Body: 
2015-12-09 10:17:07,925 32280 INFO     [tempest_lib.common.rest_client] Request (TestNetworkBasicOps:_run_cleanups): 204 DELETE http://10.0.2.15:8774/v2.1/626da9ece8344458a37844e3fe37ae25/servers/97e6e4c1-f4f2-4279-b433-eb01f9b0eaad 0.205s
2015-12-09 10:17:07,925 32280 DEBUG    [tempest_lib.common.rest_client] Request - Headers: {'Content-Type': 'application/json', 'Accept': 'application/json', 'X-Auth-Token': '&lt;omitted&gt;'}
        Body: None
    Response - Headers: {'status': '204', 'content-length': '0', 'x-compute-request-id': 'req-ca3bf962-950e-4a49-a4a1-9362e8f38dca', 'vary': 'X-OpenStack-Nova-API-Version', 'connection': 'close', 'x-openstack-nova-api-version': '2.1', 'date': 'Wed, 09 Dec 2015 10:17:07 GMT', 'content-type': 'application/json'}
        Body: 
2015-12-09 10:17:08,160 32280 INFO     [tempest_lib.common.rest_client] Request (TestNetworkBasicOps:_run_cleanups): 200 GET http://10.0.2.15:8774/v2.1/626da9ece8344458a37844e3fe37ae25/servers/97e6e4c1-f4f2-4279-b433-eb01f9b0eaad 0.234s
2015-12-09 10:17:08,160 32280 DEBUG    [tempest_lib.common.rest_client] Request - Headers: {'Content-Type': 'application/json', 'Accept': 'application/json', 'X-Auth-Token': '&lt;omitted&gt;'}
        Body: None
    Response - Headers: {'status': '200', 'content-length': '1777', 'content-location': 'http://10.0.2.15:8774/v2.1/626da9ece8344458a37844e3fe37ae25/servers/97e6e4c1-f4f2-4279-b433-eb01f9b0eaad', 'x-compute-request-id': 'req-ce78cb5a-f1f9-4ff9-8477-8a2ad58c084c', 'vary': 'X-OpenStack-Nova-API-Version', 'connection': 'close', 'x-openstack-nova-api-version': '2.1', 'date': 'Wed, 09 Dec 2015 10:17:08 GMT', 'content-type': 'application/json'}
        Body: {"server": {"status": "ACTIVE", "updated": "2015-12-09T10:17:07Z", "hostId": "732eba756198d6963f16f738644b81e62bb73bbf6f943f07f0a82724", "addresses": {"tempest-network-smoke--1528329867": [{"OS-EXT-IPS-MAC:mac_addr": "fa:16:3e:5e:57:4c", "version": 4, "addr": "10.100.0.3", "OS-EXT-IPS:type": "fixed"}, {"OS-EXT-IPS-MAC:mac_addr": "fa:16:3e:5e:57:4c", "version": 4, "addr": "172.24.4.18", "OS-EXT-IPS:type": "floating"}]}, "links": [{"href": "http://10.0.2.15:8774/v2.1/626da9ece8344458a37844e3fe37ae25/servers/97e6e4c1-f4f2-4279-b433-eb01f9b0eaad", "rel": "self"}, {"href": "http://10.0.2.15:8774/626da9ece8344458a37844e3fe37ae25/servers/97e6e4c1-f4f2-4279-b433-eb01f9b0eaad", "rel": "bookmark"}], "key_name": "tempest-TestNetworkBasicOps-255478232", "image": {"id": "23ee7078-3a47-432e-8996-dd1d816afe48", "links": [{"href": "http://10.0.2.15:8774/626da9ece8344458a37844e3fe37ae25/images/23ee7078-3a47-432e-8996-dd1d816afe48", "rel": "bookmark"}]}, "OS-EXT-STS:task_state": "deleting", "OS-EXT-STS:vm_state": "active", "OS-SRV-USG:launched_at": "2015-12-09T10:14:42.000000", "flavor": {"id": "42", "links": [{"href": "http://10.0.2.15:8774/626da9ece8344458a37844e3fe37ae25/flavors/42", "rel": "bookmark"}]}, "id": "97e6e4c1-f4f2-4279-b433-eb01f9b0eaad", "security_groups": [{"name": "tempest-secgroup-smoke-1679784315"}], "OS-SRV-USG:terminated_at": null, "OS-EXT-AZ:availability_zone": "nova", "user_id": "5fd3839292f6405597839e9b6ab3cd41", "name": "tempest.common.compute-instance-1345898157", "created": "2015-12-09T10:14:39Z", "tenant_id": "626da9ece8344458a37844e3fe37ae25", "OS-DCF:diskConfig": "MANUAL", "os-extended-volumes:volumes_attached": [], "accessIPv4": "", "accessIPv6": "", "progress": 0, "OS-EXT-STS:power_state": 1, "config_drive": "True", "metadata": {}}}
2015-12-09 10:17:09,518 32280 INFO     [tempest_lib.common.rest_client] Request (TestNetworkBasicOps:_run_cleanups): 200 GET http://10.0.2.15:8774/v2.1/626da9ece8344458a37844e3fe37ae25/servers/97e6e4c1-f4f2-4279-b433-eb01f9b0eaad 0.343s
2015-12-09 10:17:09,519 32280 DEBUG    [tempest_lib.common.rest_client] Request - Headers: {'Content-Type': 'application/json', 'Accept': 'application/json', 'X-Auth-Token': '&lt;omitted&gt;'}
        Body: None
