<?xml version="1.0" encoding="UTF-8"?>
<!DOCTYPE html PUBLIC "-//W3C//DTD XHTML 1.0 Strict//EN"
     "http://www.w3.org/TR/xhtml1/DTD/xhtml1-strict.dtd">
<html xmlns="http://www.w3.org/1999/xhtml">
<head>
    <title>Unit Test Report</title>
    <meta name="generator" content="subunit2html 0.1"/>
    <meta http-equiv="Content-Type" content="text/html; charset=UTF-8"/>
    
<style type="text/css" media="screen">
body        { font-family: verdana, arial, helvetica, sans-serif;
    font-size: 80%; }
table       { font-size: 100%; width: 100%;}
pre         { font-size: 80%; }

/* -- heading -------------------------------------------------------------- */
h1 {
        font-size: 16pt;
        color: gray;
}
.heading {
    margin-top: 0ex;
    margin-bottom: 1ex;
}

.heading .attribute {
    margin-top: 1ex;
    margin-bottom: 0;
}

.heading .description {
    margin-top: 4ex;
    margin-bottom: 6ex;
}

/* -- css div popup -------------------------------------------------------- */
a.popup_link {
}

a.popup_link:hover {
    color: red;
}

.popup_window {
    display: none;
    overflow-x: scroll;
    /*border: solid #627173 1px; */
    padding: 10px;
    background-color: #E6E6D6;
    font-family: "Ubuntu Mono", "Lucida Console", "Courier New", monospace;
    text-align: left;
    font-size: 8pt;
}

}
/* -- report --------------------------------------------------------------- */
#show_detail_line {
    margin-top: 3ex;
    margin-bottom: 1ex;
}
#result_table {
    width: 100%;
    border-collapse: collapse;
    border: 1px solid #777;
}
#header_row {
    font-weight: bold;
    color: white;
    background-color: #777;
}
#result_table td {
    border: 1px solid #777;
    padding: 2px;
}
#total_row  { font-weight: bold; }
.passClass  { background-color: #6c6; }
.failClass  { background-color: #c60; }
.errorClass { background-color: #c00; }
.passCase   { color: #6c6; }
.failCase   { color: #c60; font-weight: bold; }
.errorCase  { color: #c00; font-weight: bold; }
.hiddenRow  { display: none; }
.testcase   { margin-left: 2em; }
td.testname {width: 40%}
td.small {width: 40px}

/* -- ending --------------------------------------------------------------- */
#ending {
}

</style>

</head>
<body>
<script language="javascript" type="text/javascript"><!--
output_list = Array();

/* level - 0:Summary; 1:Failed; 2:All */
function showCase(level) {
    trs = document.getElementsByTagName("tr");
    for (var i = 0; i < trs.length; i++) {
        tr = trs[i];
        id = tr.id;
        if (id.substr(0,2) == 'ft') {
            if (level < 1) {
                tr.className = 'hiddenRow';
            }
            else {
                tr.className = '';
            }
        }
        if (id.substr(0,2) == 'pt') {
            if (level > 1) {
                tr.className = '';
            }
            else {
                tr.className = 'hiddenRow';
            }
        }
    }
}


function showClassDetail(cid, count) {
    var id_list = Array(count);
    var toHide = 1;
    for (var i = 0; i < count; i++) {
        tid0 = 't' + cid.substr(1) + '.' + (i+1);
        tid = 'f' + tid0;
        tr = document.getElementById(tid);
        if (!tr) {
            tid = 'p' + tid0;
            tr = document.getElementById(tid);
        }
        id_list[i] = tid;
        if (tr.className) {
            toHide = 0;
        }
    }
    for (var i = 0; i < count; i++) {
        tid = id_list[i];
        if (toHide) {
            document.getElementById('div_'+tid).style.display = 'none'
            document.getElementById(tid).className = 'hiddenRow';
        }
        else {
            document.getElementById(tid).className = '';
        }
    }
}


function showTestDetail(div_id){
    var details_div = document.getElementById(div_id)
    var displayState = details_div.style.display
    // alert(displayState)
    if (displayState != 'block' ) {
        displayState = 'block'
        details_div.style.display = 'block'
    }
    else {
        details_div.style.display = 'none'
    }
}


function html_escape(s) {
    s = s.replace(/&/g,'&amp;');
    s = s.replace(/</g,'&lt;');
    s = s.replace(/>/g,'&gt;');
    return s;
}

/* obsoleted by detail in <div>
function showOutput(id, name) {
    var w = window.open("", //url
                    name,
                    "resizable,scrollbars,status,width=800,height=450");
    d = w.document;
    d.write("<pre>");
    d.write(html_escape(output_list[id]));
    d.write("\n");
    d.write("<a href='javascript:window.close()'>close</a>\n");
    d.write("</pre>\n");
    d.close();
}
*/
--></script>

<div class='heading'>
<h1>Unit Test Report</h1>

<p class='attribute'><strong>Status:</strong> Pass 8 Failure 1</p>

<p class='description'></p>
</div>



<p id='show_detail_line'>Show
<a href='javascript:showCase(0)'>Summary</a>
<a href='javascript:showCase(1)'>Failed</a>
<a href='javascript:showCase(2)'>All</a>
</p>
<table id='result_table'>
<colgroup>
<col align='left' />
<col align='right' />
<col align='right' />
<col align='right' />
<col align='right' />
<col align='right' />
<col align='right' />
<col align='right' />
</colgroup>
<tr id='header_row'>
    <td>Test Group/Test case</td>
    <td>Count</td>
    <td>Pass</td>
    <td>Fail</td>
    <td>Error</td>
    <td>Skip</td>
    <td>View</td>
    <td> </td>
</tr>

<tr class='failClass'>
    <td class="testname">tempest.scenario.test_network_basic_ops.TestNetworkBasicOps</td>
    <td class="small">9</td>
    <td class="small">8</td>
    <td class="small">1</td>
    <td class="small">0</td>
    <td class="small">0</td>
    <td class="small"><a href="javascript:showClassDetail('c1',9)"
>Detail</a></td>
    <td> </td>
</tr>

<tr id='pt1.1' class='hiddenRow'>
    <td class='none'><div class='testcase'>test_connectivity_between_vms_on_different_networks[compute,id-1546850e-fbaa-42f5-8b5f-03d8a6a95f15,network]</div></td>
    <td colspan='7' align='left'>

    <!--css div popup start-->
    <a class="popup_link" onfocus='this.blur();'
    href="javascript:showTestDetail('div_pt1.1')" >
        pass</a>

    <div id='div_pt1.1' class="popup_window">
        <div style='text-align: right; color:red;cursor:pointer'>
        <a onfocus='this.blur();'
onclick="document.getElementById('div_pt1.1').style.display = 'none' " >
           [x]</a>
        </div>
        <pre>
        
pt1.1: tempest.scenario.test_network_basic_ops.TestNetworkBasicOps.test_connectivity_between_vms_on_different_networks[compute,id-1546850e-fbaa-42f5-8b5f-03d8a6a95f15,network]

        </pre>
    </div>
    <!--css div popup end-->

    </td>
</tr>

<tr id='pt1.2' class='hiddenRow'>
    <td class='none'><div class='testcase'>test_hotplug_nic[compute,id-c5adff73-e961-41f1-b4a9-343614f18cfa,network]</div></td>
    <td colspan='7' align='left'>

    <!--css div popup start-->
    <a class="popup_link" onfocus='this.blur();'
    href="javascript:showTestDetail('div_pt1.2')" >
        pass</a>

    <div id='div_pt1.2' class="popup_window">
        <div style='text-align: right; color:red;cursor:pointer'>
        <a onfocus='this.blur();'
onclick="document.getElementById('div_pt1.2').style.display = 'none' " >
           [x]</a>
        </div>
        <pre>
        
pt1.2: tempest.scenario.test_network_basic_ops.TestNetworkBasicOps.test_hotplug_nic[compute,id-c5adff73-e961-41f1-b4a9-343614f18cfa,network]

        </pre>
    </div>
    <!--css div popup end-->

    </td>
</tr>

<tr id='pt1.3' class='hiddenRow'>
    <td class='none'><div class='testcase'>test_network_basic_ops[compute,id-f323b3ba-82f8-4db7-8ea6-6a895869ec49,network,smoke]</div></td>
    <td colspan='7' align='left'>

    <!--css div popup start-->
    <a class="popup_link" onfocus='this.blur();'
    href="javascript:showTestDetail('div_pt1.3')" >
        pass</a>

    <div id='div_pt1.3' class="popup_window">
        <div style='text-align: right; color:red;cursor:pointer'>
        <a onfocus='this.blur();'
onclick="document.getElementById('div_pt1.3').style.display = 'none' " >
           [x]</a>
        </div>
        <pre>
        
pt1.3: tempest.scenario.test_network_basic_ops.TestNetworkBasicOps.test_network_basic_ops[compute,id-f323b3ba-82f8-4db7-8ea6-6a895869ec49,network,smoke]

        </pre>
    </div>
    <!--css div popup end-->

    </td>
</tr>

<tr id='pt1.4' class='hiddenRow'>
    <td class='none'><div class='testcase'>test_port_security_macspoofing_port[compute,id-7c0bb1a2-d053-49a4-98f9-ca1a1d849f63,network]</div></td>
    <td colspan='7' align='left'>

    <!--css div popup start-->
    <a class="popup_link" onfocus='this.blur();'
    href="javascript:showTestDetail('div_pt1.4')" >
        pass</a>

    <div id='div_pt1.4' class="popup_window">
        <div style='text-align: right; color:red;cursor:pointer'>
        <a onfocus='this.blur();'
onclick="document.getElementById('div_pt1.4').style.display = 'none' " >
           [x]</a>
        </div>
        <pre>
        
pt1.4: tempest.scenario.test_network_basic_ops.TestNetworkBasicOps.test_port_security_macspoofing_port[compute,id-7c0bb1a2-d053-49a4-98f9-ca1a1d849f63,network]

        </pre>
    </div>
    <!--css div popup end-->

    </td>
</tr>

<tr id='pt1.5' class='hiddenRow'>
    <td class='none'><div class='testcase'>test_preserve_preexisting_port[compute,id-759462e1-8535-46b0-ab3a-33aa45c55aaa,network]</div></td>
    <td colspan='7' align='left'>

    <!--css div popup start-->
    <a class="popup_link" onfocus='this.blur();'
    href="javascript:showTestDetail('div_pt1.5')" >
        pass</a>

    <div id='div_pt1.5' class="popup_window">
        <div style='text-align: right; color:red;cursor:pointer'>
        <a onfocus='this.blur();'
onclick="document.getElementById('div_pt1.5').style.display = 'none' " >
           [x]</a>
        </div>
        <pre>
        
pt1.5: tempest.scenario.test_network_basic_ops.TestNetworkBasicOps.test_preserve_preexisting_port[compute,id-759462e1-8535-46b0-ab3a-33aa45c55aaa,network]

        </pre>
    </div>
    <!--css div popup end-->

    </td>
</tr>

<tr id='pt1.6' class='hiddenRow'>
    <td class='none'><div class='testcase'>test_router_rescheduling[compute,id-2e788c46-fb3f-4ac9-8f82-0561555bea73,network]</div></td>
    <td colspan='7' align='left'>

    <!--css div popup start-->
    <a class="popup_link" onfocus='this.blur();'
    href="javascript:showTestDetail('div_pt1.6')" >
        pass</a>

    <div id='div_pt1.6' class="popup_window">
        <div style='text-align: right; color:red;cursor:pointer'>
        <a onfocus='this.blur();'
onclick="document.getElementById('div_pt1.6').style.display = 'none' " >
           [x]</a>
        </div>
        <pre>
        
pt1.6: tempest.scenario.test_network_basic_ops.TestNetworkBasicOps.test_router_rescheduling[compute,id-2e788c46-fb3f-4ac9-8f82-0561555bea73,network]

        </pre>
    </div>
    <!--css div popup end-->

    </td>
</tr>

<tr id='pt1.7' class='hiddenRow'>
    <td class='none'><div class='testcase'>test_subnet_details[compute,id-d8bb918e-e2df-48b2-97cd-b73c95450980,network]</div></td>
    <td colspan='7' align='left'>

    <!--css div popup start-->
    <a class="popup_link" onfocus='this.blur();'
    href="javascript:showTestDetail('div_pt1.7')" >
        pass</a>

    <div id='div_pt1.7' class="popup_window">
        <div style='text-align: right; color:red;cursor:pointer'>
        <a onfocus='this.blur();'
onclick="document.getElementById('div_pt1.7').style.display = 'none' " >
           [x]</a>
        </div>
        <pre>
        
pt1.7: tempest.scenario.test_network_basic_ops.TestNetworkBasicOps.test_subnet_details[compute,id-d8bb918e-e2df-48b2-97cd-b73c95450980,network]

        </pre>
    </div>
    <!--css div popup end-->

    </td>
</tr>

<tr id='ft1.8' class='none'>
    <td class='failCase'><div class='testcase'>test_update_instance_port_admin_state[compute,id-f5dfcc22-45fd-409f-954c-5bd500d7890b,network]</div></td>
    <td colspan='7' align='left'>

    <!--css div popup start-->
    <a class="popup_link" onfocus='this.blur();'
    href="javascript:showTestDetail('div_ft1.8')" >
        fail</a>

    <div id='div_ft1.8' class="popup_window">
        <div style='text-align: right; color:red;cursor:pointer'>
        <a onfocus='this.blur();'
onclick="document.getElementById('div_ft1.8').style.display = 'none' " >
           [x]</a>
        </div>
        <pre>
        
ft1.8: tempest.scenario.test_network_basic_ops.TestNetworkBasicOps.test_update_instance_port_admin_state[compute,id-f5dfcc22-45fd-409f-954c-5bd500d7890b,network]_StringException: Empty attachments:
  stderr
  stdout

pythonlogging:'': {{{
2016-02-22 15:32:33,440 31615 INFO     [tempest_lib.common.rest_client] Request (TestNetworkBasicOps:test_update_instance_port_admin_state): 201 POST http://10.4.1.3:9696/v2.0/security-groups 0.090s
2016-02-22 15:32:33,441 31615 DEBUG    [tempest_lib.common.rest_client] Request - Headers: {'Content-Type': 'application/json', 'Accept': 'application/json', 'X-Auth-Token': '&lt;omitted&gt;'}
        Body: {"security_group": {"tenant_id": "0fd2cdec07fa4d18b03ed33215443320", "description": "tempest-secgroup-smoke-1003571469 description", "name": "tempest-secgroup-smoke-1003571469"}}
    Response - Headers: {'status': '201', 'content-length': '888', 'connection': 'close', 'date': 'Mon, 22 Feb 2016 15:32:33 GMT', 'content-type': 'application/json; charset=UTF-8', 'x-openstack-request-id': 'req-1f632139-6f61-4bbf-8eff-5c0dba021d18'}
        Body: {"security_group": {"tenant_id": "0fd2cdec07fa4d18b03ed33215443320", "description": "tempest-secgroup-smoke-1003571469 description", "id": "ce52babe-f008-483a-b22b-302024542124", "security_group_rules": [{"remote_group_id": null, "direction": "egress", "remote_ip_prefix": null, "protocol": null, "ethertype": "IPv4", "tenant_id": "0fd2cdec07fa4d18b03ed33215443320", "port_range_max": null, "port_range_min": null, "id": "202c4404-9b20-4fe8-a521-d8237c551d98", "security_group_id": "ce52babe-f008-483a-b22b-302024542124"}, {"remote_group_id": null, "direction": "egress", "remote_ip_prefix": null, "protocol": null, "ethertype": "IPv6", "tenant_id": "0fd2cdec07fa4d18b03ed33215443320", "port_range_max": null, "port_range_min": null, "id": "98f830e1-f15c-44c0-b73a-7f89cffda35b", "security_group_id": "ce52babe-f008-483a-b22b-302024542124"}], "name": "tempest-secgroup-smoke-1003571469"}}
2016-02-22 15:32:33,549 31615 INFO     [tempest_lib.common.rest_client] Request (TestNetworkBasicOps:test_update_instance_port_admin_state): 201 POST http://10.4.1.3:9696/v2.0/security-group-rules 0.106s
2016-02-22 15:32:33,549 31615 DEBUG    [tempest_lib.common.rest_client] Request - Headers: {'Content-Type': 'application/json', 'Accept': 'application/json', 'X-Auth-Token': '&lt;omitted&gt;'}
        Body: {"security_group_rule": {"direction": "ingress", "protocol": "tcp", "tenant_id": "0fd2cdec07fa4d18b03ed33215443320", "port_range_max": 22, "security_group_id": "ce52babe-f008-483a-b22b-302024542124", "port_range_min": 22}}
    Response - Headers: {'status': '201', 'content-length': '340', 'connection': 'close', 'date': 'Mon, 22 Feb 2016 15:32:33 GMT', 'content-type': 'application/json; charset=UTF-8', 'x-openstack-request-id': 'req-9da7fd3d-9fab-42b8-acc6-5e5207435d24'}
        Body: {"security_group_rule": {"remote_group_id": null, "direction": "ingress", "remote_ip_prefix": null, "protocol": "tcp", "ethertype": "IPv4", "tenant_id": "0fd2cdec07fa4d18b03ed33215443320", "port_range_max": 22, "port_range_min": 22, "id": "4e480264-c1db-4121-b470-07a8a58e2bd4", "security_group_id": "ce52babe-f008-483a-b22b-302024542124"}}
2016-02-22 15:32:33,658 31615 INFO     [tempest_lib.common.rest_client] Request (TestNetworkBasicOps:test_update_instance_port_admin_state): 201 POST http://10.4.1.3:9696/v2.0/security-group-rules 0.107s
2016-02-22 15:32:33,659 31615 DEBUG    [tempest_lib.common.rest_client] Request - Headers: {'Content-Type': 'application/json', 'Accept': 'application/json', 'X-Auth-Token': '&lt;omitted&gt;'}
        Body: {"security_group_rule": {"direction": "egress", "protocol": "tcp", "tenant_id": "0fd2cdec07fa4d18b03ed33215443320", "port_range_max": 22, "security_group_id": "ce52babe-f008-483a-b22b-302024542124", "port_range_min": 22}}
    Response - Headers: {'status': '201', 'content-length': '339', 'connection': 'close', 'date': 'Mon, 22 Feb 2016 15:32:33 GMT', 'content-type': 'application/json; charset=UTF-8', 'x-openstack-request-id': 'req-35095f8a-1fd0-45d6-8d25-d25c334884c0'}
        Body: {"security_group_rule": {"remote_group_id": null, "direction": "egress", "remote_ip_prefix": null, "protocol": "tcp", "ethertype": "IPv4", "tenant_id": "0fd2cdec07fa4d18b03ed33215443320", "port_range_max": 22, "port_range_min": 22, "id": "e919ae4d-78e5-4f3b-9448-c22af9b53a3e", "security_group_id": "ce52babe-f008-483a-b22b-302024542124"}}
2016-02-22 15:32:33,768 31615 INFO     [tempest_lib.common.rest_client] Request (TestNetworkBasicOps:test_update_instance_port_admin_state): 201 POST http://10.4.1.3:9696/v2.0/security-group-rules 0.107s
2016-02-22 15:32:33,769 31615 DEBUG    [tempest_lib.common.rest_client] Request - Headers: {'Content-Type': 'application/json', 'Accept': 'application/json', 'X-Auth-Token': '&lt;omitted&gt;'}
        Body: {"security_group_rule": {"tenant_id": "0fd2cdec07fa4d18b03ed33215443320", "direction": "ingress", "protocol": "icmp", "security_group_id": "ce52babe-f008-483a-b22b-302024542124"}}
    Response - Headers: {'status': '201', 'content-length': '345', 'connection': 'close', 'date': 'Mon, 22 Feb 2016 15:32:33 GMT', 'content-type': 'application/json; charset=UTF-8', 'x-openstack-request-id': 'req-e5142209-ba19-409f-94eb-74f1ee249a26'}
        Body: {"security_group_rule": {"remote_group_id": null, "direction": "ingress", "remote_ip_prefix": null, "protocol": "icmp", "ethertype": "IPv4", "tenant_id": "0fd2cdec07fa4d18b03ed33215443320", "port_range_max": null, "port_range_min": null, "id": "3e5795aa-4f79-4ad3-b8f1-d8d3adc44b94", "security_group_id": "ce52babe-f008-483a-b22b-302024542124"}}
2016-02-22 15:32:33,874 31615 INFO     [tempest_lib.common.rest_client] Request (TestNetworkBasicOps:test_update_instance_port_admin_state): 201 POST http://10.4.1.3:9696/v2.0/security-group-rules 0.103s
2016-02-22 15:32:33,875 31615 DEBUG    [tempest_lib.common.rest_client] Request - Headers: {'Content-Type': 'application/json', 'Accept': 'application/json', 'X-Auth-Token': '&lt;omitted&gt;'}
        Body: {"security_group_rule": {"tenant_id": "0fd2cdec07fa4d18b03ed33215443320", "direction": "egress", "protocol": "icmp", "security_group_id": "ce52babe-f008-483a-b22b-302024542124"}}
    Response - Headers: {'status': '201', 'content-length': '344', 'connection': 'close', 'date': 'Mon, 22 Feb 2016 15:32:33 GMT', 'content-type': 'application/json; charset=UTF-8', 'x-openstack-request-id': 'req-98828ccd-b1a4-435a-b5e5-1c9ce84f4838'}
        Body: {"security_group_rule": {"remote_group_id": null, "direction": "egress", "remote_ip_prefix": null, "protocol": "icmp", "ethertype": "IPv4", "tenant_id": "0fd2cdec07fa4d18b03ed33215443320", "port_range_max": null, "port_range_min": null, "id": "e7106d31-36ef-4530-b1ba-84c34304e838", "security_group_id": "ce52babe-f008-483a-b22b-302024542124"}}
2016-02-22 15:32:33,979 31615 INFO     [tempest_lib.common.rest_client] Request (TestNetworkBasicOps:test_update_instance_port_admin_state): 201 POST http://10.4.1.3:9696/v2.0/security-group-rules 0.102s
2016-02-22 15:32:33,980 31615 DEBUG    [tempest_lib.common.rest_client] Request - Headers: {'Content-Type': 'application/json', 'Accept': 'application/json', 'X-Auth-Token': '&lt;omitted&gt;'}
        Body: {"security_group_rule": {"tenant_id": "0fd2cdec07fa4d18b03ed33215443320", "direction": "ingress", "security_group_id": "ce52babe-f008-483a-b22b-302024542124", "protocol": "icmp", "ethertype": "IPv6"}}
    Response - Headers: {'status': '201', 'content-length': '345', 'connection': 'close', 'date': 'Mon, 22 Feb 2016 15:32:33 GMT', 'content-type': 'application/json; charset=UTF-8', 'x-openstack-request-id': 'req-2c92e3a0-8002-4ab5-9d33-4830e42ecdc0'}
        Body: {"security_group_rule": {"remote_group_id": null, "direction": "ingress", "remote_ip_prefix": null, "protocol": "icmp", "ethertype": "IPv6", "tenant_id": "0fd2cdec07fa4d18b03ed33215443320", "port_range_max": null, "port_range_min": null, "id": "1520777a-9dc0-4457-9ab4-d1e1358e75f7", "security_group_id": "ce52babe-f008-483a-b22b-302024542124"}}
2016-02-22 15:32:34,083 31615 INFO     [tempest_lib.common.rest_client] Request (TestNetworkBasicOps:test_update_instance_port_admin_state): 201 POST http://10.4.1.3:9696/v2.0/security-group-rules 0.102s
2016-02-22 15:32:34,084 31615 DEBUG    [tempest_lib.common.rest_client] Request - Headers: {'Content-Type': 'application/json', 'Accept': 'application/json', 'X-Auth-Token': '&lt;omitted&gt;'}
        Body: {"security_group_rule": {"tenant_id": "0fd2cdec07fa4d18b03ed33215443320", "direction": "egress", "security_group_id": "ce52babe-f008-483a-b22b-302024542124", "protocol": "icmp", "ethertype": "IPv6"}}
    Response - Headers: {'status': '201', 'content-length': '344', 'connection': 'close', 'date': 'Mon, 22 Feb 2016 15:32:34 GMT', 'content-type': 'application/json; charset=UTF-8', 'x-openstack-request-id': 'req-b88677a2-fd4b-4bb9-bd91-4ff14c186289'}
        Body: {"security_group_rule": {"remote_group_id": null, "direction": "egress", "remote_ip_prefix": null, "protocol": "icmp", "ethertype": "IPv6", "tenant_id": "0fd2cdec07fa4d18b03ed33215443320", "port_range_max": null, "port_range_min": null, "id": "1cf0539d-da89-4103-b84a-488398490d29", "security_group_id": "ce52babe-f008-483a-b22b-302024542124"}}
2016-02-22 15:32:34,235 31615 INFO     [tempest_lib.common.rest_client] Request (TestNetworkBasicOps:test_update_instance_port_admin_state): 201 POST http://10.4.1.3:9696/v2.0/networks 0.149s
2016-02-22 15:32:34,235 31615 DEBUG    [tempest_lib.common.rest_client] Request - Headers: {'Content-Type': 'application/json', 'Accept': 'application/json', 'X-Auth-Token': '&lt;omitted&gt;'}
        Body: {"network": {"tenant_id": "0fd2cdec07fa4d18b03ed33215443320", "name": "tempest-network-smoke--93797527"}}
    Response - Headers: {'status': '201', 'content-length': '297', 'connection': 'close', 'date': 'Mon, 22 Feb 2016 15:32:34 GMT', 'content-type': 'application/json; charset=UTF-8', 'x-openstack-request-id': 'req-18621c50-0018-4b85-9362-79562ebbddb4'}
        Body: {"network": {"status": "ACTIVE", "subnets": [], "name": "tempest-network-smoke--93797527", "admin_state_up": true, "tenant_id": "0fd2cdec07fa4d18b03ed33215443320", "mtu": 1450, "router:external": false, "shared": false, "port_security_enabled": true, "id": "dfac2655-776f-4a57-88cd-646ba884876e"}}
2016-02-22 15:32:34,317 31615 INFO     [tempest_lib.common.rest_client] Request (TestNetworkBasicOps:test_update_instance_port_admin_state): 201 POST http://10.4.1.3:9696/v2.0/routers 0.080s
2016-02-22 15:32:34,318 31615 DEBUG    [tempest_lib.common.rest_client] Request - Headers: {'Content-Type': 'application/json', 'Accept': 'application/json', 'X-Auth-Token': '&lt;omitted&gt;'}
        Body: {"router": {"tenant_id": "0fd2cdec07fa4d18b03ed33215443320", "name": "tempest-router-smoke-137577715", "admin_state_up": true}}
    Response - Headers: {'status': '201', 'content-length': '238', 'connection': 'close', 'date': 'Mon, 22 Feb 2016 15:32:34 GMT', 'content-type': 'application/json; charset=UTF-8', 'x-openstack-request-id': 'req-2cbb5cad-7f39-4e7e-bf7d-a91fc030e7c9'}
        Body: {"router": {"status": "ACTIVE", "external_gateway_info": null, "name": "tempest-router-smoke-137577715", "admin_state_up": true, "tenant_id": "0fd2cdec07fa4d18b03ed33215443320", "routes": [], "id": "4c8d9a97-5eef-4937-b7c0-0fc101ceafd2"}}
2016-02-22 15:32:34,365 31615 INFO     [tempest_lib.common.rest_client] Request (TestNetworkBasicOps:test_update_instance_port_admin_state): 200 GET http://10.4.1.3:9696/v2.0/routers/4c8d9a97-5eef-4937-b7c0-0fc101ceafd2 0.045s
2016-02-22 15:32:34,365 31615 DEBUG    [tempest_lib.common.rest_client] Request - Headers: {'Content-Type': 'application/json', 'Accept': 'application/json', 'X-Auth-Token': '&lt;omitted&gt;'}
        Body: None
    Response - Headers: {'status': '200', 'content-length': '238', 'content-location': 'http://10.4.1.3:9696/v2.0/routers/4c8d9a97-5eef-4937-b7c0-0fc101ceafd2', 'connection': 'close', 'date': 'Mon, 22 Feb 2016 15:32:34 GMT', 'content-type': 'application/json; charset=UTF-8', 'x-openstack-request-id': 'req-f5a86ea6-6c32-413e-8f5a-9702e52f5fad'}
        Body: {"router": {"status": "ACTIVE", "external_gateway_info": null, "name": "tempest-router-smoke-137577715", "admin_state_up": true, "tenant_id": "0fd2cdec07fa4d18b03ed33215443320", "routes": [], "id": "4c8d9a97-5eef-4937-b7c0-0fc101ceafd2"}}
2016-02-22 15:32:34,954 31615 INFO     [tempest_lib.common.rest_client] Request (TestNetworkBasicOps:test_update_instance_port_admin_state): 200 PUT http://10.4.1.3:9696/v2.0/routers/4c8d9a97-5eef-4937-b7c0-0fc101ceafd2 0.588s
2016-02-22 15:32:34,954 31615 DEBUG    [tempest_lib.common.rest_client] Request - Headers: {'Content-Type': 'application/json', 'Accept': 'application/json', 'X-Auth-Token': '&lt;omitted&gt;'}
        Body: {"router": {"external_gateway_info": {"network_id": "09116ea1-9464-436b-9ed5-2a3966c1a8b8"}, "name": "tempest-router-smoke-137577715", "admin_state_up": true}}
    Response - Headers: {'status': '200', 'content-length': '502', 'connection': 'close', 'date': 'Mon, 22 Feb 2016 15:32:34 GMT', 'content-type': 'application/json; charset=UTF-8', 'x-openstack-request-id': 'req-0cd8812c-87cc-469a-8bb7-0a217c6251b2'}
        Body: {"router": {"status": "ACTIVE", "external_gateway_info": {"network_id": "09116ea1-9464-436b-9ed5-2a3966c1a8b8", "enable_snat": true, "external_fixed_ips": [{"subnet_id": "a650ba26-b44b-4917-9a69-f5b1d1b920eb", "ip_address": "172.24.4.17"}, {"subnet_id": "3428be5a-190f-4433-89e3-32e07adf4a56", "ip_address": "2001:db8::11"}]}, "name": "tempest-router-smoke-137577715", "admin_state_up": true, "tenant_id": "0fd2cdec07fa4d18b03ed33215443320", "routes": [], "id": "4c8d9a97-5eef-4937-b7c0-0fc101ceafd2"}}
2016-02-22 15:32:34,986 31615 INFO     [tempest_lib.common.rest_client] Request (TestNetworkBasicOps:test_update_instance_port_admin_state): 200 GET http://10.4.1.3:9696/v2.0/subnets?tenant_id=0fd2cdec07fa4d18b03ed33215443320&amp;cidr=10.100.0.0%2F28 0.031s
2016-02-22 15:32:34,987 31615 DEBUG    [tempest_lib.common.rest_client] Request - Headers: {'Content-Type': 'application/json', 'Accept': 'application/json', 'X-Auth-Token': '&lt;omitted&gt;'}
        Body: None
    Response - Headers: {'status': '200', 'content-length': '15', 'content-location': 'http://10.4.1.3:9696/v2.0/subnets?tenant_id=0fd2cdec07fa4d18b03ed33215443320&amp;cidr=10.100.0.0%2F28', 'connection': 'close', 'date': 'Mon, 22 Feb 2016 15:32:34 GMT', 'content-type': 'application/json; charset=UTF-8', 'x-openstack-request-id': 'req-090f2e96-93d1-4229-be4e-49202bef9d7d'}
        Body: {"subnets": []}
2016-02-22 15:32:35,261 31615 INFO     [tempest_lib.common.rest_client] Request (TestNetworkBasicOps:test_update_instance_port_admin_state): 201 POST http://10.4.1.3:9696/v2.0/subnets 0.273s
2016-02-22 15:32:35,262 31615 DEBUG    [tempest_lib.common.rest_client] Request - Headers: {'Content-Type': 'application/json', 'Accept': 'application/json', 'X-Auth-Token': '&lt;omitted&gt;'}
        Body: {"subnet": {"ip_version": 4, "tenant_id": "0fd2cdec07fa4d18b03ed33215443320", "cidr": "10.100.0.0/28", "network_id": "dfac2655-776f-4a57-88cd-646ba884876e", "name": "tempest-subnet-smoke-548948720"}}
    Response - Headers: {'status': '201', 'content-length': '477', 'connection': 'close', 'date': 'Mon, 22 Feb 2016 15:32:35 GMT', 'content-type': 'application/json; charset=UTF-8', 'x-openstack-request-id': 'req-83bf2151-8250-4a46-905e-9fa7dbbacc84'}
        Body: {"subnet": {"name": "tempest-subnet-smoke-548948720", "enable_dhcp": true, "network_id": "dfac2655-776f-4a57-88cd-646ba884876e", "tenant_id": "0fd2cdec07fa4d18b03ed33215443320", "dns_nameservers": [], "gateway_ip": "10.100.0.1", "ipv6_ra_mode": null, "allocation_pools": [{"start": "10.100.0.2", "end": "10.100.0.14"}], "host_routes": [], "ip_version": 4, "ipv6_address_mode": null, "cidr": "10.100.0.0/28", "id": "8b28ae7b-7f68-4db8-bf81-a43256690945", "subnetpool_id": null}}
2016-02-22 15:32:35,884 31615 INFO     [tempest_lib.common.rest_client] Request (TestNetworkBasicOps:test_update_instance_port_admin_state): 200 PUT http://10.4.1.3:9696/v2.0/routers/4c8d9a97-5eef-4937-b7c0-0fc101ceafd2/add_router_interface 0.620s
2016-02-22 15:32:35,884 31615 DEBUG    [tempest_lib.common.rest_client] Request - Headers: {'Content-Type': 'application/json', 'Accept': 'application/json', 'X-Auth-Token': '&lt;omitted&gt;'}
        Body: {"subnet_id": "8b28ae7b-7f68-4db8-bf81-a43256690945"}
    Response - Headers: {'status': '200', 'content-length': '255', 'connection': 'close', 'date': 'Mon, 22 Feb 2016 15:32:35 GMT', 'content-type': 'application/json; charset=UTF-8', 'x-openstack-request-id': 'req-4b830b9f-6158-4482-a626-4e3b63908d0a'}
        Body: {"subnet_id": "8b28ae7b-7f68-4db8-bf81-a43256690945", "tenant_id": "0fd2cdec07fa4d18b03ed33215443320", "subnet_ids": ["8b28ae7b-7f68-4db8-bf81-a43256690945"], "port_id": "2b07ba66-3635-49a4-aef7-927d4e505ff5", "id": "4c8d9a97-5eef-4937-b7c0-0fc101ceafd2"}
2016-02-22 15:32:35,954 31615 INFO     [tempest_lib.common.rest_client] Request (TestNetworkBasicOps:test_update_instance_port_admin_state): 200 GET http://10.4.1.3:9696/v2.0/networks 0.068s
2016-02-22 15:32:35,954 31615 DEBUG    [tempest_lib.common.rest_client] Request - Headers: {'Content-Type': 'application/json', 'Accept': 'application/json', 'X-Auth-Token': '&lt;omitted&gt;'}
        Body: None
    Response - Headers: {'status': '200', 'content-length': '1325', 'content-location': 'http://10.4.1.3:9696/v2.0/networks', 'connection': 'close', 'date': 'Mon, 22 Feb 2016 15:32:35 GMT', 'content-type': 'application/json; charset=UTF-8', 'x-openstack-request-id': 'req-d9f57fe2-1f34-4a71-bdbe-7392bba7e5aa'}
        Body: {"networks": [{"status": "ACTIVE", "subnets": ["8b28ae7b-7f68-4db8-bf81-a43256690945"], "name": "tempest-network-smoke--93797527", "provider:physical_network": null, "admin_state_up": true, "tenant_id": "0fd2cdec07fa4d18b03ed33215443320", "mtu": 1450, "router:external": false, "shared": false, "port_security_enabled": true, "provider:network_type": "vxlan", "id": "dfac2655-776f-4a57-88cd-646ba884876e", "provider:segmentation_id": 1092}, {"status": "ACTIVE", "subnets": ["3428be5a-190f-4433-89e3-32e07adf4a56", "a650ba26-b44b-4917-9a69-f5b1d1b920eb"], "name": "public", "provider:physical_network": null, "admin_state_up": true, "tenant_id": "94792595daa74683b13b853ff6aeb876", "mtu": 1450, "router:external": true, "shared": false, "port_security_enabled": true, "provider:network_type": "vxlan", "id": "09116ea1-9464-436b-9ed5-2a3966c1a8b8", "provider:segmentation_id": 1080}, {"status": "ACTIVE", "subnets": ["1a0e908a-5a57-43a0-8bab-8ebeac7a90f9", "40a60ea5-d951-47a0-9aad-796944575985"], "name": "private", "provider:physical_network": null, "admin_state_up": true, "tenant_id": "328479c83b65432291e557ceb020a3ab", "mtu": 1450, "router:external": false, "shared": false, "port_security_enabled": true, "provider:network_type": "vxlan", "id": "440806b3-89a1-471e-9524-2bed4bd1a584", "provider:segmentation_id": 1057}]}
2016-02-22 15:32:35,993 31615 INFO     [tempest_lib.common.rest_client] Request (TestNetworkBasicOps:test_update_instance_port_admin_state): 200 GET http://10.4.1.3:9696/v2.0/subnets 0.038s
2016-02-22 15:32:35,994 31615 DEBUG    [tempest_lib.common.rest_client] Request - Headers: {'Content-Type': 'application/json', 'Accept': 'application/json', 'X-Auth-Token': '&lt;omitted&gt;'}
        Body: None
    Response - Headers: {'status': '200', 'content-length': '2407', 'content-location': 'http://10.4.1.3:9696/v2.0/subnets', 'connection': 'close', 'date': 'Mon, 22 Feb 2016 15:32:35 GMT', 'content-type': 'application/json; charset=UTF-8', 'x-openstack-request-id': 'req-75a03999-ea44-4b18-aee2-276efdcba794'}
        Body: {"subnets": [{"name": "ipv6-private-subnet", "enable_dhcp": true, "network_id": "440806b3-89a1-471e-9524-2bed4bd1a584", "tenant_id": "328479c83b65432291e557ceb020a3ab", "dns_nameservers": [], "gateway_ip": "fd29:bd59:ec12::1", "ipv6_ra_mode": "slaac", "allocation_pools": [{"start": "fd29:bd59:ec12::2", "end": "fd29:bd59:ec12:0:ffff:ffff:ffff:ffff"}], "host_routes": [], "ip_version": 6, "ipv6_address_mode": "slaac", "cidr": "fd29:bd59:ec12::/64", "id": "1a0e908a-5a57-43a0-8bab-8ebeac7a90f9", "subnetpool_id": null}, {"name": "tempest-subnet-smoke-548948720", "enable_dhcp": true, "network_id": "dfac2655-776f-4a57-88cd-646ba884876e", "tenant_id": "0fd2cdec07fa4d18b03ed33215443320", "dns_nameservers": [], "gateway_ip": "10.100.0.1", "ipv6_ra_mode": null, "allocation_pools": [{"start": "10.100.0.2", "end": "10.100.0.14"}], "host_routes": [], "ip_version": 4, "ipv6_address_mode": null, "cidr": "10.100.0.0/28", "id": "8b28ae7b-7f68-4db8-bf81-a43256690945", "subnetpool_id": null}, {"name": "public-subnet", "enable_dhcp": false, "network_id": "09116ea1-9464-436b-9ed5-2a3966c1a8b8", "tenant_id": "94792595daa74683b13b853ff6aeb876", "dns_nameservers": [], "gateway_ip": "172.24.4.1", "ipv6_ra_mode": null, "allocation_pools": [{"start": "172.24.4.2", "end": "172.24.4.254"}], "host_routes": [], "ip_version": 4, "ipv6_address_mode": null, "cidr": "172.24.4.0/24", "id": "a650ba26-b44b-4917-9a69-f5b1d1b920eb", "subnetpool_id": null}, {"name": "ipv6-public-subnet", "enable_dhcp": false, "network_id": "09116ea1-9464-436b-9ed5-2a3966c1a8b8", "tenant_id": "94792595daa74683b13b853ff6aeb876", "dns_nameservers": [], "gateway_ip": "2001:db8::2", "ipv6_ra_mode": null, "allocation_pools": [{"start": "2001:db8::1", "end": "2001:db8::1"}, {"start": "2001:db8::3", "end": "2001:db8::ffff:ffff:ffff:ffff"}], "host_routes": [], "ip_version": 6, "ipv6_address_mode": null, "cidr": "2001:db8::/64", "id": "3428be5a-190f-4433-89e3-32e07adf4a56", "subnetpool_id": null}, {"name": "private-subnet", "enable_dhcp": true, "network_id": "440806b3-89a1-471e-9524-2bed4bd1a584", "tenant_id": "328479c83b65432291e557ceb020a3ab", "dns_nameservers": [], "gateway_ip": "10.0.0.1", "ipv6_ra_mode": null, "allocation_pools": [{"start": "10.0.0.2", "end": "10.0.0.254"}], "host_routes": [], "ip_version": 4, "ipv6_address_mode": null, "cidr": "10.0.0.0/24", "id": "40a60ea5-d951-47a0-9aad-796944575985", "subnetpool_id": null}]}
2016-02-22 15:32:36,043 31615 INFO     [tempest_lib.common.rest_client] Request (TestNetworkBasicOps:test_update_instance_port_admin_state): 200 GET http://10.4.1.3:9696/v2.0/routers 0.047s
2016-02-22 15:32:36,044 31615 DEBUG    [tempest_lib.common.rest_client] Request - Headers: {'Content-Type': 'application/json', 'Accept': 'application/json', 'X-Auth-Token': '&lt;omitted&gt;'}
        Body: None
    Response - Headers: {'status': '200', 'content-length': '1042', 'content-location': 'http://10.4.1.3:9696/v2.0/routers', 'connection': 'close', 'date': 'Mon, 22 Feb 2016 15:32:36 GMT', 'content-type': 'application/json; charset=UTF-8', 'x-openstack-request-id': 'req-a74ff129-41b8-4d0d-af13-465c020b5833'}
        Body: {"routers": [{"status": "ACTIVE", "external_gateway_info": {"network_id": "09116ea1-9464-436b-9ed5-2a3966c1a8b8", "enable_snat": true, "external_fixed_ips": [{"subnet_id": "a650ba26-b44b-4917-9a69-f5b1d1b920eb", "ip_address": "172.24.4.17"}, {"subnet_id": "3428be5a-190f-4433-89e3-32e07adf4a56", "ip_address": "2001:db8::11"}]}, "name": "tempest-router-smoke-137577715", "admin_state_up": true, "tenant_id": "0fd2cdec07fa4d18b03ed33215443320", "distributed": false, "routes": [], "ha": false, "id": "4c8d9a97-5eef-4937-b7c0-0fc101ceafd2"}, {"status": "ACTIVE", "external_gateway_info": {"network_id": "09116ea1-9464-436b-9ed5-2a3966c1a8b8", "enable_snat": true, "external_fixed_ips": [{"subnet_id": "a650ba26-b44b-4917-9a69-f5b1d1b920eb", "ip_address": "172.24.4.2"}, {"subnet_id": "3428be5a-190f-4433-89e3-32e07adf4a56", "ip_address": "2001:db8::1"}]}, "name": "router1", "admin_state_up": true, "tenant_id": "328479c83b65432291e557ceb020a3ab", "distributed": false, "routes": [], "ha": false, "id": "bd38cfda-b428-464e-b68f-f77da1d664e7"}]}
2016-02-22 15:32:36,302 31615 INFO     [tempest_lib.common.rest_client] Request (TestNetworkBasicOps:test_update_instance_port_admin_state): 200 POST http://10.4.1.3:8774/v2.1/0fd2cdec07fa4d18b03ed33215443320/os-keypairs 0.256s
2016-02-22 15:32:36,304 31615 DEBUG    [tempest_lib.common.rest_client] Request - Headers: {'Content-Type': 'application/json', 'Accept': 'application/json', 'X-Auth-Token': '&lt;omitted&gt;'}
        Body: {"keypair": {"name": "tempest-TestNetworkBasicOps-2057144286"}}
    Response - Headers: {'status': '200', 'content-length': '2325', 'x-compute-request-id': 'req-5ec75752-20e6-4e20-a501-35b23f239436', 'vary': 'X-OpenStack-Nova-API-Version', 'connection': 'close', 'x-openstack-nova-api-version': '2.1', 'date': 'Mon, 22 Feb 2016 15:32:36 GMT', 'content-type': 'application/json'}
        Body: {"keypair": {"public_key": "ssh-rsa AAAAB3NzaC1yc2EAAAADAQABAAABAQDQnEmzlZXRGlvGsGCFshS/wX77+MRACSUlhg9+tGOV7+wp1LtXJ68rvj0XyMZcYzvqVd8nf8VNijbmaPxZ5Ho6hIN4l+Oq9RsbhP9WW9JHOwSRZT0ng75TC27iZgIT+yaLfVp6n93FopXWenkMZTNTrKA9haY1cqrmNOk6vuuFqjBbCL4QpXF7f/XQrIemusqjO159VDn0tJtKr0QAduaqjOW5XNWEnBzxIX9MGFcl8fqXcs3BP1sLIm3bMen2s8sC6ccDiAZJ0EYnFsDvBHD57q38sxQU4pC5d0RUPevsHGrLYzCXx6uvMPyQhcx12gF/3eLALmgDLCkwAoqi50cL Generated-by-Nova", "private_key": "-----BEGIN RSA PRIVATE KEY-----\nMIIEqwIBAAKCAQEA0JxJs5WV0RpbxrBghbIUv8F++/jEQAklJYYPfrRjle/sKdS7\nVyevK749F8jGXGM76lXfJ3/FTYo25mj8WeR6OoSDeJfjqvUbG4T/VlvSRzsEkWU9\nJ4O+Uwtu4mYCE/smi31aep/dxaKV1np5DGUzU6ygPYWmNXKq5jTpOr7rhaowWwi+\nEKVxe3/10KyHprrKoztefVQ59LSbSq9EAHbmqozluVzVhJwc8SF/TBhXJfH6l3LN\nwT9bCyJt2zHp9rPLAunHA4gGSdBGJxbA7wRw+e6t/LMUFOKQuXdEVD3r7Bxqy2Mw\nl8errzD8kIXMddoBf93iwC5oAywpMAKKoudHCwIDAQABAoIBAQDE28d9LdrsMZiL\n3iOn5s5HynxfoXjpCPhB+cmjgu07L+bH7tU/QNbAS8zxJelyg76lu5VTe/Kf4p8+\nPbJtzfs+P5Cle4g/6v9Cr/YY85ty1pHP9x6HrH4tdeuUwDiTzHyqQ4ffkf9BItWN\nSZPzi4itHIk2pWmcpHH7vdCePE6bmbPIoWFhx0rHfLg4rVPa0AU3iTekGh+OaczP\nAFy1xSsWvZcb4XPHux5w5yPVVCilc5hFq4f2pihATS9XVWjqEwtul8EhyTKJqg5l\n570bBRAsldS2qRMjlJXlZzVaA6hEHenPp+6vcFX+nC+pR2dm2hhpYjSSwarrZUXX\nztb+H5iJAoIAgQDkHz0Z7S14NO7OYtvbyO01ooSn43981PC9XEZsxw2W4DbcqxKB\nPOBVebLv9w3qELatiZDmqCLpufQ7vjoLswiO6omJsP7omxtxbZ4ybUhJ2EI3CQVP\nfGS/ejB38ZMmyxGcS0v31jHaRnPFvUQZX+uX0pvlIOi6qvANC6bqF8JJJwKCAIEA\n6hqiW+wY9dDoPVD9hxIlYu9G3/CIBEpMxqkXO+j2iAhTGvX5KmfNPQVNd3VcbWYu\nLRjcYu5ZziQNFhmN5RiwmwZvYe3JLgeI9zbHFsWlG63oWQwE61d5sUyqwdVNlDkl\nJEUloSVMdlWvTxFRb0X1XrjVRBMXTyLgnLCuGuhtWX0CggCBANlly90BYuvDxjF5\nlP0HpsgOcU1uSPi2Fhbf8V2I9TJrytzRS3lOgpvytsxpLSF7fBw1lZm7cko7pL2q\ns7aij+1jJl/KBaO27ZhTVwfHjbSSG8hHGIB/k6PG1pn35rx5mfbQ6zztK+VQbtRr\nYpKsDuFJHLhnfGMotEw6Zn+A1O7RAoIAgQDfO/KisSrEDSfIgJih2n3oL79oABfT\n733y2n8bU/Tylu2YggHNnBosHAhY54Lxl0RlIJXXiO3+EoagElIqqjaOPb6spXD4\nAZtsEcIbRvFAyb8MWte+CzYyCaezGlHWDAAM7BsL5WNaXC7FuP/smct3Pc2wEnxh\nrCJ/iEMdyZGsiQKCAIEAmKQBMlTZjkTaAALPq2iBej/7P8U/qxX4p16P1uwVRzZb\nV4pfcOpo6NrTJVlr/Ojhg70EhKk91FvtM7Q24Ij6v7GVK7oren5Ww1Q5lu4O9K7G\nj2MXAs2HUlVapUqFOeC1C6dMf7h0Xm3CZ4pe975oBKFhz2tA69ECqMg2SqmaODM=\n-----END RSA PRIVATE KEY-----\n", "user_id": "666dc84580f74ac7ba0cba7d065baf7b", "name": "tempest-TestNetworkBasicOps-2057144286", "fingerprint": "5a:c7:c6:66:ce:09:cd:ca:4f:6e:58:2c:90:5a:8c:2d"}}
2016-02-22 15:32:36,430 31615 INFO     [tempest_lib.common.rest_client] Request (TestNetworkBasicOps:test_update_instance_port_admin_state): 200 POST http://10.4.1.3:5000/v2.0/tokens
2016-02-22 15:32:36,430 31615 DEBUG    [tempest_lib.common.rest_client] Request - Headers: {'Content-Type': 'application/json', 'Accept': 'application/json'}
        Body: &lt;omitted&gt;
    Response - Headers: {'status': '200', 'content-length': '2508', 'vary': 'X-Auth-Token', 'server': 'Apache/2.4.7 (Ubuntu)', 'connection': 'close', 'date': 'Mon, 22 Feb 2016 15:32:36 GMT', 'content-type': 'application/json', 'x-openstack-request-id': 'req-a62dfaea-5f0c-47c2-a33d-34299794e3ee'}
        Body: {"access": {"token": {"issued_at": "2016-02-22T15:32:36.417130", "expires": "2016-02-22T16:32:36Z", "id": "a7ec6d6f48504ee89213dd3c7fac1ebd", "tenant": {"description": "tempest-TestNetworkBasicOps-510365453-desc", "enabled": true, "id": "0fd2cdec07fa4d18b03ed33215443320", "name": "tempest-TestNetworkBasicOps-510365453"}, "audit_ids": ["LmsEA8QvSCS5Fd24Fdktdg"]}, "serviceCatalog": [{"endpoints": [{"adminURL": "http://10.4.1.3:8774/v2.1/0fd2cdec07fa4d18b03ed33215443320", "region": "RegionOne", "internalURL": "http://10.4.1.3:8774/v2.1/0fd2cdec07fa4d18b03ed33215443320", "id": "04b315635f1543eb866ffd4db3dbb55b", "publicURL": "http://10.4.1.3:8774/v2.1/0fd2cdec07fa4d18b03ed33215443320"}], "endpoints_links": [], "type": "compute", "name": "nova"}, {"endpoints": [{"adminURL": "http://10.4.1.3:9696/", "region": "RegionOne", "internalURL": "http://10.4.1.3:9696/", "id": "637c5739160d407091186867048ff5bf", "publicURL": "http://10.4.1.3:9696/"}], "endpoints_links": [], "type": "network", "name": "neutron"}, {"endpoints": [{"adminURL": "http://10.4.1.3:9292", "region": "RegionOne", "internalURL": "http://10.4.1.3:9292", "id": "9f8524a958164bff8c4c1b6c7396106b", "publicURL": "http://10.4.1.3:9292"}], "endpoints_links": [], "type": "image", "name": "glance"}, {"endpoints": [{"adminURL": "http://10.4.1.3:8774/v2/0fd2cdec07fa4d18b03ed33215443320", "region": "RegionOne", "internalURL": "http://10.4.1.3:8774/v2/0fd2cdec07fa4d18b03ed33215443320", "id": "330d30cf09174036ba3a20ad7a53d549", "publicURL": "http://10.4.1.3:8774/v2/0fd2cdec07fa4d18b03ed33215443320"}], "endpoints_links": [], "type": "compute_legacy", "name": "nova_legacy"}, {"endpoints": [{"adminURL": "http://10.4.1.3:8773/", "region": "RegionOne", "internalURL": "http://10.4.1.3:8773/", "id": "62fd5255fd5546e9993e0fbd9c27325c", "publicURL": "http://10.4.1.3:8773/"}], "endpoints_links": [], "type": "ec2", "name": "ec2"}, {"endpoints": [{"adminURL": "http://10.4.1.3:35357/v2.0", "region": "RegionOne", "internalURL": "http://10.4.1.3:5000/v2.0", "id": "841aec22dac14e67b7305a86b487f4c0", "publicURL": "http://10.4.1.3:5000/v2.0"}], "endpoints_links": [], "type": "identity", "name": "keystone"}], "user": {"username": "tempest-TestNetworkBasicOps-695473333", "roles_links": [], "id": "666dc84580f74ac7ba0cba7d065baf7b", "roles": [{"name": "_member_"}, {"name": "Member"}], "name": "tempest-TestNetworkBasicOps-695473333"}, "metadata": {"is_admin": 0, "roles": ["9fe2ff9ee4384b1894a90878d3e92bab", "c5cd7bf05f27471992b145455d844a51"]}}}
2016-02-22 15:32:36,438 31615 DEBUG    [tempest.common.fixed_network] (TestNetworkBasicOps:test_update_instance_port_admin_state) No valid network provided or created, defaulting to fixed_network_name
2016-02-22 15:32:36,644 31615 INFO     [tempest_lib.common.rest_client] Request (TestNetworkBasicOps:test_update_instance_port_admin_state): 200 GET http://10.4.1.3:8774/v2.1/0fd2cdec07fa4d18b03ed33215443320/os-networks 0.205s
2016-02-22 15:32:36,645 31615 DEBUG    [tempest_lib.common.rest_client] Request - Headers: {'Content-Type': 'application/json', 'Accept': 'application/json', 'X-Auth-Token': '&lt;omitted&gt;'}
        Body: None
    Response - Headers: {'status': '200', 'content-length': '477', 'content-location': 'http://10.4.1.3:8774/v2.1/0fd2cdec07fa4d18b03ed33215443320/os-networks', 'x-compute-request-id': 'req-c84a0ba6-7b23-4d7a-bd3f-1d10fd7db642', 'vary': 'X-OpenStack-Nova-API-Version', 'connection': 'close', 'x-openstack-nova-api-version': '2.1', 'date': 'Mon, 22 Feb 2016 15:32:36 GMT', 'content-type': 'application/json'}
        Body: {"networks": [{"cidr_v6": null, "dns2": null, "dns1": null, "gateway": null, "broadcast": null, "netmask": null, "gateway_v6": null, "cidr": null, "label": "public", "id": "09116ea1-9464-436b-9ed5-2a3966c1a8b8", "netmask_v6": null}, {"cidr_v6": null, "dns2": null, "dns1": null, "gateway": null, "broadcast": null, "netmask": null, "gateway_v6": null, "cidr": null, "label": "tempest-network-smoke--93797527", "id": "dfac2655-776f-4a57-88cd-646ba884876e", "netmask_v6": null}]}
2016-02-22 15:32:36,645 31615 WARNING  [tempest.common.fixed_network] (TestNetworkBasicOps:test_update_instance_port_admin_state) Network with name: private not found
2016-02-22 15:32:36,646 31615 INFO     [tempest.common.fixed_network] (TestNetworkBasicOps:test_update_instance_port_admin_state) Found network {} available for tenant
2016-02-22 15:32:37,153 31615 INFO     [tempest_lib.common.rest_client] Request (TestNetworkBasicOps:test_update_instance_port_admin_state): 202 POST http://10.4.1.3:8774/v2.1/0fd2cdec07fa4d18b03ed33215443320/servers 0.506s
2016-02-22 15:32:37,153 31615 DEBUG    [tempest_lib.common.rest_client] Request - Headers: {'Content-Type': 'application/json', 'Accept': 'application/json', 'X-Auth-Token': '&lt;omitted&gt;'}
        Body: {"server": {"name": "tempest-server-smoke-1649546220", "imageRef": "0336623a-a4df-43fe-98bf-adc2e7e40bda", "key_name": "tempest-TestNetworkBasicOps-2057144286", "flavorRef": "42", "networks": [{"uuid": "dfac2655-776f-4a57-88cd-646ba884876e"}], "security_groups": [{"name": "tempest-secgroup-smoke-1003571469"}]}}
    Response - Headers: {'status': '202', 'content-length': '460', 'x-compute-request-id': 'req-64dba02a-07fc-44e2-bb68-e88e2d217186', 'vary': 'X-OpenStack-Nova-API-Version', 'connection': 'close', 'location': 'http://10.4.1.3:8774/v2.1/0fd2cdec07fa4d18b03ed33215443320/servers/81606611-8e50-44b5-a2cf-4776b64e3c90', 'x-openstack-nova-api-version': '2.1', 'date': 'Mon, 22 Feb 2016 15:32:37 GMT', 'content-type': 'application/json'}
        Body: {"server": {"security_groups": [{"name": "tempest-secgroup-smoke-1003571469"}], "OS-DCF:diskConfig": "MANUAL", "id": "81606611-8e50-44b5-a2cf-4776b64e3c90", "links": [{"href": "http://10.4.1.3:8774/v2.1/0fd2cdec07fa4d18b03ed33215443320/servers/81606611-8e50-44b5-a2cf-4776b64e3c90", "rel": "self"}, {"href": "http://10.4.1.3:8774/0fd2cdec07fa4d18b03ed33215443320/servers/81606611-8e50-44b5-a2cf-4776b64e3c90", "rel": "bookmark"}], "adminPass": "podqynJVNv84"}}
2016-02-22 15:32:37,365 31615 INFO     [tempest_lib.common.rest_client] Request (TestNetworkBasicOps:test_update_instance_port_admin_state): 200 GET http://10.4.1.3:8774/v2.1/0fd2cdec07fa4d18b03ed33215443320/servers/81606611-8e50-44b5-a2cf-4776b64e3c90 0.209s
2016-02-22 15:32:37,366 31615 DEBUG    [tempest_lib.common.rest_client] Request - Headers: {'Content-Type': 'application/json', 'Accept': 'application/json', 'X-Auth-Token': '&lt;omitted&gt;'}
        Body: None
    Response - Headers: {'status': '200', 'content-length': '1341', 'content-location': 'http://10.4.1.3:8774/v2.1/0fd2cdec07fa4d18b03ed33215443320/servers/81606611-8e50-44b5-a2cf-4776b64e3c90', 'x-compute-request-id': 'req-0b49ff39-2774-4d7b-89b7-a07c3b86b201', 'vary': 'X-OpenStack-Nova-API-Version', 'connection': 'close', 'x-openstack-nova-api-version': '2.1', 'date': 'Mon, 22 Feb 2016 15:32:37 GMT', 'content-type': 'application/json'}
        Body: {"server": {"status": "BUILD", "updated": "2016-02-22T15:32:37Z", "hostId": "", "addresses": {}, "links": [{"href": "http://10.4.1.3:8774/v2.1/0fd2cdec07fa4d18b03ed33215443320/servers/81606611-8e50-44b5-a2cf-4776b64e3c90", "rel": "self"}, {"href": "http://10.4.1.3:8774/0fd2cdec07fa4d18b03ed33215443320/servers/81606611-8e50-44b5-a2cf-4776b64e3c90", "rel": "bookmark"}], "key_name": "tempest-TestNetworkBasicOps-2057144286", "image": {"id": "0336623a-a4df-43fe-98bf-adc2e7e40bda", "links": [{"href": "http://10.4.1.3:8774/0fd2cdec07fa4d18b03ed33215443320/images/0336623a-a4df-43fe-98bf-adc2e7e40bda", "rel": "bookmark"}]}, "OS-EXT-STS:task_state": "scheduling", "OS-EXT-STS:vm_state": "building", "OS-SRV-USG:launched_at": null, "flavor": {"id": "42", "links": [{"href": "http://10.4.1.3:8774/0fd2cdec07fa4d18b03ed33215443320/flavors/42", "rel": "bookmark"}]}, "id": "81606611-8e50-44b5-a2cf-4776b64e3c90", "OS-SRV-USG:terminated_at": null, "OS-EXT-AZ:availability_zone": "", "user_id": "666dc84580f74ac7ba0cba7d065baf7b", "name": "tempest-server-smoke-1649546220", "created": "2016-02-22T15:32:37Z", "tenant_id": "0fd2cdec07fa4d18b03ed33215443320", "OS-DCF:diskConfig": "MANUAL", "os-extended-volumes:volumes_attached": [], "accessIPv4": "", "accessIPv6": "", "progress": 0, "OS-EXT-STS:power_state": 0, "config_drive": "", "metadata": {}}}
2016-02-22 15:32:38,692 31615 INFO     [tempest_lib.common.rest_client] Request (TestNetworkBasicOps:test_update_instance_port_admin_state): 200 GET http://10.4.1.3:8774/v2.1/0fd2cdec07fa4d18b03ed33215443320/servers/81606611-8e50-44b5-a2cf-4776b64e3c90 0.316s
2016-02-22 15:32:38,692 31615 DEBUG    [tempest_lib.common.rest_client] Request - Headers: {'Content-Type': 'application/json', 'Accept': 'application/json', 'X-Auth-Token': '&lt;omitted&gt;'}
        Body: None
    Response - Headers: {'status': '200', 'content-length': '1467', 'content-location': 'http://10.4.1.3:8774/v2.1/0fd2cdec07fa4d18b03ed33215443320/servers/81606611-8e50-44b5-a2cf-4776b64e3c90', 'x-compute-request-id': 'req-f5429d07-6579-4bbc-b4c3-b455238f64d2', 'vary': 'X-OpenStack-Nova-API-Version', 'connection': 'close', 'x-openstack-nova-api-version': '2.1', 'date': 'Mon, 22 Feb 2016 15:32:38 GMT', 'content-type': 'application/json'}
        Body: {"server": {"status": "BUILD", "updated": "2016-02-22T15:32:37Z", "hostId": "29637bda1280888cc404469ab4ec95890f2e0e57e446d039129fbfd6", "addresses": {}, "links": [{"href": "http://10.4.1.3:8774/v2.1/0fd2cdec07fa4d18b03ed33215443320/servers/81606611-8e50-44b5-a2cf-4776b64e3c90", "rel": "self"}, {"href": "http://10.4.1.3:8774/0fd2cdec07fa4d18b03ed33215443320/servers/81606611-8e50-44b5-a2cf-4776b64e3c90", "rel": "bookmark"}], "key_name": "tempest-TestNetworkBasicOps-2057144286", "image": {"id": "0336623a-a4df-43fe-98bf-adc2e7e40bda", "links": [{"href": "http://10.4.1.3:8774/0fd2cdec07fa4d18b03ed33215443320/images/0336623a-a4df-43fe-98bf-adc2e7e40bda", "rel": "bookmark"}]}, "OS-EXT-STS:task_state": "spawning", "OS-EXT-STS:vm_state": "building", "OS-SRV-USG:launched_at": null, "flavor": {"id": "42", "links": [{"href": "http://10.4.1.3:8774/0fd2cdec07fa4d18b03ed33215443320/flavors/42", "rel": "bookmark"}]}, "id": "81606611-8e50-44b5-a2cf-4776b64e3c90", "security_groups": [{"name": "tempest-secgroup-smoke-1003571469"}], "OS-SRV-USG:terminated_at": null, "OS-EXT-AZ:availability_zone": "nova", "user_id": "666dc84580f74ac7ba0cba7d065baf7b", "name": "tempest-server-smoke-1649546220", "created": "2016-02-22T15:32:37Z", "tenant_id": "0fd2cdec07fa4d18b03ed33215443320", "OS-DCF:diskConfig": "MANUAL", "os-extended-volumes:volumes_attached": [], "accessIPv4": "", "accessIPv6": "", "progress": 0, "OS-EXT-STS:power_state": 0, "config_drive": "", "metadata": {}}}
2016-02-22 15:32:38,706 31615 INFO     [tempest.common.waiters] State transition "BUILD/scheduling" ==&gt; "BUILD/spawning" after 1 second wait
2016-02-22 15:32:39,917 31615 INFO     [tempest_lib.common.rest_client] Request (TestNetworkBasicOps:test_update_instance_port_admin_state): 200 GET http://10.4.1.3:8774/v2.1/0fd2cdec07fa4d18b03ed33215443320/servers/81606611-8e50-44b5-a2cf-4776b64e3c90 0.209s
2016-02-22 15:32:39,917 31615 DEBUG    [tempest_lib.common.rest_client] Request - Headers: {'Content-Type': 'application/json', 'Accept': 'application/json', 'X-Auth-Token': '&lt;omitted&gt;'}
        Body: None
    Response - Headers: {'status': '200', 'content-length': '1467', 'content-location': 'http://10.4.1.3:8774/v2.1/0fd2cdec07fa4d18b03ed33215443320/servers/81606611-8e50-44b5-a2cf-4776b64e3c90', 'x-compute-request-id': 'req-2e4e387d-5b9b-47e6-bd16-ee32c82ba2db', 'vary': 'X-OpenStack-Nova-API-Version', 'connection': 'close', 'x-openstack-nova-api-version': '2.1', 'date': 'Mon, 22 Feb 2016 15:32:39 GMT', 'content-type': 'application/json'}
        Body: {"server": {"status": "BUILD", "updated": "2016-02-22T15:32:37Z", "hostId": "29637bda1280888cc404469ab4ec95890f2e0e57e446d039129fbfd6", "addresses": {}, "links": [{"href": "http://10.4.1.3:8774/v2.1/0fd2cdec07fa4d18b03ed33215443320/servers/81606611-8e50-44b5-a2cf-4776b64e3c90", "rel": "self"}, {"href": "http://10.4.1.3:8774/0fd2cdec07fa4d18b03ed33215443320/servers/81606611-8e50-44b5-a2cf-4776b64e3c90", "rel": "bookmark"}], "key_name": "tempest-TestNetworkBasicOps-2057144286", "image": {"id": "0336623a-a4df-43fe-98bf-adc2e7e40bda", "links": [{"href": "http://10.4.1.3:8774/0fd2cdec07fa4d18b03ed33215443320/images/0336623a-a4df-43fe-98bf-adc2e7e40bda", "rel": "bookmark"}]}, "OS-EXT-STS:task_state": "spawning", "OS-EXT-STS:vm_state": "building", "OS-SRV-USG:launched_at": null, "flavor": {"id": "42", "links": [{"href": "http://10.4.1.3:8774/0fd2cdec07fa4d18b03ed33215443320/flavors/42", "rel": "bookmark"}]}, "id": "81606611-8e50-44b5-a2cf-4776b64e3c90", "security_groups": [{"name": "tempest-secgroup-smoke-1003571469"}], "OS-SRV-USG:terminated_at": null, "OS-EXT-AZ:availability_zone": "nova", "user_id": "666dc84580f74ac7ba0cba7d065baf7b", "name": "tempest-server-smoke-1649546220", "created": "2016-02-22T15:32:37Z", "tenant_id": "0fd2cdec07fa4d18b03ed33215443320", "OS-DCF:diskConfig": "MANUAL", "os-extended-volumes:volumes_attached": [], "accessIPv4": "", "accessIPv6": "", "progress": 0, "OS-EXT-STS:power_state": 0, "config_drive": "", "metadata": {}}}
2016-02-22 15:32:41,086 31615 INFO     [tempest_lib.common.rest_client] Request (TestNetworkBasicOps:test_update_instance_port_admin_state): 200 GET http://10.4.1.3:8774/v2.1/0fd2cdec07fa4d18b03ed33215443320/servers/81606611-8e50-44b5-a2cf-4776b64e3c90 0.154s
2016-02-22 15:32:41,086 31615 DEBUG    [tempest_lib.common.rest_client] Request - Headers: {'Content-Type': 'application/json', 'Accept': 'application/json', 'X-Auth-Token': '&lt;omitted&gt;'}
        Body: None
    Response - Headers: {'status': '200', 'content-length': '1637', 'content-location': 'http://10.4.1.3:8774/v2.1/0fd2cdec07fa4d18b03ed33215443320/servers/81606611-8e50-44b5-a2cf-4776b64e3c90', 'x-compute-request-id': 'req-b6db9707-e295-4742-b683-f02ee6f5de83', 'vary': 'X-OpenStack-Nova-API-Version', 'connection': 'close', 'x-openstack-nova-api-version': '2.1', 'date': 'Mon, 22 Feb 2016 15:32:41 GMT', 'content-type': 'application/json'}
        Body: {"server": {"status": "ACTIVE", "updated": "2016-02-22T15:32:40Z", "hostId": "29637bda1280888cc404469ab4ec95890f2e0e57e446d039129fbfd6", "addresses": {"tempest-network-smoke--93797527": [{"OS-EXT-IPS-MAC:mac_addr": "fa:16:3e:a7:38:1b", "version": 4, "addr": "10.100.0.3", "OS-EXT-IPS:type": "fixed"}]}, "links": [{"href": "http://10.4.1.3:8774/v2.1/0fd2cdec07fa4d18b03ed33215443320/servers/81606611-8e50-44b5-a2cf-4776b64e3c90", "rel": "self"}, {"href": "http://10.4.1.3:8774/0fd2cdec07fa4d18b03ed33215443320/servers/81606611-8e50-44b5-a2cf-4776b64e3c90", "rel": "bookmark"}], "key_name": "tempest-TestNetworkBasicOps-2057144286", "image": {"id": "0336623a-a4df-43fe-98bf-adc2e7e40bda", "links": [{"href": "http://10.4.1.3:8774/0fd2cdec07fa4d18b03ed33215443320/images/0336623a-a4df-43fe-98bf-adc2e7e40bda", "rel": "bookmark"}]}, "OS-EXT-STS:task_state": null, "OS-EXT-STS:vm_state": "active", "OS-SRV-USG:launched_at": "2016-02-22T15:32:39.000000", "flavor": {"id": "42", "links": [{"href": "http://10.4.1.3:8774/0fd2cdec07fa4d18b03ed33215443320/flavors/42", "rel": "bookmark"}]}, "id": "81606611-8e50-44b5-a2cf-4776b64e3c90", "security_groups": [{"name": "tempest-secgroup-smoke-1003571469"}], "OS-SRV-USG:terminated_at": null, "OS-EXT-AZ:availability_zone": "nova", "user_id": "666dc84580f74ac7ba0cba7d065baf7b", "name": "tempest-server-smoke-1649546220", "created": "2016-02-22T15:32:37Z", "tenant_id": "0fd2cdec07fa4d18b03ed33215443320", "OS-DCF:diskConfig": "MANUAL", "os-extended-volumes:volumes_attached": [], "accessIPv4": "", "accessIPv6": "", "progress": 0, "OS-EXT-STS:power_state": 1, "config_drive": "True", "metadata": {}}}
2016-02-22 15:32:41,095 31615 INFO     [tempest.common.waiters] State transition "BUILD/spawning" ==&gt; "ACTIVE/None" after 4 second wait
2016-02-22 15:32:41,247 31615 INFO     [tempest_lib.common.rest_client] Request (TestNetworkBasicOps:test_update_instance_port_admin_state): 200 GET http://10.4.1.3:8774/v2.1/0fd2cdec07fa4d18b03ed33215443320/servers/81606611-8e50-44b5-a2cf-4776b64e3c90 0.152s
2016-02-22 15:32:41,248 31615 DEBUG    [tempest_lib.common.rest_client] Request - Headers: {'Content-Type': 'application/json', 'Accept': 'application/json', 'X-Auth-Token': '&lt;omitted&gt;'}
        Body: None
    Response - Headers: {'status': '200', 'content-length': '1637', 'content-location': 'http://10.4.1.3:8774/v2.1/0fd2cdec07fa4d18b03ed33215443320/servers/81606611-8e50-44b5-a2cf-4776b64e3c90', 'x-compute-request-id': 'req-bde5e8a4-3cf9-4f57-a6d8-f60652bcbd6c', 'vary': 'X-OpenStack-Nova-API-Version', 'connection': 'close', 'x-openstack-nova-api-version': '2.1', 'date': 'Mon, 22 Feb 2016 15:32:41 GMT', 'content-type': 'application/json'}
        Body: {"server": {"status": "ACTIVE", "updated": "2016-02-22T15:32:40Z", "hostId": "29637bda1280888cc404469ab4ec95890f2e0e57e446d039129fbfd6", "addresses": {"tempest-network-smoke--93797527": [{"OS-EXT-IPS-MAC:mac_addr": "fa:16:3e:a7:38:1b", "version": 4, "addr": "10.100.0.3", "OS-EXT-IPS:type": "fixed"}]}, "links": [{"href": "http://10.4.1.3:8774/v2.1/0fd2cdec07fa4d18b03ed33215443320/servers/81606611-8e50-44b5-a2cf-4776b64e3c90", "rel": "self"}, {"href": "http://10.4.1.3:8774/0fd2cdec07fa4d18b03ed33215443320/servers/81606611-8e50-44b5-a2cf-4776b64e3c90", "rel": "bookmark"}], "key_name": "tempest-TestNetworkBasicOps-2057144286", "image": {"id": "0336623a-a4df-43fe-98bf-adc2e7e40bda", "links": [{"href": "http://10.4.1.3:8774/0fd2cdec07fa4d18b03ed33215443320/images/0336623a-a4df-43fe-98bf-adc2e7e40bda", "rel": "bookmark"}]}, "OS-EXT-STS:task_state": null, "OS-EXT-STS:vm_state": "active", "OS-SRV-USG:launched_at": "2016-02-22T15:32:39.000000", "flavor": {"id": "42", "links": [{"href": "http://10.4.1.3:8774/0fd2cdec07fa4d18b03ed33215443320/flavors/42", "rel": "bookmark"}]}, "id": "81606611-8e50-44b5-a2cf-4776b64e3c90", "security_groups": [{"name": "tempest-secgroup-smoke-1003571469"}], "OS-SRV-USG:terminated_at": null, "OS-EXT-AZ:availability_zone": "nova", "user_id": "666dc84580f74ac7ba0cba7d065baf7b", "name": "tempest-server-smoke-1649546220", "created": "2016-02-22T15:32:37Z", "tenant_id": "0fd2cdec07fa4d18b03ed33215443320", "OS-DCF:diskConfig": "MANUAL", "os-extended-volumes:volumes_attached": [], "accessIPv4": "", "accessIPv6": "", "progress": 0, "OS-EXT-STS:power_state": 1, "config_drive": "True", "metadata": {}}}
2016-02-22 15:32:41,256 31615 INFO     [tempest.scenario.manager] Tenant networks not configured to be reachable.
2016-02-22 15:32:41,288 31615 INFO     [tempest_lib.common.rest_client] Request (TestNetworkBasicOps:test_update_instance_port_admin_state): 200 GET http://10.4.1.3:9696/v2.0/ports?fixed_ip=None&amp;device_id=81606611-8e50-44b5-a2cf-4776b64e3c90 0.031s
2016-02-22 15:32:41,288 31615 DEBUG    [tempest_lib.common.rest_client] Request - Headers: {'Content-Type': 'application/json', 'Accept': 'application/json', 'X-Auth-Token': '&lt;omitted&gt;'}
        Body: None
    Response - Headers: {'status': '200', 'content-length': '895', 'content-location': 'http://10.4.1.3:9696/v2.0/ports?fixed_ip=None&amp;device_id=81606611-8e50-44b5-a2cf-4776b64e3c90', 'connection': 'close', 'date': 'Mon, 22 Feb 2016 15:32:41 GMT', 'content-type': 'application/json; charset=UTF-8', 'x-openstack-request-id': 'req-bf7dec01-7b9f-48a3-ba49-bd6e1078d1ff'}
        Body: {"ports": [{"status": "ACTIVE", "binding:host_id": "vagrant-ubuntu-trusty-64", "allowed_address_pairs": [], "extra_dhcp_opts": [], "dns_assignment": [{"hostname": "host-10-100-0-3", "ip_address": "10.100.0.3", "fqdn": "host-10-100-0-3.openstacklocal."}], "device_owner": "compute:None", "port_security_enabled": true, "binding:profile": {}, "fixed_ips": [{"subnet_id": "8b28ae7b-7f68-4db8-bf81-a43256690945", "ip_address": "10.100.0.3"}], "id": "a39b2151-ceca-484c-b3cc-eb5137f579ce", "security_groups": ["ce52babe-f008-483a-b22b-302024542124"], "device_id": "81606611-8e50-44b5-a2cf-4776b64e3c90", "name": "", "admin_state_up": true, "network_id": "dfac2655-776f-4a57-88cd-646ba884876e", "dns_name": "", "binding:vif_details": {"port_filter": true}, "binding:vnic_type": "normal", "binding:vif_type": "ovs", "tenant_id": "0fd2cdec07fa4d18b03ed33215443320", "mac_address": "fa:16:3e:a7:38:1b"}]}
2016-02-22 15:32:41,703 31615 INFO     [tempest_lib.common.rest_client] Request (TestNetworkBasicOps:test_update_instance_port_admin_state): 201 POST http://10.4.1.3:9696/v2.0/floatingips 0.413s
2016-02-22 15:32:41,703 31615 DEBUG    [tempest_lib.common.rest_client] Request - Headers: {'Content-Type': 'application/json', 'Accept': 'application/json', 'X-Auth-Token': '&lt;omitted&gt;'}
        Body: {"floatingip": {"floating_network_id": "09116ea1-9464-436b-9ed5-2a3966c1a8b8", "tenant_id": "0fd2cdec07fa4d18b03ed33215443320", "fixed_ip_address": "10.100.0.3", "port_id": "a39b2151-ceca-484c-b3cc-eb5137f579ce"}}
    Response - Headers: {'status': '201', 'content-length': '368', 'connection': 'close', 'date': 'Mon, 22 Feb 2016 15:32:41 GMT', 'content-type': 'application/json; charset=UTF-8', 'x-openstack-request-id': 'req-9cb1c1d8-a44b-4123-8824-8c47f5df716a'}
        Body: {"floatingip": {"floating_network_id": "09116ea1-9464-436b-9ed5-2a3966c1a8b8", "router_id": "4c8d9a97-5eef-4937-b7c0-0fc101ceafd2", "fixed_ip_address": "10.100.0.3", "floating_ip_address": "172.24.4.18", "tenant_id": "0fd2cdec07fa4d18b03ed33215443320", "status": "DOWN", "port_id": "a39b2151-ceca-484c-b3cc-eb5137f579ce", "id": "a587a5c5-0bb4-47ad-9280-cc1330ab4aa7"}}
2016-02-22 15:32:41,734 31615 INFO     [tempest_lib.common.rest_client] Request (TestNetworkBasicOps:test_update_instance_port_admin_state): 200 GET http://10.4.1.3:9696/v2.0/ports?device_id=81606611-8e50-44b5-a2cf-4776b64e3c90 0.029s
2016-02-22 15:32:41,734 31615 DEBUG    [tempest_lib.common.rest_client] Request - Headers: {'Content-Type': 'application/json', 'Accept': 'application/json', 'X-Auth-Token': '&lt;omitted&gt;'}
        Body: None
    Response - Headers: {'status': '200', 'content-length': '895', 'content-location': 'http://10.4.1.3:9696/v2.0/ports?device_id=81606611-8e50-44b5-a2cf-4776b64e3c90', 'connection': 'close', 'date': 'Mon, 22 Feb 2016 15:32:41 GMT', 'content-type': 'application/json; charset=UTF-8', 'x-openstack-request-id': 'req-6f3538bf-83da-43a7-8171-5f6daf868d0c'}
        Body: {"ports": [{"status": "ACTIVE", "binding:host_id": "vagrant-ubuntu-trusty-64", "allowed_address_pairs": [], "extra_dhcp_opts": [], "dns_assignment": [{"hostname": "host-10-100-0-3", "ip_address": "10.100.0.3", "fqdn": "host-10-100-0-3.openstacklocal."}], "device_owner": "compute:None", "port_security_enabled": true, "binding:profile": {}, "fixed_ips": [{"subnet_id": "8b28ae7b-7f68-4db8-bf81-a43256690945", "ip_address": "10.100.0.3"}], "id": "a39b2151-ceca-484c-b3cc-eb5137f579ce", "security_groups": ["ce52babe-f008-483a-b22b-302024542124"], "device_id": "81606611-8e50-44b5-a2cf-4776b64e3c90", "name": "", "admin_state_up": true, "network_id": "dfac2655-776f-4a57-88cd-646ba884876e", "dns_name": "", "binding:vif_details": {"port_filter": true}, "binding:vnic_type": "normal", "binding:vif_type": "ovs", "tenant_id": "0fd2cdec07fa4d18b03ed33215443320", "mac_address": "fa:16:3e:a7:38:1b"}]}
2016-02-22 15:32:41,747 31615 INFO     [tempest_lib.common.rest_client] Request (TestNetworkBasicOps:test_update_instance_port_admin_state): 200 GET http://10.4.1.3:9696/v2.0/floatingips/a587a5c5-0bb4-47ad-9280-cc1330ab4aa7 0.013s
2016-02-22 15:32:41,748 31615 DEBUG    [tempest_lib.common.rest_client] Request - Headers: {'Content-Type': 'application/json', 'Accept': 'application/json', 'X-Auth-Token': '&lt;omitted&gt;'}
        Body: None
    Response - Headers: {'status': '200', 'content-length': '368', 'content-location': 'http://10.4.1.3:9696/v2.0/floatingips/a587a5c5-0bb4-47ad-9280-cc1330ab4aa7', 'connection': 'close', 'date': 'Mon, 22 Feb 2016 15:32:41 GMT', 'content-type': 'application/json; charset=UTF-8', 'x-openstack-request-id': 'req-02309867-201f-41a2-99a0-0e50a1df7029'}
        Body: {"floatingip": {"floating_network_id": "09116ea1-9464-436b-9ed5-2a3966c1a8b8", "router_id": "4c8d9a97-5eef-4937-b7c0-0fc101ceafd2", "fixed_ip_address": "10.100.0.3", "floating_ip_address": "172.24.4.18", "tenant_id": "0fd2cdec07fa4d18b03ed33215443320", "status": "DOWN", "port_id": "a39b2151-ceca-484c-b3cc-eb5137f579ce", "id": "a587a5c5-0bb4-47ad-9280-cc1330ab4aa7"}}
2016-02-22 15:32:42,763 31615 INFO     [tempest_lib.common.rest_client] Request (TestNetworkBasicOps:test_update_instance_port_admin_state): 200 GET http://10.4.1.3:9696/v2.0/floatingips/a587a5c5-0bb4-47ad-9280-cc1330ab4aa7 0.013s
2016-02-22 15:32:42,764 31615 DEBUG    [tempest_lib.common.rest_client] Request - Headers: {'Content-Type': 'application/json', 'Accept': 'application/json', 'X-Auth-Token': '&lt;omitted&gt;'}
        Body: None
    Response - Headers: {'status': '200', 'content-length': '370', 'content-location': 'http://10.4.1.3:9696/v2.0/floatingips/a587a5c5-0bb4-47ad-9280-cc1330ab4aa7', 'connection': 'close', 'date': 'Mon, 22 Feb 2016 15:32:42 GMT', 'content-type': 'application/json; charset=UTF-8', 'x-openstack-request-id': 'req-6df20efa-f6c7-461b-99b6-4ecb613cc637'}
        Body: {"floatingip": {"floating_network_id": "09116ea1-9464-436b-9ed5-2a3966c1a8b8", "router_id": "4c8d9a97-5eef-4937-b7c0-0fc101ceafd2", "fixed_ip_address": "10.100.0.3", "floating_ip_address": "172.24.4.18", "tenant_id": "0fd2cdec07fa4d18b03ed33215443320", "status": "ACTIVE", "port_id": "a39b2151-ceca-484c-b3cc-eb5137f579ce", "id": "a587a5c5-0bb4-47ad-9280-cc1330ab4aa7"}}
2016-02-22 15:32:42,764 31615 INFO     [tempest.scenario.manager] FloatingIP: &lt;"FloatingIP" addr="172.24.4.18" id="a587a5c5-0bb4-47ad-9280-cc1330ab4aa7"&gt; is at status: ACTIVE
2016-02-22 15:32:42,764 31615 DEBUG    [tempest.scenario.manager] checking network connections to IP 172.24.4.18 with user: cirros
2016-02-22 15:32:42,764 31615 DEBUG    [tempest.scenario.manager] TestNetworkBasicOps:test_update_instance_port_admin_state begins to ping 172.24.4.18 in 120 sec and the expected result is reachable
2016-02-22 15:33:00,859 31615 DEBUG    [tempest.scenario.manager] TestNetworkBasicOps:test_update_instance_port_admin_state finishes ping 172.24.4.18 in 120 sec and the ping result is expected
2016-02-22 15:33:00,861 31615 INFO     [tempest_lib.common.ssh] Creating ssh connection to '172.24.4.18' as 'cirros' with public key authentication
2016-02-22 15:33:00,878 31615 WARNING  [tempest_lib.common.ssh] Failed to establish authenticated ssh connection to cirros@172.24.4.18 ([Errno None] Unable to connect to port 22 on  or 172.24.4.18). Number attempts: 1. Retry after 2 seconds.
2016-02-22 15:33:03,471 31615 INFO     [paramiko.transport] Connected (version 2.0, client dropbear_2012.55)
2016-02-22 15:33:03,755 31615 INFO     [paramiko.transport] Authentication (publickey) successful!
2016-02-22 15:33:03,782 31615 INFO     [tempest_lib.common.ssh] ssh connection to cirros@172.24.4.18 successfully created
2016-02-22 15:33:04,111 31615 INFO     [tempest_lib.common.rest_client] Request (TestNetworkBasicOps:test_update_instance_port_admin_state): 200 PUT http://10.4.1.3:9696/v2.0/ports/a39b2151-ceca-484c-b3cc-eb5137f579ce 0.213s
2016-02-22 15:33:04,112 31615 DEBUG    [tempest_lib.common.rest_client] Request - Headers: {'Content-Type': 'application/json', 'Accept': 'application/json', 'X-Auth-Token': '&lt;omitted&gt;'}
        Body: {"port": {"admin_state_up": false}}
    Response - Headers: {'status': '200', 'content-length': '750', 'connection': 'close', 'date': 'Mon, 22 Feb 2016 15:33:04 GMT', 'content-type': 'application/json; charset=UTF-8', 'x-openstack-request-id': 'req-74400a98-967f-4209-8b59-785ef9624d7a'}
        Body: {"port": {"status": "ACTIVE", "name": "", "allowed_address_pairs": [], "admin_state_up": false, "network_id": "dfac2655-776f-4a57-88cd-646ba884876e", "dns_name": "", "extra_dhcp_opts": [], "mac_address": "fa:16:3e:a7:38:1b", "dns_assignment": [{"hostname": "host-10-100-0-3", "ip_address": "10.100.0.3", "fqdn": "host-10-100-0-3.openstacklocal."}], "binding:vnic_type": "normal", "device_owner": "compute:None", "tenant_id": "0fd2cdec07fa4d18b03ed33215443320", "port_security_enabled": true, "fixed_ips": [{"subnet_id": "8b28ae7b-7f68-4db8-bf81-a43256690945", "ip_address": "10.100.0.3"}], "id": "a39b2151-ceca-484c-b3cc-eb5137f579ce", "security_groups": ["ce52babe-f008-483a-b22b-302024542124"], "device_id": "81606611-8e50-44b5-a2cf-4776b64e3c90"}}
2016-02-22 15:33:04,113 31615 DEBUG    [tempest.scenario.manager] checking network connections to IP 172.24.4.18 with user: cirros
2016-02-22 15:33:04,113 31615 DEBUG    [tempest.scenario.manager] TestNetworkBasicOps:test_update_instance_port_admin_state begins to ping 172.24.4.18 in 120 sec and the expected result is unreachable
2016-02-22 15:35:04,680 31615 DEBUG    [tempest.scenario.manager] TestNetworkBasicOps:test_update_instance_port_admin_state finishes ping 172.24.4.18 in 120 sec and the ping result is unexpected
2016-02-22 15:35:04,681 31615 ERROR    [tempest.scenario.manager] Public network connectivity check failed: after updating admin_state_up of instance port to False
2016-02-22 15:35:04.681 31615 ERROR tempest.scenario.manager Traceback (most recent call last):
2016-02-22 15:35:04.681 31615 ERROR tempest.scenario.manager   File "tempest/scenario/manager.py", line 598, in check_public_network_connectivity
2016-02-22 15:35:04.681 31615 ERROR tempest.scenario.manager     should_connect=should_connect)
2016-02-22 15:35:04.681 31615 ERROR tempest.scenario.manager   File "tempest/scenario/manager.py", line 582, in check_vm_connectivity
2016-02-22 15:35:04.681 31615 ERROR tempest.scenario.manager     msg=msg)
2016-02-22 15:35:04.681 31615 ERROR tempest.scenario.manager   File "/usr/local/lib/python2.7/dist-packages/unittest2/case.py", line 702, in assertTrue
2016-02-22 15:35:04.681 31615 ERROR tempest.scenario.manager     raise self.failureException(msg)
2016-02-22 15:35:04.681 31615 ERROR tempest.scenario.manager AssertionError: False is not true : ip address 172.24.4.18 is reachable
2016-02-22 15:35:04.681 31615 ERROR tempest.scenario.manager 
2016-02-22 15:35:04,894 31615 INFO     [tempest_lib.common.rest_client] Request (TestNetworkBasicOps:test_update_instance_port_admin_state): 200 POST http://10.4.1.3:8774/v2.1/0fd2cdec07fa4d18b03ed33215443320/servers/81606611-8e50-44b5-a2cf-4776b64e3c90/action 0.207s
2016-02-22 15:35:04,895 31615 DEBUG    [tempest_lib.common.rest_client] Request - Headers: {'Content-Type': 'application/json', 'Accept': 'application/json', 'X-Auth-Token': '&lt;omitted&gt;'}
        Body: {"os-getConsoleOutput": {}}
    Response - Headers: {'status': '200', 'content-length': '19835', 'x-compute-request-id': 'req-65a88ce1-d479-4bae-a689-610cb2d114a3', 'vary': 'X-OpenStack-Nova-API-Version', 'connection': 'close', 'x-openstack-nova-api-version': '2.1', 'date': 'Mon, 22 Feb 2016 15:35:04 GMT', 'content-type': 'application/json'}
        Body: {"output": "[    0.000000] Initializing cgroup subsys cpuset\n[    0.000000] Initializing cgroup subsys cpu\n[    0.000000] Linux version 3.2.0-80-virtual (buildd@batsu) (gcc version 4.6.3 (Ubuntu/Linaro 4.6.3-1ubuntu5) ) #116-Ubuntu SMP Mon Mar 23 17:28:52 UTC 2015 (Ubuntu 3.2.0-80.116-virtual 3.2.68)\n[    0.000000] Command line: root=/dev/vda console=tty0 console=ttyS0 no_timer_check\n[    0.000000] KERNEL supported cpus:\n[    0.000000]   Intel GenuineIntel\n[    0.000000]   AMD AuthenticAMD\n[    0.000000]   Centaur CentaurHauls\n[    0.000000] BIOS-provided physical RAM map:\n[    0.000000]  BIOS-e820: 0000000000000000 - 000000000009fc00 (usable)\n[    0.000000]  BIOS-e820: 000000000009fc00 - 00000000000a0000 (reserved)\n[    0.000000]  BIOS-e820: 00000000000f0000 - 0000000000100000 (reserved)\n[    0.000000]  BIOS-e820: 0000000000100000 - 0000000003ffe000 (usable)\n[    0.000000]  BIOS-e820: 0000000003ffe000 - 0000000004000000 (reserved)\n[    0.000000]  BIOS-e820: 00000000fffc0000 - 0000000100000000 (reserved)\n[    0.000000] NX (Execute Disable) protection: active\n[    0.000000] SMBIOS 2.4 present.\n[    0.000000] No AGP bridge found\n[    0.000000] last_pfn = 0x3ffe max_arch_pfn = 0x400000000\n[    0.000000] x86 PAT enabled: cpu 0, old 0x7040600070406, new 0x7010600070106\n[    0.000000] found SMP MP-table at [ffff8800000f0b00] f0b00\n[    0.000000] init_memory_mapping: 0000000000000000-0000000003ffe000\n[    0.000000] RAMDISK: 03c5e000 - 03ff0000\n[    0.000000] ACPI: RSDP 00000000000f0950 00014 (v00 BOCHS )\n[    0.000000] ACPI: RSDT 0000000003fffbc1 00034 (v01 BOCHS  BXPCRSDT 00000001 BXPC 00000001)\n[    0.000000] ACPI: FACP 0000000003fff1c0 00074 (v01 BOCHS  BXPCFACP 00000001 BXPC 00000001)\n[    0.000000] ACPI: DSDT 0000000003ffe040 01180 (v01 BOCHS  BXPCDSDT 00000001 BXPC 00000001)\n[    0.000000] ACPI: FACS 0000000003ffe000 00040\n[    0.000000] ACPI: SSDT 0000000003fff234 008DD (v01 BOCHS  BXPCSSDT 00000001 BXPC 00000001)\n[    0.000000] ACPI: APIC 0000000003fffb11 00078 (v01 BOCHS  BXPCAPIC 00000001 BXPC 00000001)\n[    0.000000] ACPI: HPET 0000000003fffb89 00038 (v01 BOCHS  BXPCHPET 00000001 BXPC 00000001)\n[    0.000000] No NUMA configuration found\n[    0.000000] Faking a node at 0000000000000000-0000000003ffe000\n[    0.000000] Initmem setup node 0 0000000000000000-0000000003ffe000\n[    0.000000]   NODE_DATA [0000000003ff6000 - 0000000003ffafff]\n[    0.000000] Zone PFN ranges:\n[    0.000000]   DMA      0x00000010 -&gt; 0x00001000\n[    0.000000]   DMA32    0x00001000 -&gt; 0x00100000\n[    0.000000]   Normal   empty\n[    0.000000] Movable zone start PFN for each node\n[    0.000000] early_node_map[2] active PFN ranges\n[    0.000000]     0: 0x00000010 -&gt; 0x0000009f\n[    0.000000]     0: 0x00000100 -&gt; 0x00003ffe\n[    0.000000] ACPI: PM-Timer IO Port: 0xb008\n[    0.000000] ACPI: LAPIC (acpi_id[0x00] lapic_id[0x00] enabled)\n[    0.000000] ACPI: LAPIC_NMI (acpi_id[0xff] dfl dfl lint[0x1])\n[    0.000000] ACPI: IOAPIC (id[0x00] address[0xfec00000] gsi_base[0])\n[    0.000000] IOAPIC[0]: apic_id 0, version 17, address 0xfec00000, GSI 0-23\n[    0.000000] ACPI: INT_SRC_OVR (bus 0 bus_irq 0 global_irq 2 dfl dfl)\n[    0.000000] ACPI: INT_SRC_OVR (bus 0 bus_irq 5 global_irq 5 high level)\n[    0.000000] ACPI: INT_SRC_OVR (bus 0 bus_irq 9 global_irq 9 high level)\n[    0.000000] ACPI: INT_SRC_OVR (bus 0 bus_irq 10 global_irq 10 high level)\n[    0.000000] ACPI: INT_SRC_OVR (bus 0 bus_irq 11 global_irq 11 high level)\n[    0.000000] Using ACPI (MADT) for SMP configuration information\n[    0.000000] ACPI: HPET id: 0x8086a201 base: 0xfed00000\n[    0.000000] SMP: Allowing 1 CPUs, 0 hotplug CPUs\n[    0.000000] PM: Registered nosave memory: 000000000009f000 - 00000000000a0000\n[    0.000000] PM: Registered nosave memory: 00000000000a0000 - 00000000000f0000\n[    0.000000] PM: Registered nosave memory: 00000000000f0000 - 0000000000100000\n[    0.000000] Allocating PCI resources starting at 4000000 (gap: 4000000:fbfc0000)\n[    0.000000] Booting paravirtualized kernel on bare hardware\n[    0.000000] setup_pe
2016-02-22 15:35:04,898 31615 DEBUG    [tempest.scenario.manager] Console output for 81606611-8e50-44b5-a2cf-4776b64e3c90
body=
[    0.000000] Initializing cgroup subsys cpuset
[    0.000000] Initializing cgroup subsys cpu
[    0.000000] Linux version 3.2.0-80-virtual (buildd@batsu) (gcc version 4.6.3 (Ubuntu/Linaro 4.6.3-1ubuntu5) ) #116-Ubuntu SMP Mon Mar 23 17:28:52 UTC 2015 (Ubuntu 3.2.0-80.116-virtual 3.2.68)
[    0.000000] Command line: root=/dev/vda console=tty0 console=ttyS0 no_timer_check
[    0.000000] KERNEL supported cpus:
[    0.000000]   Intel GenuineIntel
[    0.000000]   AMD AuthenticAMD
[    0.000000]   Centaur CentaurHauls
[    0.000000] BIOS-provided physical RAM map:
[    0.000000]  BIOS-e820: 0000000000000000 - 000000000009fc00 (usable)
[    0.000000]  BIOS-e820: 000000000009fc00 - 00000000000a0000 (reserved)
[    0.000000]  BIOS-e820: 00000000000f0000 - 0000000000100000 (reserved)
[    0.000000]  BIOS-e820: 0000000000100000 - 0000000003ffe000 (usable)
[    0.000000]  BIOS-e820: 0000000003ffe000 - 0000000004000000 (reserved)
[    0.000000]  BIOS-e820: 00000000fffc0000 - 0000000100000000 (reserved)
[    0.000000] NX (Execute Disable) protection: active
[    0.000000] SMBIOS 2.4 present.
[    0.000000] No AGP bridge found
[    0.000000] last_pfn = 0x3ffe max_arch_pfn = 0x400000000
[    0.000000] x86 PAT enabled: cpu 0, old 0x7040600070406, new 0x7010600070106
[    0.000000] found SMP MP-table at [ffff8800000f0b00] f0b00
[    0.000000] init_memory_mapping: 0000000000000000-0000000003ffe000
[    0.000000] RAMDISK: 03c5e000 - 03ff0000
[    0.000000] ACPI: RSDP 00000000000f0950 00014 (v00 BOCHS )
[    0.000000] ACPI: RSDT 0000000003fffbc1 00034 (v01 BOCHS  BXPCRSDT 00000001 BXPC 00000001)
[    0.000000] ACPI: FACP 0000000003fff1c0 00074 (v01 BOCHS  BXPCFACP 00000001 BXPC 00000001)
[    0.000000] ACPI: DSDT 0000000003ffe040 01180 (v01 BOCHS  BXPCDSDT 00000001 BXPC 00000001)
[    0.000000] ACPI: FACS 0000000003ffe000 00040
[    0.000000] ACPI: SSDT 0000000003fff234 008DD (v01 BOCHS  BXPCSSDT 00000001 BXPC 00000001)
[    0.000000] ACPI: APIC 0000000003fffb11 00078 (v01 BOCHS  BXPCAPIC 00000001 BXPC 00000001)
[    0.000000] ACPI: HPET 0000000003fffb89 00038 (v01 BOCHS  BXPCHPET 00000001 BXPC 00000001)
[    0.000000] No NUMA configuration found
[    0.000000] Faking a node at 0000000000000000-0000000003ffe000
[    0.000000] Initmem setup node 0 0000000000000000-0000000003ffe000
[    0.000000]   NODE_DATA [0000000003ff6000 - 0000000003ffafff]
[    0.000000] Zone PFN ranges:
[    0.000000]   DMA      0x00000010 -&gt; 0x00001000
[    0.000000]   DMA32    0x00001000 -&gt; 0x00100000
[    0.000000]   Normal   empty
[    0.000000] Movable zone start PFN for each node
[    0.000000] early_node_map[2] active PFN ranges
[    0.000000]     0: 0x00000010 -&gt; 0x0000009f
[    0.000000]     0: 0x00000100 -&gt; 0x00003ffe
[    0.000000] ACPI: PM-Timer IO Port: 0xb008
[    0.000000] ACPI: LAPIC (acpi_id[0x00] lapic_id[0x00] enabled)
[    0.000000] ACPI: LAPIC_NMI (acpi_id[0xff] dfl dfl lint[0x1])
[    0.000000] ACPI: IOAPIC (id[0x00] address[0xfec00000] gsi_base[0])
[    0.000000] IOAPIC[0]: apic_id 0, version 17, address 0xfec00000, GSI 0-23
[    0.000000] ACPI: INT_SRC_OVR (bus 0 bus_irq 0 global_irq 2 dfl dfl)
[    0.000000] ACPI: INT_SRC_OVR (bus 0 bus_irq 5 global_irq 5 high level)
[    0.000000] ACPI: INT_SRC_OVR (bus 0 bus_irq 9 global_irq 9 high level)
[    0.000000] ACPI: INT_SRC_OVR (bus 0 bus_irq 10 global_irq 10 high level)
[    0.000000] ACPI: INT_SRC_OVR (bus 0 bus_irq 11 global_irq 11 high level)
[    0.000000] Using ACPI (MADT) for SMP configuration information
[    0.000000] ACPI: HPET id: 0x8086a201 base: 0xfed00000
[    0.000000] SMP: Allowing 1 CPUs, 0 hotplug CPUs
[    0.000000] PM: Registered nosave memory: 000000000009f000 - 00000000000a0000
[    0.000000] PM: Registered nosave memory: 00000000000a0000 - 00000000000f0000
[    0.000000] PM: Registered nosave memory: 00000000000f0000 - 0000000000100000
[    0.000000] Allocating PCI resources starting at 4000000 (gap: 4000000:fbfc0000)
[    0.000000] Booting paravirtualized kernel on bare hardware
[    0.000000] setup_percpu: NR_CPUS:64 nr_cpumask_bits:64 nr_cpu_ids:1 nr_node_ids:1
[    0.000000] PERCPU: Embedded 27 pages/cpu @ffff880003a00000 s78848 r8192 d23552 u2097152
[    0.000000] Built 1 zonelists in Node order, mobility grouping on.  Total pages: 16008
[    0.000000] Policy zone: DMA32
[    0.000000] Kernel command line: root=/dev/vda console=tty0 console=ttyS0 no_timer_check
[    0.000000] PID hash table entries: 256 (order: -1, 2048 bytes)
[    0.000000] Checking aperture...
[    0.000000] No AGP bridge found
[    0.000000] Memory: 43492k/65528k available (6576k kernel code, 452k absent, 21584k reserved, 6620k data, 928k init)
[    0.000000] SLUB: Genslabs=15, HWalign=64, Order=0-3, MinObjects=0, CPUs=1, Nodes=1
[    0.000000] Hierarchical RCU implementation.
[    0.000000] 	RCU dyntick-idle grace-period acceleration is enabled.
[    0.000000] NR_IRQS:4352 nr_irqs:256 16
[    0.000000] Console: colour VGA+ 80x25
[    0.000000] console [tty0] enabled
[    0.000000] console [ttyS0] enabled
[    0.000000] allocated 1048576 bytes of page_cgroup
[    0.000000] please try 'cgroup_disable=memory' option if you don't want memory cgroups
[    0.000000] Fast TSC calibration failed
[    0.000000] TSC: Unable to calibrate against PIT
[    0.000000] TSC: using HPET reference calibration
[    0.000000] Detected 2294.940 MHz processor.
[    0.032866] Calibrating delay loop (skipped), value calculated using timer frequency.. 4589.88 BogoMIPS (lpj=9179760)
[    0.036838] pid_max: default: 32768 minimum: 301
[    0.045534] Security Framework initialized
[    0.052118] AppArmor: AppArmor initialized
[    0.052775] Yama: becoming mindful.
[    0.059346] Dentry cache hash table entries: 8192 (order: 4, 65536 bytes)
[    0.060645] Inode-cache hash table entries: 4096 (order: 3, 32768 bytes)
[    0.062166] Mount-cache hash table entries: 256
[    0.084215] Initializing cgroup subsys cpuacct
[    0.085221] Initializing cgroup subsys memory
[    0.086576] Initializing cgroup subsys devices
[    0.087338] Initializing cgroup subsys freezer
[    0.088154] Initializing cgroup subsys blkio
[    0.089186] Initializing cgroup subsys perf_event
[    0.094493] mce: CPU supports 10 MCE banks
[    0.098460] SMP alternatives: switching to UP code
[    0.452574] Freeing SMP alternatives: 24k freed
[    0.454484] ACPI: Core revision 20110623
[    0.496496] ftrace: allocating 26610 entries in 105 pages
[    0.529607] ..TIMER: vector=0x30 apic1=0 pin1=2 apic2=-1 pin2=-1
[    0.531035] CPU0: AMD QEMU Virtual CPU version 2.0.0 stepping 03
[    0.536032] Performance Events: Broken PMU hardware detected, using software events only.
[    0.548450] NMI watchdog disabled (cpu0): hardware events not enabled
[    0.550928] Brought up 1 CPUs
[    0.552230] Total of 1 processors activated (4589.88 BogoMIPS).
[    0.579304] devtmpfs: initialized
[    0.609319] EVM: security.selinux
[    0.609961] EVM: security.SMACK64
[    0.610399] EVM: security.capability
[    0.630484] print_constraints: dummy: 
[    0.633047] RTC time: 15:32:43, date: 02/22/16
[    0.635362] NET: Registered protocol family 16
[    0.644375] ACPI: bus type pci registered
[    0.648633] PCI: Using configuration type 1 for base access
[    0.680563] bio: create slab &lt;bio-0&gt; at 0
[    0.685253] ACPI: Added _OSI(Module Device)
[    0.685842] ACPI: Added _OSI(Processor Device)
[    0.686411] ACPI: Added _OSI(3.0 _SCP Extensions)
[    0.687030] ACPI: Added _OSI(Processor Aggregator Device)
[    0.764544] ACPI: Interpreter enabled
[    0.765386] ACPI: (supports S0 S3 S4 S5)
[    0.767071] ACPI: Using IOAPIC for interrupt routing
[    0.834028] ACPI: No dock devices found.
[    0.834720] HEST: Table not found.
[    0.836170] PCI: Using host bridge windows from ACPI; if necessary, use "pci=nocrs" and report a bug
[    0.842626] ACPI: PCI Root Bridge [PCI0] (domain 0000 [bus 00-ff])
[    0.849409] pci_root PNP0A03:00: host bridge window [io  0x0000-0x0cf7]
[    0.850331] pci_root PNP0A03:00: host bridge window [io  0x0d00-0xadff]
[    0.851243] pci_root PNP0A03:00: host bridge window [io  0xae0f-0xaeff]
[    0.852124] pci_root PNP0A03:00: host bridge window [io  0xaf20-0xafdf]
[    0.853001] pci_root PNP0A03:00: host bridge window [io  0xafe4-0xffff]
[    0.853882] pci_root PNP0A03:00: host bridge window [mem 0x000a0000-0x000bffff]
[    0.856106] pci_root PNP0A03:00: host bridge window [mem 0x04000000-0xfebfffff]
[    0.881678] pci 0000:00:01.3: quirk: [io  0xb000-0xb03f] claimed by PIIX4 ACPI
[    0.882684] pci 0000:00:01.3: quirk: [io  0xb100-0xb10f] claimed by PIIX4 SMB
[    0.948058]  pci0000:00: Unable to request _OSC control (_OSC support mask: 0x1e)
[    1.022366] ACPI: PCI Interrupt Link [LNKA] (IRQs 5 *10 11)
[    1.025411] ACPI: PCI Interrupt Link [LNKB] (IRQs 5 *10 11)
[    1.027717] ACPI: PCI Interrupt Link [LNKC] (IRQs 5 10 *11)
[    1.029663] ACPI: PCI Interrupt Link [LNKD] (IRQs 5 10 *11)
[    1.032904] ACPI: PCI Interrupt Link [LNKS] (IRQs *9)
[    1.040064] vgaarb: device added: PCI:0000:00:02.0,decodes=io+mem,owns=io+mem,locks=none
[    1.040190] vgaarb: loaded
[    1.040593] vgaarb: bridge control possible 0000:00:02.0
[    1.045688] i2c-core: driver [aat2870] using legacy suspend method
[    1.046408] i2c-core: driver [aat2870] using legacy resume method
[    1.049593] SCSI subsystem initialized
[    1.053568] usbcore: registered new interface driver usbfs
[    1.054831] usbcore: registered new interface driver hub
[    1.056864] usbcore: registered new device driver usb
[    1.061026] PCI: Using ACPI for IRQ routing
[    1.072556] NetLabel: Initializing
[    1.073041] NetLabel:  domain hash size = 128
[    1.073564] NetLabel:  protocols = UNLABELED CIPSOv4
[    1.076646] NetLabel:  unlabeled traffic allowed by default
[    1.078570] HPET: 3 timers in total, 0 timers will be used for per-cpu timer
[    1.079644] hpet0: at MMIO 0xfed00000, IRQs 2, 8, 0
[    1.080585] hpet0: 3 comparators, 64-bit 100.000000 MHz counter
[    1.093482] Switching to clocksource hpet
[    1.307953] AppArmor: AppArmor Filesystem Enabled
[    1.310223] pnp: PnP ACPI init
[    1.310839] ACPI: bus type pnp registered
[    1.331125] pnp: PnP ACPI: found 9 devices
[    1.331763] ACPI: ACPI bus type pnp unregistered
[    1.387808] NET: Registered protocol family 2
[    1.423265] IP route cache hash table entries: 512 (order: 0, 4096 bytes)
[    1.431217] TCP established hash table entries: 2048 (order: 3, 32768 bytes)
[    1.433583] TCP bind hash table entries: 2048 (order: 3, 32768 bytes)
[    1.434637] TCP: Hash tables configured (established 2048 bind 2048)
[    1.435416] TCP reno registered
[    1.435921] UDP hash table entries: 128 (order: 0, 4096 bytes)
[    1.437468] UDP-Lite hash table entries: 128 (order: 0, 4096 bytes)
[    1.440037] NET: Registered protocol family 1
[    1.441526] pci 0000:00:00.0: Limiting direct PCI/PCI transfers
[    1.442301] pci 0000:00:01.0: PIIX3: Enabling Passive Release
[    1.442929] pci 0000:00:01.0: Activating ISA DMA hang workarounds
[    1.448046] ACPI: PCI Interrupt Link [LNKD] enabled at IRQ 11
[    1.450107] pci 0000:00:01.2: PCI INT D -&gt; Link[LNKD] -&gt; GSI 11 (level, high) -&gt; IRQ 11
[    1.454833] pci 0000:00:01.2: PCI INT D disabled
[    1.483709] Trying to unpack rootfs image as initramfs...
[    1.519132] audit: initializing netlink socket (disabled)
[    1.522322] type=2000 audit(1456155163.516:1): initialized
[    1.816144] HugeTLB registered 2 MB page size, pre-allocated 0 pages
[    1.892945] VFS: Disk quotas dquot_6.5.2
[    1.894285] Dquot-cache hash table entries: 512 (order 0, 4096 bytes)
[    1.909518] fuse init (API version 7.17)
[    1.926678] msgmni has been set to 84
[    1.962909] Block layer SCSI generic (bsg) driver version 0.4 loaded (major 253)
[    1.970097] io scheduler noop registered
[    1.970669] io scheduler deadline registered (default)
[    1.971948] io scheduler cfq registered
[    1.977335] pci_hotplug: PCI Hot Plug PCI Core version: 0.5
[    1.979356] pciehp: PCI Express Hot Plug Controller Driver version: 0.4
[    1.986508] input: Power Button as /devices/LNXSYSTM:00/LNXPWRBN:00/input/input0
[    1.989679] ACPI: Power Button [PWRF]
[    2.043461] ERST: Table is not found!
[    2.044006] GHES: HEST is not enabled!
[    2.058268] ACPI: PCI Interrupt Link [LNKC] enabled at IRQ 10
[    2.059234] virtio-pci 0000:00:03.0: PCI INT A -&gt; Link[LNKC] -&gt; GSI 10 (level, high) -&gt; IRQ 10
[    2.063310] virtio-pci 0000:00:04.0: PCI INT A -&gt; Link[LNKD] -&gt; GSI 11 (level, high) -&gt; IRQ 11
[    2.078787] ACPI: PCI Interrupt Link [LNKA] enabled at IRQ 10
[    2.079440] virtio-pci 0000:00:05.0: PCI INT A -&gt; Link[LNKA] -&gt; GSI 10 (level, high) -&gt; IRQ 10
[    2.090566] Serial: 8250/16550 driver, 32 ports, IRQ sharing enabled
[    2.137439] serial8250: ttyS0 at I/O 0x3f8 (irq = 4) is a 16550A
[    2.228941] serial8250: ttyS1 at I/O 0x2f8 (irq = 3) is a 16550A
[    2.364512] 00:05: ttyS0 at I/O 0x3f8 (irq = 4) is a 16550A
[    2.441971] 00:06: ttyS1 at I/O 0x2f8 (irq = 3) is a 16550A
[    2.466400] Refined TSC clocksource calibration: 2294.911 MHz.
[    2.468923] Switching to clocksource tsc
[    2.505769] Linux agpgart interface v0.103
[    2.567765] brd: module loaded
[    2.593584] loop: module loaded
[    2.646237]  vda: unknown partition table
[    2.697213] scsi0 : ata_piix
[    2.707450] scsi1 : ata_piix
[    2.710948] ata1: PATA max MWDMA2 cmd 0x1f0 ctl 0x3f6 bmdma 0xc0a0 irq 14
[    2.711835] ata2: PATA max MWDMA2 cmd 0x170 ctl 0x376 bmdma 0xc0a8 irq 15
[    2.725381] Fixed MDIO Bus: probed
[    2.726108] tun: Universal TUN/TAP device driver, 1.6
[    2.726736] tun: (C) 1999-2004 Max Krasnyansky &lt;maxk@qualcomm.com&gt;
[    2.739692] PPP generic driver version 2.4.2
[    2.764461] ehci_hcd: USB 2.0 'Enhanced' Host Controller (EHCI) Driver
[    2.766258] ohci_hcd: USB 1.1 'Open' Host Controller (OHCI) Driver
[    2.767303] uhci_hcd: USB Universal Host Controller Interface driver
[    2.769123] uhci_hcd 0000:00:01.2: PCI INT D -&gt; Link[LNKD] -&gt; GSI 11 (level, high) -&gt; IRQ 11
[    2.771710] uhci_hcd 0000:00:01.2: UHCI Host Controller
[    2.790358] uhci_hcd 0000:00:01.2: new USB bus registered, assigned bus number 1
[    2.793601] uhci_hcd 0000:00:01.2: irq 11, io base 0x0000c040
[    2.830630] hub 1-0:1.0: USB hub found
[    2.833268] hub 1-0:1.0: 2 ports detected
[    2.842825] usbcore: registered new interface driver libusual
[    2.846551] i8042: PNP: PS/2 Controller [PNP0303:KBD,PNP0f13:MOU] at 0x60,0x64 irq 1,12
[    2.855845] serio: i8042 KBD port at 0x60,0x64 irq 1
[    2.858650] serio: i8042 AUX port at 0x60,0x64 irq 12
[    2.902756] mousedev: PS/2 mouse device common for all mice
[    2.913378] input: AT Translated Set 2 keyboard as /devices/platform/i8042/serio0/input/input1
[    2.932862] rtc_cmos 00:01: RTC can wake from S4
[    2.950853] rtc_cmos 00:01: rtc core: registered rtc_cmos as rtc0
[    2.955041] rtc0: alarms up to one day, 114 bytes nvram, hpet irqs
[    2.959256] device-mapper: uevent: version 1.0.3
[    2.977584] ata2.01: ATAPI: QEMU DVD-ROM, 2.0.0, max UDMA/100
[    2.992948] ata2.01: configured for MWDMA2
[    2.997869] device-mapper: ioctl: 4.22.0-ioctl (2011-10-19) initialised: dm-devel@redhat.com
[    3.003659] cpuidle: using governor ladder
[    3.005653] cpuidle: using governor menu
[    3.007123] EFI Variables Facility v0.08 2004-May-17
[    3.021741] TCP cubic registered
[    3.026209] NET: Registered protocol family 10
[    3.053539] NET: Registered protocol family 17
[    3.055536] Registering the dns_resolver key type
[    3.099228] scsi 1:0:1:0: CD-ROM            QEMU     QEMU DVD-ROM     2.0. PQ: 0 ANSI: 5
[    3.123464] sr0: scsi3-mmc drive: 4x/4x cd/rw xa/form2 tray
[    3.125194] cdrom: Uniform CD-ROM driver Revision: 3.20
[    3.139809] sr 1:0:1:0: Attached scsi generic sg0 type 5
[    3.195704] Freeing initrd memory: 3656k freed
[    3.213188] registered taskstats version 1
[    3.666221]   Magic number: 4:696:538
[    3.675080] tty ttyS18: hash matches
[    3.679071] rtc_cmos 00:01: setting system clock to 2016-02-22 15:32:46 UTC (1456155166)
[    3.682119] powernow-k8: Processor cpuid 663 not supported
[    3.688018] BIOS EDD facility v0.16 2004-Jun-25, 0 devices found
[    3.690572] EDD information not available.
[    3.754812] Freeing unused kernel memory: 928k freed
[    3.766223] Write protecting the kernel read-only data: 12288k
[    3.895210] Freeing unused kernel memory: 1596k freed
[    3.955175] Freeing unused kernel memory: 1184k freed

info: initramfs: up at 4.15
modprobe: module virtio_blk not found in modules.dep
modprobe: module virtio_net not found in modules.dep
info: copying initramfs to /dev/vda
info: initramfs loading root from /dev/vda
info: /etc/init.d/rc.sysinit: up at 8.56
info: container: none
Starting logging: OK
modprobe: module virtio_blk not found in modules.dep
modprobe: module virtio_net not found in modules.dep
WARN: /etc/rc3.d/S10-load-modules failed
Initializing random number generator... done.
Starting acpid: OK
cirros-ds 'local' up at 10.99
found datasource (configdrive, local)
Starting network...
udhcpc (v1.20.1) started
Sending discover...
Sending select for 10.100.0.3...
Lease of 10.100.0.3 obtained, lease time 86400
route: SIOCADDRT: File exists
WARN: failed: route add -net "0.0.0.0/0" gw "10.100.0.1"
Starting dropbear sshd: generating rsa key... generating dsa key... OK
no userdata for datasource
=== system information ===
Platform: OpenStack Foundation OpenStack Nova
Container: none
Arch: x86_64
CPU(s): 1 @ 2294.940 MHz
Cores/Sockets/Threads: 1/1/1
Virt-type: AMD-V
RAM Size: 49MB
Disks:
NAME MAJ:MIN     SIZE LABEL         MOUNTPOINT
vda  253:0   25165824 cirros-rootfs /
sr0   11:0     428032 config-2      
=== sshd host keys ===
-----BEGIN SSH HOST KEY KEYS-----
ssh-rsa AAAAB3NzaC1yc2EAAAADAQABAAAAgwCGWZoACvVH8Lvul8GbUZeYDyoSw0AsbIzBHscd0uzSQ/onH+0vzF1vX8XJ6NkyS0Qb1tBFtfwiL6DIhTQ+ks2DapxFZ1go3TfGgn7ROMkjtyPp8u/HhOuei/WxMU1IYuQcUlUOI5B08ipPBbsm5FBoie7N+DqL1cbCtRy4dBgk8H7b root@tempest-server-smoke-1649546220
ssh-dss AAAAB3NzaC1kc3MAAACBAN/bbbyD8RE6sXKCW691to97dhWQaIgVQYzNswPFr74k00jfZv0mPle9PYqaBMgtyFw2yNVsFJVmjwDqI+KLbFHaubaNBlJiOKqUV7+hmlVoqh6hX2lwhI6QRx/ASIcnRQQxe//OwOTeZtUT3WWD2pCKbYNKycWMfS6qMF+iRykFAAAAFQD9uRertYA81ema9rNUXVROrYVLDwAAAIB9cYSl7NUpkmkxn69Wt4K4TZSNyyehbJSKeR4s3AwQB3uj2fQpxrvy20WVx5F0zEmMunFh0CX3cOITlFjOhJwxgxU0mD0Sk+D03rL+snxagQZByWOq4UyBxLyT3Z4AEsl0DmCAVQ8HKhzfDmgwxaWVWLSHL+UK6ZrI8m6eRUQSPgAAAIBg+IQIwvFsCd9RiNr9JCNqteqNb1F75uelhGBzBBTui6mgbHav3Ho2RjMI4OJOBeBA/pE9HLBYg3Y7G9ZOmjCgsqyOw2myt7qvdaDGs5KnFRLbxjYbT4L7CwJvNK/e8IHuXHo2RNKyj+2yJPnBUQgGP4mYZYsK5pMl7wX4eQAfow== root@tempest-server-smoke-1649546220
-----END SSH HOST KEY KEYS-----
=== network info ===
if-info: lo,up,127.0.0.1,8,::1
if-info: eth0,up,10.100.0.3,28,fe80::f816:3eff:fea7:381b
ip-route:default via 10.100.0.1 dev eth0 
ip-route:10.100.0.0/28 dev eth0  src 10.100.0.3 
ip-route:169.254.169.254 via 10.100.0.1 dev eth0 
=== datasource: configdrive local ===
instance-id: 81606611-8e50-44b5-a2cf-4776b64e3c90
name: tempest-server-smoke-1649546220
availability-zone: nova
local-hostname: tempest-server-smoke-1649546220.novalocal
launch-index: 0
=== cirros: current=0.3.4 uptime=21.11 ===
  ____               ____  ____
 / __/ __ ____ ____ / __ \/ __/
/ /__ / // __// __// /_/ /\ \ 
\___//_//_/  /_/   \____/___/ 
   http://cirros-cloud.net


login as 'cirros' user. default password: 'cubswin:)'. use 'sudo' for root.
tempest-server-smoke-1649546220 login: 
2016-02-22 15:35:05,218 31615 INFO     [tempest_lib.common.rest_client] Request (TestNetworkBasicOps:_run_cleanups): 204 DELETE http://10.4.1.3:9696/v2.0/floatingips/a587a5c5-0bb4-47ad-9280-cc1330ab4aa7 0.314s
2016-02-22 15:35:05,218 31615 DEBUG    [tempest_lib.common.rest_client] Request - Headers: {'Content-Type': 'application/json', 'Accept': 'application/json', 'X-Auth-Token': '&lt;omitted&gt;'}
        Body: None
    Response - Headers: {'date': 'Mon, 22 Feb 2016 15:35:05 GMT', 'status': '204', 'connection': 'close', 'content-length': '0', 'x-openstack-request-id': 'req-f92f5e0c-ae76-41f7-8fd0-cae131d9326b'}
        Body: 
2016-02-22 15:35:05,596 31615 INFO     [tempest_lib.common.rest_client] Request (TestNetworkBasicOps:_run_cleanups): 204 DELETE http://10.4.1.3:8774/v2.1/0fd2cdec07fa4d18b03ed33215443320/servers/81606611-8e50-44b5-a2cf-4776b64e3c90 0.377s
2016-02-22 15:35:05,596 31615 DEBUG    [tempest_lib.common.rest_client] Request - Headers: {'Content-Type': 'application/json', 'Accept': 'application/json', 'X-Auth-Token': '&lt;omitted&gt;'}
        Body: None
    Response - Headers: {'status': '204', 'content-length': '0', 'x-compute-request-id': 'req-6529a834-a780-436c-986d-a3c538c5c25e', 'vary': 'X-OpenStack-Nova-API-Version', 'connection': 'close', 'x-openstack-nova-api-version': '2.1', 'date': 'Mon, 22 Feb 2016 15:35:05 GMT', 'content-type': 'application/json'}
        Body: 
2016-02-22 15:35:05,779 31615 INFO     [tempest_lib.common.rest_client] Request (TestNetworkBasicOps:_run_cleanups): 200 GET http://10.4.1.3:8774/v2.1/0fd2cdec07fa4d18b03ed33215443320/servers/81606611-8e50-44b5-a2cf-4776b64e3c90 0.181s
2016-02-22 15:35:05,779 31615 DEBUG    [tempest_lib.common.rest_client] Request - Headers: {'Content-Type': 'application/json', 'Accept': 'application/json', 'X-Auth-Token': '&lt;omitted&gt;'}
        Body: None
    Response - Headers: {'status': '200', 'content-length': '1761', 'content-location': 'http://10.4.1.3:8774/v2.1/0fd2cdec07fa4d18b03ed33215443320/servers/81606611-8e50-44b5-a2cf-4776b64e3c90', 'x-compute-request-id': 'req-89740edb-b8c1-4005-8d87-426d2aa2d532', 'vary': 'X-OpenStack-Nova-API-Version', 'connection': 'close', 'x-openstack-nova-api-version': '2.1', 'date': 'Mon, 22 Feb 2016 15:35:05 GMT', 'content-type': 'application/json'}
        Body: {"server": {"status": "ACTIVE", "updated": "2016-02-22T15:35:05Z", "hostId": "29637bda1280888cc404469ab4ec95890f2e0e57e446d039129fbfd6", "addresses": {"tempest-network-smoke--93797527": [{"OS-EXT-IPS-MAC:mac_addr": "fa:16:3e:a7:38:1b", "version": 4, "addr": "10.100.0.3", "OS-EXT-IPS:type": "fixed"}, {"OS-EXT-IPS-MAC:mac_addr": "fa:16:3e:a7:38:1b", "version": 4, "addr": "172.24.4.18", "OS-EXT-IPS:type": "floating"}]}, "links": [{"href": "http://10.4.1.3:8774/v2.1/0fd2cdec07fa4d18b03ed33215443320/servers/81606611-8e50-44b5-a2cf-4776b64e3c90", "rel": "self"}, {"href": "http://10.4.1.3:8774/0fd2cdec07fa4d18b03ed33215443320/servers/81606611-8e50-44b5-a2cf-4776b64e3c90", "rel": "bookmark"}], "key_name": "tempest-TestNetworkBasicOps-2057144286", "image": {"id": "0336623a-a4df-43fe-98bf-adc2e7e40bda", "links": [{"href": "http://10.4.1.3:8774/0fd2cdec07fa4d18b03ed33215443320/images/0336623a-a4df-43fe-98bf-adc2e7e40bda", "rel": "bookmark"}]}, "OS-EXT-STS:task_state": "deleting", "OS-EXT-STS:vm_state": "active", "OS-SRV-USG:launched_at": "2016-02-22T15:32:39.000000", "flavor": {"id": "42", "links": [{"href": "http://10.4.1.3:8774/0fd2cdec07fa4d18b03ed33215443320/flavors/42", "rel": "bookmark"}]}, "id": "81606611-8e50-44b5-a2cf-4776b64e3c90", "security_groups": [{"name": "tempest-secgroup-smoke-1003571469"}], "OS-SRV-USG:terminated_at": null, "OS-EXT-AZ:availability_zone": "nova", "user_id": "666dc84580f74ac7ba0cba7d065baf7b", "name": "tempest-server-smoke-1649546220", "created": "2016-02-22T15:32:37Z", "tenant_id": "0fd2cdec07fa4d18b03ed33215443320", "OS-DCF:diskConfig": "MANUAL", "os-extended-volumes:volumes_attached": [], "accessIPv4": "", "accessIPv6": "", "progress": 0, "OS-EXT-STS:power_state": 1, "config_drive": "True", "metadata": {}}}
2016-02-22 15:35:06,934 31615 INFO     [tempest_lib.common.rest_client] Request (TestNetworkBasicOps:_run_cleanups): 200 GET http://10.4.1.3:8774/v2.1/0fd2cdec07fa4d18b03ed33215443320/servers/81606611-8e50-44b5-a2cf-4776b64e3c90 0.142s
2016-02-22 15:35:06,935 31615 DEBUG    [tempest_lib.common.rest_client] Request - Headers: {'Content-Type': 'application/json', 'Accept': 'application/json', 'X-Auth-Token': '&lt;omitted&gt;'}
        Body: None
