<?xml version="1.0" encoding="UTF-8"?>
<!DOCTYPE html PUBLIC "-//W3C//DTD XHTML 1.0 Strict//EN"
     "http://www.w3.org/TR/xhtml1/DTD/xhtml1-strict.dtd">
<html xmlns="http://www.w3.org/1999/xhtml">
<head>
    <title>Unit Test Report</title>
    <meta name="generator" content="subunit2html 0.1"/>
    <meta http-equiv="Content-Type" content="text/html; charset=UTF-8"/>
    
<style type="text/css" media="screen">
body        { font-family: verdana, arial, helvetica, sans-serif;
    font-size: 80%; }
table       { font-size: 100%; width: 100%;}
pre         { font-size: 80%; }

/* -- heading -------------------------------------------------------------- */
h1 {
        font-size: 16pt;
        color: gray;
}
.heading {
    margin-top: 0ex;
    margin-bottom: 1ex;
}

.heading .attribute {
    margin-top: 1ex;
    margin-bottom: 0;
}

.heading .description {
    margin-top: 4ex;
    margin-bottom: 6ex;
}

/* -- css div popup -------------------------------------------------------- */
a.popup_link {
}

a.popup_link:hover {
    color: red;
}

.popup_window {
    display: none;
    overflow-x: scroll;
    /*border: solid #627173 1px; */
    padding: 10px;
    background-color: #E6E6D6;
    font-family: "Ubuntu Mono", "Lucida Console", "Courier New", monospace;
    text-align: left;
    font-size: 8pt;
}

}
/* -- report --------------------------------------------------------------- */
#show_detail_line {
    margin-top: 3ex;
    margin-bottom: 1ex;
}
#result_table {
    width: 100%;
    border-collapse: collapse;
    border: 1px solid #777;
}
#header_row {
    font-weight: bold;
    color: white;
    background-color: #777;
}
#result_table td {
    border: 1px solid #777;
    padding: 2px;
}
#total_row  { font-weight: bold; }
.passClass  { background-color: #6c6; }
.failClass  { background-color: #c60; }
.errorClass { background-color: #c00; }
.passCase   { color: #6c6; }
.failCase   { color: #c60; font-weight: bold; }
.errorCase  { color: #c00; font-weight: bold; }
.hiddenRow  { display: none; }
.testcase   { margin-left: 2em; }
td.testname {width: 40%}
td.small {width: 40px}

/* -- ending --------------------------------------------------------------- */
#ending {
}

</style>

</head>
<body>
<script language="javascript" type="text/javascript"><!--
output_list = Array();

/* level - 0:Summary; 1:Failed; 2:All */
function showCase(level) {
    trs = document.getElementsByTagName("tr");
    for (var i = 0; i < trs.length; i++) {
        tr = trs[i];
        id = tr.id;
        if (id.substr(0,2) == 'ft') {
            if (level < 1) {
                tr.className = 'hiddenRow';
            }
            else {
                tr.className = '';
            }
        }
        if (id.substr(0,2) == 'pt') {
            if (level > 1) {
                tr.className = '';
            }
            else {
                tr.className = 'hiddenRow';
            }
        }
    }
}


function showClassDetail(cid, count) {
    var id_list = Array(count);
    var toHide = 1;
    for (var i = 0; i < count; i++) {
        tid0 = 't' + cid.substr(1) + '.' + (i+1);
        tid = 'f' + tid0;
        tr = document.getElementById(tid);
        if (!tr) {
            tid = 'p' + tid0;
            tr = document.getElementById(tid);
        }
        id_list[i] = tid;
        if (tr.className) {
            toHide = 0;
        }
    }
    for (var i = 0; i < count; i++) {
        tid = id_list[i];
        if (toHide) {
            document.getElementById('div_'+tid).style.display = 'none'
            document.getElementById(tid).className = 'hiddenRow';
        }
        else {
            document.getElementById(tid).className = '';
        }
    }
}


function showTestDetail(div_id){
    var details_div = document.getElementById(div_id)
    var displayState = details_div.style.display
    // alert(displayState)
    if (displayState != 'block' ) {
        displayState = 'block'
        details_div.style.display = 'block'
    }
    else {
        details_div.style.display = 'none'
    }
}


function html_escape(s) {
    s = s.replace(/&/g,'&amp;');
    s = s.replace(/</g,'&lt;');
    s = s.replace(/>/g,'&gt;');
    return s;
}

/* obsoleted by detail in <div>
function showOutput(id, name) {
    var w = window.open("", //url
                    name,
                    "resizable,scrollbars,status,width=800,height=450");
    d = w.document;
    d.write("<pre>");
    d.write(html_escape(output_list[id]));
    d.write("\n");
    d.write("<a href='javascript:window.close()'>close</a>\n");
    d.write("</pre>\n");
    d.close();
}
*/
--></script>

<div class='heading'>
<h1>Unit Test Report</h1>

<p class='attribute'><strong>Status:</strong> Pass 8 Failure 1</p>

<p class='description'></p>
</div>



<p id='show_detail_line'>Show
<a href='javascript:showCase(0)'>Summary</a>
<a href='javascript:showCase(1)'>Failed</a>
<a href='javascript:showCase(2)'>All</a>
</p>
<table id='result_table'>
<colgroup>
<col align='left' />
<col align='right' />
<col align='right' />
<col align='right' />
<col align='right' />
<col align='right' />
<col align='right' />
<col align='right' />
</colgroup>
<tr id='header_row'>
    <td>Test Group/Test case</td>
    <td>Count</td>
    <td>Pass</td>
    <td>Fail</td>
    <td>Error</td>
    <td>Skip</td>
    <td>View</td>
    <td> </td>
</tr>

<tr class='failClass'>
    <td class="testname">tempest.scenario.test_network_basic_ops.TestNetworkBasicOps</td>
    <td class="small">9</td>
    <td class="small">8</td>
    <td class="small">1</td>
    <td class="small">0</td>
    <td class="small">0</td>
    <td class="small"><a href="javascript:showClassDetail('c1',9)"
>Detail</a></td>
    <td> </td>
</tr>

<tr id='pt1.1' class='hiddenRow'>
    <td class='none'><div class='testcase'>test_connectivity_between_vms_on_different_networks[compute,id-1546850e-fbaa-42f5-8b5f-03d8a6a95f15,network]</div></td>
    <td colspan='7' align='left'>

    <!--css div popup start-->
    <a class="popup_link" onfocus='this.blur();'
    href="javascript:showTestDetail('div_pt1.1')" >
        pass</a>

    <div id='div_pt1.1' class="popup_window">
        <div style='text-align: right; color:red;cursor:pointer'>
        <a onfocus='this.blur();'
onclick="document.getElementById('div_pt1.1').style.display = 'none' " >
           [x]</a>
        </div>
        <pre>
        
pt1.1: tempest.scenario.test_network_basic_ops.TestNetworkBasicOps.test_connectivity_between_vms_on_different_networks[compute,id-1546850e-fbaa-42f5-8b5f-03d8a6a95f15,network]

        </pre>
    </div>
    <!--css div popup end-->

    </td>
</tr>

<tr id='pt1.2' class='hiddenRow'>
    <td class='none'><div class='testcase'>test_hotplug_nic[compute,id-c5adff73-e961-41f1-b4a9-343614f18cfa,network]</div></td>
    <td colspan='7' align='left'>

    <!--css div popup start-->
    <a class="popup_link" onfocus='this.blur();'
    href="javascript:showTestDetail('div_pt1.2')" >
        pass</a>

    <div id='div_pt1.2' class="popup_window">
        <div style='text-align: right; color:red;cursor:pointer'>
        <a onfocus='this.blur();'
onclick="document.getElementById('div_pt1.2').style.display = 'none' " >
           [x]</a>
        </div>
        <pre>
        
pt1.2: tempest.scenario.test_network_basic_ops.TestNetworkBasicOps.test_hotplug_nic[compute,id-c5adff73-e961-41f1-b4a9-343614f18cfa,network]

        </pre>
    </div>
    <!--css div popup end-->

    </td>
</tr>

<tr id='pt1.3' class='hiddenRow'>
    <td class='none'><div class='testcase'>test_network_basic_ops[compute,id-f323b3ba-82f8-4db7-8ea6-6a895869ec49,network,smoke]</div></td>
    <td colspan='7' align='left'>

    <!--css div popup start-->
    <a class="popup_link" onfocus='this.blur();'
    href="javascript:showTestDetail('div_pt1.3')" >
        pass</a>

    <div id='div_pt1.3' class="popup_window">
        <div style='text-align: right; color:red;cursor:pointer'>
        <a onfocus='this.blur();'
onclick="document.getElementById('div_pt1.3').style.display = 'none' " >
           [x]</a>
        </div>
        <pre>
        
pt1.3: tempest.scenario.test_network_basic_ops.TestNetworkBasicOps.test_network_basic_ops[compute,id-f323b3ba-82f8-4db7-8ea6-6a895869ec49,network,smoke]

        </pre>
    </div>
    <!--css div popup end-->

    </td>
</tr>

<tr id='pt1.4' class='hiddenRow'>
    <td class='none'><div class='testcase'>test_port_security_macspoofing_port[compute,id-7c0bb1a2-d053-49a4-98f9-ca1a1d849f63,network]</div></td>
    <td colspan='7' align='left'>

    <!--css div popup start-->
    <a class="popup_link" onfocus='this.blur();'
    href="javascript:showTestDetail('div_pt1.4')" >
        pass</a>

    <div id='div_pt1.4' class="popup_window">
        <div style='text-align: right; color:red;cursor:pointer'>
        <a onfocus='this.blur();'
onclick="document.getElementById('div_pt1.4').style.display = 'none' " >
           [x]</a>
        </div>
        <pre>
        
pt1.4: tempest.scenario.test_network_basic_ops.TestNetworkBasicOps.test_port_security_macspoofing_port[compute,id-7c0bb1a2-d053-49a4-98f9-ca1a1d849f63,network]

        </pre>
    </div>
    <!--css div popup end-->

    </td>
</tr>

<tr id='pt1.5' class='hiddenRow'>
    <td class='none'><div class='testcase'>test_preserve_preexisting_port[compute,id-759462e1-8535-46b0-ab3a-33aa45c55aaa,network]</div></td>
    <td colspan='7' align='left'>

    <!--css div popup start-->
    <a class="popup_link" onfocus='this.blur();'
    href="javascript:showTestDetail('div_pt1.5')" >
        pass</a>

    <div id='div_pt1.5' class="popup_window">
        <div style='text-align: right; color:red;cursor:pointer'>
        <a onfocus='this.blur();'
onclick="document.getElementById('div_pt1.5').style.display = 'none' " >
           [x]</a>
        </div>
        <pre>
        
pt1.5: tempest.scenario.test_network_basic_ops.TestNetworkBasicOps.test_preserve_preexisting_port[compute,id-759462e1-8535-46b0-ab3a-33aa45c55aaa,network]

        </pre>
    </div>
    <!--css div popup end-->

    </td>
</tr>

<tr id='pt1.6' class='hiddenRow'>
    <td class='none'><div class='testcase'>test_router_rescheduling[compute,id-2e788c46-fb3f-4ac9-8f82-0561555bea73,network]</div></td>
    <td colspan='7' align='left'>

    <!--css div popup start-->
    <a class="popup_link" onfocus='this.blur();'
    href="javascript:showTestDetail('div_pt1.6')" >
        pass</a>

    <div id='div_pt1.6' class="popup_window">
        <div style='text-align: right; color:red;cursor:pointer'>
        <a onfocus='this.blur();'
onclick="document.getElementById('div_pt1.6').style.display = 'none' " >
           [x]</a>
        </div>
        <pre>
        
pt1.6: tempest.scenario.test_network_basic_ops.TestNetworkBasicOps.test_router_rescheduling[compute,id-2e788c46-fb3f-4ac9-8f82-0561555bea73,network]

        </pre>
    </div>
    <!--css div popup end-->

    </td>
</tr>

<tr id='pt1.7' class='hiddenRow'>
    <td class='none'><div class='testcase'>test_subnet_details[compute,id-d8bb918e-e2df-48b2-97cd-b73c95450980,network]</div></td>
    <td colspan='7' align='left'>

    <!--css div popup start-->
    <a class="popup_link" onfocus='this.blur();'
    href="javascript:showTestDetail('div_pt1.7')" >
        pass</a>

    <div id='div_pt1.7' class="popup_window">
        <div style='text-align: right; color:red;cursor:pointer'>
        <a onfocus='this.blur();'
onclick="document.getElementById('div_pt1.7').style.display = 'none' " >
           [x]</a>
        </div>
        <pre>
        
pt1.7: tempest.scenario.test_network_basic_ops.TestNetworkBasicOps.test_subnet_details[compute,id-d8bb918e-e2df-48b2-97cd-b73c95450980,network]

        </pre>
    </div>
    <!--css div popup end-->

    </td>
</tr>

<tr id='ft1.8' class='none'>
    <td class='failCase'><div class='testcase'>test_update_instance_port_admin_state[compute,id-f5dfcc22-45fd-409f-954c-5bd500d7890b,network]</div></td>
    <td colspan='7' align='left'>

    <!--css div popup start-->
    <a class="popup_link" onfocus='this.blur();'
    href="javascript:showTestDetail('div_ft1.8')" >
        fail</a>

    <div id='div_ft1.8' class="popup_window">
        <div style='text-align: right; color:red;cursor:pointer'>
        <a onfocus='this.blur();'
onclick="document.getElementById('div_ft1.8').style.display = 'none' " >
           [x]</a>
        </div>
        <pre>
        
ft1.8: tempest.scenario.test_network_basic_ops.TestNetworkBasicOps.test_update_instance_port_admin_state[compute,id-f5dfcc22-45fd-409f-954c-5bd500d7890b,network]_StringException: Empty attachments:
  stderr
  stdout

pythonlogging:'': {{{
2015-12-04 13:35:05,023 27374 INFO     [tempest_lib.common.rest_client] Request (TestNetworkBasicOps:test_update_instance_port_admin_state): 201 POST http://10.0.2.15:9696/v2.0/security-groups 0.123s
2015-12-04 13:35:05,024 27374 DEBUG    [tempest_lib.common.rest_client] Request - Headers: {'Content-Type': 'application/json', 'Accept': 'application/json', 'X-Auth-Token': '&lt;omitted&gt;'}
        Body: {"security_group": {"tenant_id": "c1d03811654549128ffa258b669d80c4", "description": "tempest-secgroup-smoke-1309963619 description", "name": "tempest-secgroup-smoke-1309963619"}}
    Response - Headers: {'status': '201', 'content-length': '888', 'connection': 'close', 'date': 'Fri, 04 Dec 2015 13:35:05 GMT', 'content-type': 'application/json; charset=UTF-8', 'x-openstack-request-id': 'req-5953143d-ee73-4150-9767-d32017fd38a3'}
        Body: {"security_group": {"tenant_id": "c1d03811654549128ffa258b669d80c4", "description": "tempest-secgroup-smoke-1309963619 description", "id": "8c7e00f8-2873-4fa5-aa20-f97669e58026", "security_group_rules": [{"remote_group_id": null, "direction": "egress", "remote_ip_prefix": null, "protocol": null, "ethertype": "IPv4", "tenant_id": "c1d03811654549128ffa258b669d80c4", "port_range_max": null, "port_range_min": null, "id": "9e15bd00-4125-42b0-a731-d10ee2ec875f", "security_group_id": "8c7e00f8-2873-4fa5-aa20-f97669e58026"}, {"remote_group_id": null, "direction": "egress", "remote_ip_prefix": null, "protocol": null, "ethertype": "IPv6", "tenant_id": "c1d03811654549128ffa258b669d80c4", "port_range_max": null, "port_range_min": null, "id": "aae27351-e05b-4f46-af61-e4dab1777318", "security_group_id": "8c7e00f8-2873-4fa5-aa20-f97669e58026"}], "name": "tempest-secgroup-smoke-1309963619"}}
2015-12-04 13:35:05,137 27374 INFO     [tempest_lib.common.rest_client] Request (TestNetworkBasicOps:test_update_instance_port_admin_state): 201 POST http://10.0.2.15:9696/v2.0/security-group-rules 0.111s
2015-12-04 13:35:05,138 27374 DEBUG    [tempest_lib.common.rest_client] Request - Headers: {'Content-Type': 'application/json', 'Accept': 'application/json', 'X-Auth-Token': '&lt;omitted&gt;'}
        Body: {"security_group_rule": {"direction": "ingress", "protocol": "tcp", "tenant_id": "c1d03811654549128ffa258b669d80c4", "port_range_max": 22, "security_group_id": "8c7e00f8-2873-4fa5-aa20-f97669e58026", "port_range_min": 22}}
    Response - Headers: {'status': '201', 'content-length': '340', 'connection': 'close', 'date': 'Fri, 04 Dec 2015 13:35:05 GMT', 'content-type': 'application/json; charset=UTF-8', 'x-openstack-request-id': 'req-e7ecb384-c855-4cb1-9aa6-9f40993c7852'}
        Body: {"security_group_rule": {"remote_group_id": null, "direction": "ingress", "remote_ip_prefix": null, "protocol": "tcp", "ethertype": "IPv4", "tenant_id": "c1d03811654549128ffa258b669d80c4", "port_range_max": 22, "port_range_min": 22, "id": "ddaf33e2-d02c-4ae9-a665-42911ed405fb", "security_group_id": "8c7e00f8-2873-4fa5-aa20-f97669e58026"}}
2015-12-04 13:35:05,243 27374 INFO     [tempest_lib.common.rest_client] Request (TestNetworkBasicOps:test_update_instance_port_admin_state): 201 POST http://10.0.2.15:9696/v2.0/security-group-rules 0.104s
2015-12-04 13:35:05,243 27374 DEBUG    [tempest_lib.common.rest_client] Request - Headers: {'Content-Type': 'application/json', 'Accept': 'application/json', 'X-Auth-Token': '&lt;omitted&gt;'}
        Body: {"security_group_rule": {"direction": "egress", "protocol": "tcp", "tenant_id": "c1d03811654549128ffa258b669d80c4", "port_range_max": 22, "security_group_id": "8c7e00f8-2873-4fa5-aa20-f97669e58026", "port_range_min": 22}}
    Response - Headers: {'status': '201', 'content-length': '339', 'connection': 'close', 'date': 'Fri, 04 Dec 2015 13:35:05 GMT', 'content-type': 'application/json; charset=UTF-8', 'x-openstack-request-id': 'req-4c707787-02e9-4e6e-a691-6c59e319ff8e'}
        Body: {"security_group_rule": {"remote_group_id": null, "direction": "egress", "remote_ip_prefix": null, "protocol": "tcp", "ethertype": "IPv4", "tenant_id": "c1d03811654549128ffa258b669d80c4", "port_range_max": 22, "port_range_min": 22, "id": "44ac0cff-c3f7-43c8-a70e-34373094f140", "security_group_id": "8c7e00f8-2873-4fa5-aa20-f97669e58026"}}
2015-12-04 13:35:05,359 27374 INFO     [tempest_lib.common.rest_client] Request (TestNetworkBasicOps:test_update_instance_port_admin_state): 201 POST http://10.0.2.15:9696/v2.0/security-group-rules 0.113s
2015-12-04 13:35:05,359 27374 DEBUG    [tempest_lib.common.rest_client] Request - Headers: {'Content-Type': 'application/json', 'Accept': 'application/json', 'X-Auth-Token': '&lt;omitted&gt;'}
        Body: {"security_group_rule": {"tenant_id": "c1d03811654549128ffa258b669d80c4", "direction": "ingress", "protocol": "icmp", "security_group_id": "8c7e00f8-2873-4fa5-aa20-f97669e58026"}}
    Response - Headers: {'status': '201', 'content-length': '345', 'connection': 'close', 'date': 'Fri, 04 Dec 2015 13:35:05 GMT', 'content-type': 'application/json; charset=UTF-8', 'x-openstack-request-id': 'req-10c3c98a-a1f3-4469-9eed-0378c0dce36f'}
        Body: {"security_group_rule": {"remote_group_id": null, "direction": "ingress", "remote_ip_prefix": null, "protocol": "icmp", "ethertype": "IPv4", "tenant_id": "c1d03811654549128ffa258b669d80c4", "port_range_max": null, "port_range_min": null, "id": "4c7bbfbd-19d1-425d-95b1-7f851f6585fd", "security_group_id": "8c7e00f8-2873-4fa5-aa20-f97669e58026"}}
2015-12-04 13:35:05,475 27374 INFO     [tempest_lib.common.rest_client] Request (TestNetworkBasicOps:test_update_instance_port_admin_state): 201 POST http://10.0.2.15:9696/v2.0/security-group-rules 0.113s
2015-12-04 13:35:05,475 27374 DEBUG    [tempest_lib.common.rest_client] Request - Headers: {'Content-Type': 'application/json', 'Accept': 'application/json', 'X-Auth-Token': '&lt;omitted&gt;'}
        Body: {"security_group_rule": {"tenant_id": "c1d03811654549128ffa258b669d80c4", "direction": "egress", "protocol": "icmp", "security_group_id": "8c7e00f8-2873-4fa5-aa20-f97669e58026"}}
    Response - Headers: {'status': '201', 'content-length': '344', 'connection': 'close', 'date': 'Fri, 04 Dec 2015 13:35:05 GMT', 'content-type': 'application/json; charset=UTF-8', 'x-openstack-request-id': 'req-42086265-299c-420f-9921-e706a75522ae'}
        Body: {"security_group_rule": {"remote_group_id": null, "direction": "egress", "remote_ip_prefix": null, "protocol": "icmp", "ethertype": "IPv4", "tenant_id": "c1d03811654549128ffa258b669d80c4", "port_range_max": null, "port_range_min": null, "id": "9b862191-3aa2-411e-b777-7e8e3dd637ea", "security_group_id": "8c7e00f8-2873-4fa5-aa20-f97669e58026"}}
2015-12-04 13:35:05,593 27374 INFO     [tempest_lib.common.rest_client] Request (TestNetworkBasicOps:test_update_instance_port_admin_state): 201 POST http://10.0.2.15:9696/v2.0/security-group-rules 0.116s
2015-12-04 13:35:05,593 27374 DEBUG    [tempest_lib.common.rest_client] Request - Headers: {'Content-Type': 'application/json', 'Accept': 'application/json', 'X-Auth-Token': '&lt;omitted&gt;'}
        Body: {"security_group_rule": {"tenant_id": "c1d03811654549128ffa258b669d80c4", "direction": "ingress", "security_group_id": "8c7e00f8-2873-4fa5-aa20-f97669e58026", "protocol": "icmp", "ethertype": "IPv6"}}
    Response - Headers: {'status': '201', 'content-length': '345', 'connection': 'close', 'date': 'Fri, 04 Dec 2015 13:35:05 GMT', 'content-type': 'application/json; charset=UTF-8', 'x-openstack-request-id': 'req-107ddcaf-7572-40c1-b3e7-c9d8cf4d390a'}
        Body: {"security_group_rule": {"remote_group_id": null, "direction": "ingress", "remote_ip_prefix": null, "protocol": "icmp", "ethertype": "IPv6", "tenant_id": "c1d03811654549128ffa258b669d80c4", "port_range_max": null, "port_range_min": null, "id": "dd9b1eeb-054b-48d0-8352-71ddbdacdc14", "security_group_id": "8c7e00f8-2873-4fa5-aa20-f97669e58026"}}
2015-12-04 13:35:05,708 27374 INFO     [tempest_lib.common.rest_client] Request (TestNetworkBasicOps:test_update_instance_port_admin_state): 201 POST http://10.0.2.15:9696/v2.0/security-group-rules 0.114s
2015-12-04 13:35:05,709 27374 DEBUG    [tempest_lib.common.rest_client] Request - Headers: {'Content-Type': 'application/json', 'Accept': 'application/json', 'X-Auth-Token': '&lt;omitted&gt;'}
        Body: {"security_group_rule": {"tenant_id": "c1d03811654549128ffa258b669d80c4", "direction": "egress", "security_group_id": "8c7e00f8-2873-4fa5-aa20-f97669e58026", "protocol": "icmp", "ethertype": "IPv6"}}
    Response - Headers: {'status': '201', 'content-length': '344', 'connection': 'close', 'date': 'Fri, 04 Dec 2015 13:35:05 GMT', 'content-type': 'application/json; charset=UTF-8', 'x-openstack-request-id': 'req-348a42c4-dfdb-4466-9220-d6f197020300'}
        Body: {"security_group_rule": {"remote_group_id": null, "direction": "egress", "remote_ip_prefix": null, "protocol": "icmp", "ethertype": "IPv6", "tenant_id": "c1d03811654549128ffa258b669d80c4", "port_range_max": null, "port_range_min": null, "id": "0b0be6fd-2a6a-4976-a095-23fb65887ea1", "security_group_id": "8c7e00f8-2873-4fa5-aa20-f97669e58026"}}
2015-12-04 13:35:05,838 27374 INFO     [tempest_lib.common.rest_client] Request (TestNetworkBasicOps:test_update_instance_port_admin_state): 201 POST http://10.0.2.15:9696/v2.0/networks 0.127s
2015-12-04 13:35:05,838 27374 DEBUG    [tempest_lib.common.rest_client] Request - Headers: {'Content-Type': 'application/json', 'Accept': 'application/json', 'X-Auth-Token': '&lt;omitted&gt;'}
        Body: {"network": {"tenant_id": "c1d03811654549128ffa258b669d80c4", "name": "tempest-network-smoke--482500782"}}
    Response - Headers: {'status': '201', 'content-length': '295', 'connection': 'close', 'date': 'Fri, 04 Dec 2015 13:35:05 GMT', 'content-type': 'application/json; charset=UTF-8', 'x-openstack-request-id': 'req-1f8341bc-a85b-4201-a110-2ee33e6b9b98'}
        Body: {"network": {"status": "ACTIVE", "subnets": [], "name": "tempest-network-smoke--482500782", "admin_state_up": true, "tenant_id": "c1d03811654549128ffa258b669d80c4", "mtu": 0, "router:external": false, "shared": false, "port_security_enabled": true, "id": "a06c9120-ebbe-46e3-b195-59ccad6ba0c4"}}
2015-12-04 13:35:05,913 27374 INFO     [tempest_lib.common.rest_client] Request (TestNetworkBasicOps:test_update_instance_port_admin_state): 201 POST http://10.0.2.15:9696/v2.0/routers 0.073s
2015-12-04 13:35:05,914 27374 DEBUG    [tempest_lib.common.rest_client] Request - Headers: {'Content-Type': 'application/json', 'Accept': 'application/json', 'X-Auth-Token': '&lt;omitted&gt;'}
        Body: {"router": {"tenant_id": "c1d03811654549128ffa258b669d80c4", "name": "tempest-router-smoke-442121278", "admin_state_up": true}}
    Response - Headers: {'status': '201', 'content-length': '238', 'connection': 'close', 'date': 'Fri, 04 Dec 2015 13:35:05 GMT', 'content-type': 'application/json; charset=UTF-8', 'x-openstack-request-id': 'req-9cb39acb-3775-49e5-92a9-a76a0fd002c1'}
        Body: {"router": {"status": "ACTIVE", "external_gateway_info": null, "name": "tempest-router-smoke-442121278", "admin_state_up": true, "tenant_id": "c1d03811654549128ffa258b669d80c4", "routes": [], "id": "763f21b0-c909-4e45-9b10-69b9a277392d"}}
2015-12-04 13:35:05,958 27374 INFO     [tempest_lib.common.rest_client] Request (TestNetworkBasicOps:test_update_instance_port_admin_state): 200 GET http://10.0.2.15:9696/v2.0/routers/763f21b0-c909-4e45-9b10-69b9a277392d 0.043s
2015-12-04 13:35:05,959 27374 DEBUG    [tempest_lib.common.rest_client] Request - Headers: {'Content-Type': 'application/json', 'Accept': 'application/json', 'X-Auth-Token': '&lt;omitted&gt;'}
        Body: None
    Response - Headers: {'status': '200', 'content-length': '238', 'content-location': 'http://10.0.2.15:9696/v2.0/routers/763f21b0-c909-4e45-9b10-69b9a277392d', 'connection': 'close', 'date': 'Fri, 04 Dec 2015 13:35:05 GMT', 'content-type': 'application/json; charset=UTF-8', 'x-openstack-request-id': 'req-ac5d4b6b-0698-4f6b-a7ea-40a275928776'}
        Body: {"router": {"status": "ACTIVE", "external_gateway_info": null, "name": "tempest-router-smoke-442121278", "admin_state_up": true, "tenant_id": "c1d03811654549128ffa258b669d80c4", "routes": [], "id": "763f21b0-c909-4e45-9b10-69b9a277392d"}}
2015-12-04 13:35:06,476 27374 INFO     [tempest_lib.common.rest_client] Request (TestNetworkBasicOps:test_update_instance_port_admin_state): 200 PUT http://10.0.2.15:9696/v2.0/routers/763f21b0-c909-4e45-9b10-69b9a277392d 0.516s
2015-12-04 13:35:06,477 27374 DEBUG    [tempest_lib.common.rest_client] Request - Headers: {'Content-Type': 'application/json', 'Accept': 'application/json', 'X-Auth-Token': '&lt;omitted&gt;'}
        Body: {"router": {"external_gateway_info": {"network_id": "69097f94-7b78-4bf5-b615-40558e570db2"}, "name": "tempest-router-smoke-442121278", "admin_state_up": true}}
    Response - Headers: {'status': '200', 'content-length': '502', 'connection': 'close', 'date': 'Fri, 04 Dec 2015 13:35:06 GMT', 'content-type': 'application/json; charset=UTF-8', 'x-openstack-request-id': 'req-a01ddc62-9229-415b-9018-e50d6bba646b'}
        Body: {"router": {"status": "ACTIVE", "external_gateway_info": {"network_id": "69097f94-7b78-4bf5-b615-40558e570db2", "enable_snat": true, "external_fixed_ips": [{"subnet_id": "ac09bf21-c1f2-430e-80bb-581b39cbc10d", "ip_address": "172.24.4.17"}, {"subnet_id": "22f5fb86-dcaf-4461-ad37-a089307bd0a4", "ip_address": "2001:db8::12"}]}, "name": "tempest-router-smoke-442121278", "admin_state_up": true, "tenant_id": "c1d03811654549128ffa258b669d80c4", "routes": [], "id": "763f21b0-c909-4e45-9b10-69b9a277392d"}}
2015-12-04 13:35:06,508 27374 INFO     [tempest_lib.common.rest_client] Request (TestNetworkBasicOps:test_update_instance_port_admin_state): 200 GET http://10.0.2.15:9696/v2.0/subnets?tenant_id=c1d03811654549128ffa258b669d80c4&amp;cidr=10.100.0.0%2F28 0.031s
2015-12-04 13:35:06,509 27374 DEBUG    [tempest_lib.common.rest_client] Request - Headers: {'Content-Type': 'application/json', 'Accept': 'application/json', 'X-Auth-Token': '&lt;omitted&gt;'}
        Body: None
    Response - Headers: {'status': '200', 'content-length': '15', 'content-location': 'http://10.0.2.15:9696/v2.0/subnets?tenant_id=c1d03811654549128ffa258b669d80c4&amp;cidr=10.100.0.0%2F28', 'connection': 'close', 'date': 'Fri, 04 Dec 2015 13:35:06 GMT', 'content-type': 'application/json; charset=UTF-8', 'x-openstack-request-id': 'req-1cebe6e5-0b78-4c38-a2a8-f86e591f29f7'}
        Body: {"subnets": []}
2015-12-04 13:35:06,748 27374 INFO     [tempest_lib.common.rest_client] Request (TestNetworkBasicOps:test_update_instance_port_admin_state): 201 POST http://10.0.2.15:9696/v2.0/subnets 0.238s
2015-12-04 13:35:06,748 27374 DEBUG    [tempest_lib.common.rest_client] Request - Headers: {'Content-Type': 'application/json', 'Accept': 'application/json', 'X-Auth-Token': '&lt;omitted&gt;'}
        Body: {"subnet": {"ip_version": 4, "tenant_id": "c1d03811654549128ffa258b669d80c4", "cidr": "10.100.0.0/28", "network_id": "a06c9120-ebbe-46e3-b195-59ccad6ba0c4", "name": "tempest-subnet-smoke-1270805668"}}
    Response - Headers: {'status': '201', 'content-length': '478', 'connection': 'close', 'date': 'Fri, 04 Dec 2015 13:35:06 GMT', 'content-type': 'application/json; charset=UTF-8', 'x-openstack-request-id': 'req-f9fa6fea-d3f9-4b5b-8fba-e3e903df982d'}
        Body: {"subnet": {"name": "tempest-subnet-smoke-1270805668", "enable_dhcp": true, "network_id": "a06c9120-ebbe-46e3-b195-59ccad6ba0c4", "tenant_id": "c1d03811654549128ffa258b669d80c4", "dns_nameservers": [], "gateway_ip": "10.100.0.1", "ipv6_ra_mode": null, "allocation_pools": [{"start": "10.100.0.2", "end": "10.100.0.14"}], "host_routes": [], "ip_version": 4, "ipv6_address_mode": null, "cidr": "10.100.0.0/28", "id": "06876bf1-f540-4d11-9eea-257fb6dd5f45", "subnetpool_id": null}}
2015-12-04 13:35:07,350 27374 INFO     [tempest_lib.common.rest_client] Request (TestNetworkBasicOps:test_update_instance_port_admin_state): 200 PUT http://10.0.2.15:9696/v2.0/routers/763f21b0-c909-4e45-9b10-69b9a277392d/add_router_interface 0.601s
2015-12-04 13:35:07,351 27374 DEBUG    [tempest_lib.common.rest_client] Request - Headers: {'Content-Type': 'application/json', 'Accept': 'application/json', 'X-Auth-Token': '&lt;omitted&gt;'}
        Body: {"subnet_id": "06876bf1-f540-4d11-9eea-257fb6dd5f45"}
    Response - Headers: {'status': '200', 'content-length': '255', 'connection': 'close', 'date': 'Fri, 04 Dec 2015 13:35:07 GMT', 'content-type': 'application/json; charset=UTF-8', 'x-openstack-request-id': 'req-b43d26f8-d2ea-4ec2-9465-fcf658cbacca'}
        Body: {"subnet_id": "06876bf1-f540-4d11-9eea-257fb6dd5f45", "tenant_id": "c1d03811654549128ffa258b669d80c4", "subnet_ids": ["06876bf1-f540-4d11-9eea-257fb6dd5f45"], "port_id": "bc307c0d-67d0-4a6b-9abc-1c86f98e65e2", "id": "763f21b0-c909-4e45-9b10-69b9a277392d"}
2015-12-04 13:35:07,412 27374 INFO     [tempest_lib.common.rest_client] Request (TestNetworkBasicOps:test_update_instance_port_admin_state): 200 GET http://10.0.2.15:9696/v2.0/networks 0.060s
2015-12-04 13:35:07,412 27374 DEBUG    [tempest_lib.common.rest_client] Request - Headers: {'Content-Type': 'application/json', 'Accept': 'application/json', 'X-Auth-Token': '&lt;omitted&gt;'}
        Body: None
    Response - Headers: {'status': '200', 'content-length': '1317', 'content-location': 'http://10.0.2.15:9696/v2.0/networks', 'connection': 'close', 'date': 'Fri, 04 Dec 2015 13:35:07 GMT', 'content-type': 'application/json; charset=UTF-8', 'x-openstack-request-id': 'req-6424e52c-1f1d-44b4-a59a-691c6eac01bc'}
        Body: {"networks": [{"status": "ACTIVE", "subnets": ["f88a48b7-f0fd-4ab7-a1be-27c42d2f3924", "2a5cfe67-5d81-4675-96af-1ceb2db1553b"], "name": "private", "provider:physical_network": null, "admin_state_up": true, "tenant_id": "b320db87beb9455ebe3d01b7122d2786", "mtu": 0, "router:external": false, "shared": false, "port_security_enabled": true, "provider:network_type": "vxlan", "id": "52a71781-39e4-4667-a6b9-4f09b9c0c954", "provider:segmentation_id": 1097}, {"status": "ACTIVE", "subnets": ["06876bf1-f540-4d11-9eea-257fb6dd5f45"], "name": "tempest-network-smoke--482500782", "provider:physical_network": null, "admin_state_up": true, "tenant_id": "c1d03811654549128ffa258b669d80c4", "mtu": 0, "router:external": false, "shared": false, "port_security_enabled": true, "provider:network_type": "vxlan", "id": "a06c9120-ebbe-46e3-b195-59ccad6ba0c4", "provider:segmentation_id": 1056}, {"status": "ACTIVE", "subnets": ["22f5fb86-dcaf-4461-ad37-a089307bd0a4", "ac09bf21-c1f2-430e-80bb-581b39cbc10d"], "name": "public", "provider:physical_network": null, "admin_state_up": true, "tenant_id": "4b37675c2c5d47d9ae7bee3f47a16e30", "mtu": 0, "router:external": true, "shared": false, "port_security_enabled": true, "provider:network_type": "vxlan", "id": "69097f94-7b78-4bf5-b615-40558e570db2", "provider:segmentation_id": 1081}]}
2015-12-04 13:35:07,502 27374 INFO     [tempest_lib.common.rest_client] Request (TestNetworkBasicOps:test_update_instance_port_admin_state): 200 GET http://10.0.2.15:9696/v2.0/subnets 0.088s
2015-12-04 13:35:07,502 27374 DEBUG    [tempest_lib.common.rest_client] Request - Headers: {'Content-Type': 'application/json', 'Accept': 'application/json', 'X-Auth-Token': '&lt;omitted&gt;'}
        Body: None
    Response - Headers: {'status': '200', 'content-length': '2404', 'content-location': 'http://10.0.2.15:9696/v2.0/subnets', 'connection': 'close', 'date': 'Fri, 04 Dec 2015 13:35:07 GMT', 'content-type': 'application/json; charset=UTF-8', 'x-openstack-request-id': 'req-a0f3a5f9-f7a9-4ccd-9b47-dd6c8d3270b7'}
        Body: {"subnets": [{"name": "ipv6-private-subnet", "enable_dhcp": true, "network_id": "52a71781-39e4-4667-a6b9-4f09b9c0c954", "tenant_id": "b320db87beb9455ebe3d01b7122d2786", "dns_nameservers": [], "gateway_ip": "fdea:3e1:8127::1", "ipv6_ra_mode": "slaac", "allocation_pools": [{"start": "fdea:3e1:8127::2", "end": "fdea:3e1:8127:0:ffff:ffff:ffff:ffff"}], "host_routes": [], "ip_version": 6, "ipv6_address_mode": "slaac", "cidr": "fdea:3e1:8127::/64", "id": "f88a48b7-f0fd-4ab7-a1be-27c42d2f3924", "subnetpool_id": null}, {"name": "ipv6-public-subnet", "enable_dhcp": false, "network_id": "69097f94-7b78-4bf5-b615-40558e570db2", "tenant_id": "4b37675c2c5d47d9ae7bee3f47a16e30", "dns_nameservers": [], "gateway_ip": "2001:db8::2", "ipv6_ra_mode": null, "allocation_pools": [{"start": "2001:db8::3", "end": "2001:db8::ffff:ffff:ffff:ffff"}, {"start": "2001:db8::1", "end": "2001:db8::1"}], "host_routes": [], "ip_version": 6, "ipv6_address_mode": null, "cidr": "2001:db8::/64", "id": "22f5fb86-dcaf-4461-ad37-a089307bd0a4", "subnetpool_id": null}, {"name": "private-subnet", "enable_dhcp": true, "network_id": "52a71781-39e4-4667-a6b9-4f09b9c0c954", "tenant_id": "b320db87beb9455ebe3d01b7122d2786", "dns_nameservers": [], "gateway_ip": "10.0.0.1", "ipv6_ra_mode": null, "allocation_pools": [{"start": "10.0.0.2", "end": "10.0.0.254"}], "host_routes": [], "ip_version": 4, "ipv6_address_mode": null, "cidr": "10.0.0.0/24", "id": "2a5cfe67-5d81-4675-96af-1ceb2db1553b", "subnetpool_id": null}, {"name": "public-subnet", "enable_dhcp": false, "network_id": "69097f94-7b78-4bf5-b615-40558e570db2", "tenant_id": "4b37675c2c5d47d9ae7bee3f47a16e30", "dns_nameservers": [], "gateway_ip": "172.24.4.1", "ipv6_ra_mode": null, "allocation_pools": [{"start": "172.24.4.2", "end": "172.24.4.254"}], "host_routes": [], "ip_version": 4, "ipv6_address_mode": null, "cidr": "172.24.4.0/24", "id": "ac09bf21-c1f2-430e-80bb-581b39cbc10d", "subnetpool_id": null}, {"name": "tempest-subnet-smoke-1270805668", "enable_dhcp": true, "network_id": "a06c9120-ebbe-46e3-b195-59ccad6ba0c4", "tenant_id": "c1d03811654549128ffa258b669d80c4", "dns_nameservers": [], "gateway_ip": "10.100.0.1", "ipv6_ra_mode": null, "allocation_pools": [{"start": "10.100.0.2", "end": "10.100.0.14"}], "host_routes": [], "ip_version": 4, "ipv6_address_mode": null, "cidr": "10.100.0.0/28", "id": "06876bf1-f540-4d11-9eea-257fb6dd5f45", "subnetpool_id": null}]}
2015-12-04 13:35:07,545 27374 INFO     [tempest_lib.common.rest_client] Request (TestNetworkBasicOps:test_update_instance_port_admin_state): 200 GET http://10.0.2.15:9696/v2.0/routers 0.042s
2015-12-04 13:35:07,546 27374 DEBUG    [tempest_lib.common.rest_client] Request - Headers: {'Content-Type': 'application/json', 'Accept': 'application/json', 'X-Auth-Token': '&lt;omitted&gt;'}
        Body: None
    Response - Headers: {'status': '200', 'content-length': '1042', 'content-location': 'http://10.0.2.15:9696/v2.0/routers', 'connection': 'close', 'date': 'Fri, 04 Dec 2015 13:35:07 GMT', 'content-type': 'application/json; charset=UTF-8', 'x-openstack-request-id': 'req-2ca16b7c-8ff5-4137-aee6-653731a2f4f3'}
        Body: {"routers": [{"status": "ACTIVE", "external_gateway_info": {"network_id": "69097f94-7b78-4bf5-b615-40558e570db2", "enable_snat": true, "external_fixed_ips": [{"subnet_id": "ac09bf21-c1f2-430e-80bb-581b39cbc10d", "ip_address": "172.24.4.17"}, {"subnet_id": "22f5fb86-dcaf-4461-ad37-a089307bd0a4", "ip_address": "2001:db8::12"}]}, "name": "tempest-router-smoke-442121278", "admin_state_up": true, "tenant_id": "c1d03811654549128ffa258b669d80c4", "distributed": false, "routes": [], "ha": false, "id": "763f21b0-c909-4e45-9b10-69b9a277392d"}, {"status": "ACTIVE", "external_gateway_info": {"network_id": "69097f94-7b78-4bf5-b615-40558e570db2", "enable_snat": true, "external_fixed_ips": [{"subnet_id": "ac09bf21-c1f2-430e-80bb-581b39cbc10d", "ip_address": "172.24.4.2"}, {"subnet_id": "22f5fb86-dcaf-4461-ad37-a089307bd0a4", "ip_address": "2001:db8::3"}]}, "name": "router1", "admin_state_up": true, "tenant_id": "b320db87beb9455ebe3d01b7122d2786", "distributed": false, "routes": [], "ha": false, "id": "8a5d6a76-7c31-416c-aa7c-4e3dc1de781f"}]}
2015-12-04 13:35:07,671 27374 INFO     [tempest_lib.common.rest_client] Request (TestNetworkBasicOps:test_update_instance_port_admin_state): 200 POST http://10.0.2.15:8774/v2.1/c1d03811654549128ffa258b669d80c4/os-keypairs 0.124s
2015-12-04 13:35:07,672 27374 DEBUG    [tempest_lib.common.rest_client] Request - Headers: {'Content-Type': 'application/json', 'Accept': 'application/json', 'X-Auth-Token': '&lt;omitted&gt;'}
        Body: {"keypair": {"name": "tempest-TestNetworkBasicOps-1753980813"}}
    Response - Headers: {'status': '200', 'content-length': '2321', 'x-compute-request-id': 'req-e33fb406-3c8b-449c-b654-dcf241aa97a5', 'vary': 'X-OpenStack-Nova-API-Version', 'connection': 'close', 'x-openstack-nova-api-version': '2.1', 'date': 'Fri, 04 Dec 2015 13:35:07 GMT', 'content-type': 'application/json'}
        Body: {"keypair": {"public_key": "ssh-rsa AAAAB3NzaC1yc2EAAAADAQABAAABAQCnQyD/dhHGHTgmp2pPASo0u06qQSkkFsPxerpYOZiUl5khtv3LI0CXia2Kc5I6NS4DmOWFfjaWTxIR6cGRp8GNbvOv+TbOH8mzS0EpQ++6D1wd6m+oeAPv6Us9VpcYN7XN+ci9qemUwCReIAFo2qAukaeH/gceLims0eF67FfiHxWcNfVahIeUmKeFSfaxliJufQ/3U08BB0mHf4ITRm/+9lff+m0ZwmgjHrEk7ZeLEt970fedRcyW3F3mgxecFi3GLC1kQW9dZ/5IdpodmjHqbdmP4ckmhPx/ic6t+AYLM76lz/8V/TTf+hGKD1p0xYgjzktyNceZYOEmtkDWWqRH Generated-by-Nova", "private_key": "-----BEGIN RSA PRIVATE KEY-----\nMIIEqQIBAAKCAQEAp0Mg/3YRxh04JqdqTwEqNLtOqkEpJBbD8Xq6WDmYlJeZIbb9\nyyNAl4mtinOSOjUuA5jlhX42lk8SEenBkafBjW7zr/k2zh/Js0tBKUPvug9cHepv\nqHgD7+lLPVaXGDe1zfnIvanplMAkXiABaNqgLpGnh/4HHi4prNHheuxX4h8VnDX1\nWoSHlJinhUn2sZYibn0P91NPAQdJh3+CE0Zv/vZX3/ptGcJoIx6xJO2XixLfe9H3\nnUXMltxd5oMXnBYtxiwtZEFvXWf+SHaaHZox6m3Zj+HJJoT8f4nOrfgGCzO+pc//\nFf003/oRig9adMWII85LcjXHmWDhJrZA1lqkRwIDAQABAoIBAQCm2KGr8r0cIL2I\nYWv8Ty8o1sdLsiA17bebxE7p/tojL24DYaSc5BdkkmPYPhzZj37M+9HIbfRJz6o4\n0DLU9sBuMwVGvpRa3P64qRLg9PHHadb7yIWFSeKziMYS87NY5wml48rI1xs31Mry\nUX7Wd29dxNGXKGE1S9sql1oS4ntwBO3ALjbUDHCc2NCP4IEkNsA3yKq6EDcsNH5x\nrMKJ6sCSzWYcPUxasopk9CkVgOmEVeJHkPLDdc+zW3lTj9tj1wA3Tvbvw+lccyDd\nvANQUDmT4II14pDw8bKr4t2aztWvLCHN/RhRlT/vN5nNppaTAej0aZrB08jVNbi3\neAooI83BAoIAgQC2PLaLwLjqjiofe9ysszTmk4ywe7L74nDQx9CF4ZcwODXuRFKc\nPUHRg6/+xlmqXNm25LE20+nqZx/AVAOIcLzccDhlfezMEgIB/77pk5f9Z9iJ4QIi\n3fiZxMvLFcYxgIKfrCMIttgAr5oDjBnXwMG31MkPGeZVrvIF35yIghKXdwKCAIEA\n6va5JSAzZgpZlV8se/dI2f55+gy1MRahxT/s7y7GHcGrOUlwYS/WbdojSp1BmA8c\nEZEbt0TtgS0t0ob5FR5qvk6Z8s7A3qiaei+G3pjUC2h4s32jt4fz3pmLeB5COm0o\nnZ2x2yk/h1SFZJmDjl3MxYPeHmvxU7JQylMum+wgLbECggCAdXeFI2hCyc6BkHHC\nuP965fXOBiR2Jq67kZh67RGQ5uAUw1T++v7xYh/EXjF0sr/PBnk7UeAfM5ztdoex\nD028L0uWzrTw4knpSWiUovMkUY+SoK2NNvRlvph/1JRggKAZktreakuRyD9ow0iX\nj98L/3cFctp7AlgWYXrV55gQa9kCggCBAKQFCSeue9LOhMyt/IqpC9UJPLLd7hpP\nVywvvMEW4Lvi9xjteCKP11sl/J7YefKhEZH9vuBHoJgdJrChAf3JFvC0Q+lohOCp\nx/Rlevumqdcw3ZlGqmOy5v1MKDz4uni4vLKSY5a/C5b33IpmU5ytRAXZUNPhvDwV\n7SnfuVilE61xAoIAgAL4x+8Kon36LDJ7BbE/RkQlrBB8PDqNT9lt8RKic1JMCRyx\noC6zHoE7bYR5DMzKVlprvZh/r6iTWbK0ydwWkNr153Yn/uxhxd1yRG5x60z8HEbz\nb8W4PfXCwm2HNHp4MGpFx3aysyDR2SISonWF6Pc0ZC/Lsa1kh/RkA3zvj/8t\n-----END RSA PRIVATE KEY-----\n", "user_id": "cd46e19506054345b95eeb8fb2a10440", "name": "tempest-TestNetworkBasicOps-1753980813", "fingerprint": "25:9c:ce:9a:75:89:32:da:d6:23:9a:de:61:c7:84:ff"}}
2015-12-04 13:35:07,790 27374 INFO     [tempest_lib.common.rest_client] Request (TestNetworkBasicOps:test_update_instance_port_admin_state): 200 POST http://10.0.2.15:5000/v2.0/tokens
2015-12-04 13:35:07,791 27374 DEBUG    [tempest_lib.common.rest_client] Request - Headers: {'Content-Type': 'application/json', 'Accept': 'application/json'}
        Body: &lt;omitted&gt;
    Response - Headers: {'status': '200', 'content-length': '2528', 'vary': 'X-Auth-Token', 'server': 'Apache/2.4.7 (Ubuntu)', 'connection': 'close', 'date': 'Fri, 04 Dec 2015 13:35:07 GMT', 'content-type': 'application/json', 'x-openstack-request-id': 'req-b0189306-3367-4f46-a5d0-44095546b312'}
        Body: {"access": {"token": {"issued_at": "2015-12-04T13:35:07.777563", "expires": "2015-12-04T14:35:07Z", "id": "fc908e25aa534f76b77ec6d14a445017", "tenant": {"description": "tempest-TestNetworkBasicOps-1453940932-desc", "enabled": true, "id": "c1d03811654549128ffa258b669d80c4", "name": "tempest-TestNetworkBasicOps-1453940932"}, "audit_ids": ["yJlVbNsXSeWw_gh_8IVlfw"]}, "serviceCatalog": [{"endpoints": [{"adminURL": "http://10.0.2.15:8774/v2.1/c1d03811654549128ffa258b669d80c4", "region": "RegionOne", "internalURL": "http://10.0.2.15:8774/v2.1/c1d03811654549128ffa258b669d80c4", "id": "69f7b554d9204c46b60ca2fe900d3cf9", "publicURL": "http://10.0.2.15:8774/v2.1/c1d03811654549128ffa258b669d80c4"}], "endpoints_links": [], "type": "compute", "name": "nova"}, {"endpoints": [{"adminURL": "http://10.0.2.15:9696/", "region": "RegionOne", "internalURL": "http://10.0.2.15:9696/", "id": "0a582c686e5b491a8e17eb5f4f5ce2c5", "publicURL": "http://10.0.2.15:9696/"}], "endpoints_links": [], "type": "network", "name": "neutron"}, {"endpoints": [{"adminURL": "http://10.0.2.15:9292", "region": "RegionOne", "internalURL": "http://10.0.2.15:9292", "id": "483372792d2841dfb5cedd1f4022734a", "publicURL": "http://10.0.2.15:9292"}], "endpoints_links": [], "type": "image", "name": "glance"}, {"endpoints": [{"adminURL": "http://10.0.2.15:8774/v2/c1d03811654549128ffa258b669d80c4", "region": "RegionOne", "internalURL": "http://10.0.2.15:8774/v2/c1d03811654549128ffa258b669d80c4", "id": "1220267f4fd2433c903ab0b1b5e580f8", "publicURL": "http://10.0.2.15:8774/v2/c1d03811654549128ffa258b669d80c4"}], "endpoints_links": [], "type": "compute_legacy", "name": "nova_legacy"}, {"endpoints": [{"adminURL": "http://10.0.2.15:8773/", "region": "RegionOne", "internalURL": "http://10.0.2.15:8773/", "id": "57fb7b7880c6413aa6c4aa16ea9d000f", "publicURL": "http://10.0.2.15:8773/"}], "endpoints_links": [], "type": "ec2", "name": "ec2"}, {"endpoints": [{"adminURL": "http://10.0.2.15:35357/v2.0", "region": "RegionOne", "internalURL": "http://10.0.2.15:5000/v2.0", "id": "119dbba280df4a1d83d1de7457d2f6db", "publicURL": "http://10.0.2.15:5000/v2.0"}], "endpoints_links": [], "type": "identity", "name": "keystone"}], "user": {"username": "tempest-TestNetworkBasicOps-134115707", "roles_links": [], "id": "cd46e19506054345b95eeb8fb2a10440", "roles": [{"name": "_member_"}, {"name": "Member"}], "name": "tempest-TestNetworkBasicOps-134115707"}, "metadata": {"is_admin": 0, "roles": ["9fe2ff9ee4384b1894a90878d3e92bab", "1734f3cf18a2492eb6b81de5eb344a91"]}}}
2015-12-04 13:35:07,797 27374 DEBUG    [tempest.common.fixed_network] (TestNetworkBasicOps:test_update_instance_port_admin_state) No valid network provided or created, defaulting to fixed_network_name
2015-12-04 13:35:08,101 27374 INFO     [tempest_lib.common.rest_client] Request (TestNetworkBasicOps:test_update_instance_port_admin_state): 200 GET http://10.0.2.15:8774/v2.1/c1d03811654549128ffa258b669d80c4/os-networks 0.304s
2015-12-04 13:35:08,102 27374 DEBUG    [tempest_lib.common.rest_client] Request - Headers: {'Content-Type': 'application/json', 'Accept': 'application/json', 'X-Auth-Token': '&lt;omitted&gt;'}
        Body: None
    Response - Headers: {'status': '200', 'content-length': '478', 'content-location': 'http://10.0.2.15:8774/v2.1/c1d03811654549128ffa258b669d80c4/os-networks', 'x-compute-request-id': 'req-a883d59a-5098-4ac6-b079-27357d6b1497', 'vary': 'X-OpenStack-Nova-API-Version', 'connection': 'close', 'x-openstack-nova-api-version': '2.1', 'date': 'Fri, 04 Dec 2015 13:35:08 GMT', 'content-type': 'application/json'}
        Body: {"networks": [{"cidr_v6": null, "dns2": null, "dns1": null, "gateway": null, "broadcast": null, "netmask": null, "gateway_v6": null, "cidr": null, "label": "tempest-network-smoke--482500782", "id": "a06c9120-ebbe-46e3-b195-59ccad6ba0c4", "netmask_v6": null}, {"cidr_v6": null, "dns2": null, "dns1": null, "gateway": null, "broadcast": null, "netmask": null, "gateway_v6": null, "cidr": null, "label": "public", "id": "69097f94-7b78-4bf5-b615-40558e570db2", "netmask_v6": null}]}
2015-12-04 13:35:08,102 27374 WARNING  [tempest.common.fixed_network] (TestNetworkBasicOps:test_update_instance_port_admin_state) Network with name: private not found
2015-12-04 13:35:08,102 27374 INFO     [tempest.common.fixed_network] (TestNetworkBasicOps:test_update_instance_port_admin_state) Found network {} available for tenant
2015-12-04 13:35:08,627 27374 INFO     [tempest_lib.common.rest_client] Request (TestNetworkBasicOps:test_update_instance_port_admin_state): 202 POST http://10.0.2.15:8774/v2.1/c1d03811654549128ffa258b669d80c4/servers 0.524s
2015-12-04 13:35:08,627 27374 DEBUG    [tempest_lib.common.rest_client] Request - Headers: {'Content-Type': 'application/json', 'Accept': 'application/json', 'X-Auth-Token': '&lt;omitted&gt;'}
        Body: {"server": {"name": "tempest.common.compute-instance-143008151", "imageRef": "c5c57978-2703-4419-8def-ed01811129c8", "key_name": "tempest-TestNetworkBasicOps-1753980813", "flavorRef": "42", "networks": [{"uuid": "a06c9120-ebbe-46e3-b195-59ccad6ba0c4"}], "security_groups": [{"name": "tempest-secgroup-smoke-1309963619"}]}}
    Response - Headers: {'status': '202', 'content-length': '462', 'x-compute-request-id': 'req-3d88a057-c721-48ec-962a-51e72b0b3eb7', 'vary': 'X-OpenStack-Nova-API-Version', 'connection': 'close', 'location': 'http://10.0.2.15:8774/v2.1/c1d03811654549128ffa258b669d80c4/servers/32340f0c-8d38-4839-8804-9bc1a7e9f0ad', 'x-openstack-nova-api-version': '2.1', 'date': 'Fri, 04 Dec 2015 13:35:08 GMT', 'content-type': 'application/json'}
        Body: {"server": {"security_groups": [{"name": "tempest-secgroup-smoke-1309963619"}], "OS-DCF:diskConfig": "MANUAL", "id": "32340f0c-8d38-4839-8804-9bc1a7e9f0ad", "links": [{"href": "http://10.0.2.15:8774/v2.1/c1d03811654549128ffa258b669d80c4/servers/32340f0c-8d38-4839-8804-9bc1a7e9f0ad", "rel": "self"}, {"href": "http://10.0.2.15:8774/c1d03811654549128ffa258b669d80c4/servers/32340f0c-8d38-4839-8804-9bc1a7e9f0ad", "rel": "bookmark"}], "adminPass": "TkgMSQ5Ayqe3"}}
2015-12-04 13:35:08,790 27374 INFO     [tempest_lib.common.rest_client] Request (TestNetworkBasicOps:test_update_instance_port_admin_state): 200 GET http://10.0.2.15:8774/v2.1/c1d03811654549128ffa258b669d80c4/servers/32340f0c-8d38-4839-8804-9bc1a7e9f0ad 0.160s
2015-12-04 13:35:08,791 27374 DEBUG    [tempest_lib.common.rest_client] Request - Headers: {'Content-Type': 'application/json', 'Accept': 'application/json', 'X-Auth-Token': '&lt;omitted&gt;'}
        Body: None
    Response - Headers: {'status': '200', 'content-length': '1355', 'content-location': 'http://10.0.2.15:8774/v2.1/c1d03811654549128ffa258b669d80c4/servers/32340f0c-8d38-4839-8804-9bc1a7e9f0ad', 'x-compute-request-id': 'req-ff55c77a-aa6d-4767-8acf-4acc4c1bd3df', 'vary': 'X-OpenStack-Nova-API-Version', 'connection': 'close', 'x-openstack-nova-api-version': '2.1', 'date': 'Fri, 04 Dec 2015 13:35:08 GMT', 'content-type': 'application/json'}
        Body: {"server": {"status": "BUILD", "updated": "2015-12-04T13:35:08Z", "hostId": "", "addresses": {}, "links": [{"href": "http://10.0.2.15:8774/v2.1/c1d03811654549128ffa258b669d80c4/servers/32340f0c-8d38-4839-8804-9bc1a7e9f0ad", "rel": "self"}, {"href": "http://10.0.2.15:8774/c1d03811654549128ffa258b669d80c4/servers/32340f0c-8d38-4839-8804-9bc1a7e9f0ad", "rel": "bookmark"}], "key_name": "tempest-TestNetworkBasicOps-1753980813", "image": {"id": "c5c57978-2703-4419-8def-ed01811129c8", "links": [{"href": "http://10.0.2.15:8774/c1d03811654549128ffa258b669d80c4/images/c5c57978-2703-4419-8def-ed01811129c8", "rel": "bookmark"}]}, "OS-EXT-STS:task_state": "scheduling", "OS-EXT-STS:vm_state": "building", "OS-SRV-USG:launched_at": null, "flavor": {"id": "42", "links": [{"href": "http://10.0.2.15:8774/c1d03811654549128ffa258b669d80c4/flavors/42", "rel": "bookmark"}]}, "id": "32340f0c-8d38-4839-8804-9bc1a7e9f0ad", "OS-SRV-USG:terminated_at": null, "OS-EXT-AZ:availability_zone": "", "user_id": "cd46e19506054345b95eeb8fb2a10440", "name": "tempest.common.compute-instance-143008151", "created": "2015-12-04T13:35:08Z", "tenant_id": "c1d03811654549128ffa258b669d80c4", "OS-DCF:diskConfig": "MANUAL", "os-extended-volumes:volumes_attached": [], "accessIPv4": "", "accessIPv6": "", "progress": 0, "OS-EXT-STS:power_state": 0, "config_drive": "", "metadata": {}}}
2015-12-04 13:35:10,063 27374 INFO     [tempest_lib.common.rest_client] Request (TestNetworkBasicOps:test_update_instance_port_admin_state): 200 GET http://10.0.2.15:8774/v2.1/c1d03811654549128ffa258b669d80c4/servers/32340f0c-8d38-4839-8804-9bc1a7e9f0ad 0.258s
2015-12-04 13:35:10,063 27374 DEBUG    [tempest_lib.common.rest_client] Request - Headers: {'Content-Type': 'application/json', 'Accept': 'application/json', 'X-Auth-Token': '&lt;omitted&gt;'}
        Body: None
    Response - Headers: {'status': '200', 'content-length': '1481', 'content-location': 'http://10.0.2.15:8774/v2.1/c1d03811654549128ffa258b669d80c4/servers/32340f0c-8d38-4839-8804-9bc1a7e9f0ad', 'x-compute-request-id': 'req-d4713370-8698-4db4-b9e2-e28bed022a68', 'vary': 'X-OpenStack-Nova-API-Version', 'connection': 'close', 'x-openstack-nova-api-version': '2.1', 'date': 'Fri, 04 Dec 2015 13:35:10 GMT', 'content-type': 'application/json'}
        Body: {"server": {"status": "BUILD", "updated": "2015-12-04T13:35:09Z", "hostId": "147cf0dfc79525ae154045ab89e09dd0ac8849b5aa390b93ec1a0766", "addresses": {}, "links": [{"href": "http://10.0.2.15:8774/v2.1/c1d03811654549128ffa258b669d80c4/servers/32340f0c-8d38-4839-8804-9bc1a7e9f0ad", "rel": "self"}, {"href": "http://10.0.2.15:8774/c1d03811654549128ffa258b669d80c4/servers/32340f0c-8d38-4839-8804-9bc1a7e9f0ad", "rel": "bookmark"}], "key_name": "tempest-TestNetworkBasicOps-1753980813", "image": {"id": "c5c57978-2703-4419-8def-ed01811129c8", "links": [{"href": "http://10.0.2.15:8774/c1d03811654549128ffa258b669d80c4/images/c5c57978-2703-4419-8def-ed01811129c8", "rel": "bookmark"}]}, "OS-EXT-STS:task_state": "spawning", "OS-EXT-STS:vm_state": "building", "OS-SRV-USG:launched_at": null, "flavor": {"id": "42", "links": [{"href": "http://10.0.2.15:8774/c1d03811654549128ffa258b669d80c4/flavors/42", "rel": "bookmark"}]}, "id": "32340f0c-8d38-4839-8804-9bc1a7e9f0ad", "security_groups": [{"name": "tempest-secgroup-smoke-1309963619"}], "OS-SRV-USG:terminated_at": null, "OS-EXT-AZ:availability_zone": "nova", "user_id": "cd46e19506054345b95eeb8fb2a10440", "name": "tempest.common.compute-instance-143008151", "created": "2015-12-04T13:35:08Z", "tenant_id": "c1d03811654549128ffa258b669d80c4", "OS-DCF:diskConfig": "MANUAL", "os-extended-volumes:volumes_attached": [], "accessIPv4": "", "accessIPv6": "", "progress": 0, "OS-EXT-STS:power_state": 0, "config_drive": "", "metadata": {}}}
2015-12-04 13:35:10,073 27374 INFO     [tempest.common.waiters] State transition "BUILD/scheduling" ==&gt; "BUILD/spawning" after 2 second wait
2015-12-04 13:35:11,316 27374 INFO     [tempest_lib.common.rest_client] Request (TestNetworkBasicOps:test_update_instance_port_admin_state): 200 GET http://10.0.2.15:8774/v2.1/c1d03811654549128ffa258b669d80c4/servers/32340f0c-8d38-4839-8804-9bc1a7e9f0ad 0.241s
2015-12-04 13:35:11,317 27374 DEBUG    [tempest_lib.common.rest_client] Request - Headers: {'Content-Type': 'application/json', 'Accept': 'application/json', 'X-Auth-Token': '&lt;omitted&gt;'}
        Body: None
    Response - Headers: {'status': '200', 'content-length': '1481', 'content-location': 'http://10.0.2.15:8774/v2.1/c1d03811654549128ffa258b669d80c4/servers/32340f0c-8d38-4839-8804-9bc1a7e9f0ad', 'x-compute-request-id': 'req-864b7d20-480c-4990-82c5-9d8a5a7bdc01', 'vary': 'X-OpenStack-Nova-API-Version', 'connection': 'close', 'x-openstack-nova-api-version': '2.1', 'date': 'Fri, 04 Dec 2015 13:35:11 GMT', 'content-type': 'application/json'}
        Body: {"server": {"status": "BUILD", "updated": "2015-12-04T13:35:09Z", "hostId": "147cf0dfc79525ae154045ab89e09dd0ac8849b5aa390b93ec1a0766", "addresses": {}, "links": [{"href": "http://10.0.2.15:8774/v2.1/c1d03811654549128ffa258b669d80c4/servers/32340f0c-8d38-4839-8804-9bc1a7e9f0ad", "rel": "self"}, {"href": "http://10.0.2.15:8774/c1d03811654549128ffa258b669d80c4/servers/32340f0c-8d38-4839-8804-9bc1a7e9f0ad", "rel": "bookmark"}], "key_name": "tempest-TestNetworkBasicOps-1753980813", "image": {"id": "c5c57978-2703-4419-8def-ed01811129c8", "links": [{"href": "http://10.0.2.15:8774/c1d03811654549128ffa258b669d80c4/images/c5c57978-2703-4419-8def-ed01811129c8", "rel": "bookmark"}]}, "OS-EXT-STS:task_state": "spawning", "OS-EXT-STS:vm_state": "building", "OS-SRV-USG:launched_at": null, "flavor": {"id": "42", "links": [{"href": "http://10.0.2.15:8774/c1d03811654549128ffa258b669d80c4/flavors/42", "rel": "bookmark"}]}, "id": "32340f0c-8d38-4839-8804-9bc1a7e9f0ad", "security_groups": [{"name": "tempest-secgroup-smoke-1309963619"}], "OS-SRV-USG:terminated_at": null, "OS-EXT-AZ:availability_zone": "nova", "user_id": "cd46e19506054345b95eeb8fb2a10440", "name": "tempest.common.compute-instance-143008151", "created": "2015-12-04T13:35:08Z", "tenant_id": "c1d03811654549128ffa258b669d80c4", "OS-DCF:diskConfig": "MANUAL", "os-extended-volumes:volumes_attached": [], "accessIPv4": "", "accessIPv6": "", "progress": 0, "OS-EXT-STS:power_state": 0, "config_drive": "", "metadata": {}}}
2015-12-04 13:35:12,561 27374 INFO     [tempest_lib.common.rest_client] Request (TestNetworkBasicOps:test_update_instance_port_admin_state): 200 GET http://10.0.2.15:8774/v2.1/c1d03811654549128ffa258b669d80c4/servers/32340f0c-8d38-4839-8804-9bc1a7e9f0ad 0.227s
2015-12-04 13:35:12,561 27374 DEBUG    [tempest_lib.common.rest_client] Request - Headers: {'Content-Type': 'application/json', 'Accept': 'application/json', 'X-Auth-Token': '&lt;omitted&gt;'}
        Body: None
    Response - Headers: {'status': '200', 'content-length': '1652', 'content-location': 'http://10.0.2.15:8774/v2.1/c1d03811654549128ffa258b669d80c4/servers/32340f0c-8d38-4839-8804-9bc1a7e9f0ad', 'x-compute-request-id': 'req-e0efa216-ebe2-4d61-ad7f-199475e69789', 'vary': 'X-OpenStack-Nova-API-Version', 'connection': 'close', 'x-openstack-nova-api-version': '2.1', 'date': 'Fri, 04 Dec 2015 13:35:12 GMT', 'content-type': 'application/json'}
        Body: {"server": {"status": "ACTIVE", "updated": "2015-12-04T13:35:11Z", "hostId": "147cf0dfc79525ae154045ab89e09dd0ac8849b5aa390b93ec1a0766", "addresses": {"tempest-network-smoke--482500782": [{"OS-EXT-IPS-MAC:mac_addr": "fa:16:3e:6d:d6:e2", "version": 4, "addr": "10.100.0.3", "OS-EXT-IPS:type": "fixed"}]}, "links": [{"href": "http://10.0.2.15:8774/v2.1/c1d03811654549128ffa258b669d80c4/servers/32340f0c-8d38-4839-8804-9bc1a7e9f0ad", "rel": "self"}, {"href": "http://10.0.2.15:8774/c1d03811654549128ffa258b669d80c4/servers/32340f0c-8d38-4839-8804-9bc1a7e9f0ad", "rel": "bookmark"}], "key_name": "tempest-TestNetworkBasicOps-1753980813", "image": {"id": "c5c57978-2703-4419-8def-ed01811129c8", "links": [{"href": "http://10.0.2.15:8774/c1d03811654549128ffa258b669d80c4/images/c5c57978-2703-4419-8def-ed01811129c8", "rel": "bookmark"}]}, "OS-EXT-STS:task_state": null, "OS-EXT-STS:vm_state": "active", "OS-SRV-USG:launched_at": "2015-12-04T13:35:11.000000", "flavor": {"id": "42", "links": [{"href": "http://10.0.2.15:8774/c1d03811654549128ffa258b669d80c4/flavors/42", "rel": "bookmark"}]}, "id": "32340f0c-8d38-4839-8804-9bc1a7e9f0ad", "security_groups": [{"name": "tempest-secgroup-smoke-1309963619"}], "OS-SRV-USG:terminated_at": null, "OS-EXT-AZ:availability_zone": "nova", "user_id": "cd46e19506054345b95eeb8fb2a10440", "name": "tempest.common.compute-instance-143008151", "created": "2015-12-04T13:35:08Z", "tenant_id": "c1d03811654549128ffa258b669d80c4", "OS-DCF:diskConfig": "MANUAL", "os-extended-volumes:volumes_attached": [], "accessIPv4": "", "accessIPv6": "", "progress": 0, "OS-EXT-STS:power_state": 1, "config_drive": "True", "metadata": {}}}
2015-12-04 13:35:12,570 27374 INFO     [tempest.common.waiters] State transition "BUILD/spawning" ==&gt; "ACTIVE/None" after 4 second wait
2015-12-04 13:35:12,751 27374 INFO     [tempest_lib.common.rest_client] Request (TestNetworkBasicOps:test_update_instance_port_admin_state): 200 GET http://10.0.2.15:8774/v2.1/c1d03811654549128ffa258b669d80c4/servers/32340f0c-8d38-4839-8804-9bc1a7e9f0ad 0.180s
2015-12-04 13:35:12,752 27374 DEBUG    [tempest_lib.common.rest_client] Request - Headers: {'Content-Type': 'application/json', 'Accept': 'application/json', 'X-Auth-Token': '&lt;omitted&gt;'}
        Body: None
    Response - Headers: {'status': '200', 'content-length': '1652', 'content-location': 'http://10.0.2.15:8774/v2.1/c1d03811654549128ffa258b669d80c4/servers/32340f0c-8d38-4839-8804-9bc1a7e9f0ad', 'x-compute-request-id': 'req-8f64a275-26d4-4084-8db4-d13c63d586be', 'vary': 'X-OpenStack-Nova-API-Version', 'connection': 'close', 'x-openstack-nova-api-version': '2.1', 'date': 'Fri, 04 Dec 2015 13:35:12 GMT', 'content-type': 'application/json'}
        Body: {"server": {"status": "ACTIVE", "updated": "2015-12-04T13:35:11Z", "hostId": "147cf0dfc79525ae154045ab89e09dd0ac8849b5aa390b93ec1a0766", "addresses": {"tempest-network-smoke--482500782": [{"OS-EXT-IPS-MAC:mac_addr": "fa:16:3e:6d:d6:e2", "version": 4, "addr": "10.100.0.3", "OS-EXT-IPS:type": "fixed"}]}, "links": [{"href": "http://10.0.2.15:8774/v2.1/c1d03811654549128ffa258b669d80c4/servers/32340f0c-8d38-4839-8804-9bc1a7e9f0ad", "rel": "self"}, {"href": "http://10.0.2.15:8774/c1d03811654549128ffa258b669d80c4/servers/32340f0c-8d38-4839-8804-9bc1a7e9f0ad", "rel": "bookmark"}], "key_name": "tempest-TestNetworkBasicOps-1753980813", "image": {"id": "c5c57978-2703-4419-8def-ed01811129c8", "links": [{"href": "http://10.0.2.15:8774/c1d03811654549128ffa258b669d80c4/images/c5c57978-2703-4419-8def-ed01811129c8", "rel": "bookmark"}]}, "OS-EXT-STS:task_state": null, "OS-EXT-STS:vm_state": "active", "OS-SRV-USG:launched_at": "2015-12-04T13:35:11.000000", "flavor": {"id": "42", "links": [{"href": "http://10.0.2.15:8774/c1d03811654549128ffa258b669d80c4/flavors/42", "rel": "bookmark"}]}, "id": "32340f0c-8d38-4839-8804-9bc1a7e9f0ad", "security_groups": [{"name": "tempest-secgroup-smoke-1309963619"}], "OS-SRV-USG:terminated_at": null, "OS-EXT-AZ:availability_zone": "nova", "user_id": "cd46e19506054345b95eeb8fb2a10440", "name": "tempest.common.compute-instance-143008151", "created": "2015-12-04T13:35:08Z", "tenant_id": "c1d03811654549128ffa258b669d80c4", "OS-DCF:diskConfig": "MANUAL", "os-extended-volumes:volumes_attached": [], "accessIPv4": "", "accessIPv6": "", "progress": 0, "OS-EXT-STS:power_state": 1, "config_drive": "True", "metadata": {}}}
2015-12-04 13:35:12,761 27374 INFO     [tempest.scenario.manager] Tenant networks not configured to be reachable.
2015-12-04 13:35:12,803 27374 INFO     [tempest_lib.common.rest_client] Request (TestNetworkBasicOps:test_update_instance_port_admin_state): 200 GET http://10.0.2.15:9696/v2.0/ports?status=ACTIVE&amp;fixed_ip=None&amp;device_id=32340f0c-8d38-4839-8804-9bc1a7e9f0ad 0.041s
2015-12-04 13:35:12,803 27374 DEBUG    [tempest_lib.common.rest_client] Request - Headers: {'Content-Type': 'application/json', 'Accept': 'application/json', 'X-Auth-Token': '&lt;omitted&gt;'}
        Body: None
    Response - Headers: {'status': '200', 'content-length': '895', 'content-location': 'http://10.0.2.15:9696/v2.0/ports?status=ACTIVE&amp;fixed_ip=None&amp;device_id=32340f0c-8d38-4839-8804-9bc1a7e9f0ad', 'connection': 'close', 'date': 'Fri, 04 Dec 2015 13:35:12 GMT', 'content-type': 'application/json; charset=UTF-8', 'x-openstack-request-id': 'req-50ba103c-a9a9-4c24-9c90-d2ec1a91586f'}
        Body: {"ports": [{"status": "ACTIVE", "binding:host_id": "vagrant-ubuntu-trusty-64", "allowed_address_pairs": [], "extra_dhcp_opts": [], "dns_assignment": [{"hostname": "host-10-100-0-3", "ip_address": "10.100.0.3", "fqdn": "host-10-100-0-3.openstacklocal."}], "device_owner": "compute:None", "port_security_enabled": true, "binding:profile": {}, "fixed_ips": [{"subnet_id": "06876bf1-f540-4d11-9eea-257fb6dd5f45", "ip_address": "10.100.0.3"}], "id": "1e399508-1e53-46aa-8dd0-e3d9161b873b", "security_groups": ["8c7e00f8-2873-4fa5-aa20-f97669e58026"], "device_id": "32340f0c-8d38-4839-8804-9bc1a7e9f0ad", "name": "", "admin_state_up": true, "network_id": "a06c9120-ebbe-46e3-b195-59ccad6ba0c4", "dns_name": "", "binding:vif_details": {"port_filter": true}, "binding:vnic_type": "normal", "binding:vif_type": "ovs", "tenant_id": "c1d03811654549128ffa258b669d80c4", "mac_address": "fa:16:3e:6d:d6:e2"}]}
2015-12-04 13:35:13,292 27374 INFO     [tempest_lib.common.rest_client] Request (TestNetworkBasicOps:test_update_instance_port_admin_state): 201 POST http://10.0.2.15:9696/v2.0/floatingips 0.488s
2015-12-04 13:35:13,293 27374 DEBUG    [tempest_lib.common.rest_client] Request - Headers: {'Content-Type': 'application/json', 'Accept': 'application/json', 'X-Auth-Token': '&lt;omitted&gt;'}
        Body: {"floatingip": {"floating_network_id": "69097f94-7b78-4bf5-b615-40558e570db2", "tenant_id": "c1d03811654549128ffa258b669d80c4", "fixed_ip_address": "10.100.0.3", "port_id": "1e399508-1e53-46aa-8dd0-e3d9161b873b"}}
    Response - Headers: {'status': '201', 'content-length': '368', 'connection': 'close', 'date': 'Fri, 04 Dec 2015 13:35:13 GMT', 'content-type': 'application/json; charset=UTF-8', 'x-openstack-request-id': 'req-9bb5a600-4c17-48e6-9a07-bb724bc4410c'}
        Body: {"floatingip": {"floating_network_id": "69097f94-7b78-4bf5-b615-40558e570db2", "router_id": "763f21b0-c909-4e45-9b10-69b9a277392d", "fixed_ip_address": "10.100.0.3", "floating_ip_address": "172.24.4.18", "tenant_id": "c1d03811654549128ffa258b669d80c4", "status": "DOWN", "port_id": "1e399508-1e53-46aa-8dd0-e3d9161b873b", "id": "33ed8ff5-0365-4b76-8e1b-fa1e4020803f"}}
2015-12-04 13:35:13,323 27374 INFO     [tempest_lib.common.rest_client] Request (TestNetworkBasicOps:test_update_instance_port_admin_state): 200 GET http://10.0.2.15:9696/v2.0/ports?device_id=32340f0c-8d38-4839-8804-9bc1a7e9f0ad 0.029s
2015-12-04 13:35:13,323 27374 DEBUG    [tempest_lib.common.rest_client] Request - Headers: {'Content-Type': 'application/json', 'Accept': 'application/json', 'X-Auth-Token': '&lt;omitted&gt;'}
        Body: None
    Response - Headers: {'status': '200', 'content-length': '895', 'content-location': 'http://10.0.2.15:9696/v2.0/ports?device_id=32340f0c-8d38-4839-8804-9bc1a7e9f0ad', 'connection': 'close', 'date': 'Fri, 04 Dec 2015 13:35:13 GMT', 'content-type': 'application/json; charset=UTF-8', 'x-openstack-request-id': 'req-0d19411f-e305-4c75-b7c4-f32b19af4315'}
        Body: {"ports": [{"status": "ACTIVE", "binding:host_id": "vagrant-ubuntu-trusty-64", "allowed_address_pairs": [], "extra_dhcp_opts": [], "dns_assignment": [{"hostname": "host-10-100-0-3", "ip_address": "10.100.0.3", "fqdn": "host-10-100-0-3.openstacklocal."}], "device_owner": "compute:None", "port_security_enabled": true, "binding:profile": {}, "fixed_ips": [{"subnet_id": "06876bf1-f540-4d11-9eea-257fb6dd5f45", "ip_address": "10.100.0.3"}], "id": "1e399508-1e53-46aa-8dd0-e3d9161b873b", "security_groups": ["8c7e00f8-2873-4fa5-aa20-f97669e58026"], "device_id": "32340f0c-8d38-4839-8804-9bc1a7e9f0ad", "name": "", "admin_state_up": true, "network_id": "a06c9120-ebbe-46e3-b195-59ccad6ba0c4", "dns_name": "", "binding:vif_details": {"port_filter": true}, "binding:vnic_type": "normal", "binding:vif_type": "ovs", "tenant_id": "c1d03811654549128ffa258b669d80c4", "mac_address": "fa:16:3e:6d:d6:e2"}]}
2015-12-04 13:35:13,337 27374 INFO     [tempest_lib.common.rest_client] Request (TestNetworkBasicOps:test_update_instance_port_admin_state): 200 GET http://10.0.2.15:9696/v2.0/floatingips/33ed8ff5-0365-4b76-8e1b-fa1e4020803f 0.012s
2015-12-04 13:35:13,337 27374 DEBUG    [tempest_lib.common.rest_client] Request - Headers: {'Content-Type': 'application/json', 'Accept': 'application/json', 'X-Auth-Token': '&lt;omitted&gt;'}
        Body: None
    Response - Headers: {'status': '200', 'content-length': '368', 'content-location': 'http://10.0.2.15:9696/v2.0/floatingips/33ed8ff5-0365-4b76-8e1b-fa1e4020803f', 'connection': 'close', 'date': 'Fri, 04 Dec 2015 13:35:13 GMT', 'content-type': 'application/json; charset=UTF-8', 'x-openstack-request-id': 'req-1b325e5e-e69c-4261-a432-d1c318ec661f'}
        Body: {"floatingip": {"floating_network_id": "69097f94-7b78-4bf5-b615-40558e570db2", "router_id": "763f21b0-c909-4e45-9b10-69b9a277392d", "fixed_ip_address": "10.100.0.3", "floating_ip_address": "172.24.4.18", "tenant_id": "c1d03811654549128ffa258b669d80c4", "status": "DOWN", "port_id": "1e399508-1e53-46aa-8dd0-e3d9161b873b", "id": "33ed8ff5-0365-4b76-8e1b-fa1e4020803f"}}
2015-12-04 13:35:14,354 27374 INFO     [tempest_lib.common.rest_client] Request (TestNetworkBasicOps:test_update_instance_port_admin_state): 200 GET http://10.0.2.15:9696/v2.0/floatingips/33ed8ff5-0365-4b76-8e1b-fa1e4020803f 0.015s
2015-12-04 13:35:14,355 27374 DEBUG    [tempest_lib.common.rest_client] Request - Headers: {'Content-Type': 'application/json', 'Accept': 'application/json', 'X-Auth-Token': '&lt;omitted&gt;'}
        Body: None
    Response - Headers: {'status': '200', 'content-length': '370', 'content-location': 'http://10.0.2.15:9696/v2.0/floatingips/33ed8ff5-0365-4b76-8e1b-fa1e4020803f', 'connection': 'close', 'date': 'Fri, 04 Dec 2015 13:35:14 GMT', 'content-type': 'application/json; charset=UTF-8', 'x-openstack-request-id': 'req-6b86331c-2d55-4495-8915-3b914b98f82f'}
        Body: {"floatingip": {"floating_network_id": "69097f94-7b78-4bf5-b615-40558e570db2", "router_id": "763f21b0-c909-4e45-9b10-69b9a277392d", "fixed_ip_address": "10.100.0.3", "floating_ip_address": "172.24.4.18", "tenant_id": "c1d03811654549128ffa258b669d80c4", "status": "ACTIVE", "port_id": "1e399508-1e53-46aa-8dd0-e3d9161b873b", "id": "33ed8ff5-0365-4b76-8e1b-fa1e4020803f"}}
2015-12-04 13:35:14,355 27374 INFO     [tempest.scenario.manager] FloatingIP: &lt;"FloatingIP" addr="172.24.4.18" id="33ed8ff5-0365-4b76-8e1b-fa1e4020803f"&gt; is at status: ACTIVE
2015-12-04 13:35:14,356 27374 DEBUG    [tempest.scenario.manager] checking network connections to IP 172.24.4.18 with user: cirros
2015-12-04 13:35:14,356 27374 DEBUG    [tempest.scenario.manager] TestNetworkBasicOps:test_update_instance_port_admin_state begins to ping 172.24.4.18 in 120 sec and the expected result is reachable
2015-12-04 13:35:32,418 27374 DEBUG    [tempest.scenario.manager] TestNetworkBasicOps:test_update_instance_port_admin_state finishes ping 172.24.4.18 in 120 sec and the ping result is expected
2015-12-04 13:35:32,420 27374 INFO     [tempest_lib.common.ssh] Creating ssh connection to '172.24.4.18' as 'cirros' with public key authentication
2015-12-04 13:35:32,424 27374 WARNING  [tempest_lib.common.ssh] Failed to establish authenticated ssh connection to cirros@172.24.4.18 ([Errno None] Unable to connect to port 22 on  or 172.24.4.18). Number attempts: 1. Retry after 2 seconds.
2015-12-04 13:35:34,934 27374 WARNING  [tempest_lib.common.ssh] Failed to establish authenticated ssh connection to cirros@172.24.4.18 ([Errno None] Unable to connect to port 22 on  or 172.24.4.18). Number attempts: 2. Retry after 3 seconds.
2015-12-04 13:35:38,443 27374 WARNING  [tempest_lib.common.ssh] Failed to establish authenticated ssh connection to cirros@172.24.4.18 ([Errno None] Unable to connect to port 22 on  or 172.24.4.18). Number attempts: 3. Retry after 4 seconds.
2015-12-04 13:35:43,013 27374 INFO     [paramiko.transport] Connected (version 2.0, client dropbear_2012.55)
2015-12-04 13:35:43,208 27374 INFO     [paramiko.transport] Authentication (publickey) successful!
2015-12-04 13:35:43,239 27374 INFO     [tempest_lib.common.ssh] ssh connection to cirros@172.24.4.18 successfuly created
2015-12-04 13:35:43,652 27374 INFO     [tempest_lib.common.rest_client] Request (TestNetworkBasicOps:test_update_instance_port_admin_state): 200 PUT http://10.0.2.15:9696/v2.0/ports/1e399508-1e53-46aa-8dd0-e3d9161b873b 0.294s
2015-12-04 13:35:43,653 27374 DEBUG    [tempest_lib.common.rest_client] Request - Headers: {'Content-Type': 'application/json', 'Accept': 'application/json', 'X-Auth-Token': '&lt;omitted&gt;'}
        Body: {"port": {"admin_state_up": false}}
    Response - Headers: {'status': '200', 'content-length': '750', 'connection': 'close', 'date': 'Fri, 04 Dec 2015 13:35:43 GMT', 'content-type': 'application/json; charset=UTF-8', 'x-openstack-request-id': 'req-37460381-90f9-47b6-9e06-56d31a2d2e22'}
        Body: {"port": {"status": "ACTIVE", "name": "", "allowed_address_pairs": [], "admin_state_up": false, "network_id": "a06c9120-ebbe-46e3-b195-59ccad6ba0c4", "dns_name": "", "extra_dhcp_opts": [], "mac_address": "fa:16:3e:6d:d6:e2", "dns_assignment": [{"hostname": "host-10-100-0-3", "ip_address": "10.100.0.3", "fqdn": "host-10-100-0-3.openstacklocal."}], "binding:vnic_type": "normal", "device_owner": "compute:None", "tenant_id": "c1d03811654549128ffa258b669d80c4", "port_security_enabled": true, "fixed_ips": [{"subnet_id": "06876bf1-f540-4d11-9eea-257fb6dd5f45", "ip_address": "10.100.0.3"}], "id": "1e399508-1e53-46aa-8dd0-e3d9161b873b", "security_groups": ["8c7e00f8-2873-4fa5-aa20-f97669e58026"], "device_id": "32340f0c-8d38-4839-8804-9bc1a7e9f0ad"}}
2015-12-04 13:35:43,654 27374 DEBUG    [tempest.scenario.manager] checking network connections to IP 172.24.4.18 with user: cirros
2015-12-04 13:35:43,655 27374 DEBUG    [tempest.scenario.manager] TestNetworkBasicOps:test_update_instance_port_admin_state begins to ping 172.24.4.18 in 120 sec and the expected result is unreachable
2015-12-04 13:37:44,176 27374 DEBUG    [tempest.scenario.manager] TestNetworkBasicOps:test_update_instance_port_admin_state finishes ping 172.24.4.18 in 120 sec and the ping result is unexpected
2015-12-04 13:37:44,177 27374 ERROR    [tempest.scenario.manager] Public network connectivity check failed: after updating admin_state_up of instance port to False
2015-12-04 13:37:44.177 27374 ERROR tempest.scenario.manager Traceback (most recent call last):
2015-12-04 13:37:44.177 27374 ERROR tempest.scenario.manager   File "tempest/scenario/manager.py", line 606, in check_public_network_connectivity
2015-12-04 13:37:44.177 27374 ERROR tempest.scenario.manager     should_connect=should_connect)
2015-12-04 13:37:44.177 27374 ERROR tempest.scenario.manager   File "tempest/scenario/manager.py", line 590, in check_vm_connectivity
2015-12-04 13:37:44.177 27374 ERROR tempest.scenario.manager     msg=msg)
2015-12-04 13:37:44.177 27374 ERROR tempest.scenario.manager   File "/usr/local/lib/python2.7/dist-packages/unittest2/case.py", line 702, in assertTrue
2015-12-04 13:37:44.177 27374 ERROR tempest.scenario.manager     raise self.failureException(msg)
2015-12-04 13:37:44.177 27374 ERROR tempest.scenario.manager AssertionError: False is not true : ip address 172.24.4.18 is reachable
2015-12-04 13:37:44.177 27374 ERROR tempest.scenario.manager 
2015-12-04 13:37:44,391 27374 INFO     [tempest_lib.common.rest_client] Request (TestNetworkBasicOps:test_update_instance_port_admin_state): 200 POST http://10.0.2.15:8774/v2.1/c1d03811654549128ffa258b669d80c4/servers/32340f0c-8d38-4839-8804-9bc1a7e9f0ad/action 0.212s
2015-12-04 13:37:44,392 27374 DEBUG    [tempest_lib.common.rest_client] Request - Headers: {'Content-Type': 'application/json', 'Accept': 'application/json', 'X-Auth-Token': '&lt;omitted&gt;'}
        Body: {"os-getConsoleOutput": {}}
    Response - Headers: {'status': '200', 'content-length': '19743', 'x-compute-request-id': 'req-3ec09f30-448b-4816-9ccb-24d04f51057e', 'vary': 'X-OpenStack-Nova-API-Version', 'connection': 'close', 'x-openstack-nova-api-version': '2.1', 'date': 'Fri, 04 Dec 2015 13:37:44 GMT', 'content-type': 'application/json'}
        Body: {"output": "[    0.000000] Initializing cgroup subsys cpuset\n[    0.000000] Initializing cgroup subsys cpu\n[    0.000000] Linux version 3.2.0-80-virtual (buildd@batsu) (gcc version 4.6.3 (Ubuntu/Linaro 4.6.3-1ubuntu5) ) #116-Ubuntu SMP Mon Mar 23 17:28:52 UTC 2015 (Ubuntu 3.2.0-80.116-virtual 3.2.68)\n[    0.000000] Command line: root=/dev/vda console=tty0 console=ttyS0 no_timer_check\n[    0.000000] KERNEL supported cpus:\n[    0.000000]   Intel GenuineIntel\n[    0.000000]   AMD AuthenticAMD\n[    0.000000]   Centaur CentaurHauls\n[    0.000000] BIOS-provided physical RAM map:\n[    0.000000]  BIOS-e820: 0000000000000000 - 000000000009fc00 (usable)\n[    0.000000]  BIOS-e820: 000000000009fc00 - 00000000000a0000 (reserved)\n[    0.000000]  BIOS-e820: 00000000000f0000 - 0000000000100000 (reserved)\n[    0.000000]  BIOS-e820: 0000000000100000 - 0000000003ffe000 (usable)\n[    0.000000]  BIOS-e820: 0000000003ffe000 - 0000000004000000 (reserved)\n[    0.000000]  BIOS-e820: 00000000fffc0000 - 0000000100000000 (reserved)\n[    0.000000] NX (Execute Disable) protection: active\n[    0.000000] SMBIOS 2.4 present.\n[    0.000000] No AGP bridge found\n[    0.000000] last_pfn = 0x3ffe max_arch_pfn = 0x400000000\n[    0.000000] x86 PAT enabled: cpu 0, old 0x7040600070406, new 0x7010600070106\n[    0.000000] found SMP MP-table at [ffff8800000f0b00] f0b00\n[    0.000000] init_memory_mapping: 0000000000000000-0000000003ffe000\n[    0.000000] RAMDISK: 03c5e000 - 03ff0000\n[    0.000000] ACPI: RSDP 00000000000f0950 00014 (v00 BOCHS )\n[    0.000000] ACPI: RSDT 0000000003fffbc1 00034 (v01 BOCHS  BXPCRSDT 00000001 BXPC 00000001)\n[    0.000000] ACPI: FACP 0000000003fff1c0 00074 (v01 BOCHS  BXPCFACP 00000001 BXPC 00000001)\n[    0.000000] ACPI: DSDT 0000000003ffe040 01180 (v01 BOCHS  BXPCDSDT 00000001 BXPC 00000001)\n[    0.000000] ACPI: FACS 0000000003ffe000 00040\n[    0.000000] ACPI: SSDT 0000000003fff234 008DD (v01 BOCHS  BXPCSSDT 00000001 BXPC 00000001)\n[    0.000000] ACPI: APIC 0000000003fffb11 00078 (v01 BOCHS  BXPCAPIC 00000001 BXPC 00000001)\n[    0.000000] ACPI: HPET 0000000003fffb89 00038 (v01 BOCHS  BXPCHPET 00000001 BXPC 00000001)\n[    0.000000] No NUMA configuration found\n[    0.000000] Faking a node at 0000000000000000-0000000003ffe000\n[    0.000000] Initmem setup node 0 0000000000000000-0000000003ffe000\n[    0.000000]   NODE_DATA [0000000003ff6000 - 0000000003ffafff]\n[    0.000000] Zone PFN ranges:\n[    0.000000]   DMA      0x00000010 -&gt; 0x00001000\n[    0.000000]   DMA32    0x00001000 -&gt; 0x00100000\n[    0.000000]   Normal   empty\n[    0.000000] Movable zone start PFN for each node\n[    0.000000] early_node_map[2] active PFN ranges\n[    0.000000]     0: 0x00000010 -&gt; 0x0000009f\n[    0.000000]     0: 0x00000100 -&gt; 0x00003ffe\n[    0.000000] ACPI: PM-Timer IO Port: 0xb008\n[    0.000000] ACPI: LAPIC (acpi_id[0x00] lapic_id[0x00] enabled)\n[    0.000000] ACPI: LAPIC_NMI (acpi_id[0xff] dfl dfl lint[0x1])\n[    0.000000] ACPI: IOAPIC (id[0x00] address[0xfec00000] gsi_base[0])\n[    0.000000] IOAPIC[0]: apic_id 0, version 17, address 0xfec00000, GSI 0-23\n[    0.000000] ACPI: INT_SRC_OVR (bus 0 bus_irq 0 global_irq 2 dfl dfl)\n[    0.000000] ACPI: INT_SRC_OVR (bus 0 bus_irq 5 global_irq 5 high level)\n[    0.000000] ACPI: INT_SRC_OVR (bus 0 bus_irq 9 global_irq 9 high level)\n[    0.000000] ACPI: INT_SRC_OVR (bus 0 bus_irq 10 global_irq 10 high level)\n[    0.000000] ACPI: INT_SRC_OVR (bus 0 bus_irq 11 global_irq 11 high level)\n[    0.000000] Using ACPI (MADT) for SMP configuration information\n[    0.000000] ACPI: HPET id: 0x8086a201 base: 0xfed00000\n[    0.000000] SMP: Allowing 1 CPUs, 0 hotplug CPUs\n[    0.000000] PM: Registered nosave memory: 000000000009f000 - 00000000000a0000\n[    0.000000] PM: Registered nosave memory: 00000000000a0000 - 00000000000f0000\n[    0.000000] PM: Registered nosave memory: 00000000000f0000 - 0000000000100000\n[    0.000000] Allocating PCI resources starting at 4000000 (gap: 4000000:fbfc0000)\n[    0.000000] Booting paravirtualized kernel on bare hardware\n[    0.000000] setup_pe
2015-12-04 13:37:44,398 27374 DEBUG    [tempest.scenario.manager] Console output for 32340f0c-8d38-4839-8804-9bc1a7e9f0ad
body=
[    0.000000] Initializing cgroup subsys cpuset
[    0.000000] Initializing cgroup subsys cpu
[    0.000000] Linux version 3.2.0-80-virtual (buildd@batsu) (gcc version 4.6.3 (Ubuntu/Linaro 4.6.3-1ubuntu5) ) #116-Ubuntu SMP Mon Mar 23 17:28:52 UTC 2015 (Ubuntu 3.2.0-80.116-virtual 3.2.68)
[    0.000000] Command line: root=/dev/vda console=tty0 console=ttyS0 no_timer_check
[    0.000000] KERNEL supported cpus:
[    0.000000]   Intel GenuineIntel
[    0.000000]   AMD AuthenticAMD
[    0.000000]   Centaur CentaurHauls
[    0.000000] BIOS-provided physical RAM map:
[    0.000000]  BIOS-e820: 0000000000000000 - 000000000009fc00 (usable)
[    0.000000]  BIOS-e820: 000000000009fc00 - 00000000000a0000 (reserved)
[    0.000000]  BIOS-e820: 00000000000f0000 - 0000000000100000 (reserved)
[    0.000000]  BIOS-e820: 0000000000100000 - 0000000003ffe000 (usable)
[    0.000000]  BIOS-e820: 0000000003ffe000 - 0000000004000000 (reserved)
[    0.000000]  BIOS-e820: 00000000fffc0000 - 0000000100000000 (reserved)
[    0.000000] NX (Execute Disable) protection: active
[    0.000000] SMBIOS 2.4 present.
[    0.000000] No AGP bridge found
[    0.000000] last_pfn = 0x3ffe max_arch_pfn = 0x400000000
[    0.000000] x86 PAT enabled: cpu 0, old 0x7040600070406, new 0x7010600070106
[    0.000000] found SMP MP-table at [ffff8800000f0b00] f0b00
[    0.000000] init_memory_mapping: 0000000000000000-0000000003ffe000
[    0.000000] RAMDISK: 03c5e000 - 03ff0000
[    0.000000] ACPI: RSDP 00000000000f0950 00014 (v00 BOCHS )
[    0.000000] ACPI: RSDT 0000000003fffbc1 00034 (v01 BOCHS  BXPCRSDT 00000001 BXPC 00000001)
[    0.000000] ACPI: FACP 0000000003fff1c0 00074 (v01 BOCHS  BXPCFACP 00000001 BXPC 00000001)
[    0.000000] ACPI: DSDT 0000000003ffe040 01180 (v01 BOCHS  BXPCDSDT 00000001 BXPC 00000001)
[    0.000000] ACPI: FACS 0000000003ffe000 00040
[    0.000000] ACPI: SSDT 0000000003fff234 008DD (v01 BOCHS  BXPCSSDT 00000001 BXPC 00000001)
[    0.000000] ACPI: APIC 0000000003fffb11 00078 (v01 BOCHS  BXPCAPIC 00000001 BXPC 00000001)
[    0.000000] ACPI: HPET 0000000003fffb89 00038 (v01 BOCHS  BXPCHPET 00000001 BXPC 00000001)
[    0.000000] No NUMA configuration found
[    0.000000] Faking a node at 0000000000000000-0000000003ffe000
[    0.000000] Initmem setup node 0 0000000000000000-0000000003ffe000
[    0.000000]   NODE_DATA [0000000003ff6000 - 0000000003ffafff]
[    0.000000] Zone PFN ranges:
[    0.000000]   DMA      0x00000010 -&gt; 0x00001000
[    0.000000]   DMA32    0x00001000 -&gt; 0x00100000
[    0.000000]   Normal   empty
[    0.000000] Movable zone start PFN for each node
[    0.000000] early_node_map[2] active PFN ranges
[    0.000000]     0: 0x00000010 -&gt; 0x0000009f
[    0.000000]     0: 0x00000100 -&gt; 0x00003ffe
[    0.000000] ACPI: PM-Timer IO Port: 0xb008
[    0.000000] ACPI: LAPIC (acpi_id[0x00] lapic_id[0x00] enabled)
[    0.000000] ACPI: LAPIC_NMI (acpi_id[0xff] dfl dfl lint[0x1])
[    0.000000] ACPI: IOAPIC (id[0x00] address[0xfec00000] gsi_base[0])
[    0.000000] IOAPIC[0]: apic_id 0, version 17, address 0xfec00000, GSI 0-23
[    0.000000] ACPI: INT_SRC_OVR (bus 0 bus_irq 0 global_irq 2 dfl dfl)
[    0.000000] ACPI: INT_SRC_OVR (bus 0 bus_irq 5 global_irq 5 high level)
[    0.000000] ACPI: INT_SRC_OVR (bus 0 bus_irq 9 global_irq 9 high level)
[    0.000000] ACPI: INT_SRC_OVR (bus 0 bus_irq 10 global_irq 10 high level)
[    0.000000] ACPI: INT_SRC_OVR (bus 0 bus_irq 11 global_irq 11 high level)
[    0.000000] Using ACPI (MADT) for SMP configuration information
[    0.000000] ACPI: HPET id: 0x8086a201 base: 0xfed00000
[    0.000000] SMP: Allowing 1 CPUs, 0 hotplug CPUs
[    0.000000] PM: Registered nosave memory: 000000000009f000 - 00000000000a0000
[    0.000000] PM: Registered nosave memory: 00000000000a0000 - 00000000000f0000
[    0.000000] PM: Registered nosave memory: 00000000000f0000 - 0000000000100000
[    0.000000] Allocating PCI resources starting at 4000000 (gap: 4000000:fbfc0000)
[    0.000000] Booting paravirtualized kernel on bare hardware
[    0.000000] setup_percpu: NR_CPUS:64 nr_cpumask_bits:64 nr_cpu_ids:1 nr_node_ids:1
[    0.000000] PERCPU: Embedded 27 pages/cpu @ffff880003a00000 s78848 r8192 d23552 u2097152
[    0.000000] Built 1 zonelists in Node order, mobility grouping on.  Total pages: 16008
[    0.000000] Policy zone: DMA32
[    0.000000] Kernel command line: root=/dev/vda console=tty0 console=ttyS0 no_timer_check
[    0.000000] PID hash table entries: 256 (order: -1, 2048 bytes)
[    0.000000] Checking aperture...
[    0.000000] No AGP bridge found
[    0.000000] Memory: 43492k/65528k available (6576k kernel code, 452k absent, 21584k reserved, 6620k data, 928k init)
[    0.000000] SLUB: Genslabs=15, HWalign=64, Order=0-3, MinObjects=0, CPUs=1, Nodes=1
[    0.000000] Hierarchical RCU implementation.
[    0.000000] 	RCU dyntick-idle grace-period acceleration is enabled.
[    0.000000] NR_IRQS:4352 nr_irqs:256 16
[    0.000000] Console: colour VGA+ 80x25
[    0.000000] console [tty0] enabled
[    0.000000] console [ttyS0] enabled
[    0.000000] allocated 1048576 bytes of page_cgroup
[    0.000000] please try 'cgroup_disable=memory' option if you don't want memory cgroups
[    0.000000] Fast TSC calibration failed
[    0.000000] TSC: Unable to calibrate against PIT
[    0.000000] TSC: using HPET reference calibration
[    0.000000] Detected 2294.277 MHz processor.
[    0.033598] Calibrating delay loop (skipped), value calculated using timer frequency.. 4588.55 BogoMIPS (lpj=9177108)
[    0.035724] pid_max: default: 32768 minimum: 301
[    0.042429] Security Framework initialized
[    0.046880] AppArmor: AppArmor initialized
[    0.048131] Yama: becoming mindful.
[    0.054639] Dentry cache hash table entries: 8192 (order: 4, 65536 bytes)
[    0.056615] Inode-cache hash table entries: 4096 (order: 3, 32768 bytes)
[    0.058076] Mount-cache hash table entries: 256
[    0.074610] Initializing cgroup subsys cpuacct
[    0.076359] Initializing cgroup subsys memory
[    0.078143] Initializing cgroup subsys devices
[    0.079252] Initializing cgroup subsys freezer
[    0.080170] Initializing cgroup subsys blkio
[    0.080917] Initializing cgroup subsys perf_event
[    0.086348] mce: CPU supports 10 MCE banks
[    0.090356] SMP alternatives: switching to UP code
[    0.461517] Freeing SMP alternatives: 24k freed
[    0.464823] ACPI: Core revision 20110623
[    0.516321] ftrace: allocating 26610 entries in 105 pages
[    0.542807] ..TIMER: vector=0x30 apic1=0 pin1=2 apic2=-1 pin2=-1
[    0.544152] CPU0: AMD QEMU Virtual CPU version 2.0.0 stepping 03
[    0.548033] Performance Events: Broken PMU hardware detected, using software events only.
[    0.556439] NMI watchdog disabled (cpu0): hardware events not enabled
[    0.558438] Brought up 1 CPUs
[    0.559005] Total of 1 processors activated (4588.55 BogoMIPS).
[    0.581482] devtmpfs: initialized
[    0.608808] EVM: security.selinux
[    0.609262] EVM: security.SMACK64
[    0.609766] EVM: security.capability
[    0.629383] print_constraints: dummy: 
[    0.631261] RTC time: 13:35:14, date: 12/04/15
[    0.633899] NET: Registered protocol family 16
[    0.641712] ACPI: bus type pci registered
[    0.645441] PCI: Using configuration type 1 for base access
[    0.676605] bio: create slab &lt;bio-0&gt; at 0
[    0.681019] ACPI: Added _OSI(Module Device)
[    0.681636] ACPI: Added _OSI(Processor Device)
[    0.682228] ACPI: Added _OSI(3.0 _SCP Extensions)
[    0.682854] ACPI: Added _OSI(Processor Aggregator Device)
[    0.752950] ACPI: Interpreter enabled
[    0.753451] ACPI: (supports S0 S3 S4 S5)
[    0.755154] ACPI: Using IOAPIC for interrupt routing
[    0.828954] ACPI: No dock devices found.
[    0.829464] HEST: Table not found.
[    0.830109] PCI: Using host bridge windows from ACPI; if necessary, use "pci=nocrs" and report a bug
[    0.835253] ACPI: PCI Root Bridge [PCI0] (domain 0000 [bus 00-ff])
[    0.841414] pci_root PNP0A03:00: host bridge window [io  0x0000-0x0cf7]
[    0.842313] pci_root PNP0A03:00: host bridge window [io  0x0d00-0xadff]
[    0.843086] pci_root PNP0A03:00: host bridge window [io  0xae0f-0xaeff]
[    0.844103] pci_root PNP0A03:00: host bridge window [io  0xaf20-0xafdf]
[    0.844948] pci_root PNP0A03:00: host bridge window [io  0xafe4-0xffff]
[    0.846264] pci_root PNP0A03:00: host bridge window [mem 0x000a0000-0x000bffff]
[    0.848100] pci_root PNP0A03:00: host bridge window [mem 0x04000000-0xfebfffff]
[    0.869689] pci 0000:00:01.3: quirk: [io  0xb000-0xb03f] claimed by PIIX4 ACPI
[    0.870654] pci 0000:00:01.3: quirk: [io  0xb100-0xb10f] claimed by PIIX4 SMB
[    0.936604]  pci0000:00: Unable to request _OSC control (_OSC support mask: 0x1e)
[    0.998149] ACPI: PCI Interrupt Link [LNKA] (IRQs 5 *10 11)
[    1.000500] ACPI: PCI Interrupt Link [LNKB] (IRQs 5 *10 11)
[    1.004093] ACPI: PCI Interrupt Link [LNKC] (IRQs 5 10 *11)
[    1.005807] ACPI: PCI Interrupt Link [LNKD] (IRQs 5 10 *11)
[    1.007022] ACPI: PCI Interrupt Link [LNKS] (IRQs *9)
[    1.015123] vgaarb: device added: PCI:0000:00:02.0,decodes=io+mem,owns=io+mem,locks=none
[    1.016182] vgaarb: loaded
[    1.016695] vgaarb: bridge control possible 0000:00:02.0
[    1.021381] i2c-core: driver [aat2870] using legacy suspend method
[    1.022215] i2c-core: driver [aat2870] using legacy resume method
[    1.026148] SCSI subsystem initialized
[    1.030261] usbcore: registered new interface driver usbfs
[    1.031380] usbcore: registered new interface driver hub
[    1.032791] usbcore: registered new device driver usb
[    1.037486] PCI: Using ACPI for IRQ routing
[    1.049393] NetLabel: Initializing
[    1.049867] NetLabel:  domain hash size = 128
[    1.050443] NetLabel:  protocols = UNLABELED CIPSOv4
[    1.053018] NetLabel:  unlabeled traffic allowed by default
[    1.055047] HPET: 3 timers in total, 0 timers will be used for per-cpu timer
[    1.057275] hpet0: at MMIO 0xfed00000, IRQs 2, 8, 0
[    1.058286] hpet0: 3 comparators, 64-bit 100.000000 MHz counter
[    1.066333] Switching to clocksource hpet
[    1.317505] AppArmor: AppArmor Filesystem Enabled
[    1.319268] pnp: PnP ACPI init
[    1.320093] ACPI: bus type pnp registered
[    1.342751] pnp: PnP ACPI: found 9 devices
[    1.343524] ACPI: ACPI bus type pnp unregistered
[    1.401247] NET: Registered protocol family 2
[    1.441639] IP route cache hash table entries: 512 (order: 0, 4096 bytes)
[    1.450517] TCP established hash table entries: 2048 (order: 3, 32768 bytes)
[    1.453320] TCP bind hash table entries: 2048 (order: 3, 32768 bytes)
[    1.454128] TCP: Hash tables configured (established 2048 bind 2048)
[    1.455183] TCP reno registered
[    1.455853] UDP hash table entries: 128 (order: 0, 4096 bytes)
[    1.457956] UDP-Lite hash table entries: 128 (order: 0, 4096 bytes)
[    1.461172] NET: Registered protocol family 1
[    1.462271] pci 0000:00:00.0: Limiting direct PCI/PCI transfers
[    1.463071] pci 0000:00:01.0: PIIX3: Enabling Passive Release
[    1.464023] pci 0000:00:01.0: Activating ISA DMA hang workarounds
[    1.469576] ACPI: PCI Interrupt Link [LNKD] enabled at IRQ 11
[    1.470619] pci 0000:00:01.2: PCI INT D -&gt; Link[LNKD] -&gt; GSI 11 (level, high) -&gt; IRQ 11
[    1.473261] pci 0000:00:01.2: PCI INT D disabled
[    1.499463] Trying to unpack rootfs image as initramfs...
[    1.518629] audit: initializing netlink socket (disabled)
[    1.521857] type=2000 audit(1449236114.516:1): initialized
[    1.810295] HugeTLB registered 2 MB page size, pre-allocated 0 pages
[    1.915832] VFS: Disk quotas dquot_6.5.2
[    1.918059] Dquot-cache hash table entries: 512 (order 0, 4096 bytes)
[    1.938458] fuse init (API version 7.17)
[    1.942728] msgmni has been set to 84
[    1.983237] Block layer SCSI generic (bsg) driver version 0.4 loaded (major 253)
[    1.990319] io scheduler noop registered
[    1.990831] io scheduler deadline registered (default)
[    1.993051] io scheduler cfq registered
[    1.997556] pci_hotplug: PCI Hot Plug PCI Core version: 0.5
[    1.999570] pciehp: PCI Express Hot Plug Controller Driver version: 0.4
[    2.006159] input: Power Button as /devices/LNXSYSTM:00/LNXPWRBN:00/input/input0
[    2.008011] ACPI: Power Button [PWRF]
[    2.089895] ERST: Table is not found!
[    2.090425] GHES: HEST is not enabled!
[    2.097428] ACPI: PCI Interrupt Link [LNKC] enabled at IRQ 10
[    2.098195] virtio-pci 0000:00:03.0: PCI INT A -&gt; Link[LNKC] -&gt; GSI 10 (level, high) -&gt; IRQ 10
[    2.101741] virtio-pci 0000:00:04.0: PCI INT A -&gt; Link[LNKD] -&gt; GSI 11 (level, high) -&gt; IRQ 11
[    2.114887] ACPI: PCI Interrupt Link [LNKA] enabled at IRQ 10
[    2.115993] virtio-pci 0000:00:05.0: PCI INT A -&gt; Link[LNKA] -&gt; GSI 10 (level, high) -&gt; IRQ 10
[    2.129484] Serial: 8250/16550 driver, 32 ports, IRQ sharing enabled
[    2.169320] serial8250: ttyS0 at I/O 0x3f8 (irq = 4) is a 16550A
[    2.247202] serial8250: ttyS1 at I/O 0x2f8 (irq = 3) is a 16550A
[    2.379184] 00:05: ttyS0 at I/O 0x3f8 (irq = 4) is a 16550A
[    2.460993] 00:06: ttyS1 at I/O 0x2f8 (irq = 3) is a 16550A
[    2.477781] Refined TSC clocksource calibration: 2294.507 MHz.
[    2.478675] Switching to clocksource tsc
[    2.515055] Linux agpgart interface v0.103
[    2.588565] brd: module loaded
[    2.623780] loop: module loaded
[    2.675923]  vda: unknown partition table
[    2.749158] scsi0 : ata_piix
[    2.750942] scsi1 : ata_piix
[    2.752969] ata1: PATA max MWDMA2 cmd 0x1f0 ctl 0x3f6 bmdma 0xc0a0 irq 14
[    2.753803] ata2: PATA max MWDMA2 cmd 0x170 ctl 0x376 bmdma 0xc0a8 irq 15
[    2.763309] Fixed MDIO Bus: probed
[    2.764126] tun: Universal TUN/TAP device driver, 1.6
[    2.765133] tun: (C) 1999-2004 Max Krasnyansky &lt;maxk@qualcomm.com&gt;
[    2.778315] PPP generic driver version 2.4.2
[    2.799245] ehci_hcd: USB 2.0 'Enhanced' Host Controller (EHCI) Driver
[    2.801100] ohci_hcd: USB 1.1 'Open' Host Controller (OHCI) Driver
[    2.802183] uhci_hcd: USB Universal Host Controller Interface driver
[    2.803315] uhci_hcd 0000:00:01.2: PCI INT D -&gt; Link[LNKD] -&gt; GSI 11 (level, high) -&gt; IRQ 11
[    2.806702] uhci_hcd 0000:00:01.2: UHCI Host Controller
[    2.819612] uhci_hcd 0000:00:01.2: new USB bus registered, assigned bus number 1
[    2.822288] uhci_hcd 0000:00:01.2: irq 11, io base 0x0000c040
[    2.865043] hub 1-0:1.0: USB hub found
[    2.867795] hub 1-0:1.0: 2 ports detected
[    2.879467] usbcore: registered new interface driver libusual
[    2.882540] i8042: PNP: PS/2 Controller [PNP0303:KBD,PNP0f13:MOU] at 0x60,0x64 irq 1,12
[    2.895478] serio: i8042 KBD port at 0x60,0x64 irq 1
[    2.899451] serio: i8042 AUX port at 0x60,0x64 irq 12
[    2.967440] ata2.01: ATAPI: QEMU DVD-ROM, 2.0.0, max UDMA/100
[    2.983235] mousedev: PS/2 mouse device common for all mice
[    2.994273] input: AT Translated Set 2 keyboard as /devices/platform/i8042/serio0/input/input1
[    3.001304] ata2.01: configured for MWDMA2
[    3.005069] rtc_cmos 00:01: RTC can wake from S4
[    3.021446] rtc_cmos 00:01: rtc core: registered rtc_cmos as rtc0
[    3.024362] rtc0: alarms up to one day, 114 bytes nvram, hpet irqs
[    3.029512] device-mapper: uevent: version 1.0.3
[    3.059943] scsi 1:0:1:0: CD-ROM            QEMU     QEMU DVD-ROM     2.0. PQ: 0 ANSI: 5
[    3.075133] device-mapper: ioctl: 4.22.0-ioctl (2011-10-19) initialised: dm-devel@redhat.com
[    3.079240] cpuidle: using governor ladder
[    3.080634] cpuidle: using governor menu
[    3.082163] EFI Variables Facility v0.08 2004-May-17
[    3.090416] TCP cubic registered
[    3.095801] NET: Registered protocol family 10
[    3.127165] NET: Registered protocol family 17
[    3.130145] Registering the dns_resolver key type
[    3.151867] sr0: scsi3-mmc drive: 4x/4x cd/rw xa/form2 tray
[    3.154965] cdrom: Uniform CD-ROM driver Revision: 3.20
[    3.176599] sr 1:0:1:0: Attached scsi generic sg0 type 5
[    3.244472] registered taskstats version 1
[    3.303755] Freeing initrd memory: 3656k freed
[    3.867329]   Magic number: 11:743:583
[    3.879253] rtc_cmos 00:01: setting system clock to 2015-12-04 13:35:18 UTC (1449236118)
[    3.881283] powernow-k8: Processor cpuid 663 not supported
[    3.885581] BIOS EDD facility v0.16 2004-Jun-25, 0 devices found
[    3.886384] EDD information not available.
[    3.933242] Freeing unused kernel memory: 928k freed
[    3.937499] Write protecting the kernel read-only data: 12288k
[    4.018710] Freeing unused kernel memory: 1596k freed
[    4.077297] Freeing unused kernel memory: 1184k freed

info: initramfs: up at 4.27
modprobe: module virtio_blk not found in modules.dep
modprobe: module virtio_net not found in modules.dep
info: copying initramfs to /dev/vda
info: initramfs loading root from /dev/vda
info: /etc/init.d/rc.sysinit: up at 9.10
info: container: none
Starting logging: OK
modprobe: module virtio_blk not found in modules.dep
modprobe: module virtio_net not found in modules.dep
WARN: /etc/rc3.d/S10-load-modules failed
Initializing random number generator... done.
Starting acpid: OK
cirros-ds 'local' up at 11.62
found datasource (configdrive, local)
Starting network...
udhcpc (v1.20.1) started
Sending discover...
Sending select for 10.100.0.3...
Lease of 10.100.0.3 obtained, lease time 86400
route: SIOCADDRT: File exists
WARN: failed: route add -net "0.0.0.0/0" gw "10.100.0.1"
Starting dropbear sshd: generating rsa key... generating dsa key... OK
no userdata for datasource
=== system information ===
Platform: OpenStack Foundation OpenStack Nova
Container: none
Arch: x86_64
CPU(s): 1 @ 2294.277 MHz
Cores/Sockets/Threads: 1/1/1
Virt-type: AMD-V
RAM Size: 49MB
Disks:
NAME MAJ:MIN     SIZE LABEL         MOUNTPOINT
vda  253:0   25165824 cirros-rootfs /
sr0   11:0     428032 config-2      
=== sshd host keys ===
-----BEGIN SSH HOST KEY KEYS-----
ssh-rsa AAAAB3NzaC1yc2EAAAADAQABAAAAglyfh0+Yl/r/wWdluQsaBcV4LRTn2N34F/xD6oK+Bf2cgBIQggpRTwjgcTxTuohFvfH1QPUX/weYHWINHK1FnRyrOgqdYHJDWTM5ebilfXXAyiWzNxL0DjLj6tS5uioiAD/Rd0jP9gueHMhYFt8Uqj7h17ePL+Em24TG9rqsh7kA7qM= root@tempest
ssh-dss AAAAB3NzaC1kc3MAAACBAOowiz/0+IauucbbG1TUJs1V7NkUTSWY4Q9d64qaIq1sTHLZjijktyFjtmTObNqSyIE9Xm8RUlT3C+36eTTgYNFlW6261bD9+I2V1kJC477DcHHdjqo1FJpbFBp1bIMUE9DfS0hsr68EOX1SQchJbqMetdQSa+UOTLyULhqqtkgTAAAAFQDD5OvXK7+waoi6M9C/+Tu85S5AXwAAAIEAjI6SE2VkweGo6/36WZONE0FzFKvSeQ29L58Nb0i5r0OL90BtoCnqUAofo4s782PX4cLcUhBfopVnXDwk1urGJWcTAry5FR3gm6dvlaFHw7A5u/xmWxLt32J1GlN7aoBZntGdJHvPshGXU6tU1qCnt0DWwZrkWtB1qw73kMBQySoAAACBALN3aRJnE0cj0erttCxPyzMiDGmAgwKBA9R4+kxSa39GOX9p2vMPQv29ZcQuScklfWTPUIBrmg/lgAdzay21fVMF8BehuBj51DwFR06pTUflRK0EPXz4E1+2n7jkWHad0J9Y1i1Htm3fHpjrBciNRR+boJHG+EqiZCm6+/dXwQzJ root@tempest
-----END SSH HOST KEY KEYS-----
=== network info ===
if-info: lo,up,127.0.0.1,8,::1
if-info: eth0,up,10.100.0.3,28,fe80::f816:3eff:fe6d:d6e2
ip-route:default via 10.100.0.1 dev eth0 
ip-route:10.100.0.0/28 dev eth0  src 10.100.0.3 
ip-route:169.254.169.254 via 10.100.0.1 dev eth0 
=== datasource: configdrive local ===
instance-id: 32340f0c-8d38-4839-8804-9bc1a7e9f0ad
name: tempest.common.compute-instance-143008151
availability-zone: nova
local-hostname: tempest.common.compute-instance-143008151.novalocal
launch-index: 0
=== cirros: current=0.3.4 uptime=25.80 ===
  ____               ____  ____
 / __/ __ ____ ____ / __ \/ __/
/ /__ / // __// __// /_/ /\ \ 
\___//_//_/  /_/   \____/___/ 
   http://cirros-cloud.net


login as 'cirros' user. default password: 'cubswin:)'. use 'sudo' for root.
tempest login: 
2015-12-04 13:37:44,595 27374 INFO     [tempest_lib.common.rest_client] Request (TestNetworkBasicOps:_run_cleanups): 204 DELETE http://10.0.2.15:9696/v2.0/floatingips/33ed8ff5-0365-4b76-8e1b-fa1e4020803f 0.192s
2015-12-04 13:37:44,595 27374 DEBUG    [tempest_lib.common.rest_client] Request - Headers: {'Content-Type': 'application/json', 'Accept': 'application/json', 'X-Auth-Token': '&lt;omitted&gt;'}
        Body: None
    Response - Headers: {'date': 'Fri, 04 Dec 2015 13:37:44 GMT', 'status': '204', 'connection': 'close', 'content-length': '0', 'x-openstack-request-id': 'req-f3c9b506-541a-4eca-a2ad-05e40742b98a'}
        Body: 
2015-12-04 13:37:44,829 27374 INFO     [tempest_lib.common.rest_client] Request (TestNetworkBasicOps:_run_cleanups): 204 DELETE http://10.0.2.15:8774/v2.1/c1d03811654549128ffa258b669d80c4/servers/32340f0c-8d38-4839-8804-9bc1a7e9f0ad 0.233s
2015-12-04 13:37:44,830 27374 DEBUG    [tempest_lib.common.rest_client] Request - Headers: {'Content-Type': 'application/json', 'Accept': 'application/json', 'X-Auth-Token': '&lt;omitted&gt;'}
        Body: None
    Response - Headers: {'status': '204', 'content-length': '0', 'x-compute-request-id': 'req-40542c14-1f2f-4f46-871a-a209adf723ca', 'vary': 'X-OpenStack-Nova-API-Version', 'connection': 'close', 'x-openstack-nova-api-version': '2.1', 'date': 'Fri, 04 Dec 2015 13:37:44 GMT', 'content-type': 'application/json'}
        Body: 
2015-12-04 13:37:45,038 27374 INFO     [tempest_lib.common.rest_client] Request (TestNetworkBasicOps:_run_cleanups): 200 GET http://10.0.2.15:8774/v2.1/c1d03811654549128ffa258b669d80c4/servers/32340f0c-8d38-4839-8804-9bc1a7e9f0ad 0.207s
2015-12-04 13:37:45,038 27374 DEBUG    [tempest_lib.common.rest_client] Request - Headers: {'Content-Type': 'application/json', 'Accept': 'application/json', 'X-Auth-Token': '&lt;omitted&gt;'}
        Body: None
    Response - Headers: {'status': '200', 'content-length': '1776', 'content-location': 'http://10.0.2.15:8774/v2.1/c1d03811654549128ffa258b669d80c4/servers/32340f0c-8d38-4839-8804-9bc1a7e9f0ad', 'x-compute-request-id': 'req-5a16cc3e-ddc8-4797-9a48-cf745bf32816', 'vary': 'X-OpenStack-Nova-API-Version', 'connection': 'close', 'x-openstack-nova-api-version': '2.1', 'date': 'Fri, 04 Dec 2015 13:37:45 GMT', 'content-type': 'application/json'}
        Body: {"server": {"status": "ACTIVE", "updated": "2015-12-04T13:37:44Z", "hostId": "147cf0dfc79525ae154045ab89e09dd0ac8849b5aa390b93ec1a0766", "addresses": {"tempest-network-smoke--482500782": [{"OS-EXT-IPS-MAC:mac_addr": "fa:16:3e:6d:d6:e2", "version": 4, "addr": "10.100.0.3", "OS-EXT-IPS:type": "fixed"}, {"OS-EXT-IPS-MAC:mac_addr": "fa:16:3e:6d:d6:e2", "version": 4, "addr": "172.24.4.18", "OS-EXT-IPS:type": "floating"}]}, "links": [{"href": "http://10.0.2.15:8774/v2.1/c1d03811654549128ffa258b669d80c4/servers/32340f0c-8d38-4839-8804-9bc1a7e9f0ad", "rel": "self"}, {"href": "http://10.0.2.15:8774/c1d03811654549128ffa258b669d80c4/servers/32340f0c-8d38-4839-8804-9bc1a7e9f0ad", "rel": "bookmark"}], "key_name": "tempest-TestNetworkBasicOps-1753980813", "image": {"id": "c5c57978-2703-4419-8def-ed01811129c8", "links": [{"href": "http://10.0.2.15:8774/c1d03811654549128ffa258b669d80c4/images/c5c57978-2703-4419-8def-ed01811129c8", "rel": "bookmark"}]}, "OS-EXT-STS:task_state": "deleting", "OS-EXT-STS:vm_state": "active", "OS-SRV-USG:launched_at": "2015-12-04T13:35:11.000000", "flavor": {"id": "42", "links": [{"href": "http://10.0.2.15:8774/c1d03811654549128ffa258b669d80c4/flavors/42", "rel": "bookmark"}]}, "id": "32340f0c-8d38-4839-8804-9bc1a7e9f0ad", "security_groups": [{"name": "tempest-secgroup-smoke-1309963619"}], "OS-SRV-USG:terminated_at": null, "OS-EXT-AZ:availability_zone": "nova", "user_id": "cd46e19506054345b95eeb8fb2a10440", "name": "tempest.common.compute-instance-143008151", "created": "2015-12-04T13:35:08Z", "tenant_id": "c1d03811654549128ffa258b669d80c4", "OS-DCF:diskConfig": "MANUAL", "os-extended-volumes:volumes_attached": [], "accessIPv4": "", "accessIPv6": "", "progress": 0, "OS-EXT-STS:power_state": 1, "config_drive": "True", "metadata": {}}}
