<?xml version="1.0" encoding="UTF-8"?>
<!DOCTYPE html PUBLIC "-//W3C//DTD XHTML 1.0 Strict//EN"
     "http://www.w3.org/TR/xhtml1/DTD/xhtml1-strict.dtd">
<html xmlns="http://www.w3.org/1999/xhtml">
<head>
    <title>Unit Test Report</title>
    <meta name="generator" content="subunit2html 0.1"/>
    <meta http-equiv="Content-Type" content="text/html; charset=UTF-8"/>
    
<style type="text/css" media="screen">
body        { font-family: verdana, arial, helvetica, sans-serif;
    font-size: 80%; }
table       { font-size: 100%; width: 100%;}
pre         { font-size: 80%; }

/* -- heading -------------------------------------------------------------- */
h1 {
        font-size: 16pt;
        color: gray;
}
.heading {
    margin-top: 0ex;
    margin-bottom: 1ex;
}

.heading .attribute {
    margin-top: 1ex;
    margin-bottom: 0;
}

.heading .description {
    margin-top: 4ex;
    margin-bottom: 6ex;
}

/* -- css div popup -------------------------------------------------------- */
a.popup_link {
}

a.popup_link:hover {
    color: red;
}

.popup_window {
    display: none;
    overflow-x: scroll;
    /*border: solid #627173 1px; */
    padding: 10px;
    background-color: #E6E6D6;
    font-family: "Ubuntu Mono", "Lucida Console", "Courier New", monospace;
    text-align: left;
    font-size: 8pt;
}

}
/* -- report --------------------------------------------------------------- */
#show_detail_line {
    margin-top: 3ex;
    margin-bottom: 1ex;
}
#result_table {
    width: 100%;
    border-collapse: collapse;
    border: 1px solid #777;
}
#header_row {
    font-weight: bold;
    color: white;
    background-color: #777;
}
#result_table td {
    border: 1px solid #777;
    padding: 2px;
}
#total_row  { font-weight: bold; }
.passClass  { background-color: #6c6; }
.failClass  { background-color: #c60; }
.errorClass { background-color: #c00; }
.passCase   { color: #6c6; }
.failCase   { color: #c60; font-weight: bold; }
.errorCase  { color: #c00; font-weight: bold; }
.hiddenRow  { display: none; }
.testcase   { margin-left: 2em; }
td.testname {width: 40%}
td.small {width: 40px}

/* -- ending --------------------------------------------------------------- */
#ending {
}

</style>

</head>
<body>
<script language="javascript" type="text/javascript"><!--
output_list = Array();

/* level - 0:Summary; 1:Failed; 2:All */
function showCase(level) {
    trs = document.getElementsByTagName("tr");
    for (var i = 0; i < trs.length; i++) {
        tr = trs[i];
        id = tr.id;
        if (id.substr(0,2) == 'ft') {
            if (level < 1) {
                tr.className = 'hiddenRow';
            }
            else {
                tr.className = '';
            }
        }
        if (id.substr(0,2) == 'pt') {
            if (level > 1) {
                tr.className = '';
            }
            else {
                tr.className = 'hiddenRow';
            }
        }
    }
}


function showClassDetail(cid, count) {
    var id_list = Array(count);
    var toHide = 1;
    for (var i = 0; i < count; i++) {
        tid0 = 't' + cid.substr(1) + '.' + (i+1);
        tid = 'f' + tid0;
        tr = document.getElementById(tid);
        if (!tr) {
            tid = 'p' + tid0;
            tr = document.getElementById(tid);
        }
        id_list[i] = tid;
        if (tr.className) {
            toHide = 0;
        }
    }
    for (var i = 0; i < count; i++) {
        tid = id_list[i];
        if (toHide) {
            document.getElementById('div_'+tid).style.display = 'none'
            document.getElementById(tid).className = 'hiddenRow';
        }
        else {
            document.getElementById(tid).className = '';
        }
    }
}


function showTestDetail(div_id){
    var details_div = document.getElementById(div_id)
    var displayState = details_div.style.display
    // alert(displayState)
    if (displayState != 'block' ) {
        displayState = 'block'
        details_div.style.display = 'block'
    }
    else {
        details_div.style.display = 'none'
    }
}


function html_escape(s) {
    s = s.replace(/&/g,'&amp;');
    s = s.replace(/</g,'&lt;');
    s = s.replace(/>/g,'&gt;');
    return s;
}

/* obsoleted by detail in <div>
function showOutput(id, name) {
    var w = window.open("", //url
                    name,
                    "resizable,scrollbars,status,width=800,height=450");
    d = w.document;
    d.write("<pre>");
    d.write(html_escape(output_list[id]));
    d.write("\n");
    d.write("<a href='javascript:window.close()'>close</a>\n");
    d.write("</pre>\n");
    d.close();
}
*/
--></script>

<div class='heading'>
<h1>Unit Test Report</h1>

<p class='attribute'><strong>Status:</strong> Pass 8 Failure 1</p>

<p class='description'></p>
</div>



<p id='show_detail_line'>Show
<a href='javascript:showCase(0)'>Summary</a>
<a href='javascript:showCase(1)'>Failed</a>
<a href='javascript:showCase(2)'>All</a>
</p>
<table id='result_table'>
<colgroup>
<col align='left' />
<col align='right' />
<col align='right' />
<col align='right' />
<col align='right' />
<col align='right' />
<col align='right' />
<col align='right' />
</colgroup>
<tr id='header_row'>
    <td>Test Group/Test case</td>
    <td>Count</td>
    <td>Pass</td>
    <td>Fail</td>
    <td>Error</td>
    <td>Skip</td>
    <td>View</td>
    <td> </td>
</tr>

<tr class='failClass'>
    <td class="testname">tempest.scenario.test_network_basic_ops.TestNetworkBasicOps</td>
    <td class="small">9</td>
    <td class="small">8</td>
    <td class="small">1</td>
    <td class="small">0</td>
    <td class="small">0</td>
    <td class="small"><a href="javascript:showClassDetail('c1',9)"
>Detail</a></td>
    <td> </td>
</tr>

<tr id='pt1.1' class='hiddenRow'>
    <td class='none'><div class='testcase'>test_connectivity_between_vms_on_different_networks[compute,id-1546850e-fbaa-42f5-8b5f-03d8a6a95f15,network]</div></td>
    <td colspan='7' align='left'>

    <!--css div popup start-->
    <a class="popup_link" onfocus='this.blur();'
    href="javascript:showTestDetail('div_pt1.1')" >
        pass</a>

    <div id='div_pt1.1' class="popup_window">
        <div style='text-align: right; color:red;cursor:pointer'>
        <a onfocus='this.blur();'
onclick="document.getElementById('div_pt1.1').style.display = 'none' " >
           [x]</a>
        </div>
        <pre>
        
pt1.1: tempest.scenario.test_network_basic_ops.TestNetworkBasicOps.test_connectivity_between_vms_on_different_networks[compute,id-1546850e-fbaa-42f5-8b5f-03d8a6a95f15,network]

        </pre>
    </div>
    <!--css div popup end-->

    </td>
</tr>

<tr id='pt1.2' class='hiddenRow'>
    <td class='none'><div class='testcase'>test_hotplug_nic[compute,id-c5adff73-e961-41f1-b4a9-343614f18cfa,network]</div></td>
    <td colspan='7' align='left'>

    <!--css div popup start-->
    <a class="popup_link" onfocus='this.blur();'
    href="javascript:showTestDetail('div_pt1.2')" >
        pass</a>

    <div id='div_pt1.2' class="popup_window">
        <div style='text-align: right; color:red;cursor:pointer'>
        <a onfocus='this.blur();'
onclick="document.getElementById('div_pt1.2').style.display = 'none' " >
           [x]</a>
        </div>
        <pre>
        
pt1.2: tempest.scenario.test_network_basic_ops.TestNetworkBasicOps.test_hotplug_nic[compute,id-c5adff73-e961-41f1-b4a9-343614f18cfa,network]

        </pre>
    </div>
    <!--css div popup end-->

    </td>
</tr>

<tr id='pt1.3' class='hiddenRow'>
    <td class='none'><div class='testcase'>test_network_basic_ops[compute,id-f323b3ba-82f8-4db7-8ea6-6a895869ec49,network,smoke]</div></td>
    <td colspan='7' align='left'>

    <!--css div popup start-->
    <a class="popup_link" onfocus='this.blur();'
    href="javascript:showTestDetail('div_pt1.3')" >
        pass</a>

    <div id='div_pt1.3' class="popup_window">
        <div style='text-align: right; color:red;cursor:pointer'>
        <a onfocus='this.blur();'
onclick="document.getElementById('div_pt1.3').style.display = 'none' " >
           [x]</a>
        </div>
        <pre>
        
pt1.3: tempest.scenario.test_network_basic_ops.TestNetworkBasicOps.test_network_basic_ops[compute,id-f323b3ba-82f8-4db7-8ea6-6a895869ec49,network,smoke]

        </pre>
    </div>
    <!--css div popup end-->

    </td>
</tr>

<tr id='pt1.4' class='hiddenRow'>
    <td class='none'><div class='testcase'>test_port_security_macspoofing_port[compute,id-7c0bb1a2-d053-49a4-98f9-ca1a1d849f63,network]</div></td>
    <td colspan='7' align='left'>

    <!--css div popup start-->
    <a class="popup_link" onfocus='this.blur();'
    href="javascript:showTestDetail('div_pt1.4')" >
        pass</a>

    <div id='div_pt1.4' class="popup_window">
        <div style='text-align: right; color:red;cursor:pointer'>
        <a onfocus='this.blur();'
onclick="document.getElementById('div_pt1.4').style.display = 'none' " >
           [x]</a>
        </div>
        <pre>
        
pt1.4: tempest.scenario.test_network_basic_ops.TestNetworkBasicOps.test_port_security_macspoofing_port[compute,id-7c0bb1a2-d053-49a4-98f9-ca1a1d849f63,network]

        </pre>
    </div>
    <!--css div popup end-->

    </td>
</tr>

<tr id='pt1.5' class='hiddenRow'>
    <td class='none'><div class='testcase'>test_preserve_preexisting_port[compute,id-759462e1-8535-46b0-ab3a-33aa45c55aaa,network]</div></td>
    <td colspan='7' align='left'>

    <!--css div popup start-->
    <a class="popup_link" onfocus='this.blur();'
    href="javascript:showTestDetail('div_pt1.5')" >
        pass</a>

    <div id='div_pt1.5' class="popup_window">
        <div style='text-align: right; color:red;cursor:pointer'>
        <a onfocus='this.blur();'
onclick="document.getElementById('div_pt1.5').style.display = 'none' " >
           [x]</a>
        </div>
        <pre>
        
pt1.5: tempest.scenario.test_network_basic_ops.TestNetworkBasicOps.test_preserve_preexisting_port[compute,id-759462e1-8535-46b0-ab3a-33aa45c55aaa,network]

        </pre>
    </div>
    <!--css div popup end-->

    </td>
</tr>

<tr id='pt1.6' class='hiddenRow'>
    <td class='none'><div class='testcase'>test_router_rescheduling[compute,id-2e788c46-fb3f-4ac9-8f82-0561555bea73,network]</div></td>
    <td colspan='7' align='left'>

    <!--css div popup start-->
    <a class="popup_link" onfocus='this.blur();'
    href="javascript:showTestDetail('div_pt1.6')" >
        pass</a>

    <div id='div_pt1.6' class="popup_window">
        <div style='text-align: right; color:red;cursor:pointer'>
        <a onfocus='this.blur();'
onclick="document.getElementById('div_pt1.6').style.display = 'none' " >
           [x]</a>
        </div>
        <pre>
        
pt1.6: tempest.scenario.test_network_basic_ops.TestNetworkBasicOps.test_router_rescheduling[compute,id-2e788c46-fb3f-4ac9-8f82-0561555bea73,network]

        </pre>
    </div>
    <!--css div popup end-->

    </td>
</tr>

<tr id='pt1.7' class='hiddenRow'>
    <td class='none'><div class='testcase'>test_subnet_details[compute,id-d8bb918e-e2df-48b2-97cd-b73c95450980,network]</div></td>
    <td colspan='7' align='left'>

    <!--css div popup start-->
    <a class="popup_link" onfocus='this.blur();'
    href="javascript:showTestDetail('div_pt1.7')" >
        pass</a>

    <div id='div_pt1.7' class="popup_window">
        <div style='text-align: right; color:red;cursor:pointer'>
        <a onfocus='this.blur();'
onclick="document.getElementById('div_pt1.7').style.display = 'none' " >
           [x]</a>
        </div>
        <pre>
        
pt1.7: tempest.scenario.test_network_basic_ops.TestNetworkBasicOps.test_subnet_details[compute,id-d8bb918e-e2df-48b2-97cd-b73c95450980,network]

        </pre>
    </div>
    <!--css div popup end-->

    </td>
</tr>

<tr id='ft1.8' class='none'>
    <td class='failCase'><div class='testcase'>test_update_instance_port_admin_state[compute,id-f5dfcc22-45fd-409f-954c-5bd500d7890b,network]</div></td>
    <td colspan='7' align='left'>

    <!--css div popup start-->
    <a class="popup_link" onfocus='this.blur();'
    href="javascript:showTestDetail('div_ft1.8')" >
        fail</a>

    <div id='div_ft1.8' class="popup_window">
        <div style='text-align: right; color:red;cursor:pointer'>
        <a onfocus='this.blur();'
onclick="document.getElementById('div_ft1.8').style.display = 'none' " >
           [x]</a>
        </div>
        <pre>
        
ft1.8: tempest.scenario.test_network_basic_ops.TestNetworkBasicOps.test_update_instance_port_admin_state[compute,id-f5dfcc22-45fd-409f-954c-5bd500d7890b,network]_StringException: Empty attachments:
  stderr
  stdout

pythonlogging:'': {{{
2016-02-18 15:18:09,395 31858 INFO     [tempest_lib.common.rest_client] Request (TestNetworkBasicOps:test_update_instance_port_admin_state): 201 POST http://10.4.1.3:9696/v2.0/security-groups 0.108s
2016-02-18 15:18:09,396 31858 DEBUG    [tempest_lib.common.rest_client] Request - Headers: {'Content-Type': 'application/json', 'Accept': 'application/json', 'X-Auth-Token': '&lt;omitted&gt;'}
        Body: {"security_group": {"tenant_id": "f40593879ec4464f89cba332cf03d8c7", "description": "tempest-secgroup-smoke-1688138656 description", "name": "tempest-secgroup-smoke-1688138656"}}
    Response - Headers: {'status': '201', 'content-length': '888', 'connection': 'close', 'date': 'Thu, 18 Feb 2016 15:18:09 GMT', 'content-type': 'application/json; charset=UTF-8', 'x-openstack-request-id': 'req-c2c886cf-7b33-421b-ab3c-0042f67f1338'}
        Body: {"security_group": {"tenant_id": "f40593879ec4464f89cba332cf03d8c7", "description": "tempest-secgroup-smoke-1688138656 description", "id": "d5badf0a-b8d2-42aa-93e4-3cff87ecc8c7", "security_group_rules": [{"remote_group_id": null, "direction": "egress", "remote_ip_prefix": null, "protocol": null, "ethertype": "IPv4", "tenant_id": "f40593879ec4464f89cba332cf03d8c7", "port_range_max": null, "port_range_min": null, "id": "984a61dc-74c4-4dd4-beaa-befa5dbcaaed", "security_group_id": "d5badf0a-b8d2-42aa-93e4-3cff87ecc8c7"}, {"remote_group_id": null, "direction": "egress", "remote_ip_prefix": null, "protocol": null, "ethertype": "IPv6", "tenant_id": "f40593879ec4464f89cba332cf03d8c7", "port_range_max": null, "port_range_min": null, "id": "49bd2484-8a14-4b38-8dfc-011ae22f3db1", "security_group_id": "d5badf0a-b8d2-42aa-93e4-3cff87ecc8c7"}], "name": "tempest-secgroup-smoke-1688138656"}}
2016-02-18 15:18:09,506 31858 INFO     [tempest_lib.common.rest_client] Request (TestNetworkBasicOps:test_update_instance_port_admin_state): 201 POST http://10.4.1.3:9696/v2.0/security-group-rules 0.109s
2016-02-18 15:18:09,506 31858 DEBUG    [tempest_lib.common.rest_client] Request - Headers: {'Content-Type': 'application/json', 'Accept': 'application/json', 'X-Auth-Token': '&lt;omitted&gt;'}
        Body: {"security_group_rule": {"direction": "ingress", "protocol": "tcp", "tenant_id": "f40593879ec4464f89cba332cf03d8c7", "port_range_max": 22, "security_group_id": "d5badf0a-b8d2-42aa-93e4-3cff87ecc8c7", "port_range_min": 22}}
    Response - Headers: {'status': '201', 'content-length': '340', 'connection': 'close', 'date': 'Thu, 18 Feb 2016 15:18:09 GMT', 'content-type': 'application/json; charset=UTF-8', 'x-openstack-request-id': 'req-384cb4e2-221e-4a17-a31e-0c6a2ff5964f'}
        Body: {"security_group_rule": {"remote_group_id": null, "direction": "ingress", "remote_ip_prefix": null, "protocol": "tcp", "ethertype": "IPv4", "tenant_id": "f40593879ec4464f89cba332cf03d8c7", "port_range_max": 22, "port_range_min": 22, "id": "31227c1a-3858-406b-ba9d-1d0b0aca226e", "security_group_id": "d5badf0a-b8d2-42aa-93e4-3cff87ecc8c7"}}
2016-02-18 15:18:09,622 31858 INFO     [tempest_lib.common.rest_client] Request (TestNetworkBasicOps:test_update_instance_port_admin_state): 201 POST http://10.4.1.3:9696/v2.0/security-group-rules 0.114s
2016-02-18 15:18:09,622 31858 DEBUG    [tempest_lib.common.rest_client] Request - Headers: {'Content-Type': 'application/json', 'Accept': 'application/json', 'X-Auth-Token': '&lt;omitted&gt;'}
        Body: {"security_group_rule": {"direction": "egress", "protocol": "tcp", "tenant_id": "f40593879ec4464f89cba332cf03d8c7", "port_range_max": 22, "security_group_id": "d5badf0a-b8d2-42aa-93e4-3cff87ecc8c7", "port_range_min": 22}}
    Response - Headers: {'status': '201', 'content-length': '339', 'connection': 'close', 'date': 'Thu, 18 Feb 2016 15:18:09 GMT', 'content-type': 'application/json; charset=UTF-8', 'x-openstack-request-id': 'req-085d9063-fc17-4cf3-95cd-38c6bc7b92b4'}
        Body: {"security_group_rule": {"remote_group_id": null, "direction": "egress", "remote_ip_prefix": null, "protocol": "tcp", "ethertype": "IPv4", "tenant_id": "f40593879ec4464f89cba332cf03d8c7", "port_range_max": 22, "port_range_min": 22, "id": "c4acd359-c514-4884-9b66-6b16fea1f21a", "security_group_id": "d5badf0a-b8d2-42aa-93e4-3cff87ecc8c7"}}
2016-02-18 15:18:09,728 31858 INFO     [tempest_lib.common.rest_client] Request (TestNetworkBasicOps:test_update_instance_port_admin_state): 201 POST http://10.4.1.3:9696/v2.0/security-group-rules 0.105s
2016-02-18 15:18:09,729 31858 DEBUG    [tempest_lib.common.rest_client] Request - Headers: {'Content-Type': 'application/json', 'Accept': 'application/json', 'X-Auth-Token': '&lt;omitted&gt;'}
        Body: {"security_group_rule": {"tenant_id": "f40593879ec4464f89cba332cf03d8c7", "direction": "ingress", "protocol": "icmp", "security_group_id": "d5badf0a-b8d2-42aa-93e4-3cff87ecc8c7"}}
    Response - Headers: {'status': '201', 'content-length': '345', 'connection': 'close', 'date': 'Thu, 18 Feb 2016 15:18:09 GMT', 'content-type': 'application/json; charset=UTF-8', 'x-openstack-request-id': 'req-d3d46fed-d0f4-46ac-b93a-4af519f83407'}
        Body: {"security_group_rule": {"remote_group_id": null, "direction": "ingress", "remote_ip_prefix": null, "protocol": "icmp", "ethertype": "IPv4", "tenant_id": "f40593879ec4464f89cba332cf03d8c7", "port_range_max": null, "port_range_min": null, "id": "fd36b557-5484-40fb-883e-3bd33a77a318", "security_group_id": "d5badf0a-b8d2-42aa-93e4-3cff87ecc8c7"}}
2016-02-18 15:18:09,851 31858 INFO     [tempest_lib.common.rest_client] Request (TestNetworkBasicOps:test_update_instance_port_admin_state): 201 POST http://10.4.1.3:9696/v2.0/security-group-rules 0.121s
2016-02-18 15:18:09,852 31858 DEBUG    [tempest_lib.common.rest_client] Request - Headers: {'Content-Type': 'application/json', 'Accept': 'application/json', 'X-Auth-Token': '&lt;omitted&gt;'}
        Body: {"security_group_rule": {"tenant_id": "f40593879ec4464f89cba332cf03d8c7", "direction": "egress", "protocol": "icmp", "security_group_id": "d5badf0a-b8d2-42aa-93e4-3cff87ecc8c7"}}
    Response - Headers: {'status': '201', 'content-length': '344', 'connection': 'close', 'date': 'Thu, 18 Feb 2016 15:18:09 GMT', 'content-type': 'application/json; charset=UTF-8', 'x-openstack-request-id': 'req-0be8e273-f0eb-4f3d-945e-c4dc774813f6'}
        Body: {"security_group_rule": {"remote_group_id": null, "direction": "egress", "remote_ip_prefix": null, "protocol": "icmp", "ethertype": "IPv4", "tenant_id": "f40593879ec4464f89cba332cf03d8c7", "port_range_max": null, "port_range_min": null, "id": "5732890e-541e-4c6c-a257-9435243c9666", "security_group_id": "d5badf0a-b8d2-42aa-93e4-3cff87ecc8c7"}}
2016-02-18 15:18:09,954 31858 INFO     [tempest_lib.common.rest_client] Request (TestNetworkBasicOps:test_update_instance_port_admin_state): 201 POST http://10.4.1.3:9696/v2.0/security-group-rules 0.101s
2016-02-18 15:18:09,954 31858 DEBUG    [tempest_lib.common.rest_client] Request - Headers: {'Content-Type': 'application/json', 'Accept': 'application/json', 'X-Auth-Token': '&lt;omitted&gt;'}
        Body: {"security_group_rule": {"tenant_id": "f40593879ec4464f89cba332cf03d8c7", "direction": "ingress", "security_group_id": "d5badf0a-b8d2-42aa-93e4-3cff87ecc8c7", "protocol": "icmp", "ethertype": "IPv6"}}
    Response - Headers: {'status': '201', 'content-length': '345', 'connection': 'close', 'date': 'Thu, 18 Feb 2016 15:18:09 GMT', 'content-type': 'application/json; charset=UTF-8', 'x-openstack-request-id': 'req-6f6f8580-3ae9-4619-9399-eae354db4e25'}
        Body: {"security_group_rule": {"remote_group_id": null, "direction": "ingress", "remote_ip_prefix": null, "protocol": "icmp", "ethertype": "IPv6", "tenant_id": "f40593879ec4464f89cba332cf03d8c7", "port_range_max": null, "port_range_min": null, "id": "c36e51a2-89b3-4499-95c2-5e3cfd0561dc", "security_group_id": "d5badf0a-b8d2-42aa-93e4-3cff87ecc8c7"}}
2016-02-18 15:18:10,060 31858 INFO     [tempest_lib.common.rest_client] Request (TestNetworkBasicOps:test_update_instance_port_admin_state): 201 POST http://10.4.1.3:9696/v2.0/security-group-rules 0.105s
2016-02-18 15:18:10,061 31858 DEBUG    [tempest_lib.common.rest_client] Request - Headers: {'Content-Type': 'application/json', 'Accept': 'application/json', 'X-Auth-Token': '&lt;omitted&gt;'}
        Body: {"security_group_rule": {"tenant_id": "f40593879ec4464f89cba332cf03d8c7", "direction": "egress", "security_group_id": "d5badf0a-b8d2-42aa-93e4-3cff87ecc8c7", "protocol": "icmp", "ethertype": "IPv6"}}
    Response - Headers: {'status': '201', 'content-length': '344', 'connection': 'close', 'date': 'Thu, 18 Feb 2016 15:18:10 GMT', 'content-type': 'application/json; charset=UTF-8', 'x-openstack-request-id': 'req-5a1c7951-127a-4c66-a306-c37b7b62502b'}
        Body: {"security_group_rule": {"remote_group_id": null, "direction": "egress", "remote_ip_prefix": null, "protocol": "icmp", "ethertype": "IPv6", "tenant_id": "f40593879ec4464f89cba332cf03d8c7", "port_range_max": null, "port_range_min": null, "id": "b7c2bb34-fc4d-47f5-bbc2-4e0c7e3251fb", "security_group_id": "d5badf0a-b8d2-42aa-93e4-3cff87ecc8c7"}}
2016-02-18 15:18:10,223 31858 INFO     [tempest_lib.common.rest_client] Request (TestNetworkBasicOps:test_update_instance_port_admin_state): 201 POST http://10.4.1.3:9696/v2.0/networks 0.161s
2016-02-18 15:18:10,224 31858 DEBUG    [tempest_lib.common.rest_client] Request - Headers: {'Content-Type': 'application/json', 'Accept': 'application/json', 'X-Auth-Token': '&lt;omitted&gt;'}
        Body: {"network": {"tenant_id": "f40593879ec4464f89cba332cf03d8c7", "name": "tempest-network-smoke--1299981044"}}
    Response - Headers: {'status': '201', 'content-length': '299', 'connection': 'close', 'date': 'Thu, 18 Feb 2016 15:18:10 GMT', 'content-type': 'application/json; charset=UTF-8', 'x-openstack-request-id': 'req-c43278eb-8476-4508-967f-817a5f5ca07d'}
        Body: {"network": {"status": "ACTIVE", "subnets": [], "name": "tempest-network-smoke--1299981044", "admin_state_up": true, "tenant_id": "f40593879ec4464f89cba332cf03d8c7", "mtu": 1450, "router:external": false, "shared": false, "port_security_enabled": true, "id": "05f7c1dc-30f7-406d-b944-6fa7c6fec3b9"}}
2016-02-18 15:18:10,310 31858 INFO     [tempest_lib.common.rest_client] Request (TestNetworkBasicOps:test_update_instance_port_admin_state): 201 POST http://10.4.1.3:9696/v2.0/routers 0.084s
2016-02-18 15:18:10,311 31858 DEBUG    [tempest_lib.common.rest_client] Request - Headers: {'Content-Type': 'application/json', 'Accept': 'application/json', 'X-Auth-Token': '&lt;omitted&gt;'}
        Body: {"router": {"tenant_id": "f40593879ec4464f89cba332cf03d8c7", "name": "tempest-router-smoke-1470699653", "admin_state_up": true}}
    Response - Headers: {'status': '201', 'content-length': '239', 'connection': 'close', 'date': 'Thu, 18 Feb 2016 15:18:10 GMT', 'content-type': 'application/json; charset=UTF-8', 'x-openstack-request-id': 'req-282ce9ad-e080-4eff-bb97-e3f1d3582599'}
        Body: {"router": {"status": "ACTIVE", "external_gateway_info": null, "name": "tempest-router-smoke-1470699653", "admin_state_up": true, "tenant_id": "f40593879ec4464f89cba332cf03d8c7", "routes": [], "id": "c9bfbd9c-5b4a-4ed3-93aa-6287f558ebe2"}}
2016-02-18 15:18:10,357 31858 INFO     [tempest_lib.common.rest_client] Request (TestNetworkBasicOps:test_update_instance_port_admin_state): 200 GET http://10.4.1.3:9696/v2.0/routers/c9bfbd9c-5b4a-4ed3-93aa-6287f558ebe2 0.045s
2016-02-18 15:18:10,358 31858 DEBUG    [tempest_lib.common.rest_client] Request - Headers: {'Content-Type': 'application/json', 'Accept': 'application/json', 'X-Auth-Token': '&lt;omitted&gt;'}
        Body: None
    Response - Headers: {'status': '200', 'content-length': '239', 'content-location': 'http://10.4.1.3:9696/v2.0/routers/c9bfbd9c-5b4a-4ed3-93aa-6287f558ebe2', 'connection': 'close', 'date': 'Thu, 18 Feb 2016 15:18:10 GMT', 'content-type': 'application/json; charset=UTF-8', 'x-openstack-request-id': 'req-d76b4b06-327d-4a00-97b1-1bffa00634ab'}
        Body: {"router": {"status": "ACTIVE", "external_gateway_info": null, "name": "tempest-router-smoke-1470699653", "admin_state_up": true, "tenant_id": "f40593879ec4464f89cba332cf03d8c7", "routes": [], "id": "c9bfbd9c-5b4a-4ed3-93aa-6287f558ebe2"}}
2016-02-18 15:18:10,927 31858 INFO     [tempest_lib.common.rest_client] Request (TestNetworkBasicOps:test_update_instance_port_admin_state): 200 PUT http://10.4.1.3:9696/v2.0/routers/c9bfbd9c-5b4a-4ed3-93aa-6287f558ebe2 0.568s
2016-02-18 15:18:10,928 31858 DEBUG    [tempest_lib.common.rest_client] Request - Headers: {'Content-Type': 'application/json', 'Accept': 'application/json', 'X-Auth-Token': '&lt;omitted&gt;'}
        Body: {"router": {"external_gateway_info": {"network_id": "1d2ba60c-9994-495d-ba76-7f865550aca6"}, "name": "tempest-router-smoke-1470699653", "admin_state_up": true}}
    Response - Headers: {'status': '200', 'content-length': '503', 'connection': 'close', 'date': 'Thu, 18 Feb 2016 15:18:10 GMT', 'content-type': 'application/json; charset=UTF-8', 'x-openstack-request-id': 'req-b0a38288-8c33-453c-88ee-2ff0f686e8c7'}
        Body: {"router": {"status": "ACTIVE", "external_gateway_info": {"network_id": "1d2ba60c-9994-495d-ba76-7f865550aca6", "enable_snat": true, "external_fixed_ips": [{"subnet_id": "0ef57521-d6cb-4a16-bee7-f0053d17e4d7", "ip_address": "172.24.4.17"}, {"subnet_id": "918ebd7b-244b-4993-b208-26588885f3ba", "ip_address": "2001:db8::11"}]}, "name": "tempest-router-smoke-1470699653", "admin_state_up": true, "tenant_id": "f40593879ec4464f89cba332cf03d8c7", "routes": [], "id": "c9bfbd9c-5b4a-4ed3-93aa-6287f558ebe2"}}
2016-02-18 15:18:10,960 31858 INFO     [tempest_lib.common.rest_client] Request (TestNetworkBasicOps:test_update_instance_port_admin_state): 200 GET http://10.4.1.3:9696/v2.0/subnets?tenant_id=f40593879ec4464f89cba332cf03d8c7&amp;cidr=10.100.0.0%2F28 0.030s
2016-02-18 15:18:10,960 31858 DEBUG    [tempest_lib.common.rest_client] Request - Headers: {'Content-Type': 'application/json', 'Accept': 'application/json', 'X-Auth-Token': '&lt;omitted&gt;'}
        Body: None
    Response - Headers: {'status': '200', 'content-length': '15', 'content-location': 'http://10.4.1.3:9696/v2.0/subnets?tenant_id=f40593879ec4464f89cba332cf03d8c7&amp;cidr=10.100.0.0%2F28', 'connection': 'close', 'date': 'Thu, 18 Feb 2016 15:18:10 GMT', 'content-type': 'application/json; charset=UTF-8', 'x-openstack-request-id': 'req-16cba4c3-21b6-4514-b24b-35b8552cf61e'}
        Body: {"subnets": []}
2016-02-18 15:18:11,230 31858 INFO     [tempest_lib.common.rest_client] Request (TestNetworkBasicOps:test_update_instance_port_admin_state): 201 POST http://10.4.1.3:9696/v2.0/subnets 0.269s
2016-02-18 15:18:11,231 31858 DEBUG    [tempest_lib.common.rest_client] Request - Headers: {'Content-Type': 'application/json', 'Accept': 'application/json', 'X-Auth-Token': '&lt;omitted&gt;'}
        Body: {"subnet": {"ip_version": 4, "tenant_id": "f40593879ec4464f89cba332cf03d8c7", "cidr": "10.100.0.0/28", "network_id": "05f7c1dc-30f7-406d-b944-6fa7c6fec3b9", "name": "tempest-subnet-smoke-1105561915"}}
    Response - Headers: {'status': '201', 'content-length': '478', 'connection': 'close', 'date': 'Thu, 18 Feb 2016 15:18:11 GMT', 'content-type': 'application/json; charset=UTF-8', 'x-openstack-request-id': 'req-ffd00dab-478e-4cc1-9aae-c1f8a0298610'}
        Body: {"subnet": {"name": "tempest-subnet-smoke-1105561915", "enable_dhcp": true, "network_id": "05f7c1dc-30f7-406d-b944-6fa7c6fec3b9", "tenant_id": "f40593879ec4464f89cba332cf03d8c7", "dns_nameservers": [], "gateway_ip": "10.100.0.1", "ipv6_ra_mode": null, "allocation_pools": [{"start": "10.100.0.2", "end": "10.100.0.14"}], "host_routes": [], "ip_version": 4, "ipv6_address_mode": null, "cidr": "10.100.0.0/28", "id": "cb5e08ab-ff25-4b23-b06e-ba5e4700074c", "subnetpool_id": null}}
2016-02-18 15:18:11,809 31858 INFO     [tempest_lib.common.rest_client] Request (TestNetworkBasicOps:test_update_instance_port_admin_state): 200 PUT http://10.4.1.3:9696/v2.0/routers/c9bfbd9c-5b4a-4ed3-93aa-6287f558ebe2/add_router_interface 0.577s
2016-02-18 15:18:11,810 31858 DEBUG    [tempest_lib.common.rest_client] Request - Headers: {'Content-Type': 'application/json', 'Accept': 'application/json', 'X-Auth-Token': '&lt;omitted&gt;'}
        Body: {"subnet_id": "cb5e08ab-ff25-4b23-b06e-ba5e4700074c"}
    Response - Headers: {'status': '200', 'content-length': '255', 'connection': 'close', 'date': 'Thu, 18 Feb 2016 15:18:11 GMT', 'content-type': 'application/json; charset=UTF-8', 'x-openstack-request-id': 'req-60269962-534d-42ce-a90c-1d4f81fdc6bf'}
        Body: {"subnet_id": "cb5e08ab-ff25-4b23-b06e-ba5e4700074c", "tenant_id": "f40593879ec4464f89cba332cf03d8c7", "subnet_ids": ["cb5e08ab-ff25-4b23-b06e-ba5e4700074c"], "port_id": "f34a84fa-89ed-4939-afaf-b1aa3b5995cb", "id": "c9bfbd9c-5b4a-4ed3-93aa-6287f558ebe2"}
2016-02-18 15:18:11,851 31858 INFO     [tempest_lib.common.rest_client] Request (TestNetworkBasicOps:test_update_instance_port_admin_state): 200 GET http://10.4.1.3:9696/v2.0/networks 0.040s
2016-02-18 15:18:11,852 31858 DEBUG    [tempest_lib.common.rest_client] Request - Headers: {'Content-Type': 'application/json', 'Accept': 'application/json', 'X-Auth-Token': '&lt;omitted&gt;'}
        Body: None
    Response - Headers: {'status': '200', 'content-length': '1327', 'content-location': 'http://10.4.1.3:9696/v2.0/networks', 'connection': 'close', 'date': 'Thu, 18 Feb 2016 15:18:11 GMT', 'content-type': 'application/json; charset=UTF-8', 'x-openstack-request-id': 'req-9fb7e47e-fc66-42a7-9bab-695e2c5483d2'}
        Body: {"networks": [{"status": "ACTIVE", "subnets": ["fed06043-eee8-4536-b9d0-3d128c79ebd5", "af39163c-f503-468b-9930-333138832042"], "name": "private", "provider:physical_network": null, "admin_state_up": true, "tenant_id": "2880acf1b6bd4985aaebe2696798ec5a", "mtu": 1450, "router:external": false, "shared": false, "port_security_enabled": true, "provider:network_type": "vxlan", "id": "d83fb290-0a6d-4786-b922-f6ea4010868c", "provider:segmentation_id": 1100}, {"status": "ACTIVE", "subnets": ["0ef57521-d6cb-4a16-bee7-f0053d17e4d7", "918ebd7b-244b-4993-b208-26588885f3ba"], "name": "public", "provider:physical_network": null, "admin_state_up": true, "tenant_id": "d79349d0e9184301bbcd4d945171632d", "mtu": 1450, "router:external": true, "shared": false, "port_security_enabled": true, "provider:network_type": "vxlan", "id": "1d2ba60c-9994-495d-ba76-7f865550aca6", "provider:segmentation_id": 1027}, {"status": "ACTIVE", "subnets": ["cb5e08ab-ff25-4b23-b06e-ba5e4700074c"], "name": "tempest-network-smoke--1299981044", "provider:physical_network": null, "admin_state_up": true, "tenant_id": "f40593879ec4464f89cba332cf03d8c7", "mtu": 1450, "router:external": false, "shared": false, "port_security_enabled": true, "provider:network_type": "vxlan", "id": "05f7c1dc-30f7-406d-b944-6fa7c6fec3b9", "provider:segmentation_id": 1069}]}
2016-02-18 15:18:11,891 31858 INFO     [tempest_lib.common.rest_client] Request (TestNetworkBasicOps:test_update_instance_port_admin_state): 200 GET http://10.4.1.3:9696/v2.0/subnets 0.038s
2016-02-18 15:18:11,891 31858 DEBUG    [tempest_lib.common.rest_client] Request - Headers: {'Content-Type': 'application/json', 'Accept': 'application/json', 'X-Auth-Token': '&lt;omitted&gt;'}
        Body: None
    Response - Headers: {'status': '200', 'content-length': '2404', 'content-location': 'http://10.4.1.3:9696/v2.0/subnets', 'connection': 'close', 'date': 'Thu, 18 Feb 2016 15:18:11 GMT', 'content-type': 'application/json; charset=UTF-8', 'x-openstack-request-id': 'req-4b32f129-021b-4804-b985-63de8b6e7ef7'}
        Body: {"subnets": [{"name": "private-subnet", "enable_dhcp": true, "network_id": "d83fb290-0a6d-4786-b922-f6ea4010868c", "tenant_id": "2880acf1b6bd4985aaebe2696798ec5a", "dns_nameservers": [], "gateway_ip": "10.0.0.1", "ipv6_ra_mode": null, "allocation_pools": [{"start": "10.0.0.2", "end": "10.0.0.254"}], "host_routes": [], "ip_version": 4, "ipv6_address_mode": null, "cidr": "10.0.0.0/24", "id": "af39163c-f503-468b-9930-333138832042", "subnetpool_id": null}, {"name": "tempest-subnet-smoke-1105561915", "enable_dhcp": true, "network_id": "05f7c1dc-30f7-406d-b944-6fa7c6fec3b9", "tenant_id": "f40593879ec4464f89cba332cf03d8c7", "dns_nameservers": [], "gateway_ip": "10.100.0.1", "ipv6_ra_mode": null, "allocation_pools": [{"start": "10.100.0.2", "end": "10.100.0.14"}], "host_routes": [], "ip_version": 4, "ipv6_address_mode": null, "cidr": "10.100.0.0/28", "id": "cb5e08ab-ff25-4b23-b06e-ba5e4700074c", "subnetpool_id": null}, {"name": "public-subnet", "enable_dhcp": false, "network_id": "1d2ba60c-9994-495d-ba76-7f865550aca6", "tenant_id": "d79349d0e9184301bbcd4d945171632d", "dns_nameservers": [], "gateway_ip": "172.24.4.1", "ipv6_ra_mode": null, "allocation_pools": [{"start": "172.24.4.2", "end": "172.24.4.254"}], "host_routes": [], "ip_version": 4, "ipv6_address_mode": null, "cidr": "172.24.4.0/24", "id": "0ef57521-d6cb-4a16-bee7-f0053d17e4d7", "subnetpool_id": null}, {"name": "ipv6-private-subnet", "enable_dhcp": true, "network_id": "d83fb290-0a6d-4786-b922-f6ea4010868c", "tenant_id": "2880acf1b6bd4985aaebe2696798ec5a", "dns_nameservers": [], "gateway_ip": "fd19:d98:ff18::1", "ipv6_ra_mode": "slaac", "allocation_pools": [{"start": "fd19:d98:ff18::2", "end": "fd19:d98:ff18:0:ffff:ffff:ffff:ffff"}], "host_routes": [], "ip_version": 6, "ipv6_address_mode": "slaac", "cidr": "fd19:d98:ff18::/64", "id": "fed06043-eee8-4536-b9d0-3d128c79ebd5", "subnetpool_id": null}, {"name": "ipv6-public-subnet", "enable_dhcp": false, "network_id": "1d2ba60c-9994-495d-ba76-7f865550aca6", "tenant_id": "d79349d0e9184301bbcd4d945171632d", "dns_nameservers": [], "gateway_ip": "2001:db8::2", "ipv6_ra_mode": null, "allocation_pools": [{"start": "2001:db8::1", "end": "2001:db8::1"}, {"start": "2001:db8::3", "end": "2001:db8::ffff:ffff:ffff:ffff"}], "host_routes": [], "ip_version": 6, "ipv6_address_mode": null, "cidr": "2001:db8::/64", "id": "918ebd7b-244b-4993-b208-26588885f3ba", "subnetpool_id": null}]}
2016-02-18 15:18:11,933 31858 INFO     [tempest_lib.common.rest_client] Request (TestNetworkBasicOps:test_update_instance_port_admin_state): 200 GET http://10.4.1.3:9696/v2.0/routers 0.040s
2016-02-18 15:18:11,933 31858 DEBUG    [tempest_lib.common.rest_client] Request - Headers: {'Content-Type': 'application/json', 'Accept': 'application/json', 'X-Auth-Token': '&lt;omitted&gt;'}
        Body: None
    Response - Headers: {'status': '200', 'content-length': '1043', 'content-location': 'http://10.4.1.3:9696/v2.0/routers', 'connection': 'close', 'date': 'Thu, 18 Feb 2016 15:18:11 GMT', 'content-type': 'application/json; charset=UTF-8', 'x-openstack-request-id': 'req-d4b11068-51f3-4cf7-9ff7-495840bf8114'}
        Body: {"routers": [{"status": "ACTIVE", "external_gateway_info": {"network_id": "1d2ba60c-9994-495d-ba76-7f865550aca6", "enable_snat": true, "external_fixed_ips": [{"subnet_id": "0ef57521-d6cb-4a16-bee7-f0053d17e4d7", "ip_address": "172.24.4.2"}, {"subnet_id": "918ebd7b-244b-4993-b208-26588885f3ba", "ip_address": "2001:db8::1"}]}, "name": "router1", "admin_state_up": true, "tenant_id": "2880acf1b6bd4985aaebe2696798ec5a", "distributed": false, "routes": [], "ha": false, "id": "83d0cdd9-3513-49f4-b51d-26d56b5a6aa1"}, {"status": "ACTIVE", "external_gateway_info": {"network_id": "1d2ba60c-9994-495d-ba76-7f865550aca6", "enable_snat": true, "external_fixed_ips": [{"subnet_id": "0ef57521-d6cb-4a16-bee7-f0053d17e4d7", "ip_address": "172.24.4.17"}, {"subnet_id": "918ebd7b-244b-4993-b208-26588885f3ba", "ip_address": "2001:db8::11"}]}, "name": "tempest-router-smoke-1470699653", "admin_state_up": true, "tenant_id": "f40593879ec4464f89cba332cf03d8c7", "distributed": false, "routes": [], "ha": false, "id": "c9bfbd9c-5b4a-4ed3-93aa-6287f558ebe2"}]}
2016-02-18 15:18:12,106 31858 INFO     [tempest_lib.common.rest_client] Request (TestNetworkBasicOps:test_update_instance_port_admin_state): 200 POST http://10.4.1.3:8774/v2.1/f40593879ec4464f89cba332cf03d8c7/os-keypairs 0.172s
2016-02-18 15:18:12,107 31858 DEBUG    [tempest_lib.common.rest_client] Request - Headers: {'Content-Type': 'application/json', 'Accept': 'application/json', 'X-Auth-Token': '&lt;omitted&gt;'}
        Body: {"keypair": {"name": "tempest-TestNetworkBasicOps-1087792613"}}
    Response - Headers: {'status': '200', 'content-length': '2321', 'x-compute-request-id': 'req-32b268d2-3f89-4ff9-8b2c-c14a5266d96d', 'vary': 'X-OpenStack-Nova-API-Version', 'connection': 'close', 'x-openstack-nova-api-version': '2.1', 'date': 'Thu, 18 Feb 2016 15:18:12 GMT', 'content-type': 'application/json'}
        Body: {"keypair": {"public_key": "ssh-rsa AAAAB3NzaC1yc2EAAAADAQABAAABAQDuOvi+WnRLGf4DNzvNW1hiGSAeTQKmLNICF/ZjDPWV0RupefiKXErsZ3zho1xvNLbEMxw6fmzKqLGwQwOSuZ63UnD+NVypxl7iHHpjtD10HmjM0jWLrLDSWY6YKBYsliESUAjRUQTvjTM7OosXYaOUZTUQshlTR+tIBjPdiOs1tgEFzJwTecYD2VsFNjIyIdE/Iip6PLs6ju0xUOkqHOKBRWH90K3c208NMPyTu3fNe9FwIJhKM8nVFdH4pPw7Vg9e2/FUFHO2LhIlJDs3ifHlwzaZc1SbVw9aNdpq3X5gN4Z7zB2UFG5B0yV9s2KvYzmzZYs6QUgX51H7ArxnD5QH Generated-by-Nova", "private_key": "-----BEGIN RSA PRIVATE KEY-----\nMIIEqQIBAAKCAQEA7jr4vlp0Sxn+Azc7zVtYYhkgHk0CpizSAhf2Ywz1ldEbqXn4\nilxK7Gd84aNcbzS2xDMcOn5syqixsEMDkrmet1Jw/jVcqcZe4hx6Y7Q9dB5ozNI1\ni6yw0lmOmCgWLJYhElAI0VEE740zOzqLF2GjlGU1ELIZU0frSAYz3YjrNbYBBcyc\nE3nGA9lbBTYyMiHRPyIqejy7Oo7tMVDpKhzigUVh/dCt3NtPDTD8k7t3zXvRcCCY\nSjPJ1RXR+KT8O1YPXtvxVBRzti4SJSQ7N4nx5cM2mXNUm1cPWjXaat1+YDeGe8wd\nlBRuQdMlfbNir2M5s2WLOkFIF+dR+wK8Zw+UBwIDAQABAoIBAD06kuv5u6IB0DNr\nYsdpDtJHuuWOzXuAUYmQNxdGIWicEgwA+Uw2ZFtWTdaAciVy2vaaXEr8a2G68dBn\nqOdxJcXgPoJXnLVV8tUSlLJDhPfvSOg7rt9zRw8JTYj15J0ZCO73+wwxUp9vHxe9\n+DnOMojVakocPD4XYfVlAreRlUJ8QdI/AmLTbvQjWAbw/us5g8nBU5cWHNyVyVK2\nETJIxwcY3VzP3dW7tJyZE0N6eAALXNVSadA8pYB12BROHIVpCLUgkLdHCgStMWqw\n6QjQRG51wjHxgYASTtYsiHFWZtJ28plKWYlpZ+aslXn7CjUIpE0b0MXp/iFg218D\ndV2bFeECggCBAPCdMMF49XT+djEU4f12qZQoWJosIL89lNl0SFG50shWslt8eSpS\nfBh4TthFKV3KDyBubyREVu8tbVfojscSiTQI0r0rFjVCuu1adQFh1fizyUZ2rTHi\nWL/zTTu0y8kTpI/qsgjGMGEnLO2b2Hl4LVYLT18Gy4nfg96CZ6O9MGF7AoIAgQD9\ndsLQDvgKJIoRpcftikgLbp3VPQAkUFhHCk+ZcICsrgLBmeI0Hs4vlfO2kRzme75x\n5JWvEtXGk4unE/G4HXgUNKQjM4OavUPBCCv6R5wQEqJyW/wg3/b4hW+5MEfu6vli\nKsXHaw6lsZdh6YHYnjYsRx6ntNi2sQR7En26PFDT5QKCAIBERwa/z/gvI8ocMWXT\ni+mhDjXeQelk+y+S6UlgT4+9o8Rm65JibRejxffxrOaJI75ZIJ1POElHA6gEiwyA\n9wSSDHLolSJvKKlskv+izcVvFm1mHmUVQ7qVdZAUAkDVpUpMQHgWv06ZMwmvv0qV\nZYHP6dOzDnWRgSilanHIZ/YjowKCAIEApnbzJ3ZNTUwGKeT5U3b4LhnuKvgvOapS\n8AVDlgCfYcm/IauRNq3suLABKixQEMfAokiATkVOhWat14Nvw34HOS4BhuT0UBJx\nhzt4tp2FT8ENU5I6GtU8/KeWYsfk1nMYanKxBnG3Yvcp9zJHBx+RcK8c4QQTOJk1\n2iag0EmAxEkCggCBAIKKlBMPFy0sx8gTnwUYfvcFaTc+67lPlifc7h20E6SkNxL6\nVKAE62whlQehdpa6xeopHpogOCSYq+W/lo6OOtnIjxp+bBMUS3mtwWqkn1ygCB17\nBxs37Pbnx5lTmO5JhNnh2oGO8lcjwBwyjCRve4A01buOyVeJNJtqcq0Bz3cw\n-----END RSA PRIVATE KEY-----\n", "user_id": "2ad4378e8e4c4e3baea8b0f1154b4ca0", "name": "tempest-TestNetworkBasicOps-1087792613", "fingerprint": "a6:51:ec:6a:b6:f6:64:15:7c:9a:bc:e5:78:4a:a5:a9"}}
2016-02-18 15:18:12,232 31858 INFO     [tempest_lib.common.rest_client] Request (TestNetworkBasicOps:test_update_instance_port_admin_state): 200 POST http://10.4.1.3:5000/v2.0/tokens
2016-02-18 15:18:12,233 31858 DEBUG    [tempest_lib.common.rest_client] Request - Headers: {'Content-Type': 'application/json', 'Accept': 'application/json'}
        Body: &lt;omitted&gt;
    Response - Headers: {'status': '200', 'content-length': '2504', 'vary': 'X-Auth-Token', 'server': 'Apache/2.4.7 (Ubuntu)', 'connection': 'close', 'date': 'Thu, 18 Feb 2016 15:18:12 GMT', 'content-type': 'application/json', 'x-openstack-request-id': 'req-fe5a66c0-083a-40ae-8a42-e88a10673d31'}
        Body: {"access": {"token": {"issued_at": "2016-02-18T15:18:12.218662", "expires": "2016-02-18T16:18:12Z", "id": "a5b55e640a3f476d94568812dac9fdea", "tenant": {"description": "tempest-TestNetworkBasicOps-3606138-desc", "enabled": true, "id": "f40593879ec4464f89cba332cf03d8c7", "name": "tempest-TestNetworkBasicOps-3606138"}, "audit_ids": ["ntzaYwVFQBGsWWQP8agmJA"]}, "serviceCatalog": [{"endpoints": [{"adminURL": "http://10.4.1.3:8774/v2.1/f40593879ec4464f89cba332cf03d8c7", "region": "RegionOne", "internalURL": "http://10.4.1.3:8774/v2.1/f40593879ec4464f89cba332cf03d8c7", "id": "0f974c7790c04921bb9af1aa70325064", "publicURL": "http://10.4.1.3:8774/v2.1/f40593879ec4464f89cba332cf03d8c7"}], "endpoints_links": [], "type": "compute", "name": "nova"}, {"endpoints": [{"adminURL": "http://10.4.1.3:9696/", "region": "RegionOne", "internalURL": "http://10.4.1.3:9696/", "id": "5fc3fd0c955e47c09f4e485e24bd067d", "publicURL": "http://10.4.1.3:9696/"}], "endpoints_links": [], "type": "network", "name": "neutron"}, {"endpoints": [{"adminURL": "http://10.4.1.3:9292", "region": "RegionOne", "internalURL": "http://10.4.1.3:9292", "id": "4bf94f59409849b3a4544cce993e66df", "publicURL": "http://10.4.1.3:9292"}], "endpoints_links": [], "type": "image", "name": "glance"}, {"endpoints": [{"adminURL": "http://10.4.1.3:8774/v2/f40593879ec4464f89cba332cf03d8c7", "region": "RegionOne", "internalURL": "http://10.4.1.3:8774/v2/f40593879ec4464f89cba332cf03d8c7", "id": "0c1bc7bb988b4146bbe2a854352cb82c", "publicURL": "http://10.4.1.3:8774/v2/f40593879ec4464f89cba332cf03d8c7"}], "endpoints_links": [], "type": "compute_legacy", "name": "nova_legacy"}, {"endpoints": [{"adminURL": "http://10.4.1.3:8773/", "region": "RegionOne", "internalURL": "http://10.4.1.3:8773/", "id": "2a434de4b8b4439693dbf5713972934c", "publicURL": "http://10.4.1.3:8773/"}], "endpoints_links": [], "type": "ec2", "name": "ec2"}, {"endpoints": [{"adminURL": "http://10.4.1.3:35357/v2.0", "region": "RegionOne", "internalURL": "http://10.4.1.3:5000/v2.0", "id": "7d90d27fe39e4121a1f519645cae1432", "publicURL": "http://10.4.1.3:5000/v2.0"}], "endpoints_links": [], "type": "identity", "name": "keystone"}], "user": {"username": "tempest-TestNetworkBasicOps-786906860", "roles_links": [], "id": "2ad4378e8e4c4e3baea8b0f1154b4ca0", "roles": [{"name": "_member_"}, {"name": "Member"}], "name": "tempest-TestNetworkBasicOps-786906860"}, "metadata": {"is_admin": 0, "roles": ["9fe2ff9ee4384b1894a90878d3e92bab", "7c92a758be1e445faefa0858c445a293"]}}}
2016-02-18 15:18:12,239 31858 DEBUG    [tempest.common.fixed_network] (TestNetworkBasicOps:test_update_instance_port_admin_state) No valid network provided or created, defaulting to fixed_network_name
2016-02-18 15:18:12,437 31858 INFO     [tempest_lib.common.rest_client] Request (TestNetworkBasicOps:test_update_instance_port_admin_state): 200 GET http://10.4.1.3:8774/v2.1/f40593879ec4464f89cba332cf03d8c7/os-networks 0.196s
2016-02-18 15:18:12,438 31858 DEBUG    [tempest_lib.common.rest_client] Request - Headers: {'Content-Type': 'application/json', 'Accept': 'application/json', 'X-Auth-Token': '&lt;omitted&gt;'}
        Body: None
    Response - Headers: {'status': '200', 'content-length': '479', 'content-location': 'http://10.4.1.3:8774/v2.1/f40593879ec4464f89cba332cf03d8c7/os-networks', 'x-compute-request-id': 'req-f1dbd14a-8b70-4f8a-b352-c552fd558cd4', 'vary': 'X-OpenStack-Nova-API-Version', 'connection': 'close', 'x-openstack-nova-api-version': '2.1', 'date': 'Thu, 18 Feb 2016 15:18:12 GMT', 'content-type': 'application/json'}
        Body: {"networks": [{"cidr_v6": null, "dns2": null, "dns1": null, "gateway": null, "broadcast": null, "netmask": null, "gateway_v6": null, "cidr": null, "label": "public", "id": "1d2ba60c-9994-495d-ba76-7f865550aca6", "netmask_v6": null}, {"cidr_v6": null, "dns2": null, "dns1": null, "gateway": null, "broadcast": null, "netmask": null, "gateway_v6": null, "cidr": null, "label": "tempest-network-smoke--1299981044", "id": "05f7c1dc-30f7-406d-b944-6fa7c6fec3b9", "netmask_v6": null}]}
2016-02-18 15:18:12,439 31858 WARNING  [tempest.common.fixed_network] (TestNetworkBasicOps:test_update_instance_port_admin_state) Network with name: private not found
2016-02-18 15:18:12,440 31858 INFO     [tempest.common.fixed_network] (TestNetworkBasicOps:test_update_instance_port_admin_state) Found network {} available for tenant
2016-02-18 15:18:12,963 31858 INFO     [tempest_lib.common.rest_client] Request (TestNetworkBasicOps:test_update_instance_port_admin_state): 202 POST http://10.4.1.3:8774/v2.1/f40593879ec4464f89cba332cf03d8c7/servers 0.522s
2016-02-18 15:18:12,963 31858 DEBUG    [tempest_lib.common.rest_client] Request - Headers: {'Content-Type': 'application/json', 'Accept': 'application/json', 'X-Auth-Token': '&lt;omitted&gt;'}
        Body: {"server": {"name": "tempest-server-smoke-1788250559", "imageRef": "cb45e3e9-84f1-4d39-9de7-5ffd58a33f8f", "key_name": "tempest-TestNetworkBasicOps-1087792613", "flavorRef": "42", "networks": [{"uuid": "05f7c1dc-30f7-406d-b944-6fa7c6fec3b9"}], "security_groups": [{"name": "tempest-secgroup-smoke-1688138656"}]}}
    Response - Headers: {'status': '202', 'content-length': '460', 'x-compute-request-id': 'req-50e7c9da-2955-4172-8b5b-5905984dd374', 'vary': 'X-OpenStack-Nova-API-Version', 'connection': 'close', 'location': 'http://10.4.1.3:8774/v2.1/f40593879ec4464f89cba332cf03d8c7/servers/3a3afcba-4839-4118-abb4-83a587994c16', 'x-openstack-nova-api-version': '2.1', 'date': 'Thu, 18 Feb 2016 15:18:12 GMT', 'content-type': 'application/json'}
        Body: {"server": {"security_groups": [{"name": "tempest-secgroup-smoke-1688138656"}], "OS-DCF:diskConfig": "MANUAL", "id": "3a3afcba-4839-4118-abb4-83a587994c16", "links": [{"href": "http://10.4.1.3:8774/v2.1/f40593879ec4464f89cba332cf03d8c7/servers/3a3afcba-4839-4118-abb4-83a587994c16", "rel": "self"}, {"href": "http://10.4.1.3:8774/f40593879ec4464f89cba332cf03d8c7/servers/3a3afcba-4839-4118-abb4-83a587994c16", "rel": "bookmark"}], "adminPass": "DAR9PCgzi7D8"}}
2016-02-18 15:18:13,090 31858 INFO     [tempest_lib.common.rest_client] Request (TestNetworkBasicOps:test_update_instance_port_admin_state): 200 GET http://10.4.1.3:8774/v2.1/f40593879ec4464f89cba332cf03d8c7/servers/3a3afcba-4839-4118-abb4-83a587994c16 0.124s
2016-02-18 15:18:13,090 31858 DEBUG    [tempest_lib.common.rest_client] Request - Headers: {'Content-Type': 'application/json', 'Accept': 'application/json', 'X-Auth-Token': '&lt;omitted&gt;'}
        Body: None
    Response - Headers: {'status': '200', 'content-length': '1341', 'content-location': 'http://10.4.1.3:8774/v2.1/f40593879ec4464f89cba332cf03d8c7/servers/3a3afcba-4839-4118-abb4-83a587994c16', 'x-compute-request-id': 'req-fe798620-8895-4c6b-bdbe-ccddfecded83', 'vary': 'X-OpenStack-Nova-API-Version', 'connection': 'close', 'x-openstack-nova-api-version': '2.1', 'date': 'Thu, 18 Feb 2016 15:18:13 GMT', 'content-type': 'application/json'}
        Body: {"server": {"status": "BUILD", "updated": "2016-02-18T15:18:13Z", "hostId": "", "addresses": {}, "links": [{"href": "http://10.4.1.3:8774/v2.1/f40593879ec4464f89cba332cf03d8c7/servers/3a3afcba-4839-4118-abb4-83a587994c16", "rel": "self"}, {"href": "http://10.4.1.3:8774/f40593879ec4464f89cba332cf03d8c7/servers/3a3afcba-4839-4118-abb4-83a587994c16", "rel": "bookmark"}], "key_name": "tempest-TestNetworkBasicOps-1087792613", "image": {"id": "cb45e3e9-84f1-4d39-9de7-5ffd58a33f8f", "links": [{"href": "http://10.4.1.3:8774/f40593879ec4464f89cba332cf03d8c7/images/cb45e3e9-84f1-4d39-9de7-5ffd58a33f8f", "rel": "bookmark"}]}, "OS-EXT-STS:task_state": "scheduling", "OS-EXT-STS:vm_state": "building", "OS-SRV-USG:launched_at": null, "flavor": {"id": "42", "links": [{"href": "http://10.4.1.3:8774/f40593879ec4464f89cba332cf03d8c7/flavors/42", "rel": "bookmark"}]}, "id": "3a3afcba-4839-4118-abb4-83a587994c16", "OS-SRV-USG:terminated_at": null, "OS-EXT-AZ:availability_zone": "", "user_id": "2ad4378e8e4c4e3baea8b0f1154b4ca0", "name": "tempest-server-smoke-1788250559", "created": "2016-02-18T15:18:12Z", "tenant_id": "f40593879ec4464f89cba332cf03d8c7", "OS-DCF:diskConfig": "MANUAL", "os-extended-volumes:volumes_attached": [], "accessIPv4": "", "accessIPv6": "", "progress": 0, "OS-EXT-STS:power_state": 0, "config_drive": "", "metadata": {}}}
2016-02-18 15:18:14,570 31858 INFO     [tempest_lib.common.rest_client] Request (TestNetworkBasicOps:test_update_instance_port_admin_state): 200 GET http://10.4.1.3:8774/v2.1/f40593879ec4464f89cba332cf03d8c7/servers/3a3afcba-4839-4118-abb4-83a587994c16 0.469s
2016-02-18 15:18:14,571 31858 DEBUG    [tempest_lib.common.rest_client] Request - Headers: {'Content-Type': 'application/json', 'Accept': 'application/json', 'X-Auth-Token': '&lt;omitted&gt;'}
        Body: None
    Response - Headers: {'status': '200', 'content-length': '1467', 'content-location': 'http://10.4.1.3:8774/v2.1/f40593879ec4464f89cba332cf03d8c7/servers/3a3afcba-4839-4118-abb4-83a587994c16', 'x-compute-request-id': 'req-9584e98b-cf08-4413-9a55-ed6ecac417c3', 'vary': 'X-OpenStack-Nova-API-Version', 'connection': 'close', 'x-openstack-nova-api-version': '2.1', 'date': 'Thu, 18 Feb 2016 15:18:14 GMT', 'content-type': 'application/json'}
        Body: {"server": {"status": "BUILD", "updated": "2016-02-18T15:18:13Z", "hostId": "fdcaaae1f9b0a0211a30b45847fc7c299be03f7cd4198da3b20ee96a", "addresses": {}, "links": [{"href": "http://10.4.1.3:8774/v2.1/f40593879ec4464f89cba332cf03d8c7/servers/3a3afcba-4839-4118-abb4-83a587994c16", "rel": "self"}, {"href": "http://10.4.1.3:8774/f40593879ec4464f89cba332cf03d8c7/servers/3a3afcba-4839-4118-abb4-83a587994c16", "rel": "bookmark"}], "key_name": "tempest-TestNetworkBasicOps-1087792613", "image": {"id": "cb45e3e9-84f1-4d39-9de7-5ffd58a33f8f", "links": [{"href": "http://10.4.1.3:8774/f40593879ec4464f89cba332cf03d8c7/images/cb45e3e9-84f1-4d39-9de7-5ffd58a33f8f", "rel": "bookmark"}]}, "OS-EXT-STS:task_state": "spawning", "OS-EXT-STS:vm_state": "building", "OS-SRV-USG:launched_at": null, "flavor": {"id": "42", "links": [{"href": "http://10.4.1.3:8774/f40593879ec4464f89cba332cf03d8c7/flavors/42", "rel": "bookmark"}]}, "id": "3a3afcba-4839-4118-abb4-83a587994c16", "security_groups": [{"name": "tempest-secgroup-smoke-1688138656"}], "OS-SRV-USG:terminated_at": null, "OS-EXT-AZ:availability_zone": "nova", "user_id": "2ad4378e8e4c4e3baea8b0f1154b4ca0", "name": "tempest-server-smoke-1788250559", "created": "2016-02-18T15:18:12Z", "tenant_id": "f40593879ec4464f89cba332cf03d8c7", "OS-DCF:diskConfig": "MANUAL", "os-extended-volumes:volumes_attached": [], "accessIPv4": "", "accessIPv6": "", "progress": 0, "OS-EXT-STS:power_state": 0, "config_drive": "", "metadata": {}}}
2016-02-18 15:18:14,580 31858 INFO     [tempest.common.waiters] State transition "BUILD/scheduling" ==&gt; "BUILD/spawning" after 1 second wait
2016-02-18 15:18:15,732 31858 INFO     [tempest_lib.common.rest_client] Request (TestNetworkBasicOps:test_update_instance_port_admin_state): 200 GET http://10.4.1.3:8774/v2.1/f40593879ec4464f89cba332cf03d8c7/servers/3a3afcba-4839-4118-abb4-83a587994c16 0.151s
2016-02-18 15:18:15,733 31858 DEBUG    [tempest_lib.common.rest_client] Request - Headers: {'Content-Type': 'application/json', 'Accept': 'application/json', 'X-Auth-Token': '&lt;omitted&gt;'}
        Body: None
    Response - Headers: {'status': '200', 'content-length': '1639', 'content-location': 'http://10.4.1.3:8774/v2.1/f40593879ec4464f89cba332cf03d8c7/servers/3a3afcba-4839-4118-abb4-83a587994c16', 'x-compute-request-id': 'req-05209413-2a51-48d3-a51a-4b950f4801df', 'vary': 'X-OpenStack-Nova-API-Version', 'connection': 'close', 'x-openstack-nova-api-version': '2.1', 'date': 'Thu, 18 Feb 2016 15:18:15 GMT', 'content-type': 'application/json'}
        Body: {"server": {"status": "ACTIVE", "updated": "2016-02-18T15:18:15Z", "hostId": "fdcaaae1f9b0a0211a30b45847fc7c299be03f7cd4198da3b20ee96a", "addresses": {"tempest-network-smoke--1299981044": [{"OS-EXT-IPS-MAC:mac_addr": "fa:16:3e:ad:db:dc", "version": 4, "addr": "10.100.0.3", "OS-EXT-IPS:type": "fixed"}]}, "links": [{"href": "http://10.4.1.3:8774/v2.1/f40593879ec4464f89cba332cf03d8c7/servers/3a3afcba-4839-4118-abb4-83a587994c16", "rel": "self"}, {"href": "http://10.4.1.3:8774/f40593879ec4464f89cba332cf03d8c7/servers/3a3afcba-4839-4118-abb4-83a587994c16", "rel": "bookmark"}], "key_name": "tempest-TestNetworkBasicOps-1087792613", "image": {"id": "cb45e3e9-84f1-4d39-9de7-5ffd58a33f8f", "links": [{"href": "http://10.4.1.3:8774/f40593879ec4464f89cba332cf03d8c7/images/cb45e3e9-84f1-4d39-9de7-5ffd58a33f8f", "rel": "bookmark"}]}, "OS-EXT-STS:task_state": null, "OS-EXT-STS:vm_state": "active", "OS-SRV-USG:launched_at": "2016-02-18T15:18:15.000000", "flavor": {"id": "42", "links": [{"href": "http://10.4.1.3:8774/f40593879ec4464f89cba332cf03d8c7/flavors/42", "rel": "bookmark"}]}, "id": "3a3afcba-4839-4118-abb4-83a587994c16", "security_groups": [{"name": "tempest-secgroup-smoke-1688138656"}], "OS-SRV-USG:terminated_at": null, "OS-EXT-AZ:availability_zone": "nova", "user_id": "2ad4378e8e4c4e3baea8b0f1154b4ca0", "name": "tempest-server-smoke-1788250559", "created": "2016-02-18T15:18:12Z", "tenant_id": "f40593879ec4464f89cba332cf03d8c7", "OS-DCF:diskConfig": "MANUAL", "os-extended-volumes:volumes_attached": [], "accessIPv4": "", "accessIPv6": "", "progress": 0, "OS-EXT-STS:power_state": 1, "config_drive": "True", "metadata": {}}}
2016-02-18 15:18:15,742 31858 INFO     [tempest.common.waiters] State transition "BUILD/spawning" ==&gt; "ACTIVE/None" after 2 second wait
2016-02-18 15:18:15,908 31858 INFO     [tempest_lib.common.rest_client] Request (TestNetworkBasicOps:test_update_instance_port_admin_state): 200 GET http://10.4.1.3:8774/v2.1/f40593879ec4464f89cba332cf03d8c7/servers/3a3afcba-4839-4118-abb4-83a587994c16 0.165s
2016-02-18 15:18:15,909 31858 DEBUG    [tempest_lib.common.rest_client] Request - Headers: {'Content-Type': 'application/json', 'Accept': 'application/json', 'X-Auth-Token': '&lt;omitted&gt;'}
        Body: None
    Response - Headers: {'status': '200', 'content-length': '1639', 'content-location': 'http://10.4.1.3:8774/v2.1/f40593879ec4464f89cba332cf03d8c7/servers/3a3afcba-4839-4118-abb4-83a587994c16', 'x-compute-request-id': 'req-a6232d4c-751a-45b8-964a-2b7aacdbd3c2', 'vary': 'X-OpenStack-Nova-API-Version', 'connection': 'close', 'x-openstack-nova-api-version': '2.1', 'date': 'Thu, 18 Feb 2016 15:18:15 GMT', 'content-type': 'application/json'}
        Body: {"server": {"status": "ACTIVE", "updated": "2016-02-18T15:18:15Z", "hostId": "fdcaaae1f9b0a0211a30b45847fc7c299be03f7cd4198da3b20ee96a", "addresses": {"tempest-network-smoke--1299981044": [{"OS-EXT-IPS-MAC:mac_addr": "fa:16:3e:ad:db:dc", "version": 4, "addr": "10.100.0.3", "OS-EXT-IPS:type": "fixed"}]}, "links": [{"href": "http://10.4.1.3:8774/v2.1/f40593879ec4464f89cba332cf03d8c7/servers/3a3afcba-4839-4118-abb4-83a587994c16", "rel": "self"}, {"href": "http://10.4.1.3:8774/f40593879ec4464f89cba332cf03d8c7/servers/3a3afcba-4839-4118-abb4-83a587994c16", "rel": "bookmark"}], "key_name": "tempest-TestNetworkBasicOps-1087792613", "image": {"id": "cb45e3e9-84f1-4d39-9de7-5ffd58a33f8f", "links": [{"href": "http://10.4.1.3:8774/f40593879ec4464f89cba332cf03d8c7/images/cb45e3e9-84f1-4d39-9de7-5ffd58a33f8f", "rel": "bookmark"}]}, "OS-EXT-STS:task_state": null, "OS-EXT-STS:vm_state": "active", "OS-SRV-USG:launched_at": "2016-02-18T15:18:15.000000", "flavor": {"id": "42", "links": [{"href": "http://10.4.1.3:8774/f40593879ec4464f89cba332cf03d8c7/flavors/42", "rel": "bookmark"}]}, "id": "3a3afcba-4839-4118-abb4-83a587994c16", "security_groups": [{"name": "tempest-secgroup-smoke-1688138656"}], "OS-SRV-USG:terminated_at": null, "OS-EXT-AZ:availability_zone": "nova", "user_id": "2ad4378e8e4c4e3baea8b0f1154b4ca0", "name": "tempest-server-smoke-1788250559", "created": "2016-02-18T15:18:12Z", "tenant_id": "f40593879ec4464f89cba332cf03d8c7", "OS-DCF:diskConfig": "MANUAL", "os-extended-volumes:volumes_attached": [], "accessIPv4": "", "accessIPv6": "", "progress": 0, "OS-EXT-STS:power_state": 1, "config_drive": "True", "metadata": {}}}
2016-02-18 15:18:15,918 31858 INFO     [tempest.scenario.manager] Tenant networks not configured to be reachable.
2016-02-18 15:18:15,964 31858 INFO     [tempest_lib.common.rest_client] Request (TestNetworkBasicOps:test_update_instance_port_admin_state): 200 GET http://10.4.1.3:9696/v2.0/ports?fixed_ip=None&amp;device_id=3a3afcba-4839-4118-abb4-83a587994c16 0.046s
2016-02-18 15:18:15,965 31858 DEBUG    [tempest_lib.common.rest_client] Request - Headers: {'Content-Type': 'application/json', 'Accept': 'application/json', 'X-Auth-Token': '&lt;omitted&gt;'}
        Body: None
    Response - Headers: {'status': '200', 'content-length': '895', 'content-location': 'http://10.4.1.3:9696/v2.0/ports?fixed_ip=None&amp;device_id=3a3afcba-4839-4118-abb4-83a587994c16', 'connection': 'close', 'date': 'Thu, 18 Feb 2016 15:18:15 GMT', 'content-type': 'application/json; charset=UTF-8', 'x-openstack-request-id': 'req-cef6bc68-eb28-4e34-98cb-f9a04f526a4d'}
        Body: {"ports": [{"status": "ACTIVE", "binding:host_id": "vagrant-ubuntu-trusty-64", "allowed_address_pairs": [], "extra_dhcp_opts": [], "dns_assignment": [{"hostname": "host-10-100-0-3", "ip_address": "10.100.0.3", "fqdn": "host-10-100-0-3.openstacklocal."}], "device_owner": "compute:None", "port_security_enabled": true, "binding:profile": {}, "fixed_ips": [{"subnet_id": "cb5e08ab-ff25-4b23-b06e-ba5e4700074c", "ip_address": "10.100.0.3"}], "id": "dcc1352c-460f-4a20-af22-5e9ca2f6e748", "security_groups": ["d5badf0a-b8d2-42aa-93e4-3cff87ecc8c7"], "device_id": "3a3afcba-4839-4118-abb4-83a587994c16", "name": "", "admin_state_up": true, "network_id": "05f7c1dc-30f7-406d-b944-6fa7c6fec3b9", "dns_name": "", "binding:vif_details": {"port_filter": true}, "binding:vnic_type": "normal", "binding:vif_type": "ovs", "tenant_id": "f40593879ec4464f89cba332cf03d8c7", "mac_address": "fa:16:3e:ad:db:dc"}]}
2016-02-18 15:18:16,425 31858 INFO     [tempest_lib.common.rest_client] Request (TestNetworkBasicOps:test_update_instance_port_admin_state): 201 POST http://10.4.1.3:9696/v2.0/floatingips 0.459s
2016-02-18 15:18:16,425 31858 DEBUG    [tempest_lib.common.rest_client] Request - Headers: {'Content-Type': 'application/json', 'Accept': 'application/json', 'X-Auth-Token': '&lt;omitted&gt;'}
        Body: {"floatingip": {"floating_network_id": "1d2ba60c-9994-495d-ba76-7f865550aca6", "tenant_id": "f40593879ec4464f89cba332cf03d8c7", "fixed_ip_address": "10.100.0.3", "port_id": "dcc1352c-460f-4a20-af22-5e9ca2f6e748"}}
    Response - Headers: {'status': '201', 'content-length': '368', 'connection': 'close', 'date': 'Thu, 18 Feb 2016 15:18:16 GMT', 'content-type': 'application/json; charset=UTF-8', 'x-openstack-request-id': 'req-da192dc9-a0fa-489a-b50d-3a30b261e9ae'}
        Body: {"floatingip": {"floating_network_id": "1d2ba60c-9994-495d-ba76-7f865550aca6", "router_id": "c9bfbd9c-5b4a-4ed3-93aa-6287f558ebe2", "fixed_ip_address": "10.100.0.3", "floating_ip_address": "172.24.4.18", "tenant_id": "f40593879ec4464f89cba332cf03d8c7", "status": "DOWN", "port_id": "dcc1352c-460f-4a20-af22-5e9ca2f6e748", "id": "1f52ab9a-b099-43ee-86fa-719afe16fd60"}}
2016-02-18 15:18:16,463 31858 INFO     [tempest_lib.common.rest_client] Request (TestNetworkBasicOps:test_update_instance_port_admin_state): 200 GET http://10.4.1.3:9696/v2.0/ports?device_id=3a3afcba-4839-4118-abb4-83a587994c16 0.036s
2016-02-18 15:18:16,463 31858 DEBUG    [tempest_lib.common.rest_client] Request - Headers: {'Content-Type': 'application/json', 'Accept': 'application/json', 'X-Auth-Token': '&lt;omitted&gt;'}
        Body: None
    Response - Headers: {'status': '200', 'content-length': '895', 'content-location': 'http://10.4.1.3:9696/v2.0/ports?device_id=3a3afcba-4839-4118-abb4-83a587994c16', 'connection': 'close', 'date': 'Thu, 18 Feb 2016 15:18:16 GMT', 'content-type': 'application/json; charset=UTF-8', 'x-openstack-request-id': 'req-5e6f864b-7143-488f-8604-32689fcb74b6'}
        Body: {"ports": [{"status": "ACTIVE", "binding:host_id": "vagrant-ubuntu-trusty-64", "allowed_address_pairs": [], "extra_dhcp_opts": [], "dns_assignment": [{"hostname": "host-10-100-0-3", "ip_address": "10.100.0.3", "fqdn": "host-10-100-0-3.openstacklocal."}], "device_owner": "compute:None", "port_security_enabled": true, "binding:profile": {}, "fixed_ips": [{"subnet_id": "cb5e08ab-ff25-4b23-b06e-ba5e4700074c", "ip_address": "10.100.0.3"}], "id": "dcc1352c-460f-4a20-af22-5e9ca2f6e748", "security_groups": ["d5badf0a-b8d2-42aa-93e4-3cff87ecc8c7"], "device_id": "3a3afcba-4839-4118-abb4-83a587994c16", "name": "", "admin_state_up": true, "network_id": "05f7c1dc-30f7-406d-b944-6fa7c6fec3b9", "dns_name": "", "binding:vif_details": {"port_filter": true}, "binding:vnic_type": "normal", "binding:vif_type": "ovs", "tenant_id": "f40593879ec4464f89cba332cf03d8c7", "mac_address": "fa:16:3e:ad:db:dc"}]}
2016-02-18 15:18:16,480 31858 INFO     [tempest_lib.common.rest_client] Request (TestNetworkBasicOps:test_update_instance_port_admin_state): 200 GET http://10.4.1.3:9696/v2.0/floatingips/1f52ab9a-b099-43ee-86fa-719afe16fd60 0.016s
2016-02-18 15:18:16,480 31858 DEBUG    [tempest_lib.common.rest_client] Request - Headers: {'Content-Type': 'application/json', 'Accept': 'application/json', 'X-Auth-Token': '&lt;omitted&gt;'}
        Body: None
    Response - Headers: {'status': '200', 'content-length': '368', 'content-location': 'http://10.4.1.3:9696/v2.0/floatingips/1f52ab9a-b099-43ee-86fa-719afe16fd60', 'connection': 'close', 'date': 'Thu, 18 Feb 2016 15:18:16 GMT', 'content-type': 'application/json; charset=UTF-8', 'x-openstack-request-id': 'req-5f45dccf-1955-4ba5-baf2-b112c80f5850'}
        Body: {"floatingip": {"floating_network_id": "1d2ba60c-9994-495d-ba76-7f865550aca6", "router_id": "c9bfbd9c-5b4a-4ed3-93aa-6287f558ebe2", "fixed_ip_address": "10.100.0.3", "floating_ip_address": "172.24.4.18", "tenant_id": "f40593879ec4464f89cba332cf03d8c7", "status": "DOWN", "port_id": "dcc1352c-460f-4a20-af22-5e9ca2f6e748", "id": "1f52ab9a-b099-43ee-86fa-719afe16fd60"}}
2016-02-18 15:18:17,499 31858 INFO     [tempest_lib.common.rest_client] Request (TestNetworkBasicOps:test_update_instance_port_admin_state): 200 GET http://10.4.1.3:9696/v2.0/floatingips/1f52ab9a-b099-43ee-86fa-719afe16fd60 0.017s
2016-02-18 15:18:17,499 31858 DEBUG    [tempest_lib.common.rest_client] Request - Headers: {'Content-Type': 'application/json', 'Accept': 'application/json', 'X-Auth-Token': '&lt;omitted&gt;'}
        Body: None
    Response - Headers: {'status': '200', 'content-length': '370', 'content-location': 'http://10.4.1.3:9696/v2.0/floatingips/1f52ab9a-b099-43ee-86fa-719afe16fd60', 'connection': 'close', 'date': 'Thu, 18 Feb 2016 15:18:17 GMT', 'content-type': 'application/json; charset=UTF-8', 'x-openstack-request-id': 'req-8bb6f0c2-143b-4485-9550-f93ec89f7e70'}
        Body: {"floatingip": {"floating_network_id": "1d2ba60c-9994-495d-ba76-7f865550aca6", "router_id": "c9bfbd9c-5b4a-4ed3-93aa-6287f558ebe2", "fixed_ip_address": "10.100.0.3", "floating_ip_address": "172.24.4.18", "tenant_id": "f40593879ec4464f89cba332cf03d8c7", "status": "ACTIVE", "port_id": "dcc1352c-460f-4a20-af22-5e9ca2f6e748", "id": "1f52ab9a-b099-43ee-86fa-719afe16fd60"}}
2016-02-18 15:18:17,500 31858 INFO     [tempest.scenario.manager] FloatingIP: &lt;"FloatingIP" addr="172.24.4.18" id="1f52ab9a-b099-43ee-86fa-719afe16fd60"&gt; is at status: ACTIVE
2016-02-18 15:18:17,500 31858 DEBUG    [tempest.scenario.manager] checking network connections to IP 172.24.4.18 with user: cirros
2016-02-18 15:18:17,501 31858 DEBUG    [tempest.scenario.manager] TestNetworkBasicOps:test_update_instance_port_admin_state begins to ping 172.24.4.18 in 120 sec and the expected result is reachable
2016-02-18 15:18:37,601 31858 DEBUG    [tempest.scenario.manager] TestNetworkBasicOps:test_update_instance_port_admin_state finishes ping 172.24.4.18 in 120 sec and the ping result is expected
2016-02-18 15:18:37,603 31858 INFO     [tempest_lib.common.ssh] Creating ssh connection to '172.24.4.18' as 'cirros' with public key authentication
2016-02-18 15:18:37,609 31858 WARNING  [tempest_lib.common.ssh] Failed to establish authenticated ssh connection to cirros@172.24.4.18 ([Errno None] Unable to connect to port 22 on  or 172.24.4.18). Number attempts: 1. Retry after 2 seconds.
2016-02-18 15:18:40,243 31858 INFO     [paramiko.transport] Connected (version 2.0, client dropbear_2012.55)
2016-02-18 15:18:40,587 31858 INFO     [paramiko.transport] Authentication (publickey) successful!
2016-02-18 15:18:40,589 31858 INFO     [tempest_lib.common.ssh] ssh connection to cirros@172.24.4.18 successfully created
2016-02-18 15:18:40,927 31858 INFO     [tempest_lib.common.rest_client] Request (TestNetworkBasicOps:test_update_instance_port_admin_state): 200 PUT http://10.4.1.3:9696/v2.0/ports/dcc1352c-460f-4a20-af22-5e9ca2f6e748 0.222s
2016-02-18 15:18:40,928 31858 DEBUG    [tempest_lib.common.rest_client] Request - Headers: {'Content-Type': 'application/json', 'Accept': 'application/json', 'X-Auth-Token': '&lt;omitted&gt;'}
        Body: {"port": {"admin_state_up": false}}
    Response - Headers: {'status': '200', 'content-length': '750', 'connection': 'close', 'date': 'Thu, 18 Feb 2016 15:18:40 GMT', 'content-type': 'application/json; charset=UTF-8', 'x-openstack-request-id': 'req-8b700517-2f3b-465c-8be7-9d1a8a3c0aba'}
        Body: {"port": {"status": "ACTIVE", "name": "", "allowed_address_pairs": [], "admin_state_up": false, "network_id": "05f7c1dc-30f7-406d-b944-6fa7c6fec3b9", "dns_name": "", "extra_dhcp_opts": [], "mac_address": "fa:16:3e:ad:db:dc", "dns_assignment": [{"hostname": "host-10-100-0-3", "ip_address": "10.100.0.3", "fqdn": "host-10-100-0-3.openstacklocal."}], "binding:vnic_type": "normal", "device_owner": "compute:None", "tenant_id": "f40593879ec4464f89cba332cf03d8c7", "port_security_enabled": true, "fixed_ips": [{"subnet_id": "cb5e08ab-ff25-4b23-b06e-ba5e4700074c", "ip_address": "10.100.0.3"}], "id": "dcc1352c-460f-4a20-af22-5e9ca2f6e748", "security_groups": ["d5badf0a-b8d2-42aa-93e4-3cff87ecc8c7"], "device_id": "3a3afcba-4839-4118-abb4-83a587994c16"}}
2016-02-18 15:18:40,929 31858 DEBUG    [tempest.scenario.manager] checking network connections to IP 172.24.4.18 with user: cirros
2016-02-18 15:18:40,929 31858 DEBUG    [tempest.scenario.manager] TestNetworkBasicOps:test_update_instance_port_admin_state begins to ping 172.24.4.18 in 120 sec and the expected result is unreachable
2016-02-18 15:20:41,512 31858 DEBUG    [tempest.scenario.manager] TestNetworkBasicOps:test_update_instance_port_admin_state finishes ping 172.24.4.18 in 120 sec and the ping result is unexpected
2016-02-18 15:20:41,515 31858 ERROR    [tempest.scenario.manager] Public network connectivity check failed: after updating admin_state_up of instance port to False
2016-02-18 15:20:41.515 31858 ERROR tempest.scenario.manager Traceback (most recent call last):
2016-02-18 15:20:41.515 31858 ERROR tempest.scenario.manager   File "tempest/scenario/manager.py", line 598, in check_public_network_connectivity
2016-02-18 15:20:41.515 31858 ERROR tempest.scenario.manager     should_connect=should_connect)
2016-02-18 15:20:41.515 31858 ERROR tempest.scenario.manager   File "tempest/scenario/manager.py", line 582, in check_vm_connectivity
2016-02-18 15:20:41.515 31858 ERROR tempest.scenario.manager     msg=msg)
2016-02-18 15:20:41.515 31858 ERROR tempest.scenario.manager   File "/usr/local/lib/python2.7/dist-packages/unittest2/case.py", line 702, in assertTrue
2016-02-18 15:20:41.515 31858 ERROR tempest.scenario.manager     raise self.failureException(msg)
2016-02-18 15:20:41.515 31858 ERROR tempest.scenario.manager AssertionError: False is not true : ip address 172.24.4.18 is reachable
2016-02-18 15:20:41.515 31858 ERROR tempest.scenario.manager 
2016-02-18 15:20:41,726 31858 INFO     [tempest_lib.common.rest_client] Request (TestNetworkBasicOps:test_update_instance_port_admin_state): 200 POST http://10.4.1.3:8774/v2.1/f40593879ec4464f89cba332cf03d8c7/servers/3a3afcba-4839-4118-abb4-83a587994c16/action 0.206s
2016-02-18 15:20:41,727 31858 DEBUG    [tempest_lib.common.rest_client] Request - Headers: {'Content-Type': 'application/json', 'Accept': 'application/json', 'X-Auth-Token': '&lt;omitted&gt;'}
        Body: {"os-getConsoleOutput": {}}
    Response - Headers: {'status': '200', 'content-length': '19834', 'x-compute-request-id': 'req-6bd8f455-1037-46ce-a9d8-0d74aa82dd30', 'vary': 'X-OpenStack-Nova-API-Version', 'connection': 'close', 'x-openstack-nova-api-version': '2.1', 'date': 'Thu, 18 Feb 2016 15:20:41 GMT', 'content-type': 'application/json'}
        Body: {"output": "[    0.000000] Initializing cgroup subsys cpuset\n[    0.000000] Initializing cgroup subsys cpu\n[    0.000000] Linux version 3.2.0-80-virtual (buildd@batsu) (gcc version 4.6.3 (Ubuntu/Linaro 4.6.3-1ubuntu5) ) #116-Ubuntu SMP Mon Mar 23 17:28:52 UTC 2015 (Ubuntu 3.2.0-80.116-virtual 3.2.68)\n[    0.000000] Command line: root=/dev/vda console=tty0 console=ttyS0 no_timer_check\n[    0.000000] KERNEL supported cpus:\n[    0.000000]   Intel GenuineIntel\n[    0.000000]   AMD AuthenticAMD\n[    0.000000]   Centaur CentaurHauls\n[    0.000000] BIOS-provided physical RAM map:\n[    0.000000]  BIOS-e820: 0000000000000000 - 000000000009fc00 (usable)\n[    0.000000]  BIOS-e820: 000000000009fc00 - 00000000000a0000 (reserved)\n[    0.000000]  BIOS-e820: 00000000000f0000 - 0000000000100000 (reserved)\n[    0.000000]  BIOS-e820: 0000000000100000 - 0000000003ffe000 (usable)\n[    0.000000]  BIOS-e820: 0000000003ffe000 - 0000000004000000 (reserved)\n[    0.000000]  BIOS-e820: 00000000fffc0000 - 0000000100000000 (reserved)\n[    0.000000] NX (Execute Disable) protection: active\n[    0.000000] SMBIOS 2.4 present.\n[    0.000000] No AGP bridge found\n[    0.000000] last_pfn = 0x3ffe max_arch_pfn = 0x400000000\n[    0.000000] x86 PAT enabled: cpu 0, old 0x7040600070406, new 0x7010600070106\n[    0.000000] found SMP MP-table at [ffff8800000f0b00] f0b00\n[    0.000000] init_memory_mapping: 0000000000000000-0000000003ffe000\n[    0.000000] RAMDISK: 03c5e000 - 03ff0000\n[    0.000000] ACPI: RSDP 00000000000f0950 00014 (v00 BOCHS )\n[    0.000000] ACPI: RSDT 0000000003fffbc1 00034 (v01 BOCHS  BXPCRSDT 00000001 BXPC 00000001)\n[    0.000000] ACPI: FACP 0000000003fff1c0 00074 (v01 BOCHS  BXPCFACP 00000001 BXPC 00000001)\n[    0.000000] ACPI: DSDT 0000000003ffe040 01180 (v01 BOCHS  BXPCDSDT 00000001 BXPC 00000001)\n[    0.000000] ACPI: FACS 0000000003ffe000 00040\n[    0.000000] ACPI: SSDT 0000000003fff234 008DD (v01 BOCHS  BXPCSSDT 00000001 BXPC 00000001)\n[    0.000000] ACPI: APIC 0000000003fffb11 00078 (v01 BOCHS  BXPCAPIC 00000001 BXPC 00000001)\n[    0.000000] ACPI: HPET 0000000003fffb89 00038 (v01 BOCHS  BXPCHPET 00000001 BXPC 00000001)\n[    0.000000] No NUMA configuration found\n[    0.000000] Faking a node at 0000000000000000-0000000003ffe000\n[    0.000000] Initmem setup node 0 0000000000000000-0000000003ffe000\n[    0.000000]   NODE_DATA [0000000003ff6000 - 0000000003ffafff]\n[    0.000000] Zone PFN ranges:\n[    0.000000]   DMA      0x00000010 -&gt; 0x00001000\n[    0.000000]   DMA32    0x00001000 -&gt; 0x00100000\n[    0.000000]   Normal   empty\n[    0.000000] Movable zone start PFN for each node\n[    0.000000] early_node_map[2] active PFN ranges\n[    0.000000]     0: 0x00000010 -&gt; 0x0000009f\n[    0.000000]     0: 0x00000100 -&gt; 0x00003ffe\n[    0.000000] ACPI: PM-Timer IO Port: 0xb008\n[    0.000000] ACPI: LAPIC (acpi_id[0x00] lapic_id[0x00] enabled)\n[    0.000000] ACPI: LAPIC_NMI (acpi_id[0xff] dfl dfl lint[0x1])\n[    0.000000] ACPI: IOAPIC (id[0x00] address[0xfec00000] gsi_base[0])\n[    0.000000] IOAPIC[0]: apic_id 0, version 17, address 0xfec00000, GSI 0-23\n[    0.000000] ACPI: INT_SRC_OVR (bus 0 bus_irq 0 global_irq 2 dfl dfl)\n[    0.000000] ACPI: INT_SRC_OVR (bus 0 bus_irq 5 global_irq 5 high level)\n[    0.000000] ACPI: INT_SRC_OVR (bus 0 bus_irq 9 global_irq 9 high level)\n[    0.000000] ACPI: INT_SRC_OVR (bus 0 bus_irq 10 global_irq 10 high level)\n[    0.000000] ACPI: INT_SRC_OVR (bus 0 bus_irq 11 global_irq 11 high level)\n[    0.000000] Using ACPI (MADT) for SMP configuration information\n[    0.000000] ACPI: HPET id: 0x8086a201 base: 0xfed00000\n[    0.000000] SMP: Allowing 1 CPUs, 0 hotplug CPUs\n[    0.000000] PM: Registered nosave memory: 000000000009f000 - 00000000000a0000\n[    0.000000] PM: Registered nosave memory: 00000000000a0000 - 00000000000f0000\n[    0.000000] PM: Registered nosave memory: 00000000000f0000 - 0000000000100000\n[    0.000000] Allocating PCI resources starting at 4000000 (gap: 4000000:fbfc0000)\n[    0.000000] Booting paravirtualized kernel on bare hardware\n[    0.000000] setup_pe
2016-02-18 15:20:41,732 31858 DEBUG    [tempest.scenario.manager] Console output for 3a3afcba-4839-4118-abb4-83a587994c16
body=
[    0.000000] Initializing cgroup subsys cpuset
[    0.000000] Initializing cgroup subsys cpu
[    0.000000] Linux version 3.2.0-80-virtual (buildd@batsu) (gcc version 4.6.3 (Ubuntu/Linaro 4.6.3-1ubuntu5) ) #116-Ubuntu SMP Mon Mar 23 17:28:52 UTC 2015 (Ubuntu 3.2.0-80.116-virtual 3.2.68)
[    0.000000] Command line: root=/dev/vda console=tty0 console=ttyS0 no_timer_check
[    0.000000] KERNEL supported cpus:
[    0.000000]   Intel GenuineIntel
[    0.000000]   AMD AuthenticAMD
[    0.000000]   Centaur CentaurHauls
[    0.000000] BIOS-provided physical RAM map:
[    0.000000]  BIOS-e820: 0000000000000000 - 000000000009fc00 (usable)
[    0.000000]  BIOS-e820: 000000000009fc00 - 00000000000a0000 (reserved)
[    0.000000]  BIOS-e820: 00000000000f0000 - 0000000000100000 (reserved)
[    0.000000]  BIOS-e820: 0000000000100000 - 0000000003ffe000 (usable)
[    0.000000]  BIOS-e820: 0000000003ffe000 - 0000000004000000 (reserved)
[    0.000000]  BIOS-e820: 00000000fffc0000 - 0000000100000000 (reserved)
[    0.000000] NX (Execute Disable) protection: active
[    0.000000] SMBIOS 2.4 present.
[    0.000000] No AGP bridge found
[    0.000000] last_pfn = 0x3ffe max_arch_pfn = 0x400000000
[    0.000000] x86 PAT enabled: cpu 0, old 0x7040600070406, new 0x7010600070106
[    0.000000] found SMP MP-table at [ffff8800000f0b00] f0b00
[    0.000000] init_memory_mapping: 0000000000000000-0000000003ffe000
[    0.000000] RAMDISK: 03c5e000 - 03ff0000
[    0.000000] ACPI: RSDP 00000000000f0950 00014 (v00 BOCHS )
[    0.000000] ACPI: RSDT 0000000003fffbc1 00034 (v01 BOCHS  BXPCRSDT 00000001 BXPC 00000001)
[    0.000000] ACPI: FACP 0000000003fff1c0 00074 (v01 BOCHS  BXPCFACP 00000001 BXPC 00000001)
[    0.000000] ACPI: DSDT 0000000003ffe040 01180 (v01 BOCHS  BXPCDSDT 00000001 BXPC 00000001)
[    0.000000] ACPI: FACS 0000000003ffe000 00040
[    0.000000] ACPI: SSDT 0000000003fff234 008DD (v01 BOCHS  BXPCSSDT 00000001 BXPC 00000001)
[    0.000000] ACPI: APIC 0000000003fffb11 00078 (v01 BOCHS  BXPCAPIC 00000001 BXPC 00000001)
[    0.000000] ACPI: HPET 0000000003fffb89 00038 (v01 BOCHS  BXPCHPET 00000001 BXPC 00000001)
[    0.000000] No NUMA configuration found
[    0.000000] Faking a node at 0000000000000000-0000000003ffe000
[    0.000000] Initmem setup node 0 0000000000000000-0000000003ffe000
[    0.000000]   NODE_DATA [0000000003ff6000 - 0000000003ffafff]
[    0.000000] Zone PFN ranges:
[    0.000000]   DMA      0x00000010 -&gt; 0x00001000
[    0.000000]   DMA32    0x00001000 -&gt; 0x00100000
[    0.000000]   Normal   empty
[    0.000000] Movable zone start PFN for each node
[    0.000000] early_node_map[2] active PFN ranges
[    0.000000]     0: 0x00000010 -&gt; 0x0000009f
[    0.000000]     0: 0x00000100 -&gt; 0x00003ffe
[    0.000000] ACPI: PM-Timer IO Port: 0xb008
[    0.000000] ACPI: LAPIC (acpi_id[0x00] lapic_id[0x00] enabled)
[    0.000000] ACPI: LAPIC_NMI (acpi_id[0xff] dfl dfl lint[0x1])
[    0.000000] ACPI: IOAPIC (id[0x00] address[0xfec00000] gsi_base[0])
[    0.000000] IOAPIC[0]: apic_id 0, version 17, address 0xfec00000, GSI 0-23
[    0.000000] ACPI: INT_SRC_OVR (bus 0 bus_irq 0 global_irq 2 dfl dfl)
[    0.000000] ACPI: INT_SRC_OVR (bus 0 bus_irq 5 global_irq 5 high level)
[    0.000000] ACPI: INT_SRC_OVR (bus 0 bus_irq 9 global_irq 9 high level)
[    0.000000] ACPI: INT_SRC_OVR (bus 0 bus_irq 10 global_irq 10 high level)
[    0.000000] ACPI: INT_SRC_OVR (bus 0 bus_irq 11 global_irq 11 high level)
[    0.000000] Using ACPI (MADT) for SMP configuration information
[    0.000000] ACPI: HPET id: 0x8086a201 base: 0xfed00000
[    0.000000] SMP: Allowing 1 CPUs, 0 hotplug CPUs
[    0.000000] PM: Registered nosave memory: 000000000009f000 - 00000000000a0000
[    0.000000] PM: Registered nosave memory: 00000000000a0000 - 00000000000f0000
[    0.000000] PM: Registered nosave memory: 00000000000f0000 - 0000000000100000
[    0.000000] Allocating PCI resources starting at 4000000 (gap: 4000000:fbfc0000)
[    0.000000] Booting paravirtualized kernel on bare hardware
[    0.000000] setup_percpu: NR_CPUS:64 nr_cpumask_bits:64 nr_cpu_ids:1 nr_node_ids:1
[    0.000000] PERCPU: Embedded 27 pages/cpu @ffff880003a00000 s78848 r8192 d23552 u2097152
[    0.000000] Built 1 zonelists in Node order, mobility grouping on.  Total pages: 16008
[    0.000000] Policy zone: DMA32
[    0.000000] Kernel command line: root=/dev/vda console=tty0 console=ttyS0 no_timer_check
[    0.000000] PID hash table entries: 256 (order: -1, 2048 bytes)
[    0.000000] Checking aperture...
[    0.000000] No AGP bridge found
[    0.000000] Memory: 43492k/65528k available (6576k kernel code, 452k absent, 21584k reserved, 6620k data, 928k init)
[    0.000000] SLUB: Genslabs=15, HWalign=64, Order=0-3, MinObjects=0, CPUs=1, Nodes=1
[    0.000000] Hierarchical RCU implementation.
[    0.000000] 	RCU dyntick-idle grace-period acceleration is enabled.
[    0.000000] NR_IRQS:4352 nr_irqs:256 16
[    0.000000] Console: colour VGA+ 80x25
[    0.000000] console [tty0] enabled
[    0.000000] console [ttyS0] enabled
[    0.000000] allocated 1048576 bytes of page_cgroup
[    0.000000] please try 'cgroup_disable=memory' option if you don't want memory cgroups
[    0.000000] Fast TSC calibration failed
[    0.000000] TSC: Unable to calibrate against PIT
[    0.000000] TSC: using HPET reference calibration
[    0.000000] Detected 2292.971 MHz processor.
[    0.037461] Calibrating delay loop (skipped), value calculated using timer frequency.. 4585.94 BogoMIPS (lpj=9171884)
[    0.039392] pid_max: default: 32768 minimum: 301
[    0.045938] Security Framework initialized
[    0.050702] AppArmor: AppArmor initialized
[    0.051391] Yama: becoming mindful.
[    0.058300] Dentry cache hash table entries: 8192 (order: 4, 65536 bytes)
[    0.060422] Inode-cache hash table entries: 4096 (order: 3, 32768 bytes)
[    0.062022] Mount-cache hash table entries: 256
[    0.084593] Initializing cgroup subsys cpuacct
[    0.085508] Initializing cgroup subsys memory
[    0.086881] Initializing cgroup subsys devices
[    0.088189] Initializing cgroup subsys freezer
[    0.088871] Initializing cgroup subsys blkio
[    0.089698] Initializing cgroup subsys perf_event
[    0.094431] mce: CPU supports 10 MCE banks
[    0.098256] SMP alternatives: switching to UP code
[    0.493818] Freeing SMP alternatives: 24k freed
[    0.496834] ACPI: Core revision 20110623
[    0.544488] ftrace: allocating 26610 entries in 105 pages
[    0.582221] ..TIMER: vector=0x30 apic1=0 pin1=2 apic2=-1 pin2=-1
[    0.584132] CPU0: AMD QEMU Virtual CPU version 2.0.0 stepping 03
[    0.588036] Performance Events: Broken PMU hardware detected, using software events only.
[    0.597487] NMI watchdog disabled (cpu0): hardware events not enabled
[    0.599316] Brought up 1 CPUs
[    0.600223] Total of 1 processors activated (4585.94 BogoMIPS).
[    0.624135] devtmpfs: initialized
[    0.657895] EVM: security.selinux
[    0.658329] EVM: security.SMACK64
[    0.658946] EVM: security.capability
[    0.682339] print_constraints: dummy: 
[    0.684941] RTC time: 15:18:19, date: 02/18/16
[    0.688121] NET: Registered protocol family 16
[    0.696939] ACPI: bus type pci registered
[    0.701068] PCI: Using configuration type 1 for base access
[    0.737191] bio: create slab &lt;bio-0&gt; at 0
[    0.744898] ACPI: Added _OSI(Module Device)
[    0.745569] ACPI: Added _OSI(Processor Device)
[    0.746278] ACPI: Added _OSI(3.0 _SCP Extensions)
[    0.747185] ACPI: Added _OSI(Processor Aggregator Device)
[    0.817466] ACPI: Interpreter enabled
[    0.818086] ACPI: (supports S0 S3 S4 S5)
[    0.820733] ACPI: Using IOAPIC for interrupt routing
[    0.889418] ACPI: No dock devices found.
[    0.890241] HEST: Table not found.
[    0.892407] PCI: Using host bridge windows from ACPI; if necessary, use "pci=nocrs" and report a bug
[    0.904704] ACPI: PCI Root Bridge [PCI0] (domain 0000 [bus 00-ff])
[    0.913632] pci_root PNP0A03:00: host bridge window [io  0x0000-0x0cf7]
[    0.915192] pci_root PNP0A03:00: host bridge window [io  0x0d00-0xadff]
[    0.916195] pci_root PNP0A03:00: host bridge window [io  0xae0f-0xaeff]
[    0.917655] pci_root PNP0A03:00: host bridge window [io  0xaf20-0xafdf]
[    0.920107] pci_root PNP0A03:00: host bridge window [io  0xafe4-0xffff]
[    0.920920] pci_root PNP0A03:00: host bridge window [mem 0x000a0000-0x000bffff]
[    0.921757] pci_root PNP0A03:00: host bridge window [mem 0x04000000-0xfebfffff]
[    0.943025] pci 0000:00:01.3: quirk: [io  0xb000-0xb03f] claimed by PIIX4 ACPI
[    0.944193] pci 0000:00:01.3: quirk: [io  0xb100-0xb10f] claimed by PIIX4 SMB
[    1.010924]  pci0000:00: Unable to request _OSC control (_OSC support mask: 0x1e)
[    1.068849] ACPI: PCI Interrupt Link [LNKA] (IRQs 5 *10 11)
[    1.071187] ACPI: PCI Interrupt Link [LNKB] (IRQs 5 *10 11)
[    1.073388] ACPI: PCI Interrupt Link [LNKC] (IRQs 5 10 *11)
[    1.075209] ACPI: PCI Interrupt Link [LNKD] (IRQs 5 10 *11)
[    1.077034] ACPI: PCI Interrupt Link [LNKS] (IRQs *9)
[    1.085008] vgaarb: device added: PCI:0000:00:02.0,decodes=io+mem,owns=io+mem,locks=none
[    1.085949] vgaarb: loaded
[    1.086333] vgaarb: bridge control possible 0000:00:02.0
[    1.090561] i2c-core: driver [aat2870] using legacy suspend method
[    1.092148] i2c-core: driver [aat2870] using legacy resume method
[    1.094626] SCSI subsystem initialized
[    1.098981] usbcore: registered new interface driver usbfs
[    1.100746] usbcore: registered new interface driver hub
[    1.101937] usbcore: registered new device driver usb
[    1.106277] PCI: Using ACPI for IRQ routing
[    1.118723] NetLabel: Initializing
[    1.119149] NetLabel:  domain hash size = 128
[    1.120137] NetLabel:  protocols = UNLABELED CIPSOv4
[    1.122232] NetLabel:  unlabeled traffic allowed by default
[    1.125018] HPET: 3 timers in total, 0 timers will be used for per-cpu timer
[    1.125700] hpet0: at MMIO 0xfed00000, IRQs 2, 8, 0
[    1.126742] hpet0: 3 comparators, 64-bit 100.000000 MHz counter
[    1.141075] Switching to clocksource hpet
[    1.388054] AppArmor: AppArmor Filesystem Enabled
[    1.390562] pnp: PnP ACPI init
[    1.391171] ACPI: bus type pnp registered
[    1.411632] pnp: PnP ACPI: found 9 devices
[    1.413128] ACPI: ACPI bus type pnp unregistered
[    1.474080] NET: Registered protocol family 2
[    1.518428] IP route cache hash table entries: 512 (order: 0, 4096 bytes)
[    1.526796] TCP established hash table entries: 2048 (order: 3, 32768 bytes)
[    1.528338] TCP bind hash table entries: 2048 (order: 3, 32768 bytes)
[    1.529892] TCP: Hash tables configured (established 2048 bind 2048)
[    1.530810] TCP reno registered
[    1.531561] UDP hash table entries: 128 (order: 0, 4096 bytes)
[    1.533989] UDP-Lite hash table entries: 128 (order: 0, 4096 bytes)
[    1.537188] NET: Registered protocol family 1
[    1.538349] pci 0000:00:00.0: Limiting direct PCI/PCI transfers
[    1.539210] pci 0000:00:01.0: PIIX3: Enabling Passive Release
[    1.541605] pci 0000:00:01.0: Activating ISA DMA hang workarounds
[    1.550025] ACPI: PCI Interrupt Link [LNKD] enabled at IRQ 11
[    1.551436] pci 0000:00:01.2: PCI INT D -&gt; Link[LNKD] -&gt; GSI 11 (level, high) -&gt; IRQ 11
[    1.554805] pci 0000:00:01.2: PCI INT D disabled
[    1.575193] Trying to unpack rootfs image as initramfs...
[    1.598684] audit: initializing netlink socket (disabled)
[    1.600094] type=2000 audit(1455808699.596:1): initialized
[    1.901935] HugeTLB registered 2 MB page size, pre-allocated 0 pages
[    1.979624] VFS: Disk quotas dquot_6.5.2
[    1.982021] Dquot-cache hash table entries: 512 (order 0, 4096 bytes)
[    2.003725] fuse init (API version 7.17)
[    2.009039] msgmni has been set to 84
[    2.039540] Block layer SCSI generic (bsg) driver version 0.4 loaded (major 253)
[    2.049968] io scheduler noop registered
[    2.050550] io scheduler deadline registered (default)
[    2.052035] io scheduler cfq registered
[    2.055961] pci_hotplug: PCI Hot Plug PCI Core version: 0.5
[    2.058697] pciehp: PCI Express Hot Plug Controller Driver version: 0.4
[    2.065848] input: Power Button as /devices/LNXSYSTM:00/LNXPWRBN:00/input/input0
[    2.067426] ACPI: Power Button [PWRF]
[    2.121331] ERST: Table is not found!
[    2.122580] GHES: HEST is not enabled!
[    2.131753] ACPI: PCI Interrupt Link [LNKC] enabled at IRQ 10
[    2.133096] virtio-pci 0000:00:03.0: PCI INT A -&gt; Link[LNKC] -&gt; GSI 10 (level, high) -&gt; IRQ 10
[    2.144357] virtio-pci 0000:00:04.0: PCI INT A -&gt; Link[LNKD] -&gt; GSI 11 (level, high) -&gt; IRQ 11
[    2.174041] ACPI: PCI Interrupt Link [LNKA] enabled at IRQ 10
[    2.175735] virtio-pci 0000:00:05.0: PCI INT A -&gt; Link[LNKA] -&gt; GSI 10 (level, high) -&gt; IRQ 10
[    2.186597] Serial: 8250/16550 driver, 32 ports, IRQ sharing enabled
[    2.231757] serial8250: ttyS0 at I/O 0x3f8 (irq = 4) is a 16550A
[    2.317932] serial8250: ttyS1 at I/O 0x2f8 (irq = 3) is a 16550A
[    2.457924] 00:05: ttyS0 at I/O 0x3f8 (irq = 4) is a 16550A
[    2.543327] 00:06: ttyS1 at I/O 0x2f8 (irq = 3) is a 16550A
[    2.562334] Refined TSC clocksource calibration: 2293.027 MHz.
[    2.563185] Switching to clocksource tsc
[    2.606242] Linux agpgart interface v0.103
[    2.662527] brd: module loaded
[    2.711438] loop: module loaded
[    2.790883]  vda: unknown partition table
[    2.837673] scsi0 : ata_piix
[    2.845324] scsi1 : ata_piix
[    2.846860] ata1: PATA max MWDMA2 cmd 0x1f0 ctl 0x3f6 bmdma 0xc0a0 irq 14
[    2.847780] ata2: PATA max MWDMA2 cmd 0x170 ctl 0x376 bmdma 0xc0a8 irq 15
[    2.859209] Fixed MDIO Bus: probed
[    2.860025] tun: Universal TUN/TAP device driver, 1.6
[    2.861014] tun: (C) 1999-2004 Max Krasnyansky &lt;maxk@qualcomm.com&gt;
[    2.875401] PPP generic driver version 2.4.2
[    2.910085] ehci_hcd: USB 2.0 'Enhanced' Host Controller (EHCI) Driver
[    2.911111] ohci_hcd: USB 1.1 'Open' Host Controller (OHCI) Driver
[    2.911995] uhci_hcd: USB Universal Host Controller Interface driver
[    2.914004] uhci_hcd 0000:00:01.2: PCI INT D -&gt; Link[LNKD] -&gt; GSI 11 (level, high) -&gt; IRQ 11
[    2.917867] uhci_hcd 0000:00:01.2: UHCI Host Controller
[    2.926028] uhci_hcd 0000:00:01.2: new USB bus registered, assigned bus number 1
[    2.927660] uhci_hcd 0000:00:01.2: irq 11, io base 0x0000c040
[    2.959365] hub 1-0:1.0: USB hub found
[    2.960975] hub 1-0:1.0: 2 ports detected
[    2.972140] usbcore: registered new interface driver libusual
[    2.978917] i8042: PNP: PS/2 Controller [PNP0303:KBD,PNP0f13:MOU] at 0x60,0x64 irq 1,12
[    2.991764] serio: i8042 KBD port at 0x60,0x64 irq 1
[    2.994504] serio: i8042 AUX port at 0x60,0x64 irq 12
[    3.078150] mousedev: PS/2 mouse device common for all mice
[    3.083098] ata2.01: ATAPI: QEMU DVD-ROM, 2.0.0, max UDMA/100
[    3.095001] input: AT Translated Set 2 keyboard as /devices/platform/i8042/serio0/input/input1
[    3.100653] rtc_cmos 00:01: RTC can wake from S4
[    3.114189] rtc_cmos 00:01: rtc core: registered rtc_cmos as rtc0
[    3.117988] rtc0: alarms up to one day, 114 bytes nvram, hpet irqs
[    3.121498] device-mapper: uevent: version 1.0.3
[    3.136016] ata2.01: configured for MWDMA2
[    3.167323] device-mapper: ioctl: 4.22.0-ioctl (2011-10-19) initialised: dm-devel@redhat.com
[    3.176260] cpuidle: using governor ladder
[    3.182223] cpuidle: using governor menu
[    3.186162] EFI Variables Facility v0.08 2004-May-17
[    3.199764] TCP cubic registered
[    3.204018] NET: Registered protocol family 10
[    3.233928] NET: Registered protocol family 17
[    3.235490] Registering the dns_resolver key type
[    3.254478] scsi 1:0:1:0: CD-ROM            QEMU     QEMU DVD-ROM     2.0. PQ: 0 ANSI: 5
[    3.293483] sr0: scsi3-mmc drive: 4x/4x cd/rw xa/form2 tray
[    3.294971] cdrom: Uniform CD-ROM driver Revision: 3.20
[    3.304015] sr 1:0:1:0: Attached scsi generic sg0 type 5
[    3.341385] Freeing initrd memory: 3656k freed
[    3.356919] registered taskstats version 1
[    3.859938]   Magic number: 4:190:336
[    3.869583] tty tty57: hash matches
[    3.874919] rtc_cmos 00:01: setting system clock to 2016-02-18 15:18:22 UTC (1455808702)
[    3.877684] powernow-k8: Processor cpuid 663 not supported
[    3.884570] BIOS EDD facility v0.16 2004-Jun-25, 0 devices found
[    3.885822] EDD information not available.
[    3.955178] Freeing unused kernel memory: 928k freed
[    3.961484] Write protecting the kernel read-only data: 12288k
[    4.077138] Freeing unused kernel memory: 1596k freed
[    4.142542] Freeing unused kernel memory: 1184k freed

info: initramfs: up at 4.31
modprobe: module virtio_blk not found in modules.dep
modprobe: module virtio_net not found in modules.dep
info: copying initramfs to /dev/vda
info: initramfs loading root from /dev/vda
info: /etc/init.d/rc.sysinit: up at 8.63
info: container: none
Starting logging: OK
modprobe: module virtio_blk not found in modules.dep
modprobe: module virtio_net not found in modules.dep
WARN: /etc/rc3.d/S10-load-modules failed
Initializing random number generator... done.
Starting acpid: OK
cirros-ds 'local' up at 11.09
found datasource (configdrive, local)
Starting network...
udhcpc (v1.20.1) started
Sending discover...
Sending select for 10.100.0.3...
Lease of 10.100.0.3 obtained, lease time 86400
route: SIOCADDRT: File exists
WARN: failed: route add -net "0.0.0.0/0" gw "10.100.0.1"
Starting dropbear sshd: generating rsa key... generating dsa key... OK
no userdata for datasource
=== system information ===
Platform: OpenStack Foundation OpenStack Nova
Container: none
Arch: x86_64
CPU(s): 1 @ 2292.971 MHz
Cores/Sockets/Threads: 1/1/1
Virt-type: AMD-V
RAM Size: 49MB
Disks:
NAME MAJ:MIN     SIZE LABEL         MOUNTPOINT
vda  253:0   25165824 cirros-rootfs /
sr0   11:0     428032 config-2      
=== sshd host keys ===
-----BEGIN SSH HOST KEY KEYS-----
ssh-rsa AAAAB3NzaC1yc2EAAAADAQABAAAAgwCHrr3JhnTC5XXqNk2nnYx1GU8sN7b0jIsUJg/WsphnExRL6J6StEH9ElmvlyjebmMSfPnF0qaj9FhLkEY6lJq4aFzh+dtOm95A2ej12Spr61GYmf4Fz93AMm7t9uEmm6XPhrBRfUWW9bXmOKyMdDoVGR2ubUtjQ0AX7Y1B/ySKpCdH root@tempest-server-smoke-1788250559
ssh-dss AAAAB3NzaC1kc3MAAACBAKHX/uJLabGI/MzbY96yophXf+KS9v6zrMMz+EceCuZldY6yZj/dWM5zOxrR2ceEvUwUcmgLXlczMmDeeSmVN/5bxgh9JgySkoZGNwLIoGeFjDZ0pmk0X1+zsQS5l3hB/dEMzWLt0odtWQdVCKPab65y9lnTFyeZf93xve7tm7iXAAAAFQCo5/aGC71Ec/hxAGudDy8W1IFMmwAAAIBEH/elUXv8ZvKpiNjOtBkcKTB5nhm4aHh1XgBo/D1Ynn14Z6asVUVFaBtuXu1oPV/oDQ9VN22Yofqp7BoyXQfzK8bSTlDTVcTmYi3xGSYgt0jKDyoQapSMO6w1IoW8kjVP7qVlFcqy8bNyce03CCXz+WxKKi9dtxTlXr4EvD5vpwAAAIACy2ZqdxXzgtzzT7a2ye7JOIArEux9atU+W8WKV37F+m262arkjUPgVHbZwyFLFvPe605pFGt1Kv5yV07UEkwVDkwakFGjIR5lxf7x6yRxHltqIeQ8LnGbgGdLW9wsmsbxGelZ6Mdb+tvw6Kraeo6g+EwTH3j9DJxnTefCZM2gOA== root@tempest-server-smoke-1788250559
-----END SSH HOST KEY KEYS-----
=== network info ===
if-info: lo,up,127.0.0.1,8,::1
if-info: eth0,up,10.100.0.3,28,fe80::f816:3eff:fead:dbdc
ip-route:default via 10.100.0.1 dev eth0 
ip-route:10.100.0.0/28 dev eth0  src 10.100.0.3 
ip-route:169.254.169.254 via 10.100.0.1 dev eth0 
=== datasource: configdrive local ===
instance-id: 3a3afcba-4839-4118-abb4-83a587994c16
name: tempest-server-smoke-1788250559
availability-zone: nova
local-hostname: tempest-server-smoke-1788250559.novalocal
launch-index: 0
=== cirros: current=0.3.4 uptime=22.16 ===
  ____               ____  ____
 / __/ __ ____ ____ / __ \/ __/
/ /__ / // __// __// /_/ /\ \ 
\___//_//_/  /_/   \____/___/ 
   http://cirros-cloud.net


login as 'cirros' user. default password: 'cubswin:)'. use 'sudo' for root.
tempest-server-smoke-1788250559 login: 
2016-02-18 15:20:41,978 31858 INFO     [tempest_lib.common.rest_client] Request (TestNetworkBasicOps:_run_cleanups): 204 DELETE http://10.4.1.3:9696/v2.0/floatingips/1f52ab9a-b099-43ee-86fa-719afe16fd60 0.240s
2016-02-18 15:20:41,978 31858 DEBUG    [tempest_lib.common.rest_client] Request - Headers: {'Content-Type': 'application/json', 'Accept': 'application/json', 'X-Auth-Token': '&lt;omitted&gt;'}
        Body: None
    Response - Headers: {'date': 'Thu, 18 Feb 2016 15:20:41 GMT', 'status': '204', 'connection': 'close', 'content-length': '0', 'x-openstack-request-id': 'req-1021397b-00d5-42b8-a223-56165998acc4'}
        Body: 
2016-02-18 15:20:42,282 31858 INFO     [tempest_lib.common.rest_client] Request (TestNetworkBasicOps:_run_cleanups): 204 DELETE http://10.4.1.3:8774/v2.1/f40593879ec4464f89cba332cf03d8c7/servers/3a3afcba-4839-4118-abb4-83a587994c16 0.303s
2016-02-18 15:20:42,283 31858 DEBUG    [tempest_lib.common.rest_client] Request - Headers: {'Content-Type': 'application/json', 'Accept': 'application/json', 'X-Auth-Token': '&lt;omitted&gt;'}
        Body: None
    Response - Headers: {'status': '204', 'content-length': '0', 'x-compute-request-id': 'req-86528d6e-0e8b-4f19-8b15-d34e622f5136', 'vary': 'X-OpenStack-Nova-API-Version', 'connection': 'close', 'x-openstack-nova-api-version': '2.1', 'date': 'Thu, 18 Feb 2016 15:20:42 GMT', 'content-type': 'application/json'}
        Body: 
2016-02-18 15:20:42,453 31858 INFO     [tempest_lib.common.rest_client] Request (TestNetworkBasicOps:_run_cleanups): 200 GET http://10.4.1.3:8774/v2.1/f40593879ec4464f89cba332cf03d8c7/servers/3a3afcba-4839-4118-abb4-83a587994c16 0.169s
2016-02-18 15:20:42,453 31858 DEBUG    [tempest_lib.common.rest_client] Request - Headers: {'Content-Type': 'application/json', 'Accept': 'application/json', 'X-Auth-Token': '&lt;omitted&gt;'}
        Body: None
    Response - Headers: {'status': '200', 'content-length': '1763', 'content-location': 'http://10.4.1.3:8774/v2.1/f40593879ec4464f89cba332cf03d8c7/servers/3a3afcba-4839-4118-abb4-83a587994c16', 'x-compute-request-id': 'req-cc105da0-8665-480a-9cc5-56d96e31c6e0', 'vary': 'X-OpenStack-Nova-API-Version', 'connection': 'close', 'x-openstack-nova-api-version': '2.1', 'date': 'Thu, 18 Feb 2016 15:20:42 GMT', 'content-type': 'application/json'}
        Body: {"server": {"status": "ACTIVE", "updated": "2016-02-18T15:20:42Z", "hostId": "fdcaaae1f9b0a0211a30b45847fc7c299be03f7cd4198da3b20ee96a", "addresses": {"tempest-network-smoke--1299981044": [{"OS-EXT-IPS-MAC:mac_addr": "fa:16:3e:ad:db:dc", "version": 4, "addr": "10.100.0.3", "OS-EXT-IPS:type": "fixed"}, {"OS-EXT-IPS-MAC:mac_addr": "fa:16:3e:ad:db:dc", "version": 4, "addr": "172.24.4.18", "OS-EXT-IPS:type": "floating"}]}, "links": [{"href": "http://10.4.1.3:8774/v2.1/f40593879ec4464f89cba332cf03d8c7/servers/3a3afcba-4839-4118-abb4-83a587994c16", "rel": "self"}, {"href": "http://10.4.1.3:8774/f40593879ec4464f89cba332cf03d8c7/servers/3a3afcba-4839-4118-abb4-83a587994c16", "rel": "bookmark"}], "key_name": "tempest-TestNetworkBasicOps-1087792613", "image": {"id": "cb45e3e9-84f1-4d39-9de7-5ffd58a33f8f", "links": [{"href": "http://10.4.1.3:8774/f40593879ec4464f89cba332cf03d8c7/images/cb45e3e9-84f1-4d39-9de7-5ffd58a33f8f", "rel": "bookmark"}]}, "OS-EXT-STS:task_state": "deleting", "OS-EXT-STS:vm_state": "active", "OS-SRV-USG:launched_at": "2016-02-18T15:18:15.000000", "flavor": {"id": "42", "links": [{"href": "http://10.4.1.3:8774/f40593879ec4464f89cba332cf03d8c7/flavors/42", "rel": "bookmark"}]}, "id": "3a3afcba-4839-4118-abb4-83a587994c16", "security_groups": [{"name": "tempest-secgroup-smoke-1688138656"}], "OS-SRV-USG:terminated_at": null, "OS-EXT-AZ:availability_zone": "nova", "user_id": "2ad4378e8e4c4e3baea8b0f1154b4ca0", "name": "tempest-server-smoke-1788250559", "created": "2016-02-18T15:18:12Z", "tenant_id": "f40593879ec4464f89cba332cf03d8c7", "OS-DCF:diskConfig": "MANUAL", "os-extended-volumes:volumes_attached": [], "accessIPv4": "", "accessIPv6": "", "progress": 0, "OS-EXT-STS:power_state": 1, "config_drive": "True", "metadata": {}}}
2016-02-18 15:20:43,645 31858 INFO     [tempest_lib.common.rest_client] Request (TestNetworkBasicOps:_run_cleanups): 200 GET http://10.4.1.3:8774/v2.1/f40593879ec4464f89cba332cf03d8c7/servers/3a3afcba-4839-4118-abb4-83a587994c16 0.179s
2016-02-18 15:20:43,645 31858 DEBUG    [tempest_lib.common.rest_client] Request - Headers: {'Content-Type': 'application/json', 'Accept': 'application/json', 'X-Auth-Token': '&lt;omitted&gt;'}
        Body: None
    Response - Headers: {'status': '200', 'content-length': '1426', 'content-location': 'http://10.4.1.3:8774/v2.1/f40593879ec4464f89cba332cf03d8c7/servers/3a3afcba-4839-4118-abb4-83a587994c16', 'x-compute-request-id': 'req-6176a813-b3fb-44c1-bda6-d303279ec7a6', 'vary': 'X-OpenStack-Nova-API-Version', 'connection': 'close', 'x-openstack-nova-api-version': '2.1', 'date': 'Thu, 18 Feb 2016 15:20:43 GMT', 'content-type': 'application/json'}
        Body: {"server": {"status": "ACTIVE", "updated": "2016-02-18T15:20:43Z", "hostId": "fdcaaae1f9b0a0211a30b45847fc7c299be03f7cd4198da3b20ee96a", "addresses": {}, "links": [{"href": "http://10.4.1.3:8774/v2.1/f40593879ec4464f89cba332cf03d8c7/servers/3a3afcba-4839-4118-abb4-83a587994c16", "rel": "self"}, {"href": "http://10.4.1.3:8774/f40593879ec4464f89cba332cf03d8c7/servers/3a3afcba-4839-4118-abb4-83a587994c16", "rel": "bookmark"}], "key_name": "tempest-TestNetworkBasicOps-1087792613", "image": {"id": "cb45e3e9-84f1-4d39-9de7-5ffd58a33f8f", "links": [{"href": "http://10.4.1.3:8774/f40593879ec4464f89cba332cf03d8c7/images/cb45e3e9-84f1-4d39-9de7-5ffd58a33f8f", "rel": "bookmark"}]}, "OS-EXT-STS:task_state": "deleting", "OS-EXT-STS:vm_state": "active", "OS-SRV-USG:launched_at": "2016-02-18T15:18:15.000000", "flavor": {"id": "42", "links": [{"href": "http://10.4.1.3:8774/f40593879ec4464f89cba332cf03d8c7/flavors/42", "rel": "bookmark"}]}, "id": "3a3afcba-4839-4118-abb4-83a587994c16", "OS-SRV-USG:terminated_at": null, "OS-EXT-AZ:availability_zone": "nova", "user_id": "2ad4378e8e4c4e3baea8b0f1154b4ca0", "name": "tempest-server-smoke-1788250559", "created": "2016-02-18T15:18:12Z", "tenant_id": "f40593879ec4464f89cba332cf03d8c7", "OS-DCF:diskConfig": "MANUAL", "os-extended-volumes:volumes_attached": [], "accessIPv4": "", "accessIPv6": "", "progress": 0, "OS-EXT-STS:power_state": 1, "config_drive": "True", "metadata": {}}}
2016-02-18 15:20:44,737 31858 INFO     [tempest_lib.common.rest_client] Request (TestNetworkBasicOps:_run_cleanups): 404 GET http://10.4.1.3:8774/v2.1/f40593879ec4464f89cba332cf03d8c7/servers/3a3afcba-4839-4118-abb4-83a587994c16 0.082s
2016-02-18 15:20:44,738 31858 DEBUG    [tempest_lib.common.rest_client] Request - Headers: {'Content-Type': 'application/json', 'Accept': 'application/json', 'X-Auth-Token': '&lt;omitted&gt;'}
        Body: None
    Response - Headers: {'status': '404', 'content-length': '111', 'x-compute-request-id': 'req-eec8ce0f-8a5d-4468-986c-0241c9abe7a4', 'vary': 'X-OpenStack-Nova-API-Version', 'connection': 'close', 'x-openstack-nova-api-version': '2.1', 'date': 'Thu, 18 Feb 2016 15:20:44 GMT', 'content-type': 'application/json; charset=UTF-8'}
