<?xml version="1.0" encoding="UTF-8"?>
<!DOCTYPE html PUBLIC "-//W3C//DTD XHTML 1.0 Strict//EN"
     "http://www.w3.org/TR/xhtml1/DTD/xhtml1-strict.dtd">
<html xmlns="http://www.w3.org/1999/xhtml">
<head>
    <title>Unit Test Report</title>
    <meta name="generator" content="subunit2html 0.1"/>
    <meta http-equiv="Content-Type" content="text/html; charset=UTF-8"/>
    
<style type="text/css" media="screen">
body        { font-family: verdana, arial, helvetica, sans-serif;
    font-size: 80%; }
table       { font-size: 100%; width: 100%;}
pre         { font-size: 80%; }

/* -- heading -------------------------------------------------------------- */
h1 {
        font-size: 16pt;
        color: gray;
}
.heading {
    margin-top: 0ex;
    margin-bottom: 1ex;
}

.heading .attribute {
    margin-top: 1ex;
    margin-bottom: 0;
}

.heading .description {
    margin-top: 4ex;
    margin-bottom: 6ex;
}

/* -- css div popup -------------------------------------------------------- */
a.popup_link {
}

a.popup_link:hover {
    color: red;
}

.popup_window {
    display: none;
    overflow-x: scroll;
    /*border: solid #627173 1px; */
    padding: 10px;
    background-color: #E6E6D6;
    font-family: "Ubuntu Mono", "Lucida Console", "Courier New", monospace;
    text-align: left;
    font-size: 8pt;
}

}
/* -- report --------------------------------------------------------------- */
#show_detail_line {
    margin-top: 3ex;
    margin-bottom: 1ex;
}
#result_table {
    width: 100%;
    border-collapse: collapse;
    border: 1px solid #777;
}
#header_row {
    font-weight: bold;
    color: white;
    background-color: #777;
}
#result_table td {
    border: 1px solid #777;
    padding: 2px;
}
#total_row  { font-weight: bold; }
.passClass  { background-color: #6c6; }
.failClass  { background-color: #c60; }
.errorClass { background-color: #c00; }
.passCase   { color: #6c6; }
.failCase   { color: #c60; font-weight: bold; }
.errorCase  { color: #c00; font-weight: bold; }
.hiddenRow  { display: none; }
.testcase   { margin-left: 2em; }
td.testname {width: 40%}
td.small {width: 40px}

/* -- ending --------------------------------------------------------------- */
#ending {
}

</style>

</head>
<body>
<script language="javascript" type="text/javascript"><!--
output_list = Array();

/* level - 0:Summary; 1:Failed; 2:All */
function showCase(level) {
    trs = document.getElementsByTagName("tr");
    for (var i = 0; i < trs.length; i++) {
        tr = trs[i];
        id = tr.id;
        if (id.substr(0,2) == 'ft') {
            if (level < 1) {
                tr.className = 'hiddenRow';
            }
            else {
                tr.className = '';
            }
        }
        if (id.substr(0,2) == 'pt') {
            if (level > 1) {
                tr.className = '';
            }
            else {
                tr.className = 'hiddenRow';
            }
        }
    }
}


function showClassDetail(cid, count) {
    var id_list = Array(count);
    var toHide = 1;
    for (var i = 0; i < count; i++) {
        tid0 = 't' + cid.substr(1) + '.' + (i+1);
        tid = 'f' + tid0;
        tr = document.getElementById(tid);
        if (!tr) {
            tid = 'p' + tid0;
            tr = document.getElementById(tid);
        }
        id_list[i] = tid;
        if (tr.className) {
            toHide = 0;
        }
    }
    for (var i = 0; i < count; i++) {
        tid = id_list[i];
        if (toHide) {
            document.getElementById('div_'+tid).style.display = 'none'
            document.getElementById(tid).className = 'hiddenRow';
        }
        else {
            document.getElementById(tid).className = '';
        }
    }
}


function showTestDetail(div_id){
    var details_div = document.getElementById(div_id)
    var displayState = details_div.style.display
    // alert(displayState)
    if (displayState != 'block' ) {
        displayState = 'block'
        details_div.style.display = 'block'
    }
    else {
        details_div.style.display = 'none'
    }
}


function html_escape(s) {
    s = s.replace(/&/g,'&amp;');
    s = s.replace(/</g,'&lt;');
    s = s.replace(/>/g,'&gt;');
    return s;
}

/* obsoleted by detail in <div>
function showOutput(id, name) {
    var w = window.open("", //url
                    name,
                    "resizable,scrollbars,status,width=800,height=450");
    d = w.document;
    d.write("<pre>");
    d.write(html_escape(output_list[id]));
    d.write("\n");
    d.write("<a href='javascript:window.close()'>close</a>\n");
    d.write("</pre>\n");
    d.close();
}
*/
--></script>

<div class='heading'>
<h1>Unit Test Report</h1>

<p class='attribute'><strong>Status:</strong> Pass 7 Failure 1</p>

<p class='description'></p>
</div>



<p id='show_detail_line'>Show
<a href='javascript:showCase(0)'>Summary</a>
<a href='javascript:showCase(1)'>Failed</a>
<a href='javascript:showCase(2)'>All</a>
</p>
<table id='result_table'>
<colgroup>
<col align='left' />
<col align='right' />
<col align='right' />
<col align='right' />
<col align='right' />
<col align='right' />
<col align='right' />
<col align='right' />
</colgroup>
<tr id='header_row'>
    <td>Test Group/Test case</td>
    <td>Count</td>
    <td>Pass</td>
    <td>Fail</td>
    <td>Error</td>
    <td>Skip</td>
    <td>View</td>
    <td> </td>
</tr>

<tr class='failClass'>
    <td class="testname">tempest.scenario.test_network_basic_ops.TestNetworkBasicOps</td>
    <td class="small">8</td>
    <td class="small">7</td>
    <td class="small">1</td>
    <td class="small">0</td>
    <td class="small">0</td>
    <td class="small"><a href="javascript:showClassDetail('c1',8)"
>Detail</a></td>
    <td> </td>
</tr>

<tr id='pt1.1' class='hiddenRow'>
    <td class='none'><div class='testcase'>test_connectivity_between_vms_on_different_networks[compute,id-1546850e-fbaa-42f5-8b5f-03d8a6a95f15,network]</div></td>
    <td colspan='7' align='left'>

    <!--css div popup start-->
    <a class="popup_link" onfocus='this.blur();'
    href="javascript:showTestDetail('div_pt1.1')" >
        pass</a>

    <div id='div_pt1.1' class="popup_window">
        <div style='text-align: right; color:red;cursor:pointer'>
        <a onfocus='this.blur();'
onclick="document.getElementById('div_pt1.1').style.display = 'none' " >
           [x]</a>
        </div>
        <pre>
        
pt1.1: tempest.scenario.test_network_basic_ops.TestNetworkBasicOps.test_connectivity_between_vms_on_different_networks[compute,id-1546850e-fbaa-42f5-8b5f-03d8a6a95f15,network]

        </pre>
    </div>
    <!--css div popup end-->

    </td>
</tr>

<tr id='pt1.2' class='hiddenRow'>
    <td class='none'><div class='testcase'>test_hotplug_nic[compute,id-c5adff73-e961-41f1-b4a9-343614f18cfa,network]</div></td>
    <td colspan='7' align='left'>

    <!--css div popup start-->
    <a class="popup_link" onfocus='this.blur();'
    href="javascript:showTestDetail('div_pt1.2')" >
        pass</a>

    <div id='div_pt1.2' class="popup_window">
        <div style='text-align: right; color:red;cursor:pointer'>
        <a onfocus='this.blur();'
onclick="document.getElementById('div_pt1.2').style.display = 'none' " >
           [x]</a>
        </div>
        <pre>
        
pt1.2: tempest.scenario.test_network_basic_ops.TestNetworkBasicOps.test_hotplug_nic[compute,id-c5adff73-e961-41f1-b4a9-343614f18cfa,network]

        </pre>
    </div>
    <!--css div popup end-->

    </td>
</tr>

<tr id='pt1.3' class='hiddenRow'>
    <td class='none'><div class='testcase'>test_network_basic_ops[compute,id-f323b3ba-82f8-4db7-8ea6-6a895869ec49,network,smoke]</div></td>
    <td colspan='7' align='left'>

    <!--css div popup start-->
    <a class="popup_link" onfocus='this.blur();'
    href="javascript:showTestDetail('div_pt1.3')" >
        pass</a>

    <div id='div_pt1.3' class="popup_window">
        <div style='text-align: right; color:red;cursor:pointer'>
        <a onfocus='this.blur();'
onclick="document.getElementById('div_pt1.3').style.display = 'none' " >
           [x]</a>
        </div>
        <pre>
        
pt1.3: tempest.scenario.test_network_basic_ops.TestNetworkBasicOps.test_network_basic_ops[compute,id-f323b3ba-82f8-4db7-8ea6-6a895869ec49,network,smoke]

        </pre>
    </div>
    <!--css div popup end-->

    </td>
</tr>

<tr id='pt1.4' class='hiddenRow'>
    <td class='none'><div class='testcase'>test_preserve_preexisting_port[compute,id-759462e1-8535-46b0-ab3a-33aa45c55aaa,network]</div></td>
    <td colspan='7' align='left'>

    <!--css div popup start-->
    <a class="popup_link" onfocus='this.blur();'
    href="javascript:showTestDetail('div_pt1.4')" >
        pass</a>

    <div id='div_pt1.4' class="popup_window">
        <div style='text-align: right; color:red;cursor:pointer'>
        <a onfocus='this.blur();'
onclick="document.getElementById('div_pt1.4').style.display = 'none' " >
           [x]</a>
        </div>
        <pre>
        
pt1.4: tempest.scenario.test_network_basic_ops.TestNetworkBasicOps.test_preserve_preexisting_port[compute,id-759462e1-8535-46b0-ab3a-33aa45c55aaa,network]

        </pre>
    </div>
    <!--css div popup end-->

    </td>
</tr>

<tr id='pt1.5' class='hiddenRow'>
    <td class='none'><div class='testcase'>test_router_rescheduling[compute,id-2e788c46-fb3f-4ac9-8f82-0561555bea73,network]</div></td>
    <td colspan='7' align='left'>

    <!--css div popup start-->
    <a class="popup_link" onfocus='this.blur();'
    href="javascript:showTestDetail('div_pt1.5')" >
        pass</a>

    <div id='div_pt1.5' class="popup_window">
        <div style='text-align: right; color:red;cursor:pointer'>
        <a onfocus='this.blur();'
onclick="document.getElementById('div_pt1.5').style.display = 'none' " >
           [x]</a>
        </div>
        <pre>
        
pt1.5: tempest.scenario.test_network_basic_ops.TestNetworkBasicOps.test_router_rescheduling[compute,id-2e788c46-fb3f-4ac9-8f82-0561555bea73,network]

        </pre>
    </div>
    <!--css div popup end-->

    </td>
</tr>

<tr id='pt1.6' class='hiddenRow'>
    <td class='none'><div class='testcase'>test_subnet_details[compute,id-d8bb918e-e2df-48b2-97cd-b73c95450980,network]</div></td>
    <td colspan='7' align='left'>

    <!--css div popup start-->
    <a class="popup_link" onfocus='this.blur();'
    href="javascript:showTestDetail('div_pt1.6')" >
        pass</a>

    <div id='div_pt1.6' class="popup_window">
        <div style='text-align: right; color:red;cursor:pointer'>
        <a onfocus='this.blur();'
onclick="document.getElementById('div_pt1.6').style.display = 'none' " >
           [x]</a>
        </div>
        <pre>
        
pt1.6: tempest.scenario.test_network_basic_ops.TestNetworkBasicOps.test_subnet_details[compute,id-d8bb918e-e2df-48b2-97cd-b73c95450980,network]

        </pre>
    </div>
    <!--css div popup end-->

    </td>
</tr>

<tr id='ft1.7' class='none'>
    <td class='failCase'><div class='testcase'>test_update_instance_port_admin_state[compute,id-f5dfcc22-45fd-409f-954c-5bd500d7890b,network]</div></td>
    <td colspan='7' align='left'>

    <!--css div popup start-->
    <a class="popup_link" onfocus='this.blur();'
    href="javascript:showTestDetail('div_ft1.7')" >
        fail</a>

    <div id='div_ft1.7' class="popup_window">
        <div style='text-align: right; color:red;cursor:pointer'>
        <a onfocus='this.blur();'
onclick="document.getElementById('div_ft1.7').style.display = 'none' " >
           [x]</a>
        </div>
        <pre>
        
ft1.7: tempest.scenario.test_network_basic_ops.TestNetworkBasicOps.test_update_instance_port_admin_state[compute,id-f5dfcc22-45fd-409f-954c-5bd500d7890b,network]_StringException: Empty attachments:
  stderr
  stdout

pythonlogging:'': {{{
2015-11-18 17:26:08,767 26549 INFO     [tempest_lib.common.rest_client] Request (TestNetworkBasicOps:test_update_instance_port_admin_state): 201 POST http://10.0.2.15:9696/v2.0/security-groups 0.128s
2015-11-18 17:26:08,768 26549 DEBUG    [tempest_lib.common.rest_client] Request - Headers: {'Content-Type': 'application/json', 'Accept': 'application/json', 'X-Auth-Token': '&lt;omitted&gt;'}
        Body: {"security_group": {"tenant_id": "40f1a3bcab914a35ad5641ddccaf21b8", "description": "tempest-secgroup-smoke-1896682251 description", "name": "tempest-secgroup-smoke-1896682251"}}
    Response - Headers: {'status': '201', 'content-length': '888', 'connection': 'close', 'date': 'Wed, 18 Nov 2015 17:26:08 GMT', 'content-type': 'application/json; charset=UTF-8', 'x-openstack-request-id': 'req-6ab11086-df5b-41cd-8562-5f7186616227'}
        Body: {"security_group": {"tenant_id": "40f1a3bcab914a35ad5641ddccaf21b8", "description": "tempest-secgroup-smoke-1896682251 description", "id": "33bd43e7-596b-44b8-86e5-2bcb40703579", "security_group_rules": [{"remote_group_id": null, "direction": "egress", "remote_ip_prefix": null, "protocol": null, "ethertype": "IPv4", "tenant_id": "40f1a3bcab914a35ad5641ddccaf21b8", "port_range_max": null, "port_range_min": null, "id": "dc5ab4b0-6330-4a21-898c-d53d7f845b91", "security_group_id": "33bd43e7-596b-44b8-86e5-2bcb40703579"}, {"remote_group_id": null, "direction": "egress", "remote_ip_prefix": null, "protocol": null, "ethertype": "IPv6", "tenant_id": "40f1a3bcab914a35ad5641ddccaf21b8", "port_range_max": null, "port_range_min": null, "id": "f4048ce9-8dec-405e-8536-4b239567ca51", "security_group_id": "33bd43e7-596b-44b8-86e5-2bcb40703579"}], "name": "tempest-secgroup-smoke-1896682251"}}
2015-11-18 17:26:08,885 26549 INFO     [tempest_lib.common.rest_client] Request (TestNetworkBasicOps:test_update_instance_port_admin_state): 201 POST http://10.0.2.15:9696/v2.0/security-group-rules 0.116s
2015-11-18 17:26:08,885 26549 DEBUG    [tempest_lib.common.rest_client] Request - Headers: {'Content-Type': 'application/json', 'Accept': 'application/json', 'X-Auth-Token': '&lt;omitted&gt;'}
        Body: {"security_group_rule": {"direction": "ingress", "protocol": "tcp", "tenant_id": "40f1a3bcab914a35ad5641ddccaf21b8", "port_range_max": 22, "security_group_id": "33bd43e7-596b-44b8-86e5-2bcb40703579", "port_range_min": 22}}
    Response - Headers: {'status': '201', 'content-length': '340', 'connection': 'close', 'date': 'Wed, 18 Nov 2015 17:26:08 GMT', 'content-type': 'application/json; charset=UTF-8', 'x-openstack-request-id': 'req-14a7ff8a-3822-4618-9ce8-dd28bffc3b09'}
        Body: {"security_group_rule": {"remote_group_id": null, "direction": "ingress", "remote_ip_prefix": null, "protocol": "tcp", "ethertype": "IPv4", "tenant_id": "40f1a3bcab914a35ad5641ddccaf21b8", "port_range_max": 22, "port_range_min": 22, "id": "bfc36606-e8c2-48b1-9566-23bcf1cb1904", "security_group_id": "33bd43e7-596b-44b8-86e5-2bcb40703579"}}
2015-11-18 17:26:09,003 26549 INFO     [tempest_lib.common.rest_client] Request (TestNetworkBasicOps:test_update_instance_port_admin_state): 201 POST http://10.0.2.15:9696/v2.0/security-group-rules 0.117s
2015-11-18 17:26:09,003 26549 DEBUG    [tempest_lib.common.rest_client] Request - Headers: {'Content-Type': 'application/json', 'Accept': 'application/json', 'X-Auth-Token': '&lt;omitted&gt;'}
        Body: {"security_group_rule": {"direction": "egress", "protocol": "tcp", "tenant_id": "40f1a3bcab914a35ad5641ddccaf21b8", "port_range_max": 22, "security_group_id": "33bd43e7-596b-44b8-86e5-2bcb40703579", "port_range_min": 22}}
    Response - Headers: {'status': '201', 'content-length': '339', 'connection': 'close', 'date': 'Wed, 18 Nov 2015 17:26:09 GMT', 'content-type': 'application/json; charset=UTF-8', 'x-openstack-request-id': 'req-11a4fabe-59d6-458e-9db6-aa09ff4a457c'}
        Body: {"security_group_rule": {"remote_group_id": null, "direction": "egress", "remote_ip_prefix": null, "protocol": "tcp", "ethertype": "IPv4", "tenant_id": "40f1a3bcab914a35ad5641ddccaf21b8", "port_range_max": 22, "port_range_min": 22, "id": "4d27da35-cdb6-4ec8-aa2c-79575e0ee8fe", "security_group_id": "33bd43e7-596b-44b8-86e5-2bcb40703579"}}
2015-11-18 17:26:09,111 26549 INFO     [tempest_lib.common.rest_client] Request (TestNetworkBasicOps:test_update_instance_port_admin_state): 201 POST http://10.0.2.15:9696/v2.0/security-group-rules 0.106s
2015-11-18 17:26:09,111 26549 DEBUG    [tempest_lib.common.rest_client] Request - Headers: {'Content-Type': 'application/json', 'Accept': 'application/json', 'X-Auth-Token': '&lt;omitted&gt;'}
        Body: {"security_group_rule": {"tenant_id": "40f1a3bcab914a35ad5641ddccaf21b8", "direction": "ingress", "protocol": "icmp", "security_group_id": "33bd43e7-596b-44b8-86e5-2bcb40703579"}}
    Response - Headers: {'status': '201', 'content-length': '345', 'connection': 'close', 'date': 'Wed, 18 Nov 2015 17:26:09 GMT', 'content-type': 'application/json; charset=UTF-8', 'x-openstack-request-id': 'req-6759fa56-232e-48cf-b625-009e80e0b2a8'}
        Body: {"security_group_rule": {"remote_group_id": null, "direction": "ingress", "remote_ip_prefix": null, "protocol": "icmp", "ethertype": "IPv4", "tenant_id": "40f1a3bcab914a35ad5641ddccaf21b8", "port_range_max": null, "port_range_min": null, "id": "6b5dae1a-d710-4131-bde1-9158809fca54", "security_group_id": "33bd43e7-596b-44b8-86e5-2bcb40703579"}}
2015-11-18 17:26:09,218 26549 INFO     [tempest_lib.common.rest_client] Request (TestNetworkBasicOps:test_update_instance_port_admin_state): 201 POST http://10.0.2.15:9696/v2.0/security-group-rules 0.106s
2015-11-18 17:26:09,218 26549 DEBUG    [tempest_lib.common.rest_client] Request - Headers: {'Content-Type': 'application/json', 'Accept': 'application/json', 'X-Auth-Token': '&lt;omitted&gt;'}
        Body: {"security_group_rule": {"tenant_id": "40f1a3bcab914a35ad5641ddccaf21b8", "direction": "egress", "protocol": "icmp", "security_group_id": "33bd43e7-596b-44b8-86e5-2bcb40703579"}}
    Response - Headers: {'status': '201', 'content-length': '344', 'connection': 'close', 'date': 'Wed, 18 Nov 2015 17:26:09 GMT', 'content-type': 'application/json; charset=UTF-8', 'x-openstack-request-id': 'req-c7ce413d-dbe4-4181-9dd2-583d9218ccf9'}
        Body: {"security_group_rule": {"remote_group_id": null, "direction": "egress", "remote_ip_prefix": null, "protocol": "icmp", "ethertype": "IPv4", "tenant_id": "40f1a3bcab914a35ad5641ddccaf21b8", "port_range_max": null, "port_range_min": null, "id": "c298c94f-f3fa-486c-b3c5-154f065979c3", "security_group_id": "33bd43e7-596b-44b8-86e5-2bcb40703579"}}
2015-11-18 17:26:09,321 26549 INFO     [tempest_lib.common.rest_client] Request (TestNetworkBasicOps:test_update_instance_port_admin_state): 201 POST http://10.0.2.15:9696/v2.0/security-group-rules 0.102s
2015-11-18 17:26:09,322 26549 DEBUG    [tempest_lib.common.rest_client] Request - Headers: {'Content-Type': 'application/json', 'Accept': 'application/json', 'X-Auth-Token': '&lt;omitted&gt;'}
        Body: {"security_group_rule": {"tenant_id": "40f1a3bcab914a35ad5641ddccaf21b8", "direction": "ingress", "security_group_id": "33bd43e7-596b-44b8-86e5-2bcb40703579", "protocol": "icmp", "ethertype": "IPv6"}}
    Response - Headers: {'status': '201', 'content-length': '345', 'connection': 'close', 'date': 'Wed, 18 Nov 2015 17:26:09 GMT', 'content-type': 'application/json; charset=UTF-8', 'x-openstack-request-id': 'req-90954953-5d9d-4e85-80e9-812187e5ee65'}
        Body: {"security_group_rule": {"remote_group_id": null, "direction": "ingress", "remote_ip_prefix": null, "protocol": "icmp", "ethertype": "IPv6", "tenant_id": "40f1a3bcab914a35ad5641ddccaf21b8", "port_range_max": null, "port_range_min": null, "id": "880184c7-ce9d-4ba9-a221-6d2952f6f646", "security_group_id": "33bd43e7-596b-44b8-86e5-2bcb40703579"}}
2015-11-18 17:26:09,430 26549 INFO     [tempest_lib.common.rest_client] Request (TestNetworkBasicOps:test_update_instance_port_admin_state): 201 POST http://10.0.2.15:9696/v2.0/security-group-rules 0.108s
2015-11-18 17:26:09,431 26549 DEBUG    [tempest_lib.common.rest_client] Request - Headers: {'Content-Type': 'application/json', 'Accept': 'application/json', 'X-Auth-Token': '&lt;omitted&gt;'}
        Body: {"security_group_rule": {"tenant_id": "40f1a3bcab914a35ad5641ddccaf21b8", "direction": "egress", "security_group_id": "33bd43e7-596b-44b8-86e5-2bcb40703579", "protocol": "icmp", "ethertype": "IPv6"}}
    Response - Headers: {'status': '201', 'content-length': '344', 'connection': 'close', 'date': 'Wed, 18 Nov 2015 17:26:09 GMT', 'content-type': 'application/json; charset=UTF-8', 'x-openstack-request-id': 'req-003742d5-5cce-4731-9c9d-e8b4c763b3cc'}
        Body: {"security_group_rule": {"remote_group_id": null, "direction": "egress", "remote_ip_prefix": null, "protocol": "icmp", "ethertype": "IPv6", "tenant_id": "40f1a3bcab914a35ad5641ddccaf21b8", "port_range_max": null, "port_range_min": null, "id": "c61ae23e-2767-4067-92e0-ee8f372b4295", "security_group_id": "33bd43e7-596b-44b8-86e5-2bcb40703579"}}
2015-11-18 17:26:09,569 26549 INFO     [tempest_lib.common.rest_client] Request (TestNetworkBasicOps:test_update_instance_port_admin_state): 201 POST http://10.0.2.15:9696/v2.0/networks 0.137s
2015-11-18 17:26:09,570 26549 DEBUG    [tempest_lib.common.rest_client] Request - Headers: {'Content-Type': 'application/json', 'Accept': 'application/json', 'X-Auth-Token': '&lt;omitted&gt;'}
        Body: {"network": {"tenant_id": "40f1a3bcab914a35ad5641ddccaf21b8", "name": "tempest-network-smoke--948784863"}}
    Response - Headers: {'status': '201', 'content-length': '295', 'connection': 'close', 'date': 'Wed, 18 Nov 2015 17:26:09 GMT', 'content-type': 'application/json; charset=UTF-8', 'x-openstack-request-id': 'req-68abc272-8c07-4da7-8f70-f64d84f9a75b'}
        Body: {"network": {"status": "ACTIVE", "subnets": [], "name": "tempest-network-smoke--948784863", "admin_state_up": true, "tenant_id": "40f1a3bcab914a35ad5641ddccaf21b8", "mtu": 0, "router:external": false, "shared": false, "port_security_enabled": true, "id": "c8efa03a-71ca-4bb5-87a4-96f321713318"}}
2015-11-18 17:26:09,644 26549 INFO     [tempest_lib.common.rest_client] Request (TestNetworkBasicOps:test_update_instance_port_admin_state): 201 POST http://10.0.2.15:9696/v2.0/routers 0.073s
2015-11-18 17:26:09,644 26549 DEBUG    [tempest_lib.common.rest_client] Request - Headers: {'Content-Type': 'application/json', 'Accept': 'application/json', 'X-Auth-Token': '&lt;omitted&gt;'}
        Body: {"router": {"tenant_id": "40f1a3bcab914a35ad5641ddccaf21b8", "name": "tempest-router-smoke-1102017053", "admin_state_up": true}}
    Response - Headers: {'status': '201', 'content-length': '239', 'connection': 'close', 'date': 'Wed, 18 Nov 2015 17:26:09 GMT', 'content-type': 'application/json; charset=UTF-8', 'x-openstack-request-id': 'req-533cbaef-ffab-4d65-9cff-f5a74036d885'}
        Body: {"router": {"status": "ACTIVE", "external_gateway_info": null, "name": "tempest-router-smoke-1102017053", "admin_state_up": true, "tenant_id": "40f1a3bcab914a35ad5641ddccaf21b8", "routes": [], "id": "c4306913-4901-472c-abd4-86639f55ec4c"}}
2015-11-18 17:26:09,683 26549 INFO     [tempest_lib.common.rest_client] Request (TestNetworkBasicOps:test_update_instance_port_admin_state): 200 GET http://10.0.2.15:9696/v2.0/routers/c4306913-4901-472c-abd4-86639f55ec4c 0.038s
2015-11-18 17:26:09,683 26549 DEBUG    [tempest_lib.common.rest_client] Request - Headers: {'Content-Type': 'application/json', 'Accept': 'application/json', 'X-Auth-Token': '&lt;omitted&gt;'}
        Body: None
    Response - Headers: {'status': '200', 'content-length': '239', 'content-location': 'http://10.0.2.15:9696/v2.0/routers/c4306913-4901-472c-abd4-86639f55ec4c', 'connection': 'close', 'date': 'Wed, 18 Nov 2015 17:26:09 GMT', 'content-type': 'application/json; charset=UTF-8', 'x-openstack-request-id': 'req-deb5c158-4acd-4d54-b1e6-bf3f553930e3'}
        Body: {"router": {"status": "ACTIVE", "external_gateway_info": null, "name": "tempest-router-smoke-1102017053", "admin_state_up": true, "tenant_id": "40f1a3bcab914a35ad5641ddccaf21b8", "routes": [], "id": "c4306913-4901-472c-abd4-86639f55ec4c"}}
2015-11-18 17:26:10,201 26549 INFO     [tempest_lib.common.rest_client] Request (TestNetworkBasicOps:test_update_instance_port_admin_state): 200 PUT http://10.0.2.15:9696/v2.0/routers/c4306913-4901-472c-abd4-86639f55ec4c 0.517s
2015-11-18 17:26:10,201 26549 DEBUG    [tempest_lib.common.rest_client] Request - Headers: {'Content-Type': 'application/json', 'Accept': 'application/json', 'X-Auth-Token': '&lt;omitted&gt;'}
        Body: {"router": {"external_gateway_info": {"network_id": "b3a09b13-925b-4fa7-acb5-66ce32dea857"}, "name": "tempest-router-smoke-1102017053", "admin_state_up": true}}
    Response - Headers: {'status': '200', 'content-length': '503', 'connection': 'close', 'date': 'Wed, 18 Nov 2015 17:26:10 GMT', 'content-type': 'application/json; charset=UTF-8', 'x-openstack-request-id': 'req-7c02f59b-25d7-40bb-a4a0-76e455ee2fd0'}
        Body: {"router": {"status": "ACTIVE", "external_gateway_info": {"network_id": "b3a09b13-925b-4fa7-acb5-66ce32dea857", "enable_snat": true, "external_fixed_ips": [{"subnet_id": "b93b4eb8-7e91-4b59-98c2-d0b2c5899ec8", "ip_address": "172.24.4.15"}, {"subnet_id": "863278f1-c69a-40a4-9c6a-f67f7be5ffe1", "ip_address": "2001:db8::10"}]}, "name": "tempest-router-smoke-1102017053", "admin_state_up": true, "tenant_id": "40f1a3bcab914a35ad5641ddccaf21b8", "routes": [], "id": "c4306913-4901-472c-abd4-86639f55ec4c"}}
2015-11-18 17:26:10,347 26549 INFO     [tempest_lib.common.rest_client] Request (TestNetworkBasicOps:test_update_instance_port_admin_state): 200 GET http://10.0.2.15:9696/v2.0/subnets?tenant_id=40f1a3bcab914a35ad5641ddccaf21b8&amp;cidr=10.100.0.0%2F28 0.144s
2015-11-18 17:26:10,347 26549 DEBUG    [tempest_lib.common.rest_client] Request - Headers: {'Content-Type': 'application/json', 'Accept': 'application/json', 'X-Auth-Token': '&lt;omitted&gt;'}
        Body: None
    Response - Headers: {'status': '200', 'content-length': '15', 'content-location': 'http://10.0.2.15:9696/v2.0/subnets?tenant_id=40f1a3bcab914a35ad5641ddccaf21b8&amp;cidr=10.100.0.0%2F28', 'connection': 'close', 'date': 'Wed, 18 Nov 2015 17:26:10 GMT', 'content-type': 'application/json; charset=UTF-8', 'x-openstack-request-id': 'req-a3b2b374-f64f-4934-9450-8e8adb04a00c'}
        Body: {"subnets": []}
2015-11-18 17:26:10,600 26549 INFO     [tempest_lib.common.rest_client] Request (TestNetworkBasicOps:test_update_instance_port_admin_state): 201 POST http://10.0.2.15:9696/v2.0/subnets 0.251s
2015-11-18 17:26:10,601 26549 DEBUG    [tempest_lib.common.rest_client] Request - Headers: {'Content-Type': 'application/json', 'Accept': 'application/json', 'X-Auth-Token': '&lt;omitted&gt;'}
        Body: {"subnet": {"ip_version": 4, "tenant_id": "40f1a3bcab914a35ad5641ddccaf21b8", "cidr": "10.100.0.0/28", "network_id": "c8efa03a-71ca-4bb5-87a4-96f321713318", "name": "tempest-subnet-smoke-498920737"}}
    Response - Headers: {'status': '201', 'content-length': '477', 'connection': 'close', 'date': 'Wed, 18 Nov 2015 17:26:10 GMT', 'content-type': 'application/json; charset=UTF-8', 'x-openstack-request-id': 'req-e1fd7060-c985-460f-a066-986151457d6e'}
        Body: {"subnet": {"name": "tempest-subnet-smoke-498920737", "enable_dhcp": true, "network_id": "c8efa03a-71ca-4bb5-87a4-96f321713318", "tenant_id": "40f1a3bcab914a35ad5641ddccaf21b8", "dns_nameservers": [], "gateway_ip": "10.100.0.1", "ipv6_ra_mode": null, "allocation_pools": [{"start": "10.100.0.2", "end": "10.100.0.14"}], "host_routes": [], "ip_version": 4, "ipv6_address_mode": null, "cidr": "10.100.0.0/28", "id": "793b7e4c-8587-40fd-a28f-12e19f2cd082", "subnetpool_id": null}}
2015-11-18 17:26:11,074 26549 INFO     [tempest_lib.common.rest_client] Request (TestNetworkBasicOps:test_update_instance_port_admin_state): 200 PUT http://10.0.2.15:9696/v2.0/routers/c4306913-4901-472c-abd4-86639f55ec4c/add_router_interface 0.472s
2015-11-18 17:26:11,074 26549 DEBUG    [tempest_lib.common.rest_client] Request - Headers: {'Content-Type': 'application/json', 'Accept': 'application/json', 'X-Auth-Token': '&lt;omitted&gt;'}
        Body: {"subnet_id": "793b7e4c-8587-40fd-a28f-12e19f2cd082"}
    Response - Headers: {'status': '200', 'content-length': '255', 'connection': 'close', 'date': 'Wed, 18 Nov 2015 17:26:11 GMT', 'content-type': 'application/json; charset=UTF-8', 'x-openstack-request-id': 'req-a4a28944-51f6-4e60-b3aa-41f383caf228'}
        Body: {"subnet_id": "793b7e4c-8587-40fd-a28f-12e19f2cd082", "tenant_id": "40f1a3bcab914a35ad5641ddccaf21b8", "subnet_ids": ["793b7e4c-8587-40fd-a28f-12e19f2cd082"], "port_id": "b50e469c-68b6-4f3e-95db-41bce00a28dd", "id": "c4306913-4901-472c-abd4-86639f55ec4c"}
2015-11-18 17:26:11,282 26549 INFO     [tempest_lib.common.rest_client] Request (TestNetworkBasicOps:test_update_instance_port_admin_state): 200 GET http://10.0.2.15:9696/v2.0/networks 0.206s
2015-11-18 17:26:11,283 26549 DEBUG    [tempest_lib.common.rest_client] Request - Headers: {'Content-Type': 'application/json', 'Accept': 'application/json', 'X-Auth-Token': '&lt;omitted&gt;'}
        Body: None
    Response - Headers: {'status': '200', 'content-length': '1317', 'content-location': 'http://10.0.2.15:9696/v2.0/networks', 'connection': 'close', 'date': 'Wed, 18 Nov 2015 17:26:11 GMT', 'content-type': 'application/json; charset=UTF-8', 'x-openstack-request-id': 'req-2561b884-9fd0-4fe8-b6b8-83e46bdd9818'}
        Body: {"networks": [{"status": "ACTIVE", "subnets": ["f21ca08b-285b-4047-88a5-9c934661c8d4", "a1f601a1-719f-49ad-98b4-d05e2d0cbf26"], "name": "private", "provider:physical_network": null, "admin_state_up": true, "tenant_id": "679446affcca485a9e99afc30ebc84aa", "mtu": 0, "router:external": false, "shared": false, "port_security_enabled": true, "provider:network_type": "vxlan", "id": "5ed35c2f-8cd1-4f38-b9d8-466b6d313572", "provider:segmentation_id": 1029}, {"status": "ACTIVE", "subnets": ["793b7e4c-8587-40fd-a28f-12e19f2cd082"], "name": "tempest-network-smoke--948784863", "provider:physical_network": null, "admin_state_up": true, "tenant_id": "40f1a3bcab914a35ad5641ddccaf21b8", "mtu": 0, "router:external": false, "shared": false, "port_security_enabled": true, "provider:network_type": "vxlan", "id": "c8efa03a-71ca-4bb5-87a4-96f321713318", "provider:segmentation_id": 1057}, {"status": "ACTIVE", "subnets": ["863278f1-c69a-40a4-9c6a-f67f7be5ffe1", "b93b4eb8-7e91-4b59-98c2-d0b2c5899ec8"], "name": "public", "provider:physical_network": null, "admin_state_up": true, "tenant_id": "823336b70ed8497c9f9bb182614615ed", "mtu": 0, "router:external": true, "shared": false, "port_security_enabled": true, "provider:network_type": "vxlan", "id": "b3a09b13-925b-4fa7-acb5-66ce32dea857", "provider:segmentation_id": 1086}]}
2015-11-18 17:26:11,450 26549 INFO     [tempest_lib.common.rest_client] Request (TestNetworkBasicOps:test_update_instance_port_admin_state): 200 GET http://10.0.2.15:9696/v2.0/subnets 0.167s
2015-11-18 17:26:11,451 26549 DEBUG    [tempest_lib.common.rest_client] Request - Headers: {'Content-Type': 'application/json', 'Accept': 'application/json', 'X-Auth-Token': '&lt;omitted&gt;'}
        Body: None
    Response - Headers: {'status': '200', 'content-length': '2407', 'content-location': 'http://10.0.2.15:9696/v2.0/subnets', 'connection': 'close', 'date': 'Wed, 18 Nov 2015 17:26:11 GMT', 'content-type': 'application/json; charset=UTF-8', 'x-openstack-request-id': 'req-3e049826-59c8-4dd1-8334-13a71cd52df7'}
        Body: {"subnets": [{"name": "private-subnet", "enable_dhcp": true, "network_id": "5ed35c2f-8cd1-4f38-b9d8-466b6d313572", "tenant_id": "679446affcca485a9e99afc30ebc84aa", "dns_nameservers": [], "gateway_ip": "10.0.0.1", "ipv6_ra_mode": null, "allocation_pools": [{"start": "10.0.0.2", "end": "10.0.0.254"}], "host_routes": [], "ip_version": 4, "ipv6_address_mode": null, "cidr": "10.0.0.0/24", "id": "f21ca08b-285b-4047-88a5-9c934661c8d4", "subnetpool_id": null}, {"name": "ipv6-public-subnet", "enable_dhcp": false, "network_id": "b3a09b13-925b-4fa7-acb5-66ce32dea857", "tenant_id": "823336b70ed8497c9f9bb182614615ed", "dns_nameservers": [], "gateway_ip": "2001:db8::2", "ipv6_ra_mode": null, "allocation_pools": [{"start": "2001:db8::3", "end": "2001:db8::ffff:ffff:ffff:ffff"}, {"start": "2001:db8::1", "end": "2001:db8::1"}], "host_routes": [], "ip_version": 6, "ipv6_address_mode": null, "cidr": "2001:db8::/64", "id": "863278f1-c69a-40a4-9c6a-f67f7be5ffe1", "subnetpool_id": null}, {"name": "ipv6-private-subnet", "enable_dhcp": true, "network_id": "5ed35c2f-8cd1-4f38-b9d8-466b6d313572", "tenant_id": "679446affcca485a9e99afc30ebc84aa", "dns_nameservers": [], "gateway_ip": "fdc3:9c4e:7110::1", "ipv6_ra_mode": "slaac", "allocation_pools": [{"start": "fdc3:9c4e:7110::2", "end": "fdc3:9c4e:7110:0:ffff:ffff:ffff:ffff"}], "host_routes": [], "ip_version": 6, "ipv6_address_mode": "slaac", "cidr": "fdc3:9c4e:7110::/64", "id": "a1f601a1-719f-49ad-98b4-d05e2d0cbf26", "subnetpool_id": null}, {"name": "public-subnet", "enable_dhcp": false, "network_id": "b3a09b13-925b-4fa7-acb5-66ce32dea857", "tenant_id": "823336b70ed8497c9f9bb182614615ed", "dns_nameservers": [], "gateway_ip": "172.24.4.1", "ipv6_ra_mode": null, "allocation_pools": [{"start": "172.24.4.2", "end": "172.24.4.254"}], "host_routes": [], "ip_version": 4, "ipv6_address_mode": null, "cidr": "172.24.4.0/24", "id": "b93b4eb8-7e91-4b59-98c2-d0b2c5899ec8", "subnetpool_id": null}, {"name": "tempest-subnet-smoke-498920737", "enable_dhcp": true, "network_id": "c8efa03a-71ca-4bb5-87a4-96f321713318", "tenant_id": "40f1a3bcab914a35ad5641ddccaf21b8", "dns_nameservers": [], "gateway_ip": "10.100.0.1", "ipv6_ra_mode": null, "allocation_pools": [{"start": "10.100.0.2", "end": "10.100.0.14"}], "host_routes": [], "ip_version": 4, "ipv6_address_mode": null, "cidr": "10.100.0.0/28", "id": "793b7e4c-8587-40fd-a28f-12e19f2cd082", "subnetpool_id": null}]}
2015-11-18 17:26:11,490 26549 INFO     [tempest_lib.common.rest_client] Request (TestNetworkBasicOps:test_update_instance_port_admin_state): 200 GET http://10.0.2.15:9696/v2.0/routers 0.038s
2015-11-18 17:26:11,490 26549 DEBUG    [tempest_lib.common.rest_client] Request - Headers: {'Content-Type': 'application/json', 'Accept': 'application/json', 'X-Auth-Token': '&lt;omitted&gt;'}
        Body: None
    Response - Headers: {'status': '200', 'content-length': '1043', 'content-location': 'http://10.0.2.15:9696/v2.0/routers', 'connection': 'close', 'date': 'Wed, 18 Nov 2015 17:26:11 GMT', 'content-type': 'application/json; charset=UTF-8', 'x-openstack-request-id': 'req-0b95f764-b0ce-4790-be9c-ffc7c9c4fa4b'}
        Body: {"routers": [{"status": "ACTIVE", "external_gateway_info": {"network_id": "b3a09b13-925b-4fa7-acb5-66ce32dea857", "enable_snat": true, "external_fixed_ips": [{"subnet_id": "b93b4eb8-7e91-4b59-98c2-d0b2c5899ec8", "ip_address": "172.24.4.2"}, {"subnet_id": "863278f1-c69a-40a4-9c6a-f67f7be5ffe1", "ip_address": "2001:db8::3"}]}, "name": "router1", "admin_state_up": true, "tenant_id": "679446affcca485a9e99afc30ebc84aa", "distributed": false, "routes": [], "ha": false, "id": "8d21766e-c17e-4c51-be65-ef73321f54d2"}, {"status": "ACTIVE", "external_gateway_info": {"network_id": "b3a09b13-925b-4fa7-acb5-66ce32dea857", "enable_snat": true, "external_fixed_ips": [{"subnet_id": "b93b4eb8-7e91-4b59-98c2-d0b2c5899ec8", "ip_address": "172.24.4.15"}, {"subnet_id": "863278f1-c69a-40a4-9c6a-f67f7be5ffe1", "ip_address": "2001:db8::10"}]}, "name": "tempest-router-smoke-1102017053", "admin_state_up": true, "tenant_id": "40f1a3bcab914a35ad5641ddccaf21b8", "distributed": false, "routes": [], "ha": false, "id": "c4306913-4901-472c-abd4-86639f55ec4c"}]}
2015-11-18 17:26:11,722 26549 INFO     [tempest_lib.common.rest_client] Request (TestNetworkBasicOps:test_update_instance_port_admin_state): 200 POST http://10.0.2.15:8774/v2.1/40f1a3bcab914a35ad5641ddccaf21b8/os-keypairs 0.231s
2015-11-18 17:26:11,723 26549 DEBUG    [tempest_lib.common.rest_client] Request - Headers: {'Content-Type': 'application/json', 'Accept': 'application/json', 'X-Auth-Token': '&lt;omitted&gt;'}
        Body: {"keypair": {"name": "tempest-TestNetworkBasicOps-1820181458"}}
    Response - Headers: {'status': '200', 'content-length': '2325', 'x-compute-request-id': 'req-b6b74eba-7315-4bb5-b3c0-61a5faf57f0d', 'vary': 'X-OpenStack-Nova-API-Version', 'connection': 'close', 'x-openstack-nova-api-version': '2.1', 'date': 'Wed, 18 Nov 2015 17:26:11 GMT', 'content-type': 'application/json'}
        Body: {"keypair": {"public_key": "ssh-rsa AAAAB3NzaC1yc2EAAAADAQABAAABAQC58EGrN3cy7+7+ufrIEe9A41JKRfM/1zrxRmYFKVI3iVs1yLk428G8cFJVnjGWzxlmRuisJTHv5yAIVQ/cCDL4kdB2wx3xGdaZRzMzzbVFhqS42alkB2TNHiUydQjcKNxPJ5YVxPJi44SmZ7PxR3F/4vL8LBAgCIENXoycyZXO0jrRJ1K3arxdHvoA+kXhHRb3dhyuUm0BD4zfCGVCByLtDA78wPt2QKVwAtniZa8xJFkDmWJ6qaW17gbMS/1X6eBvhIJSwKXu0kGnHgtTAGtFd86yBnEv81TdVOPs6ZoJrZz+3Z6DI60FLmy4P2mdJf6ywQu93vAcsDmlceOBerGV Generated-by-Nova", "private_key": "-----BEGIN RSA PRIVATE KEY-----\nMIIEqgIBAAKCAQEAufBBqzd3Mu/u/rn6yBHvQONSSkXzP9c68UZmBSlSN4lbNci5\nONvBvHBSVZ4xls8ZZkborCUx7+cgCFUP3Agy+JHQdsMd8RnWmUczM821RYakuNmp\nZAdkzR4lMnUI3CjcTyeWFcTyYuOEpmez8Udxf+Ly/CwQIAiBDV6MnMmVztI60SdS\nt2q8XR76APpF4R0W93YcrlJtAQ+M3whlQgci7QwO/MD7dkClcALZ4mWvMSRZA5li\neqmlte4GzEv9V+ngb4SCUsCl7tJBpx4LUwBrRXfOsgZxL/NU3VTj7OmaCa2c/t2e\ngyOtBS5suD9pnSX+ssELvd7wHLA5pXHjgXqxlQIDAQABAoIBAQCWnDrFEkd2Ng0z\nvbeaKZTPzZJRYTm4w4EWAH0Qvzi+jX8ZIL6PhMn39k9q1Jm8W4JqaxN6pSI+/crf\nlO8kvmtzFsFyAXgWXGSMgbTCyGSFrZtts7lWsfp/f2SH627CzkItx5X1ijL/0OUY\n2TVTQhh4i39grdxd5iWKi8SAF3VGMXet/yPrs5eZULioSAWcPusZ24lJ8un/2/5q\ndTUde0TfwG/UoFLQvd0rOPa3WJyHaqkqozI3Ze7bUyMsldEADPGmWi0fYDt0jOe6\nPrqaQT7rxiX3UtLG2+CiVMdMFWlZUfSRv2bcEN+wSa+zhPth1LC25AGpsOoGKAZb\nRU0BH6Z9AoIAgQDNuqf6LUOXrjMgBDj2SrIZSA6TBR8OaHgcua82XHz67/uiRbFj\ngtgq/dlpoN52ufnGBDrsdAgrZ4MudL5pz8U3FZVIB4JjbsjKgOaVsBxdg8a82IXG\n3mGVd73vjnDSRz+M5HLACl3/+49Bo+rUPGKmO85QDBWr9D/3r9Mu00o33wKCAIEA\n51+aFjZes4tL2PDa12ucfKlW7HYHU4eVMb28JFszbW6I9sRmKgSQKaeqlsV7w1Uv\ntk5dJmi88fqmv0kuokFiM8r7uag36gr8D/8KqN7AsJipcll3qocMFM+nGhiDi/jU\noJ1Cq8LrL6hmNdeWmndxVkvrM+GS7Z5hi/QqS5PrFQsCggCBAKcnzw4dsvrOJmoQ\nJDwxas3R102rbpVlWpp0YKF5um6liL5LhBsHmB4uTXVeqQKsjv5ON5YhnPWvUE3x\nuzj8ARCFr9prh4zE2c53t2LOSe3NgS+1edSgoYcxWJkJEjA4hbEzeO0CP2ga/EXo\nKogxXDIXC8XMW9twRH06VguIz5ffAoIAgQCdVVg9ZIlvQ/i2s8nMlQObjbdrIjOH\nLHpaka/fdRj6gCCo1RK33dR+TuJkljO7tzCzooQbOzvIvG4pQ0Vv1lBF8fDM5cPn\n5cJTylVgUeDr9VO8S3RhRGYFvNLfnu3M/87uzSFqFSjChpvCXzCtJy2txgBRjkHQ\nTVP9zHH6ZMKF0wKCAIAAzGNaK853svUxI3eRsvaZJ+z6FdWg3iU22DNDZSPFbhJf\nIktUNP1FmNY3lVsh7uQUXY0/ubqCcZgAQ6FlUT/4089UIk9Ha+Ocr5ckQ7ZIUkPb\ntbnCcL8d+zeuTfncZH3TN1T5gZ9kHa7ItUJy/JlAOE9EdZvPm6wyBbPSbmwZyA==\n-----END RSA PRIVATE KEY-----\n", "user_id": "1444c7bb174a4f559509dfd92def3328", "name": "tempest-TestNetworkBasicOps-1820181458", "fingerprint": "9d:59:4c:12:5b:a2:35:aa:3e:26:af:a8:4c:a4:3d:8a"}}
2015-11-18 17:26:11,833 26549 INFO     [tempest_lib.common.rest_client] Request (TestNetworkBasicOps:test_update_instance_port_admin_state): 200 POST http://10.0.2.15:5000/v2.0/tokens
2015-11-18 17:26:11,833 26549 DEBUG    [tempest_lib.common.rest_client] Request - Headers: {'Content-Type': 'application/json', 'Accept': 'application/json'}
        Body: &lt;omitted&gt;
    Response - Headers: {'status': '200', 'content-length': '2528', 'vary': 'X-Auth-Token', 'server': 'Apache/2.4.7 (Ubuntu)', 'connection': 'close', 'date': 'Wed, 18 Nov 2015 17:26:11 GMT', 'content-type': 'application/json', 'x-openstack-request-id': 'req-e19b74d8-997c-46b0-88ff-8283b609a866'}
        Body: {"access": {"token": {"issued_at": "2015-11-18T17:26:11.821281", "expires": "2015-11-18T18:26:11Z", "id": "954e9288c17d4c60b71315ac09814f80", "tenant": {"description": "tempest-TestNetworkBasicOps-1792258533-desc", "enabled": true, "id": "40f1a3bcab914a35ad5641ddccaf21b8", "name": "tempest-TestNetworkBasicOps-1792258533"}, "audit_ids": ["uNBPz2SsSOam3kSf0FBHDg"]}, "serviceCatalog": [{"endpoints": [{"adminURL": "http://10.0.2.15:8774/v2.1/40f1a3bcab914a35ad5641ddccaf21b8", "region": "RegionOne", "internalURL": "http://10.0.2.15:8774/v2.1/40f1a3bcab914a35ad5641ddccaf21b8", "id": "14e80c9d13e342ab920e9ce962d5f97e", "publicURL": "http://10.0.2.15:8774/v2.1/40f1a3bcab914a35ad5641ddccaf21b8"}], "endpoints_links": [], "type": "compute", "name": "nova"}, {"endpoints": [{"adminURL": "http://10.0.2.15:9696/", "region": "RegionOne", "internalURL": "http://10.0.2.15:9696/", "id": "6358aaf17c004d8288c16c2c141fd1c1", "publicURL": "http://10.0.2.15:9696/"}], "endpoints_links": [], "type": "network", "name": "neutron"}, {"endpoints": [{"adminURL": "http://10.0.2.15:9292", "region": "RegionOne", "internalURL": "http://10.0.2.15:9292", "id": "39ec884dbcbd403ba83614ea147fa770", "publicURL": "http://10.0.2.15:9292"}], "endpoints_links": [], "type": "image", "name": "glance"}, {"endpoints": [{"adminURL": "http://10.0.2.15:8774/v2/40f1a3bcab914a35ad5641ddccaf21b8", "region": "RegionOne", "internalURL": "http://10.0.2.15:8774/v2/40f1a3bcab914a35ad5641ddccaf21b8", "id": "3f4dd8733ad64ba1883ef34cc8f96f94", "publicURL": "http://10.0.2.15:8774/v2/40f1a3bcab914a35ad5641ddccaf21b8"}], "endpoints_links": [], "type": "compute_legacy", "name": "nova_legacy"}, {"endpoints": [{"adminURL": "http://10.0.2.15:8773/", "region": "RegionOne", "internalURL": "http://10.0.2.15:8773/", "id": "b2d84c8b6d084bac994d354fa503e3de", "publicURL": "http://10.0.2.15:8773/"}], "endpoints_links": [], "type": "ec2", "name": "ec2"}, {"endpoints": [{"adminURL": "http://10.0.2.15:35357/v2.0", "region": "RegionOne", "internalURL": "http://10.0.2.15:5000/v2.0", "id": "6d4198a4a0af417aac0ec424be706db6", "publicURL": "http://10.0.2.15:5000/v2.0"}], "endpoints_links": [], "type": "identity", "name": "keystone"}], "user": {"username": "tempest-TestNetworkBasicOps-385468575", "roles_links": [], "id": "1444c7bb174a4f559509dfd92def3328", "roles": [{"name": "_member_"}, {"name": "Member"}], "name": "tempest-TestNetworkBasicOps-385468575"}, "metadata": {"is_admin": 0, "roles": ["9fe2ff9ee4384b1894a90878d3e92bab", "b14677ca205f4ad18c5f5113e57d3025"]}}}
2015-11-18 17:26:11,838 26549 DEBUG    [tempest.common.fixed_network] (TestNetworkBasicOps:test_update_instance_port_admin_state) No valid network provided or created, defaulting to fixed_network_name
2015-11-18 17:26:12,159 26549 INFO     [tempest_lib.common.rest_client] Request (TestNetworkBasicOps:test_update_instance_port_admin_state): 200 GET http://10.0.2.15:8774/v2.1/40f1a3bcab914a35ad5641ddccaf21b8/os-networks 0.319s
2015-11-18 17:26:12,159 26549 DEBUG    [tempest_lib.common.rest_client] Request - Headers: {'Content-Type': 'application/json', 'Accept': 'application/json', 'X-Auth-Token': '&lt;omitted&gt;'}
        Body: None
    Response - Headers: {'status': '200', 'content-length': '478', 'content-location': 'http://10.0.2.15:8774/v2.1/40f1a3bcab914a35ad5641ddccaf21b8/os-networks', 'x-compute-request-id': 'req-4de2a119-669b-478e-9d1e-36c7486cdce0', 'vary': 'X-OpenStack-Nova-API-Version', 'connection': 'close', 'x-openstack-nova-api-version': '2.1', 'date': 'Wed, 18 Nov 2015 17:26:12 GMT', 'content-type': 'application/json'}
        Body: {"networks": [{"cidr_v6": null, "dns2": null, "dns1": null, "gateway": null, "broadcast": null, "netmask": null, "gateway_v6": null, "cidr": null, "label": "public", "id": "b3a09b13-925b-4fa7-acb5-66ce32dea857", "netmask_v6": null}, {"cidr_v6": null, "dns2": null, "dns1": null, "gateway": null, "broadcast": null, "netmask": null, "gateway_v6": null, "cidr": null, "label": "tempest-network-smoke--948784863", "id": "c8efa03a-71ca-4bb5-87a4-96f321713318", "netmask_v6": null}]}
2015-11-18 17:26:12,160 26549 WARNING  [tempest.common.fixed_network] (TestNetworkBasicOps:test_update_instance_port_admin_state) Network with name: private not found
2015-11-18 17:26:12,161 26549 INFO     [tempest.common.fixed_network] (TestNetworkBasicOps:test_update_instance_port_admin_state) Found network {} available for tenant
2015-11-18 17:26:12,161 26549 DEBUG    [tempest.scenario.manager] Creating a server (name: tempest-server-smoke-762829298, image: 54f5c6a6-19ab-41e5-82d3-e35b538d0244, flavor: 42)
2015-11-18 17:26:12,911 26549 INFO     [tempest_lib.common.rest_client] Request (TestNetworkBasicOps:test_update_instance_port_admin_state): 202 POST http://10.0.2.15:8774/v2.1/40f1a3bcab914a35ad5641ddccaf21b8/servers 0.748s
2015-11-18 17:26:12,911 26549 DEBUG    [tempest_lib.common.rest_client] Request - Headers: {'Content-Type': 'application/json', 'Accept': 'application/json', 'X-Auth-Token': '&lt;omitted&gt;'}
        Body: {"server": {"name": "tempest-server-smoke-762829298", "imageRef": "54f5c6a6-19ab-41e5-82d3-e35b538d0244", "key_name": "tempest-TestNetworkBasicOps-1820181458", "flavorRef": "42", "networks": [{"uuid": "c8efa03a-71ca-4bb5-87a4-96f321713318"}], "security_groups": [{"name": "tempest-secgroup-smoke-1896682251"}]}}
    Response - Headers: {'status': '202', 'content-length': '462', 'x-compute-request-id': 'req-67dd038c-f2b3-48f9-9c93-12480db98b9e', 'vary': 'X-OpenStack-Nova-API-Version', 'connection': 'close', 'location': 'http://10.0.2.15:8774/v2.1/40f1a3bcab914a35ad5641ddccaf21b8/servers/a77c5ab6-22dd-46ed-ac43-5ac0694b5035', 'x-openstack-nova-api-version': '2.1', 'date': 'Wed, 18 Nov 2015 17:26:12 GMT', 'content-type': 'application/json'}
        Body: {"server": {"security_groups": [{"name": "tempest-secgroup-smoke-1896682251"}], "OS-DCF:diskConfig": "MANUAL", "id": "a77c5ab6-22dd-46ed-ac43-5ac0694b5035", "links": [{"href": "http://10.0.2.15:8774/v2.1/40f1a3bcab914a35ad5641ddccaf21b8/servers/a77c5ab6-22dd-46ed-ac43-5ac0694b5035", "rel": "self"}, {"href": "http://10.0.2.15:8774/40f1a3bcab914a35ad5641ddccaf21b8/servers/a77c5ab6-22dd-46ed-ac43-5ac0694b5035", "rel": "bookmark"}], "adminPass": "UxcA5XKnknA5"}}
2015-11-18 17:26:13,045 26549 INFO     [tempest_lib.common.rest_client] Request (TestNetworkBasicOps:test_update_instance_port_admin_state): 200 GET http://10.0.2.15:8774/v2.1/40f1a3bcab914a35ad5641ddccaf21b8/servers/a77c5ab6-22dd-46ed-ac43-5ac0694b5035 0.132s
2015-11-18 17:26:13,046 26549 DEBUG    [tempest_lib.common.rest_client] Request - Headers: {'Content-Type': 'application/json', 'Accept': 'application/json', 'X-Auth-Token': '&lt;omitted&gt;'}
        Body: None
    Response - Headers: {'status': '200', 'content-length': '1344', 'content-location': 'http://10.0.2.15:8774/v2.1/40f1a3bcab914a35ad5641ddccaf21b8/servers/a77c5ab6-22dd-46ed-ac43-5ac0694b5035', 'x-compute-request-id': 'req-a39cfab4-b1e1-434b-8d05-afd28fc23fb9', 'vary': 'X-OpenStack-Nova-API-Version', 'connection': 'close', 'x-openstack-nova-api-version': '2.1', 'date': 'Wed, 18 Nov 2015 17:26:13 GMT', 'content-type': 'application/json'}
        Body: {"server": {"status": "BUILD", "updated": "2015-11-18T17:26:13Z", "hostId": "", "addresses": {}, "links": [{"href": "http://10.0.2.15:8774/v2.1/40f1a3bcab914a35ad5641ddccaf21b8/servers/a77c5ab6-22dd-46ed-ac43-5ac0694b5035", "rel": "self"}, {"href": "http://10.0.2.15:8774/40f1a3bcab914a35ad5641ddccaf21b8/servers/a77c5ab6-22dd-46ed-ac43-5ac0694b5035", "rel": "bookmark"}], "key_name": "tempest-TestNetworkBasicOps-1820181458", "image": {"id": "54f5c6a6-19ab-41e5-82d3-e35b538d0244", "links": [{"href": "http://10.0.2.15:8774/40f1a3bcab914a35ad5641ddccaf21b8/images/54f5c6a6-19ab-41e5-82d3-e35b538d0244", "rel": "bookmark"}]}, "OS-EXT-STS:task_state": "scheduling", "OS-EXT-STS:vm_state": "building", "OS-SRV-USG:launched_at": null, "flavor": {"id": "42", "links": [{"href": "http://10.0.2.15:8774/40f1a3bcab914a35ad5641ddccaf21b8/flavors/42", "rel": "bookmark"}]}, "id": "a77c5ab6-22dd-46ed-ac43-5ac0694b5035", "OS-SRV-USG:terminated_at": null, "OS-EXT-AZ:availability_zone": "", "user_id": "1444c7bb174a4f559509dfd92def3328", "name": "tempest-server-smoke-762829298", "created": "2015-11-18T17:26:12Z", "tenant_id": "40f1a3bcab914a35ad5641ddccaf21b8", "OS-DCF:diskConfig": "MANUAL", "os-extended-volumes:volumes_attached": [], "accessIPv4": "", "accessIPv6": "", "progress": 0, "OS-EXT-STS:power_state": 0, "config_drive": "", "metadata": {}}}
2015-11-18 17:26:14,351 26549 INFO     [tempest_lib.common.rest_client] Request (TestNetworkBasicOps:test_update_instance_port_admin_state): 200 GET http://10.0.2.15:8774/v2.1/40f1a3bcab914a35ad5641ddccaf21b8/servers/a77c5ab6-22dd-46ed-ac43-5ac0694b5035 0.294s
2015-11-18 17:26:14,351 26549 DEBUG    [tempest_lib.common.rest_client] Request - Headers: {'Content-Type': 'application/json', 'Accept': 'application/json', 'X-Auth-Token': '&lt;omitted&gt;'}
        Body: None
    Response - Headers: {'status': '200', 'content-length': '1470', 'content-location': 'http://10.0.2.15:8774/v2.1/40f1a3bcab914a35ad5641ddccaf21b8/servers/a77c5ab6-22dd-46ed-ac43-5ac0694b5035', 'x-compute-request-id': 'req-53f9b0b1-54de-4b4a-9678-04479de5a8cd', 'vary': 'X-OpenStack-Nova-API-Version', 'connection': 'close', 'x-openstack-nova-api-version': '2.1', 'date': 'Wed, 18 Nov 2015 17:26:14 GMT', 'content-type': 'application/json'}
        Body: {"server": {"status": "BUILD", "updated": "2015-11-18T17:26:13Z", "hostId": "f3088909d3c4be1577654ffb9bbaf28b6595c196498727526cdc5a27", "addresses": {}, "links": [{"href": "http://10.0.2.15:8774/v2.1/40f1a3bcab914a35ad5641ddccaf21b8/servers/a77c5ab6-22dd-46ed-ac43-5ac0694b5035", "rel": "self"}, {"href": "http://10.0.2.15:8774/40f1a3bcab914a35ad5641ddccaf21b8/servers/a77c5ab6-22dd-46ed-ac43-5ac0694b5035", "rel": "bookmark"}], "key_name": "tempest-TestNetworkBasicOps-1820181458", "image": {"id": "54f5c6a6-19ab-41e5-82d3-e35b538d0244", "links": [{"href": "http://10.0.2.15:8774/40f1a3bcab914a35ad5641ddccaf21b8/images/54f5c6a6-19ab-41e5-82d3-e35b538d0244", "rel": "bookmark"}]}, "OS-EXT-STS:task_state": "spawning", "OS-EXT-STS:vm_state": "building", "OS-SRV-USG:launched_at": null, "flavor": {"id": "42", "links": [{"href": "http://10.0.2.15:8774/40f1a3bcab914a35ad5641ddccaf21b8/flavors/42", "rel": "bookmark"}]}, "id": "a77c5ab6-22dd-46ed-ac43-5ac0694b5035", "security_groups": [{"name": "tempest-secgroup-smoke-1896682251"}], "OS-SRV-USG:terminated_at": null, "OS-EXT-AZ:availability_zone": "nova", "user_id": "1444c7bb174a4f559509dfd92def3328", "name": "tempest-server-smoke-762829298", "created": "2015-11-18T17:26:12Z", "tenant_id": "40f1a3bcab914a35ad5641ddccaf21b8", "OS-DCF:diskConfig": "MANUAL", "os-extended-volumes:volumes_attached": [], "accessIPv4": "", "accessIPv6": "", "progress": 0, "OS-EXT-STS:power_state": 0, "config_drive": "", "metadata": {}}}
2015-11-18 17:26:14,361 26549 INFO     [tempest.common.waiters] State transition "BUILD/scheduling" ==&gt; "BUILD/spawning" after 1 second wait
2015-11-18 17:26:15,573 26549 INFO     [tempest_lib.common.rest_client] Request (TestNetworkBasicOps:test_update_instance_port_admin_state): 200 GET http://10.0.2.15:8774/v2.1/40f1a3bcab914a35ad5641ddccaf21b8/servers/a77c5ab6-22dd-46ed-ac43-5ac0694b5035 0.209s
2015-11-18 17:26:15,573 26549 DEBUG    [tempest_lib.common.rest_client] Request - Headers: {'Content-Type': 'application/json', 'Accept': 'application/json', 'X-Auth-Token': '&lt;omitted&gt;'}
        Body: None
    Response - Headers: {'status': '200', 'content-length': '1470', 'content-location': 'http://10.0.2.15:8774/v2.1/40f1a3bcab914a35ad5641ddccaf21b8/servers/a77c5ab6-22dd-46ed-ac43-5ac0694b5035', 'x-compute-request-id': 'req-20299dc2-bc8e-4160-8914-b8433107d4fe', 'vary': 'X-OpenStack-Nova-API-Version', 'connection': 'close', 'x-openstack-nova-api-version': '2.1', 'date': 'Wed, 18 Nov 2015 17:26:15 GMT', 'content-type': 'application/json'}
        Body: {"server": {"status": "BUILD", "updated": "2015-11-18T17:26:13Z", "hostId": "f3088909d3c4be1577654ffb9bbaf28b6595c196498727526cdc5a27", "addresses": {}, "links": [{"href": "http://10.0.2.15:8774/v2.1/40f1a3bcab914a35ad5641ddccaf21b8/servers/a77c5ab6-22dd-46ed-ac43-5ac0694b5035", "rel": "self"}, {"href": "http://10.0.2.15:8774/40f1a3bcab914a35ad5641ddccaf21b8/servers/a77c5ab6-22dd-46ed-ac43-5ac0694b5035", "rel": "bookmark"}], "key_name": "tempest-TestNetworkBasicOps-1820181458", "image": {"id": "54f5c6a6-19ab-41e5-82d3-e35b538d0244", "links": [{"href": "http://10.0.2.15:8774/40f1a3bcab914a35ad5641ddccaf21b8/images/54f5c6a6-19ab-41e5-82d3-e35b538d0244", "rel": "bookmark"}]}, "OS-EXT-STS:task_state": "spawning", "OS-EXT-STS:vm_state": "building", "OS-SRV-USG:launched_at": null, "flavor": {"id": "42", "links": [{"href": "http://10.0.2.15:8774/40f1a3bcab914a35ad5641ddccaf21b8/flavors/42", "rel": "bookmark"}]}, "id": "a77c5ab6-22dd-46ed-ac43-5ac0694b5035", "security_groups": [{"name": "tempest-secgroup-smoke-1896682251"}], "OS-SRV-USG:terminated_at": null, "OS-EXT-AZ:availability_zone": "nova", "user_id": "1444c7bb174a4f559509dfd92def3328", "name": "tempest-server-smoke-762829298", "created": "2015-11-18T17:26:12Z", "tenant_id": "40f1a3bcab914a35ad5641ddccaf21b8", "OS-DCF:diskConfig": "MANUAL", "os-extended-volumes:volumes_attached": [], "accessIPv4": "", "accessIPv6": "", "progress": 0, "OS-EXT-STS:power_state": 0, "config_drive": "", "metadata": {}}}
2015-11-18 17:26:16,774 26549 INFO     [tempest_lib.common.rest_client] Request (TestNetworkBasicOps:test_update_instance_port_admin_state): 200 GET http://10.0.2.15:8774/v2.1/40f1a3bcab914a35ad5641ddccaf21b8/servers/a77c5ab6-22dd-46ed-ac43-5ac0694b5035 0.190s
2015-11-18 17:26:16,774 26549 DEBUG    [tempest_lib.common.rest_client] Request - Headers: {'Content-Type': 'application/json', 'Accept': 'application/json', 'X-Auth-Token': '&lt;omitted&gt;'}
        Body: None
    Response - Headers: {'status': '200', 'content-length': '1641', 'content-location': 'http://10.0.2.15:8774/v2.1/40f1a3bcab914a35ad5641ddccaf21b8/servers/a77c5ab6-22dd-46ed-ac43-5ac0694b5035', 'x-compute-request-id': 'req-44d6b4f0-c5ce-4caa-b1db-117cfc1d6f3b', 'vary': 'X-OpenStack-Nova-API-Version', 'connection': 'close', 'x-openstack-nova-api-version': '2.1', 'date': 'Wed, 18 Nov 2015 17:26:16 GMT', 'content-type': 'application/json'}
        Body: {"server": {"status": "ACTIVE", "updated": "2015-11-18T17:26:15Z", "hostId": "f3088909d3c4be1577654ffb9bbaf28b6595c196498727526cdc5a27", "addresses": {"tempest-network-smoke--948784863": [{"OS-EXT-IPS-MAC:mac_addr": "fa:16:3e:32:a0:0d", "version": 4, "addr": "10.100.0.3", "OS-EXT-IPS:type": "fixed"}]}, "links": [{"href": "http://10.0.2.15:8774/v2.1/40f1a3bcab914a35ad5641ddccaf21b8/servers/a77c5ab6-22dd-46ed-ac43-5ac0694b5035", "rel": "self"}, {"href": "http://10.0.2.15:8774/40f1a3bcab914a35ad5641ddccaf21b8/servers/a77c5ab6-22dd-46ed-ac43-5ac0694b5035", "rel": "bookmark"}], "key_name": "tempest-TestNetworkBasicOps-1820181458", "image": {"id": "54f5c6a6-19ab-41e5-82d3-e35b538d0244", "links": [{"href": "http://10.0.2.15:8774/40f1a3bcab914a35ad5641ddccaf21b8/images/54f5c6a6-19ab-41e5-82d3-e35b538d0244", "rel": "bookmark"}]}, "OS-EXT-STS:task_state": null, "OS-EXT-STS:vm_state": "active", "OS-SRV-USG:launched_at": "2015-11-18T17:26:15.000000", "flavor": {"id": "42", "links": [{"href": "http://10.0.2.15:8774/40f1a3bcab914a35ad5641ddccaf21b8/flavors/42", "rel": "bookmark"}]}, "id": "a77c5ab6-22dd-46ed-ac43-5ac0694b5035", "security_groups": [{"name": "tempest-secgroup-smoke-1896682251"}], "OS-SRV-USG:terminated_at": null, "OS-EXT-AZ:availability_zone": "nova", "user_id": "1444c7bb174a4f559509dfd92def3328", "name": "tempest-server-smoke-762829298", "created": "2015-11-18T17:26:12Z", "tenant_id": "40f1a3bcab914a35ad5641ddccaf21b8", "OS-DCF:diskConfig": "MANUAL", "os-extended-volumes:volumes_attached": [], "accessIPv4": "", "accessIPv6": "", "progress": 0, "OS-EXT-STS:power_state": 1, "config_drive": "True", "metadata": {}}}
2015-11-18 17:26:16,783 26549 INFO     [tempest.common.waiters] State transition "BUILD/spawning" ==&gt; "ACTIVE/None" after 3 second wait
2015-11-18 17:26:16,983 26549 INFO     [tempest_lib.common.rest_client] Request (TestNetworkBasicOps:test_update_instance_port_admin_state): 200 GET http://10.0.2.15:8774/v2.1/40f1a3bcab914a35ad5641ddccaf21b8/servers/a77c5ab6-22dd-46ed-ac43-5ac0694b5035 0.199s
2015-11-18 17:26:16,984 26549 DEBUG    [tempest_lib.common.rest_client] Request - Headers: {'Content-Type': 'application/json', 'Accept': 'application/json', 'X-Auth-Token': '&lt;omitted&gt;'}
        Body: None
    Response - Headers: {'status': '200', 'content-length': '1641', 'content-location': 'http://10.0.2.15:8774/v2.1/40f1a3bcab914a35ad5641ddccaf21b8/servers/a77c5ab6-22dd-46ed-ac43-5ac0694b5035', 'x-compute-request-id': 'req-eddcf830-020f-4ffd-bcff-865e5a132aaf', 'vary': 'X-OpenStack-Nova-API-Version', 'connection': 'close', 'x-openstack-nova-api-version': '2.1', 'date': 'Wed, 18 Nov 2015 17:26:16 GMT', 'content-type': 'application/json'}
        Body: {"server": {"status": "ACTIVE", "updated": "2015-11-18T17:26:15Z", "hostId": "f3088909d3c4be1577654ffb9bbaf28b6595c196498727526cdc5a27", "addresses": {"tempest-network-smoke--948784863": [{"OS-EXT-IPS-MAC:mac_addr": "fa:16:3e:32:a0:0d", "version": 4, "addr": "10.100.0.3", "OS-EXT-IPS:type": "fixed"}]}, "links": [{"href": "http://10.0.2.15:8774/v2.1/40f1a3bcab914a35ad5641ddccaf21b8/servers/a77c5ab6-22dd-46ed-ac43-5ac0694b5035", "rel": "self"}, {"href": "http://10.0.2.15:8774/40f1a3bcab914a35ad5641ddccaf21b8/servers/a77c5ab6-22dd-46ed-ac43-5ac0694b5035", "rel": "bookmark"}], "key_name": "tempest-TestNetworkBasicOps-1820181458", "image": {"id": "54f5c6a6-19ab-41e5-82d3-e35b538d0244", "links": [{"href": "http://10.0.2.15:8774/40f1a3bcab914a35ad5641ddccaf21b8/images/54f5c6a6-19ab-41e5-82d3-e35b538d0244", "rel": "bookmark"}]}, "OS-EXT-STS:task_state": null, "OS-EXT-STS:vm_state": "active", "OS-SRV-USG:launched_at": "2015-11-18T17:26:15.000000", "flavor": {"id": "42", "links": [{"href": "http://10.0.2.15:8774/40f1a3bcab914a35ad5641ddccaf21b8/flavors/42", "rel": "bookmark"}]}, "id": "a77c5ab6-22dd-46ed-ac43-5ac0694b5035", "security_groups": [{"name": "tempest-secgroup-smoke-1896682251"}], "OS-SRV-USG:terminated_at": null, "OS-EXT-AZ:availability_zone": "nova", "user_id": "1444c7bb174a4f559509dfd92def3328", "name": "tempest-server-smoke-762829298", "created": "2015-11-18T17:26:12Z", "tenant_id": "40f1a3bcab914a35ad5641ddccaf21b8", "OS-DCF:diskConfig": "MANUAL", "os-extended-volumes:volumes_attached": [], "accessIPv4": "", "accessIPv6": "", "progress": 0, "OS-EXT-STS:power_state": 1, "config_drive": "True", "metadata": {}}}
2015-11-18 17:26:16,993 26549 INFO     [tempest.scenario.manager] Tenant networks not configured to be reachable.
2015-11-18 17:26:17,024 26549 INFO     [tempest_lib.common.rest_client] Request (TestNetworkBasicOps:test_update_instance_port_admin_state): 200 GET http://10.0.2.15:9696/v2.0/ports?status=ACTIVE&amp;fixed_ip=None&amp;device_id=a77c5ab6-22dd-46ed-ac43-5ac0694b5035 0.031s
2015-11-18 17:26:17,024 26549 DEBUG    [tempest_lib.common.rest_client] Request - Headers: {'Content-Type': 'application/json', 'Accept': 'application/json', 'X-Auth-Token': '&lt;omitted&gt;'}
        Body: None
    Response - Headers: {'status': '200', 'content-length': '895', 'content-location': 'http://10.0.2.15:9696/v2.0/ports?status=ACTIVE&amp;fixed_ip=None&amp;device_id=a77c5ab6-22dd-46ed-ac43-5ac0694b5035', 'connection': 'close', 'date': 'Wed, 18 Nov 2015 17:26:17 GMT', 'content-type': 'application/json; charset=UTF-8', 'x-openstack-request-id': 'req-904c4b95-b461-47e9-8903-a57fed45d9fe'}
        Body: {"ports": [{"status": "ACTIVE", "binding:host_id": "vagrant-ubuntu-trusty-64", "allowed_address_pairs": [], "extra_dhcp_opts": [], "dns_assignment": [{"hostname": "host-10-100-0-3", "ip_address": "10.100.0.3", "fqdn": "host-10-100-0-3.openstacklocal."}], "device_owner": "compute:None", "port_security_enabled": true, "binding:profile": {}, "fixed_ips": [{"subnet_id": "793b7e4c-8587-40fd-a28f-12e19f2cd082", "ip_address": "10.100.0.3"}], "id": "b6eac7cc-634c-40e4-a144-6d44dcc52190", "security_groups": ["33bd43e7-596b-44b8-86e5-2bcb40703579"], "device_id": "a77c5ab6-22dd-46ed-ac43-5ac0694b5035", "name": "", "admin_state_up": true, "network_id": "c8efa03a-71ca-4bb5-87a4-96f321713318", "dns_name": "", "binding:vif_details": {"port_filter": true}, "binding:vnic_type": "normal", "binding:vif_type": "ovs", "tenant_id": "40f1a3bcab914a35ad5641ddccaf21b8", "mac_address": "fa:16:3e:32:a0:0d"}]}
2015-11-18 17:26:17,440 26549 INFO     [tempest_lib.common.rest_client] Request (TestNetworkBasicOps:test_update_instance_port_admin_state): 201 POST http://10.0.2.15:9696/v2.0/floatingips 0.415s
2015-11-18 17:26:17,441 26549 DEBUG    [tempest_lib.common.rest_client] Request - Headers: {'Content-Type': 'application/json', 'Accept': 'application/json', 'X-Auth-Token': '&lt;omitted&gt;'}
        Body: {"floatingip": {"floating_network_id": "b3a09b13-925b-4fa7-acb5-66ce32dea857", "tenant_id": "40f1a3bcab914a35ad5641ddccaf21b8", "fixed_ip_address": "10.100.0.3", "port_id": "b6eac7cc-634c-40e4-a144-6d44dcc52190"}}
    Response - Headers: {'status': '201', 'content-length': '368', 'connection': 'close', 'date': 'Wed, 18 Nov 2015 17:26:17 GMT', 'content-type': 'application/json; charset=UTF-8', 'x-openstack-request-id': 'req-e7f896f3-672f-41b3-9cc4-8d7ce048e11e'}
        Body: {"floatingip": {"floating_network_id": "b3a09b13-925b-4fa7-acb5-66ce32dea857", "router_id": "c4306913-4901-472c-abd4-86639f55ec4c", "fixed_ip_address": "10.100.0.3", "floating_ip_address": "172.24.4.16", "tenant_id": "40f1a3bcab914a35ad5641ddccaf21b8", "status": "DOWN", "port_id": "b6eac7cc-634c-40e4-a144-6d44dcc52190", "id": "0f532aed-7b69-49d3-ad74-38721b6a8930"}}
2015-11-18 17:26:17,473 26549 INFO     [tempest_lib.common.rest_client] Request (TestNetworkBasicOps:test_update_instance_port_admin_state): 200 GET http://10.0.2.15:9696/v2.0/ports?device_id=a77c5ab6-22dd-46ed-ac43-5ac0694b5035 0.031s
2015-11-18 17:26:17,473 26549 DEBUG    [tempest_lib.common.rest_client] Request - Headers: {'Content-Type': 'application/json', 'Accept': 'application/json', 'X-Auth-Token': '&lt;omitted&gt;'}
        Body: None
    Response - Headers: {'status': '200', 'content-length': '895', 'content-location': 'http://10.0.2.15:9696/v2.0/ports?device_id=a77c5ab6-22dd-46ed-ac43-5ac0694b5035', 'connection': 'close', 'date': 'Wed, 18 Nov 2015 17:26:17 GMT', 'content-type': 'application/json; charset=UTF-8', 'x-openstack-request-id': 'req-a9a27ccc-c869-429f-b4c1-52fdbd46c29c'}
        Body: {"ports": [{"status": "ACTIVE", "binding:host_id": "vagrant-ubuntu-trusty-64", "allowed_address_pairs": [], "extra_dhcp_opts": [], "dns_assignment": [{"hostname": "host-10-100-0-3", "ip_address": "10.100.0.3", "fqdn": "host-10-100-0-3.openstacklocal."}], "device_owner": "compute:None", "port_security_enabled": true, "binding:profile": {}, "fixed_ips": [{"subnet_id": "793b7e4c-8587-40fd-a28f-12e19f2cd082", "ip_address": "10.100.0.3"}], "id": "b6eac7cc-634c-40e4-a144-6d44dcc52190", "security_groups": ["33bd43e7-596b-44b8-86e5-2bcb40703579"], "device_id": "a77c5ab6-22dd-46ed-ac43-5ac0694b5035", "name": "", "admin_state_up": true, "network_id": "c8efa03a-71ca-4bb5-87a4-96f321713318", "dns_name": "", "binding:vif_details": {"port_filter": true}, "binding:vnic_type": "normal", "binding:vif_type": "ovs", "tenant_id": "40f1a3bcab914a35ad5641ddccaf21b8", "mac_address": "fa:16:3e:32:a0:0d"}]}
2015-11-18 17:26:17,487 26549 INFO     [tempest_lib.common.rest_client] Request (TestNetworkBasicOps:test_update_instance_port_admin_state): 200 GET http://10.0.2.15:9696/v2.0/floatingips/0f532aed-7b69-49d3-ad74-38721b6a8930 0.013s
2015-11-18 17:26:17,487 26549 DEBUG    [tempest_lib.common.rest_client] Request - Headers: {'Content-Type': 'application/json', 'Accept': 'application/json', 'X-Auth-Token': '&lt;omitted&gt;'}
        Body: None
    Response - Headers: {'status': '200', 'content-length': '368', 'content-location': 'http://10.0.2.15:9696/v2.0/floatingips/0f532aed-7b69-49d3-ad74-38721b6a8930', 'connection': 'close', 'date': 'Wed, 18 Nov 2015 17:26:17 GMT', 'content-type': 'application/json; charset=UTF-8', 'x-openstack-request-id': 'req-5573ab1b-139c-4fab-8aa8-759adc228484'}
        Body: {"floatingip": {"floating_network_id": "b3a09b13-925b-4fa7-acb5-66ce32dea857", "router_id": "c4306913-4901-472c-abd4-86639f55ec4c", "fixed_ip_address": "10.100.0.3", "floating_ip_address": "172.24.4.16", "tenant_id": "40f1a3bcab914a35ad5641ddccaf21b8", "status": "DOWN", "port_id": "b6eac7cc-634c-40e4-a144-6d44dcc52190", "id": "0f532aed-7b69-49d3-ad74-38721b6a8930"}}
2015-11-18 17:26:18,501 26549 INFO     [tempest_lib.common.rest_client] Request (TestNetworkBasicOps:test_update_instance_port_admin_state): 200 GET http://10.0.2.15:9696/v2.0/floatingips/0f532aed-7b69-49d3-ad74-38721b6a8930 0.012s
2015-11-18 17:26:18,501 26549 DEBUG    [tempest_lib.common.rest_client] Request - Headers: {'Content-Type': 'application/json', 'Accept': 'application/json', 'X-Auth-Token': '&lt;omitted&gt;'}
        Body: None
    Response - Headers: {'status': '200', 'content-length': '370', 'content-location': 'http://10.0.2.15:9696/v2.0/floatingips/0f532aed-7b69-49d3-ad74-38721b6a8930', 'connection': 'close', 'date': 'Wed, 18 Nov 2015 17:26:18 GMT', 'content-type': 'application/json; charset=UTF-8', 'x-openstack-request-id': 'req-6a057237-d4b0-4925-872c-6b10aa876529'}
        Body: {"floatingip": {"floating_network_id": "b3a09b13-925b-4fa7-acb5-66ce32dea857", "router_id": "c4306913-4901-472c-abd4-86639f55ec4c", "fixed_ip_address": "10.100.0.3", "floating_ip_address": "172.24.4.16", "tenant_id": "40f1a3bcab914a35ad5641ddccaf21b8", "status": "ACTIVE", "port_id": "b6eac7cc-634c-40e4-a144-6d44dcc52190", "id": "0f532aed-7b69-49d3-ad74-38721b6a8930"}}
2015-11-18 17:26:18,502 26549 INFO     [tempest.scenario.manager] FloatingIP: &lt;"FloatingIP" addr="172.24.4.16" id="0f532aed-7b69-49d3-ad74-38721b6a8930"&gt; is at status: ACTIVE
2015-11-18 17:26:18,502 26549 DEBUG    [tempest.scenario.manager] checking network connections to IP 172.24.4.16 with user: cirros
2015-11-18 17:26:18,502 26549 DEBUG    [tempest.scenario.manager] TestNetworkBasicOps:test_update_instance_port_admin_state begins to ping 172.24.4.16 in 120 sec and the expected result is reachable
2015-11-18 17:26:39,574 26549 DEBUG    [tempest.scenario.manager] TestNetworkBasicOps:test_update_instance_port_admin_state finishes ping 172.24.4.16 in 120 sec and the ping result is expected
2015-11-18 17:26:39,576 26549 INFO     [tempest_lib.common.ssh] Creating ssh connection to '172.24.4.16' as 'cirros' with public key authentication
2015-11-18 17:26:39,582 26549 WARNING  [tempest_lib.common.ssh] Failed to establish authenticated ssh connection to cirros@172.24.4.16 ([Errno None] Unable to connect to port 22 on  or 172.24.4.16). Number attempts: 1. Retry after 2 seconds.
2015-11-18 17:26:42,094 26549 WARNING  [tempest_lib.common.ssh] Failed to establish authenticated ssh connection to cirros@172.24.4.16 ([Errno None] Unable to connect to port 22 on  or 172.24.4.16). Number attempts: 2. Retry after 3 seconds.
2015-11-18 17:26:45,690 26549 INFO     [paramiko.transport] Connected (version 2.0, client dropbear_2012.55)
2015-11-18 17:26:46,038 26549 INFO     [paramiko.transport] Authentication (publickey) successful!
2015-11-18 17:26:46,044 26549 INFO     [tempest_lib.common.ssh] ssh connection to cirros@172.24.4.16 successfuly created
2015-11-18 17:26:46,386 26549 INFO     [tempest_lib.common.rest_client] Request (TestNetworkBasicOps:test_update_instance_port_admin_state): 200 PUT http://10.0.2.15:9696/v2.0/ports/b6eac7cc-634c-40e4-a144-6d44dcc52190 0.225s
2015-11-18 17:26:46,386 26549 DEBUG    [tempest_lib.common.rest_client] Request - Headers: {'Content-Type': 'application/json', 'Accept': 'application/json', 'X-Auth-Token': '&lt;omitted&gt;'}
        Body: {"port": {"admin_state_up": false}}
    Response - Headers: {'status': '200', 'content-length': '750', 'connection': 'close', 'date': 'Wed, 18 Nov 2015 17:26:46 GMT', 'content-type': 'application/json; charset=UTF-8', 'x-openstack-request-id': 'req-03b63513-1fe1-435f-a085-d4d8611d1799'}
        Body: {"port": {"status": "ACTIVE", "name": "", "allowed_address_pairs": [], "admin_state_up": false, "network_id": "c8efa03a-71ca-4bb5-87a4-96f321713318", "dns_name": "", "extra_dhcp_opts": [], "mac_address": "fa:16:3e:32:a0:0d", "dns_assignment": [{"hostname": "host-10-100-0-3", "ip_address": "10.100.0.3", "fqdn": "host-10-100-0-3.openstacklocal."}], "binding:vnic_type": "normal", "device_owner": "compute:None", "tenant_id": "40f1a3bcab914a35ad5641ddccaf21b8", "port_security_enabled": true, "fixed_ips": [{"subnet_id": "793b7e4c-8587-40fd-a28f-12e19f2cd082", "ip_address": "10.100.0.3"}], "id": "b6eac7cc-634c-40e4-a144-6d44dcc52190", "security_groups": ["33bd43e7-596b-44b8-86e5-2bcb40703579"], "device_id": "a77c5ab6-22dd-46ed-ac43-5ac0694b5035"}}
2015-11-18 17:26:46,387 26549 DEBUG    [tempest.scenario.manager] checking network connections to IP 172.24.4.16 with user: cirros
2015-11-18 17:26:46,387 26549 DEBUG    [tempest.scenario.manager] TestNetworkBasicOps:test_update_instance_port_admin_state begins to ping 172.24.4.16 in 120 sec and the expected result is unreachable
2015-11-18 17:28:47,103 26549 DEBUG    [tempest.scenario.manager] TestNetworkBasicOps:test_update_instance_port_admin_state finishes ping 172.24.4.16 in 120 sec and the ping result is unexpected
2015-11-18 17:28:47,104 26549 ERROR    [tempest.scenario.manager] Public network connectivity check failed: after updating admin_state_up of instance port to False
2015-11-18 17:28:47.104 26549 ERROR tempest.scenario.manager Traceback (most recent call last):
2015-11-18 17:28:47.104 26549 ERROR tempest.scenario.manager   File "tempest/scenario/manager.py", line 555, in check_public_network_connectivity
2015-11-18 17:28:47.104 26549 ERROR tempest.scenario.manager     should_connect=should_connect)
2015-11-18 17:28:47.104 26549 ERROR tempest.scenario.manager   File "tempest/scenario/manager.py", line 539, in check_vm_connectivity
2015-11-18 17:28:47.104 26549 ERROR tempest.scenario.manager     msg=msg)
2015-11-18 17:28:47.104 26549 ERROR tempest.scenario.manager   File "/usr/local/lib/python2.7/dist-packages/unittest2/case.py", line 702, in assertTrue
2015-11-18 17:28:47.104 26549 ERROR tempest.scenario.manager     raise self.failureException(msg)
2015-11-18 17:28:47.104 26549 ERROR tempest.scenario.manager AssertionError: False is not true : ip address 172.24.4.16 is reachable
2015-11-18 17:28:47.104 26549 ERROR tempest.scenario.manager 
2015-11-18 17:28:47,305 26549 INFO     [tempest_lib.common.rest_client] Request (TestNetworkBasicOps:test_update_instance_port_admin_state): 200 POST http://10.0.2.15:8774/v2.1/40f1a3bcab914a35ad5641ddccaf21b8/servers/a77c5ab6-22dd-46ed-ac43-5ac0694b5035/action 0.197s
2015-11-18 17:28:47,306 26549 DEBUG    [tempest_lib.common.rest_client] Request - Headers: {'Content-Type': 'application/json', 'Accept': 'application/json', 'X-Auth-Token': '&lt;omitted&gt;'}
        Body: {"os-getConsoleOutput": {}}
    Response - Headers: {'status': '200', 'content-length': '19790', 'x-compute-request-id': 'req-11c68682-d7de-4366-949d-eaabe3cfcd2a', 'vary': 'X-OpenStack-Nova-API-Version', 'connection': 'close', 'x-openstack-nova-api-version': '2.1', 'date': 'Wed, 18 Nov 2015 17:28:47 GMT', 'content-type': 'application/json'}
        Body: {"output": "[    0.000000] Initializing cgroup subsys cpuset\n[    0.000000] Initializing cgroup subsys cpu\n[    0.000000] Linux version 3.2.0-80-virtual (buildd@batsu) (gcc version 4.6.3 (Ubuntu/Linaro 4.6.3-1ubuntu5) ) #116-Ubuntu SMP Mon Mar 23 17:28:52 UTC 2015 (Ubuntu 3.2.0-80.116-virtual 3.2.68)\n[    0.000000] Command line: root=/dev/vda console=tty0 console=ttyS0 no_timer_check\n[    0.000000] KERNEL supported cpus:\n[    0.000000]   Intel GenuineIntel\n[    0.000000]   AMD AuthenticAMD\n[    0.000000]   Centaur CentaurHauls\n[    0.000000] BIOS-provided physical RAM map:\n[    0.000000]  BIOS-e820: 0000000000000000 - 000000000009fc00 (usable)\n[    0.000000]  BIOS-e820: 000000000009fc00 - 00000000000a0000 (reserved)\n[    0.000000]  BIOS-e820: 00000000000f0000 - 0000000000100000 (reserved)\n[    0.000000]  BIOS-e820: 0000000000100000 - 0000000003ffe000 (usable)\n[    0.000000]  BIOS-e820: 0000000003ffe000 - 0000000004000000 (reserved)\n[    0.000000]  BIOS-e820: 00000000fffc0000 - 0000000100000000 (reserved)\n[    0.000000] NX (Execute Disable) protection: active\n[    0.000000] SMBIOS 2.4 present.\n[    0.000000] No AGP bridge found\n[    0.000000] last_pfn = 0x3ffe max_arch_pfn = 0x400000000\n[    0.000000] x86 PAT enabled: cpu 0, old 0x7040600070406, new 0x7010600070106\n[    0.000000] found SMP MP-table at [ffff8800000f0b00] f0b00\n[    0.000000] init_memory_mapping: 0000000000000000-0000000003ffe000\n[    0.000000] RAMDISK: 03c5e000 - 03ff0000\n[    0.000000] ACPI: RSDP 00000000000f0950 00014 (v00 BOCHS )\n[    0.000000] ACPI: RSDT 0000000003fffbc1 00034 (v01 BOCHS  BXPCRSDT 00000001 BXPC 00000001)\n[    0.000000] ACPI: FACP 0000000003fff1c0 00074 (v01 BOCHS  BXPCFACP 00000001 BXPC 00000001)\n[    0.000000] ACPI: DSDT 0000000003ffe040 01180 (v01 BOCHS  BXPCDSDT 00000001 BXPC 00000001)\n[    0.000000] ACPI: FACS 0000000003ffe000 00040\n[    0.000000] ACPI: SSDT 0000000003fff234 008DD (v01 BOCHS  BXPCSSDT 00000001 BXPC 00000001)\n[    0.000000] ACPI: APIC 0000000003fffb11 00078 (v01 BOCHS  BXPCAPIC 00000001 BXPC 00000001)\n[    0.000000] ACPI: HPET 0000000003fffb89 00038 (v01 BOCHS  BXPCHPET 00000001 BXPC 00000001)\n[    0.000000] No NUMA configuration found\n[    0.000000] Faking a node at 0000000000000000-0000000003ffe000\n[    0.000000] Initmem setup node 0 0000000000000000-0000000003ffe000\n[    0.000000]   NODE_DATA [0000000003ff6000 - 0000000003ffafff]\n[    0.000000] Zone PFN ranges:\n[    0.000000]   DMA      0x00000010 -&gt; 0x00001000\n[    0.000000]   DMA32    0x00001000 -&gt; 0x00100000\n[    0.000000]   Normal   empty\n[    0.000000] Movable zone start PFN for each node\n[    0.000000] early_node_map[2] active PFN ranges\n[    0.000000]     0: 0x00000010 -&gt; 0x0000009f\n[    0.000000]     0: 0x00000100 -&gt; 0x00003ffe\n[    0.000000] ACPI: PM-Timer IO Port: 0xb008\n[    0.000000] ACPI: LAPIC (acpi_id[0x00] lapic_id[0x00] enabled)\n[    0.000000] ACPI: LAPIC_NMI (acpi_id[0xff] dfl dfl lint[0x1])\n[    0.000000] ACPI: IOAPIC (id[0x00] address[0xfec00000] gsi_base[0])\n[    0.000000] IOAPIC[0]: apic_id 0, version 17, address 0xfec00000, GSI 0-23\n[    0.000000] ACPI: INT_SRC_OVR (bus 0 bus_irq 0 global_irq 2 dfl dfl)\n[    0.000000] ACPI: INT_SRC_OVR (bus 0 bus_irq 5 global_irq 5 high level)\n[    0.000000] ACPI: INT_SRC_OVR (bus 0 bus_irq 9 global_irq 9 high level)\n[    0.000000] ACPI: INT_SRC_OVR (bus 0 bus_irq 10 global_irq 10 high level)\n[    0.000000] ACPI: INT_SRC_OVR (bus 0 bus_irq 11 global_irq 11 high level)\n[    0.000000] Using ACPI (MADT) for SMP configuration information\n[    0.000000] ACPI: HPET id: 0x8086a201 base: 0xfed00000\n[    0.000000] SMP: Allowing 1 CPUs, 0 hotplug CPUs\n[    0.000000] PM: Registered nosave memory: 000000000009f000 - 00000000000a0000\n[    0.000000] PM: Registered nosave memory: 00000000000a0000 - 00000000000f0000\n[    0.000000] PM: Registered nosave memory: 00000000000f0000 - 0000000000100000\n[    0.000000] Allocating PCI resources starting at 4000000 (gap: 4000000:fbfc0000)\n[    0.000000] Booting paravirtualized kernel on bare hardware\n[    0.000000] setup_pe
2015-11-18 17:28:47,311 26549 DEBUG    [tempest.scenario.manager] Console output for a77c5ab6-22dd-46ed-ac43-5ac0694b5035
body=
[    0.000000] Initializing cgroup subsys cpuset
[    0.000000] Initializing cgroup subsys cpu
[    0.000000] Linux version 3.2.0-80-virtual (buildd@batsu) (gcc version 4.6.3 (Ubuntu/Linaro 4.6.3-1ubuntu5) ) #116-Ubuntu SMP Mon Mar 23 17:28:52 UTC 2015 (Ubuntu 3.2.0-80.116-virtual 3.2.68)
[    0.000000] Command line: root=/dev/vda console=tty0 console=ttyS0 no_timer_check
[    0.000000] KERNEL supported cpus:
[    0.000000]   Intel GenuineIntel
[    0.000000]   AMD AuthenticAMD
[    0.000000]   Centaur CentaurHauls
[    0.000000] BIOS-provided physical RAM map:
[    0.000000]  BIOS-e820: 0000000000000000 - 000000000009fc00 (usable)
[    0.000000]  BIOS-e820: 000000000009fc00 - 00000000000a0000 (reserved)
[    0.000000]  BIOS-e820: 00000000000f0000 - 0000000000100000 (reserved)
[    0.000000]  BIOS-e820: 0000000000100000 - 0000000003ffe000 (usable)
[    0.000000]  BIOS-e820: 0000000003ffe000 - 0000000004000000 (reserved)
[    0.000000]  BIOS-e820: 00000000fffc0000 - 0000000100000000 (reserved)
[    0.000000] NX (Execute Disable) protection: active
[    0.000000] SMBIOS 2.4 present.
[    0.000000] No AGP bridge found
[    0.000000] last_pfn = 0x3ffe max_arch_pfn = 0x400000000
[    0.000000] x86 PAT enabled: cpu 0, old 0x7040600070406, new 0x7010600070106
[    0.000000] found SMP MP-table at [ffff8800000f0b00] f0b00
[    0.000000] init_memory_mapping: 0000000000000000-0000000003ffe000
[    0.000000] RAMDISK: 03c5e000 - 03ff0000
[    0.000000] ACPI: RSDP 00000000000f0950 00014 (v00 BOCHS )
[    0.000000] ACPI: RSDT 0000000003fffbc1 00034 (v01 BOCHS  BXPCRSDT 00000001 BXPC 00000001)
[    0.000000] ACPI: FACP 0000000003fff1c0 00074 (v01 BOCHS  BXPCFACP 00000001 BXPC 00000001)
[    0.000000] ACPI: DSDT 0000000003ffe040 01180 (v01 BOCHS  BXPCDSDT 00000001 BXPC 00000001)
[    0.000000] ACPI: FACS 0000000003ffe000 00040
[    0.000000] ACPI: SSDT 0000000003fff234 008DD (v01 BOCHS  BXPCSSDT 00000001 BXPC 00000001)
[    0.000000] ACPI: APIC 0000000003fffb11 00078 (v01 BOCHS  BXPCAPIC 00000001 BXPC 00000001)
[    0.000000] ACPI: HPET 0000000003fffb89 00038 (v01 BOCHS  BXPCHPET 00000001 BXPC 00000001)
[    0.000000] No NUMA configuration found
[    0.000000] Faking a node at 0000000000000000-0000000003ffe000
[    0.000000] Initmem setup node 0 0000000000000000-0000000003ffe000
[    0.000000]   NODE_DATA [0000000003ff6000 - 0000000003ffafff]
[    0.000000] Zone PFN ranges:
[    0.000000]   DMA      0x00000010 -&gt; 0x00001000
[    0.000000]   DMA32    0x00001000 -&gt; 0x00100000
[    0.000000]   Normal   empty
[    0.000000] Movable zone start PFN for each node
[    0.000000] early_node_map[2] active PFN ranges
[    0.000000]     0: 0x00000010 -&gt; 0x0000009f
[    0.000000]     0: 0x00000100 -&gt; 0x00003ffe
[    0.000000] ACPI: PM-Timer IO Port: 0xb008
[    0.000000] ACPI: LAPIC (acpi_id[0x00] lapic_id[0x00] enabled)
[    0.000000] ACPI: LAPIC_NMI (acpi_id[0xff] dfl dfl lint[0x1])
[    0.000000] ACPI: IOAPIC (id[0x00] address[0xfec00000] gsi_base[0])
[    0.000000] IOAPIC[0]: apic_id 0, version 17, address 0xfec00000, GSI 0-23
[    0.000000] ACPI: INT_SRC_OVR (bus 0 bus_irq 0 global_irq 2 dfl dfl)
[    0.000000] ACPI: INT_SRC_OVR (bus 0 bus_irq 5 global_irq 5 high level)
[    0.000000] ACPI: INT_SRC_OVR (bus 0 bus_irq 9 global_irq 9 high level)
[    0.000000] ACPI: INT_SRC_OVR (bus 0 bus_irq 10 global_irq 10 high level)
[    0.000000] ACPI: INT_SRC_OVR (bus 0 bus_irq 11 global_irq 11 high level)
[    0.000000] Using ACPI (MADT) for SMP configuration information
[    0.000000] ACPI: HPET id: 0x8086a201 base: 0xfed00000
[    0.000000] SMP: Allowing 1 CPUs, 0 hotplug CPUs
[    0.000000] PM: Registered nosave memory: 000000000009f000 - 00000000000a0000
[    0.000000] PM: Registered nosave memory: 00000000000a0000 - 00000000000f0000
[    0.000000] PM: Registered nosave memory: 00000000000f0000 - 0000000000100000
[    0.000000] Allocating PCI resources starting at 4000000 (gap: 4000000:fbfc0000)
[    0.000000] Booting paravirtualized kernel on bare hardware
[    0.000000] setup_percpu: NR_CPUS:64 nr_cpumask_bits:64 nr_cpu_ids:1 nr_node_ids:1
[    0.000000] PERCPU: Embedded 27 pages/cpu @ffff880003a00000 s78848 r8192 d23552 u2097152
[    0.000000] Built 1 zonelists in Node order, mobility grouping on.  Total pages: 16008
[    0.000000] Policy zone: DMA32
[    0.000000] Kernel command line: root=/dev/vda console=tty0 console=ttyS0 no_timer_check
[    0.000000] PID hash table entries: 256 (order: -1, 2048 bytes)
[    0.000000] Checking aperture...
[    0.000000] No AGP bridge found
[    0.000000] Memory: 43492k/65528k available (6576k kernel code, 452k absent, 21584k reserved, 6620k data, 928k init)
[    0.000000] SLUB: Genslabs=15, HWalign=64, Order=0-3, MinObjects=0, CPUs=1, Nodes=1
[    0.000000] Hierarchical RCU implementation.
[    0.000000] 	RCU dyntick-idle grace-period acceleration is enabled.
[    0.000000] NR_IRQS:4352 nr_irqs:256 16
[    0.000000] Console: colour VGA+ 80x25
[    0.000000] console [tty0] enabled
[    0.000000] console [ttyS0] enabled
[    0.000000] allocated 1048576 bytes of page_cgroup
[    0.000000] please try 'cgroup_disable=memory' option if you don't want memory cgroups
[    0.000000] Fast TSC calibration failed
[    0.000000] TSC: Unable to calibrate against PIT
[    0.000000] TSC: using HPET reference calibration
[    0.000000] Detected 2281.580 MHz processor.
[    0.037855] Calibrating delay loop (skipped), value calculated using timer frequency.. 4563.16 BogoMIPS (lpj=9126320)
[    0.040240] pid_max: default: 32768 minimum: 301
[    0.049025] Security Framework initialized
[    0.053862] AppArmor: AppArmor initialized
[    0.055478] Yama: becoming mindful.
[    0.068265] Dentry cache hash table entries: 8192 (order: 4, 65536 bytes)
[    0.069955] Inode-cache hash table entries: 4096 (order: 3, 32768 bytes)
[    0.072795] Mount-cache hash table entries: 256
[    0.093380] Initializing cgroup subsys cpuacct
[    0.094952] Initializing cgroup subsys memory
[    0.096741] Initializing cgroup subsys devices
[    0.100175] Initializing cgroup subsys freezer
[    0.100992] Initializing cgroup subsys blkio
[    0.101790] Initializing cgroup subsys perf_event
[    0.110667] mce: CPU supports 10 MCE banks
[    0.116608] SMP alternatives: switching to UP code
[    0.540756] Freeing SMP alternatives: 24k freed
[    0.542435] ACPI: Core revision 20110623
[    0.596318] ftrace: allocating 26610 entries in 105 pages
[    0.635993] ..TIMER: vector=0x30 apic1=0 pin1=2 apic2=-1 pin2=-1
[    0.636195] CPU0: AMD QEMU Virtual CPU version 2.0.0 stepping 03
[    0.644039] Performance Events: Broken PMU hardware detected, using software events only.
[    0.654258] NMI watchdog disabled (cpu0): hardware events not enabled
[    0.657823] Brought up 1 CPUs
[    0.658427] Total of 1 processors activated (4563.16 BogoMIPS).
[    0.690419] devtmpfs: initialized
[    0.740794] EVM: security.selinux
[    0.741306] EVM: security.SMACK64
[    0.742302] EVM: security.capability
[    0.769063] print_constraints: dummy: 
[    0.770984] RTC time: 17:26:19, date: 11/18/15
[    0.774699] NET: Registered protocol family 16
[    0.785954] ACPI: bus type pci registered
[    0.792631] PCI: Using configuration type 1 for base access
[    0.837105] bio: create slab &lt;bio-0&gt; at 0
[    0.844230] ACPI: Added _OSI(Module Device)
[    0.845181] ACPI: Added _OSI(Processor Device)
[    0.845799] ACPI: Added _OSI(3.0 _SCP Extensions)
[    0.848131] ACPI: Added _OSI(Processor Aggregator Device)
[    0.944228] ACPI: Interpreter enabled
[    0.944949] ACPI: (supports S0 S3 S4 S5)
[    0.946972] ACPI: Using IOAPIC for interrupt routing
[    1.028432] ACPI: No dock devices found.
[    1.029134] HEST: Table not found.
[    1.029724] PCI: Using host bridge windows from ACPI; if necessary, use "pci=nocrs" and report a bug
[    1.037969] ACPI: PCI Root Bridge [PCI0] (domain 0000 [bus 00-ff])
[    1.044893] pci_root PNP0A03:00: host bridge window [io  0x0000-0x0cf7]
[    1.045985] pci_root PNP0A03:00: host bridge window [io  0x0d00-0xadff]
[    1.047024] pci_root PNP0A03:00: host bridge window [io  0xae0f-0xaeff]
[    1.048132] pci_root PNP0A03:00: host bridge window [io  0xaf20-0xafdf]
[    1.049399] pci_root PNP0A03:00: host bridge window [io  0xafe4-0xffff]
[    1.052158] pci_root PNP0A03:00: host bridge window [mem 0x000a0000-0x000bffff]
[    1.053329] pci_root PNP0A03:00: host bridge window [mem 0x04000000-0xfebfffff]
[    1.078815] pci 0000:00:01.3: quirk: [io  0xb000-0xb03f] claimed by PIIX4 ACPI
[    1.080342] pci 0000:00:01.3: quirk: [io  0xb100-0xb10f] claimed by PIIX4 SMB
[    1.161499]  pci0000:00: Unable to request _OSC control (_OSC support mask: 0x1e)
[    1.226251] ACPI: PCI Interrupt Link [LNKA] (IRQs 5 *10 11)
[    1.229688] ACPI: PCI Interrupt Link [LNKB] (IRQs 5 *10 11)
[    1.232808] ACPI: PCI Interrupt Link [LNKC] (IRQs 5 10 *11)
[    1.234727] ACPI: PCI Interrupt Link [LNKD] (IRQs 5 10 *11)
[    1.236337] ACPI: PCI Interrupt Link [LNKS] (IRQs *9)
[    1.245428] vgaarb: device added: PCI:0000:00:02.0,decodes=io+mem,owns=io+mem,locks=none
[    1.246603] vgaarb: loaded
[    1.247532] vgaarb: bridge control possible 0000:00:02.0
[    1.252274] i2c-core: driver [aat2870] using legacy suspend method
[    1.253000] i2c-core: driver [aat2870] using legacy resume method
[    1.257257] SCSI subsystem initialized
[    1.261548] usbcore: registered new interface driver usbfs
[    1.264299] usbcore: registered new interface driver hub
[    1.265750] usbcore: registered new device driver usb
[    1.270349] PCI: Using ACPI for IRQ routing
[    1.281956] NetLabel: Initializing
[    1.284154] NetLabel:  domain hash size = 128
[    1.284792] NetLabel:  protocols = UNLABELED CIPSOv4
[    1.288520] NetLabel:  unlabeled traffic allowed by default
[    1.290647] HPET: 3 timers in total, 0 timers will be used for per-cpu timer
[    1.292448] hpet0: at MMIO 0xfed00000, IRQs 2, 8, 0
[    1.293421] hpet0: 3 comparators, 64-bit 100.000000 MHz counter
[    1.312367] Switching to clocksource hpet
[    1.650401] AppArmor: AppArmor Filesystem Enabled
[    1.651949] pnp: PnP ACPI init
[    1.653828] ACPI: bus type pnp registered
[    1.690506] pnp: PnP ACPI: found 9 devices
[    1.691269] ACPI: ACPI bus type pnp unregistered
[    1.771961] NET: Registered protocol family 2
[    1.819807] IP route cache hash table entries: 512 (order: 0, 4096 bytes)
[    1.830279] TCP established hash table entries: 2048 (order: 3, 32768 bytes)
[    1.831856] TCP bind hash table entries: 2048 (order: 3, 32768 bytes)
[    1.834236] TCP: Hash tables configured (established 2048 bind 2048)
[    1.835152] TCP reno registered
[    1.835764] UDP hash table entries: 128 (order: 0, 4096 bytes)
[    1.839512] UDP-Lite hash table entries: 128 (order: 0, 4096 bytes)
[    1.846458] NET: Registered protocol family 1
[    1.847404] pci 0000:00:00.0: Limiting direct PCI/PCI transfers
[    1.848321] pci 0000:00:01.0: PIIX3: Enabling Passive Release
[    1.852012] pci 0000:00:01.0: Activating ISA DMA hang workarounds
[    1.860121] ACPI: PCI Interrupt Link [LNKD] enabled at IRQ 11
[    1.862517] pci 0000:00:01.2: PCI INT D -&gt; Link[LNKD] -&gt; GSI 11 (level, high) -&gt; IRQ 11
[    1.864065] pci 0000:00:01.2: PCI INT D disabled
[    1.888717] Trying to unpack rootfs image as initramfs...
[    1.907704] audit: initializing netlink socket (disabled)
[    1.910557] type=2000 audit(1447867579.908:1): initialized
[    2.230225] HugeTLB registered 2 MB page size, pre-allocated 0 pages
[    2.352095] VFS: Disk quotas dquot_6.5.2
[    2.355638] Dquot-cache hash table entries: 512 (order 0, 4096 bytes)
[    2.378310] fuse init (API version 7.17)
[    2.382141] msgmni has been set to 84
[    2.432129] Block layer SCSI generic (bsg) driver version 0.4 loaded (major 253)
[    2.435327] io scheduler noop registered
[    2.435950] io scheduler deadline registered (default)
[    2.438303] io scheduler cfq registered
[    2.443493] pci_hotplug: PCI Hot Plug PCI Core version: 0.5
[    2.446536] pciehp: PCI Express Hot Plug Controller Driver version: 0.4
[    2.454019] input: Power Button as /devices/LNXSYSTM:00/LNXPWRBN:00/input/input0
[    2.456334] ACPI: Power Button [PWRF]
[    2.523081] ERST: Table is not found!
[    2.523689] GHES: HEST is not enabled!
[    2.535881] ACPI: PCI Interrupt Link [LNKC] enabled at IRQ 10
[    2.537516] virtio-pci 0000:00:03.0: PCI INT A -&gt; Link[LNKC] -&gt; GSI 10 (level, high) -&gt; IRQ 10
[    2.542574] virtio-pci 0000:00:04.0: PCI INT A -&gt; Link[LNKD] -&gt; GSI 11 (level, high) -&gt; IRQ 11
[    2.554504] ACPI: PCI Interrupt Link [LNKA] enabled at IRQ 10
[    2.555268] virtio-pci 0000:00:05.0: PCI INT A -&gt; Link[LNKA] -&gt; GSI 10 (level, high) -&gt; IRQ 10
[    2.574818] Serial: 8250/16550 driver, 32 ports, IRQ sharing enabled
[    2.633944] serial8250: ttyS0 at I/O 0x3f8 (irq = 4) is a 16550A
[    2.751495] serial8250: ttyS1 at I/O 0x2f8 (irq = 3) is a 16550A
[    2.919501] 00:05: ttyS0 at I/O 0x3f8 (irq = 4) is a 16550A
[    2.921713] Refined TSC clocksource calibration: 2283.890 MHz.
[    2.922544] Switching to clocksource tsc
[    3.022137] 00:06: ttyS1 at I/O 0x2f8 (irq = 3) is a 16550A
[    3.080084] Linux agpgart interface v0.103
[    3.152150] brd: module loaded
[    3.203114] loop: module loaded
[    3.262617]  vda: unknown partition table
[    3.327891] scsi0 : ata_piix
[    3.337068] scsi1 : ata_piix
[    3.339141] ata1: PATA max MWDMA2 cmd 0x1f0 ctl 0x3f6 bmdma 0xc0a0 irq 14
[    3.340084] ata2: PATA max MWDMA2 cmd 0x170 ctl 0x376 bmdma 0xc0a8 irq 15
[    3.354816] Fixed MDIO Bus: probed
[    3.355674] tun: Universal TUN/TAP device driver, 1.6
[    3.356657] tun: (C) 1999-2004 Max Krasnyansky &lt;maxk@qualcomm.com&gt;
[    3.374463] PPP generic driver version 2.4.2
[    3.400450] ehci_hcd: USB 2.0 'Enhanced' Host Controller (EHCI) Driver
[    3.403201] ohci_hcd: USB 1.1 'Open' Host Controller (OHCI) Driver
[    3.404872] uhci_hcd: USB Universal Host Controller Interface driver
[    3.407453] uhci_hcd 0000:00:01.2: PCI INT D -&gt; Link[LNKD] -&gt; GSI 11 (level, high) -&gt; IRQ 11
[    3.412057] uhci_hcd 0000:00:01.2: UHCI Host Controller
[    3.430595] uhci_hcd 0000:00:01.2: new USB bus registered, assigned bus number 1
[    3.433734] uhci_hcd 0000:00:01.2: irq 11, io base 0x0000c040
[    3.466492] hub 1-0:1.0: USB hub found
[    3.468135] hub 1-0:1.0: 2 ports detected
[    3.478900] usbcore: registered new interface driver libusual
[    3.483149] i8042: PNP: PS/2 Controller [PNP0303:KBD,PNP0f13:MOU] at 0x60,0x64 irq 1,12
[    3.499127] serio: i8042 KBD port at 0x60,0x64 irq 1
[    3.502350] serio: i8042 AUX port at 0x60,0x64 irq 12
[    3.584767] mousedev: PS/2 mouse device common for all mice
[    3.597192] ata2.01: ATAPI: QEMU DVD-ROM, 2.0.0, max UDMA/100
[    3.623188] input: AT Translated Set 2 keyboard as /devices/platform/i8042/serio0/input/input1
[    3.636078] rtc_cmos 00:01: RTC can wake from S4
[    3.649208] rtc_cmos 00:01: rtc core: registered rtc_cmos as rtc0
[    3.654877] rtc0: alarms up to one day, 114 bytes nvram, hpet irqs
[    3.663013] device-mapper: uevent: version 1.0.3
[    3.686876] ata2.01: configured for MWDMA2
[    3.738179] scsi 1:0:1:0: CD-ROM            QEMU     QEMU DVD-ROM     2.0. PQ: 0 ANSI: 5
[    3.752921] device-mapper: ioctl: 4.22.0-ioctl (2011-10-19) initialised: dm-devel@redhat.com
[    3.756801] cpuidle: using governor ladder
[    3.759404] cpuidle: using governor menu
[    3.761560] EFI Variables Facility v0.08 2004-May-17
[    3.770448] TCP cubic registered
[    3.774769] NET: Registered protocol family 10
[    3.807072] NET: Registered protocol family 17
[    3.808050] Registering the dns_resolver key type
[    3.830726] sr0: scsi3-mmc drive: 4x/4x cd/rw xa/form2 tray
[    3.832404] cdrom: Uniform CD-ROM driver Revision: 3.20
[    3.848912] sr 1:0:1:0: Attached scsi generic sg0 type 5
[    3.906957] Freeing initrd memory: 3656k freed
[    3.923581] registered taskstats version 1
[    4.488019]   Magic number: 7:561:441
[    4.512815] rtc_cmos 00:01: setting system clock to 2015-11-18 17:26:23 UTC (1447867583)
[    4.516621] powernow-k8: Processor cpuid 663 not supported
[    4.527484] BIOS EDD facility v0.16 2004-Jun-25, 0 devices found
[    4.530284] EDD information not available.
[    4.627508] Freeing unused kernel memory: 928k freed
[    4.631906] Write protecting the kernel read-only data: 12288k
[    4.775569] Freeing unused kernel memory: 1596k freed
[    4.883732] Freeing unused kernel memory: 1184k freed

info: initramfs: up at 5.10
modprobe: module virtio_blk not found in modules.dep
modprobe: module virtio_net not found in modules.dep
info: copying initramfs to /dev/vda
info: initramfs loading root from /dev/vda
info: /etc/init.d/rc.sysinit: up at 10.41
info: container: none
Starting logging: OK
modprobe: module virtio_blk not found in modules.dep
modprobe: module virtio_net not found in modules.dep
WARN: /etc/rc3.d/S10-load-modules failed
Initializing random number generator... done.
Starting acpid: OK
cirros-ds 'local' up at 13.51
found datasource (configdrive, local)
Starting network...
udhcpc (v1.20.1) started
Sending discover...
Sending select for 10.100.0.3...
Lease of 10.100.0.3 obtained, lease time 86400
route: SIOCADDRT: File exists
WARN: failed: route add -net "0.0.0.0/0" gw "10.100.0.1"
Starting dropbear sshd: generating rsa key... generating dsa key... OK
no userdata for datasource
=== system information ===
Platform: OpenStack Foundation OpenStack Nova
Container: none
Arch: x86_64
CPU(s): 1 @ 2281.580 MHz
Cores/Sockets/Threads: 1/1/1
Virt-type: AMD-V
RAM Size: 49MB
Disks:
NAME MAJ:MIN     SIZE LABEL         MOUNTPOINT
vda  253:0   25165824 cirros-rootfs /
sr0   11:0     428032 config-2      
=== sshd host keys ===
-----BEGIN SSH HOST KEY KEYS-----
ssh-rsa AAAAB3NzaC1yc2EAAAADAQABAAAAgwCzkBCPPxoCnVLp7Uex4QYPdfUfX/O8dZv/YnKM0lonwB0RS45UGILUH/Lr/BXjhvPQXEBI3GNOzyWy11Wu/Bk1wfs1COKIqeHCdjerbyXUunBveq4PdmBQsEWj/U34sgjLSVR96Gvt1ukqr1hkZFPCeGi3rJZs7OOT/N2AOJCFM3gZ root@tempest-server-smoke-762829298
ssh-dss AAAAB3NzaC1kc3MAAACBANq5gpHdUv3oY4sIvOlnbLlUF5PuUDR/8bLOgaRRKGoIULolui6S7ZbiyQpHjrqQTZqj0LSjzst1hIyJ3pbHTb2ttDNn8po2uuNzu3ej+df8HC2rfkTsj+gg2R/hTCfqQVeKr1a6Cc0wh94rK5Do3xUUSfgq+8Fo1Vu8iVcTpXRTAAAAFQCwpRhvHG422XI0nu/6z247iccDMQAAAIEAmO+VJmVGlIR2jXMVZiBHf6WHWxR8O2cFfqohZMkFUlVPzsXsZve/qCQXtyFC/WfHWV8e3wpnh9PwU3XvE8GvuMVc2EffbqS98JUiPyH+l8jKUo8hw+FB1ljFffnEM4EC7fzQFdsg7rjWlcrFIq8c6pTNUjj1hInfiGCxxVgNOxoAAACBALPeh1Eo+QFlsvQ4JG8pWEoJm05WcVBBn02qpGmrKMtVL9klk93A8H9lUrC166xrw0dyMZNhY+lpan7trvc13jk9tzju8ah0deMphCllFZ7rZesLb2Rp+iVT8kxLzrCQF+2oN3TAFVIXp/sFeLUuWIeVefCk2ryJZFy8ePxgWrHX root@tempest-server-smoke-762829298
-----END SSH HOST KEY KEYS-----
=== network info ===
if-info: lo,up,127.0.0.1,8,::1
if-info: eth0,up,10.100.0.3,28,fe80::f816:3eff:fe32:a00d
ip-route:default via 10.100.0.1 dev eth0 
ip-route:10.100.0.0/28 dev eth0  src 10.100.0.3 
ip-route:169.254.169.254 via 10.100.0.1 dev eth0 
=== datasource: configdrive local ===
instance-id: a77c5ab6-22dd-46ed-ac43-5ac0694b5035
name: tempest-server-smoke-762829298
availability-zone: nova
local-hostname: tempest-server-smoke-762829298.novalocal
launch-index: 0
=== cirros: current=0.3.4 uptime=27.96 ===
  ____               ____  ____
 / __/ __ ____ ____ / __ \/ __/
/ /__ / // __// __// /_/ /\ \ 
\___//_//_/  /_/   \____/___/ 
   http://cirros-cloud.net


login as 'cirros' user. default password: 'cubswin:)'. use 'sudo' for root.
tempest-server-smoke-762829298 login: 
2015-11-18 17:28:47,513 26549 INFO     [tempest_lib.common.rest_client] Request (TestNetworkBasicOps:_run_cleanups): 204 DELETE http://10.0.2.15:9696/v2.0/floatingips/0f532aed-7b69-49d3-ad74-38721b6a8930 0.197s
2015-11-18 17:28:47,514 26549 DEBUG    [tempest_lib.common.rest_client] Request - Headers: {'Content-Type': 'application/json', 'Accept': 'application/json', 'X-Auth-Token': '&lt;omitted&gt;'}
        Body: None
    Response - Headers: {'date': 'Wed, 18 Nov 2015 17:28:47 GMT', 'status': '204', 'connection': 'close', 'content-length': '0', 'x-openstack-request-id': 'req-9e902c23-f779-4d6e-97bb-8c80d8f6790a'}
        Body: 
2015-11-18 17:28:47,730 26549 INFO     [tempest_lib.common.rest_client] Request (TestNetworkBasicOps:_run_cleanups): 204 DELETE http://10.0.2.15:8774/v2.1/40f1a3bcab914a35ad5641ddccaf21b8/servers/a77c5ab6-22dd-46ed-ac43-5ac0694b5035 0.216s
2015-11-18 17:28:47,731 26549 DEBUG    [tempest_lib.common.rest_client] Request - Headers: {'Content-Type': 'application/json', 'Accept': 'application/json', 'X-Auth-Token': '&lt;omitted&gt;'}
        Body: None
    Response - Headers: {'status': '204', 'content-length': '0', 'x-compute-request-id': 'req-d64abdc4-13f4-4fe4-af5f-ed8c7bd7223e', 'vary': 'X-OpenStack-Nova-API-Version', 'connection': 'close', 'x-openstack-nova-api-version': '2.1', 'date': 'Wed, 18 Nov 2015 17:28:47 GMT', 'content-type': 'application/json'}
        Body: 
2015-11-18 17:28:47,939 26549 INFO     [tempest_lib.common.rest_client] Request (TestNetworkBasicOps:_run_cleanups): 200 GET http://10.0.2.15:8774/v2.1/40f1a3bcab914a35ad5641ddccaf21b8/servers/a77c5ab6-22dd-46ed-ac43-5ac0694b5035 0.207s
2015-11-18 17:28:47,939 26549 DEBUG    [tempest_lib.common.rest_client] Request - Headers: {'Content-Type': 'application/json', 'Accept': 'application/json', 'X-Auth-Token': '&lt;omitted&gt;'}
        Body: None
    Response - Headers: {'status': '200', 'content-length': '1765', 'content-location': 'http://10.0.2.15:8774/v2.1/40f1a3bcab914a35ad5641ddccaf21b8/servers/a77c5ab6-22dd-46ed-ac43-5ac0694b5035', 'x-compute-request-id': 'req-4f80ba73-8ea0-4216-bf4c-32f45b0d68c5', 'vary': 'X-OpenStack-Nova-API-Version', 'connection': 'close', 'x-openstack-nova-api-version': '2.1', 'date': 'Wed, 18 Nov 2015 17:28:47 GMT', 'content-type': 'application/json'}
        Body: {"server": {"status": "ACTIVE", "updated": "2015-11-18T17:28:47Z", "hostId": "f3088909d3c4be1577654ffb9bbaf28b6595c196498727526cdc5a27", "addresses": {"tempest-network-smoke--948784863": [{"OS-EXT-IPS-MAC:mac_addr": "fa:16:3e:32:a0:0d", "version": 4, "addr": "10.100.0.3", "OS-EXT-IPS:type": "fixed"}, {"OS-EXT-IPS-MAC:mac_addr": "fa:16:3e:32:a0:0d", "version": 4, "addr": "172.24.4.16", "OS-EXT-IPS:type": "floating"}]}, "links": [{"href": "http://10.0.2.15:8774/v2.1/40f1a3bcab914a35ad5641ddccaf21b8/servers/a77c5ab6-22dd-46ed-ac43-5ac0694b5035", "rel": "self"}, {"href": "http://10.0.2.15:8774/40f1a3bcab914a35ad5641ddccaf21b8/servers/a77c5ab6-22dd-46ed-ac43-5ac0694b5035", "rel": "bookmark"}], "key_name": "tempest-TestNetworkBasicOps-1820181458", "image": {"id": "54f5c6a6-19ab-41e5-82d3-e35b538d0244", "links": [{"href": "http://10.0.2.15:8774/40f1a3bcab914a35ad5641ddccaf21b8/images/54f5c6a6-19ab-41e5-82d3-e35b538d0244", "rel": "bookmark"}]}, "OS-EXT-STS:task_state": "deleting", "OS-EXT-STS:vm_state": "active", "OS-SRV-USG:launched_at": "2015-11-18T17:26:15.000000", "flavor": {"id": "42", "links": [{"href": "http://10.0.2.15:8774/40f1a3bcab914a35ad5641ddccaf21b8/flavors/42", "rel": "bookmark"}]}, "id": "a77c5ab6-22dd-46ed-ac43-5ac0694b5035", "security_groups": [{"name": "tempest-secgroup-smoke-1896682251"}], "OS-SRV-USG:terminated_at": null, "OS-EXT-AZ:availability_zone": "nova", "user_id": "1444c7bb174a4f559509dfd92def3328", "name": "tempest-server-smoke-762829298", "created": "2015-11-18T17:26:12Z", "tenant_id": "40f1a3bcab914a35ad5641ddccaf21b8", "OS-DCF:diskConfig": "MANUAL", "os-extended-volumes:volumes_attached": [], "accessIPv4": "", "accessIPv6": "", "progress": 0, "OS-EXT-STS:power_state": 1, "config_drive": "True", "metadata": {}}}
2015-11-18 17:28:49,104 26549 INFO     [tempest_lib.common.rest_client] Request (TestNetworkBasicOps:_run_cleanups): 200 GET http://10.0.2.15:8774/v2.1/40f1a3bcab914a35ad5641ddccaf21b8/servers/a77c5ab6-22dd-46ed-ac43-5ac0694b5035 0.151s
2015-11-18 17:28:49,105 26549 DEBUG    [tempest_lib.common.rest_client] Request - Headers: {'Content-Type': 'application/json', 'Accept': 'application/json', 'X-Auth-Token': '&lt;omitted&gt;'}
        Body: None
    Response - Headers: {'status': '200', 'content-length': '1429', 'content-location': 'http://10.0.2.15:8774/v2.1/40f1a3bcab914a35ad5641ddccaf21b8/servers/a77c5ab6-22dd-46ed-ac43-5ac0694b5035', 'x-compute-request-id': 'req-3e095899-a664-43fd-97ab-a2eb157acc1d', 'vary': 'X-OpenStack-Nova-API-Version', 'connection': 'close', 'x-openstack-nova-api-version': '2.1', 'date': 'Wed, 18 Nov 2015 17:28:49 GMT', 'content-type': 'application/json'}
