<?xml version="1.0" encoding="UTF-8"?>
<!DOCTYPE html PUBLIC "-//W3C//DTD XHTML 1.0 Strict//EN"
     "http://www.w3.org/TR/xhtml1/DTD/xhtml1-strict.dtd">
<html xmlns="http://www.w3.org/1999/xhtml">
<head>
    <title>Unit Test Report</title>
    <meta name="generator" content="subunit2html 0.1"/>
    <meta http-equiv="Content-Type" content="text/html; charset=UTF-8"/>
    
<style type="text/css" media="screen">
body        { font-family: verdana, arial, helvetica, sans-serif;
    font-size: 80%; }
table       { font-size: 100%; width: 100%;}
pre         { font-size: 80%; }

/* -- heading -------------------------------------------------------------- */
h1 {
        font-size: 16pt;
        color: gray;
}
.heading {
    margin-top: 0ex;
    margin-bottom: 1ex;
}

.heading .attribute {
    margin-top: 1ex;
    margin-bottom: 0;
}

.heading .description {
    margin-top: 4ex;
    margin-bottom: 6ex;
}

/* -- css div popup -------------------------------------------------------- */
a.popup_link {
}

a.popup_link:hover {
    color: red;
}

.popup_window {
    display: none;
    overflow-x: scroll;
    /*border: solid #627173 1px; */
    padding: 10px;
    background-color: #E6E6D6;
    font-family: "Ubuntu Mono", "Lucida Console", "Courier New", monospace;
    text-align: left;
    font-size: 8pt;
}

}
/* -- report --------------------------------------------------------------- */
#show_detail_line {
    margin-top: 3ex;
    margin-bottom: 1ex;
}
#result_table {
    width: 100%;
    border-collapse: collapse;
    border: 1px solid #777;
}
#header_row {
    font-weight: bold;
    color: white;
    background-color: #777;
}
#result_table td {
    border: 1px solid #777;
    padding: 2px;
}
#total_row  { font-weight: bold; }
.passClass  { background-color: #6c6; }
.failClass  { background-color: #c60; }
.errorClass { background-color: #c00; }
.passCase   { color: #6c6; }
.failCase   { color: #c60; font-weight: bold; }
.errorCase  { color: #c00; font-weight: bold; }
.hiddenRow  { display: none; }
.testcase   { margin-left: 2em; }
td.testname {width: 40%}
td.small {width: 40px}

/* -- ending --------------------------------------------------------------- */
#ending {
}

</style>

</head>
<body>
<script language="javascript" type="text/javascript"><!--
output_list = Array();

/* level - 0:Summary; 1:Failed; 2:All */
function showCase(level) {
    trs = document.getElementsByTagName("tr");
    for (var i = 0; i < trs.length; i++) {
        tr = trs[i];
        id = tr.id;
        if (id.substr(0,2) == 'ft') {
            if (level < 1) {
                tr.className = 'hiddenRow';
            }
            else {
                tr.className = '';
            }
        }
        if (id.substr(0,2) == 'pt') {
            if (level > 1) {
                tr.className = '';
            }
            else {
                tr.className = 'hiddenRow';
            }
        }
    }
}


function showClassDetail(cid, count) {
    var id_list = Array(count);
    var toHide = 1;
    for (var i = 0; i < count; i++) {
        tid0 = 't' + cid.substr(1) + '.' + (i+1);
        tid = 'f' + tid0;
        tr = document.getElementById(tid);
        if (!tr) {
            tid = 'p' + tid0;
            tr = document.getElementById(tid);
        }
        id_list[i] = tid;
        if (tr.className) {
            toHide = 0;
        }
    }
    for (var i = 0; i < count; i++) {
        tid = id_list[i];
        if (toHide) {
            document.getElementById('div_'+tid).style.display = 'none'
            document.getElementById(tid).className = 'hiddenRow';
        }
        else {
            document.getElementById(tid).className = '';
        }
    }
}


function showTestDetail(div_id){
    var details_div = document.getElementById(div_id)
    var displayState = details_div.style.display
    // alert(displayState)
    if (displayState != 'block' ) {
        displayState = 'block'
        details_div.style.display = 'block'
    }
    else {
        details_div.style.display = 'none'
    }
}


function html_escape(s) {
    s = s.replace(/&/g,'&amp;');
    s = s.replace(/</g,'&lt;');
    s = s.replace(/>/g,'&gt;');
    return s;
}

/* obsoleted by detail in <div>
function showOutput(id, name) {
    var w = window.open("", //url
                    name,
                    "resizable,scrollbars,status,width=800,height=450");
    d = w.document;
    d.write("<pre>");
    d.write(html_escape(output_list[id]));
    d.write("\n");
    d.write("<a href='javascript:window.close()'>close</a>\n");
    d.write("</pre>\n");
    d.close();
}
*/
--></script>

<div class='heading'>
<h1>Unit Test Report</h1>

<p class='attribute'><strong>Status:</strong> Pass 8 Failure 1</p>

<p class='description'></p>
</div>



<p id='show_detail_line'>Show
<a href='javascript:showCase(0)'>Summary</a>
<a href='javascript:showCase(1)'>Failed</a>
<a href='javascript:showCase(2)'>All</a>
</p>
<table id='result_table'>
<colgroup>
<col align='left' />
<col align='right' />
<col align='right' />
<col align='right' />
<col align='right' />
<col align='right' />
<col align='right' />
<col align='right' />
</colgroup>
<tr id='header_row'>
    <td>Test Group/Test case</td>
    <td>Count</td>
    <td>Pass</td>
    <td>Fail</td>
    <td>Error</td>
    <td>Skip</td>
    <td>View</td>
    <td> </td>
</tr>

<tr class='failClass'>
    <td class="testname">tempest.scenario.test_network_basic_ops.TestNetworkBasicOps</td>
    <td class="small">9</td>
    <td class="small">8</td>
    <td class="small">1</td>
    <td class="small">0</td>
    <td class="small">0</td>
    <td class="small"><a href="javascript:showClassDetail('c1',9)"
>Detail</a></td>
    <td> </td>
</tr>

<tr id='pt1.1' class='hiddenRow'>
    <td class='none'><div class='testcase'>test_connectivity_between_vms_on_different_networks[compute,id-1546850e-fbaa-42f5-8b5f-03d8a6a95f15,network]</div></td>
    <td colspan='7' align='left'>

    <!--css div popup start-->
    <a class="popup_link" onfocus='this.blur();'
    href="javascript:showTestDetail('div_pt1.1')" >
        pass</a>

    <div id='div_pt1.1' class="popup_window">
        <div style='text-align: right; color:red;cursor:pointer'>
        <a onfocus='this.blur();'
onclick="document.getElementById('div_pt1.1').style.display = 'none' " >
           [x]</a>
        </div>
        <pre>
        
pt1.1: tempest.scenario.test_network_basic_ops.TestNetworkBasicOps.test_connectivity_between_vms_on_different_networks[compute,id-1546850e-fbaa-42f5-8b5f-03d8a6a95f15,network]

        </pre>
    </div>
    <!--css div popup end-->

    </td>
</tr>

<tr id='pt1.2' class='hiddenRow'>
    <td class='none'><div class='testcase'>test_hotplug_nic[compute,id-c5adff73-e961-41f1-b4a9-343614f18cfa,network]</div></td>
    <td colspan='7' align='left'>

    <!--css div popup start-->
    <a class="popup_link" onfocus='this.blur();'
    href="javascript:showTestDetail('div_pt1.2')" >
        pass</a>

    <div id='div_pt1.2' class="popup_window">
        <div style='text-align: right; color:red;cursor:pointer'>
        <a onfocus='this.blur();'
onclick="document.getElementById('div_pt1.2').style.display = 'none' " >
           [x]</a>
        </div>
        <pre>
        
pt1.2: tempest.scenario.test_network_basic_ops.TestNetworkBasicOps.test_hotplug_nic[compute,id-c5adff73-e961-41f1-b4a9-343614f18cfa,network]

        </pre>
    </div>
    <!--css div popup end-->

    </td>
</tr>

<tr id='pt1.3' class='hiddenRow'>
    <td class='none'><div class='testcase'>test_network_basic_ops[compute,id-f323b3ba-82f8-4db7-8ea6-6a895869ec49,network,smoke]</div></td>
    <td colspan='7' align='left'>

    <!--css div popup start-->
    <a class="popup_link" onfocus='this.blur();'
    href="javascript:showTestDetail('div_pt1.3')" >
        pass</a>

    <div id='div_pt1.3' class="popup_window">
        <div style='text-align: right; color:red;cursor:pointer'>
        <a onfocus='this.blur();'
onclick="document.getElementById('div_pt1.3').style.display = 'none' " >
           [x]</a>
        </div>
        <pre>
        
pt1.3: tempest.scenario.test_network_basic_ops.TestNetworkBasicOps.test_network_basic_ops[compute,id-f323b3ba-82f8-4db7-8ea6-6a895869ec49,network,smoke]

        </pre>
    </div>
    <!--css div popup end-->

    </td>
</tr>

<tr id='pt1.4' class='hiddenRow'>
    <td class='none'><div class='testcase'>test_port_security_macspoofing_port[compute,id-7c0bb1a2-d053-49a4-98f9-ca1a1d849f63,network]</div></td>
    <td colspan='7' align='left'>

    <!--css div popup start-->
    <a class="popup_link" onfocus='this.blur();'
    href="javascript:showTestDetail('div_pt1.4')" >
        pass</a>

    <div id='div_pt1.4' class="popup_window">
        <div style='text-align: right; color:red;cursor:pointer'>
        <a onfocus='this.blur();'
onclick="document.getElementById('div_pt1.4').style.display = 'none' " >
           [x]</a>
        </div>
        <pre>
        
pt1.4: tempest.scenario.test_network_basic_ops.TestNetworkBasicOps.test_port_security_macspoofing_port[compute,id-7c0bb1a2-d053-49a4-98f9-ca1a1d849f63,network]

        </pre>
    </div>
    <!--css div popup end-->

    </td>
</tr>

<tr id='pt1.5' class='hiddenRow'>
    <td class='none'><div class='testcase'>test_preserve_preexisting_port[compute,id-759462e1-8535-46b0-ab3a-33aa45c55aaa,network]</div></td>
    <td colspan='7' align='left'>

    <!--css div popup start-->
    <a class="popup_link" onfocus='this.blur();'
    href="javascript:showTestDetail('div_pt1.5')" >
        pass</a>

    <div id='div_pt1.5' class="popup_window">
        <div style='text-align: right; color:red;cursor:pointer'>
        <a onfocus='this.blur();'
onclick="document.getElementById('div_pt1.5').style.display = 'none' " >
           [x]</a>
        </div>
        <pre>
        
pt1.5: tempest.scenario.test_network_basic_ops.TestNetworkBasicOps.test_preserve_preexisting_port[compute,id-759462e1-8535-46b0-ab3a-33aa45c55aaa,network]

        </pre>
    </div>
    <!--css div popup end-->

    </td>
</tr>

<tr id='pt1.6' class='hiddenRow'>
    <td class='none'><div class='testcase'>test_router_rescheduling[compute,id-2e788c46-fb3f-4ac9-8f82-0561555bea73,network]</div></td>
    <td colspan='7' align='left'>

    <!--css div popup start-->
    <a class="popup_link" onfocus='this.blur();'
    href="javascript:showTestDetail('div_pt1.6')" >
        pass</a>

    <div id='div_pt1.6' class="popup_window">
        <div style='text-align: right; color:red;cursor:pointer'>
        <a onfocus='this.blur();'
onclick="document.getElementById('div_pt1.6').style.display = 'none' " >
           [x]</a>
        </div>
        <pre>
        
pt1.6: tempest.scenario.test_network_basic_ops.TestNetworkBasicOps.test_router_rescheduling[compute,id-2e788c46-fb3f-4ac9-8f82-0561555bea73,network]

        </pre>
    </div>
    <!--css div popup end-->

    </td>
</tr>

<tr id='pt1.7' class='hiddenRow'>
    <td class='none'><div class='testcase'>test_subnet_details[compute,id-d8bb918e-e2df-48b2-97cd-b73c95450980,network]</div></td>
    <td colspan='7' align='left'>

    <!--css div popup start-->
    <a class="popup_link" onfocus='this.blur();'
    href="javascript:showTestDetail('div_pt1.7')" >
        pass</a>

    <div id='div_pt1.7' class="popup_window">
        <div style='text-align: right; color:red;cursor:pointer'>
        <a onfocus='this.blur();'
onclick="document.getElementById('div_pt1.7').style.display = 'none' " >
           [x]</a>
        </div>
        <pre>
        
pt1.7: tempest.scenario.test_network_basic_ops.TestNetworkBasicOps.test_subnet_details[compute,id-d8bb918e-e2df-48b2-97cd-b73c95450980,network]

        </pre>
    </div>
    <!--css div popup end-->

    </td>
</tr>

<tr id='ft1.8' class='none'>
    <td class='failCase'><div class='testcase'>test_update_instance_port_admin_state[compute,id-f5dfcc22-45fd-409f-954c-5bd500d7890b,network]</div></td>
    <td colspan='7' align='left'>

    <!--css div popup start-->
    <a class="popup_link" onfocus='this.blur();'
    href="javascript:showTestDetail('div_ft1.8')" >
        fail</a>

    <div id='div_ft1.8' class="popup_window">
        <div style='text-align: right; color:red;cursor:pointer'>
        <a onfocus='this.blur();'
onclick="document.getElementById('div_ft1.8').style.display = 'none' " >
           [x]</a>
        </div>
        <pre>
        
ft1.8: tempest.scenario.test_network_basic_ops.TestNetworkBasicOps.test_update_instance_port_admin_state[compute,id-f5dfcc22-45fd-409f-954c-5bd500d7890b,network]_StringException: Empty attachments:
  stderr
  stdout

pythonlogging:'': {{{
2016-01-27 10:28:53,217 20552 INFO     [tempest_lib.common.rest_client] Request (TestNetworkBasicOps:test_update_instance_port_admin_state): 201 POST http://10.4.1.3:9696/v2.0/security-groups 0.091s
2016-01-27 10:28:53,217 20552 DEBUG    [tempest_lib.common.rest_client] Request - Headers: {'Content-Type': 'application/json', 'Accept': 'application/json', 'X-Auth-Token': '&lt;omitted&gt;'}
        Body: {"security_group": {"tenant_id": "975349349ca6484fb1709e6f5c345148", "description": "tempest-secgroup-smoke-494200597 description", "name": "tempest-secgroup-smoke-494200597"}}
    Response - Headers: {'status': '201', 'content-length': '886', 'connection': 'close', 'date': 'Wed, 27 Jan 2016 10:28:53 GMT', 'content-type': 'application/json; charset=UTF-8', 'x-openstack-request-id': 'req-4f0d6aa3-5600-410e-a373-e4dcc4b29eb7'}
        Body: {"security_group": {"tenant_id": "975349349ca6484fb1709e6f5c345148", "description": "tempest-secgroup-smoke-494200597 description", "id": "3e70c43e-c4f9-4cbf-9f3a-fb2d9b029cc2", "security_group_rules": [{"remote_group_id": null, "direction": "egress", "remote_ip_prefix": null, "protocol": null, "ethertype": "IPv4", "tenant_id": "975349349ca6484fb1709e6f5c345148", "port_range_max": null, "port_range_min": null, "id": "9377b9ea-7e60-4cb2-8adf-60f94a75bed8", "security_group_id": "3e70c43e-c4f9-4cbf-9f3a-fb2d9b029cc2"}, {"remote_group_id": null, "direction": "egress", "remote_ip_prefix": null, "protocol": null, "ethertype": "IPv6", "tenant_id": "975349349ca6484fb1709e6f5c345148", "port_range_max": null, "port_range_min": null, "id": "a2da0b5b-12c8-4d2c-872d-837e7ae84496", "security_group_id": "3e70c43e-c4f9-4cbf-9f3a-fb2d9b029cc2"}], "name": "tempest-secgroup-smoke-494200597"}}
2016-01-27 10:28:53,330 20552 INFO     [tempest_lib.common.rest_client] Request (TestNetworkBasicOps:test_update_instance_port_admin_state): 201 POST http://10.4.1.3:9696/v2.0/security-group-rules 0.111s
2016-01-27 10:28:53,330 20552 DEBUG    [tempest_lib.common.rest_client] Request - Headers: {'Content-Type': 'application/json', 'Accept': 'application/json', 'X-Auth-Token': '&lt;omitted&gt;'}
        Body: {"security_group_rule": {"direction": "ingress", "protocol": "tcp", "tenant_id": "975349349ca6484fb1709e6f5c345148", "port_range_max": 22, "security_group_id": "3e70c43e-c4f9-4cbf-9f3a-fb2d9b029cc2", "port_range_min": 22}}
    Response - Headers: {'status': '201', 'content-length': '340', 'connection': 'close', 'date': 'Wed, 27 Jan 2016 10:28:53 GMT', 'content-type': 'application/json; charset=UTF-8', 'x-openstack-request-id': 'req-75a08d27-86c0-48f6-a750-3e9789ccedcc'}
        Body: {"security_group_rule": {"remote_group_id": null, "direction": "ingress", "remote_ip_prefix": null, "protocol": "tcp", "ethertype": "IPv4", "tenant_id": "975349349ca6484fb1709e6f5c345148", "port_range_max": 22, "port_range_min": 22, "id": "16d68921-44c1-47b5-b1ee-1f7b6b9c7140", "security_group_id": "3e70c43e-c4f9-4cbf-9f3a-fb2d9b029cc2"}}
2016-01-27 10:28:53,434 20552 INFO     [tempest_lib.common.rest_client] Request (TestNetworkBasicOps:test_update_instance_port_admin_state): 201 POST http://10.4.1.3:9696/v2.0/security-group-rules 0.102s
2016-01-27 10:28:53,434 20552 DEBUG    [tempest_lib.common.rest_client] Request - Headers: {'Content-Type': 'application/json', 'Accept': 'application/json', 'X-Auth-Token': '&lt;omitted&gt;'}
        Body: {"security_group_rule": {"direction": "egress", "protocol": "tcp", "tenant_id": "975349349ca6484fb1709e6f5c345148", "port_range_max": 22, "security_group_id": "3e70c43e-c4f9-4cbf-9f3a-fb2d9b029cc2", "port_range_min": 22}}
    Response - Headers: {'status': '201', 'content-length': '339', 'connection': 'close', 'date': 'Wed, 27 Jan 2016 10:28:53 GMT', 'content-type': 'application/json; charset=UTF-8', 'x-openstack-request-id': 'req-be4af4f7-84d7-4e99-a2a5-00585a24c474'}
        Body: {"security_group_rule": {"remote_group_id": null, "direction": "egress", "remote_ip_prefix": null, "protocol": "tcp", "ethertype": "IPv4", "tenant_id": "975349349ca6484fb1709e6f5c345148", "port_range_max": 22, "port_range_min": 22, "id": "024f6bc1-7ea3-411c-882b-904dee2e46ab", "security_group_id": "3e70c43e-c4f9-4cbf-9f3a-fb2d9b029cc2"}}
2016-01-27 10:28:53,632 20552 INFO     [tempest_lib.common.rest_client] Request (TestNetworkBasicOps:test_update_instance_port_admin_state): 201 POST http://10.4.1.3:9696/v2.0/security-group-rules 0.197s
2016-01-27 10:28:53,633 20552 DEBUG    [tempest_lib.common.rest_client] Request - Headers: {'Content-Type': 'application/json', 'Accept': 'application/json', 'X-Auth-Token': '&lt;omitted&gt;'}
        Body: {"security_group_rule": {"tenant_id": "975349349ca6484fb1709e6f5c345148", "direction": "ingress", "protocol": "icmp", "security_group_id": "3e70c43e-c4f9-4cbf-9f3a-fb2d9b029cc2"}}
    Response - Headers: {'status': '201', 'content-length': '345', 'connection': 'close', 'date': 'Wed, 27 Jan 2016 10:28:53 GMT', 'content-type': 'application/json; charset=UTF-8', 'x-openstack-request-id': 'req-08c74042-cf9e-4f26-a6e5-abc3eb432f0f'}
        Body: {"security_group_rule": {"remote_group_id": null, "direction": "ingress", "remote_ip_prefix": null, "protocol": "icmp", "ethertype": "IPv4", "tenant_id": "975349349ca6484fb1709e6f5c345148", "port_range_max": null, "port_range_min": null, "id": "bf3a6b68-4f21-4408-b536-830731ecacb4", "security_group_id": "3e70c43e-c4f9-4cbf-9f3a-fb2d9b029cc2"}}
2016-01-27 10:28:53,733 20552 INFO     [tempest_lib.common.rest_client] Request (TestNetworkBasicOps:test_update_instance_port_admin_state): 201 POST http://10.4.1.3:9696/v2.0/security-group-rules 0.098s
2016-01-27 10:28:53,734 20552 DEBUG    [tempest_lib.common.rest_client] Request - Headers: {'Content-Type': 'application/json', 'Accept': 'application/json', 'X-Auth-Token': '&lt;omitted&gt;'}
        Body: {"security_group_rule": {"tenant_id": "975349349ca6484fb1709e6f5c345148", "direction": "egress", "protocol": "icmp", "security_group_id": "3e70c43e-c4f9-4cbf-9f3a-fb2d9b029cc2"}}
    Response - Headers: {'status': '201', 'content-length': '344', 'connection': 'close', 'date': 'Wed, 27 Jan 2016 10:28:53 GMT', 'content-type': 'application/json; charset=UTF-8', 'x-openstack-request-id': 'req-cf5a258e-bf18-4548-be38-675dccafffc1'}
        Body: {"security_group_rule": {"remote_group_id": null, "direction": "egress", "remote_ip_prefix": null, "protocol": "icmp", "ethertype": "IPv4", "tenant_id": "975349349ca6484fb1709e6f5c345148", "port_range_max": null, "port_range_min": null, "id": "29803557-8c20-4831-87f4-01ed900eb44c", "security_group_id": "3e70c43e-c4f9-4cbf-9f3a-fb2d9b029cc2"}}
2016-01-27 10:28:53,843 20552 INFO     [tempest_lib.common.rest_client] Request (TestNetworkBasicOps:test_update_instance_port_admin_state): 201 POST http://10.4.1.3:9696/v2.0/security-group-rules 0.108s
2016-01-27 10:28:53,844 20552 DEBUG    [tempest_lib.common.rest_client] Request - Headers: {'Content-Type': 'application/json', 'Accept': 'application/json', 'X-Auth-Token': '&lt;omitted&gt;'}
        Body: {"security_group_rule": {"tenant_id": "975349349ca6484fb1709e6f5c345148", "direction": "ingress", "security_group_id": "3e70c43e-c4f9-4cbf-9f3a-fb2d9b029cc2", "protocol": "icmp", "ethertype": "IPv6"}}
    Response - Headers: {'status': '201', 'content-length': '345', 'connection': 'close', 'date': 'Wed, 27 Jan 2016 10:28:53 GMT', 'content-type': 'application/json; charset=UTF-8', 'x-openstack-request-id': 'req-6a684982-2d7b-4b0e-958f-c5e971a563ba'}
        Body: {"security_group_rule": {"remote_group_id": null, "direction": "ingress", "remote_ip_prefix": null, "protocol": "icmp", "ethertype": "IPv6", "tenant_id": "975349349ca6484fb1709e6f5c345148", "port_range_max": null, "port_range_min": null, "id": "b6082e03-20ce-4f55-8c1a-01378bd563fd", "security_group_id": "3e70c43e-c4f9-4cbf-9f3a-fb2d9b029cc2"}}
2016-01-27 10:28:53,944 20552 INFO     [tempest_lib.common.rest_client] Request (TestNetworkBasicOps:test_update_instance_port_admin_state): 201 POST http://10.4.1.3:9696/v2.0/security-group-rules 0.099s
2016-01-27 10:28:53,945 20552 DEBUG    [tempest_lib.common.rest_client] Request - Headers: {'Content-Type': 'application/json', 'Accept': 'application/json', 'X-Auth-Token': '&lt;omitted&gt;'}
        Body: {"security_group_rule": {"tenant_id": "975349349ca6484fb1709e6f5c345148", "direction": "egress", "security_group_id": "3e70c43e-c4f9-4cbf-9f3a-fb2d9b029cc2", "protocol": "icmp", "ethertype": "IPv6"}}
    Response - Headers: {'status': '201', 'content-length': '344', 'connection': 'close', 'date': 'Wed, 27 Jan 2016 10:28:53 GMT', 'content-type': 'application/json; charset=UTF-8', 'x-openstack-request-id': 'req-17bde848-23f9-4f41-a8b3-240403ca71b0'}
        Body: {"security_group_rule": {"remote_group_id": null, "direction": "egress", "remote_ip_prefix": null, "protocol": "icmp", "ethertype": "IPv6", "tenant_id": "975349349ca6484fb1709e6f5c345148", "port_range_max": null, "port_range_min": null, "id": "d85d22cc-4334-470d-a3c0-5b5cb48610bd", "security_group_id": "3e70c43e-c4f9-4cbf-9f3a-fb2d9b029cc2"}}
2016-01-27 10:28:54,113 20552 INFO     [tempest_lib.common.rest_client] Request (TestNetworkBasicOps:test_update_instance_port_admin_state): 201 POST http://10.4.1.3:9696/v2.0/networks 0.166s
2016-01-27 10:28:54,113 20552 DEBUG    [tempest_lib.common.rest_client] Request - Headers: {'Content-Type': 'application/json', 'Accept': 'application/json', 'X-Auth-Token': '&lt;omitted&gt;'}
        Body: {"network": {"tenant_id": "975349349ca6484fb1709e6f5c345148", "name": "tempest-network-smoke--355368118"}}
    Response - Headers: {'status': '201', 'content-length': '298', 'connection': 'close', 'date': 'Wed, 27 Jan 2016 10:28:54 GMT', 'content-type': 'application/json; charset=UTF-8', 'x-openstack-request-id': 'req-cb0896cc-8a95-4964-84f8-ab02f1d82dfa'}
        Body: {"network": {"status": "ACTIVE", "subnets": [], "name": "tempest-network-smoke--355368118", "admin_state_up": true, "tenant_id": "975349349ca6484fb1709e6f5c345148", "mtu": 1450, "router:external": false, "shared": false, "port_security_enabled": true, "id": "641de832-3711-4000-bc20-19423b4c606c"}}
2016-01-27 10:28:54,179 20552 INFO     [tempest_lib.common.rest_client] Request (TestNetworkBasicOps:test_update_instance_port_admin_state): 201 POST http://10.4.1.3:9696/v2.0/routers 0.063s
2016-01-27 10:28:54,180 20552 DEBUG    [tempest_lib.common.rest_client] Request - Headers: {'Content-Type': 'application/json', 'Accept': 'application/json', 'X-Auth-Token': '&lt;omitted&gt;'}
        Body: {"router": {"tenant_id": "975349349ca6484fb1709e6f5c345148", "name": "tempest-router-smoke-1532651115", "admin_state_up": true}}
    Response - Headers: {'status': '201', 'content-length': '239', 'connection': 'close', 'date': 'Wed, 27 Jan 2016 10:28:54 GMT', 'content-type': 'application/json; charset=UTF-8', 'x-openstack-request-id': 'req-57000fce-4601-4317-9a14-f94853bd3a40'}
        Body: {"router": {"status": "ACTIVE", "external_gateway_info": null, "name": "tempest-router-smoke-1532651115", "admin_state_up": true, "tenant_id": "975349349ca6484fb1709e6f5c345148", "routes": [], "id": "45fb6015-7009-4379-a6e3-0cda1bc84a0f"}}
2016-01-27 10:28:54,229 20552 INFO     [tempest_lib.common.rest_client] Request (TestNetworkBasicOps:test_update_instance_port_admin_state): 200 GET http://10.4.1.3:9696/v2.0/routers/45fb6015-7009-4379-a6e3-0cda1bc84a0f 0.048s
2016-01-27 10:28:54,229 20552 DEBUG    [tempest_lib.common.rest_client] Request - Headers: {'Content-Type': 'application/json', 'Accept': 'application/json', 'X-Auth-Token': '&lt;omitted&gt;'}
        Body: None
    Response - Headers: {'status': '200', 'content-length': '239', 'content-location': 'http://10.4.1.3:9696/v2.0/routers/45fb6015-7009-4379-a6e3-0cda1bc84a0f', 'connection': 'close', 'date': 'Wed, 27 Jan 2016 10:28:54 GMT', 'content-type': 'application/json; charset=UTF-8', 'x-openstack-request-id': 'req-fe8d5973-ebf3-4f91-b52e-58e7dc8509b1'}
        Body: {"router": {"status": "ACTIVE", "external_gateway_info": null, "name": "tempest-router-smoke-1532651115", "admin_state_up": true, "tenant_id": "975349349ca6484fb1709e6f5c345148", "routes": [], "id": "45fb6015-7009-4379-a6e3-0cda1bc84a0f"}}
2016-01-27 10:28:54,859 20552 INFO     [tempest_lib.common.rest_client] Request (TestNetworkBasicOps:test_update_instance_port_admin_state): 200 PUT http://10.4.1.3:9696/v2.0/routers/45fb6015-7009-4379-a6e3-0cda1bc84a0f 0.628s
2016-01-27 10:28:54,859 20552 DEBUG    [tempest_lib.common.rest_client] Request - Headers: {'Content-Type': 'application/json', 'Accept': 'application/json', 'X-Auth-Token': '&lt;omitted&gt;'}
        Body: {"router": {"external_gateway_info": {"network_id": "92fc98f1-cfd4-477c-adfd-dc4a7272108b"}, "name": "tempest-router-smoke-1532651115", "admin_state_up": true}}
    Response - Headers: {'status': '200', 'content-length': '503', 'connection': 'close', 'date': 'Wed, 27 Jan 2016 10:28:54 GMT', 'content-type': 'application/json; charset=UTF-8', 'x-openstack-request-id': 'req-34c1399e-97a1-4ff2-ac63-5a01bcb0f1e9'}
        Body: {"router": {"status": "ACTIVE", "external_gateway_info": {"network_id": "92fc98f1-cfd4-477c-adfd-dc4a7272108b", "enable_snat": true, "external_fixed_ips": [{"subnet_id": "8228cc10-51f9-483d-b9cd-d8bdafbcc10d", "ip_address": "172.24.4.17"}, {"subnet_id": "c159a96f-5d9d-466f-bfc9-d8c1df7d0a09", "ip_address": "2001:db8::12"}]}, "name": "tempest-router-smoke-1532651115", "admin_state_up": true, "tenant_id": "975349349ca6484fb1709e6f5c345148", "routes": [], "id": "45fb6015-7009-4379-a6e3-0cda1bc84a0f"}}
2016-01-27 10:28:54,891 20552 INFO     [tempest_lib.common.rest_client] Request (TestNetworkBasicOps:test_update_instance_port_admin_state): 200 GET http://10.4.1.3:9696/v2.0/subnets?tenant_id=975349349ca6484fb1709e6f5c345148&amp;cidr=10.100.0.0%2F28 0.030s
2016-01-27 10:28:54,891 20552 DEBUG    [tempest_lib.common.rest_client] Request - Headers: {'Content-Type': 'application/json', 'Accept': 'application/json', 'X-Auth-Token': '&lt;omitted&gt;'}
        Body: None
    Response - Headers: {'status': '200', 'content-length': '15', 'content-location': 'http://10.4.1.3:9696/v2.0/subnets?tenant_id=975349349ca6484fb1709e6f5c345148&amp;cidr=10.100.0.0%2F28', 'connection': 'close', 'date': 'Wed, 27 Jan 2016 10:28:54 GMT', 'content-type': 'application/json; charset=UTF-8', 'x-openstack-request-id': 'req-0ba49afb-0762-47ce-970d-92d72c1f609f'}
        Body: {"subnets": []}
2016-01-27 10:28:55,138 20552 INFO     [tempest_lib.common.rest_client] Request (TestNetworkBasicOps:test_update_instance_port_admin_state): 201 POST http://10.4.1.3:9696/v2.0/subnets 0.245s
2016-01-27 10:28:55,138 20552 DEBUG    [tempest_lib.common.rest_client] Request - Headers: {'Content-Type': 'application/json', 'Accept': 'application/json', 'X-Auth-Token': '&lt;omitted&gt;'}
        Body: {"subnet": {"ip_version": 4, "tenant_id": "975349349ca6484fb1709e6f5c345148", "cidr": "10.100.0.0/28", "network_id": "641de832-3711-4000-bc20-19423b4c606c", "name": "tempest-subnet-smoke-1682074124"}}
    Response - Headers: {'status': '201', 'content-length': '478', 'connection': 'close', 'date': 'Wed, 27 Jan 2016 10:28:55 GMT', 'content-type': 'application/json; charset=UTF-8', 'x-openstack-request-id': 'req-a8ca4ed8-b7fa-47a4-86c9-a7f495b3c237'}
        Body: {"subnet": {"name": "tempest-subnet-smoke-1682074124", "enable_dhcp": true, "network_id": "641de832-3711-4000-bc20-19423b4c606c", "tenant_id": "975349349ca6484fb1709e6f5c345148", "dns_nameservers": [], "gateway_ip": "10.100.0.1", "ipv6_ra_mode": null, "allocation_pools": [{"start": "10.100.0.2", "end": "10.100.0.14"}], "host_routes": [], "ip_version": 4, "ipv6_address_mode": null, "cidr": "10.100.0.0/28", "id": "8c9c5539-9856-4b67-b186-dca60743ae16", "subnetpool_id": null}}
2016-01-27 10:28:55,570 20552 INFO     [tempest_lib.common.rest_client] Request (TestNetworkBasicOps:test_update_instance_port_admin_state): 200 PUT http://10.4.1.3:9696/v2.0/routers/45fb6015-7009-4379-a6e3-0cda1bc84a0f/add_router_interface 0.431s
2016-01-27 10:28:55,571 20552 DEBUG    [tempest_lib.common.rest_client] Request - Headers: {'Content-Type': 'application/json', 'Accept': 'application/json', 'X-Auth-Token': '&lt;omitted&gt;'}
        Body: {"subnet_id": "8c9c5539-9856-4b67-b186-dca60743ae16"}
    Response - Headers: {'status': '200', 'content-length': '255', 'connection': 'close', 'date': 'Wed, 27 Jan 2016 10:28:55 GMT', 'content-type': 'application/json; charset=UTF-8', 'x-openstack-request-id': 'req-38e2208a-7b60-4caa-ab17-f72446912b4c'}
        Body: {"subnet_id": "8c9c5539-9856-4b67-b186-dca60743ae16", "tenant_id": "975349349ca6484fb1709e6f5c345148", "subnet_ids": ["8c9c5539-9856-4b67-b186-dca60743ae16"], "port_id": "329b78a5-de6c-4acf-ad48-8e42e8e02fe3", "id": "45fb6015-7009-4379-a6e3-0cda1bc84a0f"}
2016-01-27 10:28:55,611 20552 INFO     [tempest_lib.common.rest_client] Request (TestNetworkBasicOps:test_update_instance_port_admin_state): 200 GET http://10.4.1.3:9696/v2.0/networks 0.039s
2016-01-27 10:28:55,612 20552 DEBUG    [tempest_lib.common.rest_client] Request - Headers: {'Content-Type': 'application/json', 'Accept': 'application/json', 'X-Auth-Token': '&lt;omitted&gt;'}
        Body: None
    Response - Headers: {'status': '200', 'content-length': '1326', 'content-location': 'http://10.4.1.3:9696/v2.0/networks', 'connection': 'close', 'date': 'Wed, 27 Jan 2016 10:28:55 GMT', 'content-type': 'application/json; charset=UTF-8', 'x-openstack-request-id': 'req-c393b72a-42af-45bb-950d-d4316fee7b56'}
        Body: {"networks": [{"status": "ACTIVE", "subnets": ["addaae82-a94e-446c-b0cc-b042aad77d4d", "aa8b7d79-f71d-4393-8be3-93e0dd6fbcd7"], "name": "private", "provider:physical_network": null, "admin_state_up": true, "tenant_id": "df9aba565a894aa69e9384eb6bb99b35", "mtu": 1450, "router:external": false, "shared": false, "port_security_enabled": true, "provider:network_type": "vxlan", "id": "7fced1d7-64e6-4f54-a262-e81477e664b4", "provider:segmentation_id": 1078}, {"status": "ACTIVE", "subnets": ["8228cc10-51f9-483d-b9cd-d8bdafbcc10d", "c159a96f-5d9d-466f-bfc9-d8c1df7d0a09"], "name": "public", "provider:physical_network": null, "admin_state_up": true, "tenant_id": "f452e392489744d08a0e597d600197e1", "mtu": 1450, "router:external": true, "shared": false, "port_security_enabled": true, "provider:network_type": "vxlan", "id": "92fc98f1-cfd4-477c-adfd-dc4a7272108b", "provider:segmentation_id": 1075}, {"status": "ACTIVE", "subnets": ["8c9c5539-9856-4b67-b186-dca60743ae16"], "name": "tempest-network-smoke--355368118", "provider:physical_network": null, "admin_state_up": true, "tenant_id": "975349349ca6484fb1709e6f5c345148", "mtu": 1450, "router:external": false, "shared": false, "port_security_enabled": true, "provider:network_type": "vxlan", "id": "641de832-3711-4000-bc20-19423b4c606c", "provider:segmentation_id": 1084}]}
2016-01-27 10:28:55,652 20552 INFO     [tempest_lib.common.rest_client] Request (TestNetworkBasicOps:test_update_instance_port_admin_state): 200 GET http://10.4.1.3:9696/v2.0/subnets 0.039s
2016-01-27 10:28:55,653 20552 DEBUG    [tempest_lib.common.rest_client] Request - Headers: {'Content-Type': 'application/json', 'Accept': 'application/json', 'X-Auth-Token': '&lt;omitted&gt;'}
        Body: None
    Response - Headers: {'status': '200', 'content-length': '2408', 'content-location': 'http://10.4.1.3:9696/v2.0/subnets', 'connection': 'close', 'date': 'Wed, 27 Jan 2016 10:28:55 GMT', 'content-type': 'application/json; charset=UTF-8', 'x-openstack-request-id': 'req-b63291b1-57cf-4f85-bae0-910927cde983'}
        Body: {"subnets": [{"name": "ipv6-private-subnet", "enable_dhcp": true, "network_id": "7fced1d7-64e6-4f54-a262-e81477e664b4", "tenant_id": "df9aba565a894aa69e9384eb6bb99b35", "dns_nameservers": [], "gateway_ip": "fd42:6c76:e6f1::1", "ipv6_ra_mode": "slaac", "allocation_pools": [{"start": "fd42:6c76:e6f1::2", "end": "fd42:6c76:e6f1:0:ffff:ffff:ffff:ffff"}], "host_routes": [], "ip_version": 6, "ipv6_address_mode": "slaac", "cidr": "fd42:6c76:e6f1::/64", "id": "aa8b7d79-f71d-4393-8be3-93e0dd6fbcd7", "subnetpool_id": null}, {"name": "private-subnet", "enable_dhcp": true, "network_id": "7fced1d7-64e6-4f54-a262-e81477e664b4", "tenant_id": "df9aba565a894aa69e9384eb6bb99b35", "dns_nameservers": [], "gateway_ip": "10.0.0.1", "ipv6_ra_mode": null, "allocation_pools": [{"start": "10.0.0.2", "end": "10.0.0.254"}], "host_routes": [], "ip_version": 4, "ipv6_address_mode": null, "cidr": "10.0.0.0/24", "id": "addaae82-a94e-446c-b0cc-b042aad77d4d", "subnetpool_id": null}, {"name": "ipv6-public-subnet", "enable_dhcp": false, "network_id": "92fc98f1-cfd4-477c-adfd-dc4a7272108b", "tenant_id": "f452e392489744d08a0e597d600197e1", "dns_nameservers": [], "gateway_ip": "2001:db8::2", "ipv6_ra_mode": null, "allocation_pools": [{"start": "2001:db8::3", "end": "2001:db8::ffff:ffff:ffff:ffff"}, {"start": "2001:db8::1", "end": "2001:db8::1"}], "host_routes": [], "ip_version": 6, "ipv6_address_mode": null, "cidr": "2001:db8::/64", "id": "c159a96f-5d9d-466f-bfc9-d8c1df7d0a09", "subnetpool_id": null}, {"name": "public-subnet", "enable_dhcp": false, "network_id": "92fc98f1-cfd4-477c-adfd-dc4a7272108b", "tenant_id": "f452e392489744d08a0e597d600197e1", "dns_nameservers": [], "gateway_ip": "172.24.4.1", "ipv6_ra_mode": null, "allocation_pools": [{"start": "172.24.4.2", "end": "172.24.4.254"}], "host_routes": [], "ip_version": 4, "ipv6_address_mode": null, "cidr": "172.24.4.0/24", "id": "8228cc10-51f9-483d-b9cd-d8bdafbcc10d", "subnetpool_id": null}, {"name": "tempest-subnet-smoke-1682074124", "enable_dhcp": true, "network_id": "641de832-3711-4000-bc20-19423b4c606c", "tenant_id": "975349349ca6484fb1709e6f5c345148", "dns_nameservers": [], "gateway_ip": "10.100.0.1", "ipv6_ra_mode": null, "allocation_pools": [{"start": "10.100.0.2", "end": "10.100.0.14"}], "host_routes": [], "ip_version": 4, "ipv6_address_mode": null, "cidr": "10.100.0.0/28", "id": "8c9c5539-9856-4b67-b186-dca60743ae16", "subnetpool_id": null}]}
2016-01-27 10:28:55,711 20552 INFO     [tempest_lib.common.rest_client] Request (TestNetworkBasicOps:test_update_instance_port_admin_state): 200 GET http://10.4.1.3:9696/v2.0/routers 0.056s
2016-01-27 10:28:55,711 20552 DEBUG    [tempest_lib.common.rest_client] Request - Headers: {'Content-Type': 'application/json', 'Accept': 'application/json', 'X-Auth-Token': '&lt;omitted&gt;'}
        Body: None
    Response - Headers: {'status': '200', 'content-length': '1043', 'content-location': 'http://10.4.1.3:9696/v2.0/routers', 'connection': 'close', 'date': 'Wed, 27 Jan 2016 10:28:55 GMT', 'content-type': 'application/json; charset=UTF-8', 'x-openstack-request-id': 'req-d650d113-25bb-47da-a2d1-38d1dab8b926'}
        Body: {"routers": [{"status": "ACTIVE", "external_gateway_info": {"network_id": "92fc98f1-cfd4-477c-adfd-dc4a7272108b", "enable_snat": true, "external_fixed_ips": [{"subnet_id": "8228cc10-51f9-483d-b9cd-d8bdafbcc10d", "ip_address": "172.24.4.2"}, {"subnet_id": "c159a96f-5d9d-466f-bfc9-d8c1df7d0a09", "ip_address": "2001:db8::3"}]}, "name": "router1", "admin_state_up": true, "tenant_id": "df9aba565a894aa69e9384eb6bb99b35", "distributed": false, "routes": [], "ha": false, "id": "02ded4a9-b480-4263-a830-1c90ab2b47ff"}, {"status": "ACTIVE", "external_gateway_info": {"network_id": "92fc98f1-cfd4-477c-adfd-dc4a7272108b", "enable_snat": true, "external_fixed_ips": [{"subnet_id": "8228cc10-51f9-483d-b9cd-d8bdafbcc10d", "ip_address": "172.24.4.17"}, {"subnet_id": "c159a96f-5d9d-466f-bfc9-d8c1df7d0a09", "ip_address": "2001:db8::12"}]}, "name": "tempest-router-smoke-1532651115", "admin_state_up": true, "tenant_id": "975349349ca6484fb1709e6f5c345148", "distributed": false, "routes": [], "ha": false, "id": "45fb6015-7009-4379-a6e3-0cda1bc84a0f"}]}
2016-01-27 10:28:56,060 20552 INFO     [tempest_lib.common.rest_client] Request (TestNetworkBasicOps:test_update_instance_port_admin_state): 200 POST http://10.4.1.3:8774/v2.1/975349349ca6484fb1709e6f5c345148/os-keypairs 0.347s
2016-01-27 10:28:56,060 20552 DEBUG    [tempest_lib.common.rest_client] Request - Headers: {'Content-Type': 'application/json', 'Accept': 'application/json', 'X-Auth-Token': '&lt;omitted&gt;'}
        Body: {"keypair": {"name": "tempest-TestNetworkBasicOps-176748140"}}
    Response - Headers: {'status': '200', 'content-length': '2320', 'x-compute-request-id': 'req-cd0de068-2f3c-4994-aacb-0f8051e6cf6e', 'vary': 'X-OpenStack-Nova-API-Version', 'connection': 'close', 'x-openstack-nova-api-version': '2.1', 'date': 'Wed, 27 Jan 2016 10:28:56 GMT', 'content-type': 'application/json'}
        Body: {"keypair": {"public_key": "ssh-rsa AAAAB3NzaC1yc2EAAAADAQABAAABAQCvVxOAzkvATfy4ZmvmYqjyKOnOuNIVoUgjxC1MXU+tCV82iYfFev3b0G+s0quyolRWGf/pgxEL3nTIp5td/av97jgBwAuYz8bRyO3LoVZzuWCzgnuHxXk56sV/KWhKfMEoAZp3HxnT41H9dGqiAxRZxsOCC7jbz5jjHKxMn9dz/6wp5810hkdza+MJjm5e+9MhKENffO2J1cRbQqelSnxuuO51B/F6W7HYDn77Z46juTxQfQ8/eqkcBie3yGZ9K5l+bk6o/ZSERsE4dVX7zskzWOnZPv1MfjOZJ9CsCvSYjBFFu8IzXxoZYw0dwfVdNdXkPf9oDuMBkHWvLkuBOAnv Generated-by-Nova", "private_key": "-----BEGIN RSA PRIVATE KEY-----\nMIIEqAIBAAKCAQEAr1cTgM5LwE38uGZr5mKo8ijpzrjSFaFII8QtTF1PrQlfNomH\nxXr929BvrNKrsqJUVhn/6YMRC950yKebXf2r/e44AcALmM/G0cjty6FWc7lgs4J7\nh8V5OerFfyloSnzBKAGadx8Z0+NR/XRqogMUWcbDggu428+Y4xysTJ/Xc/+sKefN\ndIZHc2vjCY5uXvvTIShDX3ztidXEW0KnpUp8brjudQfxelux2A5++2eOo7k8UH0P\nP3qpHAYnt8hmfSuZfm5OqP2UhEbBOHVV+87JM1jp2T79TH4zmSfQrAr0mIwRRbvC\nM18aGWMNHcH1XTXV5D3/aA7jAZB1ry5LgTgJ7wIDAQABAoIBAHaPMHbWB06e7RVa\n2/bKG2ay13WabyOFDJxymBacubVNMv5TfGTBx0mM5RY81TBSpygZKHuizjHyV5Ee\nE+Y4EsX/AAve6XiIde2AKZqZGzXg0UxQHGsv0cqhvq0/OG+1b343p1SIyRQHD3eL\n8lZeMrKJvcT/XB31f3GB/9dH9Y1O4HbHx77sjPchGGvT6rajJb4HVdTGjwU14XBL\nuO4iiIPTI869IujDTZzvGe4GRHH5qSskER4bR7ga+3lNL1zlYWXUMuCFBng0OSDA\nRfa0mfhPZJaLr7XNuwtSvJiaDujGl75gTy5Im7S4bva6pMpWerO52aMLNTho0bT6\nKRfJMzECggCBALc/sra9ShwXf68Tg6QbiQzq2eFSzrknx8PJ+IoHQQvdpAie2/Dt\nGwwsL9UhLlzkKSgmcB8E8nsu3350EI+rCTosFy/zsLupRyaONMbNG0xd9DJ4oN/a\nXVjDo6EK5Ye5lyt0RMbUh5xSnNSFzXc4i1Ko3abdif+8tPWtnhDvjZdrAoIAgQD0\n85Z2SR/i01IHujbLukUBzOe6MZTYT63EFPCK7gEsxyIAht83hp6OH4UyUhsMJoTj\nUj1NM7OH2qBEvm2rtnVW23D8LlP1Zeg5EEPfA6jXsya8Z1obcy7XejIMvZCl/ReU\nXn3TCz0ne/NLcV4Ec6cfDu/TdT5TljVRx7PBtC/sjQKCAIEAo3/4Csg1mX7189Xr\nfL78t0PMBxkFTXrK6EwKr8ztIpMtSmvDPeGwYloCi51BaqxAdIxnOaYGXBZkXsVc\nCXPHldnFDonVxHqy+xmiyUYz9x1VRrsOfuysoQhdtNCuHz1ePe1NeEIkhTvIpm6D\n9r3CwYvdyIaeHEnZA+NWxzGWGeUCggCAXryzTc5cYbr/d/Oia8sAE4EvgojYm4y9\nlR/QJLuGgs4FrZR8UppjSm6QcnTk9x8SuGS/RtOfNQTuhYftHMN1wIEgwrgcSsX+\nOcu7pE5jCAHHEokahZFX5YjiQKE0h65KZ1zgZzZqkZHT+DLBfRFJ6q45PVyUHXnz\n50xIjrtk6aUCggCAWbKpEzDC3SJ9fpGmTNMOjFv/SFIGuwva51sTeOIDmXmk3a70\nz3LgJoFYon7112DY0QIublddvSSUPsjYPXltvqg/Xlne3TmsPbfrOF8c9sLJfTTC\nzvs3F26GsFfELMc6sM5J8eGxF4KD3p2MkWhZl5ospJmOy4gbZ89dq0H5Wxw=\n-----END RSA PRIVATE KEY-----\n", "user_id": "124ba2e112ce4b80960496696a8de16b", "name": "tempest-TestNetworkBasicOps-176748140", "fingerprint": "93:94:10:65:27:4a:c9:9e:f2:f8:fd:ae:93:7f:0e:e8"}}
2016-01-27 10:28:56,169 20552 INFO     [tempest_lib.common.rest_client] Request (TestNetworkBasicOps:test_update_instance_port_admin_state): 200 POST http://10.4.1.3:5000/v2.0/tokens
2016-01-27 10:28:56,170 20552 DEBUG    [tempest_lib.common.rest_client] Request - Headers: {'Content-Type': 'application/json', 'Accept': 'application/json'}
        Body: &lt;omitted&gt;
    Response - Headers: {'status': '200', 'content-length': '2510', 'vary': 'X-Auth-Token', 'server': 'Apache/2.4.7 (Ubuntu)', 'connection': 'close', 'date': 'Wed, 27 Jan 2016 10:28:56 GMT', 'content-type': 'application/json', 'x-openstack-request-id': 'req-b44fd0f5-1d10-4c24-bb6e-a6ddf2134028'}
        Body: {"access": {"token": {"issued_at": "2016-01-27T10:28:56.158488", "expires": "2016-01-27T11:28:56Z", "id": "230991b5865348d5b97b8031f0608fb0", "tenant": {"description": "tempest-TestNetworkBasicOps-682069258-desc", "enabled": true, "id": "975349349ca6484fb1709e6f5c345148", "name": "tempest-TestNetworkBasicOps-682069258"}, "audit_ids": ["CVlGHYgtQKySqs5NGnoMWg"]}, "serviceCatalog": [{"endpoints": [{"adminURL": "http://10.4.1.3:8774/v2.1/975349349ca6484fb1709e6f5c345148", "region": "RegionOne", "internalURL": "http://10.4.1.3:8774/v2.1/975349349ca6484fb1709e6f5c345148", "id": "4bc0ebb78ca543a7aff9436c6474ce3e", "publicURL": "http://10.4.1.3:8774/v2.1/975349349ca6484fb1709e6f5c345148"}], "endpoints_links": [], "type": "compute", "name": "nova"}, {"endpoints": [{"adminURL": "http://10.4.1.3:9696/", "region": "RegionOne", "internalURL": "http://10.4.1.3:9696/", "id": "c5a1beeeb6534a648af1a12abba225b6", "publicURL": "http://10.4.1.3:9696/"}], "endpoints_links": [], "type": "network", "name": "neutron"}, {"endpoints": [{"adminURL": "http://10.4.1.3:9292", "region": "RegionOne", "internalURL": "http://10.4.1.3:9292", "id": "46d7c50e850b4e41ba9132590cb0d354", "publicURL": "http://10.4.1.3:9292"}], "endpoints_links": [], "type": "image", "name": "glance"}, {"endpoints": [{"adminURL": "http://10.4.1.3:8774/v2/975349349ca6484fb1709e6f5c345148", "region": "RegionOne", "internalURL": "http://10.4.1.3:8774/v2/975349349ca6484fb1709e6f5c345148", "id": "15d178b38e5c4698a73b41ced7d3cc70", "publicURL": "http://10.4.1.3:8774/v2/975349349ca6484fb1709e6f5c345148"}], "endpoints_links": [], "type": "compute_legacy", "name": "nova_legacy"}, {"endpoints": [{"adminURL": "http://10.4.1.3:8773/", "region": "RegionOne", "internalURL": "http://10.4.1.3:8773/", "id": "54e4638cb48c41928c66ed95131f91a3", "publicURL": "http://10.4.1.3:8773/"}], "endpoints_links": [], "type": "ec2", "name": "ec2"}, {"endpoints": [{"adminURL": "http://10.4.1.3:35357/v2.0", "region": "RegionOne", "internalURL": "http://10.4.1.3:5000/v2.0", "id": "b14ac05588a944db8285112df6d9ff1b", "publicURL": "http://10.4.1.3:5000/v2.0"}], "endpoints_links": [], "type": "identity", "name": "keystone"}], "user": {"username": "tempest-TestNetworkBasicOps-1802050060", "roles_links": [], "id": "124ba2e112ce4b80960496696a8de16b", "roles": [{"name": "Member"}, {"name": "_member_"}], "name": "tempest-TestNetworkBasicOps-1802050060"}, "metadata": {"is_admin": 0, "roles": ["1a822cce8c464568a4453918e77fcfe0", "9fe2ff9ee4384b1894a90878d3e92bab"]}}}
2016-01-27 10:28:56,177 20552 DEBUG    [tempest.common.fixed_network] (TestNetworkBasicOps:test_update_instance_port_admin_state) No valid network provided or created, defaulting to fixed_network_name
2016-01-27 10:28:56,370 20552 INFO     [tempest_lib.common.rest_client] Request (TestNetworkBasicOps:test_update_instance_port_admin_state): 200 GET http://10.4.1.3:8774/v2.1/975349349ca6484fb1709e6f5c345148/os-networks 0.193s
2016-01-27 10:28:56,371 20552 DEBUG    [tempest_lib.common.rest_client] Request - Headers: {'Content-Type': 'application/json', 'Accept': 'application/json', 'X-Auth-Token': '&lt;omitted&gt;'}
        Body: None
    Response - Headers: {'status': '200', 'content-length': '478', 'content-location': 'http://10.4.1.3:8774/v2.1/975349349ca6484fb1709e6f5c345148/os-networks', 'x-compute-request-id': 'req-317f3ffa-c2e8-4f28-a2fe-477ddcbfaa17', 'vary': 'X-OpenStack-Nova-API-Version', 'connection': 'close', 'x-openstack-nova-api-version': '2.1', 'date': 'Wed, 27 Jan 2016 10:28:56 GMT', 'content-type': 'application/json'}
        Body: {"networks": [{"cidr_v6": null, "dns2": null, "dns1": null, "gateway": null, "broadcast": null, "netmask": null, "gateway_v6": null, "cidr": null, "label": "public", "id": "92fc98f1-cfd4-477c-adfd-dc4a7272108b", "netmask_v6": null}, {"cidr_v6": null, "dns2": null, "dns1": null, "gateway": null, "broadcast": null, "netmask": null, "gateway_v6": null, "cidr": null, "label": "tempest-network-smoke--355368118", "id": "641de832-3711-4000-bc20-19423b4c606c", "netmask_v6": null}]}
2016-01-27 10:28:56,371 20552 WARNING  [tempest.common.fixed_network] (TestNetworkBasicOps:test_update_instance_port_admin_state) Network with name: private not found
2016-01-27 10:28:56,372 20552 INFO     [tempest.common.fixed_network] (TestNetworkBasicOps:test_update_instance_port_admin_state) Found network {} available for tenant
2016-01-27 10:28:56,936 20552 INFO     [tempest_lib.common.rest_client] Request (TestNetworkBasicOps:test_update_instance_port_admin_state): 202 POST http://10.4.1.3:8774/v2.1/975349349ca6484fb1709e6f5c345148/servers 0.564s
2016-01-27 10:28:56,937 20552 DEBUG    [tempest_lib.common.rest_client] Request - Headers: {'Content-Type': 'application/json', 'Accept': 'application/json', 'X-Auth-Token': '&lt;omitted&gt;'}
        Body: {"server": {"name": "tempest-server-smoke-1058723001", "imageRef": "cd5b55e8-7541-4843-9bf7-fbcc85d93255", "key_name": "tempest-TestNetworkBasicOps-176748140", "flavorRef": "42", "networks": [{"uuid": "641de832-3711-4000-bc20-19423b4c606c"}], "security_groups": [{"name": "tempest-secgroup-smoke-494200597"}]}}
    Response - Headers: {'status': '202', 'content-length': '459', 'x-compute-request-id': 'req-18a46ff7-eaa0-4576-8e51-9e6561b87863', 'vary': 'X-OpenStack-Nova-API-Version', 'connection': 'close', 'location': 'http://10.4.1.3:8774/v2.1/975349349ca6484fb1709e6f5c345148/servers/9bcc9056-64ef-44c0-82ab-bbb486c3ebed', 'x-openstack-nova-api-version': '2.1', 'date': 'Wed, 27 Jan 2016 10:28:56 GMT', 'content-type': 'application/json'}
        Body: {"server": {"security_groups": [{"name": "tempest-secgroup-smoke-494200597"}], "OS-DCF:diskConfig": "MANUAL", "id": "9bcc9056-64ef-44c0-82ab-bbb486c3ebed", "links": [{"href": "http://10.4.1.3:8774/v2.1/975349349ca6484fb1709e6f5c345148/servers/9bcc9056-64ef-44c0-82ab-bbb486c3ebed", "rel": "self"}, {"href": "http://10.4.1.3:8774/975349349ca6484fb1709e6f5c345148/servers/9bcc9056-64ef-44c0-82ab-bbb486c3ebed", "rel": "bookmark"}], "adminPass": "gUNKjgi39p4B"}}
2016-01-27 10:28:57,084 20552 INFO     [tempest_lib.common.rest_client] Request (TestNetworkBasicOps:test_update_instance_port_admin_state): 200 GET http://10.4.1.3:8774/v2.1/975349349ca6484fb1709e6f5c345148/servers/9bcc9056-64ef-44c0-82ab-bbb486c3ebed 0.145s
2016-01-27 10:28:57,085 20552 DEBUG    [tempest_lib.common.rest_client] Request - Headers: {'Content-Type': 'application/json', 'Accept': 'application/json', 'X-Auth-Token': '&lt;omitted&gt;'}
        Body: None
    Response - Headers: {'status': '200', 'content-length': '1340', 'content-location': 'http://10.4.1.3:8774/v2.1/975349349ca6484fb1709e6f5c345148/servers/9bcc9056-64ef-44c0-82ab-bbb486c3ebed', 'x-compute-request-id': 'req-6c4a23d7-bead-4e7d-9961-e2de675be5d8', 'vary': 'X-OpenStack-Nova-API-Version', 'connection': 'close', 'x-openstack-nova-api-version': '2.1', 'date': 'Wed, 27 Jan 2016 10:28:57 GMT', 'content-type': 'application/json'}
        Body: {"server": {"status": "BUILD", "updated": "2016-01-27T10:28:57Z", "hostId": "", "addresses": {}, "links": [{"href": "http://10.4.1.3:8774/v2.1/975349349ca6484fb1709e6f5c345148/servers/9bcc9056-64ef-44c0-82ab-bbb486c3ebed", "rel": "self"}, {"href": "http://10.4.1.3:8774/975349349ca6484fb1709e6f5c345148/servers/9bcc9056-64ef-44c0-82ab-bbb486c3ebed", "rel": "bookmark"}], "key_name": "tempest-TestNetworkBasicOps-176748140", "image": {"id": "cd5b55e8-7541-4843-9bf7-fbcc85d93255", "links": [{"href": "http://10.4.1.3:8774/975349349ca6484fb1709e6f5c345148/images/cd5b55e8-7541-4843-9bf7-fbcc85d93255", "rel": "bookmark"}]}, "OS-EXT-STS:task_state": "scheduling", "OS-EXT-STS:vm_state": "building", "OS-SRV-USG:launched_at": null, "flavor": {"id": "42", "links": [{"href": "http://10.4.1.3:8774/975349349ca6484fb1709e6f5c345148/flavors/42", "rel": "bookmark"}]}, "id": "9bcc9056-64ef-44c0-82ab-bbb486c3ebed", "OS-SRV-USG:terminated_at": null, "OS-EXT-AZ:availability_zone": "", "user_id": "124ba2e112ce4b80960496696a8de16b", "name": "tempest-server-smoke-1058723001", "created": "2016-01-27T10:28:56Z", "tenant_id": "975349349ca6484fb1709e6f5c345148", "OS-DCF:diskConfig": "MANUAL", "os-extended-volumes:volumes_attached": [], "accessIPv4": "", "accessIPv6": "", "progress": 0, "OS-EXT-STS:power_state": 0, "config_drive": "", "metadata": {}}}
2016-01-27 10:28:58,365 20552 INFO     [tempest_lib.common.rest_client] Request (TestNetworkBasicOps:test_update_instance_port_admin_state): 200 GET http://10.4.1.3:8774/v2.1/975349349ca6484fb1709e6f5c345148/servers/9bcc9056-64ef-44c0-82ab-bbb486c3ebed 0.269s
2016-01-27 10:28:58,366 20552 DEBUG    [tempest_lib.common.rest_client] Request - Headers: {'Content-Type': 'application/json', 'Accept': 'application/json', 'X-Auth-Token': '&lt;omitted&gt;'}
        Body: None
    Response - Headers: {'status': '200', 'content-length': '1465', 'content-location': 'http://10.4.1.3:8774/v2.1/975349349ca6484fb1709e6f5c345148/servers/9bcc9056-64ef-44c0-82ab-bbb486c3ebed', 'x-compute-request-id': 'req-f9c7fe82-c81e-40e7-a64e-b8aa34271075', 'vary': 'X-OpenStack-Nova-API-Version', 'connection': 'close', 'x-openstack-nova-api-version': '2.1', 'date': 'Wed, 27 Jan 2016 10:28:58 GMT', 'content-type': 'application/json'}
        Body: {"server": {"status": "BUILD", "updated": "2016-01-27T10:28:57Z", "hostId": "d9fb33ec7eeb886088f5c399c40d598e8e57196e71c143f60c3af456", "addresses": {}, "links": [{"href": "http://10.4.1.3:8774/v2.1/975349349ca6484fb1709e6f5c345148/servers/9bcc9056-64ef-44c0-82ab-bbb486c3ebed", "rel": "self"}, {"href": "http://10.4.1.3:8774/975349349ca6484fb1709e6f5c345148/servers/9bcc9056-64ef-44c0-82ab-bbb486c3ebed", "rel": "bookmark"}], "key_name": "tempest-TestNetworkBasicOps-176748140", "image": {"id": "cd5b55e8-7541-4843-9bf7-fbcc85d93255", "links": [{"href": "http://10.4.1.3:8774/975349349ca6484fb1709e6f5c345148/images/cd5b55e8-7541-4843-9bf7-fbcc85d93255", "rel": "bookmark"}]}, "OS-EXT-STS:task_state": "spawning", "OS-EXT-STS:vm_state": "building", "OS-SRV-USG:launched_at": null, "flavor": {"id": "42", "links": [{"href": "http://10.4.1.3:8774/975349349ca6484fb1709e6f5c345148/flavors/42", "rel": "bookmark"}]}, "id": "9bcc9056-64ef-44c0-82ab-bbb486c3ebed", "security_groups": [{"name": "tempest-secgroup-smoke-494200597"}], "OS-SRV-USG:terminated_at": null, "OS-EXT-AZ:availability_zone": "nova", "user_id": "124ba2e112ce4b80960496696a8de16b", "name": "tempest-server-smoke-1058723001", "created": "2016-01-27T10:28:56Z", "tenant_id": "975349349ca6484fb1709e6f5c345148", "OS-DCF:diskConfig": "MANUAL", "os-extended-volumes:volumes_attached": [], "accessIPv4": "", "accessIPv6": "", "progress": 0, "OS-EXT-STS:power_state": 0, "config_drive": "", "metadata": {}}}
2016-01-27 10:28:58,377 20552 INFO     [tempest.common.waiters] State transition "BUILD/scheduling" ==&gt; "BUILD/spawning" after 1 second wait
2016-01-27 10:28:59,586 20552 INFO     [tempest_lib.common.rest_client] Request (TestNetworkBasicOps:test_update_instance_port_admin_state): 200 GET http://10.4.1.3:8774/v2.1/975349349ca6484fb1709e6f5c345148/servers/9bcc9056-64ef-44c0-82ab-bbb486c3ebed 0.207s
2016-01-27 10:28:59,586 20552 DEBUG    [tempest_lib.common.rest_client] Request - Headers: {'Content-Type': 'application/json', 'Accept': 'application/json', 'X-Auth-Token': '&lt;omitted&gt;'}
        Body: None
    Response - Headers: {'status': '200', 'content-length': '1465', 'content-location': 'http://10.4.1.3:8774/v2.1/975349349ca6484fb1709e6f5c345148/servers/9bcc9056-64ef-44c0-82ab-bbb486c3ebed', 'x-compute-request-id': 'req-aa3001ee-e9a3-4f6f-9a97-e7b4ce08254a', 'vary': 'X-OpenStack-Nova-API-Version', 'connection': 'close', 'x-openstack-nova-api-version': '2.1', 'date': 'Wed, 27 Jan 2016 10:28:59 GMT', 'content-type': 'application/json'}
        Body: {"server": {"status": "BUILD", "updated": "2016-01-27T10:28:57Z", "hostId": "d9fb33ec7eeb886088f5c399c40d598e8e57196e71c143f60c3af456", "addresses": {}, "links": [{"href": "http://10.4.1.3:8774/v2.1/975349349ca6484fb1709e6f5c345148/servers/9bcc9056-64ef-44c0-82ab-bbb486c3ebed", "rel": "self"}, {"href": "http://10.4.1.3:8774/975349349ca6484fb1709e6f5c345148/servers/9bcc9056-64ef-44c0-82ab-bbb486c3ebed", "rel": "bookmark"}], "key_name": "tempest-TestNetworkBasicOps-176748140", "image": {"id": "cd5b55e8-7541-4843-9bf7-fbcc85d93255", "links": [{"href": "http://10.4.1.3:8774/975349349ca6484fb1709e6f5c345148/images/cd5b55e8-7541-4843-9bf7-fbcc85d93255", "rel": "bookmark"}]}, "OS-EXT-STS:task_state": "spawning", "OS-EXT-STS:vm_state": "building", "OS-SRV-USG:launched_at": null, "flavor": {"id": "42", "links": [{"href": "http://10.4.1.3:8774/975349349ca6484fb1709e6f5c345148/flavors/42", "rel": "bookmark"}]}, "id": "9bcc9056-64ef-44c0-82ab-bbb486c3ebed", "security_groups": [{"name": "tempest-secgroup-smoke-494200597"}], "OS-SRV-USG:terminated_at": null, "OS-EXT-AZ:availability_zone": "nova", "user_id": "124ba2e112ce4b80960496696a8de16b", "name": "tempest-server-smoke-1058723001", "created": "2016-01-27T10:28:56Z", "tenant_id": "975349349ca6484fb1709e6f5c345148", "OS-DCF:diskConfig": "MANUAL", "os-extended-volumes:volumes_attached": [], "accessIPv4": "", "accessIPv6": "", "progress": 0, "OS-EXT-STS:power_state": 0, "config_drive": "", "metadata": {}}}
2016-01-27 10:29:00,776 20552 INFO     [tempest_lib.common.rest_client] Request (TestNetworkBasicOps:test_update_instance_port_admin_state): 200 GET http://10.4.1.3:8774/v2.1/975349349ca6484fb1709e6f5c345148/servers/9bcc9056-64ef-44c0-82ab-bbb486c3ebed 0.179s
2016-01-27 10:29:00,776 20552 DEBUG    [tempest_lib.common.rest_client] Request - Headers: {'Content-Type': 'application/json', 'Accept': 'application/json', 'X-Auth-Token': '&lt;omitted&gt;'}
        Body: None
    Response - Headers: {'status': '200', 'content-length': '1636', 'content-location': 'http://10.4.1.3:8774/v2.1/975349349ca6484fb1709e6f5c345148/servers/9bcc9056-64ef-44c0-82ab-bbb486c3ebed', 'x-compute-request-id': 'req-ea488a14-94d6-4f3a-967d-7a4988d42236', 'vary': 'X-OpenStack-Nova-API-Version', 'connection': 'close', 'x-openstack-nova-api-version': '2.1', 'date': 'Wed, 27 Jan 2016 10:29:00 GMT', 'content-type': 'application/json'}
        Body: {"server": {"status": "ACTIVE", "updated": "2016-01-27T10:28:59Z", "hostId": "d9fb33ec7eeb886088f5c399c40d598e8e57196e71c143f60c3af456", "addresses": {"tempest-network-smoke--355368118": [{"OS-EXT-IPS-MAC:mac_addr": "fa:16:3e:38:f9:09", "version": 4, "addr": "10.100.0.3", "OS-EXT-IPS:type": "fixed"}]}, "links": [{"href": "http://10.4.1.3:8774/v2.1/975349349ca6484fb1709e6f5c345148/servers/9bcc9056-64ef-44c0-82ab-bbb486c3ebed", "rel": "self"}, {"href": "http://10.4.1.3:8774/975349349ca6484fb1709e6f5c345148/servers/9bcc9056-64ef-44c0-82ab-bbb486c3ebed", "rel": "bookmark"}], "key_name": "tempest-TestNetworkBasicOps-176748140", "image": {"id": "cd5b55e8-7541-4843-9bf7-fbcc85d93255", "links": [{"href": "http://10.4.1.3:8774/975349349ca6484fb1709e6f5c345148/images/cd5b55e8-7541-4843-9bf7-fbcc85d93255", "rel": "bookmark"}]}, "OS-EXT-STS:task_state": null, "OS-EXT-STS:vm_state": "active", "OS-SRV-USG:launched_at": "2016-01-27T10:28:59.000000", "flavor": {"id": "42", "links": [{"href": "http://10.4.1.3:8774/975349349ca6484fb1709e6f5c345148/flavors/42", "rel": "bookmark"}]}, "id": "9bcc9056-64ef-44c0-82ab-bbb486c3ebed", "security_groups": [{"name": "tempest-secgroup-smoke-494200597"}], "OS-SRV-USG:terminated_at": null, "OS-EXT-AZ:availability_zone": "nova", "user_id": "124ba2e112ce4b80960496696a8de16b", "name": "tempest-server-smoke-1058723001", "created": "2016-01-27T10:28:56Z", "tenant_id": "975349349ca6484fb1709e6f5c345148", "OS-DCF:diskConfig": "MANUAL", "os-extended-volumes:volumes_attached": [], "accessIPv4": "", "accessIPv6": "", "progress": 0, "OS-EXT-STS:power_state": 1, "config_drive": "True", "metadata": {}}}
2016-01-27 10:29:00,786 20552 INFO     [tempest.common.waiters] State transition "BUILD/spawning" ==&gt; "ACTIVE/None" after 3 second wait
2016-01-27 10:29:01,001 20552 INFO     [tempest_lib.common.rest_client] Request (TestNetworkBasicOps:test_update_instance_port_admin_state): 200 GET http://10.4.1.3:8774/v2.1/975349349ca6484fb1709e6f5c345148/servers/9bcc9056-64ef-44c0-82ab-bbb486c3ebed 0.214s
2016-01-27 10:29:01,001 20552 DEBUG    [tempest_lib.common.rest_client] Request - Headers: {'Content-Type': 'application/json', 'Accept': 'application/json', 'X-Auth-Token': '&lt;omitted&gt;'}
        Body: None
    Response - Headers: {'status': '200', 'content-length': '1636', 'content-location': 'http://10.4.1.3:8774/v2.1/975349349ca6484fb1709e6f5c345148/servers/9bcc9056-64ef-44c0-82ab-bbb486c3ebed', 'x-compute-request-id': 'req-9cf4abe9-969d-49de-b679-a531a31494b2', 'vary': 'X-OpenStack-Nova-API-Version', 'connection': 'close', 'x-openstack-nova-api-version': '2.1', 'date': 'Wed, 27 Jan 2016 10:29:00 GMT', 'content-type': 'application/json'}
        Body: {"server": {"status": "ACTIVE", "updated": "2016-01-27T10:28:59Z", "hostId": "d9fb33ec7eeb886088f5c399c40d598e8e57196e71c143f60c3af456", "addresses": {"tempest-network-smoke--355368118": [{"OS-EXT-IPS-MAC:mac_addr": "fa:16:3e:38:f9:09", "version": 4, "addr": "10.100.0.3", "OS-EXT-IPS:type": "fixed"}]}, "links": [{"href": "http://10.4.1.3:8774/v2.1/975349349ca6484fb1709e6f5c345148/servers/9bcc9056-64ef-44c0-82ab-bbb486c3ebed", "rel": "self"}, {"href": "http://10.4.1.3:8774/975349349ca6484fb1709e6f5c345148/servers/9bcc9056-64ef-44c0-82ab-bbb486c3ebed", "rel": "bookmark"}], "key_name": "tempest-TestNetworkBasicOps-176748140", "image": {"id": "cd5b55e8-7541-4843-9bf7-fbcc85d93255", "links": [{"href": "http://10.4.1.3:8774/975349349ca6484fb1709e6f5c345148/images/cd5b55e8-7541-4843-9bf7-fbcc85d93255", "rel": "bookmark"}]}, "OS-EXT-STS:task_state": null, "OS-EXT-STS:vm_state": "active", "OS-SRV-USG:launched_at": "2016-01-27T10:28:59.000000", "flavor": {"id": "42", "links": [{"href": "http://10.4.1.3:8774/975349349ca6484fb1709e6f5c345148/flavors/42", "rel": "bookmark"}]}, "id": "9bcc9056-64ef-44c0-82ab-bbb486c3ebed", "security_groups": [{"name": "tempest-secgroup-smoke-494200597"}], "OS-SRV-USG:terminated_at": null, "OS-EXT-AZ:availability_zone": "nova", "user_id": "124ba2e112ce4b80960496696a8de16b", "name": "tempest-server-smoke-1058723001", "created": "2016-01-27T10:28:56Z", "tenant_id": "975349349ca6484fb1709e6f5c345148", "OS-DCF:diskConfig": "MANUAL", "os-extended-volumes:volumes_attached": [], "accessIPv4": "", "accessIPv6": "", "progress": 0, "OS-EXT-STS:power_state": 1, "config_drive": "True", "metadata": {}}}
2016-01-27 10:29:01,009 20552 INFO     [tempest.scenario.manager] Tenant networks not configured to be reachable.
2016-01-27 10:29:01,040 20552 INFO     [tempest_lib.common.rest_client] Request (TestNetworkBasicOps:test_update_instance_port_admin_state): 200 GET http://10.4.1.3:9696/v2.0/ports?status=ACTIVE&amp;fixed_ip=None&amp;device_id=9bcc9056-64ef-44c0-82ab-bbb486c3ebed 0.030s
2016-01-27 10:29:01,040 20552 DEBUG    [tempest_lib.common.rest_client] Request - Headers: {'Content-Type': 'application/json', 'Accept': 'application/json', 'X-Auth-Token': '&lt;omitted&gt;'}
        Body: None
    Response - Headers: {'status': '200', 'content-length': '895', 'content-location': 'http://10.4.1.3:9696/v2.0/ports?status=ACTIVE&amp;fixed_ip=None&amp;device_id=9bcc9056-64ef-44c0-82ab-bbb486c3ebed', 'connection': 'close', 'date': 'Wed, 27 Jan 2016 10:29:01 GMT', 'content-type': 'application/json; charset=UTF-8', 'x-openstack-request-id': 'req-d6e39221-580f-4b9c-bb56-5f5e5e0f5df1'}
        Body: {"ports": [{"status": "ACTIVE", "binding:host_id": "vagrant-ubuntu-trusty-64", "allowed_address_pairs": [], "extra_dhcp_opts": [], "dns_assignment": [{"hostname": "host-10-100-0-3", "ip_address": "10.100.0.3", "fqdn": "host-10-100-0-3.openstacklocal."}], "device_owner": "compute:None", "port_security_enabled": true, "binding:profile": {}, "fixed_ips": [{"subnet_id": "8c9c5539-9856-4b67-b186-dca60743ae16", "ip_address": "10.100.0.3"}], "id": "9380cdbd-07ed-49c1-96fe-f6f3489a3b7f", "security_groups": ["3e70c43e-c4f9-4cbf-9f3a-fb2d9b029cc2"], "device_id": "9bcc9056-64ef-44c0-82ab-bbb486c3ebed", "name": "", "admin_state_up": true, "network_id": "641de832-3711-4000-bc20-19423b4c606c", "dns_name": "", "binding:vif_details": {"port_filter": true}, "binding:vnic_type": "normal", "binding:vif_type": "ovs", "tenant_id": "975349349ca6484fb1709e6f5c345148", "mac_address": "fa:16:3e:38:f9:09"}]}
2016-01-27 10:29:01,503 20552 INFO     [tempest_lib.common.rest_client] Request (TestNetworkBasicOps:test_update_instance_port_admin_state): 201 POST http://10.4.1.3:9696/v2.0/floatingips 0.461s
2016-01-27 10:29:01,503 20552 DEBUG    [tempest_lib.common.rest_client] Request - Headers: {'Content-Type': 'application/json', 'Accept': 'application/json', 'X-Auth-Token': '&lt;omitted&gt;'}
        Body: {"floatingip": {"floating_network_id": "92fc98f1-cfd4-477c-adfd-dc4a7272108b", "tenant_id": "975349349ca6484fb1709e6f5c345148", "fixed_ip_address": "10.100.0.3", "port_id": "9380cdbd-07ed-49c1-96fe-f6f3489a3b7f"}}
    Response - Headers: {'status': '201', 'content-length': '368', 'connection': 'close', 'date': 'Wed, 27 Jan 2016 10:29:01 GMT', 'content-type': 'application/json; charset=UTF-8', 'x-openstack-request-id': 'req-48ca22f0-caad-40e3-ae09-c327363cf65b'}
        Body: {"floatingip": {"floating_network_id": "92fc98f1-cfd4-477c-adfd-dc4a7272108b", "router_id": "45fb6015-7009-4379-a6e3-0cda1bc84a0f", "fixed_ip_address": "10.100.0.3", "floating_ip_address": "172.24.4.18", "tenant_id": "975349349ca6484fb1709e6f5c345148", "status": "DOWN", "port_id": "9380cdbd-07ed-49c1-96fe-f6f3489a3b7f", "id": "64efa027-e9b0-40a2-89e4-3d4c3594dd2a"}}
2016-01-27 10:29:01,537 20552 INFO     [tempest_lib.common.rest_client] Request (TestNetworkBasicOps:test_update_instance_port_admin_state): 200 GET http://10.4.1.3:9696/v2.0/ports?device_id=9bcc9056-64ef-44c0-82ab-bbb486c3ebed 0.033s
2016-01-27 10:29:01,538 20552 DEBUG    [tempest_lib.common.rest_client] Request - Headers: {'Content-Type': 'application/json', 'Accept': 'application/json', 'X-Auth-Token': '&lt;omitted&gt;'}
        Body: None
    Response - Headers: {'status': '200', 'content-length': '895', 'content-location': 'http://10.4.1.3:9696/v2.0/ports?device_id=9bcc9056-64ef-44c0-82ab-bbb486c3ebed', 'connection': 'close', 'date': 'Wed, 27 Jan 2016 10:29:01 GMT', 'content-type': 'application/json; charset=UTF-8', 'x-openstack-request-id': 'req-70a55d39-c2b7-4779-a525-91a2e9b082cd'}
        Body: {"ports": [{"status": "ACTIVE", "binding:host_id": "vagrant-ubuntu-trusty-64", "allowed_address_pairs": [], "extra_dhcp_opts": [], "dns_assignment": [{"hostname": "host-10-100-0-3", "ip_address": "10.100.0.3", "fqdn": "host-10-100-0-3.openstacklocal."}], "device_owner": "compute:None", "port_security_enabled": true, "binding:profile": {}, "fixed_ips": [{"subnet_id": "8c9c5539-9856-4b67-b186-dca60743ae16", "ip_address": "10.100.0.3"}], "id": "9380cdbd-07ed-49c1-96fe-f6f3489a3b7f", "security_groups": ["3e70c43e-c4f9-4cbf-9f3a-fb2d9b029cc2"], "device_id": "9bcc9056-64ef-44c0-82ab-bbb486c3ebed", "name": "", "admin_state_up": true, "network_id": "641de832-3711-4000-bc20-19423b4c606c", "dns_name": "", "binding:vif_details": {"port_filter": true}, "binding:vnic_type": "normal", "binding:vif_type": "ovs", "tenant_id": "975349349ca6484fb1709e6f5c345148", "mac_address": "fa:16:3e:38:f9:09"}]}
2016-01-27 10:29:01,551 20552 INFO     [tempest_lib.common.rest_client] Request (TestNetworkBasicOps:test_update_instance_port_admin_state): 200 GET http://10.4.1.3:9696/v2.0/floatingips/64efa027-e9b0-40a2-89e4-3d4c3594dd2a 0.012s
2016-01-27 10:29:01,551 20552 DEBUG    [tempest_lib.common.rest_client] Request - Headers: {'Content-Type': 'application/json', 'Accept': 'application/json', 'X-Auth-Token': '&lt;omitted&gt;'}
        Body: None
    Response - Headers: {'status': '200', 'content-length': '368', 'content-location': 'http://10.4.1.3:9696/v2.0/floatingips/64efa027-e9b0-40a2-89e4-3d4c3594dd2a', 'connection': 'close', 'date': 'Wed, 27 Jan 2016 10:29:01 GMT', 'content-type': 'application/json; charset=UTF-8', 'x-openstack-request-id': 'req-af36d7f1-5bba-42c3-815f-e8008147a8b2'}
        Body: {"floatingip": {"floating_network_id": "92fc98f1-cfd4-477c-adfd-dc4a7272108b", "router_id": "45fb6015-7009-4379-a6e3-0cda1bc84a0f", "fixed_ip_address": "10.100.0.3", "floating_ip_address": "172.24.4.18", "tenant_id": "975349349ca6484fb1709e6f5c345148", "status": "DOWN", "port_id": "9380cdbd-07ed-49c1-96fe-f6f3489a3b7f", "id": "64efa027-e9b0-40a2-89e4-3d4c3594dd2a"}}
2016-01-27 10:29:02,569 20552 INFO     [tempest_lib.common.rest_client] Request (TestNetworkBasicOps:test_update_instance_port_admin_state): 200 GET http://10.4.1.3:9696/v2.0/floatingips/64efa027-e9b0-40a2-89e4-3d4c3594dd2a 0.015s
2016-01-27 10:29:02,569 20552 DEBUG    [tempest_lib.common.rest_client] Request - Headers: {'Content-Type': 'application/json', 'Accept': 'application/json', 'X-Auth-Token': '&lt;omitted&gt;'}
        Body: None
    Response - Headers: {'status': '200', 'content-length': '370', 'content-location': 'http://10.4.1.3:9696/v2.0/floatingips/64efa027-e9b0-40a2-89e4-3d4c3594dd2a', 'connection': 'close', 'date': 'Wed, 27 Jan 2016 10:29:02 GMT', 'content-type': 'application/json; charset=UTF-8', 'x-openstack-request-id': 'req-d1e8b70d-7a06-4157-b554-a6a1344d19ce'}
        Body: {"floatingip": {"floating_network_id": "92fc98f1-cfd4-477c-adfd-dc4a7272108b", "router_id": "45fb6015-7009-4379-a6e3-0cda1bc84a0f", "fixed_ip_address": "10.100.0.3", "floating_ip_address": "172.24.4.18", "tenant_id": "975349349ca6484fb1709e6f5c345148", "status": "ACTIVE", "port_id": "9380cdbd-07ed-49c1-96fe-f6f3489a3b7f", "id": "64efa027-e9b0-40a2-89e4-3d4c3594dd2a"}}
2016-01-27 10:29:02,570 20552 INFO     [tempest.scenario.manager] FloatingIP: &lt;"FloatingIP" addr="172.24.4.18" id="64efa027-e9b0-40a2-89e4-3d4c3594dd2a"&gt; is at status: ACTIVE
2016-01-27 10:29:02,570 20552 DEBUG    [tempest.scenario.manager] checking network connections to IP 172.24.4.18 with user: cirros
2016-01-27 10:29:02,570 20552 DEBUG    [tempest.scenario.manager] TestNetworkBasicOps:test_update_instance_port_admin_state begins to ping 172.24.4.18 in 120 sec and the expected result is reachable
2016-01-27 10:29:21,643 20552 DEBUG    [tempest.scenario.manager] TestNetworkBasicOps:test_update_instance_port_admin_state finishes ping 172.24.4.18 in 120 sec and the ping result is expected
2016-01-27 10:29:21,645 20552 INFO     [tempest_lib.common.ssh] Creating ssh connection to '172.24.4.18' as 'cirros' with public key authentication
2016-01-27 10:29:21,650 20552 WARNING  [tempest_lib.common.ssh] Failed to establish authenticated ssh connection to cirros@172.24.4.18 ([Errno None] Unable to connect to port 22 on  or 172.24.4.18). Number attempts: 1. Retry after 2 seconds.
2016-01-27 10:29:24,158 20552 WARNING  [tempest_lib.common.ssh] Failed to establish authenticated ssh connection to cirros@172.24.4.18 ([Errno None] Unable to connect to port 22 on  or 172.24.4.18). Number attempts: 2. Retry after 3 seconds.
2016-01-27 10:29:27,739 20552 INFO     [paramiko.transport] Connected (version 2.0, client dropbear_2012.55)
2016-01-27 10:29:28,142 20552 INFO     [paramiko.transport] Authentication (publickey) successful!
2016-01-27 10:29:28,172 20552 INFO     [tempest_lib.common.ssh] ssh connection to cirros@172.24.4.18 successfuly created
2016-01-27 10:29:28,581 20552 INFO     [tempest_lib.common.rest_client] Request (TestNetworkBasicOps:test_update_instance_port_admin_state): 200 PUT http://10.4.1.3:9696/v2.0/ports/9380cdbd-07ed-49c1-96fe-f6f3489a3b7f 0.291s
2016-01-27 10:29:28,582 20552 DEBUG    [tempest_lib.common.rest_client] Request - Headers: {'Content-Type': 'application/json', 'Accept': 'application/json', 'X-Auth-Token': '&lt;omitted&gt;'}
        Body: {"port": {"admin_state_up": false}}
    Response - Headers: {'status': '200', 'content-length': '750', 'connection': 'close', 'date': 'Wed, 27 Jan 2016 10:29:28 GMT', 'content-type': 'application/json; charset=UTF-8', 'x-openstack-request-id': 'req-82712b0f-d1c3-4440-8c04-0afa023c552d'}
        Body: {"port": {"status": "ACTIVE", "name": "", "allowed_address_pairs": [], "admin_state_up": false, "network_id": "641de832-3711-4000-bc20-19423b4c606c", "dns_name": "", "extra_dhcp_opts": [], "mac_address": "fa:16:3e:38:f9:09", "dns_assignment": [{"hostname": "host-10-100-0-3", "ip_address": "10.100.0.3", "fqdn": "host-10-100-0-3.openstacklocal."}], "binding:vnic_type": "normal", "device_owner": "compute:None", "tenant_id": "975349349ca6484fb1709e6f5c345148", "port_security_enabled": true, "fixed_ips": [{"subnet_id": "8c9c5539-9856-4b67-b186-dca60743ae16", "ip_address": "10.100.0.3"}], "id": "9380cdbd-07ed-49c1-96fe-f6f3489a3b7f", "security_groups": ["3e70c43e-c4f9-4cbf-9f3a-fb2d9b029cc2"], "device_id": "9bcc9056-64ef-44c0-82ab-bbb486c3ebed"}}
2016-01-27 10:29:28,583 20552 DEBUG    [tempest.scenario.manager] checking network connections to IP 172.24.4.18 with user: cirros
2016-01-27 10:29:28,583 20552 DEBUG    [tempest.scenario.manager] TestNetworkBasicOps:test_update_instance_port_admin_state begins to ping 172.24.4.18 in 120 sec and the expected result is unreachable
2016-01-27 10:31:29,131 20552 DEBUG    [tempest.scenario.manager] TestNetworkBasicOps:test_update_instance_port_admin_state finishes ping 172.24.4.18 in 120 sec and the ping result is unexpected
2016-01-27 10:31:29,132 20552 ERROR    [tempest.scenario.manager] Public network connectivity check failed: after updating admin_state_up of instance port to False
2016-01-27 10:31:29.132 20552 ERROR tempest.scenario.manager Traceback (most recent call last):
2016-01-27 10:31:29.132 20552 ERROR tempest.scenario.manager   File "tempest/scenario/manager.py", line 610, in check_public_network_connectivity
2016-01-27 10:31:29.132 20552 ERROR tempest.scenario.manager     should_connect=should_connect)
2016-01-27 10:31:29.132 20552 ERROR tempest.scenario.manager   File "tempest/scenario/manager.py", line 594, in check_vm_connectivity
2016-01-27 10:31:29.132 20552 ERROR tempest.scenario.manager     msg=msg)
2016-01-27 10:31:29.132 20552 ERROR tempest.scenario.manager   File "/usr/local/lib/python2.7/dist-packages/unittest2/case.py", line 702, in assertTrue
2016-01-27 10:31:29.132 20552 ERROR tempest.scenario.manager     raise self.failureException(msg)
2016-01-27 10:31:29.132 20552 ERROR tempest.scenario.manager AssertionError: False is not true : ip address 172.24.4.18 is reachable
2016-01-27 10:31:29.132 20552 ERROR tempest.scenario.manager 
2016-01-27 10:31:29,488 20552 INFO     [tempest_lib.common.rest_client] Request (TestNetworkBasicOps:test_update_instance_port_admin_state): 200 POST http://10.4.1.3:8774/v2.1/975349349ca6484fb1709e6f5c345148/servers/9bcc9056-64ef-44c0-82ab-bbb486c3ebed/action 0.353s
2016-01-27 10:31:29,488 20552 DEBUG    [tempest_lib.common.rest_client] Request - Headers: {'Content-Type': 'application/json', 'Accept': 'application/json', 'X-Auth-Token': '&lt;omitted&gt;'}
        Body: {"os-getConsoleOutput": {}}
    Response - Headers: {'status': '200', 'content-length': '19794', 'x-compute-request-id': 'req-6c5c34cb-9ed5-4e76-96a4-8e92297e891c', 'vary': 'X-OpenStack-Nova-API-Version', 'connection': 'close', 'x-openstack-nova-api-version': '2.1', 'date': 'Wed, 27 Jan 2016 10:31:29 GMT', 'content-type': 'application/json'}
        Body: {"output": "[    0.000000] Initializing cgroup subsys cpuset\n[    0.000000] Initializing cgroup subsys cpu\n[    0.000000] Linux version 3.2.0-80-virtual (buildd@batsu) (gcc version 4.6.3 (Ubuntu/Linaro 4.6.3-1ubuntu5) ) #116-Ubuntu SMP Mon Mar 23 17:28:52 UTC 2015 (Ubuntu 3.2.0-80.116-virtual 3.2.68)\n[    0.000000] Command line: root=/dev/vda console=tty0 console=ttyS0 no_timer_check\n[    0.000000] KERNEL supported cpus:\n[    0.000000]   Intel GenuineIntel\n[    0.000000]   AMD AuthenticAMD\n[    0.000000]   Centaur CentaurHauls\n[    0.000000] BIOS-provided physical RAM map:\n[    0.000000]  BIOS-e820: 0000000000000000 - 000000000009fc00 (usable)\n[    0.000000]  BIOS-e820: 000000000009fc00 - 00000000000a0000 (reserved)\n[    0.000000]  BIOS-e820: 00000000000f0000 - 0000000000100000 (reserved)\n[    0.000000]  BIOS-e820: 0000000000100000 - 0000000003ffe000 (usable)\n[    0.000000]  BIOS-e820: 0000000003ffe000 - 0000000004000000 (reserved)\n[    0.000000]  BIOS-e820: 00000000fffc0000 - 0000000100000000 (reserved)\n[    0.000000] NX (Execute Disable) protection: active\n[    0.000000] SMBIOS 2.4 present.\n[    0.000000] No AGP bridge found\n[    0.000000] last_pfn = 0x3ffe max_arch_pfn = 0x400000000\n[    0.000000] x86 PAT enabled: cpu 0, old 0x7040600070406, new 0x7010600070106\n[    0.000000] found SMP MP-table at [ffff8800000f0b00] f0b00\n[    0.000000] init_memory_mapping: 0000000000000000-0000000003ffe000\n[    0.000000] RAMDISK: 03c5e000 - 03ff0000\n[    0.000000] ACPI: RSDP 00000000000f0950 00014 (v00 BOCHS )\n[    0.000000] ACPI: RSDT 0000000003fffbc1 00034 (v01 BOCHS  BXPCRSDT 00000001 BXPC 00000001)\n[    0.000000] ACPI: FACP 0000000003fff1c0 00074 (v01 BOCHS  BXPCFACP 00000001 BXPC 00000001)\n[    0.000000] ACPI: DSDT 0000000003ffe040 01180 (v01 BOCHS  BXPCDSDT 00000001 BXPC 00000001)\n[    0.000000] ACPI: FACS 0000000003ffe000 00040\n[    0.000000] ACPI: SSDT 0000000003fff234 008DD (v01 BOCHS  BXPCSSDT 00000001 BXPC 00000001)\n[    0.000000] ACPI: APIC 0000000003fffb11 00078 (v01 BOCHS  BXPCAPIC 00000001 BXPC 00000001)\n[    0.000000] ACPI: HPET 0000000003fffb89 00038 (v01 BOCHS  BXPCHPET 00000001 BXPC 00000001)\n[    0.000000] No NUMA configuration found\n[    0.000000] Faking a node at 0000000000000000-0000000003ffe000\n[    0.000000] Initmem setup node 0 0000000000000000-0000000003ffe000\n[    0.000000]   NODE_DATA [0000000003ff6000 - 0000000003ffafff]\n[    0.000000] Zone PFN ranges:\n[    0.000000]   DMA      0x00000010 -&gt; 0x00001000\n[    0.000000]   DMA32    0x00001000 -&gt; 0x00100000\n[    0.000000]   Normal   empty\n[    0.000000] Movable zone start PFN for each node\n[    0.000000] early_node_map[2] active PFN ranges\n[    0.000000]     0: 0x00000010 -&gt; 0x0000009f\n[    0.000000]     0: 0x00000100 -&gt; 0x00003ffe\n[    0.000000] ACPI: PM-Timer IO Port: 0xb008\n[    0.000000] ACPI: LAPIC (acpi_id[0x00] lapic_id[0x00] enabled)\n[    0.000000] ACPI: LAPIC_NMI (acpi_id[0xff] dfl dfl lint[0x1])\n[    0.000000] ACPI: IOAPIC (id[0x00] address[0xfec00000] gsi_base[0])\n[    0.000000] IOAPIC[0]: apic_id 0, version 17, address 0xfec00000, GSI 0-23\n[    0.000000] ACPI: INT_SRC_OVR (bus 0 bus_irq 0 global_irq 2 dfl dfl)\n[    0.000000] ACPI: INT_SRC_OVR (bus 0 bus_irq 5 global_irq 5 high level)\n[    0.000000] ACPI: INT_SRC_OVR (bus 0 bus_irq 9 global_irq 9 high level)\n[    0.000000] ACPI: INT_SRC_OVR (bus 0 bus_irq 10 global_irq 10 high level)\n[    0.000000] ACPI: INT_SRC_OVR (bus 0 bus_irq 11 global_irq 11 high level)\n[    0.000000] Using ACPI (MADT) for SMP configuration information\n[    0.000000] ACPI: HPET id: 0x8086a201 base: 0xfed00000\n[    0.000000] SMP: Allowing 1 CPUs, 0 hotplug CPUs\n[    0.000000] PM: Registered nosave memory: 000000000009f000 - 00000000000a0000\n[    0.000000] PM: Registered nosave memory: 00000000000a0000 - 00000000000f0000\n[    0.000000] PM: Registered nosave memory: 00000000000f0000 - 0000000000100000\n[    0.000000] Allocating PCI resources starting at 4000000 (gap: 4000000:fbfc0000)\n[    0.000000] Booting paravirtualized kernel on bare hardware\n[    0.000000] setup_pe
2016-01-27 10:31:29,493 20552 DEBUG    [tempest.scenario.manager] Console output for 9bcc9056-64ef-44c0-82ab-bbb486c3ebed
body=
[    0.000000] Initializing cgroup subsys cpuset
[    0.000000] Initializing cgroup subsys cpu
[    0.000000] Linux version 3.2.0-80-virtual (buildd@batsu) (gcc version 4.6.3 (Ubuntu/Linaro 4.6.3-1ubuntu5) ) #116-Ubuntu SMP Mon Mar 23 17:28:52 UTC 2015 (Ubuntu 3.2.0-80.116-virtual 3.2.68)
[    0.000000] Command line: root=/dev/vda console=tty0 console=ttyS0 no_timer_check
[    0.000000] KERNEL supported cpus:
[    0.000000]   Intel GenuineIntel
[    0.000000]   AMD AuthenticAMD
[    0.000000]   Centaur CentaurHauls
[    0.000000] BIOS-provided physical RAM map:
[    0.000000]  BIOS-e820: 0000000000000000 - 000000000009fc00 (usable)
[    0.000000]  BIOS-e820: 000000000009fc00 - 00000000000a0000 (reserved)
[    0.000000]  BIOS-e820: 00000000000f0000 - 0000000000100000 (reserved)
[    0.000000]  BIOS-e820: 0000000000100000 - 0000000003ffe000 (usable)
[    0.000000]  BIOS-e820: 0000000003ffe000 - 0000000004000000 (reserved)
[    0.000000]  BIOS-e820: 00000000fffc0000 - 0000000100000000 (reserved)
[    0.000000] NX (Execute Disable) protection: active
[    0.000000] SMBIOS 2.4 present.
[    0.000000] No AGP bridge found
[    0.000000] last_pfn = 0x3ffe max_arch_pfn = 0x400000000
[    0.000000] x86 PAT enabled: cpu 0, old 0x7040600070406, new 0x7010600070106
[    0.000000] found SMP MP-table at [ffff8800000f0b00] f0b00
[    0.000000] init_memory_mapping: 0000000000000000-0000000003ffe000
[    0.000000] RAMDISK: 03c5e000 - 03ff0000
[    0.000000] ACPI: RSDP 00000000000f0950 00014 (v00 BOCHS )
[    0.000000] ACPI: RSDT 0000000003fffbc1 00034 (v01 BOCHS  BXPCRSDT 00000001 BXPC 00000001)
[    0.000000] ACPI: FACP 0000000003fff1c0 00074 (v01 BOCHS  BXPCFACP 00000001 BXPC 00000001)
[    0.000000] ACPI: DSDT 0000000003ffe040 01180 (v01 BOCHS  BXPCDSDT 00000001 BXPC 00000001)
[    0.000000] ACPI: FACS 0000000003ffe000 00040
[    0.000000] ACPI: SSDT 0000000003fff234 008DD (v01 BOCHS  BXPCSSDT 00000001 BXPC 00000001)
[    0.000000] ACPI: APIC 0000000003fffb11 00078 (v01 BOCHS  BXPCAPIC 00000001 BXPC 00000001)
[    0.000000] ACPI: HPET 0000000003fffb89 00038 (v01 BOCHS  BXPCHPET 00000001 BXPC 00000001)
[    0.000000] No NUMA configuration found
[    0.000000] Faking a node at 0000000000000000-0000000003ffe000
[    0.000000] Initmem setup node 0 0000000000000000-0000000003ffe000
[    0.000000]   NODE_DATA [0000000003ff6000 - 0000000003ffafff]
[    0.000000] Zone PFN ranges:
[    0.000000]   DMA      0x00000010 -&gt; 0x00001000
[    0.000000]   DMA32    0x00001000 -&gt; 0x00100000
[    0.000000]   Normal   empty
[    0.000000] Movable zone start PFN for each node
[    0.000000] early_node_map[2] active PFN ranges
[    0.000000]     0: 0x00000010 -&gt; 0x0000009f
[    0.000000]     0: 0x00000100 -&gt; 0x00003ffe
[    0.000000] ACPI: PM-Timer IO Port: 0xb008
[    0.000000] ACPI: LAPIC (acpi_id[0x00] lapic_id[0x00] enabled)
[    0.000000] ACPI: LAPIC_NMI (acpi_id[0xff] dfl dfl lint[0x1])
[    0.000000] ACPI: IOAPIC (id[0x00] address[0xfec00000] gsi_base[0])
[    0.000000] IOAPIC[0]: apic_id 0, version 17, address 0xfec00000, GSI 0-23
[    0.000000] ACPI: INT_SRC_OVR (bus 0 bus_irq 0 global_irq 2 dfl dfl)
[    0.000000] ACPI: INT_SRC_OVR (bus 0 bus_irq 5 global_irq 5 high level)
[    0.000000] ACPI: INT_SRC_OVR (bus 0 bus_irq 9 global_irq 9 high level)
[    0.000000] ACPI: INT_SRC_OVR (bus 0 bus_irq 10 global_irq 10 high level)
[    0.000000] ACPI: INT_SRC_OVR (bus 0 bus_irq 11 global_irq 11 high level)
[    0.000000] Using ACPI (MADT) for SMP configuration information
[    0.000000] ACPI: HPET id: 0x8086a201 base: 0xfed00000
[    0.000000] SMP: Allowing 1 CPUs, 0 hotplug CPUs
[    0.000000] PM: Registered nosave memory: 000000000009f000 - 00000000000a0000
[    0.000000] PM: Registered nosave memory: 00000000000a0000 - 00000000000f0000
[    0.000000] PM: Registered nosave memory: 00000000000f0000 - 0000000000100000
[    0.000000] Allocating PCI resources starting at 4000000 (gap: 4000000:fbfc0000)
[    0.000000] Booting paravirtualized kernel on bare hardware
[    0.000000] setup_percpu: NR_CPUS:64 nr_cpumask_bits:64 nr_cpu_ids:1 nr_node_ids:1
[    0.000000] PERCPU: Embedded 27 pages/cpu @ffff880003a00000 s78848 r8192 d23552 u2097152
[    0.000000] Built 1 zonelists in Node order, mobility grouping on.  Total pages: 16008
[    0.000000] Policy zone: DMA32
[    0.000000] Kernel command line: root=/dev/vda console=tty0 console=ttyS0 no_timer_check
[    0.000000] PID hash table entries: 256 (order: -1, 2048 bytes)
[    0.000000] Checking aperture...
[    0.000000] No AGP bridge found
[    0.000000] Memory: 43492k/65528k available (6576k kernel code, 452k absent, 21584k reserved, 6620k data, 928k init)
[    0.000000] SLUB: Genslabs=15, HWalign=64, Order=0-3, MinObjects=0, CPUs=1, Nodes=1
[    0.000000] Hierarchical RCU implementation.
[    0.000000] 	RCU dyntick-idle grace-period acceleration is enabled.
[    0.000000] NR_IRQS:4352 nr_irqs:256 16
[    0.000000] Console: colour VGA+ 80x25
[    0.000000] console [tty0] enabled
[    0.000000] console [ttyS0] enabled
[    0.000000] allocated 1048576 bytes of page_cgroup
[    0.000000] please try 'cgroup_disable=memory' option if you don't want memory cgroups
[    0.000000] Fast TSC calibration failed
[    0.000000] TSC: Unable to calibrate against PIT
[    0.000000] TSC: using HPET reference calibration
[    0.000000] Detected 2294.028 MHz processor.
[    0.045657] Calibrating delay loop (skipped), value calculated using timer frequency.. 4588.05 BogoMIPS (lpj=9176112)
[    0.049289] pid_max: default: 32768 minimum: 301
[    0.064660] Security Framework initialized
[    0.071554] AppArmor: AppArmor initialized
[    0.072164] Yama: becoming mindful.
[    0.081719] Dentry cache hash table entries: 8192 (order: 4, 65536 bytes)
[    0.084252] Inode-cache hash table entries: 4096 (order: 3, 32768 bytes)
[    0.086326] Mount-cache hash table entries: 256
[    0.106465] Initializing cgroup subsys cpuacct
[    0.108197] Initializing cgroup subsys memory
[    0.109507] Initializing cgroup subsys devices
[    0.110292] Initializing cgroup subsys freezer
[    0.112127] Initializing cgroup subsys blkio
[    0.112956] Initializing cgroup subsys perf_event
[    0.117592] mce: CPU supports 10 MCE banks
[    0.121806] SMP alternatives: switching to UP code
[    0.524778] Freeing SMP alternatives: 24k freed
[    0.526678] ACPI: Core revision 20110623
[    0.577952] ftrace: allocating 26610 entries in 105 pages
[    0.610295] ..TIMER: vector=0x30 apic1=0 pin1=2 apic2=-1 pin2=-1
[    0.612164] CPU0: AMD QEMU Virtual CPU version 2.0.0 stepping 03
[    0.616037] Performance Events: Broken PMU hardware detected, using software events only.
[    0.625069] NMI watchdog disabled (cpu0): hardware events not enabled
[    0.626667] Brought up 1 CPUs
[    0.627283] Total of 1 processors activated (4588.05 BogoMIPS).
[    0.649691] devtmpfs: initialized
[    0.677683] EVM: security.selinux
[    0.678056] EVM: security.SMACK64
[    0.678648] EVM: security.capability
[    0.697227] print_constraints: dummy: 
[    0.698796] RTC time: 10:29:03, date: 01/27/16
[    0.701735] NET: Registered protocol family 16
[    0.708760] ACPI: bus type pci registered
[    0.712475] PCI: Using configuration type 1 for base access
[    0.740465] bio: create slab &lt;bio-0&gt; at 0
[    0.744652] ACPI: Added _OSI(Module Device)
[    0.745227] ACPI: Added _OSI(Processor Device)
[    0.745816] ACPI: Added _OSI(3.0 _SCP Extensions)
[    0.746455] ACPI: Added _OSI(Processor Aggregator Device)
[    0.810631] ACPI: Interpreter enabled
[    0.812237] ACPI: (supports S0 S3 S4 S5)
[    0.813983] ACPI: Using IOAPIC for interrupt routing
[    0.878703] ACPI: No dock devices found.
[    0.880178] HEST: Table not found.
[    0.880768] PCI: Using host bridge windows from ACPI; if necessary, use "pci=nocrs" and report a bug
[    0.885913] ACPI: PCI Root Bridge [PCI0] (domain 0000 [bus 00-ff])
[    0.893280] pci_root PNP0A03:00: host bridge window [io  0x0000-0x0cf7]
[    0.894158] pci_root PNP0A03:00: host bridge window [io  0x0d00-0xadff]
[    0.895068] pci_root PNP0A03:00: host bridge window [io  0xae0f-0xaeff]
[    0.896106] pci_root PNP0A03:00: host bridge window [io  0xaf20-0xafdf]
[    0.897049] pci_root PNP0A03:00: host bridge window [io  0xafe4-0xffff]
[    0.897905] pci_root PNP0A03:00: host bridge window [mem 0x000a0000-0x000bffff]
[    0.898804] pci_root PNP0A03:00: host bridge window [mem 0x04000000-0xfebfffff]
[    0.921004] pci 0000:00:01.3: quirk: [io  0xb000-0xb03f] claimed by PIIX4 ACPI
[    0.921938] pci 0000:00:01.3: quirk: [io  0xb100-0xb10f] claimed by PIIX4 SMB
[    0.989561]  pci0000:00: Unable to request _OSC control (_OSC support mask: 0x1e)
[    1.045581] ACPI: PCI Interrupt Link [LNKA] (IRQs 5 *10 11)
[    1.048727] ACPI: PCI Interrupt Link [LNKB] (IRQs 5 *10 11)
[    1.050536] ACPI: PCI Interrupt Link [LNKC] (IRQs 5 10 *11)
[    1.052826] ACPI: PCI Interrupt Link [LNKD] (IRQs 5 10 *11)
[    1.054014] ACPI: PCI Interrupt Link [LNKS] (IRQs *9)
[    1.060065] vgaarb: device added: PCI:0000:00:02.0,decodes=io+mem,owns=io+mem,locks=none
[    1.060186] vgaarb: loaded
[    1.060546] vgaarb: bridge control possible 0000:00:02.0
[    1.065439] i2c-core: driver [aat2870] using legacy suspend method
[    1.066104] i2c-core: driver [aat2870] using legacy resume method
[    1.068899] SCSI subsystem initialized
[    1.073097] usbcore: registered new interface driver usbfs
[    1.074204] usbcore: registered new interface driver hub
[    1.075377] usbcore: registered new device driver usb
[    1.078661] PCI: Using ACPI for IRQ routing
[    1.089408] NetLabel: Initializing
[    1.089844] NetLabel:  domain hash size = 128
[    1.090330] NetLabel:  protocols = UNLABELED CIPSOv4
[    1.093201] NetLabel:  unlabeled traffic allowed by default
[    1.095113] HPET: 3 timers in total, 0 timers will be used for per-cpu timer
[    1.096414] hpet0: at MMIO 0xfed00000, IRQs 2, 8, 0
[    1.097294] hpet0: 3 comparators, 64-bit 100.000000 MHz counter
[    1.110543] Switching to clocksource hpet
[    1.355466] AppArmor: AppArmor Filesystem Enabled
[    1.358407] pnp: PnP ACPI init
[    1.359022] ACPI: bus type pnp registered
[    1.379154] pnp: PnP ACPI: found 9 devices
[    1.379696] ACPI: ACPI bus type pnp unregistered
[    1.442535] NET: Registered protocol family 2
[    1.475386] IP route cache hash table entries: 512 (order: 0, 4096 bytes)
[    1.482624] TCP established hash table entries: 2048 (order: 3, 32768 bytes)
[    1.483987] TCP bind hash table entries: 2048 (order: 3, 32768 bytes)
[    1.485631] TCP: Hash tables configured (established 2048 bind 2048)
[    1.486454] TCP reno registered
[    1.487011] UDP hash table entries: 128 (order: 0, 4096 bytes)
[    1.487930] UDP-Lite hash table entries: 128 (order: 0, 4096 bytes)
[    1.491009] NET: Registered protocol family 1
[    1.491859] pci 0000:00:00.0: Limiting direct PCI/PCI transfers
[    1.493298] pci 0000:00:01.0: PIIX3: Enabling Passive Release
[    1.494276] pci 0000:00:01.0: Activating ISA DMA hang workarounds
[    1.498770] ACPI: PCI Interrupt Link [LNKD] enabled at IRQ 11
[    1.499752] pci 0000:00:01.2: PCI INT D -&gt; Link[LNKD] -&gt; GSI 11 (level, high) -&gt; IRQ 11
[    1.502519] pci 0000:00:01.2: PCI INT D disabled
[    1.519568] Trying to unpack rootfs image as initramfs...
[    1.537964] audit: initializing netlink socket (disabled)
[    1.539401] type=2000 audit(1453890543.536:1): initialized
[    1.811498] HugeTLB registered 2 MB page size, pre-allocated 0 pages
[    1.883354] VFS: Disk quotas dquot_6.5.2
[    1.885352] Dquot-cache hash table entries: 512 (order 0, 4096 bytes)
[    1.906956] fuse init (API version 7.17)
[    1.910195] msgmni has been set to 84
[    1.944100] Block layer SCSI generic (bsg) driver version 0.4 loaded (major 253)
[    1.953407] io scheduler noop registered
[    1.954088] io scheduler deadline registered (default)
[    1.955487] io scheduler cfq registered
[    1.959133] pci_hotplug: PCI Hot Plug PCI Core version: 0.5
[    1.962099] pciehp: PCI Express Hot Plug Controller Driver version: 0.4
[    1.967270] input: Power Button as /devices/LNXSYSTM:00/LNXPWRBN:00/input/input0
[    1.969493] ACPI: Power Button [PWRF]
[    2.010516] ERST: Table is not found!
[    2.011024] GHES: HEST is not enabled!
[    2.023163] ACPI: PCI Interrupt Link [LNKC] enabled at IRQ 10
[    2.023864] virtio-pci 0000:00:03.0: PCI INT A -&gt; Link[LNKC] -&gt; GSI 10 (level, high) -&gt; IRQ 10
[    2.027709] virtio-pci 0000:00:04.0: PCI INT A -&gt; Link[LNKD] -&gt; GSI 11 (level, high) -&gt; IRQ 11
[    2.043015] ACPI: PCI Interrupt Link [LNKA] enabled at IRQ 10
[    2.043741] virtio-pci 0000:00:05.0: PCI INT A -&gt; Link[LNKA] -&gt; GSI 10 (level, high) -&gt; IRQ 10
[    2.053452] Serial: 8250/16550 driver, 32 ports, IRQ sharing enabled
[    2.098058] serial8250: ttyS0 at I/O 0x3f8 (irq = 4) is a 16550A
[    2.180037] serial8250: ttyS1 at I/O 0x2f8 (irq = 3) is a 16550A
[    2.308757] 00:05: ttyS0 at I/O 0x3f8 (irq = 4) is a 16550A
[    2.392529] 00:06: ttyS1 at I/O 0x2f8 (irq = 3) is a 16550A
[    2.439864] Linux agpgart interface v0.103
[    2.505373] Refined TSC clocksource calibration: 2294.019 MHz.
[    2.506466] Switching to clocksource tsc
[    2.526908] brd: module loaded
[    2.559131] loop: module loaded
[    2.603681]  vda: unknown partition table
[    2.658009] scsi0 : ata_piix
[    2.661259] scsi1 : ata_piix
[    2.663248] ata1: PATA max MWDMA2 cmd 0x1f0 ctl 0x3f6 bmdma 0xc0a0 irq 14
[    2.665348] ata2: PATA max MWDMA2 cmd 0x170 ctl 0x376 bmdma 0xc0a8 irq 15
[    2.683093] Fixed MDIO Bus: probed
[    2.683909] tun: Universal TUN/TAP device driver, 1.6
[    2.684866] tun: (C) 1999-2004 Max Krasnyansky &lt;maxk@qualcomm.com&gt;
[    2.703480] PPP generic driver version 2.4.2
[    2.717564] ehci_hcd: USB 2.0 'Enhanced' Host Controller (EHCI) Driver
[    2.717564] ohci_hcd: USB 1.1 'Open' Host Controller (OHCI) Driver
[    2.717564] uhci_hcd: USB Universal Host Controller Interface driver
[    2.723056] uhci_hcd 0000:00:01.2: PCI INT D -&gt; Link[LNKD] -&gt; GSI 11 (level, high) -&gt; IRQ 11
[    2.726446] uhci_hcd 0000:00:01.2: UHCI Host Controller
[    2.741654] uhci_hcd 0000:00:01.2: new USB bus registered, assigned bus number 1
[    2.743494] uhci_hcd 0000:00:01.2: irq 11, io base 0x0000c040
[    2.771316] hub 1-0:1.0: USB hub found
[    2.773883] hub 1-0:1.0: 2 ports detected
[    2.783964] usbcore: registered new interface driver libusual
[    2.787896] i8042: PNP: PS/2 Controller [PNP0303:KBD,PNP0f13:MOU] at 0x60,0x64 irq 1,12
[    2.800827] serio: i8042 KBD port at 0x60,0x64 irq 1
[    2.802688] serio: i8042 AUX port at 0x60,0x64 irq 12
[    2.855539] mousedev: PS/2 mouse device common for all mice
[    2.867920] input: AT Translated Set 2 keyboard as /devices/platform/i8042/serio0/input/input1
[    2.878939] rtc_cmos 00:01: RTC can wake from S4
[    2.911859] rtc_cmos 00:01: rtc core: registered rtc_cmos as rtc0
[    2.916027] rtc0: alarms up to one day, 114 bytes nvram, hpet irqs
[    2.919673] device-mapper: uevent: version 1.0.3
[    2.936938] ata2.01: ATAPI: QEMU DVD-ROM, 2.0.0, max UDMA/100
[    2.954177] device-mapper: ioctl: 4.22.0-ioctl (2011-10-19) initialised: dm-devel@redhat.com
[    2.956431] cpuidle: using governor ladder
[    2.959469] cpuidle: using governor menu
[    2.960832] EFI Variables Facility v0.08 2004-May-17
[    2.975182] TCP cubic registered
[    2.983045] NET: Registered protocol family 10
[    3.008873] NET: Registered protocol family 17
[    3.010130] Registering the dns_resolver key type
[    3.016947] ata2.01: configured for MWDMA2
[    3.046608] scsi 1:0:1:0: CD-ROM            QEMU     QEMU DVD-ROM     2.0. PQ: 0 ANSI: 5
[    3.066675] sr0: scsi3-mmc drive: 4x/4x cd/rw xa/form2 tray
[    3.069160] cdrom: Uniform CD-ROM driver Revision: 3.20
[    3.096153] sr 1:0:1:0: Attached scsi generic sg0 type 5
[    3.138514] registered taskstats version 1
[    3.240663] Freeing initrd memory: 3656k freed
[    3.731771]   Magic number: 0:982:477
[    3.746399] rtc_cmos 00:01: setting system clock to 2016-01-27 10:29:06 UTC (1453890546)
[    3.749116] powernow-k8: Processor cpuid 663 not supported
[    3.755815] BIOS EDD facility v0.16 2004-Jun-25, 0 devices found
[    3.757553] EDD information not available.
[    3.825597] Freeing unused kernel memory: 928k freed
[    3.830863] Write protecting the kernel read-only data: 12288k
[    3.927205] Freeing unused kernel memory: 1596k freed
[    3.995381] Freeing unused kernel memory: 1184k freed

info: initramfs: up at 4.18
modprobe: module virtio_blk not found in modules.dep
modprobe: module virtio_net not found in modules.dep
info: copying initramfs to /dev/vda
info: initramfs loading root from /dev/vda
info: /etc/init.d/rc.sysinit: up at 9.19
info: container: none
Starting logging: OK
modprobe: module virtio_blk not found in modules.dep
modprobe: module virtio_net not found in modules.dep
WARN: /etc/rc3.d/S10-load-modules failed
Initializing random number generator... done.
Starting acpid: OK
cirros-ds 'local' up at 11.69
found datasource (configdrive, local)
Starting network...
udhcpc (v1.20.1) started
Sending discover...
Sending select for 10.100.0.3...
Lease of 10.100.0.3 obtained, lease time 86400
route: SIOCADDRT: File exists
WARN: failed: route add -net "0.0.0.0/0" gw "10.100.0.1"
Starting dropbear sshd: generating rsa key... generating dsa key... OK
no userdata for datasource
=== system information ===
Platform: OpenStack Foundation OpenStack Nova
Container: none
Arch: x86_64
CPU(s): 1 @ 2294.028 MHz
Cores/Sockets/Threads: 1/1/1
Virt-type: AMD-V
RAM Size: 49MB
Disks:
NAME MAJ:MIN     SIZE LABEL         MOUNTPOINT
vda  253:0   25165824 cirros-rootfs /
sr0   11:0     428032 config-2      
=== sshd host keys ===
-----BEGIN SSH HOST KEY KEYS-----
ssh-rsa AAAAB3NzaC1yc2EAAAADAQABAAAAgwCtgseedbzOVyv6S/DUx5OqslfmlZpK7XlfQWi/gWmxdM43dywfLVnys0QnnfVUjA9DSL4K2vdrVdzhczXd0fxwGn8bfl7g6O+7sZ7+dlhG/q0uwv4qgba6+jQwU68+zYDDlhEiLzzqbBC5YyV+ButgfCH+zDhlZym/xk+XBiIX2kfr root@tempest-server-smoke-1058723001
ssh-dss AAAAB3NzaC1kc3MAAACBAMXm8vrxfNjOVmKJQLB3g2lnX2Qp4YUEzlbc5kg7Qc0mza8UpLqjxECUF9zathmJc3i1BzNSbECYhZC7Hwp0F7vDK0QjNxQuJhZCXd/0R4mIgBJCsHv6hQDBl3+rllcP8v8jyMo7atr8NWuO1msKZgpmhIXdIV+LQ5bjc/M8iSLTAAAAFQDFtW54udB8Hrw1fAFdJN/Bto8T7QAAAIEAuIDYZ/eCHUYe/HkDu8By1aUht4a2eFymcbmvtwc7SkFBGv+4lkwl1EM8IUCqOhP16K/ohnKq9xyGhgSyh4PDHQ7Tvbo0hwkHQRJ3bFYRZXWTQ3nQVa9nBi+VlJiGiabo+Pwr9a7+mE3yOFIAQ1g4vBoiQ1pBSTAFi7oOGA8LVMcAAACBAJQdK7tBoOTtGzpXwIpU2yfpBne9LUUcGbtrWpWvCF60vmOThdjXzLmNPSNm81d6C49f3moTjz5MKl/XzC+qJLVw/XevaHhY67Wq+MSPwPRwkm/g4ZGdlK9FLZdO0pIrrEDUtkyJNYkmjNFwTqqm7SqNlrrZJ5RgmFSq4IVoe60Z root@tempest-server-smoke-1058723001
-----END SSH HOST KEY KEYS-----
=== network info ===
if-info: lo,up,127.0.0.1,8,::1
if-info: eth0,up,10.100.0.3,28,fe80::f816:3eff:fe38:f909
ip-route:default via 10.100.0.1 dev eth0 
ip-route:10.100.0.0/28 dev eth0  src 10.100.0.3 
ip-route:169.254.169.254 via 10.100.0.1 dev eth0 
=== datasource: configdrive local ===
instance-id: 9bcc9056-64ef-44c0-82ab-bbb486c3ebed
name: tempest-server-smoke-1058723001
availability-zone: nova
local-hostname: tempest-server-smoke-1058723001.novalocal
launch-index: 0
=== cirros: current=0.3.4 uptime=24.60 ===
  ____               ____  ____
 / __/ __ ____ ____ / __ \/ __/
/ /__ / // __// __// /_/ /\ \ 
\___//_//_/  /_/   \____/___/ 
   http://cirros-cloud.net


login as 'cirros' user. default password: 'cubswin:)'. use 'sudo' for root.
tempest-server-smoke-1058723001 login: 
2016-01-27 10:31:29,732 20552 INFO     [tempest_lib.common.rest_client] Request (TestNetworkBasicOps:_run_cleanups): 204 DELETE http://10.4.1.3:9696/v2.0/floatingips/64efa027-e9b0-40a2-89e4-3d4c3594dd2a 0.233s
2016-01-27 10:31:29,732 20552 DEBUG    [tempest_lib.common.rest_client] Request - Headers: {'Content-Type': 'application/json', 'Accept': 'application/json', 'X-Auth-Token': '&lt;omitted&gt;'}
        Body: None
    Response - Headers: {'date': 'Wed, 27 Jan 2016 10:31:29 GMT', 'status': '204', 'connection': 'close', 'content-length': '0', 'x-openstack-request-id': 'req-005c2f5a-5f3d-469a-bc27-8a5fd7455130'}
        Body: 
2016-01-27 10:31:29,944 20552 INFO     [tempest_lib.common.rest_client] Request (TestNetworkBasicOps:_run_cleanups): 204 DELETE http://10.4.1.3:8774/v2.1/975349349ca6484fb1709e6f5c345148/servers/9bcc9056-64ef-44c0-82ab-bbb486c3ebed 0.211s
2016-01-27 10:31:29,944 20552 DEBUG    [tempest_lib.common.rest_client] Request - Headers: {'Content-Type': 'application/json', 'Accept': 'application/json', 'X-Auth-Token': '&lt;omitted&gt;'}
        Body: None
    Response - Headers: {'status': '204', 'content-length': '0', 'x-compute-request-id': 'req-6acb08de-0b31-4db7-aa4a-26e8659f8e48', 'vary': 'X-OpenStack-Nova-API-Version', 'connection': 'close', 'x-openstack-nova-api-version': '2.1', 'date': 'Wed, 27 Jan 2016 10:31:29 GMT', 'content-type': 'application/json'}
        Body: 
2016-01-27 10:31:30,140 20552 INFO     [tempest_lib.common.rest_client] Request (TestNetworkBasicOps:_run_cleanups): 200 GET http://10.4.1.3:8774/v2.1/975349349ca6484fb1709e6f5c345148/servers/9bcc9056-64ef-44c0-82ab-bbb486c3ebed 0.195s
2016-01-27 10:31:30,140 20552 DEBUG    [tempest_lib.common.rest_client] Request - Headers: {'Content-Type': 'application/json', 'Accept': 'application/json', 'X-Auth-Token': '&lt;omitted&gt;'}
        Body: None
    Response - Headers: {'status': '200', 'content-length': '1760', 'content-location': 'http://10.4.1.3:8774/v2.1/975349349ca6484fb1709e6f5c345148/servers/9bcc9056-64ef-44c0-82ab-bbb486c3ebed', 'x-compute-request-id': 'req-d466ad29-be1f-4484-8da2-d346b37f398d', 'vary': 'X-OpenStack-Nova-API-Version', 'connection': 'close', 'x-openstack-nova-api-version': '2.1', 'date': 'Wed, 27 Jan 2016 10:31:30 GMT', 'content-type': 'application/json'}
        Body: {"server": {"status": "ACTIVE", "updated": "2016-01-27T10:31:29Z", "hostId": "d9fb33ec7eeb886088f5c399c40d598e8e57196e71c143f60c3af456", "addresses": {"tempest-network-smoke--355368118": [{"OS-EXT-IPS-MAC:mac_addr": "fa:16:3e:38:f9:09", "version": 4, "addr": "10.100.0.3", "OS-EXT-IPS:type": "fixed"}, {"OS-EXT-IPS-MAC:mac_addr": "fa:16:3e:38:f9:09", "version": 4, "addr": "172.24.4.18", "OS-EXT-IPS:type": "floating"}]}, "links": [{"href": "http://10.4.1.3:8774/v2.1/975349349ca6484fb1709e6f5c345148/servers/9bcc9056-64ef-44c0-82ab-bbb486c3ebed", "rel": "self"}, {"href": "http://10.4.1.3:8774/975349349ca6484fb1709e6f5c345148/servers/9bcc9056-64ef-44c0-82ab-bbb486c3ebed", "rel": "bookmark"}], "key_name": "tempest-TestNetworkBasicOps-176748140", "image": {"id": "cd5b55e8-7541-4843-9bf7-fbcc85d93255", "links": [{"href": "http://10.4.1.3:8774/975349349ca6484fb1709e6f5c345148/images/cd5b55e8-7541-4843-9bf7-fbcc85d93255", "rel": "bookmark"}]}, "OS-EXT-STS:task_state": "deleting", "OS-EXT-STS:vm_state": "active", "OS-SRV-USG:launched_at": "2016-01-27T10:28:59.000000", "flavor": {"id": "42", "links": [{"href": "http://10.4.1.3:8774/975349349ca6484fb1709e6f5c345148/flavors/42", "rel": "bookmark"}]}, "id": "9bcc9056-64ef-44c0-82ab-bbb486c3ebed", "security_groups": [{"name": "tempest-secgroup-smoke-494200597"}], "OS-SRV-USG:terminated_at": null, "OS-EXT-AZ:availability_zone": "nova", "user_id": "124ba2e112ce4b80960496696a8de16b", "name": "tempest-server-smoke-1058723001", "created": "2016-01-27T10:28:56Z", "tenant_id": "975349349ca6484fb1709e6f5c345148", "OS-DCF:diskConfig": "MANUAL", "os-extended-volumes:volumes_attached": [], "accessIPv4": "", "accessIPv6": "", "progress": 0, "OS-EXT-STS:power_state": 1, "config_drive": "True", "metadata": {}}}
2016-01-27 10:31:31,476 20552 INFO     [tempest_lib.common.rest_client] Request (TestNetworkBasicOps:_run_cleanups): 200 GET http://10.4.1.3:8774/v2.1/975349349ca6484fb1709e6f5c345148/servers/9bcc9056-64ef-44c0-82ab-bbb486c3ebed 0.324s
2016-01-27 10:31:31,478 20552 DEBUG    [tempest_lib.common.rest_client] Request - Headers: {'Content-Type': 'application/json', 'Accept': 'application/json', 'X-Auth-Token': '&lt;omitted&gt;'}
        Body: None
