<?xml version="1.0" encoding="UTF-8"?>
<!DOCTYPE html PUBLIC "-//W3C//DTD XHTML 1.0 Strict//EN"
     "http://www.w3.org/TR/xhtml1/DTD/xhtml1-strict.dtd">
<html xmlns="http://www.w3.org/1999/xhtml">
<head>
    <title>Unit Test Report</title>
    <meta name="generator" content="subunit2html 0.1"/>
    <meta http-equiv="Content-Type" content="text/html; charset=UTF-8"/>
    
<style type="text/css" media="screen">
body        { font-family: verdana, arial, helvetica, sans-serif;
    font-size: 80%; }
table       { font-size: 100%; width: 100%;}
pre         { font-size: 80%; }

/* -- heading -------------------------------------------------------------- */
h1 {
        font-size: 16pt;
        color: gray;
}
.heading {
    margin-top: 0ex;
    margin-bottom: 1ex;
}

.heading .attribute {
    margin-top: 1ex;
    margin-bottom: 0;
}

.heading .description {
    margin-top: 4ex;
    margin-bottom: 6ex;
}

/* -- css div popup -------------------------------------------------------- */
a.popup_link {
}

a.popup_link:hover {
    color: red;
}

.popup_window {
    display: none;
    overflow-x: scroll;
    /*border: solid #627173 1px; */
    padding: 10px;
    background-color: #E6E6D6;
    font-family: "Ubuntu Mono", "Lucida Console", "Courier New", monospace;
    text-align: left;
    font-size: 8pt;
}

}
/* -- report --------------------------------------------------------------- */
#show_detail_line {
    margin-top: 3ex;
    margin-bottom: 1ex;
}
#result_table {
    width: 100%;
    border-collapse: collapse;
    border: 1px solid #777;
}
#header_row {
    font-weight: bold;
    color: white;
    background-color: #777;
}
#result_table td {
    border: 1px solid #777;
    padding: 2px;
}
#total_row  { font-weight: bold; }
.passClass  { background-color: #6c6; }
.failClass  { background-color: #c60; }
.errorClass { background-color: #c00; }
.passCase   { color: #6c6; }
.failCase   { color: #c60; font-weight: bold; }
.errorCase  { color: #c00; font-weight: bold; }
.hiddenRow  { display: none; }
.testcase   { margin-left: 2em; }
td.testname {width: 40%}
td.small {width: 40px}

/* -- ending --------------------------------------------------------------- */
#ending {
}

</style>

</head>
<body>
<script language="javascript" type="text/javascript"><!--
output_list = Array();

/* level - 0:Summary; 1:Failed; 2:All */
function showCase(level) {
    trs = document.getElementsByTagName("tr");
    for (var i = 0; i < trs.length; i++) {
        tr = trs[i];
        id = tr.id;
        if (id.substr(0,2) == 'ft') {
            if (level < 1) {
                tr.className = 'hiddenRow';
            }
            else {
                tr.className = '';
            }
        }
        if (id.substr(0,2) == 'pt') {
            if (level > 1) {
                tr.className = '';
            }
            else {
                tr.className = 'hiddenRow';
            }
        }
    }
}


function showClassDetail(cid, count) {
    var id_list = Array(count);
    var toHide = 1;
    for (var i = 0; i < count; i++) {
        tid0 = 't' + cid.substr(1) + '.' + (i+1);
        tid = 'f' + tid0;
        tr = document.getElementById(tid);
        if (!tr) {
            tid = 'p' + tid0;
            tr = document.getElementById(tid);
        }
        id_list[i] = tid;
        if (tr.className) {
            toHide = 0;
        }
    }
    for (var i = 0; i < count; i++) {
        tid = id_list[i];
        if (toHide) {
            document.getElementById('div_'+tid).style.display = 'none'
            document.getElementById(tid).className = 'hiddenRow';
        }
        else {
            document.getElementById(tid).className = '';
        }
    }
}


function showTestDetail(div_id){
    var details_div = document.getElementById(div_id)
    var displayState = details_div.style.display
    // alert(displayState)
    if (displayState != 'block' ) {
        displayState = 'block'
        details_div.style.display = 'block'
    }
    else {
        details_div.style.display = 'none'
    }
}


function html_escape(s) {
    s = s.replace(/&/g,'&amp;');
    s = s.replace(/</g,'&lt;');
    s = s.replace(/>/g,'&gt;');
    return s;
}

/* obsoleted by detail in <div>
function showOutput(id, name) {
    var w = window.open("", //url
                    name,
                    "resizable,scrollbars,status,width=800,height=450");
    d = w.document;
    d.write("<pre>");
    d.write(html_escape(output_list[id]));
    d.write("\n");
    d.write("<a href='javascript:window.close()'>close</a>\n");
    d.write("</pre>\n");
    d.close();
}
*/
--></script>

<div class='heading'>
<h1>Unit Test Report</h1>

<p class='attribute'><strong>Status:</strong> Pass 8 Failure 1</p>

<p class='description'></p>
</div>



<p id='show_detail_line'>Show
<a href='javascript:showCase(0)'>Summary</a>
<a href='javascript:showCase(1)'>Failed</a>
<a href='javascript:showCase(2)'>All</a>
</p>
<table id='result_table'>
<colgroup>
<col align='left' />
<col align='right' />
<col align='right' />
<col align='right' />
<col align='right' />
<col align='right' />
<col align='right' />
<col align='right' />
</colgroup>
<tr id='header_row'>
    <td>Test Group/Test case</td>
    <td>Count</td>
    <td>Pass</td>
    <td>Fail</td>
    <td>Error</td>
    <td>Skip</td>
    <td>View</td>
    <td> </td>
</tr>

<tr class='failClass'>
    <td class="testname">tempest.scenario.test_network_basic_ops.TestNetworkBasicOps</td>
    <td class="small">9</td>
    <td class="small">8</td>
    <td class="small">1</td>
    <td class="small">0</td>
    <td class="small">0</td>
    <td class="small"><a href="javascript:showClassDetail('c1',9)"
>Detail</a></td>
    <td> </td>
</tr>

<tr id='pt1.1' class='hiddenRow'>
    <td class='none'><div class='testcase'>test_connectivity_between_vms_on_different_networks[compute,id-1546850e-fbaa-42f5-8b5f-03d8a6a95f15,network]</div></td>
    <td colspan='7' align='left'>

    <!--css div popup start-->
    <a class="popup_link" onfocus='this.blur();'
    href="javascript:showTestDetail('div_pt1.1')" >
        pass</a>

    <div id='div_pt1.1' class="popup_window">
        <div style='text-align: right; color:red;cursor:pointer'>
        <a onfocus='this.blur();'
onclick="document.getElementById('div_pt1.1').style.display = 'none' " >
           [x]</a>
        </div>
        <pre>
        
pt1.1: tempest.scenario.test_network_basic_ops.TestNetworkBasicOps.test_connectivity_between_vms_on_different_networks[compute,id-1546850e-fbaa-42f5-8b5f-03d8a6a95f15,network]

        </pre>
    </div>
    <!--css div popup end-->

    </td>
</tr>

<tr id='pt1.2' class='hiddenRow'>
    <td class='none'><div class='testcase'>test_hotplug_nic[compute,id-c5adff73-e961-41f1-b4a9-343614f18cfa,network]</div></td>
    <td colspan='7' align='left'>

    <!--css div popup start-->
    <a class="popup_link" onfocus='this.blur();'
    href="javascript:showTestDetail('div_pt1.2')" >
        pass</a>

    <div id='div_pt1.2' class="popup_window">
        <div style='text-align: right; color:red;cursor:pointer'>
        <a onfocus='this.blur();'
onclick="document.getElementById('div_pt1.2').style.display = 'none' " >
           [x]</a>
        </div>
        <pre>
        
pt1.2: tempest.scenario.test_network_basic_ops.TestNetworkBasicOps.test_hotplug_nic[compute,id-c5adff73-e961-41f1-b4a9-343614f18cfa,network]

        </pre>
    </div>
    <!--css div popup end-->

    </td>
</tr>

<tr id='pt1.3' class='hiddenRow'>
    <td class='none'><div class='testcase'>test_network_basic_ops[compute,id-f323b3ba-82f8-4db7-8ea6-6a895869ec49,network,smoke]</div></td>
    <td colspan='7' align='left'>

    <!--css div popup start-->
    <a class="popup_link" onfocus='this.blur();'
    href="javascript:showTestDetail('div_pt1.3')" >
        pass</a>

    <div id='div_pt1.3' class="popup_window">
        <div style='text-align: right; color:red;cursor:pointer'>
        <a onfocus='this.blur();'
onclick="document.getElementById('div_pt1.3').style.display = 'none' " >
           [x]</a>
        </div>
        <pre>
        
pt1.3: tempest.scenario.test_network_basic_ops.TestNetworkBasicOps.test_network_basic_ops[compute,id-f323b3ba-82f8-4db7-8ea6-6a895869ec49,network,smoke]

        </pre>
    </div>
    <!--css div popup end-->

    </td>
</tr>

<tr id='pt1.4' class='hiddenRow'>
    <td class='none'><div class='testcase'>test_port_security_macspoofing_port[compute,id-7c0bb1a2-d053-49a4-98f9-ca1a1d849f63,network]</div></td>
    <td colspan='7' align='left'>

    <!--css div popup start-->
    <a class="popup_link" onfocus='this.blur();'
    href="javascript:showTestDetail('div_pt1.4')" >
        pass</a>

    <div id='div_pt1.4' class="popup_window">
        <div style='text-align: right; color:red;cursor:pointer'>
        <a onfocus='this.blur();'
onclick="document.getElementById('div_pt1.4').style.display = 'none' " >
           [x]</a>
        </div>
        <pre>
        
pt1.4: tempest.scenario.test_network_basic_ops.TestNetworkBasicOps.test_port_security_macspoofing_port[compute,id-7c0bb1a2-d053-49a4-98f9-ca1a1d849f63,network]

        </pre>
    </div>
    <!--css div popup end-->

    </td>
</tr>

<tr id='pt1.5' class='hiddenRow'>
    <td class='none'><div class='testcase'>test_preserve_preexisting_port[compute,id-759462e1-8535-46b0-ab3a-33aa45c55aaa,network]</div></td>
    <td colspan='7' align='left'>

    <!--css div popup start-->
    <a class="popup_link" onfocus='this.blur();'
    href="javascript:showTestDetail('div_pt1.5')" >
        pass</a>

    <div id='div_pt1.5' class="popup_window">
        <div style='text-align: right; color:red;cursor:pointer'>
        <a onfocus='this.blur();'
onclick="document.getElementById('div_pt1.5').style.display = 'none' " >
           [x]</a>
        </div>
        <pre>
        
pt1.5: tempest.scenario.test_network_basic_ops.TestNetworkBasicOps.test_preserve_preexisting_port[compute,id-759462e1-8535-46b0-ab3a-33aa45c55aaa,network]

        </pre>
    </div>
    <!--css div popup end-->

    </td>
</tr>

<tr id='pt1.6' class='hiddenRow'>
    <td class='none'><div class='testcase'>test_router_rescheduling[compute,id-2e788c46-fb3f-4ac9-8f82-0561555bea73,network]</div></td>
    <td colspan='7' align='left'>

    <!--css div popup start-->
    <a class="popup_link" onfocus='this.blur();'
    href="javascript:showTestDetail('div_pt1.6')" >
        pass</a>

    <div id='div_pt1.6' class="popup_window">
        <div style='text-align: right; color:red;cursor:pointer'>
        <a onfocus='this.blur();'
onclick="document.getElementById('div_pt1.6').style.display = 'none' " >
           [x]</a>
        </div>
        <pre>
        
pt1.6: tempest.scenario.test_network_basic_ops.TestNetworkBasicOps.test_router_rescheduling[compute,id-2e788c46-fb3f-4ac9-8f82-0561555bea73,network]

        </pre>
    </div>
    <!--css div popup end-->

    </td>
</tr>

<tr id='pt1.7' class='hiddenRow'>
    <td class='none'><div class='testcase'>test_subnet_details[compute,id-d8bb918e-e2df-48b2-97cd-b73c95450980,network]</div></td>
    <td colspan='7' align='left'>

    <!--css div popup start-->
    <a class="popup_link" onfocus='this.blur();'
    href="javascript:showTestDetail('div_pt1.7')" >
        pass</a>

    <div id='div_pt1.7' class="popup_window">
        <div style='text-align: right; color:red;cursor:pointer'>
        <a onfocus='this.blur();'
onclick="document.getElementById('div_pt1.7').style.display = 'none' " >
           [x]</a>
        </div>
        <pre>
        
pt1.7: tempest.scenario.test_network_basic_ops.TestNetworkBasicOps.test_subnet_details[compute,id-d8bb918e-e2df-48b2-97cd-b73c95450980,network]

        </pre>
    </div>
    <!--css div popup end-->

    </td>
</tr>

<tr id='ft1.8' class='none'>
    <td class='failCase'><div class='testcase'>test_update_instance_port_admin_state[compute,id-f5dfcc22-45fd-409f-954c-5bd500d7890b,network]</div></td>
    <td colspan='7' align='left'>

    <!--css div popup start-->
    <a class="popup_link" onfocus='this.blur();'
    href="javascript:showTestDetail('div_ft1.8')" >
        fail</a>

    <div id='div_ft1.8' class="popup_window">
        <div style='text-align: right; color:red;cursor:pointer'>
        <a onfocus='this.blur();'
onclick="document.getElementById('div_ft1.8').style.display = 'none' " >
           [x]</a>
        </div>
        <pre>
        
ft1.8: tempest.scenario.test_network_basic_ops.TestNetworkBasicOps.test_update_instance_port_admin_state[compute,id-f5dfcc22-45fd-409f-954c-5bd500d7890b,network]_StringException: Empty attachments:
  stderr
  stdout

pythonlogging:'': {{{
2015-12-07 05:25:43,591 27573 INFO     [tempest_lib.common.rest_client] Request (TestNetworkBasicOps:test_update_instance_port_admin_state): 201 POST http://10.0.2.15:9696/v2.0/security-groups 0.101s
2015-12-07 05:25:43,592 27573 DEBUG    [tempest_lib.common.rest_client] Request - Headers: {'Content-Type': 'application/json', 'Accept': 'application/json', 'X-Auth-Token': '&lt;omitted&gt;'}
        Body: {"security_group": {"tenant_id": "3833897e49c2403ba8a360d8f3d85321", "description": "tempest-secgroup-smoke-970911835 description", "name": "tempest-secgroup-smoke-970911835"}}
    Response - Headers: {'status': '201', 'content-length': '886', 'connection': 'close', 'date': 'Mon, 07 Dec 2015 05:25:43 GMT', 'content-type': 'application/json; charset=UTF-8', 'x-openstack-request-id': 'req-1d46810d-ff1f-4d2f-bd0a-bf1db50c2611'}
        Body: {"security_group": {"tenant_id": "3833897e49c2403ba8a360d8f3d85321", "description": "tempest-secgroup-smoke-970911835 description", "id": "4539174e-3b9a-47f9-aa8a-de7f16cda2b9", "security_group_rules": [{"remote_group_id": null, "direction": "egress", "remote_ip_prefix": null, "protocol": null, "ethertype": "IPv4", "tenant_id": "3833897e49c2403ba8a360d8f3d85321", "port_range_max": null, "port_range_min": null, "id": "6c13e32a-c270-49f5-b79d-f3cef07c1b3d", "security_group_id": "4539174e-3b9a-47f9-aa8a-de7f16cda2b9"}, {"remote_group_id": null, "direction": "egress", "remote_ip_prefix": null, "protocol": null, "ethertype": "IPv6", "tenant_id": "3833897e49c2403ba8a360d8f3d85321", "port_range_max": null, "port_range_min": null, "id": "044ff1c9-e541-4c0f-a4bd-90eaa72bdc50", "security_group_id": "4539174e-3b9a-47f9-aa8a-de7f16cda2b9"}], "name": "tempest-secgroup-smoke-970911835"}}
2015-12-07 05:25:43,682 27573 INFO     [tempest_lib.common.rest_client] Request (TestNetworkBasicOps:test_update_instance_port_admin_state): 201 POST http://10.0.2.15:9696/v2.0/security-group-rules 0.090s
2015-12-07 05:25:43,683 27573 DEBUG    [tempest_lib.common.rest_client] Request - Headers: {'Content-Type': 'application/json', 'Accept': 'application/json', 'X-Auth-Token': '&lt;omitted&gt;'}
        Body: {"security_group_rule": {"direction": "ingress", "protocol": "tcp", "tenant_id": "3833897e49c2403ba8a360d8f3d85321", "port_range_max": 22, "security_group_id": "4539174e-3b9a-47f9-aa8a-de7f16cda2b9", "port_range_min": 22}}
    Response - Headers: {'status': '201', 'content-length': '340', 'connection': 'close', 'date': 'Mon, 07 Dec 2015 05:25:43 GMT', 'content-type': 'application/json; charset=UTF-8', 'x-openstack-request-id': 'req-88635344-27be-40b0-a2e6-92988ebcb03c'}
        Body: {"security_group_rule": {"remote_group_id": null, "direction": "ingress", "remote_ip_prefix": null, "protocol": "tcp", "ethertype": "IPv4", "tenant_id": "3833897e49c2403ba8a360d8f3d85321", "port_range_max": 22, "port_range_min": 22, "id": "7476a656-43a3-4651-8389-9f11d190ee0c", "security_group_id": "4539174e-3b9a-47f9-aa8a-de7f16cda2b9"}}
2015-12-07 05:25:43,785 27573 INFO     [tempest_lib.common.rest_client] Request (TestNetworkBasicOps:test_update_instance_port_admin_state): 201 POST http://10.0.2.15:9696/v2.0/security-group-rules 0.101s
2015-12-07 05:25:43,786 27573 DEBUG    [tempest_lib.common.rest_client] Request - Headers: {'Content-Type': 'application/json', 'Accept': 'application/json', 'X-Auth-Token': '&lt;omitted&gt;'}
        Body: {"security_group_rule": {"direction": "egress", "protocol": "tcp", "tenant_id": "3833897e49c2403ba8a360d8f3d85321", "port_range_max": 22, "security_group_id": "4539174e-3b9a-47f9-aa8a-de7f16cda2b9", "port_range_min": 22}}
    Response - Headers: {'status': '201', 'content-length': '339', 'connection': 'close', 'date': 'Mon, 07 Dec 2015 05:25:43 GMT', 'content-type': 'application/json; charset=UTF-8', 'x-openstack-request-id': 'req-9c8f6a26-9f3f-47bc-8bc8-6ed43601ffef'}
        Body: {"security_group_rule": {"remote_group_id": null, "direction": "egress", "remote_ip_prefix": null, "protocol": "tcp", "ethertype": "IPv4", "tenant_id": "3833897e49c2403ba8a360d8f3d85321", "port_range_max": 22, "port_range_min": 22, "id": "ace81feb-6cc8-4f36-a288-a0f8cf21fdc2", "security_group_id": "4539174e-3b9a-47f9-aa8a-de7f16cda2b9"}}
2015-12-07 05:25:43,894 27573 INFO     [tempest_lib.common.rest_client] Request (TestNetworkBasicOps:test_update_instance_port_admin_state): 201 POST http://10.0.2.15:9696/v2.0/security-group-rules 0.107s
2015-12-07 05:25:43,894 27573 DEBUG    [tempest_lib.common.rest_client] Request - Headers: {'Content-Type': 'application/json', 'Accept': 'application/json', 'X-Auth-Token': '&lt;omitted&gt;'}
        Body: {"security_group_rule": {"tenant_id": "3833897e49c2403ba8a360d8f3d85321", "direction": "ingress", "protocol": "icmp", "security_group_id": "4539174e-3b9a-47f9-aa8a-de7f16cda2b9"}}
    Response - Headers: {'status': '201', 'content-length': '345', 'connection': 'close', 'date': 'Mon, 07 Dec 2015 05:25:43 GMT', 'content-type': 'application/json; charset=UTF-8', 'x-openstack-request-id': 'req-4412bbf6-d35e-4bd7-b0c6-9afc078da14f'}
        Body: {"security_group_rule": {"remote_group_id": null, "direction": "ingress", "remote_ip_prefix": null, "protocol": "icmp", "ethertype": "IPv4", "tenant_id": "3833897e49c2403ba8a360d8f3d85321", "port_range_max": null, "port_range_min": null, "id": "13148675-ca58-433d-b996-bab6e2552219", "security_group_id": "4539174e-3b9a-47f9-aa8a-de7f16cda2b9"}}
2015-12-07 05:25:44,004 27573 INFO     [tempest_lib.common.rest_client] Request (TestNetworkBasicOps:test_update_instance_port_admin_state): 201 POST http://10.0.2.15:9696/v2.0/security-group-rules 0.108s
2015-12-07 05:25:44,005 27573 DEBUG    [tempest_lib.common.rest_client] Request - Headers: {'Content-Type': 'application/json', 'Accept': 'application/json', 'X-Auth-Token': '&lt;omitted&gt;'}
        Body: {"security_group_rule": {"tenant_id": "3833897e49c2403ba8a360d8f3d85321", "direction": "egress", "protocol": "icmp", "security_group_id": "4539174e-3b9a-47f9-aa8a-de7f16cda2b9"}}
    Response - Headers: {'status': '201', 'content-length': '344', 'connection': 'close', 'date': 'Mon, 07 Dec 2015 05:25:44 GMT', 'content-type': 'application/json; charset=UTF-8', 'x-openstack-request-id': 'req-445b1d5c-3645-4ae4-a85b-e34589eb2a93'}
        Body: {"security_group_rule": {"remote_group_id": null, "direction": "egress", "remote_ip_prefix": null, "protocol": "icmp", "ethertype": "IPv4", "tenant_id": "3833897e49c2403ba8a360d8f3d85321", "port_range_max": null, "port_range_min": null, "id": "6011f7c0-8439-4b44-a181-fc2039e00fb4", "security_group_id": "4539174e-3b9a-47f9-aa8a-de7f16cda2b9"}}
2015-12-07 05:25:44,115 27573 INFO     [tempest_lib.common.rest_client] Request (TestNetworkBasicOps:test_update_instance_port_admin_state): 201 POST http://10.0.2.15:9696/v2.0/security-group-rules 0.109s
2015-12-07 05:25:44,116 27573 DEBUG    [tempest_lib.common.rest_client] Request - Headers: {'Content-Type': 'application/json', 'Accept': 'application/json', 'X-Auth-Token': '&lt;omitted&gt;'}
        Body: {"security_group_rule": {"tenant_id": "3833897e49c2403ba8a360d8f3d85321", "direction": "ingress", "security_group_id": "4539174e-3b9a-47f9-aa8a-de7f16cda2b9", "protocol": "icmp", "ethertype": "IPv6"}}
    Response - Headers: {'status': '201', 'content-length': '345', 'connection': 'close', 'date': 'Mon, 07 Dec 2015 05:25:44 GMT', 'content-type': 'application/json; charset=UTF-8', 'x-openstack-request-id': 'req-0ba47334-d706-4b10-9f96-6babf2c65cce'}
        Body: {"security_group_rule": {"remote_group_id": null, "direction": "ingress", "remote_ip_prefix": null, "protocol": "icmp", "ethertype": "IPv6", "tenant_id": "3833897e49c2403ba8a360d8f3d85321", "port_range_max": null, "port_range_min": null, "id": "643a391e-00b9-4080-8c72-fa379e137320", "security_group_id": "4539174e-3b9a-47f9-aa8a-de7f16cda2b9"}}
2015-12-07 05:25:44,221 27573 INFO     [tempest_lib.common.rest_client] Request (TestNetworkBasicOps:test_update_instance_port_admin_state): 201 POST http://10.0.2.15:9696/v2.0/security-group-rules 0.104s
2015-12-07 05:25:44,222 27573 DEBUG    [tempest_lib.common.rest_client] Request - Headers: {'Content-Type': 'application/json', 'Accept': 'application/json', 'X-Auth-Token': '&lt;omitted&gt;'}
        Body: {"security_group_rule": {"tenant_id": "3833897e49c2403ba8a360d8f3d85321", "direction": "egress", "security_group_id": "4539174e-3b9a-47f9-aa8a-de7f16cda2b9", "protocol": "icmp", "ethertype": "IPv6"}}
    Response - Headers: {'status': '201', 'content-length': '344', 'connection': 'close', 'date': 'Mon, 07 Dec 2015 05:25:44 GMT', 'content-type': 'application/json; charset=UTF-8', 'x-openstack-request-id': 'req-b3487446-649c-48c9-89a4-56b80390559d'}
        Body: {"security_group_rule": {"remote_group_id": null, "direction": "egress", "remote_ip_prefix": null, "protocol": "icmp", "ethertype": "IPv6", "tenant_id": "3833897e49c2403ba8a360d8f3d85321", "port_range_max": null, "port_range_min": null, "id": "996103a5-45d5-437c-96d4-3907e1b22055", "security_group_id": "4539174e-3b9a-47f9-aa8a-de7f16cda2b9"}}
2015-12-07 05:25:44,352 27573 INFO     [tempest_lib.common.rest_client] Request (TestNetworkBasicOps:test_update_instance_port_admin_state): 201 POST http://10.0.2.15:9696/v2.0/networks 0.129s
2015-12-07 05:25:44,352 27573 DEBUG    [tempest_lib.common.rest_client] Request - Headers: {'Content-Type': 'application/json', 'Accept': 'application/json', 'X-Auth-Token': '&lt;omitted&gt;'}
        Body: {"network": {"tenant_id": "3833897e49c2403ba8a360d8f3d85321", "name": "tempest-network-smoke--429873388"}}
    Response - Headers: {'status': '201', 'content-length': '295', 'connection': 'close', 'date': 'Mon, 07 Dec 2015 05:25:44 GMT', 'content-type': 'application/json; charset=UTF-8', 'x-openstack-request-id': 'req-f0013556-165d-4bce-9575-cde77c4b41d9'}
        Body: {"network": {"status": "ACTIVE", "subnets": [], "name": "tempest-network-smoke--429873388", "admin_state_up": true, "tenant_id": "3833897e49c2403ba8a360d8f3d85321", "mtu": 0, "router:external": false, "shared": false, "port_security_enabled": true, "id": "d68fa2e3-0bec-426f-9d1e-380d9e577138"}}
2015-12-07 05:25:44,423 27573 INFO     [tempest_lib.common.rest_client] Request (TestNetworkBasicOps:test_update_instance_port_admin_state): 201 POST http://10.0.2.15:9696/v2.0/routers 0.070s
2015-12-07 05:25:44,424 27573 DEBUG    [tempest_lib.common.rest_client] Request - Headers: {'Content-Type': 'application/json', 'Accept': 'application/json', 'X-Auth-Token': '&lt;omitted&gt;'}
        Body: {"router": {"tenant_id": "3833897e49c2403ba8a360d8f3d85321", "name": "tempest-router-smoke-1541216654", "admin_state_up": true}}
    Response - Headers: {'status': '201', 'content-length': '239', 'connection': 'close', 'date': 'Mon, 07 Dec 2015 05:25:44 GMT', 'content-type': 'application/json; charset=UTF-8', 'x-openstack-request-id': 'req-8d42bd2d-6dde-4930-9a8f-072a063fe626'}
        Body: {"router": {"status": "ACTIVE", "external_gateway_info": null, "name": "tempest-router-smoke-1541216654", "admin_state_up": true, "tenant_id": "3833897e49c2403ba8a360d8f3d85321", "routes": [], "id": "7556b44f-8d49-47b5-ac05-f58dce04bd23"}}
2015-12-07 05:25:44,465 27573 INFO     [tempest_lib.common.rest_client] Request (TestNetworkBasicOps:test_update_instance_port_admin_state): 200 GET http://10.0.2.15:9696/v2.0/routers/7556b44f-8d49-47b5-ac05-f58dce04bd23 0.040s
2015-12-07 05:25:44,466 27573 DEBUG    [tempest_lib.common.rest_client] Request - Headers: {'Content-Type': 'application/json', 'Accept': 'application/json', 'X-Auth-Token': '&lt;omitted&gt;'}
        Body: None
    Response - Headers: {'status': '200', 'content-length': '239', 'content-location': 'http://10.0.2.15:9696/v2.0/routers/7556b44f-8d49-47b5-ac05-f58dce04bd23', 'connection': 'close', 'date': 'Mon, 07 Dec 2015 05:25:44 GMT', 'content-type': 'application/json; charset=UTF-8', 'x-openstack-request-id': 'req-f45bc386-fbd5-48d2-a6a0-27ec08d6c012'}
        Body: {"router": {"status": "ACTIVE", "external_gateway_info": null, "name": "tempest-router-smoke-1541216654", "admin_state_up": true, "tenant_id": "3833897e49c2403ba8a360d8f3d85321", "routes": [], "id": "7556b44f-8d49-47b5-ac05-f58dce04bd23"}}
2015-12-07 05:25:44,984 27573 INFO     [tempest_lib.common.rest_client] Request (TestNetworkBasicOps:test_update_instance_port_admin_state): 200 PUT http://10.0.2.15:9696/v2.0/routers/7556b44f-8d49-47b5-ac05-f58dce04bd23 0.517s
2015-12-07 05:25:44,984 27573 DEBUG    [tempest_lib.common.rest_client] Request - Headers: {'Content-Type': 'application/json', 'Accept': 'application/json', 'X-Auth-Token': '&lt;omitted&gt;'}
        Body: {"router": {"external_gateway_info": {"network_id": "584fb72c-8ffb-4dac-910d-d2602c579e40"}, "name": "tempest-router-smoke-1541216654", "admin_state_up": true}}
    Response - Headers: {'status': '200', 'content-length': '503', 'connection': 'close', 'date': 'Mon, 07 Dec 2015 05:25:44 GMT', 'content-type': 'application/json; charset=UTF-8', 'x-openstack-request-id': 'req-f37f076b-6e88-4d7b-9d61-63667c31c785'}
        Body: {"router": {"status": "ACTIVE", "external_gateway_info": {"network_id": "584fb72c-8ffb-4dac-910d-d2602c579e40", "enable_snat": true, "external_fixed_ips": [{"subnet_id": "b40ed991-c939-4e9b-b17c-bc58e2e78db8", "ip_address": "172.24.4.17"}, {"subnet_id": "da49a967-b206-47c7-8d8d-7bc0f1c43bfa", "ip_address": "2001:db8::12"}]}, "name": "tempest-router-smoke-1541216654", "admin_state_up": true, "tenant_id": "3833897e49c2403ba8a360d8f3d85321", "routes": [], "id": "7556b44f-8d49-47b5-ac05-f58dce04bd23"}}
2015-12-07 05:25:45,016 27573 INFO     [tempest_lib.common.rest_client] Request (TestNetworkBasicOps:test_update_instance_port_admin_state): 200 GET http://10.0.2.15:9696/v2.0/subnets?tenant_id=3833897e49c2403ba8a360d8f3d85321&amp;cidr=10.100.0.0%2F28 0.031s
2015-12-07 05:25:45,016 27573 DEBUG    [tempest_lib.common.rest_client] Request - Headers: {'Content-Type': 'application/json', 'Accept': 'application/json', 'X-Auth-Token': '&lt;omitted&gt;'}
        Body: None
    Response - Headers: {'status': '200', 'content-length': '15', 'content-location': 'http://10.0.2.15:9696/v2.0/subnets?tenant_id=3833897e49c2403ba8a360d8f3d85321&amp;cidr=10.100.0.0%2F28', 'connection': 'close', 'date': 'Mon, 07 Dec 2015 05:25:45 GMT', 'content-type': 'application/json; charset=UTF-8', 'x-openstack-request-id': 'req-2b69fe55-95de-4ba6-8252-57098c300159'}
        Body: {"subnets": []}
2015-12-07 05:25:45,271 27573 INFO     [tempest_lib.common.rest_client] Request (TestNetworkBasicOps:test_update_instance_port_admin_state): 201 POST http://10.0.2.15:9696/v2.0/subnets 0.254s
2015-12-07 05:25:45,271 27573 DEBUG    [tempest_lib.common.rest_client] Request - Headers: {'Content-Type': 'application/json', 'Accept': 'application/json', 'X-Auth-Token': '&lt;omitted&gt;'}
        Body: {"subnet": {"ip_version": 4, "tenant_id": "3833897e49c2403ba8a360d8f3d85321", "cidr": "10.100.0.0/28", "network_id": "d68fa2e3-0bec-426f-9d1e-380d9e577138", "name": "tempest-subnet-smoke-10779067"}}
    Response - Headers: {'status': '201', 'content-length': '476', 'connection': 'close', 'date': 'Mon, 07 Dec 2015 05:25:45 GMT', 'content-type': 'application/json; charset=UTF-8', 'x-openstack-request-id': 'req-6f438dc5-0e27-4d86-8107-59909d2fd471'}
        Body: {"subnet": {"name": "tempest-subnet-smoke-10779067", "enable_dhcp": true, "network_id": "d68fa2e3-0bec-426f-9d1e-380d9e577138", "tenant_id": "3833897e49c2403ba8a360d8f3d85321", "dns_nameservers": [], "gateway_ip": "10.100.0.1", "ipv6_ra_mode": null, "allocation_pools": [{"start": "10.100.0.2", "end": "10.100.0.14"}], "host_routes": [], "ip_version": 4, "ipv6_address_mode": null, "cidr": "10.100.0.0/28", "id": "ad12c5ac-d4af-458f-a532-2092ff95aaea", "subnetpool_id": null}}
2015-12-07 05:25:46,687 27573 INFO     [tempest_lib.common.rest_client] Request (TestNetworkBasicOps:test_update_instance_port_admin_state): 200 PUT http://10.0.2.15:9696/v2.0/routers/7556b44f-8d49-47b5-ac05-f58dce04bd23/add_router_interface 1.415s
2015-12-07 05:25:46,688 27573 DEBUG    [tempest_lib.common.rest_client] Request - Headers: {'Content-Type': 'application/json', 'Accept': 'application/json', 'X-Auth-Token': '&lt;omitted&gt;'}
        Body: {"subnet_id": "ad12c5ac-d4af-458f-a532-2092ff95aaea"}
    Response - Headers: {'status': '200', 'content-length': '255', 'connection': 'close', 'date': 'Mon, 07 Dec 2015 05:25:46 GMT', 'content-type': 'application/json; charset=UTF-8', 'x-openstack-request-id': 'req-626d885f-22fe-459f-9076-922918deb1fb'}
        Body: {"subnet_id": "ad12c5ac-d4af-458f-a532-2092ff95aaea", "tenant_id": "3833897e49c2403ba8a360d8f3d85321", "subnet_ids": ["ad12c5ac-d4af-458f-a532-2092ff95aaea"], "port_id": "6229c967-f8bd-49c8-a71d-4a2e71e880a8", "id": "7556b44f-8d49-47b5-ac05-f58dce04bd23"}
2015-12-07 05:25:46,732 27573 INFO     [tempest_lib.common.rest_client] Request (TestNetworkBasicOps:test_update_instance_port_admin_state): 200 GET http://10.0.2.15:9696/v2.0/networks 0.043s
2015-12-07 05:25:46,732 27573 DEBUG    [tempest_lib.common.rest_client] Request - Headers: {'Content-Type': 'application/json', 'Accept': 'application/json', 'X-Auth-Token': '&lt;omitted&gt;'}
        Body: None
    Response - Headers: {'status': '200', 'content-length': '1317', 'content-location': 'http://10.0.2.15:9696/v2.0/networks', 'connection': 'close', 'date': 'Mon, 07 Dec 2015 05:25:46 GMT', 'content-type': 'application/json; charset=UTF-8', 'x-openstack-request-id': 'req-28391666-1c25-4841-9ac8-e443c06e1597'}
        Body: {"networks": [{"status": "ACTIVE", "subnets": ["da49a967-b206-47c7-8d8d-7bc0f1c43bfa", "b40ed991-c939-4e9b-b17c-bc58e2e78db8"], "name": "public", "provider:physical_network": null, "admin_state_up": true, "tenant_id": "472e9c2c6fde47dc82bf04f963f69c00", "mtu": 0, "router:external": true, "shared": false, "port_security_enabled": true, "provider:network_type": "vxlan", "id": "584fb72c-8ffb-4dac-910d-d2602c579e40", "provider:segmentation_id": 1038}, {"status": "ACTIVE", "subnets": ["1cb52ab6-19c1-44d0-88cb-8defa2477dd9", "49335921-d644-4917-ab13-7d59530d1a99"], "name": "private", "provider:physical_network": null, "admin_state_up": true, "tenant_id": "dcb3c33d255f44bb89c1e28885425988", "mtu": 0, "router:external": false, "shared": false, "port_security_enabled": true, "provider:network_type": "vxlan", "id": "308a9583-18bc-429b-a8cd-641458e22e43", "provider:segmentation_id": 1063}, {"status": "ACTIVE", "subnets": ["ad12c5ac-d4af-458f-a532-2092ff95aaea"], "name": "tempest-network-smoke--429873388", "provider:physical_network": null, "admin_state_up": true, "tenant_id": "3833897e49c2403ba8a360d8f3d85321", "mtu": 0, "router:external": false, "shared": false, "port_security_enabled": true, "provider:network_type": "vxlan", "id": "d68fa2e3-0bec-426f-9d1e-380d9e577138", "provider:segmentation_id": 1066}]}
2015-12-07 05:25:46,874 27573 INFO     [tempest_lib.common.rest_client] Request (TestNetworkBasicOps:test_update_instance_port_admin_state): 200 GET http://10.0.2.15:9696/v2.0/subnets 0.140s
2015-12-07 05:25:46,874 27573 DEBUG    [tempest_lib.common.rest_client] Request - Headers: {'Content-Type': 'application/json', 'Accept': 'application/json', 'X-Auth-Token': '&lt;omitted&gt;'}
        Body: None
    Response - Headers: {'status': '200', 'content-length': '2406', 'content-location': 'http://10.0.2.15:9696/v2.0/subnets', 'connection': 'close', 'date': 'Mon, 07 Dec 2015 05:25:46 GMT', 'content-type': 'application/json; charset=UTF-8', 'x-openstack-request-id': 'req-a542b4be-0ef7-4295-8e57-46ba5fc630f8'}
        Body: {"subnets": [{"name": "tempest-subnet-smoke-10779067", "enable_dhcp": true, "network_id": "d68fa2e3-0bec-426f-9d1e-380d9e577138", "tenant_id": "3833897e49c2403ba8a360d8f3d85321", "dns_nameservers": [], "gateway_ip": "10.100.0.1", "ipv6_ra_mode": null, "allocation_pools": [{"start": "10.100.0.2", "end": "10.100.0.14"}], "host_routes": [], "ip_version": 4, "ipv6_address_mode": null, "cidr": "10.100.0.0/28", "id": "ad12c5ac-d4af-458f-a532-2092ff95aaea", "subnetpool_id": null}, {"name": "public-subnet", "enable_dhcp": false, "network_id": "584fb72c-8ffb-4dac-910d-d2602c579e40", "tenant_id": "472e9c2c6fde47dc82bf04f963f69c00", "dns_nameservers": [], "gateway_ip": "172.24.4.1", "ipv6_ra_mode": null, "allocation_pools": [{"start": "172.24.4.2", "end": "172.24.4.254"}], "host_routes": [], "ip_version": 4, "ipv6_address_mode": null, "cidr": "172.24.4.0/24", "id": "b40ed991-c939-4e9b-b17c-bc58e2e78db8", "subnetpool_id": null}, {"name": "private-subnet", "enable_dhcp": true, "network_id": "308a9583-18bc-429b-a8cd-641458e22e43", "tenant_id": "dcb3c33d255f44bb89c1e28885425988", "dns_nameservers": [], "gateway_ip": "10.0.0.1", "ipv6_ra_mode": null, "allocation_pools": [{"start": "10.0.0.2", "end": "10.0.0.254"}], "host_routes": [], "ip_version": 4, "ipv6_address_mode": null, "cidr": "10.0.0.0/24", "id": "1cb52ab6-19c1-44d0-88cb-8defa2477dd9", "subnetpool_id": null}, {"name": "ipv6-public-subnet", "enable_dhcp": false, "network_id": "584fb72c-8ffb-4dac-910d-d2602c579e40", "tenant_id": "472e9c2c6fde47dc82bf04f963f69c00", "dns_nameservers": [], "gateway_ip": "2001:db8::2", "ipv6_ra_mode": null, "allocation_pools": [{"start": "2001:db8::3", "end": "2001:db8::ffff:ffff:ffff:ffff"}, {"start": "2001:db8::1", "end": "2001:db8::1"}], "host_routes": [], "ip_version": 6, "ipv6_address_mode": null, "cidr": "2001:db8::/64", "id": "da49a967-b206-47c7-8d8d-7bc0f1c43bfa", "subnetpool_id": null}, {"name": "ipv6-private-subnet", "enable_dhcp": true, "network_id": "308a9583-18bc-429b-a8cd-641458e22e43", "tenant_id": "dcb3c33d255f44bb89c1e28885425988", "dns_nameservers": [], "gateway_ip": "fd31:a754:c197::1", "ipv6_ra_mode": "slaac", "allocation_pools": [{"start": "fd31:a754:c197::2", "end": "fd31:a754:c197:0:ffff:ffff:ffff:ffff"}], "host_routes": [], "ip_version": 6, "ipv6_address_mode": "slaac", "cidr": "fd31:a754:c197::/64", "id": "49335921-d644-4917-ab13-7d59530d1a99", "subnetpool_id": null}]}
2015-12-07 05:25:46,912 27573 INFO     [tempest_lib.common.rest_client] Request (TestNetworkBasicOps:test_update_instance_port_admin_state): 200 GET http://10.0.2.15:9696/v2.0/routers 0.037s
2015-12-07 05:25:46,913 27573 DEBUG    [tempest_lib.common.rest_client] Request - Headers: {'Content-Type': 'application/json', 'Accept': 'application/json', 'X-Auth-Token': '&lt;omitted&gt;'}
        Body: None
    Response - Headers: {'status': '200', 'content-length': '1043', 'content-location': 'http://10.0.2.15:9696/v2.0/routers', 'connection': 'close', 'date': 'Mon, 07 Dec 2015 05:25:46 GMT', 'content-type': 'application/json; charset=UTF-8', 'x-openstack-request-id': 'req-31930914-8961-4a81-9e57-bb03e9f210eb'}
        Body: {"routers": [{"status": "ACTIVE", "external_gateway_info": {"network_id": "584fb72c-8ffb-4dac-910d-d2602c579e40", "enable_snat": true, "external_fixed_ips": [{"subnet_id": "b40ed991-c939-4e9b-b17c-bc58e2e78db8", "ip_address": "172.24.4.17"}, {"subnet_id": "da49a967-b206-47c7-8d8d-7bc0f1c43bfa", "ip_address": "2001:db8::12"}]}, "name": "tempest-router-smoke-1541216654", "admin_state_up": true, "tenant_id": "3833897e49c2403ba8a360d8f3d85321", "distributed": false, "routes": [], "ha": false, "id": "7556b44f-8d49-47b5-ac05-f58dce04bd23"}, {"status": "ACTIVE", "external_gateway_info": {"network_id": "584fb72c-8ffb-4dac-910d-d2602c579e40", "enable_snat": true, "external_fixed_ips": [{"subnet_id": "b40ed991-c939-4e9b-b17c-bc58e2e78db8", "ip_address": "172.24.4.2"}, {"subnet_id": "da49a967-b206-47c7-8d8d-7bc0f1c43bfa", "ip_address": "2001:db8::3"}]}, "name": "router1", "admin_state_up": true, "tenant_id": "dcb3c33d255f44bb89c1e28885425988", "distributed": false, "routes": [], "ha": false, "id": "a509d9b5-9f72-4bc8-a252-c8df704b044f"}]}
2015-12-07 05:25:47,079 27573 INFO     [tempest_lib.common.rest_client] Request (TestNetworkBasicOps:test_update_instance_port_admin_state): 200 POST http://10.0.2.15:8774/v2.1/3833897e49c2403ba8a360d8f3d85321/os-keypairs 0.165s
2015-12-07 05:25:47,080 27573 DEBUG    [tempest_lib.common.rest_client] Request - Headers: {'Content-Type': 'application/json', 'Accept': 'application/json', 'X-Auth-Token': '&lt;omitted&gt;'}
        Body: {"keypair": {"name": "tempest-TestNetworkBasicOps-1818056199"}}
    Response - Headers: {'status': '200', 'content-length': '2325', 'x-compute-request-id': 'req-d08399fa-e881-4ae2-841f-4b879e41c6c9', 'vary': 'X-OpenStack-Nova-API-Version', 'connection': 'close', 'x-openstack-nova-api-version': '2.1', 'date': 'Mon, 07 Dec 2015 05:25:47 GMT', 'content-type': 'application/json'}
        Body: {"keypair": {"public_key": "ssh-rsa AAAAB3NzaC1yc2EAAAADAQABAAABAQCk6/xCEfX3HKWtsBZvXd+APkAR6zpGHkEwyHRVR3aXTUVGMNjnNIanpXLwkjx1YzYP65KCiDDAKQETcR938FRsoNdNOjAaQSby7FS730g1sOgCtp+Zp5TpZRg5eq25IvqIQ4/kEq1SiUphUwi36pEUkGNJXf3O1GcsZ59osIm6R9XxSiTJoJsK2yR2eTxzbucwefYaZ8vsSLuxyzUVDKW6S8DoD+U8/w3ov7gN8pV+HVBJJn7/xlU07ERF8OJnzdE3AS537ZR41Vfbncj7BrU0a/XrGl8eXkL/OqchiXJ6fFf+fxSrh0olBxq4vEvBH2pv8RD1WuwN/fzksjZHaLcx Generated-by-Nova", "private_key": "-----BEGIN RSA PRIVATE KEY-----\nMIIEqgIBAAKCAQEApOv8QhH19xylrbAWb13fgD5AEes6Rh5BMMh0VUd2l01FRjDY\n5zSGp6Vy8JI8dWM2D+uSgogwwCkBE3Efd/BUbKDXTTowGkEm8uxUu99INbDoAraf\nmaeU6WUYOXqtuSL6iEOP5BKtUolKYVMIt+qRFJBjSV39ztRnLGefaLCJukfV8Uok\nyaCbCtskdnk8c27nMHn2GmfL7Ei7scs1FQylukvA6A/lPP8N6L+4DfKVfh1QSSZ+\n/8ZVNOxERfDiZ83RNwEud+2UeNVX253I+wa1NGv16xpfHl5C/zqnIYlyenxX/n8U\nq4dKJQcauLxLwR9qb/EQ9VrsDf385LI2R2i3MQIDAQABAoIBAFkBRsW9fbocSsne\n82ytA9bpQZiqE2wOHe6e8DGp/LWRLSbBa/3zWgyV/N8afOh5X47d+tbZez3pozwD\n3BDVsiph73AtTBKPQN7vbpdp3EWlsMDuIFpDl9kSBy3WKHV3DDCIDdrvvXyCvZKi\nxlzDigLIHd1VjYmXFgtf7ScJx3qxNhYHFZaxSSazoSD3FC2Zn/jgE4jZyqEFoM3V\nkn/HKZH63hWRR0thyBpAD08f2yX+6RjQxQ/ilXnJ0w3GWz4FxxpjQ7aGOvTV2Ws9\n5q8pSy3O4B7a0Hmzpzb6QUhYhwQAFspAIMPC/9Lq8JtYEJFBzww+FgE42DnPrhYX\npYXPHMUCggCBAMOUW8qQu6IL8b6wmPLOC1paDznNLJmvKQu2Qlkk0GaDm6ac236E\n85zNdzbKoctfoDvjbZWSPeJUBDEI3Mgp7vHDsk8ej1kvMU2EmYSng3tL30oM7+oI\nXnGLgXhRNVKi6PHKk3TIkFgrW15sqUZ32rZeSXaoBCB3NGYkdmBgreDXAoIAgQDX\n3wZ1KeI+u9bGhMiTNTsI+PTKLWr/5mV/vPPMPnOMvuzX5YtwXMQZzyGcefYLh56p\nyLApeNOpxqFpc/nBkt+NZGyVaE7Eji+SgAR6MrIeXCO8VhA7Vm5KwYc5drdy0lll\nRh4FwTGl8ODfepo2VBJrQSnvaUdaefWTJeZ5QHu/NwKCAIEAo3ydqluH7TJs1wkK\nIVUpWlKUDa47zRAFkJu/JINIjZkQAJt4Q29hsL50G+IQk0+RQt6e2PvRLSMsCc0t\nuUiMS55ZrBeQnm17mh/wsFnS57sJoP3lgs2SHPoPtQK1Pymc7Zl335RUTM+ZZfoR\nGi3QLsfsQvq50GW08HkkVvYaAysCggCBAINuuOHRFH0ZpNTNt8lZGY6G9ZO7P3B6\n+MVjaBSs2XGSNWXlzpYlBQipwk8hOpsegY3iMM+vT0AJPfGUuTYQlKfjwvDcx0iJ\nQZGy/Abiouw1MVTUGaHnJ9PALPLhwyPXyrIMlO7wB6h/Fos6fHYjjetbi4rG0LjX\nlJt48fBVQILVAoIAgQC8vLwOAmyxgAcXQJUh5q/2GYBX9lBmi2d3yL0n2VE+ciUu\nqjlQXwKw4uMmdS63onRUpOy0G9719iSejyrCEixEeSpYvC3HgUfyumjISs1mWAah\nNnOOtnZFRTlxcu116n7wEJXaRo3WdYMPQxaRJz9rxEmD/Pg0Tphnz/toXVWUFw==\n-----END RSA PRIVATE KEY-----\n", "user_id": "767d97a756c44550b3e1c942aed684b2", "name": "tempest-TestNetworkBasicOps-1818056199", "fingerprint": "38:57:4e:b2:3d:ab:ff:3c:b9:be:7e:98:bf:00:52:03"}}
2015-12-07 05:25:47,191 27573 INFO     [tempest_lib.common.rest_client] Request (TestNetworkBasicOps:test_update_instance_port_admin_state): 200 POST http://10.0.2.15:5000/v2.0/tokens
2015-12-07 05:25:47,191 27573 DEBUG    [tempest_lib.common.rest_client] Request - Headers: {'Content-Type': 'application/json', 'Accept': 'application/json'}
        Body: &lt;omitted&gt;
    Response - Headers: {'status': '200', 'content-length': '2530', 'vary': 'X-Auth-Token', 'server': 'Apache/2.4.7 (Ubuntu)', 'connection': 'close', 'date': 'Mon, 07 Dec 2015 05:25:47 GMT', 'content-type': 'application/json', 'x-openstack-request-id': 'req-685078bf-91f0-4ba9-a3e5-28e3bacdef9d'}
        Body: {"access": {"token": {"issued_at": "2015-12-07T05:25:47.180118", "expires": "2015-12-07T06:25:47Z", "id": "b1ebe23565254a39a5035edeb541b6cb", "tenant": {"description": "tempest-TestNetworkBasicOps-1202736855-desc", "enabled": true, "id": "3833897e49c2403ba8a360d8f3d85321", "name": "tempest-TestNetworkBasicOps-1202736855"}, "audit_ids": ["iTnG_WkdQ4CxfXEdtyQ2LA"]}, "serviceCatalog": [{"endpoints": [{"adminURL": "http://10.0.2.15:8774/v2.1/3833897e49c2403ba8a360d8f3d85321", "region": "RegionOne", "internalURL": "http://10.0.2.15:8774/v2.1/3833897e49c2403ba8a360d8f3d85321", "id": "19fc28619c134114abad3131f751c7f2", "publicURL": "http://10.0.2.15:8774/v2.1/3833897e49c2403ba8a360d8f3d85321"}], "endpoints_links": [], "type": "compute", "name": "nova"}, {"endpoints": [{"adminURL": "http://10.0.2.15:9696/", "region": "RegionOne", "internalURL": "http://10.0.2.15:9696/", "id": "339c27504b1f48a381c6c1812b59724b", "publicURL": "http://10.0.2.15:9696/"}], "endpoints_links": [], "type": "network", "name": "neutron"}, {"endpoints": [{"adminURL": "http://10.0.2.15:9292", "region": "RegionOne", "internalURL": "http://10.0.2.15:9292", "id": "270001291ddf4504b5c33eecd4711e19", "publicURL": "http://10.0.2.15:9292"}], "endpoints_links": [], "type": "image", "name": "glance"}, {"endpoints": [{"adminURL": "http://10.0.2.15:8774/v2/3833897e49c2403ba8a360d8f3d85321", "region": "RegionOne", "internalURL": "http://10.0.2.15:8774/v2/3833897e49c2403ba8a360d8f3d85321", "id": "498a190906634b9cba1e8acdc4d75b6a", "publicURL": "http://10.0.2.15:8774/v2/3833897e49c2403ba8a360d8f3d85321"}], "endpoints_links": [], "type": "compute_legacy", "name": "nova_legacy"}, {"endpoints": [{"adminURL": "http://10.0.2.15:8773/", "region": "RegionOne", "internalURL": "http://10.0.2.15:8773/", "id": "210f9c7c4bde4ea990fee9f49b2287f4", "publicURL": "http://10.0.2.15:8773/"}], "endpoints_links": [], "type": "ec2", "name": "ec2"}, {"endpoints": [{"adminURL": "http://10.0.2.15:35357/v2.0", "region": "RegionOne", "internalURL": "http://10.0.2.15:5000/v2.0", "id": "60b99df5c6164a7bb6a8312ad3067137", "publicURL": "http://10.0.2.15:5000/v2.0"}], "endpoints_links": [], "type": "identity", "name": "keystone"}], "user": {"username": "tempest-TestNetworkBasicOps-1282447150", "roles_links": [], "id": "767d97a756c44550b3e1c942aed684b2", "roles": [{"name": "_member_"}, {"name": "Member"}], "name": "tempest-TestNetworkBasicOps-1282447150"}, "metadata": {"is_admin": 0, "roles": ["9fe2ff9ee4384b1894a90878d3e92bab", "ba4a0131bd5a40069f484b1e6eb7633b"]}}}
2015-12-07 05:25:47,196 27573 DEBUG    [tempest.common.fixed_network] (TestNetworkBasicOps:test_update_instance_port_admin_state) No valid network provided or created, defaulting to fixed_network_name
2015-12-07 05:25:47,459 27573 INFO     [tempest_lib.common.rest_client] Request (TestNetworkBasicOps:test_update_instance_port_admin_state): 200 GET http://10.0.2.15:8774/v2.1/3833897e49c2403ba8a360d8f3d85321/os-networks 0.263s
2015-12-07 05:25:47,460 27573 DEBUG    [tempest_lib.common.rest_client] Request - Headers: {'Content-Type': 'application/json', 'Accept': 'application/json', 'X-Auth-Token': '&lt;omitted&gt;'}
        Body: None
    Response - Headers: {'status': '200', 'content-length': '478', 'content-location': 'http://10.0.2.15:8774/v2.1/3833897e49c2403ba8a360d8f3d85321/os-networks', 'x-compute-request-id': 'req-bb062ec9-ad27-405a-acf5-956510892a88', 'vary': 'X-OpenStack-Nova-API-Version', 'connection': 'close', 'x-openstack-nova-api-version': '2.1', 'date': 'Mon, 07 Dec 2015 05:25:47 GMT', 'content-type': 'application/json'}
        Body: {"networks": [{"cidr_v6": null, "dns2": null, "dns1": null, "gateway": null, "broadcast": null, "netmask": null, "gateway_v6": null, "cidr": null, "label": "public", "id": "584fb72c-8ffb-4dac-910d-d2602c579e40", "netmask_v6": null}, {"cidr_v6": null, "dns2": null, "dns1": null, "gateway": null, "broadcast": null, "netmask": null, "gateway_v6": null, "cidr": null, "label": "tempest-network-smoke--429873388", "id": "d68fa2e3-0bec-426f-9d1e-380d9e577138", "netmask_v6": null}]}
2015-12-07 05:25:47,460 27573 WARNING  [tempest.common.fixed_network] (TestNetworkBasicOps:test_update_instance_port_admin_state) Network with name: private not found
2015-12-07 05:25:47,461 27573 INFO     [tempest.common.fixed_network] (TestNetworkBasicOps:test_update_instance_port_admin_state) Found network {} available for tenant
2015-12-07 05:25:48,003 27573 INFO     [tempest_lib.common.rest_client] Request (TestNetworkBasicOps:test_update_instance_port_admin_state): 202 POST http://10.0.2.15:8774/v2.1/3833897e49c2403ba8a360d8f3d85321/servers 0.541s
2015-12-07 05:25:48,003 27573 DEBUG    [tempest_lib.common.rest_client] Request - Headers: {'Content-Type': 'application/json', 'Accept': 'application/json', 'X-Auth-Token': '&lt;omitted&gt;'}
        Body: {"server": {"name": "tempest.common.compute-instance-1793779854", "imageRef": "9c47db51-56dd-40de-ae3d-94fcfcfe605b", "key_name": "tempest-TestNetworkBasicOps-1818056199", "flavorRef": "42", "networks": [{"uuid": "d68fa2e3-0bec-426f-9d1e-380d9e577138"}], "security_groups": [{"name": "tempest-secgroup-smoke-970911835"}]}}
    Response - Headers: {'status': '202', 'content-length': '461', 'x-compute-request-id': 'req-e6cb01dd-192f-4af9-a9ca-09eca658b7e2', 'vary': 'X-OpenStack-Nova-API-Version', 'connection': 'close', 'location': 'http://10.0.2.15:8774/v2.1/3833897e49c2403ba8a360d8f3d85321/servers/5c680e72-2298-4cd7-9286-0d46bce5af7d', 'x-openstack-nova-api-version': '2.1', 'date': 'Mon, 07 Dec 2015 05:25:48 GMT', 'content-type': 'application/json'}
        Body: {"server": {"security_groups": [{"name": "tempest-secgroup-smoke-970911835"}], "OS-DCF:diskConfig": "MANUAL", "id": "5c680e72-2298-4cd7-9286-0d46bce5af7d", "links": [{"href": "http://10.0.2.15:8774/v2.1/3833897e49c2403ba8a360d8f3d85321/servers/5c680e72-2298-4cd7-9286-0d46bce5af7d", "rel": "self"}, {"href": "http://10.0.2.15:8774/3833897e49c2403ba8a360d8f3d85321/servers/5c680e72-2298-4cd7-9286-0d46bce5af7d", "rel": "bookmark"}], "adminPass": "RQnVKB4QU5nT"}}
2015-12-07 05:25:48,127 27573 INFO     [tempest_lib.common.rest_client] Request (TestNetworkBasicOps:test_update_instance_port_admin_state): 200 GET http://10.0.2.15:8774/v2.1/3833897e49c2403ba8a360d8f3d85321/servers/5c680e72-2298-4cd7-9286-0d46bce5af7d 0.121s
2015-12-07 05:25:48,128 27573 DEBUG    [tempest_lib.common.rest_client] Request - Headers: {'Content-Type': 'application/json', 'Accept': 'application/json', 'X-Auth-Token': '&lt;omitted&gt;'}
        Body: None
    Response - Headers: {'status': '200', 'content-length': '1356', 'content-location': 'http://10.0.2.15:8774/v2.1/3833897e49c2403ba8a360d8f3d85321/servers/5c680e72-2298-4cd7-9286-0d46bce5af7d', 'x-compute-request-id': 'req-d0c1a378-b164-4f20-8b6e-cb7e6494f6f9', 'vary': 'X-OpenStack-Nova-API-Version', 'connection': 'close', 'x-openstack-nova-api-version': '2.1', 'date': 'Mon, 07 Dec 2015 05:25:48 GMT', 'content-type': 'application/json'}
        Body: {"server": {"status": "BUILD", "updated": "2015-12-07T05:25:48Z", "hostId": "", "addresses": {}, "links": [{"href": "http://10.0.2.15:8774/v2.1/3833897e49c2403ba8a360d8f3d85321/servers/5c680e72-2298-4cd7-9286-0d46bce5af7d", "rel": "self"}, {"href": "http://10.0.2.15:8774/3833897e49c2403ba8a360d8f3d85321/servers/5c680e72-2298-4cd7-9286-0d46bce5af7d", "rel": "bookmark"}], "key_name": "tempest-TestNetworkBasicOps-1818056199", "image": {"id": "9c47db51-56dd-40de-ae3d-94fcfcfe605b", "links": [{"href": "http://10.0.2.15:8774/3833897e49c2403ba8a360d8f3d85321/images/9c47db51-56dd-40de-ae3d-94fcfcfe605b", "rel": "bookmark"}]}, "OS-EXT-STS:task_state": "scheduling", "OS-EXT-STS:vm_state": "building", "OS-SRV-USG:launched_at": null, "flavor": {"id": "42", "links": [{"href": "http://10.0.2.15:8774/3833897e49c2403ba8a360d8f3d85321/flavors/42", "rel": "bookmark"}]}, "id": "5c680e72-2298-4cd7-9286-0d46bce5af7d", "OS-SRV-USG:terminated_at": null, "OS-EXT-AZ:availability_zone": "", "user_id": "767d97a756c44550b3e1c942aed684b2", "name": "tempest.common.compute-instance-1793779854", "created": "2015-12-07T05:25:47Z", "tenant_id": "3833897e49c2403ba8a360d8f3d85321", "OS-DCF:diskConfig": "MANUAL", "os-extended-volumes:volumes_attached": [], "accessIPv4": "", "accessIPv6": "", "progress": 0, "OS-EXT-STS:power_state": 0, "config_drive": "", "metadata": {}}}
2015-12-07 05:25:49,495 27573 INFO     [tempest_lib.common.rest_client] Request (TestNetworkBasicOps:test_update_instance_port_admin_state): 200 GET http://10.0.2.15:8774/v2.1/3833897e49c2403ba8a360d8f3d85321/servers/5c680e72-2298-4cd7-9286-0d46bce5af7d 0.357s
2015-12-07 05:25:49,496 27573 DEBUG    [tempest_lib.common.rest_client] Request - Headers: {'Content-Type': 'application/json', 'Accept': 'application/json', 'X-Auth-Token': '&lt;omitted&gt;'}
        Body: None
    Response - Headers: {'status': '200', 'content-length': '1481', 'content-location': 'http://10.0.2.15:8774/v2.1/3833897e49c2403ba8a360d8f3d85321/servers/5c680e72-2298-4cd7-9286-0d46bce5af7d', 'x-compute-request-id': 'req-c4545761-569c-40d4-bd4b-5be635fa34b6', 'vary': 'X-OpenStack-Nova-API-Version', 'connection': 'close', 'x-openstack-nova-api-version': '2.1', 'date': 'Mon, 07 Dec 2015 05:25:49 GMT', 'content-type': 'application/json'}
        Body: {"server": {"status": "BUILD", "updated": "2015-12-07T05:25:48Z", "hostId": "16dfa9e76d229a82b4215072eb5455a4afb55601e151c30466d27af4", "addresses": {}, "links": [{"href": "http://10.0.2.15:8774/v2.1/3833897e49c2403ba8a360d8f3d85321/servers/5c680e72-2298-4cd7-9286-0d46bce5af7d", "rel": "self"}, {"href": "http://10.0.2.15:8774/3833897e49c2403ba8a360d8f3d85321/servers/5c680e72-2298-4cd7-9286-0d46bce5af7d", "rel": "bookmark"}], "key_name": "tempest-TestNetworkBasicOps-1818056199", "image": {"id": "9c47db51-56dd-40de-ae3d-94fcfcfe605b", "links": [{"href": "http://10.0.2.15:8774/3833897e49c2403ba8a360d8f3d85321/images/9c47db51-56dd-40de-ae3d-94fcfcfe605b", "rel": "bookmark"}]}, "OS-EXT-STS:task_state": "spawning", "OS-EXT-STS:vm_state": "building", "OS-SRV-USG:launched_at": null, "flavor": {"id": "42", "links": [{"href": "http://10.0.2.15:8774/3833897e49c2403ba8a360d8f3d85321/flavors/42", "rel": "bookmark"}]}, "id": "5c680e72-2298-4cd7-9286-0d46bce5af7d", "security_groups": [{"name": "tempest-secgroup-smoke-970911835"}], "OS-SRV-USG:terminated_at": null, "OS-EXT-AZ:availability_zone": "nova", "user_id": "767d97a756c44550b3e1c942aed684b2", "name": "tempest.common.compute-instance-1793779854", "created": "2015-12-07T05:25:47Z", "tenant_id": "3833897e49c2403ba8a360d8f3d85321", "OS-DCF:diskConfig": "MANUAL", "os-extended-volumes:volumes_attached": [], "accessIPv4": "", "accessIPv6": "", "progress": 0, "OS-EXT-STS:power_state": 0, "config_drive": "", "metadata": {}}}
2015-12-07 05:25:49,504 27573 INFO     [tempest.common.waiters] State transition "BUILD/scheduling" ==&gt; "BUILD/spawning" after 1 second wait
2015-12-07 05:25:50,713 27573 INFO     [tempest_lib.common.rest_client] Request (TestNetworkBasicOps:test_update_instance_port_admin_state): 200 GET http://10.0.2.15:8774/v2.1/3833897e49c2403ba8a360d8f3d85321/servers/5c680e72-2298-4cd7-9286-0d46bce5af7d 0.207s
2015-12-07 05:25:50,714 27573 DEBUG    [tempest_lib.common.rest_client] Request - Headers: {'Content-Type': 'application/json', 'Accept': 'application/json', 'X-Auth-Token': '&lt;omitted&gt;'}
        Body: None
    Response - Headers: {'status': '200', 'content-length': '1652', 'content-location': 'http://10.0.2.15:8774/v2.1/3833897e49c2403ba8a360d8f3d85321/servers/5c680e72-2298-4cd7-9286-0d46bce5af7d', 'x-compute-request-id': 'req-83514d31-c9b2-4695-95d6-10aa47c4baea', 'vary': 'X-OpenStack-Nova-API-Version', 'connection': 'close', 'x-openstack-nova-api-version': '2.1', 'date': 'Mon, 07 Dec 2015 05:25:50 GMT', 'content-type': 'application/json'}
        Body: {"server": {"status": "ACTIVE", "updated": "2015-12-07T05:25:50Z", "hostId": "16dfa9e76d229a82b4215072eb5455a4afb55601e151c30466d27af4", "addresses": {"tempest-network-smoke--429873388": [{"OS-EXT-IPS-MAC:mac_addr": "fa:16:3e:d3:76:47", "version": 4, "addr": "10.100.0.3", "OS-EXT-IPS:type": "fixed"}]}, "links": [{"href": "http://10.0.2.15:8774/v2.1/3833897e49c2403ba8a360d8f3d85321/servers/5c680e72-2298-4cd7-9286-0d46bce5af7d", "rel": "self"}, {"href": "http://10.0.2.15:8774/3833897e49c2403ba8a360d8f3d85321/servers/5c680e72-2298-4cd7-9286-0d46bce5af7d", "rel": "bookmark"}], "key_name": "tempest-TestNetworkBasicOps-1818056199", "image": {"id": "9c47db51-56dd-40de-ae3d-94fcfcfe605b", "links": [{"href": "http://10.0.2.15:8774/3833897e49c2403ba8a360d8f3d85321/images/9c47db51-56dd-40de-ae3d-94fcfcfe605b", "rel": "bookmark"}]}, "OS-EXT-STS:task_state": null, "OS-EXT-STS:vm_state": "active", "OS-SRV-USG:launched_at": "2015-12-07T05:25:50.000000", "flavor": {"id": "42", "links": [{"href": "http://10.0.2.15:8774/3833897e49c2403ba8a360d8f3d85321/flavors/42", "rel": "bookmark"}]}, "id": "5c680e72-2298-4cd7-9286-0d46bce5af7d", "security_groups": [{"name": "tempest-secgroup-smoke-970911835"}], "OS-SRV-USG:terminated_at": null, "OS-EXT-AZ:availability_zone": "nova", "user_id": "767d97a756c44550b3e1c942aed684b2", "name": "tempest.common.compute-instance-1793779854", "created": "2015-12-07T05:25:47Z", "tenant_id": "3833897e49c2403ba8a360d8f3d85321", "OS-DCF:diskConfig": "MANUAL", "os-extended-volumes:volumes_attached": [], "accessIPv4": "", "accessIPv6": "", "progress": 0, "OS-EXT-STS:power_state": 1, "config_drive": "True", "metadata": {}}}
2015-12-07 05:25:50,723 27573 INFO     [tempest.common.waiters] State transition "BUILD/spawning" ==&gt; "ACTIVE/None" after 2 second wait
2015-12-07 05:25:50,915 27573 INFO     [tempest_lib.common.rest_client] Request (TestNetworkBasicOps:test_update_instance_port_admin_state): 200 GET http://10.0.2.15:8774/v2.1/3833897e49c2403ba8a360d8f3d85321/servers/5c680e72-2298-4cd7-9286-0d46bce5af7d 0.192s
2015-12-07 05:25:50,916 27573 DEBUG    [tempest_lib.common.rest_client] Request - Headers: {'Content-Type': 'application/json', 'Accept': 'application/json', 'X-Auth-Token': '&lt;omitted&gt;'}
        Body: None
    Response - Headers: {'status': '200', 'content-length': '1652', 'content-location': 'http://10.0.2.15:8774/v2.1/3833897e49c2403ba8a360d8f3d85321/servers/5c680e72-2298-4cd7-9286-0d46bce5af7d', 'x-compute-request-id': 'req-df631e8f-4911-421e-9fe9-71b53ea21044', 'vary': 'X-OpenStack-Nova-API-Version', 'connection': 'close', 'x-openstack-nova-api-version': '2.1', 'date': 'Mon, 07 Dec 2015 05:25:50 GMT', 'content-type': 'application/json'}
        Body: {"server": {"status": "ACTIVE", "updated": "2015-12-07T05:25:50Z", "hostId": "16dfa9e76d229a82b4215072eb5455a4afb55601e151c30466d27af4", "addresses": {"tempest-network-smoke--429873388": [{"OS-EXT-IPS-MAC:mac_addr": "fa:16:3e:d3:76:47", "version": 4, "addr": "10.100.0.3", "OS-EXT-IPS:type": "fixed"}]}, "links": [{"href": "http://10.0.2.15:8774/v2.1/3833897e49c2403ba8a360d8f3d85321/servers/5c680e72-2298-4cd7-9286-0d46bce5af7d", "rel": "self"}, {"href": "http://10.0.2.15:8774/3833897e49c2403ba8a360d8f3d85321/servers/5c680e72-2298-4cd7-9286-0d46bce5af7d", "rel": "bookmark"}], "key_name": "tempest-TestNetworkBasicOps-1818056199", "image": {"id": "9c47db51-56dd-40de-ae3d-94fcfcfe605b", "links": [{"href": "http://10.0.2.15:8774/3833897e49c2403ba8a360d8f3d85321/images/9c47db51-56dd-40de-ae3d-94fcfcfe605b", "rel": "bookmark"}]}, "OS-EXT-STS:task_state": null, "OS-EXT-STS:vm_state": "active", "OS-SRV-USG:launched_at": "2015-12-07T05:25:50.000000", "flavor": {"id": "42", "links": [{"href": "http://10.0.2.15:8774/3833897e49c2403ba8a360d8f3d85321/flavors/42", "rel": "bookmark"}]}, "id": "5c680e72-2298-4cd7-9286-0d46bce5af7d", "security_groups": [{"name": "tempest-secgroup-smoke-970911835"}], "OS-SRV-USG:terminated_at": null, "OS-EXT-AZ:availability_zone": "nova", "user_id": "767d97a756c44550b3e1c942aed684b2", "name": "tempest.common.compute-instance-1793779854", "created": "2015-12-07T05:25:47Z", "tenant_id": "3833897e49c2403ba8a360d8f3d85321", "OS-DCF:diskConfig": "MANUAL", "os-extended-volumes:volumes_attached": [], "accessIPv4": "", "accessIPv6": "", "progress": 0, "OS-EXT-STS:power_state": 1, "config_drive": "True", "metadata": {}}}
2015-12-07 05:25:50,925 27573 INFO     [tempest.scenario.manager] Tenant networks not configured to be reachable.
2015-12-07 05:25:50,962 27573 INFO     [tempest_lib.common.rest_client] Request (TestNetworkBasicOps:test_update_instance_port_admin_state): 200 GET http://10.0.2.15:9696/v2.0/ports?status=ACTIVE&amp;fixed_ip=None&amp;device_id=5c680e72-2298-4cd7-9286-0d46bce5af7d 0.036s
2015-12-07 05:25:50,962 27573 DEBUG    [tempest_lib.common.rest_client] Request - Headers: {'Content-Type': 'application/json', 'Accept': 'application/json', 'X-Auth-Token': '&lt;omitted&gt;'}
        Body: None
    Response - Headers: {'status': '200', 'content-length': '895', 'content-location': 'http://10.0.2.15:9696/v2.0/ports?status=ACTIVE&amp;fixed_ip=None&amp;device_id=5c680e72-2298-4cd7-9286-0d46bce5af7d', 'connection': 'close', 'date': 'Mon, 07 Dec 2015 05:25:50 GMT', 'content-type': 'application/json; charset=UTF-8', 'x-openstack-request-id': 'req-b6246298-a367-4415-979a-c25574c2627a'}
        Body: {"ports": [{"status": "ACTIVE", "binding:host_id": "vagrant-ubuntu-trusty-64", "allowed_address_pairs": [], "extra_dhcp_opts": [], "dns_assignment": [{"hostname": "host-10-100-0-3", "ip_address": "10.100.0.3", "fqdn": "host-10-100-0-3.openstacklocal."}], "device_owner": "compute:None", "port_security_enabled": true, "binding:profile": {}, "fixed_ips": [{"subnet_id": "ad12c5ac-d4af-458f-a532-2092ff95aaea", "ip_address": "10.100.0.3"}], "id": "6636b1a4-6d94-4b42-b538-367c572a5ed6", "security_groups": ["4539174e-3b9a-47f9-aa8a-de7f16cda2b9"], "device_id": "5c680e72-2298-4cd7-9286-0d46bce5af7d", "name": "", "admin_state_up": true, "network_id": "d68fa2e3-0bec-426f-9d1e-380d9e577138", "dns_name": "", "binding:vif_details": {"port_filter": true}, "binding:vnic_type": "normal", "binding:vif_type": "ovs", "tenant_id": "3833897e49c2403ba8a360d8f3d85321", "mac_address": "fa:16:3e:d3:76:47"}]}
2015-12-07 05:25:51,384 27573 INFO     [tempest_lib.common.rest_client] Request (TestNetworkBasicOps:test_update_instance_port_admin_state): 201 POST http://10.0.2.15:9696/v2.0/floatingips 0.421s
2015-12-07 05:25:51,385 27573 DEBUG    [tempest_lib.common.rest_client] Request - Headers: {'Content-Type': 'application/json', 'Accept': 'application/json', 'X-Auth-Token': '&lt;omitted&gt;'}
        Body: {"floatingip": {"floating_network_id": "584fb72c-8ffb-4dac-910d-d2602c579e40", "tenant_id": "3833897e49c2403ba8a360d8f3d85321", "fixed_ip_address": "10.100.0.3", "port_id": "6636b1a4-6d94-4b42-b538-367c572a5ed6"}}
    Response - Headers: {'status': '201', 'content-length': '368', 'connection': 'close', 'date': 'Mon, 07 Dec 2015 05:25:51 GMT', 'content-type': 'application/json; charset=UTF-8', 'x-openstack-request-id': 'req-5af1a8eb-83fb-423b-9701-203cf923fedb'}
        Body: {"floatingip": {"floating_network_id": "584fb72c-8ffb-4dac-910d-d2602c579e40", "router_id": "7556b44f-8d49-47b5-ac05-f58dce04bd23", "fixed_ip_address": "10.100.0.3", "floating_ip_address": "172.24.4.18", "tenant_id": "3833897e49c2403ba8a360d8f3d85321", "status": "DOWN", "port_id": "6636b1a4-6d94-4b42-b538-367c572a5ed6", "id": "ad2ae102-aa3f-444c-8523-13871bdb8712"}}
2015-12-07 05:25:51,420 27573 INFO     [tempest_lib.common.rest_client] Request (TestNetworkBasicOps:test_update_instance_port_admin_state): 200 GET http://10.0.2.15:9696/v2.0/ports?device_id=5c680e72-2298-4cd7-9286-0d46bce5af7d 0.034s
2015-12-07 05:25:51,420 27573 DEBUG    [tempest_lib.common.rest_client] Request - Headers: {'Content-Type': 'application/json', 'Accept': 'application/json', 'X-Auth-Token': '&lt;omitted&gt;'}
        Body: None
    Response - Headers: {'status': '200', 'content-length': '895', 'content-location': 'http://10.0.2.15:9696/v2.0/ports?device_id=5c680e72-2298-4cd7-9286-0d46bce5af7d', 'connection': 'close', 'date': 'Mon, 07 Dec 2015 05:25:51 GMT', 'content-type': 'application/json; charset=UTF-8', 'x-openstack-request-id': 'req-caafad64-3811-4dc0-adb7-08fe636f4fe2'}
        Body: {"ports": [{"status": "ACTIVE", "binding:host_id": "vagrant-ubuntu-trusty-64", "allowed_address_pairs": [], "extra_dhcp_opts": [], "dns_assignment": [{"hostname": "host-10-100-0-3", "ip_address": "10.100.0.3", "fqdn": "host-10-100-0-3.openstacklocal."}], "device_owner": "compute:None", "port_security_enabled": true, "binding:profile": {}, "fixed_ips": [{"subnet_id": "ad12c5ac-d4af-458f-a532-2092ff95aaea", "ip_address": "10.100.0.3"}], "id": "6636b1a4-6d94-4b42-b538-367c572a5ed6", "security_groups": ["4539174e-3b9a-47f9-aa8a-de7f16cda2b9"], "device_id": "5c680e72-2298-4cd7-9286-0d46bce5af7d", "name": "", "admin_state_up": true, "network_id": "d68fa2e3-0bec-426f-9d1e-380d9e577138", "dns_name": "", "binding:vif_details": {"port_filter": true}, "binding:vnic_type": "normal", "binding:vif_type": "ovs", "tenant_id": "3833897e49c2403ba8a360d8f3d85321", "mac_address": "fa:16:3e:d3:76:47"}]}
2015-12-07 05:25:51,433 27573 INFO     [tempest_lib.common.rest_client] Request (TestNetworkBasicOps:test_update_instance_port_admin_state): 200 GET http://10.0.2.15:9696/v2.0/floatingips/ad2ae102-aa3f-444c-8523-13871bdb8712 0.012s
2015-12-07 05:25:51,433 27573 DEBUG    [tempest_lib.common.rest_client] Request - Headers: {'Content-Type': 'application/json', 'Accept': 'application/json', 'X-Auth-Token': '&lt;omitted&gt;'}
        Body: None
    Response - Headers: {'status': '200', 'content-length': '368', 'content-location': 'http://10.0.2.15:9696/v2.0/floatingips/ad2ae102-aa3f-444c-8523-13871bdb8712', 'connection': 'close', 'date': 'Mon, 07 Dec 2015 05:25:51 GMT', 'content-type': 'application/json; charset=UTF-8', 'x-openstack-request-id': 'req-8344426c-6e32-448e-a6c2-fa0004ebff0b'}
        Body: {"floatingip": {"floating_network_id": "584fb72c-8ffb-4dac-910d-d2602c579e40", "router_id": "7556b44f-8d49-47b5-ac05-f58dce04bd23", "fixed_ip_address": "10.100.0.3", "floating_ip_address": "172.24.4.18", "tenant_id": "3833897e49c2403ba8a360d8f3d85321", "status": "DOWN", "port_id": "6636b1a4-6d94-4b42-b538-367c572a5ed6", "id": "ad2ae102-aa3f-444c-8523-13871bdb8712"}}
2015-12-07 05:25:52,447 27573 INFO     [tempest_lib.common.rest_client] Request (TestNetworkBasicOps:test_update_instance_port_admin_state): 200 GET http://10.0.2.15:9696/v2.0/floatingips/ad2ae102-aa3f-444c-8523-13871bdb8712 0.012s
2015-12-07 05:25:52,448 27573 DEBUG    [tempest_lib.common.rest_client] Request - Headers: {'Content-Type': 'application/json', 'Accept': 'application/json', 'X-Auth-Token': '&lt;omitted&gt;'}
        Body: None
    Response - Headers: {'status': '200', 'content-length': '370', 'content-location': 'http://10.0.2.15:9696/v2.0/floatingips/ad2ae102-aa3f-444c-8523-13871bdb8712', 'connection': 'close', 'date': 'Mon, 07 Dec 2015 05:25:52 GMT', 'content-type': 'application/json; charset=UTF-8', 'x-openstack-request-id': 'req-4c044754-2929-4568-a2bb-da2cec6cd823'}
        Body: {"floatingip": {"floating_network_id": "584fb72c-8ffb-4dac-910d-d2602c579e40", "router_id": "7556b44f-8d49-47b5-ac05-f58dce04bd23", "fixed_ip_address": "10.100.0.3", "floating_ip_address": "172.24.4.18", "tenant_id": "3833897e49c2403ba8a360d8f3d85321", "status": "ACTIVE", "port_id": "6636b1a4-6d94-4b42-b538-367c572a5ed6", "id": "ad2ae102-aa3f-444c-8523-13871bdb8712"}}
2015-12-07 05:25:52,448 27573 INFO     [tempest.scenario.manager] FloatingIP: &lt;"FloatingIP" addr="172.24.4.18" id="ad2ae102-aa3f-444c-8523-13871bdb8712"&gt; is at status: ACTIVE
2015-12-07 05:25:52,448 27573 DEBUG    [tempest.scenario.manager] checking network connections to IP 172.24.4.18 with user: cirros
2015-12-07 05:25:52,448 27573 DEBUG    [tempest.scenario.manager] TestNetworkBasicOps:test_update_instance_port_admin_state begins to ping 172.24.4.18 in 120 sec and the expected result is reachable
2015-12-07 05:26:12,494 27573 DEBUG    [tempest.scenario.manager] TestNetworkBasicOps:test_update_instance_port_admin_state finishes ping 172.24.4.18 in 120 sec and the ping result is expected
2015-12-07 05:26:12,496 27573 INFO     [tempest_lib.common.ssh] Creating ssh connection to '172.24.4.18' as 'cirros' with public key authentication
2015-12-07 05:26:12,503 27573 WARNING  [tempest_lib.common.ssh] Failed to establish authenticated ssh connection to cirros@172.24.4.18 ([Errno None] Unable to connect to port 22 on  or 172.24.4.18). Number attempts: 1. Retry after 2 seconds.
2015-12-07 05:26:15,126 27573 INFO     [paramiko.transport] Connected (version 2.0, client dropbear_2012.55)
2015-12-07 05:26:15,551 27573 INFO     [paramiko.transport] Authentication (publickey) successful!
2015-12-07 05:26:15,564 27573 INFO     [tempest_lib.common.ssh] ssh connection to cirros@172.24.4.18 successfuly created
2015-12-07 05:26:15,898 27573 INFO     [tempest_lib.common.rest_client] Request (TestNetworkBasicOps:test_update_instance_port_admin_state): 200 PUT http://10.0.2.15:9696/v2.0/ports/6636b1a4-6d94-4b42-b538-367c572a5ed6 0.217s
2015-12-07 05:26:15,898 27573 DEBUG    [tempest_lib.common.rest_client] Request - Headers: {'Content-Type': 'application/json', 'Accept': 'application/json', 'X-Auth-Token': '&lt;omitted&gt;'}
        Body: {"port": {"admin_state_up": false}}
    Response - Headers: {'status': '200', 'content-length': '750', 'connection': 'close', 'date': 'Mon, 07 Dec 2015 05:26:15 GMT', 'content-type': 'application/json; charset=UTF-8', 'x-openstack-request-id': 'req-d3ebb109-992e-422f-b464-0e7b139086ee'}
        Body: {"port": {"status": "ACTIVE", "name": "", "allowed_address_pairs": [], "admin_state_up": false, "network_id": "d68fa2e3-0bec-426f-9d1e-380d9e577138", "dns_name": "", "extra_dhcp_opts": [], "mac_address": "fa:16:3e:d3:76:47", "dns_assignment": [{"hostname": "host-10-100-0-3", "ip_address": "10.100.0.3", "fqdn": "host-10-100-0-3.openstacklocal."}], "binding:vnic_type": "normal", "device_owner": "compute:None", "tenant_id": "3833897e49c2403ba8a360d8f3d85321", "port_security_enabled": true, "fixed_ips": [{"subnet_id": "ad12c5ac-d4af-458f-a532-2092ff95aaea", "ip_address": "10.100.0.3"}], "id": "6636b1a4-6d94-4b42-b538-367c572a5ed6", "security_groups": ["4539174e-3b9a-47f9-aa8a-de7f16cda2b9"], "device_id": "5c680e72-2298-4cd7-9286-0d46bce5af7d"}}
2015-12-07 05:26:15,899 27573 DEBUG    [tempest.scenario.manager] checking network connections to IP 172.24.4.18 with user: cirros
2015-12-07 05:26:15,899 27573 DEBUG    [tempest.scenario.manager] TestNetworkBasicOps:test_update_instance_port_admin_state begins to ping 172.24.4.18 in 120 sec and the expected result is unreachable
2015-12-07 05:28:16,411 27573 DEBUG    [tempest.scenario.manager] TestNetworkBasicOps:test_update_instance_port_admin_state finishes ping 172.24.4.18 in 120 sec and the ping result is unexpected
2015-12-07 05:28:16,412 27573 ERROR    [tempest.scenario.manager] Public network connectivity check failed: after updating admin_state_up of instance port to False
2015-12-07 05:28:16.412 27573 ERROR tempest.scenario.manager Traceback (most recent call last):
2015-12-07 05:28:16.412 27573 ERROR tempest.scenario.manager   File "tempest/scenario/manager.py", line 606, in check_public_network_connectivity
2015-12-07 05:28:16.412 27573 ERROR tempest.scenario.manager     should_connect=should_connect)
2015-12-07 05:28:16.412 27573 ERROR tempest.scenario.manager   File "tempest/scenario/manager.py", line 590, in check_vm_connectivity
2015-12-07 05:28:16.412 27573 ERROR tempest.scenario.manager     msg=msg)
2015-12-07 05:28:16.412 27573 ERROR tempest.scenario.manager   File "/usr/local/lib/python2.7/dist-packages/unittest2/case.py", line 702, in assertTrue
2015-12-07 05:28:16.412 27573 ERROR tempest.scenario.manager     raise self.failureException(msg)
2015-12-07 05:28:16.412 27573 ERROR tempest.scenario.manager AssertionError: False is not true : ip address 172.24.4.18 is reachable
2015-12-07 05:28:16.412 27573 ERROR tempest.scenario.manager 
2015-12-07 05:28:16,639 27573 INFO     [tempest_lib.common.rest_client] Request (TestNetworkBasicOps:test_update_instance_port_admin_state): 200 POST http://10.0.2.15:8774/v2.1/3833897e49c2403ba8a360d8f3d85321/servers/5c680e72-2298-4cd7-9286-0d46bce5af7d/action 0.220s
2015-12-07 05:28:16,640 27573 DEBUG    [tempest_lib.common.rest_client] Request - Headers: {'Content-Type': 'application/json', 'Accept': 'application/json', 'X-Auth-Token': '&lt;omitted&gt;'}
        Body: {"os-getConsoleOutput": {}}
    Response - Headers: {'status': '200', 'content-length': '19745', 'x-compute-request-id': 'req-d8e61260-bfc3-46c2-98eb-0aaa6a93af1b', 'vary': 'X-OpenStack-Nova-API-Version', 'connection': 'close', 'x-openstack-nova-api-version': '2.1', 'date': 'Mon, 07 Dec 2015 05:28:16 GMT', 'content-type': 'application/json'}
        Body: {"output": "[    0.000000] Initializing cgroup subsys cpuset\n[    0.000000] Initializing cgroup subsys cpu\n[    0.000000] Linux version 3.2.0-80-virtual (buildd@batsu) (gcc version 4.6.3 (Ubuntu/Linaro 4.6.3-1ubuntu5) ) #116-Ubuntu SMP Mon Mar 23 17:28:52 UTC 2015 (Ubuntu 3.2.0-80.116-virtual 3.2.68)\n[    0.000000] Command line: root=/dev/vda console=tty0 console=ttyS0 no_timer_check\n[    0.000000] KERNEL supported cpus:\n[    0.000000]   Intel GenuineIntel\n[    0.000000]   AMD AuthenticAMD\n[    0.000000]   Centaur CentaurHauls\n[    0.000000] BIOS-provided physical RAM map:\n[    0.000000]  BIOS-e820: 0000000000000000 - 000000000009fc00 (usable)\n[    0.000000]  BIOS-e820: 000000000009fc00 - 00000000000a0000 (reserved)\n[    0.000000]  BIOS-e820: 00000000000f0000 - 0000000000100000 (reserved)\n[    0.000000]  BIOS-e820: 0000000000100000 - 0000000003ffe000 (usable)\n[    0.000000]  BIOS-e820: 0000000003ffe000 - 0000000004000000 (reserved)\n[    0.000000]  BIOS-e820: 00000000fffc0000 - 0000000100000000 (reserved)\n[    0.000000] NX (Execute Disable) protection: active\n[    0.000000] SMBIOS 2.4 present.\n[    0.000000] No AGP bridge found\n[    0.000000] last_pfn = 0x3ffe max_arch_pfn = 0x400000000\n[    0.000000] x86 PAT enabled: cpu 0, old 0x7040600070406, new 0x7010600070106\n[    0.000000] found SMP MP-table at [ffff8800000f0b00] f0b00\n[    0.000000] init_memory_mapping: 0000000000000000-0000000003ffe000\n[    0.000000] RAMDISK: 03c5e000 - 03ff0000\n[    0.000000] ACPI: RSDP 00000000000f0950 00014 (v00 BOCHS )\n[    0.000000] ACPI: RSDT 0000000003fffbc1 00034 (v01 BOCHS  BXPCRSDT 00000001 BXPC 00000001)\n[    0.000000] ACPI: FACP 0000000003fff1c0 00074 (v01 BOCHS  BXPCFACP 00000001 BXPC 00000001)\n[    0.000000] ACPI: DSDT 0000000003ffe040 01180 (v01 BOCHS  BXPCDSDT 00000001 BXPC 00000001)\n[    0.000000] ACPI: FACS 0000000003ffe000 00040\n[    0.000000] ACPI: SSDT 0000000003fff234 008DD (v01 BOCHS  BXPCSSDT 00000001 BXPC 00000001)\n[    0.000000] ACPI: APIC 0000000003fffb11 00078 (v01 BOCHS  BXPCAPIC 00000001 BXPC 00000001)\n[    0.000000] ACPI: HPET 0000000003fffb89 00038 (v01 BOCHS  BXPCHPET 00000001 BXPC 00000001)\n[    0.000000] No NUMA configuration found\n[    0.000000] Faking a node at 0000000000000000-0000000003ffe000\n[    0.000000] Initmem setup node 0 0000000000000000-0000000003ffe000\n[    0.000000]   NODE_DATA [0000000003ff6000 - 0000000003ffafff]\n[    0.000000] Zone PFN ranges:\n[    0.000000]   DMA      0x00000010 -&gt; 0x00001000\n[    0.000000]   DMA32    0x00001000 -&gt; 0x00100000\n[    0.000000]   Normal   empty\n[    0.000000] Movable zone start PFN for each node\n[    0.000000] early_node_map[2] active PFN ranges\n[    0.000000]     0: 0x00000010 -&gt; 0x0000009f\n[    0.000000]     0: 0x00000100 -&gt; 0x00003ffe\n[    0.000000] ACPI: PM-Timer IO Port: 0xb008\n[    0.000000] ACPI: LAPIC (acpi_id[0x00] lapic_id[0x00] enabled)\n[    0.000000] ACPI: LAPIC_NMI (acpi_id[0xff] dfl dfl lint[0x1])\n[    0.000000] ACPI: IOAPIC (id[0x00] address[0xfec00000] gsi_base[0])\n[    0.000000] IOAPIC[0]: apic_id 0, version 17, address 0xfec00000, GSI 0-23\n[    0.000000] ACPI: INT_SRC_OVR (bus 0 bus_irq 0 global_irq 2 dfl dfl)\n[    0.000000] ACPI: INT_SRC_OVR (bus 0 bus_irq 5 global_irq 5 high level)\n[    0.000000] ACPI: INT_SRC_OVR (bus 0 bus_irq 9 global_irq 9 high level)\n[    0.000000] ACPI: INT_SRC_OVR (bus 0 bus_irq 10 global_irq 10 high level)\n[    0.000000] ACPI: INT_SRC_OVR (bus 0 bus_irq 11 global_irq 11 high level)\n[    0.000000] Using ACPI (MADT) for SMP configuration information\n[    0.000000] ACPI: HPET id: 0x8086a201 base: 0xfed00000\n[    0.000000] SMP: Allowing 1 CPUs, 0 hotplug CPUs\n[    0.000000] PM: Registered nosave memory: 000000000009f000 - 00000000000a0000\n[    0.000000] PM: Registered nosave memory: 00000000000a0000 - 00000000000f0000\n[    0.000000] PM: Registered nosave memory: 00000000000f0000 - 0000000000100000\n[    0.000000] Allocating PCI resources starting at 4000000 (gap: 4000000:fbfc0000)\n[    0.000000] Booting paravirtualized kernel on bare hardware\n[    0.000000] setup_pe
2015-12-07 05:28:16,644 27573 DEBUG    [tempest.scenario.manager] Console output for 5c680e72-2298-4cd7-9286-0d46bce5af7d
body=
[    0.000000] Initializing cgroup subsys cpuset
[    0.000000] Initializing cgroup subsys cpu
[    0.000000] Linux version 3.2.0-80-virtual (buildd@batsu) (gcc version 4.6.3 (Ubuntu/Linaro 4.6.3-1ubuntu5) ) #116-Ubuntu SMP Mon Mar 23 17:28:52 UTC 2015 (Ubuntu 3.2.0-80.116-virtual 3.2.68)
[    0.000000] Command line: root=/dev/vda console=tty0 console=ttyS0 no_timer_check
[    0.000000] KERNEL supported cpus:
[    0.000000]   Intel GenuineIntel
[    0.000000]   AMD AuthenticAMD
[    0.000000]   Centaur CentaurHauls
[    0.000000] BIOS-provided physical RAM map:
[    0.000000]  BIOS-e820: 0000000000000000 - 000000000009fc00 (usable)
[    0.000000]  BIOS-e820: 000000000009fc00 - 00000000000a0000 (reserved)
[    0.000000]  BIOS-e820: 00000000000f0000 - 0000000000100000 (reserved)
[    0.000000]  BIOS-e820: 0000000000100000 - 0000000003ffe000 (usable)
[    0.000000]  BIOS-e820: 0000000003ffe000 - 0000000004000000 (reserved)
[    0.000000]  BIOS-e820: 00000000fffc0000 - 0000000100000000 (reserved)
[    0.000000] NX (Execute Disable) protection: active
[    0.000000] SMBIOS 2.4 present.
[    0.000000] No AGP bridge found
[    0.000000] last_pfn = 0x3ffe max_arch_pfn = 0x400000000
[    0.000000] x86 PAT enabled: cpu 0, old 0x7040600070406, new 0x7010600070106
[    0.000000] found SMP MP-table at [ffff8800000f0b00] f0b00
[    0.000000] init_memory_mapping: 0000000000000000-0000000003ffe000
[    0.000000] RAMDISK: 03c5e000 - 03ff0000
[    0.000000] ACPI: RSDP 00000000000f0950 00014 (v00 BOCHS )
[    0.000000] ACPI: RSDT 0000000003fffbc1 00034 (v01 BOCHS  BXPCRSDT 00000001 BXPC 00000001)
[    0.000000] ACPI: FACP 0000000003fff1c0 00074 (v01 BOCHS  BXPCFACP 00000001 BXPC 00000001)
[    0.000000] ACPI: DSDT 0000000003ffe040 01180 (v01 BOCHS  BXPCDSDT 00000001 BXPC 00000001)
[    0.000000] ACPI: FACS 0000000003ffe000 00040
[    0.000000] ACPI: SSDT 0000000003fff234 008DD (v01 BOCHS  BXPCSSDT 00000001 BXPC 00000001)
[    0.000000] ACPI: APIC 0000000003fffb11 00078 (v01 BOCHS  BXPCAPIC 00000001 BXPC 00000001)
[    0.000000] ACPI: HPET 0000000003fffb89 00038 (v01 BOCHS  BXPCHPET 00000001 BXPC 00000001)
[    0.000000] No NUMA configuration found
[    0.000000] Faking a node at 0000000000000000-0000000003ffe000
[    0.000000] Initmem setup node 0 0000000000000000-0000000003ffe000
[    0.000000]   NODE_DATA [0000000003ff6000 - 0000000003ffafff]
[    0.000000] Zone PFN ranges:
[    0.000000]   DMA      0x00000010 -&gt; 0x00001000
[    0.000000]   DMA32    0x00001000 -&gt; 0x00100000
[    0.000000]   Normal   empty
[    0.000000] Movable zone start PFN for each node
[    0.000000] early_node_map[2] active PFN ranges
[    0.000000]     0: 0x00000010 -&gt; 0x0000009f
[    0.000000]     0: 0x00000100 -&gt; 0x00003ffe
[    0.000000] ACPI: PM-Timer IO Port: 0xb008
[    0.000000] ACPI: LAPIC (acpi_id[0x00] lapic_id[0x00] enabled)
[    0.000000] ACPI: LAPIC_NMI (acpi_id[0xff] dfl dfl lint[0x1])
[    0.000000] ACPI: IOAPIC (id[0x00] address[0xfec00000] gsi_base[0])
[    0.000000] IOAPIC[0]: apic_id 0, version 17, address 0xfec00000, GSI 0-23
[    0.000000] ACPI: INT_SRC_OVR (bus 0 bus_irq 0 global_irq 2 dfl dfl)
[    0.000000] ACPI: INT_SRC_OVR (bus 0 bus_irq 5 global_irq 5 high level)
[    0.000000] ACPI: INT_SRC_OVR (bus 0 bus_irq 9 global_irq 9 high level)
[    0.000000] ACPI: INT_SRC_OVR (bus 0 bus_irq 10 global_irq 10 high level)
[    0.000000] ACPI: INT_SRC_OVR (bus 0 bus_irq 11 global_irq 11 high level)
[    0.000000] Using ACPI (MADT) for SMP configuration information
[    0.000000] ACPI: HPET id: 0x8086a201 base: 0xfed00000
[    0.000000] SMP: Allowing 1 CPUs, 0 hotplug CPUs
[    0.000000] PM: Registered nosave memory: 000000000009f000 - 00000000000a0000
[    0.000000] PM: Registered nosave memory: 00000000000a0000 - 00000000000f0000
[    0.000000] PM: Registered nosave memory: 00000000000f0000 - 0000000000100000
[    0.000000] Allocating PCI resources starting at 4000000 (gap: 4000000:fbfc0000)
[    0.000000] Booting paravirtualized kernel on bare hardware
[    0.000000] setup_percpu: NR_CPUS:64 nr_cpumask_bits:64 nr_cpu_ids:1 nr_node_ids:1
[    0.000000] PERCPU: Embedded 27 pages/cpu @ffff880003a00000 s78848 r8192 d23552 u2097152
[    0.000000] Built 1 zonelists in Node order, mobility grouping on.  Total pages: 16008
[    0.000000] Policy zone: DMA32
[    0.000000] Kernel command line: root=/dev/vda console=tty0 console=ttyS0 no_timer_check
[    0.000000] PID hash table entries: 256 (order: -1, 2048 bytes)
[    0.000000] Checking aperture...
[    0.000000] No AGP bridge found
[    0.000000] Memory: 43492k/65528k available (6576k kernel code, 452k absent, 21584k reserved, 6620k data, 928k init)
[    0.000000] SLUB: Genslabs=15, HWalign=64, Order=0-3, MinObjects=0, CPUs=1, Nodes=1
[    0.000000] Hierarchical RCU implementation.
[    0.000000] 	RCU dyntick-idle grace-period acceleration is enabled.
[    0.000000] NR_IRQS:4352 nr_irqs:256 16
[    0.000000] Console: colour VGA+ 80x25
[    0.000000] console [tty0] enabled
[    0.000000] console [ttyS0] enabled
[    0.000000] allocated 1048576 bytes of page_cgroup
[    0.000000] please try 'cgroup_disable=memory' option if you don't want memory cgroups
[    0.000000] Fast TSC calibration failed
[    0.000000] TSC: Unable to calibrate against PIT
[    0.000000] TSC: using HPET reference calibration
[    0.000000] Detected 2294.215 MHz processor.
[    0.033529] Calibrating delay loop (skipped), value calculated using timer frequency.. 4588.43 BogoMIPS (lpj=9176860)
[    0.035728] pid_max: default: 32768 minimum: 301
[    0.042756] Security Framework initialized
[    0.047059] AppArmor: AppArmor initialized
[    0.048123] Yama: becoming mindful.
[    0.056717] Dentry cache hash table entries: 8192 (order: 4, 65536 bytes)
[    0.058602] Inode-cache hash table entries: 4096 (order: 3, 32768 bytes)
[    0.060692] Mount-cache hash table entries: 256
[    0.074473] Initializing cgroup subsys cpuacct
[    0.076333] Initializing cgroup subsys memory
[    0.077690] Initializing cgroup subsys devices
[    0.078432] Initializing cgroup subsys freezer
[    0.080138] Initializing cgroup subsys blkio
[    0.080909] Initializing cgroup subsys perf_event
[    0.085507] mce: CPU supports 10 MCE banks
[    0.089398] SMP alternatives: switching to UP code
[    0.504938] Freeing SMP alternatives: 24k freed
[    0.506498] ACPI: Core revision 20110623
[    0.558245] ftrace: allocating 26610 entries in 105 pages
[    0.595437] ..TIMER: vector=0x30 apic1=0 pin1=2 apic2=-1 pin2=-1
[    0.596155] CPU0: AMD QEMU Virtual CPU version 2.0.0 stepping 03
[    0.600036] Performance Events: Broken PMU hardware detected, using software events only.
[    0.612911] NMI watchdog disabled (cpu0): hardware events not enabled
[    0.617237] Brought up 1 CPUs
[    0.618279] Total of 1 processors activated (4588.43 BogoMIPS).
[    0.655098] devtmpfs: initialized
[    0.686396] EVM: security.selinux
[    0.687015] EVM: security.SMACK64
[    0.688081] EVM: security.capability
[    0.708559] print_constraints: dummy: 
[    0.709868] RTC time:  5:25:54, date: 12/07/15
[    0.714014] NET: Registered protocol family 16
[    0.722329] ACPI: bus type pci registered
[    0.726192] PCI: Using configuration type 1 for base access
[    0.765624] bio: create slab &lt;bio-0&gt; at 0
[    0.774102] ACPI: Added _OSI(Module Device)
[    0.774837] ACPI: Added _OSI(Processor Device)
[    0.776111] ACPI: Added _OSI(3.0 _SCP Extensions)
[    0.776680] ACPI: Added _OSI(Processor Aggregator Device)
[    0.850727] ACPI: Interpreter enabled
[    0.852178] ACPI: (supports S0 S3 S4 S5)
[    0.854138] ACPI: Using IOAPIC for interrupt routing
[    0.925576] ACPI: No dock devices found.
[    0.926935] HEST: Table not found.
[    0.928164] PCI: Using host bridge windows from ACPI; if necessary, use "pci=nocrs" and report a bug
[    0.932948] ACPI: PCI Root Bridge [PCI0] (domain 0000 [bus 00-ff])
[    0.940582] pci_root PNP0A03:00: host bridge window [io  0x0000-0x0cf7]
[    0.941332] pci_root PNP0A03:00: host bridge window [io  0x0d00-0xadff]
[    0.943070] pci_root PNP0A03:00: host bridge window [io  0xae0f-0xaeff]
[    0.944158] pci_root PNP0A03:00: host bridge window [io  0xaf20-0xafdf]
[    0.945400] pci_root PNP0A03:00: host bridge window [io  0xafe4-0xffff]
[    0.948166] pci_root PNP0A03:00: host bridge window [mem 0x000a0000-0x000bffff]
[    0.948905] pci_root PNP0A03:00: host bridge window [mem 0x04000000-0xfebfffff]
[    0.969975] pci 0000:00:01.3: quirk: [io  0xb000-0xb03f] claimed by PIIX4 ACPI
[    0.972195] pci 0000:00:01.3: quirk: [io  0xb100-0xb10f] claimed by PIIX4 SMB
[    1.050051]  pci0000:00: Unable to request _OSC control (_OSC support mask: 0x1e)
[    1.117141] ACPI: PCI Interrupt Link [LNKA] (IRQs 5 *10 11)
[    1.120541] ACPI: PCI Interrupt Link [LNKB] (IRQs 5 *10 11)
[    1.122508] ACPI: PCI Interrupt Link [LNKC] (IRQs 5 10 *11)
[    1.125249] ACPI: PCI Interrupt Link [LNKD] (IRQs 5 10 *11)
[    1.126445] ACPI: PCI Interrupt Link [LNKS] (IRQs *9)
[    1.133440] vgaarb: device added: PCI:0000:00:02.0,decodes=io+mem,owns=io+mem,locks=none
[    1.135249] vgaarb: loaded
[    1.136186] vgaarb: bridge control possible 0000:00:02.0
[    1.140760] i2c-core: driver [aat2870] using legacy suspend method
[    1.141406] i2c-core: driver [aat2870] using legacy resume method
[    1.144499] SCSI subsystem initialized
[    1.149114] usbcore: registered new interface driver usbfs
[    1.150443] usbcore: registered new interface driver hub
[    1.152419] usbcore: registered new device driver usb
[    1.156251] PCI: Using ACPI for IRQ routing
[    1.166030] NetLabel: Initializing
[    1.166633] NetLabel:  domain hash size = 128
[    1.167073] NetLabel:  protocols = UNLABELED CIPSOv4
[    1.169279] NetLabel:  unlabeled traffic allowed by default
[    1.171205] HPET: 3 timers in total, 0 timers will be used for per-cpu timer
[    1.172497] hpet0: at MMIO 0xfed00000, IRQs 2, 8, 0
[    1.173332] hpet0: 3 comparators, 64-bit 100.000000 MHz counter
[    1.190311] Switching to clocksource hpet
[    1.438823] AppArmor: AppArmor Filesystem Enabled
[    1.440100] pnp: PnP ACPI init
[    1.441734] ACPI: bus type pnp registered
[    1.464670] pnp: PnP ACPI: found 9 devices
[    1.465818] ACPI: ACPI bus type pnp unregistered
[    1.533315] NET: Registered protocol family 2
[    1.575924] IP route cache hash table entries: 512 (order: 0, 4096 bytes)
[    1.583623] TCP established hash table entries: 2048 (order: 3, 32768 bytes)
[    1.586003] TCP bind hash table entries: 2048 (order: 3, 32768 bytes)
[    1.587117] TCP: Hash tables configured (established 2048 bind 2048)
[    1.587930] TCP reno registered
[    1.589071] UDP hash table entries: 128 (order: 0, 4096 bytes)
[    1.589615] UDP-Lite hash table entries: 128 (order: 0, 4096 bytes)
[    1.591976] NET: Registered protocol family 1
[    1.593654] pci 0000:00:00.0: Limiting direct PCI/PCI transfers
[    1.594529] pci 0000:00:01.0: PIIX3: Enabling Passive Release
[    1.595398] pci 0000:00:01.0: Activating ISA DMA hang workarounds
[    1.601208] ACPI: PCI Interrupt Link [LNKD] enabled at IRQ 11
[    1.602186] pci 0000:00:01.2: PCI INT D -&gt; Link[LNKD] -&gt; GSI 11 (level, high) -&gt; IRQ 11
[    1.605025] pci 0000:00:01.2: PCI INT D disabled
[    1.622063] Trying to unpack rootfs image as initramfs...
[    1.638490] audit: initializing netlink socket (disabled)
[    1.639607] type=2000 audit(1449465954.636:1): initialized
[    1.923294] HugeTLB registered 2 MB page size, pre-allocated 0 pages
[    2.023431] VFS: Disk quotas dquot_6.5.2
[    2.025783] Dquot-cache hash table entries: 512 (order 0, 4096 bytes)
[    2.041613] fuse init (API version 7.17)
[    2.044676] msgmni has been set to 84
[    2.082075] Block layer SCSI generic (bsg) driver version 0.4 loaded (major 253)
[    2.089930] io scheduler noop registered
[    2.090584] io scheduler deadline registered (default)
[    2.091792] io scheduler cfq registered
[    2.095716] pci_hotplug: PCI Hot Plug PCI Core version: 0.5
[    2.098840] pciehp: PCI Express Hot Plug Controller Driver version: 0.4
[    2.105300] input: Power Button as /devices/LNXSYSTM:00/LNXPWRBN:00/input/input0
[    2.106998] ACPI: Power Button [PWRF]
[    2.153760] ERST: Table is not found!
[    2.154266] GHES: HEST is not enabled!
[    2.165480] ACPI: PCI Interrupt Link [LNKC] enabled at IRQ 10
[    2.166242] virtio-pci 0000:00:03.0: PCI INT A -&gt; Link[LNKC] -&gt; GSI 10 (level, high) -&gt; IRQ 10
[    2.170198] virtio-pci 0000:00:04.0: PCI INT A -&gt; Link[LNKD] -&gt; GSI 11 (level, high) -&gt; IRQ 11
[    2.183877] ACPI: PCI Interrupt Link [LNKA] enabled at IRQ 10
[    2.184893] virtio-pci 0000:00:05.0: PCI INT A -&gt; Link[LNKA] -&gt; GSI 10 (level, high) -&gt; IRQ 10
[    2.197743] Serial: 8250/16550 driver, 32 ports, IRQ sharing enabled
[    2.241007] serial8250: ttyS0 at I/O 0x3f8 (irq = 4) is a 16550A
[    2.335236] serial8250: ttyS1 at I/O 0x2f8 (irq = 3) is a 16550A
[    2.477230] 00:05: ttyS0 at I/O 0x3f8 (irq = 4) is a 16550A
[    2.554945] 00:06: ttyS1 at I/O 0x2f8 (irq = 3) is a 16550A
[    2.603754] Linux agpgart interface v0.103
[    2.612046] Refined TSC clocksource calibration: 2294.247 MHz.
[    2.614551] Switching to clocksource tsc
[    2.666022] brd: module loaded
[    2.701665] loop: module loaded
[    2.753274]  vda: unknown partition table
[    2.811818] scsi0 : ata_piix
[    2.815734] scsi1 : ata_piix
[    2.817920] ata1: PATA max MWDMA2 cmd 0x1f0 ctl 0x3f6 bmdma 0xc0a0 irq 14
[    2.818788] ata2: PATA max MWDMA2 cmd 0x170 ctl 0x376 bmdma 0xc0a8 irq 15
[    2.829325] Fixed MDIO Bus: probed
[    2.830375] tun: Universal TUN/TAP device driver, 1.6
[    2.830962] tun: (C) 1999-2004 Max Krasnyansky &lt;maxk@qualcomm.com&gt;
[    2.847112] PPP generic driver version 2.4.2
[    2.879444] ehci_hcd: USB 2.0 'Enhanced' Host Controller (EHCI) Driver
[    2.881253] ohci_hcd: USB 1.1 'Open' Host Controller (OHCI) Driver
[    2.882279] uhci_hcd: USB Universal Host Controller Interface driver
[    2.883300] uhci_hcd 0000:00:01.2: PCI INT D -&gt; Link[LNKD] -&gt; GSI 11 (level, high) -&gt; IRQ 11
[    2.886702] uhci_hcd 0000:00:01.2: UHCI Host Controller
[    2.895115] uhci_hcd 0000:00:01.2: new USB bus registered, assigned bus number 1
[    2.897710] uhci_hcd 0000:00:01.2: irq 11, io base 0x0000c040
[    2.930058] hub 1-0:1.0: USB hub found
[    2.932790] hub 1-0:1.0: 2 ports detected
[    2.941769] usbcore: registered new interface driver libusual
[    2.944380] i8042: PNP: PS/2 Controller [PNP0303:KBD,PNP0f13:MOU] at 0x60,0x64 irq 1,12
[    2.951673] serio: i8042 KBD port at 0x60,0x64 irq 1
[    2.953383] serio: i8042 AUX port at 0x60,0x64 irq 12
[    2.989719] mousedev: PS/2 mouse device common for all mice
[    2.998865] input: AT Translated Set 2 keyboard as /devices/platform/i8042/serio0/input/input1
[    3.007242] rtc_cmos 00:01: RTC can wake from S4
[    3.026093] rtc_cmos 00:01: rtc core: registered rtc_cmos as rtc0
[    3.031711] rtc0: alarms up to one day, 114 bytes nvram, hpet irqs
[    3.036832] device-mapper: uevent: version 1.0.3
[    3.065074] ata2.01: ATAPI: QEMU DVD-ROM, 2.0.0, max UDMA/100
[    3.081999] ata2.01: configured for MWDMA2
[    3.092834] device-mapper: ioctl: 4.22.0-ioctl (2011-10-19) initialised: dm-devel@redhat.com
[    3.098023] cpuidle: using governor ladder
[    3.101580] cpuidle: using governor menu
[    3.103694] EFI Variables Facility v0.08 2004-May-17
[    3.118869] TCP cubic registered
[    3.127503] NET: Registered protocol family 10
[    3.162641] NET: Registered protocol family 17
[    3.163755] Registering the dns_resolver key type
[    3.201594] scsi 1:0:1:0: CD-ROM            QEMU     QEMU DVD-ROM     2.0. PQ: 0 ANSI: 5
[    3.247526] sr0: scsi3-mmc drive: 4x/4x cd/rw xa/form2 tray
[    3.249369] cdrom: Uniform CD-ROM driver Revision: 3.20
[    3.275315] sr 1:0:1:0: Attached scsi generic sg0 type 5
[    3.328526] registered taskstats version 1
[    3.448033] Freeing initrd memory: 3656k freed
[    3.959851]   Magic number: 11:464:415
[    3.978912] rtc_cmos 00:01: setting system clock to 2015-12-07 05:25:57 UTC (1449465957)
[    3.981105] powernow-k8: Processor cpuid 663 not supported
[    3.986763] BIOS EDD facility v0.16 2004-Jun-25, 0 devices found
[    3.988206] EDD information not available.
[    4.048040] Freeing unused kernel memory: 928k freed
[    4.055054] Write protecting the kernel read-only data: 12288k
[    4.157642] Freeing unused kernel memory: 1596k freed
[    4.210339] Freeing unused kernel memory: 1184k freed

info: initramfs: up at 4.38
modprobe: module virtio_blk not found in modules.dep
modprobe: module virtio_net not found in modules.dep
info: copying initramfs to /dev/vda
info: initramfs loading root from /dev/vda
info: /etc/init.d/rc.sysinit: up at 8.87
info: container: none
Starting logging: OK
modprobe: module virtio_blk not found in modules.dep
modprobe: module virtio_net not found in modules.dep
WARN: /etc/rc3.d/S10-load-modules failed
Initializing random number generator... done.
Starting acpid: OK
cirros-ds 'local' up at 11.37
found datasource (configdrive, local)
Starting network...
udhcpc (v1.20.1) started
Sending discover...
Sending select for 10.100.0.3...
Lease of 10.100.0.3 obtained, lease time 86400
route: SIOCADDRT: File exists
WARN: failed: route add -net "0.0.0.0/0" gw "10.100.0.1"
Starting dropbear sshd: generating rsa key... generating dsa key... OK
no userdata for datasource
=== system information ===
Platform: OpenStack Foundation OpenStack Nova
Container: none
Arch: x86_64
CPU(s): 1 @ 2294.215 MHz
Cores/Sockets/Threads: 1/1/1
Virt-type: AMD-V
RAM Size: 49MB
Disks:
NAME MAJ:MIN     SIZE LABEL         MOUNTPOINT
vda  253:0   25165824 cirros-rootfs /
sr0   11:0     428032 config-2      
=== sshd host keys ===
-----BEGIN SSH HOST KEY KEYS-----
ssh-rsa AAAAB3NzaC1yc2EAAAADAQABAAAAgn5nAFSgm7fCAbALKBNSRceEjoZ+uoAm+Ehj4oX/3Gio08Mn5KFZaJs7n7obc648FkMDYJhJP3Xpifh0QB4oqwBupsKkee6Laj3/lcsC1FqRahiHPHdnhZJmoHHl2s0IbKxbYlh9Izk36devh3SSgzbbNXmaxXAju27vTQGOqfuXk7E= root@tempest
ssh-dss AAAAB3NzaC1kc3MAAACBAPcYgu69YGt8tRZlYuhtb8eHZG8ItS1bmYMSRNclnsHQTUEOg7sHGy4G09jZUr8W2LXhVO2TIXUrjFgMubkuCFf5rX1N7eBC9pOt75AcuJ7lsk+m6PrtLW9f1XL5Xq88GDvaDGlXyYdVgGxCQaMzapXIPsBOQRgTjF0zVHXp0fF1AAAAFQD9ppgmUSTQ7FBkFRoeLI2i73R+swAAAIEA0Hfozo2ahjIDaWc9tji4hWZyUgSIpM18eje1fRY9HA02O9YUTE25c+9REB/XR4dK5fHfHJMWBTpvWLBJC7xLD8tnZsSi3aGCuBZqZm353BQ0xjlv2wxDg9+mRVOEAL55p5iYtCuyepbwjpZi9vNPuM/JKlHht+4r2i+9Zonnvn4AAACAAY4oWt6JX2EyHUzli6SBVW0O/nsaRLNUJtT3P70MmKdtKPXlieoqCQWtYN9m6x/h1tg65QjFfMeNK0/ejG5onckrtnse3wp1Pdk648vCITESL4RCVSHCIDuILEvCSuZliBXUSg43dag2Ji1+L4wKCIuN15y8LxQJnYoT/kepQpM= root@tempest
-----END SSH HOST KEY KEYS-----
=== network info ===
if-info: lo,up,127.0.0.1,8,::1
if-info: eth0,up,10.100.0.3,28,fe80::f816:3eff:fed3:7647
ip-route:default via 10.100.0.1 dev eth0 
ip-route:10.100.0.0/28 dev eth0  src 10.100.0.3 
ip-route:169.254.169.254 via 10.100.0.1 dev eth0 
=== datasource: configdrive local ===
instance-id: 5c680e72-2298-4cd7-9286-0d46bce5af7d
name: tempest.common.compute-instance-1793779854
availability-zone: nova
local-hostname: tempest.common.compute-instance-1793779854.novalocal
launch-index: 0
=== cirros: current=0.3.4 uptime=21.09 ===
  ____               ____  ____
 / __/ __ ____ ____ / __ \/ __/
/ /__ / // __// __// /_/ /\ \ 
\___//_//_/  /_/   \____/___/ 
   http://cirros-cloud.net


login as 'cirros' user. default password: 'cubswin:)'. use 'sudo' for root.
tempest login: 
2015-12-07 05:28:16,851 27573 INFO     [tempest_lib.common.rest_client] Request (TestNetworkBasicOps:_run_cleanups): 204 DELETE http://10.0.2.15:9696/v2.0/floatingips/ad2ae102-aa3f-444c-8523-13871bdb8712 0.200s
2015-12-07 05:28:16,852 27573 DEBUG    [tempest_lib.common.rest_client] Request - Headers: {'Content-Type': 'application/json', 'Accept': 'application/json', 'X-Auth-Token': '&lt;omitted&gt;'}
        Body: None
    Response - Headers: {'date': 'Mon, 07 Dec 2015 05:28:16 GMT', 'status': '204', 'connection': 'close', 'content-length': '0', 'x-openstack-request-id': 'req-bb5293c8-3f54-427d-ade2-f21187a052ab'}
        Body: 
2015-12-07 05:28:17,185 27573 INFO     [tempest_lib.common.rest_client] Request (TestNetworkBasicOps:_run_cleanups): 204 DELETE http://10.0.2.15:8774/v2.1/3833897e49c2403ba8a360d8f3d85321/servers/5c680e72-2298-4cd7-9286-0d46bce5af7d 0.333s
2015-12-07 05:28:17,186 27573 DEBUG    [tempest_lib.common.rest_client] Request - Headers: {'Content-Type': 'application/json', 'Accept': 'application/json', 'X-Auth-Token': '&lt;omitted&gt;'}
        Body: None
    Response - Headers: {'status': '204', 'content-length': '0', 'x-compute-request-id': 'req-34afa7f9-ce5f-4044-b414-755f3943bc45', 'vary': 'X-OpenStack-Nova-API-Version', 'connection': 'close', 'x-openstack-nova-api-version': '2.1', 'date': 'Mon, 07 Dec 2015 05:28:17 GMT', 'content-type': 'application/json'}
        Body: 
2015-12-07 05:28:17,383 27573 INFO     [tempest_lib.common.rest_client] Request (TestNetworkBasicOps:_run_cleanups): 200 GET http://10.0.2.15:8774/v2.1/3833897e49c2403ba8a360d8f3d85321/servers/5c680e72-2298-4cd7-9286-0d46bce5af7d 0.196s
2015-12-07 05:28:17,384 27573 DEBUG    [tempest_lib.common.rest_client] Request - Headers: {'Content-Type': 'application/json', 'Accept': 'application/json', 'X-Auth-Token': '&lt;omitted&gt;'}
        Body: None
    Response - Headers: {'status': '200', 'content-length': '1776', 'content-location': 'http://10.0.2.15:8774/v2.1/3833897e49c2403ba8a360d8f3d85321/servers/5c680e72-2298-4cd7-9286-0d46bce5af7d', 'x-compute-request-id': 'req-5b7ce0d9-428d-4d3d-910f-75a43109b8db', 'vary': 'X-OpenStack-Nova-API-Version', 'connection': 'close', 'x-openstack-nova-api-version': '2.1', 'date': 'Mon, 07 Dec 2015 05:28:17 GMT', 'content-type': 'application/json'}
        Body: {"server": {"status": "ACTIVE", "updated": "2015-12-07T05:28:17Z", "hostId": "16dfa9e76d229a82b4215072eb5455a4afb55601e151c30466d27af4", "addresses": {"tempest-network-smoke--429873388": [{"OS-EXT-IPS-MAC:mac_addr": "fa:16:3e:d3:76:47", "version": 4, "addr": "10.100.0.3", "OS-EXT-IPS:type": "fixed"}, {"OS-EXT-IPS-MAC:mac_addr": "fa:16:3e:d3:76:47", "version": 4, "addr": "172.24.4.18", "OS-EXT-IPS:type": "floating"}]}, "links": [{"href": "http://10.0.2.15:8774/v2.1/3833897e49c2403ba8a360d8f3d85321/servers/5c680e72-2298-4cd7-9286-0d46bce5af7d", "rel": "self"}, {"href": "http://10.0.2.15:8774/3833897e49c2403ba8a360d8f3d85321/servers/5c680e72-2298-4cd7-9286-0d46bce5af7d", "rel": "bookmark"}], "key_name": "tempest-TestNetworkBasicOps-1818056199", "image": {"id": "9c47db51-56dd-40de-ae3d-94fcfcfe605b", "links": [{"href": "http://10.0.2.15:8774/3833897e49c2403ba8a360d8f3d85321/images/9c47db51-56dd-40de-ae3d-94fcfcfe605b", "rel": "bookmark"}]}, "OS-EXT-STS:task_state": "deleting", "OS-EXT-STS:vm_state": "active", "OS-SRV-USG:launched_at": "2015-12-07T05:25:50.000000", "flavor": {"id": "42", "links": [{"href": "http://10.0.2.15:8774/3833897e49c2403ba8a360d8f3d85321/flavors/42", "rel": "bookmark"}]}, "id": "5c680e72-2298-4cd7-9286-0d46bce5af7d", "security_groups": [{"name": "tempest-secgroup-smoke-970911835"}], "OS-SRV-USG:terminated_at": null, "OS-EXT-AZ:availability_zone": "nova", "user_id": "767d97a756c44550b3e1c942aed684b2", "name": "tempest.common.compute-instance-1793779854", "created": "2015-12-07T05:25:47Z", "tenant_id": "3833897e49c2403ba8a360d8f3d85321", "OS-DCF:diskConfig": "MANUAL", "os-extended-volumes:volumes_attached": [], "accessIPv4": "", "accessIPv6": "", "progress": 0, "OS-EXT-STS:power_state": 1, "config_drive": "True", "metadata": {}}}
2015-12-07 05:28:18,555 27573 INFO     [tempest_lib.common.rest_client] Request (TestNetworkBasicOps:_run_cleanups): 200 GET http://10.0.2.15:8774/v2.1/3833897e49c2403ba8a360d8f3d85321/servers/5c680e72-2298-4cd7-9286-0d46bce5af7d 0.158s
2015-12-07 05:28:18,555 27573 DEBUG    [tempest_lib.common.rest_client] Request - Headers: {'Content-Type': 'application/json', 'Accept': 'application/json', 'X-Auth-Token': '&lt;omitted&gt;'}
        Body: None
    Response - Headers: {'status': '200', 'content-length': '1441', 'content-location': 'http://10.0.2.15:8774/v2.1/3833897e49c2403ba8a360d8f3d85321/servers/5c680e72-2298-4cd7-9286-0d46bce5af7d', 'x-compute-request-id': 'req-4b2cb185-3762-4ed0-a73e-40ea78f3a0a7', 'vary': 'X-OpenStack-Nova-API-Version', 'connection': 'close', 'x-openstack-nova-api-version': '2.1', 'date': 'Mon, 07 Dec 2015 05:28:18 GMT', 'content-type': 'application/json'}
        Body: {"server": {"status": "ACTIVE", "updated": "2015-12-07T05:28:17Z", "hostId": "16dfa9e76d229a82b4215072eb5455a4afb55601e151c30466d27af4", "addresses": {}, "links": [{"href": "http://10.0.2.15:8774/v2.1/3833897e49c2403ba8a360d8f3d85321/servers/5c680e72-2298-4cd7-9286-0d46bce5af7d", "rel": "self"}, {"href": "http://10.0.2.15:8774/3833897e49c2403ba8a360d8f3d85321/servers/5c680e72-2298-4cd7-9286-0d46bce5af7d", "rel": "bookmark"}], "key_name": "tempest-TestNetworkBasicOps-1818056199", "image": {"id": "9c47db51-56dd-40de-ae3d-94fcfcfe605b", "links": [{"href": "http://10.0.2.15:8774/3833897e49c2403ba8a360d8f3d85321/images/9c47db51-56dd-40de-ae3d-94fcfcfe605b", "rel": "bookmark"}]}, "OS-EXT-STS:task_state": "deleting", "OS-EXT-STS:vm_state": "active", "OS-SRV-USG:launched_at": "2015-12-07T05:25:50.000000", "flavor": {"id": "42", "links": [{"href": "http://10.0.2.15:8774/3833897e49c2403ba8a360d8f3d85321/flavors/42", "rel": "bookmark"}]}, "id": "5c680e72-2298-4cd7-9286-0d46bce5af7d", "OS-SRV-USG:terminated_at": null, "OS-EXT-AZ:availability_zone": "nova", "user_id": "767d97a756c44550b3e1c942aed684b2", "name": "tempest.common.compute-instance-1793779854", "created": "2015-12-07T05:25:47Z", "tenant_id": "3833897e49c2403ba8a360d8f3d85321", "OS-DCF:diskConfig": "MANUAL", "os-extended-volumes:volumes_attached": [], "accessIPv4": "", "accessIPv6": "", "progress": 0, "OS-EXT-STS:power_state": 1, "config_drive": "True", "metadata": {}}}
2015-12-07 05:28:19,653 27573 INFO     [tempest_lib.common.rest_client] Request (TestNetworkBasicOps:_run_cleanups): 404 GET http://10.0.2.15:8774/v2.1/3833897e49c2403ba8a360d8f3d85321/servers/5c680e72-2298-4cd7-9286-0d46bce5af7d 0.084s
2015-12-07 05:28:19,654 27573 DEBUG    [tempest_lib.common.rest_client] Request - Headers: {'Content-Type': 'application/json', 'Accept': 'application/json', 'X-Auth-Token': '&lt;omitted&gt;'}
        Body: None
