<?xml version="1.0" encoding="UTF-8"?>
<!DOCTYPE html PUBLIC "-//W3C//DTD XHTML 1.0 Strict//EN"
     "http://www.w3.org/TR/xhtml1/DTD/xhtml1-strict.dtd">
<html xmlns="http://www.w3.org/1999/xhtml">
<head>
    <title>Unit Test Report</title>
    <meta name="generator" content="subunit2html 0.1"/>
    <meta http-equiv="Content-Type" content="text/html; charset=UTF-8"/>
    
<style type="text/css" media="screen">
body        { font-family: verdana, arial, helvetica, sans-serif;
    font-size: 80%; }
table       { font-size: 100%; width: 100%;}
pre         { font-size: 80%; }

/* -- heading -------------------------------------------------------------- */
h1 {
        font-size: 16pt;
        color: gray;
}
.heading {
    margin-top: 0ex;
    margin-bottom: 1ex;
}

.heading .attribute {
    margin-top: 1ex;
    margin-bottom: 0;
}

.heading .description {
    margin-top: 4ex;
    margin-bottom: 6ex;
}

/* -- css div popup -------------------------------------------------------- */
a.popup_link {
}

a.popup_link:hover {
    color: red;
}

.popup_window {
    display: none;
    overflow-x: scroll;
    /*border: solid #627173 1px; */
    padding: 10px;
    background-color: #E6E6D6;
    font-family: "Ubuntu Mono", "Lucida Console", "Courier New", monospace;
    text-align: left;
    font-size: 8pt;
}

}
/* -- report --------------------------------------------------------------- */
#show_detail_line {
    margin-top: 3ex;
    margin-bottom: 1ex;
}
#result_table {
    width: 100%;
    border-collapse: collapse;
    border: 1px solid #777;
}
#header_row {
    font-weight: bold;
    color: white;
    background-color: #777;
}
#result_table td {
    border: 1px solid #777;
    padding: 2px;
}
#total_row  { font-weight: bold; }
.passClass  { background-color: #6c6; }
.failClass  { background-color: #c60; }
.errorClass { background-color: #c00; }
.passCase   { color: #6c6; }
.failCase   { color: #c60; font-weight: bold; }
.errorCase  { color: #c00; font-weight: bold; }
.hiddenRow  { display: none; }
.testcase   { margin-left: 2em; }
td.testname {width: 40%}
td.small {width: 40px}

/* -- ending --------------------------------------------------------------- */
#ending {
}

</style>

</head>
<body>
<script language="javascript" type="text/javascript"><!--
output_list = Array();

/* level - 0:Summary; 1:Failed; 2:All */
function showCase(level) {
    trs = document.getElementsByTagName("tr");
    for (var i = 0; i < trs.length; i++) {
        tr = trs[i];
        id = tr.id;
        if (id.substr(0,2) == 'ft') {
            if (level < 1) {
                tr.className = 'hiddenRow';
            }
            else {
                tr.className = '';
            }
        }
        if (id.substr(0,2) == 'pt') {
            if (level > 1) {
                tr.className = '';
            }
            else {
                tr.className = 'hiddenRow';
            }
        }
    }
}


function showClassDetail(cid, count) {
    var id_list = Array(count);
    var toHide = 1;
    for (var i = 0; i < count; i++) {
        tid0 = 't' + cid.substr(1) + '.' + (i+1);
        tid = 'f' + tid0;
        tr = document.getElementById(tid);
        if (!tr) {
            tid = 'p' + tid0;
            tr = document.getElementById(tid);
        }
        id_list[i] = tid;
        if (tr.className) {
            toHide = 0;
        }
    }
    for (var i = 0; i < count; i++) {
        tid = id_list[i];
        if (toHide) {
            document.getElementById('div_'+tid).style.display = 'none'
            document.getElementById(tid).className = 'hiddenRow';
        }
        else {
            document.getElementById(tid).className = '';
        }
    }
}


function showTestDetail(div_id){
    var details_div = document.getElementById(div_id)
    var displayState = details_div.style.display
    // alert(displayState)
    if (displayState != 'block' ) {
        displayState = 'block'
        details_div.style.display = 'block'
    }
    else {
        details_div.style.display = 'none'
    }
}


function html_escape(s) {
    s = s.replace(/&/g,'&amp;');
    s = s.replace(/</g,'&lt;');
    s = s.replace(/>/g,'&gt;');
    return s;
}

/* obsoleted by detail in <div>
function showOutput(id, name) {
    var w = window.open("", //url
                    name,
                    "resizable,scrollbars,status,width=800,height=450");
    d = w.document;
    d.write("<pre>");
    d.write(html_escape(output_list[id]));
    d.write("\n");
    d.write("<a href='javascript:window.close()'>close</a>\n");
    d.write("</pre>\n");
    d.close();
}
*/
--></script>

<div class='heading'>
<h1>Unit Test Report</h1>

<p class='attribute'><strong>Status:</strong> Pass 8 Failure 1</p>

<p class='description'></p>
</div>



<p id='show_detail_line'>Show
<a href='javascript:showCase(0)'>Summary</a>
<a href='javascript:showCase(1)'>Failed</a>
<a href='javascript:showCase(2)'>All</a>
</p>
<table id='result_table'>
<colgroup>
<col align='left' />
<col align='right' />
<col align='right' />
<col align='right' />
<col align='right' />
<col align='right' />
<col align='right' />
<col align='right' />
</colgroup>
<tr id='header_row'>
    <td>Test Group/Test case</td>
    <td>Count</td>
    <td>Pass</td>
    <td>Fail</td>
    <td>Error</td>
    <td>Skip</td>
    <td>View</td>
    <td> </td>
</tr>

<tr class='failClass'>
    <td class="testname">tempest.scenario.test_network_basic_ops.TestNetworkBasicOps</td>
    <td class="small">9</td>
    <td class="small">8</td>
    <td class="small">1</td>
    <td class="small">0</td>
    <td class="small">0</td>
    <td class="small"><a href="javascript:showClassDetail('c1',9)"
>Detail</a></td>
    <td> </td>
</tr>

<tr id='pt1.1' class='hiddenRow'>
    <td class='none'><div class='testcase'>test_connectivity_between_vms_on_different_networks[compute,id-1546850e-fbaa-42f5-8b5f-03d8a6a95f15,network]</div></td>
    <td colspan='7' align='left'>

    <!--css div popup start-->
    <a class="popup_link" onfocus='this.blur();'
    href="javascript:showTestDetail('div_pt1.1')" >
        pass</a>

    <div id='div_pt1.1' class="popup_window">
        <div style='text-align: right; color:red;cursor:pointer'>
        <a onfocus='this.blur();'
onclick="document.getElementById('div_pt1.1').style.display = 'none' " >
           [x]</a>
        </div>
        <pre>
        
pt1.1: tempest.scenario.test_network_basic_ops.TestNetworkBasicOps.test_connectivity_between_vms_on_different_networks[compute,id-1546850e-fbaa-42f5-8b5f-03d8a6a95f15,network]

        </pre>
    </div>
    <!--css div popup end-->

    </td>
</tr>

<tr id='pt1.2' class='hiddenRow'>
    <td class='none'><div class='testcase'>test_hotplug_nic[compute,id-c5adff73-e961-41f1-b4a9-343614f18cfa,network]</div></td>
    <td colspan='7' align='left'>

    <!--css div popup start-->
    <a class="popup_link" onfocus='this.blur();'
    href="javascript:showTestDetail('div_pt1.2')" >
        pass</a>

    <div id='div_pt1.2' class="popup_window">
        <div style='text-align: right; color:red;cursor:pointer'>
        <a onfocus='this.blur();'
onclick="document.getElementById('div_pt1.2').style.display = 'none' " >
           [x]</a>
        </div>
        <pre>
        
pt1.2: tempest.scenario.test_network_basic_ops.TestNetworkBasicOps.test_hotplug_nic[compute,id-c5adff73-e961-41f1-b4a9-343614f18cfa,network]

        </pre>
    </div>
    <!--css div popup end-->

    </td>
</tr>

<tr id='pt1.3' class='hiddenRow'>
    <td class='none'><div class='testcase'>test_network_basic_ops[compute,id-f323b3ba-82f8-4db7-8ea6-6a895869ec49,network,smoke]</div></td>
    <td colspan='7' align='left'>

    <!--css div popup start-->
    <a class="popup_link" onfocus='this.blur();'
    href="javascript:showTestDetail('div_pt1.3')" >
        pass</a>

    <div id='div_pt1.3' class="popup_window">
        <div style='text-align: right; color:red;cursor:pointer'>
        <a onfocus='this.blur();'
onclick="document.getElementById('div_pt1.3').style.display = 'none' " >
           [x]</a>
        </div>
        <pre>
        
pt1.3: tempest.scenario.test_network_basic_ops.TestNetworkBasicOps.test_network_basic_ops[compute,id-f323b3ba-82f8-4db7-8ea6-6a895869ec49,network,smoke]

        </pre>
    </div>
    <!--css div popup end-->

    </td>
</tr>

<tr id='pt1.4' class='hiddenRow'>
    <td class='none'><div class='testcase'>test_port_security_macspoofing_port[compute,id-7c0bb1a2-d053-49a4-98f9-ca1a1d849f63,network]</div></td>
    <td colspan='7' align='left'>

    <!--css div popup start-->
    <a class="popup_link" onfocus='this.blur();'
    href="javascript:showTestDetail('div_pt1.4')" >
        pass</a>

    <div id='div_pt1.4' class="popup_window">
        <div style='text-align: right; color:red;cursor:pointer'>
        <a onfocus='this.blur();'
onclick="document.getElementById('div_pt1.4').style.display = 'none' " >
           [x]</a>
        </div>
        <pre>
        
pt1.4: tempest.scenario.test_network_basic_ops.TestNetworkBasicOps.test_port_security_macspoofing_port[compute,id-7c0bb1a2-d053-49a4-98f9-ca1a1d849f63,network]

        </pre>
    </div>
    <!--css div popup end-->

    </td>
</tr>

<tr id='pt1.5' class='hiddenRow'>
    <td class='none'><div class='testcase'>test_preserve_preexisting_port[compute,id-759462e1-8535-46b0-ab3a-33aa45c55aaa,network]</div></td>
    <td colspan='7' align='left'>

    <!--css div popup start-->
    <a class="popup_link" onfocus='this.blur();'
    href="javascript:showTestDetail('div_pt1.5')" >
        pass</a>

    <div id='div_pt1.5' class="popup_window">
        <div style='text-align: right; color:red;cursor:pointer'>
        <a onfocus='this.blur();'
onclick="document.getElementById('div_pt1.5').style.display = 'none' " >
           [x]</a>
        </div>
        <pre>
        
pt1.5: tempest.scenario.test_network_basic_ops.TestNetworkBasicOps.test_preserve_preexisting_port[compute,id-759462e1-8535-46b0-ab3a-33aa45c55aaa,network]

        </pre>
    </div>
    <!--css div popup end-->

    </td>
</tr>

<tr id='pt1.6' class='hiddenRow'>
    <td class='none'><div class='testcase'>test_router_rescheduling[compute,id-2e788c46-fb3f-4ac9-8f82-0561555bea73,network]</div></td>
    <td colspan='7' align='left'>

    <!--css div popup start-->
    <a class="popup_link" onfocus='this.blur();'
    href="javascript:showTestDetail('div_pt1.6')" >
        pass</a>

    <div id='div_pt1.6' class="popup_window">
        <div style='text-align: right; color:red;cursor:pointer'>
        <a onfocus='this.blur();'
onclick="document.getElementById('div_pt1.6').style.display = 'none' " >
           [x]</a>
        </div>
        <pre>
        
pt1.6: tempest.scenario.test_network_basic_ops.TestNetworkBasicOps.test_router_rescheduling[compute,id-2e788c46-fb3f-4ac9-8f82-0561555bea73,network]

        </pre>
    </div>
    <!--css div popup end-->

    </td>
</tr>

<tr id='pt1.7' class='hiddenRow'>
    <td class='none'><div class='testcase'>test_subnet_details[compute,id-d8bb918e-e2df-48b2-97cd-b73c95450980,network]</div></td>
    <td colspan='7' align='left'>

    <!--css div popup start-->
    <a class="popup_link" onfocus='this.blur();'
    href="javascript:showTestDetail('div_pt1.7')" >
        pass</a>

    <div id='div_pt1.7' class="popup_window">
        <div style='text-align: right; color:red;cursor:pointer'>
        <a onfocus='this.blur();'
onclick="document.getElementById('div_pt1.7').style.display = 'none' " >
           [x]</a>
        </div>
        <pre>
        
pt1.7: tempest.scenario.test_network_basic_ops.TestNetworkBasicOps.test_subnet_details[compute,id-d8bb918e-e2df-48b2-97cd-b73c95450980,network]

        </pre>
    </div>
    <!--css div popup end-->

    </td>
</tr>

<tr id='ft1.8' class='none'>
    <td class='failCase'><div class='testcase'>test_update_instance_port_admin_state[compute,id-f5dfcc22-45fd-409f-954c-5bd500d7890b,network]</div></td>
    <td colspan='7' align='left'>

    <!--css div popup start-->
    <a class="popup_link" onfocus='this.blur();'
    href="javascript:showTestDetail('div_ft1.8')" >
        fail</a>

    <div id='div_ft1.8' class="popup_window">
        <div style='text-align: right; color:red;cursor:pointer'>
        <a onfocus='this.blur();'
onclick="document.getElementById('div_ft1.8').style.display = 'none' " >
           [x]</a>
        </div>
        <pre>
        
ft1.8: tempest.scenario.test_network_basic_ops.TestNetworkBasicOps.test_update_instance_port_admin_state[compute,id-f5dfcc22-45fd-409f-954c-5bd500d7890b,network]_StringException: Empty attachments:
  stderr
  stdout

pythonlogging:'': {{{
2015-12-06 16:43:45,136 27563 INFO     [tempest_lib.common.rest_client] Request (TestNetworkBasicOps:test_update_instance_port_admin_state): 201 POST http://10.0.2.15:9696/v2.0/security-groups 0.142s
2015-12-06 16:43:45,137 27563 DEBUG    [tempest_lib.common.rest_client] Request - Headers: {'Content-Type': 'application/json', 'Accept': 'application/json', 'X-Auth-Token': '&lt;omitted&gt;'}
        Body: {"security_group": {"tenant_id": "fb01aaa22ab346db9eb8f731662270ad", "description": "tempest-secgroup-smoke-835003560 description", "name": "tempest-secgroup-smoke-835003560"}}
    Response - Headers: {'status': '201', 'content-length': '886', 'connection': 'close', 'date': 'Sun, 06 Dec 2015 16:43:45 GMT', 'content-type': 'application/json; charset=UTF-8', 'x-openstack-request-id': 'req-8d56f121-f2f4-49e4-8ad7-ba9c3f84d3bb'}
        Body: {"security_group": {"tenant_id": "fb01aaa22ab346db9eb8f731662270ad", "description": "tempest-secgroup-smoke-835003560 description", "id": "cd6d64f3-595a-4059-930a-603b74818387", "security_group_rules": [{"remote_group_id": null, "direction": "egress", "remote_ip_prefix": null, "protocol": null, "ethertype": "IPv4", "tenant_id": "fb01aaa22ab346db9eb8f731662270ad", "port_range_max": null, "port_range_min": null, "id": "932f0e2c-a531-4162-891d-e066cacd8432", "security_group_id": "cd6d64f3-595a-4059-930a-603b74818387"}, {"remote_group_id": null, "direction": "egress", "remote_ip_prefix": null, "protocol": null, "ethertype": "IPv6", "tenant_id": "fb01aaa22ab346db9eb8f731662270ad", "port_range_max": null, "port_range_min": null, "id": "8fca98be-c860-41fa-a97a-f9da9f50fefa", "security_group_id": "cd6d64f3-595a-4059-930a-603b74818387"}], "name": "tempest-secgroup-smoke-835003560"}}
2015-12-06 16:43:45,248 27563 INFO     [tempest_lib.common.rest_client] Request (TestNetworkBasicOps:test_update_instance_port_admin_state): 201 POST http://10.0.2.15:9696/v2.0/security-group-rules 0.108s
2015-12-06 16:43:45,248 27563 DEBUG    [tempest_lib.common.rest_client] Request - Headers: {'Content-Type': 'application/json', 'Accept': 'application/json', 'X-Auth-Token': '&lt;omitted&gt;'}
        Body: {"security_group_rule": {"direction": "ingress", "protocol": "tcp", "tenant_id": "fb01aaa22ab346db9eb8f731662270ad", "port_range_max": 22, "security_group_id": "cd6d64f3-595a-4059-930a-603b74818387", "port_range_min": 22}}
    Response - Headers: {'status': '201', 'content-length': '340', 'connection': 'close', 'date': 'Sun, 06 Dec 2015 16:43:45 GMT', 'content-type': 'application/json; charset=UTF-8', 'x-openstack-request-id': 'req-e761453d-9d84-473f-9e8d-0afe7e73a461'}
        Body: {"security_group_rule": {"remote_group_id": null, "direction": "ingress", "remote_ip_prefix": null, "protocol": "tcp", "ethertype": "IPv4", "tenant_id": "fb01aaa22ab346db9eb8f731662270ad", "port_range_max": 22, "port_range_min": 22, "id": "0e3b5674-a34b-45be-ad76-0a3f391a1003", "security_group_id": "cd6d64f3-595a-4059-930a-603b74818387"}}
2015-12-06 16:43:45,342 27563 INFO     [tempest_lib.common.rest_client] Request (TestNetworkBasicOps:test_update_instance_port_admin_state): 201 POST http://10.0.2.15:9696/v2.0/security-group-rules 0.092s
2015-12-06 16:43:45,342 27563 DEBUG    [tempest_lib.common.rest_client] Request - Headers: {'Content-Type': 'application/json', 'Accept': 'application/json', 'X-Auth-Token': '&lt;omitted&gt;'}
        Body: {"security_group_rule": {"direction": "egress", "protocol": "tcp", "tenant_id": "fb01aaa22ab346db9eb8f731662270ad", "port_range_max": 22, "security_group_id": "cd6d64f3-595a-4059-930a-603b74818387", "port_range_min": 22}}
    Response - Headers: {'status': '201', 'content-length': '339', 'connection': 'close', 'date': 'Sun, 06 Dec 2015 16:43:45 GMT', 'content-type': 'application/json; charset=UTF-8', 'x-openstack-request-id': 'req-e054fddb-4232-46ec-ac9f-afaa7465cb6a'}
        Body: {"security_group_rule": {"remote_group_id": null, "direction": "egress", "remote_ip_prefix": null, "protocol": "tcp", "ethertype": "IPv4", "tenant_id": "fb01aaa22ab346db9eb8f731662270ad", "port_range_max": 22, "port_range_min": 22, "id": "aa7644e9-93e7-4767-88d9-1140dc7bf844", "security_group_id": "cd6d64f3-595a-4059-930a-603b74818387"}}
2015-12-06 16:43:45,448 27563 INFO     [tempest_lib.common.rest_client] Request (TestNetworkBasicOps:test_update_instance_port_admin_state): 201 POST http://10.0.2.15:9696/v2.0/security-group-rules 0.104s
2015-12-06 16:43:45,448 27563 DEBUG    [tempest_lib.common.rest_client] Request - Headers: {'Content-Type': 'application/json', 'Accept': 'application/json', 'X-Auth-Token': '&lt;omitted&gt;'}
        Body: {"security_group_rule": {"tenant_id": "fb01aaa22ab346db9eb8f731662270ad", "direction": "ingress", "protocol": "icmp", "security_group_id": "cd6d64f3-595a-4059-930a-603b74818387"}}
    Response - Headers: {'status': '201', 'content-length': '345', 'connection': 'close', 'date': 'Sun, 06 Dec 2015 16:43:45 GMT', 'content-type': 'application/json; charset=UTF-8', 'x-openstack-request-id': 'req-48b75c98-eaed-4f5b-b853-9710ec9b4aad'}
        Body: {"security_group_rule": {"remote_group_id": null, "direction": "ingress", "remote_ip_prefix": null, "protocol": "icmp", "ethertype": "IPv4", "tenant_id": "fb01aaa22ab346db9eb8f731662270ad", "port_range_max": null, "port_range_min": null, "id": "fd810577-7d48-41f3-90f5-db5be9fac87d", "security_group_id": "cd6d64f3-595a-4059-930a-603b74818387"}}
2015-12-06 16:43:45,550 27563 INFO     [tempest_lib.common.rest_client] Request (TestNetworkBasicOps:test_update_instance_port_admin_state): 201 POST http://10.0.2.15:9696/v2.0/security-group-rules 0.101s
2015-12-06 16:43:45,551 27563 DEBUG    [tempest_lib.common.rest_client] Request - Headers: {'Content-Type': 'application/json', 'Accept': 'application/json', 'X-Auth-Token': '&lt;omitted&gt;'}
        Body: {"security_group_rule": {"tenant_id": "fb01aaa22ab346db9eb8f731662270ad", "direction": "egress", "protocol": "icmp", "security_group_id": "cd6d64f3-595a-4059-930a-603b74818387"}}
    Response - Headers: {'status': '201', 'content-length': '344', 'connection': 'close', 'date': 'Sun, 06 Dec 2015 16:43:45 GMT', 'content-type': 'application/json; charset=UTF-8', 'x-openstack-request-id': 'req-dfaed786-31fe-4764-8776-b98c4eac4529'}
        Body: {"security_group_rule": {"remote_group_id": null, "direction": "egress", "remote_ip_prefix": null, "protocol": "icmp", "ethertype": "IPv4", "tenant_id": "fb01aaa22ab346db9eb8f731662270ad", "port_range_max": null, "port_range_min": null, "id": "ef941cda-ee3c-43c1-8cd5-aa6311f852a0", "security_group_id": "cd6d64f3-595a-4059-930a-603b74818387"}}
2015-12-06 16:43:45,664 27563 INFO     [tempest_lib.common.rest_client] Request (TestNetworkBasicOps:test_update_instance_port_admin_state): 201 POST http://10.0.2.15:9696/v2.0/security-group-rules 0.112s
2015-12-06 16:43:45,665 27563 DEBUG    [tempest_lib.common.rest_client] Request - Headers: {'Content-Type': 'application/json', 'Accept': 'application/json', 'X-Auth-Token': '&lt;omitted&gt;'}
        Body: {"security_group_rule": {"tenant_id": "fb01aaa22ab346db9eb8f731662270ad", "direction": "ingress", "security_group_id": "cd6d64f3-595a-4059-930a-603b74818387", "protocol": "icmp", "ethertype": "IPv6"}}
    Response - Headers: {'status': '201', 'content-length': '345', 'connection': 'close', 'date': 'Sun, 06 Dec 2015 16:43:45 GMT', 'content-type': 'application/json; charset=UTF-8', 'x-openstack-request-id': 'req-f82284a7-bcab-4027-82e8-1b4f4ff13d45'}
        Body: {"security_group_rule": {"remote_group_id": null, "direction": "ingress", "remote_ip_prefix": null, "protocol": "icmp", "ethertype": "IPv6", "tenant_id": "fb01aaa22ab346db9eb8f731662270ad", "port_range_max": null, "port_range_min": null, "id": "7dbe0e38-cb04-4ef1-b755-e0310dae76b2", "security_group_id": "cd6d64f3-595a-4059-930a-603b74818387"}}
2015-12-06 16:43:45,776 27563 INFO     [tempest_lib.common.rest_client] Request (TestNetworkBasicOps:test_update_instance_port_admin_state): 201 POST http://10.0.2.15:9696/v2.0/security-group-rules 0.110s
2015-12-06 16:43:45,776 27563 DEBUG    [tempest_lib.common.rest_client] Request - Headers: {'Content-Type': 'application/json', 'Accept': 'application/json', 'X-Auth-Token': '&lt;omitted&gt;'}
        Body: {"security_group_rule": {"tenant_id": "fb01aaa22ab346db9eb8f731662270ad", "direction": "egress", "security_group_id": "cd6d64f3-595a-4059-930a-603b74818387", "protocol": "icmp", "ethertype": "IPv6"}}
    Response - Headers: {'status': '201', 'content-length': '344', 'connection': 'close', 'date': 'Sun, 06 Dec 2015 16:43:45 GMT', 'content-type': 'application/json; charset=UTF-8', 'x-openstack-request-id': 'req-56924619-3021-4eb8-ae61-05e9394cddef'}
        Body: {"security_group_rule": {"remote_group_id": null, "direction": "egress", "remote_ip_prefix": null, "protocol": "icmp", "ethertype": "IPv6", "tenant_id": "fb01aaa22ab346db9eb8f731662270ad", "port_range_max": null, "port_range_min": null, "id": "15d2d340-07b7-4631-bf02-28dae9cd05c0", "security_group_id": "cd6d64f3-595a-4059-930a-603b74818387"}}
2015-12-06 16:43:45,905 27563 INFO     [tempest_lib.common.rest_client] Request (TestNetworkBasicOps:test_update_instance_port_admin_state): 201 POST http://10.0.2.15:9696/v2.0/networks 0.127s
2015-12-06 16:43:45,905 27563 DEBUG    [tempest_lib.common.rest_client] Request - Headers: {'Content-Type': 'application/json', 'Accept': 'application/json', 'X-Auth-Token': '&lt;omitted&gt;'}
        Body: {"network": {"tenant_id": "fb01aaa22ab346db9eb8f731662270ad", "name": "tempest-network-smoke--594978650"}}
    Response - Headers: {'status': '201', 'content-length': '295', 'connection': 'close', 'date': 'Sun, 06 Dec 2015 16:43:45 GMT', 'content-type': 'application/json; charset=UTF-8', 'x-openstack-request-id': 'req-d0197858-e9b0-4eb3-a10b-0c4cc422d185'}
        Body: {"network": {"status": "ACTIVE", "subnets": [], "name": "tempest-network-smoke--594978650", "admin_state_up": true, "tenant_id": "fb01aaa22ab346db9eb8f731662270ad", "mtu": 0, "router:external": false, "shared": false, "port_security_enabled": true, "id": "fcf8e4d5-d14e-4672-b0de-792692c3671e"}}
2015-12-06 16:43:45,979 27563 INFO     [tempest_lib.common.rest_client] Request (TestNetworkBasicOps:test_update_instance_port_admin_state): 201 POST http://10.0.2.15:9696/v2.0/routers 0.071s
2015-12-06 16:43:45,980 27563 DEBUG    [tempest_lib.common.rest_client] Request - Headers: {'Content-Type': 'application/json', 'Accept': 'application/json', 'X-Auth-Token': '&lt;omitted&gt;'}
        Body: {"router": {"tenant_id": "fb01aaa22ab346db9eb8f731662270ad", "name": "tempest-router-smoke-1032916882", "admin_state_up": true}}
    Response - Headers: {'status': '201', 'content-length': '239', 'connection': 'close', 'date': 'Sun, 06 Dec 2015 16:43:45 GMT', 'content-type': 'application/json; charset=UTF-8', 'x-openstack-request-id': 'req-70345f0c-5f17-4fbc-866d-54343cb0a496'}
        Body: {"router": {"status": "ACTIVE", "external_gateway_info": null, "name": "tempest-router-smoke-1032916882", "admin_state_up": true, "tenant_id": "fb01aaa22ab346db9eb8f731662270ad", "routes": [], "id": "eb9d8e94-9059-4810-b849-659436148fd6"}}
2015-12-06 16:43:46,024 27563 INFO     [tempest_lib.common.rest_client] Request (TestNetworkBasicOps:test_update_instance_port_admin_state): 200 GET http://10.0.2.15:9696/v2.0/routers/eb9d8e94-9059-4810-b849-659436148fd6 0.043s
2015-12-06 16:43:46,025 27563 DEBUG    [tempest_lib.common.rest_client] Request - Headers: {'Content-Type': 'application/json', 'Accept': 'application/json', 'X-Auth-Token': '&lt;omitted&gt;'}
        Body: None
    Response - Headers: {'status': '200', 'content-length': '239', 'content-location': 'http://10.0.2.15:9696/v2.0/routers/eb9d8e94-9059-4810-b849-659436148fd6', 'connection': 'close', 'date': 'Sun, 06 Dec 2015 16:43:46 GMT', 'content-type': 'application/json; charset=UTF-8', 'x-openstack-request-id': 'req-b033c3e6-60eb-4dc5-9643-51e261c0d94c'}
        Body: {"router": {"status": "ACTIVE", "external_gateway_info": null, "name": "tempest-router-smoke-1032916882", "admin_state_up": true, "tenant_id": "fb01aaa22ab346db9eb8f731662270ad", "routes": [], "id": "eb9d8e94-9059-4810-b849-659436148fd6"}}
2015-12-06 16:43:46,636 27563 INFO     [tempest_lib.common.rest_client] Request (TestNetworkBasicOps:test_update_instance_port_admin_state): 200 PUT http://10.0.2.15:9696/v2.0/routers/eb9d8e94-9059-4810-b849-659436148fd6 0.609s
2015-12-06 16:43:46,636 27563 DEBUG    [tempest_lib.common.rest_client] Request - Headers: {'Content-Type': 'application/json', 'Accept': 'application/json', 'X-Auth-Token': '&lt;omitted&gt;'}
        Body: {"router": {"external_gateway_info": {"network_id": "8d727eaf-1484-4765-85ae-76f6ed229a1d"}, "name": "tempest-router-smoke-1032916882", "admin_state_up": true}}
    Response - Headers: {'status': '200', 'content-length': '503', 'connection': 'close', 'date': 'Sun, 06 Dec 2015 16:43:46 GMT', 'content-type': 'application/json; charset=UTF-8', 'x-openstack-request-id': 'req-4be7e3e9-f918-472e-9ad2-0069623c5448'}
        Body: {"router": {"status": "ACTIVE", "external_gateway_info": {"network_id": "8d727eaf-1484-4765-85ae-76f6ed229a1d", "enable_snat": true, "external_fixed_ips": [{"subnet_id": "b6d597bd-020b-4480-826e-97042096a11c", "ip_address": "172.24.4.17"}, {"subnet_id": "265853a9-c367-414f-85db-b692a7ff824b", "ip_address": "2001:db8::12"}]}, "name": "tempest-router-smoke-1032916882", "admin_state_up": true, "tenant_id": "fb01aaa22ab346db9eb8f731662270ad", "routes": [], "id": "eb9d8e94-9059-4810-b849-659436148fd6"}}
2015-12-06 16:43:46,664 27563 INFO     [tempest_lib.common.rest_client] Request (TestNetworkBasicOps:test_update_instance_port_admin_state): 200 GET http://10.0.2.15:9696/v2.0/subnets?tenant_id=fb01aaa22ab346db9eb8f731662270ad&amp;cidr=10.100.0.0%2F28 0.026s
2015-12-06 16:43:46,664 27563 DEBUG    [tempest_lib.common.rest_client] Request - Headers: {'Content-Type': 'application/json', 'Accept': 'application/json', 'X-Auth-Token': '&lt;omitted&gt;'}
        Body: None
    Response - Headers: {'status': '200', 'content-length': '15', 'content-location': 'http://10.0.2.15:9696/v2.0/subnets?tenant_id=fb01aaa22ab346db9eb8f731662270ad&amp;cidr=10.100.0.0%2F28', 'connection': 'close', 'date': 'Sun, 06 Dec 2015 16:43:46 GMT', 'content-type': 'application/json; charset=UTF-8', 'x-openstack-request-id': 'req-2a5b37e5-7e09-48b0-8f11-a795dd4b902d'}
        Body: {"subnets": []}
2015-12-06 16:43:46,898 27563 INFO     [tempest_lib.common.rest_client] Request (TestNetworkBasicOps:test_update_instance_port_admin_state): 201 POST http://10.0.2.15:9696/v2.0/subnets 0.233s
2015-12-06 16:43:46,899 27563 DEBUG    [tempest_lib.common.rest_client] Request - Headers: {'Content-Type': 'application/json', 'Accept': 'application/json', 'X-Auth-Token': '&lt;omitted&gt;'}
        Body: {"subnet": {"ip_version": 4, "tenant_id": "fb01aaa22ab346db9eb8f731662270ad", "cidr": "10.100.0.0/28", "network_id": "fcf8e4d5-d14e-4672-b0de-792692c3671e", "name": "tempest-subnet-smoke-1559184835"}}
    Response - Headers: {'status': '201', 'content-length': '478', 'connection': 'close', 'date': 'Sun, 06 Dec 2015 16:43:46 GMT', 'content-type': 'application/json; charset=UTF-8', 'x-openstack-request-id': 'req-e5daba8e-7996-4ada-bbd6-796ed5ac55b9'}
        Body: {"subnet": {"name": "tempest-subnet-smoke-1559184835", "enable_dhcp": true, "network_id": "fcf8e4d5-d14e-4672-b0de-792692c3671e", "tenant_id": "fb01aaa22ab346db9eb8f731662270ad", "dns_nameservers": [], "gateway_ip": "10.100.0.1", "ipv6_ra_mode": null, "allocation_pools": [{"start": "10.100.0.2", "end": "10.100.0.14"}], "host_routes": [], "ip_version": 4, "ipv6_address_mode": null, "cidr": "10.100.0.0/28", "id": "78376056-b6a5-454e-a4d9-220cb01e9ac5", "subnetpool_id": null}}
2015-12-06 16:43:47,329 27563 INFO     [tempest_lib.common.rest_client] Request (TestNetworkBasicOps:test_update_instance_port_admin_state): 200 PUT http://10.0.2.15:9696/v2.0/routers/eb9d8e94-9059-4810-b849-659436148fd6/add_router_interface 0.429s
2015-12-06 16:43:47,330 27563 DEBUG    [tempest_lib.common.rest_client] Request - Headers: {'Content-Type': 'application/json', 'Accept': 'application/json', 'X-Auth-Token': '&lt;omitted&gt;'}
        Body: {"subnet_id": "78376056-b6a5-454e-a4d9-220cb01e9ac5"}
    Response - Headers: {'status': '200', 'content-length': '255', 'connection': 'close', 'date': 'Sun, 06 Dec 2015 16:43:47 GMT', 'content-type': 'application/json; charset=UTF-8', 'x-openstack-request-id': 'req-a8b0e2ad-07e7-426c-b647-64ff00bcdb11'}
        Body: {"subnet_id": "78376056-b6a5-454e-a4d9-220cb01e9ac5", "tenant_id": "fb01aaa22ab346db9eb8f731662270ad", "subnet_ids": ["78376056-b6a5-454e-a4d9-220cb01e9ac5"], "port_id": "0e3587d6-ae40-45b5-bc3c-d72f409fd648", "id": "eb9d8e94-9059-4810-b849-659436148fd6"}
2015-12-06 16:43:47,374 27563 INFO     [tempest_lib.common.rest_client] Request (TestNetworkBasicOps:test_update_instance_port_admin_state): 200 GET http://10.0.2.15:9696/v2.0/networks 0.043s
2015-12-06 16:43:47,374 27563 DEBUG    [tempest_lib.common.rest_client] Request - Headers: {'Content-Type': 'application/json', 'Accept': 'application/json', 'X-Auth-Token': '&lt;omitted&gt;'}
        Body: None
    Response - Headers: {'status': '200', 'content-length': '1317', 'content-location': 'http://10.0.2.15:9696/v2.0/networks', 'connection': 'close', 'date': 'Sun, 06 Dec 2015 16:43:47 GMT', 'content-type': 'application/json; charset=UTF-8', 'x-openstack-request-id': 'req-ac58442a-02a8-4909-99e8-33b2ef81036c'}
        Body: {"networks": [{"status": "ACTIVE", "subnets": ["2124f1b2-392e-45fd-921d-481d1dc1df38", "d1ea17fb-f186-415f-bdbc-0cb576995f71"], "name": "private", "provider:physical_network": null, "admin_state_up": true, "tenant_id": "bfa5aa563ab04fd0a6fa97ad364eac49", "mtu": 0, "router:external": false, "shared": false, "port_security_enabled": true, "provider:network_type": "vxlan", "id": "140c32f3-3c2c-4f52-ada2-6a5180ed7c4d", "provider:segmentation_id": 1096}, {"status": "ACTIVE", "subnets": ["b6d597bd-020b-4480-826e-97042096a11c", "265853a9-c367-414f-85db-b692a7ff824b"], "name": "public", "provider:physical_network": null, "admin_state_up": true, "tenant_id": "c1194058cc5342509d977f45c033bee5", "mtu": 0, "router:external": true, "shared": false, "port_security_enabled": true, "provider:network_type": "vxlan", "id": "8d727eaf-1484-4765-85ae-76f6ed229a1d", "provider:segmentation_id": 1094}, {"status": "ACTIVE", "subnets": ["78376056-b6a5-454e-a4d9-220cb01e9ac5"], "name": "tempest-network-smoke--594978650", "provider:physical_network": null, "admin_state_up": true, "tenant_id": "fb01aaa22ab346db9eb8f731662270ad", "mtu": 0, "router:external": false, "shared": false, "port_security_enabled": true, "provider:network_type": "vxlan", "id": "fcf8e4d5-d14e-4672-b0de-792692c3671e", "provider:segmentation_id": 1061}]}
2015-12-06 16:43:47,451 27563 INFO     [tempest_lib.common.rest_client] Request (TestNetworkBasicOps:test_update_instance_port_admin_state): 200 GET http://10.0.2.15:9696/v2.0/subnets 0.076s
2015-12-06 16:43:47,452 27563 DEBUG    [tempest_lib.common.rest_client] Request - Headers: {'Content-Type': 'application/json', 'Accept': 'application/json', 'X-Auth-Token': '&lt;omitted&gt;'}
        Body: None
    Response - Headers: {'status': '200', 'content-length': '2408', 'content-location': 'http://10.0.2.15:9696/v2.0/subnets', 'connection': 'close', 'date': 'Sun, 06 Dec 2015 16:43:47 GMT', 'content-type': 'application/json; charset=UTF-8', 'x-openstack-request-id': 'req-e888fbda-fdc1-4e3d-aa79-eb83dc901813'}
        Body: {"subnets": [{"name": "ipv6-public-subnet", "enable_dhcp": false, "network_id": "8d727eaf-1484-4765-85ae-76f6ed229a1d", "tenant_id": "c1194058cc5342509d977f45c033bee5", "dns_nameservers": [], "gateway_ip": "2001:db8::2", "ipv6_ra_mode": null, "allocation_pools": [{"start": "2001:db8::1", "end": "2001:db8::1"}, {"start": "2001:db8::3", "end": "2001:db8::ffff:ffff:ffff:ffff"}], "host_routes": [], "ip_version": 6, "ipv6_address_mode": null, "cidr": "2001:db8::/64", "id": "265853a9-c367-414f-85db-b692a7ff824b", "subnetpool_id": null}, {"name": "tempest-subnet-smoke-1559184835", "enable_dhcp": true, "network_id": "fcf8e4d5-d14e-4672-b0de-792692c3671e", "tenant_id": "fb01aaa22ab346db9eb8f731662270ad", "dns_nameservers": [], "gateway_ip": "10.100.0.1", "ipv6_ra_mode": null, "allocation_pools": [{"start": "10.100.0.2", "end": "10.100.0.14"}], "host_routes": [], "ip_version": 4, "ipv6_address_mode": null, "cidr": "10.100.0.0/28", "id": "78376056-b6a5-454e-a4d9-220cb01e9ac5", "subnetpool_id": null}, {"name": "public-subnet", "enable_dhcp": false, "network_id": "8d727eaf-1484-4765-85ae-76f6ed229a1d", "tenant_id": "c1194058cc5342509d977f45c033bee5", "dns_nameservers": [], "gateway_ip": "172.24.4.1", "ipv6_ra_mode": null, "allocation_pools": [{"start": "172.24.4.2", "end": "172.24.4.254"}], "host_routes": [], "ip_version": 4, "ipv6_address_mode": null, "cidr": "172.24.4.0/24", "id": "b6d597bd-020b-4480-826e-97042096a11c", "subnetpool_id": null}, {"name": "private-subnet", "enable_dhcp": true, "network_id": "140c32f3-3c2c-4f52-ada2-6a5180ed7c4d", "tenant_id": "bfa5aa563ab04fd0a6fa97ad364eac49", "dns_nameservers": [], "gateway_ip": "10.0.0.1", "ipv6_ra_mode": null, "allocation_pools": [{"start": "10.0.0.2", "end": "10.0.0.254"}], "host_routes": [], "ip_version": 4, "ipv6_address_mode": null, "cidr": "10.0.0.0/24", "id": "2124f1b2-392e-45fd-921d-481d1dc1df38", "subnetpool_id": null}, {"name": "ipv6-private-subnet", "enable_dhcp": true, "network_id": "140c32f3-3c2c-4f52-ada2-6a5180ed7c4d", "tenant_id": "bfa5aa563ab04fd0a6fa97ad364eac49", "dns_nameservers": [], "gateway_ip": "fd96:cad4:92d6::1", "ipv6_ra_mode": "slaac", "allocation_pools": [{"start": "fd96:cad4:92d6::2", "end": "fd96:cad4:92d6:0:ffff:ffff:ffff:ffff"}], "host_routes": [], "ip_version": 6, "ipv6_address_mode": "slaac", "cidr": "fd96:cad4:92d6::/64", "id": "d1ea17fb-f186-415f-bdbc-0cb576995f71", "subnetpool_id": null}]}
2015-12-06 16:43:47,491 27563 INFO     [tempest_lib.common.rest_client] Request (TestNetworkBasicOps:test_update_instance_port_admin_state): 200 GET http://10.0.2.15:9696/v2.0/routers 0.039s
2015-12-06 16:43:47,492 27563 DEBUG    [tempest_lib.common.rest_client] Request - Headers: {'Content-Type': 'application/json', 'Accept': 'application/json', 'X-Auth-Token': '&lt;omitted&gt;'}
        Body: None
    Response - Headers: {'status': '200', 'content-length': '1043', 'content-location': 'http://10.0.2.15:9696/v2.0/routers', 'connection': 'close', 'date': 'Sun, 06 Dec 2015 16:43:47 GMT', 'content-type': 'application/json; charset=UTF-8', 'x-openstack-request-id': 'req-8ee76573-378e-43ee-8d5e-10605723830c'}
        Body: {"routers": [{"status": "ACTIVE", "external_gateway_info": {"network_id": "8d727eaf-1484-4765-85ae-76f6ed229a1d", "enable_snat": true, "external_fixed_ips": [{"subnet_id": "b6d597bd-020b-4480-826e-97042096a11c", "ip_address": "172.24.4.2"}, {"subnet_id": "265853a9-c367-414f-85db-b692a7ff824b", "ip_address": "2001:db8::3"}]}, "name": "router1", "admin_state_up": true, "tenant_id": "bfa5aa563ab04fd0a6fa97ad364eac49", "distributed": false, "routes": [], "ha": false, "id": "87838415-8474-40d6-aa61-d23802fb80d6"}, {"status": "ACTIVE", "external_gateway_info": {"network_id": "8d727eaf-1484-4765-85ae-76f6ed229a1d", "enable_snat": true, "external_fixed_ips": [{"subnet_id": "b6d597bd-020b-4480-826e-97042096a11c", "ip_address": "172.24.4.17"}, {"subnet_id": "265853a9-c367-414f-85db-b692a7ff824b", "ip_address": "2001:db8::12"}]}, "name": "tempest-router-smoke-1032916882", "admin_state_up": true, "tenant_id": "fb01aaa22ab346db9eb8f731662270ad", "distributed": false, "routes": [], "ha": false, "id": "eb9d8e94-9059-4810-b849-659436148fd6"}]}
2015-12-06 16:43:47,651 27563 INFO     [tempest_lib.common.rest_client] Request (TestNetworkBasicOps:test_update_instance_port_admin_state): 200 POST http://10.0.2.15:8774/v2.1/fb01aaa22ab346db9eb8f731662270ad/os-keypairs 0.158s
2015-12-06 16:43:47,651 27563 DEBUG    [tempest_lib.common.rest_client] Request - Headers: {'Content-Type': 'application/json', 'Accept': 'application/json', 'X-Auth-Token': '&lt;omitted&gt;'}
        Body: {"keypair": {"name": "tempest-TestNetworkBasicOps-1302204415"}}
    Response - Headers: {'status': '200', 'content-length': '2321', 'x-compute-request-id': 'req-daab7244-3943-48f8-9dc6-a8a781854936', 'vary': 'X-OpenStack-Nova-API-Version', 'connection': 'close', 'x-openstack-nova-api-version': '2.1', 'date': 'Sun, 06 Dec 2015 16:43:47 GMT', 'content-type': 'application/json'}
        Body: {"keypair": {"public_key": "ssh-rsa AAAAB3NzaC1yc2EAAAADAQABAAABAQCkVqts8y40zpFaKvuVPIRUlpovlgHpZhHLJEWYO36ZM1OEnYfxJXkMWu4RaefGKZwbADXlZHlm9dT82PCRU3Lk2yuha7mUWckkq6FoWVjJpPl2AE1XdOnRfTOCeztiDOyem3tswsJJxxM4BdgXYP8z3FEqeQc54gm+XX2wo8NSgeQfL1FKcFSMa63FgWWceXSPRjVKoLB7WOeJZHDdOa0VjofEdA7XdRUJDcMYdyZHKFmc+6QJLqUOM+9u7n5GexQ5GhItlzO2+umdLy6fD+wF1I0CcERB4JXpKk8eMWahujFjkNU9+j/FMey09NgPXKAnENfRWWO2AmeGyH1xng83 Generated-by-Nova", "private_key": "-----BEGIN RSA PRIVATE KEY-----\nMIIEpwIBAAKCAQEApFarbPMuNM6RWir7lTyEVJaaL5YB6WYRyyRFmDt+mTNThJ2H\n8SV5DFruEWnnximcGwA15WR5ZvXU/NjwkVNy5NsroWu5lFnJJKuhaFlYyaT5dgBN\nV3Tp0X0zgns7Ygzsnpt7bMLCSccTOAXYF2D/M9xRKnkHOeIJvl19sKPDUoHkHy9R\nSnBUjGutxYFlnHl0j0Y1SqCwe1jniWRw3TmtFY6HxHQO13UVCQ3DGHcmRyhZnPuk\nCS6lDjPvbu5+RnsUORoSLZcztvrpnS8unw/sBdSNAnBEQeCV6SpPHjFmoboxY5DV\nPfo/xTHstPTYD1ygJxDX0VljtgJnhsh9cZ4PNwIDAQABAoIBAGkI1/H/j3XC3RXT\nSQ7+Kdnik9N8PeaODStYGH8O74A9VND62msfNznVWDmbBb8a0yJSxR/DUvCiiKm+\ngitwOYvaJQ27y1Xs+OlOJRCLonrmzWZFFSmjmNoC+owX9UFa31UULRO7evAqo7b3\nzUBMB3B/DQVna13sgavBF1dxo6I0SPHO1HqFrxVL7hBZrqmuBVvg6PZdKMPez6mH\n9vqL7q3EovA+ZogFUq7HppCAASTzCzxJHoaA8PTTQKqfuKfKt70LLRZmRdNTmId+\nu2TBx5/mZrTyjPWKdnLKTorBRlNKAxqdgOW7Bl+IUP49tTMVQzEERbqRaCqkbGUz\nqpq3sckCggCBALfGIQl/WVkuvYxIfcHN2DJrDo8ux+csmiS/ptHxF8vzDneI25f+\nebyC73ZWKcNmSKYSLmfq+MkOQsnKp6d1NCUZ2tPSRSHsQwJCfKm6IfnzHyIXC0aQ\nhTNHhR9moNkX9t6s1WNUje7R4YFc1Z8oiriLMLakssvu74j5p5oCyxjdAoIAgQDk\n7RtFqg+uTDmj1JiePklBiwt2Xmb8bn94nuZs5SjSKChhg0VzXhIYZLW6E+VX2Nw6\nkMhp86oD4tMceZWRbz5RyM3PWlQKzXQuWmcCjbVncytO63XMdnASyXCeJ54KdqyU\nQfuwFaKvYn5erWsdS+Rg77AyfWKe0WerL1UFsVE9IwKCAIA3ppH+lEf0T8kqoBEl\nDTa5Hd5M0bfLc6BCHJ9h2AaCxlnNLO6CupcW1Pe6+CCxgVnioILZCTjJeb4T6YCX\nn1BpI8k2d+hje25XUtb5dtovHMaCxkOt3LnZa4EOnz96Pl2N1PzRlZtdhMUrLXer\nONW5SL05sepLA1IaQq/UXaAvKQKCAIBgRr+TesQBf5k2J3DQDE3uvLVjYKxbOXVu\nmxU5ct7KE414BScuL7/YdnJfAYMQgOmNz9oZhRpZbAlxDkky0uAYsSStMcXqjSFx\nZR+xWTuTeEIcfLYb+SuFGya7vNmgeOx3pZBeK5sxu3B+DNzhg0tW4Tbu5QCW3maE\n/fD55erOlQKCAIBuVAGgKbZcuvvrVLamAkZZeJwJFmcFtV1VbICuaFJ8v7HQYsI7\ndWhFLpOIkyhwHidnDKJIXQ8kuJ6ZMhX1Rrmb+wJKzGDwFbPk9XCd1M9dCvFtnMl0\nUrdLkd3t5JHcCAur3fqax3h7sxE8VIwtDbyNVi5M1zpf3sTO6NaSZ6R64Q==\n-----END RSA PRIVATE KEY-----\n", "user_id": "3bde66f59f124e699a9445d32a61e7ab", "name": "tempest-TestNetworkBasicOps-1302204415", "fingerprint": "3f:f7:3a:a6:c2:b5:96:73:4f:5e:75:3b:51:2a:90:f2"}}
2015-12-06 16:43:47,766 27563 INFO     [tempest_lib.common.rest_client] Request (TestNetworkBasicOps:test_update_instance_port_admin_state): 200 POST http://10.0.2.15:5000/v2.0/tokens
2015-12-06 16:43:47,766 27563 DEBUG    [tempest_lib.common.rest_client] Request - Headers: {'Content-Type': 'application/json', 'Accept': 'application/json'}
        Body: &lt;omitted&gt;
    Response - Headers: {'status': '200', 'content-length': '2526', 'vary': 'X-Auth-Token', 'server': 'Apache/2.4.7 (Ubuntu)', 'connection': 'close', 'date': 'Sun, 06 Dec 2015 16:43:47 GMT', 'content-type': 'application/json', 'x-openstack-request-id': 'req-0fabe6f3-537f-442f-b3e3-bf03a9a0d7d0'}
        Body: {"access": {"token": {"issued_at": "2015-12-06T16:43:47.754282", "expires": "2015-12-06T17:43:47Z", "id": "44ef8bfe07f14755ab96b314e63c7b11", "tenant": {"description": "tempest-TestNetworkBasicOps-43265496-desc", "enabled": true, "id": "fb01aaa22ab346db9eb8f731662270ad", "name": "tempest-TestNetworkBasicOps-43265496"}, "audit_ids": ["TF3X57SNRLKfc2oLsb1tMg"]}, "serviceCatalog": [{"endpoints": [{"adminURL": "http://10.0.2.15:8774/v2.1/fb01aaa22ab346db9eb8f731662270ad", "region": "RegionOne", "internalURL": "http://10.0.2.15:8774/v2.1/fb01aaa22ab346db9eb8f731662270ad", "id": "82555a8dc3b748f199026210f0cf9612", "publicURL": "http://10.0.2.15:8774/v2.1/fb01aaa22ab346db9eb8f731662270ad"}], "endpoints_links": [], "type": "compute", "name": "nova"}, {"endpoints": [{"adminURL": "http://10.0.2.15:9696/", "region": "RegionOne", "internalURL": "http://10.0.2.15:9696/", "id": "215f30bbf5eb4f63ad7e47796ab9080f", "publicURL": "http://10.0.2.15:9696/"}], "endpoints_links": [], "type": "network", "name": "neutron"}, {"endpoints": [{"adminURL": "http://10.0.2.15:9292", "region": "RegionOne", "internalURL": "http://10.0.2.15:9292", "id": "5ec1f5f4cfec4869aba4760ee0683d82", "publicURL": "http://10.0.2.15:9292"}], "endpoints_links": [], "type": "image", "name": "glance"}, {"endpoints": [{"adminURL": "http://10.0.2.15:8774/v2/fb01aaa22ab346db9eb8f731662270ad", "region": "RegionOne", "internalURL": "http://10.0.2.15:8774/v2/fb01aaa22ab346db9eb8f731662270ad", "id": "0a38fdd182a8450cb5d1c41cc29cb8ff", "publicURL": "http://10.0.2.15:8774/v2/fb01aaa22ab346db9eb8f731662270ad"}], "endpoints_links": [], "type": "compute_legacy", "name": "nova_legacy"}, {"endpoints": [{"adminURL": "http://10.0.2.15:8773/", "region": "RegionOne", "internalURL": "http://10.0.2.15:8773/", "id": "5d56bdc56f2049ea8a2480c27efd5615", "publicURL": "http://10.0.2.15:8773/"}], "endpoints_links": [], "type": "ec2", "name": "ec2"}, {"endpoints": [{"adminURL": "http://10.0.2.15:35357/v2.0", "region": "RegionOne", "internalURL": "http://10.0.2.15:5000/v2.0", "id": "0798455c259d48569b52039442060f09", "publicURL": "http://10.0.2.15:5000/v2.0"}], "endpoints_links": [], "type": "identity", "name": "keystone"}], "user": {"username": "tempest-TestNetworkBasicOps-1592613819", "roles_links": [], "id": "3bde66f59f124e699a9445d32a61e7ab", "roles": [{"name": "_member_"}, {"name": "Member"}], "name": "tempest-TestNetworkBasicOps-1592613819"}, "metadata": {"is_admin": 0, "roles": ["9fe2ff9ee4384b1894a90878d3e92bab", "4802045175ae427eb3a2dbfdc92bcff6"]}}}
2015-12-06 16:43:47,774 27563 DEBUG    [tempest.common.fixed_network] (TestNetworkBasicOps:test_update_instance_port_admin_state) No valid network provided or created, defaulting to fixed_network_name
2015-12-06 16:43:48,083 27563 INFO     [tempest_lib.common.rest_client] Request (TestNetworkBasicOps:test_update_instance_port_admin_state): 200 GET http://10.0.2.15:8774/v2.1/fb01aaa22ab346db9eb8f731662270ad/os-networks 0.308s
2015-12-06 16:43:48,083 27563 DEBUG    [tempest_lib.common.rest_client] Request - Headers: {'Content-Type': 'application/json', 'Accept': 'application/json', 'X-Auth-Token': '&lt;omitted&gt;'}
        Body: None
    Response - Headers: {'status': '200', 'content-length': '478', 'content-location': 'http://10.0.2.15:8774/v2.1/fb01aaa22ab346db9eb8f731662270ad/os-networks', 'x-compute-request-id': 'req-c7684bc2-0bf3-4a70-9367-a8381a842276', 'vary': 'X-OpenStack-Nova-API-Version', 'connection': 'close', 'x-openstack-nova-api-version': '2.1', 'date': 'Sun, 06 Dec 2015 16:43:48 GMT', 'content-type': 'application/json'}
        Body: {"networks": [{"cidr_v6": null, "dns2": null, "dns1": null, "gateway": null, "broadcast": null, "netmask": null, "gateway_v6": null, "cidr": null, "label": "public", "id": "8d727eaf-1484-4765-85ae-76f6ed229a1d", "netmask_v6": null}, {"cidr_v6": null, "dns2": null, "dns1": null, "gateway": null, "broadcast": null, "netmask": null, "gateway_v6": null, "cidr": null, "label": "tempest-network-smoke--594978650", "id": "fcf8e4d5-d14e-4672-b0de-792692c3671e", "netmask_v6": null}]}
2015-12-06 16:43:48,084 27563 WARNING  [tempest.common.fixed_network] (TestNetworkBasicOps:test_update_instance_port_admin_state) Network with name: private not found
2015-12-06 16:43:48,084 27563 INFO     [tempest.common.fixed_network] (TestNetworkBasicOps:test_update_instance_port_admin_state) Found network {} available for tenant
2015-12-06 16:43:48,693 27563 INFO     [tempest_lib.common.rest_client] Request (TestNetworkBasicOps:test_update_instance_port_admin_state): 202 POST http://10.0.2.15:8774/v2.1/fb01aaa22ab346db9eb8f731662270ad/servers 0.607s
2015-12-06 16:43:48,693 27563 DEBUG    [tempest_lib.common.rest_client] Request - Headers: {'Content-Type': 'application/json', 'Accept': 'application/json', 'X-Auth-Token': '&lt;omitted&gt;'}
        Body: {"server": {"name": "tempest.common.compute-instance-744571979", "imageRef": "0e759355-d6f1-46a5-8aa7-6a81071bd902", "key_name": "tempest-TestNetworkBasicOps-1302204415", "flavorRef": "42", "networks": [{"uuid": "fcf8e4d5-d14e-4672-b0de-792692c3671e"}], "security_groups": [{"name": "tempest-secgroup-smoke-835003560"}]}}
    Response - Headers: {'status': '202', 'content-length': '461', 'x-compute-request-id': 'req-5904616c-5838-4fc8-8b26-1cab5abdc600', 'vary': 'X-OpenStack-Nova-API-Version', 'connection': 'close', 'location': 'http://10.0.2.15:8774/v2.1/fb01aaa22ab346db9eb8f731662270ad/servers/b42e5962-fe70-4205-84f3-0d8ca6f41829', 'x-openstack-nova-api-version': '2.1', 'date': 'Sun, 06 Dec 2015 16:43:48 GMT', 'content-type': 'application/json'}
        Body: {"server": {"security_groups": [{"name": "tempest-secgroup-smoke-835003560"}], "OS-DCF:diskConfig": "MANUAL", "id": "b42e5962-fe70-4205-84f3-0d8ca6f41829", "links": [{"href": "http://10.0.2.15:8774/v2.1/fb01aaa22ab346db9eb8f731662270ad/servers/b42e5962-fe70-4205-84f3-0d8ca6f41829", "rel": "self"}, {"href": "http://10.0.2.15:8774/fb01aaa22ab346db9eb8f731662270ad/servers/b42e5962-fe70-4205-84f3-0d8ca6f41829", "rel": "bookmark"}], "adminPass": "GUBgq75CgcWp"}}
2015-12-06 16:43:48,900 27563 INFO     [tempest_lib.common.rest_client] Request (TestNetworkBasicOps:test_update_instance_port_admin_state): 200 GET http://10.0.2.15:8774/v2.1/fb01aaa22ab346db9eb8f731662270ad/servers/b42e5962-fe70-4205-84f3-0d8ca6f41829 0.201s
2015-12-06 16:43:48,900 27563 DEBUG    [tempest_lib.common.rest_client] Request - Headers: {'Content-Type': 'application/json', 'Accept': 'application/json', 'X-Auth-Token': '&lt;omitted&gt;'}
        Body: None
    Response - Headers: {'status': '200', 'content-length': '1355', 'content-location': 'http://10.0.2.15:8774/v2.1/fb01aaa22ab346db9eb8f731662270ad/servers/b42e5962-fe70-4205-84f3-0d8ca6f41829', 'x-compute-request-id': 'req-3048d4f4-0371-410b-9fd5-47849044a1db', 'vary': 'X-OpenStack-Nova-API-Version', 'connection': 'close', 'x-openstack-nova-api-version': '2.1', 'date': 'Sun, 06 Dec 2015 16:43:48 GMT', 'content-type': 'application/json'}
        Body: {"server": {"status": "BUILD", "updated": "2015-12-06T16:43:48Z", "hostId": "", "addresses": {}, "links": [{"href": "http://10.0.2.15:8774/v2.1/fb01aaa22ab346db9eb8f731662270ad/servers/b42e5962-fe70-4205-84f3-0d8ca6f41829", "rel": "self"}, {"href": "http://10.0.2.15:8774/fb01aaa22ab346db9eb8f731662270ad/servers/b42e5962-fe70-4205-84f3-0d8ca6f41829", "rel": "bookmark"}], "key_name": "tempest-TestNetworkBasicOps-1302204415", "image": {"id": "0e759355-d6f1-46a5-8aa7-6a81071bd902", "links": [{"href": "http://10.0.2.15:8774/fb01aaa22ab346db9eb8f731662270ad/images/0e759355-d6f1-46a5-8aa7-6a81071bd902", "rel": "bookmark"}]}, "OS-EXT-STS:task_state": "scheduling", "OS-EXT-STS:vm_state": "building", "OS-SRV-USG:launched_at": null, "flavor": {"id": "42", "links": [{"href": "http://10.0.2.15:8774/fb01aaa22ab346db9eb8f731662270ad/flavors/42", "rel": "bookmark"}]}, "id": "b42e5962-fe70-4205-84f3-0d8ca6f41829", "OS-SRV-USG:terminated_at": null, "OS-EXT-AZ:availability_zone": "", "user_id": "3bde66f59f124e699a9445d32a61e7ab", "name": "tempest.common.compute-instance-744571979", "created": "2015-12-06T16:43:48Z", "tenant_id": "fb01aaa22ab346db9eb8f731662270ad", "OS-DCF:diskConfig": "MANUAL", "os-extended-volumes:volumes_attached": [], "accessIPv4": "", "accessIPv6": "", "progress": 0, "OS-EXT-STS:power_state": 0, "config_drive": "", "metadata": {}}}
2015-12-06 16:43:50,157 27563 INFO     [tempest_lib.common.rest_client] Request (TestNetworkBasicOps:test_update_instance_port_admin_state): 200 GET http://10.0.2.15:8774/v2.1/fb01aaa22ab346db9eb8f731662270ad/servers/b42e5962-fe70-4205-84f3-0d8ca6f41829 0.246s
2015-12-06 16:43:50,157 27563 DEBUG    [tempest_lib.common.rest_client] Request - Headers: {'Content-Type': 'application/json', 'Accept': 'application/json', 'X-Auth-Token': '&lt;omitted&gt;'}
        Body: None
    Response - Headers: {'status': '200', 'content-length': '1480', 'content-location': 'http://10.0.2.15:8774/v2.1/fb01aaa22ab346db9eb8f731662270ad/servers/b42e5962-fe70-4205-84f3-0d8ca6f41829', 'x-compute-request-id': 'req-665dc301-e653-4296-8c56-0c0bea23577f', 'vary': 'X-OpenStack-Nova-API-Version', 'connection': 'close', 'x-openstack-nova-api-version': '2.1', 'date': 'Sun, 06 Dec 2015 16:43:50 GMT', 'content-type': 'application/json'}
        Body: {"server": {"status": "BUILD", "updated": "2015-12-06T16:43:49Z", "hostId": "9b9c224487983d327d2e86cd4d32e0cd7651a2025c4ae990258e59f7", "addresses": {}, "links": [{"href": "http://10.0.2.15:8774/v2.1/fb01aaa22ab346db9eb8f731662270ad/servers/b42e5962-fe70-4205-84f3-0d8ca6f41829", "rel": "self"}, {"href": "http://10.0.2.15:8774/fb01aaa22ab346db9eb8f731662270ad/servers/b42e5962-fe70-4205-84f3-0d8ca6f41829", "rel": "bookmark"}], "key_name": "tempest-TestNetworkBasicOps-1302204415", "image": {"id": "0e759355-d6f1-46a5-8aa7-6a81071bd902", "links": [{"href": "http://10.0.2.15:8774/fb01aaa22ab346db9eb8f731662270ad/images/0e759355-d6f1-46a5-8aa7-6a81071bd902", "rel": "bookmark"}]}, "OS-EXT-STS:task_state": "spawning", "OS-EXT-STS:vm_state": "building", "OS-SRV-USG:launched_at": null, "flavor": {"id": "42", "links": [{"href": "http://10.0.2.15:8774/fb01aaa22ab346db9eb8f731662270ad/flavors/42", "rel": "bookmark"}]}, "id": "b42e5962-fe70-4205-84f3-0d8ca6f41829", "security_groups": [{"name": "tempest-secgroup-smoke-835003560"}], "OS-SRV-USG:terminated_at": null, "OS-EXT-AZ:availability_zone": "nova", "user_id": "3bde66f59f124e699a9445d32a61e7ab", "name": "tempest.common.compute-instance-744571979", "created": "2015-12-06T16:43:48Z", "tenant_id": "fb01aaa22ab346db9eb8f731662270ad", "OS-DCF:diskConfig": "MANUAL", "os-extended-volumes:volumes_attached": [], "accessIPv4": "", "accessIPv6": "", "progress": 0, "OS-EXT-STS:power_state": 0, "config_drive": "", "metadata": {}}}
2015-12-06 16:43:50,167 27563 INFO     [tempest.common.waiters] State transition "BUILD/scheduling" ==&gt; "BUILD/spawning" after 2 second wait
2015-12-06 16:43:51,360 27563 INFO     [tempest_lib.common.rest_client] Request (TestNetworkBasicOps:test_update_instance_port_admin_state): 200 GET http://10.0.2.15:8774/v2.1/fb01aaa22ab346db9eb8f731662270ad/servers/b42e5962-fe70-4205-84f3-0d8ca6f41829 0.191s
2015-12-06 16:43:51,360 27563 DEBUG    [tempest_lib.common.rest_client] Request - Headers: {'Content-Type': 'application/json', 'Accept': 'application/json', 'X-Auth-Token': '&lt;omitted&gt;'}
        Body: None
    Response - Headers: {'status': '200', 'content-length': '1480', 'content-location': 'http://10.0.2.15:8774/v2.1/fb01aaa22ab346db9eb8f731662270ad/servers/b42e5962-fe70-4205-84f3-0d8ca6f41829', 'x-compute-request-id': 'req-63574958-1226-4d37-9c9f-a9d7c10e6668', 'vary': 'X-OpenStack-Nova-API-Version', 'connection': 'close', 'x-openstack-nova-api-version': '2.1', 'date': 'Sun, 06 Dec 2015 16:43:51 GMT', 'content-type': 'application/json'}
        Body: {"server": {"status": "BUILD", "updated": "2015-12-06T16:43:49Z", "hostId": "9b9c224487983d327d2e86cd4d32e0cd7651a2025c4ae990258e59f7", "addresses": {}, "links": [{"href": "http://10.0.2.15:8774/v2.1/fb01aaa22ab346db9eb8f731662270ad/servers/b42e5962-fe70-4205-84f3-0d8ca6f41829", "rel": "self"}, {"href": "http://10.0.2.15:8774/fb01aaa22ab346db9eb8f731662270ad/servers/b42e5962-fe70-4205-84f3-0d8ca6f41829", "rel": "bookmark"}], "key_name": "tempest-TestNetworkBasicOps-1302204415", "image": {"id": "0e759355-d6f1-46a5-8aa7-6a81071bd902", "links": [{"href": "http://10.0.2.15:8774/fb01aaa22ab346db9eb8f731662270ad/images/0e759355-d6f1-46a5-8aa7-6a81071bd902", "rel": "bookmark"}]}, "OS-EXT-STS:task_state": "spawning", "OS-EXT-STS:vm_state": "building", "OS-SRV-USG:launched_at": null, "flavor": {"id": "42", "links": [{"href": "http://10.0.2.15:8774/fb01aaa22ab346db9eb8f731662270ad/flavors/42", "rel": "bookmark"}]}, "id": "b42e5962-fe70-4205-84f3-0d8ca6f41829", "security_groups": [{"name": "tempest-secgroup-smoke-835003560"}], "OS-SRV-USG:terminated_at": null, "OS-EXT-AZ:availability_zone": "nova", "user_id": "3bde66f59f124e699a9445d32a61e7ab", "name": "tempest.common.compute-instance-744571979", "created": "2015-12-06T16:43:48Z", "tenant_id": "fb01aaa22ab346db9eb8f731662270ad", "OS-DCF:diskConfig": "MANUAL", "os-extended-volumes:volumes_attached": [], "accessIPv4": "", "accessIPv6": "", "progress": 0, "OS-EXT-STS:power_state": 0, "config_drive": "", "metadata": {}}}
2015-12-06 16:43:52,559 27563 INFO     [tempest_lib.common.rest_client] Request (TestNetworkBasicOps:test_update_instance_port_admin_state): 200 GET http://10.0.2.15:8774/v2.1/fb01aaa22ab346db9eb8f731662270ad/servers/b42e5962-fe70-4205-84f3-0d8ca6f41829 0.189s
2015-12-06 16:43:52,559 27563 DEBUG    [tempest_lib.common.rest_client] Request - Headers: {'Content-Type': 'application/json', 'Accept': 'application/json', 'X-Auth-Token': '&lt;omitted&gt;'}
        Body: None
    Response - Headers: {'status': '200', 'content-length': '1651', 'content-location': 'http://10.0.2.15:8774/v2.1/fb01aaa22ab346db9eb8f731662270ad/servers/b42e5962-fe70-4205-84f3-0d8ca6f41829', 'x-compute-request-id': 'req-88a93865-f051-4c38-a45a-af0c42fe0121', 'vary': 'X-OpenStack-Nova-API-Version', 'connection': 'close', 'x-openstack-nova-api-version': '2.1', 'date': 'Sun, 06 Dec 2015 16:43:52 GMT', 'content-type': 'application/json'}
        Body: {"server": {"status": "ACTIVE", "updated": "2015-12-06T16:43:51Z", "hostId": "9b9c224487983d327d2e86cd4d32e0cd7651a2025c4ae990258e59f7", "addresses": {"tempest-network-smoke--594978650": [{"OS-EXT-IPS-MAC:mac_addr": "fa:16:3e:07:b9:c9", "version": 4, "addr": "10.100.0.3", "OS-EXT-IPS:type": "fixed"}]}, "links": [{"href": "http://10.0.2.15:8774/v2.1/fb01aaa22ab346db9eb8f731662270ad/servers/b42e5962-fe70-4205-84f3-0d8ca6f41829", "rel": "self"}, {"href": "http://10.0.2.15:8774/fb01aaa22ab346db9eb8f731662270ad/servers/b42e5962-fe70-4205-84f3-0d8ca6f41829", "rel": "bookmark"}], "key_name": "tempest-TestNetworkBasicOps-1302204415", "image": {"id": "0e759355-d6f1-46a5-8aa7-6a81071bd902", "links": [{"href": "http://10.0.2.15:8774/fb01aaa22ab346db9eb8f731662270ad/images/0e759355-d6f1-46a5-8aa7-6a81071bd902", "rel": "bookmark"}]}, "OS-EXT-STS:task_state": null, "OS-EXT-STS:vm_state": "active", "OS-SRV-USG:launched_at": "2015-12-06T16:43:51.000000", "flavor": {"id": "42", "links": [{"href": "http://10.0.2.15:8774/fb01aaa22ab346db9eb8f731662270ad/flavors/42", "rel": "bookmark"}]}, "id": "b42e5962-fe70-4205-84f3-0d8ca6f41829", "security_groups": [{"name": "tempest-secgroup-smoke-835003560"}], "OS-SRV-USG:terminated_at": null, "OS-EXT-AZ:availability_zone": "nova", "user_id": "3bde66f59f124e699a9445d32a61e7ab", "name": "tempest.common.compute-instance-744571979", "created": "2015-12-06T16:43:48Z", "tenant_id": "fb01aaa22ab346db9eb8f731662270ad", "OS-DCF:diskConfig": "MANUAL", "os-extended-volumes:volumes_attached": [], "accessIPv4": "", "accessIPv6": "", "progress": 0, "OS-EXT-STS:power_state": 1, "config_drive": "True", "metadata": {}}}
2015-12-06 16:43:52,568 27563 INFO     [tempest.common.waiters] State transition "BUILD/spawning" ==&gt; "ACTIVE/None" after 4 second wait
2015-12-06 16:43:52,755 27563 INFO     [tempest_lib.common.rest_client] Request (TestNetworkBasicOps:test_update_instance_port_admin_state): 200 GET http://10.0.2.15:8774/v2.1/fb01aaa22ab346db9eb8f731662270ad/servers/b42e5962-fe70-4205-84f3-0d8ca6f41829 0.187s
2015-12-06 16:43:52,756 27563 DEBUG    [tempest_lib.common.rest_client] Request - Headers: {'Content-Type': 'application/json', 'Accept': 'application/json', 'X-Auth-Token': '&lt;omitted&gt;'}
        Body: None
    Response - Headers: {'status': '200', 'content-length': '1651', 'content-location': 'http://10.0.2.15:8774/v2.1/fb01aaa22ab346db9eb8f731662270ad/servers/b42e5962-fe70-4205-84f3-0d8ca6f41829', 'x-compute-request-id': 'req-7f69a025-34d8-4fd7-8b76-f5f61dfdfc95', 'vary': 'X-OpenStack-Nova-API-Version', 'connection': 'close', 'x-openstack-nova-api-version': '2.1', 'date': 'Sun, 06 Dec 2015 16:43:52 GMT', 'content-type': 'application/json'}
        Body: {"server": {"status": "ACTIVE", "updated": "2015-12-06T16:43:51Z", "hostId": "9b9c224487983d327d2e86cd4d32e0cd7651a2025c4ae990258e59f7", "addresses": {"tempest-network-smoke--594978650": [{"OS-EXT-IPS-MAC:mac_addr": "fa:16:3e:07:b9:c9", "version": 4, "addr": "10.100.0.3", "OS-EXT-IPS:type": "fixed"}]}, "links": [{"href": "http://10.0.2.15:8774/v2.1/fb01aaa22ab346db9eb8f731662270ad/servers/b42e5962-fe70-4205-84f3-0d8ca6f41829", "rel": "self"}, {"href": "http://10.0.2.15:8774/fb01aaa22ab346db9eb8f731662270ad/servers/b42e5962-fe70-4205-84f3-0d8ca6f41829", "rel": "bookmark"}], "key_name": "tempest-TestNetworkBasicOps-1302204415", "image": {"id": "0e759355-d6f1-46a5-8aa7-6a81071bd902", "links": [{"href": "http://10.0.2.15:8774/fb01aaa22ab346db9eb8f731662270ad/images/0e759355-d6f1-46a5-8aa7-6a81071bd902", "rel": "bookmark"}]}, "OS-EXT-STS:task_state": null, "OS-EXT-STS:vm_state": "active", "OS-SRV-USG:launched_at": "2015-12-06T16:43:51.000000", "flavor": {"id": "42", "links": [{"href": "http://10.0.2.15:8774/fb01aaa22ab346db9eb8f731662270ad/flavors/42", "rel": "bookmark"}]}, "id": "b42e5962-fe70-4205-84f3-0d8ca6f41829", "security_groups": [{"name": "tempest-secgroup-smoke-835003560"}], "OS-SRV-USG:terminated_at": null, "OS-EXT-AZ:availability_zone": "nova", "user_id": "3bde66f59f124e699a9445d32a61e7ab", "name": "tempest.common.compute-instance-744571979", "created": "2015-12-06T16:43:48Z", "tenant_id": "fb01aaa22ab346db9eb8f731662270ad", "OS-DCF:diskConfig": "MANUAL", "os-extended-volumes:volumes_attached": [], "accessIPv4": "", "accessIPv6": "", "progress": 0, "OS-EXT-STS:power_state": 1, "config_drive": "True", "metadata": {}}}
2015-12-06 16:43:52,764 27563 INFO     [tempest.scenario.manager] Tenant networks not configured to be reachable.
2015-12-06 16:43:52,796 27563 INFO     [tempest_lib.common.rest_client] Request (TestNetworkBasicOps:test_update_instance_port_admin_state): 200 GET http://10.0.2.15:9696/v2.0/ports?status=ACTIVE&amp;fixed_ip=None&amp;device_id=b42e5962-fe70-4205-84f3-0d8ca6f41829 0.032s
2015-12-06 16:43:52,797 27563 DEBUG    [tempest_lib.common.rest_client] Request - Headers: {'Content-Type': 'application/json', 'Accept': 'application/json', 'X-Auth-Token': '&lt;omitted&gt;'}
        Body: None
    Response - Headers: {'status': '200', 'content-length': '895', 'content-location': 'http://10.0.2.15:9696/v2.0/ports?status=ACTIVE&amp;fixed_ip=None&amp;device_id=b42e5962-fe70-4205-84f3-0d8ca6f41829', 'connection': 'close', 'date': 'Sun, 06 Dec 2015 16:43:52 GMT', 'content-type': 'application/json; charset=UTF-8', 'x-openstack-request-id': 'req-9d06458e-50ac-4fa6-88e1-043252226bfb'}
        Body: {"ports": [{"status": "ACTIVE", "binding:host_id": "vagrant-ubuntu-trusty-64", "allowed_address_pairs": [], "extra_dhcp_opts": [], "dns_assignment": [{"hostname": "host-10-100-0-3", "ip_address": "10.100.0.3", "fqdn": "host-10-100-0-3.openstacklocal."}], "device_owner": "compute:None", "port_security_enabled": true, "binding:profile": {}, "fixed_ips": [{"subnet_id": "78376056-b6a5-454e-a4d9-220cb01e9ac5", "ip_address": "10.100.0.3"}], "id": "9f4498cb-9710-49fb-94dc-ecdb3c3e9cb8", "security_groups": ["cd6d64f3-595a-4059-930a-603b74818387"], "device_id": "b42e5962-fe70-4205-84f3-0d8ca6f41829", "name": "", "admin_state_up": true, "network_id": "fcf8e4d5-d14e-4672-b0de-792692c3671e", "dns_name": "", "binding:vif_details": {"port_filter": true}, "binding:vnic_type": "normal", "binding:vif_type": "ovs", "tenant_id": "fb01aaa22ab346db9eb8f731662270ad", "mac_address": "fa:16:3e:07:b9:c9"}]}
2015-12-06 16:43:53,263 27563 INFO     [tempest_lib.common.rest_client] Request (TestNetworkBasicOps:test_update_instance_port_admin_state): 201 POST http://10.0.2.15:9696/v2.0/floatingips 0.466s
2015-12-06 16:43:53,264 27563 DEBUG    [tempest_lib.common.rest_client] Request - Headers: {'Content-Type': 'application/json', 'Accept': 'application/json', 'X-Auth-Token': '&lt;omitted&gt;'}
        Body: {"floatingip": {"floating_network_id": "8d727eaf-1484-4765-85ae-76f6ed229a1d", "tenant_id": "fb01aaa22ab346db9eb8f731662270ad", "fixed_ip_address": "10.100.0.3", "port_id": "9f4498cb-9710-49fb-94dc-ecdb3c3e9cb8"}}
    Response - Headers: {'status': '201', 'content-length': '368', 'connection': 'close', 'date': 'Sun, 06 Dec 2015 16:43:53 GMT', 'content-type': 'application/json; charset=UTF-8', 'x-openstack-request-id': 'req-5a98a867-de54-4a9f-8c20-77f9872e9501'}
        Body: {"floatingip": {"floating_network_id": "8d727eaf-1484-4765-85ae-76f6ed229a1d", "router_id": "eb9d8e94-9059-4810-b849-659436148fd6", "fixed_ip_address": "10.100.0.3", "floating_ip_address": "172.24.4.18", "tenant_id": "fb01aaa22ab346db9eb8f731662270ad", "status": "DOWN", "port_id": "9f4498cb-9710-49fb-94dc-ecdb3c3e9cb8", "id": "4213ef81-0b52-490d-8c20-50317ab8926a"}}
2015-12-06 16:43:53,292 27563 INFO     [tempest_lib.common.rest_client] Request (TestNetworkBasicOps:test_update_instance_port_admin_state): 200 GET http://10.0.2.15:9696/v2.0/ports?device_id=b42e5962-fe70-4205-84f3-0d8ca6f41829 0.028s
2015-12-06 16:43:53,293 27563 DEBUG    [tempest_lib.common.rest_client] Request - Headers: {'Content-Type': 'application/json', 'Accept': 'application/json', 'X-Auth-Token': '&lt;omitted&gt;'}
        Body: None
    Response - Headers: {'status': '200', 'content-length': '895', 'content-location': 'http://10.0.2.15:9696/v2.0/ports?device_id=b42e5962-fe70-4205-84f3-0d8ca6f41829', 'connection': 'close', 'date': 'Sun, 06 Dec 2015 16:43:53 GMT', 'content-type': 'application/json; charset=UTF-8', 'x-openstack-request-id': 'req-bf596081-60fe-4f20-a84f-08cbe66c03f7'}
        Body: {"ports": [{"status": "ACTIVE", "binding:host_id": "vagrant-ubuntu-trusty-64", "allowed_address_pairs": [], "extra_dhcp_opts": [], "dns_assignment": [{"hostname": "host-10-100-0-3", "ip_address": "10.100.0.3", "fqdn": "host-10-100-0-3.openstacklocal."}], "device_owner": "compute:None", "port_security_enabled": true, "binding:profile": {}, "fixed_ips": [{"subnet_id": "78376056-b6a5-454e-a4d9-220cb01e9ac5", "ip_address": "10.100.0.3"}], "id": "9f4498cb-9710-49fb-94dc-ecdb3c3e9cb8", "security_groups": ["cd6d64f3-595a-4059-930a-603b74818387"], "device_id": "b42e5962-fe70-4205-84f3-0d8ca6f41829", "name": "", "admin_state_up": true, "network_id": "fcf8e4d5-d14e-4672-b0de-792692c3671e", "dns_name": "", "binding:vif_details": {"port_filter": true}, "binding:vnic_type": "normal", "binding:vif_type": "ovs", "tenant_id": "fb01aaa22ab346db9eb8f731662270ad", "mac_address": "fa:16:3e:07:b9:c9"}]}
2015-12-06 16:43:53,303 27563 INFO     [tempest_lib.common.rest_client] Request (TestNetworkBasicOps:test_update_instance_port_admin_state): 200 GET http://10.0.2.15:9696/v2.0/floatingips/4213ef81-0b52-490d-8c20-50317ab8926a 0.010s
2015-12-06 16:43:53,304 27563 DEBUG    [tempest_lib.common.rest_client] Request - Headers: {'Content-Type': 'application/json', 'Accept': 'application/json', 'X-Auth-Token': '&lt;omitted&gt;'}
        Body: None
    Response - Headers: {'status': '200', 'content-length': '368', 'content-location': 'http://10.0.2.15:9696/v2.0/floatingips/4213ef81-0b52-490d-8c20-50317ab8926a', 'connection': 'close', 'date': 'Sun, 06 Dec 2015 16:43:53 GMT', 'content-type': 'application/json; charset=UTF-8', 'x-openstack-request-id': 'req-1fe6f578-1ee9-4eaf-b5f0-f180a8d66971'}
        Body: {"floatingip": {"floating_network_id": "8d727eaf-1484-4765-85ae-76f6ed229a1d", "router_id": "eb9d8e94-9059-4810-b849-659436148fd6", "fixed_ip_address": "10.100.0.3", "floating_ip_address": "172.24.4.18", "tenant_id": "fb01aaa22ab346db9eb8f731662270ad", "status": "DOWN", "port_id": "9f4498cb-9710-49fb-94dc-ecdb3c3e9cb8", "id": "4213ef81-0b52-490d-8c20-50317ab8926a"}}
2015-12-06 16:43:54,321 27563 INFO     [tempest_lib.common.rest_client] Request (TestNetworkBasicOps:test_update_instance_port_admin_state): 200 GET http://10.0.2.15:9696/v2.0/floatingips/4213ef81-0b52-490d-8c20-50317ab8926a 0.015s
2015-12-06 16:43:54,321 27563 DEBUG    [tempest_lib.common.rest_client] Request - Headers: {'Content-Type': 'application/json', 'Accept': 'application/json', 'X-Auth-Token': '&lt;omitted&gt;'}
        Body: None
    Response - Headers: {'status': '200', 'content-length': '370', 'content-location': 'http://10.0.2.15:9696/v2.0/floatingips/4213ef81-0b52-490d-8c20-50317ab8926a', 'connection': 'close', 'date': 'Sun, 06 Dec 2015 16:43:54 GMT', 'content-type': 'application/json; charset=UTF-8', 'x-openstack-request-id': 'req-01b7daab-04d3-45b2-b4c7-169ffcdfa072'}
        Body: {"floatingip": {"floating_network_id": "8d727eaf-1484-4765-85ae-76f6ed229a1d", "router_id": "eb9d8e94-9059-4810-b849-659436148fd6", "fixed_ip_address": "10.100.0.3", "floating_ip_address": "172.24.4.18", "tenant_id": "fb01aaa22ab346db9eb8f731662270ad", "status": "ACTIVE", "port_id": "9f4498cb-9710-49fb-94dc-ecdb3c3e9cb8", "id": "4213ef81-0b52-490d-8c20-50317ab8926a"}}
2015-12-06 16:43:54,322 27563 INFO     [tempest.scenario.manager] FloatingIP: &lt;"FloatingIP" addr="172.24.4.18" id="4213ef81-0b52-490d-8c20-50317ab8926a"&gt; is at status: ACTIVE
2015-12-06 16:43:54,322 27563 DEBUG    [tempest.scenario.manager] checking network connections to IP 172.24.4.18 with user: cirros
2015-12-06 16:43:54,322 27563 DEBUG    [tempest.scenario.manager] TestNetworkBasicOps:test_update_instance_port_admin_state begins to ping 172.24.4.18 in 120 sec and the expected result is reachable
2015-12-06 16:44:12,375 27563 DEBUG    [tempest.scenario.manager] TestNetworkBasicOps:test_update_instance_port_admin_state finishes ping 172.24.4.18 in 120 sec and the ping result is expected
2015-12-06 16:44:12,378 27563 INFO     [tempest_lib.common.ssh] Creating ssh connection to '172.24.4.18' as 'cirros' with public key authentication
2015-12-06 16:44:12,384 27563 WARNING  [tempest_lib.common.ssh] Failed to establish authenticated ssh connection to cirros@172.24.4.18 ([Errno None] Unable to connect to port 22 on  or 172.24.4.18). Number attempts: 1. Retry after 2 seconds.
2015-12-06 16:44:14,893 27563 WARNING  [tempest_lib.common.ssh] Failed to establish authenticated ssh connection to cirros@172.24.4.18 ([Errno None] Unable to connect to port 22 on  or 172.24.4.18). Number attempts: 2. Retry after 3 seconds.
2015-12-06 16:44:18,458 27563 INFO     [paramiko.transport] Connected (version 2.0, client dropbear_2012.55)
2015-12-06 16:44:18,772 27563 INFO     [paramiko.transport] Authentication (publickey) successful!
2015-12-06 16:44:18,792 27563 INFO     [tempest_lib.common.ssh] ssh connection to cirros@172.24.4.18 successfuly created
2015-12-06 16:44:19,122 27563 INFO     [tempest_lib.common.rest_client] Request (TestNetworkBasicOps:test_update_instance_port_admin_state): 200 PUT http://10.0.2.15:9696/v2.0/ports/9f4498cb-9710-49fb-94dc-ecdb3c3e9cb8 0.214s
2015-12-06 16:44:19,122 27563 DEBUG    [tempest_lib.common.rest_client] Request - Headers: {'Content-Type': 'application/json', 'Accept': 'application/json', 'X-Auth-Token': '&lt;omitted&gt;'}
        Body: {"port": {"admin_state_up": false}}
    Response - Headers: {'status': '200', 'content-length': '750', 'connection': 'close', 'date': 'Sun, 06 Dec 2015 16:44:19 GMT', 'content-type': 'application/json; charset=UTF-8', 'x-openstack-request-id': 'req-6db63d18-d1c4-4a25-af8f-006a7829394d'}
        Body: {"port": {"status": "ACTIVE", "name": "", "allowed_address_pairs": [], "admin_state_up": false, "network_id": "fcf8e4d5-d14e-4672-b0de-792692c3671e", "dns_name": "", "extra_dhcp_opts": [], "mac_address": "fa:16:3e:07:b9:c9", "dns_assignment": [{"hostname": "host-10-100-0-3", "ip_address": "10.100.0.3", "fqdn": "host-10-100-0-3.openstacklocal."}], "binding:vnic_type": "normal", "device_owner": "compute:None", "tenant_id": "fb01aaa22ab346db9eb8f731662270ad", "port_security_enabled": true, "fixed_ips": [{"subnet_id": "78376056-b6a5-454e-a4d9-220cb01e9ac5", "ip_address": "10.100.0.3"}], "id": "9f4498cb-9710-49fb-94dc-ecdb3c3e9cb8", "security_groups": ["cd6d64f3-595a-4059-930a-603b74818387"], "device_id": "b42e5962-fe70-4205-84f3-0d8ca6f41829"}}
2015-12-06 16:44:19,123 27563 DEBUG    [tempest.scenario.manager] checking network connections to IP 172.24.4.18 with user: cirros
2015-12-06 16:44:19,123 27563 DEBUG    [tempest.scenario.manager] TestNetworkBasicOps:test_update_instance_port_admin_state begins to ping 172.24.4.18 in 120 sec and the expected result is unreachable
2015-12-06 16:46:19,688 27563 DEBUG    [tempest.scenario.manager] TestNetworkBasicOps:test_update_instance_port_admin_state finishes ping 172.24.4.18 in 120 sec and the ping result is unexpected
2015-12-06 16:46:19,690 27563 ERROR    [tempest.scenario.manager] Public network connectivity check failed: after updating admin_state_up of instance port to False
2015-12-06 16:46:19.690 27563 ERROR tempest.scenario.manager Traceback (most recent call last):
2015-12-06 16:46:19.690 27563 ERROR tempest.scenario.manager   File "tempest/scenario/manager.py", line 606, in check_public_network_connectivity
2015-12-06 16:46:19.690 27563 ERROR tempest.scenario.manager     should_connect=should_connect)
2015-12-06 16:46:19.690 27563 ERROR tempest.scenario.manager   File "tempest/scenario/manager.py", line 590, in check_vm_connectivity
2015-12-06 16:46:19.690 27563 ERROR tempest.scenario.manager     msg=msg)
2015-12-06 16:46:19.690 27563 ERROR tempest.scenario.manager   File "/usr/local/lib/python2.7/dist-packages/unittest2/case.py", line 702, in assertTrue
2015-12-06 16:46:19.690 27563 ERROR tempest.scenario.manager     raise self.failureException(msg)
2015-12-06 16:46:19.690 27563 ERROR tempest.scenario.manager AssertionError: False is not true : ip address 172.24.4.18 is reachable
2015-12-06 16:46:19.690 27563 ERROR tempest.scenario.manager 
2015-12-06 16:46:20,067 27563 INFO     [tempest_lib.common.rest_client] Request (TestNetworkBasicOps:test_update_instance_port_admin_state): 200 POST http://10.0.2.15:8774/v2.1/fb01aaa22ab346db9eb8f731662270ad/servers/b42e5962-fe70-4205-84f3-0d8ca6f41829/action 0.372s
2015-12-06 16:46:20,069 27563 DEBUG    [tempest_lib.common.rest_client] Request - Headers: {'Content-Type': 'application/json', 'Accept': 'application/json', 'X-Auth-Token': '&lt;omitted&gt;'}
        Body: {"os-getConsoleOutput": {}}
    Response - Headers: {'status': '200', 'content-length': '19743', 'x-compute-request-id': 'req-76cba992-a98e-4d4f-9160-ea3dd7a9d958', 'vary': 'X-OpenStack-Nova-API-Version', 'connection': 'close', 'x-openstack-nova-api-version': '2.1', 'date': 'Sun, 06 Dec 2015 16:46:20 GMT', 'content-type': 'application/json'}
        Body: {"output": "[    0.000000] Initializing cgroup subsys cpuset\n[    0.000000] Initializing cgroup subsys cpu\n[    0.000000] Linux version 3.2.0-80-virtual (buildd@batsu) (gcc version 4.6.3 (Ubuntu/Linaro 4.6.3-1ubuntu5) ) #116-Ubuntu SMP Mon Mar 23 17:28:52 UTC 2015 (Ubuntu 3.2.0-80.116-virtual 3.2.68)\n[    0.000000] Command line: root=/dev/vda console=tty0 console=ttyS0 no_timer_check\n[    0.000000] KERNEL supported cpus:\n[    0.000000]   Intel GenuineIntel\n[    0.000000]   AMD AuthenticAMD\n[    0.000000]   Centaur CentaurHauls\n[    0.000000] BIOS-provided physical RAM map:\n[    0.000000]  BIOS-e820: 0000000000000000 - 000000000009fc00 (usable)\n[    0.000000]  BIOS-e820: 000000000009fc00 - 00000000000a0000 (reserved)\n[    0.000000]  BIOS-e820: 00000000000f0000 - 0000000000100000 (reserved)\n[    0.000000]  BIOS-e820: 0000000000100000 - 0000000003ffe000 (usable)\n[    0.000000]  BIOS-e820: 0000000003ffe000 - 0000000004000000 (reserved)\n[    0.000000]  BIOS-e820: 00000000fffc0000 - 0000000100000000 (reserved)\n[    0.000000] NX (Execute Disable) protection: active\n[    0.000000] SMBIOS 2.4 present.\n[    0.000000] No AGP bridge found\n[    0.000000] last_pfn = 0x3ffe max_arch_pfn = 0x400000000\n[    0.000000] x86 PAT enabled: cpu 0, old 0x7040600070406, new 0x7010600070106\n[    0.000000] found SMP MP-table at [ffff8800000f0b00] f0b00\n[    0.000000] init_memory_mapping: 0000000000000000-0000000003ffe000\n[    0.000000] RAMDISK: 03c5e000 - 03ff0000\n[    0.000000] ACPI: RSDP 00000000000f0950 00014 (v00 BOCHS )\n[    0.000000] ACPI: RSDT 0000000003fffbc1 00034 (v01 BOCHS  BXPCRSDT 00000001 BXPC 00000001)\n[    0.000000] ACPI: FACP 0000000003fff1c0 00074 (v01 BOCHS  BXPCFACP 00000001 BXPC 00000001)\n[    0.000000] ACPI: DSDT 0000000003ffe040 01180 (v01 BOCHS  BXPCDSDT 00000001 BXPC 00000001)\n[    0.000000] ACPI: FACS 0000000003ffe000 00040\n[    0.000000] ACPI: SSDT 0000000003fff234 008DD (v01 BOCHS  BXPCSSDT 00000001 BXPC 00000001)\n[    0.000000] ACPI: APIC 0000000003fffb11 00078 (v01 BOCHS  BXPCAPIC 00000001 BXPC 00000001)\n[    0.000000] ACPI: HPET 0000000003fffb89 00038 (v01 BOCHS  BXPCHPET 00000001 BXPC 00000001)\n[    0.000000] No NUMA configuration found\n[    0.000000] Faking a node at 0000000000000000-0000000003ffe000\n[    0.000000] Initmem setup node 0 0000000000000000-0000000003ffe000\n[    0.000000]   NODE_DATA [0000000003ff6000 - 0000000003ffafff]\n[    0.000000] Zone PFN ranges:\n[    0.000000]   DMA      0x00000010 -&gt; 0x00001000\n[    0.000000]   DMA32    0x00001000 -&gt; 0x00100000\n[    0.000000]   Normal   empty\n[    0.000000] Movable zone start PFN for each node\n[    0.000000] early_node_map[2] active PFN ranges\n[    0.000000]     0: 0x00000010 -&gt; 0x0000009f\n[    0.000000]     0: 0x00000100 -&gt; 0x00003ffe\n[    0.000000] ACPI: PM-Timer IO Port: 0xb008\n[    0.000000] ACPI: LAPIC (acpi_id[0x00] lapic_id[0x00] enabled)\n[    0.000000] ACPI: LAPIC_NMI (acpi_id[0xff] dfl dfl lint[0x1])\n[    0.000000] ACPI: IOAPIC (id[0x00] address[0xfec00000] gsi_base[0])\n[    0.000000] IOAPIC[0]: apic_id 0, version 17, address 0xfec00000, GSI 0-23\n[    0.000000] ACPI: INT_SRC_OVR (bus 0 bus_irq 0 global_irq 2 dfl dfl)\n[    0.000000] ACPI: INT_SRC_OVR (bus 0 bus_irq 5 global_irq 5 high level)\n[    0.000000] ACPI: INT_SRC_OVR (bus 0 bus_irq 9 global_irq 9 high level)\n[    0.000000] ACPI: INT_SRC_OVR (bus 0 bus_irq 10 global_irq 10 high level)\n[    0.000000] ACPI: INT_SRC_OVR (bus 0 bus_irq 11 global_irq 11 high level)\n[    0.000000] Using ACPI (MADT) for SMP configuration information\n[    0.000000] ACPI: HPET id: 0x8086a201 base: 0xfed00000\n[    0.000000] SMP: Allowing 1 CPUs, 0 hotplug CPUs\n[    0.000000] PM: Registered nosave memory: 000000000009f000 - 00000000000a0000\n[    0.000000] PM: Registered nosave memory: 00000000000a0000 - 00000000000f0000\n[    0.000000] PM: Registered nosave memory: 00000000000f0000 - 0000000000100000\n[    0.000000] Allocating PCI resources starting at 4000000 (gap: 4000000:fbfc0000)\n[    0.000000] Booting paravirtualized kernel on bare hardware\n[    0.000000] setup_pe
2015-12-06 16:46:20,074 27563 DEBUG    [tempest.scenario.manager] Console output for b42e5962-fe70-4205-84f3-0d8ca6f41829
body=
[    0.000000] Initializing cgroup subsys cpuset
[    0.000000] Initializing cgroup subsys cpu
[    0.000000] Linux version 3.2.0-80-virtual (buildd@batsu) (gcc version 4.6.3 (Ubuntu/Linaro 4.6.3-1ubuntu5) ) #116-Ubuntu SMP Mon Mar 23 17:28:52 UTC 2015 (Ubuntu 3.2.0-80.116-virtual 3.2.68)
[    0.000000] Command line: root=/dev/vda console=tty0 console=ttyS0 no_timer_check
[    0.000000] KERNEL supported cpus:
[    0.000000]   Intel GenuineIntel
[    0.000000]   AMD AuthenticAMD
[    0.000000]   Centaur CentaurHauls
[    0.000000] BIOS-provided physical RAM map:
[    0.000000]  BIOS-e820: 0000000000000000 - 000000000009fc00 (usable)
[    0.000000]  BIOS-e820: 000000000009fc00 - 00000000000a0000 (reserved)
[    0.000000]  BIOS-e820: 00000000000f0000 - 0000000000100000 (reserved)
[    0.000000]  BIOS-e820: 0000000000100000 - 0000000003ffe000 (usable)
[    0.000000]  BIOS-e820: 0000000003ffe000 - 0000000004000000 (reserved)
[    0.000000]  BIOS-e820: 00000000fffc0000 - 0000000100000000 (reserved)
[    0.000000] NX (Execute Disable) protection: active
[    0.000000] SMBIOS 2.4 present.
[    0.000000] No AGP bridge found
[    0.000000] last_pfn = 0x3ffe max_arch_pfn = 0x400000000
[    0.000000] x86 PAT enabled: cpu 0, old 0x7040600070406, new 0x7010600070106
[    0.000000] found SMP MP-table at [ffff8800000f0b00] f0b00
[    0.000000] init_memory_mapping: 0000000000000000-0000000003ffe000
[    0.000000] RAMDISK: 03c5e000 - 03ff0000
[    0.000000] ACPI: RSDP 00000000000f0950 00014 (v00 BOCHS )
[    0.000000] ACPI: RSDT 0000000003fffbc1 00034 (v01 BOCHS  BXPCRSDT 00000001 BXPC 00000001)
[    0.000000] ACPI: FACP 0000000003fff1c0 00074 (v01 BOCHS  BXPCFACP 00000001 BXPC 00000001)
[    0.000000] ACPI: DSDT 0000000003ffe040 01180 (v01 BOCHS  BXPCDSDT 00000001 BXPC 00000001)
[    0.000000] ACPI: FACS 0000000003ffe000 00040
[    0.000000] ACPI: SSDT 0000000003fff234 008DD (v01 BOCHS  BXPCSSDT 00000001 BXPC 00000001)
[    0.000000] ACPI: APIC 0000000003fffb11 00078 (v01 BOCHS  BXPCAPIC 00000001 BXPC 00000001)
[    0.000000] ACPI: HPET 0000000003fffb89 00038 (v01 BOCHS  BXPCHPET 00000001 BXPC 00000001)
[    0.000000] No NUMA configuration found
[    0.000000] Faking a node at 0000000000000000-0000000003ffe000
[    0.000000] Initmem setup node 0 0000000000000000-0000000003ffe000
[    0.000000]   NODE_DATA [0000000003ff6000 - 0000000003ffafff]
[    0.000000] Zone PFN ranges:
[    0.000000]   DMA      0x00000010 -&gt; 0x00001000
[    0.000000]   DMA32    0x00001000 -&gt; 0x00100000
[    0.000000]   Normal   empty
[    0.000000] Movable zone start PFN for each node
[    0.000000] early_node_map[2] active PFN ranges
[    0.000000]     0: 0x00000010 -&gt; 0x0000009f
[    0.000000]     0: 0x00000100 -&gt; 0x00003ffe
[    0.000000] ACPI: PM-Timer IO Port: 0xb008
[    0.000000] ACPI: LAPIC (acpi_id[0x00] lapic_id[0x00] enabled)
[    0.000000] ACPI: LAPIC_NMI (acpi_id[0xff] dfl dfl lint[0x1])
[    0.000000] ACPI: IOAPIC (id[0x00] address[0xfec00000] gsi_base[0])
[    0.000000] IOAPIC[0]: apic_id 0, version 17, address 0xfec00000, GSI 0-23
[    0.000000] ACPI: INT_SRC_OVR (bus 0 bus_irq 0 global_irq 2 dfl dfl)
[    0.000000] ACPI: INT_SRC_OVR (bus 0 bus_irq 5 global_irq 5 high level)
[    0.000000] ACPI: INT_SRC_OVR (bus 0 bus_irq 9 global_irq 9 high level)
[    0.000000] ACPI: INT_SRC_OVR (bus 0 bus_irq 10 global_irq 10 high level)
[    0.000000] ACPI: INT_SRC_OVR (bus 0 bus_irq 11 global_irq 11 high level)
[    0.000000] Using ACPI (MADT) for SMP configuration information
[    0.000000] ACPI: HPET id: 0x8086a201 base: 0xfed00000
[    0.000000] SMP: Allowing 1 CPUs, 0 hotplug CPUs
[    0.000000] PM: Registered nosave memory: 000000000009f000 - 00000000000a0000
[    0.000000] PM: Registered nosave memory: 00000000000a0000 - 00000000000f0000
[    0.000000] PM: Registered nosave memory: 00000000000f0000 - 0000000000100000
[    0.000000] Allocating PCI resources starting at 4000000 (gap: 4000000:fbfc0000)
[    0.000000] Booting paravirtualized kernel on bare hardware
[    0.000000] setup_percpu: NR_CPUS:64 nr_cpumask_bits:64 nr_cpu_ids:1 nr_node_ids:1
[    0.000000] PERCPU: Embedded 27 pages/cpu @ffff880003a00000 s78848 r8192 d23552 u2097152
[    0.000000] Built 1 zonelists in Node order, mobility grouping on.  Total pages: 16008
[    0.000000] Policy zone: DMA32
[    0.000000] Kernel command line: root=/dev/vda console=tty0 console=ttyS0 no_timer_check
[    0.000000] PID hash table entries: 256 (order: -1, 2048 bytes)
[    0.000000] Checking aperture...
[    0.000000] No AGP bridge found
[    0.000000] Memory: 43492k/65528k available (6576k kernel code, 452k absent, 21584k reserved, 6620k data, 928k init)
[    0.000000] SLUB: Genslabs=15, HWalign=64, Order=0-3, MinObjects=0, CPUs=1, Nodes=1
[    0.000000] Hierarchical RCU implementation.
[    0.000000] 	RCU dyntick-idle grace-period acceleration is enabled.
[    0.000000] NR_IRQS:4352 nr_irqs:256 16
[    0.000000] Console: colour VGA+ 80x25
[    0.000000] console [tty0] enabled
[    0.000000] console [ttyS0] enabled
[    0.000000] allocated 1048576 bytes of page_cgroup
[    0.000000] please try 'cgroup_disable=memory' option if you don't want memory cgroups
[    0.000000] Fast TSC calibration failed
[    0.000000] TSC: Unable to calibrate against PIT
[    0.000000] TSC: using HPET reference calibration
[    0.000000] Detected 2294.466 MHz processor.
[    0.036954] Calibrating delay loop (skipped), value calculated using timer frequency.. 4588.93 BogoMIPS (lpj=9177864)
[    0.040413] pid_max: default: 32768 minimum: 301
[    0.049454] Security Framework initialized
[    0.057916] AppArmor: AppArmor initialized
[    0.059152] Yama: becoming mindful.
[    0.072605] Dentry cache hash table entries: 8192 (order: 4, 65536 bytes)
[    0.076457] Inode-cache hash table entries: 4096 (order: 3, 32768 bytes)
[    0.080271] Mount-cache hash table entries: 256
[    0.099186] Initializing cgroup subsys cpuacct
[    0.100421] Initializing cgroup subsys memory
[    0.102571] Initializing cgroup subsys devices
[    0.104174] Initializing cgroup subsys freezer
[    0.105354] Initializing cgroup subsys blkio
[    0.106182] Initializing cgroup subsys perf_event
[    0.111106] mce: CPU supports 10 MCE banks
[    0.114706] SMP alternatives: switching to UP code
[    0.568569] Freeing SMP alternatives: 24k freed
[    0.570384] ACPI: Core revision 20110623
[    0.616360] ftrace: allocating 26610 entries in 105 pages
[    0.651024] ..TIMER: vector=0x30 apic1=0 pin1=2 apic2=-1 pin2=-1
[    0.652162] CPU0: AMD QEMU Virtual CPU version 2.0.0 stepping 03
[    0.656040] Performance Events: Broken PMU hardware detected, using software events only.
[    0.670195] NMI watchdog disabled (cpu0): hardware events not enabled
[    0.672352] Brought up 1 CPUs
[    0.673147] Total of 1 processors activated (4588.93 BogoMIPS).
[    0.702537] devtmpfs: initialized
[    0.749185] EVM: security.selinux
[    0.750139] EVM: security.SMACK64
[    0.751099] EVM: security.capability
[    0.779146] print_constraints: dummy: 
[    0.782462] RTC time: 16:43:54, date: 12/06/15
[    0.785984] NET: Registered protocol family 16
[    0.796480] ACPI: bus type pci registered
[    0.801273] PCI: Using configuration type 1 for base access
[    0.837236] bio: create slab &lt;bio-0&gt; at 0
[    0.842340] ACPI: Added _OSI(Module Device)
[    0.843087] ACPI: Added _OSI(Processor Device)
[    0.844109] ACPI: Added _OSI(3.0 _SCP Extensions)
[    0.844789] ACPI: Added _OSI(Processor Aggregator Device)
[    0.931028] ACPI: Interpreter enabled
[    0.932162] ACPI: (supports S0 S3 S4 S5)
[    0.936302] ACPI: Using IOAPIC for interrupt routing
[    1.013157] ACPI: No dock devices found.
[    1.013796] HEST: Table not found.
[    1.014316] PCI: Using host bridge windows from ACPI; if necessary, use "pci=nocrs" and report a bug
[    1.020725] ACPI: PCI Root Bridge [PCI0] (domain 0000 [bus 00-ff])
[    1.028063] pci_root PNP0A03:00: host bridge window [io  0x0000-0x0cf7]
[    1.028173] pci_root PNP0A03:00: host bridge window [io  0x0d00-0xadff]
[    1.029078] pci_root PNP0A03:00: host bridge window [io  0xae0f-0xaeff]
[    1.029944] pci_root PNP0A03:00: host bridge window [io  0xaf20-0xafdf]
[    1.032112] pci_root PNP0A03:00: host bridge window [io  0xafe4-0xffff]
[    1.032790] pci_root PNP0A03:00: host bridge window [mem 0x000a0000-0x000bffff]
[    1.033648] pci_root PNP0A03:00: host bridge window [mem 0x04000000-0xfebfffff]
[    1.057160] pci 0000:00:01.3: quirk: [io  0xb000-0xb03f] claimed by PIIX4 ACPI
[    1.060136] pci 0000:00:01.3: quirk: [io  0xb100-0xb10f] claimed by PIIX4 SMB
[    1.133298]  pci0000:00: Unable to request _OSC control (_OSC support mask: 0x1e)
[    1.208170] ACPI: PCI Interrupt Link [LNKA] (IRQs 5 *10 11)
[    1.210422] ACPI: PCI Interrupt Link [LNKB] (IRQs 5 *10 11)
[    1.212904] ACPI: PCI Interrupt Link [LNKC] (IRQs 5 10 *11)
[    1.214935] ACPI: PCI Interrupt Link [LNKD] (IRQs 5 10 *11)
[    1.217184] ACPI: PCI Interrupt Link [LNKS] (IRQs *9)
[    1.224500] vgaarb: device added: PCI:0000:00:02.0,decodes=io+mem,owns=io+mem,locks=none
[    1.225849] vgaarb: loaded
[    1.226171] vgaarb: bridge control possible 0000:00:02.0
[    1.230902] i2c-core: driver [aat2870] using legacy suspend method
[    1.232149] i2c-core: driver [aat2870] using legacy resume method
[    1.234480] SCSI subsystem initialized
[    1.238900] usbcore: registered new interface driver usbfs
[    1.240615] usbcore: registered new interface driver hub
[    1.241744] usbcore: registered new device driver usb
[    1.246052] PCI: Using ACPI for IRQ routing
[    1.257507] NetLabel: Initializing
[    1.257929] NetLabel:  domain hash size = 128
[    1.260143] NetLabel:  protocols = UNLABELED CIPSOv4
[    1.262112] NetLabel:  unlabeled traffic allowed by default
[    1.264988] HPET: 3 timers in total, 0 timers will be used for per-cpu timer
[    1.266061] hpet0: at MMIO 0xfed00000, IRQs 2, 8, 0
[    1.267061] hpet0: 3 comparators, 64-bit 100.000000 MHz counter
[    1.278261] Switching to clocksource hpet
[    1.489929] AppArmor: AppArmor Filesystem Enabled
[    1.491142] pnp: PnP ACPI init
[    1.491793] ACPI: bus type pnp registered
[    1.510729] pnp: PnP ACPI: found 9 devices
[    1.511313] ACPI: ACPI bus type pnp unregistered
[    1.566027] NET: Registered protocol family 2
[    1.598236] IP route cache hash table entries: 512 (order: 0, 4096 bytes)
[    1.605080] TCP established hash table entries: 2048 (order: 3, 32768 bytes)
[    1.606470] TCP bind hash table entries: 2048 (order: 3, 32768 bytes)
[    1.607374] TCP: Hash tables configured (established 2048 bind 2048)
[    1.609950] TCP reno registered
[    1.610465] UDP hash table entries: 128 (order: 0, 4096 bytes)
[    1.611332] UDP-Lite hash table entries: 128 (order: 0, 4096 bytes)
[    1.614382] NET: Registered protocol family 1
[    1.615232] pci 0000:00:00.0: Limiting direct PCI/PCI transfers
[    1.615985] pci 0000:00:01.0: PIIX3: Enabling Passive Release
[    1.617572] pci 0000:00:01.0: Activating ISA DMA hang workarounds
[    1.622298] ACPI: PCI Interrupt Link [LNKD] enabled at IRQ 11
[    1.623232] pci 0000:00:01.2: PCI INT D -&gt; Link[LNKD] -&gt; GSI 11 (level, high) -&gt; IRQ 11
[    1.625660] pci 0000:00:01.2: PCI INT D disabled
[    1.642213] Trying to unpack rootfs image as initramfs...
[    1.658714] audit: initializing netlink socket (disabled)
[    1.660061] type=2000 audit(1449420234.656:1): initialized
[    1.901297] HugeTLB registered 2 MB page size, pre-allocated 0 pages
[    1.979727] VFS: Disk quotas dquot_6.5.2
[    1.982101] Dquot-cache hash table entries: 512 (order 0, 4096 bytes)
[    1.997679] fuse init (API version 7.17)
[    2.000112] msgmni has been set to 84
[    2.039445] Block layer SCSI generic (bsg) driver version 0.4 loaded (major 253)
[    2.041786] io scheduler noop registered
[    2.042388] io scheduler deadline registered (default)
[    2.043490] io scheduler cfq registered
[    2.046559] pci_hotplug: PCI Hot Plug PCI Core version: 0.5
[    2.049318] pciehp: PCI Express Hot Plug Controller Driver version: 0.4
[    2.054663] input: Power Button as /devices/LNXSYSTM:00/LNXPWRBN:00/input/input0
[    2.058073] ACPI: Power Button [PWRF]
[    2.106468] ERST: Table is not found!
[    2.106949] GHES: HEST is not enabled!
[    2.115211] ACPI: PCI Interrupt Link [LNKC] enabled at IRQ 10
[    2.115929] virtio-pci 0000:00:03.0: PCI INT A -&gt; Link[LNKC] -&gt; GSI 10 (level, high) -&gt; IRQ 10
[    2.119567] virtio-pci 0000:00:04.0: PCI INT A -&gt; Link[LNKD] -&gt; GSI 11 (level, high) -&gt; IRQ 11
[    2.134321] ACPI: PCI Interrupt Link [LNKA] enabled at IRQ 10
[    2.134993] virtio-pci 0000:00:05.0: PCI INT A -&gt; Link[LNKA] -&gt; GSI 10 (level, high) -&gt; IRQ 10
[    2.147113] Serial: 8250/16550 driver, 32 ports, IRQ sharing enabled
[    2.185426] serial8250: ttyS0 at I/O 0x3f8 (irq = 4) is a 16550A
[    2.260034] serial8250: ttyS1 at I/O 0x2f8 (irq = 3) is a 16550A
[    2.370131] 00:05: ttyS0 at I/O 0x3f8 (irq = 4) is a 16550A
[    2.443008] 00:06: ttyS1 at I/O 0x2f8 (irq = 3) is a 16550A
[    2.483241] Linux agpgart interface v0.103
[    2.546024] brd: module loaded
[    2.571252] loop: module loaded
[    2.629599] Refined TSC clocksource calibration: 2294.455 MHz.
[    2.631397] Switching to clocksource tsc
[    2.638451]  vda: unknown partition table
[    2.697652] scsi0 : ata_piix
[    2.700097] scsi1 : ata_piix
[    2.702455] ata1: PATA max MWDMA2 cmd 0x1f0 ctl 0x3f6 bmdma 0xc0a0 irq 14
[    2.703310] ata2: PATA max MWDMA2 cmd 0x170 ctl 0x376 bmdma 0xc0a8 irq 15
[    2.714205] Fixed MDIO Bus: probed
[    2.715132] tun: Universal TUN/TAP device driver, 1.6
[    2.715750] tun: (C) 1999-2004 Max Krasnyansky &lt;maxk@qualcomm.com&gt;
[    2.729271] PPP generic driver version 2.4.2
[    2.751783] ehci_hcd: USB 2.0 'Enhanced' Host Controller (EHCI) Driver
[    2.753920] ohci_hcd: USB 1.1 'Open' Host Controller (OHCI) Driver
[    2.754836] uhci_hcd: USB Universal Host Controller Interface driver
[    2.755796] uhci_hcd 0000:00:01.2: PCI INT D -&gt; Link[LNKD] -&gt; GSI 11 (level, high) -&gt; IRQ 11
[    2.758949] uhci_hcd 0000:00:01.2: UHCI Host Controller
[    2.769702] uhci_hcd 0000:00:01.2: new USB bus registered, assigned bus number 1
[    2.771509] uhci_hcd 0000:00:01.2: irq 11, io base 0x0000c040
[    2.799528] hub 1-0:1.0: USB hub found
[    2.800995] hub 1-0:1.0: 2 ports detected
[    2.807683] usbcore: registered new interface driver libusual
[    2.811163] i8042: PNP: PS/2 Controller [PNP0303:KBD,PNP0f13:MOU] at 0x60,0x64 irq 1,12
[    2.817135] serio: i8042 KBD port at 0x60,0x64 irq 1
[    2.818494] serio: i8042 AUX port at 0x60,0x64 irq 12
[    2.847868] mousedev: PS/2 mouse device common for all mice
[    2.863938] input: AT Translated Set 2 keyboard as /devices/platform/i8042/serio0/input/input1
[    2.867988] rtc_cmos 00:01: RTC can wake from S4
[    2.877062] rtc_cmos 00:01: rtc core: registered rtc_cmos as rtc0
[    2.880097] rtc0: alarms up to one day, 114 bytes nvram, hpet irqs
[    2.883344] device-mapper: uevent: version 1.0.3
[    2.909876] device-mapper: ioctl: 4.22.0-ioctl (2011-10-19) initialised: dm-devel@redhat.com
[    2.912142] cpuidle: using governor ladder
[    2.913518] cpuidle: using governor menu
[    2.914598] EFI Variables Facility v0.08 2004-May-17
[    2.924793] TCP cubic registered
[    2.928088] NET: Registered protocol family 10
[    2.951681] NET: Registered protocol family 17
[    2.953235] Registering the dns_resolver key type
[    2.960482] ata2.01: ATAPI: QEMU DVD-ROM, 2.0.0, max UDMA/100
[    2.970605] ata2.01: configured for MWDMA2
[    2.992021] scsi 1:0:1:0: CD-ROM            QEMU     QEMU DVD-ROM     2.0. PQ: 0 ANSI: 5
[    3.018257] sr0: scsi3-mmc drive: 4x/4x cd/rw xa/form2 tray
[    3.019304] cdrom: Uniform CD-ROM driver Revision: 3.20
[    3.027819] sr 1:0:1:0: Attached scsi generic sg0 type 5
[    3.061558] registered taskstats version 1
[    3.132636] Freeing initrd memory: 3656k freed
[    3.559889]   Magic number: 11:867:741
[    3.576097] rtc_cmos 00:01: setting system clock to 2015-12-06 16:43:57 UTC (1449420237)
[    3.583419] powernow-k8: Processor cpuid 663 not supported
[    3.593638] BIOS EDD facility v0.16 2004-Jun-25, 0 devices found
[    3.595506] EDD information not available.
[    3.661933] Freeing unused kernel memory: 928k freed
[    3.668080] Write protecting the kernel read-only data: 12288k
[    3.775395] Freeing unused kernel memory: 1596k freed
[    3.869189] Freeing unused kernel memory: 1184k freed

info: initramfs: up at 4.04
modprobe: module virtio_blk not found in modules.dep
modprobe: module virtio_net not found in modules.dep
info: copying initramfs to /dev/vda
info: initramfs loading root from /dev/vda
info: /etc/init.d/rc.sysinit: up at 9.21
info: container: none
Starting logging: OK
modprobe: module virtio_blk not found in modules.dep
modprobe: module virtio_net not found in modules.dep
WARN: /etc/rc3.d/S10-load-modules failed
Initializing random number generator... done.
Starting acpid: OK
cirros-ds 'local' up at 11.75
found datasource (configdrive, local)
Starting network...
udhcpc (v1.20.1) started
Sending discover...
Sending select for 10.100.0.3...
Lease of 10.100.0.3 obtained, lease time 86400
route: SIOCADDRT: File exists
WARN: failed: route add -net "0.0.0.0/0" gw "10.100.0.1"
Starting dropbear sshd: generating rsa key... generating dsa key... OK
no userdata for datasource
=== system information ===
Platform: OpenStack Foundation OpenStack Nova
Container: none
Arch: x86_64
CPU(s): 1 @ 2294.466 MHz
Cores/Sockets/Threads: 1/1/1
Virt-type: AMD-V
RAM Size: 49MB
Disks:
NAME MAJ:MIN     SIZE LABEL         MOUNTPOINT
vda  253:0   25165824 cirros-rootfs /
sr0   11:0     428032 config-2      
=== sshd host keys ===
-----BEGIN SSH HOST KEY KEYS-----
ssh-rsa AAAAB3NzaC1yc2EAAAADAQABAAAAgwC9LDUefKkSOoSR9hKH+FQOeFzF489kGFyW5QkYZNL3vIVfwWty6jaM8GCdHcY2NX0syk5QX95KNg/l4A6EY5P+kJr4qiaNCn4gDeWu9sXDll8kXQW6H6Kxm1qUUSS74plU0tXBVUQBVI58AA6tFMGeZGsRIwZ17061F4B/9mBvWKc5 root@tempest
ssh-dss AAAAB3NzaC1kc3MAAACBANaSmnAbWYqiA8KgQ3xSwMAbS8O7KXbf2pvNI5V3mjO6xFc7FCtU+GjfXH4JTp6qNNiGP8MvPPQzkwiBBctDn1hnZON7zPYjdm6vY2d+lqYAJpDPcHV8BTeEw3r1FVXJyXnmzcDRpmuujCiXpbvG3cFBrWwQlgWmsIoIZducPnyHAAAAFQCzXdttZsksIuPyUX33016+Rrua7QAAAIEAtnXXmh7H9vUnmu3wLcLU3cwVzQ5MqAQsPUp12IK28/cvv/9ynVp/D3ngy5+b/sZxx/tQvrpwGLbwfy0b7GLeBmiMHq56I0TsG0kI/1dPUshnrZhVdOQ9gS9ox16TV3zLs7iFCicEayu/WjobUMv1z37Egy0kw9jdy0bJfiIRP0oAAACAVFniJcNBAcumSDQjmfJemCBVPlZxOw0CdlL9LIULNtSF1OyIntdCVEFhgF0oh3jJ+uDzK6xm0aexORk1nHwOt87RVoTeLrBlbBDo20J+OmzQeF7opMSsoc0EF4BmFP7GkGPbGXHX2bsTvwzq4jZa15hsp9o0sm5ErCatVSMh4Ts= root@tempest
-----END SSH HOST KEY KEYS-----
=== network info ===
if-info: lo,up,127.0.0.1,8,::1
if-info: eth0,up,10.100.0.3,28,fe80::f816:3eff:fe07:b9c9
ip-route:default via 10.100.0.1 dev eth0 
ip-route:10.100.0.0/28 dev eth0  src 10.100.0.3 
ip-route:169.254.169.254 via 10.100.0.1 dev eth0 
=== datasource: configdrive local ===
instance-id: b42e5962-fe70-4205-84f3-0d8ca6f41829
name: tempest.common.compute-instance-744571979
availability-zone: nova
local-hostname: tempest.common.compute-instance-744571979.novalocal
launch-index: 0
=== cirros: current=0.3.4 uptime=25.88 ===
  ____               ____  ____
 / __/ __ ____ ____ / __ \/ __/
/ /__ / // __// __// /_/ /\ \ 
\___//_//_/  /_/   \____/___/ 
   http://cirros-cloud.net


login as 'cirros' user. default password: 'cubswin:)'. use 'sudo' for root.
tempest login: 
2015-12-06 16:46:20,281 27563 INFO     [tempest_lib.common.rest_client] Request (TestNetworkBasicOps:_run_cleanups): 204 DELETE http://10.0.2.15:9696/v2.0/floatingips/4213ef81-0b52-490d-8c20-50317ab8926a 0.202s
2015-12-06 16:46:20,282 27563 DEBUG    [tempest_lib.common.rest_client] Request - Headers: {'Content-Type': 'application/json', 'Accept': 'application/json', 'X-Auth-Token': '&lt;omitted&gt;'}
        Body: None
    Response - Headers: {'date': 'Sun, 06 Dec 2015 16:46:20 GMT', 'status': '204', 'connection': 'close', 'content-length': '0', 'x-openstack-request-id': 'req-f241e45d-be50-40e4-87d5-698eba71fbce'}
        Body: 
2015-12-06 16:46:20,519 27563 INFO     [tempest_lib.common.rest_client] Request (TestNetworkBasicOps:_run_cleanups): 204 DELETE http://10.0.2.15:8774/v2.1/fb01aaa22ab346db9eb8f731662270ad/servers/b42e5962-fe70-4205-84f3-0d8ca6f41829 0.235s
2015-12-06 16:46:20,520 27563 DEBUG    [tempest_lib.common.rest_client] Request - Headers: {'Content-Type': 'application/json', 'Accept': 'application/json', 'X-Auth-Token': '&lt;omitted&gt;'}
        Body: None
    Response - Headers: {'status': '204', 'content-length': '0', 'x-compute-request-id': 'req-c192046b-49aa-4580-9882-7dcfab5e1398', 'vary': 'X-OpenStack-Nova-API-Version', 'connection': 'close', 'x-openstack-nova-api-version': '2.1', 'date': 'Sun, 06 Dec 2015 16:46:20 GMT', 'content-type': 'application/json'}
        Body: 
2015-12-06 16:46:20,732 27563 INFO     [tempest_lib.common.rest_client] Request (TestNetworkBasicOps:_run_cleanups): 200 GET http://10.0.2.15:8774/v2.1/fb01aaa22ab346db9eb8f731662270ad/servers/b42e5962-fe70-4205-84f3-0d8ca6f41829 0.210s
2015-12-06 16:46:20,732 27563 DEBUG    [tempest_lib.common.rest_client] Request - Headers: {'Content-Type': 'application/json', 'Accept': 'application/json', 'X-Auth-Token': '&lt;omitted&gt;'}
        Body: None
    Response - Headers: {'status': '200', 'content-length': '1775', 'content-location': 'http://10.0.2.15:8774/v2.1/fb01aaa22ab346db9eb8f731662270ad/servers/b42e5962-fe70-4205-84f3-0d8ca6f41829', 'x-compute-request-id': 'req-8e497b25-5140-4282-bdaf-44ee42297226', 'vary': 'X-OpenStack-Nova-API-Version', 'connection': 'close', 'x-openstack-nova-api-version': '2.1', 'date': 'Sun, 06 Dec 2015 16:46:20 GMT', 'content-type': 'application/json'}
        Body: {"server": {"status": "ACTIVE", "updated": "2015-12-06T16:46:20Z", "hostId": "9b9c224487983d327d2e86cd4d32e0cd7651a2025c4ae990258e59f7", "addresses": {"tempest-network-smoke--594978650": [{"OS-EXT-IPS-MAC:mac_addr": "fa:16:3e:07:b9:c9", "version": 4, "addr": "10.100.0.3", "OS-EXT-IPS:type": "fixed"}, {"OS-EXT-IPS-MAC:mac_addr": "fa:16:3e:07:b9:c9", "version": 4, "addr": "172.24.4.18", "OS-EXT-IPS:type": "floating"}]}, "links": [{"href": "http://10.0.2.15:8774/v2.1/fb01aaa22ab346db9eb8f731662270ad/servers/b42e5962-fe70-4205-84f3-0d8ca6f41829", "rel": "self"}, {"href": "http://10.0.2.15:8774/fb01aaa22ab346db9eb8f731662270ad/servers/b42e5962-fe70-4205-84f3-0d8ca6f41829", "rel": "bookmark"}], "key_name": "tempest-TestNetworkBasicOps-1302204415", "image": {"id": "0e759355-d6f1-46a5-8aa7-6a81071bd902", "links": [{"href": "http://10.0.2.15:8774/fb01aaa22ab346db9eb8f731662270ad/images/0e759355-d6f1-46a5-8aa7-6a81071bd902", "rel": "bookmark"}]}, "OS-EXT-STS:task_state": "deleting", "OS-EXT-STS:vm_state": "active", "OS-SRV-USG:launched_at": "2015-12-06T16:43:51.000000", "flavor": {"id": "42", "links": [{"href": "http://10.0.2.15:8774/fb01aaa22ab346db9eb8f731662270ad/flavors/42", "rel": "bookmark"}]}, "id": "b42e5962-fe70-4205-84f3-0d8ca6f41829", "security_groups": [{"name": "tempest-secgroup-smoke-835003560"}], "OS-SRV-USG:terminated_at": null, "OS-EXT-AZ:availability_zone": "nova", "user_id": "3bde66f59f124e699a9445d32a61e7ab", "name": "tempest.common.compute-instance-744571979", "created": "2015-12-06T16:43:48Z", "tenant_id": "fb01aaa22ab346db9eb8f731662270ad", "OS-DCF:diskConfig": "MANUAL", "os-extended-volumes:volumes_attached": [], "accessIPv4": "", "accessIPv6": "", "progress": 0, "OS-EXT-STS:power_state": 1, "config_drive": "True", "metadata": {}}}
2015-12-06 16:46:21,945 27563 INFO     [tempest_lib.common.rest_client] Request (TestNetworkBasicOps:_run_cleanups): 200 GET http://10.0.2.15:8774/v2.1/fb01aaa22ab346db9eb8f731662270ad/servers/b42e5962-fe70-4205-84f3-0d8ca6f41829 0.197s
2015-12-06 16:46:21,945 27563 DEBUG    [tempest_lib.common.rest_client] Request - Headers: {'Content-Type': 'application/json', 'Accept': 'application/json', 'X-Auth-Token': '&lt;omitted&gt;'}
