<?xml version="1.0" encoding="UTF-8"?>
<!DOCTYPE html PUBLIC "-//W3C//DTD XHTML 1.0 Strict//EN"
     "http://www.w3.org/TR/xhtml1/DTD/xhtml1-strict.dtd">
<html xmlns="http://www.w3.org/1999/xhtml">
<head>
    <title>Unit Test Report</title>
    <meta name="generator" content="subunit2html 0.1"/>
    <meta http-equiv="Content-Type" content="text/html; charset=UTF-8"/>
    
<style type="text/css" media="screen">
body        { font-family: verdana, arial, helvetica, sans-serif;
    font-size: 80%; }
table       { font-size: 100%; width: 100%;}
pre         { font-size: 80%; }

/* -- heading -------------------------------------------------------------- */
h1 {
        font-size: 16pt;
        color: gray;
}
.heading {
    margin-top: 0ex;
    margin-bottom: 1ex;
}

.heading .attribute {
    margin-top: 1ex;
    margin-bottom: 0;
}

.heading .description {
    margin-top: 4ex;
    margin-bottom: 6ex;
}

/* -- css div popup -------------------------------------------------------- */
a.popup_link {
}

a.popup_link:hover {
    color: red;
}

.popup_window {
    display: none;
    overflow-x: scroll;
    /*border: solid #627173 1px; */
    padding: 10px;
    background-color: #E6E6D6;
    font-family: "Ubuntu Mono", "Lucida Console", "Courier New", monospace;
    text-align: left;
    font-size: 8pt;
}

}
/* -- report --------------------------------------------------------------- */
#show_detail_line {
    margin-top: 3ex;
    margin-bottom: 1ex;
}
#result_table {
    width: 100%;
    border-collapse: collapse;
    border: 1px solid #777;
}
#header_row {
    font-weight: bold;
    color: white;
    background-color: #777;
}
#result_table td {
    border: 1px solid #777;
    padding: 2px;
}
#total_row  { font-weight: bold; }
.passClass  { background-color: #6c6; }
.failClass  { background-color: #c60; }
.errorClass { background-color: #c00; }
.passCase   { color: #6c6; }
.failCase   { color: #c60; font-weight: bold; }
.errorCase  { color: #c00; font-weight: bold; }
.hiddenRow  { display: none; }
.testcase   { margin-left: 2em; }
td.testname {width: 40%}
td.small {width: 40px}

/* -- ending --------------------------------------------------------------- */
#ending {
}

</style>

</head>
<body>
<script language="javascript" type="text/javascript"><!--
output_list = Array();

/* level - 0:Summary; 1:Failed; 2:All */
function showCase(level) {
    trs = document.getElementsByTagName("tr");
    for (var i = 0; i < trs.length; i++) {
        tr = trs[i];
        id = tr.id;
        if (id.substr(0,2) == 'ft') {
            if (level < 1) {
                tr.className = 'hiddenRow';
            }
            else {
                tr.className = '';
            }
        }
        if (id.substr(0,2) == 'pt') {
            if (level > 1) {
                tr.className = '';
            }
            else {
                tr.className = 'hiddenRow';
            }
        }
    }
}


function showClassDetail(cid, count) {
    var id_list = Array(count);
    var toHide = 1;
    for (var i = 0; i < count; i++) {
        tid0 = 't' + cid.substr(1) + '.' + (i+1);
        tid = 'f' + tid0;
        tr = document.getElementById(tid);
        if (!tr) {
            tid = 'p' + tid0;
            tr = document.getElementById(tid);
        }
        id_list[i] = tid;
        if (tr.className) {
            toHide = 0;
        }
    }
    for (var i = 0; i < count; i++) {
        tid = id_list[i];
        if (toHide) {
            document.getElementById('div_'+tid).style.display = 'none'
            document.getElementById(tid).className = 'hiddenRow';
        }
        else {
            document.getElementById(tid).className = '';
        }
    }
}


function showTestDetail(div_id){
    var details_div = document.getElementById(div_id)
    var displayState = details_div.style.display
    // alert(displayState)
    if (displayState != 'block' ) {
        displayState = 'block'
        details_div.style.display = 'block'
    }
    else {
        details_div.style.display = 'none'
    }
}


function html_escape(s) {
    s = s.replace(/&/g,'&amp;');
    s = s.replace(/</g,'&lt;');
    s = s.replace(/>/g,'&gt;');
    return s;
}

/* obsoleted by detail in <div>
function showOutput(id, name) {
    var w = window.open("", //url
                    name,
                    "resizable,scrollbars,status,width=800,height=450");
    d = w.document;
    d.write("<pre>");
    d.write(html_escape(output_list[id]));
    d.write("\n");
    d.write("<a href='javascript:window.close()'>close</a>\n");
    d.write("</pre>\n");
    d.close();
}
*/
--></script>

<div class='heading'>
<h1>Unit Test Report</h1>

<p class='attribute'><strong>Status:</strong> Pass 7 Failure 1 Skip 1</p>

<p class='description'></p>
</div>



<p id='show_detail_line'>Show
<a href='javascript:showCase(0)'>Summary</a>
<a href='javascript:showCase(1)'>Failed</a>
<a href='javascript:showCase(2)'>All</a>
</p>
<table id='result_table'>
<colgroup>
<col align='left' />
<col align='right' />
<col align='right' />
<col align='right' />
<col align='right' />
<col align='right' />
<col align='right' />
<col align='right' />
</colgroup>
<tr id='header_row'>
    <td>Test Group/Test case</td>
    <td>Count</td>
    <td>Pass</td>
    <td>Fail</td>
    <td>Error</td>
    <td>Skip</td>
    <td>View</td>
    <td> </td>
</tr>

<tr class='failClass'>
    <td class="testname">tempest.scenario.test_network_basic_ops.TestNetworkBasicOps</td>
    <td class="small">9</td>
    <td class="small">7</td>
    <td class="small">1</td>
    <td class="small">0</td>
    <td class="small">1</td>
    <td class="small"><a href="javascript:showClassDetail('c1',9)"
>Detail</a></td>
    <td> </td>
</tr>

<tr id='pt1.1' class='hiddenRow'>
    <td class='none'><div class='testcase'>test_connectivity_between_vms_on_different_networks[compute,id-1546850e-fbaa-42f5-8b5f-03d8a6a95f15,network]</div></td>
    <td colspan='7' align='left'>

    <!--css div popup start-->
    <a class="popup_link" onfocus='this.blur();'
    href="javascript:showTestDetail('div_pt1.1')" >
        pass</a>

    <div id='div_pt1.1' class="popup_window">
        <div style='text-align: right; color:red;cursor:pointer'>
        <a onfocus='this.blur();'
onclick="document.getElementById('div_pt1.1').style.display = 'none' " >
           [x]</a>
        </div>
        <pre>
        
pt1.1: tempest.scenario.test_network_basic_ops.TestNetworkBasicOps.test_connectivity_between_vms_on_different_networks[compute,id-1546850e-fbaa-42f5-8b5f-03d8a6a95f15,network]

        </pre>
    </div>
    <!--css div popup end-->

    </td>
</tr>

<tr id='pt1.2' class='hiddenRow'>
    <td class='none'><div class='testcase'>test_hotplug_nic[compute,id-c5adff73-e961-41f1-b4a9-343614f18cfa,network]</div></td>
    <td colspan='7' align='left'>

    <!--css div popup start-->
    <a class="popup_link" onfocus='this.blur();'
    href="javascript:showTestDetail('div_pt1.2')" >
        pass</a>

    <div id='div_pt1.2' class="popup_window">
        <div style='text-align: right; color:red;cursor:pointer'>
        <a onfocus='this.blur();'
onclick="document.getElementById('div_pt1.2').style.display = 'none' " >
           [x]</a>
        </div>
        <pre>
        
pt1.2: tempest.scenario.test_network_basic_ops.TestNetworkBasicOps.test_hotplug_nic[compute,id-c5adff73-e961-41f1-b4a9-343614f18cfa,network]

        </pre>
    </div>
    <!--css div popup end-->

    </td>
</tr>

<tr id='pt1.3' class='hiddenRow'>
    <td class='none'><div class='testcase'>test_network_basic_ops[compute,id-f323b3ba-82f8-4db7-8ea6-6a895869ec49,network,smoke]</div></td>
    <td colspan='7' align='left'>

    <!--css div popup start-->
    <a class="popup_link" onfocus='this.blur();'
    href="javascript:showTestDetail('div_pt1.3')" >
        pass</a>

    <div id='div_pt1.3' class="popup_window">
        <div style='text-align: right; color:red;cursor:pointer'>
        <a onfocus='this.blur();'
onclick="document.getElementById('div_pt1.3').style.display = 'none' " >
           [x]</a>
        </div>
        <pre>
        
pt1.3: tempest.scenario.test_network_basic_ops.TestNetworkBasicOps.test_network_basic_ops[compute,id-f323b3ba-82f8-4db7-8ea6-6a895869ec49,network,smoke]

        </pre>
    </div>
    <!--css div popup end-->

    </td>
</tr>

<tr id='pt1.4' class='hiddenRow'>
    <td class='none'><div class='testcase'>test_port_security_macspoofing_port[compute,id-7c0bb1a2-d053-49a4-98f9-ca1a1d849f63,network]</div></td>
    <td colspan='7' align='left'>

    <!--css div popup start-->
    <a class="popup_link" onfocus='this.blur();'
    href="javascript:showTestDetail('div_pt1.4')" >
        pass</a>

    <div id='div_pt1.4' class="popup_window">
        <div style='text-align: right; color:red;cursor:pointer'>
        <a onfocus='this.blur();'
onclick="document.getElementById('div_pt1.4').style.display = 'none' " >
           [x]</a>
        </div>
        <pre>
        
pt1.4: tempest.scenario.test_network_basic_ops.TestNetworkBasicOps.test_port_security_macspoofing_port[compute,id-7c0bb1a2-d053-49a4-98f9-ca1a1d849f63,network]

        </pre>
    </div>
    <!--css div popup end-->

    </td>
</tr>

<tr id='pt1.5' class='hiddenRow'>
    <td class='none'><div class='testcase'>test_preserve_preexisting_port[compute,id-759462e1-8535-46b0-ab3a-33aa45c55aaa,network]</div></td>
    <td colspan='7' align='left'>

    <!--css div popup start-->
    <a class="popup_link" onfocus='this.blur();'
    href="javascript:showTestDetail('div_pt1.5')" >
        pass</a>

    <div id='div_pt1.5' class="popup_window">
        <div style='text-align: right; color:red;cursor:pointer'>
        <a onfocus='this.blur();'
onclick="document.getElementById('div_pt1.5').style.display = 'none' " >
           [x]</a>
        </div>
        <pre>
        
pt1.5: tempest.scenario.test_network_basic_ops.TestNetworkBasicOps.test_preserve_preexisting_port[compute,id-759462e1-8535-46b0-ab3a-33aa45c55aaa,network]

        </pre>
    </div>
    <!--css div popup end-->

    </td>
</tr>

<tr id='pt1.6' class='hiddenRow'>
    <td class='none'><div class='testcase'>test_router_rescheduling[compute,id-2e788c46-fb3f-4ac9-8f82-0561555bea73,network]</div></td>
    <td colspan='7' align='left'>

    <!--css div popup start-->
    <a class="popup_link" onfocus='this.blur();'
    href="javascript:showTestDetail('div_pt1.6')" >
        skip</a>

    <div id='div_pt1.6' class="popup_window">
        <div style='text-align: right; color:red;cursor:pointer'>
        <a onfocus='this.blur();'
onclick="document.getElementById('div_pt1.6').style.display = 'none' " >
           [x]</a>
        </div>
        <pre>
        
pt1.6: tempest.scenario.test_network_basic_ops.TestNetworkBasicOps.test_router_rescheduling[compute,id-2e788c46-fb3f-4ac9-8f82-0561555bea73,network]

        </pre>
    </div>
    <!--css div popup end-->

    </td>
</tr>

<tr id='pt1.7' class='hiddenRow'>
    <td class='none'><div class='testcase'>test_subnet_details[compute,id-d8bb918e-e2df-48b2-97cd-b73c95450980,network]</div></td>
    <td colspan='7' align='left'>

    <!--css div popup start-->
    <a class="popup_link" onfocus='this.blur();'
    href="javascript:showTestDetail('div_pt1.7')" >
        pass</a>

    <div id='div_pt1.7' class="popup_window">
        <div style='text-align: right; color:red;cursor:pointer'>
        <a onfocus='this.blur();'
onclick="document.getElementById('div_pt1.7').style.display = 'none' " >
           [x]</a>
        </div>
        <pre>
        
pt1.7: tempest.scenario.test_network_basic_ops.TestNetworkBasicOps.test_subnet_details[compute,id-d8bb918e-e2df-48b2-97cd-b73c95450980,network]

        </pre>
    </div>
    <!--css div popup end-->

    </td>
</tr>

<tr id='ft1.8' class='none'>
    <td class='failCase'><div class='testcase'>test_update_instance_port_admin_state[compute,id-f5dfcc22-45fd-409f-954c-5bd500d7890b,network]</div></td>
    <td colspan='7' align='left'>

    <!--css div popup start-->
    <a class="popup_link" onfocus='this.blur();'
    href="javascript:showTestDetail('div_ft1.8')" >
        fail</a>

    <div id='div_ft1.8' class="popup_window">
        <div style='text-align: right; color:red;cursor:pointer'>
        <a onfocus='this.blur();'
onclick="document.getElementById('div_ft1.8').style.display = 'none' " >
           [x]</a>
        </div>
        <pre>
        
ft1.8: tempest.scenario.test_network_basic_ops.TestNetworkBasicOps.test_update_instance_port_admin_state[compute,id-f5dfcc22-45fd-409f-954c-5bd500d7890b,network]_StringException: Empty attachments:
  stderr
  stdout

pythonlogging:'': {{{
2016-02-24 04:43:36,621 27058 INFO     [tempest_lib.common.rest_client] Request (TestNetworkBasicOps:test_update_instance_port_admin_state): 201 POST http://10.4.1.3:9696/v2.0/security-groups 0.327s
2016-02-24 04:43:36,622 27058 DEBUG    [tempest_lib.common.rest_client] Request - Headers: {'Content-Type': 'application/json', 'Accept': 'application/json', 'X-Auth-Token': '&lt;omitted&gt;'}
        Body: {"security_group": {"tenant_id": "5eb193f9d91a42c0b1b19d537a95ba05", "description": "tempest-secgroup-smoke-660152205 description", "name": "tempest-secgroup-smoke-660152205"}}
    Response - Headers: {'status': '201', 'content-length': '886', 'connection': 'close', 'date': 'Wed, 24 Feb 2016 04:43:36 GMT', 'content-type': 'application/json; charset=UTF-8', 'x-openstack-request-id': 'req-9cf00217-ff03-4db8-a1ac-e5e73df7704f'}
        Body: {"security_group": {"tenant_id": "5eb193f9d91a42c0b1b19d537a95ba05", "description": "tempest-secgroup-smoke-660152205 description", "id": "10371bf1-087d-4b14-985a-91be61a41d73", "security_group_rules": [{"remote_group_id": null, "direction": "egress", "remote_ip_prefix": null, "protocol": null, "ethertype": "IPv4", "tenant_id": "5eb193f9d91a42c0b1b19d537a95ba05", "port_range_max": null, "port_range_min": null, "id": "828e0b4f-e699-409b-bf79-dd3f0d26b66b", "security_group_id": "10371bf1-087d-4b14-985a-91be61a41d73"}, {"remote_group_id": null, "direction": "egress", "remote_ip_prefix": null, "protocol": null, "ethertype": "IPv6", "tenant_id": "5eb193f9d91a42c0b1b19d537a95ba05", "port_range_max": null, "port_range_min": null, "id": "cb554eba-4955-4b65-84ef-878ea4cbbfd0", "security_group_id": "10371bf1-087d-4b14-985a-91be61a41d73"}], "name": "tempest-secgroup-smoke-660152205"}}
2016-02-24 04:43:36,970 27058 INFO     [tempest_lib.common.rest_client] Request (TestNetworkBasicOps:test_update_instance_port_admin_state): 201 POST http://10.4.1.3:9696/v2.0/security-group-rules 0.346s
2016-02-24 04:43:36,970 27058 DEBUG    [tempest_lib.common.rest_client] Request - Headers: {'Content-Type': 'application/json', 'Accept': 'application/json', 'X-Auth-Token': '&lt;omitted&gt;'}
        Body: {"security_group_rule": {"direction": "ingress", "protocol": "tcp", "tenant_id": "5eb193f9d91a42c0b1b19d537a95ba05", "port_range_max": 22, "security_group_id": "10371bf1-087d-4b14-985a-91be61a41d73", "port_range_min": 22}}
    Response - Headers: {'status': '201', 'content-length': '340', 'connection': 'close', 'date': 'Wed, 24 Feb 2016 04:43:36 GMT', 'content-type': 'application/json; charset=UTF-8', 'x-openstack-request-id': 'req-5cd3d0bb-447b-4e49-9a1f-b31ba20ab373'}
        Body: {"security_group_rule": {"remote_group_id": null, "direction": "ingress", "remote_ip_prefix": null, "protocol": "tcp", "ethertype": "IPv4", "tenant_id": "5eb193f9d91a42c0b1b19d537a95ba05", "port_range_max": 22, "port_range_min": 22, "id": "af2eed8f-4c78-4461-b0c0-e64637f03fe8", "security_group_id": "10371bf1-087d-4b14-985a-91be61a41d73"}}
2016-02-24 04:43:37,322 27058 INFO     [tempest_lib.common.rest_client] Request (TestNetworkBasicOps:test_update_instance_port_admin_state): 201 POST http://10.4.1.3:9696/v2.0/security-group-rules 0.350s
2016-02-24 04:43:37,323 27058 DEBUG    [tempest_lib.common.rest_client] Request - Headers: {'Content-Type': 'application/json', 'Accept': 'application/json', 'X-Auth-Token': '&lt;omitted&gt;'}
        Body: {"security_group_rule": {"direction": "egress", "protocol": "tcp", "tenant_id": "5eb193f9d91a42c0b1b19d537a95ba05", "port_range_max": 22, "security_group_id": "10371bf1-087d-4b14-985a-91be61a41d73", "port_range_min": 22}}
    Response - Headers: {'status': '201', 'content-length': '339', 'connection': 'close', 'date': 'Wed, 24 Feb 2016 04:43:37 GMT', 'content-type': 'application/json; charset=UTF-8', 'x-openstack-request-id': 'req-38bb020b-69ae-4283-9f7a-6e82167f6c3e'}
        Body: {"security_group_rule": {"remote_group_id": null, "direction": "egress", "remote_ip_prefix": null, "protocol": "tcp", "ethertype": "IPv4", "tenant_id": "5eb193f9d91a42c0b1b19d537a95ba05", "port_range_max": 22, "port_range_min": 22, "id": "495bf0e1-5533-45af-83b9-591f6e21bddb", "security_group_id": "10371bf1-087d-4b14-985a-91be61a41d73"}}
2016-02-24 04:43:37,683 27058 INFO     [tempest_lib.common.rest_client] Request (TestNetworkBasicOps:test_update_instance_port_admin_state): 201 POST http://10.4.1.3:9696/v2.0/security-group-rules 0.359s
2016-02-24 04:43:37,684 27058 DEBUG    [tempest_lib.common.rest_client] Request - Headers: {'Content-Type': 'application/json', 'Accept': 'application/json', 'X-Auth-Token': '&lt;omitted&gt;'}
        Body: {"security_group_rule": {"tenant_id": "5eb193f9d91a42c0b1b19d537a95ba05", "direction": "ingress", "protocol": "icmp", "security_group_id": "10371bf1-087d-4b14-985a-91be61a41d73"}}
    Response - Headers: {'status': '201', 'content-length': '345', 'connection': 'close', 'date': 'Wed, 24 Feb 2016 04:43:37 GMT', 'content-type': 'application/json; charset=UTF-8', 'x-openstack-request-id': 'req-3a983fc3-78a3-4ca8-8d61-517008fb1355'}
        Body: {"security_group_rule": {"remote_group_id": null, "direction": "ingress", "remote_ip_prefix": null, "protocol": "icmp", "ethertype": "IPv4", "tenant_id": "5eb193f9d91a42c0b1b19d537a95ba05", "port_range_max": null, "port_range_min": null, "id": "39051006-a745-4f4a-8afc-8e5b0cabcc9c", "security_group_id": "10371bf1-087d-4b14-985a-91be61a41d73"}}
2016-02-24 04:43:38,017 27058 INFO     [tempest_lib.common.rest_client] Request (TestNetworkBasicOps:test_update_instance_port_admin_state): 201 POST http://10.4.1.3:9696/v2.0/security-group-rules 0.332s
2016-02-24 04:43:38,017 27058 DEBUG    [tempest_lib.common.rest_client] Request - Headers: {'Content-Type': 'application/json', 'Accept': 'application/json', 'X-Auth-Token': '&lt;omitted&gt;'}
        Body: {"security_group_rule": {"tenant_id": "5eb193f9d91a42c0b1b19d537a95ba05", "direction": "egress", "protocol": "icmp", "security_group_id": "10371bf1-087d-4b14-985a-91be61a41d73"}}
    Response - Headers: {'status': '201', 'content-length': '344', 'connection': 'close', 'date': 'Wed, 24 Feb 2016 04:43:38 GMT', 'content-type': 'application/json; charset=UTF-8', 'x-openstack-request-id': 'req-27d36b7f-bc62-4161-996d-1f8bb7f6a125'}
        Body: {"security_group_rule": {"remote_group_id": null, "direction": "egress", "remote_ip_prefix": null, "protocol": "icmp", "ethertype": "IPv4", "tenant_id": "5eb193f9d91a42c0b1b19d537a95ba05", "port_range_max": null, "port_range_min": null, "id": "fc774b89-e362-44cf-b382-1802b1dee444", "security_group_id": "10371bf1-087d-4b14-985a-91be61a41d73"}}
2016-02-24 04:43:38,349 27058 INFO     [tempest_lib.common.rest_client] Request (TestNetworkBasicOps:test_update_instance_port_admin_state): 201 POST http://10.4.1.3:9696/v2.0/security-group-rules 0.330s
2016-02-24 04:43:38,349 27058 DEBUG    [tempest_lib.common.rest_client] Request - Headers: {'Content-Type': 'application/json', 'Accept': 'application/json', 'X-Auth-Token': '&lt;omitted&gt;'}
        Body: {"security_group_rule": {"tenant_id": "5eb193f9d91a42c0b1b19d537a95ba05", "direction": "ingress", "security_group_id": "10371bf1-087d-4b14-985a-91be61a41d73", "protocol": "icmp", "ethertype": "IPv6"}}
    Response - Headers: {'status': '201', 'content-length': '345', 'connection': 'close', 'date': 'Wed, 24 Feb 2016 04:43:38 GMT', 'content-type': 'application/json; charset=UTF-8', 'x-openstack-request-id': 'req-3791e507-49a1-4301-be78-d3ae3da7087f'}
        Body: {"security_group_rule": {"remote_group_id": null, "direction": "ingress", "remote_ip_prefix": null, "protocol": "icmp", "ethertype": "IPv6", "tenant_id": "5eb193f9d91a42c0b1b19d537a95ba05", "port_range_max": null, "port_range_min": null, "id": "d876e959-db6e-4777-afea-08faea03de12", "security_group_id": "10371bf1-087d-4b14-985a-91be61a41d73"}}
2016-02-24 04:43:38,691 27058 INFO     [tempest_lib.common.rest_client] Request (TestNetworkBasicOps:test_update_instance_port_admin_state): 201 POST http://10.4.1.3:9696/v2.0/security-group-rules 0.341s
2016-02-24 04:43:38,692 27058 DEBUG    [tempest_lib.common.rest_client] Request - Headers: {'Content-Type': 'application/json', 'Accept': 'application/json', 'X-Auth-Token': '&lt;omitted&gt;'}
        Body: {"security_group_rule": {"tenant_id": "5eb193f9d91a42c0b1b19d537a95ba05", "direction": "egress", "security_group_id": "10371bf1-087d-4b14-985a-91be61a41d73", "protocol": "icmp", "ethertype": "IPv6"}}
    Response - Headers: {'status': '201', 'content-length': '344', 'connection': 'close', 'date': 'Wed, 24 Feb 2016 04:43:38 GMT', 'content-type': 'application/json; charset=UTF-8', 'x-openstack-request-id': 'req-b2096277-5a54-4f80-bff7-8d0bd9651d21'}
        Body: {"security_group_rule": {"remote_group_id": null, "direction": "egress", "remote_ip_prefix": null, "protocol": "icmp", "ethertype": "IPv6", "tenant_id": "5eb193f9d91a42c0b1b19d537a95ba05", "port_range_max": null, "port_range_min": null, "id": "bf0d491e-e4fe-4183-8b00-0a696798ec5a", "security_group_id": "10371bf1-087d-4b14-985a-91be61a41d73"}}
2016-02-24 04:43:39,181 27058 INFO     [tempest_lib.common.rest_client] Request (TestNetworkBasicOps:test_update_instance_port_admin_state): 201 POST http://10.4.1.3:9696/v2.0/networks 0.488s
2016-02-24 04:43:39,182 27058 DEBUG    [tempest_lib.common.rest_client] Request - Headers: {'Content-Type': 'application/json', 'Accept': 'application/json', 'X-Auth-Token': '&lt;omitted&gt;'}
        Body: {"network": {"tenant_id": "5eb193f9d91a42c0b1b19d537a95ba05", "name": "tempest-network-smoke--257211086"}}
    Response - Headers: {'status': '201', 'content-length': '355', 'connection': 'close', 'date': 'Wed, 24 Feb 2016 04:43:39 GMT', 'content-type': 'application/json; charset=UTF-8', 'x-openstack-request-id': 'req-5c2cd49f-77c0-4fab-9ff3-2eefa5ff65aa'}
        Body: {"network": {"status": "ACTIVE", "subnets": [], "availability_zone_hints": [], "availability_zones": [], "name": "tempest-network-smoke--257211086", "admin_state_up": true, "tenant_id": "5eb193f9d91a42c0b1b19d537a95ba05", "mtu": 1450, "router:external": false, "shared": false, "port_security_enabled": true, "id": "f1792aa2-377c-4682-8cd5-96b329bdba3f"}}
2016-02-24 04:43:39,489 27058 INFO     [tempest_lib.common.rest_client] Request (TestNetworkBasicOps:test_update_instance_port_admin_state): 201 POST http://10.4.1.3:9696/v2.0/routers 0.305s
2016-02-24 04:43:39,490 27058 DEBUG    [tempest_lib.common.rest_client] Request - Headers: {'Content-Type': 'application/json', 'Accept': 'application/json', 'X-Auth-Token': '&lt;omitted&gt;'}
        Body: {"router": {"tenant_id": "5eb193f9d91a42c0b1b19d537a95ba05", "name": "tempest-router-smoke-1603780059", "admin_state_up": true}}
    Response - Headers: {'status': '201', 'content-length': '296', 'connection': 'close', 'date': 'Wed, 24 Feb 2016 04:43:39 GMT', 'content-type': 'application/json; charset=UTF-8', 'x-openstack-request-id': 'req-c6f2f628-c6cf-4c3f-85dc-d3dd8a1b0fa8'}
        Body: {"router": {"status": "ACTIVE", "external_gateway_info": null, "availability_zone_hints": [], "availability_zones": [], "name": "tempest-router-smoke-1603780059", "admin_state_up": true, "tenant_id": "5eb193f9d91a42c0b1b19d537a95ba05", "routes": [], "id": "c886f7eb-fa86-458b-afc5-0878f667728f"}}
2016-02-24 04:43:39,782 27058 INFO     [tempest_lib.common.rest_client] Request (TestNetworkBasicOps:test_update_instance_port_admin_state): 200 GET http://10.4.1.3:9696/v2.0/routers/c886f7eb-fa86-458b-afc5-0878f667728f 0.291s
2016-02-24 04:43:39,783 27058 DEBUG    [tempest_lib.common.rest_client] Request - Headers: {'Content-Type': 'application/json', 'Accept': 'application/json', 'X-Auth-Token': '&lt;omitted&gt;'}
        Body: None
    Response - Headers: {'status': '200', 'content-length': '296', 'content-location': 'http://10.4.1.3:9696/v2.0/routers/c886f7eb-fa86-458b-afc5-0878f667728f', 'connection': 'close', 'date': 'Wed, 24 Feb 2016 04:43:39 GMT', 'content-type': 'application/json; charset=UTF-8', 'x-openstack-request-id': 'req-2545c550-cde4-45a7-ac91-e4e0e8b04fa9'}
        Body: {"router": {"status": "ACTIVE", "external_gateway_info": null, "availability_zone_hints": [], "availability_zones": [], "name": "tempest-router-smoke-1603780059", "admin_state_up": true, "tenant_id": "5eb193f9d91a42c0b1b19d537a95ba05", "routes": [], "id": "c886f7eb-fa86-458b-afc5-0878f667728f"}}
2016-02-24 04:43:40,930 27058 INFO     [tempest_lib.common.rest_client] Request (TestNetworkBasicOps:test_update_instance_port_admin_state): 200 PUT http://10.4.1.3:9696/v2.0/routers/c886f7eb-fa86-458b-afc5-0878f667728f 1.146s
2016-02-24 04:43:40,931 27058 DEBUG    [tempest_lib.common.rest_client] Request - Headers: {'Content-Type': 'application/json', 'Accept': 'application/json', 'X-Auth-Token': '&lt;omitted&gt;'}
        Body: {"router": {"external_gateway_info": {"network_id": "f8e19810-6216-4f86-b9af-4f0f30e7f6b1"}, "name": "tempest-router-smoke-1603780059", "admin_state_up": true}}
    Response - Headers: {'status': '200', 'content-length': '559', 'connection': 'close', 'date': 'Wed, 24 Feb 2016 04:43:40 GMT', 'content-type': 'application/json; charset=UTF-8', 'x-openstack-request-id': 'req-12fbe82f-89e7-4fa0-b327-b6654c60a57d'}
        Body: {"router": {"status": "ACTIVE", "external_gateway_info": {"network_id": "f8e19810-6216-4f86-b9af-4f0f30e7f6b1", "enable_snat": true, "external_fixed_ips": [{"subnet_id": "a5f2f65b-83c0-440d-9d66-29b1fd83f72b", "ip_address": "172.24.4.15"}, {"subnet_id": "8976637c-6b5c-4d2b-af0c-481559173aa5", "ip_address": "2001:db8::f"}]}, "availability_zone_hints": [], "availability_zones": [], "name": "tempest-router-smoke-1603780059", "admin_state_up": true, "tenant_id": "5eb193f9d91a42c0b1b19d537a95ba05", "routes": [], "id": "c886f7eb-fa86-458b-afc5-0878f667728f"}}
2016-02-24 04:43:41,173 27058 INFO     [tempest_lib.common.rest_client] Request (TestNetworkBasicOps:test_update_instance_port_admin_state): 200 GET http://10.4.1.3:9696/v2.0/subnets?tenant_id=5eb193f9d91a42c0b1b19d537a95ba05&amp;cidr=10.100.0.0%2F28 0.241s
2016-02-24 04:43:41,173 27058 DEBUG    [tempest_lib.common.rest_client] Request - Headers: {'Content-Type': 'application/json', 'Accept': 'application/json', 'X-Auth-Token': '&lt;omitted&gt;'}
        Body: None
    Response - Headers: {'status': '200', 'content-length': '15', 'content-location': 'http://10.4.1.3:9696/v2.0/subnets?tenant_id=5eb193f9d91a42c0b1b19d537a95ba05&amp;cidr=10.100.0.0%2F28', 'connection': 'close', 'date': 'Wed, 24 Feb 2016 04:43:41 GMT', 'content-type': 'application/json; charset=UTF-8', 'x-openstack-request-id': 'req-eb3bf7c6-dc9d-4611-9452-28a5e95eb15e'}
        Body: {"subnets": []}
2016-02-24 04:43:41,757 27058 INFO     [tempest_lib.common.rest_client] Request (TestNetworkBasicOps:test_update_instance_port_admin_state): 201 POST http://10.4.1.3:9696/v2.0/subnets 0.582s
2016-02-24 04:43:41,757 27058 DEBUG    [tempest_lib.common.rest_client] Request - Headers: {'Content-Type': 'application/json', 'Accept': 'application/json', 'X-Auth-Token': '&lt;omitted&gt;'}
        Body: {"subnet": {"ip_version": 4, "tenant_id": "5eb193f9d91a42c0b1b19d537a95ba05", "cidr": "10.100.0.0/28", "network_id": "f1792aa2-377c-4682-8cd5-96b329bdba3f", "name": "tempest-subnet-smoke-1201002849"}}
    Response - Headers: {'status': '201', 'content-length': '478', 'connection': 'close', 'date': 'Wed, 24 Feb 2016 04:43:41 GMT', 'content-type': 'application/json; charset=UTF-8', 'x-openstack-request-id': 'req-b310a30a-308a-4b7e-b59d-5fcb7351d38e'}
        Body: {"subnet": {"name": "tempest-subnet-smoke-1201002849", "enable_dhcp": true, "network_id": "f1792aa2-377c-4682-8cd5-96b329bdba3f", "tenant_id": "5eb193f9d91a42c0b1b19d537a95ba05", "dns_nameservers": [], "gateway_ip": "10.100.0.1", "ipv6_ra_mode": null, "allocation_pools": [{"start": "10.100.0.2", "end": "10.100.0.14"}], "host_routes": [], "ip_version": 4, "ipv6_address_mode": null, "cidr": "10.100.0.0/28", "id": "d18097a0-8f8e-4de8-97a4-5a623e54126f", "subnetpool_id": null}}
2016-02-24 04:43:42,846 27058 INFO     [tempest_lib.common.rest_client] Request (TestNetworkBasicOps:test_update_instance_port_admin_state): 200 PUT http://10.4.1.3:9696/v2.0/routers/c886f7eb-fa86-458b-afc5-0878f667728f/add_router_interface 1.086s
2016-02-24 04:43:42,846 27058 DEBUG    [tempest_lib.common.rest_client] Request - Headers: {'Content-Type': 'application/json', 'Accept': 'application/json', 'X-Auth-Token': '&lt;omitted&gt;'}
        Body: {"subnet_id": "d18097a0-8f8e-4de8-97a4-5a623e54126f"}
    Response - Headers: {'status': '200', 'content-length': '309', 'connection': 'close', 'date': 'Wed, 24 Feb 2016 04:43:42 GMT', 'content-type': 'application/json; charset=UTF-8', 'x-openstack-request-id': 'req-81b4b953-fe4b-4f6c-8b1d-b0bf496f4d5c'}
        Body: {"network_id": "f1792aa2-377c-4682-8cd5-96b329bdba3f", "tenant_id": "5eb193f9d91a42c0b1b19d537a95ba05", "subnet_id": "d18097a0-8f8e-4de8-97a4-5a623e54126f", "subnet_ids": ["d18097a0-8f8e-4de8-97a4-5a623e54126f"], "port_id": "3f119501-f901-4fe8-a57a-174f1269ef70", "id": "c886f7eb-fa86-458b-afc5-0878f667728f"}
2016-02-24 04:43:43,156 27058 INFO     [tempest_lib.common.rest_client] Request (TestNetworkBasicOps:test_update_instance_port_admin_state): 200 GET http://10.4.1.3:9696/v2.0/networks 0.308s
2016-02-24 04:43:43,157 27058 DEBUG    [tempest_lib.common.rest_client] Request - Headers: {'Content-Type': 'application/json', 'Accept': 'application/json', 'X-Auth-Token': '&lt;omitted&gt;'}
        Body: None
    Response - Headers: {'status': '200', 'content-length': '1535', 'content-location': 'http://10.4.1.3:9696/v2.0/networks', 'connection': 'close', 'date': 'Wed, 24 Feb 2016 04:43:43 GMT', 'content-type': 'application/json; charset=UTF-8', 'x-openstack-request-id': 'req-bb40634f-0907-4b86-841b-86b473b5700d'}
        Body: {"networks": [{"status": "ACTIVE", "subnets": ["8976637c-6b5c-4d2b-af0c-481559173aa5", "a5f2f65b-83c0-440d-9d66-29b1fd83f72b"], "availability_zone_hints": [], "availability_zones": ["nova"], "name": "public", "provider:physical_network": null, "admin_state_up": true, "tenant_id": "90a5e8cf89734134a9034e0d7496720b", "mtu": 1450, "is_default": true, "router:external": true, "shared": false, "port_security_enabled": true, "provider:network_type": "vxlan", "id": "f8e19810-6216-4f86-b9af-4f0f30e7f6b1", "provider:segmentation_id": 1023}, {"status": "ACTIVE", "subnets": ["40a05fa8-a480-4c67-b125-98aa7eb23f85", "7cb046c5-18bb-4733-88b8-c4d13dd0284b"], "availability_zone_hints": [], "availability_zones": ["nova"], "name": "private", "provider:physical_network": null, "admin_state_up": true, "tenant_id": "41fbabb9647c41f9be73c3a773da990f", "mtu": 1450, "router:external": false, "shared": false, "port_security_enabled": true, "provider:network_type": "vxlan", "id": "1c663399-a9a3-4186-bcef-b1c51b6a5ca6", "provider:segmentation_id": 1060}, {"status": "ACTIVE", "subnets": ["d18097a0-8f8e-4de8-97a4-5a623e54126f"], "availability_zone_hints": [], "availability_zones": ["nova"], "name": "tempest-network-smoke--257211086", "provider:physical_network": null, "admin_state_up": true, "tenant_id": "5eb193f9d91a42c0b1b19d537a95ba05", "mtu": 1450, "router:external": false, "shared": false, "port_security_enabled": true, "provider:network_type": "vxlan", "id": "f1792aa2-377c-4682-8cd5-96b329bdba3f", "provider:segmentation_id": 1089}]}
2016-02-24 04:43:43,478 27058 INFO     [tempest_lib.common.rest_client] Request (TestNetworkBasicOps:test_update_instance_port_admin_state): 200 GET http://10.4.1.3:9696/v2.0/subnets 0.320s
2016-02-24 04:43:43,479 27058 DEBUG    [tempest_lib.common.rest_client] Request - Headers: {'Content-Type': 'application/json', 'Accept': 'application/json', 'X-Auth-Token': '&lt;omitted&gt;'}
        Body: None
    Response - Headers: {'status': '200', 'content-length': '2408', 'content-location': 'http://10.4.1.3:9696/v2.0/subnets', 'connection': 'close', 'date': 'Wed, 24 Feb 2016 04:43:43 GMT', 'content-type': 'application/json; charset=UTF-8', 'x-openstack-request-id': 'req-a0f3f0cc-19a6-48f5-8435-b9cecd3489f0'}
        Body: {"subnets": [{"name": "ipv6-public-subnet", "enable_dhcp": false, "network_id": "f8e19810-6216-4f86-b9af-4f0f30e7f6b1", "tenant_id": "90a5e8cf89734134a9034e0d7496720b", "dns_nameservers": [], "gateway_ip": "2001:db8::2", "ipv6_ra_mode": null, "allocation_pools": [{"start": "2001:db8::1", "end": "2001:db8::1"}, {"start": "2001:db8::3", "end": "2001:db8::ffff:ffff:ffff:ffff"}], "host_routes": [], "ip_version": 6, "ipv6_address_mode": null, "cidr": "2001:db8::/64", "id": "8976637c-6b5c-4d2b-af0c-481559173aa5", "subnetpool_id": null}, {"name": "public-subnet", "enable_dhcp": false, "network_id": "f8e19810-6216-4f86-b9af-4f0f30e7f6b1", "tenant_id": "90a5e8cf89734134a9034e0d7496720b", "dns_nameservers": [], "gateway_ip": "172.24.4.1", "ipv6_ra_mode": null, "allocation_pools": [{"start": "172.24.4.2", "end": "172.24.4.254"}], "host_routes": [], "ip_version": 4, "ipv6_address_mode": null, "cidr": "172.24.4.0/24", "id": "a5f2f65b-83c0-440d-9d66-29b1fd83f72b", "subnetpool_id": null}, {"name": "tempest-subnet-smoke-1201002849", "enable_dhcp": true, "network_id": "f1792aa2-377c-4682-8cd5-96b329bdba3f", "tenant_id": "5eb193f9d91a42c0b1b19d537a95ba05", "dns_nameservers": [], "gateway_ip": "10.100.0.1", "ipv6_ra_mode": null, "allocation_pools": [{"start": "10.100.0.2", "end": "10.100.0.14"}], "host_routes": [], "ip_version": 4, "ipv6_address_mode": null, "cidr": "10.100.0.0/28", "id": "d18097a0-8f8e-4de8-97a4-5a623e54126f", "subnetpool_id": null}, {"name": "ipv6-private-subnet", "enable_dhcp": true, "network_id": "1c663399-a9a3-4186-bcef-b1c51b6a5ca6", "tenant_id": "41fbabb9647c41f9be73c3a773da990f", "dns_nameservers": [], "gateway_ip": "fd64:f8f4:701e::1", "ipv6_ra_mode": "slaac", "allocation_pools": [{"start": "fd64:f8f4:701e::2", "end": "fd64:f8f4:701e:0:ffff:ffff:ffff:ffff"}], "host_routes": [], "ip_version": 6, "ipv6_address_mode": "slaac", "cidr": "fd64:f8f4:701e::/64", "id": "40a05fa8-a480-4c67-b125-98aa7eb23f85", "subnetpool_id": null}, {"name": "private-subnet", "enable_dhcp": true, "network_id": "1c663399-a9a3-4186-bcef-b1c51b6a5ca6", "tenant_id": "41fbabb9647c41f9be73c3a773da990f", "dns_nameservers": [], "gateway_ip": "10.0.0.1", "ipv6_ra_mode": null, "allocation_pools": [{"start": "10.0.0.2", "end": "10.0.0.254"}], "host_routes": [], "ip_version": 4, "ipv6_address_mode": null, "cidr": "10.0.0.0/24", "id": "7cb046c5-18bb-4733-88b8-c4d13dd0284b", "subnetpool_id": null}]}
2016-02-24 04:43:43,732 27058 INFO     [tempest_lib.common.rest_client] Request (TestNetworkBasicOps:test_update_instance_port_admin_state): 200 GET http://10.4.1.3:9696/v2.0/routers 0.252s
2016-02-24 04:43:43,733 27058 DEBUG    [tempest_lib.common.rest_client] Request - Headers: {'Content-Type': 'application/json', 'Accept': 'application/json', 'X-Auth-Token': '&lt;omitted&gt;'}
        Body: None
    Response - Headers: {'status': '200', 'content-length': '1168', 'content-location': 'http://10.4.1.3:9696/v2.0/routers', 'connection': 'close', 'date': 'Wed, 24 Feb 2016 04:43:43 GMT', 'content-type': 'application/json; charset=UTF-8', 'x-openstack-request-id': 'req-6208ffab-cd05-43fe-b80a-3d75b456d02a'}
        Body: {"routers": [{"status": "ACTIVE", "external_gateway_info": {"network_id": "f8e19810-6216-4f86-b9af-4f0f30e7f6b1", "enable_snat": true, "external_fixed_ips": [{"subnet_id": "a5f2f65b-83c0-440d-9d66-29b1fd83f72b", "ip_address": "172.24.4.2"}, {"subnet_id": "8976637c-6b5c-4d2b-af0c-481559173aa5", "ip_address": "2001:db8::1"}]}, "availability_zone_hints": [], "availability_zones": ["nova"], "name": "router1", "admin_state_up": true, "tenant_id": "41fbabb9647c41f9be73c3a773da990f", "distributed": false, "routes": [], "ha": false, "id": "0318ba63-fc76-492a-942f-581bc215ec90"}, {"status": "ACTIVE", "external_gateway_info": {"network_id": "f8e19810-6216-4f86-b9af-4f0f30e7f6b1", "enable_snat": true, "external_fixed_ips": [{"subnet_id": "a5f2f65b-83c0-440d-9d66-29b1fd83f72b", "ip_address": "172.24.4.15"}, {"subnet_id": "8976637c-6b5c-4d2b-af0c-481559173aa5", "ip_address": "2001:db8::f"}]}, "availability_zone_hints": [], "availability_zones": ["nova"], "name": "tempest-router-smoke-1603780059", "admin_state_up": true, "tenant_id": "5eb193f9d91a42c0b1b19d537a95ba05", "distributed": false, "routes": [], "ha": false, "id": "c886f7eb-fa86-458b-afc5-0878f667728f"}]}
2016-02-24 04:43:44,140 27058 INFO     [tempest_lib.common.rest_client] Request (TestNetworkBasicOps:test_update_instance_port_admin_state): 200 POST http://10.4.1.3:8774/v2.1/5eb193f9d91a42c0b1b19d537a95ba05/os-keypairs 0.405s
2016-02-24 04:43:44,141 27058 DEBUG    [tempest_lib.common.rest_client] Request - Headers: {'Content-Type': 'application/json', 'Accept': 'application/json', 'X-Auth-Token': '&lt;omitted&gt;'}
        Body: {"keypair": {"name": "tempest-TestNetworkBasicOps-1766527709"}}
    Response - Headers: {'status': '200', 'content-length': '2321', 'x-compute-request-id': 'req-5a1557c4-17fd-449d-a9cd-813c15243ce1', 'vary': 'X-OpenStack-Nova-API-Version', 'connection': 'close', 'x-openstack-nova-api-version': '2.1', 'date': 'Wed, 24 Feb 2016 04:43:44 GMT', 'content-type': 'application/json'}
        Body: {"keypair": {"public_key": "ssh-rsa AAAAB3NzaC1yc2EAAAADAQABAAABAQDrsQtnfnuZZYzrCVwexKIYGfuhqHIj8mKBJozgT5CDZPpWBe+qvAgnvc7P5b1ylhQm14R8ODbLHvrPpAVM5U0fk64LLGoPpDoyHoZs8jmwYEBUiO/EeFavwQR01/d5lPv3oxgz4kHRUFE95PAS7WzcUJvzUVeW6a8yielV1ZFuNKi3VxENgr8n36LGft6cZ//ALzp17iKNtaCSLSpoGzwUFyDD86i5pN4oqjSfuF7+16290k60DLHX3vz4BGS67SagzmQsQmRQuqlPfRx9wHk1x9kcuxQtYSQ3Etz402bgdqcwPxwKt4qxjIFMOboKLlVLvt5FRP9tu8caELhiadWV Generated-by-Nova", "private_key": "-----BEGIN RSA PRIVATE KEY-----\nMIIEpwIBAAKCAQEA67ELZ357mWWM6wlcHsSiGBn7oahyI/JigSaM4E+Qg2T6VgXv\nqrwIJ73Oz+W9cpYUJteEfDg2yx76z6QFTOVNH5OuCyxqD6Q6Mh6GbPI5sGBAVIjv\nxHhWr8EEdNf3eZT796MYM+JB0VBRPeTwEu1s3FCb81FXlumvMonpVdWRbjSot1cR\nDYK/J9+ixn7enGf/wC86de4ijbWgki0qaBs8FBcgw/OouaTeKKo0n7he/tetvdJO\ntAyx1978+ARkuu0moM5kLEJkULqpT30cfcB5NcfZHLsULWEkNxLc+NNm4HanMD8c\nCreKsYyBTDm6Ci5VS77eRUT/bbvHGhC4YmnVlQIDAQABAoIBAAWCcf3NWx5O3Whx\nI5IkjpV5pgQ1Z9WnSN40BH8J3Rr1NVTldqDLHHWxXjBF8pPHJllyGEq/FajR5JMO\nBoGxqofeb+ca9q++6w1Y4VOSpf6VgWt4eAJjvcMGBBCnK8XP0cQML/imhVtbQUrt\nGx+WJUFRMRQTBrUkaVAJIUc8YtXsobj2hXKDUVZHTnwp/GFA4r6GjgpCmzf1V32e\nQYW+Indi8jHeyKeExJjJ8SEFJFYmHa6sWaJh6cJvImhuOBdJBqlH6sTYA2eJ5ifh\nCjlhzhXMNnK4Qhw3ZHMU8Fhss4S1J/wNJNTIX887wb0LgC9Q6re1dfnEi2wqHx70\nErMvBVECggCBAPOEjBpH+FNOZS9X9rkpnLPsf6iYm56nv/ErAC4wGxJeDbFA/Ds7\njrFC/IJw149N4UVdyT1k1d8YPhuA0yD3svRtwZ9KYiEtBLEpGtkh6kUkwm2x6qx0\nP9C6j1dBMLchi7ZNmtMIUdX+aPeVgQm5POfzuhBsCKRrS0/JPxpG+djfAoIAgQD3\nxc08HPlm52hGvKgjkf9urrTSkFjzwxvgXtzrgkBLi7DxC9OUizeTkl8sAbckso7V\nMZNgZK3GqMDS1VVFhDXcQf4OR61r/LmyVqTAnVX1TXZW4ABkTUP41oRJVTRoqL9g\n+djxIEYxFs3RxI0JaX1z7GAYK7J29tGBKYR5eA78CwKCAIAlLfmOEaryXSfJwK5k\nutu4BMXA4fvwj0AY/C28349ikIWaqIdaK8+vdMDE0aG3uXZJdvZAr2KP+02QOW0C\nvY7PDure/SZaVls/CT2WJT11bRVaVi20QtNzdOhptARSEYcZQGQBEGYePAeetW7M\nI0IPUAD6fOQc5lzLQ7iktG11FQKCAIAFDQs6Bn0vE9iUWJQ05W0HnJgjEr49eeS/\nli96vZUB9T8OKueNR6lCYOF/zCknnlw7DF+sv2CrhBUqNx8d46wVaWL8d4mZgfVn\nJU0GgC6YaZPYAYkAgnK4R+c6d3oyB/6ew3kgsT+9EHHxrMgTQQtFqbPryjhBJJbw\nwx/oOgJUMQKCAIBT25mN7LcolPkSelFT6nzkySJH7C8uVnJ5Yr1Rhp3fZp5BoszO\ny/X/qVDglzBv3f9K8BWKpAgHJCyzUtPK7sXML+XJ7MXCLuylTDm8iKS9Ql71fK6D\no+Hp2mcsJUxw3+OL8rz9Ie6tJlFtQLlSrce4PDGR+ugsl1gb1d+9v3eLkA==\n-----END RSA PRIVATE KEY-----\n", "user_id": "7bc15f246a2c40bc8026c8c795cbf350", "name": "tempest-TestNetworkBasicOps-1766527709", "fingerprint": "f7:20:03:a2:b0:6e:2f:7e:b5:c5:c4:5d:db:f4:74:06"}}
2016-02-24 04:43:44,401 27058 INFO     [tempest_lib.common.rest_client] Request (TestNetworkBasicOps:test_update_instance_port_admin_state): 200 POST http://10.4.1.3:5000/v2.0/tokens
2016-02-24 04:43:44,401 27058 DEBUG    [tempest_lib.common.rest_client] Request - Headers: {'Content-Type': 'application/json', 'Accept': 'application/json'}
        Body: &lt;omitted&gt;
    Response - Headers: {'status': '200', 'content-length': '2258', 'vary': 'X-Auth-Token', 'server': 'Apache/2.4.7 (Ubuntu)', 'connection': 'close', 'date': 'Wed, 24 Feb 2016 04:43:44 GMT', 'content-type': 'application/json', 'x-openstack-request-id': 'req-0e1c04f1-5cf2-4c83-832a-89fdf653b199'}
        Body: {"access": {"token": {"issued_at": "2016-02-24T04:43:44.391567", "expires": "2016-02-24T05:43:44Z", "id": "df9cad512a3b4d988dfc5799dd4a82d2", "tenant": {"description": "tempest-TestNetworkBasicOps-1509085582-desc", "enabled": true, "id": "5eb193f9d91a42c0b1b19d537a95ba05", "name": "tempest-TestNetworkBasicOps-1509085582"}, "audit_ids": ["P55IYzEWRmejFtYqo4EWEg"]}, "serviceCatalog": [{"endpoints": [{"adminURL": "http://10.4.1.3:9292", "region": "RegionOne", "internalURL": "http://10.4.1.3:9292", "id": "2f7b75250fed48a2990da45982fc03ba", "publicURL": "http://10.4.1.3:9292"}], "endpoints_links": [], "type": "image", "name": "glance"}, {"endpoints": [{"adminURL": "http://10.4.1.3:8774/v2.1/5eb193f9d91a42c0b1b19d537a95ba05", "region": "RegionOne", "internalURL": "http://10.4.1.3:8774/v2.1/5eb193f9d91a42c0b1b19d537a95ba05", "id": "1fb1c73e2eed43d29e804b0d7efe9cba", "publicURL": "http://10.4.1.3:8774/v2.1/5eb193f9d91a42c0b1b19d537a95ba05"}], "endpoints_links": [], "type": "compute", "name": "nova"}, {"endpoints": [{"adminURL": "http://10.4.1.3:9696/", "region": "RegionOne", "internalURL": "http://10.4.1.3:9696/", "id": "182062e55d1b446cbfaae1d9dce60b6b", "publicURL": "http://10.4.1.3:9696/"}], "endpoints_links": [], "type": "network", "name": "neutron"}, {"endpoints": [{"adminURL": "http://10.4.1.3:35357/v2.0", "region": "RegionOne", "internalURL": "http://10.4.1.3:5000/v2.0", "id": "1a5f75ab1e5c46619c216dcdd65c9a2a", "publicURL": "http://10.4.1.3:5000/v2.0"}], "endpoints_links": [], "type": "identity", "name": "keystone"}, {"endpoints": [{"adminURL": "http://10.4.1.3:8774/v2/5eb193f9d91a42c0b1b19d537a95ba05", "region": "RegionOne", "internalURL": "http://10.4.1.3:8774/v2/5eb193f9d91a42c0b1b19d537a95ba05", "id": "53df0a6e96f64352a1a16db02d76e29b", "publicURL": "http://10.4.1.3:8774/v2/5eb193f9d91a42c0b1b19d537a95ba05"}], "endpoints_links": [], "type": "compute_legacy", "name": "nova_legacy"}], "user": {"username": "tempest-TestNetworkBasicOps-974294414", "roles_links": [], "id": "7bc15f246a2c40bc8026c8c795cbf350", "roles": [{"name": "_member_"}, {"name": "Member"}], "name": "tempest-TestNetworkBasicOps-974294414"}, "metadata": {"is_admin": 0, "roles": ["9fe2ff9ee4384b1894a90878d3e92bab", "eafba7630b524f998ad829f31be17c0c"]}}}
2016-02-24 04:43:44,405 27058 DEBUG    [tempest.common.fixed_network] (TestNetworkBasicOps:test_update_instance_port_admin_state) No valid network provided or created, defaulting to fixed_network_name
2016-02-24 04:43:44,845 27058 INFO     [tempest_lib.common.rest_client] Request (TestNetworkBasicOps:test_update_instance_port_admin_state): 200 GET http://10.4.1.3:8774/v2.1/5eb193f9d91a42c0b1b19d537a95ba05/os-networks 0.439s
2016-02-24 04:43:44,846 27058 DEBUG    [tempest_lib.common.rest_client] Request - Headers: {'Content-Type': 'application/json', 'Accept': 'application/json', 'X-Auth-Token': '&lt;omitted&gt;'}
        Body: None
    Response - Headers: {'status': '200', 'content-length': '478', 'content-location': 'http://10.4.1.3:8774/v2.1/5eb193f9d91a42c0b1b19d537a95ba05/os-networks', 'x-compute-request-id': 'req-8e74e5a6-01de-4d50-985d-0fb9cfcfbe56', 'vary': 'X-OpenStack-Nova-API-Version', 'connection': 'close', 'x-openstack-nova-api-version': '2.1', 'date': 'Wed, 24 Feb 2016 04:43:44 GMT', 'content-type': 'application/json'}
        Body: {"networks": [{"cidr_v6": null, "dns2": null, "dns1": null, "gateway": null, "broadcast": null, "netmask": null, "gateway_v6": null, "cidr": null, "label": "public", "id": "f8e19810-6216-4f86-b9af-4f0f30e7f6b1", "netmask_v6": null}, {"cidr_v6": null, "dns2": null, "dns1": null, "gateway": null, "broadcast": null, "netmask": null, "gateway_v6": null, "cidr": null, "label": "tempest-network-smoke--257211086", "id": "f1792aa2-377c-4682-8cd5-96b329bdba3f", "netmask_v6": null}]}
2016-02-24 04:43:44,847 27058 WARNING  [tempest.common.fixed_network] (TestNetworkBasicOps:test_update_instance_port_admin_state) Network with name: private not found
2016-02-24 04:43:44,847 27058 INFO     [tempest.common.fixed_network] (TestNetworkBasicOps:test_update_instance_port_admin_state) Found network {} available for tenant
2016-02-24 04:43:48,084 27058 INFO     [tempest_lib.common.rest_client] Request (TestNetworkBasicOps:test_update_instance_port_admin_state): 202 POST http://10.4.1.3:8774/v2.1/5eb193f9d91a42c0b1b19d537a95ba05/servers 3.236s
2016-02-24 04:43:48,085 27058 DEBUG    [tempest_lib.common.rest_client] Request - Headers: {'Content-Type': 'application/json', 'Accept': 'application/json', 'X-Auth-Token': '&lt;omitted&gt;'}
        Body: {"server": {"name": "tempest-server-smoke-1305950895", "imageRef": "765a3ba3-4ffe-4bea-89e2-86373aea58ef", "key_name": "tempest-TestNetworkBasicOps-1766527709", "flavorRef": "42", "networks": [{"uuid": "f1792aa2-377c-4682-8cd5-96b329bdba3f"}], "security_groups": [{"name": "tempest-secgroup-smoke-660152205"}]}}
    Response - Headers: {'status': '202', 'content-length': '459', 'x-compute-request-id': 'req-fba4b9ca-a738-4968-b1d5-220c11b0aa65', 'vary': 'X-OpenStack-Nova-API-Version', 'connection': 'close', 'location': 'http://10.4.1.3:8774/v2.1/5eb193f9d91a42c0b1b19d537a95ba05/servers/6d08c315-fe75-441d-a479-007ec00ea074', 'x-openstack-nova-api-version': '2.1', 'date': 'Wed, 24 Feb 2016 04:43:48 GMT', 'content-type': 'application/json'}
        Body: {"server": {"security_groups": [{"name": "tempest-secgroup-smoke-660152205"}], "OS-DCF:diskConfig": "MANUAL", "id": "6d08c315-fe75-441d-a479-007ec00ea074", "links": [{"href": "http://10.4.1.3:8774/v2.1/5eb193f9d91a42c0b1b19d537a95ba05/servers/6d08c315-fe75-441d-a479-007ec00ea074", "rel": "self"}, {"href": "http://10.4.1.3:8774/5eb193f9d91a42c0b1b19d537a95ba05/servers/6d08c315-fe75-441d-a479-007ec00ea074", "rel": "bookmark"}], "adminPass": "CPJa3EJ6ZLx5"}}
2016-02-24 04:43:48,704 27058 INFO     [tempest_lib.common.rest_client] Request (TestNetworkBasicOps:test_update_instance_port_admin_state): 200 GET http://10.4.1.3:8774/v2.1/5eb193f9d91a42c0b1b19d537a95ba05/servers/6d08c315-fe75-441d-a479-007ec00ea074 0.614s
2016-02-24 04:43:48,705 27058 DEBUG    [tempest_lib.common.rest_client] Request - Headers: {'Content-Type': 'application/json', 'Accept': 'application/json', 'X-Auth-Token': '&lt;omitted&gt;'}
        Body: None
    Response - Headers: {'status': '200', 'content-length': '1341', 'content-location': 'http://10.4.1.3:8774/v2.1/5eb193f9d91a42c0b1b19d537a95ba05/servers/6d08c315-fe75-441d-a479-007ec00ea074', 'x-compute-request-id': 'req-d280ee0a-bb46-4bc6-b3ac-b0781e690f25', 'vary': 'X-OpenStack-Nova-API-Version', 'connection': 'close', 'x-openstack-nova-api-version': '2.1', 'date': 'Wed, 24 Feb 2016 04:43:48 GMT', 'content-type': 'application/json'}
        Body: {"server": {"status": "BUILD", "updated": "2016-02-24T04:43:48Z", "hostId": "", "addresses": {}, "links": [{"href": "http://10.4.1.3:8774/v2.1/5eb193f9d91a42c0b1b19d537a95ba05/servers/6d08c315-fe75-441d-a479-007ec00ea074", "rel": "self"}, {"href": "http://10.4.1.3:8774/5eb193f9d91a42c0b1b19d537a95ba05/servers/6d08c315-fe75-441d-a479-007ec00ea074", "rel": "bookmark"}], "key_name": "tempest-TestNetworkBasicOps-1766527709", "image": {"id": "765a3ba3-4ffe-4bea-89e2-86373aea58ef", "links": [{"href": "http://10.4.1.3:8774/5eb193f9d91a42c0b1b19d537a95ba05/images/765a3ba3-4ffe-4bea-89e2-86373aea58ef", "rel": "bookmark"}]}, "OS-EXT-STS:task_state": "scheduling", "OS-EXT-STS:vm_state": "building", "OS-SRV-USG:launched_at": null, "flavor": {"id": "42", "links": [{"href": "http://10.4.1.3:8774/5eb193f9d91a42c0b1b19d537a95ba05/flavors/42", "rel": "bookmark"}]}, "id": "6d08c315-fe75-441d-a479-007ec00ea074", "OS-SRV-USG:terminated_at": null, "OS-EXT-AZ:availability_zone": "", "user_id": "7bc15f246a2c40bc8026c8c795cbf350", "name": "tempest-server-smoke-1305950895", "created": "2016-02-24T04:43:47Z", "tenant_id": "5eb193f9d91a42c0b1b19d537a95ba05", "OS-DCF:diskConfig": "MANUAL", "os-extended-volumes:volumes_attached": [], "accessIPv4": "", "accessIPv6": "", "progress": 0, "OS-EXT-STS:power_state": 0, "config_drive": "", "metadata": {}}}
2016-02-24 04:43:50,537 27058 INFO     [tempest_lib.common.rest_client] Request (TestNetworkBasicOps:test_update_instance_port_admin_state): 200 GET http://10.4.1.3:8774/v2.1/5eb193f9d91a42c0b1b19d537a95ba05/servers/6d08c315-fe75-441d-a479-007ec00ea074 0.821s
2016-02-24 04:43:50,537 27058 DEBUG    [tempest_lib.common.rest_client] Request - Headers: {'Content-Type': 'application/json', 'Accept': 'application/json', 'X-Auth-Token': '&lt;omitted&gt;'}
        Body: None
    Response - Headers: {'status': '200', 'content-length': '1466', 'content-location': 'http://10.4.1.3:8774/v2.1/5eb193f9d91a42c0b1b19d537a95ba05/servers/6d08c315-fe75-441d-a479-007ec00ea074', 'x-compute-request-id': 'req-9b73c7fc-17eb-4126-9afb-5047362179b4', 'vary': 'X-OpenStack-Nova-API-Version', 'connection': 'close', 'x-openstack-nova-api-version': '2.1', 'date': 'Wed, 24 Feb 2016 04:43:50 GMT', 'content-type': 'application/json'}
        Body: {"server": {"status": "BUILD", "updated": "2016-02-24T04:43:49Z", "hostId": "ea1c8e8cca923870f851272e49b47ce45c0b3ec08b251be60fe64623", "addresses": {}, "links": [{"href": "http://10.4.1.3:8774/v2.1/5eb193f9d91a42c0b1b19d537a95ba05/servers/6d08c315-fe75-441d-a479-007ec00ea074", "rel": "self"}, {"href": "http://10.4.1.3:8774/5eb193f9d91a42c0b1b19d537a95ba05/servers/6d08c315-fe75-441d-a479-007ec00ea074", "rel": "bookmark"}], "key_name": "tempest-TestNetworkBasicOps-1766527709", "image": {"id": "765a3ba3-4ffe-4bea-89e2-86373aea58ef", "links": [{"href": "http://10.4.1.3:8774/5eb193f9d91a42c0b1b19d537a95ba05/images/765a3ba3-4ffe-4bea-89e2-86373aea58ef", "rel": "bookmark"}]}, "OS-EXT-STS:task_state": "spawning", "OS-EXT-STS:vm_state": "building", "OS-SRV-USG:launched_at": null, "flavor": {"id": "42", "links": [{"href": "http://10.4.1.3:8774/5eb193f9d91a42c0b1b19d537a95ba05/flavors/42", "rel": "bookmark"}]}, "id": "6d08c315-fe75-441d-a479-007ec00ea074", "security_groups": [{"name": "tempest-secgroup-smoke-660152205"}], "OS-SRV-USG:terminated_at": null, "OS-EXT-AZ:availability_zone": "nova", "user_id": "7bc15f246a2c40bc8026c8c795cbf350", "name": "tempest-server-smoke-1305950895", "created": "2016-02-24T04:43:47Z", "tenant_id": "5eb193f9d91a42c0b1b19d537a95ba05", "OS-DCF:diskConfig": "MANUAL", "os-extended-volumes:volumes_attached": [], "accessIPv4": "", "accessIPv6": "", "progress": 0, "OS-EXT-STS:power_state": 0, "config_drive": "", "metadata": {}}}
2016-02-24 04:43:50,548 27058 INFO     [tempest.common.waiters] State transition "BUILD/scheduling" ==&gt; "BUILD/spawning" after 2 second wait
2016-02-24 04:43:52,387 27058 INFO     [tempest_lib.common.rest_client] Request (TestNetworkBasicOps:test_update_instance_port_admin_state): 200 GET http://10.4.1.3:8774/v2.1/5eb193f9d91a42c0b1b19d537a95ba05/servers/6d08c315-fe75-441d-a479-007ec00ea074 0.837s
2016-02-24 04:43:52,388 27058 DEBUG    [tempest_lib.common.rest_client] Request - Headers: {'Content-Type': 'application/json', 'Accept': 'application/json', 'X-Auth-Token': '&lt;omitted&gt;'}
        Body: None
    Response - Headers: {'status': '200', 'content-length': '1466', 'content-location': 'http://10.4.1.3:8774/v2.1/5eb193f9d91a42c0b1b19d537a95ba05/servers/6d08c315-fe75-441d-a479-007ec00ea074', 'x-compute-request-id': 'req-4afb1915-84a6-46dd-a2b0-98b4e8c003f7', 'vary': 'X-OpenStack-Nova-API-Version', 'connection': 'close', 'x-openstack-nova-api-version': '2.1', 'date': 'Wed, 24 Feb 2016 04:43:52 GMT', 'content-type': 'application/json'}
        Body: {"server": {"status": "BUILD", "updated": "2016-02-24T04:43:49Z", "hostId": "ea1c8e8cca923870f851272e49b47ce45c0b3ec08b251be60fe64623", "addresses": {}, "links": [{"href": "http://10.4.1.3:8774/v2.1/5eb193f9d91a42c0b1b19d537a95ba05/servers/6d08c315-fe75-441d-a479-007ec00ea074", "rel": "self"}, {"href": "http://10.4.1.3:8774/5eb193f9d91a42c0b1b19d537a95ba05/servers/6d08c315-fe75-441d-a479-007ec00ea074", "rel": "bookmark"}], "key_name": "tempest-TestNetworkBasicOps-1766527709", "image": {"id": "765a3ba3-4ffe-4bea-89e2-86373aea58ef", "links": [{"href": "http://10.4.1.3:8774/5eb193f9d91a42c0b1b19d537a95ba05/images/765a3ba3-4ffe-4bea-89e2-86373aea58ef", "rel": "bookmark"}]}, "OS-EXT-STS:task_state": "spawning", "OS-EXT-STS:vm_state": "building", "OS-SRV-USG:launched_at": null, "flavor": {"id": "42", "links": [{"href": "http://10.4.1.3:8774/5eb193f9d91a42c0b1b19d537a95ba05/flavors/42", "rel": "bookmark"}]}, "id": "6d08c315-fe75-441d-a479-007ec00ea074", "security_groups": [{"name": "tempest-secgroup-smoke-660152205"}], "OS-SRV-USG:terminated_at": null, "OS-EXT-AZ:availability_zone": "nova", "user_id": "7bc15f246a2c40bc8026c8c795cbf350", "name": "tempest-server-smoke-1305950895", "created": "2016-02-24T04:43:47Z", "tenant_id": "5eb193f9d91a42c0b1b19d537a95ba05", "OS-DCF:diskConfig": "MANUAL", "os-extended-volumes:volumes_attached": [], "accessIPv4": "", "accessIPv6": "", "progress": 0, "OS-EXT-STS:power_state": 0, "config_drive": "", "metadata": {}}}
2016-02-24 04:43:54,201 27058 INFO     [tempest_lib.common.rest_client] Request (TestNetworkBasicOps:test_update_instance_port_admin_state): 200 GET http://10.4.1.3:8774/v2.1/5eb193f9d91a42c0b1b19d537a95ba05/servers/6d08c315-fe75-441d-a479-007ec00ea074 0.801s
2016-02-24 04:43:54,201 27058 DEBUG    [tempest_lib.common.rest_client] Request - Headers: {'Content-Type': 'application/json', 'Accept': 'application/json', 'X-Auth-Token': '&lt;omitted&gt;'}
        Body: None
    Response - Headers: {'status': '200', 'content-length': '1637', 'content-location': 'http://10.4.1.3:8774/v2.1/5eb193f9d91a42c0b1b19d537a95ba05/servers/6d08c315-fe75-441d-a479-007ec00ea074', 'x-compute-request-id': 'req-684e97bc-0532-498a-9680-945db3a7bdae', 'vary': 'X-OpenStack-Nova-API-Version', 'connection': 'close', 'x-openstack-nova-api-version': '2.1', 'date': 'Wed, 24 Feb 2016 04:43:54 GMT', 'content-type': 'application/json'}
        Body: {"server": {"status": "ACTIVE", "updated": "2016-02-24T04:43:52Z", "hostId": "ea1c8e8cca923870f851272e49b47ce45c0b3ec08b251be60fe64623", "addresses": {"tempest-network-smoke--257211086": [{"OS-EXT-IPS-MAC:mac_addr": "fa:16:3e:19:e6:76", "version": 4, "addr": "10.100.0.3", "OS-EXT-IPS:type": "fixed"}]}, "links": [{"href": "http://10.4.1.3:8774/v2.1/5eb193f9d91a42c0b1b19d537a95ba05/servers/6d08c315-fe75-441d-a479-007ec00ea074", "rel": "self"}, {"href": "http://10.4.1.3:8774/5eb193f9d91a42c0b1b19d537a95ba05/servers/6d08c315-fe75-441d-a479-007ec00ea074", "rel": "bookmark"}], "key_name": "tempest-TestNetworkBasicOps-1766527709", "image": {"id": "765a3ba3-4ffe-4bea-89e2-86373aea58ef", "links": [{"href": "http://10.4.1.3:8774/5eb193f9d91a42c0b1b19d537a95ba05/images/765a3ba3-4ffe-4bea-89e2-86373aea58ef", "rel": "bookmark"}]}, "OS-EXT-STS:task_state": null, "OS-EXT-STS:vm_state": "active", "OS-SRV-USG:launched_at": "2016-02-24T04:43:52.000000", "flavor": {"id": "42", "links": [{"href": "http://10.4.1.3:8774/5eb193f9d91a42c0b1b19d537a95ba05/flavors/42", "rel": "bookmark"}]}, "id": "6d08c315-fe75-441d-a479-007ec00ea074", "security_groups": [{"name": "tempest-secgroup-smoke-660152205"}], "OS-SRV-USG:terminated_at": null, "OS-EXT-AZ:availability_zone": "nova", "user_id": "7bc15f246a2c40bc8026c8c795cbf350", "name": "tempest-server-smoke-1305950895", "created": "2016-02-24T04:43:47Z", "tenant_id": "5eb193f9d91a42c0b1b19d537a95ba05", "OS-DCF:diskConfig": "MANUAL", "os-extended-volumes:volumes_attached": [], "accessIPv4": "", "accessIPv6": "", "progress": 0, "OS-EXT-STS:power_state": 1, "config_drive": "True", "metadata": {}}}
2016-02-24 04:43:54,214 27058 INFO     [tempest.common.waiters] State transition "BUILD/spawning" ==&gt; "ACTIVE/None" after 6 second wait
2016-02-24 04:43:54,954 27058 INFO     [tempest_lib.common.rest_client] Request (TestNetworkBasicOps:test_update_instance_port_admin_state): 200 GET http://10.4.1.3:8774/v2.1/5eb193f9d91a42c0b1b19d537a95ba05/servers/6d08c315-fe75-441d-a479-007ec00ea074 0.739s
2016-02-24 04:43:54,955 27058 DEBUG    [tempest_lib.common.rest_client] Request - Headers: {'Content-Type': 'application/json', 'Accept': 'application/json', 'X-Auth-Token': '&lt;omitted&gt;'}
        Body: None
    Response - Headers: {'status': '200', 'content-length': '1637', 'content-location': 'http://10.4.1.3:8774/v2.1/5eb193f9d91a42c0b1b19d537a95ba05/servers/6d08c315-fe75-441d-a479-007ec00ea074', 'x-compute-request-id': 'req-9f040030-50f9-4ddd-bfa3-ca33fb33b359', 'vary': 'X-OpenStack-Nova-API-Version', 'connection': 'close', 'x-openstack-nova-api-version': '2.1', 'date': 'Wed, 24 Feb 2016 04:43:54 GMT', 'content-type': 'application/json'}
        Body: {"server": {"status": "ACTIVE", "updated": "2016-02-24T04:43:52Z", "hostId": "ea1c8e8cca923870f851272e49b47ce45c0b3ec08b251be60fe64623", "addresses": {"tempest-network-smoke--257211086": [{"OS-EXT-IPS-MAC:mac_addr": "fa:16:3e:19:e6:76", "version": 4, "addr": "10.100.0.3", "OS-EXT-IPS:type": "fixed"}]}, "links": [{"href": "http://10.4.1.3:8774/v2.1/5eb193f9d91a42c0b1b19d537a95ba05/servers/6d08c315-fe75-441d-a479-007ec00ea074", "rel": "self"}, {"href": "http://10.4.1.3:8774/5eb193f9d91a42c0b1b19d537a95ba05/servers/6d08c315-fe75-441d-a479-007ec00ea074", "rel": "bookmark"}], "key_name": "tempest-TestNetworkBasicOps-1766527709", "image": {"id": "765a3ba3-4ffe-4bea-89e2-86373aea58ef", "links": [{"href": "http://10.4.1.3:8774/5eb193f9d91a42c0b1b19d537a95ba05/images/765a3ba3-4ffe-4bea-89e2-86373aea58ef", "rel": "bookmark"}]}, "OS-EXT-STS:task_state": null, "OS-EXT-STS:vm_state": "active", "OS-SRV-USG:launched_at": "2016-02-24T04:43:52.000000", "flavor": {"id": "42", "links": [{"href": "http://10.4.1.3:8774/5eb193f9d91a42c0b1b19d537a95ba05/flavors/42", "rel": "bookmark"}]}, "id": "6d08c315-fe75-441d-a479-007ec00ea074", "security_groups": [{"name": "tempest-secgroup-smoke-660152205"}], "OS-SRV-USG:terminated_at": null, "OS-EXT-AZ:availability_zone": "nova", "user_id": "7bc15f246a2c40bc8026c8c795cbf350", "name": "tempest-server-smoke-1305950895", "created": "2016-02-24T04:43:47Z", "tenant_id": "5eb193f9d91a42c0b1b19d537a95ba05", "OS-DCF:diskConfig": "MANUAL", "os-extended-volumes:volumes_attached": [], "accessIPv4": "", "accessIPv6": "", "progress": 0, "OS-EXT-STS:power_state": 1, "config_drive": "True", "metadata": {}}}
2016-02-24 04:43:54,964 27058 INFO     [tempest.scenario.manager] Tenant networks not configured to be reachable.
2016-02-24 04:43:55,197 27058 INFO     [tempest_lib.common.rest_client] Request (TestNetworkBasicOps:test_update_instance_port_admin_state): 200 GET http://10.4.1.3:9696/v2.0/ports?fixed_ip=None&amp;device_id=6d08c315-fe75-441d-a479-007ec00ea074 0.231s
2016-02-24 04:43:55,197 27058 DEBUG    [tempest_lib.common.rest_client] Request - Headers: {'Content-Type': 'application/json', 'Accept': 'application/json', 'X-Auth-Token': '&lt;omitted&gt;'}
        Body: None
    Response - Headers: {'status': '200', 'content-length': '773', 'content-location': 'http://10.4.1.3:9696/v2.0/ports?fixed_ip=None&amp;device_id=6d08c315-fe75-441d-a479-007ec00ea074', 'connection': 'close', 'date': 'Wed, 24 Feb 2016 04:43:55 GMT', 'content-type': 'application/json; charset=UTF-8', 'x-openstack-request-id': 'req-a1453378-0f42-4f59-9337-acffbd2b5131'}
        Body: {"ports": [{"status": "ACTIVE", "binding:host_id": "vagrant-ubuntu-trusty-64", "allowed_address_pairs": [], "extra_dhcp_opts": [], "device_owner": "compute:None", "port_security_enabled": true, "binding:profile": {}, "fixed_ips": [{"subnet_id": "d18097a0-8f8e-4de8-97a4-5a623e54126f", "ip_address": "10.100.0.3"}], "id": "38e309d8-0ea8-410c-b6e5-73945666d4be", "security_groups": ["10371bf1-087d-4b14-985a-91be61a41d73"], "device_id": "6d08c315-fe75-441d-a479-007ec00ea074", "name": "", "admin_state_up": true, "network_id": "f1792aa2-377c-4682-8cd5-96b329bdba3f", "dns_name": null, "binding:vif_details": {"port_filter": true}, "binding:vnic_type": "normal", "binding:vif_type": "ovs", "tenant_id": "5eb193f9d91a42c0b1b19d537a95ba05", "mac_address": "fa:16:3e:19:e6:76"}]}
2016-02-24 04:43:56,080 27058 INFO     [tempest_lib.common.rest_client] Request (TestNetworkBasicOps:test_update_instance_port_admin_state): 201 POST http://10.4.1.3:9696/v2.0/floatingips 0.882s
2016-02-24 04:43:56,080 27058 DEBUG    [tempest_lib.common.rest_client] Request - Headers: {'Content-Type': 'application/json', 'Accept': 'application/json', 'X-Auth-Token': '&lt;omitted&gt;'}
        Body: {"floatingip": {"floating_network_id": "f8e19810-6216-4f86-b9af-4f0f30e7f6b1", "tenant_id": "5eb193f9d91a42c0b1b19d537a95ba05", "fixed_ip_address": "10.100.0.3", "port_id": "38e309d8-0ea8-410c-b6e5-73945666d4be"}}
    Response - Headers: {'status': '201', 'content-length': '368', 'connection': 'close', 'date': 'Wed, 24 Feb 2016 04:43:56 GMT', 'content-type': 'application/json; charset=UTF-8', 'x-openstack-request-id': 'req-a20a53e9-9b70-4b78-b8ca-62e9edee5570'}
        Body: {"floatingip": {"floating_network_id": "f8e19810-6216-4f86-b9af-4f0f30e7f6b1", "router_id": "c886f7eb-fa86-458b-afc5-0878f667728f", "fixed_ip_address": "10.100.0.3", "floating_ip_address": "172.24.4.16", "tenant_id": "5eb193f9d91a42c0b1b19d537a95ba05", "status": "DOWN", "port_id": "38e309d8-0ea8-410c-b6e5-73945666d4be", "id": "1899e46a-6a4e-4d96-81f2-e47d904c18f3"}}
2016-02-24 04:43:56,309 27058 INFO     [tempest_lib.common.rest_client] Request (TestNetworkBasicOps:test_update_instance_port_admin_state): 200 GET http://10.4.1.3:9696/v2.0/ports?device_id=6d08c315-fe75-441d-a479-007ec00ea074 0.228s
2016-02-24 04:43:56,309 27058 DEBUG    [tempest_lib.common.rest_client] Request - Headers: {'Content-Type': 'application/json', 'Accept': 'application/json', 'X-Auth-Token': '&lt;omitted&gt;'}
        Body: None
    Response - Headers: {'status': '200', 'content-length': '773', 'content-location': 'http://10.4.1.3:9696/v2.0/ports?device_id=6d08c315-fe75-441d-a479-007ec00ea074', 'connection': 'close', 'date': 'Wed, 24 Feb 2016 04:43:56 GMT', 'content-type': 'application/json; charset=UTF-8', 'x-openstack-request-id': 'req-a774317c-c6fd-4460-a5e8-24164ceca209'}
        Body: {"ports": [{"status": "ACTIVE", "binding:host_id": "vagrant-ubuntu-trusty-64", "allowed_address_pairs": [], "extra_dhcp_opts": [], "device_owner": "compute:None", "port_security_enabled": true, "binding:profile": {}, "fixed_ips": [{"subnet_id": "d18097a0-8f8e-4de8-97a4-5a623e54126f", "ip_address": "10.100.0.3"}], "id": "38e309d8-0ea8-410c-b6e5-73945666d4be", "security_groups": ["10371bf1-087d-4b14-985a-91be61a41d73"], "device_id": "6d08c315-fe75-441d-a479-007ec00ea074", "name": "", "admin_state_up": true, "network_id": "f1792aa2-377c-4682-8cd5-96b329bdba3f", "dns_name": null, "binding:vif_details": {"port_filter": true}, "binding:vnic_type": "normal", "binding:vif_type": "ovs", "tenant_id": "5eb193f9d91a42c0b1b19d537a95ba05", "mac_address": "fa:16:3e:19:e6:76"}]}
2016-02-24 04:43:56,520 27058 INFO     [tempest_lib.common.rest_client] Request (TestNetworkBasicOps:test_update_instance_port_admin_state): 200 GET http://10.4.1.3:9696/v2.0/floatingips/1899e46a-6a4e-4d96-81f2-e47d904c18f3 0.209s
2016-02-24 04:43:56,520 27058 DEBUG    [tempest_lib.common.rest_client] Request - Headers: {'Content-Type': 'application/json', 'Accept': 'application/json', 'X-Auth-Token': '&lt;omitted&gt;'}
        Body: None
    Response - Headers: {'status': '200', 'content-length': '402', 'content-location': 'http://10.4.1.3:9696/v2.0/floatingips/1899e46a-6a4e-4d96-81f2-e47d904c18f3', 'connection': 'close', 'date': 'Wed, 24 Feb 2016 04:43:56 GMT', 'content-type': 'application/json; charset=UTF-8', 'x-openstack-request-id': 'req-dfa61252-617a-471c-ac52-f01f8f88aa4d'}
        Body: {"floatingip": {"floating_network_id": "f8e19810-6216-4f86-b9af-4f0f30e7f6b1", "router_id": "c886f7eb-fa86-458b-afc5-0878f667728f", "fixed_ip_address": "10.100.0.3", "floating_ip_address": "172.24.4.16", "dns_name": "", "tenant_id": "5eb193f9d91a42c0b1b19d537a95ba05", "status": "DOWN", "port_id": "38e309d8-0ea8-410c-b6e5-73945666d4be", "id": "1899e46a-6a4e-4d96-81f2-e47d904c18f3", "dns_domain": ""}}
2016-02-24 04:43:57,822 27058 INFO     [tempest_lib.common.rest_client] Request (TestNetworkBasicOps:test_update_instance_port_admin_state): 200 GET http://10.4.1.3:9696/v2.0/floatingips/1899e46a-6a4e-4d96-81f2-e47d904c18f3 0.299s
2016-02-24 04:43:57,822 27058 DEBUG    [tempest_lib.common.rest_client] Request - Headers: {'Content-Type': 'application/json', 'Accept': 'application/json', 'X-Auth-Token': '&lt;omitted&gt;'}
        Body: None
    Response - Headers: {'status': '200', 'content-length': '404', 'content-location': 'http://10.4.1.3:9696/v2.0/floatingips/1899e46a-6a4e-4d96-81f2-e47d904c18f3', 'connection': 'close', 'date': 'Wed, 24 Feb 2016 04:43:57 GMT', 'content-type': 'application/json; charset=UTF-8', 'x-openstack-request-id': 'req-43dd9a52-227c-4ea0-8721-e7d85e8dab5e'}
        Body: {"floatingip": {"floating_network_id": "f8e19810-6216-4f86-b9af-4f0f30e7f6b1", "router_id": "c886f7eb-fa86-458b-afc5-0878f667728f", "fixed_ip_address": "10.100.0.3", "floating_ip_address": "172.24.4.16", "dns_name": "", "tenant_id": "5eb193f9d91a42c0b1b19d537a95ba05", "status": "ACTIVE", "port_id": "38e309d8-0ea8-410c-b6e5-73945666d4be", "id": "1899e46a-6a4e-4d96-81f2-e47d904c18f3", "dns_domain": ""}}
2016-02-24 04:43:57,823 27058 INFO     [tempest.scenario.manager] FloatingIP: &lt;"FloatingIP" addr="172.24.4.16" id="1899e46a-6a4e-4d96-81f2-e47d904c18f3"&gt; is at status: ACTIVE
2016-02-24 04:43:57,824 27058 DEBUG    [tempest.scenario.manager] checking network connections to IP 172.24.4.16 with user: cirros
2016-02-24 04:43:57,824 27058 DEBUG    [tempest.scenario.manager] TestNetworkBasicOps:test_update_instance_port_admin_state begins to ping 172.24.4.16 in 120 sec and the expected result is reachable
2016-02-24 04:44:12,903 27058 DEBUG    [tempest.scenario.manager] TestNetworkBasicOps:test_update_instance_port_admin_state finishes ping 172.24.4.16 in 120 sec and the ping result is expected
2016-02-24 04:44:12,906 27058 INFO     [tempest_lib.common.ssh] Creating ssh connection to '172.24.4.16' as 'cirros' with public key authentication
2016-02-24 04:44:12,913 27058 WARNING  [tempest_lib.common.ssh] Failed to establish authenticated ssh connection to cirros@172.24.4.16 ([Errno None] Unable to connect to port 22 on  or 172.24.4.16). Number attempts: 1. Retry after 2 seconds.
2016-02-24 04:44:15,454 27058 INFO     [paramiko.transport] Connected (version 2.0, client dropbear_2012.55)
2016-02-24 04:44:15,709 27058 INFO     [paramiko.transport] Authentication (publickey) successful!
2016-02-24 04:44:15,741 27058 INFO     [tempest_lib.common.ssh] ssh connection to cirros@172.24.4.16 successfully created
2016-02-24 04:44:16,274 27058 INFO     [tempest_lib.common.rest_client] Request (TestNetworkBasicOps:test_update_instance_port_admin_state): 200 PUT http://10.4.1.3:9696/v2.0/ports/38e309d8-0ea8-410c-b6e5-73945666d4be 0.416s
2016-02-24 04:44:16,274 27058 DEBUG    [tempest_lib.common.rest_client] Request - Headers: {'Content-Type': 'application/json', 'Accept': 'application/json', 'X-Auth-Token': '&lt;omitted&gt;'}
        Body: {"port": {"admin_state_up": false}}
    Response - Headers: {'status': '200', 'content-length': '628', 'connection': 'close', 'date': 'Wed, 24 Feb 2016 04:44:16 GMT', 'content-type': 'application/json; charset=UTF-8', 'x-openstack-request-id': 'req-8f999481-089e-4cca-80d8-1e1ed898e014'}
        Body: {"port": {"status": "ACTIVE", "name": "", "allowed_address_pairs": [], "admin_state_up": false, "network_id": "f1792aa2-377c-4682-8cd5-96b329bdba3f", "dns_name": null, "extra_dhcp_opts": [], "mac_address": "fa:16:3e:19:e6:76", "binding:vnic_type": "normal", "device_owner": "compute:None", "tenant_id": "5eb193f9d91a42c0b1b19d537a95ba05", "port_security_enabled": true, "fixed_ips": [{"subnet_id": "d18097a0-8f8e-4de8-97a4-5a623e54126f", "ip_address": "10.100.0.3"}], "id": "38e309d8-0ea8-410c-b6e5-73945666d4be", "security_groups": ["10371bf1-087d-4b14-985a-91be61a41d73"], "device_id": "6d08c315-fe75-441d-a479-007ec00ea074"}}
2016-02-24 04:44:16,275 27058 DEBUG    [tempest.scenario.manager] checking network connections to IP 172.24.4.16 with user: cirros
2016-02-24 04:44:16,276 27058 DEBUG    [tempest.scenario.manager] TestNetworkBasicOps:test_update_instance_port_admin_state begins to ping 172.24.4.16 in 120 sec and the expected result is unreachable
2016-02-24 04:46:16,800 27058 DEBUG    [tempest.scenario.manager] TestNetworkBasicOps:test_update_instance_port_admin_state finishes ping 172.24.4.16 in 120 sec and the ping result is unexpected
2016-02-24 04:46:16,803 27058 ERROR    [tempest.scenario.manager] Public network connectivity check failed: after updating admin_state_up of instance port to False
2016-02-24 04:46:16.803 27058 ERROR tempest.scenario.manager Traceback (most recent call last):
2016-02-24 04:46:16.803 27058 ERROR tempest.scenario.manager   File "tempest/scenario/manager.py", line 598, in check_public_network_connectivity
2016-02-24 04:46:16.803 27058 ERROR tempest.scenario.manager     should_connect=should_connect)
2016-02-24 04:46:16.803 27058 ERROR tempest.scenario.manager   File "tempest/scenario/manager.py", line 582, in check_vm_connectivity
2016-02-24 04:46:16.803 27058 ERROR tempest.scenario.manager     msg=msg)
2016-02-24 04:46:16.803 27058 ERROR tempest.scenario.manager   File "/usr/local/lib/python2.7/dist-packages/unittest2/case.py", line 702, in assertTrue
2016-02-24 04:46:16.803 27058 ERROR tempest.scenario.manager     raise self.failureException(msg)
2016-02-24 04:46:16.803 27058 ERROR tempest.scenario.manager AssertionError: False is not true : ip address 172.24.4.16 is reachable
2016-02-24 04:46:16.803 27058 ERROR tempest.scenario.manager 
2016-02-24 04:46:17,260 27058 INFO     [tempest_lib.common.rest_client] Request (TestNetworkBasicOps:test_update_instance_port_admin_state): 200 POST http://10.4.1.3:8774/v2.1/5eb193f9d91a42c0b1b19d537a95ba05/servers/6d08c315-fe75-441d-a479-007ec00ea074/action 0.451s
2016-02-24 04:46:17,261 27058 DEBUG    [tempest_lib.common.rest_client] Request - Headers: {'Content-Type': 'application/json', 'Accept': 'application/json', 'X-Auth-Token': '&lt;omitted&gt;'}
        Body: {"os-getConsoleOutput": {}}
    Response - Headers: {'status': '200', 'content-length': '19794', 'x-compute-request-id': 'req-2de4e79a-805d-4b6b-a24d-084cb7231ecb', 'vary': 'X-OpenStack-Nova-API-Version', 'connection': 'close', 'x-openstack-nova-api-version': '2.1', 'date': 'Wed, 24 Feb 2016 04:46:17 GMT', 'content-type': 'application/json'}
        Body: {"output": "[    0.000000] Initializing cgroup subsys cpuset\n[    0.000000] Initializing cgroup subsys cpu\n[    0.000000] Linux version 3.2.0-80-virtual (buildd@batsu) (gcc version 4.6.3 (Ubuntu/Linaro 4.6.3-1ubuntu5) ) #116-Ubuntu SMP Mon Mar 23 17:28:52 UTC 2015 (Ubuntu 3.2.0-80.116-virtual 3.2.68)\n[    0.000000] Command line: root=/dev/vda console=tty0 console=ttyS0 no_timer_check\n[    0.000000] KERNEL supported cpus:\n[    0.000000]   Intel GenuineIntel\n[    0.000000]   AMD AuthenticAMD\n[    0.000000]   Centaur CentaurHauls\n[    0.000000] BIOS-provided physical RAM map:\n[    0.000000]  BIOS-e820: 0000000000000000 - 000000000009fc00 (usable)\n[    0.000000]  BIOS-e820: 000000000009fc00 - 00000000000a0000 (reserved)\n[    0.000000]  BIOS-e820: 00000000000f0000 - 0000000000100000 (reserved)\n[    0.000000]  BIOS-e820: 0000000000100000 - 0000000003ffe000 (usable)\n[    0.000000]  BIOS-e820: 0000000003ffe000 - 0000000004000000 (reserved)\n[    0.000000]  BIOS-e820: 00000000fffc0000 - 0000000100000000 (reserved)\n[    0.000000] NX (Execute Disable) protection: active\n[    0.000000] SMBIOS 2.4 present.\n[    0.000000] No AGP bridge found\n[    0.000000] last_pfn = 0x3ffe max_arch_pfn = 0x400000000\n[    0.000000] x86 PAT enabled: cpu 0, old 0x7040600070406, new 0x7010600070106\n[    0.000000] found SMP MP-table at [ffff8800000f0b00] f0b00\n[    0.000000] init_memory_mapping: 0000000000000000-0000000003ffe000\n[    0.000000] RAMDISK: 03c5e000 - 03ff0000\n[    0.000000] ACPI: RSDP 00000000000f0950 00014 (v00 BOCHS )\n[    0.000000] ACPI: RSDT 0000000003fffbc1 00034 (v01 BOCHS  BXPCRSDT 00000001 BXPC 00000001)\n[    0.000000] ACPI: FACP 0000000003fff1c0 00074 (v01 BOCHS  BXPCFACP 00000001 BXPC 00000001)\n[    0.000000] ACPI: DSDT 0000000003ffe040 01180 (v01 BOCHS  BXPCDSDT 00000001 BXPC 00000001)\n[    0.000000] ACPI: FACS 0000000003ffe000 00040\n[    0.000000] ACPI: SSDT 0000000003fff234 008DD (v01 BOCHS  BXPCSSDT 00000001 BXPC 00000001)\n[    0.000000] ACPI: APIC 0000000003fffb11 00078 (v01 BOCHS  BXPCAPIC 00000001 BXPC 00000001)\n[    0.000000] ACPI: HPET 0000000003fffb89 00038 (v01 BOCHS  BXPCHPET 00000001 BXPC 00000001)\n[    0.000000] No NUMA configuration found\n[    0.000000] Faking a node at 0000000000000000-0000000003ffe000\n[    0.000000] Initmem setup node 0 0000000000000000-0000000003ffe000\n[    0.000000]   NODE_DATA [0000000003ff6000 - 0000000003ffafff]\n[    0.000000] Zone PFN ranges:\n[    0.000000]   DMA      0x00000010 -&gt; 0x00001000\n[    0.000000]   DMA32    0x00001000 -&gt; 0x00100000\n[    0.000000]   Normal   empty\n[    0.000000] Movable zone start PFN for each node\n[    0.000000] early_node_map[2] active PFN ranges\n[    0.000000]     0: 0x00000010 -&gt; 0x0000009f\n[    0.000000]     0: 0x00000100 -&gt; 0x00003ffe\n[    0.000000] ACPI: PM-Timer IO Port: 0xb008\n[    0.000000] ACPI: LAPIC (acpi_id[0x00] lapic_id[0x00] enabled)\n[    0.000000] ACPI: LAPIC_NMI (acpi_id[0xff] dfl dfl lint[0x1])\n[    0.000000] ACPI: IOAPIC (id[0x00] address[0xfec00000] gsi_base[0])\n[    0.000000] IOAPIC[0]: apic_id 0, version 17, address 0xfec00000, GSI 0-23\n[    0.000000] ACPI: INT_SRC_OVR (bus 0 bus_irq 0 global_irq 2 dfl dfl)\n[    0.000000] ACPI: INT_SRC_OVR (bus 0 bus_irq 5 global_irq 5 high level)\n[    0.000000] ACPI: INT_SRC_OVR (bus 0 bus_irq 9 global_irq 9 high level)\n[    0.000000] ACPI: INT_SRC_OVR (bus 0 bus_irq 10 global_irq 10 high level)\n[    0.000000] ACPI: INT_SRC_OVR (bus 0 bus_irq 11 global_irq 11 high level)\n[    0.000000] Using ACPI (MADT) for SMP configuration information\n[    0.000000] ACPI: HPET id: 0x8086a201 base: 0xfed00000\n[    0.000000] SMP: Allowing 1 CPUs, 0 hotplug CPUs\n[    0.000000] PM: Registered nosave memory: 000000000009f000 - 00000000000a0000\n[    0.000000] PM: Registered nosave memory: 00000000000a0000 - 00000000000f0000\n[    0.000000] PM: Registered nosave memory: 00000000000f0000 - 0000000000100000\n[    0.000000] Allocating PCI resources starting at 4000000 (gap: 4000000:fbfc0000)\n[    0.000000] Booting paravirtualized kernel on bare hardware\n[    0.000000] setup_pe
2016-02-24 04:46:17,264 27058 DEBUG    [tempest.scenario.manager] Console output for 6d08c315-fe75-441d-a479-007ec00ea074
body=
[    0.000000] Initializing cgroup subsys cpuset
[    0.000000] Initializing cgroup subsys cpu
[    0.000000] Linux version 3.2.0-80-virtual (buildd@batsu) (gcc version 4.6.3 (Ubuntu/Linaro 4.6.3-1ubuntu5) ) #116-Ubuntu SMP Mon Mar 23 17:28:52 UTC 2015 (Ubuntu 3.2.0-80.116-virtual 3.2.68)
[    0.000000] Command line: root=/dev/vda console=tty0 console=ttyS0 no_timer_check
[    0.000000] KERNEL supported cpus:
[    0.000000]   Intel GenuineIntel
[    0.000000]   AMD AuthenticAMD
[    0.000000]   Centaur CentaurHauls
[    0.000000] BIOS-provided physical RAM map:
[    0.000000]  BIOS-e820: 0000000000000000 - 000000000009fc00 (usable)
[    0.000000]  BIOS-e820: 000000000009fc00 - 00000000000a0000 (reserved)
[    0.000000]  BIOS-e820: 00000000000f0000 - 0000000000100000 (reserved)
[    0.000000]  BIOS-e820: 0000000000100000 - 0000000003ffe000 (usable)
[    0.000000]  BIOS-e820: 0000000003ffe000 - 0000000004000000 (reserved)
[    0.000000]  BIOS-e820: 00000000fffc0000 - 0000000100000000 (reserved)
[    0.000000] NX (Execute Disable) protection: active
[    0.000000] SMBIOS 2.4 present.
[    0.000000] No AGP bridge found
[    0.000000] last_pfn = 0x3ffe max_arch_pfn = 0x400000000
[    0.000000] x86 PAT enabled: cpu 0, old 0x7040600070406, new 0x7010600070106
[    0.000000] found SMP MP-table at [ffff8800000f0b00] f0b00
[    0.000000] init_memory_mapping: 0000000000000000-0000000003ffe000
[    0.000000] RAMDISK: 03c5e000 - 03ff0000
[    0.000000] ACPI: RSDP 00000000000f0950 00014 (v00 BOCHS )
[    0.000000] ACPI: RSDT 0000000003fffbc1 00034 (v01 BOCHS  BXPCRSDT 00000001 BXPC 00000001)
[    0.000000] ACPI: FACP 0000000003fff1c0 00074 (v01 BOCHS  BXPCFACP 00000001 BXPC 00000001)
[    0.000000] ACPI: DSDT 0000000003ffe040 01180 (v01 BOCHS  BXPCDSDT 00000001 BXPC 00000001)
[    0.000000] ACPI: FACS 0000000003ffe000 00040
[    0.000000] ACPI: SSDT 0000000003fff234 008DD (v01 BOCHS  BXPCSSDT 00000001 BXPC 00000001)
[    0.000000] ACPI: APIC 0000000003fffb11 00078 (v01 BOCHS  BXPCAPIC 00000001 BXPC 00000001)
[    0.000000] ACPI: HPET 0000000003fffb89 00038 (v01 BOCHS  BXPCHPET 00000001 BXPC 00000001)
[    0.000000] No NUMA configuration found
[    0.000000] Faking a node at 0000000000000000-0000000003ffe000
[    0.000000] Initmem setup node 0 0000000000000000-0000000003ffe000
[    0.000000]   NODE_DATA [0000000003ff6000 - 0000000003ffafff]
[    0.000000] Zone PFN ranges:
[    0.000000]   DMA      0x00000010 -&gt; 0x00001000
[    0.000000]   DMA32    0x00001000 -&gt; 0x00100000
[    0.000000]   Normal   empty
[    0.000000] Movable zone start PFN for each node
[    0.000000] early_node_map[2] active PFN ranges
[    0.000000]     0: 0x00000010 -&gt; 0x0000009f
[    0.000000]     0: 0x00000100 -&gt; 0x00003ffe
[    0.000000] ACPI: PM-Timer IO Port: 0xb008
[    0.000000] ACPI: LAPIC (acpi_id[0x00] lapic_id[0x00] enabled)
[    0.000000] ACPI: LAPIC_NMI (acpi_id[0xff] dfl dfl lint[0x1])
[    0.000000] ACPI: IOAPIC (id[0x00] address[0xfec00000] gsi_base[0])
[    0.000000] IOAPIC[0]: apic_id 0, version 17, address 0xfec00000, GSI 0-23
[    0.000000] ACPI: INT_SRC_OVR (bus 0 bus_irq 0 global_irq 2 dfl dfl)
[    0.000000] ACPI: INT_SRC_OVR (bus 0 bus_irq 5 global_irq 5 high level)
[    0.000000] ACPI: INT_SRC_OVR (bus 0 bus_irq 9 global_irq 9 high level)
[    0.000000] ACPI: INT_SRC_OVR (bus 0 bus_irq 10 global_irq 10 high level)
[    0.000000] ACPI: INT_SRC_OVR (bus 0 bus_irq 11 global_irq 11 high level)
[    0.000000] Using ACPI (MADT) for SMP configuration information
[    0.000000] ACPI: HPET id: 0x8086a201 base: 0xfed00000
[    0.000000] SMP: Allowing 1 CPUs, 0 hotplug CPUs
[    0.000000] PM: Registered nosave memory: 000000000009f000 - 00000000000a0000
[    0.000000] PM: Registered nosave memory: 00000000000a0000 - 00000000000f0000
[    0.000000] PM: Registered nosave memory: 00000000000f0000 - 0000000000100000
[    0.000000] Allocating PCI resources starting at 4000000 (gap: 4000000:fbfc0000)
[    0.000000] Booting paravirtualized kernel on bare hardware
[    0.000000] setup_percpu: NR_CPUS:64 nr_cpumask_bits:64 nr_cpu_ids:1 nr_node_ids:1
[    0.000000] PERCPU: Embedded 27 pages/cpu @ffff880003a00000 s78848 r8192 d23552 u2097152
[    0.000000] Built 1 zonelists in Node order, mobility grouping on.  Total pages: 16008
[    0.000000] Policy zone: DMA32
[    0.000000] Kernel command line: root=/dev/vda console=tty0 console=ttyS0 no_timer_check
[    0.000000] PID hash table entries: 256 (order: -1, 2048 bytes)
[    0.000000] Checking aperture...
[    0.000000] No AGP bridge found
[    0.000000] Memory: 43492k/65528k available (6576k kernel code, 452k absent, 21584k reserved, 6620k data, 928k init)
[    0.000000] SLUB: Genslabs=15, HWalign=64, Order=0-3, MinObjects=0, CPUs=1, Nodes=1
[    0.000000] Hierarchical RCU implementation.
[    0.000000] 	RCU dyntick-idle grace-period acceleration is enabled.
[    0.000000] NR_IRQS:4352 nr_irqs:256 16
[    0.000000] Console: colour VGA+ 80x25
[    0.000000] console [tty0] enabled
[    0.000000] console [ttyS0] enabled
[    0.000000] allocated 1048576 bytes of page_cgroup
[    0.000000] please try 'cgroup_disable=memory' option if you don't want memory cgroups
[    0.000000] Fast TSC calibration failed
[    0.000000] TSC: Unable to calibrate against PIT
[    0.000000] TSC: using HPET reference calibration
[    0.000000] Detected 2293.429 MHz processor.
[    0.038070] Calibrating delay loop (skipped), value calculated using timer frequency.. 4586.85 BogoMIPS (lpj=9173716)
[    0.040390] pid_max: default: 32768 minimum: 301
[    0.050897] Security Framework initialized
[    0.056289] AppArmor: AppArmor initialized
[    0.056993] Yama: becoming mindful.
[    0.064643] Dentry cache hash table entries: 8192 (order: 4, 65536 bytes)
[    0.066121] Inode-cache hash table entries: 4096 (order: 3, 32768 bytes)
[    0.069068] Mount-cache hash table entries: 256
[    0.092249] Initializing cgroup subsys cpuacct
[    0.093931] Initializing cgroup subsys memory
[    0.096883] Initializing cgroup subsys devices
[    0.098033] Initializing cgroup subsys freezer
[    0.100298] Initializing cgroup subsys blkio
[    0.101573] Initializing cgroup subsys perf_event
[    0.108643] mce: CPU supports 10 MCE banks
[    0.111066] SMP alternatives: switching to UP code
[    0.473853] Freeing SMP alternatives: 24k freed
[    0.476146] ACPI: Core revision 20110623
[    0.523094] ftrace: allocating 26610 entries in 105 pages
[    0.553271] ..TIMER: vector=0x30 apic1=0 pin1=2 apic2=-1 pin2=-1
[    0.554779] CPU0: AMD QEMU Virtual CPU version 2.0.0 stepping 03
[    0.560034] Performance Events: Broken PMU hardware detected, using software events only.
[    0.578550] NMI watchdog disabled (cpu0): hardware events not enabled
[    0.581415] Brought up 1 CPUs
[    0.582374] Total of 1 processors activated (4586.85 BogoMIPS).
[    0.620368] devtmpfs: initialized
[    0.657245] EVM: security.selinux
[    0.657885] EVM: security.SMACK64
[    0.658311] EVM: security.capability
[    0.685843] print_constraints: dummy: 
[    0.688948] RTC time:  4:43:55, date: 02/24/16
[    0.692265] NET: Registered protocol family 16
[    0.702637] ACPI: bus type pci registered
[    0.709842] PCI: Using configuration type 1 for base access
[    0.749818] bio: create slab &lt;bio-0&gt; at 0
[    0.754698] ACPI: Added _OSI(Module Device)
[    0.756136] ACPI: Added _OSI(Processor Device)
[    0.756752] ACPI: Added _OSI(3.0 _SCP Extensions)
[    0.757359] ACPI: Added _OSI(Processor Aggregator Device)
[    0.833208] ACPI: Interpreter enabled
[    0.833865] ACPI: (supports S0 S3 S4 S5)
[    0.836708] ACPI: Using IOAPIC for interrupt routing
[    0.913480] ACPI: No dock devices found.
[    0.914474] HEST: Table not found.
[    0.915294] PCI: Using host bridge windows from ACPI; if necessary, use "pci=nocrs" and report a bug
[    0.922720] ACPI: PCI Root Bridge [PCI0] (domain 0000 [bus 00-ff])
[    0.932475] pci_root PNP0A03:00: host bridge window [io  0x0000-0x0cf7]
[    0.933476] pci_root PNP0A03:00: host bridge window [io  0x0d00-0xadff]
[    0.934307] pci_root PNP0A03:00: host bridge window [io  0xae0f-0xaeff]
[    0.936139] pci_root PNP0A03:00: host bridge window [io  0xaf20-0xafdf]
[    0.937420] pci_root PNP0A03:00: host bridge window [io  0xafe4-0xffff]
[    0.938322] pci_root PNP0A03:00: host bridge window [mem 0x000a0000-0x000bffff]
[    0.940159] pci_root PNP0A03:00: host bridge window [mem 0x04000000-0xfebfffff]
[    0.969052] pci 0000:00:01.3: quirk: [io  0xb000-0xb03f] claimed by PIIX4 ACPI
[    0.970071] pci 0000:00:01.3: quirk: [io  0xb100-0xb10f] claimed by PIIX4 SMB
[    1.050366]  pci0000:00: Unable to request _OSC control (_OSC support mask: 0x1e)
[    1.120151] ACPI: PCI Interrupt Link [LNKA] (IRQs 5 *10 11)
[    1.124911] ACPI: PCI Interrupt Link [LNKB] (IRQs 5 *10 11)
[    1.128475] ACPI: PCI Interrupt Link [LNKC] (IRQs 5 10 *11)
[    1.130497] ACPI: PCI Interrupt Link [LNKD] (IRQs 5 10 *11)
[    1.133552] ACPI: PCI Interrupt Link [LNKS] (IRQs *9)
[    1.144789] vgaarb: device added: PCI:0000:00:02.0,decodes=io+mem,owns=io+mem,locks=none
[    1.146711] vgaarb: loaded
[    1.147379] vgaarb: bridge control possible 0000:00:02.0
[    1.155098] i2c-core: driver [aat2870] using legacy suspend method
[    1.156181] i2c-core: driver [aat2870] using legacy resume method
[    1.161263] SCSI subsystem initialized
[    1.165961] usbcore: registered new interface driver usbfs
[    1.168002] usbcore: registered new interface driver hub
[    1.168747] usbcore: registered new device driver usb
[    1.174732] PCI: Using ACPI for IRQ routing
[    1.188501] NetLabel: Initializing
[    1.188983] NetLabel:  domain hash size = 128
[    1.189566] NetLabel:  protocols = UNLABELED CIPSOv4
[    1.192166] NetLabel:  unlabeled traffic allowed by default
[    1.194488] HPET: 3 timers in total, 0 timers will be used for per-cpu timer
[    1.196231] hpet0: at MMIO 0xfed00000, IRQs 2, 8, 0
[    1.197165] hpet0: 3 comparators, 64-bit 100.000000 MHz counter
[    1.210205] Switching to clocksource hpet
[    1.506132] AppArmor: AppArmor Filesystem Enabled
[    1.507407] pnp: PnP ACPI init
[    1.508155] ACPI: bus type pnp registered
[    1.531352] pnp: PnP ACPI: found 9 devices
[    1.532115] ACPI: ACPI bus type pnp unregistered
[    1.591429] NET: Registered protocol family 2
[    1.629821] IP route cache hash table entries: 512 (order: 0, 4096 bytes)
[    1.638269] TCP established hash table entries: 2048 (order: 3, 32768 bytes)
[    1.638961] TCP bind hash table entries: 2048 (order: 3, 32768 bytes)
[    1.641805] TCP: Hash tables configured (established 2048 bind 2048)
[    1.642629] TCP reno registered
[    1.643168] UDP hash table entries: 128 (order: 0, 4096 bytes)
[    1.644114] UDP-Lite hash table entries: 128 (order: 0, 4096 bytes)
[    1.647137] NET: Registered protocol family 1
[    1.648476] pci 0000:00:00.0: Limiting direct PCI/PCI transfers
[    1.649984] pci 0000:00:01.0: PIIX3: Enabling Passive Release
[    1.650743] pci 0000:00:01.0: Activating ISA DMA hang workarounds
[    1.655860] ACPI: PCI Interrupt Link [LNKD] enabled at IRQ 11
[    1.657773] pci 0000:00:01.2: PCI INT D -&gt; Link[LNKD] -&gt; GSI 11 (level, high) -&gt; IRQ 11
[    1.659898] pci 0000:00:01.2: PCI INT D disabled
[    1.679920] Trying to unpack rootfs image as initramfs...
[    1.699485] audit: initializing netlink socket (disabled)
[    1.701845] type=2000 audit(1456289035.700:1): initialized
[    1.987441] HugeTLB registered 2 MB page size, pre-allocated 0 pages
[    2.067823] VFS: Disk quotas dquot_6.5.2
[    2.070036] Dquot-cache hash table entries: 512 (order 0, 4096 bytes)
[    2.086927] fuse init (API version 7.17)
[    2.091349] msgmni has been set to 84
[    2.135188] Block layer SCSI generic (bsg) driver version 0.4 loaded (major 253)
[    2.137642] io scheduler noop registered
[    2.138078] io scheduler deadline registered (default)
[    2.139174] io scheduler cfq registered
[    2.143108] pci_hotplug: PCI Hot Plug PCI Core version: 0.5
[    2.145463] pciehp: PCI Express Hot Plug Controller Driver version: 0.4
[    2.151559] input: Power Button as /devices/LNXSYSTM:00/LNXPWRBN:00/input/input0
[    2.154479] ACPI: Power Button [PWRF]
[    2.227687] ERST: Table is not found!
[    2.228851] GHES: HEST is not enabled!
[    2.231967] ACPI: PCI Interrupt Link [LNKC] enabled at IRQ 10
[    2.233817] virtio-pci 0000:00:03.0: PCI INT A -&gt; Link[LNKC] -&gt; GSI 10 (level, high) -&gt; IRQ 10
[    2.237888] virtio-pci 0000:00:04.0: PCI INT A -&gt; Link[LNKD] -&gt; GSI 11 (level, high) -&gt; IRQ 11
[    2.251652] ACPI: PCI Interrupt Link [LNKA] enabled at IRQ 10
[    2.253039] virtio-pci 0000:00:05.0: PCI INT A -&gt; Link[LNKA] -&gt; GSI 10 (level, high) -&gt; IRQ 10
[    2.266090] Serial: 8250/16550 driver, 32 ports, IRQ sharing enabled
[    2.310787] serial8250: ttyS0 at I/O 0x3f8 (irq = 4) is a 16550A
[    2.398291] serial8250: ttyS1 at I/O 0x2f8 (irq = 3) is a 16550A
[    2.521353] 00:05: ttyS0 at I/O 0x3f8 (irq = 4) is a 16550A
[    2.602656] 00:06: ttyS1 at I/O 0x2f8 (irq = 3) is a 16550A
[    2.642037] Linux agpgart interface v0.103
[    2.665442] Refined TSC clocksource calibration: 2293.462 MHz.
[    2.666266] Switching to clocksource tsc
[    2.705594] brd: module loaded
[    2.739109] loop: module loaded
[    2.802758]  vda: unknown partition table
[    2.841754] scsi0 : ata_piix
[    2.844137] scsi1 : ata_piix
[    2.846164] ata1: PATA max MWDMA2 cmd 0x1f0 ctl 0x3f6 bmdma 0xc0a0 irq 14
[    2.846995] ata2: PATA max MWDMA2 cmd 0x170 ctl 0x376 bmdma 0xc0a8 irq 15
[    2.857607] Fixed MDIO Bus: probed
[    2.858506] tun: Universal TUN/TAP device driver, 1.6
[    2.859180] tun: (C) 1999-2004 Max Krasnyansky &lt;maxk@qualcomm.com&gt;
[    2.875289] PPP generic driver version 2.4.2
[    2.896731] ehci_hcd: USB 2.0 'Enhanced' Host Controller (EHCI) Driver
[    2.898210] ohci_hcd: USB 1.1 'Open' Host Controller (OHCI) Driver
[    2.899193] uhci_hcd: USB Universal Host Controller Interface driver
[    2.902479] uhci_hcd 0000:00:01.2: PCI INT D -&gt; Link[LNKD] -&gt; GSI 11 (level, high) -&gt; IRQ 11
[    2.906235] uhci_hcd 0000:00:01.2: UHCI Host Controller
[    2.922482] uhci_hcd 0000:00:01.2: new USB bus registered, assigned bus number 1
[    2.926608] uhci_hcd 0000:00:01.2: irq 11, io base 0x0000c040
[    2.959832] hub 1-0:1.0: USB hub found
[    2.962289] hub 1-0:1.0: 2 ports detected
[    2.970373] usbcore: registered new interface driver libusual
[    2.973924] i8042: PNP: PS/2 Controller [PNP0303:KBD,PNP0f13:MOU] at 0x60,0x64 irq 1,12
[    2.983595] serio: i8042 KBD port at 0x60,0x64 irq 1
[    2.986712] serio: i8042 AUX port at 0x60,0x64 irq 12
[    3.027541] mousedev: PS/2 mouse device common for all mice
[    3.047338] input: AT Translated Set 2 keyboard as /devices/platform/i8042/serio0/input/input1
[    3.071304] rtc_cmos 00:01: RTC can wake from S4
[    3.090126] ata2.01: ATAPI: QEMU DVD-ROM, 2.0.0, max UDMA/100
[    3.097861] rtc_cmos 00:01: rtc core: registered rtc_cmos as rtc0
[    3.101506] rtc0: alarms up to one day, 114 bytes nvram, hpet irqs
[    3.105128] device-mapper: uevent: version 1.0.3
[    3.115367] ata2.01: configured for MWDMA2
[    3.143855] device-mapper: ioctl: 4.22.0-ioctl (2011-10-19) initialised: dm-devel@redhat.com
[    3.146052] cpuidle: using governor ladder
[    3.146545] cpuidle: using governor menu
[    3.147870] EFI Variables Facility v0.08 2004-May-17
[    3.157697] TCP cubic registered
[    3.161307] NET: Registered protocol family 10
[    3.193693] NET: Registered protocol family 17
[    3.195200] Registering the dns_resolver key type
[    3.203591] scsi 1:0:1:0: CD-ROM            QEMU     QEMU DVD-ROM     2.0. PQ: 0 ANSI: 5
[    3.245571] sr0: scsi3-mmc drive: 4x/4x cd/rw xa/form2 tray
[    3.247259] cdrom: Uniform CD-ROM driver Revision: 3.20
[    3.260508] sr 1:0:1:0: Attached scsi generic sg0 type 5
[    3.315147] registered taskstats version 1
[    3.403461] Freeing initrd memory: 3656k freed
[    3.921502]   Magic number: 4:883:717
[    3.933439] rtc_cmos 00:01: setting system clock to 2016-02-24 04:43:58 UTC (1456289038)
[    3.936119] powernow-k8: Processor cpuid 663 not supported
[    3.946350] BIOS EDD facility v0.16 2004-Jun-25, 0 devices found
[    3.949840] EDD information not available.
[    4.017420] Freeing unused kernel memory: 928k freed
[    4.023599] Write protecting the kernel read-only data: 12288k
[    4.158744] Freeing unused kernel memory: 1596k freed
[    4.247192] Freeing unused kernel memory: 1184k freed

info: initramfs: up at 4.41
modprobe: module virtio_blk not found in modules.dep
modprobe: module virtio_net not found in modules.dep
info: copying initramfs to /dev/vda
info: initramfs loading root from /dev/vda
info: /etc/init.d/rc.sysinit: up at 8.88
info: container: none
Starting logging: OK
modprobe: module virtio_blk not found in modules.dep
modprobe: module virtio_net not found in modules.dep
WARN: /etc/rc3.d/S10-load-modules failed
Initializing random number generator... done.
Starting acpid: OK
cirros-ds 'local' up at 11.43
found datasource (configdrive, local)
Starting network...
udhcpc (v1.20.1) started
Sending discover...
Sending select for 10.100.0.3...
Lease of 10.100.0.3 obtained, lease time 86400
route: SIOCADDRT: File exists
WARN: failed: route add -net "0.0.0.0/0" gw "10.100.0.1"
Starting dropbear sshd: generating rsa key... generating dsa key... OK
no userdata for datasource
=== system information ===
Platform: OpenStack Foundation OpenStack Nova
Container: none
Arch: x86_64
CPU(s): 1 @ 2293.429 MHz
Cores/Sockets/Threads: 1/1/1
Virt-type: AMD-V
RAM Size: 49MB
Disks:
NAME MAJ:MIN     SIZE LABEL         MOUNTPOINT
vda  253:0   25165824 cirros-rootfs /
sr0   11:0     432128 config-2      
=== sshd host keys ===
-----BEGIN SSH HOST KEY KEYS-----
ssh-rsa AAAAB3NzaC1yc2EAAAADAQABAAAAgwC89jTirm5uXG763Hmqno83UGpmrwD/YAYtDW7tzpixCc0vULDDhDGXlUBj1jpanjTvVZ+6uocNe/pnA+7Bpsj20a0aMwdyer1iQN+sw+c4+oRdefqHvpcjuaKF9hE1z6DAIr+/IuclzbL12GX5nVvzFLREH/phY8ij5blmQdDb5URB root@tempest-server-smoke-1305950895
ssh-dss AAAAB3NzaC1kc3MAAACBAOqNXRLJDusjKd8rfmN+L1e+DxbeGEoQMqrkFaXq/ZGHHR1K5fTLCYp3X5MzUdZlNBOTrRsEMQB2Q3DlDlg3lCvpOPyxeTBoMBfuzzl3Dm3gJsFW08cMqI8GmpqVEdMsas8lvvbL9z/rx3Qk0rIdy6WNtJK84OzctwP/QBD5bJPdAAAAFQC/Fw8ySmijeMCnHyfundPTo4K8YQAAAIByZUcG0bL/c52fY1LpLdXftyPzFH1nouiw/IZ1Osoi1S8QVmlU5dpKXDL9oEWp36ptNoy1gui4OUw4DQGDDYAaQ1LRG1111ahbJbFpllHQNekMOm21Nfvb8Xkzd4Zu8F9M970qc2HYB73/emKbAa14wvhtf9E9eKtEg9zTV3q6TAAAAIEAwzx5iwX6s9tx3ZeGK5r+s2U7y7swcJuf1TsnfeIiapM09EbHxp1kSUqGwyeJD4Q5HQPVNQ57DlqQs1/a+Q8cAxnvENYiZI/Gdt6ZvDlpuQ0MYiwsq698V+xbT0Tio9fcWdAw92zqiSeIeYEnW2MCRJ0h8NJy+tCiHVfVuWUDflQ= root@tempest-server-smoke-1305950895
-----END SSH HOST KEY KEYS-----
=== network info ===
if-info: lo,up,127.0.0.1,8,::1
if-info: eth0,up,10.100.0.3,28,fe80::f816:3eff:fe19:e676
ip-route:default via 10.100.0.1 dev eth0 
ip-route:10.100.0.0/28 dev eth0  src 10.100.0.3 
ip-route:169.254.169.254 via 10.100.0.1 dev eth0 
=== datasource: configdrive local ===
instance-id: 6d08c315-fe75-441d-a479-007ec00ea074
name: tempest-server-smoke-1305950895
availability-zone: nova
local-hostname: tempest-server-smoke-1305950895.novalocal
launch-index: 0
=== cirros: current=0.3.4 uptime=21.65 ===
  ____               ____  ____
 / __/ __ ____ ____ / __ \/ __/
/ /__ / // __// __// /_/ /\ \ 
\___//_//_/  /_/   \____/___/ 
   http://cirros-cloud.net


login as 'cirros' user. default password: 'cubswin:)'. use 'sudo' for root.
tempest-server-smoke-1305950895 login: 
2016-02-24 04:46:17,862 27058 INFO     [tempest_lib.common.rest_client] Request (TestNetworkBasicOps:_run_cleanups): 204 DELETE http://10.4.1.3:9696/v2.0/floatingips/1899e46a-6a4e-4d96-81f2-e47d904c18f3 0.592s
2016-02-24 04:46:17,863 27058 DEBUG    [tempest_lib.common.rest_client] Request - Headers: {'Content-Type': 'application/json', 'Accept': 'application/json', 'X-Auth-Token': '&lt;omitted&gt;'}
        Body: None
    Response - Headers: {'date': 'Wed, 24 Feb 2016 04:46:17 GMT', 'status': '204', 'connection': 'close', 'content-length': '0', 'x-openstack-request-id': 'req-2ddb4fac-cf70-49d1-b3ab-53036fe0b789'}
        Body: 
2016-02-24 04:46:18,486 27058 INFO     [tempest_lib.common.rest_client] Request (TestNetworkBasicOps:_run_cleanups): 204 DELETE http://10.4.1.3:8774/v2.1/5eb193f9d91a42c0b1b19d537a95ba05/servers/6d08c315-fe75-441d-a479-007ec00ea074 0.622s
2016-02-24 04:46:18,487 27058 DEBUG    [tempest_lib.common.rest_client] Request - Headers: {'Content-Type': 'application/json', 'Accept': 'application/json', 'X-Auth-Token': '&lt;omitted&gt;'}
        Body: None
    Response - Headers: {'status': '204', 'content-length': '0', 'x-compute-request-id': 'req-37ba9e29-fa4b-428a-a3eb-0246281f041b', 'vary': 'X-OpenStack-Nova-API-Version', 'connection': 'close', 'x-openstack-nova-api-version': '2.1', 'date': 'Wed, 24 Feb 2016 04:46:18 GMT', 'content-type': 'application/json'}
        Body: 
2016-02-24 04:46:19,295 27058 INFO     [tempest_lib.common.rest_client] Request (TestNetworkBasicOps:_run_cleanups): 200 GET http://10.4.1.3:8774/v2.1/5eb193f9d91a42c0b1b19d537a95ba05/servers/6d08c315-fe75-441d-a479-007ec00ea074 0.807s
2016-02-24 04:46:19,296 27058 DEBUG    [tempest_lib.common.rest_client] Request - Headers: {'Content-Type': 'application/json', 'Accept': 'application/json', 'X-Auth-Token': '&lt;omitted&gt;'}
        Body: None
    Response - Headers: {'status': '200', 'content-length': '1761', 'content-location': 'http://10.4.1.3:8774/v2.1/5eb193f9d91a42c0b1b19d537a95ba05/servers/6d08c315-fe75-441d-a479-007ec00ea074', 'x-compute-request-id': 'req-db7f5ade-9a26-4bb2-9bcf-45693e11ea04', 'vary': 'X-OpenStack-Nova-API-Version', 'connection': 'close', 'x-openstack-nova-api-version': '2.1', 'date': 'Wed, 24 Feb 2016 04:46:19 GMT', 'content-type': 'application/json'}
        Body: {"server": {"status": "ACTIVE", "updated": "2016-02-24T04:46:18Z", "hostId": "ea1c8e8cca923870f851272e49b47ce45c0b3ec08b251be60fe64623", "addresses": {"tempest-network-smoke--257211086": [{"OS-EXT-IPS-MAC:mac_addr": "fa:16:3e:19:e6:76", "version": 4, "addr": "10.100.0.3", "OS-EXT-IPS:type": "fixed"}, {"OS-EXT-IPS-MAC:mac_addr": "fa:16:3e:19:e6:76", "version": 4, "addr": "172.24.4.16", "OS-EXT-IPS:type": "floating"}]}, "links": [{"href": "http://10.4.1.3:8774/v2.1/5eb193f9d91a42c0b1b19d537a95ba05/servers/6d08c315-fe75-441d-a479-007ec00ea074", "rel": "self"}, {"href": "http://10.4.1.3:8774/5eb193f9d91a42c0b1b19d537a95ba05/servers/6d08c315-fe75-441d-a479-007ec00ea074", "rel": "bookmark"}], "key_name": "tempest-TestNetworkBasicOps-1766527709", "image": {"id": "765a3ba3-4ffe-4bea-89e2-86373aea58ef", "links": [{"href": "http://10.4.1.3:8774/5eb193f9d91a42c0b1b19d537a95ba05/images/765a3ba3-4ffe-4bea-89e2-86373aea58ef", "rel": "bookmark"}]}, "OS-EXT-STS:task_state": "deleting", "OS-EXT-STS:vm_state": "active", "OS-SRV-USG:launched_at": "2016-02-24T04:43:52.000000", "flavor": {"id": "42", "links": [{"href": "http://10.4.1.3:8774/5eb193f9d91a42c0b1b19d537a95ba05/flavors/42", "rel": "bookmark"}]}, "id": "6d08c315-fe75-441d-a479-007ec00ea074", "security_groups": [{"name": "tempest-secgroup-smoke-660152205"}], "OS-SRV-USG:terminated_at": null, "OS-EXT-AZ:availability_zone": "nova", "user_id": "7bc15f246a2c40bc8026c8c795cbf350", "name": "tempest-server-smoke-1305950895", "created": "2016-02-24T04:43:47Z", "tenant_id": "5eb193f9d91a42c0b1b19d537a95ba05", "OS-DCF:diskConfig": "MANUAL", "os-extended-volumes:volumes_attached": [], "accessIPv4": "", "accessIPv6": "", "progress": 0, "OS-EXT-STS:power_state": 1, "config_drive": "True", "metadata": {}}}
2016-02-24 04:46:20,855 27058 INFO     [tempest_lib.common.rest_client] Request (TestNetworkBasicOps:_run_cleanups): 200 GET http://10.4.1.3:8774/v2.1/5eb193f9d91a42c0b1b19d537a95ba05/servers/6d08c315-fe75-441d-a479-007ec00ea074 0.541s
2016-02-24 04:46:20,855 27058 DEBUG    [tempest_lib.common.rest_client] Request - Headers: {'Content-Type': 'application/json', 'Accept': 'application/json', 'X-Auth-Token': '&lt;omitted&gt;'}
        Body: None
