<?xml version="1.0" encoding="UTF-8"?>
<!DOCTYPE html PUBLIC "-//W3C//DTD XHTML 1.0 Strict//EN"
     "http://www.w3.org/TR/xhtml1/DTD/xhtml1-strict.dtd">
<html xmlns="http://www.w3.org/1999/xhtml">
<head>
    <title>Unit Test Report</title>
    <meta name="generator" content="subunit2html 0.1"/>
    <meta http-equiv="Content-Type" content="text/html; charset=UTF-8"/>
    
<style type="text/css" media="screen">
body        { font-family: verdana, arial, helvetica, sans-serif;
    font-size: 80%; }
table       { font-size: 100%; width: 100%;}
pre         { font-size: 80%; }

/* -- heading -------------------------------------------------------------- */
h1 {
        font-size: 16pt;
        color: gray;
}
.heading {
    margin-top: 0ex;
    margin-bottom: 1ex;
}

.heading .attribute {
    margin-top: 1ex;
    margin-bottom: 0;
}

.heading .description {
    margin-top: 4ex;
    margin-bottom: 6ex;
}

/* -- css div popup -------------------------------------------------------- */
a.popup_link {
}

a.popup_link:hover {
    color: red;
}

.popup_window {
    display: none;
    overflow-x: scroll;
    /*border: solid #627173 1px; */
    padding: 10px;
    background-color: #E6E6D6;
    font-family: "Ubuntu Mono", "Lucida Console", "Courier New", monospace;
    text-align: left;
    font-size: 8pt;
}

}
/* -- report --------------------------------------------------------------- */
#show_detail_line {
    margin-top: 3ex;
    margin-bottom: 1ex;
}
#result_table {
    width: 100%;
    border-collapse: collapse;
    border: 1px solid #777;
}
#header_row {
    font-weight: bold;
    color: white;
    background-color: #777;
}
#result_table td {
    border: 1px solid #777;
    padding: 2px;
}
#total_row  { font-weight: bold; }
.passClass  { background-color: #6c6; }
.failClass  { background-color: #c60; }
.errorClass { background-color: #c00; }
.passCase   { color: #6c6; }
.failCase   { color: #c60; font-weight: bold; }
.errorCase  { color: #c00; font-weight: bold; }
.hiddenRow  { display: none; }
.testcase   { margin-left: 2em; }
td.testname {width: 40%}
td.small {width: 40px}

/* -- ending --------------------------------------------------------------- */
#ending {
}

</style>

</head>
<body>
<script language="javascript" type="text/javascript"><!--
output_list = Array();

/* level - 0:Summary; 1:Failed; 2:All */
function showCase(level) {
    trs = document.getElementsByTagName("tr");
    for (var i = 0; i < trs.length; i++) {
        tr = trs[i];
        id = tr.id;
        if (id.substr(0,2) == 'ft') {
            if (level < 1) {
                tr.className = 'hiddenRow';
            }
            else {
                tr.className = '';
            }
        }
        if (id.substr(0,2) == 'pt') {
            if (level > 1) {
                tr.className = '';
            }
            else {
                tr.className = 'hiddenRow';
            }
        }
    }
}


function showClassDetail(cid, count) {
    var id_list = Array(count);
    var toHide = 1;
    for (var i = 0; i < count; i++) {
        tid0 = 't' + cid.substr(1) + '.' + (i+1);
        tid = 'f' + tid0;
        tr = document.getElementById(tid);
        if (!tr) {
            tid = 'p' + tid0;
            tr = document.getElementById(tid);
        }
        id_list[i] = tid;
        if (tr.className) {
            toHide = 0;
        }
    }
    for (var i = 0; i < count; i++) {
        tid = id_list[i];
        if (toHide) {
            document.getElementById('div_'+tid).style.display = 'none'
            document.getElementById(tid).className = 'hiddenRow';
        }
        else {
            document.getElementById(tid).className = '';
        }
    }
}


function showTestDetail(div_id){
    var details_div = document.getElementById(div_id)
    var displayState = details_div.style.display
    // alert(displayState)
    if (displayState != 'block' ) {
        displayState = 'block'
        details_div.style.display = 'block'
    }
    else {
        details_div.style.display = 'none'
    }
}


function html_escape(s) {
    s = s.replace(/&/g,'&amp;');
    s = s.replace(/</g,'&lt;');
    s = s.replace(/>/g,'&gt;');
    return s;
}

/* obsoleted by detail in <div>
function showOutput(id, name) {
    var w = window.open("", //url
                    name,
                    "resizable,scrollbars,status,width=800,height=450");
    d = w.document;
    d.write("<pre>");
    d.write(html_escape(output_list[id]));
    d.write("\n");
    d.write("<a href='javascript:window.close()'>close</a>\n");
    d.write("</pre>\n");
    d.close();
}
*/
--></script>

<div class='heading'>
<h1>Unit Test Report</h1>

<p class='attribute'><strong>Status:</strong> Pass 1 Failure 7 Skip 1</p>

<p class='description'></p>
</div>



<p id='show_detail_line'>Show
<a href='javascript:showCase(0)'>Summary</a>
<a href='javascript:showCase(1)'>Failed</a>
<a href='javascript:showCase(2)'>All</a>
</p>
<table id='result_table'>
<colgroup>
<col align='left' />
<col align='right' />
<col align='right' />
<col align='right' />
<col align='right' />
<col align='right' />
<col align='right' />
<col align='right' />
</colgroup>
<tr id='header_row'>
    <td>Test Group/Test case</td>
    <td>Count</td>
    <td>Pass</td>
    <td>Fail</td>
    <td>Error</td>
    <td>Skip</td>
    <td>View</td>
    <td> </td>
</tr>

<tr class='failClass'>
    <td class="testname">tempest.scenario.test_network_basic_ops.TestNetworkBasicOps</td>
    <td class="small">9</td>
    <td class="small">1</td>
    <td class="small">7</td>
    <td class="small">0</td>
    <td class="small">1</td>
    <td class="small"><a href="javascript:showClassDetail('c1',9)"
>Detail</a></td>
    <td> </td>
</tr>

<tr id='ft1.1' class='none'>
    <td class='failCase'><div class='testcase'>test_connectivity_between_vms_on_different_networks[compute,id-1546850e-fbaa-42f5-8b5f-03d8a6a95f15,network]</div></td>
    <td colspan='7' align='left'>

    <!--css div popup start-->
    <a class="popup_link" onfocus='this.blur();'
    href="javascript:showTestDetail('div_ft1.1')" >
        fail</a>

    <div id='div_ft1.1' class="popup_window">
        <div style='text-align: right; color:red;cursor:pointer'>
        <a onfocus='this.blur();'
onclick="document.getElementById('div_ft1.1').style.display = 'none' " >
           [x]</a>
        </div>
        <pre>
        
ft1.1: tempest.scenario.test_network_basic_ops.TestNetworkBasicOps.test_connectivity_between_vms_on_different_networks[compute,id-1546850e-fbaa-42f5-8b5f-03d8a6a95f15,network]_StringException: Empty attachments:
  stderr
  stdout

pythonlogging:'': {{{
2015-12-19 14:38:28,509 21173 INFO     [tempest_lib.common.rest_client] Request (TestNetworkBasicOps:test_connectivity_between_vms_on_different_networks): 201 POST http://10.0.2.15:9696/v2.0/security-groups 0.354s
2015-12-19 14:38:28,510 21173 DEBUG    [tempest_lib.common.rest_client] Request - Headers: {'Content-Type': 'application/json', 'Accept': 'application/json', 'X-Auth-Token': '&lt;omitted&gt;'}
        Body: {"security_group": {"tenant_id": "7b14383979f049a8bc9663023f885874", "description": "tempest-secgroup-smoke-251589999 description", "name": "tempest-secgroup-smoke-251589999"}}
    Response - Headers: {'status': '201', 'content-length': '886', 'connection': 'close', 'date': 'Sat, 19 Dec 2015 14:38:28 GMT', 'content-type': 'application/json; charset=UTF-8', 'x-openstack-request-id': 'req-edb2d12a-1c96-48df-bbd1-cbbf178002e3'}
        Body: {"security_group": {"tenant_id": "7b14383979f049a8bc9663023f885874", "description": "tempest-secgroup-smoke-251589999 description", "id": "528f83f4-8a18-45f2-ac91-17dbb5487d54", "security_group_rules": [{"remote_group_id": null, "direction": "egress", "remote_ip_prefix": null, "protocol": null, "ethertype": "IPv4", "tenant_id": "7b14383979f049a8bc9663023f885874", "port_range_max": null, "port_range_min": null, "id": "e82375c9-56d9-405b-ba0d-2ffd9e2bd61b", "security_group_id": "528f83f4-8a18-45f2-ac91-17dbb5487d54"}, {"remote_group_id": null, "direction": "egress", "remote_ip_prefix": null, "protocol": null, "ethertype": "IPv6", "tenant_id": "7b14383979f049a8bc9663023f885874", "port_range_max": null, "port_range_min": null, "id": "de05c0b3-dbc6-43dc-a7b6-7bcd257fd1f5", "security_group_id": "528f83f4-8a18-45f2-ac91-17dbb5487d54"}], "name": "tempest-secgroup-smoke-251589999"}}
2015-12-19 14:38:28,639 21173 INFO     [tempest_lib.common.rest_client] Request (TestNetworkBasicOps:test_connectivity_between_vms_on_different_networks): 201 POST http://10.0.2.15:9696/v2.0/security-group-rules 0.128s
2015-12-19 14:38:28,640 21173 DEBUG    [tempest_lib.common.rest_client] Request - Headers: {'Content-Type': 'application/json', 'Accept': 'application/json', 'X-Auth-Token': '&lt;omitted&gt;'}
        Body: {"security_group_rule": {"direction": "ingress", "protocol": "tcp", "tenant_id": "7b14383979f049a8bc9663023f885874", "port_range_max": 22, "security_group_id": "528f83f4-8a18-45f2-ac91-17dbb5487d54", "port_range_min": 22}}
    Response - Headers: {'status': '201', 'content-length': '340', 'connection': 'close', 'date': 'Sat, 19 Dec 2015 14:38:28 GMT', 'content-type': 'application/json; charset=UTF-8', 'x-openstack-request-id': 'req-0425f926-f819-402c-8d7e-6e3b06727c5c'}
        Body: {"security_group_rule": {"remote_group_id": null, "direction": "ingress", "remote_ip_prefix": null, "protocol": "tcp", "ethertype": "IPv4", "tenant_id": "7b14383979f049a8bc9663023f885874", "port_range_max": 22, "port_range_min": 22, "id": "49c3650f-aff3-4b66-b5f1-08ff15ee2adf", "security_group_id": "528f83f4-8a18-45f2-ac91-17dbb5487d54"}}
2015-12-19 14:38:28,735 21173 INFO     [tempest_lib.common.rest_client] Request (TestNetworkBasicOps:test_connectivity_between_vms_on_different_networks): 201 POST http://10.0.2.15:9696/v2.0/security-group-rules 0.094s
2015-12-19 14:38:28,735 21173 DEBUG    [tempest_lib.common.rest_client] Request - Headers: {'Content-Type': 'application/json', 'Accept': 'application/json', 'X-Auth-Token': '&lt;omitted&gt;'}
        Body: {"security_group_rule": {"direction": "egress", "protocol": "tcp", "tenant_id": "7b14383979f049a8bc9663023f885874", "port_range_max": 22, "security_group_id": "528f83f4-8a18-45f2-ac91-17dbb5487d54", "port_range_min": 22}}
    Response - Headers: {'status': '201', 'content-length': '339', 'connection': 'close', 'date': 'Sat, 19 Dec 2015 14:38:28 GMT', 'content-type': 'application/json; charset=UTF-8', 'x-openstack-request-id': 'req-9f6c1d89-ff1f-46b2-a98f-b6fa2474170a'}
        Body: {"security_group_rule": {"remote_group_id": null, "direction": "egress", "remote_ip_prefix": null, "protocol": "tcp", "ethertype": "IPv4", "tenant_id": "7b14383979f049a8bc9663023f885874", "port_range_max": 22, "port_range_min": 22, "id": "9b04f6b5-a654-4a5a-a939-21555db12f60", "security_group_id": "528f83f4-8a18-45f2-ac91-17dbb5487d54"}}
2015-12-19 14:38:28,837 21173 INFO     [tempest_lib.common.rest_client] Request (TestNetworkBasicOps:test_connectivity_between_vms_on_different_networks): 201 POST http://10.0.2.15:9696/v2.0/security-group-rules 0.101s
2015-12-19 14:38:28,837 21173 DEBUG    [tempest_lib.common.rest_client] Request - Headers: {'Content-Type': 'application/json', 'Accept': 'application/json', 'X-Auth-Token': '&lt;omitted&gt;'}
        Body: {"security_group_rule": {"tenant_id": "7b14383979f049a8bc9663023f885874", "direction": "ingress", "protocol": "icmp", "security_group_id": "528f83f4-8a18-45f2-ac91-17dbb5487d54"}}
    Response - Headers: {'status': '201', 'content-length': '345', 'connection': 'close', 'date': 'Sat, 19 Dec 2015 14:38:28 GMT', 'content-type': 'application/json; charset=UTF-8', 'x-openstack-request-id': 'req-cc641e3d-8cdd-438d-bb05-3807c3c6f56d'}
        Body: {"security_group_rule": {"remote_group_id": null, "direction": "ingress", "remote_ip_prefix": null, "protocol": "icmp", "ethertype": "IPv4", "tenant_id": "7b14383979f049a8bc9663023f885874", "port_range_max": null, "port_range_min": null, "id": "57ff7d95-2d83-40c2-b23e-9e7b45782928", "security_group_id": "528f83f4-8a18-45f2-ac91-17dbb5487d54"}}
2015-12-19 14:38:28,942 21173 INFO     [tempest_lib.common.rest_client] Request (TestNetworkBasicOps:test_connectivity_between_vms_on_different_networks): 201 POST http://10.0.2.15:9696/v2.0/security-group-rules 0.103s
2015-12-19 14:38:28,942 21173 DEBUG    [tempest_lib.common.rest_client] Request - Headers: {'Content-Type': 'application/json', 'Accept': 'application/json', 'X-Auth-Token': '&lt;omitted&gt;'}
        Body: {"security_group_rule": {"tenant_id": "7b14383979f049a8bc9663023f885874", "direction": "egress", "protocol": "icmp", "security_group_id": "528f83f4-8a18-45f2-ac91-17dbb5487d54"}}
    Response - Headers: {'status': '201', 'content-length': '344', 'connection': 'close', 'date': 'Sat, 19 Dec 2015 14:38:28 GMT', 'content-type': 'application/json; charset=UTF-8', 'x-openstack-request-id': 'req-377519c3-474c-49cd-8848-506e43e94664'}
        Body: {"security_group_rule": {"remote_group_id": null, "direction": "egress", "remote_ip_prefix": null, "protocol": "icmp", "ethertype": "IPv4", "tenant_id": "7b14383979f049a8bc9663023f885874", "port_range_max": null, "port_range_min": null, "id": "8461fc30-8571-48e0-aaea-60a569c1c087", "security_group_id": "528f83f4-8a18-45f2-ac91-17dbb5487d54"}}
2015-12-19 14:38:29,136 21173 INFO     [tempest_lib.common.rest_client] Request (TestNetworkBasicOps:test_connectivity_between_vms_on_different_networks): 201 POST http://10.0.2.15:9696/v2.0/security-group-rules 0.193s
2015-12-19 14:38:29,136 21173 DEBUG    [tempest_lib.common.rest_client] Request - Headers: {'Content-Type': 'application/json', 'Accept': 'application/json', 'X-Auth-Token': '&lt;omitted&gt;'}
        Body: {"security_group_rule": {"tenant_id": "7b14383979f049a8bc9663023f885874", "direction": "ingress", "security_group_id": "528f83f4-8a18-45f2-ac91-17dbb5487d54", "protocol": "icmp", "ethertype": "IPv6"}}
    Response - Headers: {'status': '201', 'content-length': '345', 'connection': 'close', 'date': 'Sat, 19 Dec 2015 14:38:29 GMT', 'content-type': 'application/json; charset=UTF-8', 'x-openstack-request-id': 'req-1eb7b64a-653c-4bda-9053-cc2b648cc3d7'}
        Body: {"security_group_rule": {"remote_group_id": null, "direction": "ingress", "remote_ip_prefix": null, "protocol": "icmp", "ethertype": "IPv6", "tenant_id": "7b14383979f049a8bc9663023f885874", "port_range_max": null, "port_range_min": null, "id": "c2f221e4-6bde-4ba3-ac03-ce5452eb6979", "security_group_id": "528f83f4-8a18-45f2-ac91-17dbb5487d54"}}
2015-12-19 14:38:29,235 21173 INFO     [tempest_lib.common.rest_client] Request (TestNetworkBasicOps:test_connectivity_between_vms_on_different_networks): 201 POST http://10.0.2.15:9696/v2.0/security-group-rules 0.098s
2015-12-19 14:38:29,236 21173 DEBUG    [tempest_lib.common.rest_client] Request - Headers: {'Content-Type': 'application/json', 'Accept': 'application/json', 'X-Auth-Token': '&lt;omitted&gt;'}
        Body: {"security_group_rule": {"tenant_id": "7b14383979f049a8bc9663023f885874", "direction": "egress", "security_group_id": "528f83f4-8a18-45f2-ac91-17dbb5487d54", "protocol": "icmp", "ethertype": "IPv6"}}
    Response - Headers: {'status': '201', 'content-length': '344', 'connection': 'close', 'date': 'Sat, 19 Dec 2015 14:38:29 GMT', 'content-type': 'application/json; charset=UTF-8', 'x-openstack-request-id': 'req-6ef2bd2c-896a-4d88-b197-09d6ddcd4262'}
        Body: {"security_group_rule": {"remote_group_id": null, "direction": "egress", "remote_ip_prefix": null, "protocol": "icmp", "ethertype": "IPv6", "tenant_id": "7b14383979f049a8bc9663023f885874", "port_range_max": null, "port_range_min": null, "id": "ae8e7fb1-a08a-4ec2-a943-b40b6b8d047c", "security_group_id": "528f83f4-8a18-45f2-ac91-17dbb5487d54"}}
2015-12-19 14:38:29,393 21173 INFO     [tempest_lib.common.rest_client] Request (TestNetworkBasicOps:test_connectivity_between_vms_on_different_networks): 201 POST http://10.0.2.15:9696/v2.0/networks 0.156s
2015-12-19 14:38:29,394 21173 DEBUG    [tempest_lib.common.rest_client] Request - Headers: {'Content-Type': 'application/json', 'Accept': 'application/json', 'X-Auth-Token': '&lt;omitted&gt;'}
        Body: {"network": {"tenant_id": "7b14383979f049a8bc9663023f885874", "name": "tempest-network-smoke--1437757225"}}
    Response - Headers: {'status': '201', 'content-length': '329', 'connection': 'close', 'date': 'Sat, 19 Dec 2015 14:38:29 GMT', 'content-type': 'application/json; charset=UTF-8', 'x-openstack-request-id': 'req-db0cac95-eb81-4c10-965c-6df4963bb53b'}
        Body: {"network": {"status": "ACTIVE", "subnets": [], "availability_zone_hints": "[]", "name": "tempest-network-smoke--1437757225", "admin_state_up": true, "tenant_id": "7b14383979f049a8bc9663023f885874", "mtu": 0, "router:external": false, "shared": false, "port_security_enabled": true, "id": "3600e11a-85d4-4566-a327-81000f74b2af"}}
2015-12-19 14:38:29,464 21173 INFO     [tempest_lib.common.rest_client] Request (TestNetworkBasicOps:test_connectivity_between_vms_on_different_networks): 201 POST http://10.0.2.15:9696/v2.0/routers 0.068s
2015-12-19 14:38:29,464 21173 DEBUG    [tempest_lib.common.rest_client] Request - Headers: {'Content-Type': 'application/json', 'Accept': 'application/json', 'X-Auth-Token': '&lt;omitted&gt;'}
        Body: {"router": {"tenant_id": "7b14383979f049a8bc9663023f885874", "name": "tempest-router-smoke-1208646837", "admin_state_up": true}}
    Response - Headers: {'status': '201', 'content-length': '296', 'connection': 'close', 'date': 'Sat, 19 Dec 2015 14:38:29 GMT', 'content-type': 'application/json; charset=UTF-8', 'x-openstack-request-id': 'req-a2890001-c9e9-4fc9-9f11-0d2500a22d9f'}
        Body: {"router": {"status": "ACTIVE", "external_gateway_info": null, "availability_zone_hints": [], "availability_zones": [], "name": "tempest-router-smoke-1208646837", "admin_state_up": true, "tenant_id": "7b14383979f049a8bc9663023f885874", "routes": [], "id": "68c46de3-fcd6-4839-ad72-980c5cba8224"}}
2015-12-19 14:38:29,516 21173 INFO     [tempest_lib.common.rest_client] Request (TestNetworkBasicOps:test_connectivity_between_vms_on_different_networks): 200 GET http://10.0.2.15:9696/v2.0/routers/68c46de3-fcd6-4839-ad72-980c5cba8224 0.052s
2015-12-19 14:38:29,517 21173 DEBUG    [tempest_lib.common.rest_client] Request - Headers: {'Content-Type': 'application/json', 'Accept': 'application/json', 'X-Auth-Token': '&lt;omitted&gt;'}
        Body: None
    Response - Headers: {'status': '200', 'content-length': '296', 'content-location': 'http://10.0.2.15:9696/v2.0/routers/68c46de3-fcd6-4839-ad72-980c5cba8224', 'connection': 'close', 'date': 'Sat, 19 Dec 2015 14:38:29 GMT', 'content-type': 'application/json; charset=UTF-8', 'x-openstack-request-id': 'req-80463be3-d694-4530-b2e9-a655a481130f'}
        Body: {"router": {"status": "ACTIVE", "external_gateway_info": null, "availability_zone_hints": [], "availability_zones": [], "name": "tempest-router-smoke-1208646837", "admin_state_up": true, "tenant_id": "7b14383979f049a8bc9663023f885874", "routes": [], "id": "68c46de3-fcd6-4839-ad72-980c5cba8224"}}
2015-12-19 14:38:30,213 21173 INFO     [tempest_lib.common.rest_client] Request (TestNetworkBasicOps:test_connectivity_between_vms_on_different_networks): 200 PUT http://10.0.2.15:9696/v2.0/routers/68c46de3-fcd6-4839-ad72-980c5cba8224 0.696s
2015-12-19 14:38:30,213 21173 DEBUG    [tempest_lib.common.rest_client] Request - Headers: {'Content-Type': 'application/json', 'Accept': 'application/json', 'X-Auth-Token': '&lt;omitted&gt;'}
        Body: {"router": {"external_gateway_info": {"network_id": "3091411c-042e-4b27-8b3d-ca0606c5d518"}, "name": "tempest-router-smoke-1208646837", "admin_state_up": true}}
    Response - Headers: {'status': '200', 'content-length': '558', 'connection': 'close', 'date': 'Sat, 19 Dec 2015 14:38:30 GMT', 'content-type': 'application/json; charset=UTF-8', 'x-openstack-request-id': 'req-1f923908-7e5c-49ff-b028-d9ebc6cccb60'}
        Body: {"router": {"status": "ACTIVE", "external_gateway_info": {"network_id": "3091411c-042e-4b27-8b3d-ca0606c5d518", "enable_snat": true, "external_fixed_ips": [{"subnet_id": "cdb301f5-1782-4a9f-be98-ee7384a6f859", "ip_address": "172.24.4.3"}, {"subnet_id": "7be100bd-01de-4ab9-899e-fdbbbac99bc9", "ip_address": "2001:db8::3"}]}, "availability_zone_hints": [], "availability_zones": [], "name": "tempest-router-smoke-1208646837", "admin_state_up": true, "tenant_id": "7b14383979f049a8bc9663023f885874", "routes": [], "id": "68c46de3-fcd6-4839-ad72-980c5cba8224"}}
2015-12-19 14:38:30,362 21173 INFO     [tempest_lib.common.rest_client] Request (TestNetworkBasicOps:test_connectivity_between_vms_on_different_networks): 200 GET http://10.0.2.15:9696/v2.0/subnets?tenant_id=7b14383979f049a8bc9663023f885874&amp;cidr=10.100.0.0%2F28 0.147s
2015-12-19 14:38:30,362 21173 DEBUG    [tempest_lib.common.rest_client] Request - Headers: {'Content-Type': 'application/json', 'Accept': 'application/json', 'X-Auth-Token': '&lt;omitted&gt;'}
        Body: None
    Response - Headers: {'status': '200', 'content-length': '15', 'content-location': 'http://10.0.2.15:9696/v2.0/subnets?tenant_id=7b14383979f049a8bc9663023f885874&amp;cidr=10.100.0.0%2F28', 'connection': 'close', 'date': 'Sat, 19 Dec 2015 14:38:30 GMT', 'content-type': 'application/json; charset=UTF-8', 'x-openstack-request-id': 'req-7875a9aa-6004-4271-911c-a1c51ec3d37f'}
        Body: {"subnets": []}
2015-12-19 14:38:30,776 21173 INFO     [tempest_lib.common.rest_client] Request (TestNetworkBasicOps:test_connectivity_between_vms_on_different_networks): 201 POST http://10.0.2.15:9696/v2.0/subnets 0.413s
2015-12-19 14:38:30,777 21173 DEBUG    [tempest_lib.common.rest_client] Request - Headers: {'Content-Type': 'application/json', 'Accept': 'application/json', 'X-Auth-Token': '&lt;omitted&gt;'}
        Body: {"subnet": {"ip_version": 4, "tenant_id": "7b14383979f049a8bc9663023f885874", "cidr": "10.100.0.0/28", "network_id": "3600e11a-85d4-4566-a327-81000f74b2af", "name": "tempest-subnet-smoke-1290478449"}}
    Response - Headers: {'status': '201', 'content-length': '478', 'connection': 'close', 'date': 'Sat, 19 Dec 2015 14:38:30 GMT', 'content-type': 'application/json; charset=UTF-8', 'x-openstack-request-id': 'req-5c35c89f-dd86-40af-908d-ce488389dcaa'}
        Body: {"subnet": {"name": "tempest-subnet-smoke-1290478449", "enable_dhcp": true, "network_id": "3600e11a-85d4-4566-a327-81000f74b2af", "tenant_id": "7b14383979f049a8bc9663023f885874", "dns_nameservers": [], "gateway_ip": "10.100.0.1", "ipv6_ra_mode": null, "allocation_pools": [{"start": "10.100.0.2", "end": "10.100.0.14"}], "host_routes": [], "ip_version": 4, "ipv6_address_mode": null, "cidr": "10.100.0.0/28", "id": "53a4488e-3923-4743-8613-dd9959fb7a43", "subnetpool_id": null}}
2015-12-19 14:38:31,319 21173 INFO     [tempest_lib.common.rest_client] Request (TestNetworkBasicOps:test_connectivity_between_vms_on_different_networks): 200 PUT http://10.0.2.15:9696/v2.0/routers/68c46de3-fcd6-4839-ad72-980c5cba8224/add_router_interface 0.540s
2015-12-19 14:38:31,319 21173 DEBUG    [tempest_lib.common.rest_client] Request - Headers: {'Content-Type': 'application/json', 'Accept': 'application/json', 'X-Auth-Token': '&lt;omitted&gt;'}
        Body: {"subnet_id": "53a4488e-3923-4743-8613-dd9959fb7a43"}
    Response - Headers: {'status': '200', 'content-length': '255', 'connection': 'close', 'date': 'Sat, 19 Dec 2015 14:38:31 GMT', 'content-type': 'application/json; charset=UTF-8', 'x-openstack-request-id': 'req-44ec1f7f-8a7c-4689-8226-1d09fc7aa964'}
        Body: {"subnet_id": "53a4488e-3923-4743-8613-dd9959fb7a43", "tenant_id": "7b14383979f049a8bc9663023f885874", "subnet_ids": ["53a4488e-3923-4743-8613-dd9959fb7a43"], "port_id": "76ea6a8a-f6b6-4d40-85fd-7726dd768e02", "id": "68c46de3-fcd6-4839-ad72-980c5cba8224"}
2015-12-19 14:38:31,512 21173 INFO     [tempest_lib.common.rest_client] Request (TestNetworkBasicOps:test_connectivity_between_vms_on_different_networks): 200 GET http://10.0.2.15:9696/v2.0/networks 0.192s
2015-12-19 14:38:31,513 21173 DEBUG    [tempest_lib.common.rest_client] Request - Headers: {'Content-Type': 'application/json', 'Accept': 'application/json', 'X-Auth-Token': '&lt;omitted&gt;'}
        Body: None
    Response - Headers: {'status': '200', 'content-length': '1507', 'content-location': 'http://10.0.2.15:9696/v2.0/networks', 'connection': 'close', 'date': 'Sat, 19 Dec 2015 14:38:31 GMT', 'content-type': 'application/json; charset=UTF-8', 'x-openstack-request-id': 'req-49311863-dccd-481e-8d11-1178ef7dabfe'}
        Body: {"networks": [{"status": "ACTIVE", "subnets": ["53a4488e-3923-4743-8613-dd9959fb7a43"], "availability_zone_hints": [], "availability_zones": ["nova"], "name": "tempest-network-smoke--1437757225", "provider:physical_network": null, "admin_state_up": true, "tenant_id": "7b14383979f049a8bc9663023f885874", "mtu": 0, "router:external": false, "shared": false, "port_security_enabled": true, "provider:network_type": "vxlan", "id": "3600e11a-85d4-4566-a327-81000f74b2af", "provider:segmentation_id": 1024}, {"status": "ACTIVE", "subnets": ["cdb301f5-1782-4a9f-be98-ee7384a6f859", "7be100bd-01de-4ab9-899e-fdbbbac99bc9"], "availability_zone_hints": [], "availability_zones": ["nova"], "name": "public", "provider:physical_network": null, "admin_state_up": true, "tenant_id": "582c3d388e2c449faeb0f3f7e218f20f", "mtu": 0, "router:external": true, "shared": false, "port_security_enabled": true, "provider:network_type": "vxlan", "id": "3091411c-042e-4b27-8b3d-ca0606c5d518", "provider:segmentation_id": 1083}, {"status": "ACTIVE", "subnets": ["bf2ec85d-9573-49c7-9bf6-e7c9b9f6b00e", "3ff43de7-21c9-4174-98f6-6e72788cf8e9"], "availability_zone_hints": [], "availability_zones": ["nova"], "name": "private", "provider:physical_network": null, "admin_state_up": true, "tenant_id": "e579d327ade84460b6c1e682ca5723e6", "mtu": 0, "router:external": false, "shared": false, "port_security_enabled": true, "provider:network_type": "vxlan", "id": "fa5a7d99-b5a4-406a-9ea7-b331d56c838c", "provider:segmentation_id": 1013}]}
2015-12-19 14:38:31,560 21173 INFO     [tempest_lib.common.rest_client] Request (TestNetworkBasicOps:test_connectivity_between_vms_on_different_networks): 200 GET http://10.0.2.15:9696/v2.0/subnets 0.046s
2015-12-19 14:38:31,560 21173 DEBUG    [tempest_lib.common.rest_client] Request - Headers: {'Content-Type': 'application/json', 'Accept': 'application/json', 'X-Auth-Token': '&lt;omitted&gt;'}
        Body: None
    Response - Headers: {'status': '200', 'content-length': '2408', 'content-location': 'http://10.0.2.15:9696/v2.0/subnets', 'connection': 'close', 'date': 'Sat, 19 Dec 2015 14:38:31 GMT', 'content-type': 'application/json; charset=UTF-8', 'x-openstack-request-id': 'req-e7d63826-99cd-4c9a-bb7f-1c10d32d51d9'}
        Body: {"subnets": [{"name": "ipv6-public-subnet", "enable_dhcp": false, "network_id": "3091411c-042e-4b27-8b3d-ca0606c5d518", "tenant_id": "582c3d388e2c449faeb0f3f7e218f20f", "dns_nameservers": [], "gateway_ip": "2001:db8::2", "ipv6_ra_mode": null, "allocation_pools": [{"start": "2001:db8::3", "end": "2001:db8::ffff:ffff:ffff:ffff"}, {"start": "2001:db8::1", "end": "2001:db8::1"}], "host_routes": [], "ip_version": 6, "ipv6_address_mode": null, "cidr": "2001:db8::/64", "id": "7be100bd-01de-4ab9-899e-fdbbbac99bc9", "subnetpool_id": null}, {"name": "tempest-subnet-smoke-1290478449", "enable_dhcp": true, "network_id": "3600e11a-85d4-4566-a327-81000f74b2af", "tenant_id": "7b14383979f049a8bc9663023f885874", "dns_nameservers": [], "gateway_ip": "10.100.0.1", "ipv6_ra_mode": null, "allocation_pools": [{"start": "10.100.0.2", "end": "10.100.0.14"}], "host_routes": [], "ip_version": 4, "ipv6_address_mode": null, "cidr": "10.100.0.0/28", "id": "53a4488e-3923-4743-8613-dd9959fb7a43", "subnetpool_id": null}, {"name": "public-subnet", "enable_dhcp": false, "network_id": "3091411c-042e-4b27-8b3d-ca0606c5d518", "tenant_id": "582c3d388e2c449faeb0f3f7e218f20f", "dns_nameservers": [], "gateway_ip": "172.24.4.1", "ipv6_ra_mode": null, "allocation_pools": [{"start": "172.24.4.2", "end": "172.24.4.254"}], "host_routes": [], "ip_version": 4, "ipv6_address_mode": null, "cidr": "172.24.4.0/24", "id": "cdb301f5-1782-4a9f-be98-ee7384a6f859", "subnetpool_id": null}, {"name": "private-subnet", "enable_dhcp": true, "network_id": "fa5a7d99-b5a4-406a-9ea7-b331d56c838c", "tenant_id": "e579d327ade84460b6c1e682ca5723e6", "dns_nameservers": [], "gateway_ip": "10.0.0.1", "ipv6_ra_mode": null, "allocation_pools": [{"start": "10.0.0.2", "end": "10.0.0.254"}], "host_routes": [], "ip_version": 4, "ipv6_address_mode": null, "cidr": "10.0.0.0/24", "id": "bf2ec85d-9573-49c7-9bf6-e7c9b9f6b00e", "subnetpool_id": null}, {"name": "ipv6-private-subnet", "enable_dhcp": true, "network_id": "fa5a7d99-b5a4-406a-9ea7-b331d56c838c", "tenant_id": "e579d327ade84460b6c1e682ca5723e6", "dns_nameservers": [], "gateway_ip": "fdc4:b855:481b::1", "ipv6_ra_mode": "slaac", "allocation_pools": [{"start": "fdc4:b855:481b::2", "end": "fdc4:b855:481b:0:ffff:ffff:ffff:ffff"}], "host_routes": [], "ip_version": 6, "ipv6_address_mode": "slaac", "cidr": "fdc4:b855:481b::/64", "id": "3ff43de7-21c9-4174-98f6-6e72788cf8e9", "subnetpool_id": null}]}
2015-12-19 14:38:31,621 21173 INFO     [tempest_lib.common.rest_client] Request (TestNetworkBasicOps:test_connectivity_between_vms_on_different_networks): 200 GET http://10.0.2.15:9696/v2.0/routers 0.059s
2015-12-19 14:38:31,622 21173 DEBUG    [tempest_lib.common.rest_client] Request - Headers: {'Content-Type': 'application/json', 'Accept': 'application/json', 'X-Auth-Token': '&lt;omitted&gt;'}
        Body: None
    Response - Headers: {'status': '200', 'content-length': '1167', 'content-location': 'http://10.0.2.15:9696/v2.0/routers', 'connection': 'close', 'date': 'Sat, 19 Dec 2015 14:38:31 GMT', 'content-type': 'application/json; charset=UTF-8', 'x-openstack-request-id': 'req-48474077-873b-4310-9e42-0e44ecd6fae7'}
        Body: {"routers": [{"status": "ACTIVE", "external_gateway_info": {"network_id": "3091411c-042e-4b27-8b3d-ca0606c5d518", "enable_snat": true, "external_fixed_ips": [{"subnet_id": "cdb301f5-1782-4a9f-be98-ee7384a6f859", "ip_address": "172.24.4.3"}, {"subnet_id": "7be100bd-01de-4ab9-899e-fdbbbac99bc9", "ip_address": "2001:db8::3"}]}, "availability_zone_hints": [], "availability_zones": ["nova"], "name": "tempest-router-smoke-1208646837", "admin_state_up": true, "tenant_id": "7b14383979f049a8bc9663023f885874", "distributed": false, "routes": [], "ha": false, "id": "68c46de3-fcd6-4839-ad72-980c5cba8224"}, {"status": "ACTIVE", "external_gateway_info": {"network_id": "3091411c-042e-4b27-8b3d-ca0606c5d518", "enable_snat": true, "external_fixed_ips": [{"subnet_id": "cdb301f5-1782-4a9f-be98-ee7384a6f859", "ip_address": "172.24.4.2"}, {"subnet_id": "7be100bd-01de-4ab9-899e-fdbbbac99bc9", "ip_address": "2001:db8::1"}]}, "availability_zone_hints": [], "availability_zones": ["nova"], "name": "router1", "admin_state_up": true, "tenant_id": "e579d327ade84460b6c1e682ca5723e6", "distributed": false, "routes": [], "ha": false, "id": "a423736a-1adf-4da2-90d1-039dab07fa06"}]}
2015-12-19 14:38:32,107 21173 INFO     [tempest_lib.common.rest_client] Request (TestNetworkBasicOps:test_connectivity_between_vms_on_different_networks): 200 POST http://10.0.2.15:8774/v2.1/7b14383979f049a8bc9663023f885874/os-keypairs 0.485s
2015-12-19 14:38:32,108 21173 DEBUG    [tempest_lib.common.rest_client] Request - Headers: {'Content-Type': 'application/json', 'Accept': 'application/json', 'X-Auth-Token': '&lt;omitted&gt;'}
        Body: {"keypair": {"name": "tempest-TestNetworkBasicOps-1023700956"}}
    Response - Headers: {'status': '200', 'content-length': '2321', 'x-compute-request-id': 'req-be70bf71-47b3-4411-8fac-b925e23fa037', 'vary': 'X-OpenStack-Nova-API-Version', 'connection': 'close', 'x-openstack-nova-api-version': '2.1', 'date': 'Sat, 19 Dec 2015 14:38:32 GMT', 'content-type': 'application/json'}
        Body: {"keypair": {"public_key": "ssh-rsa AAAAB3NzaC1yc2EAAAADAQABAAABAQCTZI3/TxJgJnI6nMobkXxp5yms0E0ziEWvlfaeyO1/gQuTlxjhaiR3NKuo83XBrNLv3mj9eugxghcxPyBllGygsqbKfUmCOohcmFJA/dJY0vyxd6jHF9LKVyytpZnpx+BbjR/hTj/7p9SyPCggZhTPhGVL1HNChM/wGmBNtUmZckahruwe21x2ixHRQ5k0EVltmgIC86gUFMjOjznUZHggOE/0eo0hGC51ynPkRX47JDRMStWXP9H+bzFEx1Wpwrg2e8tzhs0IT68G4fA2nDWHT3gr+EgAwqRBAnh2Pc2FVOcrShm0GCI/be2VEuFumZtj96k8BgBM3aEPC3v214+n Generated-by-Nova", "private_key": "-----BEGIN RSA PRIVATE KEY-----\nMIIEqQIBAAKCAQEAk2SN/08SYCZyOpzKG5F8aecprNBNM4hFr5X2nsjtf4ELk5cY\n4WokdzSrqPN1wazS795o/XroMYIXMT8gZZRsoLKmyn1JgjqIXJhSQP3SWNL8sXeo\nxxfSylcsraWZ6cfgW40f4U4/+6fUsjwoIGYUz4RlS9RzQoTP8BpgTbVJmXJGoa7s\nHttcdosR0UOZNBFZbZoCAvOoFBTIzo851GR4IDhP9HqNIRgudcpz5EV+OyQ0TErV\nlz/R/m8xRMdVqcK4NnvLc4bNCE+vBuHwNpw1h094K/hIAMKkQQJ4dj3NhVTnK0oZ\ntBgiP23tlRLhbpmbY/epPAYATN2hDwt79tePpwIDAQABAoIBAAkAIPOwPm0ErAEM\nRgM89R36cb8N0UkOT0MTo0W6+1XH6Y8PsQNC2gs1ei4M/+ndxdvD9yFTeg5b5VKq\nii3pzGBbyHehAvYi4OTWoF87oLav26JyrinKOKMGg8Hu1OFDxV2R1pqJjrqtWv2v\nUrv3v9mUOiNRS+CJ/7Cny62zHlVyX0LlM79ull05aOMyQMt408FHrywMyF2H+81l\nUWCeXVmGZPglvYz7OLrCL7/sJSG8MVzMciPKaLtj/TR9rEPG5/GxmlyLBgToyaka\nUaIr3ijdp/gwgQ3kbAdpEbbbEmu32+gCMPFsIVlfVDRiwD/Tf2rB0ZlRLII16Xhf\nfcC6tPECggCBALoWSkDOIIBv4Hf9rAtqlk595p8wAK7/qQ+iUA4XdMEsWyH+wzbn\n2cw1nf4JgQd1GlbZjYhMVXm/BIEJ1UFnEOlejCjVrcCJGO8oIoL1FcaHmYODjsaa\noDM/WxfYMk8FhNB3FXTM8j4GOq8D8NyQ0fE/O4kXLtcKLmPpjUvHLvGdAoIAgQDK\nxK3OtouqA93EpXZKgqDVUwPUMT2pOkR9VqZdoxwcSPUzK6jmO8DE5ABKOK3hOVoj\nfmTWjYjzs+ucHRSS0w84GLNfslthMeON+2ggl0YwQ2aU+LnFDUCjrgqVdbHbdU3f\nsy0I+T8LqNhPFsPRRWyfYWzpDwq7BN1Q9VPVVmTVEwKCAIEAsTvXnt9z30AvB7mo\nqfrri3ioNYePrx07FPPf0XwPrIilh7xQi7PJIZETmEfPB55F5uAvx9gENP90t734\nyeDzH4H4dlAFu/IXuHh+XkI1ai/uS276hjfxSr4V8aDtUYwNEkvJOMSWF/Lw444a\nUsjv3BkAiDJ3X0KIKorgE4NzN5UCggCBAJ0ewEugmiK48jxxtnLQPA5xUFM5gL1E\nIFQ7M5j1TlAAnLf1CeC1xo8K2cqpltsiFN3SEBNNAyVMcrK6ufl3wKBIS55I15Q+\nE0Uu3aX7cnDtmWywO0sdFMyAjUT5OUOD5z8DWU9Ny/Od91d5nWzo7d2mob0KYdc/\nUrtsDnUOh/2vAoIAgCjMsRJ7T20GNqNW5W2Y1z6kVtdTMfbWum1dITWpR6VazAoH\nhP3qIfWS//0dtuvGgZTKZOlGAQTefc8G+5U3+1cOUi7Qgr86RSPj20jLzrBptOKu\nI2sbIPFkcjJYFKVpMpbABp2k+bgEeB/4b4WDxamGVtmf0T9MoKh5eC1YyDwz\n-----END RSA PRIVATE KEY-----\n", "user_id": "69e19dd2b4b64e92992cca576dce36a2", "name": "tempest-TestNetworkBasicOps-1023700956", "fingerprint": "7a:6f:e5:2e:6a:63:d7:8c:ce:a3:f8:62:16:f5:7f:4f"}}
2015-12-19 14:38:32,196 21173 INFO     [tempest_lib.common.rest_client] Request (TestNetworkBasicOps:test_connectivity_between_vms_on_different_networks): 200 POST http://10.0.2.15:5000/v2.0/tokens
2015-12-19 14:38:32,196 21173 DEBUG    [tempest_lib.common.rest_client] Request - Headers: {'Content-Type': 'application/json', 'Accept': 'application/json'}
        Body: &lt;omitted&gt;
    Response - Headers: {'status': '200', 'content-length': '2528', 'vary': 'X-Auth-Token', 'server': 'Apache/2.4.7 (Ubuntu)', 'connection': 'close', 'date': 'Sat, 19 Dec 2015 14:38:32 GMT', 'content-type': 'application/json', 'x-openstack-request-id': 'req-f193b5fe-ac55-4dbb-9ecd-8dd48ddf57ae'}
        Body: {"access": {"token": {"issued_at": "2015-12-19T14:38:32.186575", "expires": "2015-12-19T15:38:32Z", "id": "205a0d9af16740929e353b5e30406662", "tenant": {"description": "tempest-TestNetworkBasicOps-911113305-desc", "enabled": true, "id": "7b14383979f049a8bc9663023f885874", "name": "tempest-TestNetworkBasicOps-911113305"}, "audit_ids": ["ecHyw0mQRJy-1_1xx6G2vQ"]}, "serviceCatalog": [{"endpoints": [{"adminURL": "http://10.0.2.15:8774/v2.1/7b14383979f049a8bc9663023f885874", "region": "RegionOne", "internalURL": "http://10.0.2.15:8774/v2.1/7b14383979f049a8bc9663023f885874", "id": "426f46b7630441ffa38ca81f3e1b4d0a", "publicURL": "http://10.0.2.15:8774/v2.1/7b14383979f049a8bc9663023f885874"}], "endpoints_links": [], "type": "compute", "name": "nova"}, {"endpoints": [{"adminURL": "http://10.0.2.15:9696/", "region": "RegionOne", "internalURL": "http://10.0.2.15:9696/", "id": "207a6fd76cc640159e1e4bc32e94c424", "publicURL": "http://10.0.2.15:9696/"}], "endpoints_links": [], "type": "network", "name": "neutron"}, {"endpoints": [{"adminURL": "http://10.0.2.15:9292", "region": "RegionOne", "internalURL": "http://10.0.2.15:9292", "id": "019ea2eea78a497a9f392bef011a9c2e", "publicURL": "http://10.0.2.15:9292"}], "endpoints_links": [], "type": "image", "name": "glance"}, {"endpoints": [{"adminURL": "http://10.0.2.15:8774/v2/7b14383979f049a8bc9663023f885874", "region": "RegionOne", "internalURL": "http://10.0.2.15:8774/v2/7b14383979f049a8bc9663023f885874", "id": "0cf908d1b2b2426bada19abc8516b008", "publicURL": "http://10.0.2.15:8774/v2/7b14383979f049a8bc9663023f885874"}], "endpoints_links": [], "type": "compute_legacy", "name": "nova_legacy"}, {"endpoints": [{"adminURL": "http://10.0.2.15:8773/", "region": "RegionOne", "internalURL": "http://10.0.2.15:8773/", "id": "8d7eee20ea474934b4a9b871582bea18", "publicURL": "http://10.0.2.15:8773/"}], "endpoints_links": [], "type": "ec2", "name": "ec2"}, {"endpoints": [{"adminURL": "http://10.0.2.15:35357/v2.0", "region": "RegionOne", "internalURL": "http://10.0.2.15:5000/v2.0", "id": "63cdeca6788d44ed9976f487ba78c2f6", "publicURL": "http://10.0.2.15:5000/v2.0"}], "endpoints_links": [], "type": "identity", "name": "keystone"}], "user": {"username": "tempest-TestNetworkBasicOps-1165710342", "roles_links": [], "id": "69e19dd2b4b64e92992cca576dce36a2", "roles": [{"name": "_member_"}, {"name": "Member"}], "name": "tempest-TestNetworkBasicOps-1165710342"}, "metadata": {"is_admin": 0, "roles": ["9fe2ff9ee4384b1894a90878d3e92bab", "28d5b10898934dcdbe187d4942b86e99"]}}}
2015-12-19 14:38:32,200 21173 DEBUG    [tempest.common.fixed_network] (TestNetworkBasicOps:test_connectivity_between_vms_on_different_networks) No valid network provided or created, defaulting to fixed_network_name
2015-12-19 14:38:32,502 21173 INFO     [tempest_lib.common.rest_client] Request (TestNetworkBasicOps:test_connectivity_between_vms_on_different_networks): 200 GET http://10.0.2.15:8774/v2.1/7b14383979f049a8bc9663023f885874/os-networks 0.301s
2015-12-19 14:38:32,503 21173 DEBUG    [tempest_lib.common.rest_client] Request - Headers: {'Content-Type': 'application/json', 'Accept': 'application/json', 'X-Auth-Token': '&lt;omitted&gt;'}
        Body: None
    Response - Headers: {'status': '200', 'content-length': '479', 'content-location': 'http://10.0.2.15:8774/v2.1/7b14383979f049a8bc9663023f885874/os-networks', 'x-compute-request-id': 'req-99f224e2-da49-4656-b39d-f191a7f250f9', 'vary': 'X-OpenStack-Nova-API-Version', 'connection': 'close', 'x-openstack-nova-api-version': '2.1', 'date': 'Sat, 19 Dec 2015 14:38:32 GMT', 'content-type': 'application/json'}
        Body: {"networks": [{"cidr_v6": null, "dns2": null, "dns1": null, "gateway": null, "broadcast": null, "netmask": null, "gateway_v6": null, "cidr": null, "label": "tempest-network-smoke--1437757225", "id": "3600e11a-85d4-4566-a327-81000f74b2af", "netmask_v6": null}, {"cidr_v6": null, "dns2": null, "dns1": null, "gateway": null, "broadcast": null, "netmask": null, "gateway_v6": null, "cidr": null, "label": "public", "id": "3091411c-042e-4b27-8b3d-ca0606c5d518", "netmask_v6": null}]}
2015-12-19 14:38:32,503 21173 WARNING  [tempest.common.fixed_network] (TestNetworkBasicOps:test_connectivity_between_vms_on_different_networks) Network with name: private not found
2015-12-19 14:38:32,503 21173 INFO     [tempest.common.fixed_network] (TestNetworkBasicOps:test_connectivity_between_vms_on_different_networks) Found network {} available for tenant
2015-12-19 14:38:33,898 21173 INFO     [tempest_lib.common.rest_client] Request (TestNetworkBasicOps:test_connectivity_between_vms_on_different_networks): 202 POST http://10.0.2.15:8774/v2.1/7b14383979f049a8bc9663023f885874/servers 1.393s
2015-12-19 14:38:33,899 21173 DEBUG    [tempest_lib.common.rest_client] Request - Headers: {'Content-Type': 'application/json', 'Accept': 'application/json', 'X-Auth-Token': '&lt;omitted&gt;'}
        Body: {"server": {"name": "tempest.common.compute-instance-995709124", "imageRef": "4404b085-9bc4-4b05-86f0-0337837aa661", "key_name": "tempest-TestNetworkBasicOps-1023700956", "flavorRef": "42", "networks": [{"uuid": "3600e11a-85d4-4566-a327-81000f74b2af"}], "security_groups": [{"name": "tempest-secgroup-smoke-251589999"}]}}
    Response - Headers: {'status': '202', 'content-length': '461', 'x-compute-request-id': 'req-20e54d69-b7f1-4f2e-ba8e-5ce2e2f23e8b', 'vary': 'X-OpenStack-Nova-API-Version', 'connection': 'close', 'location': 'http://10.0.2.15:8774/v2.1/7b14383979f049a8bc9663023f885874/servers/5b07a6c1-447b-415b-990e-e2577485dec0', 'x-openstack-nova-api-version': '2.1', 'date': 'Sat, 19 Dec 2015 14:38:33 GMT', 'content-type': 'application/json'}
        Body: {"server": {"security_groups": [{"name": "tempest-secgroup-smoke-251589999"}], "OS-DCF:diskConfig": "MANUAL", "id": "5b07a6c1-447b-415b-990e-e2577485dec0", "links": [{"href": "http://10.0.2.15:8774/v2.1/7b14383979f049a8bc9663023f885874/servers/5b07a6c1-447b-415b-990e-e2577485dec0", "rel": "self"}, {"href": "http://10.0.2.15:8774/7b14383979f049a8bc9663023f885874/servers/5b07a6c1-447b-415b-990e-e2577485dec0", "rel": "bookmark"}], "adminPass": "Qo86572hgW8u"}}
2015-12-19 14:38:34,036 21173 INFO     [tempest_lib.common.rest_client] Request (TestNetworkBasicOps:test_connectivity_between_vms_on_different_networks): 200 GET http://10.0.2.15:8774/v2.1/7b14383979f049a8bc9663023f885874/servers/5b07a6c1-447b-415b-990e-e2577485dec0 0.133s
2015-12-19 14:38:34,036 21173 DEBUG    [tempest_lib.common.rest_client] Request - Headers: {'Content-Type': 'application/json', 'Accept': 'application/json', 'X-Auth-Token': '&lt;omitted&gt;'}
        Body: None
    Response - Headers: {'status': '200', 'content-length': '1355', 'content-location': 'http://10.0.2.15:8774/v2.1/7b14383979f049a8bc9663023f885874/servers/5b07a6c1-447b-415b-990e-e2577485dec0', 'x-compute-request-id': 'req-6687a719-ad55-4ce1-8384-9692e62337c4', 'vary': 'X-OpenStack-Nova-API-Version', 'connection': 'close', 'x-openstack-nova-api-version': '2.1', 'date': 'Sat, 19 Dec 2015 14:38:34 GMT', 'content-type': 'application/json'}
        Body: {"server": {"status": "BUILD", "updated": "2015-12-19T14:38:33Z", "hostId": "", "addresses": {}, "links": [{"href": "http://10.0.2.15:8774/v2.1/7b14383979f049a8bc9663023f885874/servers/5b07a6c1-447b-415b-990e-e2577485dec0", "rel": "self"}, {"href": "http://10.0.2.15:8774/7b14383979f049a8bc9663023f885874/servers/5b07a6c1-447b-415b-990e-e2577485dec0", "rel": "bookmark"}], "key_name": "tempest-TestNetworkBasicOps-1023700956", "image": {"id": "4404b085-9bc4-4b05-86f0-0337837aa661", "links": [{"href": "http://10.0.2.15:8774/7b14383979f049a8bc9663023f885874/images/4404b085-9bc4-4b05-86f0-0337837aa661", "rel": "bookmark"}]}, "OS-EXT-STS:task_state": "scheduling", "OS-EXT-STS:vm_state": "building", "OS-SRV-USG:launched_at": null, "flavor": {"id": "42", "links": [{"href": "http://10.0.2.15:8774/7b14383979f049a8bc9663023f885874/flavors/42", "rel": "bookmark"}]}, "id": "5b07a6c1-447b-415b-990e-e2577485dec0", "OS-SRV-USG:terminated_at": null, "OS-EXT-AZ:availability_zone": "", "user_id": "69e19dd2b4b64e92992cca576dce36a2", "name": "tempest.common.compute-instance-995709124", "created": "2015-12-19T14:38:33Z", "tenant_id": "7b14383979f049a8bc9663023f885874", "OS-DCF:diskConfig": "MANUAL", "os-extended-volumes:volumes_attached": [], "accessIPv4": "", "accessIPv6": "", "progress": 0, "OS-EXT-STS:power_state": 0, "config_drive": "", "metadata": {}}}
2015-12-19 14:38:35,395 21173 INFO     [tempest_lib.common.rest_client] Request (TestNetworkBasicOps:test_connectivity_between_vms_on_different_networks): 200 GET http://10.0.2.15:8774/v2.1/7b14383979f049a8bc9663023f885874/servers/5b07a6c1-447b-415b-990e-e2577485dec0 0.348s
2015-12-19 14:38:35,395 21173 DEBUG    [tempest_lib.common.rest_client] Request - Headers: {'Content-Type': 'application/json', 'Accept': 'application/json', 'X-Auth-Token': '&lt;omitted&gt;'}
        Body: None
    Response - Headers: {'status': '200', 'content-length': '1480', 'content-location': 'http://10.0.2.15:8774/v2.1/7b14383979f049a8bc9663023f885874/servers/5b07a6c1-447b-415b-990e-e2577485dec0', 'x-compute-request-id': 'req-28a3c649-a0f6-4e70-922e-047c482b7405', 'vary': 'X-OpenStack-Nova-API-Version', 'connection': 'close', 'x-openstack-nova-api-version': '2.1', 'date': 'Sat, 19 Dec 2015 14:38:35 GMT', 'content-type': 'application/json'}
        Body: {"server": {"status": "BUILD", "updated": "2015-12-19T14:38:34Z", "hostId": "619f65f8ad6e54b7f97378d87c5a2a1c389f632861d8888508b4466e", "addresses": {}, "links": [{"href": "http://10.0.2.15:8774/v2.1/7b14383979f049a8bc9663023f885874/servers/5b07a6c1-447b-415b-990e-e2577485dec0", "rel": "self"}, {"href": "http://10.0.2.15:8774/7b14383979f049a8bc9663023f885874/servers/5b07a6c1-447b-415b-990e-e2577485dec0", "rel": "bookmark"}], "key_name": "tempest-TestNetworkBasicOps-1023700956", "image": {"id": "4404b085-9bc4-4b05-86f0-0337837aa661", "links": [{"href": "http://10.0.2.15:8774/7b14383979f049a8bc9663023f885874/images/4404b085-9bc4-4b05-86f0-0337837aa661", "rel": "bookmark"}]}, "OS-EXT-STS:task_state": "spawning", "OS-EXT-STS:vm_state": "building", "OS-SRV-USG:launched_at": null, "flavor": {"id": "42", "links": [{"href": "http://10.0.2.15:8774/7b14383979f049a8bc9663023f885874/flavors/42", "rel": "bookmark"}]}, "id": "5b07a6c1-447b-415b-990e-e2577485dec0", "security_groups": [{"name": "tempest-secgroup-smoke-251589999"}], "OS-SRV-USG:terminated_at": null, "OS-EXT-AZ:availability_zone": "nova", "user_id": "69e19dd2b4b64e92992cca576dce36a2", "name": "tempest.common.compute-instance-995709124", "created": "2015-12-19T14:38:33Z", "tenant_id": "7b14383979f049a8bc9663023f885874", "OS-DCF:diskConfig": "MANUAL", "os-extended-volumes:volumes_attached": [], "accessIPv4": "", "accessIPv6": "", "progress": 0, "OS-EXT-STS:power_state": 0, "config_drive": "", "metadata": {}}}
2015-12-19 14:38:35,404 21173 INFO     [tempest.common.waiters] State transition "BUILD/scheduling" ==&gt; "BUILD/spawning" after 1 second wait
2015-12-19 14:38:36,609 21173 INFO     [tempest_lib.common.rest_client] Request (TestNetworkBasicOps:test_connectivity_between_vms_on_different_networks): 200 GET http://10.0.2.15:8774/v2.1/7b14383979f049a8bc9663023f885874/servers/5b07a6c1-447b-415b-990e-e2577485dec0 0.203s
2015-12-19 14:38:36,609 21173 DEBUG    [tempest_lib.common.rest_client] Request - Headers: {'Content-Type': 'application/json', 'Accept': 'application/json', 'X-Auth-Token': '&lt;omitted&gt;'}
        Body: None
    Response - Headers: {'status': '200', 'content-length': '1480', 'content-location': 'http://10.0.2.15:8774/v2.1/7b14383979f049a8bc9663023f885874/servers/5b07a6c1-447b-415b-990e-e2577485dec0', 'x-compute-request-id': 'req-bc478c4b-5c04-469a-8bf5-77d4419d7865', 'vary': 'X-OpenStack-Nova-API-Version', 'connection': 'close', 'x-openstack-nova-api-version': '2.1', 'date': 'Sat, 19 Dec 2015 14:38:36 GMT', 'content-type': 'application/json'}
        Body: {"server": {"status": "BUILD", "updated": "2015-12-19T14:38:34Z", "hostId": "619f65f8ad6e54b7f97378d87c5a2a1c389f632861d8888508b4466e", "addresses": {}, "links": [{"href": "http://10.0.2.15:8774/v2.1/7b14383979f049a8bc9663023f885874/servers/5b07a6c1-447b-415b-990e-e2577485dec0", "rel": "self"}, {"href": "http://10.0.2.15:8774/7b14383979f049a8bc9663023f885874/servers/5b07a6c1-447b-415b-990e-e2577485dec0", "rel": "bookmark"}], "key_name": "tempest-TestNetworkBasicOps-1023700956", "image": {"id": "4404b085-9bc4-4b05-86f0-0337837aa661", "links": [{"href": "http://10.0.2.15:8774/7b14383979f049a8bc9663023f885874/images/4404b085-9bc4-4b05-86f0-0337837aa661", "rel": "bookmark"}]}, "OS-EXT-STS:task_state": "spawning", "OS-EXT-STS:vm_state": "building", "OS-SRV-USG:launched_at": null, "flavor": {"id": "42", "links": [{"href": "http://10.0.2.15:8774/7b14383979f049a8bc9663023f885874/flavors/42", "rel": "bookmark"}]}, "id": "5b07a6c1-447b-415b-990e-e2577485dec0", "security_groups": [{"name": "tempest-secgroup-smoke-251589999"}], "OS-SRV-USG:terminated_at": null, "OS-EXT-AZ:availability_zone": "nova", "user_id": "69e19dd2b4b64e92992cca576dce36a2", "name": "tempest.common.compute-instance-995709124", "created": "2015-12-19T14:38:33Z", "tenant_id": "7b14383979f049a8bc9663023f885874", "OS-DCF:diskConfig": "MANUAL", "os-extended-volumes:volumes_attached": [], "accessIPv4": "", "accessIPv6": "", "progress": 0, "OS-EXT-STS:power_state": 0, "config_drive": "", "metadata": {}}}
2015-12-19 14:38:38,003 21173 INFO     [tempest_lib.common.rest_client] Request (TestNetworkBasicOps:test_connectivity_between_vms_on_different_networks): 200 GET http://10.0.2.15:8774/v2.1/7b14383979f049a8bc9663023f885874/servers/5b07a6c1-447b-415b-990e-e2577485dec0 0.385s
2015-12-19 14:38:38,003 21173 DEBUG    [tempest_lib.common.rest_client] Request - Headers: {'Content-Type': 'application/json', 'Accept': 'application/json', 'X-Auth-Token': '&lt;omitted&gt;'}
        Body: None
    Response - Headers: {'status': '200', 'content-length': '1652', 'content-location': 'http://10.0.2.15:8774/v2.1/7b14383979f049a8bc9663023f885874/servers/5b07a6c1-447b-415b-990e-e2577485dec0', 'x-compute-request-id': 'req-6fc78462-3d6a-4287-9895-0a1d9a32eb02', 'vary': 'X-OpenStack-Nova-API-Version', 'connection': 'close', 'x-openstack-nova-api-version': '2.1', 'date': 'Sat, 19 Dec 2015 14:38:38 GMT', 'content-type': 'application/json'}
        Body: {"server": {"status": "ACTIVE", "updated": "2015-12-19T14:38:37Z", "hostId": "619f65f8ad6e54b7f97378d87c5a2a1c389f632861d8888508b4466e", "addresses": {"tempest-network-smoke--1437757225": [{"OS-EXT-IPS-MAC:mac_addr": "fa:16:3e:4f:09:22", "version": 4, "addr": "10.100.0.3", "OS-EXT-IPS:type": "fixed"}]}, "links": [{"href": "http://10.0.2.15:8774/v2.1/7b14383979f049a8bc9663023f885874/servers/5b07a6c1-447b-415b-990e-e2577485dec0", "rel": "self"}, {"href": "http://10.0.2.15:8774/7b14383979f049a8bc9663023f885874/servers/5b07a6c1-447b-415b-990e-e2577485dec0", "rel": "bookmark"}], "key_name": "tempest-TestNetworkBasicOps-1023700956", "image": {"id": "4404b085-9bc4-4b05-86f0-0337837aa661", "links": [{"href": "http://10.0.2.15:8774/7b14383979f049a8bc9663023f885874/images/4404b085-9bc4-4b05-86f0-0337837aa661", "rel": "bookmark"}]}, "OS-EXT-STS:task_state": null, "OS-EXT-STS:vm_state": "active", "OS-SRV-USG:launched_at": "2015-12-19T14:38:37.000000", "flavor": {"id": "42", "links": [{"href": "http://10.0.2.15:8774/7b14383979f049a8bc9663023f885874/flavors/42", "rel": "bookmark"}]}, "id": "5b07a6c1-447b-415b-990e-e2577485dec0", "security_groups": [{"name": "tempest-secgroup-smoke-251589999"}], "OS-SRV-USG:terminated_at": null, "OS-EXT-AZ:availability_zone": "nova", "user_id": "69e19dd2b4b64e92992cca576dce36a2", "name": "tempest.common.compute-instance-995709124", "created": "2015-12-19T14:38:33Z", "tenant_id": "7b14383979f049a8bc9663023f885874", "OS-DCF:diskConfig": "MANUAL", "os-extended-volumes:volumes_attached": [], "accessIPv4": "", "accessIPv6": "", "progress": 0, "OS-EXT-STS:power_state": 1, "config_drive": "True", "metadata": {}}}
2015-12-19 14:38:38,011 21173 INFO     [tempest.common.waiters] State transition "BUILD/spawning" ==&gt; "ACTIVE/None" after 4 second wait
2015-12-19 14:38:38,216 21173 INFO     [tempest_lib.common.rest_client] Request (TestNetworkBasicOps:test_connectivity_between_vms_on_different_networks): 200 GET http://10.0.2.15:8774/v2.1/7b14383979f049a8bc9663023f885874/servers/5b07a6c1-447b-415b-990e-e2577485dec0 0.204s
2015-12-19 14:38:38,217 21173 DEBUG    [tempest_lib.common.rest_client] Request - Headers: {'Content-Type': 'application/json', 'Accept': 'application/json', 'X-Auth-Token': '&lt;omitted&gt;'}
        Body: None
    Response - Headers: {'status': '200', 'content-length': '1652', 'content-location': 'http://10.0.2.15:8774/v2.1/7b14383979f049a8bc9663023f885874/servers/5b07a6c1-447b-415b-990e-e2577485dec0', 'x-compute-request-id': 'req-dc6e0158-de9f-48b6-943e-b500a2dc08db', 'vary': 'X-OpenStack-Nova-API-Version', 'connection': 'close', 'x-openstack-nova-api-version': '2.1', 'date': 'Sat, 19 Dec 2015 14:38:38 GMT', 'content-type': 'application/json'}
        Body: {"server": {"status": "ACTIVE", "updated": "2015-12-19T14:38:37Z", "hostId": "619f65f8ad6e54b7f97378d87c5a2a1c389f632861d8888508b4466e", "addresses": {"tempest-network-smoke--1437757225": [{"OS-EXT-IPS-MAC:mac_addr": "fa:16:3e:4f:09:22", "version": 4, "addr": "10.100.0.3", "OS-EXT-IPS:type": "fixed"}]}, "links": [{"href": "http://10.0.2.15:8774/v2.1/7b14383979f049a8bc9663023f885874/servers/5b07a6c1-447b-415b-990e-e2577485dec0", "rel": "self"}, {"href": "http://10.0.2.15:8774/7b14383979f049a8bc9663023f885874/servers/5b07a6c1-447b-415b-990e-e2577485dec0", "rel": "bookmark"}], "key_name": "tempest-TestNetworkBasicOps-1023700956", "image": {"id": "4404b085-9bc4-4b05-86f0-0337837aa661", "links": [{"href": "http://10.0.2.15:8774/7b14383979f049a8bc9663023f885874/images/4404b085-9bc4-4b05-86f0-0337837aa661", "rel": "bookmark"}]}, "OS-EXT-STS:task_state": null, "OS-EXT-STS:vm_state": "active", "OS-SRV-USG:launched_at": "2015-12-19T14:38:37.000000", "flavor": {"id": "42", "links": [{"href": "http://10.0.2.15:8774/7b14383979f049a8bc9663023f885874/flavors/42", "rel": "bookmark"}]}, "id": "5b07a6c1-447b-415b-990e-e2577485dec0", "security_groups": [{"name": "tempest-secgroup-smoke-251589999"}], "OS-SRV-USG:terminated_at": null, "OS-EXT-AZ:availability_zone": "nova", "user_id": "69e19dd2b4b64e92992cca576dce36a2", "name": "tempest.common.compute-instance-995709124", "created": "2015-12-19T14:38:33Z", "tenant_id": "7b14383979f049a8bc9663023f885874", "OS-DCF:diskConfig": "MANUAL", "os-extended-volumes:volumes_attached": [], "accessIPv4": "", "accessIPv6": "", "progress": 0, "OS-EXT-STS:power_state": 1, "config_drive": "True", "metadata": {}}}
2015-12-19 14:38:38,225 21173 INFO     [tempest.scenario.manager] Tenant networks not configured to be reachable.
2015-12-19 14:38:38,258 21173 INFO     [tempest_lib.common.rest_client] Request (TestNetworkBasicOps:test_connectivity_between_vms_on_different_networks): 200 GET http://10.0.2.15:9696/v2.0/ports?status=ACTIVE&amp;fixed_ip=None&amp;device_id=5b07a6c1-447b-415b-990e-e2577485dec0 0.032s
2015-12-19 14:38:38,258 21173 DEBUG    [tempest_lib.common.rest_client] Request - Headers: {'Content-Type': 'application/json', 'Accept': 'application/json', 'X-Auth-Token': '&lt;omitted&gt;'}
        Body: None
    Response - Headers: {'status': '200', 'content-length': '895', 'content-location': 'http://10.0.2.15:9696/v2.0/ports?status=ACTIVE&amp;fixed_ip=None&amp;device_id=5b07a6c1-447b-415b-990e-e2577485dec0', 'connection': 'close', 'date': 'Sat, 19 Dec 2015 14:38:38 GMT', 'content-type': 'application/json; charset=UTF-8', 'x-openstack-request-id': 'req-215ccf17-df15-49c9-8e21-f72e7c24f498'}
        Body: {"ports": [{"status": "ACTIVE", "binding:host_id": "vagrant-ubuntu-trusty-64", "allowed_address_pairs": [], "extra_dhcp_opts": [], "dns_assignment": [{"hostname": "host-10-100-0-3", "ip_address": "10.100.0.3", "fqdn": "host-10-100-0-3.openstacklocal."}], "device_owner": "compute:None", "port_security_enabled": true, "binding:profile": {}, "fixed_ips": [{"subnet_id": "53a4488e-3923-4743-8613-dd9959fb7a43", "ip_address": "10.100.0.3"}], "id": "f8e69331-f571-46a3-bb38-c7c6136b552b", "security_groups": ["528f83f4-8a18-45f2-ac91-17dbb5487d54"], "device_id": "5b07a6c1-447b-415b-990e-e2577485dec0", "name": "", "admin_state_up": true, "network_id": "3600e11a-85d4-4566-a327-81000f74b2af", "dns_name": "", "binding:vif_details": {"port_filter": true}, "binding:vnic_type": "normal", "binding:vif_type": "ovs", "tenant_id": "7b14383979f049a8bc9663023f885874", "mac_address": "fa:16:3e:4f:09:22"}]}
2015-12-19 14:38:38,838 21173 INFO     [tempest_lib.common.rest_client] Request (TestNetworkBasicOps:test_connectivity_between_vms_on_different_networks): 201 POST http://10.0.2.15:9696/v2.0/floatingips 0.578s
2015-12-19 14:38:38,838 21173 DEBUG    [tempest_lib.common.rest_client] Request - Headers: {'Content-Type': 'application/json', 'Accept': 'application/json', 'X-Auth-Token': '&lt;omitted&gt;'}
        Body: {"floatingip": {"floating_network_id": "3091411c-042e-4b27-8b3d-ca0606c5d518", "tenant_id": "7b14383979f049a8bc9663023f885874", "fixed_ip_address": "10.100.0.3", "port_id": "f8e69331-f571-46a3-bb38-c7c6136b552b"}}
    Response - Headers: {'status': '201', 'content-length': '367', 'connection': 'close', 'date': 'Sat, 19 Dec 2015 14:38:38 GMT', 'content-type': 'application/json; charset=UTF-8', 'x-openstack-request-id': 'req-77251eda-baef-418c-b2ee-6b0bb147b558'}
        Body: {"floatingip": {"floating_network_id": "3091411c-042e-4b27-8b3d-ca0606c5d518", "router_id": "68c46de3-fcd6-4839-ad72-980c5cba8224", "fixed_ip_address": "10.100.0.3", "floating_ip_address": "172.24.4.4", "tenant_id": "7b14383979f049a8bc9663023f885874", "status": "DOWN", "port_id": "f8e69331-f571-46a3-bb38-c7c6136b552b", "id": "2d436b72-b09c-492a-87e5-6d723d2b8352"}}
2015-12-19 14:38:38,851 21173 INFO     [tempest_lib.common.rest_client] Request (TestNetworkBasicOps:test_connectivity_between_vms_on_different_networks): 200 GET http://10.0.2.15:9696/v2.0/floatingips/2d436b72-b09c-492a-87e5-6d723d2b8352 0.012s
2015-12-19 14:38:38,851 21173 DEBUG    [tempest_lib.common.rest_client] Request - Headers: {'Content-Type': 'application/json', 'Accept': 'application/json', 'X-Auth-Token': '&lt;omitted&gt;'}
        Body: None
    Response - Headers: {'status': '200', 'content-length': '367', 'content-location': 'http://10.0.2.15:9696/v2.0/floatingips/2d436b72-b09c-492a-87e5-6d723d2b8352', 'connection': 'close', 'date': 'Sat, 19 Dec 2015 14:38:38 GMT', 'content-type': 'application/json; charset=UTF-8', 'x-openstack-request-id': 'req-1f1534f6-977a-4352-835d-b4c7583f395e'}
        Body: {"floatingip": {"floating_network_id": "3091411c-042e-4b27-8b3d-ca0606c5d518", "router_id": "68c46de3-fcd6-4839-ad72-980c5cba8224", "fixed_ip_address": "10.100.0.3", "floating_ip_address": "172.24.4.4", "tenant_id": "7b14383979f049a8bc9663023f885874", "status": "DOWN", "port_id": "f8e69331-f571-46a3-bb38-c7c6136b552b", "id": "2d436b72-b09c-492a-87e5-6d723d2b8352"}}
2015-12-19 14:38:39,873 21173 INFO     [tempest_lib.common.rest_client] Request (TestNetworkBasicOps:test_connectivity_between_vms_on_different_networks): 200 GET http://10.0.2.15:9696/v2.0/floatingips/2d436b72-b09c-492a-87e5-6d723d2b8352 0.019s
2015-12-19 14:38:39,873 21173 DEBUG    [tempest_lib.common.rest_client] Request - Headers: {'Content-Type': 'application/json', 'Accept': 'application/json', 'X-Auth-Token': '&lt;omitted&gt;'}
        Body: None
    Response - Headers: {'status': '200', 'content-length': '369', 'content-location': 'http://10.0.2.15:9696/v2.0/floatingips/2d436b72-b09c-492a-87e5-6d723d2b8352', 'connection': 'close', 'date': 'Sat, 19 Dec 2015 14:38:39 GMT', 'content-type': 'application/json; charset=UTF-8', 'x-openstack-request-id': 'req-ced8b6a7-4acc-4796-953e-7d751ba94cd0'}
        Body: {"floatingip": {"floating_network_id": "3091411c-042e-4b27-8b3d-ca0606c5d518", "router_id": "68c46de3-fcd6-4839-ad72-980c5cba8224", "fixed_ip_address": "10.100.0.3", "floating_ip_address": "172.24.4.4", "tenant_id": "7b14383979f049a8bc9663023f885874", "status": "ACTIVE", "port_id": "f8e69331-f571-46a3-bb38-c7c6136b552b", "id": "2d436b72-b09c-492a-87e5-6d723d2b8352"}}
2015-12-19 14:38:39,873 21173 INFO     [tempest.scenario.manager] FloatingIP: &lt;"FloatingIP" addr="172.24.4.4" id="2d436b72-b09c-492a-87e5-6d723d2b8352"&gt; is at status: ACTIVE
2015-12-19 14:38:39,873 21173 DEBUG    [tempest.scenario.manager] checking network connections to IP 172.24.4.4 with user: cirros
2015-12-19 14:38:39,874 21173 DEBUG    [tempest.scenario.manager] TestNetworkBasicOps:test_connectivity_between_vms_on_different_networks begins to ping 172.24.4.4 in 120 sec and the expected result is reachable
2015-12-19 14:40:40,214 21173 DEBUG    [tempest.scenario.manager] TestNetworkBasicOps:test_connectivity_between_vms_on_different_networks finishes ping 172.24.4.4 in 120 sec and the ping result is unexpected
2015-12-19 14:40:40,215 21173 ERROR    [tempest.scenario.manager] Public network connectivity check failed
2015-12-19 14:40:40.215 21173 ERROR tempest.scenario.manager Traceback (most recent call last):
2015-12-19 14:40:40.215 21173 ERROR tempest.scenario.manager   File "tempest/scenario/manager.py", line 608, in check_public_network_connectivity
2015-12-19 14:40:40.215 21173 ERROR tempest.scenario.manager     should_connect=should_connect)
2015-12-19 14:40:40.215 21173 ERROR tempest.scenario.manager   File "tempest/scenario/manager.py", line 592, in check_vm_connectivity
2015-12-19 14:40:40.215 21173 ERROR tempest.scenario.manager     msg=msg)
2015-12-19 14:40:40.215 21173 ERROR tempest.scenario.manager   File "/usr/local/lib/python2.7/dist-packages/unittest2/case.py", line 702, in assertTrue
2015-12-19 14:40:40.215 21173 ERROR tempest.scenario.manager     raise self.failureException(msg)
2015-12-19 14:40:40.215 21173 ERROR tempest.scenario.manager AssertionError: False is not true : Timed out waiting for 172.24.4.4 to become reachable
2015-12-19 14:40:40.215 21173 ERROR tempest.scenario.manager 
2015-12-19 14:40:40,445 21173 INFO     [tempest_lib.common.rest_client] Request (TestNetworkBasicOps:test_connectivity_between_vms_on_different_networks): 200 POST http://10.0.2.15:8774/v2.1/7b14383979f049a8bc9663023f885874/servers/5b07a6c1-447b-415b-990e-e2577485dec0/action 0.227s
2015-12-19 14:40:40,446 21173 DEBUG    [tempest_lib.common.rest_client] Request - Headers: {'Content-Type': 'application/json', 'Accept': 'application/json', 'X-Auth-Token': '&lt;omitted&gt;'}
        Body: {"os-getConsoleOutput": {}}
    Response - Headers: {'status': '200', 'content-length': '17429', 'x-compute-request-id': 'req-315ffbbe-f2b7-4d10-b7ba-561118d39b24', 'vary': 'X-OpenStack-Nova-API-Version', 'connection': 'close', 'x-openstack-nova-api-version': '2.1', 'date': 'Sat, 19 Dec 2015 14:40:40 GMT', 'content-type': 'application/json'}
        Body: {"output": "[    0.000000] Initializing cgroup subsys cpuset\n[    0.000000] Initializing cgroup subsys cpu\n[    0.000000] Linux version 3.2.0-80-virtual (buildd@batsu) (gcc version 4.6.3 (Ubuntu/Linaro 4.6.3-1ubuntu5) ) #116-Ubuntu SMP Mon Mar 23 17:28:52 UTC 2015 (Ubuntu 3.2.0-80.116-virtual 3.2.68)\n[    0.000000] Command line: root=/dev/vda console=tty0 console=ttyS0 no_timer_check\n[    0.000000] KERNEL supported cpus:\n[    0.000000]   Intel GenuineIntel\n[    0.000000]   AMD AuthenticAMD\n[    0.000000]   Centaur CentaurHauls\n[    0.000000] BIOS-provided physical RAM map:\n[    0.000000]  BIOS-e820: 0000000000000000 - 000000000009fc00 (usable)\n[    0.000000]  BIOS-e820: 000000000009fc00 - 00000000000a0000 (reserved)\n[    0.000000]  BIOS-e820: 00000000000f0000 - 0000000000100000 (reserved)\n[    0.000000]  BIOS-e820: 0000000000100000 - 0000000003ffe000 (usable)\n[    0.000000]  BIOS-e820: 0000000003ffe000 - 0000000004000000 (reserved)\n[    0.000000]  BIOS-e820: 00000000fffc0000 - 0000000100000000 (reserved)\n[    0.000000] NX (Execute Disable) protection: active\n[    0.000000] SMBIOS 2.4 present.\n[    0.000000] No AGP bridge found\n[    0.000000] last_pfn = 0x3ffe max_arch_pfn = 0x400000000\n[    0.000000] x86 PAT enabled: cpu 0, old 0x7040600070406, new 0x7010600070106\n[    0.000000] found SMP MP-table at [ffff8800000f0b00] f0b00\n[    0.000000] init_memory_mapping: 0000000000000000-0000000003ffe000\n[    0.000000] RAMDISK: 03c5e000 - 03ff0000\n[    0.000000] ACPI: RSDP 00000000000f0950 00014 (v00 BOCHS )\n[    0.000000] ACPI: RSDT 0000000003fffbc1 00034 (v01 BOCHS  BXPCRSDT 00000001 BXPC 00000001)\n[    0.000000] ACPI: FACP 0000000003fff1c0 00074 (v01 BOCHS  BXPCFACP 00000001 BXPC 00000001)\n[    0.000000] ACPI: DSDT 0000000003ffe040 01180 (v01 BOCHS  BXPCDSDT 00000001 BXPC 00000001)\n[    0.000000] ACPI: FACS 0000000003ffe000 00040\n[    0.000000] ACPI: SSDT 0000000003fff234 008DD (v01 BOCHS  BXPCSSDT 00000001 BXPC 00000001)\n[    0.000000] ACPI: APIC 0000000003fffb11 00078 (v01 BOCHS  BXPCAPIC 00000001 BXPC 00000001)\n[    0.000000] ACPI: HPET 0000000003fffb89 00038 (v01 BOCHS  BXPCHPET 00000001 BXPC 00000001)\n[    0.000000] No NUMA configuration found\n[    0.000000] Faking a node at 0000000000000000-0000000003ffe000\n[    0.000000] Initmem setup node 0 0000000000000000-0000000003ffe000\n[    0.000000]   NODE_DATA [0000000003ff6000 - 0000000003ffafff]\n[    0.000000] Zone PFN ranges:\n[    0.000000]   DMA      0x00000010 -&gt; 0x00001000\n[    0.000000]   DMA32    0x00001000 -&gt; 0x00100000\n[    0.000000]   Normal   empty\n[    0.000000] Movable zone start PFN for each node\n[    0.000000] early_node_map[2] active PFN ranges\n[    0.000000]     0: 0x00000010 -&gt; 0x0000009f\n[    0.000000]     0: 0x00000100 -&gt; 0x00003ffe\n[    0.000000] ACPI: PM-Timer IO Port: 0xb008\n[    0.000000] ACPI: LAPIC (acpi_id[0x00] lapic_id[0x00] enabled)\n[    0.000000] ACPI: LAPIC_NMI (acpi_id[0xff] dfl dfl lint[0x1])\n[    0.000000] ACPI: IOAPIC (id[0x00] address[0xfec00000] gsi_base[0])\n[    0.000000] IOAPIC[0]: apic_id 0, version 17, address 0xfec00000, GSI 0-23\n[    0.000000] ACPI: INT_SRC_OVR (bus 0 bus_irq 0 global_irq 2 dfl dfl)\n[    0.000000] ACPI: INT_SRC_OVR (bus 0 bus_irq 5 global_irq 5 high level)\n[    0.000000] ACPI: INT_SRC_OVR (bus 0 bus_irq 9 global_irq 9 high level)\n[    0.000000] ACPI: INT_SRC_OVR (bus 0 bus_irq 10 global_irq 10 high level)\n[    0.000000] ACPI: INT_SRC_OVR (bus 0 bus_irq 11 global_irq 11 high level)\n[    0.000000] Using ACPI (MADT) for SMP configuration information\n[    0.000000] ACPI: HPET id: 0x8086a201 base: 0xfed00000\n[    0.000000] SMP: Allowing 1 CPUs, 0 hotplug CPUs\n[    0.000000] PM: Registered nosave memory: 000000000009f000 - 00000000000a0000\n[    0.000000] PM: Registered nosave memory: 00000000000a0000 - 00000000000f0000\n[    0.000000] PM: Registered nosave memory: 00000000000f0000 - 0000000000100000\n[    0.000000] Allocating PCI resources starting at 4000000 (gap: 4000000:fbfc0000)\n[    0.000000] Booting paravirtualized kernel on bare hardware\n[    0.000000] setup_pe
2015-12-19 14:40:40,449 21173 DEBUG    [tempest.scenario.manager] Console output for 5b07a6c1-447b-415b-990e-e2577485dec0
body=
[    0.000000] Initializing cgroup subsys cpuset
[    0.000000] Initializing cgroup subsys cpu
[    0.000000] Linux version 3.2.0-80-virtual (buildd@batsu) (gcc version 4.6.3 (Ubuntu/Linaro 4.6.3-1ubuntu5) ) #116-Ubuntu SMP Mon Mar 23 17:28:52 UTC 2015 (Ubuntu 3.2.0-80.116-virtual 3.2.68)
[    0.000000] Command line: root=/dev/vda console=tty0 console=ttyS0 no_timer_check
[    0.000000] KERNEL supported cpus:
[    0.000000]   Intel GenuineIntel
[    0.000000]   AMD AuthenticAMD
[    0.000000]   Centaur CentaurHauls
[    0.000000] BIOS-provided physical RAM map:
[    0.000000]  BIOS-e820: 0000000000000000 - 000000000009fc00 (usable)
[    0.000000]  BIOS-e820: 000000000009fc00 - 00000000000a0000 (reserved)
[    0.000000]  BIOS-e820: 00000000000f0000 - 0000000000100000 (reserved)
[    0.000000]  BIOS-e820: 0000000000100000 - 0000000003ffe000 (usable)
[    0.000000]  BIOS-e820: 0000000003ffe000 - 0000000004000000 (reserved)
[    0.000000]  BIOS-e820: 00000000fffc0000 - 0000000100000000 (reserved)
[    0.000000] NX (Execute Disable) protection: active
[    0.000000] SMBIOS 2.4 present.
[    0.000000] No AGP bridge found
[    0.000000] last_pfn = 0x3ffe max_arch_pfn = 0x400000000
[    0.000000] x86 PAT enabled: cpu 0, old 0x7040600070406, new 0x7010600070106
[    0.000000] found SMP MP-table at [ffff8800000f0b00] f0b00
[    0.000000] init_memory_mapping: 0000000000000000-0000000003ffe000
[    0.000000] RAMDISK: 03c5e000 - 03ff0000
[    0.000000] ACPI: RSDP 00000000000f0950 00014 (v00 BOCHS )
[    0.000000] ACPI: RSDT 0000000003fffbc1 00034 (v01 BOCHS  BXPCRSDT 00000001 BXPC 00000001)
[    0.000000] ACPI: FACP 0000000003fff1c0 00074 (v01 BOCHS  BXPCFACP 00000001 BXPC 00000001)
[    0.000000] ACPI: DSDT 0000000003ffe040 01180 (v01 BOCHS  BXPCDSDT 00000001 BXPC 00000001)
[    0.000000] ACPI: FACS 0000000003ffe000 00040
[    0.000000] ACPI: SSDT 0000000003fff234 008DD (v01 BOCHS  BXPCSSDT 00000001 BXPC 00000001)
[    0.000000] ACPI: APIC 0000000003fffb11 00078 (v01 BOCHS  BXPCAPIC 00000001 BXPC 00000001)
[    0.000000] ACPI: HPET 0000000003fffb89 00038 (v01 BOCHS  BXPCHPET 00000001 BXPC 00000001)
[    0.000000] No NUMA configuration found
[    0.000000] Faking a node at 0000000000000000-0000000003ffe000
[    0.000000] Initmem setup node 0 0000000000000000-0000000003ffe000
[    0.000000]   NODE_DATA [0000000003ff6000 - 0000000003ffafff]
[    0.000000] Zone PFN ranges:
[    0.000000]   DMA      0x00000010 -&gt; 0x00001000
[    0.000000]   DMA32    0x00001000 -&gt; 0x00100000
[    0.000000]   Normal   empty
[    0.000000] Movable zone start PFN for each node
[    0.000000] early_node_map[2] active PFN ranges
[    0.000000]     0: 0x00000010 -&gt; 0x0000009f
[    0.000000]     0: 0x00000100 -&gt; 0x00003ffe
[    0.000000] ACPI: PM-Timer IO Port: 0xb008
[    0.000000] ACPI: LAPIC (acpi_id[0x00] lapic_id[0x00] enabled)
[    0.000000] ACPI: LAPIC_NMI (acpi_id[0xff] dfl dfl lint[0x1])
[    0.000000] ACPI: IOAPIC (id[0x00] address[0xfec00000] gsi_base[0])
[    0.000000] IOAPIC[0]: apic_id 0, version 17, address 0xfec00000, GSI 0-23
[    0.000000] ACPI: INT_SRC_OVR (bus 0 bus_irq 0 global_irq 2 dfl dfl)
[    0.000000] ACPI: INT_SRC_OVR (bus 0 bus_irq 5 global_irq 5 high level)
[    0.000000] ACPI: INT_SRC_OVR (bus 0 bus_irq 9 global_irq 9 high level)
[    0.000000] ACPI: INT_SRC_OVR (bus 0 bus_irq 10 global_irq 10 high level)
[    0.000000] ACPI: INT_SRC_OVR (bus 0 bus_irq 11 global_irq 11 high level)
[    0.000000] Using ACPI (MADT) for SMP configuration information
[    0.000000] ACPI: HPET id: 0x8086a201 base: 0xfed00000
[    0.000000] SMP: Allowing 1 CPUs, 0 hotplug CPUs
[    0.000000] PM: Registered nosave memory: 000000000009f000 - 00000000000a0000
[    0.000000] PM: Registered nosave memory: 00000000000a0000 - 00000000000f0000
[    0.000000] PM: Registered nosave memory: 00000000000f0000 - 0000000000100000
[    0.000000] Allocating PCI resources starting at 4000000 (gap: 4000000:fbfc0000)
[    0.000000] Booting paravirtualized kernel on bare hardware
[    0.000000] setup_percpu: NR_CPUS:64 nr_cpumask_bits:64 nr_cpu_ids:1 nr_node_ids:1
[    0.000000] PERCPU: Embedded 27 pages/cpu @ffff880003a00000 s78848 r8192 d23552 u2097152
[    0.000000] Built 1 zonelists in Node order, mobility grouping on.  Total pages: 16008
[    0.000000] Policy zone: DMA32
[    0.000000] Kernel command line: root=/dev/vda console=tty0 console=ttyS0 no_timer_check
[    0.000000] PID hash table entries: 256 (order: -1, 2048 bytes)
[    0.000000] Checking aperture...
[    0.000000] No AGP bridge found
[    0.000000] Memory: 43492k/65528k available (6576k kernel code, 452k absent, 21584k reserved, 6620k data, 928k init)
[    0.000000] SLUB: Genslabs=15, HWalign=64, Order=0-3, MinObjects=0, CPUs=1, Nodes=1
[    0.000000] Hierarchical RCU implementation.
[    0.000000] 	RCU dyntick-idle grace-period acceleration is enabled.
[    0.000000] NR_IRQS:4352 nr_irqs:256 16
[    0.000000] Console: colour VGA+ 80x25
[    0.000000] console [tty0] enabled
[    0.000000] console [ttyS0] enabled
[    0.000000] allocated 1048576 bytes of page_cgroup
[    0.000000] please try 'cgroup_disable=memory' option if you don't want memory cgroups
[    0.000000] Fast TSC calibration failed
[    0.000000] TSC: Unable to calibrate against PIT
[    0.000000] TSC: using HPET reference calibration
[    0.000000] Detected 2294.402 MHz processor.
[    0.032893] Calibrating delay loop (skipped), value calculated using timer frequency.. 4588.80 BogoMIPS (lpj=9177608)
[    0.036850] pid_max: default: 32768 minimum: 301
[    0.045781] Security Framework initialized
[    0.052209] AppArmor: AppArmor initialized
[    0.052911] Yama: becoming mindful.
[    0.060003] Dentry cache hash table entries: 8192 (order: 4, 65536 bytes)
[    0.060581] Inode-cache hash table entries: 4096 (order: 3, 32768 bytes)
[    0.064196] Mount-cache hash table entries: 256
[    0.080843] Initializing cgroup subsys cpuacct
[    0.081755] Initializing cgroup subsys memory
[    0.084240] Initializing cgroup subsys devices
[    0.084985] Initializing cgroup subsys freezer
[    0.085642] Initializing cgroup subsys blkio
[    0.086538] Initializing cgroup subsys perf_event
[    0.096277] mce: CPU supports 10 MCE banks
[    0.102574] SMP alternatives: switching to UP code
[    0.518620] Freeing SMP alternatives: 24k freed
[    0.520798] ACPI: Core revision 20110623
[    0.573746] ftrace: allocating 26610 entries in 105 pages
[    0.609666] ..TIMER: vector=0x30 apic1=0 pin1=2 apic2=-1 pin2=-1
[    0.611092] CPU0: AMD QEMU Virtual CPU version 2.0.0 stepping 03
[    0.616037] Performance Events: Broken PMU hardware detected, using software events only.
[    0.627256] NMI watchdog disabled (cpu0): hardware events not enabled
[    0.628909] Brought up 1 CPUs
[    0.629425] Total of 1 processors activated (4588.80 BogoMIPS).
[    0.657086] devtmpfs: initialized
[    0.688175] EVM: security.selinux
[    0.688697] EVM: security.SMACK64
[    0.689518] EVM: security.capability
[    0.720920] print_constraints: dummy: 
[    0.722741] RTC time: 14:38:40, date: 12/19/15
[    0.725958] NET: Registered protocol family 16
[    0.734104] ACPI: bus type pci registered
[    0.738933] PCI: Using configuration type 1 for base access
[    0.767489] bio: create slab &lt;bio-0&gt; at 0
[    0.772285] ACPI: Added _OSI(Module Device)
[    0.772767] ACPI: Added _OSI(Processor Device)
[    0.773319] ACPI: Added _OSI(3.0 _SCP Extensions)
[    0.776100] ACPI: Added _OSI(Processor Aggregator Device)
[    0.850659] ACPI: Interpreter enabled
[    0.851321] ACPI: (supports S0 S3 S4 S5)
[    0.853601] ACPI: Using IOAPIC for interrupt routing
[    0.922668] ACPI: No dock devices found.
[    0.923316] HEST: Table not found.
[    0.924212] PCI: Using host bridge windows from ACPI; if necessary, use "pci=nocrs" and report a bug
[    0.930058] ACPI: PCI Root Bridge [PCI0] (domain 0000 [bus 00-ff])
[    0.934189] pci_root PNP0A03:00: host bridge window [io  0x0000-0x0cf7]
[    0.936158] pci_root PNP0A03:00: host bridge window [io  0x0d00-0xadff]
[    0.937198] pci_root PNP0A03:00: host bridge window [io  0xae0f-0xaeff]
[    0.938088] pci_root PNP0A03:00: host bridge window [io  0xaf20-0xafdf]
[    0.940108] pci_root PNP0A03:00: host bridge window [io  0xafe4-0xffff]
[    0.941386] pci_root PNP0A03:00: host bridge window [mem 0x000a0000-0x000bffff]
[    0.942260] pci_root PNP0A03:00: host bridge window [mem 0x04000000-0xfebfffff]
[    0.964607] pci 0000:00:01.3: quirk: [io  0xb000-0xb03f] claimed by PIIX4 ACPI
[    0.965864] pci 0000:00:01.3: quirk: [io  0xb100-0xb10f] claimed by PIIX4 SMB
[    1.037944]  pci0000:00: Unable to request _OSC control (_OSC support mask: 0x1e)
[    1.095177] ACPI: PCI Interrupt Link [LNKA] (IRQs 5 *10 11)
[    1.097895] ACPI: PCI Interrupt Link [LNKB] (IRQs 5 *10 11)
[    1.100718] ACPI: PCI Interrupt Link [LNKC] (IRQs 5 10 *11)
[    1.102510] ACPI: PCI Interrupt Link [LNKD] (IRQs 5 10 *11)
[    1.104572] ACPI: PCI Interrupt Link [LNKS] (IRQs *9)
[    1.111542] vgaarb: device added: PCI:0000:00:02.0,decodes=io+mem,owns=io+mem,locks=none
[    1.112195] vgaarb: loaded
[    1.112637] vgaarb: bridge control possible 0000:00:02.0
[    1.117187] i2c-core: driver [aat2870] using legacy suspend method
[    1.118100] i2c-core: driver [aat2870] using legacy resume method
[    1.121058] SCSI subsystem initialized
[    1.124690] usbcore: registered new interface driver usbfs
[    1.125921] usbcore: registered new interface driver hub
[    1.127073] usbcore: registered new device driver usb
[    1.130652] PCI: Using ACPI for IRQ routing
[    1.141202] NetLabel: Initializing
[    1.141703] NetLabel:  domain hash size = 128
[    1.142184] NetLabel:  protocols = UNLABELED CIPSOv4
[    1.145816] NetLabel:  unlabeled traffic allowed by default
[    1.148360] HPET: 3 timers in total, 0 timers will be used for per-cpu timer
[    1.149578] hpet0: at MMIO 0xfed00000, IRQs 2, 8, 0
[    1.150888] hpet0: 3 comparators, 64-bit 100.000000 MHz counter
[    1.165260] Switching to clocksource hpet
[    1.438436] AppArmor: AppArmor Filesystem Enabled
[    1.439869] pnp: PnP ACPI init
[    1.441510] ACPI: bus type pnp registered
[    1.461627] pnp: PnP ACPI: found 9 devices
[    1.462232] ACPI: ACPI bus type pnp unregistered
[    1.525212] NET: Registered protocol family 2
[    1.561476] IP route cache hash table entries: 512 (order: 0, 4096 bytes)
[    1.569795] TCP established hash table entries: 2048 (order: 3, 32768 bytes)
[    1.571707] TCP bind hash table entries: 2048 (order: 3, 32768 bytes)
[    1.573447] TCP: Hash tables configured (established 2048 bind 2048)
[    1.574284] TCP reno registered
[    1.575327] UDP hash table entries: 128 (order: 0, 4096 bytes)
[    1.576525] UDP-Lite hash table entries: 128 (order: 0, 4096 bytes)
[    1.579954] NET: Registered protocol family 1
[    1.581641] pci 0000:00:00.0: Limiting direct PCI/PCI transfers
[    1.582349] pci 0000:00:01.0: PIIX3: Enabling Passive Release
[    1.583444] pci 0000:00:01.0: Activating ISA DMA hang workarounds
[    1.589478] ACPI: PCI Interrupt Link [LNKD] enabled at IRQ 11
[    1.590418] pci 0000:00:01.2: PCI INT D -&gt; Link[LNKD] -&gt; GSI 11 (level, high) -&gt; IRQ 11
[    1.592857] pci 0000:00:01.2: PCI INT D disabled
[    1.613886] Trying to unpack rootfs image as initramfs...
[    1.634649] audit: initializing netlink socket (disabled)
[    1.636173] type=2000 audit(1450535920.632:1): initialized
[    1.947616] HugeTLB registered 2 MB page size, pre-allocated 0 pages
[    2.011205] VFS: Disk quotas dquot_6.5.2
[    2.013447] Dquot-cache hash table entries: 512 (order 0, 4096 bytes)
[    2.051218] fuse init (API version 7.17)
[    2.055467] msgmni has been set to 84
[    2.094477] Block layer SCSI generic (bsg) driver version 0.4 loaded (major 253)
[    2.097631] io scheduler noop registered
[    2.098133] io scheduler deadline registered (default)
[    2.099546] io scheduler cfq registered
[    2.103763] pci_hotplug: PCI Hot Plug PCI Core version: 0.5
[    2.106369] pciehp: PCI Express Hot Plug Controller Driver version: 0.4
[    2.111668] input: Power Button as /devices/LNXSYSTM:00/LNXPWRBN:00/input/input0
[    2.113842] ACPI: Power Button [PWRF]
[    2.169509] ERST: Table is not found!
[    2.170086] GHES: HEST is not enabled!
[    2.185683] ACPI: PCI Interrupt Link [LNKC] enabled at IRQ 10
[    2.186553] virtio-pci 0000:00:03.0: PCI INT A -&gt; Link[LNKC] -&gt; GSI 10 (level, high) -&gt; IRQ 10
[    2.190418] virtio-pci 0000:00:04.0: PCI INT A -&gt; Link[LNKD] -&gt; GSI 11 (level, high) -&gt; IRQ 11
[    2.203125] ACPI: PCI Interrupt Link [LNKA] enabled at IRQ 10
[    2.203942] virtio-pci 0000:00:05.0: PCI INT A -&gt; Link[LNKA] -&gt; GSI 10 (level, high) -&gt; IRQ 10
[    2.214460] Serial: 8250/16550 driver, 32 ports, IRQ sharing enabled
[    2.262037] serial8250: ttyS0 at I/O 0x3f8 (irq = 4) is a 16550A
[    2.362028] serial8250: ttyS1 at I/O 0x2f8 (irq = 3) is a 16550A
[    2.500624] 00:05: ttyS0 at I/O 0x3f8 (irq = 4) is a 16550A
[    2.588574] 00:06: ttyS1 at I/O 0x2f8 (irq = 3) is a 16550A
[    2.598194] Refined TSC clocksource calibration: 2294.428 MHz.
[    2.599058] Switching to clocksource tsc
[    2.638764] Linux agpgart interface v0.103
[    2.722093] brd: module loaded
[    2.758398] loop: module loaded
[    2.845584]  vda: unknown partition table
[    2.901809] scsi0 : ata_piix
[    2.904196] scsi1 : ata_piix
[    2.907093] ata1: PATA max MWDMA2 cmd 0x1f0 ctl 0x3f6 bmdma 0xc0a0 irq 14
[    2.907878] ata2: PATA max MWDMA2 cmd 0x170 ctl 0x376 bmdma 0xc0a8 irq 15
[    2.918912] Fixed MDIO Bus: probed
[    2.919705] tun: Universal TUN/TAP device driver, 1.6
[    2.920651] tun: (C) 1999-2004 Max Krasnyansky &lt;maxk@qualcomm.com&gt;
[    2.938861] PPP generic driver version 2.4.2
[    2.958135] ehci_hcd: USB 2.0 'Enhanced' Host Controller (EHCI) Driver
[    2.959288] ohci_hcd: USB 1.1 'Open' Host Controller (OHCI) Driver
[    2.960132] uhci_hcd: USB Universal Host Controller Interface driver
[    2.961741] uhci_hcd 0000:00:01.2: PCI INT D -&gt; Link[LNKD] -&gt; GSI 11 (level, high) -&gt; IRQ 11
[    2.964137] uhci_hcd 0000:00:01.2: UHCI Host Controller
[    2.973889] uhci_hcd 0000:00:01.2: new USB bus registered, assigned bus number 1
[    2.975974] uhci_hcd 0000:00:01.2: irq 11, io base 0x0000c040
[    3.002027] hub 1-0:1.0: USB hub found
[    3.004056] hub 1-0:1.0: 2 ports detected
[    3.011123] usbcore: registered new interface driver libusual
[    3.013460] i8042: PNP: PS/2 Controller [PNP0303:KBD,PNP0f13:MOU] at 0x60,0x64 irq 1,12
[    3.020993] serio: i8042 KBD port at 0x60,0x64 irq 1
[    3.022702] serio: i8042 AUX port at 0x60,0x64 irq 12
[    3.053895] mousedev: PS/2 mouse device common for all mice
[    3.078760] input: AT Translated Set 2 keyboard as /devices/platform/i8042/serio0/input/input1
[    3.084132] rtc_cmos 00:01: RTC can wake from S4
[    3.098689] rtc_cmos 00:01: rtc core: registered rtc_cmos as rtc0
[    3.101184] rtc0: alarms up to one day, 114 bytes nvram, hpet irqs
[    3.104430] device-mapper: uevent: version 1.0.3
[    3.142219] device-mapper: ioctl: 4.22.0-ioctl (2011-10-19) initialised: dm-devel@redhat.com
[    3.145562] cpuidle: using governor ladder
[    3.146530] cpuidle: using governor menu
[    3.147738] EFI Variables Facility v0.08 2004-May-17
[    3.160292] TCP cubic registered
[    3.163704] NET: Registered protocol family 10
[    3.187628] NET: Registered protocol family 17
[    3.189938] Registering the dns_resolver key type
[    3.209108] ata2.01: ATAPI: QEMU DVD-ROM, 2.0.0, max UDMA/100
[    3.217200] ata2.01: configured for MWDMA2
[    3.247482] scsi 1:0:1:0: CD-ROM            QEMU     QEMU DVD-ROM     2.0. PQ: 0 ANSI: 5
[    3.273547] sr0: scsi3-mmc drive: 4x/4x cd/rw xa/form2 tray
[    3.274975] cdrom: Uniform CD-ROM driver Revision: 3.20
[    3.291401] sr 1:0:1:0: Attached scsi generic sg0 type 5
[    3.316145] registered taskstats version 1
[    3.379552] Freeing initrd memory: 3656k freed
[    3.862301]   Magic number: 11:530:637
[    3.871418] rtc_cmos 00:01: setting system clock to 2015-12-19 14:38:43 UTC (1450535923)
[    3.874425] powernow-k8: Processor cpuid 663 not supported
[    3.890961] BIOS EDD facility v0.16 2004-Jun-25, 0 devices found
[    3.892078] EDD information not available.
[    3.955690] Freeing unused kernel memory: 928k freed
[    3.961172] Write protecting the kernel read-only data: 12288k
[    4.079054] Freeing unused kernel memory: 1596k freed
[    4.170150] Freeing unused kernel memory: 1184k freed

info: initramfs: up at 4.35
modprobe: module virtio_blk not found in modules.dep
modprobe: module virtio_net not found in modules.dep
info: copying initramfs to /dev/vda
info: initramfs loading root from /dev/vda
info: /etc/init.d/rc.sysinit: up at 9.09
info: container: none
Starting logging: OK
modprobe: module virtio_blk not found in modules.dep
modprobe: module virtio_net not found in modules.dep
WARN: /etc/rc3.d/S10-load-modules failed
Initializing random number generator... done.
Starting acpid: OK
cirros-ds 'local' up at 11.66
found datasource (configdrive, local)
Starting network...
udhcpc (v1.20.1) started
Sending discover...
Sending discover...

2015-12-19 14:40:40,735 21173 INFO     [tempest_lib.common.rest_client] Request (TestNetworkBasicOps:_run_cleanups): 204 DELETE http://10.0.2.15:9696/v2.0/floatingips/2d436b72-b09c-492a-87e5-6d723d2b8352 0.279s
2015-12-19 14:40:40,736 21173 DEBUG    [tempest_lib.common.rest_client] Request - Headers: {'Content-Type': 'application/json', 'Accept': 'application/json', 'X-Auth-Token': '&lt;omitted&gt;'}
        Body: None
    Response - Headers: {'date': 'Sat, 19 Dec 2015 14:40:40 GMT', 'status': '204', 'connection': 'close', 'content-length': '0', 'x-openstack-request-id': 'req-5e21d88b-2834-4d0b-b3f0-f9be1f0fe8cf'}
        Body: 
2015-12-19 14:40:41,037 21173 INFO     [tempest_lib.common.rest_client] Request (TestNetworkBasicOps:_run_cleanups): 204 DELETE http://10.0.2.15:8774/v2.1/7b14383979f049a8bc9663023f885874/servers/5b07a6c1-447b-415b-990e-e2577485dec0 0.300s
2015-12-19 14:40:41,038 21173 DEBUG    [tempest_lib.common.rest_client] Request - Headers: {'Content-Type': 'application/json', 'Accept': 'application/json', 'X-Auth-Token': '&lt;omitted&gt;'}
        Body: None
    Response - Headers: {'status': '204', 'content-length': '0', 'x-compute-request-id': 'req-a6f76575-5a60-4f31-9552-d877499ea426', 'vary': 'X-OpenStack-Nova-API-Version', 'connection': 'close', 'x-openstack-nova-api-version': '2.1', 'date': 'Sat, 19 Dec 2015 14:40:41 GMT', 'content-type': 'application/json'}
        Body: 
2015-12-19 14:40:41,375 21173 INFO     [tempest_lib.common.rest_client] Request (TestNetworkBasicOps:_run_cleanups): 200 GET http://10.0.2.15:8774/v2.1/7b14383979f049a8bc9663023f885874/servers/5b07a6c1-447b-415b-990e-e2577485dec0 0.336s
2015-12-19 14:40:41,375 21173 DEBUG    [tempest_lib.common.rest_client] Request - Headers: {'Content-Type': 'application/json', 'Accept': 'application/json', 'X-Auth-Token': '&lt;omitted&gt;'}
        Body: None
    Response - Headers: {'status': '200', 'content-length': '1775', 'content-location': 'http://10.0.2.15:8774/v2.1/7b14383979f049a8bc9663023f885874/servers/5b07a6c1-447b-415b-990e-e2577485dec0', 'x-compute-request-id': 'req-8443a4f5-0d51-44b6-b116-370fb41b231e', 'vary': 'X-OpenStack-Nova-API-Version', 'connection': 'close', 'x-openstack-nova-api-version': '2.1', 'date': 'Sat, 19 Dec 2015 14:40:41 GMT', 'content-type': 'application/json'}
        Body: {"server": {"status": "ACTIVE", "updated": "2015-12-19T14:40:40Z", "hostId": "619f65f8ad6e54b7f97378d87c5a2a1c389f632861d8888508b4466e", "addresses": {"tempest-network-smoke--1437757225": [{"OS-EXT-IPS-MAC:mac_addr": "fa:16:3e:4f:09:22", "version": 4, "addr": "10.100.0.3", "OS-EXT-IPS:type": "fixed"}, {"OS-EXT-IPS-MAC:mac_addr": "fa:16:3e:4f:09:22", "version": 4, "addr": "172.24.4.4", "OS-EXT-IPS:type": "floating"}]}, "links": [{"href": "http://10.0.2.15:8774/v2.1/7b14383979f049a8bc9663023f885874/servers/5b07a6c1-447b-415b-990e-e2577485dec0", "rel": "self"}, {"href": "http://10.0.2.15:8774/7b14383979f049a8bc9663023f885874/servers/5b07a6c1-447b-415b-990e-e2577485dec0", "rel": "bookmark"}], "key_name": "tempest-TestNetworkBasicOps-1023700956", "image": {"id": "4404b085-9bc4-4b05-86f0-0337837aa661", "links": [{"href": "http://10.0.2.15:8774/7b14383979f049a8bc9663023f885874/images/4404b085-9bc4-4b05-86f0-0337837aa661", "rel": "bookmark"}]}, "OS-EXT-STS:task_state": "deleting", "OS-EXT-STS:vm_state": "active", "OS-SRV-USG:launched_at": "2015-12-19T14:38:37.000000", "flavor": {"id": "42", "links": [{"href": "http://10.0.2.15:8774/7b14383979f049a8bc9663023f885874/flavors/42", "rel": "bookmark"}]}, "id": "5b07a6c1-447b-415b-990e-e2577485dec0", "security_groups": [{"name": "tempest-secgroup-smoke-251589999"}], "OS-SRV-USG:terminated_at": null, "OS-EXT-AZ:availability_zone": "nova", "user_id": "69e19dd2b4b64e92992cca576dce36a2", "name": "tempest.common.compute-instance-995709124", "created": "2015-12-19T14:38:33Z", "tenant_id": "7b14383979f049a8bc9663023f885874", "OS-DCF:diskConfig": "MANUAL", "os-extended-volumes:volumes_attached": [], "accessIPv4": "", "accessIPv6": "", "progress": 0, "OS-EXT-STS:power_state": 1, "config_drive": "True", "metadata": {}}}
2015-12-19 14:40:42,524 21173 INFO     [tempest_lib.common.rest_client] Request (TestNetworkBasicOps:_run_cleanups): 200 GET http://10.0.2.15:8774/v2.1/7b14383979f049a8bc9663023f885874/servers/5b07a6c1-447b-415b-990e-e2577485dec0 0.136s
2015-12-19 14:40:42,524 21173 DEBUG    [tempest_lib.common.rest_client] Request - Headers: {'Content-Type': 'application/json', 'Accept': 'application/json', 'X-Auth-Token': '&lt;omitted&gt;'}
        Body: None
    Response - Headers: {'status': '200', 'content-length': '1445', 'content-location': 'http://10.0.2.15:8774/v2.1/7b14383979f049a8bc9663023f885874/servers/5b07a6c1-447b-415b-990e-e2577485dec0', 'x-compute-request-id': 'req-e5d0328f-5f4f-435e-a73b-ca1c71eff297', 'vary': 'X-OpenStack-Nova-API-Version', 'connection': 'close', 'x-openstack-nova-api-version': '2.1', 'date': 'Sat, 19 Dec 2015 14:40:42 GMT', 'content-type': 'application/json'}
        Body: {"server": {"status": "DELETED", "updated": "2015-12-19T14:40:42Z", "hostId": "619f65f8ad6e54b7f97378d87c5a2a1c389f632861d8888508b4466e", "addresses": {}, "links": [{"href": "http://10.0.2.15:8774/v2.1/7b14383979f049a8bc9663023f885874/servers/5b07a6c1-447b-415b-990e-e2577485dec0", "rel": "self"}, {"href": "http://10.0.2.15:8774/7b14383979f049a8bc9663023f885874/servers/5b07a6c1-447b-415b-990e-e2577485dec0", "rel": "bookmark"}], "key_name": "tempest-TestNetworkBasicOps-1023700956", "image": {"id": "4404b085-9bc4-4b05-86f0-0337837aa661", "links": [{"href": "http://10.0.2.15:8774/7b14383979f049a8bc9663023f885874/images/4404b085-9bc4-4b05-86f0-0337837aa661", "rel": "bookmark"}]}, "OS-EXT-STS:task_state": null, "OS-EXT-STS:vm_state": "deleted", "OS-SRV-USG:launched_at": "2015-12-19T14:38:37.000000", "flavor": {"id": "42", "links": [{"href": "http://10.0.2.15:8774/7b14383979f049a8bc9663023f885874/flavors/42", "rel": "bookmark"}]}, "id": "5b07a6c1-447b-415b-990e-e2577485dec0", "OS-SRV-USG:terminated_at": "2015-12-19T14:40:42.000000", "OS-EXT-AZ:availability_zone": "nova", "user_id": "69e19dd2b4b64e92992cca576dce36a2", "name": "tempest.common.compute-instance-995709124", "created": "2015-12-19T14:38:33Z", "tenant_id": "7b14383979f049a8bc9663023f885874", "OS-DCF:diskConfig": "MANUAL", "os-extended-volumes:volumes_attached": [], "accessIPv4": "", "accessIPv6": "", "OS-EXT-STS:power_state": 0, "config_drive": "True", "metadata": {}}}
2015-12-19 14:40:43,619 21173 INFO     [tempest_lib.common.rest_client] Request (TestNetworkBasicOps:_run_cleanups): 404 GET http://10.0.2.15:8774/v2.1/7b14383979f049a8bc9663023f885874/servers/5b07a6c1-447b-415b-990e-e2577485dec0 0.084s
2015-12-19 14:40:43,620 21173 DEBUG    [tempest_lib.common.rest_client] Request - Headers: {'Content-Type': 'application/json', 'Accept': 'application/json', 'X-Auth-Token': '&lt;omitted&gt;'}
        Body: None
    Response - Headers: {'status': '404', 'content-length': '111', 'x-compute-request-id': 'req-b89290cb-c312-4f98-97bc-e847cea766ed', 'vary': 'X-OpenStack-Nova-API-Version', 'connection': 'close', 'x-openstack-nova-api-version': '2.1', 'date': 'Sat, 19 Dec 2015 14:40:43 GMT', 'content-type': 'application/json; charset=UTF-8'}
        Body: {"itemNotFound": {"message": "Instance 5b07a6c1-447b-415b-990e-e2577485dec0 could not be found.", "code": 404}}
2015-12-19 14:40:43,637 21173 INFO     [tempest_lib.common.rest_client] Request (TestNetworkBasicOps:_run_cleanups): 202 DELETE http://10.0.2.15:8774/v2.1/7b14383979f049a8bc9663023f885874/os-keypairs/tempest-TestNetworkBasicOps-1023700956 0.017s
2015-12-19 14:40:43,638 21173 DEBUG    [tempest_lib.common.rest_client] Request - Headers: {'Content-Type': 'application/json', 'Accept': 'application/json', 'X-Auth-Token': '&lt;omitted&gt;'}
        Body: None
    Response - Headers: {'status': '202', 'content-length': '0', 'x-compute-request-id': 'req-42ea3bc4-ece9-452c-b813-9c9a8e55cccf', 'vary': 'X-OpenStack-Nova-API-Version', 'connection': 'close', 'x-openstack-nova-api-version': '2.1', 'date': 'Sat, 19 Dec 2015 14:40:43 GMT', 'content-type': 'application/json'}
        Body: 
2015-12-19 14:40:44,224 21173 INFO     [tempest_lib.common.rest_client] Request (TestNetworkBasicOps:_run_cleanups): 200 PUT http://10.0.2.15:9696/v2.0/routers/68c46de3-fcd6-4839-ad72-980c5cba8224/remove_router_interface 0.585s
2015-12-19 14:40:44,225 21173 DEBUG    [tempest_lib.common.rest_client] Request - Headers: {'Content-Type': 'application/json', 'Accept': 'application/json', 'X-Auth-Token': '&lt;omitted&gt;'}
        Body: {"subnet_id": "53a4488e-3923-4743-8613-dd9959fb7a43"}
    Response - Headers: {'status': '200', 'content-length': '255', 'connection': 'close', 'date': 'Sat, 19 Dec 2015 14:40:44 GMT', 'content-type': 'application/json; charset=UTF-8', 'x-openstack-request-id': 'req-ac6b15ac-019e-409b-bf0e-81d9c549dff4'}
        Body: {"subnet_id": "53a4488e-3923-4743-8613-dd9959fb7a43", "tenant_id": "7b14383979f049a8bc9663023f885874", "subnet_ids": ["53a4488e-3923-4743-8613-dd9959fb7a43"], "port_id": "76ea6a8a-f6b6-4d40-85fd-7726dd768e02", "id": "68c46de3-fcd6-4839-ad72-980c5cba8224"}
2015-12-19 14:40:44,710 21173 INFO     [tempest_lib.common.rest_client] Request (TestNetworkBasicOps:_run_cleanups): 204 DELETE http://10.0.2.15:9696/v2.0/subnets/53a4488e-3923-4743-8613-dd9959fb7a43 0.484s
2015-12-19 14:40:44,711 21173 DEBUG    [tempest_lib.common.rest_client] Request - Headers: {'Content-Type': 'application/json', 'Accept': 'application/json', 'X-Auth-Token': '&lt;omitted&gt;'}
        Body: None
    Response - Headers: {'date': 'Sat, 19 Dec 2015 14:40:44 GMT', 'status': '204', 'connection': 'close', 'content-length': '0', 'x-openstack-request-id': 'req-be8fa73b-7f43-4115-a8d7-c78dfd1c6e02'}
        Body: 
2015-12-19 14:40:44,765 21173 INFO     [tempest_lib.common.rest_client] Request (TestNetworkBasicOps:_run_cleanups): 200 GET http://10.0.2.15:9696/v2.0/routers/68c46de3-fcd6-4839-ad72-980c5cba8224 0.053s
2015-12-19 14:40:44,765 21173 DEBUG    [tempest_lib.common.rest_client] Request - Headers: {'Content-Type': 'application/json', 'Accept': 'application/json', 'X-Auth-Token': '&lt;omitted&gt;'}
        Body: None
    Response - Headers: {'status': '200', 'content-length': '564', 'content-location': 'http://10.0.2.15:9696/v2.0/routers/68c46de3-fcd6-4839-ad72-980c5cba8224', 'connection': 'close', 'date': 'Sat, 19 Dec 2015 14:40:44 GMT', 'content-type': 'application/json; charset=UTF-8', 'x-openstack-request-id': 'req-a769bd1c-a345-48bf-811a-7d36e4da2413'}
        Body: {"router": {"status": "ACTIVE", "external_gateway_info": {"network_id": "3091411c-042e-4b27-8b3d-ca0606c5d518", "enable_snat": true, "external_fixed_ips": [{"subnet_id": "cdb301f5-1782-4a9f-be98-ee7384a6f859", "ip_address": "172.24.4.3"}, {"subnet_id": "7be100bd-01de-4ab9-899e-fdbbbac99bc9", "ip_address": "2001:db8::3"}]}, "availability_zone_hints": [], "availability_zones": ["nova"], "name": "tempest-router-smoke-1208646837", "admin_state_up": true, "tenant_id": "7b14383979f049a8bc9663023f885874", "routes": [], "id": "68c46de3-fcd6-4839-ad72-980c5cba8224"}}
2015-12-19 14:40:45,161 21173 INFO     [tempest_lib.common.rest_client] Request (TestNetworkBasicOps:_run_cleanups): 200 PUT http://10.0.2.15:9696/v2.0/routers/68c46de3-fcd6-4839-ad72-980c5cba8224 0.395s
2015-12-19 14:40:45,161 21173 DEBUG    [tempest_lib.common.rest_client] Request - Headers: {'Content-Type': 'application/json', 'Accept': 'application/json', 'X-Auth-Token': '&lt;omitted&gt;'}
        Body: {"router": {"external_gateway_info": {}, "name": "tempest-router-smoke-1208646837", "admin_state_up": true}}
    Response - Headers: {'status': '200', 'content-length': '302', 'connection': 'close', 'date': 'Sat, 19 Dec 2015 14:40:45 GMT', 'content-type': 'application/json; charset=UTF-8', 'x-openstack-request-id': 'req-6a2f7b25-e1cf-4e56-a71d-d4382c882bf3'}
        Body: {"router": {"status": "ACTIVE", "external_gateway_info": null, "availability_zone_hints": [], "availability_zones": ["nova"], "name": "tempest-router-smoke-1208646837", "admin_state_up": true, "tenant_id": "7b14383979f049a8bc9663023f885874", "routes": [], "id": "68c46de3-fcd6-4839-ad72-980c5cba8224"}}
2015-12-19 14:40:45,389 21173 INFO     [tempest_lib.common.rest_client] Request (TestNetworkBasicOps:_run_cleanups): 204 DELETE http://10.0.2.15:9696/v2.0/routers/68c46de3-fcd6-4839-ad72-980c5cba8224 0.227s
2015-12-19 14:40:45,390 21173 DEBUG    [tempest_lib.common.rest_client] Request - Headers: {'Content-Type': 'application/json', 'Accept': 'application/json', 'X-Auth-Token': '&lt;omitted&gt;'}
        Body: None
    Response - Headers: {'date': 'Sat, 19 Dec 2015 14:40:45 GMT', 'status': '204', 'connection': 'close', 'content-length': '0', 'x-openstack-request-id': 'req-87d799b6-85b2-43b2-96e1-6bae46b209bc'}
        Body: 
2015-12-19 14:40:45,677 21173 INFO     [tempest_lib.common.rest_client] Request (TestNetworkBasicOps:_run_cleanups): 204 DELETE http://10.0.2.15:9696/v2.0/networks/3600e11a-85d4-4566-a327-81000f74b2af 0.286s
2015-12-19 14:40:45,677 21173 DEBUG    [tempest_lib.common.rest_client] Request - Headers: {'Content-Type': 'application/json', 'Accept': 'application/json', 'X-Auth-Token': '&lt;omitted&gt;'}
        Body: None
    Response - Headers: {'date': 'Sat, 19 Dec 2015 14:40:45 GMT', 'status': '204', 'connection': 'close', 'content-length': '0', 'x-openstack-request-id': 'req-81ed44b1-7e0b-4df7-ab0f-de739bb40d09'}
        Body: 
2015-12-19 14:40:45,735 21173 INFO     [tempest_lib.common.rest_client] Request (TestNetworkBasicOps:_run_cleanups): 204 DELETE http://10.0.2.15:9696/v2.0/security-group-rules/ae8e7fb1-a08a-4ec2-a943-b40b6b8d047c 0.057s
2015-12-19 14:40:45,736 21173 DEBUG    [tempest_lib.common.rest_client] Request - Headers: {'Content-Type': 'application/json', 'Accept': 'application/json', 'X-Auth-Token': '&lt;omitted&gt;'}
        Body: None
    Response - Headers: {'date': 'Sat, 19 Dec 2015 14:40:45 GMT', 'status': '204', 'connection': 'close', 'content-length': '0', 'x-openstack-request-id': 'req-28a66f12-5424-4633-ac60-8220b4d94319'}
        Body: 
2015-12-19 14:40:45,802 21173 INFO     [tempest_lib.common.rest_client] Request (TestNetworkBasicOps:_run_cleanups): 204 DELETE http://10.0.2.15:9696/v2.0/security-group-rules/c2f221e4-6bde-4ba3-ac03-ce5452eb6979 0.064s
2015-12-19 14:40:45,802 21173 DEBUG    [tempest_lib.common.rest_client] Request - Headers: {'Content-Type': 'application/json', 'Accept': 'application/json', 'X-Auth-Token': '&lt;omitted&gt;'}
        Body: None
    Response - Headers: {'date': 'Sat, 19 Dec 2015 14:40:45 GMT', 'status': '204', 'connection': 'close', 'content-length': '0', 'x-openstack-request-id': 'req-e8a8d3d6-30ad-465e-a28a-3369d1ba2631'}
        Body: 
2015-12-19 14:40:45,860 21173 INFO     [tempest_lib.common.rest_client] Request (TestNetworkBasicOps:_run_cleanups): 204 DELETE http://10.0.2.15:9696/v2.0/security-group-rules/8461fc30-8571-48e0-aaea-60a569c1c087 0.056s
2015-12-19 14:40:45,860 21173 DEBUG    [tempest_lib.common.rest_client] Request - Headers: {'Content-Type': 'application/json', 'Accept': 'application/json', 'X-Auth-Token': '&lt;omitted&gt;'}
        Body: None
    Response - Headers: {'date': 'Sat, 19 Dec 2015 14:40:45 GMT', 'status': '204', 'connection': 'close', 'content-length': '0', 'x-openstack-request-id': 'req-3af3ec05-2623-40ea-b54b-947b70207db7'}
        Body: 
2015-12-19 14:40:45,915 21173 INFO     [tempest_lib.common.rest_client] Request (TestNetworkBasicOps:_run_cleanups): 204 DELETE http://10.0.2.15:9696/v2.0/security-group-rules/57ff7d95-2d83-40c2-b23e-9e7b45782928 0.053s
2015-12-19 14:40:45,915 21173 DEBUG    [tempest_lib.common.rest_client] Request - Headers: {'Content-Type': 'application/json', 'Accept': 'application/json', 'X-Auth-Token': '&lt;omitted&gt;'}
        Body: None
    Response - Headers: {'date': 'Sat, 19 Dec 2015 14:40:45 GMT', 'status': '204', 'connection': 'close', 'content-length': '0', 'x-openstack-request-id': 'req-5c2ffcc8-7102-435a-a776-210da954ed2f'}
        Body: 
2015-12-19 14:40:45,978 21173 INFO     [tempest_lib.common.rest_client] Request (TestNetworkBasicOps:_run_cleanups): 204 DELETE http://10.0.2.15:9696/v2.0/security-group-rules/9b04f6b5-a654-4a5a-a939-21555db12f60 0.062s
2015-12-19 14:40:45,979 21173 DEBUG    [tempest_lib.common.rest_client] Request - Headers: {'Content-Type': 'application/json', 'Accept': 'application/json', 'X-Auth-Token': '&lt;omitted&gt;'}
        Body: None
