<?xml version="1.0" encoding="UTF-8"?>
<!DOCTYPE html PUBLIC "-//W3C//DTD XHTML 1.0 Strict//EN"
     "http://www.w3.org/TR/xhtml1/DTD/xhtml1-strict.dtd">
<html xmlns="http://www.w3.org/1999/xhtml">
<head>
    <title>Unit Test Report</title>
    <meta name="generator" content="subunit2html 0.1"/>
    <meta http-equiv="Content-Type" content="text/html; charset=UTF-8"/>
    
<style type="text/css" media="screen">
body        { font-family: verdana, arial, helvetica, sans-serif;
    font-size: 80%; }
table       { font-size: 100%; width: 100%;}
pre         { font-size: 80%; }

/* -- heading -------------------------------------------------------------- */
h1 {
        font-size: 16pt;
        color: gray;
}
.heading {
    margin-top: 0ex;
    margin-bottom: 1ex;
}

.heading .attribute {
    margin-top: 1ex;
    margin-bottom: 0;
}

.heading .description {
    margin-top: 4ex;
    margin-bottom: 6ex;
}

/* -- css div popup -------------------------------------------------------- */
a.popup_link {
}

a.popup_link:hover {
    color: red;
}

.popup_window {
    display: none;
    overflow-x: scroll;
    /*border: solid #627173 1px; */
    padding: 10px;
    background-color: #E6E6D6;
    font-family: "Ubuntu Mono", "Lucida Console", "Courier New", monospace;
    text-align: left;
    font-size: 8pt;
}

}
/* -- report --------------------------------------------------------------- */
#show_detail_line {
    margin-top: 3ex;
    margin-bottom: 1ex;
}
#result_table {
    width: 100%;
    border-collapse: collapse;
    border: 1px solid #777;
}
#header_row {
    font-weight: bold;
    color: white;
    background-color: #777;
}
#result_table td {
    border: 1px solid #777;
    padding: 2px;
}
#total_row  { font-weight: bold; }
.passClass  { background-color: #6c6; }
.failClass  { background-color: #c60; }
.errorClass { background-color: #c00; }
.passCase   { color: #6c6; }
.failCase   { color: #c60; font-weight: bold; }
.errorCase  { color: #c00; font-weight: bold; }
.hiddenRow  { display: none; }
.testcase   { margin-left: 2em; }
td.testname {width: 40%}
td.small {width: 40px}

/* -- ending --------------------------------------------------------------- */
#ending {
}

</style>

</head>
<body>
<script language="javascript" type="text/javascript"><!--
output_list = Array();

/* level - 0:Summary; 1:Failed; 2:All */
function showCase(level) {
    trs = document.getElementsByTagName("tr");
    for (var i = 0; i < trs.length; i++) {
        tr = trs[i];
        id = tr.id;
        if (id.substr(0,2) == 'ft') {
            if (level < 1) {
                tr.className = 'hiddenRow';
            }
            else {
                tr.className = '';
            }
        }
        if (id.substr(0,2) == 'pt') {
            if (level > 1) {
                tr.className = '';
            }
            else {
                tr.className = 'hiddenRow';
            }
        }
    }
}


function showClassDetail(cid, count) {
    var id_list = Array(count);
    var toHide = 1;
    for (var i = 0; i < count; i++) {
        tid0 = 't' + cid.substr(1) + '.' + (i+1);
        tid = 'f' + tid0;
        tr = document.getElementById(tid);
        if (!tr) {
            tid = 'p' + tid0;
            tr = document.getElementById(tid);
        }
        id_list[i] = tid;
        if (tr.className) {
            toHide = 0;
        }
    }
    for (var i = 0; i < count; i++) {
        tid = id_list[i];
        if (toHide) {
            document.getElementById('div_'+tid).style.display = 'none'
            document.getElementById(tid).className = 'hiddenRow';
        }
        else {
            document.getElementById(tid).className = '';
        }
    }
}


function showTestDetail(div_id){
    var details_div = document.getElementById(div_id)
    var displayState = details_div.style.display
    // alert(displayState)
    if (displayState != 'block' ) {
        displayState = 'block'
        details_div.style.display = 'block'
    }
    else {
        details_div.style.display = 'none'
    }
}


function html_escape(s) {
    s = s.replace(/&/g,'&amp;');
    s = s.replace(/</g,'&lt;');
    s = s.replace(/>/g,'&gt;');
    return s;
}

/* obsoleted by detail in <div>
function showOutput(id, name) {
    var w = window.open("", //url
                    name,
                    "resizable,scrollbars,status,width=800,height=450");
    d = w.document;
    d.write("<pre>");
    d.write(html_escape(output_list[id]));
    d.write("\n");
    d.write("<a href='javascript:window.close()'>close</a>\n");
    d.write("</pre>\n");
    d.close();
}
*/
--></script>

<div class='heading'>
<h1>Unit Test Report</h1>

<p class='attribute'><strong>Status:</strong> Pass 1 Failure 7 Skip 1</p>

<p class='description'></p>
</div>



<p id='show_detail_line'>Show
<a href='javascript:showCase(0)'>Summary</a>
<a href='javascript:showCase(1)'>Failed</a>
<a href='javascript:showCase(2)'>All</a>
</p>
<table id='result_table'>
<colgroup>
<col align='left' />
<col align='right' />
<col align='right' />
<col align='right' />
<col align='right' />
<col align='right' />
<col align='right' />
<col align='right' />
</colgroup>
<tr id='header_row'>
    <td>Test Group/Test case</td>
    <td>Count</td>
    <td>Pass</td>
    <td>Fail</td>
    <td>Error</td>
    <td>Skip</td>
    <td>View</td>
    <td> </td>
</tr>

<tr class='failClass'>
    <td class="testname">tempest.scenario.test_network_basic_ops.TestNetworkBasicOps</td>
    <td class="small">9</td>
    <td class="small">1</td>
    <td class="small">7</td>
    <td class="small">0</td>
    <td class="small">1</td>
    <td class="small"><a href="javascript:showClassDetail('c1',9)"
>Detail</a></td>
    <td> </td>
</tr>

<tr id='ft1.1' class='none'>
    <td class='failCase'><div class='testcase'>test_connectivity_between_vms_on_different_networks[compute,id-1546850e-fbaa-42f5-8b5f-03d8a6a95f15,network]</div></td>
    <td colspan='7' align='left'>

    <!--css div popup start-->
    <a class="popup_link" onfocus='this.blur();'
    href="javascript:showTestDetail('div_ft1.1')" >
        fail</a>

    <div id='div_ft1.1' class="popup_window">
        <div style='text-align: right; color:red;cursor:pointer'>
        <a onfocus='this.blur();'
onclick="document.getElementById('div_ft1.1').style.display = 'none' " >
           [x]</a>
        </div>
        <pre>
        
ft1.1: tempest.scenario.test_network_basic_ops.TestNetworkBasicOps.test_connectivity_between_vms_on_different_networks[compute,id-1546850e-fbaa-42f5-8b5f-03d8a6a95f15,network]_StringException: Empty attachments:
  stderr
  stdout

pythonlogging:'': {{{
2015-12-22 15:25:16,866 21898 INFO     [tempest_lib.common.rest_client] Request (TestNetworkBasicOps:test_connectivity_between_vms_on_different_networks): 201 POST http://10.0.2.15:9696/v2.0/security-groups 0.364s
2015-12-22 15:25:16,868 21898 DEBUG    [tempest_lib.common.rest_client] Request - Headers: {'Content-Type': 'application/json', 'Accept': 'application/json', 'X-Auth-Token': '&lt;omitted&gt;'}
        Body: {"security_group": {"tenant_id": "2fe7467aaf9a4f13a990027b807f7c18", "description": "tempest-secgroup-smoke-1994261070 description", "name": "tempest-secgroup-smoke-1994261070"}}
    Response - Headers: {'status': '201', 'content-length': '888', 'connection': 'close', 'date': 'Tue, 22 Dec 2015 15:25:16 GMT', 'content-type': 'application/json; charset=UTF-8', 'x-openstack-request-id': 'req-20df73f4-c556-4a3a-bf13-aa941863c214'}
        Body: {"security_group": {"tenant_id": "2fe7467aaf9a4f13a990027b807f7c18", "description": "tempest-secgroup-smoke-1994261070 description", "id": "731d6dcf-e695-4d3f-90d1-05fcbabfa694", "security_group_rules": [{"remote_group_id": null, "direction": "egress", "remote_ip_prefix": null, "protocol": null, "ethertype": "IPv4", "tenant_id": "2fe7467aaf9a4f13a990027b807f7c18", "port_range_max": null, "port_range_min": null, "id": "8e1362e3-206a-437a-9107-3442aab9d947", "security_group_id": "731d6dcf-e695-4d3f-90d1-05fcbabfa694"}, {"remote_group_id": null, "direction": "egress", "remote_ip_prefix": null, "protocol": null, "ethertype": "IPv6", "tenant_id": "2fe7467aaf9a4f13a990027b807f7c18", "port_range_max": null, "port_range_min": null, "id": "9fcd059e-b4f1-4f59-a84f-16e76dddb9f0", "security_group_id": "731d6dcf-e695-4d3f-90d1-05fcbabfa694"}], "name": "tempest-secgroup-smoke-1994261070"}}
2015-12-22 15:25:16,989 21898 INFO     [tempest_lib.common.rest_client] Request (TestNetworkBasicOps:test_connectivity_between_vms_on_different_networks): 201 POST http://10.0.2.15:9696/v2.0/security-group-rules 0.120s
2015-12-22 15:25:16,990 21898 DEBUG    [tempest_lib.common.rest_client] Request - Headers: {'Content-Type': 'application/json', 'Accept': 'application/json', 'X-Auth-Token': '&lt;omitted&gt;'}
        Body: {"security_group_rule": {"direction": "ingress", "protocol": "tcp", "tenant_id": "2fe7467aaf9a4f13a990027b807f7c18", "port_range_max": 22, "security_group_id": "731d6dcf-e695-4d3f-90d1-05fcbabfa694", "port_range_min": 22}}
    Response - Headers: {'status': '201', 'content-length': '340', 'connection': 'close', 'date': 'Tue, 22 Dec 2015 15:25:16 GMT', 'content-type': 'application/json; charset=UTF-8', 'x-openstack-request-id': 'req-bb053f97-4c58-45ab-a4c1-663918f02651'}
        Body: {"security_group_rule": {"remote_group_id": null, "direction": "ingress", "remote_ip_prefix": null, "protocol": "tcp", "ethertype": "IPv4", "tenant_id": "2fe7467aaf9a4f13a990027b807f7c18", "port_range_max": 22, "port_range_min": 22, "id": "b4e59f32-0208-4df6-99da-53be0252e168", "security_group_id": "731d6dcf-e695-4d3f-90d1-05fcbabfa694"}}
2015-12-22 15:25:17,117 21898 INFO     [tempest_lib.common.rest_client] Request (TestNetworkBasicOps:test_connectivity_between_vms_on_different_networks): 201 POST http://10.0.2.15:9696/v2.0/security-group-rules 0.125s
2015-12-22 15:25:17,118 21898 DEBUG    [tempest_lib.common.rest_client] Request - Headers: {'Content-Type': 'application/json', 'Accept': 'application/json', 'X-Auth-Token': '&lt;omitted&gt;'}
        Body: {"security_group_rule": {"direction": "egress", "protocol": "tcp", "tenant_id": "2fe7467aaf9a4f13a990027b807f7c18", "port_range_max": 22, "security_group_id": "731d6dcf-e695-4d3f-90d1-05fcbabfa694", "port_range_min": 22}}
    Response - Headers: {'status': '201', 'content-length': '339', 'connection': 'close', 'date': 'Tue, 22 Dec 2015 15:25:17 GMT', 'content-type': 'application/json; charset=UTF-8', 'x-openstack-request-id': 'req-df4db521-db1b-4155-8219-d21799ee3a34'}
        Body: {"security_group_rule": {"remote_group_id": null, "direction": "egress", "remote_ip_prefix": null, "protocol": "tcp", "ethertype": "IPv4", "tenant_id": "2fe7467aaf9a4f13a990027b807f7c18", "port_range_max": 22, "port_range_min": 22, "id": "986465f7-34c2-4820-bede-411636c96682", "security_group_id": "731d6dcf-e695-4d3f-90d1-05fcbabfa694"}}
2015-12-22 15:25:17,254 21898 INFO     [tempest_lib.common.rest_client] Request (TestNetworkBasicOps:test_connectivity_between_vms_on_different_networks): 201 POST http://10.0.2.15:9696/v2.0/security-group-rules 0.134s
2015-12-22 15:25:17,255 21898 DEBUG    [tempest_lib.common.rest_client] Request - Headers: {'Content-Type': 'application/json', 'Accept': 'application/json', 'X-Auth-Token': '&lt;omitted&gt;'}
        Body: {"security_group_rule": {"tenant_id": "2fe7467aaf9a4f13a990027b807f7c18", "direction": "ingress", "protocol": "icmp", "security_group_id": "731d6dcf-e695-4d3f-90d1-05fcbabfa694"}}
    Response - Headers: {'status': '201', 'content-length': '345', 'connection': 'close', 'date': 'Tue, 22 Dec 2015 15:25:17 GMT', 'content-type': 'application/json; charset=UTF-8', 'x-openstack-request-id': 'req-6c068591-d9b3-43b7-abac-79069af57238'}
        Body: {"security_group_rule": {"remote_group_id": null, "direction": "ingress", "remote_ip_prefix": null, "protocol": "icmp", "ethertype": "IPv4", "tenant_id": "2fe7467aaf9a4f13a990027b807f7c18", "port_range_max": null, "port_range_min": null, "id": "b893fb47-529a-44e1-ba4a-1e4e83e842c1", "security_group_id": "731d6dcf-e695-4d3f-90d1-05fcbabfa694"}}
2015-12-22 15:25:17,371 21898 INFO     [tempest_lib.common.rest_client] Request (TestNetworkBasicOps:test_connectivity_between_vms_on_different_networks): 201 POST http://10.0.2.15:9696/v2.0/security-group-rules 0.115s
2015-12-22 15:25:17,372 21898 DEBUG    [tempest_lib.common.rest_client] Request - Headers: {'Content-Type': 'application/json', 'Accept': 'application/json', 'X-Auth-Token': '&lt;omitted&gt;'}
        Body: {"security_group_rule": {"tenant_id": "2fe7467aaf9a4f13a990027b807f7c18", "direction": "egress", "protocol": "icmp", "security_group_id": "731d6dcf-e695-4d3f-90d1-05fcbabfa694"}}
    Response - Headers: {'status': '201', 'content-length': '344', 'connection': 'close', 'date': 'Tue, 22 Dec 2015 15:25:17 GMT', 'content-type': 'application/json; charset=UTF-8', 'x-openstack-request-id': 'req-cd581652-9938-434c-bcfe-1b55b3a95478'}
        Body: {"security_group_rule": {"remote_group_id": null, "direction": "egress", "remote_ip_prefix": null, "protocol": "icmp", "ethertype": "IPv4", "tenant_id": "2fe7467aaf9a4f13a990027b807f7c18", "port_range_max": null, "port_range_min": null, "id": "a4a9fb8b-072c-4e2b-a4a6-668644b04f07", "security_group_id": "731d6dcf-e695-4d3f-90d1-05fcbabfa694"}}
2015-12-22 15:25:17,494 21898 INFO     [tempest_lib.common.rest_client] Request (TestNetworkBasicOps:test_connectivity_between_vms_on_different_networks): 201 POST http://10.0.2.15:9696/v2.0/security-group-rules 0.121s
2015-12-22 15:25:17,495 21898 DEBUG    [tempest_lib.common.rest_client] Request - Headers: {'Content-Type': 'application/json', 'Accept': 'application/json', 'X-Auth-Token': '&lt;omitted&gt;'}
        Body: {"security_group_rule": {"tenant_id": "2fe7467aaf9a4f13a990027b807f7c18", "direction": "ingress", "security_group_id": "731d6dcf-e695-4d3f-90d1-05fcbabfa694", "protocol": "icmp", "ethertype": "IPv6"}}
    Response - Headers: {'status': '201', 'content-length': '345', 'connection': 'close', 'date': 'Tue, 22 Dec 2015 15:25:17 GMT', 'content-type': 'application/json; charset=UTF-8', 'x-openstack-request-id': 'req-b44d4830-d455-4798-ac14-240674f03def'}
        Body: {"security_group_rule": {"remote_group_id": null, "direction": "ingress", "remote_ip_prefix": null, "protocol": "icmp", "ethertype": "IPv6", "tenant_id": "2fe7467aaf9a4f13a990027b807f7c18", "port_range_max": null, "port_range_min": null, "id": "1ae27805-52a6-4ddf-af16-b38e8fc31f0b", "security_group_id": "731d6dcf-e695-4d3f-90d1-05fcbabfa694"}}
2015-12-22 15:25:17,617 21898 INFO     [tempest_lib.common.rest_client] Request (TestNetworkBasicOps:test_connectivity_between_vms_on_different_networks): 201 POST http://10.0.2.15:9696/v2.0/security-group-rules 0.120s
2015-12-22 15:25:17,617 21898 DEBUG    [tempest_lib.common.rest_client] Request - Headers: {'Content-Type': 'application/json', 'Accept': 'application/json', 'X-Auth-Token': '&lt;omitted&gt;'}
        Body: {"security_group_rule": {"tenant_id": "2fe7467aaf9a4f13a990027b807f7c18", "direction": "egress", "security_group_id": "731d6dcf-e695-4d3f-90d1-05fcbabfa694", "protocol": "icmp", "ethertype": "IPv6"}}
    Response - Headers: {'status': '201', 'content-length': '344', 'connection': 'close', 'date': 'Tue, 22 Dec 2015 15:25:17 GMT', 'content-type': 'application/json; charset=UTF-8', 'x-openstack-request-id': 'req-6178703b-3ac7-4650-9307-3a5bf756750e'}
        Body: {"security_group_rule": {"remote_group_id": null, "direction": "egress", "remote_ip_prefix": null, "protocol": "icmp", "ethertype": "IPv6", "tenant_id": "2fe7467aaf9a4f13a990027b807f7c18", "port_range_max": null, "port_range_min": null, "id": "cb9428d0-0b32-4642-8a21-75c0d0a6755f", "security_group_id": "731d6dcf-e695-4d3f-90d1-05fcbabfa694"}}
2015-12-22 15:25:17,807 21898 INFO     [tempest_lib.common.rest_client] Request (TestNetworkBasicOps:test_connectivity_between_vms_on_different_networks): 201 POST http://10.0.2.15:9696/v2.0/networks 0.187s
2015-12-22 15:25:17,807 21898 DEBUG    [tempest_lib.common.rest_client] Request - Headers: {'Content-Type': 'application/json', 'Accept': 'application/json', 'X-Auth-Token': '&lt;omitted&gt;'}
        Body: {"network": {"tenant_id": "2fe7467aaf9a4f13a990027b807f7c18", "name": "tempest-network-smoke--2110983523"}}
    Response - Headers: {'status': '201', 'content-length': '329', 'connection': 'close', 'date': 'Tue, 22 Dec 2015 15:25:17 GMT', 'content-type': 'application/json; charset=UTF-8', 'x-openstack-request-id': 'req-7dc7affa-540c-4e46-8a8a-9c28db0780ca'}
        Body: {"network": {"status": "ACTIVE", "subnets": [], "availability_zone_hints": "[]", "name": "tempest-network-smoke--2110983523", "admin_state_up": true, "tenant_id": "2fe7467aaf9a4f13a990027b807f7c18", "mtu": 0, "router:external": false, "shared": false, "port_security_enabled": true, "id": "22cf7b9f-f076-4202-98fe-20e73d3286a6"}}
2015-12-22 15:25:17,897 21898 INFO     [tempest_lib.common.rest_client] Request (TestNetworkBasicOps:test_connectivity_between_vms_on_different_networks): 201 POST http://10.0.2.15:9696/v2.0/routers 0.088s
2015-12-22 15:25:17,897 21898 DEBUG    [tempest_lib.common.rest_client] Request - Headers: {'Content-Type': 'application/json', 'Accept': 'application/json', 'X-Auth-Token': '&lt;omitted&gt;'}
        Body: {"router": {"tenant_id": "2fe7467aaf9a4f13a990027b807f7c18", "name": "tempest-router-smoke-1325122905", "admin_state_up": true}}
    Response - Headers: {'status': '201', 'content-length': '296', 'connection': 'close', 'date': 'Tue, 22 Dec 2015 15:25:17 GMT', 'content-type': 'application/json; charset=UTF-8', 'x-openstack-request-id': 'req-ac6532ab-7e5c-48fe-8b19-aefb670c7198'}
        Body: {"router": {"status": "ACTIVE", "external_gateway_info": null, "availability_zone_hints": [], "availability_zones": [], "name": "tempest-router-smoke-1325122905", "admin_state_up": true, "tenant_id": "2fe7467aaf9a4f13a990027b807f7c18", "routes": [], "id": "f4a1c7ac-9468-4f8a-8242-cfc408e81585"}}
2015-12-22 15:25:17,952 21898 INFO     [tempest_lib.common.rest_client] Request (TestNetworkBasicOps:test_connectivity_between_vms_on_different_networks): 200 GET http://10.0.2.15:9696/v2.0/routers/f4a1c7ac-9468-4f8a-8242-cfc408e81585 0.053s
2015-12-22 15:25:17,953 21898 DEBUG    [tempest_lib.common.rest_client] Request - Headers: {'Content-Type': 'application/json', 'Accept': 'application/json', 'X-Auth-Token': '&lt;omitted&gt;'}
        Body: None
    Response - Headers: {'status': '200', 'content-length': '296', 'content-location': 'http://10.0.2.15:9696/v2.0/routers/f4a1c7ac-9468-4f8a-8242-cfc408e81585', 'connection': 'close', 'date': 'Tue, 22 Dec 2015 15:25:17 GMT', 'content-type': 'application/json; charset=UTF-8', 'x-openstack-request-id': 'req-c2dae7e7-e11c-4651-8cd7-f171e91a15cf'}
        Body: {"router": {"status": "ACTIVE", "external_gateway_info": null, "availability_zone_hints": [], "availability_zones": [], "name": "tempest-router-smoke-1325122905", "admin_state_up": true, "tenant_id": "2fe7467aaf9a4f13a990027b807f7c18", "routes": [], "id": "f4a1c7ac-9468-4f8a-8242-cfc408e81585"}}
2015-12-22 15:25:18,609 21898 INFO     [tempest_lib.common.rest_client] Request (TestNetworkBasicOps:test_connectivity_between_vms_on_different_networks): 200 PUT http://10.0.2.15:9696/v2.0/routers/f4a1c7ac-9468-4f8a-8242-cfc408e81585 0.655s
2015-12-22 15:25:18,610 21898 DEBUG    [tempest_lib.common.rest_client] Request - Headers: {'Content-Type': 'application/json', 'Accept': 'application/json', 'X-Auth-Token': '&lt;omitted&gt;'}
        Body: {"router": {"external_gateway_info": {"network_id": "20ae771c-c0c9-44a7-801e-59c583989006"}, "name": "tempest-router-smoke-1325122905", "admin_state_up": true}}
    Response - Headers: {'status': '200', 'content-length': '558', 'connection': 'close', 'date': 'Tue, 22 Dec 2015 15:25:18 GMT', 'content-type': 'application/json; charset=UTF-8', 'x-openstack-request-id': 'req-aad2b452-561c-423d-bb76-5d7b4bdd3dda'}
        Body: {"router": {"status": "ACTIVE", "external_gateway_info": {"network_id": "20ae771c-c0c9-44a7-801e-59c583989006", "enable_snat": true, "external_fixed_ips": [{"subnet_id": "cbad777d-93ca-400b-88c5-76f97560678b", "ip_address": "172.24.4.3"}, {"subnet_id": "fe1ea341-bb0b-4497-8ce4-5315395fda77", "ip_address": "2001:db8::4"}]}, "availability_zone_hints": [], "availability_zones": [], "name": "tempest-router-smoke-1325122905", "admin_state_up": true, "tenant_id": "2fe7467aaf9a4f13a990027b807f7c18", "routes": [], "id": "f4a1c7ac-9468-4f8a-8242-cfc408e81585"}}
2015-12-22 15:25:18,777 21898 INFO     [tempest_lib.common.rest_client] Request (TestNetworkBasicOps:test_connectivity_between_vms_on_different_networks): 200 GET http://10.0.2.15:9696/v2.0/subnets?tenant_id=2fe7467aaf9a4f13a990027b807f7c18&amp;cidr=10.100.0.0%2F28 0.165s
2015-12-22 15:25:18,777 21898 DEBUG    [tempest_lib.common.rest_client] Request - Headers: {'Content-Type': 'application/json', 'Accept': 'application/json', 'X-Auth-Token': '&lt;omitted&gt;'}
        Body: None
    Response - Headers: {'status': '200', 'content-length': '15', 'content-location': 'http://10.0.2.15:9696/v2.0/subnets?tenant_id=2fe7467aaf9a4f13a990027b807f7c18&amp;cidr=10.100.0.0%2F28', 'connection': 'close', 'date': 'Tue, 22 Dec 2015 15:25:18 GMT', 'content-type': 'application/json; charset=UTF-8', 'x-openstack-request-id': 'req-775a1f22-2b52-48ac-bfe1-292640f0c883'}
        Body: {"subnets": []}
2015-12-22 15:25:19,128 21898 INFO     [tempest_lib.common.rest_client] Request (TestNetworkBasicOps:test_connectivity_between_vms_on_different_networks): 201 POST http://10.0.2.15:9696/v2.0/subnets 0.350s
2015-12-22 15:25:19,128 21898 DEBUG    [tempest_lib.common.rest_client] Request - Headers: {'Content-Type': 'application/json', 'Accept': 'application/json', 'X-Auth-Token': '&lt;omitted&gt;'}
        Body: {"subnet": {"ip_version": 4, "tenant_id": "2fe7467aaf9a4f13a990027b807f7c18", "cidr": "10.100.0.0/28", "network_id": "22cf7b9f-f076-4202-98fe-20e73d3286a6", "name": "tempest-subnet-smoke-484546740"}}
    Response - Headers: {'status': '201', 'content-length': '477', 'connection': 'close', 'date': 'Tue, 22 Dec 2015 15:25:19 GMT', 'content-type': 'application/json; charset=UTF-8', 'x-openstack-request-id': 'req-6dfe2aeb-b1ae-4177-8188-faac1f26e409'}
        Body: {"subnet": {"name": "tempest-subnet-smoke-484546740", "enable_dhcp": true, "network_id": "22cf7b9f-f076-4202-98fe-20e73d3286a6", "tenant_id": "2fe7467aaf9a4f13a990027b807f7c18", "dns_nameservers": [], "gateway_ip": "10.100.0.1", "ipv6_ra_mode": null, "allocation_pools": [{"start": "10.100.0.2", "end": "10.100.0.14"}], "host_routes": [], "ip_version": 4, "ipv6_address_mode": null, "cidr": "10.100.0.0/28", "id": "b50365f3-c34e-437f-aaaa-782b47cec1ca", "subnetpool_id": null}}
2015-12-22 15:25:19,773 21898 INFO     [tempest_lib.common.rest_client] Request (TestNetworkBasicOps:test_connectivity_between_vms_on_different_networks): 200 PUT http://10.0.2.15:9696/v2.0/routers/f4a1c7ac-9468-4f8a-8242-cfc408e81585/add_router_interface 0.643s
2015-12-22 15:25:19,773 21898 DEBUG    [tempest_lib.common.rest_client] Request - Headers: {'Content-Type': 'application/json', 'Accept': 'application/json', 'X-Auth-Token': '&lt;omitted&gt;'}
        Body: {"subnet_id": "b50365f3-c34e-437f-aaaa-782b47cec1ca"}
    Response - Headers: {'status': '200', 'content-length': '255', 'connection': 'close', 'date': 'Tue, 22 Dec 2015 15:25:19 GMT', 'content-type': 'application/json; charset=UTF-8', 'x-openstack-request-id': 'req-265d380d-83a2-463c-a3b5-f4c5c5ecd588'}
        Body: {"subnet_id": "b50365f3-c34e-437f-aaaa-782b47cec1ca", "tenant_id": "2fe7467aaf9a4f13a990027b807f7c18", "subnet_ids": ["b50365f3-c34e-437f-aaaa-782b47cec1ca"], "port_id": "38326d9b-3a72-46e1-9a91-05c8d40fc346", "id": "f4a1c7ac-9468-4f8a-8242-cfc408e81585"}
2015-12-22 15:25:19,826 21898 INFO     [tempest_lib.common.rest_client] Request (TestNetworkBasicOps:test_connectivity_between_vms_on_different_networks): 200 GET http://10.0.2.15:9696/v2.0/networks 0.051s
2015-12-22 15:25:19,826 21898 DEBUG    [tempest_lib.common.rest_client] Request - Headers: {'Content-Type': 'application/json', 'Accept': 'application/json', 'X-Auth-Token': '&lt;omitted&gt;'}
        Body: None
    Response - Headers: {'status': '200', 'content-length': '1507', 'content-location': 'http://10.0.2.15:9696/v2.0/networks', 'connection': 'close', 'date': 'Tue, 22 Dec 2015 15:25:19 GMT', 'content-type': 'application/json; charset=UTF-8', 'x-openstack-request-id': 'req-25584e4c-8722-44d5-8051-91a44d8effc0'}
        Body: {"networks": [{"status": "ACTIVE", "subnets": ["b50365f3-c34e-437f-aaaa-782b47cec1ca"], "availability_zone_hints": [], "availability_zones": ["nova"], "name": "tempest-network-smoke--2110983523", "provider:physical_network": null, "admin_state_up": true, "tenant_id": "2fe7467aaf9a4f13a990027b807f7c18", "mtu": 0, "router:external": false, "shared": false, "port_security_enabled": true, "provider:network_type": "vxlan", "id": "22cf7b9f-f076-4202-98fe-20e73d3286a6", "provider:segmentation_id": 1094}, {"status": "ACTIVE", "subnets": ["fe1ea341-bb0b-4497-8ce4-5315395fda77", "cbad777d-93ca-400b-88c5-76f97560678b"], "availability_zone_hints": [], "availability_zones": ["nova"], "name": "public", "provider:physical_network": null, "admin_state_up": true, "tenant_id": "3fb3cbf8b8044f8c83558bbff185bf4f", "mtu": 0, "router:external": true, "shared": false, "port_security_enabled": true, "provider:network_type": "vxlan", "id": "20ae771c-c0c9-44a7-801e-59c583989006", "provider:segmentation_id": 1043}, {"status": "ACTIVE", "subnets": ["f4023813-6529-47b9-b068-7a9b1ff6ec56", "a5e8fe80-4eb3-4e5c-8b42-09ca37e3ae21"], "availability_zone_hints": [], "availability_zones": ["nova"], "name": "private", "provider:physical_network": null, "admin_state_up": true, "tenant_id": "a07726f388174714b8f98efab6c189b6", "mtu": 0, "router:external": false, "shared": false, "port_security_enabled": true, "provider:network_type": "vxlan", "id": "44701bc8-3d92-4732-b45e-ca25899d39ec", "provider:segmentation_id": 1004}]}
2015-12-22 15:25:19,873 21898 INFO     [tempest_lib.common.rest_client] Request (TestNetworkBasicOps:test_connectivity_between_vms_on_different_networks): 200 GET http://10.0.2.15:9696/v2.0/subnets 0.046s
2015-12-22 15:25:19,874 21898 DEBUG    [tempest_lib.common.rest_client] Request - Headers: {'Content-Type': 'application/json', 'Accept': 'application/json', 'X-Auth-Token': '&lt;omitted&gt;'}
        Body: None
    Response - Headers: {'status': '200', 'content-length': '2407', 'content-location': 'http://10.0.2.15:9696/v2.0/subnets', 'connection': 'close', 'date': 'Tue, 22 Dec 2015 15:25:19 GMT', 'content-type': 'application/json; charset=UTF-8', 'x-openstack-request-id': 'req-6db82454-4f60-43b7-8378-e9bd03836da1'}
        Body: {"subnets": [{"name": "ipv6-private-subnet", "enable_dhcp": true, "network_id": "44701bc8-3d92-4732-b45e-ca25899d39ec", "tenant_id": "a07726f388174714b8f98efab6c189b6", "dns_nameservers": [], "gateway_ip": "fd78:47b8:55df::1", "ipv6_ra_mode": "slaac", "allocation_pools": [{"start": "fd78:47b8:55df::2", "end": "fd78:47b8:55df:0:ffff:ffff:ffff:ffff"}], "host_routes": [], "ip_version": 6, "ipv6_address_mode": "slaac", "cidr": "fd78:47b8:55df::/64", "id": "f4023813-6529-47b9-b068-7a9b1ff6ec56", "subnetpool_id": null}, {"name": "public-subnet", "enable_dhcp": false, "network_id": "20ae771c-c0c9-44a7-801e-59c583989006", "tenant_id": "3fb3cbf8b8044f8c83558bbff185bf4f", "dns_nameservers": [], "gateway_ip": "172.24.4.1", "ipv6_ra_mode": null, "allocation_pools": [{"start": "172.24.4.2", "end": "172.24.4.254"}], "host_routes": [], "ip_version": 4, "ipv6_address_mode": null, "cidr": "172.24.4.0/24", "id": "cbad777d-93ca-400b-88c5-76f97560678b", "subnetpool_id": null}, {"name": "tempest-subnet-smoke-484546740", "enable_dhcp": true, "network_id": "22cf7b9f-f076-4202-98fe-20e73d3286a6", "tenant_id": "2fe7467aaf9a4f13a990027b807f7c18", "dns_nameservers": [], "gateway_ip": "10.100.0.1", "ipv6_ra_mode": null, "allocation_pools": [{"start": "10.100.0.2", "end": "10.100.0.14"}], "host_routes": [], "ip_version": 4, "ipv6_address_mode": null, "cidr": "10.100.0.0/28", "id": "b50365f3-c34e-437f-aaaa-782b47cec1ca", "subnetpool_id": null}, {"name": "ipv6-public-subnet", "enable_dhcp": false, "network_id": "20ae771c-c0c9-44a7-801e-59c583989006", "tenant_id": "3fb3cbf8b8044f8c83558bbff185bf4f", "dns_nameservers": [], "gateway_ip": "2001:db8::2", "ipv6_ra_mode": null, "allocation_pools": [{"start": "2001:db8::1", "end": "2001:db8::1"}, {"start": "2001:db8::3", "end": "2001:db8::ffff:ffff:ffff:ffff"}], "host_routes": [], "ip_version": 6, "ipv6_address_mode": null, "cidr": "2001:db8::/64", "id": "fe1ea341-bb0b-4497-8ce4-5315395fda77", "subnetpool_id": null}, {"name": "private-subnet", "enable_dhcp": true, "network_id": "44701bc8-3d92-4732-b45e-ca25899d39ec", "tenant_id": "a07726f388174714b8f98efab6c189b6", "dns_nameservers": [], "gateway_ip": "10.0.0.1", "ipv6_ra_mode": null, "allocation_pools": [{"start": "10.0.0.2", "end": "10.0.0.254"}], "host_routes": [], "ip_version": 4, "ipv6_address_mode": null, "cidr": "10.0.0.0/24", "id": "a5e8fe80-4eb3-4e5c-8b42-09ca37e3ae21", "subnetpool_id": null}]}
2015-12-22 15:25:19,927 21898 INFO     [tempest_lib.common.rest_client] Request (TestNetworkBasicOps:test_connectivity_between_vms_on_different_networks): 200 GET http://10.0.2.15:9696/v2.0/routers 0.051s
2015-12-22 15:25:19,927 21898 DEBUG    [tempest_lib.common.rest_client] Request - Headers: {'Content-Type': 'application/json', 'Accept': 'application/json', 'X-Auth-Token': '&lt;omitted&gt;'}
        Body: None
    Response - Headers: {'status': '200', 'content-length': '1167', 'content-location': 'http://10.0.2.15:9696/v2.0/routers', 'connection': 'close', 'date': 'Tue, 22 Dec 2015 15:25:19 GMT', 'content-type': 'application/json; charset=UTF-8', 'x-openstack-request-id': 'req-ba5d9a87-3c71-49ca-a9af-e2efcc95e438'}
        Body: {"routers": [{"status": "ACTIVE", "external_gateway_info": {"network_id": "20ae771c-c0c9-44a7-801e-59c583989006", "enable_snat": true, "external_fixed_ips": [{"subnet_id": "cbad777d-93ca-400b-88c5-76f97560678b", "ip_address": "172.24.4.2"}, {"subnet_id": "fe1ea341-bb0b-4497-8ce4-5315395fda77", "ip_address": "2001:db8::3"}]}, "availability_zone_hints": [], "availability_zones": ["nova"], "name": "router1", "admin_state_up": true, "tenant_id": "a07726f388174714b8f98efab6c189b6", "distributed": false, "routes": [], "ha": false, "id": "88572741-9996-428a-8e6a-ea4dc716a554"}, {"status": "ACTIVE", "external_gateway_info": {"network_id": "20ae771c-c0c9-44a7-801e-59c583989006", "enable_snat": true, "external_fixed_ips": [{"subnet_id": "cbad777d-93ca-400b-88c5-76f97560678b", "ip_address": "172.24.4.3"}, {"subnet_id": "fe1ea341-bb0b-4497-8ce4-5315395fda77", "ip_address": "2001:db8::4"}]}, "availability_zone_hints": [], "availability_zones": ["nova"], "name": "tempest-router-smoke-1325122905", "admin_state_up": true, "tenant_id": "2fe7467aaf9a4f13a990027b807f7c18", "distributed": false, "routes": [], "ha": false, "id": "f4a1c7ac-9468-4f8a-8242-cfc408e81585"}]}
2015-12-22 15:25:20,345 21898 INFO     [tempest_lib.common.rest_client] Request (TestNetworkBasicOps:test_connectivity_between_vms_on_different_networks): 200 POST http://10.0.2.15:8774/v2.1/2fe7467aaf9a4f13a990027b807f7c18/os-keypairs 0.416s
2015-12-22 15:25:20,346 21898 DEBUG    [tempest_lib.common.rest_client] Request - Headers: {'Content-Type': 'application/json', 'Accept': 'application/json', 'X-Auth-Token': '&lt;omitted&gt;'}
        Body: {"keypair": {"name": "tempest-TestNetworkBasicOps-88247353"}}
    Response - Headers: {'status': '200', 'content-length': '2319', 'x-compute-request-id': 'req-d6029b5d-04db-4c92-b84c-938de385d0f8', 'vary': 'X-OpenStack-Nova-API-Version', 'connection': 'close', 'x-openstack-nova-api-version': '2.1', 'date': 'Tue, 22 Dec 2015 15:25:20 GMT', 'content-type': 'application/json'}
        Body: {"keypair": {"public_key": "ssh-rsa AAAAB3NzaC1yc2EAAAADAQABAAABAQCUfF+dmjin5x7gEafkL5tOPQ9j5HpSi5ZnZ1BSaVV9C+O75va421j+572iL/Fps+HPizOnpFDi4TKIrFvmZxn2DSMKWNEgLlVKVm52vj0uw0OwJ1jLVBPgWxVaQN3TfPrFL590FnVaSCCI8B125l46lpn59kAurftUjmnw+OsEolHw0DVxGk9EY3IyB2DxCNCQGKkFUYG4l2yxQ5U3NB9SlNyQfDXFUdrLmg8zeJQQ5oDWTx/+dLuTzx5ZKz0WJnMxDIqlReXsYnAhJSP/5yHZi6OkVZce9rIKop/r8PHiLxSHyTBW6ggygNhE3ylrEcGpqkySO/RHsYK1GnBRlH11 Generated-by-Nova", "private_key": "-----BEGIN RSA PRIVATE KEY-----\nMIIEqAIBAAKCAQEAlHxfnZo4p+ce4BGn5C+bTj0PY+R6UouWZ2dQUmlVfQvju+b2\nuNtY/ue9oi/xabPhz4szp6RQ4uEyiKxb5mcZ9g0jCljRIC5VSlZudr49LsNDsCdY\ny1QT4FsVWkDd03z6xS+fdBZ1WkggiPAdduZeOpaZ+fZALq37VI5p8PjrBKJR8NA1\ncRpPRGNyMgdg8QjQkBipBVGBuJdssUOVNzQfUpTckHw1xVHay5oPM3iUEOaA1k8f\n/nS7k88eWSs9FiZzMQyKpUXl7GJwISUj/+ch2YujpFWXHvayCqKf6/Dx4i8Uh8kw\nVuoIMoDYRN8paxHBqapMkjv0R7GCtRpwUZR9dQIDAQABAoIBABBJuF9cbHyWkL95\nkFYqlrm1XvvRM03cvAnpvljb7yHBbSDOjB/pB9EmcJna8ntq3QlcNrVcA/dvRpDR\nf189zg48kKxw47fI/VgjNQjXg3SevM0U89uSBIAm3afB19N8MTHyMGaWlBbsNI1w\n8Xp6eLmqjYdq6M12DkzPNnXViEpArT9xsrKmiGDsZbATKhZmkj21UkqPbY+QHmGF\nH8Y+Vr9sgX8ZZVYbHHVGaqqJvWYJbziUxlzHcegEFQbc5iVpQEPgGflxDliPZ0mh\nla3+XVAkyxenXaqRt7e0FBzQLBWGgOA3nj48+MA9T6vGcUpSP+9ZShC5a+LtAMix\nJ6rJ2EECggCBAMCsy5ginPIpT3MZ22mi+YrQpgDDvpDvHHm3+ZWipcgf8PZHNra/\nO0fmK/CAR9PEUrtV09o+1kUbsQ5xfRpAWK5KDfwjjvc8j4R9mWRdqURQ51dC5LcV\nAwWqEPK+6Om3eoBTMEKZNt9hTMWkx3rdfzR45gfGr/1jAPvMtycSjwnlAoIAgQDF\nSZxX7Q155eKDMMiSpqtdGRf+ixU7rNNe4oQsr13E2W2iABjKSQ34wzakRkfdQgrp\nybIdIiia4byq2Ixy4BS3OT2FOpCWh7xrnqwACBWmmufpy9zeZzNejfGCaYXGOlpU\nOWw4xry0C2xpMKo26XZpGKaXRGza7VjCPqxGFDMsUQKCAIAZLvy1d+C3rjqaOsj4\n97pSMI9iDjO8UeSQ7EENE+NDUxl1tz0pibk/3o/jsYCx5zlBDyjPn+L1yXbNAnxt\nj/eHYFqPmD45horjsF76RVu4eDKkrzOh0ndAqEfq0pUy5y5102m9arVHYTpdovoH\nzyevPhYi8g9SuTwJrWpLCxvzGQKCAIBmgrInCbiX3zhMXJvLf6jJDhHmpFQbFtkZ\nk2+EXHbHowaRR6WZ7k3BNYX947rRn9BV3ASdmLMqjyLeTvjjc8Wv0qFBycV5QfxI\nm0DaH1lIoXLhi5kvQsZxWiXkUno9HvLykofGFJXWo5zoJ246bCKnxzRAo0BAnVUi\nUThojXRtkQKCAIEAswdP+e5hoXVlaB2SEyDH4UJ2v5PlcKR9fpeQvEMjORQTtPx/\nLYb56gtAuhFQ15ghVEBy6q1DsXMQUHQGekxFRWT1GWAi8GikqUP91thiKJVzgX3y\n3Aa+4tMZgBAWzK89YR16tUf0qqJjlLOlcOtFjE5Qy+eRGNQ9WWWoIDJTUWE=\n-----END RSA PRIVATE KEY-----\n", "user_id": "d7df0ad52a684dff95cabbf996670c38", "name": "tempest-TestNetworkBasicOps-88247353", "fingerprint": "8f:c3:88:dc:67:c5:dc:2e:10:05:51:c0:a7:47:66:02"}}
2015-12-22 15:25:20,490 21898 INFO     [tempest_lib.common.rest_client] Request (TestNetworkBasicOps:test_connectivity_between_vms_on_different_networks): 200 POST http://10.0.2.15:5000/v2.0/tokens
2015-12-22 15:25:20,490 21898 DEBUG    [tempest_lib.common.rest_client] Request - Headers: {'Content-Type': 'application/json', 'Accept': 'application/json'}
        Body: &lt;omitted&gt;
    Response - Headers: {'status': '200', 'content-length': '2528', 'vary': 'X-Auth-Token', 'server': 'Apache/2.4.7 (Ubuntu)', 'connection': 'close', 'date': 'Tue, 22 Dec 2015 15:25:20 GMT', 'content-type': 'application/json', 'x-openstack-request-id': 'req-0adc8b51-dbe8-4516-bde2-a06c5e02da2e'}
        Body: {"access": {"token": {"issued_at": "2015-12-22T15:25:20.477399", "expires": "2015-12-22T16:25:20Z", "id": "72b4cd9b79074334b416472699b06363", "tenant": {"description": "tempest-TestNetworkBasicOps-1532418305-desc", "enabled": true, "id": "2fe7467aaf9a4f13a990027b807f7c18", "name": "tempest-TestNetworkBasicOps-1532418305"}, "audit_ids": ["DAchp01YRrqkqLv9GTbcRw"]}, "serviceCatalog": [{"endpoints": [{"adminURL": "http://10.0.2.15:8774/v2.1/2fe7467aaf9a4f13a990027b807f7c18", "region": "RegionOne", "internalURL": "http://10.0.2.15:8774/v2.1/2fe7467aaf9a4f13a990027b807f7c18", "id": "55247a82a9024772a1e68ca7804b5adc", "publicURL": "http://10.0.2.15:8774/v2.1/2fe7467aaf9a4f13a990027b807f7c18"}], "endpoints_links": [], "type": "compute", "name": "nova"}, {"endpoints": [{"adminURL": "http://10.0.2.15:9696/", "region": "RegionOne", "internalURL": "http://10.0.2.15:9696/", "id": "97b79f70fdf8401c9051ff7fa204924b", "publicURL": "http://10.0.2.15:9696/"}], "endpoints_links": [], "type": "network", "name": "neutron"}, {"endpoints": [{"adminURL": "http://10.0.2.15:9292", "region": "RegionOne", "internalURL": "http://10.0.2.15:9292", "id": "10a3d5d1df394b889cb69bb003fbf43a", "publicURL": "http://10.0.2.15:9292"}], "endpoints_links": [], "type": "image", "name": "glance"}, {"endpoints": [{"adminURL": "http://10.0.2.15:8774/v2/2fe7467aaf9a4f13a990027b807f7c18", "region": "RegionOne", "internalURL": "http://10.0.2.15:8774/v2/2fe7467aaf9a4f13a990027b807f7c18", "id": "67e9547c63954686893b4abbaf713763", "publicURL": "http://10.0.2.15:8774/v2/2fe7467aaf9a4f13a990027b807f7c18"}], "endpoints_links": [], "type": "compute_legacy", "name": "nova_legacy"}, {"endpoints": [{"adminURL": "http://10.0.2.15:8773/", "region": "RegionOne", "internalURL": "http://10.0.2.15:8773/", "id": "65e1ea2812d048548b97457795ebe3f6", "publicURL": "http://10.0.2.15:8773/"}], "endpoints_links": [], "type": "ec2", "name": "ec2"}, {"endpoints": [{"adminURL": "http://10.0.2.15:35357/v2.0", "region": "RegionOne", "internalURL": "http://10.0.2.15:5000/v2.0", "id": "3470e60652934d45aa70e5fb71fbfe48", "publicURL": "http://10.0.2.15:5000/v2.0"}], "endpoints_links": [], "type": "identity", "name": "keystone"}], "user": {"username": "tempest-TestNetworkBasicOps-526824803", "roles_links": [], "id": "d7df0ad52a684dff95cabbf996670c38", "roles": [{"name": "Member"}, {"name": "_member_"}], "name": "tempest-TestNetworkBasicOps-526824803"}, "metadata": {"is_admin": 0, "roles": ["9c1f5e631fe4414784a3cb796928838c", "9fe2ff9ee4384b1894a90878d3e92bab"]}}}
2015-12-22 15:25:20,496 21898 DEBUG    [tempest.common.fixed_network] (TestNetworkBasicOps:test_connectivity_between_vms_on_different_networks) No valid network provided or created, defaulting to fixed_network_name
2015-12-22 15:25:20,846 21898 INFO     [tempest_lib.common.rest_client] Request (TestNetworkBasicOps:test_connectivity_between_vms_on_different_networks): 200 GET http://10.0.2.15:8774/v2.1/2fe7467aaf9a4f13a990027b807f7c18/os-networks 0.350s
2015-12-22 15:25:20,847 21898 DEBUG    [tempest_lib.common.rest_client] Request - Headers: {'Content-Type': 'application/json', 'Accept': 'application/json', 'X-Auth-Token': '&lt;omitted&gt;'}
        Body: None
    Response - Headers: {'status': '200', 'content-length': '479', 'content-location': 'http://10.0.2.15:8774/v2.1/2fe7467aaf9a4f13a990027b807f7c18/os-networks', 'x-compute-request-id': 'req-3594c34c-d344-4495-9d1f-cba68d7b00b0', 'vary': 'X-OpenStack-Nova-API-Version', 'connection': 'close', 'x-openstack-nova-api-version': '2.1', 'date': 'Tue, 22 Dec 2015 15:25:20 GMT', 'content-type': 'application/json'}
        Body: {"networks": [{"cidr_v6": null, "dns2": null, "dns1": null, "gateway": null, "broadcast": null, "netmask": null, "gateway_v6": null, "cidr": null, "label": "public", "id": "20ae771c-c0c9-44a7-801e-59c583989006", "netmask_v6": null}, {"cidr_v6": null, "dns2": null, "dns1": null, "gateway": null, "broadcast": null, "netmask": null, "gateway_v6": null, "cidr": null, "label": "tempest-network-smoke--2110983523", "id": "22cf7b9f-f076-4202-98fe-20e73d3286a6", "netmask_v6": null}]}
2015-12-22 15:25:20,847 21898 WARNING  [tempest.common.fixed_network] (TestNetworkBasicOps:test_connectivity_between_vms_on_different_networks) Network with name: private not found
2015-12-22 15:25:20,847 21898 INFO     [tempest.common.fixed_network] (TestNetworkBasicOps:test_connectivity_between_vms_on_different_networks) Found network {} available for tenant
2015-12-22 15:25:22,809 21898 INFO     [tempest_lib.common.rest_client] Request (TestNetworkBasicOps:test_connectivity_between_vms_on_different_networks): 202 POST http://10.0.2.15:8774/v2.1/2fe7467aaf9a4f13a990027b807f7c18/servers 1.961s
2015-12-22 15:25:22,809 21898 DEBUG    [tempest_lib.common.rest_client] Request - Headers: {'Content-Type': 'application/json', 'Accept': 'application/json', 'X-Auth-Token': '&lt;omitted&gt;'}
        Body: {"server": {"name": "tempest.common.compute-instance-1097939881", "imageRef": "54f7543d-5d83-4775-824d-f38f26690465", "key_name": "tempest-TestNetworkBasicOps-88247353", "flavorRef": "42", "networks": [{"uuid": "22cf7b9f-f076-4202-98fe-20e73d3286a6"}], "security_groups": [{"name": "tempest-secgroup-smoke-1994261070"}]}}
    Response - Headers: {'status': '202', 'content-length': '462', 'x-compute-request-id': 'req-85336926-5d85-4bf5-8231-428f615c152b', 'vary': 'X-OpenStack-Nova-API-Version', 'connection': 'close', 'location': 'http://10.0.2.15:8774/v2.1/2fe7467aaf9a4f13a990027b807f7c18/servers/e61bde7f-ee66-45c9-8364-ca6a613914ee', 'x-openstack-nova-api-version': '2.1', 'date': 'Tue, 22 Dec 2015 15:25:22 GMT', 'content-type': 'application/json'}
        Body: {"server": {"security_groups": [{"name": "tempest-secgroup-smoke-1994261070"}], "OS-DCF:diskConfig": "MANUAL", "id": "e61bde7f-ee66-45c9-8364-ca6a613914ee", "links": [{"href": "http://10.0.2.15:8774/v2.1/2fe7467aaf9a4f13a990027b807f7c18/servers/e61bde7f-ee66-45c9-8364-ca6a613914ee", "rel": "self"}, {"href": "http://10.0.2.15:8774/2fe7467aaf9a4f13a990027b807f7c18/servers/e61bde7f-ee66-45c9-8364-ca6a613914ee", "rel": "bookmark"}], "adminPass": "ZU6jdV8TzN5X"}}
2015-12-22 15:25:22,947 21898 INFO     [tempest_lib.common.rest_client] Request (TestNetworkBasicOps:test_connectivity_between_vms_on_different_networks): 200 GET http://10.0.2.15:8774/v2.1/2fe7467aaf9a4f13a990027b807f7c18/servers/e61bde7f-ee66-45c9-8364-ca6a613914ee 0.135s
2015-12-22 15:25:22,948 21898 DEBUG    [tempest_lib.common.rest_client] Request - Headers: {'Content-Type': 'application/json', 'Accept': 'application/json', 'X-Auth-Token': '&lt;omitted&gt;'}
        Body: None
    Response - Headers: {'status': '200', 'content-length': '1354', 'content-location': 'http://10.0.2.15:8774/v2.1/2fe7467aaf9a4f13a990027b807f7c18/servers/e61bde7f-ee66-45c9-8364-ca6a613914ee', 'x-compute-request-id': 'req-40c7d8e4-f52e-4a85-980c-8b697786391b', 'vary': 'X-OpenStack-Nova-API-Version', 'connection': 'close', 'x-openstack-nova-api-version': '2.1', 'date': 'Tue, 22 Dec 2015 15:25:22 GMT', 'content-type': 'application/json'}
        Body: {"server": {"status": "BUILD", "updated": "2015-12-22T15:25:22Z", "hostId": "", "addresses": {}, "links": [{"href": "http://10.0.2.15:8774/v2.1/2fe7467aaf9a4f13a990027b807f7c18/servers/e61bde7f-ee66-45c9-8364-ca6a613914ee", "rel": "self"}, {"href": "http://10.0.2.15:8774/2fe7467aaf9a4f13a990027b807f7c18/servers/e61bde7f-ee66-45c9-8364-ca6a613914ee", "rel": "bookmark"}], "key_name": "tempest-TestNetworkBasicOps-88247353", "image": {"id": "54f7543d-5d83-4775-824d-f38f26690465", "links": [{"href": "http://10.0.2.15:8774/2fe7467aaf9a4f13a990027b807f7c18/images/54f7543d-5d83-4775-824d-f38f26690465", "rel": "bookmark"}]}, "OS-EXT-STS:task_state": "scheduling", "OS-EXT-STS:vm_state": "building", "OS-SRV-USG:launched_at": null, "flavor": {"id": "42", "links": [{"href": "http://10.0.2.15:8774/2fe7467aaf9a4f13a990027b807f7c18/flavors/42", "rel": "bookmark"}]}, "id": "e61bde7f-ee66-45c9-8364-ca6a613914ee", "OS-SRV-USG:terminated_at": null, "OS-EXT-AZ:availability_zone": "", "user_id": "d7df0ad52a684dff95cabbf996670c38", "name": "tempest.common.compute-instance-1097939881", "created": "2015-12-22T15:25:22Z", "tenant_id": "2fe7467aaf9a4f13a990027b807f7c18", "OS-DCF:diskConfig": "MANUAL", "os-extended-volumes:volumes_attached": [], "accessIPv4": "", "accessIPv6": "", "progress": 0, "OS-EXT-STS:power_state": 0, "config_drive": "", "metadata": {}}}
2015-12-22 15:25:24,165 21898 INFO     [tempest_lib.common.rest_client] Request (TestNetworkBasicOps:test_connectivity_between_vms_on_different_networks): 200 GET http://10.0.2.15:8774/v2.1/2fe7467aaf9a4f13a990027b807f7c18/servers/e61bde7f-ee66-45c9-8364-ca6a613914ee 0.204s
2015-12-22 15:25:24,165 21898 DEBUG    [tempest_lib.common.rest_client] Request - Headers: {'Content-Type': 'application/json', 'Accept': 'application/json', 'X-Auth-Token': '&lt;omitted&gt;'}
        Body: None
    Response - Headers: {'status': '200', 'content-length': '1412', 'content-location': 'http://10.0.2.15:8774/v2.1/2fe7467aaf9a4f13a990027b807f7c18/servers/e61bde7f-ee66-45c9-8364-ca6a613914ee', 'x-compute-request-id': 'req-66e2b853-1708-447f-9b9f-0d122c55bcf7', 'vary': 'X-OpenStack-Nova-API-Version', 'connection': 'close', 'x-openstack-nova-api-version': '2.1', 'date': 'Tue, 22 Dec 2015 15:25:24 GMT', 'content-type': 'application/json'}
        Body: {"server": {"status": "BUILD", "updated": "2015-12-22T15:25:23Z", "hostId": "04739548feebb43138ba94a9ef7d78c23ba4502ca6dc4eee3d929479", "addresses": {}, "links": [{"href": "http://10.0.2.15:8774/v2.1/2fe7467aaf9a4f13a990027b807f7c18/servers/e61bde7f-ee66-45c9-8364-ca6a613914ee", "rel": "self"}, {"href": "http://10.0.2.15:8774/2fe7467aaf9a4f13a990027b807f7c18/servers/e61bde7f-ee66-45c9-8364-ca6a613914ee", "rel": "bookmark"}], "key_name": "tempest-TestNetworkBasicOps-88247353", "image": {"id": "54f7543d-5d83-4775-824d-f38f26690465", "links": [{"href": "http://10.0.2.15:8774/2fe7467aaf9a4f13a990027b807f7c18/images/54f7543d-5d83-4775-824d-f38f26690465", "rel": "bookmark"}]}, "OS-EXT-STS:task_state": "spawning", "OS-EXT-STS:vm_state": "building", "OS-SRV-USG:launched_at": null, "flavor": {"id": "42", "links": [{"href": "http://10.0.2.15:8774/2fe7467aaf9a4f13a990027b807f7c18/flavors/42", "rel": "bookmark"}]}, "id": "e61bde7f-ee66-45c9-8364-ca6a613914ee", "OS-SRV-USG:terminated_at": null, "OS-EXT-AZ:availability_zone": "nova", "user_id": "d7df0ad52a684dff95cabbf996670c38", "name": "tempest.common.compute-instance-1097939881", "created": "2015-12-22T15:25:22Z", "tenant_id": "2fe7467aaf9a4f13a990027b807f7c18", "OS-DCF:diskConfig": "MANUAL", "os-extended-volumes:volumes_attached": [], "accessIPv4": "", "accessIPv6": "", "progress": 0, "OS-EXT-STS:power_state": 0, "config_drive": "", "metadata": {}}}
2015-12-22 15:25:24,183 21898 INFO     [tempest.common.waiters] State transition "BUILD/scheduling" ==&gt; "BUILD/spawning" after 2 second wait
2015-12-22 15:25:25,468 21898 INFO     [tempest_lib.common.rest_client] Request (TestNetworkBasicOps:test_connectivity_between_vms_on_different_networks): 200 GET http://10.0.2.15:8774/v2.1/2fe7467aaf9a4f13a990027b807f7c18/servers/e61bde7f-ee66-45c9-8364-ca6a613914ee 0.283s
2015-12-22 15:25:25,469 21898 DEBUG    [tempest_lib.common.rest_client] Request - Headers: {'Content-Type': 'application/json', 'Accept': 'application/json', 'X-Auth-Token': '&lt;omitted&gt;'}
        Body: None
    Response - Headers: {'status': '200', 'content-length': '1480', 'content-location': 'http://10.0.2.15:8774/v2.1/2fe7467aaf9a4f13a990027b807f7c18/servers/e61bde7f-ee66-45c9-8364-ca6a613914ee', 'x-compute-request-id': 'req-c74003c0-1531-46ca-b935-ab88cd0e551a', 'vary': 'X-OpenStack-Nova-API-Version', 'connection': 'close', 'x-openstack-nova-api-version': '2.1', 'date': 'Tue, 22 Dec 2015 15:25:25 GMT', 'content-type': 'application/json'}
        Body: {"server": {"status": "BUILD", "updated": "2015-12-22T15:25:23Z", "hostId": "04739548feebb43138ba94a9ef7d78c23ba4502ca6dc4eee3d929479", "addresses": {}, "links": [{"href": "http://10.0.2.15:8774/v2.1/2fe7467aaf9a4f13a990027b807f7c18/servers/e61bde7f-ee66-45c9-8364-ca6a613914ee", "rel": "self"}, {"href": "http://10.0.2.15:8774/2fe7467aaf9a4f13a990027b807f7c18/servers/e61bde7f-ee66-45c9-8364-ca6a613914ee", "rel": "bookmark"}], "key_name": "tempest-TestNetworkBasicOps-88247353", "image": {"id": "54f7543d-5d83-4775-824d-f38f26690465", "links": [{"href": "http://10.0.2.15:8774/2fe7467aaf9a4f13a990027b807f7c18/images/54f7543d-5d83-4775-824d-f38f26690465", "rel": "bookmark"}]}, "OS-EXT-STS:task_state": "spawning", "OS-EXT-STS:vm_state": "building", "OS-SRV-USG:launched_at": null, "flavor": {"id": "42", "links": [{"href": "http://10.0.2.15:8774/2fe7467aaf9a4f13a990027b807f7c18/flavors/42", "rel": "bookmark"}]}, "id": "e61bde7f-ee66-45c9-8364-ca6a613914ee", "security_groups": [{"name": "tempest-secgroup-smoke-1994261070"}], "OS-SRV-USG:terminated_at": null, "OS-EXT-AZ:availability_zone": "nova", "user_id": "d7df0ad52a684dff95cabbf996670c38", "name": "tempest.common.compute-instance-1097939881", "created": "2015-12-22T15:25:22Z", "tenant_id": "2fe7467aaf9a4f13a990027b807f7c18", "OS-DCF:diskConfig": "MANUAL", "os-extended-volumes:volumes_attached": [], "accessIPv4": "", "accessIPv6": "", "progress": 0, "OS-EXT-STS:power_state": 0, "config_drive": "", "metadata": {}}}
2015-12-22 15:25:26,792 21898 INFO     [tempest_lib.common.rest_client] Request (TestNetworkBasicOps:test_connectivity_between_vms_on_different_networks): 200 GET http://10.0.2.15:8774/v2.1/2fe7467aaf9a4f13a990027b807f7c18/servers/e61bde7f-ee66-45c9-8364-ca6a613914ee 0.307s
2015-12-22 15:25:26,793 21898 DEBUG    [tempest_lib.common.rest_client] Request - Headers: {'Content-Type': 'application/json', 'Accept': 'application/json', 'X-Auth-Token': '&lt;omitted&gt;'}
        Body: None
    Response - Headers: {'status': '200', 'content-length': '1652', 'content-location': 'http://10.0.2.15:8774/v2.1/2fe7467aaf9a4f13a990027b807f7c18/servers/e61bde7f-ee66-45c9-8364-ca6a613914ee', 'x-compute-request-id': 'req-15461969-7554-4153-b1a0-70f332c7f2ff', 'vary': 'X-OpenStack-Nova-API-Version', 'connection': 'close', 'x-openstack-nova-api-version': '2.1', 'date': 'Tue, 22 Dec 2015 15:25:26 GMT', 'content-type': 'application/json'}
        Body: {"server": {"status": "ACTIVE", "updated": "2015-12-22T15:25:26Z", "hostId": "04739548feebb43138ba94a9ef7d78c23ba4502ca6dc4eee3d929479", "addresses": {"tempest-network-smoke--2110983523": [{"OS-EXT-IPS-MAC:mac_addr": "fa:16:3e:c4:5e:2f", "version": 4, "addr": "10.100.0.3", "OS-EXT-IPS:type": "fixed"}]}, "links": [{"href": "http://10.0.2.15:8774/v2.1/2fe7467aaf9a4f13a990027b807f7c18/servers/e61bde7f-ee66-45c9-8364-ca6a613914ee", "rel": "self"}, {"href": "http://10.0.2.15:8774/2fe7467aaf9a4f13a990027b807f7c18/servers/e61bde7f-ee66-45c9-8364-ca6a613914ee", "rel": "bookmark"}], "key_name": "tempest-TestNetworkBasicOps-88247353", "image": {"id": "54f7543d-5d83-4775-824d-f38f26690465", "links": [{"href": "http://10.0.2.15:8774/2fe7467aaf9a4f13a990027b807f7c18/images/54f7543d-5d83-4775-824d-f38f26690465", "rel": "bookmark"}]}, "OS-EXT-STS:task_state": null, "OS-EXT-STS:vm_state": "active", "OS-SRV-USG:launched_at": "2015-12-22T15:25:26.000000", "flavor": {"id": "42", "links": [{"href": "http://10.0.2.15:8774/2fe7467aaf9a4f13a990027b807f7c18/flavors/42", "rel": "bookmark"}]}, "id": "e61bde7f-ee66-45c9-8364-ca6a613914ee", "security_groups": [{"name": "tempest-secgroup-smoke-1994261070"}], "OS-SRV-USG:terminated_at": null, "OS-EXT-AZ:availability_zone": "nova", "user_id": "d7df0ad52a684dff95cabbf996670c38", "name": "tempest.common.compute-instance-1097939881", "created": "2015-12-22T15:25:22Z", "tenant_id": "2fe7467aaf9a4f13a990027b807f7c18", "OS-DCF:diskConfig": "MANUAL", "os-extended-volumes:volumes_attached": [], "accessIPv4": "", "accessIPv6": "", "progress": 0, "OS-EXT-STS:power_state": 1, "config_drive": "True", "metadata": {}}}
2015-12-22 15:25:26,802 21898 INFO     [tempest.common.waiters] State transition "BUILD/spawning" ==&gt; "ACTIVE/None" after 4 second wait
2015-12-22 15:25:26,992 21898 INFO     [tempest_lib.common.rest_client] Request (TestNetworkBasicOps:test_connectivity_between_vms_on_different_networks): 200 GET http://10.0.2.15:8774/v2.1/2fe7467aaf9a4f13a990027b807f7c18/servers/e61bde7f-ee66-45c9-8364-ca6a613914ee 0.189s
2015-12-22 15:25:26,992 21898 DEBUG    [tempest_lib.common.rest_client] Request - Headers: {'Content-Type': 'application/json', 'Accept': 'application/json', 'X-Auth-Token': '&lt;omitted&gt;'}
        Body: None
    Response - Headers: {'status': '200', 'content-length': '1652', 'content-location': 'http://10.0.2.15:8774/v2.1/2fe7467aaf9a4f13a990027b807f7c18/servers/e61bde7f-ee66-45c9-8364-ca6a613914ee', 'x-compute-request-id': 'req-522484fc-daf3-4838-823f-28ed2ff3fc0a', 'vary': 'X-OpenStack-Nova-API-Version', 'connection': 'close', 'x-openstack-nova-api-version': '2.1', 'date': 'Tue, 22 Dec 2015 15:25:26 GMT', 'content-type': 'application/json'}
        Body: {"server": {"status": "ACTIVE", "updated": "2015-12-22T15:25:26Z", "hostId": "04739548feebb43138ba94a9ef7d78c23ba4502ca6dc4eee3d929479", "addresses": {"tempest-network-smoke--2110983523": [{"OS-EXT-IPS-MAC:mac_addr": "fa:16:3e:c4:5e:2f", "version": 4, "addr": "10.100.0.3", "OS-EXT-IPS:type": "fixed"}]}, "links": [{"href": "http://10.0.2.15:8774/v2.1/2fe7467aaf9a4f13a990027b807f7c18/servers/e61bde7f-ee66-45c9-8364-ca6a613914ee", "rel": "self"}, {"href": "http://10.0.2.15:8774/2fe7467aaf9a4f13a990027b807f7c18/servers/e61bde7f-ee66-45c9-8364-ca6a613914ee", "rel": "bookmark"}], "key_name": "tempest-TestNetworkBasicOps-88247353", "image": {"id": "54f7543d-5d83-4775-824d-f38f26690465", "links": [{"href": "http://10.0.2.15:8774/2fe7467aaf9a4f13a990027b807f7c18/images/54f7543d-5d83-4775-824d-f38f26690465", "rel": "bookmark"}]}, "OS-EXT-STS:task_state": null, "OS-EXT-STS:vm_state": "active", "OS-SRV-USG:launched_at": "2015-12-22T15:25:26.000000", "flavor": {"id": "42", "links": [{"href": "http://10.0.2.15:8774/2fe7467aaf9a4f13a990027b807f7c18/flavors/42", "rel": "bookmark"}]}, "id": "e61bde7f-ee66-45c9-8364-ca6a613914ee", "security_groups": [{"name": "tempest-secgroup-smoke-1994261070"}], "OS-SRV-USG:terminated_at": null, "OS-EXT-AZ:availability_zone": "nova", "user_id": "d7df0ad52a684dff95cabbf996670c38", "name": "tempest.common.compute-instance-1097939881", "created": "2015-12-22T15:25:22Z", "tenant_id": "2fe7467aaf9a4f13a990027b807f7c18", "OS-DCF:diskConfig": "MANUAL", "os-extended-volumes:volumes_attached": [], "accessIPv4": "", "accessIPv6": "", "progress": 0, "OS-EXT-STS:power_state": 1, "config_drive": "True", "metadata": {}}}
2015-12-22 15:25:27,001 21898 INFO     [tempest.scenario.manager] Tenant networks not configured to be reachable.
2015-12-22 15:25:27,148 21898 INFO     [tempest_lib.common.rest_client] Request (TestNetworkBasicOps:test_connectivity_between_vms_on_different_networks): 200 GET http://10.0.2.15:9696/v2.0/ports?status=ACTIVE&amp;fixed_ip=None&amp;device_id=e61bde7f-ee66-45c9-8364-ca6a613914ee 0.147s
2015-12-22 15:25:27,149 21898 DEBUG    [tempest_lib.common.rest_client] Request - Headers: {'Content-Type': 'application/json', 'Accept': 'application/json', 'X-Auth-Token': '&lt;omitted&gt;'}
        Body: None
    Response - Headers: {'status': '200', 'content-length': '895', 'content-location': 'http://10.0.2.15:9696/v2.0/ports?status=ACTIVE&amp;fixed_ip=None&amp;device_id=e61bde7f-ee66-45c9-8364-ca6a613914ee', 'connection': 'close', 'date': 'Tue, 22 Dec 2015 15:25:27 GMT', 'content-type': 'application/json; charset=UTF-8', 'x-openstack-request-id': 'req-8ea412ab-3b12-4d29-a246-9ada4d5b7e3c'}
        Body: {"ports": [{"status": "ACTIVE", "binding:host_id": "vagrant-ubuntu-trusty-64", "allowed_address_pairs": [], "extra_dhcp_opts": [], "dns_assignment": [{"hostname": "host-10-100-0-3", "ip_address": "10.100.0.3", "fqdn": "host-10-100-0-3.openstacklocal."}], "device_owner": "compute:None", "port_security_enabled": true, "binding:profile": {}, "fixed_ips": [{"subnet_id": "b50365f3-c34e-437f-aaaa-782b47cec1ca", "ip_address": "10.100.0.3"}], "id": "53d8be3e-f313-4bd5-8728-75a96dbcd589", "security_groups": ["731d6dcf-e695-4d3f-90d1-05fcbabfa694"], "device_id": "e61bde7f-ee66-45c9-8364-ca6a613914ee", "name": "", "admin_state_up": true, "network_id": "22cf7b9f-f076-4202-98fe-20e73d3286a6", "dns_name": "", "binding:vif_details": {"port_filter": true}, "binding:vnic_type": "normal", "binding:vif_type": "ovs", "tenant_id": "2fe7467aaf9a4f13a990027b807f7c18", "mac_address": "fa:16:3e:c4:5e:2f"}]}
2015-12-22 15:25:27,878 21898 INFO     [tempest_lib.common.rest_client] Request (TestNetworkBasicOps:test_connectivity_between_vms_on_different_networks): 201 POST http://10.0.2.15:9696/v2.0/floatingips 0.728s
2015-12-22 15:25:27,879 21898 DEBUG    [tempest_lib.common.rest_client] Request - Headers: {'Content-Type': 'application/json', 'Accept': 'application/json', 'X-Auth-Token': '&lt;omitted&gt;'}
        Body: {"floatingip": {"floating_network_id": "20ae771c-c0c9-44a7-801e-59c583989006", "tenant_id": "2fe7467aaf9a4f13a990027b807f7c18", "fixed_ip_address": "10.100.0.3", "port_id": "53d8be3e-f313-4bd5-8728-75a96dbcd589"}}
    Response - Headers: {'status': '201', 'content-length': '367', 'connection': 'close', 'date': 'Tue, 22 Dec 2015 15:25:27 GMT', 'content-type': 'application/json; charset=UTF-8', 'x-openstack-request-id': 'req-09c7ed68-ee6d-4491-b186-74bd9a867ff3'}
        Body: {"floatingip": {"floating_network_id": "20ae771c-c0c9-44a7-801e-59c583989006", "router_id": "f4a1c7ac-9468-4f8a-8242-cfc408e81585", "fixed_ip_address": "10.100.0.3", "floating_ip_address": "172.24.4.4", "tenant_id": "2fe7467aaf9a4f13a990027b807f7c18", "status": "DOWN", "port_id": "53d8be3e-f313-4bd5-8728-75a96dbcd589", "id": "65099d64-e8ca-46a2-acdd-d76b6fbb25cf"}}
2015-12-22 15:25:27,893 21898 INFO     [tempest_lib.common.rest_client] Request (TestNetworkBasicOps:test_connectivity_between_vms_on_different_networks): 200 GET http://10.0.2.15:9696/v2.0/floatingips/65099d64-e8ca-46a2-acdd-d76b6fbb25cf 0.013s
2015-12-22 15:25:27,893 21898 DEBUG    [tempest_lib.common.rest_client] Request - Headers: {'Content-Type': 'application/json', 'Accept': 'application/json', 'X-Auth-Token': '&lt;omitted&gt;'}
        Body: None
    Response - Headers: {'status': '200', 'content-length': '367', 'content-location': 'http://10.0.2.15:9696/v2.0/floatingips/65099d64-e8ca-46a2-acdd-d76b6fbb25cf', 'connection': 'close', 'date': 'Tue, 22 Dec 2015 15:25:27 GMT', 'content-type': 'application/json; charset=UTF-8', 'x-openstack-request-id': 'req-0bbab2da-a484-4808-aa67-1451291069f4'}
        Body: {"floatingip": {"floating_network_id": "20ae771c-c0c9-44a7-801e-59c583989006", "router_id": "f4a1c7ac-9468-4f8a-8242-cfc408e81585", "fixed_ip_address": "10.100.0.3", "floating_ip_address": "172.24.4.4", "tenant_id": "2fe7467aaf9a4f13a990027b807f7c18", "status": "DOWN", "port_id": "53d8be3e-f313-4bd5-8728-75a96dbcd589", "id": "65099d64-e8ca-46a2-acdd-d76b6fbb25cf"}}
2015-12-22 15:25:28,913 21898 INFO     [tempest_lib.common.rest_client] Request (TestNetworkBasicOps:test_connectivity_between_vms_on_different_networks): 200 GET http://10.0.2.15:9696/v2.0/floatingips/65099d64-e8ca-46a2-acdd-d76b6fbb25cf 0.017s
2015-12-22 15:25:28,913 21898 DEBUG    [tempest_lib.common.rest_client] Request - Headers: {'Content-Type': 'application/json', 'Accept': 'application/json', 'X-Auth-Token': '&lt;omitted&gt;'}
        Body: None
    Response - Headers: {'status': '200', 'content-length': '369', 'content-location': 'http://10.0.2.15:9696/v2.0/floatingips/65099d64-e8ca-46a2-acdd-d76b6fbb25cf', 'connection': 'close', 'date': 'Tue, 22 Dec 2015 15:25:28 GMT', 'content-type': 'application/json; charset=UTF-8', 'x-openstack-request-id': 'req-1dd85536-578f-4a93-8e8f-74f8dadf8a2b'}
        Body: {"floatingip": {"floating_network_id": "20ae771c-c0c9-44a7-801e-59c583989006", "router_id": "f4a1c7ac-9468-4f8a-8242-cfc408e81585", "fixed_ip_address": "10.100.0.3", "floating_ip_address": "172.24.4.4", "tenant_id": "2fe7467aaf9a4f13a990027b807f7c18", "status": "ACTIVE", "port_id": "53d8be3e-f313-4bd5-8728-75a96dbcd589", "id": "65099d64-e8ca-46a2-acdd-d76b6fbb25cf"}}
2015-12-22 15:25:28,913 21898 INFO     [tempest.scenario.manager] FloatingIP: &lt;"FloatingIP" addr="172.24.4.4" id="65099d64-e8ca-46a2-acdd-d76b6fbb25cf"&gt; is at status: ACTIVE
2015-12-22 15:25:28,913 21898 DEBUG    [tempest.scenario.manager] checking network connections to IP 172.24.4.4 with user: cirros
2015-12-22 15:25:28,914 21898 DEBUG    [tempest.scenario.manager] TestNetworkBasicOps:test_connectivity_between_vms_on_different_networks begins to ping 172.24.4.4 in 120 sec and the expected result is reachable
2015-12-22 15:27:29,228 21898 DEBUG    [tempest.scenario.manager] TestNetworkBasicOps:test_connectivity_between_vms_on_different_networks finishes ping 172.24.4.4 in 120 sec and the ping result is unexpected
2015-12-22 15:27:29,230 21898 ERROR    [tempest.scenario.manager] Public network connectivity check failed
2015-12-22 15:27:29.230 21898 ERROR tempest.scenario.manager Traceback (most recent call last):
2015-12-22 15:27:29.230 21898 ERROR tempest.scenario.manager   File "tempest/scenario/manager.py", line 609, in check_public_network_connectivity
2015-12-22 15:27:29.230 21898 ERROR tempest.scenario.manager     should_connect=should_connect)
2015-12-22 15:27:29.230 21898 ERROR tempest.scenario.manager   File "tempest/scenario/manager.py", line 593, in check_vm_connectivity
2015-12-22 15:27:29.230 21898 ERROR tempest.scenario.manager     msg=msg)
2015-12-22 15:27:29.230 21898 ERROR tempest.scenario.manager   File "/usr/local/lib/python2.7/dist-packages/unittest2/case.py", line 702, in assertTrue
2015-12-22 15:27:29.230 21898 ERROR tempest.scenario.manager     raise self.failureException(msg)
2015-12-22 15:27:29.230 21898 ERROR tempest.scenario.manager AssertionError: False is not true : Timed out waiting for 172.24.4.4 to become reachable
2015-12-22 15:27:29.230 21898 ERROR tempest.scenario.manager 
2015-12-22 15:27:29,450 21898 INFO     [tempest_lib.common.rest_client] Request (TestNetworkBasicOps:test_connectivity_between_vms_on_different_networks): 200 POST http://10.0.2.15:8774/v2.1/2fe7467aaf9a4f13a990027b807f7c18/servers/e61bde7f-ee66-45c9-8364-ca6a613914ee/action 0.216s
2015-12-22 15:27:29,451 21898 DEBUG    [tempest_lib.common.rest_client] Request - Headers: {'Content-Type': 'application/json', 'Accept': 'application/json', 'X-Auth-Token': '&lt;omitted&gt;'}
        Body: {"os-getConsoleOutput": {}}
    Response - Headers: {'status': '200', 'content-length': '17429', 'x-compute-request-id': 'req-b70ddb37-ed50-47b9-b711-6ea4c4ef1c08', 'vary': 'X-OpenStack-Nova-API-Version', 'connection': 'close', 'x-openstack-nova-api-version': '2.1', 'date': 'Tue, 22 Dec 2015 15:27:29 GMT', 'content-type': 'application/json'}
        Body: {"output": "[    0.000000] Initializing cgroup subsys cpuset\n[    0.000000] Initializing cgroup subsys cpu\n[    0.000000] Linux version 3.2.0-80-virtual (buildd@batsu) (gcc version 4.6.3 (Ubuntu/Linaro 4.6.3-1ubuntu5) ) #116-Ubuntu SMP Mon Mar 23 17:28:52 UTC 2015 (Ubuntu 3.2.0-80.116-virtual 3.2.68)\n[    0.000000] Command line: root=/dev/vda console=tty0 console=ttyS0 no_timer_check\n[    0.000000] KERNEL supported cpus:\n[    0.000000]   Intel GenuineIntel\n[    0.000000]   AMD AuthenticAMD\n[    0.000000]   Centaur CentaurHauls\n[    0.000000] BIOS-provided physical RAM map:\n[    0.000000]  BIOS-e820: 0000000000000000 - 000000000009fc00 (usable)\n[    0.000000]  BIOS-e820: 000000000009fc00 - 00000000000a0000 (reserved)\n[    0.000000]  BIOS-e820: 00000000000f0000 - 0000000000100000 (reserved)\n[    0.000000]  BIOS-e820: 0000000000100000 - 0000000003ffe000 (usable)\n[    0.000000]  BIOS-e820: 0000000003ffe000 - 0000000004000000 (reserved)\n[    0.000000]  BIOS-e820: 00000000fffc0000 - 0000000100000000 (reserved)\n[    0.000000] NX (Execute Disable) protection: active\n[    0.000000] SMBIOS 2.4 present.\n[    0.000000] No AGP bridge found\n[    0.000000] last_pfn = 0x3ffe max_arch_pfn = 0x400000000\n[    0.000000] x86 PAT enabled: cpu 0, old 0x7040600070406, new 0x7010600070106\n[    0.000000] found SMP MP-table at [ffff8800000f0b00] f0b00\n[    0.000000] init_memory_mapping: 0000000000000000-0000000003ffe000\n[    0.000000] RAMDISK: 03c5e000 - 03ff0000\n[    0.000000] ACPI: RSDP 00000000000f0950 00014 (v00 BOCHS )\n[    0.000000] ACPI: RSDT 0000000003fffbc1 00034 (v01 BOCHS  BXPCRSDT 00000001 BXPC 00000001)\n[    0.000000] ACPI: FACP 0000000003fff1c0 00074 (v01 BOCHS  BXPCFACP 00000001 BXPC 00000001)\n[    0.000000] ACPI: DSDT 0000000003ffe040 01180 (v01 BOCHS  BXPCDSDT 00000001 BXPC 00000001)\n[    0.000000] ACPI: FACS 0000000003ffe000 00040\n[    0.000000] ACPI: SSDT 0000000003fff234 008DD (v01 BOCHS  BXPCSSDT 00000001 BXPC 00000001)\n[    0.000000] ACPI: APIC 0000000003fffb11 00078 (v01 BOCHS  BXPCAPIC 00000001 BXPC 00000001)\n[    0.000000] ACPI: HPET 0000000003fffb89 00038 (v01 BOCHS  BXPCHPET 00000001 BXPC 00000001)\n[    0.000000] No NUMA configuration found\n[    0.000000] Faking a node at 0000000000000000-0000000003ffe000\n[    0.000000] Initmem setup node 0 0000000000000000-0000000003ffe000\n[    0.000000]   NODE_DATA [0000000003ff6000 - 0000000003ffafff]\n[    0.000000] Zone PFN ranges:\n[    0.000000]   DMA      0x00000010 -&gt; 0x00001000\n[    0.000000]   DMA32    0x00001000 -&gt; 0x00100000\n[    0.000000]   Normal   empty\n[    0.000000] Movable zone start PFN for each node\n[    0.000000] early_node_map[2] active PFN ranges\n[    0.000000]     0: 0x00000010 -&gt; 0x0000009f\n[    0.000000]     0: 0x00000100 -&gt; 0x00003ffe\n[    0.000000] ACPI: PM-Timer IO Port: 0xb008\n[    0.000000] ACPI: LAPIC (acpi_id[0x00] lapic_id[0x00] enabled)\n[    0.000000] ACPI: LAPIC_NMI (acpi_id[0xff] dfl dfl lint[0x1])\n[    0.000000] ACPI: IOAPIC (id[0x00] address[0xfec00000] gsi_base[0])\n[    0.000000] IOAPIC[0]: apic_id 0, version 17, address 0xfec00000, GSI 0-23\n[    0.000000] ACPI: INT_SRC_OVR (bus 0 bus_irq 0 global_irq 2 dfl dfl)\n[    0.000000] ACPI: INT_SRC_OVR (bus 0 bus_irq 5 global_irq 5 high level)\n[    0.000000] ACPI: INT_SRC_OVR (bus 0 bus_irq 9 global_irq 9 high level)\n[    0.000000] ACPI: INT_SRC_OVR (bus 0 bus_irq 10 global_irq 10 high level)\n[    0.000000] ACPI: INT_SRC_OVR (bus 0 bus_irq 11 global_irq 11 high level)\n[    0.000000] Using ACPI (MADT) for SMP configuration information\n[    0.000000] ACPI: HPET id: 0x8086a201 base: 0xfed00000\n[    0.000000] SMP: Allowing 1 CPUs, 0 hotplug CPUs\n[    0.000000] PM: Registered nosave memory: 000000000009f000 - 00000000000a0000\n[    0.000000] PM: Registered nosave memory: 00000000000a0000 - 00000000000f0000\n[    0.000000] PM: Registered nosave memory: 00000000000f0000 - 0000000000100000\n[    0.000000] Allocating PCI resources starting at 4000000 (gap: 4000000:fbfc0000)\n[    0.000000] Booting paravirtualized kernel on bare hardware\n[    0.000000] setup_pe
2015-12-22 15:27:29,455 21898 DEBUG    [tempest.scenario.manager] Console output for e61bde7f-ee66-45c9-8364-ca6a613914ee
body=
[    0.000000] Initializing cgroup subsys cpuset
[    0.000000] Initializing cgroup subsys cpu
[    0.000000] Linux version 3.2.0-80-virtual (buildd@batsu) (gcc version 4.6.3 (Ubuntu/Linaro 4.6.3-1ubuntu5) ) #116-Ubuntu SMP Mon Mar 23 17:28:52 UTC 2015 (Ubuntu 3.2.0-80.116-virtual 3.2.68)
[    0.000000] Command line: root=/dev/vda console=tty0 console=ttyS0 no_timer_check
[    0.000000] KERNEL supported cpus:
[    0.000000]   Intel GenuineIntel
[    0.000000]   AMD AuthenticAMD
[    0.000000]   Centaur CentaurHauls
[    0.000000] BIOS-provided physical RAM map:
[    0.000000]  BIOS-e820: 0000000000000000 - 000000000009fc00 (usable)
[    0.000000]  BIOS-e820: 000000000009fc00 - 00000000000a0000 (reserved)
[    0.000000]  BIOS-e820: 00000000000f0000 - 0000000000100000 (reserved)
[    0.000000]  BIOS-e820: 0000000000100000 - 0000000003ffe000 (usable)
[    0.000000]  BIOS-e820: 0000000003ffe000 - 0000000004000000 (reserved)
[    0.000000]  BIOS-e820: 00000000fffc0000 - 0000000100000000 (reserved)
[    0.000000] NX (Execute Disable) protection: active
[    0.000000] SMBIOS 2.4 present.
[    0.000000] No AGP bridge found
[    0.000000] last_pfn = 0x3ffe max_arch_pfn = 0x400000000
[    0.000000] x86 PAT enabled: cpu 0, old 0x7040600070406, new 0x7010600070106
[    0.000000] found SMP MP-table at [ffff8800000f0b00] f0b00
[    0.000000] init_memory_mapping: 0000000000000000-0000000003ffe000
[    0.000000] RAMDISK: 03c5e000 - 03ff0000
[    0.000000] ACPI: RSDP 00000000000f0950 00014 (v00 BOCHS )
[    0.000000] ACPI: RSDT 0000000003fffbc1 00034 (v01 BOCHS  BXPCRSDT 00000001 BXPC 00000001)
[    0.000000] ACPI: FACP 0000000003fff1c0 00074 (v01 BOCHS  BXPCFACP 00000001 BXPC 00000001)
[    0.000000] ACPI: DSDT 0000000003ffe040 01180 (v01 BOCHS  BXPCDSDT 00000001 BXPC 00000001)
[    0.000000] ACPI: FACS 0000000003ffe000 00040
[    0.000000] ACPI: SSDT 0000000003fff234 008DD (v01 BOCHS  BXPCSSDT 00000001 BXPC 00000001)
[    0.000000] ACPI: APIC 0000000003fffb11 00078 (v01 BOCHS  BXPCAPIC 00000001 BXPC 00000001)
[    0.000000] ACPI: HPET 0000000003fffb89 00038 (v01 BOCHS  BXPCHPET 00000001 BXPC 00000001)
[    0.000000] No NUMA configuration found
[    0.000000] Faking a node at 0000000000000000-0000000003ffe000
[    0.000000] Initmem setup node 0 0000000000000000-0000000003ffe000
[    0.000000]   NODE_DATA [0000000003ff6000 - 0000000003ffafff]
[    0.000000] Zone PFN ranges:
[    0.000000]   DMA      0x00000010 -&gt; 0x00001000
[    0.000000]   DMA32    0x00001000 -&gt; 0x00100000
[    0.000000]   Normal   empty
[    0.000000] Movable zone start PFN for each node
[    0.000000] early_node_map[2] active PFN ranges
[    0.000000]     0: 0x00000010 -&gt; 0x0000009f
[    0.000000]     0: 0x00000100 -&gt; 0x00003ffe
[    0.000000] ACPI: PM-Timer IO Port: 0xb008
[    0.000000] ACPI: LAPIC (acpi_id[0x00] lapic_id[0x00] enabled)
[    0.000000] ACPI: LAPIC_NMI (acpi_id[0xff] dfl dfl lint[0x1])
[    0.000000] ACPI: IOAPIC (id[0x00] address[0xfec00000] gsi_base[0])
[    0.000000] IOAPIC[0]: apic_id 0, version 17, address 0xfec00000, GSI 0-23
[    0.000000] ACPI: INT_SRC_OVR (bus 0 bus_irq 0 global_irq 2 dfl dfl)
[    0.000000] ACPI: INT_SRC_OVR (bus 0 bus_irq 5 global_irq 5 high level)
[    0.000000] ACPI: INT_SRC_OVR (bus 0 bus_irq 9 global_irq 9 high level)
[    0.000000] ACPI: INT_SRC_OVR (bus 0 bus_irq 10 global_irq 10 high level)
[    0.000000] ACPI: INT_SRC_OVR (bus 0 bus_irq 11 global_irq 11 high level)
[    0.000000] Using ACPI (MADT) for SMP configuration information
[    0.000000] ACPI: HPET id: 0x8086a201 base: 0xfed00000
[    0.000000] SMP: Allowing 1 CPUs, 0 hotplug CPUs
[    0.000000] PM: Registered nosave memory: 000000000009f000 - 00000000000a0000
[    0.000000] PM: Registered nosave memory: 00000000000a0000 - 00000000000f0000
[    0.000000] PM: Registered nosave memory: 00000000000f0000 - 0000000000100000
[    0.000000] Allocating PCI resources starting at 4000000 (gap: 4000000:fbfc0000)
[    0.000000] Booting paravirtualized kernel on bare hardware
[    0.000000] setup_percpu: NR_CPUS:64 nr_cpumask_bits:64 nr_cpu_ids:1 nr_node_ids:1
[    0.000000] PERCPU: Embedded 27 pages/cpu @ffff880003a00000 s78848 r8192 d23552 u2097152
[    0.000000] Built 1 zonelists in Node order, mobility grouping on.  Total pages: 16008
[    0.000000] Policy zone: DMA32
[    0.000000] Kernel command line: root=/dev/vda console=tty0 console=ttyS0 no_timer_check
[    0.000000] PID hash table entries: 256 (order: -1, 2048 bytes)
[    0.000000] Checking aperture...
[    0.000000] No AGP bridge found
[    0.000000] Memory: 43492k/65528k available (6576k kernel code, 452k absent, 21584k reserved, 6620k data, 928k init)
[    0.000000] SLUB: Genslabs=15, HWalign=64, Order=0-3, MinObjects=0, CPUs=1, Nodes=1
[    0.000000] Hierarchical RCU implementation.
[    0.000000] 	RCU dyntick-idle grace-period acceleration is enabled.
[    0.000000] NR_IRQS:4352 nr_irqs:256 16
[    0.000000] Console: colour VGA+ 80x25
[    0.000000] console [tty0] enabled
[    0.000000] console [ttyS0] enabled
[    0.000000] allocated 1048576 bytes of page_cgroup
[    0.000000] please try 'cgroup_disable=memory' option if you don't want memory cgroups
[    0.000000] Fast TSC calibration failed
[    0.000000] TSC: Unable to calibrate against PIT
[    0.000000] TSC: using HPET reference calibration
[    0.000000] Detected 2294.585 MHz processor.
[    0.043153] Calibrating delay loop (skipped), value calculated using timer frequency.. 4589.17 BogoMIPS (lpj=9178340)
[    0.045518] pid_max: default: 32768 minimum: 301
[    0.060297] Security Framework initialized
[    0.064322] AppArmor: AppArmor initialized
[    0.066082] Yama: becoming mindful.
[    0.073428] Dentry cache hash table entries: 8192 (order: 4, 65536 bytes)
[    0.074862] Inode-cache hash table entries: 4096 (order: 3, 32768 bytes)
[    0.076434] Mount-cache hash table entries: 256
[    0.093921] Initializing cgroup subsys cpuacct
[    0.094913] Initializing cgroup subsys memory
[    0.096767] Initializing cgroup subsys devices
[    0.097702] Initializing cgroup subsys freezer
[    0.098445] Initializing cgroup subsys blkio
[    0.100414] Initializing cgroup subsys perf_event
[    0.105023] mce: CPU supports 10 MCE banks
[    0.108952] SMP alternatives: switching to UP code
[    0.509927] Freeing SMP alternatives: 24k freed
[    0.512917] ACPI: Core revision 20110623
[    0.560446] ftrace: allocating 26610 entries in 105 pages
[    0.592036] ..TIMER: vector=0x30 apic1=0 pin1=2 apic2=-1 pin2=-1
[    0.592036] CPU0: AMD QEMU Virtual CPU version 2.0.0 stepping 03
[    0.596036] Performance Events: Broken PMU hardware detected, using software events only.
[    0.604354] NMI watchdog disabled (cpu0): hardware events not enabled
[    0.605842] Brought up 1 CPUs
[    0.606392] Total of 1 processors activated (4589.17 BogoMIPS).
[    0.628936] devtmpfs: initialized
[    0.664500] EVM: security.selinux
[    0.665346] EVM: security.SMACK64
[    0.666138] EVM: security.capability
[    0.693215] print_constraints: dummy: 
[    0.694835] RTC time: 15:25:30, date: 12/22/15
[    0.698098] NET: Registered protocol family 16
[    0.706131] ACPI: bus type pci registered
[    0.710170] PCI: Using configuration type 1 for base access
[    0.742157] bio: create slab &lt;bio-0&gt; at 0
[    0.748461] ACPI: Added _OSI(Module Device)
[    0.749026] ACPI: Added _OSI(Processor Device)
[    0.749569] ACPI: Added _OSI(3.0 _SCP Extensions)
[    0.750186] ACPI: Added _OSI(Processor Aggregator Device)
[    0.832706] ACPI: Interpreter enabled
[    0.833256] ACPI: (supports S0 S3 S4 S5)
[    0.834907] ACPI: Using IOAPIC for interrupt routing
[    0.906070] ACPI: No dock devices found.
[    0.906654] HEST: Table not found.
[    0.908217] PCI: Using host bridge windows from ACPI; if necessary, use "pci=nocrs" and report a bug
[    0.913954] ACPI: PCI Root Bridge [PCI0] (domain 0000 [bus 00-ff])
[    0.920056] pci_root PNP0A03:00: host bridge window [io  0x0000-0x0cf7]
[    0.920143] pci_root PNP0A03:00: host bridge window [io  0x0d00-0xadff]
[    0.920883] pci_root PNP0A03:00: host bridge window [io  0xae0f-0xaeff]
[    0.924131] pci_root PNP0A03:00: host bridge window [io  0xaf20-0xafdf]
[    0.924967] pci_root PNP0A03:00: host bridge window [io  0xafe4-0xffff]
[    0.925628] pci_root PNP0A03:00: host bridge window [mem 0x000a0000-0x000bffff]
[    0.926735] pci_root PNP0A03:00: host bridge window [mem 0x04000000-0xfebfffff]
[    0.949451] pci 0000:00:01.3: quirk: [io  0xb000-0xb03f] claimed by PIIX4 ACPI
[    0.950409] pci 0000:00:01.3: quirk: [io  0xb100-0xb10f] claimed by PIIX4 SMB
[    1.019353]  pci0000:00: Unable to request _OSC control (_OSC support mask: 0x1e)
[    1.092453] ACPI: PCI Interrupt Link [LNKA] (IRQs 5 *10 11)
[    1.094518] ACPI: PCI Interrupt Link [LNKB] (IRQs 5 *10 11)
[    1.097322] ACPI: PCI Interrupt Link [LNKC] (IRQs 5 10 *11)
[    1.100309] ACPI: PCI Interrupt Link [LNKD] (IRQs 5 10 *11)
[    1.102896] ACPI: PCI Interrupt Link [LNKS] (IRQs *9)
[    1.113457] vgaarb: device added: PCI:0000:00:02.0,decodes=io+mem,owns=io+mem,locks=none
[    1.114430] vgaarb: loaded
[    1.114864] vgaarb: bridge control possible 0000:00:02.0
[    1.119173] i2c-core: driver [aat2870] using legacy suspend method
[    1.120142] i2c-core: driver [aat2870] using legacy resume method
[    1.122684] SCSI subsystem initialized
[    1.126124] usbcore: registered new interface driver usbfs
[    1.128136] usbcore: registered new interface driver hub
[    1.129408] usbcore: registered new device driver usb
[    1.133694] PCI: Using ACPI for IRQ routing
[    1.144327] NetLabel: Initializing
[    1.144774] NetLabel:  domain hash size = 128
[    1.145221] NetLabel:  protocols = UNLABELED CIPSOv4
[    1.146781] NetLabel:  unlabeled traffic allowed by default
[    1.149341] HPET: 3 timers in total, 0 timers will be used for per-cpu timer
[    1.150256] hpet0: at MMIO 0xfed00000, IRQs 2, 8, 0
[    1.152476] hpet0: 3 comparators, 64-bit 100.000000 MHz counter
[    1.166571] Switching to clocksource hpet
[    1.422299] AppArmor: AppArmor Filesystem Enabled
[    1.423701] pnp: PnP ACPI init
[    1.425109] ACPI: bus type pnp registered
[    1.442704] pnp: PnP ACPI: found 9 devices
[    1.443251] ACPI: ACPI bus type pnp unregistered
[    1.505228] NET: Registered protocol family 2
[    1.541904] IP route cache hash table entries: 512 (order: 0, 4096 bytes)
[    1.555330] TCP established hash table entries: 2048 (order: 3, 32768 bytes)
[    1.557617] TCP bind hash table entries: 2048 (order: 3, 32768 bytes)
[    1.558539] TCP: Hash tables configured (established 2048 bind 2048)
[    1.559427] TCP reno registered
[    1.560131] UDP hash table entries: 128 (order: 0, 4096 bytes)
[    1.561992] UDP-Lite hash table entries: 128 (order: 0, 4096 bytes)
[    1.565654] NET: Registered protocol family 1
[    1.566506] pci 0000:00:00.0: Limiting direct PCI/PCI transfers
[    1.567289] pci 0000:00:01.0: PIIX3: Enabling Passive Release
[    1.568081] pci 0000:00:01.0: Activating ISA DMA hang workarounds
[    1.573819] ACPI: PCI Interrupt Link [LNKD] enabled at IRQ 11
[    1.575226] pci 0000:00:01.2: PCI INT D -&gt; Link[LNKD] -&gt; GSI 11 (level, high) -&gt; IRQ 11
[    1.578123] pci 0000:00:01.2: PCI INT D disabled
[    1.603756] Trying to unpack rootfs image as initramfs...
[    1.621670] audit: initializing netlink socket (disabled)
[    1.623033] type=2000 audit(1450797930.620:1): initialized
[    1.902120] HugeTLB registered 2 MB page size, pre-allocated 0 pages
[    1.986497] VFS: Disk quotas dquot_6.5.2
[    1.989500] Dquot-cache hash table entries: 512 (order 0, 4096 bytes)
[    2.015271] fuse init (API version 7.17)
[    2.018718] msgmni has been set to 84
[    2.057936] Block layer SCSI generic (bsg) driver version 0.4 loaded (major 253)
[    2.066407] io scheduler noop registered
[    2.067326] io scheduler deadline registered (default)
[    2.070102] io scheduler cfq registered
[    2.073685] pci_hotplug: PCI Hot Plug PCI Core version: 0.5
[    2.075500] pciehp: PCI Express Hot Plug Controller Driver version: 0.4
[    2.082244] input: Power Button as /devices/LNXSYSTM:00/LNXPWRBN:00/input/input0
[    2.083664] ACPI: Power Button [PWRF]
[    2.151692] ERST: Table is not found!
[    2.153315] GHES: HEST is not enabled!
[    2.155938] ACPI: PCI Interrupt Link [LNKC] enabled at IRQ 10
[    2.157676] virtio-pci 0000:00:03.0: PCI INT A -&gt; Link[LNKC] -&gt; GSI 10 (level, high) -&gt; IRQ 10
[    2.162142] virtio-pci 0000:00:04.0: PCI INT A -&gt; Link[LNKD] -&gt; GSI 11 (level, high) -&gt; IRQ 11
[    2.186014] ACPI: PCI Interrupt Link [LNKA] enabled at IRQ 10
[    2.187014] virtio-pci 0000:00:05.0: PCI INT A -&gt; Link[LNKA] -&gt; GSI 10 (level, high) -&gt; IRQ 10
[    2.198615] Serial: 8250/16550 driver, 32 ports, IRQ sharing enabled
[    2.239085] serial8250: ttyS0 at I/O 0x3f8 (irq = 4) is a 16550A
[    2.321613] serial8250: ttyS1 at I/O 0x2f8 (irq = 3) is a 16550A
[    2.448045] 00:05: ttyS0 at I/O 0x3f8 (irq = 4) is a 16550A
[    2.527674] 00:06: ttyS1 at I/O 0x2f8 (irq = 3) is a 16550A
[    2.581554] Linux agpgart interface v0.103
[    2.589543] Refined TSC clocksource calibration: 2294.600 MHz.
[    2.590386] Switching to clocksource tsc
[    2.638828] brd: module loaded
[    2.675510] loop: module loaded
[    2.726322]  vda: unknown partition table
[    2.789808] scsi0 : ata_piix
[    2.798594] scsi1 : ata_piix
[    2.801168] ata1: PATA max MWDMA2 cmd 0x1f0 ctl 0x3f6 bmdma 0xc0a0 irq 14
[    2.801933] ata2: PATA max MWDMA2 cmd 0x170 ctl 0x376 bmdma 0xc0a8 irq 15
[    2.812028] Fixed MDIO Bus: probed
[    2.813809] tun: Universal TUN/TAP device driver, 1.6
[    2.814423] tun: (C) 1999-2004 Max Krasnyansky &lt;maxk@qualcomm.com&gt;
[    2.827657] PPP generic driver version 2.4.2
[    2.847539] ehci_hcd: USB 2.0 'Enhanced' Host Controller (EHCI) Driver
[    2.849241] ohci_hcd: USB 1.1 'Open' Host Controller (OHCI) Driver
[    2.850571] uhci_hcd: USB Universal Host Controller Interface driver
[    2.851616] uhci_hcd 0000:00:01.2: PCI INT D -&gt; Link[LNKD] -&gt; GSI 11 (level, high) -&gt; IRQ 11
[    2.854940] uhci_hcd 0000:00:01.2: UHCI Host Controller
[    2.869851] uhci_hcd 0000:00:01.2: new USB bus registered, assigned bus number 1
[    2.871532] uhci_hcd 0000:00:01.2: irq 11, io base 0x0000c040
[    2.901294] hub 1-0:1.0: USB hub found
[    2.902889] hub 1-0:1.0: 2 ports detected
[    2.910131] usbcore: registered new interface driver libusual
[    2.912807] i8042: PNP: PS/2 Controller [PNP0303:KBD,PNP0f13:MOU] at 0x60,0x64 irq 1,12
[    2.920903] serio: i8042 KBD port at 0x60,0x64 irq 1
[    2.922582] serio: i8042 AUX port at 0x60,0x64 irq 12
[    2.955479] mousedev: PS/2 mouse device common for all mice
[    2.970593] input: AT Translated Set 2 keyboard as /devices/platform/i8042/serio0/input/input1
[    2.974836] rtc_cmos 00:01: RTC can wake from S4
[    2.986745] rtc_cmos 00:01: rtc core: registered rtc_cmos as rtc0
[    2.990949] rtc0: alarms up to one day, 114 bytes nvram, hpet irqs
[    2.994236] device-mapper: uevent: version 1.0.3
[    3.031937] ata2.01: ATAPI: QEMU DVD-ROM, 2.0.0, max UDMA/100
[    3.039142] device-mapper: ioctl: 4.22.0-ioctl (2011-10-19) initialised: dm-devel@redhat.com
[    3.042861] cpuidle: using governor ladder
[    3.043795] cpuidle: using governor menu
[    3.045511] EFI Variables Facility v0.08 2004-May-17
[    3.058862] TCP cubic registered
[    3.063592] NET: Registered protocol family 10
[    3.091366] NET: Registered protocol family 17
[    3.095301] Registering the dns_resolver key type
[    3.106282] ata2.01: configured for MWDMA2
[    3.139758] scsi 1:0:1:0: CD-ROM            QEMU     QEMU DVD-ROM     2.0. PQ: 0 ANSI: 5
[    3.165808] sr0: scsi3-mmc drive: 4x/4x cd/rw xa/form2 tray
[    3.167522] cdrom: Uniform CD-ROM driver Revision: 3.20
[    3.190241] sr 1:0:1:0: Attached scsi generic sg0 type 5
[    3.236127] registered taskstats version 1
[    3.326197] Freeing initrd memory: 3656k freed
[    3.799847]   Magic number: 11:655:437
[    3.810741] rtc_cmos 00:01: setting system clock to 2015-12-22 15:25:33 UTC (1450797933)
[    3.813211] powernow-k8: Processor cpuid 663 not supported
[    3.819669] BIOS EDD facility v0.16 2004-Jun-25, 0 devices found
[    3.822015] EDD information not available.
[    3.901387] Freeing unused kernel memory: 928k freed
[    3.905447] Write protecting the kernel read-only data: 12288k
[    4.029834] Freeing unused kernel memory: 1596k freed
[    4.122369] Freeing unused kernel memory: 1184k freed

info: initramfs: up at 4.27
modprobe: module virtio_blk not found in modules.dep
modprobe: module virtio_net not found in modules.dep
info: copying initramfs to /dev/vda
info: initramfs loading root from /dev/vda
info: /etc/init.d/rc.sysinit: up at 8.73
info: container: none
Starting logging: OK
modprobe: module virtio_blk not found in modules.dep
modprobe: module virtio_net not found in modules.dep
WARN: /etc/rc3.d/S10-load-modules failed
Initializing random number generator... done.
Starting acpid: OK
cirros-ds 'local' up at 11.22
found datasource (configdrive, local)
Starting network...
udhcpc (v1.20.1) started
Sending discover...
Sending discover...

2015-12-22 15:27:29,735 21898 INFO     [tempest_lib.common.rest_client] Request (TestNetworkBasicOps:_run_cleanups): 204 DELETE http://10.0.2.15:9696/v2.0/floatingips/65099d64-e8ca-46a2-acdd-d76b6fbb25cf 0.271s
2015-12-22 15:27:29,735 21898 DEBUG    [tempest_lib.common.rest_client] Request - Headers: {'Content-Type': 'application/json', 'Accept': 'application/json', 'X-Auth-Token': '&lt;omitted&gt;'}
        Body: None
    Response - Headers: {'date': 'Tue, 22 Dec 2015 15:27:29 GMT', 'status': '204', 'connection': 'close', 'content-length': '0', 'x-openstack-request-id': 'req-de326550-a0f5-41b7-bb16-954875582aba'}
        Body: 
2015-12-22 15:27:29,941 21898 INFO     [tempest_lib.common.rest_client] Request (TestNetworkBasicOps:_run_cleanups): 204 DELETE http://10.0.2.15:8774/v2.1/2fe7467aaf9a4f13a990027b807f7c18/servers/e61bde7f-ee66-45c9-8364-ca6a613914ee 0.205s
2015-12-22 15:27:29,942 21898 DEBUG    [tempest_lib.common.rest_client] Request - Headers: {'Content-Type': 'application/json', 'Accept': 'application/json', 'X-Auth-Token': '&lt;omitted&gt;'}
        Body: None
    Response - Headers: {'status': '204', 'content-length': '0', 'x-compute-request-id': 'req-407c53f5-f1a2-4f97-86da-56eeecb8fb18', 'vary': 'X-OpenStack-Nova-API-Version', 'connection': 'close', 'x-openstack-nova-api-version': '2.1', 'date': 'Tue, 22 Dec 2015 15:27:29 GMT', 'content-type': 'application/json'}
        Body: 
2015-12-22 15:27:30,271 21898 INFO     [tempest_lib.common.rest_client] Request (TestNetworkBasicOps:_run_cleanups): 200 GET http://10.0.2.15:8774/v2.1/2fe7467aaf9a4f13a990027b807f7c18/servers/e61bde7f-ee66-45c9-8364-ca6a613914ee 0.328s
2015-12-22 15:27:30,271 21898 DEBUG    [tempest_lib.common.rest_client] Request - Headers: {'Content-Type': 'application/json', 'Accept': 'application/json', 'X-Auth-Token': '&lt;omitted&gt;'}
        Body: None
    Response - Headers: {'status': '200', 'content-length': '1775', 'content-location': 'http://10.0.2.15:8774/v2.1/2fe7467aaf9a4f13a990027b807f7c18/servers/e61bde7f-ee66-45c9-8364-ca6a613914ee', 'x-compute-request-id': 'req-4f8d01d5-46df-43ab-b2af-efb1b93dfff2', 'vary': 'X-OpenStack-Nova-API-Version', 'connection': 'close', 'x-openstack-nova-api-version': '2.1', 'date': 'Tue, 22 Dec 2015 15:27:30 GMT', 'content-type': 'application/json'}
        Body: {"server": {"status": "ACTIVE", "updated": "2015-12-22T15:27:29Z", "hostId": "04739548feebb43138ba94a9ef7d78c23ba4502ca6dc4eee3d929479", "addresses": {"tempest-network-smoke--2110983523": [{"OS-EXT-IPS-MAC:mac_addr": "fa:16:3e:c4:5e:2f", "version": 4, "addr": "10.100.0.3", "OS-EXT-IPS:type": "fixed"}, {"OS-EXT-IPS-MAC:mac_addr": "fa:16:3e:c4:5e:2f", "version": 4, "addr": "172.24.4.4", "OS-EXT-IPS:type": "floating"}]}, "links": [{"href": "http://10.0.2.15:8774/v2.1/2fe7467aaf9a4f13a990027b807f7c18/servers/e61bde7f-ee66-45c9-8364-ca6a613914ee", "rel": "self"}, {"href": "http://10.0.2.15:8774/2fe7467aaf9a4f13a990027b807f7c18/servers/e61bde7f-ee66-45c9-8364-ca6a613914ee", "rel": "bookmark"}], "key_name": "tempest-TestNetworkBasicOps-88247353", "image": {"id": "54f7543d-5d83-4775-824d-f38f26690465", "links": [{"href": "http://10.0.2.15:8774/2fe7467aaf9a4f13a990027b807f7c18/images/54f7543d-5d83-4775-824d-f38f26690465", "rel": "bookmark"}]}, "OS-EXT-STS:task_state": "deleting", "OS-EXT-STS:vm_state": "active", "OS-SRV-USG:launched_at": "2015-12-22T15:25:26.000000", "flavor": {"id": "42", "links": [{"href": "http://10.0.2.15:8774/2fe7467aaf9a4f13a990027b807f7c18/flavors/42", "rel": "bookmark"}]}, "id": "e61bde7f-ee66-45c9-8364-ca6a613914ee", "security_groups": [{"name": "tempest-secgroup-smoke-1994261070"}], "OS-SRV-USG:terminated_at": null, "OS-EXT-AZ:availability_zone": "nova", "user_id": "d7df0ad52a684dff95cabbf996670c38", "name": "tempest.common.compute-instance-1097939881", "created": "2015-12-22T15:25:22Z", "tenant_id": "2fe7467aaf9a4f13a990027b807f7c18", "OS-DCF:diskConfig": "MANUAL", "os-extended-volumes:volumes_attached": [], "accessIPv4": "", "accessIPv6": "", "progress": 0, "OS-EXT-STS:power_state": 1, "config_drive": "True", "metadata": {}}}
2015-12-22 15:27:31,433 21898 INFO     [tempest_lib.common.rest_client] Request (TestNetworkBasicOps:_run_cleanups): 200 GET http://10.0.2.15:8774/v2.1/2fe7467aaf9a4f13a990027b807f7c18/servers/e61bde7f-ee66-45c9-8364-ca6a613914ee 0.151s
2015-12-22 15:27:31,434 21898 DEBUG    [tempest_lib.common.rest_client] Request - Headers: {'Content-Type': 'application/json', 'Accept': 'application/json', 'X-Auth-Token': '&lt;omitted&gt;'}
        Body: None
    Response - Headers: {'status': '200', 'content-length': '1439', 'content-location': 'http://10.0.2.15:8774/v2.1/2fe7467aaf9a4f13a990027b807f7c18/servers/e61bde7f-ee66-45c9-8364-ca6a613914ee', 'x-compute-request-id': 'req-88b42d31-a5e8-4409-893f-9dac183d3fd3', 'vary': 'X-OpenStack-Nova-API-Version', 'connection': 'close', 'x-openstack-nova-api-version': '2.1', 'date': 'Tue, 22 Dec 2015 15:27:31 GMT', 'content-type': 'application/json'}
        Body: {"server": {"status": "ACTIVE", "updated": "2015-12-22T15:27:30Z", "hostId": "04739548feebb43138ba94a9ef7d78c23ba4502ca6dc4eee3d929479", "addresses": {}, "links": [{"href": "http://10.0.2.15:8774/v2.1/2fe7467aaf9a4f13a990027b807f7c18/servers/e61bde7f-ee66-45c9-8364-ca6a613914ee", "rel": "self"}, {"href": "http://10.0.2.15:8774/2fe7467aaf9a4f13a990027b807f7c18/servers/e61bde7f-ee66-45c9-8364-ca6a613914ee", "rel": "bookmark"}], "key_name": "tempest-TestNetworkBasicOps-88247353", "image": {"id": "54f7543d-5d83-4775-824d-f38f26690465", "links": [{"href": "http://10.0.2.15:8774/2fe7467aaf9a4f13a990027b807f7c18/images/54f7543d-5d83-4775-824d-f38f26690465", "rel": "bookmark"}]}, "OS-EXT-STS:task_state": "deleting", "OS-EXT-STS:vm_state": "active", "OS-SRV-USG:launched_at": "2015-12-22T15:25:26.000000", "flavor": {"id": "42", "links": [{"href": "http://10.0.2.15:8774/2fe7467aaf9a4f13a990027b807f7c18/flavors/42", "rel": "bookmark"}]}, "id": "e61bde7f-ee66-45c9-8364-ca6a613914ee", "OS-SRV-USG:terminated_at": null, "OS-EXT-AZ:availability_zone": "nova", "user_id": "d7df0ad52a684dff95cabbf996670c38", "name": "tempest.common.compute-instance-1097939881", "created": "2015-12-22T15:25:22Z", "tenant_id": "2fe7467aaf9a4f13a990027b807f7c18", "OS-DCF:diskConfig": "MANUAL", "os-extended-volumes:volumes_attached": [], "accessIPv4": "", "accessIPv6": "", "progress": 0, "OS-EXT-STS:power_state": 1, "config_drive": "True", "metadata": {}}}
2015-12-22 15:27:32,535 21898 INFO     [tempest_lib.common.rest_client] Request (TestNetworkBasicOps:_run_cleanups): 404 GET http://10.0.2.15:8774/v2.1/2fe7467aaf9a4f13a990027b807f7c18/servers/e61bde7f-ee66-45c9-8364-ca6a613914ee 0.087s
2015-12-22 15:27:32,535 21898 DEBUG    [tempest_lib.common.rest_client] Request - Headers: {'Content-Type': 'application/json', 'Accept': 'application/json', 'X-Auth-Token': '&lt;omitted&gt;'}
        Body: None
    Response - Headers: {'status': '404', 'content-length': '111', 'x-compute-request-id': 'req-04229cbc-c48a-4edb-84cf-2202165cfee0', 'vary': 'X-OpenStack-Nova-API-Version', 'connection': 'close', 'x-openstack-nova-api-version': '2.1', 'date': 'Tue, 22 Dec 2015 15:27:32 GMT', 'content-type': 'application/json; charset=UTF-8'}
        Body: {"itemNotFound": {"message": "Instance e61bde7f-ee66-45c9-8364-ca6a613914ee could not be found.", "code": 404}}
2015-12-22 15:27:32,553 21898 INFO     [tempest_lib.common.rest_client] Request (TestNetworkBasicOps:_run_cleanups): 202 DELETE http://10.0.2.15:8774/v2.1/2fe7467aaf9a4f13a990027b807f7c18/os-keypairs/tempest-TestNetworkBasicOps-88247353 0.016s
2015-12-22 15:27:32,553 21898 DEBUG    [tempest_lib.common.rest_client] Request - Headers: {'Content-Type': 'application/json', 'Accept': 'application/json', 'X-Auth-Token': '&lt;omitted&gt;'}
        Body: None
    Response - Headers: {'status': '202', 'content-length': '0', 'x-compute-request-id': 'req-b80b4bb3-7e84-4b12-b828-3d3a6fcd311d', 'vary': 'X-OpenStack-Nova-API-Version', 'connection': 'close', 'x-openstack-nova-api-version': '2.1', 'date': 'Tue, 22 Dec 2015 15:27:32 GMT', 'content-type': 'application/json'}
        Body: 
2015-12-22 15:27:32,982 21898 INFO     [tempest_lib.common.rest_client] Request (TestNetworkBasicOps:_run_cleanups): 200 PUT http://10.0.2.15:9696/v2.0/routers/f4a1c7ac-9468-4f8a-8242-cfc408e81585/remove_router_interface 0.428s
2015-12-22 15:27:32,983 21898 DEBUG    [tempest_lib.common.rest_client] Request - Headers: {'Content-Type': 'application/json', 'Accept': 'application/json', 'X-Auth-Token': '&lt;omitted&gt;'}
        Body: {"subnet_id": "b50365f3-c34e-437f-aaaa-782b47cec1ca"}
    Response - Headers: {'status': '200', 'content-length': '255', 'connection': 'close', 'date': 'Tue, 22 Dec 2015 15:27:32 GMT', 'content-type': 'application/json; charset=UTF-8', 'x-openstack-request-id': 'req-4bc3a736-f6b3-4cb8-9a44-882d850fc5d2'}
        Body: {"subnet_id": "b50365f3-c34e-437f-aaaa-782b47cec1ca", "tenant_id": "2fe7467aaf9a4f13a990027b807f7c18", "subnet_ids": ["b50365f3-c34e-437f-aaaa-782b47cec1ca"], "port_id": "38326d9b-3a72-46e1-9a91-05c8d40fc346", "id": "f4a1c7ac-9468-4f8a-8242-cfc408e81585"}
2015-12-22 15:27:33,425 21898 INFO     [tempest_lib.common.rest_client] Request (TestNetworkBasicOps:_run_cleanups): 204 DELETE http://10.0.2.15:9696/v2.0/subnets/b50365f3-c34e-437f-aaaa-782b47cec1ca 0.441s
2015-12-22 15:27:33,425 21898 DEBUG    [tempest_lib.common.rest_client] Request - Headers: {'Content-Type': 'application/json', 'Accept': 'application/json', 'X-Auth-Token': '&lt;omitted&gt;'}
        Body: None
    Response - Headers: {'date': 'Tue, 22 Dec 2015 15:27:33 GMT', 'status': '204', 'connection': 'close', 'content-length': '0', 'x-openstack-request-id': 'req-3414a716-d8ec-4ecb-9ade-455c42b61c29'}
        Body: 
2015-12-22 15:27:33,509 21898 INFO     [tempest_lib.common.rest_client] Request (TestNetworkBasicOps:_run_cleanups): 200 GET http://10.0.2.15:9696/v2.0/routers/f4a1c7ac-9468-4f8a-8242-cfc408e81585 0.083s
2015-12-22 15:27:33,510 21898 DEBUG    [tempest_lib.common.rest_client] Request - Headers: {'Content-Type': 'application/json', 'Accept': 'application/json', 'X-Auth-Token': '&lt;omitted&gt;'}
        Body: None
    Response - Headers: {'status': '200', 'content-length': '564', 'content-location': 'http://10.0.2.15:9696/v2.0/routers/f4a1c7ac-9468-4f8a-8242-cfc408e81585', 'connection': 'close', 'date': 'Tue, 22 Dec 2015 15:27:33 GMT', 'content-type': 'application/json; charset=UTF-8', 'x-openstack-request-id': 'req-552c6d44-e441-4ca7-82ef-a49b35c98629'}
        Body: {"router": {"status": "ACTIVE", "external_gateway_info": {"network_id": "20ae771c-c0c9-44a7-801e-59c583989006", "enable_snat": true, "external_fixed_ips": [{"subnet_id": "cbad777d-93ca-400b-88c5-76f97560678b", "ip_address": "172.24.4.3"}, {"subnet_id": "fe1ea341-bb0b-4497-8ce4-5315395fda77", "ip_address": "2001:db8::4"}]}, "availability_zone_hints": [], "availability_zones": ["nova"], "name": "tempest-router-smoke-1325122905", "admin_state_up": true, "tenant_id": "2fe7467aaf9a4f13a990027b807f7c18", "routes": [], "id": "f4a1c7ac-9468-4f8a-8242-cfc408e81585"}}
2015-12-22 15:27:33,977 21898 INFO     [tempest_lib.common.rest_client] Request (TestNetworkBasicOps:_run_cleanups): 200 PUT http://10.0.2.15:9696/v2.0/routers/f4a1c7ac-9468-4f8a-8242-cfc408e81585 0.467s
2015-12-22 15:27:33,978 21898 DEBUG    [tempest_lib.common.rest_client] Request - Headers: {'Content-Type': 'application/json', 'Accept': 'application/json', 'X-Auth-Token': '&lt;omitted&gt;'}
        Body: {"router": {"external_gateway_info": {}, "name": "tempest-router-smoke-1325122905", "admin_state_up": true}}
    Response - Headers: {'status': '200', 'content-length': '302', 'connection': 'close', 'date': 'Tue, 22 Dec 2015 15:27:33 GMT', 'content-type': 'application/json; charset=UTF-8', 'x-openstack-request-id': 'req-f54e3e78-0c90-499a-933e-946e3168a3e6'}
        Body: {"router": {"status": "ACTIVE", "external_gateway_info": null, "availability_zone_hints": [], "availability_zones": ["nova"], "name": "tempest-router-smoke-1325122905", "admin_state_up": true, "tenant_id": "2fe7467aaf9a4f13a990027b807f7c18", "routes": [], "id": "f4a1c7ac-9468-4f8a-8242-cfc408e81585"}}
2015-12-22 15:27:34,293 21898 INFO     [tempest_lib.common.rest_client] Request (TestNetworkBasicOps:_run_cleanups): 204 DELETE http://10.0.2.15:9696/v2.0/routers/f4a1c7ac-9468-4f8a-8242-cfc408e81585 0.314s
2015-12-22 15:27:34,293 21898 DEBUG    [tempest_lib.common.rest_client] Request - Headers: {'Content-Type': 'application/json', 'Accept': 'application/json', 'X-Auth-Token': '&lt;omitted&gt;'}
        Body: None
    Response - Headers: {'date': 'Tue, 22 Dec 2015 15:27:34 GMT', 'status': '204', 'connection': 'close', 'content-length': '0', 'x-openstack-request-id': 'req-cbadeff2-c42f-477d-9f5c-fa087436837e'}
        Body: 
2015-12-22 15:27:34,500 21898 INFO     [tempest_lib.common.rest_client] Request (TestNetworkBasicOps:_run_cleanups): 204 DELETE http://10.0.2.15:9696/v2.0/networks/22cf7b9f-f076-4202-98fe-20e73d3286a6 0.206s
2015-12-22 15:27:34,501 21898 DEBUG    [tempest_lib.common.rest_client] Request - Headers: {'Content-Type': 'application/json', 'Accept': 'application/json', 'X-Auth-Token': '&lt;omitted&gt;'}
        Body: None
    Response - Headers: {'date': 'Tue, 22 Dec 2015 15:27:34 GMT', 'status': '204', 'connection': 'close', 'content-length': '0', 'x-openstack-request-id': 'req-a366f9ba-018b-4598-9640-6e386b8e1496'}
        Body: 
2015-12-22 15:27:34,557 21898 INFO     [tempest_lib.common.rest_client] Request (TestNetworkBasicOps:_run_cleanups): 204 DELETE http://10.0.2.15:9696/v2.0/security-group-rules/cb9428d0-0b32-4642-8a21-75c0d0a6755f 0.055s
2015-12-22 15:27:34,558 21898 DEBUG    [tempest_lib.common.rest_client] Request - Headers: {'Content-Type': 'application/json', 'Accept': 'application/json', 'X-Auth-Token': '&lt;omitted&gt;'}
        Body: None
    Response - Headers: {'date': 'Tue, 22 Dec 2015 15:27:34 GMT', 'status': '204', 'connection': 'close', 'content-length': '0', 'x-openstack-request-id': 'req-210e20e5-8cd0-47b6-a771-e42f76d3dcc8'}
        Body: 
2015-12-22 15:27:34,611 21898 INFO     [tempest_lib.common.rest_client] Request (TestNetworkBasicOps:_run_cleanups): 204 DELETE http://10.0.2.15:9696/v2.0/security-group-rules/1ae27805-52a6-4ddf-af16-b38e8fc31f0b 0.053s
2015-12-22 15:27:34,612 21898 DEBUG    [tempest_lib.common.rest_client] Request - Headers: {'Content-Type': 'application/json', 'Accept': 'application/json', 'X-Auth-Token': '&lt;omitted&gt;'}
        Body: None
    Response - Headers: {'date': 'Tue, 22 Dec 2015 15:27:34 GMT', 'status': '204', 'connection': 'close', 'content-length': '0', 'x-openstack-request-id': 'req-a68a19a9-385c-43a6-a0e2-addd562d4f3a'}
        Body: 
2015-12-22 15:27:34,669 21898 INFO     [tempest_lib.common.rest_client] Request (TestNetworkBasicOps:_run_cleanups): 204 DELETE http://10.0.2.15:9696/v2.0/security-group-rules/a4a9fb8b-072c-4e2b-a4a6-668644b04f07 0.056s
2015-12-22 15:27:34,670 21898 DEBUG    [tempest_lib.common.rest_client] Request - Headers: {'Content-Type': 'application/json', 'Accept': 'application/json', 'X-Auth-Token': '&lt;omitted&gt;'}
        Body: None
    Response - Headers: {'date': 'Tue, 22 Dec 2015 15:27:34 GMT', 'status': '204', 'connection': 'close', 'content-length': '0', 'x-openstack-request-id': 'req-a9d68f4c-700c-4307-ae55-c4de7d5ddd47'}
        Body: 
2015-12-22 15:27:34,720 21898 INFO     [tempest_lib.common.rest_client] Request (TestNetworkBasicOps:_run_cleanups): 204 DELETE http://10.0.2.15:9696/v2.0/security-group-rules/b893fb47-529a-44e1-ba4a-1e4e83e842c1 0.049s
2015-12-22 15:27:34,720 21898 DEBUG    [tempest_lib.common.rest_client] Request - Headers: {'Content-Type': 'application/json', 'Accept': 'application/json', 'X-Auth-Token': '&lt;omitted&gt;'}
        Body: None
    Response - Headers: {'date': 'Tue, 22 Dec 2015 15:27:34 GMT', 'status': '204', 'connection': 'close', 'content-length': '0', 'x-openstack-request-id': 'req-2b2e3f5d-40c1-469c-981a-ff03776a1858'}
        Body: 
2015-12-22 15:27:34,775 21898 INFO     [tempest_lib.common.rest_client] Request (TestNetworkBasicOps:_run_cleanups): 204 DELETE http://10.0.2.15:9696/v2.0/security-group-rules/986465f7-34c2-4820-bede-411636c96682 0.053s
2015-12-22 15:27:34,775 21898 DEBUG    [tempest_lib.common.rest_client] Request - Headers: {'Content-Type': 'application/json', 'Accept': 'application/json', 'X-Auth-Token': '&lt;omitted&gt;'}
        Body: None
