<?xml version="1.0" encoding="UTF-8"?>
<!DOCTYPE html PUBLIC "-//W3C//DTD XHTML 1.0 Strict//EN"
     "http://www.w3.org/TR/xhtml1/DTD/xhtml1-strict.dtd">
<html xmlns="http://www.w3.org/1999/xhtml">
<head>
    <title>Unit Test Report</title>
    <meta name="generator" content="subunit2html 0.1"/>
    <meta http-equiv="Content-Type" content="text/html; charset=UTF-8"/>
    
<style type="text/css" media="screen">
body        { font-family: verdana, arial, helvetica, sans-serif;
    font-size: 80%; }
table       { font-size: 100%; width: 100%;}
pre         { font-size: 80%; }

/* -- heading -------------------------------------------------------------- */
h1 {
        font-size: 16pt;
        color: gray;
}
.heading {
    margin-top: 0ex;
    margin-bottom: 1ex;
}

.heading .attribute {
    margin-top: 1ex;
    margin-bottom: 0;
}

.heading .description {
    margin-top: 4ex;
    margin-bottom: 6ex;
}

/* -- css div popup -------------------------------------------------------- */
a.popup_link {
}

a.popup_link:hover {
    color: red;
}

.popup_window {
    display: none;
    overflow-x: scroll;
    /*border: solid #627173 1px; */
    padding: 10px;
    background-color: #E6E6D6;
    font-family: "Ubuntu Mono", "Lucida Console", "Courier New", monospace;
    text-align: left;
    font-size: 8pt;
}

}
/* -- report --------------------------------------------------------------- */
#show_detail_line {
    margin-top: 3ex;
    margin-bottom: 1ex;
}
#result_table {
    width: 100%;
    border-collapse: collapse;
    border: 1px solid #777;
}
#header_row {
    font-weight: bold;
    color: white;
    background-color: #777;
}
#result_table td {
    border: 1px solid #777;
    padding: 2px;
}
#total_row  { font-weight: bold; }
.passClass  { background-color: #6c6; }
.failClass  { background-color: #c60; }
.errorClass { background-color: #c00; }
.passCase   { color: #6c6; }
.failCase   { color: #c60; font-weight: bold; }
.errorCase  { color: #c00; font-weight: bold; }
.hiddenRow  { display: none; }
.testcase   { margin-left: 2em; }
td.testname {width: 40%}
td.small {width: 40px}

/* -- ending --------------------------------------------------------------- */
#ending {
}

</style>

</head>
<body>
<script language="javascript" type="text/javascript"><!--
output_list = Array();

/* level - 0:Summary; 1:Failed; 2:All */
function showCase(level) {
    trs = document.getElementsByTagName("tr");
    for (var i = 0; i < trs.length; i++) {
        tr = trs[i];
        id = tr.id;
        if (id.substr(0,2) == 'ft') {
            if (level < 1) {
                tr.className = 'hiddenRow';
            }
            else {
                tr.className = '';
            }
        }
        if (id.substr(0,2) == 'pt') {
            if (level > 1) {
                tr.className = '';
            }
            else {
                tr.className = 'hiddenRow';
            }
        }
    }
}


function showClassDetail(cid, count) {
    var id_list = Array(count);
    var toHide = 1;
    for (var i = 0; i < count; i++) {
        tid0 = 't' + cid.substr(1) + '.' + (i+1);
        tid = 'f' + tid0;
        tr = document.getElementById(tid);
        if (!tr) {
            tid = 'p' + tid0;
            tr = document.getElementById(tid);
        }
        id_list[i] = tid;
        if (tr.className) {
            toHide = 0;
        }
    }
    for (var i = 0; i < count; i++) {
        tid = id_list[i];
        if (toHide) {
            document.getElementById('div_'+tid).style.display = 'none'
            document.getElementById(tid).className = 'hiddenRow';
        }
        else {
            document.getElementById(tid).className = '';
        }
    }
}


function showTestDetail(div_id){
    var details_div = document.getElementById(div_id)
    var displayState = details_div.style.display
    // alert(displayState)
    if (displayState != 'block' ) {
        displayState = 'block'
        details_div.style.display = 'block'
    }
    else {
        details_div.style.display = 'none'
    }
}


function html_escape(s) {
    s = s.replace(/&/g,'&amp;');
    s = s.replace(/</g,'&lt;');
    s = s.replace(/>/g,'&gt;');
    return s;
}

/* obsoleted by detail in <div>
function showOutput(id, name) {
    var w = window.open("", //url
                    name,
                    "resizable,scrollbars,status,width=800,height=450");
    d = w.document;
    d.write("<pre>");
    d.write(html_escape(output_list[id]));
    d.write("\n");
    d.write("<a href='javascript:window.close()'>close</a>\n");
    d.write("</pre>\n");
    d.close();
}
*/
--></script>

<div class='heading'>
<h1>Unit Test Report</h1>

<p class='attribute'><strong>Status:</strong> Pass 1 Failure 7 Skip 1</p>

<p class='description'></p>
</div>



<p id='show_detail_line'>Show
<a href='javascript:showCase(0)'>Summary</a>
<a href='javascript:showCase(1)'>Failed</a>
<a href='javascript:showCase(2)'>All</a>
</p>
<table id='result_table'>
<colgroup>
<col align='left' />
<col align='right' />
<col align='right' />
<col align='right' />
<col align='right' />
<col align='right' />
<col align='right' />
<col align='right' />
</colgroup>
<tr id='header_row'>
    <td>Test Group/Test case</td>
    <td>Count</td>
    <td>Pass</td>
    <td>Fail</td>
    <td>Error</td>
    <td>Skip</td>
    <td>View</td>
    <td> </td>
</tr>

<tr class='failClass'>
    <td class="testname">tempest.scenario.test_network_basic_ops.TestNetworkBasicOps</td>
    <td class="small">9</td>
    <td class="small">1</td>
    <td class="small">7</td>
    <td class="small">0</td>
    <td class="small">1</td>
    <td class="small"><a href="javascript:showClassDetail('c1',9)"
>Detail</a></td>
    <td> </td>
</tr>

<tr id='ft1.1' class='none'>
    <td class='failCase'><div class='testcase'>test_connectivity_between_vms_on_different_networks[compute,id-1546850e-fbaa-42f5-8b5f-03d8a6a95f15,network]</div></td>
    <td colspan='7' align='left'>

    <!--css div popup start-->
    <a class="popup_link" onfocus='this.blur();'
    href="javascript:showTestDetail('div_ft1.1')" >
        fail</a>

    <div id='div_ft1.1' class="popup_window">
        <div style='text-align: right; color:red;cursor:pointer'>
        <a onfocus='this.blur();'
onclick="document.getElementById('div_ft1.1').style.display = 'none' " >
           [x]</a>
        </div>
        <pre>
        
ft1.1: tempest.scenario.test_network_basic_ops.TestNetworkBasicOps.test_connectivity_between_vms_on_different_networks[compute,id-1546850e-fbaa-42f5-8b5f-03d8a6a95f15,network]_StringException: Empty attachments:
  stderr
  stdout

pythonlogging:'': {{{
2016-01-05 10:24:20,244 24611 INFO     [tempest_lib.common.rest_client] Request (TestNetworkBasicOps:test_connectivity_between_vms_on_different_networks): 201 POST http://10.0.2.15:9696/v2.0/security-groups 0.375s
2016-01-05 10:24:20,244 24611 DEBUG    [tempest_lib.common.rest_client] Request - Headers: {'Content-Type': 'application/json', 'Accept': 'application/json', 'X-Auth-Token': '&lt;omitted&gt;'}
        Body: {"security_group": {"tenant_id": "5323592183b6471f839e43c4cade21c8", "description": "tempest-secgroup-smoke-1724797436 description", "name": "tempest-secgroup-smoke-1724797436"}}
    Response - Headers: {'status': '201', 'content-length': '888', 'connection': 'close', 'date': 'Tue, 05 Jan 2016 10:24:20 GMT', 'content-type': 'application/json; charset=UTF-8', 'x-openstack-request-id': 'req-47f54a43-0b9c-4a46-b385-9787fbd2fa33'}
        Body: {"security_group": {"tenant_id": "5323592183b6471f839e43c4cade21c8", "description": "tempest-secgroup-smoke-1724797436 description", "id": "d596d739-5cb4-4a49-8907-e7bd3f83289b", "security_group_rules": [{"remote_group_id": null, "direction": "egress", "remote_ip_prefix": null, "protocol": null, "ethertype": "IPv4", "tenant_id": "5323592183b6471f839e43c4cade21c8", "port_range_max": null, "port_range_min": null, "id": "0e36c8c1-8aa9-4853-b037-76a1b618c98d", "security_group_id": "d596d739-5cb4-4a49-8907-e7bd3f83289b"}, {"remote_group_id": null, "direction": "egress", "remote_ip_prefix": null, "protocol": null, "ethertype": "IPv6", "tenant_id": "5323592183b6471f839e43c4cade21c8", "port_range_max": null, "port_range_min": null, "id": "55f519ba-141d-4dcd-a28a-adf16ee6ad10", "security_group_id": "d596d739-5cb4-4a49-8907-e7bd3f83289b"}], "name": "tempest-secgroup-smoke-1724797436"}}
2016-01-05 10:24:20,535 24611 INFO     [tempest_lib.common.rest_client] Request (TestNetworkBasicOps:test_connectivity_between_vms_on_different_networks): 201 POST http://10.0.2.15:9696/v2.0/security-group-rules 0.289s
2016-01-05 10:24:20,536 24611 DEBUG    [tempest_lib.common.rest_client] Request - Headers: {'Content-Type': 'application/json', 'Accept': 'application/json', 'X-Auth-Token': '&lt;omitted&gt;'}
        Body: {"security_group_rule": {"direction": "ingress", "protocol": "tcp", "tenant_id": "5323592183b6471f839e43c4cade21c8", "port_range_max": 22, "security_group_id": "d596d739-5cb4-4a49-8907-e7bd3f83289b", "port_range_min": 22}}
    Response - Headers: {'status': '201', 'content-length': '340', 'connection': 'close', 'date': 'Tue, 05 Jan 2016 10:24:20 GMT', 'content-type': 'application/json; charset=UTF-8', 'x-openstack-request-id': 'req-1470cc28-af27-48bb-8b04-19dc91addd64'}
        Body: {"security_group_rule": {"remote_group_id": null, "direction": "ingress", "remote_ip_prefix": null, "protocol": "tcp", "ethertype": "IPv4", "tenant_id": "5323592183b6471f839e43c4cade21c8", "port_range_max": 22, "port_range_min": 22, "id": "5b61d982-1082-4b72-ab63-3db8ad6b5304", "security_group_id": "d596d739-5cb4-4a49-8907-e7bd3f83289b"}}
2016-01-05 10:24:20,658 24611 INFO     [tempest_lib.common.rest_client] Request (TestNetworkBasicOps:test_connectivity_between_vms_on_different_networks): 201 POST http://10.0.2.15:9696/v2.0/security-group-rules 0.121s
2016-01-05 10:24:20,659 24611 DEBUG    [tempest_lib.common.rest_client] Request - Headers: {'Content-Type': 'application/json', 'Accept': 'application/json', 'X-Auth-Token': '&lt;omitted&gt;'}
        Body: {"security_group_rule": {"direction": "egress", "protocol": "tcp", "tenant_id": "5323592183b6471f839e43c4cade21c8", "port_range_max": 22, "security_group_id": "d596d739-5cb4-4a49-8907-e7bd3f83289b", "port_range_min": 22}}
    Response - Headers: {'status': '201', 'content-length': '339', 'connection': 'close', 'date': 'Tue, 05 Jan 2016 10:24:20 GMT', 'content-type': 'application/json; charset=UTF-8', 'x-openstack-request-id': 'req-591374d6-9ebc-4682-8c36-37eb8d7a292b'}
        Body: {"security_group_rule": {"remote_group_id": null, "direction": "egress", "remote_ip_prefix": null, "protocol": "tcp", "ethertype": "IPv4", "tenant_id": "5323592183b6471f839e43c4cade21c8", "port_range_max": 22, "port_range_min": 22, "id": "172d8747-7a14-48f7-95b6-56be5fa37435", "security_group_id": "d596d739-5cb4-4a49-8907-e7bd3f83289b"}}
2016-01-05 10:24:20,778 24611 INFO     [tempest_lib.common.rest_client] Request (TestNetworkBasicOps:test_connectivity_between_vms_on_different_networks): 201 POST http://10.0.2.15:9696/v2.0/security-group-rules 0.117s
2016-01-05 10:24:20,779 24611 DEBUG    [tempest_lib.common.rest_client] Request - Headers: {'Content-Type': 'application/json', 'Accept': 'application/json', 'X-Auth-Token': '&lt;omitted&gt;'}
        Body: {"security_group_rule": {"tenant_id": "5323592183b6471f839e43c4cade21c8", "direction": "ingress", "protocol": "icmp", "security_group_id": "d596d739-5cb4-4a49-8907-e7bd3f83289b"}}
    Response - Headers: {'status': '201', 'content-length': '345', 'connection': 'close', 'date': 'Tue, 05 Jan 2016 10:24:20 GMT', 'content-type': 'application/json; charset=UTF-8', 'x-openstack-request-id': 'req-094d93da-2731-4655-b0b2-c13e54e7292d'}
        Body: {"security_group_rule": {"remote_group_id": null, "direction": "ingress", "remote_ip_prefix": null, "protocol": "icmp", "ethertype": "IPv4", "tenant_id": "5323592183b6471f839e43c4cade21c8", "port_range_max": null, "port_range_min": null, "id": "60918255-775b-47a6-b38f-7cc75a49b816", "security_group_id": "d596d739-5cb4-4a49-8907-e7bd3f83289b"}}
2016-01-05 10:24:20,901 24611 INFO     [tempest_lib.common.rest_client] Request (TestNetworkBasicOps:test_connectivity_between_vms_on_different_networks): 201 POST http://10.0.2.15:9696/v2.0/security-group-rules 0.121s
2016-01-05 10:24:20,902 24611 DEBUG    [tempest_lib.common.rest_client] Request - Headers: {'Content-Type': 'application/json', 'Accept': 'application/json', 'X-Auth-Token': '&lt;omitted&gt;'}
        Body: {"security_group_rule": {"tenant_id": "5323592183b6471f839e43c4cade21c8", "direction": "egress", "protocol": "icmp", "security_group_id": "d596d739-5cb4-4a49-8907-e7bd3f83289b"}}
    Response - Headers: {'status': '201', 'content-length': '344', 'connection': 'close', 'date': 'Tue, 05 Jan 2016 10:24:20 GMT', 'content-type': 'application/json; charset=UTF-8', 'x-openstack-request-id': 'req-f30aa590-c035-45f9-9ceb-af51aa13e1c8'}
        Body: {"security_group_rule": {"remote_group_id": null, "direction": "egress", "remote_ip_prefix": null, "protocol": "icmp", "ethertype": "IPv4", "tenant_id": "5323592183b6471f839e43c4cade21c8", "port_range_max": null, "port_range_min": null, "id": "b80864f2-d1be-47fc-910c-9344cd6b9b51", "security_group_id": "d596d739-5cb4-4a49-8907-e7bd3f83289b"}}
2016-01-05 10:24:21,029 24611 INFO     [tempest_lib.common.rest_client] Request (TestNetworkBasicOps:test_connectivity_between_vms_on_different_networks): 201 POST http://10.0.2.15:9696/v2.0/security-group-rules 0.126s
2016-01-05 10:24:21,030 24611 DEBUG    [tempest_lib.common.rest_client] Request - Headers: {'Content-Type': 'application/json', 'Accept': 'application/json', 'X-Auth-Token': '&lt;omitted&gt;'}
        Body: {"security_group_rule": {"tenant_id": "5323592183b6471f839e43c4cade21c8", "direction": "ingress", "security_group_id": "d596d739-5cb4-4a49-8907-e7bd3f83289b", "protocol": "icmp", "ethertype": "IPv6"}}
    Response - Headers: {'status': '201', 'content-length': '345', 'connection': 'close', 'date': 'Tue, 05 Jan 2016 10:24:21 GMT', 'content-type': 'application/json; charset=UTF-8', 'x-openstack-request-id': 'req-73b45620-fd7b-4335-9536-bbd3934f2fd4'}
        Body: {"security_group_rule": {"remote_group_id": null, "direction": "ingress", "remote_ip_prefix": null, "protocol": "icmp", "ethertype": "IPv6", "tenant_id": "5323592183b6471f839e43c4cade21c8", "port_range_max": null, "port_range_min": null, "id": "ab58bf75-e4ef-4c3c-ada2-8d10ee7b42fa", "security_group_id": "d596d739-5cb4-4a49-8907-e7bd3f83289b"}}
2016-01-05 10:24:21,151 24611 INFO     [tempest_lib.common.rest_client] Request (TestNetworkBasicOps:test_connectivity_between_vms_on_different_networks): 201 POST http://10.0.2.15:9696/v2.0/security-group-rules 0.119s
2016-01-05 10:24:21,152 24611 DEBUG    [tempest_lib.common.rest_client] Request - Headers: {'Content-Type': 'application/json', 'Accept': 'application/json', 'X-Auth-Token': '&lt;omitted&gt;'}
        Body: {"security_group_rule": {"tenant_id": "5323592183b6471f839e43c4cade21c8", "direction": "egress", "security_group_id": "d596d739-5cb4-4a49-8907-e7bd3f83289b", "protocol": "icmp", "ethertype": "IPv6"}}
    Response - Headers: {'status': '201', 'content-length': '344', 'connection': 'close', 'date': 'Tue, 05 Jan 2016 10:24:21 GMT', 'content-type': 'application/json; charset=UTF-8', 'x-openstack-request-id': 'req-ca6f2ec3-22d6-419b-95d0-4852e218a061'}
        Body: {"security_group_rule": {"remote_group_id": null, "direction": "egress", "remote_ip_prefix": null, "protocol": "icmp", "ethertype": "IPv6", "tenant_id": "5323592183b6471f839e43c4cade21c8", "port_range_max": null, "port_range_min": null, "id": "99493e13-f2a6-44fe-8356-64e0965cdf63", "security_group_id": "d596d739-5cb4-4a49-8907-e7bd3f83289b"}}
2016-01-05 10:24:21,356 24611 INFO     [tempest_lib.common.rest_client] Request (TestNetworkBasicOps:test_connectivity_between_vms_on_different_networks): 201 POST http://10.0.2.15:9696/v2.0/networks 0.202s
2016-01-05 10:24:21,356 24611 DEBUG    [tempest_lib.common.rest_client] Request - Headers: {'Content-Type': 'application/json', 'Accept': 'application/json', 'X-Auth-Token': '&lt;omitted&gt;'}
        Body: {"network": {"tenant_id": "5323592183b6471f839e43c4cade21c8", "name": "tempest-network-smoke--2061310660"}}
    Response - Headers: {'status': '201', 'content-length': '327', 'connection': 'close', 'date': 'Tue, 05 Jan 2016 10:24:21 GMT', 'content-type': 'application/json; charset=UTF-8', 'x-openstack-request-id': 'req-f17a71fd-fef5-4e5d-bf91-3f095d947852'}
        Body: {"network": {"status": "ACTIVE", "subnets": [], "availability_zone_hints": [], "name": "tempest-network-smoke--2061310660", "admin_state_up": true, "tenant_id": "5323592183b6471f839e43c4cade21c8", "mtu": 0, "router:external": false, "shared": false, "port_security_enabled": true, "id": "d43c2c9c-2151-4bdf-8e56-78d02314490d"}}
2016-01-05 10:24:21,527 24611 INFO     [tempest_lib.common.rest_client] Request (TestNetworkBasicOps:test_connectivity_between_vms_on_different_networks): 201 POST http://10.0.2.15:9696/v2.0/routers 0.169s
2016-01-05 10:24:21,528 24611 DEBUG    [tempest_lib.common.rest_client] Request - Headers: {'Content-Type': 'application/json', 'Accept': 'application/json', 'X-Auth-Token': '&lt;omitted&gt;'}
        Body: {"router": {"tenant_id": "5323592183b6471f839e43c4cade21c8", "name": "tempest-router-smoke-885957188", "admin_state_up": true}}
    Response - Headers: {'status': '201', 'content-length': '295', 'connection': 'close', 'date': 'Tue, 05 Jan 2016 10:24:21 GMT', 'content-type': 'application/json; charset=UTF-8', 'x-openstack-request-id': 'req-68b28386-8e6d-427b-ba32-703f2fdb83e2'}
        Body: {"router": {"status": "ACTIVE", "external_gateway_info": null, "availability_zone_hints": [], "availability_zones": [], "name": "tempest-router-smoke-885957188", "admin_state_up": true, "tenant_id": "5323592183b6471f839e43c4cade21c8", "routes": [], "id": "bb12a771-30fd-4465-a286-bfb6afb6c54f"}}
2016-01-05 10:24:21,583 24611 INFO     [tempest_lib.common.rest_client] Request (TestNetworkBasicOps:test_connectivity_between_vms_on_different_networks): 200 GET http://10.0.2.15:9696/v2.0/routers/bb12a771-30fd-4465-a286-bfb6afb6c54f 0.054s
2016-01-05 10:24:21,584 24611 DEBUG    [tempest_lib.common.rest_client] Request - Headers: {'Content-Type': 'application/json', 'Accept': 'application/json', 'X-Auth-Token': '&lt;omitted&gt;'}
        Body: None
    Response - Headers: {'status': '200', 'content-length': '295', 'content-location': 'http://10.0.2.15:9696/v2.0/routers/bb12a771-30fd-4465-a286-bfb6afb6c54f', 'connection': 'close', 'date': 'Tue, 05 Jan 2016 10:24:21 GMT', 'content-type': 'application/json; charset=UTF-8', 'x-openstack-request-id': 'req-13455293-95bb-4d35-a66e-618c845357cc'}
        Body: {"router": {"status": "ACTIVE", "external_gateway_info": null, "availability_zone_hints": [], "availability_zones": [], "name": "tempest-router-smoke-885957188", "admin_state_up": true, "tenant_id": "5323592183b6471f839e43c4cade21c8", "routes": [], "id": "bb12a771-30fd-4465-a286-bfb6afb6c54f"}}
2016-01-05 10:24:22,297 24611 INFO     [tempest_lib.common.rest_client] Request (TestNetworkBasicOps:test_connectivity_between_vms_on_different_networks): 200 PUT http://10.0.2.15:9696/v2.0/routers/bb12a771-30fd-4465-a286-bfb6afb6c54f 0.711s
2016-01-05 10:24:22,297 24611 DEBUG    [tempest_lib.common.rest_client] Request - Headers: {'Content-Type': 'application/json', 'Accept': 'application/json', 'X-Auth-Token': '&lt;omitted&gt;'}
        Body: {"router": {"external_gateway_info": {"network_id": "d67c59e2-94d0-47c4-8e8c-62d50dde839a"}, "name": "tempest-router-smoke-885957188", "admin_state_up": true}}
    Response - Headers: {'status': '200', 'content-length': '557', 'connection': 'close', 'date': 'Tue, 05 Jan 2016 10:24:22 GMT', 'content-type': 'application/json; charset=UTF-8', 'x-openstack-request-id': 'req-76997875-2330-48ab-ac8d-c054779c543d'}
        Body: {"router": {"status": "ACTIVE", "external_gateway_info": {"network_id": "d67c59e2-94d0-47c4-8e8c-62d50dde839a", "enable_snat": true, "external_fixed_ips": [{"subnet_id": "64a0b0a6-c832-4184-961b-10f8d28f9e81", "ip_address": "172.24.4.3"}, {"subnet_id": "6807a5b5-b059-4894-b549-439c8d780e4d", "ip_address": "2001:db8::4"}]}, "availability_zone_hints": [], "availability_zones": [], "name": "tempest-router-smoke-885957188", "admin_state_up": true, "tenant_id": "5323592183b6471f839e43c4cade21c8", "routes": [], "id": "bb12a771-30fd-4465-a286-bfb6afb6c54f"}}
2016-01-05 10:24:22,469 24611 INFO     [tempest_lib.common.rest_client] Request (TestNetworkBasicOps:test_connectivity_between_vms_on_different_networks): 200 GET http://10.0.2.15:9696/v2.0/subnets?tenant_id=5323592183b6471f839e43c4cade21c8&amp;cidr=10.100.0.0%2F28 0.170s
2016-01-05 10:24:22,470 24611 DEBUG    [tempest_lib.common.rest_client] Request - Headers: {'Content-Type': 'application/json', 'Accept': 'application/json', 'X-Auth-Token': '&lt;omitted&gt;'}
        Body: None
    Response - Headers: {'status': '200', 'content-length': '15', 'content-location': 'http://10.0.2.15:9696/v2.0/subnets?tenant_id=5323592183b6471f839e43c4cade21c8&amp;cidr=10.100.0.0%2F28', 'connection': 'close', 'date': 'Tue, 05 Jan 2016 10:24:22 GMT', 'content-type': 'application/json; charset=UTF-8', 'x-openstack-request-id': 'req-976dc3aa-fc15-433e-b84e-49151de59c80'}
        Body: {"subnets": []}
2016-01-05 10:24:22,829 24611 INFO     [tempest_lib.common.rest_client] Request (TestNetworkBasicOps:test_connectivity_between_vms_on_different_networks): 201 POST http://10.0.2.15:9696/v2.0/subnets 0.359s
2016-01-05 10:24:22,830 24611 DEBUG    [tempest_lib.common.rest_client] Request - Headers: {'Content-Type': 'application/json', 'Accept': 'application/json', 'X-Auth-Token': '&lt;omitted&gt;'}
        Body: {"subnet": {"ip_version": 4, "tenant_id": "5323592183b6471f839e43c4cade21c8", "cidr": "10.100.0.0/28", "network_id": "d43c2c9c-2151-4bdf-8e56-78d02314490d", "name": "tempest-subnet-smoke-206291689"}}
    Response - Headers: {'status': '201', 'content-length': '477', 'connection': 'close', 'date': 'Tue, 05 Jan 2016 10:24:22 GMT', 'content-type': 'application/json; charset=UTF-8', 'x-openstack-request-id': 'req-1edc5b71-9f7d-419c-a40c-bce81f79909e'}
        Body: {"subnet": {"name": "tempest-subnet-smoke-206291689", "enable_dhcp": true, "network_id": "d43c2c9c-2151-4bdf-8e56-78d02314490d", "tenant_id": "5323592183b6471f839e43c4cade21c8", "dns_nameservers": [], "gateway_ip": "10.100.0.1", "ipv6_ra_mode": null, "allocation_pools": [{"start": "10.100.0.2", "end": "10.100.0.14"}], "host_routes": [], "ip_version": 4, "ipv6_address_mode": null, "cidr": "10.100.0.0/28", "id": "97d5ee4f-5a6d-4484-b707-1f0a3cab6059", "subnetpool_id": null}}
2016-01-05 10:24:23,462 24611 INFO     [tempest_lib.common.rest_client] Request (TestNetworkBasicOps:test_connectivity_between_vms_on_different_networks): 200 PUT http://10.0.2.15:9696/v2.0/routers/bb12a771-30fd-4465-a286-bfb6afb6c54f/add_router_interface 0.631s
2016-01-05 10:24:23,463 24611 DEBUG    [tempest_lib.common.rest_client] Request - Headers: {'Content-Type': 'application/json', 'Accept': 'application/json', 'X-Auth-Token': '&lt;omitted&gt;'}
        Body: {"subnet_id": "97d5ee4f-5a6d-4484-b707-1f0a3cab6059"}
    Response - Headers: {'status': '200', 'content-length': '255', 'connection': 'close', 'date': 'Tue, 05 Jan 2016 10:24:23 GMT', 'content-type': 'application/json; charset=UTF-8', 'x-openstack-request-id': 'req-7f3b8fc1-d592-48a9-8516-2b739361f09a'}
        Body: {"subnet_id": "97d5ee4f-5a6d-4484-b707-1f0a3cab6059", "tenant_id": "5323592183b6471f839e43c4cade21c8", "subnet_ids": ["97d5ee4f-5a6d-4484-b707-1f0a3cab6059"], "port_id": "102db1c8-b439-4bff-8222-7fffb8c46ad2", "id": "bb12a771-30fd-4465-a286-bfb6afb6c54f"}
2016-01-05 10:24:23,513 24611 INFO     [tempest_lib.common.rest_client] Request (TestNetworkBasicOps:test_connectivity_between_vms_on_different_networks): 200 GET http://10.0.2.15:9696/v2.0/networks 0.049s
2016-01-05 10:24:23,514 24611 DEBUG    [tempest_lib.common.rest_client] Request - Headers: {'Content-Type': 'application/json', 'Accept': 'application/json', 'X-Auth-Token': '&lt;omitted&gt;'}
        Body: None
    Response - Headers: {'status': '200', 'content-length': '1507', 'content-location': 'http://10.0.2.15:9696/v2.0/networks', 'connection': 'close', 'date': 'Tue, 05 Jan 2016 10:24:23 GMT', 'content-type': 'application/json; charset=UTF-8', 'x-openstack-request-id': 'req-e309c1f3-7e63-4d15-a083-d50471c436ca'}
        Body: {"networks": [{"status": "ACTIVE", "subnets": ["e7cd3ac3-4718-48b3-a927-f87d8a62588b", "0ffb2c7c-5fbe-4820-8d9d-1284f8d152dc"], "availability_zone_hints": [], "availability_zones": ["nova"], "name": "private", "provider:physical_network": null, "admin_state_up": true, "tenant_id": "4b415c8b60564965be81265eb4379237", "mtu": 0, "router:external": false, "shared": false, "port_security_enabled": true, "provider:network_type": "vxlan", "id": "c5b16d6d-330b-4f21-8a64-25e75665c757", "provider:segmentation_id": 1099}, {"status": "ACTIVE", "subnets": ["6807a5b5-b059-4894-b549-439c8d780e4d", "64a0b0a6-c832-4184-961b-10f8d28f9e81"], "availability_zone_hints": [], "availability_zones": ["nova"], "name": "public", "provider:physical_network": null, "admin_state_up": true, "tenant_id": "a3bb137708814e5db88a6747ebca9b78", "mtu": 0, "router:external": true, "shared": false, "port_security_enabled": true, "provider:network_type": "vxlan", "id": "d67c59e2-94d0-47c4-8e8c-62d50dde839a", "provider:segmentation_id": 1055}, {"status": "ACTIVE", "subnets": ["97d5ee4f-5a6d-4484-b707-1f0a3cab6059"], "availability_zone_hints": [], "availability_zones": ["nova"], "name": "tempest-network-smoke--2061310660", "provider:physical_network": null, "admin_state_up": true, "tenant_id": "5323592183b6471f839e43c4cade21c8", "mtu": 0, "router:external": false, "shared": false, "port_security_enabled": true, "provider:network_type": "vxlan", "id": "d43c2c9c-2151-4bdf-8e56-78d02314490d", "provider:segmentation_id": 1060}]}
2016-01-05 10:24:23,562 24611 INFO     [tempest_lib.common.rest_client] Request (TestNetworkBasicOps:test_connectivity_between_vms_on_different_networks): 200 GET http://10.0.2.15:9696/v2.0/subnets 0.047s
2016-01-05 10:24:23,562 24611 DEBUG    [tempest_lib.common.rest_client] Request - Headers: {'Content-Type': 'application/json', 'Accept': 'application/json', 'X-Auth-Token': '&lt;omitted&gt;'}
        Body: None
    Response - Headers: {'status': '200', 'content-length': '2407', 'content-location': 'http://10.0.2.15:9696/v2.0/subnets', 'connection': 'close', 'date': 'Tue, 05 Jan 2016 10:24:23 GMT', 'content-type': 'application/json; charset=UTF-8', 'x-openstack-request-id': 'req-64b61a66-5111-4584-b609-53a3063d03bf'}
        Body: {"subnets": [{"name": "ipv6-public-subnet", "enable_dhcp": false, "network_id": "d67c59e2-94d0-47c4-8e8c-62d50dde839a", "tenant_id": "a3bb137708814e5db88a6747ebca9b78", "dns_nameservers": [], "gateway_ip": "2001:db8::2", "ipv6_ra_mode": null, "allocation_pools": [{"start": "2001:db8::3", "end": "2001:db8::ffff:ffff:ffff:ffff"}, {"start": "2001:db8::1", "end": "2001:db8::1"}], "host_routes": [], "ip_version": 6, "ipv6_address_mode": null, "cidr": "2001:db8::/64", "id": "6807a5b5-b059-4894-b549-439c8d780e4d", "subnetpool_id": null}, {"name": "public-subnet", "enable_dhcp": false, "network_id": "d67c59e2-94d0-47c4-8e8c-62d50dde839a", "tenant_id": "a3bb137708814e5db88a6747ebca9b78", "dns_nameservers": [], "gateway_ip": "172.24.4.1", "ipv6_ra_mode": null, "allocation_pools": [{"start": "172.24.4.2", "end": "172.24.4.254"}], "host_routes": [], "ip_version": 4, "ipv6_address_mode": null, "cidr": "172.24.4.0/24", "id": "64a0b0a6-c832-4184-961b-10f8d28f9e81", "subnetpool_id": null}, {"name": "ipv6-private-subnet", "enable_dhcp": true, "network_id": "c5b16d6d-330b-4f21-8a64-25e75665c757", "tenant_id": "4b415c8b60564965be81265eb4379237", "dns_nameservers": [], "gateway_ip": "fd1d:9e61:ec40::1", "ipv6_ra_mode": "slaac", "allocation_pools": [{"start": "fd1d:9e61:ec40::2", "end": "fd1d:9e61:ec40:0:ffff:ffff:ffff:ffff"}], "host_routes": [], "ip_version": 6, "ipv6_address_mode": "slaac", "cidr": "fd1d:9e61:ec40::/64", "id": "e7cd3ac3-4718-48b3-a927-f87d8a62588b", "subnetpool_id": null}, {"name": "tempest-subnet-smoke-206291689", "enable_dhcp": true, "network_id": "d43c2c9c-2151-4bdf-8e56-78d02314490d", "tenant_id": "5323592183b6471f839e43c4cade21c8", "dns_nameservers": [], "gateway_ip": "10.100.0.1", "ipv6_ra_mode": null, "allocation_pools": [{"start": "10.100.0.2", "end": "10.100.0.14"}], "host_routes": [], "ip_version": 4, "ipv6_address_mode": null, "cidr": "10.100.0.0/28", "id": "97d5ee4f-5a6d-4484-b707-1f0a3cab6059", "subnetpool_id": null}, {"name": "private-subnet", "enable_dhcp": true, "network_id": "c5b16d6d-330b-4f21-8a64-25e75665c757", "tenant_id": "4b415c8b60564965be81265eb4379237", "dns_nameservers": [], "gateway_ip": "10.0.0.1", "ipv6_ra_mode": null, "allocation_pools": [{"start": "10.0.0.2", "end": "10.0.0.254"}], "host_routes": [], "ip_version": 4, "ipv6_address_mode": null, "cidr": "10.0.0.0/24", "id": "0ffb2c7c-5fbe-4820-8d9d-1284f8d152dc", "subnetpool_id": null}]}
2016-01-05 10:24:23,745 24611 INFO     [tempest_lib.common.rest_client] Request (TestNetworkBasicOps:test_connectivity_between_vms_on_different_networks): 200 GET http://10.0.2.15:9696/v2.0/routers 0.182s
2016-01-05 10:24:23,746 24611 DEBUG    [tempest_lib.common.rest_client] Request - Headers: {'Content-Type': 'application/json', 'Accept': 'application/json', 'X-Auth-Token': '&lt;omitted&gt;'}
        Body: None
    Response - Headers: {'status': '200', 'content-length': '1166', 'content-location': 'http://10.0.2.15:9696/v2.0/routers', 'connection': 'close', 'date': 'Tue, 05 Jan 2016 10:24:23 GMT', 'content-type': 'application/json; charset=UTF-8', 'x-openstack-request-id': 'req-bfde4a29-c996-4cf3-a51f-d43f86ac8ea5'}
        Body: {"routers": [{"status": "ACTIVE", "external_gateway_info": {"network_id": "d67c59e2-94d0-47c4-8e8c-62d50dde839a", "enable_snat": true, "external_fixed_ips": [{"subnet_id": "64a0b0a6-c832-4184-961b-10f8d28f9e81", "ip_address": "172.24.4.2"}, {"subnet_id": "6807a5b5-b059-4894-b549-439c8d780e4d", "ip_address": "2001:db8::3"}]}, "availability_zone_hints": [], "availability_zones": ["nova"], "name": "router1", "admin_state_up": true, "tenant_id": "4b415c8b60564965be81265eb4379237", "distributed": false, "routes": [], "ha": false, "id": "09999618-18e6-42df-b291-600fba25e353"}, {"status": "ACTIVE", "external_gateway_info": {"network_id": "d67c59e2-94d0-47c4-8e8c-62d50dde839a", "enable_snat": true, "external_fixed_ips": [{"subnet_id": "64a0b0a6-c832-4184-961b-10f8d28f9e81", "ip_address": "172.24.4.3"}, {"subnet_id": "6807a5b5-b059-4894-b549-439c8d780e4d", "ip_address": "2001:db8::4"}]}, "availability_zone_hints": [], "availability_zones": ["nova"], "name": "tempest-router-smoke-885957188", "admin_state_up": true, "tenant_id": "5323592183b6471f839e43c4cade21c8", "distributed": false, "routes": [], "ha": false, "id": "bb12a771-30fd-4465-a286-bfb6afb6c54f"}]}
2016-01-05 10:24:24,162 24611 INFO     [tempest_lib.common.rest_client] Request (TestNetworkBasicOps:test_connectivity_between_vms_on_different_networks): 200 POST http://10.0.2.15:8774/v2.1/5323592183b6471f839e43c4cade21c8/os-keypairs 0.414s
2016-01-05 10:24:24,162 24611 DEBUG    [tempest_lib.common.rest_client] Request - Headers: {'Content-Type': 'application/json', 'Accept': 'application/json', 'X-Auth-Token': '&lt;omitted&gt;'}
        Body: {"keypair": {"name": "tempest-TestNetworkBasicOps-311673069"}}
    Response - Headers: {'status': '200', 'content-length': '2320', 'x-compute-request-id': 'req-70eb4708-1ec6-4539-b542-a48b6ad0eb25', 'vary': 'X-OpenStack-Nova-API-Version', 'connection': 'close', 'x-openstack-nova-api-version': '2.1', 'date': 'Tue, 05 Jan 2016 10:24:24 GMT', 'content-type': 'application/json'}
        Body: {"keypair": {"public_key": "ssh-rsa AAAAB3NzaC1yc2EAAAADAQABAAABAQDH9w94Skl6OHJcIZnYROGpxCKJ7rdfUPTHEksCHFdwQQ8LN8fzFZtddnZNIAW5kgO5QF8jM8Y9ZxNv2vvhVqtTyeY2Kxn4dONB1lWlZ4Gdvq8OHsLIXBbUZJ+E5A2R4XKm5goqpB5guITKkd9FEqh419wTuE5Zov2SSmlMqkWC4sb3Kdx8uV1eidf0j81V28ES9k0cW0HsDglLVbhd6zurm6qSksj06CeUlfOVtOye7zTV2ja3Dfg492wfRPkzz3+6fIlmh0ec55YkYXMpNxd7mSq5gBVcZn7IL8b/vI3OQaIT5GnKRQP/YgC+YFzRaRMOmKPNY3/3mUlccUo+hDqz Generated-by-Nova", "private_key": "-----BEGIN RSA PRIVATE KEY-----\nMIIEqAIBAAKCAQEAx/cPeEpJejhyXCGZ2EThqcQiie63X1D0xxJLAhxXcEEPCzfH\n8xWbXXZ2TSAFuZIDuUBfIzPGPWcTb9r74VarU8nmNisZ+HTjQdZVpWeBnb6vDh7C\nyFwW1GSfhOQNkeFypuYKKqQeYLiEypHfRRKoeNfcE7hOWaL9kkppTKpFguLG9ync\nfLldXonX9I/NVdvBEvZNHFtB7A4JS1W4Xes7q5uqkpLI9OgnlJXzlbTsnu801do2\ntw34OPdsH0T5M89/unyJZodHnOeWJGFzKTcXe5kquYAVXGZ+yC/G/7yNzkGiE+Rp\nykUD/2IAvmBc0WkTDpijzWN/95lJXHFKPoQ6swIDAQABAoIBAEKvwhj7rUV1Ta4s\nBoJ5dkiHgH0/fyfqd7dsAlfR29cz2zCCicwniIjC2PEfnMkmSNefABtdSN9xYKoM\n/bNIlBp9Wqj19tNFKATs1eMzgaZ50SeEWrE3BOYQKKLI6z2bUgEW9o0B7p+S6bYk\nr7D5Z/XlByAMdxStpqMC7dsDbesX3rSgQYvSCWq5HcctUCVbx2A9Q13G18lbZ7R6\nwi+zMj98jutlPWSu5cPugqB6Tvg7JDP8tRFwJWUneqJBUcGt6LknDeJVqi3u2z8I\nuakE5mqT5MeTSrlYtsK2cSFztYd90az95cMiohfj7a+AJ+aGDY8LoYJ8+r2VPJAB\n9OFEqwECggCBANJ068vj4BwUqEaJFCpFsdmrlTUjwR/yZ5obT8r+s1H/9jMdNaqy\ny3DIAN7OvceSdkoooXGoQPC7EmCXiFI949Y7AOHnC9xRJ61mLUPc47q7mD1IT/DS\n5/JdRa1R69ZWfPDZb4FYGxSYYCkcpqa71Oee8TmXo3lM1yx8lvHtrQhPAoIAgQDz\nPOnYm54o9qRfkNWx1k1cxKeEWe9WonfB1gnI5Gcd7RDe0JU84IQKiaCfqKQhFVl5\nTgHwvudfsvfJ0r9qlHjYpGe04aSAnkp74iPHRBi1xnExVktKPt2QOCjWTo4a2b5m\ng10TKbnNu6UyfBTke72KBIk8USEi14yVIRaiHfDqXQKCAIBIgdXXOhw1MHzFSGb1\nJWvf1XijhTz9N7Ov6Wb1Rgkb4Da/Z3nc5JqosY9zNAE4Z+JvLE5q7Q/qoFj1hF+I\nDiCX514ndkWk0yT7Xa+MqOagqA8MVgSMsO0OmEnwK8A36TZEeHUtN+CkmNbQczmL\nSj1Qy3bKY88DdJDRl98dXMh3iwKCAIEAt92f10ErOUPX1PWi059vM2TkTEO/i/mc\nFUY6d0VQPWrqicOaTD5bEawfYxEToH6G+A9joBxuwgSDEmjgkSxSfVEpo629sAv3\nudWjvglXtHChN+5HU4RZ757EH9uZx+o45zz9qnKsJTxnD9aD5IM1L5NmOdYJ+lB9\n0G0Gst13M3ECggCAeRvD5hDgx8Kx1GvOeqmpH76J1BRfDOkdwDqRdornfXptl6gU\ntFG0709FiVrcURPrBjNc/JXAgWexqUbRHneSzhLnMW/jpxo0u60Gyb6Cy5NnJR6n\nKPx067s0GNpxDBvOJoEs0AVx6xoLwbiWuArqAtj1g50rl5CcXbSTiWohvL0=\n-----END RSA PRIVATE KEY-----\n", "user_id": "e40cce356e424dc4bccaa9f6bcd7d02e", "name": "tempest-TestNetworkBasicOps-311673069", "fingerprint": "3c:13:51:1f:74:a4:ad:3d:c4:53:cf:b5:4b:a7:e3:d2"}}
2016-01-05 10:24:24,287 24611 INFO     [tempest_lib.common.rest_client] Request (TestNetworkBasicOps:test_connectivity_between_vms_on_different_networks): 200 POST http://10.0.2.15:5000/v2.0/tokens
2016-01-05 10:24:24,288 24611 DEBUG    [tempest_lib.common.rest_client] Request - Headers: {'Content-Type': 'application/json', 'Accept': 'application/json'}
        Body: &lt;omitted&gt;
    Response - Headers: {'status': '200', 'content-length': '2275', 'vary': 'X-Auth-Token', 'server': 'Apache/2.4.7 (Ubuntu)', 'connection': 'close', 'date': 'Tue, 05 Jan 2016 10:24:24 GMT', 'content-type': 'application/json', 'x-openstack-request-id': 'req-c6c1eca1-03f1-4fde-bd0e-10c00939232b'}
        Body: {"access": {"token": {"issued_at": "2016-01-05T10:24:24.275323", "expires": "2016-01-05T11:24:24Z", "id": "973f4adadb95400ca8fa20cd1e991bca", "tenant": {"description": "tempest-TestNetworkBasicOps-1997409632-desc", "enabled": true, "id": "5323592183b6471f839e43c4cade21c8", "name": "tempest-TestNetworkBasicOps-1997409632"}, "audit_ids": ["URrxEVJ9QYWoRUKy7pw3SA"]}, "serviceCatalog": [{"endpoints": [{"adminURL": "http://10.0.2.15:9292", "region": "RegionOne", "internalURL": "http://10.0.2.15:9292", "id": "68a5a7e2775c4a5eb5428631617b8c9a", "publicURL": "http://10.0.2.15:9292"}], "endpoints_links": [], "type": "image", "name": "glance"}, {"endpoints": [{"adminURL": "http://10.0.2.15:8774/v2.1/5323592183b6471f839e43c4cade21c8", "region": "RegionOne", "internalURL": "http://10.0.2.15:8774/v2.1/5323592183b6471f839e43c4cade21c8", "id": "204e3a3585db424b8ee37dbd1f9508b5", "publicURL": "http://10.0.2.15:8774/v2.1/5323592183b6471f839e43c4cade21c8"}], "endpoints_links": [], "type": "compute", "name": "nova"}, {"endpoints": [{"adminURL": "http://10.0.2.15:9696/", "region": "RegionOne", "internalURL": "http://10.0.2.15:9696/", "id": "41507a3774134733a066766947074a01", "publicURL": "http://10.0.2.15:9696/"}], "endpoints_links": [], "type": "network", "name": "neutron"}, {"endpoints": [{"adminURL": "http://10.0.2.15:35357/v2.0", "region": "RegionOne", "internalURL": "http://10.0.2.15:5000/v2.0", "id": "4cfc49b0561c41509a9cd64f9d303e9d", "publicURL": "http://10.0.2.15:5000/v2.0"}], "endpoints_links": [], "type": "identity", "name": "keystone"}, {"endpoints": [{"adminURL": "http://10.0.2.15:8774/v2/5323592183b6471f839e43c4cade21c8", "region": "RegionOne", "internalURL": "http://10.0.2.15:8774/v2/5323592183b6471f839e43c4cade21c8", "id": "7b1a1e25f9ca4f9d8f34bbc651bd8df3", "publicURL": "http://10.0.2.15:8774/v2/5323592183b6471f839e43c4cade21c8"}], "endpoints_links": [], "type": "compute_legacy", "name": "nova_legacy"}], "user": {"username": "tempest-TestNetworkBasicOps-2065083736", "roles_links": [], "id": "e40cce356e424dc4bccaa9f6bcd7d02e", "roles": [{"name": "_member_"}, {"name": "Member"}], "name": "tempest-TestNetworkBasicOps-2065083736"}, "metadata": {"is_admin": 0, "roles": ["9fe2ff9ee4384b1894a90878d3e92bab", "a9f340d95fe7408c8eda5ecad40a773d"]}}}
2016-01-05 10:24:24,294 24611 DEBUG    [tempest.common.fixed_network] (TestNetworkBasicOps:test_connectivity_between_vms_on_different_networks) No valid network provided or created, defaulting to fixed_network_name
2016-01-05 10:24:24,621 24611 INFO     [tempest_lib.common.rest_client] Request (TestNetworkBasicOps:test_connectivity_between_vms_on_different_networks): 200 GET http://10.0.2.15:8774/v2.1/5323592183b6471f839e43c4cade21c8/os-networks 0.326s
2016-01-05 10:24:24,621 24611 DEBUG    [tempest_lib.common.rest_client] Request - Headers: {'Content-Type': 'application/json', 'Accept': 'application/json', 'X-Auth-Token': '&lt;omitted&gt;'}
        Body: None
    Response - Headers: {'status': '200', 'content-length': '479', 'content-location': 'http://10.0.2.15:8774/v2.1/5323592183b6471f839e43c4cade21c8/os-networks', 'x-compute-request-id': 'req-87ad8f8d-ef42-4974-a2cf-42ffd3833234', 'vary': 'X-OpenStack-Nova-API-Version', 'connection': 'close', 'x-openstack-nova-api-version': '2.1', 'date': 'Tue, 05 Jan 2016 10:24:24 GMT', 'content-type': 'application/json'}
        Body: {"networks": [{"cidr_v6": null, "dns2": null, "dns1": null, "gateway": null, "broadcast": null, "netmask": null, "gateway_v6": null, "cidr": null, "label": "public", "id": "d67c59e2-94d0-47c4-8e8c-62d50dde839a", "netmask_v6": null}, {"cidr_v6": null, "dns2": null, "dns1": null, "gateway": null, "broadcast": null, "netmask": null, "gateway_v6": null, "cidr": null, "label": "tempest-network-smoke--2061310660", "id": "d43c2c9c-2151-4bdf-8e56-78d02314490d", "netmask_v6": null}]}
2016-01-05 10:24:24,621 24611 WARNING  [tempest.common.fixed_network] (TestNetworkBasicOps:test_connectivity_between_vms_on_different_networks) Network with name: private not found
2016-01-05 10:24:24,622 24611 INFO     [tempest.common.fixed_network] (TestNetworkBasicOps:test_connectivity_between_vms_on_different_networks) Found network {} available for tenant
2016-01-05 10:24:25,919 24611 INFO     [tempest_lib.common.rest_client] Request (TestNetworkBasicOps:test_connectivity_between_vms_on_different_networks): 202 POST http://10.0.2.15:8774/v2.1/5323592183b6471f839e43c4cade21c8/servers 1.296s
2016-01-05 10:24:25,919 24611 DEBUG    [tempest_lib.common.rest_client] Request - Headers: {'Content-Type': 'application/json', 'Accept': 'application/json', 'X-Auth-Token': '&lt;omitted&gt;'}
        Body: {"server": {"name": "tempest.common.compute-instance-1352975196", "imageRef": "d39585b2-beb7-4cc8-a7f4-98d6ac50d6a3", "key_name": "tempest-TestNetworkBasicOps-311673069", "flavorRef": "42", "networks": [{"uuid": "d43c2c9c-2151-4bdf-8e56-78d02314490d"}], "security_groups": [{"name": "tempest-secgroup-smoke-1724797436"}]}}
    Response - Headers: {'status': '202', 'content-length': '462', 'x-compute-request-id': 'req-07c47e1a-8750-44a2-b935-ffec6b602a73', 'vary': 'X-OpenStack-Nova-API-Version', 'connection': 'close', 'location': 'http://10.0.2.15:8774/v2.1/5323592183b6471f839e43c4cade21c8/servers/5b7b0aae-0837-410b-922c-7f40a40146a7', 'x-openstack-nova-api-version': '2.1', 'date': 'Tue, 05 Jan 2016 10:24:25 GMT', 'content-type': 'application/json'}
        Body: {"server": {"security_groups": [{"name": "tempest-secgroup-smoke-1724797436"}], "OS-DCF:diskConfig": "MANUAL", "id": "5b7b0aae-0837-410b-922c-7f40a40146a7", "links": [{"href": "http://10.0.2.15:8774/v2.1/5323592183b6471f839e43c4cade21c8/servers/5b7b0aae-0837-410b-922c-7f40a40146a7", "rel": "self"}, {"href": "http://10.0.2.15:8774/5323592183b6471f839e43c4cade21c8/servers/5b7b0aae-0837-410b-922c-7f40a40146a7", "rel": "bookmark"}], "adminPass": "rbQVs8x2U9kL"}}
2016-01-05 10:24:26,206 24611 INFO     [tempest_lib.common.rest_client] Request (TestNetworkBasicOps:test_connectivity_between_vms_on_different_networks): 200 GET http://10.0.2.15:8774/v2.1/5323592183b6471f839e43c4cade21c8/servers/5b7b0aae-0837-410b-922c-7f40a40146a7 0.283s
2016-01-05 10:24:26,206 24611 DEBUG    [tempest_lib.common.rest_client] Request - Headers: {'Content-Type': 'application/json', 'Accept': 'application/json', 'X-Auth-Token': '&lt;omitted&gt;'}
        Body: None
    Response - Headers: {'status': '200', 'content-length': '1355', 'content-location': 'http://10.0.2.15:8774/v2.1/5323592183b6471f839e43c4cade21c8/servers/5b7b0aae-0837-410b-922c-7f40a40146a7', 'x-compute-request-id': 'req-4a451371-64b3-4c86-8993-eaf7d684e948', 'vary': 'X-OpenStack-Nova-API-Version', 'connection': 'close', 'x-openstack-nova-api-version': '2.1', 'date': 'Tue, 05 Jan 2016 10:24:26 GMT', 'content-type': 'application/json'}
        Body: {"server": {"status": "BUILD", "updated": "2016-01-05T10:24:26Z", "hostId": "", "addresses": {}, "links": [{"href": "http://10.0.2.15:8774/v2.1/5323592183b6471f839e43c4cade21c8/servers/5b7b0aae-0837-410b-922c-7f40a40146a7", "rel": "self"}, {"href": "http://10.0.2.15:8774/5323592183b6471f839e43c4cade21c8/servers/5b7b0aae-0837-410b-922c-7f40a40146a7", "rel": "bookmark"}], "key_name": "tempest-TestNetworkBasicOps-311673069", "image": {"id": "d39585b2-beb7-4cc8-a7f4-98d6ac50d6a3", "links": [{"href": "http://10.0.2.15:8774/5323592183b6471f839e43c4cade21c8/images/d39585b2-beb7-4cc8-a7f4-98d6ac50d6a3", "rel": "bookmark"}]}, "OS-EXT-STS:task_state": "scheduling", "OS-EXT-STS:vm_state": "building", "OS-SRV-USG:launched_at": null, "flavor": {"id": "42", "links": [{"href": "http://10.0.2.15:8774/5323592183b6471f839e43c4cade21c8/flavors/42", "rel": "bookmark"}]}, "id": "5b7b0aae-0837-410b-922c-7f40a40146a7", "OS-SRV-USG:terminated_at": null, "OS-EXT-AZ:availability_zone": "", "user_id": "e40cce356e424dc4bccaa9f6bcd7d02e", "name": "tempest.common.compute-instance-1352975196", "created": "2016-01-05T10:24:25Z", "tenant_id": "5323592183b6471f839e43c4cade21c8", "OS-DCF:diskConfig": "MANUAL", "os-extended-volumes:volumes_attached": [], "accessIPv4": "", "accessIPv6": "", "progress": 0, "OS-EXT-STS:power_state": 0, "config_drive": "", "metadata": {}}}
2016-01-05 10:24:27,501 24611 INFO     [tempest_lib.common.rest_client] Request (TestNetworkBasicOps:test_connectivity_between_vms_on_different_networks): 200 GET http://10.0.2.15:8774/v2.1/5323592183b6471f839e43c4cade21c8/servers/5b7b0aae-0837-410b-922c-7f40a40146a7 0.284s
2016-01-05 10:24:27,502 24611 DEBUG    [tempest_lib.common.rest_client] Request - Headers: {'Content-Type': 'application/json', 'Accept': 'application/json', 'X-Auth-Token': '&lt;omitted&gt;'}
        Body: None
    Response - Headers: {'status': '200', 'content-length': '1481', 'content-location': 'http://10.0.2.15:8774/v2.1/5323592183b6471f839e43c4cade21c8/servers/5b7b0aae-0837-410b-922c-7f40a40146a7', 'x-compute-request-id': 'req-42241f2b-b1e7-44e0-959b-40dbe4b907e7', 'vary': 'X-OpenStack-Nova-API-Version', 'connection': 'close', 'x-openstack-nova-api-version': '2.1', 'date': 'Tue, 05 Jan 2016 10:24:27 GMT', 'content-type': 'application/json'}
        Body: {"server": {"status": "BUILD", "updated": "2016-01-05T10:24:26Z", "hostId": "1ef3943a88e7f9e82f2810d45172a55fc56485530d7cebe659974402", "addresses": {}, "links": [{"href": "http://10.0.2.15:8774/v2.1/5323592183b6471f839e43c4cade21c8/servers/5b7b0aae-0837-410b-922c-7f40a40146a7", "rel": "self"}, {"href": "http://10.0.2.15:8774/5323592183b6471f839e43c4cade21c8/servers/5b7b0aae-0837-410b-922c-7f40a40146a7", "rel": "bookmark"}], "key_name": "tempest-TestNetworkBasicOps-311673069", "image": {"id": "d39585b2-beb7-4cc8-a7f4-98d6ac50d6a3", "links": [{"href": "http://10.0.2.15:8774/5323592183b6471f839e43c4cade21c8/images/d39585b2-beb7-4cc8-a7f4-98d6ac50d6a3", "rel": "bookmark"}]}, "OS-EXT-STS:task_state": "spawning", "OS-EXT-STS:vm_state": "building", "OS-SRV-USG:launched_at": null, "flavor": {"id": "42", "links": [{"href": "http://10.0.2.15:8774/5323592183b6471f839e43c4cade21c8/flavors/42", "rel": "bookmark"}]}, "id": "5b7b0aae-0837-410b-922c-7f40a40146a7", "security_groups": [{"name": "tempest-secgroup-smoke-1724797436"}], "OS-SRV-USG:terminated_at": null, "OS-EXT-AZ:availability_zone": "nova", "user_id": "e40cce356e424dc4bccaa9f6bcd7d02e", "name": "tempest.common.compute-instance-1352975196", "created": "2016-01-05T10:24:25Z", "tenant_id": "5323592183b6471f839e43c4cade21c8", "OS-DCF:diskConfig": "MANUAL", "os-extended-volumes:volumes_attached": [], "accessIPv4": "", "accessIPv6": "", "progress": 0, "OS-EXT-STS:power_state": 0, "config_drive": "", "metadata": {}}}
2016-01-05 10:24:27,510 24611 INFO     [tempest.common.waiters] State transition "BUILD/scheduling" ==&gt; "BUILD/spawning" after 1 second wait
2016-01-05 10:24:28,730 24611 INFO     [tempest_lib.common.rest_client] Request (TestNetworkBasicOps:test_connectivity_between_vms_on_different_networks): 200 GET http://10.0.2.15:8774/v2.1/5323592183b6471f839e43c4cade21c8/servers/5b7b0aae-0837-410b-922c-7f40a40146a7 0.218s
2016-01-05 10:24:28,730 24611 DEBUG    [tempest_lib.common.rest_client] Request - Headers: {'Content-Type': 'application/json', 'Accept': 'application/json', 'X-Auth-Token': '&lt;omitted&gt;'}
        Body: None
    Response - Headers: {'status': '200', 'content-length': '1481', 'content-location': 'http://10.0.2.15:8774/v2.1/5323592183b6471f839e43c4cade21c8/servers/5b7b0aae-0837-410b-922c-7f40a40146a7', 'x-compute-request-id': 'req-0c463f3c-8497-4a03-abfc-20631a10e740', 'vary': 'X-OpenStack-Nova-API-Version', 'connection': 'close', 'x-openstack-nova-api-version': '2.1', 'date': 'Tue, 05 Jan 2016 10:24:28 GMT', 'content-type': 'application/json'}
        Body: {"server": {"status": "BUILD", "updated": "2016-01-05T10:24:26Z", "hostId": "1ef3943a88e7f9e82f2810d45172a55fc56485530d7cebe659974402", "addresses": {}, "links": [{"href": "http://10.0.2.15:8774/v2.1/5323592183b6471f839e43c4cade21c8/servers/5b7b0aae-0837-410b-922c-7f40a40146a7", "rel": "self"}, {"href": "http://10.0.2.15:8774/5323592183b6471f839e43c4cade21c8/servers/5b7b0aae-0837-410b-922c-7f40a40146a7", "rel": "bookmark"}], "key_name": "tempest-TestNetworkBasicOps-311673069", "image": {"id": "d39585b2-beb7-4cc8-a7f4-98d6ac50d6a3", "links": [{"href": "http://10.0.2.15:8774/5323592183b6471f839e43c4cade21c8/images/d39585b2-beb7-4cc8-a7f4-98d6ac50d6a3", "rel": "bookmark"}]}, "OS-EXT-STS:task_state": "spawning", "OS-EXT-STS:vm_state": "building", "OS-SRV-USG:launched_at": null, "flavor": {"id": "42", "links": [{"href": "http://10.0.2.15:8774/5323592183b6471f839e43c4cade21c8/flavors/42", "rel": "bookmark"}]}, "id": "5b7b0aae-0837-410b-922c-7f40a40146a7", "security_groups": [{"name": "tempest-secgroup-smoke-1724797436"}], "OS-SRV-USG:terminated_at": null, "OS-EXT-AZ:availability_zone": "nova", "user_id": "e40cce356e424dc4bccaa9f6bcd7d02e", "name": "tempest.common.compute-instance-1352975196", "created": "2016-01-05T10:24:25Z", "tenant_id": "5323592183b6471f839e43c4cade21c8", "OS-DCF:diskConfig": "MANUAL", "os-extended-volumes:volumes_attached": [], "accessIPv4": "", "accessIPv6": "", "progress": 0, "OS-EXT-STS:power_state": 0, "config_drive": "", "metadata": {}}}
2016-01-05 10:24:29,936 24611 INFO     [tempest_lib.common.rest_client] Request (TestNetworkBasicOps:test_connectivity_between_vms_on_different_networks): 200 GET http://10.0.2.15:8774/v2.1/5323592183b6471f839e43c4cade21c8/servers/5b7b0aae-0837-410b-922c-7f40a40146a7 0.196s
2016-01-05 10:24:29,937 24611 DEBUG    [tempest_lib.common.rest_client] Request - Headers: {'Content-Type': 'application/json', 'Accept': 'application/json', 'X-Auth-Token': '&lt;omitted&gt;'}
        Body: None
    Response - Headers: {'status': '200', 'content-length': '1653', 'content-location': 'http://10.0.2.15:8774/v2.1/5323592183b6471f839e43c4cade21c8/servers/5b7b0aae-0837-410b-922c-7f40a40146a7', 'x-compute-request-id': 'req-76e5b8bf-b7f6-4c8d-936b-40b88077686f', 'vary': 'X-OpenStack-Nova-API-Version', 'connection': 'close', 'x-openstack-nova-api-version': '2.1', 'date': 'Tue, 05 Jan 2016 10:24:29 GMT', 'content-type': 'application/json'}
        Body: {"server": {"status": "ACTIVE", "updated": "2016-01-05T10:24:29Z", "hostId": "1ef3943a88e7f9e82f2810d45172a55fc56485530d7cebe659974402", "addresses": {"tempest-network-smoke--2061310660": [{"OS-EXT-IPS-MAC:mac_addr": "fa:16:3e:37:ad:ea", "version": 4, "addr": "10.100.0.3", "OS-EXT-IPS:type": "fixed"}]}, "links": [{"href": "http://10.0.2.15:8774/v2.1/5323592183b6471f839e43c4cade21c8/servers/5b7b0aae-0837-410b-922c-7f40a40146a7", "rel": "self"}, {"href": "http://10.0.2.15:8774/5323592183b6471f839e43c4cade21c8/servers/5b7b0aae-0837-410b-922c-7f40a40146a7", "rel": "bookmark"}], "key_name": "tempest-TestNetworkBasicOps-311673069", "image": {"id": "d39585b2-beb7-4cc8-a7f4-98d6ac50d6a3", "links": [{"href": "http://10.0.2.15:8774/5323592183b6471f839e43c4cade21c8/images/d39585b2-beb7-4cc8-a7f4-98d6ac50d6a3", "rel": "bookmark"}]}, "OS-EXT-STS:task_state": null, "OS-EXT-STS:vm_state": "active", "OS-SRV-USG:launched_at": "2016-01-05T10:24:29.000000", "flavor": {"id": "42", "links": [{"href": "http://10.0.2.15:8774/5323592183b6471f839e43c4cade21c8/flavors/42", "rel": "bookmark"}]}, "id": "5b7b0aae-0837-410b-922c-7f40a40146a7", "security_groups": [{"name": "tempest-secgroup-smoke-1724797436"}], "OS-SRV-USG:terminated_at": null, "OS-EXT-AZ:availability_zone": "nova", "user_id": "e40cce356e424dc4bccaa9f6bcd7d02e", "name": "tempest.common.compute-instance-1352975196", "created": "2016-01-05T10:24:25Z", "tenant_id": "5323592183b6471f839e43c4cade21c8", "OS-DCF:diskConfig": "MANUAL", "os-extended-volumes:volumes_attached": [], "accessIPv4": "", "accessIPv6": "", "progress": 0, "OS-EXT-STS:power_state": 1, "config_drive": "True", "metadata": {}}}
2016-01-05 10:24:29,947 24611 INFO     [tempest.common.waiters] State transition "BUILD/spawning" ==&gt; "ACTIVE/None" after 3 second wait
2016-01-05 10:24:30,260 24611 INFO     [tempest_lib.common.rest_client] Request (TestNetworkBasicOps:test_connectivity_between_vms_on_different_networks): 200 GET http://10.0.2.15:8774/v2.1/5323592183b6471f839e43c4cade21c8/servers/5b7b0aae-0837-410b-922c-7f40a40146a7 0.312s
2016-01-05 10:24:30,260 24611 DEBUG    [tempest_lib.common.rest_client] Request - Headers: {'Content-Type': 'application/json', 'Accept': 'application/json', 'X-Auth-Token': '&lt;omitted&gt;'}
        Body: None
    Response - Headers: {'status': '200', 'content-length': '1653', 'content-location': 'http://10.0.2.15:8774/v2.1/5323592183b6471f839e43c4cade21c8/servers/5b7b0aae-0837-410b-922c-7f40a40146a7', 'x-compute-request-id': 'req-6d5d3eba-107e-4bd5-b1b8-8881cfb3df35', 'vary': 'X-OpenStack-Nova-API-Version', 'connection': 'close', 'x-openstack-nova-api-version': '2.1', 'date': 'Tue, 05 Jan 2016 10:24:30 GMT', 'content-type': 'application/json'}
        Body: {"server": {"status": "ACTIVE", "updated": "2016-01-05T10:24:29Z", "hostId": "1ef3943a88e7f9e82f2810d45172a55fc56485530d7cebe659974402", "addresses": {"tempest-network-smoke--2061310660": [{"OS-EXT-IPS-MAC:mac_addr": "fa:16:3e:37:ad:ea", "version": 4, "addr": "10.100.0.3", "OS-EXT-IPS:type": "fixed"}]}, "links": [{"href": "http://10.0.2.15:8774/v2.1/5323592183b6471f839e43c4cade21c8/servers/5b7b0aae-0837-410b-922c-7f40a40146a7", "rel": "self"}, {"href": "http://10.0.2.15:8774/5323592183b6471f839e43c4cade21c8/servers/5b7b0aae-0837-410b-922c-7f40a40146a7", "rel": "bookmark"}], "key_name": "tempest-TestNetworkBasicOps-311673069", "image": {"id": "d39585b2-beb7-4cc8-a7f4-98d6ac50d6a3", "links": [{"href": "http://10.0.2.15:8774/5323592183b6471f839e43c4cade21c8/images/d39585b2-beb7-4cc8-a7f4-98d6ac50d6a3", "rel": "bookmark"}]}, "OS-EXT-STS:task_state": null, "OS-EXT-STS:vm_state": "active", "OS-SRV-USG:launched_at": "2016-01-05T10:24:29.000000", "flavor": {"id": "42", "links": [{"href": "http://10.0.2.15:8774/5323592183b6471f839e43c4cade21c8/flavors/42", "rel": "bookmark"}]}, "id": "5b7b0aae-0837-410b-922c-7f40a40146a7", "security_groups": [{"name": "tempest-secgroup-smoke-1724797436"}], "OS-SRV-USG:terminated_at": null, "OS-EXT-AZ:availability_zone": "nova", "user_id": "e40cce356e424dc4bccaa9f6bcd7d02e", "name": "tempest.common.compute-instance-1352975196", "created": "2016-01-05T10:24:25Z", "tenant_id": "5323592183b6471f839e43c4cade21c8", "OS-DCF:diskConfig": "MANUAL", "os-extended-volumes:volumes_attached": [], "accessIPv4": "", "accessIPv6": "", "progress": 0, "OS-EXT-STS:power_state": 1, "config_drive": "True", "metadata": {}}}
2016-01-05 10:24:30,268 24611 INFO     [tempest.scenario.manager] Tenant networks not configured to be reachable.
2016-01-05 10:24:30,304 24611 INFO     [tempest_lib.common.rest_client] Request (TestNetworkBasicOps:test_connectivity_between_vms_on_different_networks): 200 GET http://10.0.2.15:9696/v2.0/ports?status=ACTIVE&amp;fixed_ip=None&amp;device_id=5b7b0aae-0837-410b-922c-7f40a40146a7 0.035s
2016-01-05 10:24:30,304 24611 DEBUG    [tempest_lib.common.rest_client] Request - Headers: {'Content-Type': 'application/json', 'Accept': 'application/json', 'X-Auth-Token': '&lt;omitted&gt;'}
        Body: None
    Response - Headers: {'status': '200', 'content-length': '895', 'content-location': 'http://10.0.2.15:9696/v2.0/ports?status=ACTIVE&amp;fixed_ip=None&amp;device_id=5b7b0aae-0837-410b-922c-7f40a40146a7', 'connection': 'close', 'date': 'Tue, 05 Jan 2016 10:24:30 GMT', 'content-type': 'application/json; charset=UTF-8', 'x-openstack-request-id': 'req-f4f085ed-3c62-4fbb-9932-6afffba3524b'}
        Body: {"ports": [{"status": "ACTIVE", "binding:host_id": "vagrant-ubuntu-trusty-64", "allowed_address_pairs": [], "extra_dhcp_opts": [], "dns_assignment": [{"hostname": "host-10-100-0-3", "ip_address": "10.100.0.3", "fqdn": "host-10-100-0-3.openstacklocal."}], "device_owner": "compute:None", "port_security_enabled": true, "binding:profile": {}, "fixed_ips": [{"subnet_id": "97d5ee4f-5a6d-4484-b707-1f0a3cab6059", "ip_address": "10.100.0.3"}], "id": "f9df7227-e55e-4c48-b543-a0c49ce9f86d", "security_groups": ["d596d739-5cb4-4a49-8907-e7bd3f83289b"], "device_id": "5b7b0aae-0837-410b-922c-7f40a40146a7", "name": "", "admin_state_up": true, "network_id": "d43c2c9c-2151-4bdf-8e56-78d02314490d", "dns_name": "", "binding:vif_details": {"port_filter": true}, "binding:vnic_type": "normal", "binding:vif_type": "ovs", "tenant_id": "5323592183b6471f839e43c4cade21c8", "mac_address": "fa:16:3e:37:ad:ea"}]}
2016-01-05 10:24:30,892 24611 INFO     [tempest_lib.common.rest_client] Request (TestNetworkBasicOps:test_connectivity_between_vms_on_different_networks): 201 POST http://10.0.2.15:9696/v2.0/floatingips 0.586s
2016-01-05 10:24:30,892 24611 DEBUG    [tempest_lib.common.rest_client] Request - Headers: {'Content-Type': 'application/json', 'Accept': 'application/json', 'X-Auth-Token': '&lt;omitted&gt;'}
        Body: {"floatingip": {"floating_network_id": "d67c59e2-94d0-47c4-8e8c-62d50dde839a", "tenant_id": "5323592183b6471f839e43c4cade21c8", "fixed_ip_address": "10.100.0.3", "port_id": "f9df7227-e55e-4c48-b543-a0c49ce9f86d"}}
    Response - Headers: {'status': '201', 'content-length': '367', 'connection': 'close', 'date': 'Tue, 05 Jan 2016 10:24:30 GMT', 'content-type': 'application/json; charset=UTF-8', 'x-openstack-request-id': 'req-16f4e9af-f290-4abf-8b20-9c326c3f9483'}
        Body: {"floatingip": {"floating_network_id": "d67c59e2-94d0-47c4-8e8c-62d50dde839a", "router_id": "bb12a771-30fd-4465-a286-bfb6afb6c54f", "fixed_ip_address": "10.100.0.3", "floating_ip_address": "172.24.4.4", "tenant_id": "5323592183b6471f839e43c4cade21c8", "status": "DOWN", "port_id": "f9df7227-e55e-4c48-b543-a0c49ce9f86d", "id": "0cc28cd1-5475-4d94-9eb5-39952b43af9f"}}
2016-01-05 10:24:30,910 24611 INFO     [tempest_lib.common.rest_client] Request (TestNetworkBasicOps:test_connectivity_between_vms_on_different_networks): 200 GET http://10.0.2.15:9696/v2.0/floatingips/0cc28cd1-5475-4d94-9eb5-39952b43af9f 0.017s
2016-01-05 10:24:30,911 24611 DEBUG    [tempest_lib.common.rest_client] Request - Headers: {'Content-Type': 'application/json', 'Accept': 'application/json', 'X-Auth-Token': '&lt;omitted&gt;'}
        Body: None
    Response - Headers: {'status': '200', 'content-length': '367', 'content-location': 'http://10.0.2.15:9696/v2.0/floatingips/0cc28cd1-5475-4d94-9eb5-39952b43af9f', 'connection': 'close', 'date': 'Tue, 05 Jan 2016 10:24:30 GMT', 'content-type': 'application/json; charset=UTF-8', 'x-openstack-request-id': 'req-76e81bb3-7703-4b5b-b10f-2585ca11f2f4'}
        Body: {"floatingip": {"floating_network_id": "d67c59e2-94d0-47c4-8e8c-62d50dde839a", "router_id": "bb12a771-30fd-4465-a286-bfb6afb6c54f", "fixed_ip_address": "10.100.0.3", "floating_ip_address": "172.24.4.4", "tenant_id": "5323592183b6471f839e43c4cade21c8", "status": "DOWN", "port_id": "f9df7227-e55e-4c48-b543-a0c49ce9f86d", "id": "0cc28cd1-5475-4d94-9eb5-39952b43af9f"}}
2016-01-05 10:24:31,926 24611 INFO     [tempest_lib.common.rest_client] Request (TestNetworkBasicOps:test_connectivity_between_vms_on_different_networks): 200 GET http://10.0.2.15:9696/v2.0/floatingips/0cc28cd1-5475-4d94-9eb5-39952b43af9f 0.013s
2016-01-05 10:24:31,927 24611 DEBUG    [tempest_lib.common.rest_client] Request - Headers: {'Content-Type': 'application/json', 'Accept': 'application/json', 'X-Auth-Token': '&lt;omitted&gt;'}
        Body: None
    Response - Headers: {'status': '200', 'content-length': '367', 'content-location': 'http://10.0.2.15:9696/v2.0/floatingips/0cc28cd1-5475-4d94-9eb5-39952b43af9f', 'connection': 'close', 'date': 'Tue, 05 Jan 2016 10:24:31 GMT', 'content-type': 'application/json; charset=UTF-8', 'x-openstack-request-id': 'req-0a59d6f3-a01b-4036-b1a0-d308210654d5'}
        Body: {"floatingip": {"floating_network_id": "d67c59e2-94d0-47c4-8e8c-62d50dde839a", "router_id": "bb12a771-30fd-4465-a286-bfb6afb6c54f", "fixed_ip_address": "10.100.0.3", "floating_ip_address": "172.24.4.4", "tenant_id": "5323592183b6471f839e43c4cade21c8", "status": "DOWN", "port_id": "f9df7227-e55e-4c48-b543-a0c49ce9f86d", "id": "0cc28cd1-5475-4d94-9eb5-39952b43af9f"}}
2016-01-05 10:24:32,942 24611 INFO     [tempest_lib.common.rest_client] Request (TestNetworkBasicOps:test_connectivity_between_vms_on_different_networks): 200 GET http://10.0.2.15:9696/v2.0/floatingips/0cc28cd1-5475-4d94-9eb5-39952b43af9f 0.013s
2016-01-05 10:24:32,942 24611 DEBUG    [tempest_lib.common.rest_client] Request - Headers: {'Content-Type': 'application/json', 'Accept': 'application/json', 'X-Auth-Token': '&lt;omitted&gt;'}
        Body: None
    Response - Headers: {'status': '200', 'content-length': '369', 'content-location': 'http://10.0.2.15:9696/v2.0/floatingips/0cc28cd1-5475-4d94-9eb5-39952b43af9f', 'connection': 'close', 'date': 'Tue, 05 Jan 2016 10:24:32 GMT', 'content-type': 'application/json; charset=UTF-8', 'x-openstack-request-id': 'req-b88cdda1-3fdf-410b-8ea6-633a098eb2b6'}
        Body: {"floatingip": {"floating_network_id": "d67c59e2-94d0-47c4-8e8c-62d50dde839a", "router_id": "bb12a771-30fd-4465-a286-bfb6afb6c54f", "fixed_ip_address": "10.100.0.3", "floating_ip_address": "172.24.4.4", "tenant_id": "5323592183b6471f839e43c4cade21c8", "status": "ACTIVE", "port_id": "f9df7227-e55e-4c48-b543-a0c49ce9f86d", "id": "0cc28cd1-5475-4d94-9eb5-39952b43af9f"}}
2016-01-05 10:24:32,944 24611 INFO     [tempest.scenario.manager] FloatingIP: &lt;"FloatingIP" addr="172.24.4.4" id="0cc28cd1-5475-4d94-9eb5-39952b43af9f"&gt; is at status: ACTIVE
2016-01-05 10:24:32,944 24611 DEBUG    [tempest.scenario.manager] checking network connections to IP 172.24.4.4 with user: cirros
2016-01-05 10:24:32,944 24611 DEBUG    [tempest.scenario.manager] TestNetworkBasicOps:test_connectivity_between_vms_on_different_networks begins to ping 172.24.4.4 in 120 sec and the expected result is reachable
2016-01-05 10:26:33,181 24611 DEBUG    [tempest.scenario.manager] TestNetworkBasicOps:test_connectivity_between_vms_on_different_networks finishes ping 172.24.4.4 in 120 sec and the ping result is unexpected
2016-01-05 10:26:33,183 24611 ERROR    [tempest.scenario.manager] Public network connectivity check failed
2016-01-05 10:26:33.183 24611 ERROR tempest.scenario.manager Traceback (most recent call last):
2016-01-05 10:26:33.183 24611 ERROR tempest.scenario.manager   File "tempest/scenario/manager.py", line 609, in check_public_network_connectivity
2016-01-05 10:26:33.183 24611 ERROR tempest.scenario.manager     should_connect=should_connect)
2016-01-05 10:26:33.183 24611 ERROR tempest.scenario.manager   File "tempest/scenario/manager.py", line 593, in check_vm_connectivity
2016-01-05 10:26:33.183 24611 ERROR tempest.scenario.manager     msg=msg)
2016-01-05 10:26:33.183 24611 ERROR tempest.scenario.manager   File "/usr/local/lib/python2.7/dist-packages/unittest2/case.py", line 702, in assertTrue
2016-01-05 10:26:33.183 24611 ERROR tempest.scenario.manager     raise self.failureException(msg)
2016-01-05 10:26:33.183 24611 ERROR tempest.scenario.manager AssertionError: False is not true : Timed out waiting for 172.24.4.4 to become reachable
2016-01-05 10:26:33.183 24611 ERROR tempest.scenario.manager 
2016-01-05 10:26:33,406 24611 INFO     [tempest_lib.common.rest_client] Request (TestNetworkBasicOps:test_connectivity_between_vms_on_different_networks): 200 POST http://10.0.2.15:8774/v2.1/5323592183b6471f839e43c4cade21c8/servers/5b7b0aae-0837-410b-922c-7f40a40146a7/action 0.220s
2016-01-05 10:26:33,407 24611 DEBUG    [tempest_lib.common.rest_client] Request - Headers: {'Content-Type': 'application/json', 'Accept': 'application/json', 'X-Auth-Token': '&lt;omitted&gt;'}
        Body: {"os-getConsoleOutput": {}}
    Response - Headers: {'status': '200', 'content-length': '17428', 'x-compute-request-id': 'req-512d1966-6a46-4fde-9a11-b5ab8e974f39', 'vary': 'X-OpenStack-Nova-API-Version', 'connection': 'close', 'x-openstack-nova-api-version': '2.1', 'date': 'Tue, 05 Jan 2016 10:26:33 GMT', 'content-type': 'application/json'}
        Body: {"output": "[    0.000000] Initializing cgroup subsys cpuset\n[    0.000000] Initializing cgroup subsys cpu\n[    0.000000] Linux version 3.2.0-80-virtual (buildd@batsu) (gcc version 4.6.3 (Ubuntu/Linaro 4.6.3-1ubuntu5) ) #116-Ubuntu SMP Mon Mar 23 17:28:52 UTC 2015 (Ubuntu 3.2.0-80.116-virtual 3.2.68)\n[    0.000000] Command line: root=/dev/vda console=tty0 console=ttyS0 no_timer_check\n[    0.000000] KERNEL supported cpus:\n[    0.000000]   Intel GenuineIntel\n[    0.000000]   AMD AuthenticAMD\n[    0.000000]   Centaur CentaurHauls\n[    0.000000] BIOS-provided physical RAM map:\n[    0.000000]  BIOS-e820: 0000000000000000 - 000000000009fc00 (usable)\n[    0.000000]  BIOS-e820: 000000000009fc00 - 00000000000a0000 (reserved)\n[    0.000000]  BIOS-e820: 00000000000f0000 - 0000000000100000 (reserved)\n[    0.000000]  BIOS-e820: 0000000000100000 - 0000000003ffe000 (usable)\n[    0.000000]  BIOS-e820: 0000000003ffe000 - 0000000004000000 (reserved)\n[    0.000000]  BIOS-e820: 00000000fffc0000 - 0000000100000000 (reserved)\n[    0.000000] NX (Execute Disable) protection: active\n[    0.000000] SMBIOS 2.4 present.\n[    0.000000] No AGP bridge found\n[    0.000000] last_pfn = 0x3ffe max_arch_pfn = 0x400000000\n[    0.000000] x86 PAT enabled: cpu 0, old 0x7040600070406, new 0x7010600070106\n[    0.000000] found SMP MP-table at [ffff8800000f0b00] f0b00\n[    0.000000] init_memory_mapping: 0000000000000000-0000000003ffe000\n[    0.000000] RAMDISK: 03c5e000 - 03ff0000\n[    0.000000] ACPI: RSDP 00000000000f0950 00014 (v00 BOCHS )\n[    0.000000] ACPI: RSDT 0000000003fffbc1 00034 (v01 BOCHS  BXPCRSDT 00000001 BXPC 00000001)\n[    0.000000] ACPI: FACP 0000000003fff1c0 00074 (v01 BOCHS  BXPCFACP 00000001 BXPC 00000001)\n[    0.000000] ACPI: DSDT 0000000003ffe040 01180 (v01 BOCHS  BXPCDSDT 00000001 BXPC 00000001)\n[    0.000000] ACPI: FACS 0000000003ffe000 00040\n[    0.000000] ACPI: SSDT 0000000003fff234 008DD (v01 BOCHS  BXPCSSDT 00000001 BXPC 00000001)\n[    0.000000] ACPI: APIC 0000000003fffb11 00078 (v01 BOCHS  BXPCAPIC 00000001 BXPC 00000001)\n[    0.000000] ACPI: HPET 0000000003fffb89 00038 (v01 BOCHS  BXPCHPET 00000001 BXPC 00000001)\n[    0.000000] No NUMA configuration found\n[    0.000000] Faking a node at 0000000000000000-0000000003ffe000\n[    0.000000] Initmem setup node 0 0000000000000000-0000000003ffe000\n[    0.000000]   NODE_DATA [0000000003ff6000 - 0000000003ffafff]\n[    0.000000] Zone PFN ranges:\n[    0.000000]   DMA      0x00000010 -&gt; 0x00001000\n[    0.000000]   DMA32    0x00001000 -&gt; 0x00100000\n[    0.000000]   Normal   empty\n[    0.000000] Movable zone start PFN for each node\n[    0.000000] early_node_map[2] active PFN ranges\n[    0.000000]     0: 0x00000010 -&gt; 0x0000009f\n[    0.000000]     0: 0x00000100 -&gt; 0x00003ffe\n[    0.000000] ACPI: PM-Timer IO Port: 0xb008\n[    0.000000] ACPI: LAPIC (acpi_id[0x00] lapic_id[0x00] enabled)\n[    0.000000] ACPI: LAPIC_NMI (acpi_id[0xff] dfl dfl lint[0x1])\n[    0.000000] ACPI: IOAPIC (id[0x00] address[0xfec00000] gsi_base[0])\n[    0.000000] IOAPIC[0]: apic_id 0, version 17, address 0xfec00000, GSI 0-23\n[    0.000000] ACPI: INT_SRC_OVR (bus 0 bus_irq 0 global_irq 2 dfl dfl)\n[    0.000000] ACPI: INT_SRC_OVR (bus 0 bus_irq 5 global_irq 5 high level)\n[    0.000000] ACPI: INT_SRC_OVR (bus 0 bus_irq 9 global_irq 9 high level)\n[    0.000000] ACPI: INT_SRC_OVR (bus 0 bus_irq 10 global_irq 10 high level)\n[    0.000000] ACPI: INT_SRC_OVR (bus 0 bus_irq 11 global_irq 11 high level)\n[    0.000000] Using ACPI (MADT) for SMP configuration information\n[    0.000000] ACPI: HPET id: 0x8086a201 base: 0xfed00000\n[    0.000000] SMP: Allowing 1 CPUs, 0 hotplug CPUs\n[    0.000000] PM: Registered nosave memory: 000000000009f000 - 00000000000a0000\n[    0.000000] PM: Registered nosave memory: 00000000000a0000 - 00000000000f0000\n[    0.000000] PM: Registered nosave memory: 00000000000f0000 - 0000000000100000\n[    0.000000] Allocating PCI resources starting at 4000000 (gap: 4000000:fbfc0000)\n[    0.000000] Booting paravirtualized kernel on bare hardware\n[    0.000000] setup_pe
2016-01-05 10:26:33,411 24611 DEBUG    [tempest.scenario.manager] Console output for 5b7b0aae-0837-410b-922c-7f40a40146a7
body=
[    0.000000] Initializing cgroup subsys cpuset
[    0.000000] Initializing cgroup subsys cpu
[    0.000000] Linux version 3.2.0-80-virtual (buildd@batsu) (gcc version 4.6.3 (Ubuntu/Linaro 4.6.3-1ubuntu5) ) #116-Ubuntu SMP Mon Mar 23 17:28:52 UTC 2015 (Ubuntu 3.2.0-80.116-virtual 3.2.68)
[    0.000000] Command line: root=/dev/vda console=tty0 console=ttyS0 no_timer_check
[    0.000000] KERNEL supported cpus:
[    0.000000]   Intel GenuineIntel
[    0.000000]   AMD AuthenticAMD
[    0.000000]   Centaur CentaurHauls
[    0.000000] BIOS-provided physical RAM map:
[    0.000000]  BIOS-e820: 0000000000000000 - 000000000009fc00 (usable)
[    0.000000]  BIOS-e820: 000000000009fc00 - 00000000000a0000 (reserved)
[    0.000000]  BIOS-e820: 00000000000f0000 - 0000000000100000 (reserved)
[    0.000000]  BIOS-e820: 0000000000100000 - 0000000003ffe000 (usable)
[    0.000000]  BIOS-e820: 0000000003ffe000 - 0000000004000000 (reserved)
[    0.000000]  BIOS-e820: 00000000fffc0000 - 0000000100000000 (reserved)
[    0.000000] NX (Execute Disable) protection: active
[    0.000000] SMBIOS 2.4 present.
[    0.000000] No AGP bridge found
[    0.000000] last_pfn = 0x3ffe max_arch_pfn = 0x400000000
[    0.000000] x86 PAT enabled: cpu 0, old 0x7040600070406, new 0x7010600070106
[    0.000000] found SMP MP-table at [ffff8800000f0b00] f0b00
[    0.000000] init_memory_mapping: 0000000000000000-0000000003ffe000
[    0.000000] RAMDISK: 03c5e000 - 03ff0000
[    0.000000] ACPI: RSDP 00000000000f0950 00014 (v00 BOCHS )
[    0.000000] ACPI: RSDT 0000000003fffbc1 00034 (v01 BOCHS  BXPCRSDT 00000001 BXPC 00000001)
[    0.000000] ACPI: FACP 0000000003fff1c0 00074 (v01 BOCHS  BXPCFACP 00000001 BXPC 00000001)
[    0.000000] ACPI: DSDT 0000000003ffe040 01180 (v01 BOCHS  BXPCDSDT 00000001 BXPC 00000001)
[    0.000000] ACPI: FACS 0000000003ffe000 00040
[    0.000000] ACPI: SSDT 0000000003fff234 008DD (v01 BOCHS  BXPCSSDT 00000001 BXPC 00000001)
[    0.000000] ACPI: APIC 0000000003fffb11 00078 (v01 BOCHS  BXPCAPIC 00000001 BXPC 00000001)
[    0.000000] ACPI: HPET 0000000003fffb89 00038 (v01 BOCHS  BXPCHPET 00000001 BXPC 00000001)
[    0.000000] No NUMA configuration found
[    0.000000] Faking a node at 0000000000000000-0000000003ffe000
[    0.000000] Initmem setup node 0 0000000000000000-0000000003ffe000
[    0.000000]   NODE_DATA [0000000003ff6000 - 0000000003ffafff]
[    0.000000] Zone PFN ranges:
[    0.000000]   DMA      0x00000010 -&gt; 0x00001000
[    0.000000]   DMA32    0x00001000 -&gt; 0x00100000
[    0.000000]   Normal   empty
[    0.000000] Movable zone start PFN for each node
[    0.000000] early_node_map[2] active PFN ranges
[    0.000000]     0: 0x00000010 -&gt; 0x0000009f
[    0.000000]     0: 0x00000100 -&gt; 0x00003ffe
[    0.000000] ACPI: PM-Timer IO Port: 0xb008
[    0.000000] ACPI: LAPIC (acpi_id[0x00] lapic_id[0x00] enabled)
[    0.000000] ACPI: LAPIC_NMI (acpi_id[0xff] dfl dfl lint[0x1])
[    0.000000] ACPI: IOAPIC (id[0x00] address[0xfec00000] gsi_base[0])
[    0.000000] IOAPIC[0]: apic_id 0, version 17, address 0xfec00000, GSI 0-23
[    0.000000] ACPI: INT_SRC_OVR (bus 0 bus_irq 0 global_irq 2 dfl dfl)
[    0.000000] ACPI: INT_SRC_OVR (bus 0 bus_irq 5 global_irq 5 high level)
[    0.000000] ACPI: INT_SRC_OVR (bus 0 bus_irq 9 global_irq 9 high level)
[    0.000000] ACPI: INT_SRC_OVR (bus 0 bus_irq 10 global_irq 10 high level)
[    0.000000] ACPI: INT_SRC_OVR (bus 0 bus_irq 11 global_irq 11 high level)
[    0.000000] Using ACPI (MADT) for SMP configuration information
[    0.000000] ACPI: HPET id: 0x8086a201 base: 0xfed00000
[    0.000000] SMP: Allowing 1 CPUs, 0 hotplug CPUs
[    0.000000] PM: Registered nosave memory: 000000000009f000 - 00000000000a0000
[    0.000000] PM: Registered nosave memory: 00000000000a0000 - 00000000000f0000
[    0.000000] PM: Registered nosave memory: 00000000000f0000 - 0000000000100000
[    0.000000] Allocating PCI resources starting at 4000000 (gap: 4000000:fbfc0000)
[    0.000000] Booting paravirtualized kernel on bare hardware
[    0.000000] setup_percpu: NR_CPUS:64 nr_cpumask_bits:64 nr_cpu_ids:1 nr_node_ids:1
[    0.000000] PERCPU: Embedded 27 pages/cpu @ffff880003a00000 s78848 r8192 d23552 u2097152
[    0.000000] Built 1 zonelists in Node order, mobility grouping on.  Total pages: 16008
[    0.000000] Policy zone: DMA32
[    0.000000] Kernel command line: root=/dev/vda console=tty0 console=ttyS0 no_timer_check
[    0.000000] PID hash table entries: 256 (order: -1, 2048 bytes)
[    0.000000] Checking aperture...
[    0.000000] No AGP bridge found
[    0.000000] Memory: 43492k/65528k available (6576k kernel code, 452k absent, 21584k reserved, 6620k data, 928k init)
[    0.000000] SLUB: Genslabs=15, HWalign=64, Order=0-3, MinObjects=0, CPUs=1, Nodes=1
[    0.000000] Hierarchical RCU implementation.
[    0.000000] 	RCU dyntick-idle grace-period acceleration is enabled.
[    0.000000] NR_IRQS:4352 nr_irqs:256 16
[    0.000000] Console: colour VGA+ 80x25
[    0.000000] console [tty0] enabled
[    0.000000] console [ttyS0] enabled
[    0.000000] allocated 1048576 bytes of page_cgroup
[    0.000000] please try 'cgroup_disable=memory' option if you don't want memory cgroups
[    0.000000] Fast TSC calibration failed
[    0.000000] TSC: Unable to calibrate against PIT
[    0.000000] TSC: using HPET reference calibration
[    0.000000] Detected 2292.713 MHz processor.
[    0.032635] Calibrating delay loop (skipped), value calculated using timer frequency.. 4585.42 BogoMIPS (lpj=9170852)
[    0.036788] pid_max: default: 32768 minimum: 301
[    0.044750] Security Framework initialized
[    0.048583] AppArmor: AppArmor initialized
[    0.049298] Yama: becoming mindful.
[    0.057461] Dentry cache hash table entries: 8192 (order: 4, 65536 bytes)
[    0.059091] Inode-cache hash table entries: 4096 (order: 3, 32768 bytes)
[    0.060658] Mount-cache hash table entries: 256
[    0.075433] Initializing cgroup subsys cpuacct
[    0.076315] Initializing cgroup subsys memory
[    0.077530] Initializing cgroup subsys devices
[    0.078198] Initializing cgroup subsys freezer
[    0.080122] Initializing cgroup subsys blkio
[    0.080776] Initializing cgroup subsys perf_event
[    0.085058] mce: CPU supports 10 MCE banks
[    0.088340] SMP alternatives: switching to UP code
[    0.524872] Freeing SMP alternatives: 24k freed
[    0.526993] ACPI: Core revision 20110623
[    0.586471] ftrace: allocating 26610 entries in 105 pages
[    0.626223] ..TIMER: vector=0x30 apic1=0 pin1=2 apic2=-1 pin2=-1
[    0.628182] CPU0: AMD QEMU Virtual CPU version 2.0.0 stepping 03
[    0.632038] Performance Events: Broken PMU hardware detected, using software events only.
[    0.639350] NMI watchdog disabled (cpu0): hardware events not enabled
[    0.640606] Brought up 1 CPUs
[    0.641381] Total of 1 processors activated (4585.42 BogoMIPS).
[    0.666095] devtmpfs: initialized
[    0.694706] EVM: security.selinux
[    0.696081] EVM: security.SMACK64
[    0.696522] EVM: security.capability
[    0.714751] print_constraints: dummy: 
[    0.716471] RTC time: 10:24:33, date: 01/05/16
[    0.718604] NET: Registered protocol family 16
[    0.726383] ACPI: bus type pci registered
[    0.730910] PCI: Using configuration type 1 for base access
[    0.760909] bio: create slab &lt;bio-0&gt; at 0
[    0.764403] ACPI: Added _OSI(Module Device)
[    0.765950] ACPI: Added _OSI(Processor Device)
[    0.766571] ACPI: Added _OSI(3.0 _SCP Extensions)
[    0.768116] ACPI: Added _OSI(Processor Aggregator Device)
[    0.839512] ACPI: Interpreter enabled
[    0.840172] ACPI: (supports S0 S3 S4 S5)
[    0.841970] ACPI: Using IOAPIC for interrupt routing
[    0.912506] ACPI: No dock devices found.
[    0.913213] HEST: Table not found.
[    0.913784] PCI: Using host bridge windows from ACPI; if necessary, use "pci=nocrs" and report a bug
[    0.919388] ACPI: PCI Root Bridge [PCI0] (domain 0000 [bus 00-ff])
[    0.926039] pci_root PNP0A03:00: host bridge window [io  0x0000-0x0cf7]
[    0.927023] pci_root PNP0A03:00: host bridge window [io  0x0d00-0xadff]
[    0.928133] pci_root PNP0A03:00: host bridge window [io  0xae0f-0xaeff]
[    0.929237] pci_root PNP0A03:00: host bridge window [io  0xaf20-0xafdf]
[    0.930081] pci_root PNP0A03:00: host bridge window [io  0xafe4-0xffff]
[    0.931024] pci_root PNP0A03:00: host bridge window [mem 0x000a0000-0x000bffff]
[    0.932156] pci_root PNP0A03:00: host bridge window [mem 0x04000000-0xfebfffff]
[    0.956279] pci 0000:00:01.3: quirk: [io  0xb000-0xb03f] claimed by PIIX4 ACPI
[    0.957404] pci 0000:00:01.3: quirk: [io  0xb100-0xb10f] claimed by PIIX4 SMB
[    1.032376]  pci0000:00: Unable to request _OSC control (_OSC support mask: 0x1e)
[    1.089265] ACPI: PCI Interrupt Link [LNKA] (IRQs 5 *10 11)
[    1.091063] ACPI: PCI Interrupt Link [LNKB] (IRQs 5 *10 11)
[    1.093451] ACPI: PCI Interrupt Link [LNKC] (IRQs 5 10 *11)
[    1.096806] ACPI: PCI Interrupt Link [LNKD] (IRQs 5 10 *11)
[    1.098125] ACPI: PCI Interrupt Link [LNKS] (IRQs *9)
[    1.105458] vgaarb: device added: PCI:0000:00:02.0,decodes=io+mem,owns=io+mem,locks=none
[    1.106387] vgaarb: loaded
[    1.106816] vgaarb: bridge control possible 0000:00:02.0
[    1.110292] i2c-core: driver [aat2870] using legacy suspend method
[    1.111038] i2c-core: driver [aat2870] using legacy resume method
[    1.113723] SCSI subsystem initialized
[    1.117318] usbcore: registered new interface driver usbfs
[    1.118393] usbcore: registered new interface driver hub
[    1.119553] usbcore: registered new device driver usb
[    1.122686] PCI: Using ACPI for IRQ routing
[    1.133917] NetLabel: Initializing
[    1.134360] NetLabel:  domain hash size = 128
[    1.134875] NetLabel:  protocols = UNLABELED CIPSOv4
[    1.137211] NetLabel:  unlabeled traffic allowed by default
[    1.139122] HPET: 3 timers in total, 0 timers will be used for per-cpu timer
[    1.140412] hpet0: at MMIO 0xfed00000, IRQs 2, 8, 0
[    1.141216] hpet0: 3 comparators, 64-bit 100.000000 MHz counter
[    1.154367] Switching to clocksource hpet
[    1.403693] AppArmor: AppArmor Filesystem Enabled
[    1.406901] pnp: PnP ACPI init
[    1.407515] ACPI: bus type pnp registered
[    1.429418] pnp: PnP ACPI: found 9 devices
[    1.429947] ACPI: ACPI bus type pnp unregistered
[    1.492194] NET: Registered protocol family 2
[    1.526468] IP route cache hash table entries: 512 (order: 0, 4096 bytes)
[    1.533881] TCP established hash table entries: 2048 (order: 3, 32768 bytes)
[    1.535201] TCP bind hash table entries: 2048 (order: 3, 32768 bytes)
[    1.536022] TCP: Hash tables configured (established 2048 bind 2048)
[    1.537422] TCP reno registered
[    1.537917] UDP hash table entries: 128 (order: 0, 4096 bytes)
[    1.538603] UDP-Lite hash table entries: 128 (order: 0, 4096 bytes)
[    1.541915] NET: Registered protocol family 1
[    1.542718] pci 0000:00:00.0: Limiting direct PCI/PCI transfers
[    1.543423] pci 0000:00:01.0: PIIX3: Enabling Passive Release
[    1.544912] pci 0000:00:01.0: Activating ISA DMA hang workarounds
[    1.550444] ACPI: PCI Interrupt Link [LNKD] enabled at IRQ 11
[    1.551359] pci 0000:00:01.2: PCI INT D -&gt; Link[LNKD] -&gt; GSI 11 (level, high) -&gt; IRQ 11
[    1.554219] pci 0000:00:01.2: PCI INT D disabled
[    1.571513] Trying to unpack rootfs image as initramfs...
[    1.587973] audit: initializing netlink socket (disabled)
[    1.590400] type=2000 audit(1451989473.588:1): initialized
[    1.874648] HugeTLB registered 2 MB page size, pre-allocated 0 pages
[    1.955681] VFS: Disk quotas dquot_6.5.2
[    1.959527] Dquot-cache hash table entries: 512 (order 0, 4096 bytes)
[    1.983766] fuse init (API version 7.17)
[    1.987889] msgmni has been set to 84
[    2.031142] Block layer SCSI generic (bsg) driver version 0.4 loaded (major 253)
[    2.042475] io scheduler noop registered
[    2.043708] io scheduler deadline registered (default)
[    2.048173] io scheduler cfq registered
[    2.056160] pci_hotplug: PCI Hot Plug PCI Core version: 0.5
[    2.059044] pciehp: PCI Express Hot Plug Controller Driver version: 0.4
[    2.065617] input: Power Button as /devices/LNXSYSTM:00/LNXPWRBN:00/input/input0
[    2.067865] ACPI: Power Button [PWRF]
[    2.130551] ERST: Table is not found!
[    2.131065] GHES: HEST is not enabled!
[    2.139299] ACPI: PCI Interrupt Link [LNKC] enabled at IRQ 10
[    2.140019] virtio-pci 0000:00:03.0: PCI INT A -&gt; Link[LNKC] -&gt; GSI 10 (level, high) -&gt; IRQ 10
[    2.144041] virtio-pci 0000:00:04.0: PCI INT A -&gt; Link[LNKD] -&gt; GSI 11 (level, high) -&gt; IRQ 11
[    2.163196] ACPI: PCI Interrupt Link [LNKA] enabled at IRQ 10
[    2.164327] virtio-pci 0000:00:05.0: PCI INT A -&gt; Link[LNKA] -&gt; GSI 10 (level, high) -&gt; IRQ 10
[    2.179067] Serial: 8250/16550 driver, 32 ports, IRQ sharing enabled
[    2.221415] serial8250: ttyS0 at I/O 0x3f8 (irq = 4) is a 16550A
[    2.318069] serial8250: ttyS1 at I/O 0x2f8 (irq = 3) is a 16550A
[    2.453780] 00:05: ttyS0 at I/O 0x3f8 (irq = 4) is a 16550A
[    2.515818] 00:06: ttyS1 at I/O 0x2f8 (irq = 3) is a 16550A
[    2.553836] Linux agpgart interface v0.103
[    2.566245] Refined TSC clocksource calibration: 2293.275 MHz.
[    2.566815] Switching to clocksource tsc
[    2.616586] brd: module loaded
[    2.647075] loop: module loaded
[    2.693935]  vda: unknown partition table
[    2.747629] scsi0 : ata_piix
[    2.755064] scsi1 : ata_piix
[    2.759045] ata1: PATA max MWDMA2 cmd 0x1f0 ctl 0x3f6 bmdma 0xc0a0 irq 14
[    2.760719] ata2: PATA max MWDMA2 cmd 0x170 ctl 0x376 bmdma 0xc0a8 irq 15
[    2.773997] Fixed MDIO Bus: probed
[    2.774780] tun: Universal TUN/TAP device driver, 1.6
[    2.775403] tun: (C) 1999-2004 Max Krasnyansky &lt;maxk@qualcomm.com&gt;
[    2.798034] PPP generic driver version 2.4.2
[    2.825881] ehci_hcd: USB 2.0 'Enhanced' Host Controller (EHCI) Driver
[    2.826746] ohci_hcd: USB 1.1 'Open' Host Controller (OHCI) Driver
[    2.829289] uhci_hcd: USB Universal Host Controller Interface driver
[    2.830394] uhci_hcd 0000:00:01.2: PCI INT D -&gt; Link[LNKD] -&gt; GSI 11 (level, high) -&gt; IRQ 11
[    2.834657] uhci_hcd 0000:00:01.2: UHCI Host Controller
[    2.858327] uhci_hcd 0000:00:01.2: new USB bus registered, assigned bus number 1
[    2.859944] uhci_hcd 0000:00:01.2: irq 11, io base 0x0000c040
[    2.890450] hub 1-0:1.0: USB hub found
[    2.891712] hub 1-0:1.0: 2 ports detected
[    2.899523] usbcore: registered new interface driver libusual
[    2.905957] i8042: PNP: PS/2 Controller [PNP0303:KBD,PNP0f13:MOU] at 0x60,0x64 irq 1,12
[    2.919945] serio: i8042 KBD port at 0x60,0x64 irq 1
[    2.922993] serio: i8042 AUX port at 0x60,0x64 irq 12
[    2.996028] ata2.01: ATAPI: QEMU DVD-ROM, 2.0.0, max UDMA/100
[    3.015361] mousedev: PS/2 mouse device common for all mice
[    3.019743] ata2.01: configured for MWDMA2
[    3.032675] input: AT Translated Set 2 keyboard as /devices/platform/i8042/serio0/input/input1
[    3.047305] rtc_cmos 00:01: RTC can wake from S4
[    3.069956] rtc_cmos 00:01: rtc core: registered rtc_cmos as rtc0
[    3.074822] rtc0: alarms up to one day, 114 bytes nvram, hpet irqs
[    3.083703] device-mapper: uevent: version 1.0.3
[    3.094667] scsi 1:0:1:0: CD-ROM            QEMU     QEMU DVD-ROM     2.0. PQ: 0 ANSI: 5
[    3.119344] sr0: scsi3-mmc drive: 4x/4x cd/rw xa/form2 tray
[    3.121094] cdrom: Uniform CD-ROM driver Revision: 3.20
[    3.126366] device-mapper: ioctl: 4.22.0-ioctl (2011-10-19) initialised: dm-devel@redhat.com
[    3.135716] cpuidle: using governor ladder
[    3.138972] cpuidle: using governor menu
[    3.139682] EFI Variables Facility v0.08 2004-May-17
[    3.146239] TCP cubic registered
[    3.150719] NET: Registered protocol family 10
[    3.186693] NET: Registered protocol family 17
[    3.188115] Registering the dns_resolver key type
[    3.210426] sr 1:0:1:0: Attached scsi generic sg0 type 5
[    3.302489] registered taskstats version 1
[    3.436457] Freeing initrd memory: 3656k freed
[    3.957427]   Magic number: 0:776:425
[    3.969289] rtc_cmos 00:01: setting system clock to 2016-01-05 10:24:36 UTC (1451989476)
[    3.972042] powernow-k8: Processor cpuid 663 not supported
[    3.982155] BIOS EDD facility v0.16 2004-Jun-25, 0 devices found
[    3.983646] EDD information not available.
[    4.055295] Freeing unused kernel memory: 928k freed
[    4.062458] Write protecting the kernel read-only data: 12288k
[    4.167724] Freeing unused kernel memory: 1596k freed
[    4.233208] Freeing unused kernel memory: 1184k freed

info: initramfs: up at 4.41
modprobe: module virtio_blk not found in modules.dep
modprobe: module virtio_net not found in modules.dep
info: copying initramfs to /dev/vda
info: initramfs loading root from /dev/vda
info: /etc/init.d/rc.sysinit: up at 8.87
info: container: none
Starting logging: OK
modprobe: module virtio_blk not found in modules.dep
modprobe: module virtio_net not found in modules.dep
WARN: /etc/rc3.d/S10-load-modules failed
Initializing random number generator... done.
Starting acpid: OK
cirros-ds 'local' up at 11.38
found datasource (configdrive, local)
Starting network...
udhcpc (v1.20.1) started
Sending discover...
Sending discover...

2016-01-05 10:26:33,774 24611 INFO     [tempest_lib.common.rest_client] Request (TestNetworkBasicOps:_run_cleanups): 204 DELETE http://10.0.2.15:9696/v2.0/floatingips/0cc28cd1-5475-4d94-9eb5-39952b43af9f 0.358s
2016-01-05 10:26:33,775 24611 DEBUG    [tempest_lib.common.rest_client] Request - Headers: {'Content-Type': 'application/json', 'Accept': 'application/json', 'X-Auth-Token': '&lt;omitted&gt;'}
        Body: None
    Response - Headers: {'date': 'Tue, 05 Jan 2016 10:26:33 GMT', 'status': '204', 'connection': 'close', 'content-length': '0', 'x-openstack-request-id': 'req-9f156fb9-13c6-4a44-b2e1-c7ad67b88762'}
        Body: 
2016-01-05 10:26:33,984 24611 INFO     [tempest_lib.common.rest_client] Request (TestNetworkBasicOps:_run_cleanups): 204 DELETE http://10.0.2.15:8774/v2.1/5323592183b6471f839e43c4cade21c8/servers/5b7b0aae-0837-410b-922c-7f40a40146a7 0.208s
2016-01-05 10:26:33,984 24611 DEBUG    [tempest_lib.common.rest_client] Request - Headers: {'Content-Type': 'application/json', 'Accept': 'application/json', 'X-Auth-Token': '&lt;omitted&gt;'}
        Body: None
    Response - Headers: {'status': '204', 'content-length': '0', 'x-compute-request-id': 'req-e1df817a-f069-4b3f-8f00-619c965cad8f', 'vary': 'X-OpenStack-Nova-API-Version', 'connection': 'close', 'x-openstack-nova-api-version': '2.1', 'date': 'Tue, 05 Jan 2016 10:26:33 GMT', 'content-type': 'application/json'}
        Body: 
2016-01-05 10:26:34,192 24611 INFO     [tempest_lib.common.rest_client] Request (TestNetworkBasicOps:_run_cleanups): 200 GET http://10.0.2.15:8774/v2.1/5323592183b6471f839e43c4cade21c8/servers/5b7b0aae-0837-410b-922c-7f40a40146a7 0.207s
2016-01-05 10:26:34,192 24611 DEBUG    [tempest_lib.common.rest_client] Request - Headers: {'Content-Type': 'application/json', 'Accept': 'application/json', 'X-Auth-Token': '&lt;omitted&gt;'}
        Body: None
    Response - Headers: {'status': '200', 'content-length': '1776', 'content-location': 'http://10.0.2.15:8774/v2.1/5323592183b6471f839e43c4cade21c8/servers/5b7b0aae-0837-410b-922c-7f40a40146a7', 'x-compute-request-id': 'req-0d217908-cf32-4b1e-9b93-9f17b6c73e00', 'vary': 'X-OpenStack-Nova-API-Version', 'connection': 'close', 'x-openstack-nova-api-version': '2.1', 'date': 'Tue, 05 Jan 2016 10:26:34 GMT', 'content-type': 'application/json'}
        Body: {"server": {"status": "ACTIVE", "updated": "2016-01-05T10:26:33Z", "hostId": "1ef3943a88e7f9e82f2810d45172a55fc56485530d7cebe659974402", "addresses": {"tempest-network-smoke--2061310660": [{"OS-EXT-IPS-MAC:mac_addr": "fa:16:3e:37:ad:ea", "version": 4, "addr": "10.100.0.3", "OS-EXT-IPS:type": "fixed"}, {"OS-EXT-IPS-MAC:mac_addr": "fa:16:3e:37:ad:ea", "version": 4, "addr": "172.24.4.4", "OS-EXT-IPS:type": "floating"}]}, "links": [{"href": "http://10.0.2.15:8774/v2.1/5323592183b6471f839e43c4cade21c8/servers/5b7b0aae-0837-410b-922c-7f40a40146a7", "rel": "self"}, {"href": "http://10.0.2.15:8774/5323592183b6471f839e43c4cade21c8/servers/5b7b0aae-0837-410b-922c-7f40a40146a7", "rel": "bookmark"}], "key_name": "tempest-TestNetworkBasicOps-311673069", "image": {"id": "d39585b2-beb7-4cc8-a7f4-98d6ac50d6a3", "links": [{"href": "http://10.0.2.15:8774/5323592183b6471f839e43c4cade21c8/images/d39585b2-beb7-4cc8-a7f4-98d6ac50d6a3", "rel": "bookmark"}]}, "OS-EXT-STS:task_state": "deleting", "OS-EXT-STS:vm_state": "active", "OS-SRV-USG:launched_at": "2016-01-05T10:24:29.000000", "flavor": {"id": "42", "links": [{"href": "http://10.0.2.15:8774/5323592183b6471f839e43c4cade21c8/flavors/42", "rel": "bookmark"}]}, "id": "5b7b0aae-0837-410b-922c-7f40a40146a7", "security_groups": [{"name": "tempest-secgroup-smoke-1724797436"}], "OS-SRV-USG:terminated_at": null, "OS-EXT-AZ:availability_zone": "nova", "user_id": "e40cce356e424dc4bccaa9f6bcd7d02e", "name": "tempest.common.compute-instance-1352975196", "created": "2016-01-05T10:24:25Z", "tenant_id": "5323592183b6471f839e43c4cade21c8", "OS-DCF:diskConfig": "MANUAL", "os-extended-volumes:volumes_attached": [], "accessIPv4": "", "accessIPv6": "", "progress": 0, "OS-EXT-STS:power_state": 1, "config_drive": "True", "metadata": {}}}
2016-01-05 10:26:35,332 24611 INFO     [tempest_lib.common.rest_client] Request (TestNetworkBasicOps:_run_cleanups): 200 GET http://10.0.2.15:8774/v2.1/5323592183b6471f839e43c4cade21c8/servers/5b7b0aae-0837-410b-922c-7f40a40146a7 0.128s
2016-01-05 10:26:35,333 24611 DEBUG    [tempest_lib.common.rest_client] Request - Headers: {'Content-Type': 'application/json', 'Accept': 'application/json', 'X-Auth-Token': '&lt;omitted&gt;'}
        Body: None
    Response - Headers: {'status': '200', 'content-length': '1708', 'content-location': 'http://10.0.2.15:8774/v2.1/5323592183b6471f839e43c4cade21c8/servers/5b7b0aae-0837-410b-922c-7f40a40146a7', 'x-compute-request-id': 'req-cfd75292-8820-4f07-ad54-7b5c0b53946f', 'vary': 'X-OpenStack-Nova-API-Version', 'connection': 'close', 'x-openstack-nova-api-version': '2.1', 'date': 'Tue, 05 Jan 2016 10:26:35 GMT', 'content-type': 'application/json'}
        Body: {"server": {"status": "ACTIVE", "updated": "2016-01-05T10:26:34Z", "hostId": "1ef3943a88e7f9e82f2810d45172a55fc56485530d7cebe659974402", "addresses": {"tempest-network-smoke--2061310660": [{"OS-EXT-IPS-MAC:mac_addr": "fa:16:3e:37:ad:ea", "version": 4, "addr": "10.100.0.3", "OS-EXT-IPS:type": "fixed"}, {"OS-EXT-IPS-MAC:mac_addr": "fa:16:3e:37:ad:ea", "version": 4, "addr": "172.24.4.4", "OS-EXT-IPS:type": "floating"}]}, "links": [{"href": "http://10.0.2.15:8774/v2.1/5323592183b6471f839e43c4cade21c8/servers/5b7b0aae-0837-410b-922c-7f40a40146a7", "rel": "self"}, {"href": "http://10.0.2.15:8774/5323592183b6471f839e43c4cade21c8/servers/5b7b0aae-0837-410b-922c-7f40a40146a7", "rel": "bookmark"}], "key_name": "tempest-TestNetworkBasicOps-311673069", "image": {"id": "d39585b2-beb7-4cc8-a7f4-98d6ac50d6a3", "links": [{"href": "http://10.0.2.15:8774/5323592183b6471f839e43c4cade21c8/images/d39585b2-beb7-4cc8-a7f4-98d6ac50d6a3", "rel": "bookmark"}]}, "OS-EXT-STS:task_state": "deleting", "OS-EXT-STS:vm_state": "active", "OS-SRV-USG:launched_at": "2016-01-05T10:24:29.000000", "flavor": {"id": "42", "links": [{"href": "http://10.0.2.15:8774/5323592183b6471f839e43c4cade21c8/flavors/42", "rel": "bookmark"}]}, "id": "5b7b0aae-0837-410b-922c-7f40a40146a7", "OS-SRV-USG:terminated_at": null, "OS-EXT-AZ:availability_zone": "nova", "user_id": "e40cce356e424dc4bccaa9f6bcd7d02e", "name": "tempest.common.compute-instance-1352975196", "created": "2016-01-05T10:24:25Z", "tenant_id": "5323592183b6471f839e43c4cade21c8", "OS-DCF:diskConfig": "MANUAL", "os-extended-volumes:volumes_attached": [], "accessIPv4": "", "accessIPv6": "", "progress": 0, "OS-EXT-STS:power_state": 1, "config_drive": "True", "metadata": {}}}
2016-01-05 10:26:36,428 24611 INFO     [tempest_lib.common.rest_client] Request (TestNetworkBasicOps:_run_cleanups): 404 GET http://10.0.2.15:8774/v2.1/5323592183b6471f839e43c4cade21c8/servers/5b7b0aae-0837-410b-922c-7f40a40146a7 0.082s
2016-01-05 10:26:36,429 24611 DEBUG    [tempest_lib.common.rest_client] Request - Headers: {'Content-Type': 'application/json', 'Accept': 'application/json', 'X-Auth-Token': '&lt;omitted&gt;'}
        Body: None
    Response - Headers: {'status': '404', 'content-length': '111', 'x-compute-request-id': 'req-cc1ef133-9f96-4a42-a3b6-d63dbfa54900', 'vary': 'X-OpenStack-Nova-API-Version', 'connection': 'close', 'x-openstack-nova-api-version': '2.1', 'date': 'Tue, 05 Jan 2016 10:26:36 GMT', 'content-type': 'application/json; charset=UTF-8'}
        Body: {"itemNotFound": {"message": "Instance 5b7b0aae-0837-410b-922c-7f40a40146a7 could not be found.", "code": 404}}
2016-01-05 10:26:36,448 24611 INFO     [tempest_lib.common.rest_client] Request (TestNetworkBasicOps:_run_cleanups): 202 DELETE http://10.0.2.15:8774/v2.1/5323592183b6471f839e43c4cade21c8/os-keypairs/tempest-TestNetworkBasicOps-311673069 0.016s
2016-01-05 10:26:36,448 24611 DEBUG    [tempest_lib.common.rest_client] Request - Headers: {'Content-Type': 'application/json', 'Accept': 'application/json', 'X-Auth-Token': '&lt;omitted&gt;'}
        Body: None
    Response - Headers: {'status': '202', 'content-length': '0', 'x-compute-request-id': 'req-e2360d6f-9970-4bcc-ac61-1aa5a0709997', 'vary': 'X-OpenStack-Nova-API-Version', 'connection': 'close', 'x-openstack-nova-api-version': '2.1', 'date': 'Tue, 05 Jan 2016 10:26:36 GMT', 'content-type': 'application/json'}
        Body: 
2016-01-05 10:26:36,853 24611 INFO     [tempest_lib.common.rest_client] Request (TestNetworkBasicOps:_run_cleanups): 200 PUT http://10.0.2.15:9696/v2.0/routers/bb12a771-30fd-4465-a286-bfb6afb6c54f/remove_router_interface 0.404s
2016-01-05 10:26:36,854 24611 DEBUG    [tempest_lib.common.rest_client] Request - Headers: {'Content-Type': 'application/json', 'Accept': 'application/json', 'X-Auth-Token': '&lt;omitted&gt;'}
        Body: {"subnet_id": "97d5ee4f-5a6d-4484-b707-1f0a3cab6059"}
    Response - Headers: {'status': '200', 'content-length': '255', 'connection': 'close', 'date': 'Tue, 05 Jan 2016 10:26:36 GMT', 'content-type': 'application/json; charset=UTF-8', 'x-openstack-request-id': 'req-0d456733-216c-44ef-af55-b8b2fa6bb53c'}
        Body: {"subnet_id": "97d5ee4f-5a6d-4484-b707-1f0a3cab6059", "tenant_id": "5323592183b6471f839e43c4cade21c8", "subnet_ids": ["97d5ee4f-5a6d-4484-b707-1f0a3cab6059"], "port_id": "102db1c8-b439-4bff-8222-7fffb8c46ad2", "id": "bb12a771-30fd-4465-a286-bfb6afb6c54f"}
2016-01-05 10:26:37,349 24611 INFO     [tempest_lib.common.rest_client] Request (TestNetworkBasicOps:_run_cleanups): 204 DELETE http://10.0.2.15:9696/v2.0/subnets/97d5ee4f-5a6d-4484-b707-1f0a3cab6059 0.494s
2016-01-05 10:26:37,349 24611 DEBUG    [tempest_lib.common.rest_client] Request - Headers: {'Content-Type': 'application/json', 'Accept': 'application/json', 'X-Auth-Token': '&lt;omitted&gt;'}
        Body: None
    Response - Headers: {'date': 'Tue, 05 Jan 2016 10:26:37 GMT', 'status': '204', 'connection': 'close', 'content-length': '0', 'x-openstack-request-id': 'req-9a41e987-398a-4f1d-94cb-f897492fe114'}
        Body: 
2016-01-05 10:26:37,404 24611 INFO     [tempest_lib.common.rest_client] Request (TestNetworkBasicOps:_run_cleanups): 200 GET http://10.0.2.15:9696/v2.0/routers/bb12a771-30fd-4465-a286-bfb6afb6c54f 0.053s
2016-01-05 10:26:37,404 24611 DEBUG    [tempest_lib.common.rest_client] Request - Headers: {'Content-Type': 'application/json', 'Accept': 'application/json', 'X-Auth-Token': '&lt;omitted&gt;'}
        Body: None
    Response - Headers: {'status': '200', 'content-length': '563', 'content-location': 'http://10.0.2.15:9696/v2.0/routers/bb12a771-30fd-4465-a286-bfb6afb6c54f', 'connection': 'close', 'date': 'Tue, 05 Jan 2016 10:26:37 GMT', 'content-type': 'application/json; charset=UTF-8', 'x-openstack-request-id': 'req-7c87fe41-f193-414a-916c-f49a548157ce'}
        Body: {"router": {"status": "ACTIVE", "external_gateway_info": {"network_id": "d67c59e2-94d0-47c4-8e8c-62d50dde839a", "enable_snat": true, "external_fixed_ips": [{"subnet_id": "64a0b0a6-c832-4184-961b-10f8d28f9e81", "ip_address": "172.24.4.3"}, {"subnet_id": "6807a5b5-b059-4894-b549-439c8d780e4d", "ip_address": "2001:db8::4"}]}, "availability_zone_hints": [], "availability_zones": ["nova"], "name": "tempest-router-smoke-885957188", "admin_state_up": true, "tenant_id": "5323592183b6471f839e43c4cade21c8", "routes": [], "id": "bb12a771-30fd-4465-a286-bfb6afb6c54f"}}
2016-01-05 10:26:37,846 24611 INFO     [tempest_lib.common.rest_client] Request (TestNetworkBasicOps:_run_cleanups): 200 PUT http://10.0.2.15:9696/v2.0/routers/bb12a771-30fd-4465-a286-bfb6afb6c54f 0.441s
2016-01-05 10:26:37,848 24611 DEBUG    [tempest_lib.common.rest_client] Request - Headers: {'Content-Type': 'application/json', 'Accept': 'application/json', 'X-Auth-Token': '&lt;omitted&gt;'}
        Body: {"router": {"external_gateway_info": {}, "name": "tempest-router-smoke-885957188", "admin_state_up": true}}
    Response - Headers: {'status': '200', 'content-length': '301', 'connection': 'close', 'date': 'Tue, 05 Jan 2016 10:26:37 GMT', 'content-type': 'application/json; charset=UTF-8', 'x-openstack-request-id': 'req-040b1f9d-eace-413b-b0ac-5a6148a29094'}
        Body: {"router": {"status": "ACTIVE", "external_gateway_info": null, "availability_zone_hints": [], "availability_zones": ["nova"], "name": "tempest-router-smoke-885957188", "admin_state_up": true, "tenant_id": "5323592183b6471f839e43c4cade21c8", "routes": [], "id": "bb12a771-30fd-4465-a286-bfb6afb6c54f"}}
2016-01-05 10:26:38,176 24611 INFO     [tempest_lib.common.rest_client] Request (TestNetworkBasicOps:_run_cleanups): 204 DELETE http://10.0.2.15:9696/v2.0/routers/bb12a771-30fd-4465-a286-bfb6afb6c54f 0.327s
2016-01-05 10:26:38,177 24611 DEBUG    [tempest_lib.common.rest_client] Request - Headers: {'Content-Type': 'application/json', 'Accept': 'application/json', 'X-Auth-Token': '&lt;omitted&gt;'}
        Body: None
    Response - Headers: {'date': 'Tue, 05 Jan 2016 10:26:38 GMT', 'status': '204', 'connection': 'close', 'content-length': '0', 'x-openstack-request-id': 'req-bce6365e-39d5-43ca-bc3b-bab60e8c79e7'}
        Body: 
2016-01-05 10:26:38,391 24611 INFO     [tempest_lib.common.rest_client] Request (TestNetworkBasicOps:_run_cleanups): 204 DELETE http://10.0.2.15:9696/v2.0/networks/d43c2c9c-2151-4bdf-8e56-78d02314490d 0.214s
2016-01-05 10:26:38,392 24611 DEBUG    [tempest_lib.common.rest_client] Request - Headers: {'Content-Type': 'application/json', 'Accept': 'application/json', 'X-Auth-Token': '&lt;omitted&gt;'}
        Body: None
    Response - Headers: {'date': 'Tue, 05 Jan 2016 10:26:38 GMT', 'status': '204', 'connection': 'close', 'content-length': '0', 'x-openstack-request-id': 'req-ae004855-0ae9-47fa-82bd-87b089c9d8bd'}
        Body: 
2016-01-05 10:26:38,462 24611 INFO     [tempest_lib.common.rest_client] Request (TestNetworkBasicOps:_run_cleanups): 204 DELETE http://10.0.2.15:9696/v2.0/security-group-rules/99493e13-f2a6-44fe-8356-64e0965cdf63 0.069s
2016-01-05 10:26:38,463 24611 DEBUG    [tempest_lib.common.rest_client] Request - Headers: {'Content-Type': 'application/json', 'Accept': 'application/json', 'X-Auth-Token': '&lt;omitted&gt;'}
        Body: None
    Response - Headers: {'date': 'Tue, 05 Jan 2016 10:26:38 GMT', 'status': '204', 'connection': 'close', 'content-length': '0', 'x-openstack-request-id': 'req-cc9c9e56-3c93-4129-872c-bd27fd0b4028'}
        Body: 
2016-01-05 10:26:38,523 24611 INFO     [tempest_lib.common.rest_client] Request (TestNetworkBasicOps:_run_cleanups): 204 DELETE http://10.0.2.15:9696/v2.0/security-group-rules/ab58bf75-e4ef-4c3c-ada2-8d10ee7b42fa 0.059s
2016-01-05 10:26:38,524 24611 DEBUG    [tempest_lib.common.rest_client] Request - Headers: {'Content-Type': 'application/json', 'Accept': 'application/json', 'X-Auth-Token': '&lt;omitted&gt;'}
        Body: None
    Response - Headers: {'date': 'Tue, 05 Jan 2016 10:26:38 GMT', 'status': '204', 'connection': 'close', 'content-length': '0', 'x-openstack-request-id': 'req-95ad00e0-c51e-44ce-9221-0d6295444539'}
        Body: 
2016-01-05 10:26:38,578 24611 INFO     [tempest_lib.common.rest_client] Request (TestNetworkBasicOps:_run_cleanups): 204 DELETE http://10.0.2.15:9696/v2.0/security-group-rules/b80864f2-d1be-47fc-910c-9344cd6b9b51 0.054s
2016-01-05 10:26:38,579 24611 DEBUG    [tempest_lib.common.rest_client] Request - Headers: {'Content-Type': 'application/json', 'Accept': 'application/json', 'X-Auth-Token': '&lt;omitted&gt;'}
        Body: None
