<?xml version="1.0" encoding="UTF-8"?>
<!DOCTYPE html PUBLIC "-//W3C//DTD XHTML 1.0 Strict//EN"
     "http://www.w3.org/TR/xhtml1/DTD/xhtml1-strict.dtd">
<html xmlns="http://www.w3.org/1999/xhtml">
<head>
    <title>Unit Test Report</title>
    <meta name="generator" content="subunit2html 0.1"/>
    <meta http-equiv="Content-Type" content="text/html; charset=UTF-8"/>
    
<style type="text/css" media="screen">
body        { font-family: verdana, arial, helvetica, sans-serif;
    font-size: 80%; }
table       { font-size: 100%; width: 100%;}
pre         { font-size: 80%; }

/* -- heading -------------------------------------------------------------- */
h1 {
        font-size: 16pt;
        color: gray;
}
.heading {
    margin-top: 0ex;
    margin-bottom: 1ex;
}

.heading .attribute {
    margin-top: 1ex;
    margin-bottom: 0;
}

.heading .description {
    margin-top: 4ex;
    margin-bottom: 6ex;
}

/* -- css div popup -------------------------------------------------------- */
a.popup_link {
}

a.popup_link:hover {
    color: red;
}

.popup_window {
    display: none;
    overflow-x: scroll;
    /*border: solid #627173 1px; */
    padding: 10px;
    background-color: #E6E6D6;
    font-family: "Ubuntu Mono", "Lucida Console", "Courier New", monospace;
    text-align: left;
    font-size: 8pt;
}

}
/* -- report --------------------------------------------------------------- */
#show_detail_line {
    margin-top: 3ex;
    margin-bottom: 1ex;
}
#result_table {
    width: 100%;
    border-collapse: collapse;
    border: 1px solid #777;
}
#header_row {
    font-weight: bold;
    color: white;
    background-color: #777;
}
#result_table td {
    border: 1px solid #777;
    padding: 2px;
}
#total_row  { font-weight: bold; }
.passClass  { background-color: #6c6; }
.failClass  { background-color: #c60; }
.errorClass { background-color: #c00; }
.passCase   { color: #6c6; }
.failCase   { color: #c60; font-weight: bold; }
.errorCase  { color: #c00; font-weight: bold; }
.hiddenRow  { display: none; }
.testcase   { margin-left: 2em; }
td.testname {width: 40%}
td.small {width: 40px}

/* -- ending --------------------------------------------------------------- */
#ending {
}

</style>

</head>
<body>
<script language="javascript" type="text/javascript"><!--
output_list = Array();

/* level - 0:Summary; 1:Failed; 2:All */
function showCase(level) {
    trs = document.getElementsByTagName("tr");
    for (var i = 0; i < trs.length; i++) {
        tr = trs[i];
        id = tr.id;
        if (id.substr(0,2) == 'ft') {
            if (level < 1) {
                tr.className = 'hiddenRow';
            }
            else {
                tr.className = '';
            }
        }
        if (id.substr(0,2) == 'pt') {
            if (level > 1) {
                tr.className = '';
            }
            else {
                tr.className = 'hiddenRow';
            }
        }
    }
}


function showClassDetail(cid, count) {
    var id_list = Array(count);
    var toHide = 1;
    for (var i = 0; i < count; i++) {
        tid0 = 't' + cid.substr(1) + '.' + (i+1);
        tid = 'f' + tid0;
        tr = document.getElementById(tid);
        if (!tr) {
            tid = 'p' + tid0;
            tr = document.getElementById(tid);
        }
        id_list[i] = tid;
        if (tr.className) {
            toHide = 0;
        }
    }
    for (var i = 0; i < count; i++) {
        tid = id_list[i];
        if (toHide) {
            document.getElementById('div_'+tid).style.display = 'none'
            document.getElementById(tid).className = 'hiddenRow';
        }
        else {
            document.getElementById(tid).className = '';
        }
    }
}


function showTestDetail(div_id){
    var details_div = document.getElementById(div_id)
    var displayState = details_div.style.display
    // alert(displayState)
    if (displayState != 'block' ) {
        displayState = 'block'
        details_div.style.display = 'block'
    }
    else {
        details_div.style.display = 'none'
    }
}


function html_escape(s) {
    s = s.replace(/&/g,'&amp;');
    s = s.replace(/</g,'&lt;');
    s = s.replace(/>/g,'&gt;');
    return s;
}

/* obsoleted by detail in <div>
function showOutput(id, name) {
    var w = window.open("", //url
                    name,
                    "resizable,scrollbars,status,width=800,height=450");
    d = w.document;
    d.write("<pre>");
    d.write(html_escape(output_list[id]));
    d.write("\n");
    d.write("<a href='javascript:window.close()'>close</a>\n");
    d.write("</pre>\n");
    d.close();
}
*/
--></script>

<div class='heading'>
<h1>Unit Test Report</h1>

<p class='attribute'><strong>Status:</strong> Pass 1 Failure 7 Skip 1</p>

<p class='description'></p>
</div>



<p id='show_detail_line'>Show
<a href='javascript:showCase(0)'>Summary</a>
<a href='javascript:showCase(1)'>Failed</a>
<a href='javascript:showCase(2)'>All</a>
</p>
<table id='result_table'>
<colgroup>
<col align='left' />
<col align='right' />
<col align='right' />
<col align='right' />
<col align='right' />
<col align='right' />
<col align='right' />
<col align='right' />
</colgroup>
<tr id='header_row'>
    <td>Test Group/Test case</td>
    <td>Count</td>
    <td>Pass</td>
    <td>Fail</td>
    <td>Error</td>
    <td>Skip</td>
    <td>View</td>
    <td> </td>
</tr>

<tr class='failClass'>
    <td class="testname">tempest.scenario.test_network_basic_ops.TestNetworkBasicOps</td>
    <td class="small">9</td>
    <td class="small">1</td>
    <td class="small">7</td>
    <td class="small">0</td>
    <td class="small">1</td>
    <td class="small"><a href="javascript:showClassDetail('c1',9)"
>Detail</a></td>
    <td> </td>
</tr>

<tr id='ft1.1' class='none'>
    <td class='failCase'><div class='testcase'>test_connectivity_between_vms_on_different_networks[compute,id-1546850e-fbaa-42f5-8b5f-03d8a6a95f15,network]</div></td>
    <td colspan='7' align='left'>

    <!--css div popup start-->
    <a class="popup_link" onfocus='this.blur();'
    href="javascript:showTestDetail('div_ft1.1')" >
        fail</a>

    <div id='div_ft1.1' class="popup_window">
        <div style='text-align: right; color:red;cursor:pointer'>
        <a onfocus='this.blur();'
onclick="document.getElementById('div_ft1.1').style.display = 'none' " >
           [x]</a>
        </div>
        <pre>
        
ft1.1: tempest.scenario.test_network_basic_ops.TestNetworkBasicOps.test_connectivity_between_vms_on_different_networks[compute,id-1546850e-fbaa-42f5-8b5f-03d8a6a95f15,network]_StringException: Empty attachments:
  stderr
  stdout

pythonlogging:'': {{{
2016-01-08 15:34:47,650 4737 INFO     [tempest_lib.common.rest_client] Request (TestNetworkBasicOps:test_connectivity_between_vms_on_different_networks): 201 POST http://10.0.2.15:9696/v2.0/security-groups 0.373s
2016-01-08 15:34:47,651 4737 DEBUG    [tempest_lib.common.rest_client] Request - Headers: {'Content-Type': 'application/json', 'Accept': 'application/json', 'X-Auth-Token': '&lt;omitted&gt;'}
        Body: {"security_group": {"tenant_id": "fa627339b36e4f19ab8f2fdb07218f88", "description": "tempest-secgroup-smoke-1251553536 description", "name": "tempest-secgroup-smoke-1251553536"}}
    Response - Headers: {'status': '201', 'content-length': '888', 'connection': 'close', 'date': 'Fri, 08 Jan 2016 15:34:47 GMT', 'content-type': 'application/json; charset=UTF-8', 'x-openstack-request-id': 'req-0b7fde53-30e8-4c36-8edd-f8b2b5c50d0c'}
        Body: {"security_group": {"tenant_id": "fa627339b36e4f19ab8f2fdb07218f88", "description": "tempest-secgroup-smoke-1251553536 description", "id": "47b79ac8-f36f-446f-b7cc-073ba743e7c8", "security_group_rules": [{"remote_group_id": null, "direction": "egress", "remote_ip_prefix": null, "protocol": null, "ethertype": "IPv4", "tenant_id": "fa627339b36e4f19ab8f2fdb07218f88", "port_range_max": null, "port_range_min": null, "id": "a7da4db4-0eb1-4bf3-b663-0dc168b9b821", "security_group_id": "47b79ac8-f36f-446f-b7cc-073ba743e7c8"}, {"remote_group_id": null, "direction": "egress", "remote_ip_prefix": null, "protocol": null, "ethertype": "IPv6", "tenant_id": "fa627339b36e4f19ab8f2fdb07218f88", "port_range_max": null, "port_range_min": null, "id": "1191ffa8-11a5-43c3-9acd-4f4940e043db", "security_group_id": "47b79ac8-f36f-446f-b7cc-073ba743e7c8"}], "name": "tempest-secgroup-smoke-1251553536"}}
2016-01-08 15:34:47,768 4737 INFO     [tempest_lib.common.rest_client] Request (TestNetworkBasicOps:test_connectivity_between_vms_on_different_networks): 201 POST http://10.0.2.15:9696/v2.0/security-group-rules 0.115s
2016-01-08 15:34:47,768 4737 DEBUG    [tempest_lib.common.rest_client] Request - Headers: {'Content-Type': 'application/json', 'Accept': 'application/json', 'X-Auth-Token': '&lt;omitted&gt;'}
        Body: {"security_group_rule": {"direction": "ingress", "protocol": "tcp", "tenant_id": "fa627339b36e4f19ab8f2fdb07218f88", "port_range_max": 22, "security_group_id": "47b79ac8-f36f-446f-b7cc-073ba743e7c8", "port_range_min": 22}}
    Response - Headers: {'status': '201', 'content-length': '340', 'connection': 'close', 'date': 'Fri, 08 Jan 2016 15:34:47 GMT', 'content-type': 'application/json; charset=UTF-8', 'x-openstack-request-id': 'req-fc1da236-c648-4dc3-a099-b91873325d88'}
        Body: {"security_group_rule": {"remote_group_id": null, "direction": "ingress", "remote_ip_prefix": null, "protocol": "tcp", "ethertype": "IPv4", "tenant_id": "fa627339b36e4f19ab8f2fdb07218f88", "port_range_max": 22, "port_range_min": 22, "id": "c17b6c11-5a2a-45b2-809d-79db0b3b1234", "security_group_id": "47b79ac8-f36f-446f-b7cc-073ba743e7c8"}}
2016-01-08 15:34:47,885 4737 INFO     [tempest_lib.common.rest_client] Request (TestNetworkBasicOps:test_connectivity_between_vms_on_different_networks): 201 POST http://10.0.2.15:9696/v2.0/security-group-rules 0.116s
2016-01-08 15:34:47,886 4737 DEBUG    [tempest_lib.common.rest_client] Request - Headers: {'Content-Type': 'application/json', 'Accept': 'application/json', 'X-Auth-Token': '&lt;omitted&gt;'}
        Body: {"security_group_rule": {"direction": "egress", "protocol": "tcp", "tenant_id": "fa627339b36e4f19ab8f2fdb07218f88", "port_range_max": 22, "security_group_id": "47b79ac8-f36f-446f-b7cc-073ba743e7c8", "port_range_min": 22}}
    Response - Headers: {'status': '201', 'content-length': '339', 'connection': 'close', 'date': 'Fri, 08 Jan 2016 15:34:47 GMT', 'content-type': 'application/json; charset=UTF-8', 'x-openstack-request-id': 'req-cd62a567-9b2b-455f-aa34-1708faef124e'}
        Body: {"security_group_rule": {"remote_group_id": null, "direction": "egress", "remote_ip_prefix": null, "protocol": "tcp", "ethertype": "IPv4", "tenant_id": "fa627339b36e4f19ab8f2fdb07218f88", "port_range_max": 22, "port_range_min": 22, "id": "129be81a-9f3c-493a-9da5-e7682de8f5fe", "security_group_id": "47b79ac8-f36f-446f-b7cc-073ba743e7c8"}}
2016-01-08 15:34:48,142 4737 INFO     [tempest_lib.common.rest_client] Request (TestNetworkBasicOps:test_connectivity_between_vms_on_different_networks): 201 POST http://10.0.2.15:9696/v2.0/security-group-rules 0.254s
2016-01-08 15:34:48,143 4737 DEBUG    [tempest_lib.common.rest_client] Request - Headers: {'Content-Type': 'application/json', 'Accept': 'application/json', 'X-Auth-Token': '&lt;omitted&gt;'}
        Body: {"security_group_rule": {"tenant_id": "fa627339b36e4f19ab8f2fdb07218f88", "direction": "ingress", "protocol": "icmp", "security_group_id": "47b79ac8-f36f-446f-b7cc-073ba743e7c8"}}
    Response - Headers: {'status': '201', 'content-length': '345', 'connection': 'close', 'date': 'Fri, 08 Jan 2016 15:34:48 GMT', 'content-type': 'application/json; charset=UTF-8', 'x-openstack-request-id': 'req-ed213633-5173-4a21-a4cd-d2d0ac673f72'}
        Body: {"security_group_rule": {"remote_group_id": null, "direction": "ingress", "remote_ip_prefix": null, "protocol": "icmp", "ethertype": "IPv4", "tenant_id": "fa627339b36e4f19ab8f2fdb07218f88", "port_range_max": null, "port_range_min": null, "id": "86f7e8be-a388-4642-95fa-cb83a9a9d715", "security_group_id": "47b79ac8-f36f-446f-b7cc-073ba743e7c8"}}
2016-01-08 15:34:48,244 4737 INFO     [tempest_lib.common.rest_client] Request (TestNetworkBasicOps:test_connectivity_between_vms_on_different_networks): 201 POST http://10.0.2.15:9696/v2.0/security-group-rules 0.100s
2016-01-08 15:34:48,245 4737 DEBUG    [tempest_lib.common.rest_client] Request - Headers: {'Content-Type': 'application/json', 'Accept': 'application/json', 'X-Auth-Token': '&lt;omitted&gt;'}
        Body: {"security_group_rule": {"tenant_id": "fa627339b36e4f19ab8f2fdb07218f88", "direction": "egress", "protocol": "icmp", "security_group_id": "47b79ac8-f36f-446f-b7cc-073ba743e7c8"}}
    Response - Headers: {'status': '201', 'content-length': '344', 'connection': 'close', 'date': 'Fri, 08 Jan 2016 15:34:48 GMT', 'content-type': 'application/json; charset=UTF-8', 'x-openstack-request-id': 'req-1938b0f7-20d1-4dcc-974f-ec2b9a433007'}
        Body: {"security_group_rule": {"remote_group_id": null, "direction": "egress", "remote_ip_prefix": null, "protocol": "icmp", "ethertype": "IPv4", "tenant_id": "fa627339b36e4f19ab8f2fdb07218f88", "port_range_max": null, "port_range_min": null, "id": "6dcd2326-0cd1-460d-8b31-eccf6ed078b0", "security_group_id": "47b79ac8-f36f-446f-b7cc-073ba743e7c8"}}
2016-01-08 15:34:48,368 4737 INFO     [tempest_lib.common.rest_client] Request (TestNetworkBasicOps:test_connectivity_between_vms_on_different_networks): 201 POST http://10.0.2.15:9696/v2.0/security-group-rules 0.122s
2016-01-08 15:34:48,369 4737 DEBUG    [tempest_lib.common.rest_client] Request - Headers: {'Content-Type': 'application/json', 'Accept': 'application/json', 'X-Auth-Token': '&lt;omitted&gt;'}
        Body: {"security_group_rule": {"tenant_id": "fa627339b36e4f19ab8f2fdb07218f88", "direction": "ingress", "security_group_id": "47b79ac8-f36f-446f-b7cc-073ba743e7c8", "protocol": "icmp", "ethertype": "IPv6"}}
    Response - Headers: {'status': '201', 'content-length': '345', 'connection': 'close', 'date': 'Fri, 08 Jan 2016 15:34:48 GMT', 'content-type': 'application/json; charset=UTF-8', 'x-openstack-request-id': 'req-d4076c93-177e-44cb-9a75-6a78ade18dc3'}
        Body: {"security_group_rule": {"remote_group_id": null, "direction": "ingress", "remote_ip_prefix": null, "protocol": "icmp", "ethertype": "IPv6", "tenant_id": "fa627339b36e4f19ab8f2fdb07218f88", "port_range_max": null, "port_range_min": null, "id": "43d35747-1f0d-4d96-911b-6d27e2ed0f25", "security_group_id": "47b79ac8-f36f-446f-b7cc-073ba743e7c8"}}
2016-01-08 15:34:48,496 4737 INFO     [tempest_lib.common.rest_client] Request (TestNetworkBasicOps:test_connectivity_between_vms_on_different_networks): 201 POST http://10.0.2.15:9696/v2.0/security-group-rules 0.125s
2016-01-08 15:34:48,496 4737 DEBUG    [tempest_lib.common.rest_client] Request - Headers: {'Content-Type': 'application/json', 'Accept': 'application/json', 'X-Auth-Token': '&lt;omitted&gt;'}
        Body: {"security_group_rule": {"tenant_id": "fa627339b36e4f19ab8f2fdb07218f88", "direction": "egress", "security_group_id": "47b79ac8-f36f-446f-b7cc-073ba743e7c8", "protocol": "icmp", "ethertype": "IPv6"}}
    Response - Headers: {'status': '201', 'content-length': '344', 'connection': 'close', 'date': 'Fri, 08 Jan 2016 15:34:48 GMT', 'content-type': 'application/json; charset=UTF-8', 'x-openstack-request-id': 'req-28e7eb66-5375-4c68-8a19-16c7656ef674'}
        Body: {"security_group_rule": {"remote_group_id": null, "direction": "egress", "remote_ip_prefix": null, "protocol": "icmp", "ethertype": "IPv6", "tenant_id": "fa627339b36e4f19ab8f2fdb07218f88", "port_range_max": null, "port_range_min": null, "id": "59b58d0f-105f-4bcf-b033-15e99b83c387", "security_group_id": "47b79ac8-f36f-446f-b7cc-073ba743e7c8"}}
2016-01-08 15:34:48,681 4737 INFO     [tempest_lib.common.rest_client] Request (TestNetworkBasicOps:test_connectivity_between_vms_on_different_networks): 201 POST http://10.0.2.15:9696/v2.0/networks 0.184s
2016-01-08 15:34:48,682 4737 DEBUG    [tempest_lib.common.rest_client] Request - Headers: {'Content-Type': 'application/json', 'Accept': 'application/json', 'X-Auth-Token': '&lt;omitted&gt;'}
        Body: {"network": {"tenant_id": "fa627339b36e4f19ab8f2fdb07218f88", "name": "tempest-network-smoke--1367176336"}}
    Response - Headers: {'status': '201', 'content-length': '327', 'connection': 'close', 'date': 'Fri, 08 Jan 2016 15:34:48 GMT', 'content-type': 'application/json; charset=UTF-8', 'x-openstack-request-id': 'req-df05dcdb-8834-407c-808c-1e65a853aa81'}
        Body: {"network": {"status": "ACTIVE", "subnets": [], "availability_zone_hints": [], "name": "tempest-network-smoke--1367176336", "admin_state_up": true, "tenant_id": "fa627339b36e4f19ab8f2fdb07218f88", "mtu": 0, "router:external": false, "shared": false, "port_security_enabled": true, "id": "ff679329-daec-4c7c-86b4-1d99581f0d53"}}
2016-01-08 15:34:48,782 4737 INFO     [tempest_lib.common.rest_client] Request (TestNetworkBasicOps:test_connectivity_between_vms_on_different_networks): 201 POST http://10.0.2.15:9696/v2.0/routers 0.098s
2016-01-08 15:34:48,782 4737 DEBUG    [tempest_lib.common.rest_client] Request - Headers: {'Content-Type': 'application/json', 'Accept': 'application/json', 'X-Auth-Token': '&lt;omitted&gt;'}
        Body: {"router": {"tenant_id": "fa627339b36e4f19ab8f2fdb07218f88", "name": "tempest-router-smoke-1451512138", "admin_state_up": true}}
    Response - Headers: {'status': '201', 'content-length': '296', 'connection': 'close', 'date': 'Fri, 08 Jan 2016 15:34:48 GMT', 'content-type': 'application/json; charset=UTF-8', 'x-openstack-request-id': 'req-2cb68973-8c3f-44d3-8ab1-3ce7f0653f2e'}
        Body: {"router": {"status": "ACTIVE", "external_gateway_info": null, "availability_zone_hints": [], "availability_zones": [], "name": "tempest-router-smoke-1451512138", "admin_state_up": true, "tenant_id": "fa627339b36e4f19ab8f2fdb07218f88", "routes": [], "id": "ae2e03f0-796d-461e-bb98-4f028a988e7e"}}
2016-01-08 15:34:48,835 4737 INFO     [tempest_lib.common.rest_client] Request (TestNetworkBasicOps:test_connectivity_between_vms_on_different_networks): 200 GET http://10.0.2.15:9696/v2.0/routers/ae2e03f0-796d-461e-bb98-4f028a988e7e 0.052s
2016-01-08 15:34:48,836 4737 DEBUG    [tempest_lib.common.rest_client] Request - Headers: {'Content-Type': 'application/json', 'Accept': 'application/json', 'X-Auth-Token': '&lt;omitted&gt;'}
        Body: None
    Response - Headers: {'status': '200', 'content-length': '296', 'content-location': 'http://10.0.2.15:9696/v2.0/routers/ae2e03f0-796d-461e-bb98-4f028a988e7e', 'connection': 'close', 'date': 'Fri, 08 Jan 2016 15:34:48 GMT', 'content-type': 'application/json; charset=UTF-8', 'x-openstack-request-id': 'req-73d577f5-7163-404e-b6ac-48506befa105'}
        Body: {"router": {"status": "ACTIVE", "external_gateway_info": null, "availability_zone_hints": [], "availability_zones": [], "name": "tempest-router-smoke-1451512138", "admin_state_up": true, "tenant_id": "fa627339b36e4f19ab8f2fdb07218f88", "routes": [], "id": "ae2e03f0-796d-461e-bb98-4f028a988e7e"}}
2016-01-08 15:34:49,652 4737 INFO     [tempest_lib.common.rest_client] Request (TestNetworkBasicOps:test_connectivity_between_vms_on_different_networks): 200 PUT http://10.0.2.15:9696/v2.0/routers/ae2e03f0-796d-461e-bb98-4f028a988e7e 0.815s
2016-01-08 15:34:49,652 4737 DEBUG    [tempest_lib.common.rest_client] Request - Headers: {'Content-Type': 'application/json', 'Accept': 'application/json', 'X-Auth-Token': '&lt;omitted&gt;'}
        Body: {"router": {"external_gateway_info": {"network_id": "ae0b7966-17bd-40a0-bd51-1e4fc52edec8"}, "name": "tempest-router-smoke-1451512138", "admin_state_up": true}}
    Response - Headers: {'status': '200', 'content-length': '558', 'connection': 'close', 'date': 'Fri, 08 Jan 2016 15:34:49 GMT', 'content-type': 'application/json; charset=UTF-8', 'x-openstack-request-id': 'req-deaa8df4-2623-47ed-9977-0e142ec9cc80'}
        Body: {"router": {"status": "ACTIVE", "external_gateway_info": {"network_id": "ae0b7966-17bd-40a0-bd51-1e4fc52edec8", "enable_snat": true, "external_fixed_ips": [{"subnet_id": "8563b5f5-67c1-44e1-a4ee-00c9208daa82", "ip_address": "172.24.4.3"}, {"subnet_id": "2627a347-2e3d-4d25-bc0a-16ebd300c9cc", "ip_address": "2001:db8::3"}]}, "availability_zone_hints": [], "availability_zones": [], "name": "tempest-router-smoke-1451512138", "admin_state_up": true, "tenant_id": "fa627339b36e4f19ab8f2fdb07218f88", "routes": [], "id": "ae2e03f0-796d-461e-bb98-4f028a988e7e"}}
2016-01-08 15:34:49,830 4737 INFO     [tempest_lib.common.rest_client] Request (TestNetworkBasicOps:test_connectivity_between_vms_on_different_networks): 200 GET http://10.0.2.15:9696/v2.0/subnets?tenant_id=fa627339b36e4f19ab8f2fdb07218f88&amp;cidr=10.100.0.0%2F28 0.176s
2016-01-08 15:34:49,831 4737 DEBUG    [tempest_lib.common.rest_client] Request - Headers: {'Content-Type': 'application/json', 'Accept': 'application/json', 'X-Auth-Token': '&lt;omitted&gt;'}
        Body: None
    Response - Headers: {'status': '200', 'content-length': '15', 'content-location': 'http://10.0.2.15:9696/v2.0/subnets?tenant_id=fa627339b36e4f19ab8f2fdb07218f88&amp;cidr=10.100.0.0%2F28', 'connection': 'close', 'date': 'Fri, 08 Jan 2016 15:34:49 GMT', 'content-type': 'application/json; charset=UTF-8', 'x-openstack-request-id': 'req-047c1dd1-01af-4fd9-9b7d-4726b53f3fba'}
        Body: {"subnets": []}
2016-01-08 15:34:50,200 4737 INFO     [tempest_lib.common.rest_client] Request (TestNetworkBasicOps:test_connectivity_between_vms_on_different_networks): 201 POST http://10.0.2.15:9696/v2.0/subnets 0.368s
2016-01-08 15:34:50,200 4737 DEBUG    [tempest_lib.common.rest_client] Request - Headers: {'Content-Type': 'application/json', 'Accept': 'application/json', 'X-Auth-Token': '&lt;omitted&gt;'}
        Body: {"subnet": {"ip_version": 4, "tenant_id": "fa627339b36e4f19ab8f2fdb07218f88", "cidr": "10.100.0.0/28", "network_id": "ff679329-daec-4c7c-86b4-1d99581f0d53", "name": "tempest-subnet-smoke-2005571083"}}
    Response - Headers: {'status': '201', 'content-length': '478', 'connection': 'close', 'date': 'Fri, 08 Jan 2016 15:34:50 GMT', 'content-type': 'application/json; charset=UTF-8', 'x-openstack-request-id': 'req-5ba0a283-6a5f-4984-882d-d3b797dad75d'}
        Body: {"subnet": {"name": "tempest-subnet-smoke-2005571083", "enable_dhcp": true, "network_id": "ff679329-daec-4c7c-86b4-1d99581f0d53", "tenant_id": "fa627339b36e4f19ab8f2fdb07218f88", "dns_nameservers": [], "gateway_ip": "10.100.0.1", "ipv6_ra_mode": null, "allocation_pools": [{"start": "10.100.0.2", "end": "10.100.0.14"}], "host_routes": [], "ip_version": 4, "ipv6_address_mode": null, "cidr": "10.100.0.0/28", "id": "024ed9dc-37cb-415f-886a-c42421309108", "subnetpool_id": null}}
2016-01-08 15:34:50,819 4737 INFO     [tempest_lib.common.rest_client] Request (TestNetworkBasicOps:test_connectivity_between_vms_on_different_networks): 200 PUT http://10.0.2.15:9696/v2.0/routers/ae2e03f0-796d-461e-bb98-4f028a988e7e/add_router_interface 0.617s
2016-01-08 15:34:50,819 4737 DEBUG    [tempest_lib.common.rest_client] Request - Headers: {'Content-Type': 'application/json', 'Accept': 'application/json', 'X-Auth-Token': '&lt;omitted&gt;'}
        Body: {"subnet_id": "024ed9dc-37cb-415f-886a-c42421309108"}
    Response - Headers: {'status': '200', 'content-length': '255', 'connection': 'close', 'date': 'Fri, 08 Jan 2016 15:34:50 GMT', 'content-type': 'application/json; charset=UTF-8', 'x-openstack-request-id': 'req-aaba0930-213b-49c6-979b-35ed24cbd24f'}
        Body: {"subnet_id": "024ed9dc-37cb-415f-886a-c42421309108", "tenant_id": "fa627339b36e4f19ab8f2fdb07218f88", "subnet_ids": ["024ed9dc-37cb-415f-886a-c42421309108"], "port_id": "9c15bcb3-9c19-4b7f-ac6a-61439686d32a", "id": "ae2e03f0-796d-461e-bb98-4f028a988e7e"}
2016-01-08 15:34:51,032 4737 INFO     [tempest_lib.common.rest_client] Request (TestNetworkBasicOps:test_connectivity_between_vms_on_different_networks): 200 GET http://10.0.2.15:9696/v2.0/networks 0.212s
2016-01-08 15:34:51,033 4737 DEBUG    [tempest_lib.common.rest_client] Request - Headers: {'Content-Type': 'application/json', 'Accept': 'application/json', 'X-Auth-Token': '&lt;omitted&gt;'}
        Body: None
    Response - Headers: {'status': '200', 'content-length': '1507', 'content-location': 'http://10.0.2.15:9696/v2.0/networks', 'connection': 'close', 'date': 'Fri, 08 Jan 2016 15:34:51 GMT', 'content-type': 'application/json; charset=UTF-8', 'x-openstack-request-id': 'req-89815935-41d4-4b8e-8759-9a46ea6c9ad2'}
        Body: {"networks": [{"status": "ACTIVE", "subnets": ["2b5f7cb6-c256-46a6-a1d4-91c8d4cfcbed", "0fd254ff-890c-4b13-894a-3ca0c0a1af07"], "availability_zone_hints": [], "availability_zones": ["nova"], "name": "private", "provider:physical_network": null, "admin_state_up": true, "tenant_id": "37cbee3a315240eba1dfe889a875ca50", "mtu": 0, "router:external": false, "shared": false, "port_security_enabled": true, "provider:network_type": "vxlan", "id": "b18ed15a-2bcf-464f-be9c-834804a95b19", "provider:segmentation_id": 1017}, {"status": "ACTIVE", "subnets": ["2627a347-2e3d-4d25-bc0a-16ebd300c9cc", "8563b5f5-67c1-44e1-a4ee-00c9208daa82"], "availability_zone_hints": [], "availability_zones": ["nova"], "name": "public", "provider:physical_network": null, "admin_state_up": true, "tenant_id": "0f58d96e57ac4857857fc72b3e44d2bc", "mtu": 0, "router:external": true, "shared": false, "port_security_enabled": true, "provider:network_type": "vxlan", "id": "ae0b7966-17bd-40a0-bd51-1e4fc52edec8", "provider:segmentation_id": 1095}, {"status": "ACTIVE", "subnets": ["024ed9dc-37cb-415f-886a-c42421309108"], "availability_zone_hints": [], "availability_zones": ["nova"], "name": "tempest-network-smoke--1367176336", "provider:physical_network": null, "admin_state_up": true, "tenant_id": "fa627339b36e4f19ab8f2fdb07218f88", "mtu": 0, "router:external": false, "shared": false, "port_security_enabled": true, "provider:network_type": "vxlan", "id": "ff679329-daec-4c7c-86b4-1d99581f0d53", "provider:segmentation_id": 1067}]}
2016-01-08 15:34:51,090 4737 INFO     [tempest_lib.common.rest_client] Request (TestNetworkBasicOps:test_connectivity_between_vms_on_different_networks): 200 GET http://10.0.2.15:9696/v2.0/subnets 0.056s
2016-01-08 15:34:51,090 4737 DEBUG    [tempest_lib.common.rest_client] Request - Headers: {'Content-Type': 'application/json', 'Accept': 'application/json', 'X-Auth-Token': '&lt;omitted&gt;'}
        Body: None
    Response - Headers: {'status': '200', 'content-length': '2408', 'content-location': 'http://10.0.2.15:9696/v2.0/subnets', 'connection': 'close', 'date': 'Fri, 08 Jan 2016 15:34:51 GMT', 'content-type': 'application/json; charset=UTF-8', 'x-openstack-request-id': 'req-a9acb5e4-3cfb-4174-a270-3e634785e05c'}
        Body: {"subnets": [{"name": "private-subnet", "enable_dhcp": true, "network_id": "b18ed15a-2bcf-464f-be9c-834804a95b19", "tenant_id": "37cbee3a315240eba1dfe889a875ca50", "dns_nameservers": [], "gateway_ip": "10.0.0.1", "ipv6_ra_mode": null, "allocation_pools": [{"start": "10.0.0.2", "end": "10.0.0.254"}], "host_routes": [], "ip_version": 4, "ipv6_address_mode": null, "cidr": "10.0.0.0/24", "id": "2b5f7cb6-c256-46a6-a1d4-91c8d4cfcbed", "subnetpool_id": null}, {"name": "tempest-subnet-smoke-2005571083", "enable_dhcp": true, "network_id": "ff679329-daec-4c7c-86b4-1d99581f0d53", "tenant_id": "fa627339b36e4f19ab8f2fdb07218f88", "dns_nameservers": [], "gateway_ip": "10.100.0.1", "ipv6_ra_mode": null, "allocation_pools": [{"start": "10.100.0.2", "end": "10.100.0.14"}], "host_routes": [], "ip_version": 4, "ipv6_address_mode": null, "cidr": "10.100.0.0/28", "id": "024ed9dc-37cb-415f-886a-c42421309108", "subnetpool_id": null}, {"name": "public-subnet", "enable_dhcp": false, "network_id": "ae0b7966-17bd-40a0-bd51-1e4fc52edec8", "tenant_id": "0f58d96e57ac4857857fc72b3e44d2bc", "dns_nameservers": [], "gateway_ip": "172.24.4.1", "ipv6_ra_mode": null, "allocation_pools": [{"start": "172.24.4.2", "end": "172.24.4.254"}], "host_routes": [], "ip_version": 4, "ipv6_address_mode": null, "cidr": "172.24.4.0/24", "id": "8563b5f5-67c1-44e1-a4ee-00c9208daa82", "subnetpool_id": null}, {"name": "ipv6-public-subnet", "enable_dhcp": false, "network_id": "ae0b7966-17bd-40a0-bd51-1e4fc52edec8", "tenant_id": "0f58d96e57ac4857857fc72b3e44d2bc", "dns_nameservers": [], "gateway_ip": "2001:db8::2", "ipv6_ra_mode": null, "allocation_pools": [{"start": "2001:db8::3", "end": "2001:db8::ffff:ffff:ffff:ffff"}, {"start": "2001:db8::1", "end": "2001:db8::1"}], "host_routes": [], "ip_version": 6, "ipv6_address_mode": null, "cidr": "2001:db8::/64", "id": "2627a347-2e3d-4d25-bc0a-16ebd300c9cc", "subnetpool_id": null}, {"name": "ipv6-private-subnet", "enable_dhcp": true, "network_id": "b18ed15a-2bcf-464f-be9c-834804a95b19", "tenant_id": "37cbee3a315240eba1dfe889a875ca50", "dns_nameservers": [], "gateway_ip": "fdb6:126a:ce37::1", "ipv6_ra_mode": "slaac", "allocation_pools": [{"start": "fdb6:126a:ce37::2", "end": "fdb6:126a:ce37:0:ffff:ffff:ffff:ffff"}], "host_routes": [], "ip_version": 6, "ipv6_address_mode": "slaac", "cidr": "fdb6:126a:ce37::/64", "id": "0fd254ff-890c-4b13-894a-3ca0c0a1af07", "subnetpool_id": null}]}
2016-01-08 15:34:51,152 4737 INFO     [tempest_lib.common.rest_client] Request (TestNetworkBasicOps:test_connectivity_between_vms_on_different_networks): 200 GET http://10.0.2.15:9696/v2.0/routers 0.059s
2016-01-08 15:34:51,152 4737 DEBUG    [tempest_lib.common.rest_client] Request - Headers: {'Content-Type': 'application/json', 'Accept': 'application/json', 'X-Auth-Token': '&lt;omitted&gt;'}
        Body: None
    Response - Headers: {'status': '200', 'content-length': '1167', 'content-location': 'http://10.0.2.15:9696/v2.0/routers', 'connection': 'close', 'date': 'Fri, 08 Jan 2016 15:34:51 GMT', 'content-type': 'application/json; charset=UTF-8', 'x-openstack-request-id': 'req-e3e09730-9a89-44d5-b2b5-db242daa1359'}
        Body: {"routers": [{"status": "ACTIVE", "external_gateway_info": {"network_id": "ae0b7966-17bd-40a0-bd51-1e4fc52edec8", "enable_snat": true, "external_fixed_ips": [{"subnet_id": "8563b5f5-67c1-44e1-a4ee-00c9208daa82", "ip_address": "172.24.4.2"}, {"subnet_id": "2627a347-2e3d-4d25-bc0a-16ebd300c9cc", "ip_address": "2001:db8::1"}]}, "availability_zone_hints": [], "availability_zones": ["nova"], "name": "router1", "admin_state_up": true, "tenant_id": "37cbee3a315240eba1dfe889a875ca50", "distributed": false, "routes": [], "ha": false, "id": "839799fb-ddf5-4d66-9926-1d87f4622799"}, {"status": "ACTIVE", "external_gateway_info": {"network_id": "ae0b7966-17bd-40a0-bd51-1e4fc52edec8", "enable_snat": true, "external_fixed_ips": [{"subnet_id": "8563b5f5-67c1-44e1-a4ee-00c9208daa82", "ip_address": "172.24.4.3"}, {"subnet_id": "2627a347-2e3d-4d25-bc0a-16ebd300c9cc", "ip_address": "2001:db8::3"}]}, "availability_zone_hints": [], "availability_zones": ["nova"], "name": "tempest-router-smoke-1451512138", "admin_state_up": true, "tenant_id": "fa627339b36e4f19ab8f2fdb07218f88", "distributed": false, "routes": [], "ha": false, "id": "ae2e03f0-796d-461e-bb98-4f028a988e7e"}]}
2016-01-08 15:34:51,520 4737 INFO     [tempest_lib.common.rest_client] Request (TestNetworkBasicOps:test_connectivity_between_vms_on_different_networks): 200 POST http://10.0.2.15:8774/v2.1/fa627339b36e4f19ab8f2fdb07218f88/os-keypairs 0.367s
2016-01-08 15:34:51,521 4737 DEBUG    [tempest_lib.common.rest_client] Request - Headers: {'Content-Type': 'application/json', 'Accept': 'application/json', 'X-Auth-Token': '&lt;omitted&gt;'}
        Body: {"keypair": {"name": "tempest-TestNetworkBasicOps-656582292"}}
    Response - Headers: {'status': '200', 'content-length': '2320', 'x-compute-request-id': 'req-46b010bb-25be-415d-9810-13ac512c6bd2', 'vary': 'X-OpenStack-Nova-API-Version', 'connection': 'close', 'x-openstack-nova-api-version': '2.1', 'date': 'Fri, 08 Jan 2016 15:34:51 GMT', 'content-type': 'application/json'}
        Body: {"keypair": {"public_key": "ssh-rsa AAAAB3NzaC1yc2EAAAADAQABAAABAQCgUkTrKPCgI38Ar8kFjI9J9RluSHFMHenuuY/Kj/SOVGv2iQTGbjOCGjUxFsKvT+iZU4ltGmMaiW+j1QbNgHa/GEfKJwKLWwHAEsqb4S3SZDZyXIJOJq7U4HXaezFvz4ffH0LWYFUXaWXo+sn6/iMA1NeQniHmwg/0wgL2fLd/U07+3PsU412DDmyiepfKEV27lDDAUhRo5FqzX/oYdhJgLi2DCeQKe+Q49089oQyL4KcavrRzOuUGgpWmkt+Ckyvif6kZBIv4+09juN7JXFpAUw77nsIlIdmP7MYlyeftMHqH6FwxpsQEc65KBg0AGFBbucAc5ek17KUUoJL9RlMD Generated-by-Nova", "private_key": "-----BEGIN RSA PRIVATE KEY-----\nMIIEqAIBAAKCAQEAoFJE6yjwoCN/AK/JBYyPSfUZbkhxTB3p7rmPyo/0jlRr9okE\nxm4zgho1MRbCr0/omVOJbRpjGolvo9UGzYB2vxhHyicCi1sBwBLKm+Et0mQ2clyC\nTiau1OB12nsxb8+H3x9C1mBVF2ll6PrJ+v4jANTXkJ4h5sIP9MIC9ny3f1NO/tz7\nFONdgw5sonqXyhFdu5QwwFIUaORas1/6GHYSYC4tgwnkCnvkOPdPPaEMi+CnGr60\nczrlBoKVppLfgpMr4n+pGQSL+PtPY7jeyVxaQFMO+57CJSHZj+zGJcnn7TB6h+hc\nMabEBHOuSgYNABhQW7nAHOXpNeylFKCS/UZTAwIDAQABAoIBAE7Cm+D7J9tEFOx9\nb0AuoWYv5uJq7F38hCQnPSDCP958Ut22yoXBNcTAo0kOaW4+z4Ijq+vRfsZWpmXS\nDZl/dtbCUuJY78MOXnnBwY96vEwTtzvPfqRuFI24B63hv5OyXImcjfVLNgJeYRZn\nvjp0BzYtWglN5lG7HKOdfF8jPfJqb94J1HEqpHMM5hggYGi5TwCVDSmY35aHldDr\nSrrd1m1B9CUUPjgiBTQkXAfZa171YjLEyZz2t5S6vnUN68PRnvTud5t4pHiKfsDl\ny30nrRRETSuEnOT/phDEtiOEg12hLRH3N7fISWTJ27N81iEoPHn/jGcnTWvlosc/\ntUt4JMECggCBAMfEzW0H3f8Qdhkm+Rkyf2eynFnZwZI4neJTj5t9FcFxBHeY6bjv\na2c/kzk0CuXPlaxQ2jZ1Wl5GNDkMbQbkfOPNSlJOV4Q+MuKxjQ6FvWSqiMdkclue\nDV3gW5A/VCkWZ8PDinIjt8F1ac3yWSaN9gOLpNTdUDyF5hSD6RiJ5mlbAoIAgQDN\ncuo6SLHeEYPNeqCgpY0Aa5h5Pr59S5o+Ch83qQQiaRG35OgR0U5m+scoa0/2pJ+z\nERSkZgEvm/91omoHrOWxZr7cQz9VpJdSryUx6hiQilxx5JK26xpf4n8/0laFinKA\nGcsWjs7owZU+KDe/sPZVEHyuIQ3Ue3WLJsD71ztFeQKCAIBci77DSQa+OEkN4/E4\njB1b0/H86hV0AQibpix8Uxl2ET6JjWyRgVEXdutkb8iwqFdlidtdqUYhMJLW7vu/\nWrDE9AD/Wk3O9OWsAacgWDLiZOKSxOT5rqHwoJSqobwCgN+3YGpN8GAbnqJSh3hn\nlRKol9PXzWNzdnCdhnLBLHlyywKCAIAQbTe9IULXdp8LNtrQ/WugtPmj+BhS/FCA\n1V5ZnPHvrmb0RSEpC4sxQKvb13i1R8RdFOiJnH5LyDVMuoevxWs4G/b2tYnC1z4i\nJk7bBtSf+fAaSyRP68xYDkwOVksEsmUlSOqsCw8QHSpJpf2PHh8T/hV59rqcWqKz\nVY3olPTwQQKCAIEAmT3W3nk9v0BIVjberC4H0NnHH4lwTl54jBQ2rSXu8L1DF/kl\nE+ST+h6YzvhbtgQqXeQUCitQ29SYxMRmcN6EzCo3VIeaBEfhJ64BJJJOjD23U4Fv\n5ZHfmeHsnHxdp1tK+kQZOwovoAPAFytTJjii0RIxDYm8HbfHgVXTvLbO1CY=\n-----END RSA PRIVATE KEY-----\n", "user_id": "29708992633445c1b359b4d5ad0c01ad", "name": "tempest-TestNetworkBasicOps-656582292", "fingerprint": "f8:18:7c:e2:d0:6b:f6:31:7c:c1:48:1b:07:c5:b6:33"}}
2016-01-08 15:34:51,626 4737 INFO     [tempest_lib.common.rest_client] Request (TestNetworkBasicOps:test_connectivity_between_vms_on_different_networks): 200 POST http://10.0.2.15:5000/v2.0/tokens
2016-01-08 15:34:51,627 4737 DEBUG    [tempest_lib.common.rest_client] Request - Headers: {'Content-Type': 'application/json', 'Accept': 'application/json'}
        Body: &lt;omitted&gt;
    Response - Headers: {'status': '200', 'content-length': '2271', 'vary': 'X-Auth-Token', 'server': 'Apache/2.4.7 (Ubuntu)', 'connection': 'close', 'date': 'Fri, 08 Jan 2016 15:34:51 GMT', 'content-type': 'application/json', 'x-openstack-request-id': 'req-260c68ca-53a0-4a54-980b-184020bd559e'}
        Body: {"access": {"token": {"issued_at": "2016-01-08T15:34:51.617719", "expires": "2016-01-08T16:34:51Z", "id": "17f6f47ac5c746579777fa2c6d73fb5e", "tenant": {"description": "tempest-TestNetworkBasicOps-652047916-desc", "enabled": true, "id": "fa627339b36e4f19ab8f2fdb07218f88", "name": "tempest-TestNetworkBasicOps-652047916"}, "audit_ids": ["KaB7Xh8OSQ2kNRFw8W9ahA"]}, "serviceCatalog": [{"endpoints": [{"adminURL": "http://10.0.2.15:9292", "region": "RegionOne", "internalURL": "http://10.0.2.15:9292", "id": "591336eb5df74e09a2ae712ffa5dccc1", "publicURL": "http://10.0.2.15:9292"}], "endpoints_links": [], "type": "image", "name": "glance"}, {"endpoints": [{"adminURL": "http://10.0.2.15:8774/v2.1/fa627339b36e4f19ab8f2fdb07218f88", "region": "RegionOne", "internalURL": "http://10.0.2.15:8774/v2.1/fa627339b36e4f19ab8f2fdb07218f88", "id": "03d2dfe18bd8482084b01e03ae26abae", "publicURL": "http://10.0.2.15:8774/v2.1/fa627339b36e4f19ab8f2fdb07218f88"}], "endpoints_links": [], "type": "compute", "name": "nova"}, {"endpoints": [{"adminURL": "http://10.0.2.15:8774/v2/fa627339b36e4f19ab8f2fdb07218f88", "region": "RegionOne", "internalURL": "http://10.0.2.15:8774/v2/fa627339b36e4f19ab8f2fdb07218f88", "id": "1e49bb546c5340afa53ce92c7e1fa79e", "publicURL": "http://10.0.2.15:8774/v2/fa627339b36e4f19ab8f2fdb07218f88"}], "endpoints_links": [], "type": "compute_legacy", "name": "nova_legacy"}, {"endpoints": [{"adminURL": "http://10.0.2.15:35357/v2.0", "region": "RegionOne", "internalURL": "http://10.0.2.15:5000/v2.0", "id": "3881f931371948f7889f2d8a117c550a", "publicURL": "http://10.0.2.15:5000/v2.0"}], "endpoints_links": [], "type": "identity", "name": "keystone"}, {"endpoints": [{"adminURL": "http://10.0.2.15:9696/", "region": "RegionOne", "internalURL": "http://10.0.2.15:9696/", "id": "414d454e1c214234aadf1bfc20262a38", "publicURL": "http://10.0.2.15:9696/"}], "endpoints_links": [], "type": "network", "name": "neutron"}], "user": {"username": "tempest-TestNetworkBasicOps-770699894", "roles_links": [], "id": "29708992633445c1b359b4d5ad0c01ad", "roles": [{"name": "Member"}, {"name": "_member_"}], "name": "tempest-TestNetworkBasicOps-770699894"}, "metadata": {"is_admin": 0, "roles": ["0de178177e82492db804964cfff46820", "9fe2ff9ee4384b1894a90878d3e92bab"]}}}
2016-01-08 15:34:51,631 4737 DEBUG    [tempest.common.fixed_network] (TestNetworkBasicOps:test_connectivity_between_vms_on_different_networks) No valid network provided or created, defaulting to fixed_network_name
2016-01-08 15:34:52,006 4737 INFO     [tempest_lib.common.rest_client] Request (TestNetworkBasicOps:test_connectivity_between_vms_on_different_networks): 200 GET http://10.0.2.15:8774/v2.1/fa627339b36e4f19ab8f2fdb07218f88/os-networks 0.374s
2016-01-08 15:34:52,007 4737 DEBUG    [tempest_lib.common.rest_client] Request - Headers: {'Content-Type': 'application/json', 'Accept': 'application/json', 'X-Auth-Token': '&lt;omitted&gt;'}
        Body: None
    Response - Headers: {'status': '200', 'content-length': '479', 'content-location': 'http://10.0.2.15:8774/v2.1/fa627339b36e4f19ab8f2fdb07218f88/os-networks', 'x-compute-request-id': 'req-a3846c50-87a9-4653-a53b-5dc1fdd00efe', 'vary': 'X-OpenStack-Nova-API-Version', 'connection': 'close', 'x-openstack-nova-api-version': '2.1', 'date': 'Fri, 08 Jan 2016 15:34:52 GMT', 'content-type': 'application/json'}
        Body: {"networks": [{"cidr_v6": null, "dns2": null, "dns1": null, "gateway": null, "broadcast": null, "netmask": null, "gateway_v6": null, "cidr": null, "label": "public", "id": "ae0b7966-17bd-40a0-bd51-1e4fc52edec8", "netmask_v6": null}, {"cidr_v6": null, "dns2": null, "dns1": null, "gateway": null, "broadcast": null, "netmask": null, "gateway_v6": null, "cidr": null, "label": "tempest-network-smoke--1367176336", "id": "ff679329-daec-4c7c-86b4-1d99581f0d53", "netmask_v6": null}]}
2016-01-08 15:34:52,008 4737 WARNING  [tempest.common.fixed_network] (TestNetworkBasicOps:test_connectivity_between_vms_on_different_networks) Network with name: private not found
2016-01-08 15:34:52,008 4737 INFO     [tempest.common.fixed_network] (TestNetworkBasicOps:test_connectivity_between_vms_on_different_networks) Found network {} available for tenant
2016-01-08 15:34:53,193 4737 INFO     [tempest_lib.common.rest_client] Request (TestNetworkBasicOps:test_connectivity_between_vms_on_different_networks): 202 POST http://10.0.2.15:8774/v2.1/fa627339b36e4f19ab8f2fdb07218f88/servers 1.184s
2016-01-08 15:34:53,194 4737 DEBUG    [tempest_lib.common.rest_client] Request - Headers: {'Content-Type': 'application/json', 'Accept': 'application/json', 'X-Auth-Token': '&lt;omitted&gt;'}
        Body: {"server": {"name": "tempest.common.compute-instance-595013962", "imageRef": "cbd0f5ae-115b-4b91-85e4-33ee4c2b0a3e", "key_name": "tempest-TestNetworkBasicOps-656582292", "flavorRef": "42", "networks": [{"uuid": "ff679329-daec-4c7c-86b4-1d99581f0d53"}], "security_groups": [{"name": "tempest-secgroup-smoke-1251553536"}]}}
    Response - Headers: {'status': '202', 'content-length': '462', 'x-compute-request-id': 'req-28053088-de6c-4383-aa09-417557f368fa', 'vary': 'X-OpenStack-Nova-API-Version', 'connection': 'close', 'location': 'http://10.0.2.15:8774/v2.1/fa627339b36e4f19ab8f2fdb07218f88/servers/54c7ba50-20bd-474e-9ab0-3f0215a8d994', 'x-openstack-nova-api-version': '2.1', 'date': 'Fri, 08 Jan 2016 15:34:53 GMT', 'content-type': 'application/json'}
        Body: {"server": {"security_groups": [{"name": "tempest-secgroup-smoke-1251553536"}], "OS-DCF:diskConfig": "MANUAL", "id": "54c7ba50-20bd-474e-9ab0-3f0215a8d994", "links": [{"href": "http://10.0.2.15:8774/v2.1/fa627339b36e4f19ab8f2fdb07218f88/servers/54c7ba50-20bd-474e-9ab0-3f0215a8d994", "rel": "self"}, {"href": "http://10.0.2.15:8774/fa627339b36e4f19ab8f2fdb07218f88/servers/54c7ba50-20bd-474e-9ab0-3f0215a8d994", "rel": "bookmark"}], "adminPass": "RiXVghD6yFas"}}
2016-01-08 15:34:53,461 4737 INFO     [tempest_lib.common.rest_client] Request (TestNetworkBasicOps:test_connectivity_between_vms_on_different_networks): 200 GET http://10.0.2.15:8774/v2.1/fa627339b36e4f19ab8f2fdb07218f88/servers/54c7ba50-20bd-474e-9ab0-3f0215a8d994 0.262s
2016-01-08 15:34:53,462 4737 DEBUG    [tempest_lib.common.rest_client] Request - Headers: {'Content-Type': 'application/json', 'Accept': 'application/json', 'X-Auth-Token': '&lt;omitted&gt;'}
        Body: None
    Response - Headers: {'status': '200', 'content-length': '1354', 'content-location': 'http://10.0.2.15:8774/v2.1/fa627339b36e4f19ab8f2fdb07218f88/servers/54c7ba50-20bd-474e-9ab0-3f0215a8d994', 'x-compute-request-id': 'req-ba07d8f0-a301-4424-ae73-33b1a689d984', 'vary': 'X-OpenStack-Nova-API-Version', 'connection': 'close', 'x-openstack-nova-api-version': '2.1', 'date': 'Fri, 08 Jan 2016 15:34:53 GMT', 'content-type': 'application/json'}
        Body: {"server": {"status": "BUILD", "updated": "2016-01-08T15:34:53Z", "hostId": "", "addresses": {}, "links": [{"href": "http://10.0.2.15:8774/v2.1/fa627339b36e4f19ab8f2fdb07218f88/servers/54c7ba50-20bd-474e-9ab0-3f0215a8d994", "rel": "self"}, {"href": "http://10.0.2.15:8774/fa627339b36e4f19ab8f2fdb07218f88/servers/54c7ba50-20bd-474e-9ab0-3f0215a8d994", "rel": "bookmark"}], "key_name": "tempest-TestNetworkBasicOps-656582292", "image": {"id": "cbd0f5ae-115b-4b91-85e4-33ee4c2b0a3e", "links": [{"href": "http://10.0.2.15:8774/fa627339b36e4f19ab8f2fdb07218f88/images/cbd0f5ae-115b-4b91-85e4-33ee4c2b0a3e", "rel": "bookmark"}]}, "OS-EXT-STS:task_state": "scheduling", "OS-EXT-STS:vm_state": "building", "OS-SRV-USG:launched_at": null, "flavor": {"id": "42", "links": [{"href": "http://10.0.2.15:8774/fa627339b36e4f19ab8f2fdb07218f88/flavors/42", "rel": "bookmark"}]}, "id": "54c7ba50-20bd-474e-9ab0-3f0215a8d994", "OS-SRV-USG:terminated_at": null, "OS-EXT-AZ:availability_zone": "", "user_id": "29708992633445c1b359b4d5ad0c01ad", "name": "tempest.common.compute-instance-595013962", "created": "2016-01-08T15:34:53Z", "tenant_id": "fa627339b36e4f19ab8f2fdb07218f88", "OS-DCF:diskConfig": "MANUAL", "os-extended-volumes:volumes_attached": [], "accessIPv4": "", "accessIPv6": "", "progress": 0, "OS-EXT-STS:power_state": 0, "config_drive": "", "metadata": {}}}
2016-01-08 15:34:54,822 4737 INFO     [tempest_lib.common.rest_client] Request (TestNetworkBasicOps:test_connectivity_between_vms_on_different_networks): 200 GET http://10.0.2.15:8774/v2.1/fa627339b36e4f19ab8f2fdb07218f88/servers/54c7ba50-20bd-474e-9ab0-3f0215a8d994 0.350s
2016-01-08 15:34:54,822 4737 DEBUG    [tempest_lib.common.rest_client] Request - Headers: {'Content-Type': 'application/json', 'Accept': 'application/json', 'X-Auth-Token': '&lt;omitted&gt;'}
        Body: None
    Response - Headers: {'status': '200', 'content-length': '1480', 'content-location': 'http://10.0.2.15:8774/v2.1/fa627339b36e4f19ab8f2fdb07218f88/servers/54c7ba50-20bd-474e-9ab0-3f0215a8d994', 'x-compute-request-id': 'req-2c08402e-841b-46f1-83a4-7daa860dcb78', 'vary': 'X-OpenStack-Nova-API-Version', 'connection': 'close', 'x-openstack-nova-api-version': '2.1', 'date': 'Fri, 08 Jan 2016 15:34:54 GMT', 'content-type': 'application/json'}
        Body: {"server": {"status": "BUILD", "updated": "2016-01-08T15:34:54Z", "hostId": "7a9812b75b88184050ac81def4aa38ccccdc9d54bc621e839b93301f", "addresses": {}, "links": [{"href": "http://10.0.2.15:8774/v2.1/fa627339b36e4f19ab8f2fdb07218f88/servers/54c7ba50-20bd-474e-9ab0-3f0215a8d994", "rel": "self"}, {"href": "http://10.0.2.15:8774/fa627339b36e4f19ab8f2fdb07218f88/servers/54c7ba50-20bd-474e-9ab0-3f0215a8d994", "rel": "bookmark"}], "key_name": "tempest-TestNetworkBasicOps-656582292", "image": {"id": "cbd0f5ae-115b-4b91-85e4-33ee4c2b0a3e", "links": [{"href": "http://10.0.2.15:8774/fa627339b36e4f19ab8f2fdb07218f88/images/cbd0f5ae-115b-4b91-85e4-33ee4c2b0a3e", "rel": "bookmark"}]}, "OS-EXT-STS:task_state": "spawning", "OS-EXT-STS:vm_state": "building", "OS-SRV-USG:launched_at": null, "flavor": {"id": "42", "links": [{"href": "http://10.0.2.15:8774/fa627339b36e4f19ab8f2fdb07218f88/flavors/42", "rel": "bookmark"}]}, "id": "54c7ba50-20bd-474e-9ab0-3f0215a8d994", "security_groups": [{"name": "tempest-secgroup-smoke-1251553536"}], "OS-SRV-USG:terminated_at": null, "OS-EXT-AZ:availability_zone": "nova", "user_id": "29708992633445c1b359b4d5ad0c01ad", "name": "tempest.common.compute-instance-595013962", "created": "2016-01-08T15:34:53Z", "tenant_id": "fa627339b36e4f19ab8f2fdb07218f88", "OS-DCF:diskConfig": "MANUAL", "os-extended-volumes:volumes_attached": [], "accessIPv4": "", "accessIPv6": "", "progress": 0, "OS-EXT-STS:power_state": 0, "config_drive": "", "metadata": {}}}
2016-01-08 15:34:54,837 4737 INFO     [tempest.common.waiters] State transition "BUILD/scheduling" ==&gt; "BUILD/spawning" after 1 second wait
2016-01-08 15:34:56,148 4737 INFO     [tempest_lib.common.rest_client] Request (TestNetworkBasicOps:test_connectivity_between_vms_on_different_networks): 200 GET http://10.0.2.15:8774/v2.1/fa627339b36e4f19ab8f2fdb07218f88/servers/54c7ba50-20bd-474e-9ab0-3f0215a8d994 0.309s
2016-01-08 15:34:56,149 4737 DEBUG    [tempest_lib.common.rest_client] Request - Headers: {'Content-Type': 'application/json', 'Accept': 'application/json', 'X-Auth-Token': '&lt;omitted&gt;'}
        Body: None
    Response - Headers: {'status': '200', 'content-length': '1480', 'content-location': 'http://10.0.2.15:8774/v2.1/fa627339b36e4f19ab8f2fdb07218f88/servers/54c7ba50-20bd-474e-9ab0-3f0215a8d994', 'x-compute-request-id': 'req-835d9c7c-048c-4388-9fde-96b8b6caf7e6', 'vary': 'X-OpenStack-Nova-API-Version', 'connection': 'close', 'x-openstack-nova-api-version': '2.1', 'date': 'Fri, 08 Jan 2016 15:34:56 GMT', 'content-type': 'application/json'}
        Body: {"server": {"status": "BUILD", "updated": "2016-01-08T15:34:54Z", "hostId": "7a9812b75b88184050ac81def4aa38ccccdc9d54bc621e839b93301f", "addresses": {}, "links": [{"href": "http://10.0.2.15:8774/v2.1/fa627339b36e4f19ab8f2fdb07218f88/servers/54c7ba50-20bd-474e-9ab0-3f0215a8d994", "rel": "self"}, {"href": "http://10.0.2.15:8774/fa627339b36e4f19ab8f2fdb07218f88/servers/54c7ba50-20bd-474e-9ab0-3f0215a8d994", "rel": "bookmark"}], "key_name": "tempest-TestNetworkBasicOps-656582292", "image": {"id": "cbd0f5ae-115b-4b91-85e4-33ee4c2b0a3e", "links": [{"href": "http://10.0.2.15:8774/fa627339b36e4f19ab8f2fdb07218f88/images/cbd0f5ae-115b-4b91-85e4-33ee4c2b0a3e", "rel": "bookmark"}]}, "OS-EXT-STS:task_state": "spawning", "OS-EXT-STS:vm_state": "building", "OS-SRV-USG:launched_at": null, "flavor": {"id": "42", "links": [{"href": "http://10.0.2.15:8774/fa627339b36e4f19ab8f2fdb07218f88/flavors/42", "rel": "bookmark"}]}, "id": "54c7ba50-20bd-474e-9ab0-3f0215a8d994", "security_groups": [{"name": "tempest-secgroup-smoke-1251553536"}], "OS-SRV-USG:terminated_at": null, "OS-EXT-AZ:availability_zone": "nova", "user_id": "29708992633445c1b359b4d5ad0c01ad", "name": "tempest.common.compute-instance-595013962", "created": "2016-01-08T15:34:53Z", "tenant_id": "fa627339b36e4f19ab8f2fdb07218f88", "OS-DCF:diskConfig": "MANUAL", "os-extended-volumes:volumes_attached": [], "accessIPv4": "", "accessIPv6": "", "progress": 0, "OS-EXT-STS:power_state": 0, "config_drive": "", "metadata": {}}}
2016-01-08 15:34:57,405 4737 INFO     [tempest_lib.common.rest_client] Request (TestNetworkBasicOps:test_connectivity_between_vms_on_different_networks): 200 GET http://10.0.2.15:8774/v2.1/fa627339b36e4f19ab8f2fdb07218f88/servers/54c7ba50-20bd-474e-9ab0-3f0215a8d994 0.246s
2016-01-08 15:34:57,405 4737 DEBUG    [tempest_lib.common.rest_client] Request - Headers: {'Content-Type': 'application/json', 'Accept': 'application/json', 'X-Auth-Token': '&lt;omitted&gt;'}
        Body: None
    Response - Headers: {'status': '200', 'content-length': '1652', 'content-location': 'http://10.0.2.15:8774/v2.1/fa627339b36e4f19ab8f2fdb07218f88/servers/54c7ba50-20bd-474e-9ab0-3f0215a8d994', 'x-compute-request-id': 'req-10647d9c-b2b6-4f16-b59d-74e30bb90d24', 'vary': 'X-OpenStack-Nova-API-Version', 'connection': 'close', 'x-openstack-nova-api-version': '2.1', 'date': 'Fri, 08 Jan 2016 15:34:57 GMT', 'content-type': 'application/json'}
        Body: {"server": {"status": "ACTIVE", "updated": "2016-01-08T15:34:56Z", "hostId": "7a9812b75b88184050ac81def4aa38ccccdc9d54bc621e839b93301f", "addresses": {"tempest-network-smoke--1367176336": [{"OS-EXT-IPS-MAC:mac_addr": "fa:16:3e:13:78:dc", "version": 4, "addr": "10.100.0.3", "OS-EXT-IPS:type": "fixed"}]}, "links": [{"href": "http://10.0.2.15:8774/v2.1/fa627339b36e4f19ab8f2fdb07218f88/servers/54c7ba50-20bd-474e-9ab0-3f0215a8d994", "rel": "self"}, {"href": "http://10.0.2.15:8774/fa627339b36e4f19ab8f2fdb07218f88/servers/54c7ba50-20bd-474e-9ab0-3f0215a8d994", "rel": "bookmark"}], "key_name": "tempest-TestNetworkBasicOps-656582292", "image": {"id": "cbd0f5ae-115b-4b91-85e4-33ee4c2b0a3e", "links": [{"href": "http://10.0.2.15:8774/fa627339b36e4f19ab8f2fdb07218f88/images/cbd0f5ae-115b-4b91-85e4-33ee4c2b0a3e", "rel": "bookmark"}]}, "OS-EXT-STS:task_state": null, "OS-EXT-STS:vm_state": "active", "OS-SRV-USG:launched_at": "2016-01-08T15:34:56.000000", "flavor": {"id": "42", "links": [{"href": "http://10.0.2.15:8774/fa627339b36e4f19ab8f2fdb07218f88/flavors/42", "rel": "bookmark"}]}, "id": "54c7ba50-20bd-474e-9ab0-3f0215a8d994", "security_groups": [{"name": "tempest-secgroup-smoke-1251553536"}], "OS-SRV-USG:terminated_at": null, "OS-EXT-AZ:availability_zone": "nova", "user_id": "29708992633445c1b359b4d5ad0c01ad", "name": "tempest.common.compute-instance-595013962", "created": "2016-01-08T15:34:53Z", "tenant_id": "fa627339b36e4f19ab8f2fdb07218f88", "OS-DCF:diskConfig": "MANUAL", "os-extended-volumes:volumes_attached": [], "accessIPv4": "", "accessIPv6": "", "progress": 0, "OS-EXT-STS:power_state": 1, "config_drive": "True", "metadata": {}}}
2016-01-08 15:34:57,414 4737 INFO     [tempest.common.waiters] State transition "BUILD/spawning" ==&gt; "ACTIVE/None" after 4 second wait
2016-01-08 15:34:57,614 4737 INFO     [tempest_lib.common.rest_client] Request (TestNetworkBasicOps:test_connectivity_between_vms_on_different_networks): 200 GET http://10.0.2.15:8774/v2.1/fa627339b36e4f19ab8f2fdb07218f88/servers/54c7ba50-20bd-474e-9ab0-3f0215a8d994 0.199s
2016-01-08 15:34:57,614 4737 DEBUG    [tempest_lib.common.rest_client] Request - Headers: {'Content-Type': 'application/json', 'Accept': 'application/json', 'X-Auth-Token': '&lt;omitted&gt;'}
        Body: None
    Response - Headers: {'status': '200', 'content-length': '1652', 'content-location': 'http://10.0.2.15:8774/v2.1/fa627339b36e4f19ab8f2fdb07218f88/servers/54c7ba50-20bd-474e-9ab0-3f0215a8d994', 'x-compute-request-id': 'req-7ce6635f-b929-4412-a76f-83df6bbd16cc', 'vary': 'X-OpenStack-Nova-API-Version', 'connection': 'close', 'x-openstack-nova-api-version': '2.1', 'date': 'Fri, 08 Jan 2016 15:34:57 GMT', 'content-type': 'application/json'}
        Body: {"server": {"status": "ACTIVE", "updated": "2016-01-08T15:34:56Z", "hostId": "7a9812b75b88184050ac81def4aa38ccccdc9d54bc621e839b93301f", "addresses": {"tempest-network-smoke--1367176336": [{"OS-EXT-IPS-MAC:mac_addr": "fa:16:3e:13:78:dc", "version": 4, "addr": "10.100.0.3", "OS-EXT-IPS:type": "fixed"}]}, "links": [{"href": "http://10.0.2.15:8774/v2.1/fa627339b36e4f19ab8f2fdb07218f88/servers/54c7ba50-20bd-474e-9ab0-3f0215a8d994", "rel": "self"}, {"href": "http://10.0.2.15:8774/fa627339b36e4f19ab8f2fdb07218f88/servers/54c7ba50-20bd-474e-9ab0-3f0215a8d994", "rel": "bookmark"}], "key_name": "tempest-TestNetworkBasicOps-656582292", "image": {"id": "cbd0f5ae-115b-4b91-85e4-33ee4c2b0a3e", "links": [{"href": "http://10.0.2.15:8774/fa627339b36e4f19ab8f2fdb07218f88/images/cbd0f5ae-115b-4b91-85e4-33ee4c2b0a3e", "rel": "bookmark"}]}, "OS-EXT-STS:task_state": null, "OS-EXT-STS:vm_state": "active", "OS-SRV-USG:launched_at": "2016-01-08T15:34:56.000000", "flavor": {"id": "42", "links": [{"href": "http://10.0.2.15:8774/fa627339b36e4f19ab8f2fdb07218f88/flavors/42", "rel": "bookmark"}]}, "id": "54c7ba50-20bd-474e-9ab0-3f0215a8d994", "security_groups": [{"name": "tempest-secgroup-smoke-1251553536"}], "OS-SRV-USG:terminated_at": null, "OS-EXT-AZ:availability_zone": "nova", "user_id": "29708992633445c1b359b4d5ad0c01ad", "name": "tempest.common.compute-instance-595013962", "created": "2016-01-08T15:34:53Z", "tenant_id": "fa627339b36e4f19ab8f2fdb07218f88", "OS-DCF:diskConfig": "MANUAL", "os-extended-volumes:volumes_attached": [], "accessIPv4": "", "accessIPv6": "", "progress": 0, "OS-EXT-STS:power_state": 1, "config_drive": "True", "metadata": {}}}
2016-01-08 15:34:57,623 4737 INFO     [tempest.scenario.manager] Tenant networks not configured to be reachable.
2016-01-08 15:34:57,666 4737 INFO     [tempest_lib.common.rest_client] Request (TestNetworkBasicOps:test_connectivity_between_vms_on_different_networks): 200 GET http://10.0.2.15:9696/v2.0/ports?status=ACTIVE&amp;fixed_ip=None&amp;device_id=54c7ba50-20bd-474e-9ab0-3f0215a8d994 0.042s
2016-01-08 15:34:57,666 4737 DEBUG    [tempest_lib.common.rest_client] Request - Headers: {'Content-Type': 'application/json', 'Accept': 'application/json', 'X-Auth-Token': '&lt;omitted&gt;'}
        Body: None
    Response - Headers: {'status': '200', 'content-length': '895', 'content-location': 'http://10.0.2.15:9696/v2.0/ports?status=ACTIVE&amp;fixed_ip=None&amp;device_id=54c7ba50-20bd-474e-9ab0-3f0215a8d994', 'connection': 'close', 'date': 'Fri, 08 Jan 2016 15:34:57 GMT', 'content-type': 'application/json; charset=UTF-8', 'x-openstack-request-id': 'req-fa5d7582-9bec-435e-9a6e-74b763f5121a'}
        Body: {"ports": [{"status": "ACTIVE", "binding:host_id": "vagrant-ubuntu-trusty-64", "allowed_address_pairs": [], "extra_dhcp_opts": [], "dns_assignment": [{"hostname": "host-10-100-0-3", "ip_address": "10.100.0.3", "fqdn": "host-10-100-0-3.openstacklocal."}], "device_owner": "compute:None", "port_security_enabled": true, "binding:profile": {}, "fixed_ips": [{"subnet_id": "024ed9dc-37cb-415f-886a-c42421309108", "ip_address": "10.100.0.3"}], "id": "9e7607b3-3ba5-4db4-b097-424e8e24d91b", "security_groups": ["47b79ac8-f36f-446f-b7cc-073ba743e7c8"], "device_id": "54c7ba50-20bd-474e-9ab0-3f0215a8d994", "name": "", "admin_state_up": true, "network_id": "ff679329-daec-4c7c-86b4-1d99581f0d53", "dns_name": "", "binding:vif_details": {"port_filter": true}, "binding:vnic_type": "normal", "binding:vif_type": "ovs", "tenant_id": "fa627339b36e4f19ab8f2fdb07218f88", "mac_address": "fa:16:3e:13:78:dc"}]}
2016-01-08 15:34:58,130 4737 INFO     [tempest_lib.common.rest_client] Request (TestNetworkBasicOps:test_connectivity_between_vms_on_different_networks): 201 POST http://10.0.2.15:9696/v2.0/floatingips 0.463s
2016-01-08 15:34:58,130 4737 DEBUG    [tempest_lib.common.rest_client] Request - Headers: {'Content-Type': 'application/json', 'Accept': 'application/json', 'X-Auth-Token': '&lt;omitted&gt;'}
        Body: {"floatingip": {"floating_network_id": "ae0b7966-17bd-40a0-bd51-1e4fc52edec8", "tenant_id": "fa627339b36e4f19ab8f2fdb07218f88", "fixed_ip_address": "10.100.0.3", "port_id": "9e7607b3-3ba5-4db4-b097-424e8e24d91b"}}
    Response - Headers: {'status': '201', 'content-length': '367', 'connection': 'close', 'date': 'Fri, 08 Jan 2016 15:34:58 GMT', 'content-type': 'application/json; charset=UTF-8', 'x-openstack-request-id': 'req-c61b08ae-d35c-4cd9-92c4-c50be819fd9f'}
        Body: {"floatingip": {"floating_network_id": "ae0b7966-17bd-40a0-bd51-1e4fc52edec8", "router_id": "ae2e03f0-796d-461e-bb98-4f028a988e7e", "fixed_ip_address": "10.100.0.3", "floating_ip_address": "172.24.4.4", "tenant_id": "fa627339b36e4f19ab8f2fdb07218f88", "status": "DOWN", "port_id": "9e7607b3-3ba5-4db4-b097-424e8e24d91b", "id": "859483d6-e429-4e10-a1e3-249660e4b1dd"}}
2016-01-08 15:34:58,148 4737 INFO     [tempest_lib.common.rest_client] Request (TestNetworkBasicOps:test_connectivity_between_vms_on_different_networks): 200 GET http://10.0.2.15:9696/v2.0/floatingips/859483d6-e429-4e10-a1e3-249660e4b1dd 0.017s
2016-01-08 15:34:58,148 4737 DEBUG    [tempest_lib.common.rest_client] Request - Headers: {'Content-Type': 'application/json', 'Accept': 'application/json', 'X-Auth-Token': '&lt;omitted&gt;'}
        Body: None
    Response - Headers: {'status': '200', 'content-length': '367', 'content-location': 'http://10.0.2.15:9696/v2.0/floatingips/859483d6-e429-4e10-a1e3-249660e4b1dd', 'connection': 'close', 'date': 'Fri, 08 Jan 2016 15:34:58 GMT', 'content-type': 'application/json; charset=UTF-8', 'x-openstack-request-id': 'req-d931f71c-566c-4a9c-93b7-c4db85cc86bc'}
        Body: {"floatingip": {"floating_network_id": "ae0b7966-17bd-40a0-bd51-1e4fc52edec8", "router_id": "ae2e03f0-796d-461e-bb98-4f028a988e7e", "fixed_ip_address": "10.100.0.3", "floating_ip_address": "172.24.4.4", "tenant_id": "fa627339b36e4f19ab8f2fdb07218f88", "status": "DOWN", "port_id": "9e7607b3-3ba5-4db4-b097-424e8e24d91b", "id": "859483d6-e429-4e10-a1e3-249660e4b1dd"}}
2016-01-08 15:34:59,164 4737 INFO     [tempest_lib.common.rest_client] Request (TestNetworkBasicOps:test_connectivity_between_vms_on_different_networks): 200 GET http://10.0.2.15:9696/v2.0/floatingips/859483d6-e429-4e10-a1e3-249660e4b1dd 0.014s
2016-01-08 15:34:59,164 4737 DEBUG    [tempest_lib.common.rest_client] Request - Headers: {'Content-Type': 'application/json', 'Accept': 'application/json', 'X-Auth-Token': '&lt;omitted&gt;'}
        Body: None
    Response - Headers: {'status': '200', 'content-length': '369', 'content-location': 'http://10.0.2.15:9696/v2.0/floatingips/859483d6-e429-4e10-a1e3-249660e4b1dd', 'connection': 'close', 'date': 'Fri, 08 Jan 2016 15:34:59 GMT', 'content-type': 'application/json; charset=UTF-8', 'x-openstack-request-id': 'req-aa0f963d-add2-4718-b491-cd8ddb038727'}
        Body: {"floatingip": {"floating_network_id": "ae0b7966-17bd-40a0-bd51-1e4fc52edec8", "router_id": "ae2e03f0-796d-461e-bb98-4f028a988e7e", "fixed_ip_address": "10.100.0.3", "floating_ip_address": "172.24.4.4", "tenant_id": "fa627339b36e4f19ab8f2fdb07218f88", "status": "ACTIVE", "port_id": "9e7607b3-3ba5-4db4-b097-424e8e24d91b", "id": "859483d6-e429-4e10-a1e3-249660e4b1dd"}}
2016-01-08 15:34:59,165 4737 INFO     [tempest.scenario.manager] FloatingIP: &lt;"FloatingIP" addr="172.24.4.4" id="859483d6-e429-4e10-a1e3-249660e4b1dd"&gt; is at status: ACTIVE
2016-01-08 15:34:59,165 4737 DEBUG    [tempest.scenario.manager] checking network connections to IP 172.24.4.4 with user: cirros
2016-01-08 15:34:59,165 4737 DEBUG    [tempest.scenario.manager] TestNetworkBasicOps:test_connectivity_between_vms_on_different_networks begins to ping 172.24.4.4 in 120 sec and the expected result is reachable
2016-01-08 15:37:00,445 4737 DEBUG    [tempest.scenario.manager] TestNetworkBasicOps:test_connectivity_between_vms_on_different_networks finishes ping 172.24.4.4 in 120 sec and the ping result is unexpected
2016-01-08 15:37:00,446 4737 ERROR    [tempest.scenario.manager] Public network connectivity check failed
2016-01-08 15:37:00.446 4737 ERROR tempest.scenario.manager Traceback (most recent call last):
2016-01-08 15:37:00.446 4737 ERROR tempest.scenario.manager   File "tempest/scenario/manager.py", line 606, in check_public_network_connectivity
2016-01-08 15:37:00.446 4737 ERROR tempest.scenario.manager     should_connect=should_connect)
2016-01-08 15:37:00.446 4737 ERROR tempest.scenario.manager   File "tempest/scenario/manager.py", line 590, in check_vm_connectivity
2016-01-08 15:37:00.446 4737 ERROR tempest.scenario.manager     msg=msg)
2016-01-08 15:37:00.446 4737 ERROR tempest.scenario.manager   File "/usr/local/lib/python2.7/dist-packages/unittest2/case.py", line 702, in assertTrue
2016-01-08 15:37:00.446 4737 ERROR tempest.scenario.manager     raise self.failureException(msg)
2016-01-08 15:37:00.446 4737 ERROR tempest.scenario.manager AssertionError: False is not true : Timed out waiting for 172.24.4.4 to become reachable
2016-01-08 15:37:00.446 4737 ERROR tempest.scenario.manager 
2016-01-08 15:37:00,793 4737 INFO     [tempest_lib.common.rest_client] Request (TestNetworkBasicOps:test_connectivity_between_vms_on_different_networks): 200 POST http://10.0.2.15:8774/v2.1/fa627339b36e4f19ab8f2fdb07218f88/servers/54c7ba50-20bd-474e-9ab0-3f0215a8d994/action 0.342s
2016-01-08 15:37:00,794 4737 DEBUG    [tempest_lib.common.rest_client] Request - Headers: {'Content-Type': 'application/json', 'Accept': 'application/json', 'X-Auth-Token': '&lt;omitted&gt;'}
        Body: {"os-getConsoleOutput": {}}
    Response - Headers: {'status': '200', 'content-length': '17428', 'x-compute-request-id': 'req-ccefe342-7291-44a0-b947-c703fbf9df2b', 'vary': 'X-OpenStack-Nova-API-Version', 'connection': 'close', 'x-openstack-nova-api-version': '2.1', 'date': 'Fri, 08 Jan 2016 15:37:00 GMT', 'content-type': 'application/json'}
        Body: {"output": "[    0.000000] Initializing cgroup subsys cpuset\n[    0.000000] Initializing cgroup subsys cpu\n[    0.000000] Linux version 3.2.0-80-virtual (buildd@batsu) (gcc version 4.6.3 (Ubuntu/Linaro 4.6.3-1ubuntu5) ) #116-Ubuntu SMP Mon Mar 23 17:28:52 UTC 2015 (Ubuntu 3.2.0-80.116-virtual 3.2.68)\n[    0.000000] Command line: root=/dev/vda console=tty0 console=ttyS0 no_timer_check\n[    0.000000] KERNEL supported cpus:\n[    0.000000]   Intel GenuineIntel\n[    0.000000]   AMD AuthenticAMD\n[    0.000000]   Centaur CentaurHauls\n[    0.000000] BIOS-provided physical RAM map:\n[    0.000000]  BIOS-e820: 0000000000000000 - 000000000009fc00 (usable)\n[    0.000000]  BIOS-e820: 000000000009fc00 - 00000000000a0000 (reserved)\n[    0.000000]  BIOS-e820: 00000000000f0000 - 0000000000100000 (reserved)\n[    0.000000]  BIOS-e820: 0000000000100000 - 0000000003ffe000 (usable)\n[    0.000000]  BIOS-e820: 0000000003ffe000 - 0000000004000000 (reserved)\n[    0.000000]  BIOS-e820: 00000000fffc0000 - 0000000100000000 (reserved)\n[    0.000000] NX (Execute Disable) protection: active\n[    0.000000] SMBIOS 2.4 present.\n[    0.000000] No AGP bridge found\n[    0.000000] last_pfn = 0x3ffe max_arch_pfn = 0x400000000\n[    0.000000] x86 PAT enabled: cpu 0, old 0x7040600070406, new 0x7010600070106\n[    0.000000] found SMP MP-table at [ffff8800000f0b00] f0b00\n[    0.000000] init_memory_mapping: 0000000000000000-0000000003ffe000\n[    0.000000] RAMDISK: 03c5e000 - 03ff0000\n[    0.000000] ACPI: RSDP 00000000000f0950 00014 (v00 BOCHS )\n[    0.000000] ACPI: RSDT 0000000003fffbc1 00034 (v01 BOCHS  BXPCRSDT 00000001 BXPC 00000001)\n[    0.000000] ACPI: FACP 0000000003fff1c0 00074 (v01 BOCHS  BXPCFACP 00000001 BXPC 00000001)\n[    0.000000] ACPI: DSDT 0000000003ffe040 01180 (v01 BOCHS  BXPCDSDT 00000001 BXPC 00000001)\n[    0.000000] ACPI: FACS 0000000003ffe000 00040\n[    0.000000] ACPI: SSDT 0000000003fff234 008DD (v01 BOCHS  BXPCSSDT 00000001 BXPC 00000001)\n[    0.000000] ACPI: APIC 0000000003fffb11 00078 (v01 BOCHS  BXPCAPIC 00000001 BXPC 00000001)\n[    0.000000] ACPI: HPET 0000000003fffb89 00038 (v01 BOCHS  BXPCHPET 00000001 BXPC 00000001)\n[    0.000000] No NUMA configuration found\n[    0.000000] Faking a node at 0000000000000000-0000000003ffe000\n[    0.000000] Initmem setup node 0 0000000000000000-0000000003ffe000\n[    0.000000]   NODE_DATA [0000000003ff6000 - 0000000003ffafff]\n[    0.000000] Zone PFN ranges:\n[    0.000000]   DMA      0x00000010 -&gt; 0x00001000\n[    0.000000]   DMA32    0x00001000 -&gt; 0x00100000\n[    0.000000]   Normal   empty\n[    0.000000] Movable zone start PFN for each node\n[    0.000000] early_node_map[2] active PFN ranges\n[    0.000000]     0: 0x00000010 -&gt; 0x0000009f\n[    0.000000]     0: 0x00000100 -&gt; 0x00003ffe\n[    0.000000] ACPI: PM-Timer IO Port: 0xb008\n[    0.000000] ACPI: LAPIC (acpi_id[0x00] lapic_id[0x00] enabled)\n[    0.000000] ACPI: LAPIC_NMI (acpi_id[0xff] dfl dfl lint[0x1])\n[    0.000000] ACPI: IOAPIC (id[0x00] address[0xfec00000] gsi_base[0])\n[    0.000000] IOAPIC[0]: apic_id 0, version 17, address 0xfec00000, GSI 0-23\n[    0.000000] ACPI: INT_SRC_OVR (bus 0 bus_irq 0 global_irq 2 dfl dfl)\n[    0.000000] ACPI: INT_SRC_OVR (bus 0 bus_irq 5 global_irq 5 high level)\n[    0.000000] ACPI: INT_SRC_OVR (bus 0 bus_irq 9 global_irq 9 high level)\n[    0.000000] ACPI: INT_SRC_OVR (bus 0 bus_irq 10 global_irq 10 high level)\n[    0.000000] ACPI: INT_SRC_OVR (bus 0 bus_irq 11 global_irq 11 high level)\n[    0.000000] Using ACPI (MADT) for SMP configuration information\n[    0.000000] ACPI: HPET id: 0x8086a201 base: 0xfed00000\n[    0.000000] SMP: Allowing 1 CPUs, 0 hotplug CPUs\n[    0.000000] PM: Registered nosave memory: 000000000009f000 - 00000000000a0000\n[    0.000000] PM: Registered nosave memory: 00000000000a0000 - 00000000000f0000\n[    0.000000] PM: Registered nosave memory: 00000000000f0000 - 0000000000100000\n[    0.000000] Allocating PCI resources starting at 4000000 (gap: 4000000:fbfc0000)\n[    0.000000] Booting paravirtualized kernel on bare hardware\n[    0.000000] setup_pe
2016-01-08 15:37:00,797 4737 DEBUG    [tempest.scenario.manager] Console output for 54c7ba50-20bd-474e-9ab0-3f0215a8d994
body=
[    0.000000] Initializing cgroup subsys cpuset
[    0.000000] Initializing cgroup subsys cpu
[    0.000000] Linux version 3.2.0-80-virtual (buildd@batsu) (gcc version 4.6.3 (Ubuntu/Linaro 4.6.3-1ubuntu5) ) #116-Ubuntu SMP Mon Mar 23 17:28:52 UTC 2015 (Ubuntu 3.2.0-80.116-virtual 3.2.68)
[    0.000000] Command line: root=/dev/vda console=tty0 console=ttyS0 no_timer_check
[    0.000000] KERNEL supported cpus:
[    0.000000]   Intel GenuineIntel
[    0.000000]   AMD AuthenticAMD
[    0.000000]   Centaur CentaurHauls
[    0.000000] BIOS-provided physical RAM map:
[    0.000000]  BIOS-e820: 0000000000000000 - 000000000009fc00 (usable)
[    0.000000]  BIOS-e820: 000000000009fc00 - 00000000000a0000 (reserved)
[    0.000000]  BIOS-e820: 00000000000f0000 - 0000000000100000 (reserved)
[    0.000000]  BIOS-e820: 0000000000100000 - 0000000003ffe000 (usable)
[    0.000000]  BIOS-e820: 0000000003ffe000 - 0000000004000000 (reserved)
[    0.000000]  BIOS-e820: 00000000fffc0000 - 0000000100000000 (reserved)
[    0.000000] NX (Execute Disable) protection: active
[    0.000000] SMBIOS 2.4 present.
[    0.000000] No AGP bridge found
[    0.000000] last_pfn = 0x3ffe max_arch_pfn = 0x400000000
[    0.000000] x86 PAT enabled: cpu 0, old 0x7040600070406, new 0x7010600070106
[    0.000000] found SMP MP-table at [ffff8800000f0b00] f0b00
[    0.000000] init_memory_mapping: 0000000000000000-0000000003ffe000
[    0.000000] RAMDISK: 03c5e000 - 03ff0000
[    0.000000] ACPI: RSDP 00000000000f0950 00014 (v00 BOCHS )
[    0.000000] ACPI: RSDT 0000000003fffbc1 00034 (v01 BOCHS  BXPCRSDT 00000001 BXPC 00000001)
[    0.000000] ACPI: FACP 0000000003fff1c0 00074 (v01 BOCHS  BXPCFACP 00000001 BXPC 00000001)
[    0.000000] ACPI: DSDT 0000000003ffe040 01180 (v01 BOCHS  BXPCDSDT 00000001 BXPC 00000001)
[    0.000000] ACPI: FACS 0000000003ffe000 00040
[    0.000000] ACPI: SSDT 0000000003fff234 008DD (v01 BOCHS  BXPCSSDT 00000001 BXPC 00000001)
[    0.000000] ACPI: APIC 0000000003fffb11 00078 (v01 BOCHS  BXPCAPIC 00000001 BXPC 00000001)
[    0.000000] ACPI: HPET 0000000003fffb89 00038 (v01 BOCHS  BXPCHPET 00000001 BXPC 00000001)
[    0.000000] No NUMA configuration found
[    0.000000] Faking a node at 0000000000000000-0000000003ffe000
[    0.000000] Initmem setup node 0 0000000000000000-0000000003ffe000
[    0.000000]   NODE_DATA [0000000003ff6000 - 0000000003ffafff]
[    0.000000] Zone PFN ranges:
[    0.000000]   DMA      0x00000010 -&gt; 0x00001000
[    0.000000]   DMA32    0x00001000 -&gt; 0x00100000
[    0.000000]   Normal   empty
[    0.000000] Movable zone start PFN for each node
[    0.000000] early_node_map[2] active PFN ranges
[    0.000000]     0: 0x00000010 -&gt; 0x0000009f
[    0.000000]     0: 0x00000100 -&gt; 0x00003ffe
[    0.000000] ACPI: PM-Timer IO Port: 0xb008
[    0.000000] ACPI: LAPIC (acpi_id[0x00] lapic_id[0x00] enabled)
[    0.000000] ACPI: LAPIC_NMI (acpi_id[0xff] dfl dfl lint[0x1])
[    0.000000] ACPI: IOAPIC (id[0x00] address[0xfec00000] gsi_base[0])
[    0.000000] IOAPIC[0]: apic_id 0, version 17, address 0xfec00000, GSI 0-23
[    0.000000] ACPI: INT_SRC_OVR (bus 0 bus_irq 0 global_irq 2 dfl dfl)
[    0.000000] ACPI: INT_SRC_OVR (bus 0 bus_irq 5 global_irq 5 high level)
[    0.000000] ACPI: INT_SRC_OVR (bus 0 bus_irq 9 global_irq 9 high level)
[    0.000000] ACPI: INT_SRC_OVR (bus 0 bus_irq 10 global_irq 10 high level)
[    0.000000] ACPI: INT_SRC_OVR (bus 0 bus_irq 11 global_irq 11 high level)
[    0.000000] Using ACPI (MADT) for SMP configuration information
[    0.000000] ACPI: HPET id: 0x8086a201 base: 0xfed00000
[    0.000000] SMP: Allowing 1 CPUs, 0 hotplug CPUs
[    0.000000] PM: Registered nosave memory: 000000000009f000 - 00000000000a0000
[    0.000000] PM: Registered nosave memory: 00000000000a0000 - 00000000000f0000
[    0.000000] PM: Registered nosave memory: 00000000000f0000 - 0000000000100000
[    0.000000] Allocating PCI resources starting at 4000000 (gap: 4000000:fbfc0000)
[    0.000000] Booting paravirtualized kernel on bare hardware
[    0.000000] setup_percpu: NR_CPUS:64 nr_cpumask_bits:64 nr_cpu_ids:1 nr_node_ids:1
[    0.000000] PERCPU: Embedded 27 pages/cpu @ffff880003a00000 s78848 r8192 d23552 u2097152
[    0.000000] Built 1 zonelists in Node order, mobility grouping on.  Total pages: 16008
[    0.000000] Policy zone: DMA32
[    0.000000] Kernel command line: root=/dev/vda console=tty0 console=ttyS0 no_timer_check
[    0.000000] PID hash table entries: 256 (order: -1, 2048 bytes)
[    0.000000] Checking aperture...
[    0.000000] No AGP bridge found
[    0.000000] Memory: 43492k/65528k available (6576k kernel code, 452k absent, 21584k reserved, 6620k data, 928k init)
[    0.000000] SLUB: Genslabs=15, HWalign=64, Order=0-3, MinObjects=0, CPUs=1, Nodes=1
[    0.000000] Hierarchical RCU implementation.
[    0.000000] 	RCU dyntick-idle grace-period acceleration is enabled.
[    0.000000] NR_IRQS:4352 nr_irqs:256 16
[    0.000000] Console: colour VGA+ 80x25
[    0.000000] console [tty0] enabled
[    0.000000] console [ttyS0] enabled
[    0.000000] allocated 1048576 bytes of page_cgroup
[    0.000000] please try 'cgroup_disable=memory' option if you don't want memory cgroups
[    0.000000] Fast TSC calibration failed
[    0.000000] TSC: Unable to calibrate against PIT
[    0.000000] TSC: using HPET reference calibration
[    0.000000] Detected 2295.942 MHz processor.
[    0.036981] Calibrating delay loop (skipped), value calculated using timer frequency.. 4591.88 BogoMIPS (lpj=9183768)
[    0.044311] pid_max: default: 32768 minimum: 301
[    0.052315] Security Framework initialized
[    0.057451] AppArmor: AppArmor initialized
[    0.057973] Yama: becoming mindful.
[    0.065106] Dentry cache hash table entries: 8192 (order: 4, 65536 bytes)
[    0.068589] Inode-cache hash table entries: 4096 (order: 3, 32768 bytes)
[    0.069965] Mount-cache hash table entries: 256
[    0.086687] Initializing cgroup subsys cpuacct
[    0.088320] Initializing cgroup subsys memory
[    0.089553] Initializing cgroup subsys devices
[    0.090267] Initializing cgroup subsys freezer
[    0.091019] Initializing cgroup subsys blkio
[    0.092376] Initializing cgroup subsys perf_event
[    0.102192] mce: CPU supports 10 MCE banks
[    0.108250] SMP alternatives: switching to UP code
[    0.549849] Freeing SMP alternatives: 24k freed
[    0.552272] ACPI: Core revision 20110623
[    0.606001] ftrace: allocating 26610 entries in 105 pages
[    0.638944] ..TIMER: vector=0x30 apic1=0 pin1=2 apic2=-1 pin2=-1
[    0.640160] CPU0: AMD QEMU Virtual CPU version 2.0.0 stepping 03
[    0.644039] Performance Events: Broken PMU hardware detected, using software events only.
[    0.652911] NMI watchdog disabled (cpu0): hardware events not enabled
[    0.654580] Brought up 1 CPUs
[    0.654988] Total of 1 processors activated (4591.88 BogoMIPS).
[    0.681345] devtmpfs: initialized
[    0.725416] EVM: security.selinux
[    0.726185] EVM: security.SMACK64
[    0.726660] EVM: security.capability
[    0.748163] print_constraints: dummy: 
[    0.749956] RTC time: 15:35:00, date: 01/08/16
[    0.753069] NET: Registered protocol family 16
[    0.760907] ACPI: bus type pci registered
[    0.765110] PCI: Using configuration type 1 for base access
[    0.793988] bio: create slab &lt;bio-0&gt; at 0
[    0.798180] ACPI: Added _OSI(Module Device)
[    0.798890] ACPI: Added _OSI(Processor Device)
[    0.800115] ACPI: Added _OSI(3.0 _SCP Extensions)
[    0.800789] ACPI: Added _OSI(Processor Aggregator Device)
[    0.877945] ACPI: Interpreter enabled
[    0.878585] ACPI: (supports S0 S3 S4 S5)
[    0.880946] ACPI: Using IOAPIC for interrupt routing
[    0.956664] ACPI: No dock devices found.
[    0.957302] HEST: Table not found.
[    0.957830] PCI: Using host bridge windows from ACPI; if necessary, use "pci=nocrs" and report a bug
[    0.963376] ACPI: PCI Root Bridge [PCI0] (domain 0000 [bus 00-ff])
[    0.970077] pci_root PNP0A03:00: host bridge window [io  0x0000-0x0cf7]
[    0.970896] pci_root PNP0A03:00: host bridge window [io  0x0d00-0xadff]
[    0.972127] pci_root PNP0A03:00: host bridge window [io  0xae0f-0xaeff]
[    0.973045] pci_root PNP0A03:00: host bridge window [io  0xaf20-0xafdf]
[    0.973883] pci_root PNP0A03:00: host bridge window [io  0xafe4-0xffff]
[    0.974816] pci_root PNP0A03:00: host bridge window [mem 0x000a0000-0x000bffff]
[    0.976116] pci_root PNP0A03:00: host bridge window [mem 0x04000000-0xfebfffff]
[    0.998220] pci 0000:00:01.3: quirk: [io  0xb000-0xb03f] claimed by PIIX4 ACPI
[    1.000159] pci 0000:00:01.3: quirk: [io  0xb100-0xb10f] claimed by PIIX4 SMB
[    1.075677]  pci0000:00: Unable to request _OSC control (_OSC support mask: 0x1e)
[    1.129331] ACPI: PCI Interrupt Link [LNKA] (IRQs 5 *10 11)
[    1.131309] ACPI: PCI Interrupt Link [LNKB] (IRQs 5 *10 11)
[    1.133295] ACPI: PCI Interrupt Link [LNKC] (IRQs 5 10 *11)
[    1.134714] ACPI: PCI Interrupt Link [LNKD] (IRQs 5 10 *11)
[    1.136834] ACPI: PCI Interrupt Link [LNKS] (IRQs *9)
[    1.142852] vgaarb: device added: PCI:0000:00:02.0,decodes=io+mem,owns=io+mem,locks=none
[    1.144189] vgaarb: loaded
[    1.144548] vgaarb: bridge control possible 0000:00:02.0
[    1.148871] i2c-core: driver [aat2870] using legacy suspend method
[    1.149532] i2c-core: driver [aat2870] using legacy resume method
[    1.152273] SCSI subsystem initialized
[    1.155261] usbcore: registered new interface driver usbfs
[    1.156633] usbcore: registered new interface driver hub
[    1.157766] usbcore: registered new device driver usb
[    1.162070] PCI: Using ACPI for IRQ routing
[    1.177027] NetLabel: Initializing
[    1.177764] NetLabel:  domain hash size = 128
[    1.178250] NetLabel:  protocols = UNLABELED CIPSOv4
[    1.181275] NetLabel:  unlabeled traffic allowed by default
[    1.183313] HPET: 3 timers in total, 0 timers will be used for per-cpu timer
[    1.184212] hpet0: at MMIO 0xfed00000, IRQs 2, 8, 0
[    1.185067] hpet0: 3 comparators, 64-bit 100.000000 MHz counter
[    1.194244] Switching to clocksource hpet
[    1.451522] AppArmor: AppArmor Filesystem Enabled
[    1.453961] pnp: PnP ACPI init
[    1.454585] ACPI: bus type pnp registered
[    1.475737] pnp: PnP ACPI: found 9 devices
[    1.477189] ACPI: ACPI bus type pnp unregistered
[    1.533491] NET: Registered protocol family 2
[    1.579161] IP route cache hash table entries: 512 (order: 0, 4096 bytes)
[    1.587662] TCP established hash table entries: 2048 (order: 3, 32768 bytes)
[    1.590415] TCP bind hash table entries: 2048 (order: 3, 32768 bytes)
[    1.591420] TCP: Hash tables configured (established 2048 bind 2048)
[    1.593001] TCP reno registered
[    1.593656] UDP hash table entries: 128 (order: 0, 4096 bytes)
[    1.594612] UDP-Lite hash table entries: 128 (order: 0, 4096 bytes)
[    1.598126] NET: Registered protocol family 1
[    1.598741] pci 0000:00:00.0: Limiting direct PCI/PCI transfers
[    1.599605] pci 0000:00:01.0: PIIX3: Enabling Passive Release
[    1.601395] pci 0000:00:01.0: Activating ISA DMA hang workarounds
[    1.606369] ACPI: PCI Interrupt Link [LNKD] enabled at IRQ 11
[    1.607716] pci 0000:00:01.2: PCI INT D -&gt; Link[LNKD] -&gt; GSI 11 (level, high) -&gt; IRQ 11
[    1.610394] pci 0000:00:01.2: PCI INT D disabled
[    1.630503] Trying to unpack rootfs image as initramfs...
[    1.647829] audit: initializing netlink socket (disabled)
[    1.650530] type=2000 audit(1452267300.648:1): initialized
[    1.896227] HugeTLB registered 2 MB page size, pre-allocated 0 pages
[    1.985187] VFS: Disk quotas dquot_6.5.2
[    1.986225] Dquot-cache hash table entries: 512 (order 0, 4096 bytes)
[    2.009034] fuse init (API version 7.17)
[    2.011577] msgmni has been set to 84
[    2.043469] Block layer SCSI generic (bsg) driver version 0.4 loaded (major 253)
[    2.053929] io scheduler noop registered
[    2.054449] io scheduler deadline registered (default)
[    2.055569] io scheduler cfq registered
[    2.058990] pci_hotplug: PCI Hot Plug PCI Core version: 0.5
[    2.061484] pciehp: PCI Express Hot Plug Controller Driver version: 0.4
[    2.066586] input: Power Button as /devices/LNXSYSTM:00/LNXPWRBN:00/input/input0
[    2.068590] ACPI: Power Button [PWRF]
[    2.110458] ERST: Table is not found!
[    2.111015] GHES: HEST is not enabled!
[    2.125950] ACPI: PCI Interrupt Link [LNKC] enabled at IRQ 10
[    2.126688] virtio-pci 0000:00:03.0: PCI INT A -&gt; Link[LNKC] -&gt; GSI 10 (level, high) -&gt; IRQ 10
[    2.130570] virtio-pci 0000:00:04.0: PCI INT A -&gt; Link[LNKD] -&gt; GSI 11 (level, high) -&gt; IRQ 11
[    2.142955] ACPI: PCI Interrupt Link [LNKA] enabled at IRQ 10
[    2.143689] virtio-pci 0000:00:05.0: PCI INT A -&gt; Link[LNKA] -&gt; GSI 10 (level, high) -&gt; IRQ 10
[    2.153654] Serial: 8250/16550 driver, 32 ports, IRQ sharing enabled
[    2.188070] serial8250: ttyS0 at I/O 0x3f8 (irq = 4) is a 16550A
[    2.268167] serial8250: ttyS1 at I/O 0x2f8 (irq = 3) is a 16550A
[    2.400885] 00:05: ttyS0 at I/O 0x3f8 (irq = 4) is a 16550A
[    2.475306] 00:06: ttyS1 at I/O 0x2f8 (irq = 3) is a 16550A
[    2.519503] Linux agpgart interface v0.103
[    2.578678] brd: module loaded
[    2.607719] loop: module loaded
[    2.617256] Refined TSC clocksource calibration: 2295.983 MHz.
[    2.618013] Switching to clocksource tsc
[    2.665771]  vda: unknown partition table
[    2.721232] scsi0 : ata_piix
[    2.730040] scsi1 : ata_piix
[    2.731328] ata1: PATA max MWDMA2 cmd 0x1f0 ctl 0x3f6 bmdma 0xc0a0 irq 14
[    2.732078] ata2: PATA max MWDMA2 cmd 0x170 ctl 0x376 bmdma 0xc0a8 irq 15
[    2.742364] Fixed MDIO Bus: probed
[    2.743722] tun: Universal TUN/TAP device driver, 1.6
[    2.745059] tun: (C) 1999-2004 Max Krasnyansky &lt;maxk@qualcomm.com&gt;
[    2.757428] PPP generic driver version 2.4.2
[    2.785217] ehci_hcd: USB 2.0 'Enhanced' Host Controller (EHCI) Driver
[    2.786290] ohci_hcd: USB 1.1 'Open' Host Controller (OHCI) Driver
[    2.787281] uhci_hcd: USB Universal Host Controller Interface driver
[    2.789185] uhci_hcd 0000:00:01.2: PCI INT D -&gt; Link[LNKD] -&gt; GSI 11 (level, high) -&gt; IRQ 11
[    2.791838] uhci_hcd 0000:00:01.2: UHCI Host Controller
[    2.803472] uhci_hcd 0000:00:01.2: new USB bus registered, assigned bus number 1
[    2.809225] uhci_hcd 0000:00:01.2: irq 11, io base 0x0000c040
[    2.843725] hub 1-0:1.0: USB hub found
[    2.845478] hub 1-0:1.0: 2 ports detected
[    2.861933] usbcore: registered new interface driver libusual
[    2.867623] i8042: PNP: PS/2 Controller [PNP0303:KBD,PNP0f13:MOU] at 0x60,0x64 irq 1,12
[    2.877738] serio: i8042 KBD port at 0x60,0x64 irq 1
[    2.879233] serio: i8042 AUX port at 0x60,0x64 irq 12
[    2.951745] mousedev: PS/2 mouse device common for all mice
[    2.961035] ata2.01: ATAPI: QEMU DVD-ROM, 2.0.0, max UDMA/100
[    2.987226] input: AT Translated Set 2 keyboard as /devices/platform/i8042/serio0/input/input1
[    2.991421] rtc_cmos 00:01: RTC can wake from S4
[    3.002555] rtc_cmos 00:01: rtc core: registered rtc_cmos as rtc0
[    3.007698] rtc0: alarms up to one day, 114 bytes nvram, hpet irqs
[    3.012019] device-mapper: uevent: version 1.0.3
[    3.030209] ata2.01: configured for MWDMA2
[    3.077078] device-mapper: ioctl: 4.22.0-ioctl (2011-10-19) initialised: dm-devel@redhat.com
[    3.084088] cpuidle: using governor ladder
[    3.087008] cpuidle: using governor menu
[    3.089627] EFI Variables Facility v0.08 2004-May-17
[    3.099719] TCP cubic registered
[    3.104040] NET: Registered protocol family 10
[    3.139618] NET: Registered protocol family 17
[    3.141190] Registering the dns_resolver key type
[    3.172147] scsi 1:0:1:0: CD-ROM            QEMU     QEMU DVD-ROM     2.0. PQ: 0 ANSI: 5
[    3.202595] sr0: scsi3-mmc drive: 4x/4x cd/rw xa/form2 tray
[    3.204210] cdrom: Uniform CD-ROM driver Revision: 3.20
[    3.228544] sr 1:0:1:0: Attached scsi generic sg0 type 5
[    3.277221] registered taskstats version 1
[    3.354489] Freeing initrd memory: 3656k freed
[    3.925387]   Magic number: 0:190:588
[    3.932670] rtc_cmos 00:01: setting system clock to 2016-01-08 15:35:04 UTC (1452267304)
[    3.934660] powernow-k8: Processor cpuid 663 not supported
[    3.939288] BIOS EDD facility v0.16 2004-Jun-25, 0 devices found
[    3.940087] EDD information not available.
[    3.986237] Freeing unused kernel memory: 928k freed
[    3.990200] Write protecting the kernel read-only data: 12288k
[    4.078263] Freeing unused kernel memory: 1596k freed
[    4.134829] Freeing unused kernel memory: 1184k freed

info: initramfs: up at 4.30
modprobe: module virtio_blk not found in modules.dep
modprobe: module virtio_net not found in modules.dep
info: copying initramfs to /dev/vda
info: initramfs loading root from /dev/vda
info: /etc/init.d/rc.sysinit: up at 9.06
info: container: none
Starting logging: OK
modprobe: module virtio_blk not found in modules.dep
modprobe: module virtio_net not found in modules.dep
WARN: /etc/rc3.d/S10-load-modules failed
Initializing random number generator... done.
Starting acpid: OK
cirros-ds 'local' up at 11.60
found datasource (configdrive, local)
Starting network...
udhcpc (v1.20.1) started
Sending discover...
Sending discover...

2016-01-08 15:37:01,071 4737 INFO     [tempest_lib.common.rest_client] Request (TestNetworkBasicOps:_run_cleanups): 204 DELETE http://10.0.2.15:9696/v2.0/floatingips/859483d6-e429-4e10-a1e3-249660e4b1dd 0.268s
2016-01-08 15:37:01,072 4737 DEBUG    [tempest_lib.common.rest_client] Request - Headers: {'Content-Type': 'application/json', 'Accept': 'application/json', 'X-Auth-Token': '&lt;omitted&gt;'}
        Body: None
    Response - Headers: {'date': 'Fri, 08 Jan 2016 15:37:01 GMT', 'status': '204', 'connection': 'close', 'content-length': '0', 'x-openstack-request-id': 'req-dec3448b-b398-4133-92ae-6776c732b922'}
        Body: 
2016-01-08 15:37:01,278 4737 INFO     [tempest_lib.common.rest_client] Request (TestNetworkBasicOps:_run_cleanups): 204 DELETE http://10.0.2.15:8774/v2.1/fa627339b36e4f19ab8f2fdb07218f88/servers/54c7ba50-20bd-474e-9ab0-3f0215a8d994 0.206s
2016-01-08 15:37:01,279 4737 DEBUG    [tempest_lib.common.rest_client] Request - Headers: {'Content-Type': 'application/json', 'Accept': 'application/json', 'X-Auth-Token': '&lt;omitted&gt;'}
        Body: None
    Response - Headers: {'status': '204', 'content-length': '0', 'x-compute-request-id': 'req-2cde98c8-c33d-4127-873a-659481342e38', 'vary': 'X-OpenStack-Nova-API-Version', 'connection': 'close', 'x-openstack-nova-api-version': '2.1', 'date': 'Fri, 08 Jan 2016 15:37:01 GMT', 'content-type': 'application/json'}
        Body: 
2016-01-08 15:37:01,493 4737 INFO     [tempest_lib.common.rest_client] Request (TestNetworkBasicOps:_run_cleanups): 200 GET http://10.0.2.15:8774/v2.1/fa627339b36e4f19ab8f2fdb07218f88/servers/54c7ba50-20bd-474e-9ab0-3f0215a8d994 0.213s
2016-01-08 15:37:01,494 4737 DEBUG    [tempest_lib.common.rest_client] Request - Headers: {'Content-Type': 'application/json', 'Accept': 'application/json', 'X-Auth-Token': '&lt;omitted&gt;'}
        Body: None
    Response - Headers: {'status': '200', 'content-length': '1775', 'content-location': 'http://10.0.2.15:8774/v2.1/fa627339b36e4f19ab8f2fdb07218f88/servers/54c7ba50-20bd-474e-9ab0-3f0215a8d994', 'x-compute-request-id': 'req-e1b33bc3-b3f9-4ba4-8b3f-7bac921f7aaa', 'vary': 'X-OpenStack-Nova-API-Version', 'connection': 'close', 'x-openstack-nova-api-version': '2.1', 'date': 'Fri, 08 Jan 2016 15:37:01 GMT', 'content-type': 'application/json'}
        Body: {"server": {"status": "ACTIVE", "updated": "2016-01-08T15:37:01Z", "hostId": "7a9812b75b88184050ac81def4aa38ccccdc9d54bc621e839b93301f", "addresses": {"tempest-network-smoke--1367176336": [{"OS-EXT-IPS-MAC:mac_addr": "fa:16:3e:13:78:dc", "version": 4, "addr": "10.100.0.3", "OS-EXT-IPS:type": "fixed"}, {"OS-EXT-IPS-MAC:mac_addr": "fa:16:3e:13:78:dc", "version": 4, "addr": "172.24.4.4", "OS-EXT-IPS:type": "floating"}]}, "links": [{"href": "http://10.0.2.15:8774/v2.1/fa627339b36e4f19ab8f2fdb07218f88/servers/54c7ba50-20bd-474e-9ab0-3f0215a8d994", "rel": "self"}, {"href": "http://10.0.2.15:8774/fa627339b36e4f19ab8f2fdb07218f88/servers/54c7ba50-20bd-474e-9ab0-3f0215a8d994", "rel": "bookmark"}], "key_name": "tempest-TestNetworkBasicOps-656582292", "image": {"id": "cbd0f5ae-115b-4b91-85e4-33ee4c2b0a3e", "links": [{"href": "http://10.0.2.15:8774/fa627339b36e4f19ab8f2fdb07218f88/images/cbd0f5ae-115b-4b91-85e4-33ee4c2b0a3e", "rel": "bookmark"}]}, "OS-EXT-STS:task_state": "deleting", "OS-EXT-STS:vm_state": "active", "OS-SRV-USG:launched_at": "2016-01-08T15:34:56.000000", "flavor": {"id": "42", "links": [{"href": "http://10.0.2.15:8774/fa627339b36e4f19ab8f2fdb07218f88/flavors/42", "rel": "bookmark"}]}, "id": "54c7ba50-20bd-474e-9ab0-3f0215a8d994", "security_groups": [{"name": "tempest-secgroup-smoke-1251553536"}], "OS-SRV-USG:terminated_at": null, "OS-EXT-AZ:availability_zone": "nova", "user_id": "29708992633445c1b359b4d5ad0c01ad", "name": "tempest.common.compute-instance-595013962", "created": "2016-01-08T15:34:53Z", "tenant_id": "fa627339b36e4f19ab8f2fdb07218f88", "OS-DCF:diskConfig": "MANUAL", "os-extended-volumes:volumes_attached": [], "accessIPv4": "", "accessIPv6": "", "progress": 0, "OS-EXT-STS:power_state": 1, "config_drive": "True", "metadata": {}}}
2016-01-08 15:37:02,651 4737 INFO     [tempest_lib.common.rest_client] Request (TestNetworkBasicOps:_run_cleanups): 200 GET http://10.0.2.15:8774/v2.1/fa627339b36e4f19ab8f2fdb07218f88/servers/54c7ba50-20bd-474e-9ab0-3f0215a8d994 0.145s
2016-01-08 15:37:02,652 4737 DEBUG    [tempest_lib.common.rest_client] Request - Headers: {'Content-Type': 'application/json', 'Accept': 'application/json', 'X-Auth-Token': '&lt;omitted&gt;'}
        Body: None
    Response - Headers: {'status': '200', 'content-length': '1439', 'content-location': 'http://10.0.2.15:8774/v2.1/fa627339b36e4f19ab8f2fdb07218f88/servers/54c7ba50-20bd-474e-9ab0-3f0215a8d994', 'x-compute-request-id': 'req-0295dcd7-80a1-436e-a0af-24dbb10fe7e3', 'vary': 'X-OpenStack-Nova-API-Version', 'connection': 'close', 'x-openstack-nova-api-version': '2.1', 'date': 'Fri, 08 Jan 2016 15:37:02 GMT', 'content-type': 'application/json'}
        Body: {"server": {"status": "ACTIVE", "updated": "2016-01-08T15:37:02Z", "hostId": "7a9812b75b88184050ac81def4aa38ccccdc9d54bc621e839b93301f", "addresses": {}, "links": [{"href": "http://10.0.2.15:8774/v2.1/fa627339b36e4f19ab8f2fdb07218f88/servers/54c7ba50-20bd-474e-9ab0-3f0215a8d994", "rel": "self"}, {"href": "http://10.0.2.15:8774/fa627339b36e4f19ab8f2fdb07218f88/servers/54c7ba50-20bd-474e-9ab0-3f0215a8d994", "rel": "bookmark"}], "key_name": "tempest-TestNetworkBasicOps-656582292", "image": {"id": "cbd0f5ae-115b-4b91-85e4-33ee4c2b0a3e", "links": [{"href": "http://10.0.2.15:8774/fa627339b36e4f19ab8f2fdb07218f88/images/cbd0f5ae-115b-4b91-85e4-33ee4c2b0a3e", "rel": "bookmark"}]}, "OS-EXT-STS:task_state": "deleting", "OS-EXT-STS:vm_state": "active", "OS-SRV-USG:launched_at": "2016-01-08T15:34:56.000000", "flavor": {"id": "42", "links": [{"href": "http://10.0.2.15:8774/fa627339b36e4f19ab8f2fdb07218f88/flavors/42", "rel": "bookmark"}]}, "id": "54c7ba50-20bd-474e-9ab0-3f0215a8d994", "OS-SRV-USG:terminated_at": null, "OS-EXT-AZ:availability_zone": "nova", "user_id": "29708992633445c1b359b4d5ad0c01ad", "name": "tempest.common.compute-instance-595013962", "created": "2016-01-08T15:34:53Z", "tenant_id": "fa627339b36e4f19ab8f2fdb07218f88", "OS-DCF:diskConfig": "MANUAL", "os-extended-volumes:volumes_attached": [], "accessIPv4": "", "accessIPv6": "", "progress": 0, "OS-EXT-STS:power_state": 1, "config_drive": "True", "metadata": {}}}
2016-01-08 15:37:03,754 4737 INFO     [tempest_lib.common.rest_client] Request (TestNetworkBasicOps:_run_cleanups): 404 GET http://10.0.2.15:8774/v2.1/fa627339b36e4f19ab8f2fdb07218f88/servers/54c7ba50-20bd-474e-9ab0-3f0215a8d994 0.090s
2016-01-08 15:37:03,755 4737 DEBUG    [tempest_lib.common.rest_client] Request - Headers: {'Content-Type': 'application/json', 'Accept': 'application/json', 'X-Auth-Token': '&lt;omitted&gt;'}
        Body: None
    Response - Headers: {'status': '404', 'content-length': '111', 'x-compute-request-id': 'req-cf375819-ac1f-40c4-9adc-1be9098d3c5c', 'vary': 'X-OpenStack-Nova-API-Version', 'connection': 'close', 'x-openstack-nova-api-version': '2.1', 'date': 'Fri, 08 Jan 2016 15:37:03 GMT', 'content-type': 'application/json; charset=UTF-8'}
        Body: {"itemNotFound": {"message": "Instance 54c7ba50-20bd-474e-9ab0-3f0215a8d994 could not be found.", "code": 404}}
2016-01-08 15:37:03,783 4737 INFO     [tempest_lib.common.rest_client] Request (TestNetworkBasicOps:_run_cleanups): 202 DELETE http://10.0.2.15:8774/v2.1/fa627339b36e4f19ab8f2fdb07218f88/os-keypairs/tempest-TestNetworkBasicOps-656582292 0.027s
2016-01-08 15:37:03,784 4737 DEBUG    [tempest_lib.common.rest_client] Request - Headers: {'Content-Type': 'application/json', 'Accept': 'application/json', 'X-Auth-Token': '&lt;omitted&gt;'}
        Body: None
    Response - Headers: {'status': '202', 'content-length': '0', 'x-compute-request-id': 'req-024fbaeb-6d44-44fb-ae7b-84fca68055b5', 'vary': 'X-OpenStack-Nova-API-Version', 'connection': 'close', 'x-openstack-nova-api-version': '2.1', 'date': 'Fri, 08 Jan 2016 15:37:03 GMT', 'content-type': 'application/json'}
        Body: 
2016-01-08 15:37:04,224 4737 INFO     [tempest_lib.common.rest_client] Request (TestNetworkBasicOps:_run_cleanups): 200 PUT http://10.0.2.15:9696/v2.0/routers/ae2e03f0-796d-461e-bb98-4f028a988e7e/remove_router_interface 0.439s
2016-01-08 15:37:04,225 4737 DEBUG    [tempest_lib.common.rest_client] Request - Headers: {'Content-Type': 'application/json', 'Accept': 'application/json', 'X-Auth-Token': '&lt;omitted&gt;'}
        Body: {"subnet_id": "024ed9dc-37cb-415f-886a-c42421309108"}
    Response - Headers: {'status': '200', 'content-length': '255', 'connection': 'close', 'date': 'Fri, 08 Jan 2016 15:37:04 GMT', 'content-type': 'application/json; charset=UTF-8', 'x-openstack-request-id': 'req-aa341416-f11d-48bf-b2e2-118381f21720'}
        Body: {"subnet_id": "024ed9dc-37cb-415f-886a-c42421309108", "tenant_id": "fa627339b36e4f19ab8f2fdb07218f88", "subnet_ids": ["024ed9dc-37cb-415f-886a-c42421309108"], "port_id": "9c15bcb3-9c19-4b7f-ac6a-61439686d32a", "id": "ae2e03f0-796d-461e-bb98-4f028a988e7e"}
2016-01-08 15:37:04,730 4737 INFO     [tempest_lib.common.rest_client] Request (TestNetworkBasicOps:_run_cleanups): 204 DELETE http://10.0.2.15:9696/v2.0/subnets/024ed9dc-37cb-415f-886a-c42421309108 0.504s
2016-01-08 15:37:04,731 4737 DEBUG    [tempest_lib.common.rest_client] Request - Headers: {'Content-Type': 'application/json', 'Accept': 'application/json', 'X-Auth-Token': '&lt;omitted&gt;'}
        Body: None
    Response - Headers: {'date': 'Fri, 08 Jan 2016 15:37:04 GMT', 'status': '204', 'connection': 'close', 'content-length': '0', 'x-openstack-request-id': 'req-baa03f9f-83de-4517-83bc-4d4f03a65a13'}
        Body: 
2016-01-08 15:37:04,792 4737 INFO     [tempest_lib.common.rest_client] Request (TestNetworkBasicOps:_run_cleanups): 200 GET http://10.0.2.15:9696/v2.0/routers/ae2e03f0-796d-461e-bb98-4f028a988e7e 0.060s
2016-01-08 15:37:04,792 4737 DEBUG    [tempest_lib.common.rest_client] Request - Headers: {'Content-Type': 'application/json', 'Accept': 'application/json', 'X-Auth-Token': '&lt;omitted&gt;'}
        Body: None
    Response - Headers: {'status': '200', 'content-length': '564', 'content-location': 'http://10.0.2.15:9696/v2.0/routers/ae2e03f0-796d-461e-bb98-4f028a988e7e', 'connection': 'close', 'date': 'Fri, 08 Jan 2016 15:37:04 GMT', 'content-type': 'application/json; charset=UTF-8', 'x-openstack-request-id': 'req-d07c4e8d-64fc-4c4f-bd3a-ba07d491814c'}
        Body: {"router": {"status": "ACTIVE", "external_gateway_info": {"network_id": "ae0b7966-17bd-40a0-bd51-1e4fc52edec8", "enable_snat": true, "external_fixed_ips": [{"subnet_id": "8563b5f5-67c1-44e1-a4ee-00c9208daa82", "ip_address": "172.24.4.3"}, {"subnet_id": "2627a347-2e3d-4d25-bc0a-16ebd300c9cc", "ip_address": "2001:db8::3"}]}, "availability_zone_hints": [], "availability_zones": ["nova"], "name": "tempest-router-smoke-1451512138", "admin_state_up": true, "tenant_id": "fa627339b36e4f19ab8f2fdb07218f88", "routes": [], "id": "ae2e03f0-796d-461e-bb98-4f028a988e7e"}}
2016-01-08 15:37:05,299 4737 INFO     [tempest_lib.common.rest_client] Request (TestNetworkBasicOps:_run_cleanups): 200 PUT http://10.0.2.15:9696/v2.0/routers/ae2e03f0-796d-461e-bb98-4f028a988e7e 0.506s
2016-01-08 15:37:05,300 4737 DEBUG    [tempest_lib.common.rest_client] Request - Headers: {'Content-Type': 'application/json', 'Accept': 'application/json', 'X-Auth-Token': '&lt;omitted&gt;'}
        Body: {"router": {"external_gateway_info": {}, "name": "tempest-router-smoke-1451512138", "admin_state_up": true}}
    Response - Headers: {'status': '200', 'content-length': '302', 'connection': 'close', 'date': 'Fri, 08 Jan 2016 15:37:05 GMT', 'content-type': 'application/json; charset=UTF-8', 'x-openstack-request-id': 'req-7fbc5ac5-be01-411a-835f-59cd9c3dc386'}
        Body: {"router": {"status": "ACTIVE", "external_gateway_info": null, "availability_zone_hints": [], "availability_zones": ["nova"], "name": "tempest-router-smoke-1451512138", "admin_state_up": true, "tenant_id": "fa627339b36e4f19ab8f2fdb07218f88", "routes": [], "id": "ae2e03f0-796d-461e-bb98-4f028a988e7e"}}
2016-01-08 15:37:05,550 4737 INFO     [tempest_lib.common.rest_client] Request (TestNetworkBasicOps:_run_cleanups): 204 DELETE http://10.0.2.15:9696/v2.0/routers/ae2e03f0-796d-461e-bb98-4f028a988e7e 0.249s
2016-01-08 15:37:05,551 4737 DEBUG    [tempest_lib.common.rest_client] Request - Headers: {'Content-Type': 'application/json', 'Accept': 'application/json', 'X-Auth-Token': '&lt;omitted&gt;'}
        Body: None
    Response - Headers: {'date': 'Fri, 08 Jan 2016 15:37:05 GMT', 'status': '204', 'connection': 'close', 'content-length': '0', 'x-openstack-request-id': 'req-b36d3be6-6cee-40e4-85db-36f48e17567f'}
        Body: 
2016-01-08 15:37:05,766 4737 INFO     [tempest_lib.common.rest_client] Request (TestNetworkBasicOps:_run_cleanups): 204 DELETE http://10.0.2.15:9696/v2.0/networks/ff679329-daec-4c7c-86b4-1d99581f0d53 0.214s
2016-01-08 15:37:05,767 4737 DEBUG    [tempest_lib.common.rest_client] Request - Headers: {'Content-Type': 'application/json', 'Accept': 'application/json', 'X-Auth-Token': '&lt;omitted&gt;'}
        Body: None
    Response - Headers: {'date': 'Fri, 08 Jan 2016 15:37:05 GMT', 'status': '204', 'connection': 'close', 'content-length': '0', 'x-openstack-request-id': 'req-23fb3e6a-a108-41cb-84a5-cd63830b0f3a'}
        Body: 
2016-01-08 15:37:05,841 4737 INFO     [tempest_lib.common.rest_client] Request (TestNetworkBasicOps:_run_cleanups): 204 DELETE http://10.0.2.15:9696/v2.0/security-group-rules/59b58d0f-105f-4bcf-b033-15e99b83c387 0.073s
2016-01-08 15:37:05,842 4737 DEBUG    [tempest_lib.common.rest_client] Request - Headers: {'Content-Type': 'application/json', 'Accept': 'application/json', 'X-Auth-Token': '&lt;omitted&gt;'}
        Body: None
    Response - Headers: {'date': 'Fri, 08 Jan 2016 15:37:05 GMT', 'status': '204', 'connection': 'close', 'content-length': '0', 'x-openstack-request-id': 'req-ba3624b6-5fba-47fa-8c8c-e0c13e1fae54'}
        Body: 
2016-01-08 15:37:05,897 4737 INFO     [tempest_lib.common.rest_client] Request (TestNetworkBasicOps:_run_cleanups): 204 DELETE http://10.0.2.15:9696/v2.0/security-group-rules/43d35747-1f0d-4d96-911b-6d27e2ed0f25 0.055s
2016-01-08 15:37:05,898 4737 DEBUG    [tempest_lib.common.rest_client] Request - Headers: {'Content-Type': 'application/json', 'Accept': 'application/json', 'X-Auth-Token': '&lt;omitted&gt;'}
        Body: None
    Response - Headers: {'date': 'Fri, 08 Jan 2016 15:37:05 GMT', 'status': '204', 'connection': 'close', 'content-length': '0', 'x-openstack-request-id': 'req-e78c5e9d-3e9c-4149-9677-ecfc467a059c'}
        Body: 
2016-01-08 15:37:05,952 4737 INFO     [tempest_lib.common.rest_client] Request (TestNetworkBasicOps:_run_cleanups): 204 DELETE http://10.0.2.15:9696/v2.0/security-group-rules/6dcd2326-0cd1-460d-8b31-eccf6ed078b0 0.053s
2016-01-08 15:37:05,953 4737 DEBUG    [tempest_lib.common.rest_client] Request - Headers: {'Content-Type': 'application/json', 'Accept': 'application/json', 'X-Auth-Token': '&lt;omitted&gt;'}
        Body: None
    Response - Headers: {'date': 'Fri, 08 Jan 2016 15:37:05 GMT', 'status': '204', 'connection': 'close', 'content-length': '0', 'x-openstack-request-id': 'req-147b22e4-b83a-4ef4-b4e5-47690f100b8e'}
        Body: 
2016-01-08 15:37:06,010 4737 INFO     [tempest_lib.common.rest_client] Request (TestNetworkBasicOps:_run_cleanups): 204 DELETE http://10.0.2.15:9696/v2.0/security-group-rules/86f7e8be-a388-4642-95fa-cb83a9a9d715 0.056s
2016-01-08 15:37:06,010 4737 DEBUG    [tempest_lib.common.rest_client] Request - Headers: {'Content-Type': 'application/json', 'Accept': 'application/json', 'X-Auth-Token': '&lt;omitted&gt;'}
        Body: None
    Response - Headers: {'date': 'Fri, 08 Jan 2016 15:37:06 GMT', 'status': '204', 'connection': 'close', 'content-length': '0', 'x-openstack-request-id': 'req-72b993e3-7ea8-4520-a794-7c3c4be185bc'}
        Body: 
2016-01-08 15:37:06,069 4737 INFO     [tempest_lib.common.rest_client] Request (TestNetworkBasicOps:_run_cleanups): 204 DELETE http://10.0.2.15:9696/v2.0/security-group-rules/129be81a-9f3c-493a-9da5-e7682de8f5fe 0.058s
2016-01-08 15:37:06,069 4737 DEBUG    [tempest_lib.common.rest_client] Request - Headers: {'Content-Type': 'application/json', 'Accept': 'application/json', 'X-Auth-Token': '&lt;omitted&gt;'}
        Body: None
    Response - Headers: {'date': 'Fri, 08 Jan 2016 15:37:06 GMT', 'status': '204', 'connection': 'close', 'content-length': '0', 'x-openstack-request-id': 'req-ff3783de-9dbb-42d7-a0ce-218c65a4bcbb'}
        Body: 
