<?xml version="1.0" encoding="UTF-8"?>
<!DOCTYPE html PUBLIC "-//W3C//DTD XHTML 1.0 Strict//EN"
     "http://www.w3.org/TR/xhtml1/DTD/xhtml1-strict.dtd">
<html xmlns="http://www.w3.org/1999/xhtml">
<head>
    <title>Unit Test Report</title>
    <meta name="generator" content="subunit2html 0.1"/>
    <meta http-equiv="Content-Type" content="text/html; charset=UTF-8"/>
    
<style type="text/css" media="screen">
body        { font-family: verdana, arial, helvetica, sans-serif;
    font-size: 80%; }
table       { font-size: 100%; width: 100%;}
pre         { font-size: 80%; }

/* -- heading -------------------------------------------------------------- */
h1 {
        font-size: 16pt;
        color: gray;
}
.heading {
    margin-top: 0ex;
    margin-bottom: 1ex;
}

.heading .attribute {
    margin-top: 1ex;
    margin-bottom: 0;
}

.heading .description {
    margin-top: 4ex;
    margin-bottom: 6ex;
}

/* -- css div popup -------------------------------------------------------- */
a.popup_link {
}

a.popup_link:hover {
    color: red;
}

.popup_window {
    display: none;
    overflow-x: scroll;
    /*border: solid #627173 1px; */
    padding: 10px;
    background-color: #E6E6D6;
    font-family: "Ubuntu Mono", "Lucida Console", "Courier New", monospace;
    text-align: left;
    font-size: 8pt;
}

}
/* -- report --------------------------------------------------------------- */
#show_detail_line {
    margin-top: 3ex;
    margin-bottom: 1ex;
}
#result_table {
    width: 100%;
    border-collapse: collapse;
    border: 1px solid #777;
}
#header_row {
    font-weight: bold;
    color: white;
    background-color: #777;
}
#result_table td {
    border: 1px solid #777;
    padding: 2px;
}
#total_row  { font-weight: bold; }
.passClass  { background-color: #6c6; }
.failClass  { background-color: #c60; }
.errorClass { background-color: #c00; }
.passCase   { color: #6c6; }
.failCase   { color: #c60; font-weight: bold; }
.errorCase  { color: #c00; font-weight: bold; }
.hiddenRow  { display: none; }
.testcase   { margin-left: 2em; }
td.testname {width: 40%}
td.small {width: 40px}

/* -- ending --------------------------------------------------------------- */
#ending {
}

</style>

</head>
<body>
<script language="javascript" type="text/javascript"><!--
output_list = Array();

/* level - 0:Summary; 1:Failed; 2:All */
function showCase(level) {
    trs = document.getElementsByTagName("tr");
    for (var i = 0; i < trs.length; i++) {
        tr = trs[i];
        id = tr.id;
        if (id.substr(0,2) == 'ft') {
            if (level < 1) {
                tr.className = 'hiddenRow';
            }
            else {
                tr.className = '';
            }
        }
        if (id.substr(0,2) == 'pt') {
            if (level > 1) {
                tr.className = '';
            }
            else {
                tr.className = 'hiddenRow';
            }
        }
    }
}


function showClassDetail(cid, count) {
    var id_list = Array(count);
    var toHide = 1;
    for (var i = 0; i < count; i++) {
        tid0 = 't' + cid.substr(1) + '.' + (i+1);
        tid = 'f' + tid0;
        tr = document.getElementById(tid);
        if (!tr) {
            tid = 'p' + tid0;
            tr = document.getElementById(tid);
        }
        id_list[i] = tid;
        if (tr.className) {
            toHide = 0;
        }
    }
    for (var i = 0; i < count; i++) {
        tid = id_list[i];
        if (toHide) {
            document.getElementById('div_'+tid).style.display = 'none'
            document.getElementById(tid).className = 'hiddenRow';
        }
        else {
            document.getElementById(tid).className = '';
        }
    }
}


function showTestDetail(div_id){
    var details_div = document.getElementById(div_id)
    var displayState = details_div.style.display
    // alert(displayState)
    if (displayState != 'block' ) {
        displayState = 'block'
        details_div.style.display = 'block'
    }
    else {
        details_div.style.display = 'none'
    }
}


function html_escape(s) {
    s = s.replace(/&/g,'&amp;');
    s = s.replace(/</g,'&lt;');
    s = s.replace(/>/g,'&gt;');
    return s;
}

/* obsoleted by detail in <div>
function showOutput(id, name) {
    var w = window.open("", //url
                    name,
                    "resizable,scrollbars,status,width=800,height=450");
    d = w.document;
    d.write("<pre>");
    d.write(html_escape(output_list[id]));
    d.write("\n");
    d.write("<a href='javascript:window.close()'>close</a>\n");
    d.write("</pre>\n");
    d.close();
}
*/
--></script>

<div class='heading'>
<h1>Unit Test Report</h1>

<p class='attribute'><strong>Status:</strong> Pass 1 Failure 7 Skip 1</p>

<p class='description'></p>
</div>



<p id='show_detail_line'>Show
<a href='javascript:showCase(0)'>Summary</a>
<a href='javascript:showCase(1)'>Failed</a>
<a href='javascript:showCase(2)'>All</a>
</p>
<table id='result_table'>
<colgroup>
<col align='left' />
<col align='right' />
<col align='right' />
<col align='right' />
<col align='right' />
<col align='right' />
<col align='right' />
<col align='right' />
</colgroup>
<tr id='header_row'>
    <td>Test Group/Test case</td>
    <td>Count</td>
    <td>Pass</td>
    <td>Fail</td>
    <td>Error</td>
    <td>Skip</td>
    <td>View</td>
    <td> </td>
</tr>

<tr class='failClass'>
    <td class="testname">tempest.scenario.test_network_basic_ops.TestNetworkBasicOps</td>
    <td class="small">9</td>
    <td class="small">1</td>
    <td class="small">7</td>
    <td class="small">0</td>
    <td class="small">1</td>
    <td class="small"><a href="javascript:showClassDetail('c1',9)"
>Detail</a></td>
    <td> </td>
</tr>

<tr id='ft1.1' class='none'>
    <td class='failCase'><div class='testcase'>test_connectivity_between_vms_on_different_networks[compute,id-1546850e-fbaa-42f5-8b5f-03d8a6a95f15,network]</div></td>
    <td colspan='7' align='left'>

    <!--css div popup start-->
    <a class="popup_link" onfocus='this.blur();'
    href="javascript:showTestDetail('div_ft1.1')" >
        fail</a>

    <div id='div_ft1.1' class="popup_window">
        <div style='text-align: right; color:red;cursor:pointer'>
        <a onfocus='this.blur();'
onclick="document.getElementById('div_ft1.1').style.display = 'none' " >
           [x]</a>
        </div>
        <pre>
        
ft1.1: tempest.scenario.test_network_basic_ops.TestNetworkBasicOps.test_connectivity_between_vms_on_different_networks[compute,id-1546850e-fbaa-42f5-8b5f-03d8a6a95f15,network]_StringException: Empty attachments:
  stderr
  stdout

pythonlogging:'': {{{
2015-12-15 22:36:55,199 25220 INFO     [tempest_lib.common.rest_client] Request (TestNetworkBasicOps:test_connectivity_between_vms_on_different_networks): 201 POST http://10.0.2.15:9696/v2.0/security-groups 0.364s
2015-12-15 22:36:55,200 25220 DEBUG    [tempest_lib.common.rest_client] Request - Headers: {'Content-Type': 'application/json', 'Accept': 'application/json', 'X-Auth-Token': '&lt;omitted&gt;'}
        Body: {"security_group": {"tenant_id": "796bfc75b50e43d4abf7c453fe842e9f", "description": "tempest-secgroup-smoke-1429889110 description", "name": "tempest-secgroup-smoke-1429889110"}}
    Response - Headers: {'status': '201', 'content-length': '888', 'connection': 'close', 'date': 'Tue, 15 Dec 2015 22:36:55 GMT', 'content-type': 'application/json; charset=UTF-8', 'x-openstack-request-id': 'req-b455ad7b-24ec-4928-9131-31e8461b1072'}
        Body: {"security_group": {"tenant_id": "796bfc75b50e43d4abf7c453fe842e9f", "description": "tempest-secgroup-smoke-1429889110 description", "id": "9b6bf4a5-dba7-4cf7-9b5f-19b4e06b96e2", "security_group_rules": [{"remote_group_id": null, "direction": "egress", "remote_ip_prefix": null, "protocol": null, "ethertype": "IPv4", "tenant_id": "796bfc75b50e43d4abf7c453fe842e9f", "port_range_max": null, "port_range_min": null, "id": "2c535a3d-8e97-4ef6-869d-7e82d7a8f142", "security_group_id": "9b6bf4a5-dba7-4cf7-9b5f-19b4e06b96e2"}, {"remote_group_id": null, "direction": "egress", "remote_ip_prefix": null, "protocol": null, "ethertype": "IPv6", "tenant_id": "796bfc75b50e43d4abf7c453fe842e9f", "port_range_max": null, "port_range_min": null, "id": "e8c3ed24-8d96-420c-8da2-67171595fd8d", "security_group_id": "9b6bf4a5-dba7-4cf7-9b5f-19b4e06b96e2"}], "name": "tempest-secgroup-smoke-1429889110"}}
2015-12-15 22:36:55,335 25220 INFO     [tempest_lib.common.rest_client] Request (TestNetworkBasicOps:test_connectivity_between_vms_on_different_networks): 201 POST http://10.0.2.15:9696/v2.0/security-group-rules 0.133s
2015-12-15 22:36:55,336 25220 DEBUG    [tempest_lib.common.rest_client] Request - Headers: {'Content-Type': 'application/json', 'Accept': 'application/json', 'X-Auth-Token': '&lt;omitted&gt;'}
        Body: {"security_group_rule": {"direction": "ingress", "protocol": "tcp", "tenant_id": "796bfc75b50e43d4abf7c453fe842e9f", "port_range_max": 22, "security_group_id": "9b6bf4a5-dba7-4cf7-9b5f-19b4e06b96e2", "port_range_min": 22}}
    Response - Headers: {'status': '201', 'content-length': '340', 'connection': 'close', 'date': 'Tue, 15 Dec 2015 22:36:55 GMT', 'content-type': 'application/json; charset=UTF-8', 'x-openstack-request-id': 'req-7da2fa2c-c28b-49b5-9a63-fac3b6dd0706'}
        Body: {"security_group_rule": {"remote_group_id": null, "direction": "ingress", "remote_ip_prefix": null, "protocol": "tcp", "ethertype": "IPv4", "tenant_id": "796bfc75b50e43d4abf7c453fe842e9f", "port_range_max": 22, "port_range_min": 22, "id": "4f343252-aa3a-4424-9b0c-6c82679641dc", "security_group_id": "9b6bf4a5-dba7-4cf7-9b5f-19b4e06b96e2"}}
2015-12-15 22:36:55,593 25220 INFO     [tempest_lib.common.rest_client] Request (TestNetworkBasicOps:test_connectivity_between_vms_on_different_networks): 201 POST http://10.0.2.15:9696/v2.0/security-group-rules 0.256s
2015-12-15 22:36:55,594 25220 DEBUG    [tempest_lib.common.rest_client] Request - Headers: {'Content-Type': 'application/json', 'Accept': 'application/json', 'X-Auth-Token': '&lt;omitted&gt;'}
        Body: {"security_group_rule": {"direction": "egress", "protocol": "tcp", "tenant_id": "796bfc75b50e43d4abf7c453fe842e9f", "port_range_max": 22, "security_group_id": "9b6bf4a5-dba7-4cf7-9b5f-19b4e06b96e2", "port_range_min": 22}}
    Response - Headers: {'status': '201', 'content-length': '339', 'connection': 'close', 'date': 'Tue, 15 Dec 2015 22:36:55 GMT', 'content-type': 'application/json; charset=UTF-8', 'x-openstack-request-id': 'req-1e2a4d27-1d94-4fa6-a2d6-7f23c36955c6'}
        Body: {"security_group_rule": {"remote_group_id": null, "direction": "egress", "remote_ip_prefix": null, "protocol": "tcp", "ethertype": "IPv4", "tenant_id": "796bfc75b50e43d4abf7c453fe842e9f", "port_range_max": 22, "port_range_min": 22, "id": "3ef705bf-73ae-414b-bfd2-e227349be00e", "security_group_id": "9b6bf4a5-dba7-4cf7-9b5f-19b4e06b96e2"}}
2015-12-15 22:36:55,716 25220 INFO     [tempest_lib.common.rest_client] Request (TestNetworkBasicOps:test_connectivity_between_vms_on_different_networks): 201 POST http://10.0.2.15:9696/v2.0/security-group-rules 0.120s
2015-12-15 22:36:55,716 25220 DEBUG    [tempest_lib.common.rest_client] Request - Headers: {'Content-Type': 'application/json', 'Accept': 'application/json', 'X-Auth-Token': '&lt;omitted&gt;'}
        Body: {"security_group_rule": {"tenant_id": "796bfc75b50e43d4abf7c453fe842e9f", "direction": "ingress", "protocol": "icmp", "security_group_id": "9b6bf4a5-dba7-4cf7-9b5f-19b4e06b96e2"}}
    Response - Headers: {'status': '201', 'content-length': '345', 'connection': 'close', 'date': 'Tue, 15 Dec 2015 22:36:55 GMT', 'content-type': 'application/json; charset=UTF-8', 'x-openstack-request-id': 'req-cf0fc004-d794-4c6d-ac05-e1550c423cf8'}
        Body: {"security_group_rule": {"remote_group_id": null, "direction": "ingress", "remote_ip_prefix": null, "protocol": "icmp", "ethertype": "IPv4", "tenant_id": "796bfc75b50e43d4abf7c453fe842e9f", "port_range_max": null, "port_range_min": null, "id": "d3d6d347-69e7-43d8-9610-05e665c746c3", "security_group_id": "9b6bf4a5-dba7-4cf7-9b5f-19b4e06b96e2"}}
2015-12-15 22:36:55,830 25220 INFO     [tempest_lib.common.rest_client] Request (TestNetworkBasicOps:test_connectivity_between_vms_on_different_networks): 201 POST http://10.0.2.15:9696/v2.0/security-group-rules 0.113s
2015-12-15 22:36:55,830 25220 DEBUG    [tempest_lib.common.rest_client] Request - Headers: {'Content-Type': 'application/json', 'Accept': 'application/json', 'X-Auth-Token': '&lt;omitted&gt;'}
        Body: {"security_group_rule": {"tenant_id": "796bfc75b50e43d4abf7c453fe842e9f", "direction": "egress", "protocol": "icmp", "security_group_id": "9b6bf4a5-dba7-4cf7-9b5f-19b4e06b96e2"}}
    Response - Headers: {'status': '201', 'content-length': '344', 'connection': 'close', 'date': 'Tue, 15 Dec 2015 22:36:55 GMT', 'content-type': 'application/json; charset=UTF-8', 'x-openstack-request-id': 'req-4838f8dc-9f29-4dff-b597-e4f6d4e9f425'}
        Body: {"security_group_rule": {"remote_group_id": null, "direction": "egress", "remote_ip_prefix": null, "protocol": "icmp", "ethertype": "IPv4", "tenant_id": "796bfc75b50e43d4abf7c453fe842e9f", "port_range_max": null, "port_range_min": null, "id": "eb25a952-84d7-42ee-ae0d-0e0553ecad5b", "security_group_id": "9b6bf4a5-dba7-4cf7-9b5f-19b4e06b96e2"}}
2015-12-15 22:36:55,929 25220 INFO     [tempest_lib.common.rest_client] Request (TestNetworkBasicOps:test_connectivity_between_vms_on_different_networks): 201 POST http://10.0.2.15:9696/v2.0/security-group-rules 0.098s
2015-12-15 22:36:55,929 25220 DEBUG    [tempest_lib.common.rest_client] Request - Headers: {'Content-Type': 'application/json', 'Accept': 'application/json', 'X-Auth-Token': '&lt;omitted&gt;'}
        Body: {"security_group_rule": {"tenant_id": "796bfc75b50e43d4abf7c453fe842e9f", "direction": "ingress", "security_group_id": "9b6bf4a5-dba7-4cf7-9b5f-19b4e06b96e2", "protocol": "icmp", "ethertype": "IPv6"}}
    Response - Headers: {'status': '201', 'content-length': '345', 'connection': 'close', 'date': 'Tue, 15 Dec 2015 22:36:55 GMT', 'content-type': 'application/json; charset=UTF-8', 'x-openstack-request-id': 'req-efdd8e01-035e-4513-8722-0881b00e374d'}
        Body: {"security_group_rule": {"remote_group_id": null, "direction": "ingress", "remote_ip_prefix": null, "protocol": "icmp", "ethertype": "IPv6", "tenant_id": "796bfc75b50e43d4abf7c453fe842e9f", "port_range_max": null, "port_range_min": null, "id": "3fe3ef9f-51f3-4f8c-8fa0-2d52930d8265", "security_group_id": "9b6bf4a5-dba7-4cf7-9b5f-19b4e06b96e2"}}
2015-12-15 22:36:56,030 25220 INFO     [tempest_lib.common.rest_client] Request (TestNetworkBasicOps:test_connectivity_between_vms_on_different_networks): 201 POST http://10.0.2.15:9696/v2.0/security-group-rules 0.100s
2015-12-15 22:36:56,030 25220 DEBUG    [tempest_lib.common.rest_client] Request - Headers: {'Content-Type': 'application/json', 'Accept': 'application/json', 'X-Auth-Token': '&lt;omitted&gt;'}
        Body: {"security_group_rule": {"tenant_id": "796bfc75b50e43d4abf7c453fe842e9f", "direction": "egress", "security_group_id": "9b6bf4a5-dba7-4cf7-9b5f-19b4e06b96e2", "protocol": "icmp", "ethertype": "IPv6"}}
    Response - Headers: {'status': '201', 'content-length': '344', 'connection': 'close', 'date': 'Tue, 15 Dec 2015 22:36:56 GMT', 'content-type': 'application/json; charset=UTF-8', 'x-openstack-request-id': 'req-f53162e6-a53e-45a5-bf2e-e260ad99be18'}
        Body: {"security_group_rule": {"remote_group_id": null, "direction": "egress", "remote_ip_prefix": null, "protocol": "icmp", "ethertype": "IPv6", "tenant_id": "796bfc75b50e43d4abf7c453fe842e9f", "port_range_max": null, "port_range_min": null, "id": "1e175060-48ad-4df5-88b8-2897c6f82341", "security_group_id": "9b6bf4a5-dba7-4cf7-9b5f-19b4e06b96e2"}}
2015-12-15 22:36:56,218 25220 INFO     [tempest_lib.common.rest_client] Request (TestNetworkBasicOps:test_connectivity_between_vms_on_different_networks): 201 POST http://10.0.2.15:9696/v2.0/networks 0.186s
2015-12-15 22:36:56,219 25220 DEBUG    [tempest_lib.common.rest_client] Request - Headers: {'Content-Type': 'application/json', 'Accept': 'application/json', 'X-Auth-Token': '&lt;omitted&gt;'}
        Body: {"network": {"tenant_id": "796bfc75b50e43d4abf7c453fe842e9f", "name": "tempest-network-smoke--872348764"}}
    Response - Headers: {'status': '201', 'content-length': '328', 'connection': 'close', 'date': 'Tue, 15 Dec 2015 22:36:56 GMT', 'content-type': 'application/json; charset=UTF-8', 'x-openstack-request-id': 'req-fdec163e-df12-4b4d-8dda-f89a1ff6ffba'}
        Body: {"network": {"status": "ACTIVE", "subnets": [], "availability_zone_hints": "[]", "name": "tempest-network-smoke--872348764", "admin_state_up": true, "tenant_id": "796bfc75b50e43d4abf7c453fe842e9f", "mtu": 0, "router:external": false, "shared": false, "port_security_enabled": true, "id": "b145ec2a-02bd-4f51-b660-e8dcb7144aba"}}
2015-12-15 22:36:56,302 25220 INFO     [tempest_lib.common.rest_client] Request (TestNetworkBasicOps:test_connectivity_between_vms_on_different_networks): 201 POST http://10.0.2.15:9696/v2.0/routers 0.083s
2015-12-15 22:36:56,303 25220 DEBUG    [tempest_lib.common.rest_client] Request - Headers: {'Content-Type': 'application/json', 'Accept': 'application/json', 'X-Auth-Token': '&lt;omitted&gt;'}
        Body: {"router": {"tenant_id": "796bfc75b50e43d4abf7c453fe842e9f", "name": "tempest-router-smoke-1819178583", "admin_state_up": true}}
    Response - Headers: {'status': '201', 'content-length': '296', 'connection': 'close', 'date': 'Tue, 15 Dec 2015 22:36:56 GMT', 'content-type': 'application/json; charset=UTF-8', 'x-openstack-request-id': 'req-1412e39f-fa00-40cc-9bc7-aea78d05a949'}
        Body: {"router": {"status": "ACTIVE", "external_gateway_info": null, "availability_zone_hints": [], "availability_zones": [], "name": "tempest-router-smoke-1819178583", "admin_state_up": true, "tenant_id": "796bfc75b50e43d4abf7c453fe842e9f", "routes": [], "id": "ddbecfc6-8786-438e-92a7-f7aadf85c5d8"}}
2015-12-15 22:36:56,357 25220 INFO     [tempest_lib.common.rest_client] Request (TestNetworkBasicOps:test_connectivity_between_vms_on_different_networks): 200 GET http://10.0.2.15:9696/v2.0/routers/ddbecfc6-8786-438e-92a7-f7aadf85c5d8 0.053s
2015-12-15 22:36:56,357 25220 DEBUG    [tempest_lib.common.rest_client] Request - Headers: {'Content-Type': 'application/json', 'Accept': 'application/json', 'X-Auth-Token': '&lt;omitted&gt;'}
        Body: None
    Response - Headers: {'status': '200', 'content-length': '296', 'content-location': 'http://10.0.2.15:9696/v2.0/routers/ddbecfc6-8786-438e-92a7-f7aadf85c5d8', 'connection': 'close', 'date': 'Tue, 15 Dec 2015 22:36:56 GMT', 'content-type': 'application/json; charset=UTF-8', 'x-openstack-request-id': 'req-a968a22c-d0d6-4a99-b3c6-fa9ca4fe079d'}
        Body: {"router": {"status": "ACTIVE", "external_gateway_info": null, "availability_zone_hints": [], "availability_zones": [], "name": "tempest-router-smoke-1819178583", "admin_state_up": true, "tenant_id": "796bfc75b50e43d4abf7c453fe842e9f", "routes": [], "id": "ddbecfc6-8786-438e-92a7-f7aadf85c5d8"}}
2015-12-15 22:36:57,112 25220 INFO     [tempest_lib.common.rest_client] Request (TestNetworkBasicOps:test_connectivity_between_vms_on_different_networks): 200 PUT http://10.0.2.15:9696/v2.0/routers/ddbecfc6-8786-438e-92a7-f7aadf85c5d8 0.754s
2015-12-15 22:36:57,113 25220 DEBUG    [tempest_lib.common.rest_client] Request - Headers: {'Content-Type': 'application/json', 'Accept': 'application/json', 'X-Auth-Token': '&lt;omitted&gt;'}
        Body: {"router": {"external_gateway_info": {"network_id": "a7aadd23-a749-47ae-8fb8-520b104655a8"}, "name": "tempest-router-smoke-1819178583", "admin_state_up": true}}
    Response - Headers: {'status': '200', 'content-length': '558', 'connection': 'close', 'date': 'Tue, 15 Dec 2015 22:36:57 GMT', 'content-type': 'application/json; charset=UTF-8', 'x-openstack-request-id': 'req-2b5b8707-9c46-43a9-8995-9d5ffcad7f8e'}
        Body: {"router": {"status": "ACTIVE", "external_gateway_info": {"network_id": "a7aadd23-a749-47ae-8fb8-520b104655a8", "enable_snat": true, "external_fixed_ips": [{"subnet_id": "18eb436a-b8d7-418a-bad5-4f8ebe15afc0", "ip_address": "172.24.4.3"}, {"subnet_id": "bacecb5e-459f-4575-a79c-251f7396695d", "ip_address": "2001:db8::4"}]}, "availability_zone_hints": [], "availability_zones": [], "name": "tempest-router-smoke-1819178583", "admin_state_up": true, "tenant_id": "796bfc75b50e43d4abf7c453fe842e9f", "routes": [], "id": "ddbecfc6-8786-438e-92a7-f7aadf85c5d8"}}
2015-12-15 22:36:57,257 25220 INFO     [tempest_lib.common.rest_client] Request (TestNetworkBasicOps:test_connectivity_between_vms_on_different_networks): 200 GET http://10.0.2.15:9696/v2.0/subnets?tenant_id=796bfc75b50e43d4abf7c453fe842e9f&amp;cidr=10.100.0.0%2F28 0.143s
2015-12-15 22:36:57,257 25220 DEBUG    [tempest_lib.common.rest_client] Request - Headers: {'Content-Type': 'application/json', 'Accept': 'application/json', 'X-Auth-Token': '&lt;omitted&gt;'}
        Body: None
    Response - Headers: {'status': '200', 'content-length': '15', 'content-location': 'http://10.0.2.15:9696/v2.0/subnets?tenant_id=796bfc75b50e43d4abf7c453fe842e9f&amp;cidr=10.100.0.0%2F28', 'connection': 'close', 'date': 'Tue, 15 Dec 2015 22:36:57 GMT', 'content-type': 'application/json; charset=UTF-8', 'x-openstack-request-id': 'req-452f9681-6f2f-4514-8463-25f283678ddc'}
        Body: {"subnets": []}
2015-12-15 22:36:57,578 25220 INFO     [tempest_lib.common.rest_client] Request (TestNetworkBasicOps:test_connectivity_between_vms_on_different_networks): 201 POST http://10.0.2.15:9696/v2.0/subnets 0.320s
2015-12-15 22:36:57,579 25220 DEBUG    [tempest_lib.common.rest_client] Request - Headers: {'Content-Type': 'application/json', 'Accept': 'application/json', 'X-Auth-Token': '&lt;omitted&gt;'}
        Body: {"subnet": {"ip_version": 4, "tenant_id": "796bfc75b50e43d4abf7c453fe842e9f", "cidr": "10.100.0.0/28", "network_id": "b145ec2a-02bd-4f51-b660-e8dcb7144aba", "name": "tempest-subnet-smoke-2121666320"}}
    Response - Headers: {'status': '201', 'content-length': '478', 'connection': 'close', 'date': 'Tue, 15 Dec 2015 22:36:57 GMT', 'content-type': 'application/json; charset=UTF-8', 'x-openstack-request-id': 'req-17c19344-f417-4706-90fa-b46c6243dbea'}
        Body: {"subnet": {"name": "tempest-subnet-smoke-2121666320", "enable_dhcp": true, "network_id": "b145ec2a-02bd-4f51-b660-e8dcb7144aba", "tenant_id": "796bfc75b50e43d4abf7c453fe842e9f", "dns_nameservers": [], "gateway_ip": "10.100.0.1", "ipv6_ra_mode": null, "allocation_pools": [{"start": "10.100.0.2", "end": "10.100.0.14"}], "host_routes": [], "ip_version": 4, "ipv6_address_mode": null, "cidr": "10.100.0.0/28", "id": "682f4aa2-13ec-4dd2-affd-557c21d7ac16", "subnetpool_id": null}}
2015-12-15 22:36:58,230 25220 INFO     [tempest_lib.common.rest_client] Request (TestNetworkBasicOps:test_connectivity_between_vms_on_different_networks): 200 PUT http://10.0.2.15:9696/v2.0/routers/ddbecfc6-8786-438e-92a7-f7aadf85c5d8/add_router_interface 0.649s
2015-12-15 22:36:58,230 25220 DEBUG    [tempest_lib.common.rest_client] Request - Headers: {'Content-Type': 'application/json', 'Accept': 'application/json', 'X-Auth-Token': '&lt;omitted&gt;'}
        Body: {"subnet_id": "682f4aa2-13ec-4dd2-affd-557c21d7ac16"}
    Response - Headers: {'status': '200', 'content-length': '255', 'connection': 'close', 'date': 'Tue, 15 Dec 2015 22:36:58 GMT', 'content-type': 'application/json; charset=UTF-8', 'x-openstack-request-id': 'req-646ecd0c-085b-496f-a7c7-4632d95d521c'}
        Body: {"subnet_id": "682f4aa2-13ec-4dd2-affd-557c21d7ac16", "tenant_id": "796bfc75b50e43d4abf7c453fe842e9f", "subnet_ids": ["682f4aa2-13ec-4dd2-affd-557c21d7ac16"], "port_id": "0f2ca23a-b657-4e97-b9a8-4cf020ebe918", "id": "ddbecfc6-8786-438e-92a7-f7aadf85c5d8"}
2015-12-15 22:36:58,428 25220 INFO     [tempest_lib.common.rest_client] Request (TestNetworkBasicOps:test_connectivity_between_vms_on_different_networks): 200 GET http://10.0.2.15:9696/v2.0/networks 0.197s
2015-12-15 22:36:58,428 25220 DEBUG    [tempest_lib.common.rest_client] Request - Headers: {'Content-Type': 'application/json', 'Accept': 'application/json', 'X-Auth-Token': '&lt;omitted&gt;'}
        Body: None
    Response - Headers: {'status': '200', 'content-length': '1506', 'content-location': 'http://10.0.2.15:9696/v2.0/networks', 'connection': 'close', 'date': 'Tue, 15 Dec 2015 22:36:58 GMT', 'content-type': 'application/json; charset=UTF-8', 'x-openstack-request-id': 'req-8e1f7e2d-b5bd-4527-80f9-d900ec342d6e'}
        Body: {"networks": [{"status": "ACTIVE", "subnets": ["2d35753c-11ad-4544-b204-8f7eb5110a1c", "bcf7854a-16fc-4132-8c58-6cf858a83e6f"], "availability_zone_hints": [], "availability_zones": ["nova"], "name": "private", "provider:physical_network": null, "admin_state_up": true, "tenant_id": "b6329000bb074fa8b87a9e2e80fa6437", "mtu": 0, "router:external": false, "shared": false, "port_security_enabled": true, "provider:network_type": "vxlan", "id": "b96c2578-e000-43fb-b2f2-ca6a4d2dd492", "provider:segmentation_id": 1020}, {"status": "ACTIVE", "subnets": ["18eb436a-b8d7-418a-bad5-4f8ebe15afc0", "bacecb5e-459f-4575-a79c-251f7396695d"], "availability_zone_hints": [], "availability_zones": ["nova"], "name": "public", "provider:physical_network": null, "admin_state_up": true, "tenant_id": "c3f512a171aa4d498d8f34af9dcbb1eb", "mtu": 0, "router:external": true, "shared": false, "port_security_enabled": true, "provider:network_type": "vxlan", "id": "a7aadd23-a749-47ae-8fb8-520b104655a8", "provider:segmentation_id": 1058}, {"status": "ACTIVE", "subnets": ["682f4aa2-13ec-4dd2-affd-557c21d7ac16"], "availability_zone_hints": [], "availability_zones": ["nova"], "name": "tempest-network-smoke--872348764", "provider:physical_network": null, "admin_state_up": true, "tenant_id": "796bfc75b50e43d4abf7c453fe842e9f", "mtu": 0, "router:external": false, "shared": false, "port_security_enabled": true, "provider:network_type": "vxlan", "id": "b145ec2a-02bd-4f51-b660-e8dcb7144aba", "provider:segmentation_id": 1084}]}
2015-12-15 22:36:58,468 25220 INFO     [tempest_lib.common.rest_client] Request (TestNetworkBasicOps:test_connectivity_between_vms_on_different_networks): 200 GET http://10.0.2.15:9696/v2.0/subnets 0.039s
2015-12-15 22:36:58,468 25220 DEBUG    [tempest_lib.common.rest_client] Request - Headers: {'Content-Type': 'application/json', 'Accept': 'application/json', 'X-Auth-Token': '&lt;omitted&gt;'}
        Body: None
    Response - Headers: {'status': '200', 'content-length': '2408', 'content-location': 'http://10.0.2.15:9696/v2.0/subnets', 'connection': 'close', 'date': 'Tue, 15 Dec 2015 22:36:58 GMT', 'content-type': 'application/json; charset=UTF-8', 'x-openstack-request-id': 'req-e8fcd85b-a6eb-4dfa-9c17-6974f4903904'}
        Body: {"subnets": [{"name": "tempest-subnet-smoke-2121666320", "enable_dhcp": true, "network_id": "b145ec2a-02bd-4f51-b660-e8dcb7144aba", "tenant_id": "796bfc75b50e43d4abf7c453fe842e9f", "dns_nameservers": [], "gateway_ip": "10.100.0.1", "ipv6_ra_mode": null, "allocation_pools": [{"start": "10.100.0.2", "end": "10.100.0.14"}], "host_routes": [], "ip_version": 4, "ipv6_address_mode": null, "cidr": "10.100.0.0/28", "id": "682f4aa2-13ec-4dd2-affd-557c21d7ac16", "subnetpool_id": null}, {"name": "ipv6-public-subnet", "enable_dhcp": false, "network_id": "a7aadd23-a749-47ae-8fb8-520b104655a8", "tenant_id": "c3f512a171aa4d498d8f34af9dcbb1eb", "dns_nameservers": [], "gateway_ip": "2001:db8::2", "ipv6_ra_mode": null, "allocation_pools": [{"start": "2001:db8::3", "end": "2001:db8::ffff:ffff:ffff:ffff"}, {"start": "2001:db8::1", "end": "2001:db8::1"}], "host_routes": [], "ip_version": 6, "ipv6_address_mode": null, "cidr": "2001:db8::/64", "id": "bacecb5e-459f-4575-a79c-251f7396695d", "subnetpool_id": null}, {"name": "public-subnet", "enable_dhcp": false, "network_id": "a7aadd23-a749-47ae-8fb8-520b104655a8", "tenant_id": "c3f512a171aa4d498d8f34af9dcbb1eb", "dns_nameservers": [], "gateway_ip": "172.24.4.1", "ipv6_ra_mode": null, "allocation_pools": [{"start": "172.24.4.2", "end": "172.24.4.254"}], "host_routes": [], "ip_version": 4, "ipv6_address_mode": null, "cidr": "172.24.4.0/24", "id": "18eb436a-b8d7-418a-bad5-4f8ebe15afc0", "subnetpool_id": null}, {"name": "private-subnet", "enable_dhcp": true, "network_id": "b96c2578-e000-43fb-b2f2-ca6a4d2dd492", "tenant_id": "b6329000bb074fa8b87a9e2e80fa6437", "dns_nameservers": [], "gateway_ip": "10.0.0.1", "ipv6_ra_mode": null, "allocation_pools": [{"start": "10.0.0.2", "end": "10.0.0.254"}], "host_routes": [], "ip_version": 4, "ipv6_address_mode": null, "cidr": "10.0.0.0/24", "id": "bcf7854a-16fc-4132-8c58-6cf858a83e6f", "subnetpool_id": null}, {"name": "ipv6-private-subnet", "enable_dhcp": true, "network_id": "b96c2578-e000-43fb-b2f2-ca6a4d2dd492", "tenant_id": "b6329000bb074fa8b87a9e2e80fa6437", "dns_nameservers": [], "gateway_ip": "fd58:bfab:a455::1", "ipv6_ra_mode": "slaac", "allocation_pools": [{"start": "fd58:bfab:a455::2", "end": "fd58:bfab:a455:0:ffff:ffff:ffff:ffff"}], "host_routes": [], "ip_version": 6, "ipv6_address_mode": "slaac", "cidr": "fd58:bfab:a455::/64", "id": "2d35753c-11ad-4544-b204-8f7eb5110a1c", "subnetpool_id": null}]}
2015-12-15 22:36:58,525 25220 INFO     [tempest_lib.common.rest_client] Request (TestNetworkBasicOps:test_connectivity_between_vms_on_different_networks): 200 GET http://10.0.2.15:9696/v2.0/routers 0.055s
2015-12-15 22:36:58,525 25220 DEBUG    [tempest_lib.common.rest_client] Request - Headers: {'Content-Type': 'application/json', 'Accept': 'application/json', 'X-Auth-Token': '&lt;omitted&gt;'}
        Body: None
    Response - Headers: {'status': '200', 'content-length': '1167', 'content-location': 'http://10.0.2.15:9696/v2.0/routers', 'connection': 'close', 'date': 'Tue, 15 Dec 2015 22:36:58 GMT', 'content-type': 'application/json; charset=UTF-8', 'x-openstack-request-id': 'req-85b2aa87-cae6-4e7b-9305-66a373fec08b'}
        Body: {"routers": [{"status": "ACTIVE", "external_gateway_info": {"network_id": "a7aadd23-a749-47ae-8fb8-520b104655a8", "enable_snat": true, "external_fixed_ips": [{"subnet_id": "18eb436a-b8d7-418a-bad5-4f8ebe15afc0", "ip_address": "172.24.4.2"}, {"subnet_id": "bacecb5e-459f-4575-a79c-251f7396695d", "ip_address": "2001:db8::3"}]}, "availability_zone_hints": [], "availability_zones": ["nova"], "name": "router1", "admin_state_up": true, "tenant_id": "b6329000bb074fa8b87a9e2e80fa6437", "distributed": false, "routes": [], "ha": false, "id": "b788e700-4a83-4362-b376-7bf509adcda1"}, {"status": "ACTIVE", "external_gateway_info": {"network_id": "a7aadd23-a749-47ae-8fb8-520b104655a8", "enable_snat": true, "external_fixed_ips": [{"subnet_id": "18eb436a-b8d7-418a-bad5-4f8ebe15afc0", "ip_address": "172.24.4.3"}, {"subnet_id": "bacecb5e-459f-4575-a79c-251f7396695d", "ip_address": "2001:db8::4"}]}, "availability_zone_hints": [], "availability_zones": ["nova"], "name": "tempest-router-smoke-1819178583", "admin_state_up": true, "tenant_id": "796bfc75b50e43d4abf7c453fe842e9f", "distributed": false, "routes": [], "ha": false, "id": "ddbecfc6-8786-438e-92a7-f7aadf85c5d8"}]}
2015-12-15 22:36:58,806 25220 INFO     [tempest_lib.common.rest_client] Request (TestNetworkBasicOps:test_connectivity_between_vms_on_different_networks): 200 POST http://10.0.2.15:8774/v2.1/796bfc75b50e43d4abf7c453fe842e9f/os-keypairs 0.279s
2015-12-15 22:36:58,806 25220 DEBUG    [tempest_lib.common.rest_client] Request - Headers: {'Content-Type': 'application/json', 'Accept': 'application/json', 'X-Auth-Token': '&lt;omitted&gt;'}
        Body: {"keypair": {"name": "tempest-TestNetworkBasicOps-1418705601"}}
    Response - Headers: {'status': '200', 'content-length': '2321', 'x-compute-request-id': 'req-9f9f4cf4-6dba-427b-9a8b-386d863442d6', 'vary': 'X-OpenStack-Nova-API-Version', 'connection': 'close', 'x-openstack-nova-api-version': '2.1', 'date': 'Tue, 15 Dec 2015 22:36:58 GMT', 'content-type': 'application/json'}
        Body: {"keypair": {"public_key": "ssh-rsa AAAAB3NzaC1yc2EAAAADAQABAAABAQDfwPWMhrN71kWm0YIEo/or/Fdtul8gXiYAVO17MTS9tKrw/Wh16VM8nEs/68IK7YjGk3lyJaSlEHXaTorB/Bj7BUJB4K6MZqiUe/3bf7joZa8M91iON2ITrM507OPzG0c9cUrY6Hgjh/egVfZaCISPPwDYKIDIUY7QfzT9qElvvp+WXVKBD5TKmDPBn6e1+l1s8jqdnGFb03KGPtVp7Y3FuoOce/Z8M4NXR8WOvCeyLphkxVGw1mZe3GoHqSWonD+OQFizDHjOfsOBT5sqro7yP0eViAKXDgXR7+o+y9C0IkiZWMIxho8AcDuqYQgq6Pkdsjg/c7y9uH8HtapTgn+j Generated-by-Nova", "private_key": "-----BEGIN RSA PRIVATE KEY-----\nMIIEqAIBAAKCAQEA38D1jIaze9ZFptGCBKP6K/xXbbpfIF4mAFTtezE0vbSq8P1o\ndelTPJxLP+vCCu2IxpN5ciWkpRB12k6KwfwY+wVCQeCujGaolHv923+46GWvDPdY\njjdiE6zOdOzj8xtHPXFK2Oh4I4f3oFX2WgiEjz8A2CiAyFGO0H80/ahJb76fll1S\ngQ+UypgzwZ+ntfpdbPI6nZxhW9Nyhj7Vae2NxbqDnHv2fDODV0fFjrwnsi6YZMVR\nsNZmXtxqB6klqJw/jkBYswx4zn7DgU+bKq6O8j9HlYgClw4F0e/qPsvQtCJImVjC\nMYaPAHA7qmEIKuj5HbI4P3O8vbh/B7WqU4J/owIDAQABAoIBAQCW62O0ATcWlBQu\nzKlRz/hxqqad0FNRVa90EdSMf0f/nNif64yF23bVLuZimvYqwMS8i8QihdljrJKR\nSOC2rv96cLWcEZwp/yQ94tP7NU7XEZ7ctAj7A8gXVTt8CjxGQWPvwXamj0ZZUOBp\nORIM8CnZJLnBErCqbLhTUTnAzb2arEl6wYfe35XabRVXAvtVlzO6pU7lnIniua8A\nRs2tOLtb0G84fKrT9+fxoIKtGGeAbvBKrDCZwJT30pK7alH580I0fgKIugwyClCG\nFHvD/LhfBDP/Pk7Yz7ATK86ul34zDcXvFM0iV/xefMvztuJ3KsUQiLd2xnLgXmEo\nHny56SBhAoIAgQDlg3KlSbJgzkubK9O69wpg3Y5zcf4cK4qshREn4iGgW9UpuEgN\nBm7gRToTLYnLPokDYRPLHxXoAkSgzkWuy1LW+rtfYxfzrci64LKtbnLfL51qh0hP\nFBll/aibQb0GrQliMn9b7BK/KDR0+qq9IcTHxFHtL9FqbNPGiATlidXk3QKCAIEA\n+ZNZ2t9ugNwPKbchLslwl8HQja4oej3QuILTBUfSvBF/i41zBKz0ixvTnpxAHi2y\nUZ3+sY2NWhsJpuehy0zpzecfMOqafoZwSo26ONuSsYW6MVuD12xDFIUB6uxvheI9\ny/EnTaDbNMjqGq5ORKdCvxoOFFj243oNCu4BfrXbbn8CggCAHiGvv3t5a7QpwOl0\nFquwNR9hQE7K6a/duOCPbAkIGSF1TtDexLb/f3oXMcVcvc4r9sGb86LVIWyKzgHG\nrDgNXCP2zYMY9eju3Xn6e0Jw2lRJ+l5gY+FjpDw1Eo0C4Al/neC7T7oii+4fVOxD\n1ijEyOVBTD5m4+39r6bT3b7G0hECggCANE8V/jHmT0vQQcYIRm4iEyykMY3XHgfm\nv0VsRScQnCpuuSkkek5l0uI6MHw/VBPv0/txbnVkswYHt9vEpX+xYV6XwwDo8Kvs\nzTN3XINo85w7siykLXqbdKmMBVkY5s7MdPpOao7UYvPZXU47SVhlPPiRCuK6nGLw\naOIJni0vmLECggCARcyXTkk6CmUr/hFYeETwdscp/rVM8+fx7l5s30HTm6Pp5nQr\n2woI02U78/+bzDPUMBj4sE81bD+3atxtnGCD/CwqfqBMLx0fOJFPld89L2Fbghjc\njwl4hLlCn1jruv86bY4UmMFbkG6yGPIQwUh+LgFiEXucXKB6UlPOofY22n0=\n-----END RSA PRIVATE KEY-----\n", "user_id": "7e69201ca7ff4a6facaba066b190596b", "name": "tempest-TestNetworkBasicOps-1418705601", "fingerprint": "63:4b:d7:29:6f:8a:8f:7c:30:e0:cc:23:7d:9b:37:91"}}
2015-12-15 22:36:58,924 25220 INFO     [tempest_lib.common.rest_client] Request (TestNetworkBasicOps:test_connectivity_between_vms_on_different_networks): 200 POST http://10.0.2.15:5000/v2.0/tokens
2015-12-15 22:36:58,924 25220 DEBUG    [tempest_lib.common.rest_client] Request - Headers: {'Content-Type': 'application/json', 'Accept': 'application/json'}
        Body: &lt;omitted&gt;
    Response - Headers: {'status': '200', 'content-length': '2528', 'vary': 'X-Auth-Token', 'server': 'Apache/2.4.7 (Ubuntu)', 'connection': 'close', 'date': 'Tue, 15 Dec 2015 22:36:58 GMT', 'content-type': 'application/json', 'x-openstack-request-id': 'req-03c3d277-01a8-4a8b-b9a8-1bc0fb2f7521'}
        Body: {"access": {"token": {"issued_at": "2015-12-15T22:36:58.911716", "expires": "2015-12-15T23:36:58Z", "id": "952c369322874782bdf06749748258ed", "tenant": {"description": "tempest-TestNetworkBasicOps-563470902-desc", "enabled": true, "id": "796bfc75b50e43d4abf7c453fe842e9f", "name": "tempest-TestNetworkBasicOps-563470902"}, "audit_ids": ["7qMdnRutQkSHSXwroa-5ug"]}, "serviceCatalog": [{"endpoints": [{"adminURL": "http://10.0.2.15:8774/v2.1/796bfc75b50e43d4abf7c453fe842e9f", "region": "RegionOne", "internalURL": "http://10.0.2.15:8774/v2.1/796bfc75b50e43d4abf7c453fe842e9f", "id": "0027e1d3a3f14a87b144162782910c97", "publicURL": "http://10.0.2.15:8774/v2.1/796bfc75b50e43d4abf7c453fe842e9f"}], "endpoints_links": [], "type": "compute", "name": "nova"}, {"endpoints": [{"adminURL": "http://10.0.2.15:9696/", "region": "RegionOne", "internalURL": "http://10.0.2.15:9696/", "id": "0d039e0ac2d640e8824ccbf2f39c9c92", "publicURL": "http://10.0.2.15:9696/"}], "endpoints_links": [], "type": "network", "name": "neutron"}, {"endpoints": [{"adminURL": "http://10.0.2.15:9292", "region": "RegionOne", "internalURL": "http://10.0.2.15:9292", "id": "7710b92a06b14e51aa96717b054ef3ea", "publicURL": "http://10.0.2.15:9292"}], "endpoints_links": [], "type": "image", "name": "glance"}, {"endpoints": [{"adminURL": "http://10.0.2.15:8774/v2/796bfc75b50e43d4abf7c453fe842e9f", "region": "RegionOne", "internalURL": "http://10.0.2.15:8774/v2/796bfc75b50e43d4abf7c453fe842e9f", "id": "50941bc318a340feb26108fd299b881f", "publicURL": "http://10.0.2.15:8774/v2/796bfc75b50e43d4abf7c453fe842e9f"}], "endpoints_links": [], "type": "compute_legacy", "name": "nova_legacy"}, {"endpoints": [{"adminURL": "http://10.0.2.15:8773/", "region": "RegionOne", "internalURL": "http://10.0.2.15:8773/", "id": "1bf6db4b111740a79fa928032b903d1c", "publicURL": "http://10.0.2.15:8773/"}], "endpoints_links": [], "type": "ec2", "name": "ec2"}, {"endpoints": [{"adminURL": "http://10.0.2.15:35357/v2.0", "region": "RegionOne", "internalURL": "http://10.0.2.15:5000/v2.0", "id": "28ef857819044255b73d186b280e3320", "publicURL": "http://10.0.2.15:5000/v2.0"}], "endpoints_links": [], "type": "identity", "name": "keystone"}], "user": {"username": "tempest-TestNetworkBasicOps-1127430714", "roles_links": [], "id": "7e69201ca7ff4a6facaba066b190596b", "roles": [{"name": "_member_"}, {"name": "Member"}], "name": "tempest-TestNetworkBasicOps-1127430714"}, "metadata": {"is_admin": 0, "roles": ["9fe2ff9ee4384b1894a90878d3e92bab", "dd1c1fdd42f840e38f61ec65cfca0e02"]}}}
2015-12-15 22:36:58,932 25220 DEBUG    [tempest.common.fixed_network] (TestNetworkBasicOps:test_connectivity_between_vms_on_different_networks) No valid network provided or created, defaulting to fixed_network_name
2015-12-15 22:36:59,233 25220 INFO     [tempest_lib.common.rest_client] Request (TestNetworkBasicOps:test_connectivity_between_vms_on_different_networks): 200 GET http://10.0.2.15:8774/v2.1/796bfc75b50e43d4abf7c453fe842e9f/os-networks 0.300s
2015-12-15 22:36:59,234 25220 DEBUG    [tempest_lib.common.rest_client] Request - Headers: {'Content-Type': 'application/json', 'Accept': 'application/json', 'X-Auth-Token': '&lt;omitted&gt;'}
        Body: None
    Response - Headers: {'status': '200', 'content-length': '478', 'content-location': 'http://10.0.2.15:8774/v2.1/796bfc75b50e43d4abf7c453fe842e9f/os-networks', 'x-compute-request-id': 'req-c59e77dd-1092-4998-bd27-85ef98c8b5bc', 'vary': 'X-OpenStack-Nova-API-Version', 'connection': 'close', 'x-openstack-nova-api-version': '2.1', 'date': 'Tue, 15 Dec 2015 22:36:59 GMT', 'content-type': 'application/json'}
        Body: {"networks": [{"cidr_v6": null, "dns2": null, "dns1": null, "gateway": null, "broadcast": null, "netmask": null, "gateway_v6": null, "cidr": null, "label": "public", "id": "a7aadd23-a749-47ae-8fb8-520b104655a8", "netmask_v6": null}, {"cidr_v6": null, "dns2": null, "dns1": null, "gateway": null, "broadcast": null, "netmask": null, "gateway_v6": null, "cidr": null, "label": "tempest-network-smoke--872348764", "id": "b145ec2a-02bd-4f51-b660-e8dcb7144aba", "netmask_v6": null}]}
2015-12-15 22:36:59,234 25220 WARNING  [tempest.common.fixed_network] (TestNetworkBasicOps:test_connectivity_between_vms_on_different_networks) Network with name: private not found
2015-12-15 22:36:59,234 25220 INFO     [tempest.common.fixed_network] (TestNetworkBasicOps:test_connectivity_between_vms_on_different_networks) Found network {} available for tenant
2015-12-15 22:37:00,723 25220 INFO     [tempest_lib.common.rest_client] Request (TestNetworkBasicOps:test_connectivity_between_vms_on_different_networks): 202 POST http://10.0.2.15:8774/v2.1/796bfc75b50e43d4abf7c453fe842e9f/servers 1.487s
2015-12-15 22:37:00,723 25220 DEBUG    [tempest_lib.common.rest_client] Request - Headers: {'Content-Type': 'application/json', 'Accept': 'application/json', 'X-Auth-Token': '&lt;omitted&gt;'}
        Body: {"server": {"name": "tempest.common.compute-instance-1763791449", "imageRef": "6331a318-9985-41e6-81e7-93bbfc520800", "key_name": "tempest-TestNetworkBasicOps-1418705601", "flavorRef": "42", "networks": [{"uuid": "b145ec2a-02bd-4f51-b660-e8dcb7144aba"}], "security_groups": [{"name": "tempest-secgroup-smoke-1429889110"}]}}
    Response - Headers: {'status': '202', 'content-length': '462', 'x-compute-request-id': 'req-5d02b163-536e-4d06-a64c-aa377b384963', 'vary': 'X-OpenStack-Nova-API-Version', 'connection': 'close', 'location': 'http://10.0.2.15:8774/v2.1/796bfc75b50e43d4abf7c453fe842e9f/servers/f26b56f0-a55e-47ea-a919-44ff275b35e2', 'x-openstack-nova-api-version': '2.1', 'date': 'Tue, 15 Dec 2015 22:37:00 GMT', 'content-type': 'application/json'}
        Body: {"server": {"security_groups": [{"name": "tempest-secgroup-smoke-1429889110"}], "OS-DCF:diskConfig": "MANUAL", "id": "f26b56f0-a55e-47ea-a919-44ff275b35e2", "links": [{"href": "http://10.0.2.15:8774/v2.1/796bfc75b50e43d4abf7c453fe842e9f/servers/f26b56f0-a55e-47ea-a919-44ff275b35e2", "rel": "self"}, {"href": "http://10.0.2.15:8774/796bfc75b50e43d4abf7c453fe842e9f/servers/f26b56f0-a55e-47ea-a919-44ff275b35e2", "rel": "bookmark"}], "adminPass": "VKFs4Yx8xrdi"}}
2015-12-15 22:37:01,014 25220 INFO     [tempest_lib.common.rest_client] Request (TestNetworkBasicOps:test_connectivity_between_vms_on_different_networks): 200 GET http://10.0.2.15:8774/v2.1/796bfc75b50e43d4abf7c453fe842e9f/servers/f26b56f0-a55e-47ea-a919-44ff275b35e2 0.288s
2015-12-15 22:37:01,015 25220 DEBUG    [tempest_lib.common.rest_client] Request - Headers: {'Content-Type': 'application/json', 'Accept': 'application/json', 'X-Auth-Token': '&lt;omitted&gt;'}
        Body: None
    Response - Headers: {'status': '200', 'content-length': '1356', 'content-location': 'http://10.0.2.15:8774/v2.1/796bfc75b50e43d4abf7c453fe842e9f/servers/f26b56f0-a55e-47ea-a919-44ff275b35e2', 'x-compute-request-id': 'req-5d4b3d4f-4cdb-4eef-bd0b-ae590ae804ef', 'vary': 'X-OpenStack-Nova-API-Version', 'connection': 'close', 'x-openstack-nova-api-version': '2.1', 'date': 'Tue, 15 Dec 2015 22:37:01 GMT', 'content-type': 'application/json'}
        Body: {"server": {"status": "BUILD", "updated": "2015-12-15T22:37:00Z", "hostId": "", "addresses": {}, "links": [{"href": "http://10.0.2.15:8774/v2.1/796bfc75b50e43d4abf7c453fe842e9f/servers/f26b56f0-a55e-47ea-a919-44ff275b35e2", "rel": "self"}, {"href": "http://10.0.2.15:8774/796bfc75b50e43d4abf7c453fe842e9f/servers/f26b56f0-a55e-47ea-a919-44ff275b35e2", "rel": "bookmark"}], "key_name": "tempest-TestNetworkBasicOps-1418705601", "image": {"id": "6331a318-9985-41e6-81e7-93bbfc520800", "links": [{"href": "http://10.0.2.15:8774/796bfc75b50e43d4abf7c453fe842e9f/images/6331a318-9985-41e6-81e7-93bbfc520800", "rel": "bookmark"}]}, "OS-EXT-STS:task_state": "scheduling", "OS-EXT-STS:vm_state": "building", "OS-SRV-USG:launched_at": null, "flavor": {"id": "42", "links": [{"href": "http://10.0.2.15:8774/796bfc75b50e43d4abf7c453fe842e9f/flavors/42", "rel": "bookmark"}]}, "id": "f26b56f0-a55e-47ea-a919-44ff275b35e2", "OS-SRV-USG:terminated_at": null, "OS-EXT-AZ:availability_zone": "", "user_id": "7e69201ca7ff4a6facaba066b190596b", "name": "tempest.common.compute-instance-1763791449", "created": "2015-12-15T22:37:00Z", "tenant_id": "796bfc75b50e43d4abf7c453fe842e9f", "OS-DCF:diskConfig": "MANUAL", "os-extended-volumes:volumes_attached": [], "accessIPv4": "", "accessIPv6": "", "progress": 0, "OS-EXT-STS:power_state": 0, "config_drive": "", "metadata": {}}}
2015-12-15 22:37:02,433 25220 INFO     [tempest_lib.common.rest_client] Request (TestNetworkBasicOps:test_connectivity_between_vms_on_different_networks): 200 GET http://10.0.2.15:8774/v2.1/796bfc75b50e43d4abf7c453fe842e9f/servers/f26b56f0-a55e-47ea-a919-44ff275b35e2 0.405s
2015-12-15 22:37:02,433 25220 DEBUG    [tempest_lib.common.rest_client] Request - Headers: {'Content-Type': 'application/json', 'Accept': 'application/json', 'X-Auth-Token': '&lt;omitted&gt;'}
        Body: None
    Response - Headers: {'status': '200', 'content-length': '1482', 'content-location': 'http://10.0.2.15:8774/v2.1/796bfc75b50e43d4abf7c453fe842e9f/servers/f26b56f0-a55e-47ea-a919-44ff275b35e2', 'x-compute-request-id': 'req-5933ddf5-2058-4d84-80cf-315cde15b2a3', 'vary': 'X-OpenStack-Nova-API-Version', 'connection': 'close', 'x-openstack-nova-api-version': '2.1', 'date': 'Tue, 15 Dec 2015 22:37:02 GMT', 'content-type': 'application/json'}
        Body: {"server": {"status": "BUILD", "updated": "2015-12-15T22:37:01Z", "hostId": "b5cd481bcc46d941f7d02f578ed2354f236e8f99d09614d892e5a8d6", "addresses": {}, "links": [{"href": "http://10.0.2.15:8774/v2.1/796bfc75b50e43d4abf7c453fe842e9f/servers/f26b56f0-a55e-47ea-a919-44ff275b35e2", "rel": "self"}, {"href": "http://10.0.2.15:8774/796bfc75b50e43d4abf7c453fe842e9f/servers/f26b56f0-a55e-47ea-a919-44ff275b35e2", "rel": "bookmark"}], "key_name": "tempest-TestNetworkBasicOps-1418705601", "image": {"id": "6331a318-9985-41e6-81e7-93bbfc520800", "links": [{"href": "http://10.0.2.15:8774/796bfc75b50e43d4abf7c453fe842e9f/images/6331a318-9985-41e6-81e7-93bbfc520800", "rel": "bookmark"}]}, "OS-EXT-STS:task_state": "spawning", "OS-EXT-STS:vm_state": "building", "OS-SRV-USG:launched_at": null, "flavor": {"id": "42", "links": [{"href": "http://10.0.2.15:8774/796bfc75b50e43d4abf7c453fe842e9f/flavors/42", "rel": "bookmark"}]}, "id": "f26b56f0-a55e-47ea-a919-44ff275b35e2", "security_groups": [{"name": "tempest-secgroup-smoke-1429889110"}], "OS-SRV-USG:terminated_at": null, "OS-EXT-AZ:availability_zone": "nova", "user_id": "7e69201ca7ff4a6facaba066b190596b", "name": "tempest.common.compute-instance-1763791449", "created": "2015-12-15T22:37:00Z", "tenant_id": "796bfc75b50e43d4abf7c453fe842e9f", "OS-DCF:diskConfig": "MANUAL", "os-extended-volumes:volumes_attached": [], "accessIPv4": "", "accessIPv6": "", "progress": 0, "OS-EXT-STS:power_state": 0, "config_drive": "", "metadata": {}}}
2015-12-15 22:37:02,450 25220 INFO     [tempest.common.waiters] State transition "BUILD/scheduling" ==&gt; "BUILD/spawning" after 1 second wait
2015-12-15 22:37:03,802 25220 INFO     [tempest_lib.common.rest_client] Request (TestNetworkBasicOps:test_connectivity_between_vms_on_different_networks): 200 GET http://10.0.2.15:8774/v2.1/796bfc75b50e43d4abf7c453fe842e9f/servers/f26b56f0-a55e-47ea-a919-44ff275b35e2 0.349s
2015-12-15 22:37:03,802 25220 DEBUG    [tempest_lib.common.rest_client] Request - Headers: {'Content-Type': 'application/json', 'Accept': 'application/json', 'X-Auth-Token': '&lt;omitted&gt;'}
        Body: None
    Response - Headers: {'status': '200', 'content-length': '1482', 'content-location': 'http://10.0.2.15:8774/v2.1/796bfc75b50e43d4abf7c453fe842e9f/servers/f26b56f0-a55e-47ea-a919-44ff275b35e2', 'x-compute-request-id': 'req-5f8fd45d-c693-4230-b46c-aad52f9dfdc3', 'vary': 'X-OpenStack-Nova-API-Version', 'connection': 'close', 'x-openstack-nova-api-version': '2.1', 'date': 'Tue, 15 Dec 2015 22:37:03 GMT', 'content-type': 'application/json'}
        Body: {"server": {"status": "BUILD", "updated": "2015-12-15T22:37:01Z", "hostId": "b5cd481bcc46d941f7d02f578ed2354f236e8f99d09614d892e5a8d6", "addresses": {}, "links": [{"href": "http://10.0.2.15:8774/v2.1/796bfc75b50e43d4abf7c453fe842e9f/servers/f26b56f0-a55e-47ea-a919-44ff275b35e2", "rel": "self"}, {"href": "http://10.0.2.15:8774/796bfc75b50e43d4abf7c453fe842e9f/servers/f26b56f0-a55e-47ea-a919-44ff275b35e2", "rel": "bookmark"}], "key_name": "tempest-TestNetworkBasicOps-1418705601", "image": {"id": "6331a318-9985-41e6-81e7-93bbfc520800", "links": [{"href": "http://10.0.2.15:8774/796bfc75b50e43d4abf7c453fe842e9f/images/6331a318-9985-41e6-81e7-93bbfc520800", "rel": "bookmark"}]}, "OS-EXT-STS:task_state": "spawning", "OS-EXT-STS:vm_state": "building", "OS-SRV-USG:launched_at": null, "flavor": {"id": "42", "links": [{"href": "http://10.0.2.15:8774/796bfc75b50e43d4abf7c453fe842e9f/flavors/42", "rel": "bookmark"}]}, "id": "f26b56f0-a55e-47ea-a919-44ff275b35e2", "security_groups": [{"name": "tempest-secgroup-smoke-1429889110"}], "OS-SRV-USG:terminated_at": null, "OS-EXT-AZ:availability_zone": "nova", "user_id": "7e69201ca7ff4a6facaba066b190596b", "name": "tempest.common.compute-instance-1763791449", "created": "2015-12-15T22:37:00Z", "tenant_id": "796bfc75b50e43d4abf7c453fe842e9f", "OS-DCF:diskConfig": "MANUAL", "os-extended-volumes:volumes_attached": [], "accessIPv4": "", "accessIPv6": "", "progress": 0, "OS-EXT-STS:power_state": 0, "config_drive": "", "metadata": {}}}
2015-12-15 22:37:05,055 25220 INFO     [tempest_lib.common.rest_client] Request (TestNetworkBasicOps:test_connectivity_between_vms_on_different_networks): 200 GET http://10.0.2.15:8774/v2.1/796bfc75b50e43d4abf7c453fe842e9f/servers/f26b56f0-a55e-47ea-a919-44ff275b35e2 0.242s
2015-12-15 22:37:05,055 25220 DEBUG    [tempest_lib.common.rest_client] Request - Headers: {'Content-Type': 'application/json', 'Accept': 'application/json', 'X-Auth-Token': '&lt;omitted&gt;'}
        Body: None
    Response - Headers: {'status': '200', 'content-length': '1653', 'content-location': 'http://10.0.2.15:8774/v2.1/796bfc75b50e43d4abf7c453fe842e9f/servers/f26b56f0-a55e-47ea-a919-44ff275b35e2', 'x-compute-request-id': 'req-29379d98-d8a6-415b-94cd-256c7fdced3f', 'vary': 'X-OpenStack-Nova-API-Version', 'connection': 'close', 'x-openstack-nova-api-version': '2.1', 'date': 'Tue, 15 Dec 2015 22:37:05 GMT', 'content-type': 'application/json'}
        Body: {"server": {"status": "ACTIVE", "updated": "2015-12-15T22:37:04Z", "hostId": "b5cd481bcc46d941f7d02f578ed2354f236e8f99d09614d892e5a8d6", "addresses": {"tempest-network-smoke--872348764": [{"OS-EXT-IPS-MAC:mac_addr": "fa:16:3e:f6:3d:f1", "version": 4, "addr": "10.100.0.3", "OS-EXT-IPS:type": "fixed"}]}, "links": [{"href": "http://10.0.2.15:8774/v2.1/796bfc75b50e43d4abf7c453fe842e9f/servers/f26b56f0-a55e-47ea-a919-44ff275b35e2", "rel": "self"}, {"href": "http://10.0.2.15:8774/796bfc75b50e43d4abf7c453fe842e9f/servers/f26b56f0-a55e-47ea-a919-44ff275b35e2", "rel": "bookmark"}], "key_name": "tempest-TestNetworkBasicOps-1418705601", "image": {"id": "6331a318-9985-41e6-81e7-93bbfc520800", "links": [{"href": "http://10.0.2.15:8774/796bfc75b50e43d4abf7c453fe842e9f/images/6331a318-9985-41e6-81e7-93bbfc520800", "rel": "bookmark"}]}, "OS-EXT-STS:task_state": null, "OS-EXT-STS:vm_state": "active", "OS-SRV-USG:launched_at": "2015-12-15T22:37:04.000000", "flavor": {"id": "42", "links": [{"href": "http://10.0.2.15:8774/796bfc75b50e43d4abf7c453fe842e9f/flavors/42", "rel": "bookmark"}]}, "id": "f26b56f0-a55e-47ea-a919-44ff275b35e2", "security_groups": [{"name": "tempest-secgroup-smoke-1429889110"}], "OS-SRV-USG:terminated_at": null, "OS-EXT-AZ:availability_zone": "nova", "user_id": "7e69201ca7ff4a6facaba066b190596b", "name": "tempest.common.compute-instance-1763791449", "created": "2015-12-15T22:37:00Z", "tenant_id": "796bfc75b50e43d4abf7c453fe842e9f", "OS-DCF:diskConfig": "MANUAL", "os-extended-volumes:volumes_attached": [], "accessIPv4": "", "accessIPv6": "", "progress": 0, "OS-EXT-STS:power_state": 1, "config_drive": "True", "metadata": {}}}
2015-12-15 22:37:05,065 25220 INFO     [tempest.common.waiters] State transition "BUILD/spawning" ==&gt; "ACTIVE/None" after 4 second wait
2015-12-15 22:37:05,327 25220 INFO     [tempest_lib.common.rest_client] Request (TestNetworkBasicOps:test_connectivity_between_vms_on_different_networks): 200 GET http://10.0.2.15:8774/v2.1/796bfc75b50e43d4abf7c453fe842e9f/servers/f26b56f0-a55e-47ea-a919-44ff275b35e2 0.262s
2015-12-15 22:37:05,327 25220 DEBUG    [tempest_lib.common.rest_client] Request - Headers: {'Content-Type': 'application/json', 'Accept': 'application/json', 'X-Auth-Token': '&lt;omitted&gt;'}
        Body: None
    Response - Headers: {'status': '200', 'content-length': '1653', 'content-location': 'http://10.0.2.15:8774/v2.1/796bfc75b50e43d4abf7c453fe842e9f/servers/f26b56f0-a55e-47ea-a919-44ff275b35e2', 'x-compute-request-id': 'req-c1c60976-4311-40e9-b9de-a4c105544e51', 'vary': 'X-OpenStack-Nova-API-Version', 'connection': 'close', 'x-openstack-nova-api-version': '2.1', 'date': 'Tue, 15 Dec 2015 22:37:05 GMT', 'content-type': 'application/json'}
        Body: {"server": {"status": "ACTIVE", "updated": "2015-12-15T22:37:04Z", "hostId": "b5cd481bcc46d941f7d02f578ed2354f236e8f99d09614d892e5a8d6", "addresses": {"tempest-network-smoke--872348764": [{"OS-EXT-IPS-MAC:mac_addr": "fa:16:3e:f6:3d:f1", "version": 4, "addr": "10.100.0.3", "OS-EXT-IPS:type": "fixed"}]}, "links": [{"href": "http://10.0.2.15:8774/v2.1/796bfc75b50e43d4abf7c453fe842e9f/servers/f26b56f0-a55e-47ea-a919-44ff275b35e2", "rel": "self"}, {"href": "http://10.0.2.15:8774/796bfc75b50e43d4abf7c453fe842e9f/servers/f26b56f0-a55e-47ea-a919-44ff275b35e2", "rel": "bookmark"}], "key_name": "tempest-TestNetworkBasicOps-1418705601", "image": {"id": "6331a318-9985-41e6-81e7-93bbfc520800", "links": [{"href": "http://10.0.2.15:8774/796bfc75b50e43d4abf7c453fe842e9f/images/6331a318-9985-41e6-81e7-93bbfc520800", "rel": "bookmark"}]}, "OS-EXT-STS:task_state": null, "OS-EXT-STS:vm_state": "active", "OS-SRV-USG:launched_at": "2015-12-15T22:37:04.000000", "flavor": {"id": "42", "links": [{"href": "http://10.0.2.15:8774/796bfc75b50e43d4abf7c453fe842e9f/flavors/42", "rel": "bookmark"}]}, "id": "f26b56f0-a55e-47ea-a919-44ff275b35e2", "security_groups": [{"name": "tempest-secgroup-smoke-1429889110"}], "OS-SRV-USG:terminated_at": null, "OS-EXT-AZ:availability_zone": "nova", "user_id": "7e69201ca7ff4a6facaba066b190596b", "name": "tempest.common.compute-instance-1763791449", "created": "2015-12-15T22:37:00Z", "tenant_id": "796bfc75b50e43d4abf7c453fe842e9f", "OS-DCF:diskConfig": "MANUAL", "os-extended-volumes:volumes_attached": [], "accessIPv4": "", "accessIPv6": "", "progress": 0, "OS-EXT-STS:power_state": 1, "config_drive": "True", "metadata": {}}}
2015-12-15 22:37:05,336 25220 INFO     [tempest.scenario.manager] Tenant networks not configured to be reachable.
2015-12-15 22:37:05,370 25220 INFO     [tempest_lib.common.rest_client] Request (TestNetworkBasicOps:test_connectivity_between_vms_on_different_networks): 200 GET http://10.0.2.15:9696/v2.0/ports?status=ACTIVE&amp;fixed_ip=None&amp;device_id=f26b56f0-a55e-47ea-a919-44ff275b35e2 0.033s
2015-12-15 22:37:05,371 25220 DEBUG    [tempest_lib.common.rest_client] Request - Headers: {'Content-Type': 'application/json', 'Accept': 'application/json', 'X-Auth-Token': '&lt;omitted&gt;'}
        Body: None
    Response - Headers: {'status': '200', 'content-length': '895', 'content-location': 'http://10.0.2.15:9696/v2.0/ports?status=ACTIVE&amp;fixed_ip=None&amp;device_id=f26b56f0-a55e-47ea-a919-44ff275b35e2', 'connection': 'close', 'date': 'Tue, 15 Dec 2015 22:37:05 GMT', 'content-type': 'application/json; charset=UTF-8', 'x-openstack-request-id': 'req-938d30c6-edce-451c-a984-7b90a323a370'}
        Body: {"ports": [{"status": "ACTIVE", "binding:host_id": "vagrant-ubuntu-trusty-64", "allowed_address_pairs": [], "extra_dhcp_opts": [], "dns_assignment": [{"hostname": "host-10-100-0-3", "ip_address": "10.100.0.3", "fqdn": "host-10-100-0-3.openstacklocal."}], "device_owner": "compute:None", "port_security_enabled": true, "binding:profile": {}, "fixed_ips": [{"subnet_id": "682f4aa2-13ec-4dd2-affd-557c21d7ac16", "ip_address": "10.100.0.3"}], "id": "702ccc48-a0d5-4498-9b3d-665d3084b0d1", "security_groups": ["9b6bf4a5-dba7-4cf7-9b5f-19b4e06b96e2"], "device_id": "f26b56f0-a55e-47ea-a919-44ff275b35e2", "name": "", "admin_state_up": true, "network_id": "b145ec2a-02bd-4f51-b660-e8dcb7144aba", "dns_name": "", "binding:vif_details": {"port_filter": true}, "binding:vnic_type": "normal", "binding:vif_type": "ovs", "tenant_id": "796bfc75b50e43d4abf7c453fe842e9f", "mac_address": "fa:16:3e:f6:3d:f1"}]}
2015-12-15 22:37:05,862 25220 INFO     [tempest_lib.common.rest_client] Request (TestNetworkBasicOps:test_connectivity_between_vms_on_different_networks): 201 POST http://10.0.2.15:9696/v2.0/floatingips 0.490s
2015-12-15 22:37:05,862 25220 DEBUG    [tempest_lib.common.rest_client] Request - Headers: {'Content-Type': 'application/json', 'Accept': 'application/json', 'X-Auth-Token': '&lt;omitted&gt;'}
        Body: {"floatingip": {"floating_network_id": "a7aadd23-a749-47ae-8fb8-520b104655a8", "tenant_id": "796bfc75b50e43d4abf7c453fe842e9f", "fixed_ip_address": "10.100.0.3", "port_id": "702ccc48-a0d5-4498-9b3d-665d3084b0d1"}}
    Response - Headers: {'status': '201', 'content-length': '367', 'connection': 'close', 'date': 'Tue, 15 Dec 2015 22:37:05 GMT', 'content-type': 'application/json; charset=UTF-8', 'x-openstack-request-id': 'req-1b8bd280-3cb1-46f6-838e-29bf915e76a8'}
        Body: {"floatingip": {"floating_network_id": "a7aadd23-a749-47ae-8fb8-520b104655a8", "router_id": "ddbecfc6-8786-438e-92a7-f7aadf85c5d8", "fixed_ip_address": "10.100.0.3", "floating_ip_address": "172.24.4.4", "tenant_id": "796bfc75b50e43d4abf7c453fe842e9f", "status": "DOWN", "port_id": "702ccc48-a0d5-4498-9b3d-665d3084b0d1", "id": "e7f0bab4-2c39-47d8-b8a3-61c9a572cffa"}}
2015-12-15 22:37:05,877 25220 INFO     [tempest_lib.common.rest_client] Request (TestNetworkBasicOps:test_connectivity_between_vms_on_different_networks): 200 GET http://10.0.2.15:9696/v2.0/floatingips/e7f0bab4-2c39-47d8-b8a3-61c9a572cffa 0.014s
2015-12-15 22:37:05,878 25220 DEBUG    [tempest_lib.common.rest_client] Request - Headers: {'Content-Type': 'application/json', 'Accept': 'application/json', 'X-Auth-Token': '&lt;omitted&gt;'}
        Body: None
    Response - Headers: {'status': '200', 'content-length': '367', 'content-location': 'http://10.0.2.15:9696/v2.0/floatingips/e7f0bab4-2c39-47d8-b8a3-61c9a572cffa', 'connection': 'close', 'date': 'Tue, 15 Dec 2015 22:37:05 GMT', 'content-type': 'application/json; charset=UTF-8', 'x-openstack-request-id': 'req-05bdeb80-9872-4031-a697-9d5cc38fae4d'}
        Body: {"floatingip": {"floating_network_id": "a7aadd23-a749-47ae-8fb8-520b104655a8", "router_id": "ddbecfc6-8786-438e-92a7-f7aadf85c5d8", "fixed_ip_address": "10.100.0.3", "floating_ip_address": "172.24.4.4", "tenant_id": "796bfc75b50e43d4abf7c453fe842e9f", "status": "DOWN", "port_id": "702ccc48-a0d5-4498-9b3d-665d3084b0d1", "id": "e7f0bab4-2c39-47d8-b8a3-61c9a572cffa"}}
2015-12-15 22:37:06,894 25220 INFO     [tempest_lib.common.rest_client] Request (TestNetworkBasicOps:test_connectivity_between_vms_on_different_networks): 200 GET http://10.0.2.15:9696/v2.0/floatingips/e7f0bab4-2c39-47d8-b8a3-61c9a572cffa 0.014s
2015-12-15 22:37:06,894 25220 DEBUG    [tempest_lib.common.rest_client] Request - Headers: {'Content-Type': 'application/json', 'Accept': 'application/json', 'X-Auth-Token': '&lt;omitted&gt;'}
        Body: None
    Response - Headers: {'status': '200', 'content-length': '369', 'content-location': 'http://10.0.2.15:9696/v2.0/floatingips/e7f0bab4-2c39-47d8-b8a3-61c9a572cffa', 'connection': 'close', 'date': 'Tue, 15 Dec 2015 22:37:06 GMT', 'content-type': 'application/json; charset=UTF-8', 'x-openstack-request-id': 'req-c66b8b46-d364-40fd-8855-57443d8aa1ea'}
        Body: {"floatingip": {"floating_network_id": "a7aadd23-a749-47ae-8fb8-520b104655a8", "router_id": "ddbecfc6-8786-438e-92a7-f7aadf85c5d8", "fixed_ip_address": "10.100.0.3", "floating_ip_address": "172.24.4.4", "tenant_id": "796bfc75b50e43d4abf7c453fe842e9f", "status": "ACTIVE", "port_id": "702ccc48-a0d5-4498-9b3d-665d3084b0d1", "id": "e7f0bab4-2c39-47d8-b8a3-61c9a572cffa"}}
2015-12-15 22:37:06,895 25220 INFO     [tempest.scenario.manager] FloatingIP: &lt;"FloatingIP" addr="172.24.4.4" id="e7f0bab4-2c39-47d8-b8a3-61c9a572cffa"&gt; is at status: ACTIVE
2015-12-15 22:37:06,895 25220 DEBUG    [tempest.scenario.manager] checking network connections to IP 172.24.4.4 with user: cirros
2015-12-15 22:37:06,896 25220 DEBUG    [tempest.scenario.manager] TestNetworkBasicOps:test_connectivity_between_vms_on_different_networks begins to ping 172.24.4.4 in 120 sec and the expected result is reachable
2015-12-15 22:39:07,190 25220 DEBUG    [tempest.scenario.manager] TestNetworkBasicOps:test_connectivity_between_vms_on_different_networks finishes ping 172.24.4.4 in 120 sec and the ping result is unexpected
2015-12-15 22:39:07,192 25220 ERROR    [tempest.scenario.manager] Public network connectivity check failed
2015-12-15 22:39:07.192 25220 ERROR tempest.scenario.manager Traceback (most recent call last):
2015-12-15 22:39:07.192 25220 ERROR tempest.scenario.manager   File "tempest/scenario/manager.py", line 608, in check_public_network_connectivity
2015-12-15 22:39:07.192 25220 ERROR tempest.scenario.manager     should_connect=should_connect)
2015-12-15 22:39:07.192 25220 ERROR tempest.scenario.manager   File "tempest/scenario/manager.py", line 592, in check_vm_connectivity
2015-12-15 22:39:07.192 25220 ERROR tempest.scenario.manager     msg=msg)
2015-12-15 22:39:07.192 25220 ERROR tempest.scenario.manager   File "/usr/local/lib/python2.7/dist-packages/unittest2/case.py", line 702, in assertTrue
2015-12-15 22:39:07.192 25220 ERROR tempest.scenario.manager     raise self.failureException(msg)
2015-12-15 22:39:07.192 25220 ERROR tempest.scenario.manager AssertionError: False is not true : Timed out waiting for 172.24.4.4 to become reachable
2015-12-15 22:39:07.192 25220 ERROR tempest.scenario.manager 
2015-12-15 22:39:07,407 25220 INFO     [tempest_lib.common.rest_client] Request (TestNetworkBasicOps:test_connectivity_between_vms_on_different_networks): 200 POST http://10.0.2.15:8774/v2.1/796bfc75b50e43d4abf7c453fe842e9f/servers/f26b56f0-a55e-47ea-a919-44ff275b35e2/action 0.211s
2015-12-15 22:39:07,408 25220 DEBUG    [tempest_lib.common.rest_client] Request - Headers: {'Content-Type': 'application/json', 'Accept': 'application/json', 'X-Auth-Token': '&lt;omitted&gt;'}
        Body: {"os-getConsoleOutput": {}}
    Response - Headers: {'status': '200', 'content-length': '17428', 'x-compute-request-id': 'req-c04ecca6-98c7-408d-bc6d-03dca12db36a', 'vary': 'X-OpenStack-Nova-API-Version', 'connection': 'close', 'x-openstack-nova-api-version': '2.1', 'date': 'Tue, 15 Dec 2015 22:39:07 GMT', 'content-type': 'application/json'}
        Body: {"output": "[    0.000000] Initializing cgroup subsys cpuset\n[    0.000000] Initializing cgroup subsys cpu\n[    0.000000] Linux version 3.2.0-80-virtual (buildd@batsu) (gcc version 4.6.3 (Ubuntu/Linaro 4.6.3-1ubuntu5) ) #116-Ubuntu SMP Mon Mar 23 17:28:52 UTC 2015 (Ubuntu 3.2.0-80.116-virtual 3.2.68)\n[    0.000000] Command line: root=/dev/vda console=tty0 console=ttyS0 no_timer_check\n[    0.000000] KERNEL supported cpus:\n[    0.000000]   Intel GenuineIntel\n[    0.000000]   AMD AuthenticAMD\n[    0.000000]   Centaur CentaurHauls\n[    0.000000] BIOS-provided physical RAM map:\n[    0.000000]  BIOS-e820: 0000000000000000 - 000000000009fc00 (usable)\n[    0.000000]  BIOS-e820: 000000000009fc00 - 00000000000a0000 (reserved)\n[    0.000000]  BIOS-e820: 00000000000f0000 - 0000000000100000 (reserved)\n[    0.000000]  BIOS-e820: 0000000000100000 - 0000000003ffe000 (usable)\n[    0.000000]  BIOS-e820: 0000000003ffe000 - 0000000004000000 (reserved)\n[    0.000000]  BIOS-e820: 00000000fffc0000 - 0000000100000000 (reserved)\n[    0.000000] NX (Execute Disable) protection: active\n[    0.000000] SMBIOS 2.4 present.\n[    0.000000] No AGP bridge found\n[    0.000000] last_pfn = 0x3ffe max_arch_pfn = 0x400000000\n[    0.000000] x86 PAT enabled: cpu 0, old 0x7040600070406, new 0x7010600070106\n[    0.000000] found SMP MP-table at [ffff8800000f0b00] f0b00\n[    0.000000] init_memory_mapping: 0000000000000000-0000000003ffe000\n[    0.000000] RAMDISK: 03c5e000 - 03ff0000\n[    0.000000] ACPI: RSDP 00000000000f0950 00014 (v00 BOCHS )\n[    0.000000] ACPI: RSDT 0000000003fffbc1 00034 (v01 BOCHS  BXPCRSDT 00000001 BXPC 00000001)\n[    0.000000] ACPI: FACP 0000000003fff1c0 00074 (v01 BOCHS  BXPCFACP 00000001 BXPC 00000001)\n[    0.000000] ACPI: DSDT 0000000003ffe040 01180 (v01 BOCHS  BXPCDSDT 00000001 BXPC 00000001)\n[    0.000000] ACPI: FACS 0000000003ffe000 00040\n[    0.000000] ACPI: SSDT 0000000003fff234 008DD (v01 BOCHS  BXPCSSDT 00000001 BXPC 00000001)\n[    0.000000] ACPI: APIC 0000000003fffb11 00078 (v01 BOCHS  BXPCAPIC 00000001 BXPC 00000001)\n[    0.000000] ACPI: HPET 0000000003fffb89 00038 (v01 BOCHS  BXPCHPET 00000001 BXPC 00000001)\n[    0.000000] No NUMA configuration found\n[    0.000000] Faking a node at 0000000000000000-0000000003ffe000\n[    0.000000] Initmem setup node 0 0000000000000000-0000000003ffe000\n[    0.000000]   NODE_DATA [0000000003ff6000 - 0000000003ffafff]\n[    0.000000] Zone PFN ranges:\n[    0.000000]   DMA      0x00000010 -&gt; 0x00001000\n[    0.000000]   DMA32    0x00001000 -&gt; 0x00100000\n[    0.000000]   Normal   empty\n[    0.000000] Movable zone start PFN for each node\n[    0.000000] early_node_map[2] active PFN ranges\n[    0.000000]     0: 0x00000010 -&gt; 0x0000009f\n[    0.000000]     0: 0x00000100 -&gt; 0x00003ffe\n[    0.000000] ACPI: PM-Timer IO Port: 0xb008\n[    0.000000] ACPI: LAPIC (acpi_id[0x00] lapic_id[0x00] enabled)\n[    0.000000] ACPI: LAPIC_NMI (acpi_id[0xff] dfl dfl lint[0x1])\n[    0.000000] ACPI: IOAPIC (id[0x00] address[0xfec00000] gsi_base[0])\n[    0.000000] IOAPIC[0]: apic_id 0, version 17, address 0xfec00000, GSI 0-23\n[    0.000000] ACPI: INT_SRC_OVR (bus 0 bus_irq 0 global_irq 2 dfl dfl)\n[    0.000000] ACPI: INT_SRC_OVR (bus 0 bus_irq 5 global_irq 5 high level)\n[    0.000000] ACPI: INT_SRC_OVR (bus 0 bus_irq 9 global_irq 9 high level)\n[    0.000000] ACPI: INT_SRC_OVR (bus 0 bus_irq 10 global_irq 10 high level)\n[    0.000000] ACPI: INT_SRC_OVR (bus 0 bus_irq 11 global_irq 11 high level)\n[    0.000000] Using ACPI (MADT) for SMP configuration information\n[    0.000000] ACPI: HPET id: 0x8086a201 base: 0xfed00000\n[    0.000000] SMP: Allowing 1 CPUs, 0 hotplug CPUs\n[    0.000000] PM: Registered nosave memory: 000000000009f000 - 00000000000a0000\n[    0.000000] PM: Registered nosave memory: 00000000000a0000 - 00000000000f0000\n[    0.000000] PM: Registered nosave memory: 00000000000f0000 - 0000000000100000\n[    0.000000] Allocating PCI resources starting at 4000000 (gap: 4000000:fbfc0000)\n[    0.000000] Booting paravirtualized kernel on bare hardware\n[    0.000000] setup_pe
2015-12-15 22:39:07,412 25220 DEBUG    [tempest.scenario.manager] Console output for f26b56f0-a55e-47ea-a919-44ff275b35e2
body=
[    0.000000] Initializing cgroup subsys cpuset
[    0.000000] Initializing cgroup subsys cpu
[    0.000000] Linux version 3.2.0-80-virtual (buildd@batsu) (gcc version 4.6.3 (Ubuntu/Linaro 4.6.3-1ubuntu5) ) #116-Ubuntu SMP Mon Mar 23 17:28:52 UTC 2015 (Ubuntu 3.2.0-80.116-virtual 3.2.68)
[    0.000000] Command line: root=/dev/vda console=tty0 console=ttyS0 no_timer_check
[    0.000000] KERNEL supported cpus:
[    0.000000]   Intel GenuineIntel
[    0.000000]   AMD AuthenticAMD
[    0.000000]   Centaur CentaurHauls
[    0.000000] BIOS-provided physical RAM map:
[    0.000000]  BIOS-e820: 0000000000000000 - 000000000009fc00 (usable)
[    0.000000]  BIOS-e820: 000000000009fc00 - 00000000000a0000 (reserved)
[    0.000000]  BIOS-e820: 00000000000f0000 - 0000000000100000 (reserved)
[    0.000000]  BIOS-e820: 0000000000100000 - 0000000003ffe000 (usable)
[    0.000000]  BIOS-e820: 0000000003ffe000 - 0000000004000000 (reserved)
[    0.000000]  BIOS-e820: 00000000fffc0000 - 0000000100000000 (reserved)
[    0.000000] NX (Execute Disable) protection: active
[    0.000000] SMBIOS 2.4 present.
[    0.000000] No AGP bridge found
[    0.000000] last_pfn = 0x3ffe max_arch_pfn = 0x400000000
[    0.000000] x86 PAT enabled: cpu 0, old 0x7040600070406, new 0x7010600070106
[    0.000000] found SMP MP-table at [ffff8800000f0b00] f0b00
[    0.000000] init_memory_mapping: 0000000000000000-0000000003ffe000
[    0.000000] RAMDISK: 03c5e000 - 03ff0000
[    0.000000] ACPI: RSDP 00000000000f0950 00014 (v00 BOCHS )
[    0.000000] ACPI: RSDT 0000000003fffbc1 00034 (v01 BOCHS  BXPCRSDT 00000001 BXPC 00000001)
[    0.000000] ACPI: FACP 0000000003fff1c0 00074 (v01 BOCHS  BXPCFACP 00000001 BXPC 00000001)
[    0.000000] ACPI: DSDT 0000000003ffe040 01180 (v01 BOCHS  BXPCDSDT 00000001 BXPC 00000001)
[    0.000000] ACPI: FACS 0000000003ffe000 00040
[    0.000000] ACPI: SSDT 0000000003fff234 008DD (v01 BOCHS  BXPCSSDT 00000001 BXPC 00000001)
[    0.000000] ACPI: APIC 0000000003fffb11 00078 (v01 BOCHS  BXPCAPIC 00000001 BXPC 00000001)
[    0.000000] ACPI: HPET 0000000003fffb89 00038 (v01 BOCHS  BXPCHPET 00000001 BXPC 00000001)
[    0.000000] No NUMA configuration found
[    0.000000] Faking a node at 0000000000000000-0000000003ffe000
[    0.000000] Initmem setup node 0 0000000000000000-0000000003ffe000
[    0.000000]   NODE_DATA [0000000003ff6000 - 0000000003ffafff]
[    0.000000] Zone PFN ranges:
[    0.000000]   DMA      0x00000010 -&gt; 0x00001000
[    0.000000]   DMA32    0x00001000 -&gt; 0x00100000
[    0.000000]   Normal   empty
[    0.000000] Movable zone start PFN for each node
[    0.000000] early_node_map[2] active PFN ranges
[    0.000000]     0: 0x00000010 -&gt; 0x0000009f
[    0.000000]     0: 0x00000100 -&gt; 0x00003ffe
[    0.000000] ACPI: PM-Timer IO Port: 0xb008
[    0.000000] ACPI: LAPIC (acpi_id[0x00] lapic_id[0x00] enabled)
[    0.000000] ACPI: LAPIC_NMI (acpi_id[0xff] dfl dfl lint[0x1])
[    0.000000] ACPI: IOAPIC (id[0x00] address[0xfec00000] gsi_base[0])
[    0.000000] IOAPIC[0]: apic_id 0, version 17, address 0xfec00000, GSI 0-23
[    0.000000] ACPI: INT_SRC_OVR (bus 0 bus_irq 0 global_irq 2 dfl dfl)
[    0.000000] ACPI: INT_SRC_OVR (bus 0 bus_irq 5 global_irq 5 high level)
[    0.000000] ACPI: INT_SRC_OVR (bus 0 bus_irq 9 global_irq 9 high level)
[    0.000000] ACPI: INT_SRC_OVR (bus 0 bus_irq 10 global_irq 10 high level)
[    0.000000] ACPI: INT_SRC_OVR (bus 0 bus_irq 11 global_irq 11 high level)
[    0.000000] Using ACPI (MADT) for SMP configuration information
[    0.000000] ACPI: HPET id: 0x8086a201 base: 0xfed00000
[    0.000000] SMP: Allowing 1 CPUs, 0 hotplug CPUs
[    0.000000] PM: Registered nosave memory: 000000000009f000 - 00000000000a0000
[    0.000000] PM: Registered nosave memory: 00000000000a0000 - 00000000000f0000
[    0.000000] PM: Registered nosave memory: 00000000000f0000 - 0000000000100000
[    0.000000] Allocating PCI resources starting at 4000000 (gap: 4000000:fbfc0000)
[    0.000000] Booting paravirtualized kernel on bare hardware
[    0.000000] setup_percpu: NR_CPUS:64 nr_cpumask_bits:64 nr_cpu_ids:1 nr_node_ids:1
[    0.000000] PERCPU: Embedded 27 pages/cpu @ffff880003a00000 s78848 r8192 d23552 u2097152
[    0.000000] Built 1 zonelists in Node order, mobility grouping on.  Total pages: 16008
[    0.000000] Policy zone: DMA32
[    0.000000] Kernel command line: root=/dev/vda console=tty0 console=ttyS0 no_timer_check
[    0.000000] PID hash table entries: 256 (order: -1, 2048 bytes)
[    0.000000] Checking aperture...
[    0.000000] No AGP bridge found
[    0.000000] Memory: 43492k/65528k available (6576k kernel code, 452k absent, 21584k reserved, 6620k data, 928k init)
[    0.000000] SLUB: Genslabs=15, HWalign=64, Order=0-3, MinObjects=0, CPUs=1, Nodes=1
[    0.000000] Hierarchical RCU implementation.
[    0.000000] 	RCU dyntick-idle grace-period acceleration is enabled.
[    0.000000] NR_IRQS:4352 nr_irqs:256 16
[    0.000000] Console: colour VGA+ 80x25
[    0.000000] console [tty0] enabled
[    0.000000] console [ttyS0] enabled
[    0.000000] allocated 1048576 bytes of page_cgroup
[    0.000000] please try 'cgroup_disable=memory' option if you don't want memory cgroups
[    0.000000] Fast TSC calibration failed
[    0.000000] TSC: Unable to calibrate against PIT
[    0.000000] TSC: using HPET reference calibration
[    0.000000] Detected 2294.422 MHz processor.
[    0.032779] Calibrating delay loop (skipped), value calculated using timer frequency.. 4588.84 BogoMIPS (lpj=9177688)
[    0.036677] pid_max: default: 32768 minimum: 301
[    0.044615] Security Framework initialized
[    0.050512] AppArmor: AppArmor initialized
[    0.051263] Yama: becoming mindful.
[    0.058095] Dentry cache hash table entries: 8192 (order: 4, 65536 bytes)
[    0.060579] Inode-cache hash table entries: 4096 (order: 3, 32768 bytes)
[    0.062160] Mount-cache hash table entries: 256
[    0.077134] Initializing cgroup subsys cpuacct
[    0.078046] Initializing cgroup subsys memory
[    0.080158] Initializing cgroup subsys devices
[    0.080896] Initializing cgroup subsys freezer
[    0.081669] Initializing cgroup subsys blkio
[    0.082366] Initializing cgroup subsys perf_event
[    0.093565] mce: CPU supports 10 MCE banks
[    0.101711] SMP alternatives: switching to UP code
[    0.506900] Freeing SMP alternatives: 24k freed
[    0.509094] ACPI: Core revision 20110623
[    0.560536] ftrace: allocating 26610 entries in 105 pages
[    0.591490] ..TIMER: vector=0x30 apic1=0 pin1=2 apic2=-1 pin2=-1
[    0.592157] CPU0: AMD QEMU Virtual CPU version 2.0.0 stepping 03
[    0.596036] Performance Events: Broken PMU hardware detected, using software events only.
[    0.606595] NMI watchdog disabled (cpu0): hardware events not enabled
[    0.609456] Brought up 1 CPUs
[    0.613432] Total of 1 processors activated (4588.84 BogoMIPS).
[    0.634993] devtmpfs: initialized
[    0.662623] EVM: security.selinux
[    0.664085] EVM: security.SMACK64
[    0.664673] EVM: security.capability
[    0.686340] print_constraints: dummy: 
[    0.688952] RTC time: 22:37:08, date: 12/15/15
[    0.690933] NET: Registered protocol family 16
[    0.699398] ACPI: bus type pci registered
[    0.708645] PCI: Using configuration type 1 for base access
[    0.738392] bio: create slab &lt;bio-0&gt; at 0
[    0.743039] ACPI: Added _OSI(Module Device)
[    0.744151] ACPI: Added _OSI(Processor Device)
[    0.745213] ACPI: Added _OSI(3.0 _SCP Extensions)
[    0.745774] ACPI: Added _OSI(Processor Aggregator Device)
[    0.821729] ACPI: Interpreter enabled
[    0.822325] ACPI: (supports S0 S3 S4 S5)
[    0.824766] ACPI: Using IOAPIC for interrupt routing
[    0.896707] ACPI: No dock devices found.
[    0.897349] HEST: Table not found.
[    0.897900] PCI: Using host bridge windows from ACPI; if necessary, use "pci=nocrs" and report a bug
[    0.904055] ACPI: PCI Root Bridge [PCI0] (domain 0000 [bus 00-ff])
[    0.909535] pci_root PNP0A03:00: host bridge window [io  0x0000-0x0cf7]
[    0.910442] pci_root PNP0A03:00: host bridge window [io  0x0d00-0xadff]
[    0.912108] pci_root PNP0A03:00: host bridge window [io  0xae0f-0xaeff]
[    0.912895] pci_root PNP0A03:00: host bridge window [io  0xaf20-0xafdf]
[    0.913674] pci_root PNP0A03:00: host bridge window [io  0xafe4-0xffff]
[    0.914488] pci_root PNP0A03:00: host bridge window [mem 0x000a0000-0x000bffff]
[    0.916108] pci_root PNP0A03:00: host bridge window [mem 0x04000000-0xfebfffff]
[    0.945309] pci 0000:00:01.3: quirk: [io  0xb000-0xb03f] claimed by PIIX4 ACPI
[    0.946261] pci 0000:00:01.3: quirk: [io  0xb100-0xb10f] claimed by PIIX4 SMB
[    1.025296]  pci0000:00: Unable to request _OSC control (_OSC support mask: 0x1e)
[    1.086807] ACPI: PCI Interrupt Link [LNKA] (IRQs 5 *10 11)
[    1.089724] ACPI: PCI Interrupt Link [LNKB] (IRQs 5 *10 11)
[    1.092215] ACPI: PCI Interrupt Link [LNKC] (IRQs 5 10 *11)
[    1.094000] ACPI: PCI Interrupt Link [LNKD] (IRQs 5 10 *11)
[    1.095482] ACPI: PCI Interrupt Link [LNKS] (IRQs *9)
[    1.102455] vgaarb: device added: PCI:0000:00:02.0,decodes=io+mem,owns=io+mem,locks=none
[    1.104226] vgaarb: loaded
[    1.104627] vgaarb: bridge control possible 0000:00:02.0
[    1.107348] i2c-core: driver [aat2870] using legacy suspend method
[    1.108233] i2c-core: driver [aat2870] using legacy resume method
[    1.112770] SCSI subsystem initialized
[    1.116849] usbcore: registered new interface driver usbfs
[    1.117908] usbcore: registered new interface driver hub
[    1.119134] usbcore: registered new device driver usb
[    1.122754] PCI: Using ACPI for IRQ routing
[    1.140302] NetLabel: Initializing
[    1.140745] NetLabel:  domain hash size = 128
[    1.141236] NetLabel:  protocols = UNLABELED CIPSOv4
[    1.143213] NetLabel:  unlabeled traffic allowed by default
[    1.148293] HPET: 3 timers in total, 0 timers will be used for per-cpu timer
[    1.149429] hpet0: at MMIO 0xfed00000, IRQs 2, 8, 0
[    1.150198] hpet0: 3 comparators, 64-bit 100.000000 MHz counter
[    1.158247] Switching to clocksource hpet
[    1.395483] AppArmor: AppArmor Filesystem Enabled
[    1.397922] pnp: PnP ACPI init
[    1.398871] ACPI: bus type pnp registered
[    1.418278] pnp: PnP ACPI: found 9 devices
[    1.418893] ACPI: ACPI bus type pnp unregistered
[    1.478266] NET: Registered protocol family 2
[    1.516744] IP route cache hash table entries: 512 (order: 0, 4096 bytes)
[    1.523114] TCP established hash table entries: 2048 (order: 3, 32768 bytes)
[    1.525387] TCP bind hash table entries: 2048 (order: 3, 32768 bytes)
[    1.526372] TCP: Hash tables configured (established 2048 bind 2048)
[    1.527138] TCP reno registered
[    1.527763] UDP hash table entries: 128 (order: 0, 4096 bytes)
[    1.529252] UDP-Lite hash table entries: 128 (order: 0, 4096 bytes)
[    1.532150] NET: Registered protocol family 1
[    1.533618] pci 0000:00:00.0: Limiting direct PCI/PCI transfers
[    1.534279] pci 0000:00:01.0: PIIX3: Enabling Passive Release
[    1.535193] pci 0000:00:01.0: Activating ISA DMA hang workarounds
[    1.539831] ACPI: PCI Interrupt Link [LNKD] enabled at IRQ 11
[    1.541928] pci 0000:00:01.2: PCI INT D -&gt; Link[LNKD] -&gt; GSI 11 (level, high) -&gt; IRQ 11
[    1.543875] pci 0000:00:01.2: PCI INT D disabled
[    1.561585] Trying to unpack rootfs image as initramfs...
[    1.575511] audit: initializing netlink socket (disabled)
[    1.578144] type=2000 audit(1450219028.576:1): initialized
[    1.825670] HugeTLB registered 2 MB page size, pre-allocated 0 pages
[    1.875889] VFS: Disk quotas dquot_6.5.2
[    1.877755] Dquot-cache hash table entries: 512 (order 0, 4096 bytes)
[    1.923068] fuse init (API version 7.17)
[    1.926621] msgmni has been set to 84
[    1.958892] Block layer SCSI generic (bsg) driver version 0.4 loaded (major 253)
[    1.961219] io scheduler noop registered
[    1.961733] io scheduler deadline registered (default)
[    1.962845] io scheduler cfq registered
[    1.966681] pci_hotplug: PCI Hot Plug PCI Core version: 0.5
[    1.969223] pciehp: PCI Express Hot Plug Controller Driver version: 0.4
[    1.974992] input: Power Button as /devices/LNXSYSTM:00/LNXPWRBN:00/input/input0
[    1.977203] ACPI: Power Button [PWRF]
[    2.025149] ERST: Table is not found!
[    2.025643] GHES: HEST is not enabled!
[    2.034784] ACPI: PCI Interrupt Link [LNKC] enabled at IRQ 10
[    2.035650] virtio-pci 0000:00:03.0: PCI INT A -&gt; Link[LNKC] -&gt; GSI 10 (level, high) -&gt; IRQ 10
[    2.039608] virtio-pci 0000:00:04.0: PCI INT A -&gt; Link[LNKD] -&gt; GSI 11 (level, high) -&gt; IRQ 11
[    2.056214] ACPI: PCI Interrupt Link [LNKA] enabled at IRQ 10
[    2.057245] virtio-pci 0000:00:05.0: PCI INT A -&gt; Link[LNKA] -&gt; GSI 10 (level, high) -&gt; IRQ 10
[    2.069837] Serial: 8250/16550 driver, 32 ports, IRQ sharing enabled
[    2.109034] serial8250: ttyS0 at I/O 0x3f8 (irq = 4) is a 16550A
[    2.198823] serial8250: ttyS1 at I/O 0x2f8 (irq = 3) is a 16550A
[    2.332403] 00:05: ttyS0 at I/O 0x3f8 (irq = 4) is a 16550A
[    2.402604] 00:06: ttyS1 at I/O 0x2f8 (irq = 3) is a 16550A
[    2.446887] Linux agpgart interface v0.103
[    2.503391] brd: module loaded
[    2.533697] loop: module loaded
[    2.549767] Refined TSC clocksource calibration: 2294.451 MHz.
[    2.550347] Switching to clocksource tsc
[    2.615070]  vda: unknown partition table
[    2.678100] scsi0 : ata_piix
[    2.692620] scsi1 : ata_piix
[    2.694883] ata1: PATA max MWDMA2 cmd 0x1f0 ctl 0x3f6 bmdma 0xc0a0 irq 14
[    2.695645] ata2: PATA max MWDMA2 cmd 0x170 ctl 0x376 bmdma 0xc0a8 irq 15
[    2.706106] Fixed MDIO Bus: probed
[    2.706764] tun: Universal TUN/TAP device driver, 1.6
[    2.708259] tun: (C) 1999-2004 Max Krasnyansky &lt;maxk@qualcomm.com&gt;
[    2.734113] PPP generic driver version 2.4.2
[    2.771889] ehci_hcd: USB 2.0 'Enhanced' Host Controller (EHCI) Driver
[    2.773802] ohci_hcd: USB 1.1 'Open' Host Controller (OHCI) Driver
[    2.774768] uhci_hcd: USB Universal Host Controller Interface driver
[    2.775897] uhci_hcd 0000:00:01.2: PCI INT D -&gt; Link[LNKD] -&gt; GSI 11 (level, high) -&gt; IRQ 11
[    2.782418] uhci_hcd 0000:00:01.2: UHCI Host Controller
[    2.801498] uhci_hcd 0000:00:01.2: new USB bus registered, assigned bus number 1
[    2.803466] uhci_hcd 0000:00:01.2: irq 11, io base 0x0000c040
[    2.840712] hub 1-0:1.0: USB hub found
[    2.841420] hub 1-0:1.0: 2 ports detected
[    2.850659] usbcore: registered new interface driver libusual
[    2.854592] i8042: PNP: PS/2 Controller [PNP0303:KBD,PNP0f13:MOU] at 0x60,0x64 irq 1,12
[    2.864936] serio: i8042 KBD port at 0x60,0x64 irq 1
[    2.868284] serio: i8042 AUX port at 0x60,0x64 irq 12
[    2.926478] mousedev: PS/2 mouse device common for all mice
[    2.934621] ata2.01: ATAPI: QEMU DVD-ROM, 2.0.0, max UDMA/100
[    2.946857] input: AT Translated Set 2 keyboard as /devices/platform/i8042/serio0/input/input1
[    2.951795] rtc_cmos 00:01: RTC can wake from S4
[    2.970480] rtc_cmos 00:01: rtc core: registered rtc_cmos as rtc0
[    2.974788] rtc0: alarms up to one day, 114 bytes nvram, hpet irqs
[    2.978366] device-mapper: uevent: version 1.0.3
[    2.990771] ata2.01: configured for MWDMA2
[    3.031760] device-mapper: ioctl: 4.22.0-ioctl (2011-10-19) initialised: dm-devel@redhat.com
[    3.040637] cpuidle: using governor ladder
[    3.041371] cpuidle: using governor menu
[    3.042821] EFI Variables Facility v0.08 2004-May-17
[    3.057065] TCP cubic registered
[    3.063697] NET: Registered protocol family 10
[    3.114001] NET: Registered protocol family 17
[    3.116793] Registering the dns_resolver key type
[    3.131068] scsi 1:0:1:0: CD-ROM            QEMU     QEMU DVD-ROM     2.0. PQ: 0 ANSI: 5
[    3.153281] sr0: scsi3-mmc drive: 4x/4x cd/rw xa/form2 tray
[    3.154692] cdrom: Uniform CD-ROM driver Revision: 3.20
[    3.166896] sr 1:0:1:0: Attached scsi generic sg0 type 5
[    3.252378] registered taskstats version 1
[    3.355375] Freeing initrd memory: 3656k freed
[    3.890685]   Magic number: 11:81:654
[    3.898013] rtc_cmos 00:01: setting system clock to 2015-12-15 22:37:11 UTC (1450219031)
[    3.899296] powernow-k8: Processor cpuid 663 not supported
[    3.903994] BIOS EDD facility v0.16 2004-Jun-25, 0 devices found
[    3.905171] EDD information not available.
[    3.946080] Freeing unused kernel memory: 928k freed
[    3.949570] Write protecting the kernel read-only data: 12288k
[    4.021276] Freeing unused kernel memory: 1596k freed
[    4.086569] Freeing unused kernel memory: 1184k freed

info: initramfs: up at 4.26
modprobe: module virtio_blk not found in modules.dep
modprobe: module virtio_net not found in modules.dep
info: copying initramfs to /dev/vda
info: initramfs loading root from /dev/vda
info: /etc/init.d/rc.sysinit: up at 9.04
info: container: none
Starting logging: OK
modprobe: module virtio_blk not found in modules.dep
modprobe: module virtio_net not found in modules.dep
WARN: /etc/rc3.d/S10-load-modules failed
Initializing random number generator... done.
Starting acpid: OK
cirros-ds 'local' up at 11.50
found datasource (configdrive, local)
Starting network...
udhcpc (v1.20.1) started
Sending discover...
Sending discover...

2015-12-15 22:39:07,708 25220 INFO     [tempest_lib.common.rest_client] Request (TestNetworkBasicOps:_run_cleanups): 204 DELETE http://10.0.2.15:9696/v2.0/floatingips/e7f0bab4-2c39-47d8-b8a3-61c9a572cffa 0.288s
2015-12-15 22:39:07,708 25220 DEBUG    [tempest_lib.common.rest_client] Request - Headers: {'Content-Type': 'application/json', 'Accept': 'application/json', 'X-Auth-Token': '&lt;omitted&gt;'}
        Body: None
    Response - Headers: {'date': 'Tue, 15 Dec 2015 22:39:07 GMT', 'status': '204', 'connection': 'close', 'content-length': '0', 'x-openstack-request-id': 'req-e2c6a4e5-5166-4872-acc6-e1e97c1c4b70'}
        Body: 
2015-12-15 22:39:07,936 25220 INFO     [tempest_lib.common.rest_client] Request (TestNetworkBasicOps:_run_cleanups): 204 DELETE http://10.0.2.15:8774/v2.1/796bfc75b50e43d4abf7c453fe842e9f/servers/f26b56f0-a55e-47ea-a919-44ff275b35e2 0.227s
2015-12-15 22:39:07,937 25220 DEBUG    [tempest_lib.common.rest_client] Request - Headers: {'Content-Type': 'application/json', 'Accept': 'application/json', 'X-Auth-Token': '&lt;omitted&gt;'}
        Body: None
    Response - Headers: {'status': '204', 'content-length': '0', 'x-compute-request-id': 'req-e0dbbcb0-ff79-4bb1-b62b-c3120f052b3d', 'vary': 'X-OpenStack-Nova-API-Version', 'connection': 'close', 'x-openstack-nova-api-version': '2.1', 'date': 'Tue, 15 Dec 2015 22:39:07 GMT', 'content-type': 'application/json'}
        Body: 
2015-12-15 22:39:08,142 25220 INFO     [tempest_lib.common.rest_client] Request (TestNetworkBasicOps:_run_cleanups): 200 GET http://10.0.2.15:8774/v2.1/796bfc75b50e43d4abf7c453fe842e9f/servers/f26b56f0-a55e-47ea-a919-44ff275b35e2 0.204s
2015-12-15 22:39:08,142 25220 DEBUG    [tempest_lib.common.rest_client] Request - Headers: {'Content-Type': 'application/json', 'Accept': 'application/json', 'X-Auth-Token': '&lt;omitted&gt;'}
        Body: None
    Response - Headers: {'status': '200', 'content-length': '1776', 'content-location': 'http://10.0.2.15:8774/v2.1/796bfc75b50e43d4abf7c453fe842e9f/servers/f26b56f0-a55e-47ea-a919-44ff275b35e2', 'x-compute-request-id': 'req-7e5054de-a314-48a5-bba5-98213b6b2681', 'vary': 'X-OpenStack-Nova-API-Version', 'connection': 'close', 'x-openstack-nova-api-version': '2.1', 'date': 'Tue, 15 Dec 2015 22:39:08 GMT', 'content-type': 'application/json'}
        Body: {"server": {"status": "ACTIVE", "updated": "2015-12-15T22:39:07Z", "hostId": "b5cd481bcc46d941f7d02f578ed2354f236e8f99d09614d892e5a8d6", "addresses": {"tempest-network-smoke--872348764": [{"OS-EXT-IPS-MAC:mac_addr": "fa:16:3e:f6:3d:f1", "version": 4, "addr": "10.100.0.3", "OS-EXT-IPS:type": "fixed"}, {"OS-EXT-IPS-MAC:mac_addr": "fa:16:3e:f6:3d:f1", "version": 4, "addr": "172.24.4.4", "OS-EXT-IPS:type": "floating"}]}, "links": [{"href": "http://10.0.2.15:8774/v2.1/796bfc75b50e43d4abf7c453fe842e9f/servers/f26b56f0-a55e-47ea-a919-44ff275b35e2", "rel": "self"}, {"href": "http://10.0.2.15:8774/796bfc75b50e43d4abf7c453fe842e9f/servers/f26b56f0-a55e-47ea-a919-44ff275b35e2", "rel": "bookmark"}], "key_name": "tempest-TestNetworkBasicOps-1418705601", "image": {"id": "6331a318-9985-41e6-81e7-93bbfc520800", "links": [{"href": "http://10.0.2.15:8774/796bfc75b50e43d4abf7c453fe842e9f/images/6331a318-9985-41e6-81e7-93bbfc520800", "rel": "bookmark"}]}, "OS-EXT-STS:task_state": "deleting", "OS-EXT-STS:vm_state": "active", "OS-SRV-USG:launched_at": "2015-12-15T22:37:04.000000", "flavor": {"id": "42", "links": [{"href": "http://10.0.2.15:8774/796bfc75b50e43d4abf7c453fe842e9f/flavors/42", "rel": "bookmark"}]}, "id": "f26b56f0-a55e-47ea-a919-44ff275b35e2", "security_groups": [{"name": "tempest-secgroup-smoke-1429889110"}], "OS-SRV-USG:terminated_at": null, "OS-EXT-AZ:availability_zone": "nova", "user_id": "7e69201ca7ff4a6facaba066b190596b", "name": "tempest.common.compute-instance-1763791449", "created": "2015-12-15T22:37:00Z", "tenant_id": "796bfc75b50e43d4abf7c453fe842e9f", "OS-DCF:diskConfig": "MANUAL", "os-extended-volumes:volumes_attached": [], "accessIPv4": "", "accessIPv6": "", "progress": 0, "OS-EXT-STS:power_state": 1, "config_drive": "True", "metadata": {}}}
2015-12-15 22:39:09,321 25220 INFO     [tempest_lib.common.rest_client] Request (TestNetworkBasicOps:_run_cleanups): 200 GET http://10.0.2.15:8774/v2.1/796bfc75b50e43d4abf7c453fe842e9f/servers/f26b56f0-a55e-47ea-a919-44ff275b35e2 0.164s
2015-12-15 22:39:09,322 25220 DEBUG    [tempest_lib.common.rest_client] Request - Headers: {'Content-Type': 'application/json', 'Accept': 'application/json', 'X-Auth-Token': '&lt;omitted&gt;'}
        Body: None
    Response - Headers: {'status': '200', 'content-length': '1708', 'content-location': 'http://10.0.2.15:8774/v2.1/796bfc75b50e43d4abf7c453fe842e9f/servers/f26b56f0-a55e-47ea-a919-44ff275b35e2', 'x-compute-request-id': 'req-2aed63ca-4594-4e1c-b0b4-d81d8b489d28', 'vary': 'X-OpenStack-Nova-API-Version', 'connection': 'close', 'x-openstack-nova-api-version': '2.1', 'date': 'Tue, 15 Dec 2015 22:39:09 GMT', 'content-type': 'application/json'}
        Body: {"server": {"status": "ACTIVE", "updated": "2015-12-15T22:39:08Z", "hostId": "b5cd481bcc46d941f7d02f578ed2354f236e8f99d09614d892e5a8d6", "addresses": {"tempest-network-smoke--872348764": [{"OS-EXT-IPS-MAC:mac_addr": "fa:16:3e:f6:3d:f1", "version": 4, "addr": "10.100.0.3", "OS-EXT-IPS:type": "fixed"}, {"OS-EXT-IPS-MAC:mac_addr": "fa:16:3e:f6:3d:f1", "version": 4, "addr": "172.24.4.4", "OS-EXT-IPS:type": "floating"}]}, "links": [{"href": "http://10.0.2.15:8774/v2.1/796bfc75b50e43d4abf7c453fe842e9f/servers/f26b56f0-a55e-47ea-a919-44ff275b35e2", "rel": "self"}, {"href": "http://10.0.2.15:8774/796bfc75b50e43d4abf7c453fe842e9f/servers/f26b56f0-a55e-47ea-a919-44ff275b35e2", "rel": "bookmark"}], "key_name": "tempest-TestNetworkBasicOps-1418705601", "image": {"id": "6331a318-9985-41e6-81e7-93bbfc520800", "links": [{"href": "http://10.0.2.15:8774/796bfc75b50e43d4abf7c453fe842e9f/images/6331a318-9985-41e6-81e7-93bbfc520800", "rel": "bookmark"}]}, "OS-EXT-STS:task_state": "deleting", "OS-EXT-STS:vm_state": "active", "OS-SRV-USG:launched_at": "2015-12-15T22:37:04.000000", "flavor": {"id": "42", "links": [{"href": "http://10.0.2.15:8774/796bfc75b50e43d4abf7c453fe842e9f/flavors/42", "rel": "bookmark"}]}, "id": "f26b56f0-a55e-47ea-a919-44ff275b35e2", "OS-SRV-USG:terminated_at": null, "OS-EXT-AZ:availability_zone": "nova", "user_id": "7e69201ca7ff4a6facaba066b190596b", "name": "tempest.common.compute-instance-1763791449", "created": "2015-12-15T22:37:00Z", "tenant_id": "796bfc75b50e43d4abf7c453fe842e9f", "OS-DCF:diskConfig": "MANUAL", "os-extended-volumes:volumes_attached": [], "accessIPv4": "", "accessIPv6": "", "progress": 0, "OS-EXT-STS:power_state": 1, "config_drive": "True", "metadata": {}}}
2015-12-15 22:39:10,416 25220 INFO     [tempest_lib.common.rest_client] Request (TestNetworkBasicOps:_run_cleanups): 404 GET http://10.0.2.15:8774/v2.1/796bfc75b50e43d4abf7c453fe842e9f/servers/f26b56f0-a55e-47ea-a919-44ff275b35e2 0.083s
2015-12-15 22:39:10,416 25220 DEBUG    [tempest_lib.common.rest_client] Request - Headers: {'Content-Type': 'application/json', 'Accept': 'application/json', 'X-Auth-Token': '&lt;omitted&gt;'}
        Body: None
    Response - Headers: {'status': '404', 'content-length': '111', 'x-compute-request-id': 'req-6d1dadcc-0418-457b-9eaf-8ba7857b1d22', 'vary': 'X-OpenStack-Nova-API-Version', 'connection': 'close', 'x-openstack-nova-api-version': '2.1', 'date': 'Tue, 15 Dec 2015 22:39:10 GMT', 'content-type': 'application/json; charset=UTF-8'}
        Body: {"itemNotFound": {"message": "Instance f26b56f0-a55e-47ea-a919-44ff275b35e2 could not be found.", "code": 404}}
2015-12-15 22:39:10,439 25220 INFO     [tempest_lib.common.rest_client] Request (TestNetworkBasicOps:_run_cleanups): 202 DELETE http://10.0.2.15:8774/v2.1/796bfc75b50e43d4abf7c453fe842e9f/os-keypairs/tempest-TestNetworkBasicOps-1418705601 0.022s
2015-12-15 22:39:10,440 25220 DEBUG    [tempest_lib.common.rest_client] Request - Headers: {'Content-Type': 'application/json', 'Accept': 'application/json', 'X-Auth-Token': '&lt;omitted&gt;'}
        Body: None
    Response - Headers: {'status': '202', 'content-length': '0', 'x-compute-request-id': 'req-dc95acc7-2f46-4302-b92c-c59e64ad7dcd', 'vary': 'X-OpenStack-Nova-API-Version', 'connection': 'close', 'x-openstack-nova-api-version': '2.1', 'date': 'Tue, 15 Dec 2015 22:39:10 GMT', 'content-type': 'application/json'}
        Body: 
2015-12-15 22:39:10,988 25220 INFO     [tempest_lib.common.rest_client] Request (TestNetworkBasicOps:_run_cleanups): 200 PUT http://10.0.2.15:9696/v2.0/routers/ddbecfc6-8786-438e-92a7-f7aadf85c5d8/remove_router_interface 0.547s
2015-12-15 22:39:10,989 25220 DEBUG    [tempest_lib.common.rest_client] Request - Headers: {'Content-Type': 'application/json', 'Accept': 'application/json', 'X-Auth-Token': '&lt;omitted&gt;'}
        Body: {"subnet_id": "682f4aa2-13ec-4dd2-affd-557c21d7ac16"}
    Response - Headers: {'status': '200', 'content-length': '255', 'connection': 'close', 'date': 'Tue, 15 Dec 2015 22:39:10 GMT', 'content-type': 'application/json; charset=UTF-8', 'x-openstack-request-id': 'req-59397ab3-3160-46b2-88a9-3107dafb468f'}
        Body: {"subnet_id": "682f4aa2-13ec-4dd2-affd-557c21d7ac16", "tenant_id": "796bfc75b50e43d4abf7c453fe842e9f", "subnet_ids": ["682f4aa2-13ec-4dd2-affd-557c21d7ac16"], "port_id": "0f2ca23a-b657-4e97-b9a8-4cf020ebe918", "id": "ddbecfc6-8786-438e-92a7-f7aadf85c5d8"}
2015-12-15 22:39:11,488 25220 INFO     [tempest_lib.common.rest_client] Request (TestNetworkBasicOps:_run_cleanups): 204 DELETE http://10.0.2.15:9696/v2.0/subnets/682f4aa2-13ec-4dd2-affd-557c21d7ac16 0.498s
2015-12-15 22:39:11,489 25220 DEBUG    [tempest_lib.common.rest_client] Request - Headers: {'Content-Type': 'application/json', 'Accept': 'application/json', 'X-Auth-Token': '&lt;omitted&gt;'}
        Body: None
    Response - Headers: {'date': 'Tue, 15 Dec 2015 22:39:11 GMT', 'status': '204', 'connection': 'close', 'content-length': '0', 'x-openstack-request-id': 'req-307b9cbc-1dc4-4985-9c14-87e629dcdc6f'}
        Body: 
2015-12-15 22:39:11,540 25220 INFO     [tempest_lib.common.rest_client] Request (TestNetworkBasicOps:_run_cleanups): 200 GET http://10.0.2.15:9696/v2.0/routers/ddbecfc6-8786-438e-92a7-f7aadf85c5d8 0.051s
2015-12-15 22:39:11,541 25220 DEBUG    [tempest_lib.common.rest_client] Request - Headers: {'Content-Type': 'application/json', 'Accept': 'application/json', 'X-Auth-Token': '&lt;omitted&gt;'}
        Body: None
    Response - Headers: {'status': '200', 'content-length': '564', 'content-location': 'http://10.0.2.15:9696/v2.0/routers/ddbecfc6-8786-438e-92a7-f7aadf85c5d8', 'connection': 'close', 'date': 'Tue, 15 Dec 2015 22:39:11 GMT', 'content-type': 'application/json; charset=UTF-8', 'x-openstack-request-id': 'req-46570198-f518-4f1e-af8e-134392f1ffe1'}
        Body: {"router": {"status": "ACTIVE", "external_gateway_info": {"network_id": "a7aadd23-a749-47ae-8fb8-520b104655a8", "enable_snat": true, "external_fixed_ips": [{"subnet_id": "18eb436a-b8d7-418a-bad5-4f8ebe15afc0", "ip_address": "172.24.4.3"}, {"subnet_id": "bacecb5e-459f-4575-a79c-251f7396695d", "ip_address": "2001:db8::4"}]}, "availability_zone_hints": [], "availability_zones": ["nova"], "name": "tempest-router-smoke-1819178583", "admin_state_up": true, "tenant_id": "796bfc75b50e43d4abf7c453fe842e9f", "routes": [], "id": "ddbecfc6-8786-438e-92a7-f7aadf85c5d8"}}
2015-12-15 22:39:11,965 25220 INFO     [tempest_lib.common.rest_client] Request (TestNetworkBasicOps:_run_cleanups): 200 PUT http://10.0.2.15:9696/v2.0/routers/ddbecfc6-8786-438e-92a7-f7aadf85c5d8 0.424s
2015-12-15 22:39:11,966 25220 DEBUG    [tempest_lib.common.rest_client] Request - Headers: {'Content-Type': 'application/json', 'Accept': 'application/json', 'X-Auth-Token': '&lt;omitted&gt;'}
        Body: {"router": {"external_gateway_info": {}, "name": "tempest-router-smoke-1819178583", "admin_state_up": true}}
    Response - Headers: {'status': '200', 'content-length': '302', 'connection': 'close', 'date': 'Tue, 15 Dec 2015 22:39:11 GMT', 'content-type': 'application/json; charset=UTF-8', 'x-openstack-request-id': 'req-b3e2717a-377c-4619-bccb-a0d61e41f998'}
        Body: {"router": {"status": "ACTIVE", "external_gateway_info": null, "availability_zone_hints": [], "availability_zones": ["nova"], "name": "tempest-router-smoke-1819178583", "admin_state_up": true, "tenant_id": "796bfc75b50e43d4abf7c453fe842e9f", "routes": [], "id": "ddbecfc6-8786-438e-92a7-f7aadf85c5d8"}}
2015-12-15 22:39:12,186 25220 INFO     [tempest_lib.common.rest_client] Request (TestNetworkBasicOps:_run_cleanups): 204 DELETE http://10.0.2.15:9696/v2.0/routers/ddbecfc6-8786-438e-92a7-f7aadf85c5d8 0.218s
2015-12-15 22:39:12,186 25220 DEBUG    [tempest_lib.common.rest_client] Request - Headers: {'Content-Type': 'application/json', 'Accept': 'application/json', 'X-Auth-Token': '&lt;omitted&gt;'}
        Body: None
    Response - Headers: {'date': 'Tue, 15 Dec 2015 22:39:12 GMT', 'status': '204', 'connection': 'close', 'content-length': '0', 'x-openstack-request-id': 'req-540bffc2-961f-49b4-9bcd-f98290b9a4b6'}
        Body: 
2015-12-15 22:39:12,518 25220 INFO     [tempest_lib.common.rest_client] Request (TestNetworkBasicOps:_run_cleanups): 204 DELETE http://10.0.2.15:9696/v2.0/networks/b145ec2a-02bd-4f51-b660-e8dcb7144aba 0.330s
2015-12-15 22:39:12,519 25220 DEBUG    [tempest_lib.common.rest_client] Request - Headers: {'Content-Type': 'application/json', 'Accept': 'application/json', 'X-Auth-Token': '&lt;omitted&gt;'}
        Body: None
    Response - Headers: {'date': 'Tue, 15 Dec 2015 22:39:12 GMT', 'status': '204', 'connection': 'close', 'content-length': '0', 'x-openstack-request-id': 'req-2502d199-b914-4be9-9e6d-26d3d42bd429'}
        Body: 
2015-12-15 22:39:12,585 25220 INFO     [tempest_lib.common.rest_client] Request (TestNetworkBasicOps:_run_cleanups): 204 DELETE http://10.0.2.15:9696/v2.0/security-group-rules/1e175060-48ad-4df5-88b8-2897c6f82341 0.064s
2015-12-15 22:39:12,585 25220 DEBUG    [tempest_lib.common.rest_client] Request - Headers: {'Content-Type': 'application/json', 'Accept': 'application/json', 'X-Auth-Token': '&lt;omitted&gt;'}
        Body: None
    Response - Headers: {'date': 'Tue, 15 Dec 2015 22:39:12 GMT', 'status': '204', 'connection': 'close', 'content-length': '0', 'x-openstack-request-id': 'req-57b39de2-effb-4762-a529-9f826118b59f'}
        Body: 
2015-12-15 22:39:12,652 25220 INFO     [tempest_lib.common.rest_client] Request (TestNetworkBasicOps:_run_cleanups): 204 DELETE http://10.0.2.15:9696/v2.0/security-group-rules/3fe3ef9f-51f3-4f8c-8fa0-2d52930d8265 0.065s
2015-12-15 22:39:12,652 25220 DEBUG    [tempest_lib.common.rest_client] Request - Headers: {'Content-Type': 'application/json', 'Accept': 'application/json', 'X-Auth-Token': '&lt;omitted&gt;'}
        Body: None
    Response - Headers: {'date': 'Tue, 15 Dec 2015 22:39:12 GMT', 'status': '204', 'connection': 'close', 'content-length': '0', 'x-openstack-request-id': 'req-35e88d2b-2314-4831-a2fa-9a209fe0ce04'}
        Body: 
2015-12-15 22:39:12,707 25220 INFO     [tempest_lib.common.rest_client] Request (TestNetworkBasicOps:_run_cleanups): 204 DELETE http://10.0.2.15:9696/v2.0/security-group-rules/eb25a952-84d7-42ee-ae0d-0e0553ecad5b 0.054s
2015-12-15 22:39:12,708 25220 DEBUG    [tempest_lib.common.rest_client] Request - Headers: {'Content-Type': 'application/json', 'Accept': 'application/json', 'X-Auth-Token': '&lt;omitted&gt;'}
        Body: None
    Response - Headers: {'date': 'Tue, 15 Dec 2015 22:39:12 GMT', 'status': '204', 'connection': 'close', 'content-length': '0', 'x-openstack-request-id': 'req-668811e1-6beb-420f-9bed-0c2705810a63'}
        Body: 
2015-12-15 22:39:12,760 25220 INFO     [tempest_lib.common.rest_client] Request (TestNetworkBasicOps:_run_cleanups): 204 DELETE http://10.0.2.15:9696/v2.0/security-group-rules/d3d6d347-69e7-43d8-9610-05e665c746c3 0.051s
2015-12-15 22:39:12,760 25220 DEBUG    [tempest_lib.common.rest_client] Request - Headers: {'Content-Type': 'application/json', 'Accept': 'application/json', 'X-Auth-Token': '&lt;omitted&gt;'}
        Body: None
    Response - Headers: {'date': 'Tue, 15 Dec 2015 22:39:12 GMT', 'status': '204', 'connection': 'close', 'content-length': '0', 'x-openstack-request-id': 'req-b6bd8130-2b35-44d6-bfe6-207d667e7ff2'}
        Body: 
