<?xml version="1.0" encoding="UTF-8"?>
<!DOCTYPE html PUBLIC "-//W3C//DTD XHTML 1.0 Strict//EN"
     "http://www.w3.org/TR/xhtml1/DTD/xhtml1-strict.dtd">
<html xmlns="http://www.w3.org/1999/xhtml">
<head>
    <title>Unit Test Report</title>
    <meta name="generator" content="subunit2html 0.1"/>
    <meta http-equiv="Content-Type" content="text/html; charset=UTF-8"/>
    
<style type="text/css" media="screen">
body        { font-family: verdana, arial, helvetica, sans-serif;
    font-size: 80%; }
table       { font-size: 100%; width: 100%;}
pre         { font-size: 80%; }

/* -- heading -------------------------------------------------------------- */
h1 {
        font-size: 16pt;
        color: gray;
}
.heading {
    margin-top: 0ex;
    margin-bottom: 1ex;
}

.heading .attribute {
    margin-top: 1ex;
    margin-bottom: 0;
}

.heading .description {
    margin-top: 4ex;
    margin-bottom: 6ex;
}

/* -- css div popup -------------------------------------------------------- */
a.popup_link {
}

a.popup_link:hover {
    color: red;
}

.popup_window {
    display: none;
    overflow-x: scroll;
    /*border: solid #627173 1px; */
    padding: 10px;
    background-color: #E6E6D6;
    font-family: "Ubuntu Mono", "Lucida Console", "Courier New", monospace;
    text-align: left;
    font-size: 8pt;
}

}
/* -- report --------------------------------------------------------------- */
#show_detail_line {
    margin-top: 3ex;
    margin-bottom: 1ex;
}
#result_table {
    width: 100%;
    border-collapse: collapse;
    border: 1px solid #777;
}
#header_row {
    font-weight: bold;
    color: white;
    background-color: #777;
}
#result_table td {
    border: 1px solid #777;
    padding: 2px;
}
#total_row  { font-weight: bold; }
.passClass  { background-color: #6c6; }
.failClass  { background-color: #c60; }
.errorClass { background-color: #c00; }
.passCase   { color: #6c6; }
.failCase   { color: #c60; font-weight: bold; }
.errorCase  { color: #c00; font-weight: bold; }
.hiddenRow  { display: none; }
.testcase   { margin-left: 2em; }
td.testname {width: 40%}
td.small {width: 40px}

/* -- ending --------------------------------------------------------------- */
#ending {
}

</style>

</head>
<body>
<script language="javascript" type="text/javascript"><!--
output_list = Array();

/* level - 0:Summary; 1:Failed; 2:All */
function showCase(level) {
    trs = document.getElementsByTagName("tr");
    for (var i = 0; i < trs.length; i++) {
        tr = trs[i];
        id = tr.id;
        if (id.substr(0,2) == 'ft') {
            if (level < 1) {
                tr.className = 'hiddenRow';
            }
            else {
                tr.className = '';
            }
        }
        if (id.substr(0,2) == 'pt') {
            if (level > 1) {
                tr.className = '';
            }
            else {
                tr.className = 'hiddenRow';
            }
        }
    }
}


function showClassDetail(cid, count) {
    var id_list = Array(count);
    var toHide = 1;
    for (var i = 0; i < count; i++) {
        tid0 = 't' + cid.substr(1) + '.' + (i+1);
        tid = 'f' + tid0;
        tr = document.getElementById(tid);
        if (!tr) {
            tid = 'p' + tid0;
            tr = document.getElementById(tid);
        }
        id_list[i] = tid;
        if (tr.className) {
            toHide = 0;
        }
    }
    for (var i = 0; i < count; i++) {
        tid = id_list[i];
        if (toHide) {
            document.getElementById('div_'+tid).style.display = 'none'
            document.getElementById(tid).className = 'hiddenRow';
        }
        else {
            document.getElementById(tid).className = '';
        }
    }
}


function showTestDetail(div_id){
    var details_div = document.getElementById(div_id)
    var displayState = details_div.style.display
    // alert(displayState)
    if (displayState != 'block' ) {
        displayState = 'block'
        details_div.style.display = 'block'
    }
    else {
        details_div.style.display = 'none'
    }
}


function html_escape(s) {
    s = s.replace(/&/g,'&amp;');
    s = s.replace(/</g,'&lt;');
    s = s.replace(/>/g,'&gt;');
    return s;
}

/* obsoleted by detail in <div>
function showOutput(id, name) {
    var w = window.open("", //url
                    name,
                    "resizable,scrollbars,status,width=800,height=450");
    d = w.document;
    d.write("<pre>");
    d.write(html_escape(output_list[id]));
    d.write("\n");
    d.write("<a href='javascript:window.close()'>close</a>\n");
    d.write("</pre>\n");
    d.close();
}
*/
--></script>

<div class='heading'>
<h1>Unit Test Report</h1>

<p class='attribute'><strong>Status:</strong> Pass 1 Failure 7 Skip 1</p>

<p class='description'></p>
</div>



<p id='show_detail_line'>Show
<a href='javascript:showCase(0)'>Summary</a>
<a href='javascript:showCase(1)'>Failed</a>
<a href='javascript:showCase(2)'>All</a>
</p>
<table id='result_table'>
<colgroup>
<col align='left' />
<col align='right' />
<col align='right' />
<col align='right' />
<col align='right' />
<col align='right' />
<col align='right' />
<col align='right' />
</colgroup>
<tr id='header_row'>
    <td>Test Group/Test case</td>
    <td>Count</td>
    <td>Pass</td>
    <td>Fail</td>
    <td>Error</td>
    <td>Skip</td>
    <td>View</td>
    <td> </td>
</tr>

<tr class='failClass'>
    <td class="testname">tempest.scenario.test_network_basic_ops.TestNetworkBasicOps</td>
    <td class="small">9</td>
    <td class="small">1</td>
    <td class="small">7</td>
    <td class="small">0</td>
    <td class="small">1</td>
    <td class="small"><a href="javascript:showClassDetail('c1',9)"
>Detail</a></td>
    <td> </td>
</tr>

<tr id='ft1.1' class='none'>
    <td class='failCase'><div class='testcase'>test_connectivity_between_vms_on_different_networks[compute,id-1546850e-fbaa-42f5-8b5f-03d8a6a95f15,network]</div></td>
    <td colspan='7' align='left'>

    <!--css div popup start-->
    <a class="popup_link" onfocus='this.blur();'
    href="javascript:showTestDetail('div_ft1.1')" >
        fail</a>

    <div id='div_ft1.1' class="popup_window">
        <div style='text-align: right; color:red;cursor:pointer'>
        <a onfocus='this.blur();'
onclick="document.getElementById('div_ft1.1').style.display = 'none' " >
           [x]</a>
        </div>
        <pre>
        
ft1.1: tempest.scenario.test_network_basic_ops.TestNetworkBasicOps.test_connectivity_between_vms_on_different_networks[compute,id-1546850e-fbaa-42f5-8b5f-03d8a6a95f15,network]_StringException: Empty attachments:
  stderr
  stdout

pythonlogging:'': {{{
2015-12-05 18:11:34,146 20279 INFO     [tempest_lib.common.rest_client] Request (TestNetworkBasicOps:test_connectivity_between_vms_on_different_networks): 201 POST http://10.0.2.15:9696/v2.0/security-groups 0.354s
2015-12-05 18:11:34,147 20279 DEBUG    [tempest_lib.common.rest_client] Request - Headers: {'Content-Type': 'application/json', 'Accept': 'application/json', 'X-Auth-Token': '&lt;omitted&gt;'}
        Body: {"security_group": {"tenant_id": "f13ed7ffe5bf4615a3c018f8946a8c07", "description": "tempest-secgroup-smoke-1739833576 description", "name": "tempest-secgroup-smoke-1739833576"}}
    Response - Headers: {'status': '201', 'content-length': '888', 'connection': 'close', 'date': 'Sat, 05 Dec 2015 18:11:34 GMT', 'content-type': 'application/json; charset=UTF-8', 'x-openstack-request-id': 'req-794e668d-14c0-4d99-be31-700e707b5690'}
        Body: {"security_group": {"tenant_id": "f13ed7ffe5bf4615a3c018f8946a8c07", "description": "tempest-secgroup-smoke-1739833576 description", "id": "2dcffce1-52cc-4f9b-a574-4cc3632a1cff", "security_group_rules": [{"remote_group_id": null, "direction": "egress", "remote_ip_prefix": null, "protocol": null, "ethertype": "IPv4", "tenant_id": "f13ed7ffe5bf4615a3c018f8946a8c07", "port_range_max": null, "port_range_min": null, "id": "e28cd8c5-a273-4fb0-9e47-0e3cbe25be81", "security_group_id": "2dcffce1-52cc-4f9b-a574-4cc3632a1cff"}, {"remote_group_id": null, "direction": "egress", "remote_ip_prefix": null, "protocol": null, "ethertype": "IPv6", "tenant_id": "f13ed7ffe5bf4615a3c018f8946a8c07", "port_range_max": null, "port_range_min": null, "id": "eb9c8ae9-eac8-4ecb-a2c1-e430c56a4666", "security_group_id": "2dcffce1-52cc-4f9b-a574-4cc3632a1cff"}], "name": "tempest-secgroup-smoke-1739833576"}}
2015-12-05 18:11:34,277 20279 INFO     [tempest_lib.common.rest_client] Request (TestNetworkBasicOps:test_connectivity_between_vms_on_different_networks): 201 POST http://10.0.2.15:9696/v2.0/security-group-rules 0.128s
2015-12-05 18:11:34,277 20279 DEBUG    [tempest_lib.common.rest_client] Request - Headers: {'Content-Type': 'application/json', 'Accept': 'application/json', 'X-Auth-Token': '&lt;omitted&gt;'}
        Body: {"security_group_rule": {"direction": "ingress", "protocol": "tcp", "tenant_id": "f13ed7ffe5bf4615a3c018f8946a8c07", "port_range_max": 22, "security_group_id": "2dcffce1-52cc-4f9b-a574-4cc3632a1cff", "port_range_min": 22}}
    Response - Headers: {'status': '201', 'content-length': '340', 'connection': 'close', 'date': 'Sat, 05 Dec 2015 18:11:34 GMT', 'content-type': 'application/json; charset=UTF-8', 'x-openstack-request-id': 'req-8d9bae27-fe7f-46bf-b2fe-1f9545e9e50f'}
        Body: {"security_group_rule": {"remote_group_id": null, "direction": "ingress", "remote_ip_prefix": null, "protocol": "tcp", "ethertype": "IPv4", "tenant_id": "f13ed7ffe5bf4615a3c018f8946a8c07", "port_range_max": 22, "port_range_min": 22, "id": "ad4cb9be-6ce8-4d1e-b62b-86801a2df0bc", "security_group_id": "2dcffce1-52cc-4f9b-a574-4cc3632a1cff"}}
2015-12-05 18:11:34,413 20279 INFO     [tempest_lib.common.rest_client] Request (TestNetworkBasicOps:test_connectivity_between_vms_on_different_networks): 201 POST http://10.0.2.15:9696/v2.0/security-group-rules 0.134s
2015-12-05 18:11:34,414 20279 DEBUG    [tempest_lib.common.rest_client] Request - Headers: {'Content-Type': 'application/json', 'Accept': 'application/json', 'X-Auth-Token': '&lt;omitted&gt;'}
        Body: {"security_group_rule": {"direction": "egress", "protocol": "tcp", "tenant_id": "f13ed7ffe5bf4615a3c018f8946a8c07", "port_range_max": 22, "security_group_id": "2dcffce1-52cc-4f9b-a574-4cc3632a1cff", "port_range_min": 22}}
    Response - Headers: {'status': '201', 'content-length': '339', 'connection': 'close', 'date': 'Sat, 05 Dec 2015 18:11:34 GMT', 'content-type': 'application/json; charset=UTF-8', 'x-openstack-request-id': 'req-9034a89d-b614-4109-a9f2-237a0fd1c10f'}
        Body: {"security_group_rule": {"remote_group_id": null, "direction": "egress", "remote_ip_prefix": null, "protocol": "tcp", "ethertype": "IPv4", "tenant_id": "f13ed7ffe5bf4615a3c018f8946a8c07", "port_range_max": 22, "port_range_min": 22, "id": "fadaced8-708d-442d-813b-cdcaa1f60879", "security_group_id": "2dcffce1-52cc-4f9b-a574-4cc3632a1cff"}}
2015-12-05 18:11:34,528 20279 INFO     [tempest_lib.common.rest_client] Request (TestNetworkBasicOps:test_connectivity_between_vms_on_different_networks): 201 POST http://10.0.2.15:9696/v2.0/security-group-rules 0.113s
2015-12-05 18:11:34,529 20279 DEBUG    [tempest_lib.common.rest_client] Request - Headers: {'Content-Type': 'application/json', 'Accept': 'application/json', 'X-Auth-Token': '&lt;omitted&gt;'}
        Body: {"security_group_rule": {"tenant_id": "f13ed7ffe5bf4615a3c018f8946a8c07", "direction": "ingress", "protocol": "icmp", "security_group_id": "2dcffce1-52cc-4f9b-a574-4cc3632a1cff"}}
    Response - Headers: {'status': '201', 'content-length': '345', 'connection': 'close', 'date': 'Sat, 05 Dec 2015 18:11:34 GMT', 'content-type': 'application/json; charset=UTF-8', 'x-openstack-request-id': 'req-077f8e40-8cbd-4bc1-8ba1-c2211d82d142'}
        Body: {"security_group_rule": {"remote_group_id": null, "direction": "ingress", "remote_ip_prefix": null, "protocol": "icmp", "ethertype": "IPv4", "tenant_id": "f13ed7ffe5bf4615a3c018f8946a8c07", "port_range_max": null, "port_range_min": null, "id": "3b13a069-0bc9-4630-abb2-52c576fb0bbe", "security_group_id": "2dcffce1-52cc-4f9b-a574-4cc3632a1cff"}}
2015-12-05 18:11:34,632 20279 INFO     [tempest_lib.common.rest_client] Request (TestNetworkBasicOps:test_connectivity_between_vms_on_different_networks): 201 POST http://10.0.2.15:9696/v2.0/security-group-rules 0.102s
2015-12-05 18:11:34,632 20279 DEBUG    [tempest_lib.common.rest_client] Request - Headers: {'Content-Type': 'application/json', 'Accept': 'application/json', 'X-Auth-Token': '&lt;omitted&gt;'}
        Body: {"security_group_rule": {"tenant_id": "f13ed7ffe5bf4615a3c018f8946a8c07", "direction": "egress", "protocol": "icmp", "security_group_id": "2dcffce1-52cc-4f9b-a574-4cc3632a1cff"}}
    Response - Headers: {'status': '201', 'content-length': '344', 'connection': 'close', 'date': 'Sat, 05 Dec 2015 18:11:34 GMT', 'content-type': 'application/json; charset=UTF-8', 'x-openstack-request-id': 'req-eaff96da-17d4-4e9f-b35a-92049538c40d'}
        Body: {"security_group_rule": {"remote_group_id": null, "direction": "egress", "remote_ip_prefix": null, "protocol": "icmp", "ethertype": "IPv4", "tenant_id": "f13ed7ffe5bf4615a3c018f8946a8c07", "port_range_max": null, "port_range_min": null, "id": "1d33c148-d588-43e2-a7f6-5bb32d0bc8e5", "security_group_id": "2dcffce1-52cc-4f9b-a574-4cc3632a1cff"}}
2015-12-05 18:11:34,737 20279 INFO     [tempest_lib.common.rest_client] Request (TestNetworkBasicOps:test_connectivity_between_vms_on_different_networks): 201 POST http://10.0.2.15:9696/v2.0/security-group-rules 0.104s
2015-12-05 18:11:34,738 20279 DEBUG    [tempest_lib.common.rest_client] Request - Headers: {'Content-Type': 'application/json', 'Accept': 'application/json', 'X-Auth-Token': '&lt;omitted&gt;'}
        Body: {"security_group_rule": {"tenant_id": "f13ed7ffe5bf4615a3c018f8946a8c07", "direction": "ingress", "security_group_id": "2dcffce1-52cc-4f9b-a574-4cc3632a1cff", "protocol": "icmp", "ethertype": "IPv6"}}
    Response - Headers: {'status': '201', 'content-length': '345', 'connection': 'close', 'date': 'Sat, 05 Dec 2015 18:11:34 GMT', 'content-type': 'application/json; charset=UTF-8', 'x-openstack-request-id': 'req-bd7ecddc-ba3c-4485-b2a7-fc713178a9e1'}
        Body: {"security_group_rule": {"remote_group_id": null, "direction": "ingress", "remote_ip_prefix": null, "protocol": "icmp", "ethertype": "IPv6", "tenant_id": "f13ed7ffe5bf4615a3c018f8946a8c07", "port_range_max": null, "port_range_min": null, "id": "1ff97b9e-dab4-478d-94d1-29b9e3b39f36", "security_group_id": "2dcffce1-52cc-4f9b-a574-4cc3632a1cff"}}
2015-12-05 18:11:34,989 20279 INFO     [tempest_lib.common.rest_client] Request (TestNetworkBasicOps:test_connectivity_between_vms_on_different_networks): 201 POST http://10.0.2.15:9696/v2.0/security-group-rules 0.250s
2015-12-05 18:11:34,989 20279 DEBUG    [tempest_lib.common.rest_client] Request - Headers: {'Content-Type': 'application/json', 'Accept': 'application/json', 'X-Auth-Token': '&lt;omitted&gt;'}
        Body: {"security_group_rule": {"tenant_id": "f13ed7ffe5bf4615a3c018f8946a8c07", "direction": "egress", "security_group_id": "2dcffce1-52cc-4f9b-a574-4cc3632a1cff", "protocol": "icmp", "ethertype": "IPv6"}}
    Response - Headers: {'status': '201', 'content-length': '344', 'connection': 'close', 'date': 'Sat, 05 Dec 2015 18:11:34 GMT', 'content-type': 'application/json; charset=UTF-8', 'x-openstack-request-id': 'req-858e7bd4-9c3e-49ac-b0a3-9abea6569ea2'}
        Body: {"security_group_rule": {"remote_group_id": null, "direction": "egress", "remote_ip_prefix": null, "protocol": "icmp", "ethertype": "IPv6", "tenant_id": "f13ed7ffe5bf4615a3c018f8946a8c07", "port_range_max": null, "port_range_min": null, "id": "6f217c58-510b-4635-a92e-eeaf9441966c", "security_group_id": "2dcffce1-52cc-4f9b-a574-4cc3632a1cff"}}
2015-12-05 18:11:35,163 20279 INFO     [tempest_lib.common.rest_client] Request (TestNetworkBasicOps:test_connectivity_between_vms_on_different_networks): 201 POST http://10.0.2.15:9696/v2.0/networks 0.171s
2015-12-05 18:11:35,164 20279 DEBUG    [tempest_lib.common.rest_client] Request - Headers: {'Content-Type': 'application/json', 'Accept': 'application/json', 'X-Auth-Token': '&lt;omitted&gt;'}
        Body: {"network": {"tenant_id": "f13ed7ffe5bf4615a3c018f8946a8c07", "name": "tempest-network-smoke--1735884494"}}
    Response - Headers: {'status': '201', 'content-length': '329', 'connection': 'close', 'date': 'Sat, 05 Dec 2015 18:11:35 GMT', 'content-type': 'application/json; charset=UTF-8', 'x-openstack-request-id': 'req-cb184772-49dd-4960-8503-d08ce76c7a1f'}
        Body: {"network": {"status": "ACTIVE", "subnets": [], "availability_zone_hints": "[]", "name": "tempest-network-smoke--1735884494", "admin_state_up": true, "tenant_id": "f13ed7ffe5bf4615a3c018f8946a8c07", "mtu": 0, "router:external": false, "shared": false, "port_security_enabled": true, "id": "e97f91d3-9476-4863-99ce-5827d110bfa7"}}
2015-12-05 18:11:35,260 20279 INFO     [tempest_lib.common.rest_client] Request (TestNetworkBasicOps:test_connectivity_between_vms_on_different_networks): 201 POST http://10.0.2.15:9696/v2.0/routers 0.094s
2015-12-05 18:11:35,261 20279 DEBUG    [tempest_lib.common.rest_client] Request - Headers: {'Content-Type': 'application/json', 'Accept': 'application/json', 'X-Auth-Token': '&lt;omitted&gt;'}
        Body: {"router": {"tenant_id": "f13ed7ffe5bf4615a3c018f8946a8c07", "name": "tempest-router-smoke-861898041", "admin_state_up": true}}
    Response - Headers: {'status': '201', 'content-length': '295', 'connection': 'close', 'date': 'Sat, 05 Dec 2015 18:11:35 GMT', 'content-type': 'application/json; charset=UTF-8', 'x-openstack-request-id': 'req-d773a649-e910-4b5f-a5ba-f1c9008910e1'}
        Body: {"router": {"status": "ACTIVE", "external_gateway_info": null, "availability_zone_hints": [], "availability_zones": [], "name": "tempest-router-smoke-861898041", "admin_state_up": true, "tenant_id": "f13ed7ffe5bf4615a3c018f8946a8c07", "routes": [], "id": "fe25c154-cdce-40d0-a9dc-ff7334678817"}}
2015-12-05 18:11:35,314 20279 INFO     [tempest_lib.common.rest_client] Request (TestNetworkBasicOps:test_connectivity_between_vms_on_different_networks): 200 GET http://10.0.2.15:9696/v2.0/routers/fe25c154-cdce-40d0-a9dc-ff7334678817 0.052s
2015-12-05 18:11:35,314 20279 DEBUG    [tempest_lib.common.rest_client] Request - Headers: {'Content-Type': 'application/json', 'Accept': 'application/json', 'X-Auth-Token': '&lt;omitted&gt;'}
        Body: None
    Response - Headers: {'status': '200', 'content-length': '295', 'content-location': 'http://10.0.2.15:9696/v2.0/routers/fe25c154-cdce-40d0-a9dc-ff7334678817', 'connection': 'close', 'date': 'Sat, 05 Dec 2015 18:11:35 GMT', 'content-type': 'application/json; charset=UTF-8', 'x-openstack-request-id': 'req-ce670b7d-cf0b-47b2-9624-525dfc2e7576'}
        Body: {"router": {"status": "ACTIVE", "external_gateway_info": null, "availability_zone_hints": [], "availability_zones": [], "name": "tempest-router-smoke-861898041", "admin_state_up": true, "tenant_id": "f13ed7ffe5bf4615a3c018f8946a8c07", "routes": [], "id": "fe25c154-cdce-40d0-a9dc-ff7334678817"}}
2015-12-05 18:11:35,990 20279 INFO     [tempest_lib.common.rest_client] Request (TestNetworkBasicOps:test_connectivity_between_vms_on_different_networks): 200 PUT http://10.0.2.15:9696/v2.0/routers/fe25c154-cdce-40d0-a9dc-ff7334678817 0.674s
2015-12-05 18:11:35,990 20279 DEBUG    [tempest_lib.common.rest_client] Request - Headers: {'Content-Type': 'application/json', 'Accept': 'application/json', 'X-Auth-Token': '&lt;omitted&gt;'}
        Body: {"router": {"external_gateway_info": {"network_id": "97c05aae-7ac6-43ab-875f-a1921470dca4"}, "name": "tempest-router-smoke-861898041", "admin_state_up": true}}
    Response - Headers: {'status': '200', 'content-length': '557', 'connection': 'close', 'date': 'Sat, 05 Dec 2015 18:11:35 GMT', 'content-type': 'application/json; charset=UTF-8', 'x-openstack-request-id': 'req-c5ce8395-833a-4346-80f0-0ebbab5b1002'}
        Body: {"router": {"status": "ACTIVE", "external_gateway_info": {"network_id": "97c05aae-7ac6-43ab-875f-a1921470dca4", "enable_snat": true, "external_fixed_ips": [{"subnet_id": "9ded6c15-3e60-4bfe-ab3a-99f1e526c113", "ip_address": "172.24.4.3"}, {"subnet_id": "6ab77af2-96df-4cef-89b1-2982499a8a7e", "ip_address": "2001:db8::3"}]}, "availability_zone_hints": [], "availability_zones": [], "name": "tempest-router-smoke-861898041", "admin_state_up": true, "tenant_id": "f13ed7ffe5bf4615a3c018f8946a8c07", "routes": [], "id": "fe25c154-cdce-40d0-a9dc-ff7334678817"}}
2015-12-05 18:11:36,136 20279 INFO     [tempest_lib.common.rest_client] Request (TestNetworkBasicOps:test_connectivity_between_vms_on_different_networks): 200 GET http://10.0.2.15:9696/v2.0/subnets?tenant_id=f13ed7ffe5bf4615a3c018f8946a8c07&amp;cidr=10.100.0.0%2F28 0.145s
2015-12-05 18:11:36,137 20279 DEBUG    [tempest_lib.common.rest_client] Request - Headers: {'Content-Type': 'application/json', 'Accept': 'application/json', 'X-Auth-Token': '&lt;omitted&gt;'}
        Body: None
    Response - Headers: {'status': '200', 'content-length': '15', 'content-location': 'http://10.0.2.15:9696/v2.0/subnets?tenant_id=f13ed7ffe5bf4615a3c018f8946a8c07&amp;cidr=10.100.0.0%2F28', 'connection': 'close', 'date': 'Sat, 05 Dec 2015 18:11:36 GMT', 'content-type': 'application/json; charset=UTF-8', 'x-openstack-request-id': 'req-6211bd33-a998-4237-92bf-e19f57f9a6e8'}
        Body: {"subnets": []}
2015-12-05 18:11:36,449 20279 INFO     [tempest_lib.common.rest_client] Request (TestNetworkBasicOps:test_connectivity_between_vms_on_different_networks): 201 POST http://10.0.2.15:9696/v2.0/subnets 0.311s
2015-12-05 18:11:36,449 20279 DEBUG    [tempest_lib.common.rest_client] Request - Headers: {'Content-Type': 'application/json', 'Accept': 'application/json', 'X-Auth-Token': '&lt;omitted&gt;'}
        Body: {"subnet": {"ip_version": 4, "tenant_id": "f13ed7ffe5bf4615a3c018f8946a8c07", "cidr": "10.100.0.0/28", "network_id": "e97f91d3-9476-4863-99ce-5827d110bfa7", "name": "tempest-subnet-smoke-1876357402"}}
    Response - Headers: {'status': '201', 'content-length': '478', 'connection': 'close', 'date': 'Sat, 05 Dec 2015 18:11:36 GMT', 'content-type': 'application/json; charset=UTF-8', 'x-openstack-request-id': 'req-0ae815de-bedd-4343-b9f1-3ecc1ee12710'}
        Body: {"subnet": {"name": "tempest-subnet-smoke-1876357402", "enable_dhcp": true, "network_id": "e97f91d3-9476-4863-99ce-5827d110bfa7", "tenant_id": "f13ed7ffe5bf4615a3c018f8946a8c07", "dns_nameservers": [], "gateway_ip": "10.100.0.1", "ipv6_ra_mode": null, "allocation_pools": [{"start": "10.100.0.2", "end": "10.100.0.14"}], "host_routes": [], "ip_version": 4, "ipv6_address_mode": null, "cidr": "10.100.0.0/28", "id": "8f97edc2-bdc0-417b-b9dd-83d54d4070ea", "subnetpool_id": null}}
2015-12-05 18:11:37,162 20279 INFO     [tempest_lib.common.rest_client] Request (TestNetworkBasicOps:test_connectivity_between_vms_on_different_networks): 200 PUT http://10.0.2.15:9696/v2.0/routers/fe25c154-cdce-40d0-a9dc-ff7334678817/add_router_interface 0.712s
2015-12-05 18:11:37,163 20279 DEBUG    [tempest_lib.common.rest_client] Request - Headers: {'Content-Type': 'application/json', 'Accept': 'application/json', 'X-Auth-Token': '&lt;omitted&gt;'}
        Body: {"subnet_id": "8f97edc2-bdc0-417b-b9dd-83d54d4070ea"}
    Response - Headers: {'status': '200', 'content-length': '255', 'connection': 'close', 'date': 'Sat, 05 Dec 2015 18:11:37 GMT', 'content-type': 'application/json; charset=UTF-8', 'x-openstack-request-id': 'req-dee6e9b7-04b4-49c2-8896-abbb93f6963a'}
        Body: {"subnet_id": "8f97edc2-bdc0-417b-b9dd-83d54d4070ea", "tenant_id": "f13ed7ffe5bf4615a3c018f8946a8c07", "subnet_ids": ["8f97edc2-bdc0-417b-b9dd-83d54d4070ea"], "port_id": "f30b3232-1094-4303-a772-1be5c153ae1c", "id": "fe25c154-cdce-40d0-a9dc-ff7334678817"}
2015-12-05 18:11:37,246 20279 INFO     [tempest_lib.common.rest_client] Request (TestNetworkBasicOps:test_connectivity_between_vms_on_different_networks): 200 GET http://10.0.2.15:9696/v2.0/networks 0.082s
2015-12-05 18:11:37,246 20279 DEBUG    [tempest_lib.common.rest_client] Request - Headers: {'Content-Type': 'application/json', 'Accept': 'application/json', 'X-Auth-Token': '&lt;omitted&gt;'}
        Body: None
    Response - Headers: {'status': '200', 'content-length': '1507', 'content-location': 'http://10.0.2.15:9696/v2.0/networks', 'connection': 'close', 'date': 'Sat, 05 Dec 2015 18:11:37 GMT', 'content-type': 'application/json; charset=UTF-8', 'x-openstack-request-id': 'req-c2127ebe-f730-4f1c-9235-4c203fa085d6'}
        Body: {"networks": [{"status": "ACTIVE", "subnets": ["9ded6c15-3e60-4bfe-ab3a-99f1e526c113", "6ab77af2-96df-4cef-89b1-2982499a8a7e"], "availability_zone_hints": [], "availability_zones": ["nova"], "name": "public", "provider:physical_network": null, "admin_state_up": true, "tenant_id": "650bc96ffa2d4615be2b66d7e1684295", "mtu": 0, "router:external": true, "shared": false, "port_security_enabled": true, "provider:network_type": "vxlan", "id": "97c05aae-7ac6-43ab-875f-a1921470dca4", "provider:segmentation_id": 1005}, {"status": "ACTIVE", "subnets": ["4402beb0-6135-4a97-9242-bd8a72d82c1a", "608dc569-fb25-4c64-8892-b4e4d6a660fd"], "availability_zone_hints": [], "availability_zones": ["nova"], "name": "private", "provider:physical_network": null, "admin_state_up": true, "tenant_id": "ad9c0394b39b486383eae8c28e780367", "mtu": 0, "router:external": false, "shared": false, "port_security_enabled": true, "provider:network_type": "vxlan", "id": "7e3eeda0-5cd0-442b-9ddc-bb763569c2cb", "provider:segmentation_id": 1009}, {"status": "ACTIVE", "subnets": ["8f97edc2-bdc0-417b-b9dd-83d54d4070ea"], "availability_zone_hints": [], "availability_zones": ["nova"], "name": "tempest-network-smoke--1735884494", "provider:physical_network": null, "admin_state_up": true, "tenant_id": "f13ed7ffe5bf4615a3c018f8946a8c07", "mtu": 0, "router:external": false, "shared": false, "port_security_enabled": true, "provider:network_type": "vxlan", "id": "e97f91d3-9476-4863-99ce-5827d110bfa7", "provider:segmentation_id": 1088}]}
2015-12-05 18:11:37,353 20279 INFO     [tempest_lib.common.rest_client] Request (TestNetworkBasicOps:test_connectivity_between_vms_on_different_networks): 200 GET http://10.0.2.15:9696/v2.0/subnets 0.106s
2015-12-05 18:11:37,353 20279 DEBUG    [tempest_lib.common.rest_client] Request - Headers: {'Content-Type': 'application/json', 'Accept': 'application/json', 'X-Auth-Token': '&lt;omitted&gt;'}
        Body: None
    Response - Headers: {'status': '200', 'content-length': '2408', 'content-location': 'http://10.0.2.15:9696/v2.0/subnets', 'connection': 'close', 'date': 'Sat, 05 Dec 2015 18:11:37 GMT', 'content-type': 'application/json; charset=UTF-8', 'x-openstack-request-id': 'req-56ae775a-8421-4616-a68f-9a25e9c23a7d'}
        Body: {"subnets": [{"name": "tempest-subnet-smoke-1876357402", "enable_dhcp": true, "network_id": "e97f91d3-9476-4863-99ce-5827d110bfa7", "tenant_id": "f13ed7ffe5bf4615a3c018f8946a8c07", "dns_nameservers": [], "gateway_ip": "10.100.0.1", "ipv6_ra_mode": null, "allocation_pools": [{"start": "10.100.0.2", "end": "10.100.0.14"}], "host_routes": [], "ip_version": 4, "ipv6_address_mode": null, "cidr": "10.100.0.0/28", "id": "8f97edc2-bdc0-417b-b9dd-83d54d4070ea", "subnetpool_id": null}, {"name": "private-subnet", "enable_dhcp": true, "network_id": "7e3eeda0-5cd0-442b-9ddc-bb763569c2cb", "tenant_id": "ad9c0394b39b486383eae8c28e780367", "dns_nameservers": [], "gateway_ip": "10.0.0.1", "ipv6_ra_mode": null, "allocation_pools": [{"start": "10.0.0.2", "end": "10.0.0.254"}], "host_routes": [], "ip_version": 4, "ipv6_address_mode": null, "cidr": "10.0.0.0/24", "id": "4402beb0-6135-4a97-9242-bd8a72d82c1a", "subnetpool_id": null}, {"name": "public-subnet", "enable_dhcp": false, "network_id": "97c05aae-7ac6-43ab-875f-a1921470dca4", "tenant_id": "650bc96ffa2d4615be2b66d7e1684295", "dns_nameservers": [], "gateway_ip": "172.24.4.1", "ipv6_ra_mode": null, "allocation_pools": [{"start": "172.24.4.2", "end": "172.24.4.254"}], "host_routes": [], "ip_version": 4, "ipv6_address_mode": null, "cidr": "172.24.4.0/24", "id": "9ded6c15-3e60-4bfe-ab3a-99f1e526c113", "subnetpool_id": null}, {"name": "ipv6-private-subnet", "enable_dhcp": true, "network_id": "7e3eeda0-5cd0-442b-9ddc-bb763569c2cb", "tenant_id": "ad9c0394b39b486383eae8c28e780367", "dns_nameservers": [], "gateway_ip": "fd44:892c:c0e9::1", "ipv6_ra_mode": "slaac", "allocation_pools": [{"start": "fd44:892c:c0e9::2", "end": "fd44:892c:c0e9:0:ffff:ffff:ffff:ffff"}], "host_routes": [], "ip_version": 6, "ipv6_address_mode": "slaac", "cidr": "fd44:892c:c0e9::/64", "id": "608dc569-fb25-4c64-8892-b4e4d6a660fd", "subnetpool_id": null}, {"name": "ipv6-public-subnet", "enable_dhcp": false, "network_id": "97c05aae-7ac6-43ab-875f-a1921470dca4", "tenant_id": "650bc96ffa2d4615be2b66d7e1684295", "dns_nameservers": [], "gateway_ip": "2001:db8::2", "ipv6_ra_mode": null, "allocation_pools": [{"start": "2001:db8::1", "end": "2001:db8::1"}, {"start": "2001:db8::3", "end": "2001:db8::ffff:ffff:ffff:ffff"}], "host_routes": [], "ip_version": 6, "ipv6_address_mode": null, "cidr": "2001:db8::/64", "id": "6ab77af2-96df-4cef-89b1-2982499a8a7e", "subnetpool_id": null}]}
2015-12-05 18:11:37,411 20279 INFO     [tempest_lib.common.rest_client] Request (TestNetworkBasicOps:test_connectivity_between_vms_on_different_networks): 200 GET http://10.0.2.15:9696/v2.0/routers 0.056s
2015-12-05 18:11:37,411 20279 DEBUG    [tempest_lib.common.rest_client] Request - Headers: {'Content-Type': 'application/json', 'Accept': 'application/json', 'X-Auth-Token': '&lt;omitted&gt;'}
        Body: None
    Response - Headers: {'status': '200', 'content-length': '1166', 'content-location': 'http://10.0.2.15:9696/v2.0/routers', 'connection': 'close', 'date': 'Sat, 05 Dec 2015 18:11:37 GMT', 'content-type': 'application/json; charset=UTF-8', 'x-openstack-request-id': 'req-4d74c7d4-b582-430e-b61a-ea28b5be0be5'}
        Body: {"routers": [{"status": "ACTIVE", "external_gateway_info": {"network_id": "97c05aae-7ac6-43ab-875f-a1921470dca4", "enable_snat": true, "external_fixed_ips": [{"subnet_id": "9ded6c15-3e60-4bfe-ab3a-99f1e526c113", "ip_address": "172.24.4.2"}, {"subnet_id": "6ab77af2-96df-4cef-89b1-2982499a8a7e", "ip_address": "2001:db8::1"}]}, "availability_zone_hints": [], "availability_zones": ["nova"], "name": "router1", "admin_state_up": true, "tenant_id": "ad9c0394b39b486383eae8c28e780367", "distributed": false, "routes": [], "ha": false, "id": "9515a09a-c119-4b0a-8086-6cd56d938a99"}, {"status": "ACTIVE", "external_gateway_info": {"network_id": "97c05aae-7ac6-43ab-875f-a1921470dca4", "enable_snat": true, "external_fixed_ips": [{"subnet_id": "9ded6c15-3e60-4bfe-ab3a-99f1e526c113", "ip_address": "172.24.4.3"}, {"subnet_id": "6ab77af2-96df-4cef-89b1-2982499a8a7e", "ip_address": "2001:db8::3"}]}, "availability_zone_hints": [], "availability_zones": ["nova"], "name": "tempest-router-smoke-861898041", "admin_state_up": true, "tenant_id": "f13ed7ffe5bf4615a3c018f8946a8c07", "distributed": false, "routes": [], "ha": false, "id": "fe25c154-cdce-40d0-a9dc-ff7334678817"}]}
2015-12-05 18:11:38,262 20279 INFO     [tempest_lib.common.rest_client] Request (TestNetworkBasicOps:test_connectivity_between_vms_on_different_networks): 200 POST http://10.0.2.15:8774/v2.1/f13ed7ffe5bf4615a3c018f8946a8c07/os-keypairs 0.850s
2015-12-05 18:11:38,263 20279 DEBUG    [tempest_lib.common.rest_client] Request - Headers: {'Content-Type': 'application/json', 'Accept': 'application/json', 'X-Auth-Token': '&lt;omitted&gt;'}
        Body: {"keypair": {"name": "tempest-TestNetworkBasicOps-87750664"}}
    Response - Headers: {'status': '200', 'content-length': '2319', 'x-compute-request-id': 'req-7aa6dd63-c71b-4067-9b5a-316997ea601a', 'vary': 'X-OpenStack-Nova-API-Version', 'connection': 'close', 'x-openstack-nova-api-version': '2.1', 'date': 'Sat, 05 Dec 2015 18:11:38 GMT', 'content-type': 'application/json'}
        Body: {"keypair": {"public_key": "ssh-rsa AAAAB3NzaC1yc2EAAAADAQABAAABAQCrtvu8Dpvsceujhw68qxRDq+FiIFq4gol/bNK9fDbZfBWdTw2/6u+60dK1n9U5TsCo/+7Zce/e/cKvSmVUx95BnIWKU7dNmb2JhDDypmvVNQqX5f7lTpmPR+IcUGhGdsiflDoq4evsD9rjMymMt6wQ9bw3Xf0rLqGQNW/IwP4WaMy3HabI++O+G/gnXYsa5hQhtMHQX3Fwp9sj0P33CycDEGGsizrqDhgZDmsB8RKlDXqzyTOT/blHELk9xF7bDIIMli6LiA1XaI3IpwvDytJDzu/Db1bbM+GyDDBN5j8vxX4x+T48JV7RMill8WSfDrYt4WzIhE1R9GCC6mrZNgSx Generated-by-Nova", "private_key": "-----BEGIN RSA PRIVATE KEY-----\nMIIEpwIBAAKCAQEAq7b7vA6b7HHro4cOvKsUQ6vhYiBauIKJf2zSvXw22XwVnU8N\nv+rvutHStZ/VOU7AqP/u2XHv3v3Cr0plVMfeQZyFilO3TZm9iYQw8qZr1TUKl+X+\n5U6Zj0fiHFBoRnbIn5Q6KuHr7A/a4zMpjLesEPW8N139Ky6hkDVvyMD+FmjMtx2m\nyPvjvhv4J12LGuYUIbTB0F9xcKfbI9D99wsnAxBhrIs66g4YGQ5rAfESpQ16s8kz\nk/25RxC5PcRe2wyCDJYui4gNV2iNyKcLw8rSQ87vw29W2zPhsgwwTeY/L8V+Mfk+\nPCVe0TIpZfFknw62LeFsyIRNUfRggupq2TYEsQIDAQABAoIBAAeNGnDgq5awQ86D\nJ/DADToUmuq3xYWLqAREgtf2WGsj+8dZLJ+d80Dh7UQzbSsB/ZLw/k3tpsDFpAQV\nX3Nk/q8f9PdqSwtMkXs0pvpkuyU7GeYoJRdsZ3BXlufr2UoP+y6ZVB2Cpd9RqyyG\nmXMouJZeWBKPPYzilhRDZVEMu5+8lZh4KoonesSQvZ3oe9bCqWffjIdvmsORIRxm\n+V39r27kjtR4CDS3wNdXCDNEegZKCO0outnKvfjG6e/MCSuJB8zE3MXrAHq+YQ0n\n7etRG0p4BUzH/3/INrx9SxrJtgAAeOfBUwvJsAqjGy+PkLNxsaXyGXnQVRc+0NID\neUPhT8kCggCBAMPn7t8Ei2hr2Fl5RgrGtxCkDDD72Jrn4gnitoRgM7Ojrcz8r3NP\nM3iNLwyi3aCEks+IEt+y+oI1YD8t6Bci3FlwytohYgDUvK+G7LubDqb1EZpfs8zd\n/XsNKqBpGcXdkZuIVAsTyJTb6zfaNZycK2YglFUqDkfE3h0dKGnvs6wPAoIAgQDg\nY14f2v/x0BZNQbazvPSM8qXdfUlaEnbg7fQfQUvdjv9L72HZTcFve4oipyS9vVe9\nim67Z7X02MLjtAP9JIocXkRaYrUGfidbMGh/IHjIv0GHark0YRRsRDwGNFDBpubh\nZh3BiabizQZ4gQHueP44GcJlQvxs+8YioqrLft2DPwKCAIBZ/DP9nqHGUhsrZggl\nNQerjh7HdTcWWEK8lbWOcn3tGtbfXIXeqleTHQ6qeDji3WJuDyvUMurcWlYeTyDX\nV7ztHGEg9sqEZTNSUOB2gA+n4tO2HBWDmcgv+GlHC1+6Qj76uREZkXnF3opZulJ7\n4EQTAg4AXHP4xVXc+6KvnlniQwKCAIBbd8YXoDMzBEsDBSWP0RezGPqJ9hdfkyVI\nfVdFIl3lm/PvpU4ywaJ3almd1JqCidtpVTPcSuN+Qpn3LhtuJmXyOG8OlSwL0IME\nhhAiuj7iPixdIiEK/APSOmJpeQvuVLXK7dB1Y0JXM5JOru/1oPaoMb/vfUXeuydC\nWSLcPwPXCwKCAIBurraBUYF5WoBcudpFbZNGju3gOIUGybmemFqHjF83hxjeyMog\nAnFp5e0eMJQYQJ2zvz0g1F8l7EBcrbCiMbr1Ab2fgFSj/i5jr2+9hYGO3rtzU1CK\neD79kJGHigfGbsyNR+Z6d2ezIyX3NwjVzPC9oiJ1rVSi8TtiGIyZfmfcyQ==\n-----END RSA PRIVATE KEY-----\n", "user_id": "3dbd263cdfc343339a034ddbd1bf3757", "name": "tempest-TestNetworkBasicOps-87750664", "fingerprint": "7f:66:63:2c:41:14:47:62:30:3e:a3:dd:e2:ed:4a:4f"}}
2015-12-05 18:11:38,360 20279 INFO     [tempest_lib.common.rest_client] Request (TestNetworkBasicOps:test_connectivity_between_vms_on_different_networks): 200 POST http://10.0.2.15:5000/v2.0/tokens
2015-12-05 18:11:38,360 20279 DEBUG    [tempest_lib.common.rest_client] Request - Headers: {'Content-Type': 'application/json', 'Accept': 'application/json'}
        Body: &lt;omitted&gt;
    Response - Headers: {'status': '200', 'content-length': '2526', 'vary': 'X-Auth-Token', 'server': 'Apache/2.4.7 (Ubuntu)', 'connection': 'close', 'date': 'Sat, 05 Dec 2015 18:11:38 GMT', 'content-type': 'application/json', 'x-openstack-request-id': 'req-8328c369-fac2-4bab-9245-b002a211beda'}
        Body: {"access": {"token": {"issued_at": "2015-12-05T18:11:38.351269", "expires": "2015-12-05T19:11:38Z", "id": "5eb0d7fd1e3a4b719ccfd096a0bd2211", "tenant": {"description": "tempest-TestNetworkBasicOps-718826018-desc", "enabled": true, "id": "f13ed7ffe5bf4615a3c018f8946a8c07", "name": "tempest-TestNetworkBasicOps-718826018"}, "audit_ids": ["Ym-we7VaQ1GWDZfYwf3tbg"]}, "serviceCatalog": [{"endpoints": [{"adminURL": "http://10.0.2.15:8774/v2.1/f13ed7ffe5bf4615a3c018f8946a8c07", "region": "RegionOne", "internalURL": "http://10.0.2.15:8774/v2.1/f13ed7ffe5bf4615a3c018f8946a8c07", "id": "c76230a43600413b9e8f7e95d3482b09", "publicURL": "http://10.0.2.15:8774/v2.1/f13ed7ffe5bf4615a3c018f8946a8c07"}], "endpoints_links": [], "type": "compute", "name": "nova"}, {"endpoints": [{"adminURL": "http://10.0.2.15:9696/", "region": "RegionOne", "internalURL": "http://10.0.2.15:9696/", "id": "658a0824ec1e426dac6beb0d8a2febae", "publicURL": "http://10.0.2.15:9696/"}], "endpoints_links": [], "type": "network", "name": "neutron"}, {"endpoints": [{"adminURL": "http://10.0.2.15:9292", "region": "RegionOne", "internalURL": "http://10.0.2.15:9292", "id": "40f242870776449fb6bcfb245551a063", "publicURL": "http://10.0.2.15:9292"}], "endpoints_links": [], "type": "image", "name": "glance"}, {"endpoints": [{"adminURL": "http://10.0.2.15:8774/v2/f13ed7ffe5bf4615a3c018f8946a8c07", "region": "RegionOne", "internalURL": "http://10.0.2.15:8774/v2/f13ed7ffe5bf4615a3c018f8946a8c07", "id": "a7b43b4ae4ce4f0aa03e078bc04dfc6d", "publicURL": "http://10.0.2.15:8774/v2/f13ed7ffe5bf4615a3c018f8946a8c07"}], "endpoints_links": [], "type": "compute_legacy", "name": "nova_legacy"}, {"endpoints": [{"adminURL": "http://10.0.2.15:8773/", "region": "RegionOne", "internalURL": "http://10.0.2.15:8773/", "id": "57122cad4a7a49bca141afb8ed7ffcca", "publicURL": "http://10.0.2.15:8773/"}], "endpoints_links": [], "type": "ec2", "name": "ec2"}, {"endpoints": [{"adminURL": "http://10.0.2.15:35357/v2.0", "region": "RegionOne", "internalURL": "http://10.0.2.15:5000/v2.0", "id": "319524025c2d412394922d412958e9f6", "publicURL": "http://10.0.2.15:5000/v2.0"}], "endpoints_links": [], "type": "identity", "name": "keystone"}], "user": {"username": "tempest-TestNetworkBasicOps-594374687", "roles_links": [], "id": "3dbd263cdfc343339a034ddbd1bf3757", "roles": [{"name": "_member_"}, {"name": "Member"}], "name": "tempest-TestNetworkBasicOps-594374687"}, "metadata": {"is_admin": 0, "roles": ["9fe2ff9ee4384b1894a90878d3e92bab", "02724c3f63da44a1b270954fe8290114"]}}}
2015-12-05 18:11:38,364 20279 DEBUG    [tempest.common.fixed_network] (TestNetworkBasicOps:test_connectivity_between_vms_on_different_networks) No valid network provided or created, defaulting to fixed_network_name
2015-12-05 18:11:38,662 20279 INFO     [tempest_lib.common.rest_client] Request (TestNetworkBasicOps:test_connectivity_between_vms_on_different_networks): 200 GET http://10.0.2.15:8774/v2.1/f13ed7ffe5bf4615a3c018f8946a8c07/os-networks 0.297s
2015-12-05 18:11:38,663 20279 DEBUG    [tempest_lib.common.rest_client] Request - Headers: {'Content-Type': 'application/json', 'Accept': 'application/json', 'X-Auth-Token': '&lt;omitted&gt;'}
        Body: None
    Response - Headers: {'status': '200', 'content-length': '479', 'content-location': 'http://10.0.2.15:8774/v2.1/f13ed7ffe5bf4615a3c018f8946a8c07/os-networks', 'x-compute-request-id': 'req-1a6aac9a-3171-4312-b3ef-c66261a5bd70', 'vary': 'X-OpenStack-Nova-API-Version', 'connection': 'close', 'x-openstack-nova-api-version': '2.1', 'date': 'Sat, 05 Dec 2015 18:11:38 GMT', 'content-type': 'application/json'}
        Body: {"networks": [{"cidr_v6": null, "dns2": null, "dns1": null, "gateway": null, "broadcast": null, "netmask": null, "gateway_v6": null, "cidr": null, "label": "public", "id": "97c05aae-7ac6-43ab-875f-a1921470dca4", "netmask_v6": null}, {"cidr_v6": null, "dns2": null, "dns1": null, "gateway": null, "broadcast": null, "netmask": null, "gateway_v6": null, "cidr": null, "label": "tempest-network-smoke--1735884494", "id": "e97f91d3-9476-4863-99ce-5827d110bfa7", "netmask_v6": null}]}
2015-12-05 18:11:38,663 20279 WARNING  [tempest.common.fixed_network] (TestNetworkBasicOps:test_connectivity_between_vms_on_different_networks) Network with name: private not found
2015-12-05 18:11:38,663 20279 INFO     [tempest.common.fixed_network] (TestNetworkBasicOps:test_connectivity_between_vms_on_different_networks) Found network {} available for tenant
2015-12-05 18:11:40,226 20279 INFO     [tempest_lib.common.rest_client] Request (TestNetworkBasicOps:test_connectivity_between_vms_on_different_networks): 202 POST http://10.0.2.15:8774/v2.1/f13ed7ffe5bf4615a3c018f8946a8c07/servers 1.562s
2015-12-05 18:11:40,227 20279 DEBUG    [tempest_lib.common.rest_client] Request - Headers: {'Content-Type': 'application/json', 'Accept': 'application/json', 'X-Auth-Token': '&lt;omitted&gt;'}
        Body: {"server": {"name": "tempest.common.compute-instance-1635493351", "imageRef": "35198169-c450-4857-8f30-eed118073c70", "key_name": "tempest-TestNetworkBasicOps-87750664", "flavorRef": "42", "networks": [{"uuid": "e97f91d3-9476-4863-99ce-5827d110bfa7"}], "security_groups": [{"name": "tempest-secgroup-smoke-1739833576"}]}}
    Response - Headers: {'status': '202', 'content-length': '462', 'x-compute-request-id': 'req-1665310b-b941-4cd7-8fa0-f2dff5c7bdc7', 'vary': 'X-OpenStack-Nova-API-Version', 'connection': 'close', 'location': 'http://10.0.2.15:8774/v2.1/f13ed7ffe5bf4615a3c018f8946a8c07/servers/613dc7b5-7d6e-40fe-a3d8-cbd2c40ff090', 'x-openstack-nova-api-version': '2.1', 'date': 'Sat, 05 Dec 2015 18:11:40 GMT', 'content-type': 'application/json'}
        Body: {"server": {"security_groups": [{"name": "tempest-secgroup-smoke-1739833576"}], "OS-DCF:diskConfig": "MANUAL", "id": "613dc7b5-7d6e-40fe-a3d8-cbd2c40ff090", "links": [{"href": "http://10.0.2.15:8774/v2.1/f13ed7ffe5bf4615a3c018f8946a8c07/servers/613dc7b5-7d6e-40fe-a3d8-cbd2c40ff090", "rel": "self"}, {"href": "http://10.0.2.15:8774/f13ed7ffe5bf4615a3c018f8946a8c07/servers/613dc7b5-7d6e-40fe-a3d8-cbd2c40ff090", "rel": "bookmark"}], "adminPass": "ZD3oxE5ECBHv"}}
2015-12-05 18:11:40,405 20279 INFO     [tempest_lib.common.rest_client] Request (TestNetworkBasicOps:test_connectivity_between_vms_on_different_networks): 200 GET http://10.0.2.15:8774/v2.1/f13ed7ffe5bf4615a3c018f8946a8c07/servers/613dc7b5-7d6e-40fe-a3d8-cbd2c40ff090 0.172s
2015-12-05 18:11:40,406 20279 DEBUG    [tempest_lib.common.rest_client] Request - Headers: {'Content-Type': 'application/json', 'Accept': 'application/json', 'X-Auth-Token': '&lt;omitted&gt;'}
        Body: None
    Response - Headers: {'status': '200', 'content-length': '1354', 'content-location': 'http://10.0.2.15:8774/v2.1/f13ed7ffe5bf4615a3c018f8946a8c07/servers/613dc7b5-7d6e-40fe-a3d8-cbd2c40ff090', 'x-compute-request-id': 'req-a4cc3fa8-e6d9-4652-87b0-dab5aa0be202', 'vary': 'X-OpenStack-Nova-API-Version', 'connection': 'close', 'x-openstack-nova-api-version': '2.1', 'date': 'Sat, 05 Dec 2015 18:11:40 GMT', 'content-type': 'application/json'}
        Body: {"server": {"status": "BUILD", "updated": "2015-12-05T18:11:40Z", "hostId": "", "addresses": {}, "links": [{"href": "http://10.0.2.15:8774/v2.1/f13ed7ffe5bf4615a3c018f8946a8c07/servers/613dc7b5-7d6e-40fe-a3d8-cbd2c40ff090", "rel": "self"}, {"href": "http://10.0.2.15:8774/f13ed7ffe5bf4615a3c018f8946a8c07/servers/613dc7b5-7d6e-40fe-a3d8-cbd2c40ff090", "rel": "bookmark"}], "key_name": "tempest-TestNetworkBasicOps-87750664", "image": {"id": "35198169-c450-4857-8f30-eed118073c70", "links": [{"href": "http://10.0.2.15:8774/f13ed7ffe5bf4615a3c018f8946a8c07/images/35198169-c450-4857-8f30-eed118073c70", "rel": "bookmark"}]}, "OS-EXT-STS:task_state": "scheduling", "OS-EXT-STS:vm_state": "building", "OS-SRV-USG:launched_at": null, "flavor": {"id": "42", "links": [{"href": "http://10.0.2.15:8774/f13ed7ffe5bf4615a3c018f8946a8c07/flavors/42", "rel": "bookmark"}]}, "id": "613dc7b5-7d6e-40fe-a3d8-cbd2c40ff090", "OS-SRV-USG:terminated_at": null, "OS-EXT-AZ:availability_zone": "", "user_id": "3dbd263cdfc343339a034ddbd1bf3757", "name": "tempest.common.compute-instance-1635493351", "created": "2015-12-05T18:11:40Z", "tenant_id": "f13ed7ffe5bf4615a3c018f8946a8c07", "OS-DCF:diskConfig": "MANUAL", "os-extended-volumes:volumes_attached": [], "accessIPv4": "", "accessIPv6": "", "progress": 0, "OS-EXT-STS:power_state": 0, "config_drive": "", "metadata": {}}}
2015-12-05 18:11:41,701 20279 INFO     [tempest_lib.common.rest_client] Request (TestNetworkBasicOps:test_connectivity_between_vms_on_different_networks): 200 GET http://10.0.2.15:8774/v2.1/f13ed7ffe5bf4615a3c018f8946a8c07/servers/613dc7b5-7d6e-40fe-a3d8-cbd2c40ff090 0.286s
2015-12-05 18:11:41,701 20279 DEBUG    [tempest_lib.common.rest_client] Request - Headers: {'Content-Type': 'application/json', 'Accept': 'application/json', 'X-Auth-Token': '&lt;omitted&gt;'}
        Body: None
    Response - Headers: {'status': '200', 'content-length': '1480', 'content-location': 'http://10.0.2.15:8774/v2.1/f13ed7ffe5bf4615a3c018f8946a8c07/servers/613dc7b5-7d6e-40fe-a3d8-cbd2c40ff090', 'x-compute-request-id': 'req-c85aa82d-037b-41fd-b937-40d9d4fbfb3a', 'vary': 'X-OpenStack-Nova-API-Version', 'connection': 'close', 'x-openstack-nova-api-version': '2.1', 'date': 'Sat, 05 Dec 2015 18:11:41 GMT', 'content-type': 'application/json'}
        Body: {"server": {"status": "BUILD", "updated": "2015-12-05T18:11:41Z", "hostId": "caed75234bd3efc2c92ef3d715663e5559ef8718ab1ead01f0976a55", "addresses": {}, "links": [{"href": "http://10.0.2.15:8774/v2.1/f13ed7ffe5bf4615a3c018f8946a8c07/servers/613dc7b5-7d6e-40fe-a3d8-cbd2c40ff090", "rel": "self"}, {"href": "http://10.0.2.15:8774/f13ed7ffe5bf4615a3c018f8946a8c07/servers/613dc7b5-7d6e-40fe-a3d8-cbd2c40ff090", "rel": "bookmark"}], "key_name": "tempest-TestNetworkBasicOps-87750664", "image": {"id": "35198169-c450-4857-8f30-eed118073c70", "links": [{"href": "http://10.0.2.15:8774/f13ed7ffe5bf4615a3c018f8946a8c07/images/35198169-c450-4857-8f30-eed118073c70", "rel": "bookmark"}]}, "OS-EXT-STS:task_state": "spawning", "OS-EXT-STS:vm_state": "building", "OS-SRV-USG:launched_at": null, "flavor": {"id": "42", "links": [{"href": "http://10.0.2.15:8774/f13ed7ffe5bf4615a3c018f8946a8c07/flavors/42", "rel": "bookmark"}]}, "id": "613dc7b5-7d6e-40fe-a3d8-cbd2c40ff090", "security_groups": [{"name": "tempest-secgroup-smoke-1739833576"}], "OS-SRV-USG:terminated_at": null, "OS-EXT-AZ:availability_zone": "nova", "user_id": "3dbd263cdfc343339a034ddbd1bf3757", "name": "tempest.common.compute-instance-1635493351", "created": "2015-12-05T18:11:40Z", "tenant_id": "f13ed7ffe5bf4615a3c018f8946a8c07", "OS-DCF:diskConfig": "MANUAL", "os-extended-volumes:volumes_attached": [], "accessIPv4": "", "accessIPv6": "", "progress": 0, "OS-EXT-STS:power_state": 0, "config_drive": "", "metadata": {}}}
2015-12-05 18:11:41,721 20279 INFO     [tempest.common.waiters] State transition "BUILD/scheduling" ==&gt; "BUILD/spawning" after 1 second wait
2015-12-05 18:11:42,938 20279 INFO     [tempest_lib.common.rest_client] Request (TestNetworkBasicOps:test_connectivity_between_vms_on_different_networks): 200 GET http://10.0.2.15:8774/v2.1/f13ed7ffe5bf4615a3c018f8946a8c07/servers/613dc7b5-7d6e-40fe-a3d8-cbd2c40ff090 0.215s
2015-12-05 18:11:42,939 20279 DEBUG    [tempest_lib.common.rest_client] Request - Headers: {'Content-Type': 'application/json', 'Accept': 'application/json', 'X-Auth-Token': '&lt;omitted&gt;'}
        Body: None
    Response - Headers: {'status': '200', 'content-length': '1480', 'content-location': 'http://10.0.2.15:8774/v2.1/f13ed7ffe5bf4615a3c018f8946a8c07/servers/613dc7b5-7d6e-40fe-a3d8-cbd2c40ff090', 'x-compute-request-id': 'req-b392adbe-f4ce-430d-937a-32954fc921b4', 'vary': 'X-OpenStack-Nova-API-Version', 'connection': 'close', 'x-openstack-nova-api-version': '2.1', 'date': 'Sat, 05 Dec 2015 18:11:42 GMT', 'content-type': 'application/json'}
        Body: {"server": {"status": "BUILD", "updated": "2015-12-05T18:11:41Z", "hostId": "caed75234bd3efc2c92ef3d715663e5559ef8718ab1ead01f0976a55", "addresses": {}, "links": [{"href": "http://10.0.2.15:8774/v2.1/f13ed7ffe5bf4615a3c018f8946a8c07/servers/613dc7b5-7d6e-40fe-a3d8-cbd2c40ff090", "rel": "self"}, {"href": "http://10.0.2.15:8774/f13ed7ffe5bf4615a3c018f8946a8c07/servers/613dc7b5-7d6e-40fe-a3d8-cbd2c40ff090", "rel": "bookmark"}], "key_name": "tempest-TestNetworkBasicOps-87750664", "image": {"id": "35198169-c450-4857-8f30-eed118073c70", "links": [{"href": "http://10.0.2.15:8774/f13ed7ffe5bf4615a3c018f8946a8c07/images/35198169-c450-4857-8f30-eed118073c70", "rel": "bookmark"}]}, "OS-EXT-STS:task_state": "spawning", "OS-EXT-STS:vm_state": "building", "OS-SRV-USG:launched_at": null, "flavor": {"id": "42", "links": [{"href": "http://10.0.2.15:8774/f13ed7ffe5bf4615a3c018f8946a8c07/flavors/42", "rel": "bookmark"}]}, "id": "613dc7b5-7d6e-40fe-a3d8-cbd2c40ff090", "security_groups": [{"name": "tempest-secgroup-smoke-1739833576"}], "OS-SRV-USG:terminated_at": null, "OS-EXT-AZ:availability_zone": "nova", "user_id": "3dbd263cdfc343339a034ddbd1bf3757", "name": "tempest.common.compute-instance-1635493351", "created": "2015-12-05T18:11:40Z", "tenant_id": "f13ed7ffe5bf4615a3c018f8946a8c07", "OS-DCF:diskConfig": "MANUAL", "os-extended-volumes:volumes_attached": [], "accessIPv4": "", "accessIPv6": "", "progress": 0, "OS-EXT-STS:power_state": 0, "config_drive": "", "metadata": {}}}
2015-12-05 18:11:44,439 20279 INFO     [tempest_lib.common.rest_client] Request (TestNetworkBasicOps:test_connectivity_between_vms_on_different_networks): 200 GET http://10.0.2.15:8774/v2.1/f13ed7ffe5bf4615a3c018f8946a8c07/servers/613dc7b5-7d6e-40fe-a3d8-cbd2c40ff090 0.490s
2015-12-05 18:11:44,440 20279 DEBUG    [tempest_lib.common.rest_client] Request - Headers: {'Content-Type': 'application/json', 'Accept': 'application/json', 'X-Auth-Token': '&lt;omitted&gt;'}
        Body: None
    Response - Headers: {'status': '200', 'content-length': '1652', 'content-location': 'http://10.0.2.15:8774/v2.1/f13ed7ffe5bf4615a3c018f8946a8c07/servers/613dc7b5-7d6e-40fe-a3d8-cbd2c40ff090', 'x-compute-request-id': 'req-a5858b32-faf5-4467-9b34-9bd4774920a8', 'vary': 'X-OpenStack-Nova-API-Version', 'connection': 'close', 'x-openstack-nova-api-version': '2.1', 'date': 'Sat, 05 Dec 2015 18:11:44 GMT', 'content-type': 'application/json'}
        Body: {"server": {"status": "ACTIVE", "updated": "2015-12-05T18:11:43Z", "hostId": "caed75234bd3efc2c92ef3d715663e5559ef8718ab1ead01f0976a55", "addresses": {"tempest-network-smoke--1735884494": [{"OS-EXT-IPS-MAC:mac_addr": "fa:16:3e:86:b9:f1", "version": 4, "addr": "10.100.0.3", "OS-EXT-IPS:type": "fixed"}]}, "links": [{"href": "http://10.0.2.15:8774/v2.1/f13ed7ffe5bf4615a3c018f8946a8c07/servers/613dc7b5-7d6e-40fe-a3d8-cbd2c40ff090", "rel": "self"}, {"href": "http://10.0.2.15:8774/f13ed7ffe5bf4615a3c018f8946a8c07/servers/613dc7b5-7d6e-40fe-a3d8-cbd2c40ff090", "rel": "bookmark"}], "key_name": "tempest-TestNetworkBasicOps-87750664", "image": {"id": "35198169-c450-4857-8f30-eed118073c70", "links": [{"href": "http://10.0.2.15:8774/f13ed7ffe5bf4615a3c018f8946a8c07/images/35198169-c450-4857-8f30-eed118073c70", "rel": "bookmark"}]}, "OS-EXT-STS:task_state": null, "OS-EXT-STS:vm_state": "active", "OS-SRV-USG:launched_at": "2015-12-05T18:11:43.000000", "flavor": {"id": "42", "links": [{"href": "http://10.0.2.15:8774/f13ed7ffe5bf4615a3c018f8946a8c07/flavors/42", "rel": "bookmark"}]}, "id": "613dc7b5-7d6e-40fe-a3d8-cbd2c40ff090", "security_groups": [{"name": "tempest-secgroup-smoke-1739833576"}], "OS-SRV-USG:terminated_at": null, "OS-EXT-AZ:availability_zone": "nova", "user_id": "3dbd263cdfc343339a034ddbd1bf3757", "name": "tempest.common.compute-instance-1635493351", "created": "2015-12-05T18:11:40Z", "tenant_id": "f13ed7ffe5bf4615a3c018f8946a8c07", "OS-DCF:diskConfig": "MANUAL", "os-extended-volumes:volumes_attached": [], "accessIPv4": "", "accessIPv6": "", "progress": 0, "OS-EXT-STS:power_state": 1, "config_drive": "True", "metadata": {}}}
2015-12-05 18:11:44,449 20279 INFO     [tempest.common.waiters] State transition "BUILD/spawning" ==&gt; "ACTIVE/None" after 4 second wait
2015-12-05 18:11:44,685 20279 INFO     [tempest_lib.common.rest_client] Request (TestNetworkBasicOps:test_connectivity_between_vms_on_different_networks): 200 GET http://10.0.2.15:8774/v2.1/f13ed7ffe5bf4615a3c018f8946a8c07/servers/613dc7b5-7d6e-40fe-a3d8-cbd2c40ff090 0.235s
2015-12-05 18:11:44,685 20279 DEBUG    [tempest_lib.common.rest_client] Request - Headers: {'Content-Type': 'application/json', 'Accept': 'application/json', 'X-Auth-Token': '&lt;omitted&gt;'}
        Body: None
    Response - Headers: {'status': '200', 'content-length': '1652', 'content-location': 'http://10.0.2.15:8774/v2.1/f13ed7ffe5bf4615a3c018f8946a8c07/servers/613dc7b5-7d6e-40fe-a3d8-cbd2c40ff090', 'x-compute-request-id': 'req-68eda4f3-6bd1-4b6d-9894-eb929e294e29', 'vary': 'X-OpenStack-Nova-API-Version', 'connection': 'close', 'x-openstack-nova-api-version': '2.1', 'date': 'Sat, 05 Dec 2015 18:11:44 GMT', 'content-type': 'application/json'}
        Body: {"server": {"status": "ACTIVE", "updated": "2015-12-05T18:11:43Z", "hostId": "caed75234bd3efc2c92ef3d715663e5559ef8718ab1ead01f0976a55", "addresses": {"tempest-network-smoke--1735884494": [{"OS-EXT-IPS-MAC:mac_addr": "fa:16:3e:86:b9:f1", "version": 4, "addr": "10.100.0.3", "OS-EXT-IPS:type": "fixed"}]}, "links": [{"href": "http://10.0.2.15:8774/v2.1/f13ed7ffe5bf4615a3c018f8946a8c07/servers/613dc7b5-7d6e-40fe-a3d8-cbd2c40ff090", "rel": "self"}, {"href": "http://10.0.2.15:8774/f13ed7ffe5bf4615a3c018f8946a8c07/servers/613dc7b5-7d6e-40fe-a3d8-cbd2c40ff090", "rel": "bookmark"}], "key_name": "tempest-TestNetworkBasicOps-87750664", "image": {"id": "35198169-c450-4857-8f30-eed118073c70", "links": [{"href": "http://10.0.2.15:8774/f13ed7ffe5bf4615a3c018f8946a8c07/images/35198169-c450-4857-8f30-eed118073c70", "rel": "bookmark"}]}, "OS-EXT-STS:task_state": null, "OS-EXT-STS:vm_state": "active", "OS-SRV-USG:launched_at": "2015-12-05T18:11:43.000000", "flavor": {"id": "42", "links": [{"href": "http://10.0.2.15:8774/f13ed7ffe5bf4615a3c018f8946a8c07/flavors/42", "rel": "bookmark"}]}, "id": "613dc7b5-7d6e-40fe-a3d8-cbd2c40ff090", "security_groups": [{"name": "tempest-secgroup-smoke-1739833576"}], "OS-SRV-USG:terminated_at": null, "OS-EXT-AZ:availability_zone": "nova", "user_id": "3dbd263cdfc343339a034ddbd1bf3757", "name": "tempest.common.compute-instance-1635493351", "created": "2015-12-05T18:11:40Z", "tenant_id": "f13ed7ffe5bf4615a3c018f8946a8c07", "OS-DCF:diskConfig": "MANUAL", "os-extended-volumes:volumes_attached": [], "accessIPv4": "", "accessIPv6": "", "progress": 0, "OS-EXT-STS:power_state": 1, "config_drive": "True", "metadata": {}}}
2015-12-05 18:11:44,693 20279 INFO     [tempest.scenario.manager] Tenant networks not configured to be reachable.
2015-12-05 18:11:44,727 20279 INFO     [tempest_lib.common.rest_client] Request (TestNetworkBasicOps:test_connectivity_between_vms_on_different_networks): 200 GET http://10.0.2.15:9696/v2.0/ports?status=ACTIVE&amp;fixed_ip=None&amp;device_id=613dc7b5-7d6e-40fe-a3d8-cbd2c40ff090 0.034s
2015-12-05 18:11:44,728 20279 DEBUG    [tempest_lib.common.rest_client] Request - Headers: {'Content-Type': 'application/json', 'Accept': 'application/json', 'X-Auth-Token': '&lt;omitted&gt;'}
        Body: None
    Response - Headers: {'status': '200', 'content-length': '895', 'content-location': 'http://10.0.2.15:9696/v2.0/ports?status=ACTIVE&amp;fixed_ip=None&amp;device_id=613dc7b5-7d6e-40fe-a3d8-cbd2c40ff090', 'connection': 'close', 'date': 'Sat, 05 Dec 2015 18:11:44 GMT', 'content-type': 'application/json; charset=UTF-8', 'x-openstack-request-id': 'req-c6269c16-d605-42c8-9c2f-0e0141e86d72'}
        Body: {"ports": [{"status": "ACTIVE", "binding:host_id": "vagrant-ubuntu-trusty-64", "allowed_address_pairs": [], "extra_dhcp_opts": [], "dns_assignment": [{"hostname": "host-10-100-0-3", "ip_address": "10.100.0.3", "fqdn": "host-10-100-0-3.openstacklocal."}], "device_owner": "compute:None", "port_security_enabled": true, "binding:profile": {}, "fixed_ips": [{"subnet_id": "8f97edc2-bdc0-417b-b9dd-83d54d4070ea", "ip_address": "10.100.0.3"}], "id": "e0abf51a-55ba-4b82-b07d-ff442aebf15d", "security_groups": ["2dcffce1-52cc-4f9b-a574-4cc3632a1cff"], "device_id": "613dc7b5-7d6e-40fe-a3d8-cbd2c40ff090", "name": "", "admin_state_up": true, "network_id": "e97f91d3-9476-4863-99ce-5827d110bfa7", "dns_name": "", "binding:vif_details": {"port_filter": true}, "binding:vnic_type": "normal", "binding:vif_type": "ovs", "tenant_id": "f13ed7ffe5bf4615a3c018f8946a8c07", "mac_address": "fa:16:3e:86:b9:f1"}]}
2015-12-05 18:11:45,238 20279 INFO     [tempest_lib.common.rest_client] Request (TestNetworkBasicOps:test_connectivity_between_vms_on_different_networks): 201 POST http://10.0.2.15:9696/v2.0/floatingips 0.509s
2015-12-05 18:11:45,239 20279 DEBUG    [tempest_lib.common.rest_client] Request - Headers: {'Content-Type': 'application/json', 'Accept': 'application/json', 'X-Auth-Token': '&lt;omitted&gt;'}
        Body: {"floatingip": {"floating_network_id": "97c05aae-7ac6-43ab-875f-a1921470dca4", "tenant_id": "f13ed7ffe5bf4615a3c018f8946a8c07", "fixed_ip_address": "10.100.0.3", "port_id": "e0abf51a-55ba-4b82-b07d-ff442aebf15d"}}
    Response - Headers: {'status': '201', 'content-length': '367', 'connection': 'close', 'date': 'Sat, 05 Dec 2015 18:11:45 GMT', 'content-type': 'application/json; charset=UTF-8', 'x-openstack-request-id': 'req-5afdf3d8-0d14-4ba2-82cb-704ea50a5c57'}
        Body: {"floatingip": {"floating_network_id": "97c05aae-7ac6-43ab-875f-a1921470dca4", "router_id": "fe25c154-cdce-40d0-a9dc-ff7334678817", "fixed_ip_address": "10.100.0.3", "floating_ip_address": "172.24.4.4", "tenant_id": "f13ed7ffe5bf4615a3c018f8946a8c07", "status": "DOWN", "port_id": "e0abf51a-55ba-4b82-b07d-ff442aebf15d", "id": "54d8171b-e268-4eed-ac0d-6a3c287a5675"}}
2015-12-05 18:11:45,255 20279 INFO     [tempest_lib.common.rest_client] Request (TestNetworkBasicOps:test_connectivity_between_vms_on_different_networks): 200 GET http://10.0.2.15:9696/v2.0/floatingips/54d8171b-e268-4eed-ac0d-6a3c287a5675 0.015s
2015-12-05 18:11:45,255 20279 DEBUG    [tempest_lib.common.rest_client] Request - Headers: {'Content-Type': 'application/json', 'Accept': 'application/json', 'X-Auth-Token': '&lt;omitted&gt;'}
        Body: None
    Response - Headers: {'status': '200', 'content-length': '367', 'content-location': 'http://10.0.2.15:9696/v2.0/floatingips/54d8171b-e268-4eed-ac0d-6a3c287a5675', 'connection': 'close', 'date': 'Sat, 05 Dec 2015 18:11:45 GMT', 'content-type': 'application/json; charset=UTF-8', 'x-openstack-request-id': 'req-2ae9b499-b5d3-41cd-aa8a-32fe5d7bae61'}
        Body: {"floatingip": {"floating_network_id": "97c05aae-7ac6-43ab-875f-a1921470dca4", "router_id": "fe25c154-cdce-40d0-a9dc-ff7334678817", "fixed_ip_address": "10.100.0.3", "floating_ip_address": "172.24.4.4", "tenant_id": "f13ed7ffe5bf4615a3c018f8946a8c07", "status": "DOWN", "port_id": "e0abf51a-55ba-4b82-b07d-ff442aebf15d", "id": "54d8171b-e268-4eed-ac0d-6a3c287a5675"}}
2015-12-05 18:11:46,271 20279 INFO     [tempest_lib.common.rest_client] Request (TestNetworkBasicOps:test_connectivity_between_vms_on_different_networks): 200 GET http://10.0.2.15:9696/v2.0/floatingips/54d8171b-e268-4eed-ac0d-6a3c287a5675 0.014s
2015-12-05 18:11:46,271 20279 DEBUG    [tempest_lib.common.rest_client] Request - Headers: {'Content-Type': 'application/json', 'Accept': 'application/json', 'X-Auth-Token': '&lt;omitted&gt;'}
        Body: None
    Response - Headers: {'status': '200', 'content-length': '369', 'content-location': 'http://10.0.2.15:9696/v2.0/floatingips/54d8171b-e268-4eed-ac0d-6a3c287a5675', 'connection': 'close', 'date': 'Sat, 05 Dec 2015 18:11:46 GMT', 'content-type': 'application/json; charset=UTF-8', 'x-openstack-request-id': 'req-c67879bc-641e-4915-811f-2a07e67c730e'}
        Body: {"floatingip": {"floating_network_id": "97c05aae-7ac6-43ab-875f-a1921470dca4", "router_id": "fe25c154-cdce-40d0-a9dc-ff7334678817", "fixed_ip_address": "10.100.0.3", "floating_ip_address": "172.24.4.4", "tenant_id": "f13ed7ffe5bf4615a3c018f8946a8c07", "status": "ACTIVE", "port_id": "e0abf51a-55ba-4b82-b07d-ff442aebf15d", "id": "54d8171b-e268-4eed-ac0d-6a3c287a5675"}}
2015-12-05 18:11:46,272 20279 INFO     [tempest.scenario.manager] FloatingIP: &lt;"FloatingIP" addr="172.24.4.4" id="54d8171b-e268-4eed-ac0d-6a3c287a5675"&gt; is at status: ACTIVE
2015-12-05 18:11:46,272 20279 DEBUG    [tempest.scenario.manager] checking network connections to IP 172.24.4.4 with user: cirros
2015-12-05 18:11:46,272 20279 DEBUG    [tempest.scenario.manager] TestNetworkBasicOps:test_connectivity_between_vms_on_different_networks begins to ping 172.24.4.4 in 120 sec and the expected result is reachable
2015-12-05 18:13:47,609 20279 DEBUG    [tempest.scenario.manager] TestNetworkBasicOps:test_connectivity_between_vms_on_different_networks finishes ping 172.24.4.4 in 120 sec and the ping result is unexpected
2015-12-05 18:13:47,610 20279 ERROR    [tempest.scenario.manager] Public network connectivity check failed
2015-12-05 18:13:47.610 20279 ERROR tempest.scenario.manager Traceback (most recent call last):
2015-12-05 18:13:47.610 20279 ERROR tempest.scenario.manager   File "tempest/scenario/manager.py", line 606, in check_public_network_connectivity
2015-12-05 18:13:47.610 20279 ERROR tempest.scenario.manager     should_connect=should_connect)
2015-12-05 18:13:47.610 20279 ERROR tempest.scenario.manager   File "tempest/scenario/manager.py", line 590, in check_vm_connectivity
2015-12-05 18:13:47.610 20279 ERROR tempest.scenario.manager     msg=msg)
2015-12-05 18:13:47.610 20279 ERROR tempest.scenario.manager   File "/usr/local/lib/python2.7/dist-packages/unittest2/case.py", line 702, in assertTrue
2015-12-05 18:13:47.610 20279 ERROR tempest.scenario.manager     raise self.failureException(msg)
2015-12-05 18:13:47.610 20279 ERROR tempest.scenario.manager AssertionError: False is not true : Timed out waiting for 172.24.4.4 to become reachable
2015-12-05 18:13:47.610 20279 ERROR tempest.scenario.manager 
2015-12-05 18:13:47,813 20279 INFO     [tempest_lib.common.rest_client] Request (TestNetworkBasicOps:test_connectivity_between_vms_on_different_networks): 200 POST http://10.0.2.15:8774/v2.1/f13ed7ffe5bf4615a3c018f8946a8c07/servers/613dc7b5-7d6e-40fe-a3d8-cbd2c40ff090/action 0.198s
2015-12-05 18:13:47,814 20279 DEBUG    [tempest_lib.common.rest_client] Request - Headers: {'Content-Type': 'application/json', 'Accept': 'application/json', 'X-Auth-Token': '&lt;omitted&gt;'}
        Body: {"os-getConsoleOutput": {}}
    Response - Headers: {'status': '200', 'content-length': '17474', 'x-compute-request-id': 'req-a415b928-8fef-422f-a1af-03345abad18c', 'vary': 'X-OpenStack-Nova-API-Version', 'connection': 'close', 'x-openstack-nova-api-version': '2.1', 'date': 'Sat, 05 Dec 2015 18:13:47 GMT', 'content-type': 'application/json'}
        Body: {"output": "[    0.000000] Initializing cgroup subsys cpuset\n[    0.000000] Initializing cgroup subsys cpu\n[    0.000000] Linux version 3.2.0-80-virtual (buildd@batsu) (gcc version 4.6.3 (Ubuntu/Linaro 4.6.3-1ubuntu5) ) #116-Ubuntu SMP Mon Mar 23 17:28:52 UTC 2015 (Ubuntu 3.2.0-80.116-virtual 3.2.68)\n[    0.000000] Command line: root=/dev/vda console=tty0 console=ttyS0 no_timer_check\n[    0.000000] KERNEL supported cpus:\n[    0.000000]   Intel GenuineIntel\n[    0.000000]   AMD AuthenticAMD\n[    0.000000]   Centaur CentaurHauls\n[    0.000000] BIOS-provided physical RAM map:\n[    0.000000]  BIOS-e820: 0000000000000000 - 000000000009fc00 (usable)\n[    0.000000]  BIOS-e820: 000000000009fc00 - 00000000000a0000 (reserved)\n[    0.000000]  BIOS-e820: 00000000000f0000 - 0000000000100000 (reserved)\n[    0.000000]  BIOS-e820: 0000000000100000 - 0000000003ffe000 (usable)\n[    0.000000]  BIOS-e820: 0000000003ffe000 - 0000000004000000 (reserved)\n[    0.000000]  BIOS-e820: 00000000fffc0000 - 0000000100000000 (reserved)\n[    0.000000] NX (Execute Disable) protection: active\n[    0.000000] SMBIOS 2.4 present.\n[    0.000000] No AGP bridge found\n[    0.000000] last_pfn = 0x3ffe max_arch_pfn = 0x400000000\n[    0.000000] x86 PAT enabled: cpu 0, old 0x7040600070406, new 0x7010600070106\n[    0.000000] found SMP MP-table at [ffff8800000f0b00] f0b00\n[    0.000000] init_memory_mapping: 0000000000000000-0000000003ffe000\n[    0.000000] RAMDISK: 03c5e000 - 03ff0000\n[    0.000000] ACPI: RSDP 00000000000f0950 00014 (v00 BOCHS )\n[    0.000000] ACPI: RSDT 0000000003fffbc1 00034 (v01 BOCHS  BXPCRSDT 00000001 BXPC 00000001)\n[    0.000000] ACPI: FACP 0000000003fff1c0 00074 (v01 BOCHS  BXPCFACP 00000001 BXPC 00000001)\n[    0.000000] ACPI: DSDT 0000000003ffe040 01180 (v01 BOCHS  BXPCDSDT 00000001 BXPC 00000001)\n[    0.000000] ACPI: FACS 0000000003ffe000 00040\n[    0.000000] ACPI: SSDT 0000000003fff234 008DD (v01 BOCHS  BXPCSSDT 00000001 BXPC 00000001)\n[    0.000000] ACPI: APIC 0000000003fffb11 00078 (v01 BOCHS  BXPCAPIC 00000001 BXPC 00000001)\n[    0.000000] ACPI: HPET 0000000003fffb89 00038 (v01 BOCHS  BXPCHPET 00000001 BXPC 00000001)\n[    0.000000] No NUMA configuration found\n[    0.000000] Faking a node at 0000000000000000-0000000003ffe000\n[    0.000000] Initmem setup node 0 0000000000000000-0000000003ffe000\n[    0.000000]   NODE_DATA [0000000003ff6000 - 0000000003ffafff]\n[    0.000000] Zone PFN ranges:\n[    0.000000]   DMA      0x00000010 -&gt; 0x00001000\n[    0.000000]   DMA32    0x00001000 -&gt; 0x00100000\n[    0.000000]   Normal   empty\n[    0.000000] Movable zone start PFN for each node\n[    0.000000] early_node_map[2] active PFN ranges\n[    0.000000]     0: 0x00000010 -&gt; 0x0000009f\n[    0.000000]     0: 0x00000100 -&gt; 0x00003ffe\n[    0.000000] ACPI: PM-Timer IO Port: 0xb008\n[    0.000000] ACPI: LAPIC (acpi_id[0x00] lapic_id[0x00] enabled)\n[    0.000000] ACPI: LAPIC_NMI (acpi_id[0xff] dfl dfl lint[0x1])\n[    0.000000] ACPI: IOAPIC (id[0x00] address[0xfec00000] gsi_base[0])\n[    0.000000] IOAPIC[0]: apic_id 0, version 17, address 0xfec00000, GSI 0-23\n[    0.000000] ACPI: INT_SRC_OVR (bus 0 bus_irq 0 global_irq 2 dfl dfl)\n[    0.000000] ACPI: INT_SRC_OVR (bus 0 bus_irq 5 global_irq 5 high level)\n[    0.000000] ACPI: INT_SRC_OVR (bus 0 bus_irq 9 global_irq 9 high level)\n[    0.000000] ACPI: INT_SRC_OVR (bus 0 bus_irq 10 global_irq 10 high level)\n[    0.000000] ACPI: INT_SRC_OVR (bus 0 bus_irq 11 global_irq 11 high level)\n[    0.000000] Using ACPI (MADT) for SMP configuration information\n[    0.000000] ACPI: HPET id: 0x8086a201 base: 0xfed00000\n[    0.000000] SMP: Allowing 1 CPUs, 0 hotplug CPUs\n[    0.000000] PM: Registered nosave memory: 000000000009f000 - 00000000000a0000\n[    0.000000] PM: Registered nosave memory: 00000000000a0000 - 00000000000f0000\n[    0.000000] PM: Registered nosave memory: 00000000000f0000 - 0000000000100000\n[    0.000000] Allocating PCI resources starting at 4000000 (gap: 4000000:fbfc0000)\n[    0.000000] Booting paravirtualized kernel on bare hardware\n[    0.000000] setup_pe
2015-12-05 18:13:47,816 20279 DEBUG    [tempest.scenario.manager] Console output for 613dc7b5-7d6e-40fe-a3d8-cbd2c40ff090
body=
[    0.000000] Initializing cgroup subsys cpuset
[    0.000000] Initializing cgroup subsys cpu
[    0.000000] Linux version 3.2.0-80-virtual (buildd@batsu) (gcc version 4.6.3 (Ubuntu/Linaro 4.6.3-1ubuntu5) ) #116-Ubuntu SMP Mon Mar 23 17:28:52 UTC 2015 (Ubuntu 3.2.0-80.116-virtual 3.2.68)
[    0.000000] Command line: root=/dev/vda console=tty0 console=ttyS0 no_timer_check
[    0.000000] KERNEL supported cpus:
[    0.000000]   Intel GenuineIntel
[    0.000000]   AMD AuthenticAMD
[    0.000000]   Centaur CentaurHauls
[    0.000000] BIOS-provided physical RAM map:
[    0.000000]  BIOS-e820: 0000000000000000 - 000000000009fc00 (usable)
[    0.000000]  BIOS-e820: 000000000009fc00 - 00000000000a0000 (reserved)
[    0.000000]  BIOS-e820: 00000000000f0000 - 0000000000100000 (reserved)
[    0.000000]  BIOS-e820: 0000000000100000 - 0000000003ffe000 (usable)
[    0.000000]  BIOS-e820: 0000000003ffe000 - 0000000004000000 (reserved)
[    0.000000]  BIOS-e820: 00000000fffc0000 - 0000000100000000 (reserved)
[    0.000000] NX (Execute Disable) protection: active
[    0.000000] SMBIOS 2.4 present.
[    0.000000] No AGP bridge found
[    0.000000] last_pfn = 0x3ffe max_arch_pfn = 0x400000000
[    0.000000] x86 PAT enabled: cpu 0, old 0x7040600070406, new 0x7010600070106
[    0.000000] found SMP MP-table at [ffff8800000f0b00] f0b00
[    0.000000] init_memory_mapping: 0000000000000000-0000000003ffe000
[    0.000000] RAMDISK: 03c5e000 - 03ff0000
[    0.000000] ACPI: RSDP 00000000000f0950 00014 (v00 BOCHS )
[    0.000000] ACPI: RSDT 0000000003fffbc1 00034 (v01 BOCHS  BXPCRSDT 00000001 BXPC 00000001)
[    0.000000] ACPI: FACP 0000000003fff1c0 00074 (v01 BOCHS  BXPCFACP 00000001 BXPC 00000001)
[    0.000000] ACPI: DSDT 0000000003ffe040 01180 (v01 BOCHS  BXPCDSDT 00000001 BXPC 00000001)
[    0.000000] ACPI: FACS 0000000003ffe000 00040
[    0.000000] ACPI: SSDT 0000000003fff234 008DD (v01 BOCHS  BXPCSSDT 00000001 BXPC 00000001)
[    0.000000] ACPI: APIC 0000000003fffb11 00078 (v01 BOCHS  BXPCAPIC 00000001 BXPC 00000001)
[    0.000000] ACPI: HPET 0000000003fffb89 00038 (v01 BOCHS  BXPCHPET 00000001 BXPC 00000001)
[    0.000000] No NUMA configuration found
[    0.000000] Faking a node at 0000000000000000-0000000003ffe000
[    0.000000] Initmem setup node 0 0000000000000000-0000000003ffe000
[    0.000000]   NODE_DATA [0000000003ff6000 - 0000000003ffafff]
[    0.000000] Zone PFN ranges:
[    0.000000]   DMA      0x00000010 -&gt; 0x00001000
[    0.000000]   DMA32    0x00001000 -&gt; 0x00100000
[    0.000000]   Normal   empty
[    0.000000] Movable zone start PFN for each node
[    0.000000] early_node_map[2] active PFN ranges
[    0.000000]     0: 0x00000010 -&gt; 0x0000009f
[    0.000000]     0: 0x00000100 -&gt; 0x00003ffe
[    0.000000] ACPI: PM-Timer IO Port: 0xb008
[    0.000000] ACPI: LAPIC (acpi_id[0x00] lapic_id[0x00] enabled)
[    0.000000] ACPI: LAPIC_NMI (acpi_id[0xff] dfl dfl lint[0x1])
[    0.000000] ACPI: IOAPIC (id[0x00] address[0xfec00000] gsi_base[0])
[    0.000000] IOAPIC[0]: apic_id 0, version 17, address 0xfec00000, GSI 0-23
[    0.000000] ACPI: INT_SRC_OVR (bus 0 bus_irq 0 global_irq 2 dfl dfl)
[    0.000000] ACPI: INT_SRC_OVR (bus 0 bus_irq 5 global_irq 5 high level)
[    0.000000] ACPI: INT_SRC_OVR (bus 0 bus_irq 9 global_irq 9 high level)
[    0.000000] ACPI: INT_SRC_OVR (bus 0 bus_irq 10 global_irq 10 high level)
[    0.000000] ACPI: INT_SRC_OVR (bus 0 bus_irq 11 global_irq 11 high level)
[    0.000000] Using ACPI (MADT) for SMP configuration information
[    0.000000] ACPI: HPET id: 0x8086a201 base: 0xfed00000
[    0.000000] SMP: Allowing 1 CPUs, 0 hotplug CPUs
[    0.000000] PM: Registered nosave memory: 000000000009f000 - 00000000000a0000
[    0.000000] PM: Registered nosave memory: 00000000000a0000 - 00000000000f0000
[    0.000000] PM: Registered nosave memory: 00000000000f0000 - 0000000000100000
[    0.000000] Allocating PCI resources starting at 4000000 (gap: 4000000:fbfc0000)
[    0.000000] Booting paravirtualized kernel on bare hardware
[    0.000000] setup_percpu: NR_CPUS:64 nr_cpumask_bits:64 nr_cpu_ids:1 nr_node_ids:1
[    0.000000] PERCPU: Embedded 27 pages/cpu @ffff880003a00000 s78848 r8192 d23552 u2097152
[    0.000000] Built 1 zonelists in Node order, mobility grouping on.  Total pages: 16008
[    0.000000] Policy zone: DMA32
[    0.000000] Kernel command line: root=/dev/vda console=tty0 console=ttyS0 no_timer_check
[    0.000000] PID hash table entries: 256 (order: -1, 2048 bytes)
[    0.000000] Checking aperture...
[    0.000000] No AGP bridge found
[    0.000000] Memory: 43492k/65528k available (6576k kernel code, 452k absent, 21584k reserved, 6620k data, 928k init)
[    0.000000] SLUB: Genslabs=15, HWalign=64, Order=0-3, MinObjects=0, CPUs=1, Nodes=1
[    0.000000] Hierarchical RCU implementation.
[    0.000000] 	RCU dyntick-idle grace-period acceleration is enabled.
[    0.000000] NR_IRQS:4352 nr_irqs:256 16
[    0.000000] Console: colour VGA+ 80x25
[    0.000000] console [tty0] enabled
[    0.000000] console [ttyS0] enabled
[    0.000000] allocated 1048576 bytes of page_cgroup
[    0.000000] please try 'cgroup_disable=memory' option if you don't want memory cgroups
[    0.000000] Fast TSC calibration failed
[    0.000000] TSC: Unable to calibrate against PIT
[    0.000000] TSC: using HPET reference calibration
[    0.000000] Detected 2294.498 MHz processor.
[    0.033314] Calibrating delay loop (skipped), value calculated using timer frequency.. 4588.99 BogoMIPS (lpj=9177992)
[    0.035306] pid_max: default: 32768 minimum: 301
[    0.042370] Security Framework initialized
[    0.046830] AppArmor: AppArmor initialized
[    0.048116] Yama: becoming mindful.
[    0.056717] Dentry cache hash table entries: 8192 (order: 4, 65536 bytes)
[    0.058254] Inode-cache hash table entries: 4096 (order: 3, 32768 bytes)
[    0.060701] Mount-cache hash table entries: 256
[    0.076185] Initializing cgroup subsys cpuacct
[    0.077148] Initializing cgroup subsys memory
[    0.078461] Initializing cgroup subsys devices
[    0.080149] Initializing cgroup subsys freezer
[    0.080825] Initializing cgroup subsys blkio
[    0.081521] Initializing cgroup subsys perf_event
[    0.086058] mce: CPU supports 10 MCE banks
[    0.090033] SMP alternatives: switching to UP code
[    0.486223] Freeing SMP alternatives: 24k freed
[    0.488335] ACPI: Core revision 20110623
[    0.530230] ftrace: allocating 26610 entries in 105 pages
[    0.561722] ..TIMER: vector=0x30 apic1=0 pin1=2 apic2=-1 pin2=-1
[    0.563049] CPU0: AMD QEMU Virtual CPU version 2.0.0 stepping 03
[    0.568034] Performance Events: Broken PMU hardware detected, using software events only.
[    0.575218] NMI watchdog disabled (cpu0): hardware events not enabled
[    0.576875] Brought up 1 CPUs
[    0.577390] Total of 1 processors activated (4588.99 BogoMIPS).
[    0.601272] devtmpfs: initialized
[    0.630175] EVM: security.selinux
[    0.630660] EVM: security.SMACK64
[    0.631144] EVM: security.capability
[    0.650361] print_constraints: dummy: 
[    0.653224] RTC time: 18:11:47, date: 12/05/15
[    0.656764] NET: Registered protocol family 16
[    0.664193] ACPI: bus type pci registered
[    0.668169] PCI: Using configuration type 1 for base access
[    0.696415] bio: create slab &lt;bio-0&gt; at 0
[    0.702170] ACPI: Added _OSI(Module Device)
[    0.702739] ACPI: Added _OSI(Processor Device)
[    0.703410] ACPI: Added _OSI(3.0 _SCP Extensions)
[    0.704092] ACPI: Added _OSI(Processor Aggregator Device)
[    0.798857] ACPI: Interpreter enabled
[    0.799496] ACPI: (supports S0 S3 S4 S5)
[    0.802192] ACPI: Using IOAPIC for interrupt routing
[    0.873984] ACPI: No dock devices found.
[    0.874650] HEST: Table not found.
[    0.875236] PCI: Using host bridge windows from ACPI; if necessary, use "pci=nocrs" and report a bug
[    0.881928] ACPI: PCI Root Bridge [PCI0] (domain 0000 [bus 00-ff])
[    0.887329] pci_root PNP0A03:00: host bridge window [io  0x0000-0x0cf7]
[    0.888175] pci_root PNP0A03:00: host bridge window [io  0x0d00-0xadff]
[    0.888961] pci_root PNP0A03:00: host bridge window [io  0xae0f-0xaeff]
[    0.889854] pci_root PNP0A03:00: host bridge window [io  0xaf20-0xafdf]
[    0.892105] pci_root PNP0A03:00: host bridge window [io  0xafe4-0xffff]
[    0.892919] pci_root PNP0A03:00: host bridge window [mem 0x000a0000-0x000bffff]
[    0.893844] pci_root PNP0A03:00: host bridge window [mem 0x04000000-0xfebfffff]
[    0.916635] pci 0000:00:01.3: quirk: [io  0xb000-0xb03f] claimed by PIIX4 ACPI
[    0.917648] pci 0000:00:01.3: quirk: [io  0xb100-0xb10f] claimed by PIIX4 SMB
[    0.992761]  pci0000:00: Unable to request _OSC control (_OSC support mask: 0x1e)
[    1.052271] ACPI: PCI Interrupt Link [LNKA] (IRQs 5 *10 11)
[    1.057249] ACPI: PCI Interrupt Link [LNKB] (IRQs 5 *10 11)
[    1.061990] ACPI: PCI Interrupt Link [LNKC] (IRQs 5 10 *11)
[    1.068584] ACPI: PCI Interrupt Link [LNKD] (IRQs 5 10 *11)
[    1.069846] ACPI: PCI Interrupt Link [LNKS] (IRQs *9)
[    1.077966] vgaarb: device added: PCI:0000:00:02.0,decodes=io+mem,owns=io+mem,locks=none
[    1.079204] vgaarb: loaded
[    1.080179] vgaarb: bridge control possible 0000:00:02.0
[    1.084984] i2c-core: driver [aat2870] using legacy suspend method
[    1.085655] i2c-core: driver [aat2870] using legacy resume method
[    1.089865] SCSI subsystem initialized
[    1.097460] usbcore: registered new interface driver usbfs
[    1.100995] usbcore: registered new interface driver hub
[    1.103264] usbcore: registered new device driver usb
[    1.108489] PCI: Using ACPI for IRQ routing
[    1.119174] NetLabel: Initializing
[    1.120143] NetLabel:  domain hash size = 128
[    1.120633] NetLabel:  protocols = UNLABELED CIPSOv4
[    1.122856] NetLabel:  unlabeled traffic allowed by default
[    1.125710] HPET: 3 timers in total, 0 timers will be used for per-cpu timer
[    1.126770] hpet0: at MMIO 0xfed00000, IRQs 2, 8, 0
[    1.128517] hpet0: 3 comparators, 64-bit 100.000000 MHz counter
[    1.143337] Switching to clocksource hpet
[    1.379883] AppArmor: AppArmor Filesystem Enabled
[    1.382440] pnp: PnP ACPI init
[    1.383494] ACPI: bus type pnp registered
[    1.415632] pnp: PnP ACPI: found 9 devices
[    1.416228] ACPI: ACPI bus type pnp unregistered
[    1.470642] NET: Registered protocol family 2
[    1.503134] IP route cache hash table entries: 512 (order: 0, 4096 bytes)
[    1.511301] TCP established hash table entries: 2048 (order: 3, 32768 bytes)
[    1.513313] TCP bind hash table entries: 2048 (order: 3, 32768 bytes)
[    1.514222] TCP: Hash tables configured (established 2048 bind 2048)
[    1.515088] TCP reno registered
[    1.515570] UDP hash table entries: 128 (order: 0, 4096 bytes)
[    1.516956] UDP-Lite hash table entries: 128 (order: 0, 4096 bytes)
[    1.519210] NET: Registered protocol family 1
[    1.520030] pci 0000:00:00.0: Limiting direct PCI/PCI transfers
[    1.521373] pci 0000:00:01.0: PIIX3: Enabling Passive Release
[    1.522363] pci 0000:00:01.0: Activating ISA DMA hang workarounds
[    1.526693] ACPI: PCI Interrupt Link [LNKD] enabled at IRQ 11
[    1.527596] pci 0000:00:01.2: PCI INT D -&gt; Link[LNKD] -&gt; GSI 11 (level, high) -&gt; IRQ 11
[    1.530260] pci 0000:00:01.2: PCI INT D disabled
[    1.546801] Trying to unpack rootfs image as initramfs...
[    1.562193] audit: initializing netlink socket (disabled)
[    1.563500] type=2000 audit(1449339107.560:1): initialized
[    1.822074] HugeTLB registered 2 MB page size, pre-allocated 0 pages
[    1.899522] VFS: Disk quotas dquot_6.5.2
[    1.901405] Dquot-cache hash table entries: 512 (order 0, 4096 bytes)
[    1.922463] fuse init (API version 7.17)
[    1.926374] msgmni has been set to 84
[    1.958772] Block layer SCSI generic (bsg) driver version 0.4 loaded (major 253)
[    1.959982] io scheduler noop registered
[    1.961551] io scheduler deadline registered (default)
[    1.962579] io scheduler cfq registered
[    1.966559] pci_hotplug: PCI Hot Plug PCI Core version: 0.5
[    1.968057] pciehp: PCI Express Hot Plug Controller Driver version: 0.4
[    1.974243] input: Power Button as /devices/LNXSYSTM:00/LNXPWRBN:00/input/input0
[    1.975689] ACPI: Power Button [PWRF]
[    2.027920] ERST: Table is not found!
[    2.029342] GHES: HEST is not enabled!
[    2.043546] ACPI: PCI Interrupt Link [LNKC] enabled at IRQ 10
[    2.046050] virtio-pci 0000:00:03.0: PCI INT A -&gt; Link[LNKC] -&gt; GSI 10 (level, high) -&gt; IRQ 10
[    2.051129] virtio-pci 0000:00:04.0: PCI INT A -&gt; Link[LNKD] -&gt; GSI 11 (level, high) -&gt; IRQ 11
[    2.067228] ACPI: PCI Interrupt Link [LNKA] enabled at IRQ 10
[    2.067915] virtio-pci 0000:00:05.0: PCI INT A -&gt; Link[LNKA] -&gt; GSI 10 (level, high) -&gt; IRQ 10
[    2.095326] Serial: 8250/16550 driver, 32 ports, IRQ sharing enabled
[    2.139753] serial8250: ttyS0 at I/O 0x3f8 (irq = 4) is a 16550A
[    2.219130] serial8250: ttyS1 at I/O 0x2f8 (irq = 3) is a 16550A
[    2.337773] 00:05: ttyS0 at I/O 0x3f8 (irq = 4) is a 16550A
[    2.420822] 00:06: ttyS1 at I/O 0x2f8 (irq = 3) is a 16550A
[    2.472050] Linux agpgart interface v0.103
[    2.536262] Refined TSC clocksource calibration: 2294.515 MHz.
[    2.538173] Switching to clocksource tsc
[    2.590703] brd: module loaded
[    2.634633] loop: module loaded
[    2.693944]  vda: unknown partition table
[    2.773241] scsi0 : ata_piix
[    2.781123] scsi1 : ata_piix
[    2.782392] ata1: PATA max MWDMA2 cmd 0x1f0 ctl 0x3f6 bmdma 0xc0a0 irq 14
[    2.783169] ata2: PATA max MWDMA2 cmd 0x170 ctl 0x376 bmdma 0xc0a8 irq 15
[    2.793297] Fixed MDIO Bus: probed
[    2.794223] tun: Universal TUN/TAP device driver, 1.6
[    2.794884] tun: (C) 1999-2004 Max Krasnyansky &lt;maxk@qualcomm.com&gt;
[    2.806535] PPP generic driver version 2.4.2
[    2.827342] ehci_hcd: USB 2.0 'Enhanced' Host Controller (EHCI) Driver
[    2.829164] ohci_hcd: USB 1.1 'Open' Host Controller (OHCI) Driver
[    2.830150] uhci_hcd: USB Universal Host Controller Interface driver
[    2.831120] uhci_hcd 0000:00:01.2: PCI INT D -&gt; Link[LNKD] -&gt; GSI 11 (level, high) -&gt; IRQ 11
[    2.834356] uhci_hcd 0000:00:01.2: UHCI Host Controller
[    2.851251] uhci_hcd 0000:00:01.2: new USB bus registered, assigned bus number 1
[    2.854029] uhci_hcd 0000:00:01.2: irq 11, io base 0x0000c040
[    2.881565] hub 1-0:1.0: USB hub found
[    2.883046] hub 1-0:1.0: 2 ports detected
[    2.891380] usbcore: registered new interface driver libusual
[    2.895578] i8042: PNP: PS/2 Controller [PNP0303:KBD,PNP0f13:MOU] at 0x60,0x64 irq 1,12
[    2.905427] serio: i8042 KBD port at 0x60,0x64 irq 1
[    2.907270] serio: i8042 AUX port at 0x60,0x64 irq 12
[    2.944753] mousedev: PS/2 mouse device common for all mice
[    2.960704] input: AT Translated Set 2 keyboard as /devices/platform/i8042/serio0/input/input1
[    2.965011] rtc_cmos 00:01: RTC can wake from S4
[    2.990499] rtc_cmos 00:01: rtc core: registered rtc_cmos as rtc0
[    2.994275] rtc0: alarms up to one day, 114 bytes nvram, hpet irqs
[    2.997012] device-mapper: uevent: version 1.0.3
[    3.008463] ata2.01: ATAPI: QEMU DVD-ROM, 2.0.0, max UDMA/100
[    3.024049] ata2.01: configured for MWDMA2
[    3.042986] device-mapper: ioctl: 4.22.0-ioctl (2011-10-19) initialised: dm-devel@redhat.com
[    3.046492] cpuidle: using governor ladder
[    3.048644] cpuidle: using governor menu
[    3.050091] EFI Variables Facility v0.08 2004-May-17
[    3.058515] TCP cubic registered
[    3.062858] NET: Registered protocol family 10
[    3.093012] NET: Registered protocol family 17
[    3.094940] Registering the dns_resolver key type
[    3.108047] scsi 1:0:1:0: CD-ROM            QEMU     QEMU DVD-ROM     2.0. PQ: 0 ANSI: 5
[    3.152578] sr0: scsi3-mmc drive: 4x/4x cd/rw xa/form2 tray
[    3.154378] cdrom: Uniform CD-ROM driver Revision: 3.20
[    3.163667] sr 1:0:1:0: Attached scsi generic sg0 type 5
[    3.209571] Freeing initrd memory: 3656k freed
[    3.230447] registered taskstats version 1
[    3.696489]   Magic number: 11:936:189
[    3.710020] acpi device:1b: hash matches
[    3.715558] rtc_cmos 00:01: setting system clock to 2015-12-05 18:11:50 UTC (1449339110)
[    3.721288] powernow-k8: Processor cpuid 663 not supported
[    3.728875] BIOS EDD facility v0.16 2004-Jun-25, 0 devices found
[    3.731368] EDD information not available.
[    3.800153] Freeing unused kernel memory: 928k freed
[    3.806638] Write protecting the kernel read-only data: 12288k
[    3.935975] Freeing unused kernel memory: 1596k freed
[    4.058144] Freeing unused kernel memory: 1184k freed

info: initramfs: up at 4.28
modprobe: module virtio_blk not found in modules.dep
modprobe: module virtio_net not found in modules.dep
info: copying initramfs to /dev/vda
info: initramfs loading root from /dev/vda
info: /etc/init.d/rc.sysinit: up at 9.12
info: container: none
Starting logging: OK
modprobe: module virtio_blk not found in modules.dep
modprobe: module virtio_net not found in modules.dep
WARN: /etc/rc3.d/S10-load-modules failed
Initializing random number generator... done.
Starting acpid: OK
cirros-ds 'local' up at 11.71
found datasource (configdrive, local)
Starting network...
udhcpc (v1.20.1) started
Sending discover...
Sending discover...

2015-12-05 18:13:48,104 20279 INFO     [tempest_lib.common.rest_client] Request (TestNetworkBasicOps:_run_cleanups): 204 DELETE http://10.0.2.15:9696/v2.0/floatingips/54d8171b-e268-4eed-ac0d-6a3c287a5675 0.282s
2015-12-05 18:13:48,105 20279 DEBUG    [tempest_lib.common.rest_client] Request - Headers: {'Content-Type': 'application/json', 'Accept': 'application/json', 'X-Auth-Token': '&lt;omitted&gt;'}
        Body: None
    Response - Headers: {'date': 'Sat, 05 Dec 2015 18:13:48 GMT', 'status': '204', 'connection': 'close', 'content-length': '0', 'x-openstack-request-id': 'req-a6eb3498-8085-4be3-9d48-92ee05e3fde9'}
        Body: 
2015-12-05 18:13:48,331 20279 INFO     [tempest_lib.common.rest_client] Request (TestNetworkBasicOps:_run_cleanups): 204 DELETE http://10.0.2.15:8774/v2.1/f13ed7ffe5bf4615a3c018f8946a8c07/servers/613dc7b5-7d6e-40fe-a3d8-cbd2c40ff090 0.224s
2015-12-05 18:13:48,331 20279 DEBUG    [tempest_lib.common.rest_client] Request - Headers: {'Content-Type': 'application/json', 'Accept': 'application/json', 'X-Auth-Token': '&lt;omitted&gt;'}
        Body: None
    Response - Headers: {'status': '204', 'content-length': '0', 'x-compute-request-id': 'req-8ce26bb8-0b4c-4058-a9fe-131c5101fb88', 'vary': 'X-OpenStack-Nova-API-Version', 'connection': 'close', 'x-openstack-nova-api-version': '2.1', 'date': 'Sat, 05 Dec 2015 18:13:48 GMT', 'content-type': 'application/json'}
        Body: 
2015-12-05 18:13:48,581 20279 INFO     [tempest_lib.common.rest_client] Request (TestNetworkBasicOps:_run_cleanups): 200 GET http://10.0.2.15:8774/v2.1/f13ed7ffe5bf4615a3c018f8946a8c07/servers/613dc7b5-7d6e-40fe-a3d8-cbd2c40ff090 0.249s
2015-12-05 18:13:48,582 20279 DEBUG    [tempest_lib.common.rest_client] Request - Headers: {'Content-Type': 'application/json', 'Accept': 'application/json', 'X-Auth-Token': '&lt;omitted&gt;'}
        Body: None
    Response - Headers: {'status': '200', 'content-length': '1775', 'content-location': 'http://10.0.2.15:8774/v2.1/f13ed7ffe5bf4615a3c018f8946a8c07/servers/613dc7b5-7d6e-40fe-a3d8-cbd2c40ff090', 'x-compute-request-id': 'req-e71b37b4-7738-4381-8bb0-1928cb7ab4a7', 'vary': 'X-OpenStack-Nova-API-Version', 'connection': 'close', 'x-openstack-nova-api-version': '2.1', 'date': 'Sat, 05 Dec 2015 18:13:48 GMT', 'content-type': 'application/json'}
        Body: {"server": {"status": "ACTIVE", "updated": "2015-12-05T18:13:48Z", "hostId": "caed75234bd3efc2c92ef3d715663e5559ef8718ab1ead01f0976a55", "addresses": {"tempest-network-smoke--1735884494": [{"OS-EXT-IPS-MAC:mac_addr": "fa:16:3e:86:b9:f1", "version": 4, "addr": "10.100.0.3", "OS-EXT-IPS:type": "fixed"}, {"OS-EXT-IPS-MAC:mac_addr": "fa:16:3e:86:b9:f1", "version": 4, "addr": "172.24.4.4", "OS-EXT-IPS:type": "floating"}]}, "links": [{"href": "http://10.0.2.15:8774/v2.1/f13ed7ffe5bf4615a3c018f8946a8c07/servers/613dc7b5-7d6e-40fe-a3d8-cbd2c40ff090", "rel": "self"}, {"href": "http://10.0.2.15:8774/f13ed7ffe5bf4615a3c018f8946a8c07/servers/613dc7b5-7d6e-40fe-a3d8-cbd2c40ff090", "rel": "bookmark"}], "key_name": "tempest-TestNetworkBasicOps-87750664", "image": {"id": "35198169-c450-4857-8f30-eed118073c70", "links": [{"href": "http://10.0.2.15:8774/f13ed7ffe5bf4615a3c018f8946a8c07/images/35198169-c450-4857-8f30-eed118073c70", "rel": "bookmark"}]}, "OS-EXT-STS:task_state": "deleting", "OS-EXT-STS:vm_state": "active", "OS-SRV-USG:launched_at": "2015-12-05T18:11:43.000000", "flavor": {"id": "42", "links": [{"href": "http://10.0.2.15:8774/f13ed7ffe5bf4615a3c018f8946a8c07/flavors/42", "rel": "bookmark"}]}, "id": "613dc7b5-7d6e-40fe-a3d8-cbd2c40ff090", "security_groups": [{"name": "tempest-secgroup-smoke-1739833576"}], "OS-SRV-USG:terminated_at": null, "OS-EXT-AZ:availability_zone": "nova", "user_id": "3dbd263cdfc343339a034ddbd1bf3757", "name": "tempest.common.compute-instance-1635493351", "created": "2015-12-05T18:11:40Z", "tenant_id": "f13ed7ffe5bf4615a3c018f8946a8c07", "OS-DCF:diskConfig": "MANUAL", "os-extended-volumes:volumes_attached": [], "accessIPv4": "", "accessIPv6": "", "progress": 0, "OS-EXT-STS:power_state": 1, "config_drive": "True", "metadata": {}}}
2015-12-05 18:13:49,785 20279 INFO     [tempest_lib.common.rest_client] Request (TestNetworkBasicOps:_run_cleanups): 200 GET http://10.0.2.15:8774/v2.1/f13ed7ffe5bf4615a3c018f8946a8c07/servers/613dc7b5-7d6e-40fe-a3d8-cbd2c40ff090 0.189s
2015-12-05 18:13:49,786 20279 DEBUG    [tempest_lib.common.rest_client] Request - Headers: {'Content-Type': 'application/json', 'Accept': 'application/json', 'X-Auth-Token': '&lt;omitted&gt;'}
        Body: None
    Response - Headers: {'status': '200', 'content-length': '1439', 'content-location': 'http://10.0.2.15:8774/v2.1/f13ed7ffe5bf4615a3c018f8946a8c07/servers/613dc7b5-7d6e-40fe-a3d8-cbd2c40ff090', 'x-compute-request-id': 'req-282f3754-7075-44aa-8269-437e50bd2811', 'vary': 'X-OpenStack-Nova-API-Version', 'connection': 'close', 'x-openstack-nova-api-version': '2.1', 'date': 'Sat, 05 Dec 2015 18:13:49 GMT', 'content-type': 'application/json'}
        Body: {"server": {"status": "ACTIVE", "updated": "2015-12-05T18:13:49Z", "hostId": "caed75234bd3efc2c92ef3d715663e5559ef8718ab1ead01f0976a55", "addresses": {}, "links": [{"href": "http://10.0.2.15:8774/v2.1/f13ed7ffe5bf4615a3c018f8946a8c07/servers/613dc7b5-7d6e-40fe-a3d8-cbd2c40ff090", "rel": "self"}, {"href": "http://10.0.2.15:8774/f13ed7ffe5bf4615a3c018f8946a8c07/servers/613dc7b5-7d6e-40fe-a3d8-cbd2c40ff090", "rel": "bookmark"}], "key_name": "tempest-TestNetworkBasicOps-87750664", "image": {"id": "35198169-c450-4857-8f30-eed118073c70", "links": [{"href": "http://10.0.2.15:8774/f13ed7ffe5bf4615a3c018f8946a8c07/images/35198169-c450-4857-8f30-eed118073c70", "rel": "bookmark"}]}, "OS-EXT-STS:task_state": "deleting", "OS-EXT-STS:vm_state": "active", "OS-SRV-USG:launched_at": "2015-12-05T18:11:43.000000", "flavor": {"id": "42", "links": [{"href": "http://10.0.2.15:8774/f13ed7ffe5bf4615a3c018f8946a8c07/flavors/42", "rel": "bookmark"}]}, "id": "613dc7b5-7d6e-40fe-a3d8-cbd2c40ff090", "OS-SRV-USG:terminated_at": null, "OS-EXT-AZ:availability_zone": "nova", "user_id": "3dbd263cdfc343339a034ddbd1bf3757", "name": "tempest.common.compute-instance-1635493351", "created": "2015-12-05T18:11:40Z", "tenant_id": "f13ed7ffe5bf4615a3c018f8946a8c07", "OS-DCF:diskConfig": "MANUAL", "os-extended-volumes:volumes_attached": [], "accessIPv4": "", "accessIPv6": "", "progress": 0, "OS-EXT-STS:power_state": 1, "config_drive": "True", "metadata": {}}}
2015-12-05 18:13:50,883 20279 INFO     [tempest_lib.common.rest_client] Request (TestNetworkBasicOps:_run_cleanups): 404 GET http://10.0.2.15:8774/v2.1/f13ed7ffe5bf4615a3c018f8946a8c07/servers/613dc7b5-7d6e-40fe-a3d8-cbd2c40ff090 0.082s
2015-12-05 18:13:50,884 20279 DEBUG    [tempest_lib.common.rest_client] Request - Headers: {'Content-Type': 'application/json', 'Accept': 'application/json', 'X-Auth-Token': '&lt;omitted&gt;'}
        Body: None
    Response - Headers: {'status': '404', 'content-length': '111', 'x-compute-request-id': 'req-4d707ce9-d5d2-4db4-8de3-4223e03914e6', 'vary': 'X-OpenStack-Nova-API-Version', 'connection': 'close', 'x-openstack-nova-api-version': '2.1', 'date': 'Sat, 05 Dec 2015 18:13:50 GMT', 'content-type': 'application/json; charset=UTF-8'}
        Body: {"itemNotFound": {"message": "Instance 613dc7b5-7d6e-40fe-a3d8-cbd2c40ff090 could not be found.", "code": 404}}
2015-12-05 18:13:50,908 20279 INFO     [tempest_lib.common.rest_client] Request (TestNetworkBasicOps:_run_cleanups): 202 DELETE http://10.0.2.15:8774/v2.1/f13ed7ffe5bf4615a3c018f8946a8c07/os-keypairs/tempest-TestNetworkBasicOps-87750664 0.022s
2015-12-05 18:13:50,908 20279 DEBUG    [tempest_lib.common.rest_client] Request - Headers: {'Content-Type': 'application/json', 'Accept': 'application/json', 'X-Auth-Token': '&lt;omitted&gt;'}
        Body: None
    Response - Headers: {'status': '202', 'content-length': '0', 'x-compute-request-id': 'req-16a738dc-3a29-4fb9-a981-b69d7cee138a', 'vary': 'X-OpenStack-Nova-API-Version', 'connection': 'close', 'x-openstack-nova-api-version': '2.1', 'date': 'Sat, 05 Dec 2015 18:13:50 GMT', 'content-type': 'application/json'}
        Body: 
2015-12-05 18:13:51,340 20279 INFO     [tempest_lib.common.rest_client] Request (TestNetworkBasicOps:_run_cleanups): 200 PUT http://10.0.2.15:9696/v2.0/routers/fe25c154-cdce-40d0-a9dc-ff7334678817/remove_router_interface 0.430s
2015-12-05 18:13:51,341 20279 DEBUG    [tempest_lib.common.rest_client] Request - Headers: {'Content-Type': 'application/json', 'Accept': 'application/json', 'X-Auth-Token': '&lt;omitted&gt;'}
        Body: {"subnet_id": "8f97edc2-bdc0-417b-b9dd-83d54d4070ea"}
    Response - Headers: {'status': '200', 'content-length': '255', 'connection': 'close', 'date': 'Sat, 05 Dec 2015 18:13:51 GMT', 'content-type': 'application/json; charset=UTF-8', 'x-openstack-request-id': 'req-b3b85c08-b83e-42ba-9a69-9bfd5acad3ef'}
        Body: {"subnet_id": "8f97edc2-bdc0-417b-b9dd-83d54d4070ea", "tenant_id": "f13ed7ffe5bf4615a3c018f8946a8c07", "subnet_ids": ["8f97edc2-bdc0-417b-b9dd-83d54d4070ea"], "port_id": "f30b3232-1094-4303-a772-1be5c153ae1c", "id": "fe25c154-cdce-40d0-a9dc-ff7334678817"}
2015-12-05 18:13:51,865 20279 INFO     [tempest_lib.common.rest_client] Request (TestNetworkBasicOps:_run_cleanups): 204 DELETE http://10.0.2.15:9696/v2.0/subnets/8f97edc2-bdc0-417b-b9dd-83d54d4070ea 0.523s
2015-12-05 18:13:51,866 20279 DEBUG    [tempest_lib.common.rest_client] Request - Headers: {'Content-Type': 'application/json', 'Accept': 'application/json', 'X-Auth-Token': '&lt;omitted&gt;'}
        Body: None
    Response - Headers: {'date': 'Sat, 05 Dec 2015 18:13:51 GMT', 'status': '204', 'connection': 'close', 'content-length': '0', 'x-openstack-request-id': 'req-bed7d159-7714-43e4-963b-3ad75aabb7ee'}
        Body: 
2015-12-05 18:13:51,914 20279 INFO     [tempest_lib.common.rest_client] Request (TestNetworkBasicOps:_run_cleanups): 200 GET http://10.0.2.15:9696/v2.0/routers/fe25c154-cdce-40d0-a9dc-ff7334678817 0.048s
2015-12-05 18:13:51,915 20279 DEBUG    [tempest_lib.common.rest_client] Request - Headers: {'Content-Type': 'application/json', 'Accept': 'application/json', 'X-Auth-Token': '&lt;omitted&gt;'}
        Body: None
    Response - Headers: {'status': '200', 'content-length': '563', 'content-location': 'http://10.0.2.15:9696/v2.0/routers/fe25c154-cdce-40d0-a9dc-ff7334678817', 'connection': 'close', 'date': 'Sat, 05 Dec 2015 18:13:51 GMT', 'content-type': 'application/json; charset=UTF-8', 'x-openstack-request-id': 'req-9af8a72e-ed16-4f3f-84d9-06ad361b519f'}
        Body: {"router": {"status": "ACTIVE", "external_gateway_info": {"network_id": "97c05aae-7ac6-43ab-875f-a1921470dca4", "enable_snat": true, "external_fixed_ips": [{"subnet_id": "9ded6c15-3e60-4bfe-ab3a-99f1e526c113", "ip_address": "172.24.4.3"}, {"subnet_id": "6ab77af2-96df-4cef-89b1-2982499a8a7e", "ip_address": "2001:db8::3"}]}, "availability_zone_hints": [], "availability_zones": ["nova"], "name": "tempest-router-smoke-861898041", "admin_state_up": true, "tenant_id": "f13ed7ffe5bf4615a3c018f8946a8c07", "routes": [], "id": "fe25c154-cdce-40d0-a9dc-ff7334678817"}}
2015-12-05 18:13:52,458 20279 INFO     [tempest_lib.common.rest_client] Request (TestNetworkBasicOps:_run_cleanups): 200 PUT http://10.0.2.15:9696/v2.0/routers/fe25c154-cdce-40d0-a9dc-ff7334678817 0.542s
2015-12-05 18:13:52,459 20279 DEBUG    [tempest_lib.common.rest_client] Request - Headers: {'Content-Type': 'application/json', 'Accept': 'application/json', 'X-Auth-Token': '&lt;omitted&gt;'}
        Body: {"router": {"external_gateway_info": {}, "name": "tempest-router-smoke-861898041", "admin_state_up": true}}
    Response - Headers: {'status': '200', 'content-length': '301', 'connection': 'close', 'date': 'Sat, 05 Dec 2015 18:13:52 GMT', 'content-type': 'application/json; charset=UTF-8', 'x-openstack-request-id': 'req-11b69ab8-ee21-4c42-bb81-94791ba7f7ad'}
        Body: {"router": {"status": "ACTIVE", "external_gateway_info": null, "availability_zone_hints": [], "availability_zones": ["nova"], "name": "tempest-router-smoke-861898041", "admin_state_up": true, "tenant_id": "f13ed7ffe5bf4615a3c018f8946a8c07", "routes": [], "id": "fe25c154-cdce-40d0-a9dc-ff7334678817"}}
2015-12-05 18:13:52,683 20279 INFO     [tempest_lib.common.rest_client] Request (TestNetworkBasicOps:_run_cleanups): 204 DELETE http://10.0.2.15:9696/v2.0/routers/fe25c154-cdce-40d0-a9dc-ff7334678817 0.223s
2015-12-05 18:13:52,683 20279 DEBUG    [tempest_lib.common.rest_client] Request - Headers: {'Content-Type': 'application/json', 'Accept': 'application/json', 'X-Auth-Token': '&lt;omitted&gt;'}
        Body: None
    Response - Headers: {'date': 'Sat, 05 Dec 2015 18:13:52 GMT', 'status': '204', 'connection': 'close', 'content-length': '0', 'x-openstack-request-id': 'req-7873f1e0-55cc-45e4-96dc-79651677d1ae'}
        Body: 
2015-12-05 18:13:52,870 20279 INFO     [tempest_lib.common.rest_client] Request (TestNetworkBasicOps:_run_cleanups): 204 DELETE http://10.0.2.15:9696/v2.0/networks/e97f91d3-9476-4863-99ce-5827d110bfa7 0.186s
2015-12-05 18:13:52,870 20279 DEBUG    [tempest_lib.common.rest_client] Request - Headers: {'Content-Type': 'application/json', 'Accept': 'application/json', 'X-Auth-Token': '&lt;omitted&gt;'}
        Body: None
    Response - Headers: {'date': 'Sat, 05 Dec 2015 18:13:52 GMT', 'status': '204', 'connection': 'close', 'content-length': '0', 'x-openstack-request-id': 'req-2e012352-64a8-443c-b141-6148201ea8d0'}
        Body: 
2015-12-05 18:13:52,936 20279 INFO     [tempest_lib.common.rest_client] Request (TestNetworkBasicOps:_run_cleanups): 204 DELETE http://10.0.2.15:9696/v2.0/security-group-rules/6f217c58-510b-4635-a92e-eeaf9441966c 0.065s
2015-12-05 18:13:52,937 20279 DEBUG    [tempest_lib.common.rest_client] Request - Headers: {'Content-Type': 'application/json', 'Accept': 'application/json', 'X-Auth-Token': '&lt;omitted&gt;'}
        Body: None
    Response - Headers: {'date': 'Sat, 05 Dec 2015 18:13:52 GMT', 'status': '204', 'connection': 'close', 'content-length': '0', 'x-openstack-request-id': 'req-c8919dc2-215e-4e98-ba10-de68bbbdd8b5'}
        Body: 
2015-12-05 18:13:53,005 20279 INFO     [tempest_lib.common.rest_client] Request (TestNetworkBasicOps:_run_cleanups): 204 DELETE http://10.0.2.15:9696/v2.0/security-group-rules/1ff97b9e-dab4-478d-94d1-29b9e3b39f36 0.067s
2015-12-05 18:13:53,006 20279 DEBUG    [tempest_lib.common.rest_client] Request - Headers: {'Content-Type': 'application/json', 'Accept': 'application/json', 'X-Auth-Token': '&lt;omitted&gt;'}
        Body: None
    Response - Headers: {'date': 'Sat, 05 Dec 2015 18:13:53 GMT', 'status': '204', 'connection': 'close', 'content-length': '0', 'x-openstack-request-id': 'req-4705bff0-6609-44ba-9301-2027c7e35083'}
        Body: 
2015-12-05 18:13:53,070 20279 INFO     [tempest_lib.common.rest_client] Request (TestNetworkBasicOps:_run_cleanups): 204 DELETE http://10.0.2.15:9696/v2.0/security-group-rules/1d33c148-d588-43e2-a7f6-5bb32d0bc8e5 0.063s
2015-12-05 18:13:53,071 20279 DEBUG    [tempest_lib.common.rest_client] Request - Headers: {'Content-Type': 'application/json', 'Accept': 'application/json', 'X-Auth-Token': '&lt;omitted&gt;'}
        Body: None
    Response - Headers: {'date': 'Sat, 05 Dec 2015 18:13:53 GMT', 'status': '204', 'connection': 'close', 'content-length': '0', 'x-openstack-request-id': 'req-ab667b90-7d40-433f-a35a-071f9757aad1'}
        Body: 
2015-12-05 18:13:53,139 20279 INFO     [tempest_lib.common.rest_client] Request (TestNetworkBasicOps:_run_cleanups): 204 DELETE http://10.0.2.15:9696/v2.0/security-group-rules/3b13a069-0bc9-4630-abb2-52c576fb0bbe 0.067s
2015-12-05 18:13:53,140 20279 DEBUG    [tempest_lib.common.rest_client] Request - Headers: {'Content-Type': 'application/json', 'Accept': 'application/json', 'X-Auth-Token': '&lt;omitted&gt;'}
        Body: None
    Response - Headers: {'date': 'Sat, 05 Dec 2015 18:13:53 GMT', 'status': '204', 'connection': 'close', 'content-length': '0', 'x-openstack-request-id': 'req-e9477299-b2c2-4daf-922a-e0566e060e82'}
        Body: 
2015-12-05 18:13:53,197 20279 INFO     [tempest_lib.common.rest_client] Request (TestNetworkBasicOps:_run_cleanups): 204 DELETE http://10.0.2.15:9696/v2.0/security-group-rules/fadaced8-708d-442d-813b-cdcaa1f60879 0.056s
2015-12-05 18:13:53,197 20279 DEBUG    [tempest_lib.common.rest_client] Request - Headers: {'Content-Type': 'application/json', 'Accept': 'application/json', 'X-Auth-Token': '&lt;omitted&gt;'}
