<?xml version="1.0" encoding="UTF-8"?>
<!DOCTYPE html PUBLIC "-//W3C//DTD XHTML 1.0 Strict//EN"
     "http://www.w3.org/TR/xhtml1/DTD/xhtml1-strict.dtd">
<html xmlns="http://www.w3.org/1999/xhtml">
<head>
    <title>Unit Test Report</title>
    <meta name="generator" content="subunit2html 0.1"/>
    <meta http-equiv="Content-Type" content="text/html; charset=UTF-8"/>
    
<style type="text/css" media="screen">
body        { font-family: verdana, arial, helvetica, sans-serif;
    font-size: 80%; }
table       { font-size: 100%; width: 100%;}
pre         { font-size: 80%; }

/* -- heading -------------------------------------------------------------- */
h1 {
        font-size: 16pt;
        color: gray;
}
.heading {
    margin-top: 0ex;
    margin-bottom: 1ex;
}

.heading .attribute {
    margin-top: 1ex;
    margin-bottom: 0;
}

.heading .description {
    margin-top: 4ex;
    margin-bottom: 6ex;
}

/* -- css div popup -------------------------------------------------------- */
a.popup_link {
}

a.popup_link:hover {
    color: red;
}

.popup_window {
    display: none;
    overflow-x: scroll;
    /*border: solid #627173 1px; */
    padding: 10px;
    background-color: #E6E6D6;
    font-family: "Ubuntu Mono", "Lucida Console", "Courier New", monospace;
    text-align: left;
    font-size: 8pt;
}

}
/* -- report --------------------------------------------------------------- */
#show_detail_line {
    margin-top: 3ex;
    margin-bottom: 1ex;
}
#result_table {
    width: 100%;
    border-collapse: collapse;
    border: 1px solid #777;
}
#header_row {
    font-weight: bold;
    color: white;
    background-color: #777;
}
#result_table td {
    border: 1px solid #777;
    padding: 2px;
}
#total_row  { font-weight: bold; }
.passClass  { background-color: #6c6; }
.failClass  { background-color: #c60; }
.errorClass { background-color: #c00; }
.passCase   { color: #6c6; }
.failCase   { color: #c60; font-weight: bold; }
.errorCase  { color: #c00; font-weight: bold; }
.hiddenRow  { display: none; }
.testcase   { margin-left: 2em; }
td.testname {width: 40%}
td.small {width: 40px}

/* -- ending --------------------------------------------------------------- */
#ending {
}

</style>

</head>
<body>
<script language="javascript" type="text/javascript"><!--
output_list = Array();

/* level - 0:Summary; 1:Failed; 2:All */
function showCase(level) {
    trs = document.getElementsByTagName("tr");
    for (var i = 0; i < trs.length; i++) {
        tr = trs[i];
        id = tr.id;
        if (id.substr(0,2) == 'ft') {
            if (level < 1) {
                tr.className = 'hiddenRow';
            }
            else {
                tr.className = '';
            }
        }
        if (id.substr(0,2) == 'pt') {
            if (level > 1) {
                tr.className = '';
            }
            else {
                tr.className = 'hiddenRow';
            }
        }
    }
}


function showClassDetail(cid, count) {
    var id_list = Array(count);
    var toHide = 1;
    for (var i = 0; i < count; i++) {
        tid0 = 't' + cid.substr(1) + '.' + (i+1);
        tid = 'f' + tid0;
        tr = document.getElementById(tid);
        if (!tr) {
            tid = 'p' + tid0;
            tr = document.getElementById(tid);
        }
        id_list[i] = tid;
        if (tr.className) {
            toHide = 0;
        }
    }
    for (var i = 0; i < count; i++) {
        tid = id_list[i];
        if (toHide) {
            document.getElementById('div_'+tid).style.display = 'none'
            document.getElementById(tid).className = 'hiddenRow';
        }
        else {
            document.getElementById(tid).className = '';
        }
    }
}


function showTestDetail(div_id){
    var details_div = document.getElementById(div_id)
    var displayState = details_div.style.display
    // alert(displayState)
    if (displayState != 'block' ) {
        displayState = 'block'
        details_div.style.display = 'block'
    }
    else {
        details_div.style.display = 'none'
    }
}


function html_escape(s) {
    s = s.replace(/&/g,'&amp;');
    s = s.replace(/</g,'&lt;');
    s = s.replace(/>/g,'&gt;');
    return s;
}

/* obsoleted by detail in <div>
function showOutput(id, name) {
    var w = window.open("", //url
                    name,
                    "resizable,scrollbars,status,width=800,height=450");
    d = w.document;
    d.write("<pre>");
    d.write(html_escape(output_list[id]));
    d.write("\n");
    d.write("<a href='javascript:window.close()'>close</a>\n");
    d.write("</pre>\n");
    d.close();
}
*/
--></script>

<div class='heading'>
<h1>Unit Test Report</h1>

<p class='attribute'><strong>Status:</strong> Pass 1 Failure 7 Skip 1</p>

<p class='description'></p>
</div>



<p id='show_detail_line'>Show
<a href='javascript:showCase(0)'>Summary</a>
<a href='javascript:showCase(1)'>Failed</a>
<a href='javascript:showCase(2)'>All</a>
</p>
<table id='result_table'>
<colgroup>
<col align='left' />
<col align='right' />
<col align='right' />
<col align='right' />
<col align='right' />
<col align='right' />
<col align='right' />
<col align='right' />
</colgroup>
<tr id='header_row'>
    <td>Test Group/Test case</td>
    <td>Count</td>
    <td>Pass</td>
    <td>Fail</td>
    <td>Error</td>
    <td>Skip</td>
    <td>View</td>
    <td> </td>
</tr>

<tr class='failClass'>
    <td class="testname">tempest.scenario.test_network_basic_ops.TestNetworkBasicOps</td>
    <td class="small">9</td>
    <td class="small">1</td>
    <td class="small">7</td>
    <td class="small">0</td>
    <td class="small">1</td>
    <td class="small"><a href="javascript:showClassDetail('c1',9)"
>Detail</a></td>
    <td> </td>
</tr>

<tr id='ft1.1' class='none'>
    <td class='failCase'><div class='testcase'>test_connectivity_between_vms_on_different_networks[compute,id-1546850e-fbaa-42f5-8b5f-03d8a6a95f15,network]</div></td>
    <td colspan='7' align='left'>

    <!--css div popup start-->
    <a class="popup_link" onfocus='this.blur();'
    href="javascript:showTestDetail('div_ft1.1')" >
        fail</a>

    <div id='div_ft1.1' class="popup_window">
        <div style='text-align: right; color:red;cursor:pointer'>
        <a onfocus='this.blur();'
onclick="document.getElementById('div_ft1.1').style.display = 'none' " >
           [x]</a>
        </div>
        <pre>
        
ft1.1: tempest.scenario.test_network_basic_ops.TestNetworkBasicOps.test_connectivity_between_vms_on_different_networks[compute,id-1546850e-fbaa-42f5-8b5f-03d8a6a95f15,network]_StringException: Empty attachments:
  stderr
  stdout

pythonlogging:'': {{{
2015-12-21 07:54:53,304 21670 INFO     [tempest_lib.common.rest_client] Request (TestNetworkBasicOps:test_connectivity_between_vms_on_different_networks): 201 POST http://10.0.2.15:9696/v2.0/security-groups 0.353s
2015-12-21 07:54:53,304 21670 DEBUG    [tempest_lib.common.rest_client] Request - Headers: {'Content-Type': 'application/json', 'Accept': 'application/json', 'X-Auth-Token': '&lt;omitted&gt;'}
        Body: {"security_group": {"tenant_id": "84fd3401968b4a4ab658c8db7ae69a5a", "description": "tempest-secgroup-smoke-775784257 description", "name": "tempest-secgroup-smoke-775784257"}}
    Response - Headers: {'status': '201', 'content-length': '886', 'connection': 'close', 'date': 'Mon, 21 Dec 2015 07:54:53 GMT', 'content-type': 'application/json; charset=UTF-8', 'x-openstack-request-id': 'req-38e350cf-e07d-444d-bedc-83c6a929de86'}
        Body: {"security_group": {"tenant_id": "84fd3401968b4a4ab658c8db7ae69a5a", "description": "tempest-secgroup-smoke-775784257 description", "id": "e8155b3c-69a4-4174-80da-dbf7bcb2bae9", "security_group_rules": [{"remote_group_id": null, "direction": "egress", "remote_ip_prefix": null, "protocol": null, "ethertype": "IPv4", "tenant_id": "84fd3401968b4a4ab658c8db7ae69a5a", "port_range_max": null, "port_range_min": null, "id": "5dae0c57-6e7c-4e25-a70e-e8b82d98cecb", "security_group_id": "e8155b3c-69a4-4174-80da-dbf7bcb2bae9"}, {"remote_group_id": null, "direction": "egress", "remote_ip_prefix": null, "protocol": null, "ethertype": "IPv6", "tenant_id": "84fd3401968b4a4ab658c8db7ae69a5a", "port_range_max": null, "port_range_min": null, "id": "f47c30f2-0d59-4059-8a76-7fb292b1f8b5", "security_group_id": "e8155b3c-69a4-4174-80da-dbf7bcb2bae9"}], "name": "tempest-secgroup-smoke-775784257"}}
2015-12-21 07:54:53,429 21670 INFO     [tempest_lib.common.rest_client] Request (TestNetworkBasicOps:test_connectivity_between_vms_on_different_networks): 201 POST http://10.0.2.15:9696/v2.0/security-group-rules 0.123s
2015-12-21 07:54:53,429 21670 DEBUG    [tempest_lib.common.rest_client] Request - Headers: {'Content-Type': 'application/json', 'Accept': 'application/json', 'X-Auth-Token': '&lt;omitted&gt;'}
        Body: {"security_group_rule": {"direction": "ingress", "protocol": "tcp", "tenant_id": "84fd3401968b4a4ab658c8db7ae69a5a", "port_range_max": 22, "security_group_id": "e8155b3c-69a4-4174-80da-dbf7bcb2bae9", "port_range_min": 22}}
    Response - Headers: {'status': '201', 'content-length': '340', 'connection': 'close', 'date': 'Mon, 21 Dec 2015 07:54:53 GMT', 'content-type': 'application/json; charset=UTF-8', 'x-openstack-request-id': 'req-b2278ee8-3a56-486e-89c6-47bb1faeff59'}
        Body: {"security_group_rule": {"remote_group_id": null, "direction": "ingress", "remote_ip_prefix": null, "protocol": "tcp", "ethertype": "IPv4", "tenant_id": "84fd3401968b4a4ab658c8db7ae69a5a", "port_range_max": 22, "port_range_min": 22, "id": "ff0f4d6f-4bde-459c-aaae-9cac74bb3230", "security_group_id": "e8155b3c-69a4-4174-80da-dbf7bcb2bae9"}}
2015-12-21 07:54:53,543 21670 INFO     [tempest_lib.common.rest_client] Request (TestNetworkBasicOps:test_connectivity_between_vms_on_different_networks): 201 POST http://10.0.2.15:9696/v2.0/security-group-rules 0.113s
2015-12-21 07:54:53,544 21670 DEBUG    [tempest_lib.common.rest_client] Request - Headers: {'Content-Type': 'application/json', 'Accept': 'application/json', 'X-Auth-Token': '&lt;omitted&gt;'}
        Body: {"security_group_rule": {"direction": "egress", "protocol": "tcp", "tenant_id": "84fd3401968b4a4ab658c8db7ae69a5a", "port_range_max": 22, "security_group_id": "e8155b3c-69a4-4174-80da-dbf7bcb2bae9", "port_range_min": 22}}
    Response - Headers: {'status': '201', 'content-length': '339', 'connection': 'close', 'date': 'Mon, 21 Dec 2015 07:54:53 GMT', 'content-type': 'application/json; charset=UTF-8', 'x-openstack-request-id': 'req-563802e6-3783-4a27-8e73-3cb47a69a6b7'}
        Body: {"security_group_rule": {"remote_group_id": null, "direction": "egress", "remote_ip_prefix": null, "protocol": "tcp", "ethertype": "IPv4", "tenant_id": "84fd3401968b4a4ab658c8db7ae69a5a", "port_range_max": 22, "port_range_min": 22, "id": "e99b7071-eb6c-419d-b1c0-5d9330ef18a1", "security_group_id": "e8155b3c-69a4-4174-80da-dbf7bcb2bae9"}}
2015-12-21 07:54:53,661 21670 INFO     [tempest_lib.common.rest_client] Request (TestNetworkBasicOps:test_connectivity_between_vms_on_different_networks): 201 POST http://10.0.2.15:9696/v2.0/security-group-rules 0.115s
2015-12-21 07:54:53,661 21670 DEBUG    [tempest_lib.common.rest_client] Request - Headers: {'Content-Type': 'application/json', 'Accept': 'application/json', 'X-Auth-Token': '&lt;omitted&gt;'}
        Body: {"security_group_rule": {"tenant_id": "84fd3401968b4a4ab658c8db7ae69a5a", "direction": "ingress", "protocol": "icmp", "security_group_id": "e8155b3c-69a4-4174-80da-dbf7bcb2bae9"}}
    Response - Headers: {'status': '201', 'content-length': '345', 'connection': 'close', 'date': 'Mon, 21 Dec 2015 07:54:53 GMT', 'content-type': 'application/json; charset=UTF-8', 'x-openstack-request-id': 'req-9987205d-2bd5-4b23-b39a-0bf72c3c67b1'}
        Body: {"security_group_rule": {"remote_group_id": null, "direction": "ingress", "remote_ip_prefix": null, "protocol": "icmp", "ethertype": "IPv4", "tenant_id": "84fd3401968b4a4ab658c8db7ae69a5a", "port_range_max": null, "port_range_min": null, "id": "f3cd919f-d98b-4507-8b6f-22cdd992911f", "security_group_id": "e8155b3c-69a4-4174-80da-dbf7bcb2bae9"}}
2015-12-21 07:54:53,781 21670 INFO     [tempest_lib.common.rest_client] Request (TestNetworkBasicOps:test_connectivity_between_vms_on_different_networks): 201 POST http://10.0.2.15:9696/v2.0/security-group-rules 0.118s
2015-12-21 07:54:53,782 21670 DEBUG    [tempest_lib.common.rest_client] Request - Headers: {'Content-Type': 'application/json', 'Accept': 'application/json', 'X-Auth-Token': '&lt;omitted&gt;'}
        Body: {"security_group_rule": {"tenant_id": "84fd3401968b4a4ab658c8db7ae69a5a", "direction": "egress", "protocol": "icmp", "security_group_id": "e8155b3c-69a4-4174-80da-dbf7bcb2bae9"}}
    Response - Headers: {'status': '201', 'content-length': '344', 'connection': 'close', 'date': 'Mon, 21 Dec 2015 07:54:53 GMT', 'content-type': 'application/json; charset=UTF-8', 'x-openstack-request-id': 'req-4e9b32ad-e50e-4ab2-97a6-423446932d88'}
        Body: {"security_group_rule": {"remote_group_id": null, "direction": "egress", "remote_ip_prefix": null, "protocol": "icmp", "ethertype": "IPv4", "tenant_id": "84fd3401968b4a4ab658c8db7ae69a5a", "port_range_max": null, "port_range_min": null, "id": "2e36f242-56b4-4169-8c9f-34c27d8c7f98", "security_group_id": "e8155b3c-69a4-4174-80da-dbf7bcb2bae9"}}
2015-12-21 07:54:53,907 21670 INFO     [tempest_lib.common.rest_client] Request (TestNetworkBasicOps:test_connectivity_between_vms_on_different_networks): 201 POST http://10.0.2.15:9696/v2.0/security-group-rules 0.124s
2015-12-21 07:54:53,908 21670 DEBUG    [tempest_lib.common.rest_client] Request - Headers: {'Content-Type': 'application/json', 'Accept': 'application/json', 'X-Auth-Token': '&lt;omitted&gt;'}
        Body: {"security_group_rule": {"tenant_id": "84fd3401968b4a4ab658c8db7ae69a5a", "direction": "ingress", "security_group_id": "e8155b3c-69a4-4174-80da-dbf7bcb2bae9", "protocol": "icmp", "ethertype": "IPv6"}}
    Response - Headers: {'status': '201', 'content-length': '345', 'connection': 'close', 'date': 'Mon, 21 Dec 2015 07:54:53 GMT', 'content-type': 'application/json; charset=UTF-8', 'x-openstack-request-id': 'req-4db3efef-173b-4da9-a9f5-e26dedcb8c24'}
        Body: {"security_group_rule": {"remote_group_id": null, "direction": "ingress", "remote_ip_prefix": null, "protocol": "icmp", "ethertype": "IPv6", "tenant_id": "84fd3401968b4a4ab658c8db7ae69a5a", "port_range_max": null, "port_range_min": null, "id": "e7f3d0dc-6989-4dcb-9807-731fa9c0e8a8", "security_group_id": "e8155b3c-69a4-4174-80da-dbf7bcb2bae9"}}
2015-12-21 07:54:54,030 21670 INFO     [tempest_lib.common.rest_client] Request (TestNetworkBasicOps:test_connectivity_between_vms_on_different_networks): 201 POST http://10.0.2.15:9696/v2.0/security-group-rules 0.121s
2015-12-21 07:54:54,031 21670 DEBUG    [tempest_lib.common.rest_client] Request - Headers: {'Content-Type': 'application/json', 'Accept': 'application/json', 'X-Auth-Token': '&lt;omitted&gt;'}
        Body: {"security_group_rule": {"tenant_id": "84fd3401968b4a4ab658c8db7ae69a5a", "direction": "egress", "security_group_id": "e8155b3c-69a4-4174-80da-dbf7bcb2bae9", "protocol": "icmp", "ethertype": "IPv6"}}
    Response - Headers: {'status': '201', 'content-length': '344', 'connection': 'close', 'date': 'Mon, 21 Dec 2015 07:54:54 GMT', 'content-type': 'application/json; charset=UTF-8', 'x-openstack-request-id': 'req-d2724981-bbb0-472b-86d7-2938dc5df6fe'}
        Body: {"security_group_rule": {"remote_group_id": null, "direction": "egress", "remote_ip_prefix": null, "protocol": "icmp", "ethertype": "IPv6", "tenant_id": "84fd3401968b4a4ab658c8db7ae69a5a", "port_range_max": null, "port_range_min": null, "id": "edb181d9-d211-4aa9-bb96-eb59ace73ebb", "security_group_id": "e8155b3c-69a4-4174-80da-dbf7bcb2bae9"}}
2015-12-21 07:54:54,207 21670 INFO     [tempest_lib.common.rest_client] Request (TestNetworkBasicOps:test_connectivity_between_vms_on_different_networks): 201 POST http://10.0.2.15:9696/v2.0/networks 0.174s
2015-12-21 07:54:54,208 21670 DEBUG    [tempest_lib.common.rest_client] Request - Headers: {'Content-Type': 'application/json', 'Accept': 'application/json', 'X-Auth-Token': '&lt;omitted&gt;'}
        Body: {"network": {"tenant_id": "84fd3401968b4a4ab658c8db7ae69a5a", "name": "tempest-network-smoke--341519301"}}
    Response - Headers: {'status': '201', 'content-length': '328', 'connection': 'close', 'date': 'Mon, 21 Dec 2015 07:54:54 GMT', 'content-type': 'application/json; charset=UTF-8', 'x-openstack-request-id': 'req-e83a9474-1831-4b3c-99ff-d862be942beb'}
        Body: {"network": {"status": "ACTIVE", "subnets": [], "availability_zone_hints": "[]", "name": "tempest-network-smoke--341519301", "admin_state_up": true, "tenant_id": "84fd3401968b4a4ab658c8db7ae69a5a", "mtu": 0, "router:external": false, "shared": false, "port_security_enabled": true, "id": "85266357-0e0c-46d6-bc57-9882fe00b7ab"}}
2015-12-21 07:54:54,405 21670 INFO     [tempest_lib.common.rest_client] Request (TestNetworkBasicOps:test_connectivity_between_vms_on_different_networks): 201 POST http://10.0.2.15:9696/v2.0/routers 0.196s
2015-12-21 07:54:54,405 21670 DEBUG    [tempest_lib.common.rest_client] Request - Headers: {'Content-Type': 'application/json', 'Accept': 'application/json', 'X-Auth-Token': '&lt;omitted&gt;'}
        Body: {"router": {"tenant_id": "84fd3401968b4a4ab658c8db7ae69a5a", "name": "tempest-router-smoke-822888641", "admin_state_up": true}}
    Response - Headers: {'status': '201', 'content-length': '295', 'connection': 'close', 'date': 'Mon, 21 Dec 2015 07:54:54 GMT', 'content-type': 'application/json; charset=UTF-8', 'x-openstack-request-id': 'req-bf1d8748-5b69-4569-a4b0-69e7cfd0d75a'}
        Body: {"router": {"status": "ACTIVE", "external_gateway_info": null, "availability_zone_hints": [], "availability_zones": [], "name": "tempest-router-smoke-822888641", "admin_state_up": true, "tenant_id": "84fd3401968b4a4ab658c8db7ae69a5a", "routes": [], "id": "0092d4b3-aa0e-495d-a023-c994ed1d8e72"}}
2015-12-21 07:54:54,467 21670 INFO     [tempest_lib.common.rest_client] Request (TestNetworkBasicOps:test_connectivity_between_vms_on_different_networks): 200 GET http://10.0.2.15:9696/v2.0/routers/0092d4b3-aa0e-495d-a023-c994ed1d8e72 0.061s
2015-12-21 07:54:54,468 21670 DEBUG    [tempest_lib.common.rest_client] Request - Headers: {'Content-Type': 'application/json', 'Accept': 'application/json', 'X-Auth-Token': '&lt;omitted&gt;'}
        Body: None
    Response - Headers: {'status': '200', 'content-length': '295', 'content-location': 'http://10.0.2.15:9696/v2.0/routers/0092d4b3-aa0e-495d-a023-c994ed1d8e72', 'connection': 'close', 'date': 'Mon, 21 Dec 2015 07:54:54 GMT', 'content-type': 'application/json; charset=UTF-8', 'x-openstack-request-id': 'req-6ca74a6e-b8e6-48c9-b103-05a3d4757a17'}
        Body: {"router": {"status": "ACTIVE", "external_gateway_info": null, "availability_zone_hints": [], "availability_zones": [], "name": "tempest-router-smoke-822888641", "admin_state_up": true, "tenant_id": "84fd3401968b4a4ab658c8db7ae69a5a", "routes": [], "id": "0092d4b3-aa0e-495d-a023-c994ed1d8e72"}}
2015-12-21 07:54:55,167 21670 INFO     [tempest_lib.common.rest_client] Request (TestNetworkBasicOps:test_connectivity_between_vms_on_different_networks): 200 PUT http://10.0.2.15:9696/v2.0/routers/0092d4b3-aa0e-495d-a023-c994ed1d8e72 0.698s
2015-12-21 07:54:55,167 21670 DEBUG    [tempest_lib.common.rest_client] Request - Headers: {'Content-Type': 'application/json', 'Accept': 'application/json', 'X-Auth-Token': '&lt;omitted&gt;'}
        Body: {"router": {"external_gateway_info": {"network_id": "8f5e723a-ccdb-4e64-8b10-f8b09fbd5402"}, "name": "tempest-router-smoke-822888641", "admin_state_up": true}}
    Response - Headers: {'status': '200', 'content-length': '557', 'connection': 'close', 'date': 'Mon, 21 Dec 2015 07:54:55 GMT', 'content-type': 'application/json; charset=UTF-8', 'x-openstack-request-id': 'req-218acc82-7e5b-4e2c-a845-7279d3e43e71'}
        Body: {"router": {"status": "ACTIVE", "external_gateway_info": {"network_id": "8f5e723a-ccdb-4e64-8b10-f8b09fbd5402", "enable_snat": true, "external_fixed_ips": [{"subnet_id": "b11c5f0b-43eb-4b93-b9e5-68e0b4f0d2e2", "ip_address": "172.24.4.3"}, {"subnet_id": "9da425d5-5210-4a87-b3c2-510730ebffd6", "ip_address": "2001:db8::4"}]}, "availability_zone_hints": [], "availability_zones": [], "name": "tempest-router-smoke-822888641", "admin_state_up": true, "tenant_id": "84fd3401968b4a4ab658c8db7ae69a5a", "routes": [], "id": "0092d4b3-aa0e-495d-a023-c994ed1d8e72"}}
2015-12-21 07:54:55,322 21670 INFO     [tempest_lib.common.rest_client] Request (TestNetworkBasicOps:test_connectivity_between_vms_on_different_networks): 200 GET http://10.0.2.15:9696/v2.0/subnets?tenant_id=84fd3401968b4a4ab658c8db7ae69a5a&amp;cidr=10.100.0.0%2F28 0.153s
2015-12-21 07:54:55,322 21670 DEBUG    [tempest_lib.common.rest_client] Request - Headers: {'Content-Type': 'application/json', 'Accept': 'application/json', 'X-Auth-Token': '&lt;omitted&gt;'}
        Body: None
    Response - Headers: {'status': '200', 'content-length': '15', 'content-location': 'http://10.0.2.15:9696/v2.0/subnets?tenant_id=84fd3401968b4a4ab658c8db7ae69a5a&amp;cidr=10.100.0.0%2F28', 'connection': 'close', 'date': 'Mon, 21 Dec 2015 07:54:55 GMT', 'content-type': 'application/json; charset=UTF-8', 'x-openstack-request-id': 'req-f15ebde0-b85f-47db-bd37-b5cb8bebf54b'}
        Body: {"subnets": []}
2015-12-21 07:54:55,756 21670 INFO     [tempest_lib.common.rest_client] Request (TestNetworkBasicOps:test_connectivity_between_vms_on_different_networks): 201 POST http://10.0.2.15:9696/v2.0/subnets 0.433s
2015-12-21 07:54:55,756 21670 DEBUG    [tempest_lib.common.rest_client] Request - Headers: {'Content-Type': 'application/json', 'Accept': 'application/json', 'X-Auth-Token': '&lt;omitted&gt;'}
        Body: {"subnet": {"ip_version": 4, "tenant_id": "84fd3401968b4a4ab658c8db7ae69a5a", "cidr": "10.100.0.0/28", "network_id": "85266357-0e0c-46d6-bc57-9882fe00b7ab", "name": "tempest-subnet-smoke-1903125302"}}
    Response - Headers: {'status': '201', 'content-length': '478', 'connection': 'close', 'date': 'Mon, 21 Dec 2015 07:54:55 GMT', 'content-type': 'application/json; charset=UTF-8', 'x-openstack-request-id': 'req-ca84068d-5ecb-44fe-bd27-7f8b0cb649fe'}
        Body: {"subnet": {"name": "tempest-subnet-smoke-1903125302", "enable_dhcp": true, "network_id": "85266357-0e0c-46d6-bc57-9882fe00b7ab", "tenant_id": "84fd3401968b4a4ab658c8db7ae69a5a", "dns_nameservers": [], "gateway_ip": "10.100.0.1", "ipv6_ra_mode": null, "allocation_pools": [{"start": "10.100.0.2", "end": "10.100.0.14"}], "host_routes": [], "ip_version": 4, "ipv6_address_mode": null, "cidr": "10.100.0.0/28", "id": "98a8bc88-bb03-4a62-bd69-761e0ab0c32b", "subnetpool_id": null}}
2015-12-21 07:54:56,406 21670 INFO     [tempest_lib.common.rest_client] Request (TestNetworkBasicOps:test_connectivity_between_vms_on_different_networks): 200 PUT http://10.0.2.15:9696/v2.0/routers/0092d4b3-aa0e-495d-a023-c994ed1d8e72/add_router_interface 0.649s
2015-12-21 07:54:56,406 21670 DEBUG    [tempest_lib.common.rest_client] Request - Headers: {'Content-Type': 'application/json', 'Accept': 'application/json', 'X-Auth-Token': '&lt;omitted&gt;'}
        Body: {"subnet_id": "98a8bc88-bb03-4a62-bd69-761e0ab0c32b"}
    Response - Headers: {'status': '200', 'content-length': '255', 'connection': 'close', 'date': 'Mon, 21 Dec 2015 07:54:56 GMT', 'content-type': 'application/json; charset=UTF-8', 'x-openstack-request-id': 'req-6b920707-3f60-47a9-bdb0-8923b6f9f91d'}
        Body: {"subnet_id": "98a8bc88-bb03-4a62-bd69-761e0ab0c32b", "tenant_id": "84fd3401968b4a4ab658c8db7ae69a5a", "subnet_ids": ["98a8bc88-bb03-4a62-bd69-761e0ab0c32b"], "port_id": "e9bfdea6-6feb-4a2d-b519-b4230ada9a8d", "id": "0092d4b3-aa0e-495d-a023-c994ed1d8e72"}
2015-12-21 07:54:56,598 21670 INFO     [tempest_lib.common.rest_client] Request (TestNetworkBasicOps:test_connectivity_between_vms_on_different_networks): 200 GET http://10.0.2.15:9696/v2.0/networks 0.191s
2015-12-21 07:54:56,599 21670 DEBUG    [tempest_lib.common.rest_client] Request - Headers: {'Content-Type': 'application/json', 'Accept': 'application/json', 'X-Auth-Token': '&lt;omitted&gt;'}
        Body: None
    Response - Headers: {'status': '200', 'content-length': '1506', 'content-location': 'http://10.0.2.15:9696/v2.0/networks', 'connection': 'close', 'date': 'Mon, 21 Dec 2015 07:54:56 GMT', 'content-type': 'application/json; charset=UTF-8', 'x-openstack-request-id': 'req-bde2de35-2f86-4a7d-8c60-bd0314575d83'}
        Body: {"networks": [{"status": "ACTIVE", "subnets": ["b11c5f0b-43eb-4b93-b9e5-68e0b4f0d2e2", "9da425d5-5210-4a87-b3c2-510730ebffd6"], "availability_zone_hints": [], "availability_zones": ["nova"], "name": "public", "provider:physical_network": null, "admin_state_up": true, "tenant_id": "e98a1c9b0f2f49bda235815421558075", "mtu": 0, "router:external": true, "shared": false, "port_security_enabled": true, "provider:network_type": "vxlan", "id": "8f5e723a-ccdb-4e64-8b10-f8b09fbd5402", "provider:segmentation_id": 1024}, {"status": "ACTIVE", "subnets": ["925b6580-97e5-4592-aa6b-af4bcf165e20", "0f152b15-4453-4a5a-bb40-2deb8ac7057f"], "availability_zone_hints": [], "availability_zones": ["nova"], "name": "private", "provider:physical_network": null, "admin_state_up": true, "tenant_id": "53abbd1380014405b027b4985a1da79a", "mtu": 0, "router:external": false, "shared": false, "port_security_enabled": true, "provider:network_type": "vxlan", "id": "a1d8d791-e5e6-483e-a3de-38a39cd6cf0d", "provider:segmentation_id": 1026}, {"status": "ACTIVE", "subnets": ["98a8bc88-bb03-4a62-bd69-761e0ab0c32b"], "availability_zone_hints": [], "availability_zones": ["nova"], "name": "tempest-network-smoke--341519301", "provider:physical_network": null, "admin_state_up": true, "tenant_id": "84fd3401968b4a4ab658c8db7ae69a5a", "mtu": 0, "router:external": false, "shared": false, "port_security_enabled": true, "provider:network_type": "vxlan", "id": "85266357-0e0c-46d6-bc57-9882fe00b7ab", "provider:segmentation_id": 1043}]}
2015-12-21 07:54:56,653 21670 INFO     [tempest_lib.common.rest_client] Request (TestNetworkBasicOps:test_connectivity_between_vms_on_different_networks): 200 GET http://10.0.2.15:9696/v2.0/subnets 0.054s
2015-12-21 07:54:56,654 21670 DEBUG    [tempest_lib.common.rest_client] Request - Headers: {'Content-Type': 'application/json', 'Accept': 'application/json', 'X-Auth-Token': '&lt;omitted&gt;'}
        Body: None
    Response - Headers: {'status': '200', 'content-length': '2408', 'content-location': 'http://10.0.2.15:9696/v2.0/subnets', 'connection': 'close', 'date': 'Mon, 21 Dec 2015 07:54:56 GMT', 'content-type': 'application/json; charset=UTF-8', 'x-openstack-request-id': 'req-4c03ff97-1891-4ed0-b52f-9e9b672beb79'}
        Body: {"subnets": [{"name": "ipv6-public-subnet", "enable_dhcp": false, "network_id": "8f5e723a-ccdb-4e64-8b10-f8b09fbd5402", "tenant_id": "e98a1c9b0f2f49bda235815421558075", "dns_nameservers": [], "gateway_ip": "2001:db8::2", "ipv6_ra_mode": null, "allocation_pools": [{"start": "2001:db8::3", "end": "2001:db8::ffff:ffff:ffff:ffff"}, {"start": "2001:db8::1", "end": "2001:db8::1"}], "host_routes": [], "ip_version": 6, "ipv6_address_mode": null, "cidr": "2001:db8::/64", "id": "9da425d5-5210-4a87-b3c2-510730ebffd6", "subnetpool_id": null}, {"name": "tempest-subnet-smoke-1903125302", "enable_dhcp": true, "network_id": "85266357-0e0c-46d6-bc57-9882fe00b7ab", "tenant_id": "84fd3401968b4a4ab658c8db7ae69a5a", "dns_nameservers": [], "gateway_ip": "10.100.0.1", "ipv6_ra_mode": null, "allocation_pools": [{"start": "10.100.0.2", "end": "10.100.0.14"}], "host_routes": [], "ip_version": 4, "ipv6_address_mode": null, "cidr": "10.100.0.0/28", "id": "98a8bc88-bb03-4a62-bd69-761e0ab0c32b", "subnetpool_id": null}, {"name": "private-subnet", "enable_dhcp": true, "network_id": "a1d8d791-e5e6-483e-a3de-38a39cd6cf0d", "tenant_id": "53abbd1380014405b027b4985a1da79a", "dns_nameservers": [], "gateway_ip": "10.0.0.1", "ipv6_ra_mode": null, "allocation_pools": [{"start": "10.0.0.2", "end": "10.0.0.254"}], "host_routes": [], "ip_version": 4, "ipv6_address_mode": null, "cidr": "10.0.0.0/24", "id": "925b6580-97e5-4592-aa6b-af4bcf165e20", "subnetpool_id": null}, {"name": "public-subnet", "enable_dhcp": false, "network_id": "8f5e723a-ccdb-4e64-8b10-f8b09fbd5402", "tenant_id": "e98a1c9b0f2f49bda235815421558075", "dns_nameservers": [], "gateway_ip": "172.24.4.1", "ipv6_ra_mode": null, "allocation_pools": [{"start": "172.24.4.2", "end": "172.24.4.254"}], "host_routes": [], "ip_version": 4, "ipv6_address_mode": null, "cidr": "172.24.4.0/24", "id": "b11c5f0b-43eb-4b93-b9e5-68e0b4f0d2e2", "subnetpool_id": null}, {"name": "ipv6-private-subnet", "enable_dhcp": true, "network_id": "a1d8d791-e5e6-483e-a3de-38a39cd6cf0d", "tenant_id": "53abbd1380014405b027b4985a1da79a", "dns_nameservers": [], "gateway_ip": "fd10:3928:a208::1", "ipv6_ra_mode": "slaac", "allocation_pools": [{"start": "fd10:3928:a208::2", "end": "fd10:3928:a208:0:ffff:ffff:ffff:ffff"}], "host_routes": [], "ip_version": 6, "ipv6_address_mode": "slaac", "cidr": "fd10:3928:a208::/64", "id": "0f152b15-4453-4a5a-bb40-2deb8ac7057f", "subnetpool_id": null}]}
2015-12-21 07:54:56,707 21670 INFO     [tempest_lib.common.rest_client] Request (TestNetworkBasicOps:test_connectivity_between_vms_on_different_networks): 200 GET http://10.0.2.15:9696/v2.0/routers 0.052s
2015-12-21 07:54:56,708 21670 DEBUG    [tempest_lib.common.rest_client] Request - Headers: {'Content-Type': 'application/json', 'Accept': 'application/json', 'X-Auth-Token': '&lt;omitted&gt;'}
        Body: None
    Response - Headers: {'status': '200', 'content-length': '1166', 'content-location': 'http://10.0.2.15:9696/v2.0/routers', 'connection': 'close', 'date': 'Mon, 21 Dec 2015 07:54:56 GMT', 'content-type': 'application/json; charset=UTF-8', 'x-openstack-request-id': 'req-f64b3229-d6c7-475f-8325-b14eadb9ef9b'}
        Body: {"routers": [{"status": "ACTIVE", "external_gateway_info": {"network_id": "8f5e723a-ccdb-4e64-8b10-f8b09fbd5402", "enable_snat": true, "external_fixed_ips": [{"subnet_id": "b11c5f0b-43eb-4b93-b9e5-68e0b4f0d2e2", "ip_address": "172.24.4.3"}, {"subnet_id": "9da425d5-5210-4a87-b3c2-510730ebffd6", "ip_address": "2001:db8::4"}]}, "availability_zone_hints": [], "availability_zones": ["nova"], "name": "tempest-router-smoke-822888641", "admin_state_up": true, "tenant_id": "84fd3401968b4a4ab658c8db7ae69a5a", "distributed": false, "routes": [], "ha": false, "id": "0092d4b3-aa0e-495d-a023-c994ed1d8e72"}, {"status": "ACTIVE", "external_gateway_info": {"network_id": "8f5e723a-ccdb-4e64-8b10-f8b09fbd5402", "enable_snat": true, "external_fixed_ips": [{"subnet_id": "b11c5f0b-43eb-4b93-b9e5-68e0b4f0d2e2", "ip_address": "172.24.4.2"}, {"subnet_id": "9da425d5-5210-4a87-b3c2-510730ebffd6", "ip_address": "2001:db8::3"}]}, "availability_zone_hints": [], "availability_zones": ["nova"], "name": "router1", "admin_state_up": true, "tenant_id": "53abbd1380014405b027b4985a1da79a", "distributed": false, "routes": [], "ha": false, "id": "7dcbf0e4-6e0b-4c5d-a791-2235c757eaec"}]}
2015-12-21 07:54:57,149 21670 INFO     [tempest_lib.common.rest_client] Request (TestNetworkBasicOps:test_connectivity_between_vms_on_different_networks): 200 POST http://10.0.2.15:8774/v2.1/84fd3401968b4a4ab658c8db7ae69a5a/os-keypairs 0.440s
2015-12-21 07:54:57,150 21670 DEBUG    [tempest_lib.common.rest_client] Request - Headers: {'Content-Type': 'application/json', 'Accept': 'application/json', 'X-Auth-Token': '&lt;omitted&gt;'}
        Body: {"keypair": {"name": "tempest-TestNetworkBasicOps-454309221"}}
    Response - Headers: {'status': '200', 'content-length': '2320', 'x-compute-request-id': 'req-2fdfe00c-a4f3-4d07-a14f-cd8355ea5e82', 'vary': 'X-OpenStack-Nova-API-Version', 'connection': 'close', 'x-openstack-nova-api-version': '2.1', 'date': 'Mon, 21 Dec 2015 07:54:57 GMT', 'content-type': 'application/json'}
        Body: {"keypair": {"public_key": "ssh-rsa AAAAB3NzaC1yc2EAAAADAQABAAABAQC/M1wEEzayQY7gAoS3xF5ei5C6i+Hk3qw/aqvKQLBvS5bGYV8DkdQ5qsfnaKmX3D8wDCX32qcfMxLHw4aYCHdb85e9VTowHNeX7JELvDnpPCkXEeWcV3Q9yEzAK+46LHilw0hoQgoFpApxYuTRdtd/KynEmZrrXo7Z/HPPco9yAXE3uKJrAQrhBb9S41PwhNTZ0XTEt9RV9y3qW6iQ7uB+2t+sjysuYBVUXBxE8Gq2rHXg5uoRwGvSQDWsj4/BKLVlAkp9Ur3oM5pJMlAzPTGX08DvcR95PoaRpy6a4/qWnxLkmL4rsqI4I2Mn7Yf/frFuW6Ab+Lfiz4PeHYAVMTa9 Generated-by-Nova", "private_key": "-----BEGIN RSA PRIVATE KEY-----\nMIIEqAIBAAKCAQEAvzNcBBM2skGO4AKEt8ReXouQuovh5N6sP2qrykCwb0uWxmFf\nA5HUOarH52ipl9w/MAwl99qnHzMSx8OGmAh3W/OXvVU6MBzXl+yRC7w56TwpFxHl\nnFd0PchMwCvuOix4pcNIaEIKBaQKcWLk0XbXfyspxJma616O2fxzz3KPcgFxN7ii\nawEK4QW/UuNT8ITU2dF0xLfUVfct6luokO7gftrfrI8rLmAVVFwcRPBqtqx14Obq\nEcBr0kA1rI+PwSi1ZQJKfVK96DOaSTJQMz0xl9PA73EfeT6GkacumuP6lp8S5Ji+\nK7KiOCNjJ+2H/36xblugG/i34s+D3h2AFTE2vQIDAQABAoIBAAkj7mkvdfTtl2P0\nGt4iIBTK/T89wq3LS1a4xb+kegrIBUw0iXNFPG0JUgcpBLqCx+6HFiWUKVsfeO1d\n1ohcF0CpE370nRSBvHjB0WlLNUWGH7y/mUdxEtiFQ84IC5pyV84s2MBLL+l3Hxyu\nipvM355vtM52PWa1HYUkQXEQW/UqMSygxzkCkU3Z4g40K7hZcBp6hD8oC8tLknz5\nzuJTVjDp8rqZCpzia0J+HPSaZkguL6G8WvQiSGjIJjDhSKv5H/YOXlBaoGTsZQTO\nPfp7BPghcIvX4htlR9JMtWTNJCxLzo4kQLOdiM9csBk4PKIHlPSkjC0NvS5U/Frk\nLm55au0CggCBAMPElr1dRTlH6GR07uUvyDaKwK8U7j288Zv5j99mg0+GxaTN3aE4\ntr5iP/iFcf9GGZF+5OdL8OTkfpLI7AIJTspDqAA83sXU6XTakvJgeRxcj3ZujSYj\nKpldyDTCufj+VB6myTNm3qw3NS55vOk7QPXfZsBjJwR28PwkD6MMHmMLAoIAgQD6\nBwhpxPJLUCGxeS/XtXKiEwoDPdvQVuNE7JrFUHq457q5O19SE1Hls6cC7Gfge+Sz\nMwZy1whFjgcC0LmSByCajHLa0iX0riYd0RAQOH8AI0rFyDBgrXoMH6UmVcqm3DI1\nNKy+/itwQGENtkB775yujEz5Fbs2EjgHc2mEPnFqVwKCAIEAvY3/qzHBklonEgYL\nPw1KHk2xjpWErXDivPUjMtwO7xT/ELlpDO9eOu/lIx0LKXLV1QR6Xd8xTGBWkohL\nxRkAGmbyJ/DIf+PNfSEawedZvXV+T91xfGj2mXOuJDAcZJTWHKvAC65ik3wNWYf0\nvBxspOYAlu4q3G7SnkHIhkZ4scsCggCASXOJeDEgkRmAXHfiozct7wky1tL0YZc0\n+wmbSj4jX3DMPSCBF0aPt7B4bvZuaddbz3089r3PM0fPLXeOHKU1YdHC6B/2gJQs\npHPHiUxfmvXDQKlX9P7hrPAa/1ES0MQ9h73qxc07i6WOHY4eEYrJ98lFz6MftXnS\ntfWk2PHTNc8CggCAHoVPwFDSblurDD77RC9rr5POR6TkBuuHO20gJt0Sv2OxRKQc\n8wnaBvKpw/8jStVduxDHWL7vUX7MtlRmsbrzX3He8j8Ci2uHFp2RpRlINW+gBC9d\ncbeVb/a4mjPaqD+xaHnPeADGMUaJGf87NiR1MEWri26J3vYVlJxh9+XiQu8=\n-----END RSA PRIVATE KEY-----\n", "user_id": "e1d0f74de5bc4da7b24f55bd80fd8b03", "name": "tempest-TestNetworkBasicOps-454309221", "fingerprint": "b6:e7:8e:c5:07:2f:20:49:ee:62:4a:ed:a2:75:14:49"}}
2015-12-21 07:54:57,237 21670 INFO     [tempest_lib.common.rest_client] Request (TestNetworkBasicOps:test_connectivity_between_vms_on_different_networks): 200 POST http://10.0.2.15:5000/v2.0/tokens
2015-12-21 07:54:57,238 21670 DEBUG    [tempest_lib.common.rest_client] Request - Headers: {'Content-Type': 'application/json', 'Accept': 'application/json'}
        Body: &lt;omitted&gt;
    Response - Headers: {'status': '200', 'content-length': '2526', 'vary': 'X-Auth-Token', 'server': 'Apache/2.4.7 (Ubuntu)', 'connection': 'close', 'date': 'Mon, 21 Dec 2015 07:54:57 GMT', 'content-type': 'application/json', 'x-openstack-request-id': 'req-5a4df962-2411-41b0-a952-cc8e0fb896a7'}
        Body: {"access": {"token": {"issued_at": "2015-12-21T07:54:57.229282", "expires": "2015-12-21T08:54:57Z", "id": "eaac01d66f104401acc1680fd11f9f3a", "tenant": {"description": "tempest-TestNetworkBasicOps-560761851-desc", "enabled": true, "id": "84fd3401968b4a4ab658c8db7ae69a5a", "name": "tempest-TestNetworkBasicOps-560761851"}, "audit_ids": ["jujqVHlgR-yfyhL4mecwMQ"]}, "serviceCatalog": [{"endpoints": [{"adminURL": "http://10.0.2.15:8774/v2.1/84fd3401968b4a4ab658c8db7ae69a5a", "region": "RegionOne", "internalURL": "http://10.0.2.15:8774/v2.1/84fd3401968b4a4ab658c8db7ae69a5a", "id": "62d6693094fa4167bb2b1a84373f035b", "publicURL": "http://10.0.2.15:8774/v2.1/84fd3401968b4a4ab658c8db7ae69a5a"}], "endpoints_links": [], "type": "compute", "name": "nova"}, {"endpoints": [{"adminURL": "http://10.0.2.15:9696/", "region": "RegionOne", "internalURL": "http://10.0.2.15:9696/", "id": "36a49069e7384f0d98021440edd83ec0", "publicURL": "http://10.0.2.15:9696/"}], "endpoints_links": [], "type": "network", "name": "neutron"}, {"endpoints": [{"adminURL": "http://10.0.2.15:9292", "region": "RegionOne", "internalURL": "http://10.0.2.15:9292", "id": "282240fa27ed4f4580958308bf8a5972", "publicURL": "http://10.0.2.15:9292"}], "endpoints_links": [], "type": "image", "name": "glance"}, {"endpoints": [{"adminURL": "http://10.0.2.15:8774/v2/84fd3401968b4a4ab658c8db7ae69a5a", "region": "RegionOne", "internalURL": "http://10.0.2.15:8774/v2/84fd3401968b4a4ab658c8db7ae69a5a", "id": "c11a848294f043fc841749a58cb8adfb", "publicURL": "http://10.0.2.15:8774/v2/84fd3401968b4a4ab658c8db7ae69a5a"}], "endpoints_links": [], "type": "compute_legacy", "name": "nova_legacy"}, {"endpoints": [{"adminURL": "http://10.0.2.15:8773/", "region": "RegionOne", "internalURL": "http://10.0.2.15:8773/", "id": "92038f79b7e14aaa9b0383fb9a17765f", "publicURL": "http://10.0.2.15:8773/"}], "endpoints_links": [], "type": "ec2", "name": "ec2"}, {"endpoints": [{"adminURL": "http://10.0.2.15:35357/v2.0", "region": "RegionOne", "internalURL": "http://10.0.2.15:5000/v2.0", "id": "643b405dfbf84a069fdab928c6dd596a", "publicURL": "http://10.0.2.15:5000/v2.0"}], "endpoints_links": [], "type": "identity", "name": "keystone"}], "user": {"username": "tempest-TestNetworkBasicOps-835402275", "roles_links": [], "id": "e1d0f74de5bc4da7b24f55bd80fd8b03", "roles": [{"name": "Member"}, {"name": "_member_"}], "name": "tempest-TestNetworkBasicOps-835402275"}, "metadata": {"is_admin": 0, "roles": ["ded9bedc9466464890bb9aa669cb7e74", "9fe2ff9ee4384b1894a90878d3e92bab"]}}}
2015-12-21 07:54:57,242 21670 DEBUG    [tempest.common.fixed_network] (TestNetworkBasicOps:test_connectivity_between_vms_on_different_networks) No valid network provided or created, defaulting to fixed_network_name
2015-12-21 07:54:57,565 21670 INFO     [tempest_lib.common.rest_client] Request (TestNetworkBasicOps:test_connectivity_between_vms_on_different_networks): 200 GET http://10.0.2.15:8774/v2.1/84fd3401968b4a4ab658c8db7ae69a5a/os-networks 0.322s
2015-12-21 07:54:57,565 21670 DEBUG    [tempest_lib.common.rest_client] Request - Headers: {'Content-Type': 'application/json', 'Accept': 'application/json', 'X-Auth-Token': '&lt;omitted&gt;'}
        Body: None
    Response - Headers: {'status': '200', 'content-length': '478', 'content-location': 'http://10.0.2.15:8774/v2.1/84fd3401968b4a4ab658c8db7ae69a5a/os-networks', 'x-compute-request-id': 'req-4fecab6a-d5a2-4213-99bb-d6a4b12a6f23', 'vary': 'X-OpenStack-Nova-API-Version', 'connection': 'close', 'x-openstack-nova-api-version': '2.1', 'date': 'Mon, 21 Dec 2015 07:54:57 GMT', 'content-type': 'application/json'}
        Body: {"networks": [{"cidr_v6": null, "dns2": null, "dns1": null, "gateway": null, "broadcast": null, "netmask": null, "gateway_v6": null, "cidr": null, "label": "public", "id": "8f5e723a-ccdb-4e64-8b10-f8b09fbd5402", "netmask_v6": null}, {"cidr_v6": null, "dns2": null, "dns1": null, "gateway": null, "broadcast": null, "netmask": null, "gateway_v6": null, "cidr": null, "label": "tempest-network-smoke--341519301", "id": "85266357-0e0c-46d6-bc57-9882fe00b7ab", "netmask_v6": null}]}
2015-12-21 07:54:57,566 21670 WARNING  [tempest.common.fixed_network] (TestNetworkBasicOps:test_connectivity_between_vms_on_different_networks) Network with name: private not found
2015-12-21 07:54:57,566 21670 INFO     [tempest.common.fixed_network] (TestNetworkBasicOps:test_connectivity_between_vms_on_different_networks) Found network {} available for tenant
2015-12-21 07:54:58,716 21670 INFO     [tempest_lib.common.rest_client] Request (TestNetworkBasicOps:test_connectivity_between_vms_on_different_networks): 202 POST http://10.0.2.15:8774/v2.1/84fd3401968b4a4ab658c8db7ae69a5a/servers 1.149s
2015-12-21 07:54:58,716 21670 DEBUG    [tempest_lib.common.rest_client] Request - Headers: {'Content-Type': 'application/json', 'Accept': 'application/json', 'X-Auth-Token': '&lt;omitted&gt;'}
        Body: {"server": {"name": "tempest.common.compute-instance-1298654160", "imageRef": "fec33b92-1fd7-42d3-882b-b9e70f22e122", "key_name": "tempest-TestNetworkBasicOps-454309221", "flavorRef": "42", "networks": [{"uuid": "85266357-0e0c-46d6-bc57-9882fe00b7ab"}], "security_groups": [{"name": "tempest-secgroup-smoke-775784257"}]}}
    Response - Headers: {'status': '202', 'content-length': '461', 'x-compute-request-id': 'req-64500d37-3773-478c-a174-4071eff635b2', 'vary': 'X-OpenStack-Nova-API-Version', 'connection': 'close', 'location': 'http://10.0.2.15:8774/v2.1/84fd3401968b4a4ab658c8db7ae69a5a/servers/a5bb11c9-7992-4387-91c3-e1a80489719c', 'x-openstack-nova-api-version': '2.1', 'date': 'Mon, 21 Dec 2015 07:54:58 GMT', 'content-type': 'application/json'}
        Body: {"server": {"security_groups": [{"name": "tempest-secgroup-smoke-775784257"}], "OS-DCF:diskConfig": "MANUAL", "id": "a5bb11c9-7992-4387-91c3-e1a80489719c", "links": [{"href": "http://10.0.2.15:8774/v2.1/84fd3401968b4a4ab658c8db7ae69a5a/servers/a5bb11c9-7992-4387-91c3-e1a80489719c", "rel": "self"}, {"href": "http://10.0.2.15:8774/84fd3401968b4a4ab658c8db7ae69a5a/servers/a5bb11c9-7992-4387-91c3-e1a80489719c", "rel": "bookmark"}], "adminPass": "3rkuYwVRdC66"}}
2015-12-21 07:54:58,878 21670 INFO     [tempest_lib.common.rest_client] Request (TestNetworkBasicOps:test_connectivity_between_vms_on_different_networks): 200 GET http://10.0.2.15:8774/v2.1/84fd3401968b4a4ab658c8db7ae69a5a/servers/a5bb11c9-7992-4387-91c3-e1a80489719c 0.159s
2015-12-21 07:54:58,878 21670 DEBUG    [tempest_lib.common.rest_client] Request - Headers: {'Content-Type': 'application/json', 'Accept': 'application/json', 'X-Auth-Token': '&lt;omitted&gt;'}
        Body: None
    Response - Headers: {'status': '200', 'content-length': '1355', 'content-location': 'http://10.0.2.15:8774/v2.1/84fd3401968b4a4ab658c8db7ae69a5a/servers/a5bb11c9-7992-4387-91c3-e1a80489719c', 'x-compute-request-id': 'req-f56b4e1c-4b49-4ae1-825b-df76cecb01bf', 'vary': 'X-OpenStack-Nova-API-Version', 'connection': 'close', 'x-openstack-nova-api-version': '2.1', 'date': 'Mon, 21 Dec 2015 07:54:58 GMT', 'content-type': 'application/json'}
        Body: {"server": {"status": "BUILD", "updated": "2015-12-21T07:54:58Z", "hostId": "", "addresses": {}, "links": [{"href": "http://10.0.2.15:8774/v2.1/84fd3401968b4a4ab658c8db7ae69a5a/servers/a5bb11c9-7992-4387-91c3-e1a80489719c", "rel": "self"}, {"href": "http://10.0.2.15:8774/84fd3401968b4a4ab658c8db7ae69a5a/servers/a5bb11c9-7992-4387-91c3-e1a80489719c", "rel": "bookmark"}], "key_name": "tempest-TestNetworkBasicOps-454309221", "image": {"id": "fec33b92-1fd7-42d3-882b-b9e70f22e122", "links": [{"href": "http://10.0.2.15:8774/84fd3401968b4a4ab658c8db7ae69a5a/images/fec33b92-1fd7-42d3-882b-b9e70f22e122", "rel": "bookmark"}]}, "OS-EXT-STS:task_state": "scheduling", "OS-EXT-STS:vm_state": "building", "OS-SRV-USG:launched_at": null, "flavor": {"id": "42", "links": [{"href": "http://10.0.2.15:8774/84fd3401968b4a4ab658c8db7ae69a5a/flavors/42", "rel": "bookmark"}]}, "id": "a5bb11c9-7992-4387-91c3-e1a80489719c", "OS-SRV-USG:terminated_at": null, "OS-EXT-AZ:availability_zone": "", "user_id": "e1d0f74de5bc4da7b24f55bd80fd8b03", "name": "tempest.common.compute-instance-1298654160", "created": "2015-12-21T07:54:58Z", "tenant_id": "84fd3401968b4a4ab658c8db7ae69a5a", "OS-DCF:diskConfig": "MANUAL", "os-extended-volumes:volumes_attached": [], "accessIPv4": "", "accessIPv6": "", "progress": 0, "OS-EXT-STS:power_state": 0, "config_drive": "", "metadata": {}}}
2015-12-21 07:55:00,238 21670 INFO     [tempest_lib.common.rest_client] Request (TestNetworkBasicOps:test_connectivity_between_vms_on_different_networks): 200 GET http://10.0.2.15:8774/v2.1/84fd3401968b4a4ab658c8db7ae69a5a/servers/a5bb11c9-7992-4387-91c3-e1a80489719c 0.350s
2015-12-21 07:55:00,239 21670 DEBUG    [tempest_lib.common.rest_client] Request - Headers: {'Content-Type': 'application/json', 'Accept': 'application/json', 'X-Auth-Token': '&lt;omitted&gt;'}
        Body: None
    Response - Headers: {'status': '200', 'content-length': '1480', 'content-location': 'http://10.0.2.15:8774/v2.1/84fd3401968b4a4ab658c8db7ae69a5a/servers/a5bb11c9-7992-4387-91c3-e1a80489719c', 'x-compute-request-id': 'req-9c9c3c00-733d-48e4-8941-aadb93ba8254', 'vary': 'X-OpenStack-Nova-API-Version', 'connection': 'close', 'x-openstack-nova-api-version': '2.1', 'date': 'Mon, 21 Dec 2015 07:55:00 GMT', 'content-type': 'application/json'}
        Body: {"server": {"status": "BUILD", "updated": "2015-12-21T07:54:59Z", "hostId": "bc1482b9e31af650d4a0899f6ab88c57aac4d2611ed93b60b5cd69b2", "addresses": {}, "links": [{"href": "http://10.0.2.15:8774/v2.1/84fd3401968b4a4ab658c8db7ae69a5a/servers/a5bb11c9-7992-4387-91c3-e1a80489719c", "rel": "self"}, {"href": "http://10.0.2.15:8774/84fd3401968b4a4ab658c8db7ae69a5a/servers/a5bb11c9-7992-4387-91c3-e1a80489719c", "rel": "bookmark"}], "key_name": "tempest-TestNetworkBasicOps-454309221", "image": {"id": "fec33b92-1fd7-42d3-882b-b9e70f22e122", "links": [{"href": "http://10.0.2.15:8774/84fd3401968b4a4ab658c8db7ae69a5a/images/fec33b92-1fd7-42d3-882b-b9e70f22e122", "rel": "bookmark"}]}, "OS-EXT-STS:task_state": "spawning", "OS-EXT-STS:vm_state": "building", "OS-SRV-USG:launched_at": null, "flavor": {"id": "42", "links": [{"href": "http://10.0.2.15:8774/84fd3401968b4a4ab658c8db7ae69a5a/flavors/42", "rel": "bookmark"}]}, "id": "a5bb11c9-7992-4387-91c3-e1a80489719c", "security_groups": [{"name": "tempest-secgroup-smoke-775784257"}], "OS-SRV-USG:terminated_at": null, "OS-EXT-AZ:availability_zone": "nova", "user_id": "e1d0f74de5bc4da7b24f55bd80fd8b03", "name": "tempest.common.compute-instance-1298654160", "created": "2015-12-21T07:54:58Z", "tenant_id": "84fd3401968b4a4ab658c8db7ae69a5a", "OS-DCF:diskConfig": "MANUAL", "os-extended-volumes:volumes_attached": [], "accessIPv4": "", "accessIPv6": "", "progress": 0, "OS-EXT-STS:power_state": 0, "config_drive": "", "metadata": {}}}
2015-12-21 07:55:00,256 21670 INFO     [tempest.common.waiters] State transition "BUILD/scheduling" ==&gt; "BUILD/spawning" after 2 second wait
2015-12-21 07:55:01,621 21670 INFO     [tempest_lib.common.rest_client] Request (TestNetworkBasicOps:test_connectivity_between_vms_on_different_networks): 200 GET http://10.0.2.15:8774/v2.1/84fd3401968b4a4ab658c8db7ae69a5a/servers/a5bb11c9-7992-4387-91c3-e1a80489719c 0.364s
2015-12-21 07:55:01,621 21670 DEBUG    [tempest_lib.common.rest_client] Request - Headers: {'Content-Type': 'application/json', 'Accept': 'application/json', 'X-Auth-Token': '&lt;omitted&gt;'}
        Body: None
    Response - Headers: {'status': '200', 'content-length': '1480', 'content-location': 'http://10.0.2.15:8774/v2.1/84fd3401968b4a4ab658c8db7ae69a5a/servers/a5bb11c9-7992-4387-91c3-e1a80489719c', 'x-compute-request-id': 'req-151dbdf1-2196-45a8-8f17-2c0584582184', 'vary': 'X-OpenStack-Nova-API-Version', 'connection': 'close', 'x-openstack-nova-api-version': '2.1', 'date': 'Mon, 21 Dec 2015 07:55:01 GMT', 'content-type': 'application/json'}
        Body: {"server": {"status": "BUILD", "updated": "2015-12-21T07:54:59Z", "hostId": "bc1482b9e31af650d4a0899f6ab88c57aac4d2611ed93b60b5cd69b2", "addresses": {}, "links": [{"href": "http://10.0.2.15:8774/v2.1/84fd3401968b4a4ab658c8db7ae69a5a/servers/a5bb11c9-7992-4387-91c3-e1a80489719c", "rel": "self"}, {"href": "http://10.0.2.15:8774/84fd3401968b4a4ab658c8db7ae69a5a/servers/a5bb11c9-7992-4387-91c3-e1a80489719c", "rel": "bookmark"}], "key_name": "tempest-TestNetworkBasicOps-454309221", "image": {"id": "fec33b92-1fd7-42d3-882b-b9e70f22e122", "links": [{"href": "http://10.0.2.15:8774/84fd3401968b4a4ab658c8db7ae69a5a/images/fec33b92-1fd7-42d3-882b-b9e70f22e122", "rel": "bookmark"}]}, "OS-EXT-STS:task_state": "spawning", "OS-EXT-STS:vm_state": "building", "OS-SRV-USG:launched_at": null, "flavor": {"id": "42", "links": [{"href": "http://10.0.2.15:8774/84fd3401968b4a4ab658c8db7ae69a5a/flavors/42", "rel": "bookmark"}]}, "id": "a5bb11c9-7992-4387-91c3-e1a80489719c", "security_groups": [{"name": "tempest-secgroup-smoke-775784257"}], "OS-SRV-USG:terminated_at": null, "OS-EXT-AZ:availability_zone": "nova", "user_id": "e1d0f74de5bc4da7b24f55bd80fd8b03", "name": "tempest.common.compute-instance-1298654160", "created": "2015-12-21T07:54:58Z", "tenant_id": "84fd3401968b4a4ab658c8db7ae69a5a", "OS-DCF:diskConfig": "MANUAL", "os-extended-volumes:volumes_attached": [], "accessIPv4": "", "accessIPv6": "", "progress": 0, "OS-EXT-STS:power_state": 0, "config_drive": "", "metadata": {}}}
2015-12-21 07:55:02,829 21670 INFO     [tempest_lib.common.rest_client] Request (TestNetworkBasicOps:test_connectivity_between_vms_on_different_networks): 200 GET http://10.0.2.15:8774/v2.1/84fd3401968b4a4ab658c8db7ae69a5a/servers/a5bb11c9-7992-4387-91c3-e1a80489719c 0.198s
2015-12-21 07:55:02,830 21670 DEBUG    [tempest_lib.common.rest_client] Request - Headers: {'Content-Type': 'application/json', 'Accept': 'application/json', 'X-Auth-Token': '&lt;omitted&gt;'}
        Body: None
    Response - Headers: {'status': '200', 'content-length': '1651', 'content-location': 'http://10.0.2.15:8774/v2.1/84fd3401968b4a4ab658c8db7ae69a5a/servers/a5bb11c9-7992-4387-91c3-e1a80489719c', 'x-compute-request-id': 'req-af9e66d8-6bc2-498f-8031-0e3903bfed73', 'vary': 'X-OpenStack-Nova-API-Version', 'connection': 'close', 'x-openstack-nova-api-version': '2.1', 'date': 'Mon, 21 Dec 2015 07:55:02 GMT', 'content-type': 'application/json'}
        Body: {"server": {"status": "ACTIVE", "updated": "2015-12-21T07:55:02Z", "hostId": "bc1482b9e31af650d4a0899f6ab88c57aac4d2611ed93b60b5cd69b2", "addresses": {"tempest-network-smoke--341519301": [{"OS-EXT-IPS-MAC:mac_addr": "fa:16:3e:8f:eb:80", "version": 4, "addr": "10.100.0.3", "OS-EXT-IPS:type": "fixed"}]}, "links": [{"href": "http://10.0.2.15:8774/v2.1/84fd3401968b4a4ab658c8db7ae69a5a/servers/a5bb11c9-7992-4387-91c3-e1a80489719c", "rel": "self"}, {"href": "http://10.0.2.15:8774/84fd3401968b4a4ab658c8db7ae69a5a/servers/a5bb11c9-7992-4387-91c3-e1a80489719c", "rel": "bookmark"}], "key_name": "tempest-TestNetworkBasicOps-454309221", "image": {"id": "fec33b92-1fd7-42d3-882b-b9e70f22e122", "links": [{"href": "http://10.0.2.15:8774/84fd3401968b4a4ab658c8db7ae69a5a/images/fec33b92-1fd7-42d3-882b-b9e70f22e122", "rel": "bookmark"}]}, "OS-EXT-STS:task_state": null, "OS-EXT-STS:vm_state": "active", "OS-SRV-USG:launched_at": "2015-12-21T07:55:02.000000", "flavor": {"id": "42", "links": [{"href": "http://10.0.2.15:8774/84fd3401968b4a4ab658c8db7ae69a5a/flavors/42", "rel": "bookmark"}]}, "id": "a5bb11c9-7992-4387-91c3-e1a80489719c", "security_groups": [{"name": "tempest-secgroup-smoke-775784257"}], "OS-SRV-USG:terminated_at": null, "OS-EXT-AZ:availability_zone": "nova", "user_id": "e1d0f74de5bc4da7b24f55bd80fd8b03", "name": "tempest.common.compute-instance-1298654160", "created": "2015-12-21T07:54:58Z", "tenant_id": "84fd3401968b4a4ab658c8db7ae69a5a", "OS-DCF:diskConfig": "MANUAL", "os-extended-volumes:volumes_attached": [], "accessIPv4": "", "accessIPv6": "", "progress": 0, "OS-EXT-STS:power_state": 1, "config_drive": "True", "metadata": {}}}
2015-12-21 07:55:02,838 21670 INFO     [tempest.common.waiters] State transition "BUILD/spawning" ==&gt; "ACTIVE/None" after 4 second wait
2015-12-21 07:55:03,077 21670 INFO     [tempest_lib.common.rest_client] Request (TestNetworkBasicOps:test_connectivity_between_vms_on_different_networks): 200 GET http://10.0.2.15:8774/v2.1/84fd3401968b4a4ab658c8db7ae69a5a/servers/a5bb11c9-7992-4387-91c3-e1a80489719c 0.238s
2015-12-21 07:55:03,078 21670 DEBUG    [tempest_lib.common.rest_client] Request - Headers: {'Content-Type': 'application/json', 'Accept': 'application/json', 'X-Auth-Token': '&lt;omitted&gt;'}
        Body: None
    Response - Headers: {'status': '200', 'content-length': '1651', 'content-location': 'http://10.0.2.15:8774/v2.1/84fd3401968b4a4ab658c8db7ae69a5a/servers/a5bb11c9-7992-4387-91c3-e1a80489719c', 'x-compute-request-id': 'req-d47a767d-c41c-47df-956d-4de815a156dc', 'vary': 'X-OpenStack-Nova-API-Version', 'connection': 'close', 'x-openstack-nova-api-version': '2.1', 'date': 'Mon, 21 Dec 2015 07:55:03 GMT', 'content-type': 'application/json'}
        Body: {"server": {"status": "ACTIVE", "updated": "2015-12-21T07:55:02Z", "hostId": "bc1482b9e31af650d4a0899f6ab88c57aac4d2611ed93b60b5cd69b2", "addresses": {"tempest-network-smoke--341519301": [{"OS-EXT-IPS-MAC:mac_addr": "fa:16:3e:8f:eb:80", "version": 4, "addr": "10.100.0.3", "OS-EXT-IPS:type": "fixed"}]}, "links": [{"href": "http://10.0.2.15:8774/v2.1/84fd3401968b4a4ab658c8db7ae69a5a/servers/a5bb11c9-7992-4387-91c3-e1a80489719c", "rel": "self"}, {"href": "http://10.0.2.15:8774/84fd3401968b4a4ab658c8db7ae69a5a/servers/a5bb11c9-7992-4387-91c3-e1a80489719c", "rel": "bookmark"}], "key_name": "tempest-TestNetworkBasicOps-454309221", "image": {"id": "fec33b92-1fd7-42d3-882b-b9e70f22e122", "links": [{"href": "http://10.0.2.15:8774/84fd3401968b4a4ab658c8db7ae69a5a/images/fec33b92-1fd7-42d3-882b-b9e70f22e122", "rel": "bookmark"}]}, "OS-EXT-STS:task_state": null, "OS-EXT-STS:vm_state": "active", "OS-SRV-USG:launched_at": "2015-12-21T07:55:02.000000", "flavor": {"id": "42", "links": [{"href": "http://10.0.2.15:8774/84fd3401968b4a4ab658c8db7ae69a5a/flavors/42", "rel": "bookmark"}]}, "id": "a5bb11c9-7992-4387-91c3-e1a80489719c", "security_groups": [{"name": "tempest-secgroup-smoke-775784257"}], "OS-SRV-USG:terminated_at": null, "OS-EXT-AZ:availability_zone": "nova", "user_id": "e1d0f74de5bc4da7b24f55bd80fd8b03", "name": "tempest.common.compute-instance-1298654160", "created": "2015-12-21T07:54:58Z", "tenant_id": "84fd3401968b4a4ab658c8db7ae69a5a", "OS-DCF:diskConfig": "MANUAL", "os-extended-volumes:volumes_attached": [], "accessIPv4": "", "accessIPv6": "", "progress": 0, "OS-EXT-STS:power_state": 1, "config_drive": "True", "metadata": {}}}
2015-12-21 07:55:03,086 21670 INFO     [tempest.scenario.manager] Tenant networks not configured to be reachable.
2015-12-21 07:55:03,119 21670 INFO     [tempest_lib.common.rest_client] Request (TestNetworkBasicOps:test_connectivity_between_vms_on_different_networks): 200 GET http://10.0.2.15:9696/v2.0/ports?status=ACTIVE&amp;fixed_ip=None&amp;device_id=a5bb11c9-7992-4387-91c3-e1a80489719c 0.032s
2015-12-21 07:55:03,119 21670 DEBUG    [tempest_lib.common.rest_client] Request - Headers: {'Content-Type': 'application/json', 'Accept': 'application/json', 'X-Auth-Token': '&lt;omitted&gt;'}
        Body: None
    Response - Headers: {'status': '200', 'content-length': '895', 'content-location': 'http://10.0.2.15:9696/v2.0/ports?status=ACTIVE&amp;fixed_ip=None&amp;device_id=a5bb11c9-7992-4387-91c3-e1a80489719c', 'connection': 'close', 'date': 'Mon, 21 Dec 2015 07:55:03 GMT', 'content-type': 'application/json; charset=UTF-8', 'x-openstack-request-id': 'req-6130e938-bf34-44b9-8ca8-6de86b7d6ee7'}
        Body: {"ports": [{"status": "ACTIVE", "binding:host_id": "vagrant-ubuntu-trusty-64", "allowed_address_pairs": [], "extra_dhcp_opts": [], "dns_assignment": [{"hostname": "host-10-100-0-3", "ip_address": "10.100.0.3", "fqdn": "host-10-100-0-3.openstacklocal."}], "device_owner": "compute:None", "port_security_enabled": true, "binding:profile": {}, "fixed_ips": [{"subnet_id": "98a8bc88-bb03-4a62-bd69-761e0ab0c32b", "ip_address": "10.100.0.3"}], "id": "b08b20d6-b59e-458e-a705-60335ad8e24d", "security_groups": ["e8155b3c-69a4-4174-80da-dbf7bcb2bae9"], "device_id": "a5bb11c9-7992-4387-91c3-e1a80489719c", "name": "", "admin_state_up": true, "network_id": "85266357-0e0c-46d6-bc57-9882fe00b7ab", "dns_name": "", "binding:vif_details": {"port_filter": true}, "binding:vnic_type": "normal", "binding:vif_type": "ovs", "tenant_id": "84fd3401968b4a4ab658c8db7ae69a5a", "mac_address": "fa:16:3e:8f:eb:80"}]}
2015-12-21 07:55:03,649 21670 INFO     [tempest_lib.common.rest_client] Request (TestNetworkBasicOps:test_connectivity_between_vms_on_different_networks): 201 POST http://10.0.2.15:9696/v2.0/floatingips 0.528s
2015-12-21 07:55:03,649 21670 DEBUG    [tempest_lib.common.rest_client] Request - Headers: {'Content-Type': 'application/json', 'Accept': 'application/json', 'X-Auth-Token': '&lt;omitted&gt;'}
        Body: {"floatingip": {"floating_network_id": "8f5e723a-ccdb-4e64-8b10-f8b09fbd5402", "tenant_id": "84fd3401968b4a4ab658c8db7ae69a5a", "fixed_ip_address": "10.100.0.3", "port_id": "b08b20d6-b59e-458e-a705-60335ad8e24d"}}
    Response - Headers: {'status': '201', 'content-length': '367', 'connection': 'close', 'date': 'Mon, 21 Dec 2015 07:55:03 GMT', 'content-type': 'application/json; charset=UTF-8', 'x-openstack-request-id': 'req-ddd3bdf6-3620-48c2-87b4-6d21b1aa8018'}
        Body: {"floatingip": {"floating_network_id": "8f5e723a-ccdb-4e64-8b10-f8b09fbd5402", "router_id": "0092d4b3-aa0e-495d-a023-c994ed1d8e72", "fixed_ip_address": "10.100.0.3", "floating_ip_address": "172.24.4.4", "tenant_id": "84fd3401968b4a4ab658c8db7ae69a5a", "status": "DOWN", "port_id": "b08b20d6-b59e-458e-a705-60335ad8e24d", "id": "7d522bc2-1353-432b-a7f2-52540f7754f8"}}
2015-12-21 07:55:03,663 21670 INFO     [tempest_lib.common.rest_client] Request (TestNetworkBasicOps:test_connectivity_between_vms_on_different_networks): 200 GET http://10.0.2.15:9696/v2.0/floatingips/7d522bc2-1353-432b-a7f2-52540f7754f8 0.013s
2015-12-21 07:55:03,663 21670 DEBUG    [tempest_lib.common.rest_client] Request - Headers: {'Content-Type': 'application/json', 'Accept': 'application/json', 'X-Auth-Token': '&lt;omitted&gt;'}
        Body: None
    Response - Headers: {'status': '200', 'content-length': '367', 'content-location': 'http://10.0.2.15:9696/v2.0/floatingips/7d522bc2-1353-432b-a7f2-52540f7754f8', 'connection': 'close', 'date': 'Mon, 21 Dec 2015 07:55:03 GMT', 'content-type': 'application/json; charset=UTF-8', 'x-openstack-request-id': 'req-be9f9a56-9efe-4abf-9a99-ad79cf398d46'}
        Body: {"floatingip": {"floating_network_id": "8f5e723a-ccdb-4e64-8b10-f8b09fbd5402", "router_id": "0092d4b3-aa0e-495d-a023-c994ed1d8e72", "fixed_ip_address": "10.100.0.3", "floating_ip_address": "172.24.4.4", "tenant_id": "84fd3401968b4a4ab658c8db7ae69a5a", "status": "DOWN", "port_id": "b08b20d6-b59e-458e-a705-60335ad8e24d", "id": "7d522bc2-1353-432b-a7f2-52540f7754f8"}}
2015-12-21 07:55:04,679 21670 INFO     [tempest_lib.common.rest_client] Request (TestNetworkBasicOps:test_connectivity_between_vms_on_different_networks): 200 GET http://10.0.2.15:9696/v2.0/floatingips/7d522bc2-1353-432b-a7f2-52540f7754f8 0.014s
2015-12-21 07:55:04,679 21670 DEBUG    [tempest_lib.common.rest_client] Request - Headers: {'Content-Type': 'application/json', 'Accept': 'application/json', 'X-Auth-Token': '&lt;omitted&gt;'}
        Body: None
    Response - Headers: {'status': '200', 'content-length': '369', 'content-location': 'http://10.0.2.15:9696/v2.0/floatingips/7d522bc2-1353-432b-a7f2-52540f7754f8', 'connection': 'close', 'date': 'Mon, 21 Dec 2015 07:55:04 GMT', 'content-type': 'application/json; charset=UTF-8', 'x-openstack-request-id': 'req-e29baecf-1005-4e83-99ea-e4d8ffd92558'}
        Body: {"floatingip": {"floating_network_id": "8f5e723a-ccdb-4e64-8b10-f8b09fbd5402", "router_id": "0092d4b3-aa0e-495d-a023-c994ed1d8e72", "fixed_ip_address": "10.100.0.3", "floating_ip_address": "172.24.4.4", "tenant_id": "84fd3401968b4a4ab658c8db7ae69a5a", "status": "ACTIVE", "port_id": "b08b20d6-b59e-458e-a705-60335ad8e24d", "id": "7d522bc2-1353-432b-a7f2-52540f7754f8"}}
2015-12-21 07:55:04,680 21670 INFO     [tempest.scenario.manager] FloatingIP: &lt;"FloatingIP" addr="172.24.4.4" id="7d522bc2-1353-432b-a7f2-52540f7754f8"&gt; is at status: ACTIVE
2015-12-21 07:55:04,680 21670 DEBUG    [tempest.scenario.manager] checking network connections to IP 172.24.4.4 with user: cirros
2015-12-21 07:55:04,680 21670 DEBUG    [tempest.scenario.manager] TestNetworkBasicOps:test_connectivity_between_vms_on_different_networks begins to ping 172.24.4.4 in 120 sec and the expected result is reachable
2015-12-21 07:57:04,992 21670 DEBUG    [tempest.scenario.manager] TestNetworkBasicOps:test_connectivity_between_vms_on_different_networks finishes ping 172.24.4.4 in 120 sec and the ping result is unexpected
2015-12-21 07:57:04,994 21670 ERROR    [tempest.scenario.manager] Public network connectivity check failed
2015-12-21 07:57:04.994 21670 ERROR tempest.scenario.manager Traceback (most recent call last):
2015-12-21 07:57:04.994 21670 ERROR tempest.scenario.manager   File "tempest/scenario/manager.py", line 608, in check_public_network_connectivity
2015-12-21 07:57:04.994 21670 ERROR tempest.scenario.manager     should_connect=should_connect)
2015-12-21 07:57:04.994 21670 ERROR tempest.scenario.manager   File "tempest/scenario/manager.py", line 592, in check_vm_connectivity
2015-12-21 07:57:04.994 21670 ERROR tempest.scenario.manager     msg=msg)
2015-12-21 07:57:04.994 21670 ERROR tempest.scenario.manager   File "/usr/local/lib/python2.7/dist-packages/unittest2/case.py", line 702, in assertTrue
2015-12-21 07:57:04.994 21670 ERROR tempest.scenario.manager     raise self.failureException(msg)
2015-12-21 07:57:04.994 21670 ERROR tempest.scenario.manager AssertionError: False is not true : Timed out waiting for 172.24.4.4 to become reachable
2015-12-21 07:57:04.994 21670 ERROR tempest.scenario.manager 
2015-12-21 07:57:05,202 21670 INFO     [tempest_lib.common.rest_client] Request (TestNetworkBasicOps:test_connectivity_between_vms_on_different_networks): 200 POST http://10.0.2.15:8774/v2.1/84fd3401968b4a4ab658c8db7ae69a5a/servers/a5bb11c9-7992-4387-91c3-e1a80489719c/action 0.206s
2015-12-21 07:57:05,203 21670 DEBUG    [tempest_lib.common.rest_client] Request - Headers: {'Content-Type': 'application/json', 'Accept': 'application/json', 'X-Auth-Token': '&lt;omitted&gt;'}
        Body: {"os-getConsoleOutput": {}}
    Response - Headers: {'status': '200', 'content-length': '17429', 'x-compute-request-id': 'req-3332f7db-1923-4286-b7ac-b8b3ec81cd2a', 'vary': 'X-OpenStack-Nova-API-Version', 'connection': 'close', 'x-openstack-nova-api-version': '2.1', 'date': 'Mon, 21 Dec 2015 07:57:05 GMT', 'content-type': 'application/json'}
        Body: {"output": "[    0.000000] Initializing cgroup subsys cpuset\n[    0.000000] Initializing cgroup subsys cpu\n[    0.000000] Linux version 3.2.0-80-virtual (buildd@batsu) (gcc version 4.6.3 (Ubuntu/Linaro 4.6.3-1ubuntu5) ) #116-Ubuntu SMP Mon Mar 23 17:28:52 UTC 2015 (Ubuntu 3.2.0-80.116-virtual 3.2.68)\n[    0.000000] Command line: root=/dev/vda console=tty0 console=ttyS0 no_timer_check\n[    0.000000] KERNEL supported cpus:\n[    0.000000]   Intel GenuineIntel\n[    0.000000]   AMD AuthenticAMD\n[    0.000000]   Centaur CentaurHauls\n[    0.000000] BIOS-provided physical RAM map:\n[    0.000000]  BIOS-e820: 0000000000000000 - 000000000009fc00 (usable)\n[    0.000000]  BIOS-e820: 000000000009fc00 - 00000000000a0000 (reserved)\n[    0.000000]  BIOS-e820: 00000000000f0000 - 0000000000100000 (reserved)\n[    0.000000]  BIOS-e820: 0000000000100000 - 0000000003ffe000 (usable)\n[    0.000000]  BIOS-e820: 0000000003ffe000 - 0000000004000000 (reserved)\n[    0.000000]  BIOS-e820: 00000000fffc0000 - 0000000100000000 (reserved)\n[    0.000000] NX (Execute Disable) protection: active\n[    0.000000] SMBIOS 2.4 present.\n[    0.000000] No AGP bridge found\n[    0.000000] last_pfn = 0x3ffe max_arch_pfn = 0x400000000\n[    0.000000] x86 PAT enabled: cpu 0, old 0x7040600070406, new 0x7010600070106\n[    0.000000] found SMP MP-table at [ffff8800000f0b00] f0b00\n[    0.000000] init_memory_mapping: 0000000000000000-0000000003ffe000\n[    0.000000] RAMDISK: 03c5e000 - 03ff0000\n[    0.000000] ACPI: RSDP 00000000000f0950 00014 (v00 BOCHS )\n[    0.000000] ACPI: RSDT 0000000003fffbc1 00034 (v01 BOCHS  BXPCRSDT 00000001 BXPC 00000001)\n[    0.000000] ACPI: FACP 0000000003fff1c0 00074 (v01 BOCHS  BXPCFACP 00000001 BXPC 00000001)\n[    0.000000] ACPI: DSDT 0000000003ffe040 01180 (v01 BOCHS  BXPCDSDT 00000001 BXPC 00000001)\n[    0.000000] ACPI: FACS 0000000003ffe000 00040\n[    0.000000] ACPI: SSDT 0000000003fff234 008DD (v01 BOCHS  BXPCSSDT 00000001 BXPC 00000001)\n[    0.000000] ACPI: APIC 0000000003fffb11 00078 (v01 BOCHS  BXPCAPIC 00000001 BXPC 00000001)\n[    0.000000] ACPI: HPET 0000000003fffb89 00038 (v01 BOCHS  BXPCHPET 00000001 BXPC 00000001)\n[    0.000000] No NUMA configuration found\n[    0.000000] Faking a node at 0000000000000000-0000000003ffe000\n[    0.000000] Initmem setup node 0 0000000000000000-0000000003ffe000\n[    0.000000]   NODE_DATA [0000000003ff6000 - 0000000003ffafff]\n[    0.000000] Zone PFN ranges:\n[    0.000000]   DMA      0x00000010 -&gt; 0x00001000\n[    0.000000]   DMA32    0x00001000 -&gt; 0x00100000\n[    0.000000]   Normal   empty\n[    0.000000] Movable zone start PFN for each node\n[    0.000000] early_node_map[2] active PFN ranges\n[    0.000000]     0: 0x00000010 -&gt; 0x0000009f\n[    0.000000]     0: 0x00000100 -&gt; 0x00003ffe\n[    0.000000] ACPI: PM-Timer IO Port: 0xb008\n[    0.000000] ACPI: LAPIC (acpi_id[0x00] lapic_id[0x00] enabled)\n[    0.000000] ACPI: LAPIC_NMI (acpi_id[0xff] dfl dfl lint[0x1])\n[    0.000000] ACPI: IOAPIC (id[0x00] address[0xfec00000] gsi_base[0])\n[    0.000000] IOAPIC[0]: apic_id 0, version 17, address 0xfec00000, GSI 0-23\n[    0.000000] ACPI: INT_SRC_OVR (bus 0 bus_irq 0 global_irq 2 dfl dfl)\n[    0.000000] ACPI: INT_SRC_OVR (bus 0 bus_irq 5 global_irq 5 high level)\n[    0.000000] ACPI: INT_SRC_OVR (bus 0 bus_irq 9 global_irq 9 high level)\n[    0.000000] ACPI: INT_SRC_OVR (bus 0 bus_irq 10 global_irq 10 high level)\n[    0.000000] ACPI: INT_SRC_OVR (bus 0 bus_irq 11 global_irq 11 high level)\n[    0.000000] Using ACPI (MADT) for SMP configuration information\n[    0.000000] ACPI: HPET id: 0x8086a201 base: 0xfed00000\n[    0.000000] SMP: Allowing 1 CPUs, 0 hotplug CPUs\n[    0.000000] PM: Registered nosave memory: 000000000009f000 - 00000000000a0000\n[    0.000000] PM: Registered nosave memory: 00000000000a0000 - 00000000000f0000\n[    0.000000] PM: Registered nosave memory: 00000000000f0000 - 0000000000100000\n[    0.000000] Allocating PCI resources starting at 4000000 (gap: 4000000:fbfc0000)\n[    0.000000] Booting paravirtualized kernel on bare hardware\n[    0.000000] setup_pe
2015-12-21 07:57:05,208 21670 DEBUG    [tempest.scenario.manager] Console output for a5bb11c9-7992-4387-91c3-e1a80489719c
body=
[    0.000000] Initializing cgroup subsys cpuset
[    0.000000] Initializing cgroup subsys cpu
[    0.000000] Linux version 3.2.0-80-virtual (buildd@batsu) (gcc version 4.6.3 (Ubuntu/Linaro 4.6.3-1ubuntu5) ) #116-Ubuntu SMP Mon Mar 23 17:28:52 UTC 2015 (Ubuntu 3.2.0-80.116-virtual 3.2.68)
[    0.000000] Command line: root=/dev/vda console=tty0 console=ttyS0 no_timer_check
[    0.000000] KERNEL supported cpus:
[    0.000000]   Intel GenuineIntel
[    0.000000]   AMD AuthenticAMD
[    0.000000]   Centaur CentaurHauls
[    0.000000] BIOS-provided physical RAM map:
[    0.000000]  BIOS-e820: 0000000000000000 - 000000000009fc00 (usable)
[    0.000000]  BIOS-e820: 000000000009fc00 - 00000000000a0000 (reserved)
[    0.000000]  BIOS-e820: 00000000000f0000 - 0000000000100000 (reserved)
[    0.000000]  BIOS-e820: 0000000000100000 - 0000000003ffe000 (usable)
[    0.000000]  BIOS-e820: 0000000003ffe000 - 0000000004000000 (reserved)
[    0.000000]  BIOS-e820: 00000000fffc0000 - 0000000100000000 (reserved)
[    0.000000] NX (Execute Disable) protection: active
[    0.000000] SMBIOS 2.4 present.
[    0.000000] No AGP bridge found
[    0.000000] last_pfn = 0x3ffe max_arch_pfn = 0x400000000
[    0.000000] x86 PAT enabled: cpu 0, old 0x7040600070406, new 0x7010600070106
[    0.000000] found SMP MP-table at [ffff8800000f0b00] f0b00
[    0.000000] init_memory_mapping: 0000000000000000-0000000003ffe000
[    0.000000] RAMDISK: 03c5e000 - 03ff0000
[    0.000000] ACPI: RSDP 00000000000f0950 00014 (v00 BOCHS )
[    0.000000] ACPI: RSDT 0000000003fffbc1 00034 (v01 BOCHS  BXPCRSDT 00000001 BXPC 00000001)
[    0.000000] ACPI: FACP 0000000003fff1c0 00074 (v01 BOCHS  BXPCFACP 00000001 BXPC 00000001)
[    0.000000] ACPI: DSDT 0000000003ffe040 01180 (v01 BOCHS  BXPCDSDT 00000001 BXPC 00000001)
[    0.000000] ACPI: FACS 0000000003ffe000 00040
[    0.000000] ACPI: SSDT 0000000003fff234 008DD (v01 BOCHS  BXPCSSDT 00000001 BXPC 00000001)
[    0.000000] ACPI: APIC 0000000003fffb11 00078 (v01 BOCHS  BXPCAPIC 00000001 BXPC 00000001)
[    0.000000] ACPI: HPET 0000000003fffb89 00038 (v01 BOCHS  BXPCHPET 00000001 BXPC 00000001)
[    0.000000] No NUMA configuration found
[    0.000000] Faking a node at 0000000000000000-0000000003ffe000
[    0.000000] Initmem setup node 0 0000000000000000-0000000003ffe000
[    0.000000]   NODE_DATA [0000000003ff6000 - 0000000003ffafff]
[    0.000000] Zone PFN ranges:
[    0.000000]   DMA      0x00000010 -&gt; 0x00001000
[    0.000000]   DMA32    0x00001000 -&gt; 0x00100000
[    0.000000]   Normal   empty
[    0.000000] Movable zone start PFN for each node
[    0.000000] early_node_map[2] active PFN ranges
[    0.000000]     0: 0x00000010 -&gt; 0x0000009f
[    0.000000]     0: 0x00000100 -&gt; 0x00003ffe
[    0.000000] ACPI: PM-Timer IO Port: 0xb008
[    0.000000] ACPI: LAPIC (acpi_id[0x00] lapic_id[0x00] enabled)
[    0.000000] ACPI: LAPIC_NMI (acpi_id[0xff] dfl dfl lint[0x1])
[    0.000000] ACPI: IOAPIC (id[0x00] address[0xfec00000] gsi_base[0])
[    0.000000] IOAPIC[0]: apic_id 0, version 17, address 0xfec00000, GSI 0-23
[    0.000000] ACPI: INT_SRC_OVR (bus 0 bus_irq 0 global_irq 2 dfl dfl)
[    0.000000] ACPI: INT_SRC_OVR (bus 0 bus_irq 5 global_irq 5 high level)
[    0.000000] ACPI: INT_SRC_OVR (bus 0 bus_irq 9 global_irq 9 high level)
[    0.000000] ACPI: INT_SRC_OVR (bus 0 bus_irq 10 global_irq 10 high level)
[    0.000000] ACPI: INT_SRC_OVR (bus 0 bus_irq 11 global_irq 11 high level)
[    0.000000] Using ACPI (MADT) for SMP configuration information
[    0.000000] ACPI: HPET id: 0x8086a201 base: 0xfed00000
[    0.000000] SMP: Allowing 1 CPUs, 0 hotplug CPUs
[    0.000000] PM: Registered nosave memory: 000000000009f000 - 00000000000a0000
[    0.000000] PM: Registered nosave memory: 00000000000a0000 - 00000000000f0000
[    0.000000] PM: Registered nosave memory: 00000000000f0000 - 0000000000100000
[    0.000000] Allocating PCI resources starting at 4000000 (gap: 4000000:fbfc0000)
[    0.000000] Booting paravirtualized kernel on bare hardware
[    0.000000] setup_percpu: NR_CPUS:64 nr_cpumask_bits:64 nr_cpu_ids:1 nr_node_ids:1
[    0.000000] PERCPU: Embedded 27 pages/cpu @ffff880003a00000 s78848 r8192 d23552 u2097152
[    0.000000] Built 1 zonelists in Node order, mobility grouping on.  Total pages: 16008
[    0.000000] Policy zone: DMA32
[    0.000000] Kernel command line: root=/dev/vda console=tty0 console=ttyS0 no_timer_check
[    0.000000] PID hash table entries: 256 (order: -1, 2048 bytes)
[    0.000000] Checking aperture...
[    0.000000] No AGP bridge found
[    0.000000] Memory: 43492k/65528k available (6576k kernel code, 452k absent, 21584k reserved, 6620k data, 928k init)
[    0.000000] SLUB: Genslabs=15, HWalign=64, Order=0-3, MinObjects=0, CPUs=1, Nodes=1
[    0.000000] Hierarchical RCU implementation.
[    0.000000] 	RCU dyntick-idle grace-period acceleration is enabled.
[    0.000000] NR_IRQS:4352 nr_irqs:256 16
[    0.000000] Console: colour VGA+ 80x25
[    0.000000] console [tty0] enabled
[    0.000000] console [ttyS0] enabled
[    0.000000] allocated 1048576 bytes of page_cgroup
[    0.000000] please try 'cgroup_disable=memory' option if you don't want memory cgroups
[    0.000000] Fast TSC calibration failed
[    0.000000] TSC: Unable to calibrate against PIT
[    0.000000] TSC: using HPET reference calibration
[    0.000000] Detected 2292.788 MHz processor.
[    0.029311] Calibrating delay loop (skipped), value calculated using timer frequency.. 4585.57 BogoMIPS (lpj=9171152)
[    0.032861] pid_max: default: 32768 minimum: 301
[    0.041404] Security Framework initialized
[    0.044875] AppArmor: AppArmor initialized
[    0.045562] Yama: becoming mindful.
[    0.052624] Dentry cache hash table entries: 8192 (order: 4, 65536 bytes)
[    0.054072] Inode-cache hash table entries: 4096 (order: 3, 32768 bytes)
[    0.056349] Mount-cache hash table entries: 256
[    0.070783] Initializing cgroup subsys cpuacct
[    0.072344] Initializing cgroup subsys memory
[    0.073743] Initializing cgroup subsys devices
[    0.076174] Initializing cgroup subsys freezer
[    0.076930] Initializing cgroup subsys blkio
[    0.077680] Initializing cgroup subsys perf_event
[    0.082533] mce: CPU supports 10 MCE banks
[    0.086377] SMP alternatives: switching to UP code
[    0.491030] Freeing SMP alternatives: 24k freed
[    0.492810] ACPI: Core revision 20110623
[    0.542209] ftrace: allocating 26610 entries in 105 pages
[    0.577346] ..TIMER: vector=0x30 apic1=0 pin1=2 apic2=-1 pin2=-1
[    0.578785] CPU0: AMD QEMU Virtual CPU version 2.0.0 stepping 03
[    0.584035] Performance Events: Broken PMU hardware detected, using software events only.
[    0.594780] NMI watchdog disabled (cpu0): hardware events not enabled
[    0.597438] Brought up 1 CPUs
[    0.598230] Total of 1 processors activated (4585.57 BogoMIPS).
[    0.634080] devtmpfs: initialized
[    0.664882] EVM: security.selinux
[    0.665576] EVM: security.SMACK64
[    0.666053] EVM: security.capability
[    0.693942] print_constraints: dummy: 
[    0.697453] RTC time:  7:55:05, date: 12/21/15
[    0.701054] NET: Registered protocol family 16
[    0.709271] ACPI: bus type pci registered
[    0.712944] PCI: Using configuration type 1 for base access
[    0.744239] bio: create slab &lt;bio-0&gt; at 0
[    0.749968] ACPI: Added _OSI(Module Device)
[    0.751033] ACPI: Added _OSI(Processor Device)
[    0.752141] ACPI: Added _OSI(3.0 _SCP Extensions)
[    0.752960] ACPI: Added _OSI(Processor Aggregator Device)
[    0.821618] ACPI: Interpreter enabled
[    0.822290] ACPI: (supports S0 S3 S4 S5)
[    0.824751] ACPI: Using IOAPIC for interrupt routing
[    0.908988] ACPI: No dock devices found.
[    0.910108] HEST: Table not found.
[    0.910865] PCI: Using host bridge windows from ACPI; if necessary, use "pci=nocrs" and report a bug
[    0.921772] ACPI: PCI Root Bridge [PCI0] (domain 0000 [bus 00-ff])
[    0.927206] pci_root PNP0A03:00: host bridge window [io  0x0000-0x0cf7]
[    0.928165] pci_root PNP0A03:00: host bridge window [io  0x0d00-0xadff]
[    0.929478] pci_root PNP0A03:00: host bridge window [io  0xae0f-0xaeff]
[    0.930419] pci_root PNP0A03:00: host bridge window [io  0xaf20-0xafdf]
[    0.932111] pci_root PNP0A03:00: host bridge window [io  0xafe4-0xffff]
[    0.933092] pci_root PNP0A03:00: host bridge window [mem 0x000a0000-0x000bffff]
[    0.934003] pci_root PNP0A03:00: host bridge window [mem 0x04000000-0xfebfffff]
[    0.956869] pci 0000:00:01.3: quirk: [io  0xb000-0xb03f] claimed by PIIX4 ACPI
[    0.958347] pci 0000:00:01.3: quirk: [io  0xb100-0xb10f] claimed by PIIX4 SMB
[    1.033236]  pci0000:00: Unable to request _OSC control (_OSC support mask: 0x1e)
[    1.090889] ACPI: PCI Interrupt Link [LNKA] (IRQs 5 *10 11)
[    1.093465] ACPI: PCI Interrupt Link [LNKB] (IRQs 5 *10 11)
[    1.096199] ACPI: PCI Interrupt Link [LNKC] (IRQs 5 10 *11)
[    1.098094] ACPI: PCI Interrupt Link [LNKD] (IRQs 5 10 *11)
[    1.100476] ACPI: PCI Interrupt Link [LNKS] (IRQs *9)
[    1.106010] vgaarb: device added: PCI:0000:00:02.0,decodes=io+mem,owns=io+mem,locks=none
[    1.108092] vgaarb: loaded
[    1.108607] vgaarb: bridge control possible 0000:00:02.0
[    1.112497] i2c-core: driver [aat2870] using legacy suspend method
[    1.113265] i2c-core: driver [aat2870] using legacy resume method
[    1.116923] SCSI subsystem initialized
[    1.120268] usbcore: registered new interface driver usbfs
[    1.121425] usbcore: registered new interface driver hub
[    1.122505] usbcore: registered new device driver usb
[    1.125987] PCI: Using ACPI for IRQ routing
[    1.137025] NetLabel: Initializing
[    1.137471] NetLabel:  domain hash size = 128
[    1.137977] NetLabel:  protocols = UNLABELED CIPSOv4
[    1.140592] NetLabel:  unlabeled traffic allowed by default
[    1.142333] HPET: 3 timers in total, 0 timers will be used for per-cpu timer
[    1.144136] hpet0: at MMIO 0xfed00000, IRQs 2, 8, 0
[    1.145056] hpet0: 3 comparators, 64-bit 100.000000 MHz counter
[    1.154500] Switching to clocksource hpet
[    1.404004] AppArmor: AppArmor Filesystem Enabled
[    1.406764] pnp: PnP ACPI init
[    1.407786] ACPI: bus type pnp registered
[    1.427283] pnp: PnP ACPI: found 9 devices
[    1.427800] ACPI: ACPI bus type pnp unregistered
[    1.491058] NET: Registered protocol family 2
[    1.526604] IP route cache hash table entries: 512 (order: 0, 4096 bytes)
[    1.534091] TCP established hash table entries: 2048 (order: 3, 32768 bytes)
[    1.537101] TCP bind hash table entries: 2048 (order: 3, 32768 bytes)
[    1.537804] TCP: Hash tables configured (established 2048 bind 2048)
[    1.538747] TCP reno registered
[    1.539283] UDP hash table entries: 128 (order: 0, 4096 bytes)
[    1.541161] UDP-Lite hash table entries: 128 (order: 0, 4096 bytes)
[    1.543854] NET: Registered protocol family 1
[    1.545602] pci 0000:00:00.0: Limiting direct PCI/PCI transfers
[    1.546178] pci 0000:00:01.0: PIIX3: Enabling Passive Release
[    1.547323] pci 0000:00:01.0: Activating ISA DMA hang workarounds
[    1.553324] ACPI: PCI Interrupt Link [LNKD] enabled at IRQ 11
[    1.553980] pci 0000:00:01.2: PCI INT D -&gt; Link[LNKD] -&gt; GSI 11 (level, high) -&gt; IRQ 11
[    1.555989] pci 0000:00:01.2: PCI INT D disabled
[    1.574892] Trying to unpack rootfs image as initramfs...
[    1.594057] audit: initializing netlink socket (disabled)
[    1.595353] type=2000 audit(1450684505.592:1): initialized
[    1.850148] HugeTLB registered 2 MB page size, pre-allocated 0 pages
[    1.905666] VFS: Disk quotas dquot_6.5.2
[    1.907853] Dquot-cache hash table entries: 512 (order 0, 4096 bytes)
[    1.951593] fuse init (API version 7.17)
[    1.955348] msgmni has been set to 84
[    1.987637] Block layer SCSI generic (bsg) driver version 0.4 loaded (major 253)
[    1.994088] io scheduler noop registered
[    1.994678] io scheduler deadline registered (default)
[    1.995743] io scheduler cfq registered
[    1.999438] pci_hotplug: PCI Hot Plug PCI Core version: 0.5
[    2.002186] pciehp: PCI Express Hot Plug Controller Driver version: 0.4
[    2.006764] input: Power Button as /devices/LNXSYSTM:00/LNXPWRBN:00/input/input0
[    2.009922] ACPI: Power Button [PWRF]
[    2.062611] ERST: Table is not found!
[    2.063126] GHES: HEST is not enabled!
[    2.078332] ACPI: PCI Interrupt Link [LNKC] enabled at IRQ 10
[    2.079208] virtio-pci 0000:00:03.0: PCI INT A -&gt; Link[LNKC] -&gt; GSI 10 (level, high) -&gt; IRQ 10
[    2.082361] virtio-pci 0000:00:04.0: PCI INT A -&gt; Link[LNKD] -&gt; GSI 11 (level, high) -&gt; IRQ 11
[    2.090252] ACPI: PCI Interrupt Link [LNKA] enabled at IRQ 10
[    2.091585] virtio-pci 0000:00:05.0: PCI INT A -&gt; Link[LNKA] -&gt; GSI 10 (level, high) -&gt; IRQ 10
[    2.105591] Serial: 8250/16550 driver, 32 ports, IRQ sharing enabled
[    2.147000] serial8250: ttyS0 at I/O 0x3f8 (irq = 4) is a 16550A
[    2.227505] serial8250: ttyS1 at I/O 0x2f8 (irq = 3) is a 16550A
[    2.351110] 00:05: ttyS0 at I/O 0x3f8 (irq = 4) is a 16550A
[    2.423474] 00:06: ttyS1 at I/O 0x2f8 (irq = 3) is a 16550A
[    2.474997] Linux agpgart interface v0.103
[    2.546959] brd: module loaded
[    2.563157] Refined TSC clocksource calibration: 2292.869 MHz.
[    2.565915] Switching to clocksource tsc
[    2.593313] loop: module loaded
[    2.645204]  vda: unknown partition table
[    2.689565] scsi0 : ata_piix
[    2.697374] scsi1 : ata_piix
[    2.698672] ata1: PATA max MWDMA2 cmd 0x1f0 ctl 0x3f6 bmdma 0xc0a0 irq 14
[    2.699570] ata2: PATA max MWDMA2 cmd 0x170 ctl 0x376 bmdma 0xc0a8 irq 15
[    2.710100] Fixed MDIO Bus: probed
[    2.710916] tun: Universal TUN/TAP device driver, 1.6
[    2.711520] tun: (C) 1999-2004 Max Krasnyansky &lt;maxk@qualcomm.com&gt;
[    2.726489] PPP generic driver version 2.4.2
[    2.754955] ehci_hcd: USB 2.0 'Enhanced' Host Controller (EHCI) Driver
[    2.757250] ohci_hcd: USB 1.1 'Open' Host Controller (OHCI) Driver
[    2.758151] uhci_hcd: USB Universal Host Controller Interface driver
[    2.759721] uhci_hcd 0000:00:01.2: PCI INT D -&gt; Link[LNKD] -&gt; GSI 11 (level, high) -&gt; IRQ 11
[    2.763428] uhci_hcd 0000:00:01.2: UHCI Host Controller
[    2.781443] uhci_hcd 0000:00:01.2: new USB bus registered, assigned bus number 1
[    2.783452] uhci_hcd 0000:00:01.2: irq 11, io base 0x0000c040
[    2.831030] hub 1-0:1.0: USB hub found
[    2.833393] hub 1-0:1.0: 2 ports detected
[    2.839990] usbcore: registered new interface driver libusual
[    2.843570] i8042: PNP: PS/2 Controller [PNP0303:KBD,PNP0f13:MOU] at 0x60,0x64 irq 1,12
[    2.852449] serio: i8042 KBD port at 0x60,0x64 irq 1
[    2.853222] serio: i8042 AUX port at 0x60,0x64 irq 12
[    2.894145] mousedev: PS/2 mouse device common for all mice
[    2.912653] ata2.01: ATAPI: QEMU DVD-ROM, 2.0.0, max UDMA/100
[    2.923405] input: AT Translated Set 2 keyboard as /devices/platform/i8042/serio0/input/input1
[    2.927690] rtc_cmos 00:01: RTC can wake from S4
[    2.939798] rtc_cmos 00:01: rtc core: registered rtc_cmos as rtc0
[    2.943746] rtc0: alarms up to one day, 114 bytes nvram, hpet irqs
[    2.946980] device-mapper: uevent: version 1.0.3
[    2.962841] ata2.01: configured for MWDMA2
[    2.990561] device-mapper: ioctl: 4.22.0-ioctl (2011-10-19) initialised: dm-devel@redhat.com
[    2.994238] cpuidle: using governor ladder
[    2.994808] cpuidle: using governor menu
[    2.995532] EFI Variables Facility v0.08 2004-May-17
[    3.002190] TCP cubic registered
[    3.007499] NET: Registered protocol family 10
[    3.030935] NET: Registered protocol family 17
[    3.032839] Registering the dns_resolver key type
[    3.043642] scsi 1:0:1:0: CD-ROM            QEMU     QEMU DVD-ROM     2.0. PQ: 0 ANSI: 5
[    3.076874] sr0: scsi3-mmc drive: 4x/4x cd/rw xa/form2 tray
[    3.080835] cdrom: Uniform CD-ROM driver Revision: 3.20
[    3.103404] sr 1:0:1:0: Attached scsi generic sg0 type 5
[    3.135786] registered taskstats version 1
[    3.322401] Freeing initrd memory: 3656k freed
[    3.875270]   Magic number: 11:247:926
[    3.885995] rtc_cmos 00:01: setting system clock to 2015-12-21 07:55:08 UTC (1450684508)
[    3.887929] powernow-k8: Processor cpuid 663 not supported
[    3.895691] BIOS EDD facility v0.16 2004-Jun-25, 0 devices found
[    3.897041] EDD information not available.
[    3.965097] Freeing unused kernel memory: 928k freed
[    3.969576] Write protecting the kernel read-only data: 12288k
[    4.053139] Freeing unused kernel memory: 1596k freed
[    4.115987] Freeing unused kernel memory: 1184k freed

info: initramfs: up at 4.28
modprobe: module virtio_blk not found in modules.dep
modprobe: module virtio_net not found in modules.dep
info: copying initramfs to /dev/vda
info: initramfs loading root from /dev/vda
info: /etc/init.d/rc.sysinit: up at 8.64
info: container: none
Starting logging: OK
modprobe: module virtio_blk not found in modules.dep
modprobe: module virtio_net not found in modules.dep
WARN: /etc/rc3.d/S10-load-modules failed
Initializing random number generator... done.
Starting acpid: OK
cirros-ds 'local' up at 11.15
found datasource (configdrive, local)
Starting network...
udhcpc (v1.20.1) started
Sending discover...
Sending discover...

2015-12-21 07:57:05,494 21670 INFO     [tempest_lib.common.rest_client] Request (TestNetworkBasicOps:_run_cleanups): 204 DELETE http://10.0.2.15:9696/v2.0/floatingips/7d522bc2-1353-432b-a7f2-52540f7754f8 0.279s
2015-12-21 07:57:05,494 21670 DEBUG    [tempest_lib.common.rest_client] Request - Headers: {'Content-Type': 'application/json', 'Accept': 'application/json', 'X-Auth-Token': '&lt;omitted&gt;'}
        Body: None
    Response - Headers: {'date': 'Mon, 21 Dec 2015 07:57:05 GMT', 'status': '204', 'connection': 'close', 'content-length': '0', 'x-openstack-request-id': 'req-95edfe87-f5b9-4a4f-850f-21e76f6b86a5'}
        Body: 
2015-12-21 07:57:05,702 21670 INFO     [tempest_lib.common.rest_client] Request (TestNetworkBasicOps:_run_cleanups): 204 DELETE http://10.0.2.15:8774/v2.1/84fd3401968b4a4ab658c8db7ae69a5a/servers/a5bb11c9-7992-4387-91c3-e1a80489719c 0.207s
2015-12-21 07:57:05,702 21670 DEBUG    [tempest_lib.common.rest_client] Request - Headers: {'Content-Type': 'application/json', 'Accept': 'application/json', 'X-Auth-Token': '&lt;omitted&gt;'}
        Body: None
    Response - Headers: {'status': '204', 'content-length': '0', 'x-compute-request-id': 'req-f14bd865-ffe0-4ad6-adf4-aa06d736a9b6', 'vary': 'X-OpenStack-Nova-API-Version', 'connection': 'close', 'x-openstack-nova-api-version': '2.1', 'date': 'Mon, 21 Dec 2015 07:57:05 GMT', 'content-type': 'application/json'}
        Body: 
2015-12-21 07:57:05,981 21670 INFO     [tempest_lib.common.rest_client] Request (TestNetworkBasicOps:_run_cleanups): 200 GET http://10.0.2.15:8774/v2.1/84fd3401968b4a4ab658c8db7ae69a5a/servers/a5bb11c9-7992-4387-91c3-e1a80489719c 0.278s
2015-12-21 07:57:05,982 21670 DEBUG    [tempest_lib.common.rest_client] Request - Headers: {'Content-Type': 'application/json', 'Accept': 'application/json', 'X-Auth-Token': '&lt;omitted&gt;'}
        Body: None
    Response - Headers: {'status': '200', 'content-length': '1774', 'content-location': 'http://10.0.2.15:8774/v2.1/84fd3401968b4a4ab658c8db7ae69a5a/servers/a5bb11c9-7992-4387-91c3-e1a80489719c', 'x-compute-request-id': 'req-b1ca5c94-6bee-4457-a040-8dd63151b894', 'vary': 'X-OpenStack-Nova-API-Version', 'connection': 'close', 'x-openstack-nova-api-version': '2.1', 'date': 'Mon, 21 Dec 2015 07:57:05 GMT', 'content-type': 'application/json'}
        Body: {"server": {"status": "ACTIVE", "updated": "2015-12-21T07:57:05Z", "hostId": "bc1482b9e31af650d4a0899f6ab88c57aac4d2611ed93b60b5cd69b2", "addresses": {"tempest-network-smoke--341519301": [{"OS-EXT-IPS-MAC:mac_addr": "fa:16:3e:8f:eb:80", "version": 4, "addr": "10.100.0.3", "OS-EXT-IPS:type": "fixed"}, {"OS-EXT-IPS-MAC:mac_addr": "fa:16:3e:8f:eb:80", "version": 4, "addr": "172.24.4.4", "OS-EXT-IPS:type": "floating"}]}, "links": [{"href": "http://10.0.2.15:8774/v2.1/84fd3401968b4a4ab658c8db7ae69a5a/servers/a5bb11c9-7992-4387-91c3-e1a80489719c", "rel": "self"}, {"href": "http://10.0.2.15:8774/84fd3401968b4a4ab658c8db7ae69a5a/servers/a5bb11c9-7992-4387-91c3-e1a80489719c", "rel": "bookmark"}], "key_name": "tempest-TestNetworkBasicOps-454309221", "image": {"id": "fec33b92-1fd7-42d3-882b-b9e70f22e122", "links": [{"href": "http://10.0.2.15:8774/84fd3401968b4a4ab658c8db7ae69a5a/images/fec33b92-1fd7-42d3-882b-b9e70f22e122", "rel": "bookmark"}]}, "OS-EXT-STS:task_state": "deleting", "OS-EXT-STS:vm_state": "active", "OS-SRV-USG:launched_at": "2015-12-21T07:55:02.000000", "flavor": {"id": "42", "links": [{"href": "http://10.0.2.15:8774/84fd3401968b4a4ab658c8db7ae69a5a/flavors/42", "rel": "bookmark"}]}, "id": "a5bb11c9-7992-4387-91c3-e1a80489719c", "security_groups": [{"name": "tempest-secgroup-smoke-775784257"}], "OS-SRV-USG:terminated_at": null, "OS-EXT-AZ:availability_zone": "nova", "user_id": "e1d0f74de5bc4da7b24f55bd80fd8b03", "name": "tempest.common.compute-instance-1298654160", "created": "2015-12-21T07:54:58Z", "tenant_id": "84fd3401968b4a4ab658c8db7ae69a5a", "OS-DCF:diskConfig": "MANUAL", "os-extended-volumes:volumes_attached": [], "accessIPv4": "", "accessIPv6": "", "progress": 0, "OS-EXT-STS:power_state": 1, "config_drive": "True", "metadata": {}}}
2015-12-21 07:57:07,290 21670 INFO     [tempest_lib.common.rest_client] Request (TestNetworkBasicOps:_run_cleanups): 200 GET http://10.0.2.15:8774/v2.1/84fd3401968b4a4ab658c8db7ae69a5a/servers/a5bb11c9-7992-4387-91c3-e1a80489719c 0.297s
2015-12-21 07:57:07,291 21670 DEBUG    [tempest_lib.common.rest_client] Request - Headers: {'Content-Type': 'application/json', 'Accept': 'application/json', 'X-Auth-Token': '&lt;omitted&gt;'}
        Body: None
    Response - Headers: {'status': '200', 'content-length': '1440', 'content-location': 'http://10.0.2.15:8774/v2.1/84fd3401968b4a4ab658c8db7ae69a5a/servers/a5bb11c9-7992-4387-91c3-e1a80489719c', 'x-compute-request-id': 'req-6643162e-c5ab-4934-87fa-6fbf12c90e09', 'vary': 'X-OpenStack-Nova-API-Version', 'connection': 'close', 'x-openstack-nova-api-version': '2.1', 'date': 'Mon, 21 Dec 2015 07:57:07 GMT', 'content-type': 'application/json'}
        Body: {"server": {"status": "ACTIVE", "updated": "2015-12-21T07:57:06Z", "hostId": "bc1482b9e31af650d4a0899f6ab88c57aac4d2611ed93b60b5cd69b2", "addresses": {}, "links": [{"href": "http://10.0.2.15:8774/v2.1/84fd3401968b4a4ab658c8db7ae69a5a/servers/a5bb11c9-7992-4387-91c3-e1a80489719c", "rel": "self"}, {"href": "http://10.0.2.15:8774/84fd3401968b4a4ab658c8db7ae69a5a/servers/a5bb11c9-7992-4387-91c3-e1a80489719c", "rel": "bookmark"}], "key_name": "tempest-TestNetworkBasicOps-454309221", "image": {"id": "fec33b92-1fd7-42d3-882b-b9e70f22e122", "links": [{"href": "http://10.0.2.15:8774/84fd3401968b4a4ab658c8db7ae69a5a/images/fec33b92-1fd7-42d3-882b-b9e70f22e122", "rel": "bookmark"}]}, "OS-EXT-STS:task_state": "deleting", "OS-EXT-STS:vm_state": "active", "OS-SRV-USG:launched_at": "2015-12-21T07:55:02.000000", "flavor": {"id": "42", "links": [{"href": "http://10.0.2.15:8774/84fd3401968b4a4ab658c8db7ae69a5a/flavors/42", "rel": "bookmark"}]}, "id": "a5bb11c9-7992-4387-91c3-e1a80489719c", "OS-SRV-USG:terminated_at": null, "OS-EXT-AZ:availability_zone": "nova", "user_id": "e1d0f74de5bc4da7b24f55bd80fd8b03", "name": "tempest.common.compute-instance-1298654160", "created": "2015-12-21T07:54:58Z", "tenant_id": "84fd3401968b4a4ab658c8db7ae69a5a", "OS-DCF:diskConfig": "MANUAL", "os-extended-volumes:volumes_attached": [], "accessIPv4": "", "accessIPv6": "", "progress": 0, "OS-EXT-STS:power_state": 1, "config_drive": "True", "metadata": {}}}
2015-12-21 07:57:08,394 21670 INFO     [tempest_lib.common.rest_client] Request (TestNetworkBasicOps:_run_cleanups): 404 GET http://10.0.2.15:8774/v2.1/84fd3401968b4a4ab658c8db7ae69a5a/servers/a5bb11c9-7992-4387-91c3-e1a80489719c 0.085s
2015-12-21 07:57:08,395 21670 DEBUG    [tempest_lib.common.rest_client] Request - Headers: {'Content-Type': 'application/json', 'Accept': 'application/json', 'X-Auth-Token': '&lt;omitted&gt;'}
        Body: None
    Response - Headers: {'status': '404', 'content-length': '111', 'x-compute-request-id': 'req-6a08463b-aef2-422c-84b8-9905466812c0', 'vary': 'X-OpenStack-Nova-API-Version', 'connection': 'close', 'x-openstack-nova-api-version': '2.1', 'date': 'Mon, 21 Dec 2015 07:57:08 GMT', 'content-type': 'application/json; charset=UTF-8'}
        Body: {"itemNotFound": {"message": "Instance a5bb11c9-7992-4387-91c3-e1a80489719c could not be found.", "code": 404}}
2015-12-21 07:57:08,415 21670 INFO     [tempest_lib.common.rest_client] Request (TestNetworkBasicOps:_run_cleanups): 202 DELETE http://10.0.2.15:8774/v2.1/84fd3401968b4a4ab658c8db7ae69a5a/os-keypairs/tempest-TestNetworkBasicOps-454309221 0.019s
2015-12-21 07:57:08,415 21670 DEBUG    [tempest_lib.common.rest_client] Request - Headers: {'Content-Type': 'application/json', 'Accept': 'application/json', 'X-Auth-Token': '&lt;omitted&gt;'}
        Body: None
    Response - Headers: {'status': '202', 'content-length': '0', 'x-compute-request-id': 'req-4c4b295f-fed9-4cd8-b058-16686f200c32', 'vary': 'X-OpenStack-Nova-API-Version', 'connection': 'close', 'x-openstack-nova-api-version': '2.1', 'date': 'Mon, 21 Dec 2015 07:57:08 GMT', 'content-type': 'application/json'}
        Body: 
2015-12-21 07:57:08,819 21670 INFO     [tempest_lib.common.rest_client] Request (TestNetworkBasicOps:_run_cleanups): 200 PUT http://10.0.2.15:9696/v2.0/routers/0092d4b3-aa0e-495d-a023-c994ed1d8e72/remove_router_interface 0.403s
2015-12-21 07:57:08,820 21670 DEBUG    [tempest_lib.common.rest_client] Request - Headers: {'Content-Type': 'application/json', 'Accept': 'application/json', 'X-Auth-Token': '&lt;omitted&gt;'}
        Body: {"subnet_id": "98a8bc88-bb03-4a62-bd69-761e0ab0c32b"}
    Response - Headers: {'status': '200', 'content-length': '255', 'connection': 'close', 'date': 'Mon, 21 Dec 2015 07:57:08 GMT', 'content-type': 'application/json; charset=UTF-8', 'x-openstack-request-id': 'req-c756a83a-0627-4731-ada4-242c6c929eee'}
        Body: {"subnet_id": "98a8bc88-bb03-4a62-bd69-761e0ab0c32b", "tenant_id": "84fd3401968b4a4ab658c8db7ae69a5a", "subnet_ids": ["98a8bc88-bb03-4a62-bd69-761e0ab0c32b"], "port_id": "e9bfdea6-6feb-4a2d-b519-b4230ada9a8d", "id": "0092d4b3-aa0e-495d-a023-c994ed1d8e72"}
2015-12-21 07:57:09,375 21670 INFO     [tempest_lib.common.rest_client] Request (TestNetworkBasicOps:_run_cleanups): 204 DELETE http://10.0.2.15:9696/v2.0/subnets/98a8bc88-bb03-4a62-bd69-761e0ab0c32b 0.553s
2015-12-21 07:57:09,375 21670 DEBUG    [tempest_lib.common.rest_client] Request - Headers: {'Content-Type': 'application/json', 'Accept': 'application/json', 'X-Auth-Token': '&lt;omitted&gt;'}
        Body: None
    Response - Headers: {'date': 'Mon, 21 Dec 2015 07:57:09 GMT', 'status': '204', 'connection': 'close', 'content-length': '0', 'x-openstack-request-id': 'req-87313fe5-4217-4e7b-bfd7-69e13463e1e8'}
        Body: 
2015-12-21 07:57:09,435 21670 INFO     [tempest_lib.common.rest_client] Request (TestNetworkBasicOps:_run_cleanups): 200 GET http://10.0.2.15:9696/v2.0/routers/0092d4b3-aa0e-495d-a023-c994ed1d8e72 0.059s
2015-12-21 07:57:09,435 21670 DEBUG    [tempest_lib.common.rest_client] Request - Headers: {'Content-Type': 'application/json', 'Accept': 'application/json', 'X-Auth-Token': '&lt;omitted&gt;'}
        Body: None
    Response - Headers: {'status': '200', 'content-length': '563', 'content-location': 'http://10.0.2.15:9696/v2.0/routers/0092d4b3-aa0e-495d-a023-c994ed1d8e72', 'connection': 'close', 'date': 'Mon, 21 Dec 2015 07:57:09 GMT', 'content-type': 'application/json; charset=UTF-8', 'x-openstack-request-id': 'req-a8b0252c-f7a3-4e4a-a940-bc691f9425cc'}
        Body: {"router": {"status": "ACTIVE", "external_gateway_info": {"network_id": "8f5e723a-ccdb-4e64-8b10-f8b09fbd5402", "enable_snat": true, "external_fixed_ips": [{"subnet_id": "b11c5f0b-43eb-4b93-b9e5-68e0b4f0d2e2", "ip_address": "172.24.4.3"}, {"subnet_id": "9da425d5-5210-4a87-b3c2-510730ebffd6", "ip_address": "2001:db8::4"}]}, "availability_zone_hints": [], "availability_zones": ["nova"], "name": "tempest-router-smoke-822888641", "admin_state_up": true, "tenant_id": "84fd3401968b4a4ab658c8db7ae69a5a", "routes": [], "id": "0092d4b3-aa0e-495d-a023-c994ed1d8e72"}}
2015-12-21 07:57:09,938 21670 INFO     [tempest_lib.common.rest_client] Request (TestNetworkBasicOps:_run_cleanups): 200 PUT http://10.0.2.15:9696/v2.0/routers/0092d4b3-aa0e-495d-a023-c994ed1d8e72 0.502s
2015-12-21 07:57:09,939 21670 DEBUG    [tempest_lib.common.rest_client] Request - Headers: {'Content-Type': 'application/json', 'Accept': 'application/json', 'X-Auth-Token': '&lt;omitted&gt;'}
        Body: {"router": {"external_gateway_info": {}, "name": "tempest-router-smoke-822888641", "admin_state_up": true}}
    Response - Headers: {'status': '200', 'content-length': '301', 'connection': 'close', 'date': 'Mon, 21 Dec 2015 07:57:09 GMT', 'content-type': 'application/json; charset=UTF-8', 'x-openstack-request-id': 'req-9860fd7b-00e7-488c-9860-bb12dbf0ce43'}
        Body: {"router": {"status": "ACTIVE", "external_gateway_info": null, "availability_zone_hints": [], "availability_zones": ["nova"], "name": "tempest-router-smoke-822888641", "admin_state_up": true, "tenant_id": "84fd3401968b4a4ab658c8db7ae69a5a", "routes": [], "id": "0092d4b3-aa0e-495d-a023-c994ed1d8e72"}}
2015-12-21 07:57:10,181 21670 INFO     [tempest_lib.common.rest_client] Request (TestNetworkBasicOps:_run_cleanups): 204 DELETE http://10.0.2.15:9696/v2.0/routers/0092d4b3-aa0e-495d-a023-c994ed1d8e72 0.241s
2015-12-21 07:57:10,182 21670 DEBUG    [tempest_lib.common.rest_client] Request - Headers: {'Content-Type': 'application/json', 'Accept': 'application/json', 'X-Auth-Token': '&lt;omitted&gt;'}
        Body: None
    Response - Headers: {'date': 'Mon, 21 Dec 2015 07:57:10 GMT', 'status': '204', 'connection': 'close', 'content-length': '0', 'x-openstack-request-id': 'req-717216a1-2fd5-4b0d-8fd2-987fe8e48256'}
        Body: 
2015-12-21 07:57:10,407 21670 INFO     [tempest_lib.common.rest_client] Request (TestNetworkBasicOps:_run_cleanups): 204 DELETE http://10.0.2.15:9696/v2.0/networks/85266357-0e0c-46d6-bc57-9882fe00b7ab 0.224s
2015-12-21 07:57:10,407 21670 DEBUG    [tempest_lib.common.rest_client] Request - Headers: {'Content-Type': 'application/json', 'Accept': 'application/json', 'X-Auth-Token': '&lt;omitted&gt;'}
        Body: None
    Response - Headers: {'date': 'Mon, 21 Dec 2015 07:57:10 GMT', 'status': '204', 'connection': 'close', 'content-length': '0', 'x-openstack-request-id': 'req-def3bcf5-e3a2-4c7d-820d-b797672f23de'}
        Body: 
2015-12-21 07:57:10,468 21670 INFO     [tempest_lib.common.rest_client] Request (TestNetworkBasicOps:_run_cleanups): 204 DELETE http://10.0.2.15:9696/v2.0/security-group-rules/edb181d9-d211-4aa9-bb96-eb59ace73ebb 0.059s
2015-12-21 07:57:10,468 21670 DEBUG    [tempest_lib.common.rest_client] Request - Headers: {'Content-Type': 'application/json', 'Accept': 'application/json', 'X-Auth-Token': '&lt;omitted&gt;'}
        Body: None
    Response - Headers: {'date': 'Mon, 21 Dec 2015 07:57:10 GMT', 'status': '204', 'connection': 'close', 'content-length': '0', 'x-openstack-request-id': 'req-7d392a3a-e4a8-45b0-8d31-9afc2d4dfa94'}
        Body: 
2015-12-21 07:57:10,531 21670 INFO     [tempest_lib.common.rest_client] Request (TestNetworkBasicOps:_run_cleanups): 204 DELETE http://10.0.2.15:9696/v2.0/security-group-rules/e7f3d0dc-6989-4dcb-9807-731fa9c0e8a8 0.062s
2015-12-21 07:57:10,532 21670 DEBUG    [tempest_lib.common.rest_client] Request - Headers: {'Content-Type': 'application/json', 'Accept': 'application/json', 'X-Auth-Token': '&lt;omitted&gt;'}
        Body: None
    Response - Headers: {'date': 'Mon, 21 Dec 2015 07:57:10 GMT', 'status': '204', 'connection': 'close', 'content-length': '0', 'x-openstack-request-id': 'req-50fa2af1-789c-4038-b407-ee943328f80a'}
        Body: 
2015-12-21 07:57:10,606 21670 INFO     [tempest_lib.common.rest_client] Request (TestNetworkBasicOps:_run_cleanups): 204 DELETE http://10.0.2.15:9696/v2.0/security-group-rules/2e36f242-56b4-4169-8c9f-34c27d8c7f98 0.073s
2015-12-21 07:57:10,606 21670 DEBUG    [tempest_lib.common.rest_client] Request - Headers: {'Content-Type': 'application/json', 'Accept': 'application/json', 'X-Auth-Token': '&lt;omitted&gt;'}
        Body: None
    Response - Headers: {'date': 'Mon, 21 Dec 2015 07:57:10 GMT', 'status': '204', 'connection': 'close', 'content-length': '0', 'x-openstack-request-id': 'req-e7ca6720-60d3-4fc4-b7aa-43ae07aa0f1e'}
        Body: 
2015-12-21 07:57:10,666 21670 INFO     [tempest_lib.common.rest_client] Request (TestNetworkBasicOps:_run_cleanups): 204 DELETE http://10.0.2.15:9696/v2.0/security-group-rules/f3cd919f-d98b-4507-8b6f-22cdd992911f 0.058s
2015-12-21 07:57:10,666 21670 DEBUG    [tempest_lib.common.rest_client] Request - Headers: {'Content-Type': 'application/json', 'Accept': 'application/json', 'X-Auth-Token': '&lt;omitted&gt;'}
        Body: None
    Response - Headers: {'date': 'Mon, 21 Dec 2015 07:57:10 GMT', 'status': '204', 'connection': 'close', 'content-length': '0', 'x-openstack-request-id': 'req-9438e368-11e4-4f82-bcd9-a9c026676029'}
        Body: 
2015-12-21 07:57:10,723 21670 INFO     [tempest_lib.common.rest_client] Request (TestNetworkBasicOps:_run_cleanups): 204 DELETE http://10.0.2.15:9696/v2.0/security-group-rules/e99b7071-eb6c-419d-b1c0-5d9330ef18a1 0.055s
2015-12-21 07:57:10,723 21670 DEBUG    [tempest_lib.common.rest_client] Request - Headers: {'Content-Type': 'application/json', 'Accept': 'application/json', 'X-Auth-Token': '&lt;omitted&gt;'}
        Body: None
