<?xml version="1.0" encoding="UTF-8"?>
<!DOCTYPE html PUBLIC "-//W3C//DTD XHTML 1.0 Strict//EN"
     "http://www.w3.org/TR/xhtml1/DTD/xhtml1-strict.dtd">
<html xmlns="http://www.w3.org/1999/xhtml">
<head>
    <title>Unit Test Report</title>
    <meta name="generator" content="subunit2html 0.1"/>
    <meta http-equiv="Content-Type" content="text/html; charset=UTF-8"/>
    
<style type="text/css" media="screen">
body        { font-family: verdana, arial, helvetica, sans-serif;
    font-size: 80%; }
table       { font-size: 100%; width: 100%;}
pre         { font-size: 80%; }

/* -- heading -------------------------------------------------------------- */
h1 {
        font-size: 16pt;
        color: gray;
}
.heading {
    margin-top: 0ex;
    margin-bottom: 1ex;
}

.heading .attribute {
    margin-top: 1ex;
    margin-bottom: 0;
}

.heading .description {
    margin-top: 4ex;
    margin-bottom: 6ex;
}

/* -- css div popup -------------------------------------------------------- */
a.popup_link {
}

a.popup_link:hover {
    color: red;
}

.popup_window {
    display: none;
    overflow-x: scroll;
    /*border: solid #627173 1px; */
    padding: 10px;
    background-color: #E6E6D6;
    font-family: "Ubuntu Mono", "Lucida Console", "Courier New", monospace;
    text-align: left;
    font-size: 8pt;
}

}
/* -- report --------------------------------------------------------------- */
#show_detail_line {
    margin-top: 3ex;
    margin-bottom: 1ex;
}
#result_table {
    width: 100%;
    border-collapse: collapse;
    border: 1px solid #777;
}
#header_row {
    font-weight: bold;
    color: white;
    background-color: #777;
}
#result_table td {
    border: 1px solid #777;
    padding: 2px;
}
#total_row  { font-weight: bold; }
.passClass  { background-color: #6c6; }
.failClass  { background-color: #c60; }
.errorClass { background-color: #c00; }
.passCase   { color: #6c6; }
.failCase   { color: #c60; font-weight: bold; }
.errorCase  { color: #c00; font-weight: bold; }
.hiddenRow  { display: none; }
.testcase   { margin-left: 2em; }
td.testname {width: 40%}
td.small {width: 40px}

/* -- ending --------------------------------------------------------------- */
#ending {
}

</style>

</head>
<body>
<script language="javascript" type="text/javascript"><!--
output_list = Array();

/* level - 0:Summary; 1:Failed; 2:All */
function showCase(level) {
    trs = document.getElementsByTagName("tr");
    for (var i = 0; i < trs.length; i++) {
        tr = trs[i];
        id = tr.id;
        if (id.substr(0,2) == 'ft') {
            if (level < 1) {
                tr.className = 'hiddenRow';
            }
            else {
                tr.className = '';
            }
        }
        if (id.substr(0,2) == 'pt') {
            if (level > 1) {
                tr.className = '';
            }
            else {
                tr.className = 'hiddenRow';
            }
        }
    }
}


function showClassDetail(cid, count) {
    var id_list = Array(count);
    var toHide = 1;
    for (var i = 0; i < count; i++) {
        tid0 = 't' + cid.substr(1) + '.' + (i+1);
        tid = 'f' + tid0;
        tr = document.getElementById(tid);
        if (!tr) {
            tid = 'p' + tid0;
            tr = document.getElementById(tid);
        }
        id_list[i] = tid;
        if (tr.className) {
            toHide = 0;
        }
    }
    for (var i = 0; i < count; i++) {
        tid = id_list[i];
        if (toHide) {
            document.getElementById('div_'+tid).style.display = 'none'
            document.getElementById(tid).className = 'hiddenRow';
        }
        else {
            document.getElementById(tid).className = '';
        }
    }
}


function showTestDetail(div_id){
    var details_div = document.getElementById(div_id)
    var displayState = details_div.style.display
    // alert(displayState)
    if (displayState != 'block' ) {
        displayState = 'block'
        details_div.style.display = 'block'
    }
    else {
        details_div.style.display = 'none'
    }
}


function html_escape(s) {
    s = s.replace(/&/g,'&amp;');
    s = s.replace(/</g,'&lt;');
    s = s.replace(/>/g,'&gt;');
    return s;
}

/* obsoleted by detail in <div>
function showOutput(id, name) {
    var w = window.open("", //url
                    name,
                    "resizable,scrollbars,status,width=800,height=450");
    d = w.document;
    d.write("<pre>");
    d.write(html_escape(output_list[id]));
    d.write("\n");
    d.write("<a href='javascript:window.close()'>close</a>\n");
    d.write("</pre>\n");
    d.close();
}
*/
--></script>

<div class='heading'>
<h1>Unit Test Report</h1>

<p class='attribute'><strong>Status:</strong> Pass 1 Failure 7 Skip 1</p>

<p class='description'></p>
</div>



<p id='show_detail_line'>Show
<a href='javascript:showCase(0)'>Summary</a>
<a href='javascript:showCase(1)'>Failed</a>
<a href='javascript:showCase(2)'>All</a>
</p>
<table id='result_table'>
<colgroup>
<col align='left' />
<col align='right' />
<col align='right' />
<col align='right' />
<col align='right' />
<col align='right' />
<col align='right' />
<col align='right' />
</colgroup>
<tr id='header_row'>
    <td>Test Group/Test case</td>
    <td>Count</td>
    <td>Pass</td>
    <td>Fail</td>
    <td>Error</td>
    <td>Skip</td>
    <td>View</td>
    <td> </td>
</tr>

<tr class='failClass'>
    <td class="testname">tempest.scenario.test_network_basic_ops.TestNetworkBasicOps</td>
    <td class="small">9</td>
    <td class="small">1</td>
    <td class="small">7</td>
    <td class="small">0</td>
    <td class="small">1</td>
    <td class="small"><a href="javascript:showClassDetail('c1',9)"
>Detail</a></td>
    <td> </td>
</tr>

<tr id='ft1.1' class='none'>
    <td class='failCase'><div class='testcase'>test_connectivity_between_vms_on_different_networks[compute,id-1546850e-fbaa-42f5-8b5f-03d8a6a95f15,network]</div></td>
    <td colspan='7' align='left'>

    <!--css div popup start-->
    <a class="popup_link" onfocus='this.blur();'
    href="javascript:showTestDetail('div_ft1.1')" >
        fail</a>

    <div id='div_ft1.1' class="popup_window">
        <div style='text-align: right; color:red;cursor:pointer'>
        <a onfocus='this.blur();'
onclick="document.getElementById('div_ft1.1').style.display = 'none' " >
           [x]</a>
        </div>
        <pre>
        
ft1.1: tempest.scenario.test_network_basic_ops.TestNetworkBasicOps.test_connectivity_between_vms_on_different_networks[compute,id-1546850e-fbaa-42f5-8b5f-03d8a6a95f15,network]_StringException: Empty attachments:
  stderr
  stdout

pythonlogging:'': {{{
2015-12-04 03:48:58,038 20470 INFO     [tempest_lib.common.rest_client] Request (TestNetworkBasicOps:test_connectivity_between_vms_on_different_networks): 201 POST http://10.0.2.15:9696/v2.0/security-groups 0.343s
2015-12-04 03:48:58,039 20470 DEBUG    [tempest_lib.common.rest_client] Request - Headers: {'Content-Type': 'application/json', 'Accept': 'application/json', 'X-Auth-Token': '&lt;omitted&gt;'}
        Body: {"security_group": {"tenant_id": "de5f584b20e6417f89759c66e0d95670", "description": "tempest-secgroup-smoke-1695350628 description", "name": "tempest-secgroup-smoke-1695350628"}}
    Response - Headers: {'status': '201', 'content-length': '888', 'connection': 'close', 'date': 'Fri, 04 Dec 2015 03:48:58 GMT', 'content-type': 'application/json; charset=UTF-8', 'x-openstack-request-id': 'req-46f12c74-96b0-4890-b81a-ec0fcfd74059'}
        Body: {"security_group": {"tenant_id": "de5f584b20e6417f89759c66e0d95670", "description": "tempest-secgroup-smoke-1695350628 description", "id": "4a1aa757-19d8-4e67-a2fa-8157306a7e73", "security_group_rules": [{"remote_group_id": null, "direction": "egress", "remote_ip_prefix": null, "protocol": null, "ethertype": "IPv4", "tenant_id": "de5f584b20e6417f89759c66e0d95670", "port_range_max": null, "port_range_min": null, "id": "cf7f9fe5-0579-465b-b125-c76fc0647088", "security_group_id": "4a1aa757-19d8-4e67-a2fa-8157306a7e73"}, {"remote_group_id": null, "direction": "egress", "remote_ip_prefix": null, "protocol": null, "ethertype": "IPv6", "tenant_id": "de5f584b20e6417f89759c66e0d95670", "port_range_max": null, "port_range_min": null, "id": "4418564a-717a-440c-b0af-27cfe8f4c569", "security_group_id": "4a1aa757-19d8-4e67-a2fa-8157306a7e73"}], "name": "tempest-secgroup-smoke-1695350628"}}
2015-12-04 03:48:58,161 20470 INFO     [tempest_lib.common.rest_client] Request (TestNetworkBasicOps:test_connectivity_between_vms_on_different_networks): 201 POST http://10.0.2.15:9696/v2.0/security-group-rules 0.120s
2015-12-04 03:48:58,161 20470 DEBUG    [tempest_lib.common.rest_client] Request - Headers: {'Content-Type': 'application/json', 'Accept': 'application/json', 'X-Auth-Token': '&lt;omitted&gt;'}
        Body: {"security_group_rule": {"direction": "ingress", "protocol": "tcp", "tenant_id": "de5f584b20e6417f89759c66e0d95670", "port_range_max": 22, "security_group_id": "4a1aa757-19d8-4e67-a2fa-8157306a7e73", "port_range_min": 22}}
    Response - Headers: {'status': '201', 'content-length': '340', 'connection': 'close', 'date': 'Fri, 04 Dec 2015 03:48:58 GMT', 'content-type': 'application/json; charset=UTF-8', 'x-openstack-request-id': 'req-cc100ab5-113e-4118-b485-f178ea02d6fc'}
        Body: {"security_group_rule": {"remote_group_id": null, "direction": "ingress", "remote_ip_prefix": null, "protocol": "tcp", "ethertype": "IPv4", "tenant_id": "de5f584b20e6417f89759c66e0d95670", "port_range_max": 22, "port_range_min": 22, "id": "fbee8d8a-ec95-4b39-a3f3-f55c95039e9b", "security_group_id": "4a1aa757-19d8-4e67-a2fa-8157306a7e73"}}
2015-12-04 03:48:58,288 20470 INFO     [tempest_lib.common.rest_client] Request (TestNetworkBasicOps:test_connectivity_between_vms_on_different_networks): 201 POST http://10.0.2.15:9696/v2.0/security-group-rules 0.126s
2015-12-04 03:48:58,289 20470 DEBUG    [tempest_lib.common.rest_client] Request - Headers: {'Content-Type': 'application/json', 'Accept': 'application/json', 'X-Auth-Token': '&lt;omitted&gt;'}
        Body: {"security_group_rule": {"direction": "egress", "protocol": "tcp", "tenant_id": "de5f584b20e6417f89759c66e0d95670", "port_range_max": 22, "security_group_id": "4a1aa757-19d8-4e67-a2fa-8157306a7e73", "port_range_min": 22}}
    Response - Headers: {'status': '201', 'content-length': '339', 'connection': 'close', 'date': 'Fri, 04 Dec 2015 03:48:58 GMT', 'content-type': 'application/json; charset=UTF-8', 'x-openstack-request-id': 'req-6f88baf5-0a03-4c89-9580-44f0a53c9ce6'}
        Body: {"security_group_rule": {"remote_group_id": null, "direction": "egress", "remote_ip_prefix": null, "protocol": "tcp", "ethertype": "IPv4", "tenant_id": "de5f584b20e6417f89759c66e0d95670", "port_range_max": 22, "port_range_min": 22, "id": "68bc4c0e-1d40-480b-94ca-42997f003ef2", "security_group_id": "4a1aa757-19d8-4e67-a2fa-8157306a7e73"}}
2015-12-04 03:48:58,406 20470 INFO     [tempest_lib.common.rest_client] Request (TestNetworkBasicOps:test_connectivity_between_vms_on_different_networks): 201 POST http://10.0.2.15:9696/v2.0/security-group-rules 0.116s
2015-12-04 03:48:58,407 20470 DEBUG    [tempest_lib.common.rest_client] Request - Headers: {'Content-Type': 'application/json', 'Accept': 'application/json', 'X-Auth-Token': '&lt;omitted&gt;'}
        Body: {"security_group_rule": {"tenant_id": "de5f584b20e6417f89759c66e0d95670", "direction": "ingress", "protocol": "icmp", "security_group_id": "4a1aa757-19d8-4e67-a2fa-8157306a7e73"}}
    Response - Headers: {'status': '201', 'content-length': '345', 'connection': 'close', 'date': 'Fri, 04 Dec 2015 03:48:58 GMT', 'content-type': 'application/json; charset=UTF-8', 'x-openstack-request-id': 'req-3a378b07-578c-4acb-9b46-eab8449a3396'}
        Body: {"security_group_rule": {"remote_group_id": null, "direction": "ingress", "remote_ip_prefix": null, "protocol": "icmp", "ethertype": "IPv4", "tenant_id": "de5f584b20e6417f89759c66e0d95670", "port_range_max": null, "port_range_min": null, "id": "e559aa65-278e-4f94-b88a-336f227640f0", "security_group_id": "4a1aa757-19d8-4e67-a2fa-8157306a7e73"}}
2015-12-04 03:48:58,530 20470 INFO     [tempest_lib.common.rest_client] Request (TestNetworkBasicOps:test_connectivity_between_vms_on_different_networks): 201 POST http://10.0.2.15:9696/v2.0/security-group-rules 0.121s
2015-12-04 03:48:58,530 20470 DEBUG    [tempest_lib.common.rest_client] Request - Headers: {'Content-Type': 'application/json', 'Accept': 'application/json', 'X-Auth-Token': '&lt;omitted&gt;'}
        Body: {"security_group_rule": {"tenant_id": "de5f584b20e6417f89759c66e0d95670", "direction": "egress", "protocol": "icmp", "security_group_id": "4a1aa757-19d8-4e67-a2fa-8157306a7e73"}}
    Response - Headers: {'status': '201', 'content-length': '344', 'connection': 'close', 'date': 'Fri, 04 Dec 2015 03:48:58 GMT', 'content-type': 'application/json; charset=UTF-8', 'x-openstack-request-id': 'req-ce2dddb9-31d6-46a0-83b9-556a3d41062a'}
        Body: {"security_group_rule": {"remote_group_id": null, "direction": "egress", "remote_ip_prefix": null, "protocol": "icmp", "ethertype": "IPv4", "tenant_id": "de5f584b20e6417f89759c66e0d95670", "port_range_max": null, "port_range_min": null, "id": "2a0cdd81-6bfe-4566-80a0-6274b7d5d712", "security_group_id": "4a1aa757-19d8-4e67-a2fa-8157306a7e73"}}
2015-12-04 03:48:58,638 20470 INFO     [tempest_lib.common.rest_client] Request (TestNetworkBasicOps:test_connectivity_between_vms_on_different_networks): 201 POST http://10.0.2.15:9696/v2.0/security-group-rules 0.107s
2015-12-04 03:48:58,639 20470 DEBUG    [tempest_lib.common.rest_client] Request - Headers: {'Content-Type': 'application/json', 'Accept': 'application/json', 'X-Auth-Token': '&lt;omitted&gt;'}
        Body: {"security_group_rule": {"tenant_id": "de5f584b20e6417f89759c66e0d95670", "direction": "ingress", "security_group_id": "4a1aa757-19d8-4e67-a2fa-8157306a7e73", "protocol": "icmp", "ethertype": "IPv6"}}
    Response - Headers: {'status': '201', 'content-length': '345', 'connection': 'close', 'date': 'Fri, 04 Dec 2015 03:48:58 GMT', 'content-type': 'application/json; charset=UTF-8', 'x-openstack-request-id': 'req-b8a13077-d4cb-4dad-9385-97ec7e0640ed'}
        Body: {"security_group_rule": {"remote_group_id": null, "direction": "ingress", "remote_ip_prefix": null, "protocol": "icmp", "ethertype": "IPv6", "tenant_id": "de5f584b20e6417f89759c66e0d95670", "port_range_max": null, "port_range_min": null, "id": "ee896f59-0865-47db-9bd6-dcd06bc5b7ed", "security_group_id": "4a1aa757-19d8-4e67-a2fa-8157306a7e73"}}
2015-12-04 03:48:58,760 20470 INFO     [tempest_lib.common.rest_client] Request (TestNetworkBasicOps:test_connectivity_between_vms_on_different_networks): 201 POST http://10.0.2.15:9696/v2.0/security-group-rules 0.119s
2015-12-04 03:48:58,760 20470 DEBUG    [tempest_lib.common.rest_client] Request - Headers: {'Content-Type': 'application/json', 'Accept': 'application/json', 'X-Auth-Token': '&lt;omitted&gt;'}
        Body: {"security_group_rule": {"tenant_id": "de5f584b20e6417f89759c66e0d95670", "direction": "egress", "security_group_id": "4a1aa757-19d8-4e67-a2fa-8157306a7e73", "protocol": "icmp", "ethertype": "IPv6"}}
    Response - Headers: {'status': '201', 'content-length': '344', 'connection': 'close', 'date': 'Fri, 04 Dec 2015 03:48:58 GMT', 'content-type': 'application/json; charset=UTF-8', 'x-openstack-request-id': 'req-b5ea0fa2-5882-4624-8d3e-a09ed654ddda'}
        Body: {"security_group_rule": {"remote_group_id": null, "direction": "egress", "remote_ip_prefix": null, "protocol": "icmp", "ethertype": "IPv6", "tenant_id": "de5f584b20e6417f89759c66e0d95670", "port_range_max": null, "port_range_min": null, "id": "346d0298-9507-43ba-81eb-fe2e844496cf", "security_group_id": "4a1aa757-19d8-4e67-a2fa-8157306a7e73"}}
2015-12-04 03:48:58,958 20470 INFO     [tempest_lib.common.rest_client] Request (TestNetworkBasicOps:test_connectivity_between_vms_on_different_networks): 201 POST http://10.0.2.15:9696/v2.0/networks 0.196s
2015-12-04 03:48:58,958 20470 DEBUG    [tempest_lib.common.rest_client] Request - Headers: {'Content-Type': 'application/json', 'Accept': 'application/json', 'X-Auth-Token': '&lt;omitted&gt;'}
        Body: {"network": {"tenant_id": "de5f584b20e6417f89759c66e0d95670", "name": "tempest-network-smoke--96477831"}}
    Response - Headers: {'status': '201', 'content-length': '327', 'connection': 'close', 'date': 'Fri, 04 Dec 2015 03:48:58 GMT', 'content-type': 'application/json; charset=UTF-8', 'x-openstack-request-id': 'req-553af335-5602-4ed5-9a08-a09950efbd7d'}
        Body: {"network": {"status": "ACTIVE", "subnets": [], "availability_zone_hints": "[]", "name": "tempest-network-smoke--96477831", "admin_state_up": true, "tenant_id": "de5f584b20e6417f89759c66e0d95670", "mtu": 0, "router:external": false, "shared": false, "port_security_enabled": true, "id": "4453d705-1828-484a-a3b8-aa834a8959c8"}}
2015-12-04 03:48:59,039 20470 INFO     [tempest_lib.common.rest_client] Request (TestNetworkBasicOps:test_connectivity_between_vms_on_different_networks): 201 POST http://10.0.2.15:9696/v2.0/routers 0.080s
2015-12-04 03:48:59,040 20470 DEBUG    [tempest_lib.common.rest_client] Request - Headers: {'Content-Type': 'application/json', 'Accept': 'application/json', 'X-Auth-Token': '&lt;omitted&gt;'}
        Body: {"router": {"tenant_id": "de5f584b20e6417f89759c66e0d95670", "name": "tempest-router-smoke-1141698813", "admin_state_up": true}}
    Response - Headers: {'status': '201', 'content-length': '239', 'connection': 'close', 'date': 'Fri, 04 Dec 2015 03:48:59 GMT', 'content-type': 'application/json; charset=UTF-8', 'x-openstack-request-id': 'req-c27f7f30-7a2a-4463-b317-f4e417d956db'}
        Body: {"router": {"status": "ACTIVE", "external_gateway_info": null, "name": "tempest-router-smoke-1141698813", "admin_state_up": true, "tenant_id": "de5f584b20e6417f89759c66e0d95670", "routes": [], "id": "41c69eec-abb4-423d-868d-3bf81fedfb1e"}}
2015-12-04 03:48:59,092 20470 INFO     [tempest_lib.common.rest_client] Request (TestNetworkBasicOps:test_connectivity_between_vms_on_different_networks): 200 GET http://10.0.2.15:9696/v2.0/routers/41c69eec-abb4-423d-868d-3bf81fedfb1e 0.051s
2015-12-04 03:48:59,093 20470 DEBUG    [tempest_lib.common.rest_client] Request - Headers: {'Content-Type': 'application/json', 'Accept': 'application/json', 'X-Auth-Token': '&lt;omitted&gt;'}
        Body: None
    Response - Headers: {'status': '200', 'content-length': '239', 'content-location': 'http://10.0.2.15:9696/v2.0/routers/41c69eec-abb4-423d-868d-3bf81fedfb1e', 'connection': 'close', 'date': 'Fri, 04 Dec 2015 03:48:59 GMT', 'content-type': 'application/json; charset=UTF-8', 'x-openstack-request-id': 'req-566470e8-2717-4fa3-8ac3-89767faabda8'}
        Body: {"router": {"status": "ACTIVE", "external_gateway_info": null, "name": "tempest-router-smoke-1141698813", "admin_state_up": true, "tenant_id": "de5f584b20e6417f89759c66e0d95670", "routes": [], "id": "41c69eec-abb4-423d-868d-3bf81fedfb1e"}}
2015-12-04 03:48:59,751 20470 INFO     [tempest_lib.common.rest_client] Request (TestNetworkBasicOps:test_connectivity_between_vms_on_different_networks): 200 PUT http://10.0.2.15:9696/v2.0/routers/41c69eec-abb4-423d-868d-3bf81fedfb1e 0.657s
2015-12-04 03:48:59,751 20470 DEBUG    [tempest_lib.common.rest_client] Request - Headers: {'Content-Type': 'application/json', 'Accept': 'application/json', 'X-Auth-Token': '&lt;omitted&gt;'}
        Body: {"router": {"external_gateway_info": {"network_id": "c06fb6e0-8261-475a-9402-6dbaad35fdcc"}, "name": "tempest-router-smoke-1141698813", "admin_state_up": true}}
    Response - Headers: {'status': '200', 'content-length': '501', 'connection': 'close', 'date': 'Fri, 04 Dec 2015 03:48:59 GMT', 'content-type': 'application/json; charset=UTF-8', 'x-openstack-request-id': 'req-207275ae-84a8-4cad-a7e0-c5007e5aae1b'}
        Body: {"router": {"status": "ACTIVE", "external_gateway_info": {"network_id": "c06fb6e0-8261-475a-9402-6dbaad35fdcc", "enable_snat": true, "external_fixed_ips": [{"subnet_id": "7e765612-7a64-485a-b8b8-ef644088012c", "ip_address": "172.24.4.3"}, {"subnet_id": "07f08c64-de63-49be-8c50-dee9026beab6", "ip_address": "2001:db8::3"}]}, "name": "tempest-router-smoke-1141698813", "admin_state_up": true, "tenant_id": "de5f584b20e6417f89759c66e0d95670", "routes": [], "id": "41c69eec-abb4-423d-868d-3bf81fedfb1e"}}
2015-12-04 03:48:59,895 20470 INFO     [tempest_lib.common.rest_client] Request (TestNetworkBasicOps:test_connectivity_between_vms_on_different_networks): 200 GET http://10.0.2.15:9696/v2.0/subnets?tenant_id=de5f584b20e6417f89759c66e0d95670&amp;cidr=10.100.0.0%2F28 0.142s
2015-12-04 03:48:59,895 20470 DEBUG    [tempest_lib.common.rest_client] Request - Headers: {'Content-Type': 'application/json', 'Accept': 'application/json', 'X-Auth-Token': '&lt;omitted&gt;'}
        Body: None
    Response - Headers: {'status': '200', 'content-length': '15', 'content-location': 'http://10.0.2.15:9696/v2.0/subnets?tenant_id=de5f584b20e6417f89759c66e0d95670&amp;cidr=10.100.0.0%2F28', 'connection': 'close', 'date': 'Fri, 04 Dec 2015 03:48:59 GMT', 'content-type': 'application/json; charset=UTF-8', 'x-openstack-request-id': 'req-1ca21035-3dda-457e-a2db-36936bad27db'}
        Body: {"subnets": []}
2015-12-04 03:49:00,409 20470 INFO     [tempest_lib.common.rest_client] Request (TestNetworkBasicOps:test_connectivity_between_vms_on_different_networks): 201 POST http://10.0.2.15:9696/v2.0/subnets 0.513s
2015-12-04 03:49:00,410 20470 DEBUG    [tempest_lib.common.rest_client] Request - Headers: {'Content-Type': 'application/json', 'Accept': 'application/json', 'X-Auth-Token': '&lt;omitted&gt;'}
        Body: {"subnet": {"ip_version": 4, "tenant_id": "de5f584b20e6417f89759c66e0d95670", "cidr": "10.100.0.0/28", "network_id": "4453d705-1828-484a-a3b8-aa834a8959c8", "name": "tempest-subnet-smoke-99593778"}}
    Response - Headers: {'status': '201', 'content-length': '476', 'connection': 'close', 'date': 'Fri, 04 Dec 2015 03:49:00 GMT', 'content-type': 'application/json; charset=UTF-8', 'x-openstack-request-id': 'req-93e3ba47-b3cb-4c61-90f8-ac6ae7118f3e'}
        Body: {"subnet": {"name": "tempest-subnet-smoke-99593778", "enable_dhcp": true, "network_id": "4453d705-1828-484a-a3b8-aa834a8959c8", "tenant_id": "de5f584b20e6417f89759c66e0d95670", "dns_nameservers": [], "gateway_ip": "10.100.0.1", "ipv6_ra_mode": null, "allocation_pools": [{"start": "10.100.0.2", "end": "10.100.0.14"}], "host_routes": [], "ip_version": 4, "ipv6_address_mode": null, "cidr": "10.100.0.0/28", "id": "db122b44-4068-4721-9aaf-794af2f68473", "subnetpool_id": null}}
2015-12-04 03:49:00,991 20470 INFO     [tempest_lib.common.rest_client] Request (TestNetworkBasicOps:test_connectivity_between_vms_on_different_networks): 200 PUT http://10.0.2.15:9696/v2.0/routers/41c69eec-abb4-423d-868d-3bf81fedfb1e/add_router_interface 0.580s
2015-12-04 03:49:00,991 20470 DEBUG    [tempest_lib.common.rest_client] Request - Headers: {'Content-Type': 'application/json', 'Accept': 'application/json', 'X-Auth-Token': '&lt;omitted&gt;'}
        Body: {"subnet_id": "db122b44-4068-4721-9aaf-794af2f68473"}
    Response - Headers: {'status': '200', 'content-length': '255', 'connection': 'close', 'date': 'Fri, 04 Dec 2015 03:49:00 GMT', 'content-type': 'application/json; charset=UTF-8', 'x-openstack-request-id': 'req-a9e56026-725f-4873-9874-0d649f552957'}
        Body: {"subnet_id": "db122b44-4068-4721-9aaf-794af2f68473", "tenant_id": "de5f584b20e6417f89759c66e0d95670", "subnet_ids": ["db122b44-4068-4721-9aaf-794af2f68473"], "port_id": "2b1cc8e1-d6f5-4eb3-bae2-81911ac27f56", "id": "41c69eec-abb4-423d-868d-3bf81fedfb1e"}
2015-12-04 03:49:01,060 20470 INFO     [tempest_lib.common.rest_client] Request (TestNetworkBasicOps:test_connectivity_between_vms_on_different_networks): 200 GET http://10.0.2.15:9696/v2.0/networks 0.067s
2015-12-04 03:49:01,060 20470 DEBUG    [tempest_lib.common.rest_client] Request - Headers: {'Content-Type': 'application/json', 'Accept': 'application/json', 'X-Auth-Token': '&lt;omitted&gt;'}
        Body: None
    Response - Headers: {'status': '200', 'content-length': '1505', 'content-location': 'http://10.0.2.15:9696/v2.0/networks', 'connection': 'close', 'date': 'Fri, 04 Dec 2015 03:49:01 GMT', 'content-type': 'application/json; charset=UTF-8', 'x-openstack-request-id': 'req-efd4eb14-a503-418b-a8c0-3ac054475830'}
        Body: {"networks": [{"status": "ACTIVE", "subnets": ["db122b44-4068-4721-9aaf-794af2f68473"], "availability_zone_hints": [], "availability_zones": ["nova"], "name": "tempest-network-smoke--96477831", "provider:physical_network": null, "admin_state_up": true, "tenant_id": "de5f584b20e6417f89759c66e0d95670", "mtu": 0, "router:external": false, "shared": false, "port_security_enabled": true, "provider:network_type": "vxlan", "id": "4453d705-1828-484a-a3b8-aa834a8959c8", "provider:segmentation_id": 1078}, {"status": "ACTIVE", "subnets": ["3f94e696-51c2-4604-8402-3317d2c58bf4", "1aaf84f4-a807-4d96-8889-530184683011"], "availability_zone_hints": [], "availability_zones": ["nova"], "name": "private", "provider:physical_network": null, "admin_state_up": true, "tenant_id": "e570592862da41f19a5453033a7f24b3", "mtu": 0, "router:external": false, "shared": false, "port_security_enabled": true, "provider:network_type": "vxlan", "id": "f1b62ff5-c54b-48cf-8c9b-af3dd83a4d9b", "provider:segmentation_id": 1022}, {"status": "ACTIVE", "subnets": ["07f08c64-de63-49be-8c50-dee9026beab6", "7e765612-7a64-485a-b8b8-ef644088012c"], "availability_zone_hints": [], "availability_zones": ["nova"], "name": "public", "provider:physical_network": null, "admin_state_up": true, "tenant_id": "4c7f076287b84fea83fd08d9d425048b", "mtu": 0, "router:external": true, "shared": false, "port_security_enabled": true, "provider:network_type": "vxlan", "id": "c06fb6e0-8261-475a-9402-6dbaad35fdcc", "provider:segmentation_id": 1013}]}
2015-12-04 03:49:01,185 20470 INFO     [tempest_lib.common.rest_client] Request (TestNetworkBasicOps:test_connectivity_between_vms_on_different_networks): 200 GET http://10.0.2.15:9696/v2.0/subnets 0.124s
2015-12-04 03:49:01,186 20470 DEBUG    [tempest_lib.common.rest_client] Request - Headers: {'Content-Type': 'application/json', 'Accept': 'application/json', 'X-Auth-Token': '&lt;omitted&gt;'}
        Body: None
    Response - Headers: {'status': '200', 'content-length': '2406', 'content-location': 'http://10.0.2.15:9696/v2.0/subnets', 'connection': 'close', 'date': 'Fri, 04 Dec 2015 03:49:01 GMT', 'content-type': 'application/json; charset=UTF-8', 'x-openstack-request-id': 'req-5f49b058-20bc-4588-a709-3303a2fd1c93'}
        Body: {"subnets": [{"name": "public-subnet", "enable_dhcp": false, "network_id": "c06fb6e0-8261-475a-9402-6dbaad35fdcc", "tenant_id": "4c7f076287b84fea83fd08d9d425048b", "dns_nameservers": [], "gateway_ip": "172.24.4.1", "ipv6_ra_mode": null, "allocation_pools": [{"start": "172.24.4.2", "end": "172.24.4.254"}], "host_routes": [], "ip_version": 4, "ipv6_address_mode": null, "cidr": "172.24.4.0/24", "id": "7e765612-7a64-485a-b8b8-ef644088012c", "subnetpool_id": null}, {"name": "ipv6-public-subnet", "enable_dhcp": false, "network_id": "c06fb6e0-8261-475a-9402-6dbaad35fdcc", "tenant_id": "4c7f076287b84fea83fd08d9d425048b", "dns_nameservers": [], "gateway_ip": "2001:db8::2", "ipv6_ra_mode": null, "allocation_pools": [{"start": "2001:db8::1", "end": "2001:db8::1"}, {"start": "2001:db8::3", "end": "2001:db8::ffff:ffff:ffff:ffff"}], "host_routes": [], "ip_version": 6, "ipv6_address_mode": null, "cidr": "2001:db8::/64", "id": "07f08c64-de63-49be-8c50-dee9026beab6", "subnetpool_id": null}, {"name": "tempest-subnet-smoke-99593778", "enable_dhcp": true, "network_id": "4453d705-1828-484a-a3b8-aa834a8959c8", "tenant_id": "de5f584b20e6417f89759c66e0d95670", "dns_nameservers": [], "gateway_ip": "10.100.0.1", "ipv6_ra_mode": null, "allocation_pools": [{"start": "10.100.0.2", "end": "10.100.0.14"}], "host_routes": [], "ip_version": 4, "ipv6_address_mode": null, "cidr": "10.100.0.0/28", "id": "db122b44-4068-4721-9aaf-794af2f68473", "subnetpool_id": null}, {"name": "ipv6-private-subnet", "enable_dhcp": true, "network_id": "f1b62ff5-c54b-48cf-8c9b-af3dd83a4d9b", "tenant_id": "e570592862da41f19a5453033a7f24b3", "dns_nameservers": [], "gateway_ip": "fd55:e471:363a::1", "ipv6_ra_mode": "slaac", "allocation_pools": [{"start": "fd55:e471:363a::2", "end": "fd55:e471:363a:0:ffff:ffff:ffff:ffff"}], "host_routes": [], "ip_version": 6, "ipv6_address_mode": "slaac", "cidr": "fd55:e471:363a::/64", "id": "1aaf84f4-a807-4d96-8889-530184683011", "subnetpool_id": null}, {"name": "private-subnet", "enable_dhcp": true, "network_id": "f1b62ff5-c54b-48cf-8c9b-af3dd83a4d9b", "tenant_id": "e570592862da41f19a5453033a7f24b3", "dns_nameservers": [], "gateway_ip": "10.0.0.1", "ipv6_ra_mode": null, "allocation_pools": [{"start": "10.0.0.2", "end": "10.0.0.254"}], "host_routes": [], "ip_version": 4, "ipv6_address_mode": null, "cidr": "10.0.0.0/24", "id": "3f94e696-51c2-4604-8402-3317d2c58bf4", "subnetpool_id": null}]}
2015-12-04 03:49:01,243 20470 INFO     [tempest_lib.common.rest_client] Request (TestNetworkBasicOps:test_connectivity_between_vms_on_different_networks): 200 GET http://10.0.2.15:9696/v2.0/routers 0.056s
2015-12-04 03:49:01,244 20470 DEBUG    [tempest_lib.common.rest_client] Request - Headers: {'Content-Type': 'application/json', 'Accept': 'application/json', 'X-Auth-Token': '&lt;omitted&gt;'}
        Body: None
    Response - Headers: {'status': '200', 'content-length': '1041', 'content-location': 'http://10.0.2.15:9696/v2.0/routers', 'connection': 'close', 'date': 'Fri, 04 Dec 2015 03:49:01 GMT', 'content-type': 'application/json; charset=UTF-8', 'x-openstack-request-id': 'req-bdd4fb29-f749-47b7-8e48-62ef152f8aa6'}
        Body: {"routers": [{"status": "ACTIVE", "external_gateway_info": {"network_id": "c06fb6e0-8261-475a-9402-6dbaad35fdcc", "enable_snat": true, "external_fixed_ips": [{"subnet_id": "7e765612-7a64-485a-b8b8-ef644088012c", "ip_address": "172.24.4.3"}, {"subnet_id": "07f08c64-de63-49be-8c50-dee9026beab6", "ip_address": "2001:db8::3"}]}, "name": "tempest-router-smoke-1141698813", "admin_state_up": true, "tenant_id": "de5f584b20e6417f89759c66e0d95670", "distributed": false, "routes": [], "ha": false, "id": "41c69eec-abb4-423d-868d-3bf81fedfb1e"}, {"status": "ACTIVE", "external_gateway_info": {"network_id": "c06fb6e0-8261-475a-9402-6dbaad35fdcc", "enable_snat": true, "external_fixed_ips": [{"subnet_id": "7e765612-7a64-485a-b8b8-ef644088012c", "ip_address": "172.24.4.2"}, {"subnet_id": "07f08c64-de63-49be-8c50-dee9026beab6", "ip_address": "2001:db8::1"}]}, "name": "router1", "admin_state_up": true, "tenant_id": "e570592862da41f19a5453033a7f24b3", "distributed": false, "routes": [], "ha": false, "id": "8faf0fa2-c5f6-48c5-9cd1-9c2020045540"}]}
2015-12-04 03:49:01,563 20470 INFO     [tempest_lib.common.rest_client] Request (TestNetworkBasicOps:test_connectivity_between_vms_on_different_networks): 200 POST http://10.0.2.15:8774/v2.1/de5f584b20e6417f89759c66e0d95670/os-keypairs 0.318s
2015-12-04 03:49:01,564 20470 DEBUG    [tempest_lib.common.rest_client] Request - Headers: {'Content-Type': 'application/json', 'Accept': 'application/json', 'X-Auth-Token': '&lt;omitted&gt;'}
        Body: {"keypair": {"name": "tempest-TestNetworkBasicOps-1874125087"}}
    Response - Headers: {'status': '200', 'content-length': '2321', 'x-compute-request-id': 'req-aa2b3329-dce7-4bfe-b1d9-f6c0726d8015', 'vary': 'X-OpenStack-Nova-API-Version', 'connection': 'close', 'x-openstack-nova-api-version': '2.1', 'date': 'Fri, 04 Dec 2015 03:49:01 GMT', 'content-type': 'application/json'}
        Body: {"keypair": {"public_key": "ssh-rsa AAAAB3NzaC1yc2EAAAADAQABAAABAQDK8STVWy9ur658dDkcWSy9PuPocuxn+tqfv37Ewg6cnFHAzDTS3Gvd4AIBmz1dC5TaOA+2h5uv942hfYZXjiuWT5lHXjQobNlSdV2e51YQWZ/oO+foDnHflNA2PpLkirWqUYfSRPMoSbBqQC5yRtD3uEdLIUvcI0myiZOWRuNQbqJpHYCNTjkxx9BEpq+EfseK87LUEohW3CHAQxwETxiqqw1CwrqL4YGXU8MsRsq07fnEwrZIbzqYTD+5H3ysSMVm4LZu752tfGmFuuUSJCZaOgcT3ZqsSPh8d2sYykHxxhKtXoOay9wM756h7JKh5Q+HEKyUCkrt18PKkjXw4CVt Generated-by-Nova", "private_key": "-----BEGIN RSA PRIVATE KEY-----\nMIIEqAIBAAKCAQEAyvEk1Vsvbq+ufHQ5HFksvT7j6HLsZ/ran79+xMIOnJxRwMw0\n0txr3eACAZs9XQuU2jgPtoebr/eNoX2GV44rlk+ZR140KGzZUnVdnudWEFmf6Dvn\n6A5x35TQNj6S5Iq1qlGH0kTzKEmwakAuckbQ97hHSyFL3CNJsomTlkbjUG6iaR2A\njU45McfQRKavhH7HivOy1BKIVtwhwEMcBE8YqqsNQsK6i+GBl1PDLEbKtO35xMK2\nSG86mEw/uR98rEjFZuC2bu+drXxphbrlEiQmWjoHE92arEj4fHdrGMpB8cYSrV6D\nmsvcDO+eoeySoeUPhxCslApK7dfDypI18OAlbQIDAQABAoIBAQDGrljyLEh+o64+\nl4ZGE6OyTrzPmJuLnNKmrNKODLJDbuK2zvU0LqnH2YP9UJ891ZXQIix39cFdAA3/\nuSVp2H0htiII9dg4b4A/szmJ1U+zyBq+QM/kpyeizU0enhovdwEtko5XNDueCK6X\nBuix5lS1AQuDKUDcbwu6p+f+qr3mwfiomJ4boogLsWH7xENeOosIL8Qn+ITQX4nu\n4FMpLtWX3A99qaFURZuiaq/43aYyNr2lpyV6NKizqDty2JDszu/LCKREnT/PyNaV\nypGDjzzJ5n4WLqXKHfjKBecH3ifxdQr6yp41u5wtkg9I1O4LZ0jNXyQ3f9SeOwgD\nXI9gYy7dAoIAgQDNMk5cKWVwJmu1QZBGfjkSqlyOfAIhm6pbUzxcAm6BSSFrN57d\n7vR7nnxN/LLHPQ+pAyAVPe1bbHIMCzA0SErYqSMHHqWdsIrG6BTn45EIbU4VUxkQ\nLC/VMiaJXFeuJgUbxdORh+FyBnsgh6pyGqhwtaSMtYQaNI7oQE/+KOoA3wKCAIEA\n/S/w+mw+7ALyfhQILGxItb+J0XAHcdb3l50uIXzynm63xYHlmC1zV4C5/IDTyfMR\nFpniVAuaoDhrxnY9HrCjvsbkZvdzUoIiXPfvyDoE1VwGaOoe6vNgjPLSP4VnwNke\nxU9UzkhTd1vkI+r59QU384jJCldAlb/XbQtiL7/gJzMCggCAFJ4eY4JBUAB8SA0b\nawnZwDdf720kZa4Xcu+tG+2entzzP6uqCdCtvhIRmWBvsjc/cJMA0UGUrN/7oZwq\nLsaoxpZQD7IToAGSICRHnXkvJHKfKuNbnFVkRP6yApFFuhjV4JGDDZdinqtqCb23\n8ZkeHZ0SuJSwflWTmmCD6RzBTm8CggCATDT35YhbUBJ7BrPk2eol4H6sbtu3ge5g\nS8RFtFK1fDZ7HfnBL5LOmtHmKThlhu2ggRsEYqOzgPI6jlvcfbZRMwUOjmeA0J7W\n1QDTrYK5Hbc7PqzpbXKf5wzXd8MhvYwclOsR7Z0bclu4SY9aeQN/GdBcIr6sc+Zw\nYyQAA7tPLr0CggCAFTw8qJRdKgjWB1zjFV3LCBkemCdKjBsv4K9rvh6m8U+ClUrh\nqRG0N8/cwL4TSBJgvkh155ZPU+J44CLQPoVqEsjiy6Nt993XD/kxJsyTuVBlTIDt\n9+CdO1ZRft1x6jdW2O/C2cTjGYpbOV+0RurkelPqYKwPc/E95NJaVejuUIY=\n-----END RSA PRIVATE KEY-----\n", "user_id": "88d5c797f391493e87e5975dad481db7", "name": "tempest-TestNetworkBasicOps-1874125087", "fingerprint": "2c:37:d5:bb:c1:06:ba:a4:bd:4d:36:1b:8d:b6:d7:83"}}
2015-12-04 03:49:01,663 20470 INFO     [tempest_lib.common.rest_client] Request (TestNetworkBasicOps:test_connectivity_between_vms_on_different_networks): 200 POST http://10.0.2.15:5000/v2.0/tokens
2015-12-04 03:49:01,665 20470 DEBUG    [tempest_lib.common.rest_client] Request - Headers: {'Content-Type': 'application/json', 'Accept': 'application/json'}
        Body: &lt;omitted&gt;
    Response - Headers: {'status': '200', 'content-length': '2530', 'vary': 'X-Auth-Token', 'server': 'Apache/2.4.7 (Ubuntu)', 'connection': 'close', 'date': 'Fri, 04 Dec 2015 03:49:01 GMT', 'content-type': 'application/json', 'x-openstack-request-id': 'req-6ae8b6dc-2201-432e-acc1-5017945baa9c'}
        Body: {"access": {"token": {"issued_at": "2015-12-04T03:49:01.653105", "expires": "2015-12-04T04:49:01Z", "id": "60eec3cdfc864a84bb1b49da1ce54e91", "tenant": {"description": "tempest-TestNetworkBasicOps-1856977650-desc", "enabled": true, "id": "de5f584b20e6417f89759c66e0d95670", "name": "tempest-TestNetworkBasicOps-1856977650"}, "audit_ids": ["86UqhmooRE6QWNlv88MHCg"]}, "serviceCatalog": [{"endpoints": [{"adminURL": "http://10.0.2.15:8774/v2.1/de5f584b20e6417f89759c66e0d95670", "region": "RegionOne", "internalURL": "http://10.0.2.15:8774/v2.1/de5f584b20e6417f89759c66e0d95670", "id": "08d9c77db8ea47fcb20f4892c2763782", "publicURL": "http://10.0.2.15:8774/v2.1/de5f584b20e6417f89759c66e0d95670"}], "endpoints_links": [], "type": "compute", "name": "nova"}, {"endpoints": [{"adminURL": "http://10.0.2.15:9696/", "region": "RegionOne", "internalURL": "http://10.0.2.15:9696/", "id": "0e728af571e64726a201bb22107c1b03", "publicURL": "http://10.0.2.15:9696/"}], "endpoints_links": [], "type": "network", "name": "neutron"}, {"endpoints": [{"adminURL": "http://10.0.2.15:9292", "region": "RegionOne", "internalURL": "http://10.0.2.15:9292", "id": "22b93b901997483d8f73edc13778f546", "publicURL": "http://10.0.2.15:9292"}], "endpoints_links": [], "type": "image", "name": "glance"}, {"endpoints": [{"adminURL": "http://10.0.2.15:8774/v2/de5f584b20e6417f89759c66e0d95670", "region": "RegionOne", "internalURL": "http://10.0.2.15:8774/v2/de5f584b20e6417f89759c66e0d95670", "id": "749be9ce734f4beaa3e8f51d00648ca0", "publicURL": "http://10.0.2.15:8774/v2/de5f584b20e6417f89759c66e0d95670"}], "endpoints_links": [], "type": "compute_legacy", "name": "nova_legacy"}, {"endpoints": [{"adminURL": "http://10.0.2.15:8773/", "region": "RegionOne", "internalURL": "http://10.0.2.15:8773/", "id": "3fe4cd36717d4fa3989b17736807660c", "publicURL": "http://10.0.2.15:8773/"}], "endpoints_links": [], "type": "ec2", "name": "ec2"}, {"endpoints": [{"adminURL": "http://10.0.2.15:35357/v2.0", "region": "RegionOne", "internalURL": "http://10.0.2.15:5000/v2.0", "id": "4fc51bb0e67243d2a135e556e07b88f6", "publicURL": "http://10.0.2.15:5000/v2.0"}], "endpoints_links": [], "type": "identity", "name": "keystone"}], "user": {"username": "tempest-TestNetworkBasicOps-1977558570", "roles_links": [], "id": "88d5c797f391493e87e5975dad481db7", "roles": [{"name": "_member_"}, {"name": "Member"}], "name": "tempest-TestNetworkBasicOps-1977558570"}, "metadata": {"is_admin": 0, "roles": ["9fe2ff9ee4384b1894a90878d3e92bab", "a2b3f8b4050141a7ad1f386675d0fcb5"]}}}
2015-12-04 03:49:01,670 20470 DEBUG    [tempest.common.fixed_network] (TestNetworkBasicOps:test_connectivity_between_vms_on_different_networks) No valid network provided or created, defaulting to fixed_network_name
2015-12-04 03:49:01,966 20470 INFO     [tempest_lib.common.rest_client] Request (TestNetworkBasicOps:test_connectivity_between_vms_on_different_networks): 200 GET http://10.0.2.15:8774/v2.1/de5f584b20e6417f89759c66e0d95670/os-networks 0.295s
2015-12-04 03:49:01,967 20470 DEBUG    [tempest_lib.common.rest_client] Request - Headers: {'Content-Type': 'application/json', 'Accept': 'application/json', 'X-Auth-Token': '&lt;omitted&gt;'}
        Body: None
    Response - Headers: {'status': '200', 'content-length': '477', 'content-location': 'http://10.0.2.15:8774/v2.1/de5f584b20e6417f89759c66e0d95670/os-networks', 'x-compute-request-id': 'req-2ce70cf7-cd95-4ade-802c-bd5b20bcd577', 'vary': 'X-OpenStack-Nova-API-Version', 'connection': 'close', 'x-openstack-nova-api-version': '2.1', 'date': 'Fri, 04 Dec 2015 03:49:01 GMT', 'content-type': 'application/json'}
        Body: {"networks": [{"cidr_v6": null, "dns2": null, "dns1": null, "gateway": null, "broadcast": null, "netmask": null, "gateway_v6": null, "cidr": null, "label": "public", "id": "c06fb6e0-8261-475a-9402-6dbaad35fdcc", "netmask_v6": null}, {"cidr_v6": null, "dns2": null, "dns1": null, "gateway": null, "broadcast": null, "netmask": null, "gateway_v6": null, "cidr": null, "label": "tempest-network-smoke--96477831", "id": "4453d705-1828-484a-a3b8-aa834a8959c8", "netmask_v6": null}]}
2015-12-04 03:49:01,967 20470 WARNING  [tempest.common.fixed_network] (TestNetworkBasicOps:test_connectivity_between_vms_on_different_networks) Network with name: private not found
2015-12-04 03:49:01,967 20470 INFO     [tempest.common.fixed_network] (TestNetworkBasicOps:test_connectivity_between_vms_on_different_networks) Found network {} available for tenant
2015-12-04 03:49:03,004 20470 INFO     [tempest_lib.common.rest_client] Request (TestNetworkBasicOps:test_connectivity_between_vms_on_different_networks): 202 POST http://10.0.2.15:8774/v2.1/de5f584b20e6417f89759c66e0d95670/servers 1.036s
2015-12-04 03:49:03,004 20470 DEBUG    [tempest_lib.common.rest_client] Request - Headers: {'Content-Type': 'application/json', 'Accept': 'application/json', 'X-Auth-Token': '&lt;omitted&gt;'}
        Body: {"server": {"name": "tempest.common.compute-instance-1093770960", "imageRef": "b98bbb63-d6a3-4043-86c2-fa5f9b0426cf", "key_name": "tempest-TestNetworkBasicOps-1874125087", "flavorRef": "42", "networks": [{"uuid": "4453d705-1828-484a-a3b8-aa834a8959c8"}], "security_groups": [{"name": "tempest-secgroup-smoke-1695350628"}]}}
    Response - Headers: {'status': '202', 'content-length': '462', 'x-compute-request-id': 'req-73a37624-4524-43a2-8a4a-9d201d925b12', 'vary': 'X-OpenStack-Nova-API-Version', 'connection': 'close', 'location': 'http://10.0.2.15:8774/v2.1/de5f584b20e6417f89759c66e0d95670/servers/e859020d-ebe9-40a1-b3a4-670d8446d577', 'x-openstack-nova-api-version': '2.1', 'date': 'Fri, 04 Dec 2015 03:49:03 GMT', 'content-type': 'application/json'}
        Body: {"server": {"security_groups": [{"name": "tempest-secgroup-smoke-1695350628"}], "OS-DCF:diskConfig": "MANUAL", "id": "e859020d-ebe9-40a1-b3a4-670d8446d577", "links": [{"href": "http://10.0.2.15:8774/v2.1/de5f584b20e6417f89759c66e0d95670/servers/e859020d-ebe9-40a1-b3a4-670d8446d577", "rel": "self"}, {"href": "http://10.0.2.15:8774/de5f584b20e6417f89759c66e0d95670/servers/e859020d-ebe9-40a1-b3a4-670d8446d577", "rel": "bookmark"}], "adminPass": "vii58JfuoGij"}}
2015-12-04 03:49:03,273 20470 INFO     [tempest_lib.common.rest_client] Request (TestNetworkBasicOps:test_connectivity_between_vms_on_different_networks): 200 GET http://10.0.2.15:8774/v2.1/de5f584b20e6417f89759c66e0d95670/servers/e859020d-ebe9-40a1-b3a4-670d8446d577 0.266s
2015-12-04 03:49:03,274 20470 DEBUG    [tempest_lib.common.rest_client] Request - Headers: {'Content-Type': 'application/json', 'Accept': 'application/json', 'X-Auth-Token': '&lt;omitted&gt;'}
        Body: None
    Response - Headers: {'status': '200', 'content-length': '1356', 'content-location': 'http://10.0.2.15:8774/v2.1/de5f584b20e6417f89759c66e0d95670/servers/e859020d-ebe9-40a1-b3a4-670d8446d577', 'x-compute-request-id': 'req-6016bc3b-4836-436a-8c50-5cdc2996c2e8', 'vary': 'X-OpenStack-Nova-API-Version', 'connection': 'close', 'x-openstack-nova-api-version': '2.1', 'date': 'Fri, 04 Dec 2015 03:49:03 GMT', 'content-type': 'application/json'}
        Body: {"server": {"status": "BUILD", "updated": "2015-12-04T03:49:03Z", "hostId": "", "addresses": {}, "links": [{"href": "http://10.0.2.15:8774/v2.1/de5f584b20e6417f89759c66e0d95670/servers/e859020d-ebe9-40a1-b3a4-670d8446d577", "rel": "self"}, {"href": "http://10.0.2.15:8774/de5f584b20e6417f89759c66e0d95670/servers/e859020d-ebe9-40a1-b3a4-670d8446d577", "rel": "bookmark"}], "key_name": "tempest-TestNetworkBasicOps-1874125087", "image": {"id": "b98bbb63-d6a3-4043-86c2-fa5f9b0426cf", "links": [{"href": "http://10.0.2.15:8774/de5f584b20e6417f89759c66e0d95670/images/b98bbb63-d6a3-4043-86c2-fa5f9b0426cf", "rel": "bookmark"}]}, "OS-EXT-STS:task_state": "scheduling", "OS-EXT-STS:vm_state": "building", "OS-SRV-USG:launched_at": null, "flavor": {"id": "42", "links": [{"href": "http://10.0.2.15:8774/de5f584b20e6417f89759c66e0d95670/flavors/42", "rel": "bookmark"}]}, "id": "e859020d-ebe9-40a1-b3a4-670d8446d577", "OS-SRV-USG:terminated_at": null, "OS-EXT-AZ:availability_zone": "", "user_id": "88d5c797f391493e87e5975dad481db7", "name": "tempest.common.compute-instance-1093770960", "created": "2015-12-04T03:49:02Z", "tenant_id": "de5f584b20e6417f89759c66e0d95670", "OS-DCF:diskConfig": "MANUAL", "os-extended-volumes:volumes_attached": [], "accessIPv4": "", "accessIPv6": "", "progress": 0, "OS-EXT-STS:power_state": 0, "config_drive": "", "metadata": {}}}
2015-12-04 03:49:04,582 20470 INFO     [tempest_lib.common.rest_client] Request (TestNetworkBasicOps:test_connectivity_between_vms_on_different_networks): 200 GET http://10.0.2.15:8774/v2.1/de5f584b20e6417f89759c66e0d95670/servers/e859020d-ebe9-40a1-b3a4-670d8446d577 0.294s
2015-12-04 03:49:04,582 20470 DEBUG    [tempest_lib.common.rest_client] Request - Headers: {'Content-Type': 'application/json', 'Accept': 'application/json', 'X-Auth-Token': '&lt;omitted&gt;'}
        Body: None
    Response - Headers: {'status': '200', 'content-length': '1414', 'content-location': 'http://10.0.2.15:8774/v2.1/de5f584b20e6417f89759c66e0d95670/servers/e859020d-ebe9-40a1-b3a4-670d8446d577', 'x-compute-request-id': 'req-708cc928-4f2e-4e34-b998-dd11a8d5e9a4', 'vary': 'X-OpenStack-Nova-API-Version', 'connection': 'close', 'x-openstack-nova-api-version': '2.1', 'date': 'Fri, 04 Dec 2015 03:49:04 GMT', 'content-type': 'application/json'}
        Body: {"server": {"status": "BUILD", "updated": "2015-12-04T03:49:04Z", "hostId": "2686df4a061076ab5eeb6c79e847b4e65f1ebc7cb4690e66ed96db28", "addresses": {}, "links": [{"href": "http://10.0.2.15:8774/v2.1/de5f584b20e6417f89759c66e0d95670/servers/e859020d-ebe9-40a1-b3a4-670d8446d577", "rel": "self"}, {"href": "http://10.0.2.15:8774/de5f584b20e6417f89759c66e0d95670/servers/e859020d-ebe9-40a1-b3a4-670d8446d577", "rel": "bookmark"}], "key_name": "tempest-TestNetworkBasicOps-1874125087", "image": {"id": "b98bbb63-d6a3-4043-86c2-fa5f9b0426cf", "links": [{"href": "http://10.0.2.15:8774/de5f584b20e6417f89759c66e0d95670/images/b98bbb63-d6a3-4043-86c2-fa5f9b0426cf", "rel": "bookmark"}]}, "OS-EXT-STS:task_state": "spawning", "OS-EXT-STS:vm_state": "building", "OS-SRV-USG:launched_at": null, "flavor": {"id": "42", "links": [{"href": "http://10.0.2.15:8774/de5f584b20e6417f89759c66e0d95670/flavors/42", "rel": "bookmark"}]}, "id": "e859020d-ebe9-40a1-b3a4-670d8446d577", "OS-SRV-USG:terminated_at": null, "OS-EXT-AZ:availability_zone": "nova", "user_id": "88d5c797f391493e87e5975dad481db7", "name": "tempest.common.compute-instance-1093770960", "created": "2015-12-04T03:49:02Z", "tenant_id": "de5f584b20e6417f89759c66e0d95670", "OS-DCF:diskConfig": "MANUAL", "os-extended-volumes:volumes_attached": [], "accessIPv4": "", "accessIPv6": "", "progress": 0, "OS-EXT-STS:power_state": 0, "config_drive": "", "metadata": {}}}
2015-12-04 03:49:04,594 20470 INFO     [tempest.common.waiters] State transition "BUILD/scheduling" ==&gt; "BUILD/spawning" after 1 second wait
2015-12-04 03:49:06,053 20470 INFO     [tempest_lib.common.rest_client] Request (TestNetworkBasicOps:test_connectivity_between_vms_on_different_networks): 200 GET http://10.0.2.15:8774/v2.1/de5f584b20e6417f89759c66e0d95670/servers/e859020d-ebe9-40a1-b3a4-670d8446d577 0.457s
2015-12-04 03:49:06,054 20470 DEBUG    [tempest_lib.common.rest_client] Request - Headers: {'Content-Type': 'application/json', 'Accept': 'application/json', 'X-Auth-Token': '&lt;omitted&gt;'}
        Body: None
    Response - Headers: {'status': '200', 'content-length': '1482', 'content-location': 'http://10.0.2.15:8774/v2.1/de5f584b20e6417f89759c66e0d95670/servers/e859020d-ebe9-40a1-b3a4-670d8446d577', 'x-compute-request-id': 'req-b22c3bea-8b79-464d-9db4-43ef54b97539', 'vary': 'X-OpenStack-Nova-API-Version', 'connection': 'close', 'x-openstack-nova-api-version': '2.1', 'date': 'Fri, 04 Dec 2015 03:49:06 GMT', 'content-type': 'application/json'}
        Body: {"server": {"status": "BUILD", "updated": "2015-12-04T03:49:04Z", "hostId": "2686df4a061076ab5eeb6c79e847b4e65f1ebc7cb4690e66ed96db28", "addresses": {}, "links": [{"href": "http://10.0.2.15:8774/v2.1/de5f584b20e6417f89759c66e0d95670/servers/e859020d-ebe9-40a1-b3a4-670d8446d577", "rel": "self"}, {"href": "http://10.0.2.15:8774/de5f584b20e6417f89759c66e0d95670/servers/e859020d-ebe9-40a1-b3a4-670d8446d577", "rel": "bookmark"}], "key_name": "tempest-TestNetworkBasicOps-1874125087", "image": {"id": "b98bbb63-d6a3-4043-86c2-fa5f9b0426cf", "links": [{"href": "http://10.0.2.15:8774/de5f584b20e6417f89759c66e0d95670/images/b98bbb63-d6a3-4043-86c2-fa5f9b0426cf", "rel": "bookmark"}]}, "OS-EXT-STS:task_state": "spawning", "OS-EXT-STS:vm_state": "building", "OS-SRV-USG:launched_at": null, "flavor": {"id": "42", "links": [{"href": "http://10.0.2.15:8774/de5f584b20e6417f89759c66e0d95670/flavors/42", "rel": "bookmark"}]}, "id": "e859020d-ebe9-40a1-b3a4-670d8446d577", "security_groups": [{"name": "tempest-secgroup-smoke-1695350628"}], "OS-SRV-USG:terminated_at": null, "OS-EXT-AZ:availability_zone": "nova", "user_id": "88d5c797f391493e87e5975dad481db7", "name": "tempest.common.compute-instance-1093770960", "created": "2015-12-04T03:49:02Z", "tenant_id": "de5f584b20e6417f89759c66e0d95670", "OS-DCF:diskConfig": "MANUAL", "os-extended-volumes:volumes_attached": [], "accessIPv4": "", "accessIPv6": "", "progress": 0, "OS-EXT-STS:power_state": 0, "config_drive": "", "metadata": {}}}
2015-12-04 03:49:07,286 20470 INFO     [tempest_lib.common.rest_client] Request (TestNetworkBasicOps:test_connectivity_between_vms_on_different_networks): 200 GET http://10.0.2.15:8774/v2.1/de5f584b20e6417f89759c66e0d95670/servers/e859020d-ebe9-40a1-b3a4-670d8446d577 0.221s
2015-12-04 03:49:07,286 20470 DEBUG    [tempest_lib.common.rest_client] Request - Headers: {'Content-Type': 'application/json', 'Accept': 'application/json', 'X-Auth-Token': '&lt;omitted&gt;'}
        Body: None
    Response - Headers: {'status': '200', 'content-length': '1652', 'content-location': 'http://10.0.2.15:8774/v2.1/de5f584b20e6417f89759c66e0d95670/servers/e859020d-ebe9-40a1-b3a4-670d8446d577', 'x-compute-request-id': 'req-473f6f67-acb8-43e9-9d65-be723512f5b0', 'vary': 'X-OpenStack-Nova-API-Version', 'connection': 'close', 'x-openstack-nova-api-version': '2.1', 'date': 'Fri, 04 Dec 2015 03:49:07 GMT', 'content-type': 'application/json'}
        Body: {"server": {"status": "ACTIVE", "updated": "2015-12-04T03:49:06Z", "hostId": "2686df4a061076ab5eeb6c79e847b4e65f1ebc7cb4690e66ed96db28", "addresses": {"tempest-network-smoke--96477831": [{"OS-EXT-IPS-MAC:mac_addr": "fa:16:3e:81:eb:32", "version": 4, "addr": "10.100.0.3", "OS-EXT-IPS:type": "fixed"}]}, "links": [{"href": "http://10.0.2.15:8774/v2.1/de5f584b20e6417f89759c66e0d95670/servers/e859020d-ebe9-40a1-b3a4-670d8446d577", "rel": "self"}, {"href": "http://10.0.2.15:8774/de5f584b20e6417f89759c66e0d95670/servers/e859020d-ebe9-40a1-b3a4-670d8446d577", "rel": "bookmark"}], "key_name": "tempest-TestNetworkBasicOps-1874125087", "image": {"id": "b98bbb63-d6a3-4043-86c2-fa5f9b0426cf", "links": [{"href": "http://10.0.2.15:8774/de5f584b20e6417f89759c66e0d95670/images/b98bbb63-d6a3-4043-86c2-fa5f9b0426cf", "rel": "bookmark"}]}, "OS-EXT-STS:task_state": null, "OS-EXT-STS:vm_state": "active", "OS-SRV-USG:launched_at": "2015-12-04T03:49:06.000000", "flavor": {"id": "42", "links": [{"href": "http://10.0.2.15:8774/de5f584b20e6417f89759c66e0d95670/flavors/42", "rel": "bookmark"}]}, "id": "e859020d-ebe9-40a1-b3a4-670d8446d577", "security_groups": [{"name": "tempest-secgroup-smoke-1695350628"}], "OS-SRV-USG:terminated_at": null, "OS-EXT-AZ:availability_zone": "nova", "user_id": "88d5c797f391493e87e5975dad481db7", "name": "tempest.common.compute-instance-1093770960", "created": "2015-12-04T03:49:02Z", "tenant_id": "de5f584b20e6417f89759c66e0d95670", "OS-DCF:diskConfig": "MANUAL", "os-extended-volumes:volumes_attached": [], "accessIPv4": "", "accessIPv6": "", "progress": 0, "OS-EXT-STS:power_state": 1, "config_drive": "True", "metadata": {}}}
2015-12-04 03:49:07,295 20470 INFO     [tempest.common.waiters] State transition "BUILD/spawning" ==&gt; "ACTIVE/None" after 4 second wait
2015-12-04 03:49:07,530 20470 INFO     [tempest_lib.common.rest_client] Request (TestNetworkBasicOps:test_connectivity_between_vms_on_different_networks): 200 GET http://10.0.2.15:8774/v2.1/de5f584b20e6417f89759c66e0d95670/servers/e859020d-ebe9-40a1-b3a4-670d8446d577 0.234s
2015-12-04 03:49:07,530 20470 DEBUG    [tempest_lib.common.rest_client] Request - Headers: {'Content-Type': 'application/json', 'Accept': 'application/json', 'X-Auth-Token': '&lt;omitted&gt;'}
        Body: None
    Response - Headers: {'status': '200', 'content-length': '1652', 'content-location': 'http://10.0.2.15:8774/v2.1/de5f584b20e6417f89759c66e0d95670/servers/e859020d-ebe9-40a1-b3a4-670d8446d577', 'x-compute-request-id': 'req-85bc500f-2cc6-418e-b92d-18593ca85fc1', 'vary': 'X-OpenStack-Nova-API-Version', 'connection': 'close', 'x-openstack-nova-api-version': '2.1', 'date': 'Fri, 04 Dec 2015 03:49:07 GMT', 'content-type': 'application/json'}
        Body: {"server": {"status": "ACTIVE", "updated": "2015-12-04T03:49:06Z", "hostId": "2686df4a061076ab5eeb6c79e847b4e65f1ebc7cb4690e66ed96db28", "addresses": {"tempest-network-smoke--96477831": [{"OS-EXT-IPS-MAC:mac_addr": "fa:16:3e:81:eb:32", "version": 4, "addr": "10.100.0.3", "OS-EXT-IPS:type": "fixed"}]}, "links": [{"href": "http://10.0.2.15:8774/v2.1/de5f584b20e6417f89759c66e0d95670/servers/e859020d-ebe9-40a1-b3a4-670d8446d577", "rel": "self"}, {"href": "http://10.0.2.15:8774/de5f584b20e6417f89759c66e0d95670/servers/e859020d-ebe9-40a1-b3a4-670d8446d577", "rel": "bookmark"}], "key_name": "tempest-TestNetworkBasicOps-1874125087", "image": {"id": "b98bbb63-d6a3-4043-86c2-fa5f9b0426cf", "links": [{"href": "http://10.0.2.15:8774/de5f584b20e6417f89759c66e0d95670/images/b98bbb63-d6a3-4043-86c2-fa5f9b0426cf", "rel": "bookmark"}]}, "OS-EXT-STS:task_state": null, "OS-EXT-STS:vm_state": "active", "OS-SRV-USG:launched_at": "2015-12-04T03:49:06.000000", "flavor": {"id": "42", "links": [{"href": "http://10.0.2.15:8774/de5f584b20e6417f89759c66e0d95670/flavors/42", "rel": "bookmark"}]}, "id": "e859020d-ebe9-40a1-b3a4-670d8446d577", "security_groups": [{"name": "tempest-secgroup-smoke-1695350628"}], "OS-SRV-USG:terminated_at": null, "OS-EXT-AZ:availability_zone": "nova", "user_id": "88d5c797f391493e87e5975dad481db7", "name": "tempest.common.compute-instance-1093770960", "created": "2015-12-04T03:49:02Z", "tenant_id": "de5f584b20e6417f89759c66e0d95670", "OS-DCF:diskConfig": "MANUAL", "os-extended-volumes:volumes_attached": [], "accessIPv4": "", "accessIPv6": "", "progress": 0, "OS-EXT-STS:power_state": 1, "config_drive": "True", "metadata": {}}}
2015-12-04 03:49:07,540 20470 INFO     [tempest.scenario.manager] Tenant networks not configured to be reachable.
2015-12-04 03:49:07,581 20470 INFO     [tempest_lib.common.rest_client] Request (TestNetworkBasicOps:test_connectivity_between_vms_on_different_networks): 200 GET http://10.0.2.15:9696/v2.0/ports?status=ACTIVE&amp;fixed_ip=None&amp;device_id=e859020d-ebe9-40a1-b3a4-670d8446d577 0.041s
2015-12-04 03:49:07,582 20470 DEBUG    [tempest_lib.common.rest_client] Request - Headers: {'Content-Type': 'application/json', 'Accept': 'application/json', 'X-Auth-Token': '&lt;omitted&gt;'}
        Body: None
    Response - Headers: {'status': '200', 'content-length': '895', 'content-location': 'http://10.0.2.15:9696/v2.0/ports?status=ACTIVE&amp;fixed_ip=None&amp;device_id=e859020d-ebe9-40a1-b3a4-670d8446d577', 'connection': 'close', 'date': 'Fri, 04 Dec 2015 03:49:07 GMT', 'content-type': 'application/json; charset=UTF-8', 'x-openstack-request-id': 'req-eaefbb5f-3de3-4eaa-ab8d-550d94cc3231'}
        Body: {"ports": [{"status": "ACTIVE", "binding:host_id": "vagrant-ubuntu-trusty-64", "allowed_address_pairs": [], "extra_dhcp_opts": [], "dns_assignment": [{"hostname": "host-10-100-0-3", "ip_address": "10.100.0.3", "fqdn": "host-10-100-0-3.openstacklocal."}], "device_owner": "compute:None", "port_security_enabled": true, "binding:profile": {}, "fixed_ips": [{"subnet_id": "db122b44-4068-4721-9aaf-794af2f68473", "ip_address": "10.100.0.3"}], "id": "47402d55-775e-4568-b0be-553f96bc7f4b", "security_groups": ["4a1aa757-19d8-4e67-a2fa-8157306a7e73"], "device_id": "e859020d-ebe9-40a1-b3a4-670d8446d577", "name": "", "admin_state_up": true, "network_id": "4453d705-1828-484a-a3b8-aa834a8959c8", "dns_name": "", "binding:vif_details": {"port_filter": true}, "binding:vnic_type": "normal", "binding:vif_type": "ovs", "tenant_id": "de5f584b20e6417f89759c66e0d95670", "mac_address": "fa:16:3e:81:eb:32"}]}
2015-12-04 03:49:08,130 20470 INFO     [tempest_lib.common.rest_client] Request (TestNetworkBasicOps:test_connectivity_between_vms_on_different_networks): 201 POST http://10.0.2.15:9696/v2.0/floatingips 0.547s
2015-12-04 03:49:08,130 20470 DEBUG    [tempest_lib.common.rest_client] Request - Headers: {'Content-Type': 'application/json', 'Accept': 'application/json', 'X-Auth-Token': '&lt;omitted&gt;'}
        Body: {"floatingip": {"floating_network_id": "c06fb6e0-8261-475a-9402-6dbaad35fdcc", "tenant_id": "de5f584b20e6417f89759c66e0d95670", "fixed_ip_address": "10.100.0.3", "port_id": "47402d55-775e-4568-b0be-553f96bc7f4b"}}
    Response - Headers: {'status': '201', 'content-length': '367', 'connection': 'close', 'date': 'Fri, 04 Dec 2015 03:49:08 GMT', 'content-type': 'application/json; charset=UTF-8', 'x-openstack-request-id': 'req-dfe089e2-123f-422d-90d8-dbfb5e9f7b32'}
        Body: {"floatingip": {"floating_network_id": "c06fb6e0-8261-475a-9402-6dbaad35fdcc", "router_id": "41c69eec-abb4-423d-868d-3bf81fedfb1e", "fixed_ip_address": "10.100.0.3", "floating_ip_address": "172.24.4.4", "tenant_id": "de5f584b20e6417f89759c66e0d95670", "status": "DOWN", "port_id": "47402d55-775e-4568-b0be-553f96bc7f4b", "id": "03b79a45-7fb9-48b9-b42d-2b99045d7127"}}
2015-12-04 03:49:08,146 20470 INFO     [tempest_lib.common.rest_client] Request (TestNetworkBasicOps:test_connectivity_between_vms_on_different_networks): 200 GET http://10.0.2.15:9696/v2.0/floatingips/03b79a45-7fb9-48b9-b42d-2b99045d7127 0.015s
2015-12-04 03:49:08,146 20470 DEBUG    [tempest_lib.common.rest_client] Request - Headers: {'Content-Type': 'application/json', 'Accept': 'application/json', 'X-Auth-Token': '&lt;omitted&gt;'}
        Body: None
    Response - Headers: {'status': '200', 'content-length': '367', 'content-location': 'http://10.0.2.15:9696/v2.0/floatingips/03b79a45-7fb9-48b9-b42d-2b99045d7127', 'connection': 'close', 'date': 'Fri, 04 Dec 2015 03:49:08 GMT', 'content-type': 'application/json; charset=UTF-8', 'x-openstack-request-id': 'req-aaf6da82-142e-4afd-ac49-73a7233ea82c'}
        Body: {"floatingip": {"floating_network_id": "c06fb6e0-8261-475a-9402-6dbaad35fdcc", "router_id": "41c69eec-abb4-423d-868d-3bf81fedfb1e", "fixed_ip_address": "10.100.0.3", "floating_ip_address": "172.24.4.4", "tenant_id": "de5f584b20e6417f89759c66e0d95670", "status": "DOWN", "port_id": "47402d55-775e-4568-b0be-553f96bc7f4b", "id": "03b79a45-7fb9-48b9-b42d-2b99045d7127"}}
2015-12-04 03:49:09,160 20470 INFO     [tempest_lib.common.rest_client] Request (TestNetworkBasicOps:test_connectivity_between_vms_on_different_networks): 200 GET http://10.0.2.15:9696/v2.0/floatingips/03b79a45-7fb9-48b9-b42d-2b99045d7127 0.012s
2015-12-04 03:49:09,165 20470 DEBUG    [tempest_lib.common.rest_client] Request - Headers: {'Content-Type': 'application/json', 'Accept': 'application/json', 'X-Auth-Token': '&lt;omitted&gt;'}
        Body: None
    Response - Headers: {'status': '200', 'content-length': '369', 'content-location': 'http://10.0.2.15:9696/v2.0/floatingips/03b79a45-7fb9-48b9-b42d-2b99045d7127', 'connection': 'close', 'date': 'Fri, 04 Dec 2015 03:49:09 GMT', 'content-type': 'application/json; charset=UTF-8', 'x-openstack-request-id': 'req-1b720a05-564b-461d-94e5-0eb37bf08a8b'}
        Body: {"floatingip": {"floating_network_id": "c06fb6e0-8261-475a-9402-6dbaad35fdcc", "router_id": "41c69eec-abb4-423d-868d-3bf81fedfb1e", "fixed_ip_address": "10.100.0.3", "floating_ip_address": "172.24.4.4", "tenant_id": "de5f584b20e6417f89759c66e0d95670", "status": "ACTIVE", "port_id": "47402d55-775e-4568-b0be-553f96bc7f4b", "id": "03b79a45-7fb9-48b9-b42d-2b99045d7127"}}
2015-12-04 03:49:09,166 20470 INFO     [tempest.scenario.manager] FloatingIP: &lt;"FloatingIP" addr="172.24.4.4" id="03b79a45-7fb9-48b9-b42d-2b99045d7127"&gt; is at status: ACTIVE
2015-12-04 03:49:09,166 20470 DEBUG    [tempest.scenario.manager] checking network connections to IP 172.24.4.4 with user: cirros
2015-12-04 03:49:09,166 20470 DEBUG    [tempest.scenario.manager] TestNetworkBasicOps:test_connectivity_between_vms_on_different_networks begins to ping 172.24.4.4 in 120 sec and the expected result is reachable
2015-12-04 03:51:11,506 20470 DEBUG    [tempest.scenario.manager] TestNetworkBasicOps:test_connectivity_between_vms_on_different_networks finishes ping 172.24.4.4 in 120 sec and the ping result is unexpected
2015-12-04 03:51:11,507 20470 ERROR    [tempest.scenario.manager] Public network connectivity check failed
2015-12-04 03:51:11.507 20470 ERROR tempest.scenario.manager Traceback (most recent call last):
2015-12-04 03:51:11.507 20470 ERROR tempest.scenario.manager   File "tempest/scenario/manager.py", line 606, in check_public_network_connectivity
2015-12-04 03:51:11.507 20470 ERROR tempest.scenario.manager     should_connect=should_connect)
2015-12-04 03:51:11.507 20470 ERROR tempest.scenario.manager   File "tempest/scenario/manager.py", line 590, in check_vm_connectivity
2015-12-04 03:51:11.507 20470 ERROR tempest.scenario.manager     msg=msg)
2015-12-04 03:51:11.507 20470 ERROR tempest.scenario.manager   File "/usr/local/lib/python2.7/dist-packages/unittest2/case.py", line 702, in assertTrue
2015-12-04 03:51:11.507 20470 ERROR tempest.scenario.manager     raise self.failureException(msg)
2015-12-04 03:51:11.507 20470 ERROR tempest.scenario.manager AssertionError: False is not true : Timed out waiting for 172.24.4.4 to become reachable
2015-12-04 03:51:11.507 20470 ERROR tempest.scenario.manager 
2015-12-04 03:51:11,705 20470 INFO     [tempest_lib.common.rest_client] Request (TestNetworkBasicOps:test_connectivity_between_vms_on_different_networks): 200 POST http://10.0.2.15:8774/v2.1/de5f584b20e6417f89759c66e0d95670/servers/e859020d-ebe9-40a1-b3a4-670d8446d577/action 0.194s
2015-12-04 03:51:11,707 20470 DEBUG    [tempest_lib.common.rest_client] Request - Headers: {'Content-Type': 'application/json', 'Accept': 'application/json', 'X-Auth-Token': '&lt;omitted&gt;'}
        Body: {"os-getConsoleOutput": {}}
    Response - Headers: {'status': '200', 'content-length': '17429', 'x-compute-request-id': 'req-483fac98-025c-4380-9235-751bfd255e85', 'vary': 'X-OpenStack-Nova-API-Version', 'connection': 'close', 'x-openstack-nova-api-version': '2.1', 'date': 'Fri, 04 Dec 2015 03:51:11 GMT', 'content-type': 'application/json'}
        Body: {"output": "[    0.000000] Initializing cgroup subsys cpuset\n[    0.000000] Initializing cgroup subsys cpu\n[    0.000000] Linux version 3.2.0-80-virtual (buildd@batsu) (gcc version 4.6.3 (Ubuntu/Linaro 4.6.3-1ubuntu5) ) #116-Ubuntu SMP Mon Mar 23 17:28:52 UTC 2015 (Ubuntu 3.2.0-80.116-virtual 3.2.68)\n[    0.000000] Command line: root=/dev/vda console=tty0 console=ttyS0 no_timer_check\n[    0.000000] KERNEL supported cpus:\n[    0.000000]   Intel GenuineIntel\n[    0.000000]   AMD AuthenticAMD\n[    0.000000]   Centaur CentaurHauls\n[    0.000000] BIOS-provided physical RAM map:\n[    0.000000]  BIOS-e820: 0000000000000000 - 000000000009fc00 (usable)\n[    0.000000]  BIOS-e820: 000000000009fc00 - 00000000000a0000 (reserved)\n[    0.000000]  BIOS-e820: 00000000000f0000 - 0000000000100000 (reserved)\n[    0.000000]  BIOS-e820: 0000000000100000 - 0000000003ffe000 (usable)\n[    0.000000]  BIOS-e820: 0000000003ffe000 - 0000000004000000 (reserved)\n[    0.000000]  BIOS-e820: 00000000fffc0000 - 0000000100000000 (reserved)\n[    0.000000] NX (Execute Disable) protection: active\n[    0.000000] SMBIOS 2.4 present.\n[    0.000000] No AGP bridge found\n[    0.000000] last_pfn = 0x3ffe max_arch_pfn = 0x400000000\n[    0.000000] x86 PAT enabled: cpu 0, old 0x7040600070406, new 0x7010600070106\n[    0.000000] found SMP MP-table at [ffff8800000f0b00] f0b00\n[    0.000000] init_memory_mapping: 0000000000000000-0000000003ffe000\n[    0.000000] RAMDISK: 03c5e000 - 03ff0000\n[    0.000000] ACPI: RSDP 00000000000f0950 00014 (v00 BOCHS )\n[    0.000000] ACPI: RSDT 0000000003fffbc1 00034 (v01 BOCHS  BXPCRSDT 00000001 BXPC 00000001)\n[    0.000000] ACPI: FACP 0000000003fff1c0 00074 (v01 BOCHS  BXPCFACP 00000001 BXPC 00000001)\n[    0.000000] ACPI: DSDT 0000000003ffe040 01180 (v01 BOCHS  BXPCDSDT 00000001 BXPC 00000001)\n[    0.000000] ACPI: FACS 0000000003ffe000 00040\n[    0.000000] ACPI: SSDT 0000000003fff234 008DD (v01 BOCHS  BXPCSSDT 00000001 BXPC 00000001)\n[    0.000000] ACPI: APIC 0000000003fffb11 00078 (v01 BOCHS  BXPCAPIC 00000001 BXPC 00000001)\n[    0.000000] ACPI: HPET 0000000003fffb89 00038 (v01 BOCHS  BXPCHPET 00000001 BXPC 00000001)\n[    0.000000] No NUMA configuration found\n[    0.000000] Faking a node at 0000000000000000-0000000003ffe000\n[    0.000000] Initmem setup node 0 0000000000000000-0000000003ffe000\n[    0.000000]   NODE_DATA [0000000003ff6000 - 0000000003ffafff]\n[    0.000000] Zone PFN ranges:\n[    0.000000]   DMA      0x00000010 -&gt; 0x00001000\n[    0.000000]   DMA32    0x00001000 -&gt; 0x00100000\n[    0.000000]   Normal   empty\n[    0.000000] Movable zone start PFN for each node\n[    0.000000] early_node_map[2] active PFN ranges\n[    0.000000]     0: 0x00000010 -&gt; 0x0000009f\n[    0.000000]     0: 0x00000100 -&gt; 0x00003ffe\n[    0.000000] ACPI: PM-Timer IO Port: 0xb008\n[    0.000000] ACPI: LAPIC (acpi_id[0x00] lapic_id[0x00] enabled)\n[    0.000000] ACPI: LAPIC_NMI (acpi_id[0xff] dfl dfl lint[0x1])\n[    0.000000] ACPI: IOAPIC (id[0x00] address[0xfec00000] gsi_base[0])\n[    0.000000] IOAPIC[0]: apic_id 0, version 17, address 0xfec00000, GSI 0-23\n[    0.000000] ACPI: INT_SRC_OVR (bus 0 bus_irq 0 global_irq 2 dfl dfl)\n[    0.000000] ACPI: INT_SRC_OVR (bus 0 bus_irq 5 global_irq 5 high level)\n[    0.000000] ACPI: INT_SRC_OVR (bus 0 bus_irq 9 global_irq 9 high level)\n[    0.000000] ACPI: INT_SRC_OVR (bus 0 bus_irq 10 global_irq 10 high level)\n[    0.000000] ACPI: INT_SRC_OVR (bus 0 bus_irq 11 global_irq 11 high level)\n[    0.000000] Using ACPI (MADT) for SMP configuration information\n[    0.000000] ACPI: HPET id: 0x8086a201 base: 0xfed00000\n[    0.000000] SMP: Allowing 1 CPUs, 0 hotplug CPUs\n[    0.000000] PM: Registered nosave memory: 000000000009f000 - 00000000000a0000\n[    0.000000] PM: Registered nosave memory: 00000000000a0000 - 00000000000f0000\n[    0.000000] PM: Registered nosave memory: 00000000000f0000 - 0000000000100000\n[    0.000000] Allocating PCI resources starting at 4000000 (gap: 4000000:fbfc0000)\n[    0.000000] Booting paravirtualized kernel on bare hardware\n[    0.000000] setup_pe
2015-12-04 03:51:11,711 20470 DEBUG    [tempest.scenario.manager] Console output for e859020d-ebe9-40a1-b3a4-670d8446d577
body=
[    0.000000] Initializing cgroup subsys cpuset
[    0.000000] Initializing cgroup subsys cpu
[    0.000000] Linux version 3.2.0-80-virtual (buildd@batsu) (gcc version 4.6.3 (Ubuntu/Linaro 4.6.3-1ubuntu5) ) #116-Ubuntu SMP Mon Mar 23 17:28:52 UTC 2015 (Ubuntu 3.2.0-80.116-virtual 3.2.68)
[    0.000000] Command line: root=/dev/vda console=tty0 console=ttyS0 no_timer_check
[    0.000000] KERNEL supported cpus:
[    0.000000]   Intel GenuineIntel
[    0.000000]   AMD AuthenticAMD
[    0.000000]   Centaur CentaurHauls
[    0.000000] BIOS-provided physical RAM map:
[    0.000000]  BIOS-e820: 0000000000000000 - 000000000009fc00 (usable)
[    0.000000]  BIOS-e820: 000000000009fc00 - 00000000000a0000 (reserved)
[    0.000000]  BIOS-e820: 00000000000f0000 - 0000000000100000 (reserved)
[    0.000000]  BIOS-e820: 0000000000100000 - 0000000003ffe000 (usable)
[    0.000000]  BIOS-e820: 0000000003ffe000 - 0000000004000000 (reserved)
[    0.000000]  BIOS-e820: 00000000fffc0000 - 0000000100000000 (reserved)
[    0.000000] NX (Execute Disable) protection: active
[    0.000000] SMBIOS 2.4 present.
[    0.000000] No AGP bridge found
[    0.000000] last_pfn = 0x3ffe max_arch_pfn = 0x400000000
[    0.000000] x86 PAT enabled: cpu 0, old 0x7040600070406, new 0x7010600070106
[    0.000000] found SMP MP-table at [ffff8800000f0b00] f0b00
[    0.000000] init_memory_mapping: 0000000000000000-0000000003ffe000
[    0.000000] RAMDISK: 03c5e000 - 03ff0000
[    0.000000] ACPI: RSDP 00000000000f0950 00014 (v00 BOCHS )
[    0.000000] ACPI: RSDT 0000000003fffbc1 00034 (v01 BOCHS  BXPCRSDT 00000001 BXPC 00000001)
[    0.000000] ACPI: FACP 0000000003fff1c0 00074 (v01 BOCHS  BXPCFACP 00000001 BXPC 00000001)
[    0.000000] ACPI: DSDT 0000000003ffe040 01180 (v01 BOCHS  BXPCDSDT 00000001 BXPC 00000001)
[    0.000000] ACPI: FACS 0000000003ffe000 00040
[    0.000000] ACPI: SSDT 0000000003fff234 008DD (v01 BOCHS  BXPCSSDT 00000001 BXPC 00000001)
[    0.000000] ACPI: APIC 0000000003fffb11 00078 (v01 BOCHS  BXPCAPIC 00000001 BXPC 00000001)
[    0.000000] ACPI: HPET 0000000003fffb89 00038 (v01 BOCHS  BXPCHPET 00000001 BXPC 00000001)
[    0.000000] No NUMA configuration found
[    0.000000] Faking a node at 0000000000000000-0000000003ffe000
[    0.000000] Initmem setup node 0 0000000000000000-0000000003ffe000
[    0.000000]   NODE_DATA [0000000003ff6000 - 0000000003ffafff]
[    0.000000] Zone PFN ranges:
[    0.000000]   DMA      0x00000010 -&gt; 0x00001000
[    0.000000]   DMA32    0x00001000 -&gt; 0x00100000
[    0.000000]   Normal   empty
[    0.000000] Movable zone start PFN for each node
[    0.000000] early_node_map[2] active PFN ranges
[    0.000000]     0: 0x00000010 -&gt; 0x0000009f
[    0.000000]     0: 0x00000100 -&gt; 0x00003ffe
[    0.000000] ACPI: PM-Timer IO Port: 0xb008
[    0.000000] ACPI: LAPIC (acpi_id[0x00] lapic_id[0x00] enabled)
[    0.000000] ACPI: LAPIC_NMI (acpi_id[0xff] dfl dfl lint[0x1])
[    0.000000] ACPI: IOAPIC (id[0x00] address[0xfec00000] gsi_base[0])
[    0.000000] IOAPIC[0]: apic_id 0, version 17, address 0xfec00000, GSI 0-23
[    0.000000] ACPI: INT_SRC_OVR (bus 0 bus_irq 0 global_irq 2 dfl dfl)
[    0.000000] ACPI: INT_SRC_OVR (bus 0 bus_irq 5 global_irq 5 high level)
[    0.000000] ACPI: INT_SRC_OVR (bus 0 bus_irq 9 global_irq 9 high level)
[    0.000000] ACPI: INT_SRC_OVR (bus 0 bus_irq 10 global_irq 10 high level)
[    0.000000] ACPI: INT_SRC_OVR (bus 0 bus_irq 11 global_irq 11 high level)
[    0.000000] Using ACPI (MADT) for SMP configuration information
[    0.000000] ACPI: HPET id: 0x8086a201 base: 0xfed00000
[    0.000000] SMP: Allowing 1 CPUs, 0 hotplug CPUs
[    0.000000] PM: Registered nosave memory: 000000000009f000 - 00000000000a0000
[    0.000000] PM: Registered nosave memory: 00000000000a0000 - 00000000000f0000
[    0.000000] PM: Registered nosave memory: 00000000000f0000 - 0000000000100000
[    0.000000] Allocating PCI resources starting at 4000000 (gap: 4000000:fbfc0000)
[    0.000000] Booting paravirtualized kernel on bare hardware
[    0.000000] setup_percpu: NR_CPUS:64 nr_cpumask_bits:64 nr_cpu_ids:1 nr_node_ids:1
[    0.000000] PERCPU: Embedded 27 pages/cpu @ffff880003a00000 s78848 r8192 d23552 u2097152
[    0.000000] Built 1 zonelists in Node order, mobility grouping on.  Total pages: 16008
[    0.000000] Policy zone: DMA32
[    0.000000] Kernel command line: root=/dev/vda console=tty0 console=ttyS0 no_timer_check
[    0.000000] PID hash table entries: 256 (order: -1, 2048 bytes)
[    0.000000] Checking aperture...
[    0.000000] No AGP bridge found
[    0.000000] Memory: 43492k/65528k available (6576k kernel code, 452k absent, 21584k reserved, 6620k data, 928k init)
[    0.000000] SLUB: Genslabs=15, HWalign=64, Order=0-3, MinObjects=0, CPUs=1, Nodes=1
[    0.000000] Hierarchical RCU implementation.
[    0.000000] 	RCU dyntick-idle grace-period acceleration is enabled.
[    0.000000] NR_IRQS:4352 nr_irqs:256 16
[    0.000000] Console: colour VGA+ 80x25
[    0.000000] console [tty0] enabled
[    0.000000] console [ttyS0] enabled
[    0.000000] allocated 1048576 bytes of page_cgroup
[    0.000000] please try 'cgroup_disable=memory' option if you don't want memory cgroups
[    0.000000] Fast TSC calibration failed
[    0.000000] TSC: Unable to calibrate against PIT
[    0.000000] TSC: using HPET reference calibration
[    0.000000] Detected 2292.946 MHz processor.
[    0.032792] Calibrating delay loop (skipped), value calculated using timer frequency.. 4585.89 BogoMIPS (lpj=9171784)
[    0.034816] pid_max: default: 32768 minimum: 301
[    0.042565] Security Framework initialized
[    0.048061] AppArmor: AppArmor initialized
[    0.048702] Yama: becoming mindful.
[    0.056958] Dentry cache hash table entries: 8192 (order: 4, 65536 bytes)
[    0.058512] Inode-cache hash table entries: 4096 (order: 3, 32768 bytes)
[    0.060626] Mount-cache hash table entries: 256
[    0.074926] Initializing cgroup subsys cpuacct
[    0.076323] Initializing cgroup subsys memory
[    0.080274] Initializing cgroup subsys devices
[    0.081075] Initializing cgroup subsys freezer
[    0.081698] Initializing cgroup subsys blkio
[    0.082391] Initializing cgroup subsys perf_event
[    0.088398] mce: CPU supports 10 MCE banks
[    0.091369] SMP alternatives: switching to UP code
[    0.473201] Freeing SMP alternatives: 24k freed
[    0.474900] ACPI: Core revision 20110623
[    0.531174] ftrace: allocating 26610 entries in 105 pages
[    0.560034] ..TIMER: vector=0x30 apic1=0 pin1=2 apic2=-1 pin2=-1
[    0.560138] CPU0: AMD QEMU Virtual CPU version 2.0.0 stepping 03
[    0.564034] Performance Events: Broken PMU hardware detected, using software events only.
[    0.577301] NMI watchdog disabled (cpu0): hardware events not enabled
[    0.580296] Brought up 1 CPUs
[    0.581269] Total of 1 processors activated (4585.89 BogoMIPS).
[    0.616768] devtmpfs: initialized
[    0.646337] EVM: security.selinux
[    0.648136] EVM: security.SMACK64
[    0.648623] EVM: security.capability
[    0.669059] print_constraints: dummy: 
[    0.670622] RTC time:  3:49:10, date: 12/04/15
[    0.675274] NET: Registered protocol family 16
[    0.685303] ACPI: bus type pci registered
[    0.689269] PCI: Using configuration type 1 for base access
[    0.719196] bio: create slab &lt;bio-0&gt; at 0
[    0.724884] ACPI: Added _OSI(Module Device)
[    0.725511] ACPI: Added _OSI(Processor Device)
[    0.726104] ACPI: Added _OSI(3.0 _SCP Extensions)
[    0.726749] ACPI: Added _OSI(Processor Aggregator Device)
[    0.797347] ACPI: Interpreter enabled
[    0.798008] ACPI: (supports S0 S3 S4 S5)
[    0.800447] ACPI: Using IOAPIC for interrupt routing
[    0.864381] ACPI: No dock devices found.
[    0.865068] HEST: Table not found.
[    0.865781] PCI: Using host bridge windows from ACPI; if necessary, use "pci=nocrs" and report a bug
[    0.873077] ACPI: PCI Root Bridge [PCI0] (domain 0000 [bus 00-ff])
[    0.880996] pci_root PNP0A03:00: host bridge window [io  0x0000-0x0cf7]
[    0.881899] pci_root PNP0A03:00: host bridge window [io  0x0d00-0xadff]
[    0.882739] pci_root PNP0A03:00: host bridge window [io  0xae0f-0xaeff]
[    0.884108] pci_root PNP0A03:00: host bridge window [io  0xaf20-0xafdf]
[    0.884930] pci_root PNP0A03:00: host bridge window [io  0xafe4-0xffff]
[    0.885852] pci_root PNP0A03:00: host bridge window [mem 0x000a0000-0x000bffff]
[    0.886810] pci_root PNP0A03:00: host bridge window [mem 0x04000000-0xfebfffff]
[    0.908836] pci 0000:00:01.3: quirk: [io  0xb000-0xb03f] claimed by PIIX4 ACPI
[    0.909861] pci 0000:00:01.3: quirk: [io  0xb100-0xb10f] claimed by PIIX4 SMB
[    0.982768]  pci0000:00: Unable to request _OSC control (_OSC support mask: 0x1e)
[    1.052937] ACPI: PCI Interrupt Link [LNKA] (IRQs 5 *10 11)
[    1.055302] ACPI: PCI Interrupt Link [LNKB] (IRQs 5 *10 11)
[    1.057373] ACPI: PCI Interrupt Link [LNKC] (IRQs 5 10 *11)
[    1.060264] ACPI: PCI Interrupt Link [LNKD] (IRQs 5 10 *11)
[    1.061551] ACPI: PCI Interrupt Link [LNKS] (IRQs *9)
[    1.068529] vgaarb: device added: PCI:0000:00:02.0,decodes=io+mem,owns=io+mem,locks=none
[    1.069626] vgaarb: loaded
[    1.070064] vgaarb: bridge control possible 0000:00:02.0
[    1.073822] i2c-core: driver [aat2870] using legacy suspend method
[    1.074630] i2c-core: driver [aat2870] using legacy resume method
[    1.084871] SCSI subsystem initialized
[    1.087382] usbcore: registered new interface driver usbfs
[    1.088603] usbcore: registered new interface driver hub
[    1.089735] usbcore: registered new device driver usb
[    1.094360] PCI: Using ACPI for IRQ routing
[    1.105589] NetLabel: Initializing
[    1.106054] NetLabel:  domain hash size = 128
[    1.106544] NetLabel:  protocols = UNLABELED CIPSOv4
[    1.109118] NetLabel:  unlabeled traffic allowed by default
[    1.111089] HPET: 3 timers in total, 0 timers will be used for per-cpu timer
[    1.112419] hpet0: at MMIO 0xfed00000, IRQs 2, 8, 0
[    1.113325] hpet0: 3 comparators, 64-bit 100.000000 MHz counter
[    1.129137] Switching to clocksource hpet
[    1.351051] AppArmor: AppArmor Filesystem Enabled
[    1.353053] pnp: PnP ACPI init
[    1.353742] ACPI: bus type pnp registered
[    1.372125] pnp: PnP ACPI: found 9 devices
[    1.373417] ACPI: ACPI bus type pnp unregistered
[    1.426972] NET: Registered protocol family 2
[    1.458970] IP route cache hash table entries: 512 (order: 0, 4096 bytes)
[    1.466230] TCP established hash table entries: 2048 (order: 3, 32768 bytes)
[    1.467274] TCP bind hash table entries: 2048 (order: 3, 32768 bytes)
[    1.468832] TCP: Hash tables configured (established 2048 bind 2048)
[    1.469767] TCP reno registered
[    1.470286] UDP hash table entries: 128 (order: 0, 4096 bytes)
[    1.471173] UDP-Lite hash table entries: 128 (order: 0, 4096 bytes)
[    1.474318] NET: Registered protocol family 1
[    1.475363] pci 0000:00:00.0: Limiting direct PCI/PCI transfers
[    1.476114] pci 0000:00:01.0: PIIX3: Enabling Passive Release
[    1.477635] pci 0000:00:01.0: Activating ISA DMA hang workarounds
[    1.482561] ACPI: PCI Interrupt Link [LNKD] enabled at IRQ 11
[    1.483502] pci 0000:00:01.2: PCI INT D -&gt; Link[LNKD] -&gt; GSI 11 (level, high) -&gt; IRQ 11
[    1.486009] pci 0000:00:01.2: PCI INT D disabled
[    1.502570] Trying to unpack rootfs image as initramfs...
[    1.518081] audit: initializing netlink socket (disabled)
[    1.519492] type=2000 audit(1449200950.516:1): initialized
[    1.787444] HugeTLB registered 2 MB page size, pre-allocated 0 pages
[    1.863731] VFS: Disk quotas dquot_6.5.2
[    1.865780] Dquot-cache hash table entries: 512 (order 0, 4096 bytes)
[    1.880037] fuse init (API version 7.17)
[    1.883105] msgmni has been set to 84
[    1.918699] Block layer SCSI generic (bsg) driver version 0.4 loaded (major 253)
[    1.920207] io scheduler noop registered
[    1.921615] io scheduler deadline registered (default)
[    1.922757] io scheduler cfq registered
[    1.926506] pci_hotplug: PCI Hot Plug PCI Core version: 0.5
[    1.928980] pciehp: PCI Express Hot Plug Controller Driver version: 0.4
[    1.934481] input: Power Button as /devices/LNXSYSTM:00/LNXPWRBN:00/input/input0
[    1.936791] ACPI: Power Button [PWRF]
[    1.990600] ERST: Table is not found!
[    1.991237] GHES: HEST is not enabled!
[    1.998152] ACPI: PCI Interrupt Link [LNKC] enabled at IRQ 10
[    1.998876] virtio-pci 0000:00:03.0: PCI INT A -&gt; Link[LNKC] -&gt; GSI 10 (level, high) -&gt; IRQ 10
[    2.004521] virtio-pci 0000:00:04.0: PCI INT A -&gt; Link[LNKD] -&gt; GSI 11 (level, high) -&gt; IRQ 11
[    2.039400] ACPI: PCI Interrupt Link [LNKA] enabled at IRQ 10
[    2.040117] virtio-pci 0000:00:05.0: PCI INT A -&gt; Link[LNKA] -&gt; GSI 10 (level, high) -&gt; IRQ 10
[    2.046139] Serial: 8250/16550 driver, 32 ports, IRQ sharing enabled
[    2.081255] serial8250: ttyS0 at I/O 0x3f8 (irq = 4) is a 16550A
[    2.155776] serial8250: ttyS1 at I/O 0x2f8 (irq = 3) is a 16550A
[    2.298075] 00:05: ttyS0 at I/O 0x3f8 (irq = 4) is a 16550A
[    2.384818] 00:06: ttyS1 at I/O 0x2f8 (irq = 3) is a 16550A
[    2.429412] Linux agpgart interface v0.103
[    2.489498] Refined TSC clocksource calibration: 2292.960 MHz.
[    2.490617] Switching to clocksource tsc
[    2.507584] brd: module loaded
[    2.539449] loop: module loaded
[    2.594142]  vda: unknown partition table
[    2.653884] scsi0 : ata_piix
[    2.661886] scsi1 : ata_piix
[    2.663474] ata1: PATA max MWDMA2 cmd 0x1f0 ctl 0x3f6 bmdma 0xc0a0 irq 14
[    2.665034] ata2: PATA max MWDMA2 cmd 0x170 ctl 0x376 bmdma 0xc0a8 irq 15
[    2.674016] Fixed MDIO Bus: probed
[    2.674892] tun: Universal TUN/TAP device driver, 1.6
[    2.675545] tun: (C) 1999-2004 Max Krasnyansky &lt;maxk@qualcomm.com&gt;
[    2.687258] PPP generic driver version 2.4.2
[    2.707189] ehci_hcd: USB 2.0 'Enhanced' Host Controller (EHCI) Driver
[    2.708623] ohci_hcd: USB 1.1 'Open' Host Controller (OHCI) Driver
[    2.709924] uhci_hcd: USB Universal Host Controller Interface driver
[    2.711152] uhci_hcd 0000:00:01.2: PCI INT D -&gt; Link[LNKD] -&gt; GSI 11 (level, high) -&gt; IRQ 11
[    2.714313] uhci_hcd 0000:00:01.2: UHCI Host Controller
[    2.721979] uhci_hcd 0000:00:01.2: new USB bus registered, assigned bus number 1
[    2.723829] uhci_hcd 0000:00:01.2: irq 11, io base 0x0000c040
[    2.754009] hub 1-0:1.0: USB hub found
[    2.755886] hub 1-0:1.0: 2 ports detected
[    2.764915] usbcore: registered new interface driver libusual
[    2.768570] i8042: PNP: PS/2 Controller [PNP0303:KBD,PNP0f13:MOU] at 0x60,0x64 irq 1,12
[    2.778002] serio: i8042 KBD port at 0x60,0x64 irq 1
[    2.779870] serio: i8042 AUX port at 0x60,0x64 irq 12
[    2.831238] mousedev: PS/2 mouse device common for all mice
[    2.842815] input: AT Translated Set 2 keyboard as /devices/platform/i8042/serio0/input/input1
[    2.849320] rtc_cmos 00:01: RTC can wake from S4
[    2.881016] rtc_cmos 00:01: rtc core: registered rtc_cmos as rtc0
[    2.884611] rtc0: alarms up to one day, 114 bytes nvram, hpet irqs
[    2.888611] device-mapper: uevent: version 1.0.3
[    2.904562] ata2.01: ATAPI: QEMU DVD-ROM, 2.0.0, max UDMA/100
[    2.918805] ata2.01: configured for MWDMA2
[    2.925945] device-mapper: ioctl: 4.22.0-ioctl (2011-10-19) initialised: dm-devel@redhat.com
[    2.931153] cpuidle: using governor ladder
[    2.932103] cpuidle: using governor menu
[    2.932974] EFI Variables Facility v0.08 2004-May-17
[    2.944017] TCP cubic registered
[    2.949037] NET: Registered protocol family 10
[    2.992058] NET: Registered protocol family 17
[    2.994787] Registering the dns_resolver key type
[    3.027661] scsi 1:0:1:0: CD-ROM            QEMU     QEMU DVD-ROM     2.0. PQ: 0 ANSI: 5
[    3.055566] sr0: scsi3-mmc drive: 4x/4x cd/rw xa/form2 tray
[    3.058082] cdrom: Uniform CD-ROM driver Revision: 3.20
[    3.076904] sr 1:0:1:0: Attached scsi generic sg0 type 5
[    3.159085] Freeing initrd memory: 3656k freed
[    3.176019] registered taskstats version 1
[    3.696202]   Magic number: 11:439:815
[    3.705348] rtc_cmos 00:01: setting system clock to 2015-12-04 03:49:13 UTC (1449200953)
[    3.707869] powernow-k8: Processor cpuid 663 not supported
[    3.714492] BIOS EDD facility v0.16 2004-Jun-25, 0 devices found
[    3.715608] EDD information not available.
[    3.776111] Freeing unused kernel memory: 928k freed
[    3.782571] Write protecting the kernel read-only data: 12288k
[    3.887026] Freeing unused kernel memory: 1596k freed
[    3.942758] Freeing unused kernel memory: 1184k freed

info: initramfs: up at 4.14
modprobe: module virtio_blk not found in modules.dep
modprobe: module virtio_net not found in modules.dep
info: copying initramfs to /dev/vda
info: initramfs loading root from /dev/vda
info: /etc/init.d/rc.sysinit: up at 8.42
info: container: none
Starting logging: OK
modprobe: module virtio_blk not found in modules.dep
modprobe: module virtio_net not found in modules.dep
WARN: /etc/rc3.d/S10-load-modules failed
Initializing random number generator... done.
Starting acpid: OK
cirros-ds 'local' up at 10.89
found datasource (configdrive, local)
Starting network...
udhcpc (v1.20.1) started
Sending discover...
Sending discover...

2015-12-04 03:51:12,005 20470 INFO     [tempest_lib.common.rest_client] Request (TestNetworkBasicOps:_run_cleanups): 204 DELETE http://10.0.2.15:9696/v2.0/floatingips/03b79a45-7fb9-48b9-b42d-2b99045d7127 0.288s
2015-12-04 03:51:12,006 20470 DEBUG    [tempest_lib.common.rest_client] Request - Headers: {'Content-Type': 'application/json', 'Accept': 'application/json', 'X-Auth-Token': '&lt;omitted&gt;'}
        Body: None
    Response - Headers: {'date': 'Fri, 04 Dec 2015 03:51:12 GMT', 'status': '204', 'connection': 'close', 'content-length': '0', 'x-openstack-request-id': 'req-06ac851b-c39a-4e0c-938d-85d11abc70be'}
        Body: 
2015-12-04 03:51:12,218 20470 INFO     [tempest_lib.common.rest_client] Request (TestNetworkBasicOps:_run_cleanups): 204 DELETE http://10.0.2.15:8774/v2.1/de5f584b20e6417f89759c66e0d95670/servers/e859020d-ebe9-40a1-b3a4-670d8446d577 0.211s
2015-12-04 03:51:12,218 20470 DEBUG    [tempest_lib.common.rest_client] Request - Headers: {'Content-Type': 'application/json', 'Accept': 'application/json', 'X-Auth-Token': '&lt;omitted&gt;'}
        Body: None
    Response - Headers: {'status': '204', 'content-length': '0', 'x-compute-request-id': 'req-e29be993-9267-47a3-912f-f1dc5f8295a7', 'vary': 'X-OpenStack-Nova-API-Version', 'connection': 'close', 'x-openstack-nova-api-version': '2.1', 'date': 'Fri, 04 Dec 2015 03:51:12 GMT', 'content-type': 'application/json'}
        Body: 
2015-12-04 03:51:12,498 20470 INFO     [tempest_lib.common.rest_client] Request (TestNetworkBasicOps:_run_cleanups): 200 GET http://10.0.2.15:8774/v2.1/de5f584b20e6417f89759c66e0d95670/servers/e859020d-ebe9-40a1-b3a4-670d8446d577 0.279s
2015-12-04 03:51:12,498 20470 DEBUG    [tempest_lib.common.rest_client] Request - Headers: {'Content-Type': 'application/json', 'Accept': 'application/json', 'X-Auth-Token': '&lt;omitted&gt;'}
        Body: None
    Response - Headers: {'status': '200', 'content-length': '1775', 'content-location': 'http://10.0.2.15:8774/v2.1/de5f584b20e6417f89759c66e0d95670/servers/e859020d-ebe9-40a1-b3a4-670d8446d577', 'x-compute-request-id': 'req-f4a3d37c-1f11-406e-a2c9-20fd7a77c318', 'vary': 'X-OpenStack-Nova-API-Version', 'connection': 'close', 'x-openstack-nova-api-version': '2.1', 'date': 'Fri, 04 Dec 2015 03:51:12 GMT', 'content-type': 'application/json'}
        Body: {"server": {"status": "ACTIVE", "updated": "2015-12-04T03:51:12Z", "hostId": "2686df4a061076ab5eeb6c79e847b4e65f1ebc7cb4690e66ed96db28", "addresses": {"tempest-network-smoke--96477831": [{"OS-EXT-IPS-MAC:mac_addr": "fa:16:3e:81:eb:32", "version": 4, "addr": "10.100.0.3", "OS-EXT-IPS:type": "fixed"}, {"OS-EXT-IPS-MAC:mac_addr": "fa:16:3e:81:eb:32", "version": 4, "addr": "172.24.4.4", "OS-EXT-IPS:type": "floating"}]}, "links": [{"href": "http://10.0.2.15:8774/v2.1/de5f584b20e6417f89759c66e0d95670/servers/e859020d-ebe9-40a1-b3a4-670d8446d577", "rel": "self"}, {"href": "http://10.0.2.15:8774/de5f584b20e6417f89759c66e0d95670/servers/e859020d-ebe9-40a1-b3a4-670d8446d577", "rel": "bookmark"}], "key_name": "tempest-TestNetworkBasicOps-1874125087", "image": {"id": "b98bbb63-d6a3-4043-86c2-fa5f9b0426cf", "links": [{"href": "http://10.0.2.15:8774/de5f584b20e6417f89759c66e0d95670/images/b98bbb63-d6a3-4043-86c2-fa5f9b0426cf", "rel": "bookmark"}]}, "OS-EXT-STS:task_state": "deleting", "OS-EXT-STS:vm_state": "active", "OS-SRV-USG:launched_at": "2015-12-04T03:49:06.000000", "flavor": {"id": "42", "links": [{"href": "http://10.0.2.15:8774/de5f584b20e6417f89759c66e0d95670/flavors/42", "rel": "bookmark"}]}, "id": "e859020d-ebe9-40a1-b3a4-670d8446d577", "security_groups": [{"name": "tempest-secgroup-smoke-1695350628"}], "OS-SRV-USG:terminated_at": null, "OS-EXT-AZ:availability_zone": "nova", "user_id": "88d5c797f391493e87e5975dad481db7", "name": "tempest.common.compute-instance-1093770960", "created": "2015-12-04T03:49:02Z", "tenant_id": "de5f584b20e6417f89759c66e0d95670", "OS-DCF:diskConfig": "MANUAL", "os-extended-volumes:volumes_attached": [], "accessIPv4": "", "accessIPv6": "", "progress": 0, "OS-EXT-STS:power_state": 1, "config_drive": "True", "metadata": {}}}
2015-12-04 03:51:13,678 20470 INFO     [tempest_lib.common.rest_client] Request (TestNetworkBasicOps:_run_cleanups): 200 GET http://10.0.2.15:8774/v2.1/de5f584b20e6417f89759c66e0d95670/servers/e859020d-ebe9-40a1-b3a4-670d8446d577 0.163s
2015-12-04 03:51:13,679 20470 DEBUG    [tempest_lib.common.rest_client] Request - Headers: {'Content-Type': 'application/json', 'Accept': 'application/json', 'X-Auth-Token': '&lt;omitted&gt;'}
        Body: None
    Response - Headers: {'status': '200', 'content-length': '1707', 'content-location': 'http://10.0.2.15:8774/v2.1/de5f584b20e6417f89759c66e0d95670/servers/e859020d-ebe9-40a1-b3a4-670d8446d577', 'x-compute-request-id': 'req-4fb94fc5-4c0f-479d-8588-8d1e7d9acb3c', 'vary': 'X-OpenStack-Nova-API-Version', 'connection': 'close', 'x-openstack-nova-api-version': '2.1', 'date': 'Fri, 04 Dec 2015 03:51:13 GMT', 'content-type': 'application/json'}
        Body: {"server": {"status": "ACTIVE", "updated": "2015-12-04T03:51:13Z", "hostId": "2686df4a061076ab5eeb6c79e847b4e65f1ebc7cb4690e66ed96db28", "addresses": {"tempest-network-smoke--96477831": [{"OS-EXT-IPS-MAC:mac_addr": "fa:16:3e:81:eb:32", "version": 4, "addr": "10.100.0.3", "OS-EXT-IPS:type": "fixed"}, {"OS-EXT-IPS-MAC:mac_addr": "fa:16:3e:81:eb:32", "version": 4, "addr": "172.24.4.4", "OS-EXT-IPS:type": "floating"}]}, "links": [{"href": "http://10.0.2.15:8774/v2.1/de5f584b20e6417f89759c66e0d95670/servers/e859020d-ebe9-40a1-b3a4-670d8446d577", "rel": "self"}, {"href": "http://10.0.2.15:8774/de5f584b20e6417f89759c66e0d95670/servers/e859020d-ebe9-40a1-b3a4-670d8446d577", "rel": "bookmark"}], "key_name": "tempest-TestNetworkBasicOps-1874125087", "image": {"id": "b98bbb63-d6a3-4043-86c2-fa5f9b0426cf", "links": [{"href": "http://10.0.2.15:8774/de5f584b20e6417f89759c66e0d95670/images/b98bbb63-d6a3-4043-86c2-fa5f9b0426cf", "rel": "bookmark"}]}, "OS-EXT-STS:task_state": "deleting", "OS-EXT-STS:vm_state": "active", "OS-SRV-USG:launched_at": "2015-12-04T03:49:06.000000", "flavor": {"id": "42", "links": [{"href": "http://10.0.2.15:8774/de5f584b20e6417f89759c66e0d95670/flavors/42", "rel": "bookmark"}]}, "id": "e859020d-ebe9-40a1-b3a4-670d8446d577", "OS-SRV-USG:terminated_at": null, "OS-EXT-AZ:availability_zone": "nova", "user_id": "88d5c797f391493e87e5975dad481db7", "name": "tempest.common.compute-instance-1093770960", "created": "2015-12-04T03:49:02Z", "tenant_id": "de5f584b20e6417f89759c66e0d95670", "OS-DCF:diskConfig": "MANUAL", "os-extended-volumes:volumes_attached": [], "accessIPv4": "", "accessIPv6": "", "progress": 0, "OS-EXT-STS:power_state": 1, "config_drive": "True", "metadata": {}}}
2015-12-04 03:51:14,779 20470 INFO     [tempest_lib.common.rest_client] Request (TestNetworkBasicOps:_run_cleanups): 404 GET http://10.0.2.15:8774/v2.1/de5f584b20e6417f89759c66e0d95670/servers/e859020d-ebe9-40a1-b3a4-670d8446d577 0.089s
2015-12-04 03:51:14,780 20470 DEBUG    [tempest_lib.common.rest_client] Request - Headers: {'Content-Type': 'application/json', 'Accept': 'application/json', 'X-Auth-Token': '&lt;omitted&gt;'}
        Body: None
    Response - Headers: {'status': '404', 'content-length': '111', 'x-compute-request-id': 'req-0d84b6ba-b6fa-4f6b-97a9-4055f22dbabe', 'vary': 'X-OpenStack-Nova-API-Version', 'connection': 'close', 'x-openstack-nova-api-version': '2.1', 'date': 'Fri, 04 Dec 2015 03:51:14 GMT', 'content-type': 'application/json; charset=UTF-8'}
        Body: {"itemNotFound": {"message": "Instance e859020d-ebe9-40a1-b3a4-670d8446d577 could not be found.", "code": 404}}
2015-12-04 03:51:14,802 20470 INFO     [tempest_lib.common.rest_client] Request (TestNetworkBasicOps:_run_cleanups): 202 DELETE http://10.0.2.15:8774/v2.1/de5f584b20e6417f89759c66e0d95670/os-keypairs/tempest-TestNetworkBasicOps-1874125087 0.020s
2015-12-04 03:51:14,802 20470 DEBUG    [tempest_lib.common.rest_client] Request - Headers: {'Content-Type': 'application/json', 'Accept': 'application/json', 'X-Auth-Token': '&lt;omitted&gt;'}
        Body: None
    Response - Headers: {'status': '202', 'content-length': '0', 'x-compute-request-id': 'req-6a5bbdee-4c55-4a00-adf5-6748652c719d', 'vary': 'X-OpenStack-Nova-API-Version', 'connection': 'close', 'x-openstack-nova-api-version': '2.1', 'date': 'Fri, 04 Dec 2015 03:51:14 GMT', 'content-type': 'application/json'}
        Body: 
2015-12-04 03:51:15,208 20470 INFO     [tempest_lib.common.rest_client] Request (TestNetworkBasicOps:_run_cleanups): 200 PUT http://10.0.2.15:9696/v2.0/routers/41c69eec-abb4-423d-868d-3bf81fedfb1e/remove_router_interface 0.405s
2015-12-04 03:51:15,208 20470 DEBUG    [tempest_lib.common.rest_client] Request - Headers: {'Content-Type': 'application/json', 'Accept': 'application/json', 'X-Auth-Token': '&lt;omitted&gt;'}
        Body: {"subnet_id": "db122b44-4068-4721-9aaf-794af2f68473"}
    Response - Headers: {'status': '200', 'content-length': '255', 'connection': 'close', 'date': 'Fri, 04 Dec 2015 03:51:15 GMT', 'content-type': 'application/json; charset=UTF-8', 'x-openstack-request-id': 'req-f4279627-f2d0-4cf8-8f49-aa3db335b014'}
        Body: {"subnet_id": "db122b44-4068-4721-9aaf-794af2f68473", "tenant_id": "de5f584b20e6417f89759c66e0d95670", "subnet_ids": ["db122b44-4068-4721-9aaf-794af2f68473"], "port_id": "2b1cc8e1-d6f5-4eb3-bae2-81911ac27f56", "id": "41c69eec-abb4-423d-868d-3bf81fedfb1e"}
2015-12-04 03:51:15,745 20470 INFO     [tempest_lib.common.rest_client] Request (TestNetworkBasicOps:_run_cleanups): 204 DELETE http://10.0.2.15:9696/v2.0/subnets/db122b44-4068-4721-9aaf-794af2f68473 0.535s
2015-12-04 03:51:15,745 20470 DEBUG    [tempest_lib.common.rest_client] Request - Headers: {'Content-Type': 'application/json', 'Accept': 'application/json', 'X-Auth-Token': '&lt;omitted&gt;'}
        Body: None
    Response - Headers: {'date': 'Fri, 04 Dec 2015 03:51:15 GMT', 'status': '204', 'connection': 'close', 'content-length': '0', 'x-openstack-request-id': 'req-23f0851c-75ac-49d9-9e64-39c28aa3b6ab'}
        Body: 
2015-12-04 03:51:15,791 20470 INFO     [tempest_lib.common.rest_client] Request (TestNetworkBasicOps:_run_cleanups): 200 GET http://10.0.2.15:9696/v2.0/routers/41c69eec-abb4-423d-868d-3bf81fedfb1e 0.045s
2015-12-04 03:51:15,792 20470 DEBUG    [tempest_lib.common.rest_client] Request - Headers: {'Content-Type': 'application/json', 'Accept': 'application/json', 'X-Auth-Token': '&lt;omitted&gt;'}
        Body: None
    Response - Headers: {'status': '200', 'content-length': '501', 'content-location': 'http://10.0.2.15:9696/v2.0/routers/41c69eec-abb4-423d-868d-3bf81fedfb1e', 'connection': 'close', 'date': 'Fri, 04 Dec 2015 03:51:15 GMT', 'content-type': 'application/json; charset=UTF-8', 'x-openstack-request-id': 'req-fd863084-4d6e-4a12-a384-5f06dadcfbc9'}
        Body: {"router": {"status": "ACTIVE", "external_gateway_info": {"network_id": "c06fb6e0-8261-475a-9402-6dbaad35fdcc", "enable_snat": true, "external_fixed_ips": [{"subnet_id": "7e765612-7a64-485a-b8b8-ef644088012c", "ip_address": "172.24.4.3"}, {"subnet_id": "07f08c64-de63-49be-8c50-dee9026beab6", "ip_address": "2001:db8::3"}]}, "name": "tempest-router-smoke-1141698813", "admin_state_up": true, "tenant_id": "de5f584b20e6417f89759c66e0d95670", "routes": [], "id": "41c69eec-abb4-423d-868d-3bf81fedfb1e"}}
2015-12-04 03:51:16,203 20470 INFO     [tempest_lib.common.rest_client] Request (TestNetworkBasicOps:_run_cleanups): 200 PUT http://10.0.2.15:9696/v2.0/routers/41c69eec-abb4-423d-868d-3bf81fedfb1e 0.411s
2015-12-04 03:51:16,204 20470 DEBUG    [tempest_lib.common.rest_client] Request - Headers: {'Content-Type': 'application/json', 'Accept': 'application/json', 'X-Auth-Token': '&lt;omitted&gt;'}
        Body: {"router": {"external_gateway_info": {}, "name": "tempest-router-smoke-1141698813", "admin_state_up": true}}
    Response - Headers: {'status': '200', 'content-length': '239', 'connection': 'close', 'date': 'Fri, 04 Dec 2015 03:51:16 GMT', 'content-type': 'application/json; charset=UTF-8', 'x-openstack-request-id': 'req-7dc514ce-cbef-4939-b8bf-b84795f2d37b'}
        Body: {"router": {"status": "ACTIVE", "external_gateway_info": null, "name": "tempest-router-smoke-1141698813", "admin_state_up": true, "tenant_id": "de5f584b20e6417f89759c66e0d95670", "routes": [], "id": "41c69eec-abb4-423d-868d-3bf81fedfb1e"}}
2015-12-04 03:51:16,420 20470 INFO     [tempest_lib.common.rest_client] Request (TestNetworkBasicOps:_run_cleanups): 204 DELETE http://10.0.2.15:9696/v2.0/routers/41c69eec-abb4-423d-868d-3bf81fedfb1e 0.215s
2015-12-04 03:51:16,421 20470 DEBUG    [tempest_lib.common.rest_client] Request - Headers: {'Content-Type': 'application/json', 'Accept': 'application/json', 'X-Auth-Token': '&lt;omitted&gt;'}
        Body: None
    Response - Headers: {'date': 'Fri, 04 Dec 2015 03:51:16 GMT', 'status': '204', 'connection': 'close', 'content-length': '0', 'x-openstack-request-id': 'req-61ba1501-136c-4f71-b97e-0a335861e591'}
        Body: 
2015-12-04 03:51:16,620 20470 INFO     [tempest_lib.common.rest_client] Request (TestNetworkBasicOps:_run_cleanups): 204 DELETE http://10.0.2.15:9696/v2.0/networks/4453d705-1828-484a-a3b8-aa834a8959c8 0.198s
2015-12-04 03:51:16,621 20470 DEBUG    [tempest_lib.common.rest_client] Request - Headers: {'Content-Type': 'application/json', 'Accept': 'application/json', 'X-Auth-Token': '&lt;omitted&gt;'}
        Body: None
    Response - Headers: {'date': 'Fri, 04 Dec 2015 03:51:16 GMT', 'status': '204', 'connection': 'close', 'content-length': '0', 'x-openstack-request-id': 'req-47a9a327-b309-4446-8479-ec01f25eb643'}
        Body: 
2015-12-04 03:51:16,677 20470 INFO     [tempest_lib.common.rest_client] Request (TestNetworkBasicOps:_run_cleanups): 204 DELETE http://10.0.2.15:9696/v2.0/security-group-rules/346d0298-9507-43ba-81eb-fe2e844496cf 0.056s
2015-12-04 03:51:16,678 20470 DEBUG    [tempest_lib.common.rest_client] Request - Headers: {'Content-Type': 'application/json', 'Accept': 'application/json', 'X-Auth-Token': '&lt;omitted&gt;'}
        Body: None
    Response - Headers: {'date': 'Fri, 04 Dec 2015 03:51:16 GMT', 'status': '204', 'connection': 'close', 'content-length': '0', 'x-openstack-request-id': 'req-ab7104fa-dbeb-48f4-ac81-f1b42e44a0ea'}
        Body: 
2015-12-04 03:51:16,742 20470 INFO     [tempest_lib.common.rest_client] Request (TestNetworkBasicOps:_run_cleanups): 204 DELETE http://10.0.2.15:9696/v2.0/security-group-rules/ee896f59-0865-47db-9bd6-dcd06bc5b7ed 0.062s
2015-12-04 03:51:16,742 20470 DEBUG    [tempest_lib.common.rest_client] Request - Headers: {'Content-Type': 'application/json', 'Accept': 'application/json', 'X-Auth-Token': '&lt;omitted&gt;'}
        Body: None
    Response - Headers: {'date': 'Fri, 04 Dec 2015 03:51:16 GMT', 'status': '204', 'connection': 'close', 'content-length': '0', 'x-openstack-request-id': 'req-6719c545-46c6-42ef-8c8f-e44515ae2920'}
        Body: 
2015-12-04 03:51:16,884 20470 INFO     [tempest_lib.common.rest_client] Request (TestNetworkBasicOps:_run_cleanups): 204 DELETE http://10.0.2.15:9696/v2.0/security-group-rules/2a0cdd81-6bfe-4566-80a0-6274b7d5d712 0.141s
2015-12-04 03:51:16,884 20470 DEBUG    [tempest_lib.common.rest_client] Request - Headers: {'Content-Type': 'application/json', 'Accept': 'application/json', 'X-Auth-Token': '&lt;omitted&gt;'}
        Body: None
    Response - Headers: {'date': 'Fri, 04 Dec 2015 03:51:16 GMT', 'status': '204', 'connection': 'close', 'content-length': '0', 'x-openstack-request-id': 'req-eafc7537-0a2e-4234-ae4a-a162397929a6'}
        Body: 
2015-12-04 03:51:16,942 20470 INFO     [tempest_lib.common.rest_client] Request (TestNetworkBasicOps:_run_cleanups): 204 DELETE http://10.0.2.15:9696/v2.0/security-group-rules/e559aa65-278e-4f94-b88a-336f227640f0 0.057s
2015-12-04 03:51:16,943 20470 DEBUG    [tempest_lib.common.rest_client] Request - Headers: {'Content-Type': 'application/json', 'Accept': 'application/json', 'X-Auth-Token': '&lt;omitted&gt;'}
        Body: None
    Response - Headers: {'date': 'Fri, 04 Dec 2015 03:51:16 GMT', 'status': '204', 'connection': 'close', 'content-length': '0', 'x-openstack-request-id': 'req-8b40aab0-e011-4638-b90a-8448b30d8d15'}
        Body: 
2015-12-04 03:51:17,010 20470 INFO     [tempest_lib.common.rest_client] Request (TestNetworkBasicOps:_run_cleanups): 204 DELETE http://10.0.2.15:9696/v2.0/security-group-rules/68bc4c0e-1d40-480b-94ca-42997f003ef2 0.065s
2015-12-04 03:51:17,010 20470 DEBUG    [tempest_lib.common.rest_client] Request - Headers: {'Content-Type': 'application/json', 'Accept': 'application/json', 'X-Auth-Token': '&lt;omitted&gt;'}
        Body: None
    Response - Headers: {'date': 'Fri, 04 Dec 2015 03:51:17 GMT', 'status': '204', 'connection': 'close', 'content-length': '0', 'x-openstack-request-id': 'req-3c3f9807-f7ce-4f61-8971-dc8d4763a965'}
        Body: 
