<?xml version="1.0" encoding="UTF-8"?>
<!DOCTYPE html PUBLIC "-//W3C//DTD XHTML 1.0 Strict//EN"
     "http://www.w3.org/TR/xhtml1/DTD/xhtml1-strict.dtd">
<html xmlns="http://www.w3.org/1999/xhtml">
<head>
    <title>Unit Test Report</title>
    <meta name="generator" content="subunit2html 0.1"/>
    <meta http-equiv="Content-Type" content="text/html; charset=UTF-8"/>
    
<style type="text/css" media="screen">
body        { font-family: verdana, arial, helvetica, sans-serif;
    font-size: 80%; }
table       { font-size: 100%; width: 100%;}
pre         { font-size: 80%; }

/* -- heading -------------------------------------------------------------- */
h1 {
        font-size: 16pt;
        color: gray;
}
.heading {
    margin-top: 0ex;
    margin-bottom: 1ex;
}

.heading .attribute {
    margin-top: 1ex;
    margin-bottom: 0;
}

.heading .description {
    margin-top: 4ex;
    margin-bottom: 6ex;
}

/* -- css div popup -------------------------------------------------------- */
a.popup_link {
}

a.popup_link:hover {
    color: red;
}

.popup_window {
    display: none;
    overflow-x: scroll;
    /*border: solid #627173 1px; */
    padding: 10px;
    background-color: #E6E6D6;
    font-family: "Ubuntu Mono", "Lucida Console", "Courier New", monospace;
    text-align: left;
    font-size: 8pt;
}

}
/* -- report --------------------------------------------------------------- */
#show_detail_line {
    margin-top: 3ex;
    margin-bottom: 1ex;
}
#result_table {
    width: 100%;
    border-collapse: collapse;
    border: 1px solid #777;
}
#header_row {
    font-weight: bold;
    color: white;
    background-color: #777;
}
#result_table td {
    border: 1px solid #777;
    padding: 2px;
}
#total_row  { font-weight: bold; }
.passClass  { background-color: #6c6; }
.failClass  { background-color: #c60; }
.errorClass { background-color: #c00; }
.passCase   { color: #6c6; }
.failCase   { color: #c60; font-weight: bold; }
.errorCase  { color: #c00; font-weight: bold; }
.hiddenRow  { display: none; }
.testcase   { margin-left: 2em; }
td.testname {width: 40%}
td.small {width: 40px}

/* -- ending --------------------------------------------------------------- */
#ending {
}

</style>

</head>
<body>
<script language="javascript" type="text/javascript"><!--
output_list = Array();

/* level - 0:Summary; 1:Failed; 2:All */
function showCase(level) {
    trs = document.getElementsByTagName("tr");
    for (var i = 0; i < trs.length; i++) {
        tr = trs[i];
        id = tr.id;
        if (id.substr(0,2) == 'ft') {
            if (level < 1) {
                tr.className = 'hiddenRow';
            }
            else {
                tr.className = '';
            }
        }
        if (id.substr(0,2) == 'pt') {
            if (level > 1) {
                tr.className = '';
            }
            else {
                tr.className = 'hiddenRow';
            }
        }
    }
}


function showClassDetail(cid, count) {
    var id_list = Array(count);
    var toHide = 1;
    for (var i = 0; i < count; i++) {
        tid0 = 't' + cid.substr(1) + '.' + (i+1);
        tid = 'f' + tid0;
        tr = document.getElementById(tid);
        if (!tr) {
            tid = 'p' + tid0;
            tr = document.getElementById(tid);
        }
        id_list[i] = tid;
        if (tr.className) {
            toHide = 0;
        }
    }
    for (var i = 0; i < count; i++) {
        tid = id_list[i];
        if (toHide) {
            document.getElementById('div_'+tid).style.display = 'none'
            document.getElementById(tid).className = 'hiddenRow';
        }
        else {
            document.getElementById(tid).className = '';
        }
    }
}


function showTestDetail(div_id){
    var details_div = document.getElementById(div_id)
    var displayState = details_div.style.display
    // alert(displayState)
    if (displayState != 'block' ) {
        displayState = 'block'
        details_div.style.display = 'block'
    }
    else {
        details_div.style.display = 'none'
    }
}


function html_escape(s) {
    s = s.replace(/&/g,'&amp;');
    s = s.replace(/</g,'&lt;');
    s = s.replace(/>/g,'&gt;');
    return s;
}

/* obsoleted by detail in <div>
function showOutput(id, name) {
    var w = window.open("", //url
                    name,
                    "resizable,scrollbars,status,width=800,height=450");
    d = w.document;
    d.write("<pre>");
    d.write(html_escape(output_list[id]));
    d.write("\n");
    d.write("<a href='javascript:window.close()'>close</a>\n");
    d.write("</pre>\n");
    d.close();
}
*/
--></script>

<div class='heading'>
<h1>Unit Test Report</h1>

<p class='attribute'><strong>Status:</strong> Pass 1 Failure 7 Skip 1</p>

<p class='description'></p>
</div>



<p id='show_detail_line'>Show
<a href='javascript:showCase(0)'>Summary</a>
<a href='javascript:showCase(1)'>Failed</a>
<a href='javascript:showCase(2)'>All</a>
</p>
<table id='result_table'>
<colgroup>
<col align='left' />
<col align='right' />
<col align='right' />
<col align='right' />
<col align='right' />
<col align='right' />
<col align='right' />
<col align='right' />
</colgroup>
<tr id='header_row'>
    <td>Test Group/Test case</td>
    <td>Count</td>
    <td>Pass</td>
    <td>Fail</td>
    <td>Error</td>
    <td>Skip</td>
    <td>View</td>
    <td> </td>
</tr>

<tr class='failClass'>
    <td class="testname">tempest.scenario.test_network_basic_ops.TestNetworkBasicOps</td>
    <td class="small">9</td>
    <td class="small">1</td>
    <td class="small">7</td>
    <td class="small">0</td>
    <td class="small">1</td>
    <td class="small"><a href="javascript:showClassDetail('c1',9)"
>Detail</a></td>
    <td> </td>
</tr>

<tr id='ft1.1' class='none'>
    <td class='failCase'><div class='testcase'>test_connectivity_between_vms_on_different_networks[compute,id-1546850e-fbaa-42f5-8b5f-03d8a6a95f15,network]</div></td>
    <td colspan='7' align='left'>

    <!--css div popup start-->
    <a class="popup_link" onfocus='this.blur();'
    href="javascript:showTestDetail('div_ft1.1')" >
        fail</a>

    <div id='div_ft1.1' class="popup_window">
        <div style='text-align: right; color:red;cursor:pointer'>
        <a onfocus='this.blur();'
onclick="document.getElementById('div_ft1.1').style.display = 'none' " >
           [x]</a>
        </div>
        <pre>
        
ft1.1: tempest.scenario.test_network_basic_ops.TestNetworkBasicOps.test_connectivity_between_vms_on_different_networks[compute,id-1546850e-fbaa-42f5-8b5f-03d8a6a95f15,network]_StringException: Empty attachments:
  stderr
  stdout

pythonlogging:'': {{{
2015-12-08 03:56:12,512 20421 INFO     [tempest_lib.common.rest_client] Request (TestNetworkBasicOps:test_connectivity_between_vms_on_different_networks): 201 POST http://10.0.2.15:9696/v2.0/security-groups 0.366s
2015-12-08 03:56:12,513 20421 DEBUG    [tempest_lib.common.rest_client] Request - Headers: {'Content-Type': 'application/json', 'Accept': 'application/json', 'X-Auth-Token': '&lt;omitted&gt;'}
        Body: {"security_group": {"tenant_id": "550566e55c974a70b44e71ee55602a95", "description": "tempest-secgroup-smoke-1319777044 description", "name": "tempest-secgroup-smoke-1319777044"}}
    Response - Headers: {'status': '201', 'content-length': '888', 'connection': 'close', 'date': 'Tue, 08 Dec 2015 03:56:12 GMT', 'content-type': 'application/json; charset=UTF-8', 'x-openstack-request-id': 'req-fc16370c-4253-466a-ada2-94578f558c0b'}
        Body: {"security_group": {"tenant_id": "550566e55c974a70b44e71ee55602a95", "description": "tempest-secgroup-smoke-1319777044 description", "id": "ab1559f1-ec75-4b52-ac1f-9d1290449b4c", "security_group_rules": [{"remote_group_id": null, "direction": "egress", "remote_ip_prefix": null, "protocol": null, "ethertype": "IPv4", "tenant_id": "550566e55c974a70b44e71ee55602a95", "port_range_max": null, "port_range_min": null, "id": "ed1bb061-fdde-4c05-a770-25fb6a4412cb", "security_group_id": "ab1559f1-ec75-4b52-ac1f-9d1290449b4c"}, {"remote_group_id": null, "direction": "egress", "remote_ip_prefix": null, "protocol": null, "ethertype": "IPv6", "tenant_id": "550566e55c974a70b44e71ee55602a95", "port_range_max": null, "port_range_min": null, "id": "866f1916-b9ec-452b-b331-55bb0e408d74", "security_group_id": "ab1559f1-ec75-4b52-ac1f-9d1290449b4c"}], "name": "tempest-secgroup-smoke-1319777044"}}
2015-12-08 03:56:12,640 20421 INFO     [tempest_lib.common.rest_client] Request (TestNetworkBasicOps:test_connectivity_between_vms_on_different_networks): 201 POST http://10.0.2.15:9696/v2.0/security-group-rules 0.126s
2015-12-08 03:56:12,641 20421 DEBUG    [tempest_lib.common.rest_client] Request - Headers: {'Content-Type': 'application/json', 'Accept': 'application/json', 'X-Auth-Token': '&lt;omitted&gt;'}
        Body: {"security_group_rule": {"direction": "ingress", "protocol": "tcp", "tenant_id": "550566e55c974a70b44e71ee55602a95", "port_range_max": 22, "security_group_id": "ab1559f1-ec75-4b52-ac1f-9d1290449b4c", "port_range_min": 22}}
    Response - Headers: {'status': '201', 'content-length': '340', 'connection': 'close', 'date': 'Tue, 08 Dec 2015 03:56:12 GMT', 'content-type': 'application/json; charset=UTF-8', 'x-openstack-request-id': 'req-4aa88729-a38b-411a-be8d-d432f7be4565'}
        Body: {"security_group_rule": {"remote_group_id": null, "direction": "ingress", "remote_ip_prefix": null, "protocol": "tcp", "ethertype": "IPv4", "tenant_id": "550566e55c974a70b44e71ee55602a95", "port_range_max": 22, "port_range_min": 22, "id": "47d31475-bc69-47fe-93e4-d5f8423ce68f", "security_group_id": "ab1559f1-ec75-4b52-ac1f-9d1290449b4c"}}
2015-12-08 03:56:12,762 20421 INFO     [tempest_lib.common.rest_client] Request (TestNetworkBasicOps:test_connectivity_between_vms_on_different_networks): 201 POST http://10.0.2.15:9696/v2.0/security-group-rules 0.120s
2015-12-08 03:56:12,763 20421 DEBUG    [tempest_lib.common.rest_client] Request - Headers: {'Content-Type': 'application/json', 'Accept': 'application/json', 'X-Auth-Token': '&lt;omitted&gt;'}
        Body: {"security_group_rule": {"direction": "egress", "protocol": "tcp", "tenant_id": "550566e55c974a70b44e71ee55602a95", "port_range_max": 22, "security_group_id": "ab1559f1-ec75-4b52-ac1f-9d1290449b4c", "port_range_min": 22}}
    Response - Headers: {'status': '201', 'content-length': '339', 'connection': 'close', 'date': 'Tue, 08 Dec 2015 03:56:12 GMT', 'content-type': 'application/json; charset=UTF-8', 'x-openstack-request-id': 'req-68fd8ac2-4b31-46d0-89bd-8f823aed27c8'}
        Body: {"security_group_rule": {"remote_group_id": null, "direction": "egress", "remote_ip_prefix": null, "protocol": "tcp", "ethertype": "IPv4", "tenant_id": "550566e55c974a70b44e71ee55602a95", "port_range_max": 22, "port_range_min": 22, "id": "520eff5a-912c-4372-bc49-8f070ee57f75", "security_group_id": "ab1559f1-ec75-4b52-ac1f-9d1290449b4c"}}
2015-12-08 03:56:12,884 20421 INFO     [tempest_lib.common.rest_client] Request (TestNetworkBasicOps:test_connectivity_between_vms_on_different_networks): 201 POST http://10.0.2.15:9696/v2.0/security-group-rules 0.120s
2015-12-08 03:56:12,885 20421 DEBUG    [tempest_lib.common.rest_client] Request - Headers: {'Content-Type': 'application/json', 'Accept': 'application/json', 'X-Auth-Token': '&lt;omitted&gt;'}
        Body: {"security_group_rule": {"tenant_id": "550566e55c974a70b44e71ee55602a95", "direction": "ingress", "protocol": "icmp", "security_group_id": "ab1559f1-ec75-4b52-ac1f-9d1290449b4c"}}
    Response - Headers: {'status': '201', 'content-length': '345', 'connection': 'close', 'date': 'Tue, 08 Dec 2015 03:56:12 GMT', 'content-type': 'application/json; charset=UTF-8', 'x-openstack-request-id': 'req-eeb6fde8-9cc2-4013-8f2c-f259bfb4c3f1'}
        Body: {"security_group_rule": {"remote_group_id": null, "direction": "ingress", "remote_ip_prefix": null, "protocol": "icmp", "ethertype": "IPv4", "tenant_id": "550566e55c974a70b44e71ee55602a95", "port_range_max": null, "port_range_min": null, "id": "5ee3f0f0-79cf-499e-bb41-eb1a2d5e69a4", "security_group_id": "ab1559f1-ec75-4b52-ac1f-9d1290449b4c"}}
2015-12-08 03:56:13,003 20421 INFO     [tempest_lib.common.rest_client] Request (TestNetworkBasicOps:test_connectivity_between_vms_on_different_networks): 201 POST http://10.0.2.15:9696/v2.0/security-group-rules 0.117s
2015-12-08 03:56:13,004 20421 DEBUG    [tempest_lib.common.rest_client] Request - Headers: {'Content-Type': 'application/json', 'Accept': 'application/json', 'X-Auth-Token': '&lt;omitted&gt;'}
        Body: {"security_group_rule": {"tenant_id": "550566e55c974a70b44e71ee55602a95", "direction": "egress", "protocol": "icmp", "security_group_id": "ab1559f1-ec75-4b52-ac1f-9d1290449b4c"}}
    Response - Headers: {'status': '201', 'content-length': '344', 'connection': 'close', 'date': 'Tue, 08 Dec 2015 03:56:13 GMT', 'content-type': 'application/json; charset=UTF-8', 'x-openstack-request-id': 'req-910a7e21-02f9-448f-a51a-2d2f88ebbc05'}
        Body: {"security_group_rule": {"remote_group_id": null, "direction": "egress", "remote_ip_prefix": null, "protocol": "icmp", "ethertype": "IPv4", "tenant_id": "550566e55c974a70b44e71ee55602a95", "port_range_max": null, "port_range_min": null, "id": "6a398d44-84a7-4d7e-83a5-2f6a5e1f0b45", "security_group_id": "ab1559f1-ec75-4b52-ac1f-9d1290449b4c"}}
2015-12-08 03:56:13,135 20421 INFO     [tempest_lib.common.rest_client] Request (TestNetworkBasicOps:test_connectivity_between_vms_on_different_networks): 201 POST http://10.0.2.15:9696/v2.0/security-group-rules 0.129s
2015-12-08 03:56:13,136 20421 DEBUG    [tempest_lib.common.rest_client] Request - Headers: {'Content-Type': 'application/json', 'Accept': 'application/json', 'X-Auth-Token': '&lt;omitted&gt;'}
        Body: {"security_group_rule": {"tenant_id": "550566e55c974a70b44e71ee55602a95", "direction": "ingress", "security_group_id": "ab1559f1-ec75-4b52-ac1f-9d1290449b4c", "protocol": "icmp", "ethertype": "IPv6"}}
    Response - Headers: {'status': '201', 'content-length': '345', 'connection': 'close', 'date': 'Tue, 08 Dec 2015 03:56:13 GMT', 'content-type': 'application/json; charset=UTF-8', 'x-openstack-request-id': 'req-dd7d2344-e523-4cae-a09c-291efc7911b3'}
        Body: {"security_group_rule": {"remote_group_id": null, "direction": "ingress", "remote_ip_prefix": null, "protocol": "icmp", "ethertype": "IPv6", "tenant_id": "550566e55c974a70b44e71ee55602a95", "port_range_max": null, "port_range_min": null, "id": "bea92ccf-4489-49c2-80e4-b84409bbe547", "security_group_id": "ab1559f1-ec75-4b52-ac1f-9d1290449b4c"}}
2015-12-08 03:56:13,256 20421 INFO     [tempest_lib.common.rest_client] Request (TestNetworkBasicOps:test_connectivity_between_vms_on_different_networks): 201 POST http://10.0.2.15:9696/v2.0/security-group-rules 0.119s
2015-12-08 03:56:13,257 20421 DEBUG    [tempest_lib.common.rest_client] Request - Headers: {'Content-Type': 'application/json', 'Accept': 'application/json', 'X-Auth-Token': '&lt;omitted&gt;'}
        Body: {"security_group_rule": {"tenant_id": "550566e55c974a70b44e71ee55602a95", "direction": "egress", "security_group_id": "ab1559f1-ec75-4b52-ac1f-9d1290449b4c", "protocol": "icmp", "ethertype": "IPv6"}}
    Response - Headers: {'status': '201', 'content-length': '344', 'connection': 'close', 'date': 'Tue, 08 Dec 2015 03:56:13 GMT', 'content-type': 'application/json; charset=UTF-8', 'x-openstack-request-id': 'req-6ad048ef-b869-4de2-bcad-4abde023ca4e'}
        Body: {"security_group_rule": {"remote_group_id": null, "direction": "egress", "remote_ip_prefix": null, "protocol": "icmp", "ethertype": "IPv6", "tenant_id": "550566e55c974a70b44e71ee55602a95", "port_range_max": null, "port_range_min": null, "id": "38130585-1125-44cc-adae-14b2fbcb7b45", "security_group_id": "ab1559f1-ec75-4b52-ac1f-9d1290449b4c"}}
2015-12-08 03:56:13,525 20421 INFO     [tempest_lib.common.rest_client] Request (TestNetworkBasicOps:test_connectivity_between_vms_on_different_networks): 201 POST http://10.0.2.15:9696/v2.0/networks 0.267s
2015-12-08 03:56:13,526 20421 DEBUG    [tempest_lib.common.rest_client] Request - Headers: {'Content-Type': 'application/json', 'Accept': 'application/json', 'X-Auth-Token': '&lt;omitted&gt;'}
        Body: {"network": {"tenant_id": "550566e55c974a70b44e71ee55602a95", "name": "tempest-network-smoke--1317266137"}}
    Response - Headers: {'status': '201', 'content-length': '329', 'connection': 'close', 'date': 'Tue, 08 Dec 2015 03:56:13 GMT', 'content-type': 'application/json; charset=UTF-8', 'x-openstack-request-id': 'req-250dc956-883b-48f0-9619-2f54405e9197'}
        Body: {"network": {"status": "ACTIVE", "subnets": [], "availability_zone_hints": "[]", "name": "tempest-network-smoke--1317266137", "admin_state_up": true, "tenant_id": "550566e55c974a70b44e71ee55602a95", "mtu": 0, "router:external": false, "shared": false, "port_security_enabled": true, "id": "408b7e7f-77a7-4dc5-b4db-30a1e06429fe"}}
2015-12-08 03:56:13,596 20421 INFO     [tempest_lib.common.rest_client] Request (TestNetworkBasicOps:test_connectivity_between_vms_on_different_networks): 201 POST http://10.0.2.15:9696/v2.0/routers 0.069s
2015-12-08 03:56:13,596 20421 DEBUG    [tempest_lib.common.rest_client] Request - Headers: {'Content-Type': 'application/json', 'Accept': 'application/json', 'X-Auth-Token': '&lt;omitted&gt;'}
        Body: {"router": {"tenant_id": "550566e55c974a70b44e71ee55602a95", "name": "tempest-router-smoke-2083362909", "admin_state_up": true}}
    Response - Headers: {'status': '201', 'content-length': '296', 'connection': 'close', 'date': 'Tue, 08 Dec 2015 03:56:13 GMT', 'content-type': 'application/json; charset=UTF-8', 'x-openstack-request-id': 'req-31bff82c-8ada-4edf-9f27-e4dd42915e3b'}
        Body: {"router": {"status": "ACTIVE", "external_gateway_info": null, "availability_zone_hints": [], "availability_zones": [], "name": "tempest-router-smoke-2083362909", "admin_state_up": true, "tenant_id": "550566e55c974a70b44e71ee55602a95", "routes": [], "id": "06676ac0-0a7b-46fe-adb2-72c98640ac7c"}}
2015-12-08 03:56:13,731 20421 INFO     [tempest_lib.common.rest_client] Request (TestNetworkBasicOps:test_connectivity_between_vms_on_different_networks): 200 GET http://10.0.2.15:9696/v2.0/routers/06676ac0-0a7b-46fe-adb2-72c98640ac7c 0.134s
2015-12-08 03:56:13,732 20421 DEBUG    [tempest_lib.common.rest_client] Request - Headers: {'Content-Type': 'application/json', 'Accept': 'application/json', 'X-Auth-Token': '&lt;omitted&gt;'}
        Body: None
    Response - Headers: {'status': '200', 'content-length': '296', 'content-location': 'http://10.0.2.15:9696/v2.0/routers/06676ac0-0a7b-46fe-adb2-72c98640ac7c', 'connection': 'close', 'date': 'Tue, 08 Dec 2015 03:56:13 GMT', 'content-type': 'application/json; charset=UTF-8', 'x-openstack-request-id': 'req-987a4994-b889-4478-873c-791ba9d79431'}
        Body: {"router": {"status": "ACTIVE", "external_gateway_info": null, "availability_zone_hints": [], "availability_zones": [], "name": "tempest-router-smoke-2083362909", "admin_state_up": true, "tenant_id": "550566e55c974a70b44e71ee55602a95", "routes": [], "id": "06676ac0-0a7b-46fe-adb2-72c98640ac7c"}}
2015-12-08 03:56:14,451 20421 INFO     [tempest_lib.common.rest_client] Request (TestNetworkBasicOps:test_connectivity_between_vms_on_different_networks): 200 PUT http://10.0.2.15:9696/v2.0/routers/06676ac0-0a7b-46fe-adb2-72c98640ac7c 0.718s
2015-12-08 03:56:14,451 20421 DEBUG    [tempest_lib.common.rest_client] Request - Headers: {'Content-Type': 'application/json', 'Accept': 'application/json', 'X-Auth-Token': '&lt;omitted&gt;'}
        Body: {"router": {"external_gateway_info": {"network_id": "6a2eff3a-425b-4ef4-a8cb-e471d70e89cf"}, "name": "tempest-router-smoke-2083362909", "admin_state_up": true}}
    Response - Headers: {'status': '200', 'content-length': '558', 'connection': 'close', 'date': 'Tue, 08 Dec 2015 03:56:14 GMT', 'content-type': 'application/json; charset=UTF-8', 'x-openstack-request-id': 'req-557b8d7d-22e9-44d7-aa35-f9a1eec99082'}
        Body: {"router": {"status": "ACTIVE", "external_gateway_info": {"network_id": "6a2eff3a-425b-4ef4-a8cb-e471d70e89cf", "enable_snat": true, "external_fixed_ips": [{"subnet_id": "2fc73d82-38eb-47d7-91fd-cfb335d285d0", "ip_address": "172.24.4.3"}, {"subnet_id": "e3191ab8-b883-4873-a8c6-344af50d3027", "ip_address": "2001:db8::4"}]}, "availability_zone_hints": [], "availability_zones": [], "name": "tempest-router-smoke-2083362909", "admin_state_up": true, "tenant_id": "550566e55c974a70b44e71ee55602a95", "routes": [], "id": "06676ac0-0a7b-46fe-adb2-72c98640ac7c"}}
2015-12-08 03:56:14,605 20421 INFO     [tempest_lib.common.rest_client] Request (TestNetworkBasicOps:test_connectivity_between_vms_on_different_networks): 200 GET http://10.0.2.15:9696/v2.0/subnets?tenant_id=550566e55c974a70b44e71ee55602a95&amp;cidr=10.100.0.0%2F28 0.151s
2015-12-08 03:56:14,605 20421 DEBUG    [tempest_lib.common.rest_client] Request - Headers: {'Content-Type': 'application/json', 'Accept': 'application/json', 'X-Auth-Token': '&lt;omitted&gt;'}
        Body: None
    Response - Headers: {'status': '200', 'content-length': '15', 'content-location': 'http://10.0.2.15:9696/v2.0/subnets?tenant_id=550566e55c974a70b44e71ee55602a95&amp;cidr=10.100.0.0%2F28', 'connection': 'close', 'date': 'Tue, 08 Dec 2015 03:56:14 GMT', 'content-type': 'application/json; charset=UTF-8', 'x-openstack-request-id': 'req-8a5a7fa3-7133-4dc5-81b4-89d36c555ca1'}
        Body: {"subnets": []}
2015-12-08 03:56:14,922 20421 INFO     [tempest_lib.common.rest_client] Request (TestNetworkBasicOps:test_connectivity_between_vms_on_different_networks): 201 POST http://10.0.2.15:9696/v2.0/subnets 0.315s
2015-12-08 03:56:14,923 20421 DEBUG    [tempest_lib.common.rest_client] Request - Headers: {'Content-Type': 'application/json', 'Accept': 'application/json', 'X-Auth-Token': '&lt;omitted&gt;'}
        Body: {"subnet": {"ip_version": 4, "tenant_id": "550566e55c974a70b44e71ee55602a95", "cidr": "10.100.0.0/28", "network_id": "408b7e7f-77a7-4dc5-b4db-30a1e06429fe", "name": "tempest-subnet-smoke-1361770444"}}
    Response - Headers: {'status': '201', 'content-length': '478', 'connection': 'close', 'date': 'Tue, 08 Dec 2015 03:56:14 GMT', 'content-type': 'application/json; charset=UTF-8', 'x-openstack-request-id': 'req-21183447-49ae-40c5-8710-4f9c7e24f6b7'}
        Body: {"subnet": {"name": "tempest-subnet-smoke-1361770444", "enable_dhcp": true, "network_id": "408b7e7f-77a7-4dc5-b4db-30a1e06429fe", "tenant_id": "550566e55c974a70b44e71ee55602a95", "dns_nameservers": [], "gateway_ip": "10.100.0.1", "ipv6_ra_mode": null, "allocation_pools": [{"start": "10.100.0.2", "end": "10.100.0.14"}], "host_routes": [], "ip_version": 4, "ipv6_address_mode": null, "cidr": "10.100.0.0/28", "id": "50f6cf92-5c3f-4853-8603-3251fbdfa266", "subnetpool_id": null}}
2015-12-08 03:56:15,569 20421 INFO     [tempest_lib.common.rest_client] Request (TestNetworkBasicOps:test_connectivity_between_vms_on_different_networks): 200 PUT http://10.0.2.15:9696/v2.0/routers/06676ac0-0a7b-46fe-adb2-72c98640ac7c/add_router_interface 0.645s
2015-12-08 03:56:15,569 20421 DEBUG    [tempest_lib.common.rest_client] Request - Headers: {'Content-Type': 'application/json', 'Accept': 'application/json', 'X-Auth-Token': '&lt;omitted&gt;'}
        Body: {"subnet_id": "50f6cf92-5c3f-4853-8603-3251fbdfa266"}
    Response - Headers: {'status': '200', 'content-length': '255', 'connection': 'close', 'date': 'Tue, 08 Dec 2015 03:56:15 GMT', 'content-type': 'application/json; charset=UTF-8', 'x-openstack-request-id': 'req-6218bd52-3e1b-470b-9062-c97f882b77e2'}
        Body: {"subnet_id": "50f6cf92-5c3f-4853-8603-3251fbdfa266", "tenant_id": "550566e55c974a70b44e71ee55602a95", "subnet_ids": ["50f6cf92-5c3f-4853-8603-3251fbdfa266"], "port_id": "15034003-9dde-4e38-9cfb-1793e9c07d13", "id": "06676ac0-0a7b-46fe-adb2-72c98640ac7c"}
2015-12-08 03:56:15,750 20421 INFO     [tempest_lib.common.rest_client] Request (TestNetworkBasicOps:test_connectivity_between_vms_on_different_networks): 200 GET http://10.0.2.15:9696/v2.0/networks 0.180s
2015-12-08 03:56:15,751 20421 DEBUG    [tempest_lib.common.rest_client] Request - Headers: {'Content-Type': 'application/json', 'Accept': 'application/json', 'X-Auth-Token': '&lt;omitted&gt;'}
        Body: None
    Response - Headers: {'status': '200', 'content-length': '1507', 'content-location': 'http://10.0.2.15:9696/v2.0/networks', 'connection': 'close', 'date': 'Tue, 08 Dec 2015 03:56:15 GMT', 'content-type': 'application/json; charset=UTF-8', 'x-openstack-request-id': 'req-f11ffe2b-d13b-45f9-8cf1-3d50dc57891b'}
        Body: {"networks": [{"status": "ACTIVE", "subnets": ["f92949f6-eff0-4538-ad4d-01977f3b9c3f", "0d55dd86-2f7c-4cb0-91ff-91a7d768dc68"], "availability_zone_hints": [], "availability_zones": ["nova"], "name": "private", "provider:physical_network": null, "admin_state_up": true, "tenant_id": "9c0d35b94a614f11b904a25e16d066e0", "mtu": 0, "router:external": false, "shared": false, "port_security_enabled": true, "provider:network_type": "vxlan", "id": "7c9895d5-a35f-44fc-b1cb-7316cb291154", "provider:segmentation_id": 1089}, {"status": "ACTIVE", "subnets": ["2fc73d82-38eb-47d7-91fd-cfb335d285d0", "e3191ab8-b883-4873-a8c6-344af50d3027"], "availability_zone_hints": [], "availability_zones": ["nova"], "name": "public", "provider:physical_network": null, "admin_state_up": true, "tenant_id": "a3cbc65b50ec459b84732dcb1b6b787c", "mtu": 0, "router:external": true, "shared": false, "port_security_enabled": true, "provider:network_type": "vxlan", "id": "6a2eff3a-425b-4ef4-a8cb-e471d70e89cf", "provider:segmentation_id": 1101}, {"status": "ACTIVE", "subnets": ["50f6cf92-5c3f-4853-8603-3251fbdfa266"], "availability_zone_hints": [], "availability_zones": ["nova"], "name": "tempest-network-smoke--1317266137", "provider:physical_network": null, "admin_state_up": true, "tenant_id": "550566e55c974a70b44e71ee55602a95", "mtu": 0, "router:external": false, "shared": false, "port_security_enabled": true, "provider:network_type": "vxlan", "id": "408b7e7f-77a7-4dc5-b4db-30a1e06429fe", "provider:segmentation_id": 1076}]}
2015-12-08 03:56:15,863 20421 INFO     [tempest_lib.common.rest_client] Request (TestNetworkBasicOps:test_connectivity_between_vms_on_different_networks): 200 GET http://10.0.2.15:9696/v2.0/subnets 0.111s
2015-12-08 03:56:15,864 20421 DEBUG    [tempest_lib.common.rest_client] Request - Headers: {'Content-Type': 'application/json', 'Accept': 'application/json', 'X-Auth-Token': '&lt;omitted&gt;'}
        Body: None
    Response - Headers: {'status': '200', 'content-length': '2408', 'content-location': 'http://10.0.2.15:9696/v2.0/subnets', 'connection': 'close', 'date': 'Tue, 08 Dec 2015 03:56:15 GMT', 'content-type': 'application/json; charset=UTF-8', 'x-openstack-request-id': 'req-a806dd2a-7f66-42f1-b1c0-53ac2953ac8b'}
        Body: {"subnets": [{"name": "tempest-subnet-smoke-1361770444", "enable_dhcp": true, "network_id": "408b7e7f-77a7-4dc5-b4db-30a1e06429fe", "tenant_id": "550566e55c974a70b44e71ee55602a95", "dns_nameservers": [], "gateway_ip": "10.100.0.1", "ipv6_ra_mode": null, "allocation_pools": [{"start": "10.100.0.2", "end": "10.100.0.14"}], "host_routes": [], "ip_version": 4, "ipv6_address_mode": null, "cidr": "10.100.0.0/28", "id": "50f6cf92-5c3f-4853-8603-3251fbdfa266", "subnetpool_id": null}, {"name": "ipv6-public-subnet", "enable_dhcp": false, "network_id": "6a2eff3a-425b-4ef4-a8cb-e471d70e89cf", "tenant_id": "a3cbc65b50ec459b84732dcb1b6b787c", "dns_nameservers": [], "gateway_ip": "2001:db8::2", "ipv6_ra_mode": null, "allocation_pools": [{"start": "2001:db8::3", "end": "2001:db8::ffff:ffff:ffff:ffff"}, {"start": "2001:db8::1", "end": "2001:db8::1"}], "host_routes": [], "ip_version": 6, "ipv6_address_mode": null, "cidr": "2001:db8::/64", "id": "e3191ab8-b883-4873-a8c6-344af50d3027", "subnetpool_id": null}, {"name": "ipv6-private-subnet", "enable_dhcp": true, "network_id": "7c9895d5-a35f-44fc-b1cb-7316cb291154", "tenant_id": "9c0d35b94a614f11b904a25e16d066e0", "dns_nameservers": [], "gateway_ip": "fdab:f3a9:a9e3::1", "ipv6_ra_mode": "slaac", "allocation_pools": [{"start": "fdab:f3a9:a9e3::2", "end": "fdab:f3a9:a9e3:0:ffff:ffff:ffff:ffff"}], "host_routes": [], "ip_version": 6, "ipv6_address_mode": "slaac", "cidr": "fdab:f3a9:a9e3::/64", "id": "0d55dd86-2f7c-4cb0-91ff-91a7d768dc68", "subnetpool_id": null}, {"name": "private-subnet", "enable_dhcp": true, "network_id": "7c9895d5-a35f-44fc-b1cb-7316cb291154", "tenant_id": "9c0d35b94a614f11b904a25e16d066e0", "dns_nameservers": [], "gateway_ip": "10.0.0.1", "ipv6_ra_mode": null, "allocation_pools": [{"start": "10.0.0.2", "end": "10.0.0.254"}], "host_routes": [], "ip_version": 4, "ipv6_address_mode": null, "cidr": "10.0.0.0/24", "id": "f92949f6-eff0-4538-ad4d-01977f3b9c3f", "subnetpool_id": null}, {"name": "public-subnet", "enable_dhcp": false, "network_id": "6a2eff3a-425b-4ef4-a8cb-e471d70e89cf", "tenant_id": "a3cbc65b50ec459b84732dcb1b6b787c", "dns_nameservers": [], "gateway_ip": "172.24.4.1", "ipv6_ra_mode": null, "allocation_pools": [{"start": "172.24.4.2", "end": "172.24.4.254"}], "host_routes": [], "ip_version": 4, "ipv6_address_mode": null, "cidr": "172.24.4.0/24", "id": "2fc73d82-38eb-47d7-91fd-cfb335d285d0", "subnetpool_id": null}]}
2015-12-08 03:56:15,924 20421 INFO     [tempest_lib.common.rest_client] Request (TestNetworkBasicOps:test_connectivity_between_vms_on_different_networks): 200 GET http://10.0.2.15:9696/v2.0/routers 0.058s
2015-12-08 03:56:15,924 20421 DEBUG    [tempest_lib.common.rest_client] Request - Headers: {'Content-Type': 'application/json', 'Accept': 'application/json', 'X-Auth-Token': '&lt;omitted&gt;'}
        Body: None
    Response - Headers: {'status': '200', 'content-length': '1167', 'content-location': 'http://10.0.2.15:9696/v2.0/routers', 'connection': 'close', 'date': 'Tue, 08 Dec 2015 03:56:15 GMT', 'content-type': 'application/json; charset=UTF-8', 'x-openstack-request-id': 'req-98151729-04a7-464a-865d-c0a26a217107'}
        Body: {"routers": [{"status": "ACTIVE", "external_gateway_info": {"network_id": "6a2eff3a-425b-4ef4-a8cb-e471d70e89cf", "enable_snat": true, "external_fixed_ips": [{"subnet_id": "2fc73d82-38eb-47d7-91fd-cfb335d285d0", "ip_address": "172.24.4.3"}, {"subnet_id": "e3191ab8-b883-4873-a8c6-344af50d3027", "ip_address": "2001:db8::4"}]}, "availability_zone_hints": [], "availability_zones": ["nova"], "name": "tempest-router-smoke-2083362909", "admin_state_up": true, "tenant_id": "550566e55c974a70b44e71ee55602a95", "distributed": false, "routes": [], "ha": false, "id": "06676ac0-0a7b-46fe-adb2-72c98640ac7c"}, {"status": "ACTIVE", "external_gateway_info": {"network_id": "6a2eff3a-425b-4ef4-a8cb-e471d70e89cf", "enable_snat": true, "external_fixed_ips": [{"subnet_id": "2fc73d82-38eb-47d7-91fd-cfb335d285d0", "ip_address": "172.24.4.2"}, {"subnet_id": "e3191ab8-b883-4873-a8c6-344af50d3027", "ip_address": "2001:db8::3"}]}, "availability_zone_hints": [], "availability_zones": ["nova"], "name": "router1", "admin_state_up": true, "tenant_id": "9c0d35b94a614f11b904a25e16d066e0", "distributed": false, "routes": [], "ha": false, "id": "c2ea254e-f1c2-4f1f-b7df-d5450601340f"}]}
2015-12-08 03:56:16,283 20421 INFO     [tempest_lib.common.rest_client] Request (TestNetworkBasicOps:test_connectivity_between_vms_on_different_networks): 200 POST http://10.0.2.15:8774/v2.1/550566e55c974a70b44e71ee55602a95/os-keypairs 0.357s
2015-12-08 03:56:16,283 20421 DEBUG    [tempest_lib.common.rest_client] Request - Headers: {'Content-Type': 'application/json', 'Accept': 'application/json', 'X-Auth-Token': '&lt;omitted&gt;'}
        Body: {"keypair": {"name": "tempest-TestNetworkBasicOps-1606549210"}}
    Response - Headers: {'status': '200', 'content-length': '2321', 'x-compute-request-id': 'req-478b451e-796f-4791-bf92-38e40d2b5291', 'vary': 'X-OpenStack-Nova-API-Version', 'connection': 'close', 'x-openstack-nova-api-version': '2.1', 'date': 'Tue, 08 Dec 2015 03:56:16 GMT', 'content-type': 'application/json'}
        Body: {"keypair": {"public_key": "ssh-rsa AAAAB3NzaC1yc2EAAAADAQABAAABAQDGLIOQtCb/d2mFizagLUkPGzsbI++ANLldNt0TCxnY/aUNPq3cRzkAbBTOG3SHHcsb1wQKu6SYliDVJa6TVcGH0IVSKyP0hT7/4axjHWvlCWuZWiA4mND2mOWZ34lYLfZob3ONP6KeYsg5/VhXLHQxVRhsV+0RNo9CIIoDeoCQLIggbNe3E8sIEt75xdn9k2GEg+4ON5HECVJPENhmeHoqB0/0Criwyhy7h4tMtvcBv6iCuexGXcB84MjtPnfp3pZ8BenCC7yBmtuN1j744QgXKshG+jQCbWFh3olVfoJTLmeoCJnTcH9+NGsxOtaTryeJz6bqsKXC5I558LCZAUGb Generated-by-Nova", "private_key": "-----BEGIN RSA PRIVATE KEY-----\nMIIEqQIBAAKCAQEAxiyDkLQm/3dphYs2oC1JDxs7GyPvgDS5XTbdEwsZ2P2lDT6t\n3Ec5AGwUzht0hx3LG9cECrukmJYg1SWuk1XBh9CFUisj9IU+/+GsYx1r5QlrmVog\nOJjQ9pjlmd+JWC32aG9zjT+inmLIOf1YVyx0MVUYbFftETaPQiCKA3qAkCyIIGzX\ntxPLCBLe+cXZ/ZNhhIPuDjeRxAlSTxDYZnh6KgdP9Aq4sMocu4eLTLb3Ab+ogrns\nRl3AfODI7T536d6WfAXpwgu8gZrbjdY++OEIFyrIRvo0Am1hYd6JVX6CUy5nqAiZ\n03B/fjRrMTrWk68nic+m6rClwuSOefCwmQFBmwIDAQABAoIBABnPwnMeg9XSX9Qd\nBchnHZTyHwix7YftVhdmBfVtBLjWkKDhARQn0qzTZwJRYSQYJVRC9SvQtOeK5kvc\n1JgsG0DtT/Ab3lsC3+nEIwfl1R/H0lPvATNd9BmqYH1iOClcEzQXEB3do/itNRcY\ngGEaUSf7xWqXKTGMwawDQPajBgvBBfzXfzdM7/Z4fWM2NTUPmtjmo1wDY2BI7sGt\nmFwkTyrukE7FgzctfxVQ9OQ9wCGkeMDzz3zzjkowSgXVhfXCpklwP0reU4VlCywK\nrZfmJhl867VHSKNvidDOdzqYZdik7jDuxyL1f+RHjGI/rrdOUHx58NA76ToV0TCc\nxLG7GAECggCBAMdOuwN1CZPxu6ZiWEFus/oFJ2mtU7XnEpg0UnCMZ6qJQAUrfvI5\nBO1hyXvzBljS1owLlgz1al/KGehqYQoqPIVVHoong6C21elDmoJYmIgtk4HOJrHR\nK4J/8fhLk3sVCKV0vYmI2b/1EOKAQnYBOkTJyeotwJMsHxw10XsK6PaBAoIAgQD+\niztspXv2NI7EmMKETm2uvXUaAx3wYvPgagdIIS7xPYR+7VHkzDPXsY3E0VVQtKaU\ngVHsuqqVT0AnGv20bY94rU5HhIetUKFrqNQKSNaYZU04+GBoMu51i4rqf7uCiHDj\n2pyi1V3M6wuFhLO60HJAt41gTTsgFbhkZcXMReJCGwKCAIEAnkLeLXiaCmhBYXVm\nL08Ait/c1AVWG3NJSKMDc2uKRdiGhZRsUVsFlpm3rDzmJVIGG1534AJgXX/V4r/W\nHoQ7WoSko3+M/ekxIvETl71SIZBPORvBjiFSM2X1dfxNN8cT/o4ck0Gf5tVqevDt\n1VZUNpslQlbiO/slGPmDRfj71AECggCAUzDYFBMlp3rX6kLu1+T2DfUXj4/TOhxt\nDjw48wb9W5S6d+1CJZ/jlawO5HNyCbVw9/on91GurKvBEMbOgiiIim1BtzgGS8ud\nZh1AZ7gUgqwhB+yNPaDftIUNusRSWUAUfTOWm9VWGcH7+wA66WR04tfamc3D9CGF\nKTLl6XQxlV8CggCBALSbcMxRdQGX3UNtNWQ2I1yuWK1/xyWx4zUlRxJBI/ZKW4lZ\nhMlhuz1+il4EWFDOaG4EoAfYBnszPP6BTOiPaSg843iIn3LCyJ9tn+Vc3DKjOTuk\nTRfdSo12g5gJyOOpBJ24UQJlIgBSQEj6cjeisGI6CLjdUXbmPoj/2YrVyozr\n-----END RSA PRIVATE KEY-----\n", "user_id": "52070e56263543649aeccaee49d7bec7", "name": "tempest-TestNetworkBasicOps-1606549210", "fingerprint": "d7:85:08:df:a4:63:23:fc:b8:89:93:4b:59:99:ec:4c"}}
2015-12-08 03:56:16,408 20421 INFO     [tempest_lib.common.rest_client] Request (TestNetworkBasicOps:test_connectivity_between_vms_on_different_networks): 200 POST http://10.0.2.15:5000/v2.0/tokens
2015-12-08 03:56:16,408 20421 DEBUG    [tempest_lib.common.rest_client] Request - Headers: {'Content-Type': 'application/json', 'Accept': 'application/json'}
        Body: &lt;omitted&gt;
    Response - Headers: {'status': '200', 'content-length': '2528', 'vary': 'X-Auth-Token', 'server': 'Apache/2.4.7 (Ubuntu)', 'connection': 'close', 'date': 'Tue, 08 Dec 2015 03:56:16 GMT', 'content-type': 'application/json', 'x-openstack-request-id': 'req-09061ac1-a76e-49df-8e92-93031d9710ac'}
        Body: {"access": {"token": {"issued_at": "2015-12-08T03:56:16.397055", "expires": "2015-12-08T04:56:16Z", "id": "9d475971df614906a2e064b21023b699", "tenant": {"description": "tempest-TestNetworkBasicOps-785805777-desc", "enabled": true, "id": "550566e55c974a70b44e71ee55602a95", "name": "tempest-TestNetworkBasicOps-785805777"}, "audit_ids": ["07HHXDl4ToWMKzqGxWOs9g"]}, "serviceCatalog": [{"endpoints": [{"adminURL": "http://10.0.2.15:8774/v2.1/550566e55c974a70b44e71ee55602a95", "region": "RegionOne", "internalURL": "http://10.0.2.15:8774/v2.1/550566e55c974a70b44e71ee55602a95", "id": "6c711375e70e4bd0b30ed95c9039cd0f", "publicURL": "http://10.0.2.15:8774/v2.1/550566e55c974a70b44e71ee55602a95"}], "endpoints_links": [], "type": "compute", "name": "nova"}, {"endpoints": [{"adminURL": "http://10.0.2.15:9696/", "region": "RegionOne", "internalURL": "http://10.0.2.15:9696/", "id": "4afd46ed901a4c1fa4e0bdd3f8484ec1", "publicURL": "http://10.0.2.15:9696/"}], "endpoints_links": [], "type": "network", "name": "neutron"}, {"endpoints": [{"adminURL": "http://10.0.2.15:9292", "region": "RegionOne", "internalURL": "http://10.0.2.15:9292", "id": "037479fc6e94442e968097426047bb4b", "publicURL": "http://10.0.2.15:9292"}], "endpoints_links": [], "type": "image", "name": "glance"}, {"endpoints": [{"adminURL": "http://10.0.2.15:8774/v2/550566e55c974a70b44e71ee55602a95", "region": "RegionOne", "internalURL": "http://10.0.2.15:8774/v2/550566e55c974a70b44e71ee55602a95", "id": "79fd81a55ccb4e10affd9189a65b9d07", "publicURL": "http://10.0.2.15:8774/v2/550566e55c974a70b44e71ee55602a95"}], "endpoints_links": [], "type": "compute_legacy", "name": "nova_legacy"}, {"endpoints": [{"adminURL": "http://10.0.2.15:8773/", "region": "RegionOne", "internalURL": "http://10.0.2.15:8773/", "id": "32c5eee84f824011b10976ad36d4004d", "publicURL": "http://10.0.2.15:8773/"}], "endpoints_links": [], "type": "ec2", "name": "ec2"}, {"endpoints": [{"adminURL": "http://10.0.2.15:35357/v2.0", "region": "RegionOne", "internalURL": "http://10.0.2.15:5000/v2.0", "id": "4d6a2c0bc05341e4a1d33224b436ac4c", "publicURL": "http://10.0.2.15:5000/v2.0"}], "endpoints_links": [], "type": "identity", "name": "keystone"}], "user": {"username": "tempest-TestNetworkBasicOps-1398226132", "roles_links": [], "id": "52070e56263543649aeccaee49d7bec7", "roles": [{"name": "_member_"}, {"name": "Member"}], "name": "tempest-TestNetworkBasicOps-1398226132"}, "metadata": {"is_admin": 0, "roles": ["9fe2ff9ee4384b1894a90878d3e92bab", "75363e49f5eb47c583d4e28aa31e8f58"]}}}
2015-12-08 03:56:16,414 20421 DEBUG    [tempest.common.fixed_network] (TestNetworkBasicOps:test_connectivity_between_vms_on_different_networks) No valid network provided or created, defaulting to fixed_network_name
2015-12-08 03:56:16,781 20421 INFO     [tempest_lib.common.rest_client] Request (TestNetworkBasicOps:test_connectivity_between_vms_on_different_networks): 200 GET http://10.0.2.15:8774/v2.1/550566e55c974a70b44e71ee55602a95/os-networks 0.366s
2015-12-08 03:56:16,781 20421 DEBUG    [tempest_lib.common.rest_client] Request - Headers: {'Content-Type': 'application/json', 'Accept': 'application/json', 'X-Auth-Token': '&lt;omitted&gt;'}
        Body: None
    Response - Headers: {'status': '200', 'content-length': '479', 'content-location': 'http://10.0.2.15:8774/v2.1/550566e55c974a70b44e71ee55602a95/os-networks', 'x-compute-request-id': 'req-6cef8718-7478-4c7d-b5e0-879ce884ef9c', 'vary': 'X-OpenStack-Nova-API-Version', 'connection': 'close', 'x-openstack-nova-api-version': '2.1', 'date': 'Tue, 08 Dec 2015 03:56:16 GMT', 'content-type': 'application/json'}
        Body: {"networks": [{"cidr_v6": null, "dns2": null, "dns1": null, "gateway": null, "broadcast": null, "netmask": null, "gateway_v6": null, "cidr": null, "label": "tempest-network-smoke--1317266137", "id": "408b7e7f-77a7-4dc5-b4db-30a1e06429fe", "netmask_v6": null}, {"cidr_v6": null, "dns2": null, "dns1": null, "gateway": null, "broadcast": null, "netmask": null, "gateway_v6": null, "cidr": null, "label": "public", "id": "6a2eff3a-425b-4ef4-a8cb-e471d70e89cf", "netmask_v6": null}]}
2015-12-08 03:56:16,781 20421 WARNING  [tempest.common.fixed_network] (TestNetworkBasicOps:test_connectivity_between_vms_on_different_networks) Network with name: private not found
2015-12-08 03:56:16,783 20421 INFO     [tempest.common.fixed_network] (TestNetworkBasicOps:test_connectivity_between_vms_on_different_networks) Found network {} available for tenant
2015-12-08 03:56:17,898 20421 INFO     [tempest_lib.common.rest_client] Request (TestNetworkBasicOps:test_connectivity_between_vms_on_different_networks): 202 POST http://10.0.2.15:8774/v2.1/550566e55c974a70b44e71ee55602a95/servers 1.115s
2015-12-08 03:56:17,900 20421 DEBUG    [tempest_lib.common.rest_client] Request - Headers: {'Content-Type': 'application/json', 'Accept': 'application/json', 'X-Auth-Token': '&lt;omitted&gt;'}
        Body: {"server": {"name": "tempest.common.compute-instance-1986696216", "imageRef": "928c236c-877c-4020-a2f3-fa3eecb19972", "key_name": "tempest-TestNetworkBasicOps-1606549210", "flavorRef": "42", "networks": [{"uuid": "408b7e7f-77a7-4dc5-b4db-30a1e06429fe"}], "security_groups": [{"name": "tempest-secgroup-smoke-1319777044"}]}}
    Response - Headers: {'status': '202', 'content-length': '462', 'x-compute-request-id': 'req-c22d683c-4411-46d1-8ea0-700f5b31ada0', 'vary': 'X-OpenStack-Nova-API-Version', 'connection': 'close', 'location': 'http://10.0.2.15:8774/v2.1/550566e55c974a70b44e71ee55602a95/servers/5fe01614-0d0f-4d80-b41c-2cde31f24cb5', 'x-openstack-nova-api-version': '2.1', 'date': 'Tue, 08 Dec 2015 03:56:17 GMT', 'content-type': 'application/json'}
        Body: {"server": {"security_groups": [{"name": "tempest-secgroup-smoke-1319777044"}], "OS-DCF:diskConfig": "MANUAL", "id": "5fe01614-0d0f-4d80-b41c-2cde31f24cb5", "links": [{"href": "http://10.0.2.15:8774/v2.1/550566e55c974a70b44e71ee55602a95/servers/5fe01614-0d0f-4d80-b41c-2cde31f24cb5", "rel": "self"}, {"href": "http://10.0.2.15:8774/550566e55c974a70b44e71ee55602a95/servers/5fe01614-0d0f-4d80-b41c-2cde31f24cb5", "rel": "bookmark"}], "adminPass": "y8A4YtDT7GMH"}}
2015-12-08 03:56:19,143 20421 INFO     [tempest_lib.common.rest_client] Request (TestNetworkBasicOps:test_connectivity_between_vms_on_different_networks): 200 GET http://10.0.2.15:8774/v2.1/550566e55c974a70b44e71ee55602a95/servers/5fe01614-0d0f-4d80-b41c-2cde31f24cb5 1.240s
2015-12-08 03:56:19,143 20421 DEBUG    [tempest_lib.common.rest_client] Request - Headers: {'Content-Type': 'application/json', 'Accept': 'application/json', 'X-Auth-Token': '&lt;omitted&gt;'}
        Body: None
    Response - Headers: {'status': '200', 'content-length': '1416', 'content-location': 'http://10.0.2.15:8774/v2.1/550566e55c974a70b44e71ee55602a95/servers/5fe01614-0d0f-4d80-b41c-2cde31f24cb5', 'x-compute-request-id': 'req-8ffb36ab-ae8b-4849-ae43-e56ca8bf6d32', 'vary': 'X-OpenStack-Nova-API-Version', 'connection': 'close', 'x-openstack-nova-api-version': '2.1', 'date': 'Tue, 08 Dec 2015 03:56:19 GMT', 'content-type': 'application/json'}
        Body: {"server": {"status": "BUILD", "updated": "2015-12-08T03:56:18Z", "hostId": "ed4bc05c7adc6d906ad446fb0614e110f4416ae9ac8239dd3fe36ed6", "addresses": {}, "links": [{"href": "http://10.0.2.15:8774/v2.1/550566e55c974a70b44e71ee55602a95/servers/5fe01614-0d0f-4d80-b41c-2cde31f24cb5", "rel": "self"}, {"href": "http://10.0.2.15:8774/550566e55c974a70b44e71ee55602a95/servers/5fe01614-0d0f-4d80-b41c-2cde31f24cb5", "rel": "bookmark"}], "key_name": "tempest-TestNetworkBasicOps-1606549210", "image": {"id": "928c236c-877c-4020-a2f3-fa3eecb19972", "links": [{"href": "http://10.0.2.15:8774/550566e55c974a70b44e71ee55602a95/images/928c236c-877c-4020-a2f3-fa3eecb19972", "rel": "bookmark"}]}, "OS-EXT-STS:task_state": "networking", "OS-EXT-STS:vm_state": "building", "OS-SRV-USG:launched_at": null, "flavor": {"id": "42", "links": [{"href": "http://10.0.2.15:8774/550566e55c974a70b44e71ee55602a95/flavors/42", "rel": "bookmark"}]}, "id": "5fe01614-0d0f-4d80-b41c-2cde31f24cb5", "OS-SRV-USG:terminated_at": null, "OS-EXT-AZ:availability_zone": "nova", "user_id": "52070e56263543649aeccaee49d7bec7", "name": "tempest.common.compute-instance-1986696216", "created": "2015-12-08T03:56:17Z", "tenant_id": "550566e55c974a70b44e71ee55602a95", "OS-DCF:diskConfig": "MANUAL", "os-extended-volumes:volumes_attached": [], "accessIPv4": "", "accessIPv6": "", "progress": 0, "OS-EXT-STS:power_state": 0, "config_drive": "", "metadata": {}}}
2015-12-08 03:56:20,368 20421 INFO     [tempest_lib.common.rest_client] Request (TestNetworkBasicOps:test_connectivity_between_vms_on_different_networks): 200 GET http://10.0.2.15:8774/v2.1/550566e55c974a70b44e71ee55602a95/servers/5fe01614-0d0f-4d80-b41c-2cde31f24cb5 0.214s
2015-12-08 03:56:20,368 20421 DEBUG    [tempest_lib.common.rest_client] Request - Headers: {'Content-Type': 'application/json', 'Accept': 'application/json', 'X-Auth-Token': '&lt;omitted&gt;'}
        Body: None
    Response - Headers: {'status': '200', 'content-length': '1482', 'content-location': 'http://10.0.2.15:8774/v2.1/550566e55c974a70b44e71ee55602a95/servers/5fe01614-0d0f-4d80-b41c-2cde31f24cb5', 'x-compute-request-id': 'req-b32d96a7-31b7-47ab-bd42-b14a4b47aea8', 'vary': 'X-OpenStack-Nova-API-Version', 'connection': 'close', 'x-openstack-nova-api-version': '2.1', 'date': 'Tue, 08 Dec 2015 03:56:20 GMT', 'content-type': 'application/json'}
        Body: {"server": {"status": "BUILD", "updated": "2015-12-08T03:56:19Z", "hostId": "ed4bc05c7adc6d906ad446fb0614e110f4416ae9ac8239dd3fe36ed6", "addresses": {}, "links": [{"href": "http://10.0.2.15:8774/v2.1/550566e55c974a70b44e71ee55602a95/servers/5fe01614-0d0f-4d80-b41c-2cde31f24cb5", "rel": "self"}, {"href": "http://10.0.2.15:8774/550566e55c974a70b44e71ee55602a95/servers/5fe01614-0d0f-4d80-b41c-2cde31f24cb5", "rel": "bookmark"}], "key_name": "tempest-TestNetworkBasicOps-1606549210", "image": {"id": "928c236c-877c-4020-a2f3-fa3eecb19972", "links": [{"href": "http://10.0.2.15:8774/550566e55c974a70b44e71ee55602a95/images/928c236c-877c-4020-a2f3-fa3eecb19972", "rel": "bookmark"}]}, "OS-EXT-STS:task_state": "spawning", "OS-EXT-STS:vm_state": "building", "OS-SRV-USG:launched_at": null, "flavor": {"id": "42", "links": [{"href": "http://10.0.2.15:8774/550566e55c974a70b44e71ee55602a95/flavors/42", "rel": "bookmark"}]}, "id": "5fe01614-0d0f-4d80-b41c-2cde31f24cb5", "security_groups": [{"name": "tempest-secgroup-smoke-1319777044"}], "OS-SRV-USG:terminated_at": null, "OS-EXT-AZ:availability_zone": "nova", "user_id": "52070e56263543649aeccaee49d7bec7", "name": "tempest.common.compute-instance-1986696216", "created": "2015-12-08T03:56:17Z", "tenant_id": "550566e55c974a70b44e71ee55602a95", "OS-DCF:diskConfig": "MANUAL", "os-extended-volumes:volumes_attached": [], "accessIPv4": "", "accessIPv6": "", "progress": 0, "OS-EXT-STS:power_state": 0, "config_drive": "", "metadata": {}}}
2015-12-08 03:56:20,379 20421 INFO     [tempest.common.waiters] State transition "BUILD/networking" ==&gt; "BUILD/spawning" after 1 second wait
2015-12-08 03:56:21,582 20421 INFO     [tempest_lib.common.rest_client] Request (TestNetworkBasicOps:test_connectivity_between_vms_on_different_networks): 200 GET http://10.0.2.15:8774/v2.1/550566e55c974a70b44e71ee55602a95/servers/5fe01614-0d0f-4d80-b41c-2cde31f24cb5 0.201s
2015-12-08 03:56:21,582 20421 DEBUG    [tempest_lib.common.rest_client] Request - Headers: {'Content-Type': 'application/json', 'Accept': 'application/json', 'X-Auth-Token': '&lt;omitted&gt;'}
        Body: None
    Response - Headers: {'status': '200', 'content-length': '1654', 'content-location': 'http://10.0.2.15:8774/v2.1/550566e55c974a70b44e71ee55602a95/servers/5fe01614-0d0f-4d80-b41c-2cde31f24cb5', 'x-compute-request-id': 'req-69048378-d54c-4fee-aa6f-5869ffb6f8d0', 'vary': 'X-OpenStack-Nova-API-Version', 'connection': 'close', 'x-openstack-nova-api-version': '2.1', 'date': 'Tue, 08 Dec 2015 03:56:21 GMT', 'content-type': 'application/json'}
        Body: {"server": {"status": "ACTIVE", "updated": "2015-12-08T03:56:21Z", "hostId": "ed4bc05c7adc6d906ad446fb0614e110f4416ae9ac8239dd3fe36ed6", "addresses": {"tempest-network-smoke--1317266137": [{"OS-EXT-IPS-MAC:mac_addr": "fa:16:3e:c8:4a:42", "version": 4, "addr": "10.100.0.3", "OS-EXT-IPS:type": "fixed"}]}, "links": [{"href": "http://10.0.2.15:8774/v2.1/550566e55c974a70b44e71ee55602a95/servers/5fe01614-0d0f-4d80-b41c-2cde31f24cb5", "rel": "self"}, {"href": "http://10.0.2.15:8774/550566e55c974a70b44e71ee55602a95/servers/5fe01614-0d0f-4d80-b41c-2cde31f24cb5", "rel": "bookmark"}], "key_name": "tempest-TestNetworkBasicOps-1606549210", "image": {"id": "928c236c-877c-4020-a2f3-fa3eecb19972", "links": [{"href": "http://10.0.2.15:8774/550566e55c974a70b44e71ee55602a95/images/928c236c-877c-4020-a2f3-fa3eecb19972", "rel": "bookmark"}]}, "OS-EXT-STS:task_state": null, "OS-EXT-STS:vm_state": "active", "OS-SRV-USG:launched_at": "2015-12-08T03:56:21.000000", "flavor": {"id": "42", "links": [{"href": "http://10.0.2.15:8774/550566e55c974a70b44e71ee55602a95/flavors/42", "rel": "bookmark"}]}, "id": "5fe01614-0d0f-4d80-b41c-2cde31f24cb5", "security_groups": [{"name": "tempest-secgroup-smoke-1319777044"}], "OS-SRV-USG:terminated_at": null, "OS-EXT-AZ:availability_zone": "nova", "user_id": "52070e56263543649aeccaee49d7bec7", "name": "tempest.common.compute-instance-1986696216", "created": "2015-12-08T03:56:17Z", "tenant_id": "550566e55c974a70b44e71ee55602a95", "OS-DCF:diskConfig": "MANUAL", "os-extended-volumes:volumes_attached": [], "accessIPv4": "", "accessIPv6": "", "progress": 0, "OS-EXT-STS:power_state": 1, "config_drive": "True", "metadata": {}}}
2015-12-08 03:56:21,592 20421 INFO     [tempest.common.waiters] State transition "BUILD/spawning" ==&gt; "ACTIVE/None" after 2 second wait
2015-12-08 03:56:21,895 20421 INFO     [tempest_lib.common.rest_client] Request (TestNetworkBasicOps:test_connectivity_between_vms_on_different_networks): 200 GET http://10.0.2.15:8774/v2.1/550566e55c974a70b44e71ee55602a95/servers/5fe01614-0d0f-4d80-b41c-2cde31f24cb5 0.303s
2015-12-08 03:56:21,895 20421 DEBUG    [tempest_lib.common.rest_client] Request - Headers: {'Content-Type': 'application/json', 'Accept': 'application/json', 'X-Auth-Token': '&lt;omitted&gt;'}
        Body: None
    Response - Headers: {'status': '200', 'content-length': '1654', 'content-location': 'http://10.0.2.15:8774/v2.1/550566e55c974a70b44e71ee55602a95/servers/5fe01614-0d0f-4d80-b41c-2cde31f24cb5', 'x-compute-request-id': 'req-4493d584-ef83-49c5-9f32-27960e34b1bb', 'vary': 'X-OpenStack-Nova-API-Version', 'connection': 'close', 'x-openstack-nova-api-version': '2.1', 'date': 'Tue, 08 Dec 2015 03:56:21 GMT', 'content-type': 'application/json'}
        Body: {"server": {"status": "ACTIVE", "updated": "2015-12-08T03:56:21Z", "hostId": "ed4bc05c7adc6d906ad446fb0614e110f4416ae9ac8239dd3fe36ed6", "addresses": {"tempest-network-smoke--1317266137": [{"OS-EXT-IPS-MAC:mac_addr": "fa:16:3e:c8:4a:42", "version": 4, "addr": "10.100.0.3", "OS-EXT-IPS:type": "fixed"}]}, "links": [{"href": "http://10.0.2.15:8774/v2.1/550566e55c974a70b44e71ee55602a95/servers/5fe01614-0d0f-4d80-b41c-2cde31f24cb5", "rel": "self"}, {"href": "http://10.0.2.15:8774/550566e55c974a70b44e71ee55602a95/servers/5fe01614-0d0f-4d80-b41c-2cde31f24cb5", "rel": "bookmark"}], "key_name": "tempest-TestNetworkBasicOps-1606549210", "image": {"id": "928c236c-877c-4020-a2f3-fa3eecb19972", "links": [{"href": "http://10.0.2.15:8774/550566e55c974a70b44e71ee55602a95/images/928c236c-877c-4020-a2f3-fa3eecb19972", "rel": "bookmark"}]}, "OS-EXT-STS:task_state": null, "OS-EXT-STS:vm_state": "active", "OS-SRV-USG:launched_at": "2015-12-08T03:56:21.000000", "flavor": {"id": "42", "links": [{"href": "http://10.0.2.15:8774/550566e55c974a70b44e71ee55602a95/flavors/42", "rel": "bookmark"}]}, "id": "5fe01614-0d0f-4d80-b41c-2cde31f24cb5", "security_groups": [{"name": "tempest-secgroup-smoke-1319777044"}], "OS-SRV-USG:terminated_at": null, "OS-EXT-AZ:availability_zone": "nova", "user_id": "52070e56263543649aeccaee49d7bec7", "name": "tempest.common.compute-instance-1986696216", "created": "2015-12-08T03:56:17Z", "tenant_id": "550566e55c974a70b44e71ee55602a95", "OS-DCF:diskConfig": "MANUAL", "os-extended-volumes:volumes_attached": [], "accessIPv4": "", "accessIPv6": "", "progress": 0, "OS-EXT-STS:power_state": 1, "config_drive": "True", "metadata": {}}}
2015-12-08 03:56:21,904 20421 INFO     [tempest.scenario.manager] Tenant networks not configured to be reachable.
2015-12-08 03:56:21,935 20421 INFO     [tempest_lib.common.rest_client] Request (TestNetworkBasicOps:test_connectivity_between_vms_on_different_networks): 200 GET http://10.0.2.15:9696/v2.0/ports?status=ACTIVE&amp;fixed_ip=None&amp;device_id=5fe01614-0d0f-4d80-b41c-2cde31f24cb5 0.030s
2015-12-08 03:56:21,935 20421 DEBUG    [tempest_lib.common.rest_client] Request - Headers: {'Content-Type': 'application/json', 'Accept': 'application/json', 'X-Auth-Token': '&lt;omitted&gt;'}
        Body: None
    Response - Headers: {'status': '200', 'content-length': '895', 'content-location': 'http://10.0.2.15:9696/v2.0/ports?status=ACTIVE&amp;fixed_ip=None&amp;device_id=5fe01614-0d0f-4d80-b41c-2cde31f24cb5', 'connection': 'close', 'date': 'Tue, 08 Dec 2015 03:56:21 GMT', 'content-type': 'application/json; charset=UTF-8', 'x-openstack-request-id': 'req-6b3897b2-6bc2-4b2c-903e-afb63d6505ff'}
        Body: {"ports": [{"status": "ACTIVE", "binding:host_id": "vagrant-ubuntu-trusty-64", "allowed_address_pairs": [], "extra_dhcp_opts": [], "dns_assignment": [{"hostname": "host-10-100-0-3", "ip_address": "10.100.0.3", "fqdn": "host-10-100-0-3.openstacklocal."}], "device_owner": "compute:None", "port_security_enabled": true, "binding:profile": {}, "fixed_ips": [{"subnet_id": "50f6cf92-5c3f-4853-8603-3251fbdfa266", "ip_address": "10.100.0.3"}], "id": "85bfa6ec-ae9f-447a-85c2-d2e6ee962ec9", "security_groups": ["ab1559f1-ec75-4b52-ac1f-9d1290449b4c"], "device_id": "5fe01614-0d0f-4d80-b41c-2cde31f24cb5", "name": "", "admin_state_up": true, "network_id": "408b7e7f-77a7-4dc5-b4db-30a1e06429fe", "dns_name": "", "binding:vif_details": {"port_filter": true}, "binding:vnic_type": "normal", "binding:vif_type": "ovs", "tenant_id": "550566e55c974a70b44e71ee55602a95", "mac_address": "fa:16:3e:c8:4a:42"}]}
2015-12-08 03:56:22,628 20421 INFO     [tempest_lib.common.rest_client] Request (TestNetworkBasicOps:test_connectivity_between_vms_on_different_networks): 201 POST http://10.0.2.15:9696/v2.0/floatingips 0.692s
2015-12-08 03:56:22,629 20421 DEBUG    [tempest_lib.common.rest_client] Request - Headers: {'Content-Type': 'application/json', 'Accept': 'application/json', 'X-Auth-Token': '&lt;omitted&gt;'}
        Body: {"floatingip": {"floating_network_id": "6a2eff3a-425b-4ef4-a8cb-e471d70e89cf", "tenant_id": "550566e55c974a70b44e71ee55602a95", "fixed_ip_address": "10.100.0.3", "port_id": "85bfa6ec-ae9f-447a-85c2-d2e6ee962ec9"}}
    Response - Headers: {'status': '201', 'content-length': '367', 'connection': 'close', 'date': 'Tue, 08 Dec 2015 03:56:22 GMT', 'content-type': 'application/json; charset=UTF-8', 'x-openstack-request-id': 'req-e5f62ef2-c220-4405-a370-c7b4410a87b2'}
        Body: {"floatingip": {"floating_network_id": "6a2eff3a-425b-4ef4-a8cb-e471d70e89cf", "router_id": "06676ac0-0a7b-46fe-adb2-72c98640ac7c", "fixed_ip_address": "10.100.0.3", "floating_ip_address": "172.24.4.4", "tenant_id": "550566e55c974a70b44e71ee55602a95", "status": "DOWN", "port_id": "85bfa6ec-ae9f-447a-85c2-d2e6ee962ec9", "id": "326a0aff-32f6-463d-9044-d929b4f68d77"}}
2015-12-08 03:56:22,648 20421 INFO     [tempest_lib.common.rest_client] Request (TestNetworkBasicOps:test_connectivity_between_vms_on_different_networks): 200 GET http://10.0.2.15:9696/v2.0/floatingips/326a0aff-32f6-463d-9044-d929b4f68d77 0.019s
2015-12-08 03:56:22,649 20421 DEBUG    [tempest_lib.common.rest_client] Request - Headers: {'Content-Type': 'application/json', 'Accept': 'application/json', 'X-Auth-Token': '&lt;omitted&gt;'}
        Body: None
    Response - Headers: {'status': '200', 'content-length': '367', 'content-location': 'http://10.0.2.15:9696/v2.0/floatingips/326a0aff-32f6-463d-9044-d929b4f68d77', 'connection': 'close', 'date': 'Tue, 08 Dec 2015 03:56:22 GMT', 'content-type': 'application/json; charset=UTF-8', 'x-openstack-request-id': 'req-2b0ac5ff-7f0d-40a1-8aab-756862334234'}
        Body: {"floatingip": {"floating_network_id": "6a2eff3a-425b-4ef4-a8cb-e471d70e89cf", "router_id": "06676ac0-0a7b-46fe-adb2-72c98640ac7c", "fixed_ip_address": "10.100.0.3", "floating_ip_address": "172.24.4.4", "tenant_id": "550566e55c974a70b44e71ee55602a95", "status": "DOWN", "port_id": "85bfa6ec-ae9f-447a-85c2-d2e6ee962ec9", "id": "326a0aff-32f6-463d-9044-d929b4f68d77"}}
2015-12-08 03:56:23,667 20421 INFO     [tempest_lib.common.rest_client] Request (TestNetworkBasicOps:test_connectivity_between_vms_on_different_networks): 200 GET http://10.0.2.15:9696/v2.0/floatingips/326a0aff-32f6-463d-9044-d929b4f68d77 0.017s
2015-12-08 03:56:23,667 20421 DEBUG    [tempest_lib.common.rest_client] Request - Headers: {'Content-Type': 'application/json', 'Accept': 'application/json', 'X-Auth-Token': '&lt;omitted&gt;'}
        Body: None
    Response - Headers: {'status': '200', 'content-length': '367', 'content-location': 'http://10.0.2.15:9696/v2.0/floatingips/326a0aff-32f6-463d-9044-d929b4f68d77', 'connection': 'close', 'date': 'Tue, 08 Dec 2015 03:56:23 GMT', 'content-type': 'application/json; charset=UTF-8', 'x-openstack-request-id': 'req-b86e7817-05a8-459b-b3e4-5640d941312f'}
        Body: {"floatingip": {"floating_network_id": "6a2eff3a-425b-4ef4-a8cb-e471d70e89cf", "router_id": "06676ac0-0a7b-46fe-adb2-72c98640ac7c", "fixed_ip_address": "10.100.0.3", "floating_ip_address": "172.24.4.4", "tenant_id": "550566e55c974a70b44e71ee55602a95", "status": "DOWN", "port_id": "85bfa6ec-ae9f-447a-85c2-d2e6ee962ec9", "id": "326a0aff-32f6-463d-9044-d929b4f68d77"}}
2015-12-08 03:56:24,683 20421 INFO     [tempest_lib.common.rest_client] Request (TestNetworkBasicOps:test_connectivity_between_vms_on_different_networks): 200 GET http://10.0.2.15:9696/v2.0/floatingips/326a0aff-32f6-463d-9044-d929b4f68d77 0.014s
2015-12-08 03:56:24,684 20421 DEBUG    [tempest_lib.common.rest_client] Request - Headers: {'Content-Type': 'application/json', 'Accept': 'application/json', 'X-Auth-Token': '&lt;omitted&gt;'}
        Body: None
    Response - Headers: {'status': '200', 'content-length': '369', 'content-location': 'http://10.0.2.15:9696/v2.0/floatingips/326a0aff-32f6-463d-9044-d929b4f68d77', 'connection': 'close', 'date': 'Tue, 08 Dec 2015 03:56:24 GMT', 'content-type': 'application/json; charset=UTF-8', 'x-openstack-request-id': 'req-ee6a6fa6-8758-41cc-bfcd-b496f43f7463'}
        Body: {"floatingip": {"floating_network_id": "6a2eff3a-425b-4ef4-a8cb-e471d70e89cf", "router_id": "06676ac0-0a7b-46fe-adb2-72c98640ac7c", "fixed_ip_address": "10.100.0.3", "floating_ip_address": "172.24.4.4", "tenant_id": "550566e55c974a70b44e71ee55602a95", "status": "ACTIVE", "port_id": "85bfa6ec-ae9f-447a-85c2-d2e6ee962ec9", "id": "326a0aff-32f6-463d-9044-d929b4f68d77"}}
2015-12-08 03:56:24,684 20421 INFO     [tempest.scenario.manager] FloatingIP: &lt;"FloatingIP" addr="172.24.4.4" id="326a0aff-32f6-463d-9044-d929b4f68d77"&gt; is at status: ACTIVE
2015-12-08 03:56:24,684 20421 DEBUG    [tempest.scenario.manager] checking network connections to IP 172.24.4.4 with user: cirros
2015-12-08 03:56:24,685 20421 DEBUG    [tempest.scenario.manager] TestNetworkBasicOps:test_connectivity_between_vms_on_different_networks begins to ping 172.24.4.4 in 120 sec and the expected result is reachable
2015-12-08 03:58:24,988 20421 DEBUG    [tempest.scenario.manager] TestNetworkBasicOps:test_connectivity_between_vms_on_different_networks finishes ping 172.24.4.4 in 120 sec and the ping result is unexpected
2015-12-08 03:58:24,989 20421 ERROR    [tempest.scenario.manager] Public network connectivity check failed
2015-12-08 03:58:24.989 20421 ERROR tempest.scenario.manager Traceback (most recent call last):
2015-12-08 03:58:24.989 20421 ERROR tempest.scenario.manager   File "tempest/scenario/manager.py", line 606, in check_public_network_connectivity
2015-12-08 03:58:24.989 20421 ERROR tempest.scenario.manager     should_connect=should_connect)
2015-12-08 03:58:24.989 20421 ERROR tempest.scenario.manager   File "tempest/scenario/manager.py", line 590, in check_vm_connectivity
2015-12-08 03:58:24.989 20421 ERROR tempest.scenario.manager     msg=msg)
2015-12-08 03:58:24.989 20421 ERROR tempest.scenario.manager   File "/usr/local/lib/python2.7/dist-packages/unittest2/case.py", line 702, in assertTrue
2015-12-08 03:58:24.989 20421 ERROR tempest.scenario.manager     raise self.failureException(msg)
2015-12-08 03:58:24.989 20421 ERROR tempest.scenario.manager AssertionError: False is not true : Timed out waiting for 172.24.4.4 to become reachable
2015-12-08 03:58:24.989 20421 ERROR tempest.scenario.manager 
2015-12-08 03:58:25,251 20421 INFO     [tempest_lib.common.rest_client] Request (TestNetworkBasicOps:test_connectivity_between_vms_on_different_networks): 200 POST http://10.0.2.15:8774/v2.1/550566e55c974a70b44e71ee55602a95/servers/5fe01614-0d0f-4d80-b41c-2cde31f24cb5/action 0.258s
2015-12-08 03:58:25,252 20421 DEBUG    [tempest_lib.common.rest_client] Request - Headers: {'Content-Type': 'application/json', 'Accept': 'application/json', 'X-Auth-Token': '&lt;omitted&gt;'}
        Body: {"os-getConsoleOutput": {}}
    Response - Headers: {'status': '200', 'content-length': '17468', 'x-compute-request-id': 'req-ef860194-1e64-4ddd-80cd-21bb42abf8d6', 'vary': 'X-OpenStack-Nova-API-Version', 'connection': 'close', 'x-openstack-nova-api-version': '2.1', 'date': 'Tue, 08 Dec 2015 03:58:25 GMT', 'content-type': 'application/json'}
        Body: {"output": "[    0.000000] Initializing cgroup subsys cpuset\n[    0.000000] Initializing cgroup subsys cpu\n[    0.000000] Linux version 3.2.0-80-virtual (buildd@batsu) (gcc version 4.6.3 (Ubuntu/Linaro 4.6.3-1ubuntu5) ) #116-Ubuntu SMP Mon Mar 23 17:28:52 UTC 2015 (Ubuntu 3.2.0-80.116-virtual 3.2.68)\n[    0.000000] Command line: root=/dev/vda console=tty0 console=ttyS0 no_timer_check\n[    0.000000] KERNEL supported cpus:\n[    0.000000]   Intel GenuineIntel\n[    0.000000]   AMD AuthenticAMD\n[    0.000000]   Centaur CentaurHauls\n[    0.000000] BIOS-provided physical RAM map:\n[    0.000000]  BIOS-e820: 0000000000000000 - 000000000009fc00 (usable)\n[    0.000000]  BIOS-e820: 000000000009fc00 - 00000000000a0000 (reserved)\n[    0.000000]  BIOS-e820: 00000000000f0000 - 0000000000100000 (reserved)\n[    0.000000]  BIOS-e820: 0000000000100000 - 0000000003ffe000 (usable)\n[    0.000000]  BIOS-e820: 0000000003ffe000 - 0000000004000000 (reserved)\n[    0.000000]  BIOS-e820: 00000000fffc0000 - 0000000100000000 (reserved)\n[    0.000000] NX (Execute Disable) protection: active\n[    0.000000] SMBIOS 2.4 present.\n[    0.000000] No AGP bridge found\n[    0.000000] last_pfn = 0x3ffe max_arch_pfn = 0x400000000\n[    0.000000] x86 PAT enabled: cpu 0, old 0x7040600070406, new 0x7010600070106\n[    0.000000] found SMP MP-table at [ffff8800000f0b00] f0b00\n[    0.000000] init_memory_mapping: 0000000000000000-0000000003ffe000\n[    0.000000] RAMDISK: 03c5e000 - 03ff0000\n[    0.000000] ACPI: RSDP 00000000000f0950 00014 (v00 BOCHS )\n[    0.000000] ACPI: RSDT 0000000003fffbc1 00034 (v01 BOCHS  BXPCRSDT 00000001 BXPC 00000001)\n[    0.000000] ACPI: FACP 0000000003fff1c0 00074 (v01 BOCHS  BXPCFACP 00000001 BXPC 00000001)\n[    0.000000] ACPI: DSDT 0000000003ffe040 01180 (v01 BOCHS  BXPCDSDT 00000001 BXPC 00000001)\n[    0.000000] ACPI: FACS 0000000003ffe000 00040\n[    0.000000] ACPI: SSDT 0000000003fff234 008DD (v01 BOCHS  BXPCSSDT 00000001 BXPC 00000001)\n[    0.000000] ACPI: APIC 0000000003fffb11 00078 (v01 BOCHS  BXPCAPIC 00000001 BXPC 00000001)\n[    0.000000] ACPI: HPET 0000000003fffb89 00038 (v01 BOCHS  BXPCHPET 00000001 BXPC 00000001)\n[    0.000000] No NUMA configuration found\n[    0.000000] Faking a node at 0000000000000000-0000000003ffe000\n[    0.000000] Initmem setup node 0 0000000000000000-0000000003ffe000\n[    0.000000]   NODE_DATA [0000000003ff6000 - 0000000003ffafff]\n[    0.000000] Zone PFN ranges:\n[    0.000000]   DMA      0x00000010 -&gt; 0x00001000\n[    0.000000]   DMA32    0x00001000 -&gt; 0x00100000\n[    0.000000]   Normal   empty\n[    0.000000] Movable zone start PFN for each node\n[    0.000000] early_node_map[2] active PFN ranges\n[    0.000000]     0: 0x00000010 -&gt; 0x0000009f\n[    0.000000]     0: 0x00000100 -&gt; 0x00003ffe\n[    0.000000] ACPI: PM-Timer IO Port: 0xb008\n[    0.000000] ACPI: LAPIC (acpi_id[0x00] lapic_id[0x00] enabled)\n[    0.000000] ACPI: LAPIC_NMI (acpi_id[0xff] dfl dfl lint[0x1])\n[    0.000000] ACPI: IOAPIC (id[0x00] address[0xfec00000] gsi_base[0])\n[    0.000000] IOAPIC[0]: apic_id 0, version 17, address 0xfec00000, GSI 0-23\n[    0.000000] ACPI: INT_SRC_OVR (bus 0 bus_irq 0 global_irq 2 dfl dfl)\n[    0.000000] ACPI: INT_SRC_OVR (bus 0 bus_irq 5 global_irq 5 high level)\n[    0.000000] ACPI: INT_SRC_OVR (bus 0 bus_irq 9 global_irq 9 high level)\n[    0.000000] ACPI: INT_SRC_OVR (bus 0 bus_irq 10 global_irq 10 high level)\n[    0.000000] ACPI: INT_SRC_OVR (bus 0 bus_irq 11 global_irq 11 high level)\n[    0.000000] Using ACPI (MADT) for SMP configuration information\n[    0.000000] ACPI: HPET id: 0x8086a201 base: 0xfed00000\n[    0.000000] SMP: Allowing 1 CPUs, 0 hotplug CPUs\n[    0.000000] PM: Registered nosave memory: 000000000009f000 - 00000000000a0000\n[    0.000000] PM: Registered nosave memory: 00000000000a0000 - 00000000000f0000\n[    0.000000] PM: Registered nosave memory: 00000000000f0000 - 0000000000100000\n[    0.000000] Allocating PCI resources starting at 4000000 (gap: 4000000:fbfc0000)\n[    0.000000] Booting paravirtualized kernel on bare hardware\n[    0.000000] setup_pe
2015-12-08 03:58:25,255 20421 DEBUG    [tempest.scenario.manager] Console output for 5fe01614-0d0f-4d80-b41c-2cde31f24cb5
body=
[    0.000000] Initializing cgroup subsys cpuset
[    0.000000] Initializing cgroup subsys cpu
[    0.000000] Linux version 3.2.0-80-virtual (buildd@batsu) (gcc version 4.6.3 (Ubuntu/Linaro 4.6.3-1ubuntu5) ) #116-Ubuntu SMP Mon Mar 23 17:28:52 UTC 2015 (Ubuntu 3.2.0-80.116-virtual 3.2.68)
[    0.000000] Command line: root=/dev/vda console=tty0 console=ttyS0 no_timer_check
[    0.000000] KERNEL supported cpus:
[    0.000000]   Intel GenuineIntel
[    0.000000]   AMD AuthenticAMD
[    0.000000]   Centaur CentaurHauls
[    0.000000] BIOS-provided physical RAM map:
[    0.000000]  BIOS-e820: 0000000000000000 - 000000000009fc00 (usable)
[    0.000000]  BIOS-e820: 000000000009fc00 - 00000000000a0000 (reserved)
[    0.000000]  BIOS-e820: 00000000000f0000 - 0000000000100000 (reserved)
[    0.000000]  BIOS-e820: 0000000000100000 - 0000000003ffe000 (usable)
[    0.000000]  BIOS-e820: 0000000003ffe000 - 0000000004000000 (reserved)
[    0.000000]  BIOS-e820: 00000000fffc0000 - 0000000100000000 (reserved)
[    0.000000] NX (Execute Disable) protection: active
[    0.000000] SMBIOS 2.4 present.
[    0.000000] No AGP bridge found
[    0.000000] last_pfn = 0x3ffe max_arch_pfn = 0x400000000
[    0.000000] x86 PAT enabled: cpu 0, old 0x7040600070406, new 0x7010600070106
[    0.000000] found SMP MP-table at [ffff8800000f0b00] f0b00
[    0.000000] init_memory_mapping: 0000000000000000-0000000003ffe000
[    0.000000] RAMDISK: 03c5e000 - 03ff0000
[    0.000000] ACPI: RSDP 00000000000f0950 00014 (v00 BOCHS )
[    0.000000] ACPI: RSDT 0000000003fffbc1 00034 (v01 BOCHS  BXPCRSDT 00000001 BXPC 00000001)
[    0.000000] ACPI: FACP 0000000003fff1c0 00074 (v01 BOCHS  BXPCFACP 00000001 BXPC 00000001)
[    0.000000] ACPI: DSDT 0000000003ffe040 01180 (v01 BOCHS  BXPCDSDT 00000001 BXPC 00000001)
[    0.000000] ACPI: FACS 0000000003ffe000 00040
[    0.000000] ACPI: SSDT 0000000003fff234 008DD (v01 BOCHS  BXPCSSDT 00000001 BXPC 00000001)
[    0.000000] ACPI: APIC 0000000003fffb11 00078 (v01 BOCHS  BXPCAPIC 00000001 BXPC 00000001)
[    0.000000] ACPI: HPET 0000000003fffb89 00038 (v01 BOCHS  BXPCHPET 00000001 BXPC 00000001)
[    0.000000] No NUMA configuration found
[    0.000000] Faking a node at 0000000000000000-0000000003ffe000
[    0.000000] Initmem setup node 0 0000000000000000-0000000003ffe000
[    0.000000]   NODE_DATA [0000000003ff6000 - 0000000003ffafff]
[    0.000000] Zone PFN ranges:
[    0.000000]   DMA      0x00000010 -&gt; 0x00001000
[    0.000000]   DMA32    0x00001000 -&gt; 0x00100000
[    0.000000]   Normal   empty
[    0.000000] Movable zone start PFN for each node
[    0.000000] early_node_map[2] active PFN ranges
[    0.000000]     0: 0x00000010 -&gt; 0x0000009f
[    0.000000]     0: 0x00000100 -&gt; 0x00003ffe
[    0.000000] ACPI: PM-Timer IO Port: 0xb008
[    0.000000] ACPI: LAPIC (acpi_id[0x00] lapic_id[0x00] enabled)
[    0.000000] ACPI: LAPIC_NMI (acpi_id[0xff] dfl dfl lint[0x1])
[    0.000000] ACPI: IOAPIC (id[0x00] address[0xfec00000] gsi_base[0])
[    0.000000] IOAPIC[0]: apic_id 0, version 17, address 0xfec00000, GSI 0-23
[    0.000000] ACPI: INT_SRC_OVR (bus 0 bus_irq 0 global_irq 2 dfl dfl)
[    0.000000] ACPI: INT_SRC_OVR (bus 0 bus_irq 5 global_irq 5 high level)
[    0.000000] ACPI: INT_SRC_OVR (bus 0 bus_irq 9 global_irq 9 high level)
[    0.000000] ACPI: INT_SRC_OVR (bus 0 bus_irq 10 global_irq 10 high level)
[    0.000000] ACPI: INT_SRC_OVR (bus 0 bus_irq 11 global_irq 11 high level)
[    0.000000] Using ACPI (MADT) for SMP configuration information
[    0.000000] ACPI: HPET id: 0x8086a201 base: 0xfed00000
[    0.000000] SMP: Allowing 1 CPUs, 0 hotplug CPUs
[    0.000000] PM: Registered nosave memory: 000000000009f000 - 00000000000a0000
[    0.000000] PM: Registered nosave memory: 00000000000a0000 - 00000000000f0000
[    0.000000] PM: Registered nosave memory: 00000000000f0000 - 0000000000100000
[    0.000000] Allocating PCI resources starting at 4000000 (gap: 4000000:fbfc0000)
[    0.000000] Booting paravirtualized kernel on bare hardware
[    0.000000] setup_percpu: NR_CPUS:64 nr_cpumask_bits:64 nr_cpu_ids:1 nr_node_ids:1
[    0.000000] PERCPU: Embedded 27 pages/cpu @ffff880003a00000 s78848 r8192 d23552 u2097152
[    0.000000] Built 1 zonelists in Node order, mobility grouping on.  Total pages: 16008
[    0.000000] Policy zone: DMA32
[    0.000000] Kernel command line: root=/dev/vda console=tty0 console=ttyS0 no_timer_check
[    0.000000] PID hash table entries: 256 (order: -1, 2048 bytes)
[    0.000000] Checking aperture...
[    0.000000] No AGP bridge found
[    0.000000] Memory: 43492k/65528k available (6576k kernel code, 452k absent, 21584k reserved, 6620k data, 928k init)
[    0.000000] SLUB: Genslabs=15, HWalign=64, Order=0-3, MinObjects=0, CPUs=1, Nodes=1
[    0.000000] Hierarchical RCU implementation.
[    0.000000] 	RCU dyntick-idle grace-period acceleration is enabled.
[    0.000000] NR_IRQS:4352 nr_irqs:256 16
[    0.000000] Console: colour VGA+ 80x25
[    0.000000] console [tty0] enabled
[    0.000000] console [ttyS0] enabled
[    0.000000] allocated 1048576 bytes of page_cgroup
[    0.000000] please try 'cgroup_disable=memory' option if you don't want memory cgroups
[    0.000000] Fast TSC calibration failed
[    0.000000] TSC: Unable to calibrate against PIT
[    0.000000] TSC: using HPET reference calibration
[    0.000000] Detected 2293.353 MHz processor.
[    0.033920] Calibrating delay loop (skipped), value calculated using timer frequency.. 4586.70 BogoMIPS (lpj=9173412)
[    0.035769] pid_max: default: 32768 minimum: 301
[    0.042483] Security Framework initialized
[    0.046693] AppArmor: AppArmor initialized
[    0.048122] Yama: becoming mindful.
[    0.056003] Dentry cache hash table entries: 8192 (order: 4, 65536 bytes)
[    0.056594] Inode-cache hash table entries: 4096 (order: 3, 32768 bytes)
[    0.058129] Mount-cache hash table entries: 256
[    0.079255] Initializing cgroup subsys cpuacct
[    0.080632] Initializing cgroup subsys memory
[    0.084234] Initializing cgroup subsys devices
[    0.085018] Initializing cgroup subsys freezer
[    0.085813] Initializing cgroup subsys blkio
[    0.088201] Initializing cgroup subsys perf_event
[    0.092713] mce: CPU supports 10 MCE banks
[    0.097308] SMP alternatives: switching to UP code
[    0.485607] Freeing SMP alternatives: 24k freed
[    0.488927] ACPI: Core revision 20110623
[    0.536535] ftrace: allocating 26610 entries in 105 pages
[    0.577953] ..TIMER: vector=0x30 apic1=0 pin1=2 apic2=-1 pin2=-1
[    0.580167] CPU0: AMD QEMU Virtual CPU version 2.0.0 stepping 03
[    0.584035] Performance Events: Broken PMU hardware detected, using software events only.
[    0.595475] NMI watchdog disabled (cpu0): hardware events not enabled
[    0.596819] Brought up 1 CPUs
[    0.597553] Total of 1 processors activated (4586.70 BogoMIPS).
[    0.622467] devtmpfs: initialized
[    0.661717] EVM: security.selinux
[    0.662208] EVM: security.SMACK64
[    0.662638] EVM: security.capability
[    0.687239] print_constraints: dummy: 
[    0.689767] RTC time:  3:56:24, date: 12/08/15
[    0.693335] NET: Registered protocol family 16
[    0.700485] ACPI: bus type pci registered
[    0.706744] PCI: Using configuration type 1 for base access
[    0.736129] bio: create slab &lt;bio-0&gt; at 0
[    0.740742] ACPI: Added _OSI(Module Device)
[    0.741326] ACPI: Added _OSI(Processor Device)
[    0.741869] ACPI: Added _OSI(3.0 _SCP Extensions)
[    0.742560] ACPI: Added _OSI(Processor Aggregator Device)
[    0.828731] ACPI: Interpreter enabled
[    0.829585] ACPI: (supports S0 S3 S4 S5)
[    0.832512] ACPI: Using IOAPIC for interrupt routing
[    0.901601] ACPI: No dock devices found.
[    0.902219] HEST: Table not found.
[    0.902806] PCI: Using host bridge windows from ACPI; if necessary, use "pci=nocrs" and report a bug
[    0.909367] ACPI: PCI Root Bridge [PCI0] (domain 0000 [bus 00-ff])
[    0.914894] pci_root PNP0A03:00: host bridge window [io  0x0000-0x0cf7]
[    0.916155] pci_root PNP0A03:00: host bridge window [io  0x0d00-0xadff]
[    0.917118] pci_root PNP0A03:00: host bridge window [io  0xae0f-0xaeff]
[    0.917937] pci_root PNP0A03:00: host bridge window [io  0xaf20-0xafdf]
[    0.918957] pci_root PNP0A03:00: host bridge window [io  0xafe4-0xffff]
[    0.920161] pci_root PNP0A03:00: host bridge window [mem 0x000a0000-0x000bffff]
[    0.921063] pci_root PNP0A03:00: host bridge window [mem 0x04000000-0xfebfffff]
[    0.952324] pci 0000:00:01.3: quirk: [io  0xb000-0xb03f] claimed by PIIX4 ACPI
[    0.953333] pci 0000:00:01.3: quirk: [io  0xb100-0xb10f] claimed by PIIX4 SMB
[    1.026630]  pci0000:00: Unable to request _OSC control (_OSC support mask: 0x1e)
[    1.089157] ACPI: PCI Interrupt Link [LNKA] (IRQs 5 *10 11)
[    1.091427] ACPI: PCI Interrupt Link [LNKB] (IRQs 5 *10 11)
[    1.093337] ACPI: PCI Interrupt Link [LNKC] (IRQs 5 10 *11)
[    1.094774] ACPI: PCI Interrupt Link [LNKD] (IRQs 5 10 *11)
[    1.096834] ACPI: PCI Interrupt Link [LNKS] (IRQs *9)
[    1.102311] vgaarb: device added: PCI:0000:00:02.0,decodes=io+mem,owns=io+mem,locks=none
[    1.104151] vgaarb: loaded
[    1.105377] vgaarb: bridge control possible 0000:00:02.0
[    1.109641] i2c-core: driver [aat2870] using legacy suspend method
[    1.110506] i2c-core: driver [aat2870] using legacy resume method
[    1.113485] SCSI subsystem initialized
[    1.117089] usbcore: registered new interface driver usbfs
[    1.118396] usbcore: registered new interface driver hub
[    1.120163] usbcore: registered new device driver usb
[    1.124247] PCI: Using ACPI for IRQ routing
[    1.137640] NetLabel: Initializing
[    1.138505] NetLabel:  domain hash size = 128
[    1.139004] NetLabel:  protocols = UNLABELED CIPSOv4
[    1.141469] NetLabel:  unlabeled traffic allowed by default
[    1.144574] HPET: 3 timers in total, 0 timers will be used for per-cpu timer
[    1.145675] hpet0: at MMIO 0xfed00000, IRQs 2, 8, 0
[    1.146587] hpet0: 3 comparators, 64-bit 100.000000 MHz counter
[    1.161307] Switching to clocksource hpet
[    1.415360] AppArmor: AppArmor Filesystem Enabled
[    1.417960] pnp: PnP ACPI init
[    1.419158] ACPI: bus type pnp registered
[    1.446018] pnp: PnP ACPI: found 9 devices
[    1.446973] ACPI: ACPI bus type pnp unregistered
[    1.506538] NET: Registered protocol family 2
[    1.539286] IP route cache hash table entries: 512 (order: 0, 4096 bytes)
[    1.547037] TCP established hash table entries: 2048 (order: 3, 32768 bytes)
[    1.549314] TCP bind hash table entries: 2048 (order: 3, 32768 bytes)
[    1.550222] TCP: Hash tables configured (established 2048 bind 2048)
[    1.551000] TCP reno registered
[    1.551575] UDP hash table entries: 128 (order: 0, 4096 bytes)
[    1.553225] UDP-Lite hash table entries: 128 (order: 0, 4096 bytes)
[    1.555595] NET: Registered protocol family 1
[    1.557251] pci 0000:00:00.0: Limiting direct PCI/PCI transfers
[    1.558010] pci 0000:00:01.0: PIIX3: Enabling Passive Release
[    1.558949] pci 0000:00:01.0: Activating ISA DMA hang workarounds
[    1.563515] ACPI: PCI Interrupt Link [LNKD] enabled at IRQ 11
[    1.565136] pci 0000:00:01.2: PCI INT D -&gt; Link[LNKD] -&gt; GSI 11 (level, high) -&gt; IRQ 11
[    1.567084] pci 0000:00:01.2: PCI INT D disabled
[    1.584095] Trying to unpack rootfs image as initramfs...
[    1.602296] audit: initializing netlink socket (disabled)
[    1.603933] type=2000 audit(1449546984.600:1): initialized
[    1.859968] HugeTLB registered 2 MB page size, pre-allocated 0 pages
[    1.938278] VFS: Disk quotas dquot_6.5.2
[    1.941750] Dquot-cache hash table entries: 512 (order 0, 4096 bytes)
[    1.970892] fuse init (API version 7.17)
[    1.975288] msgmni has been set to 84
[    2.019342] Block layer SCSI generic (bsg) driver version 0.4 loaded (major 253)
[    2.025592] io scheduler noop registered
[    2.026232] io scheduler deadline registered (default)
[    2.027336] io scheduler cfq registered
[    2.030826] pci_hotplug: PCI Hot Plug PCI Core version: 0.5
[    2.033705] pciehp: PCI Express Hot Plug Controller Driver version: 0.4
[    2.039063] input: Power Button as /devices/LNXSYSTM:00/LNXPWRBN:00/input/input0
[    2.040923] ACPI: Power Button [PWRF]
[    2.089530] ERST: Table is not found!
[    2.090040] GHES: HEST is not enabled!
[    2.098739] ACPI: PCI Interrupt Link [LNKC] enabled at IRQ 10
[    2.099430] virtio-pci 0000:00:03.0: PCI INT A -&gt; Link[LNKC] -&gt; GSI 10 (level, high) -&gt; IRQ 10
[    2.103012] virtio-pci 0000:00:04.0: PCI INT A -&gt; Link[LNKD] -&gt; GSI 11 (level, high) -&gt; IRQ 11
[    2.114203] ACPI: PCI Interrupt Link [LNKA] enabled at IRQ 10
[    2.114871] virtio-pci 0000:00:05.0: PCI INT A -&gt; Link[LNKA] -&gt; GSI 10 (level, high) -&gt; IRQ 10
[    2.126240] Serial: 8250/16550 driver, 32 ports, IRQ sharing enabled
[    2.164981] serial8250: ttyS0 at I/O 0x3f8 (irq = 4) is a 16550A
[    2.238547] serial8250: ttyS1 at I/O 0x2f8 (irq = 3) is a 16550A
[    2.381624] 00:05: ttyS0 at I/O 0x3f8 (irq = 4) is a 16550A
[    2.459411] 00:06: ttyS1 at I/O 0x2f8 (irq = 3) is a 16550A
[    2.509276] Linux agpgart interface v0.103
[    2.573935] Refined TSC clocksource calibration: 2293.446 MHz.
[    2.574714] Switching to clocksource tsc
[    2.577274] brd: module loaded
[    2.605702] loop: module loaded
[    2.653618]  vda: unknown partition table
[    2.701422] scsi0 : ata_piix
[    2.709928] scsi1 : ata_piix
[    2.711194] ata1: PATA max MWDMA2 cmd 0x1f0 ctl 0x3f6 bmdma 0xc0a0 irq 14
[    2.712004] ata2: PATA max MWDMA2 cmd 0x170 ctl 0x376 bmdma 0xc0a8 irq 15
[    2.722527] Fixed MDIO Bus: probed
[    2.723381] tun: Universal TUN/TAP device driver, 1.6
[    2.723973] tun: (C) 1999-2004 Max Krasnyansky &lt;maxk@qualcomm.com&gt;
[    2.769450] PPP generic driver version 2.4.2
[    2.826051] ehci_hcd: USB 2.0 'Enhanced' Host Controller (EHCI) Driver
[    2.827207] ohci_hcd: USB 1.1 'Open' Host Controller (OHCI) Driver
[    2.829119] uhci_hcd: USB Universal Host Controller Interface driver
[    2.830288] uhci_hcd 0000:00:01.2: PCI INT D -&gt; Link[LNKD] -&gt; GSI 11 (level, high) -&gt; IRQ 11
[    2.833840] uhci_hcd 0000:00:01.2: UHCI Host Controller
[    2.846196] uhci_hcd 0000:00:01.2: new USB bus registered, assigned bus number 1
[    2.848095] uhci_hcd 0000:00:01.2: irq 11, io base 0x0000c040
[    2.878128] hub 1-0:1.0: USB hub found
[    2.880534] hub 1-0:1.0: 2 ports detected
[    2.888596] usbcore: registered new interface driver libusual
[    2.891726] i8042: PNP: PS/2 Controller [PNP0303:KBD,PNP0f13:MOU] at 0x60,0x64 irq 1,12
[    2.898174] serio: i8042 KBD port at 0x60,0x64 irq 1
[    2.900035] serio: i8042 AUX port at 0x60,0x64 irq 12
[    2.953034] mousedev: PS/2 mouse device common for all mice
[    2.956693] ata2.01: ATAPI: QEMU DVD-ROM, 2.0.0, max UDMA/100
[    2.977829] input: AT Translated Set 2 keyboard as /devices/platform/i8042/serio0/input/input1
[    2.983205] rtc_cmos 00:01: RTC can wake from S4
[    2.999962] rtc_cmos 00:01: rtc core: registered rtc_cmos as rtc0
[    3.004210] rtc0: alarms up to one day, 114 bytes nvram, hpet irqs
[    3.008655] device-mapper: uevent: version 1.0.3
[    3.034471] ata2.01: configured for MWDMA2
[    3.039588] device-mapper: ioctl: 4.22.0-ioctl (2011-10-19) initialised: dm-devel@redhat.com
[    3.042543] cpuidle: using governor ladder
[    3.043640] cpuidle: using governor menu
[    3.044719] EFI Variables Facility v0.08 2004-May-17
[    3.063278] TCP cubic registered
[    3.069261] NET: Registered protocol family 10
[    3.090802] NET: Registered protocol family 17
[    3.091905] Registering the dns_resolver key type
[    3.120449] scsi 1:0:1:0: CD-ROM            QEMU     QEMU DVD-ROM     2.0. PQ: 0 ANSI: 5
[    3.147315] sr0: scsi3-mmc drive: 4x/4x cd/rw xa/form2 tray
[    3.148859] cdrom: Uniform CD-ROM driver Revision: 3.20
[    3.166817] sr 1:0:1:0: Attached scsi generic sg0 type 5
[    3.219705] registered taskstats version 1
[    3.291410] Freeing initrd memory: 3656k freed
[    3.805255]   Magic number: 11:842:916
[    3.812586] tty ptmx: hash matches
[    3.820806] rtc_cmos 00:01: setting system clock to 2015-12-08 03:56:27 UTC (1449546987)
[    3.822805] powernow-k8: Processor cpuid 663 not supported
[    3.829461] BIOS EDD facility v0.16 2004-Jun-25, 0 devices found
[    3.830986] EDD information not available.
[    3.918331] Freeing unused kernel memory: 928k freed
[    3.925695] Write protecting the kernel read-only data: 12288k
[    4.056185] Freeing unused kernel memory: 1596k freed
[    4.132332] Freeing unused kernel memory: 1184k freed

info: initramfs: up at 4.29
modprobe: module virtio_blk not found in modules.dep
modprobe: module virtio_net not found in modules.dep
info: copying initramfs to /dev/vda
info: initramfs loading root from /dev/vda
info: /etc/init.d/rc.sysinit: up at 8.98
info: container: none
Starting logging: OK
modprobe: module virtio_blk not found in modules.dep
modprobe: module virtio_net not found in modules.dep
WARN: /etc/rc3.d/S10-load-modules failed
Initializing random number generator... done.
Starting acpid: OK
cirros-ds 'local' up at 11.59
found datasource (configdrive, local)
Starting network...
udhcpc (v1.20.1) started
Sending discover...
Sending discover...

2015-12-08 03:58:25,536 20421 INFO     [tempest_lib.common.rest_client] Request (TestNetworkBasicOps:_run_cleanups): 204 DELETE http://10.0.2.15:9696/v2.0/floatingips/326a0aff-32f6-463d-9044-d929b4f68d77 0.275s
2015-12-08 03:58:25,536 20421 DEBUG    [tempest_lib.common.rest_client] Request - Headers: {'Content-Type': 'application/json', 'Accept': 'application/json', 'X-Auth-Token': '&lt;omitted&gt;'}
        Body: None
    Response - Headers: {'date': 'Tue, 08 Dec 2015 03:58:25 GMT', 'status': '204', 'connection': 'close', 'content-length': '0', 'x-openstack-request-id': 'req-43b859f9-105f-449f-a692-bbf2aaa61bf4'}
        Body: 
2015-12-08 03:58:25,741 20421 INFO     [tempest_lib.common.rest_client] Request (TestNetworkBasicOps:_run_cleanups): 204 DELETE http://10.0.2.15:8774/v2.1/550566e55c974a70b44e71ee55602a95/servers/5fe01614-0d0f-4d80-b41c-2cde31f24cb5 0.204s
2015-12-08 03:58:25,741 20421 DEBUG    [tempest_lib.common.rest_client] Request - Headers: {'Content-Type': 'application/json', 'Accept': 'application/json', 'X-Auth-Token': '&lt;omitted&gt;'}
        Body: None
    Response - Headers: {'status': '204', 'content-length': '0', 'x-compute-request-id': 'req-5c173a8c-d973-490e-8ab6-d9147156cd4e', 'vary': 'X-OpenStack-Nova-API-Version', 'connection': 'close', 'x-openstack-nova-api-version': '2.1', 'date': 'Tue, 08 Dec 2015 03:58:25 GMT', 'content-type': 'application/json'}
        Body: 
2015-12-08 03:58:25,972 20421 INFO     [tempest_lib.common.rest_client] Request (TestNetworkBasicOps:_run_cleanups): 200 GET http://10.0.2.15:8774/v2.1/550566e55c974a70b44e71ee55602a95/servers/5fe01614-0d0f-4d80-b41c-2cde31f24cb5 0.229s
2015-12-08 03:58:25,972 20421 DEBUG    [tempest_lib.common.rest_client] Request - Headers: {'Content-Type': 'application/json', 'Accept': 'application/json', 'X-Auth-Token': '&lt;omitted&gt;'}
        Body: None
    Response - Headers: {'status': '200', 'content-length': '1777', 'content-location': 'http://10.0.2.15:8774/v2.1/550566e55c974a70b44e71ee55602a95/servers/5fe01614-0d0f-4d80-b41c-2cde31f24cb5', 'x-compute-request-id': 'req-eb67b863-b7db-43ff-9ce2-0c45488e8e5d', 'vary': 'X-OpenStack-Nova-API-Version', 'connection': 'close', 'x-openstack-nova-api-version': '2.1', 'date': 'Tue, 08 Dec 2015 03:58:25 GMT', 'content-type': 'application/json'}
        Body: {"server": {"status": "ACTIVE", "updated": "2015-12-08T03:58:25Z", "hostId": "ed4bc05c7adc6d906ad446fb0614e110f4416ae9ac8239dd3fe36ed6", "addresses": {"tempest-network-smoke--1317266137": [{"OS-EXT-IPS-MAC:mac_addr": "fa:16:3e:c8:4a:42", "version": 4, "addr": "10.100.0.3", "OS-EXT-IPS:type": "fixed"}, {"OS-EXT-IPS-MAC:mac_addr": "fa:16:3e:c8:4a:42", "version": 4, "addr": "172.24.4.4", "OS-EXT-IPS:type": "floating"}]}, "links": [{"href": "http://10.0.2.15:8774/v2.1/550566e55c974a70b44e71ee55602a95/servers/5fe01614-0d0f-4d80-b41c-2cde31f24cb5", "rel": "self"}, {"href": "http://10.0.2.15:8774/550566e55c974a70b44e71ee55602a95/servers/5fe01614-0d0f-4d80-b41c-2cde31f24cb5", "rel": "bookmark"}], "key_name": "tempest-TestNetworkBasicOps-1606549210", "image": {"id": "928c236c-877c-4020-a2f3-fa3eecb19972", "links": [{"href": "http://10.0.2.15:8774/550566e55c974a70b44e71ee55602a95/images/928c236c-877c-4020-a2f3-fa3eecb19972", "rel": "bookmark"}]}, "OS-EXT-STS:task_state": "deleting", "OS-EXT-STS:vm_state": "active", "OS-SRV-USG:launched_at": "2015-12-08T03:56:21.000000", "flavor": {"id": "42", "links": [{"href": "http://10.0.2.15:8774/550566e55c974a70b44e71ee55602a95/flavors/42", "rel": "bookmark"}]}, "id": "5fe01614-0d0f-4d80-b41c-2cde31f24cb5", "security_groups": [{"name": "tempest-secgroup-smoke-1319777044"}], "OS-SRV-USG:terminated_at": null, "OS-EXT-AZ:availability_zone": "nova", "user_id": "52070e56263543649aeccaee49d7bec7", "name": "tempest.common.compute-instance-1986696216", "created": "2015-12-08T03:56:17Z", "tenant_id": "550566e55c974a70b44e71ee55602a95", "OS-DCF:diskConfig": "MANUAL", "os-extended-volumes:volumes_attached": [], "accessIPv4": "", "accessIPv6": "", "progress": 0, "OS-EXT-STS:power_state": 1, "config_drive": "True", "metadata": {}}}
2015-12-08 03:58:27,128 20421 INFO     [tempest_lib.common.rest_client] Request (TestNetworkBasicOps:_run_cleanups): 200 GET http://10.0.2.15:8774/v2.1/550566e55c974a70b44e71ee55602a95/servers/5fe01614-0d0f-4d80-b41c-2cde31f24cb5 0.142s
2015-12-08 03:58:27,128 20421 DEBUG    [tempest_lib.common.rest_client] Request - Headers: {'Content-Type': 'application/json', 'Accept': 'application/json', 'X-Auth-Token': '&lt;omitted&gt;'}
        Body: None
    Response - Headers: {'status': '200', 'content-length': '1709', 'content-location': 'http://10.0.2.15:8774/v2.1/550566e55c974a70b44e71ee55602a95/servers/5fe01614-0d0f-4d80-b41c-2cde31f24cb5', 'x-compute-request-id': 'req-d7afb5d9-8f71-4c88-9747-99e44e087d7e', 'vary': 'X-OpenStack-Nova-API-Version', 'connection': 'close', 'x-openstack-nova-api-version': '2.1', 'date': 'Tue, 08 Dec 2015 03:58:27 GMT', 'content-type': 'application/json'}
        Body: {"server": {"status": "ACTIVE", "updated": "2015-12-08T03:58:26Z", "hostId": "ed4bc05c7adc6d906ad446fb0614e110f4416ae9ac8239dd3fe36ed6", "addresses": {"tempest-network-smoke--1317266137": [{"OS-EXT-IPS-MAC:mac_addr": "fa:16:3e:c8:4a:42", "version": 4, "addr": "10.100.0.3", "OS-EXT-IPS:type": "fixed"}, {"OS-EXT-IPS-MAC:mac_addr": "fa:16:3e:c8:4a:42", "version": 4, "addr": "172.24.4.4", "OS-EXT-IPS:type": "floating"}]}, "links": [{"href": "http://10.0.2.15:8774/v2.1/550566e55c974a70b44e71ee55602a95/servers/5fe01614-0d0f-4d80-b41c-2cde31f24cb5", "rel": "self"}, {"href": "http://10.0.2.15:8774/550566e55c974a70b44e71ee55602a95/servers/5fe01614-0d0f-4d80-b41c-2cde31f24cb5", "rel": "bookmark"}], "key_name": "tempest-TestNetworkBasicOps-1606549210", "image": {"id": "928c236c-877c-4020-a2f3-fa3eecb19972", "links": [{"href": "http://10.0.2.15:8774/550566e55c974a70b44e71ee55602a95/images/928c236c-877c-4020-a2f3-fa3eecb19972", "rel": "bookmark"}]}, "OS-EXT-STS:task_state": "deleting", "OS-EXT-STS:vm_state": "active", "OS-SRV-USG:launched_at": "2015-12-08T03:56:21.000000", "flavor": {"id": "42", "links": [{"href": "http://10.0.2.15:8774/550566e55c974a70b44e71ee55602a95/flavors/42", "rel": "bookmark"}]}, "id": "5fe01614-0d0f-4d80-b41c-2cde31f24cb5", "OS-SRV-USG:terminated_at": null, "OS-EXT-AZ:availability_zone": "nova", "user_id": "52070e56263543649aeccaee49d7bec7", "name": "tempest.common.compute-instance-1986696216", "created": "2015-12-08T03:56:17Z", "tenant_id": "550566e55c974a70b44e71ee55602a95", "OS-DCF:diskConfig": "MANUAL", "os-extended-volumes:volumes_attached": [], "accessIPv4": "", "accessIPv6": "", "progress": 0, "OS-EXT-STS:power_state": 1, "config_drive": "True", "metadata": {}}}
2015-12-08 03:58:28,221 20421 INFO     [tempest_lib.common.rest_client] Request (TestNetworkBasicOps:_run_cleanups): 404 GET http://10.0.2.15:8774/v2.1/550566e55c974a70b44e71ee55602a95/servers/5fe01614-0d0f-4d80-b41c-2cde31f24cb5 0.080s
2015-12-08 03:58:28,222 20421 DEBUG    [tempest_lib.common.rest_client] Request - Headers: {'Content-Type': 'application/json', 'Accept': 'application/json', 'X-Auth-Token': '&lt;omitted&gt;'}
        Body: None
    Response - Headers: {'status': '404', 'content-length': '111', 'x-compute-request-id': 'req-5135d4bd-beba-4741-b598-5c4fcb9e6709', 'vary': 'X-OpenStack-Nova-API-Version', 'connection': 'close', 'x-openstack-nova-api-version': '2.1', 'date': 'Tue, 08 Dec 2015 03:58:28 GMT', 'content-type': 'application/json; charset=UTF-8'}
        Body: {"itemNotFound": {"message": "Instance 5fe01614-0d0f-4d80-b41c-2cde31f24cb5 could not be found.", "code": 404}}
2015-12-08 03:58:28,243 20421 INFO     [tempest_lib.common.rest_client] Request (TestNetworkBasicOps:_run_cleanups): 202 DELETE http://10.0.2.15:8774/v2.1/550566e55c974a70b44e71ee55602a95/os-keypairs/tempest-TestNetworkBasicOps-1606549210 0.019s
2015-12-08 03:58:28,244 20421 DEBUG    [tempest_lib.common.rest_client] Request - Headers: {'Content-Type': 'application/json', 'Accept': 'application/json', 'X-Auth-Token': '&lt;omitted&gt;'}
        Body: None
    Response - Headers: {'status': '202', 'content-length': '0', 'x-compute-request-id': 'req-9e74dd32-07bc-455c-b6d2-7c5e1868a864', 'vary': 'X-OpenStack-Nova-API-Version', 'connection': 'close', 'x-openstack-nova-api-version': '2.1', 'date': 'Tue, 08 Dec 2015 03:58:28 GMT', 'content-type': 'application/json'}
        Body: 
2015-12-08 03:58:28,658 20421 INFO     [tempest_lib.common.rest_client] Request (TestNetworkBasicOps:_run_cleanups): 200 PUT http://10.0.2.15:9696/v2.0/routers/06676ac0-0a7b-46fe-adb2-72c98640ac7c/remove_router_interface 0.413s
2015-12-08 03:58:28,659 20421 DEBUG    [tempest_lib.common.rest_client] Request - Headers: {'Content-Type': 'application/json', 'Accept': 'application/json', 'X-Auth-Token': '&lt;omitted&gt;'}
        Body: {"subnet_id": "50f6cf92-5c3f-4853-8603-3251fbdfa266"}
    Response - Headers: {'status': '200', 'content-length': '255', 'connection': 'close', 'date': 'Tue, 08 Dec 2015 03:58:28 GMT', 'content-type': 'application/json; charset=UTF-8', 'x-openstack-request-id': 'req-05c1df58-9505-4457-aed2-dd86061d9c8a'}
        Body: {"subnet_id": "50f6cf92-5c3f-4853-8603-3251fbdfa266", "tenant_id": "550566e55c974a70b44e71ee55602a95", "subnet_ids": ["50f6cf92-5c3f-4853-8603-3251fbdfa266"], "port_id": "15034003-9dde-4e38-9cfb-1793e9c07d13", "id": "06676ac0-0a7b-46fe-adb2-72c98640ac7c"}
2015-12-08 03:58:29,241 20421 INFO     [tempest_lib.common.rest_client] Request (TestNetworkBasicOps:_run_cleanups): 204 DELETE http://10.0.2.15:9696/v2.0/subnets/50f6cf92-5c3f-4853-8603-3251fbdfa266 0.581s
2015-12-08 03:58:29,241 20421 DEBUG    [tempest_lib.common.rest_client] Request - Headers: {'Content-Type': 'application/json', 'Accept': 'application/json', 'X-Auth-Token': '&lt;omitted&gt;'}
        Body: None
    Response - Headers: {'date': 'Tue, 08 Dec 2015 03:58:29 GMT', 'status': '204', 'connection': 'close', 'content-length': '0', 'x-openstack-request-id': 'req-8edefb0f-d42f-4df7-adb5-c3e1906e0c5d'}
        Body: 
2015-12-08 03:58:29,289 20421 INFO     [tempest_lib.common.rest_client] Request (TestNetworkBasicOps:_run_cleanups): 200 GET http://10.0.2.15:9696/v2.0/routers/06676ac0-0a7b-46fe-adb2-72c98640ac7c 0.047s
2015-12-08 03:58:29,289 20421 DEBUG    [tempest_lib.common.rest_client] Request - Headers: {'Content-Type': 'application/json', 'Accept': 'application/json', 'X-Auth-Token': '&lt;omitted&gt;'}
        Body: None
    Response - Headers: {'status': '200', 'content-length': '564', 'content-location': 'http://10.0.2.15:9696/v2.0/routers/06676ac0-0a7b-46fe-adb2-72c98640ac7c', 'connection': 'close', 'date': 'Tue, 08 Dec 2015 03:58:29 GMT', 'content-type': 'application/json; charset=UTF-8', 'x-openstack-request-id': 'req-ef1fc2b8-be1a-4ce9-bcd4-1af2bd0f8e0f'}
        Body: {"router": {"status": "ACTIVE", "external_gateway_info": {"network_id": "6a2eff3a-425b-4ef4-a8cb-e471d70e89cf", "enable_snat": true, "external_fixed_ips": [{"subnet_id": "2fc73d82-38eb-47d7-91fd-cfb335d285d0", "ip_address": "172.24.4.3"}, {"subnet_id": "e3191ab8-b883-4873-a8c6-344af50d3027", "ip_address": "2001:db8::4"}]}, "availability_zone_hints": [], "availability_zones": ["nova"], "name": "tempest-router-smoke-2083362909", "admin_state_up": true, "tenant_id": "550566e55c974a70b44e71ee55602a95", "routes": [], "id": "06676ac0-0a7b-46fe-adb2-72c98640ac7c"}}
2015-12-08 03:58:29,724 20421 INFO     [tempest_lib.common.rest_client] Request (TestNetworkBasicOps:_run_cleanups): 200 PUT http://10.0.2.15:9696/v2.0/routers/06676ac0-0a7b-46fe-adb2-72c98640ac7c 0.434s
2015-12-08 03:58:29,725 20421 DEBUG    [tempest_lib.common.rest_client] Request - Headers: {'Content-Type': 'application/json', 'Accept': 'application/json', 'X-Auth-Token': '&lt;omitted&gt;'}
        Body: {"router": {"external_gateway_info": {}, "name": "tempest-router-smoke-2083362909", "admin_state_up": true}}
    Response - Headers: {'status': '200', 'content-length': '302', 'connection': 'close', 'date': 'Tue, 08 Dec 2015 03:58:29 GMT', 'content-type': 'application/json; charset=UTF-8', 'x-openstack-request-id': 'req-d74eabef-2de1-4855-a0ce-3dd3208d6903'}
        Body: {"router": {"status": "ACTIVE", "external_gateway_info": null, "availability_zone_hints": [], "availability_zones": ["nova"], "name": "tempest-router-smoke-2083362909", "admin_state_up": true, "tenant_id": "550566e55c974a70b44e71ee55602a95", "routes": [], "id": "06676ac0-0a7b-46fe-adb2-72c98640ac7c"}}
2015-12-08 03:58:29,994 20421 INFO     [tempest_lib.common.rest_client] Request (TestNetworkBasicOps:_run_cleanups): 204 DELETE http://10.0.2.15:9696/v2.0/routers/06676ac0-0a7b-46fe-adb2-72c98640ac7c 0.267s
2015-12-08 03:58:29,994 20421 DEBUG    [tempest_lib.common.rest_client] Request - Headers: {'Content-Type': 'application/json', 'Accept': 'application/json', 'X-Auth-Token': '&lt;omitted&gt;'}
        Body: None
    Response - Headers: {'date': 'Tue, 08 Dec 2015 03:58:29 GMT', 'status': '204', 'connection': 'close', 'content-length': '0', 'x-openstack-request-id': 'req-34c1c810-3322-42d9-8208-ef6eece8d37f'}
        Body: 
2015-12-08 03:58:30,223 20421 INFO     [tempest_lib.common.rest_client] Request (TestNetworkBasicOps:_run_cleanups): 204 DELETE http://10.0.2.15:9696/v2.0/networks/408b7e7f-77a7-4dc5-b4db-30a1e06429fe 0.227s
2015-12-08 03:58:30,223 20421 DEBUG    [tempest_lib.common.rest_client] Request - Headers: {'Content-Type': 'application/json', 'Accept': 'application/json', 'X-Auth-Token': '&lt;omitted&gt;'}
        Body: None
    Response - Headers: {'date': 'Tue, 08 Dec 2015 03:58:30 GMT', 'status': '204', 'connection': 'close', 'content-length': '0', 'x-openstack-request-id': 'req-0ef990d4-e5c4-4edd-9fe6-89467a9b8b97'}
        Body: 
2015-12-08 03:58:30,286 20421 INFO     [tempest_lib.common.rest_client] Request (TestNetworkBasicOps:_run_cleanups): 204 DELETE http://10.0.2.15:9696/v2.0/security-group-rules/38130585-1125-44cc-adae-14b2fbcb7b45 0.061s
2015-12-08 03:58:30,286 20421 DEBUG    [tempest_lib.common.rest_client] Request - Headers: {'Content-Type': 'application/json', 'Accept': 'application/json', 'X-Auth-Token': '&lt;omitted&gt;'}
        Body: None
    Response - Headers: {'date': 'Tue, 08 Dec 2015 03:58:30 GMT', 'status': '204', 'connection': 'close', 'content-length': '0', 'x-openstack-request-id': 'req-db16c309-4c1b-49b3-a7ef-e77b2e209324'}
        Body: 
2015-12-08 03:58:30,350 20421 INFO     [tempest_lib.common.rest_client] Request (TestNetworkBasicOps:_run_cleanups): 204 DELETE http://10.0.2.15:9696/v2.0/security-group-rules/bea92ccf-4489-49c2-80e4-b84409bbe547 0.063s
2015-12-08 03:58:30,350 20421 DEBUG    [tempest_lib.common.rest_client] Request - Headers: {'Content-Type': 'application/json', 'Accept': 'application/json', 'X-Auth-Token': '&lt;omitted&gt;'}
        Body: None
    Response - Headers: {'date': 'Tue, 08 Dec 2015 03:58:30 GMT', 'status': '204', 'connection': 'close', 'content-length': '0', 'x-openstack-request-id': 'req-99ed1615-3a8f-47d6-bd0b-43b9e072a186'}
        Body: 
2015-12-08 03:58:30,408 20421 INFO     [tempest_lib.common.rest_client] Request (TestNetworkBasicOps:_run_cleanups): 204 DELETE http://10.0.2.15:9696/v2.0/security-group-rules/6a398d44-84a7-4d7e-83a5-2f6a5e1f0b45 0.057s
2015-12-08 03:58:30,409 20421 DEBUG    [tempest_lib.common.rest_client] Request - Headers: {'Content-Type': 'application/json', 'Accept': 'application/json', 'X-Auth-Token': '&lt;omitted&gt;'}
        Body: None
    Response - Headers: {'date': 'Tue, 08 Dec 2015 03:58:30 GMT', 'status': '204', 'connection': 'close', 'content-length': '0', 'x-openstack-request-id': 'req-ca06d8a0-99e5-4ab9-93ef-b735806c83cb'}
        Body: 
2015-12-08 03:58:30,472 20421 INFO     [tempest_lib.common.rest_client] Request (TestNetworkBasicOps:_run_cleanups): 204 DELETE http://10.0.2.15:9696/v2.0/security-group-rules/5ee3f0f0-79cf-499e-bb41-eb1a2d5e69a4 0.063s
2015-12-08 03:58:30,473 20421 DEBUG    [tempest_lib.common.rest_client] Request - Headers: {'Content-Type': 'application/json', 'Accept': 'application/json', 'X-Auth-Token': '&lt;omitted&gt;'}
        Body: None
    Response - Headers: {'date': 'Tue, 08 Dec 2015 03:58:30 GMT', 'status': '204', 'connection': 'close', 'content-length': '0', 'x-openstack-request-id': 'req-394ec038-0b28-4236-8554-320dbeb700a6'}
        Body: 
2015-12-08 03:58:30,532 20421 INFO     [tempest_lib.common.rest_client] Request (TestNetworkBasicOps:_run_cleanups): 204 DELETE http://10.0.2.15:9696/v2.0/security-group-rules/520eff5a-912c-4372-bc49-8f070ee57f75 0.058s
2015-12-08 03:58:30,533 20421 DEBUG    [tempest_lib.common.rest_client] Request - Headers: {'Content-Type': 'application/json', 'Accept': 'application/json', 'X-Auth-Token': '&lt;omitted&gt;'}
        Body: None
    Response - Headers: {'date': 'Tue, 08 Dec 2015 03:58:30 GMT', 'status': '204', 'connection': 'close', 'content-length': '0', 'x-openstack-request-id': 'req-383b368c-a4de-4a31-89e6-09146ecbd195'}
        Body: 
2015-12-08 03:58:30,597 20421 INFO     [tempest_lib.common.rest_client] Request (TestNetworkBasicOps:_run_cleanups): 204 DELETE http://10.0.2.15:9696/v2.0/security-group-rules/47d31475-bc69-47fe-93e4-d5f8423ce68f 0.063s
2015-12-08 03:58:30,598 20421 DEBUG    [tempest_lib.common.rest_client] Request - Headers: {'Content-Type': 'application/json', 'Accept': 'application/json', 'X-Auth-Token': '&lt;omitted&gt;'}
        Body: None
    Response - Headers: {'date': 'Tue, 08 Dec 2015 03:58:30 GMT', 'status': '204', 'connection': 'close', 'content-length': '0', 'x-openstack-request-id': 'req-19b4365e-f7c9-4d6e-a4f6-961c9fb05c51'}
        Body: 
