<?xml version="1.0" encoding="UTF-8"?>
<!DOCTYPE html PUBLIC "-//W3C//DTD XHTML 1.0 Strict//EN"
     "http://www.w3.org/TR/xhtml1/DTD/xhtml1-strict.dtd">
<html xmlns="http://www.w3.org/1999/xhtml">
<head>
    <title>Unit Test Report</title>
    <meta name="generator" content="subunit2html 0.1"/>
    <meta http-equiv="Content-Type" content="text/html; charset=UTF-8"/>
    
<style type="text/css" media="screen">
body        { font-family: verdana, arial, helvetica, sans-serif;
    font-size: 80%; }
table       { font-size: 100%; width: 100%;}
pre         { font-size: 80%; }

/* -- heading -------------------------------------------------------------- */
h1 {
        font-size: 16pt;
        color: gray;
}
.heading {
    margin-top: 0ex;
    margin-bottom: 1ex;
}

.heading .attribute {
    margin-top: 1ex;
    margin-bottom: 0;
}

.heading .description {
    margin-top: 4ex;
    margin-bottom: 6ex;
}

/* -- css div popup -------------------------------------------------------- */
a.popup_link {
}

a.popup_link:hover {
    color: red;
}

.popup_window {
    display: none;
    overflow-x: scroll;
    /*border: solid #627173 1px; */
    padding: 10px;
    background-color: #E6E6D6;
    font-family: "Ubuntu Mono", "Lucida Console", "Courier New", monospace;
    text-align: left;
    font-size: 8pt;
}

}
/* -- report --------------------------------------------------------------- */
#show_detail_line {
    margin-top: 3ex;
    margin-bottom: 1ex;
}
#result_table {
    width: 100%;
    border-collapse: collapse;
    border: 1px solid #777;
}
#header_row {
    font-weight: bold;
    color: white;
    background-color: #777;
}
#result_table td {
    border: 1px solid #777;
    padding: 2px;
}
#total_row  { font-weight: bold; }
.passClass  { background-color: #6c6; }
.failClass  { background-color: #c60; }
.errorClass { background-color: #c00; }
.passCase   { color: #6c6; }
.failCase   { color: #c60; font-weight: bold; }
.errorCase  { color: #c00; font-weight: bold; }
.hiddenRow  { display: none; }
.testcase   { margin-left: 2em; }
td.testname {width: 40%}
td.small {width: 40px}

/* -- ending --------------------------------------------------------------- */
#ending {
}

</style>

</head>
<body>
<script language="javascript" type="text/javascript"><!--
output_list = Array();

/* level - 0:Summary; 1:Failed; 2:All */
function showCase(level) {
    trs = document.getElementsByTagName("tr");
    for (var i = 0; i < trs.length; i++) {
        tr = trs[i];
        id = tr.id;
        if (id.substr(0,2) == 'ft') {
            if (level < 1) {
                tr.className = 'hiddenRow';
            }
            else {
                tr.className = '';
            }
        }
        if (id.substr(0,2) == 'pt') {
            if (level > 1) {
                tr.className = '';
            }
            else {
                tr.className = 'hiddenRow';
            }
        }
    }
}


function showClassDetail(cid, count) {
    var id_list = Array(count);
    var toHide = 1;
    for (var i = 0; i < count; i++) {
        tid0 = 't' + cid.substr(1) + '.' + (i+1);
        tid = 'f' + tid0;
        tr = document.getElementById(tid);
        if (!tr) {
            tid = 'p' + tid0;
            tr = document.getElementById(tid);
        }
        id_list[i] = tid;
        if (tr.className) {
            toHide = 0;
        }
    }
    for (var i = 0; i < count; i++) {
        tid = id_list[i];
        if (toHide) {
            document.getElementById('div_'+tid).style.display = 'none'
            document.getElementById(tid).className = 'hiddenRow';
        }
        else {
            document.getElementById(tid).className = '';
        }
    }
}


function showTestDetail(div_id){
    var details_div = document.getElementById(div_id)
    var displayState = details_div.style.display
    // alert(displayState)
    if (displayState != 'block' ) {
        displayState = 'block'
        details_div.style.display = 'block'
    }
    else {
        details_div.style.display = 'none'
    }
}


function html_escape(s) {
    s = s.replace(/&/g,'&amp;');
    s = s.replace(/</g,'&lt;');
    s = s.replace(/>/g,'&gt;');
    return s;
}

/* obsoleted by detail in <div>
function showOutput(id, name) {
    var w = window.open("", //url
                    name,
                    "resizable,scrollbars,status,width=800,height=450");
    d = w.document;
    d.write("<pre>");
    d.write(html_escape(output_list[id]));
    d.write("\n");
    d.write("<a href='javascript:window.close()'>close</a>\n");
    d.write("</pre>\n");
    d.close();
}
*/
--></script>

<div class='heading'>
<h1>Unit Test Report</h1>

<p class='attribute'><strong>Status:</strong> Pass 7 Failure 1 Skip 1</p>

<p class='description'></p>
</div>



<p id='show_detail_line'>Show
<a href='javascript:showCase(0)'>Summary</a>
<a href='javascript:showCase(1)'>Failed</a>
<a href='javascript:showCase(2)'>All</a>
</p>
<table id='result_table'>
<colgroup>
<col align='left' />
<col align='right' />
<col align='right' />
<col align='right' />
<col align='right' />
<col align='right' />
<col align='right' />
<col align='right' />
</colgroup>
<tr id='header_row'>
    <td>Test Group/Test case</td>
    <td>Count</td>
    <td>Pass</td>
    <td>Fail</td>
    <td>Error</td>
    <td>Skip</td>
    <td>View</td>
    <td> </td>
</tr>

<tr class='failClass'>
    <td class="testname">tempest.scenario.test_network_basic_ops.TestNetworkBasicOps</td>
    <td class="small">9</td>
    <td class="small">7</td>
    <td class="small">1</td>
    <td class="small">0</td>
    <td class="small">1</td>
    <td class="small"><a href="javascript:showClassDetail('c1',9)"
>Detail</a></td>
    <td> </td>
</tr>

<tr id='pt1.1' class='hiddenRow'>
    <td class='none'><div class='testcase'>test_connectivity_between_vms_on_different_networks[compute,id-1546850e-fbaa-42f5-8b5f-03d8a6a95f15,network]</div></td>
    <td colspan='7' align='left'>

    <!--css div popup start-->
    <a class="popup_link" onfocus='this.blur();'
    href="javascript:showTestDetail('div_pt1.1')" >
        pass</a>

    <div id='div_pt1.1' class="popup_window">
        <div style='text-align: right; color:red;cursor:pointer'>
        <a onfocus='this.blur();'
onclick="document.getElementById('div_pt1.1').style.display = 'none' " >
           [x]</a>
        </div>
        <pre>
        
pt1.1: tempest.scenario.test_network_basic_ops.TestNetworkBasicOps.test_connectivity_between_vms_on_different_networks[compute,id-1546850e-fbaa-42f5-8b5f-03d8a6a95f15,network]

        </pre>
    </div>
    <!--css div popup end-->

    </td>
</tr>

<tr id='pt1.2' class='hiddenRow'>
    <td class='none'><div class='testcase'>test_hotplug_nic[compute,id-c5adff73-e961-41f1-b4a9-343614f18cfa,network]</div></td>
    <td colspan='7' align='left'>

    <!--css div popup start-->
    <a class="popup_link" onfocus='this.blur();'
    href="javascript:showTestDetail('div_pt1.2')" >
        pass</a>

    <div id='div_pt1.2' class="popup_window">
        <div style='text-align: right; color:red;cursor:pointer'>
        <a onfocus='this.blur();'
onclick="document.getElementById('div_pt1.2').style.display = 'none' " >
           [x]</a>
        </div>
        <pre>
        
pt1.2: tempest.scenario.test_network_basic_ops.TestNetworkBasicOps.test_hotplug_nic[compute,id-c5adff73-e961-41f1-b4a9-343614f18cfa,network]

        </pre>
    </div>
    <!--css div popup end-->

    </td>
</tr>

<tr id='pt1.3' class='hiddenRow'>
    <td class='none'><div class='testcase'>test_network_basic_ops[compute,id-f323b3ba-82f8-4db7-8ea6-6a895869ec49,network,smoke]</div></td>
    <td colspan='7' align='left'>

    <!--css div popup start-->
    <a class="popup_link" onfocus='this.blur();'
    href="javascript:showTestDetail('div_pt1.3')" >
        pass</a>

    <div id='div_pt1.3' class="popup_window">
        <div style='text-align: right; color:red;cursor:pointer'>
        <a onfocus='this.blur();'
onclick="document.getElementById('div_pt1.3').style.display = 'none' " >
           [x]</a>
        </div>
        <pre>
        
pt1.3: tempest.scenario.test_network_basic_ops.TestNetworkBasicOps.test_network_basic_ops[compute,id-f323b3ba-82f8-4db7-8ea6-6a895869ec49,network,smoke]

        </pre>
    </div>
    <!--css div popup end-->

    </td>
</tr>

<tr id='pt1.4' class='hiddenRow'>
    <td class='none'><div class='testcase'>test_port_security_macspoofing_port[compute,id-7c0bb1a2-d053-49a4-98f9-ca1a1d849f63,network]</div></td>
    <td colspan='7' align='left'>

    <!--css div popup start-->
    <a class="popup_link" onfocus='this.blur();'
    href="javascript:showTestDetail('div_pt1.4')" >
        pass</a>

    <div id='div_pt1.4' class="popup_window">
        <div style='text-align: right; color:red;cursor:pointer'>
        <a onfocus='this.blur();'
onclick="document.getElementById('div_pt1.4').style.display = 'none' " >
           [x]</a>
        </div>
        <pre>
        
pt1.4: tempest.scenario.test_network_basic_ops.TestNetworkBasicOps.test_port_security_macspoofing_port[compute,id-7c0bb1a2-d053-49a4-98f9-ca1a1d849f63,network]

        </pre>
    </div>
    <!--css div popup end-->

    </td>
</tr>

<tr id='pt1.5' class='hiddenRow'>
    <td class='none'><div class='testcase'>test_preserve_preexisting_port[compute,id-759462e1-8535-46b0-ab3a-33aa45c55aaa,network]</div></td>
    <td colspan='7' align='left'>

    <!--css div popup start-->
    <a class="popup_link" onfocus='this.blur();'
    href="javascript:showTestDetail('div_pt1.5')" >
        pass</a>

    <div id='div_pt1.5' class="popup_window">
        <div style='text-align: right; color:red;cursor:pointer'>
        <a onfocus='this.blur();'
onclick="document.getElementById('div_pt1.5').style.display = 'none' " >
           [x]</a>
        </div>
        <pre>
        
pt1.5: tempest.scenario.test_network_basic_ops.TestNetworkBasicOps.test_preserve_preexisting_port[compute,id-759462e1-8535-46b0-ab3a-33aa45c55aaa,network]

        </pre>
    </div>
    <!--css div popup end-->

    </td>
</tr>

<tr id='pt1.6' class='hiddenRow'>
    <td class='none'><div class='testcase'>test_router_rescheduling[compute,id-2e788c46-fb3f-4ac9-8f82-0561555bea73,network]</div></td>
    <td colspan='7' align='left'>

    <!--css div popup start-->
    <a class="popup_link" onfocus='this.blur();'
    href="javascript:showTestDetail('div_pt1.6')" >
        skip</a>

    <div id='div_pt1.6' class="popup_window">
        <div style='text-align: right; color:red;cursor:pointer'>
        <a onfocus='this.blur();'
onclick="document.getElementById('div_pt1.6').style.display = 'none' " >
           [x]</a>
        </div>
        <pre>
        
pt1.6: tempest.scenario.test_network_basic_ops.TestNetworkBasicOps.test_router_rescheduling[compute,id-2e788c46-fb3f-4ac9-8f82-0561555bea73,network]

        </pre>
    </div>
    <!--css div popup end-->

    </td>
</tr>

<tr id='pt1.7' class='hiddenRow'>
    <td class='none'><div class='testcase'>test_subnet_details[compute,id-d8bb918e-e2df-48b2-97cd-b73c95450980,network]</div></td>
    <td colspan='7' align='left'>

    <!--css div popup start-->
    <a class="popup_link" onfocus='this.blur();'
    href="javascript:showTestDetail('div_pt1.7')" >
        pass</a>

    <div id='div_pt1.7' class="popup_window">
        <div style='text-align: right; color:red;cursor:pointer'>
        <a onfocus='this.blur();'
onclick="document.getElementById('div_pt1.7').style.display = 'none' " >
           [x]</a>
        </div>
        <pre>
        
pt1.7: tempest.scenario.test_network_basic_ops.TestNetworkBasicOps.test_subnet_details[compute,id-d8bb918e-e2df-48b2-97cd-b73c95450980,network]

        </pre>
    </div>
    <!--css div popup end-->

    </td>
</tr>

<tr id='ft1.8' class='none'>
    <td class='failCase'><div class='testcase'>test_update_instance_port_admin_state[compute,id-f5dfcc22-45fd-409f-954c-5bd500d7890b,network]</div></td>
    <td colspan='7' align='left'>

    <!--css div popup start-->
    <a class="popup_link" onfocus='this.blur();'
    href="javascript:showTestDetail('div_ft1.8')" >
        fail</a>

    <div id='div_ft1.8' class="popup_window">
        <div style='text-align: right; color:red;cursor:pointer'>
        <a onfocus='this.blur();'
onclick="document.getElementById('div_ft1.8').style.display = 'none' " >
           [x]</a>
        </div>
        <pre>
        
ft1.8: tempest.scenario.test_network_basic_ops.TestNetworkBasicOps.test_update_instance_port_admin_state[compute,id-f5dfcc22-45fd-409f-954c-5bd500d7890b,network]_StringException: Empty attachments:
  stderr
  stdout

pythonlogging:'': {{{
2016-01-26 00:45:18,772 14284 INFO     [tempest_lib.common.rest_client] Request (TestNetworkBasicOps:test_update_instance_port_admin_state): 201 POST http://10.4.1.3:9696/v2.0/security-groups 0.276s
2016-01-26 00:45:18,773 14284 DEBUG    [tempest_lib.common.rest_client] Request - Headers: {'Content-Type': 'application/json', 'Accept': 'application/json', 'X-Auth-Token': '&lt;omitted&gt;'}
        Body: {"security_group": {"tenant_id": "cda321a8e9c044878ef36b7c87a0435b", "description": "tempest-secgroup-smoke-1378582208 description", "name": "tempest-secgroup-smoke-1378582208"}}
    Response - Headers: {'status': '201', 'content-length': '888', 'connection': 'close', 'date': 'Tue, 26 Jan 2016 00:45:18 GMT', 'content-type': 'application/json; charset=UTF-8', 'x-openstack-request-id': 'req-d1d102ab-bb09-4060-a415-d860a940c5d3'}
        Body: {"security_group": {"tenant_id": "cda321a8e9c044878ef36b7c87a0435b", "description": "tempest-secgroup-smoke-1378582208 description", "id": "f3a3dfd8-a3aa-4263-b1f7-42bb88a6b085", "security_group_rules": [{"remote_group_id": null, "direction": "egress", "remote_ip_prefix": null, "protocol": null, "ethertype": "IPv4", "tenant_id": "cda321a8e9c044878ef36b7c87a0435b", "port_range_max": null, "port_range_min": null, "id": "58d8ade4-5119-493c-b925-42c32a6ece12", "security_group_id": "f3a3dfd8-a3aa-4263-b1f7-42bb88a6b085"}, {"remote_group_id": null, "direction": "egress", "remote_ip_prefix": null, "protocol": null, "ethertype": "IPv6", "tenant_id": "cda321a8e9c044878ef36b7c87a0435b", "port_range_max": null, "port_range_min": null, "id": "41d7ba42-b2f6-43fb-a72b-efdf205fa2dd", "security_group_id": "f3a3dfd8-a3aa-4263-b1f7-42bb88a6b085"}], "name": "tempest-secgroup-smoke-1378582208"}}
2016-01-26 00:45:19,049 14284 INFO     [tempest_lib.common.rest_client] Request (TestNetworkBasicOps:test_update_instance_port_admin_state): 201 POST http://10.4.1.3:9696/v2.0/security-group-rules 0.274s
2016-01-26 00:45:19,050 14284 DEBUG    [tempest_lib.common.rest_client] Request - Headers: {'Content-Type': 'application/json', 'Accept': 'application/json', 'X-Auth-Token': '&lt;omitted&gt;'}
        Body: {"security_group_rule": {"direction": "ingress", "protocol": "tcp", "tenant_id": "cda321a8e9c044878ef36b7c87a0435b", "port_range_max": 22, "security_group_id": "f3a3dfd8-a3aa-4263-b1f7-42bb88a6b085", "port_range_min": 22}}
    Response - Headers: {'status': '201', 'content-length': '340', 'connection': 'close', 'date': 'Tue, 26 Jan 2016 00:45:19 GMT', 'content-type': 'application/json; charset=UTF-8', 'x-openstack-request-id': 'req-eab1e97c-0c6c-4308-8cc8-d5e7965b5067'}
        Body: {"security_group_rule": {"remote_group_id": null, "direction": "ingress", "remote_ip_prefix": null, "protocol": "tcp", "ethertype": "IPv4", "tenant_id": "cda321a8e9c044878ef36b7c87a0435b", "port_range_max": 22, "port_range_min": 22, "id": "976a12ec-0368-4b3c-8550-c07e84101641", "security_group_id": "f3a3dfd8-a3aa-4263-b1f7-42bb88a6b085"}}
2016-01-26 00:45:19,327 14284 INFO     [tempest_lib.common.rest_client] Request (TestNetworkBasicOps:test_update_instance_port_admin_state): 201 POST http://10.4.1.3:9696/v2.0/security-group-rules 0.276s
2016-01-26 00:45:19,328 14284 DEBUG    [tempest_lib.common.rest_client] Request - Headers: {'Content-Type': 'application/json', 'Accept': 'application/json', 'X-Auth-Token': '&lt;omitted&gt;'}
        Body: {"security_group_rule": {"direction": "egress", "protocol": "tcp", "tenant_id": "cda321a8e9c044878ef36b7c87a0435b", "port_range_max": 22, "security_group_id": "f3a3dfd8-a3aa-4263-b1f7-42bb88a6b085", "port_range_min": 22}}
    Response - Headers: {'status': '201', 'content-length': '339', 'connection': 'close', 'date': 'Tue, 26 Jan 2016 00:45:19 GMT', 'content-type': 'application/json; charset=UTF-8', 'x-openstack-request-id': 'req-c1ec0fd2-69f4-4f60-86b0-9e9be9f9c15e'}
        Body: {"security_group_rule": {"remote_group_id": null, "direction": "egress", "remote_ip_prefix": null, "protocol": "tcp", "ethertype": "IPv4", "tenant_id": "cda321a8e9c044878ef36b7c87a0435b", "port_range_max": 22, "port_range_min": 22, "id": "bc1d9367-5cdf-4a42-846e-7bd159b92e44", "security_group_id": "f3a3dfd8-a3aa-4263-b1f7-42bb88a6b085"}}
2016-01-26 00:45:19,620 14284 INFO     [tempest_lib.common.rest_client] Request (TestNetworkBasicOps:test_update_instance_port_admin_state): 201 POST http://10.4.1.3:9696/v2.0/security-group-rules 0.291s
2016-01-26 00:45:19,621 14284 DEBUG    [tempest_lib.common.rest_client] Request - Headers: {'Content-Type': 'application/json', 'Accept': 'application/json', 'X-Auth-Token': '&lt;omitted&gt;'}
        Body: {"security_group_rule": {"tenant_id": "cda321a8e9c044878ef36b7c87a0435b", "direction": "ingress", "protocol": "icmp", "security_group_id": "f3a3dfd8-a3aa-4263-b1f7-42bb88a6b085"}}
    Response - Headers: {'status': '201', 'content-length': '345', 'connection': 'close', 'date': 'Tue, 26 Jan 2016 00:45:19 GMT', 'content-type': 'application/json; charset=UTF-8', 'x-openstack-request-id': 'req-f17c4a68-0325-4114-8781-3618f39ca413'}
        Body: {"security_group_rule": {"remote_group_id": null, "direction": "ingress", "remote_ip_prefix": null, "protocol": "icmp", "ethertype": "IPv4", "tenant_id": "cda321a8e9c044878ef36b7c87a0435b", "port_range_max": null, "port_range_min": null, "id": "4a5d0ddc-9398-4b24-9b83-f4a724ba233f", "security_group_id": "f3a3dfd8-a3aa-4263-b1f7-42bb88a6b085"}}
2016-01-26 00:45:19,892 14284 INFO     [tempest_lib.common.rest_client] Request (TestNetworkBasicOps:test_update_instance_port_admin_state): 201 POST http://10.4.1.3:9696/v2.0/security-group-rules 0.270s
2016-01-26 00:45:19,892 14284 DEBUG    [tempest_lib.common.rest_client] Request - Headers: {'Content-Type': 'application/json', 'Accept': 'application/json', 'X-Auth-Token': '&lt;omitted&gt;'}
        Body: {"security_group_rule": {"tenant_id": "cda321a8e9c044878ef36b7c87a0435b", "direction": "egress", "protocol": "icmp", "security_group_id": "f3a3dfd8-a3aa-4263-b1f7-42bb88a6b085"}}
    Response - Headers: {'status': '201', 'content-length': '344', 'connection': 'close', 'date': 'Tue, 26 Jan 2016 00:45:19 GMT', 'content-type': 'application/json; charset=UTF-8', 'x-openstack-request-id': 'req-f65f0b11-f8cd-48f6-a629-2c1391968eaf'}
        Body: {"security_group_rule": {"remote_group_id": null, "direction": "egress", "remote_ip_prefix": null, "protocol": "icmp", "ethertype": "IPv4", "tenant_id": "cda321a8e9c044878ef36b7c87a0435b", "port_range_max": null, "port_range_min": null, "id": "b7e96d55-0047-419b-a011-115551b2d4e8", "security_group_id": "f3a3dfd8-a3aa-4263-b1f7-42bb88a6b085"}}
2016-01-26 00:45:20,126 14284 INFO     [tempest_lib.common.rest_client] Request (TestNetworkBasicOps:test_update_instance_port_admin_state): 201 POST http://10.4.1.3:9696/v2.0/security-group-rules 0.232s
2016-01-26 00:45:20,126 14284 DEBUG    [tempest_lib.common.rest_client] Request - Headers: {'Content-Type': 'application/json', 'Accept': 'application/json', 'X-Auth-Token': '&lt;omitted&gt;'}
        Body: {"security_group_rule": {"tenant_id": "cda321a8e9c044878ef36b7c87a0435b", "direction": "ingress", "security_group_id": "f3a3dfd8-a3aa-4263-b1f7-42bb88a6b085", "protocol": "icmp", "ethertype": "IPv6"}}
    Response - Headers: {'status': '201', 'content-length': '345', 'connection': 'close', 'date': 'Tue, 26 Jan 2016 00:45:20 GMT', 'content-type': 'application/json; charset=UTF-8', 'x-openstack-request-id': 'req-0857a149-b9dd-4a75-8b0e-4b5dab7640b1'}
        Body: {"security_group_rule": {"remote_group_id": null, "direction": "ingress", "remote_ip_prefix": null, "protocol": "icmp", "ethertype": "IPv6", "tenant_id": "cda321a8e9c044878ef36b7c87a0435b", "port_range_max": null, "port_range_min": null, "id": "b6c2b763-211b-4d38-ac9a-00eef5b3a5aa", "security_group_id": "f3a3dfd8-a3aa-4263-b1f7-42bb88a6b085"}}
2016-01-26 00:45:20,413 14284 INFO     [tempest_lib.common.rest_client] Request (TestNetworkBasicOps:test_update_instance_port_admin_state): 201 POST http://10.4.1.3:9696/v2.0/security-group-rules 0.286s
2016-01-26 00:45:20,413 14284 DEBUG    [tempest_lib.common.rest_client] Request - Headers: {'Content-Type': 'application/json', 'Accept': 'application/json', 'X-Auth-Token': '&lt;omitted&gt;'}
        Body: {"security_group_rule": {"tenant_id": "cda321a8e9c044878ef36b7c87a0435b", "direction": "egress", "security_group_id": "f3a3dfd8-a3aa-4263-b1f7-42bb88a6b085", "protocol": "icmp", "ethertype": "IPv6"}}
    Response - Headers: {'status': '201', 'content-length': '344', 'connection': 'close', 'date': 'Tue, 26 Jan 2016 00:45:20 GMT', 'content-type': 'application/json; charset=UTF-8', 'x-openstack-request-id': 'req-a8e3a87b-9284-48e2-acbc-76b55a169168'}
        Body: {"security_group_rule": {"remote_group_id": null, "direction": "egress", "remote_ip_prefix": null, "protocol": "icmp", "ethertype": "IPv6", "tenant_id": "cda321a8e9c044878ef36b7c87a0435b", "port_range_max": null, "port_range_min": null, "id": "d8b3b2a9-7876-461a-bfae-e9de0f01b478", "security_group_id": "f3a3dfd8-a3aa-4263-b1f7-42bb88a6b085"}}
2016-01-26 00:45:20,804 14284 INFO     [tempest_lib.common.rest_client] Request (TestNetworkBasicOps:test_update_instance_port_admin_state): 201 POST http://10.4.1.3:9696/v2.0/networks 0.389s
2016-01-26 00:45:20,805 14284 DEBUG    [tempest_lib.common.rest_client] Request - Headers: {'Content-Type': 'application/json', 'Accept': 'application/json', 'X-Auth-Token': '&lt;omitted&gt;'}
        Body: {"network": {"tenant_id": "cda321a8e9c044878ef36b7c87a0435b", "name": "tempest-network-smoke--1076796384"}}
    Response - Headers: {'status': '201', 'content-length': '330', 'connection': 'close', 'date': 'Tue, 26 Jan 2016 00:45:20 GMT', 'content-type': 'application/json; charset=UTF-8', 'x-openstack-request-id': 'req-a5f96b3c-f62d-4cd4-823f-ac96572ca56c'}
        Body: {"network": {"status": "ACTIVE", "subnets": [], "availability_zone_hints": [], "name": "tempest-network-smoke--1076796384", "admin_state_up": true, "tenant_id": "cda321a8e9c044878ef36b7c87a0435b", "mtu": 1450, "router:external": false, "shared": false, "port_security_enabled": true, "id": "663b725e-4c42-40cf-bd69-9728ba856bbd"}}
2016-01-26 00:45:21,050 14284 INFO     [tempest_lib.common.rest_client] Request (TestNetworkBasicOps:test_update_instance_port_admin_state): 201 POST http://10.4.1.3:9696/v2.0/routers 0.244s
2016-01-26 00:45:21,051 14284 DEBUG    [tempest_lib.common.rest_client] Request - Headers: {'Content-Type': 'application/json', 'Accept': 'application/json', 'X-Auth-Token': '&lt;omitted&gt;'}
        Body: {"router": {"tenant_id": "cda321a8e9c044878ef36b7c87a0435b", "name": "tempest-router-smoke-289154383", "admin_state_up": true}}
    Response - Headers: {'status': '201', 'content-length': '295', 'connection': 'close', 'date': 'Tue, 26 Jan 2016 00:45:21 GMT', 'content-type': 'application/json; charset=UTF-8', 'x-openstack-request-id': 'req-8d3ca0c7-e7c2-427d-9b5d-a0bf972aedba'}
        Body: {"router": {"status": "ACTIVE", "external_gateway_info": null, "availability_zone_hints": [], "availability_zones": [], "name": "tempest-router-smoke-289154383", "admin_state_up": true, "tenant_id": "cda321a8e9c044878ef36b7c87a0435b", "routes": [], "id": "f108343c-2a6f-4190-b933-f01f1611cc7c"}}
2016-01-26 00:45:21,282 14284 INFO     [tempest_lib.common.rest_client] Request (TestNetworkBasicOps:test_update_instance_port_admin_state): 200 GET http://10.4.1.3:9696/v2.0/routers/f108343c-2a6f-4190-b933-f01f1611cc7c 0.229s
2016-01-26 00:45:21,282 14284 DEBUG    [tempest_lib.common.rest_client] Request - Headers: {'Content-Type': 'application/json', 'Accept': 'application/json', 'X-Auth-Token': '&lt;omitted&gt;'}
        Body: None
    Response - Headers: {'status': '200', 'content-length': '295', 'content-location': 'http://10.4.1.3:9696/v2.0/routers/f108343c-2a6f-4190-b933-f01f1611cc7c', 'connection': 'close', 'date': 'Tue, 26 Jan 2016 00:45:21 GMT', 'content-type': 'application/json; charset=UTF-8', 'x-openstack-request-id': 'req-9730d57a-bb3a-4b42-9c0c-5797bb38cc68'}
        Body: {"router": {"status": "ACTIVE", "external_gateway_info": null, "availability_zone_hints": [], "availability_zones": [], "name": "tempest-router-smoke-289154383", "admin_state_up": true, "tenant_id": "cda321a8e9c044878ef36b7c87a0435b", "routes": [], "id": "f108343c-2a6f-4190-b933-f01f1611cc7c"}}
2016-01-26 00:45:22,332 14284 INFO     [tempest_lib.common.rest_client] Request (TestNetworkBasicOps:test_update_instance_port_admin_state): 200 PUT http://10.4.1.3:9696/v2.0/routers/f108343c-2a6f-4190-b933-f01f1611cc7c 1.048s
2016-01-26 00:45:22,332 14284 DEBUG    [tempest_lib.common.rest_client] Request - Headers: {'Content-Type': 'application/json', 'Accept': 'application/json', 'X-Auth-Token': '&lt;omitted&gt;'}
        Body: {"router": {"external_gateway_info": {"network_id": "001391e5-8248-4358-bfa4-9f13947dc3bc"}, "name": "tempest-router-smoke-289154383", "admin_state_up": true}}
    Response - Headers: {'status': '200', 'content-length': '559', 'connection': 'close', 'date': 'Tue, 26 Jan 2016 00:45:22 GMT', 'content-type': 'application/json; charset=UTF-8', 'x-openstack-request-id': 'req-e952882e-ebaa-4b51-bc35-513d37d67e04'}
        Body: {"router": {"status": "ACTIVE", "external_gateway_info": {"network_id": "001391e5-8248-4358-bfa4-9f13947dc3bc", "enable_snat": true, "external_fixed_ips": [{"subnet_id": "32ae47b7-347a-418f-ba92-1547c9a86a75", "ip_address": "172.24.4.15"}, {"subnet_id": "db31261e-b9c5-4d1a-80b6-2c18ad917e16", "ip_address": "2001:db8::10"}]}, "availability_zone_hints": [], "availability_zones": [], "name": "tempest-router-smoke-289154383", "admin_state_up": true, "tenant_id": "cda321a8e9c044878ef36b7c87a0435b", "routes": [], "id": "f108343c-2a6f-4190-b933-f01f1611cc7c"}}
2016-01-26 00:45:22,560 14284 INFO     [tempest_lib.common.rest_client] Request (TestNetworkBasicOps:test_update_instance_port_admin_state): 200 GET http://10.4.1.3:9696/v2.0/subnets?tenant_id=cda321a8e9c044878ef36b7c87a0435b&amp;cidr=10.100.0.0%2F28 0.227s
2016-01-26 00:45:22,561 14284 DEBUG    [tempest_lib.common.rest_client] Request - Headers: {'Content-Type': 'application/json', 'Accept': 'application/json', 'X-Auth-Token': '&lt;omitted&gt;'}
        Body: None
    Response - Headers: {'status': '200', 'content-length': '15', 'content-location': 'http://10.4.1.3:9696/v2.0/subnets?tenant_id=cda321a8e9c044878ef36b7c87a0435b&amp;cidr=10.100.0.0%2F28', 'connection': 'close', 'date': 'Tue, 26 Jan 2016 00:45:22 GMT', 'content-type': 'application/json; charset=UTF-8', 'x-openstack-request-id': 'req-bf18a583-6a82-4438-9c23-7bb824320227'}
        Body: {"subnets": []}
2016-01-26 00:45:23,143 14284 INFO     [tempest_lib.common.rest_client] Request (TestNetworkBasicOps:test_update_instance_port_admin_state): 201 POST http://10.4.1.3:9696/v2.0/subnets 0.582s
2016-01-26 00:45:23,144 14284 DEBUG    [tempest_lib.common.rest_client] Request - Headers: {'Content-Type': 'application/json', 'Accept': 'application/json', 'X-Auth-Token': '&lt;omitted&gt;'}
        Body: {"subnet": {"ip_version": 4, "tenant_id": "cda321a8e9c044878ef36b7c87a0435b", "cidr": "10.100.0.0/28", "network_id": "663b725e-4c42-40cf-bd69-9728ba856bbd", "name": "tempest-subnet-smoke-2095127750"}}
    Response - Headers: {'status': '201', 'content-length': '478', 'connection': 'close', 'date': 'Tue, 26 Jan 2016 00:45:23 GMT', 'content-type': 'application/json; charset=UTF-8', 'x-openstack-request-id': 'req-f503d0af-6c9f-42ed-b02d-ff6395e63538'}
        Body: {"subnet": {"name": "tempest-subnet-smoke-2095127750", "enable_dhcp": true, "network_id": "663b725e-4c42-40cf-bd69-9728ba856bbd", "tenant_id": "cda321a8e9c044878ef36b7c87a0435b", "dns_nameservers": [], "gateway_ip": "10.100.0.1", "ipv6_ra_mode": null, "allocation_pools": [{"start": "10.100.0.2", "end": "10.100.0.14"}], "host_routes": [], "ip_version": 4, "ipv6_address_mode": null, "cidr": "10.100.0.0/28", "id": "e4558590-7dce-4419-9e3b-8909bd98bae6", "subnetpool_id": null}}
2016-01-26 00:45:24,207 14284 INFO     [tempest_lib.common.rest_client] Request (TestNetworkBasicOps:test_update_instance_port_admin_state): 200 PUT http://10.4.1.3:9696/v2.0/routers/f108343c-2a6f-4190-b933-f01f1611cc7c/add_router_interface 1.063s
2016-01-26 00:45:24,208 14284 DEBUG    [tempest_lib.common.rest_client] Request - Headers: {'Content-Type': 'application/json', 'Accept': 'application/json', 'X-Auth-Token': '&lt;omitted&gt;'}
        Body: {"subnet_id": "e4558590-7dce-4419-9e3b-8909bd98bae6"}
    Response - Headers: {'status': '200', 'content-length': '255', 'connection': 'close', 'date': 'Tue, 26 Jan 2016 00:45:24 GMT', 'content-type': 'application/json; charset=UTF-8', 'x-openstack-request-id': 'req-827159bf-99d2-4fe8-8730-b2e7746ddb70'}
        Body: {"subnet_id": "e4558590-7dce-4419-9e3b-8909bd98bae6", "tenant_id": "cda321a8e9c044878ef36b7c87a0435b", "subnet_ids": ["e4558590-7dce-4419-9e3b-8909bd98bae6"], "port_id": "e45d2a27-ffa6-4e85-867e-9c2d73837a13", "id": "f108343c-2a6f-4190-b933-f01f1611cc7c"}
2016-01-26 00:45:24,456 14284 INFO     [tempest_lib.common.rest_client] Request (TestNetworkBasicOps:test_update_instance_port_admin_state): 200 GET http://10.4.1.3:9696/v2.0/networks 0.247s
2016-01-26 00:45:24,457 14284 DEBUG    [tempest_lib.common.rest_client] Request - Headers: {'Content-Type': 'application/json', 'Accept': 'application/json', 'X-Auth-Token': '&lt;omitted&gt;'}
        Body: None
    Response - Headers: {'status': '200', 'content-length': '1516', 'content-location': 'http://10.4.1.3:9696/v2.0/networks', 'connection': 'close', 'date': 'Tue, 26 Jan 2016 00:45:24 GMT', 'content-type': 'application/json; charset=UTF-8', 'x-openstack-request-id': 'req-271a0956-5f17-46c1-9c78-b03bc63f8345'}
        Body: {"networks": [{"status": "ACTIVE", "subnets": ["db31261e-b9c5-4d1a-80b6-2c18ad917e16", "32ae47b7-347a-418f-ba92-1547c9a86a75"], "availability_zone_hints": [], "availability_zones": ["nova"], "name": "public", "provider:physical_network": null, "admin_state_up": true, "tenant_id": "2f99b97f9b0d47bf889decf64fb329e5", "mtu": 1450, "router:external": true, "shared": false, "port_security_enabled": true, "provider:network_type": "vxlan", "id": "001391e5-8248-4358-bfa4-9f13947dc3bc", "provider:segmentation_id": 1044}, {"status": "ACTIVE", "subnets": ["e4558590-7dce-4419-9e3b-8909bd98bae6"], "availability_zone_hints": [], "availability_zones": ["nova"], "name": "tempest-network-smoke--1076796384", "provider:physical_network": null, "admin_state_up": true, "tenant_id": "cda321a8e9c044878ef36b7c87a0435b", "mtu": 1450, "router:external": false, "shared": false, "port_security_enabled": true, "provider:network_type": "vxlan", "id": "663b725e-4c42-40cf-bd69-9728ba856bbd", "provider:segmentation_id": 1070}, {"status": "ACTIVE", "subnets": ["bb1a5c60-caa8-4266-93f1-da832f726df2", "bf138128-fbf2-441d-ae19-f1405c45c0ba"], "availability_zone_hints": [], "availability_zones": ["nova"], "name": "private", "provider:physical_network": null, "admin_state_up": true, "tenant_id": "9138cbeb5e3349dcbe02935614114944", "mtu": 1450, "router:external": false, "shared": false, "port_security_enabled": true, "provider:network_type": "vxlan", "id": "a0758a63-9756-468b-8eba-782ce25c273d", "provider:segmentation_id": 1057}]}
2016-01-26 00:45:24,708 14284 INFO     [tempest_lib.common.rest_client] Request (TestNetworkBasicOps:test_update_instance_port_admin_state): 200 GET http://10.4.1.3:9696/v2.0/subnets 0.249s
2016-01-26 00:45:24,708 14284 DEBUG    [tempest_lib.common.rest_client] Request - Headers: {'Content-Type': 'application/json', 'Accept': 'application/json', 'X-Auth-Token': '&lt;omitted&gt;'}
        Body: None
    Response - Headers: {'status': '200', 'content-length': '2408', 'content-location': 'http://10.4.1.3:9696/v2.0/subnets', 'connection': 'close', 'date': 'Tue, 26 Jan 2016 00:45:24 GMT', 'content-type': 'application/json; charset=UTF-8', 'x-openstack-request-id': 'req-6301713f-e5f2-4e5b-99f9-5a77dec2a4e3'}
        Body: {"subnets": [{"name": "private-subnet", "enable_dhcp": true, "network_id": "a0758a63-9756-468b-8eba-782ce25c273d", "tenant_id": "9138cbeb5e3349dcbe02935614114944", "dns_nameservers": [], "gateway_ip": "10.0.0.1", "ipv6_ra_mode": null, "allocation_pools": [{"start": "10.0.0.2", "end": "10.0.0.254"}], "host_routes": [], "ip_version": 4, "ipv6_address_mode": null, "cidr": "10.0.0.0/24", "id": "bf138128-fbf2-441d-ae19-f1405c45c0ba", "subnetpool_id": null}, {"name": "ipv6-public-subnet", "enable_dhcp": false, "network_id": "001391e5-8248-4358-bfa4-9f13947dc3bc", "tenant_id": "2f99b97f9b0d47bf889decf64fb329e5", "dns_nameservers": [], "gateway_ip": "2001:db8::2", "ipv6_ra_mode": null, "allocation_pools": [{"start": "2001:db8::3", "end": "2001:db8::ffff:ffff:ffff:ffff"}, {"start": "2001:db8::1", "end": "2001:db8::1"}], "host_routes": [], "ip_version": 6, "ipv6_address_mode": null, "cidr": "2001:db8::/64", "id": "db31261e-b9c5-4d1a-80b6-2c18ad917e16", "subnetpool_id": null}, {"name": "tempest-subnet-smoke-2095127750", "enable_dhcp": true, "network_id": "663b725e-4c42-40cf-bd69-9728ba856bbd", "tenant_id": "cda321a8e9c044878ef36b7c87a0435b", "dns_nameservers": [], "gateway_ip": "10.100.0.1", "ipv6_ra_mode": null, "allocation_pools": [{"start": "10.100.0.2", "end": "10.100.0.14"}], "host_routes": [], "ip_version": 4, "ipv6_address_mode": null, "cidr": "10.100.0.0/28", "id": "e4558590-7dce-4419-9e3b-8909bd98bae6", "subnetpool_id": null}, {"name": "public-subnet", "enable_dhcp": false, "network_id": "001391e5-8248-4358-bfa4-9f13947dc3bc", "tenant_id": "2f99b97f9b0d47bf889decf64fb329e5", "dns_nameservers": [], "gateway_ip": "172.24.4.1", "ipv6_ra_mode": null, "allocation_pools": [{"start": "172.24.4.2", "end": "172.24.4.254"}], "host_routes": [], "ip_version": 4, "ipv6_address_mode": null, "cidr": "172.24.4.0/24", "id": "32ae47b7-347a-418f-ba92-1547c9a86a75", "subnetpool_id": null}, {"name": "ipv6-private-subnet", "enable_dhcp": true, "network_id": "a0758a63-9756-468b-8eba-782ce25c273d", "tenant_id": "9138cbeb5e3349dcbe02935614114944", "dns_nameservers": [], "gateway_ip": "fdcb:ff7e:861b::1", "ipv6_ra_mode": "slaac", "allocation_pools": [{"start": "fdcb:ff7e:861b::2", "end": "fdcb:ff7e:861b:0:ffff:ffff:ffff:ffff"}], "host_routes": [], "ip_version": 6, "ipv6_address_mode": "slaac", "cidr": "fdcb:ff7e:861b::/64", "id": "bb1a5c60-caa8-4266-93f1-da832f726df2", "subnetpool_id": null}]}
2016-01-26 00:45:24,910 14284 INFO     [tempest_lib.common.rest_client] Request (TestNetworkBasicOps:test_update_instance_port_admin_state): 200 GET http://10.4.1.3:9696/v2.0/routers 0.200s
2016-01-26 00:45:24,910 14284 DEBUG    [tempest_lib.common.rest_client] Request - Headers: {'Content-Type': 'application/json', 'Accept': 'application/json', 'X-Auth-Token': '&lt;omitted&gt;'}
        Body: None
    Response - Headers: {'status': '200', 'content-length': '1168', 'content-location': 'http://10.4.1.3:9696/v2.0/routers', 'connection': 'close', 'date': 'Tue, 26 Jan 2016 00:45:24 GMT', 'content-type': 'application/json; charset=UTF-8', 'x-openstack-request-id': 'req-ac8a646f-412a-4c0e-93de-01f904661b31'}
        Body: {"routers": [{"status": "ACTIVE", "external_gateway_info": {"network_id": "001391e5-8248-4358-bfa4-9f13947dc3bc", "enable_snat": true, "external_fixed_ips": [{"subnet_id": "32ae47b7-347a-418f-ba92-1547c9a86a75", "ip_address": "172.24.4.2"}, {"subnet_id": "db31261e-b9c5-4d1a-80b6-2c18ad917e16", "ip_address": "2001:db8::3"}]}, "availability_zone_hints": [], "availability_zones": ["nova"], "name": "router1", "admin_state_up": true, "tenant_id": "9138cbeb5e3349dcbe02935614114944", "distributed": false, "routes": [], "ha": false, "id": "d533adb3-e6de-4f81-8b2c-e2392fc2fa30"}, {"status": "ACTIVE", "external_gateway_info": {"network_id": "001391e5-8248-4358-bfa4-9f13947dc3bc", "enable_snat": true, "external_fixed_ips": [{"subnet_id": "32ae47b7-347a-418f-ba92-1547c9a86a75", "ip_address": "172.24.4.15"}, {"subnet_id": "db31261e-b9c5-4d1a-80b6-2c18ad917e16", "ip_address": "2001:db8::10"}]}, "availability_zone_hints": [], "availability_zones": ["nova"], "name": "tempest-router-smoke-289154383", "admin_state_up": true, "tenant_id": "cda321a8e9c044878ef36b7c87a0435b", "distributed": false, "routes": [], "ha": false, "id": "f108343c-2a6f-4190-b933-f01f1611cc7c"}]}
2016-01-26 00:45:25,351 14284 INFO     [tempest_lib.common.rest_client] Request (TestNetworkBasicOps:test_update_instance_port_admin_state): 200 POST http://10.4.1.3:8774/v2.1/cda321a8e9c044878ef36b7c87a0435b/os-keypairs 0.439s
2016-01-26 00:45:25,352 14284 DEBUG    [tempest_lib.common.rest_client] Request - Headers: {'Content-Type': 'application/json', 'Accept': 'application/json', 'X-Auth-Token': '&lt;omitted&gt;'}
        Body: {"keypair": {"name": "tempest-TestNetworkBasicOps-760664436"}}
    Response - Headers: {'status': '200', 'content-length': '2320', 'x-compute-request-id': 'req-4e4c0599-64aa-40a8-84cd-4f4b838141c0', 'vary': 'X-OpenStack-Nova-API-Version', 'connection': 'close', 'x-openstack-nova-api-version': '2.1', 'date': 'Tue, 26 Jan 2016 00:45:25 GMT', 'content-type': 'application/json'}
        Body: {"keypair": {"public_key": "ssh-rsa AAAAB3NzaC1yc2EAAAADAQABAAABAQC1NBaxvsZkfwz+HpOPKBTt0webWokL9ZeeDW73/HPXiiAP1p6QBZ8qcnojjKLfZkNl3G0i8bBqp4+dZu4k8+EQ3E7NH5fAdcqUuvWh27NLoOG3qczTcU0804OPQqbE6w60jk7FOA8HUCID9+mQ6IsLuNkdlqxQIQW9bwUXuyo0ccpKJFRMVGcKNG3TIjeVTZTYpob0elKAuJwn5jHKTXlZ7oPDj1qXSTdxpC+ZZKTNbAfG299hlm6VTphQ0pVSLSjfRVPq8D/t4YpYWu/KRnFHruYXJYbyQHbVyoDO3kb/vnIco4qbJse0+Bym55TcvIEPGT+r6oSGffYn0HAYni6b Generated-by-Nova", "private_key": "-----BEGIN RSA PRIVATE KEY-----\nMIIEqAIBAAKCAQEAtTQWsb7GZH8M/h6TjygU7dMHm1qJC/WXng1u9/xz14ogD9ae\nkAWfKnJ6I4yi32ZDZdxtIvGwaqePnWbuJPPhENxOzR+XwHXKlLr1oduzS6Dht6nM\n03FNPNODj0KmxOsOtI5OxTgPB1AiA/fpkOiLC7jZHZasUCEFvW8FF7sqNHHKSiRU\nTFRnCjRt0yI3lU2U2KaG9HpSgLicJ+Yxyk15We6Dw49al0k3caQvmWSkzWwHxtvf\nYZZulU6YUNKVUi0o30VT6vA/7eGKWFrvykZxR67mFyWG8kB21cqAzt5G/75yHKOK\nmybHtPgcpueU3LyBDxk/q+qEhn32J9BwGJ4umwIDAQABAoIBAHfkSQe99EJWFeCl\nlnhnysE4mZXep0K0cmbu+Hc4H+WCzIfuNueP8KoDKHERAkrRvNJOsB8oztMintFE\nY1kry8R+H910g9GhnjIeKZu4Y78saWw9+voDw1j1kdxd+z3bUNWCOvgeiUMLcBY0\nF+P7GNTerzj2knhKASQ/qpzzB4++hVYCP42b4/LUktc3d5AazX+3zs9tVOZtPCpL\nyRC6YPvonH/I8KG2QCpk2yEJvounG9Wl0ZWcJVIK1ufZ3IfEKoyNZLqKngOe20/i\n4oET6RBqTRzCJTkPqERXz8kHTchWkDRA4V1ZQ82T00Si/eEJGKmQPmIarGqBV9EL\n7ees1UECggCBANV55kOPQUgGqSITX1Xp5W1/1w/SwaYatY2MUVCrjMBSGrRd27Ox\nuGlTasqqNopT7sCB1ZcLntC1Lp6sy/gT2FC59I8LCyjQv0WmSg2v2aiT7+Azhj1s\nJjQ9g+7KaVIVJ04NwvEO4pQPZ0WXBhimXMGltDrMfW1SshmKJSOJbcbrAoIAgQDZ\nTHXn7rSIhaYQy4scGJDSQirmbDDfYpA2jjc2ssmjojCvpPVPt7Mnc0qu8d33xpI9\nZ+T0Tf+s//gPWcyEys1QrFjlmwZxgtzepm8wIL1Slsw6Bm9xah0J9DJ5H0DtgNn9\n/FVCyNXmgL16wm7y3dXHKlY5di3SlOEvMh2OKh+rEQKCAIEApVKsMvIEeoU+ArfC\nA0UKesygfw6XDc5tf9uFNdZFQMPVDo4JkZY23MrPT3iWmHX71nY2Na24JqXKHvRv\nWgX0ZkA813KUB93x4zyu6P6gr98xzA3bDkJtK9PgEtQK0Ji1QcuChzEh48wyDECz\nZe+gsg9kDo1DLaD3cLP9oxHRRFUCggCADvk51rWYMyAihV3BRDpdIF/23NHvvDTq\ngxfhrh87zc7LVA8l6ExcSAelydBY304LnbefC0akq6Mn0Mb7VNs0sq5tocTA+Olv\nltgZKVPYN+y0PftbipEpVxpAsB/7NWJ/owTUSznTo4KTi/YB9zJaHNNKBcOi/LPN\noJbvenBkpkECggCAGn3fgE/BdGTfarLwzBhT/3GyLy2JUnkfysTuK3qDXEtITlL8\n00nBsyPe4BiNF41QccnyAL7SeYSmj5g89CKGVdXAiHEI+Rm1tIsMCIjIOjd2DRqy\nvAJZ1M8yXw9n5NfI/92GChyHMZyTT4dWSQrwOJw5/vK5w1E5N7byTdOQ/s0=\n-----END RSA PRIVATE KEY-----\n", "user_id": "26c2c7ee50e04bce81f25ed0dbc02a08", "name": "tempest-TestNetworkBasicOps-760664436", "fingerprint": "f9:49:b5:21:94:25:15:af:f8:18:ea:ba:61:36:f3:91"}}
2016-01-26 00:45:25,473 14284 INFO     [tempest_lib.common.rest_client] Request (TestNetworkBasicOps:test_update_instance_port_admin_state): 200 POST http://10.4.1.3:5000/v2.0/tokens
2016-01-26 00:45:25,473 14284 DEBUG    [tempest_lib.common.rest_client] Request - Headers: {'Content-Type': 'application/json', 'Accept': 'application/json'}
        Body: &lt;omitted&gt;
    Response - Headers: {'status': '200', 'content-length': '2258', 'vary': 'X-Auth-Token', 'server': 'Apache/2.4.7 (Ubuntu)', 'connection': 'close', 'date': 'Tue, 26 Jan 2016 00:45:25 GMT', 'content-type': 'application/json', 'x-openstack-request-id': 'req-b715d22f-2c90-4eff-bafa-cd2288e753d0'}
        Body: {"access": {"token": {"issued_at": "2016-01-26T00:45:25.462784", "expires": "2016-01-26T01:45:25Z", "id": "e2d87f24dc6a4da0999f2f0747216fa3", "tenant": {"description": "tempest-TestNetworkBasicOps-1754582163-desc", "enabled": true, "id": "cda321a8e9c044878ef36b7c87a0435b", "name": "tempest-TestNetworkBasicOps-1754582163"}, "audit_ids": ["nj5GStjzQA2Vf_wXdhUSEA"]}, "serviceCatalog": [{"endpoints": [{"adminURL": "http://10.4.1.3:9292", "region": "RegionOne", "internalURL": "http://10.4.1.3:9292", "id": "5c8d8472552f4ed2a1a6abf65c16349a", "publicURL": "http://10.4.1.3:9292"}], "endpoints_links": [], "type": "image", "name": "glance"}, {"endpoints": [{"adminURL": "http://10.4.1.3:8774/v2.1/cda321a8e9c044878ef36b7c87a0435b", "region": "RegionOne", "internalURL": "http://10.4.1.3:8774/v2.1/cda321a8e9c044878ef36b7c87a0435b", "id": "00b9f97ff0ec4983bd5c572fb7d4aef0", "publicURL": "http://10.4.1.3:8774/v2.1/cda321a8e9c044878ef36b7c87a0435b"}], "endpoints_links": [], "type": "compute", "name": "nova"}, {"endpoints": [{"adminURL": "http://10.4.1.3:8774/v2/cda321a8e9c044878ef36b7c87a0435b", "region": "RegionOne", "internalURL": "http://10.4.1.3:8774/v2/cda321a8e9c044878ef36b7c87a0435b", "id": "121f1c94f3634ba69931fd257f179b79", "publicURL": "http://10.4.1.3:8774/v2/cda321a8e9c044878ef36b7c87a0435b"}], "endpoints_links": [], "type": "compute_legacy", "name": "nova_legacy"}, {"endpoints": [{"adminURL": "http://10.4.1.3:35357/v2.0", "region": "RegionOne", "internalURL": "http://10.4.1.3:5000/v2.0", "id": "21cecd459d84406288f76a44afab9ef4", "publicURL": "http://10.4.1.3:5000/v2.0"}], "endpoints_links": [], "type": "identity", "name": "keystone"}, {"endpoints": [{"adminURL": "http://10.4.1.3:9696/", "region": "RegionOne", "internalURL": "http://10.4.1.3:9696/", "id": "658fbef15bd94cfb8aaab37bf47eb3c4", "publicURL": "http://10.4.1.3:9696/"}], "endpoints_links": [], "type": "network", "name": "neutron"}], "user": {"username": "tempest-TestNetworkBasicOps-637596262", "roles_links": [], "id": "26c2c7ee50e04bce81f25ed0dbc02a08", "roles": [{"name": "_member_"}, {"name": "Member"}], "name": "tempest-TestNetworkBasicOps-637596262"}, "metadata": {"is_admin": 0, "roles": ["9fe2ff9ee4384b1894a90878d3e92bab", "bc237d1bc5544d7e919e248cba202608"]}}}
2016-01-26 00:45:25,482 14284 DEBUG    [tempest.common.fixed_network] (TestNetworkBasicOps:test_update_instance_port_admin_state) No valid network provided or created, defaulting to fixed_network_name
2016-01-26 00:45:25,830 14284 INFO     [tempest_lib.common.rest_client] Request (TestNetworkBasicOps:test_update_instance_port_admin_state): 200 GET http://10.4.1.3:8774/v2.1/cda321a8e9c044878ef36b7c87a0435b/os-networks 0.347s
2016-01-26 00:45:25,831 14284 DEBUG    [tempest_lib.common.rest_client] Request - Headers: {'Content-Type': 'application/json', 'Accept': 'application/json', 'X-Auth-Token': '&lt;omitted&gt;'}
        Body: None
    Response - Headers: {'status': '200', 'content-length': '479', 'content-location': 'http://10.4.1.3:8774/v2.1/cda321a8e9c044878ef36b7c87a0435b/os-networks', 'x-compute-request-id': 'req-f3447e7e-7c40-4478-b550-423575139666', 'vary': 'X-OpenStack-Nova-API-Version', 'connection': 'close', 'x-openstack-nova-api-version': '2.1', 'date': 'Tue, 26 Jan 2016 00:45:25 GMT', 'content-type': 'application/json'}
        Body: {"networks": [{"cidr_v6": null, "dns2": null, "dns1": null, "gateway": null, "broadcast": null, "netmask": null, "gateway_v6": null, "cidr": null, "label": "public", "id": "001391e5-8248-4358-bfa4-9f13947dc3bc", "netmask_v6": null}, {"cidr_v6": null, "dns2": null, "dns1": null, "gateway": null, "broadcast": null, "netmask": null, "gateway_v6": null, "cidr": null, "label": "tempest-network-smoke--1076796384", "id": "663b725e-4c42-40cf-bd69-9728ba856bbd", "netmask_v6": null}]}
2016-01-26 00:45:25,831 14284 WARNING  [tempest.common.fixed_network] (TestNetworkBasicOps:test_update_instance_port_admin_state) Network with name: private not found
2016-01-26 00:45:25,832 14284 INFO     [tempest.common.fixed_network] (TestNetworkBasicOps:test_update_instance_port_admin_state) Found network {} available for tenant
2016-01-26 00:45:28,479 14284 INFO     [tempest_lib.common.rest_client] Request (TestNetworkBasicOps:test_update_instance_port_admin_state): 202 POST http://10.4.1.3:8774/v2.1/cda321a8e9c044878ef36b7c87a0435b/servers 2.646s
2016-01-26 00:45:28,480 14284 DEBUG    [tempest_lib.common.rest_client] Request - Headers: {'Content-Type': 'application/json', 'Accept': 'application/json', 'X-Auth-Token': '&lt;omitted&gt;'}
        Body: {"server": {"name": "tempest-server-smoke-429044946", "imageRef": "31d0458d-2ba4-4802-a35d-5e0cce6884f3", "key_name": "tempest-TestNetworkBasicOps-760664436", "flavorRef": "42", "networks": [{"uuid": "663b725e-4c42-40cf-bd69-9728ba856bbd"}], "security_groups": [{"name": "tempest-secgroup-smoke-1378582208"}]}}
    Response - Headers: {'status': '202', 'content-length': '460', 'x-compute-request-id': 'req-3d0fd73c-6e21-4c07-9837-932f9a51caa4', 'vary': 'X-OpenStack-Nova-API-Version', 'connection': 'close', 'location': 'http://10.4.1.3:8774/v2.1/cda321a8e9c044878ef36b7c87a0435b/servers/6545470a-c17b-4601-bb17-be4f20c29043', 'x-openstack-nova-api-version': '2.1', 'date': 'Tue, 26 Jan 2016 00:45:28 GMT', 'content-type': 'application/json'}
        Body: {"server": {"security_groups": [{"name": "tempest-secgroup-smoke-1378582208"}], "OS-DCF:diskConfig": "MANUAL", "id": "6545470a-c17b-4601-bb17-be4f20c29043", "links": [{"href": "http://10.4.1.3:8774/v2.1/cda321a8e9c044878ef36b7c87a0435b/servers/6545470a-c17b-4601-bb17-be4f20c29043", "rel": "self"}, {"href": "http://10.4.1.3:8774/cda321a8e9c044878ef36b7c87a0435b/servers/6545470a-c17b-4601-bb17-be4f20c29043", "rel": "bookmark"}], "adminPass": "zm5T5YUziTXW"}}
2016-01-26 00:45:28,888 14284 INFO     [tempest_lib.common.rest_client] Request (TestNetworkBasicOps:test_update_instance_port_admin_state): 200 GET http://10.4.1.3:8774/v2.1/cda321a8e9c044878ef36b7c87a0435b/servers/6545470a-c17b-4601-bb17-be4f20c29043 0.403s
2016-01-26 00:45:28,889 14284 DEBUG    [tempest_lib.common.rest_client] Request - Headers: {'Content-Type': 'application/json', 'Accept': 'application/json', 'X-Auth-Token': '&lt;omitted&gt;'}
        Body: None
    Response - Headers: {'status': '200', 'content-length': '1339', 'content-location': 'http://10.4.1.3:8774/v2.1/cda321a8e9c044878ef36b7c87a0435b/servers/6545470a-c17b-4601-bb17-be4f20c29043', 'x-compute-request-id': 'req-5bbf62ee-b556-4188-922b-65cbb74d0433', 'vary': 'X-OpenStack-Nova-API-Version', 'connection': 'close', 'x-openstack-nova-api-version': '2.1', 'date': 'Tue, 26 Jan 2016 00:45:28 GMT', 'content-type': 'application/json'}
        Body: {"server": {"status": "BUILD", "updated": "2016-01-26T00:45:28Z", "hostId": "", "addresses": {}, "links": [{"href": "http://10.4.1.3:8774/v2.1/cda321a8e9c044878ef36b7c87a0435b/servers/6545470a-c17b-4601-bb17-be4f20c29043", "rel": "self"}, {"href": "http://10.4.1.3:8774/cda321a8e9c044878ef36b7c87a0435b/servers/6545470a-c17b-4601-bb17-be4f20c29043", "rel": "bookmark"}], "key_name": "tempest-TestNetworkBasicOps-760664436", "image": {"id": "31d0458d-2ba4-4802-a35d-5e0cce6884f3", "links": [{"href": "http://10.4.1.3:8774/cda321a8e9c044878ef36b7c87a0435b/images/31d0458d-2ba4-4802-a35d-5e0cce6884f3", "rel": "bookmark"}]}, "OS-EXT-STS:task_state": "scheduling", "OS-EXT-STS:vm_state": "building", "OS-SRV-USG:launched_at": null, "flavor": {"id": "42", "links": [{"href": "http://10.4.1.3:8774/cda321a8e9c044878ef36b7c87a0435b/flavors/42", "rel": "bookmark"}]}, "id": "6545470a-c17b-4601-bb17-be4f20c29043", "OS-SRV-USG:terminated_at": null, "OS-EXT-AZ:availability_zone": "", "user_id": "26c2c7ee50e04bce81f25ed0dbc02a08", "name": "tempest-server-smoke-429044946", "created": "2016-01-26T00:45:28Z", "tenant_id": "cda321a8e9c044878ef36b7c87a0435b", "OS-DCF:diskConfig": "MANUAL", "os-extended-volumes:volumes_attached": [], "accessIPv4": "", "accessIPv6": "", "progress": 0, "OS-EXT-STS:power_state": 0, "config_drive": "", "metadata": {}}}
2016-01-26 00:45:30,585 14284 INFO     [tempest_lib.common.rest_client] Request (TestNetworkBasicOps:test_update_instance_port_admin_state): 200 GET http://10.4.1.3:8774/v2.1/cda321a8e9c044878ef36b7c87a0435b/servers/6545470a-c17b-4601-bb17-be4f20c29043 0.686s
2016-01-26 00:45:30,586 14284 DEBUG    [tempest_lib.common.rest_client] Request - Headers: {'Content-Type': 'application/json', 'Accept': 'application/json', 'X-Auth-Token': '&lt;omitted&gt;'}
        Body: None
    Response - Headers: {'status': '200', 'content-length': '1465', 'content-location': 'http://10.4.1.3:8774/v2.1/cda321a8e9c044878ef36b7c87a0435b/servers/6545470a-c17b-4601-bb17-be4f20c29043', 'x-compute-request-id': 'req-e109ce90-dd09-4044-a0e1-8c04fd00bfee', 'vary': 'X-OpenStack-Nova-API-Version', 'connection': 'close', 'x-openstack-nova-api-version': '2.1', 'date': 'Tue, 26 Jan 2016 00:45:30 GMT', 'content-type': 'application/json'}
        Body: {"server": {"status": "BUILD", "updated": "2016-01-26T00:45:29Z", "hostId": "b1c98f6153b19ad8c3b2cb5c6e99b689012f57c2cc318f9a1f457ae1", "addresses": {}, "links": [{"href": "http://10.4.1.3:8774/v2.1/cda321a8e9c044878ef36b7c87a0435b/servers/6545470a-c17b-4601-bb17-be4f20c29043", "rel": "self"}, {"href": "http://10.4.1.3:8774/cda321a8e9c044878ef36b7c87a0435b/servers/6545470a-c17b-4601-bb17-be4f20c29043", "rel": "bookmark"}], "key_name": "tempest-TestNetworkBasicOps-760664436", "image": {"id": "31d0458d-2ba4-4802-a35d-5e0cce6884f3", "links": [{"href": "http://10.4.1.3:8774/cda321a8e9c044878ef36b7c87a0435b/images/31d0458d-2ba4-4802-a35d-5e0cce6884f3", "rel": "bookmark"}]}, "OS-EXT-STS:task_state": "spawning", "OS-EXT-STS:vm_state": "building", "OS-SRV-USG:launched_at": null, "flavor": {"id": "42", "links": [{"href": "http://10.4.1.3:8774/cda321a8e9c044878ef36b7c87a0435b/flavors/42", "rel": "bookmark"}]}, "id": "6545470a-c17b-4601-bb17-be4f20c29043", "security_groups": [{"name": "tempest-secgroup-smoke-1378582208"}], "OS-SRV-USG:terminated_at": null, "OS-EXT-AZ:availability_zone": "nova", "user_id": "26c2c7ee50e04bce81f25ed0dbc02a08", "name": "tempest-server-smoke-429044946", "created": "2016-01-26T00:45:28Z", "tenant_id": "cda321a8e9c044878ef36b7c87a0435b", "OS-DCF:diskConfig": "MANUAL", "os-extended-volumes:volumes_attached": [], "accessIPv4": "", "accessIPv6": "", "progress": 0, "OS-EXT-STS:power_state": 0, "config_drive": "", "metadata": {}}}
2016-01-26 00:45:30,600 14284 INFO     [tempest.common.waiters] State transition "BUILD/scheduling" ==&gt; "BUILD/spawning" after 2 second wait
2016-01-26 00:45:32,323 14284 INFO     [tempest_lib.common.rest_client] Request (TestNetworkBasicOps:test_update_instance_port_admin_state): 200 GET http://10.4.1.3:8774/v2.1/cda321a8e9c044878ef36b7c87a0435b/servers/6545470a-c17b-4601-bb17-be4f20c29043 0.721s
2016-01-26 00:45:32,324 14284 DEBUG    [tempest_lib.common.rest_client] Request - Headers: {'Content-Type': 'application/json', 'Accept': 'application/json', 'X-Auth-Token': '&lt;omitted&gt;'}
        Body: None
    Response - Headers: {'status': '200', 'content-length': '1465', 'content-location': 'http://10.4.1.3:8774/v2.1/cda321a8e9c044878ef36b7c87a0435b/servers/6545470a-c17b-4601-bb17-be4f20c29043', 'x-compute-request-id': 'req-f8b2366b-b131-4180-9413-dc135fed83b3', 'vary': 'X-OpenStack-Nova-API-Version', 'connection': 'close', 'x-openstack-nova-api-version': '2.1', 'date': 'Tue, 26 Jan 2016 00:45:32 GMT', 'content-type': 'application/json'}
        Body: {"server": {"status": "BUILD", "updated": "2016-01-26T00:45:29Z", "hostId": "b1c98f6153b19ad8c3b2cb5c6e99b689012f57c2cc318f9a1f457ae1", "addresses": {}, "links": [{"href": "http://10.4.1.3:8774/v2.1/cda321a8e9c044878ef36b7c87a0435b/servers/6545470a-c17b-4601-bb17-be4f20c29043", "rel": "self"}, {"href": "http://10.4.1.3:8774/cda321a8e9c044878ef36b7c87a0435b/servers/6545470a-c17b-4601-bb17-be4f20c29043", "rel": "bookmark"}], "key_name": "tempest-TestNetworkBasicOps-760664436", "image": {"id": "31d0458d-2ba4-4802-a35d-5e0cce6884f3", "links": [{"href": "http://10.4.1.3:8774/cda321a8e9c044878ef36b7c87a0435b/images/31d0458d-2ba4-4802-a35d-5e0cce6884f3", "rel": "bookmark"}]}, "OS-EXT-STS:task_state": "spawning", "OS-EXT-STS:vm_state": "building", "OS-SRV-USG:launched_at": null, "flavor": {"id": "42", "links": [{"href": "http://10.4.1.3:8774/cda321a8e9c044878ef36b7c87a0435b/flavors/42", "rel": "bookmark"}]}, "id": "6545470a-c17b-4601-bb17-be4f20c29043", "security_groups": [{"name": "tempest-secgroup-smoke-1378582208"}], "OS-SRV-USG:terminated_at": null, "OS-EXT-AZ:availability_zone": "nova", "user_id": "26c2c7ee50e04bce81f25ed0dbc02a08", "name": "tempest-server-smoke-429044946", "created": "2016-01-26T00:45:28Z", "tenant_id": "cda321a8e9c044878ef36b7c87a0435b", "OS-DCF:diskConfig": "MANUAL", "os-extended-volumes:volumes_attached": [], "accessIPv4": "", "accessIPv6": "", "progress": 0, "OS-EXT-STS:power_state": 0, "config_drive": "", "metadata": {}}}
2016-01-26 00:45:33,910 14284 INFO     [tempest_lib.common.rest_client] Request (TestNetworkBasicOps:test_update_instance_port_admin_state): 200 GET http://10.4.1.3:8774/v2.1/cda321a8e9c044878ef36b7c87a0435b/servers/6545470a-c17b-4601-bb17-be4f20c29043 0.576s
2016-01-26 00:45:33,910 14284 DEBUG    [tempest_lib.common.rest_client] Request - Headers: {'Content-Type': 'application/json', 'Accept': 'application/json', 'X-Auth-Token': '&lt;omitted&gt;'}
        Body: None
    Response - Headers: {'status': '200', 'content-length': '1637', 'content-location': 'http://10.4.1.3:8774/v2.1/cda321a8e9c044878ef36b7c87a0435b/servers/6545470a-c17b-4601-bb17-be4f20c29043', 'x-compute-request-id': 'req-f22e7b85-353b-48d8-b15b-059d0248272e', 'vary': 'X-OpenStack-Nova-API-Version', 'connection': 'close', 'x-openstack-nova-api-version': '2.1', 'date': 'Tue, 26 Jan 2016 00:45:33 GMT', 'content-type': 'application/json'}
        Body: {"server": {"status": "ACTIVE", "updated": "2016-01-26T00:45:32Z", "hostId": "b1c98f6153b19ad8c3b2cb5c6e99b689012f57c2cc318f9a1f457ae1", "addresses": {"tempest-network-smoke--1076796384": [{"OS-EXT-IPS-MAC:mac_addr": "fa:16:3e:47:b3:06", "version": 4, "addr": "10.100.0.3", "OS-EXT-IPS:type": "fixed"}]}, "links": [{"href": "http://10.4.1.3:8774/v2.1/cda321a8e9c044878ef36b7c87a0435b/servers/6545470a-c17b-4601-bb17-be4f20c29043", "rel": "self"}, {"href": "http://10.4.1.3:8774/cda321a8e9c044878ef36b7c87a0435b/servers/6545470a-c17b-4601-bb17-be4f20c29043", "rel": "bookmark"}], "key_name": "tempest-TestNetworkBasicOps-760664436", "image": {"id": "31d0458d-2ba4-4802-a35d-5e0cce6884f3", "links": [{"href": "http://10.4.1.3:8774/cda321a8e9c044878ef36b7c87a0435b/images/31d0458d-2ba4-4802-a35d-5e0cce6884f3", "rel": "bookmark"}]}, "OS-EXT-STS:task_state": null, "OS-EXT-STS:vm_state": "active", "OS-SRV-USG:launched_at": "2016-01-26T00:45:32.000000", "flavor": {"id": "42", "links": [{"href": "http://10.4.1.3:8774/cda321a8e9c044878ef36b7c87a0435b/flavors/42", "rel": "bookmark"}]}, "id": "6545470a-c17b-4601-bb17-be4f20c29043", "security_groups": [{"name": "tempest-secgroup-smoke-1378582208"}], "OS-SRV-USG:terminated_at": null, "OS-EXT-AZ:availability_zone": "nova", "user_id": "26c2c7ee50e04bce81f25ed0dbc02a08", "name": "tempest-server-smoke-429044946", "created": "2016-01-26T00:45:28Z", "tenant_id": "cda321a8e9c044878ef36b7c87a0435b", "OS-DCF:diskConfig": "MANUAL", "os-extended-volumes:volumes_attached": [], "accessIPv4": "", "accessIPv6": "", "progress": 0, "OS-EXT-STS:power_state": 1, "config_drive": "True", "metadata": {}}}
2016-01-26 00:45:33,921 14284 INFO     [tempest.common.waiters] State transition "BUILD/spawning" ==&gt; "ACTIVE/None" after 5 second wait
2016-01-26 00:45:34,509 14284 INFO     [tempest_lib.common.rest_client] Request (TestNetworkBasicOps:test_update_instance_port_admin_state): 200 GET http://10.4.1.3:8774/v2.1/cda321a8e9c044878ef36b7c87a0435b/servers/6545470a-c17b-4601-bb17-be4f20c29043 0.588s
2016-01-26 00:45:34,510 14284 DEBUG    [tempest_lib.common.rest_client] Request - Headers: {'Content-Type': 'application/json', 'Accept': 'application/json', 'X-Auth-Token': '&lt;omitted&gt;'}
        Body: None
    Response - Headers: {'status': '200', 'content-length': '1637', 'content-location': 'http://10.4.1.3:8774/v2.1/cda321a8e9c044878ef36b7c87a0435b/servers/6545470a-c17b-4601-bb17-be4f20c29043', 'x-compute-request-id': 'req-cf01ab3e-2548-4764-b52d-1eeb2bcb0f0d', 'vary': 'X-OpenStack-Nova-API-Version', 'connection': 'close', 'x-openstack-nova-api-version': '2.1', 'date': 'Tue, 26 Jan 2016 00:45:34 GMT', 'content-type': 'application/json'}
        Body: {"server": {"status": "ACTIVE", "updated": "2016-01-26T00:45:32Z", "hostId": "b1c98f6153b19ad8c3b2cb5c6e99b689012f57c2cc318f9a1f457ae1", "addresses": {"tempest-network-smoke--1076796384": [{"OS-EXT-IPS-MAC:mac_addr": "fa:16:3e:47:b3:06", "version": 4, "addr": "10.100.0.3", "OS-EXT-IPS:type": "fixed"}]}, "links": [{"href": "http://10.4.1.3:8774/v2.1/cda321a8e9c044878ef36b7c87a0435b/servers/6545470a-c17b-4601-bb17-be4f20c29043", "rel": "self"}, {"href": "http://10.4.1.3:8774/cda321a8e9c044878ef36b7c87a0435b/servers/6545470a-c17b-4601-bb17-be4f20c29043", "rel": "bookmark"}], "key_name": "tempest-TestNetworkBasicOps-760664436", "image": {"id": "31d0458d-2ba4-4802-a35d-5e0cce6884f3", "links": [{"href": "http://10.4.1.3:8774/cda321a8e9c044878ef36b7c87a0435b/images/31d0458d-2ba4-4802-a35d-5e0cce6884f3", "rel": "bookmark"}]}, "OS-EXT-STS:task_state": null, "OS-EXT-STS:vm_state": "active", "OS-SRV-USG:launched_at": "2016-01-26T00:45:32.000000", "flavor": {"id": "42", "links": [{"href": "http://10.4.1.3:8774/cda321a8e9c044878ef36b7c87a0435b/flavors/42", "rel": "bookmark"}]}, "id": "6545470a-c17b-4601-bb17-be4f20c29043", "security_groups": [{"name": "tempest-secgroup-smoke-1378582208"}], "OS-SRV-USG:terminated_at": null, "OS-EXT-AZ:availability_zone": "nova", "user_id": "26c2c7ee50e04bce81f25ed0dbc02a08", "name": "tempest-server-smoke-429044946", "created": "2016-01-26T00:45:28Z", "tenant_id": "cda321a8e9c044878ef36b7c87a0435b", "OS-DCF:diskConfig": "MANUAL", "os-extended-volumes:volumes_attached": [], "accessIPv4": "", "accessIPv6": "", "progress": 0, "OS-EXT-STS:power_state": 1, "config_drive": "True", "metadata": {}}}
2016-01-26 00:45:34,519 14284 INFO     [tempest.scenario.manager] Tenant networks not configured to be reachable.
2016-01-26 00:45:34,682 14284 INFO     [tempest_lib.common.rest_client] Request (TestNetworkBasicOps:test_update_instance_port_admin_state): 200 GET http://10.4.1.3:9696/v2.0/ports?status=ACTIVE&amp;fixed_ip=None&amp;device_id=6545470a-c17b-4601-bb17-be4f20c29043 0.163s
2016-01-26 00:45:34,683 14284 DEBUG    [tempest_lib.common.rest_client] Request - Headers: {'Content-Type': 'application/json', 'Accept': 'application/json', 'X-Auth-Token': '&lt;omitted&gt;'}
        Body: None
    Response - Headers: {'status': '200', 'content-length': '895', 'content-location': 'http://10.4.1.3:9696/v2.0/ports?status=ACTIVE&amp;fixed_ip=None&amp;device_id=6545470a-c17b-4601-bb17-be4f20c29043', 'connection': 'close', 'date': 'Tue, 26 Jan 2016 00:45:34 GMT', 'content-type': 'application/json; charset=UTF-8', 'x-openstack-request-id': 'req-185c2e95-996c-4fb7-ad9b-5d94ec374eaa'}
        Body: {"ports": [{"status": "ACTIVE", "binding:host_id": "vagrant-ubuntu-trusty-64", "allowed_address_pairs": [], "extra_dhcp_opts": [], "dns_assignment": [{"hostname": "host-10-100-0-3", "ip_address": "10.100.0.3", "fqdn": "host-10-100-0-3.openstacklocal."}], "device_owner": "compute:None", "port_security_enabled": true, "binding:profile": {}, "fixed_ips": [{"subnet_id": "e4558590-7dce-4419-9e3b-8909bd98bae6", "ip_address": "10.100.0.3"}], "id": "8b2dcafd-fb8a-46d9-b8f8-e1822216c712", "security_groups": ["f3a3dfd8-a3aa-4263-b1f7-42bb88a6b085"], "device_id": "6545470a-c17b-4601-bb17-be4f20c29043", "name": "", "admin_state_up": true, "network_id": "663b725e-4c42-40cf-bd69-9728ba856bbd", "dns_name": "", "binding:vif_details": {"port_filter": true}, "binding:vnic_type": "normal", "binding:vif_type": "ovs", "tenant_id": "cda321a8e9c044878ef36b7c87a0435b", "mac_address": "fa:16:3e:47:b3:06"}]}
2016-01-26 00:45:35,421 14284 INFO     [tempest_lib.common.rest_client] Request (TestNetworkBasicOps:test_update_instance_port_admin_state): 201 POST http://10.4.1.3:9696/v2.0/floatingips 0.737s
2016-01-26 00:45:35,421 14284 DEBUG    [tempest_lib.common.rest_client] Request - Headers: {'Content-Type': 'application/json', 'Accept': 'application/json', 'X-Auth-Token': '&lt;omitted&gt;'}
        Body: {"floatingip": {"floating_network_id": "001391e5-8248-4358-bfa4-9f13947dc3bc", "tenant_id": "cda321a8e9c044878ef36b7c87a0435b", "fixed_ip_address": "10.100.0.3", "port_id": "8b2dcafd-fb8a-46d9-b8f8-e1822216c712"}}
    Response - Headers: {'status': '201', 'content-length': '368', 'connection': 'close', 'date': 'Tue, 26 Jan 2016 00:45:35 GMT', 'content-type': 'application/json; charset=UTF-8', 'x-openstack-request-id': 'req-7b0d31a0-2860-4b2c-b092-69d4d5a51a97'}
        Body: {"floatingip": {"floating_network_id": "001391e5-8248-4358-bfa4-9f13947dc3bc", "router_id": "f108343c-2a6f-4190-b933-f01f1611cc7c", "fixed_ip_address": "10.100.0.3", "floating_ip_address": "172.24.4.16", "tenant_id": "cda321a8e9c044878ef36b7c87a0435b", "status": "DOWN", "port_id": "8b2dcafd-fb8a-46d9-b8f8-e1822216c712", "id": "bc84f155-eb99-48f0-8c69-05447eaf7e79"}}
2016-01-26 00:45:35,615 14284 INFO     [tempest_lib.common.rest_client] Request (TestNetworkBasicOps:test_update_instance_port_admin_state): 200 GET http://10.4.1.3:9696/v2.0/ports?device_id=6545470a-c17b-4601-bb17-be4f20c29043 0.192s
2016-01-26 00:45:35,615 14284 DEBUG    [tempest_lib.common.rest_client] Request - Headers: {'Content-Type': 'application/json', 'Accept': 'application/json', 'X-Auth-Token': '&lt;omitted&gt;'}
        Body: None
    Response - Headers: {'status': '200', 'content-length': '895', 'content-location': 'http://10.4.1.3:9696/v2.0/ports?device_id=6545470a-c17b-4601-bb17-be4f20c29043', 'connection': 'close', 'date': 'Tue, 26 Jan 2016 00:45:35 GMT', 'content-type': 'application/json; charset=UTF-8', 'x-openstack-request-id': 'req-1c5d3699-ff5f-47d2-a9c5-83a9c9445329'}
        Body: {"ports": [{"status": "ACTIVE", "binding:host_id": "vagrant-ubuntu-trusty-64", "allowed_address_pairs": [], "extra_dhcp_opts": [], "dns_assignment": [{"hostname": "host-10-100-0-3", "ip_address": "10.100.0.3", "fqdn": "host-10-100-0-3.openstacklocal."}], "device_owner": "compute:None", "port_security_enabled": true, "binding:profile": {}, "fixed_ips": [{"subnet_id": "e4558590-7dce-4419-9e3b-8909bd98bae6", "ip_address": "10.100.0.3"}], "id": "8b2dcafd-fb8a-46d9-b8f8-e1822216c712", "security_groups": ["f3a3dfd8-a3aa-4263-b1f7-42bb88a6b085"], "device_id": "6545470a-c17b-4601-bb17-be4f20c29043", "name": "", "admin_state_up": true, "network_id": "663b725e-4c42-40cf-bd69-9728ba856bbd", "dns_name": "", "binding:vif_details": {"port_filter": true}, "binding:vnic_type": "normal", "binding:vif_type": "ovs", "tenant_id": "cda321a8e9c044878ef36b7c87a0435b", "mac_address": "fa:16:3e:47:b3:06"}]}
2016-01-26 00:45:35,778 14284 INFO     [tempest_lib.common.rest_client] Request (TestNetworkBasicOps:test_update_instance_port_admin_state): 200 GET http://10.4.1.3:9696/v2.0/floatingips/bc84f155-eb99-48f0-8c69-05447eaf7e79 0.162s
2016-01-26 00:45:35,779 14284 DEBUG    [tempest_lib.common.rest_client] Request - Headers: {'Content-Type': 'application/json', 'Accept': 'application/json', 'X-Auth-Token': '&lt;omitted&gt;'}
        Body: None
    Response - Headers: {'status': '200', 'content-length': '402', 'content-location': 'http://10.4.1.3:9696/v2.0/floatingips/bc84f155-eb99-48f0-8c69-05447eaf7e79', 'connection': 'close', 'date': 'Tue, 26 Jan 2016 00:45:35 GMT', 'content-type': 'application/json; charset=UTF-8', 'x-openstack-request-id': 'req-8952eb85-1491-4171-afc7-7ce30bc2ad6f'}
        Body: {"floatingip": {"floating_network_id": "001391e5-8248-4358-bfa4-9f13947dc3bc", "router_id": "f108343c-2a6f-4190-b933-f01f1611cc7c", "fixed_ip_address": "10.100.0.3", "floating_ip_address": "172.24.4.16", "dns_name": "", "tenant_id": "cda321a8e9c044878ef36b7c87a0435b", "status": "DOWN", "port_id": "8b2dcafd-fb8a-46d9-b8f8-e1822216c712", "id": "bc84f155-eb99-48f0-8c69-05447eaf7e79", "dns_domain": ""}}
2016-01-26 00:45:36,955 14284 INFO     [tempest_lib.common.rest_client] Request (TestNetworkBasicOps:test_update_instance_port_admin_state): 200 GET http://10.4.1.3:9696/v2.0/floatingips/bc84f155-eb99-48f0-8c69-05447eaf7e79 0.174s
2016-01-26 00:45:36,955 14284 DEBUG    [tempest_lib.common.rest_client] Request - Headers: {'Content-Type': 'application/json', 'Accept': 'application/json', 'X-Auth-Token': '&lt;omitted&gt;'}
        Body: None
    Response - Headers: {'status': '200', 'content-length': '404', 'content-location': 'http://10.4.1.3:9696/v2.0/floatingips/bc84f155-eb99-48f0-8c69-05447eaf7e79', 'connection': 'close', 'date': 'Tue, 26 Jan 2016 00:45:36 GMT', 'content-type': 'application/json; charset=UTF-8', 'x-openstack-request-id': 'req-5d40992d-cc98-4ee0-a8b6-479c16f7939d'}
        Body: {"floatingip": {"floating_network_id": "001391e5-8248-4358-bfa4-9f13947dc3bc", "router_id": "f108343c-2a6f-4190-b933-f01f1611cc7c", "fixed_ip_address": "10.100.0.3", "floating_ip_address": "172.24.4.16", "dns_name": "", "tenant_id": "cda321a8e9c044878ef36b7c87a0435b", "status": "ACTIVE", "port_id": "8b2dcafd-fb8a-46d9-b8f8-e1822216c712", "id": "bc84f155-eb99-48f0-8c69-05447eaf7e79", "dns_domain": ""}}
2016-01-26 00:45:36,956 14284 INFO     [tempest.scenario.manager] FloatingIP: &lt;"FloatingIP" addr="172.24.4.16" id="bc84f155-eb99-48f0-8c69-05447eaf7e79"&gt; is at status: ACTIVE
2016-01-26 00:45:36,956 14284 DEBUG    [tempest.scenario.manager] checking network connections to IP 172.24.4.16 with user: cirros
2016-01-26 00:45:36,957 14284 DEBUG    [tempest.scenario.manager] TestNetworkBasicOps:test_update_instance_port_admin_state begins to ping 172.24.4.16 in 120 sec and the expected result is reachable
2016-01-26 00:45:53,020 14284 DEBUG    [tempest.scenario.manager] TestNetworkBasicOps:test_update_instance_port_admin_state finishes ping 172.24.4.16 in 120 sec and the ping result is expected
2016-01-26 00:45:53,021 14284 INFO     [tempest_lib.common.ssh] Creating ssh connection to '172.24.4.16' as 'cirros' with public key authentication
2016-01-26 00:45:53,026 14284 WARNING  [tempest_lib.common.ssh] Failed to establish authenticated ssh connection to cirros@172.24.4.16 ([Errno None] Unable to connect to port 22 on  or 172.24.4.16). Number attempts: 1. Retry after 2 seconds.
2016-01-26 00:45:55,733 14284 INFO     [paramiko.transport] Connected (version 2.0, client dropbear_2012.55)
2016-01-26 00:45:56,149 14284 INFO     [paramiko.transport] Authentication (publickey) successful!
2016-01-26 00:45:56,157 14284 INFO     [tempest_lib.common.ssh] ssh connection to cirros@172.24.4.16 successfuly created
2016-01-26 00:45:56,678 14284 INFO     [tempest_lib.common.rest_client] Request (TestNetworkBasicOps:test_update_instance_port_admin_state): 200 PUT http://10.4.1.3:9696/v2.0/ports/8b2dcafd-fb8a-46d9-b8f8-e1822216c712 0.404s
2016-01-26 00:45:56,679 14284 DEBUG    [tempest_lib.common.rest_client] Request - Headers: {'Content-Type': 'application/json', 'Accept': 'application/json', 'X-Auth-Token': '&lt;omitted&gt;'}
        Body: {"port": {"admin_state_up": false}}
    Response - Headers: {'status': '200', 'content-length': '750', 'connection': 'close', 'date': 'Tue, 26 Jan 2016 00:45:56 GMT', 'content-type': 'application/json; charset=UTF-8', 'x-openstack-request-id': 'req-468148c3-0c65-4081-87ce-64f9102dc6dc'}
        Body: {"port": {"status": "ACTIVE", "name": "", "allowed_address_pairs": [], "admin_state_up": false, "network_id": "663b725e-4c42-40cf-bd69-9728ba856bbd", "dns_name": "", "extra_dhcp_opts": [], "mac_address": "fa:16:3e:47:b3:06", "dns_assignment": [{"hostname": "host-10-100-0-3", "ip_address": "10.100.0.3", "fqdn": "host-10-100-0-3.openstacklocal."}], "binding:vnic_type": "normal", "device_owner": "compute:None", "tenant_id": "cda321a8e9c044878ef36b7c87a0435b", "port_security_enabled": true, "fixed_ips": [{"subnet_id": "e4558590-7dce-4419-9e3b-8909bd98bae6", "ip_address": "10.100.0.3"}], "id": "8b2dcafd-fb8a-46d9-b8f8-e1822216c712", "security_groups": ["f3a3dfd8-a3aa-4263-b1f7-42bb88a6b085"], "device_id": "6545470a-c17b-4601-bb17-be4f20c29043"}}
2016-01-26 00:45:56,679 14284 DEBUG    [tempest.scenario.manager] checking network connections to IP 172.24.4.16 with user: cirros
2016-01-26 00:45:56,680 14284 DEBUG    [tempest.scenario.manager] TestNetworkBasicOps:test_update_instance_port_admin_state begins to ping 172.24.4.16 in 120 sec and the expected result is unreachable
2016-01-26 00:47:57,201 14284 DEBUG    [tempest.scenario.manager] TestNetworkBasicOps:test_update_instance_port_admin_state finishes ping 172.24.4.16 in 120 sec and the ping result is unexpected
2016-01-26 00:47:57,202 14284 ERROR    [tempest.scenario.manager] Public network connectivity check failed: after updating admin_state_up of instance port to False
2016-01-26 00:47:57.202 14284 ERROR tempest.scenario.manager Traceback (most recent call last):
2016-01-26 00:47:57.202 14284 ERROR tempest.scenario.manager   File "tempest/scenario/manager.py", line 610, in check_public_network_connectivity
2016-01-26 00:47:57.202 14284 ERROR tempest.scenario.manager     should_connect=should_connect)
2016-01-26 00:47:57.202 14284 ERROR tempest.scenario.manager   File "tempest/scenario/manager.py", line 594, in check_vm_connectivity
2016-01-26 00:47:57.202 14284 ERROR tempest.scenario.manager     msg=msg)
2016-01-26 00:47:57.202 14284 ERROR tempest.scenario.manager   File "/usr/local/lib/python2.7/dist-packages/unittest2/case.py", line 702, in assertTrue
2016-01-26 00:47:57.202 14284 ERROR tempest.scenario.manager     raise self.failureException(msg)
2016-01-26 00:47:57.202 14284 ERROR tempest.scenario.manager AssertionError: False is not true : ip address 172.24.4.16 is reachable
2016-01-26 00:47:57.202 14284 ERROR tempest.scenario.manager 
2016-01-26 00:47:57,591 14284 INFO     [tempest_lib.common.rest_client] Request (TestNetworkBasicOps:test_update_instance_port_admin_state): 200 POST http://10.4.1.3:8774/v2.1/cda321a8e9c044878ef36b7c87a0435b/servers/6545470a-c17b-4601-bb17-be4f20c29043/action 0.383s
2016-01-26 00:47:57,592 14284 DEBUG    [tempest_lib.common.rest_client] Request - Headers: {'Content-Type': 'application/json', 'Accept': 'application/json', 'X-Auth-Token': '&lt;omitted&gt;'}
        Body: {"os-getConsoleOutput": {}}
    Response - Headers: {'status': '200', 'content-length': '19789', 'x-compute-request-id': 'req-b8210653-269e-4d38-adcb-0f3e94e577e3', 'vary': 'X-OpenStack-Nova-API-Version', 'connection': 'close', 'x-openstack-nova-api-version': '2.1', 'date': 'Tue, 26 Jan 2016 00:47:57 GMT', 'content-type': 'application/json'}
        Body: {"output": "[    0.000000] Initializing cgroup subsys cpuset\n[    0.000000] Initializing cgroup subsys cpu\n[    0.000000] Linux version 3.2.0-80-virtual (buildd@batsu) (gcc version 4.6.3 (Ubuntu/Linaro 4.6.3-1ubuntu5) ) #116-Ubuntu SMP Mon Mar 23 17:28:52 UTC 2015 (Ubuntu 3.2.0-80.116-virtual 3.2.68)\n[    0.000000] Command line: root=/dev/vda console=tty0 console=ttyS0 no_timer_check\n[    0.000000] KERNEL supported cpus:\n[    0.000000]   Intel GenuineIntel\n[    0.000000]   AMD AuthenticAMD\n[    0.000000]   Centaur CentaurHauls\n[    0.000000] BIOS-provided physical RAM map:\n[    0.000000]  BIOS-e820: 0000000000000000 - 000000000009fc00 (usable)\n[    0.000000]  BIOS-e820: 000000000009fc00 - 00000000000a0000 (reserved)\n[    0.000000]  BIOS-e820: 00000000000f0000 - 0000000000100000 (reserved)\n[    0.000000]  BIOS-e820: 0000000000100000 - 0000000003ffe000 (usable)\n[    0.000000]  BIOS-e820: 0000000003ffe000 - 0000000004000000 (reserved)\n[    0.000000]  BIOS-e820: 00000000fffc0000 - 0000000100000000 (reserved)\n[    0.000000] NX (Execute Disable) protection: active\n[    0.000000] SMBIOS 2.4 present.\n[    0.000000] No AGP bridge found\n[    0.000000] last_pfn = 0x3ffe max_arch_pfn = 0x400000000\n[    0.000000] x86 PAT enabled: cpu 0, old 0x7040600070406, new 0x7010600070106\n[    0.000000] found SMP MP-table at [ffff8800000f0b00] f0b00\n[    0.000000] init_memory_mapping: 0000000000000000-0000000003ffe000\n[    0.000000] RAMDISK: 03c5e000 - 03ff0000\n[    0.000000] ACPI: RSDP 00000000000f0950 00014 (v00 BOCHS )\n[    0.000000] ACPI: RSDT 0000000003fffbc1 00034 (v01 BOCHS  BXPCRSDT 00000001 BXPC 00000001)\n[    0.000000] ACPI: FACP 0000000003fff1c0 00074 (v01 BOCHS  BXPCFACP 00000001 BXPC 00000001)\n[    0.000000] ACPI: DSDT 0000000003ffe040 01180 (v01 BOCHS  BXPCDSDT 00000001 BXPC 00000001)\n[    0.000000] ACPI: FACS 0000000003ffe000 00040\n[    0.000000] ACPI: SSDT 0000000003fff234 008DD (v01 BOCHS  BXPCSSDT 00000001 BXPC 00000001)\n[    0.000000] ACPI: APIC 0000000003fffb11 00078 (v01 BOCHS  BXPCAPIC 00000001 BXPC 00000001)\n[    0.000000] ACPI: HPET 0000000003fffb89 00038 (v01 BOCHS  BXPCHPET 00000001 BXPC 00000001)\n[    0.000000] No NUMA configuration found\n[    0.000000] Faking a node at 0000000000000000-0000000003ffe000\n[    0.000000] Initmem setup node 0 0000000000000000-0000000003ffe000\n[    0.000000]   NODE_DATA [0000000003ff6000 - 0000000003ffafff]\n[    0.000000] Zone PFN ranges:\n[    0.000000]   DMA      0x00000010 -&gt; 0x00001000\n[    0.000000]   DMA32    0x00001000 -&gt; 0x00100000\n[    0.000000]   Normal   empty\n[    0.000000] Movable zone start PFN for each node\n[    0.000000] early_node_map[2] active PFN ranges\n[    0.000000]     0: 0x00000010 -&gt; 0x0000009f\n[    0.000000]     0: 0x00000100 -&gt; 0x00003ffe\n[    0.000000] ACPI: PM-Timer IO Port: 0xb008\n[    0.000000] ACPI: LAPIC (acpi_id[0x00] lapic_id[0x00] enabled)\n[    0.000000] ACPI: LAPIC_NMI (acpi_id[0xff] dfl dfl lint[0x1])\n[    0.000000] ACPI: IOAPIC (id[0x00] address[0xfec00000] gsi_base[0])\n[    0.000000] IOAPIC[0]: apic_id 0, version 17, address 0xfec00000, GSI 0-23\n[    0.000000] ACPI: INT_SRC_OVR (bus 0 bus_irq 0 global_irq 2 dfl dfl)\n[    0.000000] ACPI: INT_SRC_OVR (bus 0 bus_irq 5 global_irq 5 high level)\n[    0.000000] ACPI: INT_SRC_OVR (bus 0 bus_irq 9 global_irq 9 high level)\n[    0.000000] ACPI: INT_SRC_OVR (bus 0 bus_irq 10 global_irq 10 high level)\n[    0.000000] ACPI: INT_SRC_OVR (bus 0 bus_irq 11 global_irq 11 high level)\n[    0.000000] Using ACPI (MADT) for SMP configuration information\n[    0.000000] ACPI: HPET id: 0x8086a201 base: 0xfed00000\n[    0.000000] SMP: Allowing 1 CPUs, 0 hotplug CPUs\n[    0.000000] PM: Registered nosave memory: 000000000009f000 - 00000000000a0000\n[    0.000000] PM: Registered nosave memory: 00000000000a0000 - 00000000000f0000\n[    0.000000] PM: Registered nosave memory: 00000000000f0000 - 0000000000100000\n[    0.000000] Allocating PCI resources starting at 4000000 (gap: 4000000:fbfc0000)\n[    0.000000] Booting paravirtualized kernel on bare hardware\n[    0.000000] setup_pe
2016-01-26 00:47:57,596 14284 DEBUG    [tempest.scenario.manager] Console output for 6545470a-c17b-4601-bb17-be4f20c29043
body=
[    0.000000] Initializing cgroup subsys cpuset
[    0.000000] Initializing cgroup subsys cpu
[    0.000000] Linux version 3.2.0-80-virtual (buildd@batsu) (gcc version 4.6.3 (Ubuntu/Linaro 4.6.3-1ubuntu5) ) #116-Ubuntu SMP Mon Mar 23 17:28:52 UTC 2015 (Ubuntu 3.2.0-80.116-virtual 3.2.68)
[    0.000000] Command line: root=/dev/vda console=tty0 console=ttyS0 no_timer_check
[    0.000000] KERNEL supported cpus:
[    0.000000]   Intel GenuineIntel
[    0.000000]   AMD AuthenticAMD
[    0.000000]   Centaur CentaurHauls
[    0.000000] BIOS-provided physical RAM map:
[    0.000000]  BIOS-e820: 0000000000000000 - 000000000009fc00 (usable)
[    0.000000]  BIOS-e820: 000000000009fc00 - 00000000000a0000 (reserved)
[    0.000000]  BIOS-e820: 00000000000f0000 - 0000000000100000 (reserved)
[    0.000000]  BIOS-e820: 0000000000100000 - 0000000003ffe000 (usable)
[    0.000000]  BIOS-e820: 0000000003ffe000 - 0000000004000000 (reserved)
[    0.000000]  BIOS-e820: 00000000fffc0000 - 0000000100000000 (reserved)
[    0.000000] NX (Execute Disable) protection: active
[    0.000000] SMBIOS 2.4 present.
[    0.000000] No AGP bridge found
[    0.000000] last_pfn = 0x3ffe max_arch_pfn = 0x400000000
[    0.000000] x86 PAT enabled: cpu 0, old 0x7040600070406, new 0x7010600070106
[    0.000000] found SMP MP-table at [ffff8800000f0b00] f0b00
[    0.000000] init_memory_mapping: 0000000000000000-0000000003ffe000
[    0.000000] RAMDISK: 03c5e000 - 03ff0000
[    0.000000] ACPI: RSDP 00000000000f0950 00014 (v00 BOCHS )
[    0.000000] ACPI: RSDT 0000000003fffbc1 00034 (v01 BOCHS  BXPCRSDT 00000001 BXPC 00000001)
[    0.000000] ACPI: FACP 0000000003fff1c0 00074 (v01 BOCHS  BXPCFACP 00000001 BXPC 00000001)
[    0.000000] ACPI: DSDT 0000000003ffe040 01180 (v01 BOCHS  BXPCDSDT 00000001 BXPC 00000001)
[    0.000000] ACPI: FACS 0000000003ffe000 00040
[    0.000000] ACPI: SSDT 0000000003fff234 008DD (v01 BOCHS  BXPCSSDT 00000001 BXPC 00000001)
[    0.000000] ACPI: APIC 0000000003fffb11 00078 (v01 BOCHS  BXPCAPIC 00000001 BXPC 00000001)
[    0.000000] ACPI: HPET 0000000003fffb89 00038 (v01 BOCHS  BXPCHPET 00000001 BXPC 00000001)
[    0.000000] No NUMA configuration found
[    0.000000] Faking a node at 0000000000000000-0000000003ffe000
[    0.000000] Initmem setup node 0 0000000000000000-0000000003ffe000
[    0.000000]   NODE_DATA [0000000003ff6000 - 0000000003ffafff]
[    0.000000] Zone PFN ranges:
[    0.000000]   DMA      0x00000010 -&gt; 0x00001000
[    0.000000]   DMA32    0x00001000 -&gt; 0x00100000
[    0.000000]   Normal   empty
[    0.000000] Movable zone start PFN for each node
[    0.000000] early_node_map[2] active PFN ranges
[    0.000000]     0: 0x00000010 -&gt; 0x0000009f
[    0.000000]     0: 0x00000100 -&gt; 0x00003ffe
[    0.000000] ACPI: PM-Timer IO Port: 0xb008
[    0.000000] ACPI: LAPIC (acpi_id[0x00] lapic_id[0x00] enabled)
[    0.000000] ACPI: LAPIC_NMI (acpi_id[0xff] dfl dfl lint[0x1])
[    0.000000] ACPI: IOAPIC (id[0x00] address[0xfec00000] gsi_base[0])
[    0.000000] IOAPIC[0]: apic_id 0, version 17, address 0xfec00000, GSI 0-23
[    0.000000] ACPI: INT_SRC_OVR (bus 0 bus_irq 0 global_irq 2 dfl dfl)
[    0.000000] ACPI: INT_SRC_OVR (bus 0 bus_irq 5 global_irq 5 high level)
[    0.000000] ACPI: INT_SRC_OVR (bus 0 bus_irq 9 global_irq 9 high level)
[    0.000000] ACPI: INT_SRC_OVR (bus 0 bus_irq 10 global_irq 10 high level)
[    0.000000] ACPI: INT_SRC_OVR (bus 0 bus_irq 11 global_irq 11 high level)
[    0.000000] Using ACPI (MADT) for SMP configuration information
[    0.000000] ACPI: HPET id: 0x8086a201 base: 0xfed00000
[    0.000000] SMP: Allowing 1 CPUs, 0 hotplug CPUs
[    0.000000] PM: Registered nosave memory: 000000000009f000 - 00000000000a0000
[    0.000000] PM: Registered nosave memory: 00000000000a0000 - 00000000000f0000
[    0.000000] PM: Registered nosave memory: 00000000000f0000 - 0000000000100000
[    0.000000] Allocating PCI resources starting at 4000000 (gap: 4000000:fbfc0000)
[    0.000000] Booting paravirtualized kernel on bare hardware
[    0.000000] setup_percpu: NR_CPUS:64 nr_cpumask_bits:64 nr_cpu_ids:1 nr_node_ids:1
[    0.000000] PERCPU: Embedded 27 pages/cpu @ffff880003a00000 s78848 r8192 d23552 u2097152
[    0.000000] Built 1 zonelists in Node order, mobility grouping on.  Total pages: 16008
[    0.000000] Policy zone: DMA32
[    0.000000] Kernel command line: root=/dev/vda console=tty0 console=ttyS0 no_timer_check
[    0.000000] PID hash table entries: 256 (order: -1, 2048 bytes)
[    0.000000] Checking aperture...
[    0.000000] No AGP bridge found
[    0.000000] Memory: 43492k/65528k available (6576k kernel code, 452k absent, 21584k reserved, 6620k data, 928k init)
[    0.000000] SLUB: Genslabs=15, HWalign=64, Order=0-3, MinObjects=0, CPUs=1, Nodes=1
[    0.000000] Hierarchical RCU implementation.
[    0.000000] 	RCU dyntick-idle grace-period acceleration is enabled.
[    0.000000] NR_IRQS:4352 nr_irqs:256 16
[    0.000000] Console: colour VGA+ 80x25
[    0.000000] console [tty0] enabled
[    0.000000] console [ttyS0] enabled
[    0.000000] allocated 1048576 bytes of page_cgroup
[    0.000000] please try 'cgroup_disable=memory' option if you don't want memory cgroups
[    0.000000] Fast TSC calibration failed
[    0.000000] TSC: Unable to calibrate against PIT
[    0.000000] TSC: using HPET reference calibration
[    0.000000] Detected 2292.526 MHz processor.
[    0.040791] Calibrating delay loop (skipped), value calculated using timer frequency.. 4585.05 BogoMIPS (lpj=9170104)
[    0.045206] pid_max: default: 32768 minimum: 301
[    0.053284] Security Framework initialized
[    0.057957] AppArmor: AppArmor initialized
[    0.058480] Yama: becoming mindful.
[    0.065148] Dentry cache hash table entries: 8192 (order: 4, 65536 bytes)
[    0.066828] Inode-cache hash table entries: 4096 (order: 3, 32768 bytes)
[    0.068764] Mount-cache hash table entries: 256
[    0.085795] Initializing cgroup subsys cpuacct
[    0.086919] Initializing cgroup subsys memory
[    0.089060] Initializing cgroup subsys devices
[    0.089800] Initializing cgroup subsys freezer
[    0.090766] Initializing cgroup subsys blkio
[    0.092443] Initializing cgroup subsys perf_event
[    0.096812] mce: CPU supports 10 MCE banks
[    0.101857] SMP alternatives: switching to UP code
[    0.469196] Freeing SMP alternatives: 24k freed
[    0.472471] ACPI: Core revision 20110623
[    0.520393] ftrace: allocating 26610 entries in 105 pages
[    0.551678] ..TIMER: vector=0x30 apic1=0 pin1=2 apic2=-1 pin2=-1
[    0.552184] CPU0: AMD QEMU Virtual CPU version 2.0.0 stepping 03
[    0.556034] Performance Events: Broken PMU hardware detected, using software events only.
[    0.566977] NMI watchdog disabled (cpu0): hardware events not enabled
[    0.568846] Brought up 1 CPUs
[    0.569425] Total of 1 processors activated (4585.05 BogoMIPS).
[    0.594917] devtmpfs: initialized
[    0.628329] EVM: security.selinux
[    0.628902] EVM: security.SMACK64
[    0.629645] EVM: security.capability
[    0.649408] print_constraints: dummy: 
[    0.651297] RTC time:  0:45:35, date: 01/26/16
[    0.653674] NET: Registered protocol family 16
[    0.662988] ACPI: bus type pci registered
[    0.668989] PCI: Using configuration type 1 for base access
[    0.709227] bio: create slab &lt;bio-0&gt; at 0
[    0.714140] ACPI: Added _OSI(Module Device)
[    0.714731] ACPI: Added _OSI(Processor Device)
[    0.716099] ACPI: Added _OSI(3.0 _SCP Extensions)
[    0.716946] ACPI: Added _OSI(Processor Aggregator Device)
[    0.809294] ACPI: Interpreter enabled
[    0.810388] ACPI: (supports S0 S3 S4 S5)
[    0.813232] ACPI: Using IOAPIC for interrupt routing
[    0.902009] ACPI: No dock devices found.
[    0.904322] HEST: Table not found.
[    0.904867] PCI: Using host bridge windows from ACPI; if necessary, use "pci=nocrs" and report a bug
[    0.915374] ACPI: PCI Root Bridge [PCI0] (domain 0000 [bus 00-ff])
[    0.923380] pci_root PNP0A03:00: host bridge window [io  0x0000-0x0cf7]
[    0.924274] pci_root PNP0A03:00: host bridge window [io  0x0d00-0xadff]
[    0.925223] pci_root PNP0A03:00: host bridge window [io  0xae0f-0xaeff]
[    0.926098] pci_root PNP0A03:00: host bridge window [io  0xaf20-0xafdf]
[    0.928131] pci_root PNP0A03:00: host bridge window [io  0xafe4-0xffff]
[    0.929247] pci_root PNP0A03:00: host bridge window [mem 0x000a0000-0x000bffff]
[    0.930708] pci_root PNP0A03:00: host bridge window [mem 0x04000000-0xfebfffff]
[    0.957306] pci 0000:00:01.3: quirk: [io  0xb000-0xb03f] claimed by PIIX4 ACPI
[    0.958226] pci 0000:00:01.3: quirk: [io  0xb100-0xb10f] claimed by PIIX4 SMB
[    1.025860]  pci0000:00: Unable to request _OSC control (_OSC support mask: 0x1e)
[    1.096282] ACPI: PCI Interrupt Link [LNKA] (IRQs 5 *10 11)
[    1.098640] ACPI: PCI Interrupt Link [LNKB] (IRQs 5 *10 11)
[    1.101324] ACPI: PCI Interrupt Link [LNKC] (IRQs 5 10 *11)
[    1.103113] ACPI: PCI Interrupt Link [LNKD] (IRQs 5 10 *11)
[    1.104969] ACPI: PCI Interrupt Link [LNKS] (IRQs *9)
[    1.112453] vgaarb: device added: PCI:0000:00:02.0,decodes=io+mem,owns=io+mem,locks=none
[    1.113547] vgaarb: loaded
[    1.113940] vgaarb: bridge control possible 0000:00:02.0
[    1.118602] i2c-core: driver [aat2870] using legacy suspend method
[    1.119230] i2c-core: driver [aat2870] using legacy resume method
[    1.121860] SCSI subsystem initialized
[    1.126381] usbcore: registered new interface driver usbfs
[    1.128423] usbcore: registered new interface driver hub
[    1.130455] usbcore: registered new device driver usb
[    1.134602] PCI: Using ACPI for IRQ routing
[    1.146026] NetLabel: Initializing
[    1.146559] NetLabel:  domain hash size = 128
[    1.148138] NetLabel:  protocols = UNLABELED CIPSOv4
[    1.150224] NetLabel:  unlabeled traffic allowed by default
[    1.153585] HPET: 3 timers in total, 0 timers will be used for per-cpu timer
[    1.154679] hpet0: at MMIO 0xfed00000, IRQs 2, 8, 0
[    1.156540] hpet0: 3 comparators, 64-bit 100.000000 MHz counter
[    1.172297] Switching to clocksource hpet
[    1.422251] AppArmor: AppArmor Filesystem Enabled
[    1.425915] pnp: PnP ACPI init
[    1.427081] ACPI: bus type pnp registered
[    1.454421] pnp: PnP ACPI: found 9 devices
[    1.455079] ACPI: ACPI bus type pnp unregistered
[    1.525770] NET: Registered protocol family 2
[    1.560227] IP route cache hash table entries: 512 (order: 0, 4096 bytes)
[    1.569751] TCP established hash table entries: 2048 (order: 3, 32768 bytes)
[    1.570941] TCP bind hash table entries: 2048 (order: 3, 32768 bytes)
[    1.572158] TCP: Hash tables configured (established 2048 bind 2048)
[    1.574144] TCP reno registered
[    1.574951] UDP hash table entries: 128 (order: 0, 4096 bytes)
[    1.575827] UDP-Lite hash table entries: 128 (order: 0, 4096 bytes)
[    1.580120] NET: Registered protocol family 1
[    1.581930] pci 0000:00:00.0: Limiting direct PCI/PCI transfers
[    1.582830] pci 0000:00:01.0: PIIX3: Enabling Passive Release
[    1.584037] pci 0000:00:01.0: Activating ISA DMA hang workarounds
[    1.589945] ACPI: PCI Interrupt Link [LNKD] enabled at IRQ 11
[    1.591477] pci 0000:00:01.2: PCI INT D -&gt; Link[LNKD] -&gt; GSI 11 (level, high) -&gt; IRQ 11
[    1.594137] pci 0000:00:01.2: PCI INT D disabled
[    1.613700] Trying to unpack rootfs image as initramfs...
[    1.630382] audit: initializing netlink socket (disabled)
[    1.632091] type=2000 audit(1453769135.628:1): initialized
[    1.895527] HugeTLB registered 2 MB page size, pre-allocated 0 pages
[    2.007388] VFS: Disk quotas dquot_6.5.2
[    2.010283] Dquot-cache hash table entries: 512 (order 0, 4096 bytes)
[    2.025941] fuse init (API version 7.17)
[    2.029842] msgmni has been set to 84
[    2.078171] Block layer SCSI generic (bsg) driver version 0.4 loaded (major 253)
[    2.086367] io scheduler noop registered
[    2.086983] io scheduler deadline registered (default)
[    2.089577] io scheduler cfq registered
[    2.094471] pci_hotplug: PCI Hot Plug PCI Core version: 0.5
[    2.097833] pciehp: PCI Express Hot Plug Controller Driver version: 0.4
[    2.103329] input: Power Button as /devices/LNXSYSTM:00/LNXPWRBN:00/input/input0
[    2.106519] ACPI: Power Button [PWRF]
[    2.166673] ERST: Table is not found!
[    2.167305] GHES: HEST is not enabled!
[    2.186005] ACPI: PCI Interrupt Link [LNKC] enabled at IRQ 10
[    2.186862] virtio-pci 0000:00:03.0: PCI INT A -&gt; Link[LNKC] -&gt; GSI 10 (level, high) -&gt; IRQ 10
[    2.190983] virtio-pci 0000:00:04.0: PCI INT A -&gt; Link[LNKD] -&gt; GSI 11 (level, high) -&gt; IRQ 11
[    2.203667] ACPI: PCI Interrupt Link [LNKA] enabled at IRQ 10
[    2.205047] virtio-pci 0000:00:05.0: PCI INT A -&gt; Link[LNKA] -&gt; GSI 10 (level, high) -&gt; IRQ 10
[    2.218657] Serial: 8250/16550 driver, 32 ports, IRQ sharing enabled
[    2.282385] serial8250: ttyS0 at I/O 0x3f8 (irq = 4) is a 16550A
[    2.394263] serial8250: ttyS1 at I/O 0x2f8 (irq = 3) is a 16550A
[    2.546535] 00:05: ttyS0 at I/O 0x3f8 (irq = 4) is a 16550A
[    2.619783] 00:06: ttyS1 at I/O 0x2f8 (irq = 3) is a 16550A
[    2.621682] Refined TSC clocksource calibration: 2292.557 MHz.
[    2.622416] Switching to clocksource tsc
[    2.661459] Linux agpgart interface v0.103
[    2.727765] brd: module loaded
[    2.770749] loop: module loaded
[    2.837474]  vda: unknown partition table
[    2.881590] scsi0 : ata_piix
[    2.889823] scsi1 : ata_piix
[    2.890770] ata1: PATA max MWDMA2 cmd 0x1f0 ctl 0x3f6 bmdma 0xc0a0 irq 14
[    2.891565] ata2: PATA max MWDMA2 cmd 0x170 ctl 0x376 bmdma 0xc0a8 irq 15
[    2.902578] Fixed MDIO Bus: probed
[    2.902934] tun: Universal TUN/TAP device driver, 1.6
[    2.905139] tun: (C) 1999-2004 Max Krasnyansky &lt;maxk@qualcomm.com&gt;
[    2.919331] PPP generic driver version 2.4.2
[    2.943087] ehci_hcd: USB 2.0 'Enhanced' Host Controller (EHCI) Driver
[    2.944174] ohci_hcd: USB 1.1 'Open' Host Controller (OHCI) Driver
[    2.945947] uhci_hcd: USB Universal Host Controller Interface driver
[    2.947036] uhci_hcd 0000:00:01.2: PCI INT D -&gt; Link[LNKD] -&gt; GSI 11 (level, high) -&gt; IRQ 11
[    2.950408] uhci_hcd 0000:00:01.2: UHCI Host Controller
[    2.965895] uhci_hcd 0000:00:01.2: new USB bus registered, assigned bus number 1
[    2.967448] uhci_hcd 0000:00:01.2: irq 11, io base 0x0000c040
[    2.991405] hub 1-0:1.0: USB hub found
[    2.992975] hub 1-0:1.0: 2 ports detected
[    3.000021] usbcore: registered new interface driver libusual
[    3.003537] i8042: PNP: PS/2 Controller [PNP0303:KBD,PNP0f13:MOU] at 0x60,0x64 irq 1,12
[    3.013690] serio: i8042 KBD port at 0x60,0x64 irq 1
[    3.015168] serio: i8042 AUX port at 0x60,0x64 irq 12
[    3.055591] mousedev: PS/2 mouse device common for all mice
[    3.069364] input: AT Translated Set 2 keyboard as /devices/platform/i8042/serio0/input/input1
[    3.076902] rtc_cmos 00:01: RTC can wake from S4
[    3.084730] rtc_cmos 00:01: rtc core: registered rtc_cmos as rtc0
[    3.088181] rtc0: alarms up to one day, 114 bytes nvram, hpet irqs
[    3.091591] device-mapper: uevent: version 1.0.3
[    3.109662] device-mapper: ioctl: 4.22.0-ioctl (2011-10-19) initialised: dm-devel@redhat.com
[    3.113453] cpuidle: using governor ladder
[    3.115351] cpuidle: using governor menu
[    3.118367] EFI Variables Facility v0.08 2004-May-17
[    3.132615] TCP cubic registered
[    3.137454] NET: Registered protocol family 10
[    3.179234] NET: Registered protocol family 17
[    3.180947] Registering the dns_resolver key type
[    3.207682] ata2.01: ATAPI: QEMU DVD-ROM, 2.0.0, max UDMA/100
[    3.219401] ata2.01: configured for MWDMA2
[    3.250032] scsi 1:0:1:0: CD-ROM            QEMU     QEMU DVD-ROM     2.0. PQ: 0 ANSI: 5
[    3.283661] sr0: scsi3-mmc drive: 4x/4x cd/rw xa/form2 tray
[    3.285797] cdrom: Uniform CD-ROM driver Revision: 3.20
[    3.302364] sr 1:0:1:0: Attached scsi generic sg0 type 5
[    3.355295] registered taskstats version 1
[    3.391864] Freeing initrd memory: 3656k freed
[    3.922605]   Magic number: 0:156:760
[    3.939268] rtc_cmos 00:01: setting system clock to 2016-01-26 00:45:38 UTC (1453769138)
[    3.941949] powernow-k8: Processor cpuid 663 not supported
[    3.948015] BIOS EDD facility v0.16 2004-Jun-25, 0 devices found
[    3.950663] EDD information not available.
[    4.034843] Freeing unused kernel memory: 928k freed
[    4.041342] Write protecting the kernel read-only data: 12288k
[    4.147747] Freeing unused kernel memory: 1596k freed
[    4.210593] Freeing unused kernel memory: 1184k freed

info: initramfs: up at 4.39
modprobe: module virtio_blk not found in modules.dep
modprobe: module virtio_net not found in modules.dep
info: copying initramfs to /dev/vda
info: initramfs loading root from /dev/vda
info: /etc/init.d/rc.sysinit: up at 9.27
info: container: none
Starting logging: OK
modprobe: module virtio_blk not found in modules.dep
modprobe: module virtio_net not found in modules.dep
WARN: /etc/rc3.d/S10-load-modules failed
Initializing random number generator... done.
Starting acpid: OK
cirros-ds 'local' up at 11.87
found datasource (configdrive, local)
Starting network...
udhcpc (v1.20.1) started
Sending discover...
Sending select for 10.100.0.3...
Lease of 10.100.0.3 obtained, lease time 86400
route: SIOCADDRT: File exists
WARN: failed: route add -net "0.0.0.0/0" gw "10.100.0.1"
Starting dropbear sshd: generating rsa key... generating dsa key... OK
no userdata for datasource
=== system information ===
Platform: OpenStack Foundation OpenStack Nova
Container: none
Arch: x86_64
CPU(s): 1 @ 2292.526 MHz
Cores/Sockets/Threads: 1/1/1
Virt-type: AMD-V
RAM Size: 49MB
Disks:
NAME MAJ:MIN     SIZE LABEL         MOUNTPOINT
vda  253:0   25165824 cirros-rootfs /
sr0   11:0     428032 config-2      
=== sshd host keys ===
-----BEGIN SSH HOST KEY KEYS-----
ssh-rsa AAAAB3NzaC1yc2EAAAADAQABAAAAgwDX8+BnSaED22EMvd6i+50Ueg3LD7vUUDdF1El8i0mqGPrkKnWty7v+lqxGOGUdbEQK0UicvNCbRaAHwzp4Dd13Fx++wa7F7pHOvIa5b+s3Q5dzD9yJK64Qj0mTkt/siNB4d2XfnuI1v6tNwgYegQfLPybTFQg4CrXFCmeI5tQWFn7P root@tempest-server-smoke-429044946
ssh-dss AAAAB3NzaC1kc3MAAACBANSahm65J14fvgpgS0EexEcv9aiCwYnwDHJY5JplwzRFRwRiWCQ4gVFCtoDySsPgT6F9xwpkbWta3/G1LC5k1JJPe72qpeN4T8OPON7t5ZzJ8I8JniWowPRq3zF6T+tOBI4F8X5vdizc0S20i5uGKEqdx6gYUgZh3pZheWVLJ55PAAAAFQDTx4jGIOO9YwoN+OpsxQJFJ9RoQwAAAIEAmMwQ0a9i8NzDIXuG+712af/X2jyuSEqKasOVBmb3R1nUt6CGcS1QO+8pmrPOVDEsX5Yh+JvXEhoHmGina35qkWGwDQb1ODDvP5U+9C4bnZeo0dkN0ASIaSBoevOsthpdSTsbp6lupI6u0xrQvjhuW+IVDcd8X5Bg41/+QNd5McoAAACBAK7cYp/F/9OUalIS/6J9HMbxHJ0zbNCxhhIrq8erx04pD07IRtGO4+dVvyT5p28Bv3hfPOKsNuaOm/oO4MeXnfxafkFy4/nXkAzbjdex3LALWBabBN636EEUZC4CeOxOC6fkb7fC0qB/Y3Kn0GJonyplvDKQ8gWtO15im4TUuda4 root@tempest-server-smoke-429044946
-----END SSH HOST KEY KEYS-----
=== network info ===
if-info: lo,up,127.0.0.1,8,::1
if-info: eth0,up,10.100.0.3,28,fe80::f816:3eff:fe47:b306
ip-route:default via 10.100.0.1 dev eth0 
ip-route:10.100.0.0/28 dev eth0  src 10.100.0.3 
ip-route:169.254.169.254 via 10.100.0.1 dev eth0 
=== datasource: configdrive local ===
instance-id: 6545470a-c17b-4601-bb17-be4f20c29043
name: tempest-server-smoke-429044946
availability-zone: nova
local-hostname: tempest-server-smoke-429044946.novalocal
launch-index: 0
=== cirros: current=0.3.4 uptime=21.67 ===
  ____               ____  ____
 / __/ __ ____ ____ / __ \/ __/
/ /__ / // __// __// /_/ /\ \ 
\___//_//_/  /_/   \____/___/ 
   http://cirros-cloud.net


login as 'cirros' user. default password: 'cubswin:)'. use 'sudo' for root.
tempest-server-smoke-429044946 login: 
2016-01-26 00:47:58,120 14284 INFO     [tempest_lib.common.rest_client] Request (TestNetworkBasicOps:_run_cleanups): 204 DELETE http://10.4.1.3:9696/v2.0/floatingips/bc84f155-eb99-48f0-8c69-05447eaf7e79 0.517s
2016-01-26 00:47:58,120 14284 DEBUG    [tempest_lib.common.rest_client] Request - Headers: {'Content-Type': 'application/json', 'Accept': 'application/json', 'X-Auth-Token': '&lt;omitted&gt;'}
        Body: None
    Response - Headers: {'date': 'Tue, 26 Jan 2016 00:47:58 GMT', 'status': '204', 'connection': 'close', 'content-length': '0', 'x-openstack-request-id': 'req-b6ba3057-fd73-4bfe-b6fc-5995626566fc'}
        Body: 
2016-01-26 00:47:58,481 14284 INFO     [tempest_lib.common.rest_client] Request (TestNetworkBasicOps:_run_cleanups): 204 DELETE http://10.4.1.3:8774/v2.1/cda321a8e9c044878ef36b7c87a0435b/servers/6545470a-c17b-4601-bb17-be4f20c29043 0.360s
2016-01-26 00:47:58,482 14284 DEBUG    [tempest_lib.common.rest_client] Request - Headers: {'Content-Type': 'application/json', 'Accept': 'application/json', 'X-Auth-Token': '&lt;omitted&gt;'}
        Body: None
    Response - Headers: {'status': '204', 'content-length': '0', 'x-compute-request-id': 'req-41746d89-8d83-4ac6-91fa-65fea81d8769', 'vary': 'X-OpenStack-Nova-API-Version', 'connection': 'close', 'x-openstack-nova-api-version': '2.1', 'date': 'Tue, 26 Jan 2016 00:47:58 GMT', 'content-type': 'application/json'}
        Body: 
2016-01-26 00:47:59,105 14284 INFO     [tempest_lib.common.rest_client] Request (TestNetworkBasicOps:_run_cleanups): 200 GET http://10.4.1.3:8774/v2.1/cda321a8e9c044878ef36b7c87a0435b/servers/6545470a-c17b-4601-bb17-be4f20c29043 0.623s
2016-01-26 00:47:59,106 14284 DEBUG    [tempest_lib.common.rest_client] Request - Headers: {'Content-Type': 'application/json', 'Accept': 'application/json', 'X-Auth-Token': '&lt;omitted&gt;'}
        Body: None
    Response - Headers: {'status': '200', 'content-length': '1761', 'content-location': 'http://10.4.1.3:8774/v2.1/cda321a8e9c044878ef36b7c87a0435b/servers/6545470a-c17b-4601-bb17-be4f20c29043', 'x-compute-request-id': 'req-8b14914b-e0f4-4338-b442-5a175d55f6ee', 'vary': 'X-OpenStack-Nova-API-Version', 'connection': 'close', 'x-openstack-nova-api-version': '2.1', 'date': 'Tue, 26 Jan 2016 00:47:59 GMT', 'content-type': 'application/json'}
        Body: {"server": {"status": "ACTIVE", "updated": "2016-01-26T00:47:58Z", "hostId": "b1c98f6153b19ad8c3b2cb5c6e99b689012f57c2cc318f9a1f457ae1", "addresses": {"tempest-network-smoke--1076796384": [{"OS-EXT-IPS-MAC:mac_addr": "fa:16:3e:47:b3:06", "version": 4, "addr": "10.100.0.3", "OS-EXT-IPS:type": "fixed"}, {"OS-EXT-IPS-MAC:mac_addr": "fa:16:3e:47:b3:06", "version": 4, "addr": "172.24.4.16", "OS-EXT-IPS:type": "floating"}]}, "links": [{"href": "http://10.4.1.3:8774/v2.1/cda321a8e9c044878ef36b7c87a0435b/servers/6545470a-c17b-4601-bb17-be4f20c29043", "rel": "self"}, {"href": "http://10.4.1.3:8774/cda321a8e9c044878ef36b7c87a0435b/servers/6545470a-c17b-4601-bb17-be4f20c29043", "rel": "bookmark"}], "key_name": "tempest-TestNetworkBasicOps-760664436", "image": {"id": "31d0458d-2ba4-4802-a35d-5e0cce6884f3", "links": [{"href": "http://10.4.1.3:8774/cda321a8e9c044878ef36b7c87a0435b/images/31d0458d-2ba4-4802-a35d-5e0cce6884f3", "rel": "bookmark"}]}, "OS-EXT-STS:task_state": "deleting", "OS-EXT-STS:vm_state": "active", "OS-SRV-USG:launched_at": "2016-01-26T00:45:32.000000", "flavor": {"id": "42", "links": [{"href": "http://10.4.1.3:8774/cda321a8e9c044878ef36b7c87a0435b/flavors/42", "rel": "bookmark"}]}, "id": "6545470a-c17b-4601-bb17-be4f20c29043", "security_groups": [{"name": "tempest-secgroup-smoke-1378582208"}], "OS-SRV-USG:terminated_at": null, "OS-EXT-AZ:availability_zone": "nova", "user_id": "26c2c7ee50e04bce81f25ed0dbc02a08", "name": "tempest-server-smoke-429044946", "created": "2016-01-26T00:45:28Z", "tenant_id": "cda321a8e9c044878ef36b7c87a0435b", "OS-DCF:diskConfig": "MANUAL", "os-extended-volumes:volumes_attached": [], "accessIPv4": "", "accessIPv6": "", "progress": 0, "OS-EXT-STS:power_state": 1, "config_drive": "True", "metadata": {}}}
2016-01-26 00:48:00,601 14284 INFO     [tempest_lib.common.rest_client] Request (TestNetworkBasicOps:_run_cleanups): 200 GET http://10.4.1.3:8774/v2.1/cda321a8e9c044878ef36b7c87a0435b/servers/6545470a-c17b-4601-bb17-be4f20c29043 0.484s
2016-01-26 00:48:00,601 14284 DEBUG    [tempest_lib.common.rest_client] Request - Headers: {'Content-Type': 'application/json', 'Accept': 'application/json', 'X-Auth-Token': '&lt;omitted&gt;'}
        Body: None
