<?xml version="1.0" encoding="UTF-8"?>
<!DOCTYPE html PUBLIC "-//W3C//DTD XHTML 1.0 Strict//EN"
     "http://www.w3.org/TR/xhtml1/DTD/xhtml1-strict.dtd">
<html xmlns="http://www.w3.org/1999/xhtml">
<head>
    <title>Unit Test Report</title>
    <meta name="generator" content="subunit2html 0.1"/>
    <meta http-equiv="Content-Type" content="text/html; charset=UTF-8"/>
    
<style type="text/css" media="screen">
body        { font-family: verdana, arial, helvetica, sans-serif;
    font-size: 80%; }
table       { font-size: 100%; width: 100%;}
pre         { font-size: 80%; }

/* -- heading -------------------------------------------------------------- */
h1 {
        font-size: 16pt;
        color: gray;
}
.heading {
    margin-top: 0ex;
    margin-bottom: 1ex;
}

.heading .attribute {
    margin-top: 1ex;
    margin-bottom: 0;
}

.heading .description {
    margin-top: 4ex;
    margin-bottom: 6ex;
}

/* -- css div popup -------------------------------------------------------- */
a.popup_link {
}

a.popup_link:hover {
    color: red;
}

.popup_window {
    display: none;
    overflow-x: scroll;
    /*border: solid #627173 1px; */
    padding: 10px;
    background-color: #E6E6D6;
    font-family: "Ubuntu Mono", "Lucida Console", "Courier New", monospace;
    text-align: left;
    font-size: 8pt;
}

}
/* -- report --------------------------------------------------------------- */
#show_detail_line {
    margin-top: 3ex;
    margin-bottom: 1ex;
}
#result_table {
    width: 100%;
    border-collapse: collapse;
    border: 1px solid #777;
}
#header_row {
    font-weight: bold;
    color: white;
    background-color: #777;
}
#result_table td {
    border: 1px solid #777;
    padding: 2px;
}
#total_row  { font-weight: bold; }
.passClass  { background-color: #6c6; }
.failClass  { background-color: #c60; }
.errorClass { background-color: #c00; }
.passCase   { color: #6c6; }
.failCase   { color: #c60; font-weight: bold; }
.errorCase  { color: #c00; font-weight: bold; }
.hiddenRow  { display: none; }
.testcase   { margin-left: 2em; }
td.testname {width: 40%}
td.small {width: 40px}

/* -- ending --------------------------------------------------------------- */
#ending {
}

</style>

</head>
<body>
<script language="javascript" type="text/javascript"><!--
output_list = Array();

/* level - 0:Summary; 1:Failed; 2:All */
function showCase(level) {
    trs = document.getElementsByTagName("tr");
    for (var i = 0; i < trs.length; i++) {
        tr = trs[i];
        id = tr.id;
        if (id.substr(0,2) == 'ft') {
            if (level < 1) {
                tr.className = 'hiddenRow';
            }
            else {
                tr.className = '';
            }
        }
        if (id.substr(0,2) == 'pt') {
            if (level > 1) {
                tr.className = '';
            }
            else {
                tr.className = 'hiddenRow';
            }
        }
    }
}


function showClassDetail(cid, count) {
    var id_list = Array(count);
    var toHide = 1;
    for (var i = 0; i < count; i++) {
        tid0 = 't' + cid.substr(1) + '.' + (i+1);
        tid = 'f' + tid0;
        tr = document.getElementById(tid);
        if (!tr) {
            tid = 'p' + tid0;
            tr = document.getElementById(tid);
        }
        id_list[i] = tid;
        if (tr.className) {
            toHide = 0;
        }
    }
    for (var i = 0; i < count; i++) {
        tid = id_list[i];
        if (toHide) {
            document.getElementById('div_'+tid).style.display = 'none'
            document.getElementById(tid).className = 'hiddenRow';
        }
        else {
            document.getElementById(tid).className = '';
        }
    }
}


function showTestDetail(div_id){
    var details_div = document.getElementById(div_id)
    var displayState = details_div.style.display
    // alert(displayState)
    if (displayState != 'block' ) {
        displayState = 'block'
        details_div.style.display = 'block'
    }
    else {
        details_div.style.display = 'none'
    }
}


function html_escape(s) {
    s = s.replace(/&/g,'&amp;');
    s = s.replace(/</g,'&lt;');
    s = s.replace(/>/g,'&gt;');
    return s;
}

/* obsoleted by detail in <div>
function showOutput(id, name) {
    var w = window.open("", //url
                    name,
                    "resizable,scrollbars,status,width=800,height=450");
    d = w.document;
    d.write("<pre>");
    d.write(html_escape(output_list[id]));
    d.write("\n");
    d.write("<a href='javascript:window.close()'>close</a>\n");
    d.write("</pre>\n");
    d.close();
}
*/
--></script>

<div class='heading'>
<h1>Unit Test Report</h1>

<p class='attribute'><strong>Status:</strong> Pass 1 Failure 7 Skip 1</p>

<p class='description'></p>
</div>



<p id='show_detail_line'>Show
<a href='javascript:showCase(0)'>Summary</a>
<a href='javascript:showCase(1)'>Failed</a>
<a href='javascript:showCase(2)'>All</a>
</p>
<table id='result_table'>
<colgroup>
<col align='left' />
<col align='right' />
<col align='right' />
<col align='right' />
<col align='right' />
<col align='right' />
<col align='right' />
<col align='right' />
</colgroup>
<tr id='header_row'>
    <td>Test Group/Test case</td>
    <td>Count</td>
    <td>Pass</td>
    <td>Fail</td>
    <td>Error</td>
    <td>Skip</td>
    <td>View</td>
    <td> </td>
</tr>

<tr class='failClass'>
    <td class="testname">tempest.scenario.test_network_basic_ops.TestNetworkBasicOps</td>
    <td class="small">9</td>
    <td class="small">1</td>
    <td class="small">7</td>
    <td class="small">0</td>
    <td class="small">1</td>
    <td class="small"><a href="javascript:showClassDetail('c1',9)"
>Detail</a></td>
    <td> </td>
</tr>

<tr id='ft1.1' class='none'>
    <td class='failCase'><div class='testcase'>test_connectivity_between_vms_on_different_networks[compute,id-1546850e-fbaa-42f5-8b5f-03d8a6a95f15,network]</div></td>
    <td colspan='7' align='left'>

    <!--css div popup start-->
    <a class="popup_link" onfocus='this.blur();'
    href="javascript:showTestDetail('div_ft1.1')" >
        fail</a>

    <div id='div_ft1.1' class="popup_window">
        <div style='text-align: right; color:red;cursor:pointer'>
        <a onfocus='this.blur();'
onclick="document.getElementById('div_ft1.1').style.display = 'none' " >
           [x]</a>
        </div>
        <pre>
        
ft1.1: tempest.scenario.test_network_basic_ops.TestNetworkBasicOps.test_connectivity_between_vms_on_different_networks[compute,id-1546850e-fbaa-42f5-8b5f-03d8a6a95f15,network]_StringException: Empty attachments:
  stderr
  stdout

pythonlogging:'': {{{
2015-12-25 03:52:31,023 21875 INFO     [tempest_lib.common.rest_client] Request (TestNetworkBasicOps:test_connectivity_between_vms_on_different_networks): 201 POST http://10.0.2.15:9696/v2.0/security-groups 0.309s
2015-12-25 03:52:31,024 21875 DEBUG    [tempest_lib.common.rest_client] Request - Headers: {'Content-Type': 'application/json', 'Accept': 'application/json', 'X-Auth-Token': '&lt;omitted&gt;'}
        Body: {"security_group": {"tenant_id": "4e06560818134710b291734e503f245d", "description": "tempest-secgroup-smoke-453023380 description", "name": "tempest-secgroup-smoke-453023380"}}
    Response - Headers: {'status': '201', 'content-length': '886', 'connection': 'close', 'date': 'Fri, 25 Dec 2015 03:52:31 GMT', 'content-type': 'application/json; charset=UTF-8', 'x-openstack-request-id': 'req-2592fad3-e505-4fe0-951e-bfb8ea15299b'}
        Body: {"security_group": {"tenant_id": "4e06560818134710b291734e503f245d", "description": "tempest-secgroup-smoke-453023380 description", "id": "3e26acf0-a31d-4918-ab8c-5d593d805584", "security_group_rules": [{"remote_group_id": null, "direction": "egress", "remote_ip_prefix": null, "protocol": null, "ethertype": "IPv4", "tenant_id": "4e06560818134710b291734e503f245d", "port_range_max": null, "port_range_min": null, "id": "78513bb7-3b20-4402-b6b0-7208d473a9d1", "security_group_id": "3e26acf0-a31d-4918-ab8c-5d593d805584"}, {"remote_group_id": null, "direction": "egress", "remote_ip_prefix": null, "protocol": null, "ethertype": "IPv6", "tenant_id": "4e06560818134710b291734e503f245d", "port_range_max": null, "port_range_min": null, "id": "67149682-b0ff-487e-9d0c-62ba728ee42c", "security_group_id": "3e26acf0-a31d-4918-ab8c-5d593d805584"}], "name": "tempest-secgroup-smoke-453023380"}}
2015-12-25 03:52:31,127 21875 INFO     [tempest_lib.common.rest_client] Request (TestNetworkBasicOps:test_connectivity_between_vms_on_different_networks): 201 POST http://10.0.2.15:9696/v2.0/security-group-rules 0.103s
2015-12-25 03:52:31,128 21875 DEBUG    [tempest_lib.common.rest_client] Request - Headers: {'Content-Type': 'application/json', 'Accept': 'application/json', 'X-Auth-Token': '&lt;omitted&gt;'}
        Body: {"security_group_rule": {"direction": "ingress", "protocol": "tcp", "tenant_id": "4e06560818134710b291734e503f245d", "port_range_max": 22, "security_group_id": "3e26acf0-a31d-4918-ab8c-5d593d805584", "port_range_min": 22}}
    Response - Headers: {'status': '201', 'content-length': '340', 'connection': 'close', 'date': 'Fri, 25 Dec 2015 03:52:31 GMT', 'content-type': 'application/json; charset=UTF-8', 'x-openstack-request-id': 'req-e6290463-e640-494a-91e7-2639138d5559'}
        Body: {"security_group_rule": {"remote_group_id": null, "direction": "ingress", "remote_ip_prefix": null, "protocol": "tcp", "ethertype": "IPv4", "tenant_id": "4e06560818134710b291734e503f245d", "port_range_max": 22, "port_range_min": 22, "id": "04066e82-d990-46e9-8450-d29363438e98", "security_group_id": "3e26acf0-a31d-4918-ab8c-5d593d805584"}}
2015-12-25 03:52:31,250 21875 INFO     [tempest_lib.common.rest_client] Request (TestNetworkBasicOps:test_connectivity_between_vms_on_different_networks): 201 POST http://10.0.2.15:9696/v2.0/security-group-rules 0.120s
2015-12-25 03:52:31,250 21875 DEBUG    [tempest_lib.common.rest_client] Request - Headers: {'Content-Type': 'application/json', 'Accept': 'application/json', 'X-Auth-Token': '&lt;omitted&gt;'}
        Body: {"security_group_rule": {"direction": "egress", "protocol": "tcp", "tenant_id": "4e06560818134710b291734e503f245d", "port_range_max": 22, "security_group_id": "3e26acf0-a31d-4918-ab8c-5d593d805584", "port_range_min": 22}}
    Response - Headers: {'status': '201', 'content-length': '339', 'connection': 'close', 'date': 'Fri, 25 Dec 2015 03:52:31 GMT', 'content-type': 'application/json; charset=UTF-8', 'x-openstack-request-id': 'req-b9c189b3-6c78-4af9-89e5-3370543e782c'}
        Body: {"security_group_rule": {"remote_group_id": null, "direction": "egress", "remote_ip_prefix": null, "protocol": "tcp", "ethertype": "IPv4", "tenant_id": "4e06560818134710b291734e503f245d", "port_range_max": 22, "port_range_min": 22, "id": "51b659e2-c392-4f79-8b3d-3be22001a11b", "security_group_id": "3e26acf0-a31d-4918-ab8c-5d593d805584"}}
2015-12-25 03:52:31,377 21875 INFO     [tempest_lib.common.rest_client] Request (TestNetworkBasicOps:test_connectivity_between_vms_on_different_networks): 201 POST http://10.0.2.15:9696/v2.0/security-group-rules 0.125s
2015-12-25 03:52:31,377 21875 DEBUG    [tempest_lib.common.rest_client] Request - Headers: {'Content-Type': 'application/json', 'Accept': 'application/json', 'X-Auth-Token': '&lt;omitted&gt;'}
        Body: {"security_group_rule": {"tenant_id": "4e06560818134710b291734e503f245d", "direction": "ingress", "protocol": "icmp", "security_group_id": "3e26acf0-a31d-4918-ab8c-5d593d805584"}}
    Response - Headers: {'status': '201', 'content-length': '345', 'connection': 'close', 'date': 'Fri, 25 Dec 2015 03:52:31 GMT', 'content-type': 'application/json; charset=UTF-8', 'x-openstack-request-id': 'req-b9b32781-11cf-46aa-b1be-5c9271611dd2'}
        Body: {"security_group_rule": {"remote_group_id": null, "direction": "ingress", "remote_ip_prefix": null, "protocol": "icmp", "ethertype": "IPv4", "tenant_id": "4e06560818134710b291734e503f245d", "port_range_max": null, "port_range_min": null, "id": "3b4be1e0-a4f9-48db-9fd1-659d1f327372", "security_group_id": "3e26acf0-a31d-4918-ab8c-5d593d805584"}}
2015-12-25 03:52:31,499 21875 INFO     [tempest_lib.common.rest_client] Request (TestNetworkBasicOps:test_connectivity_between_vms_on_different_networks): 201 POST http://10.0.2.15:9696/v2.0/security-group-rules 0.120s
2015-12-25 03:52:31,500 21875 DEBUG    [tempest_lib.common.rest_client] Request - Headers: {'Content-Type': 'application/json', 'Accept': 'application/json', 'X-Auth-Token': '&lt;omitted&gt;'}
        Body: {"security_group_rule": {"tenant_id": "4e06560818134710b291734e503f245d", "direction": "egress", "protocol": "icmp", "security_group_id": "3e26acf0-a31d-4918-ab8c-5d593d805584"}}
    Response - Headers: {'status': '201', 'content-length': '344', 'connection': 'close', 'date': 'Fri, 25 Dec 2015 03:52:31 GMT', 'content-type': 'application/json; charset=UTF-8', 'x-openstack-request-id': 'req-bfb871bd-899b-4af8-a545-f598daac8f57'}
        Body: {"security_group_rule": {"remote_group_id": null, "direction": "egress", "remote_ip_prefix": null, "protocol": "icmp", "ethertype": "IPv4", "tenant_id": "4e06560818134710b291734e503f245d", "port_range_max": null, "port_range_min": null, "id": "41f568f6-f21b-4a2e-b010-84219331e4a1", "security_group_id": "3e26acf0-a31d-4918-ab8c-5d593d805584"}}
2015-12-25 03:52:31,618 21875 INFO     [tempest_lib.common.rest_client] Request (TestNetworkBasicOps:test_connectivity_between_vms_on_different_networks): 201 POST http://10.0.2.15:9696/v2.0/security-group-rules 0.117s
2015-12-25 03:52:31,619 21875 DEBUG    [tempest_lib.common.rest_client] Request - Headers: {'Content-Type': 'application/json', 'Accept': 'application/json', 'X-Auth-Token': '&lt;omitted&gt;'}
        Body: {"security_group_rule": {"tenant_id": "4e06560818134710b291734e503f245d", "direction": "ingress", "security_group_id": "3e26acf0-a31d-4918-ab8c-5d593d805584", "protocol": "icmp", "ethertype": "IPv6"}}
    Response - Headers: {'status': '201', 'content-length': '345', 'connection': 'close', 'date': 'Fri, 25 Dec 2015 03:52:31 GMT', 'content-type': 'application/json; charset=UTF-8', 'x-openstack-request-id': 'req-b00c6d56-1dd7-46cb-8471-31ffcca77d41'}
        Body: {"security_group_rule": {"remote_group_id": null, "direction": "ingress", "remote_ip_prefix": null, "protocol": "icmp", "ethertype": "IPv6", "tenant_id": "4e06560818134710b291734e503f245d", "port_range_max": null, "port_range_min": null, "id": "4624be5f-df35-4672-9db0-1c7efe77abbf", "security_group_id": "3e26acf0-a31d-4918-ab8c-5d593d805584"}}
2015-12-25 03:52:31,742 21875 INFO     [tempest_lib.common.rest_client] Request (TestNetworkBasicOps:test_connectivity_between_vms_on_different_networks): 201 POST http://10.0.2.15:9696/v2.0/security-group-rules 0.122s
2015-12-25 03:52:31,743 21875 DEBUG    [tempest_lib.common.rest_client] Request - Headers: {'Content-Type': 'application/json', 'Accept': 'application/json', 'X-Auth-Token': '&lt;omitted&gt;'}
        Body: {"security_group_rule": {"tenant_id": "4e06560818134710b291734e503f245d", "direction": "egress", "security_group_id": "3e26acf0-a31d-4918-ab8c-5d593d805584", "protocol": "icmp", "ethertype": "IPv6"}}
    Response - Headers: {'status': '201', 'content-length': '344', 'connection': 'close', 'date': 'Fri, 25 Dec 2015 03:52:31 GMT', 'content-type': 'application/json; charset=UTF-8', 'x-openstack-request-id': 'req-d89837c5-37e5-420c-a25c-ff1d3f09fccd'}
        Body: {"security_group_rule": {"remote_group_id": null, "direction": "egress", "remote_ip_prefix": null, "protocol": "icmp", "ethertype": "IPv6", "tenant_id": "4e06560818134710b291734e503f245d", "port_range_max": null, "port_range_min": null, "id": "61fcb0c1-f802-4717-8b4e-c1b16c5bcffe", "security_group_id": "3e26acf0-a31d-4918-ab8c-5d593d805584"}}
2015-12-25 03:52:31,919 21875 INFO     [tempest_lib.common.rest_client] Request (TestNetworkBasicOps:test_connectivity_between_vms_on_different_networks): 201 POST http://10.0.2.15:9696/v2.0/networks 0.174s
2015-12-25 03:52:31,919 21875 DEBUG    [tempest_lib.common.rest_client] Request - Headers: {'Content-Type': 'application/json', 'Accept': 'application/json', 'X-Auth-Token': '&lt;omitted&gt;'}
        Body: {"network": {"tenant_id": "4e06560818134710b291734e503f245d", "name": "tempest-network-smoke--1184261971"}}
    Response - Headers: {'status': '201', 'content-length': '327', 'connection': 'close', 'date': 'Fri, 25 Dec 2015 03:52:31 GMT', 'content-type': 'application/json; charset=UTF-8', 'x-openstack-request-id': 'req-97435ec4-232c-4023-a5b4-b296d2b031dc'}
        Body: {"network": {"status": "ACTIVE", "subnets": [], "availability_zone_hints": [], "name": "tempest-network-smoke--1184261971", "admin_state_up": true, "tenant_id": "4e06560818134710b291734e503f245d", "mtu": 0, "router:external": false, "shared": false, "port_security_enabled": true, "id": "6509834a-dd1f-48be-9fd9-b55834ac30eb"}}
2015-12-25 03:52:32,005 21875 INFO     [tempest_lib.common.rest_client] Request (TestNetworkBasicOps:test_connectivity_between_vms_on_different_networks): 201 POST http://10.0.2.15:9696/v2.0/routers 0.084s
2015-12-25 03:52:32,005 21875 DEBUG    [tempest_lib.common.rest_client] Request - Headers: {'Content-Type': 'application/json', 'Accept': 'application/json', 'X-Auth-Token': '&lt;omitted&gt;'}
        Body: {"router": {"tenant_id": "4e06560818134710b291734e503f245d", "name": "tempest-router-smoke-2008490261", "admin_state_up": true}}
    Response - Headers: {'status': '201', 'content-length': '296', 'connection': 'close', 'date': 'Fri, 25 Dec 2015 03:52:32 GMT', 'content-type': 'application/json; charset=UTF-8', 'x-openstack-request-id': 'req-cf6392a0-9b2a-4e22-85c0-16144ad09bf4'}
        Body: {"router": {"status": "ACTIVE", "external_gateway_info": null, "availability_zone_hints": [], "availability_zones": [], "name": "tempest-router-smoke-2008490261", "admin_state_up": true, "tenant_id": "4e06560818134710b291734e503f245d", "routes": [], "id": "79c91aad-ef88-4fe2-8129-856e9a521fc5"}}
2015-12-25 03:52:32,062 21875 INFO     [tempest_lib.common.rest_client] Request (TestNetworkBasicOps:test_connectivity_between_vms_on_different_networks): 200 GET http://10.0.2.15:9696/v2.0/routers/79c91aad-ef88-4fe2-8129-856e9a521fc5 0.055s
2015-12-25 03:52:32,062 21875 DEBUG    [tempest_lib.common.rest_client] Request - Headers: {'Content-Type': 'application/json', 'Accept': 'application/json', 'X-Auth-Token': '&lt;omitted&gt;'}
        Body: None
    Response - Headers: {'status': '200', 'content-length': '296', 'content-location': 'http://10.0.2.15:9696/v2.0/routers/79c91aad-ef88-4fe2-8129-856e9a521fc5', 'connection': 'close', 'date': 'Fri, 25 Dec 2015 03:52:32 GMT', 'content-type': 'application/json; charset=UTF-8', 'x-openstack-request-id': 'req-026f56f9-4d46-4a75-9b34-00cc8910b4a7'}
        Body: {"router": {"status": "ACTIVE", "external_gateway_info": null, "availability_zone_hints": [], "availability_zones": [], "name": "tempest-router-smoke-2008490261", "admin_state_up": true, "tenant_id": "4e06560818134710b291734e503f245d", "routes": [], "id": "79c91aad-ef88-4fe2-8129-856e9a521fc5"}}
2015-12-25 03:52:32,823 21875 INFO     [tempest_lib.common.rest_client] Request (TestNetworkBasicOps:test_connectivity_between_vms_on_different_networks): 200 PUT http://10.0.2.15:9696/v2.0/routers/79c91aad-ef88-4fe2-8129-856e9a521fc5 0.759s
2015-12-25 03:52:32,823 21875 DEBUG    [tempest_lib.common.rest_client] Request - Headers: {'Content-Type': 'application/json', 'Accept': 'application/json', 'X-Auth-Token': '&lt;omitted&gt;'}
        Body: {"router": {"external_gateway_info": {"network_id": "076fa3cc-892a-4e48-8a3a-1b30587aaef6"}, "name": "tempest-router-smoke-2008490261", "admin_state_up": true}}
    Response - Headers: {'status': '200', 'content-length': '558', 'connection': 'close', 'date': 'Fri, 25 Dec 2015 03:52:32 GMT', 'content-type': 'application/json; charset=UTF-8', 'x-openstack-request-id': 'req-3b1fdfb6-3fdc-4de1-b19f-1fca08a776b3'}
        Body: {"router": {"status": "ACTIVE", "external_gateway_info": {"network_id": "076fa3cc-892a-4e48-8a3a-1b30587aaef6", "enable_snat": true, "external_fixed_ips": [{"subnet_id": "65b880aa-bf14-456d-b2ba-fb014a98351c", "ip_address": "172.24.4.3"}, {"subnet_id": "47d38f41-fd61-49a0-bdd8-133b8e7fba7d", "ip_address": "2001:db8::4"}]}, "availability_zone_hints": [], "availability_zones": [], "name": "tempest-router-smoke-2008490261", "admin_state_up": true, "tenant_id": "4e06560818134710b291734e503f245d", "routes": [], "id": "79c91aad-ef88-4fe2-8129-856e9a521fc5"}}
2015-12-25 03:52:32,994 21875 INFO     [tempest_lib.common.rest_client] Request (TestNetworkBasicOps:test_connectivity_between_vms_on_different_networks): 200 GET http://10.0.2.15:9696/v2.0/subnets?tenant_id=4e06560818134710b291734e503f245d&amp;cidr=10.100.0.0%2F28 0.169s
2015-12-25 03:52:32,994 21875 DEBUG    [tempest_lib.common.rest_client] Request - Headers: {'Content-Type': 'application/json', 'Accept': 'application/json', 'X-Auth-Token': '&lt;omitted&gt;'}
        Body: None
    Response - Headers: {'status': '200', 'content-length': '15', 'content-location': 'http://10.0.2.15:9696/v2.0/subnets?tenant_id=4e06560818134710b291734e503f245d&amp;cidr=10.100.0.0%2F28', 'connection': 'close', 'date': 'Fri, 25 Dec 2015 03:52:32 GMT', 'content-type': 'application/json; charset=UTF-8', 'x-openstack-request-id': 'req-e5ae9bec-eeaf-438d-976b-42ca147d52b0'}
        Body: {"subnets": []}
2015-12-25 03:52:33,332 21875 INFO     [tempest_lib.common.rest_client] Request (TestNetworkBasicOps:test_connectivity_between_vms_on_different_networks): 201 POST http://10.0.2.15:9696/v2.0/subnets 0.337s
2015-12-25 03:52:33,333 21875 DEBUG    [tempest_lib.common.rest_client] Request - Headers: {'Content-Type': 'application/json', 'Accept': 'application/json', 'X-Auth-Token': '&lt;omitted&gt;'}
        Body: {"subnet": {"ip_version": 4, "tenant_id": "4e06560818134710b291734e503f245d", "cidr": "10.100.0.0/28", "network_id": "6509834a-dd1f-48be-9fd9-b55834ac30eb", "name": "tempest-subnet-smoke-1446630194"}}
    Response - Headers: {'status': '201', 'content-length': '478', 'connection': 'close', 'date': 'Fri, 25 Dec 2015 03:52:33 GMT', 'content-type': 'application/json; charset=UTF-8', 'x-openstack-request-id': 'req-70d544c7-8829-4822-aedd-bbbe08ebfd28'}
        Body: {"subnet": {"name": "tempest-subnet-smoke-1446630194", "enable_dhcp": true, "network_id": "6509834a-dd1f-48be-9fd9-b55834ac30eb", "tenant_id": "4e06560818134710b291734e503f245d", "dns_nameservers": [], "gateway_ip": "10.100.0.1", "ipv6_ra_mode": null, "allocation_pools": [{"start": "10.100.0.2", "end": "10.100.0.14"}], "host_routes": [], "ip_version": 4, "ipv6_address_mode": null, "cidr": "10.100.0.0/28", "id": "d28f87ef-3442-47b1-b1ee-c862356b0e79", "subnetpool_id": null}}
2015-12-25 03:52:34,076 21875 INFO     [tempest_lib.common.rest_client] Request (TestNetworkBasicOps:test_connectivity_between_vms_on_different_networks): 200 PUT http://10.0.2.15:9696/v2.0/routers/79c91aad-ef88-4fe2-8129-856e9a521fc5/add_router_interface 0.743s
2015-12-25 03:52:34,077 21875 DEBUG    [tempest_lib.common.rest_client] Request - Headers: {'Content-Type': 'application/json', 'Accept': 'application/json', 'X-Auth-Token': '&lt;omitted&gt;'}
        Body: {"subnet_id": "d28f87ef-3442-47b1-b1ee-c862356b0e79"}
    Response - Headers: {'status': '200', 'content-length': '255', 'connection': 'close', 'date': 'Fri, 25 Dec 2015 03:52:34 GMT', 'content-type': 'application/json; charset=UTF-8', 'x-openstack-request-id': 'req-882324f9-4b49-4664-9fa6-a6bb39a3cfb9'}
        Body: {"subnet_id": "d28f87ef-3442-47b1-b1ee-c862356b0e79", "tenant_id": "4e06560818134710b291734e503f245d", "subnet_ids": ["d28f87ef-3442-47b1-b1ee-c862356b0e79"], "port_id": "049d36cf-e24e-4628-a6b3-2680d6fe0a10", "id": "79c91aad-ef88-4fe2-8129-856e9a521fc5"}
2015-12-25 03:52:34,133 21875 INFO     [tempest_lib.common.rest_client] Request (TestNetworkBasicOps:test_connectivity_between_vms_on_different_networks): 200 GET http://10.0.2.15:9696/v2.0/networks 0.055s
2015-12-25 03:52:34,133 21875 DEBUG    [tempest_lib.common.rest_client] Request - Headers: {'Content-Type': 'application/json', 'Accept': 'application/json', 'X-Auth-Token': '&lt;omitted&gt;'}
        Body: None
    Response - Headers: {'status': '200', 'content-length': '1507', 'content-location': 'http://10.0.2.15:9696/v2.0/networks', 'connection': 'close', 'date': 'Fri, 25 Dec 2015 03:52:34 GMT', 'content-type': 'application/json; charset=UTF-8', 'x-openstack-request-id': 'req-26e082f1-86f1-472c-9fa3-843874ed57bb'}
        Body: {"networks": [{"status": "ACTIVE", "subnets": ["d28f87ef-3442-47b1-b1ee-c862356b0e79"], "availability_zone_hints": [], "availability_zones": ["nova"], "name": "tempest-network-smoke--1184261971", "provider:physical_network": null, "admin_state_up": true, "tenant_id": "4e06560818134710b291734e503f245d", "mtu": 0, "router:external": false, "shared": false, "port_security_enabled": true, "provider:network_type": "vxlan", "id": "6509834a-dd1f-48be-9fd9-b55834ac30eb", "provider:segmentation_id": 1046}, {"status": "ACTIVE", "subnets": ["65b880aa-bf14-456d-b2ba-fb014a98351c", "47d38f41-fd61-49a0-bdd8-133b8e7fba7d"], "availability_zone_hints": [], "availability_zones": ["nova"], "name": "public", "provider:physical_network": null, "admin_state_up": true, "tenant_id": "5923ab9170ec4c77b58a28bd5861024a", "mtu": 0, "router:external": true, "shared": false, "port_security_enabled": true, "provider:network_type": "vxlan", "id": "076fa3cc-892a-4e48-8a3a-1b30587aaef6", "provider:segmentation_id": 1081}, {"status": "ACTIVE", "subnets": ["d5304d2b-f315-439b-a75a-a69f6c291549", "d0c30652-2ade-4baf-ab73-2e8cdbcfd6c9"], "availability_zone_hints": [], "availability_zones": ["nova"], "name": "private", "provider:physical_network": null, "admin_state_up": true, "tenant_id": "f6cd87e23e8a4db5bd551b77953b5ad5", "mtu": 0, "router:external": false, "shared": false, "port_security_enabled": true, "provider:network_type": "vxlan", "id": "a04765b2-d5ba-44cf-a5c2-aa2180b181ae", "provider:segmentation_id": 1059}]}
2015-12-25 03:52:34,177 21875 INFO     [tempest_lib.common.rest_client] Request (TestNetworkBasicOps:test_connectivity_between_vms_on_different_networks): 200 GET http://10.0.2.15:9696/v2.0/subnets 0.043s
2015-12-25 03:52:34,178 21875 DEBUG    [tempest_lib.common.rest_client] Request - Headers: {'Content-Type': 'application/json', 'Accept': 'application/json', 'X-Auth-Token': '&lt;omitted&gt;'}
        Body: None
    Response - Headers: {'status': '200', 'content-length': '2408', 'content-location': 'http://10.0.2.15:9696/v2.0/subnets', 'connection': 'close', 'date': 'Fri, 25 Dec 2015 03:52:34 GMT', 'content-type': 'application/json; charset=UTF-8', 'x-openstack-request-id': 'req-82ab3dd2-6321-400f-8f72-67294cb5291a'}
        Body: {"subnets": [{"name": "ipv6-private-subnet", "enable_dhcp": true, "network_id": "a04765b2-d5ba-44cf-a5c2-aa2180b181ae", "tenant_id": "f6cd87e23e8a4db5bd551b77953b5ad5", "dns_nameservers": [], "gateway_ip": "fdbc:fd09:ed82::1", "ipv6_ra_mode": "slaac", "allocation_pools": [{"start": "fdbc:fd09:ed82::2", "end": "fdbc:fd09:ed82:0:ffff:ffff:ffff:ffff"}], "host_routes": [], "ip_version": 6, "ipv6_address_mode": "slaac", "cidr": "fdbc:fd09:ed82::/64", "id": "d0c30652-2ade-4baf-ab73-2e8cdbcfd6c9", "subnetpool_id": null}, {"name": "public-subnet", "enable_dhcp": false, "network_id": "076fa3cc-892a-4e48-8a3a-1b30587aaef6", "tenant_id": "5923ab9170ec4c77b58a28bd5861024a", "dns_nameservers": [], "gateway_ip": "172.24.4.1", "ipv6_ra_mode": null, "allocation_pools": [{"start": "172.24.4.2", "end": "172.24.4.254"}], "host_routes": [], "ip_version": 4, "ipv6_address_mode": null, "cidr": "172.24.4.0/24", "id": "65b880aa-bf14-456d-b2ba-fb014a98351c", "subnetpool_id": null}, {"name": "ipv6-public-subnet", "enable_dhcp": false, "network_id": "076fa3cc-892a-4e48-8a3a-1b30587aaef6", "tenant_id": "5923ab9170ec4c77b58a28bd5861024a", "dns_nameservers": [], "gateway_ip": "2001:db8::2", "ipv6_ra_mode": null, "allocation_pools": [{"start": "2001:db8::1", "end": "2001:db8::1"}, {"start": "2001:db8::3", "end": "2001:db8::ffff:ffff:ffff:ffff"}], "host_routes": [], "ip_version": 6, "ipv6_address_mode": null, "cidr": "2001:db8::/64", "id": "47d38f41-fd61-49a0-bdd8-133b8e7fba7d", "subnetpool_id": null}, {"name": "private-subnet", "enable_dhcp": true, "network_id": "a04765b2-d5ba-44cf-a5c2-aa2180b181ae", "tenant_id": "f6cd87e23e8a4db5bd551b77953b5ad5", "dns_nameservers": [], "gateway_ip": "10.0.0.1", "ipv6_ra_mode": null, "allocation_pools": [{"start": "10.0.0.2", "end": "10.0.0.254"}], "host_routes": [], "ip_version": 4, "ipv6_address_mode": null, "cidr": "10.0.0.0/24", "id": "d5304d2b-f315-439b-a75a-a69f6c291549", "subnetpool_id": null}, {"name": "tempest-subnet-smoke-1446630194", "enable_dhcp": true, "network_id": "6509834a-dd1f-48be-9fd9-b55834ac30eb", "tenant_id": "4e06560818134710b291734e503f245d", "dns_nameservers": [], "gateway_ip": "10.100.0.1", "ipv6_ra_mode": null, "allocation_pools": [{"start": "10.100.0.2", "end": "10.100.0.14"}], "host_routes": [], "ip_version": 4, "ipv6_address_mode": null, "cidr": "10.100.0.0/28", "id": "d28f87ef-3442-47b1-b1ee-c862356b0e79", "subnetpool_id": null}]}
2015-12-25 03:52:34,392 21875 INFO     [tempest_lib.common.rest_client] Request (TestNetworkBasicOps:test_connectivity_between_vms_on_different_networks): 200 GET http://10.0.2.15:9696/v2.0/routers 0.213s
2015-12-25 03:52:34,392 21875 DEBUG    [tempest_lib.common.rest_client] Request - Headers: {'Content-Type': 'application/json', 'Accept': 'application/json', 'X-Auth-Token': '&lt;omitted&gt;'}
        Body: None
    Response - Headers: {'status': '200', 'content-length': '1167', 'content-location': 'http://10.0.2.15:9696/v2.0/routers', 'connection': 'close', 'date': 'Fri, 25 Dec 2015 03:52:34 GMT', 'content-type': 'application/json; charset=UTF-8', 'x-openstack-request-id': 'req-43a7d8af-7100-44de-8683-243ace352cc9'}
        Body: {"routers": [{"status": "ACTIVE", "external_gateway_info": {"network_id": "076fa3cc-892a-4e48-8a3a-1b30587aaef6", "enable_snat": true, "external_fixed_ips": [{"subnet_id": "65b880aa-bf14-456d-b2ba-fb014a98351c", "ip_address": "172.24.4.3"}, {"subnet_id": "47d38f41-fd61-49a0-bdd8-133b8e7fba7d", "ip_address": "2001:db8::4"}]}, "availability_zone_hints": [], "availability_zones": ["nova"], "name": "tempest-router-smoke-2008490261", "admin_state_up": true, "tenant_id": "4e06560818134710b291734e503f245d", "distributed": false, "routes": [], "ha": false, "id": "79c91aad-ef88-4fe2-8129-856e9a521fc5"}, {"status": "ACTIVE", "external_gateway_info": {"network_id": "076fa3cc-892a-4e48-8a3a-1b30587aaef6", "enable_snat": true, "external_fixed_ips": [{"subnet_id": "65b880aa-bf14-456d-b2ba-fb014a98351c", "ip_address": "172.24.4.2"}, {"subnet_id": "47d38f41-fd61-49a0-bdd8-133b8e7fba7d", "ip_address": "2001:db8::3"}]}, "availability_zone_hints": [], "availability_zones": ["nova"], "name": "router1", "admin_state_up": true, "tenant_id": "f6cd87e23e8a4db5bd551b77953b5ad5", "distributed": false, "routes": [], "ha": false, "id": "86108e5e-4f33-4f4b-8530-9775fb74ab57"}]}
2015-12-25 03:52:34,786 21875 INFO     [tempest_lib.common.rest_client] Request (TestNetworkBasicOps:test_connectivity_between_vms_on_different_networks): 200 POST http://10.0.2.15:8774/v2.1/4e06560818134710b291734e503f245d/os-keypairs 0.392s
2015-12-25 03:52:34,786 21875 DEBUG    [tempest_lib.common.rest_client] Request - Headers: {'Content-Type': 'application/json', 'Accept': 'application/json', 'X-Auth-Token': '&lt;omitted&gt;'}
        Body: {"keypair": {"name": "tempest-TestNetworkBasicOps-582805104"}}
    Response - Headers: {'status': '200', 'content-length': '2324', 'x-compute-request-id': 'req-a96cfce5-555f-481b-a03a-bc152201345c', 'vary': 'X-OpenStack-Nova-API-Version', 'connection': 'close', 'x-openstack-nova-api-version': '2.1', 'date': 'Fri, 25 Dec 2015 03:52:34 GMT', 'content-type': 'application/json'}
        Body: {"keypair": {"public_key": "ssh-rsa AAAAB3NzaC1yc2EAAAADAQABAAABAQCteUJXjmILVy+vy0uAPlF6PvDeiEU8sw7anaMGLScLI6BYwKQ/AxhFcIxznuwm8Hi28g1GWZRvpT1AOIwi8JZtzcGFYxOLYqy5Qb1xW8rwscoCOq9IKzhtfXXO6amFd7gbI6yNlNHCcL2ZG3aPWsq7a4lI/2LTXweN8LR7VAqGjIiFW+tlpsDu000UlaCqmYhQMmKFgdQ6qoS5aVTQgkdAnkOKX5aZom1IEh19NAE/BEKynDW4rGPJ0q2KkRV63T44pZdu9f3aqvWYY9nrjXuEyGXyvXl1KQj63d0zHo9gYzPpFblfFZmoyZ5Gp50Kot30I7PoPi45q0Sp6Leq2K6v Generated-by-Nova", "private_key": "-----BEGIN RSA PRIVATE KEY-----\nMIIEqgIBAAKCAQEArXlCV45iC1cvr8tLgD5Rej7w3ohFPLMO2p2jBi0nCyOgWMCk\nPwMYRXCMc57sJvB4tvINRlmUb6U9QDiMIvCWbc3BhWMTi2KsuUG9cVvK8LHKAjqv\nSCs4bX11zumphXe4GyOsjZTRwnC9mRt2j1rKu2uJSP9i018HjfC0e1QKhoyIhVvr\nZabA7tNNFJWgqpmIUDJihYHUOqqEuWlU0IJHQJ5Dil+WmaJtSBIdfTQBPwRCspw1\nuKxjydKtipEVet0+OKWXbvX92qr1mGPZ6417hMhl8r15dSkI+t3dMx6PYGMz6RW5\nXxWZqMmeRqedCqLd9COz6D4uOatEqei3qtiurwIDAQABAoIBAQCF1zy8WPqETWxZ\ncbx64Znze4RT7UeeIXiga2dQaJ3rFj2svFT82OJtEP0MZ91D3d0FKZPcZ1kDGrY7\nSmW0v3MQnONmip6VuDgTZwlG4M+fDU0SkzyRrecHcvjl/5nvhALjzY5gXiXIoztl\nWa8Lw70PBVUSoRgahQNLHB/j11+XlqfPS2J5olGKpIavpqm95ZdGTLmhVGTFddT8\nAXwT9hzFefKTVMW+ATudAAAghTC1vSsGWPLvn0ExIgZ826cWp2VnipDNufXSroJy\n8QhzhPk/bOmvtkYLAgPi1fLyPrfQPXRejewunKDN0IxdFp37NuSXIUF1JyT9iH/V\nFRCONR6hAoIAgQDDUyXQeoc3Zum5PAyXK5WrgDOQE3TiwZKYaR9jJm5QMlHw9SxU\n6h/mP3y0X+kBXwnJ3M5VTfCmg5CtajDYfU+rVGqnR/eI+THftec1EwuWyyVNwogR\nTQyzyFvtg17ChJdOyVVpbDlF03wp5kqAN6PDslNMgG+uuzk8PSbaVHiG0wKCAIEA\n41xwn4pwLuFK1svul3Tu5XCxCUGO3dwxAJ3cLhujPbxjFcf5ZHa1nS1sVbDHRvFs\n/aCK8E+/R31JB5rd5kL2egH63EOI4NatXoo7s0MVizDjOb3zEvjdDWGFvAtHIYkf\nh+fyUd6vnW9uK4sj4upsUfqpNtR+ZGoGOhgKW13XBzUCggCBAL3yvUJp9dcd4Ms/\np2rXetzmdr50/WWLI7nN+TUd6YdZ+C/g7bTCXjU2plpvLxQjTUyey5VPj2kPZwIN\n0+SksHaISJPXO9VbqXHJ30fQ9qM1eViOhm50xJaNkUCAUgXOlaqLxuEX2vaZvRSu\nHONluH+WisVJ3dJJxlZbjc4i+Xb7AoIAgGTsLKX1CrUUlmbgYUljw4OfUUZ9jlBX\nJH1UlV72L7EAxa7udHqu4xEhD5y9+sc39ZxjvijMDWlLaLZyfRtwD/66kENjywea\n45w6miOJnK+LhOGlupdqVp1Q888z5mAxgQiP4hWLVsL4qpuziLt6OZjuPlyzWGN0\nWM1CzJ4f+oodAoIAgQCKGGc5oxpN8SKMmOaa2eNkuhOSqZbeAxyHEtHcgMl/e6+P\npZk2IuyHRw1IpsHWwExWcK6L7zrOuPjyqqx3iay1cdzh8FoY8xq6sw8PFFWF+9qC\nVh1mSQWhcsSS85VA6w4AeO4cuwDZXKFR0+ZGW+W3sRx5imoe9Gk2rGRhTLynAA==\n-----END RSA PRIVATE KEY-----\n", "user_id": "f035f14adee34d8590b59a44f82d6f37", "name": "tempest-TestNetworkBasicOps-582805104", "fingerprint": "24:78:36:3b:c1:c8:1e:83:39:b6:54:12:49:08:66:dc"}}
2015-12-25 03:52:34,910 21875 INFO     [tempest_lib.common.rest_client] Request (TestNetworkBasicOps:test_connectivity_between_vms_on_different_networks): 200 POST http://10.0.2.15:5000/v2.0/tokens
2015-12-25 03:52:34,910 21875 DEBUG    [tempest_lib.common.rest_client] Request - Headers: {'Content-Type': 'application/json', 'Accept': 'application/json'}
        Body: &lt;omitted&gt;
    Response - Headers: {'status': '200', 'content-length': '2528', 'vary': 'X-Auth-Token', 'server': 'Apache/2.4.7 (Ubuntu)', 'connection': 'close', 'date': 'Fri, 25 Dec 2015 03:52:34 GMT', 'content-type': 'application/json', 'x-openstack-request-id': 'req-908f6a5f-04af-4efa-b9ce-30811cd55c08'}
        Body: {"access": {"token": {"issued_at": "2015-12-25T03:52:34.901532", "expires": "2015-12-25T04:52:34Z", "id": "b977cf42adb94871a512c38965c2e20c", "tenant": {"description": "tempest-TestNetworkBasicOps-2003690409-desc", "enabled": true, "id": "4e06560818134710b291734e503f245d", "name": "tempest-TestNetworkBasicOps-2003690409"}, "audit_ids": ["kwqn7o2uQcmCTeApwGAOYg"]}, "serviceCatalog": [{"endpoints": [{"adminURL": "http://10.0.2.15:8774/v2.1/4e06560818134710b291734e503f245d", "region": "RegionOne", "internalURL": "http://10.0.2.15:8774/v2.1/4e06560818134710b291734e503f245d", "id": "0f2076aad4d64725a0332dd907c98a9a", "publicURL": "http://10.0.2.15:8774/v2.1/4e06560818134710b291734e503f245d"}], "endpoints_links": [], "type": "compute", "name": "nova"}, {"endpoints": [{"adminURL": "http://10.0.2.15:9696/", "region": "RegionOne", "internalURL": "http://10.0.2.15:9696/", "id": "1d2eba3c33984a958e19cdbc87502b85", "publicURL": "http://10.0.2.15:9696/"}], "endpoints_links": [], "type": "network", "name": "neutron"}, {"endpoints": [{"adminURL": "http://10.0.2.15:9292", "region": "RegionOne", "internalURL": "http://10.0.2.15:9292", "id": "76ba1f64555c4aba90b7e01a56cda725", "publicURL": "http://10.0.2.15:9292"}], "endpoints_links": [], "type": "image", "name": "glance"}, {"endpoints": [{"adminURL": "http://10.0.2.15:8774/v2/4e06560818134710b291734e503f245d", "region": "RegionOne", "internalURL": "http://10.0.2.15:8774/v2/4e06560818134710b291734e503f245d", "id": "473eebb8fec342198d7cac371c0cbc75", "publicURL": "http://10.0.2.15:8774/v2/4e06560818134710b291734e503f245d"}], "endpoints_links": [], "type": "compute_legacy", "name": "nova_legacy"}, {"endpoints": [{"adminURL": "http://10.0.2.15:8773/", "region": "RegionOne", "internalURL": "http://10.0.2.15:8773/", "id": "13fa40d0b2554c0d9ae38f82ed879ed7", "publicURL": "http://10.0.2.15:8773/"}], "endpoints_links": [], "type": "ec2", "name": "ec2"}, {"endpoints": [{"adminURL": "http://10.0.2.15:35357/v2.0", "region": "RegionOne", "internalURL": "http://10.0.2.15:5000/v2.0", "id": "3ea76a7c4d444df3a89281a85c9656cb", "publicURL": "http://10.0.2.15:5000/v2.0"}], "endpoints_links": [], "type": "identity", "name": "keystone"}], "user": {"username": "tempest-TestNetworkBasicOps-708913535", "roles_links": [], "id": "f035f14adee34d8590b59a44f82d6f37", "roles": [{"name": "_member_"}, {"name": "Member"}], "name": "tempest-TestNetworkBasicOps-708913535"}, "metadata": {"is_admin": 0, "roles": ["9fe2ff9ee4384b1894a90878d3e92bab", "cc5c5e9e00f44023bbeb9e46e151dcf1"]}}}
2015-12-25 03:52:34,914 21875 DEBUG    [tempest.common.fixed_network] (TestNetworkBasicOps:test_connectivity_between_vms_on_different_networks) No valid network provided or created, defaulting to fixed_network_name
2015-12-25 03:52:35,223 21875 INFO     [tempest_lib.common.rest_client] Request (TestNetworkBasicOps:test_connectivity_between_vms_on_different_networks): 200 GET http://10.0.2.15:8774/v2.1/4e06560818134710b291734e503f245d/os-networks 0.309s
2015-12-25 03:52:35,224 21875 DEBUG    [tempest_lib.common.rest_client] Request - Headers: {'Content-Type': 'application/json', 'Accept': 'application/json', 'X-Auth-Token': '&lt;omitted&gt;'}
        Body: None
    Response - Headers: {'status': '200', 'content-length': '479', 'content-location': 'http://10.0.2.15:8774/v2.1/4e06560818134710b291734e503f245d/os-networks', 'x-compute-request-id': 'req-0699a858-1308-4a8e-963a-33c89c0a0264', 'vary': 'X-OpenStack-Nova-API-Version', 'connection': 'close', 'x-openstack-nova-api-version': '2.1', 'date': 'Fri, 25 Dec 2015 03:52:35 GMT', 'content-type': 'application/json'}
        Body: {"networks": [{"cidr_v6": null, "dns2": null, "dns1": null, "gateway": null, "broadcast": null, "netmask": null, "gateway_v6": null, "cidr": null, "label": "public", "id": "076fa3cc-892a-4e48-8a3a-1b30587aaef6", "netmask_v6": null}, {"cidr_v6": null, "dns2": null, "dns1": null, "gateway": null, "broadcast": null, "netmask": null, "gateway_v6": null, "cidr": null, "label": "tempest-network-smoke--1184261971", "id": "6509834a-dd1f-48be-9fd9-b55834ac30eb", "netmask_v6": null}]}
2015-12-25 03:52:35,224 21875 WARNING  [tempest.common.fixed_network] (TestNetworkBasicOps:test_connectivity_between_vms_on_different_networks) Network with name: private not found
2015-12-25 03:52:35,224 21875 INFO     [tempest.common.fixed_network] (TestNetworkBasicOps:test_connectivity_between_vms_on_different_networks) Found network {} available for tenant
2015-12-25 03:52:36,593 21875 INFO     [tempest_lib.common.rest_client] Request (TestNetworkBasicOps:test_connectivity_between_vms_on_different_networks): 202 POST http://10.0.2.15:8774/v2.1/4e06560818134710b291734e503f245d/servers 1.367s
2015-12-25 03:52:36,594 21875 DEBUG    [tempest_lib.common.rest_client] Request - Headers: {'Content-Type': 'application/json', 'Accept': 'application/json', 'X-Auth-Token': '&lt;omitted&gt;'}
        Body: {"server": {"name": "tempest.common.compute-instance-866590903", "imageRef": "3d93d6b3-83dc-435d-9b0e-4c7ff7e2b693", "key_name": "tempest-TestNetworkBasicOps-582805104", "flavorRef": "42", "networks": [{"uuid": "6509834a-dd1f-48be-9fd9-b55834ac30eb"}], "security_groups": [{"name": "tempest-secgroup-smoke-453023380"}]}}
    Response - Headers: {'status': '202', 'content-length': '461', 'x-compute-request-id': 'req-1950f4a3-2574-4e86-ae2b-5d90ba70024f', 'vary': 'X-OpenStack-Nova-API-Version', 'connection': 'close', 'location': 'http://10.0.2.15:8774/v2.1/4e06560818134710b291734e503f245d/servers/a86a0460-a411-4e4f-b8bf-4ca07af3f701', 'x-openstack-nova-api-version': '2.1', 'date': 'Fri, 25 Dec 2015 03:52:36 GMT', 'content-type': 'application/json'}
        Body: {"server": {"security_groups": [{"name": "tempest-secgroup-smoke-453023380"}], "OS-DCF:diskConfig": "MANUAL", "id": "a86a0460-a411-4e4f-b8bf-4ca07af3f701", "links": [{"href": "http://10.0.2.15:8774/v2.1/4e06560818134710b291734e503f245d/servers/a86a0460-a411-4e4f-b8bf-4ca07af3f701", "rel": "self"}, {"href": "http://10.0.2.15:8774/4e06560818134710b291734e503f245d/servers/a86a0460-a411-4e4f-b8bf-4ca07af3f701", "rel": "bookmark"}], "adminPass": "c3NR9tUb9Dgt"}}
2015-12-25 03:52:36,796 21875 INFO     [tempest_lib.common.rest_client] Request (TestNetworkBasicOps:test_connectivity_between_vms_on_different_networks): 200 GET http://10.0.2.15:8774/v2.1/4e06560818134710b291734e503f245d/servers/a86a0460-a411-4e4f-b8bf-4ca07af3f701 0.198s
2015-12-25 03:52:36,797 21875 DEBUG    [tempest_lib.common.rest_client] Request - Headers: {'Content-Type': 'application/json', 'Accept': 'application/json', 'X-Auth-Token': '&lt;omitted&gt;'}
        Body: None
    Response - Headers: {'status': '200', 'content-length': '1354', 'content-location': 'http://10.0.2.15:8774/v2.1/4e06560818134710b291734e503f245d/servers/a86a0460-a411-4e4f-b8bf-4ca07af3f701', 'x-compute-request-id': 'req-c1dc24c7-bb10-4630-9e35-e4d0bfd096f1', 'vary': 'X-OpenStack-Nova-API-Version', 'connection': 'close', 'x-openstack-nova-api-version': '2.1', 'date': 'Fri, 25 Dec 2015 03:52:36 GMT', 'content-type': 'application/json'}
        Body: {"server": {"status": "BUILD", "updated": "2015-12-25T03:52:36Z", "hostId": "", "addresses": {}, "links": [{"href": "http://10.0.2.15:8774/v2.1/4e06560818134710b291734e503f245d/servers/a86a0460-a411-4e4f-b8bf-4ca07af3f701", "rel": "self"}, {"href": "http://10.0.2.15:8774/4e06560818134710b291734e503f245d/servers/a86a0460-a411-4e4f-b8bf-4ca07af3f701", "rel": "bookmark"}], "key_name": "tempest-TestNetworkBasicOps-582805104", "image": {"id": "3d93d6b3-83dc-435d-9b0e-4c7ff7e2b693", "links": [{"href": "http://10.0.2.15:8774/4e06560818134710b291734e503f245d/images/3d93d6b3-83dc-435d-9b0e-4c7ff7e2b693", "rel": "bookmark"}]}, "OS-EXT-STS:task_state": "scheduling", "OS-EXT-STS:vm_state": "building", "OS-SRV-USG:launched_at": null, "flavor": {"id": "42", "links": [{"href": "http://10.0.2.15:8774/4e06560818134710b291734e503f245d/flavors/42", "rel": "bookmark"}]}, "id": "a86a0460-a411-4e4f-b8bf-4ca07af3f701", "OS-SRV-USG:terminated_at": null, "OS-EXT-AZ:availability_zone": "", "user_id": "f035f14adee34d8590b59a44f82d6f37", "name": "tempest.common.compute-instance-866590903", "created": "2015-12-25T03:52:36Z", "tenant_id": "4e06560818134710b291734e503f245d", "OS-DCF:diskConfig": "MANUAL", "os-extended-volumes:volumes_attached": [], "accessIPv4": "", "accessIPv6": "", "progress": 0, "OS-EXT-STS:power_state": 0, "config_drive": "", "metadata": {}}}
2015-12-25 03:52:38,227 21875 INFO     [tempest_lib.common.rest_client] Request (TestNetworkBasicOps:test_connectivity_between_vms_on_different_networks): 200 GET http://10.0.2.15:8774/v2.1/4e06560818134710b291734e503f245d/servers/a86a0460-a411-4e4f-b8bf-4ca07af3f701 0.420s
2015-12-25 03:52:38,227 21875 DEBUG    [tempest_lib.common.rest_client] Request - Headers: {'Content-Type': 'application/json', 'Accept': 'application/json', 'X-Auth-Token': '&lt;omitted&gt;'}
        Body: None
    Response - Headers: {'status': '200', 'content-length': '1479', 'content-location': 'http://10.0.2.15:8774/v2.1/4e06560818134710b291734e503f245d/servers/a86a0460-a411-4e4f-b8bf-4ca07af3f701', 'x-compute-request-id': 'req-8a37c92a-7f93-4ca4-8370-de214ac11c1d', 'vary': 'X-OpenStack-Nova-API-Version', 'connection': 'close', 'x-openstack-nova-api-version': '2.1', 'date': 'Fri, 25 Dec 2015 03:52:38 GMT', 'content-type': 'application/json'}
        Body: {"server": {"status": "BUILD", "updated": "2015-12-25T03:52:37Z", "hostId": "f97f032048b9a0475b537eb48e7d9787fb3ace48dd908fd741307332", "addresses": {}, "links": [{"href": "http://10.0.2.15:8774/v2.1/4e06560818134710b291734e503f245d/servers/a86a0460-a411-4e4f-b8bf-4ca07af3f701", "rel": "self"}, {"href": "http://10.0.2.15:8774/4e06560818134710b291734e503f245d/servers/a86a0460-a411-4e4f-b8bf-4ca07af3f701", "rel": "bookmark"}], "key_name": "tempest-TestNetworkBasicOps-582805104", "image": {"id": "3d93d6b3-83dc-435d-9b0e-4c7ff7e2b693", "links": [{"href": "http://10.0.2.15:8774/4e06560818134710b291734e503f245d/images/3d93d6b3-83dc-435d-9b0e-4c7ff7e2b693", "rel": "bookmark"}]}, "OS-EXT-STS:task_state": "spawning", "OS-EXT-STS:vm_state": "building", "OS-SRV-USG:launched_at": null, "flavor": {"id": "42", "links": [{"href": "http://10.0.2.15:8774/4e06560818134710b291734e503f245d/flavors/42", "rel": "bookmark"}]}, "id": "a86a0460-a411-4e4f-b8bf-4ca07af3f701", "security_groups": [{"name": "tempest-secgroup-smoke-453023380"}], "OS-SRV-USG:terminated_at": null, "OS-EXT-AZ:availability_zone": "nova", "user_id": "f035f14adee34d8590b59a44f82d6f37", "name": "tempest.common.compute-instance-866590903", "created": "2015-12-25T03:52:36Z", "tenant_id": "4e06560818134710b291734e503f245d", "OS-DCF:diskConfig": "MANUAL", "os-extended-volumes:volumes_attached": [], "accessIPv4": "", "accessIPv6": "", "progress": 0, "OS-EXT-STS:power_state": 0, "config_drive": "", "metadata": {}}}
2015-12-25 03:52:38,235 21875 INFO     [tempest.common.waiters] State transition "BUILD/scheduling" ==&gt; "BUILD/spawning" after 2 second wait
2015-12-25 03:52:39,739 21875 INFO     [tempest_lib.common.rest_client] Request (TestNetworkBasicOps:test_connectivity_between_vms_on_different_networks): 200 GET http://10.0.2.15:8774/v2.1/4e06560818134710b291734e503f245d/servers/a86a0460-a411-4e4f-b8bf-4ca07af3f701 0.501s
2015-12-25 03:52:39,740 21875 DEBUG    [tempest_lib.common.rest_client] Request - Headers: {'Content-Type': 'application/json', 'Accept': 'application/json', 'X-Auth-Token': '&lt;omitted&gt;'}
        Body: None
    Response - Headers: {'status': '200', 'content-length': '1479', 'content-location': 'http://10.0.2.15:8774/v2.1/4e06560818134710b291734e503f245d/servers/a86a0460-a411-4e4f-b8bf-4ca07af3f701', 'x-compute-request-id': 'req-10496fa0-603e-4bbf-b6ac-68f9a988f766', 'vary': 'X-OpenStack-Nova-API-Version', 'connection': 'close', 'x-openstack-nova-api-version': '2.1', 'date': 'Fri, 25 Dec 2015 03:52:39 GMT', 'content-type': 'application/json'}
        Body: {"server": {"status": "BUILD", "updated": "2015-12-25T03:52:37Z", "hostId": "f97f032048b9a0475b537eb48e7d9787fb3ace48dd908fd741307332", "addresses": {}, "links": [{"href": "http://10.0.2.15:8774/v2.1/4e06560818134710b291734e503f245d/servers/a86a0460-a411-4e4f-b8bf-4ca07af3f701", "rel": "self"}, {"href": "http://10.0.2.15:8774/4e06560818134710b291734e503f245d/servers/a86a0460-a411-4e4f-b8bf-4ca07af3f701", "rel": "bookmark"}], "key_name": "tempest-TestNetworkBasicOps-582805104", "image": {"id": "3d93d6b3-83dc-435d-9b0e-4c7ff7e2b693", "links": [{"href": "http://10.0.2.15:8774/4e06560818134710b291734e503f245d/images/3d93d6b3-83dc-435d-9b0e-4c7ff7e2b693", "rel": "bookmark"}]}, "OS-EXT-STS:task_state": "spawning", "OS-EXT-STS:vm_state": "building", "OS-SRV-USG:launched_at": null, "flavor": {"id": "42", "links": [{"href": "http://10.0.2.15:8774/4e06560818134710b291734e503f245d/flavors/42", "rel": "bookmark"}]}, "id": "a86a0460-a411-4e4f-b8bf-4ca07af3f701", "security_groups": [{"name": "tempest-secgroup-smoke-453023380"}], "OS-SRV-USG:terminated_at": null, "OS-EXT-AZ:availability_zone": "nova", "user_id": "f035f14adee34d8590b59a44f82d6f37", "name": "tempest.common.compute-instance-866590903", "created": "2015-12-25T03:52:36Z", "tenant_id": "4e06560818134710b291734e503f245d", "OS-DCF:diskConfig": "MANUAL", "os-extended-volumes:volumes_attached": [], "accessIPv4": "", "accessIPv6": "", "progress": 0, "OS-EXT-STS:power_state": 0, "config_drive": "", "metadata": {}}}
2015-12-25 03:52:40,957 21875 INFO     [tempest_lib.common.rest_client] Request (TestNetworkBasicOps:test_connectivity_between_vms_on_different_networks): 200 GET http://10.0.2.15:8774/v2.1/4e06560818134710b291734e503f245d/servers/a86a0460-a411-4e4f-b8bf-4ca07af3f701 0.203s
2015-12-25 03:52:40,958 21875 DEBUG    [tempest_lib.common.rest_client] Request - Headers: {'Content-Type': 'application/json', 'Accept': 'application/json', 'X-Auth-Token': '&lt;omitted&gt;'}
        Body: None
    Response - Headers: {'status': '200', 'content-length': '1651', 'content-location': 'http://10.0.2.15:8774/v2.1/4e06560818134710b291734e503f245d/servers/a86a0460-a411-4e4f-b8bf-4ca07af3f701', 'x-compute-request-id': 'req-5aea7141-508e-48cb-ab2a-7c755a0d4267', 'vary': 'X-OpenStack-Nova-API-Version', 'connection': 'close', 'x-openstack-nova-api-version': '2.1', 'date': 'Fri, 25 Dec 2015 03:52:40 GMT', 'content-type': 'application/json'}
        Body: {"server": {"status": "ACTIVE", "updated": "2015-12-25T03:52:40Z", "hostId": "f97f032048b9a0475b537eb48e7d9787fb3ace48dd908fd741307332", "addresses": {"tempest-network-smoke--1184261971": [{"OS-EXT-IPS-MAC:mac_addr": "fa:16:3e:45:9e:12", "version": 4, "addr": "10.100.0.3", "OS-EXT-IPS:type": "fixed"}]}, "links": [{"href": "http://10.0.2.15:8774/v2.1/4e06560818134710b291734e503f245d/servers/a86a0460-a411-4e4f-b8bf-4ca07af3f701", "rel": "self"}, {"href": "http://10.0.2.15:8774/4e06560818134710b291734e503f245d/servers/a86a0460-a411-4e4f-b8bf-4ca07af3f701", "rel": "bookmark"}], "key_name": "tempest-TestNetworkBasicOps-582805104", "image": {"id": "3d93d6b3-83dc-435d-9b0e-4c7ff7e2b693", "links": [{"href": "http://10.0.2.15:8774/4e06560818134710b291734e503f245d/images/3d93d6b3-83dc-435d-9b0e-4c7ff7e2b693", "rel": "bookmark"}]}, "OS-EXT-STS:task_state": null, "OS-EXT-STS:vm_state": "active", "OS-SRV-USG:launched_at": "2015-12-25T03:52:40.000000", "flavor": {"id": "42", "links": [{"href": "http://10.0.2.15:8774/4e06560818134710b291734e503f245d/flavors/42", "rel": "bookmark"}]}, "id": "a86a0460-a411-4e4f-b8bf-4ca07af3f701", "security_groups": [{"name": "tempest-secgroup-smoke-453023380"}], "OS-SRV-USG:terminated_at": null, "OS-EXT-AZ:availability_zone": "nova", "user_id": "f035f14adee34d8590b59a44f82d6f37", "name": "tempest.common.compute-instance-866590903", "created": "2015-12-25T03:52:36Z", "tenant_id": "4e06560818134710b291734e503f245d", "OS-DCF:diskConfig": "MANUAL", "os-extended-volumes:volumes_attached": [], "accessIPv4": "", "accessIPv6": "", "progress": 0, "OS-EXT-STS:power_state": 1, "config_drive": "True", "metadata": {}}}
2015-12-25 03:52:40,966 21875 INFO     [tempest.common.waiters] State transition "BUILD/spawning" ==&gt; "ACTIVE/None" after 4 second wait
2015-12-25 03:52:41,170 21875 INFO     [tempest_lib.common.rest_client] Request (TestNetworkBasicOps:test_connectivity_between_vms_on_different_networks): 200 GET http://10.0.2.15:8774/v2.1/4e06560818134710b291734e503f245d/servers/a86a0460-a411-4e4f-b8bf-4ca07af3f701 0.203s
2015-12-25 03:52:41,170 21875 DEBUG    [tempest_lib.common.rest_client] Request - Headers: {'Content-Type': 'application/json', 'Accept': 'application/json', 'X-Auth-Token': '&lt;omitted&gt;'}
        Body: None
    Response - Headers: {'status': '200', 'content-length': '1651', 'content-location': 'http://10.0.2.15:8774/v2.1/4e06560818134710b291734e503f245d/servers/a86a0460-a411-4e4f-b8bf-4ca07af3f701', 'x-compute-request-id': 'req-2df53dba-94ad-4d33-a99d-cdb3cfcd4796', 'vary': 'X-OpenStack-Nova-API-Version', 'connection': 'close', 'x-openstack-nova-api-version': '2.1', 'date': 'Fri, 25 Dec 2015 03:52:41 GMT', 'content-type': 'application/json'}
        Body: {"server": {"status": "ACTIVE", "updated": "2015-12-25T03:52:40Z", "hostId": "f97f032048b9a0475b537eb48e7d9787fb3ace48dd908fd741307332", "addresses": {"tempest-network-smoke--1184261971": [{"OS-EXT-IPS-MAC:mac_addr": "fa:16:3e:45:9e:12", "version": 4, "addr": "10.100.0.3", "OS-EXT-IPS:type": "fixed"}]}, "links": [{"href": "http://10.0.2.15:8774/v2.1/4e06560818134710b291734e503f245d/servers/a86a0460-a411-4e4f-b8bf-4ca07af3f701", "rel": "self"}, {"href": "http://10.0.2.15:8774/4e06560818134710b291734e503f245d/servers/a86a0460-a411-4e4f-b8bf-4ca07af3f701", "rel": "bookmark"}], "key_name": "tempest-TestNetworkBasicOps-582805104", "image": {"id": "3d93d6b3-83dc-435d-9b0e-4c7ff7e2b693", "links": [{"href": "http://10.0.2.15:8774/4e06560818134710b291734e503f245d/images/3d93d6b3-83dc-435d-9b0e-4c7ff7e2b693", "rel": "bookmark"}]}, "OS-EXT-STS:task_state": null, "OS-EXT-STS:vm_state": "active", "OS-SRV-USG:launched_at": "2015-12-25T03:52:40.000000", "flavor": {"id": "42", "links": [{"href": "http://10.0.2.15:8774/4e06560818134710b291734e503f245d/flavors/42", "rel": "bookmark"}]}, "id": "a86a0460-a411-4e4f-b8bf-4ca07af3f701", "security_groups": [{"name": "tempest-secgroup-smoke-453023380"}], "OS-SRV-USG:terminated_at": null, "OS-EXT-AZ:availability_zone": "nova", "user_id": "f035f14adee34d8590b59a44f82d6f37", "name": "tempest.common.compute-instance-866590903", "created": "2015-12-25T03:52:36Z", "tenant_id": "4e06560818134710b291734e503f245d", "OS-DCF:diskConfig": "MANUAL", "os-extended-volumes:volumes_attached": [], "accessIPv4": "", "accessIPv6": "", "progress": 0, "OS-EXT-STS:power_state": 1, "config_drive": "True", "metadata": {}}}
2015-12-25 03:52:41,180 21875 INFO     [tempest.scenario.manager] Tenant networks not configured to be reachable.
2015-12-25 03:52:41,209 21875 INFO     [tempest_lib.common.rest_client] Request (TestNetworkBasicOps:test_connectivity_between_vms_on_different_networks): 200 GET http://10.0.2.15:9696/v2.0/ports?status=ACTIVE&amp;fixed_ip=None&amp;device_id=a86a0460-a411-4e4f-b8bf-4ca07af3f701 0.029s
2015-12-25 03:52:41,209 21875 DEBUG    [tempest_lib.common.rest_client] Request - Headers: {'Content-Type': 'application/json', 'Accept': 'application/json', 'X-Auth-Token': '&lt;omitted&gt;'}
        Body: None
    Response - Headers: {'status': '200', 'content-length': '895', 'content-location': 'http://10.0.2.15:9696/v2.0/ports?status=ACTIVE&amp;fixed_ip=None&amp;device_id=a86a0460-a411-4e4f-b8bf-4ca07af3f701', 'connection': 'close', 'date': 'Fri, 25 Dec 2015 03:52:41 GMT', 'content-type': 'application/json; charset=UTF-8', 'x-openstack-request-id': 'req-2d1167b8-243b-409e-83dc-ef6e346769f1'}
        Body: {"ports": [{"status": "ACTIVE", "binding:host_id": "vagrant-ubuntu-trusty-64", "allowed_address_pairs": [], "extra_dhcp_opts": [], "dns_assignment": [{"hostname": "host-10-100-0-3", "ip_address": "10.100.0.3", "fqdn": "host-10-100-0-3.openstacklocal."}], "device_owner": "compute:None", "port_security_enabled": true, "binding:profile": {}, "fixed_ips": [{"subnet_id": "d28f87ef-3442-47b1-b1ee-c862356b0e79", "ip_address": "10.100.0.3"}], "id": "fb5574da-3846-472f-8a06-67117f6a1d96", "security_groups": ["3e26acf0-a31d-4918-ab8c-5d593d805584"], "device_id": "a86a0460-a411-4e4f-b8bf-4ca07af3f701", "name": "", "admin_state_up": true, "network_id": "6509834a-dd1f-48be-9fd9-b55834ac30eb", "dns_name": "", "binding:vif_details": {"port_filter": true}, "binding:vnic_type": "normal", "binding:vif_type": "ovs", "tenant_id": "4e06560818134710b291734e503f245d", "mac_address": "fa:16:3e:45:9e:12"}]}
2015-12-25 03:52:41,734 21875 INFO     [tempest_lib.common.rest_client] Request (TestNetworkBasicOps:test_connectivity_between_vms_on_different_networks): 201 POST http://10.0.2.15:9696/v2.0/floatingips 0.524s
2015-12-25 03:52:41,734 21875 DEBUG    [tempest_lib.common.rest_client] Request - Headers: {'Content-Type': 'application/json', 'Accept': 'application/json', 'X-Auth-Token': '&lt;omitted&gt;'}
        Body: {"floatingip": {"floating_network_id": "076fa3cc-892a-4e48-8a3a-1b30587aaef6", "tenant_id": "4e06560818134710b291734e503f245d", "fixed_ip_address": "10.100.0.3", "port_id": "fb5574da-3846-472f-8a06-67117f6a1d96"}}
    Response - Headers: {'status': '201', 'content-length': '367', 'connection': 'close', 'date': 'Fri, 25 Dec 2015 03:52:41 GMT', 'content-type': 'application/json; charset=UTF-8', 'x-openstack-request-id': 'req-bbbf7ae6-6542-4e25-8fca-3dd3a64cdc94'}
        Body: {"floatingip": {"floating_network_id": "076fa3cc-892a-4e48-8a3a-1b30587aaef6", "router_id": "79c91aad-ef88-4fe2-8129-856e9a521fc5", "fixed_ip_address": "10.100.0.3", "floating_ip_address": "172.24.4.4", "tenant_id": "4e06560818134710b291734e503f245d", "status": "DOWN", "port_id": "fb5574da-3846-472f-8a06-67117f6a1d96", "id": "68b097d8-8fda-4c24-a7e6-301908c3b43e"}}
2015-12-25 03:52:41,751 21875 INFO     [tempest_lib.common.rest_client] Request (TestNetworkBasicOps:test_connectivity_between_vms_on_different_networks): 200 GET http://10.0.2.15:9696/v2.0/floatingips/68b097d8-8fda-4c24-a7e6-301908c3b43e 0.015s
2015-12-25 03:52:41,751 21875 DEBUG    [tempest_lib.common.rest_client] Request - Headers: {'Content-Type': 'application/json', 'Accept': 'application/json', 'X-Auth-Token': '&lt;omitted&gt;'}
        Body: None
    Response - Headers: {'status': '200', 'content-length': '367', 'content-location': 'http://10.0.2.15:9696/v2.0/floatingips/68b097d8-8fda-4c24-a7e6-301908c3b43e', 'connection': 'close', 'date': 'Fri, 25 Dec 2015 03:52:41 GMT', 'content-type': 'application/json; charset=UTF-8', 'x-openstack-request-id': 'req-d08b56dc-ec79-4c13-8033-c4c71c8a8def'}
        Body: {"floatingip": {"floating_network_id": "076fa3cc-892a-4e48-8a3a-1b30587aaef6", "router_id": "79c91aad-ef88-4fe2-8129-856e9a521fc5", "fixed_ip_address": "10.100.0.3", "floating_ip_address": "172.24.4.4", "tenant_id": "4e06560818134710b291734e503f245d", "status": "DOWN", "port_id": "fb5574da-3846-472f-8a06-67117f6a1d96", "id": "68b097d8-8fda-4c24-a7e6-301908c3b43e"}}
2015-12-25 03:52:42,766 21875 INFO     [tempest_lib.common.rest_client] Request (TestNetworkBasicOps:test_connectivity_between_vms_on_different_networks): 200 GET http://10.0.2.15:9696/v2.0/floatingips/68b097d8-8fda-4c24-a7e6-301908c3b43e 0.013s
2015-12-25 03:52:42,767 21875 DEBUG    [tempest_lib.common.rest_client] Request - Headers: {'Content-Type': 'application/json', 'Accept': 'application/json', 'X-Auth-Token': '&lt;omitted&gt;'}
        Body: None
    Response - Headers: {'status': '200', 'content-length': '369', 'content-location': 'http://10.0.2.15:9696/v2.0/floatingips/68b097d8-8fda-4c24-a7e6-301908c3b43e', 'connection': 'close', 'date': 'Fri, 25 Dec 2015 03:52:42 GMT', 'content-type': 'application/json; charset=UTF-8', 'x-openstack-request-id': 'req-2bbbcac3-bb72-4a66-a67d-2922f5082bdb'}
        Body: {"floatingip": {"floating_network_id": "076fa3cc-892a-4e48-8a3a-1b30587aaef6", "router_id": "79c91aad-ef88-4fe2-8129-856e9a521fc5", "fixed_ip_address": "10.100.0.3", "floating_ip_address": "172.24.4.4", "tenant_id": "4e06560818134710b291734e503f245d", "status": "ACTIVE", "port_id": "fb5574da-3846-472f-8a06-67117f6a1d96", "id": "68b097d8-8fda-4c24-a7e6-301908c3b43e"}}
2015-12-25 03:52:42,767 21875 INFO     [tempest.scenario.manager] FloatingIP: &lt;"FloatingIP" addr="172.24.4.4" id="68b097d8-8fda-4c24-a7e6-301908c3b43e"&gt; is at status: ACTIVE
2015-12-25 03:52:42,767 21875 DEBUG    [tempest.scenario.manager] checking network connections to IP 172.24.4.4 with user: cirros
2015-12-25 03:52:42,768 21875 DEBUG    [tempest.scenario.manager] TestNetworkBasicOps:test_connectivity_between_vms_on_different_networks begins to ping 172.24.4.4 in 120 sec and the expected result is reachable
2015-12-25 03:54:44,077 21875 DEBUG    [tempest.scenario.manager] TestNetworkBasicOps:test_connectivity_between_vms_on_different_networks finishes ping 172.24.4.4 in 120 sec and the ping result is unexpected
2015-12-25 03:54:44,079 21875 ERROR    [tempest.scenario.manager] Public network connectivity check failed
2015-12-25 03:54:44.079 21875 ERROR tempest.scenario.manager Traceback (most recent call last):
2015-12-25 03:54:44.079 21875 ERROR tempest.scenario.manager   File "tempest/scenario/manager.py", line 609, in check_public_network_connectivity
2015-12-25 03:54:44.079 21875 ERROR tempest.scenario.manager     should_connect=should_connect)
2015-12-25 03:54:44.079 21875 ERROR tempest.scenario.manager   File "tempest/scenario/manager.py", line 593, in check_vm_connectivity
2015-12-25 03:54:44.079 21875 ERROR tempest.scenario.manager     msg=msg)
2015-12-25 03:54:44.079 21875 ERROR tempest.scenario.manager   File "/usr/local/lib/python2.7/dist-packages/unittest2/case.py", line 702, in assertTrue
2015-12-25 03:54:44.079 21875 ERROR tempest.scenario.manager     raise self.failureException(msg)
2015-12-25 03:54:44.079 21875 ERROR tempest.scenario.manager AssertionError: False is not true : Timed out waiting for 172.24.4.4 to become reachable
2015-12-25 03:54:44.079 21875 ERROR tempest.scenario.manager 
2015-12-25 03:54:44,297 21875 INFO     [tempest_lib.common.rest_client] Request (TestNetworkBasicOps:test_connectivity_between_vms_on_different_networks): 200 POST http://10.0.2.15:8774/v2.1/4e06560818134710b291734e503f245d/servers/a86a0460-a411-4e4f-b8bf-4ca07af3f701/action 0.215s
2015-12-25 03:54:44,298 21875 DEBUG    [tempest_lib.common.rest_client] Request - Headers: {'Content-Type': 'application/json', 'Accept': 'application/json', 'X-Auth-Token': '&lt;omitted&gt;'}
        Body: {"os-getConsoleOutput": {}}
    Response - Headers: {'status': '200', 'content-length': '17429', 'x-compute-request-id': 'req-28f7985b-5334-4664-884c-b75d2dc02390', 'vary': 'X-OpenStack-Nova-API-Version', 'connection': 'close', 'x-openstack-nova-api-version': '2.1', 'date': 'Fri, 25 Dec 2015 03:54:44 GMT', 'content-type': 'application/json'}
        Body: {"output": "[    0.000000] Initializing cgroup subsys cpuset\n[    0.000000] Initializing cgroup subsys cpu\n[    0.000000] Linux version 3.2.0-80-virtual (buildd@batsu) (gcc version 4.6.3 (Ubuntu/Linaro 4.6.3-1ubuntu5) ) #116-Ubuntu SMP Mon Mar 23 17:28:52 UTC 2015 (Ubuntu 3.2.0-80.116-virtual 3.2.68)\n[    0.000000] Command line: root=/dev/vda console=tty0 console=ttyS0 no_timer_check\n[    0.000000] KERNEL supported cpus:\n[    0.000000]   Intel GenuineIntel\n[    0.000000]   AMD AuthenticAMD\n[    0.000000]   Centaur CentaurHauls\n[    0.000000] BIOS-provided physical RAM map:\n[    0.000000]  BIOS-e820: 0000000000000000 - 000000000009fc00 (usable)\n[    0.000000]  BIOS-e820: 000000000009fc00 - 00000000000a0000 (reserved)\n[    0.000000]  BIOS-e820: 00000000000f0000 - 0000000000100000 (reserved)\n[    0.000000]  BIOS-e820: 0000000000100000 - 0000000003ffe000 (usable)\n[    0.000000]  BIOS-e820: 0000000003ffe000 - 0000000004000000 (reserved)\n[    0.000000]  BIOS-e820: 00000000fffc0000 - 0000000100000000 (reserved)\n[    0.000000] NX (Execute Disable) protection: active\n[    0.000000] SMBIOS 2.4 present.\n[    0.000000] No AGP bridge found\n[    0.000000] last_pfn = 0x3ffe max_arch_pfn = 0x400000000\n[    0.000000] x86 PAT enabled: cpu 0, old 0x7040600070406, new 0x7010600070106\n[    0.000000] found SMP MP-table at [ffff8800000f0b00] f0b00\n[    0.000000] init_memory_mapping: 0000000000000000-0000000003ffe000\n[    0.000000] RAMDISK: 03c5e000 - 03ff0000\n[    0.000000] ACPI: RSDP 00000000000f0950 00014 (v00 BOCHS )\n[    0.000000] ACPI: RSDT 0000000003fffbc1 00034 (v01 BOCHS  BXPCRSDT 00000001 BXPC 00000001)\n[    0.000000] ACPI: FACP 0000000003fff1c0 00074 (v01 BOCHS  BXPCFACP 00000001 BXPC 00000001)\n[    0.000000] ACPI: DSDT 0000000003ffe040 01180 (v01 BOCHS  BXPCDSDT 00000001 BXPC 00000001)\n[    0.000000] ACPI: FACS 0000000003ffe000 00040\n[    0.000000] ACPI: SSDT 0000000003fff234 008DD (v01 BOCHS  BXPCSSDT 00000001 BXPC 00000001)\n[    0.000000] ACPI: APIC 0000000003fffb11 00078 (v01 BOCHS  BXPCAPIC 00000001 BXPC 00000001)\n[    0.000000] ACPI: HPET 0000000003fffb89 00038 (v01 BOCHS  BXPCHPET 00000001 BXPC 00000001)\n[    0.000000] No NUMA configuration found\n[    0.000000] Faking a node at 0000000000000000-0000000003ffe000\n[    0.000000] Initmem setup node 0 0000000000000000-0000000003ffe000\n[    0.000000]   NODE_DATA [0000000003ff6000 - 0000000003ffafff]\n[    0.000000] Zone PFN ranges:\n[    0.000000]   DMA      0x00000010 -&gt; 0x00001000\n[    0.000000]   DMA32    0x00001000 -&gt; 0x00100000\n[    0.000000]   Normal   empty\n[    0.000000] Movable zone start PFN for each node\n[    0.000000] early_node_map[2] active PFN ranges\n[    0.000000]     0: 0x00000010 -&gt; 0x0000009f\n[    0.000000]     0: 0x00000100 -&gt; 0x00003ffe\n[    0.000000] ACPI: PM-Timer IO Port: 0xb008\n[    0.000000] ACPI: LAPIC (acpi_id[0x00] lapic_id[0x00] enabled)\n[    0.000000] ACPI: LAPIC_NMI (acpi_id[0xff] dfl dfl lint[0x1])\n[    0.000000] ACPI: IOAPIC (id[0x00] address[0xfec00000] gsi_base[0])\n[    0.000000] IOAPIC[0]: apic_id 0, version 17, address 0xfec00000, GSI 0-23\n[    0.000000] ACPI: INT_SRC_OVR (bus 0 bus_irq 0 global_irq 2 dfl dfl)\n[    0.000000] ACPI: INT_SRC_OVR (bus 0 bus_irq 5 global_irq 5 high level)\n[    0.000000] ACPI: INT_SRC_OVR (bus 0 bus_irq 9 global_irq 9 high level)\n[    0.000000] ACPI: INT_SRC_OVR (bus 0 bus_irq 10 global_irq 10 high level)\n[    0.000000] ACPI: INT_SRC_OVR (bus 0 bus_irq 11 global_irq 11 high level)\n[    0.000000] Using ACPI (MADT) for SMP configuration information\n[    0.000000] ACPI: HPET id: 0x8086a201 base: 0xfed00000\n[    0.000000] SMP: Allowing 1 CPUs, 0 hotplug CPUs\n[    0.000000] PM: Registered nosave memory: 000000000009f000 - 00000000000a0000\n[    0.000000] PM: Registered nosave memory: 00000000000a0000 - 00000000000f0000\n[    0.000000] PM: Registered nosave memory: 00000000000f0000 - 0000000000100000\n[    0.000000] Allocating PCI resources starting at 4000000 (gap: 4000000:fbfc0000)\n[    0.000000] Booting paravirtualized kernel on bare hardware\n[    0.000000] setup_pe
2015-12-25 03:54:44,300 21875 DEBUG    [tempest.scenario.manager] Console output for a86a0460-a411-4e4f-b8bf-4ca07af3f701
body=
[    0.000000] Initializing cgroup subsys cpuset
[    0.000000] Initializing cgroup subsys cpu
[    0.000000] Linux version 3.2.0-80-virtual (buildd@batsu) (gcc version 4.6.3 (Ubuntu/Linaro 4.6.3-1ubuntu5) ) #116-Ubuntu SMP Mon Mar 23 17:28:52 UTC 2015 (Ubuntu 3.2.0-80.116-virtual 3.2.68)
[    0.000000] Command line: root=/dev/vda console=tty0 console=ttyS0 no_timer_check
[    0.000000] KERNEL supported cpus:
[    0.000000]   Intel GenuineIntel
[    0.000000]   AMD AuthenticAMD
[    0.000000]   Centaur CentaurHauls
[    0.000000] BIOS-provided physical RAM map:
[    0.000000]  BIOS-e820: 0000000000000000 - 000000000009fc00 (usable)
[    0.000000]  BIOS-e820: 000000000009fc00 - 00000000000a0000 (reserved)
[    0.000000]  BIOS-e820: 00000000000f0000 - 0000000000100000 (reserved)
[    0.000000]  BIOS-e820: 0000000000100000 - 0000000003ffe000 (usable)
[    0.000000]  BIOS-e820: 0000000003ffe000 - 0000000004000000 (reserved)
[    0.000000]  BIOS-e820: 00000000fffc0000 - 0000000100000000 (reserved)
[    0.000000] NX (Execute Disable) protection: active
[    0.000000] SMBIOS 2.4 present.
[    0.000000] No AGP bridge found
[    0.000000] last_pfn = 0x3ffe max_arch_pfn = 0x400000000
[    0.000000] x86 PAT enabled: cpu 0, old 0x7040600070406, new 0x7010600070106
[    0.000000] found SMP MP-table at [ffff8800000f0b00] f0b00
[    0.000000] init_memory_mapping: 0000000000000000-0000000003ffe000
[    0.000000] RAMDISK: 03c5e000 - 03ff0000
[    0.000000] ACPI: RSDP 00000000000f0950 00014 (v00 BOCHS )
[    0.000000] ACPI: RSDT 0000000003fffbc1 00034 (v01 BOCHS  BXPCRSDT 00000001 BXPC 00000001)
[    0.000000] ACPI: FACP 0000000003fff1c0 00074 (v01 BOCHS  BXPCFACP 00000001 BXPC 00000001)
[    0.000000] ACPI: DSDT 0000000003ffe040 01180 (v01 BOCHS  BXPCDSDT 00000001 BXPC 00000001)
[    0.000000] ACPI: FACS 0000000003ffe000 00040
[    0.000000] ACPI: SSDT 0000000003fff234 008DD (v01 BOCHS  BXPCSSDT 00000001 BXPC 00000001)
[    0.000000] ACPI: APIC 0000000003fffb11 00078 (v01 BOCHS  BXPCAPIC 00000001 BXPC 00000001)
[    0.000000] ACPI: HPET 0000000003fffb89 00038 (v01 BOCHS  BXPCHPET 00000001 BXPC 00000001)
[    0.000000] No NUMA configuration found
[    0.000000] Faking a node at 0000000000000000-0000000003ffe000
[    0.000000] Initmem setup node 0 0000000000000000-0000000003ffe000
[    0.000000]   NODE_DATA [0000000003ff6000 - 0000000003ffafff]
[    0.000000] Zone PFN ranges:
[    0.000000]   DMA      0x00000010 -&gt; 0x00001000
[    0.000000]   DMA32    0x00001000 -&gt; 0x00100000
[    0.000000]   Normal   empty
[    0.000000] Movable zone start PFN for each node
[    0.000000] early_node_map[2] active PFN ranges
[    0.000000]     0: 0x00000010 -&gt; 0x0000009f
[    0.000000]     0: 0x00000100 -&gt; 0x00003ffe
[    0.000000] ACPI: PM-Timer IO Port: 0xb008
[    0.000000] ACPI: LAPIC (acpi_id[0x00] lapic_id[0x00] enabled)
[    0.000000] ACPI: LAPIC_NMI (acpi_id[0xff] dfl dfl lint[0x1])
[    0.000000] ACPI: IOAPIC (id[0x00] address[0xfec00000] gsi_base[0])
[    0.000000] IOAPIC[0]: apic_id 0, version 17, address 0xfec00000, GSI 0-23
[    0.000000] ACPI: INT_SRC_OVR (bus 0 bus_irq 0 global_irq 2 dfl dfl)
[    0.000000] ACPI: INT_SRC_OVR (bus 0 bus_irq 5 global_irq 5 high level)
[    0.000000] ACPI: INT_SRC_OVR (bus 0 bus_irq 9 global_irq 9 high level)
[    0.000000] ACPI: INT_SRC_OVR (bus 0 bus_irq 10 global_irq 10 high level)
[    0.000000] ACPI: INT_SRC_OVR (bus 0 bus_irq 11 global_irq 11 high level)
[    0.000000] Using ACPI (MADT) for SMP configuration information
[    0.000000] ACPI: HPET id: 0x8086a201 base: 0xfed00000
[    0.000000] SMP: Allowing 1 CPUs, 0 hotplug CPUs
[    0.000000] PM: Registered nosave memory: 000000000009f000 - 00000000000a0000
[    0.000000] PM: Registered nosave memory: 00000000000a0000 - 00000000000f0000
[    0.000000] PM: Registered nosave memory: 00000000000f0000 - 0000000000100000
[    0.000000] Allocating PCI resources starting at 4000000 (gap: 4000000:fbfc0000)
[    0.000000] Booting paravirtualized kernel on bare hardware
[    0.000000] setup_percpu: NR_CPUS:64 nr_cpumask_bits:64 nr_cpu_ids:1 nr_node_ids:1
[    0.000000] PERCPU: Embedded 27 pages/cpu @ffff880003a00000 s78848 r8192 d23552 u2097152
[    0.000000] Built 1 zonelists in Node order, mobility grouping on.  Total pages: 16008
[    0.000000] Policy zone: DMA32
[    0.000000] Kernel command line: root=/dev/vda console=tty0 console=ttyS0 no_timer_check
[    0.000000] PID hash table entries: 256 (order: -1, 2048 bytes)
[    0.000000] Checking aperture...
[    0.000000] No AGP bridge found
[    0.000000] Memory: 43492k/65528k available (6576k kernel code, 452k absent, 21584k reserved, 6620k data, 928k init)
[    0.000000] SLUB: Genslabs=15, HWalign=64, Order=0-3, MinObjects=0, CPUs=1, Nodes=1
[    0.000000] Hierarchical RCU implementation.
[    0.000000] 	RCU dyntick-idle grace-period acceleration is enabled.
[    0.000000] NR_IRQS:4352 nr_irqs:256 16
[    0.000000] Console: colour VGA+ 80x25
[    0.000000] console [tty0] enabled
[    0.000000] console [ttyS0] enabled
[    0.000000] allocated 1048576 bytes of page_cgroup
[    0.000000] please try 'cgroup_disable=memory' option if you don't want memory cgroups
[    0.000000] Fast TSC calibration failed
[    0.000000] TSC: Unable to calibrate against PIT
[    0.000000] TSC: using HPET reference calibration
[    0.000000] Detected 2291.682 MHz processor.
[    0.028843] Calibrating delay loop (skipped), value calculated using timer frequency.. 4583.36 BogoMIPS (lpj=9166728)
[    0.032850] pid_max: default: 32768 minimum: 301
[    0.041426] Security Framework initialized
[    0.046007] AppArmor: AppArmor initialized
[    0.046728] Yama: becoming mindful.
[    0.053298] Dentry cache hash table entries: 8192 (order: 4, 65536 bytes)
[    0.056544] Inode-cache hash table entries: 4096 (order: 3, 32768 bytes)
[    0.058184] Mount-cache hash table entries: 256
[    0.073568] Initializing cgroup subsys cpuacct
[    0.074529] Initializing cgroup subsys memory
[    0.076899] Initializing cgroup subsys devices
[    0.077637] Initializing cgroup subsys freezer
[    0.078420] Initializing cgroup subsys blkio
[    0.079109] Initializing cgroup subsys perf_event
[    0.084881] mce: CPU supports 10 MCE banks
[    0.088239] SMP alternatives: switching to UP code
[    0.459362] Freeing SMP alternatives: 24k freed
[    0.460993] ACPI: Core revision 20110623
[    0.508558] ftrace: allocating 26610 entries in 105 pages
[    0.540033] ..TIMER: vector=0x30 apic1=0 pin1=2 apic2=-1 pin2=-1
[    0.544128] CPU0: AMD QEMU Virtual CPU version 2.0.0 stepping 03
[    0.548033] Performance Events: Broken PMU hardware detected, using software events only.
[    0.556151] NMI watchdog disabled (cpu0): hardware events not enabled
[    0.557530] Brought up 1 CPUs
[    0.559071] Total of 1 processors activated (4583.36 BogoMIPS).
[    0.581630] devtmpfs: initialized
[    0.613954] EVM: security.selinux
[    0.614395] EVM: security.SMACK64
[    0.615237] EVM: security.capability
[    0.640204] print_constraints: dummy: 
[    0.642136] RTC time:  3:52:43, date: 12/25/15
[    0.645514] NET: Registered protocol family 16
[    0.653363] ACPI: bus type pci registered
[    0.657175] PCI: Using configuration type 1 for base access
[    0.685739] bio: create slab &lt;bio-0&gt; at 0
[    0.689681] ACPI: Added _OSI(Module Device)
[    0.691300] ACPI: Added _OSI(Processor Device)
[    0.692098] ACPI: Added _OSI(3.0 _SCP Extensions)
[    0.692802] ACPI: Added _OSI(Processor Aggregator Device)
[    0.765982] ACPI: Interpreter enabled
[    0.766480] ACPI: (supports S0 S3 S4 S5)
[    0.769432] ACPI: Using IOAPIC for interrupt routing
[    0.845488] ACPI: No dock devices found.
[    0.845967] HEST: Table not found.
[    0.846734] PCI: Using host bridge windows from ACPI; if necessary, use "pci=nocrs" and report a bug
[    0.852052] ACPI: PCI Root Bridge [PCI0] (domain 0000 [bus 00-ff])
[    0.858595] pci_root PNP0A03:00: host bridge window [io  0x0000-0x0cf7]
[    0.860153] pci_root PNP0A03:00: host bridge window [io  0x0d00-0xadff]
[    0.861061] pci_root PNP0A03:00: host bridge window [io  0xae0f-0xaeff]
[    0.861873] pci_root PNP0A03:00: host bridge window [io  0xaf20-0xafdf]
[    0.862567] pci_root PNP0A03:00: host bridge window [io  0xafe4-0xffff]
[    0.864163] pci_root PNP0A03:00: host bridge window [mem 0x000a0000-0x000bffff]
[    0.865106] pci_root PNP0A03:00: host bridge window [mem 0x04000000-0xfebfffff]
[    0.891232] pci 0000:00:01.3: quirk: [io  0xb000-0xb03f] claimed by PIIX4 ACPI
[    0.892310] pci 0000:00:01.3: quirk: [io  0xb100-0xb10f] claimed by PIIX4 SMB
[    0.955163]  pci0000:00: Unable to request _OSC control (_OSC support mask: 0x1e)
[    1.011325] ACPI: PCI Interrupt Link [LNKA] (IRQs 5 *10 11)
[    1.013604] ACPI: PCI Interrupt Link [LNKB] (IRQs 5 *10 11)
[    1.016407] ACPI: PCI Interrupt Link [LNKC] (IRQs 5 10 *11)
[    1.018024] ACPI: PCI Interrupt Link [LNKD] (IRQs 5 10 *11)
[    1.019296] ACPI: PCI Interrupt Link [LNKS] (IRQs *9)
[    1.026202] vgaarb: device added: PCI:0000:00:02.0,decodes=io+mem,owns=io+mem,locks=none
[    1.027313] vgaarb: loaded
[    1.028161] vgaarb: bridge control possible 0000:00:02.0
[    1.031285] i2c-core: driver [aat2870] using legacy suspend method
[    1.032138] i2c-core: driver [aat2870] using legacy resume method
[    1.036583] SCSI subsystem initialized
[    1.040184] usbcore: registered new interface driver usbfs
[    1.041279] usbcore: registered new interface driver hub
[    1.042450] usbcore: registered new device driver usb
[    1.049568] PCI: Using ACPI for IRQ routing
[    1.067071] NetLabel: Initializing
[    1.068138] NetLabel:  domain hash size = 128
[    1.068644] NetLabel:  protocols = UNLABELED CIPSOv4
[    1.070500] NetLabel:  unlabeled traffic allowed by default
[    1.073470] HPET: 3 timers in total, 0 timers will be used for per-cpu timer
[    1.074865] hpet0: at MMIO 0xfed00000, IRQs 2, 8, 0
[    1.076472] hpet0: 3 comparators, 64-bit 100.000000 MHz counter
[    1.093857] Switching to clocksource hpet
[    1.338438] AppArmor: AppArmor Filesystem Enabled
[    1.339828] pnp: PnP ACPI init
[    1.341416] ACPI: bus type pnp registered
[    1.359729] pnp: PnP ACPI: found 9 devices
[    1.360879] ACPI: ACPI bus type pnp unregistered
[    1.414062] NET: Registered protocol family 2
[    1.447000] IP route cache hash table entries: 512 (order: 0, 4096 bytes)
[    1.454681] TCP established hash table entries: 2048 (order: 3, 32768 bytes)
[    1.457135] TCP bind hash table entries: 2048 (order: 3, 32768 bytes)
[    1.458077] TCP: Hash tables configured (established 2048 bind 2048)
[    1.458804] TCP reno registered
[    1.459309] UDP hash table entries: 128 (order: 0, 4096 bytes)
[    1.460417] UDP-Lite hash table entries: 128 (order: 0, 4096 bytes)
[    1.463571] NET: Registered protocol family 1
[    1.465112] pci 0000:00:00.0: Limiting direct PCI/PCI transfers
[    1.465923] pci 0000:00:01.0: PIIX3: Enabling Passive Release
[    1.466759] pci 0000:00:01.0: Activating ISA DMA hang workarounds
[    1.471812] ACPI: PCI Interrupt Link [LNKD] enabled at IRQ 11
[    1.473689] pci 0000:00:01.2: PCI INT D -&gt; Link[LNKD] -&gt; GSI 11 (level, high) -&gt; IRQ 11
[    1.475413] pci 0000:00:01.2: PCI INT D disabled
[    1.499259] Trying to unpack rootfs image as initramfs...
[    1.517487] audit: initializing netlink socket (disabled)
[    1.519102] type=2000 audit(1451015563.516:1): initialized
[    1.790529] HugeTLB registered 2 MB page size, pre-allocated 0 pages
[    1.868740] VFS: Disk quotas dquot_6.5.2
[    1.871014] Dquot-cache hash table entries: 512 (order 0, 4096 bytes)
[    1.886916] fuse init (API version 7.17)
[    1.896187] msgmni has been set to 84
[    1.939442] Block layer SCSI generic (bsg) driver version 0.4 loaded (major 253)
[    1.942058] io scheduler noop registered
[    1.942596] io scheduler deadline registered (default)
[    1.943644] io scheduler cfq registered
[    1.947308] pci_hotplug: PCI Hot Plug PCI Core version: 0.5
[    1.950473] pciehp: PCI Express Hot Plug Controller Driver version: 0.4
[    1.955872] input: Power Button as /devices/LNXSYSTM:00/LNXPWRBN:00/input/input0
[    1.958001] ACPI: Power Button [PWRF]
[    2.014357] ERST: Table is not found!
[    2.014912] GHES: HEST is not enabled!
[    2.023477] ACPI: PCI Interrupt Link [LNKC] enabled at IRQ 10
[    2.025115] virtio-pci 0000:00:03.0: PCI INT A -&gt; Link[LNKC] -&gt; GSI 10 (level, high) -&gt; IRQ 10
[    2.029296] virtio-pci 0000:00:04.0: PCI INT A -&gt; Link[LNKD] -&gt; GSI 11 (level, high) -&gt; IRQ 11
[    2.046027] ACPI: PCI Interrupt Link [LNKA] enabled at IRQ 10
[    2.046738] virtio-pci 0000:00:05.0: PCI INT A -&gt; Link[LNKA] -&gt; GSI 10 (level, high) -&gt; IRQ 10
[    2.058669] Serial: 8250/16550 driver, 32 ports, IRQ sharing enabled
[    2.102518] serial8250: ttyS0 at I/O 0x3f8 (irq = 4) is a 16550A
[    2.197565] serial8250: ttyS1 at I/O 0x2f8 (irq = 3) is a 16550A
[    2.333920] 00:05: ttyS0 at I/O 0x3f8 (irq = 4) is a 16550A
[    2.409651] 00:06: ttyS1 at I/O 0x2f8 (irq = 3) is a 16550A
[    2.454418] Linux agpgart interface v0.103
[    2.481357] Refined TSC clocksource calibration: 2291.744 MHz.
[    2.482260] Switching to clocksource tsc
[    2.521986] brd: module loaded
[    2.549247] loop: module loaded
[    2.594175]  vda: unknown partition table
[    2.650100] scsi0 : ata_piix
[    2.652090] scsi1 : ata_piix
[    2.653993] ata1: PATA max MWDMA2 cmd 0x1f0 ctl 0x3f6 bmdma 0xc0a0 irq 14
[    2.654764] ata2: PATA max MWDMA2 cmd 0x170 ctl 0x376 bmdma 0xc0a8 irq 15
[    2.663660] Fixed MDIO Bus: probed
[    2.665223] tun: Universal TUN/TAP device driver, 1.6
[    2.665805] tun: (C) 1999-2004 Max Krasnyansky &lt;maxk@qualcomm.com&gt;
[    2.682224] PPP generic driver version 2.4.2
[    2.702279] ehci_hcd: USB 2.0 'Enhanced' Host Controller (EHCI) Driver
[    2.703278] ohci_hcd: USB 1.1 'Open' Host Controller (OHCI) Driver
[    2.704955] uhci_hcd: USB Universal Host Controller Interface driver
[    2.706022] uhci_hcd 0000:00:01.2: PCI INT D -&gt; Link[LNKD] -&gt; GSI 11 (level, high) -&gt; IRQ 11
[    2.709927] uhci_hcd 0000:00:01.2: UHCI Host Controller
[    2.717739] uhci_hcd 0000:00:01.2: new USB bus registered, assigned bus number 1
[    2.719345] uhci_hcd 0000:00:01.2: irq 11, io base 0x0000c040
[    2.743816] hub 1-0:1.0: USB hub found
[    2.746426] hub 1-0:1.0: 2 ports detected
[    2.754742] usbcore: registered new interface driver libusual
[    2.759416] i8042: PNP: PS/2 Controller [PNP0303:KBD,PNP0f13:MOU] at 0x60,0x64 irq 1,12
[    2.775333] serio: i8042 KBD port at 0x60,0x64 irq 1
[    2.776983] serio: i8042 AUX port at 0x60,0x64 irq 12
[    2.828988] mousedev: PS/2 mouse device common for all mice
[    2.845953] input: AT Translated Set 2 keyboard as /devices/platform/i8042/serio0/input/input1
[    2.867387] rtc_cmos 00:01: RTC can wake from S4
[    2.874953] rtc_cmos 00:01: rtc core: registered rtc_cmos as rtc0
[    2.879360] rtc0: alarms up to one day, 114 bytes nvram, hpet irqs
[    2.882722] device-mapper: uevent: version 1.0.3
[    2.909726] ata2.01: ATAPI: QEMU DVD-ROM, 2.0.0, max UDMA/100
[    2.914958] ata2.01: configured for MWDMA2
[    2.947372] device-mapper: ioctl: 4.22.0-ioctl (2011-10-19) initialised: dm-devel@redhat.com
[    2.952435] cpuidle: using governor ladder
[    2.954418] cpuidle: using governor menu
[    2.955864] EFI Variables Facility v0.08 2004-May-17
[    2.967705] TCP cubic registered
[    2.974517] NET: Registered protocol family 10
[    3.010872] NET: Registered protocol family 17
[    3.011857] Registering the dns_resolver key type
[    3.029152] scsi 1:0:1:0: CD-ROM            QEMU     QEMU DVD-ROM     2.0. PQ: 0 ANSI: 5
[    3.046165] sr0: scsi3-mmc drive: 4x/4x cd/rw xa/form2 tray
[    3.046818] cdrom: Uniform CD-ROM driver Revision: 3.20
[    3.066353] sr 1:0:1:0: Attached scsi generic sg0 type 5
[    3.128727] registered taskstats version 1
[    3.168577] Freeing initrd memory: 3656k freed
[    3.651846]   Magic number: 11:570:867
[    3.660742] rtc_cmos 00:01: setting system clock to 2015-12-25 03:52:46 UTC (1451015566)
[    3.663667] powernow-k8: Processor cpuid 663 not supported
[    3.671822] BIOS EDD facility v0.16 2004-Jun-25, 0 devices found
[    3.674250] EDD information not available.
[    3.735477] Freeing unused kernel memory: 928k freed
[    3.740523] Write protecting the kernel read-only data: 12288k
[    3.849407] Freeing unused kernel memory: 1596k freed
[    3.923597] Freeing unused kernel memory: 1184k freed

info: initramfs: up at 4.09
modprobe: module virtio_blk not found in modules.dep
modprobe: module virtio_net not found in modules.dep
info: copying initramfs to /dev/vda
info: initramfs loading root from /dev/vda
info: /etc/init.d/rc.sysinit: up at 8.77
info: container: none
Starting logging: OK
modprobe: module virtio_blk not found in modules.dep
modprobe: module virtio_net not found in modules.dep
WARN: /etc/rc3.d/S10-load-modules failed
Initializing random number generator... done.
Starting acpid: OK
cirros-ds 'local' up at 11.23
found datasource (configdrive, local)
Starting network...
udhcpc (v1.20.1) started
Sending discover...
Sending discover...

2015-12-25 03:54:44,597 21875 INFO     [tempest_lib.common.rest_client] Request (TestNetworkBasicOps:_run_cleanups): 204 DELETE http://10.0.2.15:9696/v2.0/floatingips/68b097d8-8fda-4c24-a7e6-301908c3b43e 0.289s
2015-12-25 03:54:44,597 21875 DEBUG    [tempest_lib.common.rest_client] Request - Headers: {'Content-Type': 'application/json', 'Accept': 'application/json', 'X-Auth-Token': '&lt;omitted&gt;'}
        Body: None
    Response - Headers: {'date': 'Fri, 25 Dec 2015 03:54:44 GMT', 'status': '204', 'connection': 'close', 'content-length': '0', 'x-openstack-request-id': 'req-bcf5b643-eca9-49d4-82c6-92302a1a232e'}
        Body: 
2015-12-25 03:54:44,843 21875 INFO     [tempest_lib.common.rest_client] Request (TestNetworkBasicOps:_run_cleanups): 204 DELETE http://10.0.2.15:8774/v2.1/4e06560818134710b291734e503f245d/servers/a86a0460-a411-4e4f-b8bf-4ca07af3f701 0.245s
2015-12-25 03:54:44,843 21875 DEBUG    [tempest_lib.common.rest_client] Request - Headers: {'Content-Type': 'application/json', 'Accept': 'application/json', 'X-Auth-Token': '&lt;omitted&gt;'}
        Body: None
    Response - Headers: {'status': '204', 'content-length': '0', 'x-compute-request-id': 'req-f09c9e4f-496f-41d6-9806-21b171381056', 'vary': 'X-OpenStack-Nova-API-Version', 'connection': 'close', 'x-openstack-nova-api-version': '2.1', 'date': 'Fri, 25 Dec 2015 03:54:44 GMT', 'content-type': 'application/json'}
        Body: 
2015-12-25 03:54:45,051 21875 INFO     [tempest_lib.common.rest_client] Request (TestNetworkBasicOps:_run_cleanups): 200 GET http://10.0.2.15:8774/v2.1/4e06560818134710b291734e503f245d/servers/a86a0460-a411-4e4f-b8bf-4ca07af3f701 0.208s
2015-12-25 03:54:45,052 21875 DEBUG    [tempest_lib.common.rest_client] Request - Headers: {'Content-Type': 'application/json', 'Accept': 'application/json', 'X-Auth-Token': '&lt;omitted&gt;'}
        Body: None
    Response - Headers: {'status': '200', 'content-length': '1774', 'content-location': 'http://10.0.2.15:8774/v2.1/4e06560818134710b291734e503f245d/servers/a86a0460-a411-4e4f-b8bf-4ca07af3f701', 'x-compute-request-id': 'req-58cc3dc8-5bb9-4588-ba7d-1031b14506bb', 'vary': 'X-OpenStack-Nova-API-Version', 'connection': 'close', 'x-openstack-nova-api-version': '2.1', 'date': 'Fri, 25 Dec 2015 03:54:45 GMT', 'content-type': 'application/json'}
        Body: {"server": {"status": "ACTIVE", "updated": "2015-12-25T03:54:44Z", "hostId": "f97f032048b9a0475b537eb48e7d9787fb3ace48dd908fd741307332", "addresses": {"tempest-network-smoke--1184261971": [{"OS-EXT-IPS-MAC:mac_addr": "fa:16:3e:45:9e:12", "version": 4, "addr": "10.100.0.3", "OS-EXT-IPS:type": "fixed"}, {"OS-EXT-IPS-MAC:mac_addr": "fa:16:3e:45:9e:12", "version": 4, "addr": "172.24.4.4", "OS-EXT-IPS:type": "floating"}]}, "links": [{"href": "http://10.0.2.15:8774/v2.1/4e06560818134710b291734e503f245d/servers/a86a0460-a411-4e4f-b8bf-4ca07af3f701", "rel": "self"}, {"href": "http://10.0.2.15:8774/4e06560818134710b291734e503f245d/servers/a86a0460-a411-4e4f-b8bf-4ca07af3f701", "rel": "bookmark"}], "key_name": "tempest-TestNetworkBasicOps-582805104", "image": {"id": "3d93d6b3-83dc-435d-9b0e-4c7ff7e2b693", "links": [{"href": "http://10.0.2.15:8774/4e06560818134710b291734e503f245d/images/3d93d6b3-83dc-435d-9b0e-4c7ff7e2b693", "rel": "bookmark"}]}, "OS-EXT-STS:task_state": "deleting", "OS-EXT-STS:vm_state": "active", "OS-SRV-USG:launched_at": "2015-12-25T03:52:40.000000", "flavor": {"id": "42", "links": [{"href": "http://10.0.2.15:8774/4e06560818134710b291734e503f245d/flavors/42", "rel": "bookmark"}]}, "id": "a86a0460-a411-4e4f-b8bf-4ca07af3f701", "security_groups": [{"name": "tempest-secgroup-smoke-453023380"}], "OS-SRV-USG:terminated_at": null, "OS-EXT-AZ:availability_zone": "nova", "user_id": "f035f14adee34d8590b59a44f82d6f37", "name": "tempest.common.compute-instance-866590903", "created": "2015-12-25T03:52:36Z", "tenant_id": "4e06560818134710b291734e503f245d", "OS-DCF:diskConfig": "MANUAL", "os-extended-volumes:volumes_attached": [], "accessIPv4": "", "accessIPv6": "", "progress": 0, "OS-EXT-STS:power_state": 1, "config_drive": "True", "metadata": {}}}
2015-12-25 03:54:46,197 21875 INFO     [tempest_lib.common.rest_client] Request (TestNetworkBasicOps:_run_cleanups): 200 GET http://10.0.2.15:8774/v2.1/4e06560818134710b291734e503f245d/servers/a86a0460-a411-4e4f-b8bf-4ca07af3f701 0.130s
2015-12-25 03:54:46,198 21875 DEBUG    [tempest_lib.common.rest_client] Request - Headers: {'Content-Type': 'application/json', 'Accept': 'application/json', 'X-Auth-Token': '&lt;omitted&gt;'}
        Body: None
    Response - Headers: {'status': '200', 'content-length': '1707', 'content-location': 'http://10.0.2.15:8774/v2.1/4e06560818134710b291734e503f245d/servers/a86a0460-a411-4e4f-b8bf-4ca07af3f701', 'x-compute-request-id': 'req-4dd06f5a-640c-4943-903f-ed1405edc2f5', 'vary': 'X-OpenStack-Nova-API-Version', 'connection': 'close', 'x-openstack-nova-api-version': '2.1', 'date': 'Fri, 25 Dec 2015 03:54:46 GMT', 'content-type': 'application/json'}
        Body: {"server": {"status": "ACTIVE", "updated": "2015-12-25T03:54:45Z", "hostId": "f97f032048b9a0475b537eb48e7d9787fb3ace48dd908fd741307332", "addresses": {"tempest-network-smoke--1184261971": [{"OS-EXT-IPS-MAC:mac_addr": "fa:16:3e:45:9e:12", "version": 4, "addr": "10.100.0.3", "OS-EXT-IPS:type": "fixed"}, {"OS-EXT-IPS-MAC:mac_addr": "fa:16:3e:45:9e:12", "version": 4, "addr": "172.24.4.4", "OS-EXT-IPS:type": "floating"}]}, "links": [{"href": "http://10.0.2.15:8774/v2.1/4e06560818134710b291734e503f245d/servers/a86a0460-a411-4e4f-b8bf-4ca07af3f701", "rel": "self"}, {"href": "http://10.0.2.15:8774/4e06560818134710b291734e503f245d/servers/a86a0460-a411-4e4f-b8bf-4ca07af3f701", "rel": "bookmark"}], "key_name": "tempest-TestNetworkBasicOps-582805104", "image": {"id": "3d93d6b3-83dc-435d-9b0e-4c7ff7e2b693", "links": [{"href": "http://10.0.2.15:8774/4e06560818134710b291734e503f245d/images/3d93d6b3-83dc-435d-9b0e-4c7ff7e2b693", "rel": "bookmark"}]}, "OS-EXT-STS:task_state": "deleting", "OS-EXT-STS:vm_state": "active", "OS-SRV-USG:launched_at": "2015-12-25T03:52:40.000000", "flavor": {"id": "42", "links": [{"href": "http://10.0.2.15:8774/4e06560818134710b291734e503f245d/flavors/42", "rel": "bookmark"}]}, "id": "a86a0460-a411-4e4f-b8bf-4ca07af3f701", "OS-SRV-USG:terminated_at": null, "OS-EXT-AZ:availability_zone": "nova", "user_id": "f035f14adee34d8590b59a44f82d6f37", "name": "tempest.common.compute-instance-866590903", "created": "2015-12-25T03:52:36Z", "tenant_id": "4e06560818134710b291734e503f245d", "OS-DCF:diskConfig": "MANUAL", "os-extended-volumes:volumes_attached": [], "accessIPv4": "", "accessIPv6": "", "progress": 0, "OS-EXT-STS:power_state": 1, "config_drive": "True", "metadata": {}}}
2015-12-25 03:54:47,293 21875 INFO     [tempest_lib.common.rest_client] Request (TestNetworkBasicOps:_run_cleanups): 404 GET http://10.0.2.15:8774/v2.1/4e06560818134710b291734e503f245d/servers/a86a0460-a411-4e4f-b8bf-4ca07af3f701 0.084s
2015-12-25 03:54:47,294 21875 DEBUG    [tempest_lib.common.rest_client] Request - Headers: {'Content-Type': 'application/json', 'Accept': 'application/json', 'X-Auth-Token': '&lt;omitted&gt;'}
        Body: None
    Response - Headers: {'status': '404', 'content-length': '111', 'x-compute-request-id': 'req-554f9d1a-29f6-4855-b872-5ed7bd3fa965', 'vary': 'X-OpenStack-Nova-API-Version', 'connection': 'close', 'x-openstack-nova-api-version': '2.1', 'date': 'Fri, 25 Dec 2015 03:54:47 GMT', 'content-type': 'application/json; charset=UTF-8'}
        Body: {"itemNotFound": {"message": "Instance a86a0460-a411-4e4f-b8bf-4ca07af3f701 could not be found.", "code": 404}}
2015-12-25 03:54:47,314 21875 INFO     [tempest_lib.common.rest_client] Request (TestNetworkBasicOps:_run_cleanups): 202 DELETE http://10.0.2.15:8774/v2.1/4e06560818134710b291734e503f245d/os-keypairs/tempest-TestNetworkBasicOps-582805104 0.018s
2015-12-25 03:54:47,315 21875 DEBUG    [tempest_lib.common.rest_client] Request - Headers: {'Content-Type': 'application/json', 'Accept': 'application/json', 'X-Auth-Token': '&lt;omitted&gt;'}
        Body: None
    Response - Headers: {'status': '202', 'content-length': '0', 'x-compute-request-id': 'req-8b154018-fddc-4ab5-872e-b5a44aec96fa', 'vary': 'X-OpenStack-Nova-API-Version', 'connection': 'close', 'x-openstack-nova-api-version': '2.1', 'date': 'Fri, 25 Dec 2015 03:54:47 GMT', 'content-type': 'application/json'}
        Body: 
2015-12-25 03:54:47,811 21875 INFO     [tempest_lib.common.rest_client] Request (TestNetworkBasicOps:_run_cleanups): 200 PUT http://10.0.2.15:9696/v2.0/routers/79c91aad-ef88-4fe2-8129-856e9a521fc5/remove_router_interface 0.494s
2015-12-25 03:54:47,811 21875 DEBUG    [tempest_lib.common.rest_client] Request - Headers: {'Content-Type': 'application/json', 'Accept': 'application/json', 'X-Auth-Token': '&lt;omitted&gt;'}
        Body: {"subnet_id": "d28f87ef-3442-47b1-b1ee-c862356b0e79"}
    Response - Headers: {'status': '200', 'content-length': '255', 'connection': 'close', 'date': 'Fri, 25 Dec 2015 03:54:47 GMT', 'content-type': 'application/json; charset=UTF-8', 'x-openstack-request-id': 'req-f5410a40-67f5-46d1-8ff8-b3a0de319b26'}
        Body: {"subnet_id": "d28f87ef-3442-47b1-b1ee-c862356b0e79", "tenant_id": "4e06560818134710b291734e503f245d", "subnet_ids": ["d28f87ef-3442-47b1-b1ee-c862356b0e79"], "port_id": "049d36cf-e24e-4628-a6b3-2680d6fe0a10", "id": "79c91aad-ef88-4fe2-8129-856e9a521fc5"}
2015-12-25 03:54:48,252 21875 INFO     [tempest_lib.common.rest_client] Request (TestNetworkBasicOps:_run_cleanups): 204 DELETE http://10.0.2.15:9696/v2.0/subnets/d28f87ef-3442-47b1-b1ee-c862356b0e79 0.440s
2015-12-25 03:54:48,252 21875 DEBUG    [tempest_lib.common.rest_client] Request - Headers: {'Content-Type': 'application/json', 'Accept': 'application/json', 'X-Auth-Token': '&lt;omitted&gt;'}
        Body: None
    Response - Headers: {'date': 'Fri, 25 Dec 2015 03:54:48 GMT', 'status': '204', 'connection': 'close', 'content-length': '0', 'x-openstack-request-id': 'req-c2598232-1e57-41aa-9493-e379db5b6adb'}
        Body: 
2015-12-25 03:54:48,341 21875 INFO     [tempest_lib.common.rest_client] Request (TestNetworkBasicOps:_run_cleanups): 200 GET http://10.0.2.15:9696/v2.0/routers/79c91aad-ef88-4fe2-8129-856e9a521fc5 0.088s
2015-12-25 03:54:48,341 21875 DEBUG    [tempest_lib.common.rest_client] Request - Headers: {'Content-Type': 'application/json', 'Accept': 'application/json', 'X-Auth-Token': '&lt;omitted&gt;'}
        Body: None
    Response - Headers: {'status': '200', 'content-length': '564', 'content-location': 'http://10.0.2.15:9696/v2.0/routers/79c91aad-ef88-4fe2-8129-856e9a521fc5', 'connection': 'close', 'date': 'Fri, 25 Dec 2015 03:54:48 GMT', 'content-type': 'application/json; charset=UTF-8', 'x-openstack-request-id': 'req-186ec036-734e-4908-b066-23c0a2ca2518'}
        Body: {"router": {"status": "ACTIVE", "external_gateway_info": {"network_id": "076fa3cc-892a-4e48-8a3a-1b30587aaef6", "enable_snat": true, "external_fixed_ips": [{"subnet_id": "65b880aa-bf14-456d-b2ba-fb014a98351c", "ip_address": "172.24.4.3"}, {"subnet_id": "47d38f41-fd61-49a0-bdd8-133b8e7fba7d", "ip_address": "2001:db8::4"}]}, "availability_zone_hints": [], "availability_zones": ["nova"], "name": "tempest-router-smoke-2008490261", "admin_state_up": true, "tenant_id": "4e06560818134710b291734e503f245d", "routes": [], "id": "79c91aad-ef88-4fe2-8129-856e9a521fc5"}}
2015-12-25 03:54:48,857 21875 INFO     [tempest_lib.common.rest_client] Request (TestNetworkBasicOps:_run_cleanups): 200 PUT http://10.0.2.15:9696/v2.0/routers/79c91aad-ef88-4fe2-8129-856e9a521fc5 0.515s
2015-12-25 03:54:48,857 21875 DEBUG    [tempest_lib.common.rest_client] Request - Headers: {'Content-Type': 'application/json', 'Accept': 'application/json', 'X-Auth-Token': '&lt;omitted&gt;'}
        Body: {"router": {"external_gateway_info": {}, "name": "tempest-router-smoke-2008490261", "admin_state_up": true}}
    Response - Headers: {'status': '200', 'content-length': '302', 'connection': 'close', 'date': 'Fri, 25 Dec 2015 03:54:48 GMT', 'content-type': 'application/json; charset=UTF-8', 'x-openstack-request-id': 'req-a421fe49-8fe5-4dd1-b182-86210ba37733'}
        Body: {"router": {"status": "ACTIVE", "external_gateway_info": null, "availability_zone_hints": [], "availability_zones": ["nova"], "name": "tempest-router-smoke-2008490261", "admin_state_up": true, "tenant_id": "4e06560818134710b291734e503f245d", "routes": [], "id": "79c91aad-ef88-4fe2-8129-856e9a521fc5"}}
2015-12-25 03:54:49,214 21875 INFO     [tempest_lib.common.rest_client] Request (TestNetworkBasicOps:_run_cleanups): 204 DELETE http://10.0.2.15:9696/v2.0/routers/79c91aad-ef88-4fe2-8129-856e9a521fc5 0.356s
2015-12-25 03:54:49,214 21875 DEBUG    [tempest_lib.common.rest_client] Request - Headers: {'Content-Type': 'application/json', 'Accept': 'application/json', 'X-Auth-Token': '&lt;omitted&gt;'}
        Body: None
    Response - Headers: {'date': 'Fri, 25 Dec 2015 03:54:49 GMT', 'status': '204', 'connection': 'close', 'content-length': '0', 'x-openstack-request-id': 'req-68f6cae2-4020-4202-b719-5c8c0c149f65'}
        Body: 
2015-12-25 03:54:49,447 21875 INFO     [tempest_lib.common.rest_client] Request (TestNetworkBasicOps:_run_cleanups): 204 DELETE http://10.0.2.15:9696/v2.0/networks/6509834a-dd1f-48be-9fd9-b55834ac30eb 0.232s
2015-12-25 03:54:49,447 21875 DEBUG    [tempest_lib.common.rest_client] Request - Headers: {'Content-Type': 'application/json', 'Accept': 'application/json', 'X-Auth-Token': '&lt;omitted&gt;'}
        Body: None
    Response - Headers: {'date': 'Fri, 25 Dec 2015 03:54:49 GMT', 'status': '204', 'connection': 'close', 'content-length': '0', 'x-openstack-request-id': 'req-53f87311-67bb-43d8-a48d-ca72df8542ea'}
        Body: 
2015-12-25 03:54:49,522 21875 INFO     [tempest_lib.common.rest_client] Request (TestNetworkBasicOps:_run_cleanups): 204 DELETE http://10.0.2.15:9696/v2.0/security-group-rules/61fcb0c1-f802-4717-8b4e-c1b16c5bcffe 0.074s
2015-12-25 03:54:49,523 21875 DEBUG    [tempest_lib.common.rest_client] Request - Headers: {'Content-Type': 'application/json', 'Accept': 'application/json', 'X-Auth-Token': '&lt;omitted&gt;'}
        Body: None
    Response - Headers: {'date': 'Fri, 25 Dec 2015 03:54:49 GMT', 'status': '204', 'connection': 'close', 'content-length': '0', 'x-openstack-request-id': 'req-dca3d1e8-e784-435e-8ef3-d54be9f9ac39'}
        Body: 
2015-12-25 03:54:49,573 21875 INFO     [tempest_lib.common.rest_client] Request (TestNetworkBasicOps:_run_cleanups): 204 DELETE http://10.0.2.15:9696/v2.0/security-group-rules/4624be5f-df35-4672-9db0-1c7efe77abbf 0.049s
2015-12-25 03:54:49,573 21875 DEBUG    [tempest_lib.common.rest_client] Request - Headers: {'Content-Type': 'application/json', 'Accept': 'application/json', 'X-Auth-Token': '&lt;omitted&gt;'}
        Body: None
    Response - Headers: {'date': 'Fri, 25 Dec 2015 03:54:49 GMT', 'status': '204', 'connection': 'close', 'content-length': '0', 'x-openstack-request-id': 'req-bf01c565-1b57-4523-b52b-060ed4d7d7c9'}
        Body: 
2015-12-25 03:54:49,636 21875 INFO     [tempest_lib.common.rest_client] Request (TestNetworkBasicOps:_run_cleanups): 204 DELETE http://10.0.2.15:9696/v2.0/security-group-rules/41f568f6-f21b-4a2e-b010-84219331e4a1 0.062s
2015-12-25 03:54:49,637 21875 DEBUG    [tempest_lib.common.rest_client] Request - Headers: {'Content-Type': 'application/json', 'Accept': 'application/json', 'X-Auth-Token': '&lt;omitted&gt;'}
        Body: None
    Response - Headers: {'date': 'Fri, 25 Dec 2015 03:54:49 GMT', 'status': '204', 'connection': 'close', 'content-length': '0', 'x-openstack-request-id': 'req-e97305f1-0398-4cd9-8d03-a570040de204'}
        Body: 
2015-12-25 03:54:49,704 21875 INFO     [tempest_lib.common.rest_client] Request (TestNetworkBasicOps:_run_cleanups): 204 DELETE http://10.0.2.15:9696/v2.0/security-group-rules/3b4be1e0-a4f9-48db-9fd1-659d1f327372 0.067s
2015-12-25 03:54:49,705 21875 DEBUG    [tempest_lib.common.rest_client] Request - Headers: {'Content-Type': 'application/json', 'Accept': 'application/json', 'X-Auth-Token': '&lt;omitted&gt;'}
        Body: None
    Response - Headers: {'date': 'Fri, 25 Dec 2015 03:54:49 GMT', 'status': '204', 'connection': 'close', 'content-length': '0', 'x-openstack-request-id': 'req-f96a87ec-f475-4865-bd93-aed872d72283'}
        Body: 
