<?xml version="1.0" encoding="UTF-8"?>
<!DOCTYPE html PUBLIC "-//W3C//DTD XHTML 1.0 Strict//EN"
     "http://www.w3.org/TR/xhtml1/DTD/xhtml1-strict.dtd">
<html xmlns="http://www.w3.org/1999/xhtml">
<head>
    <title>Unit Test Report</title>
    <meta name="generator" content="subunit2html 0.1"/>
    <meta http-equiv="Content-Type" content="text/html; charset=UTF-8"/>
    
<style type="text/css" media="screen">
body        { font-family: verdana, arial, helvetica, sans-serif;
    font-size: 80%; }
table       { font-size: 100%; width: 100%;}
pre         { font-size: 80%; }

/* -- heading -------------------------------------------------------------- */
h1 {
        font-size: 16pt;
        color: gray;
}
.heading {
    margin-top: 0ex;
    margin-bottom: 1ex;
}

.heading .attribute {
    margin-top: 1ex;
    margin-bottom: 0;
}

.heading .description {
    margin-top: 4ex;
    margin-bottom: 6ex;
}

/* -- css div popup -------------------------------------------------------- */
a.popup_link {
}

a.popup_link:hover {
    color: red;
}

.popup_window {
    display: none;
    overflow-x: scroll;
    /*border: solid #627173 1px; */
    padding: 10px;
    background-color: #E6E6D6;
    font-family: "Ubuntu Mono", "Lucida Console", "Courier New", monospace;
    text-align: left;
    font-size: 8pt;
}

}
/* -- report --------------------------------------------------------------- */
#show_detail_line {
    margin-top: 3ex;
    margin-bottom: 1ex;
}
#result_table {
    width: 100%;
    border-collapse: collapse;
    border: 1px solid #777;
}
#header_row {
    font-weight: bold;
    color: white;
    background-color: #777;
}
#result_table td {
    border: 1px solid #777;
    padding: 2px;
}
#total_row  { font-weight: bold; }
.passClass  { background-color: #6c6; }
.failClass  { background-color: #c60; }
.errorClass { background-color: #c00; }
.passCase   { color: #6c6; }
.failCase   { color: #c60; font-weight: bold; }
.errorCase  { color: #c00; font-weight: bold; }
.hiddenRow  { display: none; }
.testcase   { margin-left: 2em; }
td.testname {width: 40%}
td.small {width: 40px}

/* -- ending --------------------------------------------------------------- */
#ending {
}

</style>

</head>
<body>
<script language="javascript" type="text/javascript"><!--
output_list = Array();

/* level - 0:Summary; 1:Failed; 2:All */
function showCase(level) {
    trs = document.getElementsByTagName("tr");
    for (var i = 0; i < trs.length; i++) {
        tr = trs[i];
        id = tr.id;
        if (id.substr(0,2) == 'ft') {
            if (level < 1) {
                tr.className = 'hiddenRow';
            }
            else {
                tr.className = '';
            }
        }
        if (id.substr(0,2) == 'pt') {
            if (level > 1) {
                tr.className = '';
            }
            else {
                tr.className = 'hiddenRow';
            }
        }
    }
}


function showClassDetail(cid, count) {
    var id_list = Array(count);
    var toHide = 1;
    for (var i = 0; i < count; i++) {
        tid0 = 't' + cid.substr(1) + '.' + (i+1);
        tid = 'f' + tid0;
        tr = document.getElementById(tid);
        if (!tr) {
            tid = 'p' + tid0;
            tr = document.getElementById(tid);
        }
        id_list[i] = tid;
        if (tr.className) {
            toHide = 0;
        }
    }
    for (var i = 0; i < count; i++) {
        tid = id_list[i];
        if (toHide) {
            document.getElementById('div_'+tid).style.display = 'none'
            document.getElementById(tid).className = 'hiddenRow';
        }
        else {
            document.getElementById(tid).className = '';
        }
    }
}


function showTestDetail(div_id){
    var details_div = document.getElementById(div_id)
    var displayState = details_div.style.display
    // alert(displayState)
    if (displayState != 'block' ) {
        displayState = 'block'
        details_div.style.display = 'block'
    }
    else {
        details_div.style.display = 'none'
    }
}


function html_escape(s) {
    s = s.replace(/&/g,'&amp;');
    s = s.replace(/</g,'&lt;');
    s = s.replace(/>/g,'&gt;');
    return s;
}

/* obsoleted by detail in <div>
function showOutput(id, name) {
    var w = window.open("", //url
                    name,
                    "resizable,scrollbars,status,width=800,height=450");
    d = w.document;
    d.write("<pre>");
    d.write(html_escape(output_list[id]));
    d.write("\n");
    d.write("<a href='javascript:window.close()'>close</a>\n");
    d.write("</pre>\n");
    d.close();
}
*/
--></script>

<div class='heading'>
<h1>Unit Test Report</h1>

<p class='attribute'><strong>Status:</strong> Pass 1 Failure 7 Skip 1</p>

<p class='description'></p>
</div>



<p id='show_detail_line'>Show
<a href='javascript:showCase(0)'>Summary</a>
<a href='javascript:showCase(1)'>Failed</a>
<a href='javascript:showCase(2)'>All</a>
</p>
<table id='result_table'>
<colgroup>
<col align='left' />
<col align='right' />
<col align='right' />
<col align='right' />
<col align='right' />
<col align='right' />
<col align='right' />
<col align='right' />
</colgroup>
<tr id='header_row'>
    <td>Test Group/Test case</td>
    <td>Count</td>
    <td>Pass</td>
    <td>Fail</td>
    <td>Error</td>
    <td>Skip</td>
    <td>View</td>
    <td> </td>
</tr>

<tr class='failClass'>
    <td class="testname">tempest.scenario.test_network_basic_ops.TestNetworkBasicOps</td>
    <td class="small">9</td>
    <td class="small">1</td>
    <td class="small">7</td>
    <td class="small">0</td>
    <td class="small">1</td>
    <td class="small"><a href="javascript:showClassDetail('c1',9)"
>Detail</a></td>
    <td> </td>
</tr>

<tr id='ft1.1' class='none'>
    <td class='failCase'><div class='testcase'>test_connectivity_between_vms_on_different_networks[compute,id-1546850e-fbaa-42f5-8b5f-03d8a6a95f15,network]</div></td>
    <td colspan='7' align='left'>

    <!--css div popup start-->
    <a class="popup_link" onfocus='this.blur();'
    href="javascript:showTestDetail('div_ft1.1')" >
        fail</a>

    <div id='div_ft1.1' class="popup_window">
        <div style='text-align: right; color:red;cursor:pointer'>
        <a onfocus='this.blur();'
onclick="document.getElementById('div_ft1.1').style.display = 'none' " >
           [x]</a>
        </div>
        <pre>
        
ft1.1: tempest.scenario.test_network_basic_ops.TestNetworkBasicOps.test_connectivity_between_vms_on_different_networks[compute,id-1546850e-fbaa-42f5-8b5f-03d8a6a95f15,network]_StringException: Empty attachments:
  stderr
  stdout

pythonlogging:'': {{{
2015-12-21 00:57:41,537 21552 INFO     [tempest_lib.common.rest_client] Request (TestNetworkBasicOps:test_connectivity_between_vms_on_different_networks): 201 POST http://10.0.2.15:9696/v2.0/security-groups 0.350s
2015-12-21 00:57:41,537 21552 DEBUG    [tempest_lib.common.rest_client] Request - Headers: {'Content-Type': 'application/json', 'Accept': 'application/json', 'X-Auth-Token': '&lt;omitted&gt;'}
        Body: {"security_group": {"tenant_id": "1250661be6a349d59b87b6896ed391a0", "description": "tempest-secgroup-smoke-1047853340 description", "name": "tempest-secgroup-smoke-1047853340"}}
    Response - Headers: {'status': '201', 'content-length': '888', 'connection': 'close', 'date': 'Mon, 21 Dec 2015 00:57:41 GMT', 'content-type': 'application/json; charset=UTF-8', 'x-openstack-request-id': 'req-92ceacdf-9821-4f83-9914-7cacc2bf4afd'}
        Body: {"security_group": {"tenant_id": "1250661be6a349d59b87b6896ed391a0", "description": "tempest-secgroup-smoke-1047853340 description", "id": "67fbd812-39f6-4a87-8faa-5d4e03da4362", "security_group_rules": [{"remote_group_id": null, "direction": "egress", "remote_ip_prefix": null, "protocol": null, "ethertype": "IPv4", "tenant_id": "1250661be6a349d59b87b6896ed391a0", "port_range_max": null, "port_range_min": null, "id": "7fc76494-c918-4765-99da-8ca5c2920d1f", "security_group_id": "67fbd812-39f6-4a87-8faa-5d4e03da4362"}, {"remote_group_id": null, "direction": "egress", "remote_ip_prefix": null, "protocol": null, "ethertype": "IPv6", "tenant_id": "1250661be6a349d59b87b6896ed391a0", "port_range_max": null, "port_range_min": null, "id": "39aab4ba-8bb7-4e32-870a-5389cbd1c747", "security_group_id": "67fbd812-39f6-4a87-8faa-5d4e03da4362"}], "name": "tempest-secgroup-smoke-1047853340"}}
2015-12-21 00:57:41,660 21552 INFO     [tempest_lib.common.rest_client] Request (TestNetworkBasicOps:test_connectivity_between_vms_on_different_networks): 201 POST http://10.0.2.15:9696/v2.0/security-group-rules 0.122s
2015-12-21 00:57:41,661 21552 DEBUG    [tempest_lib.common.rest_client] Request - Headers: {'Content-Type': 'application/json', 'Accept': 'application/json', 'X-Auth-Token': '&lt;omitted&gt;'}
        Body: {"security_group_rule": {"direction": "ingress", "protocol": "tcp", "tenant_id": "1250661be6a349d59b87b6896ed391a0", "port_range_max": 22, "security_group_id": "67fbd812-39f6-4a87-8faa-5d4e03da4362", "port_range_min": 22}}
    Response - Headers: {'status': '201', 'content-length': '340', 'connection': 'close', 'date': 'Mon, 21 Dec 2015 00:57:41 GMT', 'content-type': 'application/json; charset=UTF-8', 'x-openstack-request-id': 'req-b70567e5-3ab0-4658-ae56-a3ff2863e7a9'}
        Body: {"security_group_rule": {"remote_group_id": null, "direction": "ingress", "remote_ip_prefix": null, "protocol": "tcp", "ethertype": "IPv4", "tenant_id": "1250661be6a349d59b87b6896ed391a0", "port_range_max": 22, "port_range_min": 22, "id": "da07b8ce-2548-4c74-ac47-f4a325c044c9", "security_group_id": "67fbd812-39f6-4a87-8faa-5d4e03da4362"}}
2015-12-21 00:57:41,791 21552 INFO     [tempest_lib.common.rest_client] Request (TestNetworkBasicOps:test_connectivity_between_vms_on_different_networks): 201 POST http://10.0.2.15:9696/v2.0/security-group-rules 0.129s
2015-12-21 00:57:41,792 21552 DEBUG    [tempest_lib.common.rest_client] Request - Headers: {'Content-Type': 'application/json', 'Accept': 'application/json', 'X-Auth-Token': '&lt;omitted&gt;'}
        Body: {"security_group_rule": {"direction": "egress", "protocol": "tcp", "tenant_id": "1250661be6a349d59b87b6896ed391a0", "port_range_max": 22, "security_group_id": "67fbd812-39f6-4a87-8faa-5d4e03da4362", "port_range_min": 22}}
    Response - Headers: {'status': '201', 'content-length': '339', 'connection': 'close', 'date': 'Mon, 21 Dec 2015 00:57:41 GMT', 'content-type': 'application/json; charset=UTF-8', 'x-openstack-request-id': 'req-de539304-2ba4-4a22-9455-199178f797f7'}
        Body: {"security_group_rule": {"remote_group_id": null, "direction": "egress", "remote_ip_prefix": null, "protocol": "tcp", "ethertype": "IPv4", "tenant_id": "1250661be6a349d59b87b6896ed391a0", "port_range_max": 22, "port_range_min": 22, "id": "d2ed0f10-07bd-45b7-a454-3bb5928d8e23", "security_group_id": "67fbd812-39f6-4a87-8faa-5d4e03da4362"}}
2015-12-21 00:57:41,911 21552 INFO     [tempest_lib.common.rest_client] Request (TestNetworkBasicOps:test_connectivity_between_vms_on_different_networks): 201 POST http://10.0.2.15:9696/v2.0/security-group-rules 0.117s
2015-12-21 00:57:41,912 21552 DEBUG    [tempest_lib.common.rest_client] Request - Headers: {'Content-Type': 'application/json', 'Accept': 'application/json', 'X-Auth-Token': '&lt;omitted&gt;'}
        Body: {"security_group_rule": {"tenant_id": "1250661be6a349d59b87b6896ed391a0", "direction": "ingress", "protocol": "icmp", "security_group_id": "67fbd812-39f6-4a87-8faa-5d4e03da4362"}}
    Response - Headers: {'status': '201', 'content-length': '345', 'connection': 'close', 'date': 'Mon, 21 Dec 2015 00:57:41 GMT', 'content-type': 'application/json; charset=UTF-8', 'x-openstack-request-id': 'req-d22648bd-8fa6-4539-86c2-7501fae247d6'}
        Body: {"security_group_rule": {"remote_group_id": null, "direction": "ingress", "remote_ip_prefix": null, "protocol": "icmp", "ethertype": "IPv4", "tenant_id": "1250661be6a349d59b87b6896ed391a0", "port_range_max": null, "port_range_min": null, "id": "8e45e095-a247-42d7-b8b6-e3c3db3be541", "security_group_id": "67fbd812-39f6-4a87-8faa-5d4e03da4362"}}
2015-12-21 00:57:42,049 21552 INFO     [tempest_lib.common.rest_client] Request (TestNetworkBasicOps:test_connectivity_between_vms_on_different_networks): 201 POST http://10.0.2.15:9696/v2.0/security-group-rules 0.135s
2015-12-21 00:57:42,050 21552 DEBUG    [tempest_lib.common.rest_client] Request - Headers: {'Content-Type': 'application/json', 'Accept': 'application/json', 'X-Auth-Token': '&lt;omitted&gt;'}
        Body: {"security_group_rule": {"tenant_id": "1250661be6a349d59b87b6896ed391a0", "direction": "egress", "protocol": "icmp", "security_group_id": "67fbd812-39f6-4a87-8faa-5d4e03da4362"}}
    Response - Headers: {'status': '201', 'content-length': '344', 'connection': 'close', 'date': 'Mon, 21 Dec 2015 00:57:42 GMT', 'content-type': 'application/json; charset=UTF-8', 'x-openstack-request-id': 'req-0d4ddc82-4a7a-4649-9295-7ab00970ea4e'}
        Body: {"security_group_rule": {"remote_group_id": null, "direction": "egress", "remote_ip_prefix": null, "protocol": "icmp", "ethertype": "IPv4", "tenant_id": "1250661be6a349d59b87b6896ed391a0", "port_range_max": null, "port_range_min": null, "id": "7ed7b5b4-5e9f-41f9-a504-7b50224144a5", "security_group_id": "67fbd812-39f6-4a87-8faa-5d4e03da4362"}}
2015-12-21 00:57:42,306 21552 INFO     [tempest_lib.common.rest_client] Request (TestNetworkBasicOps:test_connectivity_between_vms_on_different_networks): 201 POST http://10.0.2.15:9696/v2.0/security-group-rules 0.254s
2015-12-21 00:57:42,306 21552 DEBUG    [tempest_lib.common.rest_client] Request - Headers: {'Content-Type': 'application/json', 'Accept': 'application/json', 'X-Auth-Token': '&lt;omitted&gt;'}
        Body: {"security_group_rule": {"tenant_id": "1250661be6a349d59b87b6896ed391a0", "direction": "ingress", "security_group_id": "67fbd812-39f6-4a87-8faa-5d4e03da4362", "protocol": "icmp", "ethertype": "IPv6"}}
    Response - Headers: {'status': '201', 'content-length': '345', 'connection': 'close', 'date': 'Mon, 21 Dec 2015 00:57:42 GMT', 'content-type': 'application/json; charset=UTF-8', 'x-openstack-request-id': 'req-46f46a5f-5fb2-4020-a480-6f8a6ababe6c'}
        Body: {"security_group_rule": {"remote_group_id": null, "direction": "ingress", "remote_ip_prefix": null, "protocol": "icmp", "ethertype": "IPv6", "tenant_id": "1250661be6a349d59b87b6896ed391a0", "port_range_max": null, "port_range_min": null, "id": "e0f935de-b7bd-4fc8-aa9f-4063703f3294", "security_group_id": "67fbd812-39f6-4a87-8faa-5d4e03da4362"}}
2015-12-21 00:57:42,425 21552 INFO     [tempest_lib.common.rest_client] Request (TestNetworkBasicOps:test_connectivity_between_vms_on_different_networks): 201 POST http://10.0.2.15:9696/v2.0/security-group-rules 0.118s
2015-12-21 00:57:42,426 21552 DEBUG    [tempest_lib.common.rest_client] Request - Headers: {'Content-Type': 'application/json', 'Accept': 'application/json', 'X-Auth-Token': '&lt;omitted&gt;'}
        Body: {"security_group_rule": {"tenant_id": "1250661be6a349d59b87b6896ed391a0", "direction": "egress", "security_group_id": "67fbd812-39f6-4a87-8faa-5d4e03da4362", "protocol": "icmp", "ethertype": "IPv6"}}
    Response - Headers: {'status': '201', 'content-length': '344', 'connection': 'close', 'date': 'Mon, 21 Dec 2015 00:57:42 GMT', 'content-type': 'application/json; charset=UTF-8', 'x-openstack-request-id': 'req-d8c199f8-bae4-49df-9ca6-b83dd6ffc8e0'}
        Body: {"security_group_rule": {"remote_group_id": null, "direction": "egress", "remote_ip_prefix": null, "protocol": "icmp", "ethertype": "IPv6", "tenant_id": "1250661be6a349d59b87b6896ed391a0", "port_range_max": null, "port_range_min": null, "id": "79ac9e53-37c6-41dc-8951-03a2eca51a7a", "security_group_id": "67fbd812-39f6-4a87-8faa-5d4e03da4362"}}
2015-12-21 00:57:42,629 21552 INFO     [tempest_lib.common.rest_client] Request (TestNetworkBasicOps:test_connectivity_between_vms_on_different_networks): 201 POST http://10.0.2.15:9696/v2.0/networks 0.202s
2015-12-21 00:57:42,630 21552 DEBUG    [tempest_lib.common.rest_client] Request - Headers: {'Content-Type': 'application/json', 'Accept': 'application/json', 'X-Auth-Token': '&lt;omitted&gt;'}
        Body: {"network": {"tenant_id": "1250661be6a349d59b87b6896ed391a0", "name": "tempest-network-smoke--1500093373"}}
    Response - Headers: {'status': '201', 'content-length': '329', 'connection': 'close', 'date': 'Mon, 21 Dec 2015 00:57:42 GMT', 'content-type': 'application/json; charset=UTF-8', 'x-openstack-request-id': 'req-782986b6-d788-480b-9211-ad2f6abf4a81'}
        Body: {"network": {"status": "ACTIVE", "subnets": [], "availability_zone_hints": "[]", "name": "tempest-network-smoke--1500093373", "admin_state_up": true, "tenant_id": "1250661be6a349d59b87b6896ed391a0", "mtu": 0, "router:external": false, "shared": false, "port_security_enabled": true, "id": "fa607339-166f-4af4-9793-cf81c7cb8d0e"}}
2015-12-21 00:57:42,718 21552 INFO     [tempest_lib.common.rest_client] Request (TestNetworkBasicOps:test_connectivity_between_vms_on_different_networks): 201 POST http://10.0.2.15:9696/v2.0/routers 0.086s
2015-12-21 00:57:42,718 21552 DEBUG    [tempest_lib.common.rest_client] Request - Headers: {'Content-Type': 'application/json', 'Accept': 'application/json', 'X-Auth-Token': '&lt;omitted&gt;'}
        Body: {"router": {"tenant_id": "1250661be6a349d59b87b6896ed391a0", "name": "tempest-router-smoke-532541725", "admin_state_up": true}}
    Response - Headers: {'status': '201', 'content-length': '295', 'connection': 'close', 'date': 'Mon, 21 Dec 2015 00:57:42 GMT', 'content-type': 'application/json; charset=UTF-8', 'x-openstack-request-id': 'req-ad51eced-37f0-46a4-a606-546a75bf7f38'}
        Body: {"router": {"status": "ACTIVE", "external_gateway_info": null, "availability_zone_hints": [], "availability_zones": [], "name": "tempest-router-smoke-532541725", "admin_state_up": true, "tenant_id": "1250661be6a349d59b87b6896ed391a0", "routes": [], "id": "4ce8cc4f-d5ee-479b-bc1d-44b0c97b1f12"}}
2015-12-21 00:57:42,773 21552 INFO     [tempest_lib.common.rest_client] Request (TestNetworkBasicOps:test_connectivity_between_vms_on_different_networks): 200 GET http://10.0.2.15:9696/v2.0/routers/4ce8cc4f-d5ee-479b-bc1d-44b0c97b1f12 0.054s
2015-12-21 00:57:42,773 21552 DEBUG    [tempest_lib.common.rest_client] Request - Headers: {'Content-Type': 'application/json', 'Accept': 'application/json', 'X-Auth-Token': '&lt;omitted&gt;'}
        Body: None
    Response - Headers: {'status': '200', 'content-length': '295', 'content-location': 'http://10.0.2.15:9696/v2.0/routers/4ce8cc4f-d5ee-479b-bc1d-44b0c97b1f12', 'connection': 'close', 'date': 'Mon, 21 Dec 2015 00:57:42 GMT', 'content-type': 'application/json; charset=UTF-8', 'x-openstack-request-id': 'req-c7bfe33e-6b39-4265-80e5-59d9dd4b6ea5'}
        Body: {"router": {"status": "ACTIVE", "external_gateway_info": null, "availability_zone_hints": [], "availability_zones": [], "name": "tempest-router-smoke-532541725", "admin_state_up": true, "tenant_id": "1250661be6a349d59b87b6896ed391a0", "routes": [], "id": "4ce8cc4f-d5ee-479b-bc1d-44b0c97b1f12"}}
2015-12-21 00:57:43,453 21552 INFO     [tempest_lib.common.rest_client] Request (TestNetworkBasicOps:test_connectivity_between_vms_on_different_networks): 200 PUT http://10.0.2.15:9696/v2.0/routers/4ce8cc4f-d5ee-479b-bc1d-44b0c97b1f12 0.678s
2015-12-21 00:57:43,454 21552 DEBUG    [tempest_lib.common.rest_client] Request - Headers: {'Content-Type': 'application/json', 'Accept': 'application/json', 'X-Auth-Token': '&lt;omitted&gt;'}
        Body: {"router": {"external_gateway_info": {"network_id": "6e325522-b4cc-4db5-b30e-61968430d7de"}, "name": "tempest-router-smoke-532541725", "admin_state_up": true}}
    Response - Headers: {'status': '200', 'content-length': '557', 'connection': 'close', 'date': 'Mon, 21 Dec 2015 00:57:43 GMT', 'content-type': 'application/json; charset=UTF-8', 'x-openstack-request-id': 'req-0494939b-5cd1-46e4-84d6-413b10e392ed'}
        Body: {"router": {"status": "ACTIVE", "external_gateway_info": {"network_id": "6e325522-b4cc-4db5-b30e-61968430d7de", "enable_snat": true, "external_fixed_ips": [{"subnet_id": "5fae83c9-9abb-4440-940d-365b36f628d6", "ip_address": "172.24.4.3"}, {"subnet_id": "0c3b5ef1-0fe0-4944-b107-cb6cb7bc5228", "ip_address": "2001:db8::4"}]}, "availability_zone_hints": [], "availability_zones": [], "name": "tempest-router-smoke-532541725", "admin_state_up": true, "tenant_id": "1250661be6a349d59b87b6896ed391a0", "routes": [], "id": "4ce8cc4f-d5ee-479b-bc1d-44b0c97b1f12"}}
2015-12-21 00:57:43,618 21552 INFO     [tempest_lib.common.rest_client] Request (TestNetworkBasicOps:test_connectivity_between_vms_on_different_networks): 200 GET http://10.0.2.15:9696/v2.0/subnets?tenant_id=1250661be6a349d59b87b6896ed391a0&amp;cidr=10.100.0.0%2F28 0.163s
2015-12-21 00:57:43,618 21552 DEBUG    [tempest_lib.common.rest_client] Request - Headers: {'Content-Type': 'application/json', 'Accept': 'application/json', 'X-Auth-Token': '&lt;omitted&gt;'}
        Body: None
    Response - Headers: {'status': '200', 'content-length': '15', 'content-location': 'http://10.0.2.15:9696/v2.0/subnets?tenant_id=1250661be6a349d59b87b6896ed391a0&amp;cidr=10.100.0.0%2F28', 'connection': 'close', 'date': 'Mon, 21 Dec 2015 00:57:43 GMT', 'content-type': 'application/json; charset=UTF-8', 'x-openstack-request-id': 'req-dfc5b043-bf1f-4c56-a508-ab896aae9eca'}
        Body: {"subnets": []}
2015-12-21 00:57:44,089 21552 INFO     [tempest_lib.common.rest_client] Request (TestNetworkBasicOps:test_connectivity_between_vms_on_different_networks): 201 POST http://10.0.2.15:9696/v2.0/subnets 0.470s
2015-12-21 00:57:44,091 21552 DEBUG    [tempest_lib.common.rest_client] Request - Headers: {'Content-Type': 'application/json', 'Accept': 'application/json', 'X-Auth-Token': '&lt;omitted&gt;'}
        Body: {"subnet": {"ip_version": 4, "tenant_id": "1250661be6a349d59b87b6896ed391a0", "cidr": "10.100.0.0/28", "network_id": "fa607339-166f-4af4-9793-cf81c7cb8d0e", "name": "tempest-subnet-smoke-1067802574"}}
    Response - Headers: {'status': '201', 'content-length': '478', 'connection': 'close', 'date': 'Mon, 21 Dec 2015 00:57:44 GMT', 'content-type': 'application/json; charset=UTF-8', 'x-openstack-request-id': 'req-c4fdce4a-d96c-4f7d-a694-0c2775b73bfd'}
        Body: {"subnet": {"name": "tempest-subnet-smoke-1067802574", "enable_dhcp": true, "network_id": "fa607339-166f-4af4-9793-cf81c7cb8d0e", "tenant_id": "1250661be6a349d59b87b6896ed391a0", "dns_nameservers": [], "gateway_ip": "10.100.0.1", "ipv6_ra_mode": null, "allocation_pools": [{"start": "10.100.0.2", "end": "10.100.0.14"}], "host_routes": [], "ip_version": 4, "ipv6_address_mode": null, "cidr": "10.100.0.0/28", "id": "d7a074dc-a4c6-470b-ad3c-6a776df184f1", "subnetpool_id": null}}
2015-12-21 00:57:44,717 21552 INFO     [tempest_lib.common.rest_client] Request (TestNetworkBasicOps:test_connectivity_between_vms_on_different_networks): 200 PUT http://10.0.2.15:9696/v2.0/routers/4ce8cc4f-d5ee-479b-bc1d-44b0c97b1f12/add_router_interface 0.625s
2015-12-21 00:57:44,717 21552 DEBUG    [tempest_lib.common.rest_client] Request - Headers: {'Content-Type': 'application/json', 'Accept': 'application/json', 'X-Auth-Token': '&lt;omitted&gt;'}
        Body: {"subnet_id": "d7a074dc-a4c6-470b-ad3c-6a776df184f1"}
    Response - Headers: {'status': '200', 'content-length': '255', 'connection': 'close', 'date': 'Mon, 21 Dec 2015 00:57:44 GMT', 'content-type': 'application/json; charset=UTF-8', 'x-openstack-request-id': 'req-6bfe39ef-5eb9-4f14-9488-b82c5743ed36'}
        Body: {"subnet_id": "d7a074dc-a4c6-470b-ad3c-6a776df184f1", "tenant_id": "1250661be6a349d59b87b6896ed391a0", "subnet_ids": ["d7a074dc-a4c6-470b-ad3c-6a776df184f1"], "port_id": "4bfb1190-6149-4cc9-b23f-d0e821026dda", "id": "4ce8cc4f-d5ee-479b-bc1d-44b0c97b1f12"}
2015-12-21 00:57:44,896 21552 INFO     [tempest_lib.common.rest_client] Request (TestNetworkBasicOps:test_connectivity_between_vms_on_different_networks): 200 GET http://10.0.2.15:9696/v2.0/networks 0.178s
2015-12-21 00:57:44,896 21552 DEBUG    [tempest_lib.common.rest_client] Request - Headers: {'Content-Type': 'application/json', 'Accept': 'application/json', 'X-Auth-Token': '&lt;omitted&gt;'}
        Body: None
    Response - Headers: {'status': '200', 'content-length': '1507', 'content-location': 'http://10.0.2.15:9696/v2.0/networks', 'connection': 'close', 'date': 'Mon, 21 Dec 2015 00:57:44 GMT', 'content-type': 'application/json; charset=UTF-8', 'x-openstack-request-id': 'req-3928e580-634b-4ebf-b6d8-db4489d1a23a'}
        Body: {"networks": [{"status": "ACTIVE", "subnets": ["ace34302-2cd2-4f0c-8672-623af57f9dff", "dcbfbaa1-613e-40f7-80d2-15e3a5f7fa12"], "availability_zone_hints": [], "availability_zones": ["nova"], "name": "private", "provider:physical_network": null, "admin_state_up": true, "tenant_id": "f43a70834fd646cfbf70e790a99c3771", "mtu": 0, "router:external": false, "shared": false, "port_security_enabled": true, "provider:network_type": "vxlan", "id": "b44fae03-2e82-4f13-88c3-05c9994af160", "provider:segmentation_id": 1038}, {"status": "ACTIVE", "subnets": ["5fae83c9-9abb-4440-940d-365b36f628d6", "0c3b5ef1-0fe0-4944-b107-cb6cb7bc5228"], "availability_zone_hints": [], "availability_zones": ["nova"], "name": "public", "provider:physical_network": null, "admin_state_up": true, "tenant_id": "2ecd24ec6cf54c51beacf8caf8d56440", "mtu": 0, "router:external": true, "shared": false, "port_security_enabled": true, "provider:network_type": "vxlan", "id": "6e325522-b4cc-4db5-b30e-61968430d7de", "provider:segmentation_id": 1008}, {"status": "ACTIVE", "subnets": ["d7a074dc-a4c6-470b-ad3c-6a776df184f1"], "availability_zone_hints": [], "availability_zones": ["nova"], "name": "tempest-network-smoke--1500093373", "provider:physical_network": null, "admin_state_up": true, "tenant_id": "1250661be6a349d59b87b6896ed391a0", "mtu": 0, "router:external": false, "shared": false, "port_security_enabled": true, "provider:network_type": "vxlan", "id": "fa607339-166f-4af4-9793-cf81c7cb8d0e", "provider:segmentation_id": 1100}]}
2015-12-21 00:57:44,947 21552 INFO     [tempest_lib.common.rest_client] Request (TestNetworkBasicOps:test_connectivity_between_vms_on_different_networks): 200 GET http://10.0.2.15:9696/v2.0/subnets 0.050s
2015-12-21 00:57:44,947 21552 DEBUG    [tempest_lib.common.rest_client] Request - Headers: {'Content-Type': 'application/json', 'Accept': 'application/json', 'X-Auth-Token': '&lt;omitted&gt;'}
        Body: None
    Response - Headers: {'status': '200', 'content-length': '2408', 'content-location': 'http://10.0.2.15:9696/v2.0/subnets', 'connection': 'close', 'date': 'Mon, 21 Dec 2015 00:57:44 GMT', 'content-type': 'application/json; charset=UTF-8', 'x-openstack-request-id': 'req-46e3dec2-1393-46a4-8dd5-ad9b672681c5'}
        Body: {"subnets": [{"name": "ipv6-private-subnet", "enable_dhcp": true, "network_id": "b44fae03-2e82-4f13-88c3-05c9994af160", "tenant_id": "f43a70834fd646cfbf70e790a99c3771", "dns_nameservers": [], "gateway_ip": "fddc:7d3b:9567::1", "ipv6_ra_mode": "slaac", "allocation_pools": [{"start": "fddc:7d3b:9567::2", "end": "fddc:7d3b:9567:0:ffff:ffff:ffff:ffff"}], "host_routes": [], "ip_version": 6, "ipv6_address_mode": "slaac", "cidr": "fddc:7d3b:9567::/64", "id": "ace34302-2cd2-4f0c-8672-623af57f9dff", "subnetpool_id": null}, {"name": "public-subnet", "enable_dhcp": false, "network_id": "6e325522-b4cc-4db5-b30e-61968430d7de", "tenant_id": "2ecd24ec6cf54c51beacf8caf8d56440", "dns_nameservers": [], "gateway_ip": "172.24.4.1", "ipv6_ra_mode": null, "allocation_pools": [{"start": "172.24.4.2", "end": "172.24.4.254"}], "host_routes": [], "ip_version": 4, "ipv6_address_mode": null, "cidr": "172.24.4.0/24", "id": "5fae83c9-9abb-4440-940d-365b36f628d6", "subnetpool_id": null}, {"name": "ipv6-public-subnet", "enable_dhcp": false, "network_id": "6e325522-b4cc-4db5-b30e-61968430d7de", "tenant_id": "2ecd24ec6cf54c51beacf8caf8d56440", "dns_nameservers": [], "gateway_ip": "2001:db8::2", "ipv6_ra_mode": null, "allocation_pools": [{"start": "2001:db8::1", "end": "2001:db8::1"}, {"start": "2001:db8::3", "end": "2001:db8::ffff:ffff:ffff:ffff"}], "host_routes": [], "ip_version": 6, "ipv6_address_mode": null, "cidr": "2001:db8::/64", "id": "0c3b5ef1-0fe0-4944-b107-cb6cb7bc5228", "subnetpool_id": null}, {"name": "private-subnet", "enable_dhcp": true, "network_id": "b44fae03-2e82-4f13-88c3-05c9994af160", "tenant_id": "f43a70834fd646cfbf70e790a99c3771", "dns_nameservers": [], "gateway_ip": "10.0.0.1", "ipv6_ra_mode": null, "allocation_pools": [{"start": "10.0.0.2", "end": "10.0.0.254"}], "host_routes": [], "ip_version": 4, "ipv6_address_mode": null, "cidr": "10.0.0.0/24", "id": "dcbfbaa1-613e-40f7-80d2-15e3a5f7fa12", "subnetpool_id": null}, {"name": "tempest-subnet-smoke-1067802574", "enable_dhcp": true, "network_id": "fa607339-166f-4af4-9793-cf81c7cb8d0e", "tenant_id": "1250661be6a349d59b87b6896ed391a0", "dns_nameservers": [], "gateway_ip": "10.100.0.1", "ipv6_ra_mode": null, "allocation_pools": [{"start": "10.100.0.2", "end": "10.100.0.14"}], "host_routes": [], "ip_version": 4, "ipv6_address_mode": null, "cidr": "10.100.0.0/28", "id": "d7a074dc-a4c6-470b-ad3c-6a776df184f1", "subnetpool_id": null}]}
2015-12-21 00:57:45,004 21552 INFO     [tempest_lib.common.rest_client] Request (TestNetworkBasicOps:test_connectivity_between_vms_on_different_networks): 200 GET http://10.0.2.15:9696/v2.0/routers 0.056s
2015-12-21 00:57:45,004 21552 DEBUG    [tempest_lib.common.rest_client] Request - Headers: {'Content-Type': 'application/json', 'Accept': 'application/json', 'X-Auth-Token': '&lt;omitted&gt;'}
        Body: None
    Response - Headers: {'status': '200', 'content-length': '1166', 'content-location': 'http://10.0.2.15:9696/v2.0/routers', 'connection': 'close', 'date': 'Mon, 21 Dec 2015 00:57:45 GMT', 'content-type': 'application/json; charset=UTF-8', 'x-openstack-request-id': 'req-a3919cad-b29b-46a5-bb5b-0aa4c575925a'}
        Body: {"routers": [{"status": "ACTIVE", "external_gateway_info": {"network_id": "6e325522-b4cc-4db5-b30e-61968430d7de", "enable_snat": true, "external_fixed_ips": [{"subnet_id": "5fae83c9-9abb-4440-940d-365b36f628d6", "ip_address": "172.24.4.2"}, {"subnet_id": "0c3b5ef1-0fe0-4944-b107-cb6cb7bc5228", "ip_address": "2001:db8::3"}]}, "availability_zone_hints": [], "availability_zones": ["nova"], "name": "router1", "admin_state_up": true, "tenant_id": "f43a70834fd646cfbf70e790a99c3771", "distributed": false, "routes": [], "ha": false, "id": "2098d8d5-f6e4-45ff-8c92-fcab6f8f43fc"}, {"status": "ACTIVE", "external_gateway_info": {"network_id": "6e325522-b4cc-4db5-b30e-61968430d7de", "enable_snat": true, "external_fixed_ips": [{"subnet_id": "5fae83c9-9abb-4440-940d-365b36f628d6", "ip_address": "172.24.4.3"}, {"subnet_id": "0c3b5ef1-0fe0-4944-b107-cb6cb7bc5228", "ip_address": "2001:db8::4"}]}, "availability_zone_hints": [], "availability_zones": ["nova"], "name": "tempest-router-smoke-532541725", "admin_state_up": true, "tenant_id": "1250661be6a349d59b87b6896ed391a0", "distributed": false, "routes": [], "ha": false, "id": "4ce8cc4f-d5ee-479b-bc1d-44b0c97b1f12"}]}
2015-12-21 00:57:45,229 21552 INFO     [tempest_lib.common.rest_client] Request (TestNetworkBasicOps:test_connectivity_between_vms_on_different_networks): 200 POST http://10.0.2.15:8774/v2.1/1250661be6a349d59b87b6896ed391a0/os-keypairs 0.224s
2015-12-21 00:57:45,230 21552 DEBUG    [tempest_lib.common.rest_client] Request - Headers: {'Content-Type': 'application/json', 'Accept': 'application/json', 'X-Auth-Token': '&lt;omitted&gt;'}
        Body: {"keypair": {"name": "tempest-TestNetworkBasicOps-1355285883"}}
    Response - Headers: {'status': '200', 'content-length': '2325', 'x-compute-request-id': 'req-3d44b6b3-e465-419d-a426-4c81d129de08', 'vary': 'X-OpenStack-Nova-API-Version', 'connection': 'close', 'x-openstack-nova-api-version': '2.1', 'date': 'Mon, 21 Dec 2015 00:57:45 GMT', 'content-type': 'application/json'}
        Body: {"keypair": {"public_key": "ssh-rsa AAAAB3NzaC1yc2EAAAADAQABAAABAQDMILVnOzla6BMWAo5MSpE+T353eWif5a8SJaQURFgTlSka7BhRaT9YwonwxlJOEye36YqqGPIq/Z4Trq6kZGTqPoVwXIlHUr6M0tXN7/v2+d5LScteSf1otN3eiuy/EupDreIHzwU53hoWDqGvU4lvuzs7BCDGSAFg+wc22i5PUopirgrD9fFM/10P5pnKW0srrPh1j8ujK3qS+svQsCs/XxBKyJk8v8yp/Afgeaz9lKTsgfPBz3suCc1hJ7tfxerE/E4CTsoV7zGIdGt5k4haX4NLW7b1N8ylBYnHAbVSpShBrxEomB5wwcN2BRJBpVES+P/LPkXQKrHiLNa5pwZh Generated-by-Nova", "private_key": "-----BEGIN RSA PRIVATE KEY-----\nMIIEqgIBAAKCAQEAzCC1Zzs5WugTFgKOTEqRPk9+d3lon+WvEiWkFERYE5UpGuwY\nUWk/WMKJ8MZSThMnt+mKqhjyKv2eE66upGRk6j6FcFyJR1K+jNLVze/79vneS0nL\nXkn9aLTd3orsvxLqQ63iB88FOd4aFg6hr1OJb7s7OwQgxkgBYPsHNtouT1KKYq4K\nw/XxTP9dD+aZyltLK6z4dY/Loyt6kvrL0LArP18QSsiZPL/MqfwH4Hms/ZSk7IHz\nwc97LgnNYSe7X8XqxPxOAk7KFe8xiHRreZOIWl+DS1u29TfMpQWJxwG1UqUoQa8R\nKJgecMHDdgUSQaVREvj/yz5F0Cqx4izWuacGYQIDAQABAoIBAQCF2Qi56Qahyj0B\nmKlv8xEr93oooy5scnIKhy4AsBPEu3DZm2gSsd18uQs0GwbK9Rp9KKDpCjR45hYq\nN8eCOeZGBrr+w16squARfQn+4FaqSotteLTmXcPRTY+SJiw42hFMUY89qYx2tmEK\nh4uTaEZdQjsDZqCLA5oL2m6PlB77mSncdAc3plJ9plHDO6XFTfPY8q4XV8ZvJuPS\nf0dNcjsZO6Vcc9Fr5RnFiA9TclzU2wVdEI4sW5r0Gm6APdxkalH4Xl8WzOSOqSnW\nVDl05rtolGyj6DtD73ko12pD4f+7HsqJmArcmxWbJDQcVU6++GZ0UE4S8IeCBzW7\n9tMU4DfFAoIAgQDQamY6LkD6ivubZMbj2MzkrYAwNSGoBA/bCmEFhqxlzBgSq9uL\n14e37Q+6P6SserQhHXK8lLyiZ4hyLLir8YWNsZrt8PJPLESD/Tjvka3fPKvdeBoV\npZBSJ96JrC89vDF0f6a6qFzs1bnUrqNKf/Cs0G2dq6r/LGmdBpPQj1ZyowKCAIEA\n+ruwsZpo7lKV+WguF2j7gxaR0pNO2N7iUhxz2h9T+GA6RLtOHsMt6HXIZ+QB8pgG\nq2yD87R7lb2OJJEq+KkWM7Rg30P63ONUczOpJV1Li5WM3u9pNwJlfuIo4duvk/SP\np9E+bspmJ/KUXfAB/NJuwsTD1OlnEhToUrqCCnNIdysCggCBAMmU3+OOMVMjclDO\nnIBshWD5X29BNJhptVxLIaRSqhSb3vzQNL2Bbce8BuZCAGjDFc6hyQQVaI48TYEB\nOG02YdK24f8aeYOScYKoPZWZ9e5hpGnFbJVbWcfcwCWw4NB5YewoO392sMpxvhe0\nAkRgkszTm/JQxEejEVPLtNSYjyi5AoIAgQC31q4zSnftZfg4qj5BQ+RFtWKt9vw0\n3xcqBVqcb6Pt1QBkLMGWpJ0geFu8cN1MtlMNlb8aDRcgL5/tB9NuBuwUdQkiKoHh\nO31MCnDWyJT/f2OOghOvFb69Ta2UDLOr1AEQlsckDJriZ2aJidSrPs+fVw4PKiM8\nir/dCIsYhnZ3iQKCAIBDAlDkDmBDDaUo+zHTVrQb3uEwYwEj7ZY6VbITGc2kZNxX\noIgOpap/p+savWbz4zBhrpRuD3buzpSi8Ofxt9BWEUEUC94HVYlmsx6ctYu24W6I\no04+3XzSUqMLLrt2EeJBU04HeG85uq4F77LNM/JhJUt6u/GYmRMkQZk56TYpNw==\n-----END RSA PRIVATE KEY-----\n", "user_id": "576a679abb6a48449707c8e2bf4981ca", "name": "tempest-TestNetworkBasicOps-1355285883", "fingerprint": "58:96:1f:8e:d6:89:47:4f:75:1c:17:54:8f:50:61:d0"}}
2015-12-21 00:57:45,323 21552 INFO     [tempest_lib.common.rest_client] Request (TestNetworkBasicOps:test_connectivity_between_vms_on_different_networks): 200 POST http://10.0.2.15:5000/v2.0/tokens
2015-12-21 00:57:45,323 21552 DEBUG    [tempest_lib.common.rest_client] Request - Headers: {'Content-Type': 'application/json', 'Accept': 'application/json'}
        Body: &lt;omitted&gt;
    Response - Headers: {'status': '200', 'content-length': '2524', 'vary': 'X-Auth-Token', 'server': 'Apache/2.4.7 (Ubuntu)', 'connection': 'close', 'date': 'Mon, 21 Dec 2015 00:57:45 GMT', 'content-type': 'application/json', 'x-openstack-request-id': 'req-ed3f5ad0-bacc-4b4d-a7d4-59754852d6eb'}
        Body: {"access": {"token": {"issued_at": "2015-12-21T00:57:45.311392", "expires": "2015-12-21T01:57:45Z", "id": "35dfd791068b466b9ff37527c5b2f65b", "tenant": {"description": "tempest-TestNetworkBasicOps-527641057-desc", "enabled": true, "id": "1250661be6a349d59b87b6896ed391a0", "name": "tempest-TestNetworkBasicOps-527641057"}, "audit_ids": ["9z0SM_7RQK6IpoXMFsrCQA"]}, "serviceCatalog": [{"endpoints": [{"adminURL": "http://10.0.2.15:8774/v2.1/1250661be6a349d59b87b6896ed391a0", "region": "RegionOne", "internalURL": "http://10.0.2.15:8774/v2.1/1250661be6a349d59b87b6896ed391a0", "id": "3c2c1dca4cb84111abbddb1dd5af80fd", "publicURL": "http://10.0.2.15:8774/v2.1/1250661be6a349d59b87b6896ed391a0"}], "endpoints_links": [], "type": "compute", "name": "nova"}, {"endpoints": [{"adminURL": "http://10.0.2.15:9696/", "region": "RegionOne", "internalURL": "http://10.0.2.15:9696/", "id": "0564ade94c4748839fc8025706200978", "publicURL": "http://10.0.2.15:9696/"}], "endpoints_links": [], "type": "network", "name": "neutron"}, {"endpoints": [{"adminURL": "http://10.0.2.15:9292", "region": "RegionOne", "internalURL": "http://10.0.2.15:9292", "id": "d3cda638904449a692d9721c6beb6a6c", "publicURL": "http://10.0.2.15:9292"}], "endpoints_links": [], "type": "image", "name": "glance"}, {"endpoints": [{"adminURL": "http://10.0.2.15:8774/v2/1250661be6a349d59b87b6896ed391a0", "region": "RegionOne", "internalURL": "http://10.0.2.15:8774/v2/1250661be6a349d59b87b6896ed391a0", "id": "38993d59ba954a3688884f7f93d34647", "publicURL": "http://10.0.2.15:8774/v2/1250661be6a349d59b87b6896ed391a0"}], "endpoints_links": [], "type": "compute_legacy", "name": "nova_legacy"}, {"endpoints": [{"adminURL": "http://10.0.2.15:8773/", "region": "RegionOne", "internalURL": "http://10.0.2.15:8773/", "id": "1a9012a4aca148dc8a892fab4ef33000", "publicURL": "http://10.0.2.15:8773/"}], "endpoints_links": [], "type": "ec2", "name": "ec2"}, {"endpoints": [{"adminURL": "http://10.0.2.15:35357/v2.0", "region": "RegionOne", "internalURL": "http://10.0.2.15:5000/v2.0", "id": "789f859f142f48f48f3b0b54df48d02e", "publicURL": "http://10.0.2.15:5000/v2.0"}], "endpoints_links": [], "type": "identity", "name": "keystone"}], "user": {"username": "tempest-TestNetworkBasicOps-63711975", "roles_links": [], "id": "576a679abb6a48449707c8e2bf4981ca", "roles": [{"name": "_member_"}, {"name": "Member"}], "name": "tempest-TestNetworkBasicOps-63711975"}, "metadata": {"is_admin": 0, "roles": ["9fe2ff9ee4384b1894a90878d3e92bab", "b01f026531164501a81b7a74cc520320"]}}}
2015-12-21 00:57:45,328 21552 DEBUG    [tempest.common.fixed_network] (TestNetworkBasicOps:test_connectivity_between_vms_on_different_networks) No valid network provided or created, defaulting to fixed_network_name
2015-12-21 00:57:45,635 21552 INFO     [tempest_lib.common.rest_client] Request (TestNetworkBasicOps:test_connectivity_between_vms_on_different_networks): 200 GET http://10.0.2.15:8774/v2.1/1250661be6a349d59b87b6896ed391a0/os-networks 0.305s
2015-12-21 00:57:45,635 21552 DEBUG    [tempest_lib.common.rest_client] Request - Headers: {'Content-Type': 'application/json', 'Accept': 'application/json', 'X-Auth-Token': '&lt;omitted&gt;'}
        Body: None
    Response - Headers: {'status': '200', 'content-length': '479', 'content-location': 'http://10.0.2.15:8774/v2.1/1250661be6a349d59b87b6896ed391a0/os-networks', 'x-compute-request-id': 'req-78b3e913-134a-4770-af2e-78f355b505d2', 'vary': 'X-OpenStack-Nova-API-Version', 'connection': 'close', 'x-openstack-nova-api-version': '2.1', 'date': 'Mon, 21 Dec 2015 00:57:45 GMT', 'content-type': 'application/json'}
        Body: {"networks": [{"cidr_v6": null, "dns2": null, "dns1": null, "gateway": null, "broadcast": null, "netmask": null, "gateway_v6": null, "cidr": null, "label": "public", "id": "6e325522-b4cc-4db5-b30e-61968430d7de", "netmask_v6": null}, {"cidr_v6": null, "dns2": null, "dns1": null, "gateway": null, "broadcast": null, "netmask": null, "gateway_v6": null, "cidr": null, "label": "tempest-network-smoke--1500093373", "id": "fa607339-166f-4af4-9793-cf81c7cb8d0e", "netmask_v6": null}]}
2015-12-21 00:57:45,635 21552 WARNING  [tempest.common.fixed_network] (TestNetworkBasicOps:test_connectivity_between_vms_on_different_networks) Network with name: private not found
2015-12-21 00:57:45,636 21552 INFO     [tempest.common.fixed_network] (TestNetworkBasicOps:test_connectivity_between_vms_on_different_networks) Found network {} available for tenant
2015-12-21 00:57:46,728 21552 INFO     [tempest_lib.common.rest_client] Request (TestNetworkBasicOps:test_connectivity_between_vms_on_different_networks): 202 POST http://10.0.2.15:8774/v2.1/1250661be6a349d59b87b6896ed391a0/servers 1.091s
2015-12-21 00:57:46,728 21552 DEBUG    [tempest_lib.common.rest_client] Request - Headers: {'Content-Type': 'application/json', 'Accept': 'application/json', 'X-Auth-Token': '&lt;omitted&gt;'}
        Body: {"server": {"name": "tempest.common.compute-instance-957697498", "imageRef": "0468ef1e-8561-43df-ad65-a49704d36dc9", "key_name": "tempest-TestNetworkBasicOps-1355285883", "flavorRef": "42", "networks": [{"uuid": "fa607339-166f-4af4-9793-cf81c7cb8d0e"}], "security_groups": [{"name": "tempest-secgroup-smoke-1047853340"}]}}
    Response - Headers: {'status': '202', 'content-length': '462', 'x-compute-request-id': 'req-cf00fccd-0a45-43f6-b6c5-a9948889bbc7', 'vary': 'X-OpenStack-Nova-API-Version', 'connection': 'close', 'location': 'http://10.0.2.15:8774/v2.1/1250661be6a349d59b87b6896ed391a0/servers/e6be6759-752b-4419-955f-8869d8796d00', 'x-openstack-nova-api-version': '2.1', 'date': 'Mon, 21 Dec 2015 00:57:46 GMT', 'content-type': 'application/json'}
        Body: {"server": {"security_groups": [{"name": "tempest-secgroup-smoke-1047853340"}], "OS-DCF:diskConfig": "MANUAL", "id": "e6be6759-752b-4419-955f-8869d8796d00", "links": [{"href": "http://10.0.2.15:8774/v2.1/1250661be6a349d59b87b6896ed391a0/servers/e6be6759-752b-4419-955f-8869d8796d00", "rel": "self"}, {"href": "http://10.0.2.15:8774/1250661be6a349d59b87b6896ed391a0/servers/e6be6759-752b-4419-955f-8869d8796d00", "rel": "bookmark"}], "adminPass": "nRQZMLp7NvX9"}}
2015-12-21 00:57:46,975 21552 INFO     [tempest_lib.common.rest_client] Request (TestNetworkBasicOps:test_connectivity_between_vms_on_different_networks): 200 GET http://10.0.2.15:8774/v2.1/1250661be6a349d59b87b6896ed391a0/servers/e6be6759-752b-4419-955f-8869d8796d00 0.243s
2015-12-21 00:57:46,976 21552 DEBUG    [tempest_lib.common.rest_client] Request - Headers: {'Content-Type': 'application/json', 'Accept': 'application/json', 'X-Auth-Token': '&lt;omitted&gt;'}
        Body: None
    Response - Headers: {'status': '200', 'content-length': '1355', 'content-location': 'http://10.0.2.15:8774/v2.1/1250661be6a349d59b87b6896ed391a0/servers/e6be6759-752b-4419-955f-8869d8796d00', 'x-compute-request-id': 'req-f37156a6-279b-4b04-a0b2-8ccae6e235f7', 'vary': 'X-OpenStack-Nova-API-Version', 'connection': 'close', 'x-openstack-nova-api-version': '2.1', 'date': 'Mon, 21 Dec 2015 00:57:46 GMT', 'content-type': 'application/json'}
        Body: {"server": {"status": "BUILD", "updated": "2015-12-21T00:57:46Z", "hostId": "", "addresses": {}, "links": [{"href": "http://10.0.2.15:8774/v2.1/1250661be6a349d59b87b6896ed391a0/servers/e6be6759-752b-4419-955f-8869d8796d00", "rel": "self"}, {"href": "http://10.0.2.15:8774/1250661be6a349d59b87b6896ed391a0/servers/e6be6759-752b-4419-955f-8869d8796d00", "rel": "bookmark"}], "key_name": "tempest-TestNetworkBasicOps-1355285883", "image": {"id": "0468ef1e-8561-43df-ad65-a49704d36dc9", "links": [{"href": "http://10.0.2.15:8774/1250661be6a349d59b87b6896ed391a0/images/0468ef1e-8561-43df-ad65-a49704d36dc9", "rel": "bookmark"}]}, "OS-EXT-STS:task_state": "scheduling", "OS-EXT-STS:vm_state": "building", "OS-SRV-USG:launched_at": null, "flavor": {"id": "42", "links": [{"href": "http://10.0.2.15:8774/1250661be6a349d59b87b6896ed391a0/flavors/42", "rel": "bookmark"}]}, "id": "e6be6759-752b-4419-955f-8869d8796d00", "OS-SRV-USG:terminated_at": null, "OS-EXT-AZ:availability_zone": "", "user_id": "576a679abb6a48449707c8e2bf4981ca", "name": "tempest.common.compute-instance-957697498", "created": "2015-12-21T00:57:46Z", "tenant_id": "1250661be6a349d59b87b6896ed391a0", "OS-DCF:diskConfig": "MANUAL", "os-extended-volumes:volumes_attached": [], "accessIPv4": "", "accessIPv6": "", "progress": 0, "OS-EXT-STS:power_state": 0, "config_drive": "", "metadata": {}}}
2015-12-21 00:57:48,303 21552 INFO     [tempest_lib.common.rest_client] Request (TestNetworkBasicOps:test_connectivity_between_vms_on_different_networks): 200 GET http://10.0.2.15:8774/v2.1/1250661be6a349d59b87b6896ed391a0/servers/e6be6759-752b-4419-955f-8869d8796d00 0.308s
2015-12-21 00:57:48,304 21552 DEBUG    [tempest_lib.common.rest_client] Request - Headers: {'Content-Type': 'application/json', 'Accept': 'application/json', 'X-Auth-Token': '&lt;omitted&gt;'}
        Body: None
    Response - Headers: {'status': '200', 'content-length': '1481', 'content-location': 'http://10.0.2.15:8774/v2.1/1250661be6a349d59b87b6896ed391a0/servers/e6be6759-752b-4419-955f-8869d8796d00', 'x-compute-request-id': 'req-23a37f5c-a5c3-48da-87ae-fb79594587e3', 'vary': 'X-OpenStack-Nova-API-Version', 'connection': 'close', 'x-openstack-nova-api-version': '2.1', 'date': 'Mon, 21 Dec 2015 00:57:48 GMT', 'content-type': 'application/json'}
        Body: {"server": {"status": "BUILD", "updated": "2015-12-21T00:57:47Z", "hostId": "f1c0d9ba8d3be2dad4a194ef0b5124bedf05510e641dd9ade93491b9", "addresses": {}, "links": [{"href": "http://10.0.2.15:8774/v2.1/1250661be6a349d59b87b6896ed391a0/servers/e6be6759-752b-4419-955f-8869d8796d00", "rel": "self"}, {"href": "http://10.0.2.15:8774/1250661be6a349d59b87b6896ed391a0/servers/e6be6759-752b-4419-955f-8869d8796d00", "rel": "bookmark"}], "key_name": "tempest-TestNetworkBasicOps-1355285883", "image": {"id": "0468ef1e-8561-43df-ad65-a49704d36dc9", "links": [{"href": "http://10.0.2.15:8774/1250661be6a349d59b87b6896ed391a0/images/0468ef1e-8561-43df-ad65-a49704d36dc9", "rel": "bookmark"}]}, "OS-EXT-STS:task_state": "spawning", "OS-EXT-STS:vm_state": "building", "OS-SRV-USG:launched_at": null, "flavor": {"id": "42", "links": [{"href": "http://10.0.2.15:8774/1250661be6a349d59b87b6896ed391a0/flavors/42", "rel": "bookmark"}]}, "id": "e6be6759-752b-4419-955f-8869d8796d00", "security_groups": [{"name": "tempest-secgroup-smoke-1047853340"}], "OS-SRV-USG:terminated_at": null, "OS-EXT-AZ:availability_zone": "nova", "user_id": "576a679abb6a48449707c8e2bf4981ca", "name": "tempest.common.compute-instance-957697498", "created": "2015-12-21T00:57:46Z", "tenant_id": "1250661be6a349d59b87b6896ed391a0", "OS-DCF:diskConfig": "MANUAL", "os-extended-volumes:volumes_attached": [], "accessIPv4": "", "accessIPv6": "", "progress": 0, "OS-EXT-STS:power_state": 0, "config_drive": "", "metadata": {}}}
2015-12-21 00:57:48,319 21552 INFO     [tempest.common.waiters] State transition "BUILD/scheduling" ==&gt; "BUILD/spawning" after 2 second wait
2015-12-21 00:57:49,545 21552 INFO     [tempest_lib.common.rest_client] Request (TestNetworkBasicOps:test_connectivity_between_vms_on_different_networks): 200 GET http://10.0.2.15:8774/v2.1/1250661be6a349d59b87b6896ed391a0/servers/e6be6759-752b-4419-955f-8869d8796d00 0.223s
2015-12-21 00:57:49,545 21552 DEBUG    [tempest_lib.common.rest_client] Request - Headers: {'Content-Type': 'application/json', 'Accept': 'application/json', 'X-Auth-Token': '&lt;omitted&gt;'}
        Body: None
    Response - Headers: {'status': '200', 'content-length': '1481', 'content-location': 'http://10.0.2.15:8774/v2.1/1250661be6a349d59b87b6896ed391a0/servers/e6be6759-752b-4419-955f-8869d8796d00', 'x-compute-request-id': 'req-ce9a90ad-2e1b-4df0-bc3f-440789d646ac', 'vary': 'X-OpenStack-Nova-API-Version', 'connection': 'close', 'x-openstack-nova-api-version': '2.1', 'date': 'Mon, 21 Dec 2015 00:57:49 GMT', 'content-type': 'application/json'}
        Body: {"server": {"status": "BUILD", "updated": "2015-12-21T00:57:47Z", "hostId": "f1c0d9ba8d3be2dad4a194ef0b5124bedf05510e641dd9ade93491b9", "addresses": {}, "links": [{"href": "http://10.0.2.15:8774/v2.1/1250661be6a349d59b87b6896ed391a0/servers/e6be6759-752b-4419-955f-8869d8796d00", "rel": "self"}, {"href": "http://10.0.2.15:8774/1250661be6a349d59b87b6896ed391a0/servers/e6be6759-752b-4419-955f-8869d8796d00", "rel": "bookmark"}], "key_name": "tempest-TestNetworkBasicOps-1355285883", "image": {"id": "0468ef1e-8561-43df-ad65-a49704d36dc9", "links": [{"href": "http://10.0.2.15:8774/1250661be6a349d59b87b6896ed391a0/images/0468ef1e-8561-43df-ad65-a49704d36dc9", "rel": "bookmark"}]}, "OS-EXT-STS:task_state": "spawning", "OS-EXT-STS:vm_state": "building", "OS-SRV-USG:launched_at": null, "flavor": {"id": "42", "links": [{"href": "http://10.0.2.15:8774/1250661be6a349d59b87b6896ed391a0/flavors/42", "rel": "bookmark"}]}, "id": "e6be6759-752b-4419-955f-8869d8796d00", "security_groups": [{"name": "tempest-secgroup-smoke-1047853340"}], "OS-SRV-USG:terminated_at": null, "OS-EXT-AZ:availability_zone": "nova", "user_id": "576a679abb6a48449707c8e2bf4981ca", "name": "tempest.common.compute-instance-957697498", "created": "2015-12-21T00:57:46Z", "tenant_id": "1250661be6a349d59b87b6896ed391a0", "OS-DCF:diskConfig": "MANUAL", "os-extended-volumes:volumes_attached": [], "accessIPv4": "", "accessIPv6": "", "progress": 0, "OS-EXT-STS:power_state": 0, "config_drive": "", "metadata": {}}}
2015-12-21 00:57:50,752 21552 INFO     [tempest_lib.common.rest_client] Request (TestNetworkBasicOps:test_connectivity_between_vms_on_different_networks): 200 GET http://10.0.2.15:8774/v2.1/1250661be6a349d59b87b6896ed391a0/servers/e6be6759-752b-4419-955f-8869d8796d00 0.196s
2015-12-21 00:57:50,753 21552 DEBUG    [tempest_lib.common.rest_client] Request - Headers: {'Content-Type': 'application/json', 'Accept': 'application/json', 'X-Auth-Token': '&lt;omitted&gt;'}
        Body: None
    Response - Headers: {'status': '200', 'content-length': '1653', 'content-location': 'http://10.0.2.15:8774/v2.1/1250661be6a349d59b87b6896ed391a0/servers/e6be6759-752b-4419-955f-8869d8796d00', 'x-compute-request-id': 'req-7a91f5c7-2740-438c-8e44-c3ef44b894af', 'vary': 'X-OpenStack-Nova-API-Version', 'connection': 'close', 'x-openstack-nova-api-version': '2.1', 'date': 'Mon, 21 Dec 2015 00:57:50 GMT', 'content-type': 'application/json'}
        Body: {"server": {"status": "ACTIVE", "updated": "2015-12-21T00:57:50Z", "hostId": "f1c0d9ba8d3be2dad4a194ef0b5124bedf05510e641dd9ade93491b9", "addresses": {"tempest-network-smoke--1500093373": [{"OS-EXT-IPS-MAC:mac_addr": "fa:16:3e:1c:0c:37", "version": 4, "addr": "10.100.0.3", "OS-EXT-IPS:type": "fixed"}]}, "links": [{"href": "http://10.0.2.15:8774/v2.1/1250661be6a349d59b87b6896ed391a0/servers/e6be6759-752b-4419-955f-8869d8796d00", "rel": "self"}, {"href": "http://10.0.2.15:8774/1250661be6a349d59b87b6896ed391a0/servers/e6be6759-752b-4419-955f-8869d8796d00", "rel": "bookmark"}], "key_name": "tempest-TestNetworkBasicOps-1355285883", "image": {"id": "0468ef1e-8561-43df-ad65-a49704d36dc9", "links": [{"href": "http://10.0.2.15:8774/1250661be6a349d59b87b6896ed391a0/images/0468ef1e-8561-43df-ad65-a49704d36dc9", "rel": "bookmark"}]}, "OS-EXT-STS:task_state": null, "OS-EXT-STS:vm_state": "active", "OS-SRV-USG:launched_at": "2015-12-21T00:57:50.000000", "flavor": {"id": "42", "links": [{"href": "http://10.0.2.15:8774/1250661be6a349d59b87b6896ed391a0/flavors/42", "rel": "bookmark"}]}, "id": "e6be6759-752b-4419-955f-8869d8796d00", "security_groups": [{"name": "tempest-secgroup-smoke-1047853340"}], "OS-SRV-USG:terminated_at": null, "OS-EXT-AZ:availability_zone": "nova", "user_id": "576a679abb6a48449707c8e2bf4981ca", "name": "tempest.common.compute-instance-957697498", "created": "2015-12-21T00:57:46Z", "tenant_id": "1250661be6a349d59b87b6896ed391a0", "OS-DCF:diskConfig": "MANUAL", "os-extended-volumes:volumes_attached": [], "accessIPv4": "", "accessIPv6": "", "progress": 0, "OS-EXT-STS:power_state": 1, "config_drive": "True", "metadata": {}}}
2015-12-21 00:57:50,761 21552 INFO     [tempest.common.waiters] State transition "BUILD/spawning" ==&gt; "ACTIVE/None" after 4 second wait
2015-12-21 00:57:50,965 21552 INFO     [tempest_lib.common.rest_client] Request (TestNetworkBasicOps:test_connectivity_between_vms_on_different_networks): 200 GET http://10.0.2.15:8774/v2.1/1250661be6a349d59b87b6896ed391a0/servers/e6be6759-752b-4419-955f-8869d8796d00 0.203s
2015-12-21 00:57:50,965 21552 DEBUG    [tempest_lib.common.rest_client] Request - Headers: {'Content-Type': 'application/json', 'Accept': 'application/json', 'X-Auth-Token': '&lt;omitted&gt;'}
        Body: None
    Response - Headers: {'status': '200', 'content-length': '1653', 'content-location': 'http://10.0.2.15:8774/v2.1/1250661be6a349d59b87b6896ed391a0/servers/e6be6759-752b-4419-955f-8869d8796d00', 'x-compute-request-id': 'req-22961737-b613-44c5-bb48-acafe313d69e', 'vary': 'X-OpenStack-Nova-API-Version', 'connection': 'close', 'x-openstack-nova-api-version': '2.1', 'date': 'Mon, 21 Dec 2015 00:57:50 GMT', 'content-type': 'application/json'}
        Body: {"server": {"status": "ACTIVE", "updated": "2015-12-21T00:57:50Z", "hostId": "f1c0d9ba8d3be2dad4a194ef0b5124bedf05510e641dd9ade93491b9", "addresses": {"tempest-network-smoke--1500093373": [{"OS-EXT-IPS-MAC:mac_addr": "fa:16:3e:1c:0c:37", "version": 4, "addr": "10.100.0.3", "OS-EXT-IPS:type": "fixed"}]}, "links": [{"href": "http://10.0.2.15:8774/v2.1/1250661be6a349d59b87b6896ed391a0/servers/e6be6759-752b-4419-955f-8869d8796d00", "rel": "self"}, {"href": "http://10.0.2.15:8774/1250661be6a349d59b87b6896ed391a0/servers/e6be6759-752b-4419-955f-8869d8796d00", "rel": "bookmark"}], "key_name": "tempest-TestNetworkBasicOps-1355285883", "image": {"id": "0468ef1e-8561-43df-ad65-a49704d36dc9", "links": [{"href": "http://10.0.2.15:8774/1250661be6a349d59b87b6896ed391a0/images/0468ef1e-8561-43df-ad65-a49704d36dc9", "rel": "bookmark"}]}, "OS-EXT-STS:task_state": null, "OS-EXT-STS:vm_state": "active", "OS-SRV-USG:launched_at": "2015-12-21T00:57:50.000000", "flavor": {"id": "42", "links": [{"href": "http://10.0.2.15:8774/1250661be6a349d59b87b6896ed391a0/flavors/42", "rel": "bookmark"}]}, "id": "e6be6759-752b-4419-955f-8869d8796d00", "security_groups": [{"name": "tempest-secgroup-smoke-1047853340"}], "OS-SRV-USG:terminated_at": null, "OS-EXT-AZ:availability_zone": "nova", "user_id": "576a679abb6a48449707c8e2bf4981ca", "name": "tempest.common.compute-instance-957697498", "created": "2015-12-21T00:57:46Z", "tenant_id": "1250661be6a349d59b87b6896ed391a0", "OS-DCF:diskConfig": "MANUAL", "os-extended-volumes:volumes_attached": [], "accessIPv4": "", "accessIPv6": "", "progress": 0, "OS-EXT-STS:power_state": 1, "config_drive": "True", "metadata": {}}}
2015-12-21 00:57:50,974 21552 INFO     [tempest.scenario.manager] Tenant networks not configured to be reachable.
2015-12-21 00:57:51,010 21552 INFO     [tempest_lib.common.rest_client] Request (TestNetworkBasicOps:test_connectivity_between_vms_on_different_networks): 200 GET http://10.0.2.15:9696/v2.0/ports?status=ACTIVE&amp;fixed_ip=None&amp;device_id=e6be6759-752b-4419-955f-8869d8796d00 0.035s
2015-12-21 00:57:51,010 21552 DEBUG    [tempest_lib.common.rest_client] Request - Headers: {'Content-Type': 'application/json', 'Accept': 'application/json', 'X-Auth-Token': '&lt;omitted&gt;'}
        Body: None
    Response - Headers: {'status': '200', 'content-length': '895', 'content-location': 'http://10.0.2.15:9696/v2.0/ports?status=ACTIVE&amp;fixed_ip=None&amp;device_id=e6be6759-752b-4419-955f-8869d8796d00', 'connection': 'close', 'date': 'Mon, 21 Dec 2015 00:57:51 GMT', 'content-type': 'application/json; charset=UTF-8', 'x-openstack-request-id': 'req-35403459-d76c-43b9-9b0a-152c260b62f3'}
        Body: {"ports": [{"status": "ACTIVE", "binding:host_id": "vagrant-ubuntu-trusty-64", "allowed_address_pairs": [], "extra_dhcp_opts": [], "dns_assignment": [{"hostname": "host-10-100-0-3", "ip_address": "10.100.0.3", "fqdn": "host-10-100-0-3.openstacklocal."}], "device_owner": "compute:None", "port_security_enabled": true, "binding:profile": {}, "fixed_ips": [{"subnet_id": "d7a074dc-a4c6-470b-ad3c-6a776df184f1", "ip_address": "10.100.0.3"}], "id": "4f317232-de65-48de-bff3-28da574db3f0", "security_groups": ["67fbd812-39f6-4a87-8faa-5d4e03da4362"], "device_id": "e6be6759-752b-4419-955f-8869d8796d00", "name": "", "admin_state_up": true, "network_id": "fa607339-166f-4af4-9793-cf81c7cb8d0e", "dns_name": "", "binding:vif_details": {"port_filter": true}, "binding:vnic_type": "normal", "binding:vif_type": "ovs", "tenant_id": "1250661be6a349d59b87b6896ed391a0", "mac_address": "fa:16:3e:1c:0c:37"}]}
2015-12-21 00:57:51,607 21552 INFO     [tempest_lib.common.rest_client] Request (TestNetworkBasicOps:test_connectivity_between_vms_on_different_networks): 201 POST http://10.0.2.15:9696/v2.0/floatingips 0.596s
2015-12-21 00:57:51,607 21552 DEBUG    [tempest_lib.common.rest_client] Request - Headers: {'Content-Type': 'application/json', 'Accept': 'application/json', 'X-Auth-Token': '&lt;omitted&gt;'}
        Body: {"floatingip": {"floating_network_id": "6e325522-b4cc-4db5-b30e-61968430d7de", "tenant_id": "1250661be6a349d59b87b6896ed391a0", "fixed_ip_address": "10.100.0.3", "port_id": "4f317232-de65-48de-bff3-28da574db3f0"}}
    Response - Headers: {'status': '201', 'content-length': '367', 'connection': 'close', 'date': 'Mon, 21 Dec 2015 00:57:51 GMT', 'content-type': 'application/json; charset=UTF-8', 'x-openstack-request-id': 'req-4da11952-6687-4518-bb86-655615bffc06'}
        Body: {"floatingip": {"floating_network_id": "6e325522-b4cc-4db5-b30e-61968430d7de", "router_id": "4ce8cc4f-d5ee-479b-bc1d-44b0c97b1f12", "fixed_ip_address": "10.100.0.3", "floating_ip_address": "172.24.4.4", "tenant_id": "1250661be6a349d59b87b6896ed391a0", "status": "DOWN", "port_id": "4f317232-de65-48de-bff3-28da574db3f0", "id": "16944e55-3810-4a88-bcdb-c3716011a9bb"}}
2015-12-21 00:57:51,620 21552 INFO     [tempest_lib.common.rest_client] Request (TestNetworkBasicOps:test_connectivity_between_vms_on_different_networks): 200 GET http://10.0.2.15:9696/v2.0/floatingips/16944e55-3810-4a88-bcdb-c3716011a9bb 0.012s
2015-12-21 00:57:51,620 21552 DEBUG    [tempest_lib.common.rest_client] Request - Headers: {'Content-Type': 'application/json', 'Accept': 'application/json', 'X-Auth-Token': '&lt;omitted&gt;'}
        Body: None
    Response - Headers: {'status': '200', 'content-length': '367', 'content-location': 'http://10.0.2.15:9696/v2.0/floatingips/16944e55-3810-4a88-bcdb-c3716011a9bb', 'connection': 'close', 'date': 'Mon, 21 Dec 2015 00:57:51 GMT', 'content-type': 'application/json; charset=UTF-8', 'x-openstack-request-id': 'req-36a0f57e-b8ae-47b0-8aa2-6bcbee4fe18f'}
        Body: {"floatingip": {"floating_network_id": "6e325522-b4cc-4db5-b30e-61968430d7de", "router_id": "4ce8cc4f-d5ee-479b-bc1d-44b0c97b1f12", "fixed_ip_address": "10.100.0.3", "floating_ip_address": "172.24.4.4", "tenant_id": "1250661be6a349d59b87b6896ed391a0", "status": "DOWN", "port_id": "4f317232-de65-48de-bff3-28da574db3f0", "id": "16944e55-3810-4a88-bcdb-c3716011a9bb"}}
2015-12-21 00:57:52,638 21552 INFO     [tempest_lib.common.rest_client] Request (TestNetworkBasicOps:test_connectivity_between_vms_on_different_networks): 200 GET http://10.0.2.15:9696/v2.0/floatingips/16944e55-3810-4a88-bcdb-c3716011a9bb 0.016s
2015-12-21 00:57:52,638 21552 DEBUG    [tempest_lib.common.rest_client] Request - Headers: {'Content-Type': 'application/json', 'Accept': 'application/json', 'X-Auth-Token': '&lt;omitted&gt;'}
        Body: None
    Response - Headers: {'status': '200', 'content-length': '369', 'content-location': 'http://10.0.2.15:9696/v2.0/floatingips/16944e55-3810-4a88-bcdb-c3716011a9bb', 'connection': 'close', 'date': 'Mon, 21 Dec 2015 00:57:52 GMT', 'content-type': 'application/json; charset=UTF-8', 'x-openstack-request-id': 'req-dd24b75d-ad94-4449-813b-107ad52e9632'}
        Body: {"floatingip": {"floating_network_id": "6e325522-b4cc-4db5-b30e-61968430d7de", "router_id": "4ce8cc4f-d5ee-479b-bc1d-44b0c97b1f12", "fixed_ip_address": "10.100.0.3", "floating_ip_address": "172.24.4.4", "tenant_id": "1250661be6a349d59b87b6896ed391a0", "status": "ACTIVE", "port_id": "4f317232-de65-48de-bff3-28da574db3f0", "id": "16944e55-3810-4a88-bcdb-c3716011a9bb"}}
2015-12-21 00:57:52,638 21552 INFO     [tempest.scenario.manager] FloatingIP: &lt;"FloatingIP" addr="172.24.4.4" id="16944e55-3810-4a88-bcdb-c3716011a9bb"&gt; is at status: ACTIVE
2015-12-21 00:57:52,639 21552 DEBUG    [tempest.scenario.manager] checking network connections to IP 172.24.4.4 with user: cirros
2015-12-21 00:57:52,639 21552 DEBUG    [tempest.scenario.manager] TestNetworkBasicOps:test_connectivity_between_vms_on_different_networks begins to ping 172.24.4.4 in 120 sec and the expected result is reachable
2015-12-21 00:59:53,881 21552 DEBUG    [tempest.scenario.manager] TestNetworkBasicOps:test_connectivity_between_vms_on_different_networks finishes ping 172.24.4.4 in 120 sec and the ping result is unexpected
2015-12-21 00:59:53,882 21552 ERROR    [tempest.scenario.manager] Public network connectivity check failed
2015-12-21 00:59:53.882 21552 ERROR tempest.scenario.manager Traceback (most recent call last):
2015-12-21 00:59:53.882 21552 ERROR tempest.scenario.manager   File "tempest/scenario/manager.py", line 608, in check_public_network_connectivity
2015-12-21 00:59:53.882 21552 ERROR tempest.scenario.manager     should_connect=should_connect)
2015-12-21 00:59:53.882 21552 ERROR tempest.scenario.manager   File "tempest/scenario/manager.py", line 592, in check_vm_connectivity
2015-12-21 00:59:53.882 21552 ERROR tempest.scenario.manager     msg=msg)
2015-12-21 00:59:53.882 21552 ERROR tempest.scenario.manager   File "/usr/local/lib/python2.7/dist-packages/unittest2/case.py", line 702, in assertTrue
2015-12-21 00:59:53.882 21552 ERROR tempest.scenario.manager     raise self.failureException(msg)
2015-12-21 00:59:53.882 21552 ERROR tempest.scenario.manager AssertionError: False is not true : Timed out waiting for 172.24.4.4 to become reachable
2015-12-21 00:59:53.882 21552 ERROR tempest.scenario.manager 
2015-12-21 00:59:54,218 21552 INFO     [tempest_lib.common.rest_client] Request (TestNetworkBasicOps:test_connectivity_between_vms_on_different_networks): 200 POST http://10.0.2.15:8774/v2.1/1250661be6a349d59b87b6896ed391a0/servers/e6be6759-752b-4419-955f-8869d8796d00/action 0.333s
2015-12-21 00:59:54,219 21552 DEBUG    [tempest_lib.common.rest_client] Request - Headers: {'Content-Type': 'application/json', 'Accept': 'application/json', 'X-Auth-Token': '&lt;omitted&gt;'}
        Body: {"os-getConsoleOutput": {}}
    Response - Headers: {'status': '200', 'content-length': '17428', 'x-compute-request-id': 'req-97c5c5b5-3a01-42a8-8979-bc5aa7d79fa6', 'vary': 'X-OpenStack-Nova-API-Version', 'connection': 'close', 'x-openstack-nova-api-version': '2.1', 'date': 'Mon, 21 Dec 2015 00:59:54 GMT', 'content-type': 'application/json'}
        Body: {"output": "[    0.000000] Initializing cgroup subsys cpuset\n[    0.000000] Initializing cgroup subsys cpu\n[    0.000000] Linux version 3.2.0-80-virtual (buildd@batsu) (gcc version 4.6.3 (Ubuntu/Linaro 4.6.3-1ubuntu5) ) #116-Ubuntu SMP Mon Mar 23 17:28:52 UTC 2015 (Ubuntu 3.2.0-80.116-virtual 3.2.68)\n[    0.000000] Command line: root=/dev/vda console=tty0 console=ttyS0 no_timer_check\n[    0.000000] KERNEL supported cpus:\n[    0.000000]   Intel GenuineIntel\n[    0.000000]   AMD AuthenticAMD\n[    0.000000]   Centaur CentaurHauls\n[    0.000000] BIOS-provided physical RAM map:\n[    0.000000]  BIOS-e820: 0000000000000000 - 000000000009fc00 (usable)\n[    0.000000]  BIOS-e820: 000000000009fc00 - 00000000000a0000 (reserved)\n[    0.000000]  BIOS-e820: 00000000000f0000 - 0000000000100000 (reserved)\n[    0.000000]  BIOS-e820: 0000000000100000 - 0000000003ffe000 (usable)\n[    0.000000]  BIOS-e820: 0000000003ffe000 - 0000000004000000 (reserved)\n[    0.000000]  BIOS-e820: 00000000fffc0000 - 0000000100000000 (reserved)\n[    0.000000] NX (Execute Disable) protection: active\n[    0.000000] SMBIOS 2.4 present.\n[    0.000000] No AGP bridge found\n[    0.000000] last_pfn = 0x3ffe max_arch_pfn = 0x400000000\n[    0.000000] x86 PAT enabled: cpu 0, old 0x7040600070406, new 0x7010600070106\n[    0.000000] found SMP MP-table at [ffff8800000f0b00] f0b00\n[    0.000000] init_memory_mapping: 0000000000000000-0000000003ffe000\n[    0.000000] RAMDISK: 03c5e000 - 03ff0000\n[    0.000000] ACPI: RSDP 00000000000f0950 00014 (v00 BOCHS )\n[    0.000000] ACPI: RSDT 0000000003fffbc1 00034 (v01 BOCHS  BXPCRSDT 00000001 BXPC 00000001)\n[    0.000000] ACPI: FACP 0000000003fff1c0 00074 (v01 BOCHS  BXPCFACP 00000001 BXPC 00000001)\n[    0.000000] ACPI: DSDT 0000000003ffe040 01180 (v01 BOCHS  BXPCDSDT 00000001 BXPC 00000001)\n[    0.000000] ACPI: FACS 0000000003ffe000 00040\n[    0.000000] ACPI: SSDT 0000000003fff234 008DD (v01 BOCHS  BXPCSSDT 00000001 BXPC 00000001)\n[    0.000000] ACPI: APIC 0000000003fffb11 00078 (v01 BOCHS  BXPCAPIC 00000001 BXPC 00000001)\n[    0.000000] ACPI: HPET 0000000003fffb89 00038 (v01 BOCHS  BXPCHPET 00000001 BXPC 00000001)\n[    0.000000] No NUMA configuration found\n[    0.000000] Faking a node at 0000000000000000-0000000003ffe000\n[    0.000000] Initmem setup node 0 0000000000000000-0000000003ffe000\n[    0.000000]   NODE_DATA [0000000003ff6000 - 0000000003ffafff]\n[    0.000000] Zone PFN ranges:\n[    0.000000]   DMA      0x00000010 -&gt; 0x00001000\n[    0.000000]   DMA32    0x00001000 -&gt; 0x00100000\n[    0.000000]   Normal   empty\n[    0.000000] Movable zone start PFN for each node\n[    0.000000] early_node_map[2] active PFN ranges\n[    0.000000]     0: 0x00000010 -&gt; 0x0000009f\n[    0.000000]     0: 0x00000100 -&gt; 0x00003ffe\n[    0.000000] ACPI: PM-Timer IO Port: 0xb008\n[    0.000000] ACPI: LAPIC (acpi_id[0x00] lapic_id[0x00] enabled)\n[    0.000000] ACPI: LAPIC_NMI (acpi_id[0xff] dfl dfl lint[0x1])\n[    0.000000] ACPI: IOAPIC (id[0x00] address[0xfec00000] gsi_base[0])\n[    0.000000] IOAPIC[0]: apic_id 0, version 17, address 0xfec00000, GSI 0-23\n[    0.000000] ACPI: INT_SRC_OVR (bus 0 bus_irq 0 global_irq 2 dfl dfl)\n[    0.000000] ACPI: INT_SRC_OVR (bus 0 bus_irq 5 global_irq 5 high level)\n[    0.000000] ACPI: INT_SRC_OVR (bus 0 bus_irq 9 global_irq 9 high level)\n[    0.000000] ACPI: INT_SRC_OVR (bus 0 bus_irq 10 global_irq 10 high level)\n[    0.000000] ACPI: INT_SRC_OVR (bus 0 bus_irq 11 global_irq 11 high level)\n[    0.000000] Using ACPI (MADT) for SMP configuration information\n[    0.000000] ACPI: HPET id: 0x8086a201 base: 0xfed00000\n[    0.000000] SMP: Allowing 1 CPUs, 0 hotplug CPUs\n[    0.000000] PM: Registered nosave memory: 000000000009f000 - 00000000000a0000\n[    0.000000] PM: Registered nosave memory: 00000000000a0000 - 00000000000f0000\n[    0.000000] PM: Registered nosave memory: 00000000000f0000 - 0000000000100000\n[    0.000000] Allocating PCI resources starting at 4000000 (gap: 4000000:fbfc0000)\n[    0.000000] Booting paravirtualized kernel on bare hardware\n[    0.000000] setup_pe
2015-12-21 00:59:54,221 21552 DEBUG    [tempest.scenario.manager] Console output for e6be6759-752b-4419-955f-8869d8796d00
body=
[    0.000000] Initializing cgroup subsys cpuset
[    0.000000] Initializing cgroup subsys cpu
[    0.000000] Linux version 3.2.0-80-virtual (buildd@batsu) (gcc version 4.6.3 (Ubuntu/Linaro 4.6.3-1ubuntu5) ) #116-Ubuntu SMP Mon Mar 23 17:28:52 UTC 2015 (Ubuntu 3.2.0-80.116-virtual 3.2.68)
[    0.000000] Command line: root=/dev/vda console=tty0 console=ttyS0 no_timer_check
[    0.000000] KERNEL supported cpus:
[    0.000000]   Intel GenuineIntel
[    0.000000]   AMD AuthenticAMD
[    0.000000]   Centaur CentaurHauls
[    0.000000] BIOS-provided physical RAM map:
[    0.000000]  BIOS-e820: 0000000000000000 - 000000000009fc00 (usable)
[    0.000000]  BIOS-e820: 000000000009fc00 - 00000000000a0000 (reserved)
[    0.000000]  BIOS-e820: 00000000000f0000 - 0000000000100000 (reserved)
[    0.000000]  BIOS-e820: 0000000000100000 - 0000000003ffe000 (usable)
[    0.000000]  BIOS-e820: 0000000003ffe000 - 0000000004000000 (reserved)
[    0.000000]  BIOS-e820: 00000000fffc0000 - 0000000100000000 (reserved)
[    0.000000] NX (Execute Disable) protection: active
[    0.000000] SMBIOS 2.4 present.
[    0.000000] No AGP bridge found
[    0.000000] last_pfn = 0x3ffe max_arch_pfn = 0x400000000
[    0.000000] x86 PAT enabled: cpu 0, old 0x7040600070406, new 0x7010600070106
[    0.000000] found SMP MP-table at [ffff8800000f0b00] f0b00
[    0.000000] init_memory_mapping: 0000000000000000-0000000003ffe000
[    0.000000] RAMDISK: 03c5e000 - 03ff0000
[    0.000000] ACPI: RSDP 00000000000f0950 00014 (v00 BOCHS )
[    0.000000] ACPI: RSDT 0000000003fffbc1 00034 (v01 BOCHS  BXPCRSDT 00000001 BXPC 00000001)
[    0.000000] ACPI: FACP 0000000003fff1c0 00074 (v01 BOCHS  BXPCFACP 00000001 BXPC 00000001)
[    0.000000] ACPI: DSDT 0000000003ffe040 01180 (v01 BOCHS  BXPCDSDT 00000001 BXPC 00000001)
[    0.000000] ACPI: FACS 0000000003ffe000 00040
[    0.000000] ACPI: SSDT 0000000003fff234 008DD (v01 BOCHS  BXPCSSDT 00000001 BXPC 00000001)
[    0.000000] ACPI: APIC 0000000003fffb11 00078 (v01 BOCHS  BXPCAPIC 00000001 BXPC 00000001)
[    0.000000] ACPI: HPET 0000000003fffb89 00038 (v01 BOCHS  BXPCHPET 00000001 BXPC 00000001)
[    0.000000] No NUMA configuration found
[    0.000000] Faking a node at 0000000000000000-0000000003ffe000
[    0.000000] Initmem setup node 0 0000000000000000-0000000003ffe000
[    0.000000]   NODE_DATA [0000000003ff6000 - 0000000003ffafff]
[    0.000000] Zone PFN ranges:
[    0.000000]   DMA      0x00000010 -&gt; 0x00001000
[    0.000000]   DMA32    0x00001000 -&gt; 0x00100000
[    0.000000]   Normal   empty
[    0.000000] Movable zone start PFN for each node
[    0.000000] early_node_map[2] active PFN ranges
[    0.000000]     0: 0x00000010 -&gt; 0x0000009f
[    0.000000]     0: 0x00000100 -&gt; 0x00003ffe
[    0.000000] ACPI: PM-Timer IO Port: 0xb008
[    0.000000] ACPI: LAPIC (acpi_id[0x00] lapic_id[0x00] enabled)
[    0.000000] ACPI: LAPIC_NMI (acpi_id[0xff] dfl dfl lint[0x1])
[    0.000000] ACPI: IOAPIC (id[0x00] address[0xfec00000] gsi_base[0])
[    0.000000] IOAPIC[0]: apic_id 0, version 17, address 0xfec00000, GSI 0-23
[    0.000000] ACPI: INT_SRC_OVR (bus 0 bus_irq 0 global_irq 2 dfl dfl)
[    0.000000] ACPI: INT_SRC_OVR (bus 0 bus_irq 5 global_irq 5 high level)
[    0.000000] ACPI: INT_SRC_OVR (bus 0 bus_irq 9 global_irq 9 high level)
[    0.000000] ACPI: INT_SRC_OVR (bus 0 bus_irq 10 global_irq 10 high level)
[    0.000000] ACPI: INT_SRC_OVR (bus 0 bus_irq 11 global_irq 11 high level)
[    0.000000] Using ACPI (MADT) for SMP configuration information
[    0.000000] ACPI: HPET id: 0x8086a201 base: 0xfed00000
[    0.000000] SMP: Allowing 1 CPUs, 0 hotplug CPUs
[    0.000000] PM: Registered nosave memory: 000000000009f000 - 00000000000a0000
[    0.000000] PM: Registered nosave memory: 00000000000a0000 - 00000000000f0000
[    0.000000] PM: Registered nosave memory: 00000000000f0000 - 0000000000100000
[    0.000000] Allocating PCI resources starting at 4000000 (gap: 4000000:fbfc0000)
[    0.000000] Booting paravirtualized kernel on bare hardware
[    0.000000] setup_percpu: NR_CPUS:64 nr_cpumask_bits:64 nr_cpu_ids:1 nr_node_ids:1
[    0.000000] PERCPU: Embedded 27 pages/cpu @ffff880003a00000 s78848 r8192 d23552 u2097152
[    0.000000] Built 1 zonelists in Node order, mobility grouping on.  Total pages: 16008
[    0.000000] Policy zone: DMA32
[    0.000000] Kernel command line: root=/dev/vda console=tty0 console=ttyS0 no_timer_check
[    0.000000] PID hash table entries: 256 (order: -1, 2048 bytes)
[    0.000000] Checking aperture...
[    0.000000] No AGP bridge found
[    0.000000] Memory: 43492k/65528k available (6576k kernel code, 452k absent, 21584k reserved, 6620k data, 928k init)
[    0.000000] SLUB: Genslabs=15, HWalign=64, Order=0-3, MinObjects=0, CPUs=1, Nodes=1
[    0.000000] Hierarchical RCU implementation.
[    0.000000] 	RCU dyntick-idle grace-period acceleration is enabled.
[    0.000000] NR_IRQS:4352 nr_irqs:256 16
[    0.000000] Console: colour VGA+ 80x25
[    0.000000] console [tty0] enabled
[    0.000000] console [ttyS0] enabled
[    0.000000] allocated 1048576 bytes of page_cgroup
[    0.000000] please try 'cgroup_disable=memory' option if you don't want memory cgroups
[    0.000000] Fast TSC calibration failed
[    0.000000] TSC: Unable to calibrate against PIT
[    0.000000] TSC: using HPET reference calibration
[    0.000000] Detected 2294.424 MHz processor.
[    0.041040] Calibrating delay loop (skipped), value calculated using timer frequency.. 4588.84 BogoMIPS (lpj=9177696)
[    0.045142] pid_max: default: 32768 minimum: 301
[    0.060112] Security Framework initialized
[    0.065029] AppArmor: AppArmor initialized
[    0.065833] Yama: becoming mindful.
[    0.074797] Dentry cache hash table entries: 8192 (order: 4, 65536 bytes)
[    0.076926] Inode-cache hash table entries: 4096 (order: 3, 32768 bytes)
[    0.081676] Mount-cache hash table entries: 256
[    0.104353] Initializing cgroup subsys cpuacct
[    0.105514] Initializing cgroup subsys memory
[    0.108641] Initializing cgroup subsys devices
[    0.109520] Initializing cgroup subsys freezer
[    0.110218] Initializing cgroup subsys blkio
[    0.112234] Initializing cgroup subsys perf_event
[    0.118666] mce: CPU supports 10 MCE banks
[    0.124497] SMP alternatives: switching to UP code
[    0.586928] Freeing SMP alternatives: 24k freed
[    0.589030] ACPI: Core revision 20110623
[    0.639088] ftrace: allocating 26610 entries in 105 pages
[    0.672041] ..TIMER: vector=0x30 apic1=0 pin1=2 apic2=-1 pin2=-1
[    0.672159] CPU0: AMD QEMU Virtual CPU version 2.0.0 stepping 03
[    0.680041] Performance Events: Broken PMU hardware detected, using software events only.
[    0.688603] NMI watchdog disabled (cpu0): hardware events not enabled
[    0.690782] Brought up 1 CPUs
[    0.692216] Total of 1 processors activated (4588.84 BogoMIPS).
[    0.716463] devtmpfs: initialized
[    0.748884] EVM: security.selinux
[    0.749635] EVM: security.SMACK64
[    0.750054] EVM: security.capability
[    0.770575] print_constraints: dummy: 
[    0.773378] RTC time:  0:57:53, date: 12/21/15
[    0.776895] NET: Registered protocol family 16
[    0.785098] ACPI: bus type pci registered
[    0.789688] PCI: Using configuration type 1 for base access
[    0.826046] bio: create slab &lt;bio-0&gt; at 0
[    0.830956] ACPI: Added _OSI(Module Device)
[    0.832138] ACPI: Added _OSI(Processor Device)
[    0.832711] ACPI: Added _OSI(3.0 _SCP Extensions)
[    0.833334] ACPI: Added _OSI(Processor Aggregator Device)
[    0.918423] ACPI: Interpreter enabled
[    0.918994] ACPI: (supports S0 S3 S4 S5)
[    0.921385] ACPI: Using IOAPIC for interrupt routing
[    0.993664] ACPI: No dock devices found.
[    0.994310] HEST: Table not found.
[    0.994874] PCI: Using host bridge windows from ACPI; if necessary, use "pci=nocrs" and report a bug
[    1.001301] ACPI: PCI Root Bridge [PCI0] (domain 0000 [bus 00-ff])
[    1.008339] pci_root PNP0A03:00: host bridge window [io  0x0000-0x0cf7]
[    1.009238] pci_root PNP0A03:00: host bridge window [io  0x0d00-0xadff]
[    1.010109] pci_root PNP0A03:00: host bridge window [io  0xae0f-0xaeff]
[    1.010981] pci_root PNP0A03:00: host bridge window [io  0xaf20-0xafdf]
[    1.012114] pci_root PNP0A03:00: host bridge window [io  0xafe4-0xffff]
[    1.013251] pci_root PNP0A03:00: host bridge window [mem 0x000a0000-0x000bffff]
[    1.014137] pci_root PNP0A03:00: host bridge window [mem 0x04000000-0xfebfffff]
[    1.038031] pci 0000:00:01.3: quirk: [io  0xb000-0xb03f] claimed by PIIX4 ACPI
[    1.040184] pci 0000:00:01.3: quirk: [io  0xb100-0xb10f] claimed by PIIX4 SMB
[    1.106764]  pci0000:00: Unable to request _OSC control (_OSC support mask: 0x1e)
[    1.168815] ACPI: PCI Interrupt Link [LNKA] (IRQs 5 *10 11)
[    1.170847] ACPI: PCI Interrupt Link [LNKB] (IRQs 5 *10 11)
[    1.173232] ACPI: PCI Interrupt Link [LNKC] (IRQs 5 10 *11)
[    1.174935] ACPI: PCI Interrupt Link [LNKD] (IRQs 5 10 *11)
[    1.176870] ACPI: PCI Interrupt Link [LNKS] (IRQs *9)
[    1.182821] vgaarb: device added: PCI:0000:00:02.0,decodes=io+mem,owns=io+mem,locks=none
[    1.184184] vgaarb: loaded
[    1.184556] vgaarb: bridge control possible 0000:00:02.0
[    1.188737] i2c-core: driver [aat2870] using legacy suspend method
[    1.189624] i2c-core: driver [aat2870] using legacy resume method
[    1.192526] SCSI subsystem initialized
[    1.198345] usbcore: registered new interface driver usbfs
[    1.200577] usbcore: registered new interface driver hub
[    1.201707] usbcore: registered new device driver usb
[    1.205361] PCI: Using ACPI for IRQ routing
[    1.217117] NetLabel: Initializing
[    1.217627] NetLabel:  domain hash size = 128
[    1.218120] NetLabel:  protocols = UNLABELED CIPSOv4
[    1.220969] NetLabel:  unlabeled traffic allowed by default
[    1.224389] HPET: 3 timers in total, 0 timers will be used for per-cpu timer
[    1.225662] hpet0: at MMIO 0xfed00000, IRQs 2, 8, 0
[    1.226695] hpet0: 3 comparators, 64-bit 100.000000 MHz counter
[    1.246614] Switching to clocksource hpet
[    1.515383] AppArmor: AppArmor Filesystem Enabled
[    1.517590] pnp: PnP ACPI init
[    1.518268] ACPI: bus type pnp registered
[    1.539206] pnp: PnP ACPI: found 9 devices
[    1.539758] ACPI: ACPI bus type pnp unregistered
[    1.623266] NET: Registered protocol family 2
[    1.665552] IP route cache hash table entries: 512 (order: 0, 4096 bytes)
[    1.677842] TCP established hash table entries: 2048 (order: 3, 32768 bytes)
[    1.678895] TCP bind hash table entries: 2048 (order: 3, 32768 bytes)
[    1.679837] TCP: Hash tables configured (established 2048 bind 2048)
[    1.681641] TCP reno registered
[    1.682511] UDP hash table entries: 128 (order: 0, 4096 bytes)
[    1.683426] UDP-Lite hash table entries: 128 (order: 0, 4096 bytes)
[    1.686999] NET: Registered protocol family 1
[    1.688125] pci 0000:00:00.0: Limiting direct PCI/PCI transfers
[    1.689895] pci 0000:00:01.0: PIIX3: Enabling Passive Release
[    1.690818] pci 0000:00:01.0: Activating ISA DMA hang workarounds
[    1.696281] ACPI: PCI Interrupt Link [LNKD] enabled at IRQ 11
[    1.698248] pci 0000:00:01.2: PCI INT D -&gt; Link[LNKD] -&gt; GSI 11 (level, high) -&gt; IRQ 11
[    1.700785] pci 0000:00:01.2: PCI INT D disabled
[    1.719487] Trying to unpack rootfs image as initramfs...
[    1.736128] audit: initializing netlink socket (disabled)
[    1.738715] type=2000 audit(1450659473.736:1): initialized
[    2.027518] HugeTLB registered 2 MB page size, pre-allocated 0 pages
[    2.117561] VFS: Disk quotas dquot_6.5.2
[    2.119604] Dquot-cache hash table entries: 512 (order 0, 4096 bytes)
[    2.142278] fuse init (API version 7.17)
[    2.145369] msgmni has been set to 84
[    2.182354] Block layer SCSI generic (bsg) driver version 0.4 loaded (major 253)
[    2.184046] io scheduler noop registered
[    2.185760] io scheduler deadline registered (default)
[    2.187015] io scheduler cfq registered
[    2.191169] pci_hotplug: PCI Hot Plug PCI Core version: 0.5
[    2.194324] pciehp: PCI Express Hot Plug Controller Driver version: 0.4
[    2.203797] input: Power Button as /devices/LNXSYSTM:00/LNXPWRBN:00/input/input0
[    2.205987] ACPI: Power Button [PWRF]
[    2.267434] ERST: Table is not found!
[    2.268002] GHES: HEST is not enabled!
[    2.279560] ACPI: PCI Interrupt Link [LNKC] enabled at IRQ 10
[    2.280700] virtio-pci 0000:00:03.0: PCI INT A -&gt; Link[LNKC] -&gt; GSI 10 (level, high) -&gt; IRQ 10
[    2.283582] virtio-pci 0000:00:04.0: PCI INT A -&gt; Link[LNKD] -&gt; GSI 11 (level, high) -&gt; IRQ 11
[    2.294439] ACPI: PCI Interrupt Link [LNKA] enabled at IRQ 10
[    2.295134] virtio-pci 0000:00:05.0: PCI INT A -&gt; Link[LNKA] -&gt; GSI 10 (level, high) -&gt; IRQ 10
[    2.306271] Serial: 8250/16550 driver, 32 ports, IRQ sharing enabled
[    2.349946] serial8250: ttyS0 at I/O 0x3f8 (irq = 4) is a 16550A
[    2.435803] serial8250: ttyS1 at I/O 0x2f8 (irq = 3) is a 16550A
[    2.565751] 00:05: ttyS0 at I/O 0x3f8 (irq = 4) is a 16550A
[    2.641585] 00:06: ttyS1 at I/O 0x2f8 (irq = 3) is a 16550A
[    2.686913] Linux agpgart interface v0.103
[    2.707477] Refined TSC clocksource calibration: 2294.479 MHz.
[    2.709009] Switching to clocksource tsc
[    2.753725] brd: module loaded
[    2.787880] loop: module loaded
[    2.837358]  vda: unknown partition table
[    2.894988] scsi0 : ata_piix
[    2.897975] scsi1 : ata_piix
[    2.899109] ata1: PATA max MWDMA2 cmd 0x1f0 ctl 0x3f6 bmdma 0xc0a0 irq 14
[    2.899895] ata2: PATA max MWDMA2 cmd 0x170 ctl 0x376 bmdma 0xc0a8 irq 15
[    2.910793] Fixed MDIO Bus: probed
[    2.911668] tun: Universal TUN/TAP device driver, 1.6
[    2.912689] tun: (C) 1999-2004 Max Krasnyansky &lt;maxk@qualcomm.com&gt;
[    2.925675] PPP generic driver version 2.4.2
[    2.946651] ehci_hcd: USB 2.0 'Enhanced' Host Controller (EHCI) Driver
[    2.947687] ohci_hcd: USB 1.1 'Open' Host Controller (OHCI) Driver
[    2.949956] uhci_hcd: USB Universal Host Controller Interface driver
[    2.951010] uhci_hcd 0000:00:01.2: PCI INT D -&gt; Link[LNKD] -&gt; GSI 11 (level, high) -&gt; IRQ 11
[    2.955506] uhci_hcd 0000:00:01.2: UHCI Host Controller
[    2.973550] uhci_hcd 0000:00:01.2: new USB bus registered, assigned bus number 1
[    2.975452] uhci_hcd 0000:00:01.2: irq 11, io base 0x0000c040
[    3.008139] hub 1-0:1.0: USB hub found
[    3.010376] hub 1-0:1.0: 2 ports detected
[    3.020879] usbcore: registered new interface driver libusual
[    3.023744] i8042: PNP: PS/2 Controller [PNP0303:KBD,PNP0f13:MOU] at 0x60,0x64 irq 1,12
[    3.031993] serio: i8042 KBD port at 0x60,0x64 irq 1
[    3.035150] serio: i8042 AUX port at 0x60,0x64 irq 12
[    3.108851] mousedev: PS/2 mouse device common for all mice
[    3.114657] ata2.01: ATAPI: QEMU DVD-ROM, 2.0.0, max UDMA/100
[    3.125561] rtc_cmos 00:01: RTC can wake from S4
[    3.137515] input: AT Translated Set 2 keyboard as /devices/platform/i8042/serio0/input/input1
[    3.146782] rtc_cmos 00:01: rtc core: registered rtc_cmos as rtc0
[    3.149954] rtc0: alarms up to one day, 114 bytes nvram, hpet irqs
[    3.153950] device-mapper: uevent: version 1.0.3
[    3.173106] ata2.01: configured for MWDMA2
[    3.198148] scsi 1:0:1:0: CD-ROM            QEMU     QEMU DVD-ROM     2.0. PQ: 0 ANSI: 5
[    3.213064] device-mapper: ioctl: 4.22.0-ioctl (2011-10-19) initialised: dm-devel@redhat.com
[    3.217158] cpuidle: using governor ladder
[    3.218760] cpuidle: using governor menu
[    3.219725] EFI Variables Facility v0.08 2004-May-17
[    3.229024] TCP cubic registered
[    3.233029] NET: Registered protocol family 10
[    3.275812] NET: Registered protocol family 17
[    3.277202] Registering the dns_resolver key type
[    3.303806] sr0: scsi3-mmc drive: 4x/4x cd/rw xa/form2 tray
[    3.306601] cdrom: Uniform CD-ROM driver Revision: 3.20
[    3.325564] sr 1:0:1:0: Attached scsi generic sg0 type 5
[    3.415958] registered taskstats version 1
[    3.460009] Freeing initrd memory: 3656k freed
[    3.996926]   Magic number: 11:55:962
[    4.013034] rtc_cmos 00:01: setting system clock to 2015-12-21 00:57:56 UTC (1450659476)
[    4.018722] powernow-k8: Processor cpuid 663 not supported
[    4.024706] BIOS EDD facility v0.16 2004-Jun-25, 0 devices found
[    4.026518] EDD information not available.
[    4.086140] Freeing unused kernel memory: 928k freed
[    4.093037] Write protecting the kernel read-only data: 12288k
[    4.183596] Freeing unused kernel memory: 1596k freed
[    4.243658] Freeing unused kernel memory: 1184k freed

info: initramfs: up at 4.41
modprobe: module virtio_blk not found in modules.dep
modprobe: module virtio_net not found in modules.dep
info: copying initramfs to /dev/vda
info: initramfs loading root from /dev/vda
info: /etc/init.d/rc.sysinit: up at 8.93
info: container: none
Starting logging: OK
modprobe: module virtio_blk not found in modules.dep
modprobe: module virtio_net not found in modules.dep
WARN: /etc/rc3.d/S10-load-modules failed
Initializing random number generator... done.
Starting acpid: OK
cirros-ds 'local' up at 11.42
found datasource (configdrive, local)
Starting network...
udhcpc (v1.20.1) started
Sending discover...
Sending discover...

2015-12-21 00:59:54,510 21552 INFO     [tempest_lib.common.rest_client] Request (TestNetworkBasicOps:_run_cleanups): 204 DELETE http://10.0.2.15:9696/v2.0/floatingips/16944e55-3810-4a88-bcdb-c3716011a9bb 0.285s
2015-12-21 00:59:54,510 21552 DEBUG    [tempest_lib.common.rest_client] Request - Headers: {'Content-Type': 'application/json', 'Accept': 'application/json', 'X-Auth-Token': '&lt;omitted&gt;'}
        Body: None
    Response - Headers: {'date': 'Mon, 21 Dec 2015 00:59:54 GMT', 'status': '204', 'connection': 'close', 'content-length': '0', 'x-openstack-request-id': 'req-96956c76-eff7-4cb4-af09-407bf9fd7032'}
        Body: 
2015-12-21 00:59:54,723 21552 INFO     [tempest_lib.common.rest_client] Request (TestNetworkBasicOps:_run_cleanups): 204 DELETE http://10.0.2.15:8774/v2.1/1250661be6a349d59b87b6896ed391a0/servers/e6be6759-752b-4419-955f-8869d8796d00 0.212s
2015-12-21 00:59:54,723 21552 DEBUG    [tempest_lib.common.rest_client] Request - Headers: {'Content-Type': 'application/json', 'Accept': 'application/json', 'X-Auth-Token': '&lt;omitted&gt;'}
        Body: None
    Response - Headers: {'status': '204', 'content-length': '0', 'x-compute-request-id': 'req-c3669e8b-18ed-4ed0-aff0-20a189d3d670', 'vary': 'X-OpenStack-Nova-API-Version', 'connection': 'close', 'x-openstack-nova-api-version': '2.1', 'date': 'Mon, 21 Dec 2015 00:59:54 GMT', 'content-type': 'application/json'}
        Body: 
2015-12-21 00:59:54,967 21552 INFO     [tempest_lib.common.rest_client] Request (TestNetworkBasicOps:_run_cleanups): 200 GET http://10.0.2.15:8774/v2.1/1250661be6a349d59b87b6896ed391a0/servers/e6be6759-752b-4419-955f-8869d8796d00 0.243s
2015-12-21 00:59:54,967 21552 DEBUG    [tempest_lib.common.rest_client] Request - Headers: {'Content-Type': 'application/json', 'Accept': 'application/json', 'X-Auth-Token': '&lt;omitted&gt;'}
        Body: None
    Response - Headers: {'status': '200', 'content-length': '1776', 'content-location': 'http://10.0.2.15:8774/v2.1/1250661be6a349d59b87b6896ed391a0/servers/e6be6759-752b-4419-955f-8869d8796d00', 'x-compute-request-id': 'req-c0026cc0-d2cf-49ef-a4ab-4a9687e34ea8', 'vary': 'X-OpenStack-Nova-API-Version', 'connection': 'close', 'x-openstack-nova-api-version': '2.1', 'date': 'Mon, 21 Dec 2015 00:59:54 GMT', 'content-type': 'application/json'}
        Body: {"server": {"status": "ACTIVE", "updated": "2015-12-21T00:59:54Z", "hostId": "f1c0d9ba8d3be2dad4a194ef0b5124bedf05510e641dd9ade93491b9", "addresses": {"tempest-network-smoke--1500093373": [{"OS-EXT-IPS-MAC:mac_addr": "fa:16:3e:1c:0c:37", "version": 4, "addr": "10.100.0.3", "OS-EXT-IPS:type": "fixed"}, {"OS-EXT-IPS-MAC:mac_addr": "fa:16:3e:1c:0c:37", "version": 4, "addr": "172.24.4.4", "OS-EXT-IPS:type": "floating"}]}, "links": [{"href": "http://10.0.2.15:8774/v2.1/1250661be6a349d59b87b6896ed391a0/servers/e6be6759-752b-4419-955f-8869d8796d00", "rel": "self"}, {"href": "http://10.0.2.15:8774/1250661be6a349d59b87b6896ed391a0/servers/e6be6759-752b-4419-955f-8869d8796d00", "rel": "bookmark"}], "key_name": "tempest-TestNetworkBasicOps-1355285883", "image": {"id": "0468ef1e-8561-43df-ad65-a49704d36dc9", "links": [{"href": "http://10.0.2.15:8774/1250661be6a349d59b87b6896ed391a0/images/0468ef1e-8561-43df-ad65-a49704d36dc9", "rel": "bookmark"}]}, "OS-EXT-STS:task_state": "deleting", "OS-EXT-STS:vm_state": "active", "OS-SRV-USG:launched_at": "2015-12-21T00:57:50.000000", "flavor": {"id": "42", "links": [{"href": "http://10.0.2.15:8774/1250661be6a349d59b87b6896ed391a0/flavors/42", "rel": "bookmark"}]}, "id": "e6be6759-752b-4419-955f-8869d8796d00", "security_groups": [{"name": "tempest-secgroup-smoke-1047853340"}], "OS-SRV-USG:terminated_at": null, "OS-EXT-AZ:availability_zone": "nova", "user_id": "576a679abb6a48449707c8e2bf4981ca", "name": "tempest.common.compute-instance-957697498", "created": "2015-12-21T00:57:46Z", "tenant_id": "1250661be6a349d59b87b6896ed391a0", "OS-DCF:diskConfig": "MANUAL", "os-extended-volumes:volumes_attached": [], "accessIPv4": "", "accessIPv6": "", "progress": 0, "OS-EXT-STS:power_state": 1, "config_drive": "True", "metadata": {}}}
2015-12-21 00:59:56,105 21552 INFO     [tempest_lib.common.rest_client] Request (TestNetworkBasicOps:_run_cleanups): 200 GET http://10.0.2.15:8774/v2.1/1250661be6a349d59b87b6896ed391a0/servers/e6be6759-752b-4419-955f-8869d8796d00 0.120s
2015-12-21 00:59:56,106 21552 DEBUG    [tempest_lib.common.rest_client] Request - Headers: {'Content-Type': 'application/json', 'Accept': 'application/json', 'X-Auth-Token': '&lt;omitted&gt;'}
        Body: None
    Response - Headers: {'status': '200', 'content-length': '1440', 'content-location': 'http://10.0.2.15:8774/v2.1/1250661be6a349d59b87b6896ed391a0/servers/e6be6759-752b-4419-955f-8869d8796d00', 'x-compute-request-id': 'req-2592a468-f9a3-4923-9e30-99128ef614b3', 'vary': 'X-OpenStack-Nova-API-Version', 'connection': 'close', 'x-openstack-nova-api-version': '2.1', 'date': 'Mon, 21 Dec 2015 00:59:56 GMT', 'content-type': 'application/json'}
        Body: {"server": {"status": "ACTIVE", "updated": "2015-12-21T00:59:55Z", "hostId": "f1c0d9ba8d3be2dad4a194ef0b5124bedf05510e641dd9ade93491b9", "addresses": {}, "links": [{"href": "http://10.0.2.15:8774/v2.1/1250661be6a349d59b87b6896ed391a0/servers/e6be6759-752b-4419-955f-8869d8796d00", "rel": "self"}, {"href": "http://10.0.2.15:8774/1250661be6a349d59b87b6896ed391a0/servers/e6be6759-752b-4419-955f-8869d8796d00", "rel": "bookmark"}], "key_name": "tempest-TestNetworkBasicOps-1355285883", "image": {"id": "0468ef1e-8561-43df-ad65-a49704d36dc9", "links": [{"href": "http://10.0.2.15:8774/1250661be6a349d59b87b6896ed391a0/images/0468ef1e-8561-43df-ad65-a49704d36dc9", "rel": "bookmark"}]}, "OS-EXT-STS:task_state": "deleting", "OS-EXT-STS:vm_state": "active", "OS-SRV-USG:launched_at": "2015-12-21T00:57:50.000000", "flavor": {"id": "42", "links": [{"href": "http://10.0.2.15:8774/1250661be6a349d59b87b6896ed391a0/flavors/42", "rel": "bookmark"}]}, "id": "e6be6759-752b-4419-955f-8869d8796d00", "OS-SRV-USG:terminated_at": null, "OS-EXT-AZ:availability_zone": "nova", "user_id": "576a679abb6a48449707c8e2bf4981ca", "name": "tempest.common.compute-instance-957697498", "created": "2015-12-21T00:57:46Z", "tenant_id": "1250661be6a349d59b87b6896ed391a0", "OS-DCF:diskConfig": "MANUAL", "os-extended-volumes:volumes_attached": [], "accessIPv4": "", "accessIPv6": "", "progress": 0, "OS-EXT-STS:power_state": 1, "config_drive": "True", "metadata": {}}}
2015-12-21 00:59:57,203 21552 INFO     [tempest_lib.common.rest_client] Request (TestNetworkBasicOps:_run_cleanups): 404 GET http://10.0.2.15:8774/v2.1/1250661be6a349d59b87b6896ed391a0/servers/e6be6759-752b-4419-955f-8869d8796d00 0.083s
2015-12-21 00:59:57,204 21552 DEBUG    [tempest_lib.common.rest_client] Request - Headers: {'Content-Type': 'application/json', 'Accept': 'application/json', 'X-Auth-Token': '&lt;omitted&gt;'}
        Body: None
    Response - Headers: {'status': '404', 'content-length': '111', 'x-compute-request-id': 'req-a4230357-3c8f-4e2c-ad64-43eb9b6b466c', 'vary': 'X-OpenStack-Nova-API-Version', 'connection': 'close', 'x-openstack-nova-api-version': '2.1', 'date': 'Mon, 21 Dec 2015 00:59:57 GMT', 'content-type': 'application/json; charset=UTF-8'}
        Body: {"itemNotFound": {"message": "Instance e6be6759-752b-4419-955f-8869d8796d00 could not be found.", "code": 404}}
2015-12-21 00:59:57,223 21552 INFO     [tempest_lib.common.rest_client] Request (TestNetworkBasicOps:_run_cleanups): 202 DELETE http://10.0.2.15:8774/v2.1/1250661be6a349d59b87b6896ed391a0/os-keypairs/tempest-TestNetworkBasicOps-1355285883 0.018s
2015-12-21 00:59:57,223 21552 DEBUG    [tempest_lib.common.rest_client] Request - Headers: {'Content-Type': 'application/json', 'Accept': 'application/json', 'X-Auth-Token': '&lt;omitted&gt;'}
        Body: None
    Response - Headers: {'status': '202', 'content-length': '0', 'x-compute-request-id': 'req-cc19bd7d-a5f9-4894-9138-762baf470934', 'vary': 'X-OpenStack-Nova-API-Version', 'connection': 'close', 'x-openstack-nova-api-version': '2.1', 'date': 'Mon, 21 Dec 2015 00:59:57 GMT', 'content-type': 'application/json'}
        Body: 
2015-12-21 00:59:57,740 21552 INFO     [tempest_lib.common.rest_client] Request (TestNetworkBasicOps:_run_cleanups): 200 PUT http://10.0.2.15:9696/v2.0/routers/4ce8cc4f-d5ee-479b-bc1d-44b0c97b1f12/remove_router_interface 0.515s
2015-12-21 00:59:57,740 21552 DEBUG    [tempest_lib.common.rest_client] Request - Headers: {'Content-Type': 'application/json', 'Accept': 'application/json', 'X-Auth-Token': '&lt;omitted&gt;'}
        Body: {"subnet_id": "d7a074dc-a4c6-470b-ad3c-6a776df184f1"}
    Response - Headers: {'status': '200', 'content-length': '255', 'connection': 'close', 'date': 'Mon, 21 Dec 2015 00:59:57 GMT', 'content-type': 'application/json; charset=UTF-8', 'x-openstack-request-id': 'req-4e7dfb7f-7464-4cae-bf3a-9756774719c6'}
        Body: {"subnet_id": "d7a074dc-a4c6-470b-ad3c-6a776df184f1", "tenant_id": "1250661be6a349d59b87b6896ed391a0", "subnet_ids": ["d7a074dc-a4c6-470b-ad3c-6a776df184f1"], "port_id": "4bfb1190-6149-4cc9-b23f-d0e821026dda", "id": "4ce8cc4f-d5ee-479b-bc1d-44b0c97b1f12"}
2015-12-21 00:59:58,188 21552 INFO     [tempest_lib.common.rest_client] Request (TestNetworkBasicOps:_run_cleanups): 204 DELETE http://10.0.2.15:9696/v2.0/subnets/d7a074dc-a4c6-470b-ad3c-6a776df184f1 0.447s
2015-12-21 00:59:58,189 21552 DEBUG    [tempest_lib.common.rest_client] Request - Headers: {'Content-Type': 'application/json', 'Accept': 'application/json', 'X-Auth-Token': '&lt;omitted&gt;'}
        Body: None
    Response - Headers: {'date': 'Mon, 21 Dec 2015 00:59:58 GMT', 'status': '204', 'connection': 'close', 'content-length': '0', 'x-openstack-request-id': 'req-820930a6-b0c8-46b7-917c-7f65ab671f5f'}
        Body: 
2015-12-21 00:59:58,239 21552 INFO     [tempest_lib.common.rest_client] Request (TestNetworkBasicOps:_run_cleanups): 200 GET http://10.0.2.15:9696/v2.0/routers/4ce8cc4f-d5ee-479b-bc1d-44b0c97b1f12 0.049s
2015-12-21 00:59:58,239 21552 DEBUG    [tempest_lib.common.rest_client] Request - Headers: {'Content-Type': 'application/json', 'Accept': 'application/json', 'X-Auth-Token': '&lt;omitted&gt;'}
        Body: None
    Response - Headers: {'status': '200', 'content-length': '563', 'content-location': 'http://10.0.2.15:9696/v2.0/routers/4ce8cc4f-d5ee-479b-bc1d-44b0c97b1f12', 'connection': 'close', 'date': 'Mon, 21 Dec 2015 00:59:58 GMT', 'content-type': 'application/json; charset=UTF-8', 'x-openstack-request-id': 'req-1b70dd0b-95aa-480f-8a13-0b6305ca5049'}
        Body: {"router": {"status": "ACTIVE", "external_gateway_info": {"network_id": "6e325522-b4cc-4db5-b30e-61968430d7de", "enable_snat": true, "external_fixed_ips": [{"subnet_id": "5fae83c9-9abb-4440-940d-365b36f628d6", "ip_address": "172.24.4.3"}, {"subnet_id": "0c3b5ef1-0fe0-4944-b107-cb6cb7bc5228", "ip_address": "2001:db8::4"}]}, "availability_zone_hints": [], "availability_zones": ["nova"], "name": "tempest-router-smoke-532541725", "admin_state_up": true, "tenant_id": "1250661be6a349d59b87b6896ed391a0", "routes": [], "id": "4ce8cc4f-d5ee-479b-bc1d-44b0c97b1f12"}}
2015-12-21 00:59:58,699 21552 INFO     [tempest_lib.common.rest_client] Request (TestNetworkBasicOps:_run_cleanups): 200 PUT http://10.0.2.15:9696/v2.0/routers/4ce8cc4f-d5ee-479b-bc1d-44b0c97b1f12 0.459s
2015-12-21 00:59:58,701 21552 DEBUG    [tempest_lib.common.rest_client] Request - Headers: {'Content-Type': 'application/json', 'Accept': 'application/json', 'X-Auth-Token': '&lt;omitted&gt;'}
        Body: {"router": {"external_gateway_info": {}, "name": "tempest-router-smoke-532541725", "admin_state_up": true}}
    Response - Headers: {'status': '200', 'content-length': '301', 'connection': 'close', 'date': 'Mon, 21 Dec 2015 00:59:58 GMT', 'content-type': 'application/json; charset=UTF-8', 'x-openstack-request-id': 'req-89f8a0ac-3e56-4d9e-92a9-474d5a8cff69'}
        Body: {"router": {"status": "ACTIVE", "external_gateway_info": null, "availability_zone_hints": [], "availability_zones": ["nova"], "name": "tempest-router-smoke-532541725", "admin_state_up": true, "tenant_id": "1250661be6a349d59b87b6896ed391a0", "routes": [], "id": "4ce8cc4f-d5ee-479b-bc1d-44b0c97b1f12"}}
2015-12-21 00:59:58,937 21552 INFO     [tempest_lib.common.rest_client] Request (TestNetworkBasicOps:_run_cleanups): 204 DELETE http://10.0.2.15:9696/v2.0/routers/4ce8cc4f-d5ee-479b-bc1d-44b0c97b1f12 0.235s
2015-12-21 00:59:58,937 21552 DEBUG    [tempest_lib.common.rest_client] Request - Headers: {'Content-Type': 'application/json', 'Accept': 'application/json', 'X-Auth-Token': '&lt;omitted&gt;'}
        Body: None
    Response - Headers: {'date': 'Mon, 21 Dec 2015 00:59:58 GMT', 'status': '204', 'connection': 'close', 'content-length': '0', 'x-openstack-request-id': 'req-bfeb2ac8-0d82-4aed-a909-1826c7b9a442'}
        Body: 
2015-12-21 00:59:59,146 21552 INFO     [tempest_lib.common.rest_client] Request (TestNetworkBasicOps:_run_cleanups): 204 DELETE http://10.0.2.15:9696/v2.0/networks/fa607339-166f-4af4-9793-cf81c7cb8d0e 0.207s
2015-12-21 00:59:59,146 21552 DEBUG    [tempest_lib.common.rest_client] Request - Headers: {'Content-Type': 'application/json', 'Accept': 'application/json', 'X-Auth-Token': '&lt;omitted&gt;'}
        Body: None
    Response - Headers: {'date': 'Mon, 21 Dec 2015 00:59:59 GMT', 'status': '204', 'connection': 'close', 'content-length': '0', 'x-openstack-request-id': 'req-fcdeb314-0f72-4627-ac2a-38290ab4fefb'}
        Body: 
2015-12-21 00:59:59,214 21552 INFO     [tempest_lib.common.rest_client] Request (TestNetworkBasicOps:_run_cleanups): 204 DELETE http://10.0.2.15:9696/v2.0/security-group-rules/79ac9e53-37c6-41dc-8951-03a2eca51a7a 0.066s
2015-12-21 00:59:59,214 21552 DEBUG    [tempest_lib.common.rest_client] Request - Headers: {'Content-Type': 'application/json', 'Accept': 'application/json', 'X-Auth-Token': '&lt;omitted&gt;'}
        Body: None
    Response - Headers: {'date': 'Mon, 21 Dec 2015 00:59:59 GMT', 'status': '204', 'connection': 'close', 'content-length': '0', 'x-openstack-request-id': 'req-ddf24771-7795-481c-87bc-3aba1601eb42'}
        Body: 
2015-12-21 00:59:59,275 21552 INFO     [tempest_lib.common.rest_client] Request (TestNetworkBasicOps:_run_cleanups): 204 DELETE http://10.0.2.15:9696/v2.0/security-group-rules/e0f935de-b7bd-4fc8-aa9f-4063703f3294 0.060s
2015-12-21 00:59:59,276 21552 DEBUG    [tempest_lib.common.rest_client] Request - Headers: {'Content-Type': 'application/json', 'Accept': 'application/json', 'X-Auth-Token': '&lt;omitted&gt;'}
        Body: None
    Response - Headers: {'date': 'Mon, 21 Dec 2015 00:59:59 GMT', 'status': '204', 'connection': 'close', 'content-length': '0', 'x-openstack-request-id': 'req-1e25fae1-3be2-4643-83f7-c7ed2e1eede3'}
        Body: 
2015-12-21 00:59:59,337 21552 INFO     [tempest_lib.common.rest_client] Request (TestNetworkBasicOps:_run_cleanups): 204 DELETE http://10.0.2.15:9696/v2.0/security-group-rules/7ed7b5b4-5e9f-41f9-a504-7b50224144a5 0.060s
2015-12-21 00:59:59,338 21552 DEBUG    [tempest_lib.common.rest_client] Request - Headers: {'Content-Type': 'application/json', 'Accept': 'application/json', 'X-Auth-Token': '&lt;omitted&gt;'}
        Body: None
    Response - Headers: {'date': 'Mon, 21 Dec 2015 00:59:59 GMT', 'status': '204', 'connection': 'close', 'content-length': '0', 'x-openstack-request-id': 'req-b9f5b7af-d8f2-4778-bc7d-e6c2eba94133'}
        Body: 
2015-12-21 00:59:59,399 21552 INFO     [tempest_lib.common.rest_client] Request (TestNetworkBasicOps:_run_cleanups): 204 DELETE http://10.0.2.15:9696/v2.0/security-group-rules/8e45e095-a247-42d7-b8b6-e3c3db3be541 0.058s
2015-12-21 00:59:59,399 21552 DEBUG    [tempest_lib.common.rest_client] Request - Headers: {'Content-Type': 'application/json', 'Accept': 'application/json', 'X-Auth-Token': '&lt;omitted&gt;'}
        Body: None
    Response - Headers: {'date': 'Mon, 21 Dec 2015 00:59:59 GMT', 'status': '204', 'connection': 'close', 'content-length': '0', 'x-openstack-request-id': 'req-928e6b9f-0566-4105-8a7b-0219a44d8143'}
        Body: 
2015-12-21 00:59:59,457 21552 INFO     [tempest_lib.common.rest_client] Request (TestNetworkBasicOps:_run_cleanups): 204 DELETE http://10.0.2.15:9696/v2.0/security-group-rules/d2ed0f10-07bd-45b7-a454-3bb5928d8e23 0.057s
2015-12-21 00:59:59,458 21552 DEBUG    [tempest_lib.common.rest_client] Request - Headers: {'Content-Type': 'application/json', 'Accept': 'application/json', 'X-Auth-Token': '&lt;omitted&gt;'}
        Body: None
