<?xml version="1.0" encoding="UTF-8"?>
<!DOCTYPE html PUBLIC "-//W3C//DTD XHTML 1.0 Strict//EN"
     "http://www.w3.org/TR/xhtml1/DTD/xhtml1-strict.dtd">
<html xmlns="http://www.w3.org/1999/xhtml">
<head>
    <title>Unit Test Report</title>
    <meta name="generator" content="subunit2html 0.1"/>
    <meta http-equiv="Content-Type" content="text/html; charset=UTF-8"/>
    
<style type="text/css" media="screen">
body        { font-family: verdana, arial, helvetica, sans-serif;
    font-size: 80%; }
table       { font-size: 100%; width: 100%;}
pre         { font-size: 80%; }

/* -- heading -------------------------------------------------------------- */
h1 {
        font-size: 16pt;
        color: gray;
}
.heading {
    margin-top: 0ex;
    margin-bottom: 1ex;
}

.heading .attribute {
    margin-top: 1ex;
    margin-bottom: 0;
}

.heading .description {
    margin-top: 4ex;
    margin-bottom: 6ex;
}

/* -- css div popup -------------------------------------------------------- */
a.popup_link {
}

a.popup_link:hover {
    color: red;
}

.popup_window {
    display: none;
    overflow-x: scroll;
    /*border: solid #627173 1px; */
    padding: 10px;
    background-color: #E6E6D6;
    font-family: "Ubuntu Mono", "Lucida Console", "Courier New", monospace;
    text-align: left;
    font-size: 8pt;
}

}
/* -- report --------------------------------------------------------------- */
#show_detail_line {
    margin-top: 3ex;
    margin-bottom: 1ex;
}
#result_table {
    width: 100%;
    border-collapse: collapse;
    border: 1px solid #777;
}
#header_row {
    font-weight: bold;
    color: white;
    background-color: #777;
}
#result_table td {
    border: 1px solid #777;
    padding: 2px;
}
#total_row  { font-weight: bold; }
.passClass  { background-color: #6c6; }
.failClass  { background-color: #c60; }
.errorClass { background-color: #c00; }
.passCase   { color: #6c6; }
.failCase   { color: #c60; font-weight: bold; }
.errorCase  { color: #c00; font-weight: bold; }
.hiddenRow  { display: none; }
.testcase   { margin-left: 2em; }
td.testname {width: 40%}
td.small {width: 40px}

/* -- ending --------------------------------------------------------------- */
#ending {
}

</style>

</head>
<body>
<script language="javascript" type="text/javascript"><!--
output_list = Array();

/* level - 0:Summary; 1:Failed; 2:All */
function showCase(level) {
    trs = document.getElementsByTagName("tr");
    for (var i = 0; i < trs.length; i++) {
        tr = trs[i];
        id = tr.id;
        if (id.substr(0,2) == 'ft') {
            if (level < 1) {
                tr.className = 'hiddenRow';
            }
            else {
                tr.className = '';
            }
        }
        if (id.substr(0,2) == 'pt') {
            if (level > 1) {
                tr.className = '';
            }
            else {
                tr.className = 'hiddenRow';
            }
        }
    }
}


function showClassDetail(cid, count) {
    var id_list = Array(count);
    var toHide = 1;
    for (var i = 0; i < count; i++) {
        tid0 = 't' + cid.substr(1) + '.' + (i+1);
        tid = 'f' + tid0;
        tr = document.getElementById(tid);
        if (!tr) {
            tid = 'p' + tid0;
            tr = document.getElementById(tid);
        }
        id_list[i] = tid;
        if (tr.className) {
            toHide = 0;
        }
    }
    for (var i = 0; i < count; i++) {
        tid = id_list[i];
        if (toHide) {
            document.getElementById('div_'+tid).style.display = 'none'
            document.getElementById(tid).className = 'hiddenRow';
        }
        else {
            document.getElementById(tid).className = '';
        }
    }
}


function showTestDetail(div_id){
    var details_div = document.getElementById(div_id)
    var displayState = details_div.style.display
    // alert(displayState)
    if (displayState != 'block' ) {
        displayState = 'block'
        details_div.style.display = 'block'
    }
    else {
        details_div.style.display = 'none'
    }
}


function html_escape(s) {
    s = s.replace(/&/g,'&amp;');
    s = s.replace(/</g,'&lt;');
    s = s.replace(/>/g,'&gt;');
    return s;
}

/* obsoleted by detail in <div>
function showOutput(id, name) {
    var w = window.open("", //url
                    name,
                    "resizable,scrollbars,status,width=800,height=450");
    d = w.document;
    d.write("<pre>");
    d.write(html_escape(output_list[id]));
    d.write("\n");
    d.write("<a href='javascript:window.close()'>close</a>\n");
    d.write("</pre>\n");
    d.close();
}
*/
--></script>

<div class='heading'>
<h1>Unit Test Report</h1>

<p class='attribute'><strong>Status:</strong> Pass 1 Failure 7 Skip 1</p>

<p class='description'></p>
</div>



<p id='show_detail_line'>Show
<a href='javascript:showCase(0)'>Summary</a>
<a href='javascript:showCase(1)'>Failed</a>
<a href='javascript:showCase(2)'>All</a>
</p>
<table id='result_table'>
<colgroup>
<col align='left' />
<col align='right' />
<col align='right' />
<col align='right' />
<col align='right' />
<col align='right' />
<col align='right' />
<col align='right' />
</colgroup>
<tr id='header_row'>
    <td>Test Group/Test case</td>
    <td>Count</td>
    <td>Pass</td>
    <td>Fail</td>
    <td>Error</td>
    <td>Skip</td>
    <td>View</td>
    <td> </td>
</tr>

<tr class='failClass'>
    <td class="testname">tempest.scenario.test_network_basic_ops.TestNetworkBasicOps</td>
    <td class="small">9</td>
    <td class="small">1</td>
    <td class="small">7</td>
    <td class="small">0</td>
    <td class="small">1</td>
    <td class="small"><a href="javascript:showClassDetail('c1',9)"
>Detail</a></td>
    <td> </td>
</tr>

<tr id='ft1.1' class='none'>
    <td class='failCase'><div class='testcase'>test_connectivity_between_vms_on_different_networks[compute,id-1546850e-fbaa-42f5-8b5f-03d8a6a95f15,network]</div></td>
    <td colspan='7' align='left'>

    <!--css div popup start-->
    <a class="popup_link" onfocus='this.blur();'
    href="javascript:showTestDetail('div_ft1.1')" >
        fail</a>

    <div id='div_ft1.1' class="popup_window">
        <div style='text-align: right; color:red;cursor:pointer'>
        <a onfocus='this.blur();'
onclick="document.getElementById('div_ft1.1').style.display = 'none' " >
           [x]</a>
        </div>
        <pre>
        
ft1.1: tempest.scenario.test_network_basic_ops.TestNetworkBasicOps.test_connectivity_between_vms_on_different_networks[compute,id-1546850e-fbaa-42f5-8b5f-03d8a6a95f15,network]_StringException: Empty attachments:
  stderr
  stdout

pythonlogging:'': {{{
2016-01-06 08:26:33,767 6421 INFO     [tempest_lib.common.rest_client] Request (TestNetworkBasicOps:test_connectivity_between_vms_on_different_networks): 201 POST http://10.0.2.15:9696/v2.0/security-groups 0.379s
2016-01-06 08:26:33,768 6421 DEBUG    [tempest_lib.common.rest_client] Request - Headers: {'Content-Type': 'application/json', 'Accept': 'application/json', 'X-Auth-Token': '&lt;omitted&gt;'}
        Body: {"security_group": {"tenant_id": "ed46373c4fd24374a9900d899ee1f6da", "description": "tempest-secgroup-smoke-805860446 description", "name": "tempest-secgroup-smoke-805860446"}}
    Response - Headers: {'status': '201', 'content-length': '886', 'connection': 'close', 'date': 'Wed, 06 Jan 2016 08:26:33 GMT', 'content-type': 'application/json; charset=UTF-8', 'x-openstack-request-id': 'req-8295fcbb-dc39-49cf-9519-27eb455b8570'}
        Body: {"security_group": {"tenant_id": "ed46373c4fd24374a9900d899ee1f6da", "description": "tempest-secgroup-smoke-805860446 description", "id": "b99dd837-749c-4df7-94a8-5be31cce3f54", "security_group_rules": [{"remote_group_id": null, "direction": "egress", "remote_ip_prefix": null, "protocol": null, "ethertype": "IPv4", "tenant_id": "ed46373c4fd24374a9900d899ee1f6da", "port_range_max": null, "port_range_min": null, "id": "2cceab6b-c7ff-423f-b8b6-f5dd0461ddab", "security_group_id": "b99dd837-749c-4df7-94a8-5be31cce3f54"}, {"remote_group_id": null, "direction": "egress", "remote_ip_prefix": null, "protocol": null, "ethertype": "IPv6", "tenant_id": "ed46373c4fd24374a9900d899ee1f6da", "port_range_max": null, "port_range_min": null, "id": "5841543f-4501-44c0-aa8d-867303a7c3de", "security_group_id": "b99dd837-749c-4df7-94a8-5be31cce3f54"}], "name": "tempest-secgroup-smoke-805860446"}}
2016-01-06 08:26:33,897 6421 INFO     [tempest_lib.common.rest_client] Request (TestNetworkBasicOps:test_connectivity_between_vms_on_different_networks): 201 POST http://10.0.2.15:9696/v2.0/security-group-rules 0.128s
2016-01-06 08:26:33,898 6421 DEBUG    [tempest_lib.common.rest_client] Request - Headers: {'Content-Type': 'application/json', 'Accept': 'application/json', 'X-Auth-Token': '&lt;omitted&gt;'}
        Body: {"security_group_rule": {"direction": "ingress", "protocol": "tcp", "tenant_id": "ed46373c4fd24374a9900d899ee1f6da", "port_range_max": 22, "security_group_id": "b99dd837-749c-4df7-94a8-5be31cce3f54", "port_range_min": 22}}
    Response - Headers: {'status': '201', 'content-length': '340', 'connection': 'close', 'date': 'Wed, 06 Jan 2016 08:26:33 GMT', 'content-type': 'application/json; charset=UTF-8', 'x-openstack-request-id': 'req-3544ea59-b1b3-4475-82c5-c41273de13d4'}
        Body: {"security_group_rule": {"remote_group_id": null, "direction": "ingress", "remote_ip_prefix": null, "protocol": "tcp", "ethertype": "IPv4", "tenant_id": "ed46373c4fd24374a9900d899ee1f6da", "port_range_max": 22, "port_range_min": 22, "id": "2cc23b85-bb1f-4e18-bb3d-e42afcb214d8", "security_group_id": "b99dd837-749c-4df7-94a8-5be31cce3f54"}}
2016-01-06 08:26:34,019 6421 INFO     [tempest_lib.common.rest_client] Request (TestNetworkBasicOps:test_connectivity_between_vms_on_different_networks): 201 POST http://10.0.2.15:9696/v2.0/security-group-rules 0.120s
2016-01-06 08:26:34,020 6421 DEBUG    [tempest_lib.common.rest_client] Request - Headers: {'Content-Type': 'application/json', 'Accept': 'application/json', 'X-Auth-Token': '&lt;omitted&gt;'}
        Body: {"security_group_rule": {"direction": "egress", "protocol": "tcp", "tenant_id": "ed46373c4fd24374a9900d899ee1f6da", "port_range_max": 22, "security_group_id": "b99dd837-749c-4df7-94a8-5be31cce3f54", "port_range_min": 22}}
    Response - Headers: {'status': '201', 'content-length': '339', 'connection': 'close', 'date': 'Wed, 06 Jan 2016 08:26:34 GMT', 'content-type': 'application/json; charset=UTF-8', 'x-openstack-request-id': 'req-00f69bc5-e424-44ad-aa5c-27fed9c426e9'}
        Body: {"security_group_rule": {"remote_group_id": null, "direction": "egress", "remote_ip_prefix": null, "protocol": "tcp", "ethertype": "IPv4", "tenant_id": "ed46373c4fd24374a9900d899ee1f6da", "port_range_max": 22, "port_range_min": 22, "id": "f1e1e1c2-740b-4d1d-9f56-0d27acc34b3a", "security_group_id": "b99dd837-749c-4df7-94a8-5be31cce3f54"}}
2016-01-06 08:26:34,147 6421 INFO     [tempest_lib.common.rest_client] Request (TestNetworkBasicOps:test_connectivity_between_vms_on_different_networks): 201 POST http://10.0.2.15:9696/v2.0/security-group-rules 0.125s
2016-01-06 08:26:34,148 6421 DEBUG    [tempest_lib.common.rest_client] Request - Headers: {'Content-Type': 'application/json', 'Accept': 'application/json', 'X-Auth-Token': '&lt;omitted&gt;'}
        Body: {"security_group_rule": {"tenant_id": "ed46373c4fd24374a9900d899ee1f6da", "direction": "ingress", "protocol": "icmp", "security_group_id": "b99dd837-749c-4df7-94a8-5be31cce3f54"}}
    Response - Headers: {'status': '201', 'content-length': '345', 'connection': 'close', 'date': 'Wed, 06 Jan 2016 08:26:34 GMT', 'content-type': 'application/json; charset=UTF-8', 'x-openstack-request-id': 'req-85367076-d320-405d-beac-53e6908ab8d3'}
        Body: {"security_group_rule": {"remote_group_id": null, "direction": "ingress", "remote_ip_prefix": null, "protocol": "icmp", "ethertype": "IPv4", "tenant_id": "ed46373c4fd24374a9900d899ee1f6da", "port_range_max": null, "port_range_min": null, "id": "0824f14a-2049-4120-854c-ee248ad5b024", "security_group_id": "b99dd837-749c-4df7-94a8-5be31cce3f54"}}
2016-01-06 08:26:34,437 6421 INFO     [tempest_lib.common.rest_client] Request (TestNetworkBasicOps:test_connectivity_between_vms_on_different_networks): 201 POST http://10.0.2.15:9696/v2.0/security-group-rules 0.288s
2016-01-06 08:26:34,438 6421 DEBUG    [tempest_lib.common.rest_client] Request - Headers: {'Content-Type': 'application/json', 'Accept': 'application/json', 'X-Auth-Token': '&lt;omitted&gt;'}
        Body: {"security_group_rule": {"tenant_id": "ed46373c4fd24374a9900d899ee1f6da", "direction": "egress", "protocol": "icmp", "security_group_id": "b99dd837-749c-4df7-94a8-5be31cce3f54"}}
    Response - Headers: {'status': '201', 'content-length': '344', 'connection': 'close', 'date': 'Wed, 06 Jan 2016 08:26:34 GMT', 'content-type': 'application/json; charset=UTF-8', 'x-openstack-request-id': 'req-6224ab9c-fd9d-4054-ad19-13be4a231c05'}
        Body: {"security_group_rule": {"remote_group_id": null, "direction": "egress", "remote_ip_prefix": null, "protocol": "icmp", "ethertype": "IPv4", "tenant_id": "ed46373c4fd24374a9900d899ee1f6da", "port_range_max": null, "port_range_min": null, "id": "6778e7de-60b2-4e4e-a129-a33dd13d2956", "security_group_id": "b99dd837-749c-4df7-94a8-5be31cce3f54"}}
2016-01-06 08:26:34,553 6421 INFO     [tempest_lib.common.rest_client] Request (TestNetworkBasicOps:test_connectivity_between_vms_on_different_networks): 201 POST http://10.0.2.15:9696/v2.0/security-group-rules 0.114s
2016-01-06 08:26:34,554 6421 DEBUG    [tempest_lib.common.rest_client] Request - Headers: {'Content-Type': 'application/json', 'Accept': 'application/json', 'X-Auth-Token': '&lt;omitted&gt;'}
        Body: {"security_group_rule": {"tenant_id": "ed46373c4fd24374a9900d899ee1f6da", "direction": "ingress", "security_group_id": "b99dd837-749c-4df7-94a8-5be31cce3f54", "protocol": "icmp", "ethertype": "IPv6"}}
    Response - Headers: {'status': '201', 'content-length': '345', 'connection': 'close', 'date': 'Wed, 06 Jan 2016 08:26:34 GMT', 'content-type': 'application/json; charset=UTF-8', 'x-openstack-request-id': 'req-c35876d8-fe00-4e9a-99ab-95717620fdff'}
        Body: {"security_group_rule": {"remote_group_id": null, "direction": "ingress", "remote_ip_prefix": null, "protocol": "icmp", "ethertype": "IPv6", "tenant_id": "ed46373c4fd24374a9900d899ee1f6da", "port_range_max": null, "port_range_min": null, "id": "842a0c5a-08a0-4ce2-87c0-44200849b84e", "security_group_id": "b99dd837-749c-4df7-94a8-5be31cce3f54"}}
2016-01-06 08:26:34,677 6421 INFO     [tempest_lib.common.rest_client] Request (TestNetworkBasicOps:test_connectivity_between_vms_on_different_networks): 201 POST http://10.0.2.15:9696/v2.0/security-group-rules 0.122s
2016-01-06 08:26:34,678 6421 DEBUG    [tempest_lib.common.rest_client] Request - Headers: {'Content-Type': 'application/json', 'Accept': 'application/json', 'X-Auth-Token': '&lt;omitted&gt;'}
        Body: {"security_group_rule": {"tenant_id": "ed46373c4fd24374a9900d899ee1f6da", "direction": "egress", "security_group_id": "b99dd837-749c-4df7-94a8-5be31cce3f54", "protocol": "icmp", "ethertype": "IPv6"}}
    Response - Headers: {'status': '201', 'content-length': '344', 'connection': 'close', 'date': 'Wed, 06 Jan 2016 08:26:34 GMT', 'content-type': 'application/json; charset=UTF-8', 'x-openstack-request-id': 'req-ef994c38-17e4-4276-bdf2-c70df5e7814c'}
        Body: {"security_group_rule": {"remote_group_id": null, "direction": "egress", "remote_ip_prefix": null, "protocol": "icmp", "ethertype": "IPv6", "tenant_id": "ed46373c4fd24374a9900d899ee1f6da", "port_range_max": null, "port_range_min": null, "id": "4b8df80e-7c41-438a-9387-74de83673b7e", "security_group_id": "b99dd837-749c-4df7-94a8-5be31cce3f54"}}
2016-01-06 08:26:34,847 6421 INFO     [tempest_lib.common.rest_client] Request (TestNetworkBasicOps:test_connectivity_between_vms_on_different_networks): 201 POST http://10.0.2.15:9696/v2.0/networks 0.168s
2016-01-06 08:26:34,848 6421 DEBUG    [tempest_lib.common.rest_client] Request - Headers: {'Content-Type': 'application/json', 'Accept': 'application/json', 'X-Auth-Token': '&lt;omitted&gt;'}
        Body: {"network": {"tenant_id": "ed46373c4fd24374a9900d899ee1f6da", "name": "tempest-network-smoke--372273053"}}
    Response - Headers: {'status': '201', 'content-length': '326', 'connection': 'close', 'date': 'Wed, 06 Jan 2016 08:26:34 GMT', 'content-type': 'application/json; charset=UTF-8', 'x-openstack-request-id': 'req-f541ef0e-06b3-4279-8d4f-c20df29b1fe2'}
        Body: {"network": {"status": "ACTIVE", "subnets": [], "availability_zone_hints": [], "name": "tempest-network-smoke--372273053", "admin_state_up": true, "tenant_id": "ed46373c4fd24374a9900d899ee1f6da", "mtu": 0, "router:external": false, "shared": false, "port_security_enabled": true, "id": "8fabac64-9cb0-4ee9-9d0f-8b64f85cd560"}}
2016-01-06 08:26:34,935 6421 INFO     [tempest_lib.common.rest_client] Request (TestNetworkBasicOps:test_connectivity_between_vms_on_different_networks): 201 POST http://10.0.2.15:9696/v2.0/routers 0.086s
2016-01-06 08:26:34,936 6421 DEBUG    [tempest_lib.common.rest_client] Request - Headers: {'Content-Type': 'application/json', 'Accept': 'application/json', 'X-Auth-Token': '&lt;omitted&gt;'}
        Body: {"router": {"tenant_id": "ed46373c4fd24374a9900d899ee1f6da", "name": "tempest-router-smoke-1656217743", "admin_state_up": true}}
    Response - Headers: {'status': '201', 'content-length': '296', 'connection': 'close', 'date': 'Wed, 06 Jan 2016 08:26:34 GMT', 'content-type': 'application/json; charset=UTF-8', 'x-openstack-request-id': 'req-5a67340f-3c0a-433c-b67b-951e76bebf33'}
        Body: {"router": {"status": "ACTIVE", "external_gateway_info": null, "availability_zone_hints": [], "availability_zones": [], "name": "tempest-router-smoke-1656217743", "admin_state_up": true, "tenant_id": "ed46373c4fd24374a9900d899ee1f6da", "routes": [], "id": "4ab05233-0aab-49d6-8018-dd0df614906e"}}
2016-01-06 08:26:34,994 6421 INFO     [tempest_lib.common.rest_client] Request (TestNetworkBasicOps:test_connectivity_between_vms_on_different_networks): 200 GET http://10.0.2.15:9696/v2.0/routers/4ab05233-0aab-49d6-8018-dd0df614906e 0.056s
2016-01-06 08:26:34,994 6421 DEBUG    [tempest_lib.common.rest_client] Request - Headers: {'Content-Type': 'application/json', 'Accept': 'application/json', 'X-Auth-Token': '&lt;omitted&gt;'}
        Body: None
    Response - Headers: {'status': '200', 'content-length': '296', 'content-location': 'http://10.0.2.15:9696/v2.0/routers/4ab05233-0aab-49d6-8018-dd0df614906e', 'connection': 'close', 'date': 'Wed, 06 Jan 2016 08:26:34 GMT', 'content-type': 'application/json; charset=UTF-8', 'x-openstack-request-id': 'req-4c7151f4-e3ec-4413-ba6a-1a8df1a69f96'}
        Body: {"router": {"status": "ACTIVE", "external_gateway_info": null, "availability_zone_hints": [], "availability_zones": [], "name": "tempest-router-smoke-1656217743", "admin_state_up": true, "tenant_id": "ed46373c4fd24374a9900d899ee1f6da", "routes": [], "id": "4ab05233-0aab-49d6-8018-dd0df614906e"}}
2016-01-06 08:26:35,820 6421 INFO     [tempest_lib.common.rest_client] Request (TestNetworkBasicOps:test_connectivity_between_vms_on_different_networks): 200 PUT http://10.0.2.15:9696/v2.0/routers/4ab05233-0aab-49d6-8018-dd0df614906e 0.825s
2016-01-06 08:26:35,821 6421 DEBUG    [tempest_lib.common.rest_client] Request - Headers: {'Content-Type': 'application/json', 'Accept': 'application/json', 'X-Auth-Token': '&lt;omitted&gt;'}
        Body: {"router": {"external_gateway_info": {"network_id": "e1447bf7-7b27-4240-ac7c-8b7a0efff9f9"}, "name": "tempest-router-smoke-1656217743", "admin_state_up": true}}
    Response - Headers: {'status': '200', 'content-length': '558', 'connection': 'close', 'date': 'Wed, 06 Jan 2016 08:26:35 GMT', 'content-type': 'application/json; charset=UTF-8', 'x-openstack-request-id': 'req-5916877b-a2f7-4bc2-8cc2-b2cafe3270d9'}
        Body: {"router": {"status": "ACTIVE", "external_gateway_info": {"network_id": "e1447bf7-7b27-4240-ac7c-8b7a0efff9f9", "enable_snat": true, "external_fixed_ips": [{"subnet_id": "9f509801-be1e-4407-a1d4-77bb435349a8", "ip_address": "172.24.4.3"}, {"subnet_id": "a196718e-3d36-427c-9e5b-7818845b1cfa", "ip_address": "2001:db8::3"}]}, "availability_zone_hints": [], "availability_zones": [], "name": "tempest-router-smoke-1656217743", "admin_state_up": true, "tenant_id": "ed46373c4fd24374a9900d899ee1f6da", "routes": [], "id": "4ab05233-0aab-49d6-8018-dd0df614906e"}}
2016-01-06 08:26:35,978 6421 INFO     [tempest_lib.common.rest_client] Request (TestNetworkBasicOps:test_connectivity_between_vms_on_different_networks): 200 GET http://10.0.2.15:9696/v2.0/subnets?tenant_id=ed46373c4fd24374a9900d899ee1f6da&amp;cidr=10.100.0.0%2F28 0.156s
2016-01-06 08:26:35,978 6421 DEBUG    [tempest_lib.common.rest_client] Request - Headers: {'Content-Type': 'application/json', 'Accept': 'application/json', 'X-Auth-Token': '&lt;omitted&gt;'}
        Body: None
    Response - Headers: {'status': '200', 'content-length': '15', 'content-location': 'http://10.0.2.15:9696/v2.0/subnets?tenant_id=ed46373c4fd24374a9900d899ee1f6da&amp;cidr=10.100.0.0%2F28', 'connection': 'close', 'date': 'Wed, 06 Jan 2016 08:26:35 GMT', 'content-type': 'application/json; charset=UTF-8', 'x-openstack-request-id': 'req-5682ba1e-29eb-425c-b5d8-881bef24f977'}
        Body: {"subnets": []}
2016-01-06 08:26:36,290 6421 INFO     [tempest_lib.common.rest_client] Request (TestNetworkBasicOps:test_connectivity_between_vms_on_different_networks): 201 POST http://10.0.2.15:9696/v2.0/subnets 0.311s
2016-01-06 08:26:36,291 6421 DEBUG    [tempest_lib.common.rest_client] Request - Headers: {'Content-Type': 'application/json', 'Accept': 'application/json', 'X-Auth-Token': '&lt;omitted&gt;'}
        Body: {"subnet": {"ip_version": 4, "tenant_id": "ed46373c4fd24374a9900d899ee1f6da", "cidr": "10.100.0.0/28", "network_id": "8fabac64-9cb0-4ee9-9d0f-8b64f85cd560", "name": "tempest-subnet-smoke-1814996184"}}
    Response - Headers: {'status': '201', 'content-length': '478', 'connection': 'close', 'date': 'Wed, 06 Jan 2016 08:26:36 GMT', 'content-type': 'application/json; charset=UTF-8', 'x-openstack-request-id': 'req-23c07edd-c336-40e6-bd91-3388dd96495b'}
        Body: {"subnet": {"name": "tempest-subnet-smoke-1814996184", "enable_dhcp": true, "network_id": "8fabac64-9cb0-4ee9-9d0f-8b64f85cd560", "tenant_id": "ed46373c4fd24374a9900d899ee1f6da", "dns_nameservers": [], "gateway_ip": "10.100.0.1", "ipv6_ra_mode": null, "allocation_pools": [{"start": "10.100.0.2", "end": "10.100.0.14"}], "host_routes": [], "ip_version": 4, "ipv6_address_mode": null, "cidr": "10.100.0.0/28", "id": "b9e3874c-a4b4-4487-ac5c-ef6d338cfda1", "subnetpool_id": null}}
2016-01-06 08:26:36,948 6421 INFO     [tempest_lib.common.rest_client] Request (TestNetworkBasicOps:test_connectivity_between_vms_on_different_networks): 200 PUT http://10.0.2.15:9696/v2.0/routers/4ab05233-0aab-49d6-8018-dd0df614906e/add_router_interface 0.656s
2016-01-06 08:26:36,948 6421 DEBUG    [tempest_lib.common.rest_client] Request - Headers: {'Content-Type': 'application/json', 'Accept': 'application/json', 'X-Auth-Token': '&lt;omitted&gt;'}
        Body: {"subnet_id": "b9e3874c-a4b4-4487-ac5c-ef6d338cfda1"}
    Response - Headers: {'status': '200', 'content-length': '255', 'connection': 'close', 'date': 'Wed, 06 Jan 2016 08:26:36 GMT', 'content-type': 'application/json; charset=UTF-8', 'x-openstack-request-id': 'req-81b3cf4d-649d-436d-84c8-b8774fbf4bb8'}
        Body: {"subnet_id": "b9e3874c-a4b4-4487-ac5c-ef6d338cfda1", "tenant_id": "ed46373c4fd24374a9900d899ee1f6da", "subnet_ids": ["b9e3874c-a4b4-4487-ac5c-ef6d338cfda1"], "port_id": "8d830e5b-f663-4c28-9fa7-1d6dd3c52260", "id": "4ab05233-0aab-49d6-8018-dd0df614906e"}
2016-01-06 08:26:37,167 6421 INFO     [tempest_lib.common.rest_client] Request (TestNetworkBasicOps:test_connectivity_between_vms_on_different_networks): 200 GET http://10.0.2.15:9696/v2.0/networks 0.218s
2016-01-06 08:26:37,167 6421 DEBUG    [tempest_lib.common.rest_client] Request - Headers: {'Content-Type': 'application/json', 'Accept': 'application/json', 'X-Auth-Token': '&lt;omitted&gt;'}
        Body: None
    Response - Headers: {'status': '200', 'content-length': '1506', 'content-location': 'http://10.0.2.15:9696/v2.0/networks', 'connection': 'close', 'date': 'Wed, 06 Jan 2016 08:26:37 GMT', 'content-type': 'application/json; charset=UTF-8', 'x-openstack-request-id': 'req-aec89405-e40e-4701-bff0-017d64ebd6de'}
        Body: {"networks": [{"status": "ACTIVE", "subnets": ["a196718e-3d36-427c-9e5b-7818845b1cfa", "9f509801-be1e-4407-a1d4-77bb435349a8"], "availability_zone_hints": [], "availability_zones": ["nova"], "name": "public", "provider:physical_network": null, "admin_state_up": true, "tenant_id": "8193eacd5aac46b2a2e207304a65f77e", "mtu": 0, "router:external": true, "shared": false, "port_security_enabled": true, "provider:network_type": "vxlan", "id": "e1447bf7-7b27-4240-ac7c-8b7a0efff9f9", "provider:segmentation_id": 1019}, {"status": "ACTIVE", "subnets": ["a7e3ef14-e29f-41fe-ab96-734cdfb5c703", "3e3a747c-bdc1-4e95-946b-4cc0438bfe5d"], "availability_zone_hints": [], "availability_zones": ["nova"], "name": "private", "provider:physical_network": null, "admin_state_up": true, "tenant_id": "4d807d4c3da34da2b2a96649cd43052c", "mtu": 0, "router:external": false, "shared": false, "port_security_enabled": true, "provider:network_type": "vxlan", "id": "f6e0817d-b00e-4c01-98b9-08f867787290", "provider:segmentation_id": 1081}, {"status": "ACTIVE", "subnets": ["b9e3874c-a4b4-4487-ac5c-ef6d338cfda1"], "availability_zone_hints": [], "availability_zones": ["nova"], "name": "tempest-network-smoke--372273053", "provider:physical_network": null, "admin_state_up": true, "tenant_id": "ed46373c4fd24374a9900d899ee1f6da", "mtu": 0, "router:external": false, "shared": false, "port_security_enabled": true, "provider:network_type": "vxlan", "id": "8fabac64-9cb0-4ee9-9d0f-8b64f85cd560", "provider:segmentation_id": 1075}]}
2016-01-06 08:26:37,219 6421 INFO     [tempest_lib.common.rest_client] Request (TestNetworkBasicOps:test_connectivity_between_vms_on_different_networks): 200 GET http://10.0.2.15:9696/v2.0/subnets 0.051s
2016-01-06 08:26:37,220 6421 DEBUG    [tempest_lib.common.rest_client] Request - Headers: {'Content-Type': 'application/json', 'Accept': 'application/json', 'X-Auth-Token': '&lt;omitted&gt;'}
        Body: None
    Response - Headers: {'status': '200', 'content-length': '2408', 'content-location': 'http://10.0.2.15:9696/v2.0/subnets', 'connection': 'close', 'date': 'Wed, 06 Jan 2016 08:26:37 GMT', 'content-type': 'application/json; charset=UTF-8', 'x-openstack-request-id': 'req-9f1d1d29-7a01-4b0a-83e8-b7dca858cb37'}
        Body: {"subnets": [{"name": "ipv6-public-subnet", "enable_dhcp": false, "network_id": "e1447bf7-7b27-4240-ac7c-8b7a0efff9f9", "tenant_id": "8193eacd5aac46b2a2e207304a65f77e", "dns_nameservers": [], "gateway_ip": "2001:db8::2", "ipv6_ra_mode": null, "allocation_pools": [{"start": "2001:db8::3", "end": "2001:db8::ffff:ffff:ffff:ffff"}, {"start": "2001:db8::1", "end": "2001:db8::1"}], "host_routes": [], "ip_version": 6, "ipv6_address_mode": null, "cidr": "2001:db8::/64", "id": "a196718e-3d36-427c-9e5b-7818845b1cfa", "subnetpool_id": null}, {"name": "public-subnet", "enable_dhcp": false, "network_id": "e1447bf7-7b27-4240-ac7c-8b7a0efff9f9", "tenant_id": "8193eacd5aac46b2a2e207304a65f77e", "dns_nameservers": [], "gateway_ip": "172.24.4.1", "ipv6_ra_mode": null, "allocation_pools": [{"start": "172.24.4.2", "end": "172.24.4.254"}], "host_routes": [], "ip_version": 4, "ipv6_address_mode": null, "cidr": "172.24.4.0/24", "id": "9f509801-be1e-4407-a1d4-77bb435349a8", "subnetpool_id": null}, {"name": "tempest-subnet-smoke-1814996184", "enable_dhcp": true, "network_id": "8fabac64-9cb0-4ee9-9d0f-8b64f85cd560", "tenant_id": "ed46373c4fd24374a9900d899ee1f6da", "dns_nameservers": [], "gateway_ip": "10.100.0.1", "ipv6_ra_mode": null, "allocation_pools": [{"start": "10.100.0.2", "end": "10.100.0.14"}], "host_routes": [], "ip_version": 4, "ipv6_address_mode": null, "cidr": "10.100.0.0/28", "id": "b9e3874c-a4b4-4487-ac5c-ef6d338cfda1", "subnetpool_id": null}, {"name": "private-subnet", "enable_dhcp": true, "network_id": "f6e0817d-b00e-4c01-98b9-08f867787290", "tenant_id": "4d807d4c3da34da2b2a96649cd43052c", "dns_nameservers": [], "gateway_ip": "10.0.0.1", "ipv6_ra_mode": null, "allocation_pools": [{"start": "10.0.0.2", "end": "10.0.0.254"}], "host_routes": [], "ip_version": 4, "ipv6_address_mode": null, "cidr": "10.0.0.0/24", "id": "3e3a747c-bdc1-4e95-946b-4cc0438bfe5d", "subnetpool_id": null}, {"name": "ipv6-private-subnet", "enable_dhcp": true, "network_id": "f6e0817d-b00e-4c01-98b9-08f867787290", "tenant_id": "4d807d4c3da34da2b2a96649cd43052c", "dns_nameservers": [], "gateway_ip": "fdf7:e6a5:ca33::1", "ipv6_ra_mode": "slaac", "allocation_pools": [{"start": "fdf7:e6a5:ca33::2", "end": "fdf7:e6a5:ca33:0:ffff:ffff:ffff:ffff"}], "host_routes": [], "ip_version": 6, "ipv6_address_mode": "slaac", "cidr": "fdf7:e6a5:ca33::/64", "id": "a7e3ef14-e29f-41fe-ab96-734cdfb5c703", "subnetpool_id": null}]}
2016-01-06 08:26:37,276 6421 INFO     [tempest_lib.common.rest_client] Request (TestNetworkBasicOps:test_connectivity_between_vms_on_different_networks): 200 GET http://10.0.2.15:9696/v2.0/routers 0.054s
2016-01-06 08:26:37,276 6421 DEBUG    [tempest_lib.common.rest_client] Request - Headers: {'Content-Type': 'application/json', 'Accept': 'application/json', 'X-Auth-Token': '&lt;omitted&gt;'}
        Body: None
    Response - Headers: {'status': '200', 'content-length': '1167', 'content-location': 'http://10.0.2.15:9696/v2.0/routers', 'connection': 'close', 'date': 'Wed, 06 Jan 2016 08:26:37 GMT', 'content-type': 'application/json; charset=UTF-8', 'x-openstack-request-id': 'req-147d5f62-b37c-4790-9a58-2e1d9206d01e'}
        Body: {"routers": [{"status": "ACTIVE", "external_gateway_info": {"network_id": "e1447bf7-7b27-4240-ac7c-8b7a0efff9f9", "enable_snat": true, "external_fixed_ips": [{"subnet_id": "9f509801-be1e-4407-a1d4-77bb435349a8", "ip_address": "172.24.4.3"}, {"subnet_id": "a196718e-3d36-427c-9e5b-7818845b1cfa", "ip_address": "2001:db8::3"}]}, "availability_zone_hints": [], "availability_zones": ["nova"], "name": "tempest-router-smoke-1656217743", "admin_state_up": true, "tenant_id": "ed46373c4fd24374a9900d899ee1f6da", "distributed": false, "routes": [], "ha": false, "id": "4ab05233-0aab-49d6-8018-dd0df614906e"}, {"status": "ACTIVE", "external_gateway_info": {"network_id": "e1447bf7-7b27-4240-ac7c-8b7a0efff9f9", "enable_snat": true, "external_fixed_ips": [{"subnet_id": "9f509801-be1e-4407-a1d4-77bb435349a8", "ip_address": "172.24.4.2"}, {"subnet_id": "a196718e-3d36-427c-9e5b-7818845b1cfa", "ip_address": "2001:db8::1"}]}, "availability_zone_hints": [], "availability_zones": ["nova"], "name": "router1", "admin_state_up": true, "tenant_id": "4d807d4c3da34da2b2a96649cd43052c", "distributed": false, "routes": [], "ha": false, "id": "bd096662-c672-455e-b2f2-f86babd542c6"}]}
2016-01-06 08:26:37,878 6421 INFO     [tempest_lib.common.rest_client] Request (TestNetworkBasicOps:test_connectivity_between_vms_on_different_networks): 200 POST http://10.0.2.15:8774/v2.1/ed46373c4fd24374a9900d899ee1f6da/os-keypairs 0.601s
2016-01-06 08:26:37,879 6421 DEBUG    [tempest_lib.common.rest_client] Request - Headers: {'Content-Type': 'application/json', 'Accept': 'application/json', 'X-Auth-Token': '&lt;omitted&gt;'}
        Body: {"keypair": {"name": "tempest-TestNetworkBasicOps-1853410485"}}
    Response - Headers: {'status': '200', 'content-length': '2321', 'x-compute-request-id': 'req-43cf84ca-38a7-4bb8-b2bf-b7976d206dce', 'vary': 'X-OpenStack-Nova-API-Version', 'connection': 'close', 'x-openstack-nova-api-version': '2.1', 'date': 'Wed, 06 Jan 2016 08:26:37 GMT', 'content-type': 'application/json'}
        Body: {"keypair": {"public_key": "ssh-rsa AAAAB3NzaC1yc2EAAAADAQABAAABAQCbYiq2GLECG/DE4DZdnZcAbxYj/r+crGrJXybM/Dbhp0dIl5rD44Af5gN+0PQb3GxllMBn5dmRFZR5zwouOFAcl5wEF/y0TG3BR1xJJLtRz8zc4gOHBfk4Pf3Sj0UHXguko6xSozDkie8FRV1foMeIXHA8w6FPjNXxNMLs3ucQAmjt2h4C+s0JCb46XZdIAplNY0ItplijQMftW6pSIu3VHMgQ+yISyn08dIawV5qhMQ/6rEkdSU1vF8WG/GFxVZ6QUs3AZBDP6CC48O1zpDsQ37tZLnzk5YkDpzZmhJiHIPs3k8qfeIH+ue69I7vlduzAV5qZFyFyAjAndJZY3GrP Generated-by-Nova", "private_key": "-----BEGIN RSA PRIVATE KEY-----\nMIIEqQIBAAKCAQEAm2IqthixAhvwxOA2XZ2XAG8WI/6/nKxqyV8mzPw24adHSJea\nw+OAH+YDftD0G9xsZZTAZ+XZkRWUec8KLjhQHJecBBf8tExtwUdcSSS7Uc/M3OID\nhwX5OD390o9FB14LpKOsUqMw5InvBUVdX6DHiFxwPMOhT4zV8TTC7N7nEAJo7doe\nAvrNCQm+Ol2XSAKZTWNCLaZYo0DH7VuqUiLt1RzIEPsiEsp9PHSGsFeaoTEP+qxJ\nHUlNbxfFhvxhcVWekFLNwGQQz+gguPDtc6Q7EN+7WS585OWJA6c2ZoSYhyD7N5PK\nn3iB/rnuvSO75XbswFeamRchcgIwJ3SWWNxqzwIDAQABAoIBAFNjTG6rM5thKUZO\n2X5GC3qVIzmwBl7rfOeS4/zQQhe5sRy5F7qWxfTYePm+47JsCdQ+Dz/y717YSPVR\n8jG50Ox3RKhBw0FzXteCF3m9d7XBIj1MIf59azEOu8AbWT1J8E+r8tfqclvD1n1q\nq2CdpVd93FIP3usVNt+apB2AxlolSt46KNupLgtnb2R7Az0VigQ89WaWRLpg/VZd\nxJ1yYfK8Cbsa0LnO9KgICCsfZOrZrcL5Slk6Mov9wmcueWRpQVL/esSx3zS8Ph8b\nLrxaqqyNsqzU0Sakl2fogDgOWmLnD/CtXogre8R2m0OZo27BCATWICHVycn0KL97\nEV4hcOkCggCBAMbWLlNSVkvd/mj8C2tIMvcq27W6JuyxbrXVY78Qy6/jNjcaQsAZ\nAGV0m4Eb+e1Mcp36+hFt5n3zOgEHerT0ZGEOnCkI76Suajk0XcVScXVfqMwCyt/P\nTXrJUvqnPnBxXUb+8NxASWgVcsCuqLAwJwcHwhx62tRhBTXRU4/nttgLAoIAgQDI\nDfQp2nVmGCUshuEvsFnRtdJpto8cv1SDxwVexFubOI4pq5tsAjD/AQRhM/g9kH93\nICTzH38GQxyhi8s+McNSGogcu/aCKpgflVXklEeAeFBopemx8viQVrPCKMhCs5I7\nTTuk/5PtMsw3EspVJ63nWji2Av/H++qqsfzjLNR+zQKCAIEAjjeFfO0oci0/GaIl\nHL/QTD9oVKvnyWYDdKVDKdb+iThvf6wV0EZRpT9pNkhnU5ZZaKupjyvXL4D3nOLX\nnnQrE8yaXzNYDKb/rRjKdSdJpZUdK4ZXywsANPGom0ViAJTlDbGtXyvQFVU59Z03\nZIWcdIfVC//HYx5d1qd5KDWo7w8CggCAUJZOZQ27fQT89JLg43UGuZOkzzDbNZld\nUjg50ZMH099UZTTbxwaa9h5SxVVKCoLK1hH80HM/mCYwwmKt3L/vDoPhkLGm+4hs\n/0wI7atNolLVEVLEcQqPVpWWlAAZq8Tqgzj5bd4GmOZ9nTHUj7kMNMYDUk6i+sxg\nG6LXXCwS7YECggCBALVl82QaDnE8+BHbrGQChvqPs2mg2V9nn52qEWD2pF0Esph2\ny8ejmh7tevOts04pdqUY30+2E5Nr0D4Vo6HH40/iExRYRAr+aPOAbpuP61JT5MKK\nLY2x4vbzpTZ4/gGzCuAS62KuOn8rI0fDqv1oTqowHPtmJO/p76gIPasZAnfN\n-----END RSA PRIVATE KEY-----\n", "user_id": "330414ba83ac4204a188ad373f15b68c", "name": "tempest-TestNetworkBasicOps-1853410485", "fingerprint": "1b:eb:49:97:a5:87:61:6d:a8:a6:89:6e:31:3a:68:2f"}}
2016-01-06 08:26:37,978 6421 INFO     [tempest_lib.common.rest_client] Request (TestNetworkBasicOps:test_connectivity_between_vms_on_different_networks): 200 POST http://10.0.2.15:5000/v2.0/tokens
2016-01-06 08:26:37,979 6421 DEBUG    [tempest_lib.common.rest_client] Request - Headers: {'Content-Type': 'application/json', 'Accept': 'application/json'}
        Body: &lt;omitted&gt;
    Response - Headers: {'status': '200', 'content-length': '2275', 'vary': 'X-Auth-Token', 'server': 'Apache/2.4.7 (Ubuntu)', 'connection': 'close', 'date': 'Wed, 06 Jan 2016 08:26:37 GMT', 'content-type': 'application/json', 'x-openstack-request-id': 'req-77c4a247-3cb8-4c9b-b40a-52f74dee4b2d'}
        Body: {"access": {"token": {"issued_at": "2016-01-06T08:26:37.970498", "expires": "2016-01-06T09:26:37Z", "id": "555b4b7ba5654236a9865c63f007f5ea", "tenant": {"description": "tempest-TestNetworkBasicOps-1468694495-desc", "enabled": true, "id": "ed46373c4fd24374a9900d899ee1f6da", "name": "tempest-TestNetworkBasicOps-1468694495"}, "audit_ids": ["q9GepM-AQAuhUX6Mgc3FmQ"]}, "serviceCatalog": [{"endpoints": [{"adminURL": "http://10.0.2.15:9292", "region": "RegionOne", "internalURL": "http://10.0.2.15:9292", "id": "01f9b0d6acf945759dc76485d8622a0d", "publicURL": "http://10.0.2.15:9292"}], "endpoints_links": [], "type": "image", "name": "glance"}, {"endpoints": [{"adminURL": "http://10.0.2.15:8774/v2.1/ed46373c4fd24374a9900d899ee1f6da", "region": "RegionOne", "internalURL": "http://10.0.2.15:8774/v2.1/ed46373c4fd24374a9900d899ee1f6da", "id": "140fa3cdc21c4dca9382fd82e67afa38", "publicURL": "http://10.0.2.15:8774/v2.1/ed46373c4fd24374a9900d899ee1f6da"}], "endpoints_links": [], "type": "compute", "name": "nova"}, {"endpoints": [{"adminURL": "http://10.0.2.15:8774/v2/ed46373c4fd24374a9900d899ee1f6da", "region": "RegionOne", "internalURL": "http://10.0.2.15:8774/v2/ed46373c4fd24374a9900d899ee1f6da", "id": "207ab420c68a47908a69bb568301d528", "publicURL": "http://10.0.2.15:8774/v2/ed46373c4fd24374a9900d899ee1f6da"}], "endpoints_links": [], "type": "compute_legacy", "name": "nova_legacy"}, {"endpoints": [{"adminURL": "http://10.0.2.15:35357/v2.0", "region": "RegionOne", "internalURL": "http://10.0.2.15:5000/v2.0", "id": "2e6b50ad36fe44d3beb0d2dc7ef6a7ee", "publicURL": "http://10.0.2.15:5000/v2.0"}], "endpoints_links": [], "type": "identity", "name": "keystone"}, {"endpoints": [{"adminURL": "http://10.0.2.15:9696/", "region": "RegionOne", "internalURL": "http://10.0.2.15:9696/", "id": "612eea2353084d7ba379ac891fbfe0ef", "publicURL": "http://10.0.2.15:9696/"}], "endpoints_links": [], "type": "network", "name": "neutron"}], "user": {"username": "tempest-TestNetworkBasicOps-1345137440", "roles_links": [], "id": "330414ba83ac4204a188ad373f15b68c", "roles": [{"name": "_member_"}, {"name": "Member"}], "name": "tempest-TestNetworkBasicOps-1345137440"}, "metadata": {"is_admin": 0, "roles": ["9fe2ff9ee4384b1894a90878d3e92bab", "31b66976329849c5bdc19ff982379f65"]}}}
2016-01-06 08:26:37,983 6421 DEBUG    [tempest.common.fixed_network] (TestNetworkBasicOps:test_connectivity_between_vms_on_different_networks) No valid network provided or created, defaulting to fixed_network_name
2016-01-06 08:26:38,307 6421 INFO     [tempest_lib.common.rest_client] Request (TestNetworkBasicOps:test_connectivity_between_vms_on_different_networks): 200 GET http://10.0.2.15:8774/v2.1/ed46373c4fd24374a9900d899ee1f6da/os-networks 0.323s
2016-01-06 08:26:38,307 6421 DEBUG    [tempest_lib.common.rest_client] Request - Headers: {'Content-Type': 'application/json', 'Accept': 'application/json', 'X-Auth-Token': '&lt;omitted&gt;'}
        Body: None
    Response - Headers: {'status': '200', 'content-length': '478', 'content-location': 'http://10.0.2.15:8774/v2.1/ed46373c4fd24374a9900d899ee1f6da/os-networks', 'x-compute-request-id': 'req-e4318055-20a0-48b6-bbdc-c0f68ba3ff35', 'vary': 'X-OpenStack-Nova-API-Version', 'connection': 'close', 'x-openstack-nova-api-version': '2.1', 'date': 'Wed, 06 Jan 2016 08:26:38 GMT', 'content-type': 'application/json'}
        Body: {"networks": [{"cidr_v6": null, "dns2": null, "dns1": null, "gateway": null, "broadcast": null, "netmask": null, "gateway_v6": null, "cidr": null, "label": "public", "id": "e1447bf7-7b27-4240-ac7c-8b7a0efff9f9", "netmask_v6": null}, {"cidr_v6": null, "dns2": null, "dns1": null, "gateway": null, "broadcast": null, "netmask": null, "gateway_v6": null, "cidr": null, "label": "tempest-network-smoke--372273053", "id": "8fabac64-9cb0-4ee9-9d0f-8b64f85cd560", "netmask_v6": null}]}
2016-01-06 08:26:38,308 6421 WARNING  [tempest.common.fixed_network] (TestNetworkBasicOps:test_connectivity_between_vms_on_different_networks) Network with name: private not found
2016-01-06 08:26:38,308 6421 INFO     [tempest.common.fixed_network] (TestNetworkBasicOps:test_connectivity_between_vms_on_different_networks) Found network {} available for tenant
2016-01-06 08:26:39,513 6421 INFO     [tempest_lib.common.rest_client] Request (TestNetworkBasicOps:test_connectivity_between_vms_on_different_networks): 202 POST http://10.0.2.15:8774/v2.1/ed46373c4fd24374a9900d899ee1f6da/servers 1.204s
2016-01-06 08:26:39,513 6421 DEBUG    [tempest_lib.common.rest_client] Request - Headers: {'Content-Type': 'application/json', 'Accept': 'application/json', 'X-Auth-Token': '&lt;omitted&gt;'}
        Body: {"server": {"name": "tempest.common.compute-instance-2018490004", "imageRef": "3a54c3fe-ccdd-4afd-b973-1b4b565da6e2", "key_name": "tempest-TestNetworkBasicOps-1853410485", "flavorRef": "42", "networks": [{"uuid": "8fabac64-9cb0-4ee9-9d0f-8b64f85cd560"}], "security_groups": [{"name": "tempest-secgroup-smoke-805860446"}]}}
    Response - Headers: {'status': '202', 'content-length': '461', 'x-compute-request-id': 'req-25f43a2a-8047-43c6-89b1-d31f658939b8', 'vary': 'X-OpenStack-Nova-API-Version', 'connection': 'close', 'location': 'http://10.0.2.15:8774/v2.1/ed46373c4fd24374a9900d899ee1f6da/servers/32e2a76a-a365-47b1-b764-1798870bf734', 'x-openstack-nova-api-version': '2.1', 'date': 'Wed, 06 Jan 2016 08:26:39 GMT', 'content-type': 'application/json'}
        Body: {"server": {"security_groups": [{"name": "tempest-secgroup-smoke-805860446"}], "OS-DCF:diskConfig": "MANUAL", "id": "32e2a76a-a365-47b1-b764-1798870bf734", "links": [{"href": "http://10.0.2.15:8774/v2.1/ed46373c4fd24374a9900d899ee1f6da/servers/32e2a76a-a365-47b1-b764-1798870bf734", "rel": "self"}, {"href": "http://10.0.2.15:8774/ed46373c4fd24374a9900d899ee1f6da/servers/32e2a76a-a365-47b1-b764-1798870bf734", "rel": "bookmark"}], "adminPass": "rn5JATcKiRgE"}}
2016-01-06 08:26:39,650 6421 INFO     [tempest_lib.common.rest_client] Request (TestNetworkBasicOps:test_connectivity_between_vms_on_different_networks): 200 GET http://10.0.2.15:8774/v2.1/ed46373c4fd24374a9900d899ee1f6da/servers/32e2a76a-a365-47b1-b764-1798870bf734 0.134s
2016-01-06 08:26:39,651 6421 DEBUG    [tempest_lib.common.rest_client] Request - Headers: {'Content-Type': 'application/json', 'Accept': 'application/json', 'X-Auth-Token': '&lt;omitted&gt;'}
        Body: None
    Response - Headers: {'status': '200', 'content-length': '1356', 'content-location': 'http://10.0.2.15:8774/v2.1/ed46373c4fd24374a9900d899ee1f6da/servers/32e2a76a-a365-47b1-b764-1798870bf734', 'x-compute-request-id': 'req-5d57d841-dd7e-4361-80f6-95cd2c5b17d1', 'vary': 'X-OpenStack-Nova-API-Version', 'connection': 'close', 'x-openstack-nova-api-version': '2.1', 'date': 'Wed, 06 Jan 2016 08:26:39 GMT', 'content-type': 'application/json'}
        Body: {"server": {"status": "BUILD", "updated": "2016-01-06T08:26:39Z", "hostId": "", "addresses": {}, "links": [{"href": "http://10.0.2.15:8774/v2.1/ed46373c4fd24374a9900d899ee1f6da/servers/32e2a76a-a365-47b1-b764-1798870bf734", "rel": "self"}, {"href": "http://10.0.2.15:8774/ed46373c4fd24374a9900d899ee1f6da/servers/32e2a76a-a365-47b1-b764-1798870bf734", "rel": "bookmark"}], "key_name": "tempest-TestNetworkBasicOps-1853410485", "image": {"id": "3a54c3fe-ccdd-4afd-b973-1b4b565da6e2", "links": [{"href": "http://10.0.2.15:8774/ed46373c4fd24374a9900d899ee1f6da/images/3a54c3fe-ccdd-4afd-b973-1b4b565da6e2", "rel": "bookmark"}]}, "OS-EXT-STS:task_state": "scheduling", "OS-EXT-STS:vm_state": "building", "OS-SRV-USG:launched_at": null, "flavor": {"id": "42", "links": [{"href": "http://10.0.2.15:8774/ed46373c4fd24374a9900d899ee1f6da/flavors/42", "rel": "bookmark"}]}, "id": "32e2a76a-a365-47b1-b764-1798870bf734", "OS-SRV-USG:terminated_at": null, "OS-EXT-AZ:availability_zone": "", "user_id": "330414ba83ac4204a188ad373f15b68c", "name": "tempest.common.compute-instance-2018490004", "created": "2016-01-06T08:26:39Z", "tenant_id": "ed46373c4fd24374a9900d899ee1f6da", "OS-DCF:diskConfig": "MANUAL", "os-extended-volumes:volumes_attached": [], "accessIPv4": "", "accessIPv6": "", "progress": 0, "OS-EXT-STS:power_state": 0, "config_drive": "", "metadata": {}}}
2016-01-06 08:26:41,040 6421 INFO     [tempest_lib.common.rest_client] Request (TestNetworkBasicOps:test_connectivity_between_vms_on_different_networks): 200 GET http://10.0.2.15:8774/v2.1/ed46373c4fd24374a9900d899ee1f6da/servers/32e2a76a-a365-47b1-b764-1798870bf734 0.376s
2016-01-06 08:26:41,040 6421 DEBUG    [tempest_lib.common.rest_client] Request - Headers: {'Content-Type': 'application/json', 'Accept': 'application/json', 'X-Auth-Token': '&lt;omitted&gt;'}
        Body: None
    Response - Headers: {'status': '200', 'content-length': '1481', 'content-location': 'http://10.0.2.15:8774/v2.1/ed46373c4fd24374a9900d899ee1f6da/servers/32e2a76a-a365-47b1-b764-1798870bf734', 'x-compute-request-id': 'req-835d1413-cf79-4eef-8487-3092f60de12f', 'vary': 'X-OpenStack-Nova-API-Version', 'connection': 'close', 'x-openstack-nova-api-version': '2.1', 'date': 'Wed, 06 Jan 2016 08:26:41 GMT', 'content-type': 'application/json'}
        Body: {"server": {"status": "BUILD", "updated": "2016-01-06T08:26:40Z", "hostId": "133f5c9c378954649ba487e6e84adf3407e7f6aecfc7e0e556daf52c", "addresses": {}, "links": [{"href": "http://10.0.2.15:8774/v2.1/ed46373c4fd24374a9900d899ee1f6da/servers/32e2a76a-a365-47b1-b764-1798870bf734", "rel": "self"}, {"href": "http://10.0.2.15:8774/ed46373c4fd24374a9900d899ee1f6da/servers/32e2a76a-a365-47b1-b764-1798870bf734", "rel": "bookmark"}], "key_name": "tempest-TestNetworkBasicOps-1853410485", "image": {"id": "3a54c3fe-ccdd-4afd-b973-1b4b565da6e2", "links": [{"href": "http://10.0.2.15:8774/ed46373c4fd24374a9900d899ee1f6da/images/3a54c3fe-ccdd-4afd-b973-1b4b565da6e2", "rel": "bookmark"}]}, "OS-EXT-STS:task_state": "spawning", "OS-EXT-STS:vm_state": "building", "OS-SRV-USG:launched_at": null, "flavor": {"id": "42", "links": [{"href": "http://10.0.2.15:8774/ed46373c4fd24374a9900d899ee1f6da/flavors/42", "rel": "bookmark"}]}, "id": "32e2a76a-a365-47b1-b764-1798870bf734", "security_groups": [{"name": "tempest-secgroup-smoke-805860446"}], "OS-SRV-USG:terminated_at": null, "OS-EXT-AZ:availability_zone": "nova", "user_id": "330414ba83ac4204a188ad373f15b68c", "name": "tempest.common.compute-instance-2018490004", "created": "2016-01-06T08:26:39Z", "tenant_id": "ed46373c4fd24374a9900d899ee1f6da", "OS-DCF:diskConfig": "MANUAL", "os-extended-volumes:volumes_attached": [], "accessIPv4": "", "accessIPv6": "", "progress": 0, "OS-EXT-STS:power_state": 0, "config_drive": "", "metadata": {}}}
2016-01-06 08:26:41,049 6421 INFO     [tempest.common.waiters] State transition "BUILD/scheduling" ==&gt; "BUILD/spawning" after 2 second wait
2016-01-06 08:26:42,316 6421 INFO     [tempest_lib.common.rest_client] Request (TestNetworkBasicOps:test_connectivity_between_vms_on_different_networks): 200 GET http://10.0.2.15:8774/v2.1/ed46373c4fd24374a9900d899ee1f6da/servers/32e2a76a-a365-47b1-b764-1798870bf734 0.265s
2016-01-06 08:26:42,316 6421 DEBUG    [tempest_lib.common.rest_client] Request - Headers: {'Content-Type': 'application/json', 'Accept': 'application/json', 'X-Auth-Token': '&lt;omitted&gt;'}
        Body: None
    Response - Headers: {'status': '200', 'content-length': '1481', 'content-location': 'http://10.0.2.15:8774/v2.1/ed46373c4fd24374a9900d899ee1f6da/servers/32e2a76a-a365-47b1-b764-1798870bf734', 'x-compute-request-id': 'req-85651a95-1bc0-40df-9a47-421d68db3851', 'vary': 'X-OpenStack-Nova-API-Version', 'connection': 'close', 'x-openstack-nova-api-version': '2.1', 'date': 'Wed, 06 Jan 2016 08:26:42 GMT', 'content-type': 'application/json'}
        Body: {"server": {"status": "BUILD", "updated": "2016-01-06T08:26:40Z", "hostId": "133f5c9c378954649ba487e6e84adf3407e7f6aecfc7e0e556daf52c", "addresses": {}, "links": [{"href": "http://10.0.2.15:8774/v2.1/ed46373c4fd24374a9900d899ee1f6da/servers/32e2a76a-a365-47b1-b764-1798870bf734", "rel": "self"}, {"href": "http://10.0.2.15:8774/ed46373c4fd24374a9900d899ee1f6da/servers/32e2a76a-a365-47b1-b764-1798870bf734", "rel": "bookmark"}], "key_name": "tempest-TestNetworkBasicOps-1853410485", "image": {"id": "3a54c3fe-ccdd-4afd-b973-1b4b565da6e2", "links": [{"href": "http://10.0.2.15:8774/ed46373c4fd24374a9900d899ee1f6da/images/3a54c3fe-ccdd-4afd-b973-1b4b565da6e2", "rel": "bookmark"}]}, "OS-EXT-STS:task_state": "spawning", "OS-EXT-STS:vm_state": "building", "OS-SRV-USG:launched_at": null, "flavor": {"id": "42", "links": [{"href": "http://10.0.2.15:8774/ed46373c4fd24374a9900d899ee1f6da/flavors/42", "rel": "bookmark"}]}, "id": "32e2a76a-a365-47b1-b764-1798870bf734", "security_groups": [{"name": "tempest-secgroup-smoke-805860446"}], "OS-SRV-USG:terminated_at": null, "OS-EXT-AZ:availability_zone": "nova", "user_id": "330414ba83ac4204a188ad373f15b68c", "name": "tempest.common.compute-instance-2018490004", "created": "2016-01-06T08:26:39Z", "tenant_id": "ed46373c4fd24374a9900d899ee1f6da", "OS-DCF:diskConfig": "MANUAL", "os-extended-volumes:volumes_attached": [], "accessIPv4": "", "accessIPv6": "", "progress": 0, "OS-EXT-STS:power_state": 0, "config_drive": "", "metadata": {}}}
2016-01-06 08:26:43,530 6421 INFO     [tempest_lib.common.rest_client] Request (TestNetworkBasicOps:test_connectivity_between_vms_on_different_networks): 200 GET http://10.0.2.15:8774/v2.1/ed46373c4fd24374a9900d899ee1f6da/servers/32e2a76a-a365-47b1-b764-1798870bf734 0.198s
2016-01-06 08:26:43,531 6421 DEBUG    [tempest_lib.common.rest_client] Request - Headers: {'Content-Type': 'application/json', 'Accept': 'application/json', 'X-Auth-Token': '&lt;omitted&gt;'}
        Body: None
    Response - Headers: {'status': '200', 'content-length': '1652', 'content-location': 'http://10.0.2.15:8774/v2.1/ed46373c4fd24374a9900d899ee1f6da/servers/32e2a76a-a365-47b1-b764-1798870bf734', 'x-compute-request-id': 'req-e48bbd2c-c1a6-4413-a8d4-39cbf3ca24f7', 'vary': 'X-OpenStack-Nova-API-Version', 'connection': 'close', 'x-openstack-nova-api-version': '2.1', 'date': 'Wed, 06 Jan 2016 08:26:43 GMT', 'content-type': 'application/json'}
        Body: {"server": {"status": "ACTIVE", "updated": "2016-01-06T08:26:43Z", "hostId": "133f5c9c378954649ba487e6e84adf3407e7f6aecfc7e0e556daf52c", "addresses": {"tempest-network-smoke--372273053": [{"OS-EXT-IPS-MAC:mac_addr": "fa:16:3e:9f:09:2f", "version": 4, "addr": "10.100.0.3", "OS-EXT-IPS:type": "fixed"}]}, "links": [{"href": "http://10.0.2.15:8774/v2.1/ed46373c4fd24374a9900d899ee1f6da/servers/32e2a76a-a365-47b1-b764-1798870bf734", "rel": "self"}, {"href": "http://10.0.2.15:8774/ed46373c4fd24374a9900d899ee1f6da/servers/32e2a76a-a365-47b1-b764-1798870bf734", "rel": "bookmark"}], "key_name": "tempest-TestNetworkBasicOps-1853410485", "image": {"id": "3a54c3fe-ccdd-4afd-b973-1b4b565da6e2", "links": [{"href": "http://10.0.2.15:8774/ed46373c4fd24374a9900d899ee1f6da/images/3a54c3fe-ccdd-4afd-b973-1b4b565da6e2", "rel": "bookmark"}]}, "OS-EXT-STS:task_state": null, "OS-EXT-STS:vm_state": "active", "OS-SRV-USG:launched_at": "2016-01-06T08:26:43.000000", "flavor": {"id": "42", "links": [{"href": "http://10.0.2.15:8774/ed46373c4fd24374a9900d899ee1f6da/flavors/42", "rel": "bookmark"}]}, "id": "32e2a76a-a365-47b1-b764-1798870bf734", "security_groups": [{"name": "tempest-secgroup-smoke-805860446"}], "OS-SRV-USG:terminated_at": null, "OS-EXT-AZ:availability_zone": "nova", "user_id": "330414ba83ac4204a188ad373f15b68c", "name": "tempest.common.compute-instance-2018490004", "created": "2016-01-06T08:26:39Z", "tenant_id": "ed46373c4fd24374a9900d899ee1f6da", "OS-DCF:diskConfig": "MANUAL", "os-extended-volumes:volumes_attached": [], "accessIPv4": "", "accessIPv6": "", "progress": 0, "OS-EXT-STS:power_state": 1, "config_drive": "True", "metadata": {}}}
2016-01-06 08:26:43,539 6421 INFO     [tempest.common.waiters] State transition "BUILD/spawning" ==&gt; "ACTIVE/None" after 4 second wait
2016-01-06 08:26:43,735 6421 INFO     [tempest_lib.common.rest_client] Request (TestNetworkBasicOps:test_connectivity_between_vms_on_different_networks): 200 GET http://10.0.2.15:8774/v2.1/ed46373c4fd24374a9900d899ee1f6da/servers/32e2a76a-a365-47b1-b764-1798870bf734 0.195s
2016-01-06 08:26:43,736 6421 DEBUG    [tempest_lib.common.rest_client] Request - Headers: {'Content-Type': 'application/json', 'Accept': 'application/json', 'X-Auth-Token': '&lt;omitted&gt;'}
        Body: None
    Response - Headers: {'status': '200', 'content-length': '1652', 'content-location': 'http://10.0.2.15:8774/v2.1/ed46373c4fd24374a9900d899ee1f6da/servers/32e2a76a-a365-47b1-b764-1798870bf734', 'x-compute-request-id': 'req-1cff1f28-ae68-4463-a838-287975060dc4', 'vary': 'X-OpenStack-Nova-API-Version', 'connection': 'close', 'x-openstack-nova-api-version': '2.1', 'date': 'Wed, 06 Jan 2016 08:26:43 GMT', 'content-type': 'application/json'}
        Body: {"server": {"status": "ACTIVE", "updated": "2016-01-06T08:26:43Z", "hostId": "133f5c9c378954649ba487e6e84adf3407e7f6aecfc7e0e556daf52c", "addresses": {"tempest-network-smoke--372273053": [{"OS-EXT-IPS-MAC:mac_addr": "fa:16:3e:9f:09:2f", "version": 4, "addr": "10.100.0.3", "OS-EXT-IPS:type": "fixed"}]}, "links": [{"href": "http://10.0.2.15:8774/v2.1/ed46373c4fd24374a9900d899ee1f6da/servers/32e2a76a-a365-47b1-b764-1798870bf734", "rel": "self"}, {"href": "http://10.0.2.15:8774/ed46373c4fd24374a9900d899ee1f6da/servers/32e2a76a-a365-47b1-b764-1798870bf734", "rel": "bookmark"}], "key_name": "tempest-TestNetworkBasicOps-1853410485", "image": {"id": "3a54c3fe-ccdd-4afd-b973-1b4b565da6e2", "links": [{"href": "http://10.0.2.15:8774/ed46373c4fd24374a9900d899ee1f6da/images/3a54c3fe-ccdd-4afd-b973-1b4b565da6e2", "rel": "bookmark"}]}, "OS-EXT-STS:task_state": null, "OS-EXT-STS:vm_state": "active", "OS-SRV-USG:launched_at": "2016-01-06T08:26:43.000000", "flavor": {"id": "42", "links": [{"href": "http://10.0.2.15:8774/ed46373c4fd24374a9900d899ee1f6da/flavors/42", "rel": "bookmark"}]}, "id": "32e2a76a-a365-47b1-b764-1798870bf734", "security_groups": [{"name": "tempest-secgroup-smoke-805860446"}], "OS-SRV-USG:terminated_at": null, "OS-EXT-AZ:availability_zone": "nova", "user_id": "330414ba83ac4204a188ad373f15b68c", "name": "tempest.common.compute-instance-2018490004", "created": "2016-01-06T08:26:39Z", "tenant_id": "ed46373c4fd24374a9900d899ee1f6da", "OS-DCF:diskConfig": "MANUAL", "os-extended-volumes:volumes_attached": [], "accessIPv4": "", "accessIPv6": "", "progress": 0, "OS-EXT-STS:power_state": 1, "config_drive": "True", "metadata": {}}}
2016-01-06 08:26:43,744 6421 INFO     [tempest.scenario.manager] Tenant networks not configured to be reachable.
2016-01-06 08:26:43,778 6421 INFO     [tempest_lib.common.rest_client] Request (TestNetworkBasicOps:test_connectivity_between_vms_on_different_networks): 200 GET http://10.0.2.15:9696/v2.0/ports?status=ACTIVE&amp;fixed_ip=None&amp;device_id=32e2a76a-a365-47b1-b764-1798870bf734 0.033s
2016-01-06 08:26:43,779 6421 DEBUG    [tempest_lib.common.rest_client] Request - Headers: {'Content-Type': 'application/json', 'Accept': 'application/json', 'X-Auth-Token': '&lt;omitted&gt;'}
        Body: None
    Response - Headers: {'status': '200', 'content-length': '895', 'content-location': 'http://10.0.2.15:9696/v2.0/ports?status=ACTIVE&amp;fixed_ip=None&amp;device_id=32e2a76a-a365-47b1-b764-1798870bf734', 'connection': 'close', 'date': 'Wed, 06 Jan 2016 08:26:43 GMT', 'content-type': 'application/json; charset=UTF-8', 'x-openstack-request-id': 'req-9345625d-3b20-40af-b9b4-31d9acf58522'}
        Body: {"ports": [{"status": "ACTIVE", "binding:host_id": "vagrant-ubuntu-trusty-64", "allowed_address_pairs": [], "extra_dhcp_opts": [], "dns_assignment": [{"hostname": "host-10-100-0-3", "ip_address": "10.100.0.3", "fqdn": "host-10-100-0-3.openstacklocal."}], "device_owner": "compute:None", "port_security_enabled": true, "binding:profile": {}, "fixed_ips": [{"subnet_id": "b9e3874c-a4b4-4487-ac5c-ef6d338cfda1", "ip_address": "10.100.0.3"}], "id": "a3dd584c-7f9a-41a5-88cd-3073fb07cd2c", "security_groups": ["b99dd837-749c-4df7-94a8-5be31cce3f54"], "device_id": "32e2a76a-a365-47b1-b764-1798870bf734", "name": "", "admin_state_up": true, "network_id": "8fabac64-9cb0-4ee9-9d0f-8b64f85cd560", "dns_name": "", "binding:vif_details": {"port_filter": true}, "binding:vnic_type": "normal", "binding:vif_type": "ovs", "tenant_id": "ed46373c4fd24374a9900d899ee1f6da", "mac_address": "fa:16:3e:9f:09:2f"}]}
2016-01-06 08:26:44,318 6421 INFO     [tempest_lib.common.rest_client] Request (TestNetworkBasicOps:test_connectivity_between_vms_on_different_networks): 201 POST http://10.0.2.15:9696/v2.0/floatingips 0.539s
2016-01-06 08:26:44,319 6421 DEBUG    [tempest_lib.common.rest_client] Request - Headers: {'Content-Type': 'application/json', 'Accept': 'application/json', 'X-Auth-Token': '&lt;omitted&gt;'}
        Body: {"floatingip": {"floating_network_id": "e1447bf7-7b27-4240-ac7c-8b7a0efff9f9", "tenant_id": "ed46373c4fd24374a9900d899ee1f6da", "fixed_ip_address": "10.100.0.3", "port_id": "a3dd584c-7f9a-41a5-88cd-3073fb07cd2c"}}
    Response - Headers: {'status': '201', 'content-length': '367', 'connection': 'close', 'date': 'Wed, 06 Jan 2016 08:26:44 GMT', 'content-type': 'application/json; charset=UTF-8', 'x-openstack-request-id': 'req-3fac1e5a-3115-473f-9d5e-710224c09b92'}
        Body: {"floatingip": {"floating_network_id": "e1447bf7-7b27-4240-ac7c-8b7a0efff9f9", "router_id": "4ab05233-0aab-49d6-8018-dd0df614906e", "fixed_ip_address": "10.100.0.3", "floating_ip_address": "172.24.4.4", "tenant_id": "ed46373c4fd24374a9900d899ee1f6da", "status": "DOWN", "port_id": "a3dd584c-7f9a-41a5-88cd-3073fb07cd2c", "id": "e81c0644-9b34-46b7-abfe-b74e2cdf39b6"}}
2016-01-06 08:26:44,336 6421 INFO     [tempest_lib.common.rest_client] Request (TestNetworkBasicOps:test_connectivity_between_vms_on_different_networks): 200 GET http://10.0.2.15:9696/v2.0/floatingips/e81c0644-9b34-46b7-abfe-b74e2cdf39b6 0.017s
2016-01-06 08:26:44,337 6421 DEBUG    [tempest_lib.common.rest_client] Request - Headers: {'Content-Type': 'application/json', 'Accept': 'application/json', 'X-Auth-Token': '&lt;omitted&gt;'}
        Body: None
    Response - Headers: {'status': '200', 'content-length': '367', 'content-location': 'http://10.0.2.15:9696/v2.0/floatingips/e81c0644-9b34-46b7-abfe-b74e2cdf39b6', 'connection': 'close', 'date': 'Wed, 06 Jan 2016 08:26:44 GMT', 'content-type': 'application/json; charset=UTF-8', 'x-openstack-request-id': 'req-447265e3-3a10-4b5e-9c12-8ec85b873e80'}
        Body: {"floatingip": {"floating_network_id": "e1447bf7-7b27-4240-ac7c-8b7a0efff9f9", "router_id": "4ab05233-0aab-49d6-8018-dd0df614906e", "fixed_ip_address": "10.100.0.3", "floating_ip_address": "172.24.4.4", "tenant_id": "ed46373c4fd24374a9900d899ee1f6da", "status": "DOWN", "port_id": "a3dd584c-7f9a-41a5-88cd-3073fb07cd2c", "id": "e81c0644-9b34-46b7-abfe-b74e2cdf39b6"}}
2016-01-06 08:26:45,350 6421 INFO     [tempest_lib.common.rest_client] Request (TestNetworkBasicOps:test_connectivity_between_vms_on_different_networks): 200 GET http://10.0.2.15:9696/v2.0/floatingips/e81c0644-9b34-46b7-abfe-b74e2cdf39b6 0.012s
2016-01-06 08:26:45,350 6421 DEBUG    [tempest_lib.common.rest_client] Request - Headers: {'Content-Type': 'application/json', 'Accept': 'application/json', 'X-Auth-Token': '&lt;omitted&gt;'}
        Body: None
    Response - Headers: {'status': '200', 'content-length': '369', 'content-location': 'http://10.0.2.15:9696/v2.0/floatingips/e81c0644-9b34-46b7-abfe-b74e2cdf39b6', 'connection': 'close', 'date': 'Wed, 06 Jan 2016 08:26:45 GMT', 'content-type': 'application/json; charset=UTF-8', 'x-openstack-request-id': 'req-eadfeb35-c3a3-4eab-99ca-a09e0b7bb3ea'}
        Body: {"floatingip": {"floating_network_id": "e1447bf7-7b27-4240-ac7c-8b7a0efff9f9", "router_id": "4ab05233-0aab-49d6-8018-dd0df614906e", "fixed_ip_address": "10.100.0.3", "floating_ip_address": "172.24.4.4", "tenant_id": "ed46373c4fd24374a9900d899ee1f6da", "status": "ACTIVE", "port_id": "a3dd584c-7f9a-41a5-88cd-3073fb07cd2c", "id": "e81c0644-9b34-46b7-abfe-b74e2cdf39b6"}}
2016-01-06 08:26:45,351 6421 INFO     [tempest.scenario.manager] FloatingIP: &lt;"FloatingIP" addr="172.24.4.4" id="e81c0644-9b34-46b7-abfe-b74e2cdf39b6"&gt; is at status: ACTIVE
2016-01-06 08:26:45,351 6421 DEBUG    [tempest.scenario.manager] checking network connections to IP 172.24.4.4 with user: cirros
2016-01-06 08:26:45,352 6421 DEBUG    [tempest.scenario.manager] TestNetworkBasicOps:test_connectivity_between_vms_on_different_networks begins to ping 172.24.4.4 in 120 sec and the expected result is reachable
2016-01-06 08:28:45,570 6421 DEBUG    [tempest.scenario.manager] TestNetworkBasicOps:test_connectivity_between_vms_on_different_networks finishes ping 172.24.4.4 in 120 sec and the ping result is unexpected
2016-01-06 08:28:45,571 6421 ERROR    [tempest.scenario.manager] Public network connectivity check failed
2016-01-06 08:28:45.571 6421 ERROR tempest.scenario.manager Traceback (most recent call last):
2016-01-06 08:28:45.571 6421 ERROR tempest.scenario.manager   File "tempest/scenario/manager.py", line 609, in check_public_network_connectivity
2016-01-06 08:28:45.571 6421 ERROR tempest.scenario.manager     should_connect=should_connect)
2016-01-06 08:28:45.571 6421 ERROR tempest.scenario.manager   File "tempest/scenario/manager.py", line 593, in check_vm_connectivity
2016-01-06 08:28:45.571 6421 ERROR tempest.scenario.manager     msg=msg)
2016-01-06 08:28:45.571 6421 ERROR tempest.scenario.manager   File "/usr/local/lib/python2.7/dist-packages/unittest2/case.py", line 702, in assertTrue
2016-01-06 08:28:45.571 6421 ERROR tempest.scenario.manager     raise self.failureException(msg)
2016-01-06 08:28:45.571 6421 ERROR tempest.scenario.manager AssertionError: False is not true : Timed out waiting for 172.24.4.4 to become reachable
2016-01-06 08:28:45.571 6421 ERROR tempest.scenario.manager 
2016-01-06 08:28:45,794 6421 INFO     [tempest_lib.common.rest_client] Request (TestNetworkBasicOps:test_connectivity_between_vms_on_different_networks): 200 POST http://10.0.2.15:8774/v2.1/ed46373c4fd24374a9900d899ee1f6da/servers/32e2a76a-a365-47b1-b764-1798870bf734/action 0.219s
2016-01-06 08:28:45,795 6421 DEBUG    [tempest_lib.common.rest_client] Request - Headers: {'Content-Type': 'application/json', 'Accept': 'application/json', 'X-Auth-Token': '&lt;omitted&gt;'}
        Body: {"os-getConsoleOutput": {}}
    Response - Headers: {'status': '200', 'content-length': '17428', 'x-compute-request-id': 'req-3090cf16-64fb-42ee-88c1-0948700d1e81', 'vary': 'X-OpenStack-Nova-API-Version', 'connection': 'close', 'x-openstack-nova-api-version': '2.1', 'date': 'Wed, 06 Jan 2016 08:28:45 GMT', 'content-type': 'application/json'}
        Body: {"output": "[    0.000000] Initializing cgroup subsys cpuset\n[    0.000000] Initializing cgroup subsys cpu\n[    0.000000] Linux version 3.2.0-80-virtual (buildd@batsu) (gcc version 4.6.3 (Ubuntu/Linaro 4.6.3-1ubuntu5) ) #116-Ubuntu SMP Mon Mar 23 17:28:52 UTC 2015 (Ubuntu 3.2.0-80.116-virtual 3.2.68)\n[    0.000000] Command line: root=/dev/vda console=tty0 console=ttyS0 no_timer_check\n[    0.000000] KERNEL supported cpus:\n[    0.000000]   Intel GenuineIntel\n[    0.000000]   AMD AuthenticAMD\n[    0.000000]   Centaur CentaurHauls\n[    0.000000] BIOS-provided physical RAM map:\n[    0.000000]  BIOS-e820: 0000000000000000 - 000000000009fc00 (usable)\n[    0.000000]  BIOS-e820: 000000000009fc00 - 00000000000a0000 (reserved)\n[    0.000000]  BIOS-e820: 00000000000f0000 - 0000000000100000 (reserved)\n[    0.000000]  BIOS-e820: 0000000000100000 - 0000000003ffe000 (usable)\n[    0.000000]  BIOS-e820: 0000000003ffe000 - 0000000004000000 (reserved)\n[    0.000000]  BIOS-e820: 00000000fffc0000 - 0000000100000000 (reserved)\n[    0.000000] NX (Execute Disable) protection: active\n[    0.000000] SMBIOS 2.4 present.\n[    0.000000] No AGP bridge found\n[    0.000000] last_pfn = 0x3ffe max_arch_pfn = 0x400000000\n[    0.000000] x86 PAT enabled: cpu 0, old 0x7040600070406, new 0x7010600070106\n[    0.000000] found SMP MP-table at [ffff8800000f0b00] f0b00\n[    0.000000] init_memory_mapping: 0000000000000000-0000000003ffe000\n[    0.000000] RAMDISK: 03c5e000 - 03ff0000\n[    0.000000] ACPI: RSDP 00000000000f0950 00014 (v00 BOCHS )\n[    0.000000] ACPI: RSDT 0000000003fffbc1 00034 (v01 BOCHS  BXPCRSDT 00000001 BXPC 00000001)\n[    0.000000] ACPI: FACP 0000000003fff1c0 00074 (v01 BOCHS  BXPCFACP 00000001 BXPC 00000001)\n[    0.000000] ACPI: DSDT 0000000003ffe040 01180 (v01 BOCHS  BXPCDSDT 00000001 BXPC 00000001)\n[    0.000000] ACPI: FACS 0000000003ffe000 00040\n[    0.000000] ACPI: SSDT 0000000003fff234 008DD (v01 BOCHS  BXPCSSDT 00000001 BXPC 00000001)\n[    0.000000] ACPI: APIC 0000000003fffb11 00078 (v01 BOCHS  BXPCAPIC 00000001 BXPC 00000001)\n[    0.000000] ACPI: HPET 0000000003fffb89 00038 (v01 BOCHS  BXPCHPET 00000001 BXPC 00000001)\n[    0.000000] No NUMA configuration found\n[    0.000000] Faking a node at 0000000000000000-0000000003ffe000\n[    0.000000] Initmem setup node 0 0000000000000000-0000000003ffe000\n[    0.000000]   NODE_DATA [0000000003ff6000 - 0000000003ffafff]\n[    0.000000] Zone PFN ranges:\n[    0.000000]   DMA      0x00000010 -&gt; 0x00001000\n[    0.000000]   DMA32    0x00001000 -&gt; 0x00100000\n[    0.000000]   Normal   empty\n[    0.000000] Movable zone start PFN for each node\n[    0.000000] early_node_map[2] active PFN ranges\n[    0.000000]     0: 0x00000010 -&gt; 0x0000009f\n[    0.000000]     0: 0x00000100 -&gt; 0x00003ffe\n[    0.000000] ACPI: PM-Timer IO Port: 0xb008\n[    0.000000] ACPI: LAPIC (acpi_id[0x00] lapic_id[0x00] enabled)\n[    0.000000] ACPI: LAPIC_NMI (acpi_id[0xff] dfl dfl lint[0x1])\n[    0.000000] ACPI: IOAPIC (id[0x00] address[0xfec00000] gsi_base[0])\n[    0.000000] IOAPIC[0]: apic_id 0, version 17, address 0xfec00000, GSI 0-23\n[    0.000000] ACPI: INT_SRC_OVR (bus 0 bus_irq 0 global_irq 2 dfl dfl)\n[    0.000000] ACPI: INT_SRC_OVR (bus 0 bus_irq 5 global_irq 5 high level)\n[    0.000000] ACPI: INT_SRC_OVR (bus 0 bus_irq 9 global_irq 9 high level)\n[    0.000000] ACPI: INT_SRC_OVR (bus 0 bus_irq 10 global_irq 10 high level)\n[    0.000000] ACPI: INT_SRC_OVR (bus 0 bus_irq 11 global_irq 11 high level)\n[    0.000000] Using ACPI (MADT) for SMP configuration information\n[    0.000000] ACPI: HPET id: 0x8086a201 base: 0xfed00000\n[    0.000000] SMP: Allowing 1 CPUs, 0 hotplug CPUs\n[    0.000000] PM: Registered nosave memory: 000000000009f000 - 00000000000a0000\n[    0.000000] PM: Registered nosave memory: 00000000000a0000 - 00000000000f0000\n[    0.000000] PM: Registered nosave memory: 00000000000f0000 - 0000000000100000\n[    0.000000] Allocating PCI resources starting at 4000000 (gap: 4000000:fbfc0000)\n[    0.000000] Booting paravirtualized kernel on bare hardware\n[    0.000000] setup_pe
2016-01-06 08:28:45,799 6421 DEBUG    [tempest.scenario.manager] Console output for 32e2a76a-a365-47b1-b764-1798870bf734
body=
[    0.000000] Initializing cgroup subsys cpuset
[    0.000000] Initializing cgroup subsys cpu
[    0.000000] Linux version 3.2.0-80-virtual (buildd@batsu) (gcc version 4.6.3 (Ubuntu/Linaro 4.6.3-1ubuntu5) ) #116-Ubuntu SMP Mon Mar 23 17:28:52 UTC 2015 (Ubuntu 3.2.0-80.116-virtual 3.2.68)
[    0.000000] Command line: root=/dev/vda console=tty0 console=ttyS0 no_timer_check
[    0.000000] KERNEL supported cpus:
[    0.000000]   Intel GenuineIntel
[    0.000000]   AMD AuthenticAMD
[    0.000000]   Centaur CentaurHauls
[    0.000000] BIOS-provided physical RAM map:
[    0.000000]  BIOS-e820: 0000000000000000 - 000000000009fc00 (usable)
[    0.000000]  BIOS-e820: 000000000009fc00 - 00000000000a0000 (reserved)
[    0.000000]  BIOS-e820: 00000000000f0000 - 0000000000100000 (reserved)
[    0.000000]  BIOS-e820: 0000000000100000 - 0000000003ffe000 (usable)
[    0.000000]  BIOS-e820: 0000000003ffe000 - 0000000004000000 (reserved)
[    0.000000]  BIOS-e820: 00000000fffc0000 - 0000000100000000 (reserved)
[    0.000000] NX (Execute Disable) protection: active
[    0.000000] SMBIOS 2.4 present.
[    0.000000] No AGP bridge found
[    0.000000] last_pfn = 0x3ffe max_arch_pfn = 0x400000000
[    0.000000] x86 PAT enabled: cpu 0, old 0x7040600070406, new 0x7010600070106
[    0.000000] found SMP MP-table at [ffff8800000f0b00] f0b00
[    0.000000] init_memory_mapping: 0000000000000000-0000000003ffe000
[    0.000000] RAMDISK: 03c5e000 - 03ff0000
[    0.000000] ACPI: RSDP 00000000000f0950 00014 (v00 BOCHS )
[    0.000000] ACPI: RSDT 0000000003fffbc1 00034 (v01 BOCHS  BXPCRSDT 00000001 BXPC 00000001)
[    0.000000] ACPI: FACP 0000000003fff1c0 00074 (v01 BOCHS  BXPCFACP 00000001 BXPC 00000001)
[    0.000000] ACPI: DSDT 0000000003ffe040 01180 (v01 BOCHS  BXPCDSDT 00000001 BXPC 00000001)
[    0.000000] ACPI: FACS 0000000003ffe000 00040
[    0.000000] ACPI: SSDT 0000000003fff234 008DD (v01 BOCHS  BXPCSSDT 00000001 BXPC 00000001)
[    0.000000] ACPI: APIC 0000000003fffb11 00078 (v01 BOCHS  BXPCAPIC 00000001 BXPC 00000001)
[    0.000000] ACPI: HPET 0000000003fffb89 00038 (v01 BOCHS  BXPCHPET 00000001 BXPC 00000001)
[    0.000000] No NUMA configuration found
[    0.000000] Faking a node at 0000000000000000-0000000003ffe000
[    0.000000] Initmem setup node 0 0000000000000000-0000000003ffe000
[    0.000000]   NODE_DATA [0000000003ff6000 - 0000000003ffafff]
[    0.000000] Zone PFN ranges:
[    0.000000]   DMA      0x00000010 -&gt; 0x00001000
[    0.000000]   DMA32    0x00001000 -&gt; 0x00100000
[    0.000000]   Normal   empty
[    0.000000] Movable zone start PFN for each node
[    0.000000] early_node_map[2] active PFN ranges
[    0.000000]     0: 0x00000010 -&gt; 0x0000009f
[    0.000000]     0: 0x00000100 -&gt; 0x00003ffe
[    0.000000] ACPI: PM-Timer IO Port: 0xb008
[    0.000000] ACPI: LAPIC (acpi_id[0x00] lapic_id[0x00] enabled)
[    0.000000] ACPI: LAPIC_NMI (acpi_id[0xff] dfl dfl lint[0x1])
[    0.000000] ACPI: IOAPIC (id[0x00] address[0xfec00000] gsi_base[0])
[    0.000000] IOAPIC[0]: apic_id 0, version 17, address 0xfec00000, GSI 0-23
[    0.000000] ACPI: INT_SRC_OVR (bus 0 bus_irq 0 global_irq 2 dfl dfl)
[    0.000000] ACPI: INT_SRC_OVR (bus 0 bus_irq 5 global_irq 5 high level)
[    0.000000] ACPI: INT_SRC_OVR (bus 0 bus_irq 9 global_irq 9 high level)
[    0.000000] ACPI: INT_SRC_OVR (bus 0 bus_irq 10 global_irq 10 high level)
[    0.000000] ACPI: INT_SRC_OVR (bus 0 bus_irq 11 global_irq 11 high level)
[    0.000000] Using ACPI (MADT) for SMP configuration information
[    0.000000] ACPI: HPET id: 0x8086a201 base: 0xfed00000
[    0.000000] SMP: Allowing 1 CPUs, 0 hotplug CPUs
[    0.000000] PM: Registered nosave memory: 000000000009f000 - 00000000000a0000
[    0.000000] PM: Registered nosave memory: 00000000000a0000 - 00000000000f0000
[    0.000000] PM: Registered nosave memory: 00000000000f0000 - 0000000000100000
[    0.000000] Allocating PCI resources starting at 4000000 (gap: 4000000:fbfc0000)
[    0.000000] Booting paravirtualized kernel on bare hardware
[    0.000000] setup_percpu: NR_CPUS:64 nr_cpumask_bits:64 nr_cpu_ids:1 nr_node_ids:1
[    0.000000] PERCPU: Embedded 27 pages/cpu @ffff880003a00000 s78848 r8192 d23552 u2097152
[    0.000000] Built 1 zonelists in Node order, mobility grouping on.  Total pages: 16008
[    0.000000] Policy zone: DMA32
[    0.000000] Kernel command line: root=/dev/vda console=tty0 console=ttyS0 no_timer_check
[    0.000000] PID hash table entries: 256 (order: -1, 2048 bytes)
[    0.000000] Checking aperture...
[    0.000000] No AGP bridge found
[    0.000000] Memory: 43492k/65528k available (6576k kernel code, 452k absent, 21584k reserved, 6620k data, 928k init)
[    0.000000] SLUB: Genslabs=15, HWalign=64, Order=0-3, MinObjects=0, CPUs=1, Nodes=1
[    0.000000] Hierarchical RCU implementation.
[    0.000000] 	RCU dyntick-idle grace-period acceleration is enabled.
[    0.000000] NR_IRQS:4352 nr_irqs:256 16
[    0.000000] Console: colour VGA+ 80x25
[    0.000000] console [tty0] enabled
[    0.000000] console [ttyS0] enabled
[    0.000000] allocated 1048576 bytes of page_cgroup
[    0.000000] please try 'cgroup_disable=memory' option if you don't want memory cgroups
[    0.000000] Fast TSC calibration failed
[    0.000000] TSC: Unable to calibrate against PIT
[    0.000000] TSC: using HPET reference calibration
[    0.000000] Detected 2294.432 MHz processor.
[    0.033146] Calibrating delay loop (skipped), value calculated using timer frequency.. 4588.86 BogoMIPS (lpj=9177728)
[    0.035208] pid_max: default: 32768 minimum: 301
[    0.043025] Security Framework initialized
[    0.048087] AppArmor: AppArmor initialized
[    0.048867] Yama: becoming mindful.
[    0.054932] Dentry cache hash table entries: 8192 (order: 4, 65536 bytes)
[    0.056587] Inode-cache hash table entries: 4096 (order: 3, 32768 bytes)
[    0.058056] Mount-cache hash table entries: 256
[    0.078098] Initializing cgroup subsys cpuacct
[    0.079228] Initializing cgroup subsys memory
[    0.080923] Initializing cgroup subsys devices
[    0.081829] Initializing cgroup subsys freezer
[    0.084155] Initializing cgroup subsys blkio
[    0.085118] Initializing cgroup subsys perf_event
[    0.090552] mce: CPU supports 10 MCE banks
[    0.093966] SMP alternatives: switching to UP code
[    0.472876] Freeing SMP alternatives: 24k freed
[    0.474292] ACPI: Core revision 20110623
[    0.518274] ftrace: allocating 26610 entries in 105 pages
[    0.554546] ..TIMER: vector=0x30 apic1=0 pin1=2 apic2=-1 pin2=-1
[    0.556131] CPU0: AMD QEMU Virtual CPU version 2.0.0 stepping 03
[    0.560034] Performance Events: Broken PMU hardware detected, using software events only.
[    0.569107] NMI watchdog disabled (cpu0): hardware events not enabled
[    0.572344] Brought up 1 CPUs
[    0.572950] Total of 1 processors activated (4588.86 BogoMIPS).
[    0.596199] devtmpfs: initialized
[    0.629307] EVM: security.selinux
[    0.629946] EVM: security.SMACK64
[    0.630599] EVM: security.capability
[    0.656520] print_constraints: dummy: 
[    0.657670] RTC time:  8:26:46, date: 01/06/16
[    0.662110] NET: Registered protocol family 16
[    0.670454] ACPI: bus type pci registered
[    0.674056] PCI: Using configuration type 1 for base access
[    0.713083] bio: create slab &lt;bio-0&gt; at 0
[    0.717968] ACPI: Added _OSI(Module Device)
[    0.718731] ACPI: Added _OSI(Processor Device)
[    0.719314] ACPI: Added _OSI(3.0 _SCP Extensions)
[    0.720110] ACPI: Added _OSI(Processor Aggregator Device)
[    0.792210] ACPI: Interpreter enabled
[    0.792804] ACPI: (supports S0 S3 S4 S5)
[    0.794432] ACPI: Using IOAPIC for interrupt routing
[    0.874838] ACPI: No dock devices found.
[    0.875598] HEST: Table not found.
[    0.876318] PCI: Using host bridge windows from ACPI; if necessary, use "pci=nocrs" and report a bug
[    0.886683] ACPI: PCI Root Bridge [PCI0] (domain 0000 [bus 00-ff])
[    0.894211] pci_root PNP0A03:00: host bridge window [io  0x0000-0x0cf7]
[    0.895363] pci_root PNP0A03:00: host bridge window [io  0x0d00-0xadff]
[    0.896109] pci_root PNP0A03:00: host bridge window [io  0xae0f-0xaeff]
[    0.897061] pci_root PNP0A03:00: host bridge window [io  0xaf20-0xafdf]
[    0.898172] pci_root PNP0A03:00: host bridge window [io  0xafe4-0xffff]
[    0.900174] pci_root PNP0A03:00: host bridge window [mem 0x000a0000-0x000bffff]
[    0.901255] pci_root PNP0A03:00: host bridge window [mem 0x04000000-0xfebfffff]
[    0.926646] pci 0000:00:01.3: quirk: [io  0xb000-0xb03f] claimed by PIIX4 ACPI
[    0.928242] pci 0000:00:01.3: quirk: [io  0xb100-0xb10f] claimed by PIIX4 SMB
[    0.997104]  pci0000:00: Unable to request _OSC control (_OSC support mask: 0x1e)
[    1.060393] ACPI: PCI Interrupt Link [LNKA] (IRQs 5 *10 11)
[    1.062512] ACPI: PCI Interrupt Link [LNKB] (IRQs 5 *10 11)
[    1.064931] ACPI: PCI Interrupt Link [LNKC] (IRQs 5 10 *11)
[    1.067351] ACPI: PCI Interrupt Link [LNKD] (IRQs 5 10 *11)
[    1.068890] ACPI: PCI Interrupt Link [LNKS] (IRQs *9)
[    1.074927] vgaarb: device added: PCI:0000:00:02.0,decodes=io+mem,owns=io+mem,locks=none
[    1.076164] vgaarb: loaded
[    1.076502] vgaarb: bridge control possible 0000:00:02.0
[    1.081289] i2c-core: driver [aat2870] using legacy suspend method
[    1.082035] i2c-core: driver [aat2870] using legacy resume method
[    1.084936] SCSI subsystem initialized
[    1.088349] usbcore: registered new interface driver usbfs
[    1.089056] usbcore: registered new interface driver hub
[    1.090400] usbcore: registered new device driver usb
[    1.094327] PCI: Using ACPI for IRQ routing
[    1.105084] NetLabel: Initializing
[    1.105491] NetLabel:  domain hash size = 128
[    1.106117] NetLabel:  protocols = UNLABELED CIPSOv4
[    1.108328] NetLabel:  unlabeled traffic allowed by default
[    1.110422] HPET: 3 timers in total, 0 timers will be used for per-cpu timer
[    1.111356] hpet0: at MMIO 0xfed00000, IRQs 2, 8, 0
[    1.112498] hpet0: 3 comparators, 64-bit 100.000000 MHz counter
[    1.125918] Switching to clocksource hpet
[    1.357946] AppArmor: AppArmor Filesystem Enabled
[    1.359386] pnp: PnP ACPI init
[    1.360544] ACPI: bus type pnp registered
[    1.381480] pnp: PnP ACPI: found 9 devices
[    1.382413] ACPI: ACPI bus type pnp unregistered
[    1.443433] NET: Registered protocol family 2
[    1.480067] IP route cache hash table entries: 512 (order: 0, 4096 bytes)
[    1.487537] TCP established hash table entries: 2048 (order: 3, 32768 bytes)
[    1.489604] TCP bind hash table entries: 2048 (order: 3, 32768 bytes)
[    1.490493] TCP: Hash tables configured (established 2048 bind 2048)
[    1.491276] TCP reno registered
[    1.492644] UDP hash table entries: 128 (order: 0, 4096 bytes)
[    1.493891] UDP-Lite hash table entries: 128 (order: 0, 4096 bytes)
[    1.497607] NET: Registered protocol family 1
[    1.498466] pci 0000:00:00.0: Limiting direct PCI/PCI transfers
[    1.499235] pci 0000:00:01.0: PIIX3: Enabling Passive Release
[    1.500914] pci 0000:00:01.0: Activating ISA DMA hang workarounds
[    1.506576] ACPI: PCI Interrupt Link [LNKD] enabled at IRQ 11
[    1.507172] pci 0000:00:01.2: PCI INT D -&gt; Link[LNKD] -&gt; GSI 11 (level, high) -&gt; IRQ 11
[    1.510615] pci 0000:00:01.2: PCI INT D disabled
[    1.535977] Trying to unpack rootfs image as initramfs...
[    1.562462] audit: initializing netlink socket (disabled)
[    1.564007] type=2000 audit(1452068806.560:1): initialized
[    1.863253] HugeTLB registered 2 MB page size, pre-allocated 0 pages
[    1.945012] VFS: Disk quotas dquot_6.5.2
[    1.946391] Dquot-cache hash table entries: 512 (order 0, 4096 bytes)
[    1.961957] fuse init (API version 7.17)
[    1.965620] msgmni has been set to 84
[    2.014095] Block layer SCSI generic (bsg) driver version 0.4 loaded (major 253)
[    2.015657] io scheduler noop registered
[    2.017689] io scheduler deadline registered (default)
[    2.018550] io scheduler cfq registered
[    2.023303] pci_hotplug: PCI Hot Plug PCI Core version: 0.5
[    2.026279] pciehp: PCI Express Hot Plug Controller Driver version: 0.4
[    2.031796] input: Power Button as /devices/LNXSYSTM:00/LNXPWRBN:00/input/input0
[    2.034633] ACPI: Power Button [PWRF]
[    2.093881] ERST: Table is not found!
[    2.094421] GHES: HEST is not enabled!
[    2.102560] ACPI: PCI Interrupt Link [LNKC] enabled at IRQ 10
[    2.103362] virtio-pci 0000:00:03.0: PCI INT A -&gt; Link[LNKC] -&gt; GSI 10 (level, high) -&gt; IRQ 10
[    2.107209] virtio-pci 0000:00:04.0: PCI INT A -&gt; Link[LNKD] -&gt; GSI 11 (level, high) -&gt; IRQ 11
[    2.122550] ACPI: PCI Interrupt Link [LNKA] enabled at IRQ 10
[    2.123317] virtio-pci 0000:00:05.0: PCI INT A -&gt; Link[LNKA] -&gt; GSI 10 (level, high) -&gt; IRQ 10
[    2.133669] Serial: 8250/16550 driver, 32 ports, IRQ sharing enabled
[    2.175779] serial8250: ttyS0 at I/O 0x3f8 (irq = 4) is a 16550A
[    2.261856] serial8250: ttyS1 at I/O 0x2f8 (irq = 3) is a 16550A
[    2.398424] 00:05: ttyS0 at I/O 0x3f8 (irq = 4) is a 16550A
[    2.484767] 00:06: ttyS1 at I/O 0x2f8 (irq = 3) is a 16550A
[    2.521177] Refined TSC clocksource calibration: 2294.479 MHz.
[    2.522016] Switching to clocksource tsc
[    2.539237] Linux agpgart interface v0.103
[    2.605899] brd: module loaded
[    2.635187] loop: module loaded
[    2.687854]  vda: unknown partition table
[    2.737878] scsi0 : ata_piix
[    2.740468] scsi1 : ata_piix
[    2.742484] ata1: PATA max MWDMA2 cmd 0x1f0 ctl 0x3f6 bmdma 0xc0a0 irq 14
[    2.743436] ata2: PATA max MWDMA2 cmd 0x170 ctl 0x376 bmdma 0xc0a8 irq 15
[    2.754966] Fixed MDIO Bus: probed
[    2.755914] tun: Universal TUN/TAP device driver, 1.6
[    2.756956] tun: (C) 1999-2004 Max Krasnyansky &lt;maxk@qualcomm.com&gt;
[    2.774312] PPP generic driver version 2.4.2
[    2.798084] ehci_hcd: USB 2.0 'Enhanced' Host Controller (EHCI) Driver
[    2.800253] ohci_hcd: USB 1.1 'Open' Host Controller (OHCI) Driver
[    2.803343] uhci_hcd: USB Universal Host Controller Interface driver
[    2.806880] uhci_hcd 0000:00:01.2: PCI INT D -&gt; Link[LNKD] -&gt; GSI 11 (level, high) -&gt; IRQ 11
[    2.814120] uhci_hcd 0000:00:01.2: UHCI Host Controller
[    2.838309] uhci_hcd 0000:00:01.2: new USB bus registered, assigned bus number 1
[    2.841176] uhci_hcd 0000:00:01.2: irq 11, io base 0x0000c040
[    2.873712] hub 1-0:1.0: USB hub found
[    2.877000] hub 1-0:1.0: 2 ports detected
[    2.889965] usbcore: registered new interface driver libusual
[    2.895769] i8042: PNP: PS/2 Controller [PNP0303:KBD,PNP0f13:MOU] at 0x60,0x64 irq 1,12
[    2.908551] serio: i8042 KBD port at 0x60,0x64 irq 1
[    2.912059] serio: i8042 AUX port at 0x60,0x64 irq 12
[    2.975420] ata2.01: ATAPI: QEMU DVD-ROM, 2.0.0, max UDMA/100
[    3.003510] ata2.01: configured for MWDMA2
[    3.025164] mousedev: PS/2 mouse device common for all mice
[    3.035724] input: AT Translated Set 2 keyboard as /devices/platform/i8042/serio0/input/input1
[    3.039877] rtc_cmos 00:01: RTC can wake from S4
[    3.048176] scsi 1:0:1:0: CD-ROM            QEMU     QEMU DVD-ROM     2.0. PQ: 0 ANSI: 5
[    3.075022] rtc_cmos 00:01: rtc core: registered rtc_cmos as rtc0
[    3.079450] rtc0: alarms up to one day, 114 bytes nvram, hpet irqs
[    3.084945] device-mapper: uevent: version 1.0.3
[    3.115386] Freeing initrd memory: 3656k freed
[    3.133096] device-mapper: ioctl: 4.22.0-ioctl (2011-10-19) initialised: dm-devel@redhat.com
[    3.142382] cpuidle: using governor ladder
[    3.144562] cpuidle: using governor menu
[    3.145934] EFI Variables Facility v0.08 2004-May-17
[    3.155923] TCP cubic registered
[    3.159928] NET: Registered protocol family 10
[    3.195328] NET: Registered protocol family 17
[    3.197247] Registering the dns_resolver key type
[    3.211755] sr0: scsi3-mmc drive: 4x/4x cd/rw xa/form2 tray
[    3.213380] cdrom: Uniform CD-ROM driver Revision: 3.20
[    3.225595] sr 1:0:1:0: Attached scsi generic sg0 type 5
[    3.237429] registered taskstats version 1
[    3.779597]   Magic number: 0:639:421
[    3.790242] rtc_cmos 00:01: setting system clock to 2016-01-06 08:26:49 UTC (1452068809)
[    3.792701] powernow-k8: Processor cpuid 663 not supported
[    3.798133] BIOS EDD facility v0.16 2004-Jun-25, 0 devices found
[    3.800691] EDD information not available.
[    3.868490] Freeing unused kernel memory: 928k freed
[    3.873470] Write protecting the kernel read-only data: 12288k
[    4.003799] Freeing unused kernel memory: 1596k freed
[    4.103800] Freeing unused kernel memory: 1184k freed

info: initramfs: up at 4.29
modprobe: module virtio_blk not found in modules.dep
modprobe: module virtio_net not found in modules.dep
info: copying initramfs to /dev/vda
info: initramfs loading root from /dev/vda
info: /etc/init.d/rc.sysinit: up at 8.96
info: container: none
Starting logging: OK
modprobe: module virtio_blk not found in modules.dep
modprobe: module virtio_net not found in modules.dep
WARN: /etc/rc3.d/S10-load-modules failed
Initializing random number generator... done.
Starting acpid: OK
cirros-ds 'local' up at 11.54
found datasource (configdrive, local)
Starting network...
udhcpc (v1.20.1) started
Sending discover...
Sending discover...

2016-01-06 08:28:46,076 6421 INFO     [tempest_lib.common.rest_client] Request (TestNetworkBasicOps:_run_cleanups): 204 DELETE http://10.0.2.15:9696/v2.0/floatingips/e81c0644-9b34-46b7-abfe-b74e2cdf39b6 0.273s
2016-01-06 08:28:46,077 6421 DEBUG    [tempest_lib.common.rest_client] Request - Headers: {'Content-Type': 'application/json', 'Accept': 'application/json', 'X-Auth-Token': '&lt;omitted&gt;'}
        Body: None
    Response - Headers: {'date': 'Wed, 06 Jan 2016 08:28:46 GMT', 'status': '204', 'connection': 'close', 'content-length': '0', 'x-openstack-request-id': 'req-b73c07a0-9c2b-4443-b803-2d6bee306ccd'}
        Body: 
2016-01-06 08:28:46,293 6421 INFO     [tempest_lib.common.rest_client] Request (TestNetworkBasicOps:_run_cleanups): 204 DELETE http://10.0.2.15:8774/v2.1/ed46373c4fd24374a9900d899ee1f6da/servers/32e2a76a-a365-47b1-b764-1798870bf734 0.215s
2016-01-06 08:28:46,294 6421 DEBUG    [tempest_lib.common.rest_client] Request - Headers: {'Content-Type': 'application/json', 'Accept': 'application/json', 'X-Auth-Token': '&lt;omitted&gt;'}
        Body: None
    Response - Headers: {'status': '204', 'content-length': '0', 'x-compute-request-id': 'req-5cdbb950-d9c7-4592-9cd7-f8a1adcb93c0', 'vary': 'X-OpenStack-Nova-API-Version', 'connection': 'close', 'x-openstack-nova-api-version': '2.1', 'date': 'Wed, 06 Jan 2016 08:28:46 GMT', 'content-type': 'application/json'}
        Body: 
2016-01-06 08:28:46,611 6421 INFO     [tempest_lib.common.rest_client] Request (TestNetworkBasicOps:_run_cleanups): 200 GET http://10.0.2.15:8774/v2.1/ed46373c4fd24374a9900d899ee1f6da/servers/32e2a76a-a365-47b1-b764-1798870bf734 0.317s
2016-01-06 08:28:46,612 6421 DEBUG    [tempest_lib.common.rest_client] Request - Headers: {'Content-Type': 'application/json', 'Accept': 'application/json', 'X-Auth-Token': '&lt;omitted&gt;'}
        Body: None
    Response - Headers: {'status': '200', 'content-length': '1775', 'content-location': 'http://10.0.2.15:8774/v2.1/ed46373c4fd24374a9900d899ee1f6da/servers/32e2a76a-a365-47b1-b764-1798870bf734', 'x-compute-request-id': 'req-72a882a1-ca85-4c5c-8e27-97e0786b715d', 'vary': 'X-OpenStack-Nova-API-Version', 'connection': 'close', 'x-openstack-nova-api-version': '2.1', 'date': 'Wed, 06 Jan 2016 08:28:46 GMT', 'content-type': 'application/json'}
        Body: {"server": {"status": "ACTIVE", "updated": "2016-01-06T08:28:46Z", "hostId": "133f5c9c378954649ba487e6e84adf3407e7f6aecfc7e0e556daf52c", "addresses": {"tempest-network-smoke--372273053": [{"OS-EXT-IPS-MAC:mac_addr": "fa:16:3e:9f:09:2f", "version": 4, "addr": "10.100.0.3", "OS-EXT-IPS:type": "fixed"}, {"OS-EXT-IPS-MAC:mac_addr": "fa:16:3e:9f:09:2f", "version": 4, "addr": "172.24.4.4", "OS-EXT-IPS:type": "floating"}]}, "links": [{"href": "http://10.0.2.15:8774/v2.1/ed46373c4fd24374a9900d899ee1f6da/servers/32e2a76a-a365-47b1-b764-1798870bf734", "rel": "self"}, {"href": "http://10.0.2.15:8774/ed46373c4fd24374a9900d899ee1f6da/servers/32e2a76a-a365-47b1-b764-1798870bf734", "rel": "bookmark"}], "key_name": "tempest-TestNetworkBasicOps-1853410485", "image": {"id": "3a54c3fe-ccdd-4afd-b973-1b4b565da6e2", "links": [{"href": "http://10.0.2.15:8774/ed46373c4fd24374a9900d899ee1f6da/images/3a54c3fe-ccdd-4afd-b973-1b4b565da6e2", "rel": "bookmark"}]}, "OS-EXT-STS:task_state": "deleting", "OS-EXT-STS:vm_state": "active", "OS-SRV-USG:launched_at": "2016-01-06T08:26:43.000000", "flavor": {"id": "42", "links": [{"href": "http://10.0.2.15:8774/ed46373c4fd24374a9900d899ee1f6da/flavors/42", "rel": "bookmark"}]}, "id": "32e2a76a-a365-47b1-b764-1798870bf734", "security_groups": [{"name": "tempest-secgroup-smoke-805860446"}], "OS-SRV-USG:terminated_at": null, "OS-EXT-AZ:availability_zone": "nova", "user_id": "330414ba83ac4204a188ad373f15b68c", "name": "tempest.common.compute-instance-2018490004", "created": "2016-01-06T08:26:39Z", "tenant_id": "ed46373c4fd24374a9900d899ee1f6da", "OS-DCF:diskConfig": "MANUAL", "os-extended-volumes:volumes_attached": [], "accessIPv4": "", "accessIPv6": "", "progress": 0, "OS-EXT-STS:power_state": 1, "config_drive": "True", "metadata": {}}}
2016-01-06 08:28:47,753 6421 INFO     [tempest_lib.common.rest_client] Request (TestNetworkBasicOps:_run_cleanups): 200 GET http://10.0.2.15:8774/v2.1/ed46373c4fd24374a9900d899ee1f6da/servers/32e2a76a-a365-47b1-b764-1798870bf734 0.131s
2016-01-06 08:28:47,754 6421 DEBUG    [tempest_lib.common.rest_client] Request - Headers: {'Content-Type': 'application/json', 'Accept': 'application/json', 'X-Auth-Token': '&lt;omitted&gt;'}
        Body: None
    Response - Headers: {'status': '200', 'content-length': '1441', 'content-location': 'http://10.0.2.15:8774/v2.1/ed46373c4fd24374a9900d899ee1f6da/servers/32e2a76a-a365-47b1-b764-1798870bf734', 'x-compute-request-id': 'req-f1857d42-e1fa-427e-b8dd-3281ca2c5ed4', 'vary': 'X-OpenStack-Nova-API-Version', 'connection': 'close', 'x-openstack-nova-api-version': '2.1', 'date': 'Wed, 06 Jan 2016 08:28:47 GMT', 'content-type': 'application/json'}
        Body: {"server": {"status": "ACTIVE", "updated": "2016-01-06T08:28:47Z", "hostId": "133f5c9c378954649ba487e6e84adf3407e7f6aecfc7e0e556daf52c", "addresses": {}, "links": [{"href": "http://10.0.2.15:8774/v2.1/ed46373c4fd24374a9900d899ee1f6da/servers/32e2a76a-a365-47b1-b764-1798870bf734", "rel": "self"}, {"href": "http://10.0.2.15:8774/ed46373c4fd24374a9900d899ee1f6da/servers/32e2a76a-a365-47b1-b764-1798870bf734", "rel": "bookmark"}], "key_name": "tempest-TestNetworkBasicOps-1853410485", "image": {"id": "3a54c3fe-ccdd-4afd-b973-1b4b565da6e2", "links": [{"href": "http://10.0.2.15:8774/ed46373c4fd24374a9900d899ee1f6da/images/3a54c3fe-ccdd-4afd-b973-1b4b565da6e2", "rel": "bookmark"}]}, "OS-EXT-STS:task_state": "deleting", "OS-EXT-STS:vm_state": "active", "OS-SRV-USG:launched_at": "2016-01-06T08:26:43.000000", "flavor": {"id": "42", "links": [{"href": "http://10.0.2.15:8774/ed46373c4fd24374a9900d899ee1f6da/flavors/42", "rel": "bookmark"}]}, "id": "32e2a76a-a365-47b1-b764-1798870bf734", "OS-SRV-USG:terminated_at": null, "OS-EXT-AZ:availability_zone": "nova", "user_id": "330414ba83ac4204a188ad373f15b68c", "name": "tempest.common.compute-instance-2018490004", "created": "2016-01-06T08:26:39Z", "tenant_id": "ed46373c4fd24374a9900d899ee1f6da", "OS-DCF:diskConfig": "MANUAL", "os-extended-volumes:volumes_attached": [], "accessIPv4": "", "accessIPv6": "", "progress": 0, "OS-EXT-STS:power_state": 1, "config_drive": "True", "metadata": {}}}
2016-01-06 08:28:48,846 6421 INFO     [tempest_lib.common.rest_client] Request (TestNetworkBasicOps:_run_cleanups): 404 GET http://10.0.2.15:8774/v2.1/ed46373c4fd24374a9900d899ee1f6da/servers/32e2a76a-a365-47b1-b764-1798870bf734 0.079s
2016-01-06 08:28:48,847 6421 DEBUG    [tempest_lib.common.rest_client] Request - Headers: {'Content-Type': 'application/json', 'Accept': 'application/json', 'X-Auth-Token': '&lt;omitted&gt;'}
        Body: None
    Response - Headers: {'status': '404', 'content-length': '111', 'x-compute-request-id': 'req-cbd2e6c5-51bc-4525-b1bf-abaa1705030d', 'vary': 'X-OpenStack-Nova-API-Version', 'connection': 'close', 'x-openstack-nova-api-version': '2.1', 'date': 'Wed, 06 Jan 2016 08:28:48 GMT', 'content-type': 'application/json; charset=UTF-8'}
        Body: {"itemNotFound": {"message": "Instance 32e2a76a-a365-47b1-b764-1798870bf734 could not be found.", "code": 404}}
2016-01-06 08:28:48,866 6421 INFO     [tempest_lib.common.rest_client] Request (TestNetworkBasicOps:_run_cleanups): 202 DELETE http://10.0.2.15:8774/v2.1/ed46373c4fd24374a9900d899ee1f6da/os-keypairs/tempest-TestNetworkBasicOps-1853410485 0.018s
2016-01-06 08:28:48,866 6421 DEBUG    [tempest_lib.common.rest_client] Request - Headers: {'Content-Type': 'application/json', 'Accept': 'application/json', 'X-Auth-Token': '&lt;omitted&gt;'}
        Body: None
    Response - Headers: {'status': '202', 'content-length': '0', 'x-compute-request-id': 'req-9e418491-de09-440a-a37f-5a9668bda475', 'vary': 'X-OpenStack-Nova-API-Version', 'connection': 'close', 'x-openstack-nova-api-version': '2.1', 'date': 'Wed, 06 Jan 2016 08:28:48 GMT', 'content-type': 'application/json'}
        Body: 
2016-01-06 08:28:49,277 6421 INFO     [tempest_lib.common.rest_client] Request (TestNetworkBasicOps:_run_cleanups): 200 PUT http://10.0.2.15:9696/v2.0/routers/4ab05233-0aab-49d6-8018-dd0df614906e/remove_router_interface 0.409s
2016-01-06 08:28:49,277 6421 DEBUG    [tempest_lib.common.rest_client] Request - Headers: {'Content-Type': 'application/json', 'Accept': 'application/json', 'X-Auth-Token': '&lt;omitted&gt;'}
        Body: {"subnet_id": "b9e3874c-a4b4-4487-ac5c-ef6d338cfda1"}
    Response - Headers: {'status': '200', 'content-length': '255', 'connection': 'close', 'date': 'Wed, 06 Jan 2016 08:28:49 GMT', 'content-type': 'application/json; charset=UTF-8', 'x-openstack-request-id': 'req-73fb8b1a-dca4-4459-b7f2-580dafdbe517'}
        Body: {"subnet_id": "b9e3874c-a4b4-4487-ac5c-ef6d338cfda1", "tenant_id": "ed46373c4fd24374a9900d899ee1f6da", "subnet_ids": ["b9e3874c-a4b4-4487-ac5c-ef6d338cfda1"], "port_id": "8d830e5b-f663-4c28-9fa7-1d6dd3c52260", "id": "4ab05233-0aab-49d6-8018-dd0df614906e"}
2016-01-06 08:28:49,796 6421 INFO     [tempest_lib.common.rest_client] Request (TestNetworkBasicOps:_run_cleanups): 204 DELETE http://10.0.2.15:9696/v2.0/subnets/b9e3874c-a4b4-4487-ac5c-ef6d338cfda1 0.517s
2016-01-06 08:28:49,796 6421 DEBUG    [tempest_lib.common.rest_client] Request - Headers: {'Content-Type': 'application/json', 'Accept': 'application/json', 'X-Auth-Token': '&lt;omitted&gt;'}
        Body: None
    Response - Headers: {'date': 'Wed, 06 Jan 2016 08:28:49 GMT', 'status': '204', 'connection': 'close', 'content-length': '0', 'x-openstack-request-id': 'req-cded05e0-c36c-479b-8b7e-82a89c41ff4b'}
        Body: 
2016-01-06 08:28:49,846 6421 INFO     [tempest_lib.common.rest_client] Request (TestNetworkBasicOps:_run_cleanups): 200 GET http://10.0.2.15:9696/v2.0/routers/4ab05233-0aab-49d6-8018-dd0df614906e 0.049s
2016-01-06 08:28:49,847 6421 DEBUG    [tempest_lib.common.rest_client] Request - Headers: {'Content-Type': 'application/json', 'Accept': 'application/json', 'X-Auth-Token': '&lt;omitted&gt;'}
        Body: None
    Response - Headers: {'status': '200', 'content-length': '564', 'content-location': 'http://10.0.2.15:9696/v2.0/routers/4ab05233-0aab-49d6-8018-dd0df614906e', 'connection': 'close', 'date': 'Wed, 06 Jan 2016 08:28:49 GMT', 'content-type': 'application/json; charset=UTF-8', 'x-openstack-request-id': 'req-e8473211-d7e5-41e4-b0e7-c31587d686fd'}
        Body: {"router": {"status": "ACTIVE", "external_gateway_info": {"network_id": "e1447bf7-7b27-4240-ac7c-8b7a0efff9f9", "enable_snat": true, "external_fixed_ips": [{"subnet_id": "9f509801-be1e-4407-a1d4-77bb435349a8", "ip_address": "172.24.4.3"}, {"subnet_id": "a196718e-3d36-427c-9e5b-7818845b1cfa", "ip_address": "2001:db8::3"}]}, "availability_zone_hints": [], "availability_zones": ["nova"], "name": "tempest-router-smoke-1656217743", "admin_state_up": true, "tenant_id": "ed46373c4fd24374a9900d899ee1f6da", "routes": [], "id": "4ab05233-0aab-49d6-8018-dd0df614906e"}}
2016-01-06 08:28:50,258 6421 INFO     [tempest_lib.common.rest_client] Request (TestNetworkBasicOps:_run_cleanups): 200 PUT http://10.0.2.15:9696/v2.0/routers/4ab05233-0aab-49d6-8018-dd0df614906e 0.411s
2016-01-06 08:28:50,259 6421 DEBUG    [tempest_lib.common.rest_client] Request - Headers: {'Content-Type': 'application/json', 'Accept': 'application/json', 'X-Auth-Token': '&lt;omitted&gt;'}
        Body: {"router": {"external_gateway_info": {}, "name": "tempest-router-smoke-1656217743", "admin_state_up": true}}
    Response - Headers: {'status': '200', 'content-length': '302', 'connection': 'close', 'date': 'Wed, 06 Jan 2016 08:28:50 GMT', 'content-type': 'application/json; charset=UTF-8', 'x-openstack-request-id': 'req-fa41f62f-6907-43fa-8463-534779f139d4'}
        Body: {"router": {"status": "ACTIVE", "external_gateway_info": null, "availability_zone_hints": [], "availability_zones": ["nova"], "name": "tempest-router-smoke-1656217743", "admin_state_up": true, "tenant_id": "ed46373c4fd24374a9900d899ee1f6da", "routes": [], "id": "4ab05233-0aab-49d6-8018-dd0df614906e"}}
2016-01-06 08:28:50,591 6421 INFO     [tempest_lib.common.rest_client] Request (TestNetworkBasicOps:_run_cleanups): 204 DELETE http://10.0.2.15:9696/v2.0/routers/4ab05233-0aab-49d6-8018-dd0df614906e 0.331s
2016-01-06 08:28:50,592 6421 DEBUG    [tempest_lib.common.rest_client] Request - Headers: {'Content-Type': 'application/json', 'Accept': 'application/json', 'X-Auth-Token': '&lt;omitted&gt;'}
        Body: None
    Response - Headers: {'date': 'Wed, 06 Jan 2016 08:28:50 GMT', 'status': '204', 'connection': 'close', 'content-length': '0', 'x-openstack-request-id': 'req-54bfca6d-5421-48f0-8af3-1103124aae72'}
        Body: 
2016-01-06 08:28:50,815 6421 INFO     [tempest_lib.common.rest_client] Request (TestNetworkBasicOps:_run_cleanups): 204 DELETE http://10.0.2.15:9696/v2.0/networks/8fabac64-9cb0-4ee9-9d0f-8b64f85cd560 0.222s
2016-01-06 08:28:50,815 6421 DEBUG    [tempest_lib.common.rest_client] Request - Headers: {'Content-Type': 'application/json', 'Accept': 'application/json', 'X-Auth-Token': '&lt;omitted&gt;'}
        Body: None
    Response - Headers: {'date': 'Wed, 06 Jan 2016 08:28:50 GMT', 'status': '204', 'connection': 'close', 'content-length': '0', 'x-openstack-request-id': 'req-9fb06488-a23e-4a1b-9c83-f528b213fa1b'}
        Body: 
2016-01-06 08:28:50,875 6421 INFO     [tempest_lib.common.rest_client] Request (TestNetworkBasicOps:_run_cleanups): 204 DELETE http://10.0.2.15:9696/v2.0/security-group-rules/4b8df80e-7c41-438a-9387-74de83673b7e 0.059s
2016-01-06 08:28:50,876 6421 DEBUG    [tempest_lib.common.rest_client] Request - Headers: {'Content-Type': 'application/json', 'Accept': 'application/json', 'X-Auth-Token': '&lt;omitted&gt;'}
        Body: None
    Response - Headers: {'date': 'Wed, 06 Jan 2016 08:28:50 GMT', 'status': '204', 'connection': 'close', 'content-length': '0', 'x-openstack-request-id': 'req-b7bcd026-7947-478e-a99a-77fce64d1095'}
        Body: 
2016-01-06 08:28:50,925 6421 INFO     [tempest_lib.common.rest_client] Request (TestNetworkBasicOps:_run_cleanups): 204 DELETE http://10.0.2.15:9696/v2.0/security-group-rules/842a0c5a-08a0-4ce2-87c0-44200849b84e 0.049s
2016-01-06 08:28:50,926 6421 DEBUG    [tempest_lib.common.rest_client] Request - Headers: {'Content-Type': 'application/json', 'Accept': 'application/json', 'X-Auth-Token': '&lt;omitted&gt;'}
        Body: None
    Response - Headers: {'date': 'Wed, 06 Jan 2016 08:28:50 GMT', 'status': '204', 'connection': 'close', 'content-length': '0', 'x-openstack-request-id': 'req-a84457ed-63f1-4a84-b1dc-38269f097387'}
        Body: 
2016-01-06 08:28:50,971 6421 INFO     [tempest_lib.common.rest_client] Request (TestNetworkBasicOps:_run_cleanups): 204 DELETE http://10.0.2.15:9696/v2.0/security-group-rules/6778e7de-60b2-4e4e-a129-a33dd13d2956 0.044s
2016-01-06 08:28:50,971 6421 DEBUG    [tempest_lib.common.rest_client] Request - Headers: {'Content-Type': 'application/json', 'Accept': 'application/json', 'X-Auth-Token': '&lt;omitted&gt;'}
        Body: None
    Response - Headers: {'date': 'Wed, 06 Jan 2016 08:28:50 GMT', 'status': '204', 'connection': 'close', 'content-length': '0', 'x-openstack-request-id': 'req-03f8698b-56d4-4f27-9f66-49e92eacb32c'}
        Body: 
2016-01-06 08:28:51,023 6421 INFO     [tempest_lib.common.rest_client] Request (TestNetworkBasicOps:_run_cleanups): 204 DELETE http://10.0.2.15:9696/v2.0/security-group-rules/0824f14a-2049-4120-854c-ee248ad5b024 0.051s
2016-01-06 08:28:51,023 6421 DEBUG    [tempest_lib.common.rest_client] Request - Headers: {'Content-Type': 'application/json', 'Accept': 'application/json', 'X-Auth-Token': '&lt;omitted&gt;'}
        Body: None
    Response - Headers: {'date': 'Wed, 06 Jan 2016 08:28:51 GMT', 'status': '204', 'connection': 'close', 'content-length': '0', 'x-openstack-request-id': 'req-ec920e5c-aaf3-46f9-80dc-e04864a4c186'}
        Body: 
2016-01-06 08:28:51,082 6421 INFO     [tempest_lib.common.rest_client] Request (TestNetworkBasicOps:_run_cleanups): 204 DELETE http://10.0.2.15:9696/v2.0/security-group-rules/f1e1e1c2-740b-4d1d-9f56-0d27acc34b3a 0.058s
2016-01-06 08:28:51,082 6421 DEBUG    [tempest_lib.common.rest_client] Request - Headers: {'Content-Type': 'application/json', 'Accept': 'application/json', 'X-Auth-Token': '&lt;omitted&gt;'}
        Body: None
    Response - Headers: {'date': 'Wed, 06 Jan 2016 08:28:51 GMT', 'status': '204', 'connection': 'close', 'content-length': '0', 'x-openstack-request-id': 'req-d848085d-bcbe-424e-ade9-0ea5c2904dc9'}
        Body: 
