<?xml version="1.0" encoding="UTF-8"?>
<!DOCTYPE html PUBLIC "-//W3C//DTD XHTML 1.0 Strict//EN"
     "http://www.w3.org/TR/xhtml1/DTD/xhtml1-strict.dtd">
<html xmlns="http://www.w3.org/1999/xhtml">
<head>
    <title>Unit Test Report</title>
    <meta name="generator" content="subunit2html 0.1"/>
    <meta http-equiv="Content-Type" content="text/html; charset=UTF-8"/>
    
<style type="text/css" media="screen">
body        { font-family: verdana, arial, helvetica, sans-serif;
    font-size: 80%; }
table       { font-size: 100%; width: 100%;}
pre         { font-size: 80%; }

/* -- heading -------------------------------------------------------------- */
h1 {
        font-size: 16pt;
        color: gray;
}
.heading {
    margin-top: 0ex;
    margin-bottom: 1ex;
}

.heading .attribute {
    margin-top: 1ex;
    margin-bottom: 0;
}

.heading .description {
    margin-top: 4ex;
    margin-bottom: 6ex;
}

/* -- css div popup -------------------------------------------------------- */
a.popup_link {
}

a.popup_link:hover {
    color: red;
}

.popup_window {
    display: none;
    overflow-x: scroll;
    /*border: solid #627173 1px; */
    padding: 10px;
    background-color: #E6E6D6;
    font-family: "Ubuntu Mono", "Lucida Console", "Courier New", monospace;
    text-align: left;
    font-size: 8pt;
}

}
/* -- report --------------------------------------------------------------- */
#show_detail_line {
    margin-top: 3ex;
    margin-bottom: 1ex;
}
#result_table {
    width: 100%;
    border-collapse: collapse;
    border: 1px solid #777;
}
#header_row {
    font-weight: bold;
    color: white;
    background-color: #777;
}
#result_table td {
    border: 1px solid #777;
    padding: 2px;
}
#total_row  { font-weight: bold; }
.passClass  { background-color: #6c6; }
.failClass  { background-color: #c60; }
.errorClass { background-color: #c00; }
.passCase   { color: #6c6; }
.failCase   { color: #c60; font-weight: bold; }
.errorCase  { color: #c00; font-weight: bold; }
.hiddenRow  { display: none; }
.testcase   { margin-left: 2em; }
td.testname {width: 40%}
td.small {width: 40px}

/* -- ending --------------------------------------------------------------- */
#ending {
}

</style>

</head>
<body>
<script language="javascript" type="text/javascript"><!--
output_list = Array();

/* level - 0:Summary; 1:Failed; 2:All */
function showCase(level) {
    trs = document.getElementsByTagName("tr");
    for (var i = 0; i < trs.length; i++) {
        tr = trs[i];
        id = tr.id;
        if (id.substr(0,2) == 'ft') {
            if (level < 1) {
                tr.className = 'hiddenRow';
            }
            else {
                tr.className = '';
            }
        }
        if (id.substr(0,2) == 'pt') {
            if (level > 1) {
                tr.className = '';
            }
            else {
                tr.className = 'hiddenRow';
            }
        }
    }
}


function showClassDetail(cid, count) {
    var id_list = Array(count);
    var toHide = 1;
    for (var i = 0; i < count; i++) {
        tid0 = 't' + cid.substr(1) + '.' + (i+1);
        tid = 'f' + tid0;
        tr = document.getElementById(tid);
        if (!tr) {
            tid = 'p' + tid0;
            tr = document.getElementById(tid);
        }
        id_list[i] = tid;
        if (tr.className) {
            toHide = 0;
        }
    }
    for (var i = 0; i < count; i++) {
        tid = id_list[i];
        if (toHide) {
            document.getElementById('div_'+tid).style.display = 'none'
            document.getElementById(tid).className = 'hiddenRow';
        }
        else {
            document.getElementById(tid).className = '';
        }
    }
}


function showTestDetail(div_id){
    var details_div = document.getElementById(div_id)
    var displayState = details_div.style.display
    // alert(displayState)
    if (displayState != 'block' ) {
        displayState = 'block'
        details_div.style.display = 'block'
    }
    else {
        details_div.style.display = 'none'
    }
}


function html_escape(s) {
    s = s.replace(/&/g,'&amp;');
    s = s.replace(/</g,'&lt;');
    s = s.replace(/>/g,'&gt;');
    return s;
}

/* obsoleted by detail in <div>
function showOutput(id, name) {
    var w = window.open("", //url
                    name,
                    "resizable,scrollbars,status,width=800,height=450");
    d = w.document;
    d.write("<pre>");
    d.write(html_escape(output_list[id]));
    d.write("\n");
    d.write("<a href='javascript:window.close()'>close</a>\n");
    d.write("</pre>\n");
    d.close();
}
*/
--></script>

<div class='heading'>
<h1>Unit Test Report</h1>

<p class='attribute'><strong>Status:</strong> Pass 1 Failure 7 Skip 1</p>

<p class='description'></p>
</div>



<p id='show_detail_line'>Show
<a href='javascript:showCase(0)'>Summary</a>
<a href='javascript:showCase(1)'>Failed</a>
<a href='javascript:showCase(2)'>All</a>
</p>
<table id='result_table'>
<colgroup>
<col align='left' />
<col align='right' />
<col align='right' />
<col align='right' />
<col align='right' />
<col align='right' />
<col align='right' />
<col align='right' />
</colgroup>
<tr id='header_row'>
    <td>Test Group/Test case</td>
    <td>Count</td>
    <td>Pass</td>
    <td>Fail</td>
    <td>Error</td>
    <td>Skip</td>
    <td>View</td>
    <td> </td>
</tr>

<tr class='failClass'>
    <td class="testname">tempest.scenario.test_network_basic_ops.TestNetworkBasicOps</td>
    <td class="small">9</td>
    <td class="small">1</td>
    <td class="small">7</td>
    <td class="small">0</td>
    <td class="small">1</td>
    <td class="small"><a href="javascript:showClassDetail('c1',9)"
>Detail</a></td>
    <td> </td>
</tr>

<tr id='ft1.1' class='none'>
    <td class='failCase'><div class='testcase'>test_connectivity_between_vms_on_different_networks[compute,id-1546850e-fbaa-42f5-8b5f-03d8a6a95f15,network]</div></td>
    <td colspan='7' align='left'>

    <!--css div popup start-->
    <a class="popup_link" onfocus='this.blur();'
    href="javascript:showTestDetail('div_ft1.1')" >
        fail</a>

    <div id='div_ft1.1' class="popup_window">
        <div style='text-align: right; color:red;cursor:pointer'>
        <a onfocus='this.blur();'
onclick="document.getElementById('div_ft1.1').style.display = 'none' " >
           [x]</a>
        </div>
        <pre>
        
ft1.1: tempest.scenario.test_network_basic_ops.TestNetworkBasicOps.test_connectivity_between_vms_on_different_networks[compute,id-1546850e-fbaa-42f5-8b5f-03d8a6a95f15,network]_StringException: Empty attachments:
  stderr
  stdout

pythonlogging:'': {{{
2016-01-05 04:56:13,608 25047 INFO     [tempest_lib.common.rest_client] Request (TestNetworkBasicOps:test_connectivity_between_vms_on_different_networks): 201 POST http://10.0.2.15:9696/v2.0/security-groups 0.361s
2016-01-05 04:56:13,608 25047 DEBUG    [tempest_lib.common.rest_client] Request - Headers: {'Content-Type': 'application/json', 'Accept': 'application/json', 'X-Auth-Token': '&lt;omitted&gt;'}
        Body: {"security_group": {"tenant_id": "2fc79f1708fe4738961c632f0b48fe4f", "description": "tempest-secgroup-smoke-540521787 description", "name": "tempest-secgroup-smoke-540521787"}}
    Response - Headers: {'status': '201', 'content-length': '886', 'connection': 'close', 'date': 'Tue, 05 Jan 2016 04:56:13 GMT', 'content-type': 'application/json; charset=UTF-8', 'x-openstack-request-id': 'req-fb0380bb-fc45-4893-9fbe-851d0e9ea7fd'}
        Body: {"security_group": {"tenant_id": "2fc79f1708fe4738961c632f0b48fe4f", "description": "tempest-secgroup-smoke-540521787 description", "id": "e5d27568-cf18-4278-bc9c-57acdeb79f37", "security_group_rules": [{"remote_group_id": null, "direction": "egress", "remote_ip_prefix": null, "protocol": null, "ethertype": "IPv4", "tenant_id": "2fc79f1708fe4738961c632f0b48fe4f", "port_range_max": null, "port_range_min": null, "id": "e417b7c7-5508-405e-8891-dfd4ada7ae06", "security_group_id": "e5d27568-cf18-4278-bc9c-57acdeb79f37"}, {"remote_group_id": null, "direction": "egress", "remote_ip_prefix": null, "protocol": null, "ethertype": "IPv6", "tenant_id": "2fc79f1708fe4738961c632f0b48fe4f", "port_range_max": null, "port_range_min": null, "id": "4d561490-dbb0-4550-a935-5415aa1716d0", "security_group_id": "e5d27568-cf18-4278-bc9c-57acdeb79f37"}], "name": "tempest-secgroup-smoke-540521787"}}
2016-01-05 04:56:13,735 25047 INFO     [tempest_lib.common.rest_client] Request (TestNetworkBasicOps:test_connectivity_between_vms_on_different_networks): 201 POST http://10.0.2.15:9696/v2.0/security-group-rules 0.125s
2016-01-05 04:56:13,736 25047 DEBUG    [tempest_lib.common.rest_client] Request - Headers: {'Content-Type': 'application/json', 'Accept': 'application/json', 'X-Auth-Token': '&lt;omitted&gt;'}
        Body: {"security_group_rule": {"direction": "ingress", "protocol": "tcp", "tenant_id": "2fc79f1708fe4738961c632f0b48fe4f", "port_range_max": 22, "security_group_id": "e5d27568-cf18-4278-bc9c-57acdeb79f37", "port_range_min": 22}}
    Response - Headers: {'status': '201', 'content-length': '340', 'connection': 'close', 'date': 'Tue, 05 Jan 2016 04:56:13 GMT', 'content-type': 'application/json; charset=UTF-8', 'x-openstack-request-id': 'req-19ad5070-37fe-472a-b4c6-7b522ca72dd4'}
        Body: {"security_group_rule": {"remote_group_id": null, "direction": "ingress", "remote_ip_prefix": null, "protocol": "tcp", "ethertype": "IPv4", "tenant_id": "2fc79f1708fe4738961c632f0b48fe4f", "port_range_max": 22, "port_range_min": 22, "id": "26c73a92-f900-4f1f-91fb-55cf913ae1cd", "security_group_id": "e5d27568-cf18-4278-bc9c-57acdeb79f37"}}
2016-01-05 04:56:13,852 25047 INFO     [tempest_lib.common.rest_client] Request (TestNetworkBasicOps:test_connectivity_between_vms_on_different_networks): 201 POST http://10.0.2.15:9696/v2.0/security-group-rules 0.114s
2016-01-05 04:56:13,853 25047 DEBUG    [tempest_lib.common.rest_client] Request - Headers: {'Content-Type': 'application/json', 'Accept': 'application/json', 'X-Auth-Token': '&lt;omitted&gt;'}
        Body: {"security_group_rule": {"direction": "egress", "protocol": "tcp", "tenant_id": "2fc79f1708fe4738961c632f0b48fe4f", "port_range_max": 22, "security_group_id": "e5d27568-cf18-4278-bc9c-57acdeb79f37", "port_range_min": 22}}
    Response - Headers: {'status': '201', 'content-length': '339', 'connection': 'close', 'date': 'Tue, 05 Jan 2016 04:56:13 GMT', 'content-type': 'application/json; charset=UTF-8', 'x-openstack-request-id': 'req-f2fc6693-d405-47ed-aa99-70ae4677ea99'}
        Body: {"security_group_rule": {"remote_group_id": null, "direction": "egress", "remote_ip_prefix": null, "protocol": "tcp", "ethertype": "IPv4", "tenant_id": "2fc79f1708fe4738961c632f0b48fe4f", "port_range_max": 22, "port_range_min": 22, "id": "630c7c61-7d99-45d0-9cd5-55b448adff0f", "security_group_id": "e5d27568-cf18-4278-bc9c-57acdeb79f37"}}
2016-01-05 04:56:14,127 25047 INFO     [tempest_lib.common.rest_client] Request (TestNetworkBasicOps:test_connectivity_between_vms_on_different_networks): 201 POST http://10.0.2.15:9696/v2.0/security-group-rules 0.272s
2016-01-05 04:56:14,127 25047 DEBUG    [tempest_lib.common.rest_client] Request - Headers: {'Content-Type': 'application/json', 'Accept': 'application/json', 'X-Auth-Token': '&lt;omitted&gt;'}
        Body: {"security_group_rule": {"tenant_id": "2fc79f1708fe4738961c632f0b48fe4f", "direction": "ingress", "protocol": "icmp", "security_group_id": "e5d27568-cf18-4278-bc9c-57acdeb79f37"}}
    Response - Headers: {'status': '201', 'content-length': '345', 'connection': 'close', 'date': 'Tue, 05 Jan 2016 04:56:14 GMT', 'content-type': 'application/json; charset=UTF-8', 'x-openstack-request-id': 'req-fcc8b5de-c69b-47a8-bd58-7abbec51f001'}
        Body: {"security_group_rule": {"remote_group_id": null, "direction": "ingress", "remote_ip_prefix": null, "protocol": "icmp", "ethertype": "IPv4", "tenant_id": "2fc79f1708fe4738961c632f0b48fe4f", "port_range_max": null, "port_range_min": null, "id": "0507870c-b2cc-42fb-b784-d1a2b0a46e8e", "security_group_id": "e5d27568-cf18-4278-bc9c-57acdeb79f37"}}
2016-01-05 04:56:14,240 25047 INFO     [tempest_lib.common.rest_client] Request (TestNetworkBasicOps:test_connectivity_between_vms_on_different_networks): 201 POST http://10.0.2.15:9696/v2.0/security-group-rules 0.112s
2016-01-05 04:56:14,241 25047 DEBUG    [tempest_lib.common.rest_client] Request - Headers: {'Content-Type': 'application/json', 'Accept': 'application/json', 'X-Auth-Token': '&lt;omitted&gt;'}
        Body: {"security_group_rule": {"tenant_id": "2fc79f1708fe4738961c632f0b48fe4f", "direction": "egress", "protocol": "icmp", "security_group_id": "e5d27568-cf18-4278-bc9c-57acdeb79f37"}}
    Response - Headers: {'status': '201', 'content-length': '344', 'connection': 'close', 'date': 'Tue, 05 Jan 2016 04:56:14 GMT', 'content-type': 'application/json; charset=UTF-8', 'x-openstack-request-id': 'req-697dd921-cfb3-4a3a-b727-bc8b3fdaf6bc'}
        Body: {"security_group_rule": {"remote_group_id": null, "direction": "egress", "remote_ip_prefix": null, "protocol": "icmp", "ethertype": "IPv4", "tenant_id": "2fc79f1708fe4738961c632f0b48fe4f", "port_range_max": null, "port_range_min": null, "id": "33adad58-8b50-4945-9987-b73f2311979a", "security_group_id": "e5d27568-cf18-4278-bc9c-57acdeb79f37"}}
2016-01-05 04:56:14,370 25047 INFO     [tempest_lib.common.rest_client] Request (TestNetworkBasicOps:test_connectivity_between_vms_on_different_networks): 201 POST http://10.0.2.15:9696/v2.0/security-group-rules 0.128s
2016-01-05 04:56:14,371 25047 DEBUG    [tempest_lib.common.rest_client] Request - Headers: {'Content-Type': 'application/json', 'Accept': 'application/json', 'X-Auth-Token': '&lt;omitted&gt;'}
        Body: {"security_group_rule": {"tenant_id": "2fc79f1708fe4738961c632f0b48fe4f", "direction": "ingress", "security_group_id": "e5d27568-cf18-4278-bc9c-57acdeb79f37", "protocol": "icmp", "ethertype": "IPv6"}}
    Response - Headers: {'status': '201', 'content-length': '345', 'connection': 'close', 'date': 'Tue, 05 Jan 2016 04:56:14 GMT', 'content-type': 'application/json; charset=UTF-8', 'x-openstack-request-id': 'req-58fe3aee-c6bf-44a0-86a5-221e26ff6c07'}
        Body: {"security_group_rule": {"remote_group_id": null, "direction": "ingress", "remote_ip_prefix": null, "protocol": "icmp", "ethertype": "IPv6", "tenant_id": "2fc79f1708fe4738961c632f0b48fe4f", "port_range_max": null, "port_range_min": null, "id": "12d4fef7-cbee-49ff-87eb-36b5432d2a0f", "security_group_id": "e5d27568-cf18-4278-bc9c-57acdeb79f37"}}
2016-01-05 04:56:14,505 25047 INFO     [tempest_lib.common.rest_client] Request (TestNetworkBasicOps:test_connectivity_between_vms_on_different_networks): 201 POST http://10.0.2.15:9696/v2.0/security-group-rules 0.132s
2016-01-05 04:56:14,505 25047 DEBUG    [tempest_lib.common.rest_client] Request - Headers: {'Content-Type': 'application/json', 'Accept': 'application/json', 'X-Auth-Token': '&lt;omitted&gt;'}
        Body: {"security_group_rule": {"tenant_id": "2fc79f1708fe4738961c632f0b48fe4f", "direction": "egress", "security_group_id": "e5d27568-cf18-4278-bc9c-57acdeb79f37", "protocol": "icmp", "ethertype": "IPv6"}}
    Response - Headers: {'status': '201', 'content-length': '344', 'connection': 'close', 'date': 'Tue, 05 Jan 2016 04:56:14 GMT', 'content-type': 'application/json; charset=UTF-8', 'x-openstack-request-id': 'req-c9640ffe-6e10-40ba-9f35-037322af40a1'}
        Body: {"security_group_rule": {"remote_group_id": null, "direction": "egress", "remote_ip_prefix": null, "protocol": "icmp", "ethertype": "IPv6", "tenant_id": "2fc79f1708fe4738961c632f0b48fe4f", "port_range_max": null, "port_range_min": null, "id": "305fde69-7724-490e-b16b-31100f52336b", "security_group_id": "e5d27568-cf18-4278-bc9c-57acdeb79f37"}}
2016-01-05 04:56:14,683 25047 INFO     [tempest_lib.common.rest_client] Request (TestNetworkBasicOps:test_connectivity_between_vms_on_different_networks): 201 POST http://10.0.2.15:9696/v2.0/networks 0.177s
2016-01-05 04:56:14,684 25047 DEBUG    [tempest_lib.common.rest_client] Request - Headers: {'Content-Type': 'application/json', 'Accept': 'application/json', 'X-Auth-Token': '&lt;omitted&gt;'}
        Body: {"network": {"tenant_id": "2fc79f1708fe4738961c632f0b48fe4f", "name": "tempest-network-smoke--350861171"}}
    Response - Headers: {'status': '201', 'content-length': '326', 'connection': 'close', 'date': 'Tue, 05 Jan 2016 04:56:14 GMT', 'content-type': 'application/json; charset=UTF-8', 'x-openstack-request-id': 'req-9381d9bc-89f8-432e-a17a-30cbbcace878'}
        Body: {"network": {"status": "ACTIVE", "subnets": [], "availability_zone_hints": [], "name": "tempest-network-smoke--350861171", "admin_state_up": true, "tenant_id": "2fc79f1708fe4738961c632f0b48fe4f", "mtu": 0, "router:external": false, "shared": false, "port_security_enabled": true, "id": "32bfafdb-23cc-4e11-8302-16e18f765733"}}
2016-01-05 04:56:14,767 25047 INFO     [tempest_lib.common.rest_client] Request (TestNetworkBasicOps:test_connectivity_between_vms_on_different_networks): 201 POST http://10.0.2.15:9696/v2.0/routers 0.082s
2016-01-05 04:56:14,768 25047 DEBUG    [tempest_lib.common.rest_client] Request - Headers: {'Content-Type': 'application/json', 'Accept': 'application/json', 'X-Auth-Token': '&lt;omitted&gt;'}
        Body: {"router": {"tenant_id": "2fc79f1708fe4738961c632f0b48fe4f", "name": "tempest-router-smoke-625689100", "admin_state_up": true}}
    Response - Headers: {'status': '201', 'content-length': '295', 'connection': 'close', 'date': 'Tue, 05 Jan 2016 04:56:14 GMT', 'content-type': 'application/json; charset=UTF-8', 'x-openstack-request-id': 'req-b4f1b1bc-09b8-4c13-be44-fb96dd24d3aa'}
        Body: {"router": {"status": "ACTIVE", "external_gateway_info": null, "availability_zone_hints": [], "availability_zones": [], "name": "tempest-router-smoke-625689100", "admin_state_up": true, "tenant_id": "2fc79f1708fe4738961c632f0b48fe4f", "routes": [], "id": "33496081-72cc-4d71-840f-79487bc644fa"}}
2016-01-05 04:56:14,819 25047 INFO     [tempest_lib.common.rest_client] Request (TestNetworkBasicOps:test_connectivity_between_vms_on_different_networks): 200 GET http://10.0.2.15:9696/v2.0/routers/33496081-72cc-4d71-840f-79487bc644fa 0.050s
2016-01-05 04:56:14,820 25047 DEBUG    [tempest_lib.common.rest_client] Request - Headers: {'Content-Type': 'application/json', 'Accept': 'application/json', 'X-Auth-Token': '&lt;omitted&gt;'}
        Body: None
    Response - Headers: {'status': '200', 'content-length': '295', 'content-location': 'http://10.0.2.15:9696/v2.0/routers/33496081-72cc-4d71-840f-79487bc644fa', 'connection': 'close', 'date': 'Tue, 05 Jan 2016 04:56:14 GMT', 'content-type': 'application/json; charset=UTF-8', 'x-openstack-request-id': 'req-0b66cd1f-7544-4af7-aa20-85bd973e0c54'}
        Body: {"router": {"status": "ACTIVE", "external_gateway_info": null, "availability_zone_hints": [], "availability_zones": [], "name": "tempest-router-smoke-625689100", "admin_state_up": true, "tenant_id": "2fc79f1708fe4738961c632f0b48fe4f", "routes": [], "id": "33496081-72cc-4d71-840f-79487bc644fa"}}
2016-01-05 04:56:15,490 25047 INFO     [tempest_lib.common.rest_client] Request (TestNetworkBasicOps:test_connectivity_between_vms_on_different_networks): 200 PUT http://10.0.2.15:9696/v2.0/routers/33496081-72cc-4d71-840f-79487bc644fa 0.669s
2016-01-05 04:56:15,491 25047 DEBUG    [tempest_lib.common.rest_client] Request - Headers: {'Content-Type': 'application/json', 'Accept': 'application/json', 'X-Auth-Token': '&lt;omitted&gt;'}
        Body: {"router": {"external_gateway_info": {"network_id": "96b8ab12-598e-47c7-80da-47b1034573ec"}, "name": "tempest-router-smoke-625689100", "admin_state_up": true}}
    Response - Headers: {'status': '200', 'content-length': '557', 'connection': 'close', 'date': 'Tue, 05 Jan 2016 04:56:15 GMT', 'content-type': 'application/json; charset=UTF-8', 'x-openstack-request-id': 'req-4271944c-5dba-4956-b8e1-89bf1cbb9668'}
        Body: {"router": {"status": "ACTIVE", "external_gateway_info": {"network_id": "96b8ab12-598e-47c7-80da-47b1034573ec", "enable_snat": true, "external_fixed_ips": [{"subnet_id": "f71b3266-e951-4f4e-bdbd-73c2a6aa9adb", "ip_address": "172.24.4.3"}, {"subnet_id": "56c4146a-2719-4e9f-b60b-9fd7bbb3e147", "ip_address": "2001:db8::4"}]}, "availability_zone_hints": [], "availability_zones": [], "name": "tempest-router-smoke-625689100", "admin_state_up": true, "tenant_id": "2fc79f1708fe4738961c632f0b48fe4f", "routes": [], "id": "33496081-72cc-4d71-840f-79487bc644fa"}}
2016-01-05 04:56:15,660 25047 INFO     [tempest_lib.common.rest_client] Request (TestNetworkBasicOps:test_connectivity_between_vms_on_different_networks): 200 GET http://10.0.2.15:9696/v2.0/subnets?tenant_id=2fc79f1708fe4738961c632f0b48fe4f&amp;cidr=10.100.0.0%2F28 0.168s
2016-01-05 04:56:15,661 25047 DEBUG    [tempest_lib.common.rest_client] Request - Headers: {'Content-Type': 'application/json', 'Accept': 'application/json', 'X-Auth-Token': '&lt;omitted&gt;'}
        Body: None
    Response - Headers: {'status': '200', 'content-length': '15', 'content-location': 'http://10.0.2.15:9696/v2.0/subnets?tenant_id=2fc79f1708fe4738961c632f0b48fe4f&amp;cidr=10.100.0.0%2F28', 'connection': 'close', 'date': 'Tue, 05 Jan 2016 04:56:15 GMT', 'content-type': 'application/json; charset=UTF-8', 'x-openstack-request-id': 'req-134975d2-6a38-41c4-8472-cc9c4379b55a'}
        Body: {"subnets": []}
2016-01-05 04:56:16,038 25047 INFO     [tempest_lib.common.rest_client] Request (TestNetworkBasicOps:test_connectivity_between_vms_on_different_networks): 201 POST http://10.0.2.15:9696/v2.0/subnets 0.376s
2016-01-05 04:56:16,038 25047 DEBUG    [tempest_lib.common.rest_client] Request - Headers: {'Content-Type': 'application/json', 'Accept': 'application/json', 'X-Auth-Token': '&lt;omitted&gt;'}
        Body: {"subnet": {"ip_version": 4, "tenant_id": "2fc79f1708fe4738961c632f0b48fe4f", "cidr": "10.100.0.0/28", "network_id": "32bfafdb-23cc-4e11-8302-16e18f765733", "name": "tempest-subnet-smoke-820715037"}}
    Response - Headers: {'status': '201', 'content-length': '477', 'connection': 'close', 'date': 'Tue, 05 Jan 2016 04:56:16 GMT', 'content-type': 'application/json; charset=UTF-8', 'x-openstack-request-id': 'req-ddc86dbc-25b2-4e5f-a6f9-5cfb5d357761'}
        Body: {"subnet": {"name": "tempest-subnet-smoke-820715037", "enable_dhcp": true, "network_id": "32bfafdb-23cc-4e11-8302-16e18f765733", "tenant_id": "2fc79f1708fe4738961c632f0b48fe4f", "dns_nameservers": [], "gateway_ip": "10.100.0.1", "ipv6_ra_mode": null, "allocation_pools": [{"start": "10.100.0.2", "end": "10.100.0.14"}], "host_routes": [], "ip_version": 4, "ipv6_address_mode": null, "cidr": "10.100.0.0/28", "id": "006aef12-7422-4b45-9442-60109fa5d160", "subnetpool_id": null}}
2016-01-05 04:56:16,784 25047 INFO     [tempest_lib.common.rest_client] Request (TestNetworkBasicOps:test_connectivity_between_vms_on_different_networks): 200 PUT http://10.0.2.15:9696/v2.0/routers/33496081-72cc-4d71-840f-79487bc644fa/add_router_interface 0.745s
2016-01-05 04:56:16,785 25047 DEBUG    [tempest_lib.common.rest_client] Request - Headers: {'Content-Type': 'application/json', 'Accept': 'application/json', 'X-Auth-Token': '&lt;omitted&gt;'}
        Body: {"subnet_id": "006aef12-7422-4b45-9442-60109fa5d160"}
    Response - Headers: {'status': '200', 'content-length': '255', 'connection': 'close', 'date': 'Tue, 05 Jan 2016 04:56:16 GMT', 'content-type': 'application/json; charset=UTF-8', 'x-openstack-request-id': 'req-52ec1638-7c82-4ddd-ba0a-7b68927703a0'}
        Body: {"subnet_id": "006aef12-7422-4b45-9442-60109fa5d160", "tenant_id": "2fc79f1708fe4738961c632f0b48fe4f", "subnet_ids": ["006aef12-7422-4b45-9442-60109fa5d160"], "port_id": "3347ce99-2e15-4b23-ae3e-a0c890d11917", "id": "33496081-72cc-4d71-840f-79487bc644fa"}
2016-01-05 04:56:16,836 25047 INFO     [tempest_lib.common.rest_client] Request (TestNetworkBasicOps:test_connectivity_between_vms_on_different_networks): 200 GET http://10.0.2.15:9696/v2.0/networks 0.050s
2016-01-05 04:56:16,836 25047 DEBUG    [tempest_lib.common.rest_client] Request - Headers: {'Content-Type': 'application/json', 'Accept': 'application/json', 'X-Auth-Token': '&lt;omitted&gt;'}
        Body: None
    Response - Headers: {'status': '200', 'content-length': '1506', 'content-location': 'http://10.0.2.15:9696/v2.0/networks', 'connection': 'close', 'date': 'Tue, 05 Jan 2016 04:56:16 GMT', 'content-type': 'application/json; charset=UTF-8', 'x-openstack-request-id': 'req-83f7bb24-1932-4379-ba79-c05673d22226'}
        Body: {"networks": [{"status": "ACTIVE", "subnets": ["a05df1c8-eea5-4752-9e1e-104c67462837", "04780ba3-2a00-4633-85e7-2af1f5b83d64"], "availability_zone_hints": [], "availability_zones": ["nova"], "name": "private", "provider:physical_network": null, "admin_state_up": true, "tenant_id": "c45bf637de4a416595c4281a33b06359", "mtu": 0, "router:external": false, "shared": false, "port_security_enabled": true, "provider:network_type": "vxlan", "id": "68836f67-e979-497f-b38b-dc9ed610626b", "provider:segmentation_id": 1045}, {"status": "ACTIVE", "subnets": ["f71b3266-e951-4f4e-bdbd-73c2a6aa9adb", "56c4146a-2719-4e9f-b60b-9fd7bbb3e147"], "availability_zone_hints": [], "availability_zones": ["nova"], "name": "public", "provider:physical_network": null, "admin_state_up": true, "tenant_id": "f049c3b8143d43759deb83fc32662713", "mtu": 0, "router:external": true, "shared": false, "port_security_enabled": true, "provider:network_type": "vxlan", "id": "96b8ab12-598e-47c7-80da-47b1034573ec", "provider:segmentation_id": 1004}, {"status": "ACTIVE", "subnets": ["006aef12-7422-4b45-9442-60109fa5d160"], "availability_zone_hints": [], "availability_zones": ["nova"], "name": "tempest-network-smoke--350861171", "provider:physical_network": null, "admin_state_up": true, "tenant_id": "2fc79f1708fe4738961c632f0b48fe4f", "mtu": 0, "router:external": false, "shared": false, "port_security_enabled": true, "provider:network_type": "vxlan", "id": "32bfafdb-23cc-4e11-8302-16e18f765733", "provider:segmentation_id": 1013}]}
2016-01-05 04:56:16,892 25047 INFO     [tempest_lib.common.rest_client] Request (TestNetworkBasicOps:test_connectivity_between_vms_on_different_networks): 200 GET http://10.0.2.15:9696/v2.0/subnets 0.055s
2016-01-05 04:56:16,893 25047 DEBUG    [tempest_lib.common.rest_client] Request - Headers: {'Content-Type': 'application/json', 'Accept': 'application/json', 'X-Auth-Token': '&lt;omitted&gt;'}
        Body: None
    Response - Headers: {'status': '200', 'content-length': '2407', 'content-location': 'http://10.0.2.15:9696/v2.0/subnets', 'connection': 'close', 'date': 'Tue, 05 Jan 2016 04:56:16 GMT', 'content-type': 'application/json; charset=UTF-8', 'x-openstack-request-id': 'req-788a1cdf-f075-4420-996b-7fc213ead412'}
        Body: {"subnets": [{"name": "ipv6-public-subnet", "enable_dhcp": false, "network_id": "96b8ab12-598e-47c7-80da-47b1034573ec", "tenant_id": "f049c3b8143d43759deb83fc32662713", "dns_nameservers": [], "gateway_ip": "2001:db8::2", "ipv6_ra_mode": null, "allocation_pools": [{"start": "2001:db8::3", "end": "2001:db8::ffff:ffff:ffff:ffff"}, {"start": "2001:db8::1", "end": "2001:db8::1"}], "host_routes": [], "ip_version": 6, "ipv6_address_mode": null, "cidr": "2001:db8::/64", "id": "56c4146a-2719-4e9f-b60b-9fd7bbb3e147", "subnetpool_id": null}, {"name": "private-subnet", "enable_dhcp": true, "network_id": "68836f67-e979-497f-b38b-dc9ed610626b", "tenant_id": "c45bf637de4a416595c4281a33b06359", "dns_nameservers": [], "gateway_ip": "10.0.0.1", "ipv6_ra_mode": null, "allocation_pools": [{"start": "10.0.0.2", "end": "10.0.0.254"}], "host_routes": [], "ip_version": 4, "ipv6_address_mode": null, "cidr": "10.0.0.0/24", "id": "04780ba3-2a00-4633-85e7-2af1f5b83d64", "subnetpool_id": null}, {"name": "public-subnet", "enable_dhcp": false, "network_id": "96b8ab12-598e-47c7-80da-47b1034573ec", "tenant_id": "f049c3b8143d43759deb83fc32662713", "dns_nameservers": [], "gateway_ip": "172.24.4.1", "ipv6_ra_mode": null, "allocation_pools": [{"start": "172.24.4.2", "end": "172.24.4.254"}], "host_routes": [], "ip_version": 4, "ipv6_address_mode": null, "cidr": "172.24.4.0/24", "id": "f71b3266-e951-4f4e-bdbd-73c2a6aa9adb", "subnetpool_id": null}, {"name": "ipv6-private-subnet", "enable_dhcp": true, "network_id": "68836f67-e979-497f-b38b-dc9ed610626b", "tenant_id": "c45bf637de4a416595c4281a33b06359", "dns_nameservers": [], "gateway_ip": "fd86:4566:67eb::1", "ipv6_ra_mode": "slaac", "allocation_pools": [{"start": "fd86:4566:67eb::2", "end": "fd86:4566:67eb:0:ffff:ffff:ffff:ffff"}], "host_routes": [], "ip_version": 6, "ipv6_address_mode": "slaac", "cidr": "fd86:4566:67eb::/64", "id": "a05df1c8-eea5-4752-9e1e-104c67462837", "subnetpool_id": null}, {"name": "tempest-subnet-smoke-820715037", "enable_dhcp": true, "network_id": "32bfafdb-23cc-4e11-8302-16e18f765733", "tenant_id": "2fc79f1708fe4738961c632f0b48fe4f", "dns_nameservers": [], "gateway_ip": "10.100.0.1", "ipv6_ra_mode": null, "allocation_pools": [{"start": "10.100.0.2", "end": "10.100.0.14"}], "host_routes": [], "ip_version": 4, "ipv6_address_mode": null, "cidr": "10.100.0.0/28", "id": "006aef12-7422-4b45-9442-60109fa5d160", "subnetpool_id": null}]}
2016-01-05 04:56:16,961 25047 INFO     [tempest_lib.common.rest_client] Request (TestNetworkBasicOps:test_connectivity_between_vms_on_different_networks): 200 GET http://10.0.2.15:9696/v2.0/routers 0.067s
2016-01-05 04:56:16,962 25047 DEBUG    [tempest_lib.common.rest_client] Request - Headers: {'Content-Type': 'application/json', 'Accept': 'application/json', 'X-Auth-Token': '&lt;omitted&gt;'}
        Body: None
    Response - Headers: {'status': '200', 'content-length': '1166', 'content-location': 'http://10.0.2.15:9696/v2.0/routers', 'connection': 'close', 'date': 'Tue, 05 Jan 2016 04:56:16 GMT', 'content-type': 'application/json; charset=UTF-8', 'x-openstack-request-id': 'req-98ddaf25-62ad-4ec6-aa94-951f2db88b90'}
        Body: {"routers": [{"status": "ACTIVE", "external_gateway_info": {"network_id": "96b8ab12-598e-47c7-80da-47b1034573ec", "enable_snat": true, "external_fixed_ips": [{"subnet_id": "f71b3266-e951-4f4e-bdbd-73c2a6aa9adb", "ip_address": "172.24.4.2"}, {"subnet_id": "56c4146a-2719-4e9f-b60b-9fd7bbb3e147", "ip_address": "2001:db8::3"}]}, "availability_zone_hints": [], "availability_zones": ["nova"], "name": "router1", "admin_state_up": true, "tenant_id": "c45bf637de4a416595c4281a33b06359", "distributed": false, "routes": [], "ha": false, "id": "043fe185-330e-451d-997f-a0f8e8d9353e"}, {"status": "ACTIVE", "external_gateway_info": {"network_id": "96b8ab12-598e-47c7-80da-47b1034573ec", "enable_snat": true, "external_fixed_ips": [{"subnet_id": "f71b3266-e951-4f4e-bdbd-73c2a6aa9adb", "ip_address": "172.24.4.3"}, {"subnet_id": "56c4146a-2719-4e9f-b60b-9fd7bbb3e147", "ip_address": "2001:db8::4"}]}, "availability_zone_hints": [], "availability_zones": ["nova"], "name": "tempest-router-smoke-625689100", "admin_state_up": true, "tenant_id": "2fc79f1708fe4738961c632f0b48fe4f", "distributed": false, "routes": [], "ha": false, "id": "33496081-72cc-4d71-840f-79487bc644fa"}]}
2016-01-05 04:56:17,825 25047 INFO     [tempest_lib.common.rest_client] Request (TestNetworkBasicOps:test_connectivity_between_vms_on_different_networks): 200 POST http://10.0.2.15:8774/v2.1/2fc79f1708fe4738961c632f0b48fe4f/os-keypairs 0.862s
2016-01-05 04:56:17,826 25047 DEBUG    [tempest_lib.common.rest_client] Request - Headers: {'Content-Type': 'application/json', 'Accept': 'application/json', 'X-Auth-Token': '&lt;omitted&gt;'}
        Body: {"keypair": {"name": "tempest-TestNetworkBasicOps-202569923"}}
    Response - Headers: {'status': '200', 'content-length': '2320', 'x-compute-request-id': 'req-48a3b19c-9f6c-4d0c-bde3-7469a77302ff', 'vary': 'X-OpenStack-Nova-API-Version', 'connection': 'close', 'x-openstack-nova-api-version': '2.1', 'date': 'Tue, 05 Jan 2016 04:56:17 GMT', 'content-type': 'application/json'}
        Body: {"keypair": {"public_key": "ssh-rsa AAAAB3NzaC1yc2EAAAADAQABAAABAQDZBlo7KFN2eINXpQVv1PnODeFCzw3wb4ERx9MgZFs2vGdZwuE2kIbgQsOqRdC3bLKGrZMYFIHtV292xUuqJ3uoBi1e6kXeiVmHel6xzoFSfm7wfdAI/GPoHDApy1twYKGf1ZcyEuWctxUn/kRcctjbwn3BtG9o+JtfqiGu+2Z9T3yeAJmUjyDAmdiV5dgEE+Nz2yUC9Wgej+E1Bw0NwfjWHy/XDyOx6Nl+No79Nz4sylpon8UcLsm/Zig816b67ktlYEh7y8frSnHC13HndkG5VcfO7c18j3yBDFtLvFCj6HlV7gu8r1dwaCx7EacbkdDeMxUfhWEaHryE1RRLD7lV Generated-by-Nova", "private_key": "-----BEGIN RSA PRIVATE KEY-----\nMIIEqQIBAAKCAQEA2QZaOyhTdniDV6UFb9T5zg3hQs8N8G+BEcfTIGRbNrxnWcLh\nNpCG4ELDqkXQt2yyhq2TGBSB7VdvdsVLqid7qAYtXupF3olZh3pesc6BUn5u8H3Q\nCPxj6BwwKctbcGChn9WXMhLlnLcVJ/5EXHLY28J9wbRvaPibX6ohrvtmfU98ngCZ\nlI8gwJnYleXYBBPjc9slAvVoHo/hNQcNDcH41h8v1w8jsejZfjaO/Tc+LMpaaJ/F\nHC7Jv2YoPNem+u5LZWBIe8vH60pxwtdx53ZBuVXHzu3NfI98gQxbS7xQo+h5Ve4L\nvK9XcGgsexGnG5HQ3jMVH4VhGh68hNUUSw+5VQIDAQABAoIBAQDWO7UarKYnTrOo\n8xe42250/7KcNrS14fxxRuadFTQNhlIng366VFUwT/fCwARW7RAWboXDwYq4dhVs\nEzqsDym8Jczn4y9xi/g7CosrzoROoMx2zltsY2lkGV9aAoqTFnC1zSzhm1HaL8jM\nn+1vrVdxKD7n1mwcHT2TY+i4SSdVDi6N/6/869XxzdaQveIHJF4BQvB+Ph4P1Bpm\nk0AomC1PGebylpOYIDzkEi+z1y2Zr1SOOm1GScSK4sGnHPfDYlMPOx653Rxsmvqd\nUbbOLk75rhJ7KKnZwV1YUKwFVOU2mSwt4RDQxtNnVlcbkbim/vvTwTGgYzC3PSYz\n5OSBmQKBAoIAgQDkubsbY/MOm1vuXmIfnby9me6/RQaKxaAb9Z+6pZyqDRPIqd2L\nTBBIl2tAc9rMI47qJg0nKppUJRJg5sVm4C6DgGEDP/y5SOE5nO2J4cy+M2yUVyRx\nk0dmg50pZg3Qsv9nl+UPFb/sVY/oQJwB4xWEsTgRGNeHMg/Xto1i7lJ3JQKCAIEA\n8udvqORzwrJKC783m0mQGgdpEATNWM0Jd4kgJZLXZqQ7HAmQ46ShO+Tj9+BNhYJr\nGMVBdYHd/Ju3C0my77wOPYJIadlBEVWTGKoQOe8udaI9VAGTaXdydkRqpJbofiN9\nCaRXO08tIeftDCIMh0M8A+yaQGGcHHSC/TWAGHlj+nECggCAYGB+nfEEts/x8cQl\ndosBv6bAOio8snbJm15pWr10AReXkYM6DfsUFXJwR+1JcaE+FB3KhwlllDU2xEwZ\nO9sU3mZW+oaY1/4EoUElumbB3hdPFkaN3amgeWrV617MTXdPNXiElVGl2FDJXaTz\n17u3En2WUWX1U0td75hFhT1E1F0CggCAUVQqL7tmAv9dCXfZr3W++OgYRlPFSYFF\nNS/Fgq8azfQZEnclewLpNTubFKiWbChRoXaSRzzXTbf5Xp8reVdW0UNo6X/jaGFl\nofF3A17RCHPs4s6wQ7TJr02TA06/w1QwjmTnDCWjb+HOnaxc04EwfAPhVcMY2PIt\n1YfvPsKONhECggCBALzFU/Ag43ekCc84hIPXiQQPt6UEzk3gmyABMv0e2C+UW35M\nJsLgKefmBTTY8G2+4Nc0Rs86NUXZPKfIynDXatRny7ZugHf2dXahyQped+Z3AM9T\nqoOzyZ6gyBuKFJbSdAJK3oQt3b5rsMm8KDUW5dBOAf661JnYNdHTqZrJB4wj\n-----END RSA PRIVATE KEY-----\n", "user_id": "7ea287a4aa6f4a6fb3ce32a7af27d9ef", "name": "tempest-TestNetworkBasicOps-202569923", "fingerprint": "99:62:ae:fd:35:d2:99:d6:aa:b3:df:4a:86:06:6e:84"}}
2016-01-05 04:56:17,928 25047 INFO     [tempest_lib.common.rest_client] Request (TestNetworkBasicOps:test_connectivity_between_vms_on_different_networks): 200 POST http://10.0.2.15:5000/v2.0/tokens
2016-01-05 04:56:17,929 25047 DEBUG    [tempest_lib.common.rest_client] Request - Headers: {'Content-Type': 'application/json', 'Accept': 'application/json'}
        Body: &lt;omitted&gt;
    Response - Headers: {'status': '200', 'content-length': '2530', 'vary': 'X-Auth-Token', 'server': 'Apache/2.4.7 (Ubuntu)', 'connection': 'close', 'date': 'Tue, 05 Jan 2016 04:56:17 GMT', 'content-type': 'application/json', 'x-openstack-request-id': 'req-f3fdc351-7903-45a7-82b9-0e66628bf119'}
        Body: {"access": {"token": {"issued_at": "2016-01-05T04:56:17.919777", "expires": "2016-01-05T05:56:17Z", "id": "282b44d121e5465d8edc759c16c882fc", "tenant": {"description": "tempest-TestNetworkBasicOps-1879204559-desc", "enabled": true, "id": "2fc79f1708fe4738961c632f0b48fe4f", "name": "tempest-TestNetworkBasicOps-1879204559"}, "audit_ids": ["YGku5bbMRHGbYR4SmhyCmg"]}, "serviceCatalog": [{"endpoints": [{"adminURL": "http://10.0.2.15:8774/v2.1/2fc79f1708fe4738961c632f0b48fe4f", "region": "RegionOne", "internalURL": "http://10.0.2.15:8774/v2.1/2fc79f1708fe4738961c632f0b48fe4f", "id": "05704d1a633244768549571af7b51428", "publicURL": "http://10.0.2.15:8774/v2.1/2fc79f1708fe4738961c632f0b48fe4f"}], "endpoints_links": [], "type": "compute", "name": "nova"}, {"endpoints": [{"adminURL": "http://10.0.2.15:9696/", "region": "RegionOne", "internalURL": "http://10.0.2.15:9696/", "id": "4727812371584c64af9c5790336d76bb", "publicURL": "http://10.0.2.15:9696/"}], "endpoints_links": [], "type": "network", "name": "neutron"}, {"endpoints": [{"adminURL": "http://10.0.2.15:9292", "region": "RegionOne", "internalURL": "http://10.0.2.15:9292", "id": "8b0001049ead462c89b95a894ab78882", "publicURL": "http://10.0.2.15:9292"}], "endpoints_links": [], "type": "image", "name": "glance"}, {"endpoints": [{"adminURL": "http://10.0.2.15:8774/v2/2fc79f1708fe4738961c632f0b48fe4f", "region": "RegionOne", "internalURL": "http://10.0.2.15:8774/v2/2fc79f1708fe4738961c632f0b48fe4f", "id": "41f9de7ba21d4067a8f4f678561e7834", "publicURL": "http://10.0.2.15:8774/v2/2fc79f1708fe4738961c632f0b48fe4f"}], "endpoints_links": [], "type": "compute_legacy", "name": "nova_legacy"}, {"endpoints": [{"adminURL": "http://10.0.2.15:8773/", "region": "RegionOne", "internalURL": "http://10.0.2.15:8773/", "id": "7165d9dd648f458d8d74e6bb7a4f3b77", "publicURL": "http://10.0.2.15:8773/"}], "endpoints_links": [], "type": "ec2", "name": "ec2"}, {"endpoints": [{"adminURL": "http://10.0.2.15:35357/v2.0", "region": "RegionOne", "internalURL": "http://10.0.2.15:5000/v2.0", "id": "23511b5748394158baaeae7e023fa89f", "publicURL": "http://10.0.2.15:5000/v2.0"}], "endpoints_links": [], "type": "identity", "name": "keystone"}], "user": {"username": "tempest-TestNetworkBasicOps-2107721491", "roles_links": [], "id": "7ea287a4aa6f4a6fb3ce32a7af27d9ef", "roles": [{"name": "Member"}, {"name": "_member_"}], "name": "tempest-TestNetworkBasicOps-2107721491"}, "metadata": {"is_admin": 0, "roles": ["a37eaa2478c341f8b294141bc98d7105", "9fe2ff9ee4384b1894a90878d3e92bab"]}}}
2016-01-05 04:56:17,932 25047 DEBUG    [tempest.common.fixed_network] (TestNetworkBasicOps:test_connectivity_between_vms_on_different_networks) No valid network provided or created, defaulting to fixed_network_name
2016-01-05 04:56:18,330 25047 INFO     [tempest_lib.common.rest_client] Request (TestNetworkBasicOps:test_connectivity_between_vms_on_different_networks): 200 GET http://10.0.2.15:8774/v2.1/2fc79f1708fe4738961c632f0b48fe4f/os-networks 0.397s
2016-01-05 04:56:18,330 25047 DEBUG    [tempest_lib.common.rest_client] Request - Headers: {'Content-Type': 'application/json', 'Accept': 'application/json', 'X-Auth-Token': '&lt;omitted&gt;'}
        Body: None
    Response - Headers: {'status': '200', 'content-length': '478', 'content-location': 'http://10.0.2.15:8774/v2.1/2fc79f1708fe4738961c632f0b48fe4f/os-networks', 'x-compute-request-id': 'req-d1dbf1ec-889a-4336-8efb-f0ebef5a9e05', 'vary': 'X-OpenStack-Nova-API-Version', 'connection': 'close', 'x-openstack-nova-api-version': '2.1', 'date': 'Tue, 05 Jan 2016 04:56:18 GMT', 'content-type': 'application/json'}
        Body: {"networks": [{"cidr_v6": null, "dns2": null, "dns1": null, "gateway": null, "broadcast": null, "netmask": null, "gateway_v6": null, "cidr": null, "label": "public", "id": "96b8ab12-598e-47c7-80da-47b1034573ec", "netmask_v6": null}, {"cidr_v6": null, "dns2": null, "dns1": null, "gateway": null, "broadcast": null, "netmask": null, "gateway_v6": null, "cidr": null, "label": "tempest-network-smoke--350861171", "id": "32bfafdb-23cc-4e11-8302-16e18f765733", "netmask_v6": null}]}
2016-01-05 04:56:18,330 25047 WARNING  [tempest.common.fixed_network] (TestNetworkBasicOps:test_connectivity_between_vms_on_different_networks) Network with name: private not found
2016-01-05 04:56:18,331 25047 INFO     [tempest.common.fixed_network] (TestNetworkBasicOps:test_connectivity_between_vms_on_different_networks) Found network {} available for tenant
2016-01-05 04:56:20,026 25047 INFO     [tempest_lib.common.rest_client] Request (TestNetworkBasicOps:test_connectivity_between_vms_on_different_networks): 202 POST http://10.0.2.15:8774/v2.1/2fc79f1708fe4738961c632f0b48fe4f/servers 1.695s
2016-01-05 04:56:20,027 25047 DEBUG    [tempest_lib.common.rest_client] Request - Headers: {'Content-Type': 'application/json', 'Accept': 'application/json', 'X-Auth-Token': '&lt;omitted&gt;'}
        Body: {"server": {"name": "tempest.common.compute-instance-1222390430", "imageRef": "38cdbd7d-26e3-4051-ab3f-045fcb7c7095", "key_name": "tempest-TestNetworkBasicOps-202569923", "flavorRef": "42", "networks": [{"uuid": "32bfafdb-23cc-4e11-8302-16e18f765733"}], "security_groups": [{"name": "tempest-secgroup-smoke-540521787"}]}}
    Response - Headers: {'status': '202', 'content-length': '461', 'x-compute-request-id': 'req-85d5d6fe-8a5a-43cc-b974-2f7903db4963', 'vary': 'X-OpenStack-Nova-API-Version', 'connection': 'close', 'location': 'http://10.0.2.15:8774/v2.1/2fc79f1708fe4738961c632f0b48fe4f/servers/0e0d0beb-618d-4d05-915e-488e9699e441', 'x-openstack-nova-api-version': '2.1', 'date': 'Tue, 05 Jan 2016 04:56:20 GMT', 'content-type': 'application/json'}
        Body: {"server": {"security_groups": [{"name": "tempest-secgroup-smoke-540521787"}], "OS-DCF:diskConfig": "MANUAL", "id": "0e0d0beb-618d-4d05-915e-488e9699e441", "links": [{"href": "http://10.0.2.15:8774/v2.1/2fc79f1708fe4738961c632f0b48fe4f/servers/0e0d0beb-618d-4d05-915e-488e9699e441", "rel": "self"}, {"href": "http://10.0.2.15:8774/2fc79f1708fe4738961c632f0b48fe4f/servers/0e0d0beb-618d-4d05-915e-488e9699e441", "rel": "bookmark"}], "adminPass": "B9kfxKNTtvdU"}}
2016-01-05 04:56:20,176 25047 INFO     [tempest_lib.common.rest_client] Request (TestNetworkBasicOps:test_connectivity_between_vms_on_different_networks): 200 GET http://10.0.2.15:8774/v2.1/2fc79f1708fe4738961c632f0b48fe4f/servers/0e0d0beb-618d-4d05-915e-488e9699e441 0.145s
2016-01-05 04:56:20,176 25047 DEBUG    [tempest_lib.common.rest_client] Request - Headers: {'Content-Type': 'application/json', 'Accept': 'application/json', 'X-Auth-Token': '&lt;omitted&gt;'}
        Body: None
    Response - Headers: {'status': '200', 'content-length': '1355', 'content-location': 'http://10.0.2.15:8774/v2.1/2fc79f1708fe4738961c632f0b48fe4f/servers/0e0d0beb-618d-4d05-915e-488e9699e441', 'x-compute-request-id': 'req-f8400c3a-005c-46e5-9195-5cc1d4d1e06a', 'vary': 'X-OpenStack-Nova-API-Version', 'connection': 'close', 'x-openstack-nova-api-version': '2.1', 'date': 'Tue, 05 Jan 2016 04:56:20 GMT', 'content-type': 'application/json'}
        Body: {"server": {"status": "BUILD", "updated": "2016-01-05T04:56:20Z", "hostId": "", "addresses": {}, "links": [{"href": "http://10.0.2.15:8774/v2.1/2fc79f1708fe4738961c632f0b48fe4f/servers/0e0d0beb-618d-4d05-915e-488e9699e441", "rel": "self"}, {"href": "http://10.0.2.15:8774/2fc79f1708fe4738961c632f0b48fe4f/servers/0e0d0beb-618d-4d05-915e-488e9699e441", "rel": "bookmark"}], "key_name": "tempest-TestNetworkBasicOps-202569923", "image": {"id": "38cdbd7d-26e3-4051-ab3f-045fcb7c7095", "links": [{"href": "http://10.0.2.15:8774/2fc79f1708fe4738961c632f0b48fe4f/images/38cdbd7d-26e3-4051-ab3f-045fcb7c7095", "rel": "bookmark"}]}, "OS-EXT-STS:task_state": "scheduling", "OS-EXT-STS:vm_state": "building", "OS-SRV-USG:launched_at": null, "flavor": {"id": "42", "links": [{"href": "http://10.0.2.15:8774/2fc79f1708fe4738961c632f0b48fe4f/flavors/42", "rel": "bookmark"}]}, "id": "0e0d0beb-618d-4d05-915e-488e9699e441", "OS-SRV-USG:terminated_at": null, "OS-EXT-AZ:availability_zone": "", "user_id": "7ea287a4aa6f4a6fb3ce32a7af27d9ef", "name": "tempest.common.compute-instance-1222390430", "created": "2016-01-05T04:56:19Z", "tenant_id": "2fc79f1708fe4738961c632f0b48fe4f", "OS-DCF:diskConfig": "MANUAL", "os-extended-volumes:volumes_attached": [], "accessIPv4": "", "accessIPv6": "", "progress": 0, "OS-EXT-STS:power_state": 0, "config_drive": "", "metadata": {}}}
2016-01-05 04:56:21,436 25047 INFO     [tempest_lib.common.rest_client] Request (TestNetworkBasicOps:test_connectivity_between_vms_on_different_networks): 200 GET http://10.0.2.15:8774/v2.1/2fc79f1708fe4738961c632f0b48fe4f/servers/0e0d0beb-618d-4d05-915e-488e9699e441 0.249s
2016-01-05 04:56:21,436 25047 DEBUG    [tempest_lib.common.rest_client] Request - Headers: {'Content-Type': 'application/json', 'Accept': 'application/json', 'X-Auth-Token': '&lt;omitted&gt;'}
        Body: None
    Response - Headers: {'status': '200', 'content-length': '1413', 'content-location': 'http://10.0.2.15:8774/v2.1/2fc79f1708fe4738961c632f0b48fe4f/servers/0e0d0beb-618d-4d05-915e-488e9699e441', 'x-compute-request-id': 'req-836a4f46-da7f-4e77-b473-2f7df250447c', 'vary': 'X-OpenStack-Nova-API-Version', 'connection': 'close', 'x-openstack-nova-api-version': '2.1', 'date': 'Tue, 05 Jan 2016 04:56:21 GMT', 'content-type': 'application/json'}
        Body: {"server": {"status": "BUILD", "updated": "2016-01-05T04:56:21Z", "hostId": "95f1f49fad072f21a4774dc8a91cd7e955133f7ae4ad17fbf72e350c", "addresses": {}, "links": [{"href": "http://10.0.2.15:8774/v2.1/2fc79f1708fe4738961c632f0b48fe4f/servers/0e0d0beb-618d-4d05-915e-488e9699e441", "rel": "self"}, {"href": "http://10.0.2.15:8774/2fc79f1708fe4738961c632f0b48fe4f/servers/0e0d0beb-618d-4d05-915e-488e9699e441", "rel": "bookmark"}], "key_name": "tempest-TestNetworkBasicOps-202569923", "image": {"id": "38cdbd7d-26e3-4051-ab3f-045fcb7c7095", "links": [{"href": "http://10.0.2.15:8774/2fc79f1708fe4738961c632f0b48fe4f/images/38cdbd7d-26e3-4051-ab3f-045fcb7c7095", "rel": "bookmark"}]}, "OS-EXT-STS:task_state": "spawning", "OS-EXT-STS:vm_state": "building", "OS-SRV-USG:launched_at": null, "flavor": {"id": "42", "links": [{"href": "http://10.0.2.15:8774/2fc79f1708fe4738961c632f0b48fe4f/flavors/42", "rel": "bookmark"}]}, "id": "0e0d0beb-618d-4d05-915e-488e9699e441", "OS-SRV-USG:terminated_at": null, "OS-EXT-AZ:availability_zone": "nova", "user_id": "7ea287a4aa6f4a6fb3ce32a7af27d9ef", "name": "tempest.common.compute-instance-1222390430", "created": "2016-01-05T04:56:19Z", "tenant_id": "2fc79f1708fe4738961c632f0b48fe4f", "OS-DCF:diskConfig": "MANUAL", "os-extended-volumes:volumes_attached": [], "accessIPv4": "", "accessIPv6": "", "progress": 0, "OS-EXT-STS:power_state": 0, "config_drive": "", "metadata": {}}}
2016-01-05 04:56:21,450 25047 INFO     [tempest.common.waiters] State transition "BUILD/scheduling" ==&gt; "BUILD/spawning" after 1 second wait
2016-01-05 04:56:22,696 25047 INFO     [tempest_lib.common.rest_client] Request (TestNetworkBasicOps:test_connectivity_between_vms_on_different_networks): 200 GET http://10.0.2.15:8774/v2.1/2fc79f1708fe4738961c632f0b48fe4f/servers/0e0d0beb-618d-4d05-915e-488e9699e441 0.244s
2016-01-05 04:56:22,697 25047 DEBUG    [tempest_lib.common.rest_client] Request - Headers: {'Content-Type': 'application/json', 'Accept': 'application/json', 'X-Auth-Token': '&lt;omitted&gt;'}
        Body: None
    Response - Headers: {'status': '200', 'content-length': '1480', 'content-location': 'http://10.0.2.15:8774/v2.1/2fc79f1708fe4738961c632f0b48fe4f/servers/0e0d0beb-618d-4d05-915e-488e9699e441', 'x-compute-request-id': 'req-c9866827-d9be-4b53-954d-51b6b2e764df', 'vary': 'X-OpenStack-Nova-API-Version', 'connection': 'close', 'x-openstack-nova-api-version': '2.1', 'date': 'Tue, 05 Jan 2016 04:56:22 GMT', 'content-type': 'application/json'}
        Body: {"server": {"status": "BUILD", "updated": "2016-01-05T04:56:21Z", "hostId": "95f1f49fad072f21a4774dc8a91cd7e955133f7ae4ad17fbf72e350c", "addresses": {}, "links": [{"href": "http://10.0.2.15:8774/v2.1/2fc79f1708fe4738961c632f0b48fe4f/servers/0e0d0beb-618d-4d05-915e-488e9699e441", "rel": "self"}, {"href": "http://10.0.2.15:8774/2fc79f1708fe4738961c632f0b48fe4f/servers/0e0d0beb-618d-4d05-915e-488e9699e441", "rel": "bookmark"}], "key_name": "tempest-TestNetworkBasicOps-202569923", "image": {"id": "38cdbd7d-26e3-4051-ab3f-045fcb7c7095", "links": [{"href": "http://10.0.2.15:8774/2fc79f1708fe4738961c632f0b48fe4f/images/38cdbd7d-26e3-4051-ab3f-045fcb7c7095", "rel": "bookmark"}]}, "OS-EXT-STS:task_state": "spawning", "OS-EXT-STS:vm_state": "building", "OS-SRV-USG:launched_at": null, "flavor": {"id": "42", "links": [{"href": "http://10.0.2.15:8774/2fc79f1708fe4738961c632f0b48fe4f/flavors/42", "rel": "bookmark"}]}, "id": "0e0d0beb-618d-4d05-915e-488e9699e441", "security_groups": [{"name": "tempest-secgroup-smoke-540521787"}], "OS-SRV-USG:terminated_at": null, "OS-EXT-AZ:availability_zone": "nova", "user_id": "7ea287a4aa6f4a6fb3ce32a7af27d9ef", "name": "tempest.common.compute-instance-1222390430", "created": "2016-01-05T04:56:19Z", "tenant_id": "2fc79f1708fe4738961c632f0b48fe4f", "OS-DCF:diskConfig": "MANUAL", "os-extended-volumes:volumes_attached": [], "accessIPv4": "", "accessIPv6": "", "progress": 0, "OS-EXT-STS:power_state": 0, "config_drive": "", "metadata": {}}}
2016-01-05 04:56:23,917 25047 INFO     [tempest_lib.common.rest_client] Request (TestNetworkBasicOps:test_connectivity_between_vms_on_different_networks): 200 GET http://10.0.2.15:8774/v2.1/2fc79f1708fe4738961c632f0b48fe4f/servers/0e0d0beb-618d-4d05-915e-488e9699e441 0.209s
2016-01-05 04:56:23,918 25047 DEBUG    [tempest_lib.common.rest_client] Request - Headers: {'Content-Type': 'application/json', 'Accept': 'application/json', 'X-Auth-Token': '&lt;omitted&gt;'}
        Body: None
    Response - Headers: {'status': '200', 'content-length': '1480', 'content-location': 'http://10.0.2.15:8774/v2.1/2fc79f1708fe4738961c632f0b48fe4f/servers/0e0d0beb-618d-4d05-915e-488e9699e441', 'x-compute-request-id': 'req-61b0d033-f7b1-4644-bb54-06dd33c2d993', 'vary': 'X-OpenStack-Nova-API-Version', 'connection': 'close', 'x-openstack-nova-api-version': '2.1', 'date': 'Tue, 05 Jan 2016 04:56:23 GMT', 'content-type': 'application/json'}
        Body: {"server": {"status": "BUILD", "updated": "2016-01-05T04:56:21Z", "hostId": "95f1f49fad072f21a4774dc8a91cd7e955133f7ae4ad17fbf72e350c", "addresses": {}, "links": [{"href": "http://10.0.2.15:8774/v2.1/2fc79f1708fe4738961c632f0b48fe4f/servers/0e0d0beb-618d-4d05-915e-488e9699e441", "rel": "self"}, {"href": "http://10.0.2.15:8774/2fc79f1708fe4738961c632f0b48fe4f/servers/0e0d0beb-618d-4d05-915e-488e9699e441", "rel": "bookmark"}], "key_name": "tempest-TestNetworkBasicOps-202569923", "image": {"id": "38cdbd7d-26e3-4051-ab3f-045fcb7c7095", "links": [{"href": "http://10.0.2.15:8774/2fc79f1708fe4738961c632f0b48fe4f/images/38cdbd7d-26e3-4051-ab3f-045fcb7c7095", "rel": "bookmark"}]}, "OS-EXT-STS:task_state": "spawning", "OS-EXT-STS:vm_state": "building", "OS-SRV-USG:launched_at": null, "flavor": {"id": "42", "links": [{"href": "http://10.0.2.15:8774/2fc79f1708fe4738961c632f0b48fe4f/flavors/42", "rel": "bookmark"}]}, "id": "0e0d0beb-618d-4d05-915e-488e9699e441", "security_groups": [{"name": "tempest-secgroup-smoke-540521787"}], "OS-SRV-USG:terminated_at": null, "OS-EXT-AZ:availability_zone": "nova", "user_id": "7ea287a4aa6f4a6fb3ce32a7af27d9ef", "name": "tempest.common.compute-instance-1222390430", "created": "2016-01-05T04:56:19Z", "tenant_id": "2fc79f1708fe4738961c632f0b48fe4f", "OS-DCF:diskConfig": "MANUAL", "os-extended-volumes:volumes_attached": [], "accessIPv4": "", "accessIPv6": "", "progress": 0, "OS-EXT-STS:power_state": 0, "config_drive": "", "metadata": {}}}
2016-01-05 04:56:25,137 25047 INFO     [tempest_lib.common.rest_client] Request (TestNetworkBasicOps:test_connectivity_between_vms_on_different_networks): 200 GET http://10.0.2.15:8774/v2.1/2fc79f1708fe4738961c632f0b48fe4f/servers/0e0d0beb-618d-4d05-915e-488e9699e441 0.209s
2016-01-05 04:56:25,137 25047 DEBUG    [tempest_lib.common.rest_client] Request - Headers: {'Content-Type': 'application/json', 'Accept': 'application/json', 'X-Auth-Token': '&lt;omitted&gt;'}
        Body: None
    Response - Headers: {'status': '200', 'content-length': '1651', 'content-location': 'http://10.0.2.15:8774/v2.1/2fc79f1708fe4738961c632f0b48fe4f/servers/0e0d0beb-618d-4d05-915e-488e9699e441', 'x-compute-request-id': 'req-7763c926-11d0-4ca6-9299-3f8e342f0018', 'vary': 'X-OpenStack-Nova-API-Version', 'connection': 'close', 'x-openstack-nova-api-version': '2.1', 'date': 'Tue, 05 Jan 2016 04:56:25 GMT', 'content-type': 'application/json'}
        Body: {"server": {"status": "ACTIVE", "updated": "2016-01-05T04:56:23Z", "hostId": "95f1f49fad072f21a4774dc8a91cd7e955133f7ae4ad17fbf72e350c", "addresses": {"tempest-network-smoke--350861171": [{"OS-EXT-IPS-MAC:mac_addr": "fa:16:3e:a2:75:ef", "version": 4, "addr": "10.100.0.3", "OS-EXT-IPS:type": "fixed"}]}, "links": [{"href": "http://10.0.2.15:8774/v2.1/2fc79f1708fe4738961c632f0b48fe4f/servers/0e0d0beb-618d-4d05-915e-488e9699e441", "rel": "self"}, {"href": "http://10.0.2.15:8774/2fc79f1708fe4738961c632f0b48fe4f/servers/0e0d0beb-618d-4d05-915e-488e9699e441", "rel": "bookmark"}], "key_name": "tempest-TestNetworkBasicOps-202569923", "image": {"id": "38cdbd7d-26e3-4051-ab3f-045fcb7c7095", "links": [{"href": "http://10.0.2.15:8774/2fc79f1708fe4738961c632f0b48fe4f/images/38cdbd7d-26e3-4051-ab3f-045fcb7c7095", "rel": "bookmark"}]}, "OS-EXT-STS:task_state": null, "OS-EXT-STS:vm_state": "active", "OS-SRV-USG:launched_at": "2016-01-05T04:56:23.000000", "flavor": {"id": "42", "links": [{"href": "http://10.0.2.15:8774/2fc79f1708fe4738961c632f0b48fe4f/flavors/42", "rel": "bookmark"}]}, "id": "0e0d0beb-618d-4d05-915e-488e9699e441", "security_groups": [{"name": "tempest-secgroup-smoke-540521787"}], "OS-SRV-USG:terminated_at": null, "OS-EXT-AZ:availability_zone": "nova", "user_id": "7ea287a4aa6f4a6fb3ce32a7af27d9ef", "name": "tempest.common.compute-instance-1222390430", "created": "2016-01-05T04:56:19Z", "tenant_id": "2fc79f1708fe4738961c632f0b48fe4f", "OS-DCF:diskConfig": "MANUAL", "os-extended-volumes:volumes_attached": [], "accessIPv4": "", "accessIPv6": "", "progress": 0, "OS-EXT-STS:power_state": 1, "config_drive": "True", "metadata": {}}}
2016-01-05 04:56:25,146 25047 INFO     [tempest.common.waiters] State transition "BUILD/spawning" ==&gt; "ACTIVE/None" after 5 second wait
2016-01-05 04:56:25,351 25047 INFO     [tempest_lib.common.rest_client] Request (TestNetworkBasicOps:test_connectivity_between_vms_on_different_networks): 200 GET http://10.0.2.15:8774/v2.1/2fc79f1708fe4738961c632f0b48fe4f/servers/0e0d0beb-618d-4d05-915e-488e9699e441 0.203s
2016-01-05 04:56:25,351 25047 DEBUG    [tempest_lib.common.rest_client] Request - Headers: {'Content-Type': 'application/json', 'Accept': 'application/json', 'X-Auth-Token': '&lt;omitted&gt;'}
        Body: None
    Response - Headers: {'status': '200', 'content-length': '1651', 'content-location': 'http://10.0.2.15:8774/v2.1/2fc79f1708fe4738961c632f0b48fe4f/servers/0e0d0beb-618d-4d05-915e-488e9699e441', 'x-compute-request-id': 'req-d73bf7c4-042d-451f-bc82-122fccfd9263', 'vary': 'X-OpenStack-Nova-API-Version', 'connection': 'close', 'x-openstack-nova-api-version': '2.1', 'date': 'Tue, 05 Jan 2016 04:56:25 GMT', 'content-type': 'application/json'}
        Body: {"server": {"status": "ACTIVE", "updated": "2016-01-05T04:56:23Z", "hostId": "95f1f49fad072f21a4774dc8a91cd7e955133f7ae4ad17fbf72e350c", "addresses": {"tempest-network-smoke--350861171": [{"OS-EXT-IPS-MAC:mac_addr": "fa:16:3e:a2:75:ef", "version": 4, "addr": "10.100.0.3", "OS-EXT-IPS:type": "fixed"}]}, "links": [{"href": "http://10.0.2.15:8774/v2.1/2fc79f1708fe4738961c632f0b48fe4f/servers/0e0d0beb-618d-4d05-915e-488e9699e441", "rel": "self"}, {"href": "http://10.0.2.15:8774/2fc79f1708fe4738961c632f0b48fe4f/servers/0e0d0beb-618d-4d05-915e-488e9699e441", "rel": "bookmark"}], "key_name": "tempest-TestNetworkBasicOps-202569923", "image": {"id": "38cdbd7d-26e3-4051-ab3f-045fcb7c7095", "links": [{"href": "http://10.0.2.15:8774/2fc79f1708fe4738961c632f0b48fe4f/images/38cdbd7d-26e3-4051-ab3f-045fcb7c7095", "rel": "bookmark"}]}, "OS-EXT-STS:task_state": null, "OS-EXT-STS:vm_state": "active", "OS-SRV-USG:launched_at": "2016-01-05T04:56:23.000000", "flavor": {"id": "42", "links": [{"href": "http://10.0.2.15:8774/2fc79f1708fe4738961c632f0b48fe4f/flavors/42", "rel": "bookmark"}]}, "id": "0e0d0beb-618d-4d05-915e-488e9699e441", "security_groups": [{"name": "tempest-secgroup-smoke-540521787"}], "OS-SRV-USG:terminated_at": null, "OS-EXT-AZ:availability_zone": "nova", "user_id": "7ea287a4aa6f4a6fb3ce32a7af27d9ef", "name": "tempest.common.compute-instance-1222390430", "created": "2016-01-05T04:56:19Z", "tenant_id": "2fc79f1708fe4738961c632f0b48fe4f", "OS-DCF:diskConfig": "MANUAL", "os-extended-volumes:volumes_attached": [], "accessIPv4": "", "accessIPv6": "", "progress": 0, "OS-EXT-STS:power_state": 1, "config_drive": "True", "metadata": {}}}
2016-01-05 04:56:25,364 25047 INFO     [tempest.scenario.manager] Tenant networks not configured to be reachable.
2016-01-05 04:56:25,526 25047 INFO     [tempest_lib.common.rest_client] Request (TestNetworkBasicOps:test_connectivity_between_vms_on_different_networks): 200 GET http://10.0.2.15:9696/v2.0/ports?status=ACTIVE&amp;fixed_ip=None&amp;device_id=0e0d0beb-618d-4d05-915e-488e9699e441 0.161s
2016-01-05 04:56:25,527 25047 DEBUG    [tempest_lib.common.rest_client] Request - Headers: {'Content-Type': 'application/json', 'Accept': 'application/json', 'X-Auth-Token': '&lt;omitted&gt;'}
        Body: None
    Response - Headers: {'status': '200', 'content-length': '895', 'content-location': 'http://10.0.2.15:9696/v2.0/ports?status=ACTIVE&amp;fixed_ip=None&amp;device_id=0e0d0beb-618d-4d05-915e-488e9699e441', 'connection': 'close', 'date': 'Tue, 05 Jan 2016 04:56:25 GMT', 'content-type': 'application/json; charset=UTF-8', 'x-openstack-request-id': 'req-20598467-7f8d-468a-b2d6-04abac27ecfe'}
        Body: {"ports": [{"status": "ACTIVE", "binding:host_id": "vagrant-ubuntu-trusty-64", "allowed_address_pairs": [], "extra_dhcp_opts": [], "dns_assignment": [{"hostname": "host-10-100-0-3", "ip_address": "10.100.0.3", "fqdn": "host-10-100-0-3.openstacklocal."}], "device_owner": "compute:None", "port_security_enabled": true, "binding:profile": {}, "fixed_ips": [{"subnet_id": "006aef12-7422-4b45-9442-60109fa5d160", "ip_address": "10.100.0.3"}], "id": "46ff615a-8f8b-4529-beaf-9c5d39747f50", "security_groups": ["e5d27568-cf18-4278-bc9c-57acdeb79f37"], "device_id": "0e0d0beb-618d-4d05-915e-488e9699e441", "name": "", "admin_state_up": true, "network_id": "32bfafdb-23cc-4e11-8302-16e18f765733", "dns_name": "", "binding:vif_details": {"port_filter": true}, "binding:vnic_type": "normal", "binding:vif_type": "ovs", "tenant_id": "2fc79f1708fe4738961c632f0b48fe4f", "mac_address": "fa:16:3e:a2:75:ef"}]}
2016-01-05 04:56:26,057 25047 INFO     [tempest_lib.common.rest_client] Request (TestNetworkBasicOps:test_connectivity_between_vms_on_different_networks): 201 POST http://10.0.2.15:9696/v2.0/floatingips 0.530s
2016-01-05 04:56:26,058 25047 DEBUG    [tempest_lib.common.rest_client] Request - Headers: {'Content-Type': 'application/json', 'Accept': 'application/json', 'X-Auth-Token': '&lt;omitted&gt;'}
        Body: {"floatingip": {"floating_network_id": "96b8ab12-598e-47c7-80da-47b1034573ec", "tenant_id": "2fc79f1708fe4738961c632f0b48fe4f", "fixed_ip_address": "10.100.0.3", "port_id": "46ff615a-8f8b-4529-beaf-9c5d39747f50"}}
    Response - Headers: {'status': '201', 'content-length': '367', 'connection': 'close', 'date': 'Tue, 05 Jan 2016 04:56:26 GMT', 'content-type': 'application/json; charset=UTF-8', 'x-openstack-request-id': 'req-01e40e17-831b-4442-b48e-79349b31b4d4'}
        Body: {"floatingip": {"floating_network_id": "96b8ab12-598e-47c7-80da-47b1034573ec", "router_id": "33496081-72cc-4d71-840f-79487bc644fa", "fixed_ip_address": "10.100.0.3", "floating_ip_address": "172.24.4.4", "tenant_id": "2fc79f1708fe4738961c632f0b48fe4f", "status": "DOWN", "port_id": "46ff615a-8f8b-4529-beaf-9c5d39747f50", "id": "dbf2111c-ef3e-48c7-a425-e8f605685c36"}}
2016-01-05 04:56:26,071 25047 INFO     [tempest_lib.common.rest_client] Request (TestNetworkBasicOps:test_connectivity_between_vms_on_different_networks): 200 GET http://10.0.2.15:9696/v2.0/floatingips/dbf2111c-ef3e-48c7-a425-e8f605685c36 0.013s
2016-01-05 04:56:26,072 25047 DEBUG    [tempest_lib.common.rest_client] Request - Headers: {'Content-Type': 'application/json', 'Accept': 'application/json', 'X-Auth-Token': '&lt;omitted&gt;'}
        Body: None
    Response - Headers: {'status': '200', 'content-length': '367', 'content-location': 'http://10.0.2.15:9696/v2.0/floatingips/dbf2111c-ef3e-48c7-a425-e8f605685c36', 'connection': 'close', 'date': 'Tue, 05 Jan 2016 04:56:26 GMT', 'content-type': 'application/json; charset=UTF-8', 'x-openstack-request-id': 'req-cc32ab6c-ff2d-41d6-aadc-806b327a604d'}
        Body: {"floatingip": {"floating_network_id": "96b8ab12-598e-47c7-80da-47b1034573ec", "router_id": "33496081-72cc-4d71-840f-79487bc644fa", "fixed_ip_address": "10.100.0.3", "floating_ip_address": "172.24.4.4", "tenant_id": "2fc79f1708fe4738961c632f0b48fe4f", "status": "DOWN", "port_id": "46ff615a-8f8b-4529-beaf-9c5d39747f50", "id": "dbf2111c-ef3e-48c7-a425-e8f605685c36"}}
2016-01-05 04:56:27,087 25047 INFO     [tempest_lib.common.rest_client] Request (TestNetworkBasicOps:test_connectivity_between_vms_on_different_networks): 200 GET http://10.0.2.15:9696/v2.0/floatingips/dbf2111c-ef3e-48c7-a425-e8f605685c36 0.013s
2016-01-05 04:56:27,087 25047 DEBUG    [tempest_lib.common.rest_client] Request - Headers: {'Content-Type': 'application/json', 'Accept': 'application/json', 'X-Auth-Token': '&lt;omitted&gt;'}
        Body: None
    Response - Headers: {'status': '200', 'content-length': '369', 'content-location': 'http://10.0.2.15:9696/v2.0/floatingips/dbf2111c-ef3e-48c7-a425-e8f605685c36', 'connection': 'close', 'date': 'Tue, 05 Jan 2016 04:56:27 GMT', 'content-type': 'application/json; charset=UTF-8', 'x-openstack-request-id': 'req-ef81978e-d739-4e9b-9c31-f25fc63490f7'}
        Body: {"floatingip": {"floating_network_id": "96b8ab12-598e-47c7-80da-47b1034573ec", "router_id": "33496081-72cc-4d71-840f-79487bc644fa", "fixed_ip_address": "10.100.0.3", "floating_ip_address": "172.24.4.4", "tenant_id": "2fc79f1708fe4738961c632f0b48fe4f", "status": "ACTIVE", "port_id": "46ff615a-8f8b-4529-beaf-9c5d39747f50", "id": "dbf2111c-ef3e-48c7-a425-e8f605685c36"}}
2016-01-05 04:56:27,088 25047 INFO     [tempest.scenario.manager] FloatingIP: &lt;"FloatingIP" addr="172.24.4.4" id="dbf2111c-ef3e-48c7-a425-e8f605685c36"&gt; is at status: ACTIVE
2016-01-05 04:56:27,088 25047 DEBUG    [tempest.scenario.manager] checking network connections to IP 172.24.4.4 with user: cirros
2016-01-05 04:56:27,089 25047 DEBUG    [tempest.scenario.manager] TestNetworkBasicOps:test_connectivity_between_vms_on_different_networks begins to ping 172.24.4.4 in 120 sec and the expected result is reachable
2016-01-05 04:58:27,346 25047 DEBUG    [tempest.scenario.manager] TestNetworkBasicOps:test_connectivity_between_vms_on_different_networks finishes ping 172.24.4.4 in 120 sec and the ping result is unexpected
2016-01-05 04:58:27,347 25047 ERROR    [tempest.scenario.manager] Public network connectivity check failed
2016-01-05 04:58:27.347 25047 ERROR tempest.scenario.manager Traceback (most recent call last):
2016-01-05 04:58:27.347 25047 ERROR tempest.scenario.manager   File "tempest/scenario/manager.py", line 609, in check_public_network_connectivity
2016-01-05 04:58:27.347 25047 ERROR tempest.scenario.manager     should_connect=should_connect)
2016-01-05 04:58:27.347 25047 ERROR tempest.scenario.manager   File "tempest/scenario/manager.py", line 593, in check_vm_connectivity
2016-01-05 04:58:27.347 25047 ERROR tempest.scenario.manager     msg=msg)
2016-01-05 04:58:27.347 25047 ERROR tempest.scenario.manager   File "/usr/local/lib/python2.7/dist-packages/unittest2/case.py", line 702, in assertTrue
2016-01-05 04:58:27.347 25047 ERROR tempest.scenario.manager     raise self.failureException(msg)
2016-01-05 04:58:27.347 25047 ERROR tempest.scenario.manager AssertionError: False is not true : Timed out waiting for 172.24.4.4 to become reachable
2016-01-05 04:58:27.347 25047 ERROR tempest.scenario.manager 
2016-01-05 04:58:27,559 25047 INFO     [tempest_lib.common.rest_client] Request (TestNetworkBasicOps:test_connectivity_between_vms_on_different_networks): 200 POST http://10.0.2.15:8774/v2.1/2fc79f1708fe4738961c632f0b48fe4f/servers/0e0d0beb-618d-4d05-915e-488e9699e441/action 0.208s
2016-01-05 04:58:27,560 25047 DEBUG    [tempest_lib.common.rest_client] Request - Headers: {'Content-Type': 'application/json', 'Accept': 'application/json', 'X-Auth-Token': '&lt;omitted&gt;'}
        Body: {"os-getConsoleOutput": {}}
    Response - Headers: {'status': '200', 'content-length': '17428', 'x-compute-request-id': 'req-b7abf7b5-40d9-4424-98cf-fed80e5fcd0c', 'vary': 'X-OpenStack-Nova-API-Version', 'connection': 'close', 'x-openstack-nova-api-version': '2.1', 'date': 'Tue, 05 Jan 2016 04:58:27 GMT', 'content-type': 'application/json'}
        Body: {"output": "[    0.000000] Initializing cgroup subsys cpuset\n[    0.000000] Initializing cgroup subsys cpu\n[    0.000000] Linux version 3.2.0-80-virtual (buildd@batsu) (gcc version 4.6.3 (Ubuntu/Linaro 4.6.3-1ubuntu5) ) #116-Ubuntu SMP Mon Mar 23 17:28:52 UTC 2015 (Ubuntu 3.2.0-80.116-virtual 3.2.68)\n[    0.000000] Command line: root=/dev/vda console=tty0 console=ttyS0 no_timer_check\n[    0.000000] KERNEL supported cpus:\n[    0.000000]   Intel GenuineIntel\n[    0.000000]   AMD AuthenticAMD\n[    0.000000]   Centaur CentaurHauls\n[    0.000000] BIOS-provided physical RAM map:\n[    0.000000]  BIOS-e820: 0000000000000000 - 000000000009fc00 (usable)\n[    0.000000]  BIOS-e820: 000000000009fc00 - 00000000000a0000 (reserved)\n[    0.000000]  BIOS-e820: 00000000000f0000 - 0000000000100000 (reserved)\n[    0.000000]  BIOS-e820: 0000000000100000 - 0000000003ffe000 (usable)\n[    0.000000]  BIOS-e820: 0000000003ffe000 - 0000000004000000 (reserved)\n[    0.000000]  BIOS-e820: 00000000fffc0000 - 0000000100000000 (reserved)\n[    0.000000] NX (Execute Disable) protection: active\n[    0.000000] SMBIOS 2.4 present.\n[    0.000000] No AGP bridge found\n[    0.000000] last_pfn = 0x3ffe max_arch_pfn = 0x400000000\n[    0.000000] x86 PAT enabled: cpu 0, old 0x7040600070406, new 0x7010600070106\n[    0.000000] found SMP MP-table at [ffff8800000f0b00] f0b00\n[    0.000000] init_memory_mapping: 0000000000000000-0000000003ffe000\n[    0.000000] RAMDISK: 03c5e000 - 03ff0000\n[    0.000000] ACPI: RSDP 00000000000f0950 00014 (v00 BOCHS )\n[    0.000000] ACPI: RSDT 0000000003fffbc1 00034 (v01 BOCHS  BXPCRSDT 00000001 BXPC 00000001)\n[    0.000000] ACPI: FACP 0000000003fff1c0 00074 (v01 BOCHS  BXPCFACP 00000001 BXPC 00000001)\n[    0.000000] ACPI: DSDT 0000000003ffe040 01180 (v01 BOCHS  BXPCDSDT 00000001 BXPC 00000001)\n[    0.000000] ACPI: FACS 0000000003ffe000 00040\n[    0.000000] ACPI: SSDT 0000000003fff234 008DD (v01 BOCHS  BXPCSSDT 00000001 BXPC 00000001)\n[    0.000000] ACPI: APIC 0000000003fffb11 00078 (v01 BOCHS  BXPCAPIC 00000001 BXPC 00000001)\n[    0.000000] ACPI: HPET 0000000003fffb89 00038 (v01 BOCHS  BXPCHPET 00000001 BXPC 00000001)\n[    0.000000] No NUMA configuration found\n[    0.000000] Faking a node at 0000000000000000-0000000003ffe000\n[    0.000000] Initmem setup node 0 0000000000000000-0000000003ffe000\n[    0.000000]   NODE_DATA [0000000003ff6000 - 0000000003ffafff]\n[    0.000000] Zone PFN ranges:\n[    0.000000]   DMA      0x00000010 -&gt; 0x00001000\n[    0.000000]   DMA32    0x00001000 -&gt; 0x00100000\n[    0.000000]   Normal   empty\n[    0.000000] Movable zone start PFN for each node\n[    0.000000] early_node_map[2] active PFN ranges\n[    0.000000]     0: 0x00000010 -&gt; 0x0000009f\n[    0.000000]     0: 0x00000100 -&gt; 0x00003ffe\n[    0.000000] ACPI: PM-Timer IO Port: 0xb008\n[    0.000000] ACPI: LAPIC (acpi_id[0x00] lapic_id[0x00] enabled)\n[    0.000000] ACPI: LAPIC_NMI (acpi_id[0xff] dfl dfl lint[0x1])\n[    0.000000] ACPI: IOAPIC (id[0x00] address[0xfec00000] gsi_base[0])\n[    0.000000] IOAPIC[0]: apic_id 0, version 17, address 0xfec00000, GSI 0-23\n[    0.000000] ACPI: INT_SRC_OVR (bus 0 bus_irq 0 global_irq 2 dfl dfl)\n[    0.000000] ACPI: INT_SRC_OVR (bus 0 bus_irq 5 global_irq 5 high level)\n[    0.000000] ACPI: INT_SRC_OVR (bus 0 bus_irq 9 global_irq 9 high level)\n[    0.000000] ACPI: INT_SRC_OVR (bus 0 bus_irq 10 global_irq 10 high level)\n[    0.000000] ACPI: INT_SRC_OVR (bus 0 bus_irq 11 global_irq 11 high level)\n[    0.000000] Using ACPI (MADT) for SMP configuration information\n[    0.000000] ACPI: HPET id: 0x8086a201 base: 0xfed00000\n[    0.000000] SMP: Allowing 1 CPUs, 0 hotplug CPUs\n[    0.000000] PM: Registered nosave memory: 000000000009f000 - 00000000000a0000\n[    0.000000] PM: Registered nosave memory: 00000000000a0000 - 00000000000f0000\n[    0.000000] PM: Registered nosave memory: 00000000000f0000 - 0000000000100000\n[    0.000000] Allocating PCI resources starting at 4000000 (gap: 4000000:fbfc0000)\n[    0.000000] Booting paravirtualized kernel on bare hardware\n[    0.000000] setup_pe
2016-01-05 04:58:27,563 25047 DEBUG    [tempest.scenario.manager] Console output for 0e0d0beb-618d-4d05-915e-488e9699e441
body=
[    0.000000] Initializing cgroup subsys cpuset
[    0.000000] Initializing cgroup subsys cpu
[    0.000000] Linux version 3.2.0-80-virtual (buildd@batsu) (gcc version 4.6.3 (Ubuntu/Linaro 4.6.3-1ubuntu5) ) #116-Ubuntu SMP Mon Mar 23 17:28:52 UTC 2015 (Ubuntu 3.2.0-80.116-virtual 3.2.68)
[    0.000000] Command line: root=/dev/vda console=tty0 console=ttyS0 no_timer_check
[    0.000000] KERNEL supported cpus:
[    0.000000]   Intel GenuineIntel
[    0.000000]   AMD AuthenticAMD
[    0.000000]   Centaur CentaurHauls
[    0.000000] BIOS-provided physical RAM map:
[    0.000000]  BIOS-e820: 0000000000000000 - 000000000009fc00 (usable)
[    0.000000]  BIOS-e820: 000000000009fc00 - 00000000000a0000 (reserved)
[    0.000000]  BIOS-e820: 00000000000f0000 - 0000000000100000 (reserved)
[    0.000000]  BIOS-e820: 0000000000100000 - 0000000003ffe000 (usable)
[    0.000000]  BIOS-e820: 0000000003ffe000 - 0000000004000000 (reserved)
[    0.000000]  BIOS-e820: 00000000fffc0000 - 0000000100000000 (reserved)
[    0.000000] NX (Execute Disable) protection: active
[    0.000000] SMBIOS 2.4 present.
[    0.000000] No AGP bridge found
[    0.000000] last_pfn = 0x3ffe max_arch_pfn = 0x400000000
[    0.000000] x86 PAT enabled: cpu 0, old 0x7040600070406, new 0x7010600070106
[    0.000000] found SMP MP-table at [ffff8800000f0b00] f0b00
[    0.000000] init_memory_mapping: 0000000000000000-0000000003ffe000
[    0.000000] RAMDISK: 03c5e000 - 03ff0000
[    0.000000] ACPI: RSDP 00000000000f0950 00014 (v00 BOCHS )
[    0.000000] ACPI: RSDT 0000000003fffbc1 00034 (v01 BOCHS  BXPCRSDT 00000001 BXPC 00000001)
[    0.000000] ACPI: FACP 0000000003fff1c0 00074 (v01 BOCHS  BXPCFACP 00000001 BXPC 00000001)
[    0.000000] ACPI: DSDT 0000000003ffe040 01180 (v01 BOCHS  BXPCDSDT 00000001 BXPC 00000001)
[    0.000000] ACPI: FACS 0000000003ffe000 00040
[    0.000000] ACPI: SSDT 0000000003fff234 008DD (v01 BOCHS  BXPCSSDT 00000001 BXPC 00000001)
[    0.000000] ACPI: APIC 0000000003fffb11 00078 (v01 BOCHS  BXPCAPIC 00000001 BXPC 00000001)
[    0.000000] ACPI: HPET 0000000003fffb89 00038 (v01 BOCHS  BXPCHPET 00000001 BXPC 00000001)
[    0.000000] No NUMA configuration found
[    0.000000] Faking a node at 0000000000000000-0000000003ffe000
[    0.000000] Initmem setup node 0 0000000000000000-0000000003ffe000
[    0.000000]   NODE_DATA [0000000003ff6000 - 0000000003ffafff]
[    0.000000] Zone PFN ranges:
[    0.000000]   DMA      0x00000010 -&gt; 0x00001000
[    0.000000]   DMA32    0x00001000 -&gt; 0x00100000
[    0.000000]   Normal   empty
[    0.000000] Movable zone start PFN for each node
[    0.000000] early_node_map[2] active PFN ranges
[    0.000000]     0: 0x00000010 -&gt; 0x0000009f
[    0.000000]     0: 0x00000100 -&gt; 0x00003ffe
[    0.000000] ACPI: PM-Timer IO Port: 0xb008
[    0.000000] ACPI: LAPIC (acpi_id[0x00] lapic_id[0x00] enabled)
[    0.000000] ACPI: LAPIC_NMI (acpi_id[0xff] dfl dfl lint[0x1])
[    0.000000] ACPI: IOAPIC (id[0x00] address[0xfec00000] gsi_base[0])
[    0.000000] IOAPIC[0]: apic_id 0, version 17, address 0xfec00000, GSI 0-23
[    0.000000] ACPI: INT_SRC_OVR (bus 0 bus_irq 0 global_irq 2 dfl dfl)
[    0.000000] ACPI: INT_SRC_OVR (bus 0 bus_irq 5 global_irq 5 high level)
[    0.000000] ACPI: INT_SRC_OVR (bus 0 bus_irq 9 global_irq 9 high level)
[    0.000000] ACPI: INT_SRC_OVR (bus 0 bus_irq 10 global_irq 10 high level)
[    0.000000] ACPI: INT_SRC_OVR (bus 0 bus_irq 11 global_irq 11 high level)
[    0.000000] Using ACPI (MADT) for SMP configuration information
[    0.000000] ACPI: HPET id: 0x8086a201 base: 0xfed00000
[    0.000000] SMP: Allowing 1 CPUs, 0 hotplug CPUs
[    0.000000] PM: Registered nosave memory: 000000000009f000 - 00000000000a0000
[    0.000000] PM: Registered nosave memory: 00000000000a0000 - 00000000000f0000
[    0.000000] PM: Registered nosave memory: 00000000000f0000 - 0000000000100000
[    0.000000] Allocating PCI resources starting at 4000000 (gap: 4000000:fbfc0000)
[    0.000000] Booting paravirtualized kernel on bare hardware
[    0.000000] setup_percpu: NR_CPUS:64 nr_cpumask_bits:64 nr_cpu_ids:1 nr_node_ids:1
[    0.000000] PERCPU: Embedded 27 pages/cpu @ffff880003a00000 s78848 r8192 d23552 u2097152
[    0.000000] Built 1 zonelists in Node order, mobility grouping on.  Total pages: 16008
[    0.000000] Policy zone: DMA32
[    0.000000] Kernel command line: root=/dev/vda console=tty0 console=ttyS0 no_timer_check
[    0.000000] PID hash table entries: 256 (order: -1, 2048 bytes)
[    0.000000] Checking aperture...
[    0.000000] No AGP bridge found
[    0.000000] Memory: 43492k/65528k available (6576k kernel code, 452k absent, 21584k reserved, 6620k data, 928k init)
[    0.000000] SLUB: Genslabs=15, HWalign=64, Order=0-3, MinObjects=0, CPUs=1, Nodes=1
[    0.000000] Hierarchical RCU implementation.
[    0.000000] 	RCU dyntick-idle grace-period acceleration is enabled.
[    0.000000] NR_IRQS:4352 nr_irqs:256 16
[    0.000000] Console: colour VGA+ 80x25
[    0.000000] console [tty0] enabled
[    0.000000] console [ttyS0] enabled
[    0.000000] allocated 1048576 bytes of page_cgroup
[    0.000000] please try 'cgroup_disable=memory' option if you don't want memory cgroups
[    0.000000] Fast TSC calibration failed
[    0.000000] TSC: Unable to calibrate against PIT
[    0.000000] TSC: using HPET reference calibration
[    0.000000] Detected 2291.819 MHz processor.
[    0.038067] Calibrating delay loop (skipped), value calculated using timer frequency.. 4583.63 BogoMIPS (lpj=9167276)
[    0.039993] pid_max: default: 32768 minimum: 301
[    0.054144] Security Framework initialized
[    0.060840] AppArmor: AppArmor initialized
[    0.061522] Yama: becoming mindful.
[    0.070174] Dentry cache hash table entries: 8192 (order: 4, 65536 bytes)
[    0.072623] Inode-cache hash table entries: 4096 (order: 3, 32768 bytes)
[    0.074180] Mount-cache hash table entries: 256
[    0.090061] Initializing cgroup subsys cpuacct
[    0.091035] Initializing cgroup subsys memory
[    0.092743] Initializing cgroup subsys devices
[    0.093467] Initializing cgroup subsys freezer
[    0.094194] Initializing cgroup subsys blkio
[    0.094980] Initializing cgroup subsys perf_event
[    0.100521] mce: CPU supports 10 MCE banks
[    0.104116] SMP alternatives: switching to UP code
[    0.480419] Freeing SMP alternatives: 24k freed
[    0.482188] ACPI: Core revision 20110623
[    0.532448] ftrace: allocating 26610 entries in 105 pages
[    0.564034] ..TIMER: vector=0x30 apic1=0 pin1=2 apic2=-1 pin2=-1
[    0.564133] CPU0: AMD QEMU Virtual CPU version 2.0.0 stepping 03
[    0.568034] Performance Events: Broken PMU hardware detected, using software events only.
[    0.577825] NMI watchdog disabled (cpu0): hardware events not enabled
[    0.580528] Brought up 1 CPUs
[    0.581243] Total of 1 processors activated (4583.63 BogoMIPS).
[    0.605204] devtmpfs: initialized
[    0.637142] EVM: security.selinux
[    0.637612] EVM: security.SMACK64
[    0.638031] EVM: security.capability
[    0.662456] print_constraints: dummy: 
[    0.665820] RTC time:  4:56:27, date: 01/05/16
[    0.669356] NET: Registered protocol family 16
[    0.680883] ACPI: bus type pci registered
[    0.685893] PCI: Using configuration type 1 for base access
[    0.716470] bio: create slab &lt;bio-0&gt; at 0
[    0.721015] ACPI: Added _OSI(Module Device)
[    0.721592] ACPI: Added _OSI(Processor Device)
[    0.722125] ACPI: Added _OSI(3.0 _SCP Extensions)
[    0.722718] ACPI: Added _OSI(Processor Aggregator Device)
[    0.803112] ACPI: Interpreter enabled
[    0.804270] ACPI: (supports S0 S3 S4 S5)
[    0.805948] ACPI: Using IOAPIC for interrupt routing
[    0.895461] ACPI: No dock devices found.
[    0.896204] HEST: Table not found.
[    0.897005] PCI: Using host bridge windows from ACPI; if necessary, use "pci=nocrs" and report a bug
[    0.905836] ACPI: PCI Root Bridge [PCI0] (domain 0000 [bus 00-ff])
[    0.917161] pci_root PNP0A03:00: host bridge window [io  0x0000-0x0cf7]
[    0.918400] pci_root PNP0A03:00: host bridge window [io  0x0d00-0xadff]
[    0.920116] pci_root PNP0A03:00: host bridge window [io  0xae0f-0xaeff]
[    0.921058] pci_root PNP0A03:00: host bridge window [io  0xaf20-0xafdf]
[    0.921842] pci_root PNP0A03:00: host bridge window [io  0xafe4-0xffff]
[    0.923269] pci_root PNP0A03:00: host bridge window [mem 0x000a0000-0x000bffff]
[    0.924118] pci_root PNP0A03:00: host bridge window [mem 0x04000000-0xfebfffff]
[    0.950444] pci 0000:00:01.3: quirk: [io  0xb000-0xb03f] claimed by PIIX4 ACPI
[    0.952172] pci 0000:00:01.3: quirk: [io  0xb100-0xb10f] claimed by PIIX4 SMB
[    1.023364]  pci0000:00: Unable to request _OSC control (_OSC support mask: 0x1e)
[    1.087758] ACPI: PCI Interrupt Link [LNKA] (IRQs 5 *10 11)
[    1.089860] ACPI: PCI Interrupt Link [LNKB] (IRQs 5 *10 11)
[    1.092622] ACPI: PCI Interrupt Link [LNKC] (IRQs 5 10 *11)
[    1.094259] ACPI: PCI Interrupt Link [LNKD] (IRQs 5 10 *11)
[    1.095547] ACPI: PCI Interrupt Link [LNKS] (IRQs *9)
[    1.101968] vgaarb: device added: PCI:0000:00:02.0,decodes=io+mem,owns=io+mem,locks=none
[    1.102896] vgaarb: loaded
[    1.103299] vgaarb: bridge control possible 0000:00:02.0
[    1.106509] i2c-core: driver [aat2870] using legacy suspend method
[    1.108219] i2c-core: driver [aat2870] using legacy resume method
[    1.112771] SCSI subsystem initialized
[    1.117085] usbcore: registered new interface driver usbfs
[    1.118285] usbcore: registered new interface driver hub
[    1.120607] usbcore: registered new device driver usb
[    1.124364] PCI: Using ACPI for IRQ routing
[    1.140434] NetLabel: Initializing
[    1.140939] NetLabel:  domain hash size = 128
[    1.141425] NetLabel:  protocols = UNLABELED CIPSOv4
[    1.144246] NetLabel:  unlabeled traffic allowed by default
[    1.146464] HPET: 3 timers in total, 0 timers will be used for per-cpu timer
[    1.148456] hpet0: at MMIO 0xfed00000, IRQs 2, 8, 0
[    1.149290] hpet0: 3 comparators, 64-bit 100.000000 MHz counter
[    1.161411] Switching to clocksource hpet
[    1.442714] AppArmor: AppArmor Filesystem Enabled
[    1.445022] pnp: PnP ACPI init
[    1.445761] ACPI: bus type pnp registered
[    1.466853] pnp: PnP ACPI: found 9 devices
[    1.467775] ACPI: ACPI bus type pnp unregistered
[    1.539966] NET: Registered protocol family 2
[    1.575141] IP route cache hash table entries: 512 (order: 0, 4096 bytes)
[    1.587489] TCP established hash table entries: 2048 (order: 3, 32768 bytes)
[    1.590289] TCP bind hash table entries: 2048 (order: 3, 32768 bytes)
[    1.593196] TCP: Hash tables configured (established 2048 bind 2048)
[    1.593825] TCP reno registered
[    1.594378] UDP hash table entries: 128 (order: 0, 4096 bytes)
[    1.595173] UDP-Lite hash table entries: 128 (order: 0, 4096 bytes)
[    1.599067] NET: Registered protocol family 1
[    1.599595] pci 0000:00:00.0: Limiting direct PCI/PCI transfers
[    1.601266] pci 0000:00:01.0: PIIX3: Enabling Passive Release
[    1.601946] pci 0000:00:01.0: Activating ISA DMA hang workarounds
[    1.609603] ACPI: PCI Interrupt Link [LNKD] enabled at IRQ 11
[    1.611417] pci 0000:00:01.2: PCI INT D -&gt; Link[LNKD] -&gt; GSI 11 (level, high) -&gt; IRQ 11
[    1.616045] pci 0000:00:01.2: PCI INT D disabled
[    1.638386] Trying to unpack rootfs image as initramfs...
[    1.657948] audit: initializing netlink socket (disabled)
[    1.659643] type=2000 audit(1451969787.656:1): initialized
[    1.947437] HugeTLB registered 2 MB page size, pre-allocated 0 pages
[    2.036050] VFS: Disk quotas dquot_6.5.2
[    2.038741] Dquot-cache hash table entries: 512 (order 0, 4096 bytes)
[    2.053821] fuse init (API version 7.17)
[    2.056833] msgmni has been set to 84
[    2.098234] Block layer SCSI generic (bsg) driver version 0.4 loaded (major 253)
[    2.099646] io scheduler noop registered
[    2.101043] io scheduler deadline registered (default)
[    2.102123] io scheduler cfq registered
[    2.106045] pci_hotplug: PCI Hot Plug PCI Core version: 0.5
[    2.108846] pciehp: PCI Express Hot Plug Controller Driver version: 0.4
[    2.114635] input: Power Button as /devices/LNXSYSTM:00/LNXPWRBN:00/input/input0
[    2.115991] ACPI: Power Button [PWRF]
[    2.183423] ERST: Table is not found!
[    2.184066] GHES: HEST is not enabled!
[    2.195558] ACPI: PCI Interrupt Link [LNKC] enabled at IRQ 10
[    2.197912] virtio-pci 0000:00:03.0: PCI INT A -&gt; Link[LNKC] -&gt; GSI 10 (level, high) -&gt; IRQ 10
[    2.201832] virtio-pci 0000:00:04.0: PCI INT A -&gt; Link[LNKD] -&gt; GSI 11 (level, high) -&gt; IRQ 11
[    2.215465] ACPI: PCI Interrupt Link [LNKA] enabled at IRQ 10
[    2.216864] virtio-pci 0000:00:05.0: PCI INT A -&gt; Link[LNKA] -&gt; GSI 10 (level, high) -&gt; IRQ 10
[    2.230883] Serial: 8250/16550 driver, 32 ports, IRQ sharing enabled
[    2.280093] serial8250: ttyS0 at I/O 0x3f8 (irq = 4) is a 16550A
[    2.377752] serial8250: ttyS1 at I/O 0x2f8 (irq = 3) is a 16550A
[    2.505826] 00:05: ttyS0 at I/O 0x3f8 (irq = 4) is a 16550A
[    2.585987] 00:06: ttyS1 at I/O 0x2f8 (irq = 3) is a 16550A
[    2.621869] Refined TSC clocksource calibration: 2291.827 MHz.
[    2.622797] Switching to clocksource tsc
[    2.638855] Linux agpgart interface v0.103
[    2.722379] brd: module loaded
[    2.762263] loop: module loaded
[    2.813948]  vda: unknown partition table
[    2.861252] scsi0 : ata_piix
[    2.863182] scsi1 : ata_piix
[    2.865511] ata1: PATA max MWDMA2 cmd 0x1f0 ctl 0x3f6 bmdma 0xc0a0 irq 14
[    2.866352] ata2: PATA max MWDMA2 cmd 0x170 ctl 0x376 bmdma 0xc0a8 irq 15
[    2.875105] Fixed MDIO Bus: probed
[    2.875872] tun: Universal TUN/TAP device driver, 1.6
[    2.877072] tun: (C) 1999-2004 Max Krasnyansky &lt;maxk@qualcomm.com&gt;
[    2.889826] PPP generic driver version 2.4.2
[    2.911753] ehci_hcd: USB 2.0 'Enhanced' Host Controller (EHCI) Driver
[    2.914028] ohci_hcd: USB 1.1 'Open' Host Controller (OHCI) Driver
[    2.915012] uhci_hcd: USB Universal Host Controller Interface driver
[    2.915965] uhci_hcd 0000:00:01.2: PCI INT D -&gt; Link[LNKD] -&gt; GSI 11 (level, high) -&gt; IRQ 11
[    2.919156] uhci_hcd 0000:00:01.2: UHCI Host Controller
[    2.930460] uhci_hcd 0000:00:01.2: new USB bus registered, assigned bus number 1
[    2.933240] uhci_hcd 0000:00:01.2: irq 11, io base 0x0000c040
[    2.962969] hub 1-0:1.0: USB hub found
[    2.965449] hub 1-0:1.0: 2 ports detected
[    2.977284] usbcore: registered new interface driver libusual
[    2.985520] i8042: PNP: PS/2 Controller [PNP0303:KBD,PNP0f13:MOU] at 0x60,0x64 irq 1,12
[    2.998025] serio: i8042 KBD port at 0x60,0x64 irq 1
[    3.001875] serio: i8042 AUX port at 0x60,0x64 irq 12
[    3.055890] mousedev: PS/2 mouse device common for all mice
[    3.098863] input: AT Translated Set 2 keyboard as /devices/platform/i8042/serio0/input/input1
[    3.105998] ata2.01: ATAPI: QEMU DVD-ROM, 2.0.0, max UDMA/100
[    3.121293] rtc_cmos 00:01: RTC can wake from S4
[    3.130935] rtc_cmos 00:01: rtc core: registered rtc_cmos as rtc0
[    3.135657] rtc0: alarms up to one day, 114 bytes nvram, hpet irqs
[    3.139588] device-mapper: uevent: version 1.0.3
[    3.165852] ata2.01: configured for MWDMA2
[    3.192870] device-mapper: ioctl: 4.22.0-ioctl (2011-10-19) initialised: dm-devel@redhat.com
[    3.195691] cpuidle: using governor ladder
[    3.196938] cpuidle: using governor menu
[    3.198217] EFI Variables Facility v0.08 2004-May-17
[    3.211218] TCP cubic registered
[    3.218493] NET: Registered protocol family 10
[    3.245485] NET: Registered protocol family 17
[    3.247877] Registering the dns_resolver key type
[    3.270889] scsi 1:0:1:0: CD-ROM            QEMU     QEMU DVD-ROM     2.0. PQ: 0 ANSI: 5
[    3.302428] sr0: scsi3-mmc drive: 4x/4x cd/rw xa/form2 tray
[    3.304870] cdrom: Uniform CD-ROM driver Revision: 3.20
[    3.318577] sr 1:0:1:0: Attached scsi generic sg0 type 5
[    3.357396] Freeing initrd memory: 3656k freed
[    3.371185] registered taskstats version 1
[    3.958996]   Magic number: 0:655:918
[    3.970045] rtc_cmos 00:01: setting system clock to 2016-01-05 04:56:30 UTC (1451969790)
[    3.972187] powernow-k8: Processor cpuid 663 not supported
[    3.981864] BIOS EDD facility v0.16 2004-Jun-25, 0 devices found
[    3.985800] EDD information not available.
[    4.071638] Freeing unused kernel memory: 928k freed
[    4.079120] Write protecting the kernel read-only data: 12288k
[    4.199641] Freeing unused kernel memory: 1596k freed
[    4.278292] Freeing unused kernel memory: 1184k freed

info: initramfs: up at 4.48
modprobe: module virtio_blk not found in modules.dep
modprobe: module virtio_net not found in modules.dep
info: copying initramfs to /dev/vda
info: initramfs loading root from /dev/vda
info: /etc/init.d/rc.sysinit: up at 9.85
info: container: none
Starting logging: OK
modprobe: module virtio_blk not found in modules.dep
modprobe: module virtio_net not found in modules.dep
WARN: /etc/rc3.d/S10-load-modules failed
Initializing random number generator... done.
Starting acpid: OK
cirros-ds 'local' up at 12.32
found datasource (configdrive, local)
Starting network...
udhcpc (v1.20.1) started
Sending discover...
Sending discover...

2016-01-05 04:58:27,878 25047 INFO     [tempest_lib.common.rest_client] Request (TestNetworkBasicOps:_run_cleanups): 204 DELETE http://10.0.2.15:9696/v2.0/floatingips/dbf2111c-ef3e-48c7-a425-e8f605685c36 0.307s
2016-01-05 04:58:27,878 25047 DEBUG    [tempest_lib.common.rest_client] Request - Headers: {'Content-Type': 'application/json', 'Accept': 'application/json', 'X-Auth-Token': '&lt;omitted&gt;'}
        Body: None
    Response - Headers: {'date': 'Tue, 05 Jan 2016 04:58:27 GMT', 'status': '204', 'connection': 'close', 'content-length': '0', 'x-openstack-request-id': 'req-c003b185-33db-4c34-84a9-307ec8626b72'}
        Body: 
2016-01-05 04:58:28,093 25047 INFO     [tempest_lib.common.rest_client] Request (TestNetworkBasicOps:_run_cleanups): 204 DELETE http://10.0.2.15:8774/v2.1/2fc79f1708fe4738961c632f0b48fe4f/servers/0e0d0beb-618d-4d05-915e-488e9699e441 0.214s
2016-01-05 04:58:28,094 25047 DEBUG    [tempest_lib.common.rest_client] Request - Headers: {'Content-Type': 'application/json', 'Accept': 'application/json', 'X-Auth-Token': '&lt;omitted&gt;'}
        Body: None
    Response - Headers: {'status': '204', 'content-length': '0', 'x-compute-request-id': 'req-45268ab0-2c26-4293-b2b8-97d102512ae7', 'vary': 'X-OpenStack-Nova-API-Version', 'connection': 'close', 'x-openstack-nova-api-version': '2.1', 'date': 'Tue, 05 Jan 2016 04:58:28 GMT', 'content-type': 'application/json'}
        Body: 
2016-01-05 04:58:28,343 25047 INFO     [tempest_lib.common.rest_client] Request (TestNetworkBasicOps:_run_cleanups): 200 GET http://10.0.2.15:8774/v2.1/2fc79f1708fe4738961c632f0b48fe4f/servers/0e0d0beb-618d-4d05-915e-488e9699e441 0.248s
2016-01-05 04:58:28,343 25047 DEBUG    [tempest_lib.common.rest_client] Request - Headers: {'Content-Type': 'application/json', 'Accept': 'application/json', 'X-Auth-Token': '&lt;omitted&gt;'}
        Body: None
    Response - Headers: {'status': '200', 'content-length': '1774', 'content-location': 'http://10.0.2.15:8774/v2.1/2fc79f1708fe4738961c632f0b48fe4f/servers/0e0d0beb-618d-4d05-915e-488e9699e441', 'x-compute-request-id': 'req-6050ad0f-5f77-4777-9153-819c5f63a20f', 'vary': 'X-OpenStack-Nova-API-Version', 'connection': 'close', 'x-openstack-nova-api-version': '2.1', 'date': 'Tue, 05 Jan 2016 04:58:28 GMT', 'content-type': 'application/json'}
        Body: {"server": {"status": "ACTIVE", "updated": "2016-01-05T04:58:28Z", "hostId": "95f1f49fad072f21a4774dc8a91cd7e955133f7ae4ad17fbf72e350c", "addresses": {"tempest-network-smoke--350861171": [{"OS-EXT-IPS-MAC:mac_addr": "fa:16:3e:a2:75:ef", "version": 4, "addr": "10.100.0.3", "OS-EXT-IPS:type": "fixed"}, {"OS-EXT-IPS-MAC:mac_addr": "fa:16:3e:a2:75:ef", "version": 4, "addr": "172.24.4.4", "OS-EXT-IPS:type": "floating"}]}, "links": [{"href": "http://10.0.2.15:8774/v2.1/2fc79f1708fe4738961c632f0b48fe4f/servers/0e0d0beb-618d-4d05-915e-488e9699e441", "rel": "self"}, {"href": "http://10.0.2.15:8774/2fc79f1708fe4738961c632f0b48fe4f/servers/0e0d0beb-618d-4d05-915e-488e9699e441", "rel": "bookmark"}], "key_name": "tempest-TestNetworkBasicOps-202569923", "image": {"id": "38cdbd7d-26e3-4051-ab3f-045fcb7c7095", "links": [{"href": "http://10.0.2.15:8774/2fc79f1708fe4738961c632f0b48fe4f/images/38cdbd7d-26e3-4051-ab3f-045fcb7c7095", "rel": "bookmark"}]}, "OS-EXT-STS:task_state": "deleting", "OS-EXT-STS:vm_state": "active", "OS-SRV-USG:launched_at": "2016-01-05T04:56:23.000000", "flavor": {"id": "42", "links": [{"href": "http://10.0.2.15:8774/2fc79f1708fe4738961c632f0b48fe4f/flavors/42", "rel": "bookmark"}]}, "id": "0e0d0beb-618d-4d05-915e-488e9699e441", "security_groups": [{"name": "tempest-secgroup-smoke-540521787"}], "OS-SRV-USG:terminated_at": null, "OS-EXT-AZ:availability_zone": "nova", "user_id": "7ea287a4aa6f4a6fb3ce32a7af27d9ef", "name": "tempest.common.compute-instance-1222390430", "created": "2016-01-05T04:56:19Z", "tenant_id": "2fc79f1708fe4738961c632f0b48fe4f", "OS-DCF:diskConfig": "MANUAL", "os-extended-volumes:volumes_attached": [], "accessIPv4": "", "accessIPv6": "", "progress": 0, "OS-EXT-STS:power_state": 1, "config_drive": "True", "metadata": {}}}
2016-01-05 04:58:29,498 25047 INFO     [tempest_lib.common.rest_client] Request (TestNetworkBasicOps:_run_cleanups): 200 GET http://10.0.2.15:8774/v2.1/2fc79f1708fe4738961c632f0b48fe4f/servers/0e0d0beb-618d-4d05-915e-488e9699e441 0.142s
2016-01-05 04:58:29,498 25047 DEBUG    [tempest_lib.common.rest_client] Request - Headers: {'Content-Type': 'application/json', 'Accept': 'application/json', 'X-Auth-Token': '&lt;omitted&gt;'}
        Body: None
    Response - Headers: {'status': '200', 'content-length': '1440', 'content-location': 'http://10.0.2.15:8774/v2.1/2fc79f1708fe4738961c632f0b48fe4f/servers/0e0d0beb-618d-4d05-915e-488e9699e441', 'x-compute-request-id': 'req-2254307e-864f-4ea5-baac-8e7e6915382e', 'vary': 'X-OpenStack-Nova-API-Version', 'connection': 'close', 'x-openstack-nova-api-version': '2.1', 'date': 'Tue, 05 Jan 2016 04:58:29 GMT', 'content-type': 'application/json'}
        Body: {"server": {"status": "ACTIVE", "updated": "2016-01-05T04:58:28Z", "hostId": "95f1f49fad072f21a4774dc8a91cd7e955133f7ae4ad17fbf72e350c", "addresses": {}, "links": [{"href": "http://10.0.2.15:8774/v2.1/2fc79f1708fe4738961c632f0b48fe4f/servers/0e0d0beb-618d-4d05-915e-488e9699e441", "rel": "self"}, {"href": "http://10.0.2.15:8774/2fc79f1708fe4738961c632f0b48fe4f/servers/0e0d0beb-618d-4d05-915e-488e9699e441", "rel": "bookmark"}], "key_name": "tempest-TestNetworkBasicOps-202569923", "image": {"id": "38cdbd7d-26e3-4051-ab3f-045fcb7c7095", "links": [{"href": "http://10.0.2.15:8774/2fc79f1708fe4738961c632f0b48fe4f/images/38cdbd7d-26e3-4051-ab3f-045fcb7c7095", "rel": "bookmark"}]}, "OS-EXT-STS:task_state": "deleting", "OS-EXT-STS:vm_state": "active", "OS-SRV-USG:launched_at": "2016-01-05T04:56:23.000000", "flavor": {"id": "42", "links": [{"href": "http://10.0.2.15:8774/2fc79f1708fe4738961c632f0b48fe4f/flavors/42", "rel": "bookmark"}]}, "id": "0e0d0beb-618d-4d05-915e-488e9699e441", "OS-SRV-USG:terminated_at": null, "OS-EXT-AZ:availability_zone": "nova", "user_id": "7ea287a4aa6f4a6fb3ce32a7af27d9ef", "name": "tempest.common.compute-instance-1222390430", "created": "2016-01-05T04:56:19Z", "tenant_id": "2fc79f1708fe4738961c632f0b48fe4f", "OS-DCF:diskConfig": "MANUAL", "os-extended-volumes:volumes_attached": [], "accessIPv4": "", "accessIPv6": "", "progress": 0, "OS-EXT-STS:power_state": 1, "config_drive": "True", "metadata": {}}}
2016-01-05 04:58:30,597 25047 INFO     [tempest_lib.common.rest_client] Request (TestNetworkBasicOps:_run_cleanups): 404 GET http://10.0.2.15:8774/v2.1/2fc79f1708fe4738961c632f0b48fe4f/servers/0e0d0beb-618d-4d05-915e-488e9699e441 0.086s
2016-01-05 04:58:30,598 25047 DEBUG    [tempest_lib.common.rest_client] Request - Headers: {'Content-Type': 'application/json', 'Accept': 'application/json', 'X-Auth-Token': '&lt;omitted&gt;'}
        Body: None
    Response - Headers: {'status': '404', 'content-length': '111', 'x-compute-request-id': 'req-ce3699be-c57a-4929-abe8-a937d6a6e11d', 'vary': 'X-OpenStack-Nova-API-Version', 'connection': 'close', 'x-openstack-nova-api-version': '2.1', 'date': 'Tue, 05 Jan 2016 04:58:30 GMT', 'content-type': 'application/json; charset=UTF-8'}
        Body: {"itemNotFound": {"message": "Instance 0e0d0beb-618d-4d05-915e-488e9699e441 could not be found.", "code": 404}}
2016-01-05 04:58:30,618 25047 INFO     [tempest_lib.common.rest_client] Request (TestNetworkBasicOps:_run_cleanups): 202 DELETE http://10.0.2.15:8774/v2.1/2fc79f1708fe4738961c632f0b48fe4f/os-keypairs/tempest-TestNetworkBasicOps-202569923 0.018s
2016-01-05 04:58:30,619 25047 DEBUG    [tempest_lib.common.rest_client] Request - Headers: {'Content-Type': 'application/json', 'Accept': 'application/json', 'X-Auth-Token': '&lt;omitted&gt;'}
        Body: None
    Response - Headers: {'status': '202', 'content-length': '0', 'x-compute-request-id': 'req-faf7866b-2c7e-4119-a49d-eb404d3c97ef', 'vary': 'X-OpenStack-Nova-API-Version', 'connection': 'close', 'x-openstack-nova-api-version': '2.1', 'date': 'Tue, 05 Jan 2016 04:58:30 GMT', 'content-type': 'application/json'}
        Body: 
2016-01-05 04:58:31,041 25047 INFO     [tempest_lib.common.rest_client] Request (TestNetworkBasicOps:_run_cleanups): 200 PUT http://10.0.2.15:9696/v2.0/routers/33496081-72cc-4d71-840f-79487bc644fa/remove_router_interface 0.421s
2016-01-05 04:58:31,042 25047 DEBUG    [tempest_lib.common.rest_client] Request - Headers: {'Content-Type': 'application/json', 'Accept': 'application/json', 'X-Auth-Token': '&lt;omitted&gt;'}
        Body: {"subnet_id": "006aef12-7422-4b45-9442-60109fa5d160"}
    Response - Headers: {'status': '200', 'content-length': '255', 'connection': 'close', 'date': 'Tue, 05 Jan 2016 04:58:31 GMT', 'content-type': 'application/json; charset=UTF-8', 'x-openstack-request-id': 'req-7ade09f7-c7e9-4633-be2e-11dbd0ac1bd5'}
        Body: {"subnet_id": "006aef12-7422-4b45-9442-60109fa5d160", "tenant_id": "2fc79f1708fe4738961c632f0b48fe4f", "subnet_ids": ["006aef12-7422-4b45-9442-60109fa5d160"], "port_id": "3347ce99-2e15-4b23-ae3e-a0c890d11917", "id": "33496081-72cc-4d71-840f-79487bc644fa"}
2016-01-05 04:58:31,679 25047 INFO     [tempest_lib.common.rest_client] Request (TestNetworkBasicOps:_run_cleanups): 204 DELETE http://10.0.2.15:9696/v2.0/subnets/006aef12-7422-4b45-9442-60109fa5d160 0.635s
2016-01-05 04:58:31,679 25047 DEBUG    [tempest_lib.common.rest_client] Request - Headers: {'Content-Type': 'application/json', 'Accept': 'application/json', 'X-Auth-Token': '&lt;omitted&gt;'}
        Body: None
    Response - Headers: {'date': 'Tue, 05 Jan 2016 04:58:31 GMT', 'status': '204', 'connection': 'close', 'content-length': '0', 'x-openstack-request-id': 'req-7b9eb597-bf44-4b85-be27-a75d9c3b63b3'}
        Body: 
2016-01-05 04:58:31,731 25047 INFO     [tempest_lib.common.rest_client] Request (TestNetworkBasicOps:_run_cleanups): 200 GET http://10.0.2.15:9696/v2.0/routers/33496081-72cc-4d71-840f-79487bc644fa 0.051s
2016-01-05 04:58:31,732 25047 DEBUG    [tempest_lib.common.rest_client] Request - Headers: {'Content-Type': 'application/json', 'Accept': 'application/json', 'X-Auth-Token': '&lt;omitted&gt;'}
        Body: None
    Response - Headers: {'status': '200', 'content-length': '563', 'content-location': 'http://10.0.2.15:9696/v2.0/routers/33496081-72cc-4d71-840f-79487bc644fa', 'connection': 'close', 'date': 'Tue, 05 Jan 2016 04:58:31 GMT', 'content-type': 'application/json; charset=UTF-8', 'x-openstack-request-id': 'req-c6753455-9a67-4784-b05b-9a78e340cb1a'}
        Body: {"router": {"status": "ACTIVE", "external_gateway_info": {"network_id": "96b8ab12-598e-47c7-80da-47b1034573ec", "enable_snat": true, "external_fixed_ips": [{"subnet_id": "f71b3266-e951-4f4e-bdbd-73c2a6aa9adb", "ip_address": "172.24.4.3"}, {"subnet_id": "56c4146a-2719-4e9f-b60b-9fd7bbb3e147", "ip_address": "2001:db8::4"}]}, "availability_zone_hints": [], "availability_zones": ["nova"], "name": "tempest-router-smoke-625689100", "admin_state_up": true, "tenant_id": "2fc79f1708fe4738961c632f0b48fe4f", "routes": [], "id": "33496081-72cc-4d71-840f-79487bc644fa"}}
2016-01-05 04:58:32,207 25047 INFO     [tempest_lib.common.rest_client] Request (TestNetworkBasicOps:_run_cleanups): 200 PUT http://10.0.2.15:9696/v2.0/routers/33496081-72cc-4d71-840f-79487bc644fa 0.474s
2016-01-05 04:58:32,207 25047 DEBUG    [tempest_lib.common.rest_client] Request - Headers: {'Content-Type': 'application/json', 'Accept': 'application/json', 'X-Auth-Token': '&lt;omitted&gt;'}
        Body: {"router": {"external_gateway_info": {}, "name": "tempest-router-smoke-625689100", "admin_state_up": true}}
    Response - Headers: {'status': '200', 'content-length': '301', 'connection': 'close', 'date': 'Tue, 05 Jan 2016 04:58:32 GMT', 'content-type': 'application/json; charset=UTF-8', 'x-openstack-request-id': 'req-234bfb0f-1d76-41ae-9f17-1d1d7757c9f9'}
        Body: {"router": {"status": "ACTIVE", "external_gateway_info": null, "availability_zone_hints": [], "availability_zones": ["nova"], "name": "tempest-router-smoke-625689100", "admin_state_up": true, "tenant_id": "2fc79f1708fe4738961c632f0b48fe4f", "routes": [], "id": "33496081-72cc-4d71-840f-79487bc644fa"}}
2016-01-05 04:58:32,444 25047 INFO     [tempest_lib.common.rest_client] Request (TestNetworkBasicOps:_run_cleanups): 204 DELETE http://10.0.2.15:9696/v2.0/routers/33496081-72cc-4d71-840f-79487bc644fa 0.235s
2016-01-05 04:58:32,444 25047 DEBUG    [tempest_lib.common.rest_client] Request - Headers: {'Content-Type': 'application/json', 'Accept': 'application/json', 'X-Auth-Token': '&lt;omitted&gt;'}
        Body: None
    Response - Headers: {'date': 'Tue, 05 Jan 2016 04:58:32 GMT', 'status': '204', 'connection': 'close', 'content-length': '0', 'x-openstack-request-id': 'req-f3ebc3f6-a433-4fa2-8199-e96504703615'}
        Body: 
2016-01-05 04:58:32,657 25047 INFO     [tempest_lib.common.rest_client] Request (TestNetworkBasicOps:_run_cleanups): 204 DELETE http://10.0.2.15:9696/v2.0/networks/32bfafdb-23cc-4e11-8302-16e18f765733 0.212s
2016-01-05 04:58:32,658 25047 DEBUG    [tempest_lib.common.rest_client] Request - Headers: {'Content-Type': 'application/json', 'Accept': 'application/json', 'X-Auth-Token': '&lt;omitted&gt;'}
        Body: None
    Response - Headers: {'date': 'Tue, 05 Jan 2016 04:58:32 GMT', 'status': '204', 'connection': 'close', 'content-length': '0', 'x-openstack-request-id': 'req-e5d2942c-fb5c-4c54-93b5-3eb7a50c456c'}
        Body: 
2016-01-05 04:58:32,718 25047 INFO     [tempest_lib.common.rest_client] Request (TestNetworkBasicOps:_run_cleanups): 204 DELETE http://10.0.2.15:9696/v2.0/security-group-rules/305fde69-7724-490e-b16b-31100f52336b 0.059s
2016-01-05 04:58:32,719 25047 DEBUG    [tempest_lib.common.rest_client] Request - Headers: {'Content-Type': 'application/json', 'Accept': 'application/json', 'X-Auth-Token': '&lt;omitted&gt;'}
        Body: None
    Response - Headers: {'date': 'Tue, 05 Jan 2016 04:58:32 GMT', 'status': '204', 'connection': 'close', 'content-length': '0', 'x-openstack-request-id': 'req-32062f5c-1eba-4051-bead-1993440d653a'}
        Body: 
