<?xml version="1.0" encoding="UTF-8"?>
<!DOCTYPE html PUBLIC "-//W3C//DTD XHTML 1.0 Strict//EN"
     "http://www.w3.org/TR/xhtml1/DTD/xhtml1-strict.dtd">
<html xmlns="http://www.w3.org/1999/xhtml">
<head>
    <title>Unit Test Report</title>
    <meta name="generator" content="subunit2html 0.1"/>
    <meta http-equiv="Content-Type" content="text/html; charset=UTF-8"/>
    
<style type="text/css" media="screen">
body        { font-family: verdana, arial, helvetica, sans-serif;
    font-size: 80%; }
table       { font-size: 100%; width: 100%;}
pre         { font-size: 80%; }

/* -- heading -------------------------------------------------------------- */
h1 {
        font-size: 16pt;
        color: gray;
}
.heading {
    margin-top: 0ex;
    margin-bottom: 1ex;
}

.heading .attribute {
    margin-top: 1ex;
    margin-bottom: 0;
}

.heading .description {
    margin-top: 4ex;
    margin-bottom: 6ex;
}

/* -- css div popup -------------------------------------------------------- */
a.popup_link {
}

a.popup_link:hover {
    color: red;
}

.popup_window {
    display: none;
    overflow-x: scroll;
    /*border: solid #627173 1px; */
    padding: 10px;
    background-color: #E6E6D6;
    font-family: "Ubuntu Mono", "Lucida Console", "Courier New", monospace;
    text-align: left;
    font-size: 8pt;
}

}
/* -- report --------------------------------------------------------------- */
#show_detail_line {
    margin-top: 3ex;
    margin-bottom: 1ex;
}
#result_table {
    width: 100%;
    border-collapse: collapse;
    border: 1px solid #777;
}
#header_row {
    font-weight: bold;
    color: white;
    background-color: #777;
}
#result_table td {
    border: 1px solid #777;
    padding: 2px;
}
#total_row  { font-weight: bold; }
.passClass  { background-color: #6c6; }
.failClass  { background-color: #c60; }
.errorClass { background-color: #c00; }
.passCase   { color: #6c6; }
.failCase   { color: #c60; font-weight: bold; }
.errorCase  { color: #c00; font-weight: bold; }
.hiddenRow  { display: none; }
.testcase   { margin-left: 2em; }
td.testname {width: 40%}
td.small {width: 40px}

/* -- ending --------------------------------------------------------------- */
#ending {
}

</style>

</head>
<body>
<script language="javascript" type="text/javascript"><!--
output_list = Array();

/* level - 0:Summary; 1:Failed; 2:All */
function showCase(level) {
    trs = document.getElementsByTagName("tr");
    for (var i = 0; i < trs.length; i++) {
        tr = trs[i];
        id = tr.id;
        if (id.substr(0,2) == 'ft') {
            if (level < 1) {
                tr.className = 'hiddenRow';
            }
            else {
                tr.className = '';
            }
        }
        if (id.substr(0,2) == 'pt') {
            if (level > 1) {
                tr.className = '';
            }
            else {
                tr.className = 'hiddenRow';
            }
        }
    }
}


function showClassDetail(cid, count) {
    var id_list = Array(count);
    var toHide = 1;
    for (var i = 0; i < count; i++) {
        tid0 = 't' + cid.substr(1) + '.' + (i+1);
        tid = 'f' + tid0;
        tr = document.getElementById(tid);
        if (!tr) {
            tid = 'p' + tid0;
            tr = document.getElementById(tid);
        }
        id_list[i] = tid;
        if (tr.className) {
            toHide = 0;
        }
    }
    for (var i = 0; i < count; i++) {
        tid = id_list[i];
        if (toHide) {
            document.getElementById('div_'+tid).style.display = 'none'
            document.getElementById(tid).className = 'hiddenRow';
        }
        else {
            document.getElementById(tid).className = '';
        }
    }
}


function showTestDetail(div_id){
    var details_div = document.getElementById(div_id)
    var displayState = details_div.style.display
    // alert(displayState)
    if (displayState != 'block' ) {
        displayState = 'block'
        details_div.style.display = 'block'
    }
    else {
        details_div.style.display = 'none'
    }
}


function html_escape(s) {
    s = s.replace(/&/g,'&amp;');
    s = s.replace(/</g,'&lt;');
    s = s.replace(/>/g,'&gt;');
    return s;
}

/* obsoleted by detail in <div>
function showOutput(id, name) {
    var w = window.open("", //url
                    name,
                    "resizable,scrollbars,status,width=800,height=450");
    d = w.document;
    d.write("<pre>");
    d.write(html_escape(output_list[id]));
    d.write("\n");
    d.write("<a href='javascript:window.close()'>close</a>\n");
    d.write("</pre>\n");
    d.close();
}
*/
--></script>

<div class='heading'>
<h1>Unit Test Report</h1>

<p class='attribute'><strong>Status:</strong> Pass 1 Failure 7 Skip 1</p>

<p class='description'></p>
</div>



<p id='show_detail_line'>Show
<a href='javascript:showCase(0)'>Summary</a>
<a href='javascript:showCase(1)'>Failed</a>
<a href='javascript:showCase(2)'>All</a>
</p>
<table id='result_table'>
<colgroup>
<col align='left' />
<col align='right' />
<col align='right' />
<col align='right' />
<col align='right' />
<col align='right' />
<col align='right' />
<col align='right' />
</colgroup>
<tr id='header_row'>
    <td>Test Group/Test case</td>
    <td>Count</td>
    <td>Pass</td>
    <td>Fail</td>
    <td>Error</td>
    <td>Skip</td>
    <td>View</td>
    <td> </td>
</tr>

<tr class='failClass'>
    <td class="testname">tempest.scenario.test_network_basic_ops.TestNetworkBasicOps</td>
    <td class="small">9</td>
    <td class="small">1</td>
    <td class="small">7</td>
    <td class="small">0</td>
    <td class="small">1</td>
    <td class="small"><a href="javascript:showClassDetail('c1',9)"
>Detail</a></td>
    <td> </td>
</tr>

<tr id='ft1.1' class='none'>
    <td class='failCase'><div class='testcase'>test_connectivity_between_vms_on_different_networks[compute,id-1546850e-fbaa-42f5-8b5f-03d8a6a95f15,network]</div></td>
    <td colspan='7' align='left'>

    <!--css div popup start-->
    <a class="popup_link" onfocus='this.blur();'
    href="javascript:showTestDetail('div_ft1.1')" >
        fail</a>

    <div id='div_ft1.1' class="popup_window">
        <div style='text-align: right; color:red;cursor:pointer'>
        <a onfocus='this.blur();'
onclick="document.getElementById('div_ft1.1').style.display = 'none' " >
           [x]</a>
        </div>
        <pre>
        
ft1.1: tempest.scenario.test_network_basic_ops.TestNetworkBasicOps.test_connectivity_between_vms_on_different_networks[compute,id-1546850e-fbaa-42f5-8b5f-03d8a6a95f15,network]_StringException: Empty attachments:
  stderr
  stdout

pythonlogging:'': {{{
2015-12-11 02:49:21,765 25321 INFO     [tempest_lib.common.rest_client] Request (TestNetworkBasicOps:test_connectivity_between_vms_on_different_networks): 201 POST http://10.0.2.15:9696/v2.0/security-groups 0.269s
2015-12-11 02:49:21,766 25321 DEBUG    [tempest_lib.common.rest_client] Request - Headers: {'Content-Type': 'application/json', 'Accept': 'application/json', 'X-Auth-Token': '&lt;omitted&gt;'}
        Body: {"security_group": {"tenant_id": "e959b65c2fda4237ad70ade99eb491a4", "description": "tempest-secgroup-smoke-1581492175 description", "name": "tempest-secgroup-smoke-1581492175"}}
    Response - Headers: {'status': '201', 'content-length': '888', 'connection': 'close', 'date': 'Fri, 11 Dec 2015 02:49:21 GMT', 'content-type': 'application/json; charset=UTF-8', 'x-openstack-request-id': 'req-83c35518-cccd-4267-a5aa-921784dcce35'}
        Body: {"security_group": {"tenant_id": "e959b65c2fda4237ad70ade99eb491a4", "description": "tempest-secgroup-smoke-1581492175 description", "id": "1d391bcc-a9d2-4c94-8f04-b5db1984bd26", "security_group_rules": [{"remote_group_id": null, "direction": "egress", "remote_ip_prefix": null, "protocol": null, "ethertype": "IPv4", "tenant_id": "e959b65c2fda4237ad70ade99eb491a4", "port_range_max": null, "port_range_min": null, "id": "705f6bba-c057-4e0c-b83b-acdb39ab4605", "security_group_id": "1d391bcc-a9d2-4c94-8f04-b5db1984bd26"}, {"remote_group_id": null, "direction": "egress", "remote_ip_prefix": null, "protocol": null, "ethertype": "IPv6", "tenant_id": "e959b65c2fda4237ad70ade99eb491a4", "port_range_max": null, "port_range_min": null, "id": "4c59e8d0-1895-4c81-b799-29d764de21c1", "security_group_id": "1d391bcc-a9d2-4c94-8f04-b5db1984bd26"}], "name": "tempest-secgroup-smoke-1581492175"}}
2015-12-11 02:49:21,873 25321 INFO     [tempest_lib.common.rest_client] Request (TestNetworkBasicOps:test_connectivity_between_vms_on_different_networks): 201 POST http://10.0.2.15:9696/v2.0/security-group-rules 0.106s
2015-12-11 02:49:21,874 25321 DEBUG    [tempest_lib.common.rest_client] Request - Headers: {'Content-Type': 'application/json', 'Accept': 'application/json', 'X-Auth-Token': '&lt;omitted&gt;'}
        Body: {"security_group_rule": {"direction": "ingress", "protocol": "tcp", "tenant_id": "e959b65c2fda4237ad70ade99eb491a4", "port_range_max": 22, "security_group_id": "1d391bcc-a9d2-4c94-8f04-b5db1984bd26", "port_range_min": 22}}
    Response - Headers: {'status': '201', 'content-length': '340', 'connection': 'close', 'date': 'Fri, 11 Dec 2015 02:49:21 GMT', 'content-type': 'application/json; charset=UTF-8', 'x-openstack-request-id': 'req-a3e69407-dccc-4ed4-b823-d6bf037b2d56'}
        Body: {"security_group_rule": {"remote_group_id": null, "direction": "ingress", "remote_ip_prefix": null, "protocol": "tcp", "ethertype": "IPv4", "tenant_id": "e959b65c2fda4237ad70ade99eb491a4", "port_range_max": 22, "port_range_min": 22, "id": "38b61e89-3b7e-4f41-8adb-301e13654273", "security_group_id": "1d391bcc-a9d2-4c94-8f04-b5db1984bd26"}}
2015-12-11 02:49:21,999 25321 INFO     [tempest_lib.common.rest_client] Request (TestNetworkBasicOps:test_connectivity_between_vms_on_different_networks): 201 POST http://10.0.2.15:9696/v2.0/security-group-rules 0.124s
2015-12-11 02:49:22,000 25321 DEBUG    [tempest_lib.common.rest_client] Request - Headers: {'Content-Type': 'application/json', 'Accept': 'application/json', 'X-Auth-Token': '&lt;omitted&gt;'}
        Body: {"security_group_rule": {"direction": "egress", "protocol": "tcp", "tenant_id": "e959b65c2fda4237ad70ade99eb491a4", "port_range_max": 22, "security_group_id": "1d391bcc-a9d2-4c94-8f04-b5db1984bd26", "port_range_min": 22}}
    Response - Headers: {'status': '201', 'content-length': '339', 'connection': 'close', 'date': 'Fri, 11 Dec 2015 02:49:21 GMT', 'content-type': 'application/json; charset=UTF-8', 'x-openstack-request-id': 'req-707e8b0c-cbcc-4d94-a740-11e1e7eb1eec'}
        Body: {"security_group_rule": {"remote_group_id": null, "direction": "egress", "remote_ip_prefix": null, "protocol": "tcp", "ethertype": "IPv4", "tenant_id": "e959b65c2fda4237ad70ade99eb491a4", "port_range_max": 22, "port_range_min": 22, "id": "cb2884f0-90c0-4a6c-a665-01465ac2c26a", "security_group_id": "1d391bcc-a9d2-4c94-8f04-b5db1984bd26"}}
2015-12-11 02:49:22,122 25321 INFO     [tempest_lib.common.rest_client] Request (TestNetworkBasicOps:test_connectivity_between_vms_on_different_networks): 201 POST http://10.0.2.15:9696/v2.0/security-group-rules 0.121s
2015-12-11 02:49:22,122 25321 DEBUG    [tempest_lib.common.rest_client] Request - Headers: {'Content-Type': 'application/json', 'Accept': 'application/json', 'X-Auth-Token': '&lt;omitted&gt;'}
        Body: {"security_group_rule": {"tenant_id": "e959b65c2fda4237ad70ade99eb491a4", "direction": "ingress", "protocol": "icmp", "security_group_id": "1d391bcc-a9d2-4c94-8f04-b5db1984bd26"}}
    Response - Headers: {'status': '201', 'content-length': '345', 'connection': 'close', 'date': 'Fri, 11 Dec 2015 02:49:22 GMT', 'content-type': 'application/json; charset=UTF-8', 'x-openstack-request-id': 'req-12ff575c-8a01-49fc-ad5d-69a8ba9d68bd'}
        Body: {"security_group_rule": {"remote_group_id": null, "direction": "ingress", "remote_ip_prefix": null, "protocol": "icmp", "ethertype": "IPv4", "tenant_id": "e959b65c2fda4237ad70ade99eb491a4", "port_range_max": null, "port_range_min": null, "id": "89689cd5-70bc-4c0e-a638-31c0d9b28a71", "security_group_id": "1d391bcc-a9d2-4c94-8f04-b5db1984bd26"}}
2015-12-11 02:49:22,244 25321 INFO     [tempest_lib.common.rest_client] Request (TestNetworkBasicOps:test_connectivity_between_vms_on_different_networks): 201 POST http://10.0.2.15:9696/v2.0/security-group-rules 0.120s
2015-12-11 02:49:22,245 25321 DEBUG    [tempest_lib.common.rest_client] Request - Headers: {'Content-Type': 'application/json', 'Accept': 'application/json', 'X-Auth-Token': '&lt;omitted&gt;'}
        Body: {"security_group_rule": {"tenant_id": "e959b65c2fda4237ad70ade99eb491a4", "direction": "egress", "protocol": "icmp", "security_group_id": "1d391bcc-a9d2-4c94-8f04-b5db1984bd26"}}
    Response - Headers: {'status': '201', 'content-length': '344', 'connection': 'close', 'date': 'Fri, 11 Dec 2015 02:49:22 GMT', 'content-type': 'application/json; charset=UTF-8', 'x-openstack-request-id': 'req-f4477181-0630-4686-9bc0-4af4114b49aa'}
        Body: {"security_group_rule": {"remote_group_id": null, "direction": "egress", "remote_ip_prefix": null, "protocol": "icmp", "ethertype": "IPv4", "tenant_id": "e959b65c2fda4237ad70ade99eb491a4", "port_range_max": null, "port_range_min": null, "id": "74859de3-599a-4518-8cc2-1bceb6f32b22", "security_group_id": "1d391bcc-a9d2-4c94-8f04-b5db1984bd26"}}
2015-12-11 02:49:22,374 25321 INFO     [tempest_lib.common.rest_client] Request (TestNetworkBasicOps:test_connectivity_between_vms_on_different_networks): 201 POST http://10.0.2.15:9696/v2.0/security-group-rules 0.128s
2015-12-11 02:49:22,375 25321 DEBUG    [tempest_lib.common.rest_client] Request - Headers: {'Content-Type': 'application/json', 'Accept': 'application/json', 'X-Auth-Token': '&lt;omitted&gt;'}
        Body: {"security_group_rule": {"tenant_id": "e959b65c2fda4237ad70ade99eb491a4", "direction": "ingress", "security_group_id": "1d391bcc-a9d2-4c94-8f04-b5db1984bd26", "protocol": "icmp", "ethertype": "IPv6"}}
    Response - Headers: {'status': '201', 'content-length': '345', 'connection': 'close', 'date': 'Fri, 11 Dec 2015 02:49:22 GMT', 'content-type': 'application/json; charset=UTF-8', 'x-openstack-request-id': 'req-2e6e5101-cbcd-4123-b031-a2d4a7ba0aff'}
        Body: {"security_group_rule": {"remote_group_id": null, "direction": "ingress", "remote_ip_prefix": null, "protocol": "icmp", "ethertype": "IPv6", "tenant_id": "e959b65c2fda4237ad70ade99eb491a4", "port_range_max": null, "port_range_min": null, "id": "d34b509e-f170-4902-8441-97fd77781ee8", "security_group_id": "1d391bcc-a9d2-4c94-8f04-b5db1984bd26"}}
2015-12-11 02:49:22,508 25321 INFO     [tempest_lib.common.rest_client] Request (TestNetworkBasicOps:test_connectivity_between_vms_on_different_networks): 201 POST http://10.0.2.15:9696/v2.0/security-group-rules 0.131s
2015-12-11 02:49:22,509 25321 DEBUG    [tempest_lib.common.rest_client] Request - Headers: {'Content-Type': 'application/json', 'Accept': 'application/json', 'X-Auth-Token': '&lt;omitted&gt;'}
        Body: {"security_group_rule": {"tenant_id": "e959b65c2fda4237ad70ade99eb491a4", "direction": "egress", "security_group_id": "1d391bcc-a9d2-4c94-8f04-b5db1984bd26", "protocol": "icmp", "ethertype": "IPv6"}}
    Response - Headers: {'status': '201', 'content-length': '344', 'connection': 'close', 'date': 'Fri, 11 Dec 2015 02:49:22 GMT', 'content-type': 'application/json; charset=UTF-8', 'x-openstack-request-id': 'req-df9267f0-146e-4343-8114-08e1ad99f149'}
        Body: {"security_group_rule": {"remote_group_id": null, "direction": "egress", "remote_ip_prefix": null, "protocol": "icmp", "ethertype": "IPv6", "tenant_id": "e959b65c2fda4237ad70ade99eb491a4", "port_range_max": null, "port_range_min": null, "id": "2d2cd679-ad80-47fa-ae96-e139573aaeec", "security_group_id": "1d391bcc-a9d2-4c94-8f04-b5db1984bd26"}}
2015-12-11 02:49:22,701 25321 INFO     [tempest_lib.common.rest_client] Request (TestNetworkBasicOps:test_connectivity_between_vms_on_different_networks): 201 POST http://10.0.2.15:9696/v2.0/networks 0.190s
2015-12-11 02:49:22,701 25321 DEBUG    [tempest_lib.common.rest_client] Request - Headers: {'Content-Type': 'application/json', 'Accept': 'application/json', 'X-Auth-Token': '&lt;omitted&gt;'}
        Body: {"network": {"tenant_id": "e959b65c2fda4237ad70ade99eb491a4", "name": "tempest-network-smoke--1716066884"}}
    Response - Headers: {'status': '201', 'content-length': '329', 'connection': 'close', 'date': 'Fri, 11 Dec 2015 02:49:22 GMT', 'content-type': 'application/json; charset=UTF-8', 'x-openstack-request-id': 'req-b36fa370-dbf3-4130-851d-d19a527f923b'}
        Body: {"network": {"status": "ACTIVE", "subnets": [], "availability_zone_hints": "[]", "name": "tempest-network-smoke--1716066884", "admin_state_up": true, "tenant_id": "e959b65c2fda4237ad70ade99eb491a4", "mtu": 0, "router:external": false, "shared": false, "port_security_enabled": true, "id": "4a81c9fb-88ac-4d1c-8075-2ce9b775fc4a"}}
2015-12-11 02:49:22,797 25321 INFO     [tempest_lib.common.rest_client] Request (TestNetworkBasicOps:test_connectivity_between_vms_on_different_networks): 201 POST http://10.0.2.15:9696/v2.0/routers 0.094s
2015-12-11 02:49:22,798 25321 DEBUG    [tempest_lib.common.rest_client] Request - Headers: {'Content-Type': 'application/json', 'Accept': 'application/json', 'X-Auth-Token': '&lt;omitted&gt;'}
        Body: {"router": {"tenant_id": "e959b65c2fda4237ad70ade99eb491a4", "name": "tempest-router-smoke-1948895903", "admin_state_up": true}}
    Response - Headers: {'status': '201', 'content-length': '296', 'connection': 'close', 'date': 'Fri, 11 Dec 2015 02:49:22 GMT', 'content-type': 'application/json; charset=UTF-8', 'x-openstack-request-id': 'req-bd86c1f2-c0ef-488f-bb98-a21015e5d188'}
        Body: {"router": {"status": "ACTIVE", "external_gateway_info": null, "availability_zone_hints": [], "availability_zones": [], "name": "tempest-router-smoke-1948895903", "admin_state_up": true, "tenant_id": "e959b65c2fda4237ad70ade99eb491a4", "routes": [], "id": "bc215437-68c7-45f1-abc3-edeaf668b2b1"}}
2015-12-11 02:49:22,844 25321 INFO     [tempest_lib.common.rest_client] Request (TestNetworkBasicOps:test_connectivity_between_vms_on_different_networks): 200 GET http://10.0.2.15:9696/v2.0/routers/bc215437-68c7-45f1-abc3-edeaf668b2b1 0.045s
2015-12-11 02:49:22,844 25321 DEBUG    [tempest_lib.common.rest_client] Request - Headers: {'Content-Type': 'application/json', 'Accept': 'application/json', 'X-Auth-Token': '&lt;omitted&gt;'}
        Body: None
    Response - Headers: {'status': '200', 'content-length': '296', 'content-location': 'http://10.0.2.15:9696/v2.0/routers/bc215437-68c7-45f1-abc3-edeaf668b2b1', 'connection': 'close', 'date': 'Fri, 11 Dec 2015 02:49:22 GMT', 'content-type': 'application/json; charset=UTF-8', 'x-openstack-request-id': 'req-3208e9b1-b309-4d23-b653-5b683431417a'}
        Body: {"router": {"status": "ACTIVE", "external_gateway_info": null, "availability_zone_hints": [], "availability_zones": [], "name": "tempest-router-smoke-1948895903", "admin_state_up": true, "tenant_id": "e959b65c2fda4237ad70ade99eb491a4", "routes": [], "id": "bc215437-68c7-45f1-abc3-edeaf668b2b1"}}
2015-12-11 02:49:23,540 25321 INFO     [tempest_lib.common.rest_client] Request (TestNetworkBasicOps:test_connectivity_between_vms_on_different_networks): 200 PUT http://10.0.2.15:9696/v2.0/routers/bc215437-68c7-45f1-abc3-edeaf668b2b1 0.695s
2015-12-11 02:49:23,541 25321 DEBUG    [tempest_lib.common.rest_client] Request - Headers: {'Content-Type': 'application/json', 'Accept': 'application/json', 'X-Auth-Token': '&lt;omitted&gt;'}
        Body: {"router": {"external_gateway_info": {"network_id": "1a64bd9d-a14b-4788-bcde-c6cad6bc0d62"}, "name": "tempest-router-smoke-1948895903", "admin_state_up": true}}
    Response - Headers: {'status': '200', 'content-length': '558', 'connection': 'close', 'date': 'Fri, 11 Dec 2015 02:49:23 GMT', 'content-type': 'application/json; charset=UTF-8', 'x-openstack-request-id': 'req-6091b518-063d-4c70-95b1-b5bb8e435738'}
        Body: {"router": {"status": "ACTIVE", "external_gateway_info": {"network_id": "1a64bd9d-a14b-4788-bcde-c6cad6bc0d62", "enable_snat": true, "external_fixed_ips": [{"subnet_id": "a33b44b3-3d81-4372-9d7a-a143cfa2a7cb", "ip_address": "172.24.4.3"}, {"subnet_id": "78e82e0d-a3b1-408d-9800-8c95184bb19b", "ip_address": "2001:db8::3"}]}, "availability_zone_hints": [], "availability_zones": [], "name": "tempest-router-smoke-1948895903", "admin_state_up": true, "tenant_id": "e959b65c2fda4237ad70ade99eb491a4", "routes": [], "id": "bc215437-68c7-45f1-abc3-edeaf668b2b1"}}
2015-12-11 02:49:23,685 25321 INFO     [tempest_lib.common.rest_client] Request (TestNetworkBasicOps:test_connectivity_between_vms_on_different_networks): 200 GET http://10.0.2.15:9696/v2.0/subnets?tenant_id=e959b65c2fda4237ad70ade99eb491a4&amp;cidr=10.100.0.0%2F28 0.143s
2015-12-11 02:49:23,686 25321 DEBUG    [tempest_lib.common.rest_client] Request - Headers: {'Content-Type': 'application/json', 'Accept': 'application/json', 'X-Auth-Token': '&lt;omitted&gt;'}
        Body: None
    Response - Headers: {'status': '200', 'content-length': '15', 'content-location': 'http://10.0.2.15:9696/v2.0/subnets?tenant_id=e959b65c2fda4237ad70ade99eb491a4&amp;cidr=10.100.0.0%2F28', 'connection': 'close', 'date': 'Fri, 11 Dec 2015 02:49:23 GMT', 'content-type': 'application/json; charset=UTF-8', 'x-openstack-request-id': 'req-e9811717-0b7c-4864-9da8-58edf3beec87'}
        Body: {"subnets": []}
2015-12-11 02:49:24,161 25321 INFO     [tempest_lib.common.rest_client] Request (TestNetworkBasicOps:test_connectivity_between_vms_on_different_networks): 201 POST http://10.0.2.15:9696/v2.0/subnets 0.475s
2015-12-11 02:49:24,161 25321 DEBUG    [tempest_lib.common.rest_client] Request - Headers: {'Content-Type': 'application/json', 'Accept': 'application/json', 'X-Auth-Token': '&lt;omitted&gt;'}
        Body: {"subnet": {"ip_version": 4, "tenant_id": "e959b65c2fda4237ad70ade99eb491a4", "cidr": "10.100.0.0/28", "network_id": "4a81c9fb-88ac-4d1c-8075-2ce9b775fc4a", "name": "tempest-subnet-smoke-151542548"}}
    Response - Headers: {'status': '201', 'content-length': '477', 'connection': 'close', 'date': 'Fri, 11 Dec 2015 02:49:24 GMT', 'content-type': 'application/json; charset=UTF-8', 'x-openstack-request-id': 'req-5ef111cc-27ba-4794-ba74-4a622f1d1f87'}
        Body: {"subnet": {"name": "tempest-subnet-smoke-151542548", "enable_dhcp": true, "network_id": "4a81c9fb-88ac-4d1c-8075-2ce9b775fc4a", "tenant_id": "e959b65c2fda4237ad70ade99eb491a4", "dns_nameservers": [], "gateway_ip": "10.100.0.1", "ipv6_ra_mode": null, "allocation_pools": [{"start": "10.100.0.2", "end": "10.100.0.14"}], "host_routes": [], "ip_version": 4, "ipv6_address_mode": null, "cidr": "10.100.0.0/28", "id": "3463f87f-7a79-4443-8c1d-8e8953c98e58", "subnetpool_id": null}}
2015-12-11 02:49:24,857 25321 INFO     [tempest_lib.common.rest_client] Request (TestNetworkBasicOps:test_connectivity_between_vms_on_different_networks): 200 PUT http://10.0.2.15:9696/v2.0/routers/bc215437-68c7-45f1-abc3-edeaf668b2b1/add_router_interface 0.694s
2015-12-11 02:49:24,857 25321 DEBUG    [tempest_lib.common.rest_client] Request - Headers: {'Content-Type': 'application/json', 'Accept': 'application/json', 'X-Auth-Token': '&lt;omitted&gt;'}
        Body: {"subnet_id": "3463f87f-7a79-4443-8c1d-8e8953c98e58"}
    Response - Headers: {'status': '200', 'content-length': '255', 'connection': 'close', 'date': 'Fri, 11 Dec 2015 02:49:24 GMT', 'content-type': 'application/json; charset=UTF-8', 'x-openstack-request-id': 'req-fcdb03ed-93c8-431e-a157-295f736168c7'}
        Body: {"subnet_id": "3463f87f-7a79-4443-8c1d-8e8953c98e58", "tenant_id": "e959b65c2fda4237ad70ade99eb491a4", "subnet_ids": ["3463f87f-7a79-4443-8c1d-8e8953c98e58"], "port_id": "07370474-48f0-4548-a82d-f0f00029835f", "id": "bc215437-68c7-45f1-abc3-edeaf668b2b1"}
2015-12-11 02:49:24,924 25321 INFO     [tempest_lib.common.rest_client] Request (TestNetworkBasicOps:test_connectivity_between_vms_on_different_networks): 200 GET http://10.0.2.15:9696/v2.0/networks 0.067s
2015-12-11 02:49:24,925 25321 DEBUG    [tempest_lib.common.rest_client] Request - Headers: {'Content-Type': 'application/json', 'Accept': 'application/json', 'X-Auth-Token': '&lt;omitted&gt;'}
        Body: None
    Response - Headers: {'status': '200', 'content-length': '1507', 'content-location': 'http://10.0.2.15:9696/v2.0/networks', 'connection': 'close', 'date': 'Fri, 11 Dec 2015 02:49:24 GMT', 'content-type': 'application/json; charset=UTF-8', 'x-openstack-request-id': 'req-23a2bc31-0f84-4e98-aa74-e3095c1516e2'}
        Body: {"networks": [{"status": "ACTIVE", "subnets": ["a33b44b3-3d81-4372-9d7a-a143cfa2a7cb", "78e82e0d-a3b1-408d-9800-8c95184bb19b"], "availability_zone_hints": [], "availability_zones": ["nova"], "name": "public", "provider:physical_network": null, "admin_state_up": true, "tenant_id": "301714a950914ab8bdcaaff10bf95bfd", "mtu": 0, "router:external": true, "shared": false, "port_security_enabled": true, "provider:network_type": "vxlan", "id": "1a64bd9d-a14b-4788-bcde-c6cad6bc0d62", "provider:segmentation_id": 1050}, {"status": "ACTIVE", "subnets": ["8bc2d436-a3dc-4214-8750-17aecbf30663", "f126fd5f-40b3-4396-95a0-600454ec3e5d"], "availability_zone_hints": [], "availability_zones": ["nova"], "name": "private", "provider:physical_network": null, "admin_state_up": true, "tenant_id": "7ce3779bdd4b4a7cbe0173ae94f6dd67", "mtu": 0, "router:external": false, "shared": false, "port_security_enabled": true, "provider:network_type": "vxlan", "id": "4363bb15-fca4-4522-b4e6-13addf3b4cef", "provider:segmentation_id": 1048}, {"status": "ACTIVE", "subnets": ["3463f87f-7a79-4443-8c1d-8e8953c98e58"], "availability_zone_hints": [], "availability_zones": ["nova"], "name": "tempest-network-smoke--1716066884", "provider:physical_network": null, "admin_state_up": true, "tenant_id": "e959b65c2fda4237ad70ade99eb491a4", "mtu": 0, "router:external": false, "shared": false, "port_security_enabled": true, "provider:network_type": "vxlan", "id": "4a81c9fb-88ac-4d1c-8075-2ce9b775fc4a", "provider:segmentation_id": 1013}]}
2015-12-11 02:49:25,037 25321 INFO     [tempest_lib.common.rest_client] Request (TestNetworkBasicOps:test_connectivity_between_vms_on_different_networks): 200 GET http://10.0.2.15:9696/v2.0/subnets 0.111s
2015-12-11 02:49:25,037 25321 DEBUG    [tempest_lib.common.rest_client] Request - Headers: {'Content-Type': 'application/json', 'Accept': 'application/json', 'X-Auth-Token': '&lt;omitted&gt;'}
        Body: None
    Response - Headers: {'status': '200', 'content-length': '2407', 'content-location': 'http://10.0.2.15:9696/v2.0/subnets', 'connection': 'close', 'date': 'Fri, 11 Dec 2015 02:49:25 GMT', 'content-type': 'application/json; charset=UTF-8', 'x-openstack-request-id': 'req-4d25754d-fa49-4a29-b740-742f7766aac3'}
        Body: {"subnets": [{"name": "ipv6-public-subnet", "enable_dhcp": false, "network_id": "1a64bd9d-a14b-4788-bcde-c6cad6bc0d62", "tenant_id": "301714a950914ab8bdcaaff10bf95bfd", "dns_nameservers": [], "gateway_ip": "2001:db8::2", "ipv6_ra_mode": null, "allocation_pools": [{"start": "2001:db8::3", "end": "2001:db8::ffff:ffff:ffff:ffff"}, {"start": "2001:db8::1", "end": "2001:db8::1"}], "host_routes": [], "ip_version": 6, "ipv6_address_mode": null, "cidr": "2001:db8::/64", "id": "78e82e0d-a3b1-408d-9800-8c95184bb19b", "subnetpool_id": null}, {"name": "ipv6-private-subnet", "enable_dhcp": true, "network_id": "4363bb15-fca4-4522-b4e6-13addf3b4cef", "tenant_id": "7ce3779bdd4b4a7cbe0173ae94f6dd67", "dns_nameservers": [], "gateway_ip": "fd10:7a6d:ee46::1", "ipv6_ra_mode": "slaac", "allocation_pools": [{"start": "fd10:7a6d:ee46::2", "end": "fd10:7a6d:ee46:0:ffff:ffff:ffff:ffff"}], "host_routes": [], "ip_version": 6, "ipv6_address_mode": "slaac", "cidr": "fd10:7a6d:ee46::/64", "id": "8bc2d436-a3dc-4214-8750-17aecbf30663", "subnetpool_id": null}, {"name": "public-subnet", "enable_dhcp": false, "network_id": "1a64bd9d-a14b-4788-bcde-c6cad6bc0d62", "tenant_id": "301714a950914ab8bdcaaff10bf95bfd", "dns_nameservers": [], "gateway_ip": "172.24.4.1", "ipv6_ra_mode": null, "allocation_pools": [{"start": "172.24.4.2", "end": "172.24.4.254"}], "host_routes": [], "ip_version": 4, "ipv6_address_mode": null, "cidr": "172.24.4.0/24", "id": "a33b44b3-3d81-4372-9d7a-a143cfa2a7cb", "subnetpool_id": null}, {"name": "tempest-subnet-smoke-151542548", "enable_dhcp": true, "network_id": "4a81c9fb-88ac-4d1c-8075-2ce9b775fc4a", "tenant_id": "e959b65c2fda4237ad70ade99eb491a4", "dns_nameservers": [], "gateway_ip": "10.100.0.1", "ipv6_ra_mode": null, "allocation_pools": [{"start": "10.100.0.2", "end": "10.100.0.14"}], "host_routes": [], "ip_version": 4, "ipv6_address_mode": null, "cidr": "10.100.0.0/28", "id": "3463f87f-7a79-4443-8c1d-8e8953c98e58", "subnetpool_id": null}, {"name": "private-subnet", "enable_dhcp": true, "network_id": "4363bb15-fca4-4522-b4e6-13addf3b4cef", "tenant_id": "7ce3779bdd4b4a7cbe0173ae94f6dd67", "dns_nameservers": [], "gateway_ip": "10.0.0.1", "ipv6_ra_mode": null, "allocation_pools": [{"start": "10.0.0.2", "end": "10.0.0.254"}], "host_routes": [], "ip_version": 4, "ipv6_address_mode": null, "cidr": "10.0.0.0/24", "id": "f126fd5f-40b3-4396-95a0-600454ec3e5d", "subnetpool_id": null}]}
2015-12-11 02:49:25,089 25321 INFO     [tempest_lib.common.rest_client] Request (TestNetworkBasicOps:test_connectivity_between_vms_on_different_networks): 200 GET http://10.0.2.15:9696/v2.0/routers 0.051s
2015-12-11 02:49:25,090 25321 DEBUG    [tempest_lib.common.rest_client] Request - Headers: {'Content-Type': 'application/json', 'Accept': 'application/json', 'X-Auth-Token': '&lt;omitted&gt;'}
        Body: None
    Response - Headers: {'status': '200', 'content-length': '1167', 'content-location': 'http://10.0.2.15:9696/v2.0/routers', 'connection': 'close', 'date': 'Fri, 11 Dec 2015 02:49:25 GMT', 'content-type': 'application/json; charset=UTF-8', 'x-openstack-request-id': 'req-7e35073b-3f85-4c5b-affd-b6b18dceef4e'}
        Body: {"routers": [{"status": "ACTIVE", "external_gateway_info": {"network_id": "1a64bd9d-a14b-4788-bcde-c6cad6bc0d62", "enable_snat": true, "external_fixed_ips": [{"subnet_id": "a33b44b3-3d81-4372-9d7a-a143cfa2a7cb", "ip_address": "172.24.4.3"}, {"subnet_id": "78e82e0d-a3b1-408d-9800-8c95184bb19b", "ip_address": "2001:db8::3"}]}, "availability_zone_hints": [], "availability_zones": ["nova"], "name": "tempest-router-smoke-1948895903", "admin_state_up": true, "tenant_id": "e959b65c2fda4237ad70ade99eb491a4", "distributed": false, "routes": [], "ha": false, "id": "bc215437-68c7-45f1-abc3-edeaf668b2b1"}, {"status": "ACTIVE", "external_gateway_info": {"network_id": "1a64bd9d-a14b-4788-bcde-c6cad6bc0d62", "enable_snat": true, "external_fixed_ips": [{"subnet_id": "a33b44b3-3d81-4372-9d7a-a143cfa2a7cb", "ip_address": "172.24.4.2"}, {"subnet_id": "78e82e0d-a3b1-408d-9800-8c95184bb19b", "ip_address": "2001:db8::1"}]}, "availability_zone_hints": [], "availability_zones": ["nova"], "name": "router1", "admin_state_up": true, "tenant_id": "7ce3779bdd4b4a7cbe0173ae94f6dd67", "distributed": false, "routes": [], "ha": false, "id": "d1158d15-b3ab-48e2-9cd6-776c9b432017"}]}
2015-12-11 02:49:25,494 25321 INFO     [tempest_lib.common.rest_client] Request (TestNetworkBasicOps:test_connectivity_between_vms_on_different_networks): 200 POST http://10.0.2.15:8774/v2.1/e959b65c2fda4237ad70ade99eb491a4/os-keypairs 0.403s
2015-12-11 02:49:25,494 25321 DEBUG    [tempest_lib.common.rest_client] Request - Headers: {'Content-Type': 'application/json', 'Accept': 'application/json', 'X-Auth-Token': '&lt;omitted&gt;'}
        Body: {"keypair": {"name": "tempest-TestNetworkBasicOps-884373769"}}
    Response - Headers: {'status': '200', 'content-length': '2320', 'x-compute-request-id': 'req-eda0e6e2-8219-4e8f-b4e7-fb69498372aa', 'vary': 'X-OpenStack-Nova-API-Version', 'connection': 'close', 'x-openstack-nova-api-version': '2.1', 'date': 'Fri, 11 Dec 2015 02:49:25 GMT', 'content-type': 'application/json'}
        Body: {"keypair": {"public_key": "ssh-rsa AAAAB3NzaC1yc2EAAAADAQABAAABAQDDOt8iRLO9IF17gFFScTBCAqSaHvi5MLRafQWTjxbefMNxGmCkVNOVdvCimS6W9nNbgewLoSma3NOnBUt2t4v+8hEqaAtKB0sfp+VSco/J/pmuugb9iLANEp0ExsYUygvccu07wvvRqdOUHfn2fQ4CSODsVDbS+6mz26zM2WLBxmZr8q1iATVmPO2pcGpQAaLey73OAxnn+gUCPtVJ4ZJkyem0q3FKo9WFAZVe2+OZY0nBeK/kG4Q4y0YHnpb+zYVMQXrbb2JtMvlTJaBCJopgGCNDgp3l4uRjoZxFYn7T4iH3WddA45fbWgpGiY+sj0kVXGgiIEsTI4YhEiye/saP Generated-by-Nova", "private_key": "-----BEGIN RSA PRIVATE KEY-----\nMIIEpwIBAAKCAQEAwzrfIkSzvSBde4BRUnEwQgKkmh74uTC0Wn0Fk48W3nzDcRpg\npFTTlXbwopkulvZzW4HsC6EpmtzTpwVLdreL/vIRKmgLSgdLH6flUnKPyf6ZrroG\n/YiwDRKdBMbGFMoL3HLtO8L70anTlB359n0OAkjg7FQ20vups9uszNliwcZma/Kt\nYgE1ZjztqXBqUAGi3su9zgMZ5/oFAj7VSeGSZMnptKtxSqPVhQGVXtvjmWNJwXiv\n5BuEOMtGB56W/s2FTEF6229ibTL5UyWgQiaKYBgjQ4Kd5eLkY6GcRWJ+0+Ih91nX\nQOOX21oKRomPrI9JFVxoIiBLEyOGIRIsnv7GjwIDAQABAoIBAES3yCqrvAhqB/2c\noQM/zBiwDXgiRrIIrrLbJsdVqlsN101MV5AAO6l0gCb7fCavANPI22kMhTR5XhaA\nCpvy51gJpHkkvjSEdLDjzBhFMs+KylVyLVu4bR9s2dAAl2Bh7eLeoRpT+4dFG7Ab\nDQzx36h2NpV43wNMieNBA4XnTpedvDHg2UVRjNhHwv+Ix9p2VPMpkVP1JIvqC2ae\nt2ckbBWX2JNLbePNYk7Dcn6Py4pwlaMpfm23KQAALhijk6WAbVPflD4YhKai999R\nFFSksKhG2U20g9DE4hjZYofgJs51AvzbtQOy1BnFPywmXsY/DeU/Fy8ZDHuP/jSI\n7xMm4yECggCBAM4vjU5m/rMT8heTrSUsV2tQlqGpchORtT+DFeR85jwJ+P2Ij4ve\np0mtp7NWtx1SXza9VKmO98LyC6INsPCIgZ/UwJYwODWDKBoS5fmPWhh8JfkUt4GL\n6Ndr/HYwMJkti6XMYiDXNueqYP99TguxPfg5+fGT0ZnhWPR2MpwofRfNAoIAgQDy\nZbZCi+nZLGBI7lix/kOMXoEOf37GUGy7A2AvMXB+D9dhJprARodrs2tyluDKEffG\n+mJrjTtL1BMpAWloZGgCLyMM6ZNjb2VP44GejkxdJjn4l6r/4gagMQDdzRMxh0+W\npfGcOp9UNSFtUUWxYuee2QVfF+pUdLoUnRPQ9huDywKCAIAYU1vkiBo8nnnNdkrT\nO+wEaTmcURV4YZR0rc6DaojvRG3v25Cz+8zY0HgcnHp2JyW8m5HFf2yTv2LH972M\nY06HwN4H2iCHj7XHfbtMOjFy+hKw1FTiH9OUttTOTNku+USkhvx8y2da5asT+YCf\nuIWLJ6vpaHsuIHwSO2+1JMG9cQKCAIB3PnIa6plvrNTxC8+2QE8ajqMObsn+5TGY\nDmES1k9wtHpP4J3gWNHlua3yASc0QQKTcDlaj2/MLdf/JCKmqD5CVM35XC6VjAda\n9aCeT4JhkJyUHoiQuLBpvbGfa3M1ukr84UWqhWw8EKcREBoo2W74RerOjQVJ5uJj\noaJN+cQvYQKCAIA8NNcc6XwNbFY9JLIp0oZ2t6RSIGe13HehlTMVjF4Iy+yU6bjV\nruy4e7/7XVl7W8NaIQjL8BRo5Ymr7a9oJlhvZnn5uUKBHtgMhkT60g0CvVFsEweT\nKCokjcoPBRWgXLzhapk+fkMjuJmyTVAM63JDktlf2R2dnQQ1njXTemwDRw==\n-----END RSA PRIVATE KEY-----\n", "user_id": "17a6fb1197da47a284f5b670b9bba872", "name": "tempest-TestNetworkBasicOps-884373769", "fingerprint": "df:ef:d8:c3:e4:ae:5c:b8:9a:3f:2a:68:b0:f1:b7:0d"}}
2015-12-11 02:49:25,594 25321 INFO     [tempest_lib.common.rest_client] Request (TestNetworkBasicOps:test_connectivity_between_vms_on_different_networks): 200 POST http://10.0.2.15:5000/v2.0/tokens
2015-12-11 02:49:25,595 25321 DEBUG    [tempest_lib.common.rest_client] Request - Headers: {'Content-Type': 'application/json', 'Accept': 'application/json'}
        Body: &lt;omitted&gt;
    Response - Headers: {'status': '200', 'content-length': '2524', 'vary': 'X-Auth-Token', 'server': 'Apache/2.4.7 (Ubuntu)', 'connection': 'close', 'date': 'Fri, 11 Dec 2015 02:49:25 GMT', 'content-type': 'application/json', 'x-openstack-request-id': 'req-e8e27618-0920-4274-98e6-e2fac60778d5'}
        Body: {"access": {"token": {"issued_at": "2015-12-11T02:49:25.585852", "expires": "2015-12-11T03:49:25Z", "id": "a3b6dc6ed23e45e7a185f871d2b69cd4", "tenant": {"description": "tempest-TestNetworkBasicOps-369759530-desc", "enabled": true, "id": "e959b65c2fda4237ad70ade99eb491a4", "name": "tempest-TestNetworkBasicOps-369759530"}, "audit_ids": ["3wibM3gsSVyTaO2GnER11Q"]}, "serviceCatalog": [{"endpoints": [{"adminURL": "http://10.0.2.15:8774/v2.1/e959b65c2fda4237ad70ade99eb491a4", "region": "RegionOne", "internalURL": "http://10.0.2.15:8774/v2.1/e959b65c2fda4237ad70ade99eb491a4", "id": "8d32a739f5fd447a844a1040cd0a8e87", "publicURL": "http://10.0.2.15:8774/v2.1/e959b65c2fda4237ad70ade99eb491a4"}], "endpoints_links": [], "type": "compute", "name": "nova"}, {"endpoints": [{"adminURL": "http://10.0.2.15:9696/", "region": "RegionOne", "internalURL": "http://10.0.2.15:9696/", "id": "5f9299b00a3949459faad72555dda6b3", "publicURL": "http://10.0.2.15:9696/"}], "endpoints_links": [], "type": "network", "name": "neutron"}, {"endpoints": [{"adminURL": "http://10.0.2.15:9292", "region": "RegionOne", "internalURL": "http://10.0.2.15:9292", "id": "24a36ecbbb7e4e8ca9272f64aa09ceb7", "publicURL": "http://10.0.2.15:9292"}], "endpoints_links": [], "type": "image", "name": "glance"}, {"endpoints": [{"adminURL": "http://10.0.2.15:8774/v2/e959b65c2fda4237ad70ade99eb491a4", "region": "RegionOne", "internalURL": "http://10.0.2.15:8774/v2/e959b65c2fda4237ad70ade99eb491a4", "id": "4248f4deaf264e3dbafdc3afe01c7a57", "publicURL": "http://10.0.2.15:8774/v2/e959b65c2fda4237ad70ade99eb491a4"}], "endpoints_links": [], "type": "compute_legacy", "name": "nova_legacy"}, {"endpoints": [{"adminURL": "http://10.0.2.15:8773/", "region": "RegionOne", "internalURL": "http://10.0.2.15:8773/", "id": "867d140ed9db468cad391261dd1ca1cd", "publicURL": "http://10.0.2.15:8773/"}], "endpoints_links": [], "type": "ec2", "name": "ec2"}, {"endpoints": [{"adminURL": "http://10.0.2.15:35357/v2.0", "region": "RegionOne", "internalURL": "http://10.0.2.15:5000/v2.0", "id": "164c4346f0904779bbdbdc84436406a0", "publicURL": "http://10.0.2.15:5000/v2.0"}], "endpoints_links": [], "type": "identity", "name": "keystone"}], "user": {"username": "tempest-TestNetworkBasicOps-84398071", "roles_links": [], "id": "17a6fb1197da47a284f5b670b9bba872", "roles": [{"name": "_member_"}, {"name": "Member"}], "name": "tempest-TestNetworkBasicOps-84398071"}, "metadata": {"is_admin": 0, "roles": ["9fe2ff9ee4384b1894a90878d3e92bab", "1e4faa59d7454618ac83b61e99c1fe62"]}}}
2015-12-11 02:49:25,599 25321 DEBUG    [tempest.common.fixed_network] (TestNetworkBasicOps:test_connectivity_between_vms_on_different_networks) No valid network provided or created, defaulting to fixed_network_name
2015-12-11 02:49:25,880 25321 INFO     [tempest_lib.common.rest_client] Request (TestNetworkBasicOps:test_connectivity_between_vms_on_different_networks): 200 GET http://10.0.2.15:8774/v2.1/e959b65c2fda4237ad70ade99eb491a4/os-networks 0.280s
2015-12-11 02:49:25,880 25321 DEBUG    [tempest_lib.common.rest_client] Request - Headers: {'Content-Type': 'application/json', 'Accept': 'application/json', 'X-Auth-Token': '&lt;omitted&gt;'}
        Body: None
    Response - Headers: {'status': '200', 'content-length': '479', 'content-location': 'http://10.0.2.15:8774/v2.1/e959b65c2fda4237ad70ade99eb491a4/os-networks', 'x-compute-request-id': 'req-20374407-eed0-4302-a84f-e07b8338ba70', 'vary': 'X-OpenStack-Nova-API-Version', 'connection': 'close', 'x-openstack-nova-api-version': '2.1', 'date': 'Fri, 11 Dec 2015 02:49:25 GMT', 'content-type': 'application/json'}
        Body: {"networks": [{"cidr_v6": null, "dns2": null, "dns1": null, "gateway": null, "broadcast": null, "netmask": null, "gateway_v6": null, "cidr": null, "label": "public", "id": "1a64bd9d-a14b-4788-bcde-c6cad6bc0d62", "netmask_v6": null}, {"cidr_v6": null, "dns2": null, "dns1": null, "gateway": null, "broadcast": null, "netmask": null, "gateway_v6": null, "cidr": null, "label": "tempest-network-smoke--1716066884", "id": "4a81c9fb-88ac-4d1c-8075-2ce9b775fc4a", "netmask_v6": null}]}
2015-12-11 02:49:25,881 25321 WARNING  [tempest.common.fixed_network] (TestNetworkBasicOps:test_connectivity_between_vms_on_different_networks) Network with name: private not found
2015-12-11 02:49:25,881 25321 INFO     [tempest.common.fixed_network] (TestNetworkBasicOps:test_connectivity_between_vms_on_different_networks) Found network {} available for tenant
2015-12-11 02:49:27,362 25321 INFO     [tempest_lib.common.rest_client] Request (TestNetworkBasicOps:test_connectivity_between_vms_on_different_networks): 202 POST http://10.0.2.15:8774/v2.1/e959b65c2fda4237ad70ade99eb491a4/servers 1.479s
2015-12-11 02:49:27,363 25321 DEBUG    [tempest_lib.common.rest_client] Request - Headers: {'Content-Type': 'application/json', 'Accept': 'application/json', 'X-Auth-Token': '&lt;omitted&gt;'}
        Body: {"server": {"name": "tempest.common.compute-instance-298490893", "imageRef": "0da30332-e7f7-4ec8-8451-e861961a9316", "key_name": "tempest-TestNetworkBasicOps-884373769", "flavorRef": "42", "networks": [{"uuid": "4a81c9fb-88ac-4d1c-8075-2ce9b775fc4a"}], "security_groups": [{"name": "tempest-secgroup-smoke-1581492175"}]}}
    Response - Headers: {'status': '202', 'content-length': '462', 'x-compute-request-id': 'req-967b3bba-c052-4897-ba39-2ad98908c41a', 'vary': 'X-OpenStack-Nova-API-Version', 'connection': 'close', 'location': 'http://10.0.2.15:8774/v2.1/e959b65c2fda4237ad70ade99eb491a4/servers/3727ba74-8684-4df2-97dd-72055716c459', 'x-openstack-nova-api-version': '2.1', 'date': 'Fri, 11 Dec 2015 02:49:27 GMT', 'content-type': 'application/json'}
        Body: {"server": {"security_groups": [{"name": "tempest-secgroup-smoke-1581492175"}], "OS-DCF:diskConfig": "MANUAL", "id": "3727ba74-8684-4df2-97dd-72055716c459", "links": [{"href": "http://10.0.2.15:8774/v2.1/e959b65c2fda4237ad70ade99eb491a4/servers/3727ba74-8684-4df2-97dd-72055716c459", "rel": "self"}, {"href": "http://10.0.2.15:8774/e959b65c2fda4237ad70ade99eb491a4/servers/3727ba74-8684-4df2-97dd-72055716c459", "rel": "bookmark"}], "adminPass": "oGfQHZ5Ta5m2"}}
2015-12-11 02:49:27,613 25321 INFO     [tempest_lib.common.rest_client] Request (TestNetworkBasicOps:test_connectivity_between_vms_on_different_networks): 200 GET http://10.0.2.15:8774/v2.1/e959b65c2fda4237ad70ade99eb491a4/servers/3727ba74-8684-4df2-97dd-72055716c459 0.247s
2015-12-11 02:49:27,614 25321 DEBUG    [tempest_lib.common.rest_client] Request - Headers: {'Content-Type': 'application/json', 'Accept': 'application/json', 'X-Auth-Token': '&lt;omitted&gt;'}
        Body: None
    Response - Headers: {'status': '200', 'content-length': '1354', 'content-location': 'http://10.0.2.15:8774/v2.1/e959b65c2fda4237ad70ade99eb491a4/servers/3727ba74-8684-4df2-97dd-72055716c459', 'x-compute-request-id': 'req-c056811e-b459-4b2b-92a2-54654e46404f', 'vary': 'X-OpenStack-Nova-API-Version', 'connection': 'close', 'x-openstack-nova-api-version': '2.1', 'date': 'Fri, 11 Dec 2015 02:49:27 GMT', 'content-type': 'application/json'}
        Body: {"server": {"status": "BUILD", "updated": "2015-12-11T02:49:27Z", "hostId": "", "addresses": {}, "links": [{"href": "http://10.0.2.15:8774/v2.1/e959b65c2fda4237ad70ade99eb491a4/servers/3727ba74-8684-4df2-97dd-72055716c459", "rel": "self"}, {"href": "http://10.0.2.15:8774/e959b65c2fda4237ad70ade99eb491a4/servers/3727ba74-8684-4df2-97dd-72055716c459", "rel": "bookmark"}], "key_name": "tempest-TestNetworkBasicOps-884373769", "image": {"id": "0da30332-e7f7-4ec8-8451-e861961a9316", "links": [{"href": "http://10.0.2.15:8774/e959b65c2fda4237ad70ade99eb491a4/images/0da30332-e7f7-4ec8-8451-e861961a9316", "rel": "bookmark"}]}, "OS-EXT-STS:task_state": "scheduling", "OS-EXT-STS:vm_state": "building", "OS-SRV-USG:launched_at": null, "flavor": {"id": "42", "links": [{"href": "http://10.0.2.15:8774/e959b65c2fda4237ad70ade99eb491a4/flavors/42", "rel": "bookmark"}]}, "id": "3727ba74-8684-4df2-97dd-72055716c459", "OS-SRV-USG:terminated_at": null, "OS-EXT-AZ:availability_zone": "", "user_id": "17a6fb1197da47a284f5b670b9bba872", "name": "tempest.common.compute-instance-298490893", "created": "2015-12-11T02:49:27Z", "tenant_id": "e959b65c2fda4237ad70ade99eb491a4", "OS-DCF:diskConfig": "MANUAL", "os-extended-volumes:volumes_attached": [], "accessIPv4": "", "accessIPv6": "", "progress": 0, "OS-EXT-STS:power_state": 0, "config_drive": "", "metadata": {}}}
2015-12-11 02:49:28,894 25321 INFO     [tempest_lib.common.rest_client] Request (TestNetworkBasicOps:test_connectivity_between_vms_on_different_networks): 200 GET http://10.0.2.15:8774/v2.1/e959b65c2fda4237ad70ade99eb491a4/servers/3727ba74-8684-4df2-97dd-72055716c459 0.271s
2015-12-11 02:49:28,895 25321 DEBUG    [tempest_lib.common.rest_client] Request - Headers: {'Content-Type': 'application/json', 'Accept': 'application/json', 'X-Auth-Token': '&lt;omitted&gt;'}
        Body: None
    Response - Headers: {'status': '200', 'content-length': '1480', 'content-location': 'http://10.0.2.15:8774/v2.1/e959b65c2fda4237ad70ade99eb491a4/servers/3727ba74-8684-4df2-97dd-72055716c459', 'x-compute-request-id': 'req-d9ab1548-56f9-430c-b74b-1e8a5578b03c', 'vary': 'X-OpenStack-Nova-API-Version', 'connection': 'close', 'x-openstack-nova-api-version': '2.1', 'date': 'Fri, 11 Dec 2015 02:49:28 GMT', 'content-type': 'application/json'}
        Body: {"server": {"status": "BUILD", "updated": "2015-12-11T02:49:28Z", "hostId": "2a910632b4b1324637b753f92ed40fdbc8d418ce6ebca79a637826c5", "addresses": {}, "links": [{"href": "http://10.0.2.15:8774/v2.1/e959b65c2fda4237ad70ade99eb491a4/servers/3727ba74-8684-4df2-97dd-72055716c459", "rel": "self"}, {"href": "http://10.0.2.15:8774/e959b65c2fda4237ad70ade99eb491a4/servers/3727ba74-8684-4df2-97dd-72055716c459", "rel": "bookmark"}], "key_name": "tempest-TestNetworkBasicOps-884373769", "image": {"id": "0da30332-e7f7-4ec8-8451-e861961a9316", "links": [{"href": "http://10.0.2.15:8774/e959b65c2fda4237ad70ade99eb491a4/images/0da30332-e7f7-4ec8-8451-e861961a9316", "rel": "bookmark"}]}, "OS-EXT-STS:task_state": "spawning", "OS-EXT-STS:vm_state": "building", "OS-SRV-USG:launched_at": null, "flavor": {"id": "42", "links": [{"href": "http://10.0.2.15:8774/e959b65c2fda4237ad70ade99eb491a4/flavors/42", "rel": "bookmark"}]}, "id": "3727ba74-8684-4df2-97dd-72055716c459", "security_groups": [{"name": "tempest-secgroup-smoke-1581492175"}], "OS-SRV-USG:terminated_at": null, "OS-EXT-AZ:availability_zone": "nova", "user_id": "17a6fb1197da47a284f5b670b9bba872", "name": "tempest.common.compute-instance-298490893", "created": "2015-12-11T02:49:27Z", "tenant_id": "e959b65c2fda4237ad70ade99eb491a4", "OS-DCF:diskConfig": "MANUAL", "os-extended-volumes:volumes_attached": [], "accessIPv4": "", "accessIPv6": "", "progress": 0, "OS-EXT-STS:power_state": 0, "config_drive": "", "metadata": {}}}
2015-12-11 02:49:28,903 25321 INFO     [tempest.common.waiters] State transition "BUILD/scheduling" ==&gt; "BUILD/spawning" after 1 second wait
2015-12-11 02:49:30,116 25321 INFO     [tempest_lib.common.rest_client] Request (TestNetworkBasicOps:test_connectivity_between_vms_on_different_networks): 200 GET http://10.0.2.15:8774/v2.1/e959b65c2fda4237ad70ade99eb491a4/servers/3727ba74-8684-4df2-97dd-72055716c459 0.210s
2015-12-11 02:49:30,116 25321 DEBUG    [tempest_lib.common.rest_client] Request - Headers: {'Content-Type': 'application/json', 'Accept': 'application/json', 'X-Auth-Token': '&lt;omitted&gt;'}
        Body: None
    Response - Headers: {'status': '200', 'content-length': '1480', 'content-location': 'http://10.0.2.15:8774/v2.1/e959b65c2fda4237ad70ade99eb491a4/servers/3727ba74-8684-4df2-97dd-72055716c459', 'x-compute-request-id': 'req-2acb1813-8660-4678-b3ac-fbcd99101181', 'vary': 'X-OpenStack-Nova-API-Version', 'connection': 'close', 'x-openstack-nova-api-version': '2.1', 'date': 'Fri, 11 Dec 2015 02:49:30 GMT', 'content-type': 'application/json'}
        Body: {"server": {"status": "BUILD", "updated": "2015-12-11T02:49:28Z", "hostId": "2a910632b4b1324637b753f92ed40fdbc8d418ce6ebca79a637826c5", "addresses": {}, "links": [{"href": "http://10.0.2.15:8774/v2.1/e959b65c2fda4237ad70ade99eb491a4/servers/3727ba74-8684-4df2-97dd-72055716c459", "rel": "self"}, {"href": "http://10.0.2.15:8774/e959b65c2fda4237ad70ade99eb491a4/servers/3727ba74-8684-4df2-97dd-72055716c459", "rel": "bookmark"}], "key_name": "tempest-TestNetworkBasicOps-884373769", "image": {"id": "0da30332-e7f7-4ec8-8451-e861961a9316", "links": [{"href": "http://10.0.2.15:8774/e959b65c2fda4237ad70ade99eb491a4/images/0da30332-e7f7-4ec8-8451-e861961a9316", "rel": "bookmark"}]}, "OS-EXT-STS:task_state": "spawning", "OS-EXT-STS:vm_state": "building", "OS-SRV-USG:launched_at": null, "flavor": {"id": "42", "links": [{"href": "http://10.0.2.15:8774/e959b65c2fda4237ad70ade99eb491a4/flavors/42", "rel": "bookmark"}]}, "id": "3727ba74-8684-4df2-97dd-72055716c459", "security_groups": [{"name": "tempest-secgroup-smoke-1581492175"}], "OS-SRV-USG:terminated_at": null, "OS-EXT-AZ:availability_zone": "nova", "user_id": "17a6fb1197da47a284f5b670b9bba872", "name": "tempest.common.compute-instance-298490893", "created": "2015-12-11T02:49:27Z", "tenant_id": "e959b65c2fda4237ad70ade99eb491a4", "OS-DCF:diskConfig": "MANUAL", "os-extended-volumes:volumes_attached": [], "accessIPv4": "", "accessIPv6": "", "progress": 0, "OS-EXT-STS:power_state": 0, "config_drive": "", "metadata": {}}}
2015-12-11 02:49:31,328 25321 INFO     [tempest_lib.common.rest_client] Request (TestNetworkBasicOps:test_connectivity_between_vms_on_different_networks): 200 GET http://10.0.2.15:8774/v2.1/e959b65c2fda4237ad70ade99eb491a4/servers/3727ba74-8684-4df2-97dd-72055716c459 0.202s
2015-12-11 02:49:31,329 25321 DEBUG    [tempest_lib.common.rest_client] Request - Headers: {'Content-Type': 'application/json', 'Accept': 'application/json', 'X-Auth-Token': '&lt;omitted&gt;'}
        Body: None
    Response - Headers: {'status': '200', 'content-length': '1652', 'content-location': 'http://10.0.2.15:8774/v2.1/e959b65c2fda4237ad70ade99eb491a4/servers/3727ba74-8684-4df2-97dd-72055716c459', 'x-compute-request-id': 'req-0a152e8b-99e1-4aac-93ff-cb2777b67b24', 'vary': 'X-OpenStack-Nova-API-Version', 'connection': 'close', 'x-openstack-nova-api-version': '2.1', 'date': 'Fri, 11 Dec 2015 02:49:31 GMT', 'content-type': 'application/json'}
        Body: {"server": {"status": "ACTIVE", "updated": "2015-12-11T02:49:30Z", "hostId": "2a910632b4b1324637b753f92ed40fdbc8d418ce6ebca79a637826c5", "addresses": {"tempest-network-smoke--1716066884": [{"OS-EXT-IPS-MAC:mac_addr": "fa:16:3e:2e:91:f5", "version": 4, "addr": "10.100.0.3", "OS-EXT-IPS:type": "fixed"}]}, "links": [{"href": "http://10.0.2.15:8774/v2.1/e959b65c2fda4237ad70ade99eb491a4/servers/3727ba74-8684-4df2-97dd-72055716c459", "rel": "self"}, {"href": "http://10.0.2.15:8774/e959b65c2fda4237ad70ade99eb491a4/servers/3727ba74-8684-4df2-97dd-72055716c459", "rel": "bookmark"}], "key_name": "tempest-TestNetworkBasicOps-884373769", "image": {"id": "0da30332-e7f7-4ec8-8451-e861961a9316", "links": [{"href": "http://10.0.2.15:8774/e959b65c2fda4237ad70ade99eb491a4/images/0da30332-e7f7-4ec8-8451-e861961a9316", "rel": "bookmark"}]}, "OS-EXT-STS:task_state": null, "OS-EXT-STS:vm_state": "active", "OS-SRV-USG:launched_at": "2015-12-11T02:49:30.000000", "flavor": {"id": "42", "links": [{"href": "http://10.0.2.15:8774/e959b65c2fda4237ad70ade99eb491a4/flavors/42", "rel": "bookmark"}]}, "id": "3727ba74-8684-4df2-97dd-72055716c459", "security_groups": [{"name": "tempest-secgroup-smoke-1581492175"}], "OS-SRV-USG:terminated_at": null, "OS-EXT-AZ:availability_zone": "nova", "user_id": "17a6fb1197da47a284f5b670b9bba872", "name": "tempest.common.compute-instance-298490893", "created": "2015-12-11T02:49:27Z", "tenant_id": "e959b65c2fda4237ad70ade99eb491a4", "OS-DCF:diskConfig": "MANUAL", "os-extended-volumes:volumes_attached": [], "accessIPv4": "", "accessIPv6": "", "progress": 0, "OS-EXT-STS:power_state": 1, "config_drive": "True", "metadata": {}}}
2015-12-11 02:49:31,337 25321 INFO     [tempest.common.waiters] State transition "BUILD/spawning" ==&gt; "ACTIVE/None" after 4 second wait
2015-12-11 02:49:31,717 25321 INFO     [tempest_lib.common.rest_client] Request (TestNetworkBasicOps:test_connectivity_between_vms_on_different_networks): 200 GET http://10.0.2.15:8774/v2.1/e959b65c2fda4237ad70ade99eb491a4/servers/3727ba74-8684-4df2-97dd-72055716c459 0.379s
2015-12-11 02:49:31,718 25321 DEBUG    [tempest_lib.common.rest_client] Request - Headers: {'Content-Type': 'application/json', 'Accept': 'application/json', 'X-Auth-Token': '&lt;omitted&gt;'}
        Body: None
    Response - Headers: {'status': '200', 'content-length': '1652', 'content-location': 'http://10.0.2.15:8774/v2.1/e959b65c2fda4237ad70ade99eb491a4/servers/3727ba74-8684-4df2-97dd-72055716c459', 'x-compute-request-id': 'req-0739589a-63db-49cf-9cd0-f477a525e9c1', 'vary': 'X-OpenStack-Nova-API-Version', 'connection': 'close', 'x-openstack-nova-api-version': '2.1', 'date': 'Fri, 11 Dec 2015 02:49:31 GMT', 'content-type': 'application/json'}
        Body: {"server": {"status": "ACTIVE", "updated": "2015-12-11T02:49:30Z", "hostId": "2a910632b4b1324637b753f92ed40fdbc8d418ce6ebca79a637826c5", "addresses": {"tempest-network-smoke--1716066884": [{"OS-EXT-IPS-MAC:mac_addr": "fa:16:3e:2e:91:f5", "version": 4, "addr": "10.100.0.3", "OS-EXT-IPS:type": "fixed"}]}, "links": [{"href": "http://10.0.2.15:8774/v2.1/e959b65c2fda4237ad70ade99eb491a4/servers/3727ba74-8684-4df2-97dd-72055716c459", "rel": "self"}, {"href": "http://10.0.2.15:8774/e959b65c2fda4237ad70ade99eb491a4/servers/3727ba74-8684-4df2-97dd-72055716c459", "rel": "bookmark"}], "key_name": "tempest-TestNetworkBasicOps-884373769", "image": {"id": "0da30332-e7f7-4ec8-8451-e861961a9316", "links": [{"href": "http://10.0.2.15:8774/e959b65c2fda4237ad70ade99eb491a4/images/0da30332-e7f7-4ec8-8451-e861961a9316", "rel": "bookmark"}]}, "OS-EXT-STS:task_state": null, "OS-EXT-STS:vm_state": "active", "OS-SRV-USG:launched_at": "2015-12-11T02:49:30.000000", "flavor": {"id": "42", "links": [{"href": "http://10.0.2.15:8774/e959b65c2fda4237ad70ade99eb491a4/flavors/42", "rel": "bookmark"}]}, "id": "3727ba74-8684-4df2-97dd-72055716c459", "security_groups": [{"name": "tempest-secgroup-smoke-1581492175"}], "OS-SRV-USG:terminated_at": null, "OS-EXT-AZ:availability_zone": "nova", "user_id": "17a6fb1197da47a284f5b670b9bba872", "name": "tempest.common.compute-instance-298490893", "created": "2015-12-11T02:49:27Z", "tenant_id": "e959b65c2fda4237ad70ade99eb491a4", "OS-DCF:diskConfig": "MANUAL", "os-extended-volumes:volumes_attached": [], "accessIPv4": "", "accessIPv6": "", "progress": 0, "OS-EXT-STS:power_state": 1, "config_drive": "True", "metadata": {}}}
2015-12-11 02:49:31,728 25321 INFO     [tempest.scenario.manager] Tenant networks not configured to be reachable.
2015-12-11 02:49:31,865 25321 INFO     [tempest_lib.common.rest_client] Request (TestNetworkBasicOps:test_connectivity_between_vms_on_different_networks): 200 GET http://10.0.2.15:9696/v2.0/ports?status=ACTIVE&amp;fixed_ip=None&amp;device_id=3727ba74-8684-4df2-97dd-72055716c459 0.136s
2015-12-11 02:49:31,865 25321 DEBUG    [tempest_lib.common.rest_client] Request - Headers: {'Content-Type': 'application/json', 'Accept': 'application/json', 'X-Auth-Token': '&lt;omitted&gt;'}
        Body: None
    Response - Headers: {'status': '200', 'content-length': '895', 'content-location': 'http://10.0.2.15:9696/v2.0/ports?status=ACTIVE&amp;fixed_ip=None&amp;device_id=3727ba74-8684-4df2-97dd-72055716c459', 'connection': 'close', 'date': 'Fri, 11 Dec 2015 02:49:31 GMT', 'content-type': 'application/json; charset=UTF-8', 'x-openstack-request-id': 'req-2989bcce-47f4-499a-9238-1b2ee3734c16'}
        Body: {"ports": [{"status": "ACTIVE", "binding:host_id": "vagrant-ubuntu-trusty-64", "allowed_address_pairs": [], "extra_dhcp_opts": [], "dns_assignment": [{"hostname": "host-10-100-0-3", "ip_address": "10.100.0.3", "fqdn": "host-10-100-0-3.openstacklocal."}], "device_owner": "compute:None", "port_security_enabled": true, "binding:profile": {}, "fixed_ips": [{"subnet_id": "3463f87f-7a79-4443-8c1d-8e8953c98e58", "ip_address": "10.100.0.3"}], "id": "69a5e228-eae9-4527-8192-49dee96749e9", "security_groups": ["1d391bcc-a9d2-4c94-8f04-b5db1984bd26"], "device_id": "3727ba74-8684-4df2-97dd-72055716c459", "name": "", "admin_state_up": true, "network_id": "4a81c9fb-88ac-4d1c-8075-2ce9b775fc4a", "dns_name": "", "binding:vif_details": {"port_filter": true}, "binding:vnic_type": "normal", "binding:vif_type": "ovs", "tenant_id": "e959b65c2fda4237ad70ade99eb491a4", "mac_address": "fa:16:3e:2e:91:f5"}]}
2015-12-11 02:49:32,498 25321 INFO     [tempest_lib.common.rest_client] Request (TestNetworkBasicOps:test_connectivity_between_vms_on_different_networks): 201 POST http://10.0.2.15:9696/v2.0/floatingips 0.631s
2015-12-11 02:49:32,498 25321 DEBUG    [tempest_lib.common.rest_client] Request - Headers: {'Content-Type': 'application/json', 'Accept': 'application/json', 'X-Auth-Token': '&lt;omitted&gt;'}
        Body: {"floatingip": {"floating_network_id": "1a64bd9d-a14b-4788-bcde-c6cad6bc0d62", "tenant_id": "e959b65c2fda4237ad70ade99eb491a4", "fixed_ip_address": "10.100.0.3", "port_id": "69a5e228-eae9-4527-8192-49dee96749e9"}}
    Response - Headers: {'status': '201', 'content-length': '367', 'connection': 'close', 'date': 'Fri, 11 Dec 2015 02:49:32 GMT', 'content-type': 'application/json; charset=UTF-8', 'x-openstack-request-id': 'req-f79192c1-7a68-4cf5-a3c9-d0145de72e9e'}
        Body: {"floatingip": {"floating_network_id": "1a64bd9d-a14b-4788-bcde-c6cad6bc0d62", "router_id": "bc215437-68c7-45f1-abc3-edeaf668b2b1", "fixed_ip_address": "10.100.0.3", "floating_ip_address": "172.24.4.4", "tenant_id": "e959b65c2fda4237ad70ade99eb491a4", "status": "DOWN", "port_id": "69a5e228-eae9-4527-8192-49dee96749e9", "id": "6241b1a5-c35e-4b0a-9963-bd0be966c72e"}}
2015-12-11 02:49:32,513 25321 INFO     [tempest_lib.common.rest_client] Request (TestNetworkBasicOps:test_connectivity_between_vms_on_different_networks): 200 GET http://10.0.2.15:9696/v2.0/floatingips/6241b1a5-c35e-4b0a-9963-bd0be966c72e 0.014s
2015-12-11 02:49:32,513 25321 DEBUG    [tempest_lib.common.rest_client] Request - Headers: {'Content-Type': 'application/json', 'Accept': 'application/json', 'X-Auth-Token': '&lt;omitted&gt;'}
        Body: None
    Response - Headers: {'status': '200', 'content-length': '367', 'content-location': 'http://10.0.2.15:9696/v2.0/floatingips/6241b1a5-c35e-4b0a-9963-bd0be966c72e', 'connection': 'close', 'date': 'Fri, 11 Dec 2015 02:49:32 GMT', 'content-type': 'application/json; charset=UTF-8', 'x-openstack-request-id': 'req-2b548261-a2a7-4212-8832-8057958a3fac'}
        Body: {"floatingip": {"floating_network_id": "1a64bd9d-a14b-4788-bcde-c6cad6bc0d62", "router_id": "bc215437-68c7-45f1-abc3-edeaf668b2b1", "fixed_ip_address": "10.100.0.3", "floating_ip_address": "172.24.4.4", "tenant_id": "e959b65c2fda4237ad70ade99eb491a4", "status": "DOWN", "port_id": "69a5e228-eae9-4527-8192-49dee96749e9", "id": "6241b1a5-c35e-4b0a-9963-bd0be966c72e"}}
2015-12-11 02:49:33,530 25321 INFO     [tempest_lib.common.rest_client] Request (TestNetworkBasicOps:test_connectivity_between_vms_on_different_networks): 200 GET http://10.0.2.15:9696/v2.0/floatingips/6241b1a5-c35e-4b0a-9963-bd0be966c72e 0.015s
2015-12-11 02:49:33,531 25321 DEBUG    [tempest_lib.common.rest_client] Request - Headers: {'Content-Type': 'application/json', 'Accept': 'application/json', 'X-Auth-Token': '&lt;omitted&gt;'}
        Body: None
    Response - Headers: {'status': '200', 'content-length': '369', 'content-location': 'http://10.0.2.15:9696/v2.0/floatingips/6241b1a5-c35e-4b0a-9963-bd0be966c72e', 'connection': 'close', 'date': 'Fri, 11 Dec 2015 02:49:33 GMT', 'content-type': 'application/json; charset=UTF-8', 'x-openstack-request-id': 'req-a3af8e1e-8eb1-4d85-9da5-3922a3fdccbe'}
        Body: {"floatingip": {"floating_network_id": "1a64bd9d-a14b-4788-bcde-c6cad6bc0d62", "router_id": "bc215437-68c7-45f1-abc3-edeaf668b2b1", "fixed_ip_address": "10.100.0.3", "floating_ip_address": "172.24.4.4", "tenant_id": "e959b65c2fda4237ad70ade99eb491a4", "status": "ACTIVE", "port_id": "69a5e228-eae9-4527-8192-49dee96749e9", "id": "6241b1a5-c35e-4b0a-9963-bd0be966c72e"}}
2015-12-11 02:49:33,531 25321 INFO     [tempest.scenario.manager] FloatingIP: &lt;"FloatingIP" addr="172.24.4.4" id="6241b1a5-c35e-4b0a-9963-bd0be966c72e"&gt; is at status: ACTIVE
2015-12-11 02:49:33,531 25321 DEBUG    [tempest.scenario.manager] checking network connections to IP 172.24.4.4 with user: cirros
2015-12-11 02:49:33,532 25321 DEBUG    [tempest.scenario.manager] TestNetworkBasicOps:test_connectivity_between_vms_on_different_networks begins to ping 172.24.4.4 in 120 sec and the expected result is reachable
2015-12-11 02:51:34,849 25321 DEBUG    [tempest.scenario.manager] TestNetworkBasicOps:test_connectivity_between_vms_on_different_networks finishes ping 172.24.4.4 in 120 sec and the ping result is unexpected
2015-12-11 02:51:34,850 25321 ERROR    [tempest.scenario.manager] Public network connectivity check failed
2015-12-11 02:51:34.850 25321 ERROR tempest.scenario.manager Traceback (most recent call last):
2015-12-11 02:51:34.850 25321 ERROR tempest.scenario.manager   File "tempest/scenario/manager.py", line 606, in check_public_network_connectivity
2015-12-11 02:51:34.850 25321 ERROR tempest.scenario.manager     should_connect=should_connect)
2015-12-11 02:51:34.850 25321 ERROR tempest.scenario.manager   File "tempest/scenario/manager.py", line 590, in check_vm_connectivity
2015-12-11 02:51:34.850 25321 ERROR tempest.scenario.manager     msg=msg)
2015-12-11 02:51:34.850 25321 ERROR tempest.scenario.manager   File "/usr/local/lib/python2.7/dist-packages/unittest2/case.py", line 702, in assertTrue
2015-12-11 02:51:34.850 25321 ERROR tempest.scenario.manager     raise self.failureException(msg)
2015-12-11 02:51:34.850 25321 ERROR tempest.scenario.manager AssertionError: False is not true : Timed out waiting for 172.24.4.4 to become reachable
2015-12-11 02:51:34.850 25321 ERROR tempest.scenario.manager 
2015-12-11 02:51:35,117 25321 INFO     [tempest_lib.common.rest_client] Request (TestNetworkBasicOps:test_connectivity_between_vms_on_different_networks): 200 POST http://10.0.2.15:8774/v2.1/e959b65c2fda4237ad70ade99eb491a4/servers/3727ba74-8684-4df2-97dd-72055716c459/action 0.265s
2015-12-11 02:51:35,118 25321 DEBUG    [tempest_lib.common.rest_client] Request - Headers: {'Content-Type': 'application/json', 'Accept': 'application/json', 'X-Auth-Token': '&lt;omitted&gt;'}
        Body: {"os-getConsoleOutput": {}}
    Response - Headers: {'status': '200', 'content-length': '17429', 'x-compute-request-id': 'req-ea2c19c3-fc4a-4401-a56e-fbbc5fb2f1fb', 'vary': 'X-OpenStack-Nova-API-Version', 'connection': 'close', 'x-openstack-nova-api-version': '2.1', 'date': 'Fri, 11 Dec 2015 02:51:35 GMT', 'content-type': 'application/json'}
        Body: {"output": "[    0.000000] Initializing cgroup subsys cpuset\n[    0.000000] Initializing cgroup subsys cpu\n[    0.000000] Linux version 3.2.0-80-virtual (buildd@batsu) (gcc version 4.6.3 (Ubuntu/Linaro 4.6.3-1ubuntu5) ) #116-Ubuntu SMP Mon Mar 23 17:28:52 UTC 2015 (Ubuntu 3.2.0-80.116-virtual 3.2.68)\n[    0.000000] Command line: root=/dev/vda console=tty0 console=ttyS0 no_timer_check\n[    0.000000] KERNEL supported cpus:\n[    0.000000]   Intel GenuineIntel\n[    0.000000]   AMD AuthenticAMD\n[    0.000000]   Centaur CentaurHauls\n[    0.000000] BIOS-provided physical RAM map:\n[    0.000000]  BIOS-e820: 0000000000000000 - 000000000009fc00 (usable)\n[    0.000000]  BIOS-e820: 000000000009fc00 - 00000000000a0000 (reserved)\n[    0.000000]  BIOS-e820: 00000000000f0000 - 0000000000100000 (reserved)\n[    0.000000]  BIOS-e820: 0000000000100000 - 0000000003ffe000 (usable)\n[    0.000000]  BIOS-e820: 0000000003ffe000 - 0000000004000000 (reserved)\n[    0.000000]  BIOS-e820: 00000000fffc0000 - 0000000100000000 (reserved)\n[    0.000000] NX (Execute Disable) protection: active\n[    0.000000] SMBIOS 2.4 present.\n[    0.000000] No AGP bridge found\n[    0.000000] last_pfn = 0x3ffe max_arch_pfn = 0x400000000\n[    0.000000] x86 PAT enabled: cpu 0, old 0x7040600070406, new 0x7010600070106\n[    0.000000] found SMP MP-table at [ffff8800000f0b00] f0b00\n[    0.000000] init_memory_mapping: 0000000000000000-0000000003ffe000\n[    0.000000] RAMDISK: 03c5e000 - 03ff0000\n[    0.000000] ACPI: RSDP 00000000000f0950 00014 (v00 BOCHS )\n[    0.000000] ACPI: RSDT 0000000003fffbc1 00034 (v01 BOCHS  BXPCRSDT 00000001 BXPC 00000001)\n[    0.000000] ACPI: FACP 0000000003fff1c0 00074 (v01 BOCHS  BXPCFACP 00000001 BXPC 00000001)\n[    0.000000] ACPI: DSDT 0000000003ffe040 01180 (v01 BOCHS  BXPCDSDT 00000001 BXPC 00000001)\n[    0.000000] ACPI: FACS 0000000003ffe000 00040\n[    0.000000] ACPI: SSDT 0000000003fff234 008DD (v01 BOCHS  BXPCSSDT 00000001 BXPC 00000001)\n[    0.000000] ACPI: APIC 0000000003fffb11 00078 (v01 BOCHS  BXPCAPIC 00000001 BXPC 00000001)\n[    0.000000] ACPI: HPET 0000000003fffb89 00038 (v01 BOCHS  BXPCHPET 00000001 BXPC 00000001)\n[    0.000000] No NUMA configuration found\n[    0.000000] Faking a node at 0000000000000000-0000000003ffe000\n[    0.000000] Initmem setup node 0 0000000000000000-0000000003ffe000\n[    0.000000]   NODE_DATA [0000000003ff6000 - 0000000003ffafff]\n[    0.000000] Zone PFN ranges:\n[    0.000000]   DMA      0x00000010 -&gt; 0x00001000\n[    0.000000]   DMA32    0x00001000 -&gt; 0x00100000\n[    0.000000]   Normal   empty\n[    0.000000] Movable zone start PFN for each node\n[    0.000000] early_node_map[2] active PFN ranges\n[    0.000000]     0: 0x00000010 -&gt; 0x0000009f\n[    0.000000]     0: 0x00000100 -&gt; 0x00003ffe\n[    0.000000] ACPI: PM-Timer IO Port: 0xb008\n[    0.000000] ACPI: LAPIC (acpi_id[0x00] lapic_id[0x00] enabled)\n[    0.000000] ACPI: LAPIC_NMI (acpi_id[0xff] dfl dfl lint[0x1])\n[    0.000000] ACPI: IOAPIC (id[0x00] address[0xfec00000] gsi_base[0])\n[    0.000000] IOAPIC[0]: apic_id 0, version 17, address 0xfec00000, GSI 0-23\n[    0.000000] ACPI: INT_SRC_OVR (bus 0 bus_irq 0 global_irq 2 dfl dfl)\n[    0.000000] ACPI: INT_SRC_OVR (bus 0 bus_irq 5 global_irq 5 high level)\n[    0.000000] ACPI: INT_SRC_OVR (bus 0 bus_irq 9 global_irq 9 high level)\n[    0.000000] ACPI: INT_SRC_OVR (bus 0 bus_irq 10 global_irq 10 high level)\n[    0.000000] ACPI: INT_SRC_OVR (bus 0 bus_irq 11 global_irq 11 high level)\n[    0.000000] Using ACPI (MADT) for SMP configuration information\n[    0.000000] ACPI: HPET id: 0x8086a201 base: 0xfed00000\n[    0.000000] SMP: Allowing 1 CPUs, 0 hotplug CPUs\n[    0.000000] PM: Registered nosave memory: 000000000009f000 - 00000000000a0000\n[    0.000000] PM: Registered nosave memory: 00000000000a0000 - 00000000000f0000\n[    0.000000] PM: Registered nosave memory: 00000000000f0000 - 0000000000100000\n[    0.000000] Allocating PCI resources starting at 4000000 (gap: 4000000:fbfc0000)\n[    0.000000] Booting paravirtualized kernel on bare hardware\n[    0.000000] setup_pe
2015-12-11 02:51:35,122 25321 DEBUG    [tempest.scenario.manager] Console output for 3727ba74-8684-4df2-97dd-72055716c459
body=
[    0.000000] Initializing cgroup subsys cpuset
[    0.000000] Initializing cgroup subsys cpu
[    0.000000] Linux version 3.2.0-80-virtual (buildd@batsu) (gcc version 4.6.3 (Ubuntu/Linaro 4.6.3-1ubuntu5) ) #116-Ubuntu SMP Mon Mar 23 17:28:52 UTC 2015 (Ubuntu 3.2.0-80.116-virtual 3.2.68)
[    0.000000] Command line: root=/dev/vda console=tty0 console=ttyS0 no_timer_check
[    0.000000] KERNEL supported cpus:
[    0.000000]   Intel GenuineIntel
[    0.000000]   AMD AuthenticAMD
[    0.000000]   Centaur CentaurHauls
[    0.000000] BIOS-provided physical RAM map:
[    0.000000]  BIOS-e820: 0000000000000000 - 000000000009fc00 (usable)
[    0.000000]  BIOS-e820: 000000000009fc00 - 00000000000a0000 (reserved)
[    0.000000]  BIOS-e820: 00000000000f0000 - 0000000000100000 (reserved)
[    0.000000]  BIOS-e820: 0000000000100000 - 0000000003ffe000 (usable)
[    0.000000]  BIOS-e820: 0000000003ffe000 - 0000000004000000 (reserved)
[    0.000000]  BIOS-e820: 00000000fffc0000 - 0000000100000000 (reserved)
[    0.000000] NX (Execute Disable) protection: active
[    0.000000] SMBIOS 2.4 present.
[    0.000000] No AGP bridge found
[    0.000000] last_pfn = 0x3ffe max_arch_pfn = 0x400000000
[    0.000000] x86 PAT enabled: cpu 0, old 0x7040600070406, new 0x7010600070106
[    0.000000] found SMP MP-table at [ffff8800000f0b00] f0b00
[    0.000000] init_memory_mapping: 0000000000000000-0000000003ffe000
[    0.000000] RAMDISK: 03c5e000 - 03ff0000
[    0.000000] ACPI: RSDP 00000000000f0950 00014 (v00 BOCHS )
[    0.000000] ACPI: RSDT 0000000003fffbc1 00034 (v01 BOCHS  BXPCRSDT 00000001 BXPC 00000001)
[    0.000000] ACPI: FACP 0000000003fff1c0 00074 (v01 BOCHS  BXPCFACP 00000001 BXPC 00000001)
[    0.000000] ACPI: DSDT 0000000003ffe040 01180 (v01 BOCHS  BXPCDSDT 00000001 BXPC 00000001)
[    0.000000] ACPI: FACS 0000000003ffe000 00040
[    0.000000] ACPI: SSDT 0000000003fff234 008DD (v01 BOCHS  BXPCSSDT 00000001 BXPC 00000001)
[    0.000000] ACPI: APIC 0000000003fffb11 00078 (v01 BOCHS  BXPCAPIC 00000001 BXPC 00000001)
[    0.000000] ACPI: HPET 0000000003fffb89 00038 (v01 BOCHS  BXPCHPET 00000001 BXPC 00000001)
[    0.000000] No NUMA configuration found
[    0.000000] Faking a node at 0000000000000000-0000000003ffe000
[    0.000000] Initmem setup node 0 0000000000000000-0000000003ffe000
[    0.000000]   NODE_DATA [0000000003ff6000 - 0000000003ffafff]
[    0.000000] Zone PFN ranges:
[    0.000000]   DMA      0x00000010 -&gt; 0x00001000
[    0.000000]   DMA32    0x00001000 -&gt; 0x00100000
[    0.000000]   Normal   empty
[    0.000000] Movable zone start PFN for each node
[    0.000000] early_node_map[2] active PFN ranges
[    0.000000]     0: 0x00000010 -&gt; 0x0000009f
[    0.000000]     0: 0x00000100 -&gt; 0x00003ffe
[    0.000000] ACPI: PM-Timer IO Port: 0xb008
[    0.000000] ACPI: LAPIC (acpi_id[0x00] lapic_id[0x00] enabled)
[    0.000000] ACPI: LAPIC_NMI (acpi_id[0xff] dfl dfl lint[0x1])
[    0.000000] ACPI: IOAPIC (id[0x00] address[0xfec00000] gsi_base[0])
[    0.000000] IOAPIC[0]: apic_id 0, version 17, address 0xfec00000, GSI 0-23
[    0.000000] ACPI: INT_SRC_OVR (bus 0 bus_irq 0 global_irq 2 dfl dfl)
[    0.000000] ACPI: INT_SRC_OVR (bus 0 bus_irq 5 global_irq 5 high level)
[    0.000000] ACPI: INT_SRC_OVR (bus 0 bus_irq 9 global_irq 9 high level)
[    0.000000] ACPI: INT_SRC_OVR (bus 0 bus_irq 10 global_irq 10 high level)
[    0.000000] ACPI: INT_SRC_OVR (bus 0 bus_irq 11 global_irq 11 high level)
[    0.000000] Using ACPI (MADT) for SMP configuration information
[    0.000000] ACPI: HPET id: 0x8086a201 base: 0xfed00000
[    0.000000] SMP: Allowing 1 CPUs, 0 hotplug CPUs
[    0.000000] PM: Registered nosave memory: 000000000009f000 - 00000000000a0000
[    0.000000] PM: Registered nosave memory: 00000000000a0000 - 00000000000f0000
[    0.000000] PM: Registered nosave memory: 00000000000f0000 - 0000000000100000
[    0.000000] Allocating PCI resources starting at 4000000 (gap: 4000000:fbfc0000)
[    0.000000] Booting paravirtualized kernel on bare hardware
[    0.000000] setup_percpu: NR_CPUS:64 nr_cpumask_bits:64 nr_cpu_ids:1 nr_node_ids:1
[    0.000000] PERCPU: Embedded 27 pages/cpu @ffff880003a00000 s78848 r8192 d23552 u2097152
[    0.000000] Built 1 zonelists in Node order, mobility grouping on.  Total pages: 16008
[    0.000000] Policy zone: DMA32
[    0.000000] Kernel command line: root=/dev/vda console=tty0 console=ttyS0 no_timer_check
[    0.000000] PID hash table entries: 256 (order: -1, 2048 bytes)
[    0.000000] Checking aperture...
[    0.000000] No AGP bridge found
[    0.000000] Memory: 43492k/65528k available (6576k kernel code, 452k absent, 21584k reserved, 6620k data, 928k init)
[    0.000000] SLUB: Genslabs=15, HWalign=64, Order=0-3, MinObjects=0, CPUs=1, Nodes=1
[    0.000000] Hierarchical RCU implementation.
[    0.000000] 	RCU dyntick-idle grace-period acceleration is enabled.
[    0.000000] NR_IRQS:4352 nr_irqs:256 16
[    0.000000] Console: colour VGA+ 80x25
[    0.000000] console [tty0] enabled
[    0.000000] console [ttyS0] enabled
[    0.000000] allocated 1048576 bytes of page_cgroup
[    0.000000] please try 'cgroup_disable=memory' option if you don't want memory cgroups
[    0.000000] Fast TSC calibration failed
[    0.000000] TSC: Unable to calibrate against PIT
[    0.000000] TSC: using HPET reference calibration
[    0.000000] Detected 2294.379 MHz processor.
[    0.033242] Calibrating delay loop (skipped), value calculated using timer frequency.. 4588.75 BogoMIPS (lpj=9177516)
[    0.035379] pid_max: default: 32768 minimum: 301
[    0.041241] Security Framework initialized
[    0.046237] AppArmor: AppArmor initialized
[    0.046861] Yama: becoming mindful.
[    0.053438] Dentry cache hash table entries: 8192 (order: 4, 65536 bytes)
[    0.054815] Inode-cache hash table entries: 4096 (order: 3, 32768 bytes)
[    0.056636] Mount-cache hash table entries: 256
[    0.071040] Initializing cgroup subsys cpuacct
[    0.072309] Initializing cgroup subsys memory
[    0.073643] Initializing cgroup subsys devices
[    0.074325] Initializing cgroup subsys freezer
[    0.074953] Initializing cgroup subsys blkio
[    0.076194] Initializing cgroup subsys perf_event
[    0.080743] mce: CPU supports 10 MCE banks
[    0.084315] SMP alternatives: switching to UP code
[    0.472971] Freeing SMP alternatives: 24k freed
[    0.475187] ACPI: Core revision 20110623
[    0.525896] ftrace: allocating 26610 entries in 105 pages
[    0.557858] ..TIMER: vector=0x30 apic1=0 pin1=2 apic2=-1 pin2=-1
[    0.559260] CPU0: AMD QEMU Virtual CPU version 2.0.0 stepping 03
[    0.564034] Performance Events: Broken PMU hardware detected, using software events only.
[    0.574351] NMI watchdog disabled (cpu0): hardware events not enabled
[    0.577235] Brought up 1 CPUs
[    0.580340] Total of 1 processors activated (4588.75 BogoMIPS).
[    0.620777] devtmpfs: initialized
[    0.663339] EVM: security.selinux
[    0.664108] EVM: security.SMACK64
[    0.664644] EVM: security.capability
[    0.684937] print_constraints: dummy: 
[    0.688182] RTC time:  2:49:34, date: 12/11/15
[    0.690553] NET: Registered protocol family 16
[    0.698890] ACPI: bus type pci registered
[    0.702872] PCI: Using configuration type 1 for base access
[    0.731466] bio: create slab &lt;bio-0&gt; at 0
[    0.736856] ACPI: Added _OSI(Module Device)
[    0.737402] ACPI: Added _OSI(Processor Device)
[    0.738052] ACPI: Added _OSI(3.0 _SCP Extensions)
[    0.738654] ACPI: Added _OSI(Processor Aggregator Device)
[    0.808540] ACPI: Interpreter enabled
[    0.809164] ACPI: (supports S0 S3 S4 S5)
[    0.810895] ACPI: Using IOAPIC for interrupt routing
[    0.882883] ACPI: No dock devices found.
[    0.883647] HEST: Table not found.
[    0.884229] PCI: Using host bridge windows from ACPI; if necessary, use "pci=nocrs" and report a bug
[    0.890647] ACPI: PCI Root Bridge [PCI0] (domain 0000 [bus 00-ff])
[    0.896772] pci_root PNP0A03:00: host bridge window [io  0x0000-0x0cf7]
[    0.897738] pci_root PNP0A03:00: host bridge window [io  0x0d00-0xadff]
[    0.898843] pci_root PNP0A03:00: host bridge window [io  0xae0f-0xaeff]
[    0.900117] pci_root PNP0A03:00: host bridge window [io  0xaf20-0xafdf]
[    0.900943] pci_root PNP0A03:00: host bridge window [io  0xafe4-0xffff]
[    0.901900] pci_root PNP0A03:00: host bridge window [mem 0x000a0000-0x000bffff]
[    0.902818] pci_root PNP0A03:00: host bridge window [mem 0x04000000-0xfebfffff]
[    0.926197] pci 0000:00:01.3: quirk: [io  0xb000-0xb03f] claimed by PIIX4 ACPI
[    0.927208] pci 0000:00:01.3: quirk: [io  0xb100-0xb10f] claimed by PIIX4 SMB
[    0.996512]  pci0000:00: Unable to request _OSC control (_OSC support mask: 0x1e)
[    1.065659] ACPI: PCI Interrupt Link [LNKA] (IRQs 5 *10 11)
[    1.068955] ACPI: PCI Interrupt Link [LNKB] (IRQs 5 *10 11)
[    1.071003] ACPI: PCI Interrupt Link [LNKC] (IRQs 5 10 *11)
[    1.073437] ACPI: PCI Interrupt Link [LNKD] (IRQs 5 10 *11)
[    1.076198] ACPI: PCI Interrupt Link [LNKS] (IRQs *9)
[    1.083761] vgaarb: device added: PCI:0000:00:02.0,decodes=io+mem,owns=io+mem,locks=none
[    1.084330] vgaarb: loaded
[    1.084712] vgaarb: bridge control possible 0000:00:02.0
[    1.089822] i2c-core: driver [aat2870] using legacy suspend method
[    1.090494] i2c-core: driver [aat2870] using legacy resume method
[    1.093978] SCSI subsystem initialized
[    1.098815] usbcore: registered new interface driver usbfs
[    1.100474] usbcore: registered new interface driver hub
[    1.101695] usbcore: registered new device driver usb
[    1.106017] PCI: Using ACPI for IRQ routing
[    1.118999] NetLabel: Initializing
[    1.120143] NetLabel:  domain hash size = 128
[    1.120646] NetLabel:  protocols = UNLABELED CIPSOv4
[    1.122626] NetLabel:  unlabeled traffic allowed by default
[    1.128704] HPET: 3 timers in total, 0 timers will be used for per-cpu timer
[    1.132294] hpet0: at MMIO 0xfed00000, IRQs 2, 8, 0
[    1.134305] hpet0: 3 comparators, 64-bit 100.000000 MHz counter
[    1.148272] Switching to clocksource hpet
[    1.453197] AppArmor: AppArmor Filesystem Enabled
[    1.455451] pnp: PnP ACPI init
[    1.456240] ACPI: bus type pnp registered
[    1.478881] pnp: PnP ACPI: found 9 devices
[    1.479423] ACPI: ACPI bus type pnp unregistered
[    1.553764] NET: Registered protocol family 2
[    1.603565] IP route cache hash table entries: 512 (order: 0, 4096 bytes)
[    1.613827] TCP established hash table entries: 2048 (order: 3, 32768 bytes)
[    1.615150] TCP bind hash table entries: 2048 (order: 3, 32768 bytes)
[    1.617110] TCP: Hash tables configured (established 2048 bind 2048)
[    1.617910] TCP reno registered
[    1.618457] UDP hash table entries: 128 (order: 0, 4096 bytes)
[    1.619339] UDP-Lite hash table entries: 128 (order: 0, 4096 bytes)
[    1.623181] NET: Registered protocol family 1
[    1.624300] pci 0000:00:00.0: Limiting direct PCI/PCI transfers
[    1.626248] pci 0000:00:01.0: PIIX3: Enabling Passive Release
[    1.627101] pci 0000:00:01.0: Activating ISA DMA hang workarounds
[    1.633736] ACPI: PCI Interrupt Link [LNKD] enabled at IRQ 11
[    1.634879] pci 0000:00:01.2: PCI INT D -&gt; Link[LNKD] -&gt; GSI 11 (level, high) -&gt; IRQ 11
[    1.637475] pci 0000:00:01.2: PCI INT D disabled
[    1.657041] Trying to unpack rootfs image as initramfs...
[    1.682560] audit: initializing netlink socket (disabled)
[    1.685279] type=2000 audit(1449802174.684:1): initialized
[    1.961604] HugeTLB registered 2 MB page size, pre-allocated 0 pages
[    2.049787] VFS: Disk quotas dquot_6.5.2
[    2.052492] Dquot-cache hash table entries: 512 (order 0, 4096 bytes)
[    2.077951] fuse init (API version 7.17)
[    2.081341] msgmni has been set to 84
[    2.118635] Block layer SCSI generic (bsg) driver version 0.4 loaded (major 253)
[    2.119923] io scheduler noop registered
[    2.121937] io scheduler deadline registered (default)
[    2.123274] io scheduler cfq registered
[    2.127628] pci_hotplug: PCI Hot Plug PCI Core version: 0.5
[    2.130514] pciehp: PCI Express Hot Plug Controller Driver version: 0.4
[    2.138289] input: Power Button as /devices/LNXSYSTM:00/LNXPWRBN:00/input/input0
[    2.139479] ACPI: Power Button [PWRF]
[    2.205288] ERST: Table is not found!
[    2.205842] GHES: HEST is not enabled!
[    2.214689] ACPI: PCI Interrupt Link [LNKC] enabled at IRQ 10
[    2.215452] virtio-pci 0000:00:03.0: PCI INT A -&gt; Link[LNKC] -&gt; GSI 10 (level, high) -&gt; IRQ 10
[    2.219675] virtio-pci 0000:00:04.0: PCI INT A -&gt; Link[LNKD] -&gt; GSI 11 (level, high) -&gt; IRQ 11
[    2.239682] ACPI: PCI Interrupt Link [LNKA] enabled at IRQ 10
[    2.241622] virtio-pci 0000:00:05.0: PCI INT A -&gt; Link[LNKA] -&gt; GSI 10 (level, high) -&gt; IRQ 10
[    2.267244] Serial: 8250/16550 driver, 32 ports, IRQ sharing enabled
[    2.311494] serial8250: ttyS0 at I/O 0x3f8 (irq = 4) is a 16550A
[    2.398616] serial8250: ttyS1 at I/O 0x2f8 (irq = 3) is a 16550A
[    2.535941] 00:05: ttyS0 at I/O 0x3f8 (irq = 4) is a 16550A
[    2.612675] 00:06: ttyS1 at I/O 0x2f8 (irq = 3) is a 16550A
[    2.641104] Refined TSC clocksource calibration: 2294.413 MHz.
[    2.642066] Switching to clocksource tsc
[    2.667171] Linux agpgart interface v0.103
[    2.729816] brd: module loaded
[    2.758026] loop: module loaded
[    2.816195]  vda: unknown partition table
[    2.865254] scsi0 : ata_piix
[    2.867803] scsi1 : ata_piix
[    2.869828] ata1: PATA max MWDMA2 cmd 0x1f0 ctl 0x3f6 bmdma 0xc0a0 irq 14
[    2.870805] ata2: PATA max MWDMA2 cmd 0x170 ctl 0x376 bmdma 0xc0a8 irq 15
[    2.883891] Fixed MDIO Bus: probed
[    2.890178] tun: Universal TUN/TAP device driver, 1.6
[    2.891202] tun: (C) 1999-2004 Max Krasnyansky &lt;maxk@qualcomm.com&gt;
[    2.913703] PPP generic driver version 2.4.2
[    2.928606] ehci_hcd: USB 2.0 'Enhanced' Host Controller (EHCI) Driver
[    2.930723] ohci_hcd: USB 1.1 'Open' Host Controller (OHCI) Driver
[    2.932837] uhci_hcd: USB Universal Host Controller Interface driver
[    2.934793] uhci_hcd 0000:00:01.2: PCI INT D -&gt; Link[LNKD] -&gt; GSI 11 (level, high) -&gt; IRQ 11
[    2.939454] uhci_hcd 0000:00:01.2: UHCI Host Controller
[    2.974432] uhci_hcd 0000:00:01.2: new USB bus registered, assigned bus number 1
[    2.977263] uhci_hcd 0000:00:01.2: irq 11, io base 0x0000c040
[    3.011142] hub 1-0:1.0: USB hub found
[    3.012705] hub 1-0:1.0: 2 ports detected
[    3.019962] usbcore: registered new interface driver libusual
[    3.022817] i8042: PNP: PS/2 Controller [PNP0303:KBD,PNP0f13:MOU] at 0x60,0x64 irq 1,12
[    3.031270] serio: i8042 KBD port at 0x60,0x64 irq 1
[    3.033516] serio: i8042 AUX port at 0x60,0x64 irq 12
[    3.070596] mousedev: PS/2 mouse device common for all mice
[    3.087156] input: AT Translated Set 2 keyboard as /devices/platform/i8042/serio0/input/input1
[    3.091289] rtc_cmos 00:01: RTC can wake from S4
[    3.103526] rtc_cmos 00:01: rtc core: registered rtc_cmos as rtc0
[    3.108442] rtc0: alarms up to one day, 114 bytes nvram, hpet irqs
[    3.114800] device-mapper: uevent: version 1.0.3
[    3.143911] ata2.01: ATAPI: QEMU DVD-ROM, 2.0.0, max UDMA/100
[    3.157332] device-mapper: ioctl: 4.22.0-ioctl (2011-10-19) initialised: dm-devel@redhat.com
[    3.161110] cpuidle: using governor ladder
[    3.163455] cpuidle: using governor menu
[    3.164582] EFI Variables Facility v0.08 2004-May-17
[    3.176820] TCP cubic registered
[    3.180592] NET: Registered protocol family 10
[    3.217054] NET: Registered protocol family 17
[    3.218723] Registering the dns_resolver key type
[    3.231727] ata2.01: configured for MWDMA2
[    3.291717] scsi 1:0:1:0: CD-ROM            QEMU     QEMU DVD-ROM     2.0. PQ: 0 ANSI: 5
[    3.319581] sr0: scsi3-mmc drive: 4x/4x cd/rw xa/form2 tray
[    3.322711] cdrom: Uniform CD-ROM driver Revision: 3.20
[    3.343053] sr 1:0:1:0: Attached scsi generic sg0 type 5
[    3.375874] registered taskstats version 1
[    3.550917] Freeing initrd memory: 3656k freed
[    4.051768]   Magic number: 11:858:813
[    4.069809] rtc_cmos 00:01: setting system clock to 2015-12-11 02:49:37 UTC (1449802177)
[    4.072226] powernow-k8: Processor cpuid 663 not supported
[    4.078821] BIOS EDD facility v0.16 2004-Jun-25, 0 devices found
[    4.080627] EDD information not available.
[    4.141009] Freeing unused kernel memory: 928k freed
[    4.144616] Write protecting the kernel read-only data: 12288k
[    4.222558] Freeing unused kernel memory: 1596k freed
[    4.283893] Freeing unused kernel memory: 1184k freed

info: initramfs: up at 4.45
modprobe: module virtio_blk not found in modules.dep
modprobe: module virtio_net not found in modules.dep
info: copying initramfs to /dev/vda
info: initramfs loading root from /dev/vda
info: /etc/init.d/rc.sysinit: up at 9.38
info: container: none
Starting logging: OK
modprobe: module virtio_blk not found in modules.dep
modprobe: module virtio_net not found in modules.dep
WARN: /etc/rc3.d/S10-load-modules failed
Initializing random number generator... done.
Starting acpid: OK
cirros-ds 'local' up at 11.99
found datasource (configdrive, local)
Starting network...
udhcpc (v1.20.1) started
Sending discover...
Sending discover...

2015-12-11 02:51:35,426 25321 INFO     [tempest_lib.common.rest_client] Request (TestNetworkBasicOps:_run_cleanups): 204 DELETE http://10.0.2.15:9696/v2.0/floatingips/6241b1a5-c35e-4b0a-9963-bd0be966c72e 0.297s
2015-12-11 02:51:35,426 25321 DEBUG    [tempest_lib.common.rest_client] Request - Headers: {'Content-Type': 'application/json', 'Accept': 'application/json', 'X-Auth-Token': '&lt;omitted&gt;'}
        Body: None
    Response - Headers: {'date': 'Fri, 11 Dec 2015 02:51:35 GMT', 'status': '204', 'connection': 'close', 'content-length': '0', 'x-openstack-request-id': 'req-5fde643d-96bf-470a-9d1a-c8237b146c3b'}
        Body: 
2015-12-11 02:51:35,779 25321 INFO     [tempest_lib.common.rest_client] Request (TestNetworkBasicOps:_run_cleanups): 204 DELETE http://10.0.2.15:8774/v2.1/e959b65c2fda4237ad70ade99eb491a4/servers/3727ba74-8684-4df2-97dd-72055716c459 0.352s
2015-12-11 02:51:35,780 25321 DEBUG    [tempest_lib.common.rest_client] Request - Headers: {'Content-Type': 'application/json', 'Accept': 'application/json', 'X-Auth-Token': '&lt;omitted&gt;'}
        Body: None
    Response - Headers: {'status': '204', 'content-length': '0', 'x-compute-request-id': 'req-9c0d384f-125f-4820-bb72-11a0ebb597d1', 'vary': 'X-OpenStack-Nova-API-Version', 'connection': 'close', 'x-openstack-nova-api-version': '2.1', 'date': 'Fri, 11 Dec 2015 02:51:35 GMT', 'content-type': 'application/json'}
        Body: 
2015-12-11 02:51:36,040 25321 INFO     [tempest_lib.common.rest_client] Request (TestNetworkBasicOps:_run_cleanups): 200 GET http://10.0.2.15:8774/v2.1/e959b65c2fda4237ad70ade99eb491a4/servers/3727ba74-8684-4df2-97dd-72055716c459 0.259s
2015-12-11 02:51:36,040 25321 DEBUG    [tempest_lib.common.rest_client] Request - Headers: {'Content-Type': 'application/json', 'Accept': 'application/json', 'X-Auth-Token': '&lt;omitted&gt;'}
        Body: None
    Response - Headers: {'status': '200', 'content-length': '1775', 'content-location': 'http://10.0.2.15:8774/v2.1/e959b65c2fda4237ad70ade99eb491a4/servers/3727ba74-8684-4df2-97dd-72055716c459', 'x-compute-request-id': 'req-9e1d0cf5-03a6-439b-b26f-fbace8b58076', 'vary': 'X-OpenStack-Nova-API-Version', 'connection': 'close', 'x-openstack-nova-api-version': '2.1', 'date': 'Fri, 11 Dec 2015 02:51:36 GMT', 'content-type': 'application/json'}
        Body: {"server": {"status": "ACTIVE", "updated": "2015-12-11T02:51:35Z", "hostId": "2a910632b4b1324637b753f92ed40fdbc8d418ce6ebca79a637826c5", "addresses": {"tempest-network-smoke--1716066884": [{"OS-EXT-IPS-MAC:mac_addr": "fa:16:3e:2e:91:f5", "version": 4, "addr": "10.100.0.3", "OS-EXT-IPS:type": "fixed"}, {"OS-EXT-IPS-MAC:mac_addr": "fa:16:3e:2e:91:f5", "version": 4, "addr": "172.24.4.4", "OS-EXT-IPS:type": "floating"}]}, "links": [{"href": "http://10.0.2.15:8774/v2.1/e959b65c2fda4237ad70ade99eb491a4/servers/3727ba74-8684-4df2-97dd-72055716c459", "rel": "self"}, {"href": "http://10.0.2.15:8774/e959b65c2fda4237ad70ade99eb491a4/servers/3727ba74-8684-4df2-97dd-72055716c459", "rel": "bookmark"}], "key_name": "tempest-TestNetworkBasicOps-884373769", "image": {"id": "0da30332-e7f7-4ec8-8451-e861961a9316", "links": [{"href": "http://10.0.2.15:8774/e959b65c2fda4237ad70ade99eb491a4/images/0da30332-e7f7-4ec8-8451-e861961a9316", "rel": "bookmark"}]}, "OS-EXT-STS:task_state": "deleting", "OS-EXT-STS:vm_state": "active", "OS-SRV-USG:launched_at": "2015-12-11T02:49:30.000000", "flavor": {"id": "42", "links": [{"href": "http://10.0.2.15:8774/e959b65c2fda4237ad70ade99eb491a4/flavors/42", "rel": "bookmark"}]}, "id": "3727ba74-8684-4df2-97dd-72055716c459", "security_groups": [{"name": "tempest-secgroup-smoke-1581492175"}], "OS-SRV-USG:terminated_at": null, "OS-EXT-AZ:availability_zone": "nova", "user_id": "17a6fb1197da47a284f5b670b9bba872", "name": "tempest.common.compute-instance-298490893", "created": "2015-12-11T02:49:27Z", "tenant_id": "e959b65c2fda4237ad70ade99eb491a4", "OS-DCF:diskConfig": "MANUAL", "os-extended-volumes:volumes_attached": [], "accessIPv4": "", "accessIPv6": "", "progress": 0, "OS-EXT-STS:power_state": 1, "config_drive": "True", "metadata": {}}}
2015-12-11 02:51:37,209 25321 INFO     [tempest_lib.common.rest_client] Request (TestNetworkBasicOps:_run_cleanups): 200 GET http://10.0.2.15:8774/v2.1/e959b65c2fda4237ad70ade99eb491a4/servers/3727ba74-8684-4df2-97dd-72055716c459 0.156s
2015-12-11 02:51:37,209 25321 DEBUG    [tempest_lib.common.rest_client] Request - Headers: {'Content-Type': 'application/json', 'Accept': 'application/json', 'X-Auth-Token': '&lt;omitted&gt;'}
        Body: None
    Response - Headers: {'status': '200', 'content-length': '1439', 'content-location': 'http://10.0.2.15:8774/v2.1/e959b65c2fda4237ad70ade99eb491a4/servers/3727ba74-8684-4df2-97dd-72055716c459', 'x-compute-request-id': 'req-8fb101b9-1e73-4d78-b564-26be7f184a94', 'vary': 'X-OpenStack-Nova-API-Version', 'connection': 'close', 'x-openstack-nova-api-version': '2.1', 'date': 'Fri, 11 Dec 2015 02:51:37 GMT', 'content-type': 'application/json'}
        Body: {"server": {"status": "ACTIVE", "updated": "2015-12-11T02:51:36Z", "hostId": "2a910632b4b1324637b753f92ed40fdbc8d418ce6ebca79a637826c5", "addresses": {}, "links": [{"href": "http://10.0.2.15:8774/v2.1/e959b65c2fda4237ad70ade99eb491a4/servers/3727ba74-8684-4df2-97dd-72055716c459", "rel": "self"}, {"href": "http://10.0.2.15:8774/e959b65c2fda4237ad70ade99eb491a4/servers/3727ba74-8684-4df2-97dd-72055716c459", "rel": "bookmark"}], "key_name": "tempest-TestNetworkBasicOps-884373769", "image": {"id": "0da30332-e7f7-4ec8-8451-e861961a9316", "links": [{"href": "http://10.0.2.15:8774/e959b65c2fda4237ad70ade99eb491a4/images/0da30332-e7f7-4ec8-8451-e861961a9316", "rel": "bookmark"}]}, "OS-EXT-STS:task_state": "deleting", "OS-EXT-STS:vm_state": "active", "OS-SRV-USG:launched_at": "2015-12-11T02:49:30.000000", "flavor": {"id": "42", "links": [{"href": "http://10.0.2.15:8774/e959b65c2fda4237ad70ade99eb491a4/flavors/42", "rel": "bookmark"}]}, "id": "3727ba74-8684-4df2-97dd-72055716c459", "OS-SRV-USG:terminated_at": null, "OS-EXT-AZ:availability_zone": "nova", "user_id": "17a6fb1197da47a284f5b670b9bba872", "name": "tempest.common.compute-instance-298490893", "created": "2015-12-11T02:49:27Z", "tenant_id": "e959b65c2fda4237ad70ade99eb491a4", "OS-DCF:diskConfig": "MANUAL", "os-extended-volumes:volumes_attached": [], "accessIPv4": "", "accessIPv6": "", "progress": 0, "OS-EXT-STS:power_state": 1, "config_drive": "True", "metadata": {}}}
2015-12-11 02:51:38,313 25321 INFO     [tempest_lib.common.rest_client] Request (TestNetworkBasicOps:_run_cleanups): 404 GET http://10.0.2.15:8774/v2.1/e959b65c2fda4237ad70ade99eb491a4/servers/3727ba74-8684-4df2-97dd-72055716c459 0.093s
2015-12-11 02:51:38,314 25321 DEBUG    [tempest_lib.common.rest_client] Request - Headers: {'Content-Type': 'application/json', 'Accept': 'application/json', 'X-Auth-Token': '&lt;omitted&gt;'}
        Body: None
    Response - Headers: {'status': '404', 'content-length': '111', 'x-compute-request-id': 'req-c4a690f9-229e-44d6-9323-0ae6235b9e6a', 'vary': 'X-OpenStack-Nova-API-Version', 'connection': 'close', 'x-openstack-nova-api-version': '2.1', 'date': 'Fri, 11 Dec 2015 02:51:38 GMT', 'content-type': 'application/json; charset=UTF-8'}
        Body: {"itemNotFound": {"message": "Instance 3727ba74-8684-4df2-97dd-72055716c459 could not be found.", "code": 404}}
2015-12-11 02:51:38,334 25321 INFO     [tempest_lib.common.rest_client] Request (TestNetworkBasicOps:_run_cleanups): 202 DELETE http://10.0.2.15:8774/v2.1/e959b65c2fda4237ad70ade99eb491a4/os-keypairs/tempest-TestNetworkBasicOps-884373769 0.018s
2015-12-11 02:51:38,334 25321 DEBUG    [tempest_lib.common.rest_client] Request - Headers: {'Content-Type': 'application/json', 'Accept': 'application/json', 'X-Auth-Token': '&lt;omitted&gt;'}
        Body: None
    Response - Headers: {'status': '202', 'content-length': '0', 'x-compute-request-id': 'req-5642a22a-6986-431e-83e0-e9f741352373', 'vary': 'X-OpenStack-Nova-API-Version', 'connection': 'close', 'x-openstack-nova-api-version': '2.1', 'date': 'Fri, 11 Dec 2015 02:51:38 GMT', 'content-type': 'application/json'}
        Body: 
2015-12-11 02:51:38,798 25321 INFO     [tempest_lib.common.rest_client] Request (TestNetworkBasicOps:_run_cleanups): 200 PUT http://10.0.2.15:9696/v2.0/routers/bc215437-68c7-45f1-abc3-edeaf668b2b1/remove_router_interface 0.463s
2015-12-11 02:51:38,799 25321 DEBUG    [tempest_lib.common.rest_client] Request - Headers: {'Content-Type': 'application/json', 'Accept': 'application/json', 'X-Auth-Token': '&lt;omitted&gt;'}
        Body: {"subnet_id": "3463f87f-7a79-4443-8c1d-8e8953c98e58"}
    Response - Headers: {'status': '200', 'content-length': '255', 'connection': 'close', 'date': 'Fri, 11 Dec 2015 02:51:38 GMT', 'content-type': 'application/json; charset=UTF-8', 'x-openstack-request-id': 'req-f2bb09ce-d5bc-4cd8-a9d1-f7462dbc7d91'}
        Body: {"subnet_id": "3463f87f-7a79-4443-8c1d-8e8953c98e58", "tenant_id": "e959b65c2fda4237ad70ade99eb491a4", "subnet_ids": ["3463f87f-7a79-4443-8c1d-8e8953c98e58"], "port_id": "07370474-48f0-4548-a82d-f0f00029835f", "id": "bc215437-68c7-45f1-abc3-edeaf668b2b1"}
2015-12-11 02:51:39,314 25321 INFO     [tempest_lib.common.rest_client] Request (TestNetworkBasicOps:_run_cleanups): 204 DELETE http://10.0.2.15:9696/v2.0/subnets/3463f87f-7a79-4443-8c1d-8e8953c98e58 0.514s
2015-12-11 02:51:39,314 25321 DEBUG    [tempest_lib.common.rest_client] Request - Headers: {'Content-Type': 'application/json', 'Accept': 'application/json', 'X-Auth-Token': '&lt;omitted&gt;'}
        Body: None
    Response - Headers: {'date': 'Fri, 11 Dec 2015 02:51:39 GMT', 'status': '204', 'connection': 'close', 'content-length': '0', 'x-openstack-request-id': 'req-5e1eb71a-18ce-4420-9ab2-cf79853dfd36'}
        Body: 
2015-12-11 02:51:39,366 25321 INFO     [tempest_lib.common.rest_client] Request (TestNetworkBasicOps:_run_cleanups): 200 GET http://10.0.2.15:9696/v2.0/routers/bc215437-68c7-45f1-abc3-edeaf668b2b1 0.051s
2015-12-11 02:51:39,367 25321 DEBUG    [tempest_lib.common.rest_client] Request - Headers: {'Content-Type': 'application/json', 'Accept': 'application/json', 'X-Auth-Token': '&lt;omitted&gt;'}
        Body: None
    Response - Headers: {'status': '200', 'content-length': '564', 'content-location': 'http://10.0.2.15:9696/v2.0/routers/bc215437-68c7-45f1-abc3-edeaf668b2b1', 'connection': 'close', 'date': 'Fri, 11 Dec 2015 02:51:39 GMT', 'content-type': 'application/json; charset=UTF-8', 'x-openstack-request-id': 'req-72d39f16-f54e-4868-8f8a-5af97fec5786'}
        Body: {"router": {"status": "ACTIVE", "external_gateway_info": {"network_id": "1a64bd9d-a14b-4788-bcde-c6cad6bc0d62", "enable_snat": true, "external_fixed_ips": [{"subnet_id": "a33b44b3-3d81-4372-9d7a-a143cfa2a7cb", "ip_address": "172.24.4.3"}, {"subnet_id": "78e82e0d-a3b1-408d-9800-8c95184bb19b", "ip_address": "2001:db8::3"}]}, "availability_zone_hints": [], "availability_zones": ["nova"], "name": "tempest-router-smoke-1948895903", "admin_state_up": true, "tenant_id": "e959b65c2fda4237ad70ade99eb491a4", "routes": [], "id": "bc215437-68c7-45f1-abc3-edeaf668b2b1"}}
2015-12-11 02:51:39,814 25321 INFO     [tempest_lib.common.rest_client] Request (TestNetworkBasicOps:_run_cleanups): 200 PUT http://10.0.2.15:9696/v2.0/routers/bc215437-68c7-45f1-abc3-edeaf668b2b1 0.447s
2015-12-11 02:51:39,815 25321 DEBUG    [tempest_lib.common.rest_client] Request - Headers: {'Content-Type': 'application/json', 'Accept': 'application/json', 'X-Auth-Token': '&lt;omitted&gt;'}
        Body: {"router": {"external_gateway_info": {}, "name": "tempest-router-smoke-1948895903", "admin_state_up": true}}
    Response - Headers: {'status': '200', 'content-length': '302', 'connection': 'close', 'date': 'Fri, 11 Dec 2015 02:51:39 GMT', 'content-type': 'application/json; charset=UTF-8', 'x-openstack-request-id': 'req-9373353b-c54b-4f00-9cb9-2f313d948cc2'}
        Body: {"router": {"status": "ACTIVE", "external_gateway_info": null, "availability_zone_hints": [], "availability_zones": ["nova"], "name": "tempest-router-smoke-1948895903", "admin_state_up": true, "tenant_id": "e959b65c2fda4237ad70ade99eb491a4", "routes": [], "id": "bc215437-68c7-45f1-abc3-edeaf668b2b1"}}
2015-12-11 02:51:40,167 25321 INFO     [tempest_lib.common.rest_client] Request (TestNetworkBasicOps:_run_cleanups): 204 DELETE http://10.0.2.15:9696/v2.0/routers/bc215437-68c7-45f1-abc3-edeaf668b2b1 0.351s
2015-12-11 02:51:40,168 25321 DEBUG    [tempest_lib.common.rest_client] Request - Headers: {'Content-Type': 'application/json', 'Accept': 'application/json', 'X-Auth-Token': '&lt;omitted&gt;'}
        Body: None
    Response - Headers: {'date': 'Fri, 11 Dec 2015 02:51:40 GMT', 'status': '204', 'connection': 'close', 'content-length': '0', 'x-openstack-request-id': 'req-7c37bed3-a9af-4d35-8040-5427ee5d0fee'}
        Body: 
2015-12-11 02:51:40,383 25321 INFO     [tempest_lib.common.rest_client] Request (TestNetworkBasicOps:_run_cleanups): 204 DELETE http://10.0.2.15:9696/v2.0/networks/4a81c9fb-88ac-4d1c-8075-2ce9b775fc4a 0.214s
2015-12-11 02:51:40,383 25321 DEBUG    [tempest_lib.common.rest_client] Request - Headers: {'Content-Type': 'application/json', 'Accept': 'application/json', 'X-Auth-Token': '&lt;omitted&gt;'}
        Body: None
    Response - Headers: {'date': 'Fri, 11 Dec 2015 02:51:40 GMT', 'status': '204', 'connection': 'close', 'content-length': '0', 'x-openstack-request-id': 'req-0e6e6f5a-4466-428a-9de3-3b422290fddd'}
        Body: 
2015-12-11 02:51:40,443 25321 INFO     [tempest_lib.common.rest_client] Request (TestNetworkBasicOps:_run_cleanups): 204 DELETE http://10.0.2.15:9696/v2.0/security-group-rules/2d2cd679-ad80-47fa-ae96-e139573aaeec 0.059s
2015-12-11 02:51:40,444 25321 DEBUG    [tempest_lib.common.rest_client] Request - Headers: {'Content-Type': 'application/json', 'Accept': 'application/json', 'X-Auth-Token': '&lt;omitted&gt;'}
        Body: None
    Response - Headers: {'date': 'Fri, 11 Dec 2015 02:51:40 GMT', 'status': '204', 'connection': 'close', 'content-length': '0', 'x-openstack-request-id': 'req-de869f01-520d-4f64-8794-64f9d6a88501'}
        Body: 
2015-12-11 02:51:40,510 25321 INFO     [tempest_lib.common.rest_client] Request (TestNetworkBasicOps:_run_cleanups): 204 DELETE http://10.0.2.15:9696/v2.0/security-group-rules/d34b509e-f170-4902-8441-97fd77781ee8 0.064s
2015-12-11 02:51:40,511 25321 DEBUG    [tempest_lib.common.rest_client] Request - Headers: {'Content-Type': 'application/json', 'Accept': 'application/json', 'X-Auth-Token': '&lt;omitted&gt;'}
        Body: None
    Response - Headers: {'date': 'Fri, 11 Dec 2015 02:51:40 GMT', 'status': '204', 'connection': 'close', 'content-length': '0', 'x-openstack-request-id': 'req-7f2825a2-1274-4ae6-b2dd-c838ff3cc2b7'}
        Body: 
2015-12-11 02:51:40,572 25321 INFO     [tempest_lib.common.rest_client] Request (TestNetworkBasicOps:_run_cleanups): 204 DELETE http://10.0.2.15:9696/v2.0/security-group-rules/74859de3-599a-4518-8cc2-1bceb6f32b22 0.060s
2015-12-11 02:51:40,572 25321 DEBUG    [tempest_lib.common.rest_client] Request - Headers: {'Content-Type': 'application/json', 'Accept': 'application/json', 'X-Auth-Token': '&lt;omitted&gt;'}
        Body: None
    Response - Headers: {'date': 'Fri, 11 Dec 2015 02:51:40 GMT', 'status': '204', 'connection': 'close', 'content-length': '0', 'x-openstack-request-id': 'req-ae88ba97-bc6b-4ee0-8757-07e555cc6577'}
        Body: 
2015-12-11 02:51:40,629 25321 INFO     [tempest_lib.common.rest_client] Request (TestNetworkBasicOps:_run_cleanups): 204 DELETE http://10.0.2.15:9696/v2.0/security-group-rules/89689cd5-70bc-4c0e-a638-31c0d9b28a71 0.055s
2015-12-11 02:51:40,630 25321 DEBUG    [tempest_lib.common.rest_client] Request - Headers: {'Content-Type': 'application/json', 'Accept': 'application/json', 'X-Auth-Token': '&lt;omitted&gt;'}
        Body: None
    Response - Headers: {'date': 'Fri, 11 Dec 2015 02:51:40 GMT', 'status': '204', 'connection': 'close', 'content-length': '0', 'x-openstack-request-id': 'req-e87cf5a7-99c6-4bd5-b3c5-872e40bac7e7'}
        Body: 
2015-12-11 02:51:40,684 25321 INFO     [tempest_lib.common.rest_client] Request (TestNetworkBasicOps:_run_cleanups): 204 DELETE http://10.0.2.15:9696/v2.0/security-group-rules/cb2884f0-90c0-4a6c-a665-01465ac2c26a 0.053s
2015-12-11 02:51:40,684 25321 DEBUG    [tempest_lib.common.rest_client] Request - Headers: {'Content-Type': 'application/json', 'Accept': 'application/json', 'X-Auth-Token': '&lt;omitted&gt;'}
        Body: None
