<?xml version="1.0" encoding="UTF-8"?>
<!DOCTYPE html PUBLIC "-//W3C//DTD XHTML 1.0 Strict//EN"
     "http://www.w3.org/TR/xhtml1/DTD/xhtml1-strict.dtd">
<html xmlns="http://www.w3.org/1999/xhtml">
<head>
    <title>Unit Test Report</title>
    <meta name="generator" content="subunit2html 0.1"/>
    <meta http-equiv="Content-Type" content="text/html; charset=UTF-8"/>
    
<style type="text/css" media="screen">
body        { font-family: verdana, arial, helvetica, sans-serif;
    font-size: 80%; }
table       { font-size: 100%; width: 100%;}
pre         { font-size: 80%; }

/* -- heading -------------------------------------------------------------- */
h1 {
        font-size: 16pt;
        color: gray;
}
.heading {
    margin-top: 0ex;
    margin-bottom: 1ex;
}

.heading .attribute {
    margin-top: 1ex;
    margin-bottom: 0;
}

.heading .description {
    margin-top: 4ex;
    margin-bottom: 6ex;
}

/* -- css div popup -------------------------------------------------------- */
a.popup_link {
}

a.popup_link:hover {
    color: red;
}

.popup_window {
    display: none;
    overflow-x: scroll;
    /*border: solid #627173 1px; */
    padding: 10px;
    background-color: #E6E6D6;
    font-family: "Ubuntu Mono", "Lucida Console", "Courier New", monospace;
    text-align: left;
    font-size: 8pt;
}

}
/* -- report --------------------------------------------------------------- */
#show_detail_line {
    margin-top: 3ex;
    margin-bottom: 1ex;
}
#result_table {
    width: 100%;
    border-collapse: collapse;
    border: 1px solid #777;
}
#header_row {
    font-weight: bold;
    color: white;
    background-color: #777;
}
#result_table td {
    border: 1px solid #777;
    padding: 2px;
}
#total_row  { font-weight: bold; }
.passClass  { background-color: #6c6; }
.failClass  { background-color: #c60; }
.errorClass { background-color: #c00; }
.passCase   { color: #6c6; }
.failCase   { color: #c60; font-weight: bold; }
.errorCase  { color: #c00; font-weight: bold; }
.hiddenRow  { display: none; }
.testcase   { margin-left: 2em; }
td.testname {width: 40%}
td.small {width: 40px}

/* -- ending --------------------------------------------------------------- */
#ending {
}

</style>

</head>
<body>
<script language="javascript" type="text/javascript"><!--
output_list = Array();

/* level - 0:Summary; 1:Failed; 2:All */
function showCase(level) {
    trs = document.getElementsByTagName("tr");
    for (var i = 0; i < trs.length; i++) {
        tr = trs[i];
        id = tr.id;
        if (id.substr(0,2) == 'ft') {
            if (level < 1) {
                tr.className = 'hiddenRow';
            }
            else {
                tr.className = '';
            }
        }
        if (id.substr(0,2) == 'pt') {
            if (level > 1) {
                tr.className = '';
            }
            else {
                tr.className = 'hiddenRow';
            }
        }
    }
}


function showClassDetail(cid, count) {
    var id_list = Array(count);
    var toHide = 1;
    for (var i = 0; i < count; i++) {
        tid0 = 't' + cid.substr(1) + '.' + (i+1);
        tid = 'f' + tid0;
        tr = document.getElementById(tid);
        if (!tr) {
            tid = 'p' + tid0;
            tr = document.getElementById(tid);
        }
        id_list[i] = tid;
        if (tr.className) {
            toHide = 0;
        }
    }
    for (var i = 0; i < count; i++) {
        tid = id_list[i];
        if (toHide) {
            document.getElementById('div_'+tid).style.display = 'none'
            document.getElementById(tid).className = 'hiddenRow';
        }
        else {
            document.getElementById(tid).className = '';
        }
    }
}


function showTestDetail(div_id){
    var details_div = document.getElementById(div_id)
    var displayState = details_div.style.display
    // alert(displayState)
    if (displayState != 'block' ) {
        displayState = 'block'
        details_div.style.display = 'block'
    }
    else {
        details_div.style.display = 'none'
    }
}


function html_escape(s) {
    s = s.replace(/&/g,'&amp;');
    s = s.replace(/</g,'&lt;');
    s = s.replace(/>/g,'&gt;');
    return s;
}

/* obsoleted by detail in <div>
function showOutput(id, name) {
    var w = window.open("", //url
                    name,
                    "resizable,scrollbars,status,width=800,height=450");
    d = w.document;
    d.write("<pre>");
    d.write(html_escape(output_list[id]));
    d.write("\n");
    d.write("<a href='javascript:window.close()'>close</a>\n");
    d.write("</pre>\n");
    d.close();
}
*/
--></script>

<div class='heading'>
<h1>Unit Test Report</h1>

<p class='attribute'><strong>Status:</strong> Pass 7 Failure 1 Skip 1</p>

<p class='description'></p>
</div>



<p id='show_detail_line'>Show
<a href='javascript:showCase(0)'>Summary</a>
<a href='javascript:showCase(1)'>Failed</a>
<a href='javascript:showCase(2)'>All</a>
</p>
<table id='result_table'>
<colgroup>
<col align='left' />
<col align='right' />
<col align='right' />
<col align='right' />
<col align='right' />
<col align='right' />
<col align='right' />
<col align='right' />
</colgroup>
<tr id='header_row'>
    <td>Test Group/Test case</td>
    <td>Count</td>
    <td>Pass</td>
    <td>Fail</td>
    <td>Error</td>
    <td>Skip</td>
    <td>View</td>
    <td> </td>
</tr>

<tr class='failClass'>
    <td class="testname">tempest.scenario.test_network_basic_ops.TestNetworkBasicOps</td>
    <td class="small">9</td>
    <td class="small">7</td>
    <td class="small">1</td>
    <td class="small">0</td>
    <td class="small">1</td>
    <td class="small"><a href="javascript:showClassDetail('c1',9)"
>Detail</a></td>
    <td> </td>
</tr>

<tr id='pt1.1' class='hiddenRow'>
    <td class='none'><div class='testcase'>test_connectivity_between_vms_on_different_networks[compute,id-1546850e-fbaa-42f5-8b5f-03d8a6a95f15,network]</div></td>
    <td colspan='7' align='left'>

    <!--css div popup start-->
    <a class="popup_link" onfocus='this.blur();'
    href="javascript:showTestDetail('div_pt1.1')" >
        pass</a>

    <div id='div_pt1.1' class="popup_window">
        <div style='text-align: right; color:red;cursor:pointer'>
        <a onfocus='this.blur();'
onclick="document.getElementById('div_pt1.1').style.display = 'none' " >
           [x]</a>
        </div>
        <pre>
        
pt1.1: tempest.scenario.test_network_basic_ops.TestNetworkBasicOps.test_connectivity_between_vms_on_different_networks[compute,id-1546850e-fbaa-42f5-8b5f-03d8a6a95f15,network]

        </pre>
    </div>
    <!--css div popup end-->

    </td>
</tr>

<tr id='pt1.2' class='hiddenRow'>
    <td class='none'><div class='testcase'>test_hotplug_nic[compute,id-c5adff73-e961-41f1-b4a9-343614f18cfa,network]</div></td>
    <td colspan='7' align='left'>

    <!--css div popup start-->
    <a class="popup_link" onfocus='this.blur();'
    href="javascript:showTestDetail('div_pt1.2')" >
        pass</a>

    <div id='div_pt1.2' class="popup_window">
        <div style='text-align: right; color:red;cursor:pointer'>
        <a onfocus='this.blur();'
onclick="document.getElementById('div_pt1.2').style.display = 'none' " >
           [x]</a>
        </div>
        <pre>
        
pt1.2: tempest.scenario.test_network_basic_ops.TestNetworkBasicOps.test_hotplug_nic[compute,id-c5adff73-e961-41f1-b4a9-343614f18cfa,network]

        </pre>
    </div>
    <!--css div popup end-->

    </td>
</tr>

<tr id='pt1.3' class='hiddenRow'>
    <td class='none'><div class='testcase'>test_network_basic_ops[compute,id-f323b3ba-82f8-4db7-8ea6-6a895869ec49,network,smoke]</div></td>
    <td colspan='7' align='left'>

    <!--css div popup start-->
    <a class="popup_link" onfocus='this.blur();'
    href="javascript:showTestDetail('div_pt1.3')" >
        pass</a>

    <div id='div_pt1.3' class="popup_window">
        <div style='text-align: right; color:red;cursor:pointer'>
        <a onfocus='this.blur();'
onclick="document.getElementById('div_pt1.3').style.display = 'none' " >
           [x]</a>
        </div>
        <pre>
        
pt1.3: tempest.scenario.test_network_basic_ops.TestNetworkBasicOps.test_network_basic_ops[compute,id-f323b3ba-82f8-4db7-8ea6-6a895869ec49,network,smoke]

        </pre>
    </div>
    <!--css div popup end-->

    </td>
</tr>

<tr id='pt1.4' class='hiddenRow'>
    <td class='none'><div class='testcase'>test_port_security_macspoofing_port[compute,id-7c0bb1a2-d053-49a4-98f9-ca1a1d849f63,network]</div></td>
    <td colspan='7' align='left'>

    <!--css div popup start-->
    <a class="popup_link" onfocus='this.blur();'
    href="javascript:showTestDetail('div_pt1.4')" >
        pass</a>

    <div id='div_pt1.4' class="popup_window">
        <div style='text-align: right; color:red;cursor:pointer'>
        <a onfocus='this.blur();'
onclick="document.getElementById('div_pt1.4').style.display = 'none' " >
           [x]</a>
        </div>
        <pre>
        
pt1.4: tempest.scenario.test_network_basic_ops.TestNetworkBasicOps.test_port_security_macspoofing_port[compute,id-7c0bb1a2-d053-49a4-98f9-ca1a1d849f63,network]

        </pre>
    </div>
    <!--css div popup end-->

    </td>
</tr>

<tr id='pt1.5' class='hiddenRow'>
    <td class='none'><div class='testcase'>test_preserve_preexisting_port[compute,id-759462e1-8535-46b0-ab3a-33aa45c55aaa,network]</div></td>
    <td colspan='7' align='left'>

    <!--css div popup start-->
    <a class="popup_link" onfocus='this.blur();'
    href="javascript:showTestDetail('div_pt1.5')" >
        pass</a>

    <div id='div_pt1.5' class="popup_window">
        <div style='text-align: right; color:red;cursor:pointer'>
        <a onfocus='this.blur();'
onclick="document.getElementById('div_pt1.5').style.display = 'none' " >
           [x]</a>
        </div>
        <pre>
        
pt1.5: tempest.scenario.test_network_basic_ops.TestNetworkBasicOps.test_preserve_preexisting_port[compute,id-759462e1-8535-46b0-ab3a-33aa45c55aaa,network]

        </pre>
    </div>
    <!--css div popup end-->

    </td>
</tr>

<tr id='pt1.6' class='hiddenRow'>
    <td class='none'><div class='testcase'>test_router_rescheduling[compute,id-2e788c46-fb3f-4ac9-8f82-0561555bea73,network]</div></td>
    <td colspan='7' align='left'>

    <!--css div popup start-->
    <a class="popup_link" onfocus='this.blur();'
    href="javascript:showTestDetail('div_pt1.6')" >
        skip</a>

    <div id='div_pt1.6' class="popup_window">
        <div style='text-align: right; color:red;cursor:pointer'>
        <a onfocus='this.blur();'
onclick="document.getElementById('div_pt1.6').style.display = 'none' " >
           [x]</a>
        </div>
        <pre>
        
pt1.6: tempest.scenario.test_network_basic_ops.TestNetworkBasicOps.test_router_rescheduling[compute,id-2e788c46-fb3f-4ac9-8f82-0561555bea73,network]

        </pre>
    </div>
    <!--css div popup end-->

    </td>
</tr>

<tr id='pt1.7' class='hiddenRow'>
    <td class='none'><div class='testcase'>test_subnet_details[compute,id-d8bb918e-e2df-48b2-97cd-b73c95450980,network]</div></td>
    <td colspan='7' align='left'>

    <!--css div popup start-->
    <a class="popup_link" onfocus='this.blur();'
    href="javascript:showTestDetail('div_pt1.7')" >
        pass</a>

    <div id='div_pt1.7' class="popup_window">
        <div style='text-align: right; color:red;cursor:pointer'>
        <a onfocus='this.blur();'
onclick="document.getElementById('div_pt1.7').style.display = 'none' " >
           [x]</a>
        </div>
        <pre>
        
pt1.7: tempest.scenario.test_network_basic_ops.TestNetworkBasicOps.test_subnet_details[compute,id-d8bb918e-e2df-48b2-97cd-b73c95450980,network]

        </pre>
    </div>
    <!--css div popup end-->

    </td>
</tr>

<tr id='ft1.8' class='none'>
    <td class='failCase'><div class='testcase'>test_update_instance_port_admin_state[compute,id-f5dfcc22-45fd-409f-954c-5bd500d7890b,network]</div></td>
    <td colspan='7' align='left'>

    <!--css div popup start-->
    <a class="popup_link" onfocus='this.blur();'
    href="javascript:showTestDetail('div_ft1.8')" >
        fail</a>

    <div id='div_ft1.8' class="popup_window">
        <div style='text-align: right; color:red;cursor:pointer'>
        <a onfocus='this.blur();'
onclick="document.getElementById('div_ft1.8').style.display = 'none' " >
           [x]</a>
        </div>
        <pre>
        
ft1.8: tempest.scenario.test_network_basic_ops.TestNetworkBasicOps.test_update_instance_port_admin_state[compute,id-f5dfcc22-45fd-409f-954c-5bd500d7890b,network]_StringException: Empty attachments:
  stderr
  stdout

pythonlogging:'': {{{
2016-01-25 01:09:27,797 14513 INFO     [tempest_lib.common.rest_client] Request (TestNetworkBasicOps:test_update_instance_port_admin_state): 201 POST http://10.4.1.3:9696/v2.0/security-groups 0.272s
2016-01-25 01:09:27,798 14513 DEBUG    [tempest_lib.common.rest_client] Request - Headers: {'Content-Type': 'application/json', 'Accept': 'application/json', 'X-Auth-Token': '&lt;omitted&gt;'}
        Body: {"security_group": {"tenant_id": "5861998ab2f4471e993ca4e3abfc83aa", "description": "tempest-secgroup-smoke-388456020 description", "name": "tempest-secgroup-smoke-388456020"}}
    Response - Headers: {'status': '201', 'content-length': '886', 'connection': 'close', 'date': 'Mon, 25 Jan 2016 01:09:27 GMT', 'content-type': 'application/json; charset=UTF-8', 'x-openstack-request-id': 'req-db6b230a-199c-47f4-87df-63bb9f299048'}
        Body: {"security_group": {"tenant_id": "5861998ab2f4471e993ca4e3abfc83aa", "description": "tempest-secgroup-smoke-388456020 description", "id": "c94171b0-370e-43ab-932e-aeee5b8683da", "security_group_rules": [{"remote_group_id": null, "direction": "egress", "remote_ip_prefix": null, "protocol": null, "ethertype": "IPv4", "tenant_id": "5861998ab2f4471e993ca4e3abfc83aa", "port_range_max": null, "port_range_min": null, "id": "afaf5710-9084-48bb-a885-0acc1a5da507", "security_group_id": "c94171b0-370e-43ab-932e-aeee5b8683da"}, {"remote_group_id": null, "direction": "egress", "remote_ip_prefix": null, "protocol": null, "ethertype": "IPv6", "tenant_id": "5861998ab2f4471e993ca4e3abfc83aa", "port_range_max": null, "port_range_min": null, "id": "c128510d-01cb-48f2-bf71-452305c89adb", "security_group_id": "c94171b0-370e-43ab-932e-aeee5b8683da"}], "name": "tempest-secgroup-smoke-388456020"}}
2016-01-25 01:09:28,101 14513 INFO     [tempest_lib.common.rest_client] Request (TestNetworkBasicOps:test_update_instance_port_admin_state): 201 POST http://10.4.1.3:9696/v2.0/security-group-rules 0.301s
2016-01-25 01:09:28,102 14513 DEBUG    [tempest_lib.common.rest_client] Request - Headers: {'Content-Type': 'application/json', 'Accept': 'application/json', 'X-Auth-Token': '&lt;omitted&gt;'}
        Body: {"security_group_rule": {"direction": "ingress", "protocol": "tcp", "tenant_id": "5861998ab2f4471e993ca4e3abfc83aa", "port_range_max": 22, "security_group_id": "c94171b0-370e-43ab-932e-aeee5b8683da", "port_range_min": 22}}
    Response - Headers: {'status': '201', 'content-length': '340', 'connection': 'close', 'date': 'Mon, 25 Jan 2016 01:09:28 GMT', 'content-type': 'application/json; charset=UTF-8', 'x-openstack-request-id': 'req-61ce31f2-3d9c-459a-88e7-0f7a8c0a7fdf'}
        Body: {"security_group_rule": {"remote_group_id": null, "direction": "ingress", "remote_ip_prefix": null, "protocol": "tcp", "ethertype": "IPv4", "tenant_id": "5861998ab2f4471e993ca4e3abfc83aa", "port_range_max": 22, "port_range_min": 22, "id": "27928155-c64d-44ba-813a-9bac9756c6e3", "security_group_id": "c94171b0-370e-43ab-932e-aeee5b8683da"}}
2016-01-25 01:09:28,388 14513 INFO     [tempest_lib.common.rest_client] Request (TestNetworkBasicOps:test_update_instance_port_admin_state): 201 POST http://10.4.1.3:9696/v2.0/security-group-rules 0.285s
2016-01-25 01:09:28,389 14513 DEBUG    [tempest_lib.common.rest_client] Request - Headers: {'Content-Type': 'application/json', 'Accept': 'application/json', 'X-Auth-Token': '&lt;omitted&gt;'}
        Body: {"security_group_rule": {"direction": "egress", "protocol": "tcp", "tenant_id": "5861998ab2f4471e993ca4e3abfc83aa", "port_range_max": 22, "security_group_id": "c94171b0-370e-43ab-932e-aeee5b8683da", "port_range_min": 22}}
    Response - Headers: {'status': '201', 'content-length': '339', 'connection': 'close', 'date': 'Mon, 25 Jan 2016 01:09:28 GMT', 'content-type': 'application/json; charset=UTF-8', 'x-openstack-request-id': 'req-2b37e470-4001-46ac-bd2d-8b520686452f'}
        Body: {"security_group_rule": {"remote_group_id": null, "direction": "egress", "remote_ip_prefix": null, "protocol": "tcp", "ethertype": "IPv4", "tenant_id": "5861998ab2f4471e993ca4e3abfc83aa", "port_range_max": 22, "port_range_min": 22, "id": "464303cd-ef0d-4d2a-a8ef-f06e86cbee5d", "security_group_id": "c94171b0-370e-43ab-932e-aeee5b8683da"}}
2016-01-25 01:09:28,664 14513 INFO     [tempest_lib.common.rest_client] Request (TestNetworkBasicOps:test_update_instance_port_admin_state): 201 POST http://10.4.1.3:9696/v2.0/security-group-rules 0.274s
2016-01-25 01:09:28,665 14513 DEBUG    [tempest_lib.common.rest_client] Request - Headers: {'Content-Type': 'application/json', 'Accept': 'application/json', 'X-Auth-Token': '&lt;omitted&gt;'}
        Body: {"security_group_rule": {"tenant_id": "5861998ab2f4471e993ca4e3abfc83aa", "direction": "ingress", "protocol": "icmp", "security_group_id": "c94171b0-370e-43ab-932e-aeee5b8683da"}}
    Response - Headers: {'status': '201', 'content-length': '345', 'connection': 'close', 'date': 'Mon, 25 Jan 2016 01:09:28 GMT', 'content-type': 'application/json; charset=UTF-8', 'x-openstack-request-id': 'req-63906d6d-f985-4785-af94-56aa705a7170'}
        Body: {"security_group_rule": {"remote_group_id": null, "direction": "ingress", "remote_ip_prefix": null, "protocol": "icmp", "ethertype": "IPv4", "tenant_id": "5861998ab2f4471e993ca4e3abfc83aa", "port_range_max": null, "port_range_min": null, "id": "ea7d1292-aca9-457d-94b0-0ae7d1bae118", "security_group_id": "c94171b0-370e-43ab-932e-aeee5b8683da"}}
2016-01-25 01:09:28,937 14513 INFO     [tempest_lib.common.rest_client] Request (TestNetworkBasicOps:test_update_instance_port_admin_state): 201 POST http://10.4.1.3:9696/v2.0/security-group-rules 0.271s
2016-01-25 01:09:28,937 14513 DEBUG    [tempest_lib.common.rest_client] Request - Headers: {'Content-Type': 'application/json', 'Accept': 'application/json', 'X-Auth-Token': '&lt;omitted&gt;'}
        Body: {"security_group_rule": {"tenant_id": "5861998ab2f4471e993ca4e3abfc83aa", "direction": "egress", "protocol": "icmp", "security_group_id": "c94171b0-370e-43ab-932e-aeee5b8683da"}}
    Response - Headers: {'status': '201', 'content-length': '344', 'connection': 'close', 'date': 'Mon, 25 Jan 2016 01:09:28 GMT', 'content-type': 'application/json; charset=UTF-8', 'x-openstack-request-id': 'req-f26c9db1-9a87-430e-80dc-22d79602af32'}
        Body: {"security_group_rule": {"remote_group_id": null, "direction": "egress", "remote_ip_prefix": null, "protocol": "icmp", "ethertype": "IPv4", "tenant_id": "5861998ab2f4471e993ca4e3abfc83aa", "port_range_max": null, "port_range_min": null, "id": "4f37129b-dc9d-4eea-9064-3f72fcbe1745", "security_group_id": "c94171b0-370e-43ab-932e-aeee5b8683da"}}
2016-01-25 01:09:29,202 14513 INFO     [tempest_lib.common.rest_client] Request (TestNetworkBasicOps:test_update_instance_port_admin_state): 201 POST http://10.4.1.3:9696/v2.0/security-group-rules 0.263s
2016-01-25 01:09:29,203 14513 DEBUG    [tempest_lib.common.rest_client] Request - Headers: {'Content-Type': 'application/json', 'Accept': 'application/json', 'X-Auth-Token': '&lt;omitted&gt;'}
        Body: {"security_group_rule": {"tenant_id": "5861998ab2f4471e993ca4e3abfc83aa", "direction": "ingress", "security_group_id": "c94171b0-370e-43ab-932e-aeee5b8683da", "protocol": "icmp", "ethertype": "IPv6"}}
    Response - Headers: {'status': '201', 'content-length': '345', 'connection': 'close', 'date': 'Mon, 25 Jan 2016 01:09:29 GMT', 'content-type': 'application/json; charset=UTF-8', 'x-openstack-request-id': 'req-a92b1870-920f-4fe7-87b6-f67f700efb12'}
        Body: {"security_group_rule": {"remote_group_id": null, "direction": "ingress", "remote_ip_prefix": null, "protocol": "icmp", "ethertype": "IPv6", "tenant_id": "5861998ab2f4471e993ca4e3abfc83aa", "port_range_max": null, "port_range_min": null, "id": "05359b58-f3e8-4435-8adb-46bd03f8cb61", "security_group_id": "c94171b0-370e-43ab-932e-aeee5b8683da"}}
2016-01-25 01:09:29,486 14513 INFO     [tempest_lib.common.rest_client] Request (TestNetworkBasicOps:test_update_instance_port_admin_state): 201 POST http://10.4.1.3:9696/v2.0/security-group-rules 0.282s
2016-01-25 01:09:29,487 14513 DEBUG    [tempest_lib.common.rest_client] Request - Headers: {'Content-Type': 'application/json', 'Accept': 'application/json', 'X-Auth-Token': '&lt;omitted&gt;'}
        Body: {"security_group_rule": {"tenant_id": "5861998ab2f4471e993ca4e3abfc83aa", "direction": "egress", "security_group_id": "c94171b0-370e-43ab-932e-aeee5b8683da", "protocol": "icmp", "ethertype": "IPv6"}}
    Response - Headers: {'status': '201', 'content-length': '344', 'connection': 'close', 'date': 'Mon, 25 Jan 2016 01:09:29 GMT', 'content-type': 'application/json; charset=UTF-8', 'x-openstack-request-id': 'req-f55d227a-a5af-4a81-9efe-1acd3731ce93'}
        Body: {"security_group_rule": {"remote_group_id": null, "direction": "egress", "remote_ip_prefix": null, "protocol": "icmp", "ethertype": "IPv6", "tenant_id": "5861998ab2f4471e993ca4e3abfc83aa", "port_range_max": null, "port_range_min": null, "id": "f1af1d84-9aa2-4024-b373-77b8da1fb205", "security_group_id": "c94171b0-370e-43ab-932e-aeee5b8683da"}}
2016-01-25 01:09:29,847 14513 INFO     [tempest_lib.common.rest_client] Request (TestNetworkBasicOps:test_update_instance_port_admin_state): 201 POST http://10.4.1.3:9696/v2.0/networks 0.359s
2016-01-25 01:09:29,848 14513 DEBUG    [tempest_lib.common.rest_client] Request - Headers: {'Content-Type': 'application/json', 'Accept': 'application/json', 'X-Auth-Token': '&lt;omitted&gt;'}
        Body: {"network": {"tenant_id": "5861998ab2f4471e993ca4e3abfc83aa", "name": "tempest-network-smoke--457827497"}}
    Response - Headers: {'status': '201', 'content-length': '329', 'connection': 'close', 'date': 'Mon, 25 Jan 2016 01:09:29 GMT', 'content-type': 'application/json; charset=UTF-8', 'x-openstack-request-id': 'req-e6a0f055-fa87-4e2e-90d6-b13fb183cf59'}
        Body: {"network": {"status": "ACTIVE", "subnets": [], "availability_zone_hints": [], "name": "tempest-network-smoke--457827497", "admin_state_up": true, "tenant_id": "5861998ab2f4471e993ca4e3abfc83aa", "mtu": 1450, "router:external": false, "shared": false, "port_security_enabled": true, "id": "bff4dfb8-d8bc-4d30-b213-4c8b49546c23"}}
2016-01-25 01:09:30,093 14513 INFO     [tempest_lib.common.rest_client] Request (TestNetworkBasicOps:test_update_instance_port_admin_state): 201 POST http://10.4.1.3:9696/v2.0/routers 0.244s
2016-01-25 01:09:30,095 14513 DEBUG    [tempest_lib.common.rest_client] Request - Headers: {'Content-Type': 'application/json', 'Accept': 'application/json', 'X-Auth-Token': '&lt;omitted&gt;'}
        Body: {"router": {"tenant_id": "5861998ab2f4471e993ca4e3abfc83aa", "name": "tempest-router-smoke-1789765479", "admin_state_up": true}}
    Response - Headers: {'status': '201', 'content-length': '296', 'connection': 'close', 'date': 'Mon, 25 Jan 2016 01:09:30 GMT', 'content-type': 'application/json; charset=UTF-8', 'x-openstack-request-id': 'req-7c07b059-6b84-49e4-96a7-02c415647189'}
        Body: {"router": {"status": "ACTIVE", "external_gateway_info": null, "availability_zone_hints": [], "availability_zones": [], "name": "tempest-router-smoke-1789765479", "admin_state_up": true, "tenant_id": "5861998ab2f4471e993ca4e3abfc83aa", "routes": [], "id": "3186dc2b-f265-42f8-a2ac-01eb7e4ee2dd"}}
2016-01-25 01:09:30,333 14513 INFO     [tempest_lib.common.rest_client] Request (TestNetworkBasicOps:test_update_instance_port_admin_state): 200 GET http://10.4.1.3:9696/v2.0/routers/3186dc2b-f265-42f8-a2ac-01eb7e4ee2dd 0.237s
2016-01-25 01:09:30,333 14513 DEBUG    [tempest_lib.common.rest_client] Request - Headers: {'Content-Type': 'application/json', 'Accept': 'application/json', 'X-Auth-Token': '&lt;omitted&gt;'}
        Body: None
    Response - Headers: {'status': '200', 'content-length': '296', 'content-location': 'http://10.4.1.3:9696/v2.0/routers/3186dc2b-f265-42f8-a2ac-01eb7e4ee2dd', 'connection': 'close', 'date': 'Mon, 25 Jan 2016 01:09:30 GMT', 'content-type': 'application/json; charset=UTF-8', 'x-openstack-request-id': 'req-bee5bf7a-122e-4a85-8aec-5445f58eb7a8'}
        Body: {"router": {"status": "ACTIVE", "external_gateway_info": null, "availability_zone_hints": [], "availability_zones": [], "name": "tempest-router-smoke-1789765479", "admin_state_up": true, "tenant_id": "5861998ab2f4471e993ca4e3abfc83aa", "routes": [], "id": "3186dc2b-f265-42f8-a2ac-01eb7e4ee2dd"}}
2016-01-25 01:09:31,374 14513 INFO     [tempest_lib.common.rest_client] Request (TestNetworkBasicOps:test_update_instance_port_admin_state): 200 PUT http://10.4.1.3:9696/v2.0/routers/3186dc2b-f265-42f8-a2ac-01eb7e4ee2dd 1.038s
2016-01-25 01:09:31,375 14513 DEBUG    [tempest_lib.common.rest_client] Request - Headers: {'Content-Type': 'application/json', 'Accept': 'application/json', 'X-Auth-Token': '&lt;omitted&gt;'}
        Body: {"router": {"external_gateway_info": {"network_id": "2d7b10f9-f12a-4919-847a-686ff2d75463"}, "name": "tempest-router-smoke-1789765479", "admin_state_up": true}}
    Response - Headers: {'status': '200', 'content-length': '559', 'connection': 'close', 'date': 'Mon, 25 Jan 2016 01:09:31 GMT', 'content-type': 'application/json; charset=UTF-8', 'x-openstack-request-id': 'req-954f1255-c6f3-4984-9112-1d2b4631c021'}
        Body: {"router": {"status": "ACTIVE", "external_gateway_info": {"network_id": "2d7b10f9-f12a-4919-847a-686ff2d75463", "enable_snat": true, "external_fixed_ips": [{"subnet_id": "28a171e3-f4cb-4427-851d-4ae75a025375", "ip_address": "172.24.4.15"}, {"subnet_id": "cfd574c2-c532-46db-a53d-240278824da5", "ip_address": "2001:db8::f"}]}, "availability_zone_hints": [], "availability_zones": [], "name": "tempest-router-smoke-1789765479", "admin_state_up": true, "tenant_id": "5861998ab2f4471e993ca4e3abfc83aa", "routes": [], "id": "3186dc2b-f265-42f8-a2ac-01eb7e4ee2dd"}}
2016-01-25 01:09:31,549 14513 INFO     [tempest_lib.common.rest_client] Request (TestNetworkBasicOps:test_update_instance_port_admin_state): 200 GET http://10.4.1.3:9696/v2.0/subnets?tenant_id=5861998ab2f4471e993ca4e3abfc83aa&amp;cidr=10.100.0.0%2F28 0.172s
2016-01-25 01:09:31,550 14513 DEBUG    [tempest_lib.common.rest_client] Request - Headers: {'Content-Type': 'application/json', 'Accept': 'application/json', 'X-Auth-Token': '&lt;omitted&gt;'}
        Body: None
    Response - Headers: {'status': '200', 'content-length': '15', 'content-location': 'http://10.4.1.3:9696/v2.0/subnets?tenant_id=5861998ab2f4471e993ca4e3abfc83aa&amp;cidr=10.100.0.0%2F28', 'connection': 'close', 'date': 'Mon, 25 Jan 2016 01:09:31 GMT', 'content-type': 'application/json; charset=UTF-8', 'x-openstack-request-id': 'req-d5623c40-23d9-47ae-b90a-7923d90a63f2'}
        Body: {"subnets": []}
2016-01-25 01:09:32,019 14513 INFO     [tempest_lib.common.rest_client] Request (TestNetworkBasicOps:test_update_instance_port_admin_state): 201 POST http://10.4.1.3:9696/v2.0/subnets 0.467s
2016-01-25 01:09:32,019 14513 DEBUG    [tempest_lib.common.rest_client] Request - Headers: {'Content-Type': 'application/json', 'Accept': 'application/json', 'X-Auth-Token': '&lt;omitted&gt;'}
        Body: {"subnet": {"ip_version": 4, "tenant_id": "5861998ab2f4471e993ca4e3abfc83aa", "cidr": "10.100.0.0/28", "network_id": "bff4dfb8-d8bc-4d30-b213-4c8b49546c23", "name": "tempest-subnet-smoke-803592567"}}
    Response - Headers: {'status': '201', 'content-length': '477', 'connection': 'close', 'date': 'Mon, 25 Jan 2016 01:09:32 GMT', 'content-type': 'application/json; charset=UTF-8', 'x-openstack-request-id': 'req-5f71258e-9a89-4ac5-9a9d-abf090b8b5f5'}
        Body: {"subnet": {"name": "tempest-subnet-smoke-803592567", "enable_dhcp": true, "network_id": "bff4dfb8-d8bc-4d30-b213-4c8b49546c23", "tenant_id": "5861998ab2f4471e993ca4e3abfc83aa", "dns_nameservers": [], "gateway_ip": "10.100.0.1", "ipv6_ra_mode": null, "allocation_pools": [{"start": "10.100.0.2", "end": "10.100.0.14"}], "host_routes": [], "ip_version": 4, "ipv6_address_mode": null, "cidr": "10.100.0.0/28", "id": "4bc7babb-687d-4ccd-833d-a1489b5352c4", "subnetpool_id": null}}
2016-01-25 01:09:32,821 14513 INFO     [tempest_lib.common.rest_client] Request (TestNetworkBasicOps:test_update_instance_port_admin_state): 200 PUT http://10.4.1.3:9696/v2.0/routers/3186dc2b-f265-42f8-a2ac-01eb7e4ee2dd/add_router_interface 0.801s
2016-01-25 01:09:32,821 14513 DEBUG    [tempest_lib.common.rest_client] Request - Headers: {'Content-Type': 'application/json', 'Accept': 'application/json', 'X-Auth-Token': '&lt;omitted&gt;'}
        Body: {"subnet_id": "4bc7babb-687d-4ccd-833d-a1489b5352c4"}
    Response - Headers: {'status': '200', 'content-length': '255', 'connection': 'close', 'date': 'Mon, 25 Jan 2016 01:09:32 GMT', 'content-type': 'application/json; charset=UTF-8', 'x-openstack-request-id': 'req-dad8541f-888b-452c-8901-ffacd310df13'}
        Body: {"subnet_id": "4bc7babb-687d-4ccd-833d-a1489b5352c4", "tenant_id": "5861998ab2f4471e993ca4e3abfc83aa", "subnet_ids": ["4bc7babb-687d-4ccd-833d-a1489b5352c4"], "port_id": "9ed3cc93-9da6-4dcd-a7f0-321fc6e77d9c", "id": "3186dc2b-f265-42f8-a2ac-01eb7e4ee2dd"}
2016-01-25 01:09:33,049 14513 INFO     [tempest_lib.common.rest_client] Request (TestNetworkBasicOps:test_update_instance_port_admin_state): 200 GET http://10.4.1.3:9696/v2.0/networks 0.227s
2016-01-25 01:09:33,049 14513 DEBUG    [tempest_lib.common.rest_client] Request - Headers: {'Content-Type': 'application/json', 'Accept': 'application/json', 'X-Auth-Token': '&lt;omitted&gt;'}
        Body: None
    Response - Headers: {'status': '200', 'content-length': '1515', 'content-location': 'http://10.4.1.3:9696/v2.0/networks', 'connection': 'close', 'date': 'Mon, 25 Jan 2016 01:09:33 GMT', 'content-type': 'application/json; charset=UTF-8', 'x-openstack-request-id': 'req-eaa0035a-52a4-457c-87d4-3bb769d94f7e'}
        Body: {"networks": [{"status": "ACTIVE", "subnets": ["cfd574c2-c532-46db-a53d-240278824da5", "28a171e3-f4cb-4427-851d-4ae75a025375"], "availability_zone_hints": [], "availability_zones": ["nova"], "name": "public", "provider:physical_network": null, "admin_state_up": true, "tenant_id": "a563269d43ae46aa9fa7d76803f95fc5", "mtu": 1450, "router:external": true, "shared": false, "port_security_enabled": true, "provider:network_type": "vxlan", "id": "2d7b10f9-f12a-4919-847a-686ff2d75463", "provider:segmentation_id": 1071}, {"status": "ACTIVE", "subnets": ["3eddffc1-8e1d-4835-9e60-82bd6124fd0f", "67d90d02-e08d-4a37-9407-45b892cd4a5d"], "availability_zone_hints": [], "availability_zones": ["nova"], "name": "private", "provider:physical_network": null, "admin_state_up": true, "tenant_id": "954c35b1d55b426b80b3e032e04e6e08", "mtu": 1450, "router:external": false, "shared": false, "port_security_enabled": true, "provider:network_type": "vxlan", "id": "3931fb3b-00b1-4060-a487-137d3948a3fe", "provider:segmentation_id": 1078}, {"status": "ACTIVE", "subnets": ["4bc7babb-687d-4ccd-833d-a1489b5352c4"], "availability_zone_hints": [], "availability_zones": ["nova"], "name": "tempest-network-smoke--457827497", "provider:physical_network": null, "admin_state_up": true, "tenant_id": "5861998ab2f4471e993ca4e3abfc83aa", "mtu": 1450, "router:external": false, "shared": false, "port_security_enabled": true, "provider:network_type": "vxlan", "id": "bff4dfb8-d8bc-4d30-b213-4c8b49546c23", "provider:segmentation_id": 1006}]}
2016-01-25 01:09:33,362 14513 INFO     [tempest_lib.common.rest_client] Request (TestNetworkBasicOps:test_update_instance_port_admin_state): 200 GET http://10.4.1.3:9696/v2.0/subnets 0.312s
2016-01-25 01:09:33,363 14513 DEBUG    [tempest_lib.common.rest_client] Request - Headers: {'Content-Type': 'application/json', 'Accept': 'application/json', 'X-Auth-Token': '&lt;omitted&gt;'}
        Body: None
    Response - Headers: {'status': '200', 'content-length': '2407', 'content-location': 'http://10.4.1.3:9696/v2.0/subnets', 'connection': 'close', 'date': 'Mon, 25 Jan 2016 01:09:33 GMT', 'content-type': 'application/json; charset=UTF-8', 'x-openstack-request-id': 'req-9a66b207-a756-43d9-9965-75b980fa79b9'}
        Body: {"subnets": [{"name": "tempest-subnet-smoke-803592567", "enable_dhcp": true, "network_id": "bff4dfb8-d8bc-4d30-b213-4c8b49546c23", "tenant_id": "5861998ab2f4471e993ca4e3abfc83aa", "dns_nameservers": [], "gateway_ip": "10.100.0.1", "ipv6_ra_mode": null, "allocation_pools": [{"start": "10.100.0.2", "end": "10.100.0.14"}], "host_routes": [], "ip_version": 4, "ipv6_address_mode": null, "cidr": "10.100.0.0/28", "id": "4bc7babb-687d-4ccd-833d-a1489b5352c4", "subnetpool_id": null}, {"name": "ipv6-private-subnet", "enable_dhcp": true, "network_id": "3931fb3b-00b1-4060-a487-137d3948a3fe", "tenant_id": "954c35b1d55b426b80b3e032e04e6e08", "dns_nameservers": [], "gateway_ip": "fda2:b830:b854::1", "ipv6_ra_mode": "slaac", "allocation_pools": [{"start": "fda2:b830:b854::2", "end": "fda2:b830:b854:0:ffff:ffff:ffff:ffff"}], "host_routes": [], "ip_version": 6, "ipv6_address_mode": "slaac", "cidr": "fda2:b830:b854::/64", "id": "67d90d02-e08d-4a37-9407-45b892cd4a5d", "subnetpool_id": null}, {"name": "ipv6-public-subnet", "enable_dhcp": false, "network_id": "2d7b10f9-f12a-4919-847a-686ff2d75463", "tenant_id": "a563269d43ae46aa9fa7d76803f95fc5", "dns_nameservers": [], "gateway_ip": "2001:db8::2", "ipv6_ra_mode": null, "allocation_pools": [{"start": "2001:db8::1", "end": "2001:db8::1"}, {"start": "2001:db8::3", "end": "2001:db8::ffff:ffff:ffff:ffff"}], "host_routes": [], "ip_version": 6, "ipv6_address_mode": null, "cidr": "2001:db8::/64", "id": "cfd574c2-c532-46db-a53d-240278824da5", "subnetpool_id": null}, {"name": "public-subnet", "enable_dhcp": false, "network_id": "2d7b10f9-f12a-4919-847a-686ff2d75463", "tenant_id": "a563269d43ae46aa9fa7d76803f95fc5", "dns_nameservers": [], "gateway_ip": "172.24.4.1", "ipv6_ra_mode": null, "allocation_pools": [{"start": "172.24.4.2", "end": "172.24.4.254"}], "host_routes": [], "ip_version": 4, "ipv6_address_mode": null, "cidr": "172.24.4.0/24", "id": "28a171e3-f4cb-4427-851d-4ae75a025375", "subnetpool_id": null}, {"name": "private-subnet", "enable_dhcp": true, "network_id": "3931fb3b-00b1-4060-a487-137d3948a3fe", "tenant_id": "954c35b1d55b426b80b3e032e04e6e08", "dns_nameservers": [], "gateway_ip": "10.0.0.1", "ipv6_ra_mode": null, "allocation_pools": [{"start": "10.0.0.2", "end": "10.0.0.254"}], "host_routes": [], "ip_version": 4, "ipv6_address_mode": null, "cidr": "10.0.0.0/24", "id": "3eddffc1-8e1d-4835-9e60-82bd6124fd0f", "subnetpool_id": null}]}
2016-01-25 01:09:33,567 14513 INFO     [tempest_lib.common.rest_client] Request (TestNetworkBasicOps:test_update_instance_port_admin_state): 200 GET http://10.4.1.3:9696/v2.0/routers 0.203s
2016-01-25 01:09:33,568 14513 DEBUG    [tempest_lib.common.rest_client] Request - Headers: {'Content-Type': 'application/json', 'Accept': 'application/json', 'X-Auth-Token': '&lt;omitted&gt;'}
        Body: None
    Response - Headers: {'status': '200', 'content-length': '1168', 'content-location': 'http://10.4.1.3:9696/v2.0/routers', 'connection': 'close', 'date': 'Mon, 25 Jan 2016 01:09:33 GMT', 'content-type': 'application/json; charset=UTF-8', 'x-openstack-request-id': 'req-f02bcb86-af0b-410d-ac1d-f7c50e578bc8'}
        Body: {"routers": [{"status": "ACTIVE", "external_gateway_info": {"network_id": "2d7b10f9-f12a-4919-847a-686ff2d75463", "enable_snat": true, "external_fixed_ips": [{"subnet_id": "28a171e3-f4cb-4427-851d-4ae75a025375", "ip_address": "172.24.4.2"}, {"subnet_id": "cfd574c2-c532-46db-a53d-240278824da5", "ip_address": "2001:db8::1"}]}, "availability_zone_hints": [], "availability_zones": ["nova"], "name": "router1", "admin_state_up": true, "tenant_id": "954c35b1d55b426b80b3e032e04e6e08", "distributed": false, "routes": [], "ha": false, "id": "06d3cfd1-c487-4247-8333-0a49bc0d68fe"}, {"status": "ACTIVE", "external_gateway_info": {"network_id": "2d7b10f9-f12a-4919-847a-686ff2d75463", "enable_snat": true, "external_fixed_ips": [{"subnet_id": "28a171e3-f4cb-4427-851d-4ae75a025375", "ip_address": "172.24.4.15"}, {"subnet_id": "cfd574c2-c532-46db-a53d-240278824da5", "ip_address": "2001:db8::f"}]}, "availability_zone_hints": [], "availability_zones": ["nova"], "name": "tempest-router-smoke-1789765479", "admin_state_up": true, "tenant_id": "5861998ab2f4471e993ca4e3abfc83aa", "distributed": false, "routes": [], "ha": false, "id": "3186dc2b-f265-42f8-a2ac-01eb7e4ee2dd"}]}
2016-01-25 01:09:33,915 14513 INFO     [tempest_lib.common.rest_client] Request (TestNetworkBasicOps:test_update_instance_port_admin_state): 200 POST http://10.4.1.3:8774/v2.1/5861998ab2f4471e993ca4e3abfc83aa/os-keypairs 0.346s
2016-01-25 01:09:33,916 14513 DEBUG    [tempest_lib.common.rest_client] Request - Headers: {'Content-Type': 'application/json', 'Accept': 'application/json', 'X-Auth-Token': '&lt;omitted&gt;'}
        Body: {"keypair": {"name": "tempest-TestNetworkBasicOps-1714816974"}}
    Response - Headers: {'status': '200', 'content-length': '2321', 'x-compute-request-id': 'req-57beee29-4f35-494b-9e8f-b88296e76782', 'vary': 'X-OpenStack-Nova-API-Version', 'connection': 'close', 'x-openstack-nova-api-version': '2.1', 'date': 'Mon, 25 Jan 2016 01:09:33 GMT', 'content-type': 'application/json'}
        Body: {"keypair": {"public_key": "ssh-rsa AAAAB3NzaC1yc2EAAAADAQABAAABAQC853+h87tsLJBsopF5Ta9PpL38FNYZY5KFqSlbc60N10mpYqxCYgQ+NQCMhbgIF7pltZ2ihO45QQD/vJvGmZs8U/1Wulc0fNu7oUOIzUX5lGclsC1orwuILUQ6VCW8PGeXrM/hf3jBgOlCCVcP7qCLQr4Y53VBGp31P/tCd0dCU5eFSGTwH7ZrWAgUlX04gJGX5JBorD4NfcpNEqitCfx14N5U1R2ali9rdP5rYr5lpbua8l1Il7T1sN9CmXyGnbQi2R4IUfLAsDcb6JR4FqIvjff6GDkSdJoe1EbydYvZx3NvilsoFfmWweXWGywQQ788xJx1qGaDyeybNyKSpMXz Generated-by-Nova", "private_key": "-----BEGIN RSA PRIVATE KEY-----\nMIIEqAIBAAKCAQEAvOd/ofO7bCyQbKKReU2vT6S9/BTWGWOShakpW3OtDddJqWKs\nQmIEPjUAjIW4CBe6ZbWdooTuOUEA/7ybxpmbPFP9VrpXNHzbu6FDiM1F+ZRnJbAt\naK8LiC1EOlQlvDxnl6zP4X94wYDpQglXD+6gi0K+GOd1QRqd9T/7QndHQlOXhUhk\n8B+2a1gIFJV9OICRl+SQaKw+DX3KTRKorQn8deDeVNUdmpYva3T+a2K+ZaW7mvJd\nSJe09bDfQpl8hp20ItkeCFHywLA3G+iUeBaiL433+hg5EnSaHtRG8nWL2cdzb4pb\nKBX5lsHl1hssEEO/PMScdahmg8nsmzcikqTF8wIDAQABAoIBABlFIqbIkxbqczuF\nF87RXJVb5WpWYzmsP0qQEY9BTzIdzaXSJFcRA55KutMRhEfY3L+EZxz5iWCxWG/d\njD0qCUEtvyMd9FJ6LW7RKNahFy5G8vFwuvJZEELcQ1dGMHIY5oa8wGZbBg1ksE98\nLmBcPK/Ecuej9uSJqf3H3FXM3QR7LMxMU+TbLVwI8W8R8lzRN0SzucBcmHH1KjcC\nXwNekhCfy20Bt9tbQfa7nlsuVEVs4oBOt1yKb8XMUENeP46RvD8sxzCXRXQ5X/Ho\nGLfc1+YdoW9NvXLuRuANlZS7I6uJTvg/j5diga+MmDN3Ancl+OzGfLCLvkWzBWJy\n0b6PtbECggCBAL8dwklwhuxQRNaYSSgirUqiDzzCtolgVU7UubULI+f2Ad73IHmg\nqzB+7H+Cx0p0658VKlbTnPcotcTdvMNGE0ZYu9hqniUnm7ZcQl6n+gl1JOIQUVuR\nq4L9/LBU2K0Jj8mLPoHVkPrwhWYNxBhb0ZetThZOHXtyVofk6M/W/wLJAoIAgQD9\nCX6vVbEx2T+X65HgBxdmNQXupDoRzz8UEP13VXbX0Lsqyvgn5snQlUtn55CxpeG9\nD5JdUhdC1LdqLcZ5oTb6vhVCp/AwMXtmdcVgxJcg5BBjS9OiD4ZudQN1QnUO+Wt6\nxneYhzkwOuMusPlCEgy1zY9rHSny8HmU2ZL3u8BE2wKCAIBwLoKt4wx/yDowEOHY\nWkqIJYp2KwFEsDRC+qErgSeJcCD3BO6eFk6GP+qIinZ64Rixn5Xjs4FOnynbLiEw\nKoED6PASf7rmqlI/f/ZBY65kQMvumo93BZG8aWQbCSLKp3MsZbzCL19TvT1Ag1IY\nzkTAGK1ecGnj3WCnkhmKbnPv6QKCAIAQWeu40tXHfd1xKMTdcDff3+9JM42ZFwZh\nepOWgYxTd+aQZltQ4MYL14nu5fTgtfJ3cCkqJKLiK7LKhri7pWJTI7NmAkowIxJx\nVYzyquGFO5efgwfjAhPS0XbuveOomw+J+IdD8QEOD9AcdU02KspteSIabuEGFOoW\nZ1Tq81QCXwKCAIEAkCz7+vBM0vK8GQPOlElVhYJcPHS3o9FMtIri6PaYGQ3CiiaF\nLOKu6G0cGGv6VvaOnioHuNELl/spxE4bwzuho9J9ljKMFmg8xDGRBrflz9hO1NPW\nqp9wpijn3bT56fmLSXZAdoQ6clt267JrSc1ezLCDejeQ6BkzNWx7mCBmxKk=\n-----END RSA PRIVATE KEY-----\n", "user_id": "097277fa694a4abfafbcee567ad984fb", "name": "tempest-TestNetworkBasicOps-1714816974", "fingerprint": "31:a7:7d:a4:f9:94:80:26:43:2a:7b:2e:16:eb:e8:fa"}}
2016-01-25 01:09:34,031 14513 INFO     [tempest_lib.common.rest_client] Request (TestNetworkBasicOps:test_update_instance_port_admin_state): 200 POST http://10.4.1.3:5000/v2.0/tokens
2016-01-25 01:09:34,031 14513 DEBUG    [tempest_lib.common.rest_client] Request - Headers: {'Content-Type': 'application/json', 'Accept': 'application/json'}
        Body: &lt;omitted&gt;
    Response - Headers: {'status': '200', 'content-length': '2260', 'vary': 'X-Auth-Token', 'server': 'Apache/2.4.7 (Ubuntu)', 'connection': 'close', 'date': 'Mon, 25 Jan 2016 01:09:33 GMT', 'content-type': 'application/json', 'x-openstack-request-id': 'req-53613331-f5a0-464f-b7ee-ba13951e7456'}
        Body: {"access": {"token": {"issued_at": "2016-01-25T01:09:34.022906", "expires": "2016-01-25T02:09:33Z", "id": "46e5f4484f294cb7919aa0a5920e5f71", "tenant": {"description": "tempest-TestNetworkBasicOps-1890777629-desc", "enabled": true, "id": "5861998ab2f4471e993ca4e3abfc83aa", "name": "tempest-TestNetworkBasicOps-1890777629"}, "audit_ids": ["gnHLk8pKSY2oZ7nKsqwcRg"]}, "serviceCatalog": [{"endpoints": [{"adminURL": "http://10.4.1.3:9292", "region": "RegionOne", "internalURL": "http://10.4.1.3:9292", "id": "14d986a27a574f2783543179c97ba15f", "publicURL": "http://10.4.1.3:9292"}], "endpoints_links": [], "type": "image", "name": "glance"}, {"endpoints": [{"adminURL": "http://10.4.1.3:8774/v2.1/5861998ab2f4471e993ca4e3abfc83aa", "region": "RegionOne", "internalURL": "http://10.4.1.3:8774/v2.1/5861998ab2f4471e993ca4e3abfc83aa", "id": "88cb0200518e451188d5c47eba2f2e79", "publicURL": "http://10.4.1.3:8774/v2.1/5861998ab2f4471e993ca4e3abfc83aa"}], "endpoints_links": [], "type": "compute", "name": "nova"}, {"endpoints": [{"adminURL": "http://10.4.1.3:8774/v2/5861998ab2f4471e993ca4e3abfc83aa", "region": "RegionOne", "internalURL": "http://10.4.1.3:8774/v2/5861998ab2f4471e993ca4e3abfc83aa", "id": "204e9d0943c1416fb714f209fd74acca", "publicURL": "http://10.4.1.3:8774/v2/5861998ab2f4471e993ca4e3abfc83aa"}], "endpoints_links": [], "type": "compute_legacy", "name": "nova_legacy"}, {"endpoints": [{"adminURL": "http://10.4.1.3:35357/v2.0", "region": "RegionOne", "internalURL": "http://10.4.1.3:5000/v2.0", "id": "58a601e503244366b91652cc86a9a86f", "publicURL": "http://10.4.1.3:5000/v2.0"}], "endpoints_links": [], "type": "identity", "name": "keystone"}, {"endpoints": [{"adminURL": "http://10.4.1.3:9696/", "region": "RegionOne", "internalURL": "http://10.4.1.3:9696/", "id": "4f9f0a0f656e453a86cd75cbb4591c8d", "publicURL": "http://10.4.1.3:9696/"}], "endpoints_links": [], "type": "network", "name": "neutron"}], "user": {"username": "tempest-TestNetworkBasicOps-1454722754", "roles_links": [], "id": "097277fa694a4abfafbcee567ad984fb", "roles": [{"name": "_member_"}, {"name": "Member"}], "name": "tempest-TestNetworkBasicOps-1454722754"}, "metadata": {"is_admin": 0, "roles": ["9fe2ff9ee4384b1894a90878d3e92bab", "964dba6b31cd4186b19e11795ad1ee02"]}}}
2016-01-25 01:09:34,036 14513 DEBUG    [tempest.common.fixed_network] (TestNetworkBasicOps:test_update_instance_port_admin_state) No valid network provided or created, defaulting to fixed_network_name
2016-01-25 01:09:34,397 14513 INFO     [tempest_lib.common.rest_client] Request (TestNetworkBasicOps:test_update_instance_port_admin_state): 200 GET http://10.4.1.3:8774/v2.1/5861998ab2f4471e993ca4e3abfc83aa/os-networks 0.361s
2016-01-25 01:09:34,398 14513 DEBUG    [tempest_lib.common.rest_client] Request - Headers: {'Content-Type': 'application/json', 'Accept': 'application/json', 'X-Auth-Token': '&lt;omitted&gt;'}
        Body: None
    Response - Headers: {'status': '200', 'content-length': '478', 'content-location': 'http://10.4.1.3:8774/v2.1/5861998ab2f4471e993ca4e3abfc83aa/os-networks', 'x-compute-request-id': 'req-6ec79f2b-30de-4436-bfbc-3107c368eb97', 'vary': 'X-OpenStack-Nova-API-Version', 'connection': 'close', 'x-openstack-nova-api-version': '2.1', 'date': 'Mon, 25 Jan 2016 01:09:34 GMT', 'content-type': 'application/json'}
        Body: {"networks": [{"cidr_v6": null, "dns2": null, "dns1": null, "gateway": null, "broadcast": null, "netmask": null, "gateway_v6": null, "cidr": null, "label": "public", "id": "2d7b10f9-f12a-4919-847a-686ff2d75463", "netmask_v6": null}, {"cidr_v6": null, "dns2": null, "dns1": null, "gateway": null, "broadcast": null, "netmask": null, "gateway_v6": null, "cidr": null, "label": "tempest-network-smoke--457827497", "id": "bff4dfb8-d8bc-4d30-b213-4c8b49546c23", "netmask_v6": null}]}
2016-01-25 01:09:34,398 14513 WARNING  [tempest.common.fixed_network] (TestNetworkBasicOps:test_update_instance_port_admin_state) Network with name: private not found
2016-01-25 01:09:34,399 14513 INFO     [tempest.common.fixed_network] (TestNetworkBasicOps:test_update_instance_port_admin_state) Found network {} available for tenant
2016-01-25 01:09:36,937 14513 INFO     [tempest_lib.common.rest_client] Request (TestNetworkBasicOps:test_update_instance_port_admin_state): 202 POST http://10.4.1.3:8774/v2.1/5861998ab2f4471e993ca4e3abfc83aa/servers 2.538s
2016-01-25 01:09:36,938 14513 DEBUG    [tempest_lib.common.rest_client] Request - Headers: {'Content-Type': 'application/json', 'Accept': 'application/json', 'X-Auth-Token': '&lt;omitted&gt;'}
        Body: {"server": {"name": "tempest-server-smoke-355267340", "imageRef": "940f4780-fae0-474f-b356-69255e0f8c27", "key_name": "tempest-TestNetworkBasicOps-1714816974", "flavorRef": "42", "networks": [{"uuid": "bff4dfb8-d8bc-4d30-b213-4c8b49546c23"}], "security_groups": [{"name": "tempest-secgroup-smoke-388456020"}]}}
    Response - Headers: {'status': '202', 'content-length': '459', 'x-compute-request-id': 'req-f17ed82d-4aa0-49e5-a68b-e18732b71df2', 'vary': 'X-OpenStack-Nova-API-Version', 'connection': 'close', 'location': 'http://10.4.1.3:8774/v2.1/5861998ab2f4471e993ca4e3abfc83aa/servers/ff037666-f736-406e-b535-5e6fe41d3493', 'x-openstack-nova-api-version': '2.1', 'date': 'Mon, 25 Jan 2016 01:09:36 GMT', 'content-type': 'application/json'}
        Body: {"server": {"security_groups": [{"name": "tempest-secgroup-smoke-388456020"}], "OS-DCF:diskConfig": "MANUAL", "id": "ff037666-f736-406e-b535-5e6fe41d3493", "links": [{"href": "http://10.4.1.3:8774/v2.1/5861998ab2f4471e993ca4e3abfc83aa/servers/ff037666-f736-406e-b535-5e6fe41d3493", "rel": "self"}, {"href": "http://10.4.1.3:8774/5861998ab2f4471e993ca4e3abfc83aa/servers/ff037666-f736-406e-b535-5e6fe41d3493", "rel": "bookmark"}], "adminPass": "qe67gxjXGkaH"}}
2016-01-25 01:09:37,349 14513 INFO     [tempest_lib.common.rest_client] Request (TestNetworkBasicOps:test_update_instance_port_admin_state): 200 GET http://10.4.1.3:8774/v2.1/5861998ab2f4471e993ca4e3abfc83aa/servers/ff037666-f736-406e-b535-5e6fe41d3493 0.405s
2016-01-25 01:09:37,349 14513 DEBUG    [tempest_lib.common.rest_client] Request - Headers: {'Content-Type': 'application/json', 'Accept': 'application/json', 'X-Auth-Token': '&lt;omitted&gt;'}
        Body: None
    Response - Headers: {'status': '200', 'content-length': '1340', 'content-location': 'http://10.4.1.3:8774/v2.1/5861998ab2f4471e993ca4e3abfc83aa/servers/ff037666-f736-406e-b535-5e6fe41d3493', 'x-compute-request-id': 'req-3b50da47-59b5-4737-90df-a9508c19e95e', 'vary': 'X-OpenStack-Nova-API-Version', 'connection': 'close', 'x-openstack-nova-api-version': '2.1', 'date': 'Mon, 25 Jan 2016 01:09:37 GMT', 'content-type': 'application/json'}
        Body: {"server": {"status": "BUILD", "updated": "2016-01-25T01:09:37Z", "hostId": "", "addresses": {}, "links": [{"href": "http://10.4.1.3:8774/v2.1/5861998ab2f4471e993ca4e3abfc83aa/servers/ff037666-f736-406e-b535-5e6fe41d3493", "rel": "self"}, {"href": "http://10.4.1.3:8774/5861998ab2f4471e993ca4e3abfc83aa/servers/ff037666-f736-406e-b535-5e6fe41d3493", "rel": "bookmark"}], "key_name": "tempest-TestNetworkBasicOps-1714816974", "image": {"id": "940f4780-fae0-474f-b356-69255e0f8c27", "links": [{"href": "http://10.4.1.3:8774/5861998ab2f4471e993ca4e3abfc83aa/images/940f4780-fae0-474f-b356-69255e0f8c27", "rel": "bookmark"}]}, "OS-EXT-STS:task_state": "scheduling", "OS-EXT-STS:vm_state": "building", "OS-SRV-USG:launched_at": null, "flavor": {"id": "42", "links": [{"href": "http://10.4.1.3:8774/5861998ab2f4471e993ca4e3abfc83aa/flavors/42", "rel": "bookmark"}]}, "id": "ff037666-f736-406e-b535-5e6fe41d3493", "OS-SRV-USG:terminated_at": null, "OS-EXT-AZ:availability_zone": "", "user_id": "097277fa694a4abfafbcee567ad984fb", "name": "tempest-server-smoke-355267340", "created": "2016-01-25T01:09:36Z", "tenant_id": "5861998ab2f4471e993ca4e3abfc83aa", "OS-DCF:diskConfig": "MANUAL", "os-extended-volumes:volumes_attached": [], "accessIPv4": "", "accessIPv6": "", "progress": 0, "OS-EXT-STS:power_state": 0, "config_drive": "", "metadata": {}}}
2016-01-25 01:09:39,005 14513 INFO     [tempest_lib.common.rest_client] Request (TestNetworkBasicOps:test_update_instance_port_admin_state): 200 GET http://10.4.1.3:8774/v2.1/5861998ab2f4471e993ca4e3abfc83aa/servers/ff037666-f736-406e-b535-5e6fe41d3493 0.646s
2016-01-25 01:09:39,006 14513 DEBUG    [tempest_lib.common.rest_client] Request - Headers: {'Content-Type': 'application/json', 'Accept': 'application/json', 'X-Auth-Token': '&lt;omitted&gt;'}
        Body: None
    Response - Headers: {'status': '200', 'content-length': '1465', 'content-location': 'http://10.4.1.3:8774/v2.1/5861998ab2f4471e993ca4e3abfc83aa/servers/ff037666-f736-406e-b535-5e6fe41d3493', 'x-compute-request-id': 'req-890ef04d-e247-4937-9035-2112bd12ed69', 'vary': 'X-OpenStack-Nova-API-Version', 'connection': 'close', 'x-openstack-nova-api-version': '2.1', 'date': 'Mon, 25 Jan 2016 01:09:39 GMT', 'content-type': 'application/json'}
        Body: {"server": {"status": "BUILD", "updated": "2016-01-25T01:09:37Z", "hostId": "365aa2813f3d5563c3ea4ed7bdb447f595fe9892046ce0cb7253cec8", "addresses": {}, "links": [{"href": "http://10.4.1.3:8774/v2.1/5861998ab2f4471e993ca4e3abfc83aa/servers/ff037666-f736-406e-b535-5e6fe41d3493", "rel": "self"}, {"href": "http://10.4.1.3:8774/5861998ab2f4471e993ca4e3abfc83aa/servers/ff037666-f736-406e-b535-5e6fe41d3493", "rel": "bookmark"}], "key_name": "tempest-TestNetworkBasicOps-1714816974", "image": {"id": "940f4780-fae0-474f-b356-69255e0f8c27", "links": [{"href": "http://10.4.1.3:8774/5861998ab2f4471e993ca4e3abfc83aa/images/940f4780-fae0-474f-b356-69255e0f8c27", "rel": "bookmark"}]}, "OS-EXT-STS:task_state": "spawning", "OS-EXT-STS:vm_state": "building", "OS-SRV-USG:launched_at": null, "flavor": {"id": "42", "links": [{"href": "http://10.4.1.3:8774/5861998ab2f4471e993ca4e3abfc83aa/flavors/42", "rel": "bookmark"}]}, "id": "ff037666-f736-406e-b535-5e6fe41d3493", "security_groups": [{"name": "tempest-secgroup-smoke-388456020"}], "OS-SRV-USG:terminated_at": null, "OS-EXT-AZ:availability_zone": "nova", "user_id": "097277fa694a4abfafbcee567ad984fb", "name": "tempest-server-smoke-355267340", "created": "2016-01-25T01:09:36Z", "tenant_id": "5861998ab2f4471e993ca4e3abfc83aa", "OS-DCF:diskConfig": "MANUAL", "os-extended-volumes:volumes_attached": [], "accessIPv4": "", "accessIPv6": "", "progress": 0, "OS-EXT-STS:power_state": 0, "config_drive": "", "metadata": {}}}
2016-01-25 01:09:39,016 14513 INFO     [tempest.common.waiters] State transition "BUILD/scheduling" ==&gt; "BUILD/spawning" after 2 second wait
2016-01-25 01:09:40,697 14513 INFO     [tempest_lib.common.rest_client] Request (TestNetworkBasicOps:test_update_instance_port_admin_state): 200 GET http://10.4.1.3:8774/v2.1/5861998ab2f4471e993ca4e3abfc83aa/servers/ff037666-f736-406e-b535-5e6fe41d3493 0.680s
2016-01-25 01:09:40,698 14513 DEBUG    [tempest_lib.common.rest_client] Request - Headers: {'Content-Type': 'application/json', 'Accept': 'application/json', 'X-Auth-Token': '&lt;omitted&gt;'}
        Body: None
    Response - Headers: {'status': '200', 'content-length': '1465', 'content-location': 'http://10.4.1.3:8774/v2.1/5861998ab2f4471e993ca4e3abfc83aa/servers/ff037666-f736-406e-b535-5e6fe41d3493', 'x-compute-request-id': 'req-952fdc3f-e357-495f-a4a2-e463bc5d56b7', 'vary': 'X-OpenStack-Nova-API-Version', 'connection': 'close', 'x-openstack-nova-api-version': '2.1', 'date': 'Mon, 25 Jan 2016 01:09:40 GMT', 'content-type': 'application/json'}
        Body: {"server": {"status": "BUILD", "updated": "2016-01-25T01:09:37Z", "hostId": "365aa2813f3d5563c3ea4ed7bdb447f595fe9892046ce0cb7253cec8", "addresses": {}, "links": [{"href": "http://10.4.1.3:8774/v2.1/5861998ab2f4471e993ca4e3abfc83aa/servers/ff037666-f736-406e-b535-5e6fe41d3493", "rel": "self"}, {"href": "http://10.4.1.3:8774/5861998ab2f4471e993ca4e3abfc83aa/servers/ff037666-f736-406e-b535-5e6fe41d3493", "rel": "bookmark"}], "key_name": "tempest-TestNetworkBasicOps-1714816974", "image": {"id": "940f4780-fae0-474f-b356-69255e0f8c27", "links": [{"href": "http://10.4.1.3:8774/5861998ab2f4471e993ca4e3abfc83aa/images/940f4780-fae0-474f-b356-69255e0f8c27", "rel": "bookmark"}]}, "OS-EXT-STS:task_state": "spawning", "OS-EXT-STS:vm_state": "building", "OS-SRV-USG:launched_at": null, "flavor": {"id": "42", "links": [{"href": "http://10.4.1.3:8774/5861998ab2f4471e993ca4e3abfc83aa/flavors/42", "rel": "bookmark"}]}, "id": "ff037666-f736-406e-b535-5e6fe41d3493", "security_groups": [{"name": "tempest-secgroup-smoke-388456020"}], "OS-SRV-USG:terminated_at": null, "OS-EXT-AZ:availability_zone": "nova", "user_id": "097277fa694a4abfafbcee567ad984fb", "name": "tempest-server-smoke-355267340", "created": "2016-01-25T01:09:36Z", "tenant_id": "5861998ab2f4471e993ca4e3abfc83aa", "OS-DCF:diskConfig": "MANUAL", "os-extended-volumes:volumes_attached": [], "accessIPv4": "", "accessIPv6": "", "progress": 0, "OS-EXT-STS:power_state": 0, "config_drive": "", "metadata": {}}}
2016-01-25 01:09:42,335 14513 INFO     [tempest_lib.common.rest_client] Request (TestNetworkBasicOps:test_update_instance_port_admin_state): 200 GET http://10.4.1.3:8774/v2.1/5861998ab2f4471e993ca4e3abfc83aa/servers/ff037666-f736-406e-b535-5e6fe41d3493 0.627s
2016-01-25 01:09:42,335 14513 DEBUG    [tempest_lib.common.rest_client] Request - Headers: {'Content-Type': 'application/json', 'Accept': 'application/json', 'X-Auth-Token': '&lt;omitted&gt;'}
        Body: None
    Response - Headers: {'status': '200', 'content-length': '1636', 'content-location': 'http://10.4.1.3:8774/v2.1/5861998ab2f4471e993ca4e3abfc83aa/servers/ff037666-f736-406e-b535-5e6fe41d3493', 'x-compute-request-id': 'req-07b5a962-a581-48e3-b0fc-4c478a1e18d6', 'vary': 'X-OpenStack-Nova-API-Version', 'connection': 'close', 'x-openstack-nova-api-version': '2.1', 'date': 'Mon, 25 Jan 2016 01:09:42 GMT', 'content-type': 'application/json'}
        Body: {"server": {"status": "ACTIVE", "updated": "2016-01-25T01:09:40Z", "hostId": "365aa2813f3d5563c3ea4ed7bdb447f595fe9892046ce0cb7253cec8", "addresses": {"tempest-network-smoke--457827497": [{"OS-EXT-IPS-MAC:mac_addr": "fa:16:3e:3c:c4:8d", "version": 4, "addr": "10.100.0.3", "OS-EXT-IPS:type": "fixed"}]}, "links": [{"href": "http://10.4.1.3:8774/v2.1/5861998ab2f4471e993ca4e3abfc83aa/servers/ff037666-f736-406e-b535-5e6fe41d3493", "rel": "self"}, {"href": "http://10.4.1.3:8774/5861998ab2f4471e993ca4e3abfc83aa/servers/ff037666-f736-406e-b535-5e6fe41d3493", "rel": "bookmark"}], "key_name": "tempest-TestNetworkBasicOps-1714816974", "image": {"id": "940f4780-fae0-474f-b356-69255e0f8c27", "links": [{"href": "http://10.4.1.3:8774/5861998ab2f4471e993ca4e3abfc83aa/images/940f4780-fae0-474f-b356-69255e0f8c27", "rel": "bookmark"}]}, "OS-EXT-STS:task_state": null, "OS-EXT-STS:vm_state": "active", "OS-SRV-USG:launched_at": "2016-01-25T01:09:40.000000", "flavor": {"id": "42", "links": [{"href": "http://10.4.1.3:8774/5861998ab2f4471e993ca4e3abfc83aa/flavors/42", "rel": "bookmark"}]}, "id": "ff037666-f736-406e-b535-5e6fe41d3493", "security_groups": [{"name": "tempest-secgroup-smoke-388456020"}], "OS-SRV-USG:terminated_at": null, "OS-EXT-AZ:availability_zone": "nova", "user_id": "097277fa694a4abfafbcee567ad984fb", "name": "tempest-server-smoke-355267340", "created": "2016-01-25T01:09:36Z", "tenant_id": "5861998ab2f4471e993ca4e3abfc83aa", "OS-DCF:diskConfig": "MANUAL", "os-extended-volumes:volumes_attached": [], "accessIPv4": "", "accessIPv6": "", "progress": 0, "OS-EXT-STS:power_state": 1, "config_drive": "True", "metadata": {}}}
2016-01-25 01:09:42,344 14513 INFO     [tempest.common.waiters] State transition "BUILD/spawning" ==&gt; "ACTIVE/None" after 5 second wait
2016-01-25 01:09:42,918 14513 INFO     [tempest_lib.common.rest_client] Request (TestNetworkBasicOps:test_update_instance_port_admin_state): 200 GET http://10.4.1.3:8774/v2.1/5861998ab2f4471e993ca4e3abfc83aa/servers/ff037666-f736-406e-b535-5e6fe41d3493 0.573s
2016-01-25 01:09:42,918 14513 DEBUG    [tempest_lib.common.rest_client] Request - Headers: {'Content-Type': 'application/json', 'Accept': 'application/json', 'X-Auth-Token': '&lt;omitted&gt;'}
        Body: None
    Response - Headers: {'status': '200', 'content-length': '1636', 'content-location': 'http://10.4.1.3:8774/v2.1/5861998ab2f4471e993ca4e3abfc83aa/servers/ff037666-f736-406e-b535-5e6fe41d3493', 'x-compute-request-id': 'req-0fe434e5-1f43-45af-aae5-793f517b8d16', 'vary': 'X-OpenStack-Nova-API-Version', 'connection': 'close', 'x-openstack-nova-api-version': '2.1', 'date': 'Mon, 25 Jan 2016 01:09:42 GMT', 'content-type': 'application/json'}
        Body: {"server": {"status": "ACTIVE", "updated": "2016-01-25T01:09:40Z", "hostId": "365aa2813f3d5563c3ea4ed7bdb447f595fe9892046ce0cb7253cec8", "addresses": {"tempest-network-smoke--457827497": [{"OS-EXT-IPS-MAC:mac_addr": "fa:16:3e:3c:c4:8d", "version": 4, "addr": "10.100.0.3", "OS-EXT-IPS:type": "fixed"}]}, "links": [{"href": "http://10.4.1.3:8774/v2.1/5861998ab2f4471e993ca4e3abfc83aa/servers/ff037666-f736-406e-b535-5e6fe41d3493", "rel": "self"}, {"href": "http://10.4.1.3:8774/5861998ab2f4471e993ca4e3abfc83aa/servers/ff037666-f736-406e-b535-5e6fe41d3493", "rel": "bookmark"}], "key_name": "tempest-TestNetworkBasicOps-1714816974", "image": {"id": "940f4780-fae0-474f-b356-69255e0f8c27", "links": [{"href": "http://10.4.1.3:8774/5861998ab2f4471e993ca4e3abfc83aa/images/940f4780-fae0-474f-b356-69255e0f8c27", "rel": "bookmark"}]}, "OS-EXT-STS:task_state": null, "OS-EXT-STS:vm_state": "active", "OS-SRV-USG:launched_at": "2016-01-25T01:09:40.000000", "flavor": {"id": "42", "links": [{"href": "http://10.4.1.3:8774/5861998ab2f4471e993ca4e3abfc83aa/flavors/42", "rel": "bookmark"}]}, "id": "ff037666-f736-406e-b535-5e6fe41d3493", "security_groups": [{"name": "tempest-secgroup-smoke-388456020"}], "OS-SRV-USG:terminated_at": null, "OS-EXT-AZ:availability_zone": "nova", "user_id": "097277fa694a4abfafbcee567ad984fb", "name": "tempest-server-smoke-355267340", "created": "2016-01-25T01:09:36Z", "tenant_id": "5861998ab2f4471e993ca4e3abfc83aa", "OS-DCF:diskConfig": "MANUAL", "os-extended-volumes:volumes_attached": [], "accessIPv4": "", "accessIPv6": "", "progress": 0, "OS-EXT-STS:power_state": 1, "config_drive": "True", "metadata": {}}}
2016-01-25 01:09:42,927 14513 INFO     [tempest.scenario.manager] Tenant networks not configured to be reachable.
2016-01-25 01:09:43,088 14513 INFO     [tempest_lib.common.rest_client] Request (TestNetworkBasicOps:test_update_instance_port_admin_state): 200 GET http://10.4.1.3:9696/v2.0/ports?status=ACTIVE&amp;fixed_ip=None&amp;device_id=ff037666-f736-406e-b535-5e6fe41d3493 0.161s
2016-01-25 01:09:43,089 14513 DEBUG    [tempest_lib.common.rest_client] Request - Headers: {'Content-Type': 'application/json', 'Accept': 'application/json', 'X-Auth-Token': '&lt;omitted&gt;'}
        Body: None
    Response - Headers: {'status': '200', 'content-length': '895', 'content-location': 'http://10.4.1.3:9696/v2.0/ports?status=ACTIVE&amp;fixed_ip=None&amp;device_id=ff037666-f736-406e-b535-5e6fe41d3493', 'connection': 'close', 'date': 'Mon, 25 Jan 2016 01:09:43 GMT', 'content-type': 'application/json; charset=UTF-8', 'x-openstack-request-id': 'req-4a1e704d-9e99-4e03-a2b4-ea0cf2fe3eea'}
        Body: {"ports": [{"status": "ACTIVE", "binding:host_id": "vagrant-ubuntu-trusty-64", "allowed_address_pairs": [], "extra_dhcp_opts": [], "dns_assignment": [{"hostname": "host-10-100-0-3", "ip_address": "10.100.0.3", "fqdn": "host-10-100-0-3.openstacklocal."}], "device_owner": "compute:None", "port_security_enabled": true, "binding:profile": {}, "fixed_ips": [{"subnet_id": "4bc7babb-687d-4ccd-833d-a1489b5352c4", "ip_address": "10.100.0.3"}], "id": "c0002173-99ea-4fbb-8671-616fd77f7e67", "security_groups": ["c94171b0-370e-43ab-932e-aeee5b8683da"], "device_id": "ff037666-f736-406e-b535-5e6fe41d3493", "name": "", "admin_state_up": true, "network_id": "bff4dfb8-d8bc-4d30-b213-4c8b49546c23", "dns_name": "", "binding:vif_details": {"port_filter": true}, "binding:vnic_type": "normal", "binding:vif_type": "ovs", "tenant_id": "5861998ab2f4471e993ca4e3abfc83aa", "mac_address": "fa:16:3e:3c:c4:8d"}]}
2016-01-25 01:09:43,922 14513 INFO     [tempest_lib.common.rest_client] Request (TestNetworkBasicOps:test_update_instance_port_admin_state): 201 POST http://10.4.1.3:9696/v2.0/floatingips 0.832s
2016-01-25 01:09:43,922 14513 DEBUG    [tempest_lib.common.rest_client] Request - Headers: {'Content-Type': 'application/json', 'Accept': 'application/json', 'X-Auth-Token': '&lt;omitted&gt;'}
        Body: {"floatingip": {"floating_network_id": "2d7b10f9-f12a-4919-847a-686ff2d75463", "tenant_id": "5861998ab2f4471e993ca4e3abfc83aa", "fixed_ip_address": "10.100.0.3", "port_id": "c0002173-99ea-4fbb-8671-616fd77f7e67"}}
    Response - Headers: {'status': '201', 'content-length': '368', 'connection': 'close', 'date': 'Mon, 25 Jan 2016 01:09:43 GMT', 'content-type': 'application/json; charset=UTF-8', 'x-openstack-request-id': 'req-a990cab4-ec81-44f6-b891-bf4cf3882300'}
        Body: {"floatingip": {"floating_network_id": "2d7b10f9-f12a-4919-847a-686ff2d75463", "router_id": "3186dc2b-f265-42f8-a2ac-01eb7e4ee2dd", "fixed_ip_address": "10.100.0.3", "floating_ip_address": "172.24.4.16", "tenant_id": "5861998ab2f4471e993ca4e3abfc83aa", "status": "DOWN", "port_id": "c0002173-99ea-4fbb-8671-616fd77f7e67", "id": "9aea2d6f-1678-45d1-bc07-74092fa67b27"}}
2016-01-25 01:09:44,121 14513 INFO     [tempest_lib.common.rest_client] Request (TestNetworkBasicOps:test_update_instance_port_admin_state): 200 GET http://10.4.1.3:9696/v2.0/ports?device_id=ff037666-f736-406e-b535-5e6fe41d3493 0.197s
2016-01-25 01:09:44,122 14513 DEBUG    [tempest_lib.common.rest_client] Request - Headers: {'Content-Type': 'application/json', 'Accept': 'application/json', 'X-Auth-Token': '&lt;omitted&gt;'}
        Body: None
    Response - Headers: {'status': '200', 'content-length': '895', 'content-location': 'http://10.4.1.3:9696/v2.0/ports?device_id=ff037666-f736-406e-b535-5e6fe41d3493', 'connection': 'close', 'date': 'Mon, 25 Jan 2016 01:09:44 GMT', 'content-type': 'application/json; charset=UTF-8', 'x-openstack-request-id': 'req-f3db0741-4fde-479d-ab9f-3e912fc7d0df'}
        Body: {"ports": [{"status": "ACTIVE", "binding:host_id": "vagrant-ubuntu-trusty-64", "allowed_address_pairs": [], "extra_dhcp_opts": [], "dns_assignment": [{"hostname": "host-10-100-0-3", "ip_address": "10.100.0.3", "fqdn": "host-10-100-0-3.openstacklocal."}], "device_owner": "compute:None", "port_security_enabled": true, "binding:profile": {}, "fixed_ips": [{"subnet_id": "4bc7babb-687d-4ccd-833d-a1489b5352c4", "ip_address": "10.100.0.3"}], "id": "c0002173-99ea-4fbb-8671-616fd77f7e67", "security_groups": ["c94171b0-370e-43ab-932e-aeee5b8683da"], "device_id": "ff037666-f736-406e-b535-5e6fe41d3493", "name": "", "admin_state_up": true, "network_id": "bff4dfb8-d8bc-4d30-b213-4c8b49546c23", "dns_name": "", "binding:vif_details": {"port_filter": true}, "binding:vnic_type": "normal", "binding:vif_type": "ovs", "tenant_id": "5861998ab2f4471e993ca4e3abfc83aa", "mac_address": "fa:16:3e:3c:c4:8d"}]}
2016-01-25 01:09:44,275 14513 INFO     [tempest_lib.common.rest_client] Request (TestNetworkBasicOps:test_update_instance_port_admin_state): 200 GET http://10.4.1.3:9696/v2.0/floatingips/9aea2d6f-1678-45d1-bc07-74092fa67b27 0.152s
2016-01-25 01:09:44,275 14513 DEBUG    [tempest_lib.common.rest_client] Request - Headers: {'Content-Type': 'application/json', 'Accept': 'application/json', 'X-Auth-Token': '&lt;omitted&gt;'}
        Body: None
    Response - Headers: {'status': '200', 'content-length': '402', 'content-location': 'http://10.4.1.3:9696/v2.0/floatingips/9aea2d6f-1678-45d1-bc07-74092fa67b27', 'connection': 'close', 'date': 'Mon, 25 Jan 2016 01:09:44 GMT', 'content-type': 'application/json; charset=UTF-8', 'x-openstack-request-id': 'req-7942a9c9-a42c-4025-bd6c-a98fb36c1ee2'}
        Body: {"floatingip": {"floating_network_id": "2d7b10f9-f12a-4919-847a-686ff2d75463", "router_id": "3186dc2b-f265-42f8-a2ac-01eb7e4ee2dd", "fixed_ip_address": "10.100.0.3", "floating_ip_address": "172.24.4.16", "dns_name": "", "tenant_id": "5861998ab2f4471e993ca4e3abfc83aa", "status": "DOWN", "port_id": "c0002173-99ea-4fbb-8671-616fd77f7e67", "id": "9aea2d6f-1678-45d1-bc07-74092fa67b27", "dns_domain": ""}}
2016-01-25 01:09:45,425 14513 INFO     [tempest_lib.common.rest_client] Request (TestNetworkBasicOps:test_update_instance_port_admin_state): 200 GET http://10.4.1.3:9696/v2.0/floatingips/9aea2d6f-1678-45d1-bc07-74092fa67b27 0.148s
2016-01-25 01:09:45,426 14513 DEBUG    [tempest_lib.common.rest_client] Request - Headers: {'Content-Type': 'application/json', 'Accept': 'application/json', 'X-Auth-Token': '&lt;omitted&gt;'}
        Body: None
    Response - Headers: {'status': '200', 'content-length': '404', 'content-location': 'http://10.4.1.3:9696/v2.0/floatingips/9aea2d6f-1678-45d1-bc07-74092fa67b27', 'connection': 'close', 'date': 'Mon, 25 Jan 2016 01:09:45 GMT', 'content-type': 'application/json; charset=UTF-8', 'x-openstack-request-id': 'req-b0f03d32-3cba-49fe-812b-892066bb99ba'}
        Body: {"floatingip": {"floating_network_id": "2d7b10f9-f12a-4919-847a-686ff2d75463", "router_id": "3186dc2b-f265-42f8-a2ac-01eb7e4ee2dd", "fixed_ip_address": "10.100.0.3", "floating_ip_address": "172.24.4.16", "dns_name": "", "tenant_id": "5861998ab2f4471e993ca4e3abfc83aa", "status": "ACTIVE", "port_id": "c0002173-99ea-4fbb-8671-616fd77f7e67", "id": "9aea2d6f-1678-45d1-bc07-74092fa67b27", "dns_domain": ""}}
2016-01-25 01:09:45,426 14513 INFO     [tempest.scenario.manager] FloatingIP: &lt;"FloatingIP" addr="172.24.4.16" id="9aea2d6f-1678-45d1-bc07-74092fa67b27"&gt; is at status: ACTIVE
2016-01-25 01:09:45,426 14513 DEBUG    [tempest.scenario.manager] checking network connections to IP 172.24.4.16 with user: cirros
2016-01-25 01:09:45,426 14513 DEBUG    [tempest.scenario.manager] TestNetworkBasicOps:test_update_instance_port_admin_state begins to ping 172.24.4.16 in 120 sec and the expected result is reachable
2016-01-25 01:10:02,470 14513 DEBUG    [tempest.scenario.manager] TestNetworkBasicOps:test_update_instance_port_admin_state finishes ping 172.24.4.16 in 120 sec and the ping result is expected
2016-01-25 01:10:02,472 14513 INFO     [tempest_lib.common.ssh] Creating ssh connection to '172.24.4.16' as 'cirros' with public key authentication
2016-01-25 01:10:02,477 14513 WARNING  [tempest_lib.common.ssh] Failed to establish authenticated ssh connection to cirros@172.24.4.16 ([Errno None] Unable to connect to port 22 on  or 172.24.4.16). Number attempts: 1. Retry after 2 seconds.
2016-01-25 01:10:05,083 14513 INFO     [paramiko.transport] Connected (version 2.0, client dropbear_2012.55)
2016-01-25 01:10:05,423 14513 INFO     [paramiko.transport] Authentication (publickey) successful!
2016-01-25 01:10:05,434 14513 INFO     [tempest_lib.common.ssh] ssh connection to cirros@172.24.4.16 successfuly created
2016-01-25 01:10:05,993 14513 INFO     [tempest_lib.common.rest_client] Request (TestNetworkBasicOps:test_update_instance_port_admin_state): 200 PUT http://10.4.1.3:9696/v2.0/ports/c0002173-99ea-4fbb-8671-616fd77f7e67 0.440s
2016-01-25 01:10:05,993 14513 DEBUG    [tempest_lib.common.rest_client] Request - Headers: {'Content-Type': 'application/json', 'Accept': 'application/json', 'X-Auth-Token': '&lt;omitted&gt;'}
        Body: {"port": {"admin_state_up": false}}
    Response - Headers: {'status': '200', 'content-length': '750', 'connection': 'close', 'date': 'Mon, 25 Jan 2016 01:10:05 GMT', 'content-type': 'application/json; charset=UTF-8', 'x-openstack-request-id': 'req-db377f16-5e14-47ea-9d97-59effd353827'}
        Body: {"port": {"status": "ACTIVE", "name": "", "allowed_address_pairs": [], "admin_state_up": false, "network_id": "bff4dfb8-d8bc-4d30-b213-4c8b49546c23", "dns_name": "", "extra_dhcp_opts": [], "mac_address": "fa:16:3e:3c:c4:8d", "dns_assignment": [{"hostname": "host-10-100-0-3", "ip_address": "10.100.0.3", "fqdn": "host-10-100-0-3.openstacklocal."}], "binding:vnic_type": "normal", "device_owner": "compute:None", "tenant_id": "5861998ab2f4471e993ca4e3abfc83aa", "port_security_enabled": true, "fixed_ips": [{"subnet_id": "4bc7babb-687d-4ccd-833d-a1489b5352c4", "ip_address": "10.100.0.3"}], "id": "c0002173-99ea-4fbb-8671-616fd77f7e67", "security_groups": ["c94171b0-370e-43ab-932e-aeee5b8683da"], "device_id": "ff037666-f736-406e-b535-5e6fe41d3493"}}
2016-01-25 01:10:05,994 14513 DEBUG    [tempest.scenario.manager] checking network connections to IP 172.24.4.16 with user: cirros
2016-01-25 01:10:05,995 14513 DEBUG    [tempest.scenario.manager] TestNetworkBasicOps:test_update_instance_port_admin_state begins to ping 172.24.4.16 in 120 sec and the expected result is unreachable
2016-01-25 01:12:06,493 14513 DEBUG    [tempest.scenario.manager] TestNetworkBasicOps:test_update_instance_port_admin_state finishes ping 172.24.4.16 in 120 sec and the ping result is unexpected
2016-01-25 01:12:06,494 14513 ERROR    [tempest.scenario.manager] Public network connectivity check failed: after updating admin_state_up of instance port to False
2016-01-25 01:12:06.494 14513 ERROR tempest.scenario.manager Traceback (most recent call last):
2016-01-25 01:12:06.494 14513 ERROR tempest.scenario.manager   File "tempest/scenario/manager.py", line 610, in check_public_network_connectivity
2016-01-25 01:12:06.494 14513 ERROR tempest.scenario.manager     should_connect=should_connect)
2016-01-25 01:12:06.494 14513 ERROR tempest.scenario.manager   File "tempest/scenario/manager.py", line 594, in check_vm_connectivity
2016-01-25 01:12:06.494 14513 ERROR tempest.scenario.manager     msg=msg)
2016-01-25 01:12:06.494 14513 ERROR tempest.scenario.manager   File "/usr/local/lib/python2.7/dist-packages/unittest2/case.py", line 702, in assertTrue
2016-01-25 01:12:06.494 14513 ERROR tempest.scenario.manager     raise self.failureException(msg)
2016-01-25 01:12:06.494 14513 ERROR tempest.scenario.manager AssertionError: False is not true : ip address 172.24.4.16 is reachable
2016-01-25 01:12:06.494 14513 ERROR tempest.scenario.manager 
2016-01-25 01:12:06,891 14513 INFO     [tempest_lib.common.rest_client] Request (TestNetworkBasicOps:test_update_instance_port_admin_state): 200 POST http://10.4.1.3:8774/v2.1/5861998ab2f4471e993ca4e3abfc83aa/servers/ff037666-f736-406e-b535-5e6fe41d3493/action 0.394s
2016-01-25 01:12:06,892 14513 DEBUG    [tempest_lib.common.rest_client] Request - Headers: {'Content-Type': 'application/json', 'Accept': 'application/json', 'X-Auth-Token': '&lt;omitted&gt;'}
        Body: {"os-getConsoleOutput": {}}
    Response - Headers: {'status': '200', 'content-length': '19827', 'x-compute-request-id': 'req-2bfbbef1-31d1-4e98-a0b3-0a24d52288f7', 'vary': 'X-OpenStack-Nova-API-Version', 'connection': 'close', 'x-openstack-nova-api-version': '2.1', 'date': 'Mon, 25 Jan 2016 01:12:06 GMT', 'content-type': 'application/json'}
        Body: {"output": "[    0.000000] Initializing cgroup subsys cpuset\n[    0.000000] Initializing cgroup subsys cpu\n[    0.000000] Linux version 3.2.0-80-virtual (buildd@batsu) (gcc version 4.6.3 (Ubuntu/Linaro 4.6.3-1ubuntu5) ) #116-Ubuntu SMP Mon Mar 23 17:28:52 UTC 2015 (Ubuntu 3.2.0-80.116-virtual 3.2.68)\n[    0.000000] Command line: root=/dev/vda console=tty0 console=ttyS0 no_timer_check\n[    0.000000] KERNEL supported cpus:\n[    0.000000]   Intel GenuineIntel\n[    0.000000]   AMD AuthenticAMD\n[    0.000000]   Centaur CentaurHauls\n[    0.000000] BIOS-provided physical RAM map:\n[    0.000000]  BIOS-e820: 0000000000000000 - 000000000009fc00 (usable)\n[    0.000000]  BIOS-e820: 000000000009fc00 - 00000000000a0000 (reserved)\n[    0.000000]  BIOS-e820: 00000000000f0000 - 0000000000100000 (reserved)\n[    0.000000]  BIOS-e820: 0000000000100000 - 0000000003ffe000 (usable)\n[    0.000000]  BIOS-e820: 0000000003ffe000 - 0000000004000000 (reserved)\n[    0.000000]  BIOS-e820: 00000000fffc0000 - 0000000100000000 (reserved)\n[    0.000000] NX (Execute Disable) protection: active\n[    0.000000] SMBIOS 2.4 present.\n[    0.000000] No AGP bridge found\n[    0.000000] last_pfn = 0x3ffe max_arch_pfn = 0x400000000\n[    0.000000] x86 PAT enabled: cpu 0, old 0x7040600070406, new 0x7010600070106\n[    0.000000] found SMP MP-table at [ffff8800000f0b00] f0b00\n[    0.000000] init_memory_mapping: 0000000000000000-0000000003ffe000\n[    0.000000] RAMDISK: 03c5e000 - 03ff0000\n[    0.000000] ACPI: RSDP 00000000000f0950 00014 (v00 BOCHS )\n[    0.000000] ACPI: RSDT 0000000003fffbc1 00034 (v01 BOCHS  BXPCRSDT 00000001 BXPC 00000001)\n[    0.000000] ACPI: FACP 0000000003fff1c0 00074 (v01 BOCHS  BXPCFACP 00000001 BXPC 00000001)\n[    0.000000] ACPI: DSDT 0000000003ffe040 01180 (v01 BOCHS  BXPCDSDT 00000001 BXPC 00000001)\n[    0.000000] ACPI: FACS 0000000003ffe000 00040\n[    0.000000] ACPI: SSDT 0000000003fff234 008DD (v01 BOCHS  BXPCSSDT 00000001 BXPC 00000001)\n[    0.000000] ACPI: APIC 0000000003fffb11 00078 (v01 BOCHS  BXPCAPIC 00000001 BXPC 00000001)\n[    0.000000] ACPI: HPET 0000000003fffb89 00038 (v01 BOCHS  BXPCHPET 00000001 BXPC 00000001)\n[    0.000000] No NUMA configuration found\n[    0.000000] Faking a node at 0000000000000000-0000000003ffe000\n[    0.000000] Initmem setup node 0 0000000000000000-0000000003ffe000\n[    0.000000]   NODE_DATA [0000000003ff6000 - 0000000003ffafff]\n[    0.000000] Zone PFN ranges:\n[    0.000000]   DMA      0x00000010 -&gt; 0x00001000\n[    0.000000]   DMA32    0x00001000 -&gt; 0x00100000\n[    0.000000]   Normal   empty\n[    0.000000] Movable zone start PFN for each node\n[    0.000000] early_node_map[2] active PFN ranges\n[    0.000000]     0: 0x00000010 -&gt; 0x0000009f\n[    0.000000]     0: 0x00000100 -&gt; 0x00003ffe\n[    0.000000] ACPI: PM-Timer IO Port: 0xb008\n[    0.000000] ACPI: LAPIC (acpi_id[0x00] lapic_id[0x00] enabled)\n[    0.000000] ACPI: LAPIC_NMI (acpi_id[0xff] dfl dfl lint[0x1])\n[    0.000000] ACPI: IOAPIC (id[0x00] address[0xfec00000] gsi_base[0])\n[    0.000000] IOAPIC[0]: apic_id 0, version 17, address 0xfec00000, GSI 0-23\n[    0.000000] ACPI: INT_SRC_OVR (bus 0 bus_irq 0 global_irq 2 dfl dfl)\n[    0.000000] ACPI: INT_SRC_OVR (bus 0 bus_irq 5 global_irq 5 high level)\n[    0.000000] ACPI: INT_SRC_OVR (bus 0 bus_irq 9 global_irq 9 high level)\n[    0.000000] ACPI: INT_SRC_OVR (bus 0 bus_irq 10 global_irq 10 high level)\n[    0.000000] ACPI: INT_SRC_OVR (bus 0 bus_irq 11 global_irq 11 high level)\n[    0.000000] Using ACPI (MADT) for SMP configuration information\n[    0.000000] ACPI: HPET id: 0x8086a201 base: 0xfed00000\n[    0.000000] SMP: Allowing 1 CPUs, 0 hotplug CPUs\n[    0.000000] PM: Registered nosave memory: 000000000009f000 - 00000000000a0000\n[    0.000000] PM: Registered nosave memory: 00000000000a0000 - 00000000000f0000\n[    0.000000] PM: Registered nosave memory: 00000000000f0000 - 0000000000100000\n[    0.000000] Allocating PCI resources starting at 4000000 (gap: 4000000:fbfc0000)\n[    0.000000] Booting paravirtualized kernel on bare hardware\n[    0.000000] setup_pe
2016-01-25 01:12:06,897 14513 DEBUG    [tempest.scenario.manager] Console output for ff037666-f736-406e-b535-5e6fe41d3493
body=
[    0.000000] Initializing cgroup subsys cpuset
[    0.000000] Initializing cgroup subsys cpu
[    0.000000] Linux version 3.2.0-80-virtual (buildd@batsu) (gcc version 4.6.3 (Ubuntu/Linaro 4.6.3-1ubuntu5) ) #116-Ubuntu SMP Mon Mar 23 17:28:52 UTC 2015 (Ubuntu 3.2.0-80.116-virtual 3.2.68)
[    0.000000] Command line: root=/dev/vda console=tty0 console=ttyS0 no_timer_check
[    0.000000] KERNEL supported cpus:
[    0.000000]   Intel GenuineIntel
[    0.000000]   AMD AuthenticAMD
[    0.000000]   Centaur CentaurHauls
[    0.000000] BIOS-provided physical RAM map:
[    0.000000]  BIOS-e820: 0000000000000000 - 000000000009fc00 (usable)
[    0.000000]  BIOS-e820: 000000000009fc00 - 00000000000a0000 (reserved)
[    0.000000]  BIOS-e820: 00000000000f0000 - 0000000000100000 (reserved)
[    0.000000]  BIOS-e820: 0000000000100000 - 0000000003ffe000 (usable)
[    0.000000]  BIOS-e820: 0000000003ffe000 - 0000000004000000 (reserved)
[    0.000000]  BIOS-e820: 00000000fffc0000 - 0000000100000000 (reserved)
[    0.000000] NX (Execute Disable) protection: active
[    0.000000] SMBIOS 2.4 present.
[    0.000000] No AGP bridge found
[    0.000000] last_pfn = 0x3ffe max_arch_pfn = 0x400000000
[    0.000000] x86 PAT enabled: cpu 0, old 0x7040600070406, new 0x7010600070106
[    0.000000] found SMP MP-table at [ffff8800000f0b00] f0b00
[    0.000000] init_memory_mapping: 0000000000000000-0000000003ffe000
[    0.000000] RAMDISK: 03c5e000 - 03ff0000
[    0.000000] ACPI: RSDP 00000000000f0950 00014 (v00 BOCHS )
[    0.000000] ACPI: RSDT 0000000003fffbc1 00034 (v01 BOCHS  BXPCRSDT 00000001 BXPC 00000001)
[    0.000000] ACPI: FACP 0000000003fff1c0 00074 (v01 BOCHS  BXPCFACP 00000001 BXPC 00000001)
[    0.000000] ACPI: DSDT 0000000003ffe040 01180 (v01 BOCHS  BXPCDSDT 00000001 BXPC 00000001)
[    0.000000] ACPI: FACS 0000000003ffe000 00040
[    0.000000] ACPI: SSDT 0000000003fff234 008DD (v01 BOCHS  BXPCSSDT 00000001 BXPC 00000001)
[    0.000000] ACPI: APIC 0000000003fffb11 00078 (v01 BOCHS  BXPCAPIC 00000001 BXPC 00000001)
[    0.000000] ACPI: HPET 0000000003fffb89 00038 (v01 BOCHS  BXPCHPET 00000001 BXPC 00000001)
[    0.000000] No NUMA configuration found
[    0.000000] Faking a node at 0000000000000000-0000000003ffe000
[    0.000000] Initmem setup node 0 0000000000000000-0000000003ffe000
[    0.000000]   NODE_DATA [0000000003ff6000 - 0000000003ffafff]
[    0.000000] Zone PFN ranges:
[    0.000000]   DMA      0x00000010 -&gt; 0x00001000
[    0.000000]   DMA32    0x00001000 -&gt; 0x00100000
[    0.000000]   Normal   empty
[    0.000000] Movable zone start PFN for each node
[    0.000000] early_node_map[2] active PFN ranges
[    0.000000]     0: 0x00000010 -&gt; 0x0000009f
[    0.000000]     0: 0x00000100 -&gt; 0x00003ffe
[    0.000000] ACPI: PM-Timer IO Port: 0xb008
[    0.000000] ACPI: LAPIC (acpi_id[0x00] lapic_id[0x00] enabled)
[    0.000000] ACPI: LAPIC_NMI (acpi_id[0xff] dfl dfl lint[0x1])
[    0.000000] ACPI: IOAPIC (id[0x00] address[0xfec00000] gsi_base[0])
[    0.000000] IOAPIC[0]: apic_id 0, version 17, address 0xfec00000, GSI 0-23
[    0.000000] ACPI: INT_SRC_OVR (bus 0 bus_irq 0 global_irq 2 dfl dfl)
[    0.000000] ACPI: INT_SRC_OVR (bus 0 bus_irq 5 global_irq 5 high level)
[    0.000000] ACPI: INT_SRC_OVR (bus 0 bus_irq 9 global_irq 9 high level)
[    0.000000] ACPI: INT_SRC_OVR (bus 0 bus_irq 10 global_irq 10 high level)
[    0.000000] ACPI: INT_SRC_OVR (bus 0 bus_irq 11 global_irq 11 high level)
[    0.000000] Using ACPI (MADT) for SMP configuration information
[    0.000000] ACPI: HPET id: 0x8086a201 base: 0xfed00000
[    0.000000] SMP: Allowing 1 CPUs, 0 hotplug CPUs
[    0.000000] PM: Registered nosave memory: 000000000009f000 - 00000000000a0000
[    0.000000] PM: Registered nosave memory: 00000000000a0000 - 00000000000f0000
[    0.000000] PM: Registered nosave memory: 00000000000f0000 - 0000000000100000
[    0.000000] Allocating PCI resources starting at 4000000 (gap: 4000000:fbfc0000)
[    0.000000] Booting paravirtualized kernel on bare hardware
[    0.000000] setup_percpu: NR_CPUS:64 nr_cpumask_bits:64 nr_cpu_ids:1 nr_node_ids:1
[    0.000000] PERCPU: Embedded 27 pages/cpu @ffff880003a00000 s78848 r8192 d23552 u2097152
[    0.000000] Built 1 zonelists in Node order, mobility grouping on.  Total pages: 16008
[    0.000000] Policy zone: DMA32
[    0.000000] Kernel command line: root=/dev/vda console=tty0 console=ttyS0 no_timer_check
[    0.000000] PID hash table entries: 256 (order: -1, 2048 bytes)
[    0.000000] Checking aperture...
[    0.000000] No AGP bridge found
[    0.000000] Memory: 43492k/65528k available (6576k kernel code, 452k absent, 21584k reserved, 6620k data, 928k init)
[    0.000000] SLUB: Genslabs=15, HWalign=64, Order=0-3, MinObjects=0, CPUs=1, Nodes=1
[    0.000000] Hierarchical RCU implementation.
[    0.000000] 	RCU dyntick-idle grace-period acceleration is enabled.
[    0.000000] NR_IRQS:4352 nr_irqs:256 16
[    0.000000] Console: colour VGA+ 80x25
[    0.000000] console [tty0] enabled
[    0.000000] console [ttyS0] enabled
[    0.000000] allocated 1048576 bytes of page_cgroup
[    0.000000] please try 'cgroup_disable=memory' option if you don't want memory cgroups
[    0.000000] Fast TSC calibration failed
[    0.000000] TSC: Unable to calibrate against PIT
[    0.000000] TSC: using HPET reference calibration
[    0.000000] Detected 2293.067 MHz processor.
[    0.032692] Calibrating delay loop (skipped), value calculated using timer frequency.. 4586.13 BogoMIPS (lpj=9172268)
[    0.036675] pid_max: default: 32768 minimum: 301
[    0.045479] Security Framework initialized
[    0.048827] AppArmor: AppArmor initialized
[    0.052186] Yama: becoming mindful.
[    0.061674] Dentry cache hash table entries: 8192 (order: 4, 65536 bytes)
[    0.064718] Inode-cache hash table entries: 4096 (order: 3, 32768 bytes)
[    0.066425] Mount-cache hash table entries: 256
[    0.081339] Initializing cgroup subsys cpuacct
[    0.082215] Initializing cgroup subsys memory
[    0.084288] Initializing cgroup subsys devices
[    0.085081] Initializing cgroup subsys freezer
[    0.085816] Initializing cgroup subsys blkio
[    0.086531] Initializing cgroup subsys perf_event
[    0.090614] mce: CPU supports 10 MCE banks
[    0.094294] SMP alternatives: switching to UP code
[    0.490176] Freeing SMP alternatives: 24k freed
[    0.493048] ACPI: Core revision 20110623
[    0.554553] ftrace: allocating 26610 entries in 105 pages
[    0.588036] ..TIMER: vector=0x30 apic1=0 pin1=2 apic2=-1 pin2=-1
[    0.588158] CPU0: AMD QEMU Virtual CPU version 2.0.0 stepping 03
[    0.596036] Performance Events: Broken PMU hardware detected, using software events only.
[    0.606465] NMI watchdog disabled (cpu0): hardware events not enabled
[    0.608401] Brought up 1 CPUs
[    0.608994] Total of 1 processors activated (4586.13 BogoMIPS).
[    0.636482] devtmpfs: initialized
[    0.670805] EVM: security.selinux
[    0.671245] EVM: security.SMACK64
[    0.672084] EVM: security.capability
[    0.693351] print_constraints: dummy: 
[    0.694963] RTC time:  1:09:44, date: 01/25/16
[    0.697583] NET: Registered protocol family 16
[    0.705744] ACPI: bus type pci registered
[    0.708621] PCI: Using configuration type 1 for base access
[    0.738359] bio: create slab &lt;bio-0&gt; at 0
[    0.742988] ACPI: Added _OSI(Module Device)
[    0.744128] ACPI: Added _OSI(Processor Device)
[    0.744663] ACPI: Added _OSI(3.0 _SCP Extensions)
[    0.745209] ACPI: Added _OSI(Processor Aggregator Device)
[    0.820533] ACPI: Interpreter enabled
[    0.821154] ACPI: (supports S0 S3 S4 S5)
[    0.823152] ACPI: Using IOAPIC for interrupt routing
[    0.898217] ACPI: No dock devices found.
[    0.898956] HEST: Table not found.
[    0.899673] PCI: Using host bridge windows from ACPI; if necessary, use "pci=nocrs" and report a bug
[    0.906426] ACPI: PCI Root Bridge [PCI0] (domain 0000 [bus 00-ff])
[    0.912927] pci_root PNP0A03:00: host bridge window [io  0x0000-0x0cf7]
[    0.913920] pci_root PNP0A03:00: host bridge window [io  0x0d00-0xadff]
[    0.914774] pci_root PNP0A03:00: host bridge window [io  0xae0f-0xaeff]
[    0.916111] pci_root PNP0A03:00: host bridge window [io  0xaf20-0xafdf]
[    0.916888] pci_root PNP0A03:00: host bridge window [io  0xafe4-0xffff]
[    0.917917] pci_root PNP0A03:00: host bridge window [mem 0x000a0000-0x000bffff]
[    0.920109] pci_root PNP0A03:00: host bridge window [mem 0x04000000-0xfebfffff]
[    0.942021] pci 0000:00:01.3: quirk: [io  0xb000-0xb03f] claimed by PIIX4 ACPI
[    0.944171] pci 0000:00:01.3: quirk: [io  0xb100-0xb10f] claimed by PIIX4 SMB
[    1.013198]  pci0000:00: Unable to request _OSC control (_OSC support mask: 0x1e)
[    1.089709] ACPI: PCI Interrupt Link [LNKA] (IRQs 5 *10 11)
[    1.093046] ACPI: PCI Interrupt Link [LNKB] (IRQs 5 *10 11)
[    1.094933] ACPI: PCI Interrupt Link [LNKC] (IRQs 5 10 *11)
[    1.097452] ACPI: PCI Interrupt Link [LNKD] (IRQs 5 10 *11)
[    1.098817] ACPI: PCI Interrupt Link [LNKS] (IRQs *9)
[    1.106316] vgaarb: device added: PCI:0000:00:02.0,decodes=io+mem,owns=io+mem,locks=none
[    1.107313] vgaarb: loaded
[    1.108166] vgaarb: bridge control possible 0000:00:02.0
[    1.112441] i2c-core: driver [aat2870] using legacy suspend method
[    1.113124] i2c-core: driver [aat2870] using legacy resume method
[    1.116141] SCSI subsystem initialized
[    1.118862] usbcore: registered new interface driver usbfs
[    1.120591] usbcore: registered new interface driver hub
[    1.121706] usbcore: registered new device driver usb
[    1.125586] PCI: Using ACPI for IRQ routing
[    1.136246] NetLabel: Initializing
[    1.136678] NetLabel:  domain hash size = 128
[    1.137149] NetLabel:  protocols = UNLABELED CIPSOv4
[    1.139049] NetLabel:  unlabeled traffic allowed by default
[    1.141413] HPET: 3 timers in total, 0 timers will be used for per-cpu timer
[    1.142614] hpet0: at MMIO 0xfed00000, IRQs 2, 8, 0
[    1.144260] hpet0: 3 comparators, 64-bit 100.000000 MHz counter
[    1.154609] Switching to clocksource hpet
[    1.407383] AppArmor: AppArmor Filesystem Enabled
[    1.409707] pnp: PnP ACPI init
[    1.410360] ACPI: bus type pnp registered
[    1.429933] pnp: PnP ACPI: found 9 devices
[    1.430468] ACPI: ACPI bus type pnp unregistered
[    1.495652] NET: Registered protocol family 2
[    1.537296] IP route cache hash table entries: 512 (order: 0, 4096 bytes)
[    1.545747] TCP established hash table entries: 2048 (order: 3, 32768 bytes)
[    1.547137] TCP bind hash table entries: 2048 (order: 3, 32768 bytes)
[    1.548070] TCP: Hash tables configured (established 2048 bind 2048)
[    1.549661] TCP reno registered
[    1.550211] UDP hash table entries: 128 (order: 0, 4096 bytes)
[    1.551117] UDP-Lite hash table entries: 128 (order: 0, 4096 bytes)
[    1.554238] NET: Registered protocol family 1
[    1.555137] pci 0000:00:00.0: Limiting direct PCI/PCI transfers
[    1.555929] pci 0000:00:01.0: PIIX3: Enabling Passive Release
[    1.557772] pci 0000:00:01.0: Activating ISA DMA hang workarounds
[    1.563308] ACPI: PCI Interrupt Link [LNKD] enabled at IRQ 11
[    1.564458] pci 0000:00:01.2: PCI INT D -&gt; Link[LNKD] -&gt; GSI 11 (level, high) -&gt; IRQ 11
[    1.567180] pci 0000:00:01.2: PCI INT D disabled
[    1.584596] Trying to unpack rootfs image as initramfs...
[    1.611044] audit: initializing netlink socket (disabled)
[    1.613791] type=2000 audit(1453684184.608:1): initialized
[    1.879016] HugeTLB registered 2 MB page size, pre-allocated 0 pages
[    1.951948] VFS: Disk quotas dquot_6.5.2
[    1.954365] Dquot-cache hash table entries: 512 (order 0, 4096 bytes)
[    1.980040] fuse init (API version 7.17)
[    1.983617] msgmni has been set to 84
[    2.019451] Block layer SCSI generic (bsg) driver version 0.4 loaded (major 253)
[    2.022451] io scheduler noop registered
[    2.022988] io scheduler deadline registered (default)
[    2.024031] io scheduler cfq registered
[    2.027680] pci_hotplug: PCI Hot Plug PCI Core version: 0.5
[    2.030345] pciehp: PCI Express Hot Plug Controller Driver version: 0.4
[    2.036029] input: Power Button as /devices/LNXSYSTM:00/LNXPWRBN:00/input/input0
[    2.037976] ACPI: Power Button [PWRF]
[    2.097863] ERST: Table is not found!
[    2.098463] GHES: HEST is not enabled!
[    2.107950] ACPI: PCI Interrupt Link [LNKC] enabled at IRQ 10
[    2.110273] virtio-pci 0000:00:03.0: PCI INT A -&gt; Link[LNKC] -&gt; GSI 10 (level, high) -&gt; IRQ 10
[    2.115216] virtio-pci 0000:00:04.0: PCI INT A -&gt; Link[LNKD] -&gt; GSI 11 (level, high) -&gt; IRQ 11
[    2.134801] ACPI: PCI Interrupt Link [LNKA] enabled at IRQ 10
[    2.135534] virtio-pci 0000:00:05.0: PCI INT A -&gt; Link[LNKA] -&gt; GSI 10 (level, high) -&gt; IRQ 10
[    2.149642] Serial: 8250/16550 driver, 32 ports, IRQ sharing enabled
[    2.185389] serial8250: ttyS0 at I/O 0x3f8 (irq = 4) is a 16550A
[    2.261652] serial8250: ttyS1 at I/O 0x2f8 (irq = 3) is a 16550A
[    2.386034] 00:05: ttyS0 at I/O 0x3f8 (irq = 4) is a 16550A
[    2.464434] 00:06: ttyS1 at I/O 0x2f8 (irq = 3) is a 16550A
[    2.516009] Linux agpgart interface v0.103
[    2.573863] Refined TSC clocksource calibration: 2293.069 MHz.
[    2.574682] Switching to clocksource tsc
[    2.586780] brd: module loaded
[    2.614186] loop: module loaded
[    2.662191]  vda: unknown partition table
[    2.713693] scsi0 : ata_piix
[    2.715874] scsi1 : ata_piix
[    2.718195] ata1: PATA max MWDMA2 cmd 0x1f0 ctl 0x3f6 bmdma 0xc0a0 irq 14
[    2.719043] ata2: PATA max MWDMA2 cmd 0x170 ctl 0x376 bmdma 0xc0a8 irq 15
[    2.729801] Fixed MDIO Bus: probed
[    2.730631] tun: Universal TUN/TAP device driver, 1.6
[    2.731200] tun: (C) 1999-2004 Max Krasnyansky &lt;maxk@qualcomm.com&gt;
[    2.750126] PPP generic driver version 2.4.2
[    2.771222] ehci_hcd: USB 2.0 'Enhanced' Host Controller (EHCI) Driver
[    2.772092] ohci_hcd: USB 1.1 'Open' Host Controller (OHCI) Driver
[    2.774565] uhci_hcd: USB Universal Host Controller Interface driver
[    2.775572] uhci_hcd 0000:00:01.2: PCI INT D -&gt; Link[LNKD] -&gt; GSI 11 (level, high) -&gt; IRQ 11
[    2.778730] uhci_hcd 0000:00:01.2: UHCI Host Controller
[    2.794183] uhci_hcd 0000:00:01.2: new USB bus registered, assigned bus number 1
[    2.795667] uhci_hcd 0000:00:01.2: irq 11, io base 0x0000c040
[    2.820857] hub 1-0:1.0: USB hub found
[    2.823245] hub 1-0:1.0: 2 ports detected
[    2.830984] usbcore: registered new interface driver libusual
[    2.834409] i8042: PNP: PS/2 Controller [PNP0303:KBD,PNP0f13:MOU] at 0x60,0x64 irq 1,12
[    2.844550] serio: i8042 KBD port at 0x60,0x64 irq 1
[    2.846608] serio: i8042 AUX port at 0x60,0x64 irq 12
[    2.859023] mousedev: PS/2 mouse device common for all mice
[    2.866312] rtc_cmos 00:01: RTC can wake from S4
[    2.883463] rtc_cmos 00:01: rtc core: registered rtc_cmos as rtc0
[    2.888032] rtc0: alarms up to one day, 114 bytes nvram, hpet irqs
[    2.891595] device-mapper: uevent: version 1.0.3
[    2.905740] device-mapper: ioctl: 4.22.0-ioctl (2011-10-19) initialised: dm-devel@redhat.com
[    2.908666] cpuidle: using governor ladder
[    2.909840] cpuidle: using governor menu
[    2.910905] EFI Variables Facility v0.08 2004-May-17
[    2.921705] TCP cubic registered
[    2.925668] NET: Registered protocol family 10
[    2.955988] NET: Registered protocol family 17
[    2.958487] Registering the dns_resolver key type
[    2.993333] input: AT Translated Set 2 keyboard as /devices/platform/i8042/serio0/input/input1
[    3.007688] registered taskstats version 1
[    3.029128] ata2.01: ATAPI: QEMU DVD-ROM, 2.0.0, max UDMA/100
[    3.045861] ata2.01: configured for MWDMA2
[    3.085980] scsi 1:0:1:0: CD-ROM            QEMU     QEMU DVD-ROM     2.0. PQ: 0 ANSI: 5
[    3.112603] sr0: scsi3-mmc drive: 4x/4x cd/rw xa/form2 tray
[    3.115167] cdrom: Uniform CD-ROM driver Revision: 3.20
[    3.130411] sr 1:0:1:0: Attached scsi generic sg0 type 5
[    3.260383] Freeing initrd memory: 3656k freed
[    3.743707]   Magic number: 0:566:155
[    3.758783] bdi 1:7: hash matches
[    3.765533] rtc_cmos 00:01: setting system clock to 2016-01-25 01:09:47 UTC (1453684187)
[    3.769018] powernow-k8: Processor cpuid 663 not supported
[    3.775247] BIOS EDD facility v0.16 2004-Jun-25, 0 devices found
[    3.776015] EDD information not available.
[    3.837129] Freeing unused kernel memory: 928k freed
[    3.843525] Write protecting the kernel read-only data: 12288k
[    3.942065] Freeing unused kernel memory: 1596k freed
[    3.998012] Freeing unused kernel memory: 1184k freed

info: initramfs: up at 4.17
modprobe: module virtio_blk not found in modules.dep
modprobe: module virtio_net not found in modules.dep
info: copying initramfs to /dev/vda
info: initramfs loading root from /dev/vda
info: /etc/init.d/rc.sysinit: up at 8.64
info: container: none
Starting logging: OK
modprobe: module virtio_blk not found in modules.dep
modprobe: module virtio_net not found in modules.dep
WARN: /etc/rc3.d/S10-load-modules failed
Initializing random number generator... done.
Starting acpid: OK
cirros-ds 'local' up at 11.25
found datasource (configdrive, local)
Starting network...
udhcpc (v1.20.1) started
Sending discover...
Sending select for 10.100.0.3...
Lease of 10.100.0.3 obtained, lease time 86400
route: SIOCADDRT: File exists
WARN: failed: route add -net "0.0.0.0/0" gw "10.100.0.1"
Starting dropbear sshd: generating rsa key... generating dsa key... OK
no userdata for datasource
=== system information ===
Platform: OpenStack Foundation OpenStack Nova
Container: none
Arch: x86_64
CPU(s): 1 @ 2293.067 MHz
Cores/Sockets/Threads: 1/1/1
Virt-type: AMD-V
RAM Size: 49MB
Disks:
NAME MAJ:MIN     SIZE LABEL         MOUNTPOINT
vda  253:0   25165824 cirros-rootfs /
sr0   11:0     428032 config-2      
=== sshd host keys ===
-----BEGIN SSH HOST KEY KEYS-----
ssh-rsa AAAAB3NzaC1yc2EAAAADAQABAAAAgwCtxjcwgyAFW7F1ZtR7iM+KJwDJgAckcfbChB5rRHfwBT+x4HEFfWjsrCsSKOp800Cws5FJSKkwpstiz4RhRvaW+IV2gAZ7w0prtMrP1/A/jsXrBdGznwDQPS2vmBTDqkHbVCM7xc5NvDi5mCGAio4267tlz1jy/HxrleXbYpaz+TRb root@tempest-server-smoke-355267340
ssh-dss AAAAB3NzaC1kc3MAAACBAOz1UjYwVlobVOXH3znfFLJLp61uLkWMv+08B2nxUb6ZWrAR0Diz2Oe3vgvl30u1bqtEunEnRtJlTG8FxQwYwUm8ButWBj641BJ6qOIS8BnRDnDx+1SJd4WBajcepf8r4BIIdhOXTciJIaDJ5isIwtw1WZwaN8qiW2QArABK93tZAAAAFQDv0p0L36F0+fJ9AAziC5Z9E33PCQAAAIAbHV8yQGOmrzfZv6Fi0GOZpjTz7VU9tuXYXx8xjX7q67WvivvqfDdV0x2wQQcuJ+1hJpUBNqMPGepuQSBOaCA/G8HswL06xn6Drkn5uGVAMa5qj3pJn8mX82ieqmLk17Mo/pwrIy36F9zRuyU6alTHBd4mwHXezVf/pGacbLjzJQAAAIEA1Y34zn6NZzN7zNDODZlBCigYCAQI78JjiWBhfhugLotborphiq7lvWSSx2ZZpqExmGrmgXUmJZdbjCT+Vtg27RFlJhvhBxUyicpyKtzNZT7kPJAvBeAoil8J9q1lqmGqtA7DpBjL5djFoQng97tnUeYNT85goGCQcx66buuroIk= root@tempest-server-smoke-355267340
-----END SSH HOST KEY KEYS-----
=== network info ===
if-info: lo,up,127.0.0.1,8,::1
if-info: eth0,up,10.100.0.3,28,fe80::f816:3eff:fe3c:c48d
ip-route:default via 10.100.0.1 dev eth0 
ip-route:10.100.0.0/28 dev eth0  src 10.100.0.3 
ip-route:169.254.169.254 via 10.100.0.1 dev eth0 
=== datasource: configdrive local ===
instance-id: ff037666-f736-406e-b535-5e6fe41d3493
name: tempest-server-smoke-355267340
availability-zone: nova
local-hostname: tempest-server-smoke-355267340.novalocal
launch-index: 0
=== cirros: current=0.3.4 uptime=22.54 ===
  ____               ____  ____
 / __/ __ ____ ____ / __ \/ __/
/ /__ / // __// __// /_/ /\ \ 
\___//_//_/  /_/   \____/___/ 
   http://cirros-cloud.net


login as 'cirros' user. default password: 'cubswin:)'. use 'sudo' for root.
tempest-server-smoke-355267340 login: 
2016-01-25 01:12:07,435 14513 INFO     [tempest_lib.common.rest_client] Request (TestNetworkBasicOps:_run_cleanups): 204 DELETE http://10.4.1.3:9696/v2.0/floatingips/9aea2d6f-1678-45d1-bc07-74092fa67b27 0.533s
2016-01-25 01:12:07,435 14513 DEBUG    [tempest_lib.common.rest_client] Request - Headers: {'Content-Type': 'application/json', 'Accept': 'application/json', 'X-Auth-Token': '&lt;omitted&gt;'}
        Body: None
    Response - Headers: {'date': 'Mon, 25 Jan 2016 01:12:07 GMT', 'status': '204', 'connection': 'close', 'content-length': '0', 'x-openstack-request-id': 'req-3815617a-c18e-4ab6-86b4-c1784d2bb1d4'}
        Body: 
2016-01-25 01:12:07,830 14513 INFO     [tempest_lib.common.rest_client] Request (TestNetworkBasicOps:_run_cleanups): 204 DELETE http://10.4.1.3:8774/v2.1/5861998ab2f4471e993ca4e3abfc83aa/servers/ff037666-f736-406e-b535-5e6fe41d3493 0.394s
2016-01-25 01:12:07,831 14513 DEBUG    [tempest_lib.common.rest_client] Request - Headers: {'Content-Type': 'application/json', 'Accept': 'application/json', 'X-Auth-Token': '&lt;omitted&gt;'}
        Body: None
    Response - Headers: {'status': '204', 'content-length': '0', 'x-compute-request-id': 'req-82d9a380-42b9-4377-9506-83b3f7ebea92', 'vary': 'X-OpenStack-Nova-API-Version', 'connection': 'close', 'x-openstack-nova-api-version': '2.1', 'date': 'Mon, 25 Jan 2016 01:12:07 GMT', 'content-type': 'application/json'}
        Body: 
2016-01-25 01:12:08,478 14513 INFO     [tempest_lib.common.rest_client] Request (TestNetworkBasicOps:_run_cleanups): 200 GET http://10.4.1.3:8774/v2.1/5861998ab2f4471e993ca4e3abfc83aa/servers/ff037666-f736-406e-b535-5e6fe41d3493 0.646s
2016-01-25 01:12:08,478 14513 DEBUG    [tempest_lib.common.rest_client] Request - Headers: {'Content-Type': 'application/json', 'Accept': 'application/json', 'X-Auth-Token': '&lt;omitted&gt;'}
        Body: None
    Response - Headers: {'status': '200', 'content-length': '1760', 'content-location': 'http://10.4.1.3:8774/v2.1/5861998ab2f4471e993ca4e3abfc83aa/servers/ff037666-f736-406e-b535-5e6fe41d3493', 'x-compute-request-id': 'req-5d5a0930-e6bd-4305-8112-61e3ab7aef28', 'vary': 'X-OpenStack-Nova-API-Version', 'connection': 'close', 'x-openstack-nova-api-version': '2.1', 'date': 'Mon, 25 Jan 2016 01:12:08 GMT', 'content-type': 'application/json'}
        Body: {"server": {"status": "ACTIVE", "updated": "2016-01-25T01:12:07Z", "hostId": "365aa2813f3d5563c3ea4ed7bdb447f595fe9892046ce0cb7253cec8", "addresses": {"tempest-network-smoke--457827497": [{"OS-EXT-IPS-MAC:mac_addr": "fa:16:3e:3c:c4:8d", "version": 4, "addr": "10.100.0.3", "OS-EXT-IPS:type": "fixed"}, {"OS-EXT-IPS-MAC:mac_addr": "fa:16:3e:3c:c4:8d", "version": 4, "addr": "172.24.4.16", "OS-EXT-IPS:type": "floating"}]}, "links": [{"href": "http://10.4.1.3:8774/v2.1/5861998ab2f4471e993ca4e3abfc83aa/servers/ff037666-f736-406e-b535-5e6fe41d3493", "rel": "self"}, {"href": "http://10.4.1.3:8774/5861998ab2f4471e993ca4e3abfc83aa/servers/ff037666-f736-406e-b535-5e6fe41d3493", "rel": "bookmark"}], "key_name": "tempest-TestNetworkBasicOps-1714816974", "image": {"id": "940f4780-fae0-474f-b356-69255e0f8c27", "links": [{"href": "http://10.4.1.3:8774/5861998ab2f4471e993ca4e3abfc83aa/images/940f4780-fae0-474f-b356-69255e0f8c27", "rel": "bookmark"}]}, "OS-EXT-STS:task_state": "deleting", "OS-EXT-STS:vm_state": "active", "OS-SRV-USG:launched_at": "2016-01-25T01:09:40.000000", "flavor": {"id": "42", "links": [{"href": "http://10.4.1.3:8774/5861998ab2f4471e993ca4e3abfc83aa/flavors/42", "rel": "bookmark"}]}, "id": "ff037666-f736-406e-b535-5e6fe41d3493", "security_groups": [{"name": "tempest-secgroup-smoke-388456020"}], "OS-SRV-USG:terminated_at": null, "OS-EXT-AZ:availability_zone": "nova", "user_id": "097277fa694a4abfafbcee567ad984fb", "name": "tempest-server-smoke-355267340", "created": "2016-01-25T01:09:36Z", "tenant_id": "5861998ab2f4471e993ca4e3abfc83aa", "OS-DCF:diskConfig": "MANUAL", "os-extended-volumes:volumes_attached": [], "accessIPv4": "", "accessIPv6": "", "progress": 0, "OS-EXT-STS:power_state": 1, "config_drive": "True", "metadata": {}}}
2016-01-25 01:12:09,951 14513 INFO     [tempest_lib.common.rest_client] Request (TestNetworkBasicOps:_run_cleanups): 200 GET http://10.4.1.3:8774/v2.1/5861998ab2f4471e993ca4e3abfc83aa/servers/ff037666-f736-406e-b535-5e6fe41d3493 0.446s
