<?xml version="1.0" encoding="UTF-8"?>
<!DOCTYPE html PUBLIC "-//W3C//DTD XHTML 1.0 Strict//EN"
     "http://www.w3.org/TR/xhtml1/DTD/xhtml1-strict.dtd">
<html xmlns="http://www.w3.org/1999/xhtml">
<head>
    <title>Unit Test Report</title>
    <meta name="generator" content="subunit2html 0.1"/>
    <meta http-equiv="Content-Type" content="text/html; charset=UTF-8"/>
    
<style type="text/css" media="screen">
body        { font-family: verdana, arial, helvetica, sans-serif;
    font-size: 80%; }
table       { font-size: 100%; width: 100%;}
pre         { font-size: 80%; }

/* -- heading -------------------------------------------------------------- */
h1 {
        font-size: 16pt;
        color: gray;
}
.heading {
    margin-top: 0ex;
    margin-bottom: 1ex;
}

.heading .attribute {
    margin-top: 1ex;
    margin-bottom: 0;
}

.heading .description {
    margin-top: 4ex;
    margin-bottom: 6ex;
}

/* -- css div popup -------------------------------------------------------- */
a.popup_link {
}

a.popup_link:hover {
    color: red;
}

.popup_window {
    display: none;
    overflow-x: scroll;
    /*border: solid #627173 1px; */
    padding: 10px;
    background-color: #E6E6D6;
    font-family: "Ubuntu Mono", "Lucida Console", "Courier New", monospace;
    text-align: left;
    font-size: 8pt;
}

}
/* -- report --------------------------------------------------------------- */
#show_detail_line {
    margin-top: 3ex;
    margin-bottom: 1ex;
}
#result_table {
    width: 100%;
    border-collapse: collapse;
    border: 1px solid #777;
}
#header_row {
    font-weight: bold;
    color: white;
    background-color: #777;
}
#result_table td {
    border: 1px solid #777;
    padding: 2px;
}
#total_row  { font-weight: bold; }
.passClass  { background-color: #6c6; }
.failClass  { background-color: #c60; }
.errorClass { background-color: #c00; }
.passCase   { color: #6c6; }
.failCase   { color: #c60; font-weight: bold; }
.errorCase  { color: #c00; font-weight: bold; }
.hiddenRow  { display: none; }
.testcase   { margin-left: 2em; }
td.testname {width: 40%}
td.small {width: 40px}

/* -- ending --------------------------------------------------------------- */
#ending {
}

</style>

</head>
<body>
<script language="javascript" type="text/javascript"><!--
output_list = Array();

/* level - 0:Summary; 1:Failed; 2:All */
function showCase(level) {
    trs = document.getElementsByTagName("tr");
    for (var i = 0; i < trs.length; i++) {
        tr = trs[i];
        id = tr.id;
        if (id.substr(0,2) == 'ft') {
            if (level < 1) {
                tr.className = 'hiddenRow';
            }
            else {
                tr.className = '';
            }
        }
        if (id.substr(0,2) == 'pt') {
            if (level > 1) {
                tr.className = '';
            }
            else {
                tr.className = 'hiddenRow';
            }
        }
    }
}


function showClassDetail(cid, count) {
    var id_list = Array(count);
    var toHide = 1;
    for (var i = 0; i < count; i++) {
        tid0 = 't' + cid.substr(1) + '.' + (i+1);
        tid = 'f' + tid0;
        tr = document.getElementById(tid);
        if (!tr) {
            tid = 'p' + tid0;
            tr = document.getElementById(tid);
        }
        id_list[i] = tid;
        if (tr.className) {
            toHide = 0;
        }
    }
    for (var i = 0; i < count; i++) {
        tid = id_list[i];
        if (toHide) {
            document.getElementById('div_'+tid).style.display = 'none'
            document.getElementById(tid).className = 'hiddenRow';
        }
        else {
            document.getElementById(tid).className = '';
        }
    }
}


function showTestDetail(div_id){
    var details_div = document.getElementById(div_id)
    var displayState = details_div.style.display
    // alert(displayState)
    if (displayState != 'block' ) {
        displayState = 'block'
        details_div.style.display = 'block'
    }
    else {
        details_div.style.display = 'none'
    }
}


function html_escape(s) {
    s = s.replace(/&/g,'&amp;');
    s = s.replace(/</g,'&lt;');
    s = s.replace(/>/g,'&gt;');
    return s;
}

/* obsoleted by detail in <div>
function showOutput(id, name) {
    var w = window.open("", //url
                    name,
                    "resizable,scrollbars,status,width=800,height=450");
    d = w.document;
    d.write("<pre>");
    d.write(html_escape(output_list[id]));
    d.write("\n");
    d.write("<a href='javascript:window.close()'>close</a>\n");
    d.write("</pre>\n");
    d.close();
}
*/
--></script>

<div class='heading'>
<h1>Unit Test Report</h1>

<p class='attribute'><strong>Status:</strong> Pass 7 Failure 1 Skip 1</p>

<p class='description'></p>
</div>



<p id='show_detail_line'>Show
<a href='javascript:showCase(0)'>Summary</a>
<a href='javascript:showCase(1)'>Failed</a>
<a href='javascript:showCase(2)'>All</a>
</p>
<table id='result_table'>
<colgroup>
<col align='left' />
<col align='right' />
<col align='right' />
<col align='right' />
<col align='right' />
<col align='right' />
<col align='right' />
<col align='right' />
</colgroup>
<tr id='header_row'>
    <td>Test Group/Test case</td>
    <td>Count</td>
    <td>Pass</td>
    <td>Fail</td>
    <td>Error</td>
    <td>Skip</td>
    <td>View</td>
    <td> </td>
</tr>

<tr class='failClass'>
    <td class="testname">tempest.scenario.test_network_basic_ops.TestNetworkBasicOps</td>
    <td class="small">9</td>
    <td class="small">7</td>
    <td class="small">1</td>
    <td class="small">0</td>
    <td class="small">1</td>
    <td class="small"><a href="javascript:showClassDetail('c1',9)"
>Detail</a></td>
    <td> </td>
</tr>

<tr id='pt1.1' class='hiddenRow'>
    <td class='none'><div class='testcase'>test_connectivity_between_vms_on_different_networks[compute,id-1546850e-fbaa-42f5-8b5f-03d8a6a95f15,network]</div></td>
    <td colspan='7' align='left'>

    <!--css div popup start-->
    <a class="popup_link" onfocus='this.blur();'
    href="javascript:showTestDetail('div_pt1.1')" >
        pass</a>

    <div id='div_pt1.1' class="popup_window">
        <div style='text-align: right; color:red;cursor:pointer'>
        <a onfocus='this.blur();'
onclick="document.getElementById('div_pt1.1').style.display = 'none' " >
           [x]</a>
        </div>
        <pre>
        
pt1.1: tempest.scenario.test_network_basic_ops.TestNetworkBasicOps.test_connectivity_between_vms_on_different_networks[compute,id-1546850e-fbaa-42f5-8b5f-03d8a6a95f15,network]

        </pre>
    </div>
    <!--css div popup end-->

    </td>
</tr>

<tr id='pt1.2' class='hiddenRow'>
    <td class='none'><div class='testcase'>test_hotplug_nic[compute,id-c5adff73-e961-41f1-b4a9-343614f18cfa,network]</div></td>
    <td colspan='7' align='left'>

    <!--css div popup start-->
    <a class="popup_link" onfocus='this.blur();'
    href="javascript:showTestDetail('div_pt1.2')" >
        pass</a>

    <div id='div_pt1.2' class="popup_window">
        <div style='text-align: right; color:red;cursor:pointer'>
        <a onfocus='this.blur();'
onclick="document.getElementById('div_pt1.2').style.display = 'none' " >
           [x]</a>
        </div>
        <pre>
        
pt1.2: tempest.scenario.test_network_basic_ops.TestNetworkBasicOps.test_hotplug_nic[compute,id-c5adff73-e961-41f1-b4a9-343614f18cfa,network]

        </pre>
    </div>
    <!--css div popup end-->

    </td>
</tr>

<tr id='pt1.3' class='hiddenRow'>
    <td class='none'><div class='testcase'>test_network_basic_ops[compute,id-f323b3ba-82f8-4db7-8ea6-6a895869ec49,network,smoke]</div></td>
    <td colspan='7' align='left'>

    <!--css div popup start-->
    <a class="popup_link" onfocus='this.blur();'
    href="javascript:showTestDetail('div_pt1.3')" >
        pass</a>

    <div id='div_pt1.3' class="popup_window">
        <div style='text-align: right; color:red;cursor:pointer'>
        <a onfocus='this.blur();'
onclick="document.getElementById('div_pt1.3').style.display = 'none' " >
           [x]</a>
        </div>
        <pre>
        
pt1.3: tempest.scenario.test_network_basic_ops.TestNetworkBasicOps.test_network_basic_ops[compute,id-f323b3ba-82f8-4db7-8ea6-6a895869ec49,network,smoke]

        </pre>
    </div>
    <!--css div popup end-->

    </td>
</tr>

<tr id='pt1.4' class='hiddenRow'>
    <td class='none'><div class='testcase'>test_port_security_macspoofing_port[compute,id-7c0bb1a2-d053-49a4-98f9-ca1a1d849f63,network]</div></td>
    <td colspan='7' align='left'>

    <!--css div popup start-->
    <a class="popup_link" onfocus='this.blur();'
    href="javascript:showTestDetail('div_pt1.4')" >
        pass</a>

    <div id='div_pt1.4' class="popup_window">
        <div style='text-align: right; color:red;cursor:pointer'>
        <a onfocus='this.blur();'
onclick="document.getElementById('div_pt1.4').style.display = 'none' " >
           [x]</a>
        </div>
        <pre>
        
pt1.4: tempest.scenario.test_network_basic_ops.TestNetworkBasicOps.test_port_security_macspoofing_port[compute,id-7c0bb1a2-d053-49a4-98f9-ca1a1d849f63,network]

        </pre>
    </div>
    <!--css div popup end-->

    </td>
</tr>

<tr id='pt1.5' class='hiddenRow'>
    <td class='none'><div class='testcase'>test_preserve_preexisting_port[compute,id-759462e1-8535-46b0-ab3a-33aa45c55aaa,network]</div></td>
    <td colspan='7' align='left'>

    <!--css div popup start-->
    <a class="popup_link" onfocus='this.blur();'
    href="javascript:showTestDetail('div_pt1.5')" >
        pass</a>

    <div id='div_pt1.5' class="popup_window">
        <div style='text-align: right; color:red;cursor:pointer'>
        <a onfocus='this.blur();'
onclick="document.getElementById('div_pt1.5').style.display = 'none' " >
           [x]</a>
        </div>
        <pre>
        
pt1.5: tempest.scenario.test_network_basic_ops.TestNetworkBasicOps.test_preserve_preexisting_port[compute,id-759462e1-8535-46b0-ab3a-33aa45c55aaa,network]

        </pre>
    </div>
    <!--css div popup end-->

    </td>
</tr>

<tr id='pt1.6' class='hiddenRow'>
    <td class='none'><div class='testcase'>test_router_rescheduling[compute,id-2e788c46-fb3f-4ac9-8f82-0561555bea73,network]</div></td>
    <td colspan='7' align='left'>

    <!--css div popup start-->
    <a class="popup_link" onfocus='this.blur();'
    href="javascript:showTestDetail('div_pt1.6')" >
        skip</a>

    <div id='div_pt1.6' class="popup_window">
        <div style='text-align: right; color:red;cursor:pointer'>
        <a onfocus='this.blur();'
onclick="document.getElementById('div_pt1.6').style.display = 'none' " >
           [x]</a>
        </div>
        <pre>
        
pt1.6: tempest.scenario.test_network_basic_ops.TestNetworkBasicOps.test_router_rescheduling[compute,id-2e788c46-fb3f-4ac9-8f82-0561555bea73,network]

        </pre>
    </div>
    <!--css div popup end-->

    </td>
</tr>

<tr id='pt1.7' class='hiddenRow'>
    <td class='none'><div class='testcase'>test_subnet_details[compute,id-d8bb918e-e2df-48b2-97cd-b73c95450980,network]</div></td>
    <td colspan='7' align='left'>

    <!--css div popup start-->
    <a class="popup_link" onfocus='this.blur();'
    href="javascript:showTestDetail('div_pt1.7')" >
        pass</a>

    <div id='div_pt1.7' class="popup_window">
        <div style='text-align: right; color:red;cursor:pointer'>
        <a onfocus='this.blur();'
onclick="document.getElementById('div_pt1.7').style.display = 'none' " >
           [x]</a>
        </div>
        <pre>
        
pt1.7: tempest.scenario.test_network_basic_ops.TestNetworkBasicOps.test_subnet_details[compute,id-d8bb918e-e2df-48b2-97cd-b73c95450980,network]

        </pre>
    </div>
    <!--css div popup end-->

    </td>
</tr>

<tr id='ft1.8' class='none'>
    <td class='failCase'><div class='testcase'>test_update_instance_port_admin_state[compute,id-f5dfcc22-45fd-409f-954c-5bd500d7890b,network]</div></td>
    <td colspan='7' align='left'>

    <!--css div popup start-->
    <a class="popup_link" onfocus='this.blur();'
    href="javascript:showTestDetail('div_ft1.8')" >
        fail</a>

    <div id='div_ft1.8' class="popup_window">
        <div style='text-align: right; color:red;cursor:pointer'>
        <a onfocus='this.blur();'
onclick="document.getElementById('div_ft1.8').style.display = 'none' " >
           [x]</a>
        </div>
        <pre>
        
ft1.8: tempest.scenario.test_network_basic_ops.TestNetworkBasicOps.test_update_instance_port_admin_state[compute,id-f5dfcc22-45fd-409f-954c-5bd500d7890b,network]_StringException: Empty attachments:
  stderr
  stdout

pythonlogging:'': {{{
2016-02-19 23:33:14,050 26548 INFO     [tempest_lib.common.rest_client] Request (TestNetworkBasicOps:test_update_instance_port_admin_state): 201 POST http://10.4.1.3:9696/v2.0/security-groups 0.330s
2016-02-19 23:33:14,051 26548 DEBUG    [tempest_lib.common.rest_client] Request - Headers: {'Content-Type': 'application/json', 'Accept': 'application/json', 'X-Auth-Token': '&lt;omitted&gt;'}
        Body: {"security_group": {"tenant_id": "9dce242438bf4dbaa0294f56c99c055c", "description": "tempest-secgroup-smoke-864289964 description", "name": "tempest-secgroup-smoke-864289964"}}
    Response - Headers: {'status': '201', 'content-length': '886', 'connection': 'close', 'date': 'Fri, 19 Feb 2016 23:33:14 GMT', 'content-type': 'application/json; charset=UTF-8', 'x-openstack-request-id': 'req-52770fd3-93ae-43f8-902c-5e69cc8d7d41'}
        Body: {"security_group": {"tenant_id": "9dce242438bf4dbaa0294f56c99c055c", "description": "tempest-secgroup-smoke-864289964 description", "id": "54b5bd75-568d-4302-8224-03d0b3866e2b", "security_group_rules": [{"remote_group_id": null, "direction": "egress", "remote_ip_prefix": null, "protocol": null, "ethertype": "IPv4", "tenant_id": "9dce242438bf4dbaa0294f56c99c055c", "port_range_max": null, "port_range_min": null, "id": "ea5c42e1-af66-40ca-983e-7342333c876e", "security_group_id": "54b5bd75-568d-4302-8224-03d0b3866e2b"}, {"remote_group_id": null, "direction": "egress", "remote_ip_prefix": null, "protocol": null, "ethertype": "IPv6", "tenant_id": "9dce242438bf4dbaa0294f56c99c055c", "port_range_max": null, "port_range_min": null, "id": "3191e9e1-6d71-4441-a1ec-a33e253170c4", "security_group_id": "54b5bd75-568d-4302-8224-03d0b3866e2b"}], "name": "tempest-secgroup-smoke-864289964"}}
2016-02-19 23:33:14,388 26548 INFO     [tempest_lib.common.rest_client] Request (TestNetworkBasicOps:test_update_instance_port_admin_state): 201 POST http://10.4.1.3:9696/v2.0/security-group-rules 0.335s
2016-02-19 23:33:14,388 26548 DEBUG    [tempest_lib.common.rest_client] Request - Headers: {'Content-Type': 'application/json', 'Accept': 'application/json', 'X-Auth-Token': '&lt;omitted&gt;'}
        Body: {"security_group_rule": {"direction": "ingress", "protocol": "tcp", "tenant_id": "9dce242438bf4dbaa0294f56c99c055c", "port_range_max": 22, "security_group_id": "54b5bd75-568d-4302-8224-03d0b3866e2b", "port_range_min": 22}}
    Response - Headers: {'status': '201', 'content-length': '340', 'connection': 'close', 'date': 'Fri, 19 Feb 2016 23:33:14 GMT', 'content-type': 'application/json; charset=UTF-8', 'x-openstack-request-id': 'req-4c3c636c-27aa-433f-8de0-b41ead7ee741'}
        Body: {"security_group_rule": {"remote_group_id": null, "direction": "ingress", "remote_ip_prefix": null, "protocol": "tcp", "ethertype": "IPv4", "tenant_id": "9dce242438bf4dbaa0294f56c99c055c", "port_range_max": 22, "port_range_min": 22, "id": "086252d9-26a4-4f29-8fdc-6c9f660e4bca", "security_group_id": "54b5bd75-568d-4302-8224-03d0b3866e2b"}}
2016-02-19 23:33:14,706 26548 INFO     [tempest_lib.common.rest_client] Request (TestNetworkBasicOps:test_update_instance_port_admin_state): 201 POST http://10.4.1.3:9696/v2.0/security-group-rules 0.317s
2016-02-19 23:33:14,707 26548 DEBUG    [tempest_lib.common.rest_client] Request - Headers: {'Content-Type': 'application/json', 'Accept': 'application/json', 'X-Auth-Token': '&lt;omitted&gt;'}
        Body: {"security_group_rule": {"direction": "egress", "protocol": "tcp", "tenant_id": "9dce242438bf4dbaa0294f56c99c055c", "port_range_max": 22, "security_group_id": "54b5bd75-568d-4302-8224-03d0b3866e2b", "port_range_min": 22}}
    Response - Headers: {'status': '201', 'content-length': '339', 'connection': 'close', 'date': 'Fri, 19 Feb 2016 23:33:14 GMT', 'content-type': 'application/json; charset=UTF-8', 'x-openstack-request-id': 'req-7acd9293-c3a8-4e47-a8ff-1906510ea177'}
        Body: {"security_group_rule": {"remote_group_id": null, "direction": "egress", "remote_ip_prefix": null, "protocol": "tcp", "ethertype": "IPv4", "tenant_id": "9dce242438bf4dbaa0294f56c99c055c", "port_range_max": 22, "port_range_min": 22, "id": "a4da7463-4a5a-4b7c-bf3e-74027ca41a36", "security_group_id": "54b5bd75-568d-4302-8224-03d0b3866e2b"}}
2016-02-19 23:33:15,028 26548 INFO     [tempest_lib.common.rest_client] Request (TestNetworkBasicOps:test_update_instance_port_admin_state): 201 POST http://10.4.1.3:9696/v2.0/security-group-rules 0.320s
2016-02-19 23:33:15,029 26548 DEBUG    [tempest_lib.common.rest_client] Request - Headers: {'Content-Type': 'application/json', 'Accept': 'application/json', 'X-Auth-Token': '&lt;omitted&gt;'}
        Body: {"security_group_rule": {"tenant_id": "9dce242438bf4dbaa0294f56c99c055c", "direction": "ingress", "protocol": "icmp", "security_group_id": "54b5bd75-568d-4302-8224-03d0b3866e2b"}}
    Response - Headers: {'status': '201', 'content-length': '345', 'connection': 'close', 'date': 'Fri, 19 Feb 2016 23:33:15 GMT', 'content-type': 'application/json; charset=UTF-8', 'x-openstack-request-id': 'req-1febe463-d6f9-41ab-b4fc-2243f7282c1c'}
        Body: {"security_group_rule": {"remote_group_id": null, "direction": "ingress", "remote_ip_prefix": null, "protocol": "icmp", "ethertype": "IPv4", "tenant_id": "9dce242438bf4dbaa0294f56c99c055c", "port_range_max": null, "port_range_min": null, "id": "82ced926-6640-49aa-b052-53b713e7184c", "security_group_id": "54b5bd75-568d-4302-8224-03d0b3866e2b"}}
2016-02-19 23:33:15,350 26548 INFO     [tempest_lib.common.rest_client] Request (TestNetworkBasicOps:test_update_instance_port_admin_state): 201 POST http://10.4.1.3:9696/v2.0/security-group-rules 0.319s
2016-02-19 23:33:15,351 26548 DEBUG    [tempest_lib.common.rest_client] Request - Headers: {'Content-Type': 'application/json', 'Accept': 'application/json', 'X-Auth-Token': '&lt;omitted&gt;'}
        Body: {"security_group_rule": {"tenant_id": "9dce242438bf4dbaa0294f56c99c055c", "direction": "egress", "protocol": "icmp", "security_group_id": "54b5bd75-568d-4302-8224-03d0b3866e2b"}}
    Response - Headers: {'status': '201', 'content-length': '344', 'connection': 'close', 'date': 'Fri, 19 Feb 2016 23:33:15 GMT', 'content-type': 'application/json; charset=UTF-8', 'x-openstack-request-id': 'req-eba066b6-8f0a-4730-a9dd-23d0e49bafb5'}
        Body: {"security_group_rule": {"remote_group_id": null, "direction": "egress", "remote_ip_prefix": null, "protocol": "icmp", "ethertype": "IPv4", "tenant_id": "9dce242438bf4dbaa0294f56c99c055c", "port_range_max": null, "port_range_min": null, "id": "326a5dbe-1dd2-4c8c-ad7a-8ee36a27ca47", "security_group_id": "54b5bd75-568d-4302-8224-03d0b3866e2b"}}
2016-02-19 23:33:15,662 26548 INFO     [tempest_lib.common.rest_client] Request (TestNetworkBasicOps:test_update_instance_port_admin_state): 201 POST http://10.4.1.3:9696/v2.0/security-group-rules 0.311s
2016-02-19 23:33:15,663 26548 DEBUG    [tempest_lib.common.rest_client] Request - Headers: {'Content-Type': 'application/json', 'Accept': 'application/json', 'X-Auth-Token': '&lt;omitted&gt;'}
        Body: {"security_group_rule": {"tenant_id": "9dce242438bf4dbaa0294f56c99c055c", "direction": "ingress", "security_group_id": "54b5bd75-568d-4302-8224-03d0b3866e2b", "protocol": "icmp", "ethertype": "IPv6"}}
    Response - Headers: {'status': '201', 'content-length': '345', 'connection': 'close', 'date': 'Fri, 19 Feb 2016 23:33:15 GMT', 'content-type': 'application/json; charset=UTF-8', 'x-openstack-request-id': 'req-76ac0f1a-959d-4b01-a4ef-4f7c52d16475'}
        Body: {"security_group_rule": {"remote_group_id": null, "direction": "ingress", "remote_ip_prefix": null, "protocol": "icmp", "ethertype": "IPv6", "tenant_id": "9dce242438bf4dbaa0294f56c99c055c", "port_range_max": null, "port_range_min": null, "id": "1ad915ba-dc91-4e41-b3b2-8253c985c08f", "security_group_id": "54b5bd75-568d-4302-8224-03d0b3866e2b"}}
2016-02-19 23:33:15,982 26548 INFO     [tempest_lib.common.rest_client] Request (TestNetworkBasicOps:test_update_instance_port_admin_state): 201 POST http://10.4.1.3:9696/v2.0/security-group-rules 0.317s
2016-02-19 23:33:15,983 26548 DEBUG    [tempest_lib.common.rest_client] Request - Headers: {'Content-Type': 'application/json', 'Accept': 'application/json', 'X-Auth-Token': '&lt;omitted&gt;'}
        Body: {"security_group_rule": {"tenant_id": "9dce242438bf4dbaa0294f56c99c055c", "direction": "egress", "security_group_id": "54b5bd75-568d-4302-8224-03d0b3866e2b", "protocol": "icmp", "ethertype": "IPv6"}}
    Response - Headers: {'status': '201', 'content-length': '344', 'connection': 'close', 'date': 'Fri, 19 Feb 2016 23:33:15 GMT', 'content-type': 'application/json; charset=UTF-8', 'x-openstack-request-id': 'req-1c278598-3841-444c-8ca0-f40519ccc321'}
        Body: {"security_group_rule": {"remote_group_id": null, "direction": "egress", "remote_ip_prefix": null, "protocol": "icmp", "ethertype": "IPv6", "tenant_id": "9dce242438bf4dbaa0294f56c99c055c", "port_range_max": null, "port_range_min": null, "id": "60bcf137-a746-4ade-bafe-1839927fcfcc", "security_group_id": "54b5bd75-568d-4302-8224-03d0b3866e2b"}}
2016-02-19 23:33:16,437 26548 INFO     [tempest_lib.common.rest_client] Request (TestNetworkBasicOps:test_update_instance_port_admin_state): 201 POST http://10.4.1.3:9696/v2.0/networks 0.452s
2016-02-19 23:33:16,438 26548 DEBUG    [tempest_lib.common.rest_client] Request - Headers: {'Content-Type': 'application/json', 'Accept': 'application/json', 'X-Auth-Token': '&lt;omitted&gt;'}
        Body: {"network": {"tenant_id": "9dce242438bf4dbaa0294f56c99c055c", "name": "tempest-network-smoke--415526907"}}
    Response - Headers: {'status': '201', 'content-length': '355', 'connection': 'close', 'date': 'Fri, 19 Feb 2016 23:33:16 GMT', 'content-type': 'application/json; charset=UTF-8', 'x-openstack-request-id': 'req-0d1ad57d-3182-4c4f-a53a-4e806128a45b'}
        Body: {"network": {"status": "ACTIVE", "subnets": [], "availability_zone_hints": [], "availability_zones": [], "name": "tempest-network-smoke--415526907", "admin_state_up": true, "tenant_id": "9dce242438bf4dbaa0294f56c99c055c", "mtu": 1450, "router:external": false, "shared": false, "port_security_enabled": true, "id": "f6e0ca7c-4391-4074-b32a-82d7b1f0c292"}}
2016-02-19 23:33:16,716 26548 INFO     [tempest_lib.common.rest_client] Request (TestNetworkBasicOps:test_update_instance_port_admin_state): 201 POST http://10.4.1.3:9696/v2.0/routers 0.276s
2016-02-19 23:33:16,717 26548 DEBUG    [tempest_lib.common.rest_client] Request - Headers: {'Content-Type': 'application/json', 'Accept': 'application/json', 'X-Auth-Token': '&lt;omitted&gt;'}
        Body: {"router": {"tenant_id": "9dce242438bf4dbaa0294f56c99c055c", "name": "tempest-router-smoke-1911331660", "admin_state_up": true}}
    Response - Headers: {'status': '201', 'content-length': '296', 'connection': 'close', 'date': 'Fri, 19 Feb 2016 23:33:16 GMT', 'content-type': 'application/json; charset=UTF-8', 'x-openstack-request-id': 'req-18bf93e1-3333-4b66-9e69-987c2141ad5c'}
        Body: {"router": {"status": "ACTIVE", "external_gateway_info": null, "availability_zone_hints": [], "availability_zones": [], "name": "tempest-router-smoke-1911331660", "admin_state_up": true, "tenant_id": "9dce242438bf4dbaa0294f56c99c055c", "routes": [], "id": "1a00ad2f-0122-4028-8900-237a43000e49"}}
2016-02-19 23:33:17,052 26548 INFO     [tempest_lib.common.rest_client] Request (TestNetworkBasicOps:test_update_instance_port_admin_state): 200 GET http://10.4.1.3:9696/v2.0/routers/1a00ad2f-0122-4028-8900-237a43000e49 0.333s
2016-02-19 23:33:17,053 26548 DEBUG    [tempest_lib.common.rest_client] Request - Headers: {'Content-Type': 'application/json', 'Accept': 'application/json', 'X-Auth-Token': '&lt;omitted&gt;'}
        Body: None
    Response - Headers: {'status': '200', 'content-length': '296', 'content-location': 'http://10.4.1.3:9696/v2.0/routers/1a00ad2f-0122-4028-8900-237a43000e49', 'connection': 'close', 'date': 'Fri, 19 Feb 2016 23:33:17 GMT', 'content-type': 'application/json; charset=UTF-8', 'x-openstack-request-id': 'req-12e13300-db91-43c4-81e1-f27985c20a91'}
        Body: {"router": {"status": "ACTIVE", "external_gateway_info": null, "availability_zone_hints": [], "availability_zones": [], "name": "tempest-router-smoke-1911331660", "admin_state_up": true, "tenant_id": "9dce242438bf4dbaa0294f56c99c055c", "routes": [], "id": "1a00ad2f-0122-4028-8900-237a43000e49"}}
2016-02-19 23:33:18,042 26548 INFO     [tempest_lib.common.rest_client] Request (TestNetworkBasicOps:test_update_instance_port_admin_state): 200 PUT http://10.4.1.3:9696/v2.0/routers/1a00ad2f-0122-4028-8900-237a43000e49 0.987s
2016-02-19 23:33:18,042 26548 DEBUG    [tempest_lib.common.rest_client] Request - Headers: {'Content-Type': 'application/json', 'Accept': 'application/json', 'X-Auth-Token': '&lt;omitted&gt;'}
        Body: {"router": {"external_gateway_info": {"network_id": "7d7c188b-28af-482c-9b6f-5216f9a94643"}, "name": "tempest-router-smoke-1911331660", "admin_state_up": true}}
    Response - Headers: {'status': '200', 'content-length': '559', 'connection': 'close', 'date': 'Fri, 19 Feb 2016 23:33:18 GMT', 'content-type': 'application/json; charset=UTF-8', 'x-openstack-request-id': 'req-72cdaa08-b413-489b-b476-99a9e36eed54'}
        Body: {"router": {"status": "ACTIVE", "external_gateway_info": {"network_id": "7d7c188b-28af-482c-9b6f-5216f9a94643", "enable_snat": true, "external_fixed_ips": [{"subnet_id": "d1b86ed2-32dc-493a-9256-ef7fa934ff97", "ip_address": "172.24.4.15"}, {"subnet_id": "aeea113d-c70e-42d2-8c19-9e971faf1f07", "ip_address": "2001:db8::f"}]}, "availability_zone_hints": [], "availability_zones": [], "name": "tempest-router-smoke-1911331660", "admin_state_up": true, "tenant_id": "9dce242438bf4dbaa0294f56c99c055c", "routes": [], "id": "1a00ad2f-0122-4028-8900-237a43000e49"}}
2016-02-19 23:33:18,272 26548 INFO     [tempest_lib.common.rest_client] Request (TestNetworkBasicOps:test_update_instance_port_admin_state): 200 GET http://10.4.1.3:9696/v2.0/subnets?tenant_id=9dce242438bf4dbaa0294f56c99c055c&amp;cidr=10.100.0.0%2F28 0.229s
2016-02-19 23:33:18,273 26548 DEBUG    [tempest_lib.common.rest_client] Request - Headers: {'Content-Type': 'application/json', 'Accept': 'application/json', 'X-Auth-Token': '&lt;omitted&gt;'}
        Body: None
    Response - Headers: {'status': '200', 'content-length': '15', 'content-location': 'http://10.4.1.3:9696/v2.0/subnets?tenant_id=9dce242438bf4dbaa0294f56c99c055c&amp;cidr=10.100.0.0%2F28', 'connection': 'close', 'date': 'Fri, 19 Feb 2016 23:33:18 GMT', 'content-type': 'application/json; charset=UTF-8', 'x-openstack-request-id': 'req-8d99e892-5c50-4b56-9f23-376ed7faaf7d'}
        Body: {"subnets": []}
2016-02-19 23:33:18,798 26548 INFO     [tempest_lib.common.rest_client] Request (TestNetworkBasicOps:test_update_instance_port_admin_state): 201 POST http://10.4.1.3:9696/v2.0/subnets 0.524s
2016-02-19 23:33:18,798 26548 DEBUG    [tempest_lib.common.rest_client] Request - Headers: {'Content-Type': 'application/json', 'Accept': 'application/json', 'X-Auth-Token': '&lt;omitted&gt;'}
        Body: {"subnet": {"ip_version": 4, "tenant_id": "9dce242438bf4dbaa0294f56c99c055c", "cidr": "10.100.0.0/28", "network_id": "f6e0ca7c-4391-4074-b32a-82d7b1f0c292", "name": "tempest-subnet-smoke-1337448285"}}
    Response - Headers: {'status': '201', 'content-length': '478', 'connection': 'close', 'date': 'Fri, 19 Feb 2016 23:33:18 GMT', 'content-type': 'application/json; charset=UTF-8', 'x-openstack-request-id': 'req-442ecd14-c2ad-4d37-96fb-0db48e473dc0'}
        Body: {"subnet": {"name": "tempest-subnet-smoke-1337448285", "enable_dhcp": true, "network_id": "f6e0ca7c-4391-4074-b32a-82d7b1f0c292", "tenant_id": "9dce242438bf4dbaa0294f56c99c055c", "dns_nameservers": [], "gateway_ip": "10.100.0.1", "ipv6_ra_mode": null, "allocation_pools": [{"start": "10.100.0.2", "end": "10.100.0.14"}], "host_routes": [], "ip_version": 4, "ipv6_address_mode": null, "cidr": "10.100.0.0/28", "id": "6f5bf217-9935-419e-b350-a8429e3a4bad", "subnetpool_id": null}}
2016-02-19 23:33:19,863 26548 INFO     [tempest_lib.common.rest_client] Request (TestNetworkBasicOps:test_update_instance_port_admin_state): 200 PUT http://10.4.1.3:9696/v2.0/routers/1a00ad2f-0122-4028-8900-237a43000e49/add_router_interface 1.063s
2016-02-19 23:33:19,864 26548 DEBUG    [tempest_lib.common.rest_client] Request - Headers: {'Content-Type': 'application/json', 'Accept': 'application/json', 'X-Auth-Token': '&lt;omitted&gt;'}
        Body: {"subnet_id": "6f5bf217-9935-419e-b350-a8429e3a4bad"}
    Response - Headers: {'status': '200', 'content-length': '309', 'connection': 'close', 'date': 'Fri, 19 Feb 2016 23:33:19 GMT', 'content-type': 'application/json; charset=UTF-8', 'x-openstack-request-id': 'req-43bf01dc-b91d-4ef7-bdfe-ce8bf0d65cd5'}
        Body: {"network_id": "f6e0ca7c-4391-4074-b32a-82d7b1f0c292", "tenant_id": "9dce242438bf4dbaa0294f56c99c055c", "subnet_id": "6f5bf217-9935-419e-b350-a8429e3a4bad", "subnet_ids": ["6f5bf217-9935-419e-b350-a8429e3a4bad"], "port_id": "2c6282b6-b32f-478b-aaa6-a23677dbe813", "id": "1a00ad2f-0122-4028-8900-237a43000e49"}
2016-02-19 23:33:20,167 26548 INFO     [tempest_lib.common.rest_client] Request (TestNetworkBasicOps:test_update_instance_port_admin_state): 200 GET http://10.4.1.3:9696/v2.0/networks 0.302s
2016-02-19 23:33:20,167 26548 DEBUG    [tempest_lib.common.rest_client] Request - Headers: {'Content-Type': 'application/json', 'Accept': 'application/json', 'X-Auth-Token': '&lt;omitted&gt;'}
        Body: None
    Response - Headers: {'status': '200', 'content-length': '1536', 'content-location': 'http://10.4.1.3:9696/v2.0/networks', 'connection': 'close', 'date': 'Fri, 19 Feb 2016 23:33:20 GMT', 'content-type': 'application/json; charset=UTF-8', 'x-openstack-request-id': 'req-9f738be9-af52-44ab-8216-dce8857af8f5'}
        Body: {"networks": [{"status": "ACTIVE", "subnets": ["aeea113d-c70e-42d2-8c19-9e971faf1f07", "d1b86ed2-32dc-493a-9256-ef7fa934ff97"], "availability_zone_hints": [], "availability_zones": ["nova"], "name": "public", "provider:physical_network": null, "admin_state_up": true, "tenant_id": "ac205f491e8644759b498cded3381cd7", "mtu": 1450, "is_default": false, "router:external": true, "shared": false, "port_security_enabled": true, "provider:network_type": "vxlan", "id": "7d7c188b-28af-482c-9b6f-5216f9a94643", "provider:segmentation_id": 1088}, {"status": "ACTIVE", "subnets": ["6f5bf217-9935-419e-b350-a8429e3a4bad"], "availability_zone_hints": [], "availability_zones": ["nova"], "name": "tempest-network-smoke--415526907", "provider:physical_network": null, "admin_state_up": true, "tenant_id": "9dce242438bf4dbaa0294f56c99c055c", "mtu": 1450, "router:external": false, "shared": false, "port_security_enabled": true, "provider:network_type": "vxlan", "id": "f6e0ca7c-4391-4074-b32a-82d7b1f0c292", "provider:segmentation_id": 1083}, {"status": "ACTIVE", "subnets": ["7a1f8011-8f2e-4b4e-aa27-366b34b335b3", "bca9791c-dd3c-48df-bd6c-71791c0a0ebc"], "availability_zone_hints": [], "availability_zones": ["nova"], "name": "private", "provider:physical_network": null, "admin_state_up": true, "tenant_id": "96ad675d24c8485f9518bcb93d02a13d", "mtu": 1450, "router:external": false, "shared": false, "port_security_enabled": true, "provider:network_type": "vxlan", "id": "35942f18-a457-4a99-b768-f1bc5162cd8b", "provider:segmentation_id": 1089}]}
2016-02-19 23:33:20,416 26548 INFO     [tempest_lib.common.rest_client] Request (TestNetworkBasicOps:test_update_instance_port_admin_state): 200 GET http://10.4.1.3:9696/v2.0/subnets 0.247s
2016-02-19 23:33:20,417 26548 DEBUG    [tempest_lib.common.rest_client] Request - Headers: {'Content-Type': 'application/json', 'Accept': 'application/json', 'X-Auth-Token': '&lt;omitted&gt;'}
        Body: None
    Response - Headers: {'status': '200', 'content-length': '2408', 'content-location': 'http://10.4.1.3:9696/v2.0/subnets', 'connection': 'close', 'date': 'Fri, 19 Feb 2016 23:33:20 GMT', 'content-type': 'application/json; charset=UTF-8', 'x-openstack-request-id': 'req-aba53481-dd6c-429a-b387-d2d7c8491597'}
        Body: {"subnets": [{"name": "private-subnet", "enable_dhcp": true, "network_id": "35942f18-a457-4a99-b768-f1bc5162cd8b", "tenant_id": "96ad675d24c8485f9518bcb93d02a13d", "dns_nameservers": [], "gateway_ip": "10.0.0.1", "ipv6_ra_mode": null, "allocation_pools": [{"start": "10.0.0.2", "end": "10.0.0.254"}], "host_routes": [], "ip_version": 4, "ipv6_address_mode": null, "cidr": "10.0.0.0/24", "id": "bca9791c-dd3c-48df-bd6c-71791c0a0ebc", "subnetpool_id": null}, {"name": "public-subnet", "enable_dhcp": false, "network_id": "7d7c188b-28af-482c-9b6f-5216f9a94643", "tenant_id": "ac205f491e8644759b498cded3381cd7", "dns_nameservers": [], "gateway_ip": "172.24.4.1", "ipv6_ra_mode": null, "allocation_pools": [{"start": "172.24.4.2", "end": "172.24.4.254"}], "host_routes": [], "ip_version": 4, "ipv6_address_mode": null, "cidr": "172.24.4.0/24", "id": "d1b86ed2-32dc-493a-9256-ef7fa934ff97", "subnetpool_id": null}, {"name": "tempest-subnet-smoke-1337448285", "enable_dhcp": true, "network_id": "f6e0ca7c-4391-4074-b32a-82d7b1f0c292", "tenant_id": "9dce242438bf4dbaa0294f56c99c055c", "dns_nameservers": [], "gateway_ip": "10.100.0.1", "ipv6_ra_mode": null, "allocation_pools": [{"start": "10.100.0.2", "end": "10.100.0.14"}], "host_routes": [], "ip_version": 4, "ipv6_address_mode": null, "cidr": "10.100.0.0/28", "id": "6f5bf217-9935-419e-b350-a8429e3a4bad", "subnetpool_id": null}, {"name": "ipv6-private-subnet", "enable_dhcp": true, "network_id": "35942f18-a457-4a99-b768-f1bc5162cd8b", "tenant_id": "96ad675d24c8485f9518bcb93d02a13d", "dns_nameservers": [], "gateway_ip": "fd7a:8796:6831::1", "ipv6_ra_mode": "slaac", "allocation_pools": [{"start": "fd7a:8796:6831::2", "end": "fd7a:8796:6831:0:ffff:ffff:ffff:ffff"}], "host_routes": [], "ip_version": 6, "ipv6_address_mode": "slaac", "cidr": "fd7a:8796:6831::/64", "id": "7a1f8011-8f2e-4b4e-aa27-366b34b335b3", "subnetpool_id": null}, {"name": "ipv6-public-subnet", "enable_dhcp": false, "network_id": "7d7c188b-28af-482c-9b6f-5216f9a94643", "tenant_id": "ac205f491e8644759b498cded3381cd7", "dns_nameservers": [], "gateway_ip": "2001:db8::2", "ipv6_ra_mode": null, "allocation_pools": [{"start": "2001:db8::1", "end": "2001:db8::1"}, {"start": "2001:db8::3", "end": "2001:db8::ffff:ffff:ffff:ffff"}], "host_routes": [], "ip_version": 6, "ipv6_address_mode": null, "cidr": "2001:db8::/64", "id": "aeea113d-c70e-42d2-8c19-9e971faf1f07", "subnetpool_id": null}]}
2016-02-19 23:33:20,684 26548 INFO     [tempest_lib.common.rest_client] Request (TestNetworkBasicOps:test_update_instance_port_admin_state): 200 GET http://10.4.1.3:9696/v2.0/routers 0.265s
2016-02-19 23:33:20,684 26548 DEBUG    [tempest_lib.common.rest_client] Request - Headers: {'Content-Type': 'application/json', 'Accept': 'application/json', 'X-Auth-Token': '&lt;omitted&gt;'}
        Body: None
    Response - Headers: {'status': '200', 'content-length': '1168', 'content-location': 'http://10.4.1.3:9696/v2.0/routers', 'connection': 'close', 'date': 'Fri, 19 Feb 2016 23:33:20 GMT', 'content-type': 'application/json; charset=UTF-8', 'x-openstack-request-id': 'req-75655b61-1295-4337-a62e-35ece5aeb631'}
        Body: {"routers": [{"status": "ACTIVE", "external_gateway_info": {"network_id": "7d7c188b-28af-482c-9b6f-5216f9a94643", "enable_snat": true, "external_fixed_ips": [{"subnet_id": "d1b86ed2-32dc-493a-9256-ef7fa934ff97", "ip_address": "172.24.4.15"}, {"subnet_id": "aeea113d-c70e-42d2-8c19-9e971faf1f07", "ip_address": "2001:db8::f"}]}, "availability_zone_hints": [], "availability_zones": ["nova"], "name": "tempest-router-smoke-1911331660", "admin_state_up": true, "tenant_id": "9dce242438bf4dbaa0294f56c99c055c", "distributed": false, "routes": [], "ha": false, "id": "1a00ad2f-0122-4028-8900-237a43000e49"}, {"status": "ACTIVE", "external_gateway_info": {"network_id": "7d7c188b-28af-482c-9b6f-5216f9a94643", "enable_snat": true, "external_fixed_ips": [{"subnet_id": "d1b86ed2-32dc-493a-9256-ef7fa934ff97", "ip_address": "172.24.4.2"}, {"subnet_id": "aeea113d-c70e-42d2-8c19-9e971faf1f07", "ip_address": "2001:db8::1"}]}, "availability_zone_hints": [], "availability_zones": ["nova"], "name": "router1", "admin_state_up": true, "tenant_id": "96ad675d24c8485f9518bcb93d02a13d", "distributed": false, "routes": [], "ha": false, "id": "e5c7279a-813d-43bf-a5d7-c904bc676101"}]}
2016-02-19 23:33:21,144 26548 INFO     [tempest_lib.common.rest_client] Request (TestNetworkBasicOps:test_update_instance_port_admin_state): 200 POST http://10.4.1.3:8774/v2.1/9dce242438bf4dbaa0294f56c99c055c/os-keypairs 0.459s
2016-02-19 23:33:21,144 26548 DEBUG    [tempest_lib.common.rest_client] Request - Headers: {'Content-Type': 'application/json', 'Accept': 'application/json', 'X-Auth-Token': '&lt;omitted&gt;'}
        Body: {"keypair": {"name": "tempest-TestNetworkBasicOps-763370648"}}
    Response - Headers: {'status': '200', 'content-length': '2320', 'x-compute-request-id': 'req-07c6c31c-20c9-407e-80b2-4ceb06791f02', 'vary': 'X-OpenStack-Nova-API-Version', 'connection': 'close', 'x-openstack-nova-api-version': '2.1', 'date': 'Fri, 19 Feb 2016 23:33:21 GMT', 'content-type': 'application/json'}
        Body: {"keypair": {"public_key": "ssh-rsa AAAAB3NzaC1yc2EAAAADAQABAAABAQCo1STGAcPoFUnKH2y2DxIOjm26v8WmaGPkQlVRkDdq3hUxF7I5IubI5lLiAv6Z+lLHsWsEuwmtjONjR0SxPGdpC9bwBUfPWtJGzc8fcMU+4vCR810nYz9bYh9fNQFXIJqIeXRy42gkdTtHOTLPIbSJN/GwNQSdfVuU2utYnENBt69fpAshIRPMthssJRh7+5HP897dAfgq7a9/GhAyf8iB/tUCZ7K9KYb4+clvjRoCUYWadiFbSPJzgvS1J7gsbJ7Bs2VwZNG1cUchca4AimVL8Nf7oj0p4AiMNt/gvJ1V6IMQtejusfwstx4GlF7rtCnEU8vpvlVnKvMLeoam1Jml Generated-by-Nova", "private_key": "-----BEGIN RSA PRIVATE KEY-----\nMIIEqQIBAAKCAQEAqNUkxgHD6BVJyh9stg8SDo5tur/Fpmhj5EJVUZA3at4VMRey\nOSLmyOZS4gL+mfpSx7FrBLsJrYzjY0dEsTxnaQvW8AVHz1rSRs3PH3DFPuLwkfNd\nJ2M/W2IfXzUBVyCaiHl0cuNoJHU7RzkyzyG0iTfxsDUEnX1blNrrWJxDQbevX6QL\nISETzLYbLCUYe/uRz/Pe3QH4Ku2vfxoQMn/Igf7VAmeyvSmG+PnJb40aAlGFmnYh\nW0jyc4L0tSe4LGyewbNlcGTRtXFHIXGuAIplS/DX+6I9KeAIjDbf4LydVeiDELXo\n7rH8LLceBpRe67QpxFPL6b5VZyrzC3qGptSZpQIDAQABAoIBAEM8v2xr/41KDR0F\n7tGCpvpNFr4s6ZYgNMgO8tOMz8UrtNzcRwoiMC8KKy//aU4BNz54FdrIck4/sb8z\n/tNm7vgS0wK716Fo1h2EkVxAGQ22a4B0n0C0ceL+7OeJwILmZSS82fd3QV5jobv3\nt5huH+wV75bxRmlCJ1rc5KVhdheRXhG1cocB2X53nTSP51zphlsStEnn3fLPmGSk\nhWhqqeyg2mhd1quVIZQxYkGJCRzILX3BX0230gd3t6KBB4T00i7ebSUL0EUYObeT\nqexF6fMlldNZGG3DmA6uJ5zNmtAf9UcOgvOXpV7tD3t/Ht8qgzxfiXeb1vUM2f5w\n8XgaVnECggCBAMuVJOMlwgkE//Y3at8n0d15Kbc/OfddNFsZa2Upa+dL2Uj0LF/7\nv7/yZrDFU9GOAp6LkWbip7aLrS4XEA5ztvH4tM0gSkPe/jpSVmZZIQNe1op5m68Z\nrGMJRLhnR75yK481V0vsjRG6KLzKcbDF58AQRAt+WQMJzBpgv2XzbVLfAoIAgQDU\nTYC5JGfxeKUKqur9/9dIFluFnUUK3EO2/TuxdelJxrwis3tSqcHYgsx4pCZEl3Lv\noaOC9uR7qtlGxbZD2e/yCSK6pcfgLivQMeIuHQky6e3rfjD4AWkQovBdvrEtOO0y\nP4kLZDP43DpbWCl7091qsfR3VeIFQwHfL8htyOfH+wKCAIEAwNmdwddIwcaMui6w\n/If6E/TtAXvRa3RNXmbsBz5/yvFc+fDkAGC4uhnkEVw8FGyUKqBHstDO0uvpt5l9\nSlNvYDSbAR2vfC/HYHQTCI0x6sFyNmcQhYSqen6TLKQZoF0CynxbH78Lu1k/seeM\nX0p6SMSf0Mt1gp1LTUmMxgUc8L0CggCBAJxo2QwNyVJ6esVINMaa5WVjq1veCQ6+\nRlkbag4M+6lx9AtwxcuZ64lym+fJr7PbDD+Fi2yiLqT5swfUA7srZf6gQmjWWFJO\nUdMZ3TPyCmPrOnDD0Jn2mAw8ru+x3OCfTwk1C+dLlIqk3Y2Mf0uORFMl9iCxMkqE\nGm3uyzAu0qxfAoIAgFnGOCJ9EpNRdi0ifrGer/FBzVN7ytw6LX31YMylK/L6rMQ4\n1+d7eALCWjmZqUlwJdLlisW3/FymcbPsY48mwTbCS2n8/v1LAoTM/7JpoyDfLACj\njLGF2qrzzay4snjPnJmN+n68Jts2cvtxEOFrIuNymCoWkXW5X411lCcxHclW\n-----END RSA PRIVATE KEY-----\n", "user_id": "7d9aa3e930cc464f81b33203276d6e6d", "name": "tempest-TestNetworkBasicOps-763370648", "fingerprint": "19:26:3e:48:31:ed:bb:1c:5e:68:ce:72:21:ca:d2:92"}}
2016-02-19 23:33:21,293 26548 INFO     [tempest_lib.common.rest_client] Request (TestNetworkBasicOps:test_update_instance_port_admin_state): 200 POST http://10.4.1.3:5000/v2.0/tokens
2016-02-19 23:33:21,293 26548 DEBUG    [tempest_lib.common.rest_client] Request - Headers: {'Content-Type': 'application/json', 'Accept': 'application/json'}
        Body: &lt;omitted&gt;
    Response - Headers: {'status': '200', 'content-length': '2260', 'vary': 'X-Auth-Token', 'server': 'Apache/2.4.7 (Ubuntu)', 'connection': 'close', 'date': 'Fri, 19 Feb 2016 23:33:21 GMT', 'content-type': 'application/json', 'x-openstack-request-id': 'req-3d4c1bb2-5049-4568-915d-50f4098c0b77'}
        Body: {"access": {"token": {"issued_at": "2016-02-19T23:33:21.283535", "expires": "2016-02-20T00:33:21Z", "id": "3c54015bfb7a41279b55b503577ab3a2", "tenant": {"description": "tempest-TestNetworkBasicOps-1286378646-desc", "enabled": true, "id": "9dce242438bf4dbaa0294f56c99c055c", "name": "tempest-TestNetworkBasicOps-1286378646"}, "audit_ids": ["QCw70dEHQvmtHTTDWWCXLQ"]}, "serviceCatalog": [{"endpoints": [{"adminURL": "http://10.4.1.3:9292", "region": "RegionOne", "internalURL": "http://10.4.1.3:9292", "id": "0c5fd4123d044d7d9ee7f5008413d2fb", "publicURL": "http://10.4.1.3:9292"}], "endpoints_links": [], "type": "image", "name": "glance"}, {"endpoints": [{"adminURL": "http://10.4.1.3:8774/v2.1/9dce242438bf4dbaa0294f56c99c055c", "region": "RegionOne", "internalURL": "http://10.4.1.3:8774/v2.1/9dce242438bf4dbaa0294f56c99c055c", "id": "1f56a19aae8242e293952e9b8a5ece31", "publicURL": "http://10.4.1.3:8774/v2.1/9dce242438bf4dbaa0294f56c99c055c"}], "endpoints_links": [], "type": "compute", "name": "nova"}, {"endpoints": [{"adminURL": "http://10.4.1.3:8774/v2/9dce242438bf4dbaa0294f56c99c055c", "region": "RegionOne", "internalURL": "http://10.4.1.3:8774/v2/9dce242438bf4dbaa0294f56c99c055c", "id": "14e9161448f044338b56b3eb55ea397d", "publicURL": "http://10.4.1.3:8774/v2/9dce242438bf4dbaa0294f56c99c055c"}], "endpoints_links": [], "type": "compute_legacy", "name": "nova_legacy"}, {"endpoints": [{"adminURL": "http://10.4.1.3:35357/v2.0", "region": "RegionOne", "internalURL": "http://10.4.1.3:5000/v2.0", "id": "39285e509edc40ebbc5f11a213f2fd5e", "publicURL": "http://10.4.1.3:5000/v2.0"}], "endpoints_links": [], "type": "identity", "name": "keystone"}, {"endpoints": [{"adminURL": "http://10.4.1.3:9696/", "region": "RegionOne", "internalURL": "http://10.4.1.3:9696/", "id": "b27a6045260843b980aebefb4ac25966", "publicURL": "http://10.4.1.3:9696/"}], "endpoints_links": [], "type": "network", "name": "neutron"}], "user": {"username": "tempest-TestNetworkBasicOps-1248928506", "roles_links": [], "id": "7d9aa3e930cc464f81b33203276d6e6d", "roles": [{"name": "Member"}, {"name": "_member_"}], "name": "tempest-TestNetworkBasicOps-1248928506"}, "metadata": {"is_admin": 0, "roles": ["34ecd62ca98c4eef90d37dd946445e59", "9fe2ff9ee4384b1894a90878d3e92bab"]}}}
2016-02-19 23:33:21,299 26548 DEBUG    [tempest.common.fixed_network] (TestNetworkBasicOps:test_update_instance_port_admin_state) No valid network provided or created, defaulting to fixed_network_name
2016-02-19 23:33:21,883 26548 INFO     [tempest_lib.common.rest_client] Request (TestNetworkBasicOps:test_update_instance_port_admin_state): 200 GET http://10.4.1.3:8774/v2.1/9dce242438bf4dbaa0294f56c99c055c/os-networks 0.583s
2016-02-19 23:33:21,884 26548 DEBUG    [tempest_lib.common.rest_client] Request - Headers: {'Content-Type': 'application/json', 'Accept': 'application/json', 'X-Auth-Token': '&lt;omitted&gt;'}
        Body: None
    Response - Headers: {'status': '200', 'content-length': '478', 'content-location': 'http://10.4.1.3:8774/v2.1/9dce242438bf4dbaa0294f56c99c055c/os-networks', 'x-compute-request-id': 'req-03d614ca-c023-462b-b33f-d189322156ef', 'vary': 'X-OpenStack-Nova-API-Version', 'connection': 'close', 'x-openstack-nova-api-version': '2.1', 'date': 'Fri, 19 Feb 2016 23:33:21 GMT', 'content-type': 'application/json'}
        Body: {"networks": [{"cidr_v6": null, "dns2": null, "dns1": null, "gateway": null, "broadcast": null, "netmask": null, "gateway_v6": null, "cidr": null, "label": "public", "id": "7d7c188b-28af-482c-9b6f-5216f9a94643", "netmask_v6": null}, {"cidr_v6": null, "dns2": null, "dns1": null, "gateway": null, "broadcast": null, "netmask": null, "gateway_v6": null, "cidr": null, "label": "tempest-network-smoke--415526907", "id": "f6e0ca7c-4391-4074-b32a-82d7b1f0c292", "netmask_v6": null}]}
2016-02-19 23:33:21,884 26548 WARNING  [tempest.common.fixed_network] (TestNetworkBasicOps:test_update_instance_port_admin_state) Network with name: private not found
2016-02-19 23:33:21,885 26548 INFO     [tempest.common.fixed_network] (TestNetworkBasicOps:test_update_instance_port_admin_state) Found network {} available for tenant
2016-02-19 23:33:25,078 26548 INFO     [tempest_lib.common.rest_client] Request (TestNetworkBasicOps:test_update_instance_port_admin_state): 202 POST http://10.4.1.3:8774/v2.1/9dce242438bf4dbaa0294f56c99c055c/servers 3.192s
2016-02-19 23:33:25,079 26548 DEBUG    [tempest_lib.common.rest_client] Request - Headers: {'Content-Type': 'application/json', 'Accept': 'application/json', 'X-Auth-Token': '&lt;omitted&gt;'}
        Body: {"server": {"name": "tempest-server-smoke-1943209891", "imageRef": "12e5a587-da70-4aeb-a3ac-f12c68f22e83", "key_name": "tempest-TestNetworkBasicOps-763370648", "flavorRef": "42", "networks": [{"uuid": "f6e0ca7c-4391-4074-b32a-82d7b1f0c292"}], "security_groups": [{"name": "tempest-secgroup-smoke-864289964"}]}}
    Response - Headers: {'status': '202', 'content-length': '459', 'x-compute-request-id': 'req-db43f7d2-3237-4fde-834a-8f98735dda08', 'vary': 'X-OpenStack-Nova-API-Version', 'connection': 'close', 'location': 'http://10.4.1.3:8774/v2.1/9dce242438bf4dbaa0294f56c99c055c/servers/32d7b9ab-45ec-4ec9-be14-450ea3b7c778', 'x-openstack-nova-api-version': '2.1', 'date': 'Fri, 19 Feb 2016 23:33:25 GMT', 'content-type': 'application/json'}
        Body: {"server": {"security_groups": [{"name": "tempest-secgroup-smoke-864289964"}], "OS-DCF:diskConfig": "MANUAL", "id": "32d7b9ab-45ec-4ec9-be14-450ea3b7c778", "links": [{"href": "http://10.4.1.3:8774/v2.1/9dce242438bf4dbaa0294f56c99c055c/servers/32d7b9ab-45ec-4ec9-be14-450ea3b7c778", "rel": "self"}, {"href": "http://10.4.1.3:8774/9dce242438bf4dbaa0294f56c99c055c/servers/32d7b9ab-45ec-4ec9-be14-450ea3b7c778", "rel": "bookmark"}], "adminPass": "UcF2nieuKFXk"}}
2016-02-19 23:33:25,601 26548 INFO     [tempest_lib.common.rest_client] Request (TestNetworkBasicOps:test_update_instance_port_admin_state): 200 GET http://10.4.1.3:8774/v2.1/9dce242438bf4dbaa0294f56c99c055c/servers/32d7b9ab-45ec-4ec9-be14-450ea3b7c778 0.517s
2016-02-19 23:33:25,602 26548 DEBUG    [tempest_lib.common.rest_client] Request - Headers: {'Content-Type': 'application/json', 'Accept': 'application/json', 'X-Auth-Token': '&lt;omitted&gt;'}
        Body: None
    Response - Headers: {'status': '200', 'content-length': '1340', 'content-location': 'http://10.4.1.3:8774/v2.1/9dce242438bf4dbaa0294f56c99c055c/servers/32d7b9ab-45ec-4ec9-be14-450ea3b7c778', 'x-compute-request-id': 'req-6b557f84-2d03-4d7b-8c60-c7ce5d66b61a', 'vary': 'X-OpenStack-Nova-API-Version', 'connection': 'close', 'x-openstack-nova-api-version': '2.1', 'date': 'Fri, 19 Feb 2016 23:33:25 GMT', 'content-type': 'application/json'}
        Body: {"server": {"status": "BUILD", "updated": "2016-02-19T23:33:25Z", "hostId": "", "addresses": {}, "links": [{"href": "http://10.4.1.3:8774/v2.1/9dce242438bf4dbaa0294f56c99c055c/servers/32d7b9ab-45ec-4ec9-be14-450ea3b7c778", "rel": "self"}, {"href": "http://10.4.1.3:8774/9dce242438bf4dbaa0294f56c99c055c/servers/32d7b9ab-45ec-4ec9-be14-450ea3b7c778", "rel": "bookmark"}], "key_name": "tempest-TestNetworkBasicOps-763370648", "image": {"id": "12e5a587-da70-4aeb-a3ac-f12c68f22e83", "links": [{"href": "http://10.4.1.3:8774/9dce242438bf4dbaa0294f56c99c055c/images/12e5a587-da70-4aeb-a3ac-f12c68f22e83", "rel": "bookmark"}]}, "OS-EXT-STS:task_state": "scheduling", "OS-EXT-STS:vm_state": "building", "OS-SRV-USG:launched_at": null, "flavor": {"id": "42", "links": [{"href": "http://10.4.1.3:8774/9dce242438bf4dbaa0294f56c99c055c/flavors/42", "rel": "bookmark"}]}, "id": "32d7b9ab-45ec-4ec9-be14-450ea3b7c778", "OS-SRV-USG:terminated_at": null, "OS-EXT-AZ:availability_zone": "", "user_id": "7d9aa3e930cc464f81b33203276d6e6d", "name": "tempest-server-smoke-1943209891", "created": "2016-02-19T23:33:24Z", "tenant_id": "9dce242438bf4dbaa0294f56c99c055c", "OS-DCF:diskConfig": "MANUAL", "os-extended-volumes:volumes_attached": [], "accessIPv4": "", "accessIPv6": "", "progress": 0, "OS-EXT-STS:power_state": 0, "config_drive": "", "metadata": {}}}
2016-02-19 23:33:27,357 26548 INFO     [tempest_lib.common.rest_client] Request (TestNetworkBasicOps:test_update_instance_port_admin_state): 200 GET http://10.4.1.3:8774/v2.1/9dce242438bf4dbaa0294f56c99c055c/servers/32d7b9ab-45ec-4ec9-be14-450ea3b7c778 0.746s
2016-02-19 23:33:27,358 26548 DEBUG    [tempest_lib.common.rest_client] Request - Headers: {'Content-Type': 'application/json', 'Accept': 'application/json', 'X-Auth-Token': '&lt;omitted&gt;'}
        Body: None
    Response - Headers: {'status': '200', 'content-length': '1465', 'content-location': 'http://10.4.1.3:8774/v2.1/9dce242438bf4dbaa0294f56c99c055c/servers/32d7b9ab-45ec-4ec9-be14-450ea3b7c778', 'x-compute-request-id': 'req-9e3b8784-c320-4780-81fb-7baac3c77b4a', 'vary': 'X-OpenStack-Nova-API-Version', 'connection': 'close', 'x-openstack-nova-api-version': '2.1', 'date': 'Fri, 19 Feb 2016 23:33:27 GMT', 'content-type': 'application/json'}
        Body: {"server": {"status": "BUILD", "updated": "2016-02-19T23:33:25Z", "hostId": "34bff12fd977cd6e0cd2aea6ef476a3e0a1453825a9376b3a9332a25", "addresses": {}, "links": [{"href": "http://10.4.1.3:8774/v2.1/9dce242438bf4dbaa0294f56c99c055c/servers/32d7b9ab-45ec-4ec9-be14-450ea3b7c778", "rel": "self"}, {"href": "http://10.4.1.3:8774/9dce242438bf4dbaa0294f56c99c055c/servers/32d7b9ab-45ec-4ec9-be14-450ea3b7c778", "rel": "bookmark"}], "key_name": "tempest-TestNetworkBasicOps-763370648", "image": {"id": "12e5a587-da70-4aeb-a3ac-f12c68f22e83", "links": [{"href": "http://10.4.1.3:8774/9dce242438bf4dbaa0294f56c99c055c/images/12e5a587-da70-4aeb-a3ac-f12c68f22e83", "rel": "bookmark"}]}, "OS-EXT-STS:task_state": "spawning", "OS-EXT-STS:vm_state": "building", "OS-SRV-USG:launched_at": null, "flavor": {"id": "42", "links": [{"href": "http://10.4.1.3:8774/9dce242438bf4dbaa0294f56c99c055c/flavors/42", "rel": "bookmark"}]}, "id": "32d7b9ab-45ec-4ec9-be14-450ea3b7c778", "security_groups": [{"name": "tempest-secgroup-smoke-864289964"}], "OS-SRV-USG:terminated_at": null, "OS-EXT-AZ:availability_zone": "nova", "user_id": "7d9aa3e930cc464f81b33203276d6e6d", "name": "tempest-server-smoke-1943209891", "created": "2016-02-19T23:33:24Z", "tenant_id": "9dce242438bf4dbaa0294f56c99c055c", "OS-DCF:diskConfig": "MANUAL", "os-extended-volumes:volumes_attached": [], "accessIPv4": "", "accessIPv6": "", "progress": 0, "OS-EXT-STS:power_state": 0, "config_drive": "", "metadata": {}}}
2016-02-19 23:33:27,368 26548 INFO     [tempest.common.waiters] State transition "BUILD/scheduling" ==&gt; "BUILD/spawning" after 2 second wait
2016-02-19 23:33:29,106 26548 INFO     [tempest_lib.common.rest_client] Request (TestNetworkBasicOps:test_update_instance_port_admin_state): 200 GET http://10.4.1.3:8774/v2.1/9dce242438bf4dbaa0294f56c99c055c/servers/32d7b9ab-45ec-4ec9-be14-450ea3b7c778 0.736s
2016-02-19 23:33:29,107 26548 DEBUG    [tempest_lib.common.rest_client] Request - Headers: {'Content-Type': 'application/json', 'Accept': 'application/json', 'X-Auth-Token': '&lt;omitted&gt;'}
        Body: None
    Response - Headers: {'status': '200', 'content-length': '1465', 'content-location': 'http://10.4.1.3:8774/v2.1/9dce242438bf4dbaa0294f56c99c055c/servers/32d7b9ab-45ec-4ec9-be14-450ea3b7c778', 'x-compute-request-id': 'req-5574c9e9-8e83-4182-95bf-b8f8b28a8f4b', 'vary': 'X-OpenStack-Nova-API-Version', 'connection': 'close', 'x-openstack-nova-api-version': '2.1', 'date': 'Fri, 19 Feb 2016 23:33:29 GMT', 'content-type': 'application/json'}
        Body: {"server": {"status": "BUILD", "updated": "2016-02-19T23:33:25Z", "hostId": "34bff12fd977cd6e0cd2aea6ef476a3e0a1453825a9376b3a9332a25", "addresses": {}, "links": [{"href": "http://10.4.1.3:8774/v2.1/9dce242438bf4dbaa0294f56c99c055c/servers/32d7b9ab-45ec-4ec9-be14-450ea3b7c778", "rel": "self"}, {"href": "http://10.4.1.3:8774/9dce242438bf4dbaa0294f56c99c055c/servers/32d7b9ab-45ec-4ec9-be14-450ea3b7c778", "rel": "bookmark"}], "key_name": "tempest-TestNetworkBasicOps-763370648", "image": {"id": "12e5a587-da70-4aeb-a3ac-f12c68f22e83", "links": [{"href": "http://10.4.1.3:8774/9dce242438bf4dbaa0294f56c99c055c/images/12e5a587-da70-4aeb-a3ac-f12c68f22e83", "rel": "bookmark"}]}, "OS-EXT-STS:task_state": "spawning", "OS-EXT-STS:vm_state": "building", "OS-SRV-USG:launched_at": null, "flavor": {"id": "42", "links": [{"href": "http://10.4.1.3:8774/9dce242438bf4dbaa0294f56c99c055c/flavors/42", "rel": "bookmark"}]}, "id": "32d7b9ab-45ec-4ec9-be14-450ea3b7c778", "security_groups": [{"name": "tempest-secgroup-smoke-864289964"}], "OS-SRV-USG:terminated_at": null, "OS-EXT-AZ:availability_zone": "nova", "user_id": "7d9aa3e930cc464f81b33203276d6e6d", "name": "tempest-server-smoke-1943209891", "created": "2016-02-19T23:33:24Z", "tenant_id": "9dce242438bf4dbaa0294f56c99c055c", "OS-DCF:diskConfig": "MANUAL", "os-extended-volumes:volumes_attached": [], "accessIPv4": "", "accessIPv6": "", "progress": 0, "OS-EXT-STS:power_state": 0, "config_drive": "", "metadata": {}}}
2016-02-19 23:33:30,832 26548 INFO     [tempest_lib.common.rest_client] Request (TestNetworkBasicOps:test_update_instance_port_admin_state): 200 GET http://10.4.1.3:8774/v2.1/9dce242438bf4dbaa0294f56c99c055c/servers/32d7b9ab-45ec-4ec9-be14-450ea3b7c778 0.713s
2016-02-19 23:33:30,832 26548 DEBUG    [tempest_lib.common.rest_client] Request - Headers: {'Content-Type': 'application/json', 'Accept': 'application/json', 'X-Auth-Token': '&lt;omitted&gt;'}
        Body: None
    Response - Headers: {'status': '200', 'content-length': '1636', 'content-location': 'http://10.4.1.3:8774/v2.1/9dce242438bf4dbaa0294f56c99c055c/servers/32d7b9ab-45ec-4ec9-be14-450ea3b7c778', 'x-compute-request-id': 'req-69dfcca2-00c3-4ce1-8383-ea2ff0da6666', 'vary': 'X-OpenStack-Nova-API-Version', 'connection': 'close', 'x-openstack-nova-api-version': '2.1', 'date': 'Fri, 19 Feb 2016 23:33:30 GMT', 'content-type': 'application/json'}
        Body: {"server": {"status": "ACTIVE", "updated": "2016-02-19T23:33:29Z", "hostId": "34bff12fd977cd6e0cd2aea6ef476a3e0a1453825a9376b3a9332a25", "addresses": {"tempest-network-smoke--415526907": [{"OS-EXT-IPS-MAC:mac_addr": "fa:16:3e:e6:b2:ff", "version": 4, "addr": "10.100.0.3", "OS-EXT-IPS:type": "fixed"}]}, "links": [{"href": "http://10.4.1.3:8774/v2.1/9dce242438bf4dbaa0294f56c99c055c/servers/32d7b9ab-45ec-4ec9-be14-450ea3b7c778", "rel": "self"}, {"href": "http://10.4.1.3:8774/9dce242438bf4dbaa0294f56c99c055c/servers/32d7b9ab-45ec-4ec9-be14-450ea3b7c778", "rel": "bookmark"}], "key_name": "tempest-TestNetworkBasicOps-763370648", "image": {"id": "12e5a587-da70-4aeb-a3ac-f12c68f22e83", "links": [{"href": "http://10.4.1.3:8774/9dce242438bf4dbaa0294f56c99c055c/images/12e5a587-da70-4aeb-a3ac-f12c68f22e83", "rel": "bookmark"}]}, "OS-EXT-STS:task_state": null, "OS-EXT-STS:vm_state": "active", "OS-SRV-USG:launched_at": "2016-02-19T23:33:29.000000", "flavor": {"id": "42", "links": [{"href": "http://10.4.1.3:8774/9dce242438bf4dbaa0294f56c99c055c/flavors/42", "rel": "bookmark"}]}, "id": "32d7b9ab-45ec-4ec9-be14-450ea3b7c778", "security_groups": [{"name": "tempest-secgroup-smoke-864289964"}], "OS-SRV-USG:terminated_at": null, "OS-EXT-AZ:availability_zone": "nova", "user_id": "7d9aa3e930cc464f81b33203276d6e6d", "name": "tempest-server-smoke-1943209891", "created": "2016-02-19T23:33:24Z", "tenant_id": "9dce242438bf4dbaa0294f56c99c055c", "OS-DCF:diskConfig": "MANUAL", "os-extended-volumes:volumes_attached": [], "accessIPv4": "", "accessIPv6": "", "progress": 0, "OS-EXT-STS:power_state": 1, "config_drive": "True", "metadata": {}}}
2016-02-19 23:33:30,847 26548 INFO     [tempest.common.waiters] State transition "BUILD/spawning" ==&gt; "ACTIVE/None" after 5 second wait
2016-02-19 23:33:31,623 26548 INFO     [tempest_lib.common.rest_client] Request (TestNetworkBasicOps:test_update_instance_port_admin_state): 200 GET http://10.4.1.3:8774/v2.1/9dce242438bf4dbaa0294f56c99c055c/servers/32d7b9ab-45ec-4ec9-be14-450ea3b7c778 0.775s
2016-02-19 23:33:31,623 26548 DEBUG    [tempest_lib.common.rest_client] Request - Headers: {'Content-Type': 'application/json', 'Accept': 'application/json', 'X-Auth-Token': '&lt;omitted&gt;'}
        Body: None
    Response - Headers: {'status': '200', 'content-length': '1636', 'content-location': 'http://10.4.1.3:8774/v2.1/9dce242438bf4dbaa0294f56c99c055c/servers/32d7b9ab-45ec-4ec9-be14-450ea3b7c778', 'x-compute-request-id': 'req-fdadaf4c-ab1d-4cf8-9cd4-f19195d6b2a2', 'vary': 'X-OpenStack-Nova-API-Version', 'connection': 'close', 'x-openstack-nova-api-version': '2.1', 'date': 'Fri, 19 Feb 2016 23:33:31 GMT', 'content-type': 'application/json'}
        Body: {"server": {"status": "ACTIVE", "updated": "2016-02-19T23:33:29Z", "hostId": "34bff12fd977cd6e0cd2aea6ef476a3e0a1453825a9376b3a9332a25", "addresses": {"tempest-network-smoke--415526907": [{"OS-EXT-IPS-MAC:mac_addr": "fa:16:3e:e6:b2:ff", "version": 4, "addr": "10.100.0.3", "OS-EXT-IPS:type": "fixed"}]}, "links": [{"href": "http://10.4.1.3:8774/v2.1/9dce242438bf4dbaa0294f56c99c055c/servers/32d7b9ab-45ec-4ec9-be14-450ea3b7c778", "rel": "self"}, {"href": "http://10.4.1.3:8774/9dce242438bf4dbaa0294f56c99c055c/servers/32d7b9ab-45ec-4ec9-be14-450ea3b7c778", "rel": "bookmark"}], "key_name": "tempest-TestNetworkBasicOps-763370648", "image": {"id": "12e5a587-da70-4aeb-a3ac-f12c68f22e83", "links": [{"href": "http://10.4.1.3:8774/9dce242438bf4dbaa0294f56c99c055c/images/12e5a587-da70-4aeb-a3ac-f12c68f22e83", "rel": "bookmark"}]}, "OS-EXT-STS:task_state": null, "OS-EXT-STS:vm_state": "active", "OS-SRV-USG:launched_at": "2016-02-19T23:33:29.000000", "flavor": {"id": "42", "links": [{"href": "http://10.4.1.3:8774/9dce242438bf4dbaa0294f56c99c055c/flavors/42", "rel": "bookmark"}]}, "id": "32d7b9ab-45ec-4ec9-be14-450ea3b7c778", "security_groups": [{"name": "tempest-secgroup-smoke-864289964"}], "OS-SRV-USG:terminated_at": null, "OS-EXT-AZ:availability_zone": "nova", "user_id": "7d9aa3e930cc464f81b33203276d6e6d", "name": "tempest-server-smoke-1943209891", "created": "2016-02-19T23:33:24Z", "tenant_id": "9dce242438bf4dbaa0294f56c99c055c", "OS-DCF:diskConfig": "MANUAL", "os-extended-volumes:volumes_attached": [], "accessIPv4": "", "accessIPv6": "", "progress": 0, "OS-EXT-STS:power_state": 1, "config_drive": "True", "metadata": {}}}
2016-02-19 23:33:31,632 26548 INFO     [tempest.scenario.manager] Tenant networks not configured to be reachable.
2016-02-19 23:33:31,845 26548 INFO     [tempest_lib.common.rest_client] Request (TestNetworkBasicOps:test_update_instance_port_admin_state): 200 GET http://10.4.1.3:9696/v2.0/ports?fixed_ip=None&amp;device_id=32d7b9ab-45ec-4ec9-be14-450ea3b7c778 0.212s
2016-02-19 23:33:31,845 26548 DEBUG    [tempest_lib.common.rest_client] Request - Headers: {'Content-Type': 'application/json', 'Accept': 'application/json', 'X-Auth-Token': '&lt;omitted&gt;'}
        Body: None
    Response - Headers: {'status': '200', 'content-length': '773', 'content-location': 'http://10.4.1.3:9696/v2.0/ports?fixed_ip=None&amp;device_id=32d7b9ab-45ec-4ec9-be14-450ea3b7c778', 'connection': 'close', 'date': 'Fri, 19 Feb 2016 23:33:31 GMT', 'content-type': 'application/json; charset=UTF-8', 'x-openstack-request-id': 'req-361378fb-124c-4e29-ba05-cdf956f4044f'}
        Body: {"ports": [{"status": "ACTIVE", "binding:host_id": "vagrant-ubuntu-trusty-64", "allowed_address_pairs": [], "extra_dhcp_opts": [], "device_owner": "compute:None", "port_security_enabled": true, "binding:profile": {}, "fixed_ips": [{"subnet_id": "6f5bf217-9935-419e-b350-a8429e3a4bad", "ip_address": "10.100.0.3"}], "id": "c2228a07-5ed2-4c7c-bfa9-fd10d479a291", "security_groups": ["54b5bd75-568d-4302-8224-03d0b3866e2b"], "device_id": "32d7b9ab-45ec-4ec9-be14-450ea3b7c778", "name": "", "admin_state_up": true, "network_id": "f6e0ca7c-4391-4074-b32a-82d7b1f0c292", "dns_name": null, "binding:vif_details": {"port_filter": true}, "binding:vnic_type": "normal", "binding:vif_type": "ovs", "tenant_id": "9dce242438bf4dbaa0294f56c99c055c", "mac_address": "fa:16:3e:e6:b2:ff"}]}
2016-02-19 23:33:32,757 26548 INFO     [tempest_lib.common.rest_client] Request (TestNetworkBasicOps:test_update_instance_port_admin_state): 201 POST http://10.4.1.3:9696/v2.0/floatingips 0.911s
2016-02-19 23:33:32,758 26548 DEBUG    [tempest_lib.common.rest_client] Request - Headers: {'Content-Type': 'application/json', 'Accept': 'application/json', 'X-Auth-Token': '&lt;omitted&gt;'}
        Body: {"floatingip": {"floating_network_id": "7d7c188b-28af-482c-9b6f-5216f9a94643", "tenant_id": "9dce242438bf4dbaa0294f56c99c055c", "fixed_ip_address": "10.100.0.3", "port_id": "c2228a07-5ed2-4c7c-bfa9-fd10d479a291"}}
    Response - Headers: {'status': '201', 'content-length': '368', 'connection': 'close', 'date': 'Fri, 19 Feb 2016 23:33:32 GMT', 'content-type': 'application/json; charset=UTF-8', 'x-openstack-request-id': 'req-36a8b0fb-254c-4773-982f-7e881cd221f5'}
        Body: {"floatingip": {"floating_network_id": "7d7c188b-28af-482c-9b6f-5216f9a94643", "router_id": "1a00ad2f-0122-4028-8900-237a43000e49", "fixed_ip_address": "10.100.0.3", "floating_ip_address": "172.24.4.16", "tenant_id": "9dce242438bf4dbaa0294f56c99c055c", "status": "DOWN", "port_id": "c2228a07-5ed2-4c7c-bfa9-fd10d479a291", "id": "4b7a7f5b-a005-4da4-8377-b21e303d77e3"}}
2016-02-19 23:33:33,009 26548 INFO     [tempest_lib.common.rest_client] Request (TestNetworkBasicOps:test_update_instance_port_admin_state): 200 GET http://10.4.1.3:9696/v2.0/ports?device_id=32d7b9ab-45ec-4ec9-be14-450ea3b7c778 0.251s
2016-02-19 23:33:33,010 26548 DEBUG    [tempest_lib.common.rest_client] Request - Headers: {'Content-Type': 'application/json', 'Accept': 'application/json', 'X-Auth-Token': '&lt;omitted&gt;'}
        Body: None
    Response - Headers: {'status': '200', 'content-length': '773', 'content-location': 'http://10.4.1.3:9696/v2.0/ports?device_id=32d7b9ab-45ec-4ec9-be14-450ea3b7c778', 'connection': 'close', 'date': 'Fri, 19 Feb 2016 23:33:33 GMT', 'content-type': 'application/json; charset=UTF-8', 'x-openstack-request-id': 'req-376f27d2-42db-4dc6-9b4a-7562d9836820'}
        Body: {"ports": [{"status": "ACTIVE", "binding:host_id": "vagrant-ubuntu-trusty-64", "allowed_address_pairs": [], "extra_dhcp_opts": [], "device_owner": "compute:None", "port_security_enabled": true, "binding:profile": {}, "fixed_ips": [{"subnet_id": "6f5bf217-9935-419e-b350-a8429e3a4bad", "ip_address": "10.100.0.3"}], "id": "c2228a07-5ed2-4c7c-bfa9-fd10d479a291", "security_groups": ["54b5bd75-568d-4302-8224-03d0b3866e2b"], "device_id": "32d7b9ab-45ec-4ec9-be14-450ea3b7c778", "name": "", "admin_state_up": true, "network_id": "f6e0ca7c-4391-4074-b32a-82d7b1f0c292", "dns_name": null, "binding:vif_details": {"port_filter": true}, "binding:vnic_type": "normal", "binding:vif_type": "ovs", "tenant_id": "9dce242438bf4dbaa0294f56c99c055c", "mac_address": "fa:16:3e:e6:b2:ff"}]}
2016-02-19 23:33:33,234 26548 INFO     [tempest_lib.common.rest_client] Request (TestNetworkBasicOps:test_update_instance_port_admin_state): 200 GET http://10.4.1.3:9696/v2.0/floatingips/4b7a7f5b-a005-4da4-8377-b21e303d77e3 0.223s
2016-02-19 23:33:33,235 26548 DEBUG    [tempest_lib.common.rest_client] Request - Headers: {'Content-Type': 'application/json', 'Accept': 'application/json', 'X-Auth-Token': '&lt;omitted&gt;'}
        Body: None
    Response - Headers: {'status': '200', 'content-length': '402', 'content-location': 'http://10.4.1.3:9696/v2.0/floatingips/4b7a7f5b-a005-4da4-8377-b21e303d77e3', 'connection': 'close', 'date': 'Fri, 19 Feb 2016 23:33:33 GMT', 'content-type': 'application/json; charset=UTF-8', 'x-openstack-request-id': 'req-7d88f1f5-7712-424e-8bbb-be7d04e6d500'}
        Body: {"floatingip": {"floating_network_id": "7d7c188b-28af-482c-9b6f-5216f9a94643", "router_id": "1a00ad2f-0122-4028-8900-237a43000e49", "fixed_ip_address": "10.100.0.3", "floating_ip_address": "172.24.4.16", "dns_name": "", "tenant_id": "9dce242438bf4dbaa0294f56c99c055c", "status": "DOWN", "port_id": "c2228a07-5ed2-4c7c-bfa9-fd10d479a291", "id": "4b7a7f5b-a005-4da4-8377-b21e303d77e3", "dns_domain": ""}}
2016-02-19 23:33:34,425 26548 INFO     [tempest_lib.common.rest_client] Request (TestNetworkBasicOps:test_update_instance_port_admin_state): 200 GET http://10.4.1.3:9696/v2.0/floatingips/4b7a7f5b-a005-4da4-8377-b21e303d77e3 0.188s
2016-02-19 23:33:34,426 26548 DEBUG    [tempest_lib.common.rest_client] Request - Headers: {'Content-Type': 'application/json', 'Accept': 'application/json', 'X-Auth-Token': '&lt;omitted&gt;'}
        Body: None
    Response - Headers: {'status': '200', 'content-length': '404', 'content-location': 'http://10.4.1.3:9696/v2.0/floatingips/4b7a7f5b-a005-4da4-8377-b21e303d77e3', 'connection': 'close', 'date': 'Fri, 19 Feb 2016 23:33:34 GMT', 'content-type': 'application/json; charset=UTF-8', 'x-openstack-request-id': 'req-b590fe0f-e90e-4355-a033-1e65a95a5628'}
        Body: {"floatingip": {"floating_network_id": "7d7c188b-28af-482c-9b6f-5216f9a94643", "router_id": "1a00ad2f-0122-4028-8900-237a43000e49", "fixed_ip_address": "10.100.0.3", "floating_ip_address": "172.24.4.16", "dns_name": "", "tenant_id": "9dce242438bf4dbaa0294f56c99c055c", "status": "ACTIVE", "port_id": "c2228a07-5ed2-4c7c-bfa9-fd10d479a291", "id": "4b7a7f5b-a005-4da4-8377-b21e303d77e3", "dns_domain": ""}}
2016-02-19 23:33:34,427 26548 INFO     [tempest.scenario.manager] FloatingIP: &lt;"FloatingIP" addr="172.24.4.16" id="4b7a7f5b-a005-4da4-8377-b21e303d77e3"&gt; is at status: ACTIVE
2016-02-19 23:33:34,427 26548 DEBUG    [tempest.scenario.manager] checking network connections to IP 172.24.4.16 with user: cirros
2016-02-19 23:33:34,427 26548 DEBUG    [tempest.scenario.manager] TestNetworkBasicOps:test_update_instance_port_admin_state begins to ping 172.24.4.16 in 120 sec and the expected result is reachable
2016-02-19 23:33:50,511 26548 DEBUG    [tempest.scenario.manager] TestNetworkBasicOps:test_update_instance_port_admin_state finishes ping 172.24.4.16 in 120 sec and the ping result is expected
2016-02-19 23:33:50,514 26548 INFO     [tempest_lib.common.ssh] Creating ssh connection to '172.24.4.16' as 'cirros' with public key authentication
2016-02-19 23:33:50,518 26548 WARNING  [tempest_lib.common.ssh] Failed to establish authenticated ssh connection to cirros@172.24.4.16 ([Errno None] Unable to connect to port 22 on  or 172.24.4.16). Number attempts: 1. Retry after 2 seconds.
2016-02-19 23:33:53,129 26548 INFO     [paramiko.transport] Connected (version 2.0, client dropbear_2012.55)
2016-02-19 23:33:53,556 26548 INFO     [paramiko.transport] Authentication (publickey) successful!
2016-02-19 23:33:53,581 26548 INFO     [tempest_lib.common.ssh] ssh connection to cirros@172.24.4.16 successfully created
2016-02-19 23:33:54,118 26548 INFO     [tempest_lib.common.rest_client] Request (TestNetworkBasicOps:test_update_instance_port_admin_state): 200 PUT http://10.4.1.3:9696/v2.0/ports/c2228a07-5ed2-4c7c-bfa9-fd10d479a291 0.420s
2016-02-19 23:33:54,119 26548 DEBUG    [tempest_lib.common.rest_client] Request - Headers: {'Content-Type': 'application/json', 'Accept': 'application/json', 'X-Auth-Token': '&lt;omitted&gt;'}
        Body: {"port": {"admin_state_up": false}}
    Response - Headers: {'status': '200', 'content-length': '628', 'connection': 'close', 'date': 'Fri, 19 Feb 2016 23:33:54 GMT', 'content-type': 'application/json; charset=UTF-8', 'x-openstack-request-id': 'req-0f299240-b24d-4b3d-aeae-2ac8f3b1fdff'}
        Body: {"port": {"status": "ACTIVE", "name": "", "allowed_address_pairs": [], "admin_state_up": false, "network_id": "f6e0ca7c-4391-4074-b32a-82d7b1f0c292", "dns_name": null, "extra_dhcp_opts": [], "mac_address": "fa:16:3e:e6:b2:ff", "binding:vnic_type": "normal", "device_owner": "compute:None", "tenant_id": "9dce242438bf4dbaa0294f56c99c055c", "port_security_enabled": true, "fixed_ips": [{"subnet_id": "6f5bf217-9935-419e-b350-a8429e3a4bad", "ip_address": "10.100.0.3"}], "id": "c2228a07-5ed2-4c7c-bfa9-fd10d479a291", "security_groups": ["54b5bd75-568d-4302-8224-03d0b3866e2b"], "device_id": "32d7b9ab-45ec-4ec9-be14-450ea3b7c778"}}
2016-02-19 23:33:54,119 26548 DEBUG    [tempest.scenario.manager] checking network connections to IP 172.24.4.16 with user: cirros
2016-02-19 23:33:54,120 26548 DEBUG    [tempest.scenario.manager] TestNetworkBasicOps:test_update_instance_port_admin_state begins to ping 172.24.4.16 in 120 sec and the expected result is unreachable
2016-02-19 23:35:54,638 26548 DEBUG    [tempest.scenario.manager] TestNetworkBasicOps:test_update_instance_port_admin_state finishes ping 172.24.4.16 in 120 sec and the ping result is unexpected
2016-02-19 23:35:54,639 26548 ERROR    [tempest.scenario.manager] Public network connectivity check failed: after updating admin_state_up of instance port to False
2016-02-19 23:35:54.639 26548 ERROR tempest.scenario.manager Traceback (most recent call last):
2016-02-19 23:35:54.639 26548 ERROR tempest.scenario.manager   File "tempest/scenario/manager.py", line 598, in check_public_network_connectivity
2016-02-19 23:35:54.639 26548 ERROR tempest.scenario.manager     should_connect=should_connect)
2016-02-19 23:35:54.639 26548 ERROR tempest.scenario.manager   File "tempest/scenario/manager.py", line 582, in check_vm_connectivity
2016-02-19 23:35:54.639 26548 ERROR tempest.scenario.manager     msg=msg)
2016-02-19 23:35:54.639 26548 ERROR tempest.scenario.manager   File "/usr/local/lib/python2.7/dist-packages/unittest2/case.py", line 702, in assertTrue
2016-02-19 23:35:54.639 26548 ERROR tempest.scenario.manager     raise self.failureException(msg)
2016-02-19 23:35:54.639 26548 ERROR tempest.scenario.manager AssertionError: False is not true : ip address 172.24.4.16 is reachable
2016-02-19 23:35:54.639 26548 ERROR tempest.scenario.manager 
2016-02-19 23:35:55,068 26548 INFO     [tempest_lib.common.rest_client] Request (TestNetworkBasicOps:test_update_instance_port_admin_state): 200 POST http://10.4.1.3:8774/v2.1/9dce242438bf4dbaa0294f56c99c055c/servers/32d7b9ab-45ec-4ec9-be14-450ea3b7c778/action 0.423s
2016-02-19 23:35:55,069 26548 DEBUG    [tempest_lib.common.rest_client] Request - Headers: {'Content-Type': 'application/json', 'Accept': 'application/json', 'X-Auth-Token': '&lt;omitted&gt;'}
        Body: {"os-getConsoleOutput": {}}
    Response - Headers: {'status': '200', 'content-length': '19794', 'x-compute-request-id': 'req-235f55db-9e2c-4837-9e31-3776426d8067', 'vary': 'X-OpenStack-Nova-API-Version', 'connection': 'close', 'x-openstack-nova-api-version': '2.1', 'date': 'Fri, 19 Feb 2016 23:35:55 GMT', 'content-type': 'application/json'}
        Body: {"output": "[    0.000000] Initializing cgroup subsys cpuset\n[    0.000000] Initializing cgroup subsys cpu\n[    0.000000] Linux version 3.2.0-80-virtual (buildd@batsu) (gcc version 4.6.3 (Ubuntu/Linaro 4.6.3-1ubuntu5) ) #116-Ubuntu SMP Mon Mar 23 17:28:52 UTC 2015 (Ubuntu 3.2.0-80.116-virtual 3.2.68)\n[    0.000000] Command line: root=/dev/vda console=tty0 console=ttyS0 no_timer_check\n[    0.000000] KERNEL supported cpus:\n[    0.000000]   Intel GenuineIntel\n[    0.000000]   AMD AuthenticAMD\n[    0.000000]   Centaur CentaurHauls\n[    0.000000] BIOS-provided physical RAM map:\n[    0.000000]  BIOS-e820: 0000000000000000 - 000000000009fc00 (usable)\n[    0.000000]  BIOS-e820: 000000000009fc00 - 00000000000a0000 (reserved)\n[    0.000000]  BIOS-e820: 00000000000f0000 - 0000000000100000 (reserved)\n[    0.000000]  BIOS-e820: 0000000000100000 - 0000000003ffe000 (usable)\n[    0.000000]  BIOS-e820: 0000000003ffe000 - 0000000004000000 (reserved)\n[    0.000000]  BIOS-e820: 00000000fffc0000 - 0000000100000000 (reserved)\n[    0.000000] NX (Execute Disable) protection: active\n[    0.000000] SMBIOS 2.4 present.\n[    0.000000] No AGP bridge found\n[    0.000000] last_pfn = 0x3ffe max_arch_pfn = 0x400000000\n[    0.000000] x86 PAT enabled: cpu 0, old 0x7040600070406, new 0x7010600070106\n[    0.000000] found SMP MP-table at [ffff8800000f0b00] f0b00\n[    0.000000] init_memory_mapping: 0000000000000000-0000000003ffe000\n[    0.000000] RAMDISK: 03c5e000 - 03ff0000\n[    0.000000] ACPI: RSDP 00000000000f0950 00014 (v00 BOCHS )\n[    0.000000] ACPI: RSDT 0000000003fffbc1 00034 (v01 BOCHS  BXPCRSDT 00000001 BXPC 00000001)\n[    0.000000] ACPI: FACP 0000000003fff1c0 00074 (v01 BOCHS  BXPCFACP 00000001 BXPC 00000001)\n[    0.000000] ACPI: DSDT 0000000003ffe040 01180 (v01 BOCHS  BXPCDSDT 00000001 BXPC 00000001)\n[    0.000000] ACPI: FACS 0000000003ffe000 00040\n[    0.000000] ACPI: SSDT 0000000003fff234 008DD (v01 BOCHS  BXPCSSDT 00000001 BXPC 00000001)\n[    0.000000] ACPI: APIC 0000000003fffb11 00078 (v01 BOCHS  BXPCAPIC 00000001 BXPC 00000001)\n[    0.000000] ACPI: HPET 0000000003fffb89 00038 (v01 BOCHS  BXPCHPET 00000001 BXPC 00000001)\n[    0.000000] No NUMA configuration found\n[    0.000000] Faking a node at 0000000000000000-0000000003ffe000\n[    0.000000] Initmem setup node 0 0000000000000000-0000000003ffe000\n[    0.000000]   NODE_DATA [0000000003ff6000 - 0000000003ffafff]\n[    0.000000] Zone PFN ranges:\n[    0.000000]   DMA      0x00000010 -&gt; 0x00001000\n[    0.000000]   DMA32    0x00001000 -&gt; 0x00100000\n[    0.000000]   Normal   empty\n[    0.000000] Movable zone start PFN for each node\n[    0.000000] early_node_map[2] active PFN ranges\n[    0.000000]     0: 0x00000010 -&gt; 0x0000009f\n[    0.000000]     0: 0x00000100 -&gt; 0x00003ffe\n[    0.000000] ACPI: PM-Timer IO Port: 0xb008\n[    0.000000] ACPI: LAPIC (acpi_id[0x00] lapic_id[0x00] enabled)\n[    0.000000] ACPI: LAPIC_NMI (acpi_id[0xff] dfl dfl lint[0x1])\n[    0.000000] ACPI: IOAPIC (id[0x00] address[0xfec00000] gsi_base[0])\n[    0.000000] IOAPIC[0]: apic_id 0, version 17, address 0xfec00000, GSI 0-23\n[    0.000000] ACPI: INT_SRC_OVR (bus 0 bus_irq 0 global_irq 2 dfl dfl)\n[    0.000000] ACPI: INT_SRC_OVR (bus 0 bus_irq 5 global_irq 5 high level)\n[    0.000000] ACPI: INT_SRC_OVR (bus 0 bus_irq 9 global_irq 9 high level)\n[    0.000000] ACPI: INT_SRC_OVR (bus 0 bus_irq 10 global_irq 10 high level)\n[    0.000000] ACPI: INT_SRC_OVR (bus 0 bus_irq 11 global_irq 11 high level)\n[    0.000000] Using ACPI (MADT) for SMP configuration information\n[    0.000000] ACPI: HPET id: 0x8086a201 base: 0xfed00000\n[    0.000000] SMP: Allowing 1 CPUs, 0 hotplug CPUs\n[    0.000000] PM: Registered nosave memory: 000000000009f000 - 00000000000a0000\n[    0.000000] PM: Registered nosave memory: 00000000000a0000 - 00000000000f0000\n[    0.000000] PM: Registered nosave memory: 00000000000f0000 - 0000000000100000\n[    0.000000] Allocating PCI resources starting at 4000000 (gap: 4000000:fbfc0000)\n[    0.000000] Booting paravirtualized kernel on bare hardware\n[    0.000000] setup_pe
2016-02-19 23:35:55,073 26548 DEBUG    [tempest.scenario.manager] Console output for 32d7b9ab-45ec-4ec9-be14-450ea3b7c778
body=
[    0.000000] Initializing cgroup subsys cpuset
[    0.000000] Initializing cgroup subsys cpu
[    0.000000] Linux version 3.2.0-80-virtual (buildd@batsu) (gcc version 4.6.3 (Ubuntu/Linaro 4.6.3-1ubuntu5) ) #116-Ubuntu SMP Mon Mar 23 17:28:52 UTC 2015 (Ubuntu 3.2.0-80.116-virtual 3.2.68)
[    0.000000] Command line: root=/dev/vda console=tty0 console=ttyS0 no_timer_check
[    0.000000] KERNEL supported cpus:
[    0.000000]   Intel GenuineIntel
[    0.000000]   AMD AuthenticAMD
[    0.000000]   Centaur CentaurHauls
[    0.000000] BIOS-provided physical RAM map:
[    0.000000]  BIOS-e820: 0000000000000000 - 000000000009fc00 (usable)
[    0.000000]  BIOS-e820: 000000000009fc00 - 00000000000a0000 (reserved)
[    0.000000]  BIOS-e820: 00000000000f0000 - 0000000000100000 (reserved)
[    0.000000]  BIOS-e820: 0000000000100000 - 0000000003ffe000 (usable)
[    0.000000]  BIOS-e820: 0000000003ffe000 - 0000000004000000 (reserved)
[    0.000000]  BIOS-e820: 00000000fffc0000 - 0000000100000000 (reserved)
[    0.000000] NX (Execute Disable) protection: active
[    0.000000] SMBIOS 2.4 present.
[    0.000000] No AGP bridge found
[    0.000000] last_pfn = 0x3ffe max_arch_pfn = 0x400000000
[    0.000000] x86 PAT enabled: cpu 0, old 0x7040600070406, new 0x7010600070106
[    0.000000] found SMP MP-table at [ffff8800000f0b00] f0b00
[    0.000000] init_memory_mapping: 0000000000000000-0000000003ffe000
[    0.000000] RAMDISK: 03c5e000 - 03ff0000
[    0.000000] ACPI: RSDP 00000000000f0950 00014 (v00 BOCHS )
[    0.000000] ACPI: RSDT 0000000003fffbc1 00034 (v01 BOCHS  BXPCRSDT 00000001 BXPC 00000001)
[    0.000000] ACPI: FACP 0000000003fff1c0 00074 (v01 BOCHS  BXPCFACP 00000001 BXPC 00000001)
[    0.000000] ACPI: DSDT 0000000003ffe040 01180 (v01 BOCHS  BXPCDSDT 00000001 BXPC 00000001)
[    0.000000] ACPI: FACS 0000000003ffe000 00040
[    0.000000] ACPI: SSDT 0000000003fff234 008DD (v01 BOCHS  BXPCSSDT 00000001 BXPC 00000001)
[    0.000000] ACPI: APIC 0000000003fffb11 00078 (v01 BOCHS  BXPCAPIC 00000001 BXPC 00000001)
[    0.000000] ACPI: HPET 0000000003fffb89 00038 (v01 BOCHS  BXPCHPET 00000001 BXPC 00000001)
[    0.000000] No NUMA configuration found
[    0.000000] Faking a node at 0000000000000000-0000000003ffe000
[    0.000000] Initmem setup node 0 0000000000000000-0000000003ffe000
[    0.000000]   NODE_DATA [0000000003ff6000 - 0000000003ffafff]
[    0.000000] Zone PFN ranges:
[    0.000000]   DMA      0x00000010 -&gt; 0x00001000
[    0.000000]   DMA32    0x00001000 -&gt; 0x00100000
[    0.000000]   Normal   empty
[    0.000000] Movable zone start PFN for each node
[    0.000000] early_node_map[2] active PFN ranges
[    0.000000]     0: 0x00000010 -&gt; 0x0000009f
[    0.000000]     0: 0x00000100 -&gt; 0x00003ffe
[    0.000000] ACPI: PM-Timer IO Port: 0xb008
[    0.000000] ACPI: LAPIC (acpi_id[0x00] lapic_id[0x00] enabled)
[    0.000000] ACPI: LAPIC_NMI (acpi_id[0xff] dfl dfl lint[0x1])
[    0.000000] ACPI: IOAPIC (id[0x00] address[0xfec00000] gsi_base[0])
[    0.000000] IOAPIC[0]: apic_id 0, version 17, address 0xfec00000, GSI 0-23
[    0.000000] ACPI: INT_SRC_OVR (bus 0 bus_irq 0 global_irq 2 dfl dfl)
[    0.000000] ACPI: INT_SRC_OVR (bus 0 bus_irq 5 global_irq 5 high level)
[    0.000000] ACPI: INT_SRC_OVR (bus 0 bus_irq 9 global_irq 9 high level)
[    0.000000] ACPI: INT_SRC_OVR (bus 0 bus_irq 10 global_irq 10 high level)
[    0.000000] ACPI: INT_SRC_OVR (bus 0 bus_irq 11 global_irq 11 high level)
[    0.000000] Using ACPI (MADT) for SMP configuration information
[    0.000000] ACPI: HPET id: 0x8086a201 base: 0xfed00000
[    0.000000] SMP: Allowing 1 CPUs, 0 hotplug CPUs
[    0.000000] PM: Registered nosave memory: 000000000009f000 - 00000000000a0000
[    0.000000] PM: Registered nosave memory: 00000000000a0000 - 00000000000f0000
[    0.000000] PM: Registered nosave memory: 00000000000f0000 - 0000000000100000
[    0.000000] Allocating PCI resources starting at 4000000 (gap: 4000000:fbfc0000)
[    0.000000] Booting paravirtualized kernel on bare hardware
[    0.000000] setup_percpu: NR_CPUS:64 nr_cpumask_bits:64 nr_cpu_ids:1 nr_node_ids:1
[    0.000000] PERCPU: Embedded 27 pages/cpu @ffff880003a00000 s78848 r8192 d23552 u2097152
[    0.000000] Built 1 zonelists in Node order, mobility grouping on.  Total pages: 16008
[    0.000000] Policy zone: DMA32
[    0.000000] Kernel command line: root=/dev/vda console=tty0 console=ttyS0 no_timer_check
[    0.000000] PID hash table entries: 256 (order: -1, 2048 bytes)
[    0.000000] Checking aperture...
[    0.000000] No AGP bridge found
[    0.000000] Memory: 43492k/65528k available (6576k kernel code, 452k absent, 21584k reserved, 6620k data, 928k init)
[    0.000000] SLUB: Genslabs=15, HWalign=64, Order=0-3, MinObjects=0, CPUs=1, Nodes=1
[    0.000000] Hierarchical RCU implementation.
[    0.000000] 	RCU dyntick-idle grace-period acceleration is enabled.
[    0.000000] NR_IRQS:4352 nr_irqs:256 16
[    0.000000] Console: colour VGA+ 80x25
[    0.000000] console [tty0] enabled
[    0.000000] console [ttyS0] enabled
[    0.000000] allocated 1048576 bytes of page_cgroup
[    0.000000] please try 'cgroup_disable=memory' option if you don't want memory cgroups
[    0.000000] Fast TSC calibration failed
[    0.000000] TSC: Unable to calibrate against PIT
[    0.000000] TSC: using HPET reference calibration
[    0.000000] Detected 2290.663 MHz processor.
[    0.033593] Calibrating delay loop (skipped), value calculated using timer frequency.. 4581.32 BogoMIPS (lpj=9162652)
[    0.035546] pid_max: default: 32768 minimum: 301
[    0.042591] Security Framework initialized
[    0.047104] AppArmor: AppArmor initialized
[    0.048118] Yama: becoming mindful.
[    0.054776] Dentry cache hash table entries: 8192 (order: 4, 65536 bytes)
[    0.056640] Inode-cache hash table entries: 4096 (order: 3, 32768 bytes)
[    0.058275] Mount-cache hash table entries: 256
[    0.077912] Initializing cgroup subsys cpuacct
[    0.078885] Initializing cgroup subsys memory
[    0.080953] Initializing cgroup subsys devices
[    0.081936] Initializing cgroup subsys freezer
[    0.082664] Initializing cgroup subsys blkio
[    0.084192] Initializing cgroup subsys perf_event
[    0.089136] mce: CPU supports 10 MCE banks
[    0.092389] SMP alternatives: switching to UP code
[    0.460739] Freeing SMP alternatives: 24k freed
[    0.462434] ACPI: Core revision 20110623
[    0.512494] ftrace: allocating 26610 entries in 105 pages
[    0.547346] ..TIMER: vector=0x30 apic1=0 pin1=2 apic2=-1 pin2=-1
[    0.548151] CPU0: AMD QEMU Virtual CPU version 2.0.0 stepping 03
[    0.552033] Performance Events: Broken PMU hardware detected, using software events only.
[    0.558984] NMI watchdog disabled (cpu0): hardware events not enabled
[    0.560750] Brought up 1 CPUs
[    0.561291] Total of 1 processors activated (4581.32 BogoMIPS).
[    0.585054] devtmpfs: initialized
[    0.615465] EVM: security.selinux
[    0.616122] EVM: security.SMACK64
[    0.616940] EVM: security.capability
[    0.640358] print_constraints: dummy: 
[    0.644332] RTC time: 23:33:32, date: 02/19/16
[    0.646855] NET: Registered protocol family 16
[    0.654911] ACPI: bus type pci registered
[    0.658817] PCI: Using configuration type 1 for base access
[    0.687146] bio: create slab &lt;bio-0&gt; at 0
[    0.693085] ACPI: Added _OSI(Module Device)
[    0.693782] ACPI: Added _OSI(Processor Device)
[    0.694462] ACPI: Added _OSI(3.0 _SCP Extensions)
[    0.695100] ACPI: Added _OSI(Processor Aggregator Device)
[    0.775333] ACPI: Interpreter enabled
[    0.776181] ACPI: (supports S0 S3 S4 S5)
[    0.777964] ACPI: Using IOAPIC for interrupt routing
[    0.864548] ACPI: No dock devices found.
[    0.865220] HEST: Table not found.
[    0.865774] PCI: Using host bridge windows from ACPI; if necessary, use "pci=nocrs" and report a bug
[    0.870810] ACPI: PCI Root Bridge [PCI0] (domain 0000 [bus 00-ff])
[    0.878656] pci_root PNP0A03:00: host bridge window [io  0x0000-0x0cf7]
[    0.880170] pci_root PNP0A03:00: host bridge window [io  0x0d00-0xadff]
[    0.881030] pci_root PNP0A03:00: host bridge window [io  0xae0f-0xaeff]
[    0.881976] pci_root PNP0A03:00: host bridge window [io  0xaf20-0xafdf]
[    0.882805] pci_root PNP0A03:00: host bridge window [io  0xafe4-0xffff]
[    0.884178] pci_root PNP0A03:00: host bridge window [mem 0x000a0000-0x000bffff]
[    0.885106] pci_root PNP0A03:00: host bridge window [mem 0x04000000-0xfebfffff]
[    0.909444] pci 0000:00:01.3: quirk: [io  0xb000-0xb03f] claimed by PIIX4 ACPI
[    0.910649] pci 0000:00:01.3: quirk: [io  0xb100-0xb10f] claimed by PIIX4 SMB
[    0.990068]  pci0000:00: Unable to request _OSC control (_OSC support mask: 0x1e)
[    1.060381] ACPI: PCI Interrupt Link [LNKA] (IRQs 5 *10 11)
[    1.062617] ACPI: PCI Interrupt Link [LNKB] (IRQs 5 *10 11)
[    1.065317] ACPI: PCI Interrupt Link [LNKC] (IRQs 5 10 *11)
[    1.066987] ACPI: PCI Interrupt Link [LNKD] (IRQs 5 10 *11)
[    1.069166] ACPI: PCI Interrupt Link [LNKS] (IRQs *9)
[    1.076939] vgaarb: device added: PCI:0000:00:02.0,decodes=io+mem,owns=io+mem,locks=none
[    1.078349] vgaarb: loaded
[    1.078754] vgaarb: bridge control possible 0000:00:02.0
[    1.082486] i2c-core: driver [aat2870] using legacy suspend method
[    1.083295] i2c-core: driver [aat2870] using legacy resume method
[    1.085699] SCSI subsystem initialized
[    1.089604] usbcore: registered new interface driver usbfs
[    1.090818] usbcore: registered new interface driver hub
[    1.092706] usbcore: registered new device driver usb
[    1.097125] PCI: Using ACPI for IRQ routing
[    1.108263] NetLabel: Initializing
[    1.108685] NetLabel:  domain hash size = 128
[    1.109191] NetLabel:  protocols = UNLABELED CIPSOv4
[    1.111071] NetLabel:  unlabeled traffic allowed by default
[    1.113325] HPET: 3 timers in total, 0 timers will be used for per-cpu timer
[    1.114910] hpet0: at MMIO 0xfed00000, IRQs 2, 8, 0
[    1.116863] hpet0: 3 comparators, 64-bit 100.000000 MHz counter
[    1.133182] Switching to clocksource hpet
[    1.418178] AppArmor: AppArmor Filesystem Enabled
[    1.419601] pnp: PnP ACPI init
[    1.420042] ACPI: bus type pnp registered
[    1.446154] pnp: PnP ACPI: found 9 devices
[    1.447159] ACPI: ACPI bus type pnp unregistered
[    1.508125] NET: Registered protocol family 2
[    1.545158] IP route cache hash table entries: 512 (order: 0, 4096 bytes)
[    1.552007] TCP established hash table entries: 2048 (order: 3, 32768 bytes)
[    1.554481] TCP bind hash table entries: 2048 (order: 3, 32768 bytes)
[    1.555383] TCP: Hash tables configured (established 2048 bind 2048)
[    1.557088] TCP reno registered
[    1.557611] UDP hash table entries: 128 (order: 0, 4096 bytes)
[    1.558472] UDP-Lite hash table entries: 128 (order: 0, 4096 bytes)
[    1.561414] NET: Registered protocol family 1
[    1.562271] pci 0000:00:00.0: Limiting direct PCI/PCI transfers
[    1.562840] pci 0000:00:01.0: PIIX3: Enabling Passive Release
[    1.563879] pci 0000:00:01.0: Activating ISA DMA hang workarounds
[    1.569779] ACPI: PCI Interrupt Link [LNKD] enabled at IRQ 11
[    1.570778] pci 0000:00:01.2: PCI INT D -&gt; Link[LNKD] -&gt; GSI 11 (level, high) -&gt; IRQ 11
[    1.573466] pci 0000:00:01.2: PCI INT D disabled
[    1.591384] Trying to unpack rootfs image as initramfs...
[    1.607526] audit: initializing netlink socket (disabled)
[    1.609699] type=2000 audit(1455924812.608:1): initialized
[    1.860157] HugeTLB registered 2 MB page size, pre-allocated 0 pages
[    1.942172] VFS: Disk quotas dquot_6.5.2
[    1.944504] Dquot-cache hash table entries: 512 (order 0, 4096 bytes)
[    1.962663] fuse init (API version 7.17)
[    1.973922] msgmni has been set to 84
[    2.014769] Block layer SCSI generic (bsg) driver version 0.4 loaded (major 253)
[    2.017920] io scheduler noop registered
[    2.018535] io scheduler deadline registered (default)
[    2.019758] io scheduler cfq registered
[    2.024042] pci_hotplug: PCI Hot Plug PCI Core version: 0.5
[    2.027102] pciehp: PCI Express Hot Plug Controller Driver version: 0.4
[    2.033714] input: Power Button as /devices/LNXSYSTM:00/LNXPWRBN:00/input/input0
[    2.035301] ACPI: Power Button [PWRF]
[    2.090185] ERST: Table is not found!
[    2.090701] GHES: HEST is not enabled!
[    2.098221] ACPI: PCI Interrupt Link [LNKC] enabled at IRQ 10
[    2.099018] virtio-pci 0000:00:03.0: PCI INT A -&gt; Link[LNKC] -&gt; GSI 10 (level, high) -&gt; IRQ 10
[    2.103015] virtio-pci 0000:00:04.0: PCI INT A -&gt; Link[LNKD] -&gt; GSI 11 (level, high) -&gt; IRQ 11
[    2.435785] Freeing initrd memory: 3656k freed
[    2.446007] ACPI: PCI Interrupt Link [LNKA] enabled at IRQ 10
[    2.446692] virtio-pci 0000:00:05.0: PCI INT A -&gt; Link[LNKA] -&gt; GSI 10 (level, high) -&gt; IRQ 10
[    2.453448] Serial: 8250/16550 driver, 32 ports, IRQ sharing enabled
[    2.489175] serial8250: ttyS0 at I/O 0x3f8 (irq = 4) is a 16550A
[    2.533280] serial8250: ttyS1 at I/O 0x2f8 (irq = 3) is a 16550A
[    2.605008] 00:05: ttyS0 at I/O 0x3f8 (irq = 4) is a 16550A
[    2.606132] Refined TSC clocksource calibration: 2290.738 MHz.
[    2.606992] Switching to clocksource tsc
[    2.649414] 00:06: ttyS1 at I/O 0x2f8 (irq = 3) is a 16550A
[    2.655477] Linux agpgart interface v0.103
[    2.685817] brd: module loaded
[    2.701247] loop: module loaded
[    2.731219]  vda: unknown partition table
[    2.762277] scsi0 : ata_piix
[    2.769532] scsi1 : ata_piix
[    2.771445] ata1: PATA max MWDMA2 cmd 0x1f0 ctl 0x3f6 bmdma 0xc0a0 irq 14
[    2.772588] ata2: PATA max MWDMA2 cmd 0x170 ctl 0x376 bmdma 0xc0a8 irq 15
[    2.782405] Fixed MDIO Bus: probed
[    2.783265] tun: Universal TUN/TAP device driver, 1.6
[    2.783954] tun: (C) 1999-2004 Max Krasnyansky &lt;maxk@qualcomm.com&gt;
[    2.806517] PPP generic driver version 2.4.2
[    2.815932] ehci_hcd: USB 2.0 'Enhanced' Host Controller (EHCI) Driver
[    2.819054] ohci_hcd: USB 1.1 'Open' Host Controller (OHCI) Driver
[    2.821352] uhci_hcd: USB Universal Host Controller Interface driver
[    2.823360] uhci_hcd 0000:00:01.2: PCI INT D -&gt; Link[LNKD] -&gt; GSI 11 (level, high) -&gt; IRQ 11
[    2.831729] uhci_hcd 0000:00:01.2: UHCI Host Controller
[    2.836057] uhci_hcd 0000:00:01.2: new USB bus registered, assigned bus number 1
[    2.838898] uhci_hcd 0000:00:01.2: irq 11, io base 0x0000c040
[    2.855687] hub 1-0:1.0: USB hub found
[    2.857282] hub 1-0:1.0: 2 ports detected
[    2.866000] usbcore: registered new interface driver libusual
[    2.868532] i8042: PNP: PS/2 Controller [PNP0303:KBD,PNP0f13:MOU] at 0x60,0x64 irq 1,12
[    2.876486] serio: i8042 KBD port at 0x60,0x64 irq 1
[    2.877690] serio: i8042 AUX port at 0x60,0x64 irq 12
[    2.884700] mousedev: PS/2 mouse device common for all mice
[    2.896738] input: AT Translated Set 2 keyboard as /devices/platform/i8042/serio0/input/input1
[    2.901194] rtc_cmos 00:01: RTC can wake from S4
[    2.908950] rtc_cmos 00:01: rtc core: registered rtc_cmos as rtc0
[    2.913079] rtc0: alarms up to one day, 114 bytes nvram, hpet irqs
[    2.916524] device-mapper: uevent: version 1.0.3
[    2.920026] device-mapper: ioctl: 4.22.0-ioctl (2011-10-19) initialised: dm-devel@redhat.com
[    2.923543] cpuidle: using governor ladder
[    2.925529] cpuidle: using governor menu
[    2.925996] EFI Variables Facility v0.08 2004-May-17
[    2.938980] TCP cubic registered
[    2.943088] NET: Registered protocol family 10
[    2.968707] NET: Registered protocol family 17
[    2.970043] Registering the dns_resolver key type
[    3.005334] registered taskstats version 1
[    3.013894] ata2.01: ATAPI: QEMU DVD-ROM, 2.0.0, max UDMA/100
[    3.032771] ata2.01: configured for MWDMA2
[    3.076350] scsi 1:0:1:0: CD-ROM            QEMU     QEMU DVD-ROM     2.0. PQ: 0 ANSI: 5
[    3.224265] sr0: scsi3-mmc drive: 4x/4x cd/rw xa/form2 tray
[    3.227946] cdrom: Uniform CD-ROM driver Revision: 3.20
[    3.280653] sr 1:0:1:0: Attached scsi generic sg0 type 5
[    3.630581]   Magic number: 4:872:605
[    3.635327] rtc_cmos 00:01: setting system clock to 2016-02-19 23:33:35 UTC (1455924815)
[    3.638824] powernow-k8: Processor cpuid 663 not supported
[    3.646607] BIOS EDD facility v0.16 2004-Jun-25, 0 devices found
[    3.647985] EDD information not available.
[    3.696371] Freeing unused kernel memory: 928k freed
[    3.701669] Write protecting the kernel read-only data: 12288k
[    3.816109] Freeing unused kernel memory: 1596k freed
[    3.893539] Freeing unused kernel memory: 1184k freed

info: initramfs: up at 4.06
modprobe: module virtio_blk not found in modules.dep
modprobe: module virtio_net not found in modules.dep
info: copying initramfs to /dev/vda
info: initramfs loading root from /dev/vda
info: /etc/init.d/rc.sysinit: up at 8.39
info: container: none
Starting logging: OK
modprobe: module virtio_blk not found in modules.dep
modprobe: module virtio_net not found in modules.dep
WARN: /etc/rc3.d/S10-load-modules failed
Initializing random number generator... done.
Starting acpid: OK
cirros-ds 'local' up at 10.85
found datasource (configdrive, local)
Starting network...
udhcpc (v1.20.1) started
Sending discover...
Sending select for 10.100.0.3...
Lease of 10.100.0.3 obtained, lease time 86400
route: SIOCADDRT: File exists
WARN: failed: route add -net "0.0.0.0/0" gw "10.100.0.1"
Starting dropbear sshd: generating rsa key... generating dsa key... OK
no userdata for datasource
=== system information ===
Platform: OpenStack Foundation OpenStack Nova
Container: none
Arch: x86_64
CPU(s): 1 @ 2290.663 MHz
Cores/Sockets/Threads: 1/1/1
Virt-type: AMD-V
RAM Size: 49MB
Disks:
NAME MAJ:MIN     SIZE LABEL         MOUNTPOINT
vda  253:0   25165824 cirros-rootfs /
sr0   11:0     432128 config-2      
=== sshd host keys ===
-----BEGIN SSH HOST KEY KEYS-----
ssh-rsa AAAAB3NzaC1yc2EAAAADAQABAAAAgnl6kciuxdG4O0ukkem7m6SkdmcfxDJhqrO5d45t7EtrNWErm2gG1rJ21C6oSwg9eOInN4bBHT49FnVseBwSwBbeFz8I9ft/t4i4AgtMq1+dGSbfv36OVsJqd1fA59JE+UYDHioNSNTf4gpHZIDtd4+h20wuEJyBbo4HQPb7EgtsXTs= root@tempest-server-smoke-1943209891
ssh-dss AAAAB3NzaC1kc3MAAACBAKUphicaLeDNdp72xQULScM78NUEgfqii3P39Y0Ab1EhXN4Ivn0QAGKYa7+eLw25B4TT/mWxDJZld8RUcwuvGe7uHbNtkyyQqlcX+1j+0gUgVtUremT4jnBhHmbE0QZfoTEe+W6yui6g4gyWBHTdo4rGuCE3uSGucr3JK151U765AAAAFQDralL9TEqvcvSBCp3GqT96PlHBdwAAAIAmIq78ymtzBPVMwXDHmDQ/tPe5OUADrdTxYxwoHiOSlJ0uDu3OV/TWEPZ3poohJ3na5nsfjLO8naIO6MVQ6zbfTJvfBne15yw7RmS+WtdelsTQhCjqJVn0lZiWJG+b3JwyyMv7nnzeQ/kd2g7smna9QF3cWlZjInztyFXGBxocpgAAAIEAoZlMyi8AKKgex7DjHrINHjc9I8ozZHg3pRPRzse0n6PiI4ZmU2UPRHLWbVuahRFU+VytoB1b/hHmd3tn0hDorzw5tfitftc1+n3YeefHJxKsIvwAp/rJuP1hfZSmSv9etT0UdJZuCZnHBBklfDbrnOBM6U6z2KmDl4fH55YDYyU= root@tempest-server-smoke-1943209891
-----END SSH HOST KEY KEYS-----
=== network info ===
if-info: lo,up,127.0.0.1,8,::1
if-info: eth0,up,10.100.0.3,28,fe80::f816:3eff:fee6:b2ff
ip-route:default via 10.100.0.1 dev eth0 
ip-route:10.100.0.0/28 dev eth0  src 10.100.0.3 
ip-route:169.254.169.254 via 10.100.0.1 dev eth0 
=== datasource: configdrive local ===
instance-id: 32d7b9ab-45ec-4ec9-be14-450ea3b7c778
name: tempest-server-smoke-1943209891
availability-zone: nova
local-hostname: tempest-server-smoke-1943209891.novalocal
launch-index: 0
=== cirros: current=0.3.4 uptime=20.94 ===
  ____               ____  ____
 / __/ __ ____ ____ / __ \/ __/
/ /__ / // __// __// /_/ /\ \ 
\___//_//_/  /_/   \____/___/ 
   http://cirros-cloud.net


login as 'cirros' user. default password: 'cubswin:)'. use 'sudo' for root.
tempest-server-smoke-1943209891 login: 
2016-02-19 23:35:55,644 26548 INFO     [tempest_lib.common.rest_client] Request (TestNetworkBasicOps:_run_cleanups): 204 DELETE http://10.4.1.3:9696/v2.0/floatingips/4b7a7f5b-a005-4da4-8377-b21e303d77e3 0.565s
2016-02-19 23:35:55,644 26548 DEBUG    [tempest_lib.common.rest_client] Request - Headers: {'Content-Type': 'application/json', 'Accept': 'application/json', 'X-Auth-Token': '&lt;omitted&gt;'}
        Body: None
    Response - Headers: {'date': 'Fri, 19 Feb 2016 23:35:55 GMT', 'status': '204', 'connection': 'close', 'content-length': '0', 'x-openstack-request-id': 'req-02a4309f-152f-4967-bd05-271ffa045af2'}
        Body: 
2016-02-19 23:35:56,056 26548 INFO     [tempest_lib.common.rest_client] Request (TestNetworkBasicOps:_run_cleanups): 204 DELETE http://10.4.1.3:8774/v2.1/9dce242438bf4dbaa0294f56c99c055c/servers/32d7b9ab-45ec-4ec9-be14-450ea3b7c778 0.411s
2016-02-19 23:35:56,057 26548 DEBUG    [tempest_lib.common.rest_client] Request - Headers: {'Content-Type': 'application/json', 'Accept': 'application/json', 'X-Auth-Token': '&lt;omitted&gt;'}
        Body: None
    Response - Headers: {'status': '204', 'content-length': '0', 'x-compute-request-id': 'req-5e936c40-4a2c-4d10-9c6f-cfd811a8eca8', 'vary': 'X-OpenStack-Nova-API-Version', 'connection': 'close', 'x-openstack-nova-api-version': '2.1', 'date': 'Fri, 19 Feb 2016 23:35:56 GMT', 'content-type': 'application/json'}
        Body: 
2016-02-19 23:35:56,944 26548 INFO     [tempest_lib.common.rest_client] Request (TestNetworkBasicOps:_run_cleanups): 200 GET http://10.4.1.3:8774/v2.1/9dce242438bf4dbaa0294f56c99c055c/servers/32d7b9ab-45ec-4ec9-be14-450ea3b7c778 0.886s
2016-02-19 23:35:56,945 26548 DEBUG    [tempest_lib.common.rest_client] Request - Headers: {'Content-Type': 'application/json', 'Accept': 'application/json', 'X-Auth-Token': '&lt;omitted&gt;'}
        Body: None
    Response - Headers: {'status': '200', 'content-length': '1760', 'content-location': 'http://10.4.1.3:8774/v2.1/9dce242438bf4dbaa0294f56c99c055c/servers/32d7b9ab-45ec-4ec9-be14-450ea3b7c778', 'x-compute-request-id': 'req-e1c8adda-7025-4281-b49a-f7f264618a2f', 'vary': 'X-OpenStack-Nova-API-Version', 'connection': 'close', 'x-openstack-nova-api-version': '2.1', 'date': 'Fri, 19 Feb 2016 23:35:56 GMT', 'content-type': 'application/json'}
        Body: {"server": {"status": "ACTIVE", "updated": "2016-02-19T23:35:55Z", "hostId": "34bff12fd977cd6e0cd2aea6ef476a3e0a1453825a9376b3a9332a25", "addresses": {"tempest-network-smoke--415526907": [{"OS-EXT-IPS-MAC:mac_addr": "fa:16:3e:e6:b2:ff", "version": 4, "addr": "10.100.0.3", "OS-EXT-IPS:type": "fixed"}, {"OS-EXT-IPS-MAC:mac_addr": "fa:16:3e:e6:b2:ff", "version": 4, "addr": "172.24.4.16", "OS-EXT-IPS:type": "floating"}]}, "links": [{"href": "http://10.4.1.3:8774/v2.1/9dce242438bf4dbaa0294f56c99c055c/servers/32d7b9ab-45ec-4ec9-be14-450ea3b7c778", "rel": "self"}, {"href": "http://10.4.1.3:8774/9dce242438bf4dbaa0294f56c99c055c/servers/32d7b9ab-45ec-4ec9-be14-450ea3b7c778", "rel": "bookmark"}], "key_name": "tempest-TestNetworkBasicOps-763370648", "image": {"id": "12e5a587-da70-4aeb-a3ac-f12c68f22e83", "links": [{"href": "http://10.4.1.3:8774/9dce242438bf4dbaa0294f56c99c055c/images/12e5a587-da70-4aeb-a3ac-f12c68f22e83", "rel": "bookmark"}]}, "OS-EXT-STS:task_state": "deleting", "OS-EXT-STS:vm_state": "active", "OS-SRV-USG:launched_at": "2016-02-19T23:33:29.000000", "flavor": {"id": "42", "links": [{"href": "http://10.4.1.3:8774/9dce242438bf4dbaa0294f56c99c055c/flavors/42", "rel": "bookmark"}]}, "id": "32d7b9ab-45ec-4ec9-be14-450ea3b7c778", "security_groups": [{"name": "tempest-secgroup-smoke-864289964"}], "OS-SRV-USG:terminated_at": null, "OS-EXT-AZ:availability_zone": "nova", "user_id": "7d9aa3e930cc464f81b33203276d6e6d", "name": "tempest-server-smoke-1943209891", "created": "2016-02-19T23:33:24Z", "tenant_id": "9dce242438bf4dbaa0294f56c99c055c", "OS-DCF:diskConfig": "MANUAL", "os-extended-volumes:volumes_attached": [], "accessIPv4": "", "accessIPv6": "", "progress": 0, "OS-EXT-STS:power_state": 1, "config_drive": "True", "metadata": {}}}
2016-02-19 23:35:58,493 26548 INFO     [tempest_lib.common.rest_client] Request (TestNetworkBasicOps:_run_cleanups): 200 GET http://10.4.1.3:8774/v2.1/9dce242438bf4dbaa0294f56c99c055c/servers/32d7b9ab-45ec-4ec9-be14-450ea3b7c778 0.527s
2016-02-19 23:35:58,493 26548 DEBUG    [tempest_lib.common.rest_client] Request - Headers: {'Content-Type': 'application/json', 'Accept': 'application/json', 'X-Auth-Token': '&lt;omitted&gt;'}
        Body: None
