<?xml version="1.0" encoding="UTF-8"?>
<!DOCTYPE html PUBLIC "-//W3C//DTD XHTML 1.0 Strict//EN"
     "http://www.w3.org/TR/xhtml1/DTD/xhtml1-strict.dtd">
<html xmlns="http://www.w3.org/1999/xhtml">
<head>
    <title>Unit Test Report</title>
    <meta name="generator" content="subunit2html 0.1"/>
    <meta http-equiv="Content-Type" content="text/html; charset=UTF-8"/>
    
<style type="text/css" media="screen">
body        { font-family: verdana, arial, helvetica, sans-serif;
    font-size: 80%; }
table       { font-size: 100%; width: 100%;}
pre         { font-size: 80%; }

/* -- heading -------------------------------------------------------------- */
h1 {
        font-size: 16pt;
        color: gray;
}
.heading {
    margin-top: 0ex;
    margin-bottom: 1ex;
}

.heading .attribute {
    margin-top: 1ex;
    margin-bottom: 0;
}

.heading .description {
    margin-top: 4ex;
    margin-bottom: 6ex;
}

/* -- css div popup -------------------------------------------------------- */
a.popup_link {
}

a.popup_link:hover {
    color: red;
}

.popup_window {
    display: none;
    overflow-x: scroll;
    /*border: solid #627173 1px; */
    padding: 10px;
    background-color: #E6E6D6;
    font-family: "Ubuntu Mono", "Lucida Console", "Courier New", monospace;
    text-align: left;
    font-size: 8pt;
}

}
/* -- report --------------------------------------------------------------- */
#show_detail_line {
    margin-top: 3ex;
    margin-bottom: 1ex;
}
#result_table {
    width: 100%;
    border-collapse: collapse;
    border: 1px solid #777;
}
#header_row {
    font-weight: bold;
    color: white;
    background-color: #777;
}
#result_table td {
    border: 1px solid #777;
    padding: 2px;
}
#total_row  { font-weight: bold; }
.passClass  { background-color: #6c6; }
.failClass  { background-color: #c60; }
.errorClass { background-color: #c00; }
.passCase   { color: #6c6; }
.failCase   { color: #c60; font-weight: bold; }
.errorCase  { color: #c00; font-weight: bold; }
.hiddenRow  { display: none; }
.testcase   { margin-left: 2em; }
td.testname {width: 40%}
td.small {width: 40px}

/* -- ending --------------------------------------------------------------- */
#ending {
}

</style>

</head>
<body>
<script language="javascript" type="text/javascript"><!--
output_list = Array();

/* level - 0:Summary; 1:Failed; 2:All */
function showCase(level) {
    trs = document.getElementsByTagName("tr");
    for (var i = 0; i < trs.length; i++) {
        tr = trs[i];
        id = tr.id;
        if (id.substr(0,2) == 'ft') {
            if (level < 1) {
                tr.className = 'hiddenRow';
            }
            else {
                tr.className = '';
            }
        }
        if (id.substr(0,2) == 'pt') {
            if (level > 1) {
                tr.className = '';
            }
            else {
                tr.className = 'hiddenRow';
            }
        }
    }
}


function showClassDetail(cid, count) {
    var id_list = Array(count);
    var toHide = 1;
    for (var i = 0; i < count; i++) {
        tid0 = 't' + cid.substr(1) + '.' + (i+1);
        tid = 'f' + tid0;
        tr = document.getElementById(tid);
        if (!tr) {
            tid = 'p' + tid0;
            tr = document.getElementById(tid);
        }
        id_list[i] = tid;
        if (tr.className) {
            toHide = 0;
        }
    }
    for (var i = 0; i < count; i++) {
        tid = id_list[i];
        if (toHide) {
            document.getElementById('div_'+tid).style.display = 'none'
            document.getElementById(tid).className = 'hiddenRow';
        }
        else {
            document.getElementById(tid).className = '';
        }
    }
}


function showTestDetail(div_id){
    var details_div = document.getElementById(div_id)
    var displayState = details_div.style.display
    // alert(displayState)
    if (displayState != 'block' ) {
        displayState = 'block'
        details_div.style.display = 'block'
    }
    else {
        details_div.style.display = 'none'
    }
}


function html_escape(s) {
    s = s.replace(/&/g,'&amp;');
    s = s.replace(/</g,'&lt;');
    s = s.replace(/>/g,'&gt;');
    return s;
}

/* obsoleted by detail in <div>
function showOutput(id, name) {
    var w = window.open("", //url
                    name,
                    "resizable,scrollbars,status,width=800,height=450");
    d = w.document;
    d.write("<pre>");
    d.write(html_escape(output_list[id]));
    d.write("\n");
    d.write("<a href='javascript:window.close()'>close</a>\n");
    d.write("</pre>\n");
    d.close();
}
*/
--></script>

<div class='heading'>
<h1>Unit Test Report</h1>

<p class='attribute'><strong>Status:</strong> Pass 1 Failure 7 Skip 1</p>

<p class='description'></p>
</div>



<p id='show_detail_line'>Show
<a href='javascript:showCase(0)'>Summary</a>
<a href='javascript:showCase(1)'>Failed</a>
<a href='javascript:showCase(2)'>All</a>
</p>
<table id='result_table'>
<colgroup>
<col align='left' />
<col align='right' />
<col align='right' />
<col align='right' />
<col align='right' />
<col align='right' />
<col align='right' />
<col align='right' />
</colgroup>
<tr id='header_row'>
    <td>Test Group/Test case</td>
    <td>Count</td>
    <td>Pass</td>
    <td>Fail</td>
    <td>Error</td>
    <td>Skip</td>
    <td>View</td>
    <td> </td>
</tr>

<tr class='failClass'>
    <td class="testname">tempest.scenario.test_network_basic_ops.TestNetworkBasicOps</td>
    <td class="small">9</td>
    <td class="small">1</td>
    <td class="small">7</td>
    <td class="small">0</td>
    <td class="small">1</td>
    <td class="small"><a href="javascript:showClassDetail('c1',9)"
>Detail</a></td>
    <td> </td>
</tr>

<tr id='ft1.1' class='none'>
    <td class='failCase'><div class='testcase'>test_connectivity_between_vms_on_different_networks[compute,id-1546850e-fbaa-42f5-8b5f-03d8a6a95f15,network]</div></td>
    <td colspan='7' align='left'>

    <!--css div popup start-->
    <a class="popup_link" onfocus='this.blur();'
    href="javascript:showTestDetail('div_ft1.1')" >
        fail</a>

    <div id='div_ft1.1' class="popup_window">
        <div style='text-align: right; color:red;cursor:pointer'>
        <a onfocus='this.blur();'
onclick="document.getElementById('div_ft1.1').style.display = 'none' " >
           [x]</a>
        </div>
        <pre>
        
ft1.1: tempest.scenario.test_network_basic_ops.TestNetworkBasicOps.test_connectivity_between_vms_on_different_networks[compute,id-1546850e-fbaa-42f5-8b5f-03d8a6a95f15,network]_StringException: Empty attachments:
  stderr
  stdout

pythonlogging:'': {{{
2015-12-26 02:42:52,464 21505 INFO     [tempest_lib.common.rest_client] Request (TestNetworkBasicOps:test_connectivity_between_vms_on_different_networks): 201 POST http://10.0.2.15:9696/v2.0/security-groups 0.445s
2015-12-26 02:42:52,465 21505 DEBUG    [tempest_lib.common.rest_client] Request - Headers: {'Content-Type': 'application/json', 'Accept': 'application/json', 'X-Auth-Token': '&lt;omitted&gt;'}
        Body: {"security_group": {"tenant_id": "61a7ce5a57de4f80a7375743c9cc1b18", "description": "tempest-secgroup-smoke-1794382101 description", "name": "tempest-secgroup-smoke-1794382101"}}
    Response - Headers: {'status': '201', 'content-length': '888', 'connection': 'close', 'date': 'Sat, 26 Dec 2015 02:42:52 GMT', 'content-type': 'application/json; charset=UTF-8', 'x-openstack-request-id': 'req-cdebe53a-bb54-421a-b31a-807d8baf2d56'}
        Body: {"security_group": {"tenant_id": "61a7ce5a57de4f80a7375743c9cc1b18", "description": "tempest-secgroup-smoke-1794382101 description", "id": "83c0ce36-a865-41e5-bc9e-9b49ea775bf0", "security_group_rules": [{"remote_group_id": null, "direction": "egress", "remote_ip_prefix": null, "protocol": null, "ethertype": "IPv4", "tenant_id": "61a7ce5a57de4f80a7375743c9cc1b18", "port_range_max": null, "port_range_min": null, "id": "ab73a319-ef95-4ed7-8729-774700bd9317", "security_group_id": "83c0ce36-a865-41e5-bc9e-9b49ea775bf0"}, {"remote_group_id": null, "direction": "egress", "remote_ip_prefix": null, "protocol": null, "ethertype": "IPv6", "tenant_id": "61a7ce5a57de4f80a7375743c9cc1b18", "port_range_max": null, "port_range_min": null, "id": "0e2ad9e5-b057-471c-8180-890262a97a9e", "security_group_id": "83c0ce36-a865-41e5-bc9e-9b49ea775bf0"}], "name": "tempest-secgroup-smoke-1794382101"}}
2015-12-26 02:42:52,593 21505 INFO     [tempest_lib.common.rest_client] Request (TestNetworkBasicOps:test_connectivity_between_vms_on_different_networks): 201 POST http://10.0.2.15:9696/v2.0/security-group-rules 0.127s
2015-12-26 02:42:52,594 21505 DEBUG    [tempest_lib.common.rest_client] Request - Headers: {'Content-Type': 'application/json', 'Accept': 'application/json', 'X-Auth-Token': '&lt;omitted&gt;'}
        Body: {"security_group_rule": {"direction": "ingress", "protocol": "tcp", "tenant_id": "61a7ce5a57de4f80a7375743c9cc1b18", "port_range_max": 22, "security_group_id": "83c0ce36-a865-41e5-bc9e-9b49ea775bf0", "port_range_min": 22}}
    Response - Headers: {'status': '201', 'content-length': '340', 'connection': 'close', 'date': 'Sat, 26 Dec 2015 02:42:52 GMT', 'content-type': 'application/json; charset=UTF-8', 'x-openstack-request-id': 'req-3fb0c74d-a1d9-40d4-b749-a93bc5f9ec21'}
        Body: {"security_group_rule": {"remote_group_id": null, "direction": "ingress", "remote_ip_prefix": null, "protocol": "tcp", "ethertype": "IPv4", "tenant_id": "61a7ce5a57de4f80a7375743c9cc1b18", "port_range_max": 22, "port_range_min": 22, "id": "ff20bb95-9d92-4be0-92ca-8ca1de90b959", "security_group_id": "83c0ce36-a865-41e5-bc9e-9b49ea775bf0"}}
2015-12-26 02:42:52,687 21505 INFO     [tempest_lib.common.rest_client] Request (TestNetworkBasicOps:test_connectivity_between_vms_on_different_networks): 201 POST http://10.0.2.15:9696/v2.0/security-group-rules 0.092s
2015-12-26 02:42:52,687 21505 DEBUG    [tempest_lib.common.rest_client] Request - Headers: {'Content-Type': 'application/json', 'Accept': 'application/json', 'X-Auth-Token': '&lt;omitted&gt;'}
        Body: {"security_group_rule": {"direction": "egress", "protocol": "tcp", "tenant_id": "61a7ce5a57de4f80a7375743c9cc1b18", "port_range_max": 22, "security_group_id": "83c0ce36-a865-41e5-bc9e-9b49ea775bf0", "port_range_min": 22}}
    Response - Headers: {'status': '201', 'content-length': '339', 'connection': 'close', 'date': 'Sat, 26 Dec 2015 02:42:52 GMT', 'content-type': 'application/json; charset=UTF-8', 'x-openstack-request-id': 'req-7062a3be-9803-48d3-870a-aab8c93205db'}
        Body: {"security_group_rule": {"remote_group_id": null, "direction": "egress", "remote_ip_prefix": null, "protocol": "tcp", "ethertype": "IPv4", "tenant_id": "61a7ce5a57de4f80a7375743c9cc1b18", "port_range_max": 22, "port_range_min": 22, "id": "bc8d5ea3-5b36-4e14-9b16-bdb0117c8074", "security_group_id": "83c0ce36-a865-41e5-bc9e-9b49ea775bf0"}}
2015-12-26 02:42:52,782 21505 INFO     [tempest_lib.common.rest_client] Request (TestNetworkBasicOps:test_connectivity_between_vms_on_different_networks): 201 POST http://10.0.2.15:9696/v2.0/security-group-rules 0.094s
2015-12-26 02:42:52,782 21505 DEBUG    [tempest_lib.common.rest_client] Request - Headers: {'Content-Type': 'application/json', 'Accept': 'application/json', 'X-Auth-Token': '&lt;omitted&gt;'}
        Body: {"security_group_rule": {"tenant_id": "61a7ce5a57de4f80a7375743c9cc1b18", "direction": "ingress", "protocol": "icmp", "security_group_id": "83c0ce36-a865-41e5-bc9e-9b49ea775bf0"}}
    Response - Headers: {'status': '201', 'content-length': '345', 'connection': 'close', 'date': 'Sat, 26 Dec 2015 02:42:52 GMT', 'content-type': 'application/json; charset=UTF-8', 'x-openstack-request-id': 'req-a892864e-4d34-4eb3-9341-d35dbb4010f1'}
        Body: {"security_group_rule": {"remote_group_id": null, "direction": "ingress", "remote_ip_prefix": null, "protocol": "icmp", "ethertype": "IPv4", "tenant_id": "61a7ce5a57de4f80a7375743c9cc1b18", "port_range_max": null, "port_range_min": null, "id": "c3209540-f152-4179-aeb3-0c927fcd1f97", "security_group_id": "83c0ce36-a865-41e5-bc9e-9b49ea775bf0"}}
2015-12-26 02:42:52,875 21505 INFO     [tempest_lib.common.rest_client] Request (TestNetworkBasicOps:test_connectivity_between_vms_on_different_networks): 201 POST http://10.0.2.15:9696/v2.0/security-group-rules 0.091s
2015-12-26 02:42:52,875 21505 DEBUG    [tempest_lib.common.rest_client] Request - Headers: {'Content-Type': 'application/json', 'Accept': 'application/json', 'X-Auth-Token': '&lt;omitted&gt;'}
        Body: {"security_group_rule": {"tenant_id": "61a7ce5a57de4f80a7375743c9cc1b18", "direction": "egress", "protocol": "icmp", "security_group_id": "83c0ce36-a865-41e5-bc9e-9b49ea775bf0"}}
    Response - Headers: {'status': '201', 'content-length': '344', 'connection': 'close', 'date': 'Sat, 26 Dec 2015 02:42:52 GMT', 'content-type': 'application/json; charset=UTF-8', 'x-openstack-request-id': 'req-c1163ca4-2eac-4251-8c7e-0930195da13d'}
        Body: {"security_group_rule": {"remote_group_id": null, "direction": "egress", "remote_ip_prefix": null, "protocol": "icmp", "ethertype": "IPv4", "tenant_id": "61a7ce5a57de4f80a7375743c9cc1b18", "port_range_max": null, "port_range_min": null, "id": "06fa5408-3164-4d88-9b11-9468d0d0fc09", "security_group_id": "83c0ce36-a865-41e5-bc9e-9b49ea775bf0"}}
2015-12-26 02:42:52,973 21505 INFO     [tempest_lib.common.rest_client] Request (TestNetworkBasicOps:test_connectivity_between_vms_on_different_networks): 201 POST http://10.0.2.15:9696/v2.0/security-group-rules 0.097s
2015-12-26 02:42:52,973 21505 DEBUG    [tempest_lib.common.rest_client] Request - Headers: {'Content-Type': 'application/json', 'Accept': 'application/json', 'X-Auth-Token': '&lt;omitted&gt;'}
        Body: {"security_group_rule": {"tenant_id": "61a7ce5a57de4f80a7375743c9cc1b18", "direction": "ingress", "security_group_id": "83c0ce36-a865-41e5-bc9e-9b49ea775bf0", "protocol": "icmp", "ethertype": "IPv6"}}
    Response - Headers: {'status': '201', 'content-length': '345', 'connection': 'close', 'date': 'Sat, 26 Dec 2015 02:42:52 GMT', 'content-type': 'application/json; charset=UTF-8', 'x-openstack-request-id': 'req-2667182c-7b11-4971-a9bc-32cb765e9ad3'}
        Body: {"security_group_rule": {"remote_group_id": null, "direction": "ingress", "remote_ip_prefix": null, "protocol": "icmp", "ethertype": "IPv6", "tenant_id": "61a7ce5a57de4f80a7375743c9cc1b18", "port_range_max": null, "port_range_min": null, "id": "91757b3d-82ae-471c-9a24-19be78ac4156", "security_group_id": "83c0ce36-a865-41e5-bc9e-9b49ea775bf0"}}
2015-12-26 02:42:53,106 21505 INFO     [tempest_lib.common.rest_client] Request (TestNetworkBasicOps:test_connectivity_between_vms_on_different_networks): 201 POST http://10.0.2.15:9696/v2.0/security-group-rules 0.132s
2015-12-26 02:42:53,106 21505 DEBUG    [tempest_lib.common.rest_client] Request - Headers: {'Content-Type': 'application/json', 'Accept': 'application/json', 'X-Auth-Token': '&lt;omitted&gt;'}
        Body: {"security_group_rule": {"tenant_id": "61a7ce5a57de4f80a7375743c9cc1b18", "direction": "egress", "security_group_id": "83c0ce36-a865-41e5-bc9e-9b49ea775bf0", "protocol": "icmp", "ethertype": "IPv6"}}
    Response - Headers: {'status': '201', 'content-length': '344', 'connection': 'close', 'date': 'Sat, 26 Dec 2015 02:42:53 GMT', 'content-type': 'application/json; charset=UTF-8', 'x-openstack-request-id': 'req-7394d3d0-e269-42fa-8479-6a65227e36f8'}
        Body: {"security_group_rule": {"remote_group_id": null, "direction": "egress", "remote_ip_prefix": null, "protocol": "icmp", "ethertype": "IPv6", "tenant_id": "61a7ce5a57de4f80a7375743c9cc1b18", "port_range_max": null, "port_range_min": null, "id": "ddcc9b1a-11af-47a0-96b5-5dcd628e8677", "security_group_id": "83c0ce36-a865-41e5-bc9e-9b49ea775bf0"}}
2015-12-26 02:42:53,280 21505 INFO     [tempest_lib.common.rest_client] Request (TestNetworkBasicOps:test_connectivity_between_vms_on_different_networks): 201 POST http://10.0.2.15:9696/v2.0/networks 0.173s
2015-12-26 02:42:53,280 21505 DEBUG    [tempest_lib.common.rest_client] Request - Headers: {'Content-Type': 'application/json', 'Accept': 'application/json', 'X-Auth-Token': '&lt;omitted&gt;'}
        Body: {"network": {"tenant_id": "61a7ce5a57de4f80a7375743c9cc1b18", "name": "tempest-network-smoke--1128465829"}}
    Response - Headers: {'status': '201', 'content-length': '327', 'connection': 'close', 'date': 'Sat, 26 Dec 2015 02:42:53 GMT', 'content-type': 'application/json; charset=UTF-8', 'x-openstack-request-id': 'req-9c25e6dc-22e8-42db-8521-db0df6eef427'}
        Body: {"network": {"status": "ACTIVE", "subnets": [], "availability_zone_hints": [], "name": "tempest-network-smoke--1128465829", "admin_state_up": true, "tenant_id": "61a7ce5a57de4f80a7375743c9cc1b18", "mtu": 0, "router:external": false, "shared": false, "port_security_enabled": true, "id": "4a4be8cb-b243-44c3-a21f-743c6cee9835"}}
2015-12-26 02:42:53,357 21505 INFO     [tempest_lib.common.rest_client] Request (TestNetworkBasicOps:test_connectivity_between_vms_on_different_networks): 201 POST http://10.0.2.15:9696/v2.0/routers 0.075s
2015-12-26 02:42:53,357 21505 DEBUG    [tempest_lib.common.rest_client] Request - Headers: {'Content-Type': 'application/json', 'Accept': 'application/json', 'X-Auth-Token': '&lt;omitted&gt;'}
        Body: {"router": {"tenant_id": "61a7ce5a57de4f80a7375743c9cc1b18", "name": "tempest-router-smoke-233160823", "admin_state_up": true}}
    Response - Headers: {'status': '201', 'content-length': '295', 'connection': 'close', 'date': 'Sat, 26 Dec 2015 02:42:53 GMT', 'content-type': 'application/json; charset=UTF-8', 'x-openstack-request-id': 'req-8ab6f8b7-f2dd-488a-8033-0d25d739c846'}
        Body: {"router": {"status": "ACTIVE", "external_gateway_info": null, "availability_zone_hints": [], "availability_zones": [], "name": "tempest-router-smoke-233160823", "admin_state_up": true, "tenant_id": "61a7ce5a57de4f80a7375743c9cc1b18", "routes": [], "id": "f512c97b-0694-4b77-8830-3afcee1325f6"}}
2015-12-26 02:42:53,415 21505 INFO     [tempest_lib.common.rest_client] Request (TestNetworkBasicOps:test_connectivity_between_vms_on_different_networks): 200 GET http://10.0.2.15:9696/v2.0/routers/f512c97b-0694-4b77-8830-3afcee1325f6 0.057s
2015-12-26 02:42:53,416 21505 DEBUG    [tempest_lib.common.rest_client] Request - Headers: {'Content-Type': 'application/json', 'Accept': 'application/json', 'X-Auth-Token': '&lt;omitted&gt;'}
        Body: None
    Response - Headers: {'status': '200', 'content-length': '295', 'content-location': 'http://10.0.2.15:9696/v2.0/routers/f512c97b-0694-4b77-8830-3afcee1325f6', 'connection': 'close', 'date': 'Sat, 26 Dec 2015 02:42:53 GMT', 'content-type': 'application/json; charset=UTF-8', 'x-openstack-request-id': 'req-dffc257b-9b06-4163-b534-6a7a31ca517e'}
        Body: {"router": {"status": "ACTIVE", "external_gateway_info": null, "availability_zone_hints": [], "availability_zones": [], "name": "tempest-router-smoke-233160823", "admin_state_up": true, "tenant_id": "61a7ce5a57de4f80a7375743c9cc1b18", "routes": [], "id": "f512c97b-0694-4b77-8830-3afcee1325f6"}}
2015-12-26 02:42:54,126 21505 INFO     [tempest_lib.common.rest_client] Request (TestNetworkBasicOps:test_connectivity_between_vms_on_different_networks): 200 PUT http://10.0.2.15:9696/v2.0/routers/f512c97b-0694-4b77-8830-3afcee1325f6 0.709s
2015-12-26 02:42:54,126 21505 DEBUG    [tempest_lib.common.rest_client] Request - Headers: {'Content-Type': 'application/json', 'Accept': 'application/json', 'X-Auth-Token': '&lt;omitted&gt;'}
        Body: {"router": {"external_gateway_info": {"network_id": "200cf5a2-c50b-4091-8a93-df6d6cd1e082"}, "name": "tempest-router-smoke-233160823", "admin_state_up": true}}
    Response - Headers: {'status': '200', 'content-length': '557', 'connection': 'close', 'date': 'Sat, 26 Dec 2015 02:42:54 GMT', 'content-type': 'application/json; charset=UTF-8', 'x-openstack-request-id': 'req-37d94642-89f2-434e-8e23-25e5e21ac8ea'}
        Body: {"router": {"status": "ACTIVE", "external_gateway_info": {"network_id": "200cf5a2-c50b-4091-8a93-df6d6cd1e082", "enable_snat": true, "external_fixed_ips": [{"subnet_id": "754367d5-347d-46e2-a382-95cc4b890d57", "ip_address": "172.24.4.3"}, {"subnet_id": "d6a00661-eb1d-4b2c-b20b-1bf057df3ff4", "ip_address": "2001:db8::3"}]}, "availability_zone_hints": [], "availability_zones": [], "name": "tempest-router-smoke-233160823", "admin_state_up": true, "tenant_id": "61a7ce5a57de4f80a7375743c9cc1b18", "routes": [], "id": "f512c97b-0694-4b77-8830-3afcee1325f6"}}
2015-12-26 02:42:54,310 21505 INFO     [tempest_lib.common.rest_client] Request (TestNetworkBasicOps:test_connectivity_between_vms_on_different_networks): 200 GET http://10.0.2.15:9696/v2.0/subnets?tenant_id=61a7ce5a57de4f80a7375743c9cc1b18&amp;cidr=10.100.0.0%2F28 0.183s
2015-12-26 02:42:54,311 21505 DEBUG    [tempest_lib.common.rest_client] Request - Headers: {'Content-Type': 'application/json', 'Accept': 'application/json', 'X-Auth-Token': '&lt;omitted&gt;'}
        Body: None
    Response - Headers: {'status': '200', 'content-length': '15', 'content-location': 'http://10.0.2.15:9696/v2.0/subnets?tenant_id=61a7ce5a57de4f80a7375743c9cc1b18&amp;cidr=10.100.0.0%2F28', 'connection': 'close', 'date': 'Sat, 26 Dec 2015 02:42:54 GMT', 'content-type': 'application/json; charset=UTF-8', 'x-openstack-request-id': 'req-730db5fe-13c4-4cbb-b7c9-984de8a79310'}
        Body: {"subnets": []}
2015-12-26 02:42:54,716 21505 INFO     [tempest_lib.common.rest_client] Request (TestNetworkBasicOps:test_connectivity_between_vms_on_different_networks): 201 POST http://10.0.2.15:9696/v2.0/subnets 0.404s
2015-12-26 02:42:54,717 21505 DEBUG    [tempest_lib.common.rest_client] Request - Headers: {'Content-Type': 'application/json', 'Accept': 'application/json', 'X-Auth-Token': '&lt;omitted&gt;'}
        Body: {"subnet": {"ip_version": 4, "tenant_id": "61a7ce5a57de4f80a7375743c9cc1b18", "cidr": "10.100.0.0/28", "network_id": "4a4be8cb-b243-44c3-a21f-743c6cee9835", "name": "tempest-subnet-smoke-1747197149"}}
    Response - Headers: {'status': '201', 'content-length': '478', 'connection': 'close', 'date': 'Sat, 26 Dec 2015 02:42:54 GMT', 'content-type': 'application/json; charset=UTF-8', 'x-openstack-request-id': 'req-b6d5bf68-dd16-4edd-9a0a-8c6c120a6fab'}
        Body: {"subnet": {"name": "tempest-subnet-smoke-1747197149", "enable_dhcp": true, "network_id": "4a4be8cb-b243-44c3-a21f-743c6cee9835", "tenant_id": "61a7ce5a57de4f80a7375743c9cc1b18", "dns_nameservers": [], "gateway_ip": "10.100.0.1", "ipv6_ra_mode": null, "allocation_pools": [{"start": "10.100.0.2", "end": "10.100.0.14"}], "host_routes": [], "ip_version": 4, "ipv6_address_mode": null, "cidr": "10.100.0.0/28", "id": "1d66c289-f2af-4bda-9329-f43b35e017b7", "subnetpool_id": null}}
2015-12-26 02:42:55,452 21505 INFO     [tempest_lib.common.rest_client] Request (TestNetworkBasicOps:test_connectivity_between_vms_on_different_networks): 200 PUT http://10.0.2.15:9696/v2.0/routers/f512c97b-0694-4b77-8830-3afcee1325f6/add_router_interface 0.734s
2015-12-26 02:42:55,453 21505 DEBUG    [tempest_lib.common.rest_client] Request - Headers: {'Content-Type': 'application/json', 'Accept': 'application/json', 'X-Auth-Token': '&lt;omitted&gt;'}
        Body: {"subnet_id": "1d66c289-f2af-4bda-9329-f43b35e017b7"}
    Response - Headers: {'status': '200', 'content-length': '255', 'connection': 'close', 'date': 'Sat, 26 Dec 2015 02:42:55 GMT', 'content-type': 'application/json; charset=UTF-8', 'x-openstack-request-id': 'req-c051ccae-dcb1-47ff-83c6-6c13c3f35779'}
        Body: {"subnet_id": "1d66c289-f2af-4bda-9329-f43b35e017b7", "tenant_id": "61a7ce5a57de4f80a7375743c9cc1b18", "subnet_ids": ["1d66c289-f2af-4bda-9329-f43b35e017b7"], "port_id": "b2622e50-5195-4b4b-a51c-ab75a39e271f", "id": "f512c97b-0694-4b77-8830-3afcee1325f6"}
2015-12-26 02:42:55,512 21505 INFO     [tempest_lib.common.rest_client] Request (TestNetworkBasicOps:test_connectivity_between_vms_on_different_networks): 200 GET http://10.0.2.15:9696/v2.0/networks 0.058s
2015-12-26 02:42:55,512 21505 DEBUG    [tempest_lib.common.rest_client] Request - Headers: {'Content-Type': 'application/json', 'Accept': 'application/json', 'X-Auth-Token': '&lt;omitted&gt;'}
        Body: None
    Response - Headers: {'status': '200', 'content-length': '1507', 'content-location': 'http://10.0.2.15:9696/v2.0/networks', 'connection': 'close', 'date': 'Sat, 26 Dec 2015 02:42:55 GMT', 'content-type': 'application/json; charset=UTF-8', 'x-openstack-request-id': 'req-d63149a3-6728-4331-8be7-4adfea688dcf'}
        Body: {"networks": [{"status": "ACTIVE", "subnets": ["1d66c289-f2af-4bda-9329-f43b35e017b7"], "availability_zone_hints": [], "availability_zones": ["nova"], "name": "tempest-network-smoke--1128465829", "provider:physical_network": null, "admin_state_up": true, "tenant_id": "61a7ce5a57de4f80a7375743c9cc1b18", "mtu": 0, "router:external": false, "shared": false, "port_security_enabled": true, "provider:network_type": "vxlan", "id": "4a4be8cb-b243-44c3-a21f-743c6cee9835", "provider:segmentation_id": 1022}, {"status": "ACTIVE", "subnets": ["d6a00661-eb1d-4b2c-b20b-1bf057df3ff4", "754367d5-347d-46e2-a382-95cc4b890d57"], "availability_zone_hints": [], "availability_zones": ["nova"], "name": "public", "provider:physical_network": null, "admin_state_up": true, "tenant_id": "1723b2abb55c43d39c42fa7a22a519e6", "mtu": 0, "router:external": true, "shared": false, "port_security_enabled": true, "provider:network_type": "vxlan", "id": "200cf5a2-c50b-4091-8a93-df6d6cd1e082", "provider:segmentation_id": 1029}, {"status": "ACTIVE", "subnets": ["dc2368ac-4fae-421a-addb-f114e1bcf7a6", "0c7e3a05-861e-4e50-8c04-793b449ff82a"], "availability_zone_hints": [], "availability_zones": ["nova"], "name": "private", "provider:physical_network": null, "admin_state_up": true, "tenant_id": "9905a97e702344439a4af67be57b8d53", "mtu": 0, "router:external": false, "shared": false, "port_security_enabled": true, "provider:network_type": "vxlan", "id": "6daf7398-a49a-492c-9bc3-b6cfab1ad682", "provider:segmentation_id": 1028}]}
2015-12-26 02:42:55,575 21505 INFO     [tempest_lib.common.rest_client] Request (TestNetworkBasicOps:test_connectivity_between_vms_on_different_networks): 200 GET http://10.0.2.15:9696/v2.0/subnets 0.061s
2015-12-26 02:42:55,575 21505 DEBUG    [tempest_lib.common.rest_client] Request - Headers: {'Content-Type': 'application/json', 'Accept': 'application/json', 'X-Auth-Token': '&lt;omitted&gt;'}
        Body: None
    Response - Headers: {'status': '200', 'content-length': '2404', 'content-location': 'http://10.0.2.15:9696/v2.0/subnets', 'connection': 'close', 'date': 'Sat, 26 Dec 2015 02:42:55 GMT', 'content-type': 'application/json; charset=UTF-8', 'x-openstack-request-id': 'req-6dbcccbb-5585-4426-b171-925e33ea58e1'}
        Body: {"subnets": [{"name": "ipv6-public-subnet", "enable_dhcp": false, "network_id": "200cf5a2-c50b-4091-8a93-df6d6cd1e082", "tenant_id": "1723b2abb55c43d39c42fa7a22a519e6", "dns_nameservers": [], "gateway_ip": "2001:db8::2", "ipv6_ra_mode": null, "allocation_pools": [{"start": "2001:db8::1", "end": "2001:db8::1"}, {"start": "2001:db8::3", "end": "2001:db8::ffff:ffff:ffff:ffff"}], "host_routes": [], "ip_version": 6, "ipv6_address_mode": null, "cidr": "2001:db8::/64", "id": "d6a00661-eb1d-4b2c-b20b-1bf057df3ff4", "subnetpool_id": null}, {"name": "public-subnet", "enable_dhcp": false, "network_id": "200cf5a2-c50b-4091-8a93-df6d6cd1e082", "tenant_id": "1723b2abb55c43d39c42fa7a22a519e6", "dns_nameservers": [], "gateway_ip": "172.24.4.1", "ipv6_ra_mode": null, "allocation_pools": [{"start": "172.24.4.2", "end": "172.24.4.254"}], "host_routes": [], "ip_version": 4, "ipv6_address_mode": null, "cidr": "172.24.4.0/24", "id": "754367d5-347d-46e2-a382-95cc4b890d57", "subnetpool_id": null}, {"name": "tempest-subnet-smoke-1747197149", "enable_dhcp": true, "network_id": "4a4be8cb-b243-44c3-a21f-743c6cee9835", "tenant_id": "61a7ce5a57de4f80a7375743c9cc1b18", "dns_nameservers": [], "gateway_ip": "10.100.0.1", "ipv6_ra_mode": null, "allocation_pools": [{"start": "10.100.0.2", "end": "10.100.0.14"}], "host_routes": [], "ip_version": 4, "ipv6_address_mode": null, "cidr": "10.100.0.0/28", "id": "1d66c289-f2af-4bda-9329-f43b35e017b7", "subnetpool_id": null}, {"name": "ipv6-private-subnet", "enable_dhcp": true, "network_id": "6daf7398-a49a-492c-9bc3-b6cfab1ad682", "tenant_id": "9905a97e702344439a4af67be57b8d53", "dns_nameservers": [], "gateway_ip": "fd20:3c2:8543::1", "ipv6_ra_mode": "slaac", "allocation_pools": [{"start": "fd20:3c2:8543::2", "end": "fd20:3c2:8543:0:ffff:ffff:ffff:ffff"}], "host_routes": [], "ip_version": 6, "ipv6_address_mode": "slaac", "cidr": "fd20:3c2:8543::/64", "id": "dc2368ac-4fae-421a-addb-f114e1bcf7a6", "subnetpool_id": null}, {"name": "private-subnet", "enable_dhcp": true, "network_id": "6daf7398-a49a-492c-9bc3-b6cfab1ad682", "tenant_id": "9905a97e702344439a4af67be57b8d53", "dns_nameservers": [], "gateway_ip": "10.0.0.1", "ipv6_ra_mode": null, "allocation_pools": [{"start": "10.0.0.2", "end": "10.0.0.254"}], "host_routes": [], "ip_version": 4, "ipv6_address_mode": null, "cidr": "10.0.0.0/24", "id": "0c7e3a05-861e-4e50-8c04-793b449ff82a", "subnetpool_id": null}]}
2015-12-26 02:42:55,800 21505 INFO     [tempest_lib.common.rest_client] Request (TestNetworkBasicOps:test_connectivity_between_vms_on_different_networks): 200 GET http://10.0.2.15:9696/v2.0/routers 0.223s
2015-12-26 02:42:55,800 21505 DEBUG    [tempest_lib.common.rest_client] Request - Headers: {'Content-Type': 'application/json', 'Accept': 'application/json', 'X-Auth-Token': '&lt;omitted&gt;'}
        Body: None
    Response - Headers: {'status': '200', 'content-length': '1166', 'content-location': 'http://10.0.2.15:9696/v2.0/routers', 'connection': 'close', 'date': 'Sat, 26 Dec 2015 02:42:55 GMT', 'content-type': 'application/json; charset=UTF-8', 'x-openstack-request-id': 'req-1ba41323-9186-4cf8-a0fd-fc76dc9448d3'}
        Body: {"routers": [{"status": "ACTIVE", "external_gateway_info": {"network_id": "200cf5a2-c50b-4091-8a93-df6d6cd1e082", "enable_snat": true, "external_fixed_ips": [{"subnet_id": "754367d5-347d-46e2-a382-95cc4b890d57", "ip_address": "172.24.4.2"}, {"subnet_id": "d6a00661-eb1d-4b2c-b20b-1bf057df3ff4", "ip_address": "2001:db8::1"}]}, "availability_zone_hints": [], "availability_zones": ["nova"], "name": "router1", "admin_state_up": true, "tenant_id": "9905a97e702344439a4af67be57b8d53", "distributed": false, "routes": [], "ha": false, "id": "eb4ed2d0-928c-47dc-833f-1a45da3d9e38"}, {"status": "ACTIVE", "external_gateway_info": {"network_id": "200cf5a2-c50b-4091-8a93-df6d6cd1e082", "enable_snat": true, "external_fixed_ips": [{"subnet_id": "754367d5-347d-46e2-a382-95cc4b890d57", "ip_address": "172.24.4.3"}, {"subnet_id": "d6a00661-eb1d-4b2c-b20b-1bf057df3ff4", "ip_address": "2001:db8::3"}]}, "availability_zone_hints": [], "availability_zones": ["nova"], "name": "tempest-router-smoke-233160823", "admin_state_up": true, "tenant_id": "61a7ce5a57de4f80a7375743c9cc1b18", "distributed": false, "routes": [], "ha": false, "id": "f512c97b-0694-4b77-8830-3afcee1325f6"}]}
2015-12-26 02:42:56,168 21505 INFO     [tempest_lib.common.rest_client] Request (TestNetworkBasicOps:test_connectivity_between_vms_on_different_networks): 200 POST http://10.0.2.15:8774/v2.1/61a7ce5a57de4f80a7375743c9cc1b18/os-keypairs 0.367s
2015-12-26 02:42:56,169 21505 DEBUG    [tempest_lib.common.rest_client] Request - Headers: {'Content-Type': 'application/json', 'Accept': 'application/json', 'X-Auth-Token': '&lt;omitted&gt;'}
        Body: {"keypair": {"name": "tempest-TestNetworkBasicOps-1972781492"}}
    Response - Headers: {'status': '200', 'content-length': '2321', 'x-compute-request-id': 'req-2e0b1350-55b0-4b48-80f4-c7ce5b90cd4f', 'vary': 'X-OpenStack-Nova-API-Version', 'connection': 'close', 'x-openstack-nova-api-version': '2.1', 'date': 'Sat, 26 Dec 2015 02:42:56 GMT', 'content-type': 'application/json'}
        Body: {"keypair": {"public_key": "ssh-rsa AAAAB3NzaC1yc2EAAAADAQABAAABAQCP45VLt2r1Y0mPbPM7Kx8Zc8k0zDkdPAzygLeIjeP4Lg1qS+9xs2TxrRxQb9zq8lsETAKIzlmprR3pfm8TW3Eqvx6ec3hjhajYpB6ctP3+iRy5PhwQ87GyLHEWU85JjZRdRVP4Ync1+ITUf3dgLdE9Apq+CwEpCoYfALYv6ggM8MbU3A1ZBlGqCfv0RVla9BYfnlR6aXjHmMm2K+gYnLkazEF7EiqvAOEQFA+wPdl7EKx1keKt1yATfutUFkfrdh+UeDS09D/IueHv62bUrghOtLs/D/z1WeXEjOWPTZBuftBe+9HGZP4Xbw7HHhcySMOwTiDRblYqxPugtwwhWUI7 Generated-by-Nova", "private_key": "-----BEGIN RSA PRIVATE KEY-----\nMIIEqQIBAAKCAQEAj+OVS7dq9WNJj2zzOysfGXPJNMw5HTwM8oC3iI3j+C4Nakvv\ncbNk8a0cUG/c6vJbBEwCiM5Zqa0d6X5vE1txKr8ennN4Y4Wo2KQenLT9/okcuT4c\nEPOxsixxFlPOSY2UXUVT+GJ3NfiE1H93YC3RPQKavgsBKQqGHwC2L+oIDPDG1NwN\nWQZRqgn79EVZWvQWH55Ueml4x5jJtivoGJy5GsxBexIqrwDhEBQPsD3ZexCsdZHi\nrdcgE37rVBZH63YflHg0tPQ/yLnh7+tm1K4ITrS7Pw/89VnlxIzlj02Qbn7QXvvR\nxmT+F28Oxx4XMkjDsE4g0W5WKsT7oLcMIVlCOwIDAQABAoIBAA2SFFGY0fCk1Zo+\nV05cScmXvwFIxZY5RKtWcnjhkP+mMEO3N7UMi1ez0PjRJA/Qnb7xAEgw1goHtst/\nzjAQLsMuVU/yagdQ4tTT3cM/2ri368qYzgLXSQoZ4OyPKOSNAtItKLdDaiTf9H8q\nKnMavyI27atA1HIveOjRo10vgGTf6FzX21BNrVlQ1ld+JpKvMs6EZ+Fx29yON7zU\nUXUOqx38DoVgEQ3HJfYePvciuBL3u4uabGA3VpFL6xfFEni9u7QytFuN7xt2cs8v\nJq9ULx21rZtMYK5iRggn35Srd2dL6Jn4RvRKiH2fB/VRALDDCqYdbDXuCPjtimQa\ncG8biVECggCBAL+REJCHgwbwDWrT50EfRO5vUxjRZ3uf3hVXF8/TJsLfu1j3p2uJ\noV7uZTjRzSyYAFNPhQbohSAxrXdPly9izdE03DFu+6OWjQfZPH6cSB5rCPijdCvF\nJ0D/NEZULM0bBZ9Fn0N6rMvm+6kVVWdXk0DgXGoWPq92/huHYscWAQUJAoIAgQDA\nSTYhZ2b6FmF5Nws3TYtkQJ/KY+SnHUn0ZogCgwBpl5XA+8BMAzILASluUOOZeao7\nxRgAJmoHztQ2RwF3orNOAOmlqN0KTtq10oMX1IvqjnFZSOYpdVM4x0FbPiZEuS5l\nfzYqSn+L2eiVhFnQC5esbh0bB3duavGwBzyjvi+CIwKCAIEArNg61e0vMAdQU982\nfO+1xlzz4SSv9j9cpmyas42VH6e25qMtkD3yODFpa0cBlQbg5EqPgJgz5cRs+4X4\np2zCv8yuEHxO2F9yiG5dwu9HswpoYc85dnTA4khh5kL02WtUO00aUkxRtPiIgRsa\nn8/IsXS+bYn8rVz0EeqqGW+lI+ECggCANc0GQUhuTrEuar0U/U9MHivaycUzd/LA\n+4ooqhM/bUwFka6e+mW2fc/AaOZnGE0rbXfTJE+bQT4EsH8jkPbMFpo4xao+1qCD\nn3YcSfGliGZ8no/AHn9+XpeZ2M7F5Fqv+aQjYqffkiDRa+xRON3VfWB98k8fgpyX\nrToJJIOVRWMCggCBAJz9n/UEWbPHurrceaBW0z358oK1e9Q+JXipO5Pdf9kpmQTE\nayZ6PzSHBAcfBuR4KoxA9cTrTn2jCmp8nO7E2RBbFs2McrBpl/ih4ozbYpJ8L/3p\notpBY8u+JtCjR85Xws1rz/9er4evUxNc8t0Zu2APJ/8Jdx3ZoDzcGQUtqXXc\n-----END RSA PRIVATE KEY-----\n", "user_id": "adeea0cf47fd471da0668f80573ec16f", "name": "tempest-TestNetworkBasicOps-1972781492", "fingerprint": "69:bb:72:a2:e8:63:88:dc:8e:c8:04:c6:54:c5:67:42"}}
2015-12-26 02:42:56,312 21505 INFO     [tempest_lib.common.rest_client] Request (TestNetworkBasicOps:test_connectivity_between_vms_on_different_networks): 200 POST http://10.0.2.15:5000/v2.0/tokens
2015-12-26 02:42:56,312 21505 DEBUG    [tempest_lib.common.rest_client] Request - Headers: {'Content-Type': 'application/json', 'Accept': 'application/json'}
        Body: &lt;omitted&gt;
    Response - Headers: {'status': '200', 'content-length': '2530', 'vary': 'X-Auth-Token', 'server': 'Apache/2.4.7 (Ubuntu)', 'connection': 'close', 'date': 'Sat, 26 Dec 2015 02:42:56 GMT', 'content-type': 'application/json', 'x-openstack-request-id': 'req-4136b0ee-dee1-45bb-af23-316edc004157'}
        Body: {"access": {"token": {"issued_at": "2015-12-26T02:42:56.297204", "expires": "2015-12-26T03:42:56Z", "id": "f0795886b7ba471fbe7eaa9deaf66bd2", "tenant": {"description": "tempest-TestNetworkBasicOps-1660696071-desc", "enabled": true, "id": "61a7ce5a57de4f80a7375743c9cc1b18", "name": "tempest-TestNetworkBasicOps-1660696071"}, "audit_ids": ["4GDzmoBKRNWW4teP9Hr84Q"]}, "serviceCatalog": [{"endpoints": [{"adminURL": "http://10.0.2.15:8774/v2.1/61a7ce5a57de4f80a7375743c9cc1b18", "region": "RegionOne", "internalURL": "http://10.0.2.15:8774/v2.1/61a7ce5a57de4f80a7375743c9cc1b18", "id": "57b9035f45d642628a3f833ec855c722", "publicURL": "http://10.0.2.15:8774/v2.1/61a7ce5a57de4f80a7375743c9cc1b18"}], "endpoints_links": [], "type": "compute", "name": "nova"}, {"endpoints": [{"adminURL": "http://10.0.2.15:9696/", "region": "RegionOne", "internalURL": "http://10.0.2.15:9696/", "id": "01d291ee4fb14df293006c7a808dcde6", "publicURL": "http://10.0.2.15:9696/"}], "endpoints_links": [], "type": "network", "name": "neutron"}, {"endpoints": [{"adminURL": "http://10.0.2.15:9292", "region": "RegionOne", "internalURL": "http://10.0.2.15:9292", "id": "813b445e52774bb8b0898ceac1202048", "publicURL": "http://10.0.2.15:9292"}], "endpoints_links": [], "type": "image", "name": "glance"}, {"endpoints": [{"adminURL": "http://10.0.2.15:8774/v2/61a7ce5a57de4f80a7375743c9cc1b18", "region": "RegionOne", "internalURL": "http://10.0.2.15:8774/v2/61a7ce5a57de4f80a7375743c9cc1b18", "id": "3c3397b9eb674fb7b8437419d2f8c815", "publicURL": "http://10.0.2.15:8774/v2/61a7ce5a57de4f80a7375743c9cc1b18"}], "endpoints_links": [], "type": "compute_legacy", "name": "nova_legacy"}, {"endpoints": [{"adminURL": "http://10.0.2.15:8773/", "region": "RegionOne", "internalURL": "http://10.0.2.15:8773/", "id": "3ebbad5a40364289a9023305585f25fb", "publicURL": "http://10.0.2.15:8773/"}], "endpoints_links": [], "type": "ec2", "name": "ec2"}, {"endpoints": [{"adminURL": "http://10.0.2.15:35357/v2.0", "region": "RegionOne", "internalURL": "http://10.0.2.15:5000/v2.0", "id": "5b9fb46c669e4124929eb8092886bcf8", "publicURL": "http://10.0.2.15:5000/v2.0"}], "endpoints_links": [], "type": "identity", "name": "keystone"}], "user": {"username": "tempest-TestNetworkBasicOps-1633507120", "roles_links": [], "id": "adeea0cf47fd471da0668f80573ec16f", "roles": [{"name": "Member"}, {"name": "_member_"}], "name": "tempest-TestNetworkBasicOps-1633507120"}, "metadata": {"is_admin": 0, "roles": ["09ca0240b7bf4951bce3f2c1aa371aa1", "9fe2ff9ee4384b1894a90878d3e92bab"]}}}
2015-12-26 02:42:56,318 21505 DEBUG    [tempest.common.fixed_network] (TestNetworkBasicOps:test_connectivity_between_vms_on_different_networks) No valid network provided or created, defaulting to fixed_network_name
2015-12-26 02:42:56,654 21505 INFO     [tempest_lib.common.rest_client] Request (TestNetworkBasicOps:test_connectivity_between_vms_on_different_networks): 200 GET http://10.0.2.15:8774/v2.1/61a7ce5a57de4f80a7375743c9cc1b18/os-networks 0.336s
2015-12-26 02:42:56,655 21505 DEBUG    [tempest_lib.common.rest_client] Request - Headers: {'Content-Type': 'application/json', 'Accept': 'application/json', 'X-Auth-Token': '&lt;omitted&gt;'}
        Body: None
    Response - Headers: {'status': '200', 'content-length': '479', 'content-location': 'http://10.0.2.15:8774/v2.1/61a7ce5a57de4f80a7375743c9cc1b18/os-networks', 'x-compute-request-id': 'req-fdbdae1f-4321-4a34-82ae-2966006111be', 'vary': 'X-OpenStack-Nova-API-Version', 'connection': 'close', 'x-openstack-nova-api-version': '2.1', 'date': 'Sat, 26 Dec 2015 02:42:56 GMT', 'content-type': 'application/json'}
        Body: {"networks": [{"cidr_v6": null, "dns2": null, "dns1": null, "gateway": null, "broadcast": null, "netmask": null, "gateway_v6": null, "cidr": null, "label": "tempest-network-smoke--1128465829", "id": "4a4be8cb-b243-44c3-a21f-743c6cee9835", "netmask_v6": null}, {"cidr_v6": null, "dns2": null, "dns1": null, "gateway": null, "broadcast": null, "netmask": null, "gateway_v6": null, "cidr": null, "label": "public", "id": "200cf5a2-c50b-4091-8a93-df6d6cd1e082", "netmask_v6": null}]}
2015-12-26 02:42:56,655 21505 WARNING  [tempest.common.fixed_network] (TestNetworkBasicOps:test_connectivity_between_vms_on_different_networks) Network with name: private not found
2015-12-26 02:42:56,656 21505 INFO     [tempest.common.fixed_network] (TestNetworkBasicOps:test_connectivity_between_vms_on_different_networks) Found network {} available for tenant
2015-12-26 02:42:58,609 21505 INFO     [tempest_lib.common.rest_client] Request (TestNetworkBasicOps:test_connectivity_between_vms_on_different_networks): 202 POST http://10.0.2.15:8774/v2.1/61a7ce5a57de4f80a7375743c9cc1b18/servers 1.952s
2015-12-26 02:42:58,609 21505 DEBUG    [tempest_lib.common.rest_client] Request - Headers: {'Content-Type': 'application/json', 'Accept': 'application/json', 'X-Auth-Token': '&lt;omitted&gt;'}
        Body: {"server": {"name": "tempest.common.compute-instance-1594039607", "imageRef": "772e60bc-9c72-4dcb-ad4f-13221e440ff4", "key_name": "tempest-TestNetworkBasicOps-1972781492", "flavorRef": "42", "networks": [{"uuid": "4a4be8cb-b243-44c3-a21f-743c6cee9835"}], "security_groups": [{"name": "tempest-secgroup-smoke-1794382101"}]}}
    Response - Headers: {'status': '202', 'content-length': '462', 'x-compute-request-id': 'req-7c8ff2e8-e0dc-427a-85e3-8ff05c078275', 'vary': 'X-OpenStack-Nova-API-Version', 'connection': 'close', 'location': 'http://10.0.2.15:8774/v2.1/61a7ce5a57de4f80a7375743c9cc1b18/servers/55244def-32ab-45e6-9aa8-4f9c9c70765c', 'x-openstack-nova-api-version': '2.1', 'date': 'Sat, 26 Dec 2015 02:42:58 GMT', 'content-type': 'application/json'}
        Body: {"server": {"security_groups": [{"name": "tempest-secgroup-smoke-1794382101"}], "OS-DCF:diskConfig": "MANUAL", "id": "55244def-32ab-45e6-9aa8-4f9c9c70765c", "links": [{"href": "http://10.0.2.15:8774/v2.1/61a7ce5a57de4f80a7375743c9cc1b18/servers/55244def-32ab-45e6-9aa8-4f9c9c70765c", "rel": "self"}, {"href": "http://10.0.2.15:8774/61a7ce5a57de4f80a7375743c9cc1b18/servers/55244def-32ab-45e6-9aa8-4f9c9c70765c", "rel": "bookmark"}], "adminPass": "r7tiuNv2ZqgE"}}
2015-12-26 02:42:58,890 21505 INFO     [tempest_lib.common.rest_client] Request (TestNetworkBasicOps:test_connectivity_between_vms_on_different_networks): 200 GET http://10.0.2.15:8774/v2.1/61a7ce5a57de4f80a7375743c9cc1b18/servers/55244def-32ab-45e6-9aa8-4f9c9c70765c 0.275s
2015-12-26 02:42:58,890 21505 DEBUG    [tempest_lib.common.rest_client] Request - Headers: {'Content-Type': 'application/json', 'Accept': 'application/json', 'X-Auth-Token': '&lt;omitted&gt;'}
        Body: None
    Response - Headers: {'status': '200', 'content-length': '1356', 'content-location': 'http://10.0.2.15:8774/v2.1/61a7ce5a57de4f80a7375743c9cc1b18/servers/55244def-32ab-45e6-9aa8-4f9c9c70765c', 'x-compute-request-id': 'req-1d807288-bc83-4492-bed3-b8a4d5fe111c', 'vary': 'X-OpenStack-Nova-API-Version', 'connection': 'close', 'x-openstack-nova-api-version': '2.1', 'date': 'Sat, 26 Dec 2015 02:42:58 GMT', 'content-type': 'application/json'}
        Body: {"server": {"status": "BUILD", "updated": "2015-12-26T02:42:58Z", "hostId": "", "addresses": {}, "links": [{"href": "http://10.0.2.15:8774/v2.1/61a7ce5a57de4f80a7375743c9cc1b18/servers/55244def-32ab-45e6-9aa8-4f9c9c70765c", "rel": "self"}, {"href": "http://10.0.2.15:8774/61a7ce5a57de4f80a7375743c9cc1b18/servers/55244def-32ab-45e6-9aa8-4f9c9c70765c", "rel": "bookmark"}], "key_name": "tempest-TestNetworkBasicOps-1972781492", "image": {"id": "772e60bc-9c72-4dcb-ad4f-13221e440ff4", "links": [{"href": "http://10.0.2.15:8774/61a7ce5a57de4f80a7375743c9cc1b18/images/772e60bc-9c72-4dcb-ad4f-13221e440ff4", "rel": "bookmark"}]}, "OS-EXT-STS:task_state": "scheduling", "OS-EXT-STS:vm_state": "building", "OS-SRV-USG:launched_at": null, "flavor": {"id": "42", "links": [{"href": "http://10.0.2.15:8774/61a7ce5a57de4f80a7375743c9cc1b18/flavors/42", "rel": "bookmark"}]}, "id": "55244def-32ab-45e6-9aa8-4f9c9c70765c", "OS-SRV-USG:terminated_at": null, "OS-EXT-AZ:availability_zone": "", "user_id": "adeea0cf47fd471da0668f80573ec16f", "name": "tempest.common.compute-instance-1594039607", "created": "2015-12-26T02:42:58Z", "tenant_id": "61a7ce5a57de4f80a7375743c9cc1b18", "OS-DCF:diskConfig": "MANUAL", "os-extended-volumes:volumes_attached": [], "accessIPv4": "", "accessIPv6": "", "progress": 0, "OS-EXT-STS:power_state": 0, "config_drive": "", "metadata": {}}}
2015-12-26 02:43:00,353 21505 INFO     [tempest_lib.common.rest_client] Request (TestNetworkBasicOps:test_connectivity_between_vms_on_different_networks): 200 GET http://10.0.2.15:8774/v2.1/61a7ce5a57de4f80a7375743c9cc1b18/servers/55244def-32ab-45e6-9aa8-4f9c9c70765c 0.452s
2015-12-26 02:43:00,353 21505 DEBUG    [tempest_lib.common.rest_client] Request - Headers: {'Content-Type': 'application/json', 'Accept': 'application/json', 'X-Auth-Token': '&lt;omitted&gt;'}
        Body: None
    Response - Headers: {'status': '200', 'content-length': '1482', 'content-location': 'http://10.0.2.15:8774/v2.1/61a7ce5a57de4f80a7375743c9cc1b18/servers/55244def-32ab-45e6-9aa8-4f9c9c70765c', 'x-compute-request-id': 'req-60f795a6-8943-4966-8be2-b6b391ddc2ac', 'vary': 'X-OpenStack-Nova-API-Version', 'connection': 'close', 'x-openstack-nova-api-version': '2.1', 'date': 'Sat, 26 Dec 2015 02:43:00 GMT', 'content-type': 'application/json'}
        Body: {"server": {"status": "BUILD", "updated": "2015-12-26T02:42:59Z", "hostId": "aa84070326e6f300e4e63275617457aca4875bea033259ec3cb46505", "addresses": {}, "links": [{"href": "http://10.0.2.15:8774/v2.1/61a7ce5a57de4f80a7375743c9cc1b18/servers/55244def-32ab-45e6-9aa8-4f9c9c70765c", "rel": "self"}, {"href": "http://10.0.2.15:8774/61a7ce5a57de4f80a7375743c9cc1b18/servers/55244def-32ab-45e6-9aa8-4f9c9c70765c", "rel": "bookmark"}], "key_name": "tempest-TestNetworkBasicOps-1972781492", "image": {"id": "772e60bc-9c72-4dcb-ad4f-13221e440ff4", "links": [{"href": "http://10.0.2.15:8774/61a7ce5a57de4f80a7375743c9cc1b18/images/772e60bc-9c72-4dcb-ad4f-13221e440ff4", "rel": "bookmark"}]}, "OS-EXT-STS:task_state": "spawning", "OS-EXT-STS:vm_state": "building", "OS-SRV-USG:launched_at": null, "flavor": {"id": "42", "links": [{"href": "http://10.0.2.15:8774/61a7ce5a57de4f80a7375743c9cc1b18/flavors/42", "rel": "bookmark"}]}, "id": "55244def-32ab-45e6-9aa8-4f9c9c70765c", "security_groups": [{"name": "tempest-secgroup-smoke-1794382101"}], "OS-SRV-USG:terminated_at": null, "OS-EXT-AZ:availability_zone": "nova", "user_id": "adeea0cf47fd471da0668f80573ec16f", "name": "tempest.common.compute-instance-1594039607", "created": "2015-12-26T02:42:58Z", "tenant_id": "61a7ce5a57de4f80a7375743c9cc1b18", "OS-DCF:diskConfig": "MANUAL", "os-extended-volumes:volumes_attached": [], "accessIPv4": "", "accessIPv6": "", "progress": 0, "OS-EXT-STS:power_state": 0, "config_drive": "", "metadata": {}}}
2015-12-26 02:43:00,362 21505 INFO     [tempest.common.waiters] State transition "BUILD/scheduling" ==&gt; "BUILD/spawning" after 2 second wait
2015-12-26 02:43:01,576 21505 INFO     [tempest_lib.common.rest_client] Request (TestNetworkBasicOps:test_connectivity_between_vms_on_different_networks): 200 GET http://10.0.2.15:8774/v2.1/61a7ce5a57de4f80a7375743c9cc1b18/servers/55244def-32ab-45e6-9aa8-4f9c9c70765c 0.213s
2015-12-26 02:43:01,577 21505 DEBUG    [tempest_lib.common.rest_client] Request - Headers: {'Content-Type': 'application/json', 'Accept': 'application/json', 'X-Auth-Token': '&lt;omitted&gt;'}
        Body: None
    Response - Headers: {'status': '200', 'content-length': '1482', 'content-location': 'http://10.0.2.15:8774/v2.1/61a7ce5a57de4f80a7375743c9cc1b18/servers/55244def-32ab-45e6-9aa8-4f9c9c70765c', 'x-compute-request-id': 'req-d4b6d4a7-a85c-4734-b7f8-91655eb9a09c', 'vary': 'X-OpenStack-Nova-API-Version', 'connection': 'close', 'x-openstack-nova-api-version': '2.1', 'date': 'Sat, 26 Dec 2015 02:43:01 GMT', 'content-type': 'application/json'}
        Body: {"server": {"status": "BUILD", "updated": "2015-12-26T02:42:59Z", "hostId": "aa84070326e6f300e4e63275617457aca4875bea033259ec3cb46505", "addresses": {}, "links": [{"href": "http://10.0.2.15:8774/v2.1/61a7ce5a57de4f80a7375743c9cc1b18/servers/55244def-32ab-45e6-9aa8-4f9c9c70765c", "rel": "self"}, {"href": "http://10.0.2.15:8774/61a7ce5a57de4f80a7375743c9cc1b18/servers/55244def-32ab-45e6-9aa8-4f9c9c70765c", "rel": "bookmark"}], "key_name": "tempest-TestNetworkBasicOps-1972781492", "image": {"id": "772e60bc-9c72-4dcb-ad4f-13221e440ff4", "links": [{"href": "http://10.0.2.15:8774/61a7ce5a57de4f80a7375743c9cc1b18/images/772e60bc-9c72-4dcb-ad4f-13221e440ff4", "rel": "bookmark"}]}, "OS-EXT-STS:task_state": "spawning", "OS-EXT-STS:vm_state": "building", "OS-SRV-USG:launched_at": null, "flavor": {"id": "42", "links": [{"href": "http://10.0.2.15:8774/61a7ce5a57de4f80a7375743c9cc1b18/flavors/42", "rel": "bookmark"}]}, "id": "55244def-32ab-45e6-9aa8-4f9c9c70765c", "security_groups": [{"name": "tempest-secgroup-smoke-1794382101"}], "OS-SRV-USG:terminated_at": null, "OS-EXT-AZ:availability_zone": "nova", "user_id": "adeea0cf47fd471da0668f80573ec16f", "name": "tempest.common.compute-instance-1594039607", "created": "2015-12-26T02:42:58Z", "tenant_id": "61a7ce5a57de4f80a7375743c9cc1b18", "OS-DCF:diskConfig": "MANUAL", "os-extended-volumes:volumes_attached": [], "accessIPv4": "", "accessIPv6": "", "progress": 0, "OS-EXT-STS:power_state": 0, "config_drive": "", "metadata": {}}}
2015-12-26 02:43:02,790 21505 INFO     [tempest_lib.common.rest_client] Request (TestNetworkBasicOps:test_connectivity_between_vms_on_different_networks): 200 GET http://10.0.2.15:8774/v2.1/61a7ce5a57de4f80a7375743c9cc1b18/servers/55244def-32ab-45e6-9aa8-4f9c9c70765c 0.195s
2015-12-26 02:43:02,790 21505 DEBUG    [tempest_lib.common.rest_client] Request - Headers: {'Content-Type': 'application/json', 'Accept': 'application/json', 'X-Auth-Token': '&lt;omitted&gt;'}
        Body: None
    Response - Headers: {'status': '200', 'content-length': '1654', 'content-location': 'http://10.0.2.15:8774/v2.1/61a7ce5a57de4f80a7375743c9cc1b18/servers/55244def-32ab-45e6-9aa8-4f9c9c70765c', 'x-compute-request-id': 'req-1f227e6d-dbd3-4f11-8cc0-e7ec97ca9604', 'vary': 'X-OpenStack-Nova-API-Version', 'connection': 'close', 'x-openstack-nova-api-version': '2.1', 'date': 'Sat, 26 Dec 2015 02:43:02 GMT', 'content-type': 'application/json'}
        Body: {"server": {"status": "ACTIVE", "updated": "2015-12-26T02:43:02Z", "hostId": "aa84070326e6f300e4e63275617457aca4875bea033259ec3cb46505", "addresses": {"tempest-network-smoke--1128465829": [{"OS-EXT-IPS-MAC:mac_addr": "fa:16:3e:5e:58:c1", "version": 4, "addr": "10.100.0.3", "OS-EXT-IPS:type": "fixed"}]}, "links": [{"href": "http://10.0.2.15:8774/v2.1/61a7ce5a57de4f80a7375743c9cc1b18/servers/55244def-32ab-45e6-9aa8-4f9c9c70765c", "rel": "self"}, {"href": "http://10.0.2.15:8774/61a7ce5a57de4f80a7375743c9cc1b18/servers/55244def-32ab-45e6-9aa8-4f9c9c70765c", "rel": "bookmark"}], "key_name": "tempest-TestNetworkBasicOps-1972781492", "image": {"id": "772e60bc-9c72-4dcb-ad4f-13221e440ff4", "links": [{"href": "http://10.0.2.15:8774/61a7ce5a57de4f80a7375743c9cc1b18/images/772e60bc-9c72-4dcb-ad4f-13221e440ff4", "rel": "bookmark"}]}, "OS-EXT-STS:task_state": null, "OS-EXT-STS:vm_state": "active", "OS-SRV-USG:launched_at": "2015-12-26T02:43:01.000000", "flavor": {"id": "42", "links": [{"href": "http://10.0.2.15:8774/61a7ce5a57de4f80a7375743c9cc1b18/flavors/42", "rel": "bookmark"}]}, "id": "55244def-32ab-45e6-9aa8-4f9c9c70765c", "security_groups": [{"name": "tempest-secgroup-smoke-1794382101"}], "OS-SRV-USG:terminated_at": null, "OS-EXT-AZ:availability_zone": "nova", "user_id": "adeea0cf47fd471da0668f80573ec16f", "name": "tempest.common.compute-instance-1594039607", "created": "2015-12-26T02:42:58Z", "tenant_id": "61a7ce5a57de4f80a7375743c9cc1b18", "OS-DCF:diskConfig": "MANUAL", "os-extended-volumes:volumes_attached": [], "accessIPv4": "", "accessIPv6": "", "progress": 0, "OS-EXT-STS:power_state": 1, "config_drive": "True", "metadata": {}}}
2015-12-26 02:43:02,799 21505 INFO     [tempest.common.waiters] State transition "BUILD/spawning" ==&gt; "ACTIVE/None" after 4 second wait
2015-12-26 02:43:03,282 21505 INFO     [tempest_lib.common.rest_client] Request (TestNetworkBasicOps:test_connectivity_between_vms_on_different_networks): 200 GET http://10.0.2.15:8774/v2.1/61a7ce5a57de4f80a7375743c9cc1b18/servers/55244def-32ab-45e6-9aa8-4f9c9c70765c 0.482s
2015-12-26 02:43:03,283 21505 DEBUG    [tempest_lib.common.rest_client] Request - Headers: {'Content-Type': 'application/json', 'Accept': 'application/json', 'X-Auth-Token': '&lt;omitted&gt;'}
        Body: None
    Response - Headers: {'status': '200', 'content-length': '1654', 'content-location': 'http://10.0.2.15:8774/v2.1/61a7ce5a57de4f80a7375743c9cc1b18/servers/55244def-32ab-45e6-9aa8-4f9c9c70765c', 'x-compute-request-id': 'req-6fc50a9d-3299-4e7c-bc4a-a16da7bb8ca2', 'vary': 'X-OpenStack-Nova-API-Version', 'connection': 'close', 'x-openstack-nova-api-version': '2.1', 'date': 'Sat, 26 Dec 2015 02:43:03 GMT', 'content-type': 'application/json'}
        Body: {"server": {"status": "ACTIVE", "updated": "2015-12-26T02:43:02Z", "hostId": "aa84070326e6f300e4e63275617457aca4875bea033259ec3cb46505", "addresses": {"tempest-network-smoke--1128465829": [{"OS-EXT-IPS-MAC:mac_addr": "fa:16:3e:5e:58:c1", "version": 4, "addr": "10.100.0.3", "OS-EXT-IPS:type": "fixed"}]}, "links": [{"href": "http://10.0.2.15:8774/v2.1/61a7ce5a57de4f80a7375743c9cc1b18/servers/55244def-32ab-45e6-9aa8-4f9c9c70765c", "rel": "self"}, {"href": "http://10.0.2.15:8774/61a7ce5a57de4f80a7375743c9cc1b18/servers/55244def-32ab-45e6-9aa8-4f9c9c70765c", "rel": "bookmark"}], "key_name": "tempest-TestNetworkBasicOps-1972781492", "image": {"id": "772e60bc-9c72-4dcb-ad4f-13221e440ff4", "links": [{"href": "http://10.0.2.15:8774/61a7ce5a57de4f80a7375743c9cc1b18/images/772e60bc-9c72-4dcb-ad4f-13221e440ff4", "rel": "bookmark"}]}, "OS-EXT-STS:task_state": null, "OS-EXT-STS:vm_state": "active", "OS-SRV-USG:launched_at": "2015-12-26T02:43:01.000000", "flavor": {"id": "42", "links": [{"href": "http://10.0.2.15:8774/61a7ce5a57de4f80a7375743c9cc1b18/flavors/42", "rel": "bookmark"}]}, "id": "55244def-32ab-45e6-9aa8-4f9c9c70765c", "security_groups": [{"name": "tempest-secgroup-smoke-1794382101"}], "OS-SRV-USG:terminated_at": null, "OS-EXT-AZ:availability_zone": "nova", "user_id": "adeea0cf47fd471da0668f80573ec16f", "name": "tempest.common.compute-instance-1594039607", "created": "2015-12-26T02:42:58Z", "tenant_id": "61a7ce5a57de4f80a7375743c9cc1b18", "OS-DCF:diskConfig": "MANUAL", "os-extended-volumes:volumes_attached": [], "accessIPv4": "", "accessIPv6": "", "progress": 0, "OS-EXT-STS:power_state": 1, "config_drive": "True", "metadata": {}}}
2015-12-26 02:43:03,290 21505 INFO     [tempest.scenario.manager] Tenant networks not configured to be reachable.
2015-12-26 02:43:03,323 21505 INFO     [tempest_lib.common.rest_client] Request (TestNetworkBasicOps:test_connectivity_between_vms_on_different_networks): 200 GET http://10.0.2.15:9696/v2.0/ports?status=ACTIVE&amp;fixed_ip=None&amp;device_id=55244def-32ab-45e6-9aa8-4f9c9c70765c 0.032s
2015-12-26 02:43:03,323 21505 DEBUG    [tempest_lib.common.rest_client] Request - Headers: {'Content-Type': 'application/json', 'Accept': 'application/json', 'X-Auth-Token': '&lt;omitted&gt;'}
        Body: None
    Response - Headers: {'status': '200', 'content-length': '895', 'content-location': 'http://10.0.2.15:9696/v2.0/ports?status=ACTIVE&amp;fixed_ip=None&amp;device_id=55244def-32ab-45e6-9aa8-4f9c9c70765c', 'connection': 'close', 'date': 'Sat, 26 Dec 2015 02:43:03 GMT', 'content-type': 'application/json; charset=UTF-8', 'x-openstack-request-id': 'req-e00ad56c-e795-4067-ace7-4f35ce6d6340'}
        Body: {"ports": [{"status": "ACTIVE", "binding:host_id": "vagrant-ubuntu-trusty-64", "allowed_address_pairs": [], "extra_dhcp_opts": [], "dns_assignment": [{"hostname": "host-10-100-0-3", "ip_address": "10.100.0.3", "fqdn": "host-10-100-0-3.openstacklocal."}], "device_owner": "compute:None", "port_security_enabled": true, "binding:profile": {}, "fixed_ips": [{"subnet_id": "1d66c289-f2af-4bda-9329-f43b35e017b7", "ip_address": "10.100.0.3"}], "id": "076fbfeb-b231-4b70-8792-485849de1246", "security_groups": ["83c0ce36-a865-41e5-bc9e-9b49ea775bf0"], "device_id": "55244def-32ab-45e6-9aa8-4f9c9c70765c", "name": "", "admin_state_up": true, "network_id": "4a4be8cb-b243-44c3-a21f-743c6cee9835", "dns_name": "", "binding:vif_details": {"port_filter": true}, "binding:vnic_type": "normal", "binding:vif_type": "ovs", "tenant_id": "61a7ce5a57de4f80a7375743c9cc1b18", "mac_address": "fa:16:3e:5e:58:c1"}]}
2015-12-26 02:43:03,861 21505 INFO     [tempest_lib.common.rest_client] Request (TestNetworkBasicOps:test_connectivity_between_vms_on_different_networks): 201 POST http://10.0.2.15:9696/v2.0/floatingips 0.537s
2015-12-26 02:43:03,862 21505 DEBUG    [tempest_lib.common.rest_client] Request - Headers: {'Content-Type': 'application/json', 'Accept': 'application/json', 'X-Auth-Token': '&lt;omitted&gt;'}
        Body: {"floatingip": {"floating_network_id": "200cf5a2-c50b-4091-8a93-df6d6cd1e082", "tenant_id": "61a7ce5a57de4f80a7375743c9cc1b18", "fixed_ip_address": "10.100.0.3", "port_id": "076fbfeb-b231-4b70-8792-485849de1246"}}
    Response - Headers: {'status': '201', 'content-length': '367', 'connection': 'close', 'date': 'Sat, 26 Dec 2015 02:43:03 GMT', 'content-type': 'application/json; charset=UTF-8', 'x-openstack-request-id': 'req-b2618690-524f-4054-aeb8-bf0c1f10c8b4'}
        Body: {"floatingip": {"floating_network_id": "200cf5a2-c50b-4091-8a93-df6d6cd1e082", "router_id": "f512c97b-0694-4b77-8830-3afcee1325f6", "fixed_ip_address": "10.100.0.3", "floating_ip_address": "172.24.4.4", "tenant_id": "61a7ce5a57de4f80a7375743c9cc1b18", "status": "DOWN", "port_id": "076fbfeb-b231-4b70-8792-485849de1246", "id": "6802d106-0505-4d36-ae61-aaba4abd9fa5"}}
2015-12-26 02:43:03,876 21505 INFO     [tempest_lib.common.rest_client] Request (TestNetworkBasicOps:test_connectivity_between_vms_on_different_networks): 200 GET http://10.0.2.15:9696/v2.0/floatingips/6802d106-0505-4d36-ae61-aaba4abd9fa5 0.013s
2015-12-26 02:43:03,877 21505 DEBUG    [tempest_lib.common.rest_client] Request - Headers: {'Content-Type': 'application/json', 'Accept': 'application/json', 'X-Auth-Token': '&lt;omitted&gt;'}
        Body: None
    Response - Headers: {'status': '200', 'content-length': '367', 'content-location': 'http://10.0.2.15:9696/v2.0/floatingips/6802d106-0505-4d36-ae61-aaba4abd9fa5', 'connection': 'close', 'date': 'Sat, 26 Dec 2015 02:43:03 GMT', 'content-type': 'application/json; charset=UTF-8', 'x-openstack-request-id': 'req-42c57773-1118-443f-b1d2-9553d0b6025f'}
        Body: {"floatingip": {"floating_network_id": "200cf5a2-c50b-4091-8a93-df6d6cd1e082", "router_id": "f512c97b-0694-4b77-8830-3afcee1325f6", "fixed_ip_address": "10.100.0.3", "floating_ip_address": "172.24.4.4", "tenant_id": "61a7ce5a57de4f80a7375743c9cc1b18", "status": "DOWN", "port_id": "076fbfeb-b231-4b70-8792-485849de1246", "id": "6802d106-0505-4d36-ae61-aaba4abd9fa5"}}
2015-12-26 02:43:04,893 21505 INFO     [tempest_lib.common.rest_client] Request (TestNetworkBasicOps:test_connectivity_between_vms_on_different_networks): 200 GET http://10.0.2.15:9696/v2.0/floatingips/6802d106-0505-4d36-ae61-aaba4abd9fa5 0.015s
2015-12-26 02:43:04,894 21505 DEBUG    [tempest_lib.common.rest_client] Request - Headers: {'Content-Type': 'application/json', 'Accept': 'application/json', 'X-Auth-Token': '&lt;omitted&gt;'}
        Body: None
    Response - Headers: {'status': '200', 'content-length': '369', 'content-location': 'http://10.0.2.15:9696/v2.0/floatingips/6802d106-0505-4d36-ae61-aaba4abd9fa5', 'connection': 'close', 'date': 'Sat, 26 Dec 2015 02:43:04 GMT', 'content-type': 'application/json; charset=UTF-8', 'x-openstack-request-id': 'req-733248b0-af68-4ef9-9e7b-0d420c230ab4'}
        Body: {"floatingip": {"floating_network_id": "200cf5a2-c50b-4091-8a93-df6d6cd1e082", "router_id": "f512c97b-0694-4b77-8830-3afcee1325f6", "fixed_ip_address": "10.100.0.3", "floating_ip_address": "172.24.4.4", "tenant_id": "61a7ce5a57de4f80a7375743c9cc1b18", "status": "ACTIVE", "port_id": "076fbfeb-b231-4b70-8792-485849de1246", "id": "6802d106-0505-4d36-ae61-aaba4abd9fa5"}}
2015-12-26 02:43:04,895 21505 INFO     [tempest.scenario.manager] FloatingIP: &lt;"FloatingIP" addr="172.24.4.4" id="6802d106-0505-4d36-ae61-aaba4abd9fa5"&gt; is at status: ACTIVE
2015-12-26 02:43:04,895 21505 DEBUG    [tempest.scenario.manager] checking network connections to IP 172.24.4.4 with user: cirros
2015-12-26 02:43:04,895 21505 DEBUG    [tempest.scenario.manager] TestNetworkBasicOps:test_connectivity_between_vms_on_different_networks begins to ping 172.24.4.4 in 120 sec and the expected result is reachable
2015-12-26 02:45:06,242 21505 DEBUG    [tempest.scenario.manager] TestNetworkBasicOps:test_connectivity_between_vms_on_different_networks finishes ping 172.24.4.4 in 120 sec and the ping result is unexpected
2015-12-26 02:45:06,244 21505 ERROR    [tempest.scenario.manager] Public network connectivity check failed
2015-12-26 02:45:06.244 21505 ERROR tempest.scenario.manager Traceback (most recent call last):
2015-12-26 02:45:06.244 21505 ERROR tempest.scenario.manager   File "tempest/scenario/manager.py", line 609, in check_public_network_connectivity
2015-12-26 02:45:06.244 21505 ERROR tempest.scenario.manager     should_connect=should_connect)
2015-12-26 02:45:06.244 21505 ERROR tempest.scenario.manager   File "tempest/scenario/manager.py", line 593, in check_vm_connectivity
2015-12-26 02:45:06.244 21505 ERROR tempest.scenario.manager     msg=msg)
2015-12-26 02:45:06.244 21505 ERROR tempest.scenario.manager   File "/usr/local/lib/python2.7/dist-packages/unittest2/case.py", line 702, in assertTrue
2015-12-26 02:45:06.244 21505 ERROR tempest.scenario.manager     raise self.failureException(msg)
2015-12-26 02:45:06.244 21505 ERROR tempest.scenario.manager AssertionError: False is not true : Timed out waiting for 172.24.4.4 to become reachable
2015-12-26 02:45:06.244 21505 ERROR tempest.scenario.manager 
2015-12-26 02:45:06,448 21505 INFO     [tempest_lib.common.rest_client] Request (TestNetworkBasicOps:test_connectivity_between_vms_on_different_networks): 200 POST http://10.0.2.15:8774/v2.1/61a7ce5a57de4f80a7375743c9cc1b18/servers/55244def-32ab-45e6-9aa8-4f9c9c70765c/action 0.200s
2015-12-26 02:45:06,449 21505 DEBUG    [tempest_lib.common.rest_client] Request - Headers: {'Content-Type': 'application/json', 'Accept': 'application/json', 'X-Auth-Token': '&lt;omitted&gt;'}
        Body: {"os-getConsoleOutput": {}}
    Response - Headers: {'status': '200', 'content-length': '17429', 'x-compute-request-id': 'req-179702de-798a-485d-baf7-ab82cfa65caf', 'vary': 'X-OpenStack-Nova-API-Version', 'connection': 'close', 'x-openstack-nova-api-version': '2.1', 'date': 'Sat, 26 Dec 2015 02:45:06 GMT', 'content-type': 'application/json'}
        Body: {"output": "[    0.000000] Initializing cgroup subsys cpuset\n[    0.000000] Initializing cgroup subsys cpu\n[    0.000000] Linux version 3.2.0-80-virtual (buildd@batsu) (gcc version 4.6.3 (Ubuntu/Linaro 4.6.3-1ubuntu5) ) #116-Ubuntu SMP Mon Mar 23 17:28:52 UTC 2015 (Ubuntu 3.2.0-80.116-virtual 3.2.68)\n[    0.000000] Command line: root=/dev/vda console=tty0 console=ttyS0 no_timer_check\n[    0.000000] KERNEL supported cpus:\n[    0.000000]   Intel GenuineIntel\n[    0.000000]   AMD AuthenticAMD\n[    0.000000]   Centaur CentaurHauls\n[    0.000000] BIOS-provided physical RAM map:\n[    0.000000]  BIOS-e820: 0000000000000000 - 000000000009fc00 (usable)\n[    0.000000]  BIOS-e820: 000000000009fc00 - 00000000000a0000 (reserved)\n[    0.000000]  BIOS-e820: 00000000000f0000 - 0000000000100000 (reserved)\n[    0.000000]  BIOS-e820: 0000000000100000 - 0000000003ffe000 (usable)\n[    0.000000]  BIOS-e820: 0000000003ffe000 - 0000000004000000 (reserved)\n[    0.000000]  BIOS-e820: 00000000fffc0000 - 0000000100000000 (reserved)\n[    0.000000] NX (Execute Disable) protection: active\n[    0.000000] SMBIOS 2.4 present.\n[    0.000000] No AGP bridge found\n[    0.000000] last_pfn = 0x3ffe max_arch_pfn = 0x400000000\n[    0.000000] x86 PAT enabled: cpu 0, old 0x7040600070406, new 0x7010600070106\n[    0.000000] found SMP MP-table at [ffff8800000f0b00] f0b00\n[    0.000000] init_memory_mapping: 0000000000000000-0000000003ffe000\n[    0.000000] RAMDISK: 03c5e000 - 03ff0000\n[    0.000000] ACPI: RSDP 00000000000f0950 00014 (v00 BOCHS )\n[    0.000000] ACPI: RSDT 0000000003fffbc1 00034 (v01 BOCHS  BXPCRSDT 00000001 BXPC 00000001)\n[    0.000000] ACPI: FACP 0000000003fff1c0 00074 (v01 BOCHS  BXPCFACP 00000001 BXPC 00000001)\n[    0.000000] ACPI: DSDT 0000000003ffe040 01180 (v01 BOCHS  BXPCDSDT 00000001 BXPC 00000001)\n[    0.000000] ACPI: FACS 0000000003ffe000 00040\n[    0.000000] ACPI: SSDT 0000000003fff234 008DD (v01 BOCHS  BXPCSSDT 00000001 BXPC 00000001)\n[    0.000000] ACPI: APIC 0000000003fffb11 00078 (v01 BOCHS  BXPCAPIC 00000001 BXPC 00000001)\n[    0.000000] ACPI: HPET 0000000003fffb89 00038 (v01 BOCHS  BXPCHPET 00000001 BXPC 00000001)\n[    0.000000] No NUMA configuration found\n[    0.000000] Faking a node at 0000000000000000-0000000003ffe000\n[    0.000000] Initmem setup node 0 0000000000000000-0000000003ffe000\n[    0.000000]   NODE_DATA [0000000003ff6000 - 0000000003ffafff]\n[    0.000000] Zone PFN ranges:\n[    0.000000]   DMA      0x00000010 -&gt; 0x00001000\n[    0.000000]   DMA32    0x00001000 -&gt; 0x00100000\n[    0.000000]   Normal   empty\n[    0.000000] Movable zone start PFN for each node\n[    0.000000] early_node_map[2] active PFN ranges\n[    0.000000]     0: 0x00000010 -&gt; 0x0000009f\n[    0.000000]     0: 0x00000100 -&gt; 0x00003ffe\n[    0.000000] ACPI: PM-Timer IO Port: 0xb008\n[    0.000000] ACPI: LAPIC (acpi_id[0x00] lapic_id[0x00] enabled)\n[    0.000000] ACPI: LAPIC_NMI (acpi_id[0xff] dfl dfl lint[0x1])\n[    0.000000] ACPI: IOAPIC (id[0x00] address[0xfec00000] gsi_base[0])\n[    0.000000] IOAPIC[0]: apic_id 0, version 17, address 0xfec00000, GSI 0-23\n[    0.000000] ACPI: INT_SRC_OVR (bus 0 bus_irq 0 global_irq 2 dfl dfl)\n[    0.000000] ACPI: INT_SRC_OVR (bus 0 bus_irq 5 global_irq 5 high level)\n[    0.000000] ACPI: INT_SRC_OVR (bus 0 bus_irq 9 global_irq 9 high level)\n[    0.000000] ACPI: INT_SRC_OVR (bus 0 bus_irq 10 global_irq 10 high level)\n[    0.000000] ACPI: INT_SRC_OVR (bus 0 bus_irq 11 global_irq 11 high level)\n[    0.000000] Using ACPI (MADT) for SMP configuration information\n[    0.000000] ACPI: HPET id: 0x8086a201 base: 0xfed00000\n[    0.000000] SMP: Allowing 1 CPUs, 0 hotplug CPUs\n[    0.000000] PM: Registered nosave memory: 000000000009f000 - 00000000000a0000\n[    0.000000] PM: Registered nosave memory: 00000000000a0000 - 00000000000f0000\n[    0.000000] PM: Registered nosave memory: 00000000000f0000 - 0000000000100000\n[    0.000000] Allocating PCI resources starting at 4000000 (gap: 4000000:fbfc0000)\n[    0.000000] Booting paravirtualized kernel on bare hardware\n[    0.000000] setup_pe
2015-12-26 02:45:06,452 21505 DEBUG    [tempest.scenario.manager] Console output for 55244def-32ab-45e6-9aa8-4f9c9c70765c
body=
[    0.000000] Initializing cgroup subsys cpuset
[    0.000000] Initializing cgroup subsys cpu
[    0.000000] Linux version 3.2.0-80-virtual (buildd@batsu) (gcc version 4.6.3 (Ubuntu/Linaro 4.6.3-1ubuntu5) ) #116-Ubuntu SMP Mon Mar 23 17:28:52 UTC 2015 (Ubuntu 3.2.0-80.116-virtual 3.2.68)
[    0.000000] Command line: root=/dev/vda console=tty0 console=ttyS0 no_timer_check
[    0.000000] KERNEL supported cpus:
[    0.000000]   Intel GenuineIntel
[    0.000000]   AMD AuthenticAMD
[    0.000000]   Centaur CentaurHauls
[    0.000000] BIOS-provided physical RAM map:
[    0.000000]  BIOS-e820: 0000000000000000 - 000000000009fc00 (usable)
[    0.000000]  BIOS-e820: 000000000009fc00 - 00000000000a0000 (reserved)
[    0.000000]  BIOS-e820: 00000000000f0000 - 0000000000100000 (reserved)
[    0.000000]  BIOS-e820: 0000000000100000 - 0000000003ffe000 (usable)
[    0.000000]  BIOS-e820: 0000000003ffe000 - 0000000004000000 (reserved)
[    0.000000]  BIOS-e820: 00000000fffc0000 - 0000000100000000 (reserved)
[    0.000000] NX (Execute Disable) protection: active
[    0.000000] SMBIOS 2.4 present.
[    0.000000] No AGP bridge found
[    0.000000] last_pfn = 0x3ffe max_arch_pfn = 0x400000000
[    0.000000] x86 PAT enabled: cpu 0, old 0x7040600070406, new 0x7010600070106
[    0.000000] found SMP MP-table at [ffff8800000f0b00] f0b00
[    0.000000] init_memory_mapping: 0000000000000000-0000000003ffe000
[    0.000000] RAMDISK: 03c5e000 - 03ff0000
[    0.000000] ACPI: RSDP 00000000000f0950 00014 (v00 BOCHS )
[    0.000000] ACPI: RSDT 0000000003fffbc1 00034 (v01 BOCHS  BXPCRSDT 00000001 BXPC 00000001)
[    0.000000] ACPI: FACP 0000000003fff1c0 00074 (v01 BOCHS  BXPCFACP 00000001 BXPC 00000001)
[    0.000000] ACPI: DSDT 0000000003ffe040 01180 (v01 BOCHS  BXPCDSDT 00000001 BXPC 00000001)
[    0.000000] ACPI: FACS 0000000003ffe000 00040
[    0.000000] ACPI: SSDT 0000000003fff234 008DD (v01 BOCHS  BXPCSSDT 00000001 BXPC 00000001)
[    0.000000] ACPI: APIC 0000000003fffb11 00078 (v01 BOCHS  BXPCAPIC 00000001 BXPC 00000001)
[    0.000000] ACPI: HPET 0000000003fffb89 00038 (v01 BOCHS  BXPCHPET 00000001 BXPC 00000001)
[    0.000000] No NUMA configuration found
[    0.000000] Faking a node at 0000000000000000-0000000003ffe000
[    0.000000] Initmem setup node 0 0000000000000000-0000000003ffe000
[    0.000000]   NODE_DATA [0000000003ff6000 - 0000000003ffafff]
[    0.000000] Zone PFN ranges:
[    0.000000]   DMA      0x00000010 -&gt; 0x00001000
[    0.000000]   DMA32    0x00001000 -&gt; 0x00100000
[    0.000000]   Normal   empty
[    0.000000] Movable zone start PFN for each node
[    0.000000] early_node_map[2] active PFN ranges
[    0.000000]     0: 0x00000010 -&gt; 0x0000009f
[    0.000000]     0: 0x00000100 -&gt; 0x00003ffe
[    0.000000] ACPI: PM-Timer IO Port: 0xb008
[    0.000000] ACPI: LAPIC (acpi_id[0x00] lapic_id[0x00] enabled)
[    0.000000] ACPI: LAPIC_NMI (acpi_id[0xff] dfl dfl lint[0x1])
[    0.000000] ACPI: IOAPIC (id[0x00] address[0xfec00000] gsi_base[0])
[    0.000000] IOAPIC[0]: apic_id 0, version 17, address 0xfec00000, GSI 0-23
[    0.000000] ACPI: INT_SRC_OVR (bus 0 bus_irq 0 global_irq 2 dfl dfl)
[    0.000000] ACPI: INT_SRC_OVR (bus 0 bus_irq 5 global_irq 5 high level)
[    0.000000] ACPI: INT_SRC_OVR (bus 0 bus_irq 9 global_irq 9 high level)
[    0.000000] ACPI: INT_SRC_OVR (bus 0 bus_irq 10 global_irq 10 high level)
[    0.000000] ACPI: INT_SRC_OVR (bus 0 bus_irq 11 global_irq 11 high level)
[    0.000000] Using ACPI (MADT) for SMP configuration information
[    0.000000] ACPI: HPET id: 0x8086a201 base: 0xfed00000
[    0.000000] SMP: Allowing 1 CPUs, 0 hotplug CPUs
[    0.000000] PM: Registered nosave memory: 000000000009f000 - 00000000000a0000
[    0.000000] PM: Registered nosave memory: 00000000000a0000 - 00000000000f0000
[    0.000000] PM: Registered nosave memory: 00000000000f0000 - 0000000000100000
[    0.000000] Allocating PCI resources starting at 4000000 (gap: 4000000:fbfc0000)
[    0.000000] Booting paravirtualized kernel on bare hardware
[    0.000000] setup_percpu: NR_CPUS:64 nr_cpumask_bits:64 nr_cpu_ids:1 nr_node_ids:1
[    0.000000] PERCPU: Embedded 27 pages/cpu @ffff880003a00000 s78848 r8192 d23552 u2097152
[    0.000000] Built 1 zonelists in Node order, mobility grouping on.  Total pages: 16008
[    0.000000] Policy zone: DMA32
[    0.000000] Kernel command line: root=/dev/vda console=tty0 console=ttyS0 no_timer_check
[    0.000000] PID hash table entries: 256 (order: -1, 2048 bytes)
[    0.000000] Checking aperture...
[    0.000000] No AGP bridge found
[    0.000000] Memory: 43492k/65528k available (6576k kernel code, 452k absent, 21584k reserved, 6620k data, 928k init)
[    0.000000] SLUB: Genslabs=15, HWalign=64, Order=0-3, MinObjects=0, CPUs=1, Nodes=1
[    0.000000] Hierarchical RCU implementation.
[    0.000000] 	RCU dyntick-idle grace-period acceleration is enabled.
[    0.000000] NR_IRQS:4352 nr_irqs:256 16
[    0.000000] Console: colour VGA+ 80x25
[    0.000000] console [tty0] enabled
[    0.000000] console [ttyS0] enabled
[    0.000000] allocated 1048576 bytes of page_cgroup
[    0.000000] please try 'cgroup_disable=memory' option if you don't want memory cgroups
[    0.000000] Fast TSC calibration failed
[    0.000000] TSC: Unable to calibrate against PIT
[    0.000000] TSC: using HPET reference calibration
[    0.000000] Detected 2293.182 MHz processor.
[    0.032851] Calibrating delay loop (skipped), value calculated using timer frequency.. 4586.36 BogoMIPS (lpj=9172728)
[    0.034913] pid_max: default: 32768 minimum: 301
[    0.043223] Security Framework initialized
[    0.048892] AppArmor: AppArmor initialized
[    0.049409] Yama: becoming mindful.
[    0.056409] Dentry cache hash table entries: 8192 (order: 4, 65536 bytes)
[    0.057943] Inode-cache hash table entries: 4096 (order: 3, 32768 bytes)
[    0.059993] Mount-cache hash table entries: 256
[    0.074860] Initializing cgroup subsys cpuacct
[    0.076394] Initializing cgroup subsys memory
[    0.077607] Initializing cgroup subsys devices
[    0.078328] Initializing cgroup subsys freezer
[    0.078955] Initializing cgroup subsys blkio
[    0.080191] Initializing cgroup subsys perf_event
[    0.085373] mce: CPU supports 10 MCE banks
[    0.089042] SMP alternatives: switching to UP code
[    0.489261] Freeing SMP alternatives: 24k freed
[    0.492440] ACPI: Core revision 20110623
[    0.540724] ftrace: allocating 26610 entries in 105 pages
[    0.570808] ..TIMER: vector=0x30 apic1=0 pin1=2 apic2=-1 pin2=-1
[    0.572190] CPU0: AMD QEMU Virtual CPU version 2.0.0 stepping 03
[    0.580035] Performance Events: Broken PMU hardware detected, using software events only.
[    0.587434] NMI watchdog disabled (cpu0): hardware events not enabled
[    0.588689] Brought up 1 CPUs
[    0.589180] Total of 1 processors activated (4586.36 BogoMIPS).
[    0.612313] devtmpfs: initialized
[    0.639197] EVM: security.selinux
[    0.639836] EVM: security.SMACK64
[    0.640077] EVM: security.capability
[    0.660251] print_constraints: dummy: 
[    0.661924] RTC time:  2:43:05, date: 12/26/15
[    0.664773] NET: Registered protocol family 16
[    0.673356] ACPI: bus type pci registered
[    0.680350] PCI: Using configuration type 1 for base access
[    0.716791] bio: create slab &lt;bio-0&gt; at 0
[    0.721220] ACPI: Added _OSI(Module Device)
[    0.721882] ACPI: Added _OSI(Processor Device)
[    0.722452] ACPI: Added _OSI(3.0 _SCP Extensions)
[    0.723282] ACPI: Added _OSI(Processor Aggregator Device)
[    0.800283] ACPI: Interpreter enabled
[    0.800923] ACPI: (supports S0 S3 S4 S5)
[    0.802569] ACPI: Using IOAPIC for interrupt routing
[    0.877264] ACPI: No dock devices found.
[    0.877887] HEST: Table not found.
[    0.878423] PCI: Using host bridge windows from ACPI; if necessary, use "pci=nocrs" and report a bug
[    0.885250] ACPI: PCI Root Bridge [PCI0] (domain 0000 [bus 00-ff])
[    0.891460] pci_root PNP0A03:00: host bridge window [io  0x0000-0x0cf7]
[    0.892150] pci_root PNP0A03:00: host bridge window [io  0x0d00-0xadff]
[    0.892975] pci_root PNP0A03:00: host bridge window [io  0xae0f-0xaeff]
[    0.893802] pci_root PNP0A03:00: host bridge window [io  0xaf20-0xafdf]
[    0.896104] pci_root PNP0A03:00: host bridge window [io  0xafe4-0xffff]
[    0.896884] pci_root PNP0A03:00: host bridge window [mem 0x000a0000-0x000bffff]
[    0.897857] pci_root PNP0A03:00: host bridge window [mem 0x04000000-0xfebfffff]
[    0.924776] pci 0000:00:01.3: quirk: [io  0xb000-0xb03f] claimed by PIIX4 ACPI
[    0.925850] pci 0000:00:01.3: quirk: [io  0xb100-0xb10f] claimed by PIIX4 SMB
[    0.996698]  pci0000:00: Unable to request _OSC control (_OSC support mask: 0x1e)
[    1.057717] ACPI: PCI Interrupt Link [LNKA] (IRQs 5 *10 11)
[    1.060905] ACPI: PCI Interrupt Link [LNKB] (IRQs 5 *10 11)
[    1.063148] ACPI: PCI Interrupt Link [LNKC] (IRQs 5 10 *11)
[    1.065595] ACPI: PCI Interrupt Link [LNKD] (IRQs 5 10 *11)
[    1.067027] ACPI: PCI Interrupt Link [LNKS] (IRQs *9)
[    1.076066] vgaarb: device added: PCI:0000:00:02.0,decodes=io+mem,owns=io+mem,locks=none
[    1.076205] vgaarb: loaded
[    1.076621] vgaarb: bridge control possible 0000:00:02.0
[    1.082422] i2c-core: driver [aat2870] using legacy suspend method
[    1.083246] i2c-core: driver [aat2870] using legacy resume method
[    1.085894] SCSI subsystem initialized
[    1.090061] usbcore: registered new interface driver usbfs
[    1.091172] usbcore: registered new interface driver hub
[    1.092950] usbcore: registered new device driver usb
[    1.097625] PCI: Using ACPI for IRQ routing
[    1.113409] NetLabel: Initializing
[    1.114003] NetLabel:  domain hash size = 128
[    1.114931] NetLabel:  protocols = UNLABELED CIPSOv4
[    1.118069] NetLabel:  unlabeled traffic allowed by default
[    1.121908] HPET: 3 timers in total, 0 timers will be used for per-cpu timer
[    1.123038] hpet0: at MMIO 0xfed00000, IRQs 2, 8, 0
[    1.124751] hpet0: 3 comparators, 64-bit 100.000000 MHz counter
[    1.138677] Switching to clocksource hpet
[    1.412796] AppArmor: AppArmor Filesystem Enabled
[    1.414769] pnp: PnP ACPI init
[    1.415462] ACPI: bus type pnp registered
[    1.438168] pnp: PnP ACPI: found 9 devices
[    1.438773] ACPI: ACPI bus type pnp unregistered
[    1.495745] NET: Registered protocol family 2
[    1.531757] IP route cache hash table entries: 512 (order: 0, 4096 bytes)
[    1.542106] TCP established hash table entries: 2048 (order: 3, 32768 bytes)
[    1.543506] TCP bind hash table entries: 2048 (order: 3, 32768 bytes)
[    1.545726] TCP: Hash tables configured (established 2048 bind 2048)
[    1.546604] TCP reno registered
[    1.547128] UDP hash table entries: 128 (order: 0, 4096 bytes)
[    1.548150] UDP-Lite hash table entries: 128 (order: 0, 4096 bytes)
[    1.553424] NET: Registered protocol family 1
[    1.554366] pci 0000:00:00.0: Limiting direct PCI/PCI transfers
[    1.555255] pci 0000:00:01.0: PIIX3: Enabling Passive Release
[    1.556046] pci 0000:00:01.0: Activating ISA DMA hang workarounds
[    1.562707] ACPI: PCI Interrupt Link [LNKD] enabled at IRQ 11
[    1.563803] pci 0000:00:01.2: PCI INT D -&gt; Link[LNKD] -&gt; GSI 11 (level, high) -&gt; IRQ 11
[    1.566910] pci 0000:00:01.2: PCI INT D disabled
[    1.586462] Trying to unpack rootfs image as initramfs...
[    1.618292] audit: initializing netlink socket (disabled)
[    1.621115] type=2000 audit(1451097785.616:1): initialized
[    1.894921] HugeTLB registered 2 MB page size, pre-allocated 0 pages
[    1.972662] VFS: Disk quotas dquot_6.5.2
[    1.974545] Dquot-cache hash table entries: 512 (order 0, 4096 bytes)
[    1.990212] fuse init (API version 7.17)
[    1.993964] msgmni has been set to 84
[    2.034042] Block layer SCSI generic (bsg) driver version 0.4 loaded (major 253)
[    2.041645] io scheduler noop registered
[    2.042213] io scheduler deadline registered (default)
[    2.043389] io scheduler cfq registered
[    2.047399] pci_hotplug: PCI Hot Plug PCI Core version: 0.5
[    2.050473] pciehp: PCI Express Hot Plug Controller Driver version: 0.4
[    2.057110] input: Power Button as /devices/LNXSYSTM:00/LNXPWRBN:00/input/input0
[    2.058870] ACPI: Power Button [PWRF]
[    2.118698] ERST: Table is not found!
[    2.119210] GHES: HEST is not enabled!
[    2.131296] ACPI: PCI Interrupt Link [LNKC] enabled at IRQ 10
[    2.132108] virtio-pci 0000:00:03.0: PCI INT A -&gt; Link[LNKC] -&gt; GSI 10 (level, high) -&gt; IRQ 10
[    2.137443] virtio-pci 0000:00:04.0: PCI INT A -&gt; Link[LNKD] -&gt; GSI 11 (level, high) -&gt; IRQ 11
[    2.147007] ACPI: PCI Interrupt Link [LNKA] enabled at IRQ 10
[    2.147671] virtio-pci 0000:00:05.0: PCI INT A -&gt; Link[LNKA] -&gt; GSI 10 (level, high) -&gt; IRQ 10
[    2.161839] Serial: 8250/16550 driver, 32 ports, IRQ sharing enabled
[    2.211602] serial8250: ttyS0 at I/O 0x3f8 (irq = 4) is a 16550A
[    2.303371] serial8250: ttyS1 at I/O 0x2f8 (irq = 3) is a 16550A
[    2.441943] 00:05: ttyS0 at I/O 0x3f8 (irq = 4) is a 16550A
[    2.525958] 00:06: ttyS1 at I/O 0x2f8 (irq = 3) is a 16550A
[    2.573823] Refined TSC clocksource calibration: 2293.235 MHz.
[    2.574653] Switching to clocksource tsc
[    2.577595] Linux agpgart interface v0.103
[    2.650396] brd: module loaded
[    2.682868] loop: module loaded
[    2.746312]  vda: unknown partition table
[    2.797575] scsi0 : ata_piix
[    2.806339] scsi1 : ata_piix
[    2.808088] ata1: PATA max MWDMA2 cmd 0x1f0 ctl 0x3f6 bmdma 0xc0a0 irq 14
[    2.811116] ata2: PATA max MWDMA2 cmd 0x170 ctl 0x376 bmdma 0xc0a8 irq 15
[    2.835901] Fixed MDIO Bus: probed
[    2.837769] tun: Universal TUN/TAP device driver, 1.6
[    2.838311] tun: (C) 1999-2004 Max Krasnyansky &lt;maxk@qualcomm.com&gt;
[    2.855314] PPP generic driver version 2.4.2
[    2.877700] ehci_hcd: USB 2.0 'Enhanced' Host Controller (EHCI) Driver
[    2.878770] ohci_hcd: USB 1.1 'Open' Host Controller (OHCI) Driver
[    2.879762] uhci_hcd: USB Universal Host Controller Interface driver
[    2.881772] uhci_hcd 0000:00:01.2: PCI INT D -&gt; Link[LNKD] -&gt; GSI 11 (level, high) -&gt; IRQ 11
[    2.885780] uhci_hcd 0000:00:01.2: UHCI Host Controller
[    2.905794] uhci_hcd 0000:00:01.2: new USB bus registered, assigned bus number 1
[    2.907339] uhci_hcd 0000:00:01.2: irq 11, io base 0x0000c040
[    2.932514] hub 1-0:1.0: USB hub found
[    2.934537] hub 1-0:1.0: 2 ports detected
[    2.943915] usbcore: registered new interface driver libusual
[    2.951952] i8042: PNP: PS/2 Controller [PNP0303:KBD,PNP0f13:MOU] at 0x60,0x64 irq 1,12
[    2.962937] serio: i8042 KBD port at 0x60,0x64 irq 1
[    2.964001] serio: i8042 AUX port at 0x60,0x64 irq 12
[    3.023353] mousedev: PS/2 mouse device common for all mice
[    3.039300] input: AT Translated Set 2 keyboard as /devices/platform/i8042/serio0/input/input1
[    3.044631] rtc_cmos 00:01: RTC can wake from S4
[    3.085136] rtc_cmos 00:01: rtc core: registered rtc_cmos as rtc0
[    3.088933] rtc0: alarms up to one day, 114 bytes nvram, hpet irqs
[    3.092044] device-mapper: uevent: version 1.0.3
[    3.127186] ata2.01: ATAPI: QEMU DVD-ROM, 2.0.0, max UDMA/100
[    3.131780] device-mapper: ioctl: 4.22.0-ioctl (2011-10-19) initialised: dm-devel@redhat.com
[    3.135586] cpuidle: using governor ladder
[    3.137236] cpuidle: using governor menu
[    3.138784] EFI Variables Facility v0.08 2004-May-17
[    3.151334] TCP cubic registered
[    3.156841] NET: Registered protocol family 10
[    3.195402] NET: Registered protocol family 17
[    3.198159] Registering the dns_resolver key type
[    3.206601] ata2.01: configured for MWDMA2
[    3.235933] scsi 1:0:1:0: CD-ROM            QEMU     QEMU DVD-ROM     2.0. PQ: 0 ANSI: 5
[    3.267698] sr0: scsi3-mmc drive: 4x/4x cd/rw xa/form2 tray
[    3.270531] cdrom: Uniform CD-ROM driver Revision: 3.20
[    3.290870] sr 1:0:1:0: Attached scsi generic sg0 type 5
[    3.339399] registered taskstats version 1
[    3.391198] Freeing initrd memory: 3656k freed
[    3.887655]   Magic number: 11:883:713
[    3.904559] rtc_cmos 00:01: setting system clock to 2015-12-26 02:43:08 UTC (1451097788)
[    3.910019] powernow-k8: Processor cpuid 663 not supported
[    3.919901] BIOS EDD facility v0.16 2004-Jun-25, 0 devices found
[    3.922790] EDD information not available.
[    3.995053] Freeing unused kernel memory: 928k freed
[    4.000013] Write protecting the kernel read-only data: 12288k
[    4.133189] Freeing unused kernel memory: 1596k freed
[    4.208061] Freeing unused kernel memory: 1184k freed

info: initramfs: up at 4.37
modprobe: module virtio_blk not found in modules.dep
modprobe: module virtio_net not found in modules.dep
info: copying initramfs to /dev/vda
info: initramfs loading root from /dev/vda
info: /etc/init.d/rc.sysinit: up at 9.02
info: container: none
Starting logging: OK
modprobe: module virtio_blk not found in modules.dep
modprobe: module virtio_net not found in modules.dep
WARN: /etc/rc3.d/S10-load-modules failed
Initializing random number generator... done.
Starting acpid: OK
cirros-ds 'local' up at 11.62
found datasource (configdrive, local)
Starting network...
udhcpc (v1.20.1) started
Sending discover...
Sending discover...

2015-12-26 02:45:06,734 21505 INFO     [tempest_lib.common.rest_client] Request (TestNetworkBasicOps:_run_cleanups): 204 DELETE http://10.0.2.15:9696/v2.0/floatingips/6802d106-0505-4d36-ae61-aaba4abd9fa5 0.276s
2015-12-26 02:45:06,734 21505 DEBUG    [tempest_lib.common.rest_client] Request - Headers: {'Content-Type': 'application/json', 'Accept': 'application/json', 'X-Auth-Token': '&lt;omitted&gt;'}
        Body: None
    Response - Headers: {'date': 'Sat, 26 Dec 2015 02:45:06 GMT', 'status': '204', 'connection': 'close', 'content-length': '0', 'x-openstack-request-id': 'req-ffc42477-809c-4362-83bf-c1c40c5eed38'}
        Body: 
2015-12-26 02:45:06,947 21505 INFO     [tempest_lib.common.rest_client] Request (TestNetworkBasicOps:_run_cleanups): 204 DELETE http://10.0.2.15:8774/v2.1/61a7ce5a57de4f80a7375743c9cc1b18/servers/55244def-32ab-45e6-9aa8-4f9c9c70765c 0.212s
2015-12-26 02:45:06,948 21505 DEBUG    [tempest_lib.common.rest_client] Request - Headers: {'Content-Type': 'application/json', 'Accept': 'application/json', 'X-Auth-Token': '&lt;omitted&gt;'}
        Body: None
    Response - Headers: {'status': '204', 'content-length': '0', 'x-compute-request-id': 'req-99a8bc4a-cbd1-4184-b667-49a3a20f5adf', 'vary': 'X-OpenStack-Nova-API-Version', 'connection': 'close', 'x-openstack-nova-api-version': '2.1', 'date': 'Sat, 26 Dec 2015 02:45:06 GMT', 'content-type': 'application/json'}
        Body: 
2015-12-26 02:45:07,209 21505 INFO     [tempest_lib.common.rest_client] Request (TestNetworkBasicOps:_run_cleanups): 200 GET http://10.0.2.15:8774/v2.1/61a7ce5a57de4f80a7375743c9cc1b18/servers/55244def-32ab-45e6-9aa8-4f9c9c70765c 0.260s
2015-12-26 02:45:07,210 21505 DEBUG    [tempest_lib.common.rest_client] Request - Headers: {'Content-Type': 'application/json', 'Accept': 'application/json', 'X-Auth-Token': '&lt;omitted&gt;'}
        Body: None
    Response - Headers: {'status': '200', 'content-length': '1777', 'content-location': 'http://10.0.2.15:8774/v2.1/61a7ce5a57de4f80a7375743c9cc1b18/servers/55244def-32ab-45e6-9aa8-4f9c9c70765c', 'x-compute-request-id': 'req-dc1756d6-306d-471f-9462-f90005ae7188', 'vary': 'X-OpenStack-Nova-API-Version', 'connection': 'close', 'x-openstack-nova-api-version': '2.1', 'date': 'Sat, 26 Dec 2015 02:45:07 GMT', 'content-type': 'application/json'}
        Body: {"server": {"status": "ACTIVE", "updated": "2015-12-26T02:45:06Z", "hostId": "aa84070326e6f300e4e63275617457aca4875bea033259ec3cb46505", "addresses": {"tempest-network-smoke--1128465829": [{"OS-EXT-IPS-MAC:mac_addr": "fa:16:3e:5e:58:c1", "version": 4, "addr": "10.100.0.3", "OS-EXT-IPS:type": "fixed"}, {"OS-EXT-IPS-MAC:mac_addr": "fa:16:3e:5e:58:c1", "version": 4, "addr": "172.24.4.4", "OS-EXT-IPS:type": "floating"}]}, "links": [{"href": "http://10.0.2.15:8774/v2.1/61a7ce5a57de4f80a7375743c9cc1b18/servers/55244def-32ab-45e6-9aa8-4f9c9c70765c", "rel": "self"}, {"href": "http://10.0.2.15:8774/61a7ce5a57de4f80a7375743c9cc1b18/servers/55244def-32ab-45e6-9aa8-4f9c9c70765c", "rel": "bookmark"}], "key_name": "tempest-TestNetworkBasicOps-1972781492", "image": {"id": "772e60bc-9c72-4dcb-ad4f-13221e440ff4", "links": [{"href": "http://10.0.2.15:8774/61a7ce5a57de4f80a7375743c9cc1b18/images/772e60bc-9c72-4dcb-ad4f-13221e440ff4", "rel": "bookmark"}]}, "OS-EXT-STS:task_state": "deleting", "OS-EXT-STS:vm_state": "active", "OS-SRV-USG:launched_at": "2015-12-26T02:43:01.000000", "flavor": {"id": "42", "links": [{"href": "http://10.0.2.15:8774/61a7ce5a57de4f80a7375743c9cc1b18/flavors/42", "rel": "bookmark"}]}, "id": "55244def-32ab-45e6-9aa8-4f9c9c70765c", "security_groups": [{"name": "tempest-secgroup-smoke-1794382101"}], "OS-SRV-USG:terminated_at": null, "OS-EXT-AZ:availability_zone": "nova", "user_id": "adeea0cf47fd471da0668f80573ec16f", "name": "tempest.common.compute-instance-1594039607", "created": "2015-12-26T02:42:58Z", "tenant_id": "61a7ce5a57de4f80a7375743c9cc1b18", "OS-DCF:diskConfig": "MANUAL", "os-extended-volumes:volumes_attached": [], "accessIPv4": "", "accessIPv6": "", "progress": 0, "OS-EXT-STS:power_state": 1, "config_drive": "True", "metadata": {}}}
2015-12-26 02:45:08,395 21505 INFO     [tempest_lib.common.rest_client] Request (TestNetworkBasicOps:_run_cleanups): 200 GET http://10.0.2.15:8774/v2.1/61a7ce5a57de4f80a7375743c9cc1b18/servers/55244def-32ab-45e6-9aa8-4f9c9c70765c 0.169s
2015-12-26 02:45:08,395 21505 DEBUG    [tempest_lib.common.rest_client] Request - Headers: {'Content-Type': 'application/json', 'Accept': 'application/json', 'X-Auth-Token': '&lt;omitted&gt;'}
        Body: None
    Response - Headers: {'status': '200', 'content-length': '1441', 'content-location': 'http://10.0.2.15:8774/v2.1/61a7ce5a57de4f80a7375743c9cc1b18/servers/55244def-32ab-45e6-9aa8-4f9c9c70765c', 'x-compute-request-id': 'req-a8367634-456b-4352-8f0d-9f07ff50e157', 'vary': 'X-OpenStack-Nova-API-Version', 'connection': 'close', 'x-openstack-nova-api-version': '2.1', 'date': 'Sat, 26 Dec 2015 02:45:08 GMT', 'content-type': 'application/json'}
        Body: {"server": {"status": "ACTIVE", "updated": "2015-12-26T02:45:07Z", "hostId": "aa84070326e6f300e4e63275617457aca4875bea033259ec3cb46505", "addresses": {}, "links": [{"href": "http://10.0.2.15:8774/v2.1/61a7ce5a57de4f80a7375743c9cc1b18/servers/55244def-32ab-45e6-9aa8-4f9c9c70765c", "rel": "self"}, {"href": "http://10.0.2.15:8774/61a7ce5a57de4f80a7375743c9cc1b18/servers/55244def-32ab-45e6-9aa8-4f9c9c70765c", "rel": "bookmark"}], "key_name": "tempest-TestNetworkBasicOps-1972781492", "image": {"id": "772e60bc-9c72-4dcb-ad4f-13221e440ff4", "links": [{"href": "http://10.0.2.15:8774/61a7ce5a57de4f80a7375743c9cc1b18/images/772e60bc-9c72-4dcb-ad4f-13221e440ff4", "rel": "bookmark"}]}, "OS-EXT-STS:task_state": "deleting", "OS-EXT-STS:vm_state": "active", "OS-SRV-USG:launched_at": "2015-12-26T02:43:01.000000", "flavor": {"id": "42", "links": [{"href": "http://10.0.2.15:8774/61a7ce5a57de4f80a7375743c9cc1b18/flavors/42", "rel": "bookmark"}]}, "id": "55244def-32ab-45e6-9aa8-4f9c9c70765c", "OS-SRV-USG:terminated_at": null, "OS-EXT-AZ:availability_zone": "nova", "user_id": "adeea0cf47fd471da0668f80573ec16f", "name": "tempest.common.compute-instance-1594039607", "created": "2015-12-26T02:42:58Z", "tenant_id": "61a7ce5a57de4f80a7375743c9cc1b18", "OS-DCF:diskConfig": "MANUAL", "os-extended-volumes:volumes_attached": [], "accessIPv4": "", "accessIPv6": "", "progress": 0, "OS-EXT-STS:power_state": 1, "config_drive": "True", "metadata": {}}}
2015-12-26 02:45:09,497 21505 INFO     [tempest_lib.common.rest_client] Request (TestNetworkBasicOps:_run_cleanups): 404 GET http://10.0.2.15:8774/v2.1/61a7ce5a57de4f80a7375743c9cc1b18/servers/55244def-32ab-45e6-9aa8-4f9c9c70765c 0.089s
2015-12-26 02:45:09,498 21505 DEBUG    [tempest_lib.common.rest_client] Request - Headers: {'Content-Type': 'application/json', 'Accept': 'application/json', 'X-Auth-Token': '&lt;omitted&gt;'}
        Body: None
    Response - Headers: {'status': '404', 'content-length': '111', 'x-compute-request-id': 'req-f6c55f64-30d4-424b-9660-28e0283d1b63', 'vary': 'X-OpenStack-Nova-API-Version', 'connection': 'close', 'x-openstack-nova-api-version': '2.1', 'date': 'Sat, 26 Dec 2015 02:45:09 GMT', 'content-type': 'application/json; charset=UTF-8'}
        Body: {"itemNotFound": {"message": "Instance 55244def-32ab-45e6-9aa8-4f9c9c70765c could not be found.", "code": 404}}
2015-12-26 02:45:09,518 21505 INFO     [tempest_lib.common.rest_client] Request (TestNetworkBasicOps:_run_cleanups): 202 DELETE http://10.0.2.15:8774/v2.1/61a7ce5a57de4f80a7375743c9cc1b18/os-keypairs/tempest-TestNetworkBasicOps-1972781492 0.019s
2015-12-26 02:45:09,519 21505 DEBUG    [tempest_lib.common.rest_client] Request - Headers: {'Content-Type': 'application/json', 'Accept': 'application/json', 'X-Auth-Token': '&lt;omitted&gt;'}
        Body: None
    Response - Headers: {'status': '202', 'content-length': '0', 'x-compute-request-id': 'req-79c61901-e990-41cd-986b-47eb57b12d9b', 'vary': 'X-OpenStack-Nova-API-Version', 'connection': 'close', 'x-openstack-nova-api-version': '2.1', 'date': 'Sat, 26 Dec 2015 02:45:09 GMT', 'content-type': 'application/json'}
        Body: 
2015-12-26 02:45:10,000 21505 INFO     [tempest_lib.common.rest_client] Request (TestNetworkBasicOps:_run_cleanups): 200 PUT http://10.0.2.15:9696/v2.0/routers/f512c97b-0694-4b77-8830-3afcee1325f6/remove_router_interface 0.480s
2015-12-26 02:45:10,001 21505 DEBUG    [tempest_lib.common.rest_client] Request - Headers: {'Content-Type': 'application/json', 'Accept': 'application/json', 'X-Auth-Token': '&lt;omitted&gt;'}
        Body: {"subnet_id": "1d66c289-f2af-4bda-9329-f43b35e017b7"}
    Response - Headers: {'status': '200', 'content-length': '255', 'connection': 'close', 'date': 'Sat, 26 Dec 2015 02:45:09 GMT', 'content-type': 'application/json; charset=UTF-8', 'x-openstack-request-id': 'req-a10cbd2a-2791-49c7-b5f9-bd979191e400'}
        Body: {"subnet_id": "1d66c289-f2af-4bda-9329-f43b35e017b7", "tenant_id": "61a7ce5a57de4f80a7375743c9cc1b18", "subnet_ids": ["1d66c289-f2af-4bda-9329-f43b35e017b7"], "port_id": "b2622e50-5195-4b4b-a51c-ab75a39e271f", "id": "f512c97b-0694-4b77-8830-3afcee1325f6"}
2015-12-26 02:45:10,604 21505 INFO     [tempest_lib.common.rest_client] Request (TestNetworkBasicOps:_run_cleanups): 204 DELETE http://10.0.2.15:9696/v2.0/subnets/1d66c289-f2af-4bda-9329-f43b35e017b7 0.601s
2015-12-26 02:45:10,605 21505 DEBUG    [tempest_lib.common.rest_client] Request - Headers: {'Content-Type': 'application/json', 'Accept': 'application/json', 'X-Auth-Token': '&lt;omitted&gt;'}
        Body: None
    Response - Headers: {'date': 'Sat, 26 Dec 2015 02:45:10 GMT', 'status': '204', 'connection': 'close', 'content-length': '0', 'x-openstack-request-id': 'req-d59cc6fe-5af3-455d-a2b0-ed79c30923be'}
        Body: 
2015-12-26 02:45:10,665 21505 INFO     [tempest_lib.common.rest_client] Request (TestNetworkBasicOps:_run_cleanups): 200 GET http://10.0.2.15:9696/v2.0/routers/f512c97b-0694-4b77-8830-3afcee1325f6 0.059s
2015-12-26 02:45:10,666 21505 DEBUG    [tempest_lib.common.rest_client] Request - Headers: {'Content-Type': 'application/json', 'Accept': 'application/json', 'X-Auth-Token': '&lt;omitted&gt;'}
        Body: None
    Response - Headers: {'status': '200', 'content-length': '563', 'content-location': 'http://10.0.2.15:9696/v2.0/routers/f512c97b-0694-4b77-8830-3afcee1325f6', 'connection': 'close', 'date': 'Sat, 26 Dec 2015 02:45:10 GMT', 'content-type': 'application/json; charset=UTF-8', 'x-openstack-request-id': 'req-04a642c8-478e-432a-99bc-489004ced550'}
        Body: {"router": {"status": "ACTIVE", "external_gateway_info": {"network_id": "200cf5a2-c50b-4091-8a93-df6d6cd1e082", "enable_snat": true, "external_fixed_ips": [{"subnet_id": "754367d5-347d-46e2-a382-95cc4b890d57", "ip_address": "172.24.4.3"}, {"subnet_id": "d6a00661-eb1d-4b2c-b20b-1bf057df3ff4", "ip_address": "2001:db8::3"}]}, "availability_zone_hints": [], "availability_zones": ["nova"], "name": "tempest-router-smoke-233160823", "admin_state_up": true, "tenant_id": "61a7ce5a57de4f80a7375743c9cc1b18", "routes": [], "id": "f512c97b-0694-4b77-8830-3afcee1325f6"}}
2015-12-26 02:45:11,247 21505 INFO     [tempest_lib.common.rest_client] Request (TestNetworkBasicOps:_run_cleanups): 200 PUT http://10.0.2.15:9696/v2.0/routers/f512c97b-0694-4b77-8830-3afcee1325f6 0.580s
2015-12-26 02:45:11,248 21505 DEBUG    [tempest_lib.common.rest_client] Request - Headers: {'Content-Type': 'application/json', 'Accept': 'application/json', 'X-Auth-Token': '&lt;omitted&gt;'}
        Body: {"router": {"external_gateway_info": {}, "name": "tempest-router-smoke-233160823", "admin_state_up": true}}
    Response - Headers: {'status': '200', 'content-length': '301', 'connection': 'close', 'date': 'Sat, 26 Dec 2015 02:45:11 GMT', 'content-type': 'application/json; charset=UTF-8', 'x-openstack-request-id': 'req-b28b5797-b93f-42cc-bec3-a6041158ec7f'}
        Body: {"router": {"status": "ACTIVE", "external_gateway_info": null, "availability_zone_hints": [], "availability_zones": ["nova"], "name": "tempest-router-smoke-233160823", "admin_state_up": true, "tenant_id": "61a7ce5a57de4f80a7375743c9cc1b18", "routes": [], "id": "f512c97b-0694-4b77-8830-3afcee1325f6"}}
2015-12-26 02:45:11,526 21505 INFO     [tempest_lib.common.rest_client] Request (TestNetworkBasicOps:_run_cleanups): 204 DELETE http://10.0.2.15:9696/v2.0/routers/f512c97b-0694-4b77-8830-3afcee1325f6 0.277s
2015-12-26 02:45:11,527 21505 DEBUG    [tempest_lib.common.rest_client] Request - Headers: {'Content-Type': 'application/json', 'Accept': 'application/json', 'X-Auth-Token': '&lt;omitted&gt;'}
        Body: None
    Response - Headers: {'date': 'Sat, 26 Dec 2015 02:45:11 GMT', 'status': '204', 'connection': 'close', 'content-length': '0', 'x-openstack-request-id': 'req-8f77ff29-d51f-4712-8b88-d62baaad6ffc'}
        Body: 
2015-12-26 02:45:11,736 21505 INFO     [tempest_lib.common.rest_client] Request (TestNetworkBasicOps:_run_cleanups): 204 DELETE http://10.0.2.15:9696/v2.0/networks/4a4be8cb-b243-44c3-a21f-743c6cee9835 0.208s
2015-12-26 02:45:11,736 21505 DEBUG    [tempest_lib.common.rest_client] Request - Headers: {'Content-Type': 'application/json', 'Accept': 'application/json', 'X-Auth-Token': '&lt;omitted&gt;'}
        Body: None
    Response - Headers: {'date': 'Sat, 26 Dec 2015 02:45:11 GMT', 'status': '204', 'connection': 'close', 'content-length': '0', 'x-openstack-request-id': 'req-88b5f496-dfcb-4de9-a7aa-a0f3890e7626'}
        Body: 
2015-12-26 02:45:11,801 21505 INFO     [tempest_lib.common.rest_client] Request (TestNetworkBasicOps:_run_cleanups): 204 DELETE http://10.0.2.15:9696/v2.0/security-group-rules/ddcc9b1a-11af-47a0-96b5-5dcd628e8677 0.064s
2015-12-26 02:45:11,802 21505 DEBUG    [tempest_lib.common.rest_client] Request - Headers: {'Content-Type': 'application/json', 'Accept': 'application/json', 'X-Auth-Token': '&lt;omitted&gt;'}
        Body: None
    Response - Headers: {'date': 'Sat, 26 Dec 2015 02:45:11 GMT', 'status': '204', 'connection': 'close', 'content-length': '0', 'x-openstack-request-id': 'req-1f5768c3-dca5-41dd-ac1b-9d1a46d13e41'}
        Body: 
2015-12-26 02:45:11,857 21505 INFO     [tempest_lib.common.rest_client] Request (TestNetworkBasicOps:_run_cleanups): 204 DELETE http://10.0.2.15:9696/v2.0/security-group-rules/91757b3d-82ae-471c-9a24-19be78ac4156 0.054s
2015-12-26 02:45:11,857 21505 DEBUG    [tempest_lib.common.rest_client] Request - Headers: {'Content-Type': 'application/json', 'Accept': 'application/json', 'X-Auth-Token': '&lt;omitted&gt;'}
        Body: None
    Response - Headers: {'date': 'Sat, 26 Dec 2015 02:45:11 GMT', 'status': '204', 'connection': 'close', 'content-length': '0', 'x-openstack-request-id': 'req-8728235b-db2d-4a7e-a061-a1c84e4b75f8'}
        Body: 
2015-12-26 02:45:11,919 21505 INFO     [tempest_lib.common.rest_client] Request (TestNetworkBasicOps:_run_cleanups): 204 DELETE http://10.0.2.15:9696/v2.0/security-group-rules/06fa5408-3164-4d88-9b11-9468d0d0fc09 0.060s
2015-12-26 02:45:11,920 21505 DEBUG    [tempest_lib.common.rest_client] Request - Headers: {'Content-Type': 'application/json', 'Accept': 'application/json', 'X-Auth-Token': '&lt;omitted&gt;'}
        Body: None
    Response - Headers: {'date': 'Sat, 26 Dec 2015 02:45:11 GMT', 'status': '204', 'connection': 'close', 'content-length': '0', 'x-openstack-request-id': 'req-917e4e32-53ef-4921-b725-a361d20ce2e0'}
        Body: 
2015-12-26 02:45:11,979 21505 INFO     [tempest_lib.common.rest_client] Request (TestNetworkBasicOps:_run_cleanups): 204 DELETE http://10.0.2.15:9696/v2.0/security-group-rules/c3209540-f152-4179-aeb3-0c927fcd1f97 0.058s
2015-12-26 02:45:11,979 21505 DEBUG    [tempest_lib.common.rest_client] Request - Headers: {'Content-Type': 'application/json', 'Accept': 'application/json', 'X-Auth-Token': '&lt;omitted&gt;'}
        Body: None
    Response - Headers: {'date': 'Sat, 26 Dec 2015 02:45:11 GMT', 'status': '204', 'connection': 'close', 'content-length': '0', 'x-openstack-request-id': 'req-5d742c66-763a-4868-867a-75fd5c4d7164'}
        Body: 
2015-12-26 02:45:12,032 21505 INFO     [tempest_lib.common.rest_client] Request (TestNetworkBasicOps:_run_cleanups): 204 DELETE http://10.0.2.15:9696/v2.0/security-group-rules/bc8d5ea3-5b36-4e14-9b16-bdb0117c8074 0.052s
2015-12-26 02:45:12,032 21505 DEBUG    [tempest_lib.common.rest_client] Request - Headers: {'Content-Type': 'application/json', 'Accept': 'application/json', 'X-Auth-Token': '&lt;omitted&gt;'}
        Body: None
