<?xml version="1.0" encoding="UTF-8"?>
<!DOCTYPE html PUBLIC "-//W3C//DTD XHTML 1.0 Strict//EN"
     "http://www.w3.org/TR/xhtml1/DTD/xhtml1-strict.dtd">
<html xmlns="http://www.w3.org/1999/xhtml">
<head>
    <title>Unit Test Report</title>
    <meta name="generator" content="subunit2html 0.1"/>
    <meta http-equiv="Content-Type" content="text/html; charset=UTF-8"/>
    
<style type="text/css" media="screen">
body        { font-family: verdana, arial, helvetica, sans-serif;
    font-size: 80%; }
table       { font-size: 100%; width: 100%;}
pre         { font-size: 80%; }

/* -- heading -------------------------------------------------------------- */
h1 {
        font-size: 16pt;
        color: gray;
}
.heading {
    margin-top: 0ex;
    margin-bottom: 1ex;
}

.heading .attribute {
    margin-top: 1ex;
    margin-bottom: 0;
}

.heading .description {
    margin-top: 4ex;
    margin-bottom: 6ex;
}

/* -- css div popup -------------------------------------------------------- */
a.popup_link {
}

a.popup_link:hover {
    color: red;
}

.popup_window {
    display: none;
    overflow-x: scroll;
    /*border: solid #627173 1px; */
    padding: 10px;
    background-color: #E6E6D6;
    font-family: "Ubuntu Mono", "Lucida Console", "Courier New", monospace;
    text-align: left;
    font-size: 8pt;
}

}
/* -- report --------------------------------------------------------------- */
#show_detail_line {
    margin-top: 3ex;
    margin-bottom: 1ex;
}
#result_table {
    width: 100%;
    border-collapse: collapse;
    border: 1px solid #777;
}
#header_row {
    font-weight: bold;
    color: white;
    background-color: #777;
}
#result_table td {
    border: 1px solid #777;
    padding: 2px;
}
#total_row  { font-weight: bold; }
.passClass  { background-color: #6c6; }
.failClass  { background-color: #c60; }
.errorClass { background-color: #c00; }
.passCase   { color: #6c6; }
.failCase   { color: #c60; font-weight: bold; }
.errorCase  { color: #c00; font-weight: bold; }
.hiddenRow  { display: none; }
.testcase   { margin-left: 2em; }
td.testname {width: 40%}
td.small {width: 40px}

/* -- ending --------------------------------------------------------------- */
#ending {
}

</style>

</head>
<body>
<script language="javascript" type="text/javascript"><!--
output_list = Array();

/* level - 0:Summary; 1:Failed; 2:All */
function showCase(level) {
    trs = document.getElementsByTagName("tr");
    for (var i = 0; i < trs.length; i++) {
        tr = trs[i];
        id = tr.id;
        if (id.substr(0,2) == 'ft') {
            if (level < 1) {
                tr.className = 'hiddenRow';
            }
            else {
                tr.className = '';
            }
        }
        if (id.substr(0,2) == 'pt') {
            if (level > 1) {
                tr.className = '';
            }
            else {
                tr.className = 'hiddenRow';
            }
        }
    }
}


function showClassDetail(cid, count) {
    var id_list = Array(count);
    var toHide = 1;
    for (var i = 0; i < count; i++) {
        tid0 = 't' + cid.substr(1) + '.' + (i+1);
        tid = 'f' + tid0;
        tr = document.getElementById(tid);
        if (!tr) {
            tid = 'p' + tid0;
            tr = document.getElementById(tid);
        }
        id_list[i] = tid;
        if (tr.className) {
            toHide = 0;
        }
    }
    for (var i = 0; i < count; i++) {
        tid = id_list[i];
        if (toHide) {
            document.getElementById('div_'+tid).style.display = 'none'
            document.getElementById(tid).className = 'hiddenRow';
        }
        else {
            document.getElementById(tid).className = '';
        }
    }
}


function showTestDetail(div_id){
    var details_div = document.getElementById(div_id)
    var displayState = details_div.style.display
    // alert(displayState)
    if (displayState != 'block' ) {
        displayState = 'block'
        details_div.style.display = 'block'
    }
    else {
        details_div.style.display = 'none'
    }
}


function html_escape(s) {
    s = s.replace(/&/g,'&amp;');
    s = s.replace(/</g,'&lt;');
    s = s.replace(/>/g,'&gt;');
    return s;
}

/* obsoleted by detail in <div>
function showOutput(id, name) {
    var w = window.open("", //url
                    name,
                    "resizable,scrollbars,status,width=800,height=450");
    d = w.document;
    d.write("<pre>");
    d.write(html_escape(output_list[id]));
    d.write("\n");
    d.write("<a href='javascript:window.close()'>close</a>\n");
    d.write("</pre>\n");
    d.close();
}
*/
--></script>

<div class='heading'>
<h1>Unit Test Report</h1>

<p class='attribute'><strong>Status:</strong> Pass 1 Failure 7 Skip 1</p>

<p class='description'></p>
</div>



<p id='show_detail_line'>Show
<a href='javascript:showCase(0)'>Summary</a>
<a href='javascript:showCase(1)'>Failed</a>
<a href='javascript:showCase(2)'>All</a>
</p>
<table id='result_table'>
<colgroup>
<col align='left' />
<col align='right' />
<col align='right' />
<col align='right' />
<col align='right' />
<col align='right' />
<col align='right' />
<col align='right' />
</colgroup>
<tr id='header_row'>
    <td>Test Group/Test case</td>
    <td>Count</td>
    <td>Pass</td>
    <td>Fail</td>
    <td>Error</td>
    <td>Skip</td>
    <td>View</td>
    <td> </td>
</tr>

<tr class='failClass'>
    <td class="testname">tempest.scenario.test_network_basic_ops.TestNetworkBasicOps</td>
    <td class="small">9</td>
    <td class="small">1</td>
    <td class="small">7</td>
    <td class="small">0</td>
    <td class="small">1</td>
    <td class="small"><a href="javascript:showClassDetail('c1',9)"
>Detail</a></td>
    <td> </td>
</tr>

<tr id='ft1.1' class='none'>
    <td class='failCase'><div class='testcase'>test_connectivity_between_vms_on_different_networks[compute,id-1546850e-fbaa-42f5-8b5f-03d8a6a95f15,network]</div></td>
    <td colspan='7' align='left'>

    <!--css div popup start-->
    <a class="popup_link" onfocus='this.blur();'
    href="javascript:showTestDetail('div_ft1.1')" >
        fail</a>

    <div id='div_ft1.1' class="popup_window">
        <div style='text-align: right; color:red;cursor:pointer'>
        <a onfocus='this.blur();'
onclick="document.getElementById('div_ft1.1').style.display = 'none' " >
           [x]</a>
        </div>
        <pre>
        
ft1.1: tempest.scenario.test_network_basic_ops.TestNetworkBasicOps.test_connectivity_between_vms_on_different_networks[compute,id-1546850e-fbaa-42f5-8b5f-03d8a6a95f15,network]_StringException: Empty attachments:
  stderr
  stdout

pythonlogging:'': {{{
2015-12-05 11:46:46,953 20158 INFO     [tempest_lib.common.rest_client] Request (TestNetworkBasicOps:test_connectivity_between_vms_on_different_networks): 201 POST http://10.0.2.15:9696/v2.0/security-groups 0.346s
2015-12-05 11:46:46,954 20158 DEBUG    [tempest_lib.common.rest_client] Request - Headers: {'Content-Type': 'application/json', 'Accept': 'application/json', 'X-Auth-Token': '&lt;omitted&gt;'}
        Body: {"security_group": {"tenant_id": "5d6663b0a4b04bf58536982079503a8a", "description": "tempest-secgroup-smoke-1737000284 description", "name": "tempest-secgroup-smoke-1737000284"}}
    Response - Headers: {'status': '201', 'content-length': '888', 'connection': 'close', 'date': 'Sat, 05 Dec 2015 11:46:46 GMT', 'content-type': 'application/json; charset=UTF-8', 'x-openstack-request-id': 'req-e7ef8cd0-2f23-4489-a996-2dc6a9b3078c'}
        Body: {"security_group": {"tenant_id": "5d6663b0a4b04bf58536982079503a8a", "description": "tempest-secgroup-smoke-1737000284 description", "id": "93dfd087-cc60-4951-9b0e-667f44fee2a5", "security_group_rules": [{"remote_group_id": null, "direction": "egress", "remote_ip_prefix": null, "protocol": null, "ethertype": "IPv4", "tenant_id": "5d6663b0a4b04bf58536982079503a8a", "port_range_max": null, "port_range_min": null, "id": "563bba3f-a400-4847-8115-930fba2377b9", "security_group_id": "93dfd087-cc60-4951-9b0e-667f44fee2a5"}, {"remote_group_id": null, "direction": "egress", "remote_ip_prefix": null, "protocol": null, "ethertype": "IPv6", "tenant_id": "5d6663b0a4b04bf58536982079503a8a", "port_range_max": null, "port_range_min": null, "id": "30303994-c48d-4de2-a42f-a1bf51c16f1c", "security_group_id": "93dfd087-cc60-4951-9b0e-667f44fee2a5"}], "name": "tempest-secgroup-smoke-1737000284"}}
2015-12-05 11:46:47,087 20158 INFO     [tempest_lib.common.rest_client] Request (TestNetworkBasicOps:test_connectivity_between_vms_on_different_networks): 201 POST http://10.0.2.15:9696/v2.0/security-group-rules 0.131s
2015-12-05 11:46:47,087 20158 DEBUG    [tempest_lib.common.rest_client] Request - Headers: {'Content-Type': 'application/json', 'Accept': 'application/json', 'X-Auth-Token': '&lt;omitted&gt;'}
        Body: {"security_group_rule": {"direction": "ingress", "protocol": "tcp", "tenant_id": "5d6663b0a4b04bf58536982079503a8a", "port_range_max": 22, "security_group_id": "93dfd087-cc60-4951-9b0e-667f44fee2a5", "port_range_min": 22}}
    Response - Headers: {'status': '201', 'content-length': '340', 'connection': 'close', 'date': 'Sat, 05 Dec 2015 11:46:47 GMT', 'content-type': 'application/json; charset=UTF-8', 'x-openstack-request-id': 'req-70f0ddd2-7251-408b-be66-ac89614ef42a'}
        Body: {"security_group_rule": {"remote_group_id": null, "direction": "ingress", "remote_ip_prefix": null, "protocol": "tcp", "ethertype": "IPv4", "tenant_id": "5d6663b0a4b04bf58536982079503a8a", "port_range_max": 22, "port_range_min": 22, "id": "eb82221d-64a9-41a1-b027-e03320860868", "security_group_id": "93dfd087-cc60-4951-9b0e-667f44fee2a5"}}
2015-12-05 11:46:47,336 20158 INFO     [tempest_lib.common.rest_client] Request (TestNetworkBasicOps:test_connectivity_between_vms_on_different_networks): 201 POST http://10.0.2.15:9696/v2.0/security-group-rules 0.247s
2015-12-05 11:46:47,337 20158 DEBUG    [tempest_lib.common.rest_client] Request - Headers: {'Content-Type': 'application/json', 'Accept': 'application/json', 'X-Auth-Token': '&lt;omitted&gt;'}
        Body: {"security_group_rule": {"direction": "egress", "protocol": "tcp", "tenant_id": "5d6663b0a4b04bf58536982079503a8a", "port_range_max": 22, "security_group_id": "93dfd087-cc60-4951-9b0e-667f44fee2a5", "port_range_min": 22}}
    Response - Headers: {'status': '201', 'content-length': '339', 'connection': 'close', 'date': 'Sat, 05 Dec 2015 11:46:47 GMT', 'content-type': 'application/json; charset=UTF-8', 'x-openstack-request-id': 'req-fe1a4b12-354c-4564-8ecb-f211e8e65170'}
        Body: {"security_group_rule": {"remote_group_id": null, "direction": "egress", "remote_ip_prefix": null, "protocol": "tcp", "ethertype": "IPv4", "tenant_id": "5d6663b0a4b04bf58536982079503a8a", "port_range_max": 22, "port_range_min": 22, "id": "0165e498-e342-432f-8ab4-831ced867114", "security_group_id": "93dfd087-cc60-4951-9b0e-667f44fee2a5"}}
2015-12-05 11:46:47,453 20158 INFO     [tempest_lib.common.rest_client] Request (TestNetworkBasicOps:test_connectivity_between_vms_on_different_networks): 201 POST http://10.0.2.15:9696/v2.0/security-group-rules 0.114s
2015-12-05 11:46:47,453 20158 DEBUG    [tempest_lib.common.rest_client] Request - Headers: {'Content-Type': 'application/json', 'Accept': 'application/json', 'X-Auth-Token': '&lt;omitted&gt;'}
        Body: {"security_group_rule": {"tenant_id": "5d6663b0a4b04bf58536982079503a8a", "direction": "ingress", "protocol": "icmp", "security_group_id": "93dfd087-cc60-4951-9b0e-667f44fee2a5"}}
    Response - Headers: {'status': '201', 'content-length': '345', 'connection': 'close', 'date': 'Sat, 05 Dec 2015 11:46:47 GMT', 'content-type': 'application/json; charset=UTF-8', 'x-openstack-request-id': 'req-a3aeef34-0aaf-4d3a-a749-42710ff17cf9'}
        Body: {"security_group_rule": {"remote_group_id": null, "direction": "ingress", "remote_ip_prefix": null, "protocol": "icmp", "ethertype": "IPv4", "tenant_id": "5d6663b0a4b04bf58536982079503a8a", "port_range_max": null, "port_range_min": null, "id": "6834e9d7-cf9a-4f07-8fa8-e99b1a8e26d2", "security_group_id": "93dfd087-cc60-4951-9b0e-667f44fee2a5"}}
2015-12-05 11:46:47,594 20158 INFO     [tempest_lib.common.rest_client] Request (TestNetworkBasicOps:test_connectivity_between_vms_on_different_networks): 201 POST http://10.0.2.15:9696/v2.0/security-group-rules 0.139s
2015-12-05 11:46:47,594 20158 DEBUG    [tempest_lib.common.rest_client] Request - Headers: {'Content-Type': 'application/json', 'Accept': 'application/json', 'X-Auth-Token': '&lt;omitted&gt;'}
        Body: {"security_group_rule": {"tenant_id": "5d6663b0a4b04bf58536982079503a8a", "direction": "egress", "protocol": "icmp", "security_group_id": "93dfd087-cc60-4951-9b0e-667f44fee2a5"}}
    Response - Headers: {'status': '201', 'content-length': '344', 'connection': 'close', 'date': 'Sat, 05 Dec 2015 11:46:47 GMT', 'content-type': 'application/json; charset=UTF-8', 'x-openstack-request-id': 'req-80ed6262-5531-4ba4-80bc-64bc7b4364a8'}
        Body: {"security_group_rule": {"remote_group_id": null, "direction": "egress", "remote_ip_prefix": null, "protocol": "icmp", "ethertype": "IPv4", "tenant_id": "5d6663b0a4b04bf58536982079503a8a", "port_range_max": null, "port_range_min": null, "id": "5979c07e-cec5-412f-9551-7887b27cfeaa", "security_group_id": "93dfd087-cc60-4951-9b0e-667f44fee2a5"}}
2015-12-05 11:46:47,720 20158 INFO     [tempest_lib.common.rest_client] Request (TestNetworkBasicOps:test_connectivity_between_vms_on_different_networks): 201 POST http://10.0.2.15:9696/v2.0/security-group-rules 0.124s
2015-12-05 11:46:47,721 20158 DEBUG    [tempest_lib.common.rest_client] Request - Headers: {'Content-Type': 'application/json', 'Accept': 'application/json', 'X-Auth-Token': '&lt;omitted&gt;'}
        Body: {"security_group_rule": {"tenant_id": "5d6663b0a4b04bf58536982079503a8a", "direction": "ingress", "security_group_id": "93dfd087-cc60-4951-9b0e-667f44fee2a5", "protocol": "icmp", "ethertype": "IPv6"}}
    Response - Headers: {'status': '201', 'content-length': '345', 'connection': 'close', 'date': 'Sat, 05 Dec 2015 11:46:47 GMT', 'content-type': 'application/json; charset=UTF-8', 'x-openstack-request-id': 'req-09fe8a71-f689-4f6c-b326-5eb2c3b853d6'}
        Body: {"security_group_rule": {"remote_group_id": null, "direction": "ingress", "remote_ip_prefix": null, "protocol": "icmp", "ethertype": "IPv6", "tenant_id": "5d6663b0a4b04bf58536982079503a8a", "port_range_max": null, "port_range_min": null, "id": "9996fd04-4991-4dda-9bb4-55fc72ed3046", "security_group_id": "93dfd087-cc60-4951-9b0e-667f44fee2a5"}}
2015-12-05 11:46:47,844 20158 INFO     [tempest_lib.common.rest_client] Request (TestNetworkBasicOps:test_connectivity_between_vms_on_different_networks): 201 POST http://10.0.2.15:9696/v2.0/security-group-rules 0.122s
2015-12-05 11:46:47,845 20158 DEBUG    [tempest_lib.common.rest_client] Request - Headers: {'Content-Type': 'application/json', 'Accept': 'application/json', 'X-Auth-Token': '&lt;omitted&gt;'}
        Body: {"security_group_rule": {"tenant_id": "5d6663b0a4b04bf58536982079503a8a", "direction": "egress", "security_group_id": "93dfd087-cc60-4951-9b0e-667f44fee2a5", "protocol": "icmp", "ethertype": "IPv6"}}
    Response - Headers: {'status': '201', 'content-length': '344', 'connection': 'close', 'date': 'Sat, 05 Dec 2015 11:46:47 GMT', 'content-type': 'application/json; charset=UTF-8', 'x-openstack-request-id': 'req-7448e240-ee75-4da9-a702-dd30bd2d1763'}
        Body: {"security_group_rule": {"remote_group_id": null, "direction": "egress", "remote_ip_prefix": null, "protocol": "icmp", "ethertype": "IPv6", "tenant_id": "5d6663b0a4b04bf58536982079503a8a", "port_range_max": null, "port_range_min": null, "id": "f657caee-9bde-4552-a435-c0af64c70869", "security_group_id": "93dfd087-cc60-4951-9b0e-667f44fee2a5"}}
2015-12-05 11:46:48,030 20158 INFO     [tempest_lib.common.rest_client] Request (TestNetworkBasicOps:test_connectivity_between_vms_on_different_networks): 201 POST http://10.0.2.15:9696/v2.0/networks 0.184s
2015-12-05 11:46:48,030 20158 DEBUG    [tempest_lib.common.rest_client] Request - Headers: {'Content-Type': 'application/json', 'Accept': 'application/json', 'X-Auth-Token': '&lt;omitted&gt;'}
        Body: {"network": {"tenant_id": "5d6663b0a4b04bf58536982079503a8a", "name": "tempest-network-smoke--185696564"}}
    Response - Headers: {'status': '201', 'content-length': '328', 'connection': 'close', 'date': 'Sat, 05 Dec 2015 11:46:48 GMT', 'content-type': 'application/json; charset=UTF-8', 'x-openstack-request-id': 'req-a9039df3-5197-4574-b48e-173b4a5e7019'}
        Body: {"network": {"status": "ACTIVE", "subnets": [], "availability_zone_hints": "[]", "name": "tempest-network-smoke--185696564", "admin_state_up": true, "tenant_id": "5d6663b0a4b04bf58536982079503a8a", "mtu": 0, "router:external": false, "shared": false, "port_security_enabled": true, "id": "4a6b8eda-bd71-4827-a085-897737d712d1"}}
2015-12-05 11:46:48,119 20158 INFO     [tempest_lib.common.rest_client] Request (TestNetworkBasicOps:test_connectivity_between_vms_on_different_networks): 201 POST http://10.0.2.15:9696/v2.0/routers 0.087s
2015-12-05 11:46:48,119 20158 DEBUG    [tempest_lib.common.rest_client] Request - Headers: {'Content-Type': 'application/json', 'Accept': 'application/json', 'X-Auth-Token': '&lt;omitted&gt;'}
        Body: {"router": {"tenant_id": "5d6663b0a4b04bf58536982079503a8a", "name": "tempest-router-smoke-1661994160", "admin_state_up": true}}
    Response - Headers: {'status': '201', 'content-length': '296', 'connection': 'close', 'date': 'Sat, 05 Dec 2015 11:46:48 GMT', 'content-type': 'application/json; charset=UTF-8', 'x-openstack-request-id': 'req-245823d3-9d8e-4162-9615-7f80747bf34d'}
        Body: {"router": {"status": "ACTIVE", "external_gateway_info": null, "availability_zone_hints": [], "availability_zones": [], "name": "tempest-router-smoke-1661994160", "admin_state_up": true, "tenant_id": "5d6663b0a4b04bf58536982079503a8a", "routes": [], "id": "4a0fc918-f612-420a-ae83-bfba7110222b"}}
2015-12-05 11:46:48,171 20158 INFO     [tempest_lib.common.rest_client] Request (TestNetworkBasicOps:test_connectivity_between_vms_on_different_networks): 200 GET http://10.0.2.15:9696/v2.0/routers/4a0fc918-f612-420a-ae83-bfba7110222b 0.050s
2015-12-05 11:46:48,172 20158 DEBUG    [tempest_lib.common.rest_client] Request - Headers: {'Content-Type': 'application/json', 'Accept': 'application/json', 'X-Auth-Token': '&lt;omitted&gt;'}
        Body: None
    Response - Headers: {'status': '200', 'content-length': '296', 'content-location': 'http://10.0.2.15:9696/v2.0/routers/4a0fc918-f612-420a-ae83-bfba7110222b', 'connection': 'close', 'date': 'Sat, 05 Dec 2015 11:46:48 GMT', 'content-type': 'application/json; charset=UTF-8', 'x-openstack-request-id': 'req-f98b36cd-9e6c-4af9-be5b-3c3a08790b70'}
        Body: {"router": {"status": "ACTIVE", "external_gateway_info": null, "availability_zone_hints": [], "availability_zones": [], "name": "tempest-router-smoke-1661994160", "admin_state_up": true, "tenant_id": "5d6663b0a4b04bf58536982079503a8a", "routes": [], "id": "4a0fc918-f612-420a-ae83-bfba7110222b"}}
2015-12-05 11:46:48,942 20158 INFO     [tempest_lib.common.rest_client] Request (TestNetworkBasicOps:test_connectivity_between_vms_on_different_networks): 200 PUT http://10.0.2.15:9696/v2.0/routers/4a0fc918-f612-420a-ae83-bfba7110222b 0.769s
2015-12-05 11:46:48,942 20158 DEBUG    [tempest_lib.common.rest_client] Request - Headers: {'Content-Type': 'application/json', 'Accept': 'application/json', 'X-Auth-Token': '&lt;omitted&gt;'}
        Body: {"router": {"external_gateway_info": {"network_id": "26d64bed-6134-4e93-83bc-e83abe7389ba"}, "name": "tempest-router-smoke-1661994160", "admin_state_up": true}}
    Response - Headers: {'status': '200', 'content-length': '558', 'connection': 'close', 'date': 'Sat, 05 Dec 2015 11:46:48 GMT', 'content-type': 'application/json; charset=UTF-8', 'x-openstack-request-id': 'req-6adc91be-bc37-49dc-b0be-5a16c74a0e1d'}
        Body: {"router": {"status": "ACTIVE", "external_gateway_info": {"network_id": "26d64bed-6134-4e93-83bc-e83abe7389ba", "enable_snat": true, "external_fixed_ips": [{"subnet_id": "9d57ea70-a0a4-473d-bf3c-70b001151f90", "ip_address": "172.24.4.3"}, {"subnet_id": "76c4e987-94d0-4387-845b-83b58d3dd26c", "ip_address": "2001:db8::4"}]}, "availability_zone_hints": [], "availability_zones": [], "name": "tempest-router-smoke-1661994160", "admin_state_up": true, "tenant_id": "5d6663b0a4b04bf58536982079503a8a", "routes": [], "id": "4a0fc918-f612-420a-ae83-bfba7110222b"}}
2015-12-05 11:46:49,102 20158 INFO     [tempest_lib.common.rest_client] Request (TestNetworkBasicOps:test_connectivity_between_vms_on_different_networks): 200 GET http://10.0.2.15:9696/v2.0/subnets?tenant_id=5d6663b0a4b04bf58536982079503a8a&amp;cidr=10.100.0.0%2F28 0.158s
2015-12-05 11:46:49,102 20158 DEBUG    [tempest_lib.common.rest_client] Request - Headers: {'Content-Type': 'application/json', 'Accept': 'application/json', 'X-Auth-Token': '&lt;omitted&gt;'}
        Body: None
    Response - Headers: {'status': '200', 'content-length': '15', 'content-location': 'http://10.0.2.15:9696/v2.0/subnets?tenant_id=5d6663b0a4b04bf58536982079503a8a&amp;cidr=10.100.0.0%2F28', 'connection': 'close', 'date': 'Sat, 05 Dec 2015 11:46:49 GMT', 'content-type': 'application/json; charset=UTF-8', 'x-openstack-request-id': 'req-5c13d92e-43d3-4f4d-bb1e-e498c14f63c2'}
        Body: {"subnets": []}
2015-12-05 11:46:49,479 20158 INFO     [tempest_lib.common.rest_client] Request (TestNetworkBasicOps:test_connectivity_between_vms_on_different_networks): 201 POST http://10.0.2.15:9696/v2.0/subnets 0.375s
2015-12-05 11:46:49,479 20158 DEBUG    [tempest_lib.common.rest_client] Request - Headers: {'Content-Type': 'application/json', 'Accept': 'application/json', 'X-Auth-Token': '&lt;omitted&gt;'}
        Body: {"subnet": {"ip_version": 4, "tenant_id": "5d6663b0a4b04bf58536982079503a8a", "cidr": "10.100.0.0/28", "network_id": "4a6b8eda-bd71-4827-a085-897737d712d1", "name": "tempest-subnet-smoke-1385816113"}}
    Response - Headers: {'status': '201', 'content-length': '478', 'connection': 'close', 'date': 'Sat, 05 Dec 2015 11:46:49 GMT', 'content-type': 'application/json; charset=UTF-8', 'x-openstack-request-id': 'req-bc8d9618-ef4d-4a0f-ac00-80ac81f383c8'}
        Body: {"subnet": {"name": "tempest-subnet-smoke-1385816113", "enable_dhcp": true, "network_id": "4a6b8eda-bd71-4827-a085-897737d712d1", "tenant_id": "5d6663b0a4b04bf58536982079503a8a", "dns_nameservers": [], "gateway_ip": "10.100.0.1", "ipv6_ra_mode": null, "allocation_pools": [{"start": "10.100.0.2", "end": "10.100.0.14"}], "host_routes": [], "ip_version": 4, "ipv6_address_mode": null, "cidr": "10.100.0.0/28", "id": "a235fd90-ddfc-459c-8a42-01854c56af38", "subnetpool_id": null}}
2015-12-05 11:46:50,072 20158 INFO     [tempest_lib.common.rest_client] Request (TestNetworkBasicOps:test_connectivity_between_vms_on_different_networks): 200 PUT http://10.0.2.15:9696/v2.0/routers/4a0fc918-f612-420a-ae83-bfba7110222b/add_router_interface 0.591s
2015-12-05 11:46:50,072 20158 DEBUG    [tempest_lib.common.rest_client] Request - Headers: {'Content-Type': 'application/json', 'Accept': 'application/json', 'X-Auth-Token': '&lt;omitted&gt;'}
        Body: {"subnet_id": "a235fd90-ddfc-459c-8a42-01854c56af38"}
    Response - Headers: {'status': '200', 'content-length': '255', 'connection': 'close', 'date': 'Sat, 05 Dec 2015 11:46:50 GMT', 'content-type': 'application/json; charset=UTF-8', 'x-openstack-request-id': 'req-f5c6a493-1064-4f0c-bfaa-a66fe6cf7872'}
        Body: {"subnet_id": "a235fd90-ddfc-459c-8a42-01854c56af38", "tenant_id": "5d6663b0a4b04bf58536982079503a8a", "subnet_ids": ["a235fd90-ddfc-459c-8a42-01854c56af38"], "port_id": "e7c6838a-d173-46fe-b20c-26c6ee047b03", "id": "4a0fc918-f612-420a-ae83-bfba7110222b"}
2015-12-05 11:46:50,254 20158 INFO     [tempest_lib.common.rest_client] Request (TestNetworkBasicOps:test_connectivity_between_vms_on_different_networks): 200 GET http://10.0.2.15:9696/v2.0/networks 0.181s
2015-12-05 11:46:50,255 20158 DEBUG    [tempest_lib.common.rest_client] Request - Headers: {'Content-Type': 'application/json', 'Accept': 'application/json', 'X-Auth-Token': '&lt;omitted&gt;'}
        Body: None
    Response - Headers: {'status': '200', 'content-length': '1506', 'content-location': 'http://10.0.2.15:9696/v2.0/networks', 'connection': 'close', 'date': 'Sat, 05 Dec 2015 11:46:50 GMT', 'content-type': 'application/json; charset=UTF-8', 'x-openstack-request-id': 'req-d2e001b3-4623-4d0f-b7bd-a5f5cfaba7ac'}
        Body: {"networks": [{"status": "ACTIVE", "subnets": ["76c4e987-94d0-4387-845b-83b58d3dd26c", "9d57ea70-a0a4-473d-bf3c-70b001151f90"], "availability_zone_hints": [], "availability_zones": ["nova"], "name": "public", "provider:physical_network": null, "admin_state_up": true, "tenant_id": "8400c6888c3f4e8687a270d2bce63551", "mtu": 0, "router:external": true, "shared": false, "port_security_enabled": true, "provider:network_type": "vxlan", "id": "26d64bed-6134-4e93-83bc-e83abe7389ba", "provider:segmentation_id": 1097}, {"status": "ACTIVE", "subnets": ["6aa9647b-a261-429a-b86d-099c9a6eeb2d", "4092cd8e-2ae4-41fe-8b3b-9a9ac40cb3f9"], "availability_zone_hints": [], "availability_zones": ["nova"], "name": "private", "provider:physical_network": null, "admin_state_up": true, "tenant_id": "0fc4bb016e5944cf8918fec6510c72c8", "mtu": 0, "router:external": false, "shared": false, "port_security_enabled": true, "provider:network_type": "vxlan", "id": "d3ddf547-599a-4a9b-8391-ee46409926e0", "provider:segmentation_id": 1034}, {"status": "ACTIVE", "subnets": ["a235fd90-ddfc-459c-8a42-01854c56af38"], "availability_zone_hints": [], "availability_zones": ["nova"], "name": "tempest-network-smoke--185696564", "provider:physical_network": null, "admin_state_up": true, "tenant_id": "5d6663b0a4b04bf58536982079503a8a", "mtu": 0, "router:external": false, "shared": false, "port_security_enabled": true, "provider:network_type": "vxlan", "id": "4a6b8eda-bd71-4827-a085-897737d712d1", "provider:segmentation_id": 1069}]}
2015-12-05 11:46:50,457 20158 INFO     [tempest_lib.common.rest_client] Request (TestNetworkBasicOps:test_connectivity_between_vms_on_different_networks): 200 GET http://10.0.2.15:9696/v2.0/subnets 0.201s
2015-12-05 11:46:50,457 20158 DEBUG    [tempest_lib.common.rest_client] Request - Headers: {'Content-Type': 'application/json', 'Accept': 'application/json', 'X-Auth-Token': '&lt;omitted&gt;'}
        Body: None
    Response - Headers: {'status': '200', 'content-length': '2408', 'content-location': 'http://10.0.2.15:9696/v2.0/subnets', 'connection': 'close', 'date': 'Sat, 05 Dec 2015 11:46:50 GMT', 'content-type': 'application/json; charset=UTF-8', 'x-openstack-request-id': 'req-388ce39c-733a-47f9-8f0d-382ddb7851a1'}
        Body: {"subnets": [{"name": "ipv6-public-subnet", "enable_dhcp": false, "network_id": "26d64bed-6134-4e93-83bc-e83abe7389ba", "tenant_id": "8400c6888c3f4e8687a270d2bce63551", "dns_nameservers": [], "gateway_ip": "2001:db8::2", "ipv6_ra_mode": null, "allocation_pools": [{"start": "2001:db8::3", "end": "2001:db8::ffff:ffff:ffff:ffff"}, {"start": "2001:db8::1", "end": "2001:db8::1"}], "host_routes": [], "ip_version": 6, "ipv6_address_mode": null, "cidr": "2001:db8::/64", "id": "76c4e987-94d0-4387-845b-83b58d3dd26c", "subnetpool_id": null}, {"name": "public-subnet", "enable_dhcp": false, "network_id": "26d64bed-6134-4e93-83bc-e83abe7389ba", "tenant_id": "8400c6888c3f4e8687a270d2bce63551", "dns_nameservers": [], "gateway_ip": "172.24.4.1", "ipv6_ra_mode": null, "allocation_pools": [{"start": "172.24.4.2", "end": "172.24.4.254"}], "host_routes": [], "ip_version": 4, "ipv6_address_mode": null, "cidr": "172.24.4.0/24", "id": "9d57ea70-a0a4-473d-bf3c-70b001151f90", "subnetpool_id": null}, {"name": "private-subnet", "enable_dhcp": true, "network_id": "d3ddf547-599a-4a9b-8391-ee46409926e0", "tenant_id": "0fc4bb016e5944cf8918fec6510c72c8", "dns_nameservers": [], "gateway_ip": "10.0.0.1", "ipv6_ra_mode": null, "allocation_pools": [{"start": "10.0.0.2", "end": "10.0.0.254"}], "host_routes": [], "ip_version": 4, "ipv6_address_mode": null, "cidr": "10.0.0.0/24", "id": "4092cd8e-2ae4-41fe-8b3b-9a9ac40cb3f9", "subnetpool_id": null}, {"name": "tempest-subnet-smoke-1385816113", "enable_dhcp": true, "network_id": "4a6b8eda-bd71-4827-a085-897737d712d1", "tenant_id": "5d6663b0a4b04bf58536982079503a8a", "dns_nameservers": [], "gateway_ip": "10.100.0.1", "ipv6_ra_mode": null, "allocation_pools": [{"start": "10.100.0.2", "end": "10.100.0.14"}], "host_routes": [], "ip_version": 4, "ipv6_address_mode": null, "cidr": "10.100.0.0/28", "id": "a235fd90-ddfc-459c-8a42-01854c56af38", "subnetpool_id": null}, {"name": "ipv6-private-subnet", "enable_dhcp": true, "network_id": "d3ddf547-599a-4a9b-8391-ee46409926e0", "tenant_id": "0fc4bb016e5944cf8918fec6510c72c8", "dns_nameservers": [], "gateway_ip": "fd1a:5b25:d853::1", "ipv6_ra_mode": "slaac", "allocation_pools": [{"start": "fd1a:5b25:d853::2", "end": "fd1a:5b25:d853:0:ffff:ffff:ffff:ffff"}], "host_routes": [], "ip_version": 6, "ipv6_address_mode": "slaac", "cidr": "fd1a:5b25:d853::/64", "id": "6aa9647b-a261-429a-b86d-099c9a6eeb2d", "subnetpool_id": null}]}
2015-12-05 11:46:50,516 20158 INFO     [tempest_lib.common.rest_client] Request (TestNetworkBasicOps:test_connectivity_between_vms_on_different_networks): 200 GET http://10.0.2.15:9696/v2.0/routers 0.058s
2015-12-05 11:46:50,517 20158 DEBUG    [tempest_lib.common.rest_client] Request - Headers: {'Content-Type': 'application/json', 'Accept': 'application/json', 'X-Auth-Token': '&lt;omitted&gt;'}
        Body: None
    Response - Headers: {'status': '200', 'content-length': '1167', 'content-location': 'http://10.0.2.15:9696/v2.0/routers', 'connection': 'close', 'date': 'Sat, 05 Dec 2015 11:46:50 GMT', 'content-type': 'application/json; charset=UTF-8', 'x-openstack-request-id': 'req-1b6c91fd-637d-4849-9e23-4ac15691ba5b'}
        Body: {"routers": [{"status": "ACTIVE", "external_gateway_info": {"network_id": "26d64bed-6134-4e93-83bc-e83abe7389ba", "enable_snat": true, "external_fixed_ips": [{"subnet_id": "9d57ea70-a0a4-473d-bf3c-70b001151f90", "ip_address": "172.24.4.2"}, {"subnet_id": "76c4e987-94d0-4387-845b-83b58d3dd26c", "ip_address": "2001:db8::3"}]}, "availability_zone_hints": [], "availability_zones": ["nova"], "name": "router1", "admin_state_up": true, "tenant_id": "0fc4bb016e5944cf8918fec6510c72c8", "distributed": false, "routes": [], "ha": false, "id": "3d241912-e2d9-4fed-92d2-6d408f89de8f"}, {"status": "ACTIVE", "external_gateway_info": {"network_id": "26d64bed-6134-4e93-83bc-e83abe7389ba", "enable_snat": true, "external_fixed_ips": [{"subnet_id": "9d57ea70-a0a4-473d-bf3c-70b001151f90", "ip_address": "172.24.4.3"}, {"subnet_id": "76c4e987-94d0-4387-845b-83b58d3dd26c", "ip_address": "2001:db8::4"}]}, "availability_zone_hints": [], "availability_zones": ["nova"], "name": "tempest-router-smoke-1661994160", "admin_state_up": true, "tenant_id": "5d6663b0a4b04bf58536982079503a8a", "distributed": false, "routes": [], "ha": false, "id": "4a0fc918-f612-420a-ae83-bfba7110222b"}]}
2015-12-05 11:46:50,857 20158 INFO     [tempest_lib.common.rest_client] Request (TestNetworkBasicOps:test_connectivity_between_vms_on_different_networks): 200 POST http://10.0.2.15:8774/v2.1/5d6663b0a4b04bf58536982079503a8a/os-keypairs 0.338s
2015-12-05 11:46:50,857 20158 DEBUG    [tempest_lib.common.rest_client] Request - Headers: {'Content-Type': 'application/json', 'Accept': 'application/json', 'X-Auth-Token': '&lt;omitted&gt;'}
        Body: {"keypair": {"name": "tempest-TestNetworkBasicOps-1709047065"}}
    Response - Headers: {'status': '200', 'content-length': '2321', 'x-compute-request-id': 'req-1099d60d-a188-417d-a1a3-126911e61c57', 'vary': 'X-OpenStack-Nova-API-Version', 'connection': 'close', 'x-openstack-nova-api-version': '2.1', 'date': 'Sat, 05 Dec 2015 11:46:50 GMT', 'content-type': 'application/json'}
        Body: {"keypair": {"public_key": "ssh-rsa AAAAB3NzaC1yc2EAAAADAQABAAABAQCmFAXmsYElxCBN4fxmJvVQgT636ZfwJmI0avIlXfZG5w6rt7xZsxqBMh0c+oOHWWIyNwpI+2TfFzqInTm+FSo0qqPO6K4PD+ORbDJ29FF+mBusv4gI8CFx0i1UAsaLPr5SCe6gEj3BR15E4M79C+6sfnTCBi4rT7UpY7FkStpBx+zC/IU39i1RGTqS0SV41Sh2bN6mEyv5Wjml0dHDijeS2esLdBCT+QQB1wMKtgygCwZcCCDVN7wLwLNcgZBYxPOiyx21kk7w5ePDLy3iNmwoW6JcfAE3LwM8aVDMHeT35R60m6/gUJi7ea1//MlzXyccVeuuv5G6ZB3VjW8immu9 Generated-by-Nova", "private_key": "-----BEGIN RSA PRIVATE KEY-----\nMIIEqAIBAAKCAQEAphQF5rGBJcQgTeH8Zib1UIE+t+mX8CZiNGryJV32RucOq7e8\nWbMagTIdHPqDh1liMjcKSPtk3xc6iJ05vhUqNKqjzuiuDw/jkWwydvRRfpgbrL+I\nCPAhcdItVALGiz6+UgnuoBI9wUdeRODO/QvurH50wgYuK0+1KWOxZEraQcfswvyF\nN/YtURk6ktEleNUodmzephMr+Vo5pdHRw4o3ktnrC3QQk/kEAdcDCrYMoAsGXAgg\n1Te8C8CzXIGQWMTzossdtZJO8OXjwy8t4jZsKFuiXHwBNy8DPGlQzB3k9+UetJuv\n4FCYu3mtf/zJc18nHFXrrr+RumQd1Y1vIpprvQIDAQABAoIBACUh4vPiiiqkgEiJ\nl4JLgZvfWeOK8fK60khABSX/rTnLHYedTBqOJgXu6314MYJIpODvV3hb5QDQU8EJ\nzkhGuSoPYRK5CXnKpqn0FBBure3tGnr0U/kTn5awVHwtJrEpdSoomFbn3TDiwRwL\nW5xOV63vlDFxak86whmf9aCj78q3CWbmXzW26KHzqQMDgco0buQ4i3y+bsdWjcH3\nM8IiffapmCgJrqYhf+FA2Omt4gioTa0DObp7SNI20wGdVOfPkvNjOuLsysD06Rb0\nlJOIFFwzp4yMZAE+sKDa4RyisqzyRYCRbx/cHRWqW8vCxhlL74887Kx4VTC8li9K\nLS7gZ6ECggCBAMi8KIYkfrQE3L+bJLEzPXiP/fG4PlAEqVlNhvQE3inivBqQxzlW\nRLV8bHgwesCpZmS1nj91XlwdFz0aUjafao6io9IpvCOx8Rinve/FSQsO/3sVHQXp\nJcpFet7L6CInP04QLLDgXiesnW2nOmOCnqDBcC9rirTpSJlCpFeKoqypAoIAgQDT\nzT+LfNBOkQx4nVclx8x2/HlO6ve4yoKzBDk5uQrHUBHQqQupEaPrPSBtoc3vM47W\n6b90/ZNUM10Ka8J2lVZc6YsIAFZyAdToh8jibJUwPueOuFIqdwclTOWANowvCRjM\n1iOh4AqI7VN6zwSmaBPCIx9AOvFTh6WFcxb/SnB+9QKCAIAYPwH2Efpr7Bpt2mN4\nM+Q858eYptR//dAmxUKDvwLGtGhcHRizSERMV5cSfWiWVN/VUkqnB5o6LhlcfA1q\nI59PUz3OaNQcy6V/gONkTsQf3dPmHgq/aAX0hKfuuVp0paDz4OhFBRTaXfM2B3j6\nBBD9AeB3GdpLN9JZEL+hA1Ha4QKCAIEAupCQ6M2Ir6wU0CnIGf9km2rJcDqI+r1n\nY0jVH4NfezGMf8BoBQUE3rF5XxinzYwcxjIf821p2UFlM0i4grwI1s7hKKsjekki\nwbDZwpji0RyX25+AwOcX5ENX5RgnY0cgEU6PFIfEv9hNMGAqOGp0/Qzy+iDxciKK\nKoK2PynS7gECggCAbf7fB2KZZ11/Luxnax8sFqRWHvz/a5LBv8Z4xAY5g/p4342U\nilWXMo/M33XOoovOcA2qbm/VdZ2NO4qxjrvdQYC9PqINKNexzGfB8SVzv3C3Sdwc\nxSGD92ig6bkW3UsD+jTHucZZR6VIS4OzpAN+vvjQxmvWhAwuhw9zKlfHhdA=\n-----END RSA PRIVATE KEY-----\n", "user_id": "19a2cf417cc345fa84d4045e3012281b", "name": "tempest-TestNetworkBasicOps-1709047065", "fingerprint": "b0:68:9f:2b:2a:37:d6:e0:fa:ae:86:97:ae:49:75:f7"}}
2015-12-05 11:46:50,957 20158 INFO     [tempest_lib.common.rest_client] Request (TestNetworkBasicOps:test_connectivity_between_vms_on_different_networks): 200 POST http://10.0.2.15:5000/v2.0/tokens
2015-12-05 11:46:50,958 20158 DEBUG    [tempest_lib.common.rest_client] Request - Headers: {'Content-Type': 'application/json', 'Accept': 'application/json'}
        Body: &lt;omitted&gt;
    Response - Headers: {'status': '200', 'content-length': '2530', 'vary': 'X-Auth-Token', 'server': 'Apache/2.4.7 (Ubuntu)', 'connection': 'close', 'date': 'Sat, 05 Dec 2015 11:46:50 GMT', 'content-type': 'application/json', 'x-openstack-request-id': 'req-7893655b-799b-42fa-a463-9ad50d664ae5'}
        Body: {"access": {"token": {"issued_at": "2015-12-05T11:46:50.945456", "expires": "2015-12-05T12:46:50Z", "id": "33fd036be2c943b0a25ec7713ed84dad", "tenant": {"description": "tempest-TestNetworkBasicOps-2003011465-desc", "enabled": true, "id": "5d6663b0a4b04bf58536982079503a8a", "name": "tempest-TestNetworkBasicOps-2003011465"}, "audit_ids": ["Fpm-oeBHScCKJXf0NRxnkw"]}, "serviceCatalog": [{"endpoints": [{"adminURL": "http://10.0.2.15:8774/v2.1/5d6663b0a4b04bf58536982079503a8a", "region": "RegionOne", "internalURL": "http://10.0.2.15:8774/v2.1/5d6663b0a4b04bf58536982079503a8a", "id": "35035efcc427475084d0ebbb5ce9fe96", "publicURL": "http://10.0.2.15:8774/v2.1/5d6663b0a4b04bf58536982079503a8a"}], "endpoints_links": [], "type": "compute", "name": "nova"}, {"endpoints": [{"adminURL": "http://10.0.2.15:9696/", "region": "RegionOne", "internalURL": "http://10.0.2.15:9696/", "id": "517ac0ba593f419d88cb4c07840c2f20", "publicURL": "http://10.0.2.15:9696/"}], "endpoints_links": [], "type": "network", "name": "neutron"}, {"endpoints": [{"adminURL": "http://10.0.2.15:9292", "region": "RegionOne", "internalURL": "http://10.0.2.15:9292", "id": "2945818e7c7e4a6399166c1bc8b6cc3c", "publicURL": "http://10.0.2.15:9292"}], "endpoints_links": [], "type": "image", "name": "glance"}, {"endpoints": [{"adminURL": "http://10.0.2.15:8774/v2/5d6663b0a4b04bf58536982079503a8a", "region": "RegionOne", "internalURL": "http://10.0.2.15:8774/v2/5d6663b0a4b04bf58536982079503a8a", "id": "290267670fa64b7abf82fe7bca9c4639", "publicURL": "http://10.0.2.15:8774/v2/5d6663b0a4b04bf58536982079503a8a"}], "endpoints_links": [], "type": "compute_legacy", "name": "nova_legacy"}, {"endpoints": [{"adminURL": "http://10.0.2.15:8773/", "region": "RegionOne", "internalURL": "http://10.0.2.15:8773/", "id": "736c8e6d9a544530bbbe29c80084fe22", "publicURL": "http://10.0.2.15:8773/"}], "endpoints_links": [], "type": "ec2", "name": "ec2"}, {"endpoints": [{"adminURL": "http://10.0.2.15:35357/v2.0", "region": "RegionOne", "internalURL": "http://10.0.2.15:5000/v2.0", "id": "4369213167fd41c9a68967c56b6471fe", "publicURL": "http://10.0.2.15:5000/v2.0"}], "endpoints_links": [], "type": "identity", "name": "keystone"}], "user": {"username": "tempest-TestNetworkBasicOps-1991610114", "roles_links": [], "id": "19a2cf417cc345fa84d4045e3012281b", "roles": [{"name": "_member_"}, {"name": "Member"}], "name": "tempest-TestNetworkBasicOps-1991610114"}, "metadata": {"is_admin": 0, "roles": ["9fe2ff9ee4384b1894a90878d3e92bab", "e81d8d0f65de476684a0fa8ff6611e03"]}}}
2015-12-05 11:46:50,964 20158 DEBUG    [tempest.common.fixed_network] (TestNetworkBasicOps:test_connectivity_between_vms_on_different_networks) No valid network provided or created, defaulting to fixed_network_name
2015-12-05 11:46:51,303 20158 INFO     [tempest_lib.common.rest_client] Request (TestNetworkBasicOps:test_connectivity_between_vms_on_different_networks): 200 GET http://10.0.2.15:8774/v2.1/5d6663b0a4b04bf58536982079503a8a/os-networks 0.339s
2015-12-05 11:46:51,304 20158 DEBUG    [tempest_lib.common.rest_client] Request - Headers: {'Content-Type': 'application/json', 'Accept': 'application/json', 'X-Auth-Token': '&lt;omitted&gt;'}
        Body: None
    Response - Headers: {'status': '200', 'content-length': '478', 'content-location': 'http://10.0.2.15:8774/v2.1/5d6663b0a4b04bf58536982079503a8a/os-networks', 'x-compute-request-id': 'req-e0206f5c-edf5-40ae-a63c-541a830da9f5', 'vary': 'X-OpenStack-Nova-API-Version', 'connection': 'close', 'x-openstack-nova-api-version': '2.1', 'date': 'Sat, 05 Dec 2015 11:46:51 GMT', 'content-type': 'application/json'}
        Body: {"networks": [{"cidr_v6": null, "dns2": null, "dns1": null, "gateway": null, "broadcast": null, "netmask": null, "gateway_v6": null, "cidr": null, "label": "public", "id": "26d64bed-6134-4e93-83bc-e83abe7389ba", "netmask_v6": null}, {"cidr_v6": null, "dns2": null, "dns1": null, "gateway": null, "broadcast": null, "netmask": null, "gateway_v6": null, "cidr": null, "label": "tempest-network-smoke--185696564", "id": "4a6b8eda-bd71-4827-a085-897737d712d1", "netmask_v6": null}]}
2015-12-05 11:46:51,304 20158 WARNING  [tempest.common.fixed_network] (TestNetworkBasicOps:test_connectivity_between_vms_on_different_networks) Network with name: private not found
2015-12-05 11:46:51,305 20158 INFO     [tempest.common.fixed_network] (TestNetworkBasicOps:test_connectivity_between_vms_on_different_networks) Found network {} available for tenant
2015-12-05 11:46:53,268 20158 INFO     [tempest_lib.common.rest_client] Request (TestNetworkBasicOps:test_connectivity_between_vms_on_different_networks): 202 POST http://10.0.2.15:8774/v2.1/5d6663b0a4b04bf58536982079503a8a/servers 1.963s
2015-12-05 11:46:53,269 20158 DEBUG    [tempest_lib.common.rest_client] Request - Headers: {'Content-Type': 'application/json', 'Accept': 'application/json', 'X-Auth-Token': '&lt;omitted&gt;'}
        Body: {"server": {"name": "tempest.common.compute-instance-1426701404", "imageRef": "001d6e66-07e9-4ad9-8c50-211df327b9d0", "key_name": "tempest-TestNetworkBasicOps-1709047065", "flavorRef": "42", "networks": [{"uuid": "4a6b8eda-bd71-4827-a085-897737d712d1"}], "security_groups": [{"name": "tempest-secgroup-smoke-1737000284"}]}}
    Response - Headers: {'status': '202', 'content-length': '462', 'x-compute-request-id': 'req-e657351c-e925-4504-9a67-b90111578d09', 'vary': 'X-OpenStack-Nova-API-Version', 'connection': 'close', 'location': 'http://10.0.2.15:8774/v2.1/5d6663b0a4b04bf58536982079503a8a/servers/67a87122-9a74-4b3d-984f-41066dec1eb8', 'x-openstack-nova-api-version': '2.1', 'date': 'Sat, 05 Dec 2015 11:46:53 GMT', 'content-type': 'application/json'}
        Body: {"server": {"security_groups": [{"name": "tempest-secgroup-smoke-1737000284"}], "OS-DCF:diskConfig": "MANUAL", "id": "67a87122-9a74-4b3d-984f-41066dec1eb8", "links": [{"href": "http://10.0.2.15:8774/v2.1/5d6663b0a4b04bf58536982079503a8a/servers/67a87122-9a74-4b3d-984f-41066dec1eb8", "rel": "self"}, {"href": "http://10.0.2.15:8774/5d6663b0a4b04bf58536982079503a8a/servers/67a87122-9a74-4b3d-984f-41066dec1eb8", "rel": "bookmark"}], "adminPass": "7MdPhpfx9UDs"}}
2015-12-05 11:46:53,425 20158 INFO     [tempest_lib.common.rest_client] Request (TestNetworkBasicOps:test_connectivity_between_vms_on_different_networks): 200 GET http://10.0.2.15:8774/v2.1/5d6663b0a4b04bf58536982079503a8a/servers/67a87122-9a74-4b3d-984f-41066dec1eb8 0.150s
2015-12-05 11:46:53,425 20158 DEBUG    [tempest_lib.common.rest_client] Request - Headers: {'Content-Type': 'application/json', 'Accept': 'application/json', 'X-Auth-Token': '&lt;omitted&gt;'}
        Body: None
    Response - Headers: {'status': '200', 'content-length': '1356', 'content-location': 'http://10.0.2.15:8774/v2.1/5d6663b0a4b04bf58536982079503a8a/servers/67a87122-9a74-4b3d-984f-41066dec1eb8', 'x-compute-request-id': 'req-5f571b51-b0e5-41bd-96a0-9c5783c9ccb2', 'vary': 'X-OpenStack-Nova-API-Version', 'connection': 'close', 'x-openstack-nova-api-version': '2.1', 'date': 'Sat, 05 Dec 2015 11:46:53 GMT', 'content-type': 'application/json'}
        Body: {"server": {"status": "BUILD", "updated": "2015-12-05T11:46:53Z", "hostId": "", "addresses": {}, "links": [{"href": "http://10.0.2.15:8774/v2.1/5d6663b0a4b04bf58536982079503a8a/servers/67a87122-9a74-4b3d-984f-41066dec1eb8", "rel": "self"}, {"href": "http://10.0.2.15:8774/5d6663b0a4b04bf58536982079503a8a/servers/67a87122-9a74-4b3d-984f-41066dec1eb8", "rel": "bookmark"}], "key_name": "tempest-TestNetworkBasicOps-1709047065", "image": {"id": "001d6e66-07e9-4ad9-8c50-211df327b9d0", "links": [{"href": "http://10.0.2.15:8774/5d6663b0a4b04bf58536982079503a8a/images/001d6e66-07e9-4ad9-8c50-211df327b9d0", "rel": "bookmark"}]}, "OS-EXT-STS:task_state": "scheduling", "OS-EXT-STS:vm_state": "building", "OS-SRV-USG:launched_at": null, "flavor": {"id": "42", "links": [{"href": "http://10.0.2.15:8774/5d6663b0a4b04bf58536982079503a8a/flavors/42", "rel": "bookmark"}]}, "id": "67a87122-9a74-4b3d-984f-41066dec1eb8", "OS-SRV-USG:terminated_at": null, "OS-EXT-AZ:availability_zone": "", "user_id": "19a2cf417cc345fa84d4045e3012281b", "name": "tempest.common.compute-instance-1426701404", "created": "2015-12-05T11:46:53Z", "tenant_id": "5d6663b0a4b04bf58536982079503a8a", "OS-DCF:diskConfig": "MANUAL", "os-extended-volumes:volumes_attached": [], "accessIPv4": "", "accessIPv6": "", "progress": 0, "OS-EXT-STS:power_state": 0, "config_drive": "", "metadata": {}}}
2015-12-05 11:46:54,805 20158 INFO     [tempest_lib.common.rest_client] Request (TestNetworkBasicOps:test_connectivity_between_vms_on_different_networks): 200 GET http://10.0.2.15:8774/v2.1/5d6663b0a4b04bf58536982079503a8a/servers/67a87122-9a74-4b3d-984f-41066dec1eb8 0.370s
2015-12-05 11:46:54,806 20158 DEBUG    [tempest_lib.common.rest_client] Request - Headers: {'Content-Type': 'application/json', 'Accept': 'application/json', 'X-Auth-Token': '&lt;omitted&gt;'}
        Body: None
    Response - Headers: {'status': '200', 'content-length': '1482', 'content-location': 'http://10.0.2.15:8774/v2.1/5d6663b0a4b04bf58536982079503a8a/servers/67a87122-9a74-4b3d-984f-41066dec1eb8', 'x-compute-request-id': 'req-06046f3c-fed5-4ad5-8d54-464bdaf7b75f', 'vary': 'X-OpenStack-Nova-API-Version', 'connection': 'close', 'x-openstack-nova-api-version': '2.1', 'date': 'Sat, 05 Dec 2015 11:46:54 GMT', 'content-type': 'application/json'}
        Body: {"server": {"status": "BUILD", "updated": "2015-12-05T11:46:54Z", "hostId": "0916674441868e5a93a3a7fe3a936a3108cb87e73c6999562adedfa6", "addresses": {}, "links": [{"href": "http://10.0.2.15:8774/v2.1/5d6663b0a4b04bf58536982079503a8a/servers/67a87122-9a74-4b3d-984f-41066dec1eb8", "rel": "self"}, {"href": "http://10.0.2.15:8774/5d6663b0a4b04bf58536982079503a8a/servers/67a87122-9a74-4b3d-984f-41066dec1eb8", "rel": "bookmark"}], "key_name": "tempest-TestNetworkBasicOps-1709047065", "image": {"id": "001d6e66-07e9-4ad9-8c50-211df327b9d0", "links": [{"href": "http://10.0.2.15:8774/5d6663b0a4b04bf58536982079503a8a/images/001d6e66-07e9-4ad9-8c50-211df327b9d0", "rel": "bookmark"}]}, "OS-EXT-STS:task_state": "spawning", "OS-EXT-STS:vm_state": "building", "OS-SRV-USG:launched_at": null, "flavor": {"id": "42", "links": [{"href": "http://10.0.2.15:8774/5d6663b0a4b04bf58536982079503a8a/flavors/42", "rel": "bookmark"}]}, "id": "67a87122-9a74-4b3d-984f-41066dec1eb8", "security_groups": [{"name": "tempest-secgroup-smoke-1737000284"}], "OS-SRV-USG:terminated_at": null, "OS-EXT-AZ:availability_zone": "nova", "user_id": "19a2cf417cc345fa84d4045e3012281b", "name": "tempest.common.compute-instance-1426701404", "created": "2015-12-05T11:46:53Z", "tenant_id": "5d6663b0a4b04bf58536982079503a8a", "OS-DCF:diskConfig": "MANUAL", "os-extended-volumes:volumes_attached": [], "accessIPv4": "", "accessIPv6": "", "progress": 0, "OS-EXT-STS:power_state": 0, "config_drive": "", "metadata": {}}}
2015-12-05 11:46:54,814 20158 INFO     [tempest.common.waiters] State transition "BUILD/scheduling" ==&gt; "BUILD/spawning" after 1 second wait
2015-12-05 11:46:56,032 20158 INFO     [tempest_lib.common.rest_client] Request (TestNetworkBasicOps:test_connectivity_between_vms_on_different_networks): 200 GET http://10.0.2.15:8774/v2.1/5d6663b0a4b04bf58536982079503a8a/servers/67a87122-9a74-4b3d-984f-41066dec1eb8 0.216s
2015-12-05 11:46:56,032 20158 DEBUG    [tempest_lib.common.rest_client] Request - Headers: {'Content-Type': 'application/json', 'Accept': 'application/json', 'X-Auth-Token': '&lt;omitted&gt;'}
        Body: None
    Response - Headers: {'status': '200', 'content-length': '1482', 'content-location': 'http://10.0.2.15:8774/v2.1/5d6663b0a4b04bf58536982079503a8a/servers/67a87122-9a74-4b3d-984f-41066dec1eb8', 'x-compute-request-id': 'req-37c6820d-5916-4bb4-88d6-24401eac096c', 'vary': 'X-OpenStack-Nova-API-Version', 'connection': 'close', 'x-openstack-nova-api-version': '2.1', 'date': 'Sat, 05 Dec 2015 11:46:56 GMT', 'content-type': 'application/json'}
        Body: {"server": {"status": "BUILD", "updated": "2015-12-05T11:46:54Z", "hostId": "0916674441868e5a93a3a7fe3a936a3108cb87e73c6999562adedfa6", "addresses": {}, "links": [{"href": "http://10.0.2.15:8774/v2.1/5d6663b0a4b04bf58536982079503a8a/servers/67a87122-9a74-4b3d-984f-41066dec1eb8", "rel": "self"}, {"href": "http://10.0.2.15:8774/5d6663b0a4b04bf58536982079503a8a/servers/67a87122-9a74-4b3d-984f-41066dec1eb8", "rel": "bookmark"}], "key_name": "tempest-TestNetworkBasicOps-1709047065", "image": {"id": "001d6e66-07e9-4ad9-8c50-211df327b9d0", "links": [{"href": "http://10.0.2.15:8774/5d6663b0a4b04bf58536982079503a8a/images/001d6e66-07e9-4ad9-8c50-211df327b9d0", "rel": "bookmark"}]}, "OS-EXT-STS:task_state": "spawning", "OS-EXT-STS:vm_state": "building", "OS-SRV-USG:launched_at": null, "flavor": {"id": "42", "links": [{"href": "http://10.0.2.15:8774/5d6663b0a4b04bf58536982079503a8a/flavors/42", "rel": "bookmark"}]}, "id": "67a87122-9a74-4b3d-984f-41066dec1eb8", "security_groups": [{"name": "tempest-secgroup-smoke-1737000284"}], "OS-SRV-USG:terminated_at": null, "OS-EXT-AZ:availability_zone": "nova", "user_id": "19a2cf417cc345fa84d4045e3012281b", "name": "tempest.common.compute-instance-1426701404", "created": "2015-12-05T11:46:53Z", "tenant_id": "5d6663b0a4b04bf58536982079503a8a", "OS-DCF:diskConfig": "MANUAL", "os-extended-volumes:volumes_attached": [], "accessIPv4": "", "accessIPv6": "", "progress": 0, "OS-EXT-STS:power_state": 0, "config_drive": "", "metadata": {}}}
2015-12-05 11:46:57,280 20158 INFO     [tempest_lib.common.rest_client] Request (TestNetworkBasicOps:test_connectivity_between_vms_on_different_networks): 200 GET http://10.0.2.15:8774/v2.1/5d6663b0a4b04bf58536982079503a8a/servers/67a87122-9a74-4b3d-984f-41066dec1eb8 0.232s
2015-12-05 11:46:57,280 20158 DEBUG    [tempest_lib.common.rest_client] Request - Headers: {'Content-Type': 'application/json', 'Accept': 'application/json', 'X-Auth-Token': '&lt;omitted&gt;'}
        Body: None
    Response - Headers: {'status': '200', 'content-length': '1653', 'content-location': 'http://10.0.2.15:8774/v2.1/5d6663b0a4b04bf58536982079503a8a/servers/67a87122-9a74-4b3d-984f-41066dec1eb8', 'x-compute-request-id': 'req-21cc92a0-f26f-4c2c-b5dd-702e263b9312', 'vary': 'X-OpenStack-Nova-API-Version', 'connection': 'close', 'x-openstack-nova-api-version': '2.1', 'date': 'Sat, 05 Dec 2015 11:46:57 GMT', 'content-type': 'application/json'}
        Body: {"server": {"status": "ACTIVE", "updated": "2015-12-05T11:46:56Z", "hostId": "0916674441868e5a93a3a7fe3a936a3108cb87e73c6999562adedfa6", "addresses": {"tempest-network-smoke--185696564": [{"OS-EXT-IPS-MAC:mac_addr": "fa:16:3e:1a:c2:c8", "version": 4, "addr": "10.100.0.3", "OS-EXT-IPS:type": "fixed"}]}, "links": [{"href": "http://10.0.2.15:8774/v2.1/5d6663b0a4b04bf58536982079503a8a/servers/67a87122-9a74-4b3d-984f-41066dec1eb8", "rel": "self"}, {"href": "http://10.0.2.15:8774/5d6663b0a4b04bf58536982079503a8a/servers/67a87122-9a74-4b3d-984f-41066dec1eb8", "rel": "bookmark"}], "key_name": "tempest-TestNetworkBasicOps-1709047065", "image": {"id": "001d6e66-07e9-4ad9-8c50-211df327b9d0", "links": [{"href": "http://10.0.2.15:8774/5d6663b0a4b04bf58536982079503a8a/images/001d6e66-07e9-4ad9-8c50-211df327b9d0", "rel": "bookmark"}]}, "OS-EXT-STS:task_state": null, "OS-EXT-STS:vm_state": "active", "OS-SRV-USG:launched_at": "2015-12-05T11:46:56.000000", "flavor": {"id": "42", "links": [{"href": "http://10.0.2.15:8774/5d6663b0a4b04bf58536982079503a8a/flavors/42", "rel": "bookmark"}]}, "id": "67a87122-9a74-4b3d-984f-41066dec1eb8", "security_groups": [{"name": "tempest-secgroup-smoke-1737000284"}], "OS-SRV-USG:terminated_at": null, "OS-EXT-AZ:availability_zone": "nova", "user_id": "19a2cf417cc345fa84d4045e3012281b", "name": "tempest.common.compute-instance-1426701404", "created": "2015-12-05T11:46:53Z", "tenant_id": "5d6663b0a4b04bf58536982079503a8a", "OS-DCF:diskConfig": "MANUAL", "os-extended-volumes:volumes_attached": [], "accessIPv4": "", "accessIPv6": "", "progress": 0, "OS-EXT-STS:power_state": 1, "config_drive": "True", "metadata": {}}}
2015-12-05 11:46:57,289 20158 INFO     [tempest.common.waiters] State transition "BUILD/spawning" ==&gt; "ACTIVE/None" after 4 second wait
2015-12-05 11:46:57,484 20158 INFO     [tempest_lib.common.rest_client] Request (TestNetworkBasicOps:test_connectivity_between_vms_on_different_networks): 200 GET http://10.0.2.15:8774/v2.1/5d6663b0a4b04bf58536982079503a8a/servers/67a87122-9a74-4b3d-984f-41066dec1eb8 0.194s
2015-12-05 11:46:57,484 20158 DEBUG    [tempest_lib.common.rest_client] Request - Headers: {'Content-Type': 'application/json', 'Accept': 'application/json', 'X-Auth-Token': '&lt;omitted&gt;'}
        Body: None
    Response - Headers: {'status': '200', 'content-length': '1653', 'content-location': 'http://10.0.2.15:8774/v2.1/5d6663b0a4b04bf58536982079503a8a/servers/67a87122-9a74-4b3d-984f-41066dec1eb8', 'x-compute-request-id': 'req-c2f379b0-738d-45f4-ad84-e51649a83309', 'vary': 'X-OpenStack-Nova-API-Version', 'connection': 'close', 'x-openstack-nova-api-version': '2.1', 'date': 'Sat, 05 Dec 2015 11:46:57 GMT', 'content-type': 'application/json'}
        Body: {"server": {"status": "ACTIVE", "updated": "2015-12-05T11:46:56Z", "hostId": "0916674441868e5a93a3a7fe3a936a3108cb87e73c6999562adedfa6", "addresses": {"tempest-network-smoke--185696564": [{"OS-EXT-IPS-MAC:mac_addr": "fa:16:3e:1a:c2:c8", "version": 4, "addr": "10.100.0.3", "OS-EXT-IPS:type": "fixed"}]}, "links": [{"href": "http://10.0.2.15:8774/v2.1/5d6663b0a4b04bf58536982079503a8a/servers/67a87122-9a74-4b3d-984f-41066dec1eb8", "rel": "self"}, {"href": "http://10.0.2.15:8774/5d6663b0a4b04bf58536982079503a8a/servers/67a87122-9a74-4b3d-984f-41066dec1eb8", "rel": "bookmark"}], "key_name": "tempest-TestNetworkBasicOps-1709047065", "image": {"id": "001d6e66-07e9-4ad9-8c50-211df327b9d0", "links": [{"href": "http://10.0.2.15:8774/5d6663b0a4b04bf58536982079503a8a/images/001d6e66-07e9-4ad9-8c50-211df327b9d0", "rel": "bookmark"}]}, "OS-EXT-STS:task_state": null, "OS-EXT-STS:vm_state": "active", "OS-SRV-USG:launched_at": "2015-12-05T11:46:56.000000", "flavor": {"id": "42", "links": [{"href": "http://10.0.2.15:8774/5d6663b0a4b04bf58536982079503a8a/flavors/42", "rel": "bookmark"}]}, "id": "67a87122-9a74-4b3d-984f-41066dec1eb8", "security_groups": [{"name": "tempest-secgroup-smoke-1737000284"}], "OS-SRV-USG:terminated_at": null, "OS-EXT-AZ:availability_zone": "nova", "user_id": "19a2cf417cc345fa84d4045e3012281b", "name": "tempest.common.compute-instance-1426701404", "created": "2015-12-05T11:46:53Z", "tenant_id": "5d6663b0a4b04bf58536982079503a8a", "OS-DCF:diskConfig": "MANUAL", "os-extended-volumes:volumes_attached": [], "accessIPv4": "", "accessIPv6": "", "progress": 0, "OS-EXT-STS:power_state": 1, "config_drive": "True", "metadata": {}}}
2015-12-05 11:46:57,493 20158 INFO     [tempest.scenario.manager] Tenant networks not configured to be reachable.
2015-12-05 11:46:57,523 20158 INFO     [tempest_lib.common.rest_client] Request (TestNetworkBasicOps:test_connectivity_between_vms_on_different_networks): 200 GET http://10.0.2.15:9696/v2.0/ports?status=ACTIVE&amp;fixed_ip=None&amp;device_id=67a87122-9a74-4b3d-984f-41066dec1eb8 0.030s
2015-12-05 11:46:57,524 20158 DEBUG    [tempest_lib.common.rest_client] Request - Headers: {'Content-Type': 'application/json', 'Accept': 'application/json', 'X-Auth-Token': '&lt;omitted&gt;'}
        Body: None
    Response - Headers: {'status': '200', 'content-length': '895', 'content-location': 'http://10.0.2.15:9696/v2.0/ports?status=ACTIVE&amp;fixed_ip=None&amp;device_id=67a87122-9a74-4b3d-984f-41066dec1eb8', 'connection': 'close', 'date': 'Sat, 05 Dec 2015 11:46:57 GMT', 'content-type': 'application/json; charset=UTF-8', 'x-openstack-request-id': 'req-96fdf05b-3e3a-4f97-a041-c7e7fed10239'}
        Body: {"ports": [{"status": "ACTIVE", "binding:host_id": "vagrant-ubuntu-trusty-64", "allowed_address_pairs": [], "extra_dhcp_opts": [], "dns_assignment": [{"hostname": "host-10-100-0-3", "ip_address": "10.100.0.3", "fqdn": "host-10-100-0-3.openstacklocal."}], "device_owner": "compute:None", "port_security_enabled": true, "binding:profile": {}, "fixed_ips": [{"subnet_id": "a235fd90-ddfc-459c-8a42-01854c56af38", "ip_address": "10.100.0.3"}], "id": "5ac39a52-96e8-4d5f-ad9c-e31f7695b1dc", "security_groups": ["93dfd087-cc60-4951-9b0e-667f44fee2a5"], "device_id": "67a87122-9a74-4b3d-984f-41066dec1eb8", "name": "", "admin_state_up": true, "network_id": "4a6b8eda-bd71-4827-a085-897737d712d1", "dns_name": "", "binding:vif_details": {"port_filter": true}, "binding:vnic_type": "normal", "binding:vif_type": "ovs", "tenant_id": "5d6663b0a4b04bf58536982079503a8a", "mac_address": "fa:16:3e:1a:c2:c8"}]}
2015-12-05 11:46:58,259 20158 INFO     [tempest_lib.common.rest_client] Request (TestNetworkBasicOps:test_connectivity_between_vms_on_different_networks): 201 POST http://10.0.2.15:9696/v2.0/floatingips 0.734s
2015-12-05 11:46:58,260 20158 DEBUG    [tempest_lib.common.rest_client] Request - Headers: {'Content-Type': 'application/json', 'Accept': 'application/json', 'X-Auth-Token': '&lt;omitted&gt;'}
        Body: {"floatingip": {"floating_network_id": "26d64bed-6134-4e93-83bc-e83abe7389ba", "tenant_id": "5d6663b0a4b04bf58536982079503a8a", "fixed_ip_address": "10.100.0.3", "port_id": "5ac39a52-96e8-4d5f-ad9c-e31f7695b1dc"}}
    Response - Headers: {'status': '201', 'content-length': '367', 'connection': 'close', 'date': 'Sat, 05 Dec 2015 11:46:58 GMT', 'content-type': 'application/json; charset=UTF-8', 'x-openstack-request-id': 'req-1c7170b0-c253-4d28-bb31-6c6f402b1566'}
        Body: {"floatingip": {"floating_network_id": "26d64bed-6134-4e93-83bc-e83abe7389ba", "router_id": "4a0fc918-f612-420a-ae83-bfba7110222b", "fixed_ip_address": "10.100.0.3", "floating_ip_address": "172.24.4.4", "tenant_id": "5d6663b0a4b04bf58536982079503a8a", "status": "DOWN", "port_id": "5ac39a52-96e8-4d5f-ad9c-e31f7695b1dc", "id": "9812e2ef-1b86-493e-9e65-0444ecc7e8ad"}}
2015-12-05 11:46:58,274 20158 INFO     [tempest_lib.common.rest_client] Request (TestNetworkBasicOps:test_connectivity_between_vms_on_different_networks): 200 GET http://10.0.2.15:9696/v2.0/floatingips/9812e2ef-1b86-493e-9e65-0444ecc7e8ad 0.013s
2015-12-05 11:46:58,275 20158 DEBUG    [tempest_lib.common.rest_client] Request - Headers: {'Content-Type': 'application/json', 'Accept': 'application/json', 'X-Auth-Token': '&lt;omitted&gt;'}
        Body: None
    Response - Headers: {'status': '200', 'content-length': '367', 'content-location': 'http://10.0.2.15:9696/v2.0/floatingips/9812e2ef-1b86-493e-9e65-0444ecc7e8ad', 'connection': 'close', 'date': 'Sat, 05 Dec 2015 11:46:58 GMT', 'content-type': 'application/json; charset=UTF-8', 'x-openstack-request-id': 'req-52c9edd9-1467-4eaa-8aa0-8ce9e82cf195'}
        Body: {"floatingip": {"floating_network_id": "26d64bed-6134-4e93-83bc-e83abe7389ba", "router_id": "4a0fc918-f612-420a-ae83-bfba7110222b", "fixed_ip_address": "10.100.0.3", "floating_ip_address": "172.24.4.4", "tenant_id": "5d6663b0a4b04bf58536982079503a8a", "status": "DOWN", "port_id": "5ac39a52-96e8-4d5f-ad9c-e31f7695b1dc", "id": "9812e2ef-1b86-493e-9e65-0444ecc7e8ad"}}
2015-12-05 11:46:59,291 20158 INFO     [tempest_lib.common.rest_client] Request (TestNetworkBasicOps:test_connectivity_between_vms_on_different_networks): 200 GET http://10.0.2.15:9696/v2.0/floatingips/9812e2ef-1b86-493e-9e65-0444ecc7e8ad 0.015s
2015-12-05 11:46:59,292 20158 DEBUG    [tempest_lib.common.rest_client] Request - Headers: {'Content-Type': 'application/json', 'Accept': 'application/json', 'X-Auth-Token': '&lt;omitted&gt;'}
        Body: None
    Response - Headers: {'status': '200', 'content-length': '369', 'content-location': 'http://10.0.2.15:9696/v2.0/floatingips/9812e2ef-1b86-493e-9e65-0444ecc7e8ad', 'connection': 'close', 'date': 'Sat, 05 Dec 2015 11:46:59 GMT', 'content-type': 'application/json; charset=UTF-8', 'x-openstack-request-id': 'req-f6934de0-4c7e-4b7e-b602-054a272d4d08'}
        Body: {"floatingip": {"floating_network_id": "26d64bed-6134-4e93-83bc-e83abe7389ba", "router_id": "4a0fc918-f612-420a-ae83-bfba7110222b", "fixed_ip_address": "10.100.0.3", "floating_ip_address": "172.24.4.4", "tenant_id": "5d6663b0a4b04bf58536982079503a8a", "status": "ACTIVE", "port_id": "5ac39a52-96e8-4d5f-ad9c-e31f7695b1dc", "id": "9812e2ef-1b86-493e-9e65-0444ecc7e8ad"}}
2015-12-05 11:46:59,292 20158 INFO     [tempest.scenario.manager] FloatingIP: &lt;"FloatingIP" addr="172.24.4.4" id="9812e2ef-1b86-493e-9e65-0444ecc7e8ad"&gt; is at status: ACTIVE
2015-12-05 11:46:59,293 20158 DEBUG    [tempest.scenario.manager] checking network connections to IP 172.24.4.4 with user: cirros
2015-12-05 11:46:59,293 20158 DEBUG    [tempest.scenario.manager] TestNetworkBasicOps:test_connectivity_between_vms_on_different_networks begins to ping 172.24.4.4 in 120 sec and the expected result is reachable
2015-12-05 11:48:59,623 20158 DEBUG    [tempest.scenario.manager] TestNetworkBasicOps:test_connectivity_between_vms_on_different_networks finishes ping 172.24.4.4 in 120 sec and the ping result is unexpected
2015-12-05 11:48:59,625 20158 ERROR    [tempest.scenario.manager] Public network connectivity check failed
2015-12-05 11:48:59.625 20158 ERROR tempest.scenario.manager Traceback (most recent call last):
2015-12-05 11:48:59.625 20158 ERROR tempest.scenario.manager   File "tempest/scenario/manager.py", line 606, in check_public_network_connectivity
2015-12-05 11:48:59.625 20158 ERROR tempest.scenario.manager     should_connect=should_connect)
2015-12-05 11:48:59.625 20158 ERROR tempest.scenario.manager   File "tempest/scenario/manager.py", line 590, in check_vm_connectivity
2015-12-05 11:48:59.625 20158 ERROR tempest.scenario.manager     msg=msg)
2015-12-05 11:48:59.625 20158 ERROR tempest.scenario.manager   File "/usr/local/lib/python2.7/dist-packages/unittest2/case.py", line 702, in assertTrue
2015-12-05 11:48:59.625 20158 ERROR tempest.scenario.manager     raise self.failureException(msg)
2015-12-05 11:48:59.625 20158 ERROR tempest.scenario.manager AssertionError: False is not true : Timed out waiting for 172.24.4.4 to become reachable
2015-12-05 11:48:59.625 20158 ERROR tempest.scenario.manager 
2015-12-05 11:48:59,843 20158 INFO     [tempest_lib.common.rest_client] Request (TestNetworkBasicOps:test_connectivity_between_vms_on_different_networks): 200 POST http://10.0.2.15:8774/v2.1/5d6663b0a4b04bf58536982079503a8a/servers/67a87122-9a74-4b3d-984f-41066dec1eb8/action 0.213s
2015-12-05 11:48:59,844 20158 DEBUG    [tempest_lib.common.rest_client] Request - Headers: {'Content-Type': 'application/json', 'Accept': 'application/json', 'X-Auth-Token': '&lt;omitted&gt;'}
        Body: {"os-getConsoleOutput": {}}
    Response - Headers: {'status': '200', 'content-length': '17429', 'x-compute-request-id': 'req-85ce60c4-6d83-48d1-8da0-2e81fe66ac81', 'vary': 'X-OpenStack-Nova-API-Version', 'connection': 'close', 'x-openstack-nova-api-version': '2.1', 'date': 'Sat, 05 Dec 2015 11:48:59 GMT', 'content-type': 'application/json'}
        Body: {"output": "[    0.000000] Initializing cgroup subsys cpuset\n[    0.000000] Initializing cgroup subsys cpu\n[    0.000000] Linux version 3.2.0-80-virtual (buildd@batsu) (gcc version 4.6.3 (Ubuntu/Linaro 4.6.3-1ubuntu5) ) #116-Ubuntu SMP Mon Mar 23 17:28:52 UTC 2015 (Ubuntu 3.2.0-80.116-virtual 3.2.68)\n[    0.000000] Command line: root=/dev/vda console=tty0 console=ttyS0 no_timer_check\n[    0.000000] KERNEL supported cpus:\n[    0.000000]   Intel GenuineIntel\n[    0.000000]   AMD AuthenticAMD\n[    0.000000]   Centaur CentaurHauls\n[    0.000000] BIOS-provided physical RAM map:\n[    0.000000]  BIOS-e820: 0000000000000000 - 000000000009fc00 (usable)\n[    0.000000]  BIOS-e820: 000000000009fc00 - 00000000000a0000 (reserved)\n[    0.000000]  BIOS-e820: 00000000000f0000 - 0000000000100000 (reserved)\n[    0.000000]  BIOS-e820: 0000000000100000 - 0000000003ffe000 (usable)\n[    0.000000]  BIOS-e820: 0000000003ffe000 - 0000000004000000 (reserved)\n[    0.000000]  BIOS-e820: 00000000fffc0000 - 0000000100000000 (reserved)\n[    0.000000] NX (Execute Disable) protection: active\n[    0.000000] SMBIOS 2.4 present.\n[    0.000000] No AGP bridge found\n[    0.000000] last_pfn = 0x3ffe max_arch_pfn = 0x400000000\n[    0.000000] x86 PAT enabled: cpu 0, old 0x7040600070406, new 0x7010600070106\n[    0.000000] found SMP MP-table at [ffff8800000f0b00] f0b00\n[    0.000000] init_memory_mapping: 0000000000000000-0000000003ffe000\n[    0.000000] RAMDISK: 03c5e000 - 03ff0000\n[    0.000000] ACPI: RSDP 00000000000f0950 00014 (v00 BOCHS )\n[    0.000000] ACPI: RSDT 0000000003fffbc1 00034 (v01 BOCHS  BXPCRSDT 00000001 BXPC 00000001)\n[    0.000000] ACPI: FACP 0000000003fff1c0 00074 (v01 BOCHS  BXPCFACP 00000001 BXPC 00000001)\n[    0.000000] ACPI: DSDT 0000000003ffe040 01180 (v01 BOCHS  BXPCDSDT 00000001 BXPC 00000001)\n[    0.000000] ACPI: FACS 0000000003ffe000 00040\n[    0.000000] ACPI: SSDT 0000000003fff234 008DD (v01 BOCHS  BXPCSSDT 00000001 BXPC 00000001)\n[    0.000000] ACPI: APIC 0000000003fffb11 00078 (v01 BOCHS  BXPCAPIC 00000001 BXPC 00000001)\n[    0.000000] ACPI: HPET 0000000003fffb89 00038 (v01 BOCHS  BXPCHPET 00000001 BXPC 00000001)\n[    0.000000] No NUMA configuration found\n[    0.000000] Faking a node at 0000000000000000-0000000003ffe000\n[    0.000000] Initmem setup node 0 0000000000000000-0000000003ffe000\n[    0.000000]   NODE_DATA [0000000003ff6000 - 0000000003ffafff]\n[    0.000000] Zone PFN ranges:\n[    0.000000]   DMA      0x00000010 -&gt; 0x00001000\n[    0.000000]   DMA32    0x00001000 -&gt; 0x00100000\n[    0.000000]   Normal   empty\n[    0.000000] Movable zone start PFN for each node\n[    0.000000] early_node_map[2] active PFN ranges\n[    0.000000]     0: 0x00000010 -&gt; 0x0000009f\n[    0.000000]     0: 0x00000100 -&gt; 0x00003ffe\n[    0.000000] ACPI: PM-Timer IO Port: 0xb008\n[    0.000000] ACPI: LAPIC (acpi_id[0x00] lapic_id[0x00] enabled)\n[    0.000000] ACPI: LAPIC_NMI (acpi_id[0xff] dfl dfl lint[0x1])\n[    0.000000] ACPI: IOAPIC (id[0x00] address[0xfec00000] gsi_base[0])\n[    0.000000] IOAPIC[0]: apic_id 0, version 17, address 0xfec00000, GSI 0-23\n[    0.000000] ACPI: INT_SRC_OVR (bus 0 bus_irq 0 global_irq 2 dfl dfl)\n[    0.000000] ACPI: INT_SRC_OVR (bus 0 bus_irq 5 global_irq 5 high level)\n[    0.000000] ACPI: INT_SRC_OVR (bus 0 bus_irq 9 global_irq 9 high level)\n[    0.000000] ACPI: INT_SRC_OVR (bus 0 bus_irq 10 global_irq 10 high level)\n[    0.000000] ACPI: INT_SRC_OVR (bus 0 bus_irq 11 global_irq 11 high level)\n[    0.000000] Using ACPI (MADT) for SMP configuration information\n[    0.000000] ACPI: HPET id: 0x8086a201 base: 0xfed00000\n[    0.000000] SMP: Allowing 1 CPUs, 0 hotplug CPUs\n[    0.000000] PM: Registered nosave memory: 000000000009f000 - 00000000000a0000\n[    0.000000] PM: Registered nosave memory: 00000000000a0000 - 00000000000f0000\n[    0.000000] PM: Registered nosave memory: 00000000000f0000 - 0000000000100000\n[    0.000000] Allocating PCI resources starting at 4000000 (gap: 4000000:fbfc0000)\n[    0.000000] Booting paravirtualized kernel on bare hardware\n[    0.000000] setup_pe
2015-12-05 11:48:59,847 20158 DEBUG    [tempest.scenario.manager] Console output for 67a87122-9a74-4b3d-984f-41066dec1eb8
body=
[    0.000000] Initializing cgroup subsys cpuset
[    0.000000] Initializing cgroup subsys cpu
[    0.000000] Linux version 3.2.0-80-virtual (buildd@batsu) (gcc version 4.6.3 (Ubuntu/Linaro 4.6.3-1ubuntu5) ) #116-Ubuntu SMP Mon Mar 23 17:28:52 UTC 2015 (Ubuntu 3.2.0-80.116-virtual 3.2.68)
[    0.000000] Command line: root=/dev/vda console=tty0 console=ttyS0 no_timer_check
[    0.000000] KERNEL supported cpus:
[    0.000000]   Intel GenuineIntel
[    0.000000]   AMD AuthenticAMD
[    0.000000]   Centaur CentaurHauls
[    0.000000] BIOS-provided physical RAM map:
[    0.000000]  BIOS-e820: 0000000000000000 - 000000000009fc00 (usable)
[    0.000000]  BIOS-e820: 000000000009fc00 - 00000000000a0000 (reserved)
[    0.000000]  BIOS-e820: 00000000000f0000 - 0000000000100000 (reserved)
[    0.000000]  BIOS-e820: 0000000000100000 - 0000000003ffe000 (usable)
[    0.000000]  BIOS-e820: 0000000003ffe000 - 0000000004000000 (reserved)
[    0.000000]  BIOS-e820: 00000000fffc0000 - 0000000100000000 (reserved)
[    0.000000] NX (Execute Disable) protection: active
[    0.000000] SMBIOS 2.4 present.
[    0.000000] No AGP bridge found
[    0.000000] last_pfn = 0x3ffe max_arch_pfn = 0x400000000
[    0.000000] x86 PAT enabled: cpu 0, old 0x7040600070406, new 0x7010600070106
[    0.000000] found SMP MP-table at [ffff8800000f0b00] f0b00
[    0.000000] init_memory_mapping: 0000000000000000-0000000003ffe000
[    0.000000] RAMDISK: 03c5e000 - 03ff0000
[    0.000000] ACPI: RSDP 00000000000f0950 00014 (v00 BOCHS )
[    0.000000] ACPI: RSDT 0000000003fffbc1 00034 (v01 BOCHS  BXPCRSDT 00000001 BXPC 00000001)
[    0.000000] ACPI: FACP 0000000003fff1c0 00074 (v01 BOCHS  BXPCFACP 00000001 BXPC 00000001)
[    0.000000] ACPI: DSDT 0000000003ffe040 01180 (v01 BOCHS  BXPCDSDT 00000001 BXPC 00000001)
[    0.000000] ACPI: FACS 0000000003ffe000 00040
[    0.000000] ACPI: SSDT 0000000003fff234 008DD (v01 BOCHS  BXPCSSDT 00000001 BXPC 00000001)
[    0.000000] ACPI: APIC 0000000003fffb11 00078 (v01 BOCHS  BXPCAPIC 00000001 BXPC 00000001)
[    0.000000] ACPI: HPET 0000000003fffb89 00038 (v01 BOCHS  BXPCHPET 00000001 BXPC 00000001)
[    0.000000] No NUMA configuration found
[    0.000000] Faking a node at 0000000000000000-0000000003ffe000
[    0.000000] Initmem setup node 0 0000000000000000-0000000003ffe000
[    0.000000]   NODE_DATA [0000000003ff6000 - 0000000003ffafff]
[    0.000000] Zone PFN ranges:
[    0.000000]   DMA      0x00000010 -&gt; 0x00001000
[    0.000000]   DMA32    0x00001000 -&gt; 0x00100000
[    0.000000]   Normal   empty
[    0.000000] Movable zone start PFN for each node
[    0.000000] early_node_map[2] active PFN ranges
[    0.000000]     0: 0x00000010 -&gt; 0x0000009f
[    0.000000]     0: 0x00000100 -&gt; 0x00003ffe
[    0.000000] ACPI: PM-Timer IO Port: 0xb008
[    0.000000] ACPI: LAPIC (acpi_id[0x00] lapic_id[0x00] enabled)
[    0.000000] ACPI: LAPIC_NMI (acpi_id[0xff] dfl dfl lint[0x1])
[    0.000000] ACPI: IOAPIC (id[0x00] address[0xfec00000] gsi_base[0])
[    0.000000] IOAPIC[0]: apic_id 0, version 17, address 0xfec00000, GSI 0-23
[    0.000000] ACPI: INT_SRC_OVR (bus 0 bus_irq 0 global_irq 2 dfl dfl)
[    0.000000] ACPI: INT_SRC_OVR (bus 0 bus_irq 5 global_irq 5 high level)
[    0.000000] ACPI: INT_SRC_OVR (bus 0 bus_irq 9 global_irq 9 high level)
[    0.000000] ACPI: INT_SRC_OVR (bus 0 bus_irq 10 global_irq 10 high level)
[    0.000000] ACPI: INT_SRC_OVR (bus 0 bus_irq 11 global_irq 11 high level)
[    0.000000] Using ACPI (MADT) for SMP configuration information
[    0.000000] ACPI: HPET id: 0x8086a201 base: 0xfed00000
[    0.000000] SMP: Allowing 1 CPUs, 0 hotplug CPUs
[    0.000000] PM: Registered nosave memory: 000000000009f000 - 00000000000a0000
[    0.000000] PM: Registered nosave memory: 00000000000a0000 - 00000000000f0000
[    0.000000] PM: Registered nosave memory: 00000000000f0000 - 0000000000100000
[    0.000000] Allocating PCI resources starting at 4000000 (gap: 4000000:fbfc0000)
[    0.000000] Booting paravirtualized kernel on bare hardware
[    0.000000] setup_percpu: NR_CPUS:64 nr_cpumask_bits:64 nr_cpu_ids:1 nr_node_ids:1
[    0.000000] PERCPU: Embedded 27 pages/cpu @ffff880003a00000 s78848 r8192 d23552 u2097152
[    0.000000] Built 1 zonelists in Node order, mobility grouping on.  Total pages: 16008
[    0.000000] Policy zone: DMA32
[    0.000000] Kernel command line: root=/dev/vda console=tty0 console=ttyS0 no_timer_check
[    0.000000] PID hash table entries: 256 (order: -1, 2048 bytes)
[    0.000000] Checking aperture...
[    0.000000] No AGP bridge found
[    0.000000] Memory: 43492k/65528k available (6576k kernel code, 452k absent, 21584k reserved, 6620k data, 928k init)
[    0.000000] SLUB: Genslabs=15, HWalign=64, Order=0-3, MinObjects=0, CPUs=1, Nodes=1
[    0.000000] Hierarchical RCU implementation.
[    0.000000] 	RCU dyntick-idle grace-period acceleration is enabled.
[    0.000000] NR_IRQS:4352 nr_irqs:256 16
[    0.000000] Console: colour VGA+ 80x25
[    0.000000] console [tty0] enabled
[    0.000000] console [ttyS0] enabled
[    0.000000] allocated 1048576 bytes of page_cgroup
[    0.000000] please try 'cgroup_disable=memory' option if you don't want memory cgroups
[    0.000000] Fast TSC calibration failed
[    0.000000] TSC: Unable to calibrate against PIT
[    0.000000] TSC: using HPET reference calibration
[    0.000000] Detected 2293.005 MHz processor.
[    0.037448] Calibrating delay loop (skipped), value calculated using timer frequency.. 4586.01 BogoMIPS (lpj=9172020)
[    0.041106] pid_max: default: 32768 minimum: 301
[    0.051165] Security Framework initialized
[    0.057137] AppArmor: AppArmor initialized
[    0.058039] Yama: becoming mindful.
[    0.066032] Dentry cache hash table entries: 8192 (order: 4, 65536 bytes)
[    0.068280] Inode-cache hash table entries: 4096 (order: 3, 32768 bytes)
[    0.069809] Mount-cache hash table entries: 256
[    0.085810] Initializing cgroup subsys cpuacct
[    0.087650] Initializing cgroup subsys memory
[    0.089214] Initializing cgroup subsys devices
[    0.092076] Initializing cgroup subsys freezer
[    0.093249] Initializing cgroup subsys blkio
[    0.095494] Initializing cgroup subsys perf_event
[    0.101997] mce: CPU supports 10 MCE banks
[    0.105656] SMP alternatives: switching to UP code
[    0.492838] Freeing SMP alternatives: 24k freed
[    0.494253] ACPI: Core revision 20110623
[    0.540262] ftrace: allocating 26610 entries in 105 pages
[    0.567555] ..TIMER: vector=0x30 apic1=0 pin1=2 apic2=-1 pin2=-1
[    0.568132] CPU0: AMD QEMU Virtual CPU version 2.0.0 stepping 03
[    0.572035] Performance Events: Broken PMU hardware detected, using software events only.
[    0.580747] NMI watchdog disabled (cpu0): hardware events not enabled
[    0.582506] Brought up 1 CPUs
[    0.583001] Total of 1 processors activated (4586.01 BogoMIPS).
[    0.603348] devtmpfs: initialized
[    0.641112] EVM: security.selinux
[    0.641599] EVM: security.SMACK64
[    0.642039] EVM: security.capability
[    0.662279] print_constraints: dummy: 
[    0.664540] RTC time: 11:47:00, date: 12/05/15
[    0.667055] NET: Registered protocol family 16
[    0.675229] ACPI: bus type pci registered
[    0.678694] PCI: Using configuration type 1 for base access
[    0.716523] bio: create slab &lt;bio-0&gt; at 0
[    0.721550] ACPI: Added _OSI(Module Device)
[    0.722242] ACPI: Added _OSI(Processor Device)
[    0.724103] ACPI: Added _OSI(3.0 _SCP Extensions)
[    0.724910] ACPI: Added _OSI(Processor Aggregator Device)
[    0.807328] ACPI: Interpreter enabled
[    0.808175] ACPI: (supports S0 S3 S4 S5)
[    0.809947] ACPI: Using IOAPIC for interrupt routing
[    0.888193] ACPI: No dock devices found.
[    0.888796] HEST: Table not found.
[    0.889335] PCI: Using host bridge windows from ACPI; if necessary, use "pci=nocrs" and report a bug
[    0.895394] ACPI: PCI Root Bridge [PCI0] (domain 0000 [bus 00-ff])
[    0.901516] pci_root PNP0A03:00: host bridge window [io  0x0000-0x0cf7]
[    0.902357] pci_root PNP0A03:00: host bridge window [io  0x0d00-0xadff]
[    0.903472] pci_root PNP0A03:00: host bridge window [io  0xae0f-0xaeff]
[    0.904112] pci_root PNP0A03:00: host bridge window [io  0xaf20-0xafdf]
[    0.904986] pci_root PNP0A03:00: host bridge window [io  0xafe4-0xffff]
[    0.905894] pci_root PNP0A03:00: host bridge window [mem 0x000a0000-0x000bffff]
[    0.908108] pci_root PNP0A03:00: host bridge window [mem 0x04000000-0xfebfffff]
[    0.929697] pci 0000:00:01.3: quirk: [io  0xb000-0xb03f] claimed by PIIX4 ACPI
[    0.930703] pci 0000:00:01.3: quirk: [io  0xb100-0xb10f] claimed by PIIX4 SMB
[    0.998204]  pci0000:00: Unable to request _OSC control (_OSC support mask: 0x1e)
[    1.054723] ACPI: PCI Interrupt Link [LNKA] (IRQs 5 *10 11)
[    1.057736] ACPI: PCI Interrupt Link [LNKB] (IRQs 5 *10 11)
[    1.060407] ACPI: PCI Interrupt Link [LNKC] (IRQs 5 10 *11)
[    1.062419] ACPI: PCI Interrupt Link [LNKD] (IRQs 5 10 *11)
[    1.063411] ACPI: PCI Interrupt Link [LNKS] (IRQs *9)
[    1.071518] vgaarb: device added: PCI:0000:00:02.0,decodes=io+mem,owns=io+mem,locks=none
[    1.072192] vgaarb: loaded
[    1.072593] vgaarb: bridge control possible 0000:00:02.0
[    1.077152] i2c-core: driver [aat2870] using legacy suspend method
[    1.078089] i2c-core: driver [aat2870] using legacy resume method
[    1.080839] SCSI subsystem initialized
[    1.085034] usbcore: registered new interface driver usbfs
[    1.086333] usbcore: registered new interface driver hub
[    1.088226] usbcore: registered new device driver usb
[    1.092570] PCI: Using ACPI for IRQ routing
[    1.104173] NetLabel: Initializing
[    1.104641] NetLabel:  domain hash size = 128
[    1.105167] NetLabel:  protocols = UNLABELED CIPSOv4
[    1.107469] NetLabel:  unlabeled traffic allowed by default
[    1.109381] HPET: 3 timers in total, 0 timers will be used for per-cpu timer
[    1.110462] hpet0: at MMIO 0xfed00000, IRQs 2, 8, 0
[    1.112452] hpet0: 3 comparators, 64-bit 100.000000 MHz counter
[    1.126485] Switching to clocksource hpet
[    1.453988] AppArmor: AppArmor Filesystem Enabled
[    1.456089] pnp: PnP ACPI init
[    1.457277] ACPI: bus type pnp registered
[    1.476640] pnp: PnP ACPI: found 9 devices
[    1.477710] ACPI: ACPI bus type pnp unregistered
[    1.531793] NET: Registered protocol family 2
[    1.565498] IP route cache hash table entries: 512 (order: 0, 4096 bytes)
[    1.571722] TCP established hash table entries: 2048 (order: 3, 32768 bytes)
[    1.573691] TCP bind hash table entries: 2048 (order: 3, 32768 bytes)
[    1.574613] TCP: Hash tables configured (established 2048 bind 2048)
[    1.576135] TCP reno registered
[    1.577217] UDP hash table entries: 128 (order: 0, 4096 bytes)
[    1.578211] UDP-Lite hash table entries: 128 (order: 0, 4096 bytes)
[    1.581159] NET: Registered protocol family 1
[    1.581983] pci 0000:00:00.0: Limiting direct PCI/PCI transfers
[    1.582789] pci 0000:00:01.0: PIIX3: Enabling Passive Release
[    1.583697] pci 0000:00:01.0: Activating ISA DMA hang workarounds
[    1.588303] ACPI: PCI Interrupt Link [LNKD] enabled at IRQ 11
[    1.589748] pci 0000:00:01.2: PCI INT D -&gt; Link[LNKD] -&gt; GSI 11 (level, high) -&gt; IRQ 11
[    1.591595] pci 0000:00:01.2: PCI INT D disabled
[    1.609198] Trying to unpack rootfs image as initramfs...
[    1.625483] audit: initializing netlink socket (disabled)
[    1.626938] type=2000 audit(1449316020.624:1): initialized
[    1.890387] HugeTLB registered 2 MB page size, pre-allocated 0 pages
[    1.963562] VFS: Disk quotas dquot_6.5.2
[    1.965855] Dquot-cache hash table entries: 512 (order 0, 4096 bytes)
[    1.990571] fuse init (API version 7.17)
[    1.993712] msgmni has been set to 84
[    2.025904] Block layer SCSI generic (bsg) driver version 0.4 loaded (major 253)
[    2.033688] io scheduler noop registered
[    2.034340] io scheduler deadline registered (default)
[    2.035542] io scheduler cfq registered
[    2.039858] pci_hotplug: PCI Hot Plug PCI Core version: 0.5
[    2.043098] pciehp: PCI Express Hot Plug Controller Driver version: 0.4
[    2.049328] input: Power Button as /devices/LNXSYSTM:00/LNXPWRBN:00/input/input0
[    2.050867] ACPI: Power Button [PWRF]
[    2.114445] ERST: Table is not found!
[    2.114992] GHES: HEST is not enabled!
[    2.123514] ACPI: PCI Interrupt Link [LNKC] enabled at IRQ 10
[    2.125365] virtio-pci 0000:00:03.0: PCI INT A -&gt; Link[LNKC] -&gt; GSI 10 (level, high) -&gt; IRQ 10
[    2.129584] virtio-pci 0000:00:04.0: PCI INT A -&gt; Link[LNKD] -&gt; GSI 11 (level, high) -&gt; IRQ 11
[    2.157446] ACPI: PCI Interrupt Link [LNKA] enabled at IRQ 10
[    2.158233] virtio-pci 0000:00:05.0: PCI INT A -&gt; Link[LNKA] -&gt; GSI 10 (level, high) -&gt; IRQ 10
[    2.170100] Serial: 8250/16550 driver, 32 ports, IRQ sharing enabled
[    2.215919] serial8250: ttyS0 at I/O 0x3f8 (irq = 4) is a 16550A
[    2.311264] serial8250: ttyS1 at I/O 0x2f8 (irq = 3) is a 16550A
[    2.449103] 00:05: ttyS0 at I/O 0x3f8 (irq = 4) is a 16550A
[    2.519330] 00:06: ttyS1 at I/O 0x2f8 (irq = 3) is a 16550A
[    2.562344] Linux agpgart interface v0.103
[    2.597757] Refined TSC clocksource calibration: 2293.031 MHz.
[    2.598639] Switching to clocksource tsc
[    2.626959] brd: module loaded
[    2.662696] loop: module loaded
[    2.709350]  vda: unknown partition table
[    2.757843] scsi0 : ata_piix
[    2.764913] scsi1 : ata_piix
[    2.766426] ata1: PATA max MWDMA2 cmd 0x1f0 ctl 0x3f6 bmdma 0xc0a0 irq 14
[    2.767496] ata2: PATA max MWDMA2 cmd 0x170 ctl 0x376 bmdma 0xc0a8 irq 15
[    2.778987] Fixed MDIO Bus: probed
[    2.779882] tun: Universal TUN/TAP device driver, 1.6
[    2.781014] tun: (C) 1999-2004 Max Krasnyansky &lt;maxk@qualcomm.com&gt;
[    2.801976] PPP generic driver version 2.4.2
[    2.827043] ehci_hcd: USB 2.0 'Enhanced' Host Controller (EHCI) Driver
[    2.828073] ohci_hcd: USB 1.1 'Open' Host Controller (OHCI) Driver
[    2.829909] uhci_hcd: USB Universal Host Controller Interface driver
[    2.830974] uhci_hcd 0000:00:01.2: PCI INT D -&gt; Link[LNKD] -&gt; GSI 11 (level, high) -&gt; IRQ 11
[    2.834004] uhci_hcd 0000:00:01.2: UHCI Host Controller
[    2.841504] uhci_hcd 0000:00:01.2: new USB bus registered, assigned bus number 1
[    2.843330] uhci_hcd 0000:00:01.2: irq 11, io base 0x0000c040
[    2.873703] hub 1-0:1.0: USB hub found
[    2.875540] hub 1-0:1.0: 2 ports detected
[    2.884164] usbcore: registered new interface driver libusual
[    2.889482] i8042: PNP: PS/2 Controller [PNP0303:KBD,PNP0f13:MOU] at 0x60,0x64 irq 1,12
[    2.899688] serio: i8042 KBD port at 0x60,0x64 irq 1
[    2.901354] serio: i8042 AUX port at 0x60,0x64 irq 12
[    2.949330] mousedev: PS/2 mouse device common for all mice
[    2.984694] ata2.01: ATAPI: QEMU DVD-ROM, 2.0.0, max UDMA/100
[    2.996836] input: AT Translated Set 2 keyboard as /devices/platform/i8042/serio0/input/input1
[    3.003384] rtc_cmos 00:01: RTC can wake from S4
[    3.013078] rtc_cmos 00:01: rtc core: registered rtc_cmos as rtc0
[    3.020424] rtc0: alarms up to one day, 114 bytes nvram, hpet irqs
[    3.023628] device-mapper: uevent: version 1.0.3
[    3.031794] ata2.01: configured for MWDMA2
[    3.069133] scsi 1:0:1:0: CD-ROM            QEMU     QEMU DVD-ROM     2.0. PQ: 0 ANSI: 5
[    3.081811] device-mapper: ioctl: 4.22.0-ioctl (2011-10-19) initialised: dm-devel@redhat.com
[    3.084987] cpuidle: using governor ladder
[    3.086222] cpuidle: using governor menu
[    3.086748] EFI Variables Facility v0.08 2004-May-17
[    3.096612] TCP cubic registered
[    3.102595] NET: Registered protocol family 10
[    3.131586] NET: Registered protocol family 17
[    3.133276] Registering the dns_resolver key type
[    3.160620] sr0: scsi3-mmc drive: 4x/4x cd/rw xa/form2 tray
[    3.162623] cdrom: Uniform CD-ROM driver Revision: 3.20
[    3.187617] sr 1:0:1:0: Attached scsi generic sg0 type 5
[    3.235334] registered taskstats version 1
[    3.324416] Freeing initrd memory: 3656k freed
[    3.819890]   Magic number: 11:812:781
[    3.833635] rtc_cmos 00:01: setting system clock to 2015-12-05 11:47:03 UTC (1449316023)
[    3.835948] powernow-k8: Processor cpuid 663 not supported
[    3.844015] BIOS EDD facility v0.16 2004-Jun-25, 0 devices found
[    3.847507] EDD information not available.
[    3.909655] Freeing unused kernel memory: 928k freed
[    3.915680] Write protecting the kernel read-only data: 12288k
[    4.031337] Freeing unused kernel memory: 1596k freed
[    4.118696] Freeing unused kernel memory: 1184k freed

info: initramfs: up at 4.35
modprobe: module virtio_blk not found in modules.dep
modprobe: module virtio_net not found in modules.dep
info: copying initramfs to /dev/vda
info: initramfs loading root from /dev/vda
info: /etc/init.d/rc.sysinit: up at 8.94
info: container: none
Starting logging: OK
modprobe: module virtio_blk not found in modules.dep
modprobe: module virtio_net not found in modules.dep
WARN: /etc/rc3.d/S10-load-modules failed
Initializing random number generator... done.
Starting acpid: OK
cirros-ds 'local' up at 11.43
found datasource (configdrive, local)
Starting network...
udhcpc (v1.20.1) started
Sending discover...
Sending discover...

2015-12-05 11:49:00,135 20158 INFO     [tempest_lib.common.rest_client] Request (TestNetworkBasicOps:_run_cleanups): 204 DELETE http://10.0.2.15:9696/v2.0/floatingips/9812e2ef-1b86-493e-9e65-0444ecc7e8ad 0.281s
2015-12-05 11:49:00,136 20158 DEBUG    [tempest_lib.common.rest_client] Request - Headers: {'Content-Type': 'application/json', 'Accept': 'application/json', 'X-Auth-Token': '&lt;omitted&gt;'}
        Body: None
    Response - Headers: {'date': 'Sat, 05 Dec 2015 11:49:00 GMT', 'status': '204', 'connection': 'close', 'content-length': '0', 'x-openstack-request-id': 'req-48b835ef-d1ee-4d11-93f6-3f4c9cea6c4d'}
        Body: 
2015-12-05 11:49:00,357 20158 INFO     [tempest_lib.common.rest_client] Request (TestNetworkBasicOps:_run_cleanups): 204 DELETE http://10.0.2.15:8774/v2.1/5d6663b0a4b04bf58536982079503a8a/servers/67a87122-9a74-4b3d-984f-41066dec1eb8 0.220s
2015-12-05 11:49:00,357 20158 DEBUG    [tempest_lib.common.rest_client] Request - Headers: {'Content-Type': 'application/json', 'Accept': 'application/json', 'X-Auth-Token': '&lt;omitted&gt;'}
        Body: None
    Response - Headers: {'status': '204', 'content-length': '0', 'x-compute-request-id': 'req-4452119a-22a3-438d-b430-e14ad96bb249', 'vary': 'X-OpenStack-Nova-API-Version', 'connection': 'close', 'x-openstack-nova-api-version': '2.1', 'date': 'Sat, 05 Dec 2015 11:49:00 GMT', 'content-type': 'application/json'}
        Body: 
2015-12-05 11:49:00,573 20158 INFO     [tempest_lib.common.rest_client] Request (TestNetworkBasicOps:_run_cleanups): 200 GET http://10.0.2.15:8774/v2.1/5d6663b0a4b04bf58536982079503a8a/servers/67a87122-9a74-4b3d-984f-41066dec1eb8 0.215s
2015-12-05 11:49:00,574 20158 DEBUG    [tempest_lib.common.rest_client] Request - Headers: {'Content-Type': 'application/json', 'Accept': 'application/json', 'X-Auth-Token': '&lt;omitted&gt;'}
        Body: None
    Response - Headers: {'status': '200', 'content-length': '1776', 'content-location': 'http://10.0.2.15:8774/v2.1/5d6663b0a4b04bf58536982079503a8a/servers/67a87122-9a74-4b3d-984f-41066dec1eb8', 'x-compute-request-id': 'req-aafff31d-45dd-4c33-8d75-c0974eda5371', 'vary': 'X-OpenStack-Nova-API-Version', 'connection': 'close', 'x-openstack-nova-api-version': '2.1', 'date': 'Sat, 05 Dec 2015 11:49:00 GMT', 'content-type': 'application/json'}
        Body: {"server": {"status": "ACTIVE", "updated": "2015-12-05T11:49:00Z", "hostId": "0916674441868e5a93a3a7fe3a936a3108cb87e73c6999562adedfa6", "addresses": {"tempest-network-smoke--185696564": [{"OS-EXT-IPS-MAC:mac_addr": "fa:16:3e:1a:c2:c8", "version": 4, "addr": "10.100.0.3", "OS-EXT-IPS:type": "fixed"}, {"OS-EXT-IPS-MAC:mac_addr": "fa:16:3e:1a:c2:c8", "version": 4, "addr": "172.24.4.4", "OS-EXT-IPS:type": "floating"}]}, "links": [{"href": "http://10.0.2.15:8774/v2.1/5d6663b0a4b04bf58536982079503a8a/servers/67a87122-9a74-4b3d-984f-41066dec1eb8", "rel": "self"}, {"href": "http://10.0.2.15:8774/5d6663b0a4b04bf58536982079503a8a/servers/67a87122-9a74-4b3d-984f-41066dec1eb8", "rel": "bookmark"}], "key_name": "tempest-TestNetworkBasicOps-1709047065", "image": {"id": "001d6e66-07e9-4ad9-8c50-211df327b9d0", "links": [{"href": "http://10.0.2.15:8774/5d6663b0a4b04bf58536982079503a8a/images/001d6e66-07e9-4ad9-8c50-211df327b9d0", "rel": "bookmark"}]}, "OS-EXT-STS:task_state": "deleting", "OS-EXT-STS:vm_state": "active", "OS-SRV-USG:launched_at": "2015-12-05T11:46:56.000000", "flavor": {"id": "42", "links": [{"href": "http://10.0.2.15:8774/5d6663b0a4b04bf58536982079503a8a/flavors/42", "rel": "bookmark"}]}, "id": "67a87122-9a74-4b3d-984f-41066dec1eb8", "security_groups": [{"name": "tempest-secgroup-smoke-1737000284"}], "OS-SRV-USG:terminated_at": null, "OS-EXT-AZ:availability_zone": "nova", "user_id": "19a2cf417cc345fa84d4045e3012281b", "name": "tempest.common.compute-instance-1426701404", "created": "2015-12-05T11:46:53Z", "tenant_id": "5d6663b0a4b04bf58536982079503a8a", "OS-DCF:diskConfig": "MANUAL", "os-extended-volumes:volumes_attached": [], "accessIPv4": "", "accessIPv6": "", "progress": 0, "OS-EXT-STS:power_state": 1, "config_drive": "True", "metadata": {}}}
2015-12-05 11:49:01,775 20158 INFO     [tempest_lib.common.rest_client] Request (TestNetworkBasicOps:_run_cleanups): 200 GET http://10.0.2.15:8774/v2.1/5d6663b0a4b04bf58536982079503a8a/servers/67a87122-9a74-4b3d-984f-41066dec1eb8 0.185s
2015-12-05 11:49:01,776 20158 DEBUG    [tempest_lib.common.rest_client] Request - Headers: {'Content-Type': 'application/json', 'Accept': 'application/json', 'X-Auth-Token': '&lt;omitted&gt;'}
        Body: None
    Response - Headers: {'status': '200', 'content-length': '1441', 'content-location': 'http://10.0.2.15:8774/v2.1/5d6663b0a4b04bf58536982079503a8a/servers/67a87122-9a74-4b3d-984f-41066dec1eb8', 'x-compute-request-id': 'req-57c2f67f-842f-4e44-a452-9e2977036405', 'vary': 'X-OpenStack-Nova-API-Version', 'connection': 'close', 'x-openstack-nova-api-version': '2.1', 'date': 'Sat, 05 Dec 2015 11:49:01 GMT', 'content-type': 'application/json'}
        Body: {"server": {"status": "ACTIVE", "updated": "2015-12-05T11:49:01Z", "hostId": "0916674441868e5a93a3a7fe3a936a3108cb87e73c6999562adedfa6", "addresses": {}, "links": [{"href": "http://10.0.2.15:8774/v2.1/5d6663b0a4b04bf58536982079503a8a/servers/67a87122-9a74-4b3d-984f-41066dec1eb8", "rel": "self"}, {"href": "http://10.0.2.15:8774/5d6663b0a4b04bf58536982079503a8a/servers/67a87122-9a74-4b3d-984f-41066dec1eb8", "rel": "bookmark"}], "key_name": "tempest-TestNetworkBasicOps-1709047065", "image": {"id": "001d6e66-07e9-4ad9-8c50-211df327b9d0", "links": [{"href": "http://10.0.2.15:8774/5d6663b0a4b04bf58536982079503a8a/images/001d6e66-07e9-4ad9-8c50-211df327b9d0", "rel": "bookmark"}]}, "OS-EXT-STS:task_state": "deleting", "OS-EXT-STS:vm_state": "active", "OS-SRV-USG:launched_at": "2015-12-05T11:46:56.000000", "flavor": {"id": "42", "links": [{"href": "http://10.0.2.15:8774/5d6663b0a4b04bf58536982079503a8a/flavors/42", "rel": "bookmark"}]}, "id": "67a87122-9a74-4b3d-984f-41066dec1eb8", "OS-SRV-USG:terminated_at": null, "OS-EXT-AZ:availability_zone": "nova", "user_id": "19a2cf417cc345fa84d4045e3012281b", "name": "tempest.common.compute-instance-1426701404", "created": "2015-12-05T11:46:53Z", "tenant_id": "5d6663b0a4b04bf58536982079503a8a", "OS-DCF:diskConfig": "MANUAL", "os-extended-volumes:volumes_attached": [], "accessIPv4": "", "accessIPv6": "", "progress": 0, "OS-EXT-STS:power_state": 1, "config_drive": "True", "metadata": {}}}
2015-12-05 11:49:02,992 20158 INFO     [tempest_lib.common.rest_client] Request (TestNetworkBasicOps:_run_cleanups): 404 GET http://10.0.2.15:8774/v2.1/5d6663b0a4b04bf58536982079503a8a/servers/67a87122-9a74-4b3d-984f-41066dec1eb8 0.205s
2015-12-05 11:49:02,993 20158 DEBUG    [tempest_lib.common.rest_client] Request - Headers: {'Content-Type': 'application/json', 'Accept': 'application/json', 'X-Auth-Token': '&lt;omitted&gt;'}
        Body: None
    Response - Headers: {'status': '404', 'content-length': '111', 'x-compute-request-id': 'req-c4c4d75d-34fd-4673-bbc9-8e7e6329b69e', 'vary': 'X-OpenStack-Nova-API-Version', 'connection': 'close', 'x-openstack-nova-api-version': '2.1', 'date': 'Sat, 05 Dec 2015 11:49:02 GMT', 'content-type': 'application/json; charset=UTF-8'}
        Body: {"itemNotFound": {"message": "Instance 67a87122-9a74-4b3d-984f-41066dec1eb8 could not be found.", "code": 404}}
2015-12-05 11:49:03,016 20158 INFO     [tempest_lib.common.rest_client] Request (TestNetworkBasicOps:_run_cleanups): 202 DELETE http://10.0.2.15:8774/v2.1/5d6663b0a4b04bf58536982079503a8a/os-keypairs/tempest-TestNetworkBasicOps-1709047065 0.021s
2015-12-05 11:49:03,017 20158 DEBUG    [tempest_lib.common.rest_client] Request - Headers: {'Content-Type': 'application/json', 'Accept': 'application/json', 'X-Auth-Token': '&lt;omitted&gt;'}
        Body: None
    Response - Headers: {'status': '202', 'content-length': '0', 'x-compute-request-id': 'req-b0ca1158-840e-49f2-930f-3a7980fed1fd', 'vary': 'X-OpenStack-Nova-API-Version', 'connection': 'close', 'x-openstack-nova-api-version': '2.1', 'date': 'Sat, 05 Dec 2015 11:49:03 GMT', 'content-type': 'application/json'}
        Body: 
2015-12-05 11:49:03,575 20158 INFO     [tempest_lib.common.rest_client] Request (TestNetworkBasicOps:_run_cleanups): 200 PUT http://10.0.2.15:9696/v2.0/routers/4a0fc918-f612-420a-ae83-bfba7110222b/remove_router_interface 0.558s
2015-12-05 11:49:03,576 20158 DEBUG    [tempest_lib.common.rest_client] Request - Headers: {'Content-Type': 'application/json', 'Accept': 'application/json', 'X-Auth-Token': '&lt;omitted&gt;'}
        Body: {"subnet_id": "a235fd90-ddfc-459c-8a42-01854c56af38"}
    Response - Headers: {'status': '200', 'content-length': '255', 'connection': 'close', 'date': 'Sat, 05 Dec 2015 11:49:03 GMT', 'content-type': 'application/json; charset=UTF-8', 'x-openstack-request-id': 'req-db87a72d-0c2a-4c7f-ab53-58c980fc4061'}
        Body: {"subnet_id": "a235fd90-ddfc-459c-8a42-01854c56af38", "tenant_id": "5d6663b0a4b04bf58536982079503a8a", "subnet_ids": ["a235fd90-ddfc-459c-8a42-01854c56af38"], "port_id": "e7c6838a-d173-46fe-b20c-26c6ee047b03", "id": "4a0fc918-f612-420a-ae83-bfba7110222b"}
2015-12-05 11:49:04,076 20158 INFO     [tempest_lib.common.rest_client] Request (TestNetworkBasicOps:_run_cleanups): 204 DELETE http://10.0.2.15:9696/v2.0/subnets/a235fd90-ddfc-459c-8a42-01854c56af38 0.499s
2015-12-05 11:49:04,077 20158 DEBUG    [tempest_lib.common.rest_client] Request - Headers: {'Content-Type': 'application/json', 'Accept': 'application/json', 'X-Auth-Token': '&lt;omitted&gt;'}
        Body: None
    Response - Headers: {'date': 'Sat, 05 Dec 2015 11:49:04 GMT', 'status': '204', 'connection': 'close', 'content-length': '0', 'x-openstack-request-id': 'req-45c04865-feb1-47ec-8efb-7fadfcebae8f'}
        Body: 
2015-12-05 11:49:04,163 20158 INFO     [tempest_lib.common.rest_client] Request (TestNetworkBasicOps:_run_cleanups): 200 GET http://10.0.2.15:9696/v2.0/routers/4a0fc918-f612-420a-ae83-bfba7110222b 0.085s
2015-12-05 11:49:04,164 20158 DEBUG    [tempest_lib.common.rest_client] Request - Headers: {'Content-Type': 'application/json', 'Accept': 'application/json', 'X-Auth-Token': '&lt;omitted&gt;'}
        Body: None
    Response - Headers: {'status': '200', 'content-length': '564', 'content-location': 'http://10.0.2.15:9696/v2.0/routers/4a0fc918-f612-420a-ae83-bfba7110222b', 'connection': 'close', 'date': 'Sat, 05 Dec 2015 11:49:04 GMT', 'content-type': 'application/json; charset=UTF-8', 'x-openstack-request-id': 'req-68978a20-726e-44c3-aae8-47c436b9b5a4'}
        Body: {"router": {"status": "ACTIVE", "external_gateway_info": {"network_id": "26d64bed-6134-4e93-83bc-e83abe7389ba", "enable_snat": true, "external_fixed_ips": [{"subnet_id": "9d57ea70-a0a4-473d-bf3c-70b001151f90", "ip_address": "172.24.4.3"}, {"subnet_id": "76c4e987-94d0-4387-845b-83b58d3dd26c", "ip_address": "2001:db8::4"}]}, "availability_zone_hints": [], "availability_zones": ["nova"], "name": "tempest-router-smoke-1661994160", "admin_state_up": true, "tenant_id": "5d6663b0a4b04bf58536982079503a8a", "routes": [], "id": "4a0fc918-f612-420a-ae83-bfba7110222b"}}
2015-12-05 11:49:04,698 20158 INFO     [tempest_lib.common.rest_client] Request (TestNetworkBasicOps:_run_cleanups): 200 PUT http://10.0.2.15:9696/v2.0/routers/4a0fc918-f612-420a-ae83-bfba7110222b 0.533s
2015-12-05 11:49:04,698 20158 DEBUG    [tempest_lib.common.rest_client] Request - Headers: {'Content-Type': 'application/json', 'Accept': 'application/json', 'X-Auth-Token': '&lt;omitted&gt;'}
        Body: {"router": {"external_gateway_info": {}, "name": "tempest-router-smoke-1661994160", "admin_state_up": true}}
    Response - Headers: {'status': '200', 'content-length': '302', 'connection': 'close', 'date': 'Sat, 05 Dec 2015 11:49:04 GMT', 'content-type': 'application/json; charset=UTF-8', 'x-openstack-request-id': 'req-f3a997c3-d079-4fbb-81f3-794e6a4b7008'}
        Body: {"router": {"status": "ACTIVE", "external_gateway_info": null, "availability_zone_hints": [], "availability_zones": ["nova"], "name": "tempest-router-smoke-1661994160", "admin_state_up": true, "tenant_id": "5d6663b0a4b04bf58536982079503a8a", "routes": [], "id": "4a0fc918-f612-420a-ae83-bfba7110222b"}}
2015-12-05 11:49:04,972 20158 INFO     [tempest_lib.common.rest_client] Request (TestNetworkBasicOps:_run_cleanups): 204 DELETE http://10.0.2.15:9696/v2.0/routers/4a0fc918-f612-420a-ae83-bfba7110222b 0.273s
2015-12-05 11:49:04,973 20158 DEBUG    [tempest_lib.common.rest_client] Request - Headers: {'Content-Type': 'application/json', 'Accept': 'application/json', 'X-Auth-Token': '&lt;omitted&gt;'}
        Body: None
    Response - Headers: {'date': 'Sat, 05 Dec 2015 11:49:04 GMT', 'status': '204', 'connection': 'close', 'content-length': '0', 'x-openstack-request-id': 'req-b791ba40-030f-4706-9eda-9189549f0dfd'}
        Body: 
2015-12-05 11:49:05,190 20158 INFO     [tempest_lib.common.rest_client] Request (TestNetworkBasicOps:_run_cleanups): 204 DELETE http://10.0.2.15:9696/v2.0/networks/4a6b8eda-bd71-4827-a085-897737d712d1 0.215s
2015-12-05 11:49:05,191 20158 DEBUG    [tempest_lib.common.rest_client] Request - Headers: {'Content-Type': 'application/json', 'Accept': 'application/json', 'X-Auth-Token': '&lt;omitted&gt;'}
        Body: None
    Response - Headers: {'date': 'Sat, 05 Dec 2015 11:49:05 GMT', 'status': '204', 'connection': 'close', 'content-length': '0', 'x-openstack-request-id': 'req-3e79c765-2a33-4a19-ab0b-4b542f06077e'}
        Body: 
2015-12-05 11:49:05,249 20158 INFO     [tempest_lib.common.rest_client] Request (TestNetworkBasicOps:_run_cleanups): 204 DELETE http://10.0.2.15:9696/v2.0/security-group-rules/f657caee-9bde-4552-a435-c0af64c70869 0.057s
2015-12-05 11:49:05,249 20158 DEBUG    [tempest_lib.common.rest_client] Request - Headers: {'Content-Type': 'application/json', 'Accept': 'application/json', 'X-Auth-Token': '&lt;omitted&gt;'}
        Body: None
    Response - Headers: {'date': 'Sat, 05 Dec 2015 11:49:05 GMT', 'status': '204', 'connection': 'close', 'content-length': '0', 'x-openstack-request-id': 'req-7b380185-4a86-47c0-9969-10f483b52353'}
        Body: 
2015-12-05 11:49:05,308 20158 INFO     [tempest_lib.common.rest_client] Request (TestNetworkBasicOps:_run_cleanups): 204 DELETE http://10.0.2.15:9696/v2.0/security-group-rules/9996fd04-4991-4dda-9bb4-55fc72ed3046 0.058s
2015-12-05 11:49:05,308 20158 DEBUG    [tempest_lib.common.rest_client] Request - Headers: {'Content-Type': 'application/json', 'Accept': 'application/json', 'X-Auth-Token': '&lt;omitted&gt;'}
        Body: None
    Response - Headers: {'date': 'Sat, 05 Dec 2015 11:49:05 GMT', 'status': '204', 'connection': 'close', 'content-length': '0', 'x-openstack-request-id': 'req-435a11f3-84ff-4e25-8e44-b2b14a9e63e8'}
        Body: 
2015-12-05 11:49:05,373 20158 INFO     [tempest_lib.common.rest_client] Request (TestNetworkBasicOps:_run_cleanups): 204 DELETE http://10.0.2.15:9696/v2.0/security-group-rules/5979c07e-cec5-412f-9551-7887b27cfeaa 0.064s
2015-12-05 11:49:05,374 20158 DEBUG    [tempest_lib.common.rest_client] Request - Headers: {'Content-Type': 'application/json', 'Accept': 'application/json', 'X-Auth-Token': '&lt;omitted&gt;'}
        Body: None
    Response - Headers: {'date': 'Sat, 05 Dec 2015 11:49:05 GMT', 'status': '204', 'connection': 'close', 'content-length': '0', 'x-openstack-request-id': 'req-0b473357-97d1-4f3e-a5c4-382682225380'}
        Body: 
2015-12-05 11:49:05,434 20158 INFO     [tempest_lib.common.rest_client] Request (TestNetworkBasicOps:_run_cleanups): 204 DELETE http://10.0.2.15:9696/v2.0/security-group-rules/6834e9d7-cf9a-4f07-8fa8-e99b1a8e26d2 0.059s
2015-12-05 11:49:05,435 20158 DEBUG    [tempest_lib.common.rest_client] Request - Headers: {'Content-Type': 'application/json', 'Accept': 'application/json', 'X-Auth-Token': '&lt;omitted&gt;'}
        Body: None
    Response - Headers: {'date': 'Sat, 05 Dec 2015 11:49:05 GMT', 'status': '204', 'connection': 'close', 'content-length': '0', 'x-openstack-request-id': 'req-03f50354-1727-4f33-9174-044abf086116'}
        Body: 
2015-12-05 11:49:05,492 20158 INFO     [tempest_lib.common.rest_client] Request (TestNetworkBasicOps:_run_cleanups): 204 DELETE http://10.0.2.15:9696/v2.0/security-group-rules/0165e498-e342-432f-8ab4-831ced867114 0.057s
2015-12-05 11:49:05,493 20158 DEBUG    [tempest_lib.common.rest_client] Request - Headers: {'Content-Type': 'application/json', 'Accept': 'application/json', 'X-Auth-Token': '&lt;omitted&gt;'}
        Body: None
