<?xml version="1.0" encoding="UTF-8"?>
<!DOCTYPE html PUBLIC "-//W3C//DTD XHTML 1.0 Strict//EN"
     "http://www.w3.org/TR/xhtml1/DTD/xhtml1-strict.dtd">
<html xmlns="http://www.w3.org/1999/xhtml">
<head>
    <title>Unit Test Report</title>
    <meta name="generator" content="subunit2html 0.1"/>
    <meta http-equiv="Content-Type" content="text/html; charset=UTF-8"/>
    
<style type="text/css" media="screen">
body        { font-family: verdana, arial, helvetica, sans-serif;
    font-size: 80%; }
table       { font-size: 100%; width: 100%;}
pre         { font-size: 80%; }

/* -- heading -------------------------------------------------------------- */
h1 {
        font-size: 16pt;
        color: gray;
}
.heading {
    margin-top: 0ex;
    margin-bottom: 1ex;
}

.heading .attribute {
    margin-top: 1ex;
    margin-bottom: 0;
}

.heading .description {
    margin-top: 4ex;
    margin-bottom: 6ex;
}

/* -- css div popup -------------------------------------------------------- */
a.popup_link {
}

a.popup_link:hover {
    color: red;
}

.popup_window {
    display: none;
    overflow-x: scroll;
    /*border: solid #627173 1px; */
    padding: 10px;
    background-color: #E6E6D6;
    font-family: "Ubuntu Mono", "Lucida Console", "Courier New", monospace;
    text-align: left;
    font-size: 8pt;
}

}
/* -- report --------------------------------------------------------------- */
#show_detail_line {
    margin-top: 3ex;
    margin-bottom: 1ex;
}
#result_table {
    width: 100%;
    border-collapse: collapse;
    border: 1px solid #777;
}
#header_row {
    font-weight: bold;
    color: white;
    background-color: #777;
}
#result_table td {
    border: 1px solid #777;
    padding: 2px;
}
#total_row  { font-weight: bold; }
.passClass  { background-color: #6c6; }
.failClass  { background-color: #c60; }
.errorClass { background-color: #c00; }
.passCase   { color: #6c6; }
.failCase   { color: #c60; font-weight: bold; }
.errorCase  { color: #c00; font-weight: bold; }
.hiddenRow  { display: none; }
.testcase   { margin-left: 2em; }
td.testname {width: 40%}
td.small {width: 40px}

/* -- ending --------------------------------------------------------------- */
#ending {
}

</style>

</head>
<body>
<script language="javascript" type="text/javascript"><!--
output_list = Array();

/* level - 0:Summary; 1:Failed; 2:All */
function showCase(level) {
    trs = document.getElementsByTagName("tr");
    for (var i = 0; i < trs.length; i++) {
        tr = trs[i];
        id = tr.id;
        if (id.substr(0,2) == 'ft') {
            if (level < 1) {
                tr.className = 'hiddenRow';
            }
            else {
                tr.className = '';
            }
        }
        if (id.substr(0,2) == 'pt') {
            if (level > 1) {
                tr.className = '';
            }
            else {
                tr.className = 'hiddenRow';
            }
        }
    }
}


function showClassDetail(cid, count) {
    var id_list = Array(count);
    var toHide = 1;
    for (var i = 0; i < count; i++) {
        tid0 = 't' + cid.substr(1) + '.' + (i+1);
        tid = 'f' + tid0;
        tr = document.getElementById(tid);
        if (!tr) {
            tid = 'p' + tid0;
            tr = document.getElementById(tid);
        }
        id_list[i] = tid;
        if (tr.className) {
            toHide = 0;
        }
    }
    for (var i = 0; i < count; i++) {
        tid = id_list[i];
        if (toHide) {
            document.getElementById('div_'+tid).style.display = 'none'
            document.getElementById(tid).className = 'hiddenRow';
        }
        else {
            document.getElementById(tid).className = '';
        }
    }
}


function showTestDetail(div_id){
    var details_div = document.getElementById(div_id)
    var displayState = details_div.style.display
    // alert(displayState)
    if (displayState != 'block' ) {
        displayState = 'block'
        details_div.style.display = 'block'
    }
    else {
        details_div.style.display = 'none'
    }
}


function html_escape(s) {
    s = s.replace(/&/g,'&amp;');
    s = s.replace(/</g,'&lt;');
    s = s.replace(/>/g,'&gt;');
    return s;
}

/* obsoleted by detail in <div>
function showOutput(id, name) {
    var w = window.open("", //url
                    name,
                    "resizable,scrollbars,status,width=800,height=450");
    d = w.document;
    d.write("<pre>");
    d.write(html_escape(output_list[id]));
    d.write("\n");
    d.write("<a href='javascript:window.close()'>close</a>\n");
    d.write("</pre>\n");
    d.close();
}
*/
--></script>

<div class='heading'>
<h1>Unit Test Report</h1>

<p class='attribute'><strong>Status:</strong> Pass 1 Failure 7 Skip 1</p>

<p class='description'></p>
</div>



<p id='show_detail_line'>Show
<a href='javascript:showCase(0)'>Summary</a>
<a href='javascript:showCase(1)'>Failed</a>
<a href='javascript:showCase(2)'>All</a>
</p>
<table id='result_table'>
<colgroup>
<col align='left' />
<col align='right' />
<col align='right' />
<col align='right' />
<col align='right' />
<col align='right' />
<col align='right' />
<col align='right' />
</colgroup>
<tr id='header_row'>
    <td>Test Group/Test case</td>
    <td>Count</td>
    <td>Pass</td>
    <td>Fail</td>
    <td>Error</td>
    <td>Skip</td>
    <td>View</td>
    <td> </td>
</tr>

<tr class='failClass'>
    <td class="testname">tempest.scenario.test_network_basic_ops.TestNetworkBasicOps</td>
    <td class="small">9</td>
    <td class="small">1</td>
    <td class="small">7</td>
    <td class="small">0</td>
    <td class="small">1</td>
    <td class="small"><a href="javascript:showClassDetail('c1',9)"
>Detail</a></td>
    <td> </td>
</tr>

<tr id='ft1.1' class='none'>
    <td class='failCase'><div class='testcase'>test_connectivity_between_vms_on_different_networks[compute,id-1546850e-fbaa-42f5-8b5f-03d8a6a95f15,network]</div></td>
    <td colspan='7' align='left'>

    <!--css div popup start-->
    <a class="popup_link" onfocus='this.blur();'
    href="javascript:showTestDetail('div_ft1.1')" >
        fail</a>

    <div id='div_ft1.1' class="popup_window">
        <div style='text-align: right; color:red;cursor:pointer'>
        <a onfocus='this.blur();'
onclick="document.getElementById('div_ft1.1').style.display = 'none' " >
           [x]</a>
        </div>
        <pre>
        
ft1.1: tempest.scenario.test_network_basic_ops.TestNetworkBasicOps.test_connectivity_between_vms_on_different_networks[compute,id-1546850e-fbaa-42f5-8b5f-03d8a6a95f15,network]_StringException: Empty attachments:
  stderr
  stdout

pythonlogging:'': {{{
2015-12-24 13:05:49,054 21476 INFO     [tempest_lib.common.rest_client] Request (TestNetworkBasicOps:test_connectivity_between_vms_on_different_networks): 201 POST http://10.0.2.15:9696/v2.0/security-groups 0.367s
2015-12-24 13:05:49,055 21476 DEBUG    [tempest_lib.common.rest_client] Request - Headers: {'Content-Type': 'application/json', 'Accept': 'application/json', 'X-Auth-Token': '&lt;omitted&gt;'}
        Body: {"security_group": {"tenant_id": "73c6c03fb89e4ba998399274a03d6f28", "description": "tempest-secgroup-smoke-1073920522 description", "name": "tempest-secgroup-smoke-1073920522"}}
    Response - Headers: {'status': '201', 'content-length': '888', 'connection': 'close', 'date': 'Thu, 24 Dec 2015 13:05:49 GMT', 'content-type': 'application/json; charset=UTF-8', 'x-openstack-request-id': 'req-eed77ed0-8a6d-4680-9a9d-5b4311537a97'}
        Body: {"security_group": {"tenant_id": "73c6c03fb89e4ba998399274a03d6f28", "description": "tempest-secgroup-smoke-1073920522 description", "id": "e3a5de4a-810d-4ade-80b0-2fe300ea3103", "security_group_rules": [{"remote_group_id": null, "direction": "egress", "remote_ip_prefix": null, "protocol": null, "ethertype": "IPv4", "tenant_id": "73c6c03fb89e4ba998399274a03d6f28", "port_range_max": null, "port_range_min": null, "id": "baf0ef69-e1f8-46d1-8557-3035bc52ddf7", "security_group_id": "e3a5de4a-810d-4ade-80b0-2fe300ea3103"}, {"remote_group_id": null, "direction": "egress", "remote_ip_prefix": null, "protocol": null, "ethertype": "IPv6", "tenant_id": "73c6c03fb89e4ba998399274a03d6f28", "port_range_max": null, "port_range_min": null, "id": "f5018ed2-55f1-4b21-b388-bbabcfbdcba2", "security_group_id": "e3a5de4a-810d-4ade-80b0-2fe300ea3103"}], "name": "tempest-secgroup-smoke-1073920522"}}
2015-12-24 13:05:49,173 21476 INFO     [tempest_lib.common.rest_client] Request (TestNetworkBasicOps:test_connectivity_between_vms_on_different_networks): 201 POST http://10.0.2.15:9696/v2.0/security-group-rules 0.117s
2015-12-24 13:05:49,174 21476 DEBUG    [tempest_lib.common.rest_client] Request - Headers: {'Content-Type': 'application/json', 'Accept': 'application/json', 'X-Auth-Token': '&lt;omitted&gt;'}
        Body: {"security_group_rule": {"direction": "ingress", "protocol": "tcp", "tenant_id": "73c6c03fb89e4ba998399274a03d6f28", "port_range_max": 22, "security_group_id": "e3a5de4a-810d-4ade-80b0-2fe300ea3103", "port_range_min": 22}}
    Response - Headers: {'status': '201', 'content-length': '340', 'connection': 'close', 'date': 'Thu, 24 Dec 2015 13:05:49 GMT', 'content-type': 'application/json; charset=UTF-8', 'x-openstack-request-id': 'req-a6732f00-bd04-45b2-9942-43c5802806c4'}
        Body: {"security_group_rule": {"remote_group_id": null, "direction": "ingress", "remote_ip_prefix": null, "protocol": "tcp", "ethertype": "IPv4", "tenant_id": "73c6c03fb89e4ba998399274a03d6f28", "port_range_max": 22, "port_range_min": 22, "id": "e271ae3d-8e22-4735-bccb-37ad3d672009", "security_group_id": "e3a5de4a-810d-4ade-80b0-2fe300ea3103"}}
2015-12-24 13:05:49,304 21476 INFO     [tempest_lib.common.rest_client] Request (TestNetworkBasicOps:test_connectivity_between_vms_on_different_networks): 201 POST http://10.0.2.15:9696/v2.0/security-group-rules 0.129s
2015-12-24 13:05:49,305 21476 DEBUG    [tempest_lib.common.rest_client] Request - Headers: {'Content-Type': 'application/json', 'Accept': 'application/json', 'X-Auth-Token': '&lt;omitted&gt;'}
        Body: {"security_group_rule": {"direction": "egress", "protocol": "tcp", "tenant_id": "73c6c03fb89e4ba998399274a03d6f28", "port_range_max": 22, "security_group_id": "e3a5de4a-810d-4ade-80b0-2fe300ea3103", "port_range_min": 22}}
    Response - Headers: {'status': '201', 'content-length': '339', 'connection': 'close', 'date': 'Thu, 24 Dec 2015 13:05:49 GMT', 'content-type': 'application/json; charset=UTF-8', 'x-openstack-request-id': 'req-d5866dec-fbf3-4487-aa65-e6e7459a84b5'}
        Body: {"security_group_rule": {"remote_group_id": null, "direction": "egress", "remote_ip_prefix": null, "protocol": "tcp", "ethertype": "IPv4", "tenant_id": "73c6c03fb89e4ba998399274a03d6f28", "port_range_max": 22, "port_range_min": 22, "id": "f92fdd23-db5a-48be-8871-1f2202220239", "security_group_id": "e3a5de4a-810d-4ade-80b0-2fe300ea3103"}}
2015-12-24 13:05:49,437 21476 INFO     [tempest_lib.common.rest_client] Request (TestNetworkBasicOps:test_connectivity_between_vms_on_different_networks): 201 POST http://10.0.2.15:9696/v2.0/security-group-rules 0.131s
2015-12-24 13:05:49,438 21476 DEBUG    [tempest_lib.common.rest_client] Request - Headers: {'Content-Type': 'application/json', 'Accept': 'application/json', 'X-Auth-Token': '&lt;omitted&gt;'}
        Body: {"security_group_rule": {"tenant_id": "73c6c03fb89e4ba998399274a03d6f28", "direction": "ingress", "protocol": "icmp", "security_group_id": "e3a5de4a-810d-4ade-80b0-2fe300ea3103"}}
    Response - Headers: {'status': '201', 'content-length': '345', 'connection': 'close', 'date': 'Thu, 24 Dec 2015 13:05:49 GMT', 'content-type': 'application/json; charset=UTF-8', 'x-openstack-request-id': 'req-0be5d1e9-36be-412d-b27e-5ef0e7196369'}
        Body: {"security_group_rule": {"remote_group_id": null, "direction": "ingress", "remote_ip_prefix": null, "protocol": "icmp", "ethertype": "IPv4", "tenant_id": "73c6c03fb89e4ba998399274a03d6f28", "port_range_max": null, "port_range_min": null, "id": "8c503964-2c07-4dd3-948e-b408c3aad651", "security_group_id": "e3a5de4a-810d-4ade-80b0-2fe300ea3103"}}
2015-12-24 13:05:49,567 21476 INFO     [tempest_lib.common.rest_client] Request (TestNetworkBasicOps:test_connectivity_between_vms_on_different_networks): 201 POST http://10.0.2.15:9696/v2.0/security-group-rules 0.128s
2015-12-24 13:05:49,568 21476 DEBUG    [tempest_lib.common.rest_client] Request - Headers: {'Content-Type': 'application/json', 'Accept': 'application/json', 'X-Auth-Token': '&lt;omitted&gt;'}
        Body: {"security_group_rule": {"tenant_id": "73c6c03fb89e4ba998399274a03d6f28", "direction": "egress", "protocol": "icmp", "security_group_id": "e3a5de4a-810d-4ade-80b0-2fe300ea3103"}}
    Response - Headers: {'status': '201', 'content-length': '344', 'connection': 'close', 'date': 'Thu, 24 Dec 2015 13:05:49 GMT', 'content-type': 'application/json; charset=UTF-8', 'x-openstack-request-id': 'req-f6e670c3-3f57-40d2-b88b-aea2030452e3'}
        Body: {"security_group_rule": {"remote_group_id": null, "direction": "egress", "remote_ip_prefix": null, "protocol": "icmp", "ethertype": "IPv4", "tenant_id": "73c6c03fb89e4ba998399274a03d6f28", "port_range_max": null, "port_range_min": null, "id": "09f870b6-c3ad-443a-ae1d-f2bf65723f13", "security_group_id": "e3a5de4a-810d-4ade-80b0-2fe300ea3103"}}
2015-12-24 13:05:49,693 21476 INFO     [tempest_lib.common.rest_client] Request (TestNetworkBasicOps:test_connectivity_between_vms_on_different_networks): 201 POST http://10.0.2.15:9696/v2.0/security-group-rules 0.124s
2015-12-24 13:05:49,694 21476 DEBUG    [tempest_lib.common.rest_client] Request - Headers: {'Content-Type': 'application/json', 'Accept': 'application/json', 'X-Auth-Token': '&lt;omitted&gt;'}
        Body: {"security_group_rule": {"tenant_id": "73c6c03fb89e4ba998399274a03d6f28", "direction": "ingress", "security_group_id": "e3a5de4a-810d-4ade-80b0-2fe300ea3103", "protocol": "icmp", "ethertype": "IPv6"}}
    Response - Headers: {'status': '201', 'content-length': '345', 'connection': 'close', 'date': 'Thu, 24 Dec 2015 13:05:49 GMT', 'content-type': 'application/json; charset=UTF-8', 'x-openstack-request-id': 'req-2bf33f07-2f99-445a-b4d8-f44d32bae4a3'}
        Body: {"security_group_rule": {"remote_group_id": null, "direction": "ingress", "remote_ip_prefix": null, "protocol": "icmp", "ethertype": "IPv6", "tenant_id": "73c6c03fb89e4ba998399274a03d6f28", "port_range_max": null, "port_range_min": null, "id": "48849c79-b176-4988-9d4b-1e5398673368", "security_group_id": "e3a5de4a-810d-4ade-80b0-2fe300ea3103"}}
2015-12-24 13:05:49,832 21476 INFO     [tempest_lib.common.rest_client] Request (TestNetworkBasicOps:test_connectivity_between_vms_on_different_networks): 201 POST http://10.0.2.15:9696/v2.0/security-group-rules 0.137s
2015-12-24 13:05:49,832 21476 DEBUG    [tempest_lib.common.rest_client] Request - Headers: {'Content-Type': 'application/json', 'Accept': 'application/json', 'X-Auth-Token': '&lt;omitted&gt;'}
        Body: {"security_group_rule": {"tenant_id": "73c6c03fb89e4ba998399274a03d6f28", "direction": "egress", "security_group_id": "e3a5de4a-810d-4ade-80b0-2fe300ea3103", "protocol": "icmp", "ethertype": "IPv6"}}
    Response - Headers: {'status': '201', 'content-length': '344', 'connection': 'close', 'date': 'Thu, 24 Dec 2015 13:05:49 GMT', 'content-type': 'application/json; charset=UTF-8', 'x-openstack-request-id': 'req-b53bbe27-f9df-41ca-b391-f94a25dc3be0'}
        Body: {"security_group_rule": {"remote_group_id": null, "direction": "egress", "remote_ip_prefix": null, "protocol": "icmp", "ethertype": "IPv6", "tenant_id": "73c6c03fb89e4ba998399274a03d6f28", "port_range_max": null, "port_range_min": null, "id": "85020947-d140-40d7-a207-e699760ac134", "security_group_id": "e3a5de4a-810d-4ade-80b0-2fe300ea3103"}}
2015-12-24 13:05:50,007 21476 INFO     [tempest_lib.common.rest_client] Request (TestNetworkBasicOps:test_connectivity_between_vms_on_different_networks): 201 POST http://10.0.2.15:9696/v2.0/networks 0.174s
2015-12-24 13:05:50,008 21476 DEBUG    [tempest_lib.common.rest_client] Request - Headers: {'Content-Type': 'application/json', 'Accept': 'application/json', 'X-Auth-Token': '&lt;omitted&gt;'}
        Body: {"network": {"tenant_id": "73c6c03fb89e4ba998399274a03d6f28", "name": "tempest-network-smoke--1015699052"}}
    Response - Headers: {'status': '201', 'content-length': '327', 'connection': 'close', 'date': 'Thu, 24 Dec 2015 13:05:50 GMT', 'content-type': 'application/json; charset=UTF-8', 'x-openstack-request-id': 'req-72614b1a-6bbc-46aa-b02c-284cb0145da0'}
        Body: {"network": {"status": "ACTIVE", "subnets": [], "availability_zone_hints": [], "name": "tempest-network-smoke--1015699052", "admin_state_up": true, "tenant_id": "73c6c03fb89e4ba998399274a03d6f28", "mtu": 0, "router:external": false, "shared": false, "port_security_enabled": true, "id": "8bc36b76-2bca-4a4c-9da0-144acea84f54"}}
2015-12-24 13:05:50,098 21476 INFO     [tempest_lib.common.rest_client] Request (TestNetworkBasicOps:test_connectivity_between_vms_on_different_networks): 201 POST http://10.0.2.15:9696/v2.0/routers 0.089s
2015-12-24 13:05:50,099 21476 DEBUG    [tempest_lib.common.rest_client] Request - Headers: {'Content-Type': 'application/json', 'Accept': 'application/json', 'X-Auth-Token': '&lt;omitted&gt;'}
        Body: {"router": {"tenant_id": "73c6c03fb89e4ba998399274a03d6f28", "name": "tempest-router-smoke-453472050", "admin_state_up": true}}
    Response - Headers: {'status': '201', 'content-length': '295', 'connection': 'close', 'date': 'Thu, 24 Dec 2015 13:05:50 GMT', 'content-type': 'application/json; charset=UTF-8', 'x-openstack-request-id': 'req-47f4aac4-7877-4ff8-88cc-6d75a1522381'}
        Body: {"router": {"status": "ACTIVE", "external_gateway_info": null, "availability_zone_hints": [], "availability_zones": [], "name": "tempest-router-smoke-453472050", "admin_state_up": true, "tenant_id": "73c6c03fb89e4ba998399274a03d6f28", "routes": [], "id": "b6b26c39-ab60-45ef-a8a6-a6e8705c9ce9"}}
2015-12-24 13:05:50,151 21476 INFO     [tempest_lib.common.rest_client] Request (TestNetworkBasicOps:test_connectivity_between_vms_on_different_networks): 200 GET http://10.0.2.15:9696/v2.0/routers/b6b26c39-ab60-45ef-a8a6-a6e8705c9ce9 0.051s
2015-12-24 13:05:50,151 21476 DEBUG    [tempest_lib.common.rest_client] Request - Headers: {'Content-Type': 'application/json', 'Accept': 'application/json', 'X-Auth-Token': '&lt;omitted&gt;'}
        Body: None
    Response - Headers: {'status': '200', 'content-length': '295', 'content-location': 'http://10.0.2.15:9696/v2.0/routers/b6b26c39-ab60-45ef-a8a6-a6e8705c9ce9', 'connection': 'close', 'date': 'Thu, 24 Dec 2015 13:05:50 GMT', 'content-type': 'application/json; charset=UTF-8', 'x-openstack-request-id': 'req-aba18a04-fe7b-4384-860b-9d4bccba69f4'}
        Body: {"router": {"status": "ACTIVE", "external_gateway_info": null, "availability_zone_hints": [], "availability_zones": [], "name": "tempest-router-smoke-453472050", "admin_state_up": true, "tenant_id": "73c6c03fb89e4ba998399274a03d6f28", "routes": [], "id": "b6b26c39-ab60-45ef-a8a6-a6e8705c9ce9"}}
2015-12-24 13:05:50,980 21476 INFO     [tempest_lib.common.rest_client] Request (TestNetworkBasicOps:test_connectivity_between_vms_on_different_networks): 200 PUT http://10.0.2.15:9696/v2.0/routers/b6b26c39-ab60-45ef-a8a6-a6e8705c9ce9 0.827s
2015-12-24 13:05:50,980 21476 DEBUG    [tempest_lib.common.rest_client] Request - Headers: {'Content-Type': 'application/json', 'Accept': 'application/json', 'X-Auth-Token': '&lt;omitted&gt;'}
        Body: {"router": {"external_gateway_info": {"network_id": "8aa019b0-d390-40ed-a26a-892584f851fb"}, "name": "tempest-router-smoke-453472050", "admin_state_up": true}}
    Response - Headers: {'status': '200', 'content-length': '557', 'connection': 'close', 'date': 'Thu, 24 Dec 2015 13:05:50 GMT', 'content-type': 'application/json; charset=UTF-8', 'x-openstack-request-id': 'req-412fd4e8-e51f-44e1-821e-a2f61adb1854'}
        Body: {"router": {"status": "ACTIVE", "external_gateway_info": {"network_id": "8aa019b0-d390-40ed-a26a-892584f851fb", "enable_snat": true, "external_fixed_ips": [{"subnet_id": "6cc810c8-58fd-4eee-8b15-3062deadb250", "ip_address": "172.24.4.3"}, {"subnet_id": "4b2b1fdf-a27c-434a-9cf4-2d1facae648b", "ip_address": "2001:db8::4"}]}, "availability_zone_hints": [], "availability_zones": [], "name": "tempest-router-smoke-453472050", "admin_state_up": true, "tenant_id": "73c6c03fb89e4ba998399274a03d6f28", "routes": [], "id": "b6b26c39-ab60-45ef-a8a6-a6e8705c9ce9"}}
2015-12-24 13:05:51,169 21476 INFO     [tempest_lib.common.rest_client] Request (TestNetworkBasicOps:test_connectivity_between_vms_on_different_networks): 200 GET http://10.0.2.15:9696/v2.0/subnets?tenant_id=73c6c03fb89e4ba998399274a03d6f28&amp;cidr=10.100.0.0%2F28 0.186s
2015-12-24 13:05:51,170 21476 DEBUG    [tempest_lib.common.rest_client] Request - Headers: {'Content-Type': 'application/json', 'Accept': 'application/json', 'X-Auth-Token': '&lt;omitted&gt;'}
        Body: None
    Response - Headers: {'status': '200', 'content-length': '15', 'content-location': 'http://10.0.2.15:9696/v2.0/subnets?tenant_id=73c6c03fb89e4ba998399274a03d6f28&amp;cidr=10.100.0.0%2F28', 'connection': 'close', 'date': 'Thu, 24 Dec 2015 13:05:51 GMT', 'content-type': 'application/json; charset=UTF-8', 'x-openstack-request-id': 'req-43b5afa9-c92d-4eaf-a8ad-ea982e24201f'}
        Body: {"subnets": []}
2015-12-24 13:05:51,533 21476 INFO     [tempest_lib.common.rest_client] Request (TestNetworkBasicOps:test_connectivity_between_vms_on_different_networks): 201 POST http://10.0.2.15:9696/v2.0/subnets 0.362s
2015-12-24 13:05:51,534 21476 DEBUG    [tempest_lib.common.rest_client] Request - Headers: {'Content-Type': 'application/json', 'Accept': 'application/json', 'X-Auth-Token': '&lt;omitted&gt;'}
        Body: {"subnet": {"ip_version": 4, "tenant_id": "73c6c03fb89e4ba998399274a03d6f28", "cidr": "10.100.0.0/28", "network_id": "8bc36b76-2bca-4a4c-9da0-144acea84f54", "name": "tempest-subnet-smoke-2005315274"}}
    Response - Headers: {'status': '201', 'content-length': '478', 'connection': 'close', 'date': 'Thu, 24 Dec 2015 13:05:51 GMT', 'content-type': 'application/json; charset=UTF-8', 'x-openstack-request-id': 'req-6704b8c1-df43-44ab-b678-049a458b7f0b'}
        Body: {"subnet": {"name": "tempest-subnet-smoke-2005315274", "enable_dhcp": true, "network_id": "8bc36b76-2bca-4a4c-9da0-144acea84f54", "tenant_id": "73c6c03fb89e4ba998399274a03d6f28", "dns_nameservers": [], "gateway_ip": "10.100.0.1", "ipv6_ra_mode": null, "allocation_pools": [{"start": "10.100.0.2", "end": "10.100.0.14"}], "host_routes": [], "ip_version": 4, "ipv6_address_mode": null, "cidr": "10.100.0.0/28", "id": "c4fe987f-ad5a-4bc4-be86-d41969e1e302", "subnetpool_id": null}}
2015-12-24 13:05:52,214 21476 INFO     [tempest_lib.common.rest_client] Request (TestNetworkBasicOps:test_connectivity_between_vms_on_different_networks): 200 PUT http://10.0.2.15:9696/v2.0/routers/b6b26c39-ab60-45ef-a8a6-a6e8705c9ce9/add_router_interface 0.679s
2015-12-24 13:05:52,214 21476 DEBUG    [tempest_lib.common.rest_client] Request - Headers: {'Content-Type': 'application/json', 'Accept': 'application/json', 'X-Auth-Token': '&lt;omitted&gt;'}
        Body: {"subnet_id": "c4fe987f-ad5a-4bc4-be86-d41969e1e302"}
    Response - Headers: {'status': '200', 'content-length': '255', 'connection': 'close', 'date': 'Thu, 24 Dec 2015 13:05:52 GMT', 'content-type': 'application/json; charset=UTF-8', 'x-openstack-request-id': 'req-9bfec4d2-076f-4534-9e87-362d10ece906'}
        Body: {"subnet_id": "c4fe987f-ad5a-4bc4-be86-d41969e1e302", "tenant_id": "73c6c03fb89e4ba998399274a03d6f28", "subnet_ids": ["c4fe987f-ad5a-4bc4-be86-d41969e1e302"], "port_id": "1cf6b254-8adb-404d-9034-241eb688d225", "id": "b6b26c39-ab60-45ef-a8a6-a6e8705c9ce9"}
2015-12-24 13:05:52,279 21476 INFO     [tempest_lib.common.rest_client] Request (TestNetworkBasicOps:test_connectivity_between_vms_on_different_networks): 200 GET http://10.0.2.15:9696/v2.0/networks 0.063s
2015-12-24 13:05:52,279 21476 DEBUG    [tempest_lib.common.rest_client] Request - Headers: {'Content-Type': 'application/json', 'Accept': 'application/json', 'X-Auth-Token': '&lt;omitted&gt;'}
        Body: None
    Response - Headers: {'status': '200', 'content-length': '1507', 'content-location': 'http://10.0.2.15:9696/v2.0/networks', 'connection': 'close', 'date': 'Thu, 24 Dec 2015 13:05:52 GMT', 'content-type': 'application/json; charset=UTF-8', 'x-openstack-request-id': 'req-7eb05268-368f-4cfc-af71-d10847442bdc'}
        Body: {"networks": [{"status": "ACTIVE", "subnets": ["882a34a4-c0be-4faf-bb60-390b13c470c9", "054cfe04-1f49-4313-8c69-1793ffa44d50"], "availability_zone_hints": [], "availability_zones": ["nova"], "name": "private", "provider:physical_network": null, "admin_state_up": true, "tenant_id": "5a75df4c1159476dad1bcbf6b52ef56d", "mtu": 0, "router:external": false, "shared": false, "port_security_enabled": true, "provider:network_type": "vxlan", "id": "2f0c2d26-c93a-4896-a393-27a4861a32cb", "provider:segmentation_id": 1075}, {"status": "ACTIVE", "subnets": ["c4fe987f-ad5a-4bc4-be86-d41969e1e302"], "availability_zone_hints": [], "availability_zones": ["nova"], "name": "tempest-network-smoke--1015699052", "provider:physical_network": null, "admin_state_up": true, "tenant_id": "73c6c03fb89e4ba998399274a03d6f28", "mtu": 0, "router:external": false, "shared": false, "port_security_enabled": true, "provider:network_type": "vxlan", "id": "8bc36b76-2bca-4a4c-9da0-144acea84f54", "provider:segmentation_id": 1063}, {"status": "ACTIVE", "subnets": ["6cc810c8-58fd-4eee-8b15-3062deadb250", "4b2b1fdf-a27c-434a-9cf4-2d1facae648b"], "availability_zone_hints": [], "availability_zones": ["nova"], "name": "public", "provider:physical_network": null, "admin_state_up": true, "tenant_id": "3f15864a97d54700a8853ed5f46f96ed", "mtu": 0, "router:external": true, "shared": false, "port_security_enabled": true, "provider:network_type": "vxlan", "id": "8aa019b0-d390-40ed-a26a-892584f851fb", "provider:segmentation_id": 1022}]}
2015-12-24 13:05:52,327 21476 INFO     [tempest_lib.common.rest_client] Request (TestNetworkBasicOps:test_connectivity_between_vms_on_different_networks): 200 GET http://10.0.2.15:9696/v2.0/subnets 0.046s
2015-12-24 13:05:52,327 21476 DEBUG    [tempest_lib.common.rest_client] Request - Headers: {'Content-Type': 'application/json', 'Accept': 'application/json', 'X-Auth-Token': '&lt;omitted&gt;'}
        Body: None
    Response - Headers: {'status': '200', 'content-length': '2404', 'content-location': 'http://10.0.2.15:9696/v2.0/subnets', 'connection': 'close', 'date': 'Thu, 24 Dec 2015 13:05:52 GMT', 'content-type': 'application/json; charset=UTF-8', 'x-openstack-request-id': 'req-39c94b99-3769-49eb-b218-ed86b16d3332'}
        Body: {"subnets": [{"name": "ipv6-public-subnet", "enable_dhcp": false, "network_id": "8aa019b0-d390-40ed-a26a-892584f851fb", "tenant_id": "3f15864a97d54700a8853ed5f46f96ed", "dns_nameservers": [], "gateway_ip": "2001:db8::2", "ipv6_ra_mode": null, "allocation_pools": [{"start": "2001:db8::3", "end": "2001:db8::ffff:ffff:ffff:ffff"}, {"start": "2001:db8::1", "end": "2001:db8::1"}], "host_routes": [], "ip_version": 6, "ipv6_address_mode": null, "cidr": "2001:db8::/64", "id": "4b2b1fdf-a27c-434a-9cf4-2d1facae648b", "subnetpool_id": null}, {"name": "tempest-subnet-smoke-2005315274", "enable_dhcp": true, "network_id": "8bc36b76-2bca-4a4c-9da0-144acea84f54", "tenant_id": "73c6c03fb89e4ba998399274a03d6f28", "dns_nameservers": [], "gateway_ip": "10.100.0.1", "ipv6_ra_mode": null, "allocation_pools": [{"start": "10.100.0.2", "end": "10.100.0.14"}], "host_routes": [], "ip_version": 4, "ipv6_address_mode": null, "cidr": "10.100.0.0/28", "id": "c4fe987f-ad5a-4bc4-be86-d41969e1e302", "subnetpool_id": null}, {"name": "ipv6-private-subnet", "enable_dhcp": true, "network_id": "2f0c2d26-c93a-4896-a393-27a4861a32cb", "tenant_id": "5a75df4c1159476dad1bcbf6b52ef56d", "dns_nameservers": [], "gateway_ip": "fd70:bb0:de2c::1", "ipv6_ra_mode": "slaac", "allocation_pools": [{"start": "fd70:bb0:de2c::2", "end": "fd70:bb0:de2c:0:ffff:ffff:ffff:ffff"}], "host_routes": [], "ip_version": 6, "ipv6_address_mode": "slaac", "cidr": "fd70:bb0:de2c::/64", "id": "054cfe04-1f49-4313-8c69-1793ffa44d50", "subnetpool_id": null}, {"name": "private-subnet", "enable_dhcp": true, "network_id": "2f0c2d26-c93a-4896-a393-27a4861a32cb", "tenant_id": "5a75df4c1159476dad1bcbf6b52ef56d", "dns_nameservers": [], "gateway_ip": "10.0.0.1", "ipv6_ra_mode": null, "allocation_pools": [{"start": "10.0.0.2", "end": "10.0.0.254"}], "host_routes": [], "ip_version": 4, "ipv6_address_mode": null, "cidr": "10.0.0.0/24", "id": "882a34a4-c0be-4faf-bb60-390b13c470c9", "subnetpool_id": null}, {"name": "public-subnet", "enable_dhcp": false, "network_id": "8aa019b0-d390-40ed-a26a-892584f851fb", "tenant_id": "3f15864a97d54700a8853ed5f46f96ed", "dns_nameservers": [], "gateway_ip": "172.24.4.1", "ipv6_ra_mode": null, "allocation_pools": [{"start": "172.24.4.2", "end": "172.24.4.254"}], "host_routes": [], "ip_version": 4, "ipv6_address_mode": null, "cidr": "172.24.4.0/24", "id": "6cc810c8-58fd-4eee-8b15-3062deadb250", "subnetpool_id": null}]}
2015-12-24 13:05:52,377 21476 INFO     [tempest_lib.common.rest_client] Request (TestNetworkBasicOps:test_connectivity_between_vms_on_different_networks): 200 GET http://10.0.2.15:9696/v2.0/routers 0.048s
2015-12-24 13:05:52,378 21476 DEBUG    [tempest_lib.common.rest_client] Request - Headers: {'Content-Type': 'application/json', 'Accept': 'application/json', 'X-Auth-Token': '&lt;omitted&gt;'}
        Body: None
    Response - Headers: {'status': '200', 'content-length': '1166', 'content-location': 'http://10.0.2.15:9696/v2.0/routers', 'connection': 'close', 'date': 'Thu, 24 Dec 2015 13:05:52 GMT', 'content-type': 'application/json; charset=UTF-8', 'x-openstack-request-id': 'req-a6d20230-6b53-45cc-aca6-60fb5d813ce1'}
        Body: {"routers": [{"status": "ACTIVE", "external_gateway_info": {"network_id": "8aa019b0-d390-40ed-a26a-892584f851fb", "enable_snat": true, "external_fixed_ips": [{"subnet_id": "6cc810c8-58fd-4eee-8b15-3062deadb250", "ip_address": "172.24.4.2"}, {"subnet_id": "4b2b1fdf-a27c-434a-9cf4-2d1facae648b", "ip_address": "2001:db8::3"}]}, "availability_zone_hints": [], "availability_zones": ["nova"], "name": "router1", "admin_state_up": true, "tenant_id": "5a75df4c1159476dad1bcbf6b52ef56d", "distributed": false, "routes": [], "ha": false, "id": "9ef8fdaf-5825-4621-be63-853facb599c7"}, {"status": "ACTIVE", "external_gateway_info": {"network_id": "8aa019b0-d390-40ed-a26a-892584f851fb", "enable_snat": true, "external_fixed_ips": [{"subnet_id": "6cc810c8-58fd-4eee-8b15-3062deadb250", "ip_address": "172.24.4.3"}, {"subnet_id": "4b2b1fdf-a27c-434a-9cf4-2d1facae648b", "ip_address": "2001:db8::4"}]}, "availability_zone_hints": [], "availability_zones": ["nova"], "name": "tempest-router-smoke-453472050", "admin_state_up": true, "tenant_id": "73c6c03fb89e4ba998399274a03d6f28", "distributed": false, "routes": [], "ha": false, "id": "b6b26c39-ab60-45ef-a8a6-a6e8705c9ce9"}]}
2015-12-24 13:05:52,924 21476 INFO     [tempest_lib.common.rest_client] Request (TestNetworkBasicOps:test_connectivity_between_vms_on_different_networks): 200 POST http://10.0.2.15:8774/v2.1/73c6c03fb89e4ba998399274a03d6f28/os-keypairs 0.544s
2015-12-24 13:05:52,925 21476 DEBUG    [tempest_lib.common.rest_client] Request - Headers: {'Content-Type': 'application/json', 'Accept': 'application/json', 'X-Auth-Token': '&lt;omitted&gt;'}
        Body: {"keypair": {"name": "tempest-TestNetworkBasicOps-102414070"}}
    Response - Headers: {'status': '200', 'content-length': '2320', 'x-compute-request-id': 'req-1b49127b-6f6c-4be3-b571-2669e7f0851b', 'vary': 'X-OpenStack-Nova-API-Version', 'connection': 'close', 'x-openstack-nova-api-version': '2.1', 'date': 'Thu, 24 Dec 2015 13:05:52 GMT', 'content-type': 'application/json'}
        Body: {"keypair": {"public_key": "ssh-rsa AAAAB3NzaC1yc2EAAAADAQABAAABAQCX1I04vp6U8RwS8Grnhlxv4S/ik2mnnEruLSNguk53mIty8KA2qj0iwFJhl8Rdm+Rm/SUcIgFg8TLdC2AG5eQkdekuNYIOgQpx97g77rSuvjgWaT5Eda8g+OKEA29jcutU7RyWM0Myvn3TmM/WvXjs5vW/6AtOBQc2f/EBnhIbvlxAF4SPUJt8rglTXoUjBYuiAYl8SocdbdXqCO6yGD/OOBS5Eo4ZWihxB447Duh5mn3vEU2UAp0F06OmNk+fCLfHNxVBFTB5CRhWasLGWN4/e6hADvLbqg4HGVYbSlK0KsWZR9VQO6c7/GnLWrVBYJvDinji/R5ioVE6GvFWBXiB Generated-by-Nova", "private_key": "-----BEGIN RSA PRIVATE KEY-----\nMIIEqAIBAAKCAQEAl9SNOL6elPEcEvBq54Zcb+Ev4pNpp5xK7i0jYLpOd5iLcvCg\nNqo9IsBSYZfEXZvkZv0lHCIBYPEy3QtgBuXkJHXpLjWCDoEKcfe4O+60rr44Fmk+\nRHWvIPjihANvY3LrVO0cljNDMr5905jP1r147Ob1v+gLTgUHNn/xAZ4SG75cQBeE\nj1CbfK4JU16FIwWLogGJfEqHHW3V6gjushg/zjgUuRKOGVoocQeOOw7oeZp97xFN\nlAKdBdOjpjZPnwi3xzcVQRUweQkYVmrCxljeP3uoQA7y26oOBxlWG0pStCrFmUfV\nUDunO/xpy1q1QWCbw4p44v0eYqFROhrxVgV4gQIDAQABAoIBADrUB3fyG93X4inQ\nb4uPuuc6mGQw++IOo9XPNYL4DQk32OhLJbiok5GQdRsNQ++FRKVG9ocFAgW+zxdo\nneduUcxyx0u5PdBC3Xo1InROVEHUwESmuJKsCpQ6+wFtl04wK9C3Irlr2WCjAHvp\nHLa2qVEZWCToUuEC/711KzuWNKv8p+ZUuuadjW54lrz69xKqvPj31TetPjWE1AUw\nShFqgV4Ygo8FdQx9kMYPeTovTEzAR/R1aN61XzOkd6cXeYdrhk7at22mcvry8MEY\nUAgc7bd8qZDhSKYOWxx6fFbIuGNXKXU5yDkNZ3JH8/LaID6/lviT/MCQ4yeCa9bz\ns4dLxwECggCBALaoaWWluXv18V0mcyJsKkJVjYKUJR5c5YuwO50cX6aepraFZp5c\n2zsvW1WXRm3kATP/7zXgMP1T1UbGGWdDXE1ifuUIuWoHfPO5Fa10TzXU9fVLhult\nGtOJ2HONvmLlTYiBLuiCVs0QGKUbxLdp4RtJSYTGxRzRce2KJ2/FomhxAoIAgQDU\ny1dylei+HlKP/ewkJFqW29Wk+tpQJ9PGYSg7Ml887HyVV6cEF2edmzGymW8m1jH/\nHJjepmCzncDVEl41n7kkJtQr+3J7g4Df+BsNg1jKGCHcebrczsHdwtmpgkuIxjqY\ndYKiot6qz8fru8s7KKqAm183Bpj5FaaE6YgIQ2GZEQKCAIEAmGBGDJYD9nVltN+u\njLjPSCc2tggALyQwGigakyZoZQdU7E69HL855FXNS8m251Wd61NGqxsrwyl8cl4w\nMwTuq1/PnCF7DAjTJD7y5pBww+e0h71J/tEV4ALOnxdQDBBebdHW4ABbiRY0eQiB\nQsEBGVI6Epn/NdtDv3XREF0+7wECggCAAt32gKm6aA1aiWwfaWFAAzZVC5MBrADN\nXqfideG43MZG63Ax5OE32SzFH6XnlHtgUxKckKtnNCRU+8nykQBk6zLGuwz5PubH\nrrzWCHmTka1/j0vok58Jh6ZfbmQ+Bkq9cV5r8ysEmwKPrAJsu5BRs8fkIYaqOvjq\ntHG9Dndx8jECggCARjfyCOWBmC+Lm7CXyqdIqrVcecQbjgCT+4yYRGf5NjCCctHm\n7CU09+B7Z32VJfsRPv3pWGrJX9Qa9DIS9p26cUtdN+vTwMqE90yyhlo4SmcisE0U\nuukNTAwLLurVHW0H/wFy7kAoZpizIk8ibJQLgjYPIHls+Rfsjq2SaPs+zME=\n-----END RSA PRIVATE KEY-----\n", "user_id": "93789d4b2c414ba890152ba07db140b7", "name": "tempest-TestNetworkBasicOps-102414070", "fingerprint": "a2:74:cb:6e:a1:fa:eb:17:4e:74:77:b9:62:22:eb:48"}}
2015-12-24 13:05:53,067 21476 INFO     [tempest_lib.common.rest_client] Request (TestNetworkBasicOps:test_connectivity_between_vms_on_different_networks): 200 POST http://10.0.2.15:5000/v2.0/tokens
2015-12-24 13:05:53,068 21476 DEBUG    [tempest_lib.common.rest_client] Request - Headers: {'Content-Type': 'application/json', 'Accept': 'application/json'}
        Body: &lt;omitted&gt;
    Response - Headers: {'status': '200', 'content-length': '2528', 'vary': 'X-Auth-Token', 'server': 'Apache/2.4.7 (Ubuntu)', 'connection': 'close', 'date': 'Thu, 24 Dec 2015 13:05:52 GMT', 'content-type': 'application/json', 'x-openstack-request-id': 'req-0f05cd0e-c50f-402b-9b87-4b1356ac4d90'}
        Body: {"access": {"token": {"issued_at": "2015-12-24T13:05:53.054751", "expires": "2015-12-24T14:05:53Z", "id": "c651c96ae87840ab9c1e47c5ba3049a7", "tenant": {"description": "tempest-TestNetworkBasicOps-192804147-desc", "enabled": true, "id": "73c6c03fb89e4ba998399274a03d6f28", "name": "tempest-TestNetworkBasicOps-192804147"}, "audit_ids": ["ukW1Gm1MSlK11goqAlwssg"]}, "serviceCatalog": [{"endpoints": [{"adminURL": "http://10.0.2.15:8774/v2.1/73c6c03fb89e4ba998399274a03d6f28", "region": "RegionOne", "internalURL": "http://10.0.2.15:8774/v2.1/73c6c03fb89e4ba998399274a03d6f28", "id": "3229afbdb6e843728c62f1916380851f", "publicURL": "http://10.0.2.15:8774/v2.1/73c6c03fb89e4ba998399274a03d6f28"}], "endpoints_links": [], "type": "compute", "name": "nova"}, {"endpoints": [{"adminURL": "http://10.0.2.15:9696/", "region": "RegionOne", "internalURL": "http://10.0.2.15:9696/", "id": "18429ea0118547b9b72463ace3379eb0", "publicURL": "http://10.0.2.15:9696/"}], "endpoints_links": [], "type": "network", "name": "neutron"}, {"endpoints": [{"adminURL": "http://10.0.2.15:9292", "region": "RegionOne", "internalURL": "http://10.0.2.15:9292", "id": "032d86b9ded64668b2a65628f6177cbd", "publicURL": "http://10.0.2.15:9292"}], "endpoints_links": [], "type": "image", "name": "glance"}, {"endpoints": [{"adminURL": "http://10.0.2.15:8774/v2/73c6c03fb89e4ba998399274a03d6f28", "region": "RegionOne", "internalURL": "http://10.0.2.15:8774/v2/73c6c03fb89e4ba998399274a03d6f28", "id": "6d7ff824b49c401b8e46fb3724508333", "publicURL": "http://10.0.2.15:8774/v2/73c6c03fb89e4ba998399274a03d6f28"}], "endpoints_links": [], "type": "compute_legacy", "name": "nova_legacy"}, {"endpoints": [{"adminURL": "http://10.0.2.15:8773/", "region": "RegionOne", "internalURL": "http://10.0.2.15:8773/", "id": "0787ac7b10ef4ea6a0c03083241bce80", "publicURL": "http://10.0.2.15:8773/"}], "endpoints_links": [], "type": "ec2", "name": "ec2"}, {"endpoints": [{"adminURL": "http://10.0.2.15:35357/v2.0", "region": "RegionOne", "internalURL": "http://10.0.2.15:5000/v2.0", "id": "71523d7e010a496c94fb87973a07a823", "publicURL": "http://10.0.2.15:5000/v2.0"}], "endpoints_links": [], "type": "identity", "name": "keystone"}], "user": {"username": "tempest-TestNetworkBasicOps-1863911475", "roles_links": [], "id": "93789d4b2c414ba890152ba07db140b7", "roles": [{"name": "_member_"}, {"name": "Member"}], "name": "tempest-TestNetworkBasicOps-1863911475"}, "metadata": {"is_admin": 0, "roles": ["9fe2ff9ee4384b1894a90878d3e92bab", "73de73096d4e45adb305adc5148cbca6"]}}}
2015-12-24 13:05:53,072 21476 DEBUG    [tempest.common.fixed_network] (TestNetworkBasicOps:test_connectivity_between_vms_on_different_networks) No valid network provided or created, defaulting to fixed_network_name
2015-12-24 13:05:53,387 21476 INFO     [tempest_lib.common.rest_client] Request (TestNetworkBasicOps:test_connectivity_between_vms_on_different_networks): 200 GET http://10.0.2.15:8774/v2.1/73c6c03fb89e4ba998399274a03d6f28/os-networks 0.314s
2015-12-24 13:05:53,389 21476 DEBUG    [tempest_lib.common.rest_client] Request - Headers: {'Content-Type': 'application/json', 'Accept': 'application/json', 'X-Auth-Token': '&lt;omitted&gt;'}
        Body: None
    Response - Headers: {'status': '200', 'content-length': '479', 'content-location': 'http://10.0.2.15:8774/v2.1/73c6c03fb89e4ba998399274a03d6f28/os-networks', 'x-compute-request-id': 'req-8b8fcf03-2203-4692-a3ae-8be962411205', 'vary': 'X-OpenStack-Nova-API-Version', 'connection': 'close', 'x-openstack-nova-api-version': '2.1', 'date': 'Thu, 24 Dec 2015 13:05:53 GMT', 'content-type': 'application/json'}
        Body: {"networks": [{"cidr_v6": null, "dns2": null, "dns1": null, "gateway": null, "broadcast": null, "netmask": null, "gateway_v6": null, "cidr": null, "label": "public", "id": "8aa019b0-d390-40ed-a26a-892584f851fb", "netmask_v6": null}, {"cidr_v6": null, "dns2": null, "dns1": null, "gateway": null, "broadcast": null, "netmask": null, "gateway_v6": null, "cidr": null, "label": "tempest-network-smoke--1015699052", "id": "8bc36b76-2bca-4a4c-9da0-144acea84f54", "netmask_v6": null}]}
2015-12-24 13:05:53,389 21476 WARNING  [tempest.common.fixed_network] (TestNetworkBasicOps:test_connectivity_between_vms_on_different_networks) Network with name: private not found
2015-12-24 13:05:53,390 21476 INFO     [tempest.common.fixed_network] (TestNetworkBasicOps:test_connectivity_between_vms_on_different_networks) Found network {} available for tenant
2015-12-24 13:05:55,141 21476 INFO     [tempest_lib.common.rest_client] Request (TestNetworkBasicOps:test_connectivity_between_vms_on_different_networks): 202 POST http://10.0.2.15:8774/v2.1/73c6c03fb89e4ba998399274a03d6f28/servers 1.750s
2015-12-24 13:05:55,142 21476 DEBUG    [tempest_lib.common.rest_client] Request - Headers: {'Content-Type': 'application/json', 'Accept': 'application/json', 'X-Auth-Token': '&lt;omitted&gt;'}
        Body: {"server": {"name": "tempest.common.compute-instance-1241275753", "imageRef": "c4f5c78f-5e89-4cac-b402-15487d18b953", "key_name": "tempest-TestNetworkBasicOps-102414070", "flavorRef": "42", "networks": [{"uuid": "8bc36b76-2bca-4a4c-9da0-144acea84f54"}], "security_groups": [{"name": "tempest-secgroup-smoke-1073920522"}]}}
    Response - Headers: {'status': '202', 'content-length': '462', 'x-compute-request-id': 'req-50508972-1f4e-491f-9e65-f31f0a396b27', 'vary': 'X-OpenStack-Nova-API-Version', 'connection': 'close', 'location': 'http://10.0.2.15:8774/v2.1/73c6c03fb89e4ba998399274a03d6f28/servers/082cdb9f-d11a-4bce-9eb8-d220cde488ee', 'x-openstack-nova-api-version': '2.1', 'date': 'Thu, 24 Dec 2015 13:05:55 GMT', 'content-type': 'application/json'}
        Body: {"server": {"security_groups": [{"name": "tempest-secgroup-smoke-1073920522"}], "OS-DCF:diskConfig": "MANUAL", "id": "082cdb9f-d11a-4bce-9eb8-d220cde488ee", "links": [{"href": "http://10.0.2.15:8774/v2.1/73c6c03fb89e4ba998399274a03d6f28/servers/082cdb9f-d11a-4bce-9eb8-d220cde488ee", "rel": "self"}, {"href": "http://10.0.2.15:8774/73c6c03fb89e4ba998399274a03d6f28/servers/082cdb9f-d11a-4bce-9eb8-d220cde488ee", "rel": "bookmark"}], "adminPass": "52XH775euLs9"}}
2015-12-24 13:05:55,322 21476 INFO     [tempest_lib.common.rest_client] Request (TestNetworkBasicOps:test_connectivity_between_vms_on_different_networks): 200 GET http://10.0.2.15:8774/v2.1/73c6c03fb89e4ba998399274a03d6f28/servers/082cdb9f-d11a-4bce-9eb8-d220cde488ee 0.175s
2015-12-24 13:05:55,323 21476 DEBUG    [tempest_lib.common.rest_client] Request - Headers: {'Content-Type': 'application/json', 'Accept': 'application/json', 'X-Auth-Token': '&lt;omitted&gt;'}
        Body: None
    Response - Headers: {'status': '200', 'content-length': '1355', 'content-location': 'http://10.0.2.15:8774/v2.1/73c6c03fb89e4ba998399274a03d6f28/servers/082cdb9f-d11a-4bce-9eb8-d220cde488ee', 'x-compute-request-id': 'req-baaf15c9-5d4d-47fb-8119-0a93cd58e183', 'vary': 'X-OpenStack-Nova-API-Version', 'connection': 'close', 'x-openstack-nova-api-version': '2.1', 'date': 'Thu, 24 Dec 2015 13:05:55 GMT', 'content-type': 'application/json'}
        Body: {"server": {"status": "BUILD", "updated": "2015-12-24T13:05:55Z", "hostId": "", "addresses": {}, "links": [{"href": "http://10.0.2.15:8774/v2.1/73c6c03fb89e4ba998399274a03d6f28/servers/082cdb9f-d11a-4bce-9eb8-d220cde488ee", "rel": "self"}, {"href": "http://10.0.2.15:8774/73c6c03fb89e4ba998399274a03d6f28/servers/082cdb9f-d11a-4bce-9eb8-d220cde488ee", "rel": "bookmark"}], "key_name": "tempest-TestNetworkBasicOps-102414070", "image": {"id": "c4f5c78f-5e89-4cac-b402-15487d18b953", "links": [{"href": "http://10.0.2.15:8774/73c6c03fb89e4ba998399274a03d6f28/images/c4f5c78f-5e89-4cac-b402-15487d18b953", "rel": "bookmark"}]}, "OS-EXT-STS:task_state": "scheduling", "OS-EXT-STS:vm_state": "building", "OS-SRV-USG:launched_at": null, "flavor": {"id": "42", "links": [{"href": "http://10.0.2.15:8774/73c6c03fb89e4ba998399274a03d6f28/flavors/42", "rel": "bookmark"}]}, "id": "082cdb9f-d11a-4bce-9eb8-d220cde488ee", "OS-SRV-USG:terminated_at": null, "OS-EXT-AZ:availability_zone": "", "user_id": "93789d4b2c414ba890152ba07db140b7", "name": "tempest.common.compute-instance-1241275753", "created": "2015-12-24T13:05:55Z", "tenant_id": "73c6c03fb89e4ba998399274a03d6f28", "OS-DCF:diskConfig": "MANUAL", "os-extended-volumes:volumes_attached": [], "accessIPv4": "", "accessIPv6": "", "progress": 0, "OS-EXT-STS:power_state": 0, "config_drive": "", "metadata": {}}}
2015-12-24 13:05:56,626 21476 INFO     [tempest_lib.common.rest_client] Request (TestNetworkBasicOps:test_connectivity_between_vms_on_different_networks): 200 GET http://10.0.2.15:8774/v2.1/73c6c03fb89e4ba998399274a03d6f28/servers/082cdb9f-d11a-4bce-9eb8-d220cde488ee 0.295s
2015-12-24 13:05:56,627 21476 DEBUG    [tempest_lib.common.rest_client] Request - Headers: {'Content-Type': 'application/json', 'Accept': 'application/json', 'X-Auth-Token': '&lt;omitted&gt;'}
        Body: None
    Response - Headers: {'status': '200', 'content-length': '1413', 'content-location': 'http://10.0.2.15:8774/v2.1/73c6c03fb89e4ba998399274a03d6f28/servers/082cdb9f-d11a-4bce-9eb8-d220cde488ee', 'x-compute-request-id': 'req-a65f9dcb-8f4a-461b-9c58-a3252c7b9eb8', 'vary': 'X-OpenStack-Nova-API-Version', 'connection': 'close', 'x-openstack-nova-api-version': '2.1', 'date': 'Thu, 24 Dec 2015 13:05:56 GMT', 'content-type': 'application/json'}
        Body: {"server": {"status": "BUILD", "updated": "2015-12-24T13:05:56Z", "hostId": "fbb17a1cfa71bcda070c34c73fe3d322b584341b0794e7f27fbd20fe", "addresses": {}, "links": [{"href": "http://10.0.2.15:8774/v2.1/73c6c03fb89e4ba998399274a03d6f28/servers/082cdb9f-d11a-4bce-9eb8-d220cde488ee", "rel": "self"}, {"href": "http://10.0.2.15:8774/73c6c03fb89e4ba998399274a03d6f28/servers/082cdb9f-d11a-4bce-9eb8-d220cde488ee", "rel": "bookmark"}], "key_name": "tempest-TestNetworkBasicOps-102414070", "image": {"id": "c4f5c78f-5e89-4cac-b402-15487d18b953", "links": [{"href": "http://10.0.2.15:8774/73c6c03fb89e4ba998399274a03d6f28/images/c4f5c78f-5e89-4cac-b402-15487d18b953", "rel": "bookmark"}]}, "OS-EXT-STS:task_state": "spawning", "OS-EXT-STS:vm_state": "building", "OS-SRV-USG:launched_at": null, "flavor": {"id": "42", "links": [{"href": "http://10.0.2.15:8774/73c6c03fb89e4ba998399274a03d6f28/flavors/42", "rel": "bookmark"}]}, "id": "082cdb9f-d11a-4bce-9eb8-d220cde488ee", "OS-SRV-USG:terminated_at": null, "OS-EXT-AZ:availability_zone": "nova", "user_id": "93789d4b2c414ba890152ba07db140b7", "name": "tempest.common.compute-instance-1241275753", "created": "2015-12-24T13:05:55Z", "tenant_id": "73c6c03fb89e4ba998399274a03d6f28", "OS-DCF:diskConfig": "MANUAL", "os-extended-volumes:volumes_attached": [], "accessIPv4": "", "accessIPv6": "", "progress": 0, "OS-EXT-STS:power_state": 0, "config_drive": "", "metadata": {}}}
2015-12-24 13:05:56,644 21476 INFO     [tempest.common.waiters] State transition "BUILD/scheduling" ==&gt; "BUILD/spawning" after 1 second wait
2015-12-24 13:05:57,871 21476 INFO     [tempest_lib.common.rest_client] Request (TestNetworkBasicOps:test_connectivity_between_vms_on_different_networks): 200 GET http://10.0.2.15:8774/v2.1/73c6c03fb89e4ba998399274a03d6f28/servers/082cdb9f-d11a-4bce-9eb8-d220cde488ee 0.224s
2015-12-24 13:05:57,872 21476 DEBUG    [tempest_lib.common.rest_client] Request - Headers: {'Content-Type': 'application/json', 'Accept': 'application/json', 'X-Auth-Token': '&lt;omitted&gt;'}
        Body: None
    Response - Headers: {'status': '200', 'content-length': '1481', 'content-location': 'http://10.0.2.15:8774/v2.1/73c6c03fb89e4ba998399274a03d6f28/servers/082cdb9f-d11a-4bce-9eb8-d220cde488ee', 'x-compute-request-id': 'req-51cc2e0a-1e14-437a-8d9c-fc823c249841', 'vary': 'X-OpenStack-Nova-API-Version', 'connection': 'close', 'x-openstack-nova-api-version': '2.1', 'date': 'Thu, 24 Dec 2015 13:05:57 GMT', 'content-type': 'application/json'}
        Body: {"server": {"status": "BUILD", "updated": "2015-12-24T13:05:56Z", "hostId": "fbb17a1cfa71bcda070c34c73fe3d322b584341b0794e7f27fbd20fe", "addresses": {}, "links": [{"href": "http://10.0.2.15:8774/v2.1/73c6c03fb89e4ba998399274a03d6f28/servers/082cdb9f-d11a-4bce-9eb8-d220cde488ee", "rel": "self"}, {"href": "http://10.0.2.15:8774/73c6c03fb89e4ba998399274a03d6f28/servers/082cdb9f-d11a-4bce-9eb8-d220cde488ee", "rel": "bookmark"}], "key_name": "tempest-TestNetworkBasicOps-102414070", "image": {"id": "c4f5c78f-5e89-4cac-b402-15487d18b953", "links": [{"href": "http://10.0.2.15:8774/73c6c03fb89e4ba998399274a03d6f28/images/c4f5c78f-5e89-4cac-b402-15487d18b953", "rel": "bookmark"}]}, "OS-EXT-STS:task_state": "spawning", "OS-EXT-STS:vm_state": "building", "OS-SRV-USG:launched_at": null, "flavor": {"id": "42", "links": [{"href": "http://10.0.2.15:8774/73c6c03fb89e4ba998399274a03d6f28/flavors/42", "rel": "bookmark"}]}, "id": "082cdb9f-d11a-4bce-9eb8-d220cde488ee", "security_groups": [{"name": "tempest-secgroup-smoke-1073920522"}], "OS-SRV-USG:terminated_at": null, "OS-EXT-AZ:availability_zone": "nova", "user_id": "93789d4b2c414ba890152ba07db140b7", "name": "tempest.common.compute-instance-1241275753", "created": "2015-12-24T13:05:55Z", "tenant_id": "73c6c03fb89e4ba998399274a03d6f28", "OS-DCF:diskConfig": "MANUAL", "os-extended-volumes:volumes_attached": [], "accessIPv4": "", "accessIPv6": "", "progress": 0, "OS-EXT-STS:power_state": 0, "config_drive": "", "metadata": {}}}
2015-12-24 13:05:59,269 21476 INFO     [tempest_lib.common.rest_client] Request (TestNetworkBasicOps:test_connectivity_between_vms_on_different_networks): 200 GET http://10.0.2.15:8774/v2.1/73c6c03fb89e4ba998399274a03d6f28/servers/082cdb9f-d11a-4bce-9eb8-d220cde488ee 0.383s
2015-12-24 13:05:59,269 21476 DEBUG    [tempest_lib.common.rest_client] Request - Headers: {'Content-Type': 'application/json', 'Accept': 'application/json', 'X-Auth-Token': '&lt;omitted&gt;'}
        Body: None
    Response - Headers: {'status': '200', 'content-length': '1481', 'content-location': 'http://10.0.2.15:8774/v2.1/73c6c03fb89e4ba998399274a03d6f28/servers/082cdb9f-d11a-4bce-9eb8-d220cde488ee', 'x-compute-request-id': 'req-a637ce63-e74b-42fd-865e-8fb9e947ae55', 'vary': 'X-OpenStack-Nova-API-Version', 'connection': 'close', 'x-openstack-nova-api-version': '2.1', 'date': 'Thu, 24 Dec 2015 13:05:59 GMT', 'content-type': 'application/json'}
        Body: {"server": {"status": "BUILD", "updated": "2015-12-24T13:05:56Z", "hostId": "fbb17a1cfa71bcda070c34c73fe3d322b584341b0794e7f27fbd20fe", "addresses": {}, "links": [{"href": "http://10.0.2.15:8774/v2.1/73c6c03fb89e4ba998399274a03d6f28/servers/082cdb9f-d11a-4bce-9eb8-d220cde488ee", "rel": "self"}, {"href": "http://10.0.2.15:8774/73c6c03fb89e4ba998399274a03d6f28/servers/082cdb9f-d11a-4bce-9eb8-d220cde488ee", "rel": "bookmark"}], "key_name": "tempest-TestNetworkBasicOps-102414070", "image": {"id": "c4f5c78f-5e89-4cac-b402-15487d18b953", "links": [{"href": "http://10.0.2.15:8774/73c6c03fb89e4ba998399274a03d6f28/images/c4f5c78f-5e89-4cac-b402-15487d18b953", "rel": "bookmark"}]}, "OS-EXT-STS:task_state": "spawning", "OS-EXT-STS:vm_state": "building", "OS-SRV-USG:launched_at": null, "flavor": {"id": "42", "links": [{"href": "http://10.0.2.15:8774/73c6c03fb89e4ba998399274a03d6f28/flavors/42", "rel": "bookmark"}]}, "id": "082cdb9f-d11a-4bce-9eb8-d220cde488ee", "security_groups": [{"name": "tempest-secgroup-smoke-1073920522"}], "OS-SRV-USG:terminated_at": null, "OS-EXT-AZ:availability_zone": "nova", "user_id": "93789d4b2c414ba890152ba07db140b7", "name": "tempest.common.compute-instance-1241275753", "created": "2015-12-24T13:05:55Z", "tenant_id": "73c6c03fb89e4ba998399274a03d6f28", "OS-DCF:diskConfig": "MANUAL", "os-extended-volumes:volumes_attached": [], "accessIPv4": "", "accessIPv6": "", "progress": 0, "OS-EXT-STS:power_state": 0, "config_drive": "", "metadata": {}}}
2015-12-24 13:06:00,477 21476 INFO     [tempest_lib.common.rest_client] Request (TestNetworkBasicOps:test_connectivity_between_vms_on_different_networks): 200 GET http://10.0.2.15:8774/v2.1/73c6c03fb89e4ba998399274a03d6f28/servers/082cdb9f-d11a-4bce-9eb8-d220cde488ee 0.196s
2015-12-24 13:06:00,477 21476 DEBUG    [tempest_lib.common.rest_client] Request - Headers: {'Content-Type': 'application/json', 'Accept': 'application/json', 'X-Auth-Token': '&lt;omitted&gt;'}
        Body: None
    Response - Headers: {'status': '200', 'content-length': '1653', 'content-location': 'http://10.0.2.15:8774/v2.1/73c6c03fb89e4ba998399274a03d6f28/servers/082cdb9f-d11a-4bce-9eb8-d220cde488ee', 'x-compute-request-id': 'req-afbeb246-b7f6-4d7c-99c8-27ede8ab3fba', 'vary': 'X-OpenStack-Nova-API-Version', 'connection': 'close', 'x-openstack-nova-api-version': '2.1', 'date': 'Thu, 24 Dec 2015 13:06:00 GMT', 'content-type': 'application/json'}
        Body: {"server": {"status": "ACTIVE", "updated": "2015-12-24T13:05:59Z", "hostId": "fbb17a1cfa71bcda070c34c73fe3d322b584341b0794e7f27fbd20fe", "addresses": {"tempest-network-smoke--1015699052": [{"OS-EXT-IPS-MAC:mac_addr": "fa:16:3e:3f:4c:83", "version": 4, "addr": "10.100.0.3", "OS-EXT-IPS:type": "fixed"}]}, "links": [{"href": "http://10.0.2.15:8774/v2.1/73c6c03fb89e4ba998399274a03d6f28/servers/082cdb9f-d11a-4bce-9eb8-d220cde488ee", "rel": "self"}, {"href": "http://10.0.2.15:8774/73c6c03fb89e4ba998399274a03d6f28/servers/082cdb9f-d11a-4bce-9eb8-d220cde488ee", "rel": "bookmark"}], "key_name": "tempest-TestNetworkBasicOps-102414070", "image": {"id": "c4f5c78f-5e89-4cac-b402-15487d18b953", "links": [{"href": "http://10.0.2.15:8774/73c6c03fb89e4ba998399274a03d6f28/images/c4f5c78f-5e89-4cac-b402-15487d18b953", "rel": "bookmark"}]}, "OS-EXT-STS:task_state": null, "OS-EXT-STS:vm_state": "active", "OS-SRV-USG:launched_at": "2015-12-24T13:05:58.000000", "flavor": {"id": "42", "links": [{"href": "http://10.0.2.15:8774/73c6c03fb89e4ba998399274a03d6f28/flavors/42", "rel": "bookmark"}]}, "id": "082cdb9f-d11a-4bce-9eb8-d220cde488ee", "security_groups": [{"name": "tempest-secgroup-smoke-1073920522"}], "OS-SRV-USG:terminated_at": null, "OS-EXT-AZ:availability_zone": "nova", "user_id": "93789d4b2c414ba890152ba07db140b7", "name": "tempest.common.compute-instance-1241275753", "created": "2015-12-24T13:05:55Z", "tenant_id": "73c6c03fb89e4ba998399274a03d6f28", "OS-DCF:diskConfig": "MANUAL", "os-extended-volumes:volumes_attached": [], "accessIPv4": "", "accessIPv6": "", "progress": 0, "OS-EXT-STS:power_state": 1, "config_drive": "True", "metadata": {}}}
2015-12-24 13:06:00,486 21476 INFO     [tempest.common.waiters] State transition "BUILD/spawning" ==&gt; "ACTIVE/None" after 5 second wait
2015-12-24 13:06:00,797 21476 INFO     [tempest_lib.common.rest_client] Request (TestNetworkBasicOps:test_connectivity_between_vms_on_different_networks): 200 GET http://10.0.2.15:8774/v2.1/73c6c03fb89e4ba998399274a03d6f28/servers/082cdb9f-d11a-4bce-9eb8-d220cde488ee 0.310s
2015-12-24 13:06:00,797 21476 DEBUG    [tempest_lib.common.rest_client] Request - Headers: {'Content-Type': 'application/json', 'Accept': 'application/json', 'X-Auth-Token': '&lt;omitted&gt;'}
        Body: None
    Response - Headers: {'status': '200', 'content-length': '1653', 'content-location': 'http://10.0.2.15:8774/v2.1/73c6c03fb89e4ba998399274a03d6f28/servers/082cdb9f-d11a-4bce-9eb8-d220cde488ee', 'x-compute-request-id': 'req-8b5e3e7f-f09c-4732-aa84-61e66e8058c8', 'vary': 'X-OpenStack-Nova-API-Version', 'connection': 'close', 'x-openstack-nova-api-version': '2.1', 'date': 'Thu, 24 Dec 2015 13:06:00 GMT', 'content-type': 'application/json'}
        Body: {"server": {"status": "ACTIVE", "updated": "2015-12-24T13:05:59Z", "hostId": "fbb17a1cfa71bcda070c34c73fe3d322b584341b0794e7f27fbd20fe", "addresses": {"tempest-network-smoke--1015699052": [{"OS-EXT-IPS-MAC:mac_addr": "fa:16:3e:3f:4c:83", "version": 4, "addr": "10.100.0.3", "OS-EXT-IPS:type": "fixed"}]}, "links": [{"href": "http://10.0.2.15:8774/v2.1/73c6c03fb89e4ba998399274a03d6f28/servers/082cdb9f-d11a-4bce-9eb8-d220cde488ee", "rel": "self"}, {"href": "http://10.0.2.15:8774/73c6c03fb89e4ba998399274a03d6f28/servers/082cdb9f-d11a-4bce-9eb8-d220cde488ee", "rel": "bookmark"}], "key_name": "tempest-TestNetworkBasicOps-102414070", "image": {"id": "c4f5c78f-5e89-4cac-b402-15487d18b953", "links": [{"href": "http://10.0.2.15:8774/73c6c03fb89e4ba998399274a03d6f28/images/c4f5c78f-5e89-4cac-b402-15487d18b953", "rel": "bookmark"}]}, "OS-EXT-STS:task_state": null, "OS-EXT-STS:vm_state": "active", "OS-SRV-USG:launched_at": "2015-12-24T13:05:58.000000", "flavor": {"id": "42", "links": [{"href": "http://10.0.2.15:8774/73c6c03fb89e4ba998399274a03d6f28/flavors/42", "rel": "bookmark"}]}, "id": "082cdb9f-d11a-4bce-9eb8-d220cde488ee", "security_groups": [{"name": "tempest-secgroup-smoke-1073920522"}], "OS-SRV-USG:terminated_at": null, "OS-EXT-AZ:availability_zone": "nova", "user_id": "93789d4b2c414ba890152ba07db140b7", "name": "tempest.common.compute-instance-1241275753", "created": "2015-12-24T13:05:55Z", "tenant_id": "73c6c03fb89e4ba998399274a03d6f28", "OS-DCF:diskConfig": "MANUAL", "os-extended-volumes:volumes_attached": [], "accessIPv4": "", "accessIPv6": "", "progress": 0, "OS-EXT-STS:power_state": 1, "config_drive": "True", "metadata": {}}}
2015-12-24 13:06:00,805 21476 INFO     [tempest.scenario.manager] Tenant networks not configured to be reachable.
2015-12-24 13:06:00,837 21476 INFO     [tempest_lib.common.rest_client] Request (TestNetworkBasicOps:test_connectivity_between_vms_on_different_networks): 200 GET http://10.0.2.15:9696/v2.0/ports?status=ACTIVE&amp;fixed_ip=None&amp;device_id=082cdb9f-d11a-4bce-9eb8-d220cde488ee 0.031s
2015-12-24 13:06:00,838 21476 DEBUG    [tempest_lib.common.rest_client] Request - Headers: {'Content-Type': 'application/json', 'Accept': 'application/json', 'X-Auth-Token': '&lt;omitted&gt;'}
        Body: None
    Response - Headers: {'status': '200', 'content-length': '895', 'content-location': 'http://10.0.2.15:9696/v2.0/ports?status=ACTIVE&amp;fixed_ip=None&amp;device_id=082cdb9f-d11a-4bce-9eb8-d220cde488ee', 'connection': 'close', 'date': 'Thu, 24 Dec 2015 13:06:00 GMT', 'content-type': 'application/json; charset=UTF-8', 'x-openstack-request-id': 'req-891ee10d-37d3-4a7b-a124-f002fc963858'}
        Body: {"ports": [{"status": "ACTIVE", "binding:host_id": "vagrant-ubuntu-trusty-64", "allowed_address_pairs": [], "extra_dhcp_opts": [], "dns_assignment": [{"hostname": "host-10-100-0-3", "ip_address": "10.100.0.3", "fqdn": "host-10-100-0-3.openstacklocal."}], "device_owner": "compute:None", "port_security_enabled": true, "binding:profile": {}, "fixed_ips": [{"subnet_id": "c4fe987f-ad5a-4bc4-be86-d41969e1e302", "ip_address": "10.100.0.3"}], "id": "3c942a36-469c-4bb6-bd6d-20e03fd5469b", "security_groups": ["e3a5de4a-810d-4ade-80b0-2fe300ea3103"], "device_id": "082cdb9f-d11a-4bce-9eb8-d220cde488ee", "name": "", "admin_state_up": true, "network_id": "8bc36b76-2bca-4a4c-9da0-144acea84f54", "dns_name": "", "binding:vif_details": {"port_filter": true}, "binding:vnic_type": "normal", "binding:vif_type": "ovs", "tenant_id": "73c6c03fb89e4ba998399274a03d6f28", "mac_address": "fa:16:3e:3f:4c:83"}]}
2015-12-24 13:06:01,380 21476 INFO     [tempest_lib.common.rest_client] Request (TestNetworkBasicOps:test_connectivity_between_vms_on_different_networks): 201 POST http://10.0.2.15:9696/v2.0/floatingips 0.542s
2015-12-24 13:06:01,381 21476 DEBUG    [tempest_lib.common.rest_client] Request - Headers: {'Content-Type': 'application/json', 'Accept': 'application/json', 'X-Auth-Token': '&lt;omitted&gt;'}
        Body: {"floatingip": {"floating_network_id": "8aa019b0-d390-40ed-a26a-892584f851fb", "tenant_id": "73c6c03fb89e4ba998399274a03d6f28", "fixed_ip_address": "10.100.0.3", "port_id": "3c942a36-469c-4bb6-bd6d-20e03fd5469b"}}
    Response - Headers: {'status': '201', 'content-length': '367', 'connection': 'close', 'date': 'Thu, 24 Dec 2015 13:06:01 GMT', 'content-type': 'application/json; charset=UTF-8', 'x-openstack-request-id': 'req-b9dfd7bc-478b-4b1d-801c-9a5c748219b8'}
        Body: {"floatingip": {"floating_network_id": "8aa019b0-d390-40ed-a26a-892584f851fb", "router_id": "b6b26c39-ab60-45ef-a8a6-a6e8705c9ce9", "fixed_ip_address": "10.100.0.3", "floating_ip_address": "172.24.4.4", "tenant_id": "73c6c03fb89e4ba998399274a03d6f28", "status": "DOWN", "port_id": "3c942a36-469c-4bb6-bd6d-20e03fd5469b", "id": "9e69ffe4-ad39-44b3-aa57-296e1c381696"}}
2015-12-24 13:06:01,396 21476 INFO     [tempest_lib.common.rest_client] Request (TestNetworkBasicOps:test_connectivity_between_vms_on_different_networks): 200 GET http://10.0.2.15:9696/v2.0/floatingips/9e69ffe4-ad39-44b3-aa57-296e1c381696 0.013s
2015-12-24 13:06:01,396 21476 DEBUG    [tempest_lib.common.rest_client] Request - Headers: {'Content-Type': 'application/json', 'Accept': 'application/json', 'X-Auth-Token': '&lt;omitted&gt;'}
        Body: None
    Response - Headers: {'status': '200', 'content-length': '367', 'content-location': 'http://10.0.2.15:9696/v2.0/floatingips/9e69ffe4-ad39-44b3-aa57-296e1c381696', 'connection': 'close', 'date': 'Thu, 24 Dec 2015 13:06:01 GMT', 'content-type': 'application/json; charset=UTF-8', 'x-openstack-request-id': 'req-da40d5b2-e5d4-4ef5-b1cf-764f4fe9be96'}
        Body: {"floatingip": {"floating_network_id": "8aa019b0-d390-40ed-a26a-892584f851fb", "router_id": "b6b26c39-ab60-45ef-a8a6-a6e8705c9ce9", "fixed_ip_address": "10.100.0.3", "floating_ip_address": "172.24.4.4", "tenant_id": "73c6c03fb89e4ba998399274a03d6f28", "status": "DOWN", "port_id": "3c942a36-469c-4bb6-bd6d-20e03fd5469b", "id": "9e69ffe4-ad39-44b3-aa57-296e1c381696"}}
2015-12-24 13:06:02,415 21476 INFO     [tempest_lib.common.rest_client] Request (TestNetworkBasicOps:test_connectivity_between_vms_on_different_networks): 200 GET http://10.0.2.15:9696/v2.0/floatingips/9e69ffe4-ad39-44b3-aa57-296e1c381696 0.016s
2015-12-24 13:06:02,415 21476 DEBUG    [tempest_lib.common.rest_client] Request - Headers: {'Content-Type': 'application/json', 'Accept': 'application/json', 'X-Auth-Token': '&lt;omitted&gt;'}
        Body: None
    Response - Headers: {'status': '200', 'content-length': '369', 'content-location': 'http://10.0.2.15:9696/v2.0/floatingips/9e69ffe4-ad39-44b3-aa57-296e1c381696', 'connection': 'close', 'date': 'Thu, 24 Dec 2015 13:06:02 GMT', 'content-type': 'application/json; charset=UTF-8', 'x-openstack-request-id': 'req-0aa4c9d3-a171-44d3-97ba-036b88fdf891'}
        Body: {"floatingip": {"floating_network_id": "8aa019b0-d390-40ed-a26a-892584f851fb", "router_id": "b6b26c39-ab60-45ef-a8a6-a6e8705c9ce9", "fixed_ip_address": "10.100.0.3", "floating_ip_address": "172.24.4.4", "tenant_id": "73c6c03fb89e4ba998399274a03d6f28", "status": "ACTIVE", "port_id": "3c942a36-469c-4bb6-bd6d-20e03fd5469b", "id": "9e69ffe4-ad39-44b3-aa57-296e1c381696"}}
2015-12-24 13:06:02,415 21476 INFO     [tempest.scenario.manager] FloatingIP: &lt;"FloatingIP" addr="172.24.4.4" id="9e69ffe4-ad39-44b3-aa57-296e1c381696"&gt; is at status: ACTIVE
2015-12-24 13:06:02,416 21476 DEBUG    [tempest.scenario.manager] checking network connections to IP 172.24.4.4 with user: cirros
2015-12-24 13:06:02,416 21476 DEBUG    [tempest.scenario.manager] TestNetworkBasicOps:test_connectivity_between_vms_on_different_networks begins to ping 172.24.4.4 in 120 sec and the expected result is reachable
2015-12-24 13:08:02,694 21476 DEBUG    [tempest.scenario.manager] TestNetworkBasicOps:test_connectivity_between_vms_on_different_networks finishes ping 172.24.4.4 in 120 sec and the ping result is unexpected
2015-12-24 13:08:02,694 21476 ERROR    [tempest.scenario.manager] Public network connectivity check failed
2015-12-24 13:08:02.694 21476 ERROR tempest.scenario.manager Traceback (most recent call last):
2015-12-24 13:08:02.694 21476 ERROR tempest.scenario.manager   File "tempest/scenario/manager.py", line 609, in check_public_network_connectivity
2015-12-24 13:08:02.694 21476 ERROR tempest.scenario.manager     should_connect=should_connect)
2015-12-24 13:08:02.694 21476 ERROR tempest.scenario.manager   File "tempest/scenario/manager.py", line 593, in check_vm_connectivity
2015-12-24 13:08:02.694 21476 ERROR tempest.scenario.manager     msg=msg)
2015-12-24 13:08:02.694 21476 ERROR tempest.scenario.manager   File "/usr/local/lib/python2.7/dist-packages/unittest2/case.py", line 702, in assertTrue
2015-12-24 13:08:02.694 21476 ERROR tempest.scenario.manager     raise self.failureException(msg)
2015-12-24 13:08:02.694 21476 ERROR tempest.scenario.manager AssertionError: False is not true : Timed out waiting for 172.24.4.4 to become reachable
2015-12-24 13:08:02.694 21476 ERROR tempest.scenario.manager 
2015-12-24 13:08:02,895 21476 INFO     [tempest_lib.common.rest_client] Request (TestNetworkBasicOps:test_connectivity_between_vms_on_different_networks): 200 POST http://10.0.2.15:8774/v2.1/73c6c03fb89e4ba998399274a03d6f28/servers/082cdb9f-d11a-4bce-9eb8-d220cde488ee/action 0.198s
2015-12-24 13:08:02,895 21476 DEBUG    [tempest_lib.common.rest_client] Request - Headers: {'Content-Type': 'application/json', 'Accept': 'application/json', 'X-Auth-Token': '&lt;omitted&gt;'}
        Body: {"os-getConsoleOutput": {}}
    Response - Headers: {'status': '200', 'content-length': '17474', 'x-compute-request-id': 'req-797e32a8-38b1-4048-9662-bf8f1ecd8d9a', 'vary': 'X-OpenStack-Nova-API-Version', 'connection': 'close', 'x-openstack-nova-api-version': '2.1', 'date': 'Thu, 24 Dec 2015 13:08:02 GMT', 'content-type': 'application/json'}
        Body: {"output": "[    0.000000] Initializing cgroup subsys cpuset\n[    0.000000] Initializing cgroup subsys cpu\n[    0.000000] Linux version 3.2.0-80-virtual (buildd@batsu) (gcc version 4.6.3 (Ubuntu/Linaro 4.6.3-1ubuntu5) ) #116-Ubuntu SMP Mon Mar 23 17:28:52 UTC 2015 (Ubuntu 3.2.0-80.116-virtual 3.2.68)\n[    0.000000] Command line: root=/dev/vda console=tty0 console=ttyS0 no_timer_check\n[    0.000000] KERNEL supported cpus:\n[    0.000000]   Intel GenuineIntel\n[    0.000000]   AMD AuthenticAMD\n[    0.000000]   Centaur CentaurHauls\n[    0.000000] BIOS-provided physical RAM map:\n[    0.000000]  BIOS-e820: 0000000000000000 - 000000000009fc00 (usable)\n[    0.000000]  BIOS-e820: 000000000009fc00 - 00000000000a0000 (reserved)\n[    0.000000]  BIOS-e820: 00000000000f0000 - 0000000000100000 (reserved)\n[    0.000000]  BIOS-e820: 0000000000100000 - 0000000003ffe000 (usable)\n[    0.000000]  BIOS-e820: 0000000003ffe000 - 0000000004000000 (reserved)\n[    0.000000]  BIOS-e820: 00000000fffc0000 - 0000000100000000 (reserved)\n[    0.000000] NX (Execute Disable) protection: active\n[    0.000000] SMBIOS 2.4 present.\n[    0.000000] No AGP bridge found\n[    0.000000] last_pfn = 0x3ffe max_arch_pfn = 0x400000000\n[    0.000000] x86 PAT enabled: cpu 0, old 0x7040600070406, new 0x7010600070106\n[    0.000000] found SMP MP-table at [ffff8800000f0b00] f0b00\n[    0.000000] init_memory_mapping: 0000000000000000-0000000003ffe000\n[    0.000000] RAMDISK: 03c5e000 - 03ff0000\n[    0.000000] ACPI: RSDP 00000000000f0950 00014 (v00 BOCHS )\n[    0.000000] ACPI: RSDT 0000000003fffbc1 00034 (v01 BOCHS  BXPCRSDT 00000001 BXPC 00000001)\n[    0.000000] ACPI: FACP 0000000003fff1c0 00074 (v01 BOCHS  BXPCFACP 00000001 BXPC 00000001)\n[    0.000000] ACPI: DSDT 0000000003ffe040 01180 (v01 BOCHS  BXPCDSDT 00000001 BXPC 00000001)\n[    0.000000] ACPI: FACS 0000000003ffe000 00040\n[    0.000000] ACPI: SSDT 0000000003fff234 008DD (v01 BOCHS  BXPCSSDT 00000001 BXPC 00000001)\n[    0.000000] ACPI: APIC 0000000003fffb11 00078 (v01 BOCHS  BXPCAPIC 00000001 BXPC 00000001)\n[    0.000000] ACPI: HPET 0000000003fffb89 00038 (v01 BOCHS  BXPCHPET 00000001 BXPC 00000001)\n[    0.000000] No NUMA configuration found\n[    0.000000] Faking a node at 0000000000000000-0000000003ffe000\n[    0.000000] Initmem setup node 0 0000000000000000-0000000003ffe000\n[    0.000000]   NODE_DATA [0000000003ff6000 - 0000000003ffafff]\n[    0.000000] Zone PFN ranges:\n[    0.000000]   DMA      0x00000010 -&gt; 0x00001000\n[    0.000000]   DMA32    0x00001000 -&gt; 0x00100000\n[    0.000000]   Normal   empty\n[    0.000000] Movable zone start PFN for each node\n[    0.000000] early_node_map[2] active PFN ranges\n[    0.000000]     0: 0x00000010 -&gt; 0x0000009f\n[    0.000000]     0: 0x00000100 -&gt; 0x00003ffe\n[    0.000000] ACPI: PM-Timer IO Port: 0xb008\n[    0.000000] ACPI: LAPIC (acpi_id[0x00] lapic_id[0x00] enabled)\n[    0.000000] ACPI: LAPIC_NMI (acpi_id[0xff] dfl dfl lint[0x1])\n[    0.000000] ACPI: IOAPIC (id[0x00] address[0xfec00000] gsi_base[0])\n[    0.000000] IOAPIC[0]: apic_id 0, version 17, address 0xfec00000, GSI 0-23\n[    0.000000] ACPI: INT_SRC_OVR (bus 0 bus_irq 0 global_irq 2 dfl dfl)\n[    0.000000] ACPI: INT_SRC_OVR (bus 0 bus_irq 5 global_irq 5 high level)\n[    0.000000] ACPI: INT_SRC_OVR (bus 0 bus_irq 9 global_irq 9 high level)\n[    0.000000] ACPI: INT_SRC_OVR (bus 0 bus_irq 10 global_irq 10 high level)\n[    0.000000] ACPI: INT_SRC_OVR (bus 0 bus_irq 11 global_irq 11 high level)\n[    0.000000] Using ACPI (MADT) for SMP configuration information\n[    0.000000] ACPI: HPET id: 0x8086a201 base: 0xfed00000\n[    0.000000] SMP: Allowing 1 CPUs, 0 hotplug CPUs\n[    0.000000] PM: Registered nosave memory: 000000000009f000 - 00000000000a0000\n[    0.000000] PM: Registered nosave memory: 00000000000a0000 - 00000000000f0000\n[    0.000000] PM: Registered nosave memory: 00000000000f0000 - 0000000000100000\n[    0.000000] Allocating PCI resources starting at 4000000 (gap: 4000000:fbfc0000)\n[    0.000000] Booting paravirtualized kernel on bare hardware\n[    0.000000] setup_pe
2015-12-24 13:08:02,900 21476 DEBUG    [tempest.scenario.manager] Console output for 082cdb9f-d11a-4bce-9eb8-d220cde488ee
body=
[    0.000000] Initializing cgroup subsys cpuset
[    0.000000] Initializing cgroup subsys cpu
[    0.000000] Linux version 3.2.0-80-virtual (buildd@batsu) (gcc version 4.6.3 (Ubuntu/Linaro 4.6.3-1ubuntu5) ) #116-Ubuntu SMP Mon Mar 23 17:28:52 UTC 2015 (Ubuntu 3.2.0-80.116-virtual 3.2.68)
[    0.000000] Command line: root=/dev/vda console=tty0 console=ttyS0 no_timer_check
[    0.000000] KERNEL supported cpus:
[    0.000000]   Intel GenuineIntel
[    0.000000]   AMD AuthenticAMD
[    0.000000]   Centaur CentaurHauls
[    0.000000] BIOS-provided physical RAM map:
[    0.000000]  BIOS-e820: 0000000000000000 - 000000000009fc00 (usable)
[    0.000000]  BIOS-e820: 000000000009fc00 - 00000000000a0000 (reserved)
[    0.000000]  BIOS-e820: 00000000000f0000 - 0000000000100000 (reserved)
[    0.000000]  BIOS-e820: 0000000000100000 - 0000000003ffe000 (usable)
[    0.000000]  BIOS-e820: 0000000003ffe000 - 0000000004000000 (reserved)
[    0.000000]  BIOS-e820: 00000000fffc0000 - 0000000100000000 (reserved)
[    0.000000] NX (Execute Disable) protection: active
[    0.000000] SMBIOS 2.4 present.
[    0.000000] No AGP bridge found
[    0.000000] last_pfn = 0x3ffe max_arch_pfn = 0x400000000
[    0.000000] x86 PAT enabled: cpu 0, old 0x7040600070406, new 0x7010600070106
[    0.000000] found SMP MP-table at [ffff8800000f0b00] f0b00
[    0.000000] init_memory_mapping: 0000000000000000-0000000003ffe000
[    0.000000] RAMDISK: 03c5e000 - 03ff0000
[    0.000000] ACPI: RSDP 00000000000f0950 00014 (v00 BOCHS )
[    0.000000] ACPI: RSDT 0000000003fffbc1 00034 (v01 BOCHS  BXPCRSDT 00000001 BXPC 00000001)
[    0.000000] ACPI: FACP 0000000003fff1c0 00074 (v01 BOCHS  BXPCFACP 00000001 BXPC 00000001)
[    0.000000] ACPI: DSDT 0000000003ffe040 01180 (v01 BOCHS  BXPCDSDT 00000001 BXPC 00000001)
[    0.000000] ACPI: FACS 0000000003ffe000 00040
[    0.000000] ACPI: SSDT 0000000003fff234 008DD (v01 BOCHS  BXPCSSDT 00000001 BXPC 00000001)
[    0.000000] ACPI: APIC 0000000003fffb11 00078 (v01 BOCHS  BXPCAPIC 00000001 BXPC 00000001)
[    0.000000] ACPI: HPET 0000000003fffb89 00038 (v01 BOCHS  BXPCHPET 00000001 BXPC 00000001)
[    0.000000] No NUMA configuration found
[    0.000000] Faking a node at 0000000000000000-0000000003ffe000
[    0.000000] Initmem setup node 0 0000000000000000-0000000003ffe000
[    0.000000]   NODE_DATA [0000000003ff6000 - 0000000003ffafff]
[    0.000000] Zone PFN ranges:
[    0.000000]   DMA      0x00000010 -&gt; 0x00001000
[    0.000000]   DMA32    0x00001000 -&gt; 0x00100000
[    0.000000]   Normal   empty
[    0.000000] Movable zone start PFN for each node
[    0.000000] early_node_map[2] active PFN ranges
[    0.000000]     0: 0x00000010 -&gt; 0x0000009f
[    0.000000]     0: 0x00000100 -&gt; 0x00003ffe
[    0.000000] ACPI: PM-Timer IO Port: 0xb008
[    0.000000] ACPI: LAPIC (acpi_id[0x00] lapic_id[0x00] enabled)
[    0.000000] ACPI: LAPIC_NMI (acpi_id[0xff] dfl dfl lint[0x1])
[    0.000000] ACPI: IOAPIC (id[0x00] address[0xfec00000] gsi_base[0])
[    0.000000] IOAPIC[0]: apic_id 0, version 17, address 0xfec00000, GSI 0-23
[    0.000000] ACPI: INT_SRC_OVR (bus 0 bus_irq 0 global_irq 2 dfl dfl)
[    0.000000] ACPI: INT_SRC_OVR (bus 0 bus_irq 5 global_irq 5 high level)
[    0.000000] ACPI: INT_SRC_OVR (bus 0 bus_irq 9 global_irq 9 high level)
[    0.000000] ACPI: INT_SRC_OVR (bus 0 bus_irq 10 global_irq 10 high level)
[    0.000000] ACPI: INT_SRC_OVR (bus 0 bus_irq 11 global_irq 11 high level)
[    0.000000] Using ACPI (MADT) for SMP configuration information
[    0.000000] ACPI: HPET id: 0x8086a201 base: 0xfed00000
[    0.000000] SMP: Allowing 1 CPUs, 0 hotplug CPUs
[    0.000000] PM: Registered nosave memory: 000000000009f000 - 00000000000a0000
[    0.000000] PM: Registered nosave memory: 00000000000a0000 - 00000000000f0000
[    0.000000] PM: Registered nosave memory: 00000000000f0000 - 0000000000100000
[    0.000000] Allocating PCI resources starting at 4000000 (gap: 4000000:fbfc0000)
[    0.000000] Booting paravirtualized kernel on bare hardware
[    0.000000] setup_percpu: NR_CPUS:64 nr_cpumask_bits:64 nr_cpu_ids:1 nr_node_ids:1
[    0.000000] PERCPU: Embedded 27 pages/cpu @ffff880003a00000 s78848 r8192 d23552 u2097152
[    0.000000] Built 1 zonelists in Node order, mobility grouping on.  Total pages: 16008
[    0.000000] Policy zone: DMA32
[    0.000000] Kernel command line: root=/dev/vda console=tty0 console=ttyS0 no_timer_check
[    0.000000] PID hash table entries: 256 (order: -1, 2048 bytes)
[    0.000000] Checking aperture...
[    0.000000] No AGP bridge found
[    0.000000] Memory: 43492k/65528k available (6576k kernel code, 452k absent, 21584k reserved, 6620k data, 928k init)
[    0.000000] SLUB: Genslabs=15, HWalign=64, Order=0-3, MinObjects=0, CPUs=1, Nodes=1
[    0.000000] Hierarchical RCU implementation.
[    0.000000] 	RCU dyntick-idle grace-period acceleration is enabled.
[    0.000000] NR_IRQS:4352 nr_irqs:256 16
[    0.000000] Console: colour VGA+ 80x25
[    0.000000] console [tty0] enabled
[    0.000000] console [ttyS0] enabled
[    0.000000] allocated 1048576 bytes of page_cgroup
[    0.000000] please try 'cgroup_disable=memory' option if you don't want memory cgroups
[    0.000000] Fast TSC calibration failed
[    0.000000] TSC: Unable to calibrate against PIT
[    0.000000] TSC: using HPET reference calibration
[    0.000000] Detected 2293.733 MHz processor.
[    0.032925] Calibrating delay loop (skipped), value calculated using timer frequency.. 4587.46 BogoMIPS (lpj=9174932)
[    0.037223] pid_max: default: 32768 minimum: 301
[    0.046082] Security Framework initialized
[    0.050964] AppArmor: AppArmor initialized
[    0.052123] Yama: becoming mindful.
[    0.061484] Dentry cache hash table entries: 8192 (order: 4, 65536 bytes)
[    0.065170] Inode-cache hash table entries: 4096 (order: 3, 32768 bytes)
[    0.069422] Mount-cache hash table entries: 256
[    0.093705] Initializing cgroup subsys cpuacct
[    0.094707] Initializing cgroup subsys memory
[    0.096816] Initializing cgroup subsys devices
[    0.097659] Initializing cgroup subsys freezer
[    0.098354] Initializing cgroup subsys blkio
[    0.099199] Initializing cgroup subsys perf_event
[    0.104891] mce: CPU supports 10 MCE banks
[    0.108677] SMP alternatives: switching to UP code
[    0.496193] Freeing SMP alternatives: 24k freed
[    0.498489] ACPI: Core revision 20110623
[    0.552920] ftrace: allocating 26610 entries in 105 pages
[    0.586418] ..TIMER: vector=0x30 apic1=0 pin1=2 apic2=-1 pin2=-1
[    0.588156] CPU0: AMD QEMU Virtual CPU version 2.0.0 stepping 03
[    0.592036] Performance Events: Broken PMU hardware detected, using software events only.
[    0.601385] NMI watchdog disabled (cpu0): hardware events not enabled
[    0.602989] Brought up 1 CPUs
[    0.604251] Total of 1 processors activated (4587.46 BogoMIPS).
[    0.632474] devtmpfs: initialized
[    0.663299] EVM: security.selinux
[    0.664086] EVM: security.SMACK64
[    0.664950] EVM: security.capability
[    0.691064] print_constraints: dummy: 
[    0.693285] RTC time: 13:06:02, date: 12/24/15
[    0.697322] NET: Registered protocol family 16
[    0.705153] ACPI: bus type pci registered
[    0.708590] PCI: Using configuration type 1 for base access
[    0.738528] bio: create slab &lt;bio-0&gt; at 0
[    0.742963] ACPI: Added _OSI(Module Device)
[    0.744147] ACPI: Added _OSI(Processor Device)
[    0.744725] ACPI: Added _OSI(3.0 _SCP Extensions)
[    0.745368] ACPI: Added _OSI(Processor Aggregator Device)
[    0.816512] ACPI: Interpreter enabled
[    0.817116] ACPI: (supports S0 S3 S4 S5)
[    0.818734] ACPI: Using IOAPIC for interrupt routing
[    0.902165] ACPI: No dock devices found.
[    0.902812] HEST: Table not found.
[    0.903535] PCI: Using host bridge windows from ACPI; if necessary, use "pci=nocrs" and report a bug
[    0.909803] ACPI: PCI Root Bridge [PCI0] (domain 0000 [bus 00-ff])
[    0.915419] pci_root PNP0A03:00: host bridge window [io  0x0000-0x0cf7]
[    0.916187] pci_root PNP0A03:00: host bridge window [io  0x0d00-0xadff]
[    0.917083] pci_root PNP0A03:00: host bridge window [io  0xae0f-0xaeff]
[    0.917882] pci_root PNP0A03:00: host bridge window [io  0xaf20-0xafdf]
[    0.918945] pci_root PNP0A03:00: host bridge window [io  0xafe4-0xffff]
[    0.920192] pci_root PNP0A03:00: host bridge window [mem 0x000a0000-0x000bffff]
[    0.921142] pci_root PNP0A03:00: host bridge window [mem 0x04000000-0xfebfffff]
[    0.948497] pci 0000:00:01.3: quirk: [io  0xb000-0xb03f] claimed by PIIX4 ACPI
[    0.949607] pci 0000:00:01.3: quirk: [io  0xb100-0xb10f] claimed by PIIX4 SMB
[    1.020792]  pci0000:00: Unable to request _OSC control (_OSC support mask: 0x1e)
[    1.073800] ACPI: PCI Interrupt Link [LNKA] (IRQs 5 *10 11)
[    1.076997] ACPI: PCI Interrupt Link [LNKB] (IRQs 5 *10 11)
[    1.079250] ACPI: PCI Interrupt Link [LNKC] (IRQs 5 10 *11)
[    1.081280] ACPI: PCI Interrupt Link [LNKD] (IRQs 5 10 *11)
[    1.082478] ACPI: PCI Interrupt Link [LNKS] (IRQs *9)
[    1.090035] vgaarb: device added: PCI:0000:00:02.0,decodes=io+mem,owns=io+mem,locks=none
[    1.091018] vgaarb: loaded
[    1.091313] vgaarb: bridge control possible 0000:00:02.0
[    1.094361] i2c-core: driver [aat2870] using legacy suspend method
[    1.096138] i2c-core: driver [aat2870] using legacy resume method
[    1.098256] SCSI subsystem initialized
[    1.101897] usbcore: registered new interface driver usbfs
[    1.102993] usbcore: registered new interface driver hub
[    1.104713] usbcore: registered new device driver usb
[    1.108698] PCI: Using ACPI for IRQ routing
[    1.125848] NetLabel: Initializing
[    1.126617] NetLabel:  domain hash size = 128
[    1.128156] NetLabel:  protocols = UNLABELED CIPSOv4
[    1.130195] NetLabel:  unlabeled traffic allowed by default
[    1.133288] HPET: 3 timers in total, 0 timers will be used for per-cpu timer
[    1.136598] hpet0: at MMIO 0xfed00000, IRQs 2, 8, 0
[    1.137522] hpet0: 3 comparators, 64-bit 100.000000 MHz counter
[    1.157309] Switching to clocksource hpet
[    1.387130] AppArmor: AppArmor Filesystem Enabled
[    1.388515] pnp: PnP ACPI init
[    1.389173] ACPI: bus type pnp registered
[    1.409347] pnp: PnP ACPI: found 9 devices
[    1.410091] ACPI: ACPI bus type pnp unregistered
[    1.469839] NET: Registered protocol family 2
[    1.510495] IP route cache hash table entries: 512 (order: 0, 4096 bytes)
[    1.518184] TCP established hash table entries: 2048 (order: 3, 32768 bytes)
[    1.519246] TCP bind hash table entries: 2048 (order: 3, 32768 bytes)
[    1.521857] TCP: Hash tables configured (established 2048 bind 2048)
[    1.522628] TCP reno registered
[    1.523152] UDP hash table entries: 128 (order: 0, 4096 bytes)
[    1.524047] UDP-Lite hash table entries: 128 (order: 0, 4096 bytes)
[    1.527161] NET: Registered protocol family 1
[    1.528081] pci 0000:00:00.0: Limiting direct PCI/PCI transfers
[    1.529787] pci 0000:00:01.0: PIIX3: Enabling Passive Release
[    1.530649] pci 0000:00:01.0: Activating ISA DMA hang workarounds
[    1.535276] ACPI: PCI Interrupt Link [LNKD] enabled at IRQ 11
[    1.536392] pci 0000:00:01.2: PCI INT D -&gt; Link[LNKD] -&gt; GSI 11 (level, high) -&gt; IRQ 11
[    1.539204] pci 0000:00:01.2: PCI INT D disabled
[    1.556031] Trying to unpack rootfs image as initramfs...
[    1.574953] audit: initializing netlink socket (disabled)
[    1.578422] type=2000 audit(1450962362.572:1): initialized
[    1.891166] HugeTLB registered 2 MB page size, pre-allocated 0 pages
[    1.995428] VFS: Disk quotas dquot_6.5.2
[    1.997675] Dquot-cache hash table entries: 512 (order 0, 4096 bytes)
[    2.013346] fuse init (API version 7.17)
[    2.015489] msgmni has been set to 84
[    2.047300] Block layer SCSI generic (bsg) driver version 0.4 loaded (major 253)
[    2.058314] io scheduler noop registered
[    2.058876] io scheduler deadline registered (default)
[    2.059829] io scheduler cfq registered
[    2.063456] pci_hotplug: PCI Hot Plug PCI Core version: 0.5
[    2.066435] pciehp: PCI Express Hot Plug Controller Driver version: 0.4
[    2.071740] input: Power Button as /devices/LNXSYSTM:00/LNXPWRBN:00/input/input0
[    2.074836] ACPI: Power Button [PWRF]
[    2.125962] ERST: Table is not found!
[    2.126450] GHES: HEST is not enabled!
[    2.129437] ACPI: PCI Interrupt Link [LNKC] enabled at IRQ 10
[    2.130268] virtio-pci 0000:00:03.0: PCI INT A -&gt; Link[LNKC] -&gt; GSI 10 (level, high) -&gt; IRQ 10
[    2.133248] virtio-pci 0000:00:04.0: PCI INT A -&gt; Link[LNKD] -&gt; GSI 11 (level, high) -&gt; IRQ 11
[    2.151227] ACPI: PCI Interrupt Link [LNKA] enabled at IRQ 10
[    2.152982] virtio-pci 0000:00:05.0: PCI INT A -&gt; Link[LNKA] -&gt; GSI 10 (level, high) -&gt; IRQ 10
[    2.179954] Serial: 8250/16550 driver, 32 ports, IRQ sharing enabled
[    2.229625] serial8250: ttyS0 at I/O 0x3f8 (irq = 4) is a 16550A
[    2.318265] serial8250: ttyS1 at I/O 0x2f8 (irq = 3) is a 16550A
[    2.438309] 00:05: ttyS0 at I/O 0x3f8 (irq = 4) is a 16550A
[    2.510471] 00:06: ttyS1 at I/O 0x2f8 (irq = 3) is a 16550A
[    2.542242] Refined TSC clocksource calibration: 2293.848 MHz.
[    2.543754] Switching to clocksource tsc
[    2.563959] Linux agpgart interface v0.103
[    2.618894] brd: module loaded
[    2.662766] loop: module loaded
[    2.713987]  vda: unknown partition table
[    2.769227] scsi0 : ata_piix
[    2.778502] scsi1 : ata_piix
[    2.779550] ata1: PATA max MWDMA2 cmd 0x1f0 ctl 0x3f6 bmdma 0xc0a0 irq 14
[    2.780726] ata2: PATA max MWDMA2 cmd 0x170 ctl 0x376 bmdma 0xc0a8 irq 15
[    2.791008] Fixed MDIO Bus: probed
[    2.791914] tun: Universal TUN/TAP device driver, 1.6
[    2.792818] tun: (C) 1999-2004 Max Krasnyansky &lt;maxk@qualcomm.com&gt;
[    2.805847] PPP generic driver version 2.4.2
[    2.827310] ehci_hcd: USB 2.0 'Enhanced' Host Controller (EHCI) Driver
[    2.829054] ohci_hcd: USB 1.1 'Open' Host Controller (OHCI) Driver
[    2.829939] uhci_hcd: USB Universal Host Controller Interface driver
[    2.831811] uhci_hcd 0000:00:01.2: PCI INT D -&gt; Link[LNKD] -&gt; GSI 11 (level, high) -&gt; IRQ 11
[    2.835260] uhci_hcd 0000:00:01.2: UHCI Host Controller
[    2.850035] uhci_hcd 0000:00:01.2: new USB bus registered, assigned bus number 1
[    2.851613] uhci_hcd 0000:00:01.2: irq 11, io base 0x0000c040
[    2.881496] hub 1-0:1.0: USB hub found
[    2.885508] hub 1-0:1.0: 2 ports detected
[    2.896423] usbcore: registered new interface driver libusual
[    2.900840] i8042: PNP: PS/2 Controller [PNP0303:KBD,PNP0f13:MOU] at 0x60,0x64 irq 1,12
[    2.909721] serio: i8042 KBD port at 0x60,0x64 irq 1
[    2.911157] serio: i8042 AUX port at 0x60,0x64 irq 12
[    2.955706] mousedev: PS/2 mouse device common for all mice
[    2.965217] input: AT Translated Set 2 keyboard as /devices/platform/i8042/serio0/input/input1
[    2.971631] rtc_cmos 00:01: RTC can wake from S4
[    3.010530] rtc_cmos 00:01: rtc core: registered rtc_cmos as rtc0
[    3.016637] rtc0: alarms up to one day, 114 bytes nvram, hpet irqs
[    3.021083] device-mapper: uevent: version 1.0.3
[    3.036011] ata2.01: ATAPI: QEMU DVD-ROM, 2.0.0, max UDMA/100
[    3.054093] device-mapper: ioctl: 4.22.0-ioctl (2011-10-19) initialised: dm-devel@redhat.com
[    3.058386] cpuidle: using governor ladder
[    3.059402] cpuidle: using governor menu
[    3.060021] EFI Variables Facility v0.08 2004-May-17
[    3.082260] TCP cubic registered
[    3.090797] NET: Registered protocol family 10
[    3.130759] NET: Registered protocol family 17
[    3.133290] Registering the dns_resolver key type
[    3.142569] ata2.01: configured for MWDMA2
[    3.174263] scsi 1:0:1:0: CD-ROM            QEMU     QEMU DVD-ROM     2.0. PQ: 0 ANSI: 5
[    3.201645] sr0: scsi3-mmc drive: 4x/4x cd/rw xa/form2 tray
[    3.203222] cdrom: Uniform CD-ROM driver Revision: 3.20
[    3.221459] sr 1:0:1:0: Attached scsi generic sg0 type 5
[    3.293036] registered taskstats version 1
[    3.342631] Freeing initrd memory: 3656k freed
[    3.835623]   Magic number: 11:284:130
[    3.850070] acpi device:05: hash matches
[    3.855701] rtc_cmos 00:01: setting system clock to 2015-12-24 13:06:05 UTC (1450962365)
[    3.858882] powernow-k8: Processor cpuid 663 not supported
[    3.865082] BIOS EDD facility v0.16 2004-Jun-25, 0 devices found
[    3.866566] EDD information not available.
[    3.927409] Freeing unused kernel memory: 928k freed
[    3.933591] Write protecting the kernel read-only data: 12288k
[    4.060004] Freeing unused kernel memory: 1596k freed
[    4.143164] Freeing unused kernel memory: 1184k freed

info: initramfs: up at 4.32
modprobe: module virtio_blk not found in modules.dep
modprobe: module virtio_net not found in modules.dep
info: copying initramfs to /dev/vda
info: initramfs loading root from /dev/vda
info: /etc/init.d/rc.sysinit: up at 8.87
info: container: none
Starting logging: OK
modprobe: module virtio_blk not found in modules.dep
modprobe: module virtio_net not found in modules.dep
WARN: /etc/rc3.d/S10-load-modules failed
Initializing random number generator... done.
Starting acpid: OK
cirros-ds 'local' up at 11.44
found datasource (configdrive, local)
Starting network...
udhcpc (v1.20.1) started
Sending discover...
Sending discover...

2015-12-24 13:08:03,175 21476 INFO     [tempest_lib.common.rest_client] Request (TestNetworkBasicOps:_run_cleanups): 204 DELETE http://10.0.2.15:9696/v2.0/floatingips/9e69ffe4-ad39-44b3-aa57-296e1c381696 0.268s
2015-12-24 13:08:03,175 21476 DEBUG    [tempest_lib.common.rest_client] Request - Headers: {'Content-Type': 'application/json', 'Accept': 'application/json', 'X-Auth-Token': '&lt;omitted&gt;'}
        Body: None
    Response - Headers: {'date': 'Thu, 24 Dec 2015 13:08:03 GMT', 'status': '204', 'connection': 'close', 'content-length': '0', 'x-openstack-request-id': 'req-b75c4c01-9ad4-474a-b21c-c2be1f6e213f'}
        Body: 
2015-12-24 13:08:03,388 21476 INFO     [tempest_lib.common.rest_client] Request (TestNetworkBasicOps:_run_cleanups): 204 DELETE http://10.0.2.15:8774/v2.1/73c6c03fb89e4ba998399274a03d6f28/servers/082cdb9f-d11a-4bce-9eb8-d220cde488ee 0.212s
2015-12-24 13:08:03,388 21476 DEBUG    [tempest_lib.common.rest_client] Request - Headers: {'Content-Type': 'application/json', 'Accept': 'application/json', 'X-Auth-Token': '&lt;omitted&gt;'}
        Body: None
    Response - Headers: {'status': '204', 'content-length': '0', 'x-compute-request-id': 'req-4f9eade1-d0f3-4ada-aef9-d05ea7f4bf83', 'vary': 'X-OpenStack-Nova-API-Version', 'connection': 'close', 'x-openstack-nova-api-version': '2.1', 'date': 'Thu, 24 Dec 2015 13:08:03 GMT', 'content-type': 'application/json'}
        Body: 
2015-12-24 13:08:03,621 21476 INFO     [tempest_lib.common.rest_client] Request (TestNetworkBasicOps:_run_cleanups): 200 GET http://10.0.2.15:8774/v2.1/73c6c03fb89e4ba998399274a03d6f28/servers/082cdb9f-d11a-4bce-9eb8-d220cde488ee 0.232s
2015-12-24 13:08:03,622 21476 DEBUG    [tempest_lib.common.rest_client] Request - Headers: {'Content-Type': 'application/json', 'Accept': 'application/json', 'X-Auth-Token': '&lt;omitted&gt;'}
        Body: None
    Response - Headers: {'status': '200', 'content-length': '1776', 'content-location': 'http://10.0.2.15:8774/v2.1/73c6c03fb89e4ba998399274a03d6f28/servers/082cdb9f-d11a-4bce-9eb8-d220cde488ee', 'x-compute-request-id': 'req-0596c3d2-8c2a-403a-913d-394aa9e161eb', 'vary': 'X-OpenStack-Nova-API-Version', 'connection': 'close', 'x-openstack-nova-api-version': '2.1', 'date': 'Thu, 24 Dec 2015 13:08:03 GMT', 'content-type': 'application/json'}
        Body: {"server": {"status": "ACTIVE", "updated": "2015-12-24T13:08:03Z", "hostId": "fbb17a1cfa71bcda070c34c73fe3d322b584341b0794e7f27fbd20fe", "addresses": {"tempest-network-smoke--1015699052": [{"OS-EXT-IPS-MAC:mac_addr": "fa:16:3e:3f:4c:83", "version": 4, "addr": "10.100.0.3", "OS-EXT-IPS:type": "fixed"}, {"OS-EXT-IPS-MAC:mac_addr": "fa:16:3e:3f:4c:83", "version": 4, "addr": "172.24.4.4", "OS-EXT-IPS:type": "floating"}]}, "links": [{"href": "http://10.0.2.15:8774/v2.1/73c6c03fb89e4ba998399274a03d6f28/servers/082cdb9f-d11a-4bce-9eb8-d220cde488ee", "rel": "self"}, {"href": "http://10.0.2.15:8774/73c6c03fb89e4ba998399274a03d6f28/servers/082cdb9f-d11a-4bce-9eb8-d220cde488ee", "rel": "bookmark"}], "key_name": "tempest-TestNetworkBasicOps-102414070", "image": {"id": "c4f5c78f-5e89-4cac-b402-15487d18b953", "links": [{"href": "http://10.0.2.15:8774/73c6c03fb89e4ba998399274a03d6f28/images/c4f5c78f-5e89-4cac-b402-15487d18b953", "rel": "bookmark"}]}, "OS-EXT-STS:task_state": "deleting", "OS-EXT-STS:vm_state": "active", "OS-SRV-USG:launched_at": "2015-12-24T13:05:58.000000", "flavor": {"id": "42", "links": [{"href": "http://10.0.2.15:8774/73c6c03fb89e4ba998399274a03d6f28/flavors/42", "rel": "bookmark"}]}, "id": "082cdb9f-d11a-4bce-9eb8-d220cde488ee", "security_groups": [{"name": "tempest-secgroup-smoke-1073920522"}], "OS-SRV-USG:terminated_at": null, "OS-EXT-AZ:availability_zone": "nova", "user_id": "93789d4b2c414ba890152ba07db140b7", "name": "tempest.common.compute-instance-1241275753", "created": "2015-12-24T13:05:55Z", "tenant_id": "73c6c03fb89e4ba998399274a03d6f28", "OS-DCF:diskConfig": "MANUAL", "os-extended-volumes:volumes_attached": [], "accessIPv4": "", "accessIPv6": "", "progress": 0, "OS-EXT-STS:power_state": 1, "config_drive": "True", "metadata": {}}}
2015-12-24 13:08:04,789 21476 INFO     [tempest_lib.common.rest_client] Request (TestNetworkBasicOps:_run_cleanups): 200 GET http://10.0.2.15:8774/v2.1/73c6c03fb89e4ba998399274a03d6f28/servers/082cdb9f-d11a-4bce-9eb8-d220cde488ee 0.150s
2015-12-24 13:08:04,790 21476 DEBUG    [tempest_lib.common.rest_client] Request - Headers: {'Content-Type': 'application/json', 'Accept': 'application/json', 'X-Auth-Token': '&lt;omitted&gt;'}
        Body: None
    Response - Headers: {'status': '200', 'content-length': '1708', 'content-location': 'http://10.0.2.15:8774/v2.1/73c6c03fb89e4ba998399274a03d6f28/servers/082cdb9f-d11a-4bce-9eb8-d220cde488ee', 'x-compute-request-id': 'req-9924fc69-dbef-484a-a09d-d616cbb52573', 'vary': 'X-OpenStack-Nova-API-Version', 'connection': 'close', 'x-openstack-nova-api-version': '2.1', 'date': 'Thu, 24 Dec 2015 13:08:04 GMT', 'content-type': 'application/json'}
        Body: {"server": {"status": "ACTIVE", "updated": "2015-12-24T13:08:04Z", "hostId": "fbb17a1cfa71bcda070c34c73fe3d322b584341b0794e7f27fbd20fe", "addresses": {"tempest-network-smoke--1015699052": [{"OS-EXT-IPS-MAC:mac_addr": "fa:16:3e:3f:4c:83", "version": 4, "addr": "10.100.0.3", "OS-EXT-IPS:type": "fixed"}, {"OS-EXT-IPS-MAC:mac_addr": "fa:16:3e:3f:4c:83", "version": 4, "addr": "172.24.4.4", "OS-EXT-IPS:type": "floating"}]}, "links": [{"href": "http://10.0.2.15:8774/v2.1/73c6c03fb89e4ba998399274a03d6f28/servers/082cdb9f-d11a-4bce-9eb8-d220cde488ee", "rel": "self"}, {"href": "http://10.0.2.15:8774/73c6c03fb89e4ba998399274a03d6f28/servers/082cdb9f-d11a-4bce-9eb8-d220cde488ee", "rel": "bookmark"}], "key_name": "tempest-TestNetworkBasicOps-102414070", "image": {"id": "c4f5c78f-5e89-4cac-b402-15487d18b953", "links": [{"href": "http://10.0.2.15:8774/73c6c03fb89e4ba998399274a03d6f28/images/c4f5c78f-5e89-4cac-b402-15487d18b953", "rel": "bookmark"}]}, "OS-EXT-STS:task_state": "deleting", "OS-EXT-STS:vm_state": "active", "OS-SRV-USG:launched_at": "2015-12-24T13:05:58.000000", "flavor": {"id": "42", "links": [{"href": "http://10.0.2.15:8774/73c6c03fb89e4ba998399274a03d6f28/flavors/42", "rel": "bookmark"}]}, "id": "082cdb9f-d11a-4bce-9eb8-d220cde488ee", "OS-SRV-USG:terminated_at": null, "OS-EXT-AZ:availability_zone": "nova", "user_id": "93789d4b2c414ba890152ba07db140b7", "name": "tempest.common.compute-instance-1241275753", "created": "2015-12-24T13:05:55Z", "tenant_id": "73c6c03fb89e4ba998399274a03d6f28", "OS-DCF:diskConfig": "MANUAL", "os-extended-volumes:volumes_attached": [], "accessIPv4": "", "accessIPv6": "", "progress": 0, "OS-EXT-STS:power_state": 1, "config_drive": "True", "metadata": {}}}
2015-12-24 13:08:05,883 21476 INFO     [tempest_lib.common.rest_client] Request (TestNetworkBasicOps:_run_cleanups): 404 GET http://10.0.2.15:8774/v2.1/73c6c03fb89e4ba998399274a03d6f28/servers/082cdb9f-d11a-4bce-9eb8-d220cde488ee 0.083s
2015-12-24 13:08:05,884 21476 DEBUG    [tempest_lib.common.rest_client] Request - Headers: {'Content-Type': 'application/json', 'Accept': 'application/json', 'X-Auth-Token': '&lt;omitted&gt;'}
        Body: None
    Response - Headers: {'status': '404', 'content-length': '111', 'x-compute-request-id': 'req-f704ff1c-8fc4-4b1f-baaf-865ce97d05ec', 'vary': 'X-OpenStack-Nova-API-Version', 'connection': 'close', 'x-openstack-nova-api-version': '2.1', 'date': 'Thu, 24 Dec 2015 13:08:05 GMT', 'content-type': 'application/json; charset=UTF-8'}
        Body: {"itemNotFound": {"message": "Instance 082cdb9f-d11a-4bce-9eb8-d220cde488ee could not be found.", "code": 404}}
2015-12-24 13:08:05,903 21476 INFO     [tempest_lib.common.rest_client] Request (TestNetworkBasicOps:_run_cleanups): 202 DELETE http://10.0.2.15:8774/v2.1/73c6c03fb89e4ba998399274a03d6f28/os-keypairs/tempest-TestNetworkBasicOps-102414070 0.018s
2015-12-24 13:08:05,904 21476 DEBUG    [tempest_lib.common.rest_client] Request - Headers: {'Content-Type': 'application/json', 'Accept': 'application/json', 'X-Auth-Token': '&lt;omitted&gt;'}
        Body: None
    Response - Headers: {'status': '202', 'content-length': '0', 'x-compute-request-id': 'req-9aaa8cb6-374d-408f-9a63-b2549187d4f2', 'vary': 'X-OpenStack-Nova-API-Version', 'connection': 'close', 'x-openstack-nova-api-version': '2.1', 'date': 'Thu, 24 Dec 2015 13:08:05 GMT', 'content-type': 'application/json'}
        Body: 
2015-12-24 13:08:06,393 21476 INFO     [tempest_lib.common.rest_client] Request (TestNetworkBasicOps:_run_cleanups): 200 PUT http://10.0.2.15:9696/v2.0/routers/b6b26c39-ab60-45ef-a8a6-a6e8705c9ce9/remove_router_interface 0.488s
2015-12-24 13:08:06,394 21476 DEBUG    [tempest_lib.common.rest_client] Request - Headers: {'Content-Type': 'application/json', 'Accept': 'application/json', 'X-Auth-Token': '&lt;omitted&gt;'}
        Body: {"subnet_id": "c4fe987f-ad5a-4bc4-be86-d41969e1e302"}
    Response - Headers: {'status': '200', 'content-length': '255', 'connection': 'close', 'date': 'Thu, 24 Dec 2015 13:08:06 GMT', 'content-type': 'application/json; charset=UTF-8', 'x-openstack-request-id': 'req-96ef75ee-2405-4ed4-b16d-6039d40ae16e'}
        Body: {"subnet_id": "c4fe987f-ad5a-4bc4-be86-d41969e1e302", "tenant_id": "73c6c03fb89e4ba998399274a03d6f28", "subnet_ids": ["c4fe987f-ad5a-4bc4-be86-d41969e1e302"], "port_id": "1cf6b254-8adb-404d-9034-241eb688d225", "id": "b6b26c39-ab60-45ef-a8a6-a6e8705c9ce9"}
2015-12-24 13:08:06,802 21476 INFO     [tempest_lib.common.rest_client] Request (TestNetworkBasicOps:_run_cleanups): 204 DELETE http://10.0.2.15:9696/v2.0/subnets/c4fe987f-ad5a-4bc4-be86-d41969e1e302 0.407s
2015-12-24 13:08:06,802 21476 DEBUG    [tempest_lib.common.rest_client] Request - Headers: {'Content-Type': 'application/json', 'Accept': 'application/json', 'X-Auth-Token': '&lt;omitted&gt;'}
        Body: None
    Response - Headers: {'date': 'Thu, 24 Dec 2015 13:08:06 GMT', 'status': '204', 'connection': 'close', 'content-length': '0', 'x-openstack-request-id': 'req-7fa70ae9-5c7a-4699-b5bd-a042dbca7453'}
        Body: 
2015-12-24 13:08:06,854 21476 INFO     [tempest_lib.common.rest_client] Request (TestNetworkBasicOps:_run_cleanups): 200 GET http://10.0.2.15:9696/v2.0/routers/b6b26c39-ab60-45ef-a8a6-a6e8705c9ce9 0.050s
2015-12-24 13:08:06,854 21476 DEBUG    [tempest_lib.common.rest_client] Request - Headers: {'Content-Type': 'application/json', 'Accept': 'application/json', 'X-Auth-Token': '&lt;omitted&gt;'}
        Body: None
    Response - Headers: {'status': '200', 'content-length': '563', 'content-location': 'http://10.0.2.15:9696/v2.0/routers/b6b26c39-ab60-45ef-a8a6-a6e8705c9ce9', 'connection': 'close', 'date': 'Thu, 24 Dec 2015 13:08:06 GMT', 'content-type': 'application/json; charset=UTF-8', 'x-openstack-request-id': 'req-0822b1e1-f388-49f9-b4b9-3013491d5f7d'}
        Body: {"router": {"status": "ACTIVE", "external_gateway_info": {"network_id": "8aa019b0-d390-40ed-a26a-892584f851fb", "enable_snat": true, "external_fixed_ips": [{"subnet_id": "6cc810c8-58fd-4eee-8b15-3062deadb250", "ip_address": "172.24.4.3"}, {"subnet_id": "4b2b1fdf-a27c-434a-9cf4-2d1facae648b", "ip_address": "2001:db8::4"}]}, "availability_zone_hints": [], "availability_zones": ["nova"], "name": "tempest-router-smoke-453472050", "admin_state_up": true, "tenant_id": "73c6c03fb89e4ba998399274a03d6f28", "routes": [], "id": "b6b26c39-ab60-45ef-a8a6-a6e8705c9ce9"}}
2015-12-24 13:08:07,341 21476 INFO     [tempest_lib.common.rest_client] Request (TestNetworkBasicOps:_run_cleanups): 200 PUT http://10.0.2.15:9696/v2.0/routers/b6b26c39-ab60-45ef-a8a6-a6e8705c9ce9 0.486s
2015-12-24 13:08:07,342 21476 DEBUG    [tempest_lib.common.rest_client] Request - Headers: {'Content-Type': 'application/json', 'Accept': 'application/json', 'X-Auth-Token': '&lt;omitted&gt;'}
        Body: {"router": {"external_gateway_info": {}, "name": "tempest-router-smoke-453472050", "admin_state_up": true}}
    Response - Headers: {'status': '200', 'content-length': '301', 'connection': 'close', 'date': 'Thu, 24 Dec 2015 13:08:07 GMT', 'content-type': 'application/json; charset=UTF-8', 'x-openstack-request-id': 'req-ad2b241e-69b4-413d-aabc-07efc05cf24d'}
        Body: {"router": {"status": "ACTIVE", "external_gateway_info": null, "availability_zone_hints": [], "availability_zones": ["nova"], "name": "tempest-router-smoke-453472050", "admin_state_up": true, "tenant_id": "73c6c03fb89e4ba998399274a03d6f28", "routes": [], "id": "b6b26c39-ab60-45ef-a8a6-a6e8705c9ce9"}}
2015-12-24 13:08:07,657 21476 INFO     [tempest_lib.common.rest_client] Request (TestNetworkBasicOps:_run_cleanups): 204 DELETE http://10.0.2.15:9696/v2.0/routers/b6b26c39-ab60-45ef-a8a6-a6e8705c9ce9 0.314s
2015-12-24 13:08:07,658 21476 DEBUG    [tempest_lib.common.rest_client] Request - Headers: {'Content-Type': 'application/json', 'Accept': 'application/json', 'X-Auth-Token': '&lt;omitted&gt;'}
        Body: None
    Response - Headers: {'date': 'Thu, 24 Dec 2015 13:08:07 GMT', 'status': '204', 'connection': 'close', 'content-length': '0', 'x-openstack-request-id': 'req-56059fda-7412-40b3-8d29-f43fb581fd0a'}
        Body: 
2015-12-24 13:08:07,860 21476 INFO     [tempest_lib.common.rest_client] Request (TestNetworkBasicOps:_run_cleanups): 204 DELETE http://10.0.2.15:9696/v2.0/networks/8bc36b76-2bca-4a4c-9da0-144acea84f54 0.200s
2015-12-24 13:08:07,861 21476 DEBUG    [tempest_lib.common.rest_client] Request - Headers: {'Content-Type': 'application/json', 'Accept': 'application/json', 'X-Auth-Token': '&lt;omitted&gt;'}
        Body: None
    Response - Headers: {'date': 'Thu, 24 Dec 2015 13:08:07 GMT', 'status': '204', 'connection': 'close', 'content-length': '0', 'x-openstack-request-id': 'req-b897bade-8054-4b30-b536-07e2a9bf9e35'}
        Body: 
2015-12-24 13:08:07,924 21476 INFO     [tempest_lib.common.rest_client] Request (TestNetworkBasicOps:_run_cleanups): 204 DELETE http://10.0.2.15:9696/v2.0/security-group-rules/85020947-d140-40d7-a207-e699760ac134 0.062s
