<?xml version="1.0" encoding="UTF-8"?>
<!DOCTYPE html PUBLIC "-//W3C//DTD XHTML 1.0 Strict//EN"
     "http://www.w3.org/TR/xhtml1/DTD/xhtml1-strict.dtd">
<html xmlns="http://www.w3.org/1999/xhtml">
<head>
    <title>Unit Test Report</title>
    <meta name="generator" content="subunit2html 0.1"/>
    <meta http-equiv="Content-Type" content="text/html; charset=UTF-8"/>
    
<style type="text/css" media="screen">
body        { font-family: verdana, arial, helvetica, sans-serif;
    font-size: 80%; }
table       { font-size: 100%; width: 100%;}
pre         { font-size: 80%; }

/* -- heading -------------------------------------------------------------- */
h1 {
        font-size: 16pt;
        color: gray;
}
.heading {
    margin-top: 0ex;
    margin-bottom: 1ex;
}

.heading .attribute {
    margin-top: 1ex;
    margin-bottom: 0;
}

.heading .description {
    margin-top: 4ex;
    margin-bottom: 6ex;
}

/* -- css div popup -------------------------------------------------------- */
a.popup_link {
}

a.popup_link:hover {
    color: red;
}

.popup_window {
    display: none;
    overflow-x: scroll;
    /*border: solid #627173 1px; */
    padding: 10px;
    background-color: #E6E6D6;
    font-family: "Ubuntu Mono", "Lucida Console", "Courier New", monospace;
    text-align: left;
    font-size: 8pt;
}

}
/* -- report --------------------------------------------------------------- */
#show_detail_line {
    margin-top: 3ex;
    margin-bottom: 1ex;
}
#result_table {
    width: 100%;
    border-collapse: collapse;
    border: 1px solid #777;
}
#header_row {
    font-weight: bold;
    color: white;
    background-color: #777;
}
#result_table td {
    border: 1px solid #777;
    padding: 2px;
}
#total_row  { font-weight: bold; }
.passClass  { background-color: #6c6; }
.failClass  { background-color: #c60; }
.errorClass { background-color: #c00; }
.passCase   { color: #6c6; }
.failCase   { color: #c60; font-weight: bold; }
.errorCase  { color: #c00; font-weight: bold; }
.hiddenRow  { display: none; }
.testcase   { margin-left: 2em; }
td.testname {width: 40%}
td.small {width: 40px}

/* -- ending --------------------------------------------------------------- */
#ending {
}

</style>

</head>
<body>
<script language="javascript" type="text/javascript"><!--
output_list = Array();

/* level - 0:Summary; 1:Failed; 2:All */
function showCase(level) {
    trs = document.getElementsByTagName("tr");
    for (var i = 0; i < trs.length; i++) {
        tr = trs[i];
        id = tr.id;
        if (id.substr(0,2) == 'ft') {
            if (level < 1) {
                tr.className = 'hiddenRow';
            }
            else {
                tr.className = '';
            }
        }
        if (id.substr(0,2) == 'pt') {
            if (level > 1) {
                tr.className = '';
            }
            else {
                tr.className = 'hiddenRow';
            }
        }
    }
}


function showClassDetail(cid, count) {
    var id_list = Array(count);
    var toHide = 1;
    for (var i = 0; i < count; i++) {
        tid0 = 't' + cid.substr(1) + '.' + (i+1);
        tid = 'f' + tid0;
        tr = document.getElementById(tid);
        if (!tr) {
            tid = 'p' + tid0;
            tr = document.getElementById(tid);
        }
        id_list[i] = tid;
        if (tr.className) {
            toHide = 0;
        }
    }
    for (var i = 0; i < count; i++) {
        tid = id_list[i];
        if (toHide) {
            document.getElementById('div_'+tid).style.display = 'none'
            document.getElementById(tid).className = 'hiddenRow';
        }
        else {
            document.getElementById(tid).className = '';
        }
    }
}


function showTestDetail(div_id){
    var details_div = document.getElementById(div_id)
    var displayState = details_div.style.display
    // alert(displayState)
    if (displayState != 'block' ) {
        displayState = 'block'
        details_div.style.display = 'block'
    }
    else {
        details_div.style.display = 'none'
    }
}


function html_escape(s) {
    s = s.replace(/&/g,'&amp;');
    s = s.replace(/</g,'&lt;');
    s = s.replace(/>/g,'&gt;');
    return s;
}

/* obsoleted by detail in <div>
function showOutput(id, name) {
    var w = window.open("", //url
                    name,
                    "resizable,scrollbars,status,width=800,height=450");
    d = w.document;
    d.write("<pre>");
    d.write(html_escape(output_list[id]));
    d.write("\n");
    d.write("<a href='javascript:window.close()'>close</a>\n");
    d.write("</pre>\n");
    d.close();
}
*/
--></script>

<div class='heading'>
<h1>Unit Test Report</h1>

<p class='attribute'><strong>Status:</strong> Pass 1 Failure 7 Skip 1</p>

<p class='description'></p>
</div>



<p id='show_detail_line'>Show
<a href='javascript:showCase(0)'>Summary</a>
<a href='javascript:showCase(1)'>Failed</a>
<a href='javascript:showCase(2)'>All</a>
</p>
<table id='result_table'>
<colgroup>
<col align='left' />
<col align='right' />
<col align='right' />
<col align='right' />
<col align='right' />
<col align='right' />
<col align='right' />
<col align='right' />
</colgroup>
<tr id='header_row'>
    <td>Test Group/Test case</td>
    <td>Count</td>
    <td>Pass</td>
    <td>Fail</td>
    <td>Error</td>
    <td>Skip</td>
    <td>View</td>
    <td> </td>
</tr>

<tr class='failClass'>
    <td class="testname">tempest.scenario.test_network_basic_ops.TestNetworkBasicOps</td>
    <td class="small">9</td>
    <td class="small">1</td>
    <td class="small">7</td>
    <td class="small">0</td>
    <td class="small">1</td>
    <td class="small"><a href="javascript:showClassDetail('c1',9)"
>Detail</a></td>
    <td> </td>
</tr>

<tr id='ft1.1' class='none'>
    <td class='failCase'><div class='testcase'>test_connectivity_between_vms_on_different_networks[compute,id-1546850e-fbaa-42f5-8b5f-03d8a6a95f15,network]</div></td>
    <td colspan='7' align='left'>

    <!--css div popup start-->
    <a class="popup_link" onfocus='this.blur();'
    href="javascript:showTestDetail('div_ft1.1')" >
        fail</a>

    <div id='div_ft1.1' class="popup_window">
        <div style='text-align: right; color:red;cursor:pointer'>
        <a onfocus='this.blur();'
onclick="document.getElementById('div_ft1.1').style.display = 'none' " >
           [x]</a>
        </div>
        <pre>
        
ft1.1: tempest.scenario.test_network_basic_ops.TestNetworkBasicOps.test_connectivity_between_vms_on_different_networks[compute,id-1546850e-fbaa-42f5-8b5f-03d8a6a95f15,network]_StringException: Empty attachments:
  stderr
  stdout

pythonlogging:'': {{{
2015-12-23 20:05:54,413 21881 INFO     [tempest_lib.common.rest_client] Request (TestNetworkBasicOps:test_connectivity_between_vms_on_different_networks): 201 POST http://10.0.2.15:9696/v2.0/security-groups 0.389s
2015-12-23 20:05:54,413 21881 DEBUG    [tempest_lib.common.rest_client] Request - Headers: {'Content-Type': 'application/json', 'Accept': 'application/json', 'X-Auth-Token': '&lt;omitted&gt;'}
        Body: {"security_group": {"tenant_id": "0b90efdc11c64fbcac944077b357957c", "description": "tempest-secgroup-smoke-1916653688 description", "name": "tempest-secgroup-smoke-1916653688"}}
    Response - Headers: {'status': '201', 'content-length': '888', 'connection': 'close', 'date': 'Wed, 23 Dec 2015 20:05:54 GMT', 'content-type': 'application/json; charset=UTF-8', 'x-openstack-request-id': 'req-355e5e6a-1683-4b62-8dc6-30845d4207be'}
        Body: {"security_group": {"tenant_id": "0b90efdc11c64fbcac944077b357957c", "description": "tempest-secgroup-smoke-1916653688 description", "id": "e50bc9e8-a549-4411-8ecc-36ee874465c3", "security_group_rules": [{"remote_group_id": null, "direction": "egress", "remote_ip_prefix": null, "protocol": null, "ethertype": "IPv4", "tenant_id": "0b90efdc11c64fbcac944077b357957c", "port_range_max": null, "port_range_min": null, "id": "c5668c7f-e11f-4e6f-aece-f2eecbc42064", "security_group_id": "e50bc9e8-a549-4411-8ecc-36ee874465c3"}, {"remote_group_id": null, "direction": "egress", "remote_ip_prefix": null, "protocol": null, "ethertype": "IPv6", "tenant_id": "0b90efdc11c64fbcac944077b357957c", "port_range_max": null, "port_range_min": null, "id": "95e7d561-7a9b-4622-aaa3-12b07f415f3f", "security_group_id": "e50bc9e8-a549-4411-8ecc-36ee874465c3"}], "name": "tempest-secgroup-smoke-1916653688"}}
2015-12-23 20:05:54,532 21881 INFO     [tempest_lib.common.rest_client] Request (TestNetworkBasicOps:test_connectivity_between_vms_on_different_networks): 201 POST http://10.0.2.15:9696/v2.0/security-group-rules 0.118s
2015-12-23 20:05:54,533 21881 DEBUG    [tempest_lib.common.rest_client] Request - Headers: {'Content-Type': 'application/json', 'Accept': 'application/json', 'X-Auth-Token': '&lt;omitted&gt;'}
        Body: {"security_group_rule": {"direction": "ingress", "protocol": "tcp", "tenant_id": "0b90efdc11c64fbcac944077b357957c", "port_range_max": 22, "security_group_id": "e50bc9e8-a549-4411-8ecc-36ee874465c3", "port_range_min": 22}}
    Response - Headers: {'status': '201', 'content-length': '340', 'connection': 'close', 'date': 'Wed, 23 Dec 2015 20:05:54 GMT', 'content-type': 'application/json; charset=UTF-8', 'x-openstack-request-id': 'req-25336e72-77f5-4ced-8c1b-a850fa36661a'}
        Body: {"security_group_rule": {"remote_group_id": null, "direction": "ingress", "remote_ip_prefix": null, "protocol": "tcp", "ethertype": "IPv4", "tenant_id": "0b90efdc11c64fbcac944077b357957c", "port_range_max": 22, "port_range_min": 22, "id": "1c51b9ee-7f81-4b74-acaf-9d2ea7468324", "security_group_id": "e50bc9e8-a549-4411-8ecc-36ee874465c3"}}
2015-12-23 20:05:54,814 21881 INFO     [tempest_lib.common.rest_client] Request (TestNetworkBasicOps:test_connectivity_between_vms_on_different_networks): 201 POST http://10.0.2.15:9696/v2.0/security-group-rules 0.280s
2015-12-23 20:05:54,815 21881 DEBUG    [tempest_lib.common.rest_client] Request - Headers: {'Content-Type': 'application/json', 'Accept': 'application/json', 'X-Auth-Token': '&lt;omitted&gt;'}
        Body: {"security_group_rule": {"direction": "egress", "protocol": "tcp", "tenant_id": "0b90efdc11c64fbcac944077b357957c", "port_range_max": 22, "security_group_id": "e50bc9e8-a549-4411-8ecc-36ee874465c3", "port_range_min": 22}}
    Response - Headers: {'status': '201', 'content-length': '339', 'connection': 'close', 'date': 'Wed, 23 Dec 2015 20:05:54 GMT', 'content-type': 'application/json; charset=UTF-8', 'x-openstack-request-id': 'req-81d13c4d-95f6-48fb-bfdd-65fdc1833408'}
        Body: {"security_group_rule": {"remote_group_id": null, "direction": "egress", "remote_ip_prefix": null, "protocol": "tcp", "ethertype": "IPv4", "tenant_id": "0b90efdc11c64fbcac944077b357957c", "port_range_max": 22, "port_range_min": 22, "id": "54c58200-7879-4a80-81ae-d2e4eddac904", "security_group_id": "e50bc9e8-a549-4411-8ecc-36ee874465c3"}}
2015-12-23 20:05:54,942 21881 INFO     [tempest_lib.common.rest_client] Request (TestNetworkBasicOps:test_connectivity_between_vms_on_different_networks): 201 POST http://10.0.2.15:9696/v2.0/security-group-rules 0.125s
2015-12-23 20:05:54,942 21881 DEBUG    [tempest_lib.common.rest_client] Request - Headers: {'Content-Type': 'application/json', 'Accept': 'application/json', 'X-Auth-Token': '&lt;omitted&gt;'}
        Body: {"security_group_rule": {"tenant_id": "0b90efdc11c64fbcac944077b357957c", "direction": "ingress", "protocol": "icmp", "security_group_id": "e50bc9e8-a549-4411-8ecc-36ee874465c3"}}
    Response - Headers: {'status': '201', 'content-length': '345', 'connection': 'close', 'date': 'Wed, 23 Dec 2015 20:05:54 GMT', 'content-type': 'application/json; charset=UTF-8', 'x-openstack-request-id': 'req-95b4b6e1-4551-4965-a064-3bd81c46bf59'}
        Body: {"security_group_rule": {"remote_group_id": null, "direction": "ingress", "remote_ip_prefix": null, "protocol": "icmp", "ethertype": "IPv4", "tenant_id": "0b90efdc11c64fbcac944077b357957c", "port_range_max": null, "port_range_min": null, "id": "6e1fce17-ef98-4981-90cb-79dc61f3c907", "security_group_id": "e50bc9e8-a549-4411-8ecc-36ee874465c3"}}
2015-12-23 20:05:55,065 21881 INFO     [tempest_lib.common.rest_client] Request (TestNetworkBasicOps:test_connectivity_between_vms_on_different_networks): 201 POST http://10.0.2.15:9696/v2.0/security-group-rules 0.121s
2015-12-23 20:05:55,066 21881 DEBUG    [tempest_lib.common.rest_client] Request - Headers: {'Content-Type': 'application/json', 'Accept': 'application/json', 'X-Auth-Token': '&lt;omitted&gt;'}
        Body: {"security_group_rule": {"tenant_id": "0b90efdc11c64fbcac944077b357957c", "direction": "egress", "protocol": "icmp", "security_group_id": "e50bc9e8-a549-4411-8ecc-36ee874465c3"}}
    Response - Headers: {'status': '201', 'content-length': '344', 'connection': 'close', 'date': 'Wed, 23 Dec 2015 20:05:55 GMT', 'content-type': 'application/json; charset=UTF-8', 'x-openstack-request-id': 'req-4f328251-8d48-45d0-8680-8f593d83bf02'}
        Body: {"security_group_rule": {"remote_group_id": null, "direction": "egress", "remote_ip_prefix": null, "protocol": "icmp", "ethertype": "IPv4", "tenant_id": "0b90efdc11c64fbcac944077b357957c", "port_range_max": null, "port_range_min": null, "id": "e7231c5f-3103-4763-b3bd-9c15c8f15d95", "security_group_id": "e50bc9e8-a549-4411-8ecc-36ee874465c3"}}
2015-12-23 20:05:55,185 21881 INFO     [tempest_lib.common.rest_client] Request (TestNetworkBasicOps:test_connectivity_between_vms_on_different_networks): 201 POST http://10.0.2.15:9696/v2.0/security-group-rules 0.117s
2015-12-23 20:05:55,186 21881 DEBUG    [tempest_lib.common.rest_client] Request - Headers: {'Content-Type': 'application/json', 'Accept': 'application/json', 'X-Auth-Token': '&lt;omitted&gt;'}
        Body: {"security_group_rule": {"tenant_id": "0b90efdc11c64fbcac944077b357957c", "direction": "ingress", "security_group_id": "e50bc9e8-a549-4411-8ecc-36ee874465c3", "protocol": "icmp", "ethertype": "IPv6"}}
    Response - Headers: {'status': '201', 'content-length': '345', 'connection': 'close', 'date': 'Wed, 23 Dec 2015 20:05:55 GMT', 'content-type': 'application/json; charset=UTF-8', 'x-openstack-request-id': 'req-2fbd0f1b-99e6-4ea9-855d-1191f7ea8c57'}
        Body: {"security_group_rule": {"remote_group_id": null, "direction": "ingress", "remote_ip_prefix": null, "protocol": "icmp", "ethertype": "IPv6", "tenant_id": "0b90efdc11c64fbcac944077b357957c", "port_range_max": null, "port_range_min": null, "id": "deaca066-f8f8-47db-8b54-eadc66c2ee12", "security_group_id": "e50bc9e8-a549-4411-8ecc-36ee874465c3"}}
2015-12-23 20:05:55,313 21881 INFO     [tempest_lib.common.rest_client] Request (TestNetworkBasicOps:test_connectivity_between_vms_on_different_networks): 201 POST http://10.0.2.15:9696/v2.0/security-group-rules 0.126s
2015-12-23 20:05:55,313 21881 DEBUG    [tempest_lib.common.rest_client] Request - Headers: {'Content-Type': 'application/json', 'Accept': 'application/json', 'X-Auth-Token': '&lt;omitted&gt;'}
        Body: {"security_group_rule": {"tenant_id": "0b90efdc11c64fbcac944077b357957c", "direction": "egress", "security_group_id": "e50bc9e8-a549-4411-8ecc-36ee874465c3", "protocol": "icmp", "ethertype": "IPv6"}}
    Response - Headers: {'status': '201', 'content-length': '344', 'connection': 'close', 'date': 'Wed, 23 Dec 2015 20:05:55 GMT', 'content-type': 'application/json; charset=UTF-8', 'x-openstack-request-id': 'req-a21c1e6b-24a4-40c1-a08a-24ac294d4bec'}
        Body: {"security_group_rule": {"remote_group_id": null, "direction": "egress", "remote_ip_prefix": null, "protocol": "icmp", "ethertype": "IPv6", "tenant_id": "0b90efdc11c64fbcac944077b357957c", "port_range_max": null, "port_range_min": null, "id": "5b8c3bf1-ace8-4cda-931c-49d482be0e5c", "security_group_id": "e50bc9e8-a549-4411-8ecc-36ee874465c3"}}
2015-12-23 20:05:55,502 21881 INFO     [tempest_lib.common.rest_client] Request (TestNetworkBasicOps:test_connectivity_between_vms_on_different_networks): 201 POST http://10.0.2.15:9696/v2.0/networks 0.187s
2015-12-23 20:05:55,503 21881 DEBUG    [tempest_lib.common.rest_client] Request - Headers: {'Content-Type': 'application/json', 'Accept': 'application/json', 'X-Auth-Token': '&lt;omitted&gt;'}
        Body: {"network": {"tenant_id": "0b90efdc11c64fbcac944077b357957c", "name": "tempest-network-smoke--2050085494"}}
    Response - Headers: {'status': '201', 'content-length': '329', 'connection': 'close', 'date': 'Wed, 23 Dec 2015 20:05:55 GMT', 'content-type': 'application/json; charset=UTF-8', 'x-openstack-request-id': 'req-c99112bb-2ece-4fa2-9dcf-f2cdc6870412'}
        Body: {"network": {"status": "ACTIVE", "subnets": [], "availability_zone_hints": "[]", "name": "tempest-network-smoke--2050085494", "admin_state_up": true, "tenant_id": "0b90efdc11c64fbcac944077b357957c", "mtu": 0, "router:external": false, "shared": false, "port_security_enabled": true, "id": "d93906eb-251d-4a20-be89-31b70a7d8d77"}}
2015-12-23 20:05:55,670 21881 INFO     [tempest_lib.common.rest_client] Request (TestNetworkBasicOps:test_connectivity_between_vms_on_different_networks): 201 POST http://10.0.2.15:9696/v2.0/routers 0.166s
2015-12-23 20:05:55,671 21881 DEBUG    [tempest_lib.common.rest_client] Request - Headers: {'Content-Type': 'application/json', 'Accept': 'application/json', 'X-Auth-Token': '&lt;omitted&gt;'}
        Body: {"router": {"tenant_id": "0b90efdc11c64fbcac944077b357957c", "name": "tempest-router-smoke-321724549", "admin_state_up": true}}
    Response - Headers: {'status': '201', 'content-length': '295', 'connection': 'close', 'date': 'Wed, 23 Dec 2015 20:05:55 GMT', 'content-type': 'application/json; charset=UTF-8', 'x-openstack-request-id': 'req-9ec54d37-b5c9-42f7-bb5d-4cccd72cefa2'}
        Body: {"router": {"status": "ACTIVE", "external_gateway_info": null, "availability_zone_hints": [], "availability_zones": [], "name": "tempest-router-smoke-321724549", "admin_state_up": true, "tenant_id": "0b90efdc11c64fbcac944077b357957c", "routes": [], "id": "6765791c-5208-42e5-bc04-a8c6efcad2da"}}
2015-12-23 20:05:55,721 21881 INFO     [tempest_lib.common.rest_client] Request (TestNetworkBasicOps:test_connectivity_between_vms_on_different_networks): 200 GET http://10.0.2.15:9696/v2.0/routers/6765791c-5208-42e5-bc04-a8c6efcad2da 0.049s
2015-12-23 20:05:55,722 21881 DEBUG    [tempest_lib.common.rest_client] Request - Headers: {'Content-Type': 'application/json', 'Accept': 'application/json', 'X-Auth-Token': '&lt;omitted&gt;'}
        Body: None
    Response - Headers: {'status': '200', 'content-length': '295', 'content-location': 'http://10.0.2.15:9696/v2.0/routers/6765791c-5208-42e5-bc04-a8c6efcad2da', 'connection': 'close', 'date': 'Wed, 23 Dec 2015 20:05:55 GMT', 'content-type': 'application/json; charset=UTF-8', 'x-openstack-request-id': 'req-845a1716-d28d-4b9e-9fd5-2ca8b609d339'}
        Body: {"router": {"status": "ACTIVE", "external_gateway_info": null, "availability_zone_hints": [], "availability_zones": [], "name": "tempest-router-smoke-321724549", "admin_state_up": true, "tenant_id": "0b90efdc11c64fbcac944077b357957c", "routes": [], "id": "6765791c-5208-42e5-bc04-a8c6efcad2da"}}
2015-12-23 20:05:56,372 21881 INFO     [tempest_lib.common.rest_client] Request (TestNetworkBasicOps:test_connectivity_between_vms_on_different_networks): 200 PUT http://10.0.2.15:9696/v2.0/routers/6765791c-5208-42e5-bc04-a8c6efcad2da 0.650s
2015-12-23 20:05:56,373 21881 DEBUG    [tempest_lib.common.rest_client] Request - Headers: {'Content-Type': 'application/json', 'Accept': 'application/json', 'X-Auth-Token': '&lt;omitted&gt;'}
        Body: {"router": {"external_gateway_info": {"network_id": "a3714555-a297-4ee3-b4ed-33e888951e7b"}, "name": "tempest-router-smoke-321724549", "admin_state_up": true}}
    Response - Headers: {'status': '200', 'content-length': '557', 'connection': 'close', 'date': 'Wed, 23 Dec 2015 20:05:56 GMT', 'content-type': 'application/json; charset=UTF-8', 'x-openstack-request-id': 'req-56fb449f-48b3-4dba-ae2a-2089968f9a5c'}
        Body: {"router": {"status": "ACTIVE", "external_gateway_info": {"network_id": "a3714555-a297-4ee3-b4ed-33e888951e7b", "enable_snat": true, "external_fixed_ips": [{"subnet_id": "674ffad9-df9b-4178-9555-6f5c2d442daf", "ip_address": "172.24.4.3"}, {"subnet_id": "fccd432e-3e55-4057-afee-d1565bc3336b", "ip_address": "2001:db8::4"}]}, "availability_zone_hints": [], "availability_zones": [], "name": "tempest-router-smoke-321724549", "admin_state_up": true, "tenant_id": "0b90efdc11c64fbcac944077b357957c", "routes": [], "id": "6765791c-5208-42e5-bc04-a8c6efcad2da"}}
2015-12-23 20:05:56,528 21881 INFO     [tempest_lib.common.rest_client] Request (TestNetworkBasicOps:test_connectivity_between_vms_on_different_networks): 200 GET http://10.0.2.15:9696/v2.0/subnets?tenant_id=0b90efdc11c64fbcac944077b357957c&amp;cidr=10.100.0.0%2F28 0.154s
2015-12-23 20:05:56,528 21881 DEBUG    [tempest_lib.common.rest_client] Request - Headers: {'Content-Type': 'application/json', 'Accept': 'application/json', 'X-Auth-Token': '&lt;omitted&gt;'}
        Body: None
    Response - Headers: {'status': '200', 'content-length': '15', 'content-location': 'http://10.0.2.15:9696/v2.0/subnets?tenant_id=0b90efdc11c64fbcac944077b357957c&amp;cidr=10.100.0.0%2F28', 'connection': 'close', 'date': 'Wed, 23 Dec 2015 20:05:56 GMT', 'content-type': 'application/json; charset=UTF-8', 'x-openstack-request-id': 'req-0d136a00-e66d-444b-9abe-83a99eeecc96'}
        Body: {"subnets": []}
2015-12-23 20:05:56,842 21881 INFO     [tempest_lib.common.rest_client] Request (TestNetworkBasicOps:test_connectivity_between_vms_on_different_networks): 201 POST http://10.0.2.15:9696/v2.0/subnets 0.313s
2015-12-23 20:05:56,842 21881 DEBUG    [tempest_lib.common.rest_client] Request - Headers: {'Content-Type': 'application/json', 'Accept': 'application/json', 'X-Auth-Token': '&lt;omitted&gt;'}
        Body: {"subnet": {"ip_version": 4, "tenant_id": "0b90efdc11c64fbcac944077b357957c", "cidr": "10.100.0.0/28", "network_id": "d93906eb-251d-4a20-be89-31b70a7d8d77", "name": "tempest-subnet-smoke-129661850"}}
    Response - Headers: {'status': '201', 'content-length': '477', 'connection': 'close', 'date': 'Wed, 23 Dec 2015 20:05:56 GMT', 'content-type': 'application/json; charset=UTF-8', 'x-openstack-request-id': 'req-9f8f31b2-a665-4c8b-a74a-0caaefabc785'}
        Body: {"subnet": {"name": "tempest-subnet-smoke-129661850", "enable_dhcp": true, "network_id": "d93906eb-251d-4a20-be89-31b70a7d8d77", "tenant_id": "0b90efdc11c64fbcac944077b357957c", "dns_nameservers": [], "gateway_ip": "10.100.0.1", "ipv6_ra_mode": null, "allocation_pools": [{"start": "10.100.0.2", "end": "10.100.0.14"}], "host_routes": [], "ip_version": 4, "ipv6_address_mode": null, "cidr": "10.100.0.0/28", "id": "e828cf31-bcba-413b-8444-7e57dcbddedc", "subnetpool_id": null}}
2015-12-23 20:05:57,518 21881 INFO     [tempest_lib.common.rest_client] Request (TestNetworkBasicOps:test_connectivity_between_vms_on_different_networks): 200 PUT http://10.0.2.15:9696/v2.0/routers/6765791c-5208-42e5-bc04-a8c6efcad2da/add_router_interface 0.675s
2015-12-23 20:05:57,519 21881 DEBUG    [tempest_lib.common.rest_client] Request - Headers: {'Content-Type': 'application/json', 'Accept': 'application/json', 'X-Auth-Token': '&lt;omitted&gt;'}
        Body: {"subnet_id": "e828cf31-bcba-413b-8444-7e57dcbddedc"}
    Response - Headers: {'status': '200', 'content-length': '255', 'connection': 'close', 'date': 'Wed, 23 Dec 2015 20:05:57 GMT', 'content-type': 'application/json; charset=UTF-8', 'x-openstack-request-id': 'req-fe2ae105-943e-474d-ae21-7a58cc59a84e'}
        Body: {"subnet_id": "e828cf31-bcba-413b-8444-7e57dcbddedc", "tenant_id": "0b90efdc11c64fbcac944077b357957c", "subnet_ids": ["e828cf31-bcba-413b-8444-7e57dcbddedc"], "port_id": "659481a9-d602-4f50-9ed0-f91511047578", "id": "6765791c-5208-42e5-bc04-a8c6efcad2da"}
2015-12-23 20:05:57,578 21881 INFO     [tempest_lib.common.rest_client] Request (TestNetworkBasicOps:test_connectivity_between_vms_on_different_networks): 200 GET http://10.0.2.15:9696/v2.0/networks 0.059s
2015-12-23 20:05:57,579 21881 DEBUG    [tempest_lib.common.rest_client] Request - Headers: {'Content-Type': 'application/json', 'Accept': 'application/json', 'X-Auth-Token': '&lt;omitted&gt;'}
        Body: None
    Response - Headers: {'status': '200', 'content-length': '1507', 'content-location': 'http://10.0.2.15:9696/v2.0/networks', 'connection': 'close', 'date': 'Wed, 23 Dec 2015 20:05:57 GMT', 'content-type': 'application/json; charset=UTF-8', 'x-openstack-request-id': 'req-8fbaf85c-fbb4-4be1-b878-e8209e751af7'}
        Body: {"networks": [{"status": "ACTIVE", "subnets": ["630d609e-dc37-4172-9e8e-252c211eb42f", "e26e6dd5-29dc-4ce4-9db4-92d263c0415c"], "availability_zone_hints": [], "availability_zones": ["nova"], "name": "private", "provider:physical_network": null, "admin_state_up": true, "tenant_id": "007d75feee70441198adca61871c7208", "mtu": 0, "router:external": false, "shared": false, "port_security_enabled": true, "provider:network_type": "vxlan", "id": "d7e8140b-9c7f-4331-a035-e1f56bce9dc4", "provider:segmentation_id": 1084}, {"status": "ACTIVE", "subnets": ["fccd432e-3e55-4057-afee-d1565bc3336b", "674ffad9-df9b-4178-9555-6f5c2d442daf"], "availability_zone_hints": [], "availability_zones": ["nova"], "name": "public", "provider:physical_network": null, "admin_state_up": true, "tenant_id": "73434b9ec313463497b475126996df6a", "mtu": 0, "router:external": true, "shared": false, "port_security_enabled": true, "provider:network_type": "vxlan", "id": "a3714555-a297-4ee3-b4ed-33e888951e7b", "provider:segmentation_id": 1078}, {"status": "ACTIVE", "subnets": ["e828cf31-bcba-413b-8444-7e57dcbddedc"], "availability_zone_hints": [], "availability_zones": ["nova"], "name": "tempest-network-smoke--2050085494", "provider:physical_network": null, "admin_state_up": true, "tenant_id": "0b90efdc11c64fbcac944077b357957c", "mtu": 0, "router:external": false, "shared": false, "port_security_enabled": true, "provider:network_type": "vxlan", "id": "d93906eb-251d-4a20-be89-31b70a7d8d77", "provider:segmentation_id": 1093}]}
2015-12-23 20:05:57,647 21881 INFO     [tempest_lib.common.rest_client] Request (TestNetworkBasicOps:test_connectivity_between_vms_on_different_networks): 200 GET http://10.0.2.15:9696/v2.0/subnets 0.067s
2015-12-23 20:05:57,648 21881 DEBUG    [tempest_lib.common.rest_client] Request - Headers: {'Content-Type': 'application/json', 'Accept': 'application/json', 'X-Auth-Token': '&lt;omitted&gt;'}
        Body: None
    Response - Headers: {'status': '200', 'content-length': '2407', 'content-location': 'http://10.0.2.15:9696/v2.0/subnets', 'connection': 'close', 'date': 'Wed, 23 Dec 2015 20:05:57 GMT', 'content-type': 'application/json; charset=UTF-8', 'x-openstack-request-id': 'req-861fb314-dfaa-4d9c-8b65-7dc1a2ddbc48'}
        Body: {"subnets": [{"name": "tempest-subnet-smoke-129661850", "enable_dhcp": true, "network_id": "d93906eb-251d-4a20-be89-31b70a7d8d77", "tenant_id": "0b90efdc11c64fbcac944077b357957c", "dns_nameservers": [], "gateway_ip": "10.100.0.1", "ipv6_ra_mode": null, "allocation_pools": [{"start": "10.100.0.2", "end": "10.100.0.14"}], "host_routes": [], "ip_version": 4, "ipv6_address_mode": null, "cidr": "10.100.0.0/28", "id": "e828cf31-bcba-413b-8444-7e57dcbddedc", "subnetpool_id": null}, {"name": "ipv6-private-subnet", "enable_dhcp": true, "network_id": "d7e8140b-9c7f-4331-a035-e1f56bce9dc4", "tenant_id": "007d75feee70441198adca61871c7208", "dns_nameservers": [], "gateway_ip": "fd4a:36b1:c4e9::1", "ipv6_ra_mode": "slaac", "allocation_pools": [{"start": "fd4a:36b1:c4e9::2", "end": "fd4a:36b1:c4e9:0:ffff:ffff:ffff:ffff"}], "host_routes": [], "ip_version": 6, "ipv6_address_mode": "slaac", "cidr": "fd4a:36b1:c4e9::/64", "id": "e26e6dd5-29dc-4ce4-9db4-92d263c0415c", "subnetpool_id": null}, {"name": "public-subnet", "enable_dhcp": false, "network_id": "a3714555-a297-4ee3-b4ed-33e888951e7b", "tenant_id": "73434b9ec313463497b475126996df6a", "dns_nameservers": [], "gateway_ip": "172.24.4.1", "ipv6_ra_mode": null, "allocation_pools": [{"start": "172.24.4.2", "end": "172.24.4.254"}], "host_routes": [], "ip_version": 4, "ipv6_address_mode": null, "cidr": "172.24.4.0/24", "id": "674ffad9-df9b-4178-9555-6f5c2d442daf", "subnetpool_id": null}, {"name": "ipv6-public-subnet", "enable_dhcp": false, "network_id": "a3714555-a297-4ee3-b4ed-33e888951e7b", "tenant_id": "73434b9ec313463497b475126996df6a", "dns_nameservers": [], "gateway_ip": "2001:db8::2", "ipv6_ra_mode": null, "allocation_pools": [{"start": "2001:db8::1", "end": "2001:db8::1"}, {"start": "2001:db8::3", "end": "2001:db8::ffff:ffff:ffff:ffff"}], "host_routes": [], "ip_version": 6, "ipv6_address_mode": null, "cidr": "2001:db8::/64", "id": "fccd432e-3e55-4057-afee-d1565bc3336b", "subnetpool_id": null}, {"name": "private-subnet", "enable_dhcp": true, "network_id": "d7e8140b-9c7f-4331-a035-e1f56bce9dc4", "tenant_id": "007d75feee70441198adca61871c7208", "dns_nameservers": [], "gateway_ip": "10.0.0.1", "ipv6_ra_mode": null, "allocation_pools": [{"start": "10.0.0.2", "end": "10.0.0.254"}], "host_routes": [], "ip_version": 4, "ipv6_address_mode": null, "cidr": "10.0.0.0/24", "id": "630d609e-dc37-4172-9e8e-252c211eb42f", "subnetpool_id": null}]}
2015-12-23 20:05:57,701 21881 INFO     [tempest_lib.common.rest_client] Request (TestNetworkBasicOps:test_connectivity_between_vms_on_different_networks): 200 GET http://10.0.2.15:9696/v2.0/routers 0.053s
2015-12-23 20:05:57,702 21881 DEBUG    [tempest_lib.common.rest_client] Request - Headers: {'Content-Type': 'application/json', 'Accept': 'application/json', 'X-Auth-Token': '&lt;omitted&gt;'}
        Body: None
    Response - Headers: {'status': '200', 'content-length': '1166', 'content-location': 'http://10.0.2.15:9696/v2.0/routers', 'connection': 'close', 'date': 'Wed, 23 Dec 2015 20:05:57 GMT', 'content-type': 'application/json; charset=UTF-8', 'x-openstack-request-id': 'req-22f81ee4-631f-4e61-af95-6226988f2e1e'}
        Body: {"routers": [{"status": "ACTIVE", "external_gateway_info": {"network_id": "a3714555-a297-4ee3-b4ed-33e888951e7b", "enable_snat": true, "external_fixed_ips": [{"subnet_id": "674ffad9-df9b-4178-9555-6f5c2d442daf", "ip_address": "172.24.4.3"}, {"subnet_id": "fccd432e-3e55-4057-afee-d1565bc3336b", "ip_address": "2001:db8::4"}]}, "availability_zone_hints": [], "availability_zones": ["nova"], "name": "tempest-router-smoke-321724549", "admin_state_up": true, "tenant_id": "0b90efdc11c64fbcac944077b357957c", "distributed": false, "routes": [], "ha": false, "id": "6765791c-5208-42e5-bc04-a8c6efcad2da"}, {"status": "ACTIVE", "external_gateway_info": {"network_id": "a3714555-a297-4ee3-b4ed-33e888951e7b", "enable_snat": true, "external_fixed_ips": [{"subnet_id": "674ffad9-df9b-4178-9555-6f5c2d442daf", "ip_address": "172.24.4.2"}, {"subnet_id": "fccd432e-3e55-4057-afee-d1565bc3336b", "ip_address": "2001:db8::3"}]}, "availability_zone_hints": [], "availability_zones": ["nova"], "name": "router1", "admin_state_up": true, "tenant_id": "007d75feee70441198adca61871c7208", "distributed": false, "routes": [], "ha": false, "id": "db2c7016-47ef-444b-9c6c-86963fa2436f"}]}
2015-12-23 20:05:58,412 21881 INFO     [tempest_lib.common.rest_client] Request (TestNetworkBasicOps:test_connectivity_between_vms_on_different_networks): 200 POST http://10.0.2.15:8774/v2.1/0b90efdc11c64fbcac944077b357957c/os-keypairs 0.709s
2015-12-23 20:05:58,413 21881 DEBUG    [tempest_lib.common.rest_client] Request - Headers: {'Content-Type': 'application/json', 'Accept': 'application/json', 'X-Auth-Token': '&lt;omitted&gt;'}
        Body: {"keypair": {"name": "tempest-TestNetworkBasicOps-944824970"}}
    Response - Headers: {'status': '200', 'content-length': '2320', 'x-compute-request-id': 'req-87e9e254-52a7-4ce6-a659-ee58c0eb739c', 'vary': 'X-OpenStack-Nova-API-Version', 'connection': 'close', 'x-openstack-nova-api-version': '2.1', 'date': 'Wed, 23 Dec 2015 20:05:58 GMT', 'content-type': 'application/json'}
        Body: {"keypair": {"public_key": "ssh-rsa AAAAB3NzaC1yc2EAAAADAQABAAABAQCj1b0U5ScvUMF3A6Xbmj3+ip7xy/f+c5PznHoArL8MwpQUW6fvO79+L7VESV4cT+NgDki0OoZyDvTsNN7/nRqAl6ZpjrreFWWZ2XByZevqeI3JKcznLR8reEAhafZ0/ROmzSt9FDWoMsDtn8kFuM1T9r1IMlOm7JTl+nMjTrNVPI+tMQ3kUODvna7CMxB0uhbQRnElhhQk2wK5hnzKHvTt2C+aahCfBCZanRQtFLE0dh/46vlcOGtsBGN+HvbIf8w66SiE6aqpNzCk2/UQwp2NnjK75Z5D5lKdH6uYH42saE9F1vjSelJsvdgkoX0/QZYIlRUyYFCZ0mzbEEaPAzuv Generated-by-Nova", "private_key": "-----BEGIN RSA PRIVATE KEY-----\nMIIEqAIBAAKCAQEAo9W9FOUnL1DBdwOl25o9/oqe8cv3/nOT85x6AKy/DMKUFFun\n7zu/fi+1REleHE/jYA5ItDqGcg707DTe/50agJemaY663hVlmdlwcmXr6niNySnM\n5y0fK3hAIWn2dP0Tps0rfRQ1qDLA7Z/JBbjNU/a9SDJTpuyU5fpzI06zVTyPrTEN\n5FDg752uwjMQdLoW0EZxJYYUJNsCuYZ8yh707dgvmmoQnwQmWp0ULRSxNHYf+Or5\nXDhrbARjfh72yH/MOukohOmqqTcwpNv1EMKdjZ4yu+WeQ+ZSnR+rmB+NrGhPRdb4\n0npSbL3YJKF9P0GWCJUVMmBQmdJs2xBGjwM7rwIDAQABAoIBAAkssPf4lScrKIpX\no/QWQR59+MSlnW+cXU6pFpPvGIvIYa56K39UIzcXyNjYGvMO7ja01hFxrZG5kLGh\njFNYIuHMnD8RBRnmrNfeu1NMrddlhNsdAiJ3/mTayQyV+H04pt8SYjsQ5KhUn0Uv\nS3yMisMG8DaYyuJwIS53xfbWM2i0cmr6iJ7K0ZGX6P5UebaZYrw2LT8gx8iKbhFV\ngCUQPMM28dN0kop0tUTWTZT+g7FDmJJDsueWVPs+5W2h+IqX3IzdMs9AEgPcVnj9\nB8E0Fe9L+NxGDazSDdQQJgHmYgcxX+eiUBqclTeDXxQQcanGne3CVE1CTnfMU+7P\nta//oCECggCBALc6DJcBI4RgWt11Y0LlcIGkPitYFWygchhTqf1O9d9gpXRuf6RR\njdrxR1W0ZROTxuagtapgizoy0m3qFz77JJpVsW1VBshmIjPZovXNCDNp+nYm5P/o\n1B1Xo/ROZ7wzg+QE7wZsY0c34m2nIgN813gkrCiGNEgTe7PKHKMhpEPJAoIAgQDk\n5/wsk2q4d7hiGB06TVy979cQR4JO+dyqhNzQN8AvZifqk67aTcsitNbmj0eiG4Cj\nqRrcE7m1XlAvk8sE6V6aVmChWLOAeH1RPn4ApLLNO+u2bS2vCTKrJhhhWMIB6WDs\npeVQgNPzn2a+p2JWTwVFn8+rRXNXetftcTz8UK4PtwKCAIBz3M9NRbkR4mRTGgH0\nsWWddSCjBAY4NJUxcOZTefTclh7KK32niLKtOlmjhnlMEex6tjFqVbZ0zOJoAtlE\nSEdzGLEjs9qgKoWCSCNWT5rZ+DAbOqkgcjh/fYX93P6X8fN64uvLIgr9ZAdY05Ec\np3sRTA9ZaNPyp+9XV30YYxOekQKCAIEAm7VCUIAmxDyL7A5DM3mUcI9JWAWMmnRU\nqpmeKvUBgjyXQnYbJtxsJbulw0gLjjXvF2TcpH+2f60cFoEORNUKSSogqSBRWj6b\n4DwGMiHWjs0H1hwGS16SXOGZC/74WZyLFe7zQgOgKcRwe5gYyGUQTQAcn4CqqQMj\nBp1Uwr2O6ZkCggCAE/asjYI+qfyLeSrqQdvirnLVFsGE+BdIenybzEdTrFyr59OT\noBjd9ixCQOdvKuGCc2ngDZ1+MNPKzKWrhK98thDbX6wPK4yHMDxXOr0ec6FyWw7z\nog7a7WCh/lNPHjWmyrM5ZBPsA3PvonojmBczpvJvu2/lOOl0Di05OA8V0yQ=\n-----END RSA PRIVATE KEY-----\n", "user_id": "ec714af5871b4a2b88c23ebb5c999aec", "name": "tempest-TestNetworkBasicOps-944824970", "fingerprint": "46:80:f4:c7:53:8a:35:a7:f8:f8:5f:5d:0e:74:ab:d8"}}
2015-12-23 20:05:58,561 21881 INFO     [tempest_lib.common.rest_client] Request (TestNetworkBasicOps:test_connectivity_between_vms_on_different_networks): 200 POST http://10.0.2.15:5000/v2.0/tokens
2015-12-23 20:05:58,562 21881 DEBUG    [tempest_lib.common.rest_client] Request - Headers: {'Content-Type': 'application/json', 'Accept': 'application/json'}
        Body: &lt;omitted&gt;
    Response - Headers: {'status': '200', 'content-length': '2526', 'vary': 'X-Auth-Token', 'server': 'Apache/2.4.7 (Ubuntu)', 'connection': 'close', 'date': 'Wed, 23 Dec 2015 20:05:58 GMT', 'content-type': 'application/json', 'x-openstack-request-id': 'req-9d4ac981-fd9a-4e3e-a8bc-d9a34c6083aa'}
        Body: {"access": {"token": {"issued_at": "2015-12-23T20:05:58.551056", "expires": "2015-12-23T21:05:58Z", "id": "d7fd4f518603474dbbc0bbd14a253c7d", "tenant": {"description": "tempest-TestNetworkBasicOps-86396809-desc", "enabled": true, "id": "0b90efdc11c64fbcac944077b357957c", "name": "tempest-TestNetworkBasicOps-86396809"}, "audit_ids": ["XoteES0ATf2wo3Ezd0pfGg"]}, "serviceCatalog": [{"endpoints": [{"adminURL": "http://10.0.2.15:8774/v2.1/0b90efdc11c64fbcac944077b357957c", "region": "RegionOne", "internalURL": "http://10.0.2.15:8774/v2.1/0b90efdc11c64fbcac944077b357957c", "id": "47cbf6a6f72e435ab3ae90c723992be3", "publicURL": "http://10.0.2.15:8774/v2.1/0b90efdc11c64fbcac944077b357957c"}], "endpoints_links": [], "type": "compute", "name": "nova"}, {"endpoints": [{"adminURL": "http://10.0.2.15:9696/", "region": "RegionOne", "internalURL": "http://10.0.2.15:9696/", "id": "04c33d7dc49546edad97c163bc72edc7", "publicURL": "http://10.0.2.15:9696/"}], "endpoints_links": [], "type": "network", "name": "neutron"}, {"endpoints": [{"adminURL": "http://10.0.2.15:9292", "region": "RegionOne", "internalURL": "http://10.0.2.15:9292", "id": "18b61f7792a440aa81324494bbc01c20", "publicURL": "http://10.0.2.15:9292"}], "endpoints_links": [], "type": "image", "name": "glance"}, {"endpoints": [{"adminURL": "http://10.0.2.15:8774/v2/0b90efdc11c64fbcac944077b357957c", "region": "RegionOne", "internalURL": "http://10.0.2.15:8774/v2/0b90efdc11c64fbcac944077b357957c", "id": "1e74da3f33374eeaad7428cd5512acaa", "publicURL": "http://10.0.2.15:8774/v2/0b90efdc11c64fbcac944077b357957c"}], "endpoints_links": [], "type": "compute_legacy", "name": "nova_legacy"}, {"endpoints": [{"adminURL": "http://10.0.2.15:8773/", "region": "RegionOne", "internalURL": "http://10.0.2.15:8773/", "id": "1359b8e0b63b4853ab4707c8ed76fb6e", "publicURL": "http://10.0.2.15:8773/"}], "endpoints_links": [], "type": "ec2", "name": "ec2"}, {"endpoints": [{"adminURL": "http://10.0.2.15:35357/v2.0", "region": "RegionOne", "internalURL": "http://10.0.2.15:5000/v2.0", "id": "811f601f1e7d400bb40d4c901aacac07", "publicURL": "http://10.0.2.15:5000/v2.0"}], "endpoints_links": [], "type": "identity", "name": "keystone"}], "user": {"username": "tempest-TestNetworkBasicOps-1524883965", "roles_links": [], "id": "ec714af5871b4a2b88c23ebb5c999aec", "roles": [{"name": "_member_"}, {"name": "Member"}], "name": "tempest-TestNetworkBasicOps-1524883965"}, "metadata": {"is_admin": 0, "roles": ["9fe2ff9ee4384b1894a90878d3e92bab", "4db83b6c23d54816877b80af0d86ef25"]}}}
2015-12-23 20:05:58,566 21881 DEBUG    [tempest.common.fixed_network] (TestNetworkBasicOps:test_connectivity_between_vms_on_different_networks) No valid network provided or created, defaulting to fixed_network_name
2015-12-23 20:05:58,890 21881 INFO     [tempest_lib.common.rest_client] Request (TestNetworkBasicOps:test_connectivity_between_vms_on_different_networks): 200 GET http://10.0.2.15:8774/v2.1/0b90efdc11c64fbcac944077b357957c/os-networks 0.324s
2015-12-23 20:05:58,891 21881 DEBUG    [tempest_lib.common.rest_client] Request - Headers: {'Content-Type': 'application/json', 'Accept': 'application/json', 'X-Auth-Token': '&lt;omitted&gt;'}
        Body: None
    Response - Headers: {'status': '200', 'content-length': '479', 'content-location': 'http://10.0.2.15:8774/v2.1/0b90efdc11c64fbcac944077b357957c/os-networks', 'x-compute-request-id': 'req-0552b28c-367c-42e9-8d83-6a62d6be2737', 'vary': 'X-OpenStack-Nova-API-Version', 'connection': 'close', 'x-openstack-nova-api-version': '2.1', 'date': 'Wed, 23 Dec 2015 20:05:58 GMT', 'content-type': 'application/json'}
        Body: {"networks": [{"cidr_v6": null, "dns2": null, "dns1": null, "gateway": null, "broadcast": null, "netmask": null, "gateway_v6": null, "cidr": null, "label": "public", "id": "a3714555-a297-4ee3-b4ed-33e888951e7b", "netmask_v6": null}, {"cidr_v6": null, "dns2": null, "dns1": null, "gateway": null, "broadcast": null, "netmask": null, "gateway_v6": null, "cidr": null, "label": "tempest-network-smoke--2050085494", "id": "d93906eb-251d-4a20-be89-31b70a7d8d77", "netmask_v6": null}]}
2015-12-23 20:05:58,891 21881 WARNING  [tempest.common.fixed_network] (TestNetworkBasicOps:test_connectivity_between_vms_on_different_networks) Network with name: private not found
2015-12-23 20:05:58,891 21881 INFO     [tempest.common.fixed_network] (TestNetworkBasicOps:test_connectivity_between_vms_on_different_networks) Found network {} available for tenant
2015-12-23 20:06:00,619 21881 INFO     [tempest_lib.common.rest_client] Request (TestNetworkBasicOps:test_connectivity_between_vms_on_different_networks): 202 POST http://10.0.2.15:8774/v2.1/0b90efdc11c64fbcac944077b357957c/servers 1.727s
2015-12-23 20:06:00,620 21881 DEBUG    [tempest_lib.common.rest_client] Request - Headers: {'Content-Type': 'application/json', 'Accept': 'application/json', 'X-Auth-Token': '&lt;omitted&gt;'}
        Body: {"server": {"name": "tempest.common.compute-instance-1753415137", "imageRef": "1dd0d9bc-e171-47c7-936b-b4c93a1e976f", "key_name": "tempest-TestNetworkBasicOps-944824970", "flavorRef": "42", "networks": [{"uuid": "d93906eb-251d-4a20-be89-31b70a7d8d77"}], "security_groups": [{"name": "tempest-secgroup-smoke-1916653688"}]}}
    Response - Headers: {'status': '202', 'content-length': '462', 'x-compute-request-id': 'req-3e9863cb-449d-4294-aa8d-820da45fbe21', 'vary': 'X-OpenStack-Nova-API-Version', 'connection': 'close', 'location': 'http://10.0.2.15:8774/v2.1/0b90efdc11c64fbcac944077b357957c/servers/e6620937-fea7-4731-b8e6-825998c90e97', 'x-openstack-nova-api-version': '2.1', 'date': 'Wed, 23 Dec 2015 20:06:00 GMT', 'content-type': 'application/json'}
        Body: {"server": {"security_groups": [{"name": "tempest-secgroup-smoke-1916653688"}], "OS-DCF:diskConfig": "MANUAL", "id": "e6620937-fea7-4731-b8e6-825998c90e97", "links": [{"href": "http://10.0.2.15:8774/v2.1/0b90efdc11c64fbcac944077b357957c/servers/e6620937-fea7-4731-b8e6-825998c90e97", "rel": "self"}, {"href": "http://10.0.2.15:8774/0b90efdc11c64fbcac944077b357957c/servers/e6620937-fea7-4731-b8e6-825998c90e97", "rel": "bookmark"}], "adminPass": "SQYmr8CdgBvV"}}
2015-12-23 20:06:00,754 21881 INFO     [tempest_lib.common.rest_client] Request (TestNetworkBasicOps:test_connectivity_between_vms_on_different_networks): 200 GET http://10.0.2.15:8774/v2.1/0b90efdc11c64fbcac944077b357957c/servers/e6620937-fea7-4731-b8e6-825998c90e97 0.129s
2015-12-23 20:06:00,755 21881 DEBUG    [tempest_lib.common.rest_client] Request - Headers: {'Content-Type': 'application/json', 'Accept': 'application/json', 'X-Auth-Token': '&lt;omitted&gt;'}
        Body: None
    Response - Headers: {'status': '200', 'content-length': '1355', 'content-location': 'http://10.0.2.15:8774/v2.1/0b90efdc11c64fbcac944077b357957c/servers/e6620937-fea7-4731-b8e6-825998c90e97', 'x-compute-request-id': 'req-ddafd4fc-89b7-4c90-9b8b-fe7aa4182a43', 'vary': 'X-OpenStack-Nova-API-Version', 'connection': 'close', 'x-openstack-nova-api-version': '2.1', 'date': 'Wed, 23 Dec 2015 20:06:00 GMT', 'content-type': 'application/json'}
        Body: {"server": {"status": "BUILD", "updated": "2015-12-23T20:06:00Z", "hostId": "", "addresses": {}, "links": [{"href": "http://10.0.2.15:8774/v2.1/0b90efdc11c64fbcac944077b357957c/servers/e6620937-fea7-4731-b8e6-825998c90e97", "rel": "self"}, {"href": "http://10.0.2.15:8774/0b90efdc11c64fbcac944077b357957c/servers/e6620937-fea7-4731-b8e6-825998c90e97", "rel": "bookmark"}], "key_name": "tempest-TestNetworkBasicOps-944824970", "image": {"id": "1dd0d9bc-e171-47c7-936b-b4c93a1e976f", "links": [{"href": "http://10.0.2.15:8774/0b90efdc11c64fbcac944077b357957c/images/1dd0d9bc-e171-47c7-936b-b4c93a1e976f", "rel": "bookmark"}]}, "OS-EXT-STS:task_state": "scheduling", "OS-EXT-STS:vm_state": "building", "OS-SRV-USG:launched_at": null, "flavor": {"id": "42", "links": [{"href": "http://10.0.2.15:8774/0b90efdc11c64fbcac944077b357957c/flavors/42", "rel": "bookmark"}]}, "id": "e6620937-fea7-4731-b8e6-825998c90e97", "OS-SRV-USG:terminated_at": null, "OS-EXT-AZ:availability_zone": "", "user_id": "ec714af5871b4a2b88c23ebb5c999aec", "name": "tempest.common.compute-instance-1753415137", "created": "2015-12-23T20:06:00Z", "tenant_id": "0b90efdc11c64fbcac944077b357957c", "OS-DCF:diskConfig": "MANUAL", "os-extended-volumes:volumes_attached": [], "accessIPv4": "", "accessIPv6": "", "progress": 0, "OS-EXT-STS:power_state": 0, "config_drive": "", "metadata": {}}}
2015-12-23 20:06:02,111 21881 INFO     [tempest_lib.common.rest_client] Request (TestNetworkBasicOps:test_connectivity_between_vms_on_different_networks): 200 GET http://10.0.2.15:8774/v2.1/0b90efdc11c64fbcac944077b357957c/servers/e6620937-fea7-4731-b8e6-825998c90e97 0.347s
2015-12-23 20:06:02,112 21881 DEBUG    [tempest_lib.common.rest_client] Request - Headers: {'Content-Type': 'application/json', 'Accept': 'application/json', 'X-Auth-Token': '&lt;omitted&gt;'}
        Body: None
    Response - Headers: {'status': '200', 'content-length': '1481', 'content-location': 'http://10.0.2.15:8774/v2.1/0b90efdc11c64fbcac944077b357957c/servers/e6620937-fea7-4731-b8e6-825998c90e97', 'x-compute-request-id': 'req-193868c6-c88b-4a0c-8834-6f889a88b2d6', 'vary': 'X-OpenStack-Nova-API-Version', 'connection': 'close', 'x-openstack-nova-api-version': '2.1', 'date': 'Wed, 23 Dec 2015 20:06:02 GMT', 'content-type': 'application/json'}
        Body: {"server": {"status": "BUILD", "updated": "2015-12-23T20:06:01Z", "hostId": "46324ccab7dd5f6af26dac0c3520d009178a67047b1e7313335fd07b", "addresses": {}, "links": [{"href": "http://10.0.2.15:8774/v2.1/0b90efdc11c64fbcac944077b357957c/servers/e6620937-fea7-4731-b8e6-825998c90e97", "rel": "self"}, {"href": "http://10.0.2.15:8774/0b90efdc11c64fbcac944077b357957c/servers/e6620937-fea7-4731-b8e6-825998c90e97", "rel": "bookmark"}], "key_name": "tempest-TestNetworkBasicOps-944824970", "image": {"id": "1dd0d9bc-e171-47c7-936b-b4c93a1e976f", "links": [{"href": "http://10.0.2.15:8774/0b90efdc11c64fbcac944077b357957c/images/1dd0d9bc-e171-47c7-936b-b4c93a1e976f", "rel": "bookmark"}]}, "OS-EXT-STS:task_state": "spawning", "OS-EXT-STS:vm_state": "building", "OS-SRV-USG:launched_at": null, "flavor": {"id": "42", "links": [{"href": "http://10.0.2.15:8774/0b90efdc11c64fbcac944077b357957c/flavors/42", "rel": "bookmark"}]}, "id": "e6620937-fea7-4731-b8e6-825998c90e97", "security_groups": [{"name": "tempest-secgroup-smoke-1916653688"}], "OS-SRV-USG:terminated_at": null, "OS-EXT-AZ:availability_zone": "nova", "user_id": "ec714af5871b4a2b88c23ebb5c999aec", "name": "tempest.common.compute-instance-1753415137", "created": "2015-12-23T20:06:00Z", "tenant_id": "0b90efdc11c64fbcac944077b357957c", "OS-DCF:diskConfig": "MANUAL", "os-extended-volumes:volumes_attached": [], "accessIPv4": "", "accessIPv6": "", "progress": 0, "OS-EXT-STS:power_state": 0, "config_drive": "", "metadata": {}}}
2015-12-23 20:06:02,122 21881 INFO     [tempest.common.waiters] State transition "BUILD/scheduling" ==&gt; "BUILD/spawning" after 2 second wait
2015-12-23 20:06:03,518 21881 INFO     [tempest_lib.common.rest_client] Request (TestNetworkBasicOps:test_connectivity_between_vms_on_different_networks): 200 GET http://10.0.2.15:8774/v2.1/0b90efdc11c64fbcac944077b357957c/servers/e6620937-fea7-4731-b8e6-825998c90e97 0.394s
2015-12-23 20:06:03,519 21881 DEBUG    [tempest_lib.common.rest_client] Request - Headers: {'Content-Type': 'application/json', 'Accept': 'application/json', 'X-Auth-Token': '&lt;omitted&gt;'}
        Body: None
    Response - Headers: {'status': '200', 'content-length': '1481', 'content-location': 'http://10.0.2.15:8774/v2.1/0b90efdc11c64fbcac944077b357957c/servers/e6620937-fea7-4731-b8e6-825998c90e97', 'x-compute-request-id': 'req-7fd4ec80-948c-4a48-af8e-e54cc5a0de5f', 'vary': 'X-OpenStack-Nova-API-Version', 'connection': 'close', 'x-openstack-nova-api-version': '2.1', 'date': 'Wed, 23 Dec 2015 20:06:03 GMT', 'content-type': 'application/json'}
        Body: {"server": {"status": "BUILD", "updated": "2015-12-23T20:06:01Z", "hostId": "46324ccab7dd5f6af26dac0c3520d009178a67047b1e7313335fd07b", "addresses": {}, "links": [{"href": "http://10.0.2.15:8774/v2.1/0b90efdc11c64fbcac944077b357957c/servers/e6620937-fea7-4731-b8e6-825998c90e97", "rel": "self"}, {"href": "http://10.0.2.15:8774/0b90efdc11c64fbcac944077b357957c/servers/e6620937-fea7-4731-b8e6-825998c90e97", "rel": "bookmark"}], "key_name": "tempest-TestNetworkBasicOps-944824970", "image": {"id": "1dd0d9bc-e171-47c7-936b-b4c93a1e976f", "links": [{"href": "http://10.0.2.15:8774/0b90efdc11c64fbcac944077b357957c/images/1dd0d9bc-e171-47c7-936b-b4c93a1e976f", "rel": "bookmark"}]}, "OS-EXT-STS:task_state": "spawning", "OS-EXT-STS:vm_state": "building", "OS-SRV-USG:launched_at": null, "flavor": {"id": "42", "links": [{"href": "http://10.0.2.15:8774/0b90efdc11c64fbcac944077b357957c/flavors/42", "rel": "bookmark"}]}, "id": "e6620937-fea7-4731-b8e6-825998c90e97", "security_groups": [{"name": "tempest-secgroup-smoke-1916653688"}], "OS-SRV-USG:terminated_at": null, "OS-EXT-AZ:availability_zone": "nova", "user_id": "ec714af5871b4a2b88c23ebb5c999aec", "name": "tempest.common.compute-instance-1753415137", "created": "2015-12-23T20:06:00Z", "tenant_id": "0b90efdc11c64fbcac944077b357957c", "OS-DCF:diskConfig": "MANUAL", "os-extended-volumes:volumes_attached": [], "accessIPv4": "", "accessIPv6": "", "progress": 0, "OS-EXT-STS:power_state": 0, "config_drive": "", "metadata": {}}}
2015-12-23 20:06:04,758 21881 INFO     [tempest_lib.common.rest_client] Request (TestNetworkBasicOps:test_connectivity_between_vms_on_different_networks): 200 GET http://10.0.2.15:8774/v2.1/0b90efdc11c64fbcac944077b357957c/servers/e6620937-fea7-4731-b8e6-825998c90e97 0.230s
2015-12-23 20:06:04,759 21881 DEBUG    [tempest_lib.common.rest_client] Request - Headers: {'Content-Type': 'application/json', 'Accept': 'application/json', 'X-Auth-Token': '&lt;omitted&gt;'}
        Body: None
    Response - Headers: {'status': '200', 'content-length': '1653', 'content-location': 'http://10.0.2.15:8774/v2.1/0b90efdc11c64fbcac944077b357957c/servers/e6620937-fea7-4731-b8e6-825998c90e97', 'x-compute-request-id': 'req-a5bb9d04-7d8c-40d5-960f-3d3f4fe2f0a7', 'vary': 'X-OpenStack-Nova-API-Version', 'connection': 'close', 'x-openstack-nova-api-version': '2.1', 'date': 'Wed, 23 Dec 2015 20:06:04 GMT', 'content-type': 'application/json'}
        Body: {"server": {"status": "ACTIVE", "updated": "2015-12-23T20:06:04Z", "hostId": "46324ccab7dd5f6af26dac0c3520d009178a67047b1e7313335fd07b", "addresses": {"tempest-network-smoke--2050085494": [{"OS-EXT-IPS-MAC:mac_addr": "fa:16:3e:a5:d8:b2", "version": 4, "addr": "10.100.0.3", "OS-EXT-IPS:type": "fixed"}]}, "links": [{"href": "http://10.0.2.15:8774/v2.1/0b90efdc11c64fbcac944077b357957c/servers/e6620937-fea7-4731-b8e6-825998c90e97", "rel": "self"}, {"href": "http://10.0.2.15:8774/0b90efdc11c64fbcac944077b357957c/servers/e6620937-fea7-4731-b8e6-825998c90e97", "rel": "bookmark"}], "key_name": "tempest-TestNetworkBasicOps-944824970", "image": {"id": "1dd0d9bc-e171-47c7-936b-b4c93a1e976f", "links": [{"href": "http://10.0.2.15:8774/0b90efdc11c64fbcac944077b357957c/images/1dd0d9bc-e171-47c7-936b-b4c93a1e976f", "rel": "bookmark"}]}, "OS-EXT-STS:task_state": null, "OS-EXT-STS:vm_state": "active", "OS-SRV-USG:launched_at": "2015-12-23T20:06:04.000000", "flavor": {"id": "42", "links": [{"href": "http://10.0.2.15:8774/0b90efdc11c64fbcac944077b357957c/flavors/42", "rel": "bookmark"}]}, "id": "e6620937-fea7-4731-b8e6-825998c90e97", "security_groups": [{"name": "tempest-secgroup-smoke-1916653688"}], "OS-SRV-USG:terminated_at": null, "OS-EXT-AZ:availability_zone": "nova", "user_id": "ec714af5871b4a2b88c23ebb5c999aec", "name": "tempest.common.compute-instance-1753415137", "created": "2015-12-23T20:06:00Z", "tenant_id": "0b90efdc11c64fbcac944077b357957c", "OS-DCF:diskConfig": "MANUAL", "os-extended-volumes:volumes_attached": [], "accessIPv4": "", "accessIPv6": "", "progress": 0, "OS-EXT-STS:power_state": 1, "config_drive": "True", "metadata": {}}}
2015-12-23 20:06:04,768 21881 INFO     [tempest.common.waiters] State transition "BUILD/spawning" ==&gt; "ACTIVE/None" after 4 second wait
2015-12-23 20:06:04,964 21881 INFO     [tempest_lib.common.rest_client] Request (TestNetworkBasicOps:test_connectivity_between_vms_on_different_networks): 200 GET http://10.0.2.15:8774/v2.1/0b90efdc11c64fbcac944077b357957c/servers/e6620937-fea7-4731-b8e6-825998c90e97 0.196s
2015-12-23 20:06:04,965 21881 DEBUG    [tempest_lib.common.rest_client] Request - Headers: {'Content-Type': 'application/json', 'Accept': 'application/json', 'X-Auth-Token': '&lt;omitted&gt;'}
        Body: None
    Response - Headers: {'status': '200', 'content-length': '1653', 'content-location': 'http://10.0.2.15:8774/v2.1/0b90efdc11c64fbcac944077b357957c/servers/e6620937-fea7-4731-b8e6-825998c90e97', 'x-compute-request-id': 'req-ead33d27-49ad-4e69-9eae-dbd4f422caf5', 'vary': 'X-OpenStack-Nova-API-Version', 'connection': 'close', 'x-openstack-nova-api-version': '2.1', 'date': 'Wed, 23 Dec 2015 20:06:04 GMT', 'content-type': 'application/json'}
        Body: {"server": {"status": "ACTIVE", "updated": "2015-12-23T20:06:04Z", "hostId": "46324ccab7dd5f6af26dac0c3520d009178a67047b1e7313335fd07b", "addresses": {"tempest-network-smoke--2050085494": [{"OS-EXT-IPS-MAC:mac_addr": "fa:16:3e:a5:d8:b2", "version": 4, "addr": "10.100.0.3", "OS-EXT-IPS:type": "fixed"}]}, "links": [{"href": "http://10.0.2.15:8774/v2.1/0b90efdc11c64fbcac944077b357957c/servers/e6620937-fea7-4731-b8e6-825998c90e97", "rel": "self"}, {"href": "http://10.0.2.15:8774/0b90efdc11c64fbcac944077b357957c/servers/e6620937-fea7-4731-b8e6-825998c90e97", "rel": "bookmark"}], "key_name": "tempest-TestNetworkBasicOps-944824970", "image": {"id": "1dd0d9bc-e171-47c7-936b-b4c93a1e976f", "links": [{"href": "http://10.0.2.15:8774/0b90efdc11c64fbcac944077b357957c/images/1dd0d9bc-e171-47c7-936b-b4c93a1e976f", "rel": "bookmark"}]}, "OS-EXT-STS:task_state": null, "OS-EXT-STS:vm_state": "active", "OS-SRV-USG:launched_at": "2015-12-23T20:06:04.000000", "flavor": {"id": "42", "links": [{"href": "http://10.0.2.15:8774/0b90efdc11c64fbcac944077b357957c/flavors/42", "rel": "bookmark"}]}, "id": "e6620937-fea7-4731-b8e6-825998c90e97", "security_groups": [{"name": "tempest-secgroup-smoke-1916653688"}], "OS-SRV-USG:terminated_at": null, "OS-EXT-AZ:availability_zone": "nova", "user_id": "ec714af5871b4a2b88c23ebb5c999aec", "name": "tempest.common.compute-instance-1753415137", "created": "2015-12-23T20:06:00Z", "tenant_id": "0b90efdc11c64fbcac944077b357957c", "OS-DCF:diskConfig": "MANUAL", "os-extended-volumes:volumes_attached": [], "accessIPv4": "", "accessIPv6": "", "progress": 0, "OS-EXT-STS:power_state": 1, "config_drive": "True", "metadata": {}}}
2015-12-23 20:06:04,973 21881 INFO     [tempest.scenario.manager] Tenant networks not configured to be reachable.
2015-12-23 20:06:05,126 21881 INFO     [tempest_lib.common.rest_client] Request (TestNetworkBasicOps:test_connectivity_between_vms_on_different_networks): 200 GET http://10.0.2.15:9696/v2.0/ports?status=ACTIVE&amp;fixed_ip=None&amp;device_id=e6620937-fea7-4731-b8e6-825998c90e97 0.152s
2015-12-23 20:06:05,127 21881 DEBUG    [tempest_lib.common.rest_client] Request - Headers: {'Content-Type': 'application/json', 'Accept': 'application/json', 'X-Auth-Token': '&lt;omitted&gt;'}
        Body: None
    Response - Headers: {'status': '200', 'content-length': '895', 'content-location': 'http://10.0.2.15:9696/v2.0/ports?status=ACTIVE&amp;fixed_ip=None&amp;device_id=e6620937-fea7-4731-b8e6-825998c90e97', 'connection': 'close', 'date': 'Wed, 23 Dec 2015 20:06:05 GMT', 'content-type': 'application/json; charset=UTF-8', 'x-openstack-request-id': 'req-c648a65d-ddd6-4de0-81a7-733d3749227f'}
        Body: {"ports": [{"status": "ACTIVE", "binding:host_id": "vagrant-ubuntu-trusty-64", "allowed_address_pairs": [], "extra_dhcp_opts": [], "dns_assignment": [{"hostname": "host-10-100-0-3", "ip_address": "10.100.0.3", "fqdn": "host-10-100-0-3.openstacklocal."}], "device_owner": "compute:None", "port_security_enabled": true, "binding:profile": {}, "fixed_ips": [{"subnet_id": "e828cf31-bcba-413b-8444-7e57dcbddedc", "ip_address": "10.100.0.3"}], "id": "3896cc70-a810-4a70-be10-15741b815c33", "security_groups": ["e50bc9e8-a549-4411-8ecc-36ee874465c3"], "device_id": "e6620937-fea7-4731-b8e6-825998c90e97", "name": "", "admin_state_up": true, "network_id": "d93906eb-251d-4a20-be89-31b70a7d8d77", "dns_name": "", "binding:vif_details": {"port_filter": true}, "binding:vnic_type": "normal", "binding:vif_type": "ovs", "tenant_id": "0b90efdc11c64fbcac944077b357957c", "mac_address": "fa:16:3e:a5:d8:b2"}]}
2015-12-23 20:06:05,738 21881 INFO     [tempest_lib.common.rest_client] Request (TestNetworkBasicOps:test_connectivity_between_vms_on_different_networks): 201 POST http://10.0.2.15:9696/v2.0/floatingips 0.610s
2015-12-23 20:06:05,739 21881 DEBUG    [tempest_lib.common.rest_client] Request - Headers: {'Content-Type': 'application/json', 'Accept': 'application/json', 'X-Auth-Token': '&lt;omitted&gt;'}
        Body: {"floatingip": {"floating_network_id": "a3714555-a297-4ee3-b4ed-33e888951e7b", "tenant_id": "0b90efdc11c64fbcac944077b357957c", "fixed_ip_address": "10.100.0.3", "port_id": "3896cc70-a810-4a70-be10-15741b815c33"}}
    Response - Headers: {'status': '201', 'content-length': '367', 'connection': 'close', 'date': 'Wed, 23 Dec 2015 20:06:05 GMT', 'content-type': 'application/json; charset=UTF-8', 'x-openstack-request-id': 'req-c1f117bb-77e5-47fe-8ff6-c0573b340f4a'}
        Body: {"floatingip": {"floating_network_id": "a3714555-a297-4ee3-b4ed-33e888951e7b", "router_id": "6765791c-5208-42e5-bc04-a8c6efcad2da", "fixed_ip_address": "10.100.0.3", "floating_ip_address": "172.24.4.4", "tenant_id": "0b90efdc11c64fbcac944077b357957c", "status": "DOWN", "port_id": "3896cc70-a810-4a70-be10-15741b815c33", "id": "8c396275-17c0-47e9-80cb-b14499591aa6"}}
2015-12-23 20:06:05,753 21881 INFO     [tempest_lib.common.rest_client] Request (TestNetworkBasicOps:test_connectivity_between_vms_on_different_networks): 200 GET http://10.0.2.15:9696/v2.0/floatingips/8c396275-17c0-47e9-80cb-b14499591aa6 0.013s
2015-12-23 20:06:05,753 21881 DEBUG    [tempest_lib.common.rest_client] Request - Headers: {'Content-Type': 'application/json', 'Accept': 'application/json', 'X-Auth-Token': '&lt;omitted&gt;'}
        Body: None
    Response - Headers: {'status': '200', 'content-length': '367', 'content-location': 'http://10.0.2.15:9696/v2.0/floatingips/8c396275-17c0-47e9-80cb-b14499591aa6', 'connection': 'close', 'date': 'Wed, 23 Dec 2015 20:06:05 GMT', 'content-type': 'application/json; charset=UTF-8', 'x-openstack-request-id': 'req-3bbe0946-f706-48ec-9241-f972d1fe9c13'}
        Body: {"floatingip": {"floating_network_id": "a3714555-a297-4ee3-b4ed-33e888951e7b", "router_id": "6765791c-5208-42e5-bc04-a8c6efcad2da", "fixed_ip_address": "10.100.0.3", "floating_ip_address": "172.24.4.4", "tenant_id": "0b90efdc11c64fbcac944077b357957c", "status": "DOWN", "port_id": "3896cc70-a810-4a70-be10-15741b815c33", "id": "8c396275-17c0-47e9-80cb-b14499591aa6"}}
2015-12-23 20:06:06,768 21881 INFO     [tempest_lib.common.rest_client] Request (TestNetworkBasicOps:test_connectivity_between_vms_on_different_networks): 200 GET http://10.0.2.15:9696/v2.0/floatingips/8c396275-17c0-47e9-80cb-b14499591aa6 0.013s
2015-12-23 20:06:06,769 21881 DEBUG    [tempest_lib.common.rest_client] Request - Headers: {'Content-Type': 'application/json', 'Accept': 'application/json', 'X-Auth-Token': '&lt;omitted&gt;'}
        Body: None
    Response - Headers: {'status': '200', 'content-length': '367', 'content-location': 'http://10.0.2.15:9696/v2.0/floatingips/8c396275-17c0-47e9-80cb-b14499591aa6', 'connection': 'close', 'date': 'Wed, 23 Dec 2015 20:06:06 GMT', 'content-type': 'application/json; charset=UTF-8', 'x-openstack-request-id': 'req-1e22cd73-bf30-435a-b1a7-076d11ed58a9'}
        Body: {"floatingip": {"floating_network_id": "a3714555-a297-4ee3-b4ed-33e888951e7b", "router_id": "6765791c-5208-42e5-bc04-a8c6efcad2da", "fixed_ip_address": "10.100.0.3", "floating_ip_address": "172.24.4.4", "tenant_id": "0b90efdc11c64fbcac944077b357957c", "status": "DOWN", "port_id": "3896cc70-a810-4a70-be10-15741b815c33", "id": "8c396275-17c0-47e9-80cb-b14499591aa6"}}
2015-12-23 20:06:07,785 21881 INFO     [tempest_lib.common.rest_client] Request (TestNetworkBasicOps:test_connectivity_between_vms_on_different_networks): 200 GET http://10.0.2.15:9696/v2.0/floatingips/8c396275-17c0-47e9-80cb-b14499591aa6 0.013s
2015-12-23 20:06:07,785 21881 DEBUG    [tempest_lib.common.rest_client] Request - Headers: {'Content-Type': 'application/json', 'Accept': 'application/json', 'X-Auth-Token': '&lt;omitted&gt;'}
        Body: None
    Response - Headers: {'status': '200', 'content-length': '369', 'content-location': 'http://10.0.2.15:9696/v2.0/floatingips/8c396275-17c0-47e9-80cb-b14499591aa6', 'connection': 'close', 'date': 'Wed, 23 Dec 2015 20:06:07 GMT', 'content-type': 'application/json; charset=UTF-8', 'x-openstack-request-id': 'req-432697ca-ae8a-4712-bb7f-4604bba3afa0'}
        Body: {"floatingip": {"floating_network_id": "a3714555-a297-4ee3-b4ed-33e888951e7b", "router_id": "6765791c-5208-42e5-bc04-a8c6efcad2da", "fixed_ip_address": "10.100.0.3", "floating_ip_address": "172.24.4.4", "tenant_id": "0b90efdc11c64fbcac944077b357957c", "status": "ACTIVE", "port_id": "3896cc70-a810-4a70-be10-15741b815c33", "id": "8c396275-17c0-47e9-80cb-b14499591aa6"}}
2015-12-23 20:06:07,786 21881 INFO     [tempest.scenario.manager] FloatingIP: &lt;"FloatingIP" addr="172.24.4.4" id="8c396275-17c0-47e9-80cb-b14499591aa6"&gt; is at status: ACTIVE
2015-12-23 20:06:07,786 21881 DEBUG    [tempest.scenario.manager] checking network connections to IP 172.24.4.4 with user: cirros
2015-12-23 20:06:07,786 21881 DEBUG    [tempest.scenario.manager] TestNetworkBasicOps:test_connectivity_between_vms_on_different_networks begins to ping 172.24.4.4 in 120 sec and the expected result is reachable
2015-12-23 20:08:09,119 21881 DEBUG    [tempest.scenario.manager] TestNetworkBasicOps:test_connectivity_between_vms_on_different_networks finishes ping 172.24.4.4 in 120 sec and the ping result is unexpected
2015-12-23 20:08:09,120 21881 ERROR    [tempest.scenario.manager] Public network connectivity check failed
2015-12-23 20:08:09.120 21881 ERROR tempest.scenario.manager Traceback (most recent call last):
2015-12-23 20:08:09.120 21881 ERROR tempest.scenario.manager   File "tempest/scenario/manager.py", line 609, in check_public_network_connectivity
2015-12-23 20:08:09.120 21881 ERROR tempest.scenario.manager     should_connect=should_connect)
2015-12-23 20:08:09.120 21881 ERROR tempest.scenario.manager   File "tempest/scenario/manager.py", line 593, in check_vm_connectivity
2015-12-23 20:08:09.120 21881 ERROR tempest.scenario.manager     msg=msg)
2015-12-23 20:08:09.120 21881 ERROR tempest.scenario.manager   File "/usr/local/lib/python2.7/dist-packages/unittest2/case.py", line 702, in assertTrue
2015-12-23 20:08:09.120 21881 ERROR tempest.scenario.manager     raise self.failureException(msg)
2015-12-23 20:08:09.120 21881 ERROR tempest.scenario.manager AssertionError: False is not true : Timed out waiting for 172.24.4.4 to become reachable
2015-12-23 20:08:09.120 21881 ERROR tempest.scenario.manager 
2015-12-23 20:08:09,338 21881 INFO     [tempest_lib.common.rest_client] Request (TestNetworkBasicOps:test_connectivity_between_vms_on_different_networks): 200 POST http://10.0.2.15:8774/v2.1/0b90efdc11c64fbcac944077b357957c/servers/e6620937-fea7-4731-b8e6-825998c90e97/action 0.212s
2015-12-23 20:08:09,339 21881 DEBUG    [tempest_lib.common.rest_client] Request - Headers: {'Content-Type': 'application/json', 'Accept': 'application/json', 'X-Auth-Token': '&lt;omitted&gt;'}
        Body: {"os-getConsoleOutput": {}}
    Response - Headers: {'status': '200', 'content-length': '17595', 'x-compute-request-id': 'req-c992b766-6e1d-4246-b95e-9fa8d48dae5f', 'vary': 'X-OpenStack-Nova-API-Version', 'connection': 'close', 'x-openstack-nova-api-version': '2.1', 'date': 'Wed, 23 Dec 2015 20:08:09 GMT', 'content-type': 'application/json'}
        Body: {"output": "[    0.000000] Initializing cgroup subsys cpuset\n[    0.000000] Initializing cgroup subsys cpu\n[    0.000000] Linux version 3.2.0-80-virtual (buildd@batsu) (gcc version 4.6.3 (Ubuntu/Linaro 4.6.3-1ubuntu5) ) #116-Ubuntu SMP Mon Mar 23 17:28:52 UTC 2015 (Ubuntu 3.2.0-80.116-virtual 3.2.68)\n[    0.000000] Command line: root=/dev/vda console=tty0 console=ttyS0 no_timer_check\n[    0.000000] KERNEL supported cpus:\n[    0.000000]   Intel GenuineIntel\n[    0.000000]   AMD AuthenticAMD\n[    0.000000]   Centaur CentaurHauls\n[    0.000000] BIOS-provided physical RAM map:\n[    0.000000]  BIOS-e820: 0000000000000000 - 000000000009fc00 (usable)\n[    0.000000]  BIOS-e820: 000000000009fc00 - 00000000000a0000 (reserved)\n[    0.000000]  BIOS-e820: 00000000000f0000 - 0000000000100000 (reserved)\n[    0.000000]  BIOS-e820: 0000000000100000 - 0000000003ffe000 (usable)\n[    0.000000]  BIOS-e820: 0000000003ffe000 - 0000000004000000 (reserved)\n[    0.000000]  BIOS-e820: 00000000fffc0000 - 0000000100000000 (reserved)\n[    0.000000] NX (Execute Disable) protection: active\n[    0.000000] SMBIOS 2.4 present.\n[    0.000000] No AGP bridge found\n[    0.000000] last_pfn = 0x3ffe max_arch_pfn = 0x400000000\n[    0.000000] x86 PAT enabled: cpu 0, old 0x7040600070406, new 0x7010600070106\n[    0.000000] found SMP MP-table at [ffff8800000f0b00] f0b00\n[    0.000000] init_memory_mapping: 0000000000000000-0000000003ffe000\n[    0.000000] RAMDISK: 03c5e000 - 03ff0000\n[    0.000000] ACPI: RSDP 00000000000f0950 00014 (v00 BOCHS )\n[    0.000000] ACPI: RSDT 0000000003fffbc1 00034 (v01 BOCHS  BXPCRSDT 00000001 BXPC 00000001)\n[    0.000000] ACPI: FACP 0000000003fff1c0 00074 (v01 BOCHS  BXPCFACP 00000001 BXPC 00000001)\n[    0.000000] ACPI: DSDT 0000000003ffe040 01180 (v01 BOCHS  BXPCDSDT 00000001 BXPC 00000001)\n[    0.000000] ACPI: FACS 0000000003ffe000 00040\n[    0.000000] ACPI: SSDT 0000000003fff234 008DD (v01 BOCHS  BXPCSSDT 00000001 BXPC 00000001)\n[    0.000000] ACPI: APIC 0000000003fffb11 00078 (v01 BOCHS  BXPCAPIC 00000001 BXPC 00000001)\n[    0.000000] ACPI: HPET 0000000003fffb89 00038 (v01 BOCHS  BXPCHPET 00000001 BXPC 00000001)\n[    0.000000] No NUMA configuration found\n[    0.000000] Faking a node at 0000000000000000-0000000003ffe000\n[    0.000000] Initmem setup node 0 0000000000000000-0000000003ffe000\n[    0.000000]   NODE_DATA [0000000003ff6000 - 0000000003ffafff]\n[    0.000000] Zone PFN ranges:\n[    0.000000]   DMA      0x00000010 -&gt; 0x00001000\n[    0.000000]   DMA32    0x00001000 -&gt; 0x00100000\n[    0.000000]   Normal   empty\n[    0.000000] Movable zone start PFN for each node\n[    0.000000] early_node_map[2] active PFN ranges\n[    0.000000]     0: 0x00000010 -&gt; 0x0000009f\n[    0.000000]     0: 0x00000100 -&gt; 0x00003ffe\n[    0.000000] ACPI: PM-Timer IO Port: 0xb008\n[    0.000000] ACPI: LAPIC (acpi_id[0x00] lapic_id[0x00] enabled)\n[    0.000000] ACPI: LAPIC_NMI (acpi_id[0xff] dfl dfl lint[0x1])\n[    0.000000] ACPI: IOAPIC (id[0x00] address[0xfec00000] gsi_base[0])\n[    0.000000] IOAPIC[0]: apic_id 0, version 17, address 0xfec00000, GSI 0-23\n[    0.000000] ACPI: INT_SRC_OVR (bus 0 bus_irq 0 global_irq 2 dfl dfl)\n[    0.000000] ACPI: INT_SRC_OVR (bus 0 bus_irq 5 global_irq 5 high level)\n[    0.000000] ACPI: INT_SRC_OVR (bus 0 bus_irq 9 global_irq 9 high level)\n[    0.000000] ACPI: INT_SRC_OVR (bus 0 bus_irq 10 global_irq 10 high level)\n[    0.000000] ACPI: INT_SRC_OVR (bus 0 bus_irq 11 global_irq 11 high level)\n[    0.000000] Using ACPI (MADT) for SMP configuration information\n[    0.000000] ACPI: HPET id: 0x8086a201 base: 0xfed00000\n[    0.000000] SMP: Allowing 1 CPUs, 0 hotplug CPUs\n[    0.000000] PM: Registered nosave memory: 000000000009f000 - 00000000000a0000\n[    0.000000] PM: Registered nosave memory: 00000000000a0000 - 00000000000f0000\n[    0.000000] PM: Registered nosave memory: 00000000000f0000 - 0000000000100000\n[    0.000000] Allocating PCI resources starting at 4000000 (gap: 4000000:fbfc0000)\n[    0.000000] Booting paravirtualized kernel on bare hardware\n[    0.000000] setup_pe
2015-12-23 20:08:09,343 21881 DEBUG    [tempest.scenario.manager] Console output for e6620937-fea7-4731-b8e6-825998c90e97
body=
[    0.000000] Initializing cgroup subsys cpuset
[    0.000000] Initializing cgroup subsys cpu
[    0.000000] Linux version 3.2.0-80-virtual (buildd@batsu) (gcc version 4.6.3 (Ubuntu/Linaro 4.6.3-1ubuntu5) ) #116-Ubuntu SMP Mon Mar 23 17:28:52 UTC 2015 (Ubuntu 3.2.0-80.116-virtual 3.2.68)
[    0.000000] Command line: root=/dev/vda console=tty0 console=ttyS0 no_timer_check
[    0.000000] KERNEL supported cpus:
[    0.000000]   Intel GenuineIntel
[    0.000000]   AMD AuthenticAMD
[    0.000000]   Centaur CentaurHauls
[    0.000000] BIOS-provided physical RAM map:
[    0.000000]  BIOS-e820: 0000000000000000 - 000000000009fc00 (usable)
[    0.000000]  BIOS-e820: 000000000009fc00 - 00000000000a0000 (reserved)
[    0.000000]  BIOS-e820: 00000000000f0000 - 0000000000100000 (reserved)
[    0.000000]  BIOS-e820: 0000000000100000 - 0000000003ffe000 (usable)
[    0.000000]  BIOS-e820: 0000000003ffe000 - 0000000004000000 (reserved)
[    0.000000]  BIOS-e820: 00000000fffc0000 - 0000000100000000 (reserved)
[    0.000000] NX (Execute Disable) protection: active
[    0.000000] SMBIOS 2.4 present.
[    0.000000] No AGP bridge found
[    0.000000] last_pfn = 0x3ffe max_arch_pfn = 0x400000000
[    0.000000] x86 PAT enabled: cpu 0, old 0x7040600070406, new 0x7010600070106
[    0.000000] found SMP MP-table at [ffff8800000f0b00] f0b00
[    0.000000] init_memory_mapping: 0000000000000000-0000000003ffe000
[    0.000000] RAMDISK: 03c5e000 - 03ff0000
[    0.000000] ACPI: RSDP 00000000000f0950 00014 (v00 BOCHS )
[    0.000000] ACPI: RSDT 0000000003fffbc1 00034 (v01 BOCHS  BXPCRSDT 00000001 BXPC 00000001)
[    0.000000] ACPI: FACP 0000000003fff1c0 00074 (v01 BOCHS  BXPCFACP 00000001 BXPC 00000001)
[    0.000000] ACPI: DSDT 0000000003ffe040 01180 (v01 BOCHS  BXPCDSDT 00000001 BXPC 00000001)
[    0.000000] ACPI: FACS 0000000003ffe000 00040
[    0.000000] ACPI: SSDT 0000000003fff234 008DD (v01 BOCHS  BXPCSSDT 00000001 BXPC 00000001)
[    0.000000] ACPI: APIC 0000000003fffb11 00078 (v01 BOCHS  BXPCAPIC 00000001 BXPC 00000001)
[    0.000000] ACPI: HPET 0000000003fffb89 00038 (v01 BOCHS  BXPCHPET 00000001 BXPC 00000001)
[    0.000000] No NUMA configuration found
[    0.000000] Faking a node at 0000000000000000-0000000003ffe000
[    0.000000] Initmem setup node 0 0000000000000000-0000000003ffe000
[    0.000000]   NODE_DATA [0000000003ff6000 - 0000000003ffafff]
[    0.000000] Zone PFN ranges:
[    0.000000]   DMA      0x00000010 -&gt; 0x00001000
[    0.000000]   DMA32    0x00001000 -&gt; 0x00100000
[    0.000000]   Normal   empty
[    0.000000] Movable zone start PFN for each node
[    0.000000] early_node_map[2] active PFN ranges
[    0.000000]     0: 0x00000010 -&gt; 0x0000009f
[    0.000000]     0: 0x00000100 -&gt; 0x00003ffe
[    0.000000] ACPI: PM-Timer IO Port: 0xb008
[    0.000000] ACPI: LAPIC (acpi_id[0x00] lapic_id[0x00] enabled)
[    0.000000] ACPI: LAPIC_NMI (acpi_id[0xff] dfl dfl lint[0x1])
[    0.000000] ACPI: IOAPIC (id[0x00] address[0xfec00000] gsi_base[0])
[    0.000000] IOAPIC[0]: apic_id 0, version 17, address 0xfec00000, GSI 0-23
[    0.000000] ACPI: INT_SRC_OVR (bus 0 bus_irq 0 global_irq 2 dfl dfl)
[    0.000000] ACPI: INT_SRC_OVR (bus 0 bus_irq 5 global_irq 5 high level)
[    0.000000] ACPI: INT_SRC_OVR (bus 0 bus_irq 9 global_irq 9 high level)
[    0.000000] ACPI: INT_SRC_OVR (bus 0 bus_irq 10 global_irq 10 high level)
[    0.000000] ACPI: INT_SRC_OVR (bus 0 bus_irq 11 global_irq 11 high level)
[    0.000000] Using ACPI (MADT) for SMP configuration information
[    0.000000] ACPI: HPET id: 0x8086a201 base: 0xfed00000
[    0.000000] SMP: Allowing 1 CPUs, 0 hotplug CPUs
[    0.000000] PM: Registered nosave memory: 000000000009f000 - 00000000000a0000
[    0.000000] PM: Registered nosave memory: 00000000000a0000 - 00000000000f0000
[    0.000000] PM: Registered nosave memory: 00000000000f0000 - 0000000000100000
[    0.000000] Allocating PCI resources starting at 4000000 (gap: 4000000:fbfc0000)
[    0.000000] Booting paravirtualized kernel on bare hardware
[    0.000000] setup_percpu: NR_CPUS:64 nr_cpumask_bits:64 nr_cpu_ids:1 nr_node_ids:1
[    0.000000] PERCPU: Embedded 27 pages/cpu @ffff880003a00000 s78848 r8192 d23552 u2097152
[    0.000000] Built 1 zonelists in Node order, mobility grouping on.  Total pages: 16008
[    0.000000] Policy zone: DMA32
[    0.000000] Kernel command line: root=/dev/vda console=tty0 console=ttyS0 no_timer_check
[    0.000000] PID hash table entries: 256 (order: -1, 2048 bytes)
[    0.000000] Checking aperture...
[    0.000000] No AGP bridge found
[    0.000000] Memory: 43492k/65528k available (6576k kernel code, 452k absent, 21584k reserved, 6620k data, 928k init)
[    0.000000] SLUB: Genslabs=15, HWalign=64, Order=0-3, MinObjects=0, CPUs=1, Nodes=1
[    0.000000] Hierarchical RCU implementation.
[    0.000000] 	RCU dyntick-idle grace-period acceleration is enabled.
[    0.000000] NR_IRQS:4352 nr_irqs:256 16
[    0.000000] Console: colour VGA+ 80x25
[    0.000000] console [tty0] enabled
[    0.000000] console [ttyS0] enabled
[    0.000000] allocated 1048576 bytes of page_cgroup
[    0.000000] please try 'cgroup_disable=memory' option if you don't want memory cgroups
[    0.000000] Fast TSC calibration failed
[    0.000000] TSC: Unable to calibrate against PIT
[    0.000000] TSC: using HPET reference calibration
[    0.000000] Detected 2293.288 MHz processor.
[    0.037243] Calibrating delay loop (skipped), value calculated using timer frequency.. 4586.57 BogoMIPS (lpj=9173152)
[    0.039555] pid_max: default: 32768 minimum: 301
[    0.047095] Security Framework initialized
[    0.052708] AppArmor: AppArmor initialized
[    0.053413] Yama: becoming mindful.
[    0.060723] Dentry cache hash table entries: 8192 (order: 4, 65536 bytes)
[    0.062661] Inode-cache hash table entries: 4096 (order: 3, 32768 bytes)
[    0.064629] Mount-cache hash table entries: 256
[    0.082806] Initializing cgroup subsys cpuacct
[    0.084092] Initializing cgroup subsys memory
[    0.085266] Initializing cgroup subsys devices
[    0.085943] Initializing cgroup subsys freezer
[    0.088217] Initializing cgroup subsys blkio
[    0.088887] Initializing cgroup subsys perf_event
[    0.093689] mce: CPU supports 10 MCE banks
[    0.096793] SMP alternatives: switching to UP code
[    0.577671] Freeing SMP alternatives: 24k freed
[    0.580258] ACPI: Core revision 20110623
[    0.632481] ftrace: allocating 26610 entries in 105 pages
[    0.662246] ..TIMER: vector=0x30 apic1=0 pin1=2 apic2=-1 pin2=-1
[    0.664142] CPU0: AMD QEMU Virtual CPU version 2.0.0 stepping 03
[    0.668041] Performance Events: Broken PMU hardware detected, using software events only.
[    0.677178] NMI watchdog disabled (cpu0): hardware events not enabled
[    0.680147] Brought up 1 CPUs
[    0.681421] Total of 1 processors activated (4586.57 BogoMIPS).
[    0.710871] devtmpfs: initialized
[    0.748676] EVM: security.selinux
[    0.749109] EVM: security.SMACK64
[    0.750211] EVM: security.capability
[    0.772862] print_constraints: dummy: 
[    0.774750] RTC time: 20:06:07, date: 12/23/15
[    0.777475] NET: Registered protocol family 16
[    0.787071] ACPI: bus type pci registered
[    0.792277] PCI: Using configuration type 1 for base access
[    0.824175] bio: create slab &lt;bio-0&gt; at 0
[    0.828640] ACPI: Added _OSI(Module Device)
[    0.829332] ACPI: Added _OSI(Processor Device)
[    0.829891] ACPI: Added _OSI(3.0 _SCP Extensions)
[    0.832119] ACPI: Added _OSI(Processor Aggregator Device)
[    0.912883] ACPI: Interpreter enabled
[    0.913453] ACPI: (supports S0 S3 S4 S5)
[    0.915190] ACPI: Using IOAPIC for interrupt routing
[    0.984675] ACPI: No dock devices found.
[    0.985124] HEST: Table not found.
[    0.986337] PCI: Using host bridge windows from ACPI; if necessary, use "pci=nocrs" and report a bug
[    0.993006] ACPI: PCI Root Bridge [PCI0] (domain 0000 [bus 00-ff])
[    0.998476] pci_root PNP0A03:00: host bridge window [io  0x0000-0x0cf7]
[    1.000142] pci_root PNP0A03:00: host bridge window [io  0x0d00-0xadff]
[    1.000997] pci_root PNP0A03:00: host bridge window [io  0xae0f-0xaeff]
[    1.001845] pci_root PNP0A03:00: host bridge window [io  0xaf20-0xafdf]
[    1.002655] pci_root PNP0A03:00: host bridge window [io  0xafe4-0xffff]
[    1.004172] pci_root PNP0A03:00: host bridge window [mem 0x000a0000-0x000bffff]
[    1.005238] pci_root PNP0A03:00: host bridge window [mem 0x04000000-0xfebfffff]
[    1.029269] pci 0000:00:01.3: quirk: [io  0xb000-0xb03f] claimed by PIIX4 ACPI
[    1.031168] pci 0000:00:01.3: quirk: [io  0xb100-0xb10f] claimed by PIIX4 SMB
[    1.105272]  pci0000:00: Unable to request _OSC control (_OSC support mask: 0x1e)
[    1.171405] ACPI: PCI Interrupt Link [LNKA] (IRQs 5 *10 11)
[    1.173839] ACPI: PCI Interrupt Link [LNKB] (IRQs 5 *10 11)
[    1.176356] ACPI: PCI Interrupt Link [LNKC] (IRQs 5 10 *11)
[    1.178877] ACPI: PCI Interrupt Link [LNKD] (IRQs 5 10 *11)
[    1.180827] ACPI: PCI Interrupt Link [LNKS] (IRQs *9)
[    1.186977] vgaarb: device added: PCI:0000:00:02.0,decodes=io+mem,owns=io+mem,locks=none
[    1.188200] vgaarb: loaded
[    1.188561] vgaarb: bridge control possible 0000:00:02.0
[    1.193118] i2c-core: driver [aat2870] using legacy suspend method
[    1.193964] i2c-core: driver [aat2870] using legacy resume method
[    1.197062] SCSI subsystem initialized
[    1.200934] usbcore: registered new interface driver usbfs
[    1.202096] usbcore: registered new interface driver hub
[    1.203336] usbcore: registered new device driver usb
[    1.208421] PCI: Using ACPI for IRQ routing
[    1.224601] NetLabel: Initializing
[    1.225035] NetLabel:  domain hash size = 128
[    1.225557] NetLabel:  protocols = UNLABELED CIPSOv4
[    1.227445] NetLabel:  unlabeled traffic allowed by default
[    1.229682] HPET: 3 timers in total, 0 timers will be used for per-cpu timer
[    1.230775] hpet0: at MMIO 0xfed00000, IRQs 2, 8, 0
[    1.232659] hpet0: 3 comparators, 64-bit 100.000000 MHz counter
[    1.246042] Switching to clocksource hpet
[    1.489588] AppArmor: AppArmor Filesystem Enabled
[    1.490959] pnp: PnP ACPI init
[    1.491687] ACPI: bus type pnp registered
[    1.521624] pnp: PnP ACPI: found 9 devices
[    1.522179] ACPI: ACPI bus type pnp unregistered
[    1.578608] NET: Registered protocol family 2
[    1.612089] IP route cache hash table entries: 512 (order: 0, 4096 bytes)
[    1.619985] TCP established hash table entries: 2048 (order: 3, 32768 bytes)
[    1.622242] TCP bind hash table entries: 2048 (order: 3, 32768 bytes)
[    1.623109] TCP: Hash tables configured (established 2048 bind 2048)
[    1.623866] TCP reno registered
[    1.625165] UDP hash table entries: 128 (order: 0, 4096 bytes)
[    1.625791] UDP-Lite hash table entries: 128 (order: 0, 4096 bytes)
[    1.628040] NET: Registered protocol family 1
[    1.629603] pci 0000:00:00.0: Limiting direct PCI/PCI transfers
[    1.630284] pci 0000:00:01.0: PIIX3: Enabling Passive Release
[    1.631332] pci 0000:00:01.0: Activating ISA DMA hang workarounds
[    1.637008] ACPI: PCI Interrupt Link [LNKD] enabled at IRQ 11
[    1.638014] pci 0000:00:01.2: PCI INT D -&gt; Link[LNKD] -&gt; GSI 11 (level, high) -&gt; IRQ 11
[    1.639836] pci 0000:00:01.2: PCI INT D disabled
[    1.658017] Trying to unpack rootfs image as initramfs...
[    1.675485] audit: initializing netlink socket (disabled)
[    1.678125] type=2000 audit(1450901167.676:1): initialized
[    1.945181] HugeTLB registered 2 MB page size, pre-allocated 0 pages
[    2.022265] VFS: Disk quotas dquot_6.5.2
[    2.025657] Dquot-cache hash table entries: 512 (order 0, 4096 bytes)
[    2.043356] fuse init (API version 7.17)
[    2.053875] msgmni has been set to 84
[    2.083538] Block layer SCSI generic (bsg) driver version 0.4 loaded (major 253)
[    2.091651] io scheduler noop registered
[    2.092163] io scheduler deadline registered (default)
[    2.094051] io scheduler cfq registered
[    2.097802] pci_hotplug: PCI Hot Plug PCI Core version: 0.5
[    2.099634] pciehp: PCI Express Hot Plug Controller Driver version: 0.4
[    2.105684] input: Power Button as /devices/LNXSYSTM:00/LNXPWRBN:00/input/input0
[    2.107209] ACPI: Power Button [PWRF]
[    2.154099] ERST: Table is not found!
[    2.154591] GHES: HEST is not enabled!
[    2.162504] ACPI: PCI Interrupt Link [LNKC] enabled at IRQ 10
[    2.163317] virtio-pci 0000:00:03.0: PCI INT A -&gt; Link[LNKC] -&gt; GSI 10 (level, high) -&gt; IRQ 10
[    2.167920] virtio-pci 0000:00:04.0: PCI INT A -&gt; Link[LNKD] -&gt; GSI 11 (level, high) -&gt; IRQ 11
[    2.182934] ACPI: PCI Interrupt Link [LNKA] enabled at IRQ 10
[    2.183832] virtio-pci 0000:00:05.0: PCI INT A -&gt; Link[LNKA] -&gt; GSI 10 (level, high) -&gt; IRQ 10
[    2.194605] Serial: 8250/16550 driver, 32 ports, IRQ sharing enabled
[    2.234948] serial8250: ttyS0 at I/O 0x3f8 (irq = 4) is a 16550A
[    2.312752] serial8250: ttyS1 at I/O 0x2f8 (irq = 3) is a 16550A
[    2.445402] 00:05: ttyS0 at I/O 0x3f8 (irq = 4) is a 16550A
[    2.523801] 00:06: ttyS1 at I/O 0x2f8 (irq = 3) is a 16550A
[    2.575025] Linux agpgart interface v0.103
[    2.646309] Refined TSC clocksource calibration: 2293.285 MHz.
[    2.647403] Switching to clocksource tsc
[    2.649733] brd: module loaded
[    2.688702] loop: module loaded
[    2.739538]  vda: unknown partition table
[    2.801917] scsi0 : ata_piix
[    2.809408] scsi1 : ata_piix
[    2.810613] ata1: PATA max MWDMA2 cmd 0x1f0 ctl 0x3f6 bmdma 0xc0a0 irq 14
[    2.811431] ata2: PATA max MWDMA2 cmd 0x170 ctl 0x376 bmdma 0xc0a8 irq 15
[    2.821220] Fixed MDIO Bus: probed
[    2.822149] tun: Universal TUN/TAP device driver, 1.6
[    2.822682] tun: (C) 1999-2004 Max Krasnyansky &lt;maxk@qualcomm.com&gt;
[    2.834554] PPP generic driver version 2.4.2
[    2.862070] ehci_hcd: USB 2.0 'Enhanced' Host Controller (EHCI) Driver
[    2.863179] ohci_hcd: USB 1.1 'Open' Host Controller (OHCI) Driver
[    2.865404] uhci_hcd: USB Universal Host Controller Interface driver
[    2.866450] uhci_hcd 0000:00:01.2: PCI INT D -&gt; Link[LNKD] -&gt; GSI 11 (level, high) -&gt; IRQ 11
[    2.870040] uhci_hcd 0000:00:01.2: UHCI Host Controller
[    2.878019] uhci_hcd 0000:00:01.2: new USB bus registered, assigned bus number 1
[    2.882525] uhci_hcd 0000:00:01.2: irq 11, io base 0x0000c040
[    2.945144] hub 1-0:1.0: USB hub found
[    2.949072] hub 1-0:1.0: 2 ports detected
[    2.961509] usbcore: registered new interface driver libusual
[    2.964613] i8042: PNP: PS/2 Controller [PNP0303:KBD,PNP0f13:MOU] at 0x60,0x64 irq 1,12
[    2.980760] serio: i8042 KBD port at 0x60,0x64 irq 1
[    2.983526] serio: i8042 AUX port at 0x60,0x64 irq 12
[    3.041842] ata2.01: ATAPI: QEMU DVD-ROM, 2.0.0, max UDMA/100
[    3.059079] ata2.01: configured for MWDMA2
[    3.093863] scsi 1:0:1:0: CD-ROM            QEMU     QEMU DVD-ROM     2.0. PQ: 0 ANSI: 5
[    3.106631] mousedev: PS/2 mouse device common for all mice
[    3.124990] input: AT Translated Set 2 keyboard as /devices/platform/i8042/serio0/input/input1
[    3.135921] rtc_cmos 00:01: RTC can wake from S4
[    3.157562] sr0: scsi3-mmc drive: 4x/4x cd/rw xa/form2 tray
[    3.159814] cdrom: Uniform CD-ROM driver Revision: 3.20
[    3.164783] rtc_cmos 00:01: rtc core: registered rtc_cmos as rtc0
[    3.168907] rtc0: alarms up to one day, 114 bytes nvram, hpet irqs
[    3.172963] device-mapper: uevent: version 1.0.3
[    3.200855] sr 1:0:1:0: Attached scsi generic sg0 type 5
[    3.216153] device-mapper: ioctl: 4.22.0-ioctl (2011-10-19) initialised: dm-devel@redhat.com
[    3.222456] cpuidle: using governor ladder
[    3.223648] cpuidle: using governor menu
[    3.225249] EFI Variables Facility v0.08 2004-May-17
[    3.235552] TCP cubic registered
[    3.244140] NET: Registered protocol family 10
[    3.271531] NET: Registered protocol family 17
[    3.273131] Registering the dns_resolver key type
[    3.358763] registered taskstats version 1
[    3.397501] Freeing initrd memory: 3656k freed
[    3.859699]   Magic number: 11:951:144
[    3.868603] ata_port ata1: hash matches
[    3.869122]  ata1: hash matches
[    3.870297] block ram9: hash matches
[    3.871561] acpi device:15: hash matches
[    3.882944] rtc_cmos 00:01: setting system clock to 2015-12-23 20:06:10 UTC (1450901170)
[    3.891679] powernow-k8: Processor cpuid 663 not supported
[    3.898452] BIOS EDD facility v0.16 2004-Jun-25, 0 devices found
[    3.900097] EDD information not available.
[    3.977650] Freeing unused kernel memory: 928k freed
[    3.984525] Write protecting the kernel read-only data: 12288k
[    4.107801] Freeing unused kernel memory: 1596k freed
[    4.174541] Freeing unused kernel memory: 1184k freed

info: initramfs: up at 4.33
modprobe: module virtio_blk not found in modules.dep
modprobe: module virtio_net not found in modules.dep
info: copying initramfs to /dev/vda
info: initramfs loading root from /dev/vda
info: /etc/init.d/rc.sysinit: up at 8.78
info: container: none
Starting logging: OK
modprobe: module virtio_blk not found in modules.dep
modprobe: module virtio_net not found in modules.dep
WARN: /etc/rc3.d/S10-load-modules failed
Initializing random number generator... done.
Starting acpid: OK
cirros-ds 'local' up at 11.33
found datasource (configdrive, local)
Starting network...
udhcpc (v1.20.1) started
Sending discover...
Sending discover...

2015-12-23 20:08:09,630 21881 INFO     [tempest_lib.common.rest_client] Request (TestNetworkBasicOps:_run_cleanups): 204 DELETE http://10.0.2.15:9696/v2.0/floatingips/8c396275-17c0-47e9-80cb-b14499591aa6 0.281s
2015-12-23 20:08:09,630 21881 DEBUG    [tempest_lib.common.rest_client] Request - Headers: {'Content-Type': 'application/json', 'Accept': 'application/json', 'X-Auth-Token': '&lt;omitted&gt;'}
        Body: None
    Response - Headers: {'date': 'Wed, 23 Dec 2015 20:08:09 GMT', 'status': '204', 'connection': 'close', 'content-length': '0', 'x-openstack-request-id': 'req-5fc2895c-5530-49f4-8abe-5363ed186204'}
        Body: 
2015-12-23 20:08:09,862 21881 INFO     [tempest_lib.common.rest_client] Request (TestNetworkBasicOps:_run_cleanups): 204 DELETE http://10.0.2.15:8774/v2.1/0b90efdc11c64fbcac944077b357957c/servers/e6620937-fea7-4731-b8e6-825998c90e97 0.231s
2015-12-23 20:08:09,862 21881 DEBUG    [tempest_lib.common.rest_client] Request - Headers: {'Content-Type': 'application/json', 'Accept': 'application/json', 'X-Auth-Token': '&lt;omitted&gt;'}
        Body: None
    Response - Headers: {'status': '204', 'content-length': '0', 'x-compute-request-id': 'req-241dc36b-76e9-405f-98a5-1230d6896f5a', 'vary': 'X-OpenStack-Nova-API-Version', 'connection': 'close', 'x-openstack-nova-api-version': '2.1', 'date': 'Wed, 23 Dec 2015 20:08:09 GMT', 'content-type': 'application/json'}
        Body: 
2015-12-23 20:08:10,124 21881 INFO     [tempest_lib.common.rest_client] Request (TestNetworkBasicOps:_run_cleanups): 200 GET http://10.0.2.15:8774/v2.1/0b90efdc11c64fbcac944077b357957c/servers/e6620937-fea7-4731-b8e6-825998c90e97 0.260s
2015-12-23 20:08:10,124 21881 DEBUG    [tempest_lib.common.rest_client] Request - Headers: {'Content-Type': 'application/json', 'Accept': 'application/json', 'X-Auth-Token': '&lt;omitted&gt;'}
        Body: None
    Response - Headers: {'status': '200', 'content-length': '1776', 'content-location': 'http://10.0.2.15:8774/v2.1/0b90efdc11c64fbcac944077b357957c/servers/e6620937-fea7-4731-b8e6-825998c90e97', 'x-compute-request-id': 'req-46a88f97-837a-4c2c-b7bb-6f322c9f9994', 'vary': 'X-OpenStack-Nova-API-Version', 'connection': 'close', 'x-openstack-nova-api-version': '2.1', 'date': 'Wed, 23 Dec 2015 20:08:10 GMT', 'content-type': 'application/json'}
        Body: {"server": {"status": "ACTIVE", "updated": "2015-12-23T20:08:09Z", "hostId": "46324ccab7dd5f6af26dac0c3520d009178a67047b1e7313335fd07b", "addresses": {"tempest-network-smoke--2050085494": [{"OS-EXT-IPS-MAC:mac_addr": "fa:16:3e:a5:d8:b2", "version": 4, "addr": "10.100.0.3", "OS-EXT-IPS:type": "fixed"}, {"OS-EXT-IPS-MAC:mac_addr": "fa:16:3e:a5:d8:b2", "version": 4, "addr": "172.24.4.4", "OS-EXT-IPS:type": "floating"}]}, "links": [{"href": "http://10.0.2.15:8774/v2.1/0b90efdc11c64fbcac944077b357957c/servers/e6620937-fea7-4731-b8e6-825998c90e97", "rel": "self"}, {"href": "http://10.0.2.15:8774/0b90efdc11c64fbcac944077b357957c/servers/e6620937-fea7-4731-b8e6-825998c90e97", "rel": "bookmark"}], "key_name": "tempest-TestNetworkBasicOps-944824970", "image": {"id": "1dd0d9bc-e171-47c7-936b-b4c93a1e976f", "links": [{"href": "http://10.0.2.15:8774/0b90efdc11c64fbcac944077b357957c/images/1dd0d9bc-e171-47c7-936b-b4c93a1e976f", "rel": "bookmark"}]}, "OS-EXT-STS:task_state": "deleting", "OS-EXT-STS:vm_state": "active", "OS-SRV-USG:launched_at": "2015-12-23T20:06:04.000000", "flavor": {"id": "42", "links": [{"href": "http://10.0.2.15:8774/0b90efdc11c64fbcac944077b357957c/flavors/42", "rel": "bookmark"}]}, "id": "e6620937-fea7-4731-b8e6-825998c90e97", "security_groups": [{"name": "tempest-secgroup-smoke-1916653688"}], "OS-SRV-USG:terminated_at": null, "OS-EXT-AZ:availability_zone": "nova", "user_id": "ec714af5871b4a2b88c23ebb5c999aec", "name": "tempest.common.compute-instance-1753415137", "created": "2015-12-23T20:06:00Z", "tenant_id": "0b90efdc11c64fbcac944077b357957c", "OS-DCF:diskConfig": "MANUAL", "os-extended-volumes:volumes_attached": [], "accessIPv4": "", "accessIPv6": "", "progress": 0, "OS-EXT-STS:power_state": 1, "config_drive": "True", "metadata": {}}}
2015-12-23 20:08:11,277 21881 INFO     [tempest_lib.common.rest_client] Request (TestNetworkBasicOps:_run_cleanups): 200 GET http://10.0.2.15:8774/v2.1/0b90efdc11c64fbcac944077b357957c/servers/e6620937-fea7-4731-b8e6-825998c90e97 0.143s
2015-12-23 20:08:11,278 21881 DEBUG    [tempest_lib.common.rest_client] Request - Headers: {'Content-Type': 'application/json', 'Accept': 'application/json', 'X-Auth-Token': '&lt;omitted&gt;'}
        Body: None
    Response - Headers: {'status': '200', 'content-length': '1440', 'content-location': 'http://10.0.2.15:8774/v2.1/0b90efdc11c64fbcac944077b357957c/servers/e6620937-fea7-4731-b8e6-825998c90e97', 'x-compute-request-id': 'req-23c56bca-916f-4519-8c76-2e101e6b6978', 'vary': 'X-OpenStack-Nova-API-Version', 'connection': 'close', 'x-openstack-nova-api-version': '2.1', 'date': 'Wed, 23 Dec 2015 20:08:11 GMT', 'content-type': 'application/json'}
        Body: {"server": {"status": "ACTIVE", "updated": "2015-12-23T20:08:10Z", "hostId": "46324ccab7dd5f6af26dac0c3520d009178a67047b1e7313335fd07b", "addresses": {}, "links": [{"href": "http://10.0.2.15:8774/v2.1/0b90efdc11c64fbcac944077b357957c/servers/e6620937-fea7-4731-b8e6-825998c90e97", "rel": "self"}, {"href": "http://10.0.2.15:8774/0b90efdc11c64fbcac944077b357957c/servers/e6620937-fea7-4731-b8e6-825998c90e97", "rel": "bookmark"}], "key_name": "tempest-TestNetworkBasicOps-944824970", "image": {"id": "1dd0d9bc-e171-47c7-936b-b4c93a1e976f", "links": [{"href": "http://10.0.2.15:8774/0b90efdc11c64fbcac944077b357957c/images/1dd0d9bc-e171-47c7-936b-b4c93a1e976f", "rel": "bookmark"}]}, "OS-EXT-STS:task_state": "deleting", "OS-EXT-STS:vm_state": "active", "OS-SRV-USG:launched_at": "2015-12-23T20:06:04.000000", "flavor": {"id": "42", "links": [{"href": "http://10.0.2.15:8774/0b90efdc11c64fbcac944077b357957c/flavors/42", "rel": "bookmark"}]}, "id": "e6620937-fea7-4731-b8e6-825998c90e97", "OS-SRV-USG:terminated_at": null, "OS-EXT-AZ:availability_zone": "nova", "user_id": "ec714af5871b4a2b88c23ebb5c999aec", "name": "tempest.common.compute-instance-1753415137", "created": "2015-12-23T20:06:00Z", "tenant_id": "0b90efdc11c64fbcac944077b357957c", "OS-DCF:diskConfig": "MANUAL", "os-extended-volumes:volumes_attached": [], "accessIPv4": "", "accessIPv6": "", "progress": 0, "OS-EXT-STS:power_state": 1, "config_drive": "True", "metadata": {}}}
2015-12-23 20:08:12,370 21881 INFO     [tempest_lib.common.rest_client] Request (TestNetworkBasicOps:_run_cleanups): 404 GET http://10.0.2.15:8774/v2.1/0b90efdc11c64fbcac944077b357957c/servers/e6620937-fea7-4731-b8e6-825998c90e97 0.081s
2015-12-23 20:08:12,370 21881 DEBUG    [tempest_lib.common.rest_client] Request - Headers: {'Content-Type': 'application/json', 'Accept': 'application/json', 'X-Auth-Token': '&lt;omitted&gt;'}
        Body: None
    Response - Headers: {'status': '404', 'content-length': '111', 'x-compute-request-id': 'req-61d2e705-2584-4621-b458-f418b7be8f07', 'vary': 'X-OpenStack-Nova-API-Version', 'connection': 'close', 'x-openstack-nova-api-version': '2.1', 'date': 'Wed, 23 Dec 2015 20:08:12 GMT', 'content-type': 'application/json; charset=UTF-8'}
        Body: {"itemNotFound": {"message": "Instance e6620937-fea7-4731-b8e6-825998c90e97 could not be found.", "code": 404}}
2015-12-23 20:08:12,392 21881 INFO     [tempest_lib.common.rest_client] Request (TestNetworkBasicOps:_run_cleanups): 202 DELETE http://10.0.2.15:8774/v2.1/0b90efdc11c64fbcac944077b357957c/os-keypairs/tempest-TestNetworkBasicOps-944824970 0.020s
2015-12-23 20:08:12,392 21881 DEBUG    [tempest_lib.common.rest_client] Request - Headers: {'Content-Type': 'application/json', 'Accept': 'application/json', 'X-Auth-Token': '&lt;omitted&gt;'}
        Body: None
    Response - Headers: {'status': '202', 'content-length': '0', 'x-compute-request-id': 'req-263b485c-f0dd-42e5-a182-0b6932efdc98', 'vary': 'X-OpenStack-Nova-API-Version', 'connection': 'close', 'x-openstack-nova-api-version': '2.1', 'date': 'Wed, 23 Dec 2015 20:08:12 GMT', 'content-type': 'application/json'}
        Body: 
2015-12-23 20:08:12,888 21881 INFO     [tempest_lib.common.rest_client] Request (TestNetworkBasicOps:_run_cleanups): 200 PUT http://10.0.2.15:9696/v2.0/routers/6765791c-5208-42e5-bc04-a8c6efcad2da/remove_router_interface 0.494s
2015-12-23 20:08:12,889 21881 DEBUG    [tempest_lib.common.rest_client] Request - Headers: {'Content-Type': 'application/json', 'Accept': 'application/json', 'X-Auth-Token': '&lt;omitted&gt;'}
        Body: {"subnet_id": "e828cf31-bcba-413b-8444-7e57dcbddedc"}
    Response - Headers: {'status': '200', 'content-length': '255', 'connection': 'close', 'date': 'Wed, 23 Dec 2015 20:08:12 GMT', 'content-type': 'application/json; charset=UTF-8', 'x-openstack-request-id': 'req-225c1610-f144-4626-8844-94b204948307'}
        Body: {"subnet_id": "e828cf31-bcba-413b-8444-7e57dcbddedc", "tenant_id": "0b90efdc11c64fbcac944077b357957c", "subnet_ids": ["e828cf31-bcba-413b-8444-7e57dcbddedc"], "port_id": "659481a9-d602-4f50-9ed0-f91511047578", "id": "6765791c-5208-42e5-bc04-a8c6efcad2da"}
2015-12-23 20:08:13,346 21881 INFO     [tempest_lib.common.rest_client] Request (TestNetworkBasicOps:_run_cleanups): 204 DELETE http://10.0.2.15:9696/v2.0/subnets/e828cf31-bcba-413b-8444-7e57dcbddedc 0.456s
2015-12-23 20:08:13,347 21881 DEBUG    [tempest_lib.common.rest_client] Request - Headers: {'Content-Type': 'application/json', 'Accept': 'application/json', 'X-Auth-Token': '&lt;omitted&gt;'}
        Body: None
    Response - Headers: {'date': 'Wed, 23 Dec 2015 20:08:13 GMT', 'status': '204', 'connection': 'close', 'content-length': '0', 'x-openstack-request-id': 'req-34997ea4-d62c-4e3b-a4da-96aa26f5712f'}
        Body: 
2015-12-23 20:08:13,406 21881 INFO     [tempest_lib.common.rest_client] Request (TestNetworkBasicOps:_run_cleanups): 200 GET http://10.0.2.15:9696/v2.0/routers/6765791c-5208-42e5-bc04-a8c6efcad2da 0.058s
2015-12-23 20:08:13,406 21881 DEBUG    [tempest_lib.common.rest_client] Request - Headers: {'Content-Type': 'application/json', 'Accept': 'application/json', 'X-Auth-Token': '&lt;omitted&gt;'}
        Body: None
    Response - Headers: {'status': '200', 'content-length': '563', 'content-location': 'http://10.0.2.15:9696/v2.0/routers/6765791c-5208-42e5-bc04-a8c6efcad2da', 'connection': 'close', 'date': 'Wed, 23 Dec 2015 20:08:13 GMT', 'content-type': 'application/json; charset=UTF-8', 'x-openstack-request-id': 'req-386a5ae1-e9e3-4fa8-88be-d565c484b192'}
        Body: {"router": {"status": "ACTIVE", "external_gateway_info": {"network_id": "a3714555-a297-4ee3-b4ed-33e888951e7b", "enable_snat": true, "external_fixed_ips": [{"subnet_id": "674ffad9-df9b-4178-9555-6f5c2d442daf", "ip_address": "172.24.4.3"}, {"subnet_id": "fccd432e-3e55-4057-afee-d1565bc3336b", "ip_address": "2001:db8::4"}]}, "availability_zone_hints": [], "availability_zones": ["nova"], "name": "tempest-router-smoke-321724549", "admin_state_up": true, "tenant_id": "0b90efdc11c64fbcac944077b357957c", "routes": [], "id": "6765791c-5208-42e5-bc04-a8c6efcad2da"}}
2015-12-23 20:08:13,832 21881 INFO     [tempest_lib.common.rest_client] Request (TestNetworkBasicOps:_run_cleanups): 200 PUT http://10.0.2.15:9696/v2.0/routers/6765791c-5208-42e5-bc04-a8c6efcad2da 0.426s
2015-12-23 20:08:13,832 21881 DEBUG    [tempest_lib.common.rest_client] Request - Headers: {'Content-Type': 'application/json', 'Accept': 'application/json', 'X-Auth-Token': '&lt;omitted&gt;'}
        Body: {"router": {"external_gateway_info": {}, "name": "tempest-router-smoke-321724549", "admin_state_up": true}}
    Response - Headers: {'status': '200', 'content-length': '301', 'connection': 'close', 'date': 'Wed, 23 Dec 2015 20:08:13 GMT', 'content-type': 'application/json; charset=UTF-8', 'x-openstack-request-id': 'req-b9f4ce6d-e2db-4149-a3cb-6d13374adbc0'}
        Body: {"router": {"status": "ACTIVE", "external_gateway_info": null, "availability_zone_hints": [], "availability_zones": ["nova"], "name": "tempest-router-smoke-321724549", "admin_state_up": true, "tenant_id": "0b90efdc11c64fbcac944077b357957c", "routes": [], "id": "6765791c-5208-42e5-bc04-a8c6efcad2da"}}
2015-12-23 20:08:14,067 21881 INFO     [tempest_lib.common.rest_client] Request (TestNetworkBasicOps:_run_cleanups): 204 DELETE http://10.0.2.15:9696/v2.0/routers/6765791c-5208-42e5-bc04-a8c6efcad2da 0.233s
2015-12-23 20:08:14,067 21881 DEBUG    [tempest_lib.common.rest_client] Request - Headers: {'Content-Type': 'application/json', 'Accept': 'application/json', 'X-Auth-Token': '&lt;omitted&gt;'}
        Body: None
    Response - Headers: {'date': 'Wed, 23 Dec 2015 20:08:14 GMT', 'status': '204', 'connection': 'close', 'content-length': '0', 'x-openstack-request-id': 'req-75ae1589-30e2-489f-8614-58f85ab456c6'}
        Body: 
2015-12-23 20:08:14,376 21881 INFO     [tempest_lib.common.rest_client] Request (TestNetworkBasicOps:_run_cleanups): 204 DELETE http://10.0.2.15:9696/v2.0/networks/d93906eb-251d-4a20-be89-31b70a7d8d77 0.308s
2015-12-23 20:08:14,377 21881 DEBUG    [tempest_lib.common.rest_client] Request - Headers: {'Content-Type': 'application/json', 'Accept': 'application/json', 'X-Auth-Token': '&lt;omitted&gt;'}
        Body: None
    Response - Headers: {'date': 'Wed, 23 Dec 2015 20:08:14 GMT', 'status': '204', 'connection': 'close', 'content-length': '0', 'x-openstack-request-id': 'req-ae42ebbc-3205-4a8d-bdcc-9b958de3d92e'}
        Body: 
2015-12-23 20:08:14,430 21881 INFO     [tempest_lib.common.rest_client] Request (TestNetworkBasicOps:_run_cleanups): 204 DELETE http://10.0.2.15:9696/v2.0/security-group-rules/5b8c3bf1-ace8-4cda-931c-49d482be0e5c 0.052s
2015-12-23 20:08:14,430 21881 DEBUG    [tempest_lib.common.rest_client] Request - Headers: {'Content-Type': 'application/json', 'Accept': 'application/json', 'X-Auth-Token': '&lt;omitted&gt;'}
        Body: None
    Response - Headers: {'date': 'Wed, 23 Dec 2015 20:08:14 GMT', 'status': '204', 'connection': 'close', 'content-length': '0', 'x-openstack-request-id': 'req-3c9096a4-425f-4635-bf10-a3f4f28bb22a'}
        Body: 
2015-12-23 20:08:14,497 21881 INFO     [tempest_lib.common.rest_client] Request (TestNetworkBasicOps:_run_cleanups): 204 DELETE http://10.0.2.15:9696/v2.0/security-group-rules/deaca066-f8f8-47db-8b54-eadc66c2ee12 0.066s
2015-12-23 20:08:14,498 21881 DEBUG    [tempest_lib.common.rest_client] Request - Headers: {'Content-Type': 'application/json', 'Accept': 'application/json', 'X-Auth-Token': '&lt;omitted&gt;'}
        Body: None
    Response - Headers: {'date': 'Wed, 23 Dec 2015 20:08:14 GMT', 'status': '204', 'connection': 'close', 'content-length': '0', 'x-openstack-request-id': 'req-507c74d6-665c-4ac2-ab1a-a6304c6d7e4d'}
        Body: 
2015-12-23 20:08:14,560 21881 INFO     [tempest_lib.common.rest_client] Request (TestNetworkBasicOps:_run_cleanups): 204 DELETE http://10.0.2.15:9696/v2.0/security-group-rules/e7231c5f-3103-4763-b3bd-9c15c8f15d95 0.061s
