<?xml version="1.0" encoding="UTF-8"?>
<!DOCTYPE html PUBLIC "-//W3C//DTD XHTML 1.0 Strict//EN"
     "http://www.w3.org/TR/xhtml1/DTD/xhtml1-strict.dtd">
<html xmlns="http://www.w3.org/1999/xhtml">
<head>
    <title>Unit Test Report</title>
    <meta name="generator" content="subunit2html 0.1"/>
    <meta http-equiv="Content-Type" content="text/html; charset=UTF-8"/>
    
<style type="text/css" media="screen">
body        { font-family: verdana, arial, helvetica, sans-serif;
    font-size: 80%; }
table       { font-size: 100%; width: 100%;}
pre         { font-size: 80%; }

/* -- heading -------------------------------------------------------------- */
h1 {
        font-size: 16pt;
        color: gray;
}
.heading {
    margin-top: 0ex;
    margin-bottom: 1ex;
}

.heading .attribute {
    margin-top: 1ex;
    margin-bottom: 0;
}

.heading .description {
    margin-top: 4ex;
    margin-bottom: 6ex;
}

/* -- css div popup -------------------------------------------------------- */
a.popup_link {
}

a.popup_link:hover {
    color: red;
}

.popup_window {
    display: none;
    overflow-x: scroll;
    /*border: solid #627173 1px; */
    padding: 10px;
    background-color: #E6E6D6;
    font-family: "Ubuntu Mono", "Lucida Console", "Courier New", monospace;
    text-align: left;
    font-size: 8pt;
}

}
/* -- report --------------------------------------------------------------- */
#show_detail_line {
    margin-top: 3ex;
    margin-bottom: 1ex;
}
#result_table {
    width: 100%;
    border-collapse: collapse;
    border: 1px solid #777;
}
#header_row {
    font-weight: bold;
    color: white;
    background-color: #777;
}
#result_table td {
    border: 1px solid #777;
    padding: 2px;
}
#total_row  { font-weight: bold; }
.passClass  { background-color: #6c6; }
.failClass  { background-color: #c60; }
.errorClass { background-color: #c00; }
.passCase   { color: #6c6; }
.failCase   { color: #c60; font-weight: bold; }
.errorCase  { color: #c00; font-weight: bold; }
.hiddenRow  { display: none; }
.testcase   { margin-left: 2em; }
td.testname {width: 40%}
td.small {width: 40px}

/* -- ending --------------------------------------------------------------- */
#ending {
}

</style>

</head>
<body>
<script language="javascript" type="text/javascript"><!--
output_list = Array();

/* level - 0:Summary; 1:Failed; 2:All */
function showCase(level) {
    trs = document.getElementsByTagName("tr");
    for (var i = 0; i < trs.length; i++) {
        tr = trs[i];
        id = tr.id;
        if (id.substr(0,2) == 'ft') {
            if (level < 1) {
                tr.className = 'hiddenRow';
            }
            else {
                tr.className = '';
            }
        }
        if (id.substr(0,2) == 'pt') {
            if (level > 1) {
                tr.className = '';
            }
            else {
                tr.className = 'hiddenRow';
            }
        }
    }
}


function showClassDetail(cid, count) {
    var id_list = Array(count);
    var toHide = 1;
    for (var i = 0; i < count; i++) {
        tid0 = 't' + cid.substr(1) + '.' + (i+1);
        tid = 'f' + tid0;
        tr = document.getElementById(tid);
        if (!tr) {
            tid = 'p' + tid0;
            tr = document.getElementById(tid);
        }
        id_list[i] = tid;
        if (tr.className) {
            toHide = 0;
        }
    }
    for (var i = 0; i < count; i++) {
        tid = id_list[i];
        if (toHide) {
            document.getElementById('div_'+tid).style.display = 'none'
            document.getElementById(tid).className = 'hiddenRow';
        }
        else {
            document.getElementById(tid).className = '';
        }
    }
}


function showTestDetail(div_id){
    var details_div = document.getElementById(div_id)
    var displayState = details_div.style.display
    // alert(displayState)
    if (displayState != 'block' ) {
        displayState = 'block'
        details_div.style.display = 'block'
    }
    else {
        details_div.style.display = 'none'
    }
}


function html_escape(s) {
    s = s.replace(/&/g,'&amp;');
    s = s.replace(/</g,'&lt;');
    s = s.replace(/>/g,'&gt;');
    return s;
}

/* obsoleted by detail in <div>
function showOutput(id, name) {
    var w = window.open("", //url
                    name,
                    "resizable,scrollbars,status,width=800,height=450");
    d = w.document;
    d.write("<pre>");
    d.write(html_escape(output_list[id]));
    d.write("\n");
    d.write("<a href='javascript:window.close()'>close</a>\n");
    d.write("</pre>\n");
    d.close();
}
*/
--></script>

<div class='heading'>
<h1>Unit Test Report</h1>

<p class='attribute'><strong>Status:</strong> Pass 1 Failure 7 Skip 1</p>

<p class='description'></p>
</div>



<p id='show_detail_line'>Show
<a href='javascript:showCase(0)'>Summary</a>
<a href='javascript:showCase(1)'>Failed</a>
<a href='javascript:showCase(2)'>All</a>
</p>
<table id='result_table'>
<colgroup>
<col align='left' />
<col align='right' />
<col align='right' />
<col align='right' />
<col align='right' />
<col align='right' />
<col align='right' />
<col align='right' />
</colgroup>
<tr id='header_row'>
    <td>Test Group/Test case</td>
    <td>Count</td>
    <td>Pass</td>
    <td>Fail</td>
    <td>Error</td>
    <td>Skip</td>
    <td>View</td>
    <td> </td>
</tr>

<tr class='failClass'>
    <td class="testname">tempest.scenario.test_network_basic_ops.TestNetworkBasicOps</td>
    <td class="small">9</td>
    <td class="small">1</td>
    <td class="small">7</td>
    <td class="small">0</td>
    <td class="small">1</td>
    <td class="small"><a href="javascript:showClassDetail('c1',9)"
>Detail</a></td>
    <td> </td>
</tr>

<tr id='ft1.1' class='none'>
    <td class='failCase'><div class='testcase'>test_connectivity_between_vms_on_different_networks[compute,id-1546850e-fbaa-42f5-8b5f-03d8a6a95f15,network]</div></td>
    <td colspan='7' align='left'>

    <!--css div popup start-->
    <a class="popup_link" onfocus='this.blur();'
    href="javascript:showTestDetail('div_ft1.1')" >
        fail</a>

    <div id='div_ft1.1' class="popup_window">
        <div style='text-align: right; color:red;cursor:pointer'>
        <a onfocus='this.blur();'
onclick="document.getElementById('div_ft1.1').style.display = 'none' " >
           [x]</a>
        </div>
        <pre>
        
ft1.1: tempest.scenario.test_network_basic_ops.TestNetworkBasicOps.test_connectivity_between_vms_on_different_networks[compute,id-1546850e-fbaa-42f5-8b5f-03d8a6a95f15,network]_StringException: Empty attachments:
  stderr
  stdout

pythonlogging:'': {{{
2016-01-22 09:51:27,238 14129 INFO     [tempest_lib.common.rest_client] Request (TestNetworkBasicOps:test_connectivity_between_vms_on_different_networks): 201 POST http://10.4.1.3:9696/v2.0/security-groups 0.322s
2016-01-22 09:51:27,239 14129 DEBUG    [tempest_lib.common.rest_client] Request - Headers: {'Content-Type': 'application/json', 'Accept': 'application/json', 'X-Auth-Token': '&lt;omitted&gt;'}
        Body: {"security_group": {"tenant_id": "5fc087b6c00943d9bde6a93023e8414e", "description": "tempest-secgroup-smoke-1697388052 description", "name": "tempest-secgroup-smoke-1697388052"}}
    Response - Headers: {'status': '201', 'content-length': '888', 'connection': 'close', 'date': 'Fri, 22 Jan 2016 09:51:27 GMT', 'content-type': 'application/json; charset=UTF-8', 'x-openstack-request-id': 'req-0a0e04a2-2d29-484d-8afd-c3d975188510'}
        Body: {"security_group": {"tenant_id": "5fc087b6c00943d9bde6a93023e8414e", "description": "tempest-secgroup-smoke-1697388052 description", "id": "1943accb-4520-477c-a31f-841cdc17a020", "security_group_rules": [{"remote_group_id": null, "direction": "egress", "remote_ip_prefix": null, "protocol": null, "ethertype": "IPv4", "tenant_id": "5fc087b6c00943d9bde6a93023e8414e", "port_range_max": null, "port_range_min": null, "id": "1edb8b94-2eb3-4b06-adec-f37a6d4c72cc", "security_group_id": "1943accb-4520-477c-a31f-841cdc17a020"}, {"remote_group_id": null, "direction": "egress", "remote_ip_prefix": null, "protocol": null, "ethertype": "IPv6", "tenant_id": "5fc087b6c00943d9bde6a93023e8414e", "port_range_max": null, "port_range_min": null, "id": "12cacced-751e-456c-9a09-58b509f5b77c", "security_group_id": "1943accb-4520-477c-a31f-841cdc17a020"}], "name": "tempest-secgroup-smoke-1697388052"}}
2016-01-22 09:51:27,364 14129 INFO     [tempest_lib.common.rest_client] Request (TestNetworkBasicOps:test_connectivity_between_vms_on_different_networks): 201 POST http://10.4.1.3:9696/v2.0/security-group-rules 0.124s
2016-01-22 09:51:27,365 14129 DEBUG    [tempest_lib.common.rest_client] Request - Headers: {'Content-Type': 'application/json', 'Accept': 'application/json', 'X-Auth-Token': '&lt;omitted&gt;'}
        Body: {"security_group_rule": {"direction": "ingress", "protocol": "tcp", "tenant_id": "5fc087b6c00943d9bde6a93023e8414e", "port_range_max": 22, "security_group_id": "1943accb-4520-477c-a31f-841cdc17a020", "port_range_min": 22}}
    Response - Headers: {'status': '201', 'content-length': '340', 'connection': 'close', 'date': 'Fri, 22 Jan 2016 09:51:27 GMT', 'content-type': 'application/json; charset=UTF-8', 'x-openstack-request-id': 'req-2422b738-0475-440a-9e33-0312ec5aa022'}
        Body: {"security_group_rule": {"remote_group_id": null, "direction": "ingress", "remote_ip_prefix": null, "protocol": "tcp", "ethertype": "IPv4", "tenant_id": "5fc087b6c00943d9bde6a93023e8414e", "port_range_max": 22, "port_range_min": 22, "id": "6aa52fa1-2e3a-439a-97d4-f5a921dacdf6", "security_group_id": "1943accb-4520-477c-a31f-841cdc17a020"}}
2016-01-22 09:51:27,661 14129 INFO     [tempest_lib.common.rest_client] Request (TestNetworkBasicOps:test_connectivity_between_vms_on_different_networks): 201 POST http://10.4.1.3:9696/v2.0/security-group-rules 0.294s
2016-01-22 09:51:27,662 14129 DEBUG    [tempest_lib.common.rest_client] Request - Headers: {'Content-Type': 'application/json', 'Accept': 'application/json', 'X-Auth-Token': '&lt;omitted&gt;'}
        Body: {"security_group_rule": {"direction": "egress", "protocol": "tcp", "tenant_id": "5fc087b6c00943d9bde6a93023e8414e", "port_range_max": 22, "security_group_id": "1943accb-4520-477c-a31f-841cdc17a020", "port_range_min": 22}}
    Response - Headers: {'status': '201', 'content-length': '339', 'connection': 'close', 'date': 'Fri, 22 Jan 2016 09:51:27 GMT', 'content-type': 'application/json; charset=UTF-8', 'x-openstack-request-id': 'req-2807401f-dde7-41cb-9685-0af64f83a8c9'}
        Body: {"security_group_rule": {"remote_group_id": null, "direction": "egress", "remote_ip_prefix": null, "protocol": "tcp", "ethertype": "IPv4", "tenant_id": "5fc087b6c00943d9bde6a93023e8414e", "port_range_max": 22, "port_range_min": 22, "id": "232da591-65ed-4889-9da1-72a6db744051", "security_group_id": "1943accb-4520-477c-a31f-841cdc17a020"}}
2016-01-22 09:51:27,776 14129 INFO     [tempest_lib.common.rest_client] Request (TestNetworkBasicOps:test_connectivity_between_vms_on_different_networks): 201 POST http://10.4.1.3:9696/v2.0/security-group-rules 0.112s
2016-01-22 09:51:27,776 14129 DEBUG    [tempest_lib.common.rest_client] Request - Headers: {'Content-Type': 'application/json', 'Accept': 'application/json', 'X-Auth-Token': '&lt;omitted&gt;'}
        Body: {"security_group_rule": {"tenant_id": "5fc087b6c00943d9bde6a93023e8414e", "direction": "ingress", "protocol": "icmp", "security_group_id": "1943accb-4520-477c-a31f-841cdc17a020"}}
    Response - Headers: {'status': '201', 'content-length': '345', 'connection': 'close', 'date': 'Fri, 22 Jan 2016 09:51:27 GMT', 'content-type': 'application/json; charset=UTF-8', 'x-openstack-request-id': 'req-b131987c-99e5-4e77-8b80-d13cf5e5a208'}
        Body: {"security_group_rule": {"remote_group_id": null, "direction": "ingress", "remote_ip_prefix": null, "protocol": "icmp", "ethertype": "IPv4", "tenant_id": "5fc087b6c00943d9bde6a93023e8414e", "port_range_max": null, "port_range_min": null, "id": "8edf4492-af3e-4a4a-a1f9-558c256942f3", "security_group_id": "1943accb-4520-477c-a31f-841cdc17a020"}}
2016-01-22 09:51:27,899 14129 INFO     [tempest_lib.common.rest_client] Request (TestNetworkBasicOps:test_connectivity_between_vms_on_different_networks): 201 POST http://10.4.1.3:9696/v2.0/security-group-rules 0.122s
2016-01-22 09:51:27,900 14129 DEBUG    [tempest_lib.common.rest_client] Request - Headers: {'Content-Type': 'application/json', 'Accept': 'application/json', 'X-Auth-Token': '&lt;omitted&gt;'}
        Body: {"security_group_rule": {"tenant_id": "5fc087b6c00943d9bde6a93023e8414e", "direction": "egress", "protocol": "icmp", "security_group_id": "1943accb-4520-477c-a31f-841cdc17a020"}}
    Response - Headers: {'status': '201', 'content-length': '344', 'connection': 'close', 'date': 'Fri, 22 Jan 2016 09:51:27 GMT', 'content-type': 'application/json; charset=UTF-8', 'x-openstack-request-id': 'req-cd3c259e-4b9a-4364-a403-d4a7464678cb'}
        Body: {"security_group_rule": {"remote_group_id": null, "direction": "egress", "remote_ip_prefix": null, "protocol": "icmp", "ethertype": "IPv4", "tenant_id": "5fc087b6c00943d9bde6a93023e8414e", "port_range_max": null, "port_range_min": null, "id": "f3af9a4f-0966-4922-9c7c-973795f0b30c", "security_group_id": "1943accb-4520-477c-a31f-841cdc17a020"}}
2016-01-22 09:51:28,012 14129 INFO     [tempest_lib.common.rest_client] Request (TestNetworkBasicOps:test_connectivity_between_vms_on_different_networks): 201 POST http://10.4.1.3:9696/v2.0/security-group-rules 0.111s
2016-01-22 09:51:28,013 14129 DEBUG    [tempest_lib.common.rest_client] Request - Headers: {'Content-Type': 'application/json', 'Accept': 'application/json', 'X-Auth-Token': '&lt;omitted&gt;'}
        Body: {"security_group_rule": {"tenant_id": "5fc087b6c00943d9bde6a93023e8414e", "direction": "ingress", "security_group_id": "1943accb-4520-477c-a31f-841cdc17a020", "protocol": "icmp", "ethertype": "IPv6"}}
    Response - Headers: {'status': '201', 'content-length': '345', 'connection': 'close', 'date': 'Fri, 22 Jan 2016 09:51:28 GMT', 'content-type': 'application/json; charset=UTF-8', 'x-openstack-request-id': 'req-4a9d8155-0331-42eb-8953-7d48e697a021'}
        Body: {"security_group_rule": {"remote_group_id": null, "direction": "ingress", "remote_ip_prefix": null, "protocol": "icmp", "ethertype": "IPv6", "tenant_id": "5fc087b6c00943d9bde6a93023e8414e", "port_range_max": null, "port_range_min": null, "id": "bab32b39-7d55-4f83-9608-9e20bb2d3021", "security_group_id": "1943accb-4520-477c-a31f-841cdc17a020"}}
2016-01-22 09:51:28,128 14129 INFO     [tempest_lib.common.rest_client] Request (TestNetworkBasicOps:test_connectivity_between_vms_on_different_networks): 201 POST http://10.4.1.3:9696/v2.0/security-group-rules 0.114s
2016-01-22 09:51:28,128 14129 DEBUG    [tempest_lib.common.rest_client] Request - Headers: {'Content-Type': 'application/json', 'Accept': 'application/json', 'X-Auth-Token': '&lt;omitted&gt;'}
        Body: {"security_group_rule": {"tenant_id": "5fc087b6c00943d9bde6a93023e8414e", "direction": "egress", "security_group_id": "1943accb-4520-477c-a31f-841cdc17a020", "protocol": "icmp", "ethertype": "IPv6"}}
    Response - Headers: {'status': '201', 'content-length': '344', 'connection': 'close', 'date': 'Fri, 22 Jan 2016 09:51:28 GMT', 'content-type': 'application/json; charset=UTF-8', 'x-openstack-request-id': 'req-7b04989b-56c7-4cc7-b525-bccb6de8e66e'}
        Body: {"security_group_rule": {"remote_group_id": null, "direction": "egress", "remote_ip_prefix": null, "protocol": "icmp", "ethertype": "IPv6", "tenant_id": "5fc087b6c00943d9bde6a93023e8414e", "port_range_max": null, "port_range_min": null, "id": "400f31b2-89c7-4243-bef7-cc45e1b712f4", "security_group_id": "1943accb-4520-477c-a31f-841cdc17a020"}}
2016-01-22 09:51:28,331 14129 INFO     [tempest_lib.common.rest_client] Request (TestNetworkBasicOps:test_connectivity_between_vms_on_different_networks): 201 POST http://10.4.1.3:9696/v2.0/networks 0.201s
2016-01-22 09:51:28,331 14129 DEBUG    [tempest_lib.common.rest_client] Request - Headers: {'Content-Type': 'application/json', 'Accept': 'application/json', 'X-Auth-Token': '&lt;omitted&gt;'}
        Body: {"network": {"tenant_id": "5fc087b6c00943d9bde6a93023e8414e", "name": "tempest-network-smoke--1966712242"}}
    Response - Headers: {'status': '201', 'content-length': '327', 'connection': 'close', 'date': 'Fri, 22 Jan 2016 09:51:28 GMT', 'content-type': 'application/json; charset=UTF-8', 'x-openstack-request-id': 'req-ef2111b2-83c2-4731-8414-c2b24af9a4eb'}
        Body: {"network": {"status": "ACTIVE", "subnets": [], "availability_zone_hints": [], "name": "tempest-network-smoke--1966712242", "admin_state_up": true, "tenant_id": "5fc087b6c00943d9bde6a93023e8414e", "mtu": 0, "router:external": false, "shared": false, "port_security_enabled": true, "id": "511c40fc-2c10-4dcd-8680-5e0122aa4628"}}
2016-01-22 09:51:28,423 14129 INFO     [tempest_lib.common.rest_client] Request (TestNetworkBasicOps:test_connectivity_between_vms_on_different_networks): 201 POST http://10.4.1.3:9696/v2.0/routers 0.090s
2016-01-22 09:51:28,424 14129 DEBUG    [tempest_lib.common.rest_client] Request - Headers: {'Content-Type': 'application/json', 'Accept': 'application/json', 'X-Auth-Token': '&lt;omitted&gt;'}
        Body: {"router": {"tenant_id": "5fc087b6c00943d9bde6a93023e8414e", "name": "tempest-router-smoke-125475763", "admin_state_up": true}}
    Response - Headers: {'status': '201', 'content-length': '295', 'connection': 'close', 'date': 'Fri, 22 Jan 2016 09:51:28 GMT', 'content-type': 'application/json; charset=UTF-8', 'x-openstack-request-id': 'req-b2cfdb01-98dd-4b26-91d4-798f40315815'}
        Body: {"router": {"status": "ACTIVE", "external_gateway_info": null, "availability_zone_hints": [], "availability_zones": [], "name": "tempest-router-smoke-125475763", "admin_state_up": true, "tenant_id": "5fc087b6c00943d9bde6a93023e8414e", "routes": [], "id": "420dbdeb-8be4-4f09-854f-3ec5c517bdd1"}}
2016-01-22 09:51:28,483 14129 INFO     [tempest_lib.common.rest_client] Request (TestNetworkBasicOps:test_connectivity_between_vms_on_different_networks): 200 GET http://10.4.1.3:9696/v2.0/routers/420dbdeb-8be4-4f09-854f-3ec5c517bdd1 0.057s
2016-01-22 09:51:28,483 14129 DEBUG    [tempest_lib.common.rest_client] Request - Headers: {'Content-Type': 'application/json', 'Accept': 'application/json', 'X-Auth-Token': '&lt;omitted&gt;'}
        Body: None
    Response - Headers: {'status': '200', 'content-length': '295', 'content-location': 'http://10.4.1.3:9696/v2.0/routers/420dbdeb-8be4-4f09-854f-3ec5c517bdd1', 'connection': 'close', 'date': 'Fri, 22 Jan 2016 09:51:28 GMT', 'content-type': 'application/json; charset=UTF-8', 'x-openstack-request-id': 'req-f7e2fdef-4672-4a6b-8d82-040bd4cb6aaa'}
        Body: {"router": {"status": "ACTIVE", "external_gateway_info": null, "availability_zone_hints": [], "availability_zones": [], "name": "tempest-router-smoke-125475763", "admin_state_up": true, "tenant_id": "5fc087b6c00943d9bde6a93023e8414e", "routes": [], "id": "420dbdeb-8be4-4f09-854f-3ec5c517bdd1"}}
2016-01-22 09:51:29,297 14129 INFO     [tempest_lib.common.rest_client] Request (TestNetworkBasicOps:test_connectivity_between_vms_on_different_networks): 200 PUT http://10.4.1.3:9696/v2.0/routers/420dbdeb-8be4-4f09-854f-3ec5c517bdd1 0.813s
2016-01-22 09:51:29,298 14129 DEBUG    [tempest_lib.common.rest_client] Request - Headers: {'Content-Type': 'application/json', 'Accept': 'application/json', 'X-Auth-Token': '&lt;omitted&gt;'}
        Body: {"router": {"external_gateway_info": {"network_id": "64f953e7-d768-4b28-810e-44ab72898980"}, "name": "tempest-router-smoke-125475763", "admin_state_up": true}}
    Response - Headers: {'status': '200', 'content-length': '557', 'connection': 'close', 'date': 'Fri, 22 Jan 2016 09:51:29 GMT', 'content-type': 'application/json; charset=UTF-8', 'x-openstack-request-id': 'req-9bfc2190-3871-4ad1-b118-9ce72a1a2a09'}
        Body: {"router": {"status": "ACTIVE", "external_gateway_info": {"network_id": "64f953e7-d768-4b28-810e-44ab72898980", "enable_snat": true, "external_fixed_ips": [{"subnet_id": "543c5376-05bc-47b7-9276-430545d1f0d4", "ip_address": "172.24.4.3"}, {"subnet_id": "eb315ec5-85d3-445b-ac1f-a66035aeb58f", "ip_address": "2001:db8::3"}]}, "availability_zone_hints": [], "availability_zones": [], "name": "tempest-router-smoke-125475763", "admin_state_up": true, "tenant_id": "5fc087b6c00943d9bde6a93023e8414e", "routes": [], "id": "420dbdeb-8be4-4f09-854f-3ec5c517bdd1"}}
2016-01-22 09:51:29,504 14129 INFO     [tempest_lib.common.rest_client] Request (TestNetworkBasicOps:test_connectivity_between_vms_on_different_networks): 200 GET http://10.4.1.3:9696/v2.0/subnets?tenant_id=5fc087b6c00943d9bde6a93023e8414e&amp;cidr=10.100.0.0%2F28 0.205s
2016-01-22 09:51:29,505 14129 DEBUG    [tempest_lib.common.rest_client] Request - Headers: {'Content-Type': 'application/json', 'Accept': 'application/json', 'X-Auth-Token': '&lt;omitted&gt;'}
        Body: None
    Response - Headers: {'status': '200', 'content-length': '15', 'content-location': 'http://10.4.1.3:9696/v2.0/subnets?tenant_id=5fc087b6c00943d9bde6a93023e8414e&amp;cidr=10.100.0.0%2F28', 'connection': 'close', 'date': 'Fri, 22 Jan 2016 09:51:29 GMT', 'content-type': 'application/json; charset=UTF-8', 'x-openstack-request-id': 'req-c3005837-beb6-4968-8c35-a1b6e160b5ca'}
        Body: {"subnets": []}
2016-01-22 09:51:29,867 14129 INFO     [tempest_lib.common.rest_client] Request (TestNetworkBasicOps:test_connectivity_between_vms_on_different_networks): 201 POST http://10.4.1.3:9696/v2.0/subnets 0.361s
2016-01-22 09:51:29,867 14129 DEBUG    [tempest_lib.common.rest_client] Request - Headers: {'Content-Type': 'application/json', 'Accept': 'application/json', 'X-Auth-Token': '&lt;omitted&gt;'}
        Body: {"subnet": {"ip_version": 4, "tenant_id": "5fc087b6c00943d9bde6a93023e8414e", "cidr": "10.100.0.0/28", "network_id": "511c40fc-2c10-4dcd-8680-5e0122aa4628", "name": "tempest-subnet-smoke-1375624371"}}
    Response - Headers: {'status': '201', 'content-length': '478', 'connection': 'close', 'date': 'Fri, 22 Jan 2016 09:51:29 GMT', 'content-type': 'application/json; charset=UTF-8', 'x-openstack-request-id': 'req-646fa685-4e67-4a38-9978-76f6874e7d8c'}
        Body: {"subnet": {"name": "tempest-subnet-smoke-1375624371", "enable_dhcp": true, "network_id": "511c40fc-2c10-4dcd-8680-5e0122aa4628", "tenant_id": "5fc087b6c00943d9bde6a93023e8414e", "dns_nameservers": [], "gateway_ip": "10.100.0.1", "ipv6_ra_mode": null, "allocation_pools": [{"start": "10.100.0.2", "end": "10.100.0.14"}], "host_routes": [], "ip_version": 4, "ipv6_address_mode": null, "cidr": "10.100.0.0/28", "id": "560b09b1-5cca-4995-9419-df9c6a7781b1", "subnetpool_id": null}}
2016-01-22 09:51:30,683 14129 INFO     [tempest_lib.common.rest_client] Request (TestNetworkBasicOps:test_connectivity_between_vms_on_different_networks): 200 PUT http://10.4.1.3:9696/v2.0/routers/420dbdeb-8be4-4f09-854f-3ec5c517bdd1/add_router_interface 0.814s
2016-01-22 09:51:30,683 14129 DEBUG    [tempest_lib.common.rest_client] Request - Headers: {'Content-Type': 'application/json', 'Accept': 'application/json', 'X-Auth-Token': '&lt;omitted&gt;'}
        Body: {"subnet_id": "560b09b1-5cca-4995-9419-df9c6a7781b1"}
    Response - Headers: {'status': '200', 'content-length': '255', 'connection': 'close', 'date': 'Fri, 22 Jan 2016 09:51:30 GMT', 'content-type': 'application/json; charset=UTF-8', 'x-openstack-request-id': 'req-78dc2f68-f021-48e3-89ef-8c178dd70cd2'}
        Body: {"subnet_id": "560b09b1-5cca-4995-9419-df9c6a7781b1", "tenant_id": "5fc087b6c00943d9bde6a93023e8414e", "subnet_ids": ["560b09b1-5cca-4995-9419-df9c6a7781b1"], "port_id": "1eee911c-7000-48d8-97bf-150d6ca62733", "id": "420dbdeb-8be4-4f09-854f-3ec5c517bdd1"}
2016-01-22 09:51:30,733 14129 INFO     [tempest_lib.common.rest_client] Request (TestNetworkBasicOps:test_connectivity_between_vms_on_different_networks): 200 GET http://10.4.1.3:9696/v2.0/networks 0.049s
2016-01-22 09:51:30,733 14129 DEBUG    [tempest_lib.common.rest_client] Request - Headers: {'Content-Type': 'application/json', 'Accept': 'application/json', 'X-Auth-Token': '&lt;omitted&gt;'}
        Body: None
    Response - Headers: {'status': '200', 'content-length': '1507', 'content-location': 'http://10.4.1.3:9696/v2.0/networks', 'connection': 'close', 'date': 'Fri, 22 Jan 2016 09:51:30 GMT', 'content-type': 'application/json; charset=UTF-8', 'x-openstack-request-id': 'req-83e8333c-e4b7-489a-b34b-c978f8ab31b5'}
        Body: {"networks": [{"status": "ACTIVE", "subnets": ["eb315ec5-85d3-445b-ac1f-a66035aeb58f", "543c5376-05bc-47b7-9276-430545d1f0d4"], "availability_zone_hints": [], "availability_zones": ["nova"], "name": "public", "provider:physical_network": null, "admin_state_up": true, "tenant_id": "9dc24c40a50f4362be2bcd1339adbb44", "mtu": 0, "router:external": true, "shared": false, "port_security_enabled": true, "provider:network_type": "vxlan", "id": "64f953e7-d768-4b28-810e-44ab72898980", "provider:segmentation_id": 1026}, {"status": "ACTIVE", "subnets": ["3147c3fb-ea7b-4689-a504-2668dd574132", "da3c1832-0591-461d-bea3-11ec05b570b6"], "availability_zone_hints": [], "availability_zones": ["nova"], "name": "private", "provider:physical_network": null, "admin_state_up": true, "tenant_id": "e22cb2128b0644458cabedc965392b03", "mtu": 0, "router:external": false, "shared": false, "port_security_enabled": true, "provider:network_type": "vxlan", "id": "076396e1-3b4b-4304-a38c-97119ccb34d3", "provider:segmentation_id": 1080}, {"status": "ACTIVE", "subnets": ["560b09b1-5cca-4995-9419-df9c6a7781b1"], "availability_zone_hints": [], "availability_zones": ["nova"], "name": "tempest-network-smoke--1966712242", "provider:physical_network": null, "admin_state_up": true, "tenant_id": "5fc087b6c00943d9bde6a93023e8414e", "mtu": 0, "router:external": false, "shared": false, "port_security_enabled": true, "provider:network_type": "vxlan", "id": "511c40fc-2c10-4dcd-8680-5e0122aa4628", "provider:segmentation_id": 1016}]}
2016-01-22 09:51:30,777 14129 INFO     [tempest_lib.common.rest_client] Request (TestNetworkBasicOps:test_connectivity_between_vms_on_different_networks): 200 GET http://10.4.1.3:9696/v2.0/subnets 0.043s
2016-01-22 09:51:30,777 14129 DEBUG    [tempest_lib.common.rest_client] Request - Headers: {'Content-Type': 'application/json', 'Accept': 'application/json', 'X-Auth-Token': '&lt;omitted&gt;'}
        Body: None
    Response - Headers: {'status': '200', 'content-length': '2408', 'content-location': 'http://10.4.1.3:9696/v2.0/subnets', 'connection': 'close', 'date': 'Fri, 22 Jan 2016 09:51:30 GMT', 'content-type': 'application/json; charset=UTF-8', 'x-openstack-request-id': 'req-6d69f0e5-0d66-4e63-8fdf-6d440cf42e31'}
        Body: {"subnets": [{"name": "ipv6-public-subnet", "enable_dhcp": false, "network_id": "64f953e7-d768-4b28-810e-44ab72898980", "tenant_id": "9dc24c40a50f4362be2bcd1339adbb44", "dns_nameservers": [], "gateway_ip": "2001:db8::2", "ipv6_ra_mode": null, "allocation_pools": [{"start": "2001:db8::3", "end": "2001:db8::ffff:ffff:ffff:ffff"}, {"start": "2001:db8::1", "end": "2001:db8::1"}], "host_routes": [], "ip_version": 6, "ipv6_address_mode": null, "cidr": "2001:db8::/64", "id": "eb315ec5-85d3-445b-ac1f-a66035aeb58f", "subnetpool_id": null}, {"name": "private-subnet", "enable_dhcp": true, "network_id": "076396e1-3b4b-4304-a38c-97119ccb34d3", "tenant_id": "e22cb2128b0644458cabedc965392b03", "dns_nameservers": [], "gateway_ip": "10.0.0.1", "ipv6_ra_mode": null, "allocation_pools": [{"start": "10.0.0.2", "end": "10.0.0.254"}], "host_routes": [], "ip_version": 4, "ipv6_address_mode": null, "cidr": "10.0.0.0/24", "id": "3147c3fb-ea7b-4689-a504-2668dd574132", "subnetpool_id": null}, {"name": "ipv6-private-subnet", "enable_dhcp": true, "network_id": "076396e1-3b4b-4304-a38c-97119ccb34d3", "tenant_id": "e22cb2128b0644458cabedc965392b03", "dns_nameservers": [], "gateway_ip": "fd48:6624:7362::1", "ipv6_ra_mode": "slaac", "allocation_pools": [{"start": "fd48:6624:7362::2", "end": "fd48:6624:7362:0:ffff:ffff:ffff:ffff"}], "host_routes": [], "ip_version": 6, "ipv6_address_mode": "slaac", "cidr": "fd48:6624:7362::/64", "id": "da3c1832-0591-461d-bea3-11ec05b570b6", "subnetpool_id": null}, {"name": "tempest-subnet-smoke-1375624371", "enable_dhcp": true, "network_id": "511c40fc-2c10-4dcd-8680-5e0122aa4628", "tenant_id": "5fc087b6c00943d9bde6a93023e8414e", "dns_nameservers": [], "gateway_ip": "10.100.0.1", "ipv6_ra_mode": null, "allocation_pools": [{"start": "10.100.0.2", "end": "10.100.0.14"}], "host_routes": [], "ip_version": 4, "ipv6_address_mode": null, "cidr": "10.100.0.0/28", "id": "560b09b1-5cca-4995-9419-df9c6a7781b1", "subnetpool_id": null}, {"name": "public-subnet", "enable_dhcp": false, "network_id": "64f953e7-d768-4b28-810e-44ab72898980", "tenant_id": "9dc24c40a50f4362be2bcd1339adbb44", "dns_nameservers": [], "gateway_ip": "172.24.4.1", "ipv6_ra_mode": null, "allocation_pools": [{"start": "172.24.4.2", "end": "172.24.4.254"}], "host_routes": [], "ip_version": 4, "ipv6_address_mode": null, "cidr": "172.24.4.0/24", "id": "543c5376-05bc-47b7-9276-430545d1f0d4", "subnetpool_id": null}]}
2016-01-22 09:51:30,832 14129 INFO     [tempest_lib.common.rest_client] Request (TestNetworkBasicOps:test_connectivity_between_vms_on_different_networks): 200 GET http://10.4.1.3:9696/v2.0/routers 0.053s
2016-01-22 09:51:30,833 14129 DEBUG    [tempest_lib.common.rest_client] Request - Headers: {'Content-Type': 'application/json', 'Accept': 'application/json', 'X-Auth-Token': '&lt;omitted&gt;'}
        Body: None
    Response - Headers: {'status': '200', 'content-length': '1166', 'content-location': 'http://10.4.1.3:9696/v2.0/routers', 'connection': 'close', 'date': 'Fri, 22 Jan 2016 09:51:30 GMT', 'content-type': 'application/json; charset=UTF-8', 'x-openstack-request-id': 'req-7b4d7f15-2282-4a05-a5aa-612cbf70cd65'}
        Body: {"routers": [{"status": "ACTIVE", "external_gateway_info": {"network_id": "64f953e7-d768-4b28-810e-44ab72898980", "enable_snat": true, "external_fixed_ips": [{"subnet_id": "543c5376-05bc-47b7-9276-430545d1f0d4", "ip_address": "172.24.4.3"}, {"subnet_id": "eb315ec5-85d3-445b-ac1f-a66035aeb58f", "ip_address": "2001:db8::3"}]}, "availability_zone_hints": [], "availability_zones": ["nova"], "name": "tempest-router-smoke-125475763", "admin_state_up": true, "tenant_id": "5fc087b6c00943d9bde6a93023e8414e", "distributed": false, "routes": [], "ha": false, "id": "420dbdeb-8be4-4f09-854f-3ec5c517bdd1"}, {"status": "ACTIVE", "external_gateway_info": {"network_id": "64f953e7-d768-4b28-810e-44ab72898980", "enable_snat": true, "external_fixed_ips": [{"subnet_id": "543c5376-05bc-47b7-9276-430545d1f0d4", "ip_address": "172.24.4.2"}, {"subnet_id": "eb315ec5-85d3-445b-ac1f-a66035aeb58f", "ip_address": "2001:db8::1"}]}, "availability_zone_hints": [], "availability_zones": ["nova"], "name": "router1", "admin_state_up": true, "tenant_id": "e22cb2128b0644458cabedc965392b03", "distributed": false, "routes": [], "ha": false, "id": "4f3b1b28-63e7-432f-a0a0-911eb44e246f"}]}
2016-01-22 09:51:31,195 14129 INFO     [tempest_lib.common.rest_client] Request (TestNetworkBasicOps:test_connectivity_between_vms_on_different_networks): 200 POST http://10.4.1.3:8774/v2.1/5fc087b6c00943d9bde6a93023e8414e/os-keypairs 0.360s
2016-01-22 09:51:31,195 14129 DEBUG    [tempest_lib.common.rest_client] Request - Headers: {'Content-Type': 'application/json', 'Accept': 'application/json', 'X-Auth-Token': '&lt;omitted&gt;'}
        Body: {"keypair": {"name": "tempest-TestNetworkBasicOps-561347016"}}
    Response - Headers: {'status': '200', 'content-length': '2320', 'x-compute-request-id': 'req-9d771fcc-7353-43dd-901b-c8a9d0fff495', 'vary': 'X-OpenStack-Nova-API-Version', 'connection': 'close', 'x-openstack-nova-api-version': '2.1', 'date': 'Fri, 22 Jan 2016 09:51:31 GMT', 'content-type': 'application/json'}
        Body: {"keypair": {"public_key": "ssh-rsa AAAAB3NzaC1yc2EAAAADAQABAAABAQDMLbmUYDJefovFI/9Z9nYAszatr6v+RXsRuB05WMuIGes0ih9ncvwDF+qzm53HS/817Nt/TMT0DnCLoO1gOQK1qMZWQgpxQtR7vm5MHM+FFmpePYqLUOXKpV9MSKTnBhVRxEpS2RxsXc02ChbDh+N4IG7QSx1eAn+2rAIr+2x//FRQv+eFteP/LBSvy9A12a1xBaWq2xa1CArly/9za65HkcTar+kR/uMHGPaPmCQLbjT4F9Zv+CmtY2qV0LLVrOATpXa4SvsrPPLsgrl4HDYdhGYhVktUgPJjlXeSSrgeufiuksdN2fvOF+tUcL7VSfNol8ZtF5MkH56Mf/QC+Itl Generated-by-Nova", "private_key": "-----BEGIN RSA PRIVATE KEY-----\nMIIEqAIBAAKCAQEAzC25lGAyXn6LxSP/WfZ2ALM2ra+r/kV7EbgdOVjLiBnrNIof\nZ3L8Axfqs5udx0v/Nezbf0zE9A5wi6DtYDkCtajGVkIKcULUe75uTBzPhRZqXj2K\ni1DlyqVfTEik5wYVUcRKUtkcbF3NNgoWw4fjeCBu0EsdXgJ/tqwCK/tsf/xUUL/n\nhbXj/ywUr8vQNdmtcQWlqtsWtQgK5cv/c2uuR5HE2q/pEf7jBxj2j5gkC240+BfW\nb/gprWNqldCy1azgE6V2uEr7Kzzy7IK5eBw2HYRmIVZLVIDyY5V3kkq4Hrn4rpLH\nTdn7zhfrVHC+1UnzaJfGbReTJB+ejH/0AviLZQIDAQABAoIBAG92UsYmUbj2OlUv\n1pmFC1xMeYAN08Xmpk3BBeslh07QX296K7Sst9j0eIL+Y/7FhRgqKpVvEmHtdBE1\nlACgftMuxL+YI906z4aSKeJRJBSSbRTvYa+2RQwAhWq+iY846fCOSMi7j2G1P27N\nySmLCGmuwu/g4bJNiOzvL+xUwCGJYz9wHppm9jmLjzIS7mo/vXc1DT9GQE3dLLgZ\nDUS49CnrFfwlJ2JvQ1kx0DaHj0AulKbXEN0tjj7HKtf4Pi/yo01ke2XxqhlCFfQE\nvmhMNnUzohf5kXMHLdTEzGHBxFiccgJZ22PCNVU8I4n74Hm1TqhQXVY3++2PEYwa\nOlx9gQECggCBANU0F2BPRY+HLuYUgeeV0U+6ajfujki92VNRj90HLVUMifZ1Gnew\n5fAc4P52Gk9oUx4p47yavwz+OIpUxL37OPbD7cCTCF5PRWsGaQoX1Obq5DAU9b3r\ndlV0jeXR0TdfONkOWjn/8La/o+/J5VLWSdLV+qIB4oYBsbo6gNKtwf5BAoIAgQD1\nKd8shzDkfVtrxhzylY5W3a3kwbhjuIiBqTAKBj+WVsNfUkNaGTPBM+z0rxlXXJNu\nLW/t+48U4edaVP0AHyzBhRHxawognrcPEke4V2/pOtbw4Sr719FBjVFOFgnKoeO4\nkyJzYDQQmpw/cgUcbj2N1O4k79wLNoO8lb7xUJPMJQKCAIEAn3ytM/V44qpMcf7L\nQnM3Nb4McTS6KT4jkYlE5iHVTnbnyX7GQt0I1Pq1cITmn5o5+yl43ACihFSz9P7+\ngeOpNCdS9ijHLM1971bHQq6bK/Zwpms3fU/joH9lGpM/P32y5+QtqI+GAR8QwnK0\nYqg8Z0R8ja59RqOD0Pysm20x3kECggCAWF29SUl5QAJHH3OLH4z0fy7r7NY+ZgMv\ngLzAyfwykze2t/bou+L1mp/iutcaJTkDEuVhwL+5dOdwAkk73/1cnmweaYwRXGyY\nwt/t5e3uMny42J3wZlIF5MDRG3oqEVWExRSTiE6WtZ1k0CGC4hqCKUskgz/Jamk9\n1o2LA2PtwdkCggCAQDtyPbSgZAmqDE8xx8Mxuao/BnLIGu9+sgmLhiAVULVgPOOf\n00vGigUCFz5n3AOXNduNRQQUeBBSjIf7sIeLhaJyzmkf9PSNCUOqS2+ePDpr1Aei\n/Jmcc2+r9fI0Fvh5aHghOHv7r64Ehigl9wIasj5GtU9rWvZfHl8kIC0Wd28=\n-----END RSA PRIVATE KEY-----\n", "user_id": "c54529c42ff146b4b736541127645f6e", "name": "tempest-TestNetworkBasicOps-561347016", "fingerprint": "c8:db:0e:29:f6:49:96:d5:c6:c6:9f:17:70:62:11:f9"}}
2016-01-22 09:51:31,347 14129 INFO     [tempest_lib.common.rest_client] Request (TestNetworkBasicOps:test_connectivity_between_vms_on_different_networks): 200 POST http://10.4.1.3:5000/v2.0/tokens
2016-01-22 09:51:31,347 14129 DEBUG    [tempest_lib.common.rest_client] Request - Headers: {'Content-Type': 'application/json', 'Accept': 'application/json'}
        Body: &lt;omitted&gt;
    Response - Headers: {'status': '200', 'content-length': '2260', 'vary': 'X-Auth-Token', 'server': 'Apache/2.4.7 (Ubuntu)', 'connection': 'close', 'date': 'Fri, 22 Jan 2016 09:51:31 GMT', 'content-type': 'application/json', 'x-openstack-request-id': 'req-3220fde0-06d6-43f2-ae7a-5f0077491e51'}
        Body: {"access": {"token": {"issued_at": "2016-01-22T09:51:31.337246", "expires": "2016-01-22T10:51:31Z", "id": "d3aafdf252b34fd48fc67f074a7d427e", "tenant": {"description": "tempest-TestNetworkBasicOps-1345296518-desc", "enabled": true, "id": "5fc087b6c00943d9bde6a93023e8414e", "name": "tempest-TestNetworkBasicOps-1345296518"}, "audit_ids": ["gB9q6OVJTKqYFGqeLVp_pg"]}, "serviceCatalog": [{"endpoints": [{"adminURL": "http://10.4.1.3:9292", "region": "RegionOne", "internalURL": "http://10.4.1.3:9292", "id": "35307502aa6042f4916e3e13fcc44913", "publicURL": "http://10.4.1.3:9292"}], "endpoints_links": [], "type": "image", "name": "glance"}, {"endpoints": [{"adminURL": "http://10.4.1.3:8774/v2.1/5fc087b6c00943d9bde6a93023e8414e", "region": "RegionOne", "internalURL": "http://10.4.1.3:8774/v2.1/5fc087b6c00943d9bde6a93023e8414e", "id": "3d49089d299b45168b26f9754d19ae79", "publicURL": "http://10.4.1.3:8774/v2.1/5fc087b6c00943d9bde6a93023e8414e"}], "endpoints_links": [], "type": "compute", "name": "nova"}, {"endpoints": [{"adminURL": "http://10.4.1.3:9696/", "region": "RegionOne", "internalURL": "http://10.4.1.3:9696/", "id": "0e694282fb9c44c29ae421cbf404fcdd", "publicURL": "http://10.4.1.3:9696/"}], "endpoints_links": [], "type": "network", "name": "neutron"}, {"endpoints": [{"adminURL": "http://10.4.1.3:35357/v2.0", "region": "RegionOne", "internalURL": "http://10.4.1.3:5000/v2.0", "id": "12edb890ba074e27b0ccfa1db24828e7", "publicURL": "http://10.4.1.3:5000/v2.0"}], "endpoints_links": [], "type": "identity", "name": "keystone"}, {"endpoints": [{"adminURL": "http://10.4.1.3:8774/v2/5fc087b6c00943d9bde6a93023e8414e", "region": "RegionOne", "internalURL": "http://10.4.1.3:8774/v2/5fc087b6c00943d9bde6a93023e8414e", "id": "287fb6cccbfe421399557b5e0f79f503", "publicURL": "http://10.4.1.3:8774/v2/5fc087b6c00943d9bde6a93023e8414e"}], "endpoints_links": [], "type": "compute_legacy", "name": "nova_legacy"}], "user": {"username": "tempest-TestNetworkBasicOps-1100292650", "roles_links": [], "id": "c54529c42ff146b4b736541127645f6e", "roles": [{"name": "_member_"}, {"name": "Member"}], "name": "tempest-TestNetworkBasicOps-1100292650"}, "metadata": {"is_admin": 0, "roles": ["9fe2ff9ee4384b1894a90878d3e92bab", "cb877cc0ff8e43189df8415b72958380"]}}}
2016-01-22 09:51:31,352 14129 DEBUG    [tempest.common.fixed_network] (TestNetworkBasicOps:test_connectivity_between_vms_on_different_networks) No valid network provided or created, defaulting to fixed_network_name
2016-01-22 09:51:31,769 14129 INFO     [tempest_lib.common.rest_client] Request (TestNetworkBasicOps:test_connectivity_between_vms_on_different_networks): 200 GET http://10.4.1.3:8774/v2.1/5fc087b6c00943d9bde6a93023e8414e/os-networks 0.416s
2016-01-22 09:51:31,770 14129 DEBUG    [tempest_lib.common.rest_client] Request - Headers: {'Content-Type': 'application/json', 'Accept': 'application/json', 'X-Auth-Token': '&lt;omitted&gt;'}
        Body: None
    Response - Headers: {'status': '200', 'content-length': '479', 'content-location': 'http://10.4.1.3:8774/v2.1/5fc087b6c00943d9bde6a93023e8414e/os-networks', 'x-compute-request-id': 'req-c538fc8e-a3e4-4271-bb5c-0652e39f09e4', 'vary': 'X-OpenStack-Nova-API-Version', 'connection': 'close', 'x-openstack-nova-api-version': '2.1', 'date': 'Fri, 22 Jan 2016 09:51:31 GMT', 'content-type': 'application/json'}
        Body: {"networks": [{"cidr_v6": null, "dns2": null, "dns1": null, "gateway": null, "broadcast": null, "netmask": null, "gateway_v6": null, "cidr": null, "label": "public", "id": "64f953e7-d768-4b28-810e-44ab72898980", "netmask_v6": null}, {"cidr_v6": null, "dns2": null, "dns1": null, "gateway": null, "broadcast": null, "netmask": null, "gateway_v6": null, "cidr": null, "label": "tempest-network-smoke--1966712242", "id": "511c40fc-2c10-4dcd-8680-5e0122aa4628", "netmask_v6": null}]}
2016-01-22 09:51:31,770 14129 WARNING  [tempest.common.fixed_network] (TestNetworkBasicOps:test_connectivity_between_vms_on_different_networks) Network with name: private not found
2016-01-22 09:51:31,770 14129 INFO     [tempest.common.fixed_network] (TestNetworkBasicOps:test_connectivity_between_vms_on_different_networks) Found network {} available for tenant
2016-01-22 09:51:33,084 14129 INFO     [tempest_lib.common.rest_client] Request (TestNetworkBasicOps:test_connectivity_between_vms_on_different_networks): 202 POST http://10.4.1.3:8774/v2.1/5fc087b6c00943d9bde6a93023e8414e/servers 1.313s
2016-01-22 09:51:33,085 14129 DEBUG    [tempest_lib.common.rest_client] Request - Headers: {'Content-Type': 'application/json', 'Accept': 'application/json', 'X-Auth-Token': '&lt;omitted&gt;'}
        Body: {"server": {"name": "tempest.common.compute-instance-1228367338", "imageRef": "37d1cee7-4521-4d58-ae60-19412dcb0e06", "key_name": "tempest-TestNetworkBasicOps-561347016", "flavorRef": "42", "networks": [{"uuid": "511c40fc-2c10-4dcd-8680-5e0122aa4628"}], "security_groups": [{"name": "tempest-secgroup-smoke-1697388052"}]}}
    Response - Headers: {'status': '202', 'content-length': '460', 'x-compute-request-id': 'req-1f077c39-6a6a-4303-bc27-62f83bc1b90b', 'vary': 'X-OpenStack-Nova-API-Version', 'connection': 'close', 'location': 'http://10.4.1.3:8774/v2.1/5fc087b6c00943d9bde6a93023e8414e/servers/59794696-c7c8-41aa-9729-adf1d7583c56', 'x-openstack-nova-api-version': '2.1', 'date': 'Fri, 22 Jan 2016 09:51:33 GMT', 'content-type': 'application/json'}
        Body: {"server": {"security_groups": [{"name": "tempest-secgroup-smoke-1697388052"}], "OS-DCF:diskConfig": "MANUAL", "id": "59794696-c7c8-41aa-9729-adf1d7583c56", "links": [{"href": "http://10.4.1.3:8774/v2.1/5fc087b6c00943d9bde6a93023e8414e/servers/59794696-c7c8-41aa-9729-adf1d7583c56", "rel": "self"}, {"href": "http://10.4.1.3:8774/5fc087b6c00943d9bde6a93023e8414e/servers/59794696-c7c8-41aa-9729-adf1d7583c56", "rel": "bookmark"}], "adminPass": "sshwY57usfeG"}}
2016-01-22 09:51:33,237 14129 INFO     [tempest_lib.common.rest_client] Request (TestNetworkBasicOps:test_connectivity_between_vms_on_different_networks): 200 GET http://10.4.1.3:8774/v2.1/5fc087b6c00943d9bde6a93023e8414e/servers/59794696-c7c8-41aa-9729-adf1d7583c56 0.149s
2016-01-22 09:51:33,237 14129 DEBUG    [tempest_lib.common.rest_client] Request - Headers: {'Content-Type': 'application/json', 'Accept': 'application/json', 'X-Auth-Token': '&lt;omitted&gt;'}
        Body: None
    Response - Headers: {'status': '200', 'content-length': '1351', 'content-location': 'http://10.4.1.3:8774/v2.1/5fc087b6c00943d9bde6a93023e8414e/servers/59794696-c7c8-41aa-9729-adf1d7583c56', 'x-compute-request-id': 'req-f6fc3cbf-a478-438c-a67d-dc11c8f7e392', 'vary': 'X-OpenStack-Nova-API-Version', 'connection': 'close', 'x-openstack-nova-api-version': '2.1', 'date': 'Fri, 22 Jan 2016 09:51:33 GMT', 'content-type': 'application/json'}
        Body: {"server": {"status": "BUILD", "updated": "2016-01-22T09:51:33Z", "hostId": "", "addresses": {}, "links": [{"href": "http://10.4.1.3:8774/v2.1/5fc087b6c00943d9bde6a93023e8414e/servers/59794696-c7c8-41aa-9729-adf1d7583c56", "rel": "self"}, {"href": "http://10.4.1.3:8774/5fc087b6c00943d9bde6a93023e8414e/servers/59794696-c7c8-41aa-9729-adf1d7583c56", "rel": "bookmark"}], "key_name": "tempest-TestNetworkBasicOps-561347016", "image": {"id": "37d1cee7-4521-4d58-ae60-19412dcb0e06", "links": [{"href": "http://10.4.1.3:8774/5fc087b6c00943d9bde6a93023e8414e/images/37d1cee7-4521-4d58-ae60-19412dcb0e06", "rel": "bookmark"}]}, "OS-EXT-STS:task_state": "scheduling", "OS-EXT-STS:vm_state": "building", "OS-SRV-USG:launched_at": null, "flavor": {"id": "42", "links": [{"href": "http://10.4.1.3:8774/5fc087b6c00943d9bde6a93023e8414e/flavors/42", "rel": "bookmark"}]}, "id": "59794696-c7c8-41aa-9729-adf1d7583c56", "OS-SRV-USG:terminated_at": null, "OS-EXT-AZ:availability_zone": "", "user_id": "c54529c42ff146b4b736541127645f6e", "name": "tempest.common.compute-instance-1228367338", "created": "2016-01-22T09:51:32Z", "tenant_id": "5fc087b6c00943d9bde6a93023e8414e", "OS-DCF:diskConfig": "MANUAL", "os-extended-volumes:volumes_attached": [], "accessIPv4": "", "accessIPv6": "", "progress": 0, "OS-EXT-STS:power_state": 0, "config_drive": "", "metadata": {}}}
2016-01-22 09:51:34,482 14129 INFO     [tempest_lib.common.rest_client] Request (TestNetworkBasicOps:test_connectivity_between_vms_on_different_networks): 200 GET http://10.4.1.3:8774/v2.1/5fc087b6c00943d9bde6a93023e8414e/servers/59794696-c7c8-41aa-9729-adf1d7583c56 0.234s
2016-01-22 09:51:34,483 14129 DEBUG    [tempest_lib.common.rest_client] Request - Headers: {'Content-Type': 'application/json', 'Accept': 'application/json', 'X-Auth-Token': '&lt;omitted&gt;'}
        Body: None
    Response - Headers: {'status': '200', 'content-length': '1409', 'content-location': 'http://10.4.1.3:8774/v2.1/5fc087b6c00943d9bde6a93023e8414e/servers/59794696-c7c8-41aa-9729-adf1d7583c56', 'x-compute-request-id': 'req-bf1d1065-2423-4711-999f-56c64d1c3992', 'vary': 'X-OpenStack-Nova-API-Version', 'connection': 'close', 'x-openstack-nova-api-version': '2.1', 'date': 'Fri, 22 Jan 2016 09:51:34 GMT', 'content-type': 'application/json'}
        Body: {"server": {"status": "BUILD", "updated": "2016-01-22T09:51:34Z", "hostId": "c0ff8b15f040b95ea2f1521573dfdfdd34fcec9441fbc6f137f3749f", "addresses": {}, "links": [{"href": "http://10.4.1.3:8774/v2.1/5fc087b6c00943d9bde6a93023e8414e/servers/59794696-c7c8-41aa-9729-adf1d7583c56", "rel": "self"}, {"href": "http://10.4.1.3:8774/5fc087b6c00943d9bde6a93023e8414e/servers/59794696-c7c8-41aa-9729-adf1d7583c56", "rel": "bookmark"}], "key_name": "tempest-TestNetworkBasicOps-561347016", "image": {"id": "37d1cee7-4521-4d58-ae60-19412dcb0e06", "links": [{"href": "http://10.4.1.3:8774/5fc087b6c00943d9bde6a93023e8414e/images/37d1cee7-4521-4d58-ae60-19412dcb0e06", "rel": "bookmark"}]}, "OS-EXT-STS:task_state": "spawning", "OS-EXT-STS:vm_state": "building", "OS-SRV-USG:launched_at": null, "flavor": {"id": "42", "links": [{"href": "http://10.4.1.3:8774/5fc087b6c00943d9bde6a93023e8414e/flavors/42", "rel": "bookmark"}]}, "id": "59794696-c7c8-41aa-9729-adf1d7583c56", "OS-SRV-USG:terminated_at": null, "OS-EXT-AZ:availability_zone": "nova", "user_id": "c54529c42ff146b4b736541127645f6e", "name": "tempest.common.compute-instance-1228367338", "created": "2016-01-22T09:51:32Z", "tenant_id": "5fc087b6c00943d9bde6a93023e8414e", "OS-DCF:diskConfig": "MANUAL", "os-extended-volumes:volumes_attached": [], "accessIPv4": "", "accessIPv6": "", "progress": 0, "OS-EXT-STS:power_state": 0, "config_drive": "", "metadata": {}}}
2016-01-22 09:51:34,498 14129 INFO     [tempest.common.waiters] State transition "BUILD/scheduling" ==&gt; "BUILD/spawning" after 1 second wait
2016-01-22 09:51:35,929 14129 INFO     [tempest_lib.common.rest_client] Request (TestNetworkBasicOps:test_connectivity_between_vms_on_different_networks): 200 GET http://10.4.1.3:8774/v2.1/5fc087b6c00943d9bde6a93023e8414e/servers/59794696-c7c8-41aa-9729-adf1d7583c56 0.429s
2016-01-22 09:51:35,930 14129 DEBUG    [tempest_lib.common.rest_client] Request - Headers: {'Content-Type': 'application/json', 'Accept': 'application/json', 'X-Auth-Token': '&lt;omitted&gt;'}
        Body: None
    Response - Headers: {'status': '200', 'content-length': '1477', 'content-location': 'http://10.4.1.3:8774/v2.1/5fc087b6c00943d9bde6a93023e8414e/servers/59794696-c7c8-41aa-9729-adf1d7583c56', 'x-compute-request-id': 'req-68e83109-9970-428b-b5b5-d4ee8512072d', 'vary': 'X-OpenStack-Nova-API-Version', 'connection': 'close', 'x-openstack-nova-api-version': '2.1', 'date': 'Fri, 22 Jan 2016 09:51:35 GMT', 'content-type': 'application/json'}
        Body: {"server": {"status": "BUILD", "updated": "2016-01-22T09:51:34Z", "hostId": "c0ff8b15f040b95ea2f1521573dfdfdd34fcec9441fbc6f137f3749f", "addresses": {}, "links": [{"href": "http://10.4.1.3:8774/v2.1/5fc087b6c00943d9bde6a93023e8414e/servers/59794696-c7c8-41aa-9729-adf1d7583c56", "rel": "self"}, {"href": "http://10.4.1.3:8774/5fc087b6c00943d9bde6a93023e8414e/servers/59794696-c7c8-41aa-9729-adf1d7583c56", "rel": "bookmark"}], "key_name": "tempest-TestNetworkBasicOps-561347016", "image": {"id": "37d1cee7-4521-4d58-ae60-19412dcb0e06", "links": [{"href": "http://10.4.1.3:8774/5fc087b6c00943d9bde6a93023e8414e/images/37d1cee7-4521-4d58-ae60-19412dcb0e06", "rel": "bookmark"}]}, "OS-EXT-STS:task_state": "spawning", "OS-EXT-STS:vm_state": "building", "OS-SRV-USG:launched_at": null, "flavor": {"id": "42", "links": [{"href": "http://10.4.1.3:8774/5fc087b6c00943d9bde6a93023e8414e/flavors/42", "rel": "bookmark"}]}, "id": "59794696-c7c8-41aa-9729-adf1d7583c56", "security_groups": [{"name": "tempest-secgroup-smoke-1697388052"}], "OS-SRV-USG:terminated_at": null, "OS-EXT-AZ:availability_zone": "nova", "user_id": "c54529c42ff146b4b736541127645f6e", "name": "tempest.common.compute-instance-1228367338", "created": "2016-01-22T09:51:32Z", "tenant_id": "5fc087b6c00943d9bde6a93023e8414e", "OS-DCF:diskConfig": "MANUAL", "os-extended-volumes:volumes_attached": [], "accessIPv4": "", "accessIPv6": "", "progress": 0, "OS-EXT-STS:power_state": 0, "config_drive": "", "metadata": {}}}
2016-01-22 09:51:37,375 14129 INFO     [tempest_lib.common.rest_client] Request (TestNetworkBasicOps:test_connectivity_between_vms_on_different_networks): 200 GET http://10.4.1.3:8774/v2.1/5fc087b6c00943d9bde6a93023e8414e/servers/59794696-c7c8-41aa-9729-adf1d7583c56 0.435s
2016-01-22 09:51:37,376 14129 DEBUG    [tempest_lib.common.rest_client] Request - Headers: {'Content-Type': 'application/json', 'Accept': 'application/json', 'X-Auth-Token': '&lt;omitted&gt;'}
        Body: None
    Response - Headers: {'status': '200', 'content-length': '1649', 'content-location': 'http://10.4.1.3:8774/v2.1/5fc087b6c00943d9bde6a93023e8414e/servers/59794696-c7c8-41aa-9729-adf1d7583c56', 'x-compute-request-id': 'req-c31088d7-1fa1-4e28-aa95-7c83a26addb3', 'vary': 'X-OpenStack-Nova-API-Version', 'connection': 'close', 'x-openstack-nova-api-version': '2.1', 'date': 'Fri, 22 Jan 2016 09:51:37 GMT', 'content-type': 'application/json'}
        Body: {"server": {"status": "ACTIVE", "updated": "2016-01-22T09:51:36Z", "hostId": "c0ff8b15f040b95ea2f1521573dfdfdd34fcec9441fbc6f137f3749f", "addresses": {"tempest-network-smoke--1966712242": [{"OS-EXT-IPS-MAC:mac_addr": "fa:16:3e:92:c8:77", "version": 4, "addr": "10.100.0.3", "OS-EXT-IPS:type": "fixed"}]}, "links": [{"href": "http://10.4.1.3:8774/v2.1/5fc087b6c00943d9bde6a93023e8414e/servers/59794696-c7c8-41aa-9729-adf1d7583c56", "rel": "self"}, {"href": "http://10.4.1.3:8774/5fc087b6c00943d9bde6a93023e8414e/servers/59794696-c7c8-41aa-9729-adf1d7583c56", "rel": "bookmark"}], "key_name": "tempest-TestNetworkBasicOps-561347016", "image": {"id": "37d1cee7-4521-4d58-ae60-19412dcb0e06", "links": [{"href": "http://10.4.1.3:8774/5fc087b6c00943d9bde6a93023e8414e/images/37d1cee7-4521-4d58-ae60-19412dcb0e06", "rel": "bookmark"}]}, "OS-EXT-STS:task_state": null, "OS-EXT-STS:vm_state": "active", "OS-SRV-USG:launched_at": "2016-01-22T09:51:36.000000", "flavor": {"id": "42", "links": [{"href": "http://10.4.1.3:8774/5fc087b6c00943d9bde6a93023e8414e/flavors/42", "rel": "bookmark"}]}, "id": "59794696-c7c8-41aa-9729-adf1d7583c56", "security_groups": [{"name": "tempest-secgroup-smoke-1697388052"}], "OS-SRV-USG:terminated_at": null, "OS-EXT-AZ:availability_zone": "nova", "user_id": "c54529c42ff146b4b736541127645f6e", "name": "tempest.common.compute-instance-1228367338", "created": "2016-01-22T09:51:32Z", "tenant_id": "5fc087b6c00943d9bde6a93023e8414e", "OS-DCF:diskConfig": "MANUAL", "os-extended-volumes:volumes_attached": [], "accessIPv4": "", "accessIPv6": "", "progress": 0, "OS-EXT-STS:power_state": 1, "config_drive": "True", "metadata": {}}}
2016-01-22 09:51:37,385 14129 INFO     [tempest.common.waiters] State transition "BUILD/spawning" ==&gt; "ACTIVE/None" after 4 second wait
2016-01-22 09:51:37,590 14129 INFO     [tempest_lib.common.rest_client] Request (TestNetworkBasicOps:test_connectivity_between_vms_on_different_networks): 200 GET http://10.4.1.3:8774/v2.1/5fc087b6c00943d9bde6a93023e8414e/servers/59794696-c7c8-41aa-9729-adf1d7583c56 0.204s
2016-01-22 09:51:37,590 14129 DEBUG    [tempest_lib.common.rest_client] Request - Headers: {'Content-Type': 'application/json', 'Accept': 'application/json', 'X-Auth-Token': '&lt;omitted&gt;'}
        Body: None
    Response - Headers: {'status': '200', 'content-length': '1649', 'content-location': 'http://10.4.1.3:8774/v2.1/5fc087b6c00943d9bde6a93023e8414e/servers/59794696-c7c8-41aa-9729-adf1d7583c56', 'x-compute-request-id': 'req-4d44fe90-b706-4315-9827-4e89ea539d3b', 'vary': 'X-OpenStack-Nova-API-Version', 'connection': 'close', 'x-openstack-nova-api-version': '2.1', 'date': 'Fri, 22 Jan 2016 09:51:37 GMT', 'content-type': 'application/json'}
        Body: {"server": {"status": "ACTIVE", "updated": "2016-01-22T09:51:36Z", "hostId": "c0ff8b15f040b95ea2f1521573dfdfdd34fcec9441fbc6f137f3749f", "addresses": {"tempest-network-smoke--1966712242": [{"OS-EXT-IPS-MAC:mac_addr": "fa:16:3e:92:c8:77", "version": 4, "addr": "10.100.0.3", "OS-EXT-IPS:type": "fixed"}]}, "links": [{"href": "http://10.4.1.3:8774/v2.1/5fc087b6c00943d9bde6a93023e8414e/servers/59794696-c7c8-41aa-9729-adf1d7583c56", "rel": "self"}, {"href": "http://10.4.1.3:8774/5fc087b6c00943d9bde6a93023e8414e/servers/59794696-c7c8-41aa-9729-adf1d7583c56", "rel": "bookmark"}], "key_name": "tempest-TestNetworkBasicOps-561347016", "image": {"id": "37d1cee7-4521-4d58-ae60-19412dcb0e06", "links": [{"href": "http://10.4.1.3:8774/5fc087b6c00943d9bde6a93023e8414e/images/37d1cee7-4521-4d58-ae60-19412dcb0e06", "rel": "bookmark"}]}, "OS-EXT-STS:task_state": null, "OS-EXT-STS:vm_state": "active", "OS-SRV-USG:launched_at": "2016-01-22T09:51:36.000000", "flavor": {"id": "42", "links": [{"href": "http://10.4.1.3:8774/5fc087b6c00943d9bde6a93023e8414e/flavors/42", "rel": "bookmark"}]}, "id": "59794696-c7c8-41aa-9729-adf1d7583c56", "security_groups": [{"name": "tempest-secgroup-smoke-1697388052"}], "OS-SRV-USG:terminated_at": null, "OS-EXT-AZ:availability_zone": "nova", "user_id": "c54529c42ff146b4b736541127645f6e", "name": "tempest.common.compute-instance-1228367338", "created": "2016-01-22T09:51:32Z", "tenant_id": "5fc087b6c00943d9bde6a93023e8414e", "OS-DCF:diskConfig": "MANUAL", "os-extended-volumes:volumes_attached": [], "accessIPv4": "", "accessIPv6": "", "progress": 0, "OS-EXT-STS:power_state": 1, "config_drive": "True", "metadata": {}}}
2016-01-22 09:51:37,600 14129 INFO     [tempest.scenario.manager] Tenant networks not configured to be reachable.
2016-01-22 09:51:37,759 14129 INFO     [tempest_lib.common.rest_client] Request (TestNetworkBasicOps:test_connectivity_between_vms_on_different_networks): 200 GET http://10.4.1.3:9696/v2.0/ports?status=ACTIVE&amp;fixed_ip=None&amp;device_id=59794696-c7c8-41aa-9729-adf1d7583c56 0.159s
2016-01-22 09:51:37,760 14129 DEBUG    [tempest_lib.common.rest_client] Request - Headers: {'Content-Type': 'application/json', 'Accept': 'application/json', 'X-Auth-Token': '&lt;omitted&gt;'}
        Body: None
    Response - Headers: {'status': '200', 'content-length': '895', 'content-location': 'http://10.4.1.3:9696/v2.0/ports?status=ACTIVE&amp;fixed_ip=None&amp;device_id=59794696-c7c8-41aa-9729-adf1d7583c56', 'connection': 'close', 'date': 'Fri, 22 Jan 2016 09:51:37 GMT', 'content-type': 'application/json; charset=UTF-8', 'x-openstack-request-id': 'req-e357b6f9-ef5f-41d0-b3ab-58f108c4bd01'}
        Body: {"ports": [{"status": "ACTIVE", "binding:host_id": "vagrant-ubuntu-trusty-64", "allowed_address_pairs": [], "extra_dhcp_opts": [], "dns_assignment": [{"hostname": "host-10-100-0-3", "ip_address": "10.100.0.3", "fqdn": "host-10-100-0-3.openstacklocal."}], "device_owner": "compute:None", "port_security_enabled": true, "binding:profile": {}, "fixed_ips": [{"subnet_id": "560b09b1-5cca-4995-9419-df9c6a7781b1", "ip_address": "10.100.0.3"}], "id": "ae5858f9-6787-4fb2-b75c-f53d6d668095", "security_groups": ["1943accb-4520-477c-a31f-841cdc17a020"], "device_id": "59794696-c7c8-41aa-9729-adf1d7583c56", "name": "", "admin_state_up": true, "network_id": "511c40fc-2c10-4dcd-8680-5e0122aa4628", "dns_name": "", "binding:vif_details": {"port_filter": true}, "binding:vnic_type": "normal", "binding:vif_type": "ovs", "tenant_id": "5fc087b6c00943d9bde6a93023e8414e", "mac_address": "fa:16:3e:92:c8:77"}]}
2016-01-22 09:51:38,323 14129 INFO     [tempest_lib.common.rest_client] Request (TestNetworkBasicOps:test_connectivity_between_vms_on_different_networks): 201 POST http://10.4.1.3:9696/v2.0/floatingips 0.562s
2016-01-22 09:51:38,324 14129 DEBUG    [tempest_lib.common.rest_client] Request - Headers: {'Content-Type': 'application/json', 'Accept': 'application/json', 'X-Auth-Token': '&lt;omitted&gt;'}
        Body: {"floatingip": {"floating_network_id": "64f953e7-d768-4b28-810e-44ab72898980", "tenant_id": "5fc087b6c00943d9bde6a93023e8414e", "fixed_ip_address": "10.100.0.3", "port_id": "ae5858f9-6787-4fb2-b75c-f53d6d668095"}}
    Response - Headers: {'status': '201', 'content-length': '367', 'connection': 'close', 'date': 'Fri, 22 Jan 2016 09:51:38 GMT', 'content-type': 'application/json; charset=UTF-8', 'x-openstack-request-id': 'req-ae23edee-098b-46f2-97f7-dc0aa01624e2'}
        Body: {"floatingip": {"floating_network_id": "64f953e7-d768-4b28-810e-44ab72898980", "router_id": "420dbdeb-8be4-4f09-854f-3ec5c517bdd1", "fixed_ip_address": "10.100.0.3", "floating_ip_address": "172.24.4.4", "tenant_id": "5fc087b6c00943d9bde6a93023e8414e", "status": "DOWN", "port_id": "ae5858f9-6787-4fb2-b75c-f53d6d668095", "id": "ba8cf901-b4fd-4c84-bd51-00e71e603db1"}}
2016-01-22 09:51:38,342 14129 INFO     [tempest_lib.common.rest_client] Request (TestNetworkBasicOps:test_connectivity_between_vms_on_different_networks): 200 GET http://10.4.1.3:9696/v2.0/floatingips/ba8cf901-b4fd-4c84-bd51-00e71e603db1 0.017s
2016-01-22 09:51:38,343 14129 DEBUG    [tempest_lib.common.rest_client] Request - Headers: {'Content-Type': 'application/json', 'Accept': 'application/json', 'X-Auth-Token': '&lt;omitted&gt;'}
        Body: None
    Response - Headers: {'status': '200', 'content-length': '367', 'content-location': 'http://10.4.1.3:9696/v2.0/floatingips/ba8cf901-b4fd-4c84-bd51-00e71e603db1', 'connection': 'close', 'date': 'Fri, 22 Jan 2016 09:51:38 GMT', 'content-type': 'application/json; charset=UTF-8', 'x-openstack-request-id': 'req-9b9ebb13-a26f-4d6d-88d5-a79ba6112e2f'}
        Body: {"floatingip": {"floating_network_id": "64f953e7-d768-4b28-810e-44ab72898980", "router_id": "420dbdeb-8be4-4f09-854f-3ec5c517bdd1", "fixed_ip_address": "10.100.0.3", "floating_ip_address": "172.24.4.4", "tenant_id": "5fc087b6c00943d9bde6a93023e8414e", "status": "DOWN", "port_id": "ae5858f9-6787-4fb2-b75c-f53d6d668095", "id": "ba8cf901-b4fd-4c84-bd51-00e71e603db1"}}
2016-01-22 09:51:39,357 14129 INFO     [tempest_lib.common.rest_client] Request (TestNetworkBasicOps:test_connectivity_between_vms_on_different_networks): 200 GET http://10.4.1.3:9696/v2.0/floatingips/ba8cf901-b4fd-4c84-bd51-00e71e603db1 0.013s
2016-01-22 09:51:39,357 14129 DEBUG    [tempest_lib.common.rest_client] Request - Headers: {'Content-Type': 'application/json', 'Accept': 'application/json', 'X-Auth-Token': '&lt;omitted&gt;'}
        Body: None
    Response - Headers: {'status': '200', 'content-length': '369', 'content-location': 'http://10.4.1.3:9696/v2.0/floatingips/ba8cf901-b4fd-4c84-bd51-00e71e603db1', 'connection': 'close', 'date': 'Fri, 22 Jan 2016 09:51:39 GMT', 'content-type': 'application/json; charset=UTF-8', 'x-openstack-request-id': 'req-f767c6b1-3e1c-4e60-9c68-be36fe9c6929'}
        Body: {"floatingip": {"floating_network_id": "64f953e7-d768-4b28-810e-44ab72898980", "router_id": "420dbdeb-8be4-4f09-854f-3ec5c517bdd1", "fixed_ip_address": "10.100.0.3", "floating_ip_address": "172.24.4.4", "tenant_id": "5fc087b6c00943d9bde6a93023e8414e", "status": "ACTIVE", "port_id": "ae5858f9-6787-4fb2-b75c-f53d6d668095", "id": "ba8cf901-b4fd-4c84-bd51-00e71e603db1"}}
2016-01-22 09:51:39,358 14129 INFO     [tempest.scenario.manager] FloatingIP: &lt;"FloatingIP" addr="172.24.4.4" id="ba8cf901-b4fd-4c84-bd51-00e71e603db1"&gt; is at status: ACTIVE
2016-01-22 09:51:39,358 14129 DEBUG    [tempest.scenario.manager] checking network connections to IP 172.24.4.4 with user: cirros
2016-01-22 09:51:39,359 14129 DEBUG    [tempest.scenario.manager] TestNetworkBasicOps:test_connectivity_between_vms_on_different_networks begins to ping 172.24.4.4 in 120 sec and the expected result is reachable
2016-01-22 09:53:40,633 14129 DEBUG    [tempest.scenario.manager] TestNetworkBasicOps:test_connectivity_between_vms_on_different_networks finishes ping 172.24.4.4 in 120 sec and the ping result is unexpected
2016-01-22 09:53:40,635 14129 ERROR    [tempest.scenario.manager] Public network connectivity check failed
2016-01-22 09:53:40.635 14129 ERROR tempest.scenario.manager Traceback (most recent call last):
2016-01-22 09:53:40.635 14129 ERROR tempest.scenario.manager   File "tempest/scenario/manager.py", line 607, in check_public_network_connectivity
2016-01-22 09:53:40.635 14129 ERROR tempest.scenario.manager     should_connect=should_connect)
2016-01-22 09:53:40.635 14129 ERROR tempest.scenario.manager   File "tempest/scenario/manager.py", line 591, in check_vm_connectivity
2016-01-22 09:53:40.635 14129 ERROR tempest.scenario.manager     msg=msg)
2016-01-22 09:53:40.635 14129 ERROR tempest.scenario.manager   File "/usr/local/lib/python2.7/dist-packages/unittest2/case.py", line 702, in assertTrue
2016-01-22 09:53:40.635 14129 ERROR tempest.scenario.manager     raise self.failureException(msg)
2016-01-22 09:53:40.635 14129 ERROR tempest.scenario.manager AssertionError: False is not true : Timed out waiting for 172.24.4.4 to become reachable
2016-01-22 09:53:40.635 14129 ERROR tempest.scenario.manager 
2016-01-22 09:53:40,870 14129 INFO     [tempest_lib.common.rest_client] Request (TestNetworkBasicOps:test_connectivity_between_vms_on_different_networks): 200 POST http://10.4.1.3:8774/v2.1/5fc087b6c00943d9bde6a93023e8414e/servers/59794696-c7c8-41aa-9729-adf1d7583c56/action 0.232s
2016-01-22 09:53:40,871 14129 DEBUG    [tempest_lib.common.rest_client] Request - Headers: {'Content-Type': 'application/json', 'Accept': 'application/json', 'X-Auth-Token': '&lt;omitted&gt;'}
        Body: {"os-getConsoleOutput": {}}
    Response - Headers: {'status': '200', 'content-length': '17428', 'x-compute-request-id': 'req-7aa76507-04a9-418d-9a9e-ce2b4d8810a6', 'vary': 'X-OpenStack-Nova-API-Version', 'connection': 'close', 'x-openstack-nova-api-version': '2.1', 'date': 'Fri, 22 Jan 2016 09:53:40 GMT', 'content-type': 'application/json'}
        Body: {"output": "[    0.000000] Initializing cgroup subsys cpuset\n[    0.000000] Initializing cgroup subsys cpu\n[    0.000000] Linux version 3.2.0-80-virtual (buildd@batsu) (gcc version 4.6.3 (Ubuntu/Linaro 4.6.3-1ubuntu5) ) #116-Ubuntu SMP Mon Mar 23 17:28:52 UTC 2015 (Ubuntu 3.2.0-80.116-virtual 3.2.68)\n[    0.000000] Command line: root=/dev/vda console=tty0 console=ttyS0 no_timer_check\n[    0.000000] KERNEL supported cpus:\n[    0.000000]   Intel GenuineIntel\n[    0.000000]   AMD AuthenticAMD\n[    0.000000]   Centaur CentaurHauls\n[    0.000000] BIOS-provided physical RAM map:\n[    0.000000]  BIOS-e820: 0000000000000000 - 000000000009fc00 (usable)\n[    0.000000]  BIOS-e820: 000000000009fc00 - 00000000000a0000 (reserved)\n[    0.000000]  BIOS-e820: 00000000000f0000 - 0000000000100000 (reserved)\n[    0.000000]  BIOS-e820: 0000000000100000 - 0000000003ffe000 (usable)\n[    0.000000]  BIOS-e820: 0000000003ffe000 - 0000000004000000 (reserved)\n[    0.000000]  BIOS-e820: 00000000fffc0000 - 0000000100000000 (reserved)\n[    0.000000] NX (Execute Disable) protection: active\n[    0.000000] SMBIOS 2.4 present.\n[    0.000000] No AGP bridge found\n[    0.000000] last_pfn = 0x3ffe max_arch_pfn = 0x400000000\n[    0.000000] x86 PAT enabled: cpu 0, old 0x7040600070406, new 0x7010600070106\n[    0.000000] found SMP MP-table at [ffff8800000f0b00] f0b00\n[    0.000000] init_memory_mapping: 0000000000000000-0000000003ffe000\n[    0.000000] RAMDISK: 03c5e000 - 03ff0000\n[    0.000000] ACPI: RSDP 00000000000f0950 00014 (v00 BOCHS )\n[    0.000000] ACPI: RSDT 0000000003fffbc1 00034 (v01 BOCHS  BXPCRSDT 00000001 BXPC 00000001)\n[    0.000000] ACPI: FACP 0000000003fff1c0 00074 (v01 BOCHS  BXPCFACP 00000001 BXPC 00000001)\n[    0.000000] ACPI: DSDT 0000000003ffe040 01180 (v01 BOCHS  BXPCDSDT 00000001 BXPC 00000001)\n[    0.000000] ACPI: FACS 0000000003ffe000 00040\n[    0.000000] ACPI: SSDT 0000000003fff234 008DD (v01 BOCHS  BXPCSSDT 00000001 BXPC 00000001)\n[    0.000000] ACPI: APIC 0000000003fffb11 00078 (v01 BOCHS  BXPCAPIC 00000001 BXPC 00000001)\n[    0.000000] ACPI: HPET 0000000003fffb89 00038 (v01 BOCHS  BXPCHPET 00000001 BXPC 00000001)\n[    0.000000] No NUMA configuration found\n[    0.000000] Faking a node at 0000000000000000-0000000003ffe000\n[    0.000000] Initmem setup node 0 0000000000000000-0000000003ffe000\n[    0.000000]   NODE_DATA [0000000003ff6000 - 0000000003ffafff]\n[    0.000000] Zone PFN ranges:\n[    0.000000]   DMA      0x00000010 -&gt; 0x00001000\n[    0.000000]   DMA32    0x00001000 -&gt; 0x00100000\n[    0.000000]   Normal   empty\n[    0.000000] Movable zone start PFN for each node\n[    0.000000] early_node_map[2] active PFN ranges\n[    0.000000]     0: 0x00000010 -&gt; 0x0000009f\n[    0.000000]     0: 0x00000100 -&gt; 0x00003ffe\n[    0.000000] ACPI: PM-Timer IO Port: 0xb008\n[    0.000000] ACPI: LAPIC (acpi_id[0x00] lapic_id[0x00] enabled)\n[    0.000000] ACPI: LAPIC_NMI (acpi_id[0xff] dfl dfl lint[0x1])\n[    0.000000] ACPI: IOAPIC (id[0x00] address[0xfec00000] gsi_base[0])\n[    0.000000] IOAPIC[0]: apic_id 0, version 17, address 0xfec00000, GSI 0-23\n[    0.000000] ACPI: INT_SRC_OVR (bus 0 bus_irq 0 global_irq 2 dfl dfl)\n[    0.000000] ACPI: INT_SRC_OVR (bus 0 bus_irq 5 global_irq 5 high level)\n[    0.000000] ACPI: INT_SRC_OVR (bus 0 bus_irq 9 global_irq 9 high level)\n[    0.000000] ACPI: INT_SRC_OVR (bus 0 bus_irq 10 global_irq 10 high level)\n[    0.000000] ACPI: INT_SRC_OVR (bus 0 bus_irq 11 global_irq 11 high level)\n[    0.000000] Using ACPI (MADT) for SMP configuration information\n[    0.000000] ACPI: HPET id: 0x8086a201 base: 0xfed00000\n[    0.000000] SMP: Allowing 1 CPUs, 0 hotplug CPUs\n[    0.000000] PM: Registered nosave memory: 000000000009f000 - 00000000000a0000\n[    0.000000] PM: Registered nosave memory: 00000000000a0000 - 00000000000f0000\n[    0.000000] PM: Registered nosave memory: 00000000000f0000 - 0000000000100000\n[    0.000000] Allocating PCI resources starting at 4000000 (gap: 4000000:fbfc0000)\n[    0.000000] Booting paravirtualized kernel on bare hardware\n[    0.000000] setup_pe
2016-01-22 09:53:40,875 14129 DEBUG    [tempest.scenario.manager] Console output for 59794696-c7c8-41aa-9729-adf1d7583c56
body=
[    0.000000] Initializing cgroup subsys cpuset
[    0.000000] Initializing cgroup subsys cpu
[    0.000000] Linux version 3.2.0-80-virtual (buildd@batsu) (gcc version 4.6.3 (Ubuntu/Linaro 4.6.3-1ubuntu5) ) #116-Ubuntu SMP Mon Mar 23 17:28:52 UTC 2015 (Ubuntu 3.2.0-80.116-virtual 3.2.68)
[    0.000000] Command line: root=/dev/vda console=tty0 console=ttyS0 no_timer_check
[    0.000000] KERNEL supported cpus:
[    0.000000]   Intel GenuineIntel
[    0.000000]   AMD AuthenticAMD
[    0.000000]   Centaur CentaurHauls
[    0.000000] BIOS-provided physical RAM map:
[    0.000000]  BIOS-e820: 0000000000000000 - 000000000009fc00 (usable)
[    0.000000]  BIOS-e820: 000000000009fc00 - 00000000000a0000 (reserved)
[    0.000000]  BIOS-e820: 00000000000f0000 - 0000000000100000 (reserved)
[    0.000000]  BIOS-e820: 0000000000100000 - 0000000003ffe000 (usable)
[    0.000000]  BIOS-e820: 0000000003ffe000 - 0000000004000000 (reserved)
[    0.000000]  BIOS-e820: 00000000fffc0000 - 0000000100000000 (reserved)
[    0.000000] NX (Execute Disable) protection: active
[    0.000000] SMBIOS 2.4 present.
[    0.000000] No AGP bridge found
[    0.000000] last_pfn = 0x3ffe max_arch_pfn = 0x400000000
[    0.000000] x86 PAT enabled: cpu 0, old 0x7040600070406, new 0x7010600070106
[    0.000000] found SMP MP-table at [ffff8800000f0b00] f0b00
[    0.000000] init_memory_mapping: 0000000000000000-0000000003ffe000
[    0.000000] RAMDISK: 03c5e000 - 03ff0000
[    0.000000] ACPI: RSDP 00000000000f0950 00014 (v00 BOCHS )
[    0.000000] ACPI: RSDT 0000000003fffbc1 00034 (v01 BOCHS  BXPCRSDT 00000001 BXPC 00000001)
[    0.000000] ACPI: FACP 0000000003fff1c0 00074 (v01 BOCHS  BXPCFACP 00000001 BXPC 00000001)
[    0.000000] ACPI: DSDT 0000000003ffe040 01180 (v01 BOCHS  BXPCDSDT 00000001 BXPC 00000001)
[    0.000000] ACPI: FACS 0000000003ffe000 00040
[    0.000000] ACPI: SSDT 0000000003fff234 008DD (v01 BOCHS  BXPCSSDT 00000001 BXPC 00000001)
[    0.000000] ACPI: APIC 0000000003fffb11 00078 (v01 BOCHS  BXPCAPIC 00000001 BXPC 00000001)
[    0.000000] ACPI: HPET 0000000003fffb89 00038 (v01 BOCHS  BXPCHPET 00000001 BXPC 00000001)
[    0.000000] No NUMA configuration found
[    0.000000] Faking a node at 0000000000000000-0000000003ffe000
[    0.000000] Initmem setup node 0 0000000000000000-0000000003ffe000
[    0.000000]   NODE_DATA [0000000003ff6000 - 0000000003ffafff]
[    0.000000] Zone PFN ranges:
[    0.000000]   DMA      0x00000010 -&gt; 0x00001000
[    0.000000]   DMA32    0x00001000 -&gt; 0x00100000
[    0.000000]   Normal   empty
[    0.000000] Movable zone start PFN for each node
[    0.000000] early_node_map[2] active PFN ranges
[    0.000000]     0: 0x00000010 -&gt; 0x0000009f
[    0.000000]     0: 0x00000100 -&gt; 0x00003ffe
[    0.000000] ACPI: PM-Timer IO Port: 0xb008
[    0.000000] ACPI: LAPIC (acpi_id[0x00] lapic_id[0x00] enabled)
[    0.000000] ACPI: LAPIC_NMI (acpi_id[0xff] dfl dfl lint[0x1])
[    0.000000] ACPI: IOAPIC (id[0x00] address[0xfec00000] gsi_base[0])
[    0.000000] IOAPIC[0]: apic_id 0, version 17, address 0xfec00000, GSI 0-23
[    0.000000] ACPI: INT_SRC_OVR (bus 0 bus_irq 0 global_irq 2 dfl dfl)
[    0.000000] ACPI: INT_SRC_OVR (bus 0 bus_irq 5 global_irq 5 high level)
[    0.000000] ACPI: INT_SRC_OVR (bus 0 bus_irq 9 global_irq 9 high level)
[    0.000000] ACPI: INT_SRC_OVR (bus 0 bus_irq 10 global_irq 10 high level)
[    0.000000] ACPI: INT_SRC_OVR (bus 0 bus_irq 11 global_irq 11 high level)
[    0.000000] Using ACPI (MADT) for SMP configuration information
[    0.000000] ACPI: HPET id: 0x8086a201 base: 0xfed00000
[    0.000000] SMP: Allowing 1 CPUs, 0 hotplug CPUs
[    0.000000] PM: Registered nosave memory: 000000000009f000 - 00000000000a0000
[    0.000000] PM: Registered nosave memory: 00000000000a0000 - 00000000000f0000
[    0.000000] PM: Registered nosave memory: 00000000000f0000 - 0000000000100000
[    0.000000] Allocating PCI resources starting at 4000000 (gap: 4000000:fbfc0000)
[    0.000000] Booting paravirtualized kernel on bare hardware
[    0.000000] setup_percpu: NR_CPUS:64 nr_cpumask_bits:64 nr_cpu_ids:1 nr_node_ids:1
[    0.000000] PERCPU: Embedded 27 pages/cpu @ffff880003a00000 s78848 r8192 d23552 u2097152
[    0.000000] Built 1 zonelists in Node order, mobility grouping on.  Total pages: 16008
[    0.000000] Policy zone: DMA32
[    0.000000] Kernel command line: root=/dev/vda console=tty0 console=ttyS0 no_timer_check
[    0.000000] PID hash table entries: 256 (order: -1, 2048 bytes)
[    0.000000] Checking aperture...
[    0.000000] No AGP bridge found
[    0.000000] Memory: 43492k/65528k available (6576k kernel code, 452k absent, 21584k reserved, 6620k data, 928k init)
[    0.000000] SLUB: Genslabs=15, HWalign=64, Order=0-3, MinObjects=0, CPUs=1, Nodes=1
[    0.000000] Hierarchical RCU implementation.
[    0.000000] 	RCU dyntick-idle grace-period acceleration is enabled.
[    0.000000] NR_IRQS:4352 nr_irqs:256 16
[    0.000000] Console: colour VGA+ 80x25
[    0.000000] console [tty0] enabled
[    0.000000] console [ttyS0] enabled
[    0.000000] allocated 1048576 bytes of page_cgroup
[    0.000000] please try 'cgroup_disable=memory' option if you don't want memory cgroups
[    0.000000] Fast TSC calibration failed
[    0.000000] TSC: Unable to calibrate against PIT
[    0.000000] TSC: using HPET reference calibration
[    0.000000] Detected 2295.138 MHz processor.
[    0.041561] Calibrating delay loop (skipped), value calculated using timer frequency.. 4590.27 BogoMIPS (lpj=9180552)
[    0.043856] pid_max: default: 32768 minimum: 301
[    0.051220] Security Framework initialized
[    0.056494] AppArmor: AppArmor initialized
[    0.057224] Yama: becoming mindful.
[    0.066204] Dentry cache hash table entries: 8192 (order: 4, 65536 bytes)
[    0.068179] Inode-cache hash table entries: 4096 (order: 3, 32768 bytes)
[    0.069805] Mount-cache hash table entries: 256
[    0.084805] Initializing cgroup subsys cpuacct
[    0.085575] Initializing cgroup subsys memory
[    0.086961] Initializing cgroup subsys devices
[    0.088191] Initializing cgroup subsys freezer
[    0.088901] Initializing cgroup subsys blkio
[    0.089570] Initializing cgroup subsys perf_event
[    0.095281] mce: CPU supports 10 MCE banks
[    0.098332] SMP alternatives: switching to UP code
[    0.535202] Freeing SMP alternatives: 24k freed
[    0.537063] ACPI: Core revision 20110623
[    0.591363] ftrace: allocating 26610 entries in 105 pages
[    0.625901] ..TIMER: vector=0x30 apic1=0 pin1=2 apic2=-1 pin2=-1
[    0.626981] CPU0: AMD QEMU Virtual CPU version 2.0.0 stepping 03
[    0.632038] Performance Events: Broken PMU hardware detected, using software events only.
[    0.640294] NMI watchdog disabled (cpu0): hardware events not enabled
[    0.641800] Brought up 1 CPUs
[    0.642298] Total of 1 processors activated (4590.27 BogoMIPS).
[    0.665046] devtmpfs: initialized
[    0.695036] EVM: security.selinux
[    0.695558] EVM: security.SMACK64
[    0.696081] EVM: security.capability
[    0.715000] print_constraints: dummy: 
[    0.717307] RTC time:  9:51:40, date: 01/22/16
[    0.720942] NET: Registered protocol family 16
[    0.727398] ACPI: bus type pci registered
[    0.732605] PCI: Using configuration type 1 for base access
[    0.762226] bio: create slab &lt;bio-0&gt; at 0
[    0.767078] ACPI: Added _OSI(Module Device)
[    0.768132] ACPI: Added _OSI(Processor Device)
[    0.768717] ACPI: Added _OSI(3.0 _SCP Extensions)
[    0.769357] ACPI: Added _OSI(Processor Aggregator Device)
[    0.836150] ACPI: Interpreter enabled
[    0.836693] ACPI: (supports S0 S3 S4 S5)
[    0.838490] ACPI: Using IOAPIC for interrupt routing
[    0.902666] ACPI: No dock devices found.
[    0.903259] HEST: Table not found.
[    0.904247] PCI: Using host bridge windows from ACPI; if necessary, use "pci=nocrs" and report a bug
[    0.910444] ACPI: PCI Root Bridge [PCI0] (domain 0000 [bus 00-ff])
[    0.916894] pci_root PNP0A03:00: host bridge window [io  0x0000-0x0cf7]
[    0.917746] pci_root PNP0A03:00: host bridge window [io  0x0d00-0xadff]
[    0.918591] pci_root PNP0A03:00: host bridge window [io  0xae0f-0xaeff]
[    0.919433] pci_root PNP0A03:00: host bridge window [io  0xaf20-0xafdf]
[    0.920171] pci_root PNP0A03:00: host bridge window [io  0xafe4-0xffff]
[    0.921968] pci_root PNP0A03:00: host bridge window [mem 0x000a0000-0x000bffff]
[    0.924162] pci_root PNP0A03:00: host bridge window [mem 0x04000000-0xfebfffff]
[    0.953711] pci 0000:00:01.3: quirk: [io  0xb000-0xb03f] claimed by PIIX4 ACPI
[    0.954659] pci 0000:00:01.3: quirk: [io  0xb100-0xb10f] claimed by PIIX4 SMB
[    1.029890]  pci0000:00: Unable to request _OSC control (_OSC support mask: 0x1e)
[    1.084483] ACPI: PCI Interrupt Link [LNKA] (IRQs 5 *10 11)
[    1.086654] ACPI: PCI Interrupt Link [LNKB] (IRQs 5 *10 11)
[    1.089115] ACPI: PCI Interrupt Link [LNKC] (IRQs 5 10 *11)
[    1.090658] ACPI: PCI Interrupt Link [LNKD] (IRQs 5 10 *11)
[    1.092814] ACPI: PCI Interrupt Link [LNKS] (IRQs *9)
[    1.099114] vgaarb: device added: PCI:0000:00:02.0,decodes=io+mem,owns=io+mem,locks=none
[    1.100186] vgaarb: loaded
[    1.100618] vgaarb: bridge control possible 0000:00:02.0
[    1.104536] i2c-core: driver [aat2870] using legacy suspend method
[    1.105188] i2c-core: driver [aat2870] using legacy resume method
[    1.107590] SCSI subsystem initialized
[    1.110421] usbcore: registered new interface driver usbfs
[    1.112728] usbcore: registered new interface driver hub
[    1.113913] usbcore: registered new device driver usb
[    1.117620] PCI: Using ACPI for IRQ routing
[    1.128596] NetLabel: Initializing
[    1.129028] NetLabel:  domain hash size = 128
[    1.129643] NetLabel:  protocols = UNLABELED CIPSOv4
[    1.130816] NetLabel:  unlabeled traffic allowed by default
[    1.133503] HPET: 3 timers in total, 0 timers will be used for per-cpu timer
[    1.134515] hpet0: at MMIO 0xfed00000, IRQs 2, 8, 0
[    1.136549] hpet0: 3 comparators, 64-bit 100.000000 MHz counter
[    1.150500] Switching to clocksource hpet
[    1.422333] AppArmor: AppArmor Filesystem Enabled
[    1.423374] pnp: PnP ACPI init
[    1.423971] ACPI: bus type pnp registered
[    1.443686] pnp: PnP ACPI: found 9 devices
[    1.444870] ACPI: ACPI bus type pnp unregistered
[    1.511433] NET: Registered protocol family 2
[    1.546199] IP route cache hash table entries: 512 (order: 0, 4096 bytes)
[    1.554927] TCP established hash table entries: 2048 (order: 3, 32768 bytes)
[    1.556646] TCP bind hash table entries: 2048 (order: 3, 32768 bytes)
[    1.557809] TCP: Hash tables configured (established 2048 bind 2048)
[    1.558587] TCP reno registered
[    1.559075] UDP hash table entries: 128 (order: 0, 4096 bytes)
[    1.559923] UDP-Lite hash table entries: 128 (order: 0, 4096 bytes)
[    1.563104] NET: Registered protocol family 1
[    1.563905] pci 0000:00:00.0: Limiting direct PCI/PCI transfers
[    1.565065] pci 0000:00:01.0: PIIX3: Enabling Passive Release
[    1.566540] pci 0000:00:01.0: Activating ISA DMA hang workarounds
[    1.571206] ACPI: PCI Interrupt Link [LNKD] enabled at IRQ 11
[    1.572111] pci 0000:00:01.2: PCI INT D -&gt; Link[LNKD] -&gt; GSI 11 (level, high) -&gt; IRQ 11
[    1.574700] pci 0000:00:01.2: PCI INT D disabled
[    1.591768] Trying to unpack rootfs image as initramfs...
[    1.607705] audit: initializing netlink socket (disabled)
[    1.610252] type=2000 audit(1453456300.608:1): initialized
[    1.863276] HugeTLB registered 2 MB page size, pre-allocated 0 pages
[    1.943140] VFS: Disk quotas dquot_6.5.2
[    1.945308] Dquot-cache hash table entries: 512 (order 0, 4096 bytes)
[    1.962999] fuse init (API version 7.17)
[    1.968100] msgmni has been set to 84
[    2.013495] Block layer SCSI generic (bsg) driver version 0.4 loaded (major 253)
[    2.023798] io scheduler noop registered
[    2.025171] io scheduler deadline registered (default)
[    2.026386] io scheduler cfq registered
[    2.029968] pci_hotplug: PCI Hot Plug PCI Core version: 0.5
[    2.031839] pciehp: PCI Express Hot Plug Controller Driver version: 0.4
[    2.038222] input: Power Button as /devices/LNXSYSTM:00/LNXPWRBN:00/input/input0
[    2.041440] ACPI: Power Button [PWRF]
[    2.095502] ERST: Table is not found!
[    2.096065] GHES: HEST is not enabled!
[    2.107103] ACPI: PCI Interrupt Link [LNKC] enabled at IRQ 10
[    2.107846] virtio-pci 0000:00:03.0: PCI INT A -&gt; Link[LNKC] -&gt; GSI 10 (level, high) -&gt; IRQ 10
[    2.111837] virtio-pci 0000:00:04.0: PCI INT A -&gt; Link[LNKD] -&gt; GSI 11 (level, high) -&gt; IRQ 11
[    2.123167] ACPI: PCI Interrupt Link [LNKA] enabled at IRQ 10
[    2.123829] virtio-pci 0000:00:05.0: PCI INT A -&gt; Link[LNKA] -&gt; GSI 10 (level, high) -&gt; IRQ 10
[    2.134817] Serial: 8250/16550 driver, 32 ports, IRQ sharing enabled
[    2.175775] serial8250: ttyS0 at I/O 0x3f8 (irq = 4) is a 16550A
[    2.257231] serial8250: ttyS1 at I/O 0x2f8 (irq = 3) is a 16550A
[    2.400840] 00:05: ttyS0 at I/O 0x3f8 (irq = 4) is a 16550A
[    2.478017] 00:06: ttyS1 at I/O 0x2f8 (irq = 3) is a 16550A
[    2.527624] Linux agpgart interface v0.103
[    2.577733] Refined TSC clocksource calibration: 2295.240 MHz.
[    2.579186] Switching to clocksource tsc
[    2.596553] brd: module loaded
[    2.631226] loop: module loaded
[    2.685248]  vda: unknown partition table
[    2.741118] scsi0 : ata_piix
[    2.743422] scsi1 : ata_piix
[    2.745244] ata1: PATA max MWDMA2 cmd 0x1f0 ctl 0x3f6 bmdma 0xc0a0 irq 14
[    2.746181] ata2: PATA max MWDMA2 cmd 0x170 ctl 0x376 bmdma 0xc0a8 irq 15
[    2.755215] Fixed MDIO Bus: probed
[    2.756094] tun: Universal TUN/TAP device driver, 1.6
[    2.756987] tun: (C) 1999-2004 Max Krasnyansky &lt;maxk@qualcomm.com&gt;
[    2.777483] PPP generic driver version 2.4.2
[    2.802819] ehci_hcd: USB 2.0 'Enhanced' Host Controller (EHCI) Driver
[    2.803801] ohci_hcd: USB 1.1 'Open' Host Controller (OHCI) Driver
[    2.805603] uhci_hcd: USB Universal Host Controller Interface driver
[    2.806640] uhci_hcd 0000:00:01.2: PCI INT D -&gt; Link[LNKD] -&gt; GSI 11 (level, high) -&gt; IRQ 11
[    2.810282] uhci_hcd 0000:00:01.2: UHCI Host Controller
[    2.818624] uhci_hcd 0000:00:01.2: new USB bus registered, assigned bus number 1
[    2.820889] uhci_hcd 0000:00:01.2: irq 11, io base 0x0000c040
[    2.866710] hub 1-0:1.0: USB hub found
[    2.867994] hub 1-0:1.0: 2 ports detected
[    2.877596] usbcore: registered new interface driver libusual
[    2.880994] i8042: PNP: PS/2 Controller [PNP0303:KBD,PNP0f13:MOU] at 0x60,0x64 irq 1,12
[    2.890443] serio: i8042 KBD port at 0x60,0x64 irq 1
[    2.891757] serio: i8042 AUX port at 0x60,0x64 irq 12
[    2.933986] mousedev: PS/2 mouse device common for all mice
[    2.943704] input: AT Translated Set 2 keyboard as /devices/platform/i8042/serio0/input/input1
[    2.961417] rtc_cmos 00:01: RTC can wake from S4
[    2.990584] rtc_cmos 00:01: rtc core: registered rtc_cmos as rtc0
[    2.996135] rtc0: alarms up to one day, 114 bytes nvram, hpet irqs
[    3.001200] device-mapper: uevent: version 1.0.3
[    3.017515] ata2.01: ATAPI: QEMU DVD-ROM, 2.0.0, max UDMA/100
[    3.039395] ata2.01: configured for MWDMA2
[    3.095221] device-mapper: ioctl: 4.22.0-ioctl (2011-10-19) initialised: dm-devel@redhat.com
[    3.099411] cpuidle: using governor ladder
[    3.100239] cpuidle: using governor menu
[    3.100902] EFI Variables Facility v0.08 2004-May-17
[    3.109301] TCP cubic registered
[    3.115828] NET: Registered protocol family 10
[    3.160656] NET: Registered protocol family 17
[    3.162553] Registering the dns_resolver key type
[    3.191787] scsi 1:0:1:0: CD-ROM            QEMU     QEMU DVD-ROM     2.0. PQ: 0 ANSI: 5
[    3.213078] sr0: scsi3-mmc drive: 4x/4x cd/rw xa/form2 tray
[    3.214633] cdrom: Uniform CD-ROM driver Revision: 3.20
[    3.246376] sr 1:0:1:0: Attached scsi generic sg0 type 5
[    3.289989] registered taskstats version 1
[    3.431153] Freeing initrd memory: 3656k freed
[    3.920089]   Magic number: 0:913:879
[    3.927964] rtc_cmos 00:01: setting system clock to 2016-01-22 09:51:43 UTC (1453456303)
[    3.930071] powernow-k8: Processor cpuid 663 not supported
[    3.934555] BIOS EDD facility v0.16 2004-Jun-25, 0 devices found
[    3.935684] EDD information not available.
[    3.983383] Freeing unused kernel memory: 928k freed
[    3.987145] Write protecting the kernel read-only data: 12288k
[    4.067371] Freeing unused kernel memory: 1596k freed
[    4.135782] Freeing unused kernel memory: 1184k freed

info: initramfs: up at 4.29
modprobe: module virtio_blk not found in modules.dep
modprobe: module virtio_net not found in modules.dep
info: copying initramfs to /dev/vda
info: initramfs loading root from /dev/vda
info: /etc/init.d/rc.sysinit: up at 9.04
info: container: none
Starting logging: OK
modprobe: module virtio_blk not found in modules.dep
modprobe: module virtio_net not found in modules.dep
WARN: /etc/rc3.d/S10-load-modules failed
Initializing random number generator... done.
Starting acpid: OK
cirros-ds 'local' up at 11.66
found datasource (configdrive, local)
Starting network...
udhcpc (v1.20.1) started
Sending discover...
Sending discover...

2016-01-22 09:53:41,215 14129 INFO     [tempest_lib.common.rest_client] Request (TestNetworkBasicOps:_run_cleanups): 204 DELETE http://10.4.1.3:9696/v2.0/floatingips/ba8cf901-b4fd-4c84-bd51-00e71e603db1 0.332s
2016-01-22 09:53:41,216 14129 DEBUG    [tempest_lib.common.rest_client] Request - Headers: {'Content-Type': 'application/json', 'Accept': 'application/json', 'X-Auth-Token': '&lt;omitted&gt;'}
        Body: None
    Response - Headers: {'date': 'Fri, 22 Jan 2016 09:53:41 GMT', 'status': '204', 'connection': 'close', 'content-length': '0', 'x-openstack-request-id': 'req-690d8418-dbf3-4797-9bd0-f9b7ddd0bb9b'}
        Body: 
2016-01-22 09:53:41,445 14129 INFO     [tempest_lib.common.rest_client] Request (TestNetworkBasicOps:_run_cleanups): 204 DELETE http://10.4.1.3:8774/v2.1/5fc087b6c00943d9bde6a93023e8414e/servers/59794696-c7c8-41aa-9729-adf1d7583c56 0.228s
2016-01-22 09:53:41,445 14129 DEBUG    [tempest_lib.common.rest_client] Request - Headers: {'Content-Type': 'application/json', 'Accept': 'application/json', 'X-Auth-Token': '&lt;omitted&gt;'}
        Body: None
    Response - Headers: {'status': '204', 'content-length': '0', 'x-compute-request-id': 'req-3cb9e1f0-cc87-4896-86fe-4b2b009cfa88', 'vary': 'X-OpenStack-Nova-API-Version', 'connection': 'close', 'x-openstack-nova-api-version': '2.1', 'date': 'Fri, 22 Jan 2016 09:53:41 GMT', 'content-type': 'application/json'}
        Body: 
2016-01-22 09:53:41,675 14129 INFO     [tempest_lib.common.rest_client] Request (TestNetworkBasicOps:_run_cleanups): 200 GET http://10.4.1.3:8774/v2.1/5fc087b6c00943d9bde6a93023e8414e/servers/59794696-c7c8-41aa-9729-adf1d7583c56 0.228s
2016-01-22 09:53:41,675 14129 DEBUG    [tempest_lib.common.rest_client] Request - Headers: {'Content-Type': 'application/json', 'Accept': 'application/json', 'X-Auth-Token': '&lt;omitted&gt;'}
        Body: None
    Response - Headers: {'status': '200', 'content-length': '1772', 'content-location': 'http://10.4.1.3:8774/v2.1/5fc087b6c00943d9bde6a93023e8414e/servers/59794696-c7c8-41aa-9729-adf1d7583c56', 'x-compute-request-id': 'req-87eaf1ac-fb3e-41de-9d63-8243ac61ec49', 'vary': 'X-OpenStack-Nova-API-Version', 'connection': 'close', 'x-openstack-nova-api-version': '2.1', 'date': 'Fri, 22 Jan 2016 09:53:41 GMT', 'content-type': 'application/json'}
        Body: {"server": {"status": "ACTIVE", "updated": "2016-01-22T09:53:41Z", "hostId": "c0ff8b15f040b95ea2f1521573dfdfdd34fcec9441fbc6f137f3749f", "addresses": {"tempest-network-smoke--1966712242": [{"OS-EXT-IPS-MAC:mac_addr": "fa:16:3e:92:c8:77", "version": 4, "addr": "10.100.0.3", "OS-EXT-IPS:type": "fixed"}, {"OS-EXT-IPS-MAC:mac_addr": "fa:16:3e:92:c8:77", "version": 4, "addr": "172.24.4.4", "OS-EXT-IPS:type": "floating"}]}, "links": [{"href": "http://10.4.1.3:8774/v2.1/5fc087b6c00943d9bde6a93023e8414e/servers/59794696-c7c8-41aa-9729-adf1d7583c56", "rel": "self"}, {"href": "http://10.4.1.3:8774/5fc087b6c00943d9bde6a93023e8414e/servers/59794696-c7c8-41aa-9729-adf1d7583c56", "rel": "bookmark"}], "key_name": "tempest-TestNetworkBasicOps-561347016", "image": {"id": "37d1cee7-4521-4d58-ae60-19412dcb0e06", "links": [{"href": "http://10.4.1.3:8774/5fc087b6c00943d9bde6a93023e8414e/images/37d1cee7-4521-4d58-ae60-19412dcb0e06", "rel": "bookmark"}]}, "OS-EXT-STS:task_state": "deleting", "OS-EXT-STS:vm_state": "active", "OS-SRV-USG:launched_at": "2016-01-22T09:51:36.000000", "flavor": {"id": "42", "links": [{"href": "http://10.4.1.3:8774/5fc087b6c00943d9bde6a93023e8414e/flavors/42", "rel": "bookmark"}]}, "id": "59794696-c7c8-41aa-9729-adf1d7583c56", "security_groups": [{"name": "tempest-secgroup-smoke-1697388052"}], "OS-SRV-USG:terminated_at": null, "OS-EXT-AZ:availability_zone": "nova", "user_id": "c54529c42ff146b4b736541127645f6e", "name": "tempest.common.compute-instance-1228367338", "created": "2016-01-22T09:51:32Z", "tenant_id": "5fc087b6c00943d9bde6a93023e8414e", "OS-DCF:diskConfig": "MANUAL", "os-extended-volumes:volumes_attached": [], "accessIPv4": "", "accessIPv6": "", "progress": 0, "OS-EXT-STS:power_state": 1, "config_drive": "True", "metadata": {}}}
2016-01-22 09:53:42,827 14129 INFO     [tempest_lib.common.rest_client] Request (TestNetworkBasicOps:_run_cleanups): 200 GET http://10.4.1.3:8774/v2.1/5fc087b6c00943d9bde6a93023e8414e/servers/59794696-c7c8-41aa-9729-adf1d7583c56 0.133s
2016-01-22 09:53:42,828 14129 DEBUG    [tempest_lib.common.rest_client] Request - Headers: {'Content-Type': 'application/json', 'Accept': 'application/json', 'X-Auth-Token': '&lt;omitted&gt;'}
        Body: None
    Response - Headers: {'status': '200', 'content-length': '1436', 'content-location': 'http://10.4.1.3:8774/v2.1/5fc087b6c00943d9bde6a93023e8414e/servers/59794696-c7c8-41aa-9729-adf1d7583c56', 'x-compute-request-id': 'req-92c94f85-bd53-45a6-8398-8c2aa48fbd2a', 'vary': 'X-OpenStack-Nova-API-Version', 'connection': 'close', 'x-openstack-nova-api-version': '2.1', 'date': 'Fri, 22 Jan 2016 09:53:42 GMT', 'content-type': 'application/json'}
        Body: {"server": {"status": "ACTIVE", "updated": "2016-01-22T09:53:42Z", "hostId": "c0ff8b15f040b95ea2f1521573dfdfdd34fcec9441fbc6f137f3749f", "addresses": {}, "links": [{"href": "http://10.4.1.3:8774/v2.1/5fc087b6c00943d9bde6a93023e8414e/servers/59794696-c7c8-41aa-9729-adf1d7583c56", "rel": "self"}, {"href": "http://10.4.1.3:8774/5fc087b6c00943d9bde6a93023e8414e/servers/59794696-c7c8-41aa-9729-adf1d7583c56", "rel": "bookmark"}], "key_name": "tempest-TestNetworkBasicOps-561347016", "image": {"id": "37d1cee7-4521-4d58-ae60-19412dcb0e06", "links": [{"href": "http://10.4.1.3:8774/5fc087b6c00943d9bde6a93023e8414e/images/37d1cee7-4521-4d58-ae60-19412dcb0e06", "rel": "bookmark"}]}, "OS-EXT-STS:task_state": "deleting", "OS-EXT-STS:vm_state": "active", "OS-SRV-USG:launched_at": "2016-01-22T09:51:36.000000", "flavor": {"id": "42", "links": [{"href": "http://10.4.1.3:8774/5fc087b6c00943d9bde6a93023e8414e/flavors/42", "rel": "bookmark"}]}, "id": "59794696-c7c8-41aa-9729-adf1d7583c56", "OS-SRV-USG:terminated_at": null, "OS-EXT-AZ:availability_zone": "nova", "user_id": "c54529c42ff146b4b736541127645f6e", "name": "tempest.common.compute-instance-1228367338", "created": "2016-01-22T09:51:32Z", "tenant_id": "5fc087b6c00943d9bde6a93023e8414e", "OS-DCF:diskConfig": "MANUAL", "os-extended-volumes:volumes_attached": [], "accessIPv4": "", "accessIPv6": "", "progress": 0, "OS-EXT-STS:power_state": 1, "config_drive": "True", "metadata": {}}}
2016-01-22 09:53:43,932 14129 INFO     [tempest_lib.common.rest_client] Request (TestNetworkBasicOps:_run_cleanups): 404 GET http://10.4.1.3:8774/v2.1/5fc087b6c00943d9bde6a93023e8414e/servers/59794696-c7c8-41aa-9729-adf1d7583c56 0.090s
2016-01-22 09:53:43,933 14129 DEBUG    [tempest_lib.common.rest_client] Request - Headers: {'Content-Type': 'application/json', 'Accept': 'application/json', 'X-Auth-Token': '&lt;omitted&gt;'}
        Body: None
    Response - Headers: {'status': '404', 'content-length': '111', 'x-compute-request-id': 'req-6b75d251-170f-44ec-9219-7af8411a174b', 'vary': 'X-OpenStack-Nova-API-Version', 'connection': 'close', 'x-openstack-nova-api-version': '2.1', 'date': 'Fri, 22 Jan 2016 09:53:43 GMT', 'content-type': 'application/json; charset=UTF-8'}
        Body: {"itemNotFound": {"message": "Instance 59794696-c7c8-41aa-9729-adf1d7583c56 could not be found.", "code": 404}}
2016-01-22 09:53:43,954 14129 INFO     [tempest_lib.common.rest_client] Request (TestNetworkBasicOps:_run_cleanups): 202 DELETE http://10.4.1.3:8774/v2.1/5fc087b6c00943d9bde6a93023e8414e/os-keypairs/tempest-TestNetworkBasicOps-561347016 0.019s
2016-01-22 09:53:43,955 14129 DEBUG    [tempest_lib.common.rest_client] Request - Headers: {'Content-Type': 'application/json', 'Accept': 'application/json', 'X-Auth-Token': '&lt;omitted&gt;'}
        Body: None
    Response - Headers: {'status': '202', 'content-length': '0', 'x-compute-request-id': 'req-1fe07368-35b2-493c-829b-18e0020e81cb', 'vary': 'X-OpenStack-Nova-API-Version', 'connection': 'close', 'x-openstack-nova-api-version': '2.1', 'date': 'Fri, 22 Jan 2016 09:53:43 GMT', 'content-type': 'application/json'}
        Body: 
2016-01-22 09:53:44,540 14129 INFO     [tempest_lib.common.rest_client] Request (TestNetworkBasicOps:_run_cleanups): 200 PUT http://10.4.1.3:9696/v2.0/routers/420dbdeb-8be4-4f09-854f-3ec5c517bdd1/remove_router_interface 0.584s
2016-01-22 09:53:44,541 14129 DEBUG    [tempest_lib.common.rest_client] Request - Headers: {'Content-Type': 'application/json', 'Accept': 'application/json', 'X-Auth-Token': '&lt;omitted&gt;'}
        Body: {"subnet_id": "560b09b1-5cca-4995-9419-df9c6a7781b1"}
    Response - Headers: {'status': '200', 'content-length': '255', 'connection': 'close', 'date': 'Fri, 22 Jan 2016 09:53:44 GMT', 'content-type': 'application/json; charset=UTF-8', 'x-openstack-request-id': 'req-cc28331e-bab6-4e42-a9cf-df1c8bbaefab'}
        Body: {"subnet_id": "560b09b1-5cca-4995-9419-df9c6a7781b1", "tenant_id": "5fc087b6c00943d9bde6a93023e8414e", "subnet_ids": ["560b09b1-5cca-4995-9419-df9c6a7781b1"], "port_id": "1eee911c-7000-48d8-97bf-150d6ca62733", "id": "420dbdeb-8be4-4f09-854f-3ec5c517bdd1"}
2016-01-22 09:53:44,972 14129 INFO     [tempest_lib.common.rest_client] Request (TestNetworkBasicOps:_run_cleanups): 204 DELETE http://10.4.1.3:9696/v2.0/subnets/560b09b1-5cca-4995-9419-df9c6a7781b1 0.429s
2016-01-22 09:53:44,972 14129 DEBUG    [tempest_lib.common.rest_client] Request - Headers: {'Content-Type': 'application/json', 'Accept': 'application/json', 'X-Auth-Token': '&lt;omitted&gt;'}
        Body: None
    Response - Headers: {'date': 'Fri, 22 Jan 2016 09:53:44 GMT', 'status': '204', 'connection': 'close', 'content-length': '0', 'x-openstack-request-id': 'req-a7840260-10de-4948-aea3-25403a9c723c'}
        Body: 
2016-01-22 09:53:45,027 14129 INFO     [tempest_lib.common.rest_client] Request (TestNetworkBasicOps:_run_cleanups): 200 GET http://10.4.1.3:9696/v2.0/routers/420dbdeb-8be4-4f09-854f-3ec5c517bdd1 0.054s
2016-01-22 09:53:45,027 14129 DEBUG    [tempest_lib.common.rest_client] Request - Headers: {'Content-Type': 'application/json', 'Accept': 'application/json', 'X-Auth-Token': '&lt;omitted&gt;'}
        Body: None
    Response - Headers: {'status': '200', 'content-length': '563', 'content-location': 'http://10.4.1.3:9696/v2.0/routers/420dbdeb-8be4-4f09-854f-3ec5c517bdd1', 'connection': 'close', 'date': 'Fri, 22 Jan 2016 09:53:45 GMT', 'content-type': 'application/json; charset=UTF-8', 'x-openstack-request-id': 'req-413a5b03-204d-4eac-ba3c-5559781b2494'}
        Body: {"router": {"status": "ACTIVE", "external_gateway_info": {"network_id": "64f953e7-d768-4b28-810e-44ab72898980", "enable_snat": true, "external_fixed_ips": [{"subnet_id": "543c5376-05bc-47b7-9276-430545d1f0d4", "ip_address": "172.24.4.3"}, {"subnet_id": "eb315ec5-85d3-445b-ac1f-a66035aeb58f", "ip_address": "2001:db8::3"}]}, "availability_zone_hints": [], "availability_zones": ["nova"], "name": "tempest-router-smoke-125475763", "admin_state_up": true, "tenant_id": "5fc087b6c00943d9bde6a93023e8414e", "routes": [], "id": "420dbdeb-8be4-4f09-854f-3ec5c517bdd1"}}
2016-01-22 09:53:45,492 14129 INFO     [tempest_lib.common.rest_client] Request (TestNetworkBasicOps:_run_cleanups): 200 PUT http://10.4.1.3:9696/v2.0/routers/420dbdeb-8be4-4f09-854f-3ec5c517bdd1 0.463s
2016-01-22 09:53:45,492 14129 DEBUG    [tempest_lib.common.rest_client] Request - Headers: {'Content-Type': 'application/json', 'Accept': 'application/json', 'X-Auth-Token': '&lt;omitted&gt;'}
        Body: {"router": {"external_gateway_info": {}, "name": "tempest-router-smoke-125475763", "admin_state_up": true}}
    Response - Headers: {'status': '200', 'content-length': '301', 'connection': 'close', 'date': 'Fri, 22 Jan 2016 09:53:45 GMT', 'content-type': 'application/json; charset=UTF-8', 'x-openstack-request-id': 'req-cb98fa7f-ed0e-4f46-a4c8-73c87a033fe0'}
        Body: {"router": {"status": "ACTIVE", "external_gateway_info": null, "availability_zone_hints": [], "availability_zones": ["nova"], "name": "tempest-router-smoke-125475763", "admin_state_up": true, "tenant_id": "5fc087b6c00943d9bde6a93023e8414e", "routes": [], "id": "420dbdeb-8be4-4f09-854f-3ec5c517bdd1"}}
2016-01-22 09:53:45,749 14129 INFO     [tempest_lib.common.rest_client] Request (TestNetworkBasicOps:_run_cleanups): 204 DELETE http://10.4.1.3:9696/v2.0/routers/420dbdeb-8be4-4f09-854f-3ec5c517bdd1 0.256s
2016-01-22 09:53:45,749 14129 DEBUG    [tempest_lib.common.rest_client] Request - Headers: {'Content-Type': 'application/json', 'Accept': 'application/json', 'X-Auth-Token': '&lt;omitted&gt;'}
        Body: None
    Response - Headers: {'date': 'Fri, 22 Jan 2016 09:53:45 GMT', 'status': '204', 'connection': 'close', 'content-length': '0', 'x-openstack-request-id': 'req-942f0120-5353-4100-b36d-b06107788082'}
        Body: 
2016-01-22 09:53:46,069 14129 INFO     [tempest_lib.common.rest_client] Request (TestNetworkBasicOps:_run_cleanups): 204 DELETE http://10.4.1.3:9696/v2.0/networks/511c40fc-2c10-4dcd-8680-5e0122aa4628 0.318s
2016-01-22 09:53:46,069 14129 DEBUG    [tempest_lib.common.rest_client] Request - Headers: {'Content-Type': 'application/json', 'Accept': 'application/json', 'X-Auth-Token': '&lt;omitted&gt;'}
        Body: None
    Response - Headers: {'date': 'Fri, 22 Jan 2016 09:53:46 GMT', 'status': '204', 'connection': 'close', 'content-length': '0', 'x-openstack-request-id': 'req-06223d59-bbe6-4f9b-8054-cfeac88777c4'}
        Body: 
2016-01-22 09:53:46,136 14129 INFO     [tempest_lib.common.rest_client] Request (TestNetworkBasicOps:_run_cleanups): 204 DELETE http://10.4.1.3:9696/v2.0/security-group-rules/400f31b2-89c7-4243-bef7-cc45e1b712f4 0.066s
2016-01-22 09:53:46,136 14129 DEBUG    [tempest_lib.common.rest_client] Request - Headers: {'Content-Type': 'application/json', 'Accept': 'application/json', 'X-Auth-Token': '&lt;omitted&gt;'}
        Body: None
    Response - Headers: {'date': 'Fri, 22 Jan 2016 09:53:46 GMT', 'status': '204', 'connection': 'close', 'content-length': '0', 'x-openstack-request-id': 'req-769ed251-95bb-4d05-8d2e-f486eeb1aa2f'}
        Body: 
2016-01-22 09:53:46,205 14129 INFO     [tempest_lib.common.rest_client] Request (TestNetworkBasicOps:_run_cleanups): 204 DELETE http://10.4.1.3:9696/v2.0/security-group-rules/bab32b39-7d55-4f83-9608-9e20bb2d3021 0.067s
2016-01-22 09:53:46,206 14129 DEBUG    [tempest_lib.common.rest_client] Request - Headers: {'Content-Type': 'application/json', 'Accept': 'application/json', 'X-Auth-Token': '&lt;omitted&gt;'}
        Body: None
    Response - Headers: {'date': 'Fri, 22 Jan 2016 09:53:46 GMT', 'status': '204', 'connection': 'close', 'content-length': '0', 'x-openstack-request-id': 'req-984646cb-fc86-4fbf-ad4d-3c407299fbeb'}
        Body: 
2016-01-22 09:53:46,269 14129 INFO     [tempest_lib.common.rest_client] Request (TestNetworkBasicOps:_run_cleanups): 204 DELETE http://10.4.1.3:9696/v2.0/security-group-rules/f3af9a4f-0966-4922-9c7c-973795f0b30c 0.062s
2016-01-22 09:53:46,269 14129 DEBUG    [tempest_lib.common.rest_client] Request - Headers: {'Content-Type': 'application/json', 'Accept': 'application/json', 'X-Auth-Token': '&lt;omitted&gt;'}
        Body: None
    Response - Headers: {'date': 'Fri, 22 Jan 2016 09:53:46 GMT', 'status': '204', 'connection': 'close', 'content-length': '0', 'x-openstack-request-id': 'req-076dc163-8480-4bd2-b565-9a91280b3088'}
        Body: 
2016-01-22 09:53:46,343 14129 INFO     [tempest_lib.common.rest_client] Request (TestNetworkBasicOps:_run_cleanups): 204 DELETE http://10.4.1.3:9696/v2.0/security-group-rules/8edf4492-af3e-4a4a-a1f9-558c256942f3 0.072s
2016-01-22 09:53:46,343 14129 DEBUG    [tempest_lib.common.rest_client] Request - Headers: {'Content-Type': 'application/json', 'Accept': 'application/json', 'X-Auth-Token': '&lt;omitted&gt;'}
        Body: None
    Response - Headers: {'date': 'Fri, 22 Jan 2016 09:53:46 GMT', 'status': '204', 'connection': 'close', 'content-length': '0', 'x-openstack-request-id': 'req-2cce2e89-fd2e-4005-a159-d11afe9797eb'}
        Body: 
2016-01-22 09:53:46,410 14129 INFO     [tempest_lib.common.rest_client] Request (TestNetworkBasicOps:_run_cleanups): 204 DELETE http://10.4.1.3:9696/v2.0/security-group-rules/232da591-65ed-4889-9da1-72a6db744051 0.065s
2016-01-22 09:53:46,410 14129 DEBUG    [tempest_lib.common.rest_client] Request - Headers: {'Content-Type': 'application/json', 'Accept': 'application/json', 'X-Auth-Token': '&lt;omitted&gt;'}
        Body: None
    Response - Headers: {'date': 'Fri, 22 Jan 2016 09:53:46 GMT', 'status': '204', 'connection': 'close', 'content-length': '0', 'x-openstack-request-id': 'req-3abdfc6e-f9ee-436e-a83e-1704d644f7b9'}
        Body: 
2016-01-22 09:53:46,473 14129 INFO     [tempest_lib.common.rest_client] Request (TestNetworkBasicOps:_run_cleanups): 204 DELETE http://10.4.1.3:9696/v2.0/security-group-rules/6aa52fa1-2e3a-439a-97d4-f5a921dacdf6 0.062s
