<?xml version="1.0" encoding="UTF-8"?>
<!DOCTYPE html PUBLIC "-//W3C//DTD XHTML 1.0 Strict//EN"
     "http://www.w3.org/TR/xhtml1/DTD/xhtml1-strict.dtd">
<html xmlns="http://www.w3.org/1999/xhtml">
<head>
    <title>Unit Test Report</title>
    <meta name="generator" content="subunit2html 0.1"/>
    <meta http-equiv="Content-Type" content="text/html; charset=UTF-8"/>
    
<style type="text/css" media="screen">
body        { font-family: verdana, arial, helvetica, sans-serif;
    font-size: 80%; }
table       { font-size: 100%; width: 100%;}
pre         { font-size: 80%; }

/* -- heading -------------------------------------------------------------- */
h1 {
        font-size: 16pt;
        color: gray;
}
.heading {
    margin-top: 0ex;
    margin-bottom: 1ex;
}

.heading .attribute {
    margin-top: 1ex;
    margin-bottom: 0;
}

.heading .description {
    margin-top: 4ex;
    margin-bottom: 6ex;
}

/* -- css div popup -------------------------------------------------------- */
a.popup_link {
}

a.popup_link:hover {
    color: red;
}

.popup_window {
    display: none;
    overflow-x: scroll;
    /*border: solid #627173 1px; */
    padding: 10px;
    background-color: #E6E6D6;
    font-family: "Ubuntu Mono", "Lucida Console", "Courier New", monospace;
    text-align: left;
    font-size: 8pt;
}

}
/* -- report --------------------------------------------------------------- */
#show_detail_line {
    margin-top: 3ex;
    margin-bottom: 1ex;
}
#result_table {
    width: 100%;
    border-collapse: collapse;
    border: 1px solid #777;
}
#header_row {
    font-weight: bold;
    color: white;
    background-color: #777;
}
#result_table td {
    border: 1px solid #777;
    padding: 2px;
}
#total_row  { font-weight: bold; }
.passClass  { background-color: #6c6; }
.failClass  { background-color: #c60; }
.errorClass { background-color: #c00; }
.passCase   { color: #6c6; }
.failCase   { color: #c60; font-weight: bold; }
.errorCase  { color: #c00; font-weight: bold; }
.hiddenRow  { display: none; }
.testcase   { margin-left: 2em; }
td.testname {width: 40%}
td.small {width: 40px}

/* -- ending --------------------------------------------------------------- */
#ending {
}

</style>

</head>
<body>
<script language="javascript" type="text/javascript"><!--
output_list = Array();

/* level - 0:Summary; 1:Failed; 2:All */
function showCase(level) {
    trs = document.getElementsByTagName("tr");
    for (var i = 0; i < trs.length; i++) {
        tr = trs[i];
        id = tr.id;
        if (id.substr(0,2) == 'ft') {
            if (level < 1) {
                tr.className = 'hiddenRow';
            }
            else {
                tr.className = '';
            }
        }
        if (id.substr(0,2) == 'pt') {
            if (level > 1) {
                tr.className = '';
            }
            else {
                tr.className = 'hiddenRow';
            }
        }
    }
}


function showClassDetail(cid, count) {
    var id_list = Array(count);
    var toHide = 1;
    for (var i = 0; i < count; i++) {
        tid0 = 't' + cid.substr(1) + '.' + (i+1);
        tid = 'f' + tid0;
        tr = document.getElementById(tid);
        if (!tr) {
            tid = 'p' + tid0;
            tr = document.getElementById(tid);
        }
        id_list[i] = tid;
        if (tr.className) {
            toHide = 0;
        }
    }
    for (var i = 0; i < count; i++) {
        tid = id_list[i];
        if (toHide) {
            document.getElementById('div_'+tid).style.display = 'none'
            document.getElementById(tid).className = 'hiddenRow';
        }
        else {
            document.getElementById(tid).className = '';
        }
    }
}


function showTestDetail(div_id){
    var details_div = document.getElementById(div_id)
    var displayState = details_div.style.display
    // alert(displayState)
    if (displayState != 'block' ) {
        displayState = 'block'
        details_div.style.display = 'block'
    }
    else {
        details_div.style.display = 'none'
    }
}


function html_escape(s) {
    s = s.replace(/&/g,'&amp;');
    s = s.replace(/</g,'&lt;');
    s = s.replace(/>/g,'&gt;');
    return s;
}

/* obsoleted by detail in <div>
function showOutput(id, name) {
    var w = window.open("", //url
                    name,
                    "resizable,scrollbars,status,width=800,height=450");
    d = w.document;
    d.write("<pre>");
    d.write(html_escape(output_list[id]));
    d.write("\n");
    d.write("<a href='javascript:window.close()'>close</a>\n");
    d.write("</pre>\n");
    d.close();
}
*/
--></script>

<div class='heading'>
<h1>Unit Test Report</h1>

<p class='attribute'><strong>Status:</strong> Pass 7 Failure 1 Skip 1</p>

<p class='description'></p>
</div>



<p id='show_detail_line'>Show
<a href='javascript:showCase(0)'>Summary</a>
<a href='javascript:showCase(1)'>Failed</a>
<a href='javascript:showCase(2)'>All</a>
</p>
<table id='result_table'>
<colgroup>
<col align='left' />
<col align='right' />
<col align='right' />
<col align='right' />
<col align='right' />
<col align='right' />
<col align='right' />
<col align='right' />
</colgroup>
<tr id='header_row'>
    <td>Test Group/Test case</td>
    <td>Count</td>
    <td>Pass</td>
    <td>Fail</td>
    <td>Error</td>
    <td>Skip</td>
    <td>View</td>
    <td> </td>
</tr>

<tr class='failClass'>
    <td class="testname">tempest.scenario.test_network_basic_ops.TestNetworkBasicOps</td>
    <td class="small">9</td>
    <td class="small">7</td>
    <td class="small">1</td>
    <td class="small">0</td>
    <td class="small">1</td>
    <td class="small"><a href="javascript:showClassDetail('c1',9)"
>Detail</a></td>
    <td> </td>
</tr>

<tr id='pt1.1' class='hiddenRow'>
    <td class='none'><div class='testcase'>test_connectivity_between_vms_on_different_networks[compute,id-1546850e-fbaa-42f5-8b5f-03d8a6a95f15,network]</div></td>
    <td colspan='7' align='left'>

    <!--css div popup start-->
    <a class="popup_link" onfocus='this.blur();'
    href="javascript:showTestDetail('div_pt1.1')" >
        pass</a>

    <div id='div_pt1.1' class="popup_window">
        <div style='text-align: right; color:red;cursor:pointer'>
        <a onfocus='this.blur();'
onclick="document.getElementById('div_pt1.1').style.display = 'none' " >
           [x]</a>
        </div>
        <pre>
        
pt1.1: tempest.scenario.test_network_basic_ops.TestNetworkBasicOps.test_connectivity_between_vms_on_different_networks[compute,id-1546850e-fbaa-42f5-8b5f-03d8a6a95f15,network]

        </pre>
    </div>
    <!--css div popup end-->

    </td>
</tr>

<tr id='pt1.2' class='hiddenRow'>
    <td class='none'><div class='testcase'>test_hotplug_nic[compute,id-c5adff73-e961-41f1-b4a9-343614f18cfa,network]</div></td>
    <td colspan='7' align='left'>

    <!--css div popup start-->
    <a class="popup_link" onfocus='this.blur();'
    href="javascript:showTestDetail('div_pt1.2')" >
        pass</a>

    <div id='div_pt1.2' class="popup_window">
        <div style='text-align: right; color:red;cursor:pointer'>
        <a onfocus='this.blur();'
onclick="document.getElementById('div_pt1.2').style.display = 'none' " >
           [x]</a>
        </div>
        <pre>
        
pt1.2: tempest.scenario.test_network_basic_ops.TestNetworkBasicOps.test_hotplug_nic[compute,id-c5adff73-e961-41f1-b4a9-343614f18cfa,network]

        </pre>
    </div>
    <!--css div popup end-->

    </td>
</tr>

<tr id='pt1.3' class='hiddenRow'>
    <td class='none'><div class='testcase'>test_network_basic_ops[compute,id-f323b3ba-82f8-4db7-8ea6-6a895869ec49,network,smoke]</div></td>
    <td colspan='7' align='left'>

    <!--css div popup start-->
    <a class="popup_link" onfocus='this.blur();'
    href="javascript:showTestDetail('div_pt1.3')" >
        pass</a>

    <div id='div_pt1.3' class="popup_window">
        <div style='text-align: right; color:red;cursor:pointer'>
        <a onfocus='this.blur();'
onclick="document.getElementById('div_pt1.3').style.display = 'none' " >
           [x]</a>
        </div>
        <pre>
        
pt1.3: tempest.scenario.test_network_basic_ops.TestNetworkBasicOps.test_network_basic_ops[compute,id-f323b3ba-82f8-4db7-8ea6-6a895869ec49,network,smoke]

        </pre>
    </div>
    <!--css div popup end-->

    </td>
</tr>

<tr id='pt1.4' class='hiddenRow'>
    <td class='none'><div class='testcase'>test_port_security_macspoofing_port[compute,id-7c0bb1a2-d053-49a4-98f9-ca1a1d849f63,network]</div></td>
    <td colspan='7' align='left'>

    <!--css div popup start-->
    <a class="popup_link" onfocus='this.blur();'
    href="javascript:showTestDetail('div_pt1.4')" >
        pass</a>

    <div id='div_pt1.4' class="popup_window">
        <div style='text-align: right; color:red;cursor:pointer'>
        <a onfocus='this.blur();'
onclick="document.getElementById('div_pt1.4').style.display = 'none' " >
           [x]</a>
        </div>
        <pre>
        
pt1.4: tempest.scenario.test_network_basic_ops.TestNetworkBasicOps.test_port_security_macspoofing_port[compute,id-7c0bb1a2-d053-49a4-98f9-ca1a1d849f63,network]

        </pre>
    </div>
    <!--css div popup end-->

    </td>
</tr>

<tr id='pt1.5' class='hiddenRow'>
    <td class='none'><div class='testcase'>test_preserve_preexisting_port[compute,id-759462e1-8535-46b0-ab3a-33aa45c55aaa,network]</div></td>
    <td colspan='7' align='left'>

    <!--css div popup start-->
    <a class="popup_link" onfocus='this.blur();'
    href="javascript:showTestDetail('div_pt1.5')" >
        pass</a>

    <div id='div_pt1.5' class="popup_window">
        <div style='text-align: right; color:red;cursor:pointer'>
        <a onfocus='this.blur();'
onclick="document.getElementById('div_pt1.5').style.display = 'none' " >
           [x]</a>
        </div>
        <pre>
        
pt1.5: tempest.scenario.test_network_basic_ops.TestNetworkBasicOps.test_preserve_preexisting_port[compute,id-759462e1-8535-46b0-ab3a-33aa45c55aaa,network]

        </pre>
    </div>
    <!--css div popup end-->

    </td>
</tr>

<tr id='pt1.6' class='hiddenRow'>
    <td class='none'><div class='testcase'>test_router_rescheduling[compute,id-2e788c46-fb3f-4ac9-8f82-0561555bea73,network]</div></td>
    <td colspan='7' align='left'>

    <!--css div popup start-->
    <a class="popup_link" onfocus='this.blur();'
    href="javascript:showTestDetail('div_pt1.6')" >
        skip</a>

    <div id='div_pt1.6' class="popup_window">
        <div style='text-align: right; color:red;cursor:pointer'>
        <a onfocus='this.blur();'
onclick="document.getElementById('div_pt1.6').style.display = 'none' " >
           [x]</a>
        </div>
        <pre>
        
pt1.6: tempest.scenario.test_network_basic_ops.TestNetworkBasicOps.test_router_rescheduling[compute,id-2e788c46-fb3f-4ac9-8f82-0561555bea73,network]

        </pre>
    </div>
    <!--css div popup end-->

    </td>
</tr>

<tr id='pt1.7' class='hiddenRow'>
    <td class='none'><div class='testcase'>test_subnet_details[compute,id-d8bb918e-e2df-48b2-97cd-b73c95450980,network]</div></td>
    <td colspan='7' align='left'>

    <!--css div popup start-->
    <a class="popup_link" onfocus='this.blur();'
    href="javascript:showTestDetail('div_pt1.7')" >
        pass</a>

    <div id='div_pt1.7' class="popup_window">
        <div style='text-align: right; color:red;cursor:pointer'>
        <a onfocus='this.blur();'
onclick="document.getElementById('div_pt1.7').style.display = 'none' " >
           [x]</a>
        </div>
        <pre>
        
pt1.7: tempest.scenario.test_network_basic_ops.TestNetworkBasicOps.test_subnet_details[compute,id-d8bb918e-e2df-48b2-97cd-b73c95450980,network]

        </pre>
    </div>
    <!--css div popup end-->

    </td>
</tr>

<tr id='ft1.8' class='none'>
    <td class='failCase'><div class='testcase'>test_update_instance_port_admin_state[compute,id-f5dfcc22-45fd-409f-954c-5bd500d7890b,network]</div></td>
    <td colspan='7' align='left'>

    <!--css div popup start-->
    <a class="popup_link" onfocus='this.blur();'
    href="javascript:showTestDetail('div_ft1.8')" >
        fail</a>

    <div id='div_ft1.8' class="popup_window">
        <div style='text-align: right; color:red;cursor:pointer'>
        <a onfocus='this.blur();'
onclick="document.getElementById('div_ft1.8').style.display = 'none' " >
           [x]</a>
        </div>
        <pre>
        
ft1.8: tempest.scenario.test_network_basic_ops.TestNetworkBasicOps.test_update_instance_port_admin_state[compute,id-f5dfcc22-45fd-409f-954c-5bd500d7890b,network]_StringException: Empty attachments:
  stderr
  stdout

pythonlogging:'': {{{
2016-02-18 11:54:42,300 26332 INFO     [tempest_lib.common.rest_client] Request (TestNetworkBasicOps:test_update_instance_port_admin_state): 201 POST http://10.4.1.3:9696/v2.0/security-groups 0.277s
2016-02-18 11:54:42,301 26332 DEBUG    [tempest_lib.common.rest_client] Request - Headers: {'Content-Type': 'application/json', 'Accept': 'application/json', 'X-Auth-Token': '&lt;omitted&gt;'}
        Body: {"security_group": {"tenant_id": "906eb2f58c9d4c58975551a69d2391eb", "description": "tempest-secgroup-smoke-1467878811 description", "name": "tempest-secgroup-smoke-1467878811"}}
    Response - Headers: {'status': '201', 'content-length': '888', 'connection': 'close', 'date': 'Thu, 18 Feb 2016 11:54:42 GMT', 'content-type': 'application/json; charset=UTF-8', 'x-openstack-request-id': 'req-2bbf07c8-e163-4356-b0ff-8aca40340bc1'}
        Body: {"security_group": {"tenant_id": "906eb2f58c9d4c58975551a69d2391eb", "description": "tempest-secgroup-smoke-1467878811 description", "id": "3413183e-e258-4c7b-93cb-804597427919", "security_group_rules": [{"remote_group_id": null, "direction": "egress", "remote_ip_prefix": null, "protocol": null, "ethertype": "IPv4", "tenant_id": "906eb2f58c9d4c58975551a69d2391eb", "port_range_max": null, "port_range_min": null, "id": "0b8e7f4c-ea26-4e08-94c1-c436a81c77ab", "security_group_id": "3413183e-e258-4c7b-93cb-804597427919"}, {"remote_group_id": null, "direction": "egress", "remote_ip_prefix": null, "protocol": null, "ethertype": "IPv6", "tenant_id": "906eb2f58c9d4c58975551a69d2391eb", "port_range_max": null, "port_range_min": null, "id": "66544bc2-4788-47e9-9102-6eb558a6e39a", "security_group_id": "3413183e-e258-4c7b-93cb-804597427919"}], "name": "tempest-secgroup-smoke-1467878811"}}
2016-02-18 11:54:42,617 26332 INFO     [tempest_lib.common.rest_client] Request (TestNetworkBasicOps:test_update_instance_port_admin_state): 201 POST http://10.4.1.3:9696/v2.0/security-group-rules 0.315s
2016-02-18 11:54:42,618 26332 DEBUG    [tempest_lib.common.rest_client] Request - Headers: {'Content-Type': 'application/json', 'Accept': 'application/json', 'X-Auth-Token': '&lt;omitted&gt;'}
        Body: {"security_group_rule": {"direction": "ingress", "protocol": "tcp", "tenant_id": "906eb2f58c9d4c58975551a69d2391eb", "port_range_max": 22, "security_group_id": "3413183e-e258-4c7b-93cb-804597427919", "port_range_min": 22}}
    Response - Headers: {'status': '201', 'content-length': '340', 'connection': 'close', 'date': 'Thu, 18 Feb 2016 11:54:42 GMT', 'content-type': 'application/json; charset=UTF-8', 'x-openstack-request-id': 'req-e684bb45-52fd-43f3-8141-50b89d46685d'}
        Body: {"security_group_rule": {"remote_group_id": null, "direction": "ingress", "remote_ip_prefix": null, "protocol": "tcp", "ethertype": "IPv4", "tenant_id": "906eb2f58c9d4c58975551a69d2391eb", "port_range_max": 22, "port_range_min": 22, "id": "57744885-f72d-4a38-a42b-98dae9b6842d", "security_group_id": "3413183e-e258-4c7b-93cb-804597427919"}}
2016-02-18 11:54:42,960 26332 INFO     [tempest_lib.common.rest_client] Request (TestNetworkBasicOps:test_update_instance_port_admin_state): 201 POST http://10.4.1.3:9696/v2.0/security-group-rules 0.341s
2016-02-18 11:54:42,961 26332 DEBUG    [tempest_lib.common.rest_client] Request - Headers: {'Content-Type': 'application/json', 'Accept': 'application/json', 'X-Auth-Token': '&lt;omitted&gt;'}
        Body: {"security_group_rule": {"direction": "egress", "protocol": "tcp", "tenant_id": "906eb2f58c9d4c58975551a69d2391eb", "port_range_max": 22, "security_group_id": "3413183e-e258-4c7b-93cb-804597427919", "port_range_min": 22}}
    Response - Headers: {'status': '201', 'content-length': '339', 'connection': 'close', 'date': 'Thu, 18 Feb 2016 11:54:42 GMT', 'content-type': 'application/json; charset=UTF-8', 'x-openstack-request-id': 'req-c5459eb3-41e6-4167-80bd-5d4ea6fab895'}
        Body: {"security_group_rule": {"remote_group_id": null, "direction": "egress", "remote_ip_prefix": null, "protocol": "tcp", "ethertype": "IPv4", "tenant_id": "906eb2f58c9d4c58975551a69d2391eb", "port_range_max": 22, "port_range_min": 22, "id": "5d06b8b9-22a1-463a-ae6c-3f7dd44d2864", "security_group_id": "3413183e-e258-4c7b-93cb-804597427919"}}
2016-02-18 11:54:43,299 26332 INFO     [tempest_lib.common.rest_client] Request (TestNetworkBasicOps:test_update_instance_port_admin_state): 201 POST http://10.4.1.3:9696/v2.0/security-group-rules 0.336s
2016-02-18 11:54:43,300 26332 DEBUG    [tempest_lib.common.rest_client] Request - Headers: {'Content-Type': 'application/json', 'Accept': 'application/json', 'X-Auth-Token': '&lt;omitted&gt;'}
        Body: {"security_group_rule": {"tenant_id": "906eb2f58c9d4c58975551a69d2391eb", "direction": "ingress", "protocol": "icmp", "security_group_id": "3413183e-e258-4c7b-93cb-804597427919"}}
    Response - Headers: {'status': '201', 'content-length': '345', 'connection': 'close', 'date': 'Thu, 18 Feb 2016 11:54:43 GMT', 'content-type': 'application/json; charset=UTF-8', 'x-openstack-request-id': 'req-05552bc2-b2e3-4178-8def-78d6d883ed2b'}
        Body: {"security_group_rule": {"remote_group_id": null, "direction": "ingress", "remote_ip_prefix": null, "protocol": "icmp", "ethertype": "IPv4", "tenant_id": "906eb2f58c9d4c58975551a69d2391eb", "port_range_max": null, "port_range_min": null, "id": "6190a5eb-af2d-4642-b557-1a4a8f3baac3", "security_group_id": "3413183e-e258-4c7b-93cb-804597427919"}}
2016-02-18 11:54:43,612 26332 INFO     [tempest_lib.common.rest_client] Request (TestNetworkBasicOps:test_update_instance_port_admin_state): 201 POST http://10.4.1.3:9696/v2.0/security-group-rules 0.312s
2016-02-18 11:54:43,613 26332 DEBUG    [tempest_lib.common.rest_client] Request - Headers: {'Content-Type': 'application/json', 'Accept': 'application/json', 'X-Auth-Token': '&lt;omitted&gt;'}
        Body: {"security_group_rule": {"tenant_id": "906eb2f58c9d4c58975551a69d2391eb", "direction": "egress", "protocol": "icmp", "security_group_id": "3413183e-e258-4c7b-93cb-804597427919"}}
    Response - Headers: {'status': '201', 'content-length': '344', 'connection': 'close', 'date': 'Thu, 18 Feb 2016 11:54:43 GMT', 'content-type': 'application/json; charset=UTF-8', 'x-openstack-request-id': 'req-676b8c63-b8e5-4d84-8755-ad453909f7e5'}
        Body: {"security_group_rule": {"remote_group_id": null, "direction": "egress", "remote_ip_prefix": null, "protocol": "icmp", "ethertype": "IPv4", "tenant_id": "906eb2f58c9d4c58975551a69d2391eb", "port_range_max": null, "port_range_min": null, "id": "70c8198b-4c48-43bd-bd0e-2a3910bb78d7", "security_group_id": "3413183e-e258-4c7b-93cb-804597427919"}}
2016-02-18 11:54:43,960 26332 INFO     [tempest_lib.common.rest_client] Request (TestNetworkBasicOps:test_update_instance_port_admin_state): 201 POST http://10.4.1.3:9696/v2.0/security-group-rules 0.345s
2016-02-18 11:54:43,960 26332 DEBUG    [tempest_lib.common.rest_client] Request - Headers: {'Content-Type': 'application/json', 'Accept': 'application/json', 'X-Auth-Token': '&lt;omitted&gt;'}
        Body: {"security_group_rule": {"tenant_id": "906eb2f58c9d4c58975551a69d2391eb", "direction": "ingress", "security_group_id": "3413183e-e258-4c7b-93cb-804597427919", "protocol": "icmp", "ethertype": "IPv6"}}
    Response - Headers: {'status': '201', 'content-length': '345', 'connection': 'close', 'date': 'Thu, 18 Feb 2016 11:54:43 GMT', 'content-type': 'application/json; charset=UTF-8', 'x-openstack-request-id': 'req-d78ed4c5-7f2a-490b-8868-b0b74864dcb3'}
        Body: {"security_group_rule": {"remote_group_id": null, "direction": "ingress", "remote_ip_prefix": null, "protocol": "icmp", "ethertype": "IPv6", "tenant_id": "906eb2f58c9d4c58975551a69d2391eb", "port_range_max": null, "port_range_min": null, "id": "a1bb6f18-eed8-46fc-ad69-2738b2dd80c7", "security_group_id": "3413183e-e258-4c7b-93cb-804597427919"}}
2016-02-18 11:54:44,292 26332 INFO     [tempest_lib.common.rest_client] Request (TestNetworkBasicOps:test_update_instance_port_admin_state): 201 POST http://10.4.1.3:9696/v2.0/security-group-rules 0.330s
2016-02-18 11:54:44,293 26332 DEBUG    [tempest_lib.common.rest_client] Request - Headers: {'Content-Type': 'application/json', 'Accept': 'application/json', 'X-Auth-Token': '&lt;omitted&gt;'}
        Body: {"security_group_rule": {"tenant_id": "906eb2f58c9d4c58975551a69d2391eb", "direction": "egress", "security_group_id": "3413183e-e258-4c7b-93cb-804597427919", "protocol": "icmp", "ethertype": "IPv6"}}
    Response - Headers: {'status': '201', 'content-length': '344', 'connection': 'close', 'date': 'Thu, 18 Feb 2016 11:54:44 GMT', 'content-type': 'application/json; charset=UTF-8', 'x-openstack-request-id': 'req-f01b6693-9832-45e1-89e1-76ada308f57e'}
        Body: {"security_group_rule": {"remote_group_id": null, "direction": "egress", "remote_ip_prefix": null, "protocol": "icmp", "ethertype": "IPv6", "tenant_id": "906eb2f58c9d4c58975551a69d2391eb", "port_range_max": null, "port_range_min": null, "id": "dbb13be8-a417-4908-b718-f2d447ede50d", "security_group_id": "3413183e-e258-4c7b-93cb-804597427919"}}
2016-02-18 11:54:44,762 26332 INFO     [tempest_lib.common.rest_client] Request (TestNetworkBasicOps:test_update_instance_port_admin_state): 201 POST http://10.4.1.3:9696/v2.0/networks 0.467s
2016-02-18 11:54:44,763 26332 DEBUG    [tempest_lib.common.rest_client] Request - Headers: {'Content-Type': 'application/json', 'Accept': 'application/json', 'X-Auth-Token': '&lt;omitted&gt;'}
        Body: {"network": {"tenant_id": "906eb2f58c9d4c58975551a69d2391eb", "name": "tempest-network-smoke--1596772699"}}
    Response - Headers: {'status': '201', 'content-length': '356', 'connection': 'close', 'date': 'Thu, 18 Feb 2016 11:54:44 GMT', 'content-type': 'application/json; charset=UTF-8', 'x-openstack-request-id': 'req-9eb13a01-86fc-4fbd-9c5c-f2747de92780'}
        Body: {"network": {"status": "ACTIVE", "subnets": [], "availability_zone_hints": [], "availability_zones": [], "name": "tempest-network-smoke--1596772699", "admin_state_up": true, "tenant_id": "906eb2f58c9d4c58975551a69d2391eb", "mtu": 1450, "router:external": false, "shared": false, "port_security_enabled": true, "id": "e08bde01-de05-47b2-8dca-6d1ef113d4c6"}}
2016-02-18 11:54:45,071 26332 INFO     [tempest_lib.common.rest_client] Request (TestNetworkBasicOps:test_update_instance_port_admin_state): 201 POST http://10.4.1.3:9696/v2.0/routers 0.306s
2016-02-18 11:54:45,071 26332 DEBUG    [tempest_lib.common.rest_client] Request - Headers: {'Content-Type': 'application/json', 'Accept': 'application/json', 'X-Auth-Token': '&lt;omitted&gt;'}
        Body: {"router": {"tenant_id": "906eb2f58c9d4c58975551a69d2391eb", "name": "tempest-router-smoke-1980842831", "admin_state_up": true}}
    Response - Headers: {'status': '201', 'content-length': '296', 'connection': 'close', 'date': 'Thu, 18 Feb 2016 11:54:45 GMT', 'content-type': 'application/json; charset=UTF-8', 'x-openstack-request-id': 'req-22826ec9-82ca-4e2a-9c31-3373a3d6cc98'}
        Body: {"router": {"status": "ACTIVE", "external_gateway_info": null, "availability_zone_hints": [], "availability_zones": [], "name": "tempest-router-smoke-1980842831", "admin_state_up": true, "tenant_id": "906eb2f58c9d4c58975551a69d2391eb", "routes": [], "id": "4fed93a9-66a6-453d-a151-1a35e7678983"}}
2016-02-18 11:54:45,329 26332 INFO     [tempest_lib.common.rest_client] Request (TestNetworkBasicOps:test_update_instance_port_admin_state): 200 GET http://10.4.1.3:9696/v2.0/routers/4fed93a9-66a6-453d-a151-1a35e7678983 0.257s
2016-02-18 11:54:45,330 26332 DEBUG    [tempest_lib.common.rest_client] Request - Headers: {'Content-Type': 'application/json', 'Accept': 'application/json', 'X-Auth-Token': '&lt;omitted&gt;'}
        Body: None
    Response - Headers: {'status': '200', 'content-length': '296', 'content-location': 'http://10.4.1.3:9696/v2.0/routers/4fed93a9-66a6-453d-a151-1a35e7678983', 'connection': 'close', 'date': 'Thu, 18 Feb 2016 11:54:45 GMT', 'content-type': 'application/json; charset=UTF-8', 'x-openstack-request-id': 'req-3c0374d2-9d79-4db2-8ab2-c21731078331'}
        Body: {"router": {"status": "ACTIVE", "external_gateway_info": null, "availability_zone_hints": [], "availability_zones": [], "name": "tempest-router-smoke-1980842831", "admin_state_up": true, "tenant_id": "906eb2f58c9d4c58975551a69d2391eb", "routes": [], "id": "4fed93a9-66a6-453d-a151-1a35e7678983"}}
2016-02-18 11:54:46,427 26332 INFO     [tempest_lib.common.rest_client] Request (TestNetworkBasicOps:test_update_instance_port_admin_state): 200 PUT http://10.4.1.3:9696/v2.0/routers/4fed93a9-66a6-453d-a151-1a35e7678983 1.096s
2016-02-18 11:54:46,428 26332 DEBUG    [tempest_lib.common.rest_client] Request - Headers: {'Content-Type': 'application/json', 'Accept': 'application/json', 'X-Auth-Token': '&lt;omitted&gt;'}
        Body: {"router": {"external_gateway_info": {"network_id": "7b1b72d7-b122-4c80-8edd-b166139ec499"}, "name": "tempest-router-smoke-1980842831", "admin_state_up": true}}
    Response - Headers: {'status': '200', 'content-length': '559', 'connection': 'close', 'date': 'Thu, 18 Feb 2016 11:54:46 GMT', 'content-type': 'application/json; charset=UTF-8', 'x-openstack-request-id': 'req-f0e70c0f-6446-4d63-8dbb-3a7541c03af4'}
        Body: {"router": {"status": "ACTIVE", "external_gateway_info": {"network_id": "7b1b72d7-b122-4c80-8edd-b166139ec499", "enable_snat": true, "external_fixed_ips": [{"subnet_id": "f5c32777-9c50-44c0-bb5b-6ccabb0dd834", "ip_address": "172.24.4.15"}, {"subnet_id": "531f0bc2-0e65-48fd-9198-a202d04e5d02", "ip_address": "2001:db8::f"}]}, "availability_zone_hints": [], "availability_zones": [], "name": "tempest-router-smoke-1980842831", "admin_state_up": true, "tenant_id": "906eb2f58c9d4c58975551a69d2391eb", "routes": [], "id": "4fed93a9-66a6-453d-a151-1a35e7678983"}}
2016-02-18 11:54:46,709 26332 INFO     [tempest_lib.common.rest_client] Request (TestNetworkBasicOps:test_update_instance_port_admin_state): 200 GET http://10.4.1.3:9696/v2.0/subnets?tenant_id=906eb2f58c9d4c58975551a69d2391eb&amp;cidr=10.100.0.0%2F28 0.280s
2016-02-18 11:54:46,710 26332 DEBUG    [tempest_lib.common.rest_client] Request - Headers: {'Content-Type': 'application/json', 'Accept': 'application/json', 'X-Auth-Token': '&lt;omitted&gt;'}
        Body: None
    Response - Headers: {'status': '200', 'content-length': '15', 'content-location': 'http://10.4.1.3:9696/v2.0/subnets?tenant_id=906eb2f58c9d4c58975551a69d2391eb&amp;cidr=10.100.0.0%2F28', 'connection': 'close', 'date': 'Thu, 18 Feb 2016 11:54:46 GMT', 'content-type': 'application/json; charset=UTF-8', 'x-openstack-request-id': 'req-68ac5404-e846-4d18-a1ef-f78ef7c8b903'}
        Body: {"subnets": []}
2016-02-18 11:54:47,247 26332 INFO     [tempest_lib.common.rest_client] Request (TestNetworkBasicOps:test_update_instance_port_admin_state): 201 POST http://10.4.1.3:9696/v2.0/subnets 0.537s
2016-02-18 11:54:47,248 26332 DEBUG    [tempest_lib.common.rest_client] Request - Headers: {'Content-Type': 'application/json', 'Accept': 'application/json', 'X-Auth-Token': '&lt;omitted&gt;'}
        Body: {"subnet": {"ip_version": 4, "tenant_id": "906eb2f58c9d4c58975551a69d2391eb", "cidr": "10.100.0.0/28", "network_id": "e08bde01-de05-47b2-8dca-6d1ef113d4c6", "name": "tempest-subnet-smoke-350635711"}}
    Response - Headers: {'status': '201', 'content-length': '477', 'connection': 'close', 'date': 'Thu, 18 Feb 2016 11:54:47 GMT', 'content-type': 'application/json; charset=UTF-8', 'x-openstack-request-id': 'req-3071739b-10c3-4e37-9357-65ff2f871f94'}
        Body: {"subnet": {"name": "tempest-subnet-smoke-350635711", "enable_dhcp": true, "network_id": "e08bde01-de05-47b2-8dca-6d1ef113d4c6", "tenant_id": "906eb2f58c9d4c58975551a69d2391eb", "dns_nameservers": [], "gateway_ip": "10.100.0.1", "ipv6_ra_mode": null, "allocation_pools": [{"start": "10.100.0.2", "end": "10.100.0.14"}], "host_routes": [], "ip_version": 4, "ipv6_address_mode": null, "cidr": "10.100.0.0/28", "id": "4a4ad649-1516-449e-a706-b63528fc6bb5", "subnetpool_id": null}}
2016-02-18 11:54:48,405 26332 INFO     [tempest_lib.common.rest_client] Request (TestNetworkBasicOps:test_update_instance_port_admin_state): 200 PUT http://10.4.1.3:9696/v2.0/routers/4fed93a9-66a6-453d-a151-1a35e7678983/add_router_interface 1.155s
2016-02-18 11:54:48,406 26332 DEBUG    [tempest_lib.common.rest_client] Request - Headers: {'Content-Type': 'application/json', 'Accept': 'application/json', 'X-Auth-Token': '&lt;omitted&gt;'}
        Body: {"subnet_id": "4a4ad649-1516-449e-a706-b63528fc6bb5"}
    Response - Headers: {'status': '200', 'content-length': '309', 'connection': 'close', 'date': 'Thu, 18 Feb 2016 11:54:48 GMT', 'content-type': 'application/json; charset=UTF-8', 'x-openstack-request-id': 'req-05d4dfff-1fc8-41c0-9ade-900515182caa'}
        Body: {"network_id": "e08bde01-de05-47b2-8dca-6d1ef113d4c6", "tenant_id": "906eb2f58c9d4c58975551a69d2391eb", "subnet_id": "4a4ad649-1516-449e-a706-b63528fc6bb5", "subnet_ids": ["4a4ad649-1516-449e-a706-b63528fc6bb5"], "port_id": "b08e9eb7-64bd-45ff-b867-0724ca455572", "id": "4fed93a9-66a6-453d-a151-1a35e7678983"}
2016-02-18 11:54:48,679 26332 INFO     [tempest_lib.common.rest_client] Request (TestNetworkBasicOps:test_update_instance_port_admin_state): 200 GET http://10.4.1.3:9696/v2.0/networks 0.271s
2016-02-18 11:54:48,680 26332 DEBUG    [tempest_lib.common.rest_client] Request - Headers: {'Content-Type': 'application/json', 'Accept': 'application/json', 'X-Auth-Token': '&lt;omitted&gt;'}
        Body: None
    Response - Headers: {'status': '200', 'content-length': '1537', 'content-location': 'http://10.4.1.3:9696/v2.0/networks', 'connection': 'close', 'date': 'Thu, 18 Feb 2016 11:54:48 GMT', 'content-type': 'application/json; charset=UTF-8', 'x-openstack-request-id': 'req-2954cfbb-b778-45f9-9157-2e165a7e6df3'}
        Body: {"networks": [{"status": "ACTIVE", "subnets": ["2b9e0a40-4b38-4db4-8517-df8a3c1ed014", "7c539634-9719-4ea1-a7a8-0c11684ec65a"], "availability_zone_hints": [], "availability_zones": ["nova"], "name": "private", "provider:physical_network": null, "admin_state_up": true, "tenant_id": "55ae5ce712ce43e0946e58bf9e74872d", "mtu": 1450, "router:external": false, "shared": false, "port_security_enabled": true, "provider:network_type": "vxlan", "id": "fa9a1dca-8359-4497-9489-2eab757c5fc6", "provider:segmentation_id": 1035}, {"status": "ACTIVE", "subnets": ["531f0bc2-0e65-48fd-9198-a202d04e5d02", "f5c32777-9c50-44c0-bb5b-6ccabb0dd834"], "availability_zone_hints": [], "availability_zones": ["nova"], "name": "public", "provider:physical_network": null, "admin_state_up": true, "tenant_id": "f1940df009e544ee88d046d98d5bfa50", "mtu": 1450, "is_default": false, "router:external": true, "shared": false, "port_security_enabled": true, "provider:network_type": "vxlan", "id": "7b1b72d7-b122-4c80-8edd-b166139ec499", "provider:segmentation_id": 1098}, {"status": "ACTIVE", "subnets": ["4a4ad649-1516-449e-a706-b63528fc6bb5"], "availability_zone_hints": [], "availability_zones": ["nova"], "name": "tempest-network-smoke--1596772699", "provider:physical_network": null, "admin_state_up": true, "tenant_id": "906eb2f58c9d4c58975551a69d2391eb", "mtu": 1450, "router:external": false, "shared": false, "port_security_enabled": true, "provider:network_type": "vxlan", "id": "e08bde01-de05-47b2-8dca-6d1ef113d4c6", "provider:segmentation_id": 1096}]}
2016-02-18 11:54:48,927 26332 INFO     [tempest_lib.common.rest_client] Request (TestNetworkBasicOps:test_update_instance_port_admin_state): 200 GET http://10.4.1.3:9696/v2.0/subnets 0.245s
2016-02-18 11:54:48,928 26332 DEBUG    [tempest_lib.common.rest_client] Request - Headers: {'Content-Type': 'application/json', 'Accept': 'application/json', 'X-Auth-Token': '&lt;omitted&gt;'}
        Body: None
    Response - Headers: {'status': '200', 'content-length': '2403', 'content-location': 'http://10.4.1.3:9696/v2.0/subnets', 'connection': 'close', 'date': 'Thu, 18 Feb 2016 11:54:48 GMT', 'content-type': 'application/json; charset=UTF-8', 'x-openstack-request-id': 'req-7f762047-f80d-48f3-b2f6-df2702ad4692'}
        Body: {"subnets": [{"name": "ipv6-private-subnet", "enable_dhcp": true, "network_id": "fa9a1dca-8359-4497-9489-2eab757c5fc6", "tenant_id": "55ae5ce712ce43e0946e58bf9e74872d", "dns_nameservers": [], "gateway_ip": "fd8f:bb65:a46::1", "ipv6_ra_mode": "slaac", "allocation_pools": [{"start": "fd8f:bb65:a46::2", "end": "fd8f:bb65:a46:0:ffff:ffff:ffff:ffff"}], "host_routes": [], "ip_version": 6, "ipv6_address_mode": "slaac", "cidr": "fd8f:bb65:a46::/64", "id": "7c539634-9719-4ea1-a7a8-0c11684ec65a", "subnetpool_id": null}, {"name": "public-subnet", "enable_dhcp": false, "network_id": "7b1b72d7-b122-4c80-8edd-b166139ec499", "tenant_id": "f1940df009e544ee88d046d98d5bfa50", "dns_nameservers": [], "gateway_ip": "172.24.4.1", "ipv6_ra_mode": null, "allocation_pools": [{"start": "172.24.4.2", "end": "172.24.4.254"}], "host_routes": [], "ip_version": 4, "ipv6_address_mode": null, "cidr": "172.24.4.0/24", "id": "f5c32777-9c50-44c0-bb5b-6ccabb0dd834", "subnetpool_id": null}, {"name": "private-subnet", "enable_dhcp": true, "network_id": "fa9a1dca-8359-4497-9489-2eab757c5fc6", "tenant_id": "55ae5ce712ce43e0946e58bf9e74872d", "dns_nameservers": [], "gateway_ip": "10.0.0.1", "ipv6_ra_mode": null, "allocation_pools": [{"start": "10.0.0.2", "end": "10.0.0.254"}], "host_routes": [], "ip_version": 4, "ipv6_address_mode": null, "cidr": "10.0.0.0/24", "id": "2b9e0a40-4b38-4db4-8517-df8a3c1ed014", "subnetpool_id": null}, {"name": "tempest-subnet-smoke-350635711", "enable_dhcp": true, "network_id": "e08bde01-de05-47b2-8dca-6d1ef113d4c6", "tenant_id": "906eb2f58c9d4c58975551a69d2391eb", "dns_nameservers": [], "gateway_ip": "10.100.0.1", "ipv6_ra_mode": null, "allocation_pools": [{"start": "10.100.0.2", "end": "10.100.0.14"}], "host_routes": [], "ip_version": 4, "ipv6_address_mode": null, "cidr": "10.100.0.0/28", "id": "4a4ad649-1516-449e-a706-b63528fc6bb5", "subnetpool_id": null}, {"name": "ipv6-public-subnet", "enable_dhcp": false, "network_id": "7b1b72d7-b122-4c80-8edd-b166139ec499", "tenant_id": "f1940df009e544ee88d046d98d5bfa50", "dns_nameservers": [], "gateway_ip": "2001:db8::2", "ipv6_ra_mode": null, "allocation_pools": [{"start": "2001:db8::1", "end": "2001:db8::1"}, {"start": "2001:db8::3", "end": "2001:db8::ffff:ffff:ffff:ffff"}], "host_routes": [], "ip_version": 6, "ipv6_address_mode": null, "cidr": "2001:db8::/64", "id": "531f0bc2-0e65-48fd-9198-a202d04e5d02", "subnetpool_id": null}]}
2016-02-18 11:54:49,258 26332 INFO     [tempest_lib.common.rest_client] Request (TestNetworkBasicOps:test_update_instance_port_admin_state): 200 GET http://10.4.1.3:9696/v2.0/routers 0.328s
2016-02-18 11:54:49,259 26332 DEBUG    [tempest_lib.common.rest_client] Request - Headers: {'Content-Type': 'application/json', 'Accept': 'application/json', 'X-Auth-Token': '&lt;omitted&gt;'}
        Body: None
    Response - Headers: {'status': '200', 'content-length': '1168', 'content-location': 'http://10.4.1.3:9696/v2.0/routers', 'connection': 'close', 'date': 'Thu, 18 Feb 2016 11:54:49 GMT', 'content-type': 'application/json; charset=UTF-8', 'x-openstack-request-id': 'req-0a1dd4b9-044f-464c-83ed-38408598ce37'}
        Body: {"routers": [{"status": "ACTIVE", "external_gateway_info": {"network_id": "7b1b72d7-b122-4c80-8edd-b166139ec499", "enable_snat": true, "external_fixed_ips": [{"subnet_id": "f5c32777-9c50-44c0-bb5b-6ccabb0dd834", "ip_address": "172.24.4.15"}, {"subnet_id": "531f0bc2-0e65-48fd-9198-a202d04e5d02", "ip_address": "2001:db8::f"}]}, "availability_zone_hints": [], "availability_zones": ["nova"], "name": "tempest-router-smoke-1980842831", "admin_state_up": true, "tenant_id": "906eb2f58c9d4c58975551a69d2391eb", "distributed": false, "routes": [], "ha": false, "id": "4fed93a9-66a6-453d-a151-1a35e7678983"}, {"status": "ACTIVE", "external_gateway_info": {"network_id": "7b1b72d7-b122-4c80-8edd-b166139ec499", "enable_snat": true, "external_fixed_ips": [{"subnet_id": "f5c32777-9c50-44c0-bb5b-6ccabb0dd834", "ip_address": "172.24.4.2"}, {"subnet_id": "531f0bc2-0e65-48fd-9198-a202d04e5d02", "ip_address": "2001:db8::1"}]}, "availability_zone_hints": [], "availability_zones": ["nova"], "name": "router1", "admin_state_up": true, "tenant_id": "55ae5ce712ce43e0946e58bf9e74872d", "distributed": false, "routes": [], "ha": false, "id": "5387ce9f-ac27-4046-abfc-607c8455bcf8"}]}
2016-02-18 11:54:49,591 26332 INFO     [tempest_lib.common.rest_client] Request (TestNetworkBasicOps:test_update_instance_port_admin_state): 200 POST http://10.4.1.3:8774/v2.1/906eb2f58c9d4c58975551a69d2391eb/os-keypairs 0.331s
2016-02-18 11:54:49,592 26332 DEBUG    [tempest_lib.common.rest_client] Request - Headers: {'Content-Type': 'application/json', 'Accept': 'application/json', 'X-Auth-Token': '&lt;omitted&gt;'}
        Body: {"keypair": {"name": "tempest-TestNetworkBasicOps-792751897"}}
    Response - Headers: {'status': '200', 'content-length': '2320', 'x-compute-request-id': 'req-eebf4076-e3ee-4bd6-bc6c-4fcf002c0f6a', 'vary': 'X-OpenStack-Nova-API-Version', 'connection': 'close', 'x-openstack-nova-api-version': '2.1', 'date': 'Thu, 18 Feb 2016 11:54:49 GMT', 'content-type': 'application/json'}
        Body: {"keypair": {"public_key": "ssh-rsa AAAAB3NzaC1yc2EAAAADAQABAAABAQC9czJuvUd3xFrN6s3Nc/JLyD1tBWv5I4UNEH0TZ9MgLjip2JFvgW4hy5veWHCLxDa2lov9Bt3B/UMj1dXaB1ILVkQnwOz0tgG3VJiXRUf6fq8VEngEnw+cNFSW943sbmFq/9AC3ALbu5wbTaUURWAh7Y2ntdJ6oJUZugVrYh46KE2RgoZiC+x/r/fW/wzkbUKG2O39OPE9ACcUha0X4iG3D1cRPAhDyOVai4WsTq673DrIYjI0FszyBHvC2UbXgEONC/ds/eM4wUPZd/K6bWQvoDH4SWs3GdeabdR7W7Ay87mkz22+iYFWoXe7iXUQyUGloP167pN/iij1vJRsBgMl Generated-by-Nova", "private_key": "-----BEGIN RSA PRIVATE KEY-----\nMIIEqAIBAAKCAQEAvXMybr1Hd8RazerNzXPyS8g9bQVr+SOFDRB9E2fTIC44qdiR\nb4FuIcub3lhwi8Q2tpaL/Qbdwf1DI9XV2gdSC1ZEJ8Ds9LYBt1SYl0VH+n6vFRJ4\nBJ8PnDRUlveN7G5hav/QAtwC27ucG02lFEVgIe2Np7XSeqCVGboFa2IeOihNkYKG\nYgvsf6/31v8M5G1Chtjt/TjxPQAnFIWtF+Ihtw9XETwIQ8jlWouFrE6uu9w6yGIy\nNBbM8gR7wtlG14BDjQv3bP3jOMFD2Xfyum1kL6Ax+ElrNxnXmm3Ue1uwMvO5pM9t\nvomBVqF3u4l1EMlBpaD9eu6Tf4oo9byUbAYDJQIDAQABAoIBABbw3CqMwRq/rD9D\nL6ixYaXLmaSaA3kn0/TBCmRPLkG3VyU6FGJsSenNvhIuo3JJUFbL5Ce/rRrQkFDG\nlB7SxBybVaV6tzbq00pf9BpdSVoL/SeQFPh6Smmf7J5bW9RFiYZrc8Tk33O8RCsK\nO/M4c2uoWH72hYZT67oxzHY0a3SfNwQLI2ZiR7+3ZiZ8XNujbH1yiA3OcPOKwfa1\ny6hyr8vGAk9bS/NyOFmjGvparfv8gRgmJhJq+turk+DQNdfXxvbnLghyNZ+1vrMw\nz1Gw+lXW6mRn7jyjHufSsnp+gTJiBkO2TUlhR/cn8rJ+72vpzY0bQq2e9NTIBh66\nU9uJoAECggCBAMJIRjjMClmNhwEWNTutycgWDsbCM8gk3wRWt1xMK9fldW7SBYaB\nyb84l0QspHRDtrPacN0n6p9PwxdIBeOLrFjjF4fK0cB+ta3sqzVLMCjeBY6lvYL4\nLT4AOz2ZV9HKKbmdjmaU6SJjawVANyZj0Kt8YfSeBCYy/Hfm8bMQa+lpAoIAgQD5\nofC1R18NuGGMf6zOX+t5YVZc5aY7nGWab57BXliaYnI6I2tNq1iTK2QbYxhpONcr\nbK1CtOmve9qyiBz6x0JoIDVPISHgFYyrUG2w93zYAIgMw4D7thsyBgRSVAxEDuDy\nbIasVYsqjIF784bkAM1xSwbIk5KbHSvKpXzchgF4XQKCAIEApwny7kRoJaTsTT/l\n1wDNu21TmQpB8TPaV2WjUwTesUpE1FpYi9QtPG6Qh/oGDzxk6m/GmC8Ip56xcuPm\nxERDk0z03zi/bMzEsdwJO9IAfzKc/o97yA5O/769MHIWMnapt0BCveoMJBfsXOBg\nSm6Ja9eOdP4jPSCbNw/mAXn9/fkCggCAJhYmEpJsFzzNbVFBfU83LxLByXSkUy3+\ndnyXPSt22z8v7FzhDz2YSwPwxxjsbYllktOG78mIaeS8rkaEHWLvZ9GaMJN+hqDj\nEHQ5+CkaXB5go4nkkQLszUoLuL/oCy419ebG+V4n2HsNemriZsEUlzd6NnoFgTMH\nLmjnTwIHEWUCggCAIaRLHdkrcj2fFKOGe2P47e5mSCyhrq9SrXYOsA3seELCRvx7\nbxbh6KkFXSYIUr+apVPN2CqV8eNWD1kACy0YgOAkC6calSKG4jQdhsPNBr2hrzLj\ngpGPeIqlMv29tbFOkEiqLkEO8PqJLub8b3meYnbCS7aGRRQ4G7/J9A2o1/M=\n-----END RSA PRIVATE KEY-----\n", "user_id": "6ebf8c7b638c4bcdb3022354143ff387", "name": "tempest-TestNetworkBasicOps-792751897", "fingerprint": "3b:cf:b7:14:bc:3b:b7:e8:41:d8:c7:0a:46:4c:c9:60"}}
2016-02-18 11:54:49,739 26332 INFO     [tempest_lib.common.rest_client] Request (TestNetworkBasicOps:test_update_instance_port_admin_state): 200 POST http://10.4.1.3:5000/v2.0/tokens
2016-02-18 11:54:49,739 26332 DEBUG    [tempest_lib.common.rest_client] Request - Headers: {'Content-Type': 'application/json', 'Accept': 'application/json'}
        Body: &lt;omitted&gt;
    Response - Headers: {'status': '200', 'content-length': '2260', 'vary': 'X-Auth-Token', 'server': 'Apache/2.4.7 (Ubuntu)', 'connection': 'close', 'date': 'Thu, 18 Feb 2016 11:54:49 GMT', 'content-type': 'application/json', 'x-openstack-request-id': 'req-7c219ae5-e800-45dd-be67-70866e834980'}
        Body: {"access": {"token": {"issued_at": "2016-02-18T11:54:49.729294", "expires": "2016-02-18T12:54:49Z", "id": "6b0a2c4bd773467d9da5ad0fba4a8bd2", "tenant": {"description": "tempest-TestNetworkBasicOps-1880508584-desc", "enabled": true, "id": "906eb2f58c9d4c58975551a69d2391eb", "name": "tempest-TestNetworkBasicOps-1880508584"}, "audit_ids": ["3o9bgjyNSLawXgmZXNnujw"]}, "serviceCatalog": [{"endpoints": [{"adminURL": "http://10.4.1.3:9292", "region": "RegionOne", "internalURL": "http://10.4.1.3:9292", "id": "6b1abb629eda4ee686f592bc63104d32", "publicURL": "http://10.4.1.3:9292"}], "endpoints_links": [], "type": "image", "name": "glance"}, {"endpoints": [{"adminURL": "http://10.4.1.3:8774/v2.1/906eb2f58c9d4c58975551a69d2391eb", "region": "RegionOne", "internalURL": "http://10.4.1.3:8774/v2.1/906eb2f58c9d4c58975551a69d2391eb", "id": "19e42ddf58ee47aabbf95d0da43d3349", "publicURL": "http://10.4.1.3:8774/v2.1/906eb2f58c9d4c58975551a69d2391eb"}], "endpoints_links": [], "type": "compute", "name": "nova"}, {"endpoints": [{"adminURL": "http://10.4.1.3:9696/", "region": "RegionOne", "internalURL": "http://10.4.1.3:9696/", "id": "1bf05ab58a82464f95b6a02783ed07c5", "publicURL": "http://10.4.1.3:9696/"}], "endpoints_links": [], "type": "network", "name": "neutron"}, {"endpoints": [{"adminURL": "http://10.4.1.3:35357/v2.0", "region": "RegionOne", "internalURL": "http://10.4.1.3:5000/v2.0", "id": "5281cb15d88d40dd9853bb5a860ec948", "publicURL": "http://10.4.1.3:5000/v2.0"}], "endpoints_links": [], "type": "identity", "name": "keystone"}, {"endpoints": [{"adminURL": "http://10.4.1.3:8774/v2/906eb2f58c9d4c58975551a69d2391eb", "region": "RegionOne", "internalURL": "http://10.4.1.3:8774/v2/906eb2f58c9d4c58975551a69d2391eb", "id": "50caf37b6ddb495e9baf4a79c111e419", "publicURL": "http://10.4.1.3:8774/v2/906eb2f58c9d4c58975551a69d2391eb"}], "endpoints_links": [], "type": "compute_legacy", "name": "nova_legacy"}], "user": {"username": "tempest-TestNetworkBasicOps-1069740871", "roles_links": [], "id": "6ebf8c7b638c4bcdb3022354143ff387", "roles": [{"name": "Member"}, {"name": "_member_"}], "name": "tempest-TestNetworkBasicOps-1069740871"}, "metadata": {"is_admin": 0, "roles": ["5c6a239152f54e7790711ba7a068c091", "9fe2ff9ee4384b1894a90878d3e92bab"]}}}
2016-02-18 11:54:49,744 26332 DEBUG    [tempest.common.fixed_network] (TestNetworkBasicOps:test_update_instance_port_admin_state) No valid network provided or created, defaulting to fixed_network_name
2016-02-18 11:54:50,151 26332 INFO     [tempest_lib.common.rest_client] Request (TestNetworkBasicOps:test_update_instance_port_admin_state): 200 GET http://10.4.1.3:8774/v2.1/906eb2f58c9d4c58975551a69d2391eb/os-networks 0.406s
2016-02-18 11:54:50,152 26332 DEBUG    [tempest_lib.common.rest_client] Request - Headers: {'Content-Type': 'application/json', 'Accept': 'application/json', 'X-Auth-Token': '&lt;omitted&gt;'}
        Body: None
    Response - Headers: {'status': '200', 'content-length': '479', 'content-location': 'http://10.4.1.3:8774/v2.1/906eb2f58c9d4c58975551a69d2391eb/os-networks', 'x-compute-request-id': 'req-2b4a33c0-caa9-4f80-bafb-f337f5e8f600', 'vary': 'X-OpenStack-Nova-API-Version', 'connection': 'close', 'x-openstack-nova-api-version': '2.1', 'date': 'Thu, 18 Feb 2016 11:54:50 GMT', 'content-type': 'application/json'}
        Body: {"networks": [{"cidr_v6": null, "dns2": null, "dns1": null, "gateway": null, "broadcast": null, "netmask": null, "gateway_v6": null, "cidr": null, "label": "public", "id": "7b1b72d7-b122-4c80-8edd-b166139ec499", "netmask_v6": null}, {"cidr_v6": null, "dns2": null, "dns1": null, "gateway": null, "broadcast": null, "netmask": null, "gateway_v6": null, "cidr": null, "label": "tempest-network-smoke--1596772699", "id": "e08bde01-de05-47b2-8dca-6d1ef113d4c6", "netmask_v6": null}]}
2016-02-18 11:54:50,152 26332 WARNING  [tempest.common.fixed_network] (TestNetworkBasicOps:test_update_instance_port_admin_state) Network with name: private not found
2016-02-18 11:54:50,152 26332 INFO     [tempest.common.fixed_network] (TestNetworkBasicOps:test_update_instance_port_admin_state) Found network {} available for tenant
2016-02-18 11:54:53,205 26332 INFO     [tempest_lib.common.rest_client] Request (TestNetworkBasicOps:test_update_instance_port_admin_state): 202 POST http://10.4.1.3:8774/v2.1/906eb2f58c9d4c58975551a69d2391eb/servers 3.051s
2016-02-18 11:54:53,205 26332 DEBUG    [tempest_lib.common.rest_client] Request - Headers: {'Content-Type': 'application/json', 'Accept': 'application/json', 'X-Auth-Token': '&lt;omitted&gt;'}
        Body: {"server": {"name": "tempest-server-smoke-1705757845", "imageRef": "8fe4ff4b-5dab-4998-a1f8-93d56cbb5019", "key_name": "tempest-TestNetworkBasicOps-792751897", "flavorRef": "42", "networks": [{"uuid": "e08bde01-de05-47b2-8dca-6d1ef113d4c6"}], "security_groups": [{"name": "tempest-secgroup-smoke-1467878811"}]}}
    Response - Headers: {'status': '202', 'content-length': '460', 'x-compute-request-id': 'req-e2968dd1-3c54-4842-a8e0-40a12bd17ed6', 'vary': 'X-OpenStack-Nova-API-Version', 'connection': 'close', 'location': 'http://10.4.1.3:8774/v2.1/906eb2f58c9d4c58975551a69d2391eb/servers/b3fa96a6-9a3f-4091-8a1e-0593c12471c8', 'x-openstack-nova-api-version': '2.1', 'date': 'Thu, 18 Feb 2016 11:54:53 GMT', 'content-type': 'application/json'}
        Body: {"server": {"security_groups": [{"name": "tempest-secgroup-smoke-1467878811"}], "OS-DCF:diskConfig": "MANUAL", "id": "b3fa96a6-9a3f-4091-8a1e-0593c12471c8", "links": [{"href": "http://10.4.1.3:8774/v2.1/906eb2f58c9d4c58975551a69d2391eb/servers/b3fa96a6-9a3f-4091-8a1e-0593c12471c8", "rel": "self"}, {"href": "http://10.4.1.3:8774/906eb2f58c9d4c58975551a69d2391eb/servers/b3fa96a6-9a3f-4091-8a1e-0593c12471c8", "rel": "bookmark"}], "adminPass": "kTvDqC6tC5Qb"}}
2016-02-18 11:54:53,753 26332 INFO     [tempest_lib.common.rest_client] Request (TestNetworkBasicOps:test_update_instance_port_admin_state): 200 GET http://10.4.1.3:8774/v2.1/906eb2f58c9d4c58975551a69d2391eb/servers/b3fa96a6-9a3f-4091-8a1e-0593c12471c8 0.544s
2016-02-18 11:54:53,754 26332 DEBUG    [tempest_lib.common.rest_client] Request - Headers: {'Content-Type': 'application/json', 'Accept': 'application/json', 'X-Auth-Token': '&lt;omitted&gt;'}
        Body: None
    Response - Headers: {'status': '200', 'content-length': '1340', 'content-location': 'http://10.4.1.3:8774/v2.1/906eb2f58c9d4c58975551a69d2391eb/servers/b3fa96a6-9a3f-4091-8a1e-0593c12471c8', 'x-compute-request-id': 'req-264e6e99-ab1b-4232-bb1d-d4b0f9669a22', 'vary': 'X-OpenStack-Nova-API-Version', 'connection': 'close', 'x-openstack-nova-api-version': '2.1', 'date': 'Thu, 18 Feb 2016 11:54:53 GMT', 'content-type': 'application/json'}
        Body: {"server": {"status": "BUILD", "updated": "2016-02-18T11:54:53Z", "hostId": "", "addresses": {}, "links": [{"href": "http://10.4.1.3:8774/v2.1/906eb2f58c9d4c58975551a69d2391eb/servers/b3fa96a6-9a3f-4091-8a1e-0593c12471c8", "rel": "self"}, {"href": "http://10.4.1.3:8774/906eb2f58c9d4c58975551a69d2391eb/servers/b3fa96a6-9a3f-4091-8a1e-0593c12471c8", "rel": "bookmark"}], "key_name": "tempest-TestNetworkBasicOps-792751897", "image": {"id": "8fe4ff4b-5dab-4998-a1f8-93d56cbb5019", "links": [{"href": "http://10.4.1.3:8774/906eb2f58c9d4c58975551a69d2391eb/images/8fe4ff4b-5dab-4998-a1f8-93d56cbb5019", "rel": "bookmark"}]}, "OS-EXT-STS:task_state": "scheduling", "OS-EXT-STS:vm_state": "building", "OS-SRV-USG:launched_at": null, "flavor": {"id": "42", "links": [{"href": "http://10.4.1.3:8774/906eb2f58c9d4c58975551a69d2391eb/flavors/42", "rel": "bookmark"}]}, "id": "b3fa96a6-9a3f-4091-8a1e-0593c12471c8", "OS-SRV-USG:terminated_at": null, "OS-EXT-AZ:availability_zone": "", "user_id": "6ebf8c7b638c4bcdb3022354143ff387", "name": "tempest-server-smoke-1705757845", "created": "2016-02-18T11:54:53Z", "tenant_id": "906eb2f58c9d4c58975551a69d2391eb", "OS-DCF:diskConfig": "MANUAL", "os-extended-volumes:volumes_attached": [], "accessIPv4": "", "accessIPv6": "", "progress": 0, "OS-EXT-STS:power_state": 0, "config_drive": "", "metadata": {}}}
2016-02-18 11:54:55,490 26332 INFO     [tempest_lib.common.rest_client] Request (TestNetworkBasicOps:test_update_instance_port_admin_state): 200 GET http://10.4.1.3:8774/v2.1/906eb2f58c9d4c58975551a69d2391eb/servers/b3fa96a6-9a3f-4091-8a1e-0593c12471c8 0.726s
2016-02-18 11:54:55,491 26332 DEBUG    [tempest_lib.common.rest_client] Request - Headers: {'Content-Type': 'application/json', 'Accept': 'application/json', 'X-Auth-Token': '&lt;omitted&gt;'}
        Body: None
    Response - Headers: {'status': '200', 'content-length': '1466', 'content-location': 'http://10.4.1.3:8774/v2.1/906eb2f58c9d4c58975551a69d2391eb/servers/b3fa96a6-9a3f-4091-8a1e-0593c12471c8', 'x-compute-request-id': 'req-87b3bbeb-81c8-4179-a525-6834d9f6978e', 'vary': 'X-OpenStack-Nova-API-Version', 'connection': 'close', 'x-openstack-nova-api-version': '2.1', 'date': 'Thu, 18 Feb 2016 11:54:55 GMT', 'content-type': 'application/json'}
        Body: {"server": {"status": "BUILD", "updated": "2016-02-18T11:54:54Z", "hostId": "b324b65dea7b8bf07b3cb68c6265d3fb32fe1303c94f16306a476b86", "addresses": {}, "links": [{"href": "http://10.4.1.3:8774/v2.1/906eb2f58c9d4c58975551a69d2391eb/servers/b3fa96a6-9a3f-4091-8a1e-0593c12471c8", "rel": "self"}, {"href": "http://10.4.1.3:8774/906eb2f58c9d4c58975551a69d2391eb/servers/b3fa96a6-9a3f-4091-8a1e-0593c12471c8", "rel": "bookmark"}], "key_name": "tempest-TestNetworkBasicOps-792751897", "image": {"id": "8fe4ff4b-5dab-4998-a1f8-93d56cbb5019", "links": [{"href": "http://10.4.1.3:8774/906eb2f58c9d4c58975551a69d2391eb/images/8fe4ff4b-5dab-4998-a1f8-93d56cbb5019", "rel": "bookmark"}]}, "OS-EXT-STS:task_state": "spawning", "OS-EXT-STS:vm_state": "building", "OS-SRV-USG:launched_at": null, "flavor": {"id": "42", "links": [{"href": "http://10.4.1.3:8774/906eb2f58c9d4c58975551a69d2391eb/flavors/42", "rel": "bookmark"}]}, "id": "b3fa96a6-9a3f-4091-8a1e-0593c12471c8", "security_groups": [{"name": "tempest-secgroup-smoke-1467878811"}], "OS-SRV-USG:terminated_at": null, "OS-EXT-AZ:availability_zone": "nova", "user_id": "6ebf8c7b638c4bcdb3022354143ff387", "name": "tempest-server-smoke-1705757845", "created": "2016-02-18T11:54:53Z", "tenant_id": "906eb2f58c9d4c58975551a69d2391eb", "OS-DCF:diskConfig": "MANUAL", "os-extended-volumes:volumes_attached": [], "accessIPv4": "", "accessIPv6": "", "progress": 0, "OS-EXT-STS:power_state": 0, "config_drive": "", "metadata": {}}}
2016-02-18 11:54:55,505 26332 INFO     [tempest.common.waiters] State transition "BUILD/scheduling" ==&gt; "BUILD/spawning" after 2 second wait
2016-02-18 11:54:57,340 26332 INFO     [tempest_lib.common.rest_client] Request (TestNetworkBasicOps:test_update_instance_port_admin_state): 200 GET http://10.4.1.3:8774/v2.1/906eb2f58c9d4c58975551a69d2391eb/servers/b3fa96a6-9a3f-4091-8a1e-0593c12471c8 0.833s
2016-02-18 11:54:57,341 26332 DEBUG    [tempest_lib.common.rest_client] Request - Headers: {'Content-Type': 'application/json', 'Accept': 'application/json', 'X-Auth-Token': '&lt;omitted&gt;'}
        Body: None
    Response - Headers: {'status': '200', 'content-length': '1466', 'content-location': 'http://10.4.1.3:8774/v2.1/906eb2f58c9d4c58975551a69d2391eb/servers/b3fa96a6-9a3f-4091-8a1e-0593c12471c8', 'x-compute-request-id': 'req-8e709347-e865-43c4-9917-cbb66886523a', 'vary': 'X-OpenStack-Nova-API-Version', 'connection': 'close', 'x-openstack-nova-api-version': '2.1', 'date': 'Thu, 18 Feb 2016 11:54:57 GMT', 'content-type': 'application/json'}
        Body: {"server": {"status": "BUILD", "updated": "2016-02-18T11:54:54Z", "hostId": "b324b65dea7b8bf07b3cb68c6265d3fb32fe1303c94f16306a476b86", "addresses": {}, "links": [{"href": "http://10.4.1.3:8774/v2.1/906eb2f58c9d4c58975551a69d2391eb/servers/b3fa96a6-9a3f-4091-8a1e-0593c12471c8", "rel": "self"}, {"href": "http://10.4.1.3:8774/906eb2f58c9d4c58975551a69d2391eb/servers/b3fa96a6-9a3f-4091-8a1e-0593c12471c8", "rel": "bookmark"}], "key_name": "tempest-TestNetworkBasicOps-792751897", "image": {"id": "8fe4ff4b-5dab-4998-a1f8-93d56cbb5019", "links": [{"href": "http://10.4.1.3:8774/906eb2f58c9d4c58975551a69d2391eb/images/8fe4ff4b-5dab-4998-a1f8-93d56cbb5019", "rel": "bookmark"}]}, "OS-EXT-STS:task_state": "spawning", "OS-EXT-STS:vm_state": "building", "OS-SRV-USG:launched_at": null, "flavor": {"id": "42", "links": [{"href": "http://10.4.1.3:8774/906eb2f58c9d4c58975551a69d2391eb/flavors/42", "rel": "bookmark"}]}, "id": "b3fa96a6-9a3f-4091-8a1e-0593c12471c8", "security_groups": [{"name": "tempest-secgroup-smoke-1467878811"}], "OS-SRV-USG:terminated_at": null, "OS-EXT-AZ:availability_zone": "nova", "user_id": "6ebf8c7b638c4bcdb3022354143ff387", "name": "tempest-server-smoke-1705757845", "created": "2016-02-18T11:54:53Z", "tenant_id": "906eb2f58c9d4c58975551a69d2391eb", "OS-DCF:diskConfig": "MANUAL", "os-extended-volumes:volumes_attached": [], "accessIPv4": "", "accessIPv6": "", "progress": 0, "OS-EXT-STS:power_state": 0, "config_drive": "", "metadata": {}}}
2016-02-18 11:54:59,129 26332 INFO     [tempest_lib.common.rest_client] Request (TestNetworkBasicOps:test_update_instance_port_admin_state): 200 GET http://10.4.1.3:8774/v2.1/906eb2f58c9d4c58975551a69d2391eb/servers/b3fa96a6-9a3f-4091-8a1e-0593c12471c8 0.771s
2016-02-18 11:54:59,130 26332 DEBUG    [tempest_lib.common.rest_client] Request - Headers: {'Content-Type': 'application/json', 'Accept': 'application/json', 'X-Auth-Token': '&lt;omitted&gt;'}
        Body: None
    Response - Headers: {'status': '200', 'content-length': '1638', 'content-location': 'http://10.4.1.3:8774/v2.1/906eb2f58c9d4c58975551a69d2391eb/servers/b3fa96a6-9a3f-4091-8a1e-0593c12471c8', 'x-compute-request-id': 'req-e19006c0-bc59-4fa1-9121-13a23e0d03a3', 'vary': 'X-OpenStack-Nova-API-Version', 'connection': 'close', 'x-openstack-nova-api-version': '2.1', 'date': 'Thu, 18 Feb 2016 11:54:59 GMT', 'content-type': 'application/json'}
        Body: {"server": {"status": "ACTIVE", "updated": "2016-02-18T11:54:57Z", "hostId": "b324b65dea7b8bf07b3cb68c6265d3fb32fe1303c94f16306a476b86", "addresses": {"tempest-network-smoke--1596772699": [{"OS-EXT-IPS-MAC:mac_addr": "fa:16:3e:71:d7:06", "version": 4, "addr": "10.100.0.3", "OS-EXT-IPS:type": "fixed"}]}, "links": [{"href": "http://10.4.1.3:8774/v2.1/906eb2f58c9d4c58975551a69d2391eb/servers/b3fa96a6-9a3f-4091-8a1e-0593c12471c8", "rel": "self"}, {"href": "http://10.4.1.3:8774/906eb2f58c9d4c58975551a69d2391eb/servers/b3fa96a6-9a3f-4091-8a1e-0593c12471c8", "rel": "bookmark"}], "key_name": "tempest-TestNetworkBasicOps-792751897", "image": {"id": "8fe4ff4b-5dab-4998-a1f8-93d56cbb5019", "links": [{"href": "http://10.4.1.3:8774/906eb2f58c9d4c58975551a69d2391eb/images/8fe4ff4b-5dab-4998-a1f8-93d56cbb5019", "rel": "bookmark"}]}, "OS-EXT-STS:task_state": null, "OS-EXT-STS:vm_state": "active", "OS-SRV-USG:launched_at": "2016-02-18T11:54:56.000000", "flavor": {"id": "42", "links": [{"href": "http://10.4.1.3:8774/906eb2f58c9d4c58975551a69d2391eb/flavors/42", "rel": "bookmark"}]}, "id": "b3fa96a6-9a3f-4091-8a1e-0593c12471c8", "security_groups": [{"name": "tempest-secgroup-smoke-1467878811"}], "OS-SRV-USG:terminated_at": null, "OS-EXT-AZ:availability_zone": "nova", "user_id": "6ebf8c7b638c4bcdb3022354143ff387", "name": "tempest-server-smoke-1705757845", "created": "2016-02-18T11:54:53Z", "tenant_id": "906eb2f58c9d4c58975551a69d2391eb", "OS-DCF:diskConfig": "MANUAL", "os-extended-volumes:volumes_attached": [], "accessIPv4": "", "accessIPv6": "", "progress": 0, "OS-EXT-STS:power_state": 1, "config_drive": "True", "metadata": {}}}
2016-02-18 11:54:59,139 26332 INFO     [tempest.common.waiters] State transition "BUILD/spawning" ==&gt; "ACTIVE/None" after 6 second wait
2016-02-18 11:54:59,809 26332 INFO     [tempest_lib.common.rest_client] Request (TestNetworkBasicOps:test_update_instance_port_admin_state): 200 GET http://10.4.1.3:8774/v2.1/906eb2f58c9d4c58975551a69d2391eb/servers/b3fa96a6-9a3f-4091-8a1e-0593c12471c8 0.669s
2016-02-18 11:54:59,809 26332 DEBUG    [tempest_lib.common.rest_client] Request - Headers: {'Content-Type': 'application/json', 'Accept': 'application/json', 'X-Auth-Token': '&lt;omitted&gt;'}
        Body: None
    Response - Headers: {'status': '200', 'content-length': '1638', 'content-location': 'http://10.4.1.3:8774/v2.1/906eb2f58c9d4c58975551a69d2391eb/servers/b3fa96a6-9a3f-4091-8a1e-0593c12471c8', 'x-compute-request-id': 'req-d76c2324-0baf-49dc-b242-ca086f61288d', 'vary': 'X-OpenStack-Nova-API-Version', 'connection': 'close', 'x-openstack-nova-api-version': '2.1', 'date': 'Thu, 18 Feb 2016 11:54:59 GMT', 'content-type': 'application/json'}
        Body: {"server": {"status": "ACTIVE", "updated": "2016-02-18T11:54:57Z", "hostId": "b324b65dea7b8bf07b3cb68c6265d3fb32fe1303c94f16306a476b86", "addresses": {"tempest-network-smoke--1596772699": [{"OS-EXT-IPS-MAC:mac_addr": "fa:16:3e:71:d7:06", "version": 4, "addr": "10.100.0.3", "OS-EXT-IPS:type": "fixed"}]}, "links": [{"href": "http://10.4.1.3:8774/v2.1/906eb2f58c9d4c58975551a69d2391eb/servers/b3fa96a6-9a3f-4091-8a1e-0593c12471c8", "rel": "self"}, {"href": "http://10.4.1.3:8774/906eb2f58c9d4c58975551a69d2391eb/servers/b3fa96a6-9a3f-4091-8a1e-0593c12471c8", "rel": "bookmark"}], "key_name": "tempest-TestNetworkBasicOps-792751897", "image": {"id": "8fe4ff4b-5dab-4998-a1f8-93d56cbb5019", "links": [{"href": "http://10.4.1.3:8774/906eb2f58c9d4c58975551a69d2391eb/images/8fe4ff4b-5dab-4998-a1f8-93d56cbb5019", "rel": "bookmark"}]}, "OS-EXT-STS:task_state": null, "OS-EXT-STS:vm_state": "active", "OS-SRV-USG:launched_at": "2016-02-18T11:54:56.000000", "flavor": {"id": "42", "links": [{"href": "http://10.4.1.3:8774/906eb2f58c9d4c58975551a69d2391eb/flavors/42", "rel": "bookmark"}]}, "id": "b3fa96a6-9a3f-4091-8a1e-0593c12471c8", "security_groups": [{"name": "tempest-secgroup-smoke-1467878811"}], "OS-SRV-USG:terminated_at": null, "OS-EXT-AZ:availability_zone": "nova", "user_id": "6ebf8c7b638c4bcdb3022354143ff387", "name": "tempest-server-smoke-1705757845", "created": "2016-02-18T11:54:53Z", "tenant_id": "906eb2f58c9d4c58975551a69d2391eb", "OS-DCF:diskConfig": "MANUAL", "os-extended-volumes:volumes_attached": [], "accessIPv4": "", "accessIPv6": "", "progress": 0, "OS-EXT-STS:power_state": 1, "config_drive": "True", "metadata": {}}}
2016-02-18 11:54:59,817 26332 INFO     [tempest.scenario.manager] Tenant networks not configured to be reachable.
2016-02-18 11:55:00,032 26332 INFO     [tempest_lib.common.rest_client] Request (TestNetworkBasicOps:test_update_instance_port_admin_state): 200 GET http://10.4.1.3:9696/v2.0/ports?fixed_ip=None&amp;device_id=b3fa96a6-9a3f-4091-8a1e-0593c12471c8 0.214s
2016-02-18 11:55:00,033 26332 DEBUG    [tempest_lib.common.rest_client] Request - Headers: {'Content-Type': 'application/json', 'Accept': 'application/json', 'X-Auth-Token': '&lt;omitted&gt;'}
        Body: None
    Response - Headers: {'status': '200', 'content-length': '773', 'content-location': 'http://10.4.1.3:9696/v2.0/ports?fixed_ip=None&amp;device_id=b3fa96a6-9a3f-4091-8a1e-0593c12471c8', 'connection': 'close', 'date': 'Thu, 18 Feb 2016 11:55:00 GMT', 'content-type': 'application/json; charset=UTF-8', 'x-openstack-request-id': 'req-b4b6b5ee-dd29-4dd6-b6df-4d3167b09cb8'}
        Body: {"ports": [{"status": "ACTIVE", "binding:host_id": "vagrant-ubuntu-trusty-64", "allowed_address_pairs": [], "extra_dhcp_opts": [], "device_owner": "compute:None", "port_security_enabled": true, "binding:profile": {}, "fixed_ips": [{"subnet_id": "4a4ad649-1516-449e-a706-b63528fc6bb5", "ip_address": "10.100.0.3"}], "id": "15ca4b5c-1785-4b15-8439-87bcc29c243f", "security_groups": ["3413183e-e258-4c7b-93cb-804597427919"], "device_id": "b3fa96a6-9a3f-4091-8a1e-0593c12471c8", "name": "", "admin_state_up": true, "network_id": "e08bde01-de05-47b2-8dca-6d1ef113d4c6", "dns_name": null, "binding:vif_details": {"port_filter": true}, "binding:vnic_type": "normal", "binding:vif_type": "ovs", "tenant_id": "906eb2f58c9d4c58975551a69d2391eb", "mac_address": "fa:16:3e:71:d7:06"}]}
2016-02-18 11:55:00,795 26332 INFO     [tempest_lib.common.rest_client] Request (TestNetworkBasicOps:test_update_instance_port_admin_state): 201 POST http://10.4.1.3:9696/v2.0/floatingips 0.762s
2016-02-18 11:55:00,796 26332 DEBUG    [tempest_lib.common.rest_client] Request - Headers: {'Content-Type': 'application/json', 'Accept': 'application/json', 'X-Auth-Token': '&lt;omitted&gt;'}
        Body: {"floatingip": {"floating_network_id": "7b1b72d7-b122-4c80-8edd-b166139ec499", "tenant_id": "906eb2f58c9d4c58975551a69d2391eb", "fixed_ip_address": "10.100.0.3", "port_id": "15ca4b5c-1785-4b15-8439-87bcc29c243f"}}
    Response - Headers: {'status': '201', 'content-length': '368', 'connection': 'close', 'date': 'Thu, 18 Feb 2016 11:55:00 GMT', 'content-type': 'application/json; charset=UTF-8', 'x-openstack-request-id': 'req-2587e77e-fa47-44c4-9645-d421feeea46b'}
        Body: {"floatingip": {"floating_network_id": "7b1b72d7-b122-4c80-8edd-b166139ec499", "router_id": "4fed93a9-66a6-453d-a151-1a35e7678983", "fixed_ip_address": "10.100.0.3", "floating_ip_address": "172.24.4.16", "tenant_id": "906eb2f58c9d4c58975551a69d2391eb", "status": "DOWN", "port_id": "15ca4b5c-1785-4b15-8439-87bcc29c243f", "id": "fef6dd8d-d5d3-4dd0-bf08-01a094f9ab8f"}}
2016-02-18 11:55:00,999 26332 INFO     [tempest_lib.common.rest_client] Request (TestNetworkBasicOps:test_update_instance_port_admin_state): 200 GET http://10.4.1.3:9696/v2.0/ports?device_id=b3fa96a6-9a3f-4091-8a1e-0593c12471c8 0.203s
2016-02-18 11:55:01,000 26332 DEBUG    [tempest_lib.common.rest_client] Request - Headers: {'Content-Type': 'application/json', 'Accept': 'application/json', 'X-Auth-Token': '&lt;omitted&gt;'}
        Body: None
    Response - Headers: {'status': '200', 'content-length': '773', 'content-location': 'http://10.4.1.3:9696/v2.0/ports?device_id=b3fa96a6-9a3f-4091-8a1e-0593c12471c8', 'connection': 'close', 'date': 'Thu, 18 Feb 2016 11:55:00 GMT', 'content-type': 'application/json; charset=UTF-8', 'x-openstack-request-id': 'req-cc437138-7a50-4e87-8310-07844517a000'}
        Body: {"ports": [{"status": "ACTIVE", "binding:host_id": "vagrant-ubuntu-trusty-64", "allowed_address_pairs": [], "extra_dhcp_opts": [], "device_owner": "compute:None", "port_security_enabled": true, "binding:profile": {}, "fixed_ips": [{"subnet_id": "4a4ad649-1516-449e-a706-b63528fc6bb5", "ip_address": "10.100.0.3"}], "id": "15ca4b5c-1785-4b15-8439-87bcc29c243f", "security_groups": ["3413183e-e258-4c7b-93cb-804597427919"], "device_id": "b3fa96a6-9a3f-4091-8a1e-0593c12471c8", "name": "", "admin_state_up": true, "network_id": "e08bde01-de05-47b2-8dca-6d1ef113d4c6", "dns_name": null, "binding:vif_details": {"port_filter": true}, "binding:vnic_type": "normal", "binding:vif_type": "ovs", "tenant_id": "906eb2f58c9d4c58975551a69d2391eb", "mac_address": "fa:16:3e:71:d7:06"}]}
2016-02-18 11:55:01,189 26332 INFO     [tempest_lib.common.rest_client] Request (TestNetworkBasicOps:test_update_instance_port_admin_state): 200 GET http://10.4.1.3:9696/v2.0/floatingips/fef6dd8d-d5d3-4dd0-bf08-01a094f9ab8f 0.188s
2016-02-18 11:55:01,189 26332 DEBUG    [tempest_lib.common.rest_client] Request - Headers: {'Content-Type': 'application/json', 'Accept': 'application/json', 'X-Auth-Token': '&lt;omitted&gt;'}
        Body: None
    Response - Headers: {'status': '200', 'content-length': '402', 'content-location': 'http://10.4.1.3:9696/v2.0/floatingips/fef6dd8d-d5d3-4dd0-bf08-01a094f9ab8f', 'connection': 'close', 'date': 'Thu, 18 Feb 2016 11:55:01 GMT', 'content-type': 'application/json; charset=UTF-8', 'x-openstack-request-id': 'req-28d5e272-7204-41bb-97bf-0a7b8226179b'}
        Body: {"floatingip": {"floating_network_id": "7b1b72d7-b122-4c80-8edd-b166139ec499", "router_id": "4fed93a9-66a6-453d-a151-1a35e7678983", "fixed_ip_address": "10.100.0.3", "floating_ip_address": "172.24.4.16", "dns_name": "", "tenant_id": "906eb2f58c9d4c58975551a69d2391eb", "status": "DOWN", "port_id": "15ca4b5c-1785-4b15-8439-87bcc29c243f", "id": "fef6dd8d-d5d3-4dd0-bf08-01a094f9ab8f", "dns_domain": ""}}
2016-02-18 11:55:02,380 26332 INFO     [tempest_lib.common.rest_client] Request (TestNetworkBasicOps:test_update_instance_port_admin_state): 200 GET http://10.4.1.3:9696/v2.0/floatingips/fef6dd8d-d5d3-4dd0-bf08-01a094f9ab8f 0.188s
2016-02-18 11:55:02,380 26332 DEBUG    [tempest_lib.common.rest_client] Request - Headers: {'Content-Type': 'application/json', 'Accept': 'application/json', 'X-Auth-Token': '&lt;omitted&gt;'}
        Body: None
    Response - Headers: {'status': '200', 'content-length': '404', 'content-location': 'http://10.4.1.3:9696/v2.0/floatingips/fef6dd8d-d5d3-4dd0-bf08-01a094f9ab8f', 'connection': 'close', 'date': 'Thu, 18 Feb 2016 11:55:02 GMT', 'content-type': 'application/json; charset=UTF-8', 'x-openstack-request-id': 'req-570cd756-258c-4cf3-af89-869e1c7a6207'}
        Body: {"floatingip": {"floating_network_id": "7b1b72d7-b122-4c80-8edd-b166139ec499", "router_id": "4fed93a9-66a6-453d-a151-1a35e7678983", "fixed_ip_address": "10.100.0.3", "floating_ip_address": "172.24.4.16", "dns_name": "", "tenant_id": "906eb2f58c9d4c58975551a69d2391eb", "status": "ACTIVE", "port_id": "15ca4b5c-1785-4b15-8439-87bcc29c243f", "id": "fef6dd8d-d5d3-4dd0-bf08-01a094f9ab8f", "dns_domain": ""}}
2016-02-18 11:55:02,381 26332 INFO     [tempest.scenario.manager] FloatingIP: &lt;"FloatingIP" addr="172.24.4.16" id="fef6dd8d-d5d3-4dd0-bf08-01a094f9ab8f"&gt; is at status: ACTIVE
2016-02-18 11:55:02,381 26332 DEBUG    [tempest.scenario.manager] checking network connections to IP 172.24.4.16 with user: cirros
2016-02-18 11:55:02,382 26332 DEBUG    [tempest.scenario.manager] TestNetworkBasicOps:test_update_instance_port_admin_state begins to ping 172.24.4.16 in 120 sec and the expected result is reachable
2016-02-18 11:55:18,459 26332 DEBUG    [tempest.scenario.manager] TestNetworkBasicOps:test_update_instance_port_admin_state finishes ping 172.24.4.16 in 120 sec and the ping result is expected
2016-02-18 11:55:18,461 26332 INFO     [tempest_lib.common.ssh] Creating ssh connection to '172.24.4.16' as 'cirros' with public key authentication
2016-02-18 11:55:18,468 26332 WARNING  [tempest_lib.common.ssh] Failed to establish authenticated ssh connection to cirros@172.24.4.16 ([Errno None] Unable to connect to port 22 on  or 172.24.4.16). Number attempts: 1. Retry after 2 seconds.
2016-02-18 11:55:21,101 26332 INFO     [paramiko.transport] Connected (version 2.0, client dropbear_2012.55)
2016-02-18 11:55:21,814 26332 INFO     [paramiko.transport] Authentication (publickey) successful!
2016-02-18 11:55:21,846 26332 INFO     [tempest_lib.common.ssh] ssh connection to cirros@172.24.4.16 successfully created
2016-02-18 11:55:22,434 26332 INFO     [tempest_lib.common.rest_client] Request (TestNetworkBasicOps:test_update_instance_port_admin_state): 200 PUT http://10.4.1.3:9696/v2.0/ports/15ca4b5c-1785-4b15-8439-87bcc29c243f 0.469s
2016-02-18 11:55:22,435 26332 DEBUG    [tempest_lib.common.rest_client] Request - Headers: {'Content-Type': 'application/json', 'Accept': 'application/json', 'X-Auth-Token': '&lt;omitted&gt;'}
        Body: {"port": {"admin_state_up": false}}
    Response - Headers: {'status': '200', 'content-length': '628', 'connection': 'close', 'date': 'Thu, 18 Feb 2016 11:55:22 GMT', 'content-type': 'application/json; charset=UTF-8', 'x-openstack-request-id': 'req-93b54486-401a-4edd-9c16-09f688a07a70'}
        Body: {"port": {"status": "ACTIVE", "name": "", "allowed_address_pairs": [], "admin_state_up": false, "network_id": "e08bde01-de05-47b2-8dca-6d1ef113d4c6", "dns_name": null, "extra_dhcp_opts": [], "mac_address": "fa:16:3e:71:d7:06", "binding:vnic_type": "normal", "device_owner": "compute:None", "tenant_id": "906eb2f58c9d4c58975551a69d2391eb", "port_security_enabled": true, "fixed_ips": [{"subnet_id": "4a4ad649-1516-449e-a706-b63528fc6bb5", "ip_address": "10.100.0.3"}], "id": "15ca4b5c-1785-4b15-8439-87bcc29c243f", "security_groups": ["3413183e-e258-4c7b-93cb-804597427919"], "device_id": "b3fa96a6-9a3f-4091-8a1e-0593c12471c8"}}
2016-02-18 11:55:22,436 26332 DEBUG    [tempest.scenario.manager] checking network connections to IP 172.24.4.16 with user: cirros
2016-02-18 11:55:22,436 26332 DEBUG    [tempest.scenario.manager] TestNetworkBasicOps:test_update_instance_port_admin_state begins to ping 172.24.4.16 in 120 sec and the expected result is unreachable
2016-02-18 11:57:22,965 26332 DEBUG    [tempest.scenario.manager] TestNetworkBasicOps:test_update_instance_port_admin_state finishes ping 172.24.4.16 in 120 sec and the ping result is unexpected
2016-02-18 11:57:22,967 26332 ERROR    [tempest.scenario.manager] Public network connectivity check failed: after updating admin_state_up of instance port to False
2016-02-18 11:57:22.967 26332 ERROR tempest.scenario.manager Traceback (most recent call last):
2016-02-18 11:57:22.967 26332 ERROR tempest.scenario.manager   File "tempest/scenario/manager.py", line 598, in check_public_network_connectivity
2016-02-18 11:57:22.967 26332 ERROR tempest.scenario.manager     should_connect=should_connect)
2016-02-18 11:57:22.967 26332 ERROR tempest.scenario.manager   File "tempest/scenario/manager.py", line 582, in check_vm_connectivity
2016-02-18 11:57:22.967 26332 ERROR tempest.scenario.manager     msg=msg)
2016-02-18 11:57:22.967 26332 ERROR tempest.scenario.manager   File "/usr/local/lib/python2.7/dist-packages/unittest2/case.py", line 702, in assertTrue
2016-02-18 11:57:22.967 26332 ERROR tempest.scenario.manager     raise self.failureException(msg)
2016-02-18 11:57:22.967 26332 ERROR tempest.scenario.manager AssertionError: False is not true : ip address 172.24.4.16 is reachable
2016-02-18 11:57:22.967 26332 ERROR tempest.scenario.manager 
2016-02-18 11:57:23,520 26332 INFO     [tempest_lib.common.rest_client] Request (TestNetworkBasicOps:test_update_instance_port_admin_state): 200 POST http://10.4.1.3:8774/v2.1/906eb2f58c9d4c58975551a69d2391eb/servers/b3fa96a6-9a3f-4091-8a1e-0593c12471c8/action 0.547s
2016-02-18 11:57:23,521 26332 DEBUG    [tempest_lib.common.rest_client] Request - Headers: {'Content-Type': 'application/json', 'Accept': 'application/json', 'X-Auth-Token': '&lt;omitted&gt;'}
        Body: {"os-getConsoleOutput": {}}
    Response - Headers: {'status': '200', 'content-length': '19794', 'x-compute-request-id': 'req-d07a40c4-617d-4e81-b5bd-7f70c718221c', 'vary': 'X-OpenStack-Nova-API-Version', 'connection': 'close', 'x-openstack-nova-api-version': '2.1', 'date': 'Thu, 18 Feb 2016 11:57:23 GMT', 'content-type': 'application/json'}
        Body: {"output": "[    0.000000] Initializing cgroup subsys cpuset\n[    0.000000] Initializing cgroup subsys cpu\n[    0.000000] Linux version 3.2.0-80-virtual (buildd@batsu) (gcc version 4.6.3 (Ubuntu/Linaro 4.6.3-1ubuntu5) ) #116-Ubuntu SMP Mon Mar 23 17:28:52 UTC 2015 (Ubuntu 3.2.0-80.116-virtual 3.2.68)\n[    0.000000] Command line: root=/dev/vda console=tty0 console=ttyS0 no_timer_check\n[    0.000000] KERNEL supported cpus:\n[    0.000000]   Intel GenuineIntel\n[    0.000000]   AMD AuthenticAMD\n[    0.000000]   Centaur CentaurHauls\n[    0.000000] BIOS-provided physical RAM map:\n[    0.000000]  BIOS-e820: 0000000000000000 - 000000000009fc00 (usable)\n[    0.000000]  BIOS-e820: 000000000009fc00 - 00000000000a0000 (reserved)\n[    0.000000]  BIOS-e820: 00000000000f0000 - 0000000000100000 (reserved)\n[    0.000000]  BIOS-e820: 0000000000100000 - 0000000003ffe000 (usable)\n[    0.000000]  BIOS-e820: 0000000003ffe000 - 0000000004000000 (reserved)\n[    0.000000]  BIOS-e820: 00000000fffc0000 - 0000000100000000 (reserved)\n[    0.000000] NX (Execute Disable) protection: active\n[    0.000000] SMBIOS 2.4 present.\n[    0.000000] No AGP bridge found\n[    0.000000] last_pfn = 0x3ffe max_arch_pfn = 0x400000000\n[    0.000000] x86 PAT enabled: cpu 0, old 0x7040600070406, new 0x7010600070106\n[    0.000000] found SMP MP-table at [ffff8800000f0b00] f0b00\n[    0.000000] init_memory_mapping: 0000000000000000-0000000003ffe000\n[    0.000000] RAMDISK: 03c5e000 - 03ff0000\n[    0.000000] ACPI: RSDP 00000000000f0950 00014 (v00 BOCHS )\n[    0.000000] ACPI: RSDT 0000000003fffbc1 00034 (v01 BOCHS  BXPCRSDT 00000001 BXPC 00000001)\n[    0.000000] ACPI: FACP 0000000003fff1c0 00074 (v01 BOCHS  BXPCFACP 00000001 BXPC 00000001)\n[    0.000000] ACPI: DSDT 0000000003ffe040 01180 (v01 BOCHS  BXPCDSDT 00000001 BXPC 00000001)\n[    0.000000] ACPI: FACS 0000000003ffe000 00040\n[    0.000000] ACPI: SSDT 0000000003fff234 008DD (v01 BOCHS  BXPCSSDT 00000001 BXPC 00000001)\n[    0.000000] ACPI: APIC 0000000003fffb11 00078 (v01 BOCHS  BXPCAPIC 00000001 BXPC 00000001)\n[    0.000000] ACPI: HPET 0000000003fffb89 00038 (v01 BOCHS  BXPCHPET 00000001 BXPC 00000001)\n[    0.000000] No NUMA configuration found\n[    0.000000] Faking a node at 0000000000000000-0000000003ffe000\n[    0.000000] Initmem setup node 0 0000000000000000-0000000003ffe000\n[    0.000000]   NODE_DATA [0000000003ff6000 - 0000000003ffafff]\n[    0.000000] Zone PFN ranges:\n[    0.000000]   DMA      0x00000010 -&gt; 0x00001000\n[    0.000000]   DMA32    0x00001000 -&gt; 0x00100000\n[    0.000000]   Normal   empty\n[    0.000000] Movable zone start PFN for each node\n[    0.000000] early_node_map[2] active PFN ranges\n[    0.000000]     0: 0x00000010 -&gt; 0x0000009f\n[    0.000000]     0: 0x00000100 -&gt; 0x00003ffe\n[    0.000000] ACPI: PM-Timer IO Port: 0xb008\n[    0.000000] ACPI: LAPIC (acpi_id[0x00] lapic_id[0x00] enabled)\n[    0.000000] ACPI: LAPIC_NMI (acpi_id[0xff] dfl dfl lint[0x1])\n[    0.000000] ACPI: IOAPIC (id[0x00] address[0xfec00000] gsi_base[0])\n[    0.000000] IOAPIC[0]: apic_id 0, version 17, address 0xfec00000, GSI 0-23\n[    0.000000] ACPI: INT_SRC_OVR (bus 0 bus_irq 0 global_irq 2 dfl dfl)\n[    0.000000] ACPI: INT_SRC_OVR (bus 0 bus_irq 5 global_irq 5 high level)\n[    0.000000] ACPI: INT_SRC_OVR (bus 0 bus_irq 9 global_irq 9 high level)\n[    0.000000] ACPI: INT_SRC_OVR (bus 0 bus_irq 10 global_irq 10 high level)\n[    0.000000] ACPI: INT_SRC_OVR (bus 0 bus_irq 11 global_irq 11 high level)\n[    0.000000] Using ACPI (MADT) for SMP configuration information\n[    0.000000] ACPI: HPET id: 0x8086a201 base: 0xfed00000\n[    0.000000] SMP: Allowing 1 CPUs, 0 hotplug CPUs\n[    0.000000] PM: Registered nosave memory: 000000000009f000 - 00000000000a0000\n[    0.000000] PM: Registered nosave memory: 00000000000a0000 - 00000000000f0000\n[    0.000000] PM: Registered nosave memory: 00000000000f0000 - 0000000000100000\n[    0.000000] Allocating PCI resources starting at 4000000 (gap: 4000000:fbfc0000)\n[    0.000000] Booting paravirtualized kernel on bare hardware\n[    0.000000] setup_pe
2016-02-18 11:57:23,526 26332 DEBUG    [tempest.scenario.manager] Console output for b3fa96a6-9a3f-4091-8a1e-0593c12471c8
body=
[    0.000000] Initializing cgroup subsys cpuset
[    0.000000] Initializing cgroup subsys cpu
[    0.000000] Linux version 3.2.0-80-virtual (buildd@batsu) (gcc version 4.6.3 (Ubuntu/Linaro 4.6.3-1ubuntu5) ) #116-Ubuntu SMP Mon Mar 23 17:28:52 UTC 2015 (Ubuntu 3.2.0-80.116-virtual 3.2.68)
[    0.000000] Command line: root=/dev/vda console=tty0 console=ttyS0 no_timer_check
[    0.000000] KERNEL supported cpus:
[    0.000000]   Intel GenuineIntel
[    0.000000]   AMD AuthenticAMD
[    0.000000]   Centaur CentaurHauls
[    0.000000] BIOS-provided physical RAM map:
[    0.000000]  BIOS-e820: 0000000000000000 - 000000000009fc00 (usable)
[    0.000000]  BIOS-e820: 000000000009fc00 - 00000000000a0000 (reserved)
[    0.000000]  BIOS-e820: 00000000000f0000 - 0000000000100000 (reserved)
[    0.000000]  BIOS-e820: 0000000000100000 - 0000000003ffe000 (usable)
[    0.000000]  BIOS-e820: 0000000003ffe000 - 0000000004000000 (reserved)
[    0.000000]  BIOS-e820: 00000000fffc0000 - 0000000100000000 (reserved)
[    0.000000] NX (Execute Disable) protection: active
[    0.000000] SMBIOS 2.4 present.
[    0.000000] No AGP bridge found
[    0.000000] last_pfn = 0x3ffe max_arch_pfn = 0x400000000
[    0.000000] x86 PAT enabled: cpu 0, old 0x7040600070406, new 0x7010600070106
[    0.000000] found SMP MP-table at [ffff8800000f0b00] f0b00
[    0.000000] init_memory_mapping: 0000000000000000-0000000003ffe000
[    0.000000] RAMDISK: 03c5e000 - 03ff0000
[    0.000000] ACPI: RSDP 00000000000f0950 00014 (v00 BOCHS )
[    0.000000] ACPI: RSDT 0000000003fffbc1 00034 (v01 BOCHS  BXPCRSDT 00000001 BXPC 00000001)
[    0.000000] ACPI: FACP 0000000003fff1c0 00074 (v01 BOCHS  BXPCFACP 00000001 BXPC 00000001)
[    0.000000] ACPI: DSDT 0000000003ffe040 01180 (v01 BOCHS  BXPCDSDT 00000001 BXPC 00000001)
[    0.000000] ACPI: FACS 0000000003ffe000 00040
[    0.000000] ACPI: SSDT 0000000003fff234 008DD (v01 BOCHS  BXPCSSDT 00000001 BXPC 00000001)
[    0.000000] ACPI: APIC 0000000003fffb11 00078 (v01 BOCHS  BXPCAPIC 00000001 BXPC 00000001)
[    0.000000] ACPI: HPET 0000000003fffb89 00038 (v01 BOCHS  BXPCHPET 00000001 BXPC 00000001)
[    0.000000] No NUMA configuration found
[    0.000000] Faking a node at 0000000000000000-0000000003ffe000
[    0.000000] Initmem setup node 0 0000000000000000-0000000003ffe000
[    0.000000]   NODE_DATA [0000000003ff6000 - 0000000003ffafff]
[    0.000000] Zone PFN ranges:
[    0.000000]   DMA      0x00000010 -&gt; 0x00001000
[    0.000000]   DMA32    0x00001000 -&gt; 0x00100000
[    0.000000]   Normal   empty
[    0.000000] Movable zone start PFN for each node
[    0.000000] early_node_map[2] active PFN ranges
[    0.000000]     0: 0x00000010 -&gt; 0x0000009f
[    0.000000]     0: 0x00000100 -&gt; 0x00003ffe
[    0.000000] ACPI: PM-Timer IO Port: 0xb008
[    0.000000] ACPI: LAPIC (acpi_id[0x00] lapic_id[0x00] enabled)
[    0.000000] ACPI: LAPIC_NMI (acpi_id[0xff] dfl dfl lint[0x1])
[    0.000000] ACPI: IOAPIC (id[0x00] address[0xfec00000] gsi_base[0])
[    0.000000] IOAPIC[0]: apic_id 0, version 17, address 0xfec00000, GSI 0-23
[    0.000000] ACPI: INT_SRC_OVR (bus 0 bus_irq 0 global_irq 2 dfl dfl)
[    0.000000] ACPI: INT_SRC_OVR (bus 0 bus_irq 5 global_irq 5 high level)
[    0.000000] ACPI: INT_SRC_OVR (bus 0 bus_irq 9 global_irq 9 high level)
[    0.000000] ACPI: INT_SRC_OVR (bus 0 bus_irq 10 global_irq 10 high level)
[    0.000000] ACPI: INT_SRC_OVR (bus 0 bus_irq 11 global_irq 11 high level)
[    0.000000] Using ACPI (MADT) for SMP configuration information
[    0.000000] ACPI: HPET id: 0x8086a201 base: 0xfed00000
[    0.000000] SMP: Allowing 1 CPUs, 0 hotplug CPUs
[    0.000000] PM: Registered nosave memory: 000000000009f000 - 00000000000a0000
[    0.000000] PM: Registered nosave memory: 00000000000a0000 - 00000000000f0000
[    0.000000] PM: Registered nosave memory: 00000000000f0000 - 0000000000100000
[    0.000000] Allocating PCI resources starting at 4000000 (gap: 4000000:fbfc0000)
[    0.000000] Booting paravirtualized kernel on bare hardware
[    0.000000] setup_percpu: NR_CPUS:64 nr_cpumask_bits:64 nr_cpu_ids:1 nr_node_ids:1
[    0.000000] PERCPU: Embedded 27 pages/cpu @ffff880003a00000 s78848 r8192 d23552 u2097152
[    0.000000] Built 1 zonelists in Node order, mobility grouping on.  Total pages: 16008
[    0.000000] Policy zone: DMA32
[    0.000000] Kernel command line: root=/dev/vda console=tty0 console=ttyS0 no_timer_check
[    0.000000] PID hash table entries: 256 (order: -1, 2048 bytes)
[    0.000000] Checking aperture...
[    0.000000] No AGP bridge found
[    0.000000] Memory: 43492k/65528k available (6576k kernel code, 452k absent, 21584k reserved, 6620k data, 928k init)
[    0.000000] SLUB: Genslabs=15, HWalign=64, Order=0-3, MinObjects=0, CPUs=1, Nodes=1
[    0.000000] Hierarchical RCU implementation.
[    0.000000] 	RCU dyntick-idle grace-period acceleration is enabled.
[    0.000000] NR_IRQS:4352 nr_irqs:256 16
[    0.000000] Console: colour VGA+ 80x25
[    0.000000] console [tty0] enabled
[    0.000000] console [ttyS0] enabled
[    0.000000] allocated 1048576 bytes of page_cgroup
[    0.000000] please try 'cgroup_disable=memory' option if you don't want memory cgroups
[    0.000000] Fast TSC calibration failed
[    0.000000] TSC: Unable to calibrate against PIT
[    0.000000] TSC: using HPET reference calibration
[    0.000000] Detected 2293.327 MHz processor.
[    0.033435] Calibrating delay loop (skipped), value calculated using timer frequency.. 4586.65 BogoMIPS (lpj=9173308)
[    0.035572] pid_max: default: 32768 minimum: 301
[    0.041841] Security Framework initialized
[    0.046127] AppArmor: AppArmor initialized
[    0.046728] Yama: becoming mindful.
[    0.053271] Dentry cache hash table entries: 8192 (order: 4, 65536 bytes)
[    0.054745] Inode-cache hash table entries: 4096 (order: 3, 32768 bytes)
[    0.056895] Mount-cache hash table entries: 256
[    0.073715] Initializing cgroup subsys cpuacct
[    0.074627] Initializing cgroup subsys memory
[    0.076723] Initializing cgroup subsys devices
[    0.077416] Initializing cgroup subsys freezer
[    0.078056] Initializing cgroup subsys blkio
[    0.078721] Initializing cgroup subsys perf_event
[    0.082649] mce: CPU supports 10 MCE banks
[    0.085843] SMP alternatives: switching to UP code
[    0.427089] Freeing SMP alternatives: 24k freed
[    0.428821] ACPI: Core revision 20110623
[    0.474487] ftrace: allocating 26610 entries in 105 pages
[    0.502533] ..TIMER: vector=0x30 apic1=0 pin1=2 apic2=-1 pin2=-1
[    0.504153] CPU0: AMD QEMU Virtual CPU version 2.0.0 stepping 03
[    0.508031] Performance Events: Broken PMU hardware detected, using software events only.
[    0.517174] NMI watchdog disabled (cpu0): hardware events not enabled
[    0.518808] Brought up 1 CPUs
[    0.519369] Total of 1 processors activated (4586.65 BogoMIPS).
[    0.543321] devtmpfs: initialized
[    0.573798] EVM: security.selinux
[    0.574298] EVM: security.SMACK64
[    0.574745] EVM: security.capability
[    0.596857] print_constraints: dummy: 
[    0.598455] RTC time: 11:55:00, date: 02/18/16
[    0.602069] NET: Registered protocol family 16
[    0.610692] ACPI: bus type pci registered
[    0.616121] PCI: Using configuration type 1 for base access
[    0.646910] bio: create slab &lt;bio-0&gt; at 0
[    0.652897] ACPI: Added _OSI(Module Device)
[    0.653547] ACPI: Added _OSI(Processor Device)
[    0.654160] ACPI: Added _OSI(3.0 _SCP Extensions)
[    0.655029] ACPI: Added _OSI(Processor Aggregator Device)
[    0.734113] ACPI: Interpreter enabled
[    0.734707] ACPI: (supports S0 S3 S4 S5)
[    0.737466] ACPI: Using IOAPIC for interrupt routing
[    0.811218] ACPI: No dock devices found.
[    0.812184] HEST: Table not found.
[    0.812736] PCI: Using host bridge windows from ACPI; if necessary, use "pci=nocrs" and report a bug
[    0.819014] ACPI: PCI Root Bridge [PCI0] (domain 0000 [bus 00-ff])
[    0.824669] pci_root PNP0A03:00: host bridge window [io  0x0000-0x0cf7]
[    0.825529] pci_root PNP0A03:00: host bridge window [io  0x0d00-0xadff]
[    0.826503] pci_root PNP0A03:00: host bridge window [io  0xae0f-0xaeff]
[    0.827334] pci_root PNP0A03:00: host bridge window [io  0xaf20-0xafdf]
[    0.828102] pci_root PNP0A03:00: host bridge window [io  0xafe4-0xffff]
[    0.829027] pci_root PNP0A03:00: host bridge window [mem 0x000a0000-0x000bffff]
[    0.829952] pci_root PNP0A03:00: host bridge window [mem 0x04000000-0xfebfffff]
[    0.853350] pci 0000:00:01.3: quirk: [io  0xb000-0xb03f] claimed by PIIX4 ACPI
[    0.854650] pci 0000:00:01.3: quirk: [io  0xb100-0xb10f] claimed by PIIX4 SMB
[    0.921050]  pci0000:00: Unable to request _OSC control (_OSC support mask: 0x1e)
[    0.983382] ACPI: PCI Interrupt Link [LNKA] (IRQs 5 *10 11)
[    0.985668] ACPI: PCI Interrupt Link [LNKB] (IRQs 5 *10 11)
[    0.988643] ACPI: PCI Interrupt Link [LNKC] (IRQs 5 10 *11)
[    0.990376] ACPI: PCI Interrupt Link [LNKD] (IRQs 5 10 *11)
[    0.992362] ACPI: PCI Interrupt Link [LNKS] (IRQs *9)
[    0.998269] vgaarb: device added: PCI:0000:00:02.0,decodes=io+mem,owns=io+mem,locks=none
[    1.000340] vgaarb: loaded
[    1.000736] vgaarb: bridge control possible 0000:00:02.0
[    1.005343] i2c-core: driver [aat2870] using legacy suspend method
[    1.006086] i2c-core: driver [aat2870] using legacy resume method
[    1.009266] SCSI subsystem initialized
[    1.012694] usbcore: registered new interface driver usbfs
[    1.014027] usbcore: registered new interface driver hub
[    1.015289] usbcore: registered new device driver usb
[    1.019122] PCI: Using ACPI for IRQ routing
[    1.039020] NetLabel: Initializing
[    1.039465] NetLabel:  domain hash size = 128
[    1.040140] NetLabel:  protocols = UNLABELED CIPSOv4
[    1.044209] NetLabel:  unlabeled traffic allowed by default
[    1.046479] HPET: 3 timers in total, 0 timers will be used for per-cpu timer
[    1.048435] hpet0: at MMIO 0xfed00000, IRQs 2, 8, 0
[    1.049411] hpet0: 3 comparators, 64-bit 100.000000 MHz counter
[    1.062097] Switching to clocksource hpet
[    1.356197] AppArmor: AppArmor Filesystem Enabled
[    1.359027] pnp: PnP ACPI init
[    1.359685] ACPI: bus type pnp registered
[    1.382645] pnp: PnP ACPI: found 9 devices
[    1.383205] ACPI: ACPI bus type pnp unregistered
[    1.451118] NET: Registered protocol family 2
[    1.487908] IP route cache hash table entries: 512 (order: 0, 4096 bytes)
[    1.498098] TCP established hash table entries: 2048 (order: 3, 32768 bytes)
[    1.499711] TCP bind hash table entries: 2048 (order: 3, 32768 bytes)
[    1.501499] TCP: Hash tables configured (established 2048 bind 2048)
[    1.502310] TCP reno registered
[    1.502833] UDP hash table entries: 128 (order: 0, 4096 bytes)
[    1.503797] UDP-Lite hash table entries: 128 (order: 0, 4096 bytes)
[    1.507821] NET: Registered protocol family 1
[    1.509510] pci 0000:00:00.0: Limiting direct PCI/PCI transfers
[    1.510305] pci 0000:00:01.0: PIIX3: Enabling Passive Release
[    1.511258] pci 0000:00:01.0: Activating ISA DMA hang workarounds
[    1.517747] ACPI: PCI Interrupt Link [LNKD] enabled at IRQ 11
[    1.519581] pci 0000:00:01.2: PCI INT D -&gt; Link[LNKD] -&gt; GSI 11 (level, high) -&gt; IRQ 11
[    1.522534] pci 0000:00:01.2: PCI INT D disabled
[    1.541368] Trying to unpack rootfs image as initramfs...
[    1.558203] audit: initializing netlink socket (disabled)
[    1.559616] type=2000 audit(1455796500.556:1): initialized
[    1.847000] HugeTLB registered 2 MB page size, pre-allocated 0 pages
[    1.922971] VFS: Disk quotas dquot_6.5.2
[    1.925298] Dquot-cache hash table entries: 512 (order 0, 4096 bytes)
[    1.946183] fuse init (API version 7.17)
[    1.949464] msgmni has been set to 84
[    1.982086] Block layer SCSI generic (bsg) driver version 0.4 loaded (major 253)
[    1.985793] io scheduler noop registered
[    1.986340] io scheduler deadline registered (default)
[    1.987489] io scheduler cfq registered
[    1.991626] pci_hotplug: PCI Hot Plug PCI Core version: 0.5
[    1.994682] pciehp: PCI Express Hot Plug Controller Driver version: 0.4
[    2.001584] input: Power Button as /devices/LNXSYSTM:00/LNXPWRBN:00/input/input0
[    2.005899] ACPI: Power Button [PWRF]
[    2.074431] ERST: Table is not found!
[    2.075004] GHES: HEST is not enabled!
[    2.094410] ACPI: PCI Interrupt Link [LNKC] enabled at IRQ 10
[    2.095147] virtio-pci 0000:00:03.0: PCI INT A -&gt; Link[LNKC] -&gt; GSI 10 (level, high) -&gt; IRQ 10
[    2.098825] virtio-pci 0000:00:04.0: PCI INT A -&gt; Link[LNKD] -&gt; GSI 11 (level, high) -&gt; IRQ 11
[    2.102750] ACPI: PCI Interrupt Link [LNKA] enabled at IRQ 10
[    2.103458] virtio-pci 0000:00:05.0: PCI INT A -&gt; Link[LNKA] -&gt; GSI 10 (level, high) -&gt; IRQ 10
[    2.118129] Serial: 8250/16550 driver, 32 ports, IRQ sharing enabled
[    2.155908] serial8250: ttyS0 at I/O 0x3f8 (irq = 4) is a 16550A
[    2.240034] serial8250: ttyS1 at I/O 0x2f8 (irq = 3) is a 16550A
[    2.379274] 00:05: ttyS0 at I/O 0x3f8 (irq = 4) is a 16550A
[    2.451452] 00:06: ttyS1 at I/O 0x2f8 (irq = 3) is a 16550A
[    2.492274] Linux agpgart interface v0.103
[    2.525625] Refined TSC clocksource calibration: 2293.348 MHz.
[    2.526390] Switching to clocksource tsc
[    2.547007] brd: module loaded
[    2.574914] loop: module loaded
[    2.637306]  vda: unknown partition table
[    2.689708] scsi0 : ata_piix
[    2.694765] scsi1 : ata_piix
[    2.697408] ata1: PATA max MWDMA2 cmd 0x1f0 ctl 0x3f6 bmdma 0xc0a0 irq 14
[    2.698610] ata2: PATA max MWDMA2 cmd 0x170 ctl 0x376 bmdma 0xc0a8 irq 15
[    2.709180] Fixed MDIO Bus: probed
[    2.710132] tun: Universal TUN/TAP device driver, 1.6
[    2.710703] tun: (C) 1999-2004 Max Krasnyansky &lt;maxk@qualcomm.com&gt;
[    2.729718] PPP generic driver version 2.4.2
[    2.759440] ehci_hcd: USB 2.0 'Enhanced' Host Controller (EHCI) Driver
[    2.762741] ohci_hcd: USB 1.1 'Open' Host Controller (OHCI) Driver
[    2.765238] uhci_hcd: USB Universal Host Controller Interface driver
[    2.767108] uhci_hcd 0000:00:01.2: PCI INT D -&gt; Link[LNKD] -&gt; GSI 11 (level, high) -&gt; IRQ 11
[    2.770790] uhci_hcd 0000:00:01.2: UHCI Host Controller
[    2.782109] uhci_hcd 0000:00:01.2: new USB bus registered, assigned bus number 1
[    2.783778] uhci_hcd 0000:00:01.2: irq 11, io base 0x0000c040
[    2.817834] hub 1-0:1.0: USB hub found
[    2.821995] hub 1-0:1.0: 2 ports detected
[    2.830216] usbcore: registered new interface driver libusual
[    2.834038] i8042: PNP: PS/2 Controller [PNP0303:KBD,PNP0f13:MOU] at 0x60,0x64 irq 1,12
[    2.841190] serio: i8042 KBD port at 0x60,0x64 irq 1
[    2.843107] serio: i8042 AUX port at 0x60,0x64 irq 12
[    2.851245] mousedev: PS/2 mouse device common for all mice
[    2.860573] rtc_cmos 00:01: RTC can wake from S4
[    2.875932] rtc_cmos 00:01: rtc core: registered rtc_cmos as rtc0
[    2.884603] rtc0: alarms up to one day, 114 bytes nvram, hpet irqs
[    2.887918] device-mapper: uevent: version 1.0.3
[    2.929284] input: AT Translated Set 2 keyboard as /devices/platform/i8042/serio0/input/input1
[    2.942505] device-mapper: ioctl: 4.22.0-ioctl (2011-10-19) initialised: dm-devel@redhat.com
[    2.945172] cpuidle: using governor ladder
[    2.946335] cpuidle: using governor menu
[    2.947293] EFI Variables Facility v0.08 2004-May-17
[    2.957293] TCP cubic registered
[    2.961006] NET: Registered protocol family 10
[    2.987361] NET: Registered protocol family 17
[    2.989076] Registering the dns_resolver key type
[    3.011398] ata2.01: ATAPI: QEMU DVD-ROM, 2.0.0, max UDMA/100
[    3.020374] ata2.01: configured for MWDMA2
[    3.052065] scsi 1:0:1:0: CD-ROM            QEMU     QEMU DVD-ROM     2.0. PQ: 0 ANSI: 5
[    3.082908] sr0: scsi3-mmc drive: 4x/4x cd/rw xa/form2 tray
[    3.083978] cdrom: Uniform CD-ROM driver Revision: 3.20
[    3.098192] sr 1:0:1:0: Attached scsi generic sg0 type 5
[    3.121518] registered taskstats version 1
[    3.223003] Freeing initrd memory: 3656k freed
[    3.757136]   Magic number: 4:384:934
[    3.768011] rtc_cmos 00:01: setting system clock to 2016-02-18 11:55:03 UTC (1455796503)
[    3.776023] powernow-k8: Processor cpuid 663 not supported
[    3.786490] BIOS EDD facility v0.16 2004-Jun-25, 0 devices found
[    3.789734] EDD information not available.
[    3.862639] Freeing unused kernel memory: 928k freed
[    3.868994] Write protecting the kernel read-only data: 12288k
[    3.971524] Freeing unused kernel memory: 1596k freed
[    4.037189] Freeing unused kernel memory: 1184k freed

info: initramfs: up at 4.22
modprobe: module virtio_blk not found in modules.dep
modprobe: module virtio_net not found in modules.dep
info: copying initramfs to /dev/vda
info: initramfs loading root from /dev/vda
info: /etc/init.d/rc.sysinit: up at 8.59
info: container: none
Starting logging: OK
modprobe: module virtio_blk not found in modules.dep
modprobe: module virtio_net not found in modules.dep
WARN: /etc/rc3.d/S10-load-modules failed
Initializing random number generator... done.
Starting acpid: OK
cirros-ds 'local' up at 11.07
found datasource (configdrive, local)
Starting network...
udhcpc (v1.20.1) started
Sending discover...
Sending select for 10.100.0.3...
Lease of 10.100.0.3 obtained, lease time 86400
route: SIOCADDRT: File exists
WARN: failed: route add -net "0.0.0.0/0" gw "10.100.0.1"
Starting dropbear sshd: generating rsa key... generating dsa key... OK
no userdata for datasource
=== system information ===
Platform: OpenStack Foundation OpenStack Nova
Container: none
Arch: x86_64
CPU(s): 1 @ 2293.327 MHz
Cores/Sockets/Threads: 1/1/1
Virt-type: AMD-V
RAM Size: 49MB
Disks:
NAME MAJ:MIN     SIZE LABEL         MOUNTPOINT
vda  253:0   25165824 cirros-rootfs /
sr0   11:0     432128 config-2      
=== sshd host keys ===
-----BEGIN SSH HOST KEY KEYS-----
ssh-rsa AAAAB3NzaC1yc2EAAAADAQABAAAAgm0+uIi7ECKQtYOrErJCzfUQa04SlLtQc1kR8W1RHEQMinTq1OJmBNwNEwrNOSzyS/P9yWy6DDz142nDJfg2xwiLZ3bPS/Zpkgeh3CcL7pU+h3G7or7azX8UZ6TzPjPh77uWaGswrDd0kMCfy1mYgeNFtBMSpItE48cuDixB/IgVVF0= root@tempest-server-smoke-1705757845
ssh-dss AAAAB3NzaC1kc3MAAACBAIXOe+ojcLMaS+C8GtwTOwBhEDBh/+3zLZIVjuVg4dtNWxCNlxFhzP4wFyYbr2sASkoD5gihcfJWg6eW+iNeT6LeESt/egbkHJ8dgQ1fpwNLh9NsrTS4J7j3r4Gj7I8IsiBGYGY+ftvEG8MXZh3mj107+8DugfydYz2SHyxZFGfNAAAAFQCGJBd7P3qzPntV97IlKiRKuhYiNwAAAIA9dulP5RcK/FxVQAt0Kc9rFvt+Pp8I6r3fJiHC13Dj5w/thS55p38mJdbQ614et3se7V400ngjJlINl6EQd2e+uDdVs11VPuGoP8/SKGpU0Jy6coNEtNBUCYEthxxjlLO3nKeTHLc6Pb+B3v5JBH2FJo8SXsMzoc9BccBm1PV4BwAAAIBhPYR51fkm8aiLp39sljTQfDFdgLrSIDhxrtZGipQRCIdMrY7XN8zhN26KJsj6yMYv5Fp9+dK/9e5NWyosD+/+MXNZvUT8vhvgPeMPZ4vsAbrGK2Esy9IqVggANKVQdiQSuKeyUiUE08KX488jasB+90xm+ZV3AwgYGJuQG5F10Q== root@tempest-server-smoke-1705757845
-----END SSH HOST KEY KEYS-----
=== network info ===
if-info: lo,up,127.0.0.1,8,::1
if-info: eth0,up,10.100.0.3,28,fe80::f816:3eff:fe71:d706
ip-route:default via 10.100.0.1 dev eth0 
ip-route:10.100.0.0/28 dev eth0  src 10.100.0.3 
ip-route:169.254.169.254 via 10.100.0.1 dev eth0 
=== datasource: configdrive local ===
instance-id: b3fa96a6-9a3f-4091-8a1e-0593c12471c8
name: tempest-server-smoke-1705757845
availability-zone: nova
local-hostname: tempest-server-smoke-1705757845.novalocal
launch-index: 0
=== cirros: current=0.3.4 uptime=22.01 ===
  ____               ____  ____
 / __/ __ ____ ____ / __ \/ __/
/ /__ / // __// __// /_/ /\ \ 
\___//_//_/  /_/   \____/___/ 
   http://cirros-cloud.net


login as 'cirros' user. default password: 'cubswin:)'. use 'sudo' for root.
tempest-server-smoke-1705757845 login: 
2016-02-18 11:57:24,103 26332 INFO     [tempest_lib.common.rest_client] Request (TestNetworkBasicOps:_run_cleanups): 204 DELETE http://10.4.1.3:9696/v2.0/floatingips/fef6dd8d-d5d3-4dd0-bf08-01a094f9ab8f 0.569s
2016-02-18 11:57:24,104 26332 DEBUG    [tempest_lib.common.rest_client] Request - Headers: {'Content-Type': 'application/json', 'Accept': 'application/json', 'X-Auth-Token': '&lt;omitted&gt;'}
        Body: None
    Response - Headers: {'date': 'Thu, 18 Feb 2016 11:57:24 GMT', 'status': '204', 'connection': 'close', 'content-length': '0', 'x-openstack-request-id': 'req-c77063e0-20f6-4629-a943-a9a663b3af5f'}
        Body: 
2016-02-18 11:57:24,488 26332 INFO     [tempest_lib.common.rest_client] Request (TestNetworkBasicOps:_run_cleanups): 204 DELETE http://10.4.1.3:8774/v2.1/906eb2f58c9d4c58975551a69d2391eb/servers/b3fa96a6-9a3f-4091-8a1e-0593c12471c8 0.384s
2016-02-18 11:57:24,489 26332 DEBUG    [tempest_lib.common.rest_client] Request - Headers: {'Content-Type': 'application/json', 'Accept': 'application/json', 'X-Auth-Token': '&lt;omitted&gt;'}
        Body: None
    Response - Headers: {'status': '204', 'content-length': '0', 'x-compute-request-id': 'req-8ff8b18a-7e81-4d9a-b770-cfccde6786a6', 'vary': 'X-OpenStack-Nova-API-Version', 'connection': 'close', 'x-openstack-nova-api-version': '2.1', 'date': 'Thu, 18 Feb 2016 11:57:24 GMT', 'content-type': 'application/json'}
        Body: 
2016-02-18 11:57:25,215 26332 INFO     [tempest_lib.common.rest_client] Request (TestNetworkBasicOps:_run_cleanups): 200 GET http://10.4.1.3:8774/v2.1/906eb2f58c9d4c58975551a69d2391eb/servers/b3fa96a6-9a3f-4091-8a1e-0593c12471c8 0.725s
2016-02-18 11:57:25,216 26332 DEBUG    [tempest_lib.common.rest_client] Request - Headers: {'Content-Type': 'application/json', 'Accept': 'application/json', 'X-Auth-Token': '&lt;omitted&gt;'}
        Body: None
    Response - Headers: {'status': '200', 'content-length': '1762', 'content-location': 'http://10.4.1.3:8774/v2.1/906eb2f58c9d4c58975551a69d2391eb/servers/b3fa96a6-9a3f-4091-8a1e-0593c12471c8', 'x-compute-request-id': 'req-cb2d5866-0d4d-4e3d-beff-d208137e7d5e', 'vary': 'X-OpenStack-Nova-API-Version', 'connection': 'close', 'x-openstack-nova-api-version': '2.1', 'date': 'Thu, 18 Feb 2016 11:57:25 GMT', 'content-type': 'application/json'}
        Body: {"server": {"status": "ACTIVE", "updated": "2016-02-18T11:57:24Z", "hostId": "b324b65dea7b8bf07b3cb68c6265d3fb32fe1303c94f16306a476b86", "addresses": {"tempest-network-smoke--1596772699": [{"OS-EXT-IPS-MAC:mac_addr": "fa:16:3e:71:d7:06", "version": 4, "addr": "10.100.0.3", "OS-EXT-IPS:type": "fixed"}, {"OS-EXT-IPS-MAC:mac_addr": "fa:16:3e:71:d7:06", "version": 4, "addr": "172.24.4.16", "OS-EXT-IPS:type": "floating"}]}, "links": [{"href": "http://10.4.1.3:8774/v2.1/906eb2f58c9d4c58975551a69d2391eb/servers/b3fa96a6-9a3f-4091-8a1e-0593c12471c8", "rel": "self"}, {"href": "http://10.4.1.3:8774/906eb2f58c9d4c58975551a69d2391eb/servers/b3fa96a6-9a3f-4091-8a1e-0593c12471c8", "rel": "bookmark"}], "key_name": "tempest-TestNetworkBasicOps-792751897", "image": {"id": "8fe4ff4b-5dab-4998-a1f8-93d56cbb5019", "links": [{"href": "http://10.4.1.3:8774/906eb2f58c9d4c58975551a69d2391eb/images/8fe4ff4b-5dab-4998-a1f8-93d56cbb5019", "rel": "bookmark"}]}, "OS-EXT-STS:task_state": "deleting", "OS-EXT-STS:vm_state": "active", "OS-SRV-USG:launched_at": "2016-02-18T11:54:56.000000", "flavor": {"id": "42", "links": [{"href": "http://10.4.1.3:8774/906eb2f58c9d4c58975551a69d2391eb/flavors/42", "rel": "bookmark"}]}, "id": "b3fa96a6-9a3f-4091-8a1e-0593c12471c8", "security_groups": [{"name": "tempest-secgroup-smoke-1467878811"}], "OS-SRV-USG:terminated_at": null, "OS-EXT-AZ:availability_zone": "nova", "user_id": "6ebf8c7b638c4bcdb3022354143ff387", "name": "tempest-server-smoke-1705757845", "created": "2016-02-18T11:54:53Z", "tenant_id": "906eb2f58c9d4c58975551a69d2391eb", "OS-DCF:diskConfig": "MANUAL", "os-extended-volumes:volumes_attached": [], "accessIPv4": "", "accessIPv6": "", "progress": 0, "OS-EXT-STS:power_state": 1, "config_drive": "True", "metadata": {}}}
2016-02-18 11:57:26,833 26332 INFO     [tempest_lib.common.rest_client] Request (TestNetworkBasicOps:_run_cleanups): 200 GET http://10.4.1.3:8774/v2.1/906eb2f58c9d4c58975551a69d2391eb/servers/b3fa96a6-9a3f-4091-8a1e-0593c12471c8 0.606s
2016-02-18 11:57:26,834 26332 DEBUG    [tempest_lib.common.rest_client] Request - Headers: {'Content-Type': 'application/json', 'Accept': 'application/json', 'X-Auth-Token': '&lt;omitted&gt;'}
        Body: None
