<?xml version="1.0" encoding="UTF-8"?>
<!DOCTYPE html PUBLIC "-//W3C//DTD XHTML 1.0 Strict//EN"
     "http://www.w3.org/TR/xhtml1/DTD/xhtml1-strict.dtd">
<html xmlns="http://www.w3.org/1999/xhtml">
<head>
    <title>Unit Test Report</title>
    <meta name="generator" content="subunit2html 0.1"/>
    <meta http-equiv="Content-Type" content="text/html; charset=UTF-8"/>
    
<style type="text/css" media="screen">
body        { font-family: verdana, arial, helvetica, sans-serif;
    font-size: 80%; }
table       { font-size: 100%; width: 100%;}
pre         { font-size: 80%; }

/* -- heading -------------------------------------------------------------- */
h1 {
        font-size: 16pt;
        color: gray;
}
.heading {
    margin-top: 0ex;
    margin-bottom: 1ex;
}

.heading .attribute {
    margin-top: 1ex;
    margin-bottom: 0;
}

.heading .description {
    margin-top: 4ex;
    margin-bottom: 6ex;
}

/* -- css div popup -------------------------------------------------------- */
a.popup_link {
}

a.popup_link:hover {
    color: red;
}

.popup_window {
    display: none;
    overflow-x: scroll;
    /*border: solid #627173 1px; */
    padding: 10px;
    background-color: #E6E6D6;
    font-family: "Ubuntu Mono", "Lucida Console", "Courier New", monospace;
    text-align: left;
    font-size: 8pt;
}

}
/* -- report --------------------------------------------------------------- */
#show_detail_line {
    margin-top: 3ex;
    margin-bottom: 1ex;
}
#result_table {
    width: 100%;
    border-collapse: collapse;
    border: 1px solid #777;
}
#header_row {
    font-weight: bold;
    color: white;
    background-color: #777;
}
#result_table td {
    border: 1px solid #777;
    padding: 2px;
}
#total_row  { font-weight: bold; }
.passClass  { background-color: #6c6; }
.failClass  { background-color: #c60; }
.errorClass { background-color: #c00; }
.passCase   { color: #6c6; }
.failCase   { color: #c60; font-weight: bold; }
.errorCase  { color: #c00; font-weight: bold; }
.hiddenRow  { display: none; }
.testcase   { margin-left: 2em; }
td.testname {width: 40%}
td.small {width: 40px}

/* -- ending --------------------------------------------------------------- */
#ending {
}

</style>

</head>
<body>
<script language="javascript" type="text/javascript"><!--
output_list = Array();

/* level - 0:Summary; 1:Failed; 2:All */
function showCase(level) {
    trs = document.getElementsByTagName("tr");
    for (var i = 0; i < trs.length; i++) {
        tr = trs[i];
        id = tr.id;
        if (id.substr(0,2) == 'ft') {
            if (level < 1) {
                tr.className = 'hiddenRow';
            }
            else {
                tr.className = '';
            }
        }
        if (id.substr(0,2) == 'pt') {
            if (level > 1) {
                tr.className = '';
            }
            else {
                tr.className = 'hiddenRow';
            }
        }
    }
}


function showClassDetail(cid, count) {
    var id_list = Array(count);
    var toHide = 1;
    for (var i = 0; i < count; i++) {
        tid0 = 't' + cid.substr(1) + '.' + (i+1);
        tid = 'f' + tid0;
        tr = document.getElementById(tid);
        if (!tr) {
            tid = 'p' + tid0;
            tr = document.getElementById(tid);
        }
        id_list[i] = tid;
        if (tr.className) {
            toHide = 0;
        }
    }
    for (var i = 0; i < count; i++) {
        tid = id_list[i];
        if (toHide) {
            document.getElementById('div_'+tid).style.display = 'none'
            document.getElementById(tid).className = 'hiddenRow';
        }
        else {
            document.getElementById(tid).className = '';
        }
    }
}


function showTestDetail(div_id){
    var details_div = document.getElementById(div_id)
    var displayState = details_div.style.display
    // alert(displayState)
    if (displayState != 'block' ) {
        displayState = 'block'
        details_div.style.display = 'block'
    }
    else {
        details_div.style.display = 'none'
    }
}


function html_escape(s) {
    s = s.replace(/&/g,'&amp;');
    s = s.replace(/</g,'&lt;');
    s = s.replace(/>/g,'&gt;');
    return s;
}

/* obsoleted by detail in <div>
function showOutput(id, name) {
    var w = window.open("", //url
                    name,
                    "resizable,scrollbars,status,width=800,height=450");
    d = w.document;
    d.write("<pre>");
    d.write(html_escape(output_list[id]));
    d.write("\n");
    d.write("<a href='javascript:window.close()'>close</a>\n");
    d.write("</pre>\n");
    d.close();
}
*/
--></script>

<div class='heading'>
<h1>Unit Test Report</h1>

<p class='attribute'><strong>Status:</strong> Pass 1 Failure 7 Skip 1</p>

<p class='description'></p>
</div>



<p id='show_detail_line'>Show
<a href='javascript:showCase(0)'>Summary</a>
<a href='javascript:showCase(1)'>Failed</a>
<a href='javascript:showCase(2)'>All</a>
</p>
<table id='result_table'>
<colgroup>
<col align='left' />
<col align='right' />
<col align='right' />
<col align='right' />
<col align='right' />
<col align='right' />
<col align='right' />
<col align='right' />
</colgroup>
<tr id='header_row'>
    <td>Test Group/Test case</td>
    <td>Count</td>
    <td>Pass</td>
    <td>Fail</td>
    <td>Error</td>
    <td>Skip</td>
    <td>View</td>
    <td> </td>
</tr>

<tr class='failClass'>
    <td class="testname">tempest.scenario.test_network_basic_ops.TestNetworkBasicOps</td>
    <td class="small">9</td>
    <td class="small">1</td>
    <td class="small">7</td>
    <td class="small">0</td>
    <td class="small">1</td>
    <td class="small"><a href="javascript:showClassDetail('c1',9)"
>Detail</a></td>
    <td> </td>
</tr>

<tr id='ft1.1' class='none'>
    <td class='failCase'><div class='testcase'>test_connectivity_between_vms_on_different_networks[compute,id-1546850e-fbaa-42f5-8b5f-03d8a6a95f15,network]</div></td>
    <td colspan='7' align='left'>

    <!--css div popup start-->
    <a class="popup_link" onfocus='this.blur();'
    href="javascript:showTestDetail('div_ft1.1')" >
        fail</a>

    <div id='div_ft1.1' class="popup_window">
        <div style='text-align: right; color:red;cursor:pointer'>
        <a onfocus='this.blur();'
onclick="document.getElementById('div_ft1.1').style.display = 'none' " >
           [x]</a>
        </div>
        <pre>
        
ft1.1: tempest.scenario.test_network_basic_ops.TestNetworkBasicOps.test_connectivity_between_vms_on_different_networks[compute,id-1546850e-fbaa-42f5-8b5f-03d8a6a95f15,network]_StringException: Empty attachments:
  stderr
  stdout

pythonlogging:'': {{{
2015-12-10 17:41:13,589 24480 INFO     [tempest_lib.common.rest_client] Request (TestNetworkBasicOps:test_connectivity_between_vms_on_different_networks): 201 POST http://10.0.2.15:9696/v2.0/security-groups 0.385s
2015-12-10 17:41:13,589 24480 DEBUG    [tempest_lib.common.rest_client] Request - Headers: {'Content-Type': 'application/json', 'Accept': 'application/json', 'X-Auth-Token': '&lt;omitted&gt;'}
        Body: {"security_group": {"tenant_id": "c349c21b5ffa440fa4070d12e7a95b5b", "description": "tempest-secgroup-smoke-90708093 description", "name": "tempest-secgroup-smoke-90708093"}}
    Response - Headers: {'status': '201', 'content-length': '884', 'connection': 'close', 'date': 'Thu, 10 Dec 2015 17:41:13 GMT', 'content-type': 'application/json; charset=UTF-8', 'x-openstack-request-id': 'req-74b34e24-6be2-410e-901e-924d8146e369'}
        Body: {"security_group": {"tenant_id": "c349c21b5ffa440fa4070d12e7a95b5b", "description": "tempest-secgroup-smoke-90708093 description", "id": "2c062615-a6ef-40ce-b819-46fc224d259a", "security_group_rules": [{"remote_group_id": null, "direction": "egress", "remote_ip_prefix": null, "protocol": null, "ethertype": "IPv4", "tenant_id": "c349c21b5ffa440fa4070d12e7a95b5b", "port_range_max": null, "port_range_min": null, "id": "ba4955e6-c75e-4280-bbac-b0730698ff46", "security_group_id": "2c062615-a6ef-40ce-b819-46fc224d259a"}, {"remote_group_id": null, "direction": "egress", "remote_ip_prefix": null, "protocol": null, "ethertype": "IPv6", "tenant_id": "c349c21b5ffa440fa4070d12e7a95b5b", "port_range_max": null, "port_range_min": null, "id": "66735ff7-75bf-4b95-b159-2b7fd0049a6f", "security_group_id": "2c062615-a6ef-40ce-b819-46fc224d259a"}], "name": "tempest-secgroup-smoke-90708093"}}
2015-12-10 17:41:13,716 24480 INFO     [tempest_lib.common.rest_client] Request (TestNetworkBasicOps:test_connectivity_between_vms_on_different_networks): 201 POST http://10.0.2.15:9696/v2.0/security-group-rules 0.125s
2015-12-10 17:41:13,717 24480 DEBUG    [tempest_lib.common.rest_client] Request - Headers: {'Content-Type': 'application/json', 'Accept': 'application/json', 'X-Auth-Token': '&lt;omitted&gt;'}
        Body: {"security_group_rule": {"direction": "ingress", "protocol": "tcp", "tenant_id": "c349c21b5ffa440fa4070d12e7a95b5b", "port_range_max": 22, "security_group_id": "2c062615-a6ef-40ce-b819-46fc224d259a", "port_range_min": 22}}
    Response - Headers: {'status': '201', 'content-length': '340', 'connection': 'close', 'date': 'Thu, 10 Dec 2015 17:41:13 GMT', 'content-type': 'application/json; charset=UTF-8', 'x-openstack-request-id': 'req-a609e532-0613-4cab-9319-98c5f22b1134'}
        Body: {"security_group_rule": {"remote_group_id": null, "direction": "ingress", "remote_ip_prefix": null, "protocol": "tcp", "ethertype": "IPv4", "tenant_id": "c349c21b5ffa440fa4070d12e7a95b5b", "port_range_max": 22, "port_range_min": 22, "id": "087b12a6-81bc-42d2-86e3-c3a4514a3e0a", "security_group_id": "2c062615-a6ef-40ce-b819-46fc224d259a"}}
2015-12-10 17:41:13,842 24480 INFO     [tempest_lib.common.rest_client] Request (TestNetworkBasicOps:test_connectivity_between_vms_on_different_networks): 201 POST http://10.0.2.15:9696/v2.0/security-group-rules 0.124s
2015-12-10 17:41:13,843 24480 DEBUG    [tempest_lib.common.rest_client] Request - Headers: {'Content-Type': 'application/json', 'Accept': 'application/json', 'X-Auth-Token': '&lt;omitted&gt;'}
        Body: {"security_group_rule": {"direction": "egress", "protocol": "tcp", "tenant_id": "c349c21b5ffa440fa4070d12e7a95b5b", "port_range_max": 22, "security_group_id": "2c062615-a6ef-40ce-b819-46fc224d259a", "port_range_min": 22}}
    Response - Headers: {'status': '201', 'content-length': '339', 'connection': 'close', 'date': 'Thu, 10 Dec 2015 17:41:13 GMT', 'content-type': 'application/json; charset=UTF-8', 'x-openstack-request-id': 'req-f9c5f382-b62a-4555-b946-f0f9ed87df9e'}
        Body: {"security_group_rule": {"remote_group_id": null, "direction": "egress", "remote_ip_prefix": null, "protocol": "tcp", "ethertype": "IPv4", "tenant_id": "c349c21b5ffa440fa4070d12e7a95b5b", "port_range_max": 22, "port_range_min": 22, "id": "a7eb7ce4-2e05-4242-8924-b3a7b283191d", "security_group_id": "2c062615-a6ef-40ce-b819-46fc224d259a"}}
2015-12-10 17:41:13,974 24480 INFO     [tempest_lib.common.rest_client] Request (TestNetworkBasicOps:test_connectivity_between_vms_on_different_networks): 201 POST http://10.0.2.15:9696/v2.0/security-group-rules 0.128s
2015-12-10 17:41:13,974 24480 DEBUG    [tempest_lib.common.rest_client] Request - Headers: {'Content-Type': 'application/json', 'Accept': 'application/json', 'X-Auth-Token': '&lt;omitted&gt;'}
        Body: {"security_group_rule": {"tenant_id": "c349c21b5ffa440fa4070d12e7a95b5b", "direction": "ingress", "protocol": "icmp", "security_group_id": "2c062615-a6ef-40ce-b819-46fc224d259a"}}
    Response - Headers: {'status': '201', 'content-length': '345', 'connection': 'close', 'date': 'Thu, 10 Dec 2015 17:41:13 GMT', 'content-type': 'application/json; charset=UTF-8', 'x-openstack-request-id': 'req-839013e9-c0aa-4fab-8eea-87641a79c870'}
        Body: {"security_group_rule": {"remote_group_id": null, "direction": "ingress", "remote_ip_prefix": null, "protocol": "icmp", "ethertype": "IPv4", "tenant_id": "c349c21b5ffa440fa4070d12e7a95b5b", "port_range_max": null, "port_range_min": null, "id": "b4c76f97-c44f-4b22-a6c5-58f2aab381cc", "security_group_id": "2c062615-a6ef-40ce-b819-46fc224d259a"}}
2015-12-10 17:41:14,092 24480 INFO     [tempest_lib.common.rest_client] Request (TestNetworkBasicOps:test_connectivity_between_vms_on_different_networks): 201 POST http://10.0.2.15:9696/v2.0/security-group-rules 0.116s
2015-12-10 17:41:14,093 24480 DEBUG    [tempest_lib.common.rest_client] Request - Headers: {'Content-Type': 'application/json', 'Accept': 'application/json', 'X-Auth-Token': '&lt;omitted&gt;'}
        Body: {"security_group_rule": {"tenant_id": "c349c21b5ffa440fa4070d12e7a95b5b", "direction": "egress", "protocol": "icmp", "security_group_id": "2c062615-a6ef-40ce-b819-46fc224d259a"}}
    Response - Headers: {'status': '201', 'content-length': '344', 'connection': 'close', 'date': 'Thu, 10 Dec 2015 17:41:14 GMT', 'content-type': 'application/json; charset=UTF-8', 'x-openstack-request-id': 'req-4c69c821-5ced-4bcc-8fe9-3f651893b425'}
        Body: {"security_group_rule": {"remote_group_id": null, "direction": "egress", "remote_ip_prefix": null, "protocol": "icmp", "ethertype": "IPv4", "tenant_id": "c349c21b5ffa440fa4070d12e7a95b5b", "port_range_max": null, "port_range_min": null, "id": "26da867a-54a7-442f-8767-56505938b25e", "security_group_id": "2c062615-a6ef-40ce-b819-46fc224d259a"}}
2015-12-10 17:41:14,223 24480 INFO     [tempest_lib.common.rest_client] Request (TestNetworkBasicOps:test_connectivity_between_vms_on_different_networks): 201 POST http://10.0.2.15:9696/v2.0/security-group-rules 0.129s
2015-12-10 17:41:14,223 24480 DEBUG    [tempest_lib.common.rest_client] Request - Headers: {'Content-Type': 'application/json', 'Accept': 'application/json', 'X-Auth-Token': '&lt;omitted&gt;'}
        Body: {"security_group_rule": {"tenant_id": "c349c21b5ffa440fa4070d12e7a95b5b", "direction": "ingress", "security_group_id": "2c062615-a6ef-40ce-b819-46fc224d259a", "protocol": "icmp", "ethertype": "IPv6"}}
    Response - Headers: {'status': '201', 'content-length': '345', 'connection': 'close', 'date': 'Thu, 10 Dec 2015 17:41:14 GMT', 'content-type': 'application/json; charset=UTF-8', 'x-openstack-request-id': 'req-6c343f82-c46a-4e73-8fb6-31bcaca65bd8'}
        Body: {"security_group_rule": {"remote_group_id": null, "direction": "ingress", "remote_ip_prefix": null, "protocol": "icmp", "ethertype": "IPv6", "tenant_id": "c349c21b5ffa440fa4070d12e7a95b5b", "port_range_max": null, "port_range_min": null, "id": "6611ce8f-3261-4fd9-b5be-88d7a4680ee0", "security_group_id": "2c062615-a6ef-40ce-b819-46fc224d259a"}}
2015-12-10 17:41:14,500 24480 INFO     [tempest_lib.common.rest_client] Request (TestNetworkBasicOps:test_connectivity_between_vms_on_different_networks): 201 POST http://10.0.2.15:9696/v2.0/security-group-rules 0.275s
2015-12-10 17:41:14,501 24480 DEBUG    [tempest_lib.common.rest_client] Request - Headers: {'Content-Type': 'application/json', 'Accept': 'application/json', 'X-Auth-Token': '&lt;omitted&gt;'}
        Body: {"security_group_rule": {"tenant_id": "c349c21b5ffa440fa4070d12e7a95b5b", "direction": "egress", "security_group_id": "2c062615-a6ef-40ce-b819-46fc224d259a", "protocol": "icmp", "ethertype": "IPv6"}}
    Response - Headers: {'status': '201', 'content-length': '344', 'connection': 'close', 'date': 'Thu, 10 Dec 2015 17:41:14 GMT', 'content-type': 'application/json; charset=UTF-8', 'x-openstack-request-id': 'req-313de836-b973-447f-8f62-bcff66e5c68c'}
        Body: {"security_group_rule": {"remote_group_id": null, "direction": "egress", "remote_ip_prefix": null, "protocol": "icmp", "ethertype": "IPv6", "tenant_id": "c349c21b5ffa440fa4070d12e7a95b5b", "port_range_max": null, "port_range_min": null, "id": "9b7fec9a-71c6-44af-afcc-ed9ee650e5c4", "security_group_id": "2c062615-a6ef-40ce-b819-46fc224d259a"}}
2015-12-10 17:41:14,695 24480 INFO     [tempest_lib.common.rest_client] Request (TestNetworkBasicOps:test_connectivity_between_vms_on_different_networks): 201 POST http://10.0.2.15:9696/v2.0/networks 0.192s
2015-12-10 17:41:14,695 24480 DEBUG    [tempest_lib.common.rest_client] Request - Headers: {'Content-Type': 'application/json', 'Accept': 'application/json', 'X-Auth-Token': '&lt;omitted&gt;'}
        Body: {"network": {"tenant_id": "c349c21b5ffa440fa4070d12e7a95b5b", "name": "tempest-network-smoke--905684605"}}
    Response - Headers: {'status': '201', 'content-length': '328', 'connection': 'close', 'date': 'Thu, 10 Dec 2015 17:41:14 GMT', 'content-type': 'application/json; charset=UTF-8', 'x-openstack-request-id': 'req-871c64d3-334d-4854-b352-cc1a49437aee'}
        Body: {"network": {"status": "ACTIVE", "subnets": [], "availability_zone_hints": "[]", "name": "tempest-network-smoke--905684605", "admin_state_up": true, "tenant_id": "c349c21b5ffa440fa4070d12e7a95b5b", "mtu": 0, "router:external": false, "shared": false, "port_security_enabled": true, "id": "5a52aba7-e8fe-49f4-b2cd-171796457fb3"}}
2015-12-10 17:41:14,785 24480 INFO     [tempest_lib.common.rest_client] Request (TestNetworkBasicOps:test_connectivity_between_vms_on_different_networks): 201 POST http://10.0.2.15:9696/v2.0/routers 0.088s
2015-12-10 17:41:14,786 24480 DEBUG    [tempest_lib.common.rest_client] Request - Headers: {'Content-Type': 'application/json', 'Accept': 'application/json', 'X-Auth-Token': '&lt;omitted&gt;'}
        Body: {"router": {"tenant_id": "c349c21b5ffa440fa4070d12e7a95b5b", "name": "tempest-router-smoke-2032414619", "admin_state_up": true}}
    Response - Headers: {'status': '201', 'content-length': '296', 'connection': 'close', 'date': 'Thu, 10 Dec 2015 17:41:14 GMT', 'content-type': 'application/json; charset=UTF-8', 'x-openstack-request-id': 'req-f0a47d9e-0809-43a2-a5ff-38065441d7f1'}
        Body: {"router": {"status": "ACTIVE", "external_gateway_info": null, "availability_zone_hints": [], "availability_zones": [], "name": "tempest-router-smoke-2032414619", "admin_state_up": true, "tenant_id": "c349c21b5ffa440fa4070d12e7a95b5b", "routes": [], "id": "4a2bf95c-8992-41d4-8930-0c5630bbe069"}}
2015-12-10 17:41:14,843 24480 INFO     [tempest_lib.common.rest_client] Request (TestNetworkBasicOps:test_connectivity_between_vms_on_different_networks): 200 GET http://10.0.2.15:9696/v2.0/routers/4a2bf95c-8992-41d4-8930-0c5630bbe069 0.056s
2015-12-10 17:41:14,844 24480 DEBUG    [tempest_lib.common.rest_client] Request - Headers: {'Content-Type': 'application/json', 'Accept': 'application/json', 'X-Auth-Token': '&lt;omitted&gt;'}
        Body: None
    Response - Headers: {'status': '200', 'content-length': '296', 'content-location': 'http://10.0.2.15:9696/v2.0/routers/4a2bf95c-8992-41d4-8930-0c5630bbe069', 'connection': 'close', 'date': 'Thu, 10 Dec 2015 17:41:14 GMT', 'content-type': 'application/json; charset=UTF-8', 'x-openstack-request-id': 'req-cff259e1-31bf-4f95-9ec9-46bbd0417e01'}
        Body: {"router": {"status": "ACTIVE", "external_gateway_info": null, "availability_zone_hints": [], "availability_zones": [], "name": "tempest-router-smoke-2032414619", "admin_state_up": true, "tenant_id": "c349c21b5ffa440fa4070d12e7a95b5b", "routes": [], "id": "4a2bf95c-8992-41d4-8930-0c5630bbe069"}}
2015-12-10 17:41:15,611 24480 INFO     [tempest_lib.common.rest_client] Request (TestNetworkBasicOps:test_connectivity_between_vms_on_different_networks): 200 PUT http://10.0.2.15:9696/v2.0/routers/4a2bf95c-8992-41d4-8930-0c5630bbe069 0.766s
2015-12-10 17:41:15,611 24480 DEBUG    [tempest_lib.common.rest_client] Request - Headers: {'Content-Type': 'application/json', 'Accept': 'application/json', 'X-Auth-Token': '&lt;omitted&gt;'}
        Body: {"router": {"external_gateway_info": {"network_id": "6c483340-8078-47a2-81f2-f0ad2553c1cf"}, "name": "tempest-router-smoke-2032414619", "admin_state_up": true}}
    Response - Headers: {'status': '200', 'content-length': '558', 'connection': 'close', 'date': 'Thu, 10 Dec 2015 17:41:15 GMT', 'content-type': 'application/json; charset=UTF-8', 'x-openstack-request-id': 'req-601fb208-728d-4989-a321-c4ce9c3567b9'}
        Body: {"router": {"status": "ACTIVE", "external_gateway_info": {"network_id": "6c483340-8078-47a2-81f2-f0ad2553c1cf", "enable_snat": true, "external_fixed_ips": [{"subnet_id": "e4b4c1e4-5c52-40a0-9dd8-c96e1309ff70", "ip_address": "172.24.4.3"}, {"subnet_id": "3e3e325c-1ecb-44d5-801e-12e5ba55498a", "ip_address": "2001:db8::4"}]}, "availability_zone_hints": [], "availability_zones": [], "name": "tempest-router-smoke-2032414619", "admin_state_up": true, "tenant_id": "c349c21b5ffa440fa4070d12e7a95b5b", "routes": [], "id": "4a2bf95c-8992-41d4-8930-0c5630bbe069"}}
2015-12-10 17:41:15,754 24480 INFO     [tempest_lib.common.rest_client] Request (TestNetworkBasicOps:test_connectivity_between_vms_on_different_networks): 200 GET http://10.0.2.15:9696/v2.0/subnets?tenant_id=c349c21b5ffa440fa4070d12e7a95b5b&amp;cidr=10.100.0.0%2F28 0.141s
2015-12-10 17:41:15,754 24480 DEBUG    [tempest_lib.common.rest_client] Request - Headers: {'Content-Type': 'application/json', 'Accept': 'application/json', 'X-Auth-Token': '&lt;omitted&gt;'}
        Body: None
    Response - Headers: {'status': '200', 'content-length': '15', 'content-location': 'http://10.0.2.15:9696/v2.0/subnets?tenant_id=c349c21b5ffa440fa4070d12e7a95b5b&amp;cidr=10.100.0.0%2F28', 'connection': 'close', 'date': 'Thu, 10 Dec 2015 17:41:15 GMT', 'content-type': 'application/json; charset=UTF-8', 'x-openstack-request-id': 'req-270f5533-462f-41ec-934b-b92b18270b66'}
        Body: {"subnets": []}
2015-12-10 17:41:16,096 24480 INFO     [tempest_lib.common.rest_client] Request (TestNetworkBasicOps:test_connectivity_between_vms_on_different_networks): 201 POST http://10.0.2.15:9696/v2.0/subnets 0.340s
2015-12-10 17:41:16,096 24480 DEBUG    [tempest_lib.common.rest_client] Request - Headers: {'Content-Type': 'application/json', 'Accept': 'application/json', 'X-Auth-Token': '&lt;omitted&gt;'}
        Body: {"subnet": {"ip_version": 4, "tenant_id": "c349c21b5ffa440fa4070d12e7a95b5b", "cidr": "10.100.0.0/28", "network_id": "5a52aba7-e8fe-49f4-b2cd-171796457fb3", "name": "tempest-subnet-smoke-2032555279"}}
    Response - Headers: {'status': '201', 'content-length': '478', 'connection': 'close', 'date': 'Thu, 10 Dec 2015 17:41:16 GMT', 'content-type': 'application/json; charset=UTF-8', 'x-openstack-request-id': 'req-a02d6ff9-8af9-4d35-8528-478e45af9d19'}
        Body: {"subnet": {"name": "tempest-subnet-smoke-2032555279", "enable_dhcp": true, "network_id": "5a52aba7-e8fe-49f4-b2cd-171796457fb3", "tenant_id": "c349c21b5ffa440fa4070d12e7a95b5b", "dns_nameservers": [], "gateway_ip": "10.100.0.1", "ipv6_ra_mode": null, "allocation_pools": [{"start": "10.100.0.2", "end": "10.100.0.14"}], "host_routes": [], "ip_version": 4, "ipv6_address_mode": null, "cidr": "10.100.0.0/28", "id": "8d343aef-af29-43ac-9c15-ecec910be955", "subnetpool_id": null}}
2015-12-10 17:41:16,726 24480 INFO     [tempest_lib.common.rest_client] Request (TestNetworkBasicOps:test_connectivity_between_vms_on_different_networks): 200 PUT http://10.0.2.15:9696/v2.0/routers/4a2bf95c-8992-41d4-8930-0c5630bbe069/add_router_interface 0.628s
2015-12-10 17:41:16,726 24480 DEBUG    [tempest_lib.common.rest_client] Request - Headers: {'Content-Type': 'application/json', 'Accept': 'application/json', 'X-Auth-Token': '&lt;omitted&gt;'}
        Body: {"subnet_id": "8d343aef-af29-43ac-9c15-ecec910be955"}
    Response - Headers: {'status': '200', 'content-length': '255', 'connection': 'close', 'date': 'Thu, 10 Dec 2015 17:41:16 GMT', 'content-type': 'application/json; charset=UTF-8', 'x-openstack-request-id': 'req-1a141bc3-b1bc-4b9a-9a1e-1daefbbdd132'}
        Body: {"subnet_id": "8d343aef-af29-43ac-9c15-ecec910be955", "tenant_id": "c349c21b5ffa440fa4070d12e7a95b5b", "subnet_ids": ["8d343aef-af29-43ac-9c15-ecec910be955"], "port_id": "ab67507c-424d-475f-9a52-22edb0be34a3", "id": "4a2bf95c-8992-41d4-8930-0c5630bbe069"}
2015-12-10 17:41:16,923 24480 INFO     [tempest_lib.common.rest_client] Request (TestNetworkBasicOps:test_connectivity_between_vms_on_different_networks): 200 GET http://10.0.2.15:9696/v2.0/networks 0.196s
2015-12-10 17:41:16,923 24480 DEBUG    [tempest_lib.common.rest_client] Request - Headers: {'Content-Type': 'application/json', 'Accept': 'application/json', 'X-Auth-Token': '&lt;omitted&gt;'}
        Body: None
    Response - Headers: {'status': '200', 'content-length': '1506', 'content-location': 'http://10.0.2.15:9696/v2.0/networks', 'connection': 'close', 'date': 'Thu, 10 Dec 2015 17:41:16 GMT', 'content-type': 'application/json; charset=UTF-8', 'x-openstack-request-id': 'req-a19f49ab-b075-4ef6-854b-42f9485dc894'}
        Body: {"networks": [{"status": "ACTIVE", "subnets": ["8d343aef-af29-43ac-9c15-ecec910be955"], "availability_zone_hints": [], "availability_zones": ["nova"], "name": "tempest-network-smoke--905684605", "provider:physical_network": null, "admin_state_up": true, "tenant_id": "c349c21b5ffa440fa4070d12e7a95b5b", "mtu": 0, "router:external": false, "shared": false, "port_security_enabled": true, "provider:network_type": "vxlan", "id": "5a52aba7-e8fe-49f4-b2cd-171796457fb3", "provider:segmentation_id": 1081}, {"status": "ACTIVE", "subnets": ["3e3e325c-1ecb-44d5-801e-12e5ba55498a", "e4b4c1e4-5c52-40a0-9dd8-c96e1309ff70"], "availability_zone_hints": [], "availability_zones": ["nova"], "name": "public", "provider:physical_network": null, "admin_state_up": true, "tenant_id": "2bbf20d34b014e44ac5328114a6a4864", "mtu": 0, "router:external": true, "shared": false, "port_security_enabled": true, "provider:network_type": "vxlan", "id": "6c483340-8078-47a2-81f2-f0ad2553c1cf", "provider:segmentation_id": 1003}, {"status": "ACTIVE", "subnets": ["305e0468-9db6-4b66-b4e8-487dcd7f5566", "c1a4bb4d-e05e-4910-9a5a-3135e95aa7dc"], "availability_zone_hints": [], "availability_zones": ["nova"], "name": "private", "provider:physical_network": null, "admin_state_up": true, "tenant_id": "19fe3e2b0dad477ca25f2ac6de864738", "mtu": 0, "router:external": false, "shared": false, "port_security_enabled": true, "provider:network_type": "vxlan", "id": "07a7f4e4-f8ac-446a-8c7a-5871f91477e2", "provider:segmentation_id": 1069}]}
2015-12-10 17:41:17,040 24480 INFO     [tempest_lib.common.rest_client] Request (TestNetworkBasicOps:test_connectivity_between_vms_on_different_networks): 200 GET http://10.0.2.15:9696/v2.0/subnets 0.115s
2015-12-10 17:41:17,041 24480 DEBUG    [tempest_lib.common.rest_client] Request - Headers: {'Content-Type': 'application/json', 'Accept': 'application/json', 'X-Auth-Token': '&lt;omitted&gt;'}
        Body: None
    Response - Headers: {'status': '200', 'content-length': '2408', 'content-location': 'http://10.0.2.15:9696/v2.0/subnets', 'connection': 'close', 'date': 'Thu, 10 Dec 2015 17:41:17 GMT', 'content-type': 'application/json; charset=UTF-8', 'x-openstack-request-id': 'req-6774d1bb-372c-4493-83e3-f6765480ae7d'}
        Body: {"subnets": [{"name": "ipv6-public-subnet", "enable_dhcp": false, "network_id": "6c483340-8078-47a2-81f2-f0ad2553c1cf", "tenant_id": "2bbf20d34b014e44ac5328114a6a4864", "dns_nameservers": [], "gateway_ip": "2001:db8::2", "ipv6_ra_mode": null, "allocation_pools": [{"start": "2001:db8::3", "end": "2001:db8::ffff:ffff:ffff:ffff"}, {"start": "2001:db8::1", "end": "2001:db8::1"}], "host_routes": [], "ip_version": 6, "ipv6_address_mode": null, "cidr": "2001:db8::/64", "id": "3e3e325c-1ecb-44d5-801e-12e5ba55498a", "subnetpool_id": null}, {"name": "tempest-subnet-smoke-2032555279", "enable_dhcp": true, "network_id": "5a52aba7-e8fe-49f4-b2cd-171796457fb3", "tenant_id": "c349c21b5ffa440fa4070d12e7a95b5b", "dns_nameservers": [], "gateway_ip": "10.100.0.1", "ipv6_ra_mode": null, "allocation_pools": [{"start": "10.100.0.2", "end": "10.100.0.14"}], "host_routes": [], "ip_version": 4, "ipv6_address_mode": null, "cidr": "10.100.0.0/28", "id": "8d343aef-af29-43ac-9c15-ecec910be955", "subnetpool_id": null}, {"name": "ipv6-private-subnet", "enable_dhcp": true, "network_id": "07a7f4e4-f8ac-446a-8c7a-5871f91477e2", "tenant_id": "19fe3e2b0dad477ca25f2ac6de864738", "dns_nameservers": [], "gateway_ip": "fd50:48c5:fd7d::1", "ipv6_ra_mode": "slaac", "allocation_pools": [{"start": "fd50:48c5:fd7d::2", "end": "fd50:48c5:fd7d:0:ffff:ffff:ffff:ffff"}], "host_routes": [], "ip_version": 6, "ipv6_address_mode": "slaac", "cidr": "fd50:48c5:fd7d::/64", "id": "c1a4bb4d-e05e-4910-9a5a-3135e95aa7dc", "subnetpool_id": null}, {"name": "private-subnet", "enable_dhcp": true, "network_id": "07a7f4e4-f8ac-446a-8c7a-5871f91477e2", "tenant_id": "19fe3e2b0dad477ca25f2ac6de864738", "dns_nameservers": [], "gateway_ip": "10.0.0.1", "ipv6_ra_mode": null, "allocation_pools": [{"start": "10.0.0.2", "end": "10.0.0.254"}], "host_routes": [], "ip_version": 4, "ipv6_address_mode": null, "cidr": "10.0.0.0/24", "id": "305e0468-9db6-4b66-b4e8-487dcd7f5566", "subnetpool_id": null}, {"name": "public-subnet", "enable_dhcp": false, "network_id": "6c483340-8078-47a2-81f2-f0ad2553c1cf", "tenant_id": "2bbf20d34b014e44ac5328114a6a4864", "dns_nameservers": [], "gateway_ip": "172.24.4.1", "ipv6_ra_mode": null, "allocation_pools": [{"start": "172.24.4.2", "end": "172.24.4.254"}], "host_routes": [], "ip_version": 4, "ipv6_address_mode": null, "cidr": "172.24.4.0/24", "id": "e4b4c1e4-5c52-40a0-9dd8-c96e1309ff70", "subnetpool_id": null}]}
2015-12-10 17:41:17,099 24480 INFO     [tempest_lib.common.rest_client] Request (TestNetworkBasicOps:test_connectivity_between_vms_on_different_networks): 200 GET http://10.0.2.15:9696/v2.0/routers 0.056s
2015-12-10 17:41:17,099 24480 DEBUG    [tempest_lib.common.rest_client] Request - Headers: {'Content-Type': 'application/json', 'Accept': 'application/json', 'X-Auth-Token': '&lt;omitted&gt;'}
        Body: None
    Response - Headers: {'status': '200', 'content-length': '1167', 'content-location': 'http://10.0.2.15:9696/v2.0/routers', 'connection': 'close', 'date': 'Thu, 10 Dec 2015 17:41:17 GMT', 'content-type': 'application/json; charset=UTF-8', 'x-openstack-request-id': 'req-5f421c35-a6fd-4f58-a6df-633e465707aa'}
        Body: {"routers": [{"status": "ACTIVE", "external_gateway_info": {"network_id": "6c483340-8078-47a2-81f2-f0ad2553c1cf", "enable_snat": true, "external_fixed_ips": [{"subnet_id": "e4b4c1e4-5c52-40a0-9dd8-c96e1309ff70", "ip_address": "172.24.4.3"}, {"subnet_id": "3e3e325c-1ecb-44d5-801e-12e5ba55498a", "ip_address": "2001:db8::4"}]}, "availability_zone_hints": [], "availability_zones": ["nova"], "name": "tempest-router-smoke-2032414619", "admin_state_up": true, "tenant_id": "c349c21b5ffa440fa4070d12e7a95b5b", "distributed": false, "routes": [], "ha": false, "id": "4a2bf95c-8992-41d4-8930-0c5630bbe069"}, {"status": "ACTIVE", "external_gateway_info": {"network_id": "6c483340-8078-47a2-81f2-f0ad2553c1cf", "enable_snat": true, "external_fixed_ips": [{"subnet_id": "e4b4c1e4-5c52-40a0-9dd8-c96e1309ff70", "ip_address": "172.24.4.2"}, {"subnet_id": "3e3e325c-1ecb-44d5-801e-12e5ba55498a", "ip_address": "2001:db8::3"}]}, "availability_zone_hints": [], "availability_zones": ["nova"], "name": "router1", "admin_state_up": true, "tenant_id": "19fe3e2b0dad477ca25f2ac6de864738", "distributed": false, "routes": [], "ha": false, "id": "dc480459-faec-4909-bf2f-51e585d2d9c9"}]}
2015-12-10 17:41:17,375 24480 INFO     [tempest_lib.common.rest_client] Request (TestNetworkBasicOps:test_connectivity_between_vms_on_different_networks): 200 POST http://10.0.2.15:8774/v2.1/c349c21b5ffa440fa4070d12e7a95b5b/os-keypairs 0.274s
2015-12-10 17:41:17,376 24480 DEBUG    [tempest_lib.common.rest_client] Request - Headers: {'Content-Type': 'application/json', 'Accept': 'application/json', 'X-Auth-Token': '&lt;omitted&gt;'}
        Body: {"keypair": {"name": "tempest-TestNetworkBasicOps-1680917851"}}
    Response - Headers: {'status': '200', 'content-length': '2321', 'x-compute-request-id': 'req-acc59685-a9a2-4df0-9f17-67d29b67c6d8', 'vary': 'X-OpenStack-Nova-API-Version', 'connection': 'close', 'x-openstack-nova-api-version': '2.1', 'date': 'Thu, 10 Dec 2015 17:41:17 GMT', 'content-type': 'application/json'}
        Body: {"keypair": {"public_key": "ssh-rsa AAAAB3NzaC1yc2EAAAADAQABAAABAQCyTi4JwQi6wHwSSGlxscs1iLUsi7uQ/XrSnpgWms38EI02vgNvIQxq/adel8E1zpofHXHRfqRr2Eg7PKRzVuKLAJdxflDci42ZL7LhdFvgXK35lC97j5EwKX3KVTEq/bp+tE6zISCPfK2GWt/AWDu2CY0N3XTFV0tAjOsQHkZ6h8pYNqTsdbxgGku88QbgV/qbeYqPhYU8d3pedsRcpEwWa2DC1lwjRG6BorJKC6dIT+l24J2ZKmXvQWPdDh2Kkdc4rMDjWcPZ8d8pmlR7tXxKijYy4+m7CMND0U1cAdL+ESPXTG9dL/wjGzOefrC57d9KunHbXdzVDN6cKo/Sau3H Generated-by-Nova", "private_key": "-----BEGIN RSA PRIVATE KEY-----\nMIIEqAIBAAKCAQEAsk4uCcEIusB8EkhpcbHLNYi1LIu7kP160p6YFprN/BCNNr4D\nbyEMav2nXpfBNc6aHx1x0X6ka9hIOzykc1biiwCXcX5Q3IuNmS+y4XRb4Fyt+ZQv\ne4+RMCl9ylUxKv26frROsyEgj3ythlrfwFg7tgmNDd10xVdLQIzrEB5GeofKWDak\n7HW8YBpLvPEG4Ff6m3mKj4WFPHd6XnbEXKRMFmtgwtZcI0RugaKySgunSE/pduCd\nmSpl70Fj3Q4dipHXOKzA41nD2fHfKZpUe7V8Soo2MuPpuwjDQ9FNXAHS/hEj10xv\nXS/8Ixsznn6wue3fSrpx213c1QzenCqP0mrtxwIDAQABAoIBAG8++dhaGJEz8PUT\nOr6V2BxBfBAb6l2u2Me57VgFI8lFpmVmLgxSyUWjlp4c/o4MpfoNy+qSIhGrMn3K\n+yt/JP7m0pYb4mWHqEPQD8I8b+pOyLjzrKBh1YsACByKBJA3F/lfk86NN5xuhHFU\nF1ARfMe5s8jXx7gsG6ZdhXdb/EsLjRV1ykP+vPC6kuvEKmOFEkAzB54pPOmr062Z\nm7UrVFCxEVYL4TUdh5232MwnQM/XyG0khkpBAqSzygJXfinQqIJYRC865LRh5Kn4\nSgxDk2zn5+LHI+FX+ZGCjS4e/l2LEl/+dtI9siOjHSrraXN9i4WU9Gq0u+4XOkRu\nvOavQhkCggCBANCWg+3vvhuWUwyI4/3lY30YIg9KObFJ5mLqnTwvxU5+SYPsGMjY\nGLWfCXDotrK/S6FGO2Ra5NQwYN2uKUkKufaL/j2sf0ojcGPPmBnXx+BNJfQKqkCG\nSyzden61+G85Pj4DsEZgz9OhlqY1915R2NmhH1YMLhjvIF9wLdUpCOaDAoIAgQDa\n1Y7t8j/G6FjJ8qyvk8ksQg1CoKfMpEUqADKNlgcx3BdoJ5RNX1nlziKiUSWxN8p8\ngy66XlNQAip93jHRDdJdtcLmnV4944R/0QJPcq0n4rMVeBndPkIK6t45otYXbUnB\nGZt6lEEghwtmW/JpVZzVG9tx9fWHcCzLIXAKGMGYbQKCAIEAnpv1UfZdTsjt+bgV\n9bh6AGNbctj0KbWR9GGGkn+YvukUqbXb2s1HbMO0ACFU23LO5aFsBBGBsz/eSHLo\nfdwkMC+fcfI7EHsGOT9f3zbPi+XeGEYL0+jKPSFkxflFIf4bMDjJz5pKLhjPXy/m\nG9iM1l/IXjwAyYD70taQY2hCllUCggCAIvlCkJDI1JdJqWzZYG40Fpiv2dgnOTN/\nwkipy6sQl01fiEvbDcqRaYLaUiq55WrPN7sXer2cfwr5k4gxWgHlfwiPj5/S8f0s\nrejPf7cKKXe3u1SofY13rJsAzSFTKgdTZEMdcCfFiNdMYR2MznzaRczf84SlqvGo\nlwZPC64NMrkCggCAKfFn0n+vJJCWIEzXDLr1a7izPqrZg9/7SHtHO3LW34uxQWWp\nueiAAXfLKVDAYH7khk8v4l8qY6DRKV0GzYdYl0TlViKTFbzwHBW+vWVlDEoZg0qV\nXabK8d2MoHsUcgZiHWtXkiXcrItcOG6Otr2r1ohByE036HggE1mbA/eD1pc=\n-----END RSA PRIVATE KEY-----\n", "user_id": "21246bb8a3e04b7e84735a17a084d3c7", "name": "tempest-TestNetworkBasicOps-1680917851", "fingerprint": "3c:7b:79:fd:d6:4c:ce:30:e8:11:99:be:39:d4:39:d4"}}
2015-12-10 17:41:17,494 24480 INFO     [tempest_lib.common.rest_client] Request (TestNetworkBasicOps:test_connectivity_between_vms_on_different_networks): 200 POST http://10.0.2.15:5000/v2.0/tokens
2015-12-10 17:41:17,495 24480 DEBUG    [tempest_lib.common.rest_client] Request - Headers: {'Content-Type': 'application/json', 'Accept': 'application/json'}
        Body: &lt;omitted&gt;
    Response - Headers: {'status': '200', 'content-length': '2530', 'vary': 'X-Auth-Token', 'server': 'Apache/2.4.7 (Ubuntu)', 'connection': 'close', 'date': 'Thu, 10 Dec 2015 17:41:17 GMT', 'content-type': 'application/json', 'x-openstack-request-id': 'req-916be402-cd26-4a38-8ad2-7b76319b94ae'}
        Body: {"access": {"token": {"issued_at": "2015-12-10T17:41:17.479418", "expires": "2015-12-10T18:41:17Z", "id": "0b02e4ea605b42ac92a6fae506df4bfb", "tenant": {"description": "tempest-TestNetworkBasicOps-1869723683-desc", "enabled": true, "id": "c349c21b5ffa440fa4070d12e7a95b5b", "name": "tempest-TestNetworkBasicOps-1869723683"}, "audit_ids": ["CFSin8eNRGCe_L8Z7P58bA"]}, "serviceCatalog": [{"endpoints": [{"adminURL": "http://10.0.2.15:8774/v2.1/c349c21b5ffa440fa4070d12e7a95b5b", "region": "RegionOne", "internalURL": "http://10.0.2.15:8774/v2.1/c349c21b5ffa440fa4070d12e7a95b5b", "id": "79812b84024f45bca98a349fe284aabf", "publicURL": "http://10.0.2.15:8774/v2.1/c349c21b5ffa440fa4070d12e7a95b5b"}], "endpoints_links": [], "type": "compute", "name": "nova"}, {"endpoints": [{"adminURL": "http://10.0.2.15:9696/", "region": "RegionOne", "internalURL": "http://10.0.2.15:9696/", "id": "32a4b2afb28e4a9c9ae2447c045c157a", "publicURL": "http://10.0.2.15:9696/"}], "endpoints_links": [], "type": "network", "name": "neutron"}, {"endpoints": [{"adminURL": "http://10.0.2.15:9292", "region": "RegionOne", "internalURL": "http://10.0.2.15:9292", "id": "03e804096f7440c2977034c66dca0c46", "publicURL": "http://10.0.2.15:9292"}], "endpoints_links": [], "type": "image", "name": "glance"}, {"endpoints": [{"adminURL": "http://10.0.2.15:8774/v2/c349c21b5ffa440fa4070d12e7a95b5b", "region": "RegionOne", "internalURL": "http://10.0.2.15:8774/v2/c349c21b5ffa440fa4070d12e7a95b5b", "id": "14581678d7154585a441168dc3643d9d", "publicURL": "http://10.0.2.15:8774/v2/c349c21b5ffa440fa4070d12e7a95b5b"}], "endpoints_links": [], "type": "compute_legacy", "name": "nova_legacy"}, {"endpoints": [{"adminURL": "http://10.0.2.15:8773/", "region": "RegionOne", "internalURL": "http://10.0.2.15:8773/", "id": "5a6ce2c2d54640db8fe9ca3da22678c7", "publicURL": "http://10.0.2.15:8773/"}], "endpoints_links": [], "type": "ec2", "name": "ec2"}, {"endpoints": [{"adminURL": "http://10.0.2.15:35357/v2.0", "region": "RegionOne", "internalURL": "http://10.0.2.15:5000/v2.0", "id": "1af3e000aa8f409aa2c8e290ebb3b61e", "publicURL": "http://10.0.2.15:5000/v2.0"}], "endpoints_links": [], "type": "identity", "name": "keystone"}], "user": {"username": "tempest-TestNetworkBasicOps-1637456802", "roles_links": [], "id": "21246bb8a3e04b7e84735a17a084d3c7", "roles": [{"name": "_member_"}, {"name": "Member"}], "name": "tempest-TestNetworkBasicOps-1637456802"}, "metadata": {"is_admin": 0, "roles": ["9fe2ff9ee4384b1894a90878d3e92bab", "59dabb066f3c488897e111be36f0964b"]}}}
2015-12-10 17:41:17,501 24480 DEBUG    [tempest.common.fixed_network] (TestNetworkBasicOps:test_connectivity_between_vms_on_different_networks) No valid network provided or created, defaulting to fixed_network_name
2015-12-10 17:41:17,825 24480 INFO     [tempest_lib.common.rest_client] Request (TestNetworkBasicOps:test_connectivity_between_vms_on_different_networks): 200 GET http://10.0.2.15:8774/v2.1/c349c21b5ffa440fa4070d12e7a95b5b/os-networks 0.323s
2015-12-10 17:41:17,825 24480 DEBUG    [tempest_lib.common.rest_client] Request - Headers: {'Content-Type': 'application/json', 'Accept': 'application/json', 'X-Auth-Token': '&lt;omitted&gt;'}
        Body: None
    Response - Headers: {'status': '200', 'content-length': '478', 'content-location': 'http://10.0.2.15:8774/v2.1/c349c21b5ffa440fa4070d12e7a95b5b/os-networks', 'x-compute-request-id': 'req-58cdef6b-e77b-47a7-b723-6f9d55389d5d', 'vary': 'X-OpenStack-Nova-API-Version', 'connection': 'close', 'x-openstack-nova-api-version': '2.1', 'date': 'Thu, 10 Dec 2015 17:41:17 GMT', 'content-type': 'application/json'}
        Body: {"networks": [{"cidr_v6": null, "dns2": null, "dns1": null, "gateway": null, "broadcast": null, "netmask": null, "gateway_v6": null, "cidr": null, "label": "public", "id": "6c483340-8078-47a2-81f2-f0ad2553c1cf", "netmask_v6": null}, {"cidr_v6": null, "dns2": null, "dns1": null, "gateway": null, "broadcast": null, "netmask": null, "gateway_v6": null, "cidr": null, "label": "tempest-network-smoke--905684605", "id": "5a52aba7-e8fe-49f4-b2cd-171796457fb3", "netmask_v6": null}]}
2015-12-10 17:41:17,826 24480 WARNING  [tempest.common.fixed_network] (TestNetworkBasicOps:test_connectivity_between_vms_on_different_networks) Network with name: private not found
2015-12-10 17:41:17,827 24480 INFO     [tempest.common.fixed_network] (TestNetworkBasicOps:test_connectivity_between_vms_on_different_networks) Found network {} available for tenant
2015-12-10 17:41:19,350 24480 INFO     [tempest_lib.common.rest_client] Request (TestNetworkBasicOps:test_connectivity_between_vms_on_different_networks): 202 POST http://10.0.2.15:8774/v2.1/c349c21b5ffa440fa4070d12e7a95b5b/servers 1.522s
2015-12-10 17:41:19,350 24480 DEBUG    [tempest_lib.common.rest_client] Request - Headers: {'Content-Type': 'application/json', 'Accept': 'application/json', 'X-Auth-Token': '&lt;omitted&gt;'}
        Body: {"server": {"name": "tempest.common.compute-instance-23253798", "imageRef": "fa5381e2-1ed4-4310-a881-b89a464ea730", "key_name": "tempest-TestNetworkBasicOps-1680917851", "flavorRef": "42", "networks": [{"uuid": "5a52aba7-e8fe-49f4-b2cd-171796457fb3"}], "security_groups": [{"name": "tempest-secgroup-smoke-90708093"}]}}
    Response - Headers: {'status': '202', 'content-length': '460', 'x-compute-request-id': 'req-54be4464-5543-48db-92eb-31907482b24b', 'vary': 'X-OpenStack-Nova-API-Version', 'connection': 'close', 'location': 'http://10.0.2.15:8774/v2.1/c349c21b5ffa440fa4070d12e7a95b5b/servers/d8691b5d-a3d7-4c54-b5a4-7e3ac55cec34', 'x-openstack-nova-api-version': '2.1', 'date': 'Thu, 10 Dec 2015 17:41:19 GMT', 'content-type': 'application/json'}
        Body: {"server": {"security_groups": [{"name": "tempest-secgroup-smoke-90708093"}], "OS-DCF:diskConfig": "MANUAL", "id": "d8691b5d-a3d7-4c54-b5a4-7e3ac55cec34", "links": [{"href": "http://10.0.2.15:8774/v2.1/c349c21b5ffa440fa4070d12e7a95b5b/servers/d8691b5d-a3d7-4c54-b5a4-7e3ac55cec34", "rel": "self"}, {"href": "http://10.0.2.15:8774/c349c21b5ffa440fa4070d12e7a95b5b/servers/d8691b5d-a3d7-4c54-b5a4-7e3ac55cec34", "rel": "bookmark"}], "adminPass": "jsVeBV423cNd"}}
2015-12-10 17:41:19,493 24480 INFO     [tempest_lib.common.rest_client] Request (TestNetworkBasicOps:test_connectivity_between_vms_on_different_networks): 200 GET http://10.0.2.15:8774/v2.1/c349c21b5ffa440fa4070d12e7a95b5b/servers/d8691b5d-a3d7-4c54-b5a4-7e3ac55cec34 0.141s
2015-12-10 17:41:19,494 24480 DEBUG    [tempest_lib.common.rest_client] Request - Headers: {'Content-Type': 'application/json', 'Accept': 'application/json', 'X-Auth-Token': '&lt;omitted&gt;'}
        Body: None
    Response - Headers: {'status': '200', 'content-length': '1354', 'content-location': 'http://10.0.2.15:8774/v2.1/c349c21b5ffa440fa4070d12e7a95b5b/servers/d8691b5d-a3d7-4c54-b5a4-7e3ac55cec34', 'x-compute-request-id': 'req-2a370473-ff8e-4b76-a316-7423d66b01ff', 'vary': 'X-OpenStack-Nova-API-Version', 'connection': 'close', 'x-openstack-nova-api-version': '2.1', 'date': 'Thu, 10 Dec 2015 17:41:19 GMT', 'content-type': 'application/json'}
        Body: {"server": {"status": "BUILD", "updated": "2015-12-10T17:41:19Z", "hostId": "", "addresses": {}, "links": [{"href": "http://10.0.2.15:8774/v2.1/c349c21b5ffa440fa4070d12e7a95b5b/servers/d8691b5d-a3d7-4c54-b5a4-7e3ac55cec34", "rel": "self"}, {"href": "http://10.0.2.15:8774/c349c21b5ffa440fa4070d12e7a95b5b/servers/d8691b5d-a3d7-4c54-b5a4-7e3ac55cec34", "rel": "bookmark"}], "key_name": "tempest-TestNetworkBasicOps-1680917851", "image": {"id": "fa5381e2-1ed4-4310-a881-b89a464ea730", "links": [{"href": "http://10.0.2.15:8774/c349c21b5ffa440fa4070d12e7a95b5b/images/fa5381e2-1ed4-4310-a881-b89a464ea730", "rel": "bookmark"}]}, "OS-EXT-STS:task_state": "scheduling", "OS-EXT-STS:vm_state": "building", "OS-SRV-USG:launched_at": null, "flavor": {"id": "42", "links": [{"href": "http://10.0.2.15:8774/c349c21b5ffa440fa4070d12e7a95b5b/flavors/42", "rel": "bookmark"}]}, "id": "d8691b5d-a3d7-4c54-b5a4-7e3ac55cec34", "OS-SRV-USG:terminated_at": null, "OS-EXT-AZ:availability_zone": "", "user_id": "21246bb8a3e04b7e84735a17a084d3c7", "name": "tempest.common.compute-instance-23253798", "created": "2015-12-10T17:41:19Z", "tenant_id": "c349c21b5ffa440fa4070d12e7a95b5b", "OS-DCF:diskConfig": "MANUAL", "os-extended-volumes:volumes_attached": [], "accessIPv4": "", "accessIPv6": "", "progress": 0, "OS-EXT-STS:power_state": 0, "config_drive": "", "metadata": {}}}
2015-12-10 17:41:20,892 24480 INFO     [tempest_lib.common.rest_client] Request (TestNetworkBasicOps:test_connectivity_between_vms_on_different_networks): 200 GET http://10.0.2.15:8774/v2.1/c349c21b5ffa440fa4070d12e7a95b5b/servers/d8691b5d-a3d7-4c54-b5a4-7e3ac55cec34 0.387s
2015-12-10 17:41:20,893 24480 DEBUG    [tempest_lib.common.rest_client] Request - Headers: {'Content-Type': 'application/json', 'Accept': 'application/json', 'X-Auth-Token': '&lt;omitted&gt;'}
        Body: None
    Response - Headers: {'status': '200', 'content-length': '1478', 'content-location': 'http://10.0.2.15:8774/v2.1/c349c21b5ffa440fa4070d12e7a95b5b/servers/d8691b5d-a3d7-4c54-b5a4-7e3ac55cec34', 'x-compute-request-id': 'req-de49937e-923c-46d2-829e-a9668b87d1b7', 'vary': 'X-OpenStack-Nova-API-Version', 'connection': 'close', 'x-openstack-nova-api-version': '2.1', 'date': 'Thu, 10 Dec 2015 17:41:20 GMT', 'content-type': 'application/json'}
        Body: {"server": {"status": "BUILD", "updated": "2015-12-10T17:41:20Z", "hostId": "83801882d2066c3017a4c2f3944809de3a7df6dfaf84e7c13767cdba", "addresses": {}, "links": [{"href": "http://10.0.2.15:8774/v2.1/c349c21b5ffa440fa4070d12e7a95b5b/servers/d8691b5d-a3d7-4c54-b5a4-7e3ac55cec34", "rel": "self"}, {"href": "http://10.0.2.15:8774/c349c21b5ffa440fa4070d12e7a95b5b/servers/d8691b5d-a3d7-4c54-b5a4-7e3ac55cec34", "rel": "bookmark"}], "key_name": "tempest-TestNetworkBasicOps-1680917851", "image": {"id": "fa5381e2-1ed4-4310-a881-b89a464ea730", "links": [{"href": "http://10.0.2.15:8774/c349c21b5ffa440fa4070d12e7a95b5b/images/fa5381e2-1ed4-4310-a881-b89a464ea730", "rel": "bookmark"}]}, "OS-EXT-STS:task_state": "spawning", "OS-EXT-STS:vm_state": "building", "OS-SRV-USG:launched_at": null, "flavor": {"id": "42", "links": [{"href": "http://10.0.2.15:8774/c349c21b5ffa440fa4070d12e7a95b5b/flavors/42", "rel": "bookmark"}]}, "id": "d8691b5d-a3d7-4c54-b5a4-7e3ac55cec34", "security_groups": [{"name": "tempest-secgroup-smoke-90708093"}], "OS-SRV-USG:terminated_at": null, "OS-EXT-AZ:availability_zone": "nova", "user_id": "21246bb8a3e04b7e84735a17a084d3c7", "name": "tempest.common.compute-instance-23253798", "created": "2015-12-10T17:41:19Z", "tenant_id": "c349c21b5ffa440fa4070d12e7a95b5b", "OS-DCF:diskConfig": "MANUAL", "os-extended-volumes:volumes_attached": [], "accessIPv4": "", "accessIPv6": "", "progress": 0, "OS-EXT-STS:power_state": 0, "config_drive": "", "metadata": {}}}
2015-12-10 17:41:20,901 24480 INFO     [tempest.common.waiters] State transition "BUILD/scheduling" ==&gt; "BUILD/spawning" after 1 second wait
2015-12-10 17:41:22,278 24480 INFO     [tempest_lib.common.rest_client] Request (TestNetworkBasicOps:test_connectivity_between_vms_on_different_networks): 200 GET http://10.0.2.15:8774/v2.1/c349c21b5ffa440fa4070d12e7a95b5b/servers/d8691b5d-a3d7-4c54-b5a4-7e3ac55cec34 0.375s
2015-12-10 17:41:22,278 24480 DEBUG    [tempest_lib.common.rest_client] Request - Headers: {'Content-Type': 'application/json', 'Accept': 'application/json', 'X-Auth-Token': '&lt;omitted&gt;'}
        Body: None
    Response - Headers: {'status': '200', 'content-length': '1478', 'content-location': 'http://10.0.2.15:8774/v2.1/c349c21b5ffa440fa4070d12e7a95b5b/servers/d8691b5d-a3d7-4c54-b5a4-7e3ac55cec34', 'x-compute-request-id': 'req-b7b5db7c-5607-4163-a00d-acd1b8f37c7e', 'vary': 'X-OpenStack-Nova-API-Version', 'connection': 'close', 'x-openstack-nova-api-version': '2.1', 'date': 'Thu, 10 Dec 2015 17:41:22 GMT', 'content-type': 'application/json'}
        Body: {"server": {"status": "BUILD", "updated": "2015-12-10T17:41:20Z", "hostId": "83801882d2066c3017a4c2f3944809de3a7df6dfaf84e7c13767cdba", "addresses": {}, "links": [{"href": "http://10.0.2.15:8774/v2.1/c349c21b5ffa440fa4070d12e7a95b5b/servers/d8691b5d-a3d7-4c54-b5a4-7e3ac55cec34", "rel": "self"}, {"href": "http://10.0.2.15:8774/c349c21b5ffa440fa4070d12e7a95b5b/servers/d8691b5d-a3d7-4c54-b5a4-7e3ac55cec34", "rel": "bookmark"}], "key_name": "tempest-TestNetworkBasicOps-1680917851", "image": {"id": "fa5381e2-1ed4-4310-a881-b89a464ea730", "links": [{"href": "http://10.0.2.15:8774/c349c21b5ffa440fa4070d12e7a95b5b/images/fa5381e2-1ed4-4310-a881-b89a464ea730", "rel": "bookmark"}]}, "OS-EXT-STS:task_state": "spawning", "OS-EXT-STS:vm_state": "building", "OS-SRV-USG:launched_at": null, "flavor": {"id": "42", "links": [{"href": "http://10.0.2.15:8774/c349c21b5ffa440fa4070d12e7a95b5b/flavors/42", "rel": "bookmark"}]}, "id": "d8691b5d-a3d7-4c54-b5a4-7e3ac55cec34", "security_groups": [{"name": "tempest-secgroup-smoke-90708093"}], "OS-SRV-USG:terminated_at": null, "OS-EXT-AZ:availability_zone": "nova", "user_id": "21246bb8a3e04b7e84735a17a084d3c7", "name": "tempest.common.compute-instance-23253798", "created": "2015-12-10T17:41:19Z", "tenant_id": "c349c21b5ffa440fa4070d12e7a95b5b", "OS-DCF:diskConfig": "MANUAL", "os-extended-volumes:volumes_attached": [], "accessIPv4": "", "accessIPv6": "", "progress": 0, "OS-EXT-STS:power_state": 0, "config_drive": "", "metadata": {}}}
2015-12-10 17:41:23,504 24480 INFO     [tempest_lib.common.rest_client] Request (TestNetworkBasicOps:test_connectivity_between_vms_on_different_networks): 200 GET http://10.0.2.15:8774/v2.1/c349c21b5ffa440fa4070d12e7a95b5b/servers/d8691b5d-a3d7-4c54-b5a4-7e3ac55cec34 0.212s
2015-12-10 17:41:23,504 24480 DEBUG    [tempest_lib.common.rest_client] Request - Headers: {'Content-Type': 'application/json', 'Accept': 'application/json', 'X-Auth-Token': '&lt;omitted&gt;'}
        Body: None
    Response - Headers: {'status': '200', 'content-length': '1649', 'content-location': 'http://10.0.2.15:8774/v2.1/c349c21b5ffa440fa4070d12e7a95b5b/servers/d8691b5d-a3d7-4c54-b5a4-7e3ac55cec34', 'x-compute-request-id': 'req-eef368e0-e9c8-46c1-8664-e0b95b640b17', 'vary': 'X-OpenStack-Nova-API-Version', 'connection': 'close', 'x-openstack-nova-api-version': '2.1', 'date': 'Thu, 10 Dec 2015 17:41:23 GMT', 'content-type': 'application/json'}
        Body: {"server": {"status": "ACTIVE", "updated": "2015-12-10T17:41:23Z", "hostId": "83801882d2066c3017a4c2f3944809de3a7df6dfaf84e7c13767cdba", "addresses": {"tempest-network-smoke--905684605": [{"OS-EXT-IPS-MAC:mac_addr": "fa:16:3e:bb:8a:03", "version": 4, "addr": "10.100.0.3", "OS-EXT-IPS:type": "fixed"}]}, "links": [{"href": "http://10.0.2.15:8774/v2.1/c349c21b5ffa440fa4070d12e7a95b5b/servers/d8691b5d-a3d7-4c54-b5a4-7e3ac55cec34", "rel": "self"}, {"href": "http://10.0.2.15:8774/c349c21b5ffa440fa4070d12e7a95b5b/servers/d8691b5d-a3d7-4c54-b5a4-7e3ac55cec34", "rel": "bookmark"}], "key_name": "tempest-TestNetworkBasicOps-1680917851", "image": {"id": "fa5381e2-1ed4-4310-a881-b89a464ea730", "links": [{"href": "http://10.0.2.15:8774/c349c21b5ffa440fa4070d12e7a95b5b/images/fa5381e2-1ed4-4310-a881-b89a464ea730", "rel": "bookmark"}]}, "OS-EXT-STS:task_state": null, "OS-EXT-STS:vm_state": "active", "OS-SRV-USG:launched_at": "2015-12-10T17:41:22.000000", "flavor": {"id": "42", "links": [{"href": "http://10.0.2.15:8774/c349c21b5ffa440fa4070d12e7a95b5b/flavors/42", "rel": "bookmark"}]}, "id": "d8691b5d-a3d7-4c54-b5a4-7e3ac55cec34", "security_groups": [{"name": "tempest-secgroup-smoke-90708093"}], "OS-SRV-USG:terminated_at": null, "OS-EXT-AZ:availability_zone": "nova", "user_id": "21246bb8a3e04b7e84735a17a084d3c7", "name": "tempest.common.compute-instance-23253798", "created": "2015-12-10T17:41:19Z", "tenant_id": "c349c21b5ffa440fa4070d12e7a95b5b", "OS-DCF:diskConfig": "MANUAL", "os-extended-volumes:volumes_attached": [], "accessIPv4": "", "accessIPv6": "", "progress": 0, "OS-EXT-STS:power_state": 1, "config_drive": "True", "metadata": {}}}
2015-12-10 17:41:23,515 24480 INFO     [tempest.common.waiters] State transition "BUILD/spawning" ==&gt; "ACTIVE/None" after 4 second wait
2015-12-10 17:41:23,729 24480 INFO     [tempest_lib.common.rest_client] Request (TestNetworkBasicOps:test_connectivity_between_vms_on_different_networks): 200 GET http://10.0.2.15:8774/v2.1/c349c21b5ffa440fa4070d12e7a95b5b/servers/d8691b5d-a3d7-4c54-b5a4-7e3ac55cec34 0.213s
2015-12-10 17:41:23,729 24480 DEBUG    [tempest_lib.common.rest_client] Request - Headers: {'Content-Type': 'application/json', 'Accept': 'application/json', 'X-Auth-Token': '&lt;omitted&gt;'}
        Body: None
    Response - Headers: {'status': '200', 'content-length': '1649', 'content-location': 'http://10.0.2.15:8774/v2.1/c349c21b5ffa440fa4070d12e7a95b5b/servers/d8691b5d-a3d7-4c54-b5a4-7e3ac55cec34', 'x-compute-request-id': 'req-9df0008d-b0d4-461c-8c99-aaed82ef8676', 'vary': 'X-OpenStack-Nova-API-Version', 'connection': 'close', 'x-openstack-nova-api-version': '2.1', 'date': 'Thu, 10 Dec 2015 17:41:23 GMT', 'content-type': 'application/json'}
        Body: {"server": {"status": "ACTIVE", "updated": "2015-12-10T17:41:23Z", "hostId": "83801882d2066c3017a4c2f3944809de3a7df6dfaf84e7c13767cdba", "addresses": {"tempest-network-smoke--905684605": [{"OS-EXT-IPS-MAC:mac_addr": "fa:16:3e:bb:8a:03", "version": 4, "addr": "10.100.0.3", "OS-EXT-IPS:type": "fixed"}]}, "links": [{"href": "http://10.0.2.15:8774/v2.1/c349c21b5ffa440fa4070d12e7a95b5b/servers/d8691b5d-a3d7-4c54-b5a4-7e3ac55cec34", "rel": "self"}, {"href": "http://10.0.2.15:8774/c349c21b5ffa440fa4070d12e7a95b5b/servers/d8691b5d-a3d7-4c54-b5a4-7e3ac55cec34", "rel": "bookmark"}], "key_name": "tempest-TestNetworkBasicOps-1680917851", "image": {"id": "fa5381e2-1ed4-4310-a881-b89a464ea730", "links": [{"href": "http://10.0.2.15:8774/c349c21b5ffa440fa4070d12e7a95b5b/images/fa5381e2-1ed4-4310-a881-b89a464ea730", "rel": "bookmark"}]}, "OS-EXT-STS:task_state": null, "OS-EXT-STS:vm_state": "active", "OS-SRV-USG:launched_at": "2015-12-10T17:41:22.000000", "flavor": {"id": "42", "links": [{"href": "http://10.0.2.15:8774/c349c21b5ffa440fa4070d12e7a95b5b/flavors/42", "rel": "bookmark"}]}, "id": "d8691b5d-a3d7-4c54-b5a4-7e3ac55cec34", "security_groups": [{"name": "tempest-secgroup-smoke-90708093"}], "OS-SRV-USG:terminated_at": null, "OS-EXT-AZ:availability_zone": "nova", "user_id": "21246bb8a3e04b7e84735a17a084d3c7", "name": "tempest.common.compute-instance-23253798", "created": "2015-12-10T17:41:19Z", "tenant_id": "c349c21b5ffa440fa4070d12e7a95b5b", "OS-DCF:diskConfig": "MANUAL", "os-extended-volumes:volumes_attached": [], "accessIPv4": "", "accessIPv6": "", "progress": 0, "OS-EXT-STS:power_state": 1, "config_drive": "True", "metadata": {}}}
2015-12-10 17:41:23,738 24480 INFO     [tempest.scenario.manager] Tenant networks not configured to be reachable.
2015-12-10 17:41:23,887 24480 INFO     [tempest_lib.common.rest_client] Request (TestNetworkBasicOps:test_connectivity_between_vms_on_different_networks): 200 GET http://10.0.2.15:9696/v2.0/ports?status=ACTIVE&amp;fixed_ip=None&amp;device_id=d8691b5d-a3d7-4c54-b5a4-7e3ac55cec34 0.148s
2015-12-10 17:41:23,887 24480 DEBUG    [tempest_lib.common.rest_client] Request - Headers: {'Content-Type': 'application/json', 'Accept': 'application/json', 'X-Auth-Token': '&lt;omitted&gt;'}
        Body: None
    Response - Headers: {'status': '200', 'content-length': '895', 'content-location': 'http://10.0.2.15:9696/v2.0/ports?status=ACTIVE&amp;fixed_ip=None&amp;device_id=d8691b5d-a3d7-4c54-b5a4-7e3ac55cec34', 'connection': 'close', 'date': 'Thu, 10 Dec 2015 17:41:23 GMT', 'content-type': 'application/json; charset=UTF-8', 'x-openstack-request-id': 'req-a20eb8b1-af64-47e1-8380-5dd1976a5996'}
        Body: {"ports": [{"status": "ACTIVE", "binding:host_id": "vagrant-ubuntu-trusty-64", "allowed_address_pairs": [], "extra_dhcp_opts": [], "dns_assignment": [{"hostname": "host-10-100-0-3", "ip_address": "10.100.0.3", "fqdn": "host-10-100-0-3.openstacklocal."}], "device_owner": "compute:None", "port_security_enabled": true, "binding:profile": {}, "fixed_ips": [{"subnet_id": "8d343aef-af29-43ac-9c15-ecec910be955", "ip_address": "10.100.0.3"}], "id": "d2d1e3ee-a276-4b68-aa33-fd2ebb9e19aa", "security_groups": ["2c062615-a6ef-40ce-b819-46fc224d259a"], "device_id": "d8691b5d-a3d7-4c54-b5a4-7e3ac55cec34", "name": "", "admin_state_up": true, "network_id": "5a52aba7-e8fe-49f4-b2cd-171796457fb3", "dns_name": "", "binding:vif_details": {"port_filter": true}, "binding:vnic_type": "normal", "binding:vif_type": "ovs", "tenant_id": "c349c21b5ffa440fa4070d12e7a95b5b", "mac_address": "fa:16:3e:bb:8a:03"}]}
2015-12-10 17:41:24,551 24480 INFO     [tempest_lib.common.rest_client] Request (TestNetworkBasicOps:test_connectivity_between_vms_on_different_networks): 201 POST http://10.0.2.15:9696/v2.0/floatingips 0.663s
2015-12-10 17:41:24,552 24480 DEBUG    [tempest_lib.common.rest_client] Request - Headers: {'Content-Type': 'application/json', 'Accept': 'application/json', 'X-Auth-Token': '&lt;omitted&gt;'}
        Body: {"floatingip": {"floating_network_id": "6c483340-8078-47a2-81f2-f0ad2553c1cf", "tenant_id": "c349c21b5ffa440fa4070d12e7a95b5b", "fixed_ip_address": "10.100.0.3", "port_id": "d2d1e3ee-a276-4b68-aa33-fd2ebb9e19aa"}}
    Response - Headers: {'status': '201', 'content-length': '367', 'connection': 'close', 'date': 'Thu, 10 Dec 2015 17:41:24 GMT', 'content-type': 'application/json; charset=UTF-8', 'x-openstack-request-id': 'req-85e28710-db81-48d5-a303-1efdc84f55e1'}
        Body: {"floatingip": {"floating_network_id": "6c483340-8078-47a2-81f2-f0ad2553c1cf", "router_id": "4a2bf95c-8992-41d4-8930-0c5630bbe069", "fixed_ip_address": "10.100.0.3", "floating_ip_address": "172.24.4.4", "tenant_id": "c349c21b5ffa440fa4070d12e7a95b5b", "status": "DOWN", "port_id": "d2d1e3ee-a276-4b68-aa33-fd2ebb9e19aa", "id": "ca812465-6a32-4105-8f55-f0a6e0680986"}}
2015-12-10 17:41:24,571 24480 INFO     [tempest_lib.common.rest_client] Request (TestNetworkBasicOps:test_connectivity_between_vms_on_different_networks): 200 GET http://10.0.2.15:9696/v2.0/floatingips/ca812465-6a32-4105-8f55-f0a6e0680986 0.018s
2015-12-10 17:41:24,572 24480 DEBUG    [tempest_lib.common.rest_client] Request - Headers: {'Content-Type': 'application/json', 'Accept': 'application/json', 'X-Auth-Token': '&lt;omitted&gt;'}
        Body: None
    Response - Headers: {'status': '200', 'content-length': '367', 'content-location': 'http://10.0.2.15:9696/v2.0/floatingips/ca812465-6a32-4105-8f55-f0a6e0680986', 'connection': 'close', 'date': 'Thu, 10 Dec 2015 17:41:24 GMT', 'content-type': 'application/json; charset=UTF-8', 'x-openstack-request-id': 'req-4a913960-63a5-4c66-8a09-540b690dbf26'}
        Body: {"floatingip": {"floating_network_id": "6c483340-8078-47a2-81f2-f0ad2553c1cf", "router_id": "4a2bf95c-8992-41d4-8930-0c5630bbe069", "fixed_ip_address": "10.100.0.3", "floating_ip_address": "172.24.4.4", "tenant_id": "c349c21b5ffa440fa4070d12e7a95b5b", "status": "DOWN", "port_id": "d2d1e3ee-a276-4b68-aa33-fd2ebb9e19aa", "id": "ca812465-6a32-4105-8f55-f0a6e0680986"}}
2015-12-10 17:41:25,592 24480 INFO     [tempest_lib.common.rest_client] Request (TestNetworkBasicOps:test_connectivity_between_vms_on_different_networks): 200 GET http://10.0.2.15:9696/v2.0/floatingips/ca812465-6a32-4105-8f55-f0a6e0680986 0.017s
2015-12-10 17:41:25,592 24480 DEBUG    [tempest_lib.common.rest_client] Request - Headers: {'Content-Type': 'application/json', 'Accept': 'application/json', 'X-Auth-Token': '&lt;omitted&gt;'}
        Body: None
    Response - Headers: {'status': '200', 'content-length': '369', 'content-location': 'http://10.0.2.15:9696/v2.0/floatingips/ca812465-6a32-4105-8f55-f0a6e0680986', 'connection': 'close', 'date': 'Thu, 10 Dec 2015 17:41:25 GMT', 'content-type': 'application/json; charset=UTF-8', 'x-openstack-request-id': 'req-4e2e61aa-51ed-4ccd-8718-fd25932d83d8'}
        Body: {"floatingip": {"floating_network_id": "6c483340-8078-47a2-81f2-f0ad2553c1cf", "router_id": "4a2bf95c-8992-41d4-8930-0c5630bbe069", "fixed_ip_address": "10.100.0.3", "floating_ip_address": "172.24.4.4", "tenant_id": "c349c21b5ffa440fa4070d12e7a95b5b", "status": "ACTIVE", "port_id": "d2d1e3ee-a276-4b68-aa33-fd2ebb9e19aa", "id": "ca812465-6a32-4105-8f55-f0a6e0680986"}}
2015-12-10 17:41:25,593 24480 INFO     [tempest.scenario.manager] FloatingIP: &lt;"FloatingIP" addr="172.24.4.4" id="ca812465-6a32-4105-8f55-f0a6e0680986"&gt; is at status: ACTIVE
2015-12-10 17:41:25,593 24480 DEBUG    [tempest.scenario.manager] checking network connections to IP 172.24.4.4 with user: cirros
2015-12-10 17:41:25,594 24480 DEBUG    [tempest.scenario.manager] TestNetworkBasicOps:test_connectivity_between_vms_on_different_networks begins to ping 172.24.4.4 in 120 sec and the expected result is reachable
2015-12-10 17:43:26,925 24480 DEBUG    [tempest.scenario.manager] TestNetworkBasicOps:test_connectivity_between_vms_on_different_networks finishes ping 172.24.4.4 in 120 sec and the ping result is unexpected
2015-12-10 17:43:26,927 24480 ERROR    [tempest.scenario.manager] Public network connectivity check failed
2015-12-10 17:43:26.927 24480 ERROR tempest.scenario.manager Traceback (most recent call last):
2015-12-10 17:43:26.927 24480 ERROR tempest.scenario.manager   File "tempest/scenario/manager.py", line 606, in check_public_network_connectivity
2015-12-10 17:43:26.927 24480 ERROR tempest.scenario.manager     should_connect=should_connect)
2015-12-10 17:43:26.927 24480 ERROR tempest.scenario.manager   File "tempest/scenario/manager.py", line 590, in check_vm_connectivity
2015-12-10 17:43:26.927 24480 ERROR tempest.scenario.manager     msg=msg)
2015-12-10 17:43:26.927 24480 ERROR tempest.scenario.manager   File "/usr/local/lib/python2.7/dist-packages/unittest2/case.py", line 702, in assertTrue
2015-12-10 17:43:26.927 24480 ERROR tempest.scenario.manager     raise self.failureException(msg)
2015-12-10 17:43:26.927 24480 ERROR tempest.scenario.manager AssertionError: False is not true : Timed out waiting for 172.24.4.4 to become reachable
2015-12-10 17:43:26.927 24480 ERROR tempest.scenario.manager 
2015-12-10 17:43:27,162 24480 INFO     [tempest_lib.common.rest_client] Request (TestNetworkBasicOps:test_connectivity_between_vms_on_different_networks): 200 POST http://10.0.2.15:8774/v2.1/c349c21b5ffa440fa4070d12e7a95b5b/servers/d8691b5d-a3d7-4c54-b5a4-7e3ac55cec34/action 0.229s
2015-12-10 17:43:27,163 24480 DEBUG    [tempest_lib.common.rest_client] Request - Headers: {'Content-Type': 'application/json', 'Accept': 'application/json', 'X-Auth-Token': '&lt;omitted&gt;'}
        Body: {"os-getConsoleOutput": {}}
    Response - Headers: {'status': '200', 'content-length': '17429', 'x-compute-request-id': 'req-b1268a33-6061-4eee-82c0-b6f2ca80688f', 'vary': 'X-OpenStack-Nova-API-Version', 'connection': 'close', 'x-openstack-nova-api-version': '2.1', 'date': 'Thu, 10 Dec 2015 17:43:27 GMT', 'content-type': 'application/json'}
        Body: {"output": "[    0.000000] Initializing cgroup subsys cpuset\n[    0.000000] Initializing cgroup subsys cpu\n[    0.000000] Linux version 3.2.0-80-virtual (buildd@batsu) (gcc version 4.6.3 (Ubuntu/Linaro 4.6.3-1ubuntu5) ) #116-Ubuntu SMP Mon Mar 23 17:28:52 UTC 2015 (Ubuntu 3.2.0-80.116-virtual 3.2.68)\n[    0.000000] Command line: root=/dev/vda console=tty0 console=ttyS0 no_timer_check\n[    0.000000] KERNEL supported cpus:\n[    0.000000]   Intel GenuineIntel\n[    0.000000]   AMD AuthenticAMD\n[    0.000000]   Centaur CentaurHauls\n[    0.000000] BIOS-provided physical RAM map:\n[    0.000000]  BIOS-e820: 0000000000000000 - 000000000009fc00 (usable)\n[    0.000000]  BIOS-e820: 000000000009fc00 - 00000000000a0000 (reserved)\n[    0.000000]  BIOS-e820: 00000000000f0000 - 0000000000100000 (reserved)\n[    0.000000]  BIOS-e820: 0000000000100000 - 0000000003ffe000 (usable)\n[    0.000000]  BIOS-e820: 0000000003ffe000 - 0000000004000000 (reserved)\n[    0.000000]  BIOS-e820: 00000000fffc0000 - 0000000100000000 (reserved)\n[    0.000000] NX (Execute Disable) protection: active\n[    0.000000] SMBIOS 2.4 present.\n[    0.000000] No AGP bridge found\n[    0.000000] last_pfn = 0x3ffe max_arch_pfn = 0x400000000\n[    0.000000] x86 PAT enabled: cpu 0, old 0x7040600070406, new 0x7010600070106\n[    0.000000] found SMP MP-table at [ffff8800000f0b00] f0b00\n[    0.000000] init_memory_mapping: 0000000000000000-0000000003ffe000\n[    0.000000] RAMDISK: 03c5e000 - 03ff0000\n[    0.000000] ACPI: RSDP 00000000000f0950 00014 (v00 BOCHS )\n[    0.000000] ACPI: RSDT 0000000003fffbc1 00034 (v01 BOCHS  BXPCRSDT 00000001 BXPC 00000001)\n[    0.000000] ACPI: FACP 0000000003fff1c0 00074 (v01 BOCHS  BXPCFACP 00000001 BXPC 00000001)\n[    0.000000] ACPI: DSDT 0000000003ffe040 01180 (v01 BOCHS  BXPCDSDT 00000001 BXPC 00000001)\n[    0.000000] ACPI: FACS 0000000003ffe000 00040\n[    0.000000] ACPI: SSDT 0000000003fff234 008DD (v01 BOCHS  BXPCSSDT 00000001 BXPC 00000001)\n[    0.000000] ACPI: APIC 0000000003fffb11 00078 (v01 BOCHS  BXPCAPIC 00000001 BXPC 00000001)\n[    0.000000] ACPI: HPET 0000000003fffb89 00038 (v01 BOCHS  BXPCHPET 00000001 BXPC 00000001)\n[    0.000000] No NUMA configuration found\n[    0.000000] Faking a node at 0000000000000000-0000000003ffe000\n[    0.000000] Initmem setup node 0 0000000000000000-0000000003ffe000\n[    0.000000]   NODE_DATA [0000000003ff6000 - 0000000003ffafff]\n[    0.000000] Zone PFN ranges:\n[    0.000000]   DMA      0x00000010 -&gt; 0x00001000\n[    0.000000]   DMA32    0x00001000 -&gt; 0x00100000\n[    0.000000]   Normal   empty\n[    0.000000] Movable zone start PFN for each node\n[    0.000000] early_node_map[2] active PFN ranges\n[    0.000000]     0: 0x00000010 -&gt; 0x0000009f\n[    0.000000]     0: 0x00000100 -&gt; 0x00003ffe\n[    0.000000] ACPI: PM-Timer IO Port: 0xb008\n[    0.000000] ACPI: LAPIC (acpi_id[0x00] lapic_id[0x00] enabled)\n[    0.000000] ACPI: LAPIC_NMI (acpi_id[0xff] dfl dfl lint[0x1])\n[    0.000000] ACPI: IOAPIC (id[0x00] address[0xfec00000] gsi_base[0])\n[    0.000000] IOAPIC[0]: apic_id 0, version 17, address 0xfec00000, GSI 0-23\n[    0.000000] ACPI: INT_SRC_OVR (bus 0 bus_irq 0 global_irq 2 dfl dfl)\n[    0.000000] ACPI: INT_SRC_OVR (bus 0 bus_irq 5 global_irq 5 high level)\n[    0.000000] ACPI: INT_SRC_OVR (bus 0 bus_irq 9 global_irq 9 high level)\n[    0.000000] ACPI: INT_SRC_OVR (bus 0 bus_irq 10 global_irq 10 high level)\n[    0.000000] ACPI: INT_SRC_OVR (bus 0 bus_irq 11 global_irq 11 high level)\n[    0.000000] Using ACPI (MADT) for SMP configuration information\n[    0.000000] ACPI: HPET id: 0x8086a201 base: 0xfed00000\n[    0.000000] SMP: Allowing 1 CPUs, 0 hotplug CPUs\n[    0.000000] PM: Registered nosave memory: 000000000009f000 - 00000000000a0000\n[    0.000000] PM: Registered nosave memory: 00000000000a0000 - 00000000000f0000\n[    0.000000] PM: Registered nosave memory: 00000000000f0000 - 0000000000100000\n[    0.000000] Allocating PCI resources starting at 4000000 (gap: 4000000:fbfc0000)\n[    0.000000] Booting paravirtualized kernel on bare hardware\n[    0.000000] setup_pe
2015-12-10 17:43:27,166 24480 DEBUG    [tempest.scenario.manager] Console output for d8691b5d-a3d7-4c54-b5a4-7e3ac55cec34
body=
[    0.000000] Initializing cgroup subsys cpuset
[    0.000000] Initializing cgroup subsys cpu
[    0.000000] Linux version 3.2.0-80-virtual (buildd@batsu) (gcc version 4.6.3 (Ubuntu/Linaro 4.6.3-1ubuntu5) ) #116-Ubuntu SMP Mon Mar 23 17:28:52 UTC 2015 (Ubuntu 3.2.0-80.116-virtual 3.2.68)
[    0.000000] Command line: root=/dev/vda console=tty0 console=ttyS0 no_timer_check
[    0.000000] KERNEL supported cpus:
[    0.000000]   Intel GenuineIntel
[    0.000000]   AMD AuthenticAMD
[    0.000000]   Centaur CentaurHauls
[    0.000000] BIOS-provided physical RAM map:
[    0.000000]  BIOS-e820: 0000000000000000 - 000000000009fc00 (usable)
[    0.000000]  BIOS-e820: 000000000009fc00 - 00000000000a0000 (reserved)
[    0.000000]  BIOS-e820: 00000000000f0000 - 0000000000100000 (reserved)
[    0.000000]  BIOS-e820: 0000000000100000 - 0000000003ffe000 (usable)
[    0.000000]  BIOS-e820: 0000000003ffe000 - 0000000004000000 (reserved)
[    0.000000]  BIOS-e820: 00000000fffc0000 - 0000000100000000 (reserved)
[    0.000000] NX (Execute Disable) protection: active
[    0.000000] SMBIOS 2.4 present.
[    0.000000] No AGP bridge found
[    0.000000] last_pfn = 0x3ffe max_arch_pfn = 0x400000000
[    0.000000] x86 PAT enabled: cpu 0, old 0x7040600070406, new 0x7010600070106
[    0.000000] found SMP MP-table at [ffff8800000f0b00] f0b00
[    0.000000] init_memory_mapping: 0000000000000000-0000000003ffe000
[    0.000000] RAMDISK: 03c5e000 - 03ff0000
[    0.000000] ACPI: RSDP 00000000000f0950 00014 (v00 BOCHS )
[    0.000000] ACPI: RSDT 0000000003fffbc1 00034 (v01 BOCHS  BXPCRSDT 00000001 BXPC 00000001)
[    0.000000] ACPI: FACP 0000000003fff1c0 00074 (v01 BOCHS  BXPCFACP 00000001 BXPC 00000001)
[    0.000000] ACPI: DSDT 0000000003ffe040 01180 (v01 BOCHS  BXPCDSDT 00000001 BXPC 00000001)
[    0.000000] ACPI: FACS 0000000003ffe000 00040
[    0.000000] ACPI: SSDT 0000000003fff234 008DD (v01 BOCHS  BXPCSSDT 00000001 BXPC 00000001)
[    0.000000] ACPI: APIC 0000000003fffb11 00078 (v01 BOCHS  BXPCAPIC 00000001 BXPC 00000001)
[    0.000000] ACPI: HPET 0000000003fffb89 00038 (v01 BOCHS  BXPCHPET 00000001 BXPC 00000001)
[    0.000000] No NUMA configuration found
[    0.000000] Faking a node at 0000000000000000-0000000003ffe000
[    0.000000] Initmem setup node 0 0000000000000000-0000000003ffe000
[    0.000000]   NODE_DATA [0000000003ff6000 - 0000000003ffafff]
[    0.000000] Zone PFN ranges:
[    0.000000]   DMA      0x00000010 -&gt; 0x00001000
[    0.000000]   DMA32    0x00001000 -&gt; 0x00100000
[    0.000000]   Normal   empty
[    0.000000] Movable zone start PFN for each node
[    0.000000] early_node_map[2] active PFN ranges
[    0.000000]     0: 0x00000010 -&gt; 0x0000009f
[    0.000000]     0: 0x00000100 -&gt; 0x00003ffe
[    0.000000] ACPI: PM-Timer IO Port: 0xb008
[    0.000000] ACPI: LAPIC (acpi_id[0x00] lapic_id[0x00] enabled)
[    0.000000] ACPI: LAPIC_NMI (acpi_id[0xff] dfl dfl lint[0x1])
[    0.000000] ACPI: IOAPIC (id[0x00] address[0xfec00000] gsi_base[0])
[    0.000000] IOAPIC[0]: apic_id 0, version 17, address 0xfec00000, GSI 0-23
[    0.000000] ACPI: INT_SRC_OVR (bus 0 bus_irq 0 global_irq 2 dfl dfl)
[    0.000000] ACPI: INT_SRC_OVR (bus 0 bus_irq 5 global_irq 5 high level)
[    0.000000] ACPI: INT_SRC_OVR (bus 0 bus_irq 9 global_irq 9 high level)
[    0.000000] ACPI: INT_SRC_OVR (bus 0 bus_irq 10 global_irq 10 high level)
[    0.000000] ACPI: INT_SRC_OVR (bus 0 bus_irq 11 global_irq 11 high level)
[    0.000000] Using ACPI (MADT) for SMP configuration information
[    0.000000] ACPI: HPET id: 0x8086a201 base: 0xfed00000
[    0.000000] SMP: Allowing 1 CPUs, 0 hotplug CPUs
[    0.000000] PM: Registered nosave memory: 000000000009f000 - 00000000000a0000
[    0.000000] PM: Registered nosave memory: 00000000000a0000 - 00000000000f0000
[    0.000000] PM: Registered nosave memory: 00000000000f0000 - 0000000000100000
[    0.000000] Allocating PCI resources starting at 4000000 (gap: 4000000:fbfc0000)
[    0.000000] Booting paravirtualized kernel on bare hardware
[    0.000000] setup_percpu: NR_CPUS:64 nr_cpumask_bits:64 nr_cpu_ids:1 nr_node_ids:1
[    0.000000] PERCPU: Embedded 27 pages/cpu @ffff880003a00000 s78848 r8192 d23552 u2097152
[    0.000000] Built 1 zonelists in Node order, mobility grouping on.  Total pages: 16008
[    0.000000] Policy zone: DMA32
[    0.000000] Kernel command line: root=/dev/vda console=tty0 console=ttyS0 no_timer_check
[    0.000000] PID hash table entries: 256 (order: -1, 2048 bytes)
[    0.000000] Checking aperture...
[    0.000000] No AGP bridge found
[    0.000000] Memory: 43492k/65528k available (6576k kernel code, 452k absent, 21584k reserved, 6620k data, 928k init)
[    0.000000] SLUB: Genslabs=15, HWalign=64, Order=0-3, MinObjects=0, CPUs=1, Nodes=1
[    0.000000] Hierarchical RCU implementation.
[    0.000000] 	RCU dyntick-idle grace-period acceleration is enabled.
[    0.000000] NR_IRQS:4352 nr_irqs:256 16
[    0.000000] Console: colour VGA+ 80x25
[    0.000000] console [tty0] enabled
[    0.000000] console [ttyS0] enabled
[    0.000000] allocated 1048576 bytes of page_cgroup
[    0.000000] please try 'cgroup_disable=memory' option if you don't want memory cgroups
[    0.000000] Fast TSC calibration failed
[    0.000000] TSC: Unable to calibrate against PIT
[    0.000000] TSC: using HPET reference calibration
[    0.000000] Detected 2292.052 MHz processor.
[    0.033344] Calibrating delay loop (skipped), value calculated using timer frequency.. 4584.10 BogoMIPS (lpj=9168208)
[    0.035307] pid_max: default: 32768 minimum: 301
[    0.046082] Security Framework initialized
[    0.050403] AppArmor: AppArmor initialized
[    0.051241] Yama: becoming mindful.
[    0.058539] Dentry cache hash table entries: 8192 (order: 4, 65536 bytes)
[    0.060700] Inode-cache hash table entries: 4096 (order: 3, 32768 bytes)
[    0.062422] Mount-cache hash table entries: 256
[    0.080400] Initializing cgroup subsys cpuacct
[    0.081434] Initializing cgroup subsys memory
[    0.082319] Initializing cgroup subsys devices
[    0.084177] Initializing cgroup subsys freezer
[    0.084839] Initializing cgroup subsys blkio
[    0.085604] Initializing cgroup subsys perf_event
[    0.090873] mce: CPU supports 10 MCE banks
[    0.094224] SMP alternatives: switching to UP code
[    0.554730] Freeing SMP alternatives: 24k freed
[    0.556983] ACPI: Core revision 20110623
[    0.609110] ftrace: allocating 26610 entries in 105 pages
[    0.644039] ..TIMER: vector=0x30 apic1=0 pin1=2 apic2=-1 pin2=-1
[    0.648215] CPU0: AMD QEMU Virtual CPU version 2.0.0 stepping 03
[    0.652040] Performance Events: Broken PMU hardware detected, using software events only.
[    0.658826] NMI watchdog disabled (cpu0): hardware events not enabled
[    0.660738] Brought up 1 CPUs
[    0.661270] Total of 1 processors activated (4584.10 BogoMIPS).
[    0.684651] devtmpfs: initialized
[    0.712847] EVM: security.selinux
[    0.713332] EVM: security.SMACK64
[    0.713789] EVM: security.capability
[    0.733498] print_constraints: dummy: 
[    0.736145] RTC time: 17:41:26, date: 12/10/15
[    0.740019] NET: Registered protocol family 16
[    0.747415] ACPI: bus type pci registered
[    0.750859] PCI: Using configuration type 1 for base access
[    0.781541] bio: create slab &lt;bio-0&gt; at 0
[    0.785890] ACPI: Added _OSI(Module Device)
[    0.786553] ACPI: Added _OSI(Processor Device)
[    0.787134] ACPI: Added _OSI(3.0 _SCP Extensions)
[    0.787743] ACPI: Added _OSI(Processor Aggregator Device)
[    0.862865] ACPI: Interpreter enabled
[    0.864186] ACPI: (supports S0 S3 S4 S5)
[    0.866074] ACPI: Using IOAPIC for interrupt routing
[    0.955277] ACPI: No dock devices found.
[    0.956241] HEST: Table not found.
[    0.957024] PCI: Using host bridge windows from ACPI; if necessary, use "pci=nocrs" and report a bug
[    0.965697] ACPI: PCI Root Bridge [PCI0] (domain 0000 [bus 00-ff])
[    0.974690] pci_root PNP0A03:00: host bridge window [io  0x0000-0x0cf7]
[    0.976169] pci_root PNP0A03:00: host bridge window [io  0x0d00-0xadff]
[    0.977527] pci_root PNP0A03:00: host bridge window [io  0xae0f-0xaeff]
[    0.980111] pci_root PNP0A03:00: host bridge window [io  0xaf20-0xafdf]
[    0.981127] pci_root PNP0A03:00: host bridge window [io  0xafe4-0xffff]
[    0.982474] pci_root PNP0A03:00: host bridge window [mem 0x000a0000-0x000bffff]
[    0.984124] pci_root PNP0A03:00: host bridge window [mem 0x04000000-0xfebfffff]
[    1.010676] pci 0000:00:01.3: quirk: [io  0xb000-0xb03f] claimed by PIIX4 ACPI
[    1.012248] pci 0000:00:01.3: quirk: [io  0xb100-0xb10f] claimed by PIIX4 SMB
[    1.093917]  pci0000:00: Unable to request _OSC control (_OSC support mask: 0x1e)
[    1.154399] ACPI: PCI Interrupt Link [LNKA] (IRQs 5 *10 11)
[    1.157612] ACPI: PCI Interrupt Link [LNKB] (IRQs 5 *10 11)
[    1.159262] ACPI: PCI Interrupt Link [LNKC] (IRQs 5 10 *11)
[    1.161098] ACPI: PCI Interrupt Link [LNKD] (IRQs 5 10 *11)
[    1.162363] ACPI: PCI Interrupt Link [LNKS] (IRQs *9)
[    1.170393] vgaarb: device added: PCI:0000:00:02.0,decodes=io+mem,owns=io+mem,locks=none
[    1.171486] vgaarb: loaded
[    1.172165] vgaarb: bridge control possible 0000:00:02.0
[    1.176430] i2c-core: driver [aat2870] using legacy suspend method
[    1.177525] i2c-core: driver [aat2870] using legacy resume method
[    1.180498] SCSI subsystem initialized
[    1.183465] usbcore: registered new interface driver usbfs
[    1.184776] usbcore: registered new interface driver hub
[    1.186007] usbcore: registered new device driver usb
[    1.190726] PCI: Using ACPI for IRQ routing
[    1.203435] NetLabel: Initializing
[    1.204144] NetLabel:  domain hash size = 128
[    1.204622] NetLabel:  protocols = UNLABELED CIPSOv4
[    1.206473] NetLabel:  unlabeled traffic allowed by default
[    1.209377] HPET: 3 timers in total, 0 timers will be used for per-cpu timer
[    1.210556] hpet0: at MMIO 0xfed00000, IRQs 2, 8, 0
[    1.211375] hpet0: 3 comparators, 64-bit 100.000000 MHz counter
[    1.224746] Switching to clocksource hpet
[    1.487240] AppArmor: AppArmor Filesystem Enabled
[    1.489427] pnp: PnP ACPI init
[    1.490105] ACPI: bus type pnp registered
[    1.514864] pnp: PnP ACPI: found 9 devices
[    1.515720] ACPI: ACPI bus type pnp unregistered
[    1.582900] NET: Registered protocol family 2
[    1.618405] IP route cache hash table entries: 512 (order: 0, 4096 bytes)
[    1.626327] TCP established hash table entries: 2048 (order: 3, 32768 bytes)
[    1.627486] TCP bind hash table entries: 2048 (order: 3, 32768 bytes)
[    1.629281] TCP: Hash tables configured (established 2048 bind 2048)
[    1.630105] TCP reno registered
[    1.630597] UDP hash table entries: 128 (order: 0, 4096 bytes)
[    1.631477] UDP-Lite hash table entries: 128 (order: 0, 4096 bytes)
[    1.634385] NET: Registered protocol family 1
[    1.635282] pci 0000:00:00.0: Limiting direct PCI/PCI transfers
[    1.636105] pci 0000:00:01.0: PIIX3: Enabling Passive Release
[    1.637662] pci 0000:00:01.0: Activating ISA DMA hang workarounds
[    1.642975] ACPI: PCI Interrupt Link [LNKD] enabled at IRQ 11
[    1.644123] pci 0000:00:01.2: PCI INT D -&gt; Link[LNKD] -&gt; GSI 11 (level, high) -&gt; IRQ 11
[    1.646212] pci 0000:00:01.2: PCI INT D disabled
[    1.662955] Trying to unpack rootfs image as initramfs...
[    1.691647] audit: initializing netlink socket (disabled)
[    1.694936] type=2000 audit(1449769286.692:1): initialized
[    1.955729] HugeTLB registered 2 MB page size, pre-allocated 0 pages
[    2.067595] VFS: Disk quotas dquot_6.5.2
[    2.069733] Dquot-cache hash table entries: 512 (order 0, 4096 bytes)
[    2.086160] fuse init (API version 7.17)
[    2.094214] msgmni has been set to 84
[    2.132194] Block layer SCSI generic (bsg) driver version 0.4 loaded (major 253)
[    2.134576] io scheduler noop registered
[    2.135148] io scheduler deadline registered (default)
[    2.137686] io scheduler cfq registered
[    2.141643] pci_hotplug: PCI Hot Plug PCI Core version: 0.5
[    2.143808] pciehp: PCI Express Hot Plug Controller Driver version: 0.4
[    2.149916] input: Power Button as /devices/LNXSYSTM:00/LNXPWRBN:00/input/input0
[    2.151933] ACPI: Power Button [PWRF]
[    2.214956] ERST: Table is not found!
[    2.215472] GHES: HEST is not enabled!
[    2.222260] ACPI: PCI Interrupt Link [LNKC] enabled at IRQ 10
[    2.223803] virtio-pci 0000:00:03.0: PCI INT A -&gt; Link[LNKC] -&gt; GSI 10 (level, high) -&gt; IRQ 10
[    2.227331] virtio-pci 0000:00:04.0: PCI INT A -&gt; Link[LNKD] -&gt; GSI 11 (level, high) -&gt; IRQ 11
[    2.242037] ACPI: PCI Interrupt Link [LNKA] enabled at IRQ 10
[    2.243450] virtio-pci 0000:00:05.0: PCI INT A -&gt; Link[LNKA] -&gt; GSI 10 (level, high) -&gt; IRQ 10
[    2.258326] Serial: 8250/16550 driver, 32 ports, IRQ sharing enabled
[    2.298451] serial8250: ttyS0 at I/O 0x3f8 (irq = 4) is a 16550A
[    2.386367] serial8250: ttyS1 at I/O 0x2f8 (irq = 3) is a 16550A
[    2.516069] 00:05: ttyS0 at I/O 0x3f8 (irq = 4) is a 16550A
[    2.601640] 00:06: ttyS1 at I/O 0x2f8 (irq = 3) is a 16550A
[    2.643873] Linux agpgart interface v0.103
[    2.658422] Refined TSC clocksource calibration: 2292.360 MHz.
[    2.659071] Switching to clocksource tsc
[    2.706820] brd: module loaded
[    2.739227] loop: module loaded
[    2.790209]  vda: unknown partition table
[    2.841592] scsi0 : ata_piix
[    2.843832] scsi1 : ata_piix
[    2.846281] ata1: PATA max MWDMA2 cmd 0x1f0 ctl 0x3f6 bmdma 0xc0a0 irq 14
[    2.847054] ata2: PATA max MWDMA2 cmd 0x170 ctl 0x376 bmdma 0xc0a8 irq 15
[    2.857579] Fixed MDIO Bus: probed
[    2.858506] tun: Universal TUN/TAP device driver, 1.6
[    2.859123] tun: (C) 1999-2004 Max Krasnyansky &lt;maxk@qualcomm.com&gt;
[    2.871999] PPP generic driver version 2.4.2
[    2.903657] ehci_hcd: USB 2.0 'Enhanced' Host Controller (EHCI) Driver
[    2.905884] ohci_hcd: USB 1.1 'Open' Host Controller (OHCI) Driver
[    2.906952] uhci_hcd: USB Universal Host Controller Interface driver
[    2.908137] uhci_hcd 0000:00:01.2: PCI INT D -&gt; Link[LNKD] -&gt; GSI 11 (level, high) -&gt; IRQ 11
[    2.911916] uhci_hcd 0000:00:01.2: UHCI Host Controller
[    2.934752] uhci_hcd 0000:00:01.2: new USB bus registered, assigned bus number 1
[    2.937588] uhci_hcd 0000:00:01.2: irq 11, io base 0x0000c040
[    2.980422] hub 1-0:1.0: USB hub found
[    2.982340] hub 1-0:1.0: 2 ports detected
[    2.991804] usbcore: registered new interface driver libusual
[    2.999659] i8042: PNP: PS/2 Controller [PNP0303:KBD,PNP0f13:MOU] at 0x60,0x64 irq 1,12
[    3.012065] serio: i8042 KBD port at 0x60,0x64 irq 1
[    3.014794] serio: i8042 AUX port at 0x60,0x64 irq 12
[    3.071677] ata2.01: ATAPI: QEMU DVD-ROM, 2.0.0, max UDMA/100
[    3.082685] ata2.01: configured for MWDMA2
[    3.113117] mousedev: PS/2 mouse device common for all mice
[    3.131363] input: AT Translated Set 2 keyboard as /devices/platform/i8042/serio0/input/input1
[    3.143424] scsi 1:0:1:0: CD-ROM            QEMU     QEMU DVD-ROM     2.0. PQ: 0 ANSI: 5
[    3.160919] rtc_cmos 00:01: RTC can wake from S4
[    3.174584] rtc_cmos 00:01: rtc core: registered rtc_cmos as rtc0
[    3.180690] rtc0: alarms up to one day, 114 bytes nvram, hpet irqs
[    3.186264] device-mapper: uevent: version 1.0.3
[    3.220867] device-mapper: ioctl: 4.22.0-ioctl (2011-10-19) initialised: dm-devel@redhat.com
[    3.226791] cpuidle: using governor ladder
[    3.229897] cpuidle: using governor menu
[    3.231330] EFI Variables Facility v0.08 2004-May-17
[    3.240017] TCP cubic registered
[    3.247116] NET: Registered protocol family 10
[    3.290234] NET: Registered protocol family 17
[    3.292557] Registering the dns_resolver key type
[    3.298733] sr0: scsi3-mmc drive: 4x/4x cd/rw xa/form2 tray
[    3.303092] cdrom: Uniform CD-ROM driver Revision: 3.20
[    3.327421] sr 1:0:1:0: Attached scsi generic sg0 type 5
[    3.406646] registered taskstats version 1
[    3.493156] Freeing initrd memory: 3656k freed
[    4.013197]   Magic number: 11:723:693
[    4.022928] rtc_cmos 00:01: setting system clock to 2015-12-10 17:41:30 UTC (1449769290)
[    4.026725] powernow-k8: Processor cpuid 663 not supported
[    4.034345] BIOS EDD facility v0.16 2004-Jun-25, 0 devices found
[    4.036653] EDD information not available.
[    4.103406] Freeing unused kernel memory: 928k freed
[    4.109264] Write protecting the kernel read-only data: 12288k
[    4.218873] Freeing unused kernel memory: 1596k freed
[    4.283331] Freeing unused kernel memory: 1184k freed

info: initramfs: up at 4.44
modprobe: module virtio_blk not found in modules.dep
modprobe: module virtio_net not found in modules.dep
info: copying initramfs to /dev/vda
info: initramfs loading root from /dev/vda
info: /etc/init.d/rc.sysinit: up at 9.05
info: container: none
Starting logging: OK
modprobe: module virtio_blk not found in modules.dep
modprobe: module virtio_net not found in modules.dep
WARN: /etc/rc3.d/S10-load-modules failed
Initializing random number generator... done.
Starting acpid: OK
cirros-ds 'local' up at 11.54
found datasource (configdrive, local)
Starting network...
udhcpc (v1.20.1) started
Sending discover...
Sending discover...

2015-12-10 17:43:27,446 24480 INFO     [tempest_lib.common.rest_client] Request (TestNetworkBasicOps:_run_cleanups): 204 DELETE http://10.0.2.15:9696/v2.0/floatingips/ca812465-6a32-4105-8f55-f0a6e0680986 0.274s
2015-12-10 17:43:27,446 24480 DEBUG    [tempest_lib.common.rest_client] Request - Headers: {'Content-Type': 'application/json', 'Accept': 'application/json', 'X-Auth-Token': '&lt;omitted&gt;'}
        Body: None
    Response - Headers: {'date': 'Thu, 10 Dec 2015 17:43:27 GMT', 'status': '204', 'connection': 'close', 'content-length': '0', 'x-openstack-request-id': 'req-59c9d731-edbc-4c49-924d-21db8302a630'}
        Body: 
2015-12-10 17:43:27,679 24480 INFO     [tempest_lib.common.rest_client] Request (TestNetworkBasicOps:_run_cleanups): 204 DELETE http://10.0.2.15:8774/v2.1/c349c21b5ffa440fa4070d12e7a95b5b/servers/d8691b5d-a3d7-4c54-b5a4-7e3ac55cec34 0.232s
2015-12-10 17:43:27,679 24480 DEBUG    [tempest_lib.common.rest_client] Request - Headers: {'Content-Type': 'application/json', 'Accept': 'application/json', 'X-Auth-Token': '&lt;omitted&gt;'}
        Body: None
    Response - Headers: {'status': '204', 'content-length': '0', 'x-compute-request-id': 'req-7b6b94cc-9d25-4590-a882-2f8aa9811b44', 'vary': 'X-OpenStack-Nova-API-Version', 'connection': 'close', 'x-openstack-nova-api-version': '2.1', 'date': 'Thu, 10 Dec 2015 17:43:27 GMT', 'content-type': 'application/json'}
        Body: 
2015-12-10 17:43:27,894 24480 INFO     [tempest_lib.common.rest_client] Request (TestNetworkBasicOps:_run_cleanups): 200 GET http://10.0.2.15:8774/v2.1/c349c21b5ffa440fa4070d12e7a95b5b/servers/d8691b5d-a3d7-4c54-b5a4-7e3ac55cec34 0.214s
2015-12-10 17:43:27,895 24480 DEBUG    [tempest_lib.common.rest_client] Request - Headers: {'Content-Type': 'application/json', 'Accept': 'application/json', 'X-Auth-Token': '&lt;omitted&gt;'}
        Body: None
    Response - Headers: {'status': '200', 'content-length': '1772', 'content-location': 'http://10.0.2.15:8774/v2.1/c349c21b5ffa440fa4070d12e7a95b5b/servers/d8691b5d-a3d7-4c54-b5a4-7e3ac55cec34', 'x-compute-request-id': 'req-cef42558-53e7-4cc4-9f2c-0077e1752b31', 'vary': 'X-OpenStack-Nova-API-Version', 'connection': 'close', 'x-openstack-nova-api-version': '2.1', 'date': 'Thu, 10 Dec 2015 17:43:27 GMT', 'content-type': 'application/json'}
        Body: {"server": {"status": "ACTIVE", "updated": "2015-12-10T17:43:27Z", "hostId": "83801882d2066c3017a4c2f3944809de3a7df6dfaf84e7c13767cdba", "addresses": {"tempest-network-smoke--905684605": [{"OS-EXT-IPS-MAC:mac_addr": "fa:16:3e:bb:8a:03", "version": 4, "addr": "10.100.0.3", "OS-EXT-IPS:type": "fixed"}, {"OS-EXT-IPS-MAC:mac_addr": "fa:16:3e:bb:8a:03", "version": 4, "addr": "172.24.4.4", "OS-EXT-IPS:type": "floating"}]}, "links": [{"href": "http://10.0.2.15:8774/v2.1/c349c21b5ffa440fa4070d12e7a95b5b/servers/d8691b5d-a3d7-4c54-b5a4-7e3ac55cec34", "rel": "self"}, {"href": "http://10.0.2.15:8774/c349c21b5ffa440fa4070d12e7a95b5b/servers/d8691b5d-a3d7-4c54-b5a4-7e3ac55cec34", "rel": "bookmark"}], "key_name": "tempest-TestNetworkBasicOps-1680917851", "image": {"id": "fa5381e2-1ed4-4310-a881-b89a464ea730", "links": [{"href": "http://10.0.2.15:8774/c349c21b5ffa440fa4070d12e7a95b5b/images/fa5381e2-1ed4-4310-a881-b89a464ea730", "rel": "bookmark"}]}, "OS-EXT-STS:task_state": "deleting", "OS-EXT-STS:vm_state": "active", "OS-SRV-USG:launched_at": "2015-12-10T17:41:22.000000", "flavor": {"id": "42", "links": [{"href": "http://10.0.2.15:8774/c349c21b5ffa440fa4070d12e7a95b5b/flavors/42", "rel": "bookmark"}]}, "id": "d8691b5d-a3d7-4c54-b5a4-7e3ac55cec34", "security_groups": [{"name": "tempest-secgroup-smoke-90708093"}], "OS-SRV-USG:terminated_at": null, "OS-EXT-AZ:availability_zone": "nova", "user_id": "21246bb8a3e04b7e84735a17a084d3c7", "name": "tempest.common.compute-instance-23253798", "created": "2015-12-10T17:41:19Z", "tenant_id": "c349c21b5ffa440fa4070d12e7a95b5b", "OS-DCF:diskConfig": "MANUAL", "os-extended-volumes:volumes_attached": [], "accessIPv4": "", "accessIPv6": "", "progress": 0, "OS-EXT-STS:power_state": 1, "config_drive": "True", "metadata": {}}}
2015-12-10 17:43:29,082 24480 INFO     [tempest_lib.common.rest_client] Request (TestNetworkBasicOps:_run_cleanups): 200 GET http://10.0.2.15:8774/v2.1/c349c21b5ffa440fa4070d12e7a95b5b/servers/d8691b5d-a3d7-4c54-b5a4-7e3ac55cec34 0.172s
2015-12-10 17:43:29,082 24480 DEBUG    [tempest_lib.common.rest_client] Request - Headers: {'Content-Type': 'application/json', 'Accept': 'application/json', 'X-Auth-Token': '&lt;omitted&gt;'}
        Body: None
    Response - Headers: {'status': '200', 'content-length': '1439', 'content-location': 'http://10.0.2.15:8774/v2.1/c349c21b5ffa440fa4070d12e7a95b5b/servers/d8691b5d-a3d7-4c54-b5a4-7e3ac55cec34', 'x-compute-request-id': 'req-c4f3c8d2-59f4-4a76-906d-3e124c10e16c', 'vary': 'X-OpenStack-Nova-API-Version', 'connection': 'close', 'x-openstack-nova-api-version': '2.1', 'date': 'Thu, 10 Dec 2015 17:43:29 GMT', 'content-type': 'application/json'}
        Body: {"server": {"status": "ACTIVE", "updated": "2015-12-10T17:43:28Z", "hostId": "83801882d2066c3017a4c2f3944809de3a7df6dfaf84e7c13767cdba", "addresses": {}, "links": [{"href": "http://10.0.2.15:8774/v2.1/c349c21b5ffa440fa4070d12e7a95b5b/servers/d8691b5d-a3d7-4c54-b5a4-7e3ac55cec34", "rel": "self"}, {"href": "http://10.0.2.15:8774/c349c21b5ffa440fa4070d12e7a95b5b/servers/d8691b5d-a3d7-4c54-b5a4-7e3ac55cec34", "rel": "bookmark"}], "key_name": "tempest-TestNetworkBasicOps-1680917851", "image": {"id": "fa5381e2-1ed4-4310-a881-b89a464ea730", "links": [{"href": "http://10.0.2.15:8774/c349c21b5ffa440fa4070d12e7a95b5b/images/fa5381e2-1ed4-4310-a881-b89a464ea730", "rel": "bookmark"}]}, "OS-EXT-STS:task_state": "deleting", "OS-EXT-STS:vm_state": "active", "OS-SRV-USG:launched_at": "2015-12-10T17:41:22.000000", "flavor": {"id": "42", "links": [{"href": "http://10.0.2.15:8774/c349c21b5ffa440fa4070d12e7a95b5b/flavors/42", "rel": "bookmark"}]}, "id": "d8691b5d-a3d7-4c54-b5a4-7e3ac55cec34", "OS-SRV-USG:terminated_at": null, "OS-EXT-AZ:availability_zone": "nova", "user_id": "21246bb8a3e04b7e84735a17a084d3c7", "name": "tempest.common.compute-instance-23253798", "created": "2015-12-10T17:41:19Z", "tenant_id": "c349c21b5ffa440fa4070d12e7a95b5b", "OS-DCF:diskConfig": "MANUAL", "os-extended-volumes:volumes_attached": [], "accessIPv4": "", "accessIPv6": "", "progress": 0, "OS-EXT-STS:power_state": 1, "config_drive": "True", "metadata": {}}}
2015-12-10 17:43:30,175 24480 INFO     [tempest_lib.common.rest_client] Request (TestNetworkBasicOps:_run_cleanups): 404 GET http://10.0.2.15:8774/v2.1/c349c21b5ffa440fa4070d12e7a95b5b/servers/d8691b5d-a3d7-4c54-b5a4-7e3ac55cec34 0.080s
2015-12-10 17:43:30,176 24480 DEBUG    [tempest_lib.common.rest_client] Request - Headers: {'Content-Type': 'application/json', 'Accept': 'application/json', 'X-Auth-Token': '&lt;omitted&gt;'}
        Body: None
    Response - Headers: {'status': '404', 'content-length': '111', 'x-compute-request-id': 'req-d0d3a7f3-8231-4808-ba34-d1b49f4935a2', 'vary': 'X-OpenStack-Nova-API-Version', 'connection': 'close', 'x-openstack-nova-api-version': '2.1', 'date': 'Thu, 10 Dec 2015 17:43:30 GMT', 'content-type': 'application/json; charset=UTF-8'}
        Body: {"itemNotFound": {"message": "Instance d8691b5d-a3d7-4c54-b5a4-7e3ac55cec34 could not be found.", "code": 404}}
2015-12-10 17:43:30,198 24480 INFO     [tempest_lib.common.rest_client] Request (TestNetworkBasicOps:_run_cleanups): 202 DELETE http://10.0.2.15:8774/v2.1/c349c21b5ffa440fa4070d12e7a95b5b/os-keypairs/tempest-TestNetworkBasicOps-1680917851 0.020s
2015-12-10 17:43:30,199 24480 DEBUG    [tempest_lib.common.rest_client] Request - Headers: {'Content-Type': 'application/json', 'Accept': 'application/json', 'X-Auth-Token': '&lt;omitted&gt;'}
        Body: None
    Response - Headers: {'status': '202', 'content-length': '0', 'x-compute-request-id': 'req-237c9718-3914-4a51-80de-573cfc1f389b', 'vary': 'X-OpenStack-Nova-API-Version', 'connection': 'close', 'x-openstack-nova-api-version': '2.1', 'date': 'Thu, 10 Dec 2015 17:43:30 GMT', 'content-type': 'application/json'}
        Body: 
2015-12-10 17:43:30,657 24480 INFO     [tempest_lib.common.rest_client] Request (TestNetworkBasicOps:_run_cleanups): 200 PUT http://10.0.2.15:9696/v2.0/routers/4a2bf95c-8992-41d4-8930-0c5630bbe069/remove_router_interface 0.456s
2015-12-10 17:43:30,657 24480 DEBUG    [tempest_lib.common.rest_client] Request - Headers: {'Content-Type': 'application/json', 'Accept': 'application/json', 'X-Auth-Token': '&lt;omitted&gt;'}
        Body: {"subnet_id": "8d343aef-af29-43ac-9c15-ecec910be955"}
    Response - Headers: {'status': '200', 'content-length': '255', 'connection': 'close', 'date': 'Thu, 10 Dec 2015 17:43:30 GMT', 'content-type': 'application/json; charset=UTF-8', 'x-openstack-request-id': 'req-85ccf1c7-92d8-486b-aee2-1a518dccefb1'}
        Body: {"subnet_id": "8d343aef-af29-43ac-9c15-ecec910be955", "tenant_id": "c349c21b5ffa440fa4070d12e7a95b5b", "subnet_ids": ["8d343aef-af29-43ac-9c15-ecec910be955"], "port_id": "ab67507c-424d-475f-9a52-22edb0be34a3", "id": "4a2bf95c-8992-41d4-8930-0c5630bbe069"}
2015-12-10 17:43:31,141 24480 INFO     [tempest_lib.common.rest_client] Request (TestNetworkBasicOps:_run_cleanups): 204 DELETE http://10.0.2.15:9696/v2.0/subnets/8d343aef-af29-43ac-9c15-ecec910be955 0.483s
2015-12-10 17:43:31,142 24480 DEBUG    [tempest_lib.common.rest_client] Request - Headers: {'Content-Type': 'application/json', 'Accept': 'application/json', 'X-Auth-Token': '&lt;omitted&gt;'}
        Body: None
    Response - Headers: {'date': 'Thu, 10 Dec 2015 17:43:31 GMT', 'status': '204', 'connection': 'close', 'content-length': '0', 'x-openstack-request-id': 'req-c3b81dfc-0212-4d87-bbd2-c76db6331d46'}
        Body: 
2015-12-10 17:43:31,190 24480 INFO     [tempest_lib.common.rest_client] Request (TestNetworkBasicOps:_run_cleanups): 200 GET http://10.0.2.15:9696/v2.0/routers/4a2bf95c-8992-41d4-8930-0c5630bbe069 0.047s
2015-12-10 17:43:31,191 24480 DEBUG    [tempest_lib.common.rest_client] Request - Headers: {'Content-Type': 'application/json', 'Accept': 'application/json', 'X-Auth-Token': '&lt;omitted&gt;'}
        Body: None
    Response - Headers: {'status': '200', 'content-length': '564', 'content-location': 'http://10.0.2.15:9696/v2.0/routers/4a2bf95c-8992-41d4-8930-0c5630bbe069', 'connection': 'close', 'date': 'Thu, 10 Dec 2015 17:43:31 GMT', 'content-type': 'application/json; charset=UTF-8', 'x-openstack-request-id': 'req-aa58341c-deaf-48cc-9561-554e324f34b0'}
        Body: {"router": {"status": "ACTIVE", "external_gateway_info": {"network_id": "6c483340-8078-47a2-81f2-f0ad2553c1cf", "enable_snat": true, "external_fixed_ips": [{"subnet_id": "e4b4c1e4-5c52-40a0-9dd8-c96e1309ff70", "ip_address": "172.24.4.3"}, {"subnet_id": "3e3e325c-1ecb-44d5-801e-12e5ba55498a", "ip_address": "2001:db8::4"}]}, "availability_zone_hints": [], "availability_zones": ["nova"], "name": "tempest-router-smoke-2032414619", "admin_state_up": true, "tenant_id": "c349c21b5ffa440fa4070d12e7a95b5b", "routes": [], "id": "4a2bf95c-8992-41d4-8930-0c5630bbe069"}}
2015-12-10 17:43:31,614 24480 INFO     [tempest_lib.common.rest_client] Request (TestNetworkBasicOps:_run_cleanups): 200 PUT http://10.0.2.15:9696/v2.0/routers/4a2bf95c-8992-41d4-8930-0c5630bbe069 0.423s
2015-12-10 17:43:31,615 24480 DEBUG    [tempest_lib.common.rest_client] Request - Headers: {'Content-Type': 'application/json', 'Accept': 'application/json', 'X-Auth-Token': '&lt;omitted&gt;'}
        Body: {"router": {"external_gateway_info": {}, "name": "tempest-router-smoke-2032414619", "admin_state_up": true}}
    Response - Headers: {'status': '200', 'content-length': '302', 'connection': 'close', 'date': 'Thu, 10 Dec 2015 17:43:31 GMT', 'content-type': 'application/json; charset=UTF-8', 'x-openstack-request-id': 'req-b8d0a8b2-0731-40c6-9814-67b1dc896a79'}
        Body: {"router": {"status": "ACTIVE", "external_gateway_info": null, "availability_zone_hints": [], "availability_zones": ["nova"], "name": "tempest-router-smoke-2032414619", "admin_state_up": true, "tenant_id": "c349c21b5ffa440fa4070d12e7a95b5b", "routes": [], "id": "4a2bf95c-8992-41d4-8930-0c5630bbe069"}}
2015-12-10 17:43:32,021 24480 INFO     [tempest_lib.common.rest_client] Request (TestNetworkBasicOps:_run_cleanups): 204 DELETE http://10.0.2.15:9696/v2.0/routers/4a2bf95c-8992-41d4-8930-0c5630bbe069 0.405s
2015-12-10 17:43:32,021 24480 DEBUG    [tempest_lib.common.rest_client] Request - Headers: {'Content-Type': 'application/json', 'Accept': 'application/json', 'X-Auth-Token': '&lt;omitted&gt;'}
        Body: None
    Response - Headers: {'date': 'Thu, 10 Dec 2015 17:43:32 GMT', 'status': '204', 'connection': 'close', 'content-length': '0', 'x-openstack-request-id': 'req-d7222a45-c2b8-4c20-81b4-d307099b04b6'}
        Body: 
2015-12-10 17:43:32,232 24480 INFO     [tempest_lib.common.rest_client] Request (TestNetworkBasicOps:_run_cleanups): 204 DELETE http://10.0.2.15:9696/v2.0/networks/5a52aba7-e8fe-49f4-b2cd-171796457fb3 0.209s
2015-12-10 17:43:32,232 24480 DEBUG    [tempest_lib.common.rest_client] Request - Headers: {'Content-Type': 'application/json', 'Accept': 'application/json', 'X-Auth-Token': '&lt;omitted&gt;'}
        Body: None
    Response - Headers: {'date': 'Thu, 10 Dec 2015 17:43:32 GMT', 'status': '204', 'connection': 'close', 'content-length': '0', 'x-openstack-request-id': 'req-f343ae91-1a21-477f-b0b8-e7948247d4d7'}
        Body: 
2015-12-10 17:43:32,295 24480 INFO     [tempest_lib.common.rest_client] Request (TestNetworkBasicOps:_run_cleanups): 204 DELETE http://10.0.2.15:9696/v2.0/security-group-rules/9b7fec9a-71c6-44af-afcc-ed9ee650e5c4 0.063s
2015-12-10 17:43:32,296 24480 DEBUG    [tempest_lib.common.rest_client] Request - Headers: {'Content-Type': 'application/json', 'Accept': 'application/json', 'X-Auth-Token': '&lt;omitted&gt;'}
        Body: None
    Response - Headers: {'date': 'Thu, 10 Dec 2015 17:43:32 GMT', 'status': '204', 'connection': 'close', 'content-length': '0', 'x-openstack-request-id': 'req-aa89c180-ebe5-4836-8453-bd87adb34c73'}
        Body: 
2015-12-10 17:43:32,362 24480 INFO     [tempest_lib.common.rest_client] Request (TestNetworkBasicOps:_run_cleanups): 204 DELETE http://10.0.2.15:9696/v2.0/security-group-rules/6611ce8f-3261-4fd9-b5be-88d7a4680ee0 0.066s
2015-12-10 17:43:32,362 24480 DEBUG    [tempest_lib.common.rest_client] Request - Headers: {'Content-Type': 'application/json', 'Accept': 'application/json', 'X-Auth-Token': '&lt;omitted&gt;'}
        Body: None
    Response - Headers: {'date': 'Thu, 10 Dec 2015 17:43:32 GMT', 'status': '204', 'connection': 'close', 'content-length': '0', 'x-openstack-request-id': 'req-34afa654-3eaa-4897-a67b-fcd85ba04ad1'}
        Body: 
2015-12-10 17:43:32,424 24480 INFO     [tempest_lib.common.rest_client] Request (TestNetworkBasicOps:_run_cleanups): 204 DELETE http://10.0.2.15:9696/v2.0/security-group-rules/26da867a-54a7-442f-8767-56505938b25e 0.060s
2015-12-10 17:43:32,424 24480 DEBUG    [tempest_lib.common.rest_client] Request - Headers: {'Content-Type': 'application/json', 'Accept': 'application/json', 'X-Auth-Token': '&lt;omitted&gt;'}
        Body: None
    Response - Headers: {'date': 'Thu, 10 Dec 2015 17:43:32 GMT', 'status': '204', 'connection': 'close', 'content-length': '0', 'x-openstack-request-id': 'req-83abaed9-8c9a-430a-b002-b0a910d48350'}
        Body: 
2015-12-10 17:43:32,485 24480 INFO     [tempest_lib.common.rest_client] Request (TestNetworkBasicOps:_run_cleanups): 204 DELETE http://10.0.2.15:9696/v2.0/security-group-rules/b4c76f97-c44f-4b22-a6c5-58f2aab381cc 0.059s
2015-12-10 17:43:32,486 24480 DEBUG    [tempest_lib.common.rest_client] Request - Headers: {'Content-Type': 'application/json', 'Accept': 'application/json', 'X-Auth-Token': '&lt;omitted&gt;'}
        Body: None
    Response - Headers: {'date': 'Thu, 10 Dec 2015 17:43:32 GMT', 'status': '204', 'connection': 'close', 'content-length': '0', 'x-openstack-request-id': 'req-47210dd1-4de2-4efd-87d9-6b631cb20703'}
        Body: 
2015-12-10 17:43:32,548 24480 INFO     [tempest_lib.common.rest_client] Request (TestNetworkBasicOps:_run_cleanups): 204 DELETE http://10.0.2.15:9696/v2.0/security-group-rules/a7eb7ce4-2e05-4242-8924-b3a7b283191d 0.061s
2015-12-10 17:43:32,549 24480 DEBUG    [tempest_lib.common.rest_client] Request - Headers: {'Content-Type': 'application/json', 'Accept': 'application/json', 'X-Auth-Token': '&lt;omitted&gt;'}
        Body: None
