<?xml version="1.0" encoding="UTF-8"?>
<!DOCTYPE html PUBLIC "-//W3C//DTD XHTML 1.0 Strict//EN"
     "http://www.w3.org/TR/xhtml1/DTD/xhtml1-strict.dtd">
<html xmlns="http://www.w3.org/1999/xhtml">
<head>
    <title>Unit Test Report</title>
    <meta name="generator" content="subunit2html 0.1"/>
    <meta http-equiv="Content-Type" content="text/html; charset=UTF-8"/>
    
<style type="text/css" media="screen">
body        { font-family: verdana, arial, helvetica, sans-serif;
    font-size: 80%; }
table       { font-size: 100%; width: 100%;}
pre         { font-size: 80%; }

/* -- heading -------------------------------------------------------------- */
h1 {
        font-size: 16pt;
        color: gray;
}
.heading {
    margin-top: 0ex;
    margin-bottom: 1ex;
}

.heading .attribute {
    margin-top: 1ex;
    margin-bottom: 0;
}

.heading .description {
    margin-top: 4ex;
    margin-bottom: 6ex;
}

/* -- css div popup -------------------------------------------------------- */
a.popup_link {
}

a.popup_link:hover {
    color: red;
}

.popup_window {
    display: none;
    overflow-x: scroll;
    /*border: solid #627173 1px; */
    padding: 10px;
    background-color: #E6E6D6;
    font-family: "Ubuntu Mono", "Lucida Console", "Courier New", monospace;
    text-align: left;
    font-size: 8pt;
}

}
/* -- report --------------------------------------------------------------- */
#show_detail_line {
    margin-top: 3ex;
    margin-bottom: 1ex;
}
#result_table {
    width: 100%;
    border-collapse: collapse;
    border: 1px solid #777;
}
#header_row {
    font-weight: bold;
    color: white;
    background-color: #777;
}
#result_table td {
    border: 1px solid #777;
    padding: 2px;
}
#total_row  { font-weight: bold; }
.passClass  { background-color: #6c6; }
.failClass  { background-color: #c60; }
.errorClass { background-color: #c00; }
.passCase   { color: #6c6; }
.failCase   { color: #c60; font-weight: bold; }
.errorCase  { color: #c00; font-weight: bold; }
.hiddenRow  { display: none; }
.testcase   { margin-left: 2em; }
td.testname {width: 40%}
td.small {width: 40px}

/* -- ending --------------------------------------------------------------- */
#ending {
}

</style>

</head>
<body>
<script language="javascript" type="text/javascript"><!--
output_list = Array();

/* level - 0:Summary; 1:Failed; 2:All */
function showCase(level) {
    trs = document.getElementsByTagName("tr");
    for (var i = 0; i < trs.length; i++) {
        tr = trs[i];
        id = tr.id;
        if (id.substr(0,2) == 'ft') {
            if (level < 1) {
                tr.className = 'hiddenRow';
            }
            else {
                tr.className = '';
            }
        }
        if (id.substr(0,2) == 'pt') {
            if (level > 1) {
                tr.className = '';
            }
            else {
                tr.className = 'hiddenRow';
            }
        }
    }
}


function showClassDetail(cid, count) {
    var id_list = Array(count);
    var toHide = 1;
    for (var i = 0; i < count; i++) {
        tid0 = 't' + cid.substr(1) + '.' + (i+1);
        tid = 'f' + tid0;
        tr = document.getElementById(tid);
        if (!tr) {
            tid = 'p' + tid0;
            tr = document.getElementById(tid);
        }
        id_list[i] = tid;
        if (tr.className) {
            toHide = 0;
        }
    }
    for (var i = 0; i < count; i++) {
        tid = id_list[i];
        if (toHide) {
            document.getElementById('div_'+tid).style.display = 'none'
            document.getElementById(tid).className = 'hiddenRow';
        }
        else {
            document.getElementById(tid).className = '';
        }
    }
}


function showTestDetail(div_id){
    var details_div = document.getElementById(div_id)
    var displayState = details_div.style.display
    // alert(displayState)
    if (displayState != 'block' ) {
        displayState = 'block'
        details_div.style.display = 'block'
    }
    else {
        details_div.style.display = 'none'
    }
}


function html_escape(s) {
    s = s.replace(/&/g,'&amp;');
    s = s.replace(/</g,'&lt;');
    s = s.replace(/>/g,'&gt;');
    return s;
}

/* obsoleted by detail in <div>
function showOutput(id, name) {
    var w = window.open("", //url
                    name,
                    "resizable,scrollbars,status,width=800,height=450");
    d = w.document;
    d.write("<pre>");
    d.write(html_escape(output_list[id]));
    d.write("\n");
    d.write("<a href='javascript:window.close()'>close</a>\n");
    d.write("</pre>\n");
    d.close();
}
*/
--></script>

<div class='heading'>
<h1>Unit Test Report</h1>

<p class='attribute'><strong>Status:</strong> Pass 1 Failure 7 Skip 1</p>

<p class='description'></p>
</div>



<p id='show_detail_line'>Show
<a href='javascript:showCase(0)'>Summary</a>
<a href='javascript:showCase(1)'>Failed</a>
<a href='javascript:showCase(2)'>All</a>
</p>
<table id='result_table'>
<colgroup>
<col align='left' />
<col align='right' />
<col align='right' />
<col align='right' />
<col align='right' />
<col align='right' />
<col align='right' />
<col align='right' />
</colgroup>
<tr id='header_row'>
    <td>Test Group/Test case</td>
    <td>Count</td>
    <td>Pass</td>
    <td>Fail</td>
    <td>Error</td>
    <td>Skip</td>
    <td>View</td>
    <td> </td>
</tr>

<tr class='failClass'>
    <td class="testname">tempest.scenario.test_network_basic_ops.TestNetworkBasicOps</td>
    <td class="small">9</td>
    <td class="small">1</td>
    <td class="small">7</td>
    <td class="small">0</td>
    <td class="small">1</td>
    <td class="small"><a href="javascript:showClassDetail('c1',9)"
>Detail</a></td>
    <td> </td>
</tr>

<tr id='ft1.1' class='none'>
    <td class='failCase'><div class='testcase'>test_connectivity_between_vms_on_different_networks[compute,id-1546850e-fbaa-42f5-8b5f-03d8a6a95f15,network]</div></td>
    <td colspan='7' align='left'>

    <!--css div popup start-->
    <a class="popup_link" onfocus='this.blur();'
    href="javascript:showTestDetail('div_ft1.1')" >
        fail</a>

    <div id='div_ft1.1' class="popup_window">
        <div style='text-align: right; color:red;cursor:pointer'>
        <a onfocus='this.blur();'
onclick="document.getElementById('div_ft1.1').style.display = 'none' " >
           [x]</a>
        </div>
        <pre>
        
ft1.1: tempest.scenario.test_network_basic_ops.TestNetworkBasicOps.test_connectivity_between_vms_on_different_networks[compute,id-1546850e-fbaa-42f5-8b5f-03d8a6a95f15,network]_StringException: Empty attachments:
  stderr
  stdout

pythonlogging:'': {{{
2016-01-07 23:14:23,521 4368 INFO     [tempest_lib.common.rest_client] Request (TestNetworkBasicOps:test_connectivity_between_vms_on_different_networks): 201 POST http://10.0.2.15:9696/v2.0/security-groups 0.363s
2016-01-07 23:14:23,521 4368 DEBUG    [tempest_lib.common.rest_client] Request - Headers: {'Content-Type': 'application/json', 'Accept': 'application/json', 'X-Auth-Token': '&lt;omitted&gt;'}
        Body: {"security_group": {"tenant_id": "49ef876c8cf7420b86b5441e70219035", "description": "tempest-secgroup-smoke-2027931180 description", "name": "tempest-secgroup-smoke-2027931180"}}
    Response - Headers: {'status': '201', 'content-length': '888', 'connection': 'close', 'date': 'Thu, 07 Jan 2016 23:14:23 GMT', 'content-type': 'application/json; charset=UTF-8', 'x-openstack-request-id': 'req-3157edad-154d-4fbd-9cd7-de0779318aa1'}
        Body: {"security_group": {"tenant_id": "49ef876c8cf7420b86b5441e70219035", "description": "tempest-secgroup-smoke-2027931180 description", "id": "c32c485a-d1fe-4321-bed3-b611a8a05c82", "security_group_rules": [{"remote_group_id": null, "direction": "egress", "remote_ip_prefix": null, "protocol": null, "ethertype": "IPv4", "tenant_id": "49ef876c8cf7420b86b5441e70219035", "port_range_max": null, "port_range_min": null, "id": "0c143172-8ad0-4cca-9948-88c7ec291da6", "security_group_id": "c32c485a-d1fe-4321-bed3-b611a8a05c82"}, {"remote_group_id": null, "direction": "egress", "remote_ip_prefix": null, "protocol": null, "ethertype": "IPv6", "tenant_id": "49ef876c8cf7420b86b5441e70219035", "port_range_max": null, "port_range_min": null, "id": "6ad59623-f0f8-4089-bd12-d623454994fe", "security_group_id": "c32c485a-d1fe-4321-bed3-b611a8a05c82"}], "name": "tempest-secgroup-smoke-2027931180"}}
2016-01-07 23:14:23,641 4368 INFO     [tempest_lib.common.rest_client] Request (TestNetworkBasicOps:test_connectivity_between_vms_on_different_networks): 201 POST http://10.0.2.15:9696/v2.0/security-group-rules 0.118s
2016-01-07 23:14:23,641 4368 DEBUG    [tempest_lib.common.rest_client] Request - Headers: {'Content-Type': 'application/json', 'Accept': 'application/json', 'X-Auth-Token': '&lt;omitted&gt;'}
        Body: {"security_group_rule": {"direction": "ingress", "protocol": "tcp", "tenant_id": "49ef876c8cf7420b86b5441e70219035", "port_range_max": 22, "security_group_id": "c32c485a-d1fe-4321-bed3-b611a8a05c82", "port_range_min": 22}}
    Response - Headers: {'status': '201', 'content-length': '340', 'connection': 'close', 'date': 'Thu, 07 Jan 2016 23:14:23 GMT', 'content-type': 'application/json; charset=UTF-8', 'x-openstack-request-id': 'req-bf4669b8-267b-4244-8e26-3ce1271df441'}
        Body: {"security_group_rule": {"remote_group_id": null, "direction": "ingress", "remote_ip_prefix": null, "protocol": "tcp", "ethertype": "IPv4", "tenant_id": "49ef876c8cf7420b86b5441e70219035", "port_range_max": 22, "port_range_min": 22, "id": "5f2f4fd8-763a-462a-82fb-d72615bb4b46", "security_group_id": "c32c485a-d1fe-4321-bed3-b611a8a05c82"}}
2016-01-07 23:14:23,762 4368 INFO     [tempest_lib.common.rest_client] Request (TestNetworkBasicOps:test_connectivity_between_vms_on_different_networks): 201 POST http://10.0.2.15:9696/v2.0/security-group-rules 0.119s
2016-01-07 23:14:23,763 4368 DEBUG    [tempest_lib.common.rest_client] Request - Headers: {'Content-Type': 'application/json', 'Accept': 'application/json', 'X-Auth-Token': '&lt;omitted&gt;'}
        Body: {"security_group_rule": {"direction": "egress", "protocol": "tcp", "tenant_id": "49ef876c8cf7420b86b5441e70219035", "port_range_max": 22, "security_group_id": "c32c485a-d1fe-4321-bed3-b611a8a05c82", "port_range_min": 22}}
    Response - Headers: {'status': '201', 'content-length': '339', 'connection': 'close', 'date': 'Thu, 07 Jan 2016 23:14:23 GMT', 'content-type': 'application/json; charset=UTF-8', 'x-openstack-request-id': 'req-91f0af68-569c-4d40-9a3a-68c716b36ecc'}
        Body: {"security_group_rule": {"remote_group_id": null, "direction": "egress", "remote_ip_prefix": null, "protocol": "tcp", "ethertype": "IPv4", "tenant_id": "49ef876c8cf7420b86b5441e70219035", "port_range_max": 22, "port_range_min": 22, "id": "f2aa878b-2da4-4ff6-a514-1383c5bc6841", "security_group_id": "c32c485a-d1fe-4321-bed3-b611a8a05c82"}}
2016-01-07 23:14:23,876 4368 INFO     [tempest_lib.common.rest_client] Request (TestNetworkBasicOps:test_connectivity_between_vms_on_different_networks): 201 POST http://10.0.2.15:9696/v2.0/security-group-rules 0.112s
2016-01-07 23:14:23,876 4368 DEBUG    [tempest_lib.common.rest_client] Request - Headers: {'Content-Type': 'application/json', 'Accept': 'application/json', 'X-Auth-Token': '&lt;omitted&gt;'}
        Body: {"security_group_rule": {"tenant_id": "49ef876c8cf7420b86b5441e70219035", "direction": "ingress", "protocol": "icmp", "security_group_id": "c32c485a-d1fe-4321-bed3-b611a8a05c82"}}
    Response - Headers: {'status': '201', 'content-length': '345', 'connection': 'close', 'date': 'Thu, 07 Jan 2016 23:14:23 GMT', 'content-type': 'application/json; charset=UTF-8', 'x-openstack-request-id': 'req-60dbd078-f335-4ffc-aefb-0c9e67b056b1'}
        Body: {"security_group_rule": {"remote_group_id": null, "direction": "ingress", "remote_ip_prefix": null, "protocol": "icmp", "ethertype": "IPv4", "tenant_id": "49ef876c8cf7420b86b5441e70219035", "port_range_max": null, "port_range_min": null, "id": "18c25e73-1093-483d-bcfb-0e91b9336482", "security_group_id": "c32c485a-d1fe-4321-bed3-b611a8a05c82"}}
2016-01-07 23:14:23,990 4368 INFO     [tempest_lib.common.rest_client] Request (TestNetworkBasicOps:test_connectivity_between_vms_on_different_networks): 201 POST http://10.0.2.15:9696/v2.0/security-group-rules 0.112s
2016-01-07 23:14:23,991 4368 DEBUG    [tempest_lib.common.rest_client] Request - Headers: {'Content-Type': 'application/json', 'Accept': 'application/json', 'X-Auth-Token': '&lt;omitted&gt;'}
        Body: {"security_group_rule": {"tenant_id": "49ef876c8cf7420b86b5441e70219035", "direction": "egress", "protocol": "icmp", "security_group_id": "c32c485a-d1fe-4321-bed3-b611a8a05c82"}}
    Response - Headers: {'status': '201', 'content-length': '344', 'connection': 'close', 'date': 'Thu, 07 Jan 2016 23:14:23 GMT', 'content-type': 'application/json; charset=UTF-8', 'x-openstack-request-id': 'req-b36e554e-d9c3-4c3a-984b-2c9266220339'}
        Body: {"security_group_rule": {"remote_group_id": null, "direction": "egress", "remote_ip_prefix": null, "protocol": "icmp", "ethertype": "IPv4", "tenant_id": "49ef876c8cf7420b86b5441e70219035", "port_range_max": null, "port_range_min": null, "id": "e2b077d2-c236-4fe7-b531-ae66f3ed421d", "security_group_id": "c32c485a-d1fe-4321-bed3-b611a8a05c82"}}
2016-01-07 23:14:24,121 4368 INFO     [tempest_lib.common.rest_client] Request (TestNetworkBasicOps:test_connectivity_between_vms_on_different_networks): 201 POST http://10.0.2.15:9696/v2.0/security-group-rules 0.129s
2016-01-07 23:14:24,122 4368 DEBUG    [tempest_lib.common.rest_client] Request - Headers: {'Content-Type': 'application/json', 'Accept': 'application/json', 'X-Auth-Token': '&lt;omitted&gt;'}
        Body: {"security_group_rule": {"tenant_id": "49ef876c8cf7420b86b5441e70219035", "direction": "ingress", "security_group_id": "c32c485a-d1fe-4321-bed3-b611a8a05c82", "protocol": "icmp", "ethertype": "IPv6"}}
    Response - Headers: {'status': '201', 'content-length': '345', 'connection': 'close', 'date': 'Thu, 07 Jan 2016 23:14:24 GMT', 'content-type': 'application/json; charset=UTF-8', 'x-openstack-request-id': 'req-7b820a99-317b-4570-8cfa-5d53772e66ba'}
        Body: {"security_group_rule": {"remote_group_id": null, "direction": "ingress", "remote_ip_prefix": null, "protocol": "icmp", "ethertype": "IPv6", "tenant_id": "49ef876c8cf7420b86b5441e70219035", "port_range_max": null, "port_range_min": null, "id": "50923e36-ea3b-424c-8a54-70069e5a0a34", "security_group_id": "c32c485a-d1fe-4321-bed3-b611a8a05c82"}}
2016-01-07 23:14:24,245 4368 INFO     [tempest_lib.common.rest_client] Request (TestNetworkBasicOps:test_connectivity_between_vms_on_different_networks): 201 POST http://10.0.2.15:9696/v2.0/security-group-rules 0.122s
2016-01-07 23:14:24,246 4368 DEBUG    [tempest_lib.common.rest_client] Request - Headers: {'Content-Type': 'application/json', 'Accept': 'application/json', 'X-Auth-Token': '&lt;omitted&gt;'}
        Body: {"security_group_rule": {"tenant_id": "49ef876c8cf7420b86b5441e70219035", "direction": "egress", "security_group_id": "c32c485a-d1fe-4321-bed3-b611a8a05c82", "protocol": "icmp", "ethertype": "IPv6"}}
    Response - Headers: {'status': '201', 'content-length': '344', 'connection': 'close', 'date': 'Thu, 07 Jan 2016 23:14:24 GMT', 'content-type': 'application/json; charset=UTF-8', 'x-openstack-request-id': 'req-0e714f5d-227f-4240-bc84-f2f5644b34a0'}
        Body: {"security_group_rule": {"remote_group_id": null, "direction": "egress", "remote_ip_prefix": null, "protocol": "icmp", "ethertype": "IPv6", "tenant_id": "49ef876c8cf7420b86b5441e70219035", "port_range_max": null, "port_range_min": null, "id": "5672657d-7afc-4459-935b-566c21868148", "security_group_id": "c32c485a-d1fe-4321-bed3-b611a8a05c82"}}
2016-01-07 23:14:24,433 4368 INFO     [tempest_lib.common.rest_client] Request (TestNetworkBasicOps:test_connectivity_between_vms_on_different_networks): 201 POST http://10.0.2.15:9696/v2.0/networks 0.185s
2016-01-07 23:14:24,433 4368 DEBUG    [tempest_lib.common.rest_client] Request - Headers: {'Content-Type': 'application/json', 'Accept': 'application/json', 'X-Auth-Token': '&lt;omitted&gt;'}
        Body: {"network": {"tenant_id": "49ef876c8cf7420b86b5441e70219035", "name": "tempest-network-smoke--981172467"}}
    Response - Headers: {'status': '201', 'content-length': '326', 'connection': 'close', 'date': 'Thu, 07 Jan 2016 23:14:24 GMT', 'content-type': 'application/json; charset=UTF-8', 'x-openstack-request-id': 'req-744fcb1a-bc39-40c0-8585-47aa60056d2c'}
        Body: {"network": {"status": "ACTIVE", "subnets": [], "availability_zone_hints": [], "name": "tempest-network-smoke--981172467", "admin_state_up": true, "tenant_id": "49ef876c8cf7420b86b5441e70219035", "mtu": 0, "router:external": false, "shared": false, "port_security_enabled": true, "id": "c09d65ac-cf36-4755-8f65-a8b70c130d79"}}
2016-01-07 23:14:24,517 4368 INFO     [tempest_lib.common.rest_client] Request (TestNetworkBasicOps:test_connectivity_between_vms_on_different_networks): 201 POST http://10.0.2.15:9696/v2.0/routers 0.082s
2016-01-07 23:14:24,517 4368 DEBUG    [tempest_lib.common.rest_client] Request - Headers: {'Content-Type': 'application/json', 'Accept': 'application/json', 'X-Auth-Token': '&lt;omitted&gt;'}
        Body: {"router": {"tenant_id": "49ef876c8cf7420b86b5441e70219035", "name": "tempest-router-smoke-1715068447", "admin_state_up": true}}
    Response - Headers: {'status': '201', 'content-length': '296', 'connection': 'close', 'date': 'Thu, 07 Jan 2016 23:14:24 GMT', 'content-type': 'application/json; charset=UTF-8', 'x-openstack-request-id': 'req-af4ccea8-0dcf-4769-8281-0421aa0bbb31'}
        Body: {"router": {"status": "ACTIVE", "external_gateway_info": null, "availability_zone_hints": [], "availability_zones": [], "name": "tempest-router-smoke-1715068447", "admin_state_up": true, "tenant_id": "49ef876c8cf7420b86b5441e70219035", "routes": [], "id": "755b894e-a103-4a11-b70a-d17c64342ef3"}}
2016-01-07 23:14:24,573 4368 INFO     [tempest_lib.common.rest_client] Request (TestNetworkBasicOps:test_connectivity_between_vms_on_different_networks): 200 GET http://10.0.2.15:9696/v2.0/routers/755b894e-a103-4a11-b70a-d17c64342ef3 0.054s
2016-01-07 23:14:24,573 4368 DEBUG    [tempest_lib.common.rest_client] Request - Headers: {'Content-Type': 'application/json', 'Accept': 'application/json', 'X-Auth-Token': '&lt;omitted&gt;'}
        Body: None
    Response - Headers: {'status': '200', 'content-length': '296', 'content-location': 'http://10.0.2.15:9696/v2.0/routers/755b894e-a103-4a11-b70a-d17c64342ef3', 'connection': 'close', 'date': 'Thu, 07 Jan 2016 23:14:24 GMT', 'content-type': 'application/json; charset=UTF-8', 'x-openstack-request-id': 'req-5ce635b8-7cc8-42b8-8a1d-35d6ac778d07'}
        Body: {"router": {"status": "ACTIVE", "external_gateway_info": null, "availability_zone_hints": [], "availability_zones": [], "name": "tempest-router-smoke-1715068447", "admin_state_up": true, "tenant_id": "49ef876c8cf7420b86b5441e70219035", "routes": [], "id": "755b894e-a103-4a11-b70a-d17c64342ef3"}}
2016-01-07 23:14:25,441 4368 INFO     [tempest_lib.common.rest_client] Request (TestNetworkBasicOps:test_connectivity_between_vms_on_different_networks): 200 PUT http://10.0.2.15:9696/v2.0/routers/755b894e-a103-4a11-b70a-d17c64342ef3 0.867s
2016-01-07 23:14:25,442 4368 DEBUG    [tempest_lib.common.rest_client] Request - Headers: {'Content-Type': 'application/json', 'Accept': 'application/json', 'X-Auth-Token': '&lt;omitted&gt;'}
        Body: {"router": {"external_gateway_info": {"network_id": "2049c9de-6b87-4026-8a04-06a356651664"}, "name": "tempest-router-smoke-1715068447", "admin_state_up": true}}
    Response - Headers: {'status': '200', 'content-length': '558', 'connection': 'close', 'date': 'Thu, 07 Jan 2016 23:14:25 GMT', 'content-type': 'application/json; charset=UTF-8', 'x-openstack-request-id': 'req-06776cc8-2aca-4fa4-b916-ea2b6b5b4b46'}
        Body: {"router": {"status": "ACTIVE", "external_gateway_info": {"network_id": "2049c9de-6b87-4026-8a04-06a356651664", "enable_snat": true, "external_fixed_ips": [{"subnet_id": "27fe8873-82ff-4aed-a816-1125d418f099", "ip_address": "172.24.4.3"}, {"subnet_id": "d020dd80-ade2-4083-829f-7da2b0abb5e3", "ip_address": "2001:db8::3"}]}, "availability_zone_hints": [], "availability_zones": [], "name": "tempest-router-smoke-1715068447", "admin_state_up": true, "tenant_id": "49ef876c8cf7420b86b5441e70219035", "routes": [], "id": "755b894e-a103-4a11-b70a-d17c64342ef3"}}
2016-01-07 23:14:25,602 4368 INFO     [tempest_lib.common.rest_client] Request (TestNetworkBasicOps:test_connectivity_between_vms_on_different_networks): 200 GET http://10.0.2.15:9696/v2.0/subnets?tenant_id=49ef876c8cf7420b86b5441e70219035&amp;cidr=10.100.0.0%2F28 0.159s
2016-01-07 23:14:25,602 4368 DEBUG    [tempest_lib.common.rest_client] Request - Headers: {'Content-Type': 'application/json', 'Accept': 'application/json', 'X-Auth-Token': '&lt;omitted&gt;'}
        Body: None
    Response - Headers: {'status': '200', 'content-length': '15', 'content-location': 'http://10.0.2.15:9696/v2.0/subnets?tenant_id=49ef876c8cf7420b86b5441e70219035&amp;cidr=10.100.0.0%2F28', 'connection': 'close', 'date': 'Thu, 07 Jan 2016 23:14:25 GMT', 'content-type': 'application/json; charset=UTF-8', 'x-openstack-request-id': 'req-9624a62c-54e7-4a33-88fe-7327010b48c1'}
        Body: {"subnets": []}
2016-01-07 23:14:25,974 4368 INFO     [tempest_lib.common.rest_client] Request (TestNetworkBasicOps:test_connectivity_between_vms_on_different_networks): 201 POST http://10.0.2.15:9696/v2.0/subnets 0.371s
2016-01-07 23:14:25,974 4368 DEBUG    [tempest_lib.common.rest_client] Request - Headers: {'Content-Type': 'application/json', 'Accept': 'application/json', 'X-Auth-Token': '&lt;omitted&gt;'}
        Body: {"subnet": {"ip_version": 4, "tenant_id": "49ef876c8cf7420b86b5441e70219035", "cidr": "10.100.0.0/28", "network_id": "c09d65ac-cf36-4755-8f65-a8b70c130d79", "name": "tempest-subnet-smoke-1875648242"}}
    Response - Headers: {'status': '201', 'content-length': '478', 'connection': 'close', 'date': 'Thu, 07 Jan 2016 23:14:25 GMT', 'content-type': 'application/json; charset=UTF-8', 'x-openstack-request-id': 'req-183c1167-ca74-413e-a7ea-1ff5d852e3a0'}
        Body: {"subnet": {"name": "tempest-subnet-smoke-1875648242", "enable_dhcp": true, "network_id": "c09d65ac-cf36-4755-8f65-a8b70c130d79", "tenant_id": "49ef876c8cf7420b86b5441e70219035", "dns_nameservers": [], "gateway_ip": "10.100.0.1", "ipv6_ra_mode": null, "allocation_pools": [{"start": "10.100.0.2", "end": "10.100.0.14"}], "host_routes": [], "ip_version": 4, "ipv6_address_mode": null, "cidr": "10.100.0.0/28", "id": "99004196-2a95-4b29-8562-622a16f82f84", "subnetpool_id": null}}
2016-01-07 23:14:26,752 4368 INFO     [tempest_lib.common.rest_client] Request (TestNetworkBasicOps:test_connectivity_between_vms_on_different_networks): 200 PUT http://10.0.2.15:9696/v2.0/routers/755b894e-a103-4a11-b70a-d17c64342ef3/add_router_interface 0.776s
2016-01-07 23:14:26,753 4368 DEBUG    [tempest_lib.common.rest_client] Request - Headers: {'Content-Type': 'application/json', 'Accept': 'application/json', 'X-Auth-Token': '&lt;omitted&gt;'}
        Body: {"subnet_id": "99004196-2a95-4b29-8562-622a16f82f84"}
    Response - Headers: {'status': '200', 'content-length': '255', 'connection': 'close', 'date': 'Thu, 07 Jan 2016 23:14:26 GMT', 'content-type': 'application/json; charset=UTF-8', 'x-openstack-request-id': 'req-d3d1e59d-57cf-4026-9318-9754a0b0c5c5'}
        Body: {"subnet_id": "99004196-2a95-4b29-8562-622a16f82f84", "tenant_id": "49ef876c8cf7420b86b5441e70219035", "subnet_ids": ["99004196-2a95-4b29-8562-622a16f82f84"], "port_id": "bcf985fd-f936-4c14-b6c5-1b6f96c96808", "id": "755b894e-a103-4a11-b70a-d17c64342ef3"}
2016-01-07 23:14:26,828 4368 INFO     [tempest_lib.common.rest_client] Request (TestNetworkBasicOps:test_connectivity_between_vms_on_different_networks): 200 GET http://10.0.2.15:9696/v2.0/networks 0.075s
2016-01-07 23:14:26,829 4368 DEBUG    [tempest_lib.common.rest_client] Request - Headers: {'Content-Type': 'application/json', 'Accept': 'application/json', 'X-Auth-Token': '&lt;omitted&gt;'}
        Body: None
    Response - Headers: {'status': '200', 'content-length': '1506', 'content-location': 'http://10.0.2.15:9696/v2.0/networks', 'connection': 'close', 'date': 'Thu, 07 Jan 2016 23:14:26 GMT', 'content-type': 'application/json; charset=UTF-8', 'x-openstack-request-id': 'req-8996ffd9-2e90-4cd3-8ce8-32f240202099'}
        Body: {"networks": [{"status": "ACTIVE", "subnets": ["99004196-2a95-4b29-8562-622a16f82f84"], "availability_zone_hints": [], "availability_zones": ["nova"], "name": "tempest-network-smoke--981172467", "provider:physical_network": null, "admin_state_up": true, "tenant_id": "49ef876c8cf7420b86b5441e70219035", "mtu": 0, "router:external": false, "shared": false, "port_security_enabled": true, "provider:network_type": "vxlan", "id": "c09d65ac-cf36-4755-8f65-a8b70c130d79", "provider:segmentation_id": 1053}, {"status": "ACTIVE", "subnets": ["de2a99a8-4daa-44c5-91c3-152ddf6ddf85", "32714c75-4b3c-4805-b3e1-64f3660c2b5f"], "availability_zone_hints": [], "availability_zones": ["nova"], "name": "private", "provider:physical_network": null, "admin_state_up": true, "tenant_id": "b00a5469e9704d0b8db6da80a6e1080b", "mtu": 0, "router:external": false, "shared": false, "port_security_enabled": true, "provider:network_type": "vxlan", "id": "58d08f6d-e1df-4079-b3d1-e075bd59fc32", "provider:segmentation_id": 1085}, {"status": "ACTIVE", "subnets": ["27fe8873-82ff-4aed-a816-1125d418f099", "d020dd80-ade2-4083-829f-7da2b0abb5e3"], "availability_zone_hints": [], "availability_zones": ["nova"], "name": "public", "provider:physical_network": null, "admin_state_up": true, "tenant_id": "855573ea03ad4ff99d5629a4569a7151", "mtu": 0, "router:external": true, "shared": false, "port_security_enabled": true, "provider:network_type": "vxlan", "id": "2049c9de-6b87-4026-8a04-06a356651664", "provider:segmentation_id": 1047}]}
2016-01-07 23:14:26,879 4368 INFO     [tempest_lib.common.rest_client] Request (TestNetworkBasicOps:test_connectivity_between_vms_on_different_networks): 200 GET http://10.0.2.15:9696/v2.0/subnets 0.049s
2016-01-07 23:14:26,879 4368 DEBUG    [tempest_lib.common.rest_client] Request - Headers: {'Content-Type': 'application/json', 'Accept': 'application/json', 'X-Auth-Token': '&lt;omitted&gt;'}
        Body: None
    Response - Headers: {'status': '200', 'content-length': '2408', 'content-location': 'http://10.0.2.15:9696/v2.0/subnets', 'connection': 'close', 'date': 'Thu, 07 Jan 2016 23:14:26 GMT', 'content-type': 'application/json; charset=UTF-8', 'x-openstack-request-id': 'req-9c8a0a2d-e8f7-4eb6-aa99-349e59415dbc'}
        Body: {"subnets": [{"name": "ipv6-private-subnet", "enable_dhcp": true, "network_id": "58d08f6d-e1df-4079-b3d1-e075bd59fc32", "tenant_id": "b00a5469e9704d0b8db6da80a6e1080b", "dns_nameservers": [], "gateway_ip": "fde0:2b9c:ce9e::1", "ipv6_ra_mode": "slaac", "allocation_pools": [{"start": "fde0:2b9c:ce9e::2", "end": "fde0:2b9c:ce9e:0:ffff:ffff:ffff:ffff"}], "host_routes": [], "ip_version": 6, "ipv6_address_mode": "slaac", "cidr": "fde0:2b9c:ce9e::/64", "id": "de2a99a8-4daa-44c5-91c3-152ddf6ddf85", "subnetpool_id": null}, {"name": "ipv6-public-subnet", "enable_dhcp": false, "network_id": "2049c9de-6b87-4026-8a04-06a356651664", "tenant_id": "855573ea03ad4ff99d5629a4569a7151", "dns_nameservers": [], "gateway_ip": "2001:db8::2", "ipv6_ra_mode": null, "allocation_pools": [{"start": "2001:db8::3", "end": "2001:db8::ffff:ffff:ffff:ffff"}, {"start": "2001:db8::1", "end": "2001:db8::1"}], "host_routes": [], "ip_version": 6, "ipv6_address_mode": null, "cidr": "2001:db8::/64", "id": "d020dd80-ade2-4083-829f-7da2b0abb5e3", "subnetpool_id": null}, {"name": "public-subnet", "enable_dhcp": false, "network_id": "2049c9de-6b87-4026-8a04-06a356651664", "tenant_id": "855573ea03ad4ff99d5629a4569a7151", "dns_nameservers": [], "gateway_ip": "172.24.4.1", "ipv6_ra_mode": null, "allocation_pools": [{"start": "172.24.4.2", "end": "172.24.4.254"}], "host_routes": [], "ip_version": 4, "ipv6_address_mode": null, "cidr": "172.24.4.0/24", "id": "27fe8873-82ff-4aed-a816-1125d418f099", "subnetpool_id": null}, {"name": "tempest-subnet-smoke-1875648242", "enable_dhcp": true, "network_id": "c09d65ac-cf36-4755-8f65-a8b70c130d79", "tenant_id": "49ef876c8cf7420b86b5441e70219035", "dns_nameservers": [], "gateway_ip": "10.100.0.1", "ipv6_ra_mode": null, "allocation_pools": [{"start": "10.100.0.2", "end": "10.100.0.14"}], "host_routes": [], "ip_version": 4, "ipv6_address_mode": null, "cidr": "10.100.0.0/28", "id": "99004196-2a95-4b29-8562-622a16f82f84", "subnetpool_id": null}, {"name": "private-subnet", "enable_dhcp": true, "network_id": "58d08f6d-e1df-4079-b3d1-e075bd59fc32", "tenant_id": "b00a5469e9704d0b8db6da80a6e1080b", "dns_nameservers": [], "gateway_ip": "10.0.0.1", "ipv6_ra_mode": null, "allocation_pools": [{"start": "10.0.0.2", "end": "10.0.0.254"}], "host_routes": [], "ip_version": 4, "ipv6_address_mode": null, "cidr": "10.0.0.0/24", "id": "32714c75-4b3c-4805-b3e1-64f3660c2b5f", "subnetpool_id": null}]}
2016-01-07 23:14:26,946 4368 INFO     [tempest_lib.common.rest_client] Request (TestNetworkBasicOps:test_connectivity_between_vms_on_different_networks): 200 GET http://10.0.2.15:9696/v2.0/routers 0.066s
2016-01-07 23:14:26,947 4368 DEBUG    [tempest_lib.common.rest_client] Request - Headers: {'Content-Type': 'application/json', 'Accept': 'application/json', 'X-Auth-Token': '&lt;omitted&gt;'}
        Body: None
    Response - Headers: {'status': '200', 'content-length': '1167', 'content-location': 'http://10.0.2.15:9696/v2.0/routers', 'connection': 'close', 'date': 'Thu, 07 Jan 2016 23:14:26 GMT', 'content-type': 'application/json; charset=UTF-8', 'x-openstack-request-id': 'req-c9a879da-7b76-48e5-b7ff-0a378e4eb64b'}
        Body: {"routers": [{"status": "ACTIVE", "external_gateway_info": {"network_id": "2049c9de-6b87-4026-8a04-06a356651664", "enable_snat": true, "external_fixed_ips": [{"subnet_id": "27fe8873-82ff-4aed-a816-1125d418f099", "ip_address": "172.24.4.3"}, {"subnet_id": "d020dd80-ade2-4083-829f-7da2b0abb5e3", "ip_address": "2001:db8::3"}]}, "availability_zone_hints": [], "availability_zones": ["nova"], "name": "tempest-router-smoke-1715068447", "admin_state_up": true, "tenant_id": "49ef876c8cf7420b86b5441e70219035", "distributed": false, "routes": [], "ha": false, "id": "755b894e-a103-4a11-b70a-d17c64342ef3"}, {"status": "ACTIVE", "external_gateway_info": {"network_id": "2049c9de-6b87-4026-8a04-06a356651664", "enable_snat": true, "external_fixed_ips": [{"subnet_id": "27fe8873-82ff-4aed-a816-1125d418f099", "ip_address": "172.24.4.2"}, {"subnet_id": "d020dd80-ade2-4083-829f-7da2b0abb5e3", "ip_address": "2001:db8::1"}]}, "availability_zone_hints": [], "availability_zones": ["nova"], "name": "router1", "admin_state_up": true, "tenant_id": "b00a5469e9704d0b8db6da80a6e1080b", "distributed": false, "routes": [], "ha": false, "id": "dedebc7d-062c-4bba-b1cf-3d634edf7383"}]}
2016-01-07 23:14:27,846 4368 INFO     [tempest_lib.common.rest_client] Request (TestNetworkBasicOps:test_connectivity_between_vms_on_different_networks): 200 POST http://10.0.2.15:8774/v2.1/49ef876c8cf7420b86b5441e70219035/os-keypairs 0.898s
2016-01-07 23:14:27,846 4368 DEBUG    [tempest_lib.common.rest_client] Request - Headers: {'Content-Type': 'application/json', 'Accept': 'application/json', 'X-Auth-Token': '&lt;omitted&gt;'}
        Body: {"keypair": {"name": "tempest-TestNetworkBasicOps-918256208"}}
    Response - Headers: {'status': '200', 'content-length': '2324', 'x-compute-request-id': 'req-8115e0b0-b2e6-4688-8d85-42bb93ad2283', 'vary': 'X-OpenStack-Nova-API-Version', 'connection': 'close', 'x-openstack-nova-api-version': '2.1', 'date': 'Thu, 07 Jan 2016 23:14:27 GMT', 'content-type': 'application/json'}
        Body: {"keypair": {"public_key": "ssh-rsa AAAAB3NzaC1yc2EAAAADAQABAAABAQDNQOtMO8HlnxfYt0DdtLYH0zAYq6PuBHHVIkS4QuKJuYrPHjswKzkvbcycaeKwu2bs7eORhlNIxwHmud3FioyOjTjlxDEpIrzaOSy4l8KLXc6ouf3s9LFsL5IUAt1bF2805Xr5FSaC3wl9Fs6Hcwtkgn1irrJhUoHAyTAwXrLP1TT9/MocrKTXEQ+sj5puwN+zyCoHUUQiJEqWi3qXtFwUYaZbB7LdF6MrlZA9fTEumhxAA9rHIKdTr+38Ig5Or3fXNNqEN0/vG7BhZqt5EPW2ISZiGOezcTbicNl1k9zE2Wa2whL/XbfyOZysz6onDvPRevXeZy63nAGbwgzZL819 Generated-by-Nova", "private_key": "-----BEGIN RSA PRIVATE KEY-----\nMIIEqgIBAAKCAQEAzUDrTDvB5Z8X2LdA3bS2B9MwGKuj7gRx1SJEuELiibmKzx47\nMCs5L23MnGnisLtm7O3jkYZTSMcB5rndxYqMjo045cQxKSK82jksuJfCi13OqLn9\n7PSxbC+SFALdWxdvNOV6+RUmgt8JfRbOh3MLZIJ9Yq6yYVKBwMkwMF6yz9U0/fzK\nHKyk1xEPrI+absDfs8gqB1FEIiRKlot6l7RcFGGmWwey3RejK5WQPX0xLpocQAPa\nxyCnU6/t/CIOTq931zTahDdP7xuwYWareRD1tiEmYhjns3E24nDZdZPcxNlmtsIS\n/1238jmcrM+qJw7z0Xr13mcut5wBm8IM2S/NfQIDAQABAoIBAQC5ccol2mfZWuBk\nwU0uArPkZf6yi4FU71cZxhhokqWy4Zx0fU/kuWi1XXLcbx6NpwPbVSOiu8ZLnuIs\n4AlrDT7pHNcnYRc5n1UZpUaukQ8Ic/zfnQu7J2mV4XUN93ifcJDdLejpWx6sZ29f\nQVfgMSU97lfy7PvlynHJCP0s9qJ/+vWMA8ebBE5VXvUu8OLhy7iNXDqGvsD1lvJa\nVb/kJO/3sBZ/2CjiOf5GneyX1wqVi3AskIyGYLlrAMowqn8SkY9wEOyFLU4cYhr3\n27jA0axZSb6QChMdgz0/ZJmliE5yP5BHAuMXy2bqiqY9Pv3LD8laluYhYHivVSNu\nAnR2zXoBAoIAgQDN+dE1ECMHsPwVWB0pNaOOnItJo8zyghKjaWYDBfl4HJyKRQuJ\no9elypE/e6Eab/GCPwj3tdhdW7nrcLyHIVf59Bsgo5oGWREDSwYjhsYTW2n9U38e\nbTd2Z3ViWEO9IzV3h8+PCNrmnodLWLDOEmyJ00FbT7s3eW1zNdlzxOcs3QKCAIEA\n/xoyYVzv0Hgv8fOTWC/43lvs5KosfCYzNAdb5fbycAt8EY3jfzcgr5JSEl71RoH3\nR+kB+QSZwsjBtVa3fASctcp4+k4Tgsli00xW4OLWsw9xn2h03h14ozDNHQoKDJjh\niooojKrbb8gTtoPYmWMJo43HmZZxVLd4/nuaqVR4SSECggCBALmWgEQZeBa0B06M\nCCpbZDVZI7+EUWOog3atvva2aWMqFHoZYB3yfJmrfVf/4tbZSngap8/aD0t/HHPh\nLl1rU8OpiM/N2TgjBEs9TBiylMJYOZXBp+YYbkLHUWL9OHuwv7olqoSsa+Ajsq/X\nB+eFfjppGJhXrM59IHsQaBABuHIZAoIAgEa9/wac/Sv0iGcyQsQL2ZngKBtpTZjI\nBx8Ag22MQ8LqjGdZz6KxqPDHRNcvWhlJZUedyBxEOFeZ0I33FD7iEIshMNdI24RD\nUJKD8vu+LAfP2pR4JSCLT68Bk3/gDtVbeAAxO/l2UA/5je3pNiGjI0MlyBpBbAAw\nOO9pW4Rllk3BAoIAgQC3S4GWmi3doZoNCtEJeZVVreKJkkKL3tqLOqs/Cs5R0rGn\nrzflH93U6MOcFBcANRS2x5lyEdNEcGqtShqDPJdGxf+pheNaaXnjh5/xuVwQwCNm\nq5qoYi9Uen8IUSs1Wc7zHHrd9WWAJFwj3qKE97uHqvSjYOA+r7TkQ6Mrlhgb4g==\n-----END RSA PRIVATE KEY-----\n", "user_id": "83a81613e07e45e3871aa7396155e99c", "name": "tempest-TestNetworkBasicOps-918256208", "fingerprint": "b7:74:17:c3:2d:76:ff:12:f0:f9:b6:b8:4d:45:44:88"}}
2016-01-07 23:14:27,959 4368 INFO     [tempest_lib.common.rest_client] Request (TestNetworkBasicOps:test_connectivity_between_vms_on_different_networks): 200 POST http://10.0.2.15:5000/v2.0/tokens
2016-01-07 23:14:27,959 4368 DEBUG    [tempest_lib.common.rest_client] Request - Headers: {'Content-Type': 'application/json', 'Accept': 'application/json'}
        Body: &lt;omitted&gt;
    Response - Headers: {'status': '200', 'content-length': '2275', 'vary': 'X-Auth-Token', 'server': 'Apache/2.4.7 (Ubuntu)', 'connection': 'close', 'date': 'Thu, 07 Jan 2016 23:14:27 GMT', 'content-type': 'application/json', 'x-openstack-request-id': 'req-795e382e-8680-490a-a7f4-f3122e71f61a'}
        Body: {"access": {"token": {"issued_at": "2016-01-07T23:14:27.950575", "expires": "2016-01-08T00:14:27Z", "id": "9bc9619865234d2fb5c686fb6a7b438a", "tenant": {"description": "tempest-TestNetworkBasicOps-1427975162-desc", "enabled": true, "id": "49ef876c8cf7420b86b5441e70219035", "name": "tempest-TestNetworkBasicOps-1427975162"}, "audit_ids": ["pc2-cYFUTJ6NESB4tVGVIA"]}, "serviceCatalog": [{"endpoints": [{"adminURL": "http://10.0.2.15:9292", "region": "RegionOne", "internalURL": "http://10.0.2.15:9292", "id": "3044dc8fecdb4fd78bf8d8d89590ac07", "publicURL": "http://10.0.2.15:9292"}], "endpoints_links": [], "type": "image", "name": "glance"}, {"endpoints": [{"adminURL": "http://10.0.2.15:8774/v2.1/49ef876c8cf7420b86b5441e70219035", "region": "RegionOne", "internalURL": "http://10.0.2.15:8774/v2.1/49ef876c8cf7420b86b5441e70219035", "id": "82af3a2df12d411f837ea0ca8470f19b", "publicURL": "http://10.0.2.15:8774/v2.1/49ef876c8cf7420b86b5441e70219035"}], "endpoints_links": [], "type": "compute", "name": "nova"}, {"endpoints": [{"adminURL": "http://10.0.2.15:9696/", "region": "RegionOne", "internalURL": "http://10.0.2.15:9696/", "id": "2004328750d4464b8556cc58bde2243e", "publicURL": "http://10.0.2.15:9696/"}], "endpoints_links": [], "type": "network", "name": "neutron"}, {"endpoints": [{"adminURL": "http://10.0.2.15:35357/v2.0", "region": "RegionOne", "internalURL": "http://10.0.2.15:5000/v2.0", "id": "74276a6a4ce3475b8991855af9ef514f", "publicURL": "http://10.0.2.15:5000/v2.0"}], "endpoints_links": [], "type": "identity", "name": "keystone"}, {"endpoints": [{"adminURL": "http://10.0.2.15:8774/v2/49ef876c8cf7420b86b5441e70219035", "region": "RegionOne", "internalURL": "http://10.0.2.15:8774/v2/49ef876c8cf7420b86b5441e70219035", "id": "556c7359def14a06828eae18d1d0cee1", "publicURL": "http://10.0.2.15:8774/v2/49ef876c8cf7420b86b5441e70219035"}], "endpoints_links": [], "type": "compute_legacy", "name": "nova_legacy"}], "user": {"username": "tempest-TestNetworkBasicOps-1230286637", "roles_links": [], "id": "83a81613e07e45e3871aa7396155e99c", "roles": [{"name": "_member_"}, {"name": "Member"}], "name": "tempest-TestNetworkBasicOps-1230286637"}, "metadata": {"is_admin": 0, "roles": ["9fe2ff9ee4384b1894a90878d3e92bab", "5f2433981dca4b629654cad580e10b82"]}}}
2016-01-07 23:14:27,963 4368 DEBUG    [tempest.common.fixed_network] (TestNetworkBasicOps:test_connectivity_between_vms_on_different_networks) No valid network provided or created, defaulting to fixed_network_name
2016-01-07 23:14:28,266 4368 INFO     [tempest_lib.common.rest_client] Request (TestNetworkBasicOps:test_connectivity_between_vms_on_different_networks): 200 GET http://10.0.2.15:8774/v2.1/49ef876c8cf7420b86b5441e70219035/os-networks 0.302s
2016-01-07 23:14:28,266 4368 DEBUG    [tempest_lib.common.rest_client] Request - Headers: {'Content-Type': 'application/json', 'Accept': 'application/json', 'X-Auth-Token': '&lt;omitted&gt;'}
        Body: None
    Response - Headers: {'status': '200', 'content-length': '478', 'content-location': 'http://10.0.2.15:8774/v2.1/49ef876c8cf7420b86b5441e70219035/os-networks', 'x-compute-request-id': 'req-53eaa014-8bb1-447d-bba3-2a488504066e', 'vary': 'X-OpenStack-Nova-API-Version', 'connection': 'close', 'x-openstack-nova-api-version': '2.1', 'date': 'Thu, 07 Jan 2016 23:14:28 GMT', 'content-type': 'application/json'}
        Body: {"networks": [{"cidr_v6": null, "dns2": null, "dns1": null, "gateway": null, "broadcast": null, "netmask": null, "gateway_v6": null, "cidr": null, "label": "tempest-network-smoke--981172467", "id": "c09d65ac-cf36-4755-8f65-a8b70c130d79", "netmask_v6": null}, {"cidr_v6": null, "dns2": null, "dns1": null, "gateway": null, "broadcast": null, "netmask": null, "gateway_v6": null, "cidr": null, "label": "public", "id": "2049c9de-6b87-4026-8a04-06a356651664", "netmask_v6": null}]}
2016-01-07 23:14:28,266 4368 WARNING  [tempest.common.fixed_network] (TestNetworkBasicOps:test_connectivity_between_vms_on_different_networks) Network with name: private not found
2016-01-07 23:14:28,267 4368 INFO     [tempest.common.fixed_network] (TestNetworkBasicOps:test_connectivity_between_vms_on_different_networks) Found network {} available for tenant
2016-01-07 23:14:29,601 4368 INFO     [tempest_lib.common.rest_client] Request (TestNetworkBasicOps:test_connectivity_between_vms_on_different_networks): 202 POST http://10.0.2.15:8774/v2.1/49ef876c8cf7420b86b5441e70219035/servers 1.333s
2016-01-07 23:14:29,601 4368 DEBUG    [tempest_lib.common.rest_client] Request - Headers: {'Content-Type': 'application/json', 'Accept': 'application/json', 'X-Auth-Token': '&lt;omitted&gt;'}
        Body: {"server": {"name": "tempest.common.compute-instance-605563447", "imageRef": "7086706f-cab3-4869-b8b5-229927d18193", "key_name": "tempest-TestNetworkBasicOps-918256208", "flavorRef": "42", "networks": [{"uuid": "c09d65ac-cf36-4755-8f65-a8b70c130d79"}], "security_groups": [{"name": "tempest-secgroup-smoke-2027931180"}]}}
    Response - Headers: {'status': '202', 'content-length': '462', 'x-compute-request-id': 'req-99d7d962-b63b-4cf9-aa1b-d619cbd67d8c', 'vary': 'X-OpenStack-Nova-API-Version', 'connection': 'close', 'location': 'http://10.0.2.15:8774/v2.1/49ef876c8cf7420b86b5441e70219035/servers/5a39d711-855e-4530-9e55-f28895c2ca46', 'x-openstack-nova-api-version': '2.1', 'date': 'Thu, 07 Jan 2016 23:14:29 GMT', 'content-type': 'application/json'}
        Body: {"server": {"security_groups": [{"name": "tempest-secgroup-smoke-2027931180"}], "OS-DCF:diskConfig": "MANUAL", "id": "5a39d711-855e-4530-9e55-f28895c2ca46", "links": [{"href": "http://10.0.2.15:8774/v2.1/49ef876c8cf7420b86b5441e70219035/servers/5a39d711-855e-4530-9e55-f28895c2ca46", "rel": "self"}, {"href": "http://10.0.2.15:8774/49ef876c8cf7420b86b5441e70219035/servers/5a39d711-855e-4530-9e55-f28895c2ca46", "rel": "bookmark"}], "adminPass": "DtGa225odAwC"}}
2016-01-07 23:14:29,793 4368 INFO     [tempest_lib.common.rest_client] Request (TestNetworkBasicOps:test_connectivity_between_vms_on_different_networks): 200 GET http://10.0.2.15:8774/v2.1/49ef876c8cf7420b86b5441e70219035/servers/5a39d711-855e-4530-9e55-f28895c2ca46 0.189s
2016-01-07 23:14:29,793 4368 DEBUG    [tempest_lib.common.rest_client] Request - Headers: {'Content-Type': 'application/json', 'Accept': 'application/json', 'X-Auth-Token': '&lt;omitted&gt;'}
        Body: None
    Response - Headers: {'status': '200', 'content-length': '1354', 'content-location': 'http://10.0.2.15:8774/v2.1/49ef876c8cf7420b86b5441e70219035/servers/5a39d711-855e-4530-9e55-f28895c2ca46', 'x-compute-request-id': 'req-841ff374-96b9-45c8-ada9-b85bb80dc00f', 'vary': 'X-OpenStack-Nova-API-Version', 'connection': 'close', 'x-openstack-nova-api-version': '2.1', 'date': 'Thu, 07 Jan 2016 23:14:29 GMT', 'content-type': 'application/json'}
        Body: {"server": {"status": "BUILD", "updated": "2016-01-07T23:14:29Z", "hostId": "", "addresses": {}, "links": [{"href": "http://10.0.2.15:8774/v2.1/49ef876c8cf7420b86b5441e70219035/servers/5a39d711-855e-4530-9e55-f28895c2ca46", "rel": "self"}, {"href": "http://10.0.2.15:8774/49ef876c8cf7420b86b5441e70219035/servers/5a39d711-855e-4530-9e55-f28895c2ca46", "rel": "bookmark"}], "key_name": "tempest-TestNetworkBasicOps-918256208", "image": {"id": "7086706f-cab3-4869-b8b5-229927d18193", "links": [{"href": "http://10.0.2.15:8774/49ef876c8cf7420b86b5441e70219035/images/7086706f-cab3-4869-b8b5-229927d18193", "rel": "bookmark"}]}, "OS-EXT-STS:task_state": "scheduling", "OS-EXT-STS:vm_state": "building", "OS-SRV-USG:launched_at": null, "flavor": {"id": "42", "links": [{"href": "http://10.0.2.15:8774/49ef876c8cf7420b86b5441e70219035/flavors/42", "rel": "bookmark"}]}, "id": "5a39d711-855e-4530-9e55-f28895c2ca46", "OS-SRV-USG:terminated_at": null, "OS-EXT-AZ:availability_zone": "", "user_id": "83a81613e07e45e3871aa7396155e99c", "name": "tempest.common.compute-instance-605563447", "created": "2016-01-07T23:14:29Z", "tenant_id": "49ef876c8cf7420b86b5441e70219035", "OS-DCF:diskConfig": "MANUAL", "os-extended-volumes:volumes_attached": [], "accessIPv4": "", "accessIPv6": "", "progress": 0, "OS-EXT-STS:power_state": 0, "config_drive": "", "metadata": {}}}
2016-01-07 23:14:31,008 4368 INFO     [tempest_lib.common.rest_client] Request (TestNetworkBasicOps:test_connectivity_between_vms_on_different_networks): 200 GET http://10.0.2.15:8774/v2.1/49ef876c8cf7420b86b5441e70219035/servers/5a39d711-855e-4530-9e55-f28895c2ca46 0.201s
2016-01-07 23:14:31,008 4368 DEBUG    [tempest_lib.common.rest_client] Request - Headers: {'Content-Type': 'application/json', 'Accept': 'application/json', 'X-Auth-Token': '&lt;omitted&gt;'}
        Body: None
    Response - Headers: {'status': '200', 'content-length': '1412', 'content-location': 'http://10.0.2.15:8774/v2.1/49ef876c8cf7420b86b5441e70219035/servers/5a39d711-855e-4530-9e55-f28895c2ca46', 'x-compute-request-id': 'req-f1371095-7ee8-4e25-b015-f81dbb3ca6dc', 'vary': 'X-OpenStack-Nova-API-Version', 'connection': 'close', 'x-openstack-nova-api-version': '2.1', 'date': 'Thu, 07 Jan 2016 23:14:31 GMT', 'content-type': 'application/json'}
        Body: {"server": {"status": "BUILD", "updated": "2016-01-07T23:14:30Z", "hostId": "cfc3f7b7806194ca637fca3e5bd32d7496ddbb9c0544a36d347ffd84", "addresses": {}, "links": [{"href": "http://10.0.2.15:8774/v2.1/49ef876c8cf7420b86b5441e70219035/servers/5a39d711-855e-4530-9e55-f28895c2ca46", "rel": "self"}, {"href": "http://10.0.2.15:8774/49ef876c8cf7420b86b5441e70219035/servers/5a39d711-855e-4530-9e55-f28895c2ca46", "rel": "bookmark"}], "key_name": "tempest-TestNetworkBasicOps-918256208", "image": {"id": "7086706f-cab3-4869-b8b5-229927d18193", "links": [{"href": "http://10.0.2.15:8774/49ef876c8cf7420b86b5441e70219035/images/7086706f-cab3-4869-b8b5-229927d18193", "rel": "bookmark"}]}, "OS-EXT-STS:task_state": "spawning", "OS-EXT-STS:vm_state": "building", "OS-SRV-USG:launched_at": null, "flavor": {"id": "42", "links": [{"href": "http://10.0.2.15:8774/49ef876c8cf7420b86b5441e70219035/flavors/42", "rel": "bookmark"}]}, "id": "5a39d711-855e-4530-9e55-f28895c2ca46", "OS-SRV-USG:terminated_at": null, "OS-EXT-AZ:availability_zone": "nova", "user_id": "83a81613e07e45e3871aa7396155e99c", "name": "tempest.common.compute-instance-605563447", "created": "2016-01-07T23:14:29Z", "tenant_id": "49ef876c8cf7420b86b5441e70219035", "OS-DCF:diskConfig": "MANUAL", "os-extended-volumes:volumes_attached": [], "accessIPv4": "", "accessIPv6": "", "progress": 0, "OS-EXT-STS:power_state": 0, "config_drive": "", "metadata": {}}}
2016-01-07 23:14:31,025 4368 INFO     [tempest.common.waiters] State transition "BUILD/scheduling" ==&gt; "BUILD/spawning" after 2 second wait
2016-01-07 23:14:32,284 4368 INFO     [tempest_lib.common.rest_client] Request (TestNetworkBasicOps:test_connectivity_between_vms_on_different_networks): 200 GET http://10.0.2.15:8774/v2.1/49ef876c8cf7420b86b5441e70219035/servers/5a39d711-855e-4530-9e55-f28895c2ca46 0.257s
2016-01-07 23:14:32,285 4368 DEBUG    [tempest_lib.common.rest_client] Request - Headers: {'Content-Type': 'application/json', 'Accept': 'application/json', 'X-Auth-Token': '&lt;omitted&gt;'}
        Body: None
    Response - Headers: {'status': '200', 'content-length': '1480', 'content-location': 'http://10.0.2.15:8774/v2.1/49ef876c8cf7420b86b5441e70219035/servers/5a39d711-855e-4530-9e55-f28895c2ca46', 'x-compute-request-id': 'req-00e2cdb4-bc7f-438b-9c73-b72ee2a07e3c', 'vary': 'X-OpenStack-Nova-API-Version', 'connection': 'close', 'x-openstack-nova-api-version': '2.1', 'date': 'Thu, 07 Jan 2016 23:14:32 GMT', 'content-type': 'application/json'}
        Body: {"server": {"status": "BUILD", "updated": "2016-01-07T23:14:30Z", "hostId": "cfc3f7b7806194ca637fca3e5bd32d7496ddbb9c0544a36d347ffd84", "addresses": {}, "links": [{"href": "http://10.0.2.15:8774/v2.1/49ef876c8cf7420b86b5441e70219035/servers/5a39d711-855e-4530-9e55-f28895c2ca46", "rel": "self"}, {"href": "http://10.0.2.15:8774/49ef876c8cf7420b86b5441e70219035/servers/5a39d711-855e-4530-9e55-f28895c2ca46", "rel": "bookmark"}], "key_name": "tempest-TestNetworkBasicOps-918256208", "image": {"id": "7086706f-cab3-4869-b8b5-229927d18193", "links": [{"href": "http://10.0.2.15:8774/49ef876c8cf7420b86b5441e70219035/images/7086706f-cab3-4869-b8b5-229927d18193", "rel": "bookmark"}]}, "OS-EXT-STS:task_state": "spawning", "OS-EXT-STS:vm_state": "building", "OS-SRV-USG:launched_at": null, "flavor": {"id": "42", "links": [{"href": "http://10.0.2.15:8774/49ef876c8cf7420b86b5441e70219035/flavors/42", "rel": "bookmark"}]}, "id": "5a39d711-855e-4530-9e55-f28895c2ca46", "security_groups": [{"name": "tempest-secgroup-smoke-2027931180"}], "OS-SRV-USG:terminated_at": null, "OS-EXT-AZ:availability_zone": "nova", "user_id": "83a81613e07e45e3871aa7396155e99c", "name": "tempest.common.compute-instance-605563447", "created": "2016-01-07T23:14:29Z", "tenant_id": "49ef876c8cf7420b86b5441e70219035", "OS-DCF:diskConfig": "MANUAL", "os-extended-volumes:volumes_attached": [], "accessIPv4": "", "accessIPv6": "", "progress": 0, "OS-EXT-STS:power_state": 0, "config_drive": "", "metadata": {}}}
2016-01-07 23:14:33,619 4368 INFO     [tempest_lib.common.rest_client] Request (TestNetworkBasicOps:test_connectivity_between_vms_on_different_networks): 200 GET http://10.0.2.15:8774/v2.1/49ef876c8cf7420b86b5441e70219035/servers/5a39d711-855e-4530-9e55-f28895c2ca46 0.322s
2016-01-07 23:14:33,620 4368 DEBUG    [tempest_lib.common.rest_client] Request - Headers: {'Content-Type': 'application/json', 'Accept': 'application/json', 'X-Auth-Token': '&lt;omitted&gt;'}
        Body: None
    Response - Headers: {'status': '200', 'content-length': '1480', 'content-location': 'http://10.0.2.15:8774/v2.1/49ef876c8cf7420b86b5441e70219035/servers/5a39d711-855e-4530-9e55-f28895c2ca46', 'x-compute-request-id': 'req-d54a963d-7c00-402a-a637-c991a979dd94', 'vary': 'X-OpenStack-Nova-API-Version', 'connection': 'close', 'x-openstack-nova-api-version': '2.1', 'date': 'Thu, 07 Jan 2016 23:14:33 GMT', 'content-type': 'application/json'}
        Body: {"server": {"status": "BUILD", "updated": "2016-01-07T23:14:30Z", "hostId": "cfc3f7b7806194ca637fca3e5bd32d7496ddbb9c0544a36d347ffd84", "addresses": {}, "links": [{"href": "http://10.0.2.15:8774/v2.1/49ef876c8cf7420b86b5441e70219035/servers/5a39d711-855e-4530-9e55-f28895c2ca46", "rel": "self"}, {"href": "http://10.0.2.15:8774/49ef876c8cf7420b86b5441e70219035/servers/5a39d711-855e-4530-9e55-f28895c2ca46", "rel": "bookmark"}], "key_name": "tempest-TestNetworkBasicOps-918256208", "image": {"id": "7086706f-cab3-4869-b8b5-229927d18193", "links": [{"href": "http://10.0.2.15:8774/49ef876c8cf7420b86b5441e70219035/images/7086706f-cab3-4869-b8b5-229927d18193", "rel": "bookmark"}]}, "OS-EXT-STS:task_state": "spawning", "OS-EXT-STS:vm_state": "building", "OS-SRV-USG:launched_at": null, "flavor": {"id": "42", "links": [{"href": "http://10.0.2.15:8774/49ef876c8cf7420b86b5441e70219035/flavors/42", "rel": "bookmark"}]}, "id": "5a39d711-855e-4530-9e55-f28895c2ca46", "security_groups": [{"name": "tempest-secgroup-smoke-2027931180"}], "OS-SRV-USG:terminated_at": null, "OS-EXT-AZ:availability_zone": "nova", "user_id": "83a81613e07e45e3871aa7396155e99c", "name": "tempest.common.compute-instance-605563447", "created": "2016-01-07T23:14:29Z", "tenant_id": "49ef876c8cf7420b86b5441e70219035", "OS-DCF:diskConfig": "MANUAL", "os-extended-volumes:volumes_attached": [], "accessIPv4": "", "accessIPv6": "", "progress": 0, "OS-EXT-STS:power_state": 0, "config_drive": "", "metadata": {}}}
2016-01-07 23:14:34,878 4368 INFO     [tempest_lib.common.rest_client] Request (TestNetworkBasicOps:test_connectivity_between_vms_on_different_networks): 200 GET http://10.0.2.15:8774/v2.1/49ef876c8cf7420b86b5441e70219035/servers/5a39d711-855e-4530-9e55-f28895c2ca46 0.248s
2016-01-07 23:14:34,879 4368 DEBUG    [tempest_lib.common.rest_client] Request - Headers: {'Content-Type': 'application/json', 'Accept': 'application/json', 'X-Auth-Token': '&lt;omitted&gt;'}
        Body: None
    Response - Headers: {'status': '200', 'content-length': '1651', 'content-location': 'http://10.0.2.15:8774/v2.1/49ef876c8cf7420b86b5441e70219035/servers/5a39d711-855e-4530-9e55-f28895c2ca46', 'x-compute-request-id': 'req-76dab058-a11e-48f9-ac17-ba0c2e5134de', 'vary': 'X-OpenStack-Nova-API-Version', 'connection': 'close', 'x-openstack-nova-api-version': '2.1', 'date': 'Thu, 07 Jan 2016 23:14:34 GMT', 'content-type': 'application/json'}
        Body: {"server": {"status": "ACTIVE", "updated": "2016-01-07T23:14:33Z", "hostId": "cfc3f7b7806194ca637fca3e5bd32d7496ddbb9c0544a36d347ffd84", "addresses": {"tempest-network-smoke--981172467": [{"OS-EXT-IPS-MAC:mac_addr": "fa:16:3e:39:cc:3a", "version": 4, "addr": "10.100.0.3", "OS-EXT-IPS:type": "fixed"}]}, "links": [{"href": "http://10.0.2.15:8774/v2.1/49ef876c8cf7420b86b5441e70219035/servers/5a39d711-855e-4530-9e55-f28895c2ca46", "rel": "self"}, {"href": "http://10.0.2.15:8774/49ef876c8cf7420b86b5441e70219035/servers/5a39d711-855e-4530-9e55-f28895c2ca46", "rel": "bookmark"}], "key_name": "tempest-TestNetworkBasicOps-918256208", "image": {"id": "7086706f-cab3-4869-b8b5-229927d18193", "links": [{"href": "http://10.0.2.15:8774/49ef876c8cf7420b86b5441e70219035/images/7086706f-cab3-4869-b8b5-229927d18193", "rel": "bookmark"}]}, "OS-EXT-STS:task_state": null, "OS-EXT-STS:vm_state": "active", "OS-SRV-USG:launched_at": "2016-01-07T23:14:33.000000", "flavor": {"id": "42", "links": [{"href": "http://10.0.2.15:8774/49ef876c8cf7420b86b5441e70219035/flavors/42", "rel": "bookmark"}]}, "id": "5a39d711-855e-4530-9e55-f28895c2ca46", "security_groups": [{"name": "tempest-secgroup-smoke-2027931180"}], "OS-SRV-USG:terminated_at": null, "OS-EXT-AZ:availability_zone": "nova", "user_id": "83a81613e07e45e3871aa7396155e99c", "name": "tempest.common.compute-instance-605563447", "created": "2016-01-07T23:14:29Z", "tenant_id": "49ef876c8cf7420b86b5441e70219035", "OS-DCF:diskConfig": "MANUAL", "os-extended-volumes:volumes_attached": [], "accessIPv4": "", "accessIPv6": "", "progress": 0, "OS-EXT-STS:power_state": 1, "config_drive": "True", "metadata": {}}}
2016-01-07 23:14:34,888 4368 INFO     [tempest.common.waiters] State transition "BUILD/spawning" ==&gt; "ACTIVE/None" after 5 second wait
2016-01-07 23:14:35,118 4368 INFO     [tempest_lib.common.rest_client] Request (TestNetworkBasicOps:test_connectivity_between_vms_on_different_networks): 200 GET http://10.0.2.15:8774/v2.1/49ef876c8cf7420b86b5441e70219035/servers/5a39d711-855e-4530-9e55-f28895c2ca46 0.230s
2016-01-07 23:14:35,119 4368 DEBUG    [tempest_lib.common.rest_client] Request - Headers: {'Content-Type': 'application/json', 'Accept': 'application/json', 'X-Auth-Token': '&lt;omitted&gt;'}
        Body: None
    Response - Headers: {'status': '200', 'content-length': '1651', 'content-location': 'http://10.0.2.15:8774/v2.1/49ef876c8cf7420b86b5441e70219035/servers/5a39d711-855e-4530-9e55-f28895c2ca46', 'x-compute-request-id': 'req-0bfeb65a-4378-4a47-874d-899f4bc39882', 'vary': 'X-OpenStack-Nova-API-Version', 'connection': 'close', 'x-openstack-nova-api-version': '2.1', 'date': 'Thu, 07 Jan 2016 23:14:35 GMT', 'content-type': 'application/json'}
        Body: {"server": {"status": "ACTIVE", "updated": "2016-01-07T23:14:33Z", "hostId": "cfc3f7b7806194ca637fca3e5bd32d7496ddbb9c0544a36d347ffd84", "addresses": {"tempest-network-smoke--981172467": [{"OS-EXT-IPS-MAC:mac_addr": "fa:16:3e:39:cc:3a", "version": 4, "addr": "10.100.0.3", "OS-EXT-IPS:type": "fixed"}]}, "links": [{"href": "http://10.0.2.15:8774/v2.1/49ef876c8cf7420b86b5441e70219035/servers/5a39d711-855e-4530-9e55-f28895c2ca46", "rel": "self"}, {"href": "http://10.0.2.15:8774/49ef876c8cf7420b86b5441e70219035/servers/5a39d711-855e-4530-9e55-f28895c2ca46", "rel": "bookmark"}], "key_name": "tempest-TestNetworkBasicOps-918256208", "image": {"id": "7086706f-cab3-4869-b8b5-229927d18193", "links": [{"href": "http://10.0.2.15:8774/49ef876c8cf7420b86b5441e70219035/images/7086706f-cab3-4869-b8b5-229927d18193", "rel": "bookmark"}]}, "OS-EXT-STS:task_state": null, "OS-EXT-STS:vm_state": "active", "OS-SRV-USG:launched_at": "2016-01-07T23:14:33.000000", "flavor": {"id": "42", "links": [{"href": "http://10.0.2.15:8774/49ef876c8cf7420b86b5441e70219035/flavors/42", "rel": "bookmark"}]}, "id": "5a39d711-855e-4530-9e55-f28895c2ca46", "security_groups": [{"name": "tempest-secgroup-smoke-2027931180"}], "OS-SRV-USG:terminated_at": null, "OS-EXT-AZ:availability_zone": "nova", "user_id": "83a81613e07e45e3871aa7396155e99c", "name": "tempest.common.compute-instance-605563447", "created": "2016-01-07T23:14:29Z", "tenant_id": "49ef876c8cf7420b86b5441e70219035", "OS-DCF:diskConfig": "MANUAL", "os-extended-volumes:volumes_attached": [], "accessIPv4": "", "accessIPv6": "", "progress": 0, "OS-EXT-STS:power_state": 1, "config_drive": "True", "metadata": {}}}
2016-01-07 23:14:35,127 4368 INFO     [tempest.scenario.manager] Tenant networks not configured to be reachable.
2016-01-07 23:14:35,158 4368 INFO     [tempest_lib.common.rest_client] Request (TestNetworkBasicOps:test_connectivity_between_vms_on_different_networks): 200 GET http://10.0.2.15:9696/v2.0/ports?status=ACTIVE&amp;fixed_ip=None&amp;device_id=5a39d711-855e-4530-9e55-f28895c2ca46 0.030s
2016-01-07 23:14:35,158 4368 DEBUG    [tempest_lib.common.rest_client] Request - Headers: {'Content-Type': 'application/json', 'Accept': 'application/json', 'X-Auth-Token': '&lt;omitted&gt;'}
        Body: None
    Response - Headers: {'status': '200', 'content-length': '895', 'content-location': 'http://10.0.2.15:9696/v2.0/ports?status=ACTIVE&amp;fixed_ip=None&amp;device_id=5a39d711-855e-4530-9e55-f28895c2ca46', 'connection': 'close', 'date': 'Thu, 07 Jan 2016 23:14:35 GMT', 'content-type': 'application/json; charset=UTF-8', 'x-openstack-request-id': 'req-a2869621-a3c3-48e3-bfee-c98bb26a2ad2'}
        Body: {"ports": [{"status": "ACTIVE", "binding:host_id": "vagrant-ubuntu-trusty-64", "allowed_address_pairs": [], "extra_dhcp_opts": [], "dns_assignment": [{"hostname": "host-10-100-0-3", "ip_address": "10.100.0.3", "fqdn": "host-10-100-0-3.openstacklocal."}], "device_owner": "compute:None", "port_security_enabled": true, "binding:profile": {}, "fixed_ips": [{"subnet_id": "99004196-2a95-4b29-8562-622a16f82f84", "ip_address": "10.100.0.3"}], "id": "4ba2b6d0-feb1-4509-9a68-fcb644f72c2a", "security_groups": ["c32c485a-d1fe-4321-bed3-b611a8a05c82"], "device_id": "5a39d711-855e-4530-9e55-f28895c2ca46", "name": "", "admin_state_up": true, "network_id": "c09d65ac-cf36-4755-8f65-a8b70c130d79", "dns_name": "", "binding:vif_details": {"port_filter": true}, "binding:vnic_type": "normal", "binding:vif_type": "ovs", "tenant_id": "49ef876c8cf7420b86b5441e70219035", "mac_address": "fa:16:3e:39:cc:3a"}]}
2016-01-07 23:14:35,826 4368 INFO     [tempest_lib.common.rest_client] Request (TestNetworkBasicOps:test_connectivity_between_vms_on_different_networks): 201 POST http://10.0.2.15:9696/v2.0/floatingips 0.667s
2016-01-07 23:14:35,827 4368 DEBUG    [tempest_lib.common.rest_client] Request - Headers: {'Content-Type': 'application/json', 'Accept': 'application/json', 'X-Auth-Token': '&lt;omitted&gt;'}
        Body: {"floatingip": {"floating_network_id": "2049c9de-6b87-4026-8a04-06a356651664", "tenant_id": "49ef876c8cf7420b86b5441e70219035", "fixed_ip_address": "10.100.0.3", "port_id": "4ba2b6d0-feb1-4509-9a68-fcb644f72c2a"}}
    Response - Headers: {'status': '201', 'content-length': '367', 'connection': 'close', 'date': 'Thu, 07 Jan 2016 23:14:35 GMT', 'content-type': 'application/json; charset=UTF-8', 'x-openstack-request-id': 'req-eac2f02b-fd22-4483-90a5-6d8767c4d02d'}
        Body: {"floatingip": {"floating_network_id": "2049c9de-6b87-4026-8a04-06a356651664", "router_id": "755b894e-a103-4a11-b70a-d17c64342ef3", "fixed_ip_address": "10.100.0.3", "floating_ip_address": "172.24.4.4", "tenant_id": "49ef876c8cf7420b86b5441e70219035", "status": "DOWN", "port_id": "4ba2b6d0-feb1-4509-9a68-fcb644f72c2a", "id": "b7f03876-8b3a-48dc-8cc1-ffd7ca79c9ca"}}
2016-01-07 23:14:35,842 4368 INFO     [tempest_lib.common.rest_client] Request (TestNetworkBasicOps:test_connectivity_between_vms_on_different_networks): 200 GET http://10.0.2.15:9696/v2.0/floatingips/b7f03876-8b3a-48dc-8cc1-ffd7ca79c9ca 0.014s
2016-01-07 23:14:35,843 4368 DEBUG    [tempest_lib.common.rest_client] Request - Headers: {'Content-Type': 'application/json', 'Accept': 'application/json', 'X-Auth-Token': '&lt;omitted&gt;'}
        Body: None
    Response - Headers: {'status': '200', 'content-length': '367', 'content-location': 'http://10.0.2.15:9696/v2.0/floatingips/b7f03876-8b3a-48dc-8cc1-ffd7ca79c9ca', 'connection': 'close', 'date': 'Thu, 07 Jan 2016 23:14:35 GMT', 'content-type': 'application/json; charset=UTF-8', 'x-openstack-request-id': 'req-0f2c0a01-69b1-4bff-9b73-c4db6a51f755'}
        Body: {"floatingip": {"floating_network_id": "2049c9de-6b87-4026-8a04-06a356651664", "router_id": "755b894e-a103-4a11-b70a-d17c64342ef3", "fixed_ip_address": "10.100.0.3", "floating_ip_address": "172.24.4.4", "tenant_id": "49ef876c8cf7420b86b5441e70219035", "status": "DOWN", "port_id": "4ba2b6d0-feb1-4509-9a68-fcb644f72c2a", "id": "b7f03876-8b3a-48dc-8cc1-ffd7ca79c9ca"}}
2016-01-07 23:14:36,859 4368 INFO     [tempest_lib.common.rest_client] Request (TestNetworkBasicOps:test_connectivity_between_vms_on_different_networks): 200 GET http://10.0.2.15:9696/v2.0/floatingips/b7f03876-8b3a-48dc-8cc1-ffd7ca79c9ca 0.014s
2016-01-07 23:14:36,859 4368 DEBUG    [tempest_lib.common.rest_client] Request - Headers: {'Content-Type': 'application/json', 'Accept': 'application/json', 'X-Auth-Token': '&lt;omitted&gt;'}
        Body: None
    Response - Headers: {'status': '200', 'content-length': '369', 'content-location': 'http://10.0.2.15:9696/v2.0/floatingips/b7f03876-8b3a-48dc-8cc1-ffd7ca79c9ca', 'connection': 'close', 'date': 'Thu, 07 Jan 2016 23:14:36 GMT', 'content-type': 'application/json; charset=UTF-8', 'x-openstack-request-id': 'req-03949403-15b1-4093-b543-666b24c59c2a'}
        Body: {"floatingip": {"floating_network_id": "2049c9de-6b87-4026-8a04-06a356651664", "router_id": "755b894e-a103-4a11-b70a-d17c64342ef3", "fixed_ip_address": "10.100.0.3", "floating_ip_address": "172.24.4.4", "tenant_id": "49ef876c8cf7420b86b5441e70219035", "status": "ACTIVE", "port_id": "4ba2b6d0-feb1-4509-9a68-fcb644f72c2a", "id": "b7f03876-8b3a-48dc-8cc1-ffd7ca79c9ca"}}
2016-01-07 23:14:36,860 4368 INFO     [tempest.scenario.manager] FloatingIP: &lt;"FloatingIP" addr="172.24.4.4" id="b7f03876-8b3a-48dc-8cc1-ffd7ca79c9ca"&gt; is at status: ACTIVE
2016-01-07 23:14:36,860 4368 DEBUG    [tempest.scenario.manager] checking network connections to IP 172.24.4.4 with user: cirros
2016-01-07 23:14:36,861 4368 DEBUG    [tempest.scenario.manager] TestNetworkBasicOps:test_connectivity_between_vms_on_different_networks begins to ping 172.24.4.4 in 120 sec and the expected result is reachable
2016-01-07 23:16:38,097 4368 DEBUG    [tempest.scenario.manager] TestNetworkBasicOps:test_connectivity_between_vms_on_different_networks finishes ping 172.24.4.4 in 120 sec and the ping result is unexpected
2016-01-07 23:16:38,099 4368 ERROR    [tempest.scenario.manager] Public network connectivity check failed
2016-01-07 23:16:38.099 4368 ERROR tempest.scenario.manager Traceback (most recent call last):
2016-01-07 23:16:38.099 4368 ERROR tempest.scenario.manager   File "tempest/scenario/manager.py", line 609, in check_public_network_connectivity
2016-01-07 23:16:38.099 4368 ERROR tempest.scenario.manager     should_connect=should_connect)
2016-01-07 23:16:38.099 4368 ERROR tempest.scenario.manager   File "tempest/scenario/manager.py", line 593, in check_vm_connectivity
2016-01-07 23:16:38.099 4368 ERROR tempest.scenario.manager     msg=msg)
2016-01-07 23:16:38.099 4368 ERROR tempest.scenario.manager   File "/usr/local/lib/python2.7/dist-packages/unittest2/case.py", line 702, in assertTrue
2016-01-07 23:16:38.099 4368 ERROR tempest.scenario.manager     raise self.failureException(msg)
2016-01-07 23:16:38.099 4368 ERROR tempest.scenario.manager AssertionError: False is not true : Timed out waiting for 172.24.4.4 to become reachable
2016-01-07 23:16:38.099 4368 ERROR tempest.scenario.manager 
2016-01-07 23:16:38,313 4368 INFO     [tempest_lib.common.rest_client] Request (TestNetworkBasicOps:test_connectivity_between_vms_on_different_networks): 200 POST http://10.0.2.15:8774/v2.1/49ef876c8cf7420b86b5441e70219035/servers/5a39d711-855e-4530-9e55-f28895c2ca46/action 0.211s
2016-01-07 23:16:38,314 4368 DEBUG    [tempest_lib.common.rest_client] Request - Headers: {'Content-Type': 'application/json', 'Accept': 'application/json', 'X-Auth-Token': '&lt;omitted&gt;'}
        Body: {"os-getConsoleOutput": {}}
    Response - Headers: {'status': '200', 'content-length': '17428', 'x-compute-request-id': 'req-12c41e14-b4fd-49d8-87c2-7074af2c5bd7', 'vary': 'X-OpenStack-Nova-API-Version', 'connection': 'close', 'x-openstack-nova-api-version': '2.1', 'date': 'Thu, 07 Jan 2016 23:16:38 GMT', 'content-type': 'application/json'}
        Body: {"output": "[    0.000000] Initializing cgroup subsys cpuset\n[    0.000000] Initializing cgroup subsys cpu\n[    0.000000] Linux version 3.2.0-80-virtual (buildd@batsu) (gcc version 4.6.3 (Ubuntu/Linaro 4.6.3-1ubuntu5) ) #116-Ubuntu SMP Mon Mar 23 17:28:52 UTC 2015 (Ubuntu 3.2.0-80.116-virtual 3.2.68)\n[    0.000000] Command line: root=/dev/vda console=tty0 console=ttyS0 no_timer_check\n[    0.000000] KERNEL supported cpus:\n[    0.000000]   Intel GenuineIntel\n[    0.000000]   AMD AuthenticAMD\n[    0.000000]   Centaur CentaurHauls\n[    0.000000] BIOS-provided physical RAM map:\n[    0.000000]  BIOS-e820: 0000000000000000 - 000000000009fc00 (usable)\n[    0.000000]  BIOS-e820: 000000000009fc00 - 00000000000a0000 (reserved)\n[    0.000000]  BIOS-e820: 00000000000f0000 - 0000000000100000 (reserved)\n[    0.000000]  BIOS-e820: 0000000000100000 - 0000000003ffe000 (usable)\n[    0.000000]  BIOS-e820: 0000000003ffe000 - 0000000004000000 (reserved)\n[    0.000000]  BIOS-e820: 00000000fffc0000 - 0000000100000000 (reserved)\n[    0.000000] NX (Execute Disable) protection: active\n[    0.000000] SMBIOS 2.4 present.\n[    0.000000] No AGP bridge found\n[    0.000000] last_pfn = 0x3ffe max_arch_pfn = 0x400000000\n[    0.000000] x86 PAT enabled: cpu 0, old 0x7040600070406, new 0x7010600070106\n[    0.000000] found SMP MP-table at [ffff8800000f0b00] f0b00\n[    0.000000] init_memory_mapping: 0000000000000000-0000000003ffe000\n[    0.000000] RAMDISK: 03c5e000 - 03ff0000\n[    0.000000] ACPI: RSDP 00000000000f0950 00014 (v00 BOCHS )\n[    0.000000] ACPI: RSDT 0000000003fffbc1 00034 (v01 BOCHS  BXPCRSDT 00000001 BXPC 00000001)\n[    0.000000] ACPI: FACP 0000000003fff1c0 00074 (v01 BOCHS  BXPCFACP 00000001 BXPC 00000001)\n[    0.000000] ACPI: DSDT 0000000003ffe040 01180 (v01 BOCHS  BXPCDSDT 00000001 BXPC 00000001)\n[    0.000000] ACPI: FACS 0000000003ffe000 00040\n[    0.000000] ACPI: SSDT 0000000003fff234 008DD (v01 BOCHS  BXPCSSDT 00000001 BXPC 00000001)\n[    0.000000] ACPI: APIC 0000000003fffb11 00078 (v01 BOCHS  BXPCAPIC 00000001 BXPC 00000001)\n[    0.000000] ACPI: HPET 0000000003fffb89 00038 (v01 BOCHS  BXPCHPET 00000001 BXPC 00000001)\n[    0.000000] No NUMA configuration found\n[    0.000000] Faking a node at 0000000000000000-0000000003ffe000\n[    0.000000] Initmem setup node 0 0000000000000000-0000000003ffe000\n[    0.000000]   NODE_DATA [0000000003ff6000 - 0000000003ffafff]\n[    0.000000] Zone PFN ranges:\n[    0.000000]   DMA      0x00000010 -&gt; 0x00001000\n[    0.000000]   DMA32    0x00001000 -&gt; 0x00100000\n[    0.000000]   Normal   empty\n[    0.000000] Movable zone start PFN for each node\n[    0.000000] early_node_map[2] active PFN ranges\n[    0.000000]     0: 0x00000010 -&gt; 0x0000009f\n[    0.000000]     0: 0x00000100 -&gt; 0x00003ffe\n[    0.000000] ACPI: PM-Timer IO Port: 0xb008\n[    0.000000] ACPI: LAPIC (acpi_id[0x00] lapic_id[0x00] enabled)\n[    0.000000] ACPI: LAPIC_NMI (acpi_id[0xff] dfl dfl lint[0x1])\n[    0.000000] ACPI: IOAPIC (id[0x00] address[0xfec00000] gsi_base[0])\n[    0.000000] IOAPIC[0]: apic_id 0, version 17, address 0xfec00000, GSI 0-23\n[    0.000000] ACPI: INT_SRC_OVR (bus 0 bus_irq 0 global_irq 2 dfl dfl)\n[    0.000000] ACPI: INT_SRC_OVR (bus 0 bus_irq 5 global_irq 5 high level)\n[    0.000000] ACPI: INT_SRC_OVR (bus 0 bus_irq 9 global_irq 9 high level)\n[    0.000000] ACPI: INT_SRC_OVR (bus 0 bus_irq 10 global_irq 10 high level)\n[    0.000000] ACPI: INT_SRC_OVR (bus 0 bus_irq 11 global_irq 11 high level)\n[    0.000000] Using ACPI (MADT) for SMP configuration information\n[    0.000000] ACPI: HPET id: 0x8086a201 base: 0xfed00000\n[    0.000000] SMP: Allowing 1 CPUs, 0 hotplug CPUs\n[    0.000000] PM: Registered nosave memory: 000000000009f000 - 00000000000a0000\n[    0.000000] PM: Registered nosave memory: 00000000000a0000 - 00000000000f0000\n[    0.000000] PM: Registered nosave memory: 00000000000f0000 - 0000000000100000\n[    0.000000] Allocating PCI resources starting at 4000000 (gap: 4000000:fbfc0000)\n[    0.000000] Booting paravirtualized kernel on bare hardware\n[    0.000000] setup_pe
2016-01-07 23:16:38,317 4368 DEBUG    [tempest.scenario.manager] Console output for 5a39d711-855e-4530-9e55-f28895c2ca46
body=
[    0.000000] Initializing cgroup subsys cpuset
[    0.000000] Initializing cgroup subsys cpu
[    0.000000] Linux version 3.2.0-80-virtual (buildd@batsu) (gcc version 4.6.3 (Ubuntu/Linaro 4.6.3-1ubuntu5) ) #116-Ubuntu SMP Mon Mar 23 17:28:52 UTC 2015 (Ubuntu 3.2.0-80.116-virtual 3.2.68)
[    0.000000] Command line: root=/dev/vda console=tty0 console=ttyS0 no_timer_check
[    0.000000] KERNEL supported cpus:
[    0.000000]   Intel GenuineIntel
[    0.000000]   AMD AuthenticAMD
[    0.000000]   Centaur CentaurHauls
[    0.000000] BIOS-provided physical RAM map:
[    0.000000]  BIOS-e820: 0000000000000000 - 000000000009fc00 (usable)
[    0.000000]  BIOS-e820: 000000000009fc00 - 00000000000a0000 (reserved)
[    0.000000]  BIOS-e820: 00000000000f0000 - 0000000000100000 (reserved)
[    0.000000]  BIOS-e820: 0000000000100000 - 0000000003ffe000 (usable)
[    0.000000]  BIOS-e820: 0000000003ffe000 - 0000000004000000 (reserved)
[    0.000000]  BIOS-e820: 00000000fffc0000 - 0000000100000000 (reserved)
[    0.000000] NX (Execute Disable) protection: active
[    0.000000] SMBIOS 2.4 present.
[    0.000000] No AGP bridge found
[    0.000000] last_pfn = 0x3ffe max_arch_pfn = 0x400000000
[    0.000000] x86 PAT enabled: cpu 0, old 0x7040600070406, new 0x7010600070106
[    0.000000] found SMP MP-table at [ffff8800000f0b00] f0b00
[    0.000000] init_memory_mapping: 0000000000000000-0000000003ffe000
[    0.000000] RAMDISK: 03c5e000 - 03ff0000
[    0.000000] ACPI: RSDP 00000000000f0950 00014 (v00 BOCHS )
[    0.000000] ACPI: RSDT 0000000003fffbc1 00034 (v01 BOCHS  BXPCRSDT 00000001 BXPC 00000001)
[    0.000000] ACPI: FACP 0000000003fff1c0 00074 (v01 BOCHS  BXPCFACP 00000001 BXPC 00000001)
[    0.000000] ACPI: DSDT 0000000003ffe040 01180 (v01 BOCHS  BXPCDSDT 00000001 BXPC 00000001)
[    0.000000] ACPI: FACS 0000000003ffe000 00040
[    0.000000] ACPI: SSDT 0000000003fff234 008DD (v01 BOCHS  BXPCSSDT 00000001 BXPC 00000001)
[    0.000000] ACPI: APIC 0000000003fffb11 00078 (v01 BOCHS  BXPCAPIC 00000001 BXPC 00000001)
[    0.000000] ACPI: HPET 0000000003fffb89 00038 (v01 BOCHS  BXPCHPET 00000001 BXPC 00000001)
[    0.000000] No NUMA configuration found
[    0.000000] Faking a node at 0000000000000000-0000000003ffe000
[    0.000000] Initmem setup node 0 0000000000000000-0000000003ffe000
[    0.000000]   NODE_DATA [0000000003ff6000 - 0000000003ffafff]
[    0.000000] Zone PFN ranges:
[    0.000000]   DMA      0x00000010 -&gt; 0x00001000
[    0.000000]   DMA32    0x00001000 -&gt; 0x00100000
[    0.000000]   Normal   empty
[    0.000000] Movable zone start PFN for each node
[    0.000000] early_node_map[2] active PFN ranges
[    0.000000]     0: 0x00000010 -&gt; 0x0000009f
[    0.000000]     0: 0x00000100 -&gt; 0x00003ffe
[    0.000000] ACPI: PM-Timer IO Port: 0xb008
[    0.000000] ACPI: LAPIC (acpi_id[0x00] lapic_id[0x00] enabled)
[    0.000000] ACPI: LAPIC_NMI (acpi_id[0xff] dfl dfl lint[0x1])
[    0.000000] ACPI: IOAPIC (id[0x00] address[0xfec00000] gsi_base[0])
[    0.000000] IOAPIC[0]: apic_id 0, version 17, address 0xfec00000, GSI 0-23
[    0.000000] ACPI: INT_SRC_OVR (bus 0 bus_irq 0 global_irq 2 dfl dfl)
[    0.000000] ACPI: INT_SRC_OVR (bus 0 bus_irq 5 global_irq 5 high level)
[    0.000000] ACPI: INT_SRC_OVR (bus 0 bus_irq 9 global_irq 9 high level)
[    0.000000] ACPI: INT_SRC_OVR (bus 0 bus_irq 10 global_irq 10 high level)
[    0.000000] ACPI: INT_SRC_OVR (bus 0 bus_irq 11 global_irq 11 high level)
[    0.000000] Using ACPI (MADT) for SMP configuration information
[    0.000000] ACPI: HPET id: 0x8086a201 base: 0xfed00000
[    0.000000] SMP: Allowing 1 CPUs, 0 hotplug CPUs
[    0.000000] PM: Registered nosave memory: 000000000009f000 - 00000000000a0000
[    0.000000] PM: Registered nosave memory: 00000000000a0000 - 00000000000f0000
[    0.000000] PM: Registered nosave memory: 00000000000f0000 - 0000000000100000
[    0.000000] Allocating PCI resources starting at 4000000 (gap: 4000000:fbfc0000)
[    0.000000] Booting paravirtualized kernel on bare hardware
[    0.000000] setup_percpu: NR_CPUS:64 nr_cpumask_bits:64 nr_cpu_ids:1 nr_node_ids:1
[    0.000000] PERCPU: Embedded 27 pages/cpu @ffff880003a00000 s78848 r8192 d23552 u2097152
[    0.000000] Built 1 zonelists in Node order, mobility grouping on.  Total pages: 16008
[    0.000000] Policy zone: DMA32
[    0.000000] Kernel command line: root=/dev/vda console=tty0 console=ttyS0 no_timer_check
[    0.000000] PID hash table entries: 256 (order: -1, 2048 bytes)
[    0.000000] Checking aperture...
[    0.000000] No AGP bridge found
[    0.000000] Memory: 43492k/65528k available (6576k kernel code, 452k absent, 21584k reserved, 6620k data, 928k init)
[    0.000000] SLUB: Genslabs=15, HWalign=64, Order=0-3, MinObjects=0, CPUs=1, Nodes=1
[    0.000000] Hierarchical RCU implementation.
[    0.000000] 	RCU dyntick-idle grace-period acceleration is enabled.
[    0.000000] NR_IRQS:4352 nr_irqs:256 16
[    0.000000] Console: colour VGA+ 80x25
[    0.000000] console [tty0] enabled
[    0.000000] console [ttyS0] enabled
[    0.000000] allocated 1048576 bytes of page_cgroup
[    0.000000] please try 'cgroup_disable=memory' option if you don't want memory cgroups
[    0.000000] Fast TSC calibration failed
[    0.000000] TSC: Unable to calibrate against PIT
[    0.000000] TSC: using HPET reference calibration
[    0.000000] Detected 2294.423 MHz processor.
[    0.032860] Calibrating delay loop (skipped), value calculated using timer frequency.. 4588.84 BogoMIPS (lpj=9177692)
[    0.036790] pid_max: default: 32768 minimum: 301
[    0.046434] Security Framework initialized
[    0.050668] AppArmor: AppArmor initialized
[    0.051331] Yama: becoming mindful.
[    0.057140] Dentry cache hash table entries: 8192 (order: 4, 65536 bytes)
[    0.060588] Inode-cache hash table entries: 4096 (order: 3, 32768 bytes)
[    0.062169] Mount-cache hash table entries: 256
[    0.077406] Initializing cgroup subsys cpuacct
[    0.078303] Initializing cgroup subsys memory
[    0.080295] Initializing cgroup subsys devices
[    0.080999] Initializing cgroup subsys freezer
[    0.081685] Initializing cgroup subsys blkio
[    0.082317] Initializing cgroup subsys perf_event
[    0.086532] mce: CPU supports 10 MCE banks
[    0.090119] SMP alternatives: switching to UP code
[    0.486271] Freeing SMP alternatives: 24k freed
[    0.488469] ACPI: Core revision 20110623
[    0.536232] ftrace: allocating 26610 entries in 105 pages
[    0.581132] ..TIMER: vector=0x30 apic1=0 pin1=2 apic2=-1 pin2=-1
[    0.584161] CPU0: AMD QEMU Virtual CPU version 2.0.0 stepping 03
[    0.588036] Performance Events: Broken PMU hardware detected, using software events only.
[    0.596685] NMI watchdog disabled (cpu0): hardware events not enabled
[    0.598759] Brought up 1 CPUs
[    0.599283] Total of 1 processors activated (4588.84 BogoMIPS).
[    0.622068] devtmpfs: initialized
[    0.651091] EVM: security.selinux
[    0.652080] EVM: security.SMACK64
[    0.652505] EVM: security.capability
[    0.673509] print_constraints: dummy: 
[    0.675198] RTC time: 23:14:36, date: 01/07/16
[    0.677685] NET: Registered protocol family 16
[    0.687203] ACPI: bus type pci registered
[    0.692449] PCI: Using configuration type 1 for base access
[    0.722025] bio: create slab &lt;bio-0&gt; at 0
[    0.726273] ACPI: Added _OSI(Module Device)
[    0.726836] ACPI: Added _OSI(Processor Device)
[    0.727357] ACPI: Added _OSI(3.0 _SCP Extensions)
[    0.728100] ACPI: Added _OSI(Processor Aggregator Device)
[    0.802424] ACPI: Interpreter enabled
[    0.803041] ACPI: (supports S0 S3 S4 S5)
[    0.805666] ACPI: Using IOAPIC for interrupt routing
[    0.894207] ACPI: No dock devices found.
[    0.895050] HEST: Table not found.
[    0.896228] PCI: Using host bridge windows from ACPI; if necessary, use "pci=nocrs" and report a bug
[    0.901846] ACPI: PCI Root Bridge [PCI0] (domain 0000 [bus 00-ff])
[    0.908700] pci_root PNP0A03:00: host bridge window [io  0x0000-0x0cf7]
[    0.910067] pci_root PNP0A03:00: host bridge window [io  0x0d00-0xadff]
[    0.910901] pci_root PNP0A03:00: host bridge window [io  0xae0f-0xaeff]
[    0.912131] pci_root PNP0A03:00: host bridge window [io  0xaf20-0xafdf]
[    0.913090] pci_root PNP0A03:00: host bridge window [io  0xafe4-0xffff]
[    0.913895] pci_root PNP0A03:00: host bridge window [mem 0x000a0000-0x000bffff]
[    0.914840] pci_root PNP0A03:00: host bridge window [mem 0x04000000-0xfebfffff]
[    0.936748] pci 0000:00:01.3: quirk: [io  0xb000-0xb03f] claimed by PIIX4 ACPI
[    0.937731] pci 0000:00:01.3: quirk: [io  0xb100-0xb10f] claimed by PIIX4 SMB
[    1.002841]  pci0000:00: Unable to request _OSC control (_OSC support mask: 0x1e)
[    1.061679] ACPI: PCI Interrupt Link [LNKA] (IRQs 5 *10 11)
[    1.066112] ACPI: PCI Interrupt Link [LNKB] (IRQs 5 *10 11)
[    1.068571] ACPI: PCI Interrupt Link [LNKC] (IRQs 5 10 *11)
[    1.070777] ACPI: PCI Interrupt Link [LNKD] (IRQs 5 10 *11)
[    1.073712] ACPI: PCI Interrupt Link [LNKS] (IRQs *9)
[    1.081231] vgaarb: device added: PCI:0000:00:02.0,decodes=io+mem,owns=io+mem,locks=none
[    1.082246] vgaarb: loaded
[    1.082720] vgaarb: bridge control possible 0000:00:02.0
[    1.086622] i2c-core: driver [aat2870] using legacy suspend method
[    1.088179] i2c-core: driver [aat2870] using legacy resume method
[    1.092268] SCSI subsystem initialized
[    1.096410] usbcore: registered new interface driver usbfs
[    1.097678] usbcore: registered new interface driver hub
[    1.098818] usbcore: registered new device driver usb
[    1.102537] PCI: Using ACPI for IRQ routing
[    1.121453] NetLabel: Initializing
[    1.122343] NetLabel:  domain hash size = 128
[    1.124170] NetLabel:  protocols = UNLABELED CIPSOv4
[    1.129055] NetLabel:  unlabeled traffic allowed by default
[    1.134308] HPET: 3 timers in total, 0 timers will be used for per-cpu timer
[    1.137366] hpet0: at MMIO 0xfed00000, IRQs 2, 8, 0
[    1.138905] hpet0: 3 comparators, 64-bit 100.000000 MHz counter
[    1.158758] Switching to clocksource hpet
[    1.419975] AppArmor: AppArmor Filesystem Enabled
[    1.422311] pnp: PnP ACPI init
[    1.422936] ACPI: bus type pnp registered
[    1.442858] pnp: PnP ACPI: found 9 devices
[    1.443434] ACPI: ACPI bus type pnp unregistered
[    1.503546] NET: Registered protocol family 2
[    1.542874] IP route cache hash table entries: 512 (order: 0, 4096 bytes)
[    1.550799] TCP established hash table entries: 2048 (order: 3, 32768 bytes)
[    1.553498] TCP bind hash table entries: 2048 (order: 3, 32768 bytes)
[    1.554436] TCP: Hash tables configured (established 2048 bind 2048)
[    1.555291] TCP reno registered
[    1.556009] UDP hash table entries: 128 (order: 0, 4096 bytes)
[    1.558000] UDP-Lite hash table entries: 128 (order: 0, 4096 bytes)
[    1.561238] NET: Registered protocol family 1
[    1.562194] pci 0000:00:00.0: Limiting direct PCI/PCI transfers
[    1.562995] pci 0000:00:01.0: PIIX3: Enabling Passive Release
[    1.563952] pci 0000:00:01.0: Activating ISA DMA hang workarounds
[    1.569702] ACPI: PCI Interrupt Link [LNKD] enabled at IRQ 11
[    1.570687] pci 0000:00:01.2: PCI INT D -&gt; Link[LNKD] -&gt; GSI 11 (level, high) -&gt; IRQ 11
[    1.573520] pci 0000:00:01.2: PCI INT D disabled
[    1.603149] Trying to unpack rootfs image as initramfs...
[    1.619998] audit: initializing netlink socket (disabled)
[    1.622369] type=2000 audit(1452208476.620:1): initialized
[    1.974412] HugeTLB registered 2 MB page size, pre-allocated 0 pages
[    2.060690] VFS: Disk quotas dquot_6.5.2
[    2.062727] Dquot-cache hash table entries: 512 (order 0, 4096 bytes)
[    2.091449] fuse init (API version 7.17)
[    2.097212] msgmni has been set to 84
[    2.129587] Block layer SCSI generic (bsg) driver version 0.4 loaded (major 253)
[    2.137189] io scheduler noop registered
[    2.137761] io scheduler deadline registered (default)
[    2.138660] io scheduler cfq registered
[    2.142909] pci_hotplug: PCI Hot Plug PCI Core version: 0.5
[    2.145779] pciehp: PCI Express Hot Plug Controller Driver version: 0.4
[    2.151334] input: Power Button as /devices/LNXSYSTM:00/LNXPWRBN:00/input/input0
[    2.153602] ACPI: Power Button [PWRF]
[    2.202250] ERST: Table is not found!
[    2.202811] GHES: HEST is not enabled!
[    2.215199] ACPI: PCI Interrupt Link [LNKC] enabled at IRQ 10
[    2.217035] virtio-pci 0000:00:03.0: PCI INT A -&gt; Link[LNKC] -&gt; GSI 10 (level, high) -&gt; IRQ 10
[    2.222275] virtio-pci 0000:00:04.0: PCI INT A -&gt; Link[LNKD] -&gt; GSI 11 (level, high) -&gt; IRQ 11
[    2.242385] ACPI: PCI Interrupt Link [LNKA] enabled at IRQ 10
[    2.243119] virtio-pci 0000:00:05.0: PCI INT A -&gt; Link[LNKA] -&gt; GSI 10 (level, high) -&gt; IRQ 10
[    2.254461] Serial: 8250/16550 driver, 32 ports, IRQ sharing enabled
[    2.293765] serial8250: ttyS0 at I/O 0x3f8 (irq = 4) is a 16550A
[    2.376091] serial8250: ttyS1 at I/O 0x2f8 (irq = 3) is a 16550A
[    2.521889] 00:05: ttyS0 at I/O 0x3f8 (irq = 4) is a 16550A
[    2.603486] 00:06: ttyS1 at I/O 0x2f8 (irq = 3) is a 16550A
[    2.605756] Refined TSC clocksource calibration: 2294.446 MHz.
[    2.606679] Switching to clocksource tsc
[    2.650668] Linux agpgart interface v0.103
[    2.722427] brd: module loaded
[    2.758153] loop: module loaded
[    2.813835]  vda: unknown partition table
[    2.865571] scsi0 : ata_piix
[    2.869591] scsi1 : ata_piix
[    2.870884] ata1: PATA max MWDMA2 cmd 0x1f0 ctl 0x3f6 bmdma 0xc0a0 irq 14
[    2.871846] ata2: PATA max MWDMA2 cmd 0x170 ctl 0x376 bmdma 0xc0a8 irq 15
[    2.882341] Fixed MDIO Bus: probed
[    2.883121] tun: Universal TUN/TAP device driver, 1.6
[    2.883965] tun: (C) 1999-2004 Max Krasnyansky &lt;maxk@qualcomm.com&gt;
[    2.897481] PPP generic driver version 2.4.2
[    2.919659] ehci_hcd: USB 2.0 'Enhanced' Host Controller (EHCI) Driver
[    2.921661] ohci_hcd: USB 1.1 'Open' Host Controller (OHCI) Driver
[    2.922606] uhci_hcd: USB Universal Host Controller Interface driver
[    2.923678] uhci_hcd 0000:00:01.2: PCI INT D -&gt; Link[LNKD] -&gt; GSI 11 (level, high) -&gt; IRQ 11
[    2.926843] uhci_hcd 0000:00:01.2: UHCI Host Controller
[    2.943251] uhci_hcd 0000:00:01.2: new USB bus registered, assigned bus number 1
[    2.948668] uhci_hcd 0000:00:01.2: irq 11, io base 0x0000c040
[    2.986639] hub 1-0:1.0: USB hub found
[    2.989412] hub 1-0:1.0: 2 ports detected
[    2.998464] usbcore: registered new interface driver libusual
[    3.002498] i8042: PNP: PS/2 Controller [PNP0303:KBD,PNP0f13:MOU] at 0x60,0x64 irq 1,12
[    3.013716] serio: i8042 KBD port at 0x60,0x64 irq 1
[    3.017063] serio: i8042 AUX port at 0x60,0x64 irq 12
[    3.067334] mousedev: PS/2 mouse device common for all mice
[    3.083540] ata2.01: ATAPI: QEMU DVD-ROM, 2.0.0, max UDMA/100
[    3.097693] input: AT Translated Set 2 keyboard as /devices/platform/i8042/serio0/input/input1
[    3.106003] rtc_cmos 00:01: RTC can wake from S4
[    3.143139] rtc_cmos 00:01: rtc core: registered rtc_cmos as rtc0
[    3.148977] rtc0: alarms up to one day, 114 bytes nvram, hpet irqs
[    3.152106] device-mapper: uevent: version 1.0.3
[    3.166661] ata2.01: configured for MWDMA2
[    3.215216] device-mapper: ioctl: 4.22.0-ioctl (2011-10-19) initialised: dm-devel@redhat.com
[    3.223315] cpuidle: using governor ladder
[    3.225994] cpuidle: using governor menu
[    3.227547] EFI Variables Facility v0.08 2004-May-17
[    3.239525] TCP cubic registered
[    3.246055] NET: Registered protocol family 10
[    3.293347] NET: Registered protocol family 17
[    3.296650] Registering the dns_resolver key type
[    3.315768] scsi 1:0:1:0: CD-ROM            QEMU     QEMU DVD-ROM     2.0. PQ: 0 ANSI: 5
[    3.357538] sr0: scsi3-mmc drive: 4x/4x cd/rw xa/form2 tray
[    3.359223] cdrom: Uniform CD-ROM driver Revision: 3.20
[    3.377084] sr 1:0:1:0: Attached scsi generic sg0 type 5
[    3.440161] Freeing initrd memory: 3656k freed
[    3.451311] registered taskstats version 1
[    3.968302]   Magic number: 0:104:251
[    3.981219] rtc_cmos 00:01: setting system clock to 2016-01-07 23:14:40 UTC (1452208480)
[    3.983983] powernow-k8: Processor cpuid 663 not supported
[    3.989567] BIOS EDD facility v0.16 2004-Jun-25, 0 devices found
[    3.991381] EDD information not available.
[    4.087310] Freeing unused kernel memory: 928k freed
[    4.096120] Write protecting the kernel read-only data: 12288k
[    4.178774] Freeing unused kernel memory: 1596k freed
[    4.238954] Freeing unused kernel memory: 1184k freed

info: initramfs: up at 4.39
modprobe: module virtio_blk not found in modules.dep
modprobe: module virtio_net not found in modules.dep
info: copying initramfs to /dev/vda
info: initramfs loading root from /dev/vda
info: /etc/init.d/rc.sysinit: up at 9.04
info: container: none
Starting logging: OK
modprobe: module virtio_blk not found in modules.dep
modprobe: module virtio_net not found in modules.dep
WARN: /etc/rc3.d/S10-load-modules failed
Initializing random number generator... done.
Starting acpid: OK
cirros-ds 'local' up at 11.65
found datasource (configdrive, local)
Starting network...
udhcpc (v1.20.1) started
Sending discover...
Sending discover...

2016-01-07 23:16:38,608 4368 INFO     [tempest_lib.common.rest_client] Request (TestNetworkBasicOps:_run_cleanups): 204 DELETE http://10.0.2.15:9696/v2.0/floatingips/b7f03876-8b3a-48dc-8cc1-ffd7ca79c9ca 0.283s
2016-01-07 23:16:38,609 4368 DEBUG    [tempest_lib.common.rest_client] Request - Headers: {'Content-Type': 'application/json', 'Accept': 'application/json', 'X-Auth-Token': '&lt;omitted&gt;'}
        Body: None
    Response - Headers: {'date': 'Thu, 07 Jan 2016 23:16:38 GMT', 'status': '204', 'connection': 'close', 'content-length': '0', 'x-openstack-request-id': 'req-2e9d9d7d-183e-4ddf-9762-6bc37745e77b'}
        Body: 
2016-01-07 23:16:38,832 4368 INFO     [tempest_lib.common.rest_client] Request (TestNetworkBasicOps:_run_cleanups): 204 DELETE http://10.0.2.15:8774/v2.1/49ef876c8cf7420b86b5441e70219035/servers/5a39d711-855e-4530-9e55-f28895c2ca46 0.222s
2016-01-07 23:16:38,833 4368 DEBUG    [tempest_lib.common.rest_client] Request - Headers: {'Content-Type': 'application/json', 'Accept': 'application/json', 'X-Auth-Token': '&lt;omitted&gt;'}
        Body: None
    Response - Headers: {'status': '204', 'content-length': '0', 'x-compute-request-id': 'req-2243400c-3cd8-4457-9914-09dda353e3fe', 'vary': 'X-OpenStack-Nova-API-Version', 'connection': 'close', 'x-openstack-nova-api-version': '2.1', 'date': 'Thu, 07 Jan 2016 23:16:38 GMT', 'content-type': 'application/json'}
        Body: 
2016-01-07 23:16:39,049 4368 INFO     [tempest_lib.common.rest_client] Request (TestNetworkBasicOps:_run_cleanups): 200 GET http://10.0.2.15:8774/v2.1/49ef876c8cf7420b86b5441e70219035/servers/5a39d711-855e-4530-9e55-f28895c2ca46 0.215s
2016-01-07 23:16:39,049 4368 DEBUG    [tempest_lib.common.rest_client] Request - Headers: {'Content-Type': 'application/json', 'Accept': 'application/json', 'X-Auth-Token': '&lt;omitted&gt;'}
        Body: None
    Response - Headers: {'status': '200', 'content-length': '1774', 'content-location': 'http://10.0.2.15:8774/v2.1/49ef876c8cf7420b86b5441e70219035/servers/5a39d711-855e-4530-9e55-f28895c2ca46', 'x-compute-request-id': 'req-da814969-41c8-479b-a4f1-6e246ff25f93', 'vary': 'X-OpenStack-Nova-API-Version', 'connection': 'close', 'x-openstack-nova-api-version': '2.1', 'date': 'Thu, 07 Jan 2016 23:16:39 GMT', 'content-type': 'application/json'}
        Body: {"server": {"status": "ACTIVE", "updated": "2016-01-07T23:16:38Z", "hostId": "cfc3f7b7806194ca637fca3e5bd32d7496ddbb9c0544a36d347ffd84", "addresses": {"tempest-network-smoke--981172467": [{"OS-EXT-IPS-MAC:mac_addr": "fa:16:3e:39:cc:3a", "version": 4, "addr": "10.100.0.3", "OS-EXT-IPS:type": "fixed"}, {"OS-EXT-IPS-MAC:mac_addr": "fa:16:3e:39:cc:3a", "version": 4, "addr": "172.24.4.4", "OS-EXT-IPS:type": "floating"}]}, "links": [{"href": "http://10.0.2.15:8774/v2.1/49ef876c8cf7420b86b5441e70219035/servers/5a39d711-855e-4530-9e55-f28895c2ca46", "rel": "self"}, {"href": "http://10.0.2.15:8774/49ef876c8cf7420b86b5441e70219035/servers/5a39d711-855e-4530-9e55-f28895c2ca46", "rel": "bookmark"}], "key_name": "tempest-TestNetworkBasicOps-918256208", "image": {"id": "7086706f-cab3-4869-b8b5-229927d18193", "links": [{"href": "http://10.0.2.15:8774/49ef876c8cf7420b86b5441e70219035/images/7086706f-cab3-4869-b8b5-229927d18193", "rel": "bookmark"}]}, "OS-EXT-STS:task_state": "deleting", "OS-EXT-STS:vm_state": "active", "OS-SRV-USG:launched_at": "2016-01-07T23:14:33.000000", "flavor": {"id": "42", "links": [{"href": "http://10.0.2.15:8774/49ef876c8cf7420b86b5441e70219035/flavors/42", "rel": "bookmark"}]}, "id": "5a39d711-855e-4530-9e55-f28895c2ca46", "security_groups": [{"name": "tempest-secgroup-smoke-2027931180"}], "OS-SRV-USG:terminated_at": null, "OS-EXT-AZ:availability_zone": "nova", "user_id": "83a81613e07e45e3871aa7396155e99c", "name": "tempest.common.compute-instance-605563447", "created": "2016-01-07T23:14:29Z", "tenant_id": "49ef876c8cf7420b86b5441e70219035", "OS-DCF:diskConfig": "MANUAL", "os-extended-volumes:volumes_attached": [], "accessIPv4": "", "accessIPv6": "", "progress": 0, "OS-EXT-STS:power_state": 1, "config_drive": "True", "metadata": {}}}
2016-01-07 23:16:40,228 4368 INFO     [tempest_lib.common.rest_client] Request (TestNetworkBasicOps:_run_cleanups): 200 GET http://10.0.2.15:8774/v2.1/49ef876c8cf7420b86b5441e70219035/servers/5a39d711-855e-4530-9e55-f28895c2ca46 0.165s
2016-01-07 23:16:40,228 4368 DEBUG    [tempest_lib.common.rest_client] Request - Headers: {'Content-Type': 'application/json', 'Accept': 'application/json', 'X-Auth-Token': '&lt;omitted&gt;'}
        Body: None
    Response - Headers: {'status': '200', 'content-length': '1706', 'content-location': 'http://10.0.2.15:8774/v2.1/49ef876c8cf7420b86b5441e70219035/servers/5a39d711-855e-4530-9e55-f28895c2ca46', 'x-compute-request-id': 'req-5d7a1946-0e14-4926-a3c4-f4914c9bdcd5', 'vary': 'X-OpenStack-Nova-API-Version', 'connection': 'close', 'x-openstack-nova-api-version': '2.1', 'date': 'Thu, 07 Jan 2016 23:16:40 GMT', 'content-type': 'application/json'}
        Body: {"server": {"status": "ACTIVE", "updated": "2016-01-07T23:16:39Z", "hostId": "cfc3f7b7806194ca637fca3e5bd32d7496ddbb9c0544a36d347ffd84", "addresses": {"tempest-network-smoke--981172467": [{"OS-EXT-IPS-MAC:mac_addr": "fa:16:3e:39:cc:3a", "version": 4, "addr": "10.100.0.3", "OS-EXT-IPS:type": "fixed"}, {"OS-EXT-IPS-MAC:mac_addr": "fa:16:3e:39:cc:3a", "version": 4, "addr": "172.24.4.4", "OS-EXT-IPS:type": "floating"}]}, "links": [{"href": "http://10.0.2.15:8774/v2.1/49ef876c8cf7420b86b5441e70219035/servers/5a39d711-855e-4530-9e55-f28895c2ca46", "rel": "self"}, {"href": "http://10.0.2.15:8774/49ef876c8cf7420b86b5441e70219035/servers/5a39d711-855e-4530-9e55-f28895c2ca46", "rel": "bookmark"}], "key_name": "tempest-TestNetworkBasicOps-918256208", "image": {"id": "7086706f-cab3-4869-b8b5-229927d18193", "links": [{"href": "http://10.0.2.15:8774/49ef876c8cf7420b86b5441e70219035/images/7086706f-cab3-4869-b8b5-229927d18193", "rel": "bookmark"}]}, "OS-EXT-STS:task_state": "deleting", "OS-EXT-STS:vm_state": "active", "OS-SRV-USG:launched_at": "2016-01-07T23:14:33.000000", "flavor": {"id": "42", "links": [{"href": "http://10.0.2.15:8774/49ef876c8cf7420b86b5441e70219035/flavors/42", "rel": "bookmark"}]}, "id": "5a39d711-855e-4530-9e55-f28895c2ca46", "OS-SRV-USG:terminated_at": null, "OS-EXT-AZ:availability_zone": "nova", "user_id": "83a81613e07e45e3871aa7396155e99c", "name": "tempest.common.compute-instance-605563447", "created": "2016-01-07T23:14:29Z", "tenant_id": "49ef876c8cf7420b86b5441e70219035", "OS-DCF:diskConfig": "MANUAL", "os-extended-volumes:volumes_attached": [], "accessIPv4": "", "accessIPv6": "", "progress": 0, "OS-EXT-STS:power_state": 1, "config_drive": "True", "metadata": {}}}
2016-01-07 23:16:41,328 4368 INFO     [tempest_lib.common.rest_client] Request (TestNetworkBasicOps:_run_cleanups): 404 GET http://10.0.2.15:8774/v2.1/49ef876c8cf7420b86b5441e70219035/servers/5a39d711-855e-4530-9e55-f28895c2ca46 0.088s
2016-01-07 23:16:41,329 4368 DEBUG    [tempest_lib.common.rest_client] Request - Headers: {'Content-Type': 'application/json', 'Accept': 'application/json', 'X-Auth-Token': '&lt;omitted&gt;'}
        Body: None
    Response - Headers: {'status': '404', 'content-length': '111', 'x-compute-request-id': 'req-0f494a93-9868-405f-b277-5bebc5b13f2d', 'vary': 'X-OpenStack-Nova-API-Version', 'connection': 'close', 'x-openstack-nova-api-version': '2.1', 'date': 'Thu, 07 Jan 2016 23:16:41 GMT', 'content-type': 'application/json; charset=UTF-8'}
        Body: {"itemNotFound": {"message": "Instance 5a39d711-855e-4530-9e55-f28895c2ca46 could not be found.", "code": 404}}
2016-01-07 23:16:41,351 4368 INFO     [tempest_lib.common.rest_client] Request (TestNetworkBasicOps:_run_cleanups): 202 DELETE http://10.0.2.15:8774/v2.1/49ef876c8cf7420b86b5441e70219035/os-keypairs/tempest-TestNetworkBasicOps-918256208 0.020s
2016-01-07 23:16:41,351 4368 DEBUG    [tempest_lib.common.rest_client] Request - Headers: {'Content-Type': 'application/json', 'Accept': 'application/json', 'X-Auth-Token': '&lt;omitted&gt;'}
        Body: None
    Response - Headers: {'status': '202', 'content-length': '0', 'x-compute-request-id': 'req-3956fdbc-30be-4493-a09e-10e74dcd66ca', 'vary': 'X-OpenStack-Nova-API-Version', 'connection': 'close', 'x-openstack-nova-api-version': '2.1', 'date': 'Thu, 07 Jan 2016 23:16:41 GMT', 'content-type': 'application/json'}
        Body: 
2016-01-07 23:16:41,791 4368 INFO     [tempest_lib.common.rest_client] Request (TestNetworkBasicOps:_run_cleanups): 200 PUT http://10.0.2.15:9696/v2.0/routers/755b894e-a103-4a11-b70a-d17c64342ef3/remove_router_interface 0.438s
2016-01-07 23:16:41,791 4368 DEBUG    [tempest_lib.common.rest_client] Request - Headers: {'Content-Type': 'application/json', 'Accept': 'application/json', 'X-Auth-Token': '&lt;omitted&gt;'}
        Body: {"subnet_id": "99004196-2a95-4b29-8562-622a16f82f84"}
    Response - Headers: {'status': '200', 'content-length': '255', 'connection': 'close', 'date': 'Thu, 07 Jan 2016 23:16:41 GMT', 'content-type': 'application/json; charset=UTF-8', 'x-openstack-request-id': 'req-d856f4df-1147-4c5b-a650-ec321a8f62af'}
        Body: {"subnet_id": "99004196-2a95-4b29-8562-622a16f82f84", "tenant_id": "49ef876c8cf7420b86b5441e70219035", "subnet_ids": ["99004196-2a95-4b29-8562-622a16f82f84"], "port_id": "bcf985fd-f936-4c14-b6c5-1b6f96c96808", "id": "755b894e-a103-4a11-b70a-d17c64342ef3"}
2016-01-07 23:16:42,280 4368 INFO     [tempest_lib.common.rest_client] Request (TestNetworkBasicOps:_run_cleanups): 204 DELETE http://10.0.2.15:9696/v2.0/subnets/99004196-2a95-4b29-8562-622a16f82f84 0.487s
2016-01-07 23:16:42,281 4368 DEBUG    [tempest_lib.common.rest_client] Request - Headers: {'Content-Type': 'application/json', 'Accept': 'application/json', 'X-Auth-Token': '&lt;omitted&gt;'}
        Body: None
    Response - Headers: {'date': 'Thu, 07 Jan 2016 23:16:42 GMT', 'status': '204', 'connection': 'close', 'content-length': '0', 'x-openstack-request-id': 'req-d6c0645f-89ce-49b8-8385-8981e311fdc3'}
        Body: 
2016-01-07 23:16:42,360 4368 INFO     [tempest_lib.common.rest_client] Request (TestNetworkBasicOps:_run_cleanups): 200 GET http://10.0.2.15:9696/v2.0/routers/755b894e-a103-4a11-b70a-d17c64342ef3 0.077s
2016-01-07 23:16:42,361 4368 DEBUG    [tempest_lib.common.rest_client] Request - Headers: {'Content-Type': 'application/json', 'Accept': 'application/json', 'X-Auth-Token': '&lt;omitted&gt;'}
        Body: None
    Response - Headers: {'status': '200', 'content-length': '564', 'content-location': 'http://10.0.2.15:9696/v2.0/routers/755b894e-a103-4a11-b70a-d17c64342ef3', 'connection': 'close', 'date': 'Thu, 07 Jan 2016 23:16:42 GMT', 'content-type': 'application/json; charset=UTF-8', 'x-openstack-request-id': 'req-04643fec-ba61-471c-af7e-b3b4a782b2b0'}
        Body: {"router": {"status": "ACTIVE", "external_gateway_info": {"network_id": "2049c9de-6b87-4026-8a04-06a356651664", "enable_snat": true, "external_fixed_ips": [{"subnet_id": "27fe8873-82ff-4aed-a816-1125d418f099", "ip_address": "172.24.4.3"}, {"subnet_id": "d020dd80-ade2-4083-829f-7da2b0abb5e3", "ip_address": "2001:db8::3"}]}, "availability_zone_hints": [], "availability_zones": ["nova"], "name": "tempest-router-smoke-1715068447", "admin_state_up": true, "tenant_id": "49ef876c8cf7420b86b5441e70219035", "routes": [], "id": "755b894e-a103-4a11-b70a-d17c64342ef3"}}
2016-01-07 23:16:42,865 4368 INFO     [tempest_lib.common.rest_client] Request (TestNetworkBasicOps:_run_cleanups): 200 PUT http://10.0.2.15:9696/v2.0/routers/755b894e-a103-4a11-b70a-d17c64342ef3 0.502s
2016-01-07 23:16:42,865 4368 DEBUG    [tempest_lib.common.rest_client] Request - Headers: {'Content-Type': 'application/json', 'Accept': 'application/json', 'X-Auth-Token': '&lt;omitted&gt;'}
        Body: {"router": {"external_gateway_info": {}, "name": "tempest-router-smoke-1715068447", "admin_state_up": true}}
    Response - Headers: {'status': '200', 'content-length': '302', 'connection': 'close', 'date': 'Thu, 07 Jan 2016 23:16:42 GMT', 'content-type': 'application/json; charset=UTF-8', 'x-openstack-request-id': 'req-7185aab9-d2be-42b7-b297-18a0087a05b1'}
        Body: {"router": {"status": "ACTIVE", "external_gateway_info": null, "availability_zone_hints": [], "availability_zones": ["nova"], "name": "tempest-router-smoke-1715068447", "admin_state_up": true, "tenant_id": "49ef876c8cf7420b86b5441e70219035", "routes": [], "id": "755b894e-a103-4a11-b70a-d17c64342ef3"}}
2016-01-07 23:16:43,199 4368 INFO     [tempest_lib.common.rest_client] Request (TestNetworkBasicOps:_run_cleanups): 204 DELETE http://10.0.2.15:9696/v2.0/routers/755b894e-a103-4a11-b70a-d17c64342ef3 0.332s
2016-01-07 23:16:43,199 4368 DEBUG    [tempest_lib.common.rest_client] Request - Headers: {'Content-Type': 'application/json', 'Accept': 'application/json', 'X-Auth-Token': '&lt;omitted&gt;'}
        Body: None
    Response - Headers: {'date': 'Thu, 07 Jan 2016 23:16:43 GMT', 'status': '204', 'connection': 'close', 'content-length': '0', 'x-openstack-request-id': 'req-fb1cff2b-6504-451c-8791-a5dcf58086de'}
        Body: 
2016-01-07 23:16:43,423 4368 INFO     [tempest_lib.common.rest_client] Request (TestNetworkBasicOps:_run_cleanups): 204 DELETE http://10.0.2.15:9696/v2.0/networks/c09d65ac-cf36-4755-8f65-a8b70c130d79 0.222s
2016-01-07 23:16:43,423 4368 DEBUG    [tempest_lib.common.rest_client] Request - Headers: {'Content-Type': 'application/json', 'Accept': 'application/json', 'X-Auth-Token': '&lt;omitted&gt;'}
        Body: None
    Response - Headers: {'date': 'Thu, 07 Jan 2016 23:16:43 GMT', 'status': '204', 'connection': 'close', 'content-length': '0', 'x-openstack-request-id': 'req-746d3661-5a27-47f4-841e-b059e3e69cf3'}
        Body: 
2016-01-07 23:16:43,485 4368 INFO     [tempest_lib.common.rest_client] Request (TestNetworkBasicOps:_run_cleanups): 204 DELETE http://10.0.2.15:9696/v2.0/security-group-rules/5672657d-7afc-4459-935b-566c21868148 0.061s
2016-01-07 23:16:43,485 4368 DEBUG    [tempest_lib.common.rest_client] Request - Headers: {'Content-Type': 'application/json', 'Accept': 'application/json', 'X-Auth-Token': '&lt;omitted&gt;'}
        Body: None
    Response - Headers: {'date': 'Thu, 07 Jan 2016 23:16:43 GMT', 'status': '204', 'connection': 'close', 'content-length': '0', 'x-openstack-request-id': 'req-009434f7-75ac-4b35-839f-f10ddab41995'}
        Body: 
