<?xml version="1.0" encoding="UTF-8"?>
<!DOCTYPE html PUBLIC "-//W3C//DTD XHTML 1.0 Strict//EN"
     "http://www.w3.org/TR/xhtml1/DTD/xhtml1-strict.dtd">
<html xmlns="http://www.w3.org/1999/xhtml">
<head>
    <title>Unit Test Report</title>
    <meta name="generator" content="subunit2html 0.1"/>
    <meta http-equiv="Content-Type" content="text/html; charset=UTF-8"/>
    
<style type="text/css" media="screen">
body        { font-family: verdana, arial, helvetica, sans-serif;
    font-size: 80%; }
table       { font-size: 100%; width: 100%;}
pre         { font-size: 80%; }

/* -- heading -------------------------------------------------------------- */
h1 {
        font-size: 16pt;
        color: gray;
}
.heading {
    margin-top: 0ex;
    margin-bottom: 1ex;
}

.heading .attribute {
    margin-top: 1ex;
    margin-bottom: 0;
}

.heading .description {
    margin-top: 4ex;
    margin-bottom: 6ex;
}

/* -- css div popup -------------------------------------------------------- */
a.popup_link {
}

a.popup_link:hover {
    color: red;
}

.popup_window {
    display: none;
    overflow-x: scroll;
    /*border: solid #627173 1px; */
    padding: 10px;
    background-color: #E6E6D6;
    font-family: "Ubuntu Mono", "Lucida Console", "Courier New", monospace;
    text-align: left;
    font-size: 8pt;
}

}
/* -- report --------------------------------------------------------------- */
#show_detail_line {
    margin-top: 3ex;
    margin-bottom: 1ex;
}
#result_table {
    width: 100%;
    border-collapse: collapse;
    border: 1px solid #777;
}
#header_row {
    font-weight: bold;
    color: white;
    background-color: #777;
}
#result_table td {
    border: 1px solid #777;
    padding: 2px;
}
#total_row  { font-weight: bold; }
.passClass  { background-color: #6c6; }
.failClass  { background-color: #c60; }
.errorClass { background-color: #c00; }
.passCase   { color: #6c6; }
.failCase   { color: #c60; font-weight: bold; }
.errorCase  { color: #c00; font-weight: bold; }
.hiddenRow  { display: none; }
.testcase   { margin-left: 2em; }
td.testname {width: 40%}
td.small {width: 40px}

/* -- ending --------------------------------------------------------------- */
#ending {
}

</style>

</head>
<body>
<script language="javascript" type="text/javascript"><!--
output_list = Array();

/* level - 0:Summary; 1:Failed; 2:All */
function showCase(level) {
    trs = document.getElementsByTagName("tr");
    for (var i = 0; i < trs.length; i++) {
        tr = trs[i];
        id = tr.id;
        if (id.substr(0,2) == 'ft') {
            if (level < 1) {
                tr.className = 'hiddenRow';
            }
            else {
                tr.className = '';
            }
        }
        if (id.substr(0,2) == 'pt') {
            if (level > 1) {
                tr.className = '';
            }
            else {
                tr.className = 'hiddenRow';
            }
        }
    }
}


function showClassDetail(cid, count) {
    var id_list = Array(count);
    var toHide = 1;
    for (var i = 0; i < count; i++) {
        tid0 = 't' + cid.substr(1) + '.' + (i+1);
        tid = 'f' + tid0;
        tr = document.getElementById(tid);
        if (!tr) {
            tid = 'p' + tid0;
            tr = document.getElementById(tid);
        }
        id_list[i] = tid;
        if (tr.className) {
            toHide = 0;
        }
    }
    for (var i = 0; i < count; i++) {
        tid = id_list[i];
        if (toHide) {
            document.getElementById('div_'+tid).style.display = 'none'
            document.getElementById(tid).className = 'hiddenRow';
        }
        else {
            document.getElementById(tid).className = '';
        }
    }
}


function showTestDetail(div_id){
    var details_div = document.getElementById(div_id)
    var displayState = details_div.style.display
    // alert(displayState)
    if (displayState != 'block' ) {
        displayState = 'block'
        details_div.style.display = 'block'
    }
    else {
        details_div.style.display = 'none'
    }
}


function html_escape(s) {
    s = s.replace(/&/g,'&amp;');
    s = s.replace(/</g,'&lt;');
    s = s.replace(/>/g,'&gt;');
    return s;
}

/* obsoleted by detail in <div>
function showOutput(id, name) {
    var w = window.open("", //url
                    name,
                    "resizable,scrollbars,status,width=800,height=450");
    d = w.document;
    d.write("<pre>");
    d.write(html_escape(output_list[id]));
    d.write("\n");
    d.write("<a href='javascript:window.close()'>close</a>\n");
    d.write("</pre>\n");
    d.close();
}
*/
--></script>

<div class='heading'>
<h1>Unit Test Report</h1>

<p class='attribute'><strong>Status:</strong> Pass 1 Failure 7 Skip 1</p>

<p class='description'></p>
</div>



<p id='show_detail_line'>Show
<a href='javascript:showCase(0)'>Summary</a>
<a href='javascript:showCase(1)'>Failed</a>
<a href='javascript:showCase(2)'>All</a>
</p>
<table id='result_table'>
<colgroup>
<col align='left' />
<col align='right' />
<col align='right' />
<col align='right' />
<col align='right' />
<col align='right' />
<col align='right' />
<col align='right' />
</colgroup>
<tr id='header_row'>
    <td>Test Group/Test case</td>
    <td>Count</td>
    <td>Pass</td>
    <td>Fail</td>
    <td>Error</td>
    <td>Skip</td>
    <td>View</td>
    <td> </td>
</tr>

<tr class='failClass'>
    <td class="testname">tempest.scenario.test_network_basic_ops.TestNetworkBasicOps</td>
    <td class="small">9</td>
    <td class="small">1</td>
    <td class="small">7</td>
    <td class="small">0</td>
    <td class="small">1</td>
    <td class="small"><a href="javascript:showClassDetail('c1',9)"
>Detail</a></td>
    <td> </td>
</tr>

<tr id='ft1.1' class='none'>
    <td class='failCase'><div class='testcase'>test_connectivity_between_vms_on_different_networks[compute,id-1546850e-fbaa-42f5-8b5f-03d8a6a95f15,network]</div></td>
    <td colspan='7' align='left'>

    <!--css div popup start-->
    <a class="popup_link" onfocus='this.blur();'
    href="javascript:showTestDetail('div_ft1.1')" >
        fail</a>

    <div id='div_ft1.1' class="popup_window">
        <div style='text-align: right; color:red;cursor:pointer'>
        <a onfocus='this.blur();'
onclick="document.getElementById('div_ft1.1').style.display = 'none' " >
           [x]</a>
        </div>
        <pre>
        
ft1.1: tempest.scenario.test_network_basic_ops.TestNetworkBasicOps.test_connectivity_between_vms_on_different_networks[compute,id-1546850e-fbaa-42f5-8b5f-03d8a6a95f15,network]_StringException: Empty attachments:
  stderr
  stdout

pythonlogging:'': {{{
2015-12-09 06:34:25,440 24662 INFO     [tempest_lib.common.rest_client] Request (TestNetworkBasicOps:test_connectivity_between_vms_on_different_networks): 201 POST http://10.0.2.15:9696/v2.0/security-groups 0.251s
2015-12-09 06:34:25,440 24662 DEBUG    [tempest_lib.common.rest_client] Request - Headers: {'Content-Type': 'application/json', 'Accept': 'application/json', 'X-Auth-Token': '&lt;omitted&gt;'}
        Body: {"security_group": {"tenant_id": "a1226154ec0e401faf05d68d218cd67e", "description": "tempest-secgroup-smoke-1009833229 description", "name": "tempest-secgroup-smoke-1009833229"}}
    Response - Headers: {'status': '201', 'content-length': '888', 'connection': 'close', 'date': 'Wed, 09 Dec 2015 06:34:25 GMT', 'content-type': 'application/json; charset=UTF-8', 'x-openstack-request-id': 'req-8e90b29b-591b-440e-b3f9-f5cec4a80b47'}
        Body: {"security_group": {"tenant_id": "a1226154ec0e401faf05d68d218cd67e", "description": "tempest-secgroup-smoke-1009833229 description", "id": "517744fc-ddac-45f7-8f0a-f44ba18ac0a7", "security_group_rules": [{"remote_group_id": null, "direction": "egress", "remote_ip_prefix": null, "protocol": null, "ethertype": "IPv4", "tenant_id": "a1226154ec0e401faf05d68d218cd67e", "port_range_max": null, "port_range_min": null, "id": "d65c1bbb-a4b9-4156-b323-46e33abdd28e", "security_group_id": "517744fc-ddac-45f7-8f0a-f44ba18ac0a7"}, {"remote_group_id": null, "direction": "egress", "remote_ip_prefix": null, "protocol": null, "ethertype": "IPv6", "tenant_id": "a1226154ec0e401faf05d68d218cd67e", "port_range_max": null, "port_range_min": null, "id": "71905b91-398a-4cc9-9cf7-e42724a78a70", "security_group_id": "517744fc-ddac-45f7-8f0a-f44ba18ac0a7"}], "name": "tempest-secgroup-smoke-1009833229"}}
2015-12-09 06:34:25,542 24662 INFO     [tempest_lib.common.rest_client] Request (TestNetworkBasicOps:test_connectivity_between_vms_on_different_networks): 201 POST http://10.0.2.15:9696/v2.0/security-group-rules 0.101s
2015-12-09 06:34:25,542 24662 DEBUG    [tempest_lib.common.rest_client] Request - Headers: {'Content-Type': 'application/json', 'Accept': 'application/json', 'X-Auth-Token': '&lt;omitted&gt;'}
        Body: {"security_group_rule": {"direction": "ingress", "protocol": "tcp", "tenant_id": "a1226154ec0e401faf05d68d218cd67e", "port_range_max": 22, "security_group_id": "517744fc-ddac-45f7-8f0a-f44ba18ac0a7", "port_range_min": 22}}
    Response - Headers: {'status': '201', 'content-length': '340', 'connection': 'close', 'date': 'Wed, 09 Dec 2015 06:34:25 GMT', 'content-type': 'application/json; charset=UTF-8', 'x-openstack-request-id': 'req-b9323eac-4baa-46a0-82a8-1ea3723f6908'}
        Body: {"security_group_rule": {"remote_group_id": null, "direction": "ingress", "remote_ip_prefix": null, "protocol": "tcp", "ethertype": "IPv4", "tenant_id": "a1226154ec0e401faf05d68d218cd67e", "port_range_max": 22, "port_range_min": 22, "id": "957ac422-a4f3-433d-b38c-5671bb22048b", "security_group_id": "517744fc-ddac-45f7-8f0a-f44ba18ac0a7"}}
2015-12-09 06:34:25,640 24662 INFO     [tempest_lib.common.rest_client] Request (TestNetworkBasicOps:test_connectivity_between_vms_on_different_networks): 201 POST http://10.0.2.15:9696/v2.0/security-group-rules 0.096s
2015-12-09 06:34:25,640 24662 DEBUG    [tempest_lib.common.rest_client] Request - Headers: {'Content-Type': 'application/json', 'Accept': 'application/json', 'X-Auth-Token': '&lt;omitted&gt;'}
        Body: {"security_group_rule": {"direction": "egress", "protocol": "tcp", "tenant_id": "a1226154ec0e401faf05d68d218cd67e", "port_range_max": 22, "security_group_id": "517744fc-ddac-45f7-8f0a-f44ba18ac0a7", "port_range_min": 22}}
    Response - Headers: {'status': '201', 'content-length': '339', 'connection': 'close', 'date': 'Wed, 09 Dec 2015 06:34:25 GMT', 'content-type': 'application/json; charset=UTF-8', 'x-openstack-request-id': 'req-9d28ca1e-638c-4167-9823-3e1643735478'}
        Body: {"security_group_rule": {"remote_group_id": null, "direction": "egress", "remote_ip_prefix": null, "protocol": "tcp", "ethertype": "IPv4", "tenant_id": "a1226154ec0e401faf05d68d218cd67e", "port_range_max": 22, "port_range_min": 22, "id": "2409dd4d-e0d3-4318-851f-732fdfe7848a", "security_group_id": "517744fc-ddac-45f7-8f0a-f44ba18ac0a7"}}
2015-12-09 06:34:25,753 24662 INFO     [tempest_lib.common.rest_client] Request (TestNetworkBasicOps:test_connectivity_between_vms_on_different_networks): 201 POST http://10.0.2.15:9696/v2.0/security-group-rules 0.112s
2015-12-09 06:34:25,754 24662 DEBUG    [tempest_lib.common.rest_client] Request - Headers: {'Content-Type': 'application/json', 'Accept': 'application/json', 'X-Auth-Token': '&lt;omitted&gt;'}
        Body: {"security_group_rule": {"tenant_id": "a1226154ec0e401faf05d68d218cd67e", "direction": "ingress", "protocol": "icmp", "security_group_id": "517744fc-ddac-45f7-8f0a-f44ba18ac0a7"}}
    Response - Headers: {'status': '201', 'content-length': '345', 'connection': 'close', 'date': 'Wed, 09 Dec 2015 06:34:25 GMT', 'content-type': 'application/json; charset=UTF-8', 'x-openstack-request-id': 'req-c37d43ef-ddf1-47d7-b063-c590d83aa84a'}
        Body: {"security_group_rule": {"remote_group_id": null, "direction": "ingress", "remote_ip_prefix": null, "protocol": "icmp", "ethertype": "IPv4", "tenant_id": "a1226154ec0e401faf05d68d218cd67e", "port_range_max": null, "port_range_min": null, "id": "e7cd8978-cf8a-4bee-9f58-69b64a5a734b", "security_group_id": "517744fc-ddac-45f7-8f0a-f44ba18ac0a7"}}
2015-12-09 06:34:25,871 24662 INFO     [tempest_lib.common.rest_client] Request (TestNetworkBasicOps:test_connectivity_between_vms_on_different_networks): 201 POST http://10.0.2.15:9696/v2.0/security-group-rules 0.116s
2015-12-09 06:34:25,872 24662 DEBUG    [tempest_lib.common.rest_client] Request - Headers: {'Content-Type': 'application/json', 'Accept': 'application/json', 'X-Auth-Token': '&lt;omitted&gt;'}
        Body: {"security_group_rule": {"tenant_id": "a1226154ec0e401faf05d68d218cd67e", "direction": "egress", "protocol": "icmp", "security_group_id": "517744fc-ddac-45f7-8f0a-f44ba18ac0a7"}}
    Response - Headers: {'status': '201', 'content-length': '344', 'connection': 'close', 'date': 'Wed, 09 Dec 2015 06:34:25 GMT', 'content-type': 'application/json; charset=UTF-8', 'x-openstack-request-id': 'req-8f2d7860-4a63-461f-a900-6735a73fe5e0'}
        Body: {"security_group_rule": {"remote_group_id": null, "direction": "egress", "remote_ip_prefix": null, "protocol": "icmp", "ethertype": "IPv4", "tenant_id": "a1226154ec0e401faf05d68d218cd67e", "port_range_max": null, "port_range_min": null, "id": "6d996d5b-6a61-43e1-9a9a-65a0212823c4", "security_group_id": "517744fc-ddac-45f7-8f0a-f44ba18ac0a7"}}
2015-12-09 06:34:26,004 24662 INFO     [tempest_lib.common.rest_client] Request (TestNetworkBasicOps:test_connectivity_between_vms_on_different_networks): 201 POST http://10.0.2.15:9696/v2.0/security-group-rules 0.131s
2015-12-09 06:34:26,005 24662 DEBUG    [tempest_lib.common.rest_client] Request - Headers: {'Content-Type': 'application/json', 'Accept': 'application/json', 'X-Auth-Token': '&lt;omitted&gt;'}
        Body: {"security_group_rule": {"tenant_id": "a1226154ec0e401faf05d68d218cd67e", "direction": "ingress", "security_group_id": "517744fc-ddac-45f7-8f0a-f44ba18ac0a7", "protocol": "icmp", "ethertype": "IPv6"}}
    Response - Headers: {'status': '201', 'content-length': '345', 'connection': 'close', 'date': 'Wed, 09 Dec 2015 06:34:26 GMT', 'content-type': 'application/json; charset=UTF-8', 'x-openstack-request-id': 'req-07749bed-a678-4a41-84b6-77b2712a68c9'}
        Body: {"security_group_rule": {"remote_group_id": null, "direction": "ingress", "remote_ip_prefix": null, "protocol": "icmp", "ethertype": "IPv6", "tenant_id": "a1226154ec0e401faf05d68d218cd67e", "port_range_max": null, "port_range_min": null, "id": "9b6b41ae-dcd7-4f28-be88-45280e3cdc4e", "security_group_id": "517744fc-ddac-45f7-8f0a-f44ba18ac0a7"}}
2015-12-09 06:34:26,140 24662 INFO     [tempest_lib.common.rest_client] Request (TestNetworkBasicOps:test_connectivity_between_vms_on_different_networks): 201 POST http://10.0.2.15:9696/v2.0/security-group-rules 0.133s
2015-12-09 06:34:26,140 24662 DEBUG    [tempest_lib.common.rest_client] Request - Headers: {'Content-Type': 'application/json', 'Accept': 'application/json', 'X-Auth-Token': '&lt;omitted&gt;'}
        Body: {"security_group_rule": {"tenant_id": "a1226154ec0e401faf05d68d218cd67e", "direction": "egress", "security_group_id": "517744fc-ddac-45f7-8f0a-f44ba18ac0a7", "protocol": "icmp", "ethertype": "IPv6"}}
    Response - Headers: {'status': '201', 'content-length': '344', 'connection': 'close', 'date': 'Wed, 09 Dec 2015 06:34:26 GMT', 'content-type': 'application/json; charset=UTF-8', 'x-openstack-request-id': 'req-2bfbbdfe-2406-40c0-b339-3389c2f70db8'}
        Body: {"security_group_rule": {"remote_group_id": null, "direction": "egress", "remote_ip_prefix": null, "protocol": "icmp", "ethertype": "IPv6", "tenant_id": "a1226154ec0e401faf05d68d218cd67e", "port_range_max": null, "port_range_min": null, "id": "a07b94cc-a7f0-4d3b-b891-510263d9a60f", "security_group_id": "517744fc-ddac-45f7-8f0a-f44ba18ac0a7"}}
2015-12-09 06:34:26,338 24662 INFO     [tempest_lib.common.rest_client] Request (TestNetworkBasicOps:test_connectivity_between_vms_on_different_networks): 201 POST http://10.0.2.15:9696/v2.0/networks 0.196s
2015-12-09 06:34:26,339 24662 DEBUG    [tempest_lib.common.rest_client] Request - Headers: {'Content-Type': 'application/json', 'Accept': 'application/json', 'X-Auth-Token': '&lt;omitted&gt;'}
        Body: {"network": {"tenant_id": "a1226154ec0e401faf05d68d218cd67e", "name": "tempest-network-smoke--626718250"}}
    Response - Headers: {'status': '201', 'content-length': '328', 'connection': 'close', 'date': 'Wed, 09 Dec 2015 06:34:26 GMT', 'content-type': 'application/json; charset=UTF-8', 'x-openstack-request-id': 'req-2f8fa340-1f25-49c3-b063-e269cf6ed52d'}
        Body: {"network": {"status": "ACTIVE", "subnets": [], "availability_zone_hints": "[]", "name": "tempest-network-smoke--626718250", "admin_state_up": true, "tenant_id": "a1226154ec0e401faf05d68d218cd67e", "mtu": 0, "router:external": false, "shared": false, "port_security_enabled": true, "id": "32018363-e6c3-4043-96fc-549b5ec32977"}}
2015-12-09 06:34:26,433 24662 INFO     [tempest_lib.common.rest_client] Request (TestNetworkBasicOps:test_connectivity_between_vms_on_different_networks): 201 POST http://10.0.2.15:9696/v2.0/routers 0.092s
2015-12-09 06:34:26,434 24662 DEBUG    [tempest_lib.common.rest_client] Request - Headers: {'Content-Type': 'application/json', 'Accept': 'application/json', 'X-Auth-Token': '&lt;omitted&gt;'}
        Body: {"router": {"tenant_id": "a1226154ec0e401faf05d68d218cd67e", "name": "tempest-router-smoke-253412145", "admin_state_up": true}}
    Response - Headers: {'status': '201', 'content-length': '295', 'connection': 'close', 'date': 'Wed, 09 Dec 2015 06:34:26 GMT', 'content-type': 'application/json; charset=UTF-8', 'x-openstack-request-id': 'req-e59a253d-0c52-4f83-b25e-05090e6880f2'}
        Body: {"router": {"status": "ACTIVE", "external_gateway_info": null, "availability_zone_hints": [], "availability_zones": [], "name": "tempest-router-smoke-253412145", "admin_state_up": true, "tenant_id": "a1226154ec0e401faf05d68d218cd67e", "routes": [], "id": "6e76f5d0-ebff-41c6-bc00-a0ebaf2cfd23"}}
2015-12-09 06:34:26,493 24662 INFO     [tempest_lib.common.rest_client] Request (TestNetworkBasicOps:test_connectivity_between_vms_on_different_networks): 200 GET http://10.0.2.15:9696/v2.0/routers/6e76f5d0-ebff-41c6-bc00-a0ebaf2cfd23 0.058s
2015-12-09 06:34:26,494 24662 DEBUG    [tempest_lib.common.rest_client] Request - Headers: {'Content-Type': 'application/json', 'Accept': 'application/json', 'X-Auth-Token': '&lt;omitted&gt;'}
        Body: None
    Response - Headers: {'status': '200', 'content-length': '295', 'content-location': 'http://10.0.2.15:9696/v2.0/routers/6e76f5d0-ebff-41c6-bc00-a0ebaf2cfd23', 'connection': 'close', 'date': 'Wed, 09 Dec 2015 06:34:26 GMT', 'content-type': 'application/json; charset=UTF-8', 'x-openstack-request-id': 'req-d36a2c1b-da91-4d58-9445-a1679d6301ba'}
        Body: {"router": {"status": "ACTIVE", "external_gateway_info": null, "availability_zone_hints": [], "availability_zones": [], "name": "tempest-router-smoke-253412145", "admin_state_up": true, "tenant_id": "a1226154ec0e401faf05d68d218cd67e", "routes": [], "id": "6e76f5d0-ebff-41c6-bc00-a0ebaf2cfd23"}}
2015-12-09 06:34:27,374 24662 INFO     [tempest_lib.common.rest_client] Request (TestNetworkBasicOps:test_connectivity_between_vms_on_different_networks): 200 PUT http://10.0.2.15:9696/v2.0/routers/6e76f5d0-ebff-41c6-bc00-a0ebaf2cfd23 0.878s
2015-12-09 06:34:27,374 24662 DEBUG    [tempest_lib.common.rest_client] Request - Headers: {'Content-Type': 'application/json', 'Accept': 'application/json', 'X-Auth-Token': '&lt;omitted&gt;'}
        Body: {"router": {"external_gateway_info": {"network_id": "946717ad-f3af-4a8d-82b0-b6ea064eff51"}, "name": "tempest-router-smoke-253412145", "admin_state_up": true}}
    Response - Headers: {'status': '200', 'content-length': '557', 'connection': 'close', 'date': 'Wed, 09 Dec 2015 06:34:27 GMT', 'content-type': 'application/json; charset=UTF-8', 'x-openstack-request-id': 'req-f11d02e7-26a2-4f03-9851-903fed7da263'}
        Body: {"router": {"status": "ACTIVE", "external_gateway_info": {"network_id": "946717ad-f3af-4a8d-82b0-b6ea064eff51", "enable_snat": true, "external_fixed_ips": [{"subnet_id": "b1655522-7acd-4ff9-9b27-4151e546bd1d", "ip_address": "172.24.4.3"}, {"subnet_id": "689a75ec-aafc-4951-8e4e-daffa9a84680", "ip_address": "2001:db8::4"}]}, "availability_zone_hints": [], "availability_zones": [], "name": "tempest-router-smoke-253412145", "admin_state_up": true, "tenant_id": "a1226154ec0e401faf05d68d218cd67e", "routes": [], "id": "6e76f5d0-ebff-41c6-bc00-a0ebaf2cfd23"}}
2015-12-09 06:34:27,522 24662 INFO     [tempest_lib.common.rest_client] Request (TestNetworkBasicOps:test_connectivity_between_vms_on_different_networks): 200 GET http://10.0.2.15:9696/v2.0/subnets?tenant_id=a1226154ec0e401faf05d68d218cd67e&amp;cidr=10.100.0.0%2F28 0.147s
2015-12-09 06:34:27,523 24662 DEBUG    [tempest_lib.common.rest_client] Request - Headers: {'Content-Type': 'application/json', 'Accept': 'application/json', 'X-Auth-Token': '&lt;omitted&gt;'}
        Body: None
    Response - Headers: {'status': '200', 'content-length': '15', 'content-location': 'http://10.0.2.15:9696/v2.0/subnets?tenant_id=a1226154ec0e401faf05d68d218cd67e&amp;cidr=10.100.0.0%2F28', 'connection': 'close', 'date': 'Wed, 09 Dec 2015 06:34:27 GMT', 'content-type': 'application/json; charset=UTF-8', 'x-openstack-request-id': 'req-c4a1088e-f434-43cb-bf8b-f8346e82b1fe'}
        Body: {"subnets": []}
2015-12-09 06:34:27,866 24662 INFO     [tempest_lib.common.rest_client] Request (TestNetworkBasicOps:test_connectivity_between_vms_on_different_networks): 201 POST http://10.0.2.15:9696/v2.0/subnets 0.342s
2015-12-09 06:34:27,866 24662 DEBUG    [tempest_lib.common.rest_client] Request - Headers: {'Content-Type': 'application/json', 'Accept': 'application/json', 'X-Auth-Token': '&lt;omitted&gt;'}
        Body: {"subnet": {"ip_version": 4, "tenant_id": "a1226154ec0e401faf05d68d218cd67e", "cidr": "10.100.0.0/28", "network_id": "32018363-e6c3-4043-96fc-549b5ec32977", "name": "tempest-subnet-smoke-577205043"}}
    Response - Headers: {'status': '201', 'content-length': '477', 'connection': 'close', 'date': 'Wed, 09 Dec 2015 06:34:27 GMT', 'content-type': 'application/json; charset=UTF-8', 'x-openstack-request-id': 'req-1bf85f6f-6366-4b9a-a23d-330a00ef658f'}
        Body: {"subnet": {"name": "tempest-subnet-smoke-577205043", "enable_dhcp": true, "network_id": "32018363-e6c3-4043-96fc-549b5ec32977", "tenant_id": "a1226154ec0e401faf05d68d218cd67e", "dns_nameservers": [], "gateway_ip": "10.100.0.1", "ipv6_ra_mode": null, "allocation_pools": [{"start": "10.100.0.2", "end": "10.100.0.14"}], "host_routes": [], "ip_version": 4, "ipv6_address_mode": null, "cidr": "10.100.0.0/28", "id": "1f07e699-42bf-442f-8a97-bb3fa528a154", "subnetpool_id": null}}
2015-12-09 06:34:28,480 24662 INFO     [tempest_lib.common.rest_client] Request (TestNetworkBasicOps:test_connectivity_between_vms_on_different_networks): 200 PUT http://10.0.2.15:9696/v2.0/routers/6e76f5d0-ebff-41c6-bc00-a0ebaf2cfd23/add_router_interface 0.613s
2015-12-09 06:34:28,480 24662 DEBUG    [tempest_lib.common.rest_client] Request - Headers: {'Content-Type': 'application/json', 'Accept': 'application/json', 'X-Auth-Token': '&lt;omitted&gt;'}
        Body: {"subnet_id": "1f07e699-42bf-442f-8a97-bb3fa528a154"}
    Response - Headers: {'status': '200', 'content-length': '255', 'connection': 'close', 'date': 'Wed, 09 Dec 2015 06:34:28 GMT', 'content-type': 'application/json; charset=UTF-8', 'x-openstack-request-id': 'req-4aaeaf2e-e8b7-4e6a-8e53-12392c084935'}
        Body: {"subnet_id": "1f07e699-42bf-442f-8a97-bb3fa528a154", "tenant_id": "a1226154ec0e401faf05d68d218cd67e", "subnet_ids": ["1f07e699-42bf-442f-8a97-bb3fa528a154"], "port_id": "7dcff7a7-eafe-49a4-89f1-ef09850f432f", "id": "6e76f5d0-ebff-41c6-bc00-a0ebaf2cfd23"}
2015-12-09 06:34:28,547 24662 INFO     [tempest_lib.common.rest_client] Request (TestNetworkBasicOps:test_connectivity_between_vms_on_different_networks): 200 GET http://10.0.2.15:9696/v2.0/networks 0.066s
2015-12-09 06:34:28,548 24662 DEBUG    [tempest_lib.common.rest_client] Request - Headers: {'Content-Type': 'application/json', 'Accept': 'application/json', 'X-Auth-Token': '&lt;omitted&gt;'}
        Body: None
    Response - Headers: {'status': '200', 'content-length': '1506', 'content-location': 'http://10.0.2.15:9696/v2.0/networks', 'connection': 'close', 'date': 'Wed, 09 Dec 2015 06:34:28 GMT', 'content-type': 'application/json; charset=UTF-8', 'x-openstack-request-id': 'req-f1ad702c-36a3-416a-a57b-62c081db0d51'}
        Body: {"networks": [{"status": "ACTIVE", "subnets": ["1f07e699-42bf-442f-8a97-bb3fa528a154"], "availability_zone_hints": [], "availability_zones": ["nova"], "name": "tempest-network-smoke--626718250", "provider:physical_network": null, "admin_state_up": true, "tenant_id": "a1226154ec0e401faf05d68d218cd67e", "mtu": 0, "router:external": false, "shared": false, "port_security_enabled": true, "provider:network_type": "vxlan", "id": "32018363-e6c3-4043-96fc-549b5ec32977", "provider:segmentation_id": 1064}, {"status": "ACTIVE", "subnets": ["b1655522-7acd-4ff9-9b27-4151e546bd1d", "689a75ec-aafc-4951-8e4e-daffa9a84680"], "availability_zone_hints": [], "availability_zones": ["nova"], "name": "public", "provider:physical_network": null, "admin_state_up": true, "tenant_id": "b646871849d5438ab21f39636c462e46", "mtu": 0, "router:external": true, "shared": false, "port_security_enabled": true, "provider:network_type": "vxlan", "id": "946717ad-f3af-4a8d-82b0-b6ea064eff51", "provider:segmentation_id": 1048}, {"status": "ACTIVE", "subnets": ["8d43a164-6137-43c6-8de1-0900c2716cf8", "a2ed386d-2423-4962-bf4b-0606cce3c85f"], "availability_zone_hints": [], "availability_zones": ["nova"], "name": "private", "provider:physical_network": null, "admin_state_up": true, "tenant_id": "41c5471b28284fe3873f9f937d7c2704", "mtu": 0, "router:external": false, "shared": false, "port_security_enabled": true, "provider:network_type": "vxlan", "id": "93f00008-f0c6-4ae4-9adf-c5c916d3d088", "provider:segmentation_id": 1005}]}
2015-12-09 06:34:28,814 24662 INFO     [tempest_lib.common.rest_client] Request (TestNetworkBasicOps:test_connectivity_between_vms_on_different_networks): 200 GET http://10.0.2.15:9696/v2.0/subnets 0.265s
2015-12-09 06:34:28,815 24662 DEBUG    [tempest_lib.common.rest_client] Request - Headers: {'Content-Type': 'application/json', 'Accept': 'application/json', 'X-Auth-Token': '&lt;omitted&gt;'}
        Body: None
    Response - Headers: {'status': '200', 'content-length': '2407', 'content-location': 'http://10.0.2.15:9696/v2.0/subnets', 'connection': 'close', 'date': 'Wed, 09 Dec 2015 06:34:28 GMT', 'content-type': 'application/json; charset=UTF-8', 'x-openstack-request-id': 'req-7e92bfb7-a8b5-483a-b645-e8644bc6d86c'}
        Body: {"subnets": [{"name": "private-subnet", "enable_dhcp": true, "network_id": "93f00008-f0c6-4ae4-9adf-c5c916d3d088", "tenant_id": "41c5471b28284fe3873f9f937d7c2704", "dns_nameservers": [], "gateway_ip": "10.0.0.1", "ipv6_ra_mode": null, "allocation_pools": [{"start": "10.0.0.2", "end": "10.0.0.254"}], "host_routes": [], "ip_version": 4, "ipv6_address_mode": null, "cidr": "10.0.0.0/24", "id": "a2ed386d-2423-4962-bf4b-0606cce3c85f", "subnetpool_id": null}, {"name": "tempest-subnet-smoke-577205043", "enable_dhcp": true, "network_id": "32018363-e6c3-4043-96fc-549b5ec32977", "tenant_id": "a1226154ec0e401faf05d68d218cd67e", "dns_nameservers": [], "gateway_ip": "10.100.0.1", "ipv6_ra_mode": null, "allocation_pools": [{"start": "10.100.0.2", "end": "10.100.0.14"}], "host_routes": [], "ip_version": 4, "ipv6_address_mode": null, "cidr": "10.100.0.0/28", "id": "1f07e699-42bf-442f-8a97-bb3fa528a154", "subnetpool_id": null}, {"name": "public-subnet", "enable_dhcp": false, "network_id": "946717ad-f3af-4a8d-82b0-b6ea064eff51", "tenant_id": "b646871849d5438ab21f39636c462e46", "dns_nameservers": [], "gateway_ip": "172.24.4.1", "ipv6_ra_mode": null, "allocation_pools": [{"start": "172.24.4.2", "end": "172.24.4.254"}], "host_routes": [], "ip_version": 4, "ipv6_address_mode": null, "cidr": "172.24.4.0/24", "id": "b1655522-7acd-4ff9-9b27-4151e546bd1d", "subnetpool_id": null}, {"name": "ipv6-public-subnet", "enable_dhcp": false, "network_id": "946717ad-f3af-4a8d-82b0-b6ea064eff51", "tenant_id": "b646871849d5438ab21f39636c462e46", "dns_nameservers": [], "gateway_ip": "2001:db8::2", "ipv6_ra_mode": null, "allocation_pools": [{"start": "2001:db8::3", "end": "2001:db8::ffff:ffff:ffff:ffff"}, {"start": "2001:db8::1", "end": "2001:db8::1"}], "host_routes": [], "ip_version": 6, "ipv6_address_mode": null, "cidr": "2001:db8::/64", "id": "689a75ec-aafc-4951-8e4e-daffa9a84680", "subnetpool_id": null}, {"name": "ipv6-private-subnet", "enable_dhcp": true, "network_id": "93f00008-f0c6-4ae4-9adf-c5c916d3d088", "tenant_id": "41c5471b28284fe3873f9f937d7c2704", "dns_nameservers": [], "gateway_ip": "fda1:2981:8440::1", "ipv6_ra_mode": "slaac", "allocation_pools": [{"start": "fda1:2981:8440::2", "end": "fda1:2981:8440:0:ffff:ffff:ffff:ffff"}], "host_routes": [], "ip_version": 6, "ipv6_address_mode": "slaac", "cidr": "fda1:2981:8440::/64", "id": "8d43a164-6137-43c6-8de1-0900c2716cf8", "subnetpool_id": null}]}
2015-12-09 06:34:28,876 24662 INFO     [tempest_lib.common.rest_client] Request (TestNetworkBasicOps:test_connectivity_between_vms_on_different_networks): 200 GET http://10.0.2.15:9696/v2.0/routers 0.059s
2015-12-09 06:34:28,876 24662 DEBUG    [tempest_lib.common.rest_client] Request - Headers: {'Content-Type': 'application/json', 'Accept': 'application/json', 'X-Auth-Token': '&lt;omitted&gt;'}
        Body: None
    Response - Headers: {'status': '200', 'content-length': '1166', 'content-location': 'http://10.0.2.15:9696/v2.0/routers', 'connection': 'close', 'date': 'Wed, 09 Dec 2015 06:34:28 GMT', 'content-type': 'application/json; charset=UTF-8', 'x-openstack-request-id': 'req-22307f72-80ec-45d6-9919-78a25cb0edcd'}
        Body: {"routers": [{"status": "ACTIVE", "external_gateway_info": {"network_id": "946717ad-f3af-4a8d-82b0-b6ea064eff51", "enable_snat": true, "external_fixed_ips": [{"subnet_id": "b1655522-7acd-4ff9-9b27-4151e546bd1d", "ip_address": "172.24.4.2"}, {"subnet_id": "689a75ec-aafc-4951-8e4e-daffa9a84680", "ip_address": "2001:db8::3"}]}, "availability_zone_hints": [], "availability_zones": ["nova"], "name": "router1", "admin_state_up": true, "tenant_id": "41c5471b28284fe3873f9f937d7c2704", "distributed": false, "routes": [], "ha": false, "id": "5949f9ef-f80a-45a9-9a1c-0cd5bb9cd277"}, {"status": "ACTIVE", "external_gateway_info": {"network_id": "946717ad-f3af-4a8d-82b0-b6ea064eff51", "enable_snat": true, "external_fixed_ips": [{"subnet_id": "b1655522-7acd-4ff9-9b27-4151e546bd1d", "ip_address": "172.24.4.3"}, {"subnet_id": "689a75ec-aafc-4951-8e4e-daffa9a84680", "ip_address": "2001:db8::4"}]}, "availability_zone_hints": [], "availability_zones": ["nova"], "name": "tempest-router-smoke-253412145", "admin_state_up": true, "tenant_id": "a1226154ec0e401faf05d68d218cd67e", "distributed": false, "routes": [], "ha": false, "id": "6e76f5d0-ebff-41c6-bc00-a0ebaf2cfd23"}]}
2015-12-09 06:34:29,203 24662 INFO     [tempest_lib.common.rest_client] Request (TestNetworkBasicOps:test_connectivity_between_vms_on_different_networks): 200 POST http://10.0.2.15:8774/v2.1/a1226154ec0e401faf05d68d218cd67e/os-keypairs 0.324s
2015-12-09 06:34:29,203 24662 DEBUG    [tempest_lib.common.rest_client] Request - Headers: {'Content-Type': 'application/json', 'Accept': 'application/json', 'X-Auth-Token': '&lt;omitted&gt;'}
        Body: {"keypair": {"name": "tempest-TestNetworkBasicOps-629015834"}}
    Response - Headers: {'status': '200', 'content-length': '2320', 'x-compute-request-id': 'req-06dd1c5c-a714-4821-8c4a-345f622150a5', 'vary': 'X-OpenStack-Nova-API-Version', 'connection': 'close', 'x-openstack-nova-api-version': '2.1', 'date': 'Wed, 09 Dec 2015 06:34:29 GMT', 'content-type': 'application/json'}
        Body: {"keypair": {"public_key": "ssh-rsa AAAAB3NzaC1yc2EAAAADAQABAAABAQCv24G5bJhLOBAmzfZAcLS0s/Qkpt/Q4wEaUHKpFHQb18AkG64cMHPnYJi+ojYwXex7GJKOxZbnv0YsaVT/97Qh17ZEmexg2FgXOY2Jykm52owWk6VMyhWYOvsYbYyBOIWATgLVb/EJ+NjQ8FmFrnHftG1u8raObxWQeavgSyZW2aLITE77FjNPajJQ2wM0OYYFI6C/P885JNTEohBEQ8LnoUWjh/WpCZnpqHF/SHcgdWcmPTuHc4x2+oGqcXSHpceWew14r9+apmalLvNCpQBrDvRX506XkRzEmdjW7aIVfH/nV7YuCyjOBaCAXJC/cdAdRfybmkwoV0Z3wbARfdDn Generated-by-Nova", "private_key": "-----BEGIN RSA PRIVATE KEY-----\nMIIEqQIBAAKCAQEAr9uBuWyYSzgQJs32QHC0tLP0JKbf0OMBGlByqRR0G9fAJBuu\nHDBz52CYvqI2MF3sexiSjsWW579GLGlU//e0Ide2RJnsYNhYFzmNicpJudqMFpOl\nTMoVmDr7GG2MgTiFgE4C1W/xCfjY0PBZha5x37RtbvK2jm8VkHmr4EsmVtmiyExO\n+xYzT2oyUNsDNDmGBSOgvz/POSTUxKIQREPC56FFo4f1qQmZ6ahxf0h3IHVnJj07\nh3OMdvqBqnF0h6XHlnsNeK/fmqZmpS7zQqUAaw70V+dOl5EcxJnY1u2iFXx/51e2\nLgsozgWggFyQv3HQHUX8m5pMKFdGd8GwEX3Q5wIDAQABAoIBADnl8kLjPwzcy2yL\nOP0kXkp0SPhcPKogYveP7wA97LBSCz+YIW3EghR2mDODYoXwFnC8uVvqL/Hi5q6u\niz6vBg5yX98cMlf8Qpx65V+tSzK2gpLYT38FtbBmEs+LGcxdmI6SoJo2/cwDsxav\nWzoJIhK9652wqWwhpJ7pgC4bb+b9ugsIMYRVFUW98eRCh7cEYD3Ga9hT3rj9q0aN\noUkx+bby8tcg0eH2ICih/XxTvwWUTaeXrdZl2Wet3e9PBXJsoUhJGVR3QvrhW/c+\nEfD5i8d/+42XZZNbR3MJp0qA9uv0iJ39DFz3xc2u/BXqG36r1JM5wOM8/4b8Y57L\n35HYGJECggCBAL+kd1iLSh2jkadooJzSiKdfWVvSTprubporjTjTH/r/d7MSNFPO\nNvaVn7RCeQ/mRuG7NQEsoV/914S2yLDOm6fP5bgEFnr3F9sU09YMSG06PIE1o5yn\nZFLVb63UCy1A2adth+36dOM4adX6GiCIGhVJ4jsKY26MF+SeTKOK3zx5AoIAgQDq\n6gBnZGl7zYbM91amSgIgYw5vak5EyP4l831qw+1S75HgLyn51SC0c5qQbvhwN3kH\nANRErQur3iXN92Kc3IBnl6qoqpBPvm0EmSWmixF5xsSsqG26nTJL1bDBPM3RqMeS\nPmX1YZuT9K5isAtAc8/m+Qssrg7oqxE76p6I4YFgXwKCAIEAlkVjY+XM1xLUen3b\nOz0G9J8alZqCEpCV34P4967tK8a4WI0UxQY1KQPIN/PLtADwYb6G4IXbgEaugR1G\nnwVTHrIxQirKad9pMFvTg8sb27JHkVW7FnJXg3BjYt2baf+o69VCOgQjNaydqLC1\nXf763OiTYZJSx3NIpPbPx4l0ZJkCggCBAK1EyeV5D8DMOJhn+xaOUgE3bwdI3tAn\nfCXb8e7U8vCQWgWEZC6tQAE5n5DW+RI0KGW8+9Rn2sr7AOFpjefrUB6YpLzhia33\n5AtXNokf3FT5AknjtYPGvLlotYXiZmE1X3aD5cpXI1y/Rfzuom34vik8GjzraX29\n5+lMxYBq7HV7AoIAgAuLm6ngy1vjGvrcOKRnC08Cp6NjOowd2KePJ3+Qz59Ghwu6\nuFvjS+y3brIgGk/8vLOl+OuxoJQGOKMjVL/yUXkQ+rbPHR+mh2RjjiPH0gYQa54Y\n0M9klC/L3RMbZ6HRY3erKnteYC1MuBs1DZfd7CMCGkG4yaqlkA6TQ88zTl64\n-----END RSA PRIVATE KEY-----\n", "user_id": "48686c06fb0b4d54b80b011c6edef2ba", "name": "tempest-TestNetworkBasicOps-629015834", "fingerprint": "4a:fc:c9:05:02:b1:db:7d:96:52:22:46:42:f7:df:c2"}}
2015-12-09 06:34:29,309 24662 INFO     [tempest_lib.common.rest_client] Request (TestNetworkBasicOps:test_connectivity_between_vms_on_different_networks): 200 POST http://10.0.2.15:5000/v2.0/tokens
2015-12-09 06:34:29,310 24662 DEBUG    [tempest_lib.common.rest_client] Request - Headers: {'Content-Type': 'application/json', 'Accept': 'application/json'}
        Body: &lt;omitted&gt;
    Response - Headers: {'status': '200', 'content-length': '2530', 'vary': 'X-Auth-Token', 'server': 'Apache/2.4.7 (Ubuntu)', 'connection': 'close', 'date': 'Wed, 09 Dec 2015 06:34:29 GMT', 'content-type': 'application/json', 'x-openstack-request-id': 'req-1d1ad200-a4ff-464b-8748-0d6e79a48894'}
        Body: {"access": {"token": {"issued_at": "2015-12-09T06:34:29.299290", "expires": "2015-12-09T07:34:29Z", "id": "b120cdea87b147fba8c6210c7deff87d", "tenant": {"description": "tempest-TestNetworkBasicOps-1453929668-desc", "enabled": true, "id": "a1226154ec0e401faf05d68d218cd67e", "name": "tempest-TestNetworkBasicOps-1453929668"}, "audit_ids": ["CQkC5a3QQlagzXtruQ9Izw"]}, "serviceCatalog": [{"endpoints": [{"adminURL": "http://10.0.2.15:8774/v2.1/a1226154ec0e401faf05d68d218cd67e", "region": "RegionOne", "internalURL": "http://10.0.2.15:8774/v2.1/a1226154ec0e401faf05d68d218cd67e", "id": "691dad26c75448219ae54a976efb0fc6", "publicURL": "http://10.0.2.15:8774/v2.1/a1226154ec0e401faf05d68d218cd67e"}], "endpoints_links": [], "type": "compute", "name": "nova"}, {"endpoints": [{"adminURL": "http://10.0.2.15:9696/", "region": "RegionOne", "internalURL": "http://10.0.2.15:9696/", "id": "01544bb03dec41a68741501e4649e3ff", "publicURL": "http://10.0.2.15:9696/"}], "endpoints_links": [], "type": "network", "name": "neutron"}, {"endpoints": [{"adminURL": "http://10.0.2.15:9292", "region": "RegionOne", "internalURL": "http://10.0.2.15:9292", "id": "6a01aca4ba6c4781b79df7a272262697", "publicURL": "http://10.0.2.15:9292"}], "endpoints_links": [], "type": "image", "name": "glance"}, {"endpoints": [{"adminURL": "http://10.0.2.15:8774/v2/a1226154ec0e401faf05d68d218cd67e", "region": "RegionOne", "internalURL": "http://10.0.2.15:8774/v2/a1226154ec0e401faf05d68d218cd67e", "id": "51d07916f2584e3fb188e83d2c38ff1e", "publicURL": "http://10.0.2.15:8774/v2/a1226154ec0e401faf05d68d218cd67e"}], "endpoints_links": [], "type": "compute_legacy", "name": "nova_legacy"}, {"endpoints": [{"adminURL": "http://10.0.2.15:8773/", "region": "RegionOne", "internalURL": "http://10.0.2.15:8773/", "id": "7c1a70fdecda4f08b21386a62dcc1462", "publicURL": "http://10.0.2.15:8773/"}], "endpoints_links": [], "type": "ec2", "name": "ec2"}, {"endpoints": [{"adminURL": "http://10.0.2.15:35357/v2.0", "region": "RegionOne", "internalURL": "http://10.0.2.15:5000/v2.0", "id": "6975f85516da48e793ddf747b479ceaa", "publicURL": "http://10.0.2.15:5000/v2.0"}], "endpoints_links": [], "type": "identity", "name": "keystone"}], "user": {"username": "tempest-TestNetworkBasicOps-1012188104", "roles_links": [], "id": "48686c06fb0b4d54b80b011c6edef2ba", "roles": [{"name": "Member"}, {"name": "_member_"}], "name": "tempest-TestNetworkBasicOps-1012188104"}, "metadata": {"is_admin": 0, "roles": ["3865223bc14d48da9c568688af4ca9e4", "9fe2ff9ee4384b1894a90878d3e92bab"]}}}
2015-12-09 06:34:29,314 24662 DEBUG    [tempest.common.fixed_network] (TestNetworkBasicOps:test_connectivity_between_vms_on_different_networks) No valid network provided or created, defaulting to fixed_network_name
2015-12-09 06:34:29,640 24662 INFO     [tempest_lib.common.rest_client] Request (TestNetworkBasicOps:test_connectivity_between_vms_on_different_networks): 200 GET http://10.0.2.15:8774/v2.1/a1226154ec0e401faf05d68d218cd67e/os-networks 0.325s
2015-12-09 06:34:29,640 24662 DEBUG    [tempest_lib.common.rest_client] Request - Headers: {'Content-Type': 'application/json', 'Accept': 'application/json', 'X-Auth-Token': '&lt;omitted&gt;'}
        Body: None
    Response - Headers: {'status': '200', 'content-length': '478', 'content-location': 'http://10.0.2.15:8774/v2.1/a1226154ec0e401faf05d68d218cd67e/os-networks', 'x-compute-request-id': 'req-cde5e13a-c108-4153-a270-f9312799e157', 'vary': 'X-OpenStack-Nova-API-Version', 'connection': 'close', 'x-openstack-nova-api-version': '2.1', 'date': 'Wed, 09 Dec 2015 06:34:29 GMT', 'content-type': 'application/json'}
        Body: {"networks": [{"cidr_v6": null, "dns2": null, "dns1": null, "gateway": null, "broadcast": null, "netmask": null, "gateway_v6": null, "cidr": null, "label": "tempest-network-smoke--626718250", "id": "32018363-e6c3-4043-96fc-549b5ec32977", "netmask_v6": null}, {"cidr_v6": null, "dns2": null, "dns1": null, "gateway": null, "broadcast": null, "netmask": null, "gateway_v6": null, "cidr": null, "label": "public", "id": "946717ad-f3af-4a8d-82b0-b6ea064eff51", "netmask_v6": null}]}
2015-12-09 06:34:29,641 24662 WARNING  [tempest.common.fixed_network] (TestNetworkBasicOps:test_connectivity_between_vms_on_different_networks) Network with name: private not found
2015-12-09 06:34:29,641 24662 INFO     [tempest.common.fixed_network] (TestNetworkBasicOps:test_connectivity_between_vms_on_different_networks) Found network {} available for tenant
2015-12-09 06:34:31,219 24662 INFO     [tempest_lib.common.rest_client] Request (TestNetworkBasicOps:test_connectivity_between_vms_on_different_networks): 202 POST http://10.0.2.15:8774/v2.1/a1226154ec0e401faf05d68d218cd67e/servers 1.576s
2015-12-09 06:34:31,219 24662 DEBUG    [tempest_lib.common.rest_client] Request - Headers: {'Content-Type': 'application/json', 'Accept': 'application/json', 'X-Auth-Token': '&lt;omitted&gt;'}
        Body: {"server": {"name": "tempest.common.compute-instance-1900684669", "imageRef": "d2fc8b8b-d796-4cfd-8ebd-17a824498c14", "key_name": "tempest-TestNetworkBasicOps-629015834", "flavorRef": "42", "networks": [{"uuid": "32018363-e6c3-4043-96fc-549b5ec32977"}], "security_groups": [{"name": "tempest-secgroup-smoke-1009833229"}]}}
    Response - Headers: {'status': '202', 'content-length': '462', 'x-compute-request-id': 'req-239c98fd-85fd-4193-a5cb-f9d8da43bc20', 'vary': 'X-OpenStack-Nova-API-Version', 'connection': 'close', 'location': 'http://10.0.2.15:8774/v2.1/a1226154ec0e401faf05d68d218cd67e/servers/5ef92b62-129b-490d-b069-457ab3295d9b', 'x-openstack-nova-api-version': '2.1', 'date': 'Wed, 09 Dec 2015 06:34:31 GMT', 'content-type': 'application/json'}
        Body: {"server": {"security_groups": [{"name": "tempest-secgroup-smoke-1009833229"}], "OS-DCF:diskConfig": "MANUAL", "id": "5ef92b62-129b-490d-b069-457ab3295d9b", "links": [{"href": "http://10.0.2.15:8774/v2.1/a1226154ec0e401faf05d68d218cd67e/servers/5ef92b62-129b-490d-b069-457ab3295d9b", "rel": "self"}, {"href": "http://10.0.2.15:8774/a1226154ec0e401faf05d68d218cd67e/servers/5ef92b62-129b-490d-b069-457ab3295d9b", "rel": "bookmark"}], "adminPass": "MZXbcmkj56dn"}}
2015-12-09 06:34:31,476 24662 INFO     [tempest_lib.common.rest_client] Request (TestNetworkBasicOps:test_connectivity_between_vms_on_different_networks): 200 GET http://10.0.2.15:8774/v2.1/a1226154ec0e401faf05d68d218cd67e/servers/5ef92b62-129b-490d-b069-457ab3295d9b 0.253s
2015-12-09 06:34:31,476 24662 DEBUG    [tempest_lib.common.rest_client] Request - Headers: {'Content-Type': 'application/json', 'Accept': 'application/json', 'X-Auth-Token': '&lt;omitted&gt;'}
        Body: None
    Response - Headers: {'status': '200', 'content-length': '1355', 'content-location': 'http://10.0.2.15:8774/v2.1/a1226154ec0e401faf05d68d218cd67e/servers/5ef92b62-129b-490d-b069-457ab3295d9b', 'x-compute-request-id': 'req-ce7e8db0-a229-4b48-8ed3-168aead00d3a', 'vary': 'X-OpenStack-Nova-API-Version', 'connection': 'close', 'x-openstack-nova-api-version': '2.1', 'date': 'Wed, 09 Dec 2015 06:34:31 GMT', 'content-type': 'application/json'}
        Body: {"server": {"status": "BUILD", "updated": "2015-12-09T06:34:31Z", "hostId": "", "addresses": {}, "links": [{"href": "http://10.0.2.15:8774/v2.1/a1226154ec0e401faf05d68d218cd67e/servers/5ef92b62-129b-490d-b069-457ab3295d9b", "rel": "self"}, {"href": "http://10.0.2.15:8774/a1226154ec0e401faf05d68d218cd67e/servers/5ef92b62-129b-490d-b069-457ab3295d9b", "rel": "bookmark"}], "key_name": "tempest-TestNetworkBasicOps-629015834", "image": {"id": "d2fc8b8b-d796-4cfd-8ebd-17a824498c14", "links": [{"href": "http://10.0.2.15:8774/a1226154ec0e401faf05d68d218cd67e/images/d2fc8b8b-d796-4cfd-8ebd-17a824498c14", "rel": "bookmark"}]}, "OS-EXT-STS:task_state": "scheduling", "OS-EXT-STS:vm_state": "building", "OS-SRV-USG:launched_at": null, "flavor": {"id": "42", "links": [{"href": "http://10.0.2.15:8774/a1226154ec0e401faf05d68d218cd67e/flavors/42", "rel": "bookmark"}]}, "id": "5ef92b62-129b-490d-b069-457ab3295d9b", "OS-SRV-USG:terminated_at": null, "OS-EXT-AZ:availability_zone": "", "user_id": "48686c06fb0b4d54b80b011c6edef2ba", "name": "tempest.common.compute-instance-1900684669", "created": "2015-12-09T06:34:31Z", "tenant_id": "a1226154ec0e401faf05d68d218cd67e", "OS-DCF:diskConfig": "MANUAL", "os-extended-volumes:volumes_attached": [], "accessIPv4": "", "accessIPv6": "", "progress": 0, "OS-EXT-STS:power_state": 0, "config_drive": "", "metadata": {}}}
2015-12-09 06:34:32,680 24662 INFO     [tempest_lib.common.rest_client] Request (TestNetworkBasicOps:test_connectivity_between_vms_on_different_networks): 200 GET http://10.0.2.15:8774/v2.1/a1226154ec0e401faf05d68d218cd67e/servers/5ef92b62-129b-490d-b069-457ab3295d9b 0.194s
2015-12-09 06:34:32,681 24662 DEBUG    [tempest_lib.common.rest_client] Request - Headers: {'Content-Type': 'application/json', 'Accept': 'application/json', 'X-Auth-Token': '&lt;omitted&gt;'}
        Body: None
    Response - Headers: {'status': '200', 'content-length': '1413', 'content-location': 'http://10.0.2.15:8774/v2.1/a1226154ec0e401faf05d68d218cd67e/servers/5ef92b62-129b-490d-b069-457ab3295d9b', 'x-compute-request-id': 'req-0da3986f-eff2-483c-a637-cdeaf5e6d3da', 'vary': 'X-OpenStack-Nova-API-Version', 'connection': 'close', 'x-openstack-nova-api-version': '2.1', 'date': 'Wed, 09 Dec 2015 06:34:32 GMT', 'content-type': 'application/json'}
        Body: {"server": {"status": "BUILD", "updated": "2015-12-09T06:34:32Z", "hostId": "67d5e96313533e4bfb9e6bdc0e65211739d50093812b8fdb4813e2bb", "addresses": {}, "links": [{"href": "http://10.0.2.15:8774/v2.1/a1226154ec0e401faf05d68d218cd67e/servers/5ef92b62-129b-490d-b069-457ab3295d9b", "rel": "self"}, {"href": "http://10.0.2.15:8774/a1226154ec0e401faf05d68d218cd67e/servers/5ef92b62-129b-490d-b069-457ab3295d9b", "rel": "bookmark"}], "key_name": "tempest-TestNetworkBasicOps-629015834", "image": {"id": "d2fc8b8b-d796-4cfd-8ebd-17a824498c14", "links": [{"href": "http://10.0.2.15:8774/a1226154ec0e401faf05d68d218cd67e/images/d2fc8b8b-d796-4cfd-8ebd-17a824498c14", "rel": "bookmark"}]}, "OS-EXT-STS:task_state": "spawning", "OS-EXT-STS:vm_state": "building", "OS-SRV-USG:launched_at": null, "flavor": {"id": "42", "links": [{"href": "http://10.0.2.15:8774/a1226154ec0e401faf05d68d218cd67e/flavors/42", "rel": "bookmark"}]}, "id": "5ef92b62-129b-490d-b069-457ab3295d9b", "OS-SRV-USG:terminated_at": null, "OS-EXT-AZ:availability_zone": "nova", "user_id": "48686c06fb0b4d54b80b011c6edef2ba", "name": "tempest.common.compute-instance-1900684669", "created": "2015-12-09T06:34:31Z", "tenant_id": "a1226154ec0e401faf05d68d218cd67e", "OS-DCF:diskConfig": "MANUAL", "os-extended-volumes:volumes_attached": [], "accessIPv4": "", "accessIPv6": "", "progress": 0, "OS-EXT-STS:power_state": 0, "config_drive": "", "metadata": {}}}
2015-12-09 06:34:32,689 24662 INFO     [tempest.common.waiters] State transition "BUILD/scheduling" ==&gt; "BUILD/spawning" after 1 second wait
2015-12-09 06:34:34,172 24662 INFO     [tempest_lib.common.rest_client] Request (TestNetworkBasicOps:test_connectivity_between_vms_on_different_networks): 200 GET http://10.0.2.15:8774/v2.1/a1226154ec0e401faf05d68d218cd67e/servers/5ef92b62-129b-490d-b069-457ab3295d9b 0.480s
2015-12-09 06:34:34,172 24662 DEBUG    [tempest_lib.common.rest_client] Request - Headers: {'Content-Type': 'application/json', 'Accept': 'application/json', 'X-Auth-Token': '&lt;omitted&gt;'}
        Body: None
    Response - Headers: {'status': '200', 'content-length': '1481', 'content-location': 'http://10.0.2.15:8774/v2.1/a1226154ec0e401faf05d68d218cd67e/servers/5ef92b62-129b-490d-b069-457ab3295d9b', 'x-compute-request-id': 'req-4c47f390-b57c-45e1-80ba-2f0831ed139a', 'vary': 'X-OpenStack-Nova-API-Version', 'connection': 'close', 'x-openstack-nova-api-version': '2.1', 'date': 'Wed, 09 Dec 2015 06:34:34 GMT', 'content-type': 'application/json'}
        Body: {"server": {"status": "BUILD", "updated": "2015-12-09T06:34:32Z", "hostId": "67d5e96313533e4bfb9e6bdc0e65211739d50093812b8fdb4813e2bb", "addresses": {}, "links": [{"href": "http://10.0.2.15:8774/v2.1/a1226154ec0e401faf05d68d218cd67e/servers/5ef92b62-129b-490d-b069-457ab3295d9b", "rel": "self"}, {"href": "http://10.0.2.15:8774/a1226154ec0e401faf05d68d218cd67e/servers/5ef92b62-129b-490d-b069-457ab3295d9b", "rel": "bookmark"}], "key_name": "tempest-TestNetworkBasicOps-629015834", "image": {"id": "d2fc8b8b-d796-4cfd-8ebd-17a824498c14", "links": [{"href": "http://10.0.2.15:8774/a1226154ec0e401faf05d68d218cd67e/images/d2fc8b8b-d796-4cfd-8ebd-17a824498c14", "rel": "bookmark"}]}, "OS-EXT-STS:task_state": "spawning", "OS-EXT-STS:vm_state": "building", "OS-SRV-USG:launched_at": null, "flavor": {"id": "42", "links": [{"href": "http://10.0.2.15:8774/a1226154ec0e401faf05d68d218cd67e/flavors/42", "rel": "bookmark"}]}, "id": "5ef92b62-129b-490d-b069-457ab3295d9b", "security_groups": [{"name": "tempest-secgroup-smoke-1009833229"}], "OS-SRV-USG:terminated_at": null, "OS-EXT-AZ:availability_zone": "nova", "user_id": "48686c06fb0b4d54b80b011c6edef2ba", "name": "tempest.common.compute-instance-1900684669", "created": "2015-12-09T06:34:31Z", "tenant_id": "a1226154ec0e401faf05d68d218cd67e", "OS-DCF:diskConfig": "MANUAL", "os-extended-volumes:volumes_attached": [], "accessIPv4": "", "accessIPv6": "", "progress": 0, "OS-EXT-STS:power_state": 0, "config_drive": "", "metadata": {}}}
2015-12-09 06:34:35,387 24662 INFO     [tempest_lib.common.rest_client] Request (TestNetworkBasicOps:test_connectivity_between_vms_on_different_networks): 200 GET http://10.0.2.15:8774/v2.1/a1226154ec0e401faf05d68d218cd67e/servers/5ef92b62-129b-490d-b069-457ab3295d9b 0.201s
2015-12-09 06:34:35,388 24662 DEBUG    [tempest_lib.common.rest_client] Request - Headers: {'Content-Type': 'application/json', 'Accept': 'application/json', 'X-Auth-Token': '&lt;omitted&gt;'}
        Body: None
    Response - Headers: {'status': '200', 'content-length': '1652', 'content-location': 'http://10.0.2.15:8774/v2.1/a1226154ec0e401faf05d68d218cd67e/servers/5ef92b62-129b-490d-b069-457ab3295d9b', 'x-compute-request-id': 'req-61f0c245-73f5-4b69-827c-28cec62b7e64', 'vary': 'X-OpenStack-Nova-API-Version', 'connection': 'close', 'x-openstack-nova-api-version': '2.1', 'date': 'Wed, 09 Dec 2015 06:34:35 GMT', 'content-type': 'application/json'}
        Body: {"server": {"status": "ACTIVE", "updated": "2015-12-09T06:34:34Z", "hostId": "67d5e96313533e4bfb9e6bdc0e65211739d50093812b8fdb4813e2bb", "addresses": {"tempest-network-smoke--626718250": [{"OS-EXT-IPS-MAC:mac_addr": "fa:16:3e:e0:30:7a", "version": 4, "addr": "10.100.0.3", "OS-EXT-IPS:type": "fixed"}]}, "links": [{"href": "http://10.0.2.15:8774/v2.1/a1226154ec0e401faf05d68d218cd67e/servers/5ef92b62-129b-490d-b069-457ab3295d9b", "rel": "self"}, {"href": "http://10.0.2.15:8774/a1226154ec0e401faf05d68d218cd67e/servers/5ef92b62-129b-490d-b069-457ab3295d9b", "rel": "bookmark"}], "key_name": "tempest-TestNetworkBasicOps-629015834", "image": {"id": "d2fc8b8b-d796-4cfd-8ebd-17a824498c14", "links": [{"href": "http://10.0.2.15:8774/a1226154ec0e401faf05d68d218cd67e/images/d2fc8b8b-d796-4cfd-8ebd-17a824498c14", "rel": "bookmark"}]}, "OS-EXT-STS:task_state": null, "OS-EXT-STS:vm_state": "active", "OS-SRV-USG:launched_at": "2015-12-09T06:34:34.000000", "flavor": {"id": "42", "links": [{"href": "http://10.0.2.15:8774/a1226154ec0e401faf05d68d218cd67e/flavors/42", "rel": "bookmark"}]}, "id": "5ef92b62-129b-490d-b069-457ab3295d9b", "security_groups": [{"name": "tempest-secgroup-smoke-1009833229"}], "OS-SRV-USG:terminated_at": null, "OS-EXT-AZ:availability_zone": "nova", "user_id": "48686c06fb0b4d54b80b011c6edef2ba", "name": "tempest.common.compute-instance-1900684669", "created": "2015-12-09T06:34:31Z", "tenant_id": "a1226154ec0e401faf05d68d218cd67e", "OS-DCF:diskConfig": "MANUAL", "os-extended-volumes:volumes_attached": [], "accessIPv4": "", "accessIPv6": "", "progress": 0, "OS-EXT-STS:power_state": 1, "config_drive": "True", "metadata": {}}}
2015-12-09 06:34:35,401 24662 INFO     [tempest.common.waiters] State transition "BUILD/spawning" ==&gt; "ACTIVE/None" after 4 second wait
2015-12-09 06:34:35,602 24662 INFO     [tempest_lib.common.rest_client] Request (TestNetworkBasicOps:test_connectivity_between_vms_on_different_networks): 200 GET http://10.0.2.15:8774/v2.1/a1226154ec0e401faf05d68d218cd67e/servers/5ef92b62-129b-490d-b069-457ab3295d9b 0.200s
2015-12-09 06:34:35,603 24662 DEBUG    [tempest_lib.common.rest_client] Request - Headers: {'Content-Type': 'application/json', 'Accept': 'application/json', 'X-Auth-Token': '&lt;omitted&gt;'}
        Body: None
    Response - Headers: {'status': '200', 'content-length': '1652', 'content-location': 'http://10.0.2.15:8774/v2.1/a1226154ec0e401faf05d68d218cd67e/servers/5ef92b62-129b-490d-b069-457ab3295d9b', 'x-compute-request-id': 'req-ea9f3a6d-5009-480d-bae9-375fc69568f6', 'vary': 'X-OpenStack-Nova-API-Version', 'connection': 'close', 'x-openstack-nova-api-version': '2.1', 'date': 'Wed, 09 Dec 2015 06:34:35 GMT', 'content-type': 'application/json'}
        Body: {"server": {"status": "ACTIVE", "updated": "2015-12-09T06:34:34Z", "hostId": "67d5e96313533e4bfb9e6bdc0e65211739d50093812b8fdb4813e2bb", "addresses": {"tempest-network-smoke--626718250": [{"OS-EXT-IPS-MAC:mac_addr": "fa:16:3e:e0:30:7a", "version": 4, "addr": "10.100.0.3", "OS-EXT-IPS:type": "fixed"}]}, "links": [{"href": "http://10.0.2.15:8774/v2.1/a1226154ec0e401faf05d68d218cd67e/servers/5ef92b62-129b-490d-b069-457ab3295d9b", "rel": "self"}, {"href": "http://10.0.2.15:8774/a1226154ec0e401faf05d68d218cd67e/servers/5ef92b62-129b-490d-b069-457ab3295d9b", "rel": "bookmark"}], "key_name": "tempest-TestNetworkBasicOps-629015834", "image": {"id": "d2fc8b8b-d796-4cfd-8ebd-17a824498c14", "links": [{"href": "http://10.0.2.15:8774/a1226154ec0e401faf05d68d218cd67e/images/d2fc8b8b-d796-4cfd-8ebd-17a824498c14", "rel": "bookmark"}]}, "OS-EXT-STS:task_state": null, "OS-EXT-STS:vm_state": "active", "OS-SRV-USG:launched_at": "2015-12-09T06:34:34.000000", "flavor": {"id": "42", "links": [{"href": "http://10.0.2.15:8774/a1226154ec0e401faf05d68d218cd67e/flavors/42", "rel": "bookmark"}]}, "id": "5ef92b62-129b-490d-b069-457ab3295d9b", "security_groups": [{"name": "tempest-secgroup-smoke-1009833229"}], "OS-SRV-USG:terminated_at": null, "OS-EXT-AZ:availability_zone": "nova", "user_id": "48686c06fb0b4d54b80b011c6edef2ba", "name": "tempest.common.compute-instance-1900684669", "created": "2015-12-09T06:34:31Z", "tenant_id": "a1226154ec0e401faf05d68d218cd67e", "OS-DCF:diskConfig": "MANUAL", "os-extended-volumes:volumes_attached": [], "accessIPv4": "", "accessIPv6": "", "progress": 0, "OS-EXT-STS:power_state": 1, "config_drive": "True", "metadata": {}}}
2015-12-09 06:34:35,611 24662 INFO     [tempest.scenario.manager] Tenant networks not configured to be reachable.
2015-12-09 06:34:35,650 24662 INFO     [tempest_lib.common.rest_client] Request (TestNetworkBasicOps:test_connectivity_between_vms_on_different_networks): 200 GET http://10.0.2.15:9696/v2.0/ports?status=ACTIVE&amp;fixed_ip=None&amp;device_id=5ef92b62-129b-490d-b069-457ab3295d9b 0.039s
2015-12-09 06:34:35,651 24662 DEBUG    [tempest_lib.common.rest_client] Request - Headers: {'Content-Type': 'application/json', 'Accept': 'application/json', 'X-Auth-Token': '&lt;omitted&gt;'}
        Body: None
    Response - Headers: {'status': '200', 'content-length': '895', 'content-location': 'http://10.0.2.15:9696/v2.0/ports?status=ACTIVE&amp;fixed_ip=None&amp;device_id=5ef92b62-129b-490d-b069-457ab3295d9b', 'connection': 'close', 'date': 'Wed, 09 Dec 2015 06:34:35 GMT', 'content-type': 'application/json; charset=UTF-8', 'x-openstack-request-id': 'req-6da1970b-211c-40b2-b544-701bff243a24'}
        Body: {"ports": [{"status": "ACTIVE", "binding:host_id": "vagrant-ubuntu-trusty-64", "allowed_address_pairs": [], "extra_dhcp_opts": [], "dns_assignment": [{"hostname": "host-10-100-0-3", "ip_address": "10.100.0.3", "fqdn": "host-10-100-0-3.openstacklocal."}], "device_owner": "compute:None", "port_security_enabled": true, "binding:profile": {}, "fixed_ips": [{"subnet_id": "1f07e699-42bf-442f-8a97-bb3fa528a154", "ip_address": "10.100.0.3"}], "id": "46824cb7-e6b0-4a7f-8111-6d5c84514bd9", "security_groups": ["517744fc-ddac-45f7-8f0a-f44ba18ac0a7"], "device_id": "5ef92b62-129b-490d-b069-457ab3295d9b", "name": "", "admin_state_up": true, "network_id": "32018363-e6c3-4043-96fc-549b5ec32977", "dns_name": "", "binding:vif_details": {"port_filter": true}, "binding:vnic_type": "normal", "binding:vif_type": "ovs", "tenant_id": "a1226154ec0e401faf05d68d218cd67e", "mac_address": "fa:16:3e:e0:30:7a"}]}
2015-12-09 06:34:36,362 24662 INFO     [tempest_lib.common.rest_client] Request (TestNetworkBasicOps:test_connectivity_between_vms_on_different_networks): 201 POST http://10.0.2.15:9696/v2.0/floatingips 0.711s
2015-12-09 06:34:36,363 24662 DEBUG    [tempest_lib.common.rest_client] Request - Headers: {'Content-Type': 'application/json', 'Accept': 'application/json', 'X-Auth-Token': '&lt;omitted&gt;'}
        Body: {"floatingip": {"floating_network_id": "946717ad-f3af-4a8d-82b0-b6ea064eff51", "tenant_id": "a1226154ec0e401faf05d68d218cd67e", "fixed_ip_address": "10.100.0.3", "port_id": "46824cb7-e6b0-4a7f-8111-6d5c84514bd9"}}
    Response - Headers: {'status': '201', 'content-length': '367', 'connection': 'close', 'date': 'Wed, 09 Dec 2015 06:34:36 GMT', 'content-type': 'application/json; charset=UTF-8', 'x-openstack-request-id': 'req-613c9176-8b56-40ed-b068-3e3e8359d120'}
        Body: {"floatingip": {"floating_network_id": "946717ad-f3af-4a8d-82b0-b6ea064eff51", "router_id": "6e76f5d0-ebff-41c6-bc00-a0ebaf2cfd23", "fixed_ip_address": "10.100.0.3", "floating_ip_address": "172.24.4.4", "tenant_id": "a1226154ec0e401faf05d68d218cd67e", "status": "DOWN", "port_id": "46824cb7-e6b0-4a7f-8111-6d5c84514bd9", "id": "65599852-3460-4474-af31-4fdde4b702dd"}}
2015-12-09 06:34:36,381 24662 INFO     [tempest_lib.common.rest_client] Request (TestNetworkBasicOps:test_connectivity_between_vms_on_different_networks): 200 GET http://10.0.2.15:9696/v2.0/floatingips/65599852-3460-4474-af31-4fdde4b702dd 0.016s
2015-12-09 06:34:36,381 24662 DEBUG    [tempest_lib.common.rest_client] Request - Headers: {'Content-Type': 'application/json', 'Accept': 'application/json', 'X-Auth-Token': '&lt;omitted&gt;'}
        Body: None
    Response - Headers: {'status': '200', 'content-length': '367', 'content-location': 'http://10.0.2.15:9696/v2.0/floatingips/65599852-3460-4474-af31-4fdde4b702dd', 'connection': 'close', 'date': 'Wed, 09 Dec 2015 06:34:36 GMT', 'content-type': 'application/json; charset=UTF-8', 'x-openstack-request-id': 'req-53cd9df1-ec29-4e73-ad18-fda100152017'}
        Body: {"floatingip": {"floating_network_id": "946717ad-f3af-4a8d-82b0-b6ea064eff51", "router_id": "6e76f5d0-ebff-41c6-bc00-a0ebaf2cfd23", "fixed_ip_address": "10.100.0.3", "floating_ip_address": "172.24.4.4", "tenant_id": "a1226154ec0e401faf05d68d218cd67e", "status": "DOWN", "port_id": "46824cb7-e6b0-4a7f-8111-6d5c84514bd9", "id": "65599852-3460-4474-af31-4fdde4b702dd"}}
2015-12-09 06:34:37,400 24662 INFO     [tempest_lib.common.rest_client] Request (TestNetworkBasicOps:test_connectivity_between_vms_on_different_networks): 200 GET http://10.0.2.15:9696/v2.0/floatingips/65599852-3460-4474-af31-4fdde4b702dd 0.017s
2015-12-09 06:34:37,401 24662 DEBUG    [tempest_lib.common.rest_client] Request - Headers: {'Content-Type': 'application/json', 'Accept': 'application/json', 'X-Auth-Token': '&lt;omitted&gt;'}
        Body: None
    Response - Headers: {'status': '200', 'content-length': '369', 'content-location': 'http://10.0.2.15:9696/v2.0/floatingips/65599852-3460-4474-af31-4fdde4b702dd', 'connection': 'close', 'date': 'Wed, 09 Dec 2015 06:34:37 GMT', 'content-type': 'application/json; charset=UTF-8', 'x-openstack-request-id': 'req-860a8a01-1fc8-422a-9553-cf3f2f309d66'}
        Body: {"floatingip": {"floating_network_id": "946717ad-f3af-4a8d-82b0-b6ea064eff51", "router_id": "6e76f5d0-ebff-41c6-bc00-a0ebaf2cfd23", "fixed_ip_address": "10.100.0.3", "floating_ip_address": "172.24.4.4", "tenant_id": "a1226154ec0e401faf05d68d218cd67e", "status": "ACTIVE", "port_id": "46824cb7-e6b0-4a7f-8111-6d5c84514bd9", "id": "65599852-3460-4474-af31-4fdde4b702dd"}}
2015-12-09 06:34:37,401 24662 INFO     [tempest.scenario.manager] FloatingIP: &lt;"FloatingIP" addr="172.24.4.4" id="65599852-3460-4474-af31-4fdde4b702dd"&gt; is at status: ACTIVE
2015-12-09 06:34:37,402 24662 DEBUG    [tempest.scenario.manager] checking network connections to IP 172.24.4.4 with user: cirros
2015-12-09 06:34:37,402 24662 DEBUG    [tempest.scenario.manager] TestNetworkBasicOps:test_connectivity_between_vms_on_different_networks begins to ping 172.24.4.4 in 120 sec and the expected result is reachable
2015-12-09 06:36:38,728 24662 DEBUG    [tempest.scenario.manager] TestNetworkBasicOps:test_connectivity_between_vms_on_different_networks finishes ping 172.24.4.4 in 120 sec and the ping result is unexpected
2015-12-09 06:36:38,728 24662 ERROR    [tempest.scenario.manager] Public network connectivity check failed
2015-12-09 06:36:38.728 24662 ERROR tempest.scenario.manager Traceback (most recent call last):
2015-12-09 06:36:38.728 24662 ERROR tempest.scenario.manager   File "tempest/scenario/manager.py", line 606, in check_public_network_connectivity
2015-12-09 06:36:38.728 24662 ERROR tempest.scenario.manager     should_connect=should_connect)
2015-12-09 06:36:38.728 24662 ERROR tempest.scenario.manager   File "tempest/scenario/manager.py", line 590, in check_vm_connectivity
2015-12-09 06:36:38.728 24662 ERROR tempest.scenario.manager     msg=msg)
2015-12-09 06:36:38.728 24662 ERROR tempest.scenario.manager   File "/usr/local/lib/python2.7/dist-packages/unittest2/case.py", line 702, in assertTrue
2015-12-09 06:36:38.728 24662 ERROR tempest.scenario.manager     raise self.failureException(msg)
2015-12-09 06:36:38.728 24662 ERROR tempest.scenario.manager AssertionError: False is not true : Timed out waiting for 172.24.4.4 to become reachable
2015-12-09 06:36:38.728 24662 ERROR tempest.scenario.manager 
2015-12-09 06:36:38,937 24662 INFO     [tempest_lib.common.rest_client] Request (TestNetworkBasicOps:test_connectivity_between_vms_on_different_networks): 200 POST http://10.0.2.15:8774/v2.1/a1226154ec0e401faf05d68d218cd67e/servers/5ef92b62-129b-490d-b069-457ab3295d9b/action 0.206s
2015-12-09 06:36:38,938 24662 DEBUG    [tempest_lib.common.rest_client] Request - Headers: {'Content-Type': 'application/json', 'Accept': 'application/json', 'X-Auth-Token': '&lt;omitted&gt;'}
        Body: {"os-getConsoleOutput": {}}
    Response - Headers: {'status': '200', 'content-length': '17582', 'x-compute-request-id': 'req-d9b41d06-58e6-467f-9a20-465d2a7e90f0', 'vary': 'X-OpenStack-Nova-API-Version', 'connection': 'close', 'x-openstack-nova-api-version': '2.1', 'date': 'Wed, 09 Dec 2015 06:36:38 GMT', 'content-type': 'application/json'}
        Body: {"output": "[    0.000000] Initializing cgroup subsys cpuset\n[    0.000000] Initializing cgroup subsys cpu\n[    0.000000] Linux version 3.2.0-80-virtual (buildd@batsu) (gcc version 4.6.3 (Ubuntu/Linaro 4.6.3-1ubuntu5) ) #116-Ubuntu SMP Mon Mar 23 17:28:52 UTC 2015 (Ubuntu 3.2.0-80.116-virtual 3.2.68)\n[    0.000000] Command line: root=/dev/vda console=tty0 console=ttyS0 no_timer_check\n[    0.000000] KERNEL supported cpus:\n[    0.000000]   Intel GenuineIntel\n[    0.000000]   AMD AuthenticAMD\n[    0.000000]   Centaur CentaurHauls\n[    0.000000] BIOS-provided physical RAM map:\n[    0.000000]  BIOS-e820: 0000000000000000 - 000000000009fc00 (usable)\n[    0.000000]  BIOS-e820: 000000000009fc00 - 00000000000a0000 (reserved)\n[    0.000000]  BIOS-e820: 00000000000f0000 - 0000000000100000 (reserved)\n[    0.000000]  BIOS-e820: 0000000000100000 - 0000000003ffe000 (usable)\n[    0.000000]  BIOS-e820: 0000000003ffe000 - 0000000004000000 (reserved)\n[    0.000000]  BIOS-e820: 00000000fffc0000 - 0000000100000000 (reserved)\n[    0.000000] NX (Execute Disable) protection: active\n[    0.000000] SMBIOS 2.4 present.\n[    0.000000] No AGP bridge found\n[    0.000000] last_pfn = 0x3ffe max_arch_pfn = 0x400000000\n[    0.000000] x86 PAT enabled: cpu 0, old 0x7040600070406, new 0x7010600070106\n[    0.000000] found SMP MP-table at [ffff8800000f0b00] f0b00\n[    0.000000] init_memory_mapping: 0000000000000000-0000000003ffe000\n[    0.000000] RAMDISK: 03c5e000 - 03ff0000\n[    0.000000] ACPI: RSDP 00000000000f0950 00014 (v00 BOCHS )\n[    0.000000] ACPI: RSDT 0000000003fffbc1 00034 (v01 BOCHS  BXPCRSDT 00000001 BXPC 00000001)\n[    0.000000] ACPI: FACP 0000000003fff1c0 00074 (v01 BOCHS  BXPCFACP 00000001 BXPC 00000001)\n[    0.000000] ACPI: DSDT 0000000003ffe040 01180 (v01 BOCHS  BXPCDSDT 00000001 BXPC 00000001)\n[    0.000000] ACPI: FACS 0000000003ffe000 00040\n[    0.000000] ACPI: SSDT 0000000003fff234 008DD (v01 BOCHS  BXPCSSDT 00000001 BXPC 00000001)\n[    0.000000] ACPI: APIC 0000000003fffb11 00078 (v01 BOCHS  BXPCAPIC 00000001 BXPC 00000001)\n[    0.000000] ACPI: HPET 0000000003fffb89 00038 (v01 BOCHS  BXPCHPET 00000001 BXPC 00000001)\n[    0.000000] No NUMA configuration found\n[    0.000000] Faking a node at 0000000000000000-0000000003ffe000\n[    0.000000] Initmem setup node 0 0000000000000000-0000000003ffe000\n[    0.000000]   NODE_DATA [0000000003ff6000 - 0000000003ffafff]\n[    0.000000] Zone PFN ranges:\n[    0.000000]   DMA      0x00000010 -&gt; 0x00001000\n[    0.000000]   DMA32    0x00001000 -&gt; 0x00100000\n[    0.000000]   Normal   empty\n[    0.000000] Movable zone start PFN for each node\n[    0.000000] early_node_map[2] active PFN ranges\n[    0.000000]     0: 0x00000010 -&gt; 0x0000009f\n[    0.000000]     0: 0x00000100 -&gt; 0x00003ffe\n[    0.000000] ACPI: PM-Timer IO Port: 0xb008\n[    0.000000] ACPI: LAPIC (acpi_id[0x00] lapic_id[0x00] enabled)\n[    0.000000] ACPI: LAPIC_NMI (acpi_id[0xff] dfl dfl lint[0x1])\n[    0.000000] ACPI: IOAPIC (id[0x00] address[0xfec00000] gsi_base[0])\n[    0.000000] IOAPIC[0]: apic_id 0, version 17, address 0xfec00000, GSI 0-23\n[    0.000000] ACPI: INT_SRC_OVR (bus 0 bus_irq 0 global_irq 2 dfl dfl)\n[    0.000000] ACPI: INT_SRC_OVR (bus 0 bus_irq 5 global_irq 5 high level)\n[    0.000000] ACPI: INT_SRC_OVR (bus 0 bus_irq 9 global_irq 9 high level)\n[    0.000000] ACPI: INT_SRC_OVR (bus 0 bus_irq 10 global_irq 10 high level)\n[    0.000000] ACPI: INT_SRC_OVR (bus 0 bus_irq 11 global_irq 11 high level)\n[    0.000000] Using ACPI (MADT) for SMP configuration information\n[    0.000000] ACPI: HPET id: 0x8086a201 base: 0xfed00000\n[    0.000000] SMP: Allowing 1 CPUs, 0 hotplug CPUs\n[    0.000000] PM: Registered nosave memory: 000000000009f000 - 00000000000a0000\n[    0.000000] PM: Registered nosave memory: 00000000000a0000 - 00000000000f0000\n[    0.000000] PM: Registered nosave memory: 00000000000f0000 - 0000000000100000\n[    0.000000] Allocating PCI resources starting at 4000000 (gap: 4000000:fbfc0000)\n[    0.000000] Booting paravirtualized kernel on bare hardware\n[    0.000000] setup_pe
2015-12-09 06:36:38,939 24662 DEBUG    [tempest.scenario.manager] Console output for 5ef92b62-129b-490d-b069-457ab3295d9b
body=
[    0.000000] Initializing cgroup subsys cpuset
[    0.000000] Initializing cgroup subsys cpu
[    0.000000] Linux version 3.2.0-80-virtual (buildd@batsu) (gcc version 4.6.3 (Ubuntu/Linaro 4.6.3-1ubuntu5) ) #116-Ubuntu SMP Mon Mar 23 17:28:52 UTC 2015 (Ubuntu 3.2.0-80.116-virtual 3.2.68)
[    0.000000] Command line: root=/dev/vda console=tty0 console=ttyS0 no_timer_check
[    0.000000] KERNEL supported cpus:
[    0.000000]   Intel GenuineIntel
[    0.000000]   AMD AuthenticAMD
[    0.000000]   Centaur CentaurHauls
[    0.000000] BIOS-provided physical RAM map:
[    0.000000]  BIOS-e820: 0000000000000000 - 000000000009fc00 (usable)
[    0.000000]  BIOS-e820: 000000000009fc00 - 00000000000a0000 (reserved)
[    0.000000]  BIOS-e820: 00000000000f0000 - 0000000000100000 (reserved)
[    0.000000]  BIOS-e820: 0000000000100000 - 0000000003ffe000 (usable)
[    0.000000]  BIOS-e820: 0000000003ffe000 - 0000000004000000 (reserved)
[    0.000000]  BIOS-e820: 00000000fffc0000 - 0000000100000000 (reserved)
[    0.000000] NX (Execute Disable) protection: active
[    0.000000] SMBIOS 2.4 present.
[    0.000000] No AGP bridge found
[    0.000000] last_pfn = 0x3ffe max_arch_pfn = 0x400000000
[    0.000000] x86 PAT enabled: cpu 0, old 0x7040600070406, new 0x7010600070106
[    0.000000] found SMP MP-table at [ffff8800000f0b00] f0b00
[    0.000000] init_memory_mapping: 0000000000000000-0000000003ffe000
[    0.000000] RAMDISK: 03c5e000 - 03ff0000
[    0.000000] ACPI: RSDP 00000000000f0950 00014 (v00 BOCHS )
[    0.000000] ACPI: RSDT 0000000003fffbc1 00034 (v01 BOCHS  BXPCRSDT 00000001 BXPC 00000001)
[    0.000000] ACPI: FACP 0000000003fff1c0 00074 (v01 BOCHS  BXPCFACP 00000001 BXPC 00000001)
[    0.000000] ACPI: DSDT 0000000003ffe040 01180 (v01 BOCHS  BXPCDSDT 00000001 BXPC 00000001)
[    0.000000] ACPI: FACS 0000000003ffe000 00040
[    0.000000] ACPI: SSDT 0000000003fff234 008DD (v01 BOCHS  BXPCSSDT 00000001 BXPC 00000001)
[    0.000000] ACPI: APIC 0000000003fffb11 00078 (v01 BOCHS  BXPCAPIC 00000001 BXPC 00000001)
[    0.000000] ACPI: HPET 0000000003fffb89 00038 (v01 BOCHS  BXPCHPET 00000001 BXPC 00000001)
[    0.000000] No NUMA configuration found
[    0.000000] Faking a node at 0000000000000000-0000000003ffe000
[    0.000000] Initmem setup node 0 0000000000000000-0000000003ffe000
[    0.000000]   NODE_DATA [0000000003ff6000 - 0000000003ffafff]
[    0.000000] Zone PFN ranges:
[    0.000000]   DMA      0x00000010 -&gt; 0x00001000
[    0.000000]   DMA32    0x00001000 -&gt; 0x00100000
[    0.000000]   Normal   empty
[    0.000000] Movable zone start PFN for each node
[    0.000000] early_node_map[2] active PFN ranges
[    0.000000]     0: 0x00000010 -&gt; 0x0000009f
[    0.000000]     0: 0x00000100 -&gt; 0x00003ffe
[    0.000000] ACPI: PM-Timer IO Port: 0xb008
[    0.000000] ACPI: LAPIC (acpi_id[0x00] lapic_id[0x00] enabled)
[    0.000000] ACPI: LAPIC_NMI (acpi_id[0xff] dfl dfl lint[0x1])
[    0.000000] ACPI: IOAPIC (id[0x00] address[0xfec00000] gsi_base[0])
[    0.000000] IOAPIC[0]: apic_id 0, version 17, address 0xfec00000, GSI 0-23
[    0.000000] ACPI: INT_SRC_OVR (bus 0 bus_irq 0 global_irq 2 dfl dfl)
[    0.000000] ACPI: INT_SRC_OVR (bus 0 bus_irq 5 global_irq 5 high level)
[    0.000000] ACPI: INT_SRC_OVR (bus 0 bus_irq 9 global_irq 9 high level)
[    0.000000] ACPI: INT_SRC_OVR (bus 0 bus_irq 10 global_irq 10 high level)
[    0.000000] ACPI: INT_SRC_OVR (bus 0 bus_irq 11 global_irq 11 high level)
[    0.000000] Using ACPI (MADT) for SMP configuration information
[    0.000000] ACPI: HPET id: 0x8086a201 base: 0xfed00000
[    0.000000] SMP: Allowing 1 CPUs, 0 hotplug CPUs
[    0.000000] PM: Registered nosave memory: 000000000009f000 - 00000000000a0000
[    0.000000] PM: Registered nosave memory: 00000000000a0000 - 00000000000f0000
[    0.000000] PM: Registered nosave memory: 00000000000f0000 - 0000000000100000
[    0.000000] Allocating PCI resources starting at 4000000 (gap: 4000000:fbfc0000)
[    0.000000] Booting paravirtualized kernel on bare hardware
[    0.000000] setup_percpu: NR_CPUS:64 nr_cpumask_bits:64 nr_cpu_ids:1 nr_node_ids:1
[    0.000000] PERCPU: Embedded 27 pages/cpu @ffff880003a00000 s78848 r8192 d23552 u2097152
[    0.000000] Built 1 zonelists in Node order, mobility grouping on.  Total pages: 16008
[    0.000000] Policy zone: DMA32
[    0.000000] Kernel command line: root=/dev/vda console=tty0 console=ttyS0 no_timer_check
[    0.000000] PID hash table entries: 256 (order: -1, 2048 bytes)
[    0.000000] Checking aperture...
[    0.000000] No AGP bridge found
[    0.000000] Memory: 43492k/65528k available (6576k kernel code, 452k absent, 21584k reserved, 6620k data, 928k init)
[    0.000000] SLUB: Genslabs=15, HWalign=64, Order=0-3, MinObjects=0, CPUs=1, Nodes=1
[    0.000000] Hierarchical RCU implementation.
[    0.000000] 	RCU dyntick-idle grace-period acceleration is enabled.
[    0.000000] NR_IRQS:4352 nr_irqs:256 16
[    0.000000] Console: colour VGA+ 80x25
[    0.000000] console [tty0] enabled
[    0.000000] console [ttyS0] enabled
[    0.000000] allocated 1048576 bytes of page_cgroup
[    0.000000] please try 'cgroup_disable=memory' option if you don't want memory cgroups
[    0.000000] Fast TSC calibration failed
[    0.000000] TSC: Unable to calibrate against PIT
[    0.000000] TSC: using HPET reference calibration
[    0.000000] Detected 2292.195 MHz processor.
[    0.037258] Calibrating delay loop (skipped), value calculated using timer frequency.. 4584.39 BogoMIPS (lpj=9168780)
[    0.039135] pid_max: default: 32768 minimum: 301
[    0.045175] Security Framework initialized
[    0.056379] AppArmor: AppArmor initialized
[    0.057122] Yama: becoming mindful.
[    0.065670] Dentry cache hash table entries: 8192 (order: 4, 65536 bytes)
[    0.068594] Inode-cache hash table entries: 4096 (order: 3, 32768 bytes)
[    0.070339] Mount-cache hash table entries: 256
[    0.090305] Initializing cgroup subsys cpuacct
[    0.092092] Initializing cgroup subsys memory
[    0.093427] Initializing cgroup subsys devices
[    0.094157] Initializing cgroup subsys freezer
[    0.095108] Initializing cgroup subsys blkio
[    0.096194] Initializing cgroup subsys perf_event
[    0.105213] mce: CPU supports 10 MCE banks
[    0.111021] SMP alternatives: switching to UP code
[    0.515101] Freeing SMP alternatives: 24k freed
[    0.517025] ACPI: Core revision 20110623
[    0.566372] ftrace: allocating 26610 entries in 105 pages
[    0.605033] ..TIMER: vector=0x30 apic1=0 pin1=2 apic2=-1 pin2=-1
[    0.606691] CPU0: AMD QEMU Virtual CPU version 2.0.0 stepping 03
[    0.612037] APIC calibration not consistent with PM-Timer: 104ms instead of 100ms
[    0.612037] APIC delta adjusted to PM-Timer: 6249983 (6505288)
[    0.612037] Performance Events: Broken PMU hardware detected, using software events only.
[    0.620725] NMI watchdog disabled (cpu0): hardware events not enabled
[    0.622144] Brought up 1 CPUs
[    0.622653] Total of 1 processors activated (4584.39 BogoMIPS).
[    0.654052] devtmpfs: initialized
[    0.684625] EVM: security.selinux
[    0.685391] EVM: security.SMACK64
[    0.686202] EVM: security.capability
[    0.711272] print_constraints: dummy: 
[    0.713346] RTC time:  6:34:38, date: 12/09/15
[    0.717241] NET: Registered protocol family 16
[    0.726479] ACPI: bus type pci registered
[    0.730467] PCI: Using configuration type 1 for base access
[    0.764870] bio: create slab &lt;bio-0&gt; at 0
[    0.770734] ACPI: Added _OSI(Module Device)
[    0.772147] ACPI: Added _OSI(Processor Device)
[    0.772742] ACPI: Added _OSI(3.0 _SCP Extensions)
[    0.773477] ACPI: Added _OSI(Processor Aggregator Device)
[    0.849680] ACPI: Interpreter enabled
[    0.850463] ACPI: (supports S0 S3 S4 S5)
[    0.852924] ACPI: Using IOAPIC for interrupt routing
[    0.924293] ACPI: No dock devices found.
[    0.924948] HEST: Table not found.
[    0.925395] PCI: Using host bridge windows from ACPI; if necessary, use "pci=nocrs" and report a bug
[    0.933257] ACPI: PCI Root Bridge [PCI0] (domain 0000 [bus 00-ff])
[    0.939338] pci_root PNP0A03:00: host bridge window [io  0x0000-0x0cf7]
[    0.940157] pci_root PNP0A03:00: host bridge window [io  0x0d00-0xadff]
[    0.941013] pci_root PNP0A03:00: host bridge window [io  0xae0f-0xaeff]
[    0.942047] pci_root PNP0A03:00: host bridge window [io  0xaf20-0xafdf]
[    0.944136] pci_root PNP0A03:00: host bridge window [io  0xafe4-0xffff]
[    0.945114] pci_root PNP0A03:00: host bridge window [mem 0x000a0000-0x000bffff]
[    0.946214] pci_root PNP0A03:00: host bridge window [mem 0x04000000-0xfebfffff]
[    0.970485] pci 0000:00:01.3: quirk: [io  0xb000-0xb03f] claimed by PIIX4 ACPI
[    0.972165] pci 0000:00:01.3: quirk: [io  0xb100-0xb10f] claimed by PIIX4 SMB
[    1.044385]  pci0000:00: Unable to request _OSC control (_OSC support mask: 0x1e)
[    1.105360] ACPI: PCI Interrupt Link [LNKA] (IRQs 5 *10 11)
[    1.108520] ACPI: PCI Interrupt Link [LNKB] (IRQs 5 *10 11)
[    1.110284] ACPI: PCI Interrupt Link [LNKC] (IRQs 5 10 *11)
[    1.112892] ACPI: PCI Interrupt Link [LNKD] (IRQs 5 10 *11)
[    1.114223] ACPI: PCI Interrupt Link [LNKS] (IRQs *9)
[    1.120784] vgaarb: device added: PCI:0000:00:02.0,decodes=io+mem,owns=io+mem,locks=none
[    1.121994] vgaarb: loaded
[    1.122736] vgaarb: bridge control possible 0000:00:02.0
[    1.130037] i2c-core: driver [aat2870] using legacy suspend method
[    1.131213] i2c-core: driver [aat2870] using legacy resume method
[    1.133806] SCSI subsystem initialized
[    1.138327] usbcore: registered new interface driver usbfs
[    1.140490] usbcore: registered new interface driver hub
[    1.141736] usbcore: registered new device driver usb
[    1.145736] PCI: Using ACPI for IRQ routing
[    1.157542] NetLabel: Initializing
[    1.158012] NetLabel:  domain hash size = 128
[    1.158605] NetLabel:  protocols = UNLABELED CIPSOv4
[    1.161127] NetLabel:  unlabeled traffic allowed by default
[    1.165729] HPET: 3 timers in total, 0 timers will be used for per-cpu timer
[    1.168290] hpet0: at MMIO 0xfed00000, IRQs 2, 8, 0
[    1.169136] hpet0: 3 comparators, 64-bit 100.000000 MHz counter
[    1.182367] Switching to clocksource hpet
[    1.415631] AppArmor: AppArmor Filesystem Enabled
[    1.418109] pnp: PnP ACPI init
[    1.418724] ACPI: bus type pnp registered
[    1.438727] pnp: PnP ACPI: found 9 devices
[    1.439309] ACPI: ACPI bus type pnp unregistered
[    1.494452] NET: Registered protocol family 2
[    1.538279] IP route cache hash table entries: 512 (order: 0, 4096 bytes)
[    1.547007] TCP established hash table entries: 2048 (order: 3, 32768 bytes)
[    1.548086] TCP bind hash table entries: 2048 (order: 3, 32768 bytes)
[    1.549938] TCP: Hash tables configured (established 2048 bind 2048)
[    1.550796] TCP reno registered
[    1.551431] UDP hash table entries: 128 (order: 0, 4096 bytes)
[    1.553250] UDP-Lite hash table entries: 128 (order: 0, 4096 bytes)
[    1.555662] NET: Registered protocol family 1
[    1.557249] pci 0000:00:00.0: Limiting direct PCI/PCI transfers
[    1.557988] pci 0000:00:01.0: PIIX3: Enabling Passive Release
[    1.559471] pci 0000:00:01.0: Activating ISA DMA hang workarounds
[    1.565210] ACPI: PCI Interrupt Link [LNKD] enabled at IRQ 11
[    1.566189] pci 0000:00:01.2: PCI INT D -&gt; Link[LNKD] -&gt; GSI 11 (level, high) -&gt; IRQ 11
[    1.568079] pci 0000:00:01.2: PCI INT D disabled
[    1.585870] Trying to unpack rootfs image as initramfs...
[    1.602782] audit: initializing netlink socket (disabled)
[    1.605233] type=2000 audit(1449642878.600:1): initialized
[    1.871512] HugeTLB registered 2 MB page size, pre-allocated 0 pages
[    1.950212] VFS: Disk quotas dquot_6.5.2
[    1.951798] Dquot-cache hash table entries: 512 (order 0, 4096 bytes)
[    1.970585] fuse init (API version 7.17)
[    1.973985] msgmni has been set to 84
[    2.011212] Block layer SCSI generic (bsg) driver version 0.4 loaded (major 253)
[    2.013403] io scheduler noop registered
[    2.014550] io scheduler deadline registered (default)
[    2.015720] io scheduler cfq registered
[    2.019598] pci_hotplug: PCI Hot Plug PCI Core version: 0.5
[    2.022499] pciehp: PCI Express Hot Plug Controller Driver version: 0.4
[    2.028635] input: Power Button as /devices/LNXSYSTM:00/LNXPWRBN:00/input/input0
[    2.030447] ACPI: Power Button [PWRF]
[    2.078044] ERST: Table is not found!
[    2.078599] GHES: HEST is not enabled!
[    2.091005] ACPI: PCI Interrupt Link [LNKC] enabled at IRQ 10
[    2.091751] virtio-pci 0000:00:03.0: PCI INT A -&gt; Link[LNKC] -&gt; GSI 10 (level, high) -&gt; IRQ 10
[    2.095470] virtio-pci 0000:00:04.0: PCI INT A -&gt; Link[LNKD] -&gt; GSI 11 (level, high) -&gt; IRQ 11
[    2.106700] ACPI: PCI Interrupt Link [LNKA] enabled at IRQ 10
[    2.107529] virtio-pci 0000:00:05.0: PCI INT A -&gt; Link[LNKA] -&gt; GSI 10 (level, high) -&gt; IRQ 10
[    2.117853] Serial: 8250/16550 driver, 32 ports, IRQ sharing enabled
[    2.164035] serial8250: ttyS0 at I/O 0x3f8 (irq = 4) is a 16550A
[    2.257092] serial8250: ttyS1 at I/O 0x2f8 (irq = 3) is a 16550A
[    2.391840] 00:05: ttyS0 at I/O 0x3f8 (irq = 4) is a 16550A
[    2.463920] 00:06: ttyS1 at I/O 0x2f8 (irq = 3) is a 16550A
[    2.515791] Linux agpgart interface v0.103
[    2.571784] brd: module loaded
[    2.573520] Refined TSC clocksource calibration: 2292.263 MHz.
[    2.574315] Switching to clocksource tsc
[    2.603561] loop: module loaded
[    2.649165]  vda: unknown partition table
[    2.697094] scsi0 : ata_piix
[    2.705085] scsi1 : ata_piix
[    2.706436] ata1: PATA max MWDMA2 cmd 0x1f0 ctl 0x3f6 bmdma 0xc0a0 irq 14
[    2.707373] ata2: PATA max MWDMA2 cmd 0x170 ctl 0x376 bmdma 0xc0a8 irq 15
[    2.717053] Fixed MDIO Bus: probed
[    2.717922] tun: Universal TUN/TAP device driver, 1.6
[    2.718572] tun: (C) 1999-2004 Max Krasnyansky &lt;maxk@qualcomm.com&gt;
[    2.730207] PPP generic driver version 2.4.2
[    2.751154] ehci_hcd: USB 2.0 'Enhanced' Host Controller (EHCI) Driver
[    2.752548] ohci_hcd: USB 1.1 'Open' Host Controller (OHCI) Driver
[    2.753908] uhci_hcd: USB Universal Host Controller Interface driver
[    2.755024] uhci_hcd 0000:00:01.2: PCI INT D -&gt; Link[LNKD] -&gt; GSI 11 (level, high) -&gt; IRQ 11
[    2.758284] uhci_hcd 0000:00:01.2: UHCI Host Controller
[    2.773402] uhci_hcd 0000:00:01.2: new USB bus registered, assigned bus number 1
[    2.775387] uhci_hcd 0000:00:01.2: irq 11, io base 0x0000c040
[    2.815071] hub 1-0:1.0: USB hub found
[    2.816836] hub 1-0:1.0: 2 ports detected
[    2.826500] usbcore: registered new interface driver libusual
[    2.829505] i8042: PNP: PS/2 Controller [PNP0303:KBD,PNP0f13:MOU] at 0x60,0x64 irq 1,12
[    2.843040] serio: i8042 KBD port at 0x60,0x64 irq 1
[    2.845351] serio: i8042 AUX port at 0x60,0x64 irq 12
[    2.862752] mousedev: PS/2 mouse device common for all mice
[    2.878671] rtc_cmos 00:01: RTC can wake from S4
[    2.890274] rtc_cmos 00:01: rtc core: registered rtc_cmos as rtc0
[    2.893922] rtc0: alarms up to one day, 114 bytes nvram, hpet irqs
[    2.897451] device-mapper: uevent: version 1.0.3
[    2.920863] device-mapper: ioctl: 4.22.0-ioctl (2011-10-19) initialised: dm-devel@redhat.com
[    2.923698] cpuidle: using governor ladder
[    2.925815] cpuidle: using governor menu
[    2.926358] EFI Variables Facility v0.08 2004-May-17
[    2.938282] TCP cubic registered
[    2.943505] NET: Registered protocol family 10
[    2.984073] NET: Registered protocol family 17
[    2.988728] Registering the dns_resolver key type
[    3.011184] input: AT Translated Set 2 keyboard as /devices/platform/i8042/serio0/input/input1
[    3.056415] ata2.01: ATAPI: QEMU DVD-ROM, 2.0.0, max UDMA/100
[    3.066783] ata2.01: configured for MWDMA2
[    3.099975] scsi 1:0:1:0: CD-ROM            QEMU     QEMU DVD-ROM     2.0. PQ: 0 ANSI: 5
[    3.126493] sr0: scsi3-mmc drive: 4x/4x cd/rw xa/form2 tray
[    3.127831] cdrom: Uniform CD-ROM driver Revision: 3.20
[    3.145262] sr 1:0:1:0: Attached scsi generic sg0 type 5
[    3.169635] registered taskstats version 1
[    3.255801] Freeing initrd memory: 3656k freed
[    3.711672]   Magic number: 11:376:569
[    3.720976] rtc_cmos 00:01: setting system clock to 2015-12-09 06:34:41 UTC (1449642881)
[    3.722771] powernow-k8: Processor cpuid 663 not supported
[    3.728015] BIOS EDD facility v0.16 2004-Jun-25, 0 devices found
[    3.729819] EDD information not available.
[    3.807943] Freeing unused kernel memory: 928k freed
[    3.813158] Write protecting the kernel read-only data: 12288k
[    3.930187] Freeing unused kernel memory: 1596k freed
[    3.989504] Freeing unused kernel memory: 1184k freed

info: initramfs: up at 4.15
modprobe: module virtio_blk not found in modules.dep
modprobe: module virtio_net not found in modules.dep
info: copying initramfs to /dev/vda
info: initramfs loading root from /dev/vda
info: /etc/init.d/rc.sysinit: up at 8.68
info: container: none
Starting logging: OK
modprobe: module virtio_blk not found in modules.dep
modprobe: module virtio_net not found in modules.dep
WARN: /etc/rc3.d/S10-load-modules failed
Initializing random number generator... done.
Starting acpid: OK
cirros-ds 'local' up at 11.31
found datasource (configdrive, local)
Starting network...
udhcpc (v1.20.1) started
Sending discover...
Sending discover...

2015-12-09 06:36:39,361 24662 INFO     [tempest_lib.common.rest_client] Request (TestNetworkBasicOps:_run_cleanups): 204 DELETE http://10.0.2.15:9696/v2.0/floatingips/65599852-3460-4474-af31-4fdde4b702dd 0.414s
2015-12-09 06:36:39,361 24662 DEBUG    [tempest_lib.common.rest_client] Request - Headers: {'Content-Type': 'application/json', 'Accept': 'application/json', 'X-Auth-Token': '&lt;omitted&gt;'}
        Body: None
    Response - Headers: {'date': 'Wed, 09 Dec 2015 06:36:39 GMT', 'status': '204', 'connection': 'close', 'content-length': '0', 'x-openstack-request-id': 'req-0e22c9a3-235b-4e07-9b4c-a3f171f20ae4'}
        Body: 
2015-12-09 06:36:39,578 24662 INFO     [tempest_lib.common.rest_client] Request (TestNetworkBasicOps:_run_cleanups): 204 DELETE http://10.0.2.15:8774/v2.1/a1226154ec0e401faf05d68d218cd67e/servers/5ef92b62-129b-490d-b069-457ab3295d9b 0.216s
2015-12-09 06:36:39,579 24662 DEBUG    [tempest_lib.common.rest_client] Request - Headers: {'Content-Type': 'application/json', 'Accept': 'application/json', 'X-Auth-Token': '&lt;omitted&gt;'}
        Body: None
    Response - Headers: {'status': '204', 'content-length': '0', 'x-compute-request-id': 'req-9affdf3c-8dee-496c-a152-911ecf687c9d', 'vary': 'X-OpenStack-Nova-API-Version', 'connection': 'close', 'x-openstack-nova-api-version': '2.1', 'date': 'Wed, 09 Dec 2015 06:36:39 GMT', 'content-type': 'application/json'}
        Body: 
2015-12-09 06:36:39,793 24662 INFO     [tempest_lib.common.rest_client] Request (TestNetworkBasicOps:_run_cleanups): 200 GET http://10.0.2.15:8774/v2.1/a1226154ec0e401faf05d68d218cd67e/servers/5ef92b62-129b-490d-b069-457ab3295d9b 0.213s
2015-12-09 06:36:39,793 24662 DEBUG    [tempest_lib.common.rest_client] Request - Headers: {'Content-Type': 'application/json', 'Accept': 'application/json', 'X-Auth-Token': '&lt;omitted&gt;'}
        Body: None
    Response - Headers: {'status': '200', 'content-length': '1775', 'content-location': 'http://10.0.2.15:8774/v2.1/a1226154ec0e401faf05d68d218cd67e/servers/5ef92b62-129b-490d-b069-457ab3295d9b', 'x-compute-request-id': 'req-6b791d5b-f6a1-4d8e-bff2-d370d1ae615f', 'vary': 'X-OpenStack-Nova-API-Version', 'connection': 'close', 'x-openstack-nova-api-version': '2.1', 'date': 'Wed, 09 Dec 2015 06:36:39 GMT', 'content-type': 'application/json'}
        Body: {"server": {"status": "ACTIVE", "updated": "2015-12-09T06:36:39Z", "hostId": "67d5e96313533e4bfb9e6bdc0e65211739d50093812b8fdb4813e2bb", "addresses": {"tempest-network-smoke--626718250": [{"OS-EXT-IPS-MAC:mac_addr": "fa:16:3e:e0:30:7a", "version": 4, "addr": "10.100.0.3", "OS-EXT-IPS:type": "fixed"}, {"OS-EXT-IPS-MAC:mac_addr": "fa:16:3e:e0:30:7a", "version": 4, "addr": "172.24.4.4", "OS-EXT-IPS:type": "floating"}]}, "links": [{"href": "http://10.0.2.15:8774/v2.1/a1226154ec0e401faf05d68d218cd67e/servers/5ef92b62-129b-490d-b069-457ab3295d9b", "rel": "self"}, {"href": "http://10.0.2.15:8774/a1226154ec0e401faf05d68d218cd67e/servers/5ef92b62-129b-490d-b069-457ab3295d9b", "rel": "bookmark"}], "key_name": "tempest-TestNetworkBasicOps-629015834", "image": {"id": "d2fc8b8b-d796-4cfd-8ebd-17a824498c14", "links": [{"href": "http://10.0.2.15:8774/a1226154ec0e401faf05d68d218cd67e/images/d2fc8b8b-d796-4cfd-8ebd-17a824498c14", "rel": "bookmark"}]}, "OS-EXT-STS:task_state": "deleting", "OS-EXT-STS:vm_state": "active", "OS-SRV-USG:launched_at": "2015-12-09T06:34:34.000000", "flavor": {"id": "42", "links": [{"href": "http://10.0.2.15:8774/a1226154ec0e401faf05d68d218cd67e/flavors/42", "rel": "bookmark"}]}, "id": "5ef92b62-129b-490d-b069-457ab3295d9b", "security_groups": [{"name": "tempest-secgroup-smoke-1009833229"}], "OS-SRV-USG:terminated_at": null, "OS-EXT-AZ:availability_zone": "nova", "user_id": "48686c06fb0b4d54b80b011c6edef2ba", "name": "tempest.common.compute-instance-1900684669", "created": "2015-12-09T06:34:31Z", "tenant_id": "a1226154ec0e401faf05d68d218cd67e", "OS-DCF:diskConfig": "MANUAL", "os-extended-volumes:volumes_attached": [], "accessIPv4": "", "accessIPv6": "", "progress": 0, "OS-EXT-STS:power_state": 1, "config_drive": "True", "metadata": {}}}
2015-12-09 06:36:40,961 24662 INFO     [tempest_lib.common.rest_client] Request (TestNetworkBasicOps:_run_cleanups): 200 GET http://10.0.2.15:8774/v2.1/a1226154ec0e401faf05d68d218cd67e/servers/5ef92b62-129b-490d-b069-457ab3295d9b 0.154s
2015-12-09 06:36:40,961 24662 DEBUG    [tempest_lib.common.rest_client] Request - Headers: {'Content-Type': 'application/json', 'Accept': 'application/json', 'X-Auth-Token': '&lt;omitted&gt;'}
        Body: None
    Response - Headers: {'status': '200', 'content-length': '1440', 'content-location': 'http://10.0.2.15:8774/v2.1/a1226154ec0e401faf05d68d218cd67e/servers/5ef92b62-129b-490d-b069-457ab3295d9b', 'x-compute-request-id': 'req-c3d3f917-c19c-4991-8a3a-5451aaa3a95d', 'vary': 'X-OpenStack-Nova-API-Version', 'connection': 'close', 'x-openstack-nova-api-version': '2.1', 'date': 'Wed, 09 Dec 2015 06:36:40 GMT', 'content-type': 'application/json'}
        Body: {"server": {"status": "ACTIVE", "updated": "2015-12-09T06:36:40Z", "hostId": "67d5e96313533e4bfb9e6bdc0e65211739d50093812b8fdb4813e2bb", "addresses": {}, "links": [{"href": "http://10.0.2.15:8774/v2.1/a1226154ec0e401faf05d68d218cd67e/servers/5ef92b62-129b-490d-b069-457ab3295d9b", "rel": "self"}, {"href": "http://10.0.2.15:8774/a1226154ec0e401faf05d68d218cd67e/servers/5ef92b62-129b-490d-b069-457ab3295d9b", "rel": "bookmark"}], "key_name": "tempest-TestNetworkBasicOps-629015834", "image": {"id": "d2fc8b8b-d796-4cfd-8ebd-17a824498c14", "links": [{"href": "http://10.0.2.15:8774/a1226154ec0e401faf05d68d218cd67e/images/d2fc8b8b-d796-4cfd-8ebd-17a824498c14", "rel": "bookmark"}]}, "OS-EXT-STS:task_state": "deleting", "OS-EXT-STS:vm_state": "active", "OS-SRV-USG:launched_at": "2015-12-09T06:34:34.000000", "flavor": {"id": "42", "links": [{"href": "http://10.0.2.15:8774/a1226154ec0e401faf05d68d218cd67e/flavors/42", "rel": "bookmark"}]}, "id": "5ef92b62-129b-490d-b069-457ab3295d9b", "OS-SRV-USG:terminated_at": null, "OS-EXT-AZ:availability_zone": "nova", "user_id": "48686c06fb0b4d54b80b011c6edef2ba", "name": "tempest.common.compute-instance-1900684669", "created": "2015-12-09T06:34:31Z", "tenant_id": "a1226154ec0e401faf05d68d218cd67e", "OS-DCF:diskConfig": "MANUAL", "os-extended-volumes:volumes_attached": [], "accessIPv4": "", "accessIPv6": "", "progress": 0, "OS-EXT-STS:power_state": 1, "config_drive": "True", "metadata": {}}}
2015-12-09 06:36:42,073 24662 INFO     [tempest_lib.common.rest_client] Request (TestNetworkBasicOps:_run_cleanups): 404 GET http://10.0.2.15:8774/v2.1/a1226154ec0e401faf05d68d218cd67e/servers/5ef92b62-129b-490d-b069-457ab3295d9b 0.094s
2015-12-09 06:36:42,074 24662 DEBUG    [tempest_lib.common.rest_client] Request - Headers: {'Content-Type': 'application/json', 'Accept': 'application/json', 'X-Auth-Token': '&lt;omitted&gt;'}
        Body: None
    Response - Headers: {'status': '404', 'content-length': '111', 'x-compute-request-id': 'req-c064ddfc-76df-4ca5-a630-1d4c26c4e518', 'vary': 'X-OpenStack-Nova-API-Version', 'connection': 'close', 'x-openstack-nova-api-version': '2.1', 'date': 'Wed, 09 Dec 2015 06:36:42 GMT', 'content-type': 'application/json; charset=UTF-8'}
        Body: {"itemNotFound": {"message": "Instance 5ef92b62-129b-490d-b069-457ab3295d9b could not be found.", "code": 404}}
2015-12-09 06:36:42,096 24662 INFO     [tempest_lib.common.rest_client] Request (TestNetworkBasicOps:_run_cleanups): 202 DELETE http://10.0.2.15:8774/v2.1/a1226154ec0e401faf05d68d218cd67e/os-keypairs/tempest-TestNetworkBasicOps-629015834 0.020s
2015-12-09 06:36:42,096 24662 DEBUG    [tempest_lib.common.rest_client] Request - Headers: {'Content-Type': 'application/json', 'Accept': 'application/json', 'X-Auth-Token': '&lt;omitted&gt;'}
        Body: None
    Response - Headers: {'status': '202', 'content-length': '0', 'x-compute-request-id': 'req-c873c351-59f0-4a0b-8414-f83a16d4dbbc', 'vary': 'X-OpenStack-Nova-API-Version', 'connection': 'close', 'x-openstack-nova-api-version': '2.1', 'date': 'Wed, 09 Dec 2015 06:36:42 GMT', 'content-type': 'application/json'}
        Body: 
2015-12-09 06:36:42,562 24662 INFO     [tempest_lib.common.rest_client] Request (TestNetworkBasicOps:_run_cleanups): 200 PUT http://10.0.2.15:9696/v2.0/routers/6e76f5d0-ebff-41c6-bc00-a0ebaf2cfd23/remove_router_interface 0.465s
2015-12-09 06:36:42,562 24662 DEBUG    [tempest_lib.common.rest_client] Request - Headers: {'Content-Type': 'application/json', 'Accept': 'application/json', 'X-Auth-Token': '&lt;omitted&gt;'}
        Body: {"subnet_id": "1f07e699-42bf-442f-8a97-bb3fa528a154"}
    Response - Headers: {'status': '200', 'content-length': '255', 'connection': 'close', 'date': 'Wed, 09 Dec 2015 06:36:42 GMT', 'content-type': 'application/json; charset=UTF-8', 'x-openstack-request-id': 'req-f9b0c5a7-0c3d-4d62-835c-ada8b44a123d'}
        Body: {"subnet_id": "1f07e699-42bf-442f-8a97-bb3fa528a154", "tenant_id": "a1226154ec0e401faf05d68d218cd67e", "subnet_ids": ["1f07e699-42bf-442f-8a97-bb3fa528a154"], "port_id": "7dcff7a7-eafe-49a4-89f1-ef09850f432f", "id": "6e76f5d0-ebff-41c6-bc00-a0ebaf2cfd23"}
2015-12-09 06:36:43,073 24662 INFO     [tempest_lib.common.rest_client] Request (TestNetworkBasicOps:_run_cleanups): 204 DELETE http://10.0.2.15:9696/v2.0/subnets/1f07e699-42bf-442f-8a97-bb3fa528a154 0.508s
2015-12-09 06:36:43,074 24662 DEBUG    [tempest_lib.common.rest_client] Request - Headers: {'Content-Type': 'application/json', 'Accept': 'application/json', 'X-Auth-Token': '&lt;omitted&gt;'}
        Body: None
    Response - Headers: {'date': 'Wed, 09 Dec 2015 06:36:43 GMT', 'status': '204', 'connection': 'close', 'content-length': '0', 'x-openstack-request-id': 'req-afcbc68a-3506-48f8-86a2-1295631ee30f'}
        Body: 
2015-12-09 06:36:43,132 24662 INFO     [tempest_lib.common.rest_client] Request (TestNetworkBasicOps:_run_cleanups): 200 GET http://10.0.2.15:9696/v2.0/routers/6e76f5d0-ebff-41c6-bc00-a0ebaf2cfd23 0.058s
2015-12-09 06:36:43,133 24662 DEBUG    [tempest_lib.common.rest_client] Request - Headers: {'Content-Type': 'application/json', 'Accept': 'application/json', 'X-Auth-Token': '&lt;omitted&gt;'}
        Body: None
    Response - Headers: {'status': '200', 'content-length': '563', 'content-location': 'http://10.0.2.15:9696/v2.0/routers/6e76f5d0-ebff-41c6-bc00-a0ebaf2cfd23', 'connection': 'close', 'date': 'Wed, 09 Dec 2015 06:36:43 GMT', 'content-type': 'application/json; charset=UTF-8', 'x-openstack-request-id': 'req-2e56b96d-a301-40df-be4d-c0a70c815a5c'}
        Body: {"router": {"status": "ACTIVE", "external_gateway_info": {"network_id": "946717ad-f3af-4a8d-82b0-b6ea064eff51", "enable_snat": true, "external_fixed_ips": [{"subnet_id": "b1655522-7acd-4ff9-9b27-4151e546bd1d", "ip_address": "172.24.4.3"}, {"subnet_id": "689a75ec-aafc-4951-8e4e-daffa9a84680", "ip_address": "2001:db8::4"}]}, "availability_zone_hints": [], "availability_zones": ["nova"], "name": "tempest-router-smoke-253412145", "admin_state_up": true, "tenant_id": "a1226154ec0e401faf05d68d218cd67e", "routes": [], "id": "6e76f5d0-ebff-41c6-bc00-a0ebaf2cfd23"}}
2015-12-09 06:36:43,563 24662 INFO     [tempest_lib.common.rest_client] Request (TestNetworkBasicOps:_run_cleanups): 200 PUT http://10.0.2.15:9696/v2.0/routers/6e76f5d0-ebff-41c6-bc00-a0ebaf2cfd23 0.429s
2015-12-09 06:36:43,564 24662 DEBUG    [tempest_lib.common.rest_client] Request - Headers: {'Content-Type': 'application/json', 'Accept': 'application/json', 'X-Auth-Token': '&lt;omitted&gt;'}
        Body: {"router": {"external_gateway_info": {}, "name": "tempest-router-smoke-253412145", "admin_state_up": true}}
    Response - Headers: {'status': '200', 'content-length': '301', 'connection': 'close', 'date': 'Wed, 09 Dec 2015 06:36:43 GMT', 'content-type': 'application/json; charset=UTF-8', 'x-openstack-request-id': 'req-9ced6f2b-8511-4312-a84a-ebd2c5f96ba4'}
        Body: {"router": {"status": "ACTIVE", "external_gateway_info": null, "availability_zone_hints": [], "availability_zones": ["nova"], "name": "tempest-router-smoke-253412145", "admin_state_up": true, "tenant_id": "a1226154ec0e401faf05d68d218cd67e", "routes": [], "id": "6e76f5d0-ebff-41c6-bc00-a0ebaf2cfd23"}}
2015-12-09 06:36:43,788 24662 INFO     [tempest_lib.common.rest_client] Request (TestNetworkBasicOps:_run_cleanups): 204 DELETE http://10.0.2.15:9696/v2.0/routers/6e76f5d0-ebff-41c6-bc00-a0ebaf2cfd23 0.223s
2015-12-09 06:36:43,789 24662 DEBUG    [tempest_lib.common.rest_client] Request - Headers: {'Content-Type': 'application/json', 'Accept': 'application/json', 'X-Auth-Token': '&lt;omitted&gt;'}
        Body: None
    Response - Headers: {'date': 'Wed, 09 Dec 2015 06:36:43 GMT', 'status': '204', 'connection': 'close', 'content-length': '0', 'x-openstack-request-id': 'req-72b8427a-0b88-49f7-bf7b-f68ec55b13d8'}
        Body: 
2015-12-09 06:36:44,000 24662 INFO     [tempest_lib.common.rest_client] Request (TestNetworkBasicOps:_run_cleanups): 204 DELETE http://10.0.2.15:9696/v2.0/networks/32018363-e6c3-4043-96fc-549b5ec32977 0.211s
2015-12-09 06:36:44,001 24662 DEBUG    [tempest_lib.common.rest_client] Request - Headers: {'Content-Type': 'application/json', 'Accept': 'application/json', 'X-Auth-Token': '&lt;omitted&gt;'}
        Body: None
    Response - Headers: {'date': 'Wed, 09 Dec 2015 06:36:43 GMT', 'status': '204', 'connection': 'close', 'content-length': '0', 'x-openstack-request-id': 'req-5be5c114-73bb-498d-b6e0-d39da29bb412'}
        Body: 
2015-12-09 06:36:44,065 24662 INFO     [tempest_lib.common.rest_client] Request (TestNetworkBasicOps:_run_cleanups): 204 DELETE http://10.0.2.15:9696/v2.0/security-group-rules/a07b94cc-a7f0-4d3b-b891-510263d9a60f 0.063s
2015-12-09 06:36:44,065 24662 DEBUG    [tempest_lib.common.rest_client] Request - Headers: {'Content-Type': 'application/json', 'Accept': 'application/json', 'X-Auth-Token': '&lt;omitted&gt;'}
        Body: None
    Response - Headers: {'date': 'Wed, 09 Dec 2015 06:36:44 GMT', 'status': '204', 'connection': 'close', 'content-length': '0', 'x-openstack-request-id': 'req-d7838193-f46d-4afb-9013-c10ca448bb1f'}
        Body: 
2015-12-09 06:36:44,137 24662 INFO     [tempest_lib.common.rest_client] Request (TestNetworkBasicOps:_run_cleanups): 204 DELETE http://10.0.2.15:9696/v2.0/security-group-rules/9b6b41ae-dcd7-4f28-be88-45280e3cdc4e 0.070s
2015-12-09 06:36:44,137 24662 DEBUG    [tempest_lib.common.rest_client] Request - Headers: {'Content-Type': 'application/json', 'Accept': 'application/json', 'X-Auth-Token': '&lt;omitted&gt;'}
        Body: None
    Response - Headers: {'date': 'Wed, 09 Dec 2015 06:36:44 GMT', 'status': '204', 'connection': 'close', 'content-length': '0', 'x-openstack-request-id': 'req-bb2891a1-5053-491c-a2fe-ca076a191eaa'}
        Body: 
2015-12-09 06:36:44,195 24662 INFO     [tempest_lib.common.rest_client] Request (TestNetworkBasicOps:_run_cleanups): 204 DELETE http://10.0.2.15:9696/v2.0/security-group-rules/6d996d5b-6a61-43e1-9a9a-65a0212823c4 0.057s
2015-12-09 06:36:44,196 24662 DEBUG    [tempest_lib.common.rest_client] Request - Headers: {'Content-Type': 'application/json', 'Accept': 'application/json', 'X-Auth-Token': '&lt;omitted&gt;'}
        Body: None
    Response - Headers: {'date': 'Wed, 09 Dec 2015 06:36:44 GMT', 'status': '204', 'connection': 'close', 'content-length': '0', 'x-openstack-request-id': 'req-ef441d07-0c4e-4f78-a80f-d83ed74044b3'}
        Body: 
2015-12-09 06:36:44,251 24662 INFO     [tempest_lib.common.rest_client] Request (TestNetworkBasicOps:_run_cleanups): 204 DELETE http://10.0.2.15:9696/v2.0/security-group-rules/e7cd8978-cf8a-4bee-9f58-69b64a5a734b 0.054s
2015-12-09 06:36:44,252 24662 DEBUG    [tempest_lib.common.rest_client] Request - Headers: {'Content-Type': 'application/json', 'Accept': 'application/json', 'X-Auth-Token': '&lt;omitted&gt;'}
        Body: None
    Response - Headers: {'date': 'Wed, 09 Dec 2015 06:36:44 GMT', 'status': '204', 'connection': 'close', 'content-length': '0', 'x-openstack-request-id': 'req-2440e981-1e14-4b90-a872-25681271a60e'}
        Body: 
2015-12-09 06:36:44,315 24662 INFO     [tempest_lib.common.rest_client] Request (TestNetworkBasicOps:_run_cleanups): 204 DELETE http://10.0.2.15:9696/v2.0/security-group-rules/2409dd4d-e0d3-4318-851f-732fdfe7848a 0.062s
