<?xml version="1.0" encoding="UTF-8"?>
<!DOCTYPE html PUBLIC "-//W3C//DTD XHTML 1.0 Strict//EN"
     "http://www.w3.org/TR/xhtml1/DTD/xhtml1-strict.dtd">
<html xmlns="http://www.w3.org/1999/xhtml">
<head>
    <title>Unit Test Report</title>
    <meta name="generator" content="subunit2html 0.1"/>
    <meta http-equiv="Content-Type" content="text/html; charset=UTF-8"/>
    
<style type="text/css" media="screen">
body        { font-family: verdana, arial, helvetica, sans-serif;
    font-size: 80%; }
table       { font-size: 100%; width: 100%;}
pre         { font-size: 80%; }

/* -- heading -------------------------------------------------------------- */
h1 {
        font-size: 16pt;
        color: gray;
}
.heading {
    margin-top: 0ex;
    margin-bottom: 1ex;
}

.heading .attribute {
    margin-top: 1ex;
    margin-bottom: 0;
}

.heading .description {
    margin-top: 4ex;
    margin-bottom: 6ex;
}

/* -- css div popup -------------------------------------------------------- */
a.popup_link {
}

a.popup_link:hover {
    color: red;
}

.popup_window {
    display: none;
    overflow-x: scroll;
    /*border: solid #627173 1px; */
    padding: 10px;
    background-color: #E6E6D6;
    font-family: "Ubuntu Mono", "Lucida Console", "Courier New", monospace;
    text-align: left;
    font-size: 8pt;
}

}
/* -- report --------------------------------------------------------------- */
#show_detail_line {
    margin-top: 3ex;
    margin-bottom: 1ex;
}
#result_table {
    width: 100%;
    border-collapse: collapse;
    border: 1px solid #777;
}
#header_row {
    font-weight: bold;
    color: white;
    background-color: #777;
}
#result_table td {
    border: 1px solid #777;
    padding: 2px;
}
#total_row  { font-weight: bold; }
.passClass  { background-color: #6c6; }
.failClass  { background-color: #c60; }
.errorClass { background-color: #c00; }
.passCase   { color: #6c6; }
.failCase   { color: #c60; font-weight: bold; }
.errorCase  { color: #c00; font-weight: bold; }
.hiddenRow  { display: none; }
.testcase   { margin-left: 2em; }
td.testname {width: 40%}
td.small {width: 40px}

/* -- ending --------------------------------------------------------------- */
#ending {
}

</style>

</head>
<body>
<script language="javascript" type="text/javascript"><!--
output_list = Array();

/* level - 0:Summary; 1:Failed; 2:All */
function showCase(level) {
    trs = document.getElementsByTagName("tr");
    for (var i = 0; i < trs.length; i++) {
        tr = trs[i];
        id = tr.id;
        if (id.substr(0,2) == 'ft') {
            if (level < 1) {
                tr.className = 'hiddenRow';
            }
            else {
                tr.className = '';
            }
        }
        if (id.substr(0,2) == 'pt') {
            if (level > 1) {
                tr.className = '';
            }
            else {
                tr.className = 'hiddenRow';
            }
        }
    }
}


function showClassDetail(cid, count) {
    var id_list = Array(count);
    var toHide = 1;
    for (var i = 0; i < count; i++) {
        tid0 = 't' + cid.substr(1) + '.' + (i+1);
        tid = 'f' + tid0;
        tr = document.getElementById(tid);
        if (!tr) {
            tid = 'p' + tid0;
            tr = document.getElementById(tid);
        }
        id_list[i] = tid;
        if (tr.className) {
            toHide = 0;
        }
    }
    for (var i = 0; i < count; i++) {
        tid = id_list[i];
        if (toHide) {
            document.getElementById('div_'+tid).style.display = 'none'
            document.getElementById(tid).className = 'hiddenRow';
        }
        else {
            document.getElementById(tid).className = '';
        }
    }
}


function showTestDetail(div_id){
    var details_div = document.getElementById(div_id)
    var displayState = details_div.style.display
    // alert(displayState)
    if (displayState != 'block' ) {
        displayState = 'block'
        details_div.style.display = 'block'
    }
    else {
        details_div.style.display = 'none'
    }
}


function html_escape(s) {
    s = s.replace(/&/g,'&amp;');
    s = s.replace(/</g,'&lt;');
    s = s.replace(/>/g,'&gt;');
    return s;
}

/* obsoleted by detail in <div>
function showOutput(id, name) {
    var w = window.open("", //url
                    name,
                    "resizable,scrollbars,status,width=800,height=450");
    d = w.document;
    d.write("<pre>");
    d.write(html_escape(output_list[id]));
    d.write("\n");
    d.write("<a href='javascript:window.close()'>close</a>\n");
    d.write("</pre>\n");
    d.close();
}
*/
--></script>

<div class='heading'>
<h1>Unit Test Report</h1>

<p class='attribute'><strong>Status:</strong> Pass 1 Failure 7 Skip 1</p>

<p class='description'></p>
</div>



<p id='show_detail_line'>Show
<a href='javascript:showCase(0)'>Summary</a>
<a href='javascript:showCase(1)'>Failed</a>
<a href='javascript:showCase(2)'>All</a>
</p>
<table id='result_table'>
<colgroup>
<col align='left' />
<col align='right' />
<col align='right' />
<col align='right' />
<col align='right' />
<col align='right' />
<col align='right' />
<col align='right' />
</colgroup>
<tr id='header_row'>
    <td>Test Group/Test case</td>
    <td>Count</td>
    <td>Pass</td>
    <td>Fail</td>
    <td>Error</td>
    <td>Skip</td>
    <td>View</td>
    <td> </td>
</tr>

<tr class='failClass'>
    <td class="testname">tempest.scenario.test_network_basic_ops.TestNetworkBasicOps</td>
    <td class="small">9</td>
    <td class="small">1</td>
    <td class="small">7</td>
    <td class="small">0</td>
    <td class="small">1</td>
    <td class="small"><a href="javascript:showClassDetail('c1',9)"
>Detail</a></td>
    <td> </td>
</tr>

<tr id='ft1.1' class='none'>
    <td class='failCase'><div class='testcase'>test_connectivity_between_vms_on_different_networks[compute,id-1546850e-fbaa-42f5-8b5f-03d8a6a95f15,network]</div></td>
    <td colspan='7' align='left'>

    <!--css div popup start-->
    <a class="popup_link" onfocus='this.blur();'
    href="javascript:showTestDetail('div_ft1.1')" >
        fail</a>

    <div id='div_ft1.1' class="popup_window">
        <div style='text-align: right; color:red;cursor:pointer'>
        <a onfocus='this.blur();'
onclick="document.getElementById('div_ft1.1').style.display = 'none' " >
           [x]</a>
        </div>
        <pre>
        
ft1.1: tempest.scenario.test_network_basic_ops.TestNetworkBasicOps.test_connectivity_between_vms_on_different_networks[compute,id-1546850e-fbaa-42f5-8b5f-03d8a6a95f15,network]_StringException: Empty attachments:
  stderr
  stdout

pythonlogging:'': {{{
2015-12-16 19:38:06,780 25486 INFO     [tempest_lib.common.rest_client] Request (TestNetworkBasicOps:test_connectivity_between_vms_on_different_networks): 201 POST http://10.0.2.15:9696/v2.0/security-groups 0.355s
2015-12-16 19:38:06,781 25486 DEBUG    [tempest_lib.common.rest_client] Request - Headers: {'Content-Type': 'application/json', 'Accept': 'application/json', 'X-Auth-Token': '&lt;omitted&gt;'}
        Body: {"security_group": {"tenant_id": "621ef8504c354b06b50e6ca82bc5d129", "description": "tempest-secgroup-smoke-2085100716 description", "name": "tempest-secgroup-smoke-2085100716"}}
    Response - Headers: {'status': '201', 'content-length': '888', 'connection': 'close', 'date': 'Wed, 16 Dec 2015 19:38:06 GMT', 'content-type': 'application/json; charset=UTF-8', 'x-openstack-request-id': 'req-7b91220c-612e-44ff-8fc7-1b4fd2890b30'}
        Body: {"security_group": {"tenant_id": "621ef8504c354b06b50e6ca82bc5d129", "description": "tempest-secgroup-smoke-2085100716 description", "id": "d1ef1bc5-8d34-400b-91cb-46fd4aed1df1", "security_group_rules": [{"remote_group_id": null, "direction": "egress", "remote_ip_prefix": null, "protocol": null, "ethertype": "IPv4", "tenant_id": "621ef8504c354b06b50e6ca82bc5d129", "port_range_max": null, "port_range_min": null, "id": "056388a0-3cc0-47b0-83aa-5dcbb36f3429", "security_group_id": "d1ef1bc5-8d34-400b-91cb-46fd4aed1df1"}, {"remote_group_id": null, "direction": "egress", "remote_ip_prefix": null, "protocol": null, "ethertype": "IPv6", "tenant_id": "621ef8504c354b06b50e6ca82bc5d129", "port_range_max": null, "port_range_min": null, "id": "a6e9e9d6-5e97-4f75-8de1-458319f7c160", "security_group_id": "d1ef1bc5-8d34-400b-91cb-46fd4aed1df1"}], "name": "tempest-secgroup-smoke-2085100716"}}
2015-12-16 19:38:06,911 25486 INFO     [tempest_lib.common.rest_client] Request (TestNetworkBasicOps:test_connectivity_between_vms_on_different_networks): 201 POST http://10.0.2.15:9696/v2.0/security-group-rules 0.128s
2015-12-16 19:38:06,912 25486 DEBUG    [tempest_lib.common.rest_client] Request - Headers: {'Content-Type': 'application/json', 'Accept': 'application/json', 'X-Auth-Token': '&lt;omitted&gt;'}
        Body: {"security_group_rule": {"direction": "ingress", "protocol": "tcp", "tenant_id": "621ef8504c354b06b50e6ca82bc5d129", "port_range_max": 22, "security_group_id": "d1ef1bc5-8d34-400b-91cb-46fd4aed1df1", "port_range_min": 22}}
    Response - Headers: {'status': '201', 'content-length': '340', 'connection': 'close', 'date': 'Wed, 16 Dec 2015 19:38:06 GMT', 'content-type': 'application/json; charset=UTF-8', 'x-openstack-request-id': 'req-3b81f0c0-56a8-45e8-8bab-4d6354fc183a'}
        Body: {"security_group_rule": {"remote_group_id": null, "direction": "ingress", "remote_ip_prefix": null, "protocol": "tcp", "ethertype": "IPv4", "tenant_id": "621ef8504c354b06b50e6ca82bc5d129", "port_range_max": 22, "port_range_min": 22, "id": "1b664894-f3bb-4fe5-a44d-6f4eceafe9b3", "security_group_id": "d1ef1bc5-8d34-400b-91cb-46fd4aed1df1"}}
2015-12-16 19:38:07,038 25486 INFO     [tempest_lib.common.rest_client] Request (TestNetworkBasicOps:test_connectivity_between_vms_on_different_networks): 201 POST http://10.0.2.15:9696/v2.0/security-group-rules 0.124s
2015-12-16 19:38:07,038 25486 DEBUG    [tempest_lib.common.rest_client] Request - Headers: {'Content-Type': 'application/json', 'Accept': 'application/json', 'X-Auth-Token': '&lt;omitted&gt;'}
        Body: {"security_group_rule": {"direction": "egress", "protocol": "tcp", "tenant_id": "621ef8504c354b06b50e6ca82bc5d129", "port_range_max": 22, "security_group_id": "d1ef1bc5-8d34-400b-91cb-46fd4aed1df1", "port_range_min": 22}}
    Response - Headers: {'status': '201', 'content-length': '339', 'connection': 'close', 'date': 'Wed, 16 Dec 2015 19:38:07 GMT', 'content-type': 'application/json; charset=UTF-8', 'x-openstack-request-id': 'req-0687c4dd-42f4-4a56-b320-dac0de580c4f'}
        Body: {"security_group_rule": {"remote_group_id": null, "direction": "egress", "remote_ip_prefix": null, "protocol": "tcp", "ethertype": "IPv4", "tenant_id": "621ef8504c354b06b50e6ca82bc5d129", "port_range_max": 22, "port_range_min": 22, "id": "bdbdcffb-9cd0-4393-a364-50a065560c27", "security_group_id": "d1ef1bc5-8d34-400b-91cb-46fd4aed1df1"}}
2015-12-16 19:38:07,158 25486 INFO     [tempest_lib.common.rest_client] Request (TestNetworkBasicOps:test_connectivity_between_vms_on_different_networks): 201 POST http://10.0.2.15:9696/v2.0/security-group-rules 0.118s
2015-12-16 19:38:07,158 25486 DEBUG    [tempest_lib.common.rest_client] Request - Headers: {'Content-Type': 'application/json', 'Accept': 'application/json', 'X-Auth-Token': '&lt;omitted&gt;'}
        Body: {"security_group_rule": {"tenant_id": "621ef8504c354b06b50e6ca82bc5d129", "direction": "ingress", "protocol": "icmp", "security_group_id": "d1ef1bc5-8d34-400b-91cb-46fd4aed1df1"}}
    Response - Headers: {'status': '201', 'content-length': '345', 'connection': 'close', 'date': 'Wed, 16 Dec 2015 19:38:07 GMT', 'content-type': 'application/json; charset=UTF-8', 'x-openstack-request-id': 'req-80bb7d00-c6e4-4685-9b94-3bdf66cbcbea'}
        Body: {"security_group_rule": {"remote_group_id": null, "direction": "ingress", "remote_ip_prefix": null, "protocol": "icmp", "ethertype": "IPv4", "tenant_id": "621ef8504c354b06b50e6ca82bc5d129", "port_range_max": null, "port_range_min": null, "id": "c1cc3ee5-1da9-4593-b027-d7e776e536ce", "security_group_id": "d1ef1bc5-8d34-400b-91cb-46fd4aed1df1"}}
2015-12-16 19:38:07,283 25486 INFO     [tempest_lib.common.rest_client] Request (TestNetworkBasicOps:test_connectivity_between_vms_on_different_networks): 201 POST http://10.0.2.15:9696/v2.0/security-group-rules 0.124s
2015-12-16 19:38:07,284 25486 DEBUG    [tempest_lib.common.rest_client] Request - Headers: {'Content-Type': 'application/json', 'Accept': 'application/json', 'X-Auth-Token': '&lt;omitted&gt;'}
        Body: {"security_group_rule": {"tenant_id": "621ef8504c354b06b50e6ca82bc5d129", "direction": "egress", "protocol": "icmp", "security_group_id": "d1ef1bc5-8d34-400b-91cb-46fd4aed1df1"}}
    Response - Headers: {'status': '201', 'content-length': '344', 'connection': 'close', 'date': 'Wed, 16 Dec 2015 19:38:07 GMT', 'content-type': 'application/json; charset=UTF-8', 'x-openstack-request-id': 'req-7ee53df0-5039-46e2-b819-21959cd8cc1c'}
        Body: {"security_group_rule": {"remote_group_id": null, "direction": "egress", "remote_ip_prefix": null, "protocol": "icmp", "ethertype": "IPv4", "tenant_id": "621ef8504c354b06b50e6ca82bc5d129", "port_range_max": null, "port_range_min": null, "id": "feac37ed-80ed-409b-aa12-7ca52fc096b1", "security_group_id": "d1ef1bc5-8d34-400b-91cb-46fd4aed1df1"}}
2015-12-16 19:38:07,411 25486 INFO     [tempest_lib.common.rest_client] Request (TestNetworkBasicOps:test_connectivity_between_vms_on_different_networks): 201 POST http://10.0.2.15:9696/v2.0/security-group-rules 0.126s
2015-12-16 19:38:07,412 25486 DEBUG    [tempest_lib.common.rest_client] Request - Headers: {'Content-Type': 'application/json', 'Accept': 'application/json', 'X-Auth-Token': '&lt;omitted&gt;'}
        Body: {"security_group_rule": {"tenant_id": "621ef8504c354b06b50e6ca82bc5d129", "direction": "ingress", "security_group_id": "d1ef1bc5-8d34-400b-91cb-46fd4aed1df1", "protocol": "icmp", "ethertype": "IPv6"}}
    Response - Headers: {'status': '201', 'content-length': '345', 'connection': 'close', 'date': 'Wed, 16 Dec 2015 19:38:07 GMT', 'content-type': 'application/json; charset=UTF-8', 'x-openstack-request-id': 'req-ffa09c90-1106-476a-b57a-e1e306e3ebc8'}
        Body: {"security_group_rule": {"remote_group_id": null, "direction": "ingress", "remote_ip_prefix": null, "protocol": "icmp", "ethertype": "IPv6", "tenant_id": "621ef8504c354b06b50e6ca82bc5d129", "port_range_max": null, "port_range_min": null, "id": "e1da516e-570f-49af-af6f-adb9e4eed5b9", "security_group_id": "d1ef1bc5-8d34-400b-91cb-46fd4aed1df1"}}
2015-12-16 19:38:07,539 25486 INFO     [tempest_lib.common.rest_client] Request (TestNetworkBasicOps:test_connectivity_between_vms_on_different_networks): 201 POST http://10.0.2.15:9696/v2.0/security-group-rules 0.126s
2015-12-16 19:38:07,539 25486 DEBUG    [tempest_lib.common.rest_client] Request - Headers: {'Content-Type': 'application/json', 'Accept': 'application/json', 'X-Auth-Token': '&lt;omitted&gt;'}
        Body: {"security_group_rule": {"tenant_id": "621ef8504c354b06b50e6ca82bc5d129", "direction": "egress", "security_group_id": "d1ef1bc5-8d34-400b-91cb-46fd4aed1df1", "protocol": "icmp", "ethertype": "IPv6"}}
    Response - Headers: {'status': '201', 'content-length': '344', 'connection': 'close', 'date': 'Wed, 16 Dec 2015 19:38:07 GMT', 'content-type': 'application/json; charset=UTF-8', 'x-openstack-request-id': 'req-311c6101-b84b-4e18-89e9-83a5fe042e08'}
        Body: {"security_group_rule": {"remote_group_id": null, "direction": "egress", "remote_ip_prefix": null, "protocol": "icmp", "ethertype": "IPv6", "tenant_id": "621ef8504c354b06b50e6ca82bc5d129", "port_range_max": null, "port_range_min": null, "id": "990f3fbd-39e1-40ed-8698-4fb349cad2f9", "security_group_id": "d1ef1bc5-8d34-400b-91cb-46fd4aed1df1"}}
2015-12-16 19:38:07,730 25486 INFO     [tempest_lib.common.rest_client] Request (TestNetworkBasicOps:test_connectivity_between_vms_on_different_networks): 201 POST http://10.0.2.15:9696/v2.0/networks 0.189s
2015-12-16 19:38:07,731 25486 DEBUG    [tempest_lib.common.rest_client] Request - Headers: {'Content-Type': 'application/json', 'Accept': 'application/json', 'X-Auth-Token': '&lt;omitted&gt;'}
        Body: {"network": {"tenant_id": "621ef8504c354b06b50e6ca82bc5d129", "name": "tempest-network-smoke--425232356"}}
    Response - Headers: {'status': '201', 'content-length': '328', 'connection': 'close', 'date': 'Wed, 16 Dec 2015 19:38:07 GMT', 'content-type': 'application/json; charset=UTF-8', 'x-openstack-request-id': 'req-606b1cce-3eab-4d3e-aac9-e42261e66780'}
        Body: {"network": {"status": "ACTIVE", "subnets": [], "availability_zone_hints": "[]", "name": "tempest-network-smoke--425232356", "admin_state_up": true, "tenant_id": "621ef8504c354b06b50e6ca82bc5d129", "mtu": 0, "router:external": false, "shared": false, "port_security_enabled": true, "id": "ad38fe6c-f8a8-4e98-a189-8d5d4826e68f"}}
2015-12-16 19:38:07,963 25486 INFO     [tempest_lib.common.rest_client] Request (TestNetworkBasicOps:test_connectivity_between_vms_on_different_networks): 201 POST http://10.0.2.15:9696/v2.0/routers 0.231s
2015-12-16 19:38:07,964 25486 DEBUG    [tempest_lib.common.rest_client] Request - Headers: {'Content-Type': 'application/json', 'Accept': 'application/json', 'X-Auth-Token': '&lt;omitted&gt;'}
        Body: {"router": {"tenant_id": "621ef8504c354b06b50e6ca82bc5d129", "name": "tempest-router-smoke-1710167368", "admin_state_up": true}}
    Response - Headers: {'status': '201', 'content-length': '296', 'connection': 'close', 'date': 'Wed, 16 Dec 2015 19:38:07 GMT', 'content-type': 'application/json; charset=UTF-8', 'x-openstack-request-id': 'req-17a42063-f189-48d3-aba2-cb5260806dd5'}
        Body: {"router": {"status": "ACTIVE", "external_gateway_info": null, "availability_zone_hints": [], "availability_zones": [], "name": "tempest-router-smoke-1710167368", "admin_state_up": true, "tenant_id": "621ef8504c354b06b50e6ca82bc5d129", "routes": [], "id": "491ca727-8da1-402d-898f-d9ac534a7f8b"}}
2015-12-16 19:38:08,029 25486 INFO     [tempest_lib.common.rest_client] Request (TestNetworkBasicOps:test_connectivity_between_vms_on_different_networks): 200 GET http://10.0.2.15:9696/v2.0/routers/491ca727-8da1-402d-898f-d9ac534a7f8b 0.064s
2015-12-16 19:38:08,030 25486 DEBUG    [tempest_lib.common.rest_client] Request - Headers: {'Content-Type': 'application/json', 'Accept': 'application/json', 'X-Auth-Token': '&lt;omitted&gt;'}
        Body: None
    Response - Headers: {'status': '200', 'content-length': '296', 'content-location': 'http://10.0.2.15:9696/v2.0/routers/491ca727-8da1-402d-898f-d9ac534a7f8b', 'connection': 'close', 'date': 'Wed, 16 Dec 2015 19:38:08 GMT', 'content-type': 'application/json; charset=UTF-8', 'x-openstack-request-id': 'req-fa74ae48-0bb6-47e5-8623-76aaa5a2f61b'}
        Body: {"router": {"status": "ACTIVE", "external_gateway_info": null, "availability_zone_hints": [], "availability_zones": [], "name": "tempest-router-smoke-1710167368", "admin_state_up": true, "tenant_id": "621ef8504c354b06b50e6ca82bc5d129", "routes": [], "id": "491ca727-8da1-402d-898f-d9ac534a7f8b"}}
2015-12-16 19:38:09,387 25486 INFO     [tempest_lib.common.rest_client] Request (TestNetworkBasicOps:test_connectivity_between_vms_on_different_networks): 200 PUT http://10.0.2.15:9696/v2.0/routers/491ca727-8da1-402d-898f-d9ac534a7f8b 1.356s
2015-12-16 19:38:09,388 25486 DEBUG    [tempest_lib.common.rest_client] Request - Headers: {'Content-Type': 'application/json', 'Accept': 'application/json', 'X-Auth-Token': '&lt;omitted&gt;'}
        Body: {"router": {"external_gateway_info": {"network_id": "f78bf7ce-ef79-4b1d-819f-bcc50534568a"}, "name": "tempest-router-smoke-1710167368", "admin_state_up": true}}
    Response - Headers: {'status': '200', 'content-length': '558', 'connection': 'close', 'date': 'Wed, 16 Dec 2015 19:38:09 GMT', 'content-type': 'application/json; charset=UTF-8', 'x-openstack-request-id': 'req-06a88bd4-b916-4524-9410-7d693c5c7381'}
        Body: {"router": {"status": "ACTIVE", "external_gateway_info": {"network_id": "f78bf7ce-ef79-4b1d-819f-bcc50534568a", "enable_snat": true, "external_fixed_ips": [{"subnet_id": "f2b82872-627f-4faf-8a05-ac525afebb4a", "ip_address": "172.24.4.3"}, {"subnet_id": "db2cc6ba-076c-4b4b-9f01-2e6149e649d9", "ip_address": "2001:db8::3"}]}, "availability_zone_hints": [], "availability_zones": [], "name": "tempest-router-smoke-1710167368", "admin_state_up": true, "tenant_id": "621ef8504c354b06b50e6ca82bc5d129", "routes": [], "id": "491ca727-8da1-402d-898f-d9ac534a7f8b"}}
2015-12-16 19:38:09,529 25486 INFO     [tempest_lib.common.rest_client] Request (TestNetworkBasicOps:test_connectivity_between_vms_on_different_networks): 200 GET http://10.0.2.15:9696/v2.0/subnets?tenant_id=621ef8504c354b06b50e6ca82bc5d129&amp;cidr=10.100.0.0%2F28 0.140s
2015-12-16 19:38:09,530 25486 DEBUG    [tempest_lib.common.rest_client] Request - Headers: {'Content-Type': 'application/json', 'Accept': 'application/json', 'X-Auth-Token': '&lt;omitted&gt;'}
        Body: None
    Response - Headers: {'status': '200', 'content-length': '15', 'content-location': 'http://10.0.2.15:9696/v2.0/subnets?tenant_id=621ef8504c354b06b50e6ca82bc5d129&amp;cidr=10.100.0.0%2F28', 'connection': 'close', 'date': 'Wed, 16 Dec 2015 19:38:09 GMT', 'content-type': 'application/json; charset=UTF-8', 'x-openstack-request-id': 'req-634a0446-5843-4a7f-b841-3ed2da1b04e1'}
        Body: {"subnets": []}
2015-12-16 19:38:09,848 25486 INFO     [tempest_lib.common.rest_client] Request (TestNetworkBasicOps:test_connectivity_between_vms_on_different_networks): 201 POST http://10.0.2.15:9696/v2.0/subnets 0.318s
2015-12-16 19:38:09,849 25486 DEBUG    [tempest_lib.common.rest_client] Request - Headers: {'Content-Type': 'application/json', 'Accept': 'application/json', 'X-Auth-Token': '&lt;omitted&gt;'}
        Body: {"subnet": {"ip_version": 4, "tenant_id": "621ef8504c354b06b50e6ca82bc5d129", "cidr": "10.100.0.0/28", "network_id": "ad38fe6c-f8a8-4e98-a189-8d5d4826e68f", "name": "tempest-subnet-smoke-1102432028"}}
    Response - Headers: {'status': '201', 'content-length': '478', 'connection': 'close', 'date': 'Wed, 16 Dec 2015 19:38:09 GMT', 'content-type': 'application/json; charset=UTF-8', 'x-openstack-request-id': 'req-b0720375-3334-4755-9dd3-f1c335caaffe'}
        Body: {"subnet": {"name": "tempest-subnet-smoke-1102432028", "enable_dhcp": true, "network_id": "ad38fe6c-f8a8-4e98-a189-8d5d4826e68f", "tenant_id": "621ef8504c354b06b50e6ca82bc5d129", "dns_nameservers": [], "gateway_ip": "10.100.0.1", "ipv6_ra_mode": null, "allocation_pools": [{"start": "10.100.0.2", "end": "10.100.0.14"}], "host_routes": [], "ip_version": 4, "ipv6_address_mode": null, "cidr": "10.100.0.0/28", "id": "11fe6f77-74ca-4c14-9f9c-3e60cf0f511c", "subnetpool_id": null}}
2015-12-16 19:38:10,405 25486 INFO     [tempest_lib.common.rest_client] Request (TestNetworkBasicOps:test_connectivity_between_vms_on_different_networks): 200 PUT http://10.0.2.15:9696/v2.0/routers/491ca727-8da1-402d-898f-d9ac534a7f8b/add_router_interface 0.555s
2015-12-16 19:38:10,405 25486 DEBUG    [tempest_lib.common.rest_client] Request - Headers: {'Content-Type': 'application/json', 'Accept': 'application/json', 'X-Auth-Token': '&lt;omitted&gt;'}
        Body: {"subnet_id": "11fe6f77-74ca-4c14-9f9c-3e60cf0f511c"}
    Response - Headers: {'status': '200', 'content-length': '255', 'connection': 'close', 'date': 'Wed, 16 Dec 2015 19:38:10 GMT', 'content-type': 'application/json; charset=UTF-8', 'x-openstack-request-id': 'req-9dd9ea4d-c99e-465e-a304-2b4c52fcf5b5'}
        Body: {"subnet_id": "11fe6f77-74ca-4c14-9f9c-3e60cf0f511c", "tenant_id": "621ef8504c354b06b50e6ca82bc5d129", "subnet_ids": ["11fe6f77-74ca-4c14-9f9c-3e60cf0f511c"], "port_id": "82f7ee3f-4ffa-49af-ad23-4c5d7d9b187d", "id": "491ca727-8da1-402d-898f-d9ac534a7f8b"}
2015-12-16 19:38:10,470 25486 INFO     [tempest_lib.common.rest_client] Request (TestNetworkBasicOps:test_connectivity_between_vms_on_different_networks): 200 GET http://10.0.2.15:9696/v2.0/networks 0.063s
2015-12-16 19:38:10,470 25486 DEBUG    [tempest_lib.common.rest_client] Request - Headers: {'Content-Type': 'application/json', 'Accept': 'application/json', 'X-Auth-Token': '&lt;omitted&gt;'}
        Body: None
    Response - Headers: {'status': '200', 'content-length': '1506', 'content-location': 'http://10.0.2.15:9696/v2.0/networks', 'connection': 'close', 'date': 'Wed, 16 Dec 2015 19:38:10 GMT', 'content-type': 'application/json; charset=UTF-8', 'x-openstack-request-id': 'req-363d302f-8a07-49c3-8e34-2f15c5e9aa9b'}
        Body: {"networks": [{"status": "ACTIVE", "subnets": ["11fe6f77-74ca-4c14-9f9c-3e60cf0f511c"], "availability_zone_hints": [], "availability_zones": ["nova"], "name": "tempest-network-smoke--425232356", "provider:physical_network": null, "admin_state_up": true, "tenant_id": "621ef8504c354b06b50e6ca82bc5d129", "mtu": 0, "router:external": false, "shared": false, "port_security_enabled": true, "provider:network_type": "vxlan", "id": "ad38fe6c-f8a8-4e98-a189-8d5d4826e68f", "provider:segmentation_id": 1098}, {"status": "ACTIVE", "subnets": ["5d334f80-07e3-4aec-8e3d-d4e0efbbf5e1", "45ff1376-8958-4b72-9133-8e094a5f5ace"], "availability_zone_hints": [], "availability_zones": ["nova"], "name": "private", "provider:physical_network": null, "admin_state_up": true, "tenant_id": "ed3a66edff4f435b89edb6075b8ac8d8", "mtu": 0, "router:external": false, "shared": false, "port_security_enabled": true, "provider:network_type": "vxlan", "id": "65ffa91c-b3b6-4b25-aac8-04b39e072ce8", "provider:segmentation_id": 1051}, {"status": "ACTIVE", "subnets": ["f2b82872-627f-4faf-8a05-ac525afebb4a", "db2cc6ba-076c-4b4b-9f01-2e6149e649d9"], "availability_zone_hints": [], "availability_zones": ["nova"], "name": "public", "provider:physical_network": null, "admin_state_up": true, "tenant_id": "6a57622a47a047c1a38cc1a83fac8b16", "mtu": 0, "router:external": true, "shared": false, "port_security_enabled": true, "provider:network_type": "vxlan", "id": "f78bf7ce-ef79-4b1d-819f-bcc50534568a", "provider:segmentation_id": 1084}]}
2015-12-16 19:38:10,640 25486 INFO     [tempest_lib.common.rest_client] Request (TestNetworkBasicOps:test_connectivity_between_vms_on_different_networks): 200 GET http://10.0.2.15:9696/v2.0/subnets 0.169s
2015-12-16 19:38:10,640 25486 DEBUG    [tempest_lib.common.rest_client] Request - Headers: {'Content-Type': 'application/json', 'Accept': 'application/json', 'X-Auth-Token': '&lt;omitted&gt;'}
        Body: None
    Response - Headers: {'status': '200', 'content-length': '2408', 'content-location': 'http://10.0.2.15:9696/v2.0/subnets', 'connection': 'close', 'date': 'Wed, 16 Dec 2015 19:38:10 GMT', 'content-type': 'application/json; charset=UTF-8', 'x-openstack-request-id': 'req-c377b226-d15d-4bef-af90-583b9c5ceb29'}
        Body: {"subnets": [{"name": "ipv6-private-subnet", "enable_dhcp": true, "network_id": "65ffa91c-b3b6-4b25-aac8-04b39e072ce8", "tenant_id": "ed3a66edff4f435b89edb6075b8ac8d8", "dns_nameservers": [], "gateway_ip": "fd2b:74a1:a340::1", "ipv6_ra_mode": "slaac", "allocation_pools": [{"start": "fd2b:74a1:a340::2", "end": "fd2b:74a1:a340:0:ffff:ffff:ffff:ffff"}], "host_routes": [], "ip_version": 6, "ipv6_address_mode": "slaac", "cidr": "fd2b:74a1:a340::/64", "id": "45ff1376-8958-4b72-9133-8e094a5f5ace", "subnetpool_id": null}, {"name": "public-subnet", "enable_dhcp": false, "network_id": "f78bf7ce-ef79-4b1d-819f-bcc50534568a", "tenant_id": "6a57622a47a047c1a38cc1a83fac8b16", "dns_nameservers": [], "gateway_ip": "172.24.4.1", "ipv6_ra_mode": null, "allocation_pools": [{"start": "172.24.4.2", "end": "172.24.4.254"}], "host_routes": [], "ip_version": 4, "ipv6_address_mode": null, "cidr": "172.24.4.0/24", "id": "f2b82872-627f-4faf-8a05-ac525afebb4a", "subnetpool_id": null}, {"name": "ipv6-public-subnet", "enable_dhcp": false, "network_id": "f78bf7ce-ef79-4b1d-819f-bcc50534568a", "tenant_id": "6a57622a47a047c1a38cc1a83fac8b16", "dns_nameservers": [], "gateway_ip": "2001:db8::2", "ipv6_ra_mode": null, "allocation_pools": [{"start": "2001:db8::3", "end": "2001:db8::ffff:ffff:ffff:ffff"}, {"start": "2001:db8::1", "end": "2001:db8::1"}], "host_routes": [], "ip_version": 6, "ipv6_address_mode": null, "cidr": "2001:db8::/64", "id": "db2cc6ba-076c-4b4b-9f01-2e6149e649d9", "subnetpool_id": null}, {"name": "tempest-subnet-smoke-1102432028", "enable_dhcp": true, "network_id": "ad38fe6c-f8a8-4e98-a189-8d5d4826e68f", "tenant_id": "621ef8504c354b06b50e6ca82bc5d129", "dns_nameservers": [], "gateway_ip": "10.100.0.1", "ipv6_ra_mode": null, "allocation_pools": [{"start": "10.100.0.2", "end": "10.100.0.14"}], "host_routes": [], "ip_version": 4, "ipv6_address_mode": null, "cidr": "10.100.0.0/28", "id": "11fe6f77-74ca-4c14-9f9c-3e60cf0f511c", "subnetpool_id": null}, {"name": "private-subnet", "enable_dhcp": true, "network_id": "65ffa91c-b3b6-4b25-aac8-04b39e072ce8", "tenant_id": "ed3a66edff4f435b89edb6075b8ac8d8", "dns_nameservers": [], "gateway_ip": "10.0.0.1", "ipv6_ra_mode": null, "allocation_pools": [{"start": "10.0.0.2", "end": "10.0.0.254"}], "host_routes": [], "ip_version": 4, "ipv6_address_mode": null, "cidr": "10.0.0.0/24", "id": "5d334f80-07e3-4aec-8e3d-d4e0efbbf5e1", "subnetpool_id": null}]}
2015-12-16 19:38:10,692 25486 INFO     [tempest_lib.common.rest_client] Request (TestNetworkBasicOps:test_connectivity_between_vms_on_different_networks): 200 GET http://10.0.2.15:9696/v2.0/routers 0.050s
2015-12-16 19:38:10,692 25486 DEBUG    [tempest_lib.common.rest_client] Request - Headers: {'Content-Type': 'application/json', 'Accept': 'application/json', 'X-Auth-Token': '&lt;omitted&gt;'}
        Body: None
    Response - Headers: {'status': '200', 'content-length': '1167', 'content-location': 'http://10.0.2.15:9696/v2.0/routers', 'connection': 'close', 'date': 'Wed, 16 Dec 2015 19:38:10 GMT', 'content-type': 'application/json; charset=UTF-8', 'x-openstack-request-id': 'req-06b5e3b9-833d-449e-820c-05cee8a632c8'}
        Body: {"routers": [{"status": "ACTIVE", "external_gateway_info": {"network_id": "f78bf7ce-ef79-4b1d-819f-bcc50534568a", "enable_snat": true, "external_fixed_ips": [{"subnet_id": "f2b82872-627f-4faf-8a05-ac525afebb4a", "ip_address": "172.24.4.3"}, {"subnet_id": "db2cc6ba-076c-4b4b-9f01-2e6149e649d9", "ip_address": "2001:db8::3"}]}, "availability_zone_hints": [], "availability_zones": ["nova"], "name": "tempest-router-smoke-1710167368", "admin_state_up": true, "tenant_id": "621ef8504c354b06b50e6ca82bc5d129", "distributed": false, "routes": [], "ha": false, "id": "491ca727-8da1-402d-898f-d9ac534a7f8b"}, {"status": "ACTIVE", "external_gateway_info": {"network_id": "f78bf7ce-ef79-4b1d-819f-bcc50534568a", "enable_snat": true, "external_fixed_ips": [{"subnet_id": "f2b82872-627f-4faf-8a05-ac525afebb4a", "ip_address": "172.24.4.2"}, {"subnet_id": "db2cc6ba-076c-4b4b-9f01-2e6149e649d9", "ip_address": "2001:db8::1"}]}, "availability_zone_hints": [], "availability_zones": ["nova"], "name": "router1", "admin_state_up": true, "tenant_id": "ed3a66edff4f435b89edb6075b8ac8d8", "distributed": false, "routes": [], "ha": false, "id": "ee9c8e49-7732-47a6-b0f7-e2a2a9656fb9"}]}
2015-12-16 19:38:11,081 25486 INFO     [tempest_lib.common.rest_client] Request (TestNetworkBasicOps:test_connectivity_between_vms_on_different_networks): 200 POST http://10.0.2.15:8774/v2.1/621ef8504c354b06b50e6ca82bc5d129/os-keypairs 0.388s
2015-12-16 19:38:11,082 25486 DEBUG    [tempest_lib.common.rest_client] Request - Headers: {'Content-Type': 'application/json', 'Accept': 'application/json', 'X-Auth-Token': '&lt;omitted&gt;'}
        Body: {"keypair": {"name": "tempest-TestNetworkBasicOps-2007475774"}}
    Response - Headers: {'status': '200', 'content-length': '2321', 'x-compute-request-id': 'req-4bcb7470-f572-4451-ba12-3da87060ad20', 'vary': 'X-OpenStack-Nova-API-Version', 'connection': 'close', 'x-openstack-nova-api-version': '2.1', 'date': 'Wed, 16 Dec 2015 19:38:11 GMT', 'content-type': 'application/json'}
        Body: {"keypair": {"public_key": "ssh-rsa AAAAB3NzaC1yc2EAAAADAQABAAABAQCuwrIpcYWDJm2Kmqw516LfxoF6mM4GFxY0mDvxynFc4uo6cGUusDQeSdvs7KR6qaKh6MXDEbMVJlVWrda8D+pqlnl2Xb1NPw0dhWL3TG15Og3IWn08W/ZPi86D4IHPyoma9Xl/IkmQolGTZd9PQ+ckXV1YQD2UMamuXiTOZd3e5PDNIfdwylxzr/hKb+bPIQeqC6sPtwe5wducth4B5f4+rJDqSY/SXHCUZ2eTwRkhqW6a8zblpLwDVB55RihCoVmi71T2z+1SqI1DV62qlGPcenwvLfoJreADJYKR0HB6ijCP+E5R0JLAGsbRYj9IRWqiKxdU8KqrmyJpEmhhD+wz Generated-by-Nova", "private_key": "-----BEGIN RSA PRIVATE KEY-----\nMIIEpwIBAAKCAQEArsKyKXGFgyZtipqsOdei38aBepjOBhcWNJg78cpxXOLqOnBl\nLrA0Hknb7OykeqmioejFwxGzFSZVVq3WvA/qapZ5dl29TT8NHYVi90xteToNyFp9\nPFv2T4vOg+CBz8qJmvV5fyJJkKJRk2XfT0PnJF1dWEA9lDGprl4kzmXd3uTwzSH3\ncMpcc6/4Sm/mzyEHqgurD7cHucHbnLYeAeX+PqyQ6kmP0lxwlGdnk8EZIalumvM2\n5aS8A1QeeUYoQqFZou9U9s/tUqiNQ1etqpRj3Hp8Ly36Ca3gAyWCkdBweoowj/hO\nUdCSwBrG0WI/SEVqoisXVPCqq5siaRJoYQ/sMwIDAQABAoIBAAWFw4mJu9VcJoQF\nxUGCrfPyWu8b2w7YNextjx9h7VkpFovIN3pVOSBn5xpClCQILkp9h5pVedpGPtYh\nYjLJMfgyTx5Ncgj54Bk5uNnlwWPeUMcvDNwWb98tpNYIBzIgzV5nOXKqC7cVWgyV\nYIwpsik1Bhke1pNTSnBnKzSWhX9goUpueRa/NoPFCWUFV7OGG04G+VadMTiTjOCM\nv/oiDiS7bzJ+WxLjHAdFW7u1i1JJxs0YnUbGB0XlL00ZnbESwLx8O9jn2+hNCPVm\nEptMGvKlZTpMnTw726G67D6AtN8gcWuwCRVHMtNp2Dp8CeFksGH9EPKQyofNIAx3\nii1g5qECggCBAMDHNDnwEaY+PEJc5SN2m3gYSG8IMrE6TrAcKGGsNMBUSGVFj2T/\n5b1RfDI6j7MyQJiaW/S2xy7+yBfPVZoKEnpY/SERehvPzIpEcB6fjd2oJVrdEAOK\nc0rz3hhV8C2aQ68ajp2AhE+5MSuG7GOxHpZhkJjs+WWycg2cOGvkXRIxAoIAgQDo\nEtBBndtKa+WJa6iWfcCrHkZXZgOtrDnCDIc+JD5fUSo0jWt65H0DzyucD7u3St7A\nI4WJNj6UkUjBxuAEbqUlWOgmKF5+jELTGrabmxGedovIPAKUHux56n9qDsOJeqCs\ntOSW0gE3dJjPCyNdFQqsXZjFZ6CbDrYkDgu44a4HowKCAIAeZouu41P1MnVQRdQA\nvrCPxMyPbeyIlFhaX2Zi2MRM3D26crjFRbGWJGaAiUmmCbO0HQuJUNWibJ1jW9f0\n/ceiMaxhbZ8jCacI2vgPbDv0C5MwfBINbOT3mfOZRNwmZOBtmbOJ1P2IkPzXD2Tx\n57maH3KtGxnNVtGzocIoCZA/0QKCAIA6HPPvanMOSMR6y+20eZr0fqlIm3ASXk08\nTVzUb8j6n119OWiPpoWznX4jH0F3XZU38e0vddjn5RWeCInyMi7CkmfXnkZDVCYr\nrMXLY2JfFvpb0sMmijPXN6ReT4IhfAaeGNIg/kd1tonJVtWtKma40Ns/m3p5OY7c\nqnO/ASxOFwKCAIAx7z2APLfdsVZM1TpDUbo9JwqwRg5TkNn8Zm4RA7G+zX4Z6MXX\nm1hgbStItcjDcGxLCRCLyObeeXPbv7e8qDwfssknytUSTH9eY2NOaDOJfkNFpU2p\nszV19EjmuqGkPraR39uvQyIEj8d5zyGtRakr6PM6srMEDraXaUGhwHQKsA==\n-----END RSA PRIVATE KEY-----\n", "user_id": "2423168d4e3945daa9649f5b5b431019", "name": "tempest-TestNetworkBasicOps-2007475774", "fingerprint": "51:07:e6:b0:b6:c0:d4:e8:d4:fb:06:53:74:50:f2:08"}}
2015-12-16 19:38:11,180 25486 INFO     [tempest_lib.common.rest_client] Request (TestNetworkBasicOps:test_connectivity_between_vms_on_different_networks): 200 POST http://10.0.2.15:5000/v2.0/tokens
2015-12-16 19:38:11,180 25486 DEBUG    [tempest_lib.common.rest_client] Request - Headers: {'Content-Type': 'application/json', 'Accept': 'application/json'}
        Body: &lt;omitted&gt;
    Response - Headers: {'status': '200', 'content-length': '2530', 'vary': 'X-Auth-Token', 'server': 'Apache/2.4.7 (Ubuntu)', 'connection': 'close', 'date': 'Wed, 16 Dec 2015 19:38:11 GMT', 'content-type': 'application/json', 'x-openstack-request-id': 'req-703d1e93-9f5b-4e8f-a422-2dba224fecea'}
        Body: {"access": {"token": {"issued_at": "2015-12-16T19:38:11.169282", "expires": "2015-12-16T20:38:11Z", "id": "deb7d694ecf94a4bac192ea188f3bc57", "tenant": {"description": "tempest-TestNetworkBasicOps-1224980381-desc", "enabled": true, "id": "621ef8504c354b06b50e6ca82bc5d129", "name": "tempest-TestNetworkBasicOps-1224980381"}, "audit_ids": ["jSpCoAD_TNuPdubsr6uFQg"]}, "serviceCatalog": [{"endpoints": [{"adminURL": "http://10.0.2.15:8774/v2.1/621ef8504c354b06b50e6ca82bc5d129", "region": "RegionOne", "internalURL": "http://10.0.2.15:8774/v2.1/621ef8504c354b06b50e6ca82bc5d129", "id": "53cd7910d1b1468fa872e7bb9e838328", "publicURL": "http://10.0.2.15:8774/v2.1/621ef8504c354b06b50e6ca82bc5d129"}], "endpoints_links": [], "type": "compute", "name": "nova"}, {"endpoints": [{"adminURL": "http://10.0.2.15:9696/", "region": "RegionOne", "internalURL": "http://10.0.2.15:9696/", "id": "2342dc364dd8490eae804fe3fd01b844", "publicURL": "http://10.0.2.15:9696/"}], "endpoints_links": [], "type": "network", "name": "neutron"}, {"endpoints": [{"adminURL": "http://10.0.2.15:9292", "region": "RegionOne", "internalURL": "http://10.0.2.15:9292", "id": "0c3b66b66b87477295ba07246af102e8", "publicURL": "http://10.0.2.15:9292"}], "endpoints_links": [], "type": "image", "name": "glance"}, {"endpoints": [{"adminURL": "http://10.0.2.15:8774/v2/621ef8504c354b06b50e6ca82bc5d129", "region": "RegionOne", "internalURL": "http://10.0.2.15:8774/v2/621ef8504c354b06b50e6ca82bc5d129", "id": "0bb4c897239d4a588e14778c37de823e", "publicURL": "http://10.0.2.15:8774/v2/621ef8504c354b06b50e6ca82bc5d129"}], "endpoints_links": [], "type": "compute_legacy", "name": "nova_legacy"}, {"endpoints": [{"adminURL": "http://10.0.2.15:8773/", "region": "RegionOne", "internalURL": "http://10.0.2.15:8773/", "id": "3714377fa1264c9a86a32b0d44a4555c", "publicURL": "http://10.0.2.15:8773/"}], "endpoints_links": [], "type": "ec2", "name": "ec2"}, {"endpoints": [{"adminURL": "http://10.0.2.15:35357/v2.0", "region": "RegionOne", "internalURL": "http://10.0.2.15:5000/v2.0", "id": "090d30ded0e94f12973a5ab9be9bf7e5", "publicURL": "http://10.0.2.15:5000/v2.0"}], "endpoints_links": [], "type": "identity", "name": "keystone"}], "user": {"username": "tempest-TestNetworkBasicOps-1562066527", "roles_links": [], "id": "2423168d4e3945daa9649f5b5b431019", "roles": [{"name": "_member_"}, {"name": "Member"}], "name": "tempest-TestNetworkBasicOps-1562066527"}, "metadata": {"is_admin": 0, "roles": ["9fe2ff9ee4384b1894a90878d3e92bab", "e2c539d92dc348b496d11f1f94e18339"]}}}
2015-12-16 19:38:11,186 25486 DEBUG    [tempest.common.fixed_network] (TestNetworkBasicOps:test_connectivity_between_vms_on_different_networks) No valid network provided or created, defaulting to fixed_network_name
2015-12-16 19:38:11,504 25486 INFO     [tempest_lib.common.rest_client] Request (TestNetworkBasicOps:test_connectivity_between_vms_on_different_networks): 200 GET http://10.0.2.15:8774/v2.1/621ef8504c354b06b50e6ca82bc5d129/os-networks 0.316s
2015-12-16 19:38:11,504 25486 DEBUG    [tempest_lib.common.rest_client] Request - Headers: {'Content-Type': 'application/json', 'Accept': 'application/json', 'X-Auth-Token': '&lt;omitted&gt;'}
        Body: None
    Response - Headers: {'status': '200', 'content-length': '478', 'content-location': 'http://10.0.2.15:8774/v2.1/621ef8504c354b06b50e6ca82bc5d129/os-networks', 'x-compute-request-id': 'req-79fdaf86-7ec6-4c3c-8ba7-d7f865fd58eb', 'vary': 'X-OpenStack-Nova-API-Version', 'connection': 'close', 'x-openstack-nova-api-version': '2.1', 'date': 'Wed, 16 Dec 2015 19:38:11 GMT', 'content-type': 'application/json'}
        Body: {"networks": [{"cidr_v6": null, "dns2": null, "dns1": null, "gateway": null, "broadcast": null, "netmask": null, "gateway_v6": null, "cidr": null, "label": "public", "id": "f78bf7ce-ef79-4b1d-819f-bcc50534568a", "netmask_v6": null}, {"cidr_v6": null, "dns2": null, "dns1": null, "gateway": null, "broadcast": null, "netmask": null, "gateway_v6": null, "cidr": null, "label": "tempest-network-smoke--425232356", "id": "ad38fe6c-f8a8-4e98-a189-8d5d4826e68f", "netmask_v6": null}]}
2015-12-16 19:38:11,505 25486 WARNING  [tempest.common.fixed_network] (TestNetworkBasicOps:test_connectivity_between_vms_on_different_networks) Network with name: private not found
2015-12-16 19:38:11,505 25486 INFO     [tempest.common.fixed_network] (TestNetworkBasicOps:test_connectivity_between_vms_on_different_networks) Found network {} available for tenant
2015-12-16 19:38:13,182 25486 INFO     [tempest_lib.common.rest_client] Request (TestNetworkBasicOps:test_connectivity_between_vms_on_different_networks): 202 POST http://10.0.2.15:8774/v2.1/621ef8504c354b06b50e6ca82bc5d129/servers 1.676s
2015-12-16 19:38:13,183 25486 DEBUG    [tempest_lib.common.rest_client] Request - Headers: {'Content-Type': 'application/json', 'Accept': 'application/json', 'X-Auth-Token': '&lt;omitted&gt;'}
        Body: {"server": {"name": "tempest.common.compute-instance-252874413", "imageRef": "a8bc91fa-590f-4492-b630-66d8e7c6a299", "key_name": "tempest-TestNetworkBasicOps-2007475774", "flavorRef": "42", "networks": [{"uuid": "ad38fe6c-f8a8-4e98-a189-8d5d4826e68f"}], "security_groups": [{"name": "tempest-secgroup-smoke-2085100716"}]}}
    Response - Headers: {'status': '202', 'content-length': '462', 'x-compute-request-id': 'req-e8ed6206-edbb-49c5-ad7b-3c23b53780d4', 'vary': 'X-OpenStack-Nova-API-Version', 'connection': 'close', 'location': 'http://10.0.2.15:8774/v2.1/621ef8504c354b06b50e6ca82bc5d129/servers/fd1c1890-5870-4307-aa8f-c6844f069ac4', 'x-openstack-nova-api-version': '2.1', 'date': 'Wed, 16 Dec 2015 19:38:13 GMT', 'content-type': 'application/json'}
        Body: {"server": {"security_groups": [{"name": "tempest-secgroup-smoke-2085100716"}], "OS-DCF:diskConfig": "MANUAL", "id": "fd1c1890-5870-4307-aa8f-c6844f069ac4", "links": [{"href": "http://10.0.2.15:8774/v2.1/621ef8504c354b06b50e6ca82bc5d129/servers/fd1c1890-5870-4307-aa8f-c6844f069ac4", "rel": "self"}, {"href": "http://10.0.2.15:8774/621ef8504c354b06b50e6ca82bc5d129/servers/fd1c1890-5870-4307-aa8f-c6844f069ac4", "rel": "bookmark"}], "adminPass": "toJY9oGbVvtq"}}
2015-12-16 19:38:13,342 25486 INFO     [tempest_lib.common.rest_client] Request (TestNetworkBasicOps:test_connectivity_between_vms_on_different_networks): 200 GET http://10.0.2.15:8774/v2.1/621ef8504c354b06b50e6ca82bc5d129/servers/fd1c1890-5870-4307-aa8f-c6844f069ac4 0.156s
2015-12-16 19:38:13,342 25486 DEBUG    [tempest_lib.common.rest_client] Request - Headers: {'Content-Type': 'application/json', 'Accept': 'application/json', 'X-Auth-Token': '&lt;omitted&gt;'}
        Body: None
    Response - Headers: {'status': '200', 'content-length': '1355', 'content-location': 'http://10.0.2.15:8774/v2.1/621ef8504c354b06b50e6ca82bc5d129/servers/fd1c1890-5870-4307-aa8f-c6844f069ac4', 'x-compute-request-id': 'req-417f7d66-4798-43f3-96d2-6d675fa03c9a', 'vary': 'X-OpenStack-Nova-API-Version', 'connection': 'close', 'x-openstack-nova-api-version': '2.1', 'date': 'Wed, 16 Dec 2015 19:38:13 GMT', 'content-type': 'application/json'}
        Body: {"server": {"status": "BUILD", "updated": "2015-12-16T19:38:13Z", "hostId": "", "addresses": {}, "links": [{"href": "http://10.0.2.15:8774/v2.1/621ef8504c354b06b50e6ca82bc5d129/servers/fd1c1890-5870-4307-aa8f-c6844f069ac4", "rel": "self"}, {"href": "http://10.0.2.15:8774/621ef8504c354b06b50e6ca82bc5d129/servers/fd1c1890-5870-4307-aa8f-c6844f069ac4", "rel": "bookmark"}], "key_name": "tempest-TestNetworkBasicOps-2007475774", "image": {"id": "a8bc91fa-590f-4492-b630-66d8e7c6a299", "links": [{"href": "http://10.0.2.15:8774/621ef8504c354b06b50e6ca82bc5d129/images/a8bc91fa-590f-4492-b630-66d8e7c6a299", "rel": "bookmark"}]}, "OS-EXT-STS:task_state": "scheduling", "OS-EXT-STS:vm_state": "building", "OS-SRV-USG:launched_at": null, "flavor": {"id": "42", "links": [{"href": "http://10.0.2.15:8774/621ef8504c354b06b50e6ca82bc5d129/flavors/42", "rel": "bookmark"}]}, "id": "fd1c1890-5870-4307-aa8f-c6844f069ac4", "OS-SRV-USG:terminated_at": null, "OS-EXT-AZ:availability_zone": "", "user_id": "2423168d4e3945daa9649f5b5b431019", "name": "tempest.common.compute-instance-252874413", "created": "2015-12-16T19:38:13Z", "tenant_id": "621ef8504c354b06b50e6ca82bc5d129", "OS-DCF:diskConfig": "MANUAL", "os-extended-volumes:volumes_attached": [], "accessIPv4": "", "accessIPv6": "", "progress": 0, "OS-EXT-STS:power_state": 0, "config_drive": "", "metadata": {}}}
2015-12-16 19:38:14,852 25486 INFO     [tempest_lib.common.rest_client] Request (TestNetworkBasicOps:test_connectivity_between_vms_on_different_networks): 200 GET http://10.0.2.15:8774/v2.1/621ef8504c354b06b50e6ca82bc5d129/servers/fd1c1890-5870-4307-aa8f-c6844f069ac4 0.499s
2015-12-16 19:38:14,853 25486 DEBUG    [tempest_lib.common.rest_client] Request - Headers: {'Content-Type': 'application/json', 'Accept': 'application/json', 'X-Auth-Token': '&lt;omitted&gt;'}
        Body: None
    Response - Headers: {'status': '200', 'content-length': '1481', 'content-location': 'http://10.0.2.15:8774/v2.1/621ef8504c354b06b50e6ca82bc5d129/servers/fd1c1890-5870-4307-aa8f-c6844f069ac4', 'x-compute-request-id': 'req-bba435cf-9086-4db5-bd9e-ea05896f9655', 'vary': 'X-OpenStack-Nova-API-Version', 'connection': 'close', 'x-openstack-nova-api-version': '2.1', 'date': 'Wed, 16 Dec 2015 19:38:14 GMT', 'content-type': 'application/json'}
        Body: {"server": {"status": "BUILD", "updated": "2015-12-16T19:38:14Z", "hostId": "c3007db00be25af4dd7ab9ecafce0a85483d057e7f05e4ef1adfb542", "addresses": {}, "links": [{"href": "http://10.0.2.15:8774/v2.1/621ef8504c354b06b50e6ca82bc5d129/servers/fd1c1890-5870-4307-aa8f-c6844f069ac4", "rel": "self"}, {"href": "http://10.0.2.15:8774/621ef8504c354b06b50e6ca82bc5d129/servers/fd1c1890-5870-4307-aa8f-c6844f069ac4", "rel": "bookmark"}], "key_name": "tempest-TestNetworkBasicOps-2007475774", "image": {"id": "a8bc91fa-590f-4492-b630-66d8e7c6a299", "links": [{"href": "http://10.0.2.15:8774/621ef8504c354b06b50e6ca82bc5d129/images/a8bc91fa-590f-4492-b630-66d8e7c6a299", "rel": "bookmark"}]}, "OS-EXT-STS:task_state": "spawning", "OS-EXT-STS:vm_state": "building", "OS-SRV-USG:launched_at": null, "flavor": {"id": "42", "links": [{"href": "http://10.0.2.15:8774/621ef8504c354b06b50e6ca82bc5d129/flavors/42", "rel": "bookmark"}]}, "id": "fd1c1890-5870-4307-aa8f-c6844f069ac4", "security_groups": [{"name": "tempest-secgroup-smoke-2085100716"}], "OS-SRV-USG:terminated_at": null, "OS-EXT-AZ:availability_zone": "nova", "user_id": "2423168d4e3945daa9649f5b5b431019", "name": "tempest.common.compute-instance-252874413", "created": "2015-12-16T19:38:13Z", "tenant_id": "621ef8504c354b06b50e6ca82bc5d129", "OS-DCF:diskConfig": "MANUAL", "os-extended-volumes:volumes_attached": [], "accessIPv4": "", "accessIPv6": "", "progress": 0, "OS-EXT-STS:power_state": 0, "config_drive": "", "metadata": {}}}
2015-12-16 19:38:14,861 25486 INFO     [tempest.common.waiters] State transition "BUILD/scheduling" ==&gt; "BUILD/spawning" after 1 second wait
2015-12-16 19:38:16,242 25486 INFO     [tempest_lib.common.rest_client] Request (TestNetworkBasicOps:test_connectivity_between_vms_on_different_networks): 200 GET http://10.0.2.15:8774/v2.1/621ef8504c354b06b50e6ca82bc5d129/servers/fd1c1890-5870-4307-aa8f-c6844f069ac4 0.379s
2015-12-16 19:38:16,242 25486 DEBUG    [tempest_lib.common.rest_client] Request - Headers: {'Content-Type': 'application/json', 'Accept': 'application/json', 'X-Auth-Token': '&lt;omitted&gt;'}
        Body: None
    Response - Headers: {'status': '200', 'content-length': '1481', 'content-location': 'http://10.0.2.15:8774/v2.1/621ef8504c354b06b50e6ca82bc5d129/servers/fd1c1890-5870-4307-aa8f-c6844f069ac4', 'x-compute-request-id': 'req-55ec1dea-9497-4761-9a7c-31cadfc260a8', 'vary': 'X-OpenStack-Nova-API-Version', 'connection': 'close', 'x-openstack-nova-api-version': '2.1', 'date': 'Wed, 16 Dec 2015 19:38:16 GMT', 'content-type': 'application/json'}
        Body: {"server": {"status": "BUILD", "updated": "2015-12-16T19:38:14Z", "hostId": "c3007db00be25af4dd7ab9ecafce0a85483d057e7f05e4ef1adfb542", "addresses": {}, "links": [{"href": "http://10.0.2.15:8774/v2.1/621ef8504c354b06b50e6ca82bc5d129/servers/fd1c1890-5870-4307-aa8f-c6844f069ac4", "rel": "self"}, {"href": "http://10.0.2.15:8774/621ef8504c354b06b50e6ca82bc5d129/servers/fd1c1890-5870-4307-aa8f-c6844f069ac4", "rel": "bookmark"}], "key_name": "tempest-TestNetworkBasicOps-2007475774", "image": {"id": "a8bc91fa-590f-4492-b630-66d8e7c6a299", "links": [{"href": "http://10.0.2.15:8774/621ef8504c354b06b50e6ca82bc5d129/images/a8bc91fa-590f-4492-b630-66d8e7c6a299", "rel": "bookmark"}]}, "OS-EXT-STS:task_state": "spawning", "OS-EXT-STS:vm_state": "building", "OS-SRV-USG:launched_at": null, "flavor": {"id": "42", "links": [{"href": "http://10.0.2.15:8774/621ef8504c354b06b50e6ca82bc5d129/flavors/42", "rel": "bookmark"}]}, "id": "fd1c1890-5870-4307-aa8f-c6844f069ac4", "security_groups": [{"name": "tempest-secgroup-smoke-2085100716"}], "OS-SRV-USG:terminated_at": null, "OS-EXT-AZ:availability_zone": "nova", "user_id": "2423168d4e3945daa9649f5b5b431019", "name": "tempest.common.compute-instance-252874413", "created": "2015-12-16T19:38:13Z", "tenant_id": "621ef8504c354b06b50e6ca82bc5d129", "OS-DCF:diskConfig": "MANUAL", "os-extended-volumes:volumes_attached": [], "accessIPv4": "", "accessIPv6": "", "progress": 0, "OS-EXT-STS:power_state": 0, "config_drive": "", "metadata": {}}}
2015-12-16 19:38:17,496 25486 INFO     [tempest_lib.common.rest_client] Request (TestNetworkBasicOps:test_connectivity_between_vms_on_different_networks): 200 GET http://10.0.2.15:8774/v2.1/621ef8504c354b06b50e6ca82bc5d129/servers/fd1c1890-5870-4307-aa8f-c6844f069ac4 0.237s
2015-12-16 19:38:17,497 25486 DEBUG    [tempest_lib.common.rest_client] Request - Headers: {'Content-Type': 'application/json', 'Accept': 'application/json', 'X-Auth-Token': '&lt;omitted&gt;'}
        Body: None
    Response - Headers: {'status': '200', 'content-length': '1652', 'content-location': 'http://10.0.2.15:8774/v2.1/621ef8504c354b06b50e6ca82bc5d129/servers/fd1c1890-5870-4307-aa8f-c6844f069ac4', 'x-compute-request-id': 'req-dc04eeb0-d76a-4889-bec9-e9436b3d5d1a', 'vary': 'X-OpenStack-Nova-API-Version', 'connection': 'close', 'x-openstack-nova-api-version': '2.1', 'date': 'Wed, 16 Dec 2015 19:38:17 GMT', 'content-type': 'application/json'}
        Body: {"server": {"status": "ACTIVE", "updated": "2015-12-16T19:38:16Z", "hostId": "c3007db00be25af4dd7ab9ecafce0a85483d057e7f05e4ef1adfb542", "addresses": {"tempest-network-smoke--425232356": [{"OS-EXT-IPS-MAC:mac_addr": "fa:16:3e:69:bc:66", "version": 4, "addr": "10.100.0.3", "OS-EXT-IPS:type": "fixed"}]}, "links": [{"href": "http://10.0.2.15:8774/v2.1/621ef8504c354b06b50e6ca82bc5d129/servers/fd1c1890-5870-4307-aa8f-c6844f069ac4", "rel": "self"}, {"href": "http://10.0.2.15:8774/621ef8504c354b06b50e6ca82bc5d129/servers/fd1c1890-5870-4307-aa8f-c6844f069ac4", "rel": "bookmark"}], "key_name": "tempest-TestNetworkBasicOps-2007475774", "image": {"id": "a8bc91fa-590f-4492-b630-66d8e7c6a299", "links": [{"href": "http://10.0.2.15:8774/621ef8504c354b06b50e6ca82bc5d129/images/a8bc91fa-590f-4492-b630-66d8e7c6a299", "rel": "bookmark"}]}, "OS-EXT-STS:task_state": null, "OS-EXT-STS:vm_state": "active", "OS-SRV-USG:launched_at": "2015-12-16T19:38:16.000000", "flavor": {"id": "42", "links": [{"href": "http://10.0.2.15:8774/621ef8504c354b06b50e6ca82bc5d129/flavors/42", "rel": "bookmark"}]}, "id": "fd1c1890-5870-4307-aa8f-c6844f069ac4", "security_groups": [{"name": "tempest-secgroup-smoke-2085100716"}], "OS-SRV-USG:terminated_at": null, "OS-EXT-AZ:availability_zone": "nova", "user_id": "2423168d4e3945daa9649f5b5b431019", "name": "tempest.common.compute-instance-252874413", "created": "2015-12-16T19:38:13Z", "tenant_id": "621ef8504c354b06b50e6ca82bc5d129", "OS-DCF:diskConfig": "MANUAL", "os-extended-volumes:volumes_attached": [], "accessIPv4": "", "accessIPv6": "", "progress": 0, "OS-EXT-STS:power_state": 1, "config_drive": "True", "metadata": {}}}
2015-12-16 19:38:17,506 25486 INFO     [tempest.common.waiters] State transition "BUILD/spawning" ==&gt; "ACTIVE/None" after 4 second wait
2015-12-16 19:38:17,749 25486 INFO     [tempest_lib.common.rest_client] Request (TestNetworkBasicOps:test_connectivity_between_vms_on_different_networks): 200 GET http://10.0.2.15:8774/v2.1/621ef8504c354b06b50e6ca82bc5d129/servers/fd1c1890-5870-4307-aa8f-c6844f069ac4 0.242s
2015-12-16 19:38:17,749 25486 DEBUG    [tempest_lib.common.rest_client] Request - Headers: {'Content-Type': 'application/json', 'Accept': 'application/json', 'X-Auth-Token': '&lt;omitted&gt;'}
        Body: None
    Response - Headers: {'status': '200', 'content-length': '1652', 'content-location': 'http://10.0.2.15:8774/v2.1/621ef8504c354b06b50e6ca82bc5d129/servers/fd1c1890-5870-4307-aa8f-c6844f069ac4', 'x-compute-request-id': 'req-cf89e8eb-73cf-4e94-88fa-c6bed25d5f75', 'vary': 'X-OpenStack-Nova-API-Version', 'connection': 'close', 'x-openstack-nova-api-version': '2.1', 'date': 'Wed, 16 Dec 2015 19:38:17 GMT', 'content-type': 'application/json'}
        Body: {"server": {"status": "ACTIVE", "updated": "2015-12-16T19:38:16Z", "hostId": "c3007db00be25af4dd7ab9ecafce0a85483d057e7f05e4ef1adfb542", "addresses": {"tempest-network-smoke--425232356": [{"OS-EXT-IPS-MAC:mac_addr": "fa:16:3e:69:bc:66", "version": 4, "addr": "10.100.0.3", "OS-EXT-IPS:type": "fixed"}]}, "links": [{"href": "http://10.0.2.15:8774/v2.1/621ef8504c354b06b50e6ca82bc5d129/servers/fd1c1890-5870-4307-aa8f-c6844f069ac4", "rel": "self"}, {"href": "http://10.0.2.15:8774/621ef8504c354b06b50e6ca82bc5d129/servers/fd1c1890-5870-4307-aa8f-c6844f069ac4", "rel": "bookmark"}], "key_name": "tempest-TestNetworkBasicOps-2007475774", "image": {"id": "a8bc91fa-590f-4492-b630-66d8e7c6a299", "links": [{"href": "http://10.0.2.15:8774/621ef8504c354b06b50e6ca82bc5d129/images/a8bc91fa-590f-4492-b630-66d8e7c6a299", "rel": "bookmark"}]}, "OS-EXT-STS:task_state": null, "OS-EXT-STS:vm_state": "active", "OS-SRV-USG:launched_at": "2015-12-16T19:38:16.000000", "flavor": {"id": "42", "links": [{"href": "http://10.0.2.15:8774/621ef8504c354b06b50e6ca82bc5d129/flavors/42", "rel": "bookmark"}]}, "id": "fd1c1890-5870-4307-aa8f-c6844f069ac4", "security_groups": [{"name": "tempest-secgroup-smoke-2085100716"}], "OS-SRV-USG:terminated_at": null, "OS-EXT-AZ:availability_zone": "nova", "user_id": "2423168d4e3945daa9649f5b5b431019", "name": "tempest.common.compute-instance-252874413", "created": "2015-12-16T19:38:13Z", "tenant_id": "621ef8504c354b06b50e6ca82bc5d129", "OS-DCF:diskConfig": "MANUAL", "os-extended-volumes:volumes_attached": [], "accessIPv4": "", "accessIPv6": "", "progress": 0, "OS-EXT-STS:power_state": 1, "config_drive": "True", "metadata": {}}}
2015-12-16 19:38:17,757 25486 INFO     [tempest.scenario.manager] Tenant networks not configured to be reachable.
2015-12-16 19:38:17,792 25486 INFO     [tempest_lib.common.rest_client] Request (TestNetworkBasicOps:test_connectivity_between_vms_on_different_networks): 200 GET http://10.0.2.15:9696/v2.0/ports?status=ACTIVE&amp;fixed_ip=None&amp;device_id=fd1c1890-5870-4307-aa8f-c6844f069ac4 0.033s
2015-12-16 19:38:17,792 25486 DEBUG    [tempest_lib.common.rest_client] Request - Headers: {'Content-Type': 'application/json', 'Accept': 'application/json', 'X-Auth-Token': '&lt;omitted&gt;'}
        Body: None
    Response - Headers: {'status': '200', 'content-length': '895', 'content-location': 'http://10.0.2.15:9696/v2.0/ports?status=ACTIVE&amp;fixed_ip=None&amp;device_id=fd1c1890-5870-4307-aa8f-c6844f069ac4', 'connection': 'close', 'date': 'Wed, 16 Dec 2015 19:38:17 GMT', 'content-type': 'application/json; charset=UTF-8', 'x-openstack-request-id': 'req-ae7c1a81-4257-440b-b045-5d416409e281'}
        Body: {"ports": [{"status": "ACTIVE", "binding:host_id": "vagrant-ubuntu-trusty-64", "allowed_address_pairs": [], "extra_dhcp_opts": [], "dns_assignment": [{"hostname": "host-10-100-0-3", "ip_address": "10.100.0.3", "fqdn": "host-10-100-0-3.openstacklocal."}], "device_owner": "compute:None", "port_security_enabled": true, "binding:profile": {}, "fixed_ips": [{"subnet_id": "11fe6f77-74ca-4c14-9f9c-3e60cf0f511c", "ip_address": "10.100.0.3"}], "id": "50d5b90c-ca44-4991-b2b3-e702f42cd734", "security_groups": ["d1ef1bc5-8d34-400b-91cb-46fd4aed1df1"], "device_id": "fd1c1890-5870-4307-aa8f-c6844f069ac4", "name": "", "admin_state_up": true, "network_id": "ad38fe6c-f8a8-4e98-a189-8d5d4826e68f", "dns_name": "", "binding:vif_details": {"port_filter": true}, "binding:vnic_type": "normal", "binding:vif_type": "ovs", "tenant_id": "621ef8504c354b06b50e6ca82bc5d129", "mac_address": "fa:16:3e:69:bc:66"}]}
2015-12-16 19:38:18,322 25486 INFO     [tempest_lib.common.rest_client] Request (TestNetworkBasicOps:test_connectivity_between_vms_on_different_networks): 201 POST http://10.0.2.15:9696/v2.0/floatingips 0.529s
2015-12-16 19:38:18,323 25486 DEBUG    [tempest_lib.common.rest_client] Request - Headers: {'Content-Type': 'application/json', 'Accept': 'application/json', 'X-Auth-Token': '&lt;omitted&gt;'}
        Body: {"floatingip": {"floating_network_id": "f78bf7ce-ef79-4b1d-819f-bcc50534568a", "tenant_id": "621ef8504c354b06b50e6ca82bc5d129", "fixed_ip_address": "10.100.0.3", "port_id": "50d5b90c-ca44-4991-b2b3-e702f42cd734"}}
    Response - Headers: {'status': '201', 'content-length': '367', 'connection': 'close', 'date': 'Wed, 16 Dec 2015 19:38:18 GMT', 'content-type': 'application/json; charset=UTF-8', 'x-openstack-request-id': 'req-8942255d-a338-45a8-a6f3-78e532dcaa82'}
        Body: {"floatingip": {"floating_network_id": "f78bf7ce-ef79-4b1d-819f-bcc50534568a", "router_id": "491ca727-8da1-402d-898f-d9ac534a7f8b", "fixed_ip_address": "10.100.0.3", "floating_ip_address": "172.24.4.4", "tenant_id": "621ef8504c354b06b50e6ca82bc5d129", "status": "DOWN", "port_id": "50d5b90c-ca44-4991-b2b3-e702f42cd734", "id": "d87efc2f-fcb5-44eb-9478-c131d8b38908"}}
2015-12-16 19:38:18,339 25486 INFO     [tempest_lib.common.rest_client] Request (TestNetworkBasicOps:test_connectivity_between_vms_on_different_networks): 200 GET http://10.0.2.15:9696/v2.0/floatingips/d87efc2f-fcb5-44eb-9478-c131d8b38908 0.016s
2015-12-16 19:38:18,340 25486 DEBUG    [tempest_lib.common.rest_client] Request - Headers: {'Content-Type': 'application/json', 'Accept': 'application/json', 'X-Auth-Token': '&lt;omitted&gt;'}
        Body: None
    Response - Headers: {'status': '200', 'content-length': '367', 'content-location': 'http://10.0.2.15:9696/v2.0/floatingips/d87efc2f-fcb5-44eb-9478-c131d8b38908', 'connection': 'close', 'date': 'Wed, 16 Dec 2015 19:38:18 GMT', 'content-type': 'application/json; charset=UTF-8', 'x-openstack-request-id': 'req-a69d26d8-7760-4c98-b0b4-29707ee52ad9'}
        Body: {"floatingip": {"floating_network_id": "f78bf7ce-ef79-4b1d-819f-bcc50534568a", "router_id": "491ca727-8da1-402d-898f-d9ac534a7f8b", "fixed_ip_address": "10.100.0.3", "floating_ip_address": "172.24.4.4", "tenant_id": "621ef8504c354b06b50e6ca82bc5d129", "status": "DOWN", "port_id": "50d5b90c-ca44-4991-b2b3-e702f42cd734", "id": "d87efc2f-fcb5-44eb-9478-c131d8b38908"}}
2015-12-16 19:38:19,357 25486 INFO     [tempest_lib.common.rest_client] Request (TestNetworkBasicOps:test_connectivity_between_vms_on_different_networks): 200 GET http://10.0.2.15:9696/v2.0/floatingips/d87efc2f-fcb5-44eb-9478-c131d8b38908 0.015s
2015-12-16 19:38:19,358 25486 DEBUG    [tempest_lib.common.rest_client] Request - Headers: {'Content-Type': 'application/json', 'Accept': 'application/json', 'X-Auth-Token': '&lt;omitted&gt;'}
        Body: None
    Response - Headers: {'status': '200', 'content-length': '369', 'content-location': 'http://10.0.2.15:9696/v2.0/floatingips/d87efc2f-fcb5-44eb-9478-c131d8b38908', 'connection': 'close', 'date': 'Wed, 16 Dec 2015 19:38:19 GMT', 'content-type': 'application/json; charset=UTF-8', 'x-openstack-request-id': 'req-244906d3-a538-4c79-ac67-22fe0ea02bd4'}
        Body: {"floatingip": {"floating_network_id": "f78bf7ce-ef79-4b1d-819f-bcc50534568a", "router_id": "491ca727-8da1-402d-898f-d9ac534a7f8b", "fixed_ip_address": "10.100.0.3", "floating_ip_address": "172.24.4.4", "tenant_id": "621ef8504c354b06b50e6ca82bc5d129", "status": "ACTIVE", "port_id": "50d5b90c-ca44-4991-b2b3-e702f42cd734", "id": "d87efc2f-fcb5-44eb-9478-c131d8b38908"}}
2015-12-16 19:38:19,358 25486 INFO     [tempest.scenario.manager] FloatingIP: &lt;"FloatingIP" addr="172.24.4.4" id="d87efc2f-fcb5-44eb-9478-c131d8b38908"&gt; is at status: ACTIVE
2015-12-16 19:38:19,359 25486 DEBUG    [tempest.scenario.manager] checking network connections to IP 172.24.4.4 with user: cirros
2015-12-16 19:38:19,359 25486 DEBUG    [tempest.scenario.manager] TestNetworkBasicOps:test_connectivity_between_vms_on_different_networks begins to ping 172.24.4.4 in 120 sec and the expected result is reachable
2015-12-16 19:40:19,646 25486 DEBUG    [tempest.scenario.manager] TestNetworkBasicOps:test_connectivity_between_vms_on_different_networks finishes ping 172.24.4.4 in 120 sec and the ping result is unexpected
2015-12-16 19:40:19,647 25486 ERROR    [tempest.scenario.manager] Public network connectivity check failed
2015-12-16 19:40:19.647 25486 ERROR tempest.scenario.manager Traceback (most recent call last):
2015-12-16 19:40:19.647 25486 ERROR tempest.scenario.manager   File "tempest/scenario/manager.py", line 608, in check_public_network_connectivity
2015-12-16 19:40:19.647 25486 ERROR tempest.scenario.manager     should_connect=should_connect)
2015-12-16 19:40:19.647 25486 ERROR tempest.scenario.manager   File "tempest/scenario/manager.py", line 592, in check_vm_connectivity
2015-12-16 19:40:19.647 25486 ERROR tempest.scenario.manager     msg=msg)
2015-12-16 19:40:19.647 25486 ERROR tempest.scenario.manager   File "/usr/local/lib/python2.7/dist-packages/unittest2/case.py", line 702, in assertTrue
2015-12-16 19:40:19.647 25486 ERROR tempest.scenario.manager     raise self.failureException(msg)
2015-12-16 19:40:19.647 25486 ERROR tempest.scenario.manager AssertionError: False is not true : Timed out waiting for 172.24.4.4 to become reachable
2015-12-16 19:40:19.647 25486 ERROR tempest.scenario.manager 
2015-12-16 19:40:19,854 25486 INFO     [tempest_lib.common.rest_client] Request (TestNetworkBasicOps:test_connectivity_between_vms_on_different_networks): 200 POST http://10.0.2.15:8774/v2.1/621ef8504c354b06b50e6ca82bc5d129/servers/fd1c1890-5870-4307-aa8f-c6844f069ac4/action 0.202s
2015-12-16 19:40:19,854 25486 DEBUG    [tempest_lib.common.rest_client] Request - Headers: {'Content-Type': 'application/json', 'Accept': 'application/json', 'X-Auth-Token': '&lt;omitted&gt;'}
        Body: {"os-getConsoleOutput": {}}
    Response - Headers: {'status': '200', 'content-length': '17566', 'x-compute-request-id': 'req-d9c33b00-4712-4e4a-b400-a3cd06cf7d74', 'vary': 'X-OpenStack-Nova-API-Version', 'connection': 'close', 'x-openstack-nova-api-version': '2.1', 'date': 'Wed, 16 Dec 2015 19:40:19 GMT', 'content-type': 'application/json'}
        Body: {"output": "[    0.000000] Initializing cgroup subsys cpuset\n[    0.000000] Initializing cgroup subsys cpu\n[    0.000000] Linux version 3.2.0-80-virtual (buildd@batsu) (gcc version 4.6.3 (Ubuntu/Linaro 4.6.3-1ubuntu5) ) #116-Ubuntu SMP Mon Mar 23 17:28:52 UTC 2015 (Ubuntu 3.2.0-80.116-virtual 3.2.68)\n[    0.000000] Command line: root=/dev/vda console=tty0 console=ttyS0 no_timer_check\n[    0.000000] KERNEL supported cpus:\n[    0.000000]   Intel GenuineIntel\n[    0.000000]   AMD AuthenticAMD\n[    0.000000]   Centaur CentaurHauls\n[    0.000000] BIOS-provided physical RAM map:\n[    0.000000]  BIOS-e820: 0000000000000000 - 000000000009fc00 (usable)\n[    0.000000]  BIOS-e820: 000000000009fc00 - 00000000000a0000 (reserved)\n[    0.000000]  BIOS-e820: 00000000000f0000 - 0000000000100000 (reserved)\n[    0.000000]  BIOS-e820: 0000000000100000 - 0000000003ffe000 (usable)\n[    0.000000]  BIOS-e820: 0000000003ffe000 - 0000000004000000 (reserved)\n[    0.000000]  BIOS-e820: 00000000fffc0000 - 0000000100000000 (reserved)\n[    0.000000] NX (Execute Disable) protection: active\n[    0.000000] SMBIOS 2.4 present.\n[    0.000000] No AGP bridge found\n[    0.000000] last_pfn = 0x3ffe max_arch_pfn = 0x400000000\n[    0.000000] x86 PAT enabled: cpu 0, old 0x7040600070406, new 0x7010600070106\n[    0.000000] found SMP MP-table at [ffff8800000f0b00] f0b00\n[    0.000000] init_memory_mapping: 0000000000000000-0000000003ffe000\n[    0.000000] RAMDISK: 03c5e000 - 03ff0000\n[    0.000000] ACPI: RSDP 00000000000f0950 00014 (v00 BOCHS )\n[    0.000000] ACPI: RSDT 0000000003fffbc1 00034 (v01 BOCHS  BXPCRSDT 00000001 BXPC 00000001)\n[    0.000000] ACPI: FACP 0000000003fff1c0 00074 (v01 BOCHS  BXPCFACP 00000001 BXPC 00000001)\n[    0.000000] ACPI: DSDT 0000000003ffe040 01180 (v01 BOCHS  BXPCDSDT 00000001 BXPC 00000001)\n[    0.000000] ACPI: FACS 0000000003ffe000 00040\n[    0.000000] ACPI: SSDT 0000000003fff234 008DD (v01 BOCHS  BXPCSSDT 00000001 BXPC 00000001)\n[    0.000000] ACPI: APIC 0000000003fffb11 00078 (v01 BOCHS  BXPCAPIC 00000001 BXPC 00000001)\n[    0.000000] ACPI: HPET 0000000003fffb89 00038 (v01 BOCHS  BXPCHPET 00000001 BXPC 00000001)\n[    0.000000] No NUMA configuration found\n[    0.000000] Faking a node at 0000000000000000-0000000003ffe000\n[    0.000000] Initmem setup node 0 0000000000000000-0000000003ffe000\n[    0.000000]   NODE_DATA [0000000003ff6000 - 0000000003ffafff]\n[    0.000000] Zone PFN ranges:\n[    0.000000]   DMA      0x00000010 -&gt; 0x00001000\n[    0.000000]   DMA32    0x00001000 -&gt; 0x00100000\n[    0.000000]   Normal   empty\n[    0.000000] Movable zone start PFN for each node\n[    0.000000] early_node_map[2] active PFN ranges\n[    0.000000]     0: 0x00000010 -&gt; 0x0000009f\n[    0.000000]     0: 0x00000100 -&gt; 0x00003ffe\n[    0.000000] ACPI: PM-Timer IO Port: 0xb008\n[    0.000000] ACPI: LAPIC (acpi_id[0x00] lapic_id[0x00] enabled)\n[    0.000000] ACPI: LAPIC_NMI (acpi_id[0xff] dfl dfl lint[0x1])\n[    0.000000] ACPI: IOAPIC (id[0x00] address[0xfec00000] gsi_base[0])\n[    0.000000] IOAPIC[0]: apic_id 0, version 17, address 0xfec00000, GSI 0-23\n[    0.000000] ACPI: INT_SRC_OVR (bus 0 bus_irq 0 global_irq 2 dfl dfl)\n[    0.000000] ACPI: INT_SRC_OVR (bus 0 bus_irq 5 global_irq 5 high level)\n[    0.000000] ACPI: INT_SRC_OVR (bus 0 bus_irq 9 global_irq 9 high level)\n[    0.000000] ACPI: INT_SRC_OVR (bus 0 bus_irq 10 global_irq 10 high level)\n[    0.000000] ACPI: INT_SRC_OVR (bus 0 bus_irq 11 global_irq 11 high level)\n[    0.000000] Using ACPI (MADT) for SMP configuration information\n[    0.000000] ACPI: HPET id: 0x8086a201 base: 0xfed00000\n[    0.000000] SMP: Allowing 1 CPUs, 0 hotplug CPUs\n[    0.000000] PM: Registered nosave memory: 000000000009f000 - 00000000000a0000\n[    0.000000] PM: Registered nosave memory: 00000000000a0000 - 00000000000f0000\n[    0.000000] PM: Registered nosave memory: 00000000000f0000 - 0000000000100000\n[    0.000000] Allocating PCI resources starting at 4000000 (gap: 4000000:fbfc0000)\n[    0.000000] Booting paravirtualized kernel on bare hardware\n[    0.000000] setup_pe
2015-12-16 19:40:19,856 25486 DEBUG    [tempest.scenario.manager] Console output for fd1c1890-5870-4307-aa8f-c6844f069ac4
body=
[    0.000000] Initializing cgroup subsys cpuset
[    0.000000] Initializing cgroup subsys cpu
[    0.000000] Linux version 3.2.0-80-virtual (buildd@batsu) (gcc version 4.6.3 (Ubuntu/Linaro 4.6.3-1ubuntu5) ) #116-Ubuntu SMP Mon Mar 23 17:28:52 UTC 2015 (Ubuntu 3.2.0-80.116-virtual 3.2.68)
[    0.000000] Command line: root=/dev/vda console=tty0 console=ttyS0 no_timer_check
[    0.000000] KERNEL supported cpus:
[    0.000000]   Intel GenuineIntel
[    0.000000]   AMD AuthenticAMD
[    0.000000]   Centaur CentaurHauls
[    0.000000] BIOS-provided physical RAM map:
[    0.000000]  BIOS-e820: 0000000000000000 - 000000000009fc00 (usable)
[    0.000000]  BIOS-e820: 000000000009fc00 - 00000000000a0000 (reserved)
[    0.000000]  BIOS-e820: 00000000000f0000 - 0000000000100000 (reserved)
[    0.000000]  BIOS-e820: 0000000000100000 - 0000000003ffe000 (usable)
[    0.000000]  BIOS-e820: 0000000003ffe000 - 0000000004000000 (reserved)
[    0.000000]  BIOS-e820: 00000000fffc0000 - 0000000100000000 (reserved)
[    0.000000] NX (Execute Disable) protection: active
[    0.000000] SMBIOS 2.4 present.
[    0.000000] No AGP bridge found
[    0.000000] last_pfn = 0x3ffe max_arch_pfn = 0x400000000
[    0.000000] x86 PAT enabled: cpu 0, old 0x7040600070406, new 0x7010600070106
[    0.000000] found SMP MP-table at [ffff8800000f0b00] f0b00
[    0.000000] init_memory_mapping: 0000000000000000-0000000003ffe000
[    0.000000] RAMDISK: 03c5e000 - 03ff0000
[    0.000000] ACPI: RSDP 00000000000f0950 00014 (v00 BOCHS )
[    0.000000] ACPI: RSDT 0000000003fffbc1 00034 (v01 BOCHS  BXPCRSDT 00000001 BXPC 00000001)
[    0.000000] ACPI: FACP 0000000003fff1c0 00074 (v01 BOCHS  BXPCFACP 00000001 BXPC 00000001)
[    0.000000] ACPI: DSDT 0000000003ffe040 01180 (v01 BOCHS  BXPCDSDT 00000001 BXPC 00000001)
[    0.000000] ACPI: FACS 0000000003ffe000 00040
[    0.000000] ACPI: SSDT 0000000003fff234 008DD (v01 BOCHS  BXPCSSDT 00000001 BXPC 00000001)
[    0.000000] ACPI: APIC 0000000003fffb11 00078 (v01 BOCHS  BXPCAPIC 00000001 BXPC 00000001)
[    0.000000] ACPI: HPET 0000000003fffb89 00038 (v01 BOCHS  BXPCHPET 00000001 BXPC 00000001)
[    0.000000] No NUMA configuration found
[    0.000000] Faking a node at 0000000000000000-0000000003ffe000
[    0.000000] Initmem setup node 0 0000000000000000-0000000003ffe000
[    0.000000]   NODE_DATA [0000000003ff6000 - 0000000003ffafff]
[    0.000000] Zone PFN ranges:
[    0.000000]   DMA      0x00000010 -&gt; 0x00001000
[    0.000000]   DMA32    0x00001000 -&gt; 0x00100000
[    0.000000]   Normal   empty
[    0.000000] Movable zone start PFN for each node
[    0.000000] early_node_map[2] active PFN ranges
[    0.000000]     0: 0x00000010 -&gt; 0x0000009f
[    0.000000]     0: 0x00000100 -&gt; 0x00003ffe
[    0.000000] ACPI: PM-Timer IO Port: 0xb008
[    0.000000] ACPI: LAPIC (acpi_id[0x00] lapic_id[0x00] enabled)
[    0.000000] ACPI: LAPIC_NMI (acpi_id[0xff] dfl dfl lint[0x1])
[    0.000000] ACPI: IOAPIC (id[0x00] address[0xfec00000] gsi_base[0])
[    0.000000] IOAPIC[0]: apic_id 0, version 17, address 0xfec00000, GSI 0-23
[    0.000000] ACPI: INT_SRC_OVR (bus 0 bus_irq 0 global_irq 2 dfl dfl)
[    0.000000] ACPI: INT_SRC_OVR (bus 0 bus_irq 5 global_irq 5 high level)
[    0.000000] ACPI: INT_SRC_OVR (bus 0 bus_irq 9 global_irq 9 high level)
[    0.000000] ACPI: INT_SRC_OVR (bus 0 bus_irq 10 global_irq 10 high level)
[    0.000000] ACPI: INT_SRC_OVR (bus 0 bus_irq 11 global_irq 11 high level)
[    0.000000] Using ACPI (MADT) for SMP configuration information
[    0.000000] ACPI: HPET id: 0x8086a201 base: 0xfed00000
[    0.000000] SMP: Allowing 1 CPUs, 0 hotplug CPUs
[    0.000000] PM: Registered nosave memory: 000000000009f000 - 00000000000a0000
[    0.000000] PM: Registered nosave memory: 00000000000a0000 - 00000000000f0000
[    0.000000] PM: Registered nosave memory: 00000000000f0000 - 0000000000100000
[    0.000000] Allocating PCI resources starting at 4000000 (gap: 4000000:fbfc0000)
[    0.000000] Booting paravirtualized kernel on bare hardware
[    0.000000] setup_percpu: NR_CPUS:64 nr_cpumask_bits:64 nr_cpu_ids:1 nr_node_ids:1
[    0.000000] PERCPU: Embedded 27 pages/cpu @ffff880003a00000 s78848 r8192 d23552 u2097152
[    0.000000] Built 1 zonelists in Node order, mobility grouping on.  Total pages: 16008
[    0.000000] Policy zone: DMA32
[    0.000000] Kernel command line: root=/dev/vda console=tty0 console=ttyS0 no_timer_check
[    0.000000] PID hash table entries: 256 (order: -1, 2048 bytes)
[    0.000000] Checking aperture...
[    0.000000] No AGP bridge found
[    0.000000] Memory: 43492k/65528k available (6576k kernel code, 452k absent, 21584k reserved, 6620k data, 928k init)
[    0.000000] SLUB: Genslabs=15, HWalign=64, Order=0-3, MinObjects=0, CPUs=1, Nodes=1
[    0.000000] Hierarchical RCU implementation.
[    0.000000] 	RCU dyntick-idle grace-period acceleration is enabled.
[    0.000000] NR_IRQS:4352 nr_irqs:256 16
[    0.000000] Console: colour VGA+ 80x25
[    0.000000] console [tty0] enabled
[    0.000000] console [ttyS0] enabled
[    0.000000] allocated 1048576 bytes of page_cgroup
[    0.000000] please try 'cgroup_disable=memory' option if you don't want memory cgroups
[    0.000000] Fast TSC calibration failed
[    0.000000] TSC: Unable to calibrate against PIT
[    0.000000] TSC: using HPET reference calibration
[    0.000000] Detected 2294.271 MHz processor.
[    0.032776] Calibrating delay loop (skipped), value calculated using timer frequency.. 4588.54 BogoMIPS (lpj=9177084)
[    0.036819] pid_max: default: 32768 minimum: 301
[    0.045775] Security Framework initialized
[    0.048888] AppArmor: AppArmor initialized
[    0.049495] Yama: becoming mindful.
[    0.057150] Dentry cache hash table entries: 8192 (order: 4, 65536 bytes)
[    0.061148] Inode-cache hash table entries: 4096 (order: 3, 32768 bytes)
[    0.066648] Mount-cache hash table entries: 256
[    0.085119] Initializing cgroup subsys cpuacct
[    0.086216] Initializing cgroup subsys memory
[    0.088357] Initializing cgroup subsys devices
[    0.089339] Initializing cgroup subsys freezer
[    0.090079] Initializing cgroup subsys blkio
[    0.091068] Initializing cgroup subsys perf_event
[    0.096113] mce: CPU supports 10 MCE banks
[    0.100196] SMP alternatives: switching to UP code
[    0.462657] Freeing SMP alternatives: 24k freed
[    0.464968] ACPI: Core revision 20110623
[    0.509798] ftrace: allocating 26610 entries in 105 pages
[    0.545322] ..TIMER: vector=0x30 apic1=0 pin1=2 apic2=-1 pin2=-1
[    0.546900] CPU0: AMD QEMU Virtual CPU version 2.0.0 stepping 03
[    0.552033] Performance Events: Broken PMU hardware detected, using software events only.
[    0.564223] NMI watchdog disabled (cpu0): hardware events not enabled
[    0.569008] Brought up 1 CPUs
[    0.569533] Total of 1 processors activated (4588.54 BogoMIPS).
[    0.592133] devtmpfs: initialized
[    0.622627] EVM: security.selinux
[    0.623151] EVM: security.SMACK64
[    0.624082] EVM: security.capability
[    0.643002] print_constraints: dummy: 
[    0.645104] RTC time: 19:38:20, date: 12/16/15
[    0.647838] NET: Registered protocol family 16
[    0.655326] ACPI: bus type pci registered
[    0.660408] PCI: Using configuration type 1 for base access
[    0.686667] bio: create slab &lt;bio-0&gt; at 0
[    0.691197] ACPI: Added _OSI(Module Device)
[    0.692149] ACPI: Added _OSI(Processor Device)
[    0.692734] ACPI: Added _OSI(3.0 _SCP Extensions)
[    0.693389] ACPI: Added _OSI(Processor Aggregator Device)
[    0.765065] ACPI: Interpreter enabled
[    0.765705] ACPI: (supports S0 S3 S4 S5)
[    0.768310] ACPI: Using IOAPIC for interrupt routing
[    0.849947] ACPI: No dock devices found.
[    0.850618] HEST: Table not found.
[    0.851281] PCI: Using host bridge windows from ACPI; if necessary, use "pci=nocrs" and report a bug
[    0.857824] ACPI: PCI Root Bridge [PCI0] (domain 0000 [bus 00-ff])
[    0.864462] pci_root PNP0A03:00: host bridge window [io  0x0000-0x0cf7]
[    0.865446] pci_root PNP0A03:00: host bridge window [io  0x0d00-0xadff]
[    0.866388] pci_root PNP0A03:00: host bridge window [io  0xae0f-0xaeff]
[    0.868105] pci_root PNP0A03:00: host bridge window [io  0xaf20-0xafdf]
[    0.869061] pci_root PNP0A03:00: host bridge window [io  0xafe4-0xffff]
[    0.870271] pci_root PNP0A03:00: host bridge window [mem 0x000a0000-0x000bffff]
[    0.872105] pci_root PNP0A03:00: host bridge window [mem 0x04000000-0xfebfffff]
[    0.893636] pci 0000:00:01.3: quirk: [io  0xb000-0xb03f] claimed by PIIX4 ACPI
[    0.894853] pci 0000:00:01.3: quirk: [io  0xb100-0xb10f] claimed by PIIX4 SMB
[    0.968981]  pci0000:00: Unable to request _OSC control (_OSC support mask: 0x1e)
[    1.032997] ACPI: PCI Interrupt Link [LNKA] (IRQs 5 *10 11)
[    1.035190] ACPI: PCI Interrupt Link [LNKB] (IRQs 5 *10 11)
[    1.037414] ACPI: PCI Interrupt Link [LNKC] (IRQs 5 10 *11)
[    1.041068] ACPI: PCI Interrupt Link [LNKD] (IRQs 5 10 *11)
[    1.042563] ACPI: PCI Interrupt Link [LNKS] (IRQs *9)
[    1.048914] vgaarb: device added: PCI:0000:00:02.0,decodes=io+mem,owns=io+mem,locks=none
[    1.049977] vgaarb: loaded
[    1.050328] vgaarb: bridge control possible 0000:00:02.0
[    1.054516] i2c-core: driver [aat2870] using legacy suspend method
[    1.055594] i2c-core: driver [aat2870] using legacy resume method
[    1.057785] SCSI subsystem initialized
[    1.062420] usbcore: registered new interface driver usbfs
[    1.064048] usbcore: registered new interface driver hub
[    1.064830] usbcore: registered new device driver usb
[    1.069868] PCI: Using ACPI for IRQ routing
[    1.080862] NetLabel: Initializing
[    1.081315] NetLabel:  domain hash size = 128
[    1.081813] NetLabel:  protocols = UNLABELED CIPSOv4
[    1.084706] NetLabel:  unlabeled traffic allowed by default
[    1.086905] HPET: 3 timers in total, 0 timers will be used for per-cpu timer
[    1.087721] hpet0: at MMIO 0xfed00000, IRQs 2, 8, 0
[    1.088495] hpet0: 3 comparators, 64-bit 100.000000 MHz counter
[    1.102249] Switching to clocksource hpet
[    1.333499] AppArmor: AppArmor Filesystem Enabled
[    1.334756] pnp: PnP ACPI init
[    1.335437] ACPI: bus type pnp registered
[    1.354450] pnp: PnP ACPI: found 9 devices
[    1.355061] ACPI: ACPI bus type pnp unregistered
[    1.414597] NET: Registered protocol family 2
[    1.449677] IP route cache hash table entries: 512 (order: 0, 4096 bytes)
[    1.457707] TCP established hash table entries: 2048 (order: 3, 32768 bytes)
[    1.459222] TCP bind hash table entries: 2048 (order: 3, 32768 bytes)
[    1.461140] TCP: Hash tables configured (established 2048 bind 2048)
[    1.462262] TCP reno registered
[    1.463066] UDP hash table entries: 128 (order: 0, 4096 bytes)
[    1.464080] UDP-Lite hash table entries: 128 (order: 0, 4096 bytes)
[    1.467775] NET: Registered protocol family 1
[    1.469438] pci 0000:00:00.0: Limiting direct PCI/PCI transfers
[    1.470495] pci 0000:00:01.0: PIIX3: Enabling Passive Release
[    1.471862] pci 0000:00:01.0: Activating ISA DMA hang workarounds
[    1.478081] ACPI: PCI Interrupt Link [LNKD] enabled at IRQ 11
[    1.479053] pci 0000:00:01.2: PCI INT D -&gt; Link[LNKD] -&gt; GSI 11 (level, high) -&gt; IRQ 11
[    1.481777] pci 0000:00:01.2: PCI INT D disabled
[    1.499442] Trying to unpack rootfs image as initramfs...
[    1.518320] audit: initializing netlink socket (disabled)
[    1.519812] type=2000 audit(1450294700.516:1): initialized
[    1.807307] HugeTLB registered 2 MB page size, pre-allocated 0 pages
[    1.895584] VFS: Disk quotas dquot_6.5.2
[    1.898247] Dquot-cache hash table entries: 512 (order 0, 4096 bytes)
[    1.913392] fuse init (API version 7.17)
[    1.917262] msgmni has been set to 84
[    1.958235] Block layer SCSI generic (bsg) driver version 0.4 loaded (major 253)
[    1.959773] io scheduler noop registered
[    1.961697] io scheduler deadline registered (default)
[    1.964058] io scheduler cfq registered
[    1.969672] pci_hotplug: PCI Hot Plug PCI Core version: 0.5
[    1.977853] pciehp: PCI Express Hot Plug Controller Driver version: 0.4
[    1.988044] input: Power Button as /devices/LNXSYSTM:00/LNXPWRBN:00/input/input0
[    1.991956] ACPI: Power Button [PWRF]
[    2.060076] ERST: Table is not found!
[    2.060903] GHES: HEST is not enabled!
[    2.070366] ACPI: PCI Interrupt Link [LNKC] enabled at IRQ 10
[    2.071152] virtio-pci 0000:00:03.0: PCI INT A -&gt; Link[LNKC] -&gt; GSI 10 (level, high) -&gt; IRQ 10
[    2.075202] virtio-pci 0000:00:04.0: PCI INT A -&gt; Link[LNKD] -&gt; GSI 11 (level, high) -&gt; IRQ 11
[    2.091163] ACPI: PCI Interrupt Link [LNKA] enabled at IRQ 10
[    2.091950] virtio-pci 0000:00:05.0: PCI INT A -&gt; Link[LNKA] -&gt; GSI 10 (level, high) -&gt; IRQ 10
[    2.101981] Serial: 8250/16550 driver, 32 ports, IRQ sharing enabled
[    2.147641] serial8250: ttyS0 at I/O 0x3f8 (irq = 4) is a 16550A
[    2.242166] serial8250: ttyS1 at I/O 0x2f8 (irq = 3) is a 16550A
[    2.384985] 00:05: ttyS0 at I/O 0x3f8 (irq = 4) is a 16550A
[    2.459781] 00:06: ttyS1 at I/O 0x2f8 (irq = 3) is a 16550A
[    2.486021] Refined TSC clocksource calibration: 2294.461 MHz.
[    2.486834] Switching to clocksource tsc
[    2.511209] Linux agpgart interface v0.103
[    2.588062] brd: module loaded
[    2.622284] loop: module loaded
[    2.689950]  vda: unknown partition table
[    2.733534] scsi0 : ata_piix
[    2.741194] scsi1 : ata_piix
[    2.742463] ata1: PATA max MWDMA2 cmd 0x1f0 ctl 0x3f6 bmdma 0xc0a0 irq 14
[    2.743285] ata2: PATA max MWDMA2 cmd 0x170 ctl 0x376 bmdma 0xc0a8 irq 15
[    2.753680] Fixed MDIO Bus: probed
[    2.754530] tun: Universal TUN/TAP device driver, 1.6
[    2.755162] tun: (C) 1999-2004 Max Krasnyansky &lt;maxk@qualcomm.com&gt;
[    2.766490] PPP generic driver version 2.4.2
[    2.790658] ehci_hcd: USB 2.0 'Enhanced' Host Controller (EHCI) Driver
[    2.791957] ohci_hcd: USB 1.1 'Open' Host Controller (OHCI) Driver
[    2.793794] uhci_hcd: USB Universal Host Controller Interface driver
[    2.794819] uhci_hcd 0000:00:01.2: PCI INT D -&gt; Link[LNKD] -&gt; GSI 11 (level, high) -&gt; IRQ 11
[    2.798432] uhci_hcd 0000:00:01.2: UHCI Host Controller
[    2.809880] uhci_hcd 0000:00:01.2: new USB bus registered, assigned bus number 1
[    2.811342] uhci_hcd 0000:00:01.2: irq 11, io base 0x0000c040
[    2.835481] hub 1-0:1.0: USB hub found
[    2.837241] hub 1-0:1.0: 2 ports detected
[    2.847719] usbcore: registered new interface driver libusual
[    2.850808] i8042: PNP: PS/2 Controller [PNP0303:KBD,PNP0f13:MOU] at 0x60,0x64 irq 1,12
[    2.869247] serio: i8042 KBD port at 0x60,0x64 irq 1
[    2.870912] serio: i8042 AUX port at 0x60,0x64 irq 12
[    2.924078] mousedev: PS/2 mouse device common for all mice
[    2.965003] rtc_cmos 00:01: RTC can wake from S4
[    2.972776] ata2.01: ATAPI: QEMU DVD-ROM, 2.0.0, max UDMA/100
[    2.982900] input: AT Translated Set 2 keyboard as /devices/platform/i8042/serio0/input/input1
[    2.998757] rtc_cmos 00:01: rtc core: registered rtc_cmos as rtc0
[    3.002428] rtc0: alarms up to one day, 114 bytes nvram, hpet irqs
[    3.006675] device-mapper: uevent: version 1.0.3
[    3.019966] ata2.01: configured for MWDMA2
[    3.046666] device-mapper: ioctl: 4.22.0-ioctl (2011-10-19) initialised: dm-devel@redhat.com
[    3.053673] cpuidle: using governor ladder
[    3.055558] cpuidle: using governor menu
[    3.058065] EFI Variables Facility v0.08 2004-May-17
[    3.066033] TCP cubic registered
[    3.069436] NET: Registered protocol family 10
[    3.091563] NET: Registered protocol family 17
[    3.092986] Registering the dns_resolver key type
[    3.109395] scsi 1:0:1:0: CD-ROM            QEMU     QEMU DVD-ROM     2.0. PQ: 0 ANSI: 5
[    3.133027] sr0: scsi3-mmc drive: 4x/4x cd/rw xa/form2 tray
[    3.134728] cdrom: Uniform CD-ROM driver Revision: 3.20
[    3.155978] sr 1:0:1:0: Attached scsi generic sg0 type 5
[    3.199426] Freeing initrd memory: 3656k freed
[    3.223551] registered taskstats version 1
[    3.684258]   Magic number: 11:835:647
[    3.690991] scsi_host host1: hash matches
[    3.691912] scsi host1: hash matches
[    3.693438] processor LNXCPU:00: hash matches
[    3.698507] rtc_cmos 00:01: setting system clock to 2015-12-16 19:38:23 UTC (1450294703)
[    3.701222] powernow-k8: Processor cpuid 663 not supported
[    3.707266] BIOS EDD facility v0.16 2004-Jun-25, 0 devices found
[    3.709338] EDD information not available.
[    3.778722] Freeing unused kernel memory: 928k freed
[    3.790908] Write protecting the kernel read-only data: 12288k
[    3.905555] Freeing unused kernel memory: 1596k freed
[    3.963962] Freeing unused kernel memory: 1184k freed

info: initramfs: up at 4.12
modprobe: module virtio_blk not found in modules.dep
modprobe: module virtio_net not found in modules.dep
info: copying initramfs to /dev/vda
info: initramfs loading root from /dev/vda
info: /etc/init.d/rc.sysinit: up at 8.76
info: container: none
Starting logging: OK
modprobe: module virtio_blk not found in modules.dep
modprobe: module virtio_net not found in modules.dep
WARN: /etc/rc3.d/S10-load-modules failed
Initializing random number generator... done.
Starting acpid: OK
cirros-ds 'local' up at 11.32
found datasource (configdrive, local)
Starting network...
udhcpc (v1.20.1) started
Sending discover...
Sending discover...

2015-12-16 19:40:20,119 25486 INFO     [tempest_lib.common.rest_client] Request (TestNetworkBasicOps:_run_cleanups): 204 DELETE http://10.0.2.15:9696/v2.0/floatingips/d87efc2f-fcb5-44eb-9478-c131d8b38908 0.255s
2015-12-16 19:40:20,119 25486 DEBUG    [tempest_lib.common.rest_client] Request - Headers: {'Content-Type': 'application/json', 'Accept': 'application/json', 'X-Auth-Token': '&lt;omitted&gt;'}
        Body: None
    Response - Headers: {'date': 'Wed, 16 Dec 2015 19:40:20 GMT', 'status': '204', 'connection': 'close', 'content-length': '0', 'x-openstack-request-id': 'req-157485aa-ab0e-4e0c-90d0-432b564a0657'}
        Body: 
2015-12-16 19:40:20,324 25486 INFO     [tempest_lib.common.rest_client] Request (TestNetworkBasicOps:_run_cleanups): 204 DELETE http://10.0.2.15:8774/v2.1/621ef8504c354b06b50e6ca82bc5d129/servers/fd1c1890-5870-4307-aa8f-c6844f069ac4 0.204s
2015-12-16 19:40:20,324 25486 DEBUG    [tempest_lib.common.rest_client] Request - Headers: {'Content-Type': 'application/json', 'Accept': 'application/json', 'X-Auth-Token': '&lt;omitted&gt;'}
        Body: None
    Response - Headers: {'status': '204', 'content-length': '0', 'x-compute-request-id': 'req-dd8e5d65-16f5-4639-9491-0b5bbad1c0eb', 'vary': 'X-OpenStack-Nova-API-Version', 'connection': 'close', 'x-openstack-nova-api-version': '2.1', 'date': 'Wed, 16 Dec 2015 19:40:20 GMT', 'content-type': 'application/json'}
        Body: 
2015-12-16 19:40:20,653 25486 INFO     [tempest_lib.common.rest_client] Request (TestNetworkBasicOps:_run_cleanups): 200 GET http://10.0.2.15:8774/v2.1/621ef8504c354b06b50e6ca82bc5d129/servers/fd1c1890-5870-4307-aa8f-c6844f069ac4 0.328s
2015-12-16 19:40:20,653 25486 DEBUG    [tempest_lib.common.rest_client] Request - Headers: {'Content-Type': 'application/json', 'Accept': 'application/json', 'X-Auth-Token': '&lt;omitted&gt;'}
        Body: None
    Response - Headers: {'status': '200', 'content-length': '1775', 'content-location': 'http://10.0.2.15:8774/v2.1/621ef8504c354b06b50e6ca82bc5d129/servers/fd1c1890-5870-4307-aa8f-c6844f069ac4', 'x-compute-request-id': 'req-82231b40-cca1-4c6f-8118-6556bd3cff01', 'vary': 'X-OpenStack-Nova-API-Version', 'connection': 'close', 'x-openstack-nova-api-version': '2.1', 'date': 'Wed, 16 Dec 2015 19:40:20 GMT', 'content-type': 'application/json'}
        Body: {"server": {"status": "ACTIVE", "updated": "2015-12-16T19:40:20Z", "hostId": "c3007db00be25af4dd7ab9ecafce0a85483d057e7f05e4ef1adfb542", "addresses": {"tempest-network-smoke--425232356": [{"OS-EXT-IPS-MAC:mac_addr": "fa:16:3e:69:bc:66", "version": 4, "addr": "10.100.0.3", "OS-EXT-IPS:type": "fixed"}, {"OS-EXT-IPS-MAC:mac_addr": "fa:16:3e:69:bc:66", "version": 4, "addr": "172.24.4.4", "OS-EXT-IPS:type": "floating"}]}, "links": [{"href": "http://10.0.2.15:8774/v2.1/621ef8504c354b06b50e6ca82bc5d129/servers/fd1c1890-5870-4307-aa8f-c6844f069ac4", "rel": "self"}, {"href": "http://10.0.2.15:8774/621ef8504c354b06b50e6ca82bc5d129/servers/fd1c1890-5870-4307-aa8f-c6844f069ac4", "rel": "bookmark"}], "key_name": "tempest-TestNetworkBasicOps-2007475774", "image": {"id": "a8bc91fa-590f-4492-b630-66d8e7c6a299", "links": [{"href": "http://10.0.2.15:8774/621ef8504c354b06b50e6ca82bc5d129/images/a8bc91fa-590f-4492-b630-66d8e7c6a299", "rel": "bookmark"}]}, "OS-EXT-STS:task_state": "deleting", "OS-EXT-STS:vm_state": "active", "OS-SRV-USG:launched_at": "2015-12-16T19:38:16.000000", "flavor": {"id": "42", "links": [{"href": "http://10.0.2.15:8774/621ef8504c354b06b50e6ca82bc5d129/flavors/42", "rel": "bookmark"}]}, "id": "fd1c1890-5870-4307-aa8f-c6844f069ac4", "security_groups": [{"name": "tempest-secgroup-smoke-2085100716"}], "OS-SRV-USG:terminated_at": null, "OS-EXT-AZ:availability_zone": "nova", "user_id": "2423168d4e3945daa9649f5b5b431019", "name": "tempest.common.compute-instance-252874413", "created": "2015-12-16T19:38:13Z", "tenant_id": "621ef8504c354b06b50e6ca82bc5d129", "OS-DCF:diskConfig": "MANUAL", "os-extended-volumes:volumes_attached": [], "accessIPv4": "", "accessIPv6": "", "progress": 0, "OS-EXT-STS:power_state": 1, "config_drive": "True", "metadata": {}}}
2015-12-16 19:40:21,820 25486 INFO     [tempest_lib.common.rest_client] Request (TestNetworkBasicOps:_run_cleanups): 200 GET http://10.0.2.15:8774/v2.1/621ef8504c354b06b50e6ca82bc5d129/servers/fd1c1890-5870-4307-aa8f-c6844f069ac4 0.155s
2015-12-16 19:40:21,820 25486 DEBUG    [tempest_lib.common.rest_client] Request - Headers: {'Content-Type': 'application/json', 'Accept': 'application/json', 'X-Auth-Token': '&lt;omitted&gt;'}
        Body: None
    Response - Headers: {'status': '200', 'content-length': '1445', 'content-location': 'http://10.0.2.15:8774/v2.1/621ef8504c354b06b50e6ca82bc5d129/servers/fd1c1890-5870-4307-aa8f-c6844f069ac4', 'x-compute-request-id': 'req-57693e20-0f88-4c47-bdd6-10e9758651cb', 'vary': 'X-OpenStack-Nova-API-Version', 'connection': 'close', 'x-openstack-nova-api-version': '2.1', 'date': 'Wed, 16 Dec 2015 19:40:21 GMT', 'content-type': 'application/json'}
        Body: {"server": {"status": "DELETED", "updated": "2015-12-16T19:40:21Z", "hostId": "c3007db00be25af4dd7ab9ecafce0a85483d057e7f05e4ef1adfb542", "addresses": {}, "links": [{"href": "http://10.0.2.15:8774/v2.1/621ef8504c354b06b50e6ca82bc5d129/servers/fd1c1890-5870-4307-aa8f-c6844f069ac4", "rel": "self"}, {"href": "http://10.0.2.15:8774/621ef8504c354b06b50e6ca82bc5d129/servers/fd1c1890-5870-4307-aa8f-c6844f069ac4", "rel": "bookmark"}], "key_name": "tempest-TestNetworkBasicOps-2007475774", "image": {"id": "a8bc91fa-590f-4492-b630-66d8e7c6a299", "links": [{"href": "http://10.0.2.15:8774/621ef8504c354b06b50e6ca82bc5d129/images/a8bc91fa-590f-4492-b630-66d8e7c6a299", "rel": "bookmark"}]}, "OS-EXT-STS:task_state": null, "OS-EXT-STS:vm_state": "deleted", "OS-SRV-USG:launched_at": "2015-12-16T19:38:16.000000", "flavor": {"id": "42", "links": [{"href": "http://10.0.2.15:8774/621ef8504c354b06b50e6ca82bc5d129/flavors/42", "rel": "bookmark"}]}, "id": "fd1c1890-5870-4307-aa8f-c6844f069ac4", "OS-SRV-USG:terminated_at": "2015-12-16T19:40:21.000000", "OS-EXT-AZ:availability_zone": "nova", "user_id": "2423168d4e3945daa9649f5b5b431019", "name": "tempest.common.compute-instance-252874413", "created": "2015-12-16T19:38:13Z", "tenant_id": "621ef8504c354b06b50e6ca82bc5d129", "OS-DCF:diskConfig": "MANUAL", "os-extended-volumes:volumes_attached": [], "accessIPv4": "", "accessIPv6": "", "OS-EXT-STS:power_state": 0, "config_drive": "True", "metadata": {}}}
2015-12-16 19:40:22,909 25486 INFO     [tempest_lib.common.rest_client] Request (TestNetworkBasicOps:_run_cleanups): 404 GET http://10.0.2.15:8774/v2.1/621ef8504c354b06b50e6ca82bc5d129/servers/fd1c1890-5870-4307-aa8f-c6844f069ac4 0.079s
2015-12-16 19:40:22,910 25486 DEBUG    [tempest_lib.common.rest_client] Request - Headers: {'Content-Type': 'application/json', 'Accept': 'application/json', 'X-Auth-Token': '&lt;omitted&gt;'}
        Body: None
    Response - Headers: {'status': '404', 'content-length': '111', 'x-compute-request-id': 'req-249c7c5f-4ad3-461c-b6de-5e1beb236ac9', 'vary': 'X-OpenStack-Nova-API-Version', 'connection': 'close', 'x-openstack-nova-api-version': '2.1', 'date': 'Wed, 16 Dec 2015 19:40:22 GMT', 'content-type': 'application/json; charset=UTF-8'}
        Body: {"itemNotFound": {"message": "Instance fd1c1890-5870-4307-aa8f-c6844f069ac4 could not be found.", "code": 404}}
2015-12-16 19:40:22,931 25486 INFO     [tempest_lib.common.rest_client] Request (TestNetworkBasicOps:_run_cleanups): 202 DELETE http://10.0.2.15:8774/v2.1/621ef8504c354b06b50e6ca82bc5d129/os-keypairs/tempest-TestNetworkBasicOps-2007475774 0.020s
2015-12-16 19:40:22,932 25486 DEBUG    [tempest_lib.common.rest_client] Request - Headers: {'Content-Type': 'application/json', 'Accept': 'application/json', 'X-Auth-Token': '&lt;omitted&gt;'}
        Body: None
    Response - Headers: {'status': '202', 'content-length': '0', 'x-compute-request-id': 'req-657afed6-87de-49fe-a9e9-a14f2bec7583', 'vary': 'X-OpenStack-Nova-API-Version', 'connection': 'close', 'x-openstack-nova-api-version': '2.1', 'date': 'Wed, 16 Dec 2015 19:40:22 GMT', 'content-type': 'application/json'}
        Body: 
2015-12-16 19:40:23,340 25486 INFO     [tempest_lib.common.rest_client] Request (TestNetworkBasicOps:_run_cleanups): 200 PUT http://10.0.2.15:9696/v2.0/routers/491ca727-8da1-402d-898f-d9ac534a7f8b/remove_router_interface 0.407s
2015-12-16 19:40:23,341 25486 DEBUG    [tempest_lib.common.rest_client] Request - Headers: {'Content-Type': 'application/json', 'Accept': 'application/json', 'X-Auth-Token': '&lt;omitted&gt;'}
        Body: {"subnet_id": "11fe6f77-74ca-4c14-9f9c-3e60cf0f511c"}
    Response - Headers: {'status': '200', 'content-length': '255', 'connection': 'close', 'date': 'Wed, 16 Dec 2015 19:40:23 GMT', 'content-type': 'application/json; charset=UTF-8', 'x-openstack-request-id': 'req-33f28173-2a4a-4636-ba94-f87dbb4e992f'}
        Body: {"subnet_id": "11fe6f77-74ca-4c14-9f9c-3e60cf0f511c", "tenant_id": "621ef8504c354b06b50e6ca82bc5d129", "subnet_ids": ["11fe6f77-74ca-4c14-9f9c-3e60cf0f511c"], "port_id": "82f7ee3f-4ffa-49af-ad23-4c5d7d9b187d", "id": "491ca727-8da1-402d-898f-d9ac534a7f8b"}
2015-12-16 19:40:23,916 25486 INFO     [tempest_lib.common.rest_client] Request (TestNetworkBasicOps:_run_cleanups): 204 DELETE http://10.0.2.15:9696/v2.0/subnets/11fe6f77-74ca-4c14-9f9c-3e60cf0f511c 0.573s
2015-12-16 19:40:23,916 25486 DEBUG    [tempest_lib.common.rest_client] Request - Headers: {'Content-Type': 'application/json', 'Accept': 'application/json', 'X-Auth-Token': '&lt;omitted&gt;'}
        Body: None
    Response - Headers: {'date': 'Wed, 16 Dec 2015 19:40:23 GMT', 'status': '204', 'connection': 'close', 'content-length': '0', 'x-openstack-request-id': 'req-0af1927e-ea67-4bb2-9597-c3ecc7552624'}
        Body: 
2015-12-16 19:40:23,974 25486 INFO     [tempest_lib.common.rest_client] Request (TestNetworkBasicOps:_run_cleanups): 200 GET http://10.0.2.15:9696/v2.0/routers/491ca727-8da1-402d-898f-d9ac534a7f8b 0.057s
2015-12-16 19:40:23,975 25486 DEBUG    [tempest_lib.common.rest_client] Request - Headers: {'Content-Type': 'application/json', 'Accept': 'application/json', 'X-Auth-Token': '&lt;omitted&gt;'}
        Body: None
    Response - Headers: {'status': '200', 'content-length': '564', 'content-location': 'http://10.0.2.15:9696/v2.0/routers/491ca727-8da1-402d-898f-d9ac534a7f8b', 'connection': 'close', 'date': 'Wed, 16 Dec 2015 19:40:23 GMT', 'content-type': 'application/json; charset=UTF-8', 'x-openstack-request-id': 'req-f1a7f9df-8f31-4f24-a4ef-83dafba8254b'}
        Body: {"router": {"status": "ACTIVE", "external_gateway_info": {"network_id": "f78bf7ce-ef79-4b1d-819f-bcc50534568a", "enable_snat": true, "external_fixed_ips": [{"subnet_id": "f2b82872-627f-4faf-8a05-ac525afebb4a", "ip_address": "172.24.4.3"}, {"subnet_id": "db2cc6ba-076c-4b4b-9f01-2e6149e649d9", "ip_address": "2001:db8::3"}]}, "availability_zone_hints": [], "availability_zones": ["nova"], "name": "tempest-router-smoke-1710167368", "admin_state_up": true, "tenant_id": "621ef8504c354b06b50e6ca82bc5d129", "routes": [], "id": "491ca727-8da1-402d-898f-d9ac534a7f8b"}}
2015-12-16 19:40:24,442 25486 INFO     [tempest_lib.common.rest_client] Request (TestNetworkBasicOps:_run_cleanups): 200 PUT http://10.0.2.15:9696/v2.0/routers/491ca727-8da1-402d-898f-d9ac534a7f8b 0.466s
2015-12-16 19:40:24,442 25486 DEBUG    [tempest_lib.common.rest_client] Request - Headers: {'Content-Type': 'application/json', 'Accept': 'application/json', 'X-Auth-Token': '&lt;omitted&gt;'}
        Body: {"router": {"external_gateway_info": {}, "name": "tempest-router-smoke-1710167368", "admin_state_up": true}}
    Response - Headers: {'status': '200', 'content-length': '302', 'connection': 'close', 'date': 'Wed, 16 Dec 2015 19:40:24 GMT', 'content-type': 'application/json; charset=UTF-8', 'x-openstack-request-id': 'req-9ebbdca4-6a89-4bce-9829-f7934672922b'}
        Body: {"router": {"status": "ACTIVE", "external_gateway_info": null, "availability_zone_hints": [], "availability_zones": ["nova"], "name": "tempest-router-smoke-1710167368", "admin_state_up": true, "tenant_id": "621ef8504c354b06b50e6ca82bc5d129", "routes": [], "id": "491ca727-8da1-402d-898f-d9ac534a7f8b"}}
2015-12-16 19:40:24,784 25486 INFO     [tempest_lib.common.rest_client] Request (TestNetworkBasicOps:_run_cleanups): 204 DELETE http://10.0.2.15:9696/v2.0/routers/491ca727-8da1-402d-898f-d9ac534a7f8b 0.340s
2015-12-16 19:40:24,785 25486 DEBUG    [tempest_lib.common.rest_client] Request - Headers: {'Content-Type': 'application/json', 'Accept': 'application/json', 'X-Auth-Token': '&lt;omitted&gt;'}
        Body: None
    Response - Headers: {'date': 'Wed, 16 Dec 2015 19:40:24 GMT', 'status': '204', 'connection': 'close', 'content-length': '0', 'x-openstack-request-id': 'req-defb5c52-ee2c-4e50-8a5d-f21bc0f7289b'}
        Body: 
2015-12-16 19:40:25,007 25486 INFO     [tempest_lib.common.rest_client] Request (TestNetworkBasicOps:_run_cleanups): 204 DELETE http://10.0.2.15:9696/v2.0/networks/ad38fe6c-f8a8-4e98-a189-8d5d4826e68f 0.221s
2015-12-16 19:40:25,008 25486 DEBUG    [tempest_lib.common.rest_client] Request - Headers: {'Content-Type': 'application/json', 'Accept': 'application/json', 'X-Auth-Token': '&lt;omitted&gt;'}
        Body: None
    Response - Headers: {'date': 'Wed, 16 Dec 2015 19:40:25 GMT', 'status': '204', 'connection': 'close', 'content-length': '0', 'x-openstack-request-id': 'req-626f2dd5-81ae-4e31-8835-c3adb504cdf0'}
        Body: 
2015-12-16 19:40:25,068 25486 INFO     [tempest_lib.common.rest_client] Request (TestNetworkBasicOps:_run_cleanups): 204 DELETE http://10.0.2.15:9696/v2.0/security-group-rules/990f3fbd-39e1-40ed-8698-4fb349cad2f9 0.059s
2015-12-16 19:40:25,069 25486 DEBUG    [tempest_lib.common.rest_client] Request - Headers: {'Content-Type': 'application/json', 'Accept': 'application/json', 'X-Auth-Token': '&lt;omitted&gt;'}
        Body: None
    Response - Headers: {'date': 'Wed, 16 Dec 2015 19:40:25 GMT', 'status': '204', 'connection': 'close', 'content-length': '0', 'x-openstack-request-id': 'req-f91c3e76-1b06-4970-b513-1c1f9d077334'}
        Body: 
2015-12-16 19:40:25,132 25486 INFO     [tempest_lib.common.rest_client] Request (TestNetworkBasicOps:_run_cleanups): 204 DELETE http://10.0.2.15:9696/v2.0/security-group-rules/e1da516e-570f-49af-af6f-adb9e4eed5b9 0.062s
2015-12-16 19:40:25,133 25486 DEBUG    [tempest_lib.common.rest_client] Request - Headers: {'Content-Type': 'application/json', 'Accept': 'application/json', 'X-Auth-Token': '&lt;omitted&gt;'}
        Body: None
    Response - Headers: {'date': 'Wed, 16 Dec 2015 19:40:25 GMT', 'status': '204', 'connection': 'close', 'content-length': '0', 'x-openstack-request-id': 'req-b0d1f4f7-cb07-4c8b-a433-a35840dbe56e'}
        Body: 
2015-12-16 19:40:25,192 25486 INFO     [tempest_lib.common.rest_client] Request (TestNetworkBasicOps:_run_cleanups): 204 DELETE http://10.0.2.15:9696/v2.0/security-group-rules/feac37ed-80ed-409b-aa12-7ca52fc096b1 0.058s
2015-12-16 19:40:25,193 25486 DEBUG    [tempest_lib.common.rest_client] Request - Headers: {'Content-Type': 'application/json', 'Accept': 'application/json', 'X-Auth-Token': '&lt;omitted&gt;'}
        Body: None
    Response - Headers: {'date': 'Wed, 16 Dec 2015 19:40:25 GMT', 'status': '204', 'connection': 'close', 'content-length': '0', 'x-openstack-request-id': 'req-af09f175-a1e0-41c9-aa07-fb9d2d0693bc'}
        Body: 
2015-12-16 19:40:25,258 25486 INFO     [tempest_lib.common.rest_client] Request (TestNetworkBasicOps:_run_cleanups): 204 DELETE http://10.0.2.15:9696/v2.0/security-group-rules/c1cc3ee5-1da9-4593-b027-d7e776e536ce 0.064s
2015-12-16 19:40:25,258 25486 DEBUG    [tempest_lib.common.rest_client] Request - Headers: {'Content-Type': 'application/json', 'Accept': 'application/json', 'X-Auth-Token': '&lt;omitted&gt;'}
        Body: None
    Response - Headers: {'date': 'Wed, 16 Dec 2015 19:40:25 GMT', 'status': '204', 'connection': 'close', 'content-length': '0', 'x-openstack-request-id': 'req-ff32f464-9208-45ae-b745-4db54ab73f00'}
        Body: 
2015-12-16 19:40:25,324 25486 INFO     [tempest_lib.common.rest_client] Request (TestNetworkBasicOps:_run_cleanups): 204 DELETE http://10.0.2.15:9696/v2.0/security-group-rules/bdbdcffb-9cd0-4393-a364-50a065560c27 0.065s
