<?xml version="1.0" encoding="UTF-8"?>
<!DOCTYPE html PUBLIC "-//W3C//DTD XHTML 1.0 Strict//EN"
     "http://www.w3.org/TR/xhtml1/DTD/xhtml1-strict.dtd">
<html xmlns="http://www.w3.org/1999/xhtml">
<head>
    <title>Unit Test Report</title>
    <meta name="generator" content="subunit2html 0.1"/>
    <meta http-equiv="Content-Type" content="text/html; charset=UTF-8"/>
    
<style type="text/css" media="screen">
body        { font-family: verdana, arial, helvetica, sans-serif;
    font-size: 80%; }
table       { font-size: 100%; width: 100%;}
pre         { font-size: 80%; }

/* -- heading -------------------------------------------------------------- */
h1 {
        font-size: 16pt;
        color: gray;
}
.heading {
    margin-top: 0ex;
    margin-bottom: 1ex;
}

.heading .attribute {
    margin-top: 1ex;
    margin-bottom: 0;
}

.heading .description {
    margin-top: 4ex;
    margin-bottom: 6ex;
}

/* -- css div popup -------------------------------------------------------- */
a.popup_link {
}

a.popup_link:hover {
    color: red;
}

.popup_window {
    display: none;
    overflow-x: scroll;
    /*border: solid #627173 1px; */
    padding: 10px;
    background-color: #E6E6D6;
    font-family: "Ubuntu Mono", "Lucida Console", "Courier New", monospace;
    text-align: left;
    font-size: 8pt;
}

}
/* -- report --------------------------------------------------------------- */
#show_detail_line {
    margin-top: 3ex;
    margin-bottom: 1ex;
}
#result_table {
    width: 100%;
    border-collapse: collapse;
    border: 1px solid #777;
}
#header_row {
    font-weight: bold;
    color: white;
    background-color: #777;
}
#result_table td {
    border: 1px solid #777;
    padding: 2px;
}
#total_row  { font-weight: bold; }
.passClass  { background-color: #6c6; }
.failClass  { background-color: #c60; }
.errorClass { background-color: #c00; }
.passCase   { color: #6c6; }
.failCase   { color: #c60; font-weight: bold; }
.errorCase  { color: #c00; font-weight: bold; }
.hiddenRow  { display: none; }
.testcase   { margin-left: 2em; }
td.testname {width: 40%}
td.small {width: 40px}

/* -- ending --------------------------------------------------------------- */
#ending {
}

</style>

</head>
<body>
<script language="javascript" type="text/javascript"><!--
output_list = Array();

/* level - 0:Summary; 1:Failed; 2:All */
function showCase(level) {
    trs = document.getElementsByTagName("tr");
    for (var i = 0; i < trs.length; i++) {
        tr = trs[i];
        id = tr.id;
        if (id.substr(0,2) == 'ft') {
            if (level < 1) {
                tr.className = 'hiddenRow';
            }
            else {
                tr.className = '';
            }
        }
        if (id.substr(0,2) == 'pt') {
            if (level > 1) {
                tr.className = '';
            }
            else {
                tr.className = 'hiddenRow';
            }
        }
    }
}


function showClassDetail(cid, count) {
    var id_list = Array(count);
    var toHide = 1;
    for (var i = 0; i < count; i++) {
        tid0 = 't' + cid.substr(1) + '.' + (i+1);
        tid = 'f' + tid0;
        tr = document.getElementById(tid);
        if (!tr) {
            tid = 'p' + tid0;
            tr = document.getElementById(tid);
        }
        id_list[i] = tid;
        if (tr.className) {
            toHide = 0;
        }
    }
    for (var i = 0; i < count; i++) {
        tid = id_list[i];
        if (toHide) {
            document.getElementById('div_'+tid).style.display = 'none'
            document.getElementById(tid).className = 'hiddenRow';
        }
        else {
            document.getElementById(tid).className = '';
        }
    }
}


function showTestDetail(div_id){
    var details_div = document.getElementById(div_id)
    var displayState = details_div.style.display
    // alert(displayState)
    if (displayState != 'block' ) {
        displayState = 'block'
        details_div.style.display = 'block'
    }
    else {
        details_div.style.display = 'none'
    }
}


function html_escape(s) {
    s = s.replace(/&/g,'&amp;');
    s = s.replace(/</g,'&lt;');
    s = s.replace(/>/g,'&gt;');
    return s;
}

/* obsoleted by detail in <div>
function showOutput(id, name) {
    var w = window.open("", //url
                    name,
                    "resizable,scrollbars,status,width=800,height=450");
    d = w.document;
    d.write("<pre>");
    d.write(html_escape(output_list[id]));
    d.write("\n");
    d.write("<a href='javascript:window.close()'>close</a>\n");
    d.write("</pre>\n");
    d.close();
}
*/
--></script>

<div class='heading'>
<h1>Unit Test Report</h1>

<p class='attribute'><strong>Status:</strong> Pass 1 Failure 7 Skip 1</p>

<p class='description'></p>
</div>



<p id='show_detail_line'>Show
<a href='javascript:showCase(0)'>Summary</a>
<a href='javascript:showCase(1)'>Failed</a>
<a href='javascript:showCase(2)'>All</a>
</p>
<table id='result_table'>
<colgroup>
<col align='left' />
<col align='right' />
<col align='right' />
<col align='right' />
<col align='right' />
<col align='right' />
<col align='right' />
<col align='right' />
</colgroup>
<tr id='header_row'>
    <td>Test Group/Test case</td>
    <td>Count</td>
    <td>Pass</td>
    <td>Fail</td>
    <td>Error</td>
    <td>Skip</td>
    <td>View</td>
    <td> </td>
</tr>

<tr class='failClass'>
    <td class="testname">tempest.scenario.test_network_basic_ops.TestNetworkBasicOps</td>
    <td class="small">9</td>
    <td class="small">1</td>
    <td class="small">7</td>
    <td class="small">0</td>
    <td class="small">1</td>
    <td class="small"><a href="javascript:showClassDetail('c1',9)"
>Detail</a></td>
    <td> </td>
</tr>

<tr id='ft1.1' class='none'>
    <td class='failCase'><div class='testcase'>test_connectivity_between_vms_on_different_networks[compute,id-1546850e-fbaa-42f5-8b5f-03d8a6a95f15,network]</div></td>
    <td colspan='7' align='left'>

    <!--css div popup start-->
    <a class="popup_link" onfocus='this.blur();'
    href="javascript:showTestDetail('div_ft1.1')" >
        fail</a>

    <div id='div_ft1.1' class="popup_window">
        <div style='text-align: right; color:red;cursor:pointer'>
        <a onfocus='this.blur();'
onclick="document.getElementById('div_ft1.1').style.display = 'none' " >
           [x]</a>
        </div>
        <pre>
        
ft1.1: tempest.scenario.test_network_basic_ops.TestNetworkBasicOps.test_connectivity_between_vms_on_different_networks[compute,id-1546850e-fbaa-42f5-8b5f-03d8a6a95f15,network]_StringException: Empty attachments:
  stderr
  stdout

pythonlogging:'': {{{
2015-12-18 03:27:15,936 21703 INFO     [tempest_lib.common.rest_client] Request (TestNetworkBasicOps:test_connectivity_between_vms_on_different_networks): 201 POST http://10.0.2.15:9696/v2.0/security-groups 0.365s
2015-12-18 03:27:15,937 21703 DEBUG    [tempest_lib.common.rest_client] Request - Headers: {'Content-Type': 'application/json', 'Accept': 'application/json', 'X-Auth-Token': '&lt;omitted&gt;'}
        Body: {"security_group": {"tenant_id": "9322afa48f454509a442fe2e6dc84e31", "description": "tempest-secgroup-smoke-380305221 description", "name": "tempest-secgroup-smoke-380305221"}}
    Response - Headers: {'status': '201', 'content-length': '886', 'connection': 'close', 'date': 'Fri, 18 Dec 2015 03:27:15 GMT', 'content-type': 'application/json; charset=UTF-8', 'x-openstack-request-id': 'req-c6b4c04d-5489-4b09-9710-bf21d9c4f6e8'}
        Body: {"security_group": {"tenant_id": "9322afa48f454509a442fe2e6dc84e31", "description": "tempest-secgroup-smoke-380305221 description", "id": "4b0d3168-173b-4431-95b3-b7cafe12b2b0", "security_group_rules": [{"remote_group_id": null, "direction": "egress", "remote_ip_prefix": null, "protocol": null, "ethertype": "IPv4", "tenant_id": "9322afa48f454509a442fe2e6dc84e31", "port_range_max": null, "port_range_min": null, "id": "7a725044-521f-41e6-af52-64d8e153ee66", "security_group_id": "4b0d3168-173b-4431-95b3-b7cafe12b2b0"}, {"remote_group_id": null, "direction": "egress", "remote_ip_prefix": null, "protocol": null, "ethertype": "IPv6", "tenant_id": "9322afa48f454509a442fe2e6dc84e31", "port_range_max": null, "port_range_min": null, "id": "986d5588-7ed5-4b79-bf24-586c966e0e0f", "security_group_id": "4b0d3168-173b-4431-95b3-b7cafe12b2b0"}], "name": "tempest-secgroup-smoke-380305221"}}
2015-12-18 03:27:16,065 21703 INFO     [tempest_lib.common.rest_client] Request (TestNetworkBasicOps:test_connectivity_between_vms_on_different_networks): 201 POST http://10.0.2.15:9696/v2.0/security-group-rules 0.126s
2015-12-18 03:27:16,065 21703 DEBUG    [tempest_lib.common.rest_client] Request - Headers: {'Content-Type': 'application/json', 'Accept': 'application/json', 'X-Auth-Token': '&lt;omitted&gt;'}
        Body: {"security_group_rule": {"direction": "ingress", "protocol": "tcp", "tenant_id": "9322afa48f454509a442fe2e6dc84e31", "port_range_max": 22, "security_group_id": "4b0d3168-173b-4431-95b3-b7cafe12b2b0", "port_range_min": 22}}
    Response - Headers: {'status': '201', 'content-length': '340', 'connection': 'close', 'date': 'Fri, 18 Dec 2015 03:27:16 GMT', 'content-type': 'application/json; charset=UTF-8', 'x-openstack-request-id': 'req-99b162f3-781a-4ad3-a151-38d3c7d6d558'}
        Body: {"security_group_rule": {"remote_group_id": null, "direction": "ingress", "remote_ip_prefix": null, "protocol": "tcp", "ethertype": "IPv4", "tenant_id": "9322afa48f454509a442fe2e6dc84e31", "port_range_max": 22, "port_range_min": 22, "id": "eeacd510-21bf-49ab-a079-38075f86b703", "security_group_id": "4b0d3168-173b-4431-95b3-b7cafe12b2b0"}}
2015-12-18 03:27:16,188 21703 INFO     [tempest_lib.common.rest_client] Request (TestNetworkBasicOps:test_connectivity_between_vms_on_different_networks): 201 POST http://10.0.2.15:9696/v2.0/security-group-rules 0.121s
2015-12-18 03:27:16,189 21703 DEBUG    [tempest_lib.common.rest_client] Request - Headers: {'Content-Type': 'application/json', 'Accept': 'application/json', 'X-Auth-Token': '&lt;omitted&gt;'}
        Body: {"security_group_rule": {"direction": "egress", "protocol": "tcp", "tenant_id": "9322afa48f454509a442fe2e6dc84e31", "port_range_max": 22, "security_group_id": "4b0d3168-173b-4431-95b3-b7cafe12b2b0", "port_range_min": 22}}
    Response - Headers: {'status': '201', 'content-length': '339', 'connection': 'close', 'date': 'Fri, 18 Dec 2015 03:27:16 GMT', 'content-type': 'application/json; charset=UTF-8', 'x-openstack-request-id': 'req-c94ee9d1-fd54-49ed-a693-4f81f6deb898'}
        Body: {"security_group_rule": {"remote_group_id": null, "direction": "egress", "remote_ip_prefix": null, "protocol": "tcp", "ethertype": "IPv4", "tenant_id": "9322afa48f454509a442fe2e6dc84e31", "port_range_max": 22, "port_range_min": 22, "id": "ec9a2951-e428-46ce-961a-fdfb65b0181b", "security_group_id": "4b0d3168-173b-4431-95b3-b7cafe12b2b0"}}
2015-12-18 03:27:16,307 21703 INFO     [tempest_lib.common.rest_client] Request (TestNetworkBasicOps:test_connectivity_between_vms_on_different_networks): 201 POST http://10.0.2.15:9696/v2.0/security-group-rules 0.116s
2015-12-18 03:27:16,307 21703 DEBUG    [tempest_lib.common.rest_client] Request - Headers: {'Content-Type': 'application/json', 'Accept': 'application/json', 'X-Auth-Token': '&lt;omitted&gt;'}
        Body: {"security_group_rule": {"tenant_id": "9322afa48f454509a442fe2e6dc84e31", "direction": "ingress", "protocol": "icmp", "security_group_id": "4b0d3168-173b-4431-95b3-b7cafe12b2b0"}}
    Response - Headers: {'status': '201', 'content-length': '345', 'connection': 'close', 'date': 'Fri, 18 Dec 2015 03:27:16 GMT', 'content-type': 'application/json; charset=UTF-8', 'x-openstack-request-id': 'req-cf7ab8db-2902-494c-b92a-929bd140fa56'}
        Body: {"security_group_rule": {"remote_group_id": null, "direction": "ingress", "remote_ip_prefix": null, "protocol": "icmp", "ethertype": "IPv4", "tenant_id": "9322afa48f454509a442fe2e6dc84e31", "port_range_max": null, "port_range_min": null, "id": "a2846520-2579-484c-bf3b-560b218347e8", "security_group_id": "4b0d3168-173b-4431-95b3-b7cafe12b2b0"}}
2015-12-18 03:27:16,423 21703 INFO     [tempest_lib.common.rest_client] Request (TestNetworkBasicOps:test_connectivity_between_vms_on_different_networks): 201 POST http://10.0.2.15:9696/v2.0/security-group-rules 0.115s
2015-12-18 03:27:16,424 21703 DEBUG    [tempest_lib.common.rest_client] Request - Headers: {'Content-Type': 'application/json', 'Accept': 'application/json', 'X-Auth-Token': '&lt;omitted&gt;'}
        Body: {"security_group_rule": {"tenant_id": "9322afa48f454509a442fe2e6dc84e31", "direction": "egress", "protocol": "icmp", "security_group_id": "4b0d3168-173b-4431-95b3-b7cafe12b2b0"}}
    Response - Headers: {'status': '201', 'content-length': '344', 'connection': 'close', 'date': 'Fri, 18 Dec 2015 03:27:16 GMT', 'content-type': 'application/json; charset=UTF-8', 'x-openstack-request-id': 'req-dabcfd5f-8dc2-4019-aca5-43a95497682a'}
        Body: {"security_group_rule": {"remote_group_id": null, "direction": "egress", "remote_ip_prefix": null, "protocol": "icmp", "ethertype": "IPv4", "tenant_id": "9322afa48f454509a442fe2e6dc84e31", "port_range_max": null, "port_range_min": null, "id": "5d570395-e947-47b7-ad42-a2a714adadba", "security_group_id": "4b0d3168-173b-4431-95b3-b7cafe12b2b0"}}
2015-12-18 03:27:16,542 21703 INFO     [tempest_lib.common.rest_client] Request (TestNetworkBasicOps:test_connectivity_between_vms_on_different_networks): 201 POST http://10.0.2.15:9696/v2.0/security-group-rules 0.117s
2015-12-18 03:27:16,542 21703 DEBUG    [tempest_lib.common.rest_client] Request - Headers: {'Content-Type': 'application/json', 'Accept': 'application/json', 'X-Auth-Token': '&lt;omitted&gt;'}
        Body: {"security_group_rule": {"tenant_id": "9322afa48f454509a442fe2e6dc84e31", "direction": "ingress", "security_group_id": "4b0d3168-173b-4431-95b3-b7cafe12b2b0", "protocol": "icmp", "ethertype": "IPv6"}}
    Response - Headers: {'status': '201', 'content-length': '345', 'connection': 'close', 'date': 'Fri, 18 Dec 2015 03:27:16 GMT', 'content-type': 'application/json; charset=UTF-8', 'x-openstack-request-id': 'req-e518c2b2-eb40-4542-9f30-c34397fa5801'}
        Body: {"security_group_rule": {"remote_group_id": null, "direction": "ingress", "remote_ip_prefix": null, "protocol": "icmp", "ethertype": "IPv6", "tenant_id": "9322afa48f454509a442fe2e6dc84e31", "port_range_max": null, "port_range_min": null, "id": "beb0af56-4280-4e39-8a93-4cee77de61c7", "security_group_id": "4b0d3168-173b-4431-95b3-b7cafe12b2b0"}}
2015-12-18 03:27:16,676 21703 INFO     [tempest_lib.common.rest_client] Request (TestNetworkBasicOps:test_connectivity_between_vms_on_different_networks): 201 POST http://10.0.2.15:9696/v2.0/security-group-rules 0.132s
2015-12-18 03:27:16,676 21703 DEBUG    [tempest_lib.common.rest_client] Request - Headers: {'Content-Type': 'application/json', 'Accept': 'application/json', 'X-Auth-Token': '&lt;omitted&gt;'}
        Body: {"security_group_rule": {"tenant_id": "9322afa48f454509a442fe2e6dc84e31", "direction": "egress", "security_group_id": "4b0d3168-173b-4431-95b3-b7cafe12b2b0", "protocol": "icmp", "ethertype": "IPv6"}}
    Response - Headers: {'status': '201', 'content-length': '344', 'connection': 'close', 'date': 'Fri, 18 Dec 2015 03:27:16 GMT', 'content-type': 'application/json; charset=UTF-8', 'x-openstack-request-id': 'req-b5dfd13f-8c27-4c74-8718-15254313c8f4'}
        Body: {"security_group_rule": {"remote_group_id": null, "direction": "egress", "remote_ip_prefix": null, "protocol": "icmp", "ethertype": "IPv6", "tenant_id": "9322afa48f454509a442fe2e6dc84e31", "port_range_max": null, "port_range_min": null, "id": "0799c6b6-9d54-467b-9b34-ed6ed96fdd38", "security_group_id": "4b0d3168-173b-4431-95b3-b7cafe12b2b0"}}
2015-12-18 03:27:16,879 21703 INFO     [tempest_lib.common.rest_client] Request (TestNetworkBasicOps:test_connectivity_between_vms_on_different_networks): 201 POST http://10.0.2.15:9696/v2.0/networks 0.202s
2015-12-18 03:27:16,880 21703 DEBUG    [tempest_lib.common.rest_client] Request - Headers: {'Content-Type': 'application/json', 'Accept': 'application/json', 'X-Auth-Token': '&lt;omitted&gt;'}
        Body: {"network": {"tenant_id": "9322afa48f454509a442fe2e6dc84e31", "name": "tempest-network-smoke--1710723873"}}
    Response - Headers: {'status': '201', 'content-length': '329', 'connection': 'close', 'date': 'Fri, 18 Dec 2015 03:27:16 GMT', 'content-type': 'application/json; charset=UTF-8', 'x-openstack-request-id': 'req-e4de36db-6337-4841-98c2-4ca618e8b9ad'}
        Body: {"network": {"status": "ACTIVE", "subnets": [], "availability_zone_hints": "[]", "name": "tempest-network-smoke--1710723873", "admin_state_up": true, "tenant_id": "9322afa48f454509a442fe2e6dc84e31", "mtu": 0, "router:external": false, "shared": false, "port_security_enabled": true, "id": "f11796dd-c63c-4328-8800-0a8bff8d4a50"}}
2015-12-18 03:27:17,098 21703 INFO     [tempest_lib.common.rest_client] Request (TestNetworkBasicOps:test_connectivity_between_vms_on_different_networks): 201 POST http://10.0.2.15:9696/v2.0/routers 0.218s
2015-12-18 03:27:17,099 21703 DEBUG    [tempest_lib.common.rest_client] Request - Headers: {'Content-Type': 'application/json', 'Accept': 'application/json', 'X-Auth-Token': '&lt;omitted&gt;'}
        Body: {"router": {"tenant_id": "9322afa48f454509a442fe2e6dc84e31", "name": "tempest-router-smoke-2086909865", "admin_state_up": true}}
    Response - Headers: {'status': '201', 'content-length': '296', 'connection': 'close', 'date': 'Fri, 18 Dec 2015 03:27:17 GMT', 'content-type': 'application/json; charset=UTF-8', 'x-openstack-request-id': 'req-ed48e766-3d9e-4413-85d3-7b873e4c0354'}
        Body: {"router": {"status": "ACTIVE", "external_gateway_info": null, "availability_zone_hints": [], "availability_zones": [], "name": "tempest-router-smoke-2086909865", "admin_state_up": true, "tenant_id": "9322afa48f454509a442fe2e6dc84e31", "routes": [], "id": "59be3f77-47df-403c-b289-1a20bcd5eb89"}}
2015-12-18 03:27:17,170 21703 INFO     [tempest_lib.common.rest_client] Request (TestNetworkBasicOps:test_connectivity_between_vms_on_different_networks): 200 GET http://10.0.2.15:9696/v2.0/routers/59be3f77-47df-403c-b289-1a20bcd5eb89 0.071s
2015-12-18 03:27:17,171 21703 DEBUG    [tempest_lib.common.rest_client] Request - Headers: {'Content-Type': 'application/json', 'Accept': 'application/json', 'X-Auth-Token': '&lt;omitted&gt;'}
        Body: None
    Response - Headers: {'status': '200', 'content-length': '296', 'content-location': 'http://10.0.2.15:9696/v2.0/routers/59be3f77-47df-403c-b289-1a20bcd5eb89', 'connection': 'close', 'date': 'Fri, 18 Dec 2015 03:27:17 GMT', 'content-type': 'application/json; charset=UTF-8', 'x-openstack-request-id': 'req-a16256a4-51d9-420e-8ef2-20412870dede'}
        Body: {"router": {"status": "ACTIVE", "external_gateway_info": null, "availability_zone_hints": [], "availability_zones": [], "name": "tempest-router-smoke-2086909865", "admin_state_up": true, "tenant_id": "9322afa48f454509a442fe2e6dc84e31", "routes": [], "id": "59be3f77-47df-403c-b289-1a20bcd5eb89"}}
2015-12-18 03:27:17,898 21703 INFO     [tempest_lib.common.rest_client] Request (TestNetworkBasicOps:test_connectivity_between_vms_on_different_networks): 200 PUT http://10.0.2.15:9696/v2.0/routers/59be3f77-47df-403c-b289-1a20bcd5eb89 0.726s
2015-12-18 03:27:17,898 21703 DEBUG    [tempest_lib.common.rest_client] Request - Headers: {'Content-Type': 'application/json', 'Accept': 'application/json', 'X-Auth-Token': '&lt;omitted&gt;'}
        Body: {"router": {"external_gateway_info": {"network_id": "950afb05-e803-4ec4-85c2-625b2ac49d81"}, "name": "tempest-router-smoke-2086909865", "admin_state_up": true}}
    Response - Headers: {'status': '200', 'content-length': '558', 'connection': 'close', 'date': 'Fri, 18 Dec 2015 03:27:17 GMT', 'content-type': 'application/json; charset=UTF-8', 'x-openstack-request-id': 'req-3ed5a1cd-0889-4e35-9222-516f1afb07d8'}
        Body: {"router": {"status": "ACTIVE", "external_gateway_info": {"network_id": "950afb05-e803-4ec4-85c2-625b2ac49d81", "enable_snat": true, "external_fixed_ips": [{"subnet_id": "c0ef8fdf-c4a9-4bfb-9ce3-2487572347dd", "ip_address": "172.24.4.3"}, {"subnet_id": "6cd7d9cb-0c2e-4ab1-b08c-1b22b93b92ed", "ip_address": "2001:db8::3"}]}, "availability_zone_hints": [], "availability_zones": [], "name": "tempest-router-smoke-2086909865", "admin_state_up": true, "tenant_id": "9322afa48f454509a442fe2e6dc84e31", "routes": [], "id": "59be3f77-47df-403c-b289-1a20bcd5eb89"}}
2015-12-18 03:27:18,040 21703 INFO     [tempest_lib.common.rest_client] Request (TestNetworkBasicOps:test_connectivity_between_vms_on_different_networks): 200 GET http://10.0.2.15:9696/v2.0/subnets?tenant_id=9322afa48f454509a442fe2e6dc84e31&amp;cidr=10.100.0.0%2F28 0.140s
2015-12-18 03:27:18,040 21703 DEBUG    [tempest_lib.common.rest_client] Request - Headers: {'Content-Type': 'application/json', 'Accept': 'application/json', 'X-Auth-Token': '&lt;omitted&gt;'}
        Body: None
    Response - Headers: {'status': '200', 'content-length': '15', 'content-location': 'http://10.0.2.15:9696/v2.0/subnets?tenant_id=9322afa48f454509a442fe2e6dc84e31&amp;cidr=10.100.0.0%2F28', 'connection': 'close', 'date': 'Fri, 18 Dec 2015 03:27:18 GMT', 'content-type': 'application/json; charset=UTF-8', 'x-openstack-request-id': 'req-d399ee82-3ddb-4084-8d64-96202ceb80dd'}
        Body: {"subnets": []}
2015-12-18 03:27:18,355 21703 INFO     [tempest_lib.common.rest_client] Request (TestNetworkBasicOps:test_connectivity_between_vms_on_different_networks): 201 POST http://10.0.2.15:9696/v2.0/subnets 0.314s
2015-12-18 03:27:18,355 21703 DEBUG    [tempest_lib.common.rest_client] Request - Headers: {'Content-Type': 'application/json', 'Accept': 'application/json', 'X-Auth-Token': '&lt;omitted&gt;'}
        Body: {"subnet": {"ip_version": 4, "tenant_id": "9322afa48f454509a442fe2e6dc84e31", "cidr": "10.100.0.0/28", "network_id": "f11796dd-c63c-4328-8800-0a8bff8d4a50", "name": "tempest-subnet-smoke-1651809359"}}
    Response - Headers: {'status': '201', 'content-length': '478', 'connection': 'close', 'date': 'Fri, 18 Dec 2015 03:27:18 GMT', 'content-type': 'application/json; charset=UTF-8', 'x-openstack-request-id': 'req-8b163bde-943f-4460-8484-78013ebea41f'}
        Body: {"subnet": {"name": "tempest-subnet-smoke-1651809359", "enable_dhcp": true, "network_id": "f11796dd-c63c-4328-8800-0a8bff8d4a50", "tenant_id": "9322afa48f454509a442fe2e6dc84e31", "dns_nameservers": [], "gateway_ip": "10.100.0.1", "ipv6_ra_mode": null, "allocation_pools": [{"start": "10.100.0.2", "end": "10.100.0.14"}], "host_routes": [], "ip_version": 4, "ipv6_address_mode": null, "cidr": "10.100.0.0/28", "id": "d16204fb-01fe-4cdb-8969-f4b203e3136a", "subnetpool_id": null}}
2015-12-18 03:27:18,977 21703 INFO     [tempest_lib.common.rest_client] Request (TestNetworkBasicOps:test_connectivity_between_vms_on_different_networks): 200 PUT http://10.0.2.15:9696/v2.0/routers/59be3f77-47df-403c-b289-1a20bcd5eb89/add_router_interface 0.621s
2015-12-18 03:27:18,978 21703 DEBUG    [tempest_lib.common.rest_client] Request - Headers: {'Content-Type': 'application/json', 'Accept': 'application/json', 'X-Auth-Token': '&lt;omitted&gt;'}
        Body: {"subnet_id": "d16204fb-01fe-4cdb-8969-f4b203e3136a"}
    Response - Headers: {'status': '200', 'content-length': '255', 'connection': 'close', 'date': 'Fri, 18 Dec 2015 03:27:18 GMT', 'content-type': 'application/json; charset=UTF-8', 'x-openstack-request-id': 'req-b234a353-f624-426b-9157-61fb3d004d58'}
        Body: {"subnet_id": "d16204fb-01fe-4cdb-8969-f4b203e3136a", "tenant_id": "9322afa48f454509a442fe2e6dc84e31", "subnet_ids": ["d16204fb-01fe-4cdb-8969-f4b203e3136a"], "port_id": "8cc6fcb2-2ba6-4ced-b5fe-f104dc49cbe3", "id": "59be3f77-47df-403c-b289-1a20bcd5eb89"}
2015-12-18 03:27:19,159 21703 INFO     [tempest_lib.common.rest_client] Request (TestNetworkBasicOps:test_connectivity_between_vms_on_different_networks): 200 GET http://10.0.2.15:9696/v2.0/networks 0.179s
2015-12-18 03:27:19,159 21703 DEBUG    [tempest_lib.common.rest_client] Request - Headers: {'Content-Type': 'application/json', 'Accept': 'application/json', 'X-Auth-Token': '&lt;omitted&gt;'}
        Body: None
    Response - Headers: {'status': '200', 'content-length': '1507', 'content-location': 'http://10.0.2.15:9696/v2.0/networks', 'connection': 'close', 'date': 'Fri, 18 Dec 2015 03:27:19 GMT', 'content-type': 'application/json; charset=UTF-8', 'x-openstack-request-id': 'req-56beccaf-6ddf-413e-a026-6686d62075c2'}
        Body: {"networks": [{"status": "ACTIVE", "subnets": ["6cd7d9cb-0c2e-4ab1-b08c-1b22b93b92ed", "c0ef8fdf-c4a9-4bfb-9ce3-2487572347dd"], "availability_zone_hints": [], "availability_zones": ["nova"], "name": "public", "provider:physical_network": null, "admin_state_up": true, "tenant_id": "8a9962e2dc6c41ae8ad48880f5e621c3", "mtu": 0, "router:external": true, "shared": false, "port_security_enabled": true, "provider:network_type": "vxlan", "id": "950afb05-e803-4ec4-85c2-625b2ac49d81", "provider:segmentation_id": 1081}, {"status": "ACTIVE", "subnets": ["99c0a503-ef87-4d84-b1ab-c016c5407f21", "24f69dab-b974-4b70-bb3f-eb9b0435e492"], "availability_zone_hints": [], "availability_zones": ["nova"], "name": "private", "provider:physical_network": null, "admin_state_up": true, "tenant_id": "1740892909da47178c6abf90e800bd25", "mtu": 0, "router:external": false, "shared": false, "port_security_enabled": true, "provider:network_type": "vxlan", "id": "26019485-cab7-420a-90f3-ba1536438d54", "provider:segmentation_id": 1009}, {"status": "ACTIVE", "subnets": ["d16204fb-01fe-4cdb-8969-f4b203e3136a"], "availability_zone_hints": [], "availability_zones": ["nova"], "name": "tempest-network-smoke--1710723873", "provider:physical_network": null, "admin_state_up": true, "tenant_id": "9322afa48f454509a442fe2e6dc84e31", "mtu": 0, "router:external": false, "shared": false, "port_security_enabled": true, "provider:network_type": "vxlan", "id": "f11796dd-c63c-4328-8800-0a8bff8d4a50", "provider:segmentation_id": 1060}]}
2015-12-18 03:27:19,211 21703 INFO     [tempest_lib.common.rest_client] Request (TestNetworkBasicOps:test_connectivity_between_vms_on_different_networks): 200 GET http://10.0.2.15:9696/v2.0/subnets 0.051s
2015-12-18 03:27:19,211 21703 DEBUG    [tempest_lib.common.rest_client] Request - Headers: {'Content-Type': 'application/json', 'Accept': 'application/json', 'X-Auth-Token': '&lt;omitted&gt;'}
        Body: None
    Response - Headers: {'status': '200', 'content-length': '2408', 'content-location': 'http://10.0.2.15:9696/v2.0/subnets', 'connection': 'close', 'date': 'Fri, 18 Dec 2015 03:27:19 GMT', 'content-type': 'application/json; charset=UTF-8', 'x-openstack-request-id': 'req-72c77e49-afea-4978-a91d-d854356c88c7'}
        Body: {"subnets": [{"name": "private-subnet", "enable_dhcp": true, "network_id": "26019485-cab7-420a-90f3-ba1536438d54", "tenant_id": "1740892909da47178c6abf90e800bd25", "dns_nameservers": [], "gateway_ip": "10.0.0.1", "ipv6_ra_mode": null, "allocation_pools": [{"start": "10.0.0.2", "end": "10.0.0.254"}], "host_routes": [], "ip_version": 4, "ipv6_address_mode": null, "cidr": "10.0.0.0/24", "id": "99c0a503-ef87-4d84-b1ab-c016c5407f21", "subnetpool_id": null}, {"name": "ipv6-public-subnet", "enable_dhcp": false, "network_id": "950afb05-e803-4ec4-85c2-625b2ac49d81", "tenant_id": "8a9962e2dc6c41ae8ad48880f5e621c3", "dns_nameservers": [], "gateway_ip": "2001:db8::2", "ipv6_ra_mode": null, "allocation_pools": [{"start": "2001:db8::3", "end": "2001:db8::ffff:ffff:ffff:ffff"}, {"start": "2001:db8::1", "end": "2001:db8::1"}], "host_routes": [], "ip_version": 6, "ipv6_address_mode": null, "cidr": "2001:db8::/64", "id": "6cd7d9cb-0c2e-4ab1-b08c-1b22b93b92ed", "subnetpool_id": null}, {"name": "tempest-subnet-smoke-1651809359", "enable_dhcp": true, "network_id": "f11796dd-c63c-4328-8800-0a8bff8d4a50", "tenant_id": "9322afa48f454509a442fe2e6dc84e31", "dns_nameservers": [], "gateway_ip": "10.100.0.1", "ipv6_ra_mode": null, "allocation_pools": [{"start": "10.100.0.2", "end": "10.100.0.14"}], "host_routes": [], "ip_version": 4, "ipv6_address_mode": null, "cidr": "10.100.0.0/28", "id": "d16204fb-01fe-4cdb-8969-f4b203e3136a", "subnetpool_id": null}, {"name": "public-subnet", "enable_dhcp": false, "network_id": "950afb05-e803-4ec4-85c2-625b2ac49d81", "tenant_id": "8a9962e2dc6c41ae8ad48880f5e621c3", "dns_nameservers": [], "gateway_ip": "172.24.4.1", "ipv6_ra_mode": null, "allocation_pools": [{"start": "172.24.4.2", "end": "172.24.4.254"}], "host_routes": [], "ip_version": 4, "ipv6_address_mode": null, "cidr": "172.24.4.0/24", "id": "c0ef8fdf-c4a9-4bfb-9ce3-2487572347dd", "subnetpool_id": null}, {"name": "ipv6-private-subnet", "enable_dhcp": true, "network_id": "26019485-cab7-420a-90f3-ba1536438d54", "tenant_id": "1740892909da47178c6abf90e800bd25", "dns_nameservers": [], "gateway_ip": "fd2d:7e7e:aa73::1", "ipv6_ra_mode": "slaac", "allocation_pools": [{"start": "fd2d:7e7e:aa73::2", "end": "fd2d:7e7e:aa73:0:ffff:ffff:ffff:ffff"}], "host_routes": [], "ip_version": 6, "ipv6_address_mode": "slaac", "cidr": "fd2d:7e7e:aa73::/64", "id": "24f69dab-b974-4b70-bb3f-eb9b0435e492", "subnetpool_id": null}]}
2015-12-18 03:27:19,276 21703 INFO     [tempest_lib.common.rest_client] Request (TestNetworkBasicOps:test_connectivity_between_vms_on_different_networks): 200 GET http://10.0.2.15:9696/v2.0/routers 0.063s
2015-12-18 03:27:19,277 21703 DEBUG    [tempest_lib.common.rest_client] Request - Headers: {'Content-Type': 'application/json', 'Accept': 'application/json', 'X-Auth-Token': '&lt;omitted&gt;'}
        Body: None
    Response - Headers: {'status': '200', 'content-length': '1167', 'content-location': 'http://10.0.2.15:9696/v2.0/routers', 'connection': 'close', 'date': 'Fri, 18 Dec 2015 03:27:19 GMT', 'content-type': 'application/json; charset=UTF-8', 'x-openstack-request-id': 'req-7da41d76-5b0f-404b-8e17-1d2c1362a6b4'}
        Body: {"routers": [{"status": "ACTIVE", "external_gateway_info": {"network_id": "950afb05-e803-4ec4-85c2-625b2ac49d81", "enable_snat": true, "external_fixed_ips": [{"subnet_id": "c0ef8fdf-c4a9-4bfb-9ce3-2487572347dd", "ip_address": "172.24.4.3"}, {"subnet_id": "6cd7d9cb-0c2e-4ab1-b08c-1b22b93b92ed", "ip_address": "2001:db8::3"}]}, "availability_zone_hints": [], "availability_zones": ["nova"], "name": "tempest-router-smoke-2086909865", "admin_state_up": true, "tenant_id": "9322afa48f454509a442fe2e6dc84e31", "distributed": false, "routes": [], "ha": false, "id": "59be3f77-47df-403c-b289-1a20bcd5eb89"}, {"status": "ACTIVE", "external_gateway_info": {"network_id": "950afb05-e803-4ec4-85c2-625b2ac49d81", "enable_snat": true, "external_fixed_ips": [{"subnet_id": "c0ef8fdf-c4a9-4bfb-9ce3-2487572347dd", "ip_address": "172.24.4.2"}, {"subnet_id": "6cd7d9cb-0c2e-4ab1-b08c-1b22b93b92ed", "ip_address": "2001:db8::1"}]}, "availability_zone_hints": [], "availability_zones": ["nova"], "name": "router1", "admin_state_up": true, "tenant_id": "1740892909da47178c6abf90e800bd25", "distributed": false, "routes": [], "ha": false, "id": "b987f5c0-f2fa-4fc3-ba10-c61bad751c0e"}]}
2015-12-18 03:27:19,909 21703 INFO     [tempest_lib.common.rest_client] Request (TestNetworkBasicOps:test_connectivity_between_vms_on_different_networks): 200 POST http://10.0.2.15:8774/v2.1/9322afa48f454509a442fe2e6dc84e31/os-keypairs 0.630s
2015-12-18 03:27:19,909 21703 DEBUG    [tempest_lib.common.rest_client] Request - Headers: {'Content-Type': 'application/json', 'Accept': 'application/json', 'X-Auth-Token': '&lt;omitted&gt;'}
        Body: {"keypair": {"name": "tempest-TestNetworkBasicOps-877680600"}}
    Response - Headers: {'status': '200', 'content-length': '2320', 'x-compute-request-id': 'req-14abc287-2a2c-4da3-a1a3-711896000217', 'vary': 'X-OpenStack-Nova-API-Version', 'connection': 'close', 'x-openstack-nova-api-version': '2.1', 'date': 'Fri, 18 Dec 2015 03:27:19 GMT', 'content-type': 'application/json'}
        Body: {"keypair": {"public_key": "ssh-rsa AAAAB3NzaC1yc2EAAAADAQABAAABAQDA60q2+QsQYyUFhsw9RygPhkFkkL78BDjA/Hy8yKsM9WAbWVzocawd4nrW/EnjPKSRFELWmSXtXuitLPIhZNqZzsLMNLUJhWCRJQigAw+QS/uyAPNlgFBitYmVXkCXNiBit9TOe5TFuOEvY8J4NVHO4QZe3CnXE4q/bxN37oPZm5BU0cPZNGHrQmZNAaBnECn9a7/qxRYj+8fxLpy2eRbwpmNW4daIhRC4BvkNIHy0Y73+2cCSoysKsPYeGZqRoBNri50JAXOz1O3bTitVPIqGOBzPKIo65WxFvb0iSwwDGwuYhBP7DHiYDi/KiOgZf0KtnoctFCDvUtrOEb5ks/sP Generated-by-Nova", "private_key": "-----BEGIN RSA PRIVATE KEY-----\nMIIEpwIBAAKCAQEAwOtKtvkLEGMlBYbMPUcoD4ZBZJC+/AQ4wPx8vMirDPVgG1lc\n6HGsHeJ61vxJ4zykkRRC1pkl7V7orSzyIWTamc7CzDS1CYVgkSUIoAMPkEv7sgDz\nZYBQYrWJlV5AlzYgYrfUznuUxbjhL2PCeDVRzuEGXtwp1xOKv28Td+6D2ZuQVNHD\n2TRh60JmTQGgZxAp/Wu/6sUWI/vH8S6ctnkW8KZjVuHWiIUQuAb5DSB8tGO9/tnA\nkqMrCrD2HhmakaATa4udCQFzs9Tt204rVTyKhjgczyiKOuVsRb29IksMAxsLmIQT\n+wx4mA4vyojoGX9CrZ6HLRQg71LazhG+ZLP7DwIDAQABAoIBACaqQdRAP85uAIqG\nBMM3Urkh0FNmi1CZTAKp2BpCIb48I6H3nB5eQf/PV41lDS4FBnqpU+gM08QqZHno\n6zJ0Mzfmb7Zbzfj1iXAtuvfPBTyHbg+0DxRFzlaqScPtGwbzazQ94eHsdNnX/xHv\nbZeIIDhVc2Bpwd0AZquNiJpd7IEdSgWB472Ge9WQe82X65zGi4fmHQqomDioy428\n8rHghtUfjuFPzIPFCGuDX0TdBswIj2Fz+bcAIOX6W6q9BURfHIHBFK6PJC0lh0N0\nuUloUECSnyv2wtaOuNNdu9jtRl5bFS6Ht6BlCY2NAiENuFgwhwMPbnD1WSnJXCAw\nC+3MfDECggCBAMcIFNtVp55DhnBvE94/Bc6aWQq5H0LndufiOWKjVGqGUax8k4Y2\n2F6J54GkM9fWkrzLKansaWYQA8XtRlv76/vE5g2rQmW4iEhE3kTyT8g9XLwMM9bz\n3FfAkZtesr9tP5A/0fvLm1agjTIjuRObCxBNhaCyO05vOAjry2eRNWXHAoIAgQD4\nI1LW3g6AagDjmnXGRlMgV+mL1z27WzcgNXXQF5AqgJ6or6YUiEtNHUSoTjKtic7V\nT3Q7T3CsrFdwhmlWD/7MsgRyqiF23uiJ5I2Mkwii2X55e5rHF679hThPFa8duCaa\n3oPwdnNCEyEvRY9jfkLxHJhVx3dF28trbyn6pFIgeQKCAIB0AHTPhXPFXUvc+hCV\nZxwGV5VwF4dt4iQ+cG7L27AWyiSOKKl+/zZKm4uv1rlUoj4yBSNKY3zmvIzGbk2k\nzQa0XgVLkDaJvOzJWkJF4wi3B3SmMWKBdO5Gwvjamm4J/i2e8GN9oyTtb3P79jAn\niiT/on8wstC4HUCGio+p1EtP/wKCAIBylh1TDAg2VL1EXbe1cBRDA1XeNe9T7bNv\nNEDLb5Yrimm6DCLtqGLdoX5rGnFcoh7Zcm+CVBT8KDnYxLkv/QL1E9/p85awhg9s\nXhbfq6Z5TWaSQvoeplkwyaxPGPxdBQUOz2KuUIS5JoxUgBLPJydSoJnYQtxZbj5p\nxlPkYq1qQQKCAIBjoprccKKxeSXTJTy9B6opgeu1TOVwm4zit1NdEz2x8EOchGsa\nqqYMwZPFkPHJmgCupnUs6+218SdWjLgYSQz17KjnUrO5DZoU5vn9yO8tnzzwEu8h\n/wiVYGZmroA/o/X9y4VH2xc+J8uJgyU8TABgCFvQNtcBLFfsNYfHb+YLDg==\n-----END RSA PRIVATE KEY-----\n", "user_id": "95e9a66f779343789c30287a91f89b7a", "name": "tempest-TestNetworkBasicOps-877680600", "fingerprint": "74:6e:36:72:d1:2d:da:3a:d8:75:a3:6b:5b:f5:59:4b"}}
2015-12-18 03:27:20,013 21703 INFO     [tempest_lib.common.rest_client] Request (TestNetworkBasicOps:test_connectivity_between_vms_on_different_networks): 200 POST http://10.0.2.15:5000/v2.0/tokens
2015-12-18 03:27:20,013 21703 DEBUG    [tempest_lib.common.rest_client] Request - Headers: {'Content-Type': 'application/json', 'Accept': 'application/json'}
        Body: &lt;omitted&gt;
    Response - Headers: {'status': '200', 'content-length': '2524', 'vary': 'X-Auth-Token', 'server': 'Apache/2.4.7 (Ubuntu)', 'connection': 'close', 'date': 'Fri, 18 Dec 2015 03:27:19 GMT', 'content-type': 'application/json', 'x-openstack-request-id': 'req-d1816945-c9a6-4d73-9612-ff4a1b2e7105'}
        Body: {"access": {"token": {"issued_at": "2015-12-18T03:27:20.003243", "expires": "2015-12-18T04:27:19Z", "id": "41fcb05d2c014d1492d7ccd62cf8f08b", "tenant": {"description": "tempest-TestNetworkBasicOps-659456260-desc", "enabled": true, "id": "9322afa48f454509a442fe2e6dc84e31", "name": "tempest-TestNetworkBasicOps-659456260"}, "audit_ids": ["l6ia5vvaRZyIXoEMIR9L4g"]}, "serviceCatalog": [{"endpoints": [{"adminURL": "http://10.0.2.15:8774/v2.1/9322afa48f454509a442fe2e6dc84e31", "region": "RegionOne", "internalURL": "http://10.0.2.15:8774/v2.1/9322afa48f454509a442fe2e6dc84e31", "id": "37b7f74b1e664c1ebd707cdb0a8acf71", "publicURL": "http://10.0.2.15:8774/v2.1/9322afa48f454509a442fe2e6dc84e31"}], "endpoints_links": [], "type": "compute", "name": "nova"}, {"endpoints": [{"adminURL": "http://10.0.2.15:9696/", "region": "RegionOne", "internalURL": "http://10.0.2.15:9696/", "id": "02110d52e97e4b6d9c9f1db0c040048c", "publicURL": "http://10.0.2.15:9696/"}], "endpoints_links": [], "type": "network", "name": "neutron"}, {"endpoints": [{"adminURL": "http://10.0.2.15:9292", "region": "RegionOne", "internalURL": "http://10.0.2.15:9292", "id": "3f58e5ebeab744689a45f59549565a12", "publicURL": "http://10.0.2.15:9292"}], "endpoints_links": [], "type": "image", "name": "glance"}, {"endpoints": [{"adminURL": "http://10.0.2.15:8774/v2/9322afa48f454509a442fe2e6dc84e31", "region": "RegionOne", "internalURL": "http://10.0.2.15:8774/v2/9322afa48f454509a442fe2e6dc84e31", "id": "4ad4db74d14f4d638d19e632ee465231", "publicURL": "http://10.0.2.15:8774/v2/9322afa48f454509a442fe2e6dc84e31"}], "endpoints_links": [], "type": "compute_legacy", "name": "nova_legacy"}, {"endpoints": [{"adminURL": "http://10.0.2.15:8773/", "region": "RegionOne", "internalURL": "http://10.0.2.15:8773/", "id": "ab5c6557dd4c450b8afc7fa793dfe729", "publicURL": "http://10.0.2.15:8773/"}], "endpoints_links": [], "type": "ec2", "name": "ec2"}, {"endpoints": [{"adminURL": "http://10.0.2.15:35357/v2.0", "region": "RegionOne", "internalURL": "http://10.0.2.15:5000/v2.0", "id": "4a334bd1052545fdbdf6f9e376a911fb", "publicURL": "http://10.0.2.15:5000/v2.0"}], "endpoints_links": [], "type": "identity", "name": "keystone"}], "user": {"username": "tempest-TestNetworkBasicOps-52735457", "roles_links": [], "id": "95e9a66f779343789c30287a91f89b7a", "roles": [{"name": "_member_"}, {"name": "Member"}], "name": "tempest-TestNetworkBasicOps-52735457"}, "metadata": {"is_admin": 0, "roles": ["9fe2ff9ee4384b1894a90878d3e92bab", "218504bef0d3471282392aa390dafee8"]}}}
2015-12-18 03:27:20,021 21703 DEBUG    [tempest.common.fixed_network] (TestNetworkBasicOps:test_connectivity_between_vms_on_different_networks) No valid network provided or created, defaulting to fixed_network_name
2015-12-18 03:27:20,333 21703 INFO     [tempest_lib.common.rest_client] Request (TestNetworkBasicOps:test_connectivity_between_vms_on_different_networks): 200 GET http://10.0.2.15:8774/v2.1/9322afa48f454509a442fe2e6dc84e31/os-networks 0.311s
2015-12-18 03:27:20,333 21703 DEBUG    [tempest_lib.common.rest_client] Request - Headers: {'Content-Type': 'application/json', 'Accept': 'application/json', 'X-Auth-Token': '&lt;omitted&gt;'}
        Body: None
    Response - Headers: {'status': '200', 'content-length': '479', 'content-location': 'http://10.0.2.15:8774/v2.1/9322afa48f454509a442fe2e6dc84e31/os-networks', 'x-compute-request-id': 'req-c4d156c3-e20b-4e94-b4b4-3954acf7dc1c', 'vary': 'X-OpenStack-Nova-API-Version', 'connection': 'close', 'x-openstack-nova-api-version': '2.1', 'date': 'Fri, 18 Dec 2015 03:27:20 GMT', 'content-type': 'application/json'}
        Body: {"networks": [{"cidr_v6": null, "dns2": null, "dns1": null, "gateway": null, "broadcast": null, "netmask": null, "gateway_v6": null, "cidr": null, "label": "public", "id": "950afb05-e803-4ec4-85c2-625b2ac49d81", "netmask_v6": null}, {"cidr_v6": null, "dns2": null, "dns1": null, "gateway": null, "broadcast": null, "netmask": null, "gateway_v6": null, "cidr": null, "label": "tempest-network-smoke--1710723873", "id": "f11796dd-c63c-4328-8800-0a8bff8d4a50", "netmask_v6": null}]}
2015-12-18 03:27:20,333 21703 WARNING  [tempest.common.fixed_network] (TestNetworkBasicOps:test_connectivity_between_vms_on_different_networks) Network with name: private not found
2015-12-18 03:27:20,333 21703 INFO     [tempest.common.fixed_network] (TestNetworkBasicOps:test_connectivity_between_vms_on_different_networks) Found network {} available for tenant
2015-12-18 03:27:22,160 21703 INFO     [tempest_lib.common.rest_client] Request (TestNetworkBasicOps:test_connectivity_between_vms_on_different_networks): 202 POST http://10.0.2.15:8774/v2.1/9322afa48f454509a442fe2e6dc84e31/servers 1.826s
2015-12-18 03:27:22,160 21703 DEBUG    [tempest_lib.common.rest_client] Request - Headers: {'Content-Type': 'application/json', 'Accept': 'application/json', 'X-Auth-Token': '&lt;omitted&gt;'}
        Body: {"server": {"name": "tempest.common.compute-instance-1445789434", "imageRef": "cb95635a-03f5-4a6a-9325-8882663a6e99", "key_name": "tempest-TestNetworkBasicOps-877680600", "flavorRef": "42", "networks": [{"uuid": "f11796dd-c63c-4328-8800-0a8bff8d4a50"}], "security_groups": [{"name": "tempest-secgroup-smoke-380305221"}]}}
    Response - Headers: {'status': '202', 'content-length': '461', 'x-compute-request-id': 'req-12e69447-c517-4395-868f-4a3573a0e011', 'vary': 'X-OpenStack-Nova-API-Version', 'connection': 'close', 'location': 'http://10.0.2.15:8774/v2.1/9322afa48f454509a442fe2e6dc84e31/servers/bf7455f8-54b2-4a68-b1b9-8a9563f2f966', 'x-openstack-nova-api-version': '2.1', 'date': 'Fri, 18 Dec 2015 03:27:22 GMT', 'content-type': 'application/json'}
        Body: {"server": {"security_groups": [{"name": "tempest-secgroup-smoke-380305221"}], "OS-DCF:diskConfig": "MANUAL", "id": "bf7455f8-54b2-4a68-b1b9-8a9563f2f966", "links": [{"href": "http://10.0.2.15:8774/v2.1/9322afa48f454509a442fe2e6dc84e31/servers/bf7455f8-54b2-4a68-b1b9-8a9563f2f966", "rel": "self"}, {"href": "http://10.0.2.15:8774/9322afa48f454509a442fe2e6dc84e31/servers/bf7455f8-54b2-4a68-b1b9-8a9563f2f966", "rel": "bookmark"}], "adminPass": "BfW65e37BUVH"}}
2015-12-18 03:27:22,416 21703 INFO     [tempest_lib.common.rest_client] Request (TestNetworkBasicOps:test_connectivity_between_vms_on_different_networks): 200 GET http://10.0.2.15:8774/v2.1/9322afa48f454509a442fe2e6dc84e31/servers/bf7455f8-54b2-4a68-b1b9-8a9563f2f966 0.251s
2015-12-18 03:27:22,416 21703 DEBUG    [tempest_lib.common.rest_client] Request - Headers: {'Content-Type': 'application/json', 'Accept': 'application/json', 'X-Auth-Token': '&lt;omitted&gt;'}
        Body: None
    Response - Headers: {'status': '200', 'content-length': '1355', 'content-location': 'http://10.0.2.15:8774/v2.1/9322afa48f454509a442fe2e6dc84e31/servers/bf7455f8-54b2-4a68-b1b9-8a9563f2f966', 'x-compute-request-id': 'req-a1474aa7-cf11-4fcd-8a00-ab4f707a3f04', 'vary': 'X-OpenStack-Nova-API-Version', 'connection': 'close', 'x-openstack-nova-api-version': '2.1', 'date': 'Fri, 18 Dec 2015 03:27:22 GMT', 'content-type': 'application/json'}
        Body: {"server": {"status": "BUILD", "updated": "2015-12-18T03:27:22Z", "hostId": "", "addresses": {}, "links": [{"href": "http://10.0.2.15:8774/v2.1/9322afa48f454509a442fe2e6dc84e31/servers/bf7455f8-54b2-4a68-b1b9-8a9563f2f966", "rel": "self"}, {"href": "http://10.0.2.15:8774/9322afa48f454509a442fe2e6dc84e31/servers/bf7455f8-54b2-4a68-b1b9-8a9563f2f966", "rel": "bookmark"}], "key_name": "tempest-TestNetworkBasicOps-877680600", "image": {"id": "cb95635a-03f5-4a6a-9325-8882663a6e99", "links": [{"href": "http://10.0.2.15:8774/9322afa48f454509a442fe2e6dc84e31/images/cb95635a-03f5-4a6a-9325-8882663a6e99", "rel": "bookmark"}]}, "OS-EXT-STS:task_state": "scheduling", "OS-EXT-STS:vm_state": "building", "OS-SRV-USG:launched_at": null, "flavor": {"id": "42", "links": [{"href": "http://10.0.2.15:8774/9322afa48f454509a442fe2e6dc84e31/flavors/42", "rel": "bookmark"}]}, "id": "bf7455f8-54b2-4a68-b1b9-8a9563f2f966", "OS-SRV-USG:terminated_at": null, "OS-EXT-AZ:availability_zone": "", "user_id": "95e9a66f779343789c30287a91f89b7a", "name": "tempest.common.compute-instance-1445789434", "created": "2015-12-18T03:27:22Z", "tenant_id": "9322afa48f454509a442fe2e6dc84e31", "OS-DCF:diskConfig": "MANUAL", "os-extended-volumes:volumes_attached": [], "accessIPv4": "", "accessIPv6": "", "progress": 0, "OS-EXT-STS:power_state": 0, "config_drive": "", "metadata": {}}}
2015-12-18 03:27:23,779 21703 INFO     [tempest_lib.common.rest_client] Request (TestNetworkBasicOps:test_connectivity_between_vms_on_different_networks): 200 GET http://10.0.2.15:8774/v2.1/9322afa48f454509a442fe2e6dc84e31/servers/bf7455f8-54b2-4a68-b1b9-8a9563f2f966 0.352s
2015-12-18 03:27:23,779 21703 DEBUG    [tempest_lib.common.rest_client] Request - Headers: {'Content-Type': 'application/json', 'Accept': 'application/json', 'X-Auth-Token': '&lt;omitted&gt;'}
        Body: None
    Response - Headers: {'status': '200', 'content-length': '1480', 'content-location': 'http://10.0.2.15:8774/v2.1/9322afa48f454509a442fe2e6dc84e31/servers/bf7455f8-54b2-4a68-b1b9-8a9563f2f966', 'x-compute-request-id': 'req-975c1284-5ee7-4316-a1b1-cc8de05cf9c6', 'vary': 'X-OpenStack-Nova-API-Version', 'connection': 'close', 'x-openstack-nova-api-version': '2.1', 'date': 'Fri, 18 Dec 2015 03:27:23 GMT', 'content-type': 'application/json'}
        Body: {"server": {"status": "BUILD", "updated": "2015-12-18T03:27:23Z", "hostId": "9334a240f3c780f0967816bcb2b971478045fb3b1c7c6cdf0ac17bed", "addresses": {}, "links": [{"href": "http://10.0.2.15:8774/v2.1/9322afa48f454509a442fe2e6dc84e31/servers/bf7455f8-54b2-4a68-b1b9-8a9563f2f966", "rel": "self"}, {"href": "http://10.0.2.15:8774/9322afa48f454509a442fe2e6dc84e31/servers/bf7455f8-54b2-4a68-b1b9-8a9563f2f966", "rel": "bookmark"}], "key_name": "tempest-TestNetworkBasicOps-877680600", "image": {"id": "cb95635a-03f5-4a6a-9325-8882663a6e99", "links": [{"href": "http://10.0.2.15:8774/9322afa48f454509a442fe2e6dc84e31/images/cb95635a-03f5-4a6a-9325-8882663a6e99", "rel": "bookmark"}]}, "OS-EXT-STS:task_state": "spawning", "OS-EXT-STS:vm_state": "building", "OS-SRV-USG:launched_at": null, "flavor": {"id": "42", "links": [{"href": "http://10.0.2.15:8774/9322afa48f454509a442fe2e6dc84e31/flavors/42", "rel": "bookmark"}]}, "id": "bf7455f8-54b2-4a68-b1b9-8a9563f2f966", "security_groups": [{"name": "tempest-secgroup-smoke-380305221"}], "OS-SRV-USG:terminated_at": null, "OS-EXT-AZ:availability_zone": "nova", "user_id": "95e9a66f779343789c30287a91f89b7a", "name": "tempest.common.compute-instance-1445789434", "created": "2015-12-18T03:27:22Z", "tenant_id": "9322afa48f454509a442fe2e6dc84e31", "OS-DCF:diskConfig": "MANUAL", "os-extended-volumes:volumes_attached": [], "accessIPv4": "", "accessIPv6": "", "progress": 0, "OS-EXT-STS:power_state": 0, "config_drive": "", "metadata": {}}}
2015-12-18 03:27:23,788 21703 INFO     [tempest.common.waiters] State transition "BUILD/scheduling" ==&gt; "BUILD/spawning" after 1 second wait
2015-12-18 03:27:25,000 21703 INFO     [tempest_lib.common.rest_client] Request (TestNetworkBasicOps:test_connectivity_between_vms_on_different_networks): 200 GET http://10.0.2.15:8774/v2.1/9322afa48f454509a442fe2e6dc84e31/servers/bf7455f8-54b2-4a68-b1b9-8a9563f2f966 0.209s
2015-12-18 03:27:25,000 21703 DEBUG    [tempest_lib.common.rest_client] Request - Headers: {'Content-Type': 'application/json', 'Accept': 'application/json', 'X-Auth-Token': '&lt;omitted&gt;'}
        Body: None
    Response - Headers: {'status': '200', 'content-length': '1480', 'content-location': 'http://10.0.2.15:8774/v2.1/9322afa48f454509a442fe2e6dc84e31/servers/bf7455f8-54b2-4a68-b1b9-8a9563f2f966', 'x-compute-request-id': 'req-86f37e3a-edf2-4623-add2-e65312901682', 'vary': 'X-OpenStack-Nova-API-Version', 'connection': 'close', 'x-openstack-nova-api-version': '2.1', 'date': 'Fri, 18 Dec 2015 03:27:24 GMT', 'content-type': 'application/json'}
        Body: {"server": {"status": "BUILD", "updated": "2015-12-18T03:27:23Z", "hostId": "9334a240f3c780f0967816bcb2b971478045fb3b1c7c6cdf0ac17bed", "addresses": {}, "links": [{"href": "http://10.0.2.15:8774/v2.1/9322afa48f454509a442fe2e6dc84e31/servers/bf7455f8-54b2-4a68-b1b9-8a9563f2f966", "rel": "self"}, {"href": "http://10.0.2.15:8774/9322afa48f454509a442fe2e6dc84e31/servers/bf7455f8-54b2-4a68-b1b9-8a9563f2f966", "rel": "bookmark"}], "key_name": "tempest-TestNetworkBasicOps-877680600", "image": {"id": "cb95635a-03f5-4a6a-9325-8882663a6e99", "links": [{"href": "http://10.0.2.15:8774/9322afa48f454509a442fe2e6dc84e31/images/cb95635a-03f5-4a6a-9325-8882663a6e99", "rel": "bookmark"}]}, "OS-EXT-STS:task_state": "spawning", "OS-EXT-STS:vm_state": "building", "OS-SRV-USG:launched_at": null, "flavor": {"id": "42", "links": [{"href": "http://10.0.2.15:8774/9322afa48f454509a442fe2e6dc84e31/flavors/42", "rel": "bookmark"}]}, "id": "bf7455f8-54b2-4a68-b1b9-8a9563f2f966", "security_groups": [{"name": "tempest-secgroup-smoke-380305221"}], "OS-SRV-USG:terminated_at": null, "OS-EXT-AZ:availability_zone": "nova", "user_id": "95e9a66f779343789c30287a91f89b7a", "name": "tempest.common.compute-instance-1445789434", "created": "2015-12-18T03:27:22Z", "tenant_id": "9322afa48f454509a442fe2e6dc84e31", "OS-DCF:diskConfig": "MANUAL", "os-extended-volumes:volumes_attached": [], "accessIPv4": "", "accessIPv6": "", "progress": 0, "OS-EXT-STS:power_state": 0, "config_drive": "", "metadata": {}}}
2015-12-18 03:27:26,208 21703 INFO     [tempest_lib.common.rest_client] Request (TestNetworkBasicOps:test_connectivity_between_vms_on_different_networks): 200 GET http://10.0.2.15:8774/v2.1/9322afa48f454509a442fe2e6dc84e31/servers/bf7455f8-54b2-4a68-b1b9-8a9563f2f966 0.197s
2015-12-18 03:27:26,208 21703 DEBUG    [tempest_lib.common.rest_client] Request - Headers: {'Content-Type': 'application/json', 'Accept': 'application/json', 'X-Auth-Token': '&lt;omitted&gt;'}
        Body: None
    Response - Headers: {'status': '200', 'content-length': '1652', 'content-location': 'http://10.0.2.15:8774/v2.1/9322afa48f454509a442fe2e6dc84e31/servers/bf7455f8-54b2-4a68-b1b9-8a9563f2f966', 'x-compute-request-id': 'req-114e59ce-79dd-4811-8efb-cf1df7bd8bef', 'vary': 'X-OpenStack-Nova-API-Version', 'connection': 'close', 'x-openstack-nova-api-version': '2.1', 'date': 'Fri, 18 Dec 2015 03:27:26 GMT', 'content-type': 'application/json'}
        Body: {"server": {"status": "ACTIVE", "updated": "2015-12-18T03:27:25Z", "hostId": "9334a240f3c780f0967816bcb2b971478045fb3b1c7c6cdf0ac17bed", "addresses": {"tempest-network-smoke--1710723873": [{"OS-EXT-IPS-MAC:mac_addr": "fa:16:3e:7a:67:73", "version": 4, "addr": "10.100.0.3", "OS-EXT-IPS:type": "fixed"}]}, "links": [{"href": "http://10.0.2.15:8774/v2.1/9322afa48f454509a442fe2e6dc84e31/servers/bf7455f8-54b2-4a68-b1b9-8a9563f2f966", "rel": "self"}, {"href": "http://10.0.2.15:8774/9322afa48f454509a442fe2e6dc84e31/servers/bf7455f8-54b2-4a68-b1b9-8a9563f2f966", "rel": "bookmark"}], "key_name": "tempest-TestNetworkBasicOps-877680600", "image": {"id": "cb95635a-03f5-4a6a-9325-8882663a6e99", "links": [{"href": "http://10.0.2.15:8774/9322afa48f454509a442fe2e6dc84e31/images/cb95635a-03f5-4a6a-9325-8882663a6e99", "rel": "bookmark"}]}, "OS-EXT-STS:task_state": null, "OS-EXT-STS:vm_state": "active", "OS-SRV-USG:launched_at": "2015-12-18T03:27:25.000000", "flavor": {"id": "42", "links": [{"href": "http://10.0.2.15:8774/9322afa48f454509a442fe2e6dc84e31/flavors/42", "rel": "bookmark"}]}, "id": "bf7455f8-54b2-4a68-b1b9-8a9563f2f966", "security_groups": [{"name": "tempest-secgroup-smoke-380305221"}], "OS-SRV-USG:terminated_at": null, "OS-EXT-AZ:availability_zone": "nova", "user_id": "95e9a66f779343789c30287a91f89b7a", "name": "tempest.common.compute-instance-1445789434", "created": "2015-12-18T03:27:22Z", "tenant_id": "9322afa48f454509a442fe2e6dc84e31", "OS-DCF:diskConfig": "MANUAL", "os-extended-volumes:volumes_attached": [], "accessIPv4": "", "accessIPv6": "", "progress": 0, "OS-EXT-STS:power_state": 1, "config_drive": "True", "metadata": {}}}
2015-12-18 03:27:26,218 21703 INFO     [tempest.common.waiters] State transition "BUILD/spawning" ==&gt; "ACTIVE/None" after 4 second wait
2015-12-18 03:27:26,428 21703 INFO     [tempest_lib.common.rest_client] Request (TestNetworkBasicOps:test_connectivity_between_vms_on_different_networks): 200 GET http://10.0.2.15:8774/v2.1/9322afa48f454509a442fe2e6dc84e31/servers/bf7455f8-54b2-4a68-b1b9-8a9563f2f966 0.209s
2015-12-18 03:27:26,429 21703 DEBUG    [tempest_lib.common.rest_client] Request - Headers: {'Content-Type': 'application/json', 'Accept': 'application/json', 'X-Auth-Token': '&lt;omitted&gt;'}
        Body: None
    Response - Headers: {'status': '200', 'content-length': '1652', 'content-location': 'http://10.0.2.15:8774/v2.1/9322afa48f454509a442fe2e6dc84e31/servers/bf7455f8-54b2-4a68-b1b9-8a9563f2f966', 'x-compute-request-id': 'req-01b32e5f-2226-4949-a196-8b758e4fb0e2', 'vary': 'X-OpenStack-Nova-API-Version', 'connection': 'close', 'x-openstack-nova-api-version': '2.1', 'date': 'Fri, 18 Dec 2015 03:27:26 GMT', 'content-type': 'application/json'}
        Body: {"server": {"status": "ACTIVE", "updated": "2015-12-18T03:27:25Z", "hostId": "9334a240f3c780f0967816bcb2b971478045fb3b1c7c6cdf0ac17bed", "addresses": {"tempest-network-smoke--1710723873": [{"OS-EXT-IPS-MAC:mac_addr": "fa:16:3e:7a:67:73", "version": 4, "addr": "10.100.0.3", "OS-EXT-IPS:type": "fixed"}]}, "links": [{"href": "http://10.0.2.15:8774/v2.1/9322afa48f454509a442fe2e6dc84e31/servers/bf7455f8-54b2-4a68-b1b9-8a9563f2f966", "rel": "self"}, {"href": "http://10.0.2.15:8774/9322afa48f454509a442fe2e6dc84e31/servers/bf7455f8-54b2-4a68-b1b9-8a9563f2f966", "rel": "bookmark"}], "key_name": "tempest-TestNetworkBasicOps-877680600", "image": {"id": "cb95635a-03f5-4a6a-9325-8882663a6e99", "links": [{"href": "http://10.0.2.15:8774/9322afa48f454509a442fe2e6dc84e31/images/cb95635a-03f5-4a6a-9325-8882663a6e99", "rel": "bookmark"}]}, "OS-EXT-STS:task_state": null, "OS-EXT-STS:vm_state": "active", "OS-SRV-USG:launched_at": "2015-12-18T03:27:25.000000", "flavor": {"id": "42", "links": [{"href": "http://10.0.2.15:8774/9322afa48f454509a442fe2e6dc84e31/flavors/42", "rel": "bookmark"}]}, "id": "bf7455f8-54b2-4a68-b1b9-8a9563f2f966", "security_groups": [{"name": "tempest-secgroup-smoke-380305221"}], "OS-SRV-USG:terminated_at": null, "OS-EXT-AZ:availability_zone": "nova", "user_id": "95e9a66f779343789c30287a91f89b7a", "name": "tempest.common.compute-instance-1445789434", "created": "2015-12-18T03:27:22Z", "tenant_id": "9322afa48f454509a442fe2e6dc84e31", "OS-DCF:diskConfig": "MANUAL", "os-extended-volumes:volumes_attached": [], "accessIPv4": "", "accessIPv6": "", "progress": 0, "OS-EXT-STS:power_state": 1, "config_drive": "True", "metadata": {}}}
2015-12-18 03:27:26,437 21703 INFO     [tempest.scenario.manager] Tenant networks not configured to be reachable.
2015-12-18 03:27:26,471 21703 INFO     [tempest_lib.common.rest_client] Request (TestNetworkBasicOps:test_connectivity_between_vms_on_different_networks): 200 GET http://10.0.2.15:9696/v2.0/ports?status=ACTIVE&amp;fixed_ip=None&amp;device_id=bf7455f8-54b2-4a68-b1b9-8a9563f2f966 0.033s
2015-12-18 03:27:26,471 21703 DEBUG    [tempest_lib.common.rest_client] Request - Headers: {'Content-Type': 'application/json', 'Accept': 'application/json', 'X-Auth-Token': '&lt;omitted&gt;'}
        Body: None
    Response - Headers: {'status': '200', 'content-length': '895', 'content-location': 'http://10.0.2.15:9696/v2.0/ports?status=ACTIVE&amp;fixed_ip=None&amp;device_id=bf7455f8-54b2-4a68-b1b9-8a9563f2f966', 'connection': 'close', 'date': 'Fri, 18 Dec 2015 03:27:26 GMT', 'content-type': 'application/json; charset=UTF-8', 'x-openstack-request-id': 'req-16491708-b5d8-4db9-bb28-ed754e428bd9'}
        Body: {"ports": [{"status": "ACTIVE", "binding:host_id": "vagrant-ubuntu-trusty-64", "allowed_address_pairs": [], "extra_dhcp_opts": [], "dns_assignment": [{"hostname": "host-10-100-0-3", "ip_address": "10.100.0.3", "fqdn": "host-10-100-0-3.openstacklocal."}], "device_owner": "compute:None", "port_security_enabled": true, "binding:profile": {}, "fixed_ips": [{"subnet_id": "d16204fb-01fe-4cdb-8969-f4b203e3136a", "ip_address": "10.100.0.3"}], "id": "c9c71360-ba51-41a1-b632-a4567a6425b0", "security_groups": ["4b0d3168-173b-4431-95b3-b7cafe12b2b0"], "device_id": "bf7455f8-54b2-4a68-b1b9-8a9563f2f966", "name": "", "admin_state_up": true, "network_id": "f11796dd-c63c-4328-8800-0a8bff8d4a50", "dns_name": "", "binding:vif_details": {"port_filter": true}, "binding:vnic_type": "normal", "binding:vif_type": "ovs", "tenant_id": "9322afa48f454509a442fe2e6dc84e31", "mac_address": "fa:16:3e:7a:67:73"}]}
2015-12-18 03:27:27,141 21703 INFO     [tempest_lib.common.rest_client] Request (TestNetworkBasicOps:test_connectivity_between_vms_on_different_networks): 201 POST http://10.0.2.15:9696/v2.0/floatingips 0.668s
2015-12-18 03:27:27,141 21703 DEBUG    [tempest_lib.common.rest_client] Request - Headers: {'Content-Type': 'application/json', 'Accept': 'application/json', 'X-Auth-Token': '&lt;omitted&gt;'}
        Body: {"floatingip": {"floating_network_id": "950afb05-e803-4ec4-85c2-625b2ac49d81", "tenant_id": "9322afa48f454509a442fe2e6dc84e31", "fixed_ip_address": "10.100.0.3", "port_id": "c9c71360-ba51-41a1-b632-a4567a6425b0"}}
    Response - Headers: {'status': '201', 'content-length': '367', 'connection': 'close', 'date': 'Fri, 18 Dec 2015 03:27:27 GMT', 'content-type': 'application/json; charset=UTF-8', 'x-openstack-request-id': 'req-42ecc50c-142c-4efd-a280-394ce5d5de8c'}
        Body: {"floatingip": {"floating_network_id": "950afb05-e803-4ec4-85c2-625b2ac49d81", "router_id": "59be3f77-47df-403c-b289-1a20bcd5eb89", "fixed_ip_address": "10.100.0.3", "floating_ip_address": "172.24.4.4", "tenant_id": "9322afa48f454509a442fe2e6dc84e31", "status": "DOWN", "port_id": "c9c71360-ba51-41a1-b632-a4567a6425b0", "id": "9d3b1479-e589-408c-8216-d52814b48cd4"}}
2015-12-18 03:27:27,153 21703 INFO     [tempest_lib.common.rest_client] Request (TestNetworkBasicOps:test_connectivity_between_vms_on_different_networks): 200 GET http://10.0.2.15:9696/v2.0/floatingips/9d3b1479-e589-408c-8216-d52814b48cd4 0.011s
2015-12-18 03:27:27,154 21703 DEBUG    [tempest_lib.common.rest_client] Request - Headers: {'Content-Type': 'application/json', 'Accept': 'application/json', 'X-Auth-Token': '&lt;omitted&gt;'}
        Body: None
    Response - Headers: {'status': '200', 'content-length': '367', 'content-location': 'http://10.0.2.15:9696/v2.0/floatingips/9d3b1479-e589-408c-8216-d52814b48cd4', 'connection': 'close', 'date': 'Fri, 18 Dec 2015 03:27:27 GMT', 'content-type': 'application/json; charset=UTF-8', 'x-openstack-request-id': 'req-244e1c4f-65f2-423a-8788-afa9941317ed'}
        Body: {"floatingip": {"floating_network_id": "950afb05-e803-4ec4-85c2-625b2ac49d81", "router_id": "59be3f77-47df-403c-b289-1a20bcd5eb89", "fixed_ip_address": "10.100.0.3", "floating_ip_address": "172.24.4.4", "tenant_id": "9322afa48f454509a442fe2e6dc84e31", "status": "DOWN", "port_id": "c9c71360-ba51-41a1-b632-a4567a6425b0", "id": "9d3b1479-e589-408c-8216-d52814b48cd4"}}
2015-12-18 03:27:28,170 21703 INFO     [tempest_lib.common.rest_client] Request (TestNetworkBasicOps:test_connectivity_between_vms_on_different_networks): 200 GET http://10.0.2.15:9696/v2.0/floatingips/9d3b1479-e589-408c-8216-d52814b48cd4 0.014s
2015-12-18 03:27:28,170 21703 DEBUG    [tempest_lib.common.rest_client] Request - Headers: {'Content-Type': 'application/json', 'Accept': 'application/json', 'X-Auth-Token': '&lt;omitted&gt;'}
        Body: None
    Response - Headers: {'status': '200', 'content-length': '369', 'content-location': 'http://10.0.2.15:9696/v2.0/floatingips/9d3b1479-e589-408c-8216-d52814b48cd4', 'connection': 'close', 'date': 'Fri, 18 Dec 2015 03:27:28 GMT', 'content-type': 'application/json; charset=UTF-8', 'x-openstack-request-id': 'req-0252b818-f6d3-4fd5-9a6e-2a8869c8b6d2'}
        Body: {"floatingip": {"floating_network_id": "950afb05-e803-4ec4-85c2-625b2ac49d81", "router_id": "59be3f77-47df-403c-b289-1a20bcd5eb89", "fixed_ip_address": "10.100.0.3", "floating_ip_address": "172.24.4.4", "tenant_id": "9322afa48f454509a442fe2e6dc84e31", "status": "ACTIVE", "port_id": "c9c71360-ba51-41a1-b632-a4567a6425b0", "id": "9d3b1479-e589-408c-8216-d52814b48cd4"}}
2015-12-18 03:27:28,171 21703 INFO     [tempest.scenario.manager] FloatingIP: &lt;"FloatingIP" addr="172.24.4.4" id="9d3b1479-e589-408c-8216-d52814b48cd4"&gt; is at status: ACTIVE
2015-12-18 03:27:28,171 21703 DEBUG    [tempest.scenario.manager] checking network connections to IP 172.24.4.4 with user: cirros
2015-12-18 03:27:28,171 21703 DEBUG    [tempest.scenario.manager] TestNetworkBasicOps:test_connectivity_between_vms_on_different_networks begins to ping 172.24.4.4 in 120 sec and the expected result is reachable
2015-12-18 03:29:29,494 21703 DEBUG    [tempest.scenario.manager] TestNetworkBasicOps:test_connectivity_between_vms_on_different_networks finishes ping 172.24.4.4 in 120 sec and the ping result is unexpected
2015-12-18 03:29:29,496 21703 ERROR    [tempest.scenario.manager] Public network connectivity check failed
2015-12-18 03:29:29.496 21703 ERROR tempest.scenario.manager Traceback (most recent call last):
2015-12-18 03:29:29.496 21703 ERROR tempest.scenario.manager   File "tempest/scenario/manager.py", line 608, in check_public_network_connectivity
2015-12-18 03:29:29.496 21703 ERROR tempest.scenario.manager     should_connect=should_connect)
2015-12-18 03:29:29.496 21703 ERROR tempest.scenario.manager   File "tempest/scenario/manager.py", line 592, in check_vm_connectivity
2015-12-18 03:29:29.496 21703 ERROR tempest.scenario.manager     msg=msg)
2015-12-18 03:29:29.496 21703 ERROR tempest.scenario.manager   File "/usr/local/lib/python2.7/dist-packages/unittest2/case.py", line 702, in assertTrue
2015-12-18 03:29:29.496 21703 ERROR tempest.scenario.manager     raise self.failureException(msg)
2015-12-18 03:29:29.496 21703 ERROR tempest.scenario.manager AssertionError: False is not true : Timed out waiting for 172.24.4.4 to become reachable
2015-12-18 03:29:29.496 21703 ERROR tempest.scenario.manager 
2015-12-18 03:29:29,709 21703 INFO     [tempest_lib.common.rest_client] Request (TestNetworkBasicOps:test_connectivity_between_vms_on_different_networks): 200 POST http://10.0.2.15:8774/v2.1/9322afa48f454509a442fe2e6dc84e31/servers/bf7455f8-54b2-4a68-b1b9-8a9563f2f966/action 0.209s
2015-12-18 03:29:29,711 21703 DEBUG    [tempest_lib.common.rest_client] Request - Headers: {'Content-Type': 'application/json', 'Accept': 'application/json', 'X-Auth-Token': '&lt;omitted&gt;'}
        Body: {"os-getConsoleOutput": {}}
    Response - Headers: {'status': '200', 'content-length': '17581', 'x-compute-request-id': 'req-0ade16a8-70e6-477a-b288-6b11b2bdeee0', 'vary': 'X-OpenStack-Nova-API-Version', 'connection': 'close', 'x-openstack-nova-api-version': '2.1', 'date': 'Fri, 18 Dec 2015 03:29:29 GMT', 'content-type': 'application/json'}
        Body: {"output": "[    0.000000] Initializing cgroup subsys cpuset\n[    0.000000] Initializing cgroup subsys cpu\n[    0.000000] Linux version 3.2.0-80-virtual (buildd@batsu) (gcc version 4.6.3 (Ubuntu/Linaro 4.6.3-1ubuntu5) ) #116-Ubuntu SMP Mon Mar 23 17:28:52 UTC 2015 (Ubuntu 3.2.0-80.116-virtual 3.2.68)\n[    0.000000] Command line: root=/dev/vda console=tty0 console=ttyS0 no_timer_check\n[    0.000000] KERNEL supported cpus:\n[    0.000000]   Intel GenuineIntel\n[    0.000000]   AMD AuthenticAMD\n[    0.000000]   Centaur CentaurHauls\n[    0.000000] BIOS-provided physical RAM map:\n[    0.000000]  BIOS-e820: 0000000000000000 - 000000000009fc00 (usable)\n[    0.000000]  BIOS-e820: 000000000009fc00 - 00000000000a0000 (reserved)\n[    0.000000]  BIOS-e820: 00000000000f0000 - 0000000000100000 (reserved)\n[    0.000000]  BIOS-e820: 0000000000100000 - 0000000003ffe000 (usable)\n[    0.000000]  BIOS-e820: 0000000003ffe000 - 0000000004000000 (reserved)\n[    0.000000]  BIOS-e820: 00000000fffc0000 - 0000000100000000 (reserved)\n[    0.000000] NX (Execute Disable) protection: active\n[    0.000000] SMBIOS 2.4 present.\n[    0.000000] No AGP bridge found\n[    0.000000] last_pfn = 0x3ffe max_arch_pfn = 0x400000000\n[    0.000000] x86 PAT enabled: cpu 0, old 0x7040600070406, new 0x7010600070106\n[    0.000000] found SMP MP-table at [ffff8800000f0b00] f0b00\n[    0.000000] init_memory_mapping: 0000000000000000-0000000003ffe000\n[    0.000000] RAMDISK: 03c5e000 - 03ff0000\n[    0.000000] ACPI: RSDP 00000000000f0950 00014 (v00 BOCHS )\n[    0.000000] ACPI: RSDT 0000000003fffbc1 00034 (v01 BOCHS  BXPCRSDT 00000001 BXPC 00000001)\n[    0.000000] ACPI: FACP 0000000003fff1c0 00074 (v01 BOCHS  BXPCFACP 00000001 BXPC 00000001)\n[    0.000000] ACPI: DSDT 0000000003ffe040 01180 (v01 BOCHS  BXPCDSDT 00000001 BXPC 00000001)\n[    0.000000] ACPI: FACS 0000000003ffe000 00040\n[    0.000000] ACPI: SSDT 0000000003fff234 008DD (v01 BOCHS  BXPCSSDT 00000001 BXPC 00000001)\n[    0.000000] ACPI: APIC 0000000003fffb11 00078 (v01 BOCHS  BXPCAPIC 00000001 BXPC 00000001)\n[    0.000000] ACPI: HPET 0000000003fffb89 00038 (v01 BOCHS  BXPCHPET 00000001 BXPC 00000001)\n[    0.000000] No NUMA configuration found\n[    0.000000] Faking a node at 0000000000000000-0000000003ffe000\n[    0.000000] Initmem setup node 0 0000000000000000-0000000003ffe000\n[    0.000000]   NODE_DATA [0000000003ff6000 - 0000000003ffafff]\n[    0.000000] Zone PFN ranges:\n[    0.000000]   DMA      0x00000010 -&gt; 0x00001000\n[    0.000000]   DMA32    0x00001000 -&gt; 0x00100000\n[    0.000000]   Normal   empty\n[    0.000000] Movable zone start PFN for each node\n[    0.000000] early_node_map[2] active PFN ranges\n[    0.000000]     0: 0x00000010 -&gt; 0x0000009f\n[    0.000000]     0: 0x00000100 -&gt; 0x00003ffe\n[    0.000000] ACPI: PM-Timer IO Port: 0xb008\n[    0.000000] ACPI: LAPIC (acpi_id[0x00] lapic_id[0x00] enabled)\n[    0.000000] ACPI: LAPIC_NMI (acpi_id[0xff] dfl dfl lint[0x1])\n[    0.000000] ACPI: IOAPIC (id[0x00] address[0xfec00000] gsi_base[0])\n[    0.000000] IOAPIC[0]: apic_id 0, version 17, address 0xfec00000, GSI 0-23\n[    0.000000] ACPI: INT_SRC_OVR (bus 0 bus_irq 0 global_irq 2 dfl dfl)\n[    0.000000] ACPI: INT_SRC_OVR (bus 0 bus_irq 5 global_irq 5 high level)\n[    0.000000] ACPI: INT_SRC_OVR (bus 0 bus_irq 9 global_irq 9 high level)\n[    0.000000] ACPI: INT_SRC_OVR (bus 0 bus_irq 10 global_irq 10 high level)\n[    0.000000] ACPI: INT_SRC_OVR (bus 0 bus_irq 11 global_irq 11 high level)\n[    0.000000] Using ACPI (MADT) for SMP configuration information\n[    0.000000] ACPI: HPET id: 0x8086a201 base: 0xfed00000\n[    0.000000] SMP: Allowing 1 CPUs, 0 hotplug CPUs\n[    0.000000] PM: Registered nosave memory: 000000000009f000 - 00000000000a0000\n[    0.000000] PM: Registered nosave memory: 00000000000a0000 - 00000000000f0000\n[    0.000000] PM: Registered nosave memory: 00000000000f0000 - 0000000000100000\n[    0.000000] Allocating PCI resources starting at 4000000 (gap: 4000000:fbfc0000)\n[    0.000000] Booting paravirtualized kernel on bare hardware\n[    0.000000] setup_pe
2015-12-18 03:29:29,715 21703 DEBUG    [tempest.scenario.manager] Console output for bf7455f8-54b2-4a68-b1b9-8a9563f2f966
body=
[    0.000000] Initializing cgroup subsys cpuset
[    0.000000] Initializing cgroup subsys cpu
[    0.000000] Linux version 3.2.0-80-virtual (buildd@batsu) (gcc version 4.6.3 (Ubuntu/Linaro 4.6.3-1ubuntu5) ) #116-Ubuntu SMP Mon Mar 23 17:28:52 UTC 2015 (Ubuntu 3.2.0-80.116-virtual 3.2.68)
[    0.000000] Command line: root=/dev/vda console=tty0 console=ttyS0 no_timer_check
[    0.000000] KERNEL supported cpus:
[    0.000000]   Intel GenuineIntel
[    0.000000]   AMD AuthenticAMD
[    0.000000]   Centaur CentaurHauls
[    0.000000] BIOS-provided physical RAM map:
[    0.000000]  BIOS-e820: 0000000000000000 - 000000000009fc00 (usable)
[    0.000000]  BIOS-e820: 000000000009fc00 - 00000000000a0000 (reserved)
[    0.000000]  BIOS-e820: 00000000000f0000 - 0000000000100000 (reserved)
[    0.000000]  BIOS-e820: 0000000000100000 - 0000000003ffe000 (usable)
[    0.000000]  BIOS-e820: 0000000003ffe000 - 0000000004000000 (reserved)
[    0.000000]  BIOS-e820: 00000000fffc0000 - 0000000100000000 (reserved)
[    0.000000] NX (Execute Disable) protection: active
[    0.000000] SMBIOS 2.4 present.
[    0.000000] No AGP bridge found
[    0.000000] last_pfn = 0x3ffe max_arch_pfn = 0x400000000
[    0.000000] x86 PAT enabled: cpu 0, old 0x7040600070406, new 0x7010600070106
[    0.000000] found SMP MP-table at [ffff8800000f0b00] f0b00
[    0.000000] init_memory_mapping: 0000000000000000-0000000003ffe000
[    0.000000] RAMDISK: 03c5e000 - 03ff0000
[    0.000000] ACPI: RSDP 00000000000f0950 00014 (v00 BOCHS )
[    0.000000] ACPI: RSDT 0000000003fffbc1 00034 (v01 BOCHS  BXPCRSDT 00000001 BXPC 00000001)
[    0.000000] ACPI: FACP 0000000003fff1c0 00074 (v01 BOCHS  BXPCFACP 00000001 BXPC 00000001)
[    0.000000] ACPI: DSDT 0000000003ffe040 01180 (v01 BOCHS  BXPCDSDT 00000001 BXPC 00000001)
[    0.000000] ACPI: FACS 0000000003ffe000 00040
[    0.000000] ACPI: SSDT 0000000003fff234 008DD (v01 BOCHS  BXPCSSDT 00000001 BXPC 00000001)
[    0.000000] ACPI: APIC 0000000003fffb11 00078 (v01 BOCHS  BXPCAPIC 00000001 BXPC 00000001)
[    0.000000] ACPI: HPET 0000000003fffb89 00038 (v01 BOCHS  BXPCHPET 00000001 BXPC 00000001)
[    0.000000] No NUMA configuration found
[    0.000000] Faking a node at 0000000000000000-0000000003ffe000
[    0.000000] Initmem setup node 0 0000000000000000-0000000003ffe000
[    0.000000]   NODE_DATA [0000000003ff6000 - 0000000003ffafff]
[    0.000000] Zone PFN ranges:
[    0.000000]   DMA      0x00000010 -&gt; 0x00001000
[    0.000000]   DMA32    0x00001000 -&gt; 0x00100000
[    0.000000]   Normal   empty
[    0.000000] Movable zone start PFN for each node
[    0.000000] early_node_map[2] active PFN ranges
[    0.000000]     0: 0x00000010 -&gt; 0x0000009f
[    0.000000]     0: 0x00000100 -&gt; 0x00003ffe
[    0.000000] ACPI: PM-Timer IO Port: 0xb008
[    0.000000] ACPI: LAPIC (acpi_id[0x00] lapic_id[0x00] enabled)
[    0.000000] ACPI: LAPIC_NMI (acpi_id[0xff] dfl dfl lint[0x1])
[    0.000000] ACPI: IOAPIC (id[0x00] address[0xfec00000] gsi_base[0])
[    0.000000] IOAPIC[0]: apic_id 0, version 17, address 0xfec00000, GSI 0-23
[    0.000000] ACPI: INT_SRC_OVR (bus 0 bus_irq 0 global_irq 2 dfl dfl)
[    0.000000] ACPI: INT_SRC_OVR (bus 0 bus_irq 5 global_irq 5 high level)
[    0.000000] ACPI: INT_SRC_OVR (bus 0 bus_irq 9 global_irq 9 high level)
[    0.000000] ACPI: INT_SRC_OVR (bus 0 bus_irq 10 global_irq 10 high level)
[    0.000000] ACPI: INT_SRC_OVR (bus 0 bus_irq 11 global_irq 11 high level)
[    0.000000] Using ACPI (MADT) for SMP configuration information
[    0.000000] ACPI: HPET id: 0x8086a201 base: 0xfed00000
[    0.000000] SMP: Allowing 1 CPUs, 0 hotplug CPUs
[    0.000000] PM: Registered nosave memory: 000000000009f000 - 00000000000a0000
[    0.000000] PM: Registered nosave memory: 00000000000a0000 - 00000000000f0000
[    0.000000] PM: Registered nosave memory: 00000000000f0000 - 0000000000100000
[    0.000000] Allocating PCI resources starting at 4000000 (gap: 4000000:fbfc0000)
[    0.000000] Booting paravirtualized kernel on bare hardware
[    0.000000] setup_percpu: NR_CPUS:64 nr_cpumask_bits:64 nr_cpu_ids:1 nr_node_ids:1
[    0.000000] PERCPU: Embedded 27 pages/cpu @ffff880003a00000 s78848 r8192 d23552 u2097152
[    0.000000] Built 1 zonelists in Node order, mobility grouping on.  Total pages: 16008
[    0.000000] Policy zone: DMA32
[    0.000000] Kernel command line: root=/dev/vda console=tty0 console=ttyS0 no_timer_check
[    0.000000] PID hash table entries: 256 (order: -1, 2048 bytes)
[    0.000000] Checking aperture...
[    0.000000] No AGP bridge found
[    0.000000] Memory: 43492k/65528k available (6576k kernel code, 452k absent, 21584k reserved, 6620k data, 928k init)
[    0.000000] SLUB: Genslabs=15, HWalign=64, Order=0-3, MinObjects=0, CPUs=1, Nodes=1
[    0.000000] Hierarchical RCU implementation.
[    0.000000] 	RCU dyntick-idle grace-period acceleration is enabled.
[    0.000000] NR_IRQS:4352 nr_irqs:256 16
[    0.000000] Console: colour VGA+ 80x25
[    0.000000] console [tty0] enabled
[    0.000000] console [ttyS0] enabled
[    0.000000] allocated 1048576 bytes of page_cgroup
[    0.000000] please try 'cgroup_disable=memory' option if you don't want memory cgroups
[    0.000000] Fast TSC calibration failed
[    0.000000] TSC: Unable to calibrate against PIT
[    0.000000] TSC: using HPET reference calibration
[    0.000000] Detected 2292.350 MHz processor.
[    0.037360] Calibrating delay loop (skipped), value calculated using timer frequency.. 4584.70 BogoMIPS (lpj=9169400)
[    0.039469] pid_max: default: 32768 minimum: 301
[    0.046862] Security Framework initialized
[    0.051194] AppArmor: AppArmor initialized
[    0.052134] Yama: becoming mindful.
[    0.058672] Dentry cache hash table entries: 8192 (order: 4, 65536 bytes)
[    0.060628] Inode-cache hash table entries: 4096 (order: 3, 32768 bytes)
[    0.062190] Mount-cache hash table entries: 256
[    0.077697] Initializing cgroup subsys cpuacct
[    0.078723] Initializing cgroup subsys memory
[    0.080856] Initializing cgroup subsys devices
[    0.081832] Initializing cgroup subsys freezer
[    0.082519] Initializing cgroup subsys blkio
[    0.084330] Initializing cgroup subsys perf_event
[    0.090814] mce: CPU supports 10 MCE banks
[    0.096720] SMP alternatives: switching to UP code
[    0.480319] Freeing SMP alternatives: 24k freed
[    0.482311] ACPI: Core revision 20110623
[    0.530891] ftrace: allocating 26610 entries in 105 pages
[    0.561626] ..TIMER: vector=0x30 apic1=0 pin1=2 apic2=-1 pin2=-1
[    0.562924] CPU0: AMD QEMU Virtual CPU version 2.0.0 stepping 03
[    0.568034] APIC calibration not consistent with PM-Timer: 98ms instead of 100ms
[    0.568034] APIC delta adjusted to PM-Timer: 6249972 (6181738)
[    0.568034] Performance Events: Broken PMU hardware detected, using software events only.
[    0.576760] NMI watchdog disabled (cpu0): hardware events not enabled
[    0.578397] Brought up 1 CPUs
[    0.578900] Total of 1 processors activated (4584.70 BogoMIPS).
[    0.602665] devtmpfs: initialized
[    0.633186] EVM: security.selinux
[    0.633980] EVM: security.SMACK64
[    0.634414] EVM: security.capability
[    0.654205] print_constraints: dummy: 
[    0.656182] RTC time:  3:27:29, date: 12/18/15
[    0.658481] NET: Registered protocol family 16
[    0.665919] ACPI: bus type pci registered
[    0.670253] PCI: Using configuration type 1 for base access
[    0.706564] bio: create slab &lt;bio-0&gt; at 0
[    0.712135] ACPI: Added _OSI(Module Device)
[    0.712712] ACPI: Added _OSI(Processor Device)
[    0.713385] ACPI: Added _OSI(3.0 _SCP Extensions)
[    0.713993] ACPI: Added _OSI(Processor Aggregator Device)
[    0.798494] ACPI: Interpreter enabled
[    0.799069] ACPI: (supports S0 S3 S4 S5)
[    0.801866] ACPI: Using IOAPIC for interrupt routing
[    0.880416] ACPI: No dock devices found.
[    0.881465] HEST: Table not found.
[    0.882512] PCI: Using host bridge windows from ACPI; if necessary, use "pci=nocrs" and report a bug
[    0.890868] ACPI: PCI Root Bridge [PCI0] (domain 0000 [bus 00-ff])
[    0.897988] pci_root PNP0A03:00: host bridge window [io  0x0000-0x0cf7]
[    0.898848] pci_root PNP0A03:00: host bridge window [io  0x0d00-0xadff]
[    0.900109] pci_root PNP0A03:00: host bridge window [io  0xae0f-0xaeff]
[    0.901106] pci_root PNP0A03:00: host bridge window [io  0xaf20-0xafdf]
[    0.901893] pci_root PNP0A03:00: host bridge window [io  0xafe4-0xffff]
[    0.902858] pci_root PNP0A03:00: host bridge window [mem 0x000a0000-0x000bffff]
[    0.904108] pci_root PNP0A03:00: host bridge window [mem 0x04000000-0xfebfffff]
[    0.930530] pci 0000:00:01.3: quirk: [io  0xb000-0xb03f] claimed by PIIX4 ACPI
[    0.932187] pci 0000:00:01.3: quirk: [io  0xb100-0xb10f] claimed by PIIX4 SMB
[    1.021671]  pci0000:00: Unable to request _OSC control (_OSC support mask: 0x1e)
[    1.086929] ACPI: PCI Interrupt Link [LNKA] (IRQs 5 *10 11)
[    1.089907] ACPI: PCI Interrupt Link [LNKB] (IRQs 5 *10 11)
[    1.092511] ACPI: PCI Interrupt Link [LNKC] (IRQs 5 10 *11)
[    1.094230] ACPI: PCI Interrupt Link [LNKD] (IRQs 5 10 *11)
[    1.095499] ACPI: PCI Interrupt Link [LNKS] (IRQs *9)
[    1.102310] vgaarb: device added: PCI:0000:00:02.0,decodes=io+mem,owns=io+mem,locks=none
[    1.103417] vgaarb: loaded
[    1.104165] vgaarb: bridge control possible 0000:00:02.0
[    1.108291] i2c-core: driver [aat2870] using legacy suspend method
[    1.109010] i2c-core: driver [aat2870] using legacy resume method
[    1.111394] SCSI subsystem initialized
[    1.116348] usbcore: registered new interface driver usbfs
[    1.117584] usbcore: registered new interface driver hub
[    1.118836] usbcore: registered new device driver usb
[    1.122449] PCI: Using ACPI for IRQ routing
[    1.132943] NetLabel: Initializing
[    1.133444] NetLabel:  domain hash size = 128
[    1.134043] NetLabel:  protocols = UNLABELED CIPSOv4
[    1.135351] NetLabel:  unlabeled traffic allowed by default
[    1.137855] HPET: 3 timers in total, 0 timers will be used for per-cpu timer
[    1.140416] hpet0: at MMIO 0xfed00000, IRQs 2, 8, 0
[    1.141464] hpet0: 3 comparators, 64-bit 100.000000 MHz counter
[    1.154422] Switching to clocksource hpet
[    1.403533] AppArmor: AppArmor Filesystem Enabled
[    1.408053] pnp: PnP ACPI init
[    1.409917] ACPI: bus type pnp registered
[    1.430789] pnp: PnP ACPI: found 9 devices
[    1.431425] ACPI: ACPI bus type pnp unregistered
[    1.490900] NET: Registered protocol family 2
[    1.526643] IP route cache hash table entries: 512 (order: 0, 4096 bytes)
[    1.534719] TCP established hash table entries: 2048 (order: 3, 32768 bytes)
[    1.535888] TCP bind hash table entries: 2048 (order: 3, 32768 bytes)
[    1.537904] TCP: Hash tables configured (established 2048 bind 2048)
[    1.538741] TCP reno registered
[    1.539259] UDP hash table entries: 128 (order: 0, 4096 bytes)
[    1.540062] UDP-Lite hash table entries: 128 (order: 0, 4096 bytes)
[    1.543584] NET: Registered protocol family 1
[    1.545394] pci 0000:00:00.0: Limiting direct PCI/PCI transfers
[    1.546275] pci 0000:00:01.0: PIIX3: Enabling Passive Release
[    1.547220] pci 0000:00:01.0: Activating ISA DMA hang workarounds
[    1.552690] ACPI: PCI Interrupt Link [LNKD] enabled at IRQ 11
[    1.554458] pci 0000:00:01.2: PCI INT D -&gt; Link[LNKD] -&gt; GSI 11 (level, high) -&gt; IRQ 11
[    1.557497] pci 0000:00:01.2: PCI INT D disabled
[    1.577389] Trying to unpack rootfs image as initramfs...
[    1.594899] audit: initializing netlink socket (disabled)
[    1.597415] type=2000 audit(1450409249.592:1): initialized
[    1.909478] HugeTLB registered 2 MB page size, pre-allocated 0 pages
[    2.010049] VFS: Disk quotas dquot_6.5.2
[    2.013695] Dquot-cache hash table entries: 512 (order 0, 4096 bytes)
[    2.041664] fuse init (API version 7.17)
[    2.045734] msgmni has been set to 84
[    2.091771] Block layer SCSI generic (bsg) driver version 0.4 loaded (major 253)
[    2.102307] io scheduler noop registered
[    2.102931] io scheduler deadline registered (default)
[    2.104144] io scheduler cfq registered
[    2.107558] pci_hotplug: PCI Hot Plug PCI Core version: 0.5
[    2.110439] pciehp: PCI Express Hot Plug Controller Driver version: 0.4
[    2.115804] input: Power Button as /devices/LNXSYSTM:00/LNXPWRBN:00/input/input0
[    2.118696] ACPI: Power Button [PWRF]
[    2.179521] ERST: Table is not found!
[    2.180111] GHES: HEST is not enabled!
[    2.183664] ACPI: PCI Interrupt Link [LNKC] enabled at IRQ 10
[    2.185368] virtio-pci 0000:00:03.0: PCI INT A -&gt; Link[LNKC] -&gt; GSI 10 (level, high) -&gt; IRQ 10
[    2.189506] virtio-pci 0000:00:04.0: PCI INT A -&gt; Link[LNKD] -&gt; GSI 11 (level, high) -&gt; IRQ 11
[    2.206607] ACPI: PCI Interrupt Link [LNKA] enabled at IRQ 10
[    2.207487] virtio-pci 0000:00:05.0: PCI INT A -&gt; Link[LNKA] -&gt; GSI 10 (level, high) -&gt; IRQ 10
[    2.238022] Serial: 8250/16550 driver, 32 ports, IRQ sharing enabled
[    2.283105] serial8250: ttyS0 at I/O 0x3f8 (irq = 4) is a 16550A
[    2.361069] serial8250: ttyS1 at I/O 0x2f8 (irq = 3) is a 16550A
[    2.484280] 00:05: ttyS0 at I/O 0x3f8 (irq = 4) is a 16550A
[    2.569802] 00:06: ttyS1 at I/O 0x2f8 (irq = 3) is a 16550A
[    2.570799] Refined TSC clocksource calibration: 2292.379 MHz.
[    2.571537] Switching to clocksource tsc
[    2.623287] Linux agpgart interface v0.103
[    2.711899] brd: module loaded
[    2.748065] loop: module loaded
[    2.830268]  vda: unknown partition table
[    2.895229] scsi0 : ata_piix
[    2.899340] scsi1 : ata_piix
[    2.901470] ata1: PATA max MWDMA2 cmd 0x1f0 ctl 0x3f6 bmdma 0xc0a0 irq 14
[    2.902337] ata2: PATA max MWDMA2 cmd 0x170 ctl 0x376 bmdma 0xc0a8 irq 15
[    2.911686] Fixed MDIO Bus: probed
[    2.913336] tun: Universal TUN/TAP device driver, 1.6
[    2.914076] tun: (C) 1999-2004 Max Krasnyansky &lt;maxk@qualcomm.com&gt;
[    2.925888] PPP generic driver version 2.4.2
[    2.951665] ehci_hcd: USB 2.0 'Enhanced' Host Controller (EHCI) Driver
[    2.953906] ohci_hcd: USB 1.1 'Open' Host Controller (OHCI) Driver
[    2.954934] uhci_hcd: USB Universal Host Controller Interface driver
[    2.956071] uhci_hcd 0000:00:01.2: PCI INT D -&gt; Link[LNKD] -&gt; GSI 11 (level, high) -&gt; IRQ 11
[    2.960074] uhci_hcd 0000:00:01.2: UHCI Host Controller
[    2.978568] uhci_hcd 0000:00:01.2: new USB bus registered, assigned bus number 1
[    2.981365] uhci_hcd 0000:00:01.2: irq 11, io base 0x0000c040
[    3.027919] hub 1-0:1.0: USB hub found
[    3.030691] hub 1-0:1.0: 2 ports detected
[    3.038379] usbcore: registered new interface driver libusual
[    3.041475] i8042: PNP: PS/2 Controller [PNP0303:KBD,PNP0f13:MOU] at 0x60,0x64 irq 1,12
[    3.049125] serio: i8042 KBD port at 0x60,0x64 irq 1
[    3.051320] serio: i8042 AUX port at 0x60,0x64 irq 12
[    3.087649] mousedev: PS/2 mouse device common for all mice
[    3.123597] ata2.01: ATAPI: QEMU DVD-ROM, 2.0.0, max UDMA/100
[    3.135885] input: AT Translated Set 2 keyboard as /devices/platform/i8042/serio0/input/input1
[    3.141203] rtc_cmos 00:01: RTC can wake from S4
[    3.151992] rtc_cmos 00:01: rtc core: registered rtc_cmos as rtc0
[    3.158697] rtc0: alarms up to one day, 114 bytes nvram, hpet irqs
[    3.165035] device-mapper: uevent: version 1.0.3
[    3.190494] ata2.01: configured for MWDMA2
[    3.247440] Freeing initrd memory: 3656k freed
[    3.263086] scsi 1:0:1:0: CD-ROM            QEMU     QEMU DVD-ROM     2.0. PQ: 0 ANSI: 5
[    3.274289] device-mapper: ioctl: 4.22.0-ioctl (2011-10-19) initialised: dm-devel@redhat.com
[    3.279808] cpuidle: using governor ladder
[    3.281121] cpuidle: using governor menu
[    3.283484] EFI Variables Facility v0.08 2004-May-17
[    3.291878] TCP cubic registered
[    3.298669] NET: Registered protocol family 10
[    3.331481] NET: Registered protocol family 17
[    3.335403] Registering the dns_resolver key type
[    3.350303] sr0: scsi3-mmc drive: 4x/4x cd/rw xa/form2 tray
[    3.351649] cdrom: Uniform CD-ROM driver Revision: 3.20
[    3.363922] sr 1:0:1:0: Attached scsi generic sg0 type 5
[    3.374863] registered taskstats version 1
[    3.919233]   Magic number: 11:630:462
[    3.926447] rtc_cmos 00:01: setting system clock to 2015-12-18 03:27:32 UTC (1450409252)
[    3.929598] powernow-k8: Processor cpuid 663 not supported
[    3.938720] BIOS EDD facility v0.16 2004-Jun-25, 0 devices found
[    3.942429] EDD information not available.
[    4.007203] Freeing unused kernel memory: 928k freed
[    4.012477] Write protecting the kernel read-only data: 12288k
[    4.130845] Freeing unused kernel memory: 1596k freed
[    4.202712] Freeing unused kernel memory: 1184k freed

info: initramfs: up at 4.35
modprobe: module virtio_blk not found in modules.dep
modprobe: module virtio_net not found in modules.dep
info: copying initramfs to /dev/vda
info: initramfs loading root from /dev/vda
info: /etc/init.d/rc.sysinit: up at 9.20
info: container: none
Starting logging: OK
modprobe: module virtio_blk not found in modules.dep
modprobe: module virtio_net not found in modules.dep
WARN: /etc/rc3.d/S10-load-modules failed
Initializing random number generator... done.
Starting acpid: OK
cirros-ds 'local' up at 11.72
found datasource (configdrive, local)
Starting network...
udhcpc (v1.20.1) started
Sending discover...
Sending discover...

2015-12-18 03:29:29,992 21703 INFO     [tempest_lib.common.rest_client] Request (TestNetworkBasicOps:_run_cleanups): 204 DELETE http://10.0.2.15:9696/v2.0/floatingips/9d3b1479-e589-408c-8216-d52814b48cd4 0.272s
2015-12-18 03:29:29,992 21703 DEBUG    [tempest_lib.common.rest_client] Request - Headers: {'Content-Type': 'application/json', 'Accept': 'application/json', 'X-Auth-Token': '&lt;omitted&gt;'}
        Body: None
    Response - Headers: {'date': 'Fri, 18 Dec 2015 03:29:29 GMT', 'status': '204', 'connection': 'close', 'content-length': '0', 'x-openstack-request-id': 'req-08c1e51b-3964-40e2-8b73-2d5b9238a4fa'}
        Body: 
2015-12-18 03:29:30,197 21703 INFO     [tempest_lib.common.rest_client] Request (TestNetworkBasicOps:_run_cleanups): 204 DELETE http://10.0.2.15:8774/v2.1/9322afa48f454509a442fe2e6dc84e31/servers/bf7455f8-54b2-4a68-b1b9-8a9563f2f966 0.204s
2015-12-18 03:29:30,197 21703 DEBUG    [tempest_lib.common.rest_client] Request - Headers: {'Content-Type': 'application/json', 'Accept': 'application/json', 'X-Auth-Token': '&lt;omitted&gt;'}
        Body: None
    Response - Headers: {'status': '204', 'content-length': '0', 'x-compute-request-id': 'req-e40632bf-2822-4071-b79b-49a70e85670d', 'vary': 'X-OpenStack-Nova-API-Version', 'connection': 'close', 'x-openstack-nova-api-version': '2.1', 'date': 'Fri, 18 Dec 2015 03:29:30 GMT', 'content-type': 'application/json'}
        Body: 
2015-12-18 03:29:30,408 21703 INFO     [tempest_lib.common.rest_client] Request (TestNetworkBasicOps:_run_cleanups): 200 GET http://10.0.2.15:8774/v2.1/9322afa48f454509a442fe2e6dc84e31/servers/bf7455f8-54b2-4a68-b1b9-8a9563f2f966 0.210s
2015-12-18 03:29:30,409 21703 DEBUG    [tempest_lib.common.rest_client] Request - Headers: {'Content-Type': 'application/json', 'Accept': 'application/json', 'X-Auth-Token': '&lt;omitted&gt;'}
        Body: None
    Response - Headers: {'status': '200', 'content-length': '1775', 'content-location': 'http://10.0.2.15:8774/v2.1/9322afa48f454509a442fe2e6dc84e31/servers/bf7455f8-54b2-4a68-b1b9-8a9563f2f966', 'x-compute-request-id': 'req-abab2f0b-ab8d-4ddb-a0fa-772456393c9d', 'vary': 'X-OpenStack-Nova-API-Version', 'connection': 'close', 'x-openstack-nova-api-version': '2.1', 'date': 'Fri, 18 Dec 2015 03:29:30 GMT', 'content-type': 'application/json'}
        Body: {"server": {"status": "ACTIVE", "updated": "2015-12-18T03:29:30Z", "hostId": "9334a240f3c780f0967816bcb2b971478045fb3b1c7c6cdf0ac17bed", "addresses": {"tempest-network-smoke--1710723873": [{"OS-EXT-IPS-MAC:mac_addr": "fa:16:3e:7a:67:73", "version": 4, "addr": "10.100.0.3", "OS-EXT-IPS:type": "fixed"}, {"OS-EXT-IPS-MAC:mac_addr": "fa:16:3e:7a:67:73", "version": 4, "addr": "172.24.4.4", "OS-EXT-IPS:type": "floating"}]}, "links": [{"href": "http://10.0.2.15:8774/v2.1/9322afa48f454509a442fe2e6dc84e31/servers/bf7455f8-54b2-4a68-b1b9-8a9563f2f966", "rel": "self"}, {"href": "http://10.0.2.15:8774/9322afa48f454509a442fe2e6dc84e31/servers/bf7455f8-54b2-4a68-b1b9-8a9563f2f966", "rel": "bookmark"}], "key_name": "tempest-TestNetworkBasicOps-877680600", "image": {"id": "cb95635a-03f5-4a6a-9325-8882663a6e99", "links": [{"href": "http://10.0.2.15:8774/9322afa48f454509a442fe2e6dc84e31/images/cb95635a-03f5-4a6a-9325-8882663a6e99", "rel": "bookmark"}]}, "OS-EXT-STS:task_state": "deleting", "OS-EXT-STS:vm_state": "active", "OS-SRV-USG:launched_at": "2015-12-18T03:27:25.000000", "flavor": {"id": "42", "links": [{"href": "http://10.0.2.15:8774/9322afa48f454509a442fe2e6dc84e31/flavors/42", "rel": "bookmark"}]}, "id": "bf7455f8-54b2-4a68-b1b9-8a9563f2f966", "security_groups": [{"name": "tempest-secgroup-smoke-380305221"}], "OS-SRV-USG:terminated_at": null, "OS-EXT-AZ:availability_zone": "nova", "user_id": "95e9a66f779343789c30287a91f89b7a", "name": "tempest.common.compute-instance-1445789434", "created": "2015-12-18T03:27:22Z", "tenant_id": "9322afa48f454509a442fe2e6dc84e31", "OS-DCF:diskConfig": "MANUAL", "os-extended-volumes:volumes_attached": [], "accessIPv4": "", "accessIPv6": "", "progress": 0, "OS-EXT-STS:power_state": 1, "config_drive": "True", "metadata": {}}}
2015-12-18 03:29:31,573 21703 INFO     [tempest_lib.common.rest_client] Request (TestNetworkBasicOps:_run_cleanups): 200 GET http://10.0.2.15:8774/v2.1/9322afa48f454509a442fe2e6dc84e31/servers/bf7455f8-54b2-4a68-b1b9-8a9563f2f966 0.149s
2015-12-18 03:29:31,573 21703 DEBUG    [tempest_lib.common.rest_client] Request - Headers: {'Content-Type': 'application/json', 'Accept': 'application/json', 'X-Auth-Token': '&lt;omitted&gt;'}
        Body: None
    Response - Headers: {'status': '200', 'content-length': '1708', 'content-location': 'http://10.0.2.15:8774/v2.1/9322afa48f454509a442fe2e6dc84e31/servers/bf7455f8-54b2-4a68-b1b9-8a9563f2f966', 'x-compute-request-id': 'req-6792877b-49fd-47e9-9a8a-bfd836ada596', 'vary': 'X-OpenStack-Nova-API-Version', 'connection': 'close', 'x-openstack-nova-api-version': '2.1', 'date': 'Fri, 18 Dec 2015 03:29:31 GMT', 'content-type': 'application/json'}
        Body: {"server": {"status": "ACTIVE", "updated": "2015-12-18T03:29:30Z", "hostId": "9334a240f3c780f0967816bcb2b971478045fb3b1c7c6cdf0ac17bed", "addresses": {"tempest-network-smoke--1710723873": [{"OS-EXT-IPS-MAC:mac_addr": "fa:16:3e:7a:67:73", "version": 4, "addr": "10.100.0.3", "OS-EXT-IPS:type": "fixed"}, {"OS-EXT-IPS-MAC:mac_addr": "fa:16:3e:7a:67:73", "version": 4, "addr": "172.24.4.4", "OS-EXT-IPS:type": "floating"}]}, "links": [{"href": "http://10.0.2.15:8774/v2.1/9322afa48f454509a442fe2e6dc84e31/servers/bf7455f8-54b2-4a68-b1b9-8a9563f2f966", "rel": "self"}, {"href": "http://10.0.2.15:8774/9322afa48f454509a442fe2e6dc84e31/servers/bf7455f8-54b2-4a68-b1b9-8a9563f2f966", "rel": "bookmark"}], "key_name": "tempest-TestNetworkBasicOps-877680600", "image": {"id": "cb95635a-03f5-4a6a-9325-8882663a6e99", "links": [{"href": "http://10.0.2.15:8774/9322afa48f454509a442fe2e6dc84e31/images/cb95635a-03f5-4a6a-9325-8882663a6e99", "rel": "bookmark"}]}, "OS-EXT-STS:task_state": "deleting", "OS-EXT-STS:vm_state": "active", "OS-SRV-USG:launched_at": "2015-12-18T03:27:25.000000", "flavor": {"id": "42", "links": [{"href": "http://10.0.2.15:8774/9322afa48f454509a442fe2e6dc84e31/flavors/42", "rel": "bookmark"}]}, "id": "bf7455f8-54b2-4a68-b1b9-8a9563f2f966", "OS-SRV-USG:terminated_at": null, "OS-EXT-AZ:availability_zone": "nova", "user_id": "95e9a66f779343789c30287a91f89b7a", "name": "tempest.common.compute-instance-1445789434", "created": "2015-12-18T03:27:22Z", "tenant_id": "9322afa48f454509a442fe2e6dc84e31", "OS-DCF:diskConfig": "MANUAL", "os-extended-volumes:volumes_attached": [], "accessIPv4": "", "accessIPv6": "", "progress": 0, "OS-EXT-STS:power_state": 1, "config_drive": "True", "metadata": {}}}
2015-12-18 03:29:32,662 21703 INFO     [tempest_lib.common.rest_client] Request (TestNetworkBasicOps:_run_cleanups): 404 GET http://10.0.2.15:8774/v2.1/9322afa48f454509a442fe2e6dc84e31/servers/bf7455f8-54b2-4a68-b1b9-8a9563f2f966 0.078s
2015-12-18 03:29:32,663 21703 DEBUG    [tempest_lib.common.rest_client] Request - Headers: {'Content-Type': 'application/json', 'Accept': 'application/json', 'X-Auth-Token': '&lt;omitted&gt;'}
        Body: None
    Response - Headers: {'status': '404', 'content-length': '111', 'x-compute-request-id': 'req-5710c51a-40ea-49d3-a1d5-c6131d316adc', 'vary': 'X-OpenStack-Nova-API-Version', 'connection': 'close', 'x-openstack-nova-api-version': '2.1', 'date': 'Fri, 18 Dec 2015 03:29:32 GMT', 'content-type': 'application/json; charset=UTF-8'}
        Body: {"itemNotFound": {"message": "Instance bf7455f8-54b2-4a68-b1b9-8a9563f2f966 could not be found.", "code": 404}}
2015-12-18 03:29:32,685 21703 INFO     [tempest_lib.common.rest_client] Request (TestNetworkBasicOps:_run_cleanups): 202 DELETE http://10.0.2.15:8774/v2.1/9322afa48f454509a442fe2e6dc84e31/os-keypairs/tempest-TestNetworkBasicOps-877680600 0.020s
2015-12-18 03:29:32,685 21703 DEBUG    [tempest_lib.common.rest_client] Request - Headers: {'Content-Type': 'application/json', 'Accept': 'application/json', 'X-Auth-Token': '&lt;omitted&gt;'}
        Body: None
    Response - Headers: {'status': '202', 'content-length': '0', 'x-compute-request-id': 'req-e5736f5d-a2f8-4819-994c-332610afbfc0', 'vary': 'X-OpenStack-Nova-API-Version', 'connection': 'close', 'x-openstack-nova-api-version': '2.1', 'date': 'Fri, 18 Dec 2015 03:29:32 GMT', 'content-type': 'application/json'}
        Body: 
2015-12-18 03:29:33,100 21703 INFO     [tempest_lib.common.rest_client] Request (TestNetworkBasicOps:_run_cleanups): 200 PUT http://10.0.2.15:9696/v2.0/routers/59be3f77-47df-403c-b289-1a20bcd5eb89/remove_router_interface 0.413s
2015-12-18 03:29:33,101 21703 DEBUG    [tempest_lib.common.rest_client] Request - Headers: {'Content-Type': 'application/json', 'Accept': 'application/json', 'X-Auth-Token': '&lt;omitted&gt;'}
        Body: {"subnet_id": "d16204fb-01fe-4cdb-8969-f4b203e3136a"}
    Response - Headers: {'status': '200', 'content-length': '255', 'connection': 'close', 'date': 'Fri, 18 Dec 2015 03:29:33 GMT', 'content-type': 'application/json; charset=UTF-8', 'x-openstack-request-id': 'req-4b1adbfb-caec-44ef-9323-f16e4f048fc2'}
        Body: {"subnet_id": "d16204fb-01fe-4cdb-8969-f4b203e3136a", "tenant_id": "9322afa48f454509a442fe2e6dc84e31", "subnet_ids": ["d16204fb-01fe-4cdb-8969-f4b203e3136a"], "port_id": "8cc6fcb2-2ba6-4ced-b5fe-f104dc49cbe3", "id": "59be3f77-47df-403c-b289-1a20bcd5eb89"}
2015-12-18 03:29:33,588 21703 INFO     [tempest_lib.common.rest_client] Request (TestNetworkBasicOps:_run_cleanups): 204 DELETE http://10.0.2.15:9696/v2.0/subnets/d16204fb-01fe-4cdb-8969-f4b203e3136a 0.486s
2015-12-18 03:29:33,589 21703 DEBUG    [tempest_lib.common.rest_client] Request - Headers: {'Content-Type': 'application/json', 'Accept': 'application/json', 'X-Auth-Token': '&lt;omitted&gt;'}
        Body: None
    Response - Headers: {'date': 'Fri, 18 Dec 2015 03:29:33 GMT', 'status': '204', 'connection': 'close', 'content-length': '0', 'x-openstack-request-id': 'req-7cfa649f-62de-4afd-945c-7d8ea8f94022'}
        Body: 
2015-12-18 03:29:33,655 21703 INFO     [tempest_lib.common.rest_client] Request (TestNetworkBasicOps:_run_cleanups): 200 GET http://10.0.2.15:9696/v2.0/routers/59be3f77-47df-403c-b289-1a20bcd5eb89 0.066s
2015-12-18 03:29:33,656 21703 DEBUG    [tempest_lib.common.rest_client] Request - Headers: {'Content-Type': 'application/json', 'Accept': 'application/json', 'X-Auth-Token': '&lt;omitted&gt;'}
        Body: None
    Response - Headers: {'status': '200', 'content-length': '564', 'content-location': 'http://10.0.2.15:9696/v2.0/routers/59be3f77-47df-403c-b289-1a20bcd5eb89', 'connection': 'close', 'date': 'Fri, 18 Dec 2015 03:29:33 GMT', 'content-type': 'application/json; charset=UTF-8', 'x-openstack-request-id': 'req-1181992c-1d8f-4534-80e8-dc9c09151472'}
        Body: {"router": {"status": "ACTIVE", "external_gateway_info": {"network_id": "950afb05-e803-4ec4-85c2-625b2ac49d81", "enable_snat": true, "external_fixed_ips": [{"subnet_id": "c0ef8fdf-c4a9-4bfb-9ce3-2487572347dd", "ip_address": "172.24.4.3"}, {"subnet_id": "6cd7d9cb-0c2e-4ab1-b08c-1b22b93b92ed", "ip_address": "2001:db8::3"}]}, "availability_zone_hints": [], "availability_zones": ["nova"], "name": "tempest-router-smoke-2086909865", "admin_state_up": true, "tenant_id": "9322afa48f454509a442fe2e6dc84e31", "routes": [], "id": "59be3f77-47df-403c-b289-1a20bcd5eb89"}}
2015-12-18 03:29:34,112 21703 INFO     [tempest_lib.common.rest_client] Request (TestNetworkBasicOps:_run_cleanups): 200 PUT http://10.0.2.15:9696/v2.0/routers/59be3f77-47df-403c-b289-1a20bcd5eb89 0.456s
2015-12-18 03:29:34,113 21703 DEBUG    [tempest_lib.common.rest_client] Request - Headers: {'Content-Type': 'application/json', 'Accept': 'application/json', 'X-Auth-Token': '&lt;omitted&gt;'}
        Body: {"router": {"external_gateway_info": {}, "name": "tempest-router-smoke-2086909865", "admin_state_up": true}}
    Response - Headers: {'status': '200', 'content-length': '302', 'connection': 'close', 'date': 'Fri, 18 Dec 2015 03:29:34 GMT', 'content-type': 'application/json; charset=UTF-8', 'x-openstack-request-id': 'req-e9532247-76b6-47cd-a68f-e299075bd41c'}
        Body: {"router": {"status": "ACTIVE", "external_gateway_info": null, "availability_zone_hints": [], "availability_zones": ["nova"], "name": "tempest-router-smoke-2086909865", "admin_state_up": true, "tenant_id": "9322afa48f454509a442fe2e6dc84e31", "routes": [], "id": "59be3f77-47df-403c-b289-1a20bcd5eb89"}}
2015-12-18 03:29:34,348 21703 INFO     [tempest_lib.common.rest_client] Request (TestNetworkBasicOps:_run_cleanups): 204 DELETE http://10.0.2.15:9696/v2.0/routers/59be3f77-47df-403c-b289-1a20bcd5eb89 0.233s
2015-12-18 03:29:34,348 21703 DEBUG    [tempest_lib.common.rest_client] Request - Headers: {'Content-Type': 'application/json', 'Accept': 'application/json', 'X-Auth-Token': '&lt;omitted&gt;'}
        Body: None
    Response - Headers: {'date': 'Fri, 18 Dec 2015 03:29:34 GMT', 'status': '204', 'connection': 'close', 'content-length': '0', 'x-openstack-request-id': 'req-e1685d79-c482-4c1f-91cf-283f0709aadf'}
        Body: 
2015-12-18 03:29:34,650 21703 INFO     [tempest_lib.common.rest_client] Request (TestNetworkBasicOps:_run_cleanups): 204 DELETE http://10.0.2.15:9696/v2.0/networks/f11796dd-c63c-4328-8800-0a8bff8d4a50 0.301s
2015-12-18 03:29:34,651 21703 DEBUG    [tempest_lib.common.rest_client] Request - Headers: {'Content-Type': 'application/json', 'Accept': 'application/json', 'X-Auth-Token': '&lt;omitted&gt;'}
        Body: None
    Response - Headers: {'date': 'Fri, 18 Dec 2015 03:29:34 GMT', 'status': '204', 'connection': 'close', 'content-length': '0', 'x-openstack-request-id': 'req-f2baa6f0-d3e8-49a4-b93e-ff6dd1c8cef6'}
        Body: 
2015-12-18 03:29:34,715 21703 INFO     [tempest_lib.common.rest_client] Request (TestNetworkBasicOps:_run_cleanups): 204 DELETE http://10.0.2.15:9696/v2.0/security-group-rules/0799c6b6-9d54-467b-9b34-ed6ed96fdd38 0.063s
2015-12-18 03:29:34,715 21703 DEBUG    [tempest_lib.common.rest_client] Request - Headers: {'Content-Type': 'application/json', 'Accept': 'application/json', 'X-Auth-Token': '&lt;omitted&gt;'}
        Body: None
    Response - Headers: {'date': 'Fri, 18 Dec 2015 03:29:34 GMT', 'status': '204', 'connection': 'close', 'content-length': '0', 'x-openstack-request-id': 'req-69b073c4-a015-4cee-80c3-fa4ea9be6ac0'}
        Body: 
2015-12-18 03:29:34,785 21703 INFO     [tempest_lib.common.rest_client] Request (TestNetworkBasicOps:_run_cleanups): 204 DELETE http://10.0.2.15:9696/v2.0/security-group-rules/beb0af56-4280-4e39-8a93-4cee77de61c7 0.068s
2015-12-18 03:29:34,786 21703 DEBUG    [tempest_lib.common.rest_client] Request - Headers: {'Content-Type': 'application/json', 'Accept': 'application/json', 'X-Auth-Token': '&lt;omitted&gt;'}
        Body: None
    Response - Headers: {'date': 'Fri, 18 Dec 2015 03:29:34 GMT', 'status': '204', 'connection': 'close', 'content-length': '0', 'x-openstack-request-id': 'req-e2ce9ee9-5c02-4621-9d2e-82c7a5e8ab76'}
        Body: 
2015-12-18 03:29:34,855 21703 INFO     [tempest_lib.common.rest_client] Request (TestNetworkBasicOps:_run_cleanups): 204 DELETE http://10.0.2.15:9696/v2.0/security-group-rules/5d570395-e947-47b7-ad42-a2a714adadba 0.068s
2015-12-18 03:29:34,855 21703 DEBUG    [tempest_lib.common.rest_client] Request - Headers: {'Content-Type': 'application/json', 'Accept': 'application/json', 'X-Auth-Token': '&lt;omitted&gt;'}
        Body: None
    Response - Headers: {'date': 'Fri, 18 Dec 2015 03:29:34 GMT', 'status': '204', 'connection': 'close', 'content-length': '0', 'x-openstack-request-id': 'req-eada34dd-bcf8-4e47-9316-8018b515e832'}
        Body: 
2015-12-18 03:29:34,921 21703 INFO     [tempest_lib.common.rest_client] Request (TestNetworkBasicOps:_run_cleanups): 204 DELETE http://10.0.2.15:9696/v2.0/security-group-rules/a2846520-2579-484c-bf3b-560b218347e8 0.064s
2015-12-18 03:29:34,921 21703 DEBUG    [tempest_lib.common.rest_client] Request - Headers: {'Content-Type': 'application/json', 'Accept': 'application/json', 'X-Auth-Token': '&lt;omitted&gt;'}
        Body: None
    Response - Headers: {'date': 'Fri, 18 Dec 2015 03:29:34 GMT', 'status': '204', 'connection': 'close', 'content-length': '0', 'x-openstack-request-id': 'req-7577864e-1ee7-45ae-8930-25015141441c'}
        Body: 
