<?xml version="1.0" encoding="UTF-8"?>
<!DOCTYPE html PUBLIC "-//W3C//DTD XHTML 1.0 Strict//EN"
     "http://www.w3.org/TR/xhtml1/DTD/xhtml1-strict.dtd">
<html xmlns="http://www.w3.org/1999/xhtml">
<head>
    <title>Unit Test Report</title>
    <meta name="generator" content="subunit2html 0.1"/>
    <meta http-equiv="Content-Type" content="text/html; charset=UTF-8"/>
    
<style type="text/css" media="screen">
body        { font-family: verdana, arial, helvetica, sans-serif;
    font-size: 80%; }
table       { font-size: 100%; width: 100%;}
pre         { font-size: 80%; }

/* -- heading -------------------------------------------------------------- */
h1 {
        font-size: 16pt;
        color: gray;
}
.heading {
    margin-top: 0ex;
    margin-bottom: 1ex;
}

.heading .attribute {
    margin-top: 1ex;
    margin-bottom: 0;
}

.heading .description {
    margin-top: 4ex;
    margin-bottom: 6ex;
}

/* -- css div popup -------------------------------------------------------- */
a.popup_link {
}

a.popup_link:hover {
    color: red;
}

.popup_window {
    display: none;
    overflow-x: scroll;
    /*border: solid #627173 1px; */
    padding: 10px;
    background-color: #E6E6D6;
    font-family: "Ubuntu Mono", "Lucida Console", "Courier New", monospace;
    text-align: left;
    font-size: 8pt;
}

}
/* -- report --------------------------------------------------------------- */
#show_detail_line {
    margin-top: 3ex;
    margin-bottom: 1ex;
}
#result_table {
    width: 100%;
    border-collapse: collapse;
    border: 1px solid #777;
}
#header_row {
    font-weight: bold;
    color: white;
    background-color: #777;
}
#result_table td {
    border: 1px solid #777;
    padding: 2px;
}
#total_row  { font-weight: bold; }
.passClass  { background-color: #6c6; }
.failClass  { background-color: #c60; }
.errorClass { background-color: #c00; }
.passCase   { color: #6c6; }
.failCase   { color: #c60; font-weight: bold; }
.errorCase  { color: #c00; font-weight: bold; }
.hiddenRow  { display: none; }
.testcase   { margin-left: 2em; }
td.testname {width: 40%}
td.small {width: 40px}

/* -- ending --------------------------------------------------------------- */
#ending {
}

</style>

</head>
<body>
<script language="javascript" type="text/javascript"><!--
output_list = Array();

/* level - 0:Summary; 1:Failed; 2:All */
function showCase(level) {
    trs = document.getElementsByTagName("tr");
    for (var i = 0; i < trs.length; i++) {
        tr = trs[i];
        id = tr.id;
        if (id.substr(0,2) == 'ft') {
            if (level < 1) {
                tr.className = 'hiddenRow';
            }
            else {
                tr.className = '';
            }
        }
        if (id.substr(0,2) == 'pt') {
            if (level > 1) {
                tr.className = '';
            }
            else {
                tr.className = 'hiddenRow';
            }
        }
    }
}


function showClassDetail(cid, count) {
    var id_list = Array(count);
    var toHide = 1;
    for (var i = 0; i < count; i++) {
        tid0 = 't' + cid.substr(1) + '.' + (i+1);
        tid = 'f' + tid0;
        tr = document.getElementById(tid);
        if (!tr) {
            tid = 'p' + tid0;
            tr = document.getElementById(tid);
        }
        id_list[i] = tid;
        if (tr.className) {
            toHide = 0;
        }
    }
    for (var i = 0; i < count; i++) {
        tid = id_list[i];
        if (toHide) {
            document.getElementById('div_'+tid).style.display = 'none'
            document.getElementById(tid).className = 'hiddenRow';
        }
        else {
            document.getElementById(tid).className = '';
        }
    }
}


function showTestDetail(div_id){
    var details_div = document.getElementById(div_id)
    var displayState = details_div.style.display
    // alert(displayState)
    if (displayState != 'block' ) {
        displayState = 'block'
        details_div.style.display = 'block'
    }
    else {
        details_div.style.display = 'none'
    }
}


function html_escape(s) {
    s = s.replace(/&/g,'&amp;');
    s = s.replace(/</g,'&lt;');
    s = s.replace(/>/g,'&gt;');
    return s;
}

/* obsoleted by detail in <div>
function showOutput(id, name) {
    var w = window.open("", //url
                    name,
                    "resizable,scrollbars,status,width=800,height=450");
    d = w.document;
    d.write("<pre>");
    d.write(html_escape(output_list[id]));
    d.write("\n");
    d.write("<a href='javascript:window.close()'>close</a>\n");
    d.write("</pre>\n");
    d.close();
}
*/
--></script>

<div class='heading'>
<h1>Unit Test Report</h1>

<p class='attribute'><strong>Status:</strong> Pass 1 Failure 7 Skip 1</p>

<p class='description'></p>
</div>



<p id='show_detail_line'>Show
<a href='javascript:showCase(0)'>Summary</a>
<a href='javascript:showCase(1)'>Failed</a>
<a href='javascript:showCase(2)'>All</a>
</p>
<table id='result_table'>
<colgroup>
<col align='left' />
<col align='right' />
<col align='right' />
<col align='right' />
<col align='right' />
<col align='right' />
<col align='right' />
<col align='right' />
</colgroup>
<tr id='header_row'>
    <td>Test Group/Test case</td>
    <td>Count</td>
    <td>Pass</td>
    <td>Fail</td>
    <td>Error</td>
    <td>Skip</td>
    <td>View</td>
    <td> </td>
</tr>

<tr class='failClass'>
    <td class="testname">tempest.scenario.test_network_basic_ops.TestNetworkBasicOps</td>
    <td class="small">9</td>
    <td class="small">1</td>
    <td class="small">7</td>
    <td class="small">0</td>
    <td class="small">1</td>
    <td class="small"><a href="javascript:showClassDetail('c1',9)"
>Detail</a></td>
    <td> </td>
</tr>

<tr id='ft1.1' class='none'>
    <td class='failCase'><div class='testcase'>test_connectivity_between_vms_on_different_networks[compute,id-1546850e-fbaa-42f5-8b5f-03d8a6a95f15,network]</div></td>
    <td colspan='7' align='left'>

    <!--css div popup start-->
    <a class="popup_link" onfocus='this.blur();'
    href="javascript:showTestDetail('div_ft1.1')" >
        fail</a>

    <div id='div_ft1.1' class="popup_window">
        <div style='text-align: right; color:red;cursor:pointer'>
        <a onfocus='this.blur();'
onclick="document.getElementById('div_ft1.1').style.display = 'none' " >
           [x]</a>
        </div>
        <pre>
        
ft1.1: tempest.scenario.test_network_basic_ops.TestNetworkBasicOps.test_connectivity_between_vms_on_different_networks[compute,id-1546850e-fbaa-42f5-8b5f-03d8a6a95f15,network]_StringException: Empty attachments:
  stderr
  stdout

pythonlogging:'': {{{
2016-01-06 03:06:21,834 6197 INFO     [tempest_lib.common.rest_client] Request (TestNetworkBasicOps:test_connectivity_between_vms_on_different_networks): 201 POST http://10.0.2.15:9696/v2.0/security-groups 0.375s
2016-01-06 03:06:21,835 6197 DEBUG    [tempest_lib.common.rest_client] Request - Headers: {'Content-Type': 'application/json', 'Accept': 'application/json', 'X-Auth-Token': '&lt;omitted&gt;'}
        Body: {"security_group": {"tenant_id": "cd0d162cf2564939b41204d58396fb9c", "description": "tempest-secgroup-smoke-341815328 description", "name": "tempest-secgroup-smoke-341815328"}}
    Response - Headers: {'status': '201', 'content-length': '886', 'connection': 'close', 'date': 'Wed, 06 Jan 2016 03:06:21 GMT', 'content-type': 'application/json; charset=UTF-8', 'x-openstack-request-id': 'req-b5093f15-e64d-4d0e-9d3c-5084c9543a59'}
        Body: {"security_group": {"tenant_id": "cd0d162cf2564939b41204d58396fb9c", "description": "tempest-secgroup-smoke-341815328 description", "id": "92c2c5d5-a1f3-4a83-9346-5816a252569f", "security_group_rules": [{"remote_group_id": null, "direction": "egress", "remote_ip_prefix": null, "protocol": null, "ethertype": "IPv4", "tenant_id": "cd0d162cf2564939b41204d58396fb9c", "port_range_max": null, "port_range_min": null, "id": "aa3571d1-f90c-4171-8336-c7cf9ed6365f", "security_group_id": "92c2c5d5-a1f3-4a83-9346-5816a252569f"}, {"remote_group_id": null, "direction": "egress", "remote_ip_prefix": null, "protocol": null, "ethertype": "IPv6", "tenant_id": "cd0d162cf2564939b41204d58396fb9c", "port_range_max": null, "port_range_min": null, "id": "6f8b4000-c0cf-4603-8eff-fed143fc2818", "security_group_id": "92c2c5d5-a1f3-4a83-9346-5816a252569f"}], "name": "tempest-secgroup-smoke-341815328"}}
2016-01-06 03:06:21,960 6197 INFO     [tempest_lib.common.rest_client] Request (TestNetworkBasicOps:test_connectivity_between_vms_on_different_networks): 201 POST http://10.0.2.15:9696/v2.0/security-group-rules 0.124s
2016-01-06 03:06:21,960 6197 DEBUG    [tempest_lib.common.rest_client] Request - Headers: {'Content-Type': 'application/json', 'Accept': 'application/json', 'X-Auth-Token': '&lt;omitted&gt;'}
        Body: {"security_group_rule": {"direction": "ingress", "protocol": "tcp", "tenant_id": "cd0d162cf2564939b41204d58396fb9c", "port_range_max": 22, "security_group_id": "92c2c5d5-a1f3-4a83-9346-5816a252569f", "port_range_min": 22}}
    Response - Headers: {'status': '201', 'content-length': '340', 'connection': 'close', 'date': 'Wed, 06 Jan 2016 03:06:21 GMT', 'content-type': 'application/json; charset=UTF-8', 'x-openstack-request-id': 'req-a6d006fc-cf97-4b75-8b8e-dca7f13f1e14'}
        Body: {"security_group_rule": {"remote_group_id": null, "direction": "ingress", "remote_ip_prefix": null, "protocol": "tcp", "ethertype": "IPv4", "tenant_id": "cd0d162cf2564939b41204d58396fb9c", "port_range_max": 22, "port_range_min": 22, "id": "18cf62bb-c473-4f5d-be25-c9869f098dc6", "security_group_id": "92c2c5d5-a1f3-4a83-9346-5816a252569f"}}
2016-01-06 03:06:22,085 6197 INFO     [tempest_lib.common.rest_client] Request (TestNetworkBasicOps:test_connectivity_between_vms_on_different_networks): 201 POST http://10.0.2.15:9696/v2.0/security-group-rules 0.123s
2016-01-06 03:06:22,085 6197 DEBUG    [tempest_lib.common.rest_client] Request - Headers: {'Content-Type': 'application/json', 'Accept': 'application/json', 'X-Auth-Token': '&lt;omitted&gt;'}
        Body: {"security_group_rule": {"direction": "egress", "protocol": "tcp", "tenant_id": "cd0d162cf2564939b41204d58396fb9c", "port_range_max": 22, "security_group_id": "92c2c5d5-a1f3-4a83-9346-5816a252569f", "port_range_min": 22}}
    Response - Headers: {'status': '201', 'content-length': '339', 'connection': 'close', 'date': 'Wed, 06 Jan 2016 03:06:22 GMT', 'content-type': 'application/json; charset=UTF-8', 'x-openstack-request-id': 'req-fda99903-bca8-43d8-896d-3cd4c099dd5a'}
        Body: {"security_group_rule": {"remote_group_id": null, "direction": "egress", "remote_ip_prefix": null, "protocol": "tcp", "ethertype": "IPv4", "tenant_id": "cd0d162cf2564939b41204d58396fb9c", "port_range_max": 22, "port_range_min": 22, "id": "676f0e68-a3ea-4674-9cfe-6697f45f9236", "security_group_id": "92c2c5d5-a1f3-4a83-9346-5816a252569f"}}
2016-01-06 03:06:22,205 6197 INFO     [tempest_lib.common.rest_client] Request (TestNetworkBasicOps:test_connectivity_between_vms_on_different_networks): 201 POST http://10.0.2.15:9696/v2.0/security-group-rules 0.118s
2016-01-06 03:06:22,206 6197 DEBUG    [tempest_lib.common.rest_client] Request - Headers: {'Content-Type': 'application/json', 'Accept': 'application/json', 'X-Auth-Token': '&lt;omitted&gt;'}
        Body: {"security_group_rule": {"tenant_id": "cd0d162cf2564939b41204d58396fb9c", "direction": "ingress", "protocol": "icmp", "security_group_id": "92c2c5d5-a1f3-4a83-9346-5816a252569f"}}
    Response - Headers: {'status': '201', 'content-length': '345', 'connection': 'close', 'date': 'Wed, 06 Jan 2016 03:06:22 GMT', 'content-type': 'application/json; charset=UTF-8', 'x-openstack-request-id': 'req-32f67c52-4b50-4073-9344-2c191f4cd409'}
        Body: {"security_group_rule": {"remote_group_id": null, "direction": "ingress", "remote_ip_prefix": null, "protocol": "icmp", "ethertype": "IPv4", "tenant_id": "cd0d162cf2564939b41204d58396fb9c", "port_range_max": null, "port_range_min": null, "id": "56341047-304e-4fce-9a2c-34fe0516723c", "security_group_id": "92c2c5d5-a1f3-4a83-9346-5816a252569f"}}
2016-01-06 03:06:22,326 6197 INFO     [tempest_lib.common.rest_client] Request (TestNetworkBasicOps:test_connectivity_between_vms_on_different_networks): 201 POST http://10.0.2.15:9696/v2.0/security-group-rules 0.119s
2016-01-06 03:06:22,327 6197 DEBUG    [tempest_lib.common.rest_client] Request - Headers: {'Content-Type': 'application/json', 'Accept': 'application/json', 'X-Auth-Token': '&lt;omitted&gt;'}
        Body: {"security_group_rule": {"tenant_id": "cd0d162cf2564939b41204d58396fb9c", "direction": "egress", "protocol": "icmp", "security_group_id": "92c2c5d5-a1f3-4a83-9346-5816a252569f"}}
    Response - Headers: {'status': '201', 'content-length': '344', 'connection': 'close', 'date': 'Wed, 06 Jan 2016 03:06:22 GMT', 'content-type': 'application/json; charset=UTF-8', 'x-openstack-request-id': 'req-9f9e4fed-ad9b-4b06-9e38-e7dd4647b3e7'}
        Body: {"security_group_rule": {"remote_group_id": null, "direction": "egress", "remote_ip_prefix": null, "protocol": "icmp", "ethertype": "IPv4", "tenant_id": "cd0d162cf2564939b41204d58396fb9c", "port_range_max": null, "port_range_min": null, "id": "993b0def-895b-42fd-a864-a37d68779a8e", "security_group_id": "92c2c5d5-a1f3-4a83-9346-5816a252569f"}}
2016-01-06 03:06:22,448 6197 INFO     [tempest_lib.common.rest_client] Request (TestNetworkBasicOps:test_connectivity_between_vms_on_different_networks): 201 POST http://10.0.2.15:9696/v2.0/security-group-rules 0.120s
2016-01-06 03:06:22,449 6197 DEBUG    [tempest_lib.common.rest_client] Request - Headers: {'Content-Type': 'application/json', 'Accept': 'application/json', 'X-Auth-Token': '&lt;omitted&gt;'}
        Body: {"security_group_rule": {"tenant_id": "cd0d162cf2564939b41204d58396fb9c", "direction": "ingress", "security_group_id": "92c2c5d5-a1f3-4a83-9346-5816a252569f", "protocol": "icmp", "ethertype": "IPv6"}}
    Response - Headers: {'status': '201', 'content-length': '345', 'connection': 'close', 'date': 'Wed, 06 Jan 2016 03:06:22 GMT', 'content-type': 'application/json; charset=UTF-8', 'x-openstack-request-id': 'req-1a64c75d-5982-4cfa-9a56-b083f4615527'}
        Body: {"security_group_rule": {"remote_group_id": null, "direction": "ingress", "remote_ip_prefix": null, "protocol": "icmp", "ethertype": "IPv6", "tenant_id": "cd0d162cf2564939b41204d58396fb9c", "port_range_max": null, "port_range_min": null, "id": "25834e14-7ac1-46c7-82be-a7e23af7a316", "security_group_id": "92c2c5d5-a1f3-4a83-9346-5816a252569f"}}
2016-01-06 03:06:22,567 6197 INFO     [tempest_lib.common.rest_client] Request (TestNetworkBasicOps:test_connectivity_between_vms_on_different_networks): 201 POST http://10.0.2.15:9696/v2.0/security-group-rules 0.117s
2016-01-06 03:06:22,568 6197 DEBUG    [tempest_lib.common.rest_client] Request - Headers: {'Content-Type': 'application/json', 'Accept': 'application/json', 'X-Auth-Token': '&lt;omitted&gt;'}
        Body: {"security_group_rule": {"tenant_id": "cd0d162cf2564939b41204d58396fb9c", "direction": "egress", "security_group_id": "92c2c5d5-a1f3-4a83-9346-5816a252569f", "protocol": "icmp", "ethertype": "IPv6"}}
    Response - Headers: {'status': '201', 'content-length': '344', 'connection': 'close', 'date': 'Wed, 06 Jan 2016 03:06:22 GMT', 'content-type': 'application/json; charset=UTF-8', 'x-openstack-request-id': 'req-c8401bc2-e792-4af3-8c37-8eea55d2fb95'}
        Body: {"security_group_rule": {"remote_group_id": null, "direction": "egress", "remote_ip_prefix": null, "protocol": "icmp", "ethertype": "IPv6", "tenant_id": "cd0d162cf2564939b41204d58396fb9c", "port_range_max": null, "port_range_min": null, "id": "cbc23205-fab8-4bb9-a67c-a515a3142e6e", "security_group_id": "92c2c5d5-a1f3-4a83-9346-5816a252569f"}}
2016-01-06 03:06:22,744 6197 INFO     [tempest_lib.common.rest_client] Request (TestNetworkBasicOps:test_connectivity_between_vms_on_different_networks): 201 POST http://10.0.2.15:9696/v2.0/networks 0.175s
2016-01-06 03:06:22,744 6197 DEBUG    [tempest_lib.common.rest_client] Request - Headers: {'Content-Type': 'application/json', 'Accept': 'application/json', 'X-Auth-Token': '&lt;omitted&gt;'}
        Body: {"network": {"tenant_id": "cd0d162cf2564939b41204d58396fb9c", "name": "tempest-network-smoke--1508943428"}}
    Response - Headers: {'status': '201', 'content-length': '327', 'connection': 'close', 'date': 'Wed, 06 Jan 2016 03:06:22 GMT', 'content-type': 'application/json; charset=UTF-8', 'x-openstack-request-id': 'req-930200df-1218-4653-adc7-d77a4ebd76cf'}
        Body: {"network": {"status": "ACTIVE", "subnets": [], "availability_zone_hints": [], "name": "tempest-network-smoke--1508943428", "admin_state_up": true, "tenant_id": "cd0d162cf2564939b41204d58396fb9c", "mtu": 0, "router:external": false, "shared": false, "port_security_enabled": true, "id": "4417eb2f-719e-4dfe-be72-05df13237d24"}}
2016-01-06 03:06:22,826 6197 INFO     [tempest_lib.common.rest_client] Request (TestNetworkBasicOps:test_connectivity_between_vms_on_different_networks): 201 POST http://10.0.2.15:9696/v2.0/routers 0.080s
2016-01-06 03:06:22,826 6197 DEBUG    [tempest_lib.common.rest_client] Request - Headers: {'Content-Type': 'application/json', 'Accept': 'application/json', 'X-Auth-Token': '&lt;omitted&gt;'}
        Body: {"router": {"tenant_id": "cd0d162cf2564939b41204d58396fb9c", "name": "tempest-router-smoke-580585937", "admin_state_up": true}}
    Response - Headers: {'status': '201', 'content-length': '295', 'connection': 'close', 'date': 'Wed, 06 Jan 2016 03:06:22 GMT', 'content-type': 'application/json; charset=UTF-8', 'x-openstack-request-id': 'req-59eba071-5b5d-415e-89ca-8fb2154c79e7'}
        Body: {"router": {"status": "ACTIVE", "external_gateway_info": null, "availability_zone_hints": [], "availability_zones": [], "name": "tempest-router-smoke-580585937", "admin_state_up": true, "tenant_id": "cd0d162cf2564939b41204d58396fb9c", "routes": [], "id": "156684d5-e393-40dd-a562-d9e28ffee94e"}}
2016-01-06 03:06:23,027 6197 INFO     [tempest_lib.common.rest_client] Request (TestNetworkBasicOps:test_connectivity_between_vms_on_different_networks): 200 GET http://10.0.2.15:9696/v2.0/routers/156684d5-e393-40dd-a562-d9e28ffee94e 0.199s
2016-01-06 03:06:23,027 6197 DEBUG    [tempest_lib.common.rest_client] Request - Headers: {'Content-Type': 'application/json', 'Accept': 'application/json', 'X-Auth-Token': '&lt;omitted&gt;'}
        Body: None
    Response - Headers: {'status': '200', 'content-length': '295', 'content-location': 'http://10.0.2.15:9696/v2.0/routers/156684d5-e393-40dd-a562-d9e28ffee94e', 'connection': 'close', 'date': 'Wed, 06 Jan 2016 03:06:23 GMT', 'content-type': 'application/json; charset=UTF-8', 'x-openstack-request-id': 'req-c96b26c3-82ac-4d28-bb54-3a5174872735'}
        Body: {"router": {"status": "ACTIVE", "external_gateway_info": null, "availability_zone_hints": [], "availability_zones": [], "name": "tempest-router-smoke-580585937", "admin_state_up": true, "tenant_id": "cd0d162cf2564939b41204d58396fb9c", "routes": [], "id": "156684d5-e393-40dd-a562-d9e28ffee94e"}}
2016-01-06 03:06:23,825 6197 INFO     [tempest_lib.common.rest_client] Request (TestNetworkBasicOps:test_connectivity_between_vms_on_different_networks): 200 PUT http://10.0.2.15:9696/v2.0/routers/156684d5-e393-40dd-a562-d9e28ffee94e 0.796s
2016-01-06 03:06:23,825 6197 DEBUG    [tempest_lib.common.rest_client] Request - Headers: {'Content-Type': 'application/json', 'Accept': 'application/json', 'X-Auth-Token': '&lt;omitted&gt;'}
        Body: {"router": {"external_gateway_info": {"network_id": "10071dbe-36ae-4fc6-bd64-3df840344e6e"}, "name": "tempest-router-smoke-580585937", "admin_state_up": true}}
    Response - Headers: {'status': '200', 'content-length': '557', 'connection': 'close', 'date': 'Wed, 06 Jan 2016 03:06:23 GMT', 'content-type': 'application/json; charset=UTF-8', 'x-openstack-request-id': 'req-b4686454-1280-4b49-b6c1-c67377621bdc'}
        Body: {"router": {"status": "ACTIVE", "external_gateway_info": {"network_id": "10071dbe-36ae-4fc6-bd64-3df840344e6e", "enable_snat": true, "external_fixed_ips": [{"subnet_id": "e9f0f5a7-0e63-43b0-8d5f-a445308c7ae5", "ip_address": "172.24.4.3"}, {"subnet_id": "f2efa088-18a1-4749-bdb9-f63c5e7c5efa", "ip_address": "2001:db8::3"}]}, "availability_zone_hints": [], "availability_zones": [], "name": "tempest-router-smoke-580585937", "admin_state_up": true, "tenant_id": "cd0d162cf2564939b41204d58396fb9c", "routes": [], "id": "156684d5-e393-40dd-a562-d9e28ffee94e"}}
2016-01-06 03:06:23,981 6197 INFO     [tempest_lib.common.rest_client] Request (TestNetworkBasicOps:test_connectivity_between_vms_on_different_networks): 200 GET http://10.0.2.15:9696/v2.0/subnets?tenant_id=cd0d162cf2564939b41204d58396fb9c&amp;cidr=10.100.0.0%2F28 0.154s
2016-01-06 03:06:23,981 6197 DEBUG    [tempest_lib.common.rest_client] Request - Headers: {'Content-Type': 'application/json', 'Accept': 'application/json', 'X-Auth-Token': '&lt;omitted&gt;'}
        Body: None
    Response - Headers: {'status': '200', 'content-length': '15', 'content-location': 'http://10.0.2.15:9696/v2.0/subnets?tenant_id=cd0d162cf2564939b41204d58396fb9c&amp;cidr=10.100.0.0%2F28', 'connection': 'close', 'date': 'Wed, 06 Jan 2016 03:06:23 GMT', 'content-type': 'application/json; charset=UTF-8', 'x-openstack-request-id': 'req-c875962a-875e-4ce0-b406-499241758556'}
        Body: {"subnets": []}
2016-01-06 03:06:24,310 6197 INFO     [tempest_lib.common.rest_client] Request (TestNetworkBasicOps:test_connectivity_between_vms_on_different_networks): 201 POST http://10.0.2.15:9696/v2.0/subnets 0.327s
2016-01-06 03:06:24,310 6197 DEBUG    [tempest_lib.common.rest_client] Request - Headers: {'Content-Type': 'application/json', 'Accept': 'application/json', 'X-Auth-Token': '&lt;omitted&gt;'}
        Body: {"subnet": {"ip_version": 4, "tenant_id": "cd0d162cf2564939b41204d58396fb9c", "cidr": "10.100.0.0/28", "network_id": "4417eb2f-719e-4dfe-be72-05df13237d24", "name": "tempest-subnet-smoke-148387565"}}
    Response - Headers: {'status': '201', 'content-length': '477', 'connection': 'close', 'date': 'Wed, 06 Jan 2016 03:06:24 GMT', 'content-type': 'application/json; charset=UTF-8', 'x-openstack-request-id': 'req-d2af8d43-6c32-4f76-982c-1a7a208931d6'}
        Body: {"subnet": {"name": "tempest-subnet-smoke-148387565", "enable_dhcp": true, "network_id": "4417eb2f-719e-4dfe-be72-05df13237d24", "tenant_id": "cd0d162cf2564939b41204d58396fb9c", "dns_nameservers": [], "gateway_ip": "10.100.0.1", "ipv6_ra_mode": null, "allocation_pools": [{"start": "10.100.0.2", "end": "10.100.0.14"}], "host_routes": [], "ip_version": 4, "ipv6_address_mode": null, "cidr": "10.100.0.0/28", "id": "163305a0-5a52-496c-9d20-3483abd03bad", "subnetpool_id": null}}
2016-01-06 03:06:24,962 6197 INFO     [tempest_lib.common.rest_client] Request (TestNetworkBasicOps:test_connectivity_between_vms_on_different_networks): 200 PUT http://10.0.2.15:9696/v2.0/routers/156684d5-e393-40dd-a562-d9e28ffee94e/add_router_interface 0.650s
2016-01-06 03:06:24,963 6197 DEBUG    [tempest_lib.common.rest_client] Request - Headers: {'Content-Type': 'application/json', 'Accept': 'application/json', 'X-Auth-Token': '&lt;omitted&gt;'}
        Body: {"subnet_id": "163305a0-5a52-496c-9d20-3483abd03bad"}
    Response - Headers: {'status': '200', 'content-length': '255', 'connection': 'close', 'date': 'Wed, 06 Jan 2016 03:06:24 GMT', 'content-type': 'application/json; charset=UTF-8', 'x-openstack-request-id': 'req-8dc09837-7fc2-4360-8133-9412b1e556dc'}
        Body: {"subnet_id": "163305a0-5a52-496c-9d20-3483abd03bad", "tenant_id": "cd0d162cf2564939b41204d58396fb9c", "subnet_ids": ["163305a0-5a52-496c-9d20-3483abd03bad"], "port_id": "633c1c56-cf9c-4e1d-8c66-1eacaa79a3ba", "id": "156684d5-e393-40dd-a562-d9e28ffee94e"}
2016-01-06 03:06:25,020 6197 INFO     [tempest_lib.common.rest_client] Request (TestNetworkBasicOps:test_connectivity_between_vms_on_different_networks): 200 GET http://10.0.2.15:9696/v2.0/networks 0.056s
2016-01-06 03:06:25,020 6197 DEBUG    [tempest_lib.common.rest_client] Request - Headers: {'Content-Type': 'application/json', 'Accept': 'application/json', 'X-Auth-Token': '&lt;omitted&gt;'}
        Body: None
    Response - Headers: {'status': '200', 'content-length': '1507', 'content-location': 'http://10.0.2.15:9696/v2.0/networks', 'connection': 'close', 'date': 'Wed, 06 Jan 2016 03:06:25 GMT', 'content-type': 'application/json; charset=UTF-8', 'x-openstack-request-id': 'req-0c2a8c31-359f-4ede-bb05-ff4ccd33025c'}
        Body: {"networks": [{"status": "ACTIVE", "subnets": ["163305a0-5a52-496c-9d20-3483abd03bad"], "availability_zone_hints": [], "availability_zones": ["nova"], "name": "tempest-network-smoke--1508943428", "provider:physical_network": null, "admin_state_up": true, "tenant_id": "cd0d162cf2564939b41204d58396fb9c", "mtu": 0, "router:external": false, "shared": false, "port_security_enabled": true, "provider:network_type": "vxlan", "id": "4417eb2f-719e-4dfe-be72-05df13237d24", "provider:segmentation_id": 1065}, {"status": "ACTIVE", "subnets": ["f2efa088-18a1-4749-bdb9-f63c5e7c5efa", "e9f0f5a7-0e63-43b0-8d5f-a445308c7ae5"], "availability_zone_hints": [], "availability_zones": ["nova"], "name": "public", "provider:physical_network": null, "admin_state_up": true, "tenant_id": "a906b1943cb44763a0dc05d3d8ba9fee", "mtu": 0, "router:external": true, "shared": false, "port_security_enabled": true, "provider:network_type": "vxlan", "id": "10071dbe-36ae-4fc6-bd64-3df840344e6e", "provider:segmentation_id": 1051}, {"status": "ACTIVE", "subnets": ["9cdea2b3-6f0e-420e-a86d-2e9b503cd6ed", "8e33e694-83a7-4ce9-9d1f-7042f6653514"], "availability_zone_hints": [], "availability_zones": ["nova"], "name": "private", "provider:physical_network": null, "admin_state_up": true, "tenant_id": "7f60a887afa14c8c81635280737bd033", "mtu": 0, "router:external": false, "shared": false, "port_security_enabled": true, "provider:network_type": "vxlan", "id": "88470f6f-764a-48af-ad29-e08fae620d83", "provider:segmentation_id": 1027}]}
2016-01-06 03:06:25,232 6197 INFO     [tempest_lib.common.rest_client] Request (TestNetworkBasicOps:test_connectivity_between_vms_on_different_networks): 200 GET http://10.0.2.15:9696/v2.0/subnets 0.210s
2016-01-06 03:06:25,232 6197 DEBUG    [tempest_lib.common.rest_client] Request - Headers: {'Content-Type': 'application/json', 'Accept': 'application/json', 'X-Auth-Token': '&lt;omitted&gt;'}
        Body: None
    Response - Headers: {'status': '200', 'content-length': '2407', 'content-location': 'http://10.0.2.15:9696/v2.0/subnets', 'connection': 'close', 'date': 'Wed, 06 Jan 2016 03:06:25 GMT', 'content-type': 'application/json; charset=UTF-8', 'x-openstack-request-id': 'req-a49803a4-2a62-47a2-b085-9a59ef76093b'}
        Body: {"subnets": [{"name": "private-subnet", "enable_dhcp": true, "network_id": "88470f6f-764a-48af-ad29-e08fae620d83", "tenant_id": "7f60a887afa14c8c81635280737bd033", "dns_nameservers": [], "gateway_ip": "10.0.0.1", "ipv6_ra_mode": null, "allocation_pools": [{"start": "10.0.0.2", "end": "10.0.0.254"}], "host_routes": [], "ip_version": 4, "ipv6_address_mode": null, "cidr": "10.0.0.0/24", "id": "9cdea2b3-6f0e-420e-a86d-2e9b503cd6ed", "subnetpool_id": null}, {"name": "ipv6-private-subnet", "enable_dhcp": true, "network_id": "88470f6f-764a-48af-ad29-e08fae620d83", "tenant_id": "7f60a887afa14c8c81635280737bd033", "dns_nameservers": [], "gateway_ip": "fd8f:2857:8b20::1", "ipv6_ra_mode": "slaac", "allocation_pools": [{"start": "fd8f:2857:8b20::2", "end": "fd8f:2857:8b20:0:ffff:ffff:ffff:ffff"}], "host_routes": [], "ip_version": 6, "ipv6_address_mode": "slaac", "cidr": "fd8f:2857:8b20::/64", "id": "8e33e694-83a7-4ce9-9d1f-7042f6653514", "subnetpool_id": null}, {"name": "ipv6-public-subnet", "enable_dhcp": false, "network_id": "10071dbe-36ae-4fc6-bd64-3df840344e6e", "tenant_id": "a906b1943cb44763a0dc05d3d8ba9fee", "dns_nameservers": [], "gateway_ip": "2001:db8::2", "ipv6_ra_mode": null, "allocation_pools": [{"start": "2001:db8::3", "end": "2001:db8::ffff:ffff:ffff:ffff"}, {"start": "2001:db8::1", "end": "2001:db8::1"}], "host_routes": [], "ip_version": 6, "ipv6_address_mode": null, "cidr": "2001:db8::/64", "id": "f2efa088-18a1-4749-bdb9-f63c5e7c5efa", "subnetpool_id": null}, {"name": "tempest-subnet-smoke-148387565", "enable_dhcp": true, "network_id": "4417eb2f-719e-4dfe-be72-05df13237d24", "tenant_id": "cd0d162cf2564939b41204d58396fb9c", "dns_nameservers": [], "gateway_ip": "10.100.0.1", "ipv6_ra_mode": null, "allocation_pools": [{"start": "10.100.0.2", "end": "10.100.0.14"}], "host_routes": [], "ip_version": 4, "ipv6_address_mode": null, "cidr": "10.100.0.0/28", "id": "163305a0-5a52-496c-9d20-3483abd03bad", "subnetpool_id": null}, {"name": "public-subnet", "enable_dhcp": false, "network_id": "10071dbe-36ae-4fc6-bd64-3df840344e6e", "tenant_id": "a906b1943cb44763a0dc05d3d8ba9fee", "dns_nameservers": [], "gateway_ip": "172.24.4.1", "ipv6_ra_mode": null, "allocation_pools": [{"start": "172.24.4.2", "end": "172.24.4.254"}], "host_routes": [], "ip_version": 4, "ipv6_address_mode": null, "cidr": "172.24.4.0/24", "id": "e9f0f5a7-0e63-43b0-8d5f-a445308c7ae5", "subnetpool_id": null}]}
2016-01-06 03:06:25,289 6197 INFO     [tempest_lib.common.rest_client] Request (TestNetworkBasicOps:test_connectivity_between_vms_on_different_networks): 200 GET http://10.0.2.15:9696/v2.0/routers 0.055s
2016-01-06 03:06:25,290 6197 DEBUG    [tempest_lib.common.rest_client] Request - Headers: {'Content-Type': 'application/json', 'Accept': 'application/json', 'X-Auth-Token': '&lt;omitted&gt;'}
        Body: None
    Response - Headers: {'status': '200', 'content-length': '1166', 'content-location': 'http://10.0.2.15:9696/v2.0/routers', 'connection': 'close', 'date': 'Wed, 06 Jan 2016 03:06:25 GMT', 'content-type': 'application/json; charset=UTF-8', 'x-openstack-request-id': 'req-fd1e53e7-0a20-4dbe-a851-65dbf6ab4aac'}
        Body: {"routers": [{"status": "ACTIVE", "external_gateway_info": {"network_id": "10071dbe-36ae-4fc6-bd64-3df840344e6e", "enable_snat": true, "external_fixed_ips": [{"subnet_id": "e9f0f5a7-0e63-43b0-8d5f-a445308c7ae5", "ip_address": "172.24.4.3"}, {"subnet_id": "f2efa088-18a1-4749-bdb9-f63c5e7c5efa", "ip_address": "2001:db8::3"}]}, "availability_zone_hints": [], "availability_zones": ["nova"], "name": "tempest-router-smoke-580585937", "admin_state_up": true, "tenant_id": "cd0d162cf2564939b41204d58396fb9c", "distributed": false, "routes": [], "ha": false, "id": "156684d5-e393-40dd-a562-d9e28ffee94e"}, {"status": "ACTIVE", "external_gateway_info": {"network_id": "10071dbe-36ae-4fc6-bd64-3df840344e6e", "enable_snat": true, "external_fixed_ips": [{"subnet_id": "e9f0f5a7-0e63-43b0-8d5f-a445308c7ae5", "ip_address": "172.24.4.2"}, {"subnet_id": "f2efa088-18a1-4749-bdb9-f63c5e7c5efa", "ip_address": "2001:db8::1"}]}, "availability_zone_hints": [], "availability_zones": ["nova"], "name": "router1", "admin_state_up": true, "tenant_id": "7f60a887afa14c8c81635280737bd033", "distributed": false, "routes": [], "ha": false, "id": "5071a503-09c8-4ca0-8f70-f7ff87a85218"}]}
2016-01-06 03:06:25,914 6197 INFO     [tempest_lib.common.rest_client] Request (TestNetworkBasicOps:test_connectivity_between_vms_on_different_networks): 200 POST http://10.0.2.15:8774/v2.1/cd0d162cf2564939b41204d58396fb9c/os-keypairs 0.622s
2016-01-06 03:06:25,914 6197 DEBUG    [tempest_lib.common.rest_client] Request - Headers: {'Content-Type': 'application/json', 'Accept': 'application/json', 'X-Auth-Token': '&lt;omitted&gt;'}
        Body: {"keypair": {"name": "tempest-TestNetworkBasicOps-632682926"}}
    Response - Headers: {'status': '200', 'content-length': '2320', 'x-compute-request-id': 'req-370094c2-21b9-42e2-a960-c35b0a694615', 'vary': 'X-OpenStack-Nova-API-Version', 'connection': 'close', 'x-openstack-nova-api-version': '2.1', 'date': 'Wed, 06 Jan 2016 03:06:25 GMT', 'content-type': 'application/json'}
        Body: {"keypair": {"public_key": "ssh-rsa AAAAB3NzaC1yc2EAAAADAQABAAABAQC7LAIeQ4vjMH1OQEHTj2sHI86twk1eHVEep3I/wfx6rAgjjQJ+7Km8NTM0y87R96TSqYJ0KK8OzKqYjRVER/Fb16+NAXK4CamwRaTV4SW5I7a84ym/XZg21MNpLRVUwEh4mEFG8eNR5ssLqqcpS5VBv1j9J9RaqYMJhpylaRmOG5PyEUily+69I9mnvnKdhfkSfjjomeQrGRbVikvM+9hHTIZ2ezURwsJ/YFEYtUf2tu1fgrBE4EPmnEvIw8XVLFUBYUovi9g3mTkV1P9LT39TI7C3MbYBX3XvDq7FWGWcQ60SEN+O4GSsvISaB//iba9ge+b4f556+SWIm60uQuyb Generated-by-Nova", "private_key": "-----BEGIN RSA PRIVATE KEY-----\nMIIEqAIBAAKCAQEAuywCHkOL4zB9TkBB049rByPOrcJNXh1RHqdyP8H8eqwII40C\nfuypvDUzNMvO0fek0qmCdCivDsyqmI0VREfxW9evjQFyuAmpsEWk1eEluSO2vOMp\nv12YNtTDaS0VVMBIeJhBRvHjUebLC6qnKUuVQb9Y/SfUWqmDCYacpWkZjhuT8hFI\npcvuvSPZp75ynYX5En446JnkKxkW1YpLzPvYR0yGdns1EcLCf2BRGLVH9rbtX4Kw\nROBD5pxLyMPF1SxVAWFKL4vYN5k5FdT/S09/UyOwtzG2AV917w6uxVhlnEOtEhDf\njuBkrLyEmgf/4m2vYHvm+H+eevkliJutLkLsmwIDAQABAoIBABsbJXdiititBgiW\nD7Jmu7Y9/kl1sSSnFD9fOpF3M2xEi60yV6Ev/ujNv4uu1FXeClWjzMurtKZtB2uu\nSt0nmhGV68t84TM72wI3I8cBoyfrvyQdtccL8+ZE68PIjqVGb3hffFyc3THYPaGD\n5k95rbTm1CldYkh68gooH3lo/hVxMwGZzN+qW8P4vrv+WYjMfATGmSQMEi7IMfWR\nrAru20HPWvEryd3H4Sx270I/rsiREdRkjlrV4sOVI3whF+Z3prkTx/01zsDWo0mg\nnFsKXKMdViHTFT+AtcRlupS+lR2Blm5h+ab45lnAZur/o+yochHh7kFGegFDbCz9\nCN3/XTECggCBAL89uMNkVkQdIdiQclJV3mydwPxHpJ70thBjCjkeLtzIDnBWXARu\nO4/NSrcWNupY0v4B9adfrJO0QXmU/8CkAPNkO5GtxkI8GPXhEVn6AJX8fYp+h3DR\n7IEghcwT9rax9h0/FcobpgugaVbyhUa3dyr42+DFw8TZB5qjEIbeUQAJAoIAgQD6\njYl2rYHEBk1myTVfqYnpDApomqrtQfmYUrxy5+e1G1F8lNdHeDCCHyILJ/zQWlPB\nClskQyRg4jiJZSM0+RPvy6KTm7LCf06hAsJZ/dyU+zYmrPCIYtVmcNgo1jH40ZOq\nhzPxF48dcogwZQ+vlZqZz/u6eskj5WQqZ0cS6vqogwKCAIAfRF0f/RipnEW7XaqD\nUazC/2vdE22T25ikxzyVqByrVj4eGdCDnO46DauIkaY63HjqtLFQQzE5GQCXe0fx\nXB8XrCydHddLXv4JvVmT528PFrAD47oLNRdA6WtWuXDd3+zITVcnqyuTvQ9b+tzV\neguOyA9TCaJ/XaiDnOOH2XNO2QKCAIB9wJ4W15zCwxsEFMbaHaCfPDDZMY/Khwt7\n/UKiNWzhRDXQ3m9yaouGM5QFn2tPM5bH06fM+nn+umv/4agbBUyRVVZi2YmN/xF6\n1ISxYC3fBHq4TKJpAZnz0X1cea0ZIi8ILtXOErH86KgcCg0mZmLzAiVpAgmEH7T3\nZ2CPySpHewKCAIEAtO/C8cwLNB+jNL/H/CKKL8D6iZTrBkUZX02VRkwV8pZiJUSp\nZoP48yetLhcYasxexJRk0SWc+w70kvZYbl+OxRU/3zQrqm06Cv+VxP8Wvdt4UEId\n1PCp5KYY46jGtG+8PYuNdYW3DJxckLE7JU4MVOZN73mc76NHHEfkMjFUrSc=\n-----END RSA PRIVATE KEY-----\n", "user_id": "46d894af88d246b3b857419f1866c2c5", "name": "tempest-TestNetworkBasicOps-632682926", "fingerprint": "77:44:09:bf:30:ee:4d:43:1f:71:22:1a:16:79:c9:93"}}
2016-01-06 03:06:26,016 6197 INFO     [tempest_lib.common.rest_client] Request (TestNetworkBasicOps:test_connectivity_between_vms_on_different_networks): 200 POST http://10.0.2.15:5000/v2.0/tokens
2016-01-06 03:06:26,016 6197 DEBUG    [tempest_lib.common.rest_client] Request - Headers: {'Content-Type': 'application/json', 'Accept': 'application/json'}
        Body: &lt;omitted&gt;
    Response - Headers: {'status': '200', 'content-length': '2271', 'vary': 'X-Auth-Token', 'server': 'Apache/2.4.7 (Ubuntu)', 'connection': 'close', 'date': 'Wed, 06 Jan 2016 03:06:25 GMT', 'content-type': 'application/json', 'x-openstack-request-id': 'req-26b4cc06-7683-433a-b4cc-2f0f57321441'}
        Body: {"access": {"token": {"issued_at": "2016-01-06T03:06:26.007907", "expires": "2016-01-06T04:06:25Z", "id": "f2fc2a6144fb41c08765058cae88e407", "tenant": {"description": "tempest-TestNetworkBasicOps-697112252-desc", "enabled": true, "id": "cd0d162cf2564939b41204d58396fb9c", "name": "tempest-TestNetworkBasicOps-697112252"}, "audit_ids": ["3HJRGeWeQYqVSedcm36D6g"]}, "serviceCatalog": [{"endpoints": [{"adminURL": "http://10.0.2.15:9292", "region": "RegionOne", "internalURL": "http://10.0.2.15:9292", "id": "3133ab5e5b8f479e85193ad2fd3772ee", "publicURL": "http://10.0.2.15:9292"}], "endpoints_links": [], "type": "image", "name": "glance"}, {"endpoints": [{"adminURL": "http://10.0.2.15:8774/v2.1/cd0d162cf2564939b41204d58396fb9c", "region": "RegionOne", "internalURL": "http://10.0.2.15:8774/v2.1/cd0d162cf2564939b41204d58396fb9c", "id": "4ea65250578845c4809de0738c6a548f", "publicURL": "http://10.0.2.15:8774/v2.1/cd0d162cf2564939b41204d58396fb9c"}], "endpoints_links": [], "type": "compute", "name": "nova"}, {"endpoints": [{"adminURL": "http://10.0.2.15:9696/", "region": "RegionOne", "internalURL": "http://10.0.2.15:9696/", "id": "01b700b189464a5b8babf8ea955a78e7", "publicURL": "http://10.0.2.15:9696/"}], "endpoints_links": [], "type": "network", "name": "neutron"}, {"endpoints": [{"adminURL": "http://10.0.2.15:35357/v2.0", "region": "RegionOne", "internalURL": "http://10.0.2.15:5000/v2.0", "id": "79d10e709d30429f8d3ebc189492d27f", "publicURL": "http://10.0.2.15:5000/v2.0"}], "endpoints_links": [], "type": "identity", "name": "keystone"}, {"endpoints": [{"adminURL": "http://10.0.2.15:8774/v2/cd0d162cf2564939b41204d58396fb9c", "region": "RegionOne", "internalURL": "http://10.0.2.15:8774/v2/cd0d162cf2564939b41204d58396fb9c", "id": "3274ac2a9997437a8befcbf4292089a0", "publicURL": "http://10.0.2.15:8774/v2/cd0d162cf2564939b41204d58396fb9c"}], "endpoints_links": [], "type": "compute_legacy", "name": "nova_legacy"}], "user": {"username": "tempest-TestNetworkBasicOps-715323339", "roles_links": [], "id": "46d894af88d246b3b857419f1866c2c5", "roles": [{"name": "_member_"}, {"name": "Member"}], "name": "tempest-TestNetworkBasicOps-715323339"}, "metadata": {"is_admin": 0, "roles": ["9fe2ff9ee4384b1894a90878d3e92bab", "30b098eb89074b4eb61b690118442847"]}}}
2016-01-06 03:06:26,020 6197 DEBUG    [tempest.common.fixed_network] (TestNetworkBasicOps:test_connectivity_between_vms_on_different_networks) No valid network provided or created, defaulting to fixed_network_name
2016-01-06 03:06:26,322 6197 INFO     [tempest_lib.common.rest_client] Request (TestNetworkBasicOps:test_connectivity_between_vms_on_different_networks): 200 GET http://10.0.2.15:8774/v2.1/cd0d162cf2564939b41204d58396fb9c/os-networks 0.301s
2016-01-06 03:06:26,322 6197 DEBUG    [tempest_lib.common.rest_client] Request - Headers: {'Content-Type': 'application/json', 'Accept': 'application/json', 'X-Auth-Token': '&lt;omitted&gt;'}
        Body: None
    Response - Headers: {'status': '200', 'content-length': '479', 'content-location': 'http://10.0.2.15:8774/v2.1/cd0d162cf2564939b41204d58396fb9c/os-networks', 'x-compute-request-id': 'req-9775d02f-d916-4b2f-a960-a787ef6b9f1c', 'vary': 'X-OpenStack-Nova-API-Version', 'connection': 'close', 'x-openstack-nova-api-version': '2.1', 'date': 'Wed, 06 Jan 2016 03:06:26 GMT', 'content-type': 'application/json'}
        Body: {"networks": [{"cidr_v6": null, "dns2": null, "dns1": null, "gateway": null, "broadcast": null, "netmask": null, "gateway_v6": null, "cidr": null, "label": "tempest-network-smoke--1508943428", "id": "4417eb2f-719e-4dfe-be72-05df13237d24", "netmask_v6": null}, {"cidr_v6": null, "dns2": null, "dns1": null, "gateway": null, "broadcast": null, "netmask": null, "gateway_v6": null, "cidr": null, "label": "public", "id": "10071dbe-36ae-4fc6-bd64-3df840344e6e", "netmask_v6": null}]}
2016-01-06 03:06:26,323 6197 WARNING  [tempest.common.fixed_network] (TestNetworkBasicOps:test_connectivity_between_vms_on_different_networks) Network with name: private not found
2016-01-06 03:06:26,323 6197 INFO     [tempest.common.fixed_network] (TestNetworkBasicOps:test_connectivity_between_vms_on_different_networks) Found network {} available for tenant
2016-01-06 03:06:27,817 6197 INFO     [tempest_lib.common.rest_client] Request (TestNetworkBasicOps:test_connectivity_between_vms_on_different_networks): 202 POST http://10.0.2.15:8774/v2.1/cd0d162cf2564939b41204d58396fb9c/servers 1.493s
2016-01-06 03:06:27,818 6197 DEBUG    [tempest_lib.common.rest_client] Request - Headers: {'Content-Type': 'application/json', 'Accept': 'application/json', 'X-Auth-Token': '&lt;omitted&gt;'}
        Body: {"server": {"name": "tempest.common.compute-instance-286711471", "imageRef": "76a7396b-8b61-4d3a-b2dc-4b5133f008d5", "key_name": "tempest-TestNetworkBasicOps-632682926", "flavorRef": "42", "networks": [{"uuid": "4417eb2f-719e-4dfe-be72-05df13237d24"}], "security_groups": [{"name": "tempest-secgroup-smoke-341815328"}]}}
    Response - Headers: {'status': '202', 'content-length': '461', 'x-compute-request-id': 'req-9be4d856-5ddd-4be5-98a9-bcac72cdb592', 'vary': 'X-OpenStack-Nova-API-Version', 'connection': 'close', 'location': 'http://10.0.2.15:8774/v2.1/cd0d162cf2564939b41204d58396fb9c/servers/22e26941-ed68-44f3-819b-3b1efa0b91cf', 'x-openstack-nova-api-version': '2.1', 'date': 'Wed, 06 Jan 2016 03:06:27 GMT', 'content-type': 'application/json'}
        Body: {"server": {"security_groups": [{"name": "tempest-secgroup-smoke-341815328"}], "OS-DCF:diskConfig": "MANUAL", "id": "22e26941-ed68-44f3-819b-3b1efa0b91cf", "links": [{"href": "http://10.0.2.15:8774/v2.1/cd0d162cf2564939b41204d58396fb9c/servers/22e26941-ed68-44f3-819b-3b1efa0b91cf", "rel": "self"}, {"href": "http://10.0.2.15:8774/cd0d162cf2564939b41204d58396fb9c/servers/22e26941-ed68-44f3-819b-3b1efa0b91cf", "rel": "bookmark"}], "adminPass": "cndaM4oR8KgS"}}
2016-01-06 03:06:27,970 6197 INFO     [tempest_lib.common.rest_client] Request (TestNetworkBasicOps:test_connectivity_between_vms_on_different_networks): 200 GET http://10.0.2.15:8774/v2.1/cd0d162cf2564939b41204d58396fb9c/servers/22e26941-ed68-44f3-819b-3b1efa0b91cf 0.149s
2016-01-06 03:06:27,970 6197 DEBUG    [tempest_lib.common.rest_client] Request - Headers: {'Content-Type': 'application/json', 'Accept': 'application/json', 'X-Auth-Token': '&lt;omitted&gt;'}
        Body: None
    Response - Headers: {'status': '200', 'content-length': '1354', 'content-location': 'http://10.0.2.15:8774/v2.1/cd0d162cf2564939b41204d58396fb9c/servers/22e26941-ed68-44f3-819b-3b1efa0b91cf', 'x-compute-request-id': 'req-3d0a553f-7122-4ec1-861a-bd9081eade9d', 'vary': 'X-OpenStack-Nova-API-Version', 'connection': 'close', 'x-openstack-nova-api-version': '2.1', 'date': 'Wed, 06 Jan 2016 03:06:27 GMT', 'content-type': 'application/json'}
        Body: {"server": {"status": "BUILD", "updated": "2016-01-06T03:06:27Z", "hostId": "", "addresses": {}, "links": [{"href": "http://10.0.2.15:8774/v2.1/cd0d162cf2564939b41204d58396fb9c/servers/22e26941-ed68-44f3-819b-3b1efa0b91cf", "rel": "self"}, {"href": "http://10.0.2.15:8774/cd0d162cf2564939b41204d58396fb9c/servers/22e26941-ed68-44f3-819b-3b1efa0b91cf", "rel": "bookmark"}], "key_name": "tempest-TestNetworkBasicOps-632682926", "image": {"id": "76a7396b-8b61-4d3a-b2dc-4b5133f008d5", "links": [{"href": "http://10.0.2.15:8774/cd0d162cf2564939b41204d58396fb9c/images/76a7396b-8b61-4d3a-b2dc-4b5133f008d5", "rel": "bookmark"}]}, "OS-EXT-STS:task_state": "scheduling", "OS-EXT-STS:vm_state": "building", "OS-SRV-USG:launched_at": null, "flavor": {"id": "42", "links": [{"href": "http://10.0.2.15:8774/cd0d162cf2564939b41204d58396fb9c/flavors/42", "rel": "bookmark"}]}, "id": "22e26941-ed68-44f3-819b-3b1efa0b91cf", "OS-SRV-USG:terminated_at": null, "OS-EXT-AZ:availability_zone": "", "user_id": "46d894af88d246b3b857419f1866c2c5", "name": "tempest.common.compute-instance-286711471", "created": "2016-01-06T03:06:27Z", "tenant_id": "cd0d162cf2564939b41204d58396fb9c", "OS-DCF:diskConfig": "MANUAL", "os-extended-volumes:volumes_attached": [], "accessIPv4": "", "accessIPv6": "", "progress": 0, "OS-EXT-STS:power_state": 0, "config_drive": "", "metadata": {}}}
2016-01-06 03:06:29,362 6197 INFO     [tempest_lib.common.rest_client] Request (TestNetworkBasicOps:test_connectivity_between_vms_on_different_networks): 200 GET http://10.0.2.15:8774/v2.1/cd0d162cf2564939b41204d58396fb9c/servers/22e26941-ed68-44f3-819b-3b1efa0b91cf 0.381s
2016-01-06 03:06:29,363 6197 DEBUG    [tempest_lib.common.rest_client] Request - Headers: {'Content-Type': 'application/json', 'Accept': 'application/json', 'X-Auth-Token': '&lt;omitted&gt;'}
        Body: None
    Response - Headers: {'status': '200', 'content-length': '1479', 'content-location': 'http://10.0.2.15:8774/v2.1/cd0d162cf2564939b41204d58396fb9c/servers/22e26941-ed68-44f3-819b-3b1efa0b91cf', 'x-compute-request-id': 'req-11339571-2d0d-4cff-9b8b-d1d6983695c7', 'vary': 'X-OpenStack-Nova-API-Version', 'connection': 'close', 'x-openstack-nova-api-version': '2.1', 'date': 'Wed, 06 Jan 2016 03:06:29 GMT', 'content-type': 'application/json'}
        Body: {"server": {"status": "BUILD", "updated": "2016-01-06T03:06:28Z", "hostId": "981e519efe39d6c41511dd4d62dc7175fd26bc60d09511b5622e8fc6", "addresses": {}, "links": [{"href": "http://10.0.2.15:8774/v2.1/cd0d162cf2564939b41204d58396fb9c/servers/22e26941-ed68-44f3-819b-3b1efa0b91cf", "rel": "self"}, {"href": "http://10.0.2.15:8774/cd0d162cf2564939b41204d58396fb9c/servers/22e26941-ed68-44f3-819b-3b1efa0b91cf", "rel": "bookmark"}], "key_name": "tempest-TestNetworkBasicOps-632682926", "image": {"id": "76a7396b-8b61-4d3a-b2dc-4b5133f008d5", "links": [{"href": "http://10.0.2.15:8774/cd0d162cf2564939b41204d58396fb9c/images/76a7396b-8b61-4d3a-b2dc-4b5133f008d5", "rel": "bookmark"}]}, "OS-EXT-STS:task_state": "spawning", "OS-EXT-STS:vm_state": "building", "OS-SRV-USG:launched_at": null, "flavor": {"id": "42", "links": [{"href": "http://10.0.2.15:8774/cd0d162cf2564939b41204d58396fb9c/flavors/42", "rel": "bookmark"}]}, "id": "22e26941-ed68-44f3-819b-3b1efa0b91cf", "security_groups": [{"name": "tempest-secgroup-smoke-341815328"}], "OS-SRV-USG:terminated_at": null, "OS-EXT-AZ:availability_zone": "nova", "user_id": "46d894af88d246b3b857419f1866c2c5", "name": "tempest.common.compute-instance-286711471", "created": "2016-01-06T03:06:27Z", "tenant_id": "cd0d162cf2564939b41204d58396fb9c", "OS-DCF:diskConfig": "MANUAL", "os-extended-volumes:volumes_attached": [], "accessIPv4": "", "accessIPv6": "", "progress": 0, "OS-EXT-STS:power_state": 0, "config_drive": "", "metadata": {}}}
2016-01-06 03:06:29,371 6197 INFO     [tempest.common.waiters] State transition "BUILD/scheduling" ==&gt; "BUILD/spawning" after 2 second wait
2016-01-06 03:06:30,595 6197 INFO     [tempest_lib.common.rest_client] Request (TestNetworkBasicOps:test_connectivity_between_vms_on_different_networks): 200 GET http://10.0.2.15:8774/v2.1/cd0d162cf2564939b41204d58396fb9c/servers/22e26941-ed68-44f3-819b-3b1efa0b91cf 0.222s
2016-01-06 03:06:30,596 6197 DEBUG    [tempest_lib.common.rest_client] Request - Headers: {'Content-Type': 'application/json', 'Accept': 'application/json', 'X-Auth-Token': '&lt;omitted&gt;'}
        Body: None
    Response - Headers: {'status': '200', 'content-length': '1479', 'content-location': 'http://10.0.2.15:8774/v2.1/cd0d162cf2564939b41204d58396fb9c/servers/22e26941-ed68-44f3-819b-3b1efa0b91cf', 'x-compute-request-id': 'req-284ea1c6-81e3-456d-bcec-f6e8215bc75f', 'vary': 'X-OpenStack-Nova-API-Version', 'connection': 'close', 'x-openstack-nova-api-version': '2.1', 'date': 'Wed, 06 Jan 2016 03:06:30 GMT', 'content-type': 'application/json'}
        Body: {"server": {"status": "BUILD", "updated": "2016-01-06T03:06:28Z", "hostId": "981e519efe39d6c41511dd4d62dc7175fd26bc60d09511b5622e8fc6", "addresses": {}, "links": [{"href": "http://10.0.2.15:8774/v2.1/cd0d162cf2564939b41204d58396fb9c/servers/22e26941-ed68-44f3-819b-3b1efa0b91cf", "rel": "self"}, {"href": "http://10.0.2.15:8774/cd0d162cf2564939b41204d58396fb9c/servers/22e26941-ed68-44f3-819b-3b1efa0b91cf", "rel": "bookmark"}], "key_name": "tempest-TestNetworkBasicOps-632682926", "image": {"id": "76a7396b-8b61-4d3a-b2dc-4b5133f008d5", "links": [{"href": "http://10.0.2.15:8774/cd0d162cf2564939b41204d58396fb9c/images/76a7396b-8b61-4d3a-b2dc-4b5133f008d5", "rel": "bookmark"}]}, "OS-EXT-STS:task_state": "spawning", "OS-EXT-STS:vm_state": "building", "OS-SRV-USG:launched_at": null, "flavor": {"id": "42", "links": [{"href": "http://10.0.2.15:8774/cd0d162cf2564939b41204d58396fb9c/flavors/42", "rel": "bookmark"}]}, "id": "22e26941-ed68-44f3-819b-3b1efa0b91cf", "security_groups": [{"name": "tempest-secgroup-smoke-341815328"}], "OS-SRV-USG:terminated_at": null, "OS-EXT-AZ:availability_zone": "nova", "user_id": "46d894af88d246b3b857419f1866c2c5", "name": "tempest.common.compute-instance-286711471", "created": "2016-01-06T03:06:27Z", "tenant_id": "cd0d162cf2564939b41204d58396fb9c", "OS-DCF:diskConfig": "MANUAL", "os-extended-volumes:volumes_attached": [], "accessIPv4": "", "accessIPv6": "", "progress": 0, "OS-EXT-STS:power_state": 0, "config_drive": "", "metadata": {}}}
2016-01-06 03:06:31,817 6197 INFO     [tempest_lib.common.rest_client] Request (TestNetworkBasicOps:test_connectivity_between_vms_on_different_networks): 200 GET http://10.0.2.15:8774/v2.1/cd0d162cf2564939b41204d58396fb9c/servers/22e26941-ed68-44f3-819b-3b1efa0b91cf 0.212s
2016-01-06 03:06:31,817 6197 DEBUG    [tempest_lib.common.rest_client] Request - Headers: {'Content-Type': 'application/json', 'Accept': 'application/json', 'X-Auth-Token': '&lt;omitted&gt;'}
        Body: None
    Response - Headers: {'status': '200', 'content-length': '1651', 'content-location': 'http://10.0.2.15:8774/v2.1/cd0d162cf2564939b41204d58396fb9c/servers/22e26941-ed68-44f3-819b-3b1efa0b91cf', 'x-compute-request-id': 'req-cd8dcd6b-9115-41b1-8e5e-bc4b7f21b251', 'vary': 'X-OpenStack-Nova-API-Version', 'connection': 'close', 'x-openstack-nova-api-version': '2.1', 'date': 'Wed, 06 Jan 2016 03:06:31 GMT', 'content-type': 'application/json'}
        Body: {"server": {"status": "ACTIVE", "updated": "2016-01-06T03:06:31Z", "hostId": "981e519efe39d6c41511dd4d62dc7175fd26bc60d09511b5622e8fc6", "addresses": {"tempest-network-smoke--1508943428": [{"OS-EXT-IPS-MAC:mac_addr": "fa:16:3e:eb:ee:bb", "version": 4, "addr": "10.100.0.3", "OS-EXT-IPS:type": "fixed"}]}, "links": [{"href": "http://10.0.2.15:8774/v2.1/cd0d162cf2564939b41204d58396fb9c/servers/22e26941-ed68-44f3-819b-3b1efa0b91cf", "rel": "self"}, {"href": "http://10.0.2.15:8774/cd0d162cf2564939b41204d58396fb9c/servers/22e26941-ed68-44f3-819b-3b1efa0b91cf", "rel": "bookmark"}], "key_name": "tempest-TestNetworkBasicOps-632682926", "image": {"id": "76a7396b-8b61-4d3a-b2dc-4b5133f008d5", "links": [{"href": "http://10.0.2.15:8774/cd0d162cf2564939b41204d58396fb9c/images/76a7396b-8b61-4d3a-b2dc-4b5133f008d5", "rel": "bookmark"}]}, "OS-EXT-STS:task_state": null, "OS-EXT-STS:vm_state": "active", "OS-SRV-USG:launched_at": "2016-01-06T03:06:31.000000", "flavor": {"id": "42", "links": [{"href": "http://10.0.2.15:8774/cd0d162cf2564939b41204d58396fb9c/flavors/42", "rel": "bookmark"}]}, "id": "22e26941-ed68-44f3-819b-3b1efa0b91cf", "security_groups": [{"name": "tempest-secgroup-smoke-341815328"}], "OS-SRV-USG:terminated_at": null, "OS-EXT-AZ:availability_zone": "nova", "user_id": "46d894af88d246b3b857419f1866c2c5", "name": "tempest.common.compute-instance-286711471", "created": "2016-01-06T03:06:27Z", "tenant_id": "cd0d162cf2564939b41204d58396fb9c", "OS-DCF:diskConfig": "MANUAL", "os-extended-volumes:volumes_attached": [], "accessIPv4": "", "accessIPv6": "", "progress": 0, "OS-EXT-STS:power_state": 1, "config_drive": "True", "metadata": {}}}
2016-01-06 03:06:31,826 6197 INFO     [tempest.common.waiters] State transition "BUILD/spawning" ==&gt; "ACTIVE/None" after 4 second wait
2016-01-06 03:06:32,030 6197 INFO     [tempest_lib.common.rest_client] Request (TestNetworkBasicOps:test_connectivity_between_vms_on_different_networks): 200 GET http://10.0.2.15:8774/v2.1/cd0d162cf2564939b41204d58396fb9c/servers/22e26941-ed68-44f3-819b-3b1efa0b91cf 0.203s
2016-01-06 03:06:32,030 6197 DEBUG    [tempest_lib.common.rest_client] Request - Headers: {'Content-Type': 'application/json', 'Accept': 'application/json', 'X-Auth-Token': '&lt;omitted&gt;'}
        Body: None
    Response - Headers: {'status': '200', 'content-length': '1651', 'content-location': 'http://10.0.2.15:8774/v2.1/cd0d162cf2564939b41204d58396fb9c/servers/22e26941-ed68-44f3-819b-3b1efa0b91cf', 'x-compute-request-id': 'req-2334b6f0-b7d3-4aca-b339-0e3841e54af9', 'vary': 'X-OpenStack-Nova-API-Version', 'connection': 'close', 'x-openstack-nova-api-version': '2.1', 'date': 'Wed, 06 Jan 2016 03:06:32 GMT', 'content-type': 'application/json'}
        Body: {"server": {"status": "ACTIVE", "updated": "2016-01-06T03:06:31Z", "hostId": "981e519efe39d6c41511dd4d62dc7175fd26bc60d09511b5622e8fc6", "addresses": {"tempest-network-smoke--1508943428": [{"OS-EXT-IPS-MAC:mac_addr": "fa:16:3e:eb:ee:bb", "version": 4, "addr": "10.100.0.3", "OS-EXT-IPS:type": "fixed"}]}, "links": [{"href": "http://10.0.2.15:8774/v2.1/cd0d162cf2564939b41204d58396fb9c/servers/22e26941-ed68-44f3-819b-3b1efa0b91cf", "rel": "self"}, {"href": "http://10.0.2.15:8774/cd0d162cf2564939b41204d58396fb9c/servers/22e26941-ed68-44f3-819b-3b1efa0b91cf", "rel": "bookmark"}], "key_name": "tempest-TestNetworkBasicOps-632682926", "image": {"id": "76a7396b-8b61-4d3a-b2dc-4b5133f008d5", "links": [{"href": "http://10.0.2.15:8774/cd0d162cf2564939b41204d58396fb9c/images/76a7396b-8b61-4d3a-b2dc-4b5133f008d5", "rel": "bookmark"}]}, "OS-EXT-STS:task_state": null, "OS-EXT-STS:vm_state": "active", "OS-SRV-USG:launched_at": "2016-01-06T03:06:31.000000", "flavor": {"id": "42", "links": [{"href": "http://10.0.2.15:8774/cd0d162cf2564939b41204d58396fb9c/flavors/42", "rel": "bookmark"}]}, "id": "22e26941-ed68-44f3-819b-3b1efa0b91cf", "security_groups": [{"name": "tempest-secgroup-smoke-341815328"}], "OS-SRV-USG:terminated_at": null, "OS-EXT-AZ:availability_zone": "nova", "user_id": "46d894af88d246b3b857419f1866c2c5", "name": "tempest.common.compute-instance-286711471", "created": "2016-01-06T03:06:27Z", "tenant_id": "cd0d162cf2564939b41204d58396fb9c", "OS-DCF:diskConfig": "MANUAL", "os-extended-volumes:volumes_attached": [], "accessIPv4": "", "accessIPv6": "", "progress": 0, "OS-EXT-STS:power_state": 1, "config_drive": "True", "metadata": {}}}
2016-01-06 03:06:32,038 6197 INFO     [tempest.scenario.manager] Tenant networks not configured to be reachable.
2016-01-06 03:06:32,073 6197 INFO     [tempest_lib.common.rest_client] Request (TestNetworkBasicOps:test_connectivity_between_vms_on_different_networks): 200 GET http://10.0.2.15:9696/v2.0/ports?status=ACTIVE&amp;fixed_ip=None&amp;device_id=22e26941-ed68-44f3-819b-3b1efa0b91cf 0.034s
2016-01-06 03:06:32,073 6197 DEBUG    [tempest_lib.common.rest_client] Request - Headers: {'Content-Type': 'application/json', 'Accept': 'application/json', 'X-Auth-Token': '&lt;omitted&gt;'}
        Body: None
    Response - Headers: {'status': '200', 'content-length': '895', 'content-location': 'http://10.0.2.15:9696/v2.0/ports?status=ACTIVE&amp;fixed_ip=None&amp;device_id=22e26941-ed68-44f3-819b-3b1efa0b91cf', 'connection': 'close', 'date': 'Wed, 06 Jan 2016 03:06:32 GMT', 'content-type': 'application/json; charset=UTF-8', 'x-openstack-request-id': 'req-d09bf00d-9b79-441f-b1e3-58784264e7f1'}
        Body: {"ports": [{"status": "ACTIVE", "binding:host_id": "vagrant-ubuntu-trusty-64", "allowed_address_pairs": [], "extra_dhcp_opts": [], "dns_assignment": [{"hostname": "host-10-100-0-3", "ip_address": "10.100.0.3", "fqdn": "host-10-100-0-3.openstacklocal."}], "device_owner": "compute:None", "port_security_enabled": true, "binding:profile": {}, "fixed_ips": [{"subnet_id": "163305a0-5a52-496c-9d20-3483abd03bad", "ip_address": "10.100.0.3"}], "id": "8687cc4d-ec16-4bc7-b6d0-4ce1e0714f1f", "security_groups": ["92c2c5d5-a1f3-4a83-9346-5816a252569f"], "device_id": "22e26941-ed68-44f3-819b-3b1efa0b91cf", "name": "", "admin_state_up": true, "network_id": "4417eb2f-719e-4dfe-be72-05df13237d24", "dns_name": "", "binding:vif_details": {"port_filter": true}, "binding:vnic_type": "normal", "binding:vif_type": "ovs", "tenant_id": "cd0d162cf2564939b41204d58396fb9c", "mac_address": "fa:16:3e:eb:ee:bb"}]}
2016-01-06 03:06:32,611 6197 INFO     [tempest_lib.common.rest_client] Request (TestNetworkBasicOps:test_connectivity_between_vms_on_different_networks): 201 POST http://10.0.2.15:9696/v2.0/floatingips 0.536s
2016-01-06 03:06:32,611 6197 DEBUG    [tempest_lib.common.rest_client] Request - Headers: {'Content-Type': 'application/json', 'Accept': 'application/json', 'X-Auth-Token': '&lt;omitted&gt;'}
        Body: {"floatingip": {"floating_network_id": "10071dbe-36ae-4fc6-bd64-3df840344e6e", "tenant_id": "cd0d162cf2564939b41204d58396fb9c", "fixed_ip_address": "10.100.0.3", "port_id": "8687cc4d-ec16-4bc7-b6d0-4ce1e0714f1f"}}
    Response - Headers: {'status': '201', 'content-length': '367', 'connection': 'close', 'date': 'Wed, 06 Jan 2016 03:06:32 GMT', 'content-type': 'application/json; charset=UTF-8', 'x-openstack-request-id': 'req-be570a15-f888-4713-9d07-66b94ec451af'}
        Body: {"floatingip": {"floating_network_id": "10071dbe-36ae-4fc6-bd64-3df840344e6e", "router_id": "156684d5-e393-40dd-a562-d9e28ffee94e", "fixed_ip_address": "10.100.0.3", "floating_ip_address": "172.24.4.4", "tenant_id": "cd0d162cf2564939b41204d58396fb9c", "status": "DOWN", "port_id": "8687cc4d-ec16-4bc7-b6d0-4ce1e0714f1f", "id": "6dc34e87-a775-49a0-bd4a-62f64dbf3215"}}
2016-01-06 03:06:32,623 6197 INFO     [tempest_lib.common.rest_client] Request (TestNetworkBasicOps:test_connectivity_between_vms_on_different_networks): 200 GET http://10.0.2.15:9696/v2.0/floatingips/6dc34e87-a775-49a0-bd4a-62f64dbf3215 0.011s
2016-01-06 03:06:32,623 6197 DEBUG    [tempest_lib.common.rest_client] Request - Headers: {'Content-Type': 'application/json', 'Accept': 'application/json', 'X-Auth-Token': '&lt;omitted&gt;'}
        Body: None
    Response - Headers: {'status': '200', 'content-length': '367', 'content-location': 'http://10.0.2.15:9696/v2.0/floatingips/6dc34e87-a775-49a0-bd4a-62f64dbf3215', 'connection': 'close', 'date': 'Wed, 06 Jan 2016 03:06:32 GMT', 'content-type': 'application/json; charset=UTF-8', 'x-openstack-request-id': 'req-9157dbdb-18a7-4a22-9395-f72108923a3c'}
        Body: {"floatingip": {"floating_network_id": "10071dbe-36ae-4fc6-bd64-3df840344e6e", "router_id": "156684d5-e393-40dd-a562-d9e28ffee94e", "fixed_ip_address": "10.100.0.3", "floating_ip_address": "172.24.4.4", "tenant_id": "cd0d162cf2564939b41204d58396fb9c", "status": "DOWN", "port_id": "8687cc4d-ec16-4bc7-b6d0-4ce1e0714f1f", "id": "6dc34e87-a775-49a0-bd4a-62f64dbf3215"}}
2016-01-06 03:06:33,640 6197 INFO     [tempest_lib.common.rest_client] Request (TestNetworkBasicOps:test_connectivity_between_vms_on_different_networks): 200 GET http://10.0.2.15:9696/v2.0/floatingips/6dc34e87-a775-49a0-bd4a-62f64dbf3215 0.014s
2016-01-06 03:06:33,640 6197 DEBUG    [tempest_lib.common.rest_client] Request - Headers: {'Content-Type': 'application/json', 'Accept': 'application/json', 'X-Auth-Token': '&lt;omitted&gt;'}
        Body: None
    Response - Headers: {'status': '200', 'content-length': '367', 'content-location': 'http://10.0.2.15:9696/v2.0/floatingips/6dc34e87-a775-49a0-bd4a-62f64dbf3215', 'connection': 'close', 'date': 'Wed, 06 Jan 2016 03:06:33 GMT', 'content-type': 'application/json; charset=UTF-8', 'x-openstack-request-id': 'req-937f9a0d-390b-41ec-aa75-ce5b17ea6402'}
        Body: {"floatingip": {"floating_network_id": "10071dbe-36ae-4fc6-bd64-3df840344e6e", "router_id": "156684d5-e393-40dd-a562-d9e28ffee94e", "fixed_ip_address": "10.100.0.3", "floating_ip_address": "172.24.4.4", "tenant_id": "cd0d162cf2564939b41204d58396fb9c", "status": "DOWN", "port_id": "8687cc4d-ec16-4bc7-b6d0-4ce1e0714f1f", "id": "6dc34e87-a775-49a0-bd4a-62f64dbf3215"}}
2016-01-06 03:06:34,656 6197 INFO     [tempest_lib.common.rest_client] Request (TestNetworkBasicOps:test_connectivity_between_vms_on_different_networks): 200 GET http://10.0.2.15:9696/v2.0/floatingips/6dc34e87-a775-49a0-bd4a-62f64dbf3215 0.014s
2016-01-06 03:06:34,657 6197 DEBUG    [tempest_lib.common.rest_client] Request - Headers: {'Content-Type': 'application/json', 'Accept': 'application/json', 'X-Auth-Token': '&lt;omitted&gt;'}
        Body: None
    Response - Headers: {'status': '200', 'content-length': '369', 'content-location': 'http://10.0.2.15:9696/v2.0/floatingips/6dc34e87-a775-49a0-bd4a-62f64dbf3215', 'connection': 'close', 'date': 'Wed, 06 Jan 2016 03:06:34 GMT', 'content-type': 'application/json; charset=UTF-8', 'x-openstack-request-id': 'req-1dab35fc-517c-4157-92b4-21010430869b'}
        Body: {"floatingip": {"floating_network_id": "10071dbe-36ae-4fc6-bd64-3df840344e6e", "router_id": "156684d5-e393-40dd-a562-d9e28ffee94e", "fixed_ip_address": "10.100.0.3", "floating_ip_address": "172.24.4.4", "tenant_id": "cd0d162cf2564939b41204d58396fb9c", "status": "ACTIVE", "port_id": "8687cc4d-ec16-4bc7-b6d0-4ce1e0714f1f", "id": "6dc34e87-a775-49a0-bd4a-62f64dbf3215"}}
2016-01-06 03:06:34,657 6197 INFO     [tempest.scenario.manager] FloatingIP: &lt;"FloatingIP" addr="172.24.4.4" id="6dc34e87-a775-49a0-bd4a-62f64dbf3215"&gt; is at status: ACTIVE
2016-01-06 03:06:34,657 6197 DEBUG    [tempest.scenario.manager] checking network connections to IP 172.24.4.4 with user: cirros
2016-01-06 03:06:34,658 6197 DEBUG    [tempest.scenario.manager] TestNetworkBasicOps:test_connectivity_between_vms_on_different_networks begins to ping 172.24.4.4 in 120 sec and the expected result is reachable
2016-01-06 03:08:34,892 6197 DEBUG    [tempest.scenario.manager] TestNetworkBasicOps:test_connectivity_between_vms_on_different_networks finishes ping 172.24.4.4 in 120 sec and the ping result is unexpected
2016-01-06 03:08:34,893 6197 ERROR    [tempest.scenario.manager] Public network connectivity check failed
2016-01-06 03:08:34.893 6197 ERROR tempest.scenario.manager Traceback (most recent call last):
2016-01-06 03:08:34.893 6197 ERROR tempest.scenario.manager   File "tempest/scenario/manager.py", line 609, in check_public_network_connectivity
2016-01-06 03:08:34.893 6197 ERROR tempest.scenario.manager     should_connect=should_connect)
2016-01-06 03:08:34.893 6197 ERROR tempest.scenario.manager   File "tempest/scenario/manager.py", line 593, in check_vm_connectivity
2016-01-06 03:08:34.893 6197 ERROR tempest.scenario.manager     msg=msg)
2016-01-06 03:08:34.893 6197 ERROR tempest.scenario.manager   File "/usr/local/lib/python2.7/dist-packages/unittest2/case.py", line 702, in assertTrue
2016-01-06 03:08:34.893 6197 ERROR tempest.scenario.manager     raise self.failureException(msg)
2016-01-06 03:08:34.893 6197 ERROR tempest.scenario.manager AssertionError: False is not true : Timed out waiting for 172.24.4.4 to become reachable
2016-01-06 03:08:34.893 6197 ERROR tempest.scenario.manager 
2016-01-06 03:08:35,143 6197 INFO     [tempest_lib.common.rest_client] Request (TestNetworkBasicOps:test_connectivity_between_vms_on_different_networks): 200 POST http://10.0.2.15:8774/v2.1/cd0d162cf2564939b41204d58396fb9c/servers/22e26941-ed68-44f3-819b-3b1efa0b91cf/action 0.246s
2016-01-06 03:08:35,144 6197 DEBUG    [tempest_lib.common.rest_client] Request - Headers: {'Content-Type': 'application/json', 'Accept': 'application/json', 'X-Auth-Token': '&lt;omitted&gt;'}
        Body: {"os-getConsoleOutput": {}}
    Response - Headers: {'status': '200', 'content-length': '17428', 'x-compute-request-id': 'req-6e2ec9fc-20ea-4421-b217-07d489666f82', 'vary': 'X-OpenStack-Nova-API-Version', 'connection': 'close', 'x-openstack-nova-api-version': '2.1', 'date': 'Wed, 06 Jan 2016 03:08:35 GMT', 'content-type': 'application/json'}
        Body: {"output": "[    0.000000] Initializing cgroup subsys cpuset\n[    0.000000] Initializing cgroup subsys cpu\n[    0.000000] Linux version 3.2.0-80-virtual (buildd@batsu) (gcc version 4.6.3 (Ubuntu/Linaro 4.6.3-1ubuntu5) ) #116-Ubuntu SMP Mon Mar 23 17:28:52 UTC 2015 (Ubuntu 3.2.0-80.116-virtual 3.2.68)\n[    0.000000] Command line: root=/dev/vda console=tty0 console=ttyS0 no_timer_check\n[    0.000000] KERNEL supported cpus:\n[    0.000000]   Intel GenuineIntel\n[    0.000000]   AMD AuthenticAMD\n[    0.000000]   Centaur CentaurHauls\n[    0.000000] BIOS-provided physical RAM map:\n[    0.000000]  BIOS-e820: 0000000000000000 - 000000000009fc00 (usable)\n[    0.000000]  BIOS-e820: 000000000009fc00 - 00000000000a0000 (reserved)\n[    0.000000]  BIOS-e820: 00000000000f0000 - 0000000000100000 (reserved)\n[    0.000000]  BIOS-e820: 0000000000100000 - 0000000003ffe000 (usable)\n[    0.000000]  BIOS-e820: 0000000003ffe000 - 0000000004000000 (reserved)\n[    0.000000]  BIOS-e820: 00000000fffc0000 - 0000000100000000 (reserved)\n[    0.000000] NX (Execute Disable) protection: active\n[    0.000000] SMBIOS 2.4 present.\n[    0.000000] No AGP bridge found\n[    0.000000] last_pfn = 0x3ffe max_arch_pfn = 0x400000000\n[    0.000000] x86 PAT enabled: cpu 0, old 0x7040600070406, new 0x7010600070106\n[    0.000000] found SMP MP-table at [ffff8800000f0b00] f0b00\n[    0.000000] init_memory_mapping: 0000000000000000-0000000003ffe000\n[    0.000000] RAMDISK: 03c5e000 - 03ff0000\n[    0.000000] ACPI: RSDP 00000000000f0950 00014 (v00 BOCHS )\n[    0.000000] ACPI: RSDT 0000000003fffbc1 00034 (v01 BOCHS  BXPCRSDT 00000001 BXPC 00000001)\n[    0.000000] ACPI: FACP 0000000003fff1c0 00074 (v01 BOCHS  BXPCFACP 00000001 BXPC 00000001)\n[    0.000000] ACPI: DSDT 0000000003ffe040 01180 (v01 BOCHS  BXPCDSDT 00000001 BXPC 00000001)\n[    0.000000] ACPI: FACS 0000000003ffe000 00040\n[    0.000000] ACPI: SSDT 0000000003fff234 008DD (v01 BOCHS  BXPCSSDT 00000001 BXPC 00000001)\n[    0.000000] ACPI: APIC 0000000003fffb11 00078 (v01 BOCHS  BXPCAPIC 00000001 BXPC 00000001)\n[    0.000000] ACPI: HPET 0000000003fffb89 00038 (v01 BOCHS  BXPCHPET 00000001 BXPC 00000001)\n[    0.000000] No NUMA configuration found\n[    0.000000] Faking a node at 0000000000000000-0000000003ffe000\n[    0.000000] Initmem setup node 0 0000000000000000-0000000003ffe000\n[    0.000000]   NODE_DATA [0000000003ff6000 - 0000000003ffafff]\n[    0.000000] Zone PFN ranges:\n[    0.000000]   DMA      0x00000010 -&gt; 0x00001000\n[    0.000000]   DMA32    0x00001000 -&gt; 0x00100000\n[    0.000000]   Normal   empty\n[    0.000000] Movable zone start PFN for each node\n[    0.000000] early_node_map[2] active PFN ranges\n[    0.000000]     0: 0x00000010 -&gt; 0x0000009f\n[    0.000000]     0: 0x00000100 -&gt; 0x00003ffe\n[    0.000000] ACPI: PM-Timer IO Port: 0xb008\n[    0.000000] ACPI: LAPIC (acpi_id[0x00] lapic_id[0x00] enabled)\n[    0.000000] ACPI: LAPIC_NMI (acpi_id[0xff] dfl dfl lint[0x1])\n[    0.000000] ACPI: IOAPIC (id[0x00] address[0xfec00000] gsi_base[0])\n[    0.000000] IOAPIC[0]: apic_id 0, version 17, address 0xfec00000, GSI 0-23\n[    0.000000] ACPI: INT_SRC_OVR (bus 0 bus_irq 0 global_irq 2 dfl dfl)\n[    0.000000] ACPI: INT_SRC_OVR (bus 0 bus_irq 5 global_irq 5 high level)\n[    0.000000] ACPI: INT_SRC_OVR (bus 0 bus_irq 9 global_irq 9 high level)\n[    0.000000] ACPI: INT_SRC_OVR (bus 0 bus_irq 10 global_irq 10 high level)\n[    0.000000] ACPI: INT_SRC_OVR (bus 0 bus_irq 11 global_irq 11 high level)\n[    0.000000] Using ACPI (MADT) for SMP configuration information\n[    0.000000] ACPI: HPET id: 0x8086a201 base: 0xfed00000\n[    0.000000] SMP: Allowing 1 CPUs, 0 hotplug CPUs\n[    0.000000] PM: Registered nosave memory: 000000000009f000 - 00000000000a0000\n[    0.000000] PM: Registered nosave memory: 00000000000a0000 - 00000000000f0000\n[    0.000000] PM: Registered nosave memory: 00000000000f0000 - 0000000000100000\n[    0.000000] Allocating PCI resources starting at 4000000 (gap: 4000000:fbfc0000)\n[    0.000000] Booting paravirtualized kernel on bare hardware\n[    0.000000] setup_pe
2016-01-06 03:08:35,148 6197 DEBUG    [tempest.scenario.manager] Console output for 22e26941-ed68-44f3-819b-3b1efa0b91cf
body=
[    0.000000] Initializing cgroup subsys cpuset
[    0.000000] Initializing cgroup subsys cpu
[    0.000000] Linux version 3.2.0-80-virtual (buildd@batsu) (gcc version 4.6.3 (Ubuntu/Linaro 4.6.3-1ubuntu5) ) #116-Ubuntu SMP Mon Mar 23 17:28:52 UTC 2015 (Ubuntu 3.2.0-80.116-virtual 3.2.68)
[    0.000000] Command line: root=/dev/vda console=tty0 console=ttyS0 no_timer_check
[    0.000000] KERNEL supported cpus:
[    0.000000]   Intel GenuineIntel
[    0.000000]   AMD AuthenticAMD
[    0.000000]   Centaur CentaurHauls
[    0.000000] BIOS-provided physical RAM map:
[    0.000000]  BIOS-e820: 0000000000000000 - 000000000009fc00 (usable)
[    0.000000]  BIOS-e820: 000000000009fc00 - 00000000000a0000 (reserved)
[    0.000000]  BIOS-e820: 00000000000f0000 - 0000000000100000 (reserved)
[    0.000000]  BIOS-e820: 0000000000100000 - 0000000003ffe000 (usable)
[    0.000000]  BIOS-e820: 0000000003ffe000 - 0000000004000000 (reserved)
[    0.000000]  BIOS-e820: 00000000fffc0000 - 0000000100000000 (reserved)
[    0.000000] NX (Execute Disable) protection: active
[    0.000000] SMBIOS 2.4 present.
[    0.000000] No AGP bridge found
[    0.000000] last_pfn = 0x3ffe max_arch_pfn = 0x400000000
[    0.000000] x86 PAT enabled: cpu 0, old 0x7040600070406, new 0x7010600070106
[    0.000000] found SMP MP-table at [ffff8800000f0b00] f0b00
[    0.000000] init_memory_mapping: 0000000000000000-0000000003ffe000
[    0.000000] RAMDISK: 03c5e000 - 03ff0000
[    0.000000] ACPI: RSDP 00000000000f0950 00014 (v00 BOCHS )
[    0.000000] ACPI: RSDT 0000000003fffbc1 00034 (v01 BOCHS  BXPCRSDT 00000001 BXPC 00000001)
[    0.000000] ACPI: FACP 0000000003fff1c0 00074 (v01 BOCHS  BXPCFACP 00000001 BXPC 00000001)
[    0.000000] ACPI: DSDT 0000000003ffe040 01180 (v01 BOCHS  BXPCDSDT 00000001 BXPC 00000001)
[    0.000000] ACPI: FACS 0000000003ffe000 00040
[    0.000000] ACPI: SSDT 0000000003fff234 008DD (v01 BOCHS  BXPCSSDT 00000001 BXPC 00000001)
[    0.000000] ACPI: APIC 0000000003fffb11 00078 (v01 BOCHS  BXPCAPIC 00000001 BXPC 00000001)
[    0.000000] ACPI: HPET 0000000003fffb89 00038 (v01 BOCHS  BXPCHPET 00000001 BXPC 00000001)
[    0.000000] No NUMA configuration found
[    0.000000] Faking a node at 0000000000000000-0000000003ffe000
[    0.000000] Initmem setup node 0 0000000000000000-0000000003ffe000
[    0.000000]   NODE_DATA [0000000003ff6000 - 0000000003ffafff]
[    0.000000] Zone PFN ranges:
[    0.000000]   DMA      0x00000010 -&gt; 0x00001000
[    0.000000]   DMA32    0x00001000 -&gt; 0x00100000
[    0.000000]   Normal   empty
[    0.000000] Movable zone start PFN for each node
[    0.000000] early_node_map[2] active PFN ranges
[    0.000000]     0: 0x00000010 -&gt; 0x0000009f
[    0.000000]     0: 0x00000100 -&gt; 0x00003ffe
[    0.000000] ACPI: PM-Timer IO Port: 0xb008
[    0.000000] ACPI: LAPIC (acpi_id[0x00] lapic_id[0x00] enabled)
[    0.000000] ACPI: LAPIC_NMI (acpi_id[0xff] dfl dfl lint[0x1])
[    0.000000] ACPI: IOAPIC (id[0x00] address[0xfec00000] gsi_base[0])
[    0.000000] IOAPIC[0]: apic_id 0, version 17, address 0xfec00000, GSI 0-23
[    0.000000] ACPI: INT_SRC_OVR (bus 0 bus_irq 0 global_irq 2 dfl dfl)
[    0.000000] ACPI: INT_SRC_OVR (bus 0 bus_irq 5 global_irq 5 high level)
[    0.000000] ACPI: INT_SRC_OVR (bus 0 bus_irq 9 global_irq 9 high level)
[    0.000000] ACPI: INT_SRC_OVR (bus 0 bus_irq 10 global_irq 10 high level)
[    0.000000] ACPI: INT_SRC_OVR (bus 0 bus_irq 11 global_irq 11 high level)
[    0.000000] Using ACPI (MADT) for SMP configuration information
[    0.000000] ACPI: HPET id: 0x8086a201 base: 0xfed00000
[    0.000000] SMP: Allowing 1 CPUs, 0 hotplug CPUs
[    0.000000] PM: Registered nosave memory: 000000000009f000 - 00000000000a0000
[    0.000000] PM: Registered nosave memory: 00000000000a0000 - 00000000000f0000
[    0.000000] PM: Registered nosave memory: 00000000000f0000 - 0000000000100000
[    0.000000] Allocating PCI resources starting at 4000000 (gap: 4000000:fbfc0000)
[    0.000000] Booting paravirtualized kernel on bare hardware
[    0.000000] setup_percpu: NR_CPUS:64 nr_cpumask_bits:64 nr_cpu_ids:1 nr_node_ids:1
[    0.000000] PERCPU: Embedded 27 pages/cpu @ffff880003a00000 s78848 r8192 d23552 u2097152
[    0.000000] Built 1 zonelists in Node order, mobility grouping on.  Total pages: 16008
[    0.000000] Policy zone: DMA32
[    0.000000] Kernel command line: root=/dev/vda console=tty0 console=ttyS0 no_timer_check
[    0.000000] PID hash table entries: 256 (order: -1, 2048 bytes)
[    0.000000] Checking aperture...
[    0.000000] No AGP bridge found
[    0.000000] Memory: 43492k/65528k available (6576k kernel code, 452k absent, 21584k reserved, 6620k data, 928k init)
[    0.000000] SLUB: Genslabs=15, HWalign=64, Order=0-3, MinObjects=0, CPUs=1, Nodes=1
[    0.000000] Hierarchical RCU implementation.
[    0.000000] 	RCU dyntick-idle grace-period acceleration is enabled.
[    0.000000] NR_IRQS:4352 nr_irqs:256 16
[    0.000000] Console: colour VGA+ 80x25
[    0.000000] console [tty0] enabled
[    0.000000] console [ttyS0] enabled
[    0.000000] allocated 1048576 bytes of page_cgroup
[    0.000000] please try 'cgroup_disable=memory' option if you don't want memory cgroups
[    0.000000] Fast TSC calibration failed
[    0.000000] TSC: Unable to calibrate against PIT
[    0.000000] TSC: using HPET reference calibration
[    0.000000] Detected 2292.249 MHz processor.
[    0.045356] Calibrating delay loop (skipped), value calculated using timer frequency.. 4584.49 BogoMIPS (lpj=9168996)
[    0.048858] pid_max: default: 32768 minimum: 301
[    0.058345] Security Framework initialized
[    0.062702] AppArmor: AppArmor initialized
[    0.064115] Yama: becoming mindful.
[    0.070716] Dentry cache hash table entries: 8192 (order: 4, 65536 bytes)
[    0.072818] Inode-cache hash table entries: 4096 (order: 3, 32768 bytes)
[    0.076444] Mount-cache hash table entries: 256
[    0.094627] Initializing cgroup subsys cpuacct
[    0.096410] Initializing cgroup subsys memory
[    0.097841] Initializing cgroup subsys devices
[    0.098602] Initializing cgroup subsys freezer
[    0.100095] Initializing cgroup subsys blkio
[    0.100847] Initializing cgroup subsys perf_event
[    0.105026] mce: CPU supports 10 MCE banks
[    0.108472] SMP alternatives: switching to UP code
[    0.511064] Freeing SMP alternatives: 24k freed
[    0.512951] ACPI: Core revision 20110623
[    0.562465] ftrace: allocating 26610 entries in 105 pages
[    0.596036] ..TIMER: vector=0x30 apic1=0 pin1=2 apic2=-1 pin2=-1
[    0.596160] CPU0: AMD QEMU Virtual CPU version 2.0.0 stepping 03
[    0.604037] Performance Events: Broken PMU hardware detected, using software events only.
[    0.616977] NMI watchdog disabled (cpu0): hardware events not enabled
[    0.618329] Brought up 1 CPUs
[    0.618998] Total of 1 processors activated (4584.49 BogoMIPS).
[    0.647217] devtmpfs: initialized
[    0.677151] EVM: security.selinux
[    0.677631] EVM: security.SMACK64
[    0.678136] EVM: security.capability
[    0.698447] print_constraints: dummy: 
[    0.700785] RTC time:  3:06:34, date: 01/06/16
[    0.703181] NET: Registered protocol family 16
[    0.711294] ACPI: bus type pci registered
[    0.716346] PCI: Using configuration type 1 for base access
[    0.743371] bio: create slab &lt;bio-0&gt; at 0
[    0.748366] ACPI: Added _OSI(Module Device)
[    0.748979] ACPI: Added _OSI(Processor Device)
[    0.749639] ACPI: Added _OSI(3.0 _SCP Extensions)
[    0.750334] ACPI: Added _OSI(Processor Aggregator Device)
[    0.821830] ACPI: Interpreter enabled
[    0.822400] ACPI: (supports S0 S3 S4 S5)
[    0.825594] ACPI: Using IOAPIC for interrupt routing
[    0.897095] ACPI: No dock devices found.
[    0.897714] HEST: Table not found.
[    0.898229] PCI: Using host bridge windows from ACPI; if necessary, use "pci=nocrs" and report a bug
[    0.904496] ACPI: PCI Root Bridge [PCI0] (domain 0000 [bus 00-ff])
[    0.910841] pci_root PNP0A03:00: host bridge window [io  0x0000-0x0cf7]
[    0.912166] pci_root PNP0A03:00: host bridge window [io  0x0d00-0xadff]
[    0.912917] pci_root PNP0A03:00: host bridge window [io  0xae0f-0xaeff]
[    0.913807] pci_root PNP0A03:00: host bridge window [io  0xaf20-0xafdf]
[    0.914606] pci_root PNP0A03:00: host bridge window [io  0xafe4-0xffff]
[    0.916175] pci_root PNP0A03:00: host bridge window [mem 0x000a0000-0x000bffff]
[    0.917177] pci_root PNP0A03:00: host bridge window [mem 0x04000000-0xfebfffff]
[    0.938386] pci 0000:00:01.3: quirk: [io  0xb000-0xb03f] claimed by PIIX4 ACPI
[    0.940202] pci 0000:00:01.3: quirk: [io  0xb100-0xb10f] claimed by PIIX4 SMB
[    1.005911]  pci0000:00: Unable to request _OSC control (_OSC support mask: 0x1e)
[    1.062436] ACPI: PCI Interrupt Link [LNKA] (IRQs 5 *10 11)
[    1.065542] ACPI: PCI Interrupt Link [LNKB] (IRQs 5 *10 11)
[    1.067258] ACPI: PCI Interrupt Link [LNKC] (IRQs 5 10 *11)
[    1.069539] ACPI: PCI Interrupt Link [LNKD] (IRQs 5 10 *11)
[    1.070786] ACPI: PCI Interrupt Link [LNKS] (IRQs *9)
[    1.078049] vgaarb: device added: PCI:0000:00:02.0,decodes=io+mem,owns=io+mem,locks=none
[    1.079044] vgaarb: loaded
[    1.079424] vgaarb: bridge control possible 0000:00:02.0
[    1.084345] i2c-core: driver [aat2870] using legacy suspend method
[    1.085274] i2c-core: driver [aat2870] using legacy resume method
[    1.088531] SCSI subsystem initialized
[    1.091429] usbcore: registered new interface driver usbfs
[    1.092624] usbcore: registered new interface driver hub
[    1.093790] usbcore: registered new device driver usb
[    1.098254] PCI: Using ACPI for IRQ routing
[    1.109543] NetLabel: Initializing
[    1.110038] NetLabel:  domain hash size = 128
[    1.110527] NetLabel:  protocols = UNLABELED CIPSOv4
[    1.113133] NetLabel:  unlabeled traffic allowed by default
[    1.115036] HPET: 3 timers in total, 0 timers will be used for per-cpu timer
[    1.116474] hpet0: at MMIO 0xfed00000, IRQs 2, 8, 0
[    1.117311] hpet0: 3 comparators, 64-bit 100.000000 MHz counter
[    1.130294] Switching to clocksource hpet
[    1.364145] AppArmor: AppArmor Filesystem Enabled
[    1.366777] pnp: PnP ACPI init
[    1.367425] ACPI: bus type pnp registered
[    1.390120] pnp: PnP ACPI: found 9 devices
[    1.390706] ACPI: ACPI bus type pnp unregistered
[    1.478565] NET: Registered protocol family 2
[    1.517285] IP route cache hash table entries: 512 (order: 0, 4096 bytes)
[    1.531950] TCP established hash table entries: 2048 (order: 3, 32768 bytes)
[    1.535611] TCP bind hash table entries: 2048 (order: 3, 32768 bytes)
[    1.538186] TCP: Hash tables configured (established 2048 bind 2048)
[    1.540052] TCP reno registered
[    1.541894] UDP hash table entries: 128 (order: 0, 4096 bytes)
[    1.543201] UDP-Lite hash table entries: 128 (order: 0, 4096 bytes)
[    1.547327] NET: Registered protocol family 1
[    1.549018] pci 0000:00:00.0: Limiting direct PCI/PCI transfers
[    1.549852] pci 0000:00:01.0: PIIX3: Enabling Passive Release
[    1.550830] pci 0000:00:01.0: Activating ISA DMA hang workarounds
[    1.559037] ACPI: PCI Interrupt Link [LNKD] enabled at IRQ 11
[    1.562482] pci 0000:00:01.2: PCI INT D -&gt; Link[LNKD] -&gt; GSI 11 (level, high) -&gt; IRQ 11
[    1.566391] pci 0000:00:01.2: PCI INT D disabled
[    1.585700] Trying to unpack rootfs image as initramfs...
[    1.608959] audit: initializing netlink socket (disabled)
[    1.611347] type=2000 audit(1452049594.608:1): initialized
[    1.931169] HugeTLB registered 2 MB page size, pre-allocated 0 pages
[    2.043413] VFS: Disk quotas dquot_6.5.2
[    2.045158] Dquot-cache hash table entries: 512 (order 0, 4096 bytes)
[    2.059598] fuse init (API version 7.17)
[    2.062818] msgmni has been set to 84
[    2.094797] Block layer SCSI generic (bsg) driver version 0.4 loaded (major 253)
[    2.102322] io scheduler noop registered
[    2.102923] io scheduler deadline registered (default)
[    2.104061] io scheduler cfq registered
[    2.107586] pci_hotplug: PCI Hot Plug PCI Core version: 0.5
[    2.110658] pciehp: PCI Express Hot Plug Controller Driver version: 0.4
[    2.115908] input: Power Button as /devices/LNXSYSTM:00/LNXPWRBN:00/input/input0
[    2.118151] ACPI: Power Button [PWRF]
[    2.166922] ERST: Table is not found!
[    2.167492] GHES: HEST is not enabled!
[    2.170732] ACPI: PCI Interrupt Link [LNKC] enabled at IRQ 10
[    2.171463] virtio-pci 0000:00:03.0: PCI INT A -&gt; Link[LNKC] -&gt; GSI 10 (level, high) -&gt; IRQ 10
[    2.175401] virtio-pci 0000:00:04.0: PCI INT A -&gt; Link[LNKD] -&gt; GSI 11 (level, high) -&gt; IRQ 11
[    2.190924] ACPI: PCI Interrupt Link [LNKA] enabled at IRQ 10
[    2.191663] virtio-pci 0000:00:05.0: PCI INT A -&gt; Link[LNKA] -&gt; GSI 10 (level, high) -&gt; IRQ 10
[    2.203113] Serial: 8250/16550 driver, 32 ports, IRQ sharing enabled
[    2.241809] serial8250: ttyS0 at I/O 0x3f8 (irq = 4) is a 16550A
[    2.329127] serial8250: ttyS1 at I/O 0x2f8 (irq = 3) is a 16550A
[    2.453235] 00:05: ttyS0 at I/O 0x3f8 (irq = 4) is a 16550A
[    2.527245] 00:06: ttyS1 at I/O 0x2f8 (irq = 3) is a 16550A
[    2.570122] Refined TSC clocksource calibration: 2292.473 MHz.
[    2.570943] Switching to clocksource tsc
[    2.575083] Linux agpgart interface v0.103
[    2.634044] brd: module loaded
[    2.661921] loop: module loaded
[    2.721468]  vda: unknown partition table
[    2.786831] scsi0 : ata_piix
[    2.790688] scsi1 : ata_piix
[    2.793565] ata1: PATA max MWDMA2 cmd 0x1f0 ctl 0x3f6 bmdma 0xc0a0 irq 14
[    2.794369] ata2: PATA max MWDMA2 cmd 0x170 ctl 0x376 bmdma 0xc0a8 irq 15
[    2.806059] Fixed MDIO Bus: probed
[    2.806960] tun: Universal TUN/TAP device driver, 1.6
[    2.807581] tun: (C) 1999-2004 Max Krasnyansky &lt;maxk@qualcomm.com&gt;
[    2.825411] PPP generic driver version 2.4.2
[    2.833676] ehci_hcd: USB 2.0 'Enhanced' Host Controller (EHCI) Driver
[    2.834716] ohci_hcd: USB 1.1 'Open' Host Controller (OHCI) Driver
[    2.836200] uhci_hcd: USB Universal Host Controller Interface driver
[    2.838456] uhci_hcd 0000:00:01.2: PCI INT D -&gt; Link[LNKD] -&gt; GSI 11 (level, high) -&gt; IRQ 11
[    2.842523] uhci_hcd 0000:00:01.2: UHCI Host Controller
[    2.863014] uhci_hcd 0000:00:01.2: new USB bus registered, assigned bus number 1
[    2.865878] uhci_hcd 0000:00:01.2: irq 11, io base 0x0000c040
[    2.908624] hub 1-0:1.0: USB hub found
[    2.910272] hub 1-0:1.0: 2 ports detected
[    2.916041] usbcore: registered new interface driver libusual
[    2.919600] i8042: PNP: PS/2 Controller [PNP0303:KBD,PNP0f13:MOU] at 0x60,0x64 irq 1,12
[    2.925661] serio: i8042 KBD port at 0x60,0x64 irq 1
[    2.927149] serio: i8042 AUX port at 0x60,0x64 irq 12
[    2.958069] mousedev: PS/2 mouse device common for all mice
[    2.969227] input: AT Translated Set 2 keyboard as /devices/platform/i8042/serio0/input/input1
[    2.972657] rtc_cmos 00:01: RTC can wake from S4
[    2.986319] rtc_cmos 00:01: rtc core: registered rtc_cmos as rtc0
[    2.990642] rtc0: alarms up to one day, 114 bytes nvram, hpet irqs
[    2.995273] device-mapper: uevent: version 1.0.3
[    3.031923] ata2.01: ATAPI: QEMU DVD-ROM, 2.0.0, max UDMA/100
[    3.047702] device-mapper: ioctl: 4.22.0-ioctl (2011-10-19) initialised: dm-devel@redhat.com
[    3.053245] cpuidle: using governor ladder
[    3.054698] cpuidle: using governor menu
[    3.055600] EFI Variables Facility v0.08 2004-May-17
[    3.070711] TCP cubic registered
[    3.075904] NET: Registered protocol family 10
[    3.119273] NET: Registered protocol family 17
[    3.120115] Registering the dns_resolver key type
[    3.138025] ata2.01: configured for MWDMA2
[    3.169689] scsi 1:0:1:0: CD-ROM            QEMU     QEMU DVD-ROM     2.0. PQ: 0 ANSI: 5
[    3.199840] sr0: scsi3-mmc drive: 4x/4x cd/rw xa/form2 tray
[    3.201225] cdrom: Uniform CD-ROM driver Revision: 3.20
[    3.229976] sr 1:0:1:0: Attached scsi generic sg0 type 5
[    3.279983] registered taskstats version 1
[    3.307493] Freeing initrd memory: 3656k freed
[    3.874179]   Magic number: 0:797:107
[    3.883959] rtc_cmos 00:01: setting system clock to 2016-01-06 03:06:37 UTC (1452049597)
[    3.884363] powernow-k8: Processor cpuid 663 not supported
[    3.890788] BIOS EDD facility v0.16 2004-Jun-25, 0 devices found
[    3.892023] EDD information not available.
[    3.950894] Freeing unused kernel memory: 928k freed
[    3.957433] Write protecting the kernel read-only data: 12288k
[    4.091268] Freeing unused kernel memory: 1596k freed
[    4.175906] Freeing unused kernel memory: 1184k freed

info: initramfs: up at 4.35
modprobe: module virtio_blk not found in modules.dep
modprobe: module virtio_net not found in modules.dep
info: copying initramfs to /dev/vda
info: initramfs loading root from /dev/vda
info: /etc/init.d/rc.sysinit: up at 8.79
info: container: none
Starting logging: OK
modprobe: module virtio_blk not found in modules.dep
modprobe: module virtio_net not found in modules.dep
WARN: /etc/rc3.d/S10-load-modules failed
Initializing random number generator... done.
Starting acpid: OK
cirros-ds 'local' up at 11.25
found datasource (configdrive, local)
Starting network...
udhcpc (v1.20.1) started
Sending discover...
Sending discover...

2016-01-06 03:08:35,435 6197 INFO     [tempest_lib.common.rest_client] Request (TestNetworkBasicOps:_run_cleanups): 204 DELETE http://10.0.2.15:9696/v2.0/floatingips/6dc34e87-a775-49a0-bd4a-62f64dbf3215 0.281s
2016-01-06 03:08:35,436 6197 DEBUG    [tempest_lib.common.rest_client] Request - Headers: {'Content-Type': 'application/json', 'Accept': 'application/json', 'X-Auth-Token': '&lt;omitted&gt;'}
        Body: None
    Response - Headers: {'date': 'Wed, 06 Jan 2016 03:08:35 GMT', 'status': '204', 'connection': 'close', 'content-length': '0', 'x-openstack-request-id': 'req-ba61615c-ed20-45f9-9823-4e9c3aa800e2'}
        Body: 
2016-01-06 03:08:35,653 6197 INFO     [tempest_lib.common.rest_client] Request (TestNetworkBasicOps:_run_cleanups): 204 DELETE http://10.0.2.15:8774/v2.1/cd0d162cf2564939b41204d58396fb9c/servers/22e26941-ed68-44f3-819b-3b1efa0b91cf 0.217s
2016-01-06 03:08:35,654 6197 DEBUG    [tempest_lib.common.rest_client] Request - Headers: {'Content-Type': 'application/json', 'Accept': 'application/json', 'X-Auth-Token': '&lt;omitted&gt;'}
        Body: None
    Response - Headers: {'status': '204', 'content-length': '0', 'x-compute-request-id': 'req-2a66b34d-5d1e-49f0-9721-b8aec62b16a0', 'vary': 'X-OpenStack-Nova-API-Version', 'connection': 'close', 'x-openstack-nova-api-version': '2.1', 'date': 'Wed, 06 Jan 2016 03:08:35 GMT', 'content-type': 'application/json'}
        Body: 
2016-01-06 03:08:36,053 6197 INFO     [tempest_lib.common.rest_client] Request (TestNetworkBasicOps:_run_cleanups): 200 GET http://10.0.2.15:8774/v2.1/cd0d162cf2564939b41204d58396fb9c/servers/22e26941-ed68-44f3-819b-3b1efa0b91cf 0.398s
2016-01-06 03:08:36,053 6197 DEBUG    [tempest_lib.common.rest_client] Request - Headers: {'Content-Type': 'application/json', 'Accept': 'application/json', 'X-Auth-Token': '&lt;omitted&gt;'}
        Body: None
    Response - Headers: {'status': '200', 'content-length': '1774', 'content-location': 'http://10.0.2.15:8774/v2.1/cd0d162cf2564939b41204d58396fb9c/servers/22e26941-ed68-44f3-819b-3b1efa0b91cf', 'x-compute-request-id': 'req-a664e58b-74d2-46e0-a335-ecf3cfadca24', 'vary': 'X-OpenStack-Nova-API-Version', 'connection': 'close', 'x-openstack-nova-api-version': '2.1', 'date': 'Wed, 06 Jan 2016 03:08:36 GMT', 'content-type': 'application/json'}
        Body: {"server": {"status": "ACTIVE", "updated": "2016-01-06T03:08:35Z", "hostId": "981e519efe39d6c41511dd4d62dc7175fd26bc60d09511b5622e8fc6", "addresses": {"tempest-network-smoke--1508943428": [{"OS-EXT-IPS-MAC:mac_addr": "fa:16:3e:eb:ee:bb", "version": 4, "addr": "10.100.0.3", "OS-EXT-IPS:type": "fixed"}, {"OS-EXT-IPS-MAC:mac_addr": "fa:16:3e:eb:ee:bb", "version": 4, "addr": "172.24.4.4", "OS-EXT-IPS:type": "floating"}]}, "links": [{"href": "http://10.0.2.15:8774/v2.1/cd0d162cf2564939b41204d58396fb9c/servers/22e26941-ed68-44f3-819b-3b1efa0b91cf", "rel": "self"}, {"href": "http://10.0.2.15:8774/cd0d162cf2564939b41204d58396fb9c/servers/22e26941-ed68-44f3-819b-3b1efa0b91cf", "rel": "bookmark"}], "key_name": "tempest-TestNetworkBasicOps-632682926", "image": {"id": "76a7396b-8b61-4d3a-b2dc-4b5133f008d5", "links": [{"href": "http://10.0.2.15:8774/cd0d162cf2564939b41204d58396fb9c/images/76a7396b-8b61-4d3a-b2dc-4b5133f008d5", "rel": "bookmark"}]}, "OS-EXT-STS:task_state": "deleting", "OS-EXT-STS:vm_state": "active", "OS-SRV-USG:launched_at": "2016-01-06T03:06:31.000000", "flavor": {"id": "42", "links": [{"href": "http://10.0.2.15:8774/cd0d162cf2564939b41204d58396fb9c/flavors/42", "rel": "bookmark"}]}, "id": "22e26941-ed68-44f3-819b-3b1efa0b91cf", "security_groups": [{"name": "tempest-secgroup-smoke-341815328"}], "OS-SRV-USG:terminated_at": null, "OS-EXT-AZ:availability_zone": "nova", "user_id": "46d894af88d246b3b857419f1866c2c5", "name": "tempest.common.compute-instance-286711471", "created": "2016-01-06T03:06:27Z", "tenant_id": "cd0d162cf2564939b41204d58396fb9c", "OS-DCF:diskConfig": "MANUAL", "os-extended-volumes:volumes_attached": [], "accessIPv4": "", "accessIPv6": "", "progress": 0, "OS-EXT-STS:power_state": 1, "config_drive": "True", "metadata": {}}}
2016-01-06 03:08:37,201 6197 INFO     [tempest_lib.common.rest_client] Request (TestNetworkBasicOps:_run_cleanups): 200 GET http://10.0.2.15:8774/v2.1/cd0d162cf2564939b41204d58396fb9c/servers/22e26941-ed68-44f3-819b-3b1efa0b91cf 0.136s
2016-01-06 03:08:37,201 6197 DEBUG    [tempest_lib.common.rest_client] Request - Headers: {'Content-Type': 'application/json', 'Accept': 'application/json', 'X-Auth-Token': '&lt;omitted&gt;'}
        Body: None
    Response - Headers: {'status': '200', 'content-length': '1439', 'content-location': 'http://10.0.2.15:8774/v2.1/cd0d162cf2564939b41204d58396fb9c/servers/22e26941-ed68-44f3-819b-3b1efa0b91cf', 'x-compute-request-id': 'req-d297df60-2c65-4a9e-9f11-41d26982a813', 'vary': 'X-OpenStack-Nova-API-Version', 'connection': 'close', 'x-openstack-nova-api-version': '2.1', 'date': 'Wed, 06 Jan 2016 03:08:37 GMT', 'content-type': 'application/json'}
        Body: {"server": {"status": "ACTIVE", "updated": "2016-01-06T03:08:36Z", "hostId": "981e519efe39d6c41511dd4d62dc7175fd26bc60d09511b5622e8fc6", "addresses": {}, "links": [{"href": "http://10.0.2.15:8774/v2.1/cd0d162cf2564939b41204d58396fb9c/servers/22e26941-ed68-44f3-819b-3b1efa0b91cf", "rel": "self"}, {"href": "http://10.0.2.15:8774/cd0d162cf2564939b41204d58396fb9c/servers/22e26941-ed68-44f3-819b-3b1efa0b91cf", "rel": "bookmark"}], "key_name": "tempest-TestNetworkBasicOps-632682926", "image": {"id": "76a7396b-8b61-4d3a-b2dc-4b5133f008d5", "links": [{"href": "http://10.0.2.15:8774/cd0d162cf2564939b41204d58396fb9c/images/76a7396b-8b61-4d3a-b2dc-4b5133f008d5", "rel": "bookmark"}]}, "OS-EXT-STS:task_state": "deleting", "OS-EXT-STS:vm_state": "active", "OS-SRV-USG:launched_at": "2016-01-06T03:06:31.000000", "flavor": {"id": "42", "links": [{"href": "http://10.0.2.15:8774/cd0d162cf2564939b41204d58396fb9c/flavors/42", "rel": "bookmark"}]}, "id": "22e26941-ed68-44f3-819b-3b1efa0b91cf", "OS-SRV-USG:terminated_at": null, "OS-EXT-AZ:availability_zone": "nova", "user_id": "46d894af88d246b3b857419f1866c2c5", "name": "tempest.common.compute-instance-286711471", "created": "2016-01-06T03:06:27Z", "tenant_id": "cd0d162cf2564939b41204d58396fb9c", "OS-DCF:diskConfig": "MANUAL", "os-extended-volumes:volumes_attached": [], "accessIPv4": "", "accessIPv6": "", "progress": 0, "OS-EXT-STS:power_state": 1, "config_drive": "True", "metadata": {}}}
2016-01-06 03:08:38,293 6197 INFO     [tempest_lib.common.rest_client] Request (TestNetworkBasicOps:_run_cleanups): 404 GET http://10.0.2.15:8774/v2.1/cd0d162cf2564939b41204d58396fb9c/servers/22e26941-ed68-44f3-819b-3b1efa0b91cf 0.080s
2016-01-06 03:08:38,293 6197 DEBUG    [tempest_lib.common.rest_client] Request - Headers: {'Content-Type': 'application/json', 'Accept': 'application/json', 'X-Auth-Token': '&lt;omitted&gt;'}
        Body: None
    Response - Headers: {'status': '404', 'content-length': '111', 'x-compute-request-id': 'req-c8c05f6f-28a8-4592-9ec1-f1a4553bd1fb', 'vary': 'X-OpenStack-Nova-API-Version', 'connection': 'close', 'x-openstack-nova-api-version': '2.1', 'date': 'Wed, 06 Jan 2016 03:08:38 GMT', 'content-type': 'application/json; charset=UTF-8'}
        Body: {"itemNotFound": {"message": "Instance 22e26941-ed68-44f3-819b-3b1efa0b91cf could not be found.", "code": 404}}
2016-01-06 03:08:38,312 6197 INFO     [tempest_lib.common.rest_client] Request (TestNetworkBasicOps:_run_cleanups): 202 DELETE http://10.0.2.15:8774/v2.1/cd0d162cf2564939b41204d58396fb9c/os-keypairs/tempest-TestNetworkBasicOps-632682926 0.017s
2016-01-06 03:08:38,313 6197 DEBUG    [tempest_lib.common.rest_client] Request - Headers: {'Content-Type': 'application/json', 'Accept': 'application/json', 'X-Auth-Token': '&lt;omitted&gt;'}
        Body: None
    Response - Headers: {'status': '202', 'content-length': '0', 'x-compute-request-id': 'req-36a2987f-bd8c-4f1f-9734-7ba12223e5ca', 'vary': 'X-OpenStack-Nova-API-Version', 'connection': 'close', 'x-openstack-nova-api-version': '2.1', 'date': 'Wed, 06 Jan 2016 03:08:38 GMT', 'content-type': 'application/json'}
        Body: 
2016-01-06 03:08:38,724 6197 INFO     [tempest_lib.common.rest_client] Request (TestNetworkBasicOps:_run_cleanups): 200 PUT http://10.0.2.15:9696/v2.0/routers/156684d5-e393-40dd-a562-d9e28ffee94e/remove_router_interface 0.410s
2016-01-06 03:08:38,724 6197 DEBUG    [tempest_lib.common.rest_client] Request - Headers: {'Content-Type': 'application/json', 'Accept': 'application/json', 'X-Auth-Token': '&lt;omitted&gt;'}
        Body: {"subnet_id": "163305a0-5a52-496c-9d20-3483abd03bad"}
    Response - Headers: {'status': '200', 'content-length': '255', 'connection': 'close', 'date': 'Wed, 06 Jan 2016 03:08:38 GMT', 'content-type': 'application/json; charset=UTF-8', 'x-openstack-request-id': 'req-6fe4f06b-c303-4de0-aa7b-0f2ac482fa97'}
        Body: {"subnet_id": "163305a0-5a52-496c-9d20-3483abd03bad", "tenant_id": "cd0d162cf2564939b41204d58396fb9c", "subnet_ids": ["163305a0-5a52-496c-9d20-3483abd03bad"], "port_id": "633c1c56-cf9c-4e1d-8c66-1eacaa79a3ba", "id": "156684d5-e393-40dd-a562-d9e28ffee94e"}
2016-01-06 03:08:39,172 6197 INFO     [tempest_lib.common.rest_client] Request (TestNetworkBasicOps:_run_cleanups): 204 DELETE http://10.0.2.15:9696/v2.0/subnets/163305a0-5a52-496c-9d20-3483abd03bad 0.447s
2016-01-06 03:08:39,172 6197 DEBUG    [tempest_lib.common.rest_client] Request - Headers: {'Content-Type': 'application/json', 'Accept': 'application/json', 'X-Auth-Token': '&lt;omitted&gt;'}
        Body: None
    Response - Headers: {'date': 'Wed, 06 Jan 2016 03:08:39 GMT', 'status': '204', 'connection': 'close', 'content-length': '0', 'x-openstack-request-id': 'req-03463476-a7a9-480d-9f0e-4915e7587708'}
        Body: 
2016-01-06 03:08:39,251 6197 INFO     [tempest_lib.common.rest_client] Request (TestNetworkBasicOps:_run_cleanups): 200 GET http://10.0.2.15:9696/v2.0/routers/156684d5-e393-40dd-a562-d9e28ffee94e 0.078s
2016-01-06 03:08:39,251 6197 DEBUG    [tempest_lib.common.rest_client] Request - Headers: {'Content-Type': 'application/json', 'Accept': 'application/json', 'X-Auth-Token': '&lt;omitted&gt;'}
        Body: None
    Response - Headers: {'status': '200', 'content-length': '563', 'content-location': 'http://10.0.2.15:9696/v2.0/routers/156684d5-e393-40dd-a562-d9e28ffee94e', 'connection': 'close', 'date': 'Wed, 06 Jan 2016 03:08:39 GMT', 'content-type': 'application/json; charset=UTF-8', 'x-openstack-request-id': 'req-74c90703-ea04-45b9-9779-3d4856cbd57a'}
        Body: {"router": {"status": "ACTIVE", "external_gateway_info": {"network_id": "10071dbe-36ae-4fc6-bd64-3df840344e6e", "enable_snat": true, "external_fixed_ips": [{"subnet_id": "e9f0f5a7-0e63-43b0-8d5f-a445308c7ae5", "ip_address": "172.24.4.3"}, {"subnet_id": "f2efa088-18a1-4749-bdb9-f63c5e7c5efa", "ip_address": "2001:db8::3"}]}, "availability_zone_hints": [], "availability_zones": ["nova"], "name": "tempest-router-smoke-580585937", "admin_state_up": true, "tenant_id": "cd0d162cf2564939b41204d58396fb9c", "routes": [], "id": "156684d5-e393-40dd-a562-d9e28ffee94e"}}
2016-01-06 03:08:39,774 6197 INFO     [tempest_lib.common.rest_client] Request (TestNetworkBasicOps:_run_cleanups): 200 PUT http://10.0.2.15:9696/v2.0/routers/156684d5-e393-40dd-a562-d9e28ffee94e 0.522s
2016-01-06 03:08:39,775 6197 DEBUG    [tempest_lib.common.rest_client] Request - Headers: {'Content-Type': 'application/json', 'Accept': 'application/json', 'X-Auth-Token': '&lt;omitted&gt;'}
        Body: {"router": {"external_gateway_info": {}, "name": "tempest-router-smoke-580585937", "admin_state_up": true}}
    Response - Headers: {'status': '200', 'content-length': '301', 'connection': 'close', 'date': 'Wed, 06 Jan 2016 03:08:39 GMT', 'content-type': 'application/json; charset=UTF-8', 'x-openstack-request-id': 'req-9587562d-0829-4487-8f9a-95f97327915d'}
        Body: {"router": {"status": "ACTIVE", "external_gateway_info": null, "availability_zone_hints": [], "availability_zones": ["nova"], "name": "tempest-router-smoke-580585937", "admin_state_up": true, "tenant_id": "cd0d162cf2564939b41204d58396fb9c", "routes": [], "id": "156684d5-e393-40dd-a562-d9e28ffee94e"}}
2016-01-06 03:08:40,098 6197 INFO     [tempest_lib.common.rest_client] Request (TestNetworkBasicOps:_run_cleanups): 204 DELETE http://10.0.2.15:9696/v2.0/routers/156684d5-e393-40dd-a562-d9e28ffee94e 0.323s
2016-01-06 03:08:40,099 6197 DEBUG    [tempest_lib.common.rest_client] Request - Headers: {'Content-Type': 'application/json', 'Accept': 'application/json', 'X-Auth-Token': '&lt;omitted&gt;'}
        Body: None
    Response - Headers: {'date': 'Wed, 06 Jan 2016 03:08:40 GMT', 'status': '204', 'connection': 'close', 'content-length': '0', 'x-openstack-request-id': 'req-1cd79c8e-c277-459b-ac4d-352b7b1cb1f6'}
        Body: 
2016-01-06 03:08:40,320 6197 INFO     [tempest_lib.common.rest_client] Request (TestNetworkBasicOps:_run_cleanups): 204 DELETE http://10.0.2.15:9696/v2.0/networks/4417eb2f-719e-4dfe-be72-05df13237d24 0.220s
2016-01-06 03:08:40,321 6197 DEBUG    [tempest_lib.common.rest_client] Request - Headers: {'Content-Type': 'application/json', 'Accept': 'application/json', 'X-Auth-Token': '&lt;omitted&gt;'}
        Body: None
    Response - Headers: {'date': 'Wed, 06 Jan 2016 03:08:40 GMT', 'status': '204', 'connection': 'close', 'content-length': '0', 'x-openstack-request-id': 'req-86108f21-e341-4615-b373-898cdb11f398'}
        Body: 
2016-01-06 03:08:40,387 6197 INFO     [tempest_lib.common.rest_client] Request (TestNetworkBasicOps:_run_cleanups): 204 DELETE http://10.0.2.15:9696/v2.0/security-group-rules/cbc23205-fab8-4bb9-a67c-a515a3142e6e 0.064s
2016-01-06 03:08:40,387 6197 DEBUG    [tempest_lib.common.rest_client] Request - Headers: {'Content-Type': 'application/json', 'Accept': 'application/json', 'X-Auth-Token': '&lt;omitted&gt;'}
        Body: None
    Response - Headers: {'date': 'Wed, 06 Jan 2016 03:08:40 GMT', 'status': '204', 'connection': 'close', 'content-length': '0', 'x-openstack-request-id': 'req-8d2b1fc2-c407-4d70-aabe-182e8c1c16f9'}
        Body: 
2016-01-06 03:08:40,455 6197 INFO     [tempest_lib.common.rest_client] Request (TestNetworkBasicOps:_run_cleanups): 204 DELETE http://10.0.2.15:9696/v2.0/security-group-rules/25834e14-7ac1-46c7-82be-a7e23af7a316 0.066s
2016-01-06 03:08:40,455 6197 DEBUG    [tempest_lib.common.rest_client] Request - Headers: {'Content-Type': 'application/json', 'Accept': 'application/json', 'X-Auth-Token': '&lt;omitted&gt;'}
        Body: None
    Response - Headers: {'date': 'Wed, 06 Jan 2016 03:08:40 GMT', 'status': '204', 'connection': 'close', 'content-length': '0', 'x-openstack-request-id': 'req-b817d01f-e0e3-4874-9b6c-3d87734ee933'}
        Body: 
2016-01-06 03:08:40,514 6197 INFO     [tempest_lib.common.rest_client] Request (TestNetworkBasicOps:_run_cleanups): 204 DELETE http://10.0.2.15:9696/v2.0/security-group-rules/993b0def-895b-42fd-a864-a37d68779a8e 0.058s
2016-01-06 03:08:40,514 6197 DEBUG    [tempest_lib.common.rest_client] Request - Headers: {'Content-Type': 'application/json', 'Accept': 'application/json', 'X-Auth-Token': '&lt;omitted&gt;'}
        Body: None
    Response - Headers: {'date': 'Wed, 06 Jan 2016 03:08:40 GMT', 'status': '204', 'connection': 'close', 'content-length': '0', 'x-openstack-request-id': 'req-c4ea8d53-fee3-4db2-b0d5-a98986c20666'}
        Body: 
2016-01-06 03:08:40,570 6197 INFO     [tempest_lib.common.rest_client] Request (TestNetworkBasicOps:_run_cleanups): 204 DELETE http://10.0.2.15:9696/v2.0/security-group-rules/56341047-304e-4fce-9a2c-34fe0516723c 0.054s
