<?xml version="1.0" encoding="UTF-8"?>
<!DOCTYPE html PUBLIC "-//W3C//DTD XHTML 1.0 Strict//EN"
     "http://www.w3.org/TR/xhtml1/DTD/xhtml1-strict.dtd">
<html xmlns="http://www.w3.org/1999/xhtml">
<head>
    <title>Unit Test Report</title>
    <meta name="generator" content="subunit2html 0.1"/>
    <meta http-equiv="Content-Type" content="text/html; charset=UTF-8"/>
    
<style type="text/css" media="screen">
body        { font-family: verdana, arial, helvetica, sans-serif;
    font-size: 80%; }
table       { font-size: 100%; width: 100%;}
pre         { font-size: 80%; }

/* -- heading -------------------------------------------------------------- */
h1 {
        font-size: 16pt;
        color: gray;
}
.heading {
    margin-top: 0ex;
    margin-bottom: 1ex;
}

.heading .attribute {
    margin-top: 1ex;
    margin-bottom: 0;
}

.heading .description {
    margin-top: 4ex;
    margin-bottom: 6ex;
}

/* -- css div popup -------------------------------------------------------- */
a.popup_link {
}

a.popup_link:hover {
    color: red;
}

.popup_window {
    display: none;
    overflow-x: scroll;
    /*border: solid #627173 1px; */
    padding: 10px;
    background-color: #E6E6D6;
    font-family: "Ubuntu Mono", "Lucida Console", "Courier New", monospace;
    text-align: left;
    font-size: 8pt;
}

}
/* -- report --------------------------------------------------------------- */
#show_detail_line {
    margin-top: 3ex;
    margin-bottom: 1ex;
}
#result_table {
    width: 100%;
    border-collapse: collapse;
    border: 1px solid #777;
}
#header_row {
    font-weight: bold;
    color: white;
    background-color: #777;
}
#result_table td {
    border: 1px solid #777;
    padding: 2px;
}
#total_row  { font-weight: bold; }
.passClass  { background-color: #6c6; }
.failClass  { background-color: #c60; }
.errorClass { background-color: #c00; }
.passCase   { color: #6c6; }
.failCase   { color: #c60; font-weight: bold; }
.errorCase  { color: #c00; font-weight: bold; }
.hiddenRow  { display: none; }
.testcase   { margin-left: 2em; }
td.testname {width: 40%}
td.small {width: 40px}

/* -- ending --------------------------------------------------------------- */
#ending {
}

</style>

</head>
<body>
<script language="javascript" type="text/javascript"><!--
output_list = Array();

/* level - 0:Summary; 1:Failed; 2:All */
function showCase(level) {
    trs = document.getElementsByTagName("tr");
    for (var i = 0; i < trs.length; i++) {
        tr = trs[i];
        id = tr.id;
        if (id.substr(0,2) == 'ft') {
            if (level < 1) {
                tr.className = 'hiddenRow';
            }
            else {
                tr.className = '';
            }
        }
        if (id.substr(0,2) == 'pt') {
            if (level > 1) {
                tr.className = '';
            }
            else {
                tr.className = 'hiddenRow';
            }
        }
    }
}


function showClassDetail(cid, count) {
    var id_list = Array(count);
    var toHide = 1;
    for (var i = 0; i < count; i++) {
        tid0 = 't' + cid.substr(1) + '.' + (i+1);
        tid = 'f' + tid0;
        tr = document.getElementById(tid);
        if (!tr) {
            tid = 'p' + tid0;
            tr = document.getElementById(tid);
        }
        id_list[i] = tid;
        if (tr.className) {
            toHide = 0;
        }
    }
    for (var i = 0; i < count; i++) {
        tid = id_list[i];
        if (toHide) {
            document.getElementById('div_'+tid).style.display = 'none'
            document.getElementById(tid).className = 'hiddenRow';
        }
        else {
            document.getElementById(tid).className = '';
        }
    }
}


function showTestDetail(div_id){
    var details_div = document.getElementById(div_id)
    var displayState = details_div.style.display
    // alert(displayState)
    if (displayState != 'block' ) {
        displayState = 'block'
        details_div.style.display = 'block'
    }
    else {
        details_div.style.display = 'none'
    }
}


function html_escape(s) {
    s = s.replace(/&/g,'&amp;');
    s = s.replace(/</g,'&lt;');
    s = s.replace(/>/g,'&gt;');
    return s;
}

/* obsoleted by detail in <div>
function showOutput(id, name) {
    var w = window.open("", //url
                    name,
                    "resizable,scrollbars,status,width=800,height=450");
    d = w.document;
    d.write("<pre>");
    d.write(html_escape(output_list[id]));
    d.write("\n");
    d.write("<a href='javascript:window.close()'>close</a>\n");
    d.write("</pre>\n");
    d.close();
}
*/
--></script>

<div class='heading'>
<h1>Unit Test Report</h1>

<p class='attribute'><strong>Status:</strong> Pass 1 Failure 7 Skip 1</p>

<p class='description'></p>
</div>



<p id='show_detail_line'>Show
<a href='javascript:showCase(0)'>Summary</a>
<a href='javascript:showCase(1)'>Failed</a>
<a href='javascript:showCase(2)'>All</a>
</p>
<table id='result_table'>
<colgroup>
<col align='left' />
<col align='right' />
<col align='right' />
<col align='right' />
<col align='right' />
<col align='right' />
<col align='right' />
<col align='right' />
</colgroup>
<tr id='header_row'>
    <td>Test Group/Test case</td>
    <td>Count</td>
    <td>Pass</td>
    <td>Fail</td>
    <td>Error</td>
    <td>Skip</td>
    <td>View</td>
    <td> </td>
</tr>

<tr class='failClass'>
    <td class="testname">tempest.scenario.test_network_basic_ops.TestNetworkBasicOps</td>
    <td class="small">9</td>
    <td class="small">1</td>
    <td class="small">7</td>
    <td class="small">0</td>
    <td class="small">1</td>
    <td class="small"><a href="javascript:showClassDetail('c1',9)"
>Detail</a></td>
    <td> </td>
</tr>

<tr id='ft1.1' class='none'>
    <td class='failCase'><div class='testcase'>test_connectivity_between_vms_on_different_networks[compute,id-1546850e-fbaa-42f5-8b5f-03d8a6a95f15,network]</div></td>
    <td colspan='7' align='left'>

    <!--css div popup start-->
    <a class="popup_link" onfocus='this.blur();'
    href="javascript:showTestDetail('div_ft1.1')" >
        fail</a>

    <div id='div_ft1.1' class="popup_window">
        <div style='text-align: right; color:red;cursor:pointer'>
        <a onfocus='this.blur();'
onclick="document.getElementById('div_ft1.1').style.display = 'none' " >
           [x]</a>
        </div>
        <pre>
        
ft1.1: tempest.scenario.test_network_basic_ops.TestNetworkBasicOps.test_connectivity_between_vms_on_different_networks[compute,id-1546850e-fbaa-42f5-8b5f-03d8a6a95f15,network]_StringException: Empty attachments:
  stderr
  stdout

pythonlogging:'': {{{
2015-12-24 07:29:14,386 21894 INFO     [tempest_lib.common.rest_client] Request (TestNetworkBasicOps:test_connectivity_between_vms_on_different_networks): 201 POST http://10.0.2.15:9696/v2.0/security-groups 0.784s
2015-12-24 07:29:14,387 21894 DEBUG    [tempest_lib.common.rest_client] Request - Headers: {'Content-Type': 'application/json', 'Accept': 'application/json', 'X-Auth-Token': '&lt;omitted&gt;'}
        Body: {"security_group": {"tenant_id": "e90359ff08d1435c8d9e2b9db76a68d9", "description": "tempest-secgroup-smoke-1531815146 description", "name": "tempest-secgroup-smoke-1531815146"}}
    Response - Headers: {'status': '201', 'content-length': '888', 'connection': 'close', 'date': 'Thu, 24 Dec 2015 07:29:14 GMT', 'content-type': 'application/json; charset=UTF-8', 'x-openstack-request-id': 'req-da2fab9d-3eb0-41dc-82b4-51e787f98030'}
        Body: {"security_group": {"tenant_id": "e90359ff08d1435c8d9e2b9db76a68d9", "description": "tempest-secgroup-smoke-1531815146 description", "id": "bff62056-e0fc-4540-a27a-cf9d084a8523", "security_group_rules": [{"remote_group_id": null, "direction": "egress", "remote_ip_prefix": null, "protocol": null, "ethertype": "IPv4", "tenant_id": "e90359ff08d1435c8d9e2b9db76a68d9", "port_range_max": null, "port_range_min": null, "id": "b32c0cd8-18f7-4a37-9fe4-00f36a3f682a", "security_group_id": "bff62056-e0fc-4540-a27a-cf9d084a8523"}, {"remote_group_id": null, "direction": "egress", "remote_ip_prefix": null, "protocol": null, "ethertype": "IPv6", "tenant_id": "e90359ff08d1435c8d9e2b9db76a68d9", "port_range_max": null, "port_range_min": null, "id": "da3ab942-82c3-400d-aacd-4c4f7dc81374", "security_group_id": "bff62056-e0fc-4540-a27a-cf9d084a8523"}], "name": "tempest-secgroup-smoke-1531815146"}}
2015-12-24 07:29:14,513 21894 INFO     [tempest_lib.common.rest_client] Request (TestNetworkBasicOps:test_connectivity_between_vms_on_different_networks): 201 POST http://10.0.2.15:9696/v2.0/security-group-rules 0.124s
2015-12-24 07:29:14,513 21894 DEBUG    [tempest_lib.common.rest_client] Request - Headers: {'Content-Type': 'application/json', 'Accept': 'application/json', 'X-Auth-Token': '&lt;omitted&gt;'}
        Body: {"security_group_rule": {"direction": "ingress", "protocol": "tcp", "tenant_id": "e90359ff08d1435c8d9e2b9db76a68d9", "port_range_max": 22, "security_group_id": "bff62056-e0fc-4540-a27a-cf9d084a8523", "port_range_min": 22}}
    Response - Headers: {'status': '201', 'content-length': '340', 'connection': 'close', 'date': 'Thu, 24 Dec 2015 07:29:14 GMT', 'content-type': 'application/json; charset=UTF-8', 'x-openstack-request-id': 'req-d85bdbf0-fdd9-43f3-8a99-18418924cbb3'}
        Body: {"security_group_rule": {"remote_group_id": null, "direction": "ingress", "remote_ip_prefix": null, "protocol": "tcp", "ethertype": "IPv4", "tenant_id": "e90359ff08d1435c8d9e2b9db76a68d9", "port_range_max": 22, "port_range_min": 22, "id": "1e341ac0-4a6f-4fd4-93c2-06d2c6b3313d", "security_group_id": "bff62056-e0fc-4540-a27a-cf9d084a8523"}}
2015-12-24 07:29:14,778 21894 INFO     [tempest_lib.common.rest_client] Request (TestNetworkBasicOps:test_connectivity_between_vms_on_different_networks): 201 POST http://10.0.2.15:9696/v2.0/security-group-rules 0.264s
2015-12-24 07:29:14,779 21894 DEBUG    [tempest_lib.common.rest_client] Request - Headers: {'Content-Type': 'application/json', 'Accept': 'application/json', 'X-Auth-Token': '&lt;omitted&gt;'}
        Body: {"security_group_rule": {"direction": "egress", "protocol": "tcp", "tenant_id": "e90359ff08d1435c8d9e2b9db76a68d9", "port_range_max": 22, "security_group_id": "bff62056-e0fc-4540-a27a-cf9d084a8523", "port_range_min": 22}}
    Response - Headers: {'status': '201', 'content-length': '339', 'connection': 'close', 'date': 'Thu, 24 Dec 2015 07:29:14 GMT', 'content-type': 'application/json; charset=UTF-8', 'x-openstack-request-id': 'req-433ad1b2-bbb6-42f7-98e3-b9b73228cf0b'}
        Body: {"security_group_rule": {"remote_group_id": null, "direction": "egress", "remote_ip_prefix": null, "protocol": "tcp", "ethertype": "IPv4", "tenant_id": "e90359ff08d1435c8d9e2b9db76a68d9", "port_range_max": 22, "port_range_min": 22, "id": "d453f555-341a-4b6f-9c19-37c41686e18a", "security_group_id": "bff62056-e0fc-4540-a27a-cf9d084a8523"}}
2015-12-24 07:29:14,901 21894 INFO     [tempest_lib.common.rest_client] Request (TestNetworkBasicOps:test_connectivity_between_vms_on_different_networks): 201 POST http://10.0.2.15:9696/v2.0/security-group-rules 0.121s
2015-12-24 07:29:14,901 21894 DEBUG    [tempest_lib.common.rest_client] Request - Headers: {'Content-Type': 'application/json', 'Accept': 'application/json', 'X-Auth-Token': '&lt;omitted&gt;'}
        Body: {"security_group_rule": {"tenant_id": "e90359ff08d1435c8d9e2b9db76a68d9", "direction": "ingress", "protocol": "icmp", "security_group_id": "bff62056-e0fc-4540-a27a-cf9d084a8523"}}
    Response - Headers: {'status': '201', 'content-length': '345', 'connection': 'close', 'date': 'Thu, 24 Dec 2015 07:29:14 GMT', 'content-type': 'application/json; charset=UTF-8', 'x-openstack-request-id': 'req-0d97246c-c46a-4d00-85ad-50b32ba4da99'}
        Body: {"security_group_rule": {"remote_group_id": null, "direction": "ingress", "remote_ip_prefix": null, "protocol": "icmp", "ethertype": "IPv4", "tenant_id": "e90359ff08d1435c8d9e2b9db76a68d9", "port_range_max": null, "port_range_min": null, "id": "38feff89-8462-4afe-80b9-a3b37f8929ad", "security_group_id": "bff62056-e0fc-4540-a27a-cf9d084a8523"}}
2015-12-24 07:29:15,024 21894 INFO     [tempest_lib.common.rest_client] Request (TestNetworkBasicOps:test_connectivity_between_vms_on_different_networks): 201 POST http://10.0.2.15:9696/v2.0/security-group-rules 0.121s
2015-12-24 07:29:15,024 21894 DEBUG    [tempest_lib.common.rest_client] Request - Headers: {'Content-Type': 'application/json', 'Accept': 'application/json', 'X-Auth-Token': '&lt;omitted&gt;'}
        Body: {"security_group_rule": {"tenant_id": "e90359ff08d1435c8d9e2b9db76a68d9", "direction": "egress", "protocol": "icmp", "security_group_id": "bff62056-e0fc-4540-a27a-cf9d084a8523"}}
    Response - Headers: {'status': '201', 'content-length': '344', 'connection': 'close', 'date': 'Thu, 24 Dec 2015 07:29:15 GMT', 'content-type': 'application/json; charset=UTF-8', 'x-openstack-request-id': 'req-c83e2dc9-5005-4e4f-9da7-1a4d600cc9dc'}
        Body: {"security_group_rule": {"remote_group_id": null, "direction": "egress", "remote_ip_prefix": null, "protocol": "icmp", "ethertype": "IPv4", "tenant_id": "e90359ff08d1435c8d9e2b9db76a68d9", "port_range_max": null, "port_range_min": null, "id": "4f6e637c-cfb5-441a-8fc4-080c98442fc7", "security_group_id": "bff62056-e0fc-4540-a27a-cf9d084a8523"}}
2015-12-24 07:29:15,125 21894 INFO     [tempest_lib.common.rest_client] Request (TestNetworkBasicOps:test_connectivity_between_vms_on_different_networks): 201 POST http://10.0.2.15:9696/v2.0/security-group-rules 0.099s
2015-12-24 07:29:15,125 21894 DEBUG    [tempest_lib.common.rest_client] Request - Headers: {'Content-Type': 'application/json', 'Accept': 'application/json', 'X-Auth-Token': '&lt;omitted&gt;'}
        Body: {"security_group_rule": {"tenant_id": "e90359ff08d1435c8d9e2b9db76a68d9", "direction": "ingress", "security_group_id": "bff62056-e0fc-4540-a27a-cf9d084a8523", "protocol": "icmp", "ethertype": "IPv6"}}
    Response - Headers: {'status': '201', 'content-length': '345', 'connection': 'close', 'date': 'Thu, 24 Dec 2015 07:29:15 GMT', 'content-type': 'application/json; charset=UTF-8', 'x-openstack-request-id': 'req-38017fa6-7346-4032-a8fb-f6c71c7e8506'}
        Body: {"security_group_rule": {"remote_group_id": null, "direction": "ingress", "remote_ip_prefix": null, "protocol": "icmp", "ethertype": "IPv6", "tenant_id": "e90359ff08d1435c8d9e2b9db76a68d9", "port_range_max": null, "port_range_min": null, "id": "b4662e57-bc6f-43fc-ae44-285728977c4a", "security_group_id": "bff62056-e0fc-4540-a27a-cf9d084a8523"}}
2015-12-24 07:29:15,228 21894 INFO     [tempest_lib.common.rest_client] Request (TestNetworkBasicOps:test_connectivity_between_vms_on_different_networks): 201 POST http://10.0.2.15:9696/v2.0/security-group-rules 0.102s
2015-12-24 07:29:15,229 21894 DEBUG    [tempest_lib.common.rest_client] Request - Headers: {'Content-Type': 'application/json', 'Accept': 'application/json', 'X-Auth-Token': '&lt;omitted&gt;'}
        Body: {"security_group_rule": {"tenant_id": "e90359ff08d1435c8d9e2b9db76a68d9", "direction": "egress", "security_group_id": "bff62056-e0fc-4540-a27a-cf9d084a8523", "protocol": "icmp", "ethertype": "IPv6"}}
    Response - Headers: {'status': '201', 'content-length': '344', 'connection': 'close', 'date': 'Thu, 24 Dec 2015 07:29:15 GMT', 'content-type': 'application/json; charset=UTF-8', 'x-openstack-request-id': 'req-7002eaf7-aeda-430e-bf54-368c6f53b686'}
        Body: {"security_group_rule": {"remote_group_id": null, "direction": "egress", "remote_ip_prefix": null, "protocol": "icmp", "ethertype": "IPv6", "tenant_id": "e90359ff08d1435c8d9e2b9db76a68d9", "port_range_max": null, "port_range_min": null, "id": "f48e4751-2263-46d6-8f43-0d6f685f8355", "security_group_id": "bff62056-e0fc-4540-a27a-cf9d084a8523"}}
2015-12-24 07:29:15,412 21894 INFO     [tempest_lib.common.rest_client] Request (TestNetworkBasicOps:test_connectivity_between_vms_on_different_networks): 201 POST http://10.0.2.15:9696/v2.0/networks 0.182s
2015-12-24 07:29:15,413 21894 DEBUG    [tempest_lib.common.rest_client] Request - Headers: {'Content-Type': 'application/json', 'Accept': 'application/json', 'X-Auth-Token': '&lt;omitted&gt;'}
        Body: {"network": {"tenant_id": "e90359ff08d1435c8d9e2b9db76a68d9", "name": "tempest-network-smoke--1034658885"}}
    Response - Headers: {'status': '201', 'content-length': '327', 'connection': 'close', 'date': 'Thu, 24 Dec 2015 07:29:15 GMT', 'content-type': 'application/json; charset=UTF-8', 'x-openstack-request-id': 'req-8685d857-640f-4dc3-852b-9071774a4ffb'}
        Body: {"network": {"status": "ACTIVE", "subnets": [], "availability_zone_hints": [], "name": "tempest-network-smoke--1034658885", "admin_state_up": true, "tenant_id": "e90359ff08d1435c8d9e2b9db76a68d9", "mtu": 0, "router:external": false, "shared": false, "port_security_enabled": true, "id": "588a5a16-fc7c-4b20-9965-483102feb393"}}
2015-12-24 07:29:15,500 21894 INFO     [tempest_lib.common.rest_client] Request (TestNetworkBasicOps:test_connectivity_between_vms_on_different_networks): 201 POST http://10.0.2.15:9696/v2.0/routers 0.085s
2015-12-24 07:29:15,500 21894 DEBUG    [tempest_lib.common.rest_client] Request - Headers: {'Content-Type': 'application/json', 'Accept': 'application/json', 'X-Auth-Token': '&lt;omitted&gt;'}
        Body: {"router": {"tenant_id": "e90359ff08d1435c8d9e2b9db76a68d9", "name": "tempest-router-smoke-1051029914", "admin_state_up": true}}
    Response - Headers: {'status': '201', 'content-length': '296', 'connection': 'close', 'date': 'Thu, 24 Dec 2015 07:29:15 GMT', 'content-type': 'application/json; charset=UTF-8', 'x-openstack-request-id': 'req-03704ca6-face-4e53-b647-647ff1fcc47d'}
        Body: {"router": {"status": "ACTIVE", "external_gateway_info": null, "availability_zone_hints": [], "availability_zones": [], "name": "tempest-router-smoke-1051029914", "admin_state_up": true, "tenant_id": "e90359ff08d1435c8d9e2b9db76a68d9", "routes": [], "id": "c653fabc-f5c2-41dc-95c7-d5aa98eaec65"}}
2015-12-24 07:29:15,559 21894 INFO     [tempest_lib.common.rest_client] Request (TestNetworkBasicOps:test_connectivity_between_vms_on_different_networks): 200 GET http://10.0.2.15:9696/v2.0/routers/c653fabc-f5c2-41dc-95c7-d5aa98eaec65 0.057s
2015-12-24 07:29:15,560 21894 DEBUG    [tempest_lib.common.rest_client] Request - Headers: {'Content-Type': 'application/json', 'Accept': 'application/json', 'X-Auth-Token': '&lt;omitted&gt;'}
        Body: None
    Response - Headers: {'status': '200', 'content-length': '296', 'content-location': 'http://10.0.2.15:9696/v2.0/routers/c653fabc-f5c2-41dc-95c7-d5aa98eaec65', 'connection': 'close', 'date': 'Thu, 24 Dec 2015 07:29:15 GMT', 'content-type': 'application/json; charset=UTF-8', 'x-openstack-request-id': 'req-f15c5ec2-ae92-4560-b212-629c98318f86'}
        Body: {"router": {"status": "ACTIVE", "external_gateway_info": null, "availability_zone_hints": [], "availability_zones": [], "name": "tempest-router-smoke-1051029914", "admin_state_up": true, "tenant_id": "e90359ff08d1435c8d9e2b9db76a68d9", "routes": [], "id": "c653fabc-f5c2-41dc-95c7-d5aa98eaec65"}}
2015-12-24 07:29:16,377 21894 INFO     [tempest_lib.common.rest_client] Request (TestNetworkBasicOps:test_connectivity_between_vms_on_different_networks): 200 PUT http://10.0.2.15:9696/v2.0/routers/c653fabc-f5c2-41dc-95c7-d5aa98eaec65 0.816s
2015-12-24 07:29:16,379 21894 DEBUG    [tempest_lib.common.rest_client] Request - Headers: {'Content-Type': 'application/json', 'Accept': 'application/json', 'X-Auth-Token': '&lt;omitted&gt;'}
        Body: {"router": {"external_gateway_info": {"network_id": "b279c70b-3b26-49ce-a048-d8c818685e76"}, "name": "tempest-router-smoke-1051029914", "admin_state_up": true}}
    Response - Headers: {'status': '200', 'content-length': '558', 'connection': 'close', 'date': 'Thu, 24 Dec 2015 07:29:16 GMT', 'content-type': 'application/json; charset=UTF-8', 'x-openstack-request-id': 'req-f10e544b-ecbb-4a77-a7ee-f503279a67d3'}
        Body: {"router": {"status": "ACTIVE", "external_gateway_info": {"network_id": "b279c70b-3b26-49ce-a048-d8c818685e76", "enable_snat": true, "external_fixed_ips": [{"subnet_id": "2a2a0ea0-e697-42ce-ae5a-bba61a75f187", "ip_address": "172.24.4.3"}, {"subnet_id": "cd20cfd9-3b39-4da1-9473-97212625cc92", "ip_address": "2001:db8::4"}]}, "availability_zone_hints": [], "availability_zones": [], "name": "tempest-router-smoke-1051029914", "admin_state_up": true, "tenant_id": "e90359ff08d1435c8d9e2b9db76a68d9", "routes": [], "id": "c653fabc-f5c2-41dc-95c7-d5aa98eaec65"}}
2015-12-24 07:29:16,559 21894 INFO     [tempest_lib.common.rest_client] Request (TestNetworkBasicOps:test_connectivity_between_vms_on_different_networks): 200 GET http://10.0.2.15:9696/v2.0/subnets?tenant_id=e90359ff08d1435c8d9e2b9db76a68d9&amp;cidr=10.100.0.0%2F28 0.179s
2015-12-24 07:29:16,559 21894 DEBUG    [tempest_lib.common.rest_client] Request - Headers: {'Content-Type': 'application/json', 'Accept': 'application/json', 'X-Auth-Token': '&lt;omitted&gt;'}
        Body: None
    Response - Headers: {'status': '200', 'content-length': '15', 'content-location': 'http://10.0.2.15:9696/v2.0/subnets?tenant_id=e90359ff08d1435c8d9e2b9db76a68d9&amp;cidr=10.100.0.0%2F28', 'connection': 'close', 'date': 'Thu, 24 Dec 2015 07:29:16 GMT', 'content-type': 'application/json; charset=UTF-8', 'x-openstack-request-id': 'req-956c8c81-5809-4470-8145-7b538e2d7452'}
        Body: {"subnets": []}
2015-12-24 07:29:16,892 21894 INFO     [tempest_lib.common.rest_client] Request (TestNetworkBasicOps:test_connectivity_between_vms_on_different_networks): 201 POST http://10.0.2.15:9696/v2.0/subnets 0.332s
2015-12-24 07:29:16,892 21894 DEBUG    [tempest_lib.common.rest_client] Request - Headers: {'Content-Type': 'application/json', 'Accept': 'application/json', 'X-Auth-Token': '&lt;omitted&gt;'}
        Body: {"subnet": {"ip_version": 4, "tenant_id": "e90359ff08d1435c8d9e2b9db76a68d9", "cidr": "10.100.0.0/28", "network_id": "588a5a16-fc7c-4b20-9965-483102feb393", "name": "tempest-subnet-smoke-1029691658"}}
    Response - Headers: {'status': '201', 'content-length': '478', 'connection': 'close', 'date': 'Thu, 24 Dec 2015 07:29:16 GMT', 'content-type': 'application/json; charset=UTF-8', 'x-openstack-request-id': 'req-f9ea5536-93bd-4ca9-a0bc-85753127d8f6'}
        Body: {"subnet": {"name": "tempest-subnet-smoke-1029691658", "enable_dhcp": true, "network_id": "588a5a16-fc7c-4b20-9965-483102feb393", "tenant_id": "e90359ff08d1435c8d9e2b9db76a68d9", "dns_nameservers": [], "gateway_ip": "10.100.0.1", "ipv6_ra_mode": null, "allocation_pools": [{"start": "10.100.0.2", "end": "10.100.0.14"}], "host_routes": [], "ip_version": 4, "ipv6_address_mode": null, "cidr": "10.100.0.0/28", "id": "efea62ac-183d-4344-8f05-9b5cc64922c0", "subnetpool_id": null}}
2015-12-24 07:29:17,473 21894 INFO     [tempest_lib.common.rest_client] Request (TestNetworkBasicOps:test_connectivity_between_vms_on_different_networks): 200 PUT http://10.0.2.15:9696/v2.0/routers/c653fabc-f5c2-41dc-95c7-d5aa98eaec65/add_router_interface 0.579s
2015-12-24 07:29:17,474 21894 DEBUG    [tempest_lib.common.rest_client] Request - Headers: {'Content-Type': 'application/json', 'Accept': 'application/json', 'X-Auth-Token': '&lt;omitted&gt;'}
        Body: {"subnet_id": "efea62ac-183d-4344-8f05-9b5cc64922c0"}
    Response - Headers: {'status': '200', 'content-length': '255', 'connection': 'close', 'date': 'Thu, 24 Dec 2015 07:29:17 GMT', 'content-type': 'application/json; charset=UTF-8', 'x-openstack-request-id': 'req-cf05cd34-fe63-48ad-b931-a77bf3ae0644'}
        Body: {"subnet_id": "efea62ac-183d-4344-8f05-9b5cc64922c0", "tenant_id": "e90359ff08d1435c8d9e2b9db76a68d9", "subnet_ids": ["efea62ac-183d-4344-8f05-9b5cc64922c0"], "port_id": "f1fcb50c-7b80-4963-ab7c-8dfae7465edd", "id": "c653fabc-f5c2-41dc-95c7-d5aa98eaec65"}
2015-12-24 07:29:17,527 21894 INFO     [tempest_lib.common.rest_client] Request (TestNetworkBasicOps:test_connectivity_between_vms_on_different_networks): 200 GET http://10.0.2.15:9696/v2.0/networks 0.053s
2015-12-24 07:29:17,527 21894 DEBUG    [tempest_lib.common.rest_client] Request - Headers: {'Content-Type': 'application/json', 'Accept': 'application/json', 'X-Auth-Token': '&lt;omitted&gt;'}
        Body: None
    Response - Headers: {'status': '200', 'content-length': '1507', 'content-location': 'http://10.0.2.15:9696/v2.0/networks', 'connection': 'close', 'date': 'Thu, 24 Dec 2015 07:29:17 GMT', 'content-type': 'application/json; charset=UTF-8', 'x-openstack-request-id': 'req-d9957d0e-35be-4340-a946-d94f275434aa'}
        Body: {"networks": [{"status": "ACTIVE", "subnets": ["7360c182-4e02-4e22-a016-e15cb43a174b", "19375a11-d01f-4643-89b2-d99643c4e241"], "availability_zone_hints": [], "availability_zones": ["nova"], "name": "private", "provider:physical_network": null, "admin_state_up": true, "tenant_id": "906e72dd2a66440d864558f6b8e2229f", "mtu": 0, "router:external": false, "shared": false, "port_security_enabled": true, "provider:network_type": "vxlan", "id": "3d4575d9-ab54-4c3e-bd38-b485add34072", "provider:segmentation_id": 1069}, {"status": "ACTIVE", "subnets": ["cd20cfd9-3b39-4da1-9473-97212625cc92", "2a2a0ea0-e697-42ce-ae5a-bba61a75f187"], "availability_zone_hints": [], "availability_zones": ["nova"], "name": "public", "provider:physical_network": null, "admin_state_up": true, "tenant_id": "10d7ff8b56f04a2bba32c616ab4f1ce0", "mtu": 0, "router:external": true, "shared": false, "port_security_enabled": true, "provider:network_type": "vxlan", "id": "b279c70b-3b26-49ce-a048-d8c818685e76", "provider:segmentation_id": 1042}, {"status": "ACTIVE", "subnets": ["efea62ac-183d-4344-8f05-9b5cc64922c0"], "availability_zone_hints": [], "availability_zones": ["nova"], "name": "tempest-network-smoke--1034658885", "provider:physical_network": null, "admin_state_up": true, "tenant_id": "e90359ff08d1435c8d9e2b9db76a68d9", "mtu": 0, "router:external": false, "shared": false, "port_security_enabled": true, "provider:network_type": "vxlan", "id": "588a5a16-fc7c-4b20-9965-483102feb393", "provider:segmentation_id": 1074}]}
2015-12-24 07:29:17,574 21894 INFO     [tempest_lib.common.rest_client] Request (TestNetworkBasicOps:test_connectivity_between_vms_on_different_networks): 200 GET http://10.0.2.15:9696/v2.0/subnets 0.046s
2015-12-24 07:29:17,575 21894 DEBUG    [tempest_lib.common.rest_client] Request - Headers: {'Content-Type': 'application/json', 'Accept': 'application/json', 'X-Auth-Token': '&lt;omitted&gt;'}
        Body: None
    Response - Headers: {'status': '200', 'content-length': '2408', 'content-location': 'http://10.0.2.15:9696/v2.0/subnets', 'connection': 'close', 'date': 'Thu, 24 Dec 2015 07:29:17 GMT', 'content-type': 'application/json; charset=UTF-8', 'x-openstack-request-id': 'req-eba667fb-231c-4118-b027-35d79750f8be'}
        Body: {"subnets": [{"name": "public-subnet", "enable_dhcp": false, "network_id": "b279c70b-3b26-49ce-a048-d8c818685e76", "tenant_id": "10d7ff8b56f04a2bba32c616ab4f1ce0", "dns_nameservers": [], "gateway_ip": "172.24.4.1", "ipv6_ra_mode": null, "allocation_pools": [{"start": "172.24.4.2", "end": "172.24.4.254"}], "host_routes": [], "ip_version": 4, "ipv6_address_mode": null, "cidr": "172.24.4.0/24", "id": "2a2a0ea0-e697-42ce-ae5a-bba61a75f187", "subnetpool_id": null}, {"name": "tempest-subnet-smoke-1029691658", "enable_dhcp": true, "network_id": "588a5a16-fc7c-4b20-9965-483102feb393", "tenant_id": "e90359ff08d1435c8d9e2b9db76a68d9", "dns_nameservers": [], "gateway_ip": "10.100.0.1", "ipv6_ra_mode": null, "allocation_pools": [{"start": "10.100.0.2", "end": "10.100.0.14"}], "host_routes": [], "ip_version": 4, "ipv6_address_mode": null, "cidr": "10.100.0.0/28", "id": "efea62ac-183d-4344-8f05-9b5cc64922c0", "subnetpool_id": null}, {"name": "ipv6-public-subnet", "enable_dhcp": false, "network_id": "b279c70b-3b26-49ce-a048-d8c818685e76", "tenant_id": "10d7ff8b56f04a2bba32c616ab4f1ce0", "dns_nameservers": [], "gateway_ip": "2001:db8::2", "ipv6_ra_mode": null, "allocation_pools": [{"start": "2001:db8::1", "end": "2001:db8::1"}, {"start": "2001:db8::3", "end": "2001:db8::ffff:ffff:ffff:ffff"}], "host_routes": [], "ip_version": 6, "ipv6_address_mode": null, "cidr": "2001:db8::/64", "id": "cd20cfd9-3b39-4da1-9473-97212625cc92", "subnetpool_id": null}, {"name": "private-subnet", "enable_dhcp": true, "network_id": "3d4575d9-ab54-4c3e-bd38-b485add34072", "tenant_id": "906e72dd2a66440d864558f6b8e2229f", "dns_nameservers": [], "gateway_ip": "10.0.0.1", "ipv6_ra_mode": null, "allocation_pools": [{"start": "10.0.0.2", "end": "10.0.0.254"}], "host_routes": [], "ip_version": 4, "ipv6_address_mode": null, "cidr": "10.0.0.0/24", "id": "19375a11-d01f-4643-89b2-d99643c4e241", "subnetpool_id": null}, {"name": "ipv6-private-subnet", "enable_dhcp": true, "network_id": "3d4575d9-ab54-4c3e-bd38-b485add34072", "tenant_id": "906e72dd2a66440d864558f6b8e2229f", "dns_nameservers": [], "gateway_ip": "fd6e:a3cb:8fa9::1", "ipv6_ra_mode": "slaac", "allocation_pools": [{"start": "fd6e:a3cb:8fa9::2", "end": "fd6e:a3cb:8fa9:0:ffff:ffff:ffff:ffff"}], "host_routes": [], "ip_version": 6, "ipv6_address_mode": "slaac", "cidr": "fd6e:a3cb:8fa9::/64", "id": "7360c182-4e02-4e22-a016-e15cb43a174b", "subnetpool_id": null}]}
2015-12-24 07:29:17,800 21894 INFO     [tempest_lib.common.rest_client] Request (TestNetworkBasicOps:test_connectivity_between_vms_on_different_networks): 200 GET http://10.0.2.15:9696/v2.0/routers 0.224s
2015-12-24 07:29:17,801 21894 DEBUG    [tempest_lib.common.rest_client] Request - Headers: {'Content-Type': 'application/json', 'Accept': 'application/json', 'X-Auth-Token': '&lt;omitted&gt;'}
        Body: None
    Response - Headers: {'status': '200', 'content-length': '1167', 'content-location': 'http://10.0.2.15:9696/v2.0/routers', 'connection': 'close', 'date': 'Thu, 24 Dec 2015 07:29:17 GMT', 'content-type': 'application/json; charset=UTF-8', 'x-openstack-request-id': 'req-8aae3a10-4cc3-4972-acf2-3ee93fa2e844'}
        Body: {"routers": [{"status": "ACTIVE", "external_gateway_info": {"network_id": "b279c70b-3b26-49ce-a048-d8c818685e76", "enable_snat": true, "external_fixed_ips": [{"subnet_id": "2a2a0ea0-e697-42ce-ae5a-bba61a75f187", "ip_address": "172.24.4.3"}, {"subnet_id": "cd20cfd9-3b39-4da1-9473-97212625cc92", "ip_address": "2001:db8::4"}]}, "availability_zone_hints": [], "availability_zones": ["nova"], "name": "tempest-router-smoke-1051029914", "admin_state_up": true, "tenant_id": "e90359ff08d1435c8d9e2b9db76a68d9", "distributed": false, "routes": [], "ha": false, "id": "c653fabc-f5c2-41dc-95c7-d5aa98eaec65"}, {"status": "ACTIVE", "external_gateway_info": {"network_id": "b279c70b-3b26-49ce-a048-d8c818685e76", "enable_snat": true, "external_fixed_ips": [{"subnet_id": "2a2a0ea0-e697-42ce-ae5a-bba61a75f187", "ip_address": "172.24.4.2"}, {"subnet_id": "cd20cfd9-3b39-4da1-9473-97212625cc92", "ip_address": "2001:db8::3"}]}, "availability_zone_hints": [], "availability_zones": ["nova"], "name": "router1", "admin_state_up": true, "tenant_id": "906e72dd2a66440d864558f6b8e2229f", "distributed": false, "routes": [], "ha": false, "id": "e623c5b6-8e08-4769-8b62-270cd6ea0cd3"}]}
2015-12-24 07:29:18,193 21894 INFO     [tempest_lib.common.rest_client] Request (TestNetworkBasicOps:test_connectivity_between_vms_on_different_networks): 200 POST http://10.0.2.15:8774/v2.1/e90359ff08d1435c8d9e2b9db76a68d9/os-keypairs 0.390s
2015-12-24 07:29:18,193 21894 DEBUG    [tempest_lib.common.rest_client] Request - Headers: {'Content-Type': 'application/json', 'Accept': 'application/json', 'X-Auth-Token': '&lt;omitted&gt;'}
        Body: {"keypair": {"name": "tempest-TestNetworkBasicOps-304584819"}}
    Response - Headers: {'status': '200', 'content-length': '2320', 'x-compute-request-id': 'req-deb1540e-cbfc-4021-b08f-1d7e8351f4e8', 'vary': 'X-OpenStack-Nova-API-Version', 'connection': 'close', 'x-openstack-nova-api-version': '2.1', 'date': 'Thu, 24 Dec 2015 07:29:18 GMT', 'content-type': 'application/json'}
        Body: {"keypair": {"public_key": "ssh-rsa AAAAB3NzaC1yc2EAAAADAQABAAABAQChC50Y8zPj8hUtDiGC7SSMTGQMt/XyQm1EMQgw5QzCdiVYxRAv4KjsoKqcuVn5un20ycs8GcSmIl+jZSp7epASTV6oq8SOsx7/KZySxWMQH8ZkKDFbO9Zy/lqXf8jUsA7WAjKeAlDSOCt3UdFqr7MVqFZqIWl3u0bYPEyu76AsqqggXhgsENSRV/Bo6PloeOQond9ZFaJNIOXvDQCuktDTscxhxhMaPQBTpCWOCJ9I+9nmSOC35kik5tI/oSeJQDJlfZ8sfywPETzs3r+tI8Y3PPSLyZasRDx+Yg8D6Ov2iIFbFVabpNL11+qjFbqSyGB5CAMmUpzq/QyBdF2iZV3x Generated-by-Nova", "private_key": "-----BEGIN RSA PRIVATE KEY-----\nMIIEpwIBAAKCAQEAoQudGPMz4/IVLQ4hgu0kjExkDLf18kJtRDEIMOUMwnYlWMUQ\nL+Co7KCqnLlZ+bp9tMnLPBnEpiJfo2Uqe3qQEk1eqKvEjrMe/ymcksVjEB/GZCgx\nWzvWcv5al3/I1LAO1gIyngJQ0jgrd1HRaq+zFahWaiFpd7tG2DxMru+gLKqoIF4Y\nLBDUkVfwaOj5aHjkKJ3fWRWiTSDl7w0ArpLQ07HMYcYTGj0AU6QljgifSPvZ5kjg\nt+ZIpObSP6EniUAyZX2fLH8sDxE87N6/rSPGNzz0i8mWrEQ8fmIPA+jr9oiBWxVW\nm6TS9dfqoxW6kshgeQgDJlKc6v0MgXRdomVd8QIDAQABAoIBAGF94FqMUCt8D6m4\n1jymRuvQCvlQHEnOQMt5S1YeMz09vJoiogv52wl0shQyeO+fIB5j0u7NQqi4QmFu\nCuu5ZKJPyDAf29vvP6KElE6dw7ytH7LeShLLBKWUqU7xgqiO9ExGBFJ3YGoCqv2O\nwFHvj2BbCgUxuOFMtDSPPHTih3rB1exmCKrsvo7NqYQ0653VYGBxqPWBca20/OqM\nNhK+OLfSFfipsZwJmftMjoDPmQoTdolQEEKVBRHNHdjo+rTQRoCh78C1UnCHkYyp\netyAGsi3MBph9Et9RiZgWTVvQR9wdUYmt7MkZJlaQjUt9TotHs1wVVRoRhF2ZtuR\nuZ9PlUkCggCBALdiG1W6cLhczBmN2X83RRNrwT+KDVkIisI2wsYCW5l20QQtZvtT\nEczjXeEaUztani//OVO6uRW/+r8sTKF6ajoXm3uliPO8DG/BfWwRbLh4HNhaAjp9\nJhaZTdWuL2Fv9bTI6Z2/OKfkbHW2jI1o9j5e+i3Izi4+exzeryjzZTGLAoIAgQDg\n0ROpY4LOTLQMvFSV7vd03fAC/Yo/IUK+BGW9MISFkWJQCiXbTlsHA109aOtPJJpk\nOPdN/qBn03KF3exXt4AJ7UW5vUKFWzNZk4f+W1Z52RPyu55bISGfMV8GaZU1njfq\njwWggoZDoNRXBrt3G/IN5szdJHC1y8YWFJ21UNLl8wKCAIAOnWP+ThCDsOmXM8Xc\nrKP1q0XIcZEkwliEp+aX70IrlduMkK2/Y9xsTsaBlR6DAXLP8nA4Kw5rHFS4fahR\nyjbDEHSUwxmKCzeWhH4habYXcYMi/vFkherOLEOWvv4JrumPEeAEcWPrhXnbW8QR\n1Qai6+DWW0WLS/F12I1vHw62hwKCAIBfkuKt7z0LoPYmN+Ypu2Z9y2AelVSxU92A\n1HPAAyFDezP1XOsNGXl/OMHpunHWunPcSY9xG99rZCvalybDf6IyFim/NaNS+BuT\naDG3Q3M2578gQPyoNySI/b8tBbPGEJYq5FR7ESItG/FJcfY+Q6YanNTY6oXz80Yp\n2ufUziBqWwKCAIBwpph/nbZmbHEU/3IRl7D0MMaMpxxlRB0l0h0jD8IB3EV5SEuo\nDps8hZThllaLJvH2WdhK7wgHBn1PwksWyP+xHHgC67BG0EdkSwDARkx80t1M4xkU\n242Yczwcf9jkkRYQrsvbh7+jrXwe404jtxGpDpkZhZnRfr/59xv/rmjg8A==\n-----END RSA PRIVATE KEY-----\n", "user_id": "1de05c3483f54d92919b7d1fac535095", "name": "tempest-TestNetworkBasicOps-304584819", "fingerprint": "82:7f:e0:05:e4:7b:8d:db:a5:b7:1c:e0:28:d5:4f:60"}}
2015-12-24 07:29:18,305 21894 INFO     [tempest_lib.common.rest_client] Request (TestNetworkBasicOps:test_connectivity_between_vms_on_different_networks): 200 POST http://10.0.2.15:5000/v2.0/tokens
2015-12-24 07:29:18,305 21894 DEBUG    [tempest_lib.common.rest_client] Request - Headers: {'Content-Type': 'application/json', 'Accept': 'application/json'}
        Body: &lt;omitted&gt;
    Response - Headers: {'status': '200', 'content-length': '2530', 'vary': 'X-Auth-Token', 'server': 'Apache/2.4.7 (Ubuntu)', 'connection': 'close', 'date': 'Thu, 24 Dec 2015 07:29:18 GMT', 'content-type': 'application/json', 'x-openstack-request-id': 'req-a9fb4599-aca4-4df2-b022-3f4964409bc4'}
        Body: {"access": {"token": {"issued_at": "2015-12-24T07:29:18.292804", "expires": "2015-12-24T08:29:18Z", "id": "a2a7d68a1b4d4871853ceba4bff996a8", "tenant": {"description": "tempest-TestNetworkBasicOps-1155827101-desc", "enabled": true, "id": "e90359ff08d1435c8d9e2b9db76a68d9", "name": "tempest-TestNetworkBasicOps-1155827101"}, "audit_ids": ["31yA0icORkCcb3aBAzsIHA"]}, "serviceCatalog": [{"endpoints": [{"adminURL": "http://10.0.2.15:8774/v2.1/e90359ff08d1435c8d9e2b9db76a68d9", "region": "RegionOne", "internalURL": "http://10.0.2.15:8774/v2.1/e90359ff08d1435c8d9e2b9db76a68d9", "id": "25f2c2b964774fb5a66688dac0ca7656", "publicURL": "http://10.0.2.15:8774/v2.1/e90359ff08d1435c8d9e2b9db76a68d9"}], "endpoints_links": [], "type": "compute", "name": "nova"}, {"endpoints": [{"adminURL": "http://10.0.2.15:9696/", "region": "RegionOne", "internalURL": "http://10.0.2.15:9696/", "id": "923f87393f7e402492ef9d870b01ea09", "publicURL": "http://10.0.2.15:9696/"}], "endpoints_links": [], "type": "network", "name": "neutron"}, {"endpoints": [{"adminURL": "http://10.0.2.15:9292", "region": "RegionOne", "internalURL": "http://10.0.2.15:9292", "id": "1fa44e8d78614bfdbcc55eab9be1ed43", "publicURL": "http://10.0.2.15:9292"}], "endpoints_links": [], "type": "image", "name": "glance"}, {"endpoints": [{"adminURL": "http://10.0.2.15:8774/v2/e90359ff08d1435c8d9e2b9db76a68d9", "region": "RegionOne", "internalURL": "http://10.0.2.15:8774/v2/e90359ff08d1435c8d9e2b9db76a68d9", "id": "0f1c232d21144e45b549523ef58b7cd2", "publicURL": "http://10.0.2.15:8774/v2/e90359ff08d1435c8d9e2b9db76a68d9"}], "endpoints_links": [], "type": "compute_legacy", "name": "nova_legacy"}, {"endpoints": [{"adminURL": "http://10.0.2.15:8773/", "region": "RegionOne", "internalURL": "http://10.0.2.15:8773/", "id": "283d6cf5669e49f2bae4074bcf322e9e", "publicURL": "http://10.0.2.15:8773/"}], "endpoints_links": [], "type": "ec2", "name": "ec2"}, {"endpoints": [{"adminURL": "http://10.0.2.15:35357/v2.0", "region": "RegionOne", "internalURL": "http://10.0.2.15:5000/v2.0", "id": "15dfb30637484500a89ae924ff836881", "publicURL": "http://10.0.2.15:5000/v2.0"}], "endpoints_links": [], "type": "identity", "name": "keystone"}], "user": {"username": "tempest-TestNetworkBasicOps-1746136052", "roles_links": [], "id": "1de05c3483f54d92919b7d1fac535095", "roles": [{"name": "Member"}, {"name": "_member_"}], "name": "tempest-TestNetworkBasicOps-1746136052"}, "metadata": {"is_admin": 0, "roles": ["fe872443e6044a919d1d4d328c9cf049", "9fe2ff9ee4384b1894a90878d3e92bab"]}}}
2015-12-24 07:29:18,312 21894 DEBUG    [tempest.common.fixed_network] (TestNetworkBasicOps:test_connectivity_between_vms_on_different_networks) No valid network provided or created, defaulting to fixed_network_name
2015-12-24 07:29:18,669 21894 INFO     [tempest_lib.common.rest_client] Request (TestNetworkBasicOps:test_connectivity_between_vms_on_different_networks): 200 GET http://10.0.2.15:8774/v2.1/e90359ff08d1435c8d9e2b9db76a68d9/os-networks 0.357s
2015-12-24 07:29:18,670 21894 DEBUG    [tempest_lib.common.rest_client] Request - Headers: {'Content-Type': 'application/json', 'Accept': 'application/json', 'X-Auth-Token': '&lt;omitted&gt;'}
        Body: None
    Response - Headers: {'status': '200', 'content-length': '479', 'content-location': 'http://10.0.2.15:8774/v2.1/e90359ff08d1435c8d9e2b9db76a68d9/os-networks', 'x-compute-request-id': 'req-7a87bbaf-c90a-4a30-bf67-1fa48bcfff82', 'vary': 'X-OpenStack-Nova-API-Version', 'connection': 'close', 'x-openstack-nova-api-version': '2.1', 'date': 'Thu, 24 Dec 2015 07:29:18 GMT', 'content-type': 'application/json'}
        Body: {"networks": [{"cidr_v6": null, "dns2": null, "dns1": null, "gateway": null, "broadcast": null, "netmask": null, "gateway_v6": null, "cidr": null, "label": "public", "id": "b279c70b-3b26-49ce-a048-d8c818685e76", "netmask_v6": null}, {"cidr_v6": null, "dns2": null, "dns1": null, "gateway": null, "broadcast": null, "netmask": null, "gateway_v6": null, "cidr": null, "label": "tempest-network-smoke--1034658885", "id": "588a5a16-fc7c-4b20-9965-483102feb393", "netmask_v6": null}]}
2015-12-24 07:29:18,670 21894 WARNING  [tempest.common.fixed_network] (TestNetworkBasicOps:test_connectivity_between_vms_on_different_networks) Network with name: private not found
2015-12-24 07:29:18,670 21894 INFO     [tempest.common.fixed_network] (TestNetworkBasicOps:test_connectivity_between_vms_on_different_networks) Found network {} available for tenant
2015-12-24 07:29:20,636 21894 INFO     [tempest_lib.common.rest_client] Request (TestNetworkBasicOps:test_connectivity_between_vms_on_different_networks): 202 POST http://10.0.2.15:8774/v2.1/e90359ff08d1435c8d9e2b9db76a68d9/servers 1.965s
2015-12-24 07:29:20,637 21894 DEBUG    [tempest_lib.common.rest_client] Request - Headers: {'Content-Type': 'application/json', 'Accept': 'application/json', 'X-Auth-Token': '&lt;omitted&gt;'}
        Body: {"server": {"name": "tempest.common.compute-instance-887707386", "imageRef": "9eec3d8b-d174-4659-a431-b6e5f8399600", "key_name": "tempest-TestNetworkBasicOps-304584819", "flavorRef": "42", "networks": [{"uuid": "588a5a16-fc7c-4b20-9965-483102feb393"}], "security_groups": [{"name": "tempest-secgroup-smoke-1531815146"}]}}
    Response - Headers: {'status': '202', 'content-length': '462', 'x-compute-request-id': 'req-2aee3d6a-8cfe-4dd0-8bd9-f92476e3a20d', 'vary': 'X-OpenStack-Nova-API-Version', 'connection': 'close', 'location': 'http://10.0.2.15:8774/v2.1/e90359ff08d1435c8d9e2b9db76a68d9/servers/bdcfc57b-6926-4594-a757-f21d14277aba', 'x-openstack-nova-api-version': '2.1', 'date': 'Thu, 24 Dec 2015 07:29:20 GMT', 'content-type': 'application/json'}
        Body: {"server": {"security_groups": [{"name": "tempest-secgroup-smoke-1531815146"}], "OS-DCF:diskConfig": "MANUAL", "id": "bdcfc57b-6926-4594-a757-f21d14277aba", "links": [{"href": "http://10.0.2.15:8774/v2.1/e90359ff08d1435c8d9e2b9db76a68d9/servers/bdcfc57b-6926-4594-a757-f21d14277aba", "rel": "self"}, {"href": "http://10.0.2.15:8774/e90359ff08d1435c8d9e2b9db76a68d9/servers/bdcfc57b-6926-4594-a757-f21d14277aba", "rel": "bookmark"}], "adminPass": "97qFJ4Y9Wvnf"}}
2015-12-24 07:29:20,784 21894 INFO     [tempest_lib.common.rest_client] Request (TestNetworkBasicOps:test_connectivity_between_vms_on_different_networks): 200 GET http://10.0.2.15:8774/v2.1/e90359ff08d1435c8d9e2b9db76a68d9/servers/bdcfc57b-6926-4594-a757-f21d14277aba 0.144s
2015-12-24 07:29:20,784 21894 DEBUG    [tempest_lib.common.rest_client] Request - Headers: {'Content-Type': 'application/json', 'Accept': 'application/json', 'X-Auth-Token': '&lt;omitted&gt;'}
        Body: None
    Response - Headers: {'status': '200', 'content-length': '1354', 'content-location': 'http://10.0.2.15:8774/v2.1/e90359ff08d1435c8d9e2b9db76a68d9/servers/bdcfc57b-6926-4594-a757-f21d14277aba', 'x-compute-request-id': 'req-d17a3e8f-54cd-4200-a2ba-a9bdb599ff6f', 'vary': 'X-OpenStack-Nova-API-Version', 'connection': 'close', 'x-openstack-nova-api-version': '2.1', 'date': 'Thu, 24 Dec 2015 07:29:20 GMT', 'content-type': 'application/json'}
        Body: {"server": {"status": "BUILD", "updated": "2015-12-24T07:29:20Z", "hostId": "", "addresses": {}, "links": [{"href": "http://10.0.2.15:8774/v2.1/e90359ff08d1435c8d9e2b9db76a68d9/servers/bdcfc57b-6926-4594-a757-f21d14277aba", "rel": "self"}, {"href": "http://10.0.2.15:8774/e90359ff08d1435c8d9e2b9db76a68d9/servers/bdcfc57b-6926-4594-a757-f21d14277aba", "rel": "bookmark"}], "key_name": "tempest-TestNetworkBasicOps-304584819", "image": {"id": "9eec3d8b-d174-4659-a431-b6e5f8399600", "links": [{"href": "http://10.0.2.15:8774/e90359ff08d1435c8d9e2b9db76a68d9/images/9eec3d8b-d174-4659-a431-b6e5f8399600", "rel": "bookmark"}]}, "OS-EXT-STS:task_state": "scheduling", "OS-EXT-STS:vm_state": "building", "OS-SRV-USG:launched_at": null, "flavor": {"id": "42", "links": [{"href": "http://10.0.2.15:8774/e90359ff08d1435c8d9e2b9db76a68d9/flavors/42", "rel": "bookmark"}]}, "id": "bdcfc57b-6926-4594-a757-f21d14277aba", "OS-SRV-USG:terminated_at": null, "OS-EXT-AZ:availability_zone": "", "user_id": "1de05c3483f54d92919b7d1fac535095", "name": "tempest.common.compute-instance-887707386", "created": "2015-12-24T07:29:20Z", "tenant_id": "e90359ff08d1435c8d9e2b9db76a68d9", "OS-DCF:diskConfig": "MANUAL", "os-extended-volumes:volumes_attached": [], "accessIPv4": "", "accessIPv6": "", "progress": 0, "OS-EXT-STS:power_state": 0, "config_drive": "", "metadata": {}}}
2015-12-24 07:29:22,027 21894 INFO     [tempest_lib.common.rest_client] Request (TestNetworkBasicOps:test_connectivity_between_vms_on_different_networks): 200 GET http://10.0.2.15:8774/v2.1/e90359ff08d1435c8d9e2b9db76a68d9/servers/bdcfc57b-6926-4594-a757-f21d14277aba 0.234s
2015-12-24 07:29:22,028 21894 DEBUG    [tempest_lib.common.rest_client] Request - Headers: {'Content-Type': 'application/json', 'Accept': 'application/json', 'X-Auth-Token': '&lt;omitted&gt;'}
        Body: None
    Response - Headers: {'status': '200', 'content-length': '1480', 'content-location': 'http://10.0.2.15:8774/v2.1/e90359ff08d1435c8d9e2b9db76a68d9/servers/bdcfc57b-6926-4594-a757-f21d14277aba', 'x-compute-request-id': 'req-f9151efa-ec9f-4378-967f-bb8ceaa6a755', 'vary': 'X-OpenStack-Nova-API-Version', 'connection': 'close', 'x-openstack-nova-api-version': '2.1', 'date': 'Thu, 24 Dec 2015 07:29:22 GMT', 'content-type': 'application/json'}
        Body: {"server": {"status": "BUILD", "updated": "2015-12-24T07:29:21Z", "hostId": "a4c0f2fc100077bd49d61b5ed1df83c3fcc99ae52cd9e42c5ec76985", "addresses": {}, "links": [{"href": "http://10.0.2.15:8774/v2.1/e90359ff08d1435c8d9e2b9db76a68d9/servers/bdcfc57b-6926-4594-a757-f21d14277aba", "rel": "self"}, {"href": "http://10.0.2.15:8774/e90359ff08d1435c8d9e2b9db76a68d9/servers/bdcfc57b-6926-4594-a757-f21d14277aba", "rel": "bookmark"}], "key_name": "tempest-TestNetworkBasicOps-304584819", "image": {"id": "9eec3d8b-d174-4659-a431-b6e5f8399600", "links": [{"href": "http://10.0.2.15:8774/e90359ff08d1435c8d9e2b9db76a68d9/images/9eec3d8b-d174-4659-a431-b6e5f8399600", "rel": "bookmark"}]}, "OS-EXT-STS:task_state": "spawning", "OS-EXT-STS:vm_state": "building", "OS-SRV-USG:launched_at": null, "flavor": {"id": "42", "links": [{"href": "http://10.0.2.15:8774/e90359ff08d1435c8d9e2b9db76a68d9/flavors/42", "rel": "bookmark"}]}, "id": "bdcfc57b-6926-4594-a757-f21d14277aba", "security_groups": [{"name": "tempest-secgroup-smoke-1531815146"}], "OS-SRV-USG:terminated_at": null, "OS-EXT-AZ:availability_zone": "nova", "user_id": "1de05c3483f54d92919b7d1fac535095", "name": "tempest.common.compute-instance-887707386", "created": "2015-12-24T07:29:20Z", "tenant_id": "e90359ff08d1435c8d9e2b9db76a68d9", "OS-DCF:diskConfig": "MANUAL", "os-extended-volumes:volumes_attached": [], "accessIPv4": "", "accessIPv6": "", "progress": 0, "OS-EXT-STS:power_state": 0, "config_drive": "", "metadata": {}}}
2015-12-24 07:29:22,036 21894 INFO     [tempest.common.waiters] State transition "BUILD/scheduling" ==&gt; "BUILD/spawning" after 2 second wait
2015-12-24 07:29:23,467 21894 INFO     [tempest_lib.common.rest_client] Request (TestNetworkBasicOps:test_connectivity_between_vms_on_different_networks): 200 GET http://10.0.2.15:8774/v2.1/e90359ff08d1435c8d9e2b9db76a68d9/servers/bdcfc57b-6926-4594-a757-f21d14277aba 0.428s
2015-12-24 07:29:23,467 21894 DEBUG    [tempest_lib.common.rest_client] Request - Headers: {'Content-Type': 'application/json', 'Accept': 'application/json', 'X-Auth-Token': '&lt;omitted&gt;'}
        Body: None
    Response - Headers: {'status': '200', 'content-length': '1480', 'content-location': 'http://10.0.2.15:8774/v2.1/e90359ff08d1435c8d9e2b9db76a68d9/servers/bdcfc57b-6926-4594-a757-f21d14277aba', 'x-compute-request-id': 'req-9066c643-1ba1-49a8-bce0-8c9db1888ff8', 'vary': 'X-OpenStack-Nova-API-Version', 'connection': 'close', 'x-openstack-nova-api-version': '2.1', 'date': 'Thu, 24 Dec 2015 07:29:23 GMT', 'content-type': 'application/json'}
        Body: {"server": {"status": "BUILD", "updated": "2015-12-24T07:29:21Z", "hostId": "a4c0f2fc100077bd49d61b5ed1df83c3fcc99ae52cd9e42c5ec76985", "addresses": {}, "links": [{"href": "http://10.0.2.15:8774/v2.1/e90359ff08d1435c8d9e2b9db76a68d9/servers/bdcfc57b-6926-4594-a757-f21d14277aba", "rel": "self"}, {"href": "http://10.0.2.15:8774/e90359ff08d1435c8d9e2b9db76a68d9/servers/bdcfc57b-6926-4594-a757-f21d14277aba", "rel": "bookmark"}], "key_name": "tempest-TestNetworkBasicOps-304584819", "image": {"id": "9eec3d8b-d174-4659-a431-b6e5f8399600", "links": [{"href": "http://10.0.2.15:8774/e90359ff08d1435c8d9e2b9db76a68d9/images/9eec3d8b-d174-4659-a431-b6e5f8399600", "rel": "bookmark"}]}, "OS-EXT-STS:task_state": "spawning", "OS-EXT-STS:vm_state": "building", "OS-SRV-USG:launched_at": null, "flavor": {"id": "42", "links": [{"href": "http://10.0.2.15:8774/e90359ff08d1435c8d9e2b9db76a68d9/flavors/42", "rel": "bookmark"}]}, "id": "bdcfc57b-6926-4594-a757-f21d14277aba", "security_groups": [{"name": "tempest-secgroup-smoke-1531815146"}], "OS-SRV-USG:terminated_at": null, "OS-EXT-AZ:availability_zone": "nova", "user_id": "1de05c3483f54d92919b7d1fac535095", "name": "tempest.common.compute-instance-887707386", "created": "2015-12-24T07:29:20Z", "tenant_id": "e90359ff08d1435c8d9e2b9db76a68d9", "OS-DCF:diskConfig": "MANUAL", "os-extended-volumes:volumes_attached": [], "accessIPv4": "", "accessIPv6": "", "progress": 0, "OS-EXT-STS:power_state": 0, "config_drive": "", "metadata": {}}}
2015-12-24 07:29:24,694 21894 INFO     [tempest_lib.common.rest_client] Request (TestNetworkBasicOps:test_connectivity_between_vms_on_different_networks): 200 GET http://10.0.2.15:8774/v2.1/e90359ff08d1435c8d9e2b9db76a68d9/servers/bdcfc57b-6926-4594-a757-f21d14277aba 0.215s
2015-12-24 07:29:24,694 21894 DEBUG    [tempest_lib.common.rest_client] Request - Headers: {'Content-Type': 'application/json', 'Accept': 'application/json', 'X-Auth-Token': '&lt;omitted&gt;'}
        Body: None
    Response - Headers: {'status': '200', 'content-length': '1652', 'content-location': 'http://10.0.2.15:8774/v2.1/e90359ff08d1435c8d9e2b9db76a68d9/servers/bdcfc57b-6926-4594-a757-f21d14277aba', 'x-compute-request-id': 'req-4d5edce7-7a95-4985-a4ee-e2fa46c59e49', 'vary': 'X-OpenStack-Nova-API-Version', 'connection': 'close', 'x-openstack-nova-api-version': '2.1', 'date': 'Thu, 24 Dec 2015 07:29:24 GMT', 'content-type': 'application/json'}
        Body: {"server": {"status": "ACTIVE", "updated": "2015-12-24T07:29:24Z", "hostId": "a4c0f2fc100077bd49d61b5ed1df83c3fcc99ae52cd9e42c5ec76985", "addresses": {"tempest-network-smoke--1034658885": [{"OS-EXT-IPS-MAC:mac_addr": "fa:16:3e:19:99:c9", "version": 4, "addr": "10.100.0.3", "OS-EXT-IPS:type": "fixed"}]}, "links": [{"href": "http://10.0.2.15:8774/v2.1/e90359ff08d1435c8d9e2b9db76a68d9/servers/bdcfc57b-6926-4594-a757-f21d14277aba", "rel": "self"}, {"href": "http://10.0.2.15:8774/e90359ff08d1435c8d9e2b9db76a68d9/servers/bdcfc57b-6926-4594-a757-f21d14277aba", "rel": "bookmark"}], "key_name": "tempest-TestNetworkBasicOps-304584819", "image": {"id": "9eec3d8b-d174-4659-a431-b6e5f8399600", "links": [{"href": "http://10.0.2.15:8774/e90359ff08d1435c8d9e2b9db76a68d9/images/9eec3d8b-d174-4659-a431-b6e5f8399600", "rel": "bookmark"}]}, "OS-EXT-STS:task_state": null, "OS-EXT-STS:vm_state": "active", "OS-SRV-USG:launched_at": "2015-12-24T07:29:23.000000", "flavor": {"id": "42", "links": [{"href": "http://10.0.2.15:8774/e90359ff08d1435c8d9e2b9db76a68d9/flavors/42", "rel": "bookmark"}]}, "id": "bdcfc57b-6926-4594-a757-f21d14277aba", "security_groups": [{"name": "tempest-secgroup-smoke-1531815146"}], "OS-SRV-USG:terminated_at": null, "OS-EXT-AZ:availability_zone": "nova", "user_id": "1de05c3483f54d92919b7d1fac535095", "name": "tempest.common.compute-instance-887707386", "created": "2015-12-24T07:29:20Z", "tenant_id": "e90359ff08d1435c8d9e2b9db76a68d9", "OS-DCF:diskConfig": "MANUAL", "os-extended-volumes:volumes_attached": [], "accessIPv4": "", "accessIPv6": "", "progress": 0, "OS-EXT-STS:power_state": 1, "config_drive": "True", "metadata": {}}}
2015-12-24 07:29:24,704 21894 INFO     [tempest.common.waiters] State transition "BUILD/spawning" ==&gt; "ACTIVE/None" after 4 second wait
2015-12-24 07:29:24,902 21894 INFO     [tempest_lib.common.rest_client] Request (TestNetworkBasicOps:test_connectivity_between_vms_on_different_networks): 200 GET http://10.0.2.15:8774/v2.1/e90359ff08d1435c8d9e2b9db76a68d9/servers/bdcfc57b-6926-4594-a757-f21d14277aba 0.197s
2015-12-24 07:29:24,902 21894 DEBUG    [tempest_lib.common.rest_client] Request - Headers: {'Content-Type': 'application/json', 'Accept': 'application/json', 'X-Auth-Token': '&lt;omitted&gt;'}
        Body: None
    Response - Headers: {'status': '200', 'content-length': '1652', 'content-location': 'http://10.0.2.15:8774/v2.1/e90359ff08d1435c8d9e2b9db76a68d9/servers/bdcfc57b-6926-4594-a757-f21d14277aba', 'x-compute-request-id': 'req-3c3676fe-fbb5-4640-959e-b507903ffe74', 'vary': 'X-OpenStack-Nova-API-Version', 'connection': 'close', 'x-openstack-nova-api-version': '2.1', 'date': 'Thu, 24 Dec 2015 07:29:24 GMT', 'content-type': 'application/json'}
        Body: {"server": {"status": "ACTIVE", "updated": "2015-12-24T07:29:24Z", "hostId": "a4c0f2fc100077bd49d61b5ed1df83c3fcc99ae52cd9e42c5ec76985", "addresses": {"tempest-network-smoke--1034658885": [{"OS-EXT-IPS-MAC:mac_addr": "fa:16:3e:19:99:c9", "version": 4, "addr": "10.100.0.3", "OS-EXT-IPS:type": "fixed"}]}, "links": [{"href": "http://10.0.2.15:8774/v2.1/e90359ff08d1435c8d9e2b9db76a68d9/servers/bdcfc57b-6926-4594-a757-f21d14277aba", "rel": "self"}, {"href": "http://10.0.2.15:8774/e90359ff08d1435c8d9e2b9db76a68d9/servers/bdcfc57b-6926-4594-a757-f21d14277aba", "rel": "bookmark"}], "key_name": "tempest-TestNetworkBasicOps-304584819", "image": {"id": "9eec3d8b-d174-4659-a431-b6e5f8399600", "links": [{"href": "http://10.0.2.15:8774/e90359ff08d1435c8d9e2b9db76a68d9/images/9eec3d8b-d174-4659-a431-b6e5f8399600", "rel": "bookmark"}]}, "OS-EXT-STS:task_state": null, "OS-EXT-STS:vm_state": "active", "OS-SRV-USG:launched_at": "2015-12-24T07:29:23.000000", "flavor": {"id": "42", "links": [{"href": "http://10.0.2.15:8774/e90359ff08d1435c8d9e2b9db76a68d9/flavors/42", "rel": "bookmark"}]}, "id": "bdcfc57b-6926-4594-a757-f21d14277aba", "security_groups": [{"name": "tempest-secgroup-smoke-1531815146"}], "OS-SRV-USG:terminated_at": null, "OS-EXT-AZ:availability_zone": "nova", "user_id": "1de05c3483f54d92919b7d1fac535095", "name": "tempest.common.compute-instance-887707386", "created": "2015-12-24T07:29:20Z", "tenant_id": "e90359ff08d1435c8d9e2b9db76a68d9", "OS-DCF:diskConfig": "MANUAL", "os-extended-volumes:volumes_attached": [], "accessIPv4": "", "accessIPv6": "", "progress": 0, "OS-EXT-STS:power_state": 1, "config_drive": "True", "metadata": {}}}
2015-12-24 07:29:24,911 21894 INFO     [tempest.scenario.manager] Tenant networks not configured to be reachable.
2015-12-24 07:29:24,943 21894 INFO     [tempest_lib.common.rest_client] Request (TestNetworkBasicOps:test_connectivity_between_vms_on_different_networks): 200 GET http://10.0.2.15:9696/v2.0/ports?status=ACTIVE&amp;fixed_ip=None&amp;device_id=bdcfc57b-6926-4594-a757-f21d14277aba 0.031s
2015-12-24 07:29:24,943 21894 DEBUG    [tempest_lib.common.rest_client] Request - Headers: {'Content-Type': 'application/json', 'Accept': 'application/json', 'X-Auth-Token': '&lt;omitted&gt;'}
        Body: None
    Response - Headers: {'status': '200', 'content-length': '895', 'content-location': 'http://10.0.2.15:9696/v2.0/ports?status=ACTIVE&amp;fixed_ip=None&amp;device_id=bdcfc57b-6926-4594-a757-f21d14277aba', 'connection': 'close', 'date': 'Thu, 24 Dec 2015 07:29:24 GMT', 'content-type': 'application/json; charset=UTF-8', 'x-openstack-request-id': 'req-a579aa48-1584-447a-94d5-ae34ddac5c77'}
        Body: {"ports": [{"status": "ACTIVE", "binding:host_id": "vagrant-ubuntu-trusty-64", "allowed_address_pairs": [], "extra_dhcp_opts": [], "dns_assignment": [{"hostname": "host-10-100-0-3", "ip_address": "10.100.0.3", "fqdn": "host-10-100-0-3.openstacklocal."}], "device_owner": "compute:None", "port_security_enabled": true, "binding:profile": {}, "fixed_ips": [{"subnet_id": "efea62ac-183d-4344-8f05-9b5cc64922c0", "ip_address": "10.100.0.3"}], "id": "c6b541b2-b1f7-48bf-9b8e-d3ec4584e0b9", "security_groups": ["bff62056-e0fc-4540-a27a-cf9d084a8523"], "device_id": "bdcfc57b-6926-4594-a757-f21d14277aba", "name": "", "admin_state_up": true, "network_id": "588a5a16-fc7c-4b20-9965-483102feb393", "dns_name": "", "binding:vif_details": {"port_filter": true}, "binding:vnic_type": "normal", "binding:vif_type": "ovs", "tenant_id": "e90359ff08d1435c8d9e2b9db76a68d9", "mac_address": "fa:16:3e:19:99:c9"}]}
2015-12-24 07:29:25,508 21894 INFO     [tempest_lib.common.rest_client] Request (TestNetworkBasicOps:test_connectivity_between_vms_on_different_networks): 201 POST http://10.0.2.15:9696/v2.0/floatingips 0.564s
2015-12-24 07:29:25,508 21894 DEBUG    [tempest_lib.common.rest_client] Request - Headers: {'Content-Type': 'application/json', 'Accept': 'application/json', 'X-Auth-Token': '&lt;omitted&gt;'}
        Body: {"floatingip": {"floating_network_id": "b279c70b-3b26-49ce-a048-d8c818685e76", "tenant_id": "e90359ff08d1435c8d9e2b9db76a68d9", "fixed_ip_address": "10.100.0.3", "port_id": "c6b541b2-b1f7-48bf-9b8e-d3ec4584e0b9"}}
    Response - Headers: {'status': '201', 'content-length': '367', 'connection': 'close', 'date': 'Thu, 24 Dec 2015 07:29:25 GMT', 'content-type': 'application/json; charset=UTF-8', 'x-openstack-request-id': 'req-4ac6a4a1-0810-47bb-9940-5f66fcb2f9f8'}
        Body: {"floatingip": {"floating_network_id": "b279c70b-3b26-49ce-a048-d8c818685e76", "router_id": "c653fabc-f5c2-41dc-95c7-d5aa98eaec65", "fixed_ip_address": "10.100.0.3", "floating_ip_address": "172.24.4.4", "tenant_id": "e90359ff08d1435c8d9e2b9db76a68d9", "status": "DOWN", "port_id": "c6b541b2-b1f7-48bf-9b8e-d3ec4584e0b9", "id": "842b2866-c249-4d67-90e4-e856dfeb1e08"}}
2015-12-24 07:29:25,529 21894 INFO     [tempest_lib.common.rest_client] Request (TestNetworkBasicOps:test_connectivity_between_vms_on_different_networks): 200 GET http://10.0.2.15:9696/v2.0/floatingips/842b2866-c249-4d67-90e4-e856dfeb1e08 0.020s
2015-12-24 07:29:25,529 21894 DEBUG    [tempest_lib.common.rest_client] Request - Headers: {'Content-Type': 'application/json', 'Accept': 'application/json', 'X-Auth-Token': '&lt;omitted&gt;'}
        Body: None
    Response - Headers: {'status': '200', 'content-length': '367', 'content-location': 'http://10.0.2.15:9696/v2.0/floatingips/842b2866-c249-4d67-90e4-e856dfeb1e08', 'connection': 'close', 'date': 'Thu, 24 Dec 2015 07:29:25 GMT', 'content-type': 'application/json; charset=UTF-8', 'x-openstack-request-id': 'req-7394a221-f886-4d89-bd62-31a0215e09b6'}
        Body: {"floatingip": {"floating_network_id": "b279c70b-3b26-49ce-a048-d8c818685e76", "router_id": "c653fabc-f5c2-41dc-95c7-d5aa98eaec65", "fixed_ip_address": "10.100.0.3", "floating_ip_address": "172.24.4.4", "tenant_id": "e90359ff08d1435c8d9e2b9db76a68d9", "status": "DOWN", "port_id": "c6b541b2-b1f7-48bf-9b8e-d3ec4584e0b9", "id": "842b2866-c249-4d67-90e4-e856dfeb1e08"}}
2015-12-24 07:29:26,546 21894 INFO     [tempest_lib.common.rest_client] Request (TestNetworkBasicOps:test_connectivity_between_vms_on_different_networks): 200 GET http://10.0.2.15:9696/v2.0/floatingips/842b2866-c249-4d67-90e4-e856dfeb1e08 0.016s
2015-12-24 07:29:26,546 21894 DEBUG    [tempest_lib.common.rest_client] Request - Headers: {'Content-Type': 'application/json', 'Accept': 'application/json', 'X-Auth-Token': '&lt;omitted&gt;'}
        Body: None
    Response - Headers: {'status': '200', 'content-length': '367', 'content-location': 'http://10.0.2.15:9696/v2.0/floatingips/842b2866-c249-4d67-90e4-e856dfeb1e08', 'connection': 'close', 'date': 'Thu, 24 Dec 2015 07:29:26 GMT', 'content-type': 'application/json; charset=UTF-8', 'x-openstack-request-id': 'req-e9c4bec0-d2cc-4a3e-9758-b360e5f0ff10'}
        Body: {"floatingip": {"floating_network_id": "b279c70b-3b26-49ce-a048-d8c818685e76", "router_id": "c653fabc-f5c2-41dc-95c7-d5aa98eaec65", "fixed_ip_address": "10.100.0.3", "floating_ip_address": "172.24.4.4", "tenant_id": "e90359ff08d1435c8d9e2b9db76a68d9", "status": "DOWN", "port_id": "c6b541b2-b1f7-48bf-9b8e-d3ec4584e0b9", "id": "842b2866-c249-4d67-90e4-e856dfeb1e08"}}
2015-12-24 07:29:27,563 21894 INFO     [tempest_lib.common.rest_client] Request (TestNetworkBasicOps:test_connectivity_between_vms_on_different_networks): 200 GET http://10.0.2.15:9696/v2.0/floatingips/842b2866-c249-4d67-90e4-e856dfeb1e08 0.015s
2015-12-24 07:29:27,564 21894 DEBUG    [tempest_lib.common.rest_client] Request - Headers: {'Content-Type': 'application/json', 'Accept': 'application/json', 'X-Auth-Token': '&lt;omitted&gt;'}
        Body: None
    Response - Headers: {'status': '200', 'content-length': '369', 'content-location': 'http://10.0.2.15:9696/v2.0/floatingips/842b2866-c249-4d67-90e4-e856dfeb1e08', 'connection': 'close', 'date': 'Thu, 24 Dec 2015 07:29:27 GMT', 'content-type': 'application/json; charset=UTF-8', 'x-openstack-request-id': 'req-d93209bc-2502-4d4f-ae13-b1485d6b9d1d'}
        Body: {"floatingip": {"floating_network_id": "b279c70b-3b26-49ce-a048-d8c818685e76", "router_id": "c653fabc-f5c2-41dc-95c7-d5aa98eaec65", "fixed_ip_address": "10.100.0.3", "floating_ip_address": "172.24.4.4", "tenant_id": "e90359ff08d1435c8d9e2b9db76a68d9", "status": "ACTIVE", "port_id": "c6b541b2-b1f7-48bf-9b8e-d3ec4584e0b9", "id": "842b2866-c249-4d67-90e4-e856dfeb1e08"}}
2015-12-24 07:29:27,564 21894 INFO     [tempest.scenario.manager] FloatingIP: &lt;"FloatingIP" addr="172.24.4.4" id="842b2866-c249-4d67-90e4-e856dfeb1e08"&gt; is at status: ACTIVE
2015-12-24 07:29:27,565 21894 DEBUG    [tempest.scenario.manager] checking network connections to IP 172.24.4.4 with user: cirros
2015-12-24 07:29:27,565 21894 DEBUG    [tempest.scenario.manager] TestNetworkBasicOps:test_connectivity_between_vms_on_different_networks begins to ping 172.24.4.4 in 120 sec and the expected result is reachable
2015-12-24 07:31:28,884 21894 DEBUG    [tempest.scenario.manager] TestNetworkBasicOps:test_connectivity_between_vms_on_different_networks finishes ping 172.24.4.4 in 120 sec and the ping result is unexpected
2015-12-24 07:31:28,885 21894 ERROR    [tempest.scenario.manager] Public network connectivity check failed
2015-12-24 07:31:28.885 21894 ERROR tempest.scenario.manager Traceback (most recent call last):
2015-12-24 07:31:28.885 21894 ERROR tempest.scenario.manager   File "tempest/scenario/manager.py", line 609, in check_public_network_connectivity
2015-12-24 07:31:28.885 21894 ERROR tempest.scenario.manager     should_connect=should_connect)
2015-12-24 07:31:28.885 21894 ERROR tempest.scenario.manager   File "tempest/scenario/manager.py", line 593, in check_vm_connectivity
2015-12-24 07:31:28.885 21894 ERROR tempest.scenario.manager     msg=msg)
2015-12-24 07:31:28.885 21894 ERROR tempest.scenario.manager   File "/usr/local/lib/python2.7/dist-packages/unittest2/case.py", line 702, in assertTrue
2015-12-24 07:31:28.885 21894 ERROR tempest.scenario.manager     raise self.failureException(msg)
2015-12-24 07:31:28.885 21894 ERROR tempest.scenario.manager AssertionError: False is not true : Timed out waiting for 172.24.4.4 to become reachable
2015-12-24 07:31:28.885 21894 ERROR tempest.scenario.manager 
2015-12-24 07:31:29,091 21894 INFO     [tempest_lib.common.rest_client] Request (TestNetworkBasicOps:test_connectivity_between_vms_on_different_networks): 200 POST http://10.0.2.15:8774/v2.1/e90359ff08d1435c8d9e2b9db76a68d9/servers/bdcfc57b-6926-4594-a757-f21d14277aba/action 0.201s
2015-12-24 07:31:29,092 21894 DEBUG    [tempest_lib.common.rest_client] Request - Headers: {'Content-Type': 'application/json', 'Accept': 'application/json', 'X-Auth-Token': '&lt;omitted&gt;'}
        Body: {"os-getConsoleOutput": {}}
    Response - Headers: {'status': '200', 'content-length': '17429', 'x-compute-request-id': 'req-7a44ef5d-26f2-4d8c-8c74-20af4b982a17', 'vary': 'X-OpenStack-Nova-API-Version', 'connection': 'close', 'x-openstack-nova-api-version': '2.1', 'date': 'Thu, 24 Dec 2015 07:31:29 GMT', 'content-type': 'application/json'}
        Body: {"output": "[    0.000000] Initializing cgroup subsys cpuset\n[    0.000000] Initializing cgroup subsys cpu\n[    0.000000] Linux version 3.2.0-80-virtual (buildd@batsu) (gcc version 4.6.3 (Ubuntu/Linaro 4.6.3-1ubuntu5) ) #116-Ubuntu SMP Mon Mar 23 17:28:52 UTC 2015 (Ubuntu 3.2.0-80.116-virtual 3.2.68)\n[    0.000000] Command line: root=/dev/vda console=tty0 console=ttyS0 no_timer_check\n[    0.000000] KERNEL supported cpus:\n[    0.000000]   Intel GenuineIntel\n[    0.000000]   AMD AuthenticAMD\n[    0.000000]   Centaur CentaurHauls\n[    0.000000] BIOS-provided physical RAM map:\n[    0.000000]  BIOS-e820: 0000000000000000 - 000000000009fc00 (usable)\n[    0.000000]  BIOS-e820: 000000000009fc00 - 00000000000a0000 (reserved)\n[    0.000000]  BIOS-e820: 00000000000f0000 - 0000000000100000 (reserved)\n[    0.000000]  BIOS-e820: 0000000000100000 - 0000000003ffe000 (usable)\n[    0.000000]  BIOS-e820: 0000000003ffe000 - 0000000004000000 (reserved)\n[    0.000000]  BIOS-e820: 00000000fffc0000 - 0000000100000000 (reserved)\n[    0.000000] NX (Execute Disable) protection: active\n[    0.000000] SMBIOS 2.4 present.\n[    0.000000] No AGP bridge found\n[    0.000000] last_pfn = 0x3ffe max_arch_pfn = 0x400000000\n[    0.000000] x86 PAT enabled: cpu 0, old 0x7040600070406, new 0x7010600070106\n[    0.000000] found SMP MP-table at [ffff8800000f0b00] f0b00\n[    0.000000] init_memory_mapping: 0000000000000000-0000000003ffe000\n[    0.000000] RAMDISK: 03c5e000 - 03ff0000\n[    0.000000] ACPI: RSDP 00000000000f0950 00014 (v00 BOCHS )\n[    0.000000] ACPI: RSDT 0000000003fffbc1 00034 (v01 BOCHS  BXPCRSDT 00000001 BXPC 00000001)\n[    0.000000] ACPI: FACP 0000000003fff1c0 00074 (v01 BOCHS  BXPCFACP 00000001 BXPC 00000001)\n[    0.000000] ACPI: DSDT 0000000003ffe040 01180 (v01 BOCHS  BXPCDSDT 00000001 BXPC 00000001)\n[    0.000000] ACPI: FACS 0000000003ffe000 00040\n[    0.000000] ACPI: SSDT 0000000003fff234 008DD (v01 BOCHS  BXPCSSDT 00000001 BXPC 00000001)\n[    0.000000] ACPI: APIC 0000000003fffb11 00078 (v01 BOCHS  BXPCAPIC 00000001 BXPC 00000001)\n[    0.000000] ACPI: HPET 0000000003fffb89 00038 (v01 BOCHS  BXPCHPET 00000001 BXPC 00000001)\n[    0.000000] No NUMA configuration found\n[    0.000000] Faking a node at 0000000000000000-0000000003ffe000\n[    0.000000] Initmem setup node 0 0000000000000000-0000000003ffe000\n[    0.000000]   NODE_DATA [0000000003ff6000 - 0000000003ffafff]\n[    0.000000] Zone PFN ranges:\n[    0.000000]   DMA      0x00000010 -&gt; 0x00001000\n[    0.000000]   DMA32    0x00001000 -&gt; 0x00100000\n[    0.000000]   Normal   empty\n[    0.000000] Movable zone start PFN for each node\n[    0.000000] early_node_map[2] active PFN ranges\n[    0.000000]     0: 0x00000010 -&gt; 0x0000009f\n[    0.000000]     0: 0x00000100 -&gt; 0x00003ffe\n[    0.000000] ACPI: PM-Timer IO Port: 0xb008\n[    0.000000] ACPI: LAPIC (acpi_id[0x00] lapic_id[0x00] enabled)\n[    0.000000] ACPI: LAPIC_NMI (acpi_id[0xff] dfl dfl lint[0x1])\n[    0.000000] ACPI: IOAPIC (id[0x00] address[0xfec00000] gsi_base[0])\n[    0.000000] IOAPIC[0]: apic_id 0, version 17, address 0xfec00000, GSI 0-23\n[    0.000000] ACPI: INT_SRC_OVR (bus 0 bus_irq 0 global_irq 2 dfl dfl)\n[    0.000000] ACPI: INT_SRC_OVR (bus 0 bus_irq 5 global_irq 5 high level)\n[    0.000000] ACPI: INT_SRC_OVR (bus 0 bus_irq 9 global_irq 9 high level)\n[    0.000000] ACPI: INT_SRC_OVR (bus 0 bus_irq 10 global_irq 10 high level)\n[    0.000000] ACPI: INT_SRC_OVR (bus 0 bus_irq 11 global_irq 11 high level)\n[    0.000000] Using ACPI (MADT) for SMP configuration information\n[    0.000000] ACPI: HPET id: 0x8086a201 base: 0xfed00000\n[    0.000000] SMP: Allowing 1 CPUs, 0 hotplug CPUs\n[    0.000000] PM: Registered nosave memory: 000000000009f000 - 00000000000a0000\n[    0.000000] PM: Registered nosave memory: 00000000000a0000 - 00000000000f0000\n[    0.000000] PM: Registered nosave memory: 00000000000f0000 - 0000000000100000\n[    0.000000] Allocating PCI resources starting at 4000000 (gap: 4000000:fbfc0000)\n[    0.000000] Booting paravirtualized kernel on bare hardware\n[    0.000000] setup_pe
2015-12-24 07:31:29,096 21894 DEBUG    [tempest.scenario.manager] Console output for bdcfc57b-6926-4594-a757-f21d14277aba
body=
[    0.000000] Initializing cgroup subsys cpuset
[    0.000000] Initializing cgroup subsys cpu
[    0.000000] Linux version 3.2.0-80-virtual (buildd@batsu) (gcc version 4.6.3 (Ubuntu/Linaro 4.6.3-1ubuntu5) ) #116-Ubuntu SMP Mon Mar 23 17:28:52 UTC 2015 (Ubuntu 3.2.0-80.116-virtual 3.2.68)
[    0.000000] Command line: root=/dev/vda console=tty0 console=ttyS0 no_timer_check
[    0.000000] KERNEL supported cpus:
[    0.000000]   Intel GenuineIntel
[    0.000000]   AMD AuthenticAMD
[    0.000000]   Centaur CentaurHauls
[    0.000000] BIOS-provided physical RAM map:
[    0.000000]  BIOS-e820: 0000000000000000 - 000000000009fc00 (usable)
[    0.000000]  BIOS-e820: 000000000009fc00 - 00000000000a0000 (reserved)
[    0.000000]  BIOS-e820: 00000000000f0000 - 0000000000100000 (reserved)
[    0.000000]  BIOS-e820: 0000000000100000 - 0000000003ffe000 (usable)
[    0.000000]  BIOS-e820: 0000000003ffe000 - 0000000004000000 (reserved)
[    0.000000]  BIOS-e820: 00000000fffc0000 - 0000000100000000 (reserved)
[    0.000000] NX (Execute Disable) protection: active
[    0.000000] SMBIOS 2.4 present.
[    0.000000] No AGP bridge found
[    0.000000] last_pfn = 0x3ffe max_arch_pfn = 0x400000000
[    0.000000] x86 PAT enabled: cpu 0, old 0x7040600070406, new 0x7010600070106
[    0.000000] found SMP MP-table at [ffff8800000f0b00] f0b00
[    0.000000] init_memory_mapping: 0000000000000000-0000000003ffe000
[    0.000000] RAMDISK: 03c5e000 - 03ff0000
[    0.000000] ACPI: RSDP 00000000000f0950 00014 (v00 BOCHS )
[    0.000000] ACPI: RSDT 0000000003fffbc1 00034 (v01 BOCHS  BXPCRSDT 00000001 BXPC 00000001)
[    0.000000] ACPI: FACP 0000000003fff1c0 00074 (v01 BOCHS  BXPCFACP 00000001 BXPC 00000001)
[    0.000000] ACPI: DSDT 0000000003ffe040 01180 (v01 BOCHS  BXPCDSDT 00000001 BXPC 00000001)
[    0.000000] ACPI: FACS 0000000003ffe000 00040
[    0.000000] ACPI: SSDT 0000000003fff234 008DD (v01 BOCHS  BXPCSSDT 00000001 BXPC 00000001)
[    0.000000] ACPI: APIC 0000000003fffb11 00078 (v01 BOCHS  BXPCAPIC 00000001 BXPC 00000001)
[    0.000000] ACPI: HPET 0000000003fffb89 00038 (v01 BOCHS  BXPCHPET 00000001 BXPC 00000001)
[    0.000000] No NUMA configuration found
[    0.000000] Faking a node at 0000000000000000-0000000003ffe000
[    0.000000] Initmem setup node 0 0000000000000000-0000000003ffe000
[    0.000000]   NODE_DATA [0000000003ff6000 - 0000000003ffafff]
[    0.000000] Zone PFN ranges:
[    0.000000]   DMA      0x00000010 -&gt; 0x00001000
[    0.000000]   DMA32    0x00001000 -&gt; 0x00100000
[    0.000000]   Normal   empty
[    0.000000] Movable zone start PFN for each node
[    0.000000] early_node_map[2] active PFN ranges
[    0.000000]     0: 0x00000010 -&gt; 0x0000009f
[    0.000000]     0: 0x00000100 -&gt; 0x00003ffe
[    0.000000] ACPI: PM-Timer IO Port: 0xb008
[    0.000000] ACPI: LAPIC (acpi_id[0x00] lapic_id[0x00] enabled)
[    0.000000] ACPI: LAPIC_NMI (acpi_id[0xff] dfl dfl lint[0x1])
[    0.000000] ACPI: IOAPIC (id[0x00] address[0xfec00000] gsi_base[0])
[    0.000000] IOAPIC[0]: apic_id 0, version 17, address 0xfec00000, GSI 0-23
[    0.000000] ACPI: INT_SRC_OVR (bus 0 bus_irq 0 global_irq 2 dfl dfl)
[    0.000000] ACPI: INT_SRC_OVR (bus 0 bus_irq 5 global_irq 5 high level)
[    0.000000] ACPI: INT_SRC_OVR (bus 0 bus_irq 9 global_irq 9 high level)
[    0.000000] ACPI: INT_SRC_OVR (bus 0 bus_irq 10 global_irq 10 high level)
[    0.000000] ACPI: INT_SRC_OVR (bus 0 bus_irq 11 global_irq 11 high level)
[    0.000000] Using ACPI (MADT) for SMP configuration information
[    0.000000] ACPI: HPET id: 0x8086a201 base: 0xfed00000
[    0.000000] SMP: Allowing 1 CPUs, 0 hotplug CPUs
[    0.000000] PM: Registered nosave memory: 000000000009f000 - 00000000000a0000
[    0.000000] PM: Registered nosave memory: 00000000000a0000 - 00000000000f0000
[    0.000000] PM: Registered nosave memory: 00000000000f0000 - 0000000000100000
[    0.000000] Allocating PCI resources starting at 4000000 (gap: 4000000:fbfc0000)
[    0.000000] Booting paravirtualized kernel on bare hardware
[    0.000000] setup_percpu: NR_CPUS:64 nr_cpumask_bits:64 nr_cpu_ids:1 nr_node_ids:1
[    0.000000] PERCPU: Embedded 27 pages/cpu @ffff880003a00000 s78848 r8192 d23552 u2097152
[    0.000000] Built 1 zonelists in Node order, mobility grouping on.  Total pages: 16008
[    0.000000] Policy zone: DMA32
[    0.000000] Kernel command line: root=/dev/vda console=tty0 console=ttyS0 no_timer_check
[    0.000000] PID hash table entries: 256 (order: -1, 2048 bytes)
[    0.000000] Checking aperture...
[    0.000000] No AGP bridge found
[    0.000000] Memory: 43492k/65528k available (6576k kernel code, 452k absent, 21584k reserved, 6620k data, 928k init)
[    0.000000] SLUB: Genslabs=15, HWalign=64, Order=0-3, MinObjects=0, CPUs=1, Nodes=1
[    0.000000] Hierarchical RCU implementation.
[    0.000000] 	RCU dyntick-idle grace-period acceleration is enabled.
[    0.000000] NR_IRQS:4352 nr_irqs:256 16
[    0.000000] Console: colour VGA+ 80x25
[    0.000000] console [tty0] enabled
[    0.000000] console [ttyS0] enabled
[    0.000000] allocated 1048576 bytes of page_cgroup
[    0.000000] please try 'cgroup_disable=memory' option if you don't want memory cgroups
[    0.000000] Fast TSC calibration failed
[    0.000000] TSC: Unable to calibrate against PIT
[    0.000000] TSC: using HPET reference calibration
[    0.000000] Detected 2291.144 MHz processor.
[    0.036852] Calibrating delay loop (skipped), value calculated using timer frequency.. 4582.28 BogoMIPS (lpj=9164576)
[    0.038489] pid_max: default: 32768 minimum: 301
[    0.047126] Security Framework initialized
[    0.052602] AppArmor: AppArmor initialized
[    0.053509] Yama: becoming mindful.
[    0.064552] Dentry cache hash table entries: 8192 (order: 4, 65536 bytes)
[    0.066115] Inode-cache hash table entries: 4096 (order: 3, 32768 bytes)
[    0.068779] Mount-cache hash table entries: 256
[    0.086274] Initializing cgroup subsys cpuacct
[    0.087170] Initializing cgroup subsys memory
[    0.088823] Initializing cgroup subsys devices
[    0.089574] Initializing cgroup subsys freezer
[    0.090240] Initializing cgroup subsys blkio
[    0.092205] Initializing cgroup subsys perf_event
[    0.096796] mce: CPU supports 10 MCE banks
[    0.100773] SMP alternatives: switching to UP code
[    0.518934] Freeing SMP alternatives: 24k freed
[    0.520994] ACPI: Core revision 20110623
[    0.576327] ftrace: allocating 26610 entries in 105 pages
[    0.609596] ..TIMER: vector=0x30 apic1=0 pin1=2 apic2=-1 pin2=-1
[    0.612141] CPU0: AMD QEMU Virtual CPU version 2.0.0 stepping 03
[    0.616037] Performance Events: Broken PMU hardware detected, using software events only.
[    0.625640] NMI watchdog disabled (cpu0): hardware events not enabled
[    0.627333] Brought up 1 CPUs
[    0.628106] Total of 1 processors activated (4582.28 BogoMIPS).
[    0.652708] devtmpfs: initialized
[    0.680671] EVM: security.selinux
[    0.681109] EVM: security.SMACK64
[    0.681512] EVM: security.capability
[    0.701470] print_constraints: dummy: 
[    0.703217] RTC time:  7:29:27, date: 12/24/15
[    0.705735] NET: Registered protocol family 16
[    0.714676] ACPI: bus type pci registered
[    0.718503] PCI: Using configuration type 1 for base access
[    0.746704] bio: create slab &lt;bio-0&gt; at 0
[    0.750978] ACPI: Added _OSI(Module Device)
[    0.752126] ACPI: Added _OSI(Processor Device)
[    0.752698] ACPI: Added _OSI(3.0 _SCP Extensions)
[    0.753279] ACPI: Added _OSI(Processor Aggregator Device)
[    0.838395] ACPI: Interpreter enabled
[    0.839013] ACPI: (supports S0 S3 S4 S5)
[    0.844340] ACPI: Using IOAPIC for interrupt routing
[    0.922269] ACPI: No dock devices found.
[    0.924242] HEST: Table not found.
[    0.924903] PCI: Using host bridge windows from ACPI; if necessary, use "pci=nocrs" and report a bug
[    0.930698] ACPI: PCI Root Bridge [PCI0] (domain 0000 [bus 00-ff])
[    0.937458] pci_root PNP0A03:00: host bridge window [io  0x0000-0x0cf7]
[    0.938373] pci_root PNP0A03:00: host bridge window [io  0x0d00-0xadff]
[    0.939203] pci_root PNP0A03:00: host bridge window [io  0xae0f-0xaeff]
[    0.940112] pci_root PNP0A03:00: host bridge window [io  0xaf20-0xafdf]
[    0.941093] pci_root PNP0A03:00: host bridge window [io  0xafe4-0xffff]
[    0.941952] pci_root PNP0A03:00: host bridge window [mem 0x000a0000-0x000bffff]
[    0.944107] pci_root PNP0A03:00: host bridge window [mem 0x04000000-0xfebfffff]
[    0.969746] pci 0000:00:01.3: quirk: [io  0xb000-0xb03f] claimed by PIIX4 ACPI
[    0.972169] pci 0000:00:01.3: quirk: [io  0xb100-0xb10f] claimed by PIIX4 SMB
[    1.040326]  pci0000:00: Unable to request _OSC control (_OSC support mask: 0x1e)
[    1.099619] ACPI: PCI Interrupt Link [LNKA] (IRQs 5 *10 11)
[    1.101667] ACPI: PCI Interrupt Link [LNKB] (IRQs 5 *10 11)
[    1.104306] ACPI: PCI Interrupt Link [LNKC] (IRQs 5 10 *11)
[    1.105951] ACPI: PCI Interrupt Link [LNKD] (IRQs 5 10 *11)
[    1.107444] ACPI: PCI Interrupt Link [LNKS] (IRQs *9)
[    1.114068] vgaarb: device added: PCI:0000:00:02.0,decodes=io+mem,owns=io+mem,locks=none
[    1.114927] vgaarb: loaded
[    1.115359] vgaarb: bridge control possible 0000:00:02.0
[    1.119499] i2c-core: driver [aat2870] using legacy suspend method
[    1.120151] i2c-core: driver [aat2870] using legacy resume method
[    1.122740] SCSI subsystem initialized
[    1.126764] usbcore: registered new interface driver usbfs
[    1.128652] usbcore: registered new interface driver hub
[    1.129889] usbcore: registered new device driver usb
[    1.134328] PCI: Using ACPI for IRQ routing
[    1.145593] NetLabel: Initializing
[    1.146051] NetLabel:  domain hash size = 128
[    1.146618] NetLabel:  protocols = UNLABELED CIPSOv4
[    1.148883] NetLabel:  unlabeled traffic allowed by default
[    1.152286] HPET: 3 timers in total, 0 timers will be used for per-cpu timer
[    1.153362] hpet0: at MMIO 0xfed00000, IRQs 2, 8, 0
[    1.154375] hpet0: 3 comparators, 64-bit 100.000000 MHz counter
[    1.168332] Switching to clocksource hpet
[    1.429421] AppArmor: AppArmor Filesystem Enabled
[    1.430929] pnp: PnP ACPI init
[    1.431570] ACPI: bus type pnp registered
[    1.451035] pnp: PnP ACPI: found 9 devices
[    1.451556] ACPI: ACPI bus type pnp unregistered
[    1.508325] NET: Registered protocol family 2
[    1.550844] IP route cache hash table entries: 512 (order: 0, 4096 bytes)
[    1.557869] TCP established hash table entries: 2048 (order: 3, 32768 bytes)
[    1.559247] TCP bind hash table entries: 2048 (order: 3, 32768 bytes)
[    1.560130] TCP: Hash tables configured (established 2048 bind 2048)
[    1.561637] TCP reno registered
[    1.562196] UDP hash table entries: 128 (order: 0, 4096 bytes)
[    1.563013] UDP-Lite hash table entries: 128 (order: 0, 4096 bytes)
[    1.566326] NET: Registered protocol family 1
[    1.567173] pci 0000:00:00.0: Limiting direct PCI/PCI transfers
[    1.568030] pci 0000:00:01.0: PIIX3: Enabling Passive Release
[    1.569718] pci 0000:00:01.0: Activating ISA DMA hang workarounds
[    1.574650] ACPI: PCI Interrupt Link [LNKD] enabled at IRQ 11
[    1.575623] pci 0000:00:01.2: PCI INT D -&gt; Link[LNKD] -&gt; GSI 11 (level, high) -&gt; IRQ 11
[    1.579050] pci 0000:00:01.2: PCI INT D disabled
[    1.602164] Trying to unpack rootfs image as initramfs...
[    1.619561] audit: initializing netlink socket (disabled)
[    1.623142] type=2000 audit(1450942167.620:1): initialized
[    1.907152] HugeTLB registered 2 MB page size, pre-allocated 0 pages
[    1.975465] VFS: Disk quotas dquot_6.5.2
[    1.978520] Dquot-cache hash table entries: 512 (order 0, 4096 bytes)
[    2.002845] fuse init (API version 7.17)
[    2.005903] msgmni has been set to 84
[    2.043885] Block layer SCSI generic (bsg) driver version 0.4 loaded (major 253)
[    2.054399] io scheduler noop registered
[    2.055041] io scheduler deadline registered (default)
[    2.056130] io scheduler cfq registered
[    2.061178] pci_hotplug: PCI Hot Plug PCI Core version: 0.5
[    2.062436] pciehp: PCI Express Hot Plug Controller Driver version: 0.4
[    2.067870] input: Power Button as /devices/LNXSYSTM:00/LNXPWRBN:00/input/input0
[    2.071486] ACPI: Power Button [PWRF]
[    2.126524] ERST: Table is not found!
[    2.127568] GHES: HEST is not enabled!
[    2.140136] ACPI: PCI Interrupt Link [LNKC] enabled at IRQ 10
[    2.141882] virtio-pci 0000:00:03.0: PCI INT A -&gt; Link[LNKC] -&gt; GSI 10 (level, high) -&gt; IRQ 10
[    2.146665] virtio-pci 0000:00:04.0: PCI INT A -&gt; Link[LNKD] -&gt; GSI 11 (level, high) -&gt; IRQ 11
[    2.166333] ACPI: PCI Interrupt Link [LNKA] enabled at IRQ 10
[    2.167527] virtio-pci 0000:00:05.0: PCI INT A -&gt; Link[LNKA] -&gt; GSI 10 (level, high) -&gt; IRQ 10
[    2.182607] Serial: 8250/16550 driver, 32 ports, IRQ sharing enabled
[    2.227515] serial8250: ttyS0 at I/O 0x3f8 (irq = 4) is a 16550A
[    2.316952] serial8250: ttyS1 at I/O 0x2f8 (irq = 3) is a 16550A
[    2.457604] 00:05: ttyS0 at I/O 0x3f8 (irq = 4) is a 16550A
[    2.534763] 00:06: ttyS1 at I/O 0x2f8 (irq = 3) is a 16550A
[    2.578243] Linux agpgart interface v0.103
[    2.586033] Refined TSC clocksource calibration: 2291.124 MHz.
[    2.586833] Switching to clocksource tsc
[    2.639090] brd: module loaded
[    2.670832] loop: module loaded
[    2.731514]  vda: unknown partition table
[    2.785216] scsi0 : ata_piix
[    2.787697] scsi1 : ata_piix
[    2.789645] ata1: PATA max MWDMA2 cmd 0x1f0 ctl 0x3f6 bmdma 0xc0a0 irq 14
[    2.790455] ata2: PATA max MWDMA2 cmd 0x170 ctl 0x376 bmdma 0xc0a8 irq 15
[    2.801201] Fixed MDIO Bus: probed
[    2.802109] tun: Universal TUN/TAP device driver, 1.6
[    2.802749] tun: (C) 1999-2004 Max Krasnyansky &lt;maxk@qualcomm.com&gt;
[    2.817863] PPP generic driver version 2.4.2
[    2.843708] ehci_hcd: USB 2.0 'Enhanced' Host Controller (EHCI) Driver
[    2.845731] ohci_hcd: USB 1.1 'Open' Host Controller (OHCI) Driver
[    2.846651] uhci_hcd: USB Universal Host Controller Interface driver
[    2.847895] uhci_hcd 0000:00:01.2: PCI INT D -&gt; Link[LNKD] -&gt; GSI 11 (level, high) -&gt; IRQ 11
[    2.851200] uhci_hcd 0000:00:01.2: UHCI Host Controller
[    2.863378] uhci_hcd 0000:00:01.2: new USB bus registered, assigned bus number 1
[    2.866202] uhci_hcd 0000:00:01.2: irq 11, io base 0x0000c040
[    2.895920] hub 1-0:1.0: USB hub found
[    2.897445] hub 1-0:1.0: 2 ports detected
[    2.906858] usbcore: registered new interface driver libusual
[    2.911021] i8042: PNP: PS/2 Controller [PNP0303:KBD,PNP0f13:MOU] at 0x60,0x64 irq 1,12
[    2.922778] serio: i8042 KBD port at 0x60,0x64 irq 1
[    2.925847] serio: i8042 AUX port at 0x60,0x64 irq 12
[    2.971459] mousedev: PS/2 mouse device common for all mice
[    2.982006] input: AT Translated Set 2 keyboard as /devices/platform/i8042/serio0/input/input1
[    2.995823] rtc_cmos 00:01: RTC can wake from S4
[    3.006658] rtc_cmos 00:01: rtc core: registered rtc_cmos as rtc0
[    3.011797] rtc0: alarms up to one day, 114 bytes nvram, hpet irqs
[    3.014864] device-mapper: uevent: version 1.0.3
[    3.038138] ata2.01: ATAPI: QEMU DVD-ROM, 2.0.0, max UDMA/100
[    3.046739] device-mapper: ioctl: 4.22.0-ioctl (2011-10-19) initialised: dm-devel@redhat.com
[    3.050011] cpuidle: using governor ladder
[    3.051865] cpuidle: using governor menu
[    3.052928] EFI Variables Facility v0.08 2004-May-17
[    3.064048] TCP cubic registered
[    3.067876] NET: Registered protocol family 10
[    3.091325] NET: Registered protocol family 17
[    3.091817] Registering the dns_resolver key type
[    3.098056] ata2.01: configured for MWDMA2
[    3.139900] scsi 1:0:1:0: CD-ROM            QEMU     QEMU DVD-ROM     2.0. PQ: 0 ANSI: 5
[    3.175549] sr0: scsi3-mmc drive: 4x/4x cd/rw xa/form2 tray
[    3.178467] cdrom: Uniform CD-ROM driver Revision: 3.20
[    3.188109] sr 1:0:1:0: Attached scsi generic sg0 type 5
[    3.223345] registered taskstats version 1
[    3.337102] Freeing initrd memory: 3656k freed
[    3.869982]   Magic number: 11:507:471
[    3.882377] rtc_cmos 00:01: setting system clock to 2015-12-24 07:29:30 UTC (1450942170)
[    3.886248] powernow-k8: Processor cpuid 663 not supported
[    3.891825] BIOS EDD facility v0.16 2004-Jun-25, 0 devices found
[    3.894459] EDD information not available.
[    3.964121] Freeing unused kernel memory: 928k freed
[    3.969476] Write protecting the kernel read-only data: 12288k
[    4.093655] Freeing unused kernel memory: 1596k freed
[    4.172095] Freeing unused kernel memory: 1184k freed

info: initramfs: up at 4.36
modprobe: module virtio_blk not found in modules.dep
modprobe: module virtio_net not found in modules.dep
info: copying initramfs to /dev/vda
info: initramfs loading root from /dev/vda
info: /etc/init.d/rc.sysinit: up at 9.15
info: container: none
Starting logging: OK
modprobe: module virtio_blk not found in modules.dep
modprobe: module virtio_net not found in modules.dep
WARN: /etc/rc3.d/S10-load-modules failed
Initializing random number generator... done.
Starting acpid: OK
cirros-ds 'local' up at 11.74
found datasource (configdrive, local)
Starting network...
udhcpc (v1.20.1) started
Sending discover...
Sending discover...

2015-12-24 07:31:29,464 21894 INFO     [tempest_lib.common.rest_client] Request (TestNetworkBasicOps:_run_cleanups): 204 DELETE http://10.0.2.15:9696/v2.0/floatingips/842b2866-c249-4d67-90e4-e856dfeb1e08 0.363s
2015-12-24 07:31:29,464 21894 DEBUG    [tempest_lib.common.rest_client] Request - Headers: {'Content-Type': 'application/json', 'Accept': 'application/json', 'X-Auth-Token': '&lt;omitted&gt;'}
        Body: None
    Response - Headers: {'date': 'Thu, 24 Dec 2015 07:31:29 GMT', 'status': '204', 'connection': 'close', 'content-length': '0', 'x-openstack-request-id': 'req-512f6201-d549-4421-8fb7-7911243add31'}
        Body: 
2015-12-24 07:31:29,795 21894 INFO     [tempest_lib.common.rest_client] Request (TestNetworkBasicOps:_run_cleanups): 204 DELETE http://10.0.2.15:8774/v2.1/e90359ff08d1435c8d9e2b9db76a68d9/servers/bdcfc57b-6926-4594-a757-f21d14277aba 0.330s
2015-12-24 07:31:29,796 21894 DEBUG    [tempest_lib.common.rest_client] Request - Headers: {'Content-Type': 'application/json', 'Accept': 'application/json', 'X-Auth-Token': '&lt;omitted&gt;'}
        Body: None
    Response - Headers: {'status': '204', 'content-length': '0', 'x-compute-request-id': 'req-a4e5e662-33b3-484c-be9c-a2eab5f00414', 'vary': 'X-OpenStack-Nova-API-Version', 'connection': 'close', 'x-openstack-nova-api-version': '2.1', 'date': 'Thu, 24 Dec 2015 07:31:29 GMT', 'content-type': 'application/json'}
        Body: 
2015-12-24 07:31:30,035 21894 INFO     [tempest_lib.common.rest_client] Request (TestNetworkBasicOps:_run_cleanups): 200 GET http://10.0.2.15:8774/v2.1/e90359ff08d1435c8d9e2b9db76a68d9/servers/bdcfc57b-6926-4594-a757-f21d14277aba 0.238s
2015-12-24 07:31:30,035 21894 DEBUG    [tempest_lib.common.rest_client] Request - Headers: {'Content-Type': 'application/json', 'Accept': 'application/json', 'X-Auth-Token': '&lt;omitted&gt;'}
        Body: None
    Response - Headers: {'status': '200', 'content-length': '1775', 'content-location': 'http://10.0.2.15:8774/v2.1/e90359ff08d1435c8d9e2b9db76a68d9/servers/bdcfc57b-6926-4594-a757-f21d14277aba', 'x-compute-request-id': 'req-c3ad043e-ebd8-49c1-bef1-4937e6a25c0c', 'vary': 'X-OpenStack-Nova-API-Version', 'connection': 'close', 'x-openstack-nova-api-version': '2.1', 'date': 'Thu, 24 Dec 2015 07:31:30 GMT', 'content-type': 'application/json'}
        Body: {"server": {"status": "ACTIVE", "updated": "2015-12-24T07:31:29Z", "hostId": "a4c0f2fc100077bd49d61b5ed1df83c3fcc99ae52cd9e42c5ec76985", "addresses": {"tempest-network-smoke--1034658885": [{"OS-EXT-IPS-MAC:mac_addr": "fa:16:3e:19:99:c9", "version": 4, "addr": "10.100.0.3", "OS-EXT-IPS:type": "fixed"}, {"OS-EXT-IPS-MAC:mac_addr": "fa:16:3e:19:99:c9", "version": 4, "addr": "172.24.4.4", "OS-EXT-IPS:type": "floating"}]}, "links": [{"href": "http://10.0.2.15:8774/v2.1/e90359ff08d1435c8d9e2b9db76a68d9/servers/bdcfc57b-6926-4594-a757-f21d14277aba", "rel": "self"}, {"href": "http://10.0.2.15:8774/e90359ff08d1435c8d9e2b9db76a68d9/servers/bdcfc57b-6926-4594-a757-f21d14277aba", "rel": "bookmark"}], "key_name": "tempest-TestNetworkBasicOps-304584819", "image": {"id": "9eec3d8b-d174-4659-a431-b6e5f8399600", "links": [{"href": "http://10.0.2.15:8774/e90359ff08d1435c8d9e2b9db76a68d9/images/9eec3d8b-d174-4659-a431-b6e5f8399600", "rel": "bookmark"}]}, "OS-EXT-STS:task_state": "deleting", "OS-EXT-STS:vm_state": "active", "OS-SRV-USG:launched_at": "2015-12-24T07:29:23.000000", "flavor": {"id": "42", "links": [{"href": "http://10.0.2.15:8774/e90359ff08d1435c8d9e2b9db76a68d9/flavors/42", "rel": "bookmark"}]}, "id": "bdcfc57b-6926-4594-a757-f21d14277aba", "security_groups": [{"name": "tempest-secgroup-smoke-1531815146"}], "OS-SRV-USG:terminated_at": null, "OS-EXT-AZ:availability_zone": "nova", "user_id": "1de05c3483f54d92919b7d1fac535095", "name": "tempest.common.compute-instance-887707386", "created": "2015-12-24T07:29:20Z", "tenant_id": "e90359ff08d1435c8d9e2b9db76a68d9", "OS-DCF:diskConfig": "MANUAL", "os-extended-volumes:volumes_attached": [], "accessIPv4": "", "accessIPv6": "", "progress": 0, "OS-EXT-STS:power_state": 1, "config_drive": "True", "metadata": {}}}
2015-12-24 07:31:31,201 21894 INFO     [tempest_lib.common.rest_client] Request (TestNetworkBasicOps:_run_cleanups): 200 GET http://10.0.2.15:8774/v2.1/e90359ff08d1435c8d9e2b9db76a68d9/servers/bdcfc57b-6926-4594-a757-f21d14277aba 0.149s
2015-12-24 07:31:31,202 21894 DEBUG    [tempest_lib.common.rest_client] Request - Headers: {'Content-Type': 'application/json', 'Accept': 'application/json', 'X-Auth-Token': '&lt;omitted&gt;'}
        Body: None
    Response - Headers: {'status': '200', 'content-length': '1439', 'content-location': 'http://10.0.2.15:8774/v2.1/e90359ff08d1435c8d9e2b9db76a68d9/servers/bdcfc57b-6926-4594-a757-f21d14277aba', 'x-compute-request-id': 'req-6e88a5c1-3710-4ef0-ab48-ad2385772c95', 'vary': 'X-OpenStack-Nova-API-Version', 'connection': 'close', 'x-openstack-nova-api-version': '2.1', 'date': 'Thu, 24 Dec 2015 07:31:31 GMT', 'content-type': 'application/json'}
        Body: {"server": {"status": "ACTIVE", "updated": "2015-12-24T07:31:30Z", "hostId": "a4c0f2fc100077bd49d61b5ed1df83c3fcc99ae52cd9e42c5ec76985", "addresses": {}, "links": [{"href": "http://10.0.2.15:8774/v2.1/e90359ff08d1435c8d9e2b9db76a68d9/servers/bdcfc57b-6926-4594-a757-f21d14277aba", "rel": "self"}, {"href": "http://10.0.2.15:8774/e90359ff08d1435c8d9e2b9db76a68d9/servers/bdcfc57b-6926-4594-a757-f21d14277aba", "rel": "bookmark"}], "key_name": "tempest-TestNetworkBasicOps-304584819", "image": {"id": "9eec3d8b-d174-4659-a431-b6e5f8399600", "links": [{"href": "http://10.0.2.15:8774/e90359ff08d1435c8d9e2b9db76a68d9/images/9eec3d8b-d174-4659-a431-b6e5f8399600", "rel": "bookmark"}]}, "OS-EXT-STS:task_state": "deleting", "OS-EXT-STS:vm_state": "active", "OS-SRV-USG:launched_at": "2015-12-24T07:29:23.000000", "flavor": {"id": "42", "links": [{"href": "http://10.0.2.15:8774/e90359ff08d1435c8d9e2b9db76a68d9/flavors/42", "rel": "bookmark"}]}, "id": "bdcfc57b-6926-4594-a757-f21d14277aba", "OS-SRV-USG:terminated_at": null, "OS-EXT-AZ:availability_zone": "nova", "user_id": "1de05c3483f54d92919b7d1fac535095", "name": "tempest.common.compute-instance-887707386", "created": "2015-12-24T07:29:20Z", "tenant_id": "e90359ff08d1435c8d9e2b9db76a68d9", "OS-DCF:diskConfig": "MANUAL", "os-extended-volumes:volumes_attached": [], "accessIPv4": "", "accessIPv6": "", "progress": 0, "OS-EXT-STS:power_state": 1, "config_drive": "True", "metadata": {}}}
2015-12-24 07:31:32,303 21894 INFO     [tempest_lib.common.rest_client] Request (TestNetworkBasicOps:_run_cleanups): 404 GET http://10.0.2.15:8774/v2.1/e90359ff08d1435c8d9e2b9db76a68d9/servers/bdcfc57b-6926-4594-a757-f21d14277aba 0.090s
2015-12-24 07:31:32,303 21894 DEBUG    [tempest_lib.common.rest_client] Request - Headers: {'Content-Type': 'application/json', 'Accept': 'application/json', 'X-Auth-Token': '&lt;omitted&gt;'}
        Body: None
    Response - Headers: {'status': '404', 'content-length': '111', 'x-compute-request-id': 'req-2af29930-cc53-4da2-a6e9-b5d3533de924', 'vary': 'X-OpenStack-Nova-API-Version', 'connection': 'close', 'x-openstack-nova-api-version': '2.1', 'date': 'Thu, 24 Dec 2015 07:31:32 GMT', 'content-type': 'application/json; charset=UTF-8'}
        Body: {"itemNotFound": {"message": "Instance bdcfc57b-6926-4594-a757-f21d14277aba could not be found.", "code": 404}}
2015-12-24 07:31:32,322 21894 INFO     [tempest_lib.common.rest_client] Request (TestNetworkBasicOps:_run_cleanups): 202 DELETE http://10.0.2.15:8774/v2.1/e90359ff08d1435c8d9e2b9db76a68d9/os-keypairs/tempest-TestNetworkBasicOps-304584819 0.017s
2015-12-24 07:31:32,323 21894 DEBUG    [tempest_lib.common.rest_client] Request - Headers: {'Content-Type': 'application/json', 'Accept': 'application/json', 'X-Auth-Token': '&lt;omitted&gt;'}
        Body: None
    Response - Headers: {'status': '202', 'content-length': '0', 'x-compute-request-id': 'req-ece75584-ea58-4ba4-ab89-d058d491b09f', 'vary': 'X-OpenStack-Nova-API-Version', 'connection': 'close', 'x-openstack-nova-api-version': '2.1', 'date': 'Thu, 24 Dec 2015 07:31:32 GMT', 'content-type': 'application/json'}
        Body: 
2015-12-24 07:31:32,738 21894 INFO     [tempest_lib.common.rest_client] Request (TestNetworkBasicOps:_run_cleanups): 200 PUT http://10.0.2.15:9696/v2.0/routers/c653fabc-f5c2-41dc-95c7-d5aa98eaec65/remove_router_interface 0.414s
2015-12-24 07:31:32,739 21894 DEBUG    [tempest_lib.common.rest_client] Request - Headers: {'Content-Type': 'application/json', 'Accept': 'application/json', 'X-Auth-Token': '&lt;omitted&gt;'}
        Body: {"subnet_id": "efea62ac-183d-4344-8f05-9b5cc64922c0"}
    Response - Headers: {'status': '200', 'content-length': '255', 'connection': 'close', 'date': 'Thu, 24 Dec 2015 07:31:32 GMT', 'content-type': 'application/json; charset=UTF-8', 'x-openstack-request-id': 'req-71457fba-c5dc-4a41-aa2b-d27391be2ad2'}
        Body: {"subnet_id": "efea62ac-183d-4344-8f05-9b5cc64922c0", "tenant_id": "e90359ff08d1435c8d9e2b9db76a68d9", "subnet_ids": ["efea62ac-183d-4344-8f05-9b5cc64922c0"], "port_id": "f1fcb50c-7b80-4963-ab7c-8dfae7465edd", "id": "c653fabc-f5c2-41dc-95c7-d5aa98eaec65"}
2015-12-24 07:31:33,194 21894 INFO     [tempest_lib.common.rest_client] Request (TestNetworkBasicOps:_run_cleanups): 204 DELETE http://10.0.2.15:9696/v2.0/subnets/efea62ac-183d-4344-8f05-9b5cc64922c0 0.454s
2015-12-24 07:31:33,194 21894 DEBUG    [tempest_lib.common.rest_client] Request - Headers: {'Content-Type': 'application/json', 'Accept': 'application/json', 'X-Auth-Token': '&lt;omitted&gt;'}
        Body: None
    Response - Headers: {'date': 'Thu, 24 Dec 2015 07:31:33 GMT', 'status': '204', 'connection': 'close', 'content-length': '0', 'x-openstack-request-id': 'req-0a9bbf95-a8e7-482f-8204-31892b6b744e'}
        Body: 
2015-12-24 07:31:33,244 21894 INFO     [tempest_lib.common.rest_client] Request (TestNetworkBasicOps:_run_cleanups): 200 GET http://10.0.2.15:9696/v2.0/routers/c653fabc-f5c2-41dc-95c7-d5aa98eaec65 0.048s
2015-12-24 07:31:33,244 21894 DEBUG    [tempest_lib.common.rest_client] Request - Headers: {'Content-Type': 'application/json', 'Accept': 'application/json', 'X-Auth-Token': '&lt;omitted&gt;'}
        Body: None
    Response - Headers: {'status': '200', 'content-length': '564', 'content-location': 'http://10.0.2.15:9696/v2.0/routers/c653fabc-f5c2-41dc-95c7-d5aa98eaec65', 'connection': 'close', 'date': 'Thu, 24 Dec 2015 07:31:33 GMT', 'content-type': 'application/json; charset=UTF-8', 'x-openstack-request-id': 'req-11960e28-5847-412b-a7e7-a0a915fa0148'}
        Body: {"router": {"status": "ACTIVE", "external_gateway_info": {"network_id": "b279c70b-3b26-49ce-a048-d8c818685e76", "enable_snat": true, "external_fixed_ips": [{"subnet_id": "2a2a0ea0-e697-42ce-ae5a-bba61a75f187", "ip_address": "172.24.4.3"}, {"subnet_id": "cd20cfd9-3b39-4da1-9473-97212625cc92", "ip_address": "2001:db8::4"}]}, "availability_zone_hints": [], "availability_zones": ["nova"], "name": "tempest-router-smoke-1051029914", "admin_state_up": true, "tenant_id": "e90359ff08d1435c8d9e2b9db76a68d9", "routes": [], "id": "c653fabc-f5c2-41dc-95c7-d5aa98eaec65"}}
2015-12-24 07:31:33,720 21894 INFO     [tempest_lib.common.rest_client] Request (TestNetworkBasicOps:_run_cleanups): 200 PUT http://10.0.2.15:9696/v2.0/routers/c653fabc-f5c2-41dc-95c7-d5aa98eaec65 0.475s
2015-12-24 07:31:33,721 21894 DEBUG    [tempest_lib.common.rest_client] Request - Headers: {'Content-Type': 'application/json', 'Accept': 'application/json', 'X-Auth-Token': '&lt;omitted&gt;'}
        Body: {"router": {"external_gateway_info": {}, "name": "tempest-router-smoke-1051029914", "admin_state_up": true}}
    Response - Headers: {'status': '200', 'content-length': '302', 'connection': 'close', 'date': 'Thu, 24 Dec 2015 07:31:33 GMT', 'content-type': 'application/json; charset=UTF-8', 'x-openstack-request-id': 'req-9453ee72-09b9-4686-8438-0e17bc826416'}
        Body: {"router": {"status": "ACTIVE", "external_gateway_info": null, "availability_zone_hints": [], "availability_zones": ["nova"], "name": "tempest-router-smoke-1051029914", "admin_state_up": true, "tenant_id": "e90359ff08d1435c8d9e2b9db76a68d9", "routes": [], "id": "c653fabc-f5c2-41dc-95c7-d5aa98eaec65"}}
2015-12-24 07:31:33,952 21894 INFO     [tempest_lib.common.rest_client] Request (TestNetworkBasicOps:_run_cleanups): 204 DELETE http://10.0.2.15:9696/v2.0/routers/c653fabc-f5c2-41dc-95c7-d5aa98eaec65 0.230s
2015-12-24 07:31:33,953 21894 DEBUG    [tempest_lib.common.rest_client] Request - Headers: {'Content-Type': 'application/json', 'Accept': 'application/json', 'X-Auth-Token': '&lt;omitted&gt;'}
        Body: None
    Response - Headers: {'date': 'Thu, 24 Dec 2015 07:31:33 GMT', 'status': '204', 'connection': 'close', 'content-length': '0', 'x-openstack-request-id': 'req-12a58a77-8516-4550-bbc7-cec7236aac68'}
        Body: 
2015-12-24 07:31:34,189 21894 INFO     [tempest_lib.common.rest_client] Request (TestNetworkBasicOps:_run_cleanups): 204 DELETE http://10.0.2.15:9696/v2.0/networks/588a5a16-fc7c-4b20-9965-483102feb393 0.235s
2015-12-24 07:31:34,189 21894 DEBUG    [tempest_lib.common.rest_client] Request - Headers: {'Content-Type': 'application/json', 'Accept': 'application/json', 'X-Auth-Token': '&lt;omitted&gt;'}
        Body: None
    Response - Headers: {'date': 'Thu, 24 Dec 2015 07:31:34 GMT', 'status': '204', 'connection': 'close', 'content-length': '0', 'x-openstack-request-id': 'req-4a636f44-4ea7-4710-aa93-784d3b8c02f9'}
        Body: 
2015-12-24 07:31:34,259 21894 INFO     [tempest_lib.common.rest_client] Request (TestNetworkBasicOps:_run_cleanups): 204 DELETE http://10.0.2.15:9696/v2.0/security-group-rules/f48e4751-2263-46d6-8f43-0d6f685f8355 0.068s
2015-12-24 07:31:34,259 21894 DEBUG    [tempest_lib.common.rest_client] Request - Headers: {'Content-Type': 'application/json', 'Accept': 'application/json', 'X-Auth-Token': '&lt;omitted&gt;'}
        Body: None
    Response - Headers: {'date': 'Thu, 24 Dec 2015 07:31:34 GMT', 'status': '204', 'connection': 'close', 'content-length': '0', 'x-openstack-request-id': 'req-548a6cba-6ae8-4844-87e3-9e3cf8fd41d8'}
        Body: 
2015-12-24 07:31:34,326 21894 INFO     [tempest_lib.common.rest_client] Request (TestNetworkBasicOps:_run_cleanups): 204 DELETE http://10.0.2.15:9696/v2.0/security-group-rules/b4662e57-bc6f-43fc-ae44-285728977c4a 0.065s
2015-12-24 07:31:34,327 21894 DEBUG    [tempest_lib.common.rest_client] Request - Headers: {'Content-Type': 'application/json', 'Accept': 'application/json', 'X-Auth-Token': '&lt;omitted&gt;'}
        Body: None
    Response - Headers: {'date': 'Thu, 24 Dec 2015 07:31:34 GMT', 'status': '204', 'connection': 'close', 'content-length': '0', 'x-openstack-request-id': 'req-d04864ed-5148-406f-9c94-94530c24b7fa'}
        Body: 
2015-12-24 07:31:34,394 21894 INFO     [tempest_lib.common.rest_client] Request (TestNetworkBasicOps:_run_cleanups): 204 DELETE http://10.0.2.15:9696/v2.0/security-group-rules/4f6e637c-cfb5-441a-8fc4-080c98442fc7 0.066s
2015-12-24 07:31:34,395 21894 DEBUG    [tempest_lib.common.rest_client] Request - Headers: {'Content-Type': 'application/json', 'Accept': 'application/json', 'X-Auth-Token': '&lt;omitted&gt;'}
        Body: None
