<?xml version="1.0" encoding="UTF-8"?>
<!DOCTYPE html PUBLIC "-//W3C//DTD XHTML 1.0 Strict//EN"
     "http://www.w3.org/TR/xhtml1/DTD/xhtml1-strict.dtd">
<html xmlns="http://www.w3.org/1999/xhtml">
<head>
    <title>Unit Test Report</title>
    <meta name="generator" content="subunit2html 0.1"/>
    <meta http-equiv="Content-Type" content="text/html; charset=UTF-8"/>
    
<style type="text/css" media="screen">
body        { font-family: verdana, arial, helvetica, sans-serif;
    font-size: 80%; }
table       { font-size: 100%; width: 100%;}
pre         { font-size: 80%; }

/* -- heading -------------------------------------------------------------- */
h1 {
        font-size: 16pt;
        color: gray;
}
.heading {
    margin-top: 0ex;
    margin-bottom: 1ex;
}

.heading .attribute {
    margin-top: 1ex;
    margin-bottom: 0;
}

.heading .description {
    margin-top: 4ex;
    margin-bottom: 6ex;
}

/* -- css div popup -------------------------------------------------------- */
a.popup_link {
}

a.popup_link:hover {
    color: red;
}

.popup_window {
    display: none;
    overflow-x: scroll;
    /*border: solid #627173 1px; */
    padding: 10px;
    background-color: #E6E6D6;
    font-family: "Ubuntu Mono", "Lucida Console", "Courier New", monospace;
    text-align: left;
    font-size: 8pt;
}

}
/* -- report --------------------------------------------------------------- */
#show_detail_line {
    margin-top: 3ex;
    margin-bottom: 1ex;
}
#result_table {
    width: 100%;
    border-collapse: collapse;
    border: 1px solid #777;
}
#header_row {
    font-weight: bold;
    color: white;
    background-color: #777;
}
#result_table td {
    border: 1px solid #777;
    padding: 2px;
}
#total_row  { font-weight: bold; }
.passClass  { background-color: #6c6; }
.failClass  { background-color: #c60; }
.errorClass { background-color: #c00; }
.passCase   { color: #6c6; }
.failCase   { color: #c60; font-weight: bold; }
.errorCase  { color: #c00; font-weight: bold; }
.hiddenRow  { display: none; }
.testcase   { margin-left: 2em; }
td.testname {width: 40%}
td.small {width: 40px}

/* -- ending --------------------------------------------------------------- */
#ending {
}

</style>

</head>
<body>
<script language="javascript" type="text/javascript"><!--
output_list = Array();

/* level - 0:Summary; 1:Failed; 2:All */
function showCase(level) {
    trs = document.getElementsByTagName("tr");
    for (var i = 0; i < trs.length; i++) {
        tr = trs[i];
        id = tr.id;
        if (id.substr(0,2) == 'ft') {
            if (level < 1) {
                tr.className = 'hiddenRow';
            }
            else {
                tr.className = '';
            }
        }
        if (id.substr(0,2) == 'pt') {
            if (level > 1) {
                tr.className = '';
            }
            else {
                tr.className = 'hiddenRow';
            }
        }
    }
}


function showClassDetail(cid, count) {
    var id_list = Array(count);
    var toHide = 1;
    for (var i = 0; i < count; i++) {
        tid0 = 't' + cid.substr(1) + '.' + (i+1);
        tid = 'f' + tid0;
        tr = document.getElementById(tid);
        if (!tr) {
            tid = 'p' + tid0;
            tr = document.getElementById(tid);
        }
        id_list[i] = tid;
        if (tr.className) {
            toHide = 0;
        }
    }
    for (var i = 0; i < count; i++) {
        tid = id_list[i];
        if (toHide) {
            document.getElementById('div_'+tid).style.display = 'none'
            document.getElementById(tid).className = 'hiddenRow';
        }
        else {
            document.getElementById(tid).className = '';
        }
    }
}


function showTestDetail(div_id){
    var details_div = document.getElementById(div_id)
    var displayState = details_div.style.display
    // alert(displayState)
    if (displayState != 'block' ) {
        displayState = 'block'
        details_div.style.display = 'block'
    }
    else {
        details_div.style.display = 'none'
    }
}


function html_escape(s) {
    s = s.replace(/&/g,'&amp;');
    s = s.replace(/</g,'&lt;');
    s = s.replace(/>/g,'&gt;');
    return s;
}

/* obsoleted by detail in <div>
function showOutput(id, name) {
    var w = window.open("", //url
                    name,
                    "resizable,scrollbars,status,width=800,height=450");
    d = w.document;
    d.write("<pre>");
    d.write(html_escape(output_list[id]));
    d.write("\n");
    d.write("<a href='javascript:window.close()'>close</a>\n");
    d.write("</pre>\n");
    d.close();
}
*/
--></script>

<div class='heading'>
<h1>Unit Test Report</h1>

<p class='attribute'><strong>Status:</strong> Pass 7 Failure 1 Skip 1</p>

<p class='description'></p>
</div>



<p id='show_detail_line'>Show
<a href='javascript:showCase(0)'>Summary</a>
<a href='javascript:showCase(1)'>Failed</a>
<a href='javascript:showCase(2)'>All</a>
</p>
<table id='result_table'>
<colgroup>
<col align='left' />
<col align='right' />
<col align='right' />
<col align='right' />
<col align='right' />
<col align='right' />
<col align='right' />
<col align='right' />
</colgroup>
<tr id='header_row'>
    <td>Test Group/Test case</td>
    <td>Count</td>
    <td>Pass</td>
    <td>Fail</td>
    <td>Error</td>
    <td>Skip</td>
    <td>View</td>
    <td> </td>
</tr>

<tr class='failClass'>
    <td class="testname">tempest.scenario.test_network_basic_ops.TestNetworkBasicOps</td>
    <td class="small">9</td>
    <td class="small">7</td>
    <td class="small">1</td>
    <td class="small">0</td>
    <td class="small">1</td>
    <td class="small"><a href="javascript:showClassDetail('c1',9)"
>Detail</a></td>
    <td> </td>
</tr>

<tr id='pt1.1' class='hiddenRow'>
    <td class='none'><div class='testcase'>test_connectivity_between_vms_on_different_networks[compute,id-1546850e-fbaa-42f5-8b5f-03d8a6a95f15,network]</div></td>
    <td colspan='7' align='left'>

    <!--css div popup start-->
    <a class="popup_link" onfocus='this.blur();'
    href="javascript:showTestDetail('div_pt1.1')" >
        pass</a>

    <div id='div_pt1.1' class="popup_window">
        <div style='text-align: right; color:red;cursor:pointer'>
        <a onfocus='this.blur();'
onclick="document.getElementById('div_pt1.1').style.display = 'none' " >
           [x]</a>
        </div>
        <pre>
        
pt1.1: tempest.scenario.test_network_basic_ops.TestNetworkBasicOps.test_connectivity_between_vms_on_different_networks[compute,id-1546850e-fbaa-42f5-8b5f-03d8a6a95f15,network]

        </pre>
    </div>
    <!--css div popup end-->

    </td>
</tr>

<tr id='pt1.2' class='hiddenRow'>
    <td class='none'><div class='testcase'>test_hotplug_nic[compute,id-c5adff73-e961-41f1-b4a9-343614f18cfa,network]</div></td>
    <td colspan='7' align='left'>

    <!--css div popup start-->
    <a class="popup_link" onfocus='this.blur();'
    href="javascript:showTestDetail('div_pt1.2')" >
        pass</a>

    <div id='div_pt1.2' class="popup_window">
        <div style='text-align: right; color:red;cursor:pointer'>
        <a onfocus='this.blur();'
onclick="document.getElementById('div_pt1.2').style.display = 'none' " >
           [x]</a>
        </div>
        <pre>
        
pt1.2: tempest.scenario.test_network_basic_ops.TestNetworkBasicOps.test_hotplug_nic[compute,id-c5adff73-e961-41f1-b4a9-343614f18cfa,network]

        </pre>
    </div>
    <!--css div popup end-->

    </td>
</tr>

<tr id='pt1.3' class='hiddenRow'>
    <td class='none'><div class='testcase'>test_network_basic_ops[compute,id-f323b3ba-82f8-4db7-8ea6-6a895869ec49,network,smoke]</div></td>
    <td colspan='7' align='left'>

    <!--css div popup start-->
    <a class="popup_link" onfocus='this.blur();'
    href="javascript:showTestDetail('div_pt1.3')" >
        pass</a>

    <div id='div_pt1.3' class="popup_window">
        <div style='text-align: right; color:red;cursor:pointer'>
        <a onfocus='this.blur();'
onclick="document.getElementById('div_pt1.3').style.display = 'none' " >
           [x]</a>
        </div>
        <pre>
        
pt1.3: tempest.scenario.test_network_basic_ops.TestNetworkBasicOps.test_network_basic_ops[compute,id-f323b3ba-82f8-4db7-8ea6-6a895869ec49,network,smoke]

        </pre>
    </div>
    <!--css div popup end-->

    </td>
</tr>

<tr id='pt1.4' class='hiddenRow'>
    <td class='none'><div class='testcase'>test_port_security_macspoofing_port[compute,id-7c0bb1a2-d053-49a4-98f9-ca1a1d849f63,network]</div></td>
    <td colspan='7' align='left'>

    <!--css div popup start-->
    <a class="popup_link" onfocus='this.blur();'
    href="javascript:showTestDetail('div_pt1.4')" >
        pass</a>

    <div id='div_pt1.4' class="popup_window">
        <div style='text-align: right; color:red;cursor:pointer'>
        <a onfocus='this.blur();'
onclick="document.getElementById('div_pt1.4').style.display = 'none' " >
           [x]</a>
        </div>
        <pre>
        
pt1.4: tempest.scenario.test_network_basic_ops.TestNetworkBasicOps.test_port_security_macspoofing_port[compute,id-7c0bb1a2-d053-49a4-98f9-ca1a1d849f63,network]

        </pre>
    </div>
    <!--css div popup end-->

    </td>
</tr>

<tr id='pt1.5' class='hiddenRow'>
    <td class='none'><div class='testcase'>test_preserve_preexisting_port[compute,id-759462e1-8535-46b0-ab3a-33aa45c55aaa,network]</div></td>
    <td colspan='7' align='left'>

    <!--css div popup start-->
    <a class="popup_link" onfocus='this.blur();'
    href="javascript:showTestDetail('div_pt1.5')" >
        pass</a>

    <div id='div_pt1.5' class="popup_window">
        <div style='text-align: right; color:red;cursor:pointer'>
        <a onfocus='this.blur();'
onclick="document.getElementById('div_pt1.5').style.display = 'none' " >
           [x]</a>
        </div>
        <pre>
        
pt1.5: tempest.scenario.test_network_basic_ops.TestNetworkBasicOps.test_preserve_preexisting_port[compute,id-759462e1-8535-46b0-ab3a-33aa45c55aaa,network]

        </pre>
    </div>
    <!--css div popup end-->

    </td>
</tr>

<tr id='pt1.6' class='hiddenRow'>
    <td class='none'><div class='testcase'>test_router_rescheduling[compute,id-2e788c46-fb3f-4ac9-8f82-0561555bea73,network]</div></td>
    <td colspan='7' align='left'>

    <!--css div popup start-->
    <a class="popup_link" onfocus='this.blur();'
    href="javascript:showTestDetail('div_pt1.6')" >
        skip</a>

    <div id='div_pt1.6' class="popup_window">
        <div style='text-align: right; color:red;cursor:pointer'>
        <a onfocus='this.blur();'
onclick="document.getElementById('div_pt1.6').style.display = 'none' " >
           [x]</a>
        </div>
        <pre>
        
pt1.6: tempest.scenario.test_network_basic_ops.TestNetworkBasicOps.test_router_rescheduling[compute,id-2e788c46-fb3f-4ac9-8f82-0561555bea73,network]

        </pre>
    </div>
    <!--css div popup end-->

    </td>
</tr>

<tr id='pt1.7' class='hiddenRow'>
    <td class='none'><div class='testcase'>test_subnet_details[compute,id-d8bb918e-e2df-48b2-97cd-b73c95450980,network]</div></td>
    <td colspan='7' align='left'>

    <!--css div popup start-->
    <a class="popup_link" onfocus='this.blur();'
    href="javascript:showTestDetail('div_pt1.7')" >
        pass</a>

    <div id='div_pt1.7' class="popup_window">
        <div style='text-align: right; color:red;cursor:pointer'>
        <a onfocus='this.blur();'
onclick="document.getElementById('div_pt1.7').style.display = 'none' " >
           [x]</a>
        </div>
        <pre>
        
pt1.7: tempest.scenario.test_network_basic_ops.TestNetworkBasicOps.test_subnet_details[compute,id-d8bb918e-e2df-48b2-97cd-b73c95450980,network]

        </pre>
    </div>
    <!--css div popup end-->

    </td>
</tr>

<tr id='ft1.8' class='none'>
    <td class='failCase'><div class='testcase'>test_update_instance_port_admin_state[compute,id-f5dfcc22-45fd-409f-954c-5bd500d7890b,network]</div></td>
    <td colspan='7' align='left'>

    <!--css div popup start-->
    <a class="popup_link" onfocus='this.blur();'
    href="javascript:showTestDetail('div_ft1.8')" >
        fail</a>

    <div id='div_ft1.8' class="popup_window">
        <div style='text-align: right; color:red;cursor:pointer'>
        <a onfocus='this.blur();'
onclick="document.getElementById('div_ft1.8').style.display = 'none' " >
           [x]</a>
        </div>
        <pre>
        
ft1.8: tempest.scenario.test_network_basic_ops.TestNetworkBasicOps.test_update_instance_port_admin_state[compute,id-f5dfcc22-45fd-409f-954c-5bd500d7890b,network]_StringException: Empty attachments:
  stderr
  stdout

pythonlogging:'': {{{
2016-02-23 08:29:04,669 26738 INFO     [tempest_lib.common.rest_client] Request (TestNetworkBasicOps:test_update_instance_port_admin_state): 201 POST http://10.4.1.3:9696/v2.0/security-groups 0.323s
2016-02-23 08:29:04,670 26738 DEBUG    [tempest_lib.common.rest_client] Request - Headers: {'Content-Type': 'application/json', 'Accept': 'application/json', 'X-Auth-Token': '&lt;omitted&gt;'}
        Body: {"security_group": {"tenant_id": "6dafc9052bea44e9ab187e0a2053bea6", "description": "tempest-secgroup-smoke-1651521265 description", "name": "tempest-secgroup-smoke-1651521265"}}
    Response - Headers: {'status': '201', 'content-length': '888', 'connection': 'close', 'date': 'Tue, 23 Feb 2016 08:29:04 GMT', 'content-type': 'application/json; charset=UTF-8', 'x-openstack-request-id': 'req-29f957b4-0aab-4dbe-b66c-7f482227297f'}
        Body: {"security_group": {"tenant_id": "6dafc9052bea44e9ab187e0a2053bea6", "description": "tempest-secgroup-smoke-1651521265 description", "id": "8b52bbe9-9d99-4ca0-92f5-207b3fbdfc78", "security_group_rules": [{"remote_group_id": null, "direction": "egress", "remote_ip_prefix": null, "protocol": null, "ethertype": "IPv4", "tenant_id": "6dafc9052bea44e9ab187e0a2053bea6", "port_range_max": null, "port_range_min": null, "id": "8e05d849-4d2c-4298-a035-c88291916709", "security_group_id": "8b52bbe9-9d99-4ca0-92f5-207b3fbdfc78"}, {"remote_group_id": null, "direction": "egress", "remote_ip_prefix": null, "protocol": null, "ethertype": "IPv6", "tenant_id": "6dafc9052bea44e9ab187e0a2053bea6", "port_range_max": null, "port_range_min": null, "id": "7fca1a3e-3cab-48e6-af20-2973fa6993e9", "security_group_id": "8b52bbe9-9d99-4ca0-92f5-207b3fbdfc78"}], "name": "tempest-secgroup-smoke-1651521265"}}
2016-02-23 08:29:05,002 26738 INFO     [tempest_lib.common.rest_client] Request (TestNetworkBasicOps:test_update_instance_port_admin_state): 201 POST http://10.4.1.3:9696/v2.0/security-group-rules 0.330s
2016-02-23 08:29:05,003 26738 DEBUG    [tempest_lib.common.rest_client] Request - Headers: {'Content-Type': 'application/json', 'Accept': 'application/json', 'X-Auth-Token': '&lt;omitted&gt;'}
        Body: {"security_group_rule": {"direction": "ingress", "protocol": "tcp", "tenant_id": "6dafc9052bea44e9ab187e0a2053bea6", "port_range_max": 22, "security_group_id": "8b52bbe9-9d99-4ca0-92f5-207b3fbdfc78", "port_range_min": 22}}
    Response - Headers: {'status': '201', 'content-length': '340', 'connection': 'close', 'date': 'Tue, 23 Feb 2016 08:29:05 GMT', 'content-type': 'application/json; charset=UTF-8', 'x-openstack-request-id': 'req-b0fe79c0-6631-4d93-8297-6aaeae37baa5'}
        Body: {"security_group_rule": {"remote_group_id": null, "direction": "ingress", "remote_ip_prefix": null, "protocol": "tcp", "ethertype": "IPv4", "tenant_id": "6dafc9052bea44e9ab187e0a2053bea6", "port_range_max": 22, "port_range_min": 22, "id": "fd9163a7-f836-4d68-a76f-8397c932cb0b", "security_group_id": "8b52bbe9-9d99-4ca0-92f5-207b3fbdfc78"}}
2016-02-23 08:29:05,342 26738 INFO     [tempest_lib.common.rest_client] Request (TestNetworkBasicOps:test_update_instance_port_admin_state): 201 POST http://10.4.1.3:9696/v2.0/security-group-rules 0.338s
2016-02-23 08:29:05,343 26738 DEBUG    [tempest_lib.common.rest_client] Request - Headers: {'Content-Type': 'application/json', 'Accept': 'application/json', 'X-Auth-Token': '&lt;omitted&gt;'}
        Body: {"security_group_rule": {"direction": "egress", "protocol": "tcp", "tenant_id": "6dafc9052bea44e9ab187e0a2053bea6", "port_range_max": 22, "security_group_id": "8b52bbe9-9d99-4ca0-92f5-207b3fbdfc78", "port_range_min": 22}}
    Response - Headers: {'status': '201', 'content-length': '339', 'connection': 'close', 'date': 'Tue, 23 Feb 2016 08:29:05 GMT', 'content-type': 'application/json; charset=UTF-8', 'x-openstack-request-id': 'req-f8fc345a-c72c-49a6-9075-dad02fa1d950'}
        Body: {"security_group_rule": {"remote_group_id": null, "direction": "egress", "remote_ip_prefix": null, "protocol": "tcp", "ethertype": "IPv4", "tenant_id": "6dafc9052bea44e9ab187e0a2053bea6", "port_range_max": 22, "port_range_min": 22, "id": "5629753c-4724-4016-93df-79981e7edcf0", "security_group_id": "8b52bbe9-9d99-4ca0-92f5-207b3fbdfc78"}}
2016-02-23 08:29:05,686 26738 INFO     [tempest_lib.common.rest_client] Request (TestNetworkBasicOps:test_update_instance_port_admin_state): 201 POST http://10.4.1.3:9696/v2.0/security-group-rules 0.341s
2016-02-23 08:29:05,687 26738 DEBUG    [tempest_lib.common.rest_client] Request - Headers: {'Content-Type': 'application/json', 'Accept': 'application/json', 'X-Auth-Token': '&lt;omitted&gt;'}
        Body: {"security_group_rule": {"tenant_id": "6dafc9052bea44e9ab187e0a2053bea6", "direction": "ingress", "protocol": "icmp", "security_group_id": "8b52bbe9-9d99-4ca0-92f5-207b3fbdfc78"}}
    Response - Headers: {'status': '201', 'content-length': '345', 'connection': 'close', 'date': 'Tue, 23 Feb 2016 08:29:05 GMT', 'content-type': 'application/json; charset=UTF-8', 'x-openstack-request-id': 'req-6ed581e8-8062-45d3-a2e2-0fc38c5f1050'}
        Body: {"security_group_rule": {"remote_group_id": null, "direction": "ingress", "remote_ip_prefix": null, "protocol": "icmp", "ethertype": "IPv4", "tenant_id": "6dafc9052bea44e9ab187e0a2053bea6", "port_range_max": null, "port_range_min": null, "id": "4b454a5d-225a-4ae6-97ad-fa8188e5d114", "security_group_id": "8b52bbe9-9d99-4ca0-92f5-207b3fbdfc78"}}
2016-02-23 08:29:05,994 26738 INFO     [tempest_lib.common.rest_client] Request (TestNetworkBasicOps:test_update_instance_port_admin_state): 201 POST http://10.4.1.3:9696/v2.0/security-group-rules 0.306s
2016-02-23 08:29:05,995 26738 DEBUG    [tempest_lib.common.rest_client] Request - Headers: {'Content-Type': 'application/json', 'Accept': 'application/json', 'X-Auth-Token': '&lt;omitted&gt;'}
        Body: {"security_group_rule": {"tenant_id": "6dafc9052bea44e9ab187e0a2053bea6", "direction": "egress", "protocol": "icmp", "security_group_id": "8b52bbe9-9d99-4ca0-92f5-207b3fbdfc78"}}
    Response - Headers: {'status': '201', 'content-length': '344', 'connection': 'close', 'date': 'Tue, 23 Feb 2016 08:29:05 GMT', 'content-type': 'application/json; charset=UTF-8', 'x-openstack-request-id': 'req-b9abd9a4-0d19-45f4-bc7e-e14a92ccca75'}
        Body: {"security_group_rule": {"remote_group_id": null, "direction": "egress", "remote_ip_prefix": null, "protocol": "icmp", "ethertype": "IPv4", "tenant_id": "6dafc9052bea44e9ab187e0a2053bea6", "port_range_max": null, "port_range_min": null, "id": "e3682768-8651-4e1a-8818-aadaa9eaff77", "security_group_id": "8b52bbe9-9d99-4ca0-92f5-207b3fbdfc78"}}
2016-02-23 08:29:06,263 26738 INFO     [tempest_lib.common.rest_client] Request (TestNetworkBasicOps:test_update_instance_port_admin_state): 201 POST http://10.4.1.3:9696/v2.0/security-group-rules 0.267s
2016-02-23 08:29:06,263 26738 DEBUG    [tempest_lib.common.rest_client] Request - Headers: {'Content-Type': 'application/json', 'Accept': 'application/json', 'X-Auth-Token': '&lt;omitted&gt;'}
        Body: {"security_group_rule": {"tenant_id": "6dafc9052bea44e9ab187e0a2053bea6", "direction": "ingress", "security_group_id": "8b52bbe9-9d99-4ca0-92f5-207b3fbdfc78", "protocol": "icmp", "ethertype": "IPv6"}}
    Response - Headers: {'status': '201', 'content-length': '345', 'connection': 'close', 'date': 'Tue, 23 Feb 2016 08:29:06 GMT', 'content-type': 'application/json; charset=UTF-8', 'x-openstack-request-id': 'req-5cbb96f8-ee67-47e2-bf63-e36abf8d89eb'}
        Body: {"security_group_rule": {"remote_group_id": null, "direction": "ingress", "remote_ip_prefix": null, "protocol": "icmp", "ethertype": "IPv6", "tenant_id": "6dafc9052bea44e9ab187e0a2053bea6", "port_range_max": null, "port_range_min": null, "id": "f9306dbe-a2ce-4525-a1b6-177bccda1831", "security_group_id": "8b52bbe9-9d99-4ca0-92f5-207b3fbdfc78"}}
2016-02-23 08:29:06,606 26738 INFO     [tempest_lib.common.rest_client] Request (TestNetworkBasicOps:test_update_instance_port_admin_state): 201 POST http://10.4.1.3:9696/v2.0/security-group-rules 0.341s
2016-02-23 08:29:06,606 26738 DEBUG    [tempest_lib.common.rest_client] Request - Headers: {'Content-Type': 'application/json', 'Accept': 'application/json', 'X-Auth-Token': '&lt;omitted&gt;'}
        Body: {"security_group_rule": {"tenant_id": "6dafc9052bea44e9ab187e0a2053bea6", "direction": "egress", "security_group_id": "8b52bbe9-9d99-4ca0-92f5-207b3fbdfc78", "protocol": "icmp", "ethertype": "IPv6"}}
    Response - Headers: {'status': '201', 'content-length': '344', 'connection': 'close', 'date': 'Tue, 23 Feb 2016 08:29:06 GMT', 'content-type': 'application/json; charset=UTF-8', 'x-openstack-request-id': 'req-c85117dd-b535-43c5-bba6-65d04af6eebc'}
        Body: {"security_group_rule": {"remote_group_id": null, "direction": "egress", "remote_ip_prefix": null, "protocol": "icmp", "ethertype": "IPv6", "tenant_id": "6dafc9052bea44e9ab187e0a2053bea6", "port_range_max": null, "port_range_min": null, "id": "7d834e60-7338-474e-bcf9-088167a1908c", "security_group_id": "8b52bbe9-9d99-4ca0-92f5-207b3fbdfc78"}}
2016-02-23 08:29:07,195 26738 INFO     [tempest_lib.common.rest_client] Request (TestNetworkBasicOps:test_update_instance_port_admin_state): 201 POST http://10.4.1.3:9696/v2.0/networks 0.587s
2016-02-23 08:29:07,196 26738 DEBUG    [tempest_lib.common.rest_client] Request - Headers: {'Content-Type': 'application/json', 'Accept': 'application/json', 'X-Auth-Token': '&lt;omitted&gt;'}
        Body: {"network": {"tenant_id": "6dafc9052bea44e9ab187e0a2053bea6", "name": "tempest-network-smoke--321444245"}}
    Response - Headers: {'status': '201', 'content-length': '355', 'connection': 'close', 'date': 'Tue, 23 Feb 2016 08:29:07 GMT', 'content-type': 'application/json; charset=UTF-8', 'x-openstack-request-id': 'req-c88f5100-c329-42e4-a1c1-5a14a22821b9'}
        Body: {"network": {"status": "ACTIVE", "subnets": [], "availability_zone_hints": [], "availability_zones": [], "name": "tempest-network-smoke--321444245", "admin_state_up": true, "tenant_id": "6dafc9052bea44e9ab187e0a2053bea6", "mtu": 1450, "router:external": false, "shared": false, "port_security_enabled": true, "id": "dd04c847-5526-4021-b7c1-01b58c8caa43"}}
2016-02-23 08:29:07,500 26738 INFO     [tempest_lib.common.rest_client] Request (TestNetworkBasicOps:test_update_instance_port_admin_state): 201 POST http://10.4.1.3:9696/v2.0/routers 0.302s
2016-02-23 08:29:07,501 26738 DEBUG    [tempest_lib.common.rest_client] Request - Headers: {'Content-Type': 'application/json', 'Accept': 'application/json', 'X-Auth-Token': '&lt;omitted&gt;'}
        Body: {"router": {"tenant_id": "6dafc9052bea44e9ab187e0a2053bea6", "name": "tempest-router-smoke-1820702651", "admin_state_up": true}}
    Response - Headers: {'status': '201', 'content-length': '296', 'connection': 'close', 'date': 'Tue, 23 Feb 2016 08:29:07 GMT', 'content-type': 'application/json; charset=UTF-8', 'x-openstack-request-id': 'req-85d63491-beb6-4902-ab32-d92130fc8082'}
        Body: {"router": {"status": "ACTIVE", "external_gateway_info": null, "availability_zone_hints": [], "availability_zones": [], "name": "tempest-router-smoke-1820702651", "admin_state_up": true, "tenant_id": "6dafc9052bea44e9ab187e0a2053bea6", "routes": [], "id": "992fafee-e815-4010-9ecd-20ce76c36b44"}}
2016-02-23 08:29:07,773 26738 INFO     [tempest_lib.common.rest_client] Request (TestNetworkBasicOps:test_update_instance_port_admin_state): 200 GET http://10.4.1.3:9696/v2.0/routers/992fafee-e815-4010-9ecd-20ce76c36b44 0.270s
2016-02-23 08:29:07,773 26738 DEBUG    [tempest_lib.common.rest_client] Request - Headers: {'Content-Type': 'application/json', 'Accept': 'application/json', 'X-Auth-Token': '&lt;omitted&gt;'}
        Body: None
    Response - Headers: {'status': '200', 'content-length': '296', 'content-location': 'http://10.4.1.3:9696/v2.0/routers/992fafee-e815-4010-9ecd-20ce76c36b44', 'connection': 'close', 'date': 'Tue, 23 Feb 2016 08:29:07 GMT', 'content-type': 'application/json; charset=UTF-8', 'x-openstack-request-id': 'req-8cded329-4d06-4050-8bef-d20ad5931138'}
        Body: {"router": {"status": "ACTIVE", "external_gateway_info": null, "availability_zone_hints": [], "availability_zones": [], "name": "tempest-router-smoke-1820702651", "admin_state_up": true, "tenant_id": "6dafc9052bea44e9ab187e0a2053bea6", "routes": [], "id": "992fafee-e815-4010-9ecd-20ce76c36b44"}}
2016-02-23 08:29:08,808 26738 INFO     [tempest_lib.common.rest_client] Request (TestNetworkBasicOps:test_update_instance_port_admin_state): 200 PUT http://10.4.1.3:9696/v2.0/routers/992fafee-e815-4010-9ecd-20ce76c36b44 1.033s
2016-02-23 08:29:08,808 26738 DEBUG    [tempest_lib.common.rest_client] Request - Headers: {'Content-Type': 'application/json', 'Accept': 'application/json', 'X-Auth-Token': '&lt;omitted&gt;'}
        Body: {"router": {"external_gateway_info": {"network_id": "3a66618f-cab0-4416-9970-55f4498c7a6d"}, "name": "tempest-router-smoke-1820702651", "admin_state_up": true}}
    Response - Headers: {'status': '200', 'content-length': '560', 'connection': 'close', 'date': 'Tue, 23 Feb 2016 08:29:08 GMT', 'content-type': 'application/json; charset=UTF-8', 'x-openstack-request-id': 'req-8a447f1f-b558-4b4d-93d4-8a4c3d0ea076'}
        Body: {"router": {"status": "ACTIVE", "external_gateway_info": {"network_id": "3a66618f-cab0-4416-9970-55f4498c7a6d", "enable_snat": true, "external_fixed_ips": [{"subnet_id": "002498ee-e325-4d6d-9d9d-de431d81c494", "ip_address": "172.24.4.15"}, {"subnet_id": "6b8585b6-4fe6-4745-b3d4-e6256216db6e", "ip_address": "2001:db8::10"}]}, "availability_zone_hints": [], "availability_zones": [], "name": "tempest-router-smoke-1820702651", "admin_state_up": true, "tenant_id": "6dafc9052bea44e9ab187e0a2053bea6", "routes": [], "id": "992fafee-e815-4010-9ecd-20ce76c36b44"}}
2016-02-23 08:29:09,048 26738 INFO     [tempest_lib.common.rest_client] Request (TestNetworkBasicOps:test_update_instance_port_admin_state): 200 GET http://10.4.1.3:9696/v2.0/subnets?tenant_id=6dafc9052bea44e9ab187e0a2053bea6&amp;cidr=10.100.0.0%2F28 0.239s
2016-02-23 08:29:09,049 26738 DEBUG    [tempest_lib.common.rest_client] Request - Headers: {'Content-Type': 'application/json', 'Accept': 'application/json', 'X-Auth-Token': '&lt;omitted&gt;'}
        Body: None
    Response - Headers: {'status': '200', 'content-length': '15', 'content-location': 'http://10.4.1.3:9696/v2.0/subnets?tenant_id=6dafc9052bea44e9ab187e0a2053bea6&amp;cidr=10.100.0.0%2F28', 'connection': 'close', 'date': 'Tue, 23 Feb 2016 08:29:09 GMT', 'content-type': 'application/json; charset=UTF-8', 'x-openstack-request-id': 'req-587aa359-9225-4c39-954c-db7da0231662'}
        Body: {"subnets": []}
2016-02-23 08:29:09,765 26738 INFO     [tempest_lib.common.rest_client] Request (TestNetworkBasicOps:test_update_instance_port_admin_state): 201 POST http://10.4.1.3:9696/v2.0/subnets 0.715s
2016-02-23 08:29:09,766 26738 DEBUG    [tempest_lib.common.rest_client] Request - Headers: {'Content-Type': 'application/json', 'Accept': 'application/json', 'X-Auth-Token': '&lt;omitted&gt;'}
        Body: {"subnet": {"ip_version": 4, "tenant_id": "6dafc9052bea44e9ab187e0a2053bea6", "cidr": "10.100.0.0/28", "network_id": "dd04c847-5526-4021-b7c1-01b58c8caa43", "name": "tempest-subnet-smoke-1511531432"}}
    Response - Headers: {'status': '201', 'content-length': '478', 'connection': 'close', 'date': 'Tue, 23 Feb 2016 08:29:09 GMT', 'content-type': 'application/json; charset=UTF-8', 'x-openstack-request-id': 'req-39aa365b-d4dc-4e2a-a1c5-5855f2ae199b'}
        Body: {"subnet": {"name": "tempest-subnet-smoke-1511531432", "enable_dhcp": true, "network_id": "dd04c847-5526-4021-b7c1-01b58c8caa43", "tenant_id": "6dafc9052bea44e9ab187e0a2053bea6", "dns_nameservers": [], "gateway_ip": "10.100.0.1", "ipv6_ra_mode": null, "allocation_pools": [{"start": "10.100.0.2", "end": "10.100.0.14"}], "host_routes": [], "ip_version": 4, "ipv6_address_mode": null, "cidr": "10.100.0.0/28", "id": "06ff9e01-e1c3-43b3-b34c-3b47576b8b67", "subnetpool_id": null}}
2016-02-23 08:29:10,768 26738 INFO     [tempest_lib.common.rest_client] Request (TestNetworkBasicOps:test_update_instance_port_admin_state): 200 PUT http://10.4.1.3:9696/v2.0/routers/992fafee-e815-4010-9ecd-20ce76c36b44/add_router_interface 1.001s
2016-02-23 08:29:10,768 26738 DEBUG    [tempest_lib.common.rest_client] Request - Headers: {'Content-Type': 'application/json', 'Accept': 'application/json', 'X-Auth-Token': '&lt;omitted&gt;'}
        Body: {"subnet_id": "06ff9e01-e1c3-43b3-b34c-3b47576b8b67"}
    Response - Headers: {'status': '200', 'content-length': '309', 'connection': 'close', 'date': 'Tue, 23 Feb 2016 08:29:10 GMT', 'content-type': 'application/json; charset=UTF-8', 'x-openstack-request-id': 'req-27e4df46-8de2-448b-a567-e6632607dc3e'}
        Body: {"network_id": "dd04c847-5526-4021-b7c1-01b58c8caa43", "tenant_id": "6dafc9052bea44e9ab187e0a2053bea6", "subnet_id": "06ff9e01-e1c3-43b3-b34c-3b47576b8b67", "subnet_ids": ["06ff9e01-e1c3-43b3-b34c-3b47576b8b67"], "port_id": "ab84a210-e955-43c3-83b5-c948b70e10f7", "id": "992fafee-e815-4010-9ecd-20ce76c36b44"}
2016-02-23 08:29:11,147 26738 INFO     [tempest_lib.common.rest_client] Request (TestNetworkBasicOps:test_update_instance_port_admin_state): 200 GET http://10.4.1.3:9696/v2.0/networks 0.378s
2016-02-23 08:29:11,148 26738 DEBUG    [tempest_lib.common.rest_client] Request - Headers: {'Content-Type': 'application/json', 'Accept': 'application/json', 'X-Auth-Token': '&lt;omitted&gt;'}
        Body: None
    Response - Headers: {'status': '200', 'content-length': '1535', 'content-location': 'http://10.4.1.3:9696/v2.0/networks', 'connection': 'close', 'date': 'Tue, 23 Feb 2016 08:29:11 GMT', 'content-type': 'application/json; charset=UTF-8', 'x-openstack-request-id': 'req-52aa7801-6a0c-4b88-9ad7-0959fd285c8a'}
        Body: {"networks": [{"status": "ACTIVE", "subnets": ["a9bc157d-bc13-4d75-a732-03c802e4a1c2", "498a3ac1-421f-4c7b-a90c-4a1150b2f25e"], "availability_zone_hints": [], "availability_zones": ["nova"], "name": "private", "provider:physical_network": null, "admin_state_up": true, "tenant_id": "b2e9ff142e5b4ec49f4a05e0d49a2ce9", "mtu": 1450, "router:external": false, "shared": false, "port_security_enabled": true, "provider:network_type": "vxlan", "id": "216df343-76f8-4b01-ae12-8c7233f31da3", "provider:segmentation_id": 1095}, {"status": "ACTIVE", "subnets": ["002498ee-e325-4d6d-9d9d-de431d81c494", "6b8585b6-4fe6-4745-b3d4-e6256216db6e"], "availability_zone_hints": [], "availability_zones": ["nova"], "name": "public", "provider:physical_network": null, "admin_state_up": true, "tenant_id": "e3ecc6b049cf485ba104af37b69df4ef", "mtu": 1450, "is_default": true, "router:external": true, "shared": false, "port_security_enabled": true, "provider:network_type": "vxlan", "id": "3a66618f-cab0-4416-9970-55f4498c7a6d", "provider:segmentation_id": 1070}, {"status": "ACTIVE", "subnets": ["06ff9e01-e1c3-43b3-b34c-3b47576b8b67"], "availability_zone_hints": [], "availability_zones": ["nova"], "name": "tempest-network-smoke--321444245", "provider:physical_network": null, "admin_state_up": true, "tenant_id": "6dafc9052bea44e9ab187e0a2053bea6", "mtu": 1450, "router:external": false, "shared": false, "port_security_enabled": true, "provider:network_type": "vxlan", "id": "dd04c847-5526-4021-b7c1-01b58c8caa43", "provider:segmentation_id": 1025}]}
2016-02-23 08:29:11,405 26738 INFO     [tempest_lib.common.rest_client] Request (TestNetworkBasicOps:test_update_instance_port_admin_state): 200 GET http://10.4.1.3:9696/v2.0/subnets 0.256s
2016-02-23 08:29:11,406 26738 DEBUG    [tempest_lib.common.rest_client] Request - Headers: {'Content-Type': 'application/json', 'Accept': 'application/json', 'X-Auth-Token': '&lt;omitted&gt;'}
        Body: None
    Response - Headers: {'status': '200', 'content-length': '2408', 'content-location': 'http://10.4.1.3:9696/v2.0/subnets', 'connection': 'close', 'date': 'Tue, 23 Feb 2016 08:29:11 GMT', 'content-type': 'application/json; charset=UTF-8', 'x-openstack-request-id': 'req-183d00ab-6f8f-4d55-afac-dfa57d533158'}
        Body: {"subnets": [{"name": "private-subnet", "enable_dhcp": true, "network_id": "216df343-76f8-4b01-ae12-8c7233f31da3", "tenant_id": "b2e9ff142e5b4ec49f4a05e0d49a2ce9", "dns_nameservers": [], "gateway_ip": "10.0.0.1", "ipv6_ra_mode": null, "allocation_pools": [{"start": "10.0.0.2", "end": "10.0.0.254"}], "host_routes": [], "ip_version": 4, "ipv6_address_mode": null, "cidr": "10.0.0.0/24", "id": "a9bc157d-bc13-4d75-a732-03c802e4a1c2", "subnetpool_id": null}, {"name": "public-subnet", "enable_dhcp": false, "network_id": "3a66618f-cab0-4416-9970-55f4498c7a6d", "tenant_id": "e3ecc6b049cf485ba104af37b69df4ef", "dns_nameservers": [], "gateway_ip": "172.24.4.1", "ipv6_ra_mode": null, "allocation_pools": [{"start": "172.24.4.2", "end": "172.24.4.254"}], "host_routes": [], "ip_version": 4, "ipv6_address_mode": null, "cidr": "172.24.4.0/24", "id": "002498ee-e325-4d6d-9d9d-de431d81c494", "subnetpool_id": null}, {"name": "tempest-subnet-smoke-1511531432", "enable_dhcp": true, "network_id": "dd04c847-5526-4021-b7c1-01b58c8caa43", "tenant_id": "6dafc9052bea44e9ab187e0a2053bea6", "dns_nameservers": [], "gateway_ip": "10.100.0.1", "ipv6_ra_mode": null, "allocation_pools": [{"start": "10.100.0.2", "end": "10.100.0.14"}], "host_routes": [], "ip_version": 4, "ipv6_address_mode": null, "cidr": "10.100.0.0/28", "id": "06ff9e01-e1c3-43b3-b34c-3b47576b8b67", "subnetpool_id": null}, {"name": "ipv6-private-subnet", "enable_dhcp": true, "network_id": "216df343-76f8-4b01-ae12-8c7233f31da3", "tenant_id": "b2e9ff142e5b4ec49f4a05e0d49a2ce9", "dns_nameservers": [], "gateway_ip": "fd3b:40e8:2c46::1", "ipv6_ra_mode": "slaac", "allocation_pools": [{"start": "fd3b:40e8:2c46::2", "end": "fd3b:40e8:2c46:0:ffff:ffff:ffff:ffff"}], "host_routes": [], "ip_version": 6, "ipv6_address_mode": "slaac", "cidr": "fd3b:40e8:2c46::/64", "id": "498a3ac1-421f-4c7b-a90c-4a1150b2f25e", "subnetpool_id": null}, {"name": "ipv6-public-subnet", "enable_dhcp": false, "network_id": "3a66618f-cab0-4416-9970-55f4498c7a6d", "tenant_id": "e3ecc6b049cf485ba104af37b69df4ef", "dns_nameservers": [], "gateway_ip": "2001:db8::2", "ipv6_ra_mode": null, "allocation_pools": [{"start": "2001:db8::3", "end": "2001:db8::ffff:ffff:ffff:ffff"}, {"start": "2001:db8::1", "end": "2001:db8::1"}], "host_routes": [], "ip_version": 6, "ipv6_address_mode": null, "cidr": "2001:db8::/64", "id": "6b8585b6-4fe6-4745-b3d4-e6256216db6e", "subnetpool_id": null}]}
2016-02-23 08:29:11,688 26738 INFO     [tempest_lib.common.rest_client] Request (TestNetworkBasicOps:test_update_instance_port_admin_state): 200 GET http://10.4.1.3:9696/v2.0/routers 0.280s
2016-02-23 08:29:11,689 26738 DEBUG    [tempest_lib.common.rest_client] Request - Headers: {'Content-Type': 'application/json', 'Accept': 'application/json', 'X-Auth-Token': '&lt;omitted&gt;'}
        Body: None
    Response - Headers: {'status': '200', 'content-length': '1169', 'content-location': 'http://10.4.1.3:9696/v2.0/routers', 'connection': 'close', 'date': 'Tue, 23 Feb 2016 08:29:11 GMT', 'content-type': 'application/json; charset=UTF-8', 'x-openstack-request-id': 'req-ec2816fe-6a73-42cd-a291-8edd8b981156'}
        Body: {"routers": [{"status": "ACTIVE", "external_gateway_info": {"network_id": "3a66618f-cab0-4416-9970-55f4498c7a6d", "enable_snat": true, "external_fixed_ips": [{"subnet_id": "002498ee-e325-4d6d-9d9d-de431d81c494", "ip_address": "172.24.4.2"}, {"subnet_id": "6b8585b6-4fe6-4745-b3d4-e6256216db6e", "ip_address": "2001:db8::3"}]}, "availability_zone_hints": [], "availability_zones": ["nova"], "name": "router1", "admin_state_up": true, "tenant_id": "b2e9ff142e5b4ec49f4a05e0d49a2ce9", "distributed": false, "routes": [], "ha": false, "id": "2c62cd45-7996-4a3a-9a98-eea1374d5c94"}, {"status": "ACTIVE", "external_gateway_info": {"network_id": "3a66618f-cab0-4416-9970-55f4498c7a6d", "enable_snat": true, "external_fixed_ips": [{"subnet_id": "002498ee-e325-4d6d-9d9d-de431d81c494", "ip_address": "172.24.4.15"}, {"subnet_id": "6b8585b6-4fe6-4745-b3d4-e6256216db6e", "ip_address": "2001:db8::10"}]}, "availability_zone_hints": [], "availability_zones": ["nova"], "name": "tempest-router-smoke-1820702651", "admin_state_up": true, "tenant_id": "6dafc9052bea44e9ab187e0a2053bea6", "distributed": false, "routes": [], "ha": false, "id": "992fafee-e815-4010-9ecd-20ce76c36b44"}]}
2016-02-23 08:29:12,162 26738 INFO     [tempest_lib.common.rest_client] Request (TestNetworkBasicOps:test_update_instance_port_admin_state): 200 POST http://10.4.1.3:8774/v2.1/6dafc9052bea44e9ab187e0a2053bea6/os-keypairs 0.471s
2016-02-23 08:29:12,163 26738 DEBUG    [tempest_lib.common.rest_client] Request - Headers: {'Content-Type': 'application/json', 'Accept': 'application/json', 'X-Auth-Token': '&lt;omitted&gt;'}
        Body: {"keypair": {"name": "tempest-TestNetworkBasicOps-943126068"}}
    Response - Headers: {'status': '200', 'content-length': '2320', 'x-compute-request-id': 'req-c38421e6-073a-4717-af55-4af49cdd6b5a', 'vary': 'X-OpenStack-Nova-API-Version', 'connection': 'close', 'x-openstack-nova-api-version': '2.1', 'date': 'Tue, 23 Feb 2016 08:29:12 GMT', 'content-type': 'application/json'}
        Body: {"keypair": {"public_key": "ssh-rsa AAAAB3NzaC1yc2EAAAADAQABAAABAQCIQlegsvKXFIiptqsxDFB7tEZBMCc5zg3cbGVLsPdCJANkfsWx8M8Cz/Yb37JQlmfyDzNP0uz6hOGJ3GDz+DddQE4N7v6hAnexUxJGy7dNQF6heq+UzSK0/OM2qTmDH9cU9qeQBC72zSqIPJbZ1KGQbyJJD85J6TSPycWzoT9nBUwldRuT27TB1XhorbC70FSXKGa9xRdvjLHqfqImTDhkOe7HWR/nwHqI9riMeCFrKqHPyF0Es8kJABD1iLrMxed/9HEjc1ltcvrpYQWAgz28fPXBRu/5OdFdywsC32nK1Gw38qVgRHi8VwtHoG6n8z9Se1ntOMBRvCJ8O3zX5Obn Generated-by-Nova", "private_key": "-----BEGIN RSA PRIVATE KEY-----\nMIIEqQIBAAKCAQEAiEJXoLLylxSIqbarMQxQe7RGQTAnOc4N3GxlS7D3QiQDZH7F\nsfDPAs/2G9+yUJZn8g8zT9Ls+oThidxg8/g3XUBODe7+oQJ3sVMSRsu3TUBeoXqv\nlM0itPzjNqk5gx/XFPankAQu9s0qiDyW2dShkG8iSQ/OSek0j8nFs6E/ZwVMJXUb\nk9u0wdV4aK2wu9BUlyhmvcUXb4yx6n6iJkw4ZDnux1kf58B6iPa4jHghayqhz8hd\nBLPJCQAQ9Yi6zMXnf/RxI3NZbXL66WEFgIM9vHz1wUbv+TnRXcsLAt9pytRsN/Kl\nYER4vFcLR6Bup/M/UntZ7TjAUbwifDt81+Tm5wIDAQABAoIBAF3x57q7RjjWBneE\nozlY9TClFX8idRkMsU/VSG3MYF2wuMoUAbfygLe+rD+Bls6rNJWW11jk41DCR0Im\nuI3dCEb57Bb9PX/DVMTksogvMn1HsTcCgIZGfPRuGzX3rNh0HnWsrdDEoaC1yepO\nY+9iA9ayWOAozqD08bFlezKjLTSYV88MV2zh/ccn8hN0qoqDJ4iry4yR49V9oVJE\no5bAp5kCa+pCmwGO71xU7YptfQxUsaADERg7d720LgOTcqDgCxauqMIhY+RKvcpo\ncAkyrxmdGccHAQSfBybqLeNQVpjHaidqNYw+ooCdCUwlXyqAKrn2Rw3jIsUe4nFu\nN10mHFECggCBALZTGCI4uoqO7OjhEUeTd2OpoAqfTytiM2dYHUnLU7hRuve4e0aU\nARCdBU1DwOQkoz9JPeCnf73LIVX/aaPAkoKf1gSP24mL3wZJxDE5M9UCSPPRebql\nnea7hplcx+2FObnYYH3wuZtzu2//rgXRe+mjcJ+R8og2nZfVCKf3+2e/AoIAgQC/\nUexZwrBKg7xEBaTF8SwBy5ruL/WMdzgb5L3DXt93uo3wjkb6bifHubXRViBG3k5V\nIj0tmWiNhWeBTdPzpDpCzdq5MY9zEbQf1YrJlX88gufh5DGroFrfALGpKFNWWfR9\nvx6AnvfWgZP5uy5t2Mxp506SyX3itm01/YWCwWOK2QKCAIEAiGviWfDSe0x4LcQC\nFulbYsIQEwKizVZcGg6PU6EE0pys5iAudV/W8CRdTDPPB6X2VCssVoVeCpgMKHnF\nBJbZyU1paN5vKRr0VJMrbp1bkB12kqEBkUvMu1FDZEtM+Qc/azRg9rsBVjShYisQ\nfiABtI7rfSpKK+uZvXrUUEI35acCggCBAKgUaPhSul48beG0s5XS0z6giXRIXgkR\nlBGtW6mQZ/LfymNUG7dXn0swNDO83o5kL51Lf0PYSqpKUSygG10pIqYeA9I/YC9P\nlleBW3TOCgI3X1BtEdYeArd3/J0H+G8ciFcQ2NNW1ZV2MXJsp9WJacyAkd8Tdaz/\nZ+LO38SH8dPBAoIAgCwHA3HLyG3xfALi9B3GReCoFIL8QpQJ5q5J0v8CHAqpv+2e\nLG3qWUm/2ecB4xwn+xsjRxPLJPOLhpZ7IrZcD19t5r5q9VDkukVHt3tbPCdwiSgM\nuqC4dJVjRJ5UUw2VmoI6BNrQpH+jwkxa56FAuD1cCV+zXZVaA8x+NEKOmBZU\n-----END RSA PRIVATE KEY-----\n", "user_id": "ceb941fd06fd4acd8be19522be913d8f", "name": "tempest-TestNetworkBasicOps-943126068", "fingerprint": "87:ab:d0:b3:de:2e:59:6a:0e:04:7f:36:9c:5a:a2:2e"}}
2016-02-23 08:29:12,322 26738 INFO     [tempest_lib.common.rest_client] Request (TestNetworkBasicOps:test_update_instance_port_admin_state): 200 POST http://10.4.1.3:5000/v2.0/tokens
2016-02-23 08:29:12,322 26738 DEBUG    [tempest_lib.common.rest_client] Request - Headers: {'Content-Type': 'application/json', 'Accept': 'application/json'}
        Body: &lt;omitted&gt;
    Response - Headers: {'status': '200', 'content-length': '2256', 'vary': 'X-Auth-Token', 'server': 'Apache/2.4.7 (Ubuntu)', 'connection': 'close', 'date': 'Tue, 23 Feb 2016 08:29:12 GMT', 'content-type': 'application/json', 'x-openstack-request-id': 'req-2aa8f28b-1462-4325-ae83-517f78717c1c'}
        Body: {"access": {"token": {"issued_at": "2016-02-23T08:29:12.309705", "expires": "2016-02-23T09:29:12Z", "id": "729a11d0a37b4e009501fb5681aa150e", "tenant": {"description": "tempest-TestNetworkBasicOps-670549925-desc", "enabled": true, "id": "6dafc9052bea44e9ab187e0a2053bea6", "name": "tempest-TestNetworkBasicOps-670549925"}, "audit_ids": ["I6eHqXM7SL2QOt7H_LoIhQ"]}, "serviceCatalog": [{"endpoints": [{"adminURL": "http://10.4.1.3:9292", "region": "RegionOne", "internalURL": "http://10.4.1.3:9292", "id": "c99a225b6f3b4c0da9269fb93d68bb40", "publicURL": "http://10.4.1.3:9292"}], "endpoints_links": [], "type": "image", "name": "glance"}, {"endpoints": [{"adminURL": "http://10.4.1.3:8774/v2.1/6dafc9052bea44e9ab187e0a2053bea6", "region": "RegionOne", "internalURL": "http://10.4.1.3:8774/v2.1/6dafc9052bea44e9ab187e0a2053bea6", "id": "076deb2c8d7a4b75ba8c2abdf61828df", "publicURL": "http://10.4.1.3:8774/v2.1/6dafc9052bea44e9ab187e0a2053bea6"}], "endpoints_links": [], "type": "compute", "name": "nova"}, {"endpoints": [{"adminURL": "http://10.4.1.3:9696/", "region": "RegionOne", "internalURL": "http://10.4.1.3:9696/", "id": "0c7f1a5e60524efa911cb46c5d40716c", "publicURL": "http://10.4.1.3:9696/"}], "endpoints_links": [], "type": "network", "name": "neutron"}, {"endpoints": [{"adminURL": "http://10.4.1.3:35357/v2.0", "region": "RegionOne", "internalURL": "http://10.4.1.3:5000/v2.0", "id": "5dce811ccadd422e85eb1a8fd2b2275c", "publicURL": "http://10.4.1.3:5000/v2.0"}], "endpoints_links": [], "type": "identity", "name": "keystone"}, {"endpoints": [{"adminURL": "http://10.4.1.3:8774/v2/6dafc9052bea44e9ab187e0a2053bea6", "region": "RegionOne", "internalURL": "http://10.4.1.3:8774/v2/6dafc9052bea44e9ab187e0a2053bea6", "id": "e4bba5832f124135bb351e4c9f246c9d", "publicURL": "http://10.4.1.3:8774/v2/6dafc9052bea44e9ab187e0a2053bea6"}], "endpoints_links": [], "type": "compute_legacy", "name": "nova_legacy"}], "user": {"username": "tempest-TestNetworkBasicOps-265606918", "roles_links": [], "id": "ceb941fd06fd4acd8be19522be913d8f", "roles": [{"name": "_member_"}, {"name": "Member"}], "name": "tempest-TestNetworkBasicOps-265606918"}, "metadata": {"is_admin": 0, "roles": ["9fe2ff9ee4384b1894a90878d3e92bab", "c749aa08f01646f8b12d65c87383c483"]}}}
2016-02-23 08:29:12,327 26738 DEBUG    [tempest.common.fixed_network] (TestNetworkBasicOps:test_update_instance_port_admin_state) No valid network provided or created, defaulting to fixed_network_name
2016-02-23 08:29:12,789 26738 INFO     [tempest_lib.common.rest_client] Request (TestNetworkBasicOps:test_update_instance_port_admin_state): 200 GET http://10.4.1.3:8774/v2.1/6dafc9052bea44e9ab187e0a2053bea6/os-networks 0.461s
2016-02-23 08:29:12,789 26738 DEBUG    [tempest_lib.common.rest_client] Request - Headers: {'Content-Type': 'application/json', 'Accept': 'application/json', 'X-Auth-Token': '&lt;omitted&gt;'}
        Body: None
    Response - Headers: {'status': '200', 'content-length': '478', 'content-location': 'http://10.4.1.3:8774/v2.1/6dafc9052bea44e9ab187e0a2053bea6/os-networks', 'x-compute-request-id': 'req-6ff0d867-c2b1-454d-86c6-dec7a5e21bfd', 'vary': 'X-OpenStack-Nova-API-Version', 'connection': 'close', 'x-openstack-nova-api-version': '2.1', 'date': 'Tue, 23 Feb 2016 08:29:12 GMT', 'content-type': 'application/json'}
        Body: {"networks": [{"cidr_v6": null, "dns2": null, "dns1": null, "gateway": null, "broadcast": null, "netmask": null, "gateway_v6": null, "cidr": null, "label": "public", "id": "3a66618f-cab0-4416-9970-55f4498c7a6d", "netmask_v6": null}, {"cidr_v6": null, "dns2": null, "dns1": null, "gateway": null, "broadcast": null, "netmask": null, "gateway_v6": null, "cidr": null, "label": "tempest-network-smoke--321444245", "id": "dd04c847-5526-4021-b7c1-01b58c8caa43", "netmask_v6": null}]}
2016-02-23 08:29:12,790 26738 WARNING  [tempest.common.fixed_network] (TestNetworkBasicOps:test_update_instance_port_admin_state) Network with name: private not found
2016-02-23 08:29:12,790 26738 INFO     [tempest.common.fixed_network] (TestNetworkBasicOps:test_update_instance_port_admin_state) Found network {} available for tenant
2016-02-23 08:29:15,779 26738 INFO     [tempest_lib.common.rest_client] Request (TestNetworkBasicOps:test_update_instance_port_admin_state): 202 POST http://10.4.1.3:8774/v2.1/6dafc9052bea44e9ab187e0a2053bea6/servers 2.988s
2016-02-23 08:29:15,780 26738 DEBUG    [tempest_lib.common.rest_client] Request - Headers: {'Content-Type': 'application/json', 'Accept': 'application/json', 'X-Auth-Token': '&lt;omitted&gt;'}
        Body: {"server": {"name": "tempest-server-smoke-1793720376", "imageRef": "f17f480d-0e00-40ba-8d76-de96b62f9e7f", "key_name": "tempest-TestNetworkBasicOps-943126068", "flavorRef": "42", "networks": [{"uuid": "dd04c847-5526-4021-b7c1-01b58c8caa43"}], "security_groups": [{"name": "tempest-secgroup-smoke-1651521265"}]}}
    Response - Headers: {'status': '202', 'content-length': '460', 'x-compute-request-id': 'req-e4b2eeb7-0618-4fe6-8c17-17bb20225dcd', 'vary': 'X-OpenStack-Nova-API-Version', 'connection': 'close', 'location': 'http://10.4.1.3:8774/v2.1/6dafc9052bea44e9ab187e0a2053bea6/servers/8ccf24bf-a89e-4bc4-bf54-672f4c7b8b68', 'x-openstack-nova-api-version': '2.1', 'date': 'Tue, 23 Feb 2016 08:29:15 GMT', 'content-type': 'application/json'}
        Body: {"server": {"security_groups": [{"name": "tempest-secgroup-smoke-1651521265"}], "OS-DCF:diskConfig": "MANUAL", "id": "8ccf24bf-a89e-4bc4-bf54-672f4c7b8b68", "links": [{"href": "http://10.4.1.3:8774/v2.1/6dafc9052bea44e9ab187e0a2053bea6/servers/8ccf24bf-a89e-4bc4-bf54-672f4c7b8b68", "rel": "self"}, {"href": "http://10.4.1.3:8774/6dafc9052bea44e9ab187e0a2053bea6/servers/8ccf24bf-a89e-4bc4-bf54-672f4c7b8b68", "rel": "bookmark"}], "adminPass": "HdonMtHn6aP4"}}
2016-02-23 08:29:16,303 26738 INFO     [tempest_lib.common.rest_client] Request (TestNetworkBasicOps:test_update_instance_port_admin_state): 200 GET http://10.4.1.3:8774/v2.1/6dafc9052bea44e9ab187e0a2053bea6/servers/8ccf24bf-a89e-4bc4-bf54-672f4c7b8b68 0.518s
2016-02-23 08:29:16,303 26738 DEBUG    [tempest_lib.common.rest_client] Request - Headers: {'Content-Type': 'application/json', 'Accept': 'application/json', 'X-Auth-Token': '&lt;omitted&gt;'}
        Body: None
    Response - Headers: {'status': '200', 'content-length': '1340', 'content-location': 'http://10.4.1.3:8774/v2.1/6dafc9052bea44e9ab187e0a2053bea6/servers/8ccf24bf-a89e-4bc4-bf54-672f4c7b8b68', 'x-compute-request-id': 'req-1f820f95-7e43-47a6-81c9-ba20ac169869', 'vary': 'X-OpenStack-Nova-API-Version', 'connection': 'close', 'x-openstack-nova-api-version': '2.1', 'date': 'Tue, 23 Feb 2016 08:29:16 GMT', 'content-type': 'application/json'}
        Body: {"server": {"status": "BUILD", "updated": "2016-02-23T08:29:16Z", "hostId": "", "addresses": {}, "links": [{"href": "http://10.4.1.3:8774/v2.1/6dafc9052bea44e9ab187e0a2053bea6/servers/8ccf24bf-a89e-4bc4-bf54-672f4c7b8b68", "rel": "self"}, {"href": "http://10.4.1.3:8774/6dafc9052bea44e9ab187e0a2053bea6/servers/8ccf24bf-a89e-4bc4-bf54-672f4c7b8b68", "rel": "bookmark"}], "key_name": "tempest-TestNetworkBasicOps-943126068", "image": {"id": "f17f480d-0e00-40ba-8d76-de96b62f9e7f", "links": [{"href": "http://10.4.1.3:8774/6dafc9052bea44e9ab187e0a2053bea6/images/f17f480d-0e00-40ba-8d76-de96b62f9e7f", "rel": "bookmark"}]}, "OS-EXT-STS:task_state": "scheduling", "OS-EXT-STS:vm_state": "building", "OS-SRV-USG:launched_at": null, "flavor": {"id": "42", "links": [{"href": "http://10.4.1.3:8774/6dafc9052bea44e9ab187e0a2053bea6/flavors/42", "rel": "bookmark"}]}, "id": "8ccf24bf-a89e-4bc4-bf54-672f4c7b8b68", "OS-SRV-USG:terminated_at": null, "OS-EXT-AZ:availability_zone": "", "user_id": "ceb941fd06fd4acd8be19522be913d8f", "name": "tempest-server-smoke-1793720376", "created": "2016-02-23T08:29:15Z", "tenant_id": "6dafc9052bea44e9ab187e0a2053bea6", "OS-DCF:diskConfig": "MANUAL", "os-extended-volumes:volumes_attached": [], "accessIPv4": "", "accessIPv6": "", "progress": 0, "OS-EXT-STS:power_state": 0, "config_drive": "", "metadata": {}}}
2016-02-23 08:29:18,059 26738 INFO     [tempest_lib.common.rest_client] Request (TestNetworkBasicOps:test_update_instance_port_admin_state): 200 GET http://10.4.1.3:8774/v2.1/6dafc9052bea44e9ab187e0a2053bea6/servers/8ccf24bf-a89e-4bc4-bf54-672f4c7b8b68 0.738s
2016-02-23 08:29:18,059 26738 DEBUG    [tempest_lib.common.rest_client] Request - Headers: {'Content-Type': 'application/json', 'Accept': 'application/json', 'X-Auth-Token': '&lt;omitted&gt;'}
        Body: None
    Response - Headers: {'status': '200', 'content-length': '1466', 'content-location': 'http://10.4.1.3:8774/v2.1/6dafc9052bea44e9ab187e0a2053bea6/servers/8ccf24bf-a89e-4bc4-bf54-672f4c7b8b68', 'x-compute-request-id': 'req-a5343e1c-ab8a-4c3a-8ce9-d78c7425ab31', 'vary': 'X-OpenStack-Nova-API-Version', 'connection': 'close', 'x-openstack-nova-api-version': '2.1', 'date': 'Tue, 23 Feb 2016 08:29:18 GMT', 'content-type': 'application/json'}
        Body: {"server": {"status": "BUILD", "updated": "2016-02-23T08:29:16Z", "hostId": "c4c9560c9352a2c2ad77661d99276b546b9a230c539c8a6075d9e8bd", "addresses": {}, "links": [{"href": "http://10.4.1.3:8774/v2.1/6dafc9052bea44e9ab187e0a2053bea6/servers/8ccf24bf-a89e-4bc4-bf54-672f4c7b8b68", "rel": "self"}, {"href": "http://10.4.1.3:8774/6dafc9052bea44e9ab187e0a2053bea6/servers/8ccf24bf-a89e-4bc4-bf54-672f4c7b8b68", "rel": "bookmark"}], "key_name": "tempest-TestNetworkBasicOps-943126068", "image": {"id": "f17f480d-0e00-40ba-8d76-de96b62f9e7f", "links": [{"href": "http://10.4.1.3:8774/6dafc9052bea44e9ab187e0a2053bea6/images/f17f480d-0e00-40ba-8d76-de96b62f9e7f", "rel": "bookmark"}]}, "OS-EXT-STS:task_state": "spawning", "OS-EXT-STS:vm_state": "building", "OS-SRV-USG:launched_at": null, "flavor": {"id": "42", "links": [{"href": "http://10.4.1.3:8774/6dafc9052bea44e9ab187e0a2053bea6/flavors/42", "rel": "bookmark"}]}, "id": "8ccf24bf-a89e-4bc4-bf54-672f4c7b8b68", "security_groups": [{"name": "tempest-secgroup-smoke-1651521265"}], "OS-SRV-USG:terminated_at": null, "OS-EXT-AZ:availability_zone": "nova", "user_id": "ceb941fd06fd4acd8be19522be913d8f", "name": "tempest-server-smoke-1793720376", "created": "2016-02-23T08:29:15Z", "tenant_id": "6dafc9052bea44e9ab187e0a2053bea6", "OS-DCF:diskConfig": "MANUAL", "os-extended-volumes:volumes_attached": [], "accessIPv4": "", "accessIPv6": "", "progress": 0, "OS-EXT-STS:power_state": 0, "config_drive": "", "metadata": {}}}
2016-02-23 08:29:18,069 26738 INFO     [tempest.common.waiters] State transition "BUILD/scheduling" ==&gt; "BUILD/spawning" after 2 second wait
2016-02-23 08:29:19,858 26738 INFO     [tempest_lib.common.rest_client] Request (TestNetworkBasicOps:test_update_instance_port_admin_state): 200 GET http://10.4.1.3:8774/v2.1/6dafc9052bea44e9ab187e0a2053bea6/servers/8ccf24bf-a89e-4bc4-bf54-672f4c7b8b68 0.788s
2016-02-23 08:29:19,859 26738 DEBUG    [tempest_lib.common.rest_client] Request - Headers: {'Content-Type': 'application/json', 'Accept': 'application/json', 'X-Auth-Token': '&lt;omitted&gt;'}
        Body: None
    Response - Headers: {'status': '200', 'content-length': '1466', 'content-location': 'http://10.4.1.3:8774/v2.1/6dafc9052bea44e9ab187e0a2053bea6/servers/8ccf24bf-a89e-4bc4-bf54-672f4c7b8b68', 'x-compute-request-id': 'req-f9880f55-4336-4097-80fe-128122784a30', 'vary': 'X-OpenStack-Nova-API-Version', 'connection': 'close', 'x-openstack-nova-api-version': '2.1', 'date': 'Tue, 23 Feb 2016 08:29:19 GMT', 'content-type': 'application/json'}
        Body: {"server": {"status": "BUILD", "updated": "2016-02-23T08:29:16Z", "hostId": "c4c9560c9352a2c2ad77661d99276b546b9a230c539c8a6075d9e8bd", "addresses": {}, "links": [{"href": "http://10.4.1.3:8774/v2.1/6dafc9052bea44e9ab187e0a2053bea6/servers/8ccf24bf-a89e-4bc4-bf54-672f4c7b8b68", "rel": "self"}, {"href": "http://10.4.1.3:8774/6dafc9052bea44e9ab187e0a2053bea6/servers/8ccf24bf-a89e-4bc4-bf54-672f4c7b8b68", "rel": "bookmark"}], "key_name": "tempest-TestNetworkBasicOps-943126068", "image": {"id": "f17f480d-0e00-40ba-8d76-de96b62f9e7f", "links": [{"href": "http://10.4.1.3:8774/6dafc9052bea44e9ab187e0a2053bea6/images/f17f480d-0e00-40ba-8d76-de96b62f9e7f", "rel": "bookmark"}]}, "OS-EXT-STS:task_state": "spawning", "OS-EXT-STS:vm_state": "building", "OS-SRV-USG:launched_at": null, "flavor": {"id": "42", "links": [{"href": "http://10.4.1.3:8774/6dafc9052bea44e9ab187e0a2053bea6/flavors/42", "rel": "bookmark"}]}, "id": "8ccf24bf-a89e-4bc4-bf54-672f4c7b8b68", "security_groups": [{"name": "tempest-secgroup-smoke-1651521265"}], "OS-SRV-USG:terminated_at": null, "OS-EXT-AZ:availability_zone": "nova", "user_id": "ceb941fd06fd4acd8be19522be913d8f", "name": "tempest-server-smoke-1793720376", "created": "2016-02-23T08:29:15Z", "tenant_id": "6dafc9052bea44e9ab187e0a2053bea6", "OS-DCF:diskConfig": "MANUAL", "os-extended-volumes:volumes_attached": [], "accessIPv4": "", "accessIPv6": "", "progress": 0, "OS-EXT-STS:power_state": 0, "config_drive": "", "metadata": {}}}
2016-02-23 08:29:21,681 26738 INFO     [tempest_lib.common.rest_client] Request (TestNetworkBasicOps:test_update_instance_port_admin_state): 200 GET http://10.4.1.3:8774/v2.1/6dafc9052bea44e9ab187e0a2053bea6/servers/8ccf24bf-a89e-4bc4-bf54-672f4c7b8b68 0.797s
2016-02-23 08:29:21,681 26738 DEBUG    [tempest_lib.common.rest_client] Request - Headers: {'Content-Type': 'application/json', 'Accept': 'application/json', 'X-Auth-Token': '&lt;omitted&gt;'}
        Body: None
    Response - Headers: {'status': '200', 'content-length': '1637', 'content-location': 'http://10.4.1.3:8774/v2.1/6dafc9052bea44e9ab187e0a2053bea6/servers/8ccf24bf-a89e-4bc4-bf54-672f4c7b8b68', 'x-compute-request-id': 'req-22c76435-27f6-44b6-a9c8-75142f9f5158', 'vary': 'X-OpenStack-Nova-API-Version', 'connection': 'close', 'x-openstack-nova-api-version': '2.1', 'date': 'Tue, 23 Feb 2016 08:29:21 GMT', 'content-type': 'application/json'}
        Body: {"server": {"status": "ACTIVE", "updated": "2016-02-23T08:29:19Z", "hostId": "c4c9560c9352a2c2ad77661d99276b546b9a230c539c8a6075d9e8bd", "addresses": {"tempest-network-smoke--321444245": [{"OS-EXT-IPS-MAC:mac_addr": "fa:16:3e:22:0d:3a", "version": 4, "addr": "10.100.0.3", "OS-EXT-IPS:type": "fixed"}]}, "links": [{"href": "http://10.4.1.3:8774/v2.1/6dafc9052bea44e9ab187e0a2053bea6/servers/8ccf24bf-a89e-4bc4-bf54-672f4c7b8b68", "rel": "self"}, {"href": "http://10.4.1.3:8774/6dafc9052bea44e9ab187e0a2053bea6/servers/8ccf24bf-a89e-4bc4-bf54-672f4c7b8b68", "rel": "bookmark"}], "key_name": "tempest-TestNetworkBasicOps-943126068", "image": {"id": "f17f480d-0e00-40ba-8d76-de96b62f9e7f", "links": [{"href": "http://10.4.1.3:8774/6dafc9052bea44e9ab187e0a2053bea6/images/f17f480d-0e00-40ba-8d76-de96b62f9e7f", "rel": "bookmark"}]}, "OS-EXT-STS:task_state": null, "OS-EXT-STS:vm_state": "active", "OS-SRV-USG:launched_at": "2016-02-23T08:29:19.000000", "flavor": {"id": "42", "links": [{"href": "http://10.4.1.3:8774/6dafc9052bea44e9ab187e0a2053bea6/flavors/42", "rel": "bookmark"}]}, "id": "8ccf24bf-a89e-4bc4-bf54-672f4c7b8b68", "security_groups": [{"name": "tempest-secgroup-smoke-1651521265"}], "OS-SRV-USG:terminated_at": null, "OS-EXT-AZ:availability_zone": "nova", "user_id": "ceb941fd06fd4acd8be19522be913d8f", "name": "tempest-server-smoke-1793720376", "created": "2016-02-23T08:29:15Z", "tenant_id": "6dafc9052bea44e9ab187e0a2053bea6", "OS-DCF:diskConfig": "MANUAL", "os-extended-volumes:volumes_attached": [], "accessIPv4": "", "accessIPv6": "", "progress": 0, "OS-EXT-STS:power_state": 1, "config_drive": "True", "metadata": {}}}
2016-02-23 08:29:21,690 26738 INFO     [tempest.common.waiters] State transition "BUILD/spawning" ==&gt; "ACTIVE/None" after 5 second wait
2016-02-23 08:29:22,320 26738 INFO     [tempest_lib.common.rest_client] Request (TestNetworkBasicOps:test_update_instance_port_admin_state): 200 GET http://10.4.1.3:8774/v2.1/6dafc9052bea44e9ab187e0a2053bea6/servers/8ccf24bf-a89e-4bc4-bf54-672f4c7b8b68 0.629s
2016-02-23 08:29:22,321 26738 DEBUG    [tempest_lib.common.rest_client] Request - Headers: {'Content-Type': 'application/json', 'Accept': 'application/json', 'X-Auth-Token': '&lt;omitted&gt;'}
        Body: None
    Response - Headers: {'status': '200', 'content-length': '1637', 'content-location': 'http://10.4.1.3:8774/v2.1/6dafc9052bea44e9ab187e0a2053bea6/servers/8ccf24bf-a89e-4bc4-bf54-672f4c7b8b68', 'x-compute-request-id': 'req-d6390063-f632-49f2-8fee-002ebefc4bce', 'vary': 'X-OpenStack-Nova-API-Version', 'connection': 'close', 'x-openstack-nova-api-version': '2.1', 'date': 'Tue, 23 Feb 2016 08:29:22 GMT', 'content-type': 'application/json'}
        Body: {"server": {"status": "ACTIVE", "updated": "2016-02-23T08:29:19Z", "hostId": "c4c9560c9352a2c2ad77661d99276b546b9a230c539c8a6075d9e8bd", "addresses": {"tempest-network-smoke--321444245": [{"OS-EXT-IPS-MAC:mac_addr": "fa:16:3e:22:0d:3a", "version": 4, "addr": "10.100.0.3", "OS-EXT-IPS:type": "fixed"}]}, "links": [{"href": "http://10.4.1.3:8774/v2.1/6dafc9052bea44e9ab187e0a2053bea6/servers/8ccf24bf-a89e-4bc4-bf54-672f4c7b8b68", "rel": "self"}, {"href": "http://10.4.1.3:8774/6dafc9052bea44e9ab187e0a2053bea6/servers/8ccf24bf-a89e-4bc4-bf54-672f4c7b8b68", "rel": "bookmark"}], "key_name": "tempest-TestNetworkBasicOps-943126068", "image": {"id": "f17f480d-0e00-40ba-8d76-de96b62f9e7f", "links": [{"href": "http://10.4.1.3:8774/6dafc9052bea44e9ab187e0a2053bea6/images/f17f480d-0e00-40ba-8d76-de96b62f9e7f", "rel": "bookmark"}]}, "OS-EXT-STS:task_state": null, "OS-EXT-STS:vm_state": "active", "OS-SRV-USG:launched_at": "2016-02-23T08:29:19.000000", "flavor": {"id": "42", "links": [{"href": "http://10.4.1.3:8774/6dafc9052bea44e9ab187e0a2053bea6/flavors/42", "rel": "bookmark"}]}, "id": "8ccf24bf-a89e-4bc4-bf54-672f4c7b8b68", "security_groups": [{"name": "tempest-secgroup-smoke-1651521265"}], "OS-SRV-USG:terminated_at": null, "OS-EXT-AZ:availability_zone": "nova", "user_id": "ceb941fd06fd4acd8be19522be913d8f", "name": "tempest-server-smoke-1793720376", "created": "2016-02-23T08:29:15Z", "tenant_id": "6dafc9052bea44e9ab187e0a2053bea6", "OS-DCF:diskConfig": "MANUAL", "os-extended-volumes:volumes_attached": [], "accessIPv4": "", "accessIPv6": "", "progress": 0, "OS-EXT-STS:power_state": 1, "config_drive": "True", "metadata": {}}}
2016-02-23 08:29:22,330 26738 INFO     [tempest.scenario.manager] Tenant networks not configured to be reachable.
2016-02-23 08:29:22,536 26738 INFO     [tempest_lib.common.rest_client] Request (TestNetworkBasicOps:test_update_instance_port_admin_state): 200 GET http://10.4.1.3:9696/v2.0/ports?fixed_ip=None&amp;device_id=8ccf24bf-a89e-4bc4-bf54-672f4c7b8b68 0.205s
2016-02-23 08:29:22,536 26738 DEBUG    [tempest_lib.common.rest_client] Request - Headers: {'Content-Type': 'application/json', 'Accept': 'application/json', 'X-Auth-Token': '&lt;omitted&gt;'}
        Body: None
    Response - Headers: {'status': '200', 'content-length': '773', 'content-location': 'http://10.4.1.3:9696/v2.0/ports?fixed_ip=None&amp;device_id=8ccf24bf-a89e-4bc4-bf54-672f4c7b8b68', 'connection': 'close', 'date': 'Tue, 23 Feb 2016 08:29:22 GMT', 'content-type': 'application/json; charset=UTF-8', 'x-openstack-request-id': 'req-8e9578f1-2df9-43f3-85b9-92b5076b3fd2'}
        Body: {"ports": [{"status": "ACTIVE", "binding:host_id": "vagrant-ubuntu-trusty-64", "allowed_address_pairs": [], "extra_dhcp_opts": [], "device_owner": "compute:None", "port_security_enabled": true, "binding:profile": {}, "fixed_ips": [{"subnet_id": "06ff9e01-e1c3-43b3-b34c-3b47576b8b67", "ip_address": "10.100.0.3"}], "id": "3e8a18bb-5027-44e1-ba65-fb42ccbab18c", "security_groups": ["8b52bbe9-9d99-4ca0-92f5-207b3fbdfc78"], "device_id": "8ccf24bf-a89e-4bc4-bf54-672f4c7b8b68", "name": "", "admin_state_up": true, "network_id": "dd04c847-5526-4021-b7c1-01b58c8caa43", "dns_name": null, "binding:vif_details": {"port_filter": true}, "binding:vnic_type": "normal", "binding:vif_type": "ovs", "tenant_id": "6dafc9052bea44e9ab187e0a2053bea6", "mac_address": "fa:16:3e:22:0d:3a"}]}
2016-02-23 08:29:23,433 26738 INFO     [tempest_lib.common.rest_client] Request (TestNetworkBasicOps:test_update_instance_port_admin_state): 201 POST http://10.4.1.3:9696/v2.0/floatingips 0.895s
2016-02-23 08:29:23,433 26738 DEBUG    [tempest_lib.common.rest_client] Request - Headers: {'Content-Type': 'application/json', 'Accept': 'application/json', 'X-Auth-Token': '&lt;omitted&gt;'}
        Body: {"floatingip": {"floating_network_id": "3a66618f-cab0-4416-9970-55f4498c7a6d", "tenant_id": "6dafc9052bea44e9ab187e0a2053bea6", "fixed_ip_address": "10.100.0.3", "port_id": "3e8a18bb-5027-44e1-ba65-fb42ccbab18c"}}
    Response - Headers: {'status': '201', 'content-length': '368', 'connection': 'close', 'date': 'Tue, 23 Feb 2016 08:29:23 GMT', 'content-type': 'application/json; charset=UTF-8', 'x-openstack-request-id': 'req-33a446e6-2d68-4044-9378-d3339f4d4180'}
        Body: {"floatingip": {"floating_network_id": "3a66618f-cab0-4416-9970-55f4498c7a6d", "router_id": "992fafee-e815-4010-9ecd-20ce76c36b44", "fixed_ip_address": "10.100.0.3", "floating_ip_address": "172.24.4.16", "tenant_id": "6dafc9052bea44e9ab187e0a2053bea6", "status": "DOWN", "port_id": "3e8a18bb-5027-44e1-ba65-fb42ccbab18c", "id": "dfd35468-612d-4ac5-9e3e-729bf53a33f6"}}
2016-02-23 08:29:23,637 26738 INFO     [tempest_lib.common.rest_client] Request (TestNetworkBasicOps:test_update_instance_port_admin_state): 200 GET http://10.4.1.3:9696/v2.0/ports?device_id=8ccf24bf-a89e-4bc4-bf54-672f4c7b8b68 0.202s
2016-02-23 08:29:23,637 26738 DEBUG    [tempest_lib.common.rest_client] Request - Headers: {'Content-Type': 'application/json', 'Accept': 'application/json', 'X-Auth-Token': '&lt;omitted&gt;'}
        Body: None
    Response - Headers: {'status': '200', 'content-length': '773', 'content-location': 'http://10.4.1.3:9696/v2.0/ports?device_id=8ccf24bf-a89e-4bc4-bf54-672f4c7b8b68', 'connection': 'close', 'date': 'Tue, 23 Feb 2016 08:29:23 GMT', 'content-type': 'application/json; charset=UTF-8', 'x-openstack-request-id': 'req-b4da637d-dcf8-4e9c-b708-246f0f8bdbb2'}
        Body: {"ports": [{"status": "ACTIVE", "binding:host_id": "vagrant-ubuntu-trusty-64", "allowed_address_pairs": [], "extra_dhcp_opts": [], "device_owner": "compute:None", "port_security_enabled": true, "binding:profile": {}, "fixed_ips": [{"subnet_id": "06ff9e01-e1c3-43b3-b34c-3b47576b8b67", "ip_address": "10.100.0.3"}], "id": "3e8a18bb-5027-44e1-ba65-fb42ccbab18c", "security_groups": ["8b52bbe9-9d99-4ca0-92f5-207b3fbdfc78"], "device_id": "8ccf24bf-a89e-4bc4-bf54-672f4c7b8b68", "name": "", "admin_state_up": true, "network_id": "dd04c847-5526-4021-b7c1-01b58c8caa43", "dns_name": null, "binding:vif_details": {"port_filter": true}, "binding:vnic_type": "normal", "binding:vif_type": "ovs", "tenant_id": "6dafc9052bea44e9ab187e0a2053bea6", "mac_address": "fa:16:3e:22:0d:3a"}]}
2016-02-23 08:29:23,819 26738 INFO     [tempest_lib.common.rest_client] Request (TestNetworkBasicOps:test_update_instance_port_admin_state): 200 GET http://10.4.1.3:9696/v2.0/floatingips/dfd35468-612d-4ac5-9e3e-729bf53a33f6 0.182s
2016-02-23 08:29:23,821 26738 DEBUG    [tempest_lib.common.rest_client] Request - Headers: {'Content-Type': 'application/json', 'Accept': 'application/json', 'X-Auth-Token': '&lt;omitted&gt;'}
        Body: None
    Response - Headers: {'status': '200', 'content-length': '402', 'content-location': 'http://10.4.1.3:9696/v2.0/floatingips/dfd35468-612d-4ac5-9e3e-729bf53a33f6', 'connection': 'close', 'date': 'Tue, 23 Feb 2016 08:29:23 GMT', 'content-type': 'application/json; charset=UTF-8', 'x-openstack-request-id': 'req-bf684556-2ed5-40a4-bcaf-d4990dda9aff'}
        Body: {"floatingip": {"floating_network_id": "3a66618f-cab0-4416-9970-55f4498c7a6d", "router_id": "992fafee-e815-4010-9ecd-20ce76c36b44", "fixed_ip_address": "10.100.0.3", "floating_ip_address": "172.24.4.16", "dns_name": "", "tenant_id": "6dafc9052bea44e9ab187e0a2053bea6", "status": "DOWN", "port_id": "3e8a18bb-5027-44e1-ba65-fb42ccbab18c", "id": "dfd35468-612d-4ac5-9e3e-729bf53a33f6", "dns_domain": ""}}
2016-02-23 08:29:25,018 26738 INFO     [tempest_lib.common.rest_client] Request (TestNetworkBasicOps:test_update_instance_port_admin_state): 200 GET http://10.4.1.3:9696/v2.0/floatingips/dfd35468-612d-4ac5-9e3e-729bf53a33f6 0.195s
2016-02-23 08:29:25,018 26738 DEBUG    [tempest_lib.common.rest_client] Request - Headers: {'Content-Type': 'application/json', 'Accept': 'application/json', 'X-Auth-Token': '&lt;omitted&gt;'}
        Body: None
    Response - Headers: {'status': '200', 'content-length': '404', 'content-location': 'http://10.4.1.3:9696/v2.0/floatingips/dfd35468-612d-4ac5-9e3e-729bf53a33f6', 'connection': 'close', 'date': 'Tue, 23 Feb 2016 08:29:25 GMT', 'content-type': 'application/json; charset=UTF-8', 'x-openstack-request-id': 'req-81b3aabf-9eff-423b-be1d-4b8f9819799c'}
        Body: {"floatingip": {"floating_network_id": "3a66618f-cab0-4416-9970-55f4498c7a6d", "router_id": "992fafee-e815-4010-9ecd-20ce76c36b44", "fixed_ip_address": "10.100.0.3", "floating_ip_address": "172.24.4.16", "dns_name": "", "tenant_id": "6dafc9052bea44e9ab187e0a2053bea6", "status": "ACTIVE", "port_id": "3e8a18bb-5027-44e1-ba65-fb42ccbab18c", "id": "dfd35468-612d-4ac5-9e3e-729bf53a33f6", "dns_domain": ""}}
2016-02-23 08:29:25,018 26738 INFO     [tempest.scenario.manager] FloatingIP: &lt;"FloatingIP" addr="172.24.4.16" id="dfd35468-612d-4ac5-9e3e-729bf53a33f6"&gt; is at status: ACTIVE
2016-02-23 08:29:25,019 26738 DEBUG    [tempest.scenario.manager] checking network connections to IP 172.24.4.16 with user: cirros
2016-02-23 08:29:25,019 26738 DEBUG    [tempest.scenario.manager] TestNetworkBasicOps:test_update_instance_port_admin_state begins to ping 172.24.4.16 in 120 sec and the expected result is reachable
2016-02-23 08:29:42,110 26738 DEBUG    [tempest.scenario.manager] TestNetworkBasicOps:test_update_instance_port_admin_state finishes ping 172.24.4.16 in 120 sec and the ping result is expected
2016-02-23 08:29:42,111 26738 INFO     [tempest_lib.common.ssh] Creating ssh connection to '172.24.4.16' as 'cirros' with public key authentication
2016-02-23 08:29:42,119 26738 WARNING  [tempest_lib.common.ssh] Failed to establish authenticated ssh connection to cirros@172.24.4.16 ([Errno None] Unable to connect to port 22 on  or 172.24.4.16). Number attempts: 1. Retry after 2 seconds.
2016-02-23 08:29:44,659 26738 INFO     [paramiko.transport] Connected (version 2.0, client dropbear_2012.55)
2016-02-23 08:29:44,939 26738 INFO     [paramiko.transport] Authentication (publickey) successful!
2016-02-23 08:29:44,942 26738 INFO     [tempest_lib.common.ssh] ssh connection to cirros@172.24.4.16 successfully created
2016-02-23 08:29:45,522 26738 INFO     [tempest_lib.common.rest_client] Request (TestNetworkBasicOps:test_update_instance_port_admin_state): 200 PUT http://10.4.1.3:9696/v2.0/ports/3e8a18bb-5027-44e1-ba65-fb42ccbab18c 0.463s
2016-02-23 08:29:45,523 26738 DEBUG    [tempest_lib.common.rest_client] Request - Headers: {'Content-Type': 'application/json', 'Accept': 'application/json', 'X-Auth-Token': '&lt;omitted&gt;'}
        Body: {"port": {"admin_state_up": false}}
    Response - Headers: {'status': '200', 'content-length': '628', 'connection': 'close', 'date': 'Tue, 23 Feb 2016 08:29:45 GMT', 'content-type': 'application/json; charset=UTF-8', 'x-openstack-request-id': 'req-e791fe9b-9f37-4ddc-a44c-63b4f5b5087c'}
        Body: {"port": {"status": "ACTIVE", "name": "", "allowed_address_pairs": [], "admin_state_up": false, "network_id": "dd04c847-5526-4021-b7c1-01b58c8caa43", "dns_name": null, "extra_dhcp_opts": [], "mac_address": "fa:16:3e:22:0d:3a", "binding:vnic_type": "normal", "device_owner": "compute:None", "tenant_id": "6dafc9052bea44e9ab187e0a2053bea6", "port_security_enabled": true, "fixed_ips": [{"subnet_id": "06ff9e01-e1c3-43b3-b34c-3b47576b8b67", "ip_address": "10.100.0.3"}], "id": "3e8a18bb-5027-44e1-ba65-fb42ccbab18c", "security_groups": ["8b52bbe9-9d99-4ca0-92f5-207b3fbdfc78"], "device_id": "8ccf24bf-a89e-4bc4-bf54-672f4c7b8b68"}}
2016-02-23 08:29:45,524 26738 DEBUG    [tempest.scenario.manager] checking network connections to IP 172.24.4.16 with user: cirros
2016-02-23 08:29:45,524 26738 DEBUG    [tempest.scenario.manager] TestNetworkBasicOps:test_update_instance_port_admin_state begins to ping 172.24.4.16 in 120 sec and the expected result is unreachable
2016-02-23 08:31:45,990 26738 DEBUG    [tempest.scenario.manager] TestNetworkBasicOps:test_update_instance_port_admin_state finishes ping 172.24.4.16 in 120 sec and the ping result is unexpected
2016-02-23 08:31:45,992 26738 ERROR    [tempest.scenario.manager] Public network connectivity check failed: after updating admin_state_up of instance port to False
2016-02-23 08:31:45.992 26738 ERROR tempest.scenario.manager Traceback (most recent call last):
2016-02-23 08:31:45.992 26738 ERROR tempest.scenario.manager   File "tempest/scenario/manager.py", line 598, in check_public_network_connectivity
2016-02-23 08:31:45.992 26738 ERROR tempest.scenario.manager     should_connect=should_connect)
2016-02-23 08:31:45.992 26738 ERROR tempest.scenario.manager   File "tempest/scenario/manager.py", line 582, in check_vm_connectivity
2016-02-23 08:31:45.992 26738 ERROR tempest.scenario.manager     msg=msg)
2016-02-23 08:31:45.992 26738 ERROR tempest.scenario.manager   File "/usr/local/lib/python2.7/dist-packages/unittest2/case.py", line 702, in assertTrue
2016-02-23 08:31:45.992 26738 ERROR tempest.scenario.manager     raise self.failureException(msg)
2016-02-23 08:31:45.992 26738 ERROR tempest.scenario.manager AssertionError: False is not true : ip address 172.24.4.16 is reachable
2016-02-23 08:31:45.992 26738 ERROR tempest.scenario.manager 
2016-02-23 08:31:46,429 26738 INFO     [tempest_lib.common.rest_client] Request (TestNetworkBasicOps:test_update_instance_port_admin_state): 200 POST http://10.4.1.3:8774/v2.1/6dafc9052bea44e9ab187e0a2053bea6/servers/8ccf24bf-a89e-4bc4-bf54-672f4c7b8b68/action 0.431s
2016-02-23 08:31:46,430 26738 DEBUG    [tempest_lib.common.rest_client] Request - Headers: {'Content-Type': 'application/json', 'Accept': 'application/json', 'X-Auth-Token': '&lt;omitted&gt;'}
        Body: {"os-getConsoleOutput": {}}
    Response - Headers: {'status': '200', 'content-length': '19793', 'x-compute-request-id': 'req-35a3ffe0-fe16-442c-8826-c61aef701cb8', 'vary': 'X-OpenStack-Nova-API-Version', 'connection': 'close', 'x-openstack-nova-api-version': '2.1', 'date': 'Tue, 23 Feb 2016 08:31:46 GMT', 'content-type': 'application/json'}
        Body: {"output": "[    0.000000] Initializing cgroup subsys cpuset\n[    0.000000] Initializing cgroup subsys cpu\n[    0.000000] Linux version 3.2.0-80-virtual (buildd@batsu) (gcc version 4.6.3 (Ubuntu/Linaro 4.6.3-1ubuntu5) ) #116-Ubuntu SMP Mon Mar 23 17:28:52 UTC 2015 (Ubuntu 3.2.0-80.116-virtual 3.2.68)\n[    0.000000] Command line: root=/dev/vda console=tty0 console=ttyS0 no_timer_check\n[    0.000000] KERNEL supported cpus:\n[    0.000000]   Intel GenuineIntel\n[    0.000000]   AMD AuthenticAMD\n[    0.000000]   Centaur CentaurHauls\n[    0.000000] BIOS-provided physical RAM map:\n[    0.000000]  BIOS-e820: 0000000000000000 - 000000000009fc00 (usable)\n[    0.000000]  BIOS-e820: 000000000009fc00 - 00000000000a0000 (reserved)\n[    0.000000]  BIOS-e820: 00000000000f0000 - 0000000000100000 (reserved)\n[    0.000000]  BIOS-e820: 0000000000100000 - 0000000003ffe000 (usable)\n[    0.000000]  BIOS-e820: 0000000003ffe000 - 0000000004000000 (reserved)\n[    0.000000]  BIOS-e820: 00000000fffc0000 - 0000000100000000 (reserved)\n[    0.000000] NX (Execute Disable) protection: active\n[    0.000000] SMBIOS 2.4 present.\n[    0.000000] No AGP bridge found\n[    0.000000] last_pfn = 0x3ffe max_arch_pfn = 0x400000000\n[    0.000000] x86 PAT enabled: cpu 0, old 0x7040600070406, new 0x7010600070106\n[    0.000000] found SMP MP-table at [ffff8800000f0b00] f0b00\n[    0.000000] init_memory_mapping: 0000000000000000-0000000003ffe000\n[    0.000000] RAMDISK: 03c5e000 - 03ff0000\n[    0.000000] ACPI: RSDP 00000000000f0950 00014 (v00 BOCHS )\n[    0.000000] ACPI: RSDT 0000000003fffbc1 00034 (v01 BOCHS  BXPCRSDT 00000001 BXPC 00000001)\n[    0.000000] ACPI: FACP 0000000003fff1c0 00074 (v01 BOCHS  BXPCFACP 00000001 BXPC 00000001)\n[    0.000000] ACPI: DSDT 0000000003ffe040 01180 (v01 BOCHS  BXPCDSDT 00000001 BXPC 00000001)\n[    0.000000] ACPI: FACS 0000000003ffe000 00040\n[    0.000000] ACPI: SSDT 0000000003fff234 008DD (v01 BOCHS  BXPCSSDT 00000001 BXPC 00000001)\n[    0.000000] ACPI: APIC 0000000003fffb11 00078 (v01 BOCHS  BXPCAPIC 00000001 BXPC 00000001)\n[    0.000000] ACPI: HPET 0000000003fffb89 00038 (v01 BOCHS  BXPCHPET 00000001 BXPC 00000001)\n[    0.000000] No NUMA configuration found\n[    0.000000] Faking a node at 0000000000000000-0000000003ffe000\n[    0.000000] Initmem setup node 0 0000000000000000-0000000003ffe000\n[    0.000000]   NODE_DATA [0000000003ff6000 - 0000000003ffafff]\n[    0.000000] Zone PFN ranges:\n[    0.000000]   DMA      0x00000010 -&gt; 0x00001000\n[    0.000000]   DMA32    0x00001000 -&gt; 0x00100000\n[    0.000000]   Normal   empty\n[    0.000000] Movable zone start PFN for each node\n[    0.000000] early_node_map[2] active PFN ranges\n[    0.000000]     0: 0x00000010 -&gt; 0x0000009f\n[    0.000000]     0: 0x00000100 -&gt; 0x00003ffe\n[    0.000000] ACPI: PM-Timer IO Port: 0xb008\n[    0.000000] ACPI: LAPIC (acpi_id[0x00] lapic_id[0x00] enabled)\n[    0.000000] ACPI: LAPIC_NMI (acpi_id[0xff] dfl dfl lint[0x1])\n[    0.000000] ACPI: IOAPIC (id[0x00] address[0xfec00000] gsi_base[0])\n[    0.000000] IOAPIC[0]: apic_id 0, version 17, address 0xfec00000, GSI 0-23\n[    0.000000] ACPI: INT_SRC_OVR (bus 0 bus_irq 0 global_irq 2 dfl dfl)\n[    0.000000] ACPI: INT_SRC_OVR (bus 0 bus_irq 5 global_irq 5 high level)\n[    0.000000] ACPI: INT_SRC_OVR (bus 0 bus_irq 9 global_irq 9 high level)\n[    0.000000] ACPI: INT_SRC_OVR (bus 0 bus_irq 10 global_irq 10 high level)\n[    0.000000] ACPI: INT_SRC_OVR (bus 0 bus_irq 11 global_irq 11 high level)\n[    0.000000] Using ACPI (MADT) for SMP configuration information\n[    0.000000] ACPI: HPET id: 0x8086a201 base: 0xfed00000\n[    0.000000] SMP: Allowing 1 CPUs, 0 hotplug CPUs\n[    0.000000] PM: Registered nosave memory: 000000000009f000 - 00000000000a0000\n[    0.000000] PM: Registered nosave memory: 00000000000a0000 - 00000000000f0000\n[    0.000000] PM: Registered nosave memory: 00000000000f0000 - 0000000000100000\n[    0.000000] Allocating PCI resources starting at 4000000 (gap: 4000000:fbfc0000)\n[    0.000000] Booting paravirtualized kernel on bare hardware\n[    0.000000] setup_pe
2016-02-23 08:31:46,433 26738 DEBUG    [tempest.scenario.manager] Console output for 8ccf24bf-a89e-4bc4-bf54-672f4c7b8b68
body=
[    0.000000] Initializing cgroup subsys cpuset
[    0.000000] Initializing cgroup subsys cpu
[    0.000000] Linux version 3.2.0-80-virtual (buildd@batsu) (gcc version 4.6.3 (Ubuntu/Linaro 4.6.3-1ubuntu5) ) #116-Ubuntu SMP Mon Mar 23 17:28:52 UTC 2015 (Ubuntu 3.2.0-80.116-virtual 3.2.68)
[    0.000000] Command line: root=/dev/vda console=tty0 console=ttyS0 no_timer_check
[    0.000000] KERNEL supported cpus:
[    0.000000]   Intel GenuineIntel
[    0.000000]   AMD AuthenticAMD
[    0.000000]   Centaur CentaurHauls
[    0.000000] BIOS-provided physical RAM map:
[    0.000000]  BIOS-e820: 0000000000000000 - 000000000009fc00 (usable)
[    0.000000]  BIOS-e820: 000000000009fc00 - 00000000000a0000 (reserved)
[    0.000000]  BIOS-e820: 00000000000f0000 - 0000000000100000 (reserved)
[    0.000000]  BIOS-e820: 0000000000100000 - 0000000003ffe000 (usable)
[    0.000000]  BIOS-e820: 0000000003ffe000 - 0000000004000000 (reserved)
[    0.000000]  BIOS-e820: 00000000fffc0000 - 0000000100000000 (reserved)
[    0.000000] NX (Execute Disable) protection: active
[    0.000000] SMBIOS 2.4 present.
[    0.000000] No AGP bridge found
[    0.000000] last_pfn = 0x3ffe max_arch_pfn = 0x400000000
[    0.000000] x86 PAT enabled: cpu 0, old 0x7040600070406, new 0x7010600070106
[    0.000000] found SMP MP-table at [ffff8800000f0b00] f0b00
[    0.000000] init_memory_mapping: 0000000000000000-0000000003ffe000
[    0.000000] RAMDISK: 03c5e000 - 03ff0000
[    0.000000] ACPI: RSDP 00000000000f0950 00014 (v00 BOCHS )
[    0.000000] ACPI: RSDT 0000000003fffbc1 00034 (v01 BOCHS  BXPCRSDT 00000001 BXPC 00000001)
[    0.000000] ACPI: FACP 0000000003fff1c0 00074 (v01 BOCHS  BXPCFACP 00000001 BXPC 00000001)
[    0.000000] ACPI: DSDT 0000000003ffe040 01180 (v01 BOCHS  BXPCDSDT 00000001 BXPC 00000001)
[    0.000000] ACPI: FACS 0000000003ffe000 00040
[    0.000000] ACPI: SSDT 0000000003fff234 008DD (v01 BOCHS  BXPCSSDT 00000001 BXPC 00000001)
[    0.000000] ACPI: APIC 0000000003fffb11 00078 (v01 BOCHS  BXPCAPIC 00000001 BXPC 00000001)
[    0.000000] ACPI: HPET 0000000003fffb89 00038 (v01 BOCHS  BXPCHPET 00000001 BXPC 00000001)
[    0.000000] No NUMA configuration found
[    0.000000] Faking a node at 0000000000000000-0000000003ffe000
[    0.000000] Initmem setup node 0 0000000000000000-0000000003ffe000
[    0.000000]   NODE_DATA [0000000003ff6000 - 0000000003ffafff]
[    0.000000] Zone PFN ranges:
[    0.000000]   DMA      0x00000010 -&gt; 0x00001000
[    0.000000]   DMA32    0x00001000 -&gt; 0x00100000
[    0.000000]   Normal   empty
[    0.000000] Movable zone start PFN for each node
[    0.000000] early_node_map[2] active PFN ranges
[    0.000000]     0: 0x00000010 -&gt; 0x0000009f
[    0.000000]     0: 0x00000100 -&gt; 0x00003ffe
[    0.000000] ACPI: PM-Timer IO Port: 0xb008
[    0.000000] ACPI: LAPIC (acpi_id[0x00] lapic_id[0x00] enabled)
[    0.000000] ACPI: LAPIC_NMI (acpi_id[0xff] dfl dfl lint[0x1])
[    0.000000] ACPI: IOAPIC (id[0x00] address[0xfec00000] gsi_base[0])
[    0.000000] IOAPIC[0]: apic_id 0, version 17, address 0xfec00000, GSI 0-23
[    0.000000] ACPI: INT_SRC_OVR (bus 0 bus_irq 0 global_irq 2 dfl dfl)
[    0.000000] ACPI: INT_SRC_OVR (bus 0 bus_irq 5 global_irq 5 high level)
[    0.000000] ACPI: INT_SRC_OVR (bus 0 bus_irq 9 global_irq 9 high level)
[    0.000000] ACPI: INT_SRC_OVR (bus 0 bus_irq 10 global_irq 10 high level)
[    0.000000] ACPI: INT_SRC_OVR (bus 0 bus_irq 11 global_irq 11 high level)
[    0.000000] Using ACPI (MADT) for SMP configuration information
[    0.000000] ACPI: HPET id: 0x8086a201 base: 0xfed00000
[    0.000000] SMP: Allowing 1 CPUs, 0 hotplug CPUs
[    0.000000] PM: Registered nosave memory: 000000000009f000 - 00000000000a0000
[    0.000000] PM: Registered nosave memory: 00000000000a0000 - 00000000000f0000
[    0.000000] PM: Registered nosave memory: 00000000000f0000 - 0000000000100000
[    0.000000] Allocating PCI resources starting at 4000000 (gap: 4000000:fbfc0000)
[    0.000000] Booting paravirtualized kernel on bare hardware
[    0.000000] setup_percpu: NR_CPUS:64 nr_cpumask_bits:64 nr_cpu_ids:1 nr_node_ids:1
[    0.000000] PERCPU: Embedded 27 pages/cpu @ffff880003a00000 s78848 r8192 d23552 u2097152
[    0.000000] Built 1 zonelists in Node order, mobility grouping on.  Total pages: 16008
[    0.000000] Policy zone: DMA32
[    0.000000] Kernel command line: root=/dev/vda console=tty0 console=ttyS0 no_timer_check
[    0.000000] PID hash table entries: 256 (order: -1, 2048 bytes)
[    0.000000] Checking aperture...
[    0.000000] No AGP bridge found
[    0.000000] Memory: 43492k/65528k available (6576k kernel code, 452k absent, 21584k reserved, 6620k data, 928k init)
[    0.000000] SLUB: Genslabs=15, HWalign=64, Order=0-3, MinObjects=0, CPUs=1, Nodes=1
[    0.000000] Hierarchical RCU implementation.
[    0.000000] 	RCU dyntick-idle grace-period acceleration is enabled.
[    0.000000] NR_IRQS:4352 nr_irqs:256 16
[    0.000000] Console: colour VGA+ 80x25
[    0.000000] console [tty0] enabled
[    0.000000] console [ttyS0] enabled
[    0.000000] allocated 1048576 bytes of page_cgroup
[    0.000000] please try 'cgroup_disable=memory' option if you don't want memory cgroups
[    0.000000] Fast TSC calibration failed
[    0.000000] TSC: Unable to calibrate against PIT
[    0.000000] TSC: using HPET reference calibration
[    0.000000] Detected 2295.067 MHz processor.
[    0.032865] Calibrating delay loop (skipped), value calculated using timer frequency.. 4590.13 BogoMIPS (lpj=9180268)
[    0.034941] pid_max: default: 32768 minimum: 301
[    0.042886] Security Framework initialized
[    0.047103] AppArmor: AppArmor initialized
[    0.048125] Yama: becoming mindful.
[    0.056860] Dentry cache hash table entries: 8192 (order: 4, 65536 bytes)
[    0.058820] Inode-cache hash table entries: 4096 (order: 3, 32768 bytes)
[    0.060855] Mount-cache hash table entries: 256
[    0.077781] Initializing cgroup subsys cpuacct
[    0.078622] Initializing cgroup subsys memory
[    0.080866] Initializing cgroup subsys devices
[    0.081545] Initializing cgroup subsys freezer
[    0.082169] Initializing cgroup subsys blkio
[    0.082813] Initializing cgroup subsys perf_event
[    0.089128] mce: CPU supports 10 MCE banks
[    0.092947] SMP alternatives: switching to UP code
[    0.452269] Freeing SMP alternatives: 24k freed
[    0.454266] ACPI: Core revision 20110623
[    0.504443] ftrace: allocating 26610 entries in 105 pages
[    0.534416] ..TIMER: vector=0x30 apic1=0 pin1=2 apic2=-1 pin2=-1
[    0.536153] CPU0: AMD QEMU Virtual CPU version 2.0.0 stepping 03
[    0.540033] Performance Events: Broken PMU hardware detected, using software events only.
[    0.548654] NMI watchdog disabled (cpu0): hardware events not enabled
[    0.550434] Brought up 1 CPUs
[    0.550933] Total of 1 processors activated (4590.13 BogoMIPS).
[    0.574438] devtmpfs: initialized
[    0.603199] EVM: security.selinux
[    0.604080] EVM: security.SMACK64
[    0.604529] EVM: security.capability
[    0.626137] print_constraints: dummy: 
[    0.628569] RTC time:  8:29:23, date: 02/23/16
[    0.630977] NET: Registered protocol family 16
[    0.638460] ACPI: bus type pci registered
[    0.642692] PCI: Using configuration type 1 for base access
[    0.674554] bio: create slab &lt;bio-0&gt; at 0
[    0.678909] ACPI: Added _OSI(Module Device)
[    0.680126] ACPI: Added _OSI(Processor Device)
[    0.680677] ACPI: Added _OSI(3.0 _SCP Extensions)
[    0.681218] ACPI: Added _OSI(Processor Aggregator Device)
[    0.762000] ACPI: Interpreter enabled
[    0.762715] ACPI: (supports S0 S3 S4 S5)
[    0.765641] ACPI: Using IOAPIC for interrupt routing
[    0.838809] ACPI: No dock devices found.
[    0.840181] HEST: Table not found.
[    0.840723] PCI: Using host bridge windows from ACPI; if necessary, use "pci=nocrs" and report a bug
[    0.846162] ACPI: PCI Root Bridge [PCI0] (domain 0000 [bus 00-ff])
[    0.853672] pci_root PNP0A03:00: host bridge window [io  0x0000-0x0cf7]
[    0.854571] pci_root PNP0A03:00: host bridge window [io  0x0d00-0xadff]
[    0.855383] pci_root PNP0A03:00: host bridge window [io  0xae0f-0xaeff]
[    0.856113] pci_root PNP0A03:00: host bridge window [io  0xaf20-0xafdf]
[    0.856917] pci_root PNP0A03:00: host bridge window [io  0xafe4-0xffff]
[    0.857805] pci_root PNP0A03:00: host bridge window [mem 0x000a0000-0x000bffff]
[    0.858732] pci_root PNP0A03:00: host bridge window [mem 0x04000000-0xfebfffff]
[    0.878539] pci 0000:00:01.3: quirk: [io  0xb000-0xb03f] claimed by PIIX4 ACPI
[    0.880102] pci 0000:00:01.3: quirk: [io  0xb100-0xb10f] claimed by PIIX4 SMB
[    0.941347]  pci0000:00: Unable to request _OSC control (_OSC support mask: 0x1e)
[    1.005937] ACPI: PCI Interrupt Link [LNKA] (IRQs 5 *10 11)
[    1.008870] ACPI: PCI Interrupt Link [LNKB] (IRQs 5 *10 11)
[    1.010488] ACPI: PCI Interrupt Link [LNKC] (IRQs 5 10 *11)
[    1.012684] ACPI: PCI Interrupt Link [LNKD] (IRQs 5 10 *11)
[    1.014242] ACPI: PCI Interrupt Link [LNKS] (IRQs *9)
[    1.020718] vgaarb: device added: PCI:0000:00:02.0,decodes=io+mem,owns=io+mem,locks=none
[    1.021599] vgaarb: loaded
[    1.021998] vgaarb: bridge control possible 0000:00:02.0
[    1.025787] i2c-core: driver [aat2870] using legacy suspend method
[    1.026677] i2c-core: driver [aat2870] using legacy resume method
[    1.029435] SCSI subsystem initialized
[    1.032953] usbcore: registered new interface driver usbfs
[    1.034090] usbcore: registered new interface driver hub
[    1.035383] usbcore: registered new device driver usb
[    1.040315] PCI: Using ACPI for IRQ routing
[    1.057876] NetLabel: Initializing
[    1.058373] NetLabel:  domain hash size = 128
[    1.058913] NetLabel:  protocols = UNLABELED CIPSOv4
[    1.061651] NetLabel:  unlabeled traffic allowed by default
[    1.064678] HPET: 3 timers in total, 0 timers will be used for per-cpu timer
[    1.065800] hpet0: at MMIO 0xfed00000, IRQs 2, 8, 0
[    1.066756] hpet0: 3 comparators, 64-bit 100.000000 MHz counter
[    1.084320] Switching to clocksource hpet
[    1.331378] AppArmor: AppArmor Filesystem Enabled
[    1.333745] pnp: PnP ACPI init
[    1.334396] ACPI: bus type pnp registered
[    1.354545] pnp: PnP ACPI: found 9 devices
[    1.355162] ACPI: ACPI bus type pnp unregistered
[    1.411330] NET: Registered protocol family 2
[    1.453474] IP route cache hash table entries: 512 (order: 0, 4096 bytes)
[    1.460170] TCP established hash table entries: 2048 (order: 3, 32768 bytes)
[    1.462145] TCP bind hash table entries: 2048 (order: 3, 32768 bytes)
[    1.463074] TCP: Hash tables configured (established 2048 bind 2048)
[    1.463814] TCP reno registered
[    1.465079] UDP hash table entries: 128 (order: 0, 4096 bytes)
[    1.465962] UDP-Lite hash table entries: 128 (order: 0, 4096 bytes)
[    1.468477] NET: Registered protocol family 1
[    1.470680] pci 0000:00:00.0: Limiting direct PCI/PCI transfers
[    1.471377] pci 0000:00:01.0: PIIX3: Enabling Passive Release
[    1.472523] pci 0000:00:01.0: Activating ISA DMA hang workarounds
[    1.477464] ACPI: PCI Interrupt Link [LNKD] enabled at IRQ 11
[    1.478396] pci 0000:00:01.2: PCI INT D -&gt; Link[LNKD] -&gt; GSI 11 (level, high) -&gt; IRQ 11
[    1.481300] pci 0000:00:01.2: PCI INT D disabled
[    1.507431] Trying to unpack rootfs image as initramfs...
[    1.525908] audit: initializing netlink socket (disabled)
[    1.527392] type=2000 audit(1456216163.524:1): initialized
[    1.826970] HugeTLB registered 2 MB page size, pre-allocated 0 pages
[    1.939498] VFS: Disk quotas dquot_6.5.2
[    1.941615] Dquot-cache hash table entries: 512 (order 0, 4096 bytes)
[    1.957184] fuse init (API version 7.17)
[    1.959728] msgmni has been set to 84
[    1.998177] Block layer SCSI generic (bsg) driver version 0.4 loaded (major 253)
[    1.999562] io scheduler noop registered
[    2.000077] io scheduler deadline registered (default)
[    2.002419] io scheduler cfq registered
[    2.005973] pci_hotplug: PCI Hot Plug PCI Core version: 0.5
[    2.007575] pciehp: PCI Express Hot Plug Controller Driver version: 0.4
[    2.014535] input: Power Button as /devices/LNXSYSTM:00/LNXPWRBN:00/input/input0
[    2.016088] ACPI: Power Button [PWRF]
[    2.062931] ERST: Table is not found!
[    2.063399] GHES: HEST is not enabled!
[    2.078146] ACPI: PCI Interrupt Link [LNKC] enabled at IRQ 10
[    2.078911] virtio-pci 0000:00:03.0: PCI INT A -&gt; Link[LNKC] -&gt; GSI 10 (level, high) -&gt; IRQ 10
[    2.082789] virtio-pci 0000:00:04.0: PCI INT A -&gt; Link[LNKD] -&gt; GSI 11 (level, high) -&gt; IRQ 11
[    2.094745] ACPI: PCI Interrupt Link [LNKA] enabled at IRQ 10
[    2.095425] virtio-pci 0000:00:05.0: PCI INT A -&gt; Link[LNKA] -&gt; GSI 10 (level, high) -&gt; IRQ 10
[    2.106269] Serial: 8250/16550 driver, 32 ports, IRQ sharing enabled
[    2.149816] serial8250: ttyS0 at I/O 0x3f8 (irq = 4) is a 16550A
[    2.230513] serial8250: ttyS1 at I/O 0x2f8 (irq = 3) is a 16550A
[    2.351438] 00:05: ttyS0 at I/O 0x3f8 (irq = 4) is a 16550A
[    2.427021] 00:06: ttyS1 at I/O 0x2f8 (irq = 3) is a 16550A
[    2.475490] Linux agpgart interface v0.103
[    2.487011] Refined TSC clocksource calibration: 2295.068 MHz.
[    2.487728] Switching to clocksource tsc
[    2.542660] brd: module loaded
[    2.570312] loop: module loaded
[    2.619179]  vda: unknown partition table
[    2.703253] scsi0 : ata_piix
[    2.710182] scsi1 : ata_piix
[    2.712587] ata1: PATA max MWDMA2 cmd 0x1f0 ctl 0x3f6 bmdma 0xc0a0 irq 14
[    2.714398] ata2: PATA max MWDMA2 cmd 0x170 ctl 0x376 bmdma 0xc0a8 irq 15
[    2.726969] Fixed MDIO Bus: probed
[    2.727987] tun: Universal TUN/TAP device driver, 1.6
[    2.729872] tun: (C) 1999-2004 Max Krasnyansky &lt;maxk@qualcomm.com&gt;
[    2.748161] PPP generic driver version 2.4.2
[    2.778304] ehci_hcd: USB 2.0 'Enhanced' Host Controller (EHCI) Driver
[    2.779392] ohci_hcd: USB 1.1 'Open' Host Controller (OHCI) Driver
[    2.780938] uhci_hcd: USB Universal Host Controller Interface driver
[    2.782016] uhci_hcd 0000:00:01.2: PCI INT D -&gt; Link[LNKD] -&gt; GSI 11 (level, high) -&gt; IRQ 11
[    2.783863] uhci_hcd 0000:00:01.2: UHCI Host Controller
[    2.794270] uhci_hcd 0000:00:01.2: new USB bus registered, assigned bus number 1
[    2.795798] uhci_hcd 0000:00:01.2: irq 11, io base 0x0000c040
[    2.842837] hub 1-0:1.0: USB hub found
[    2.844040] hub 1-0:1.0: 2 ports detected
[    2.854226] usbcore: registered new interface driver libusual
[    2.858564] i8042: PNP: PS/2 Controller [PNP0303:KBD,PNP0f13:MOU] at 0x60,0x64 irq 1,12
[    2.871868] serio: i8042 KBD port at 0x60,0x64 irq 1
[    2.876047] serio: i8042 AUX port at 0x60,0x64 irq 12
[    2.914791] mousedev: PS/2 mouse device common for all mice
[    2.924011] input: AT Translated Set 2 keyboard as /devices/platform/i8042/serio0/input/input1
[    2.928495] rtc_cmos 00:01: RTC can wake from S4
[    2.943334] rtc_cmos 00:01: rtc core: registered rtc_cmos as rtc0
[    2.949765] rtc0: alarms up to one day, 114 bytes nvram, hpet irqs
[    2.956500] device-mapper: uevent: version 1.0.3
[    2.975978] ata2.01: ATAPI: QEMU DVD-ROM, 2.0.0, max UDMA/100
[    2.991326] ata2.01: configured for MWDMA2
[    3.018230] device-mapper: ioctl: 4.22.0-ioctl (2011-10-19) initialised: dm-devel@redhat.com
[    3.022091] cpuidle: using governor ladder
[    3.023390] cpuidle: using governor menu
[    3.023928] EFI Variables Facility v0.08 2004-May-17
[    3.033189] TCP cubic registered
[    3.038171] NET: Registered protocol family 10
[    3.068689] NET: Registered protocol family 17
[    3.070307] Registering the dns_resolver key type
[    3.087642] scsi 1:0:1:0: CD-ROM            QEMU     QEMU DVD-ROM     2.0. PQ: 0 ANSI: 5
[    3.119167] sr0: scsi3-mmc drive: 4x/4x cd/rw xa/form2 tray
[    3.122755] cdrom: Uniform CD-ROM driver Revision: 3.20
[    3.163855] sr 1:0:1:0: Attached scsi generic sg0 type 5
[    3.215783] registered taskstats version 1
[    3.247660] Freeing initrd memory: 3656k freed
[    3.764364]   Magic number: 4:476:473
[    3.775449] rtc_cmos 00:01: setting system clock to 2016-02-23 08:29:26 UTC (1456216166)
[    3.778922] powernow-k8: Processor cpuid 663 not supported
[    3.786648] BIOS EDD facility v0.16 2004-Jun-25, 0 devices found
[    3.787633] EDD information not available.
[    3.850163] Freeing unused kernel memory: 928k freed
[    3.855409] Write protecting the kernel read-only data: 12288k
[    3.934390] Freeing unused kernel memory: 1596k freed
[    3.994148] Freeing unused kernel memory: 1184k freed

info: initramfs: up at 4.20
modprobe: module virtio_blk not found in modules.dep
modprobe: module virtio_net not found in modules.dep
info: copying initramfs to /dev/vda
info: initramfs loading root from /dev/vda
info: /etc/init.d/rc.sysinit: up at 9.30
info: container: none
Starting logging: OK
modprobe: module virtio_blk not found in modules.dep
modprobe: module virtio_net not found in modules.dep
WARN: /etc/rc3.d/S10-load-modules failed
Initializing random number generator... done.
Starting acpid: OK
cirros-ds 'local' up at 11.86
found datasource (configdrive, local)
Starting network...
udhcpc (v1.20.1) started
Sending discover...
Sending select for 10.100.0.3...
Lease of 10.100.0.3 obtained, lease time 86400
route: SIOCADDRT: File exists
WARN: failed: route add -net "0.0.0.0/0" gw "10.100.0.1"
Starting dropbear sshd: generating rsa key... generating dsa key... OK
no userdata for datasource
=== system information ===
Platform: OpenStack Foundation OpenStack Nova
Container: none
Arch: x86_64
CPU(s): 1 @ 2295.067 MHz
Cores/Sockets/Threads: 1/1/1
Virt-type: AMD-V
RAM Size: 49MB
Disks:
NAME MAJ:MIN     SIZE LABEL         MOUNTPOINT
vda  253:0   25165824 cirros-rootfs /
sr0   11:0     432128 config-2      
=== sshd host keys ===
-----BEGIN SSH HOST KEY KEYS-----
ssh-rsa AAAAB3NzaC1yc2EAAAADAQABAAAAgwCsuKRmLKkpJPEkb8HR2LewIb8aKGK6Fwm6c1buzakG8j85WepVxNRC4TIbBnlW7GnL9n2vFi+oaLCcANanyWXv38MQ3uIAzfQw/xDw2qo47n6nQ1Q3jC7czKVdGAHJI5J/NybJ9RpQ7SgnJXGrJR/Iws44m1xw25vxd1fAA3/3gpkr root@tempest-server-smoke-1793720376
ssh-dss AAAAB3NzaC1kc3MAAACBAMmZB/AscsMNJwqe9S0P3v9qCFpwxJSXl11vOb4ynVpL03/0fUD48djDDIhjl6wl7CfZ21YIpX2Y4fCfNq9E9/9A08q1BpbkuTEPkGZgTP2Fd8nQ4nT+9LzPwWTt7HA1uSdcnag2j3dP/+Uol5qICWJ2jFkBt3V9OLNpyI2ib3czAAAAFQDuPvbIyHZY1O8USAYOzOufYUuZnwAAAIB0OK5umQmhH7OEi0ZLqBN5nYi4anTDSLO0bYkXl6ORPzJzWqq1E+mqQ6ZPDkI04Eay9s65fMsUcYidu7FI/JqPiJUWnBGjSl0EvtfUbsHoxvlzzKb14xzrg/kSUmDX7VQ8xDpHR/B6xY+07Wo9crChxo5K0cJhn+R/j/RywHezTQAAAIEAhXGChYK9ikZKBR/PpjtgfHLcIdF02WwDWkjZayu4rbmBCUzaHprwI1XsJ53Wq8pkKN7t1c2kk44gjJ+1Q9E0O1nQkpRLHB0GQE7oZ8YfzBjvQcXgXDLpqu8dcLPrGyOzBNQ6G3+e2emw1H2ECk9NTwYKCjC0UOUSzaEYJqPK/PM= root@tempest-server-smoke-1793720376
-----END SSH HOST KEY KEYS-----
=== network info ===
if-info: lo,up,127.0.0.1,8,::1
if-info: eth0,up,10.100.0.3,28,fe80::f816:3eff:fe22:d3a
ip-route:default via 10.100.0.1 dev eth0 
ip-route:10.100.0.0/28 dev eth0  src 10.100.0.3 
ip-route:169.254.169.254 via 10.100.0.1 dev eth0 
=== datasource: configdrive local ===
instance-id: 8ccf24bf-a89e-4bc4-bf54-672f4c7b8b68
name: tempest-server-smoke-1793720376
availability-zone: nova
local-hostname: tempest-server-smoke-1793720376.novalocal
launch-index: 0
=== cirros: current=0.3.4 uptime=23.34 ===
  ____               ____  ____
 / __/ __ ____ ____ / __ \/ __/
/ /__ / // __// __// /_/ /\ \ 
\___//_//_/  /_/   \____/___/ 
   http://cirros-cloud.net


login as 'cirros' user. default password: 'cubswin:)'. use 'sudo' for root.
tempest-server-smoke-1793720376 login: 
2016-02-23 08:31:47,009 26738 INFO     [tempest_lib.common.rest_client] Request (TestNetworkBasicOps:_run_cleanups): 204 DELETE http://10.4.1.3:9696/v2.0/floatingips/dfd35468-612d-4ac5-9e3e-729bf53a33f6 0.571s
2016-02-23 08:31:47,010 26738 DEBUG    [tempest_lib.common.rest_client] Request - Headers: {'Content-Type': 'application/json', 'Accept': 'application/json', 'X-Auth-Token': '&lt;omitted&gt;'}
        Body: None
    Response - Headers: {'date': 'Tue, 23 Feb 2016 08:31:47 GMT', 'status': '204', 'connection': 'close', 'content-length': '0', 'x-openstack-request-id': 'req-91238804-0926-4f07-ab14-1e9a91e92fa4'}
        Body: 
2016-02-23 08:31:47,447 26738 INFO     [tempest_lib.common.rest_client] Request (TestNetworkBasicOps:_run_cleanups): 204 DELETE http://10.4.1.3:8774/v2.1/6dafc9052bea44e9ab187e0a2053bea6/servers/8ccf24bf-a89e-4bc4-bf54-672f4c7b8b68 0.436s
2016-02-23 08:31:47,447 26738 DEBUG    [tempest_lib.common.rest_client] Request - Headers: {'Content-Type': 'application/json', 'Accept': 'application/json', 'X-Auth-Token': '&lt;omitted&gt;'}
        Body: None
    Response - Headers: {'status': '204', 'content-length': '0', 'x-compute-request-id': 'req-2d05a6a3-aaca-4bce-9669-ef4328e49f06', 'vary': 'X-OpenStack-Nova-API-Version', 'connection': 'close', 'x-openstack-nova-api-version': '2.1', 'date': 'Tue, 23 Feb 2016 08:31:47 GMT', 'content-type': 'application/json'}
        Body: 
2016-02-23 08:31:48,193 26738 INFO     [tempest_lib.common.rest_client] Request (TestNetworkBasicOps:_run_cleanups): 200 GET http://10.4.1.3:8774/v2.1/6dafc9052bea44e9ab187e0a2053bea6/servers/8ccf24bf-a89e-4bc4-bf54-672f4c7b8b68 0.744s
2016-02-23 08:31:48,193 26738 DEBUG    [tempest_lib.common.rest_client] Request - Headers: {'Content-Type': 'application/json', 'Accept': 'application/json', 'X-Auth-Token': '&lt;omitted&gt;'}
        Body: None
    Response - Headers: {'status': '200', 'content-length': '1761', 'content-location': 'http://10.4.1.3:8774/v2.1/6dafc9052bea44e9ab187e0a2053bea6/servers/8ccf24bf-a89e-4bc4-bf54-672f4c7b8b68', 'x-compute-request-id': 'req-41d2e06a-130f-48f3-9270-eb6e48110216', 'vary': 'X-OpenStack-Nova-API-Version', 'connection': 'close', 'x-openstack-nova-api-version': '2.1', 'date': 'Tue, 23 Feb 2016 08:31:48 GMT', 'content-type': 'application/json'}
        Body: {"server": {"status": "ACTIVE", "updated": "2016-02-23T08:31:47Z", "hostId": "c4c9560c9352a2c2ad77661d99276b546b9a230c539c8a6075d9e8bd", "addresses": {"tempest-network-smoke--321444245": [{"OS-EXT-IPS-MAC:mac_addr": "fa:16:3e:22:0d:3a", "version": 4, "addr": "10.100.0.3", "OS-EXT-IPS:type": "fixed"}, {"OS-EXT-IPS-MAC:mac_addr": "fa:16:3e:22:0d:3a", "version": 4, "addr": "172.24.4.16", "OS-EXT-IPS:type": "floating"}]}, "links": [{"href": "http://10.4.1.3:8774/v2.1/6dafc9052bea44e9ab187e0a2053bea6/servers/8ccf24bf-a89e-4bc4-bf54-672f4c7b8b68", "rel": "self"}, {"href": "http://10.4.1.3:8774/6dafc9052bea44e9ab187e0a2053bea6/servers/8ccf24bf-a89e-4bc4-bf54-672f4c7b8b68", "rel": "bookmark"}], "key_name": "tempest-TestNetworkBasicOps-943126068", "image": {"id": "f17f480d-0e00-40ba-8d76-de96b62f9e7f", "links": [{"href": "http://10.4.1.3:8774/6dafc9052bea44e9ab187e0a2053bea6/images/f17f480d-0e00-40ba-8d76-de96b62f9e7f", "rel": "bookmark"}]}, "OS-EXT-STS:task_state": "deleting", "OS-EXT-STS:vm_state": "active", "OS-SRV-USG:launched_at": "2016-02-23T08:29:19.000000", "flavor": {"id": "42", "links": [{"href": "http://10.4.1.3:8774/6dafc9052bea44e9ab187e0a2053bea6/flavors/42", "rel": "bookmark"}]}, "id": "8ccf24bf-a89e-4bc4-bf54-672f4c7b8b68", "security_groups": [{"name": "tempest-secgroup-smoke-1651521265"}], "OS-SRV-USG:terminated_at": null, "OS-EXT-AZ:availability_zone": "nova", "user_id": "ceb941fd06fd4acd8be19522be913d8f", "name": "tempest-server-smoke-1793720376", "created": "2016-02-23T08:29:15Z", "tenant_id": "6dafc9052bea44e9ab187e0a2053bea6", "OS-DCF:diskConfig": "MANUAL", "os-extended-volumes:volumes_attached": [], "accessIPv4": "", "accessIPv6": "", "progress": 0, "OS-EXT-STS:power_state": 1, "config_drive": "True", "metadata": {}}}
2016-02-23 08:31:49,770 26738 INFO     [tempest_lib.common.rest_client] Request (TestNetworkBasicOps:_run_cleanups): 200 GET http://10.4.1.3:8774/v2.1/6dafc9052bea44e9ab187e0a2053bea6/servers/8ccf24bf-a89e-4bc4-bf54-672f4c7b8b68 0.567s
2016-02-23 08:31:49,771 26738 DEBUG    [tempest_lib.common.rest_client] Request - Headers: {'Content-Type': 'application/json', 'Accept': 'application/json', 'X-Auth-Token': '&lt;omitted&gt;'}
        Body: None
