<?xml version="1.0" encoding="UTF-8"?>
<!DOCTYPE html PUBLIC "-//W3C//DTD XHTML 1.0 Strict//EN"
     "http://www.w3.org/TR/xhtml1/DTD/xhtml1-strict.dtd">
<html xmlns="http://www.w3.org/1999/xhtml">
<head>
    <title>Unit Test Report</title>
    <meta name="generator" content="subunit2html 0.1"/>
    <meta http-equiv="Content-Type" content="text/html; charset=UTF-8"/>
    
<style type="text/css" media="screen">
body        { font-family: verdana, arial, helvetica, sans-serif;
    font-size: 80%; }
table       { font-size: 100%; width: 100%;}
pre         { font-size: 80%; }

/* -- heading -------------------------------------------------------------- */
h1 {
        font-size: 16pt;
        color: gray;
}
.heading {
    margin-top: 0ex;
    margin-bottom: 1ex;
}

.heading .attribute {
    margin-top: 1ex;
    margin-bottom: 0;
}

.heading .description {
    margin-top: 4ex;
    margin-bottom: 6ex;
}

/* -- css div popup -------------------------------------------------------- */
a.popup_link {
}

a.popup_link:hover {
    color: red;
}

.popup_window {
    display: none;
    overflow-x: scroll;
    /*border: solid #627173 1px; */
    padding: 10px;
    background-color: #E6E6D6;
    font-family: "Ubuntu Mono", "Lucida Console", "Courier New", monospace;
    text-align: left;
    font-size: 8pt;
}

}
/* -- report --------------------------------------------------------------- */
#show_detail_line {
    margin-top: 3ex;
    margin-bottom: 1ex;
}
#result_table {
    width: 100%;
    border-collapse: collapse;
    border: 1px solid #777;
}
#header_row {
    font-weight: bold;
    color: white;
    background-color: #777;
}
#result_table td {
    border: 1px solid #777;
    padding: 2px;
}
#total_row  { font-weight: bold; }
.passClass  { background-color: #6c6; }
.failClass  { background-color: #c60; }
.errorClass { background-color: #c00; }
.passCase   { color: #6c6; }
.failCase   { color: #c60; font-weight: bold; }
.errorCase  { color: #c00; font-weight: bold; }
.hiddenRow  { display: none; }
.testcase   { margin-left: 2em; }
td.testname {width: 40%}
td.small {width: 40px}

/* -- ending --------------------------------------------------------------- */
#ending {
}

</style>

</head>
<body>
<script language="javascript" type="text/javascript"><!--
output_list = Array();

/* level - 0:Summary; 1:Failed; 2:All */
function showCase(level) {
    trs = document.getElementsByTagName("tr");
    for (var i = 0; i < trs.length; i++) {
        tr = trs[i];
        id = tr.id;
        if (id.substr(0,2) == 'ft') {
            if (level < 1) {
                tr.className = 'hiddenRow';
            }
            else {
                tr.className = '';
            }
        }
        if (id.substr(0,2) == 'pt') {
            if (level > 1) {
                tr.className = '';
            }
            else {
                tr.className = 'hiddenRow';
            }
        }
    }
}


function showClassDetail(cid, count) {
    var id_list = Array(count);
    var toHide = 1;
    for (var i = 0; i < count; i++) {
        tid0 = 't' + cid.substr(1) + '.' + (i+1);
        tid = 'f' + tid0;
        tr = document.getElementById(tid);
        if (!tr) {
            tid = 'p' + tid0;
            tr = document.getElementById(tid);
        }
        id_list[i] = tid;
        if (tr.className) {
            toHide = 0;
        }
    }
    for (var i = 0; i < count; i++) {
        tid = id_list[i];
        if (toHide) {
            document.getElementById('div_'+tid).style.display = 'none'
            document.getElementById(tid).className = 'hiddenRow';
        }
        else {
            document.getElementById(tid).className = '';
        }
    }
}


function showTestDetail(div_id){
    var details_div = document.getElementById(div_id)
    var displayState = details_div.style.display
    // alert(displayState)
    if (displayState != 'block' ) {
        displayState = 'block'
        details_div.style.display = 'block'
    }
    else {
        details_div.style.display = 'none'
    }
}


function html_escape(s) {
    s = s.replace(/&/g,'&amp;');
    s = s.replace(/</g,'&lt;');
    s = s.replace(/>/g,'&gt;');
    return s;
}

/* obsoleted by detail in <div>
function showOutput(id, name) {
    var w = window.open("", //url
                    name,
                    "resizable,scrollbars,status,width=800,height=450");
    d = w.document;
    d.write("<pre>");
    d.write(html_escape(output_list[id]));
    d.write("\n");
    d.write("<a href='javascript:window.close()'>close</a>\n");
    d.write("</pre>\n");
    d.close();
}
*/
--></script>

<div class='heading'>
<h1>Unit Test Report</h1>

<p class='attribute'><strong>Status:</strong> Pass 1 Failure 7 Skip 1</p>

<p class='description'></p>
</div>



<p id='show_detail_line'>Show
<a href='javascript:showCase(0)'>Summary</a>
<a href='javascript:showCase(1)'>Failed</a>
<a href='javascript:showCase(2)'>All</a>
</p>
<table id='result_table'>
<colgroup>
<col align='left' />
<col align='right' />
<col align='right' />
<col align='right' />
<col align='right' />
<col align='right' />
<col align='right' />
<col align='right' />
</colgroup>
<tr id='header_row'>
    <td>Test Group/Test case</td>
    <td>Count</td>
    <td>Pass</td>
    <td>Fail</td>
    <td>Error</td>
    <td>Skip</td>
    <td>View</td>
    <td> </td>
</tr>

<tr class='failClass'>
    <td class="testname">tempest.scenario.test_network_basic_ops.TestNetworkBasicOps</td>
    <td class="small">9</td>
    <td class="small">1</td>
    <td class="small">7</td>
    <td class="small">0</td>
    <td class="small">1</td>
    <td class="small"><a href="javascript:showClassDetail('c1',9)"
>Detail</a></td>
    <td> </td>
</tr>

<tr id='ft1.1' class='none'>
    <td class='failCase'><div class='testcase'>test_connectivity_between_vms_on_different_networks[compute,id-1546850e-fbaa-42f5-8b5f-03d8a6a95f15,network]</div></td>
    <td colspan='7' align='left'>

    <!--css div popup start-->
    <a class="popup_link" onfocus='this.blur();'
    href="javascript:showTestDetail('div_ft1.1')" >
        fail</a>

    <div id='div_ft1.1' class="popup_window">
        <div style='text-align: right; color:red;cursor:pointer'>
        <a onfocus='this.blur();'
onclick="document.getElementById('div_ft1.1').style.display = 'none' " >
           [x]</a>
        </div>
        <pre>
        
ft1.1: tempest.scenario.test_network_basic_ops.TestNetworkBasicOps.test_connectivity_between_vms_on_different_networks[compute,id-1546850e-fbaa-42f5-8b5f-03d8a6a95f15,network]_StringException: Empty attachments:
  stderr
  stdout

pythonlogging:'': {{{
2015-12-15 00:42:20,351 24997 INFO     [tempest_lib.common.rest_client] Request (TestNetworkBasicOps:test_connectivity_between_vms_on_different_networks): 201 POST http://10.0.2.15:9696/v2.0/security-groups 0.358s
2015-12-15 00:42:20,351 24997 DEBUG    [tempest_lib.common.rest_client] Request - Headers: {'Content-Type': 'application/json', 'Accept': 'application/json', 'X-Auth-Token': '&lt;omitted&gt;'}
        Body: {"security_group": {"tenant_id": "06961c6cfc834b22a757e3c7397f975e", "description": "tempest-secgroup-smoke-975057622 description", "name": "tempest-secgroup-smoke-975057622"}}
    Response - Headers: {'status': '201', 'content-length': '886', 'connection': 'close', 'date': 'Tue, 15 Dec 2015 00:42:20 GMT', 'content-type': 'application/json; charset=UTF-8', 'x-openstack-request-id': 'req-afaa6c86-4d4a-4601-a38b-bd90371e7e76'}
        Body: {"security_group": {"tenant_id": "06961c6cfc834b22a757e3c7397f975e", "description": "tempest-secgroup-smoke-975057622 description", "id": "c52b900e-f6a9-48d5-baca-44a3033783c5", "security_group_rules": [{"remote_group_id": null, "direction": "egress", "remote_ip_prefix": null, "protocol": null, "ethertype": "IPv4", "tenant_id": "06961c6cfc834b22a757e3c7397f975e", "port_range_max": null, "port_range_min": null, "id": "1708200a-041d-44a6-b5e0-474ba64a5e84", "security_group_id": "c52b900e-f6a9-48d5-baca-44a3033783c5"}, {"remote_group_id": null, "direction": "egress", "remote_ip_prefix": null, "protocol": null, "ethertype": "IPv6", "tenant_id": "06961c6cfc834b22a757e3c7397f975e", "port_range_max": null, "port_range_min": null, "id": "2bb5db52-0ee2-4eef-b5ad-7d9f08e5279a", "security_group_id": "c52b900e-f6a9-48d5-baca-44a3033783c5"}], "name": "tempest-secgroup-smoke-975057622"}}
2015-12-15 00:42:20,585 24997 INFO     [tempest_lib.common.rest_client] Request (TestNetworkBasicOps:test_connectivity_between_vms_on_different_networks): 201 POST http://10.0.2.15:9696/v2.0/security-group-rules 0.231s
2015-12-15 00:42:20,585 24997 DEBUG    [tempest_lib.common.rest_client] Request - Headers: {'Content-Type': 'application/json', 'Accept': 'application/json', 'X-Auth-Token': '&lt;omitted&gt;'}
        Body: {"security_group_rule": {"direction": "ingress", "protocol": "tcp", "tenant_id": "06961c6cfc834b22a757e3c7397f975e", "port_range_max": 22, "security_group_id": "c52b900e-f6a9-48d5-baca-44a3033783c5", "port_range_min": 22}}
    Response - Headers: {'status': '201', 'content-length': '340', 'connection': 'close', 'date': 'Tue, 15 Dec 2015 00:42:20 GMT', 'content-type': 'application/json; charset=UTF-8', 'x-openstack-request-id': 'req-c3913f9e-5d59-4002-9002-5bde49f594a6'}
        Body: {"security_group_rule": {"remote_group_id": null, "direction": "ingress", "remote_ip_prefix": null, "protocol": "tcp", "ethertype": "IPv4", "tenant_id": "06961c6cfc834b22a757e3c7397f975e", "port_range_max": 22, "port_range_min": 22, "id": "10b87171-af27-41d0-b466-606efea34417", "security_group_id": "c52b900e-f6a9-48d5-baca-44a3033783c5"}}
2015-12-15 00:42:20,706 24997 INFO     [tempest_lib.common.rest_client] Request (TestNetworkBasicOps:test_connectivity_between_vms_on_different_networks): 201 POST http://10.0.2.15:9696/v2.0/security-group-rules 0.119s
2015-12-15 00:42:20,706 24997 DEBUG    [tempest_lib.common.rest_client] Request - Headers: {'Content-Type': 'application/json', 'Accept': 'application/json', 'X-Auth-Token': '&lt;omitted&gt;'}
        Body: {"security_group_rule": {"direction": "egress", "protocol": "tcp", "tenant_id": "06961c6cfc834b22a757e3c7397f975e", "port_range_max": 22, "security_group_id": "c52b900e-f6a9-48d5-baca-44a3033783c5", "port_range_min": 22}}
    Response - Headers: {'status': '201', 'content-length': '339', 'connection': 'close', 'date': 'Tue, 15 Dec 2015 00:42:20 GMT', 'content-type': 'application/json; charset=UTF-8', 'x-openstack-request-id': 'req-6bb0bd3f-0507-4fef-bd1f-04357b21c9cb'}
        Body: {"security_group_rule": {"remote_group_id": null, "direction": "egress", "remote_ip_prefix": null, "protocol": "tcp", "ethertype": "IPv4", "tenant_id": "06961c6cfc834b22a757e3c7397f975e", "port_range_max": 22, "port_range_min": 22, "id": "47dda442-d015-4dce-90d4-e229f17d7d20", "security_group_id": "c52b900e-f6a9-48d5-baca-44a3033783c5"}}
2015-12-15 00:42:20,829 24997 INFO     [tempest_lib.common.rest_client] Request (TestNetworkBasicOps:test_connectivity_between_vms_on_different_networks): 201 POST http://10.0.2.15:9696/v2.0/security-group-rules 0.121s
2015-12-15 00:42:20,829 24997 DEBUG    [tempest_lib.common.rest_client] Request - Headers: {'Content-Type': 'application/json', 'Accept': 'application/json', 'X-Auth-Token': '&lt;omitted&gt;'}
        Body: {"security_group_rule": {"tenant_id": "06961c6cfc834b22a757e3c7397f975e", "direction": "ingress", "protocol": "icmp", "security_group_id": "c52b900e-f6a9-48d5-baca-44a3033783c5"}}
    Response - Headers: {'status': '201', 'content-length': '345', 'connection': 'close', 'date': 'Tue, 15 Dec 2015 00:42:20 GMT', 'content-type': 'application/json; charset=UTF-8', 'x-openstack-request-id': 'req-2cb1945d-ffb7-4d54-9a21-e8aed2e97310'}
        Body: {"security_group_rule": {"remote_group_id": null, "direction": "ingress", "remote_ip_prefix": null, "protocol": "icmp", "ethertype": "IPv4", "tenant_id": "06961c6cfc834b22a757e3c7397f975e", "port_range_max": null, "port_range_min": null, "id": "17870fbd-0889-45ab-9151-ff4de79d169d", "security_group_id": "c52b900e-f6a9-48d5-baca-44a3033783c5"}}
2015-12-15 00:42:20,956 24997 INFO     [tempest_lib.common.rest_client] Request (TestNetworkBasicOps:test_connectivity_between_vms_on_different_networks): 201 POST http://10.0.2.15:9696/v2.0/security-group-rules 0.126s
2015-12-15 00:42:20,957 24997 DEBUG    [tempest_lib.common.rest_client] Request - Headers: {'Content-Type': 'application/json', 'Accept': 'application/json', 'X-Auth-Token': '&lt;omitted&gt;'}
        Body: {"security_group_rule": {"tenant_id": "06961c6cfc834b22a757e3c7397f975e", "direction": "egress", "protocol": "icmp", "security_group_id": "c52b900e-f6a9-48d5-baca-44a3033783c5"}}
    Response - Headers: {'status': '201', 'content-length': '344', 'connection': 'close', 'date': 'Tue, 15 Dec 2015 00:42:20 GMT', 'content-type': 'application/json; charset=UTF-8', 'x-openstack-request-id': 'req-494d41d8-7196-4200-be5f-e48c9616d6fc'}
        Body: {"security_group_rule": {"remote_group_id": null, "direction": "egress", "remote_ip_prefix": null, "protocol": "icmp", "ethertype": "IPv4", "tenant_id": "06961c6cfc834b22a757e3c7397f975e", "port_range_max": null, "port_range_min": null, "id": "7b4a7289-79b0-45eb-945c-43164b3a69da", "security_group_id": "c52b900e-f6a9-48d5-baca-44a3033783c5"}}
2015-12-15 00:42:21,083 24997 INFO     [tempest_lib.common.rest_client] Request (TestNetworkBasicOps:test_connectivity_between_vms_on_different_networks): 201 POST http://10.0.2.15:9696/v2.0/security-group-rules 0.125s
2015-12-15 00:42:21,084 24997 DEBUG    [tempest_lib.common.rest_client] Request - Headers: {'Content-Type': 'application/json', 'Accept': 'application/json', 'X-Auth-Token': '&lt;omitted&gt;'}
        Body: {"security_group_rule": {"tenant_id": "06961c6cfc834b22a757e3c7397f975e", "direction": "ingress", "security_group_id": "c52b900e-f6a9-48d5-baca-44a3033783c5", "protocol": "icmp", "ethertype": "IPv6"}}
    Response - Headers: {'status': '201', 'content-length': '345', 'connection': 'close', 'date': 'Tue, 15 Dec 2015 00:42:21 GMT', 'content-type': 'application/json; charset=UTF-8', 'x-openstack-request-id': 'req-7b8e7b5c-174f-48c4-bcac-30c2068b34a6'}
        Body: {"security_group_rule": {"remote_group_id": null, "direction": "ingress", "remote_ip_prefix": null, "protocol": "icmp", "ethertype": "IPv6", "tenant_id": "06961c6cfc834b22a757e3c7397f975e", "port_range_max": null, "port_range_min": null, "id": "6aea9b46-45ed-4b06-82d2-c243300eec07", "security_group_id": "c52b900e-f6a9-48d5-baca-44a3033783c5"}}
2015-12-15 00:42:21,193 24997 INFO     [tempest_lib.common.rest_client] Request (TestNetworkBasicOps:test_connectivity_between_vms_on_different_networks): 201 POST http://10.0.2.15:9696/v2.0/security-group-rules 0.108s
2015-12-15 00:42:21,193 24997 DEBUG    [tempest_lib.common.rest_client] Request - Headers: {'Content-Type': 'application/json', 'Accept': 'application/json', 'X-Auth-Token': '&lt;omitted&gt;'}
        Body: {"security_group_rule": {"tenant_id": "06961c6cfc834b22a757e3c7397f975e", "direction": "egress", "security_group_id": "c52b900e-f6a9-48d5-baca-44a3033783c5", "protocol": "icmp", "ethertype": "IPv6"}}
    Response - Headers: {'status': '201', 'content-length': '344', 'connection': 'close', 'date': 'Tue, 15 Dec 2015 00:42:21 GMT', 'content-type': 'application/json; charset=UTF-8', 'x-openstack-request-id': 'req-2ad82e1b-beda-4cb0-86bf-203995c6b617'}
        Body: {"security_group_rule": {"remote_group_id": null, "direction": "egress", "remote_ip_prefix": null, "protocol": "icmp", "ethertype": "IPv6", "tenant_id": "06961c6cfc834b22a757e3c7397f975e", "port_range_max": null, "port_range_min": null, "id": "c292227f-a250-4ee9-9d7c-e66228fa3c88", "security_group_id": "c52b900e-f6a9-48d5-baca-44a3033783c5"}}
2015-12-15 00:42:21,371 24997 INFO     [tempest_lib.common.rest_client] Request (TestNetworkBasicOps:test_connectivity_between_vms_on_different_networks): 201 POST http://10.0.2.15:9696/v2.0/networks 0.176s
2015-12-15 00:42:21,371 24997 DEBUG    [tempest_lib.common.rest_client] Request - Headers: {'Content-Type': 'application/json', 'Accept': 'application/json', 'X-Auth-Token': '&lt;omitted&gt;'}
        Body: {"network": {"tenant_id": "06961c6cfc834b22a757e3c7397f975e", "name": "tempest-network-smoke--1517195331"}}
    Response - Headers: {'status': '201', 'content-length': '329', 'connection': 'close', 'date': 'Tue, 15 Dec 2015 00:42:21 GMT', 'content-type': 'application/json; charset=UTF-8', 'x-openstack-request-id': 'req-aafb16de-554e-4d3c-9b94-15a16380f06e'}
        Body: {"network": {"status": "ACTIVE", "subnets": [], "availability_zone_hints": "[]", "name": "tempest-network-smoke--1517195331", "admin_state_up": true, "tenant_id": "06961c6cfc834b22a757e3c7397f975e", "mtu": 0, "router:external": false, "shared": false, "port_security_enabled": true, "id": "d7bd3a07-8709-4eb6-847c-e69f425487e7"}}
2015-12-15 00:42:21,464 24997 INFO     [tempest_lib.common.rest_client] Request (TestNetworkBasicOps:test_connectivity_between_vms_on_different_networks): 201 POST http://10.0.2.15:9696/v2.0/routers 0.091s
2015-12-15 00:42:21,464 24997 DEBUG    [tempest_lib.common.rest_client] Request - Headers: {'Content-Type': 'application/json', 'Accept': 'application/json', 'X-Auth-Token': '&lt;omitted&gt;'}
        Body: {"router": {"tenant_id": "06961c6cfc834b22a757e3c7397f975e", "name": "tempest-router-smoke-858803780", "admin_state_up": true}}
    Response - Headers: {'status': '201', 'content-length': '295', 'connection': 'close', 'date': 'Tue, 15 Dec 2015 00:42:21 GMT', 'content-type': 'application/json; charset=UTF-8', 'x-openstack-request-id': 'req-96483d0d-c5d9-4ffe-8767-caa2c96a087c'}
        Body: {"router": {"status": "ACTIVE", "external_gateway_info": null, "availability_zone_hints": [], "availability_zones": [], "name": "tempest-router-smoke-858803780", "admin_state_up": true, "tenant_id": "06961c6cfc834b22a757e3c7397f975e", "routes": [], "id": "75952093-d45f-4ff7-b821-21ff7a5576eb"}}
2015-12-15 00:42:21,518 24997 INFO     [tempest_lib.common.rest_client] Request (TestNetworkBasicOps:test_connectivity_between_vms_on_different_networks): 200 GET http://10.0.2.15:9696/v2.0/routers/75952093-d45f-4ff7-b821-21ff7a5576eb 0.052s
2015-12-15 00:42:21,519 24997 DEBUG    [tempest_lib.common.rest_client] Request - Headers: {'Content-Type': 'application/json', 'Accept': 'application/json', 'X-Auth-Token': '&lt;omitted&gt;'}
        Body: None
    Response - Headers: {'status': '200', 'content-length': '295', 'content-location': 'http://10.0.2.15:9696/v2.0/routers/75952093-d45f-4ff7-b821-21ff7a5576eb', 'connection': 'close', 'date': 'Tue, 15 Dec 2015 00:42:21 GMT', 'content-type': 'application/json; charset=UTF-8', 'x-openstack-request-id': 'req-0ed26a18-af63-4b0d-9c18-6365104944c5'}
        Body: {"router": {"status": "ACTIVE", "external_gateway_info": null, "availability_zone_hints": [], "availability_zones": [], "name": "tempest-router-smoke-858803780", "admin_state_up": true, "tenant_id": "06961c6cfc834b22a757e3c7397f975e", "routes": [], "id": "75952093-d45f-4ff7-b821-21ff7a5576eb"}}
2015-12-15 00:42:22,218 24997 INFO     [tempest_lib.common.rest_client] Request (TestNetworkBasicOps:test_connectivity_between_vms_on_different_networks): 200 PUT http://10.0.2.15:9696/v2.0/routers/75952093-d45f-4ff7-b821-21ff7a5576eb 0.697s
2015-12-15 00:42:22,219 24997 DEBUG    [tempest_lib.common.rest_client] Request - Headers: {'Content-Type': 'application/json', 'Accept': 'application/json', 'X-Auth-Token': '&lt;omitted&gt;'}
        Body: {"router": {"external_gateway_info": {"network_id": "61a8c9e2-a54c-495f-b120-8d1e2808bc44"}, "name": "tempest-router-smoke-858803780", "admin_state_up": true}}
    Response - Headers: {'status': '200', 'content-length': '557', 'connection': 'close', 'date': 'Tue, 15 Dec 2015 00:42:22 GMT', 'content-type': 'application/json; charset=UTF-8', 'x-openstack-request-id': 'req-fb14b0d5-4484-4458-9e68-697815369cee'}
        Body: {"router": {"status": "ACTIVE", "external_gateway_info": {"network_id": "61a8c9e2-a54c-495f-b120-8d1e2808bc44", "enable_snat": true, "external_fixed_ips": [{"subnet_id": "92e32044-10cf-4f67-8a96-bca1437fbbea", "ip_address": "172.24.4.3"}, {"subnet_id": "a0f9b49c-508b-4de6-a0f0-8c2a1a31191d", "ip_address": "2001:db8::3"}]}, "availability_zone_hints": [], "availability_zones": [], "name": "tempest-router-smoke-858803780", "admin_state_up": true, "tenant_id": "06961c6cfc834b22a757e3c7397f975e", "routes": [], "id": "75952093-d45f-4ff7-b821-21ff7a5576eb"}}
2015-12-15 00:42:22,393 24997 INFO     [tempest_lib.common.rest_client] Request (TestNetworkBasicOps:test_connectivity_between_vms_on_different_networks): 200 GET http://10.0.2.15:9696/v2.0/subnets?tenant_id=06961c6cfc834b22a757e3c7397f975e&amp;cidr=10.100.0.0%2F28 0.173s
2015-12-15 00:42:22,394 24997 DEBUG    [tempest_lib.common.rest_client] Request - Headers: {'Content-Type': 'application/json', 'Accept': 'application/json', 'X-Auth-Token': '&lt;omitted&gt;'}
        Body: None
    Response - Headers: {'status': '200', 'content-length': '15', 'content-location': 'http://10.0.2.15:9696/v2.0/subnets?tenant_id=06961c6cfc834b22a757e3c7397f975e&amp;cidr=10.100.0.0%2F28', 'connection': 'close', 'date': 'Tue, 15 Dec 2015 00:42:22 GMT', 'content-type': 'application/json; charset=UTF-8', 'x-openstack-request-id': 'req-db299ff1-6f4e-40b1-a6d9-d38463bfb305'}
        Body: {"subnets": []}
2015-12-15 00:42:22,760 24997 INFO     [tempest_lib.common.rest_client] Request (TestNetworkBasicOps:test_connectivity_between_vms_on_different_networks): 201 POST http://10.0.2.15:9696/v2.0/subnets 0.366s
2015-12-15 00:42:22,761 24997 DEBUG    [tempest_lib.common.rest_client] Request - Headers: {'Content-Type': 'application/json', 'Accept': 'application/json', 'X-Auth-Token': '&lt;omitted&gt;'}
        Body: {"subnet": {"ip_version": 4, "tenant_id": "06961c6cfc834b22a757e3c7397f975e", "cidr": "10.100.0.0/28", "network_id": "d7bd3a07-8709-4eb6-847c-e69f425487e7", "name": "tempest-subnet-smoke-1020984498"}}
    Response - Headers: {'status': '201', 'content-length': '478', 'connection': 'close', 'date': 'Tue, 15 Dec 2015 00:42:22 GMT', 'content-type': 'application/json; charset=UTF-8', 'x-openstack-request-id': 'req-2a0fea1e-b59e-41db-b022-7eaaad49315c'}
        Body: {"subnet": {"name": "tempest-subnet-smoke-1020984498", "enable_dhcp": true, "network_id": "d7bd3a07-8709-4eb6-847c-e69f425487e7", "tenant_id": "06961c6cfc834b22a757e3c7397f975e", "dns_nameservers": [], "gateway_ip": "10.100.0.1", "ipv6_ra_mode": null, "allocation_pools": [{"start": "10.100.0.2", "end": "10.100.0.14"}], "host_routes": [], "ip_version": 4, "ipv6_address_mode": null, "cidr": "10.100.0.0/28", "id": "7fad286a-e1b0-4d6f-8044-54aade388f75", "subnetpool_id": null}}
2015-12-15 00:42:23,514 24997 INFO     [tempest_lib.common.rest_client] Request (TestNetworkBasicOps:test_connectivity_between_vms_on_different_networks): 200 PUT http://10.0.2.15:9696/v2.0/routers/75952093-d45f-4ff7-b821-21ff7a5576eb/add_router_interface 0.753s
2015-12-15 00:42:23,515 24997 DEBUG    [tempest_lib.common.rest_client] Request - Headers: {'Content-Type': 'application/json', 'Accept': 'application/json', 'X-Auth-Token': '&lt;omitted&gt;'}
        Body: {"subnet_id": "7fad286a-e1b0-4d6f-8044-54aade388f75"}
    Response - Headers: {'status': '200', 'content-length': '255', 'connection': 'close', 'date': 'Tue, 15 Dec 2015 00:42:23 GMT', 'content-type': 'application/json; charset=UTF-8', 'x-openstack-request-id': 'req-34488920-9ad6-4b9e-825c-709f633e2c89'}
        Body: {"subnet_id": "7fad286a-e1b0-4d6f-8044-54aade388f75", "tenant_id": "06961c6cfc834b22a757e3c7397f975e", "subnet_ids": ["7fad286a-e1b0-4d6f-8044-54aade388f75"], "port_id": "d827d715-093b-4029-9d26-a25663cda813", "id": "75952093-d45f-4ff7-b821-21ff7a5576eb"}
2015-12-15 00:42:23,578 24997 INFO     [tempest_lib.common.rest_client] Request (TestNetworkBasicOps:test_connectivity_between_vms_on_different_networks): 200 GET http://10.0.2.15:9696/v2.0/networks 0.062s
2015-12-15 00:42:23,579 24997 DEBUG    [tempest_lib.common.rest_client] Request - Headers: {'Content-Type': 'application/json', 'Accept': 'application/json', 'X-Auth-Token': '&lt;omitted&gt;'}
        Body: None
    Response - Headers: {'status': '200', 'content-length': '1507', 'content-location': 'http://10.0.2.15:9696/v2.0/networks', 'connection': 'close', 'date': 'Tue, 15 Dec 2015 00:42:23 GMT', 'content-type': 'application/json; charset=UTF-8', 'x-openstack-request-id': 'req-99e8a4ad-bbfa-4bc6-b4b7-ec7393653fff'}
        Body: {"networks": [{"status": "ACTIVE", "subnets": ["a0f9b49c-508b-4de6-a0f0-8c2a1a31191d", "92e32044-10cf-4f67-8a96-bca1437fbbea"], "availability_zone_hints": [], "availability_zones": ["nova"], "name": "public", "provider:physical_network": null, "admin_state_up": true, "tenant_id": "f260bc9035a94a13a84b9ae00a3ded75", "mtu": 0, "router:external": true, "shared": false, "port_security_enabled": true, "provider:network_type": "vxlan", "id": "61a8c9e2-a54c-495f-b120-8d1e2808bc44", "provider:segmentation_id": 1017}, {"status": "ACTIVE", "subnets": ["3f8a8d6e-cd2a-4cf4-8ddc-131df7050340", "a2735d3c-2bb7-4bd6-b1d1-c44cf5e8299a"], "availability_zone_hints": [], "availability_zones": ["nova"], "name": "private", "provider:physical_network": null, "admin_state_up": true, "tenant_id": "abdfae2f047e49e18b934c5ef314ef45", "mtu": 0, "router:external": false, "shared": false, "port_security_enabled": true, "provider:network_type": "vxlan", "id": "1af7cbfa-c7e4-4eb3-92f5-97f949170d9f", "provider:segmentation_id": 1034}, {"status": "ACTIVE", "subnets": ["7fad286a-e1b0-4d6f-8044-54aade388f75"], "availability_zone_hints": [], "availability_zones": ["nova"], "name": "tempest-network-smoke--1517195331", "provider:physical_network": null, "admin_state_up": true, "tenant_id": "06961c6cfc834b22a757e3c7397f975e", "mtu": 0, "router:external": false, "shared": false, "port_security_enabled": true, "provider:network_type": "vxlan", "id": "d7bd3a07-8709-4eb6-847c-e69f425487e7", "provider:segmentation_id": 1073}]}
2015-12-15 00:42:23,711 24997 INFO     [tempest_lib.common.rest_client] Request (TestNetworkBasicOps:test_connectivity_between_vms_on_different_networks): 200 GET http://10.0.2.15:9696/v2.0/subnets 0.130s
2015-12-15 00:42:23,712 24997 DEBUG    [tempest_lib.common.rest_client] Request - Headers: {'Content-Type': 'application/json', 'Accept': 'application/json', 'X-Auth-Token': '&lt;omitted&gt;'}
        Body: None
    Response - Headers: {'status': '200', 'content-length': '2408', 'content-location': 'http://10.0.2.15:9696/v2.0/subnets', 'connection': 'close', 'date': 'Tue, 15 Dec 2015 00:42:23 GMT', 'content-type': 'application/json; charset=UTF-8', 'x-openstack-request-id': 'req-ce2b7c9c-4850-4760-97ea-e1a921965f27'}
        Body: {"subnets": [{"name": "ipv6-private-subnet", "enable_dhcp": true, "network_id": "1af7cbfa-c7e4-4eb3-92f5-97f949170d9f", "tenant_id": "abdfae2f047e49e18b934c5ef314ef45", "dns_nameservers": [], "gateway_ip": "fdd1:ccfd:256a::1", "ipv6_ra_mode": "slaac", "allocation_pools": [{"start": "fdd1:ccfd:256a::2", "end": "fdd1:ccfd:256a:0:ffff:ffff:ffff:ffff"}], "host_routes": [], "ip_version": 6, "ipv6_address_mode": "slaac", "cidr": "fdd1:ccfd:256a::/64", "id": "3f8a8d6e-cd2a-4cf4-8ddc-131df7050340", "subnetpool_id": null}, {"name": "private-subnet", "enable_dhcp": true, "network_id": "1af7cbfa-c7e4-4eb3-92f5-97f949170d9f", "tenant_id": "abdfae2f047e49e18b934c5ef314ef45", "dns_nameservers": [], "gateway_ip": "10.0.0.1", "ipv6_ra_mode": null, "allocation_pools": [{"start": "10.0.0.2", "end": "10.0.0.254"}], "host_routes": [], "ip_version": 4, "ipv6_address_mode": null, "cidr": "10.0.0.0/24", "id": "a2735d3c-2bb7-4bd6-b1d1-c44cf5e8299a", "subnetpool_id": null}, {"name": "tempest-subnet-smoke-1020984498", "enable_dhcp": true, "network_id": "d7bd3a07-8709-4eb6-847c-e69f425487e7", "tenant_id": "06961c6cfc834b22a757e3c7397f975e", "dns_nameservers": [], "gateway_ip": "10.100.0.1", "ipv6_ra_mode": null, "allocation_pools": [{"start": "10.100.0.2", "end": "10.100.0.14"}], "host_routes": [], "ip_version": 4, "ipv6_address_mode": null, "cidr": "10.100.0.0/28", "id": "7fad286a-e1b0-4d6f-8044-54aade388f75", "subnetpool_id": null}, {"name": "public-subnet", "enable_dhcp": false, "network_id": "61a8c9e2-a54c-495f-b120-8d1e2808bc44", "tenant_id": "f260bc9035a94a13a84b9ae00a3ded75", "dns_nameservers": [], "gateway_ip": "172.24.4.1", "ipv6_ra_mode": null, "allocation_pools": [{"start": "172.24.4.2", "end": "172.24.4.254"}], "host_routes": [], "ip_version": 4, "ipv6_address_mode": null, "cidr": "172.24.4.0/24", "id": "92e32044-10cf-4f67-8a96-bca1437fbbea", "subnetpool_id": null}, {"name": "ipv6-public-subnet", "enable_dhcp": false, "network_id": "61a8c9e2-a54c-495f-b120-8d1e2808bc44", "tenant_id": "f260bc9035a94a13a84b9ae00a3ded75", "dns_nameservers": [], "gateway_ip": "2001:db8::2", "ipv6_ra_mode": null, "allocation_pools": [{"start": "2001:db8::1", "end": "2001:db8::1"}, {"start": "2001:db8::3", "end": "2001:db8::ffff:ffff:ffff:ffff"}], "host_routes": [], "ip_version": 6, "ipv6_address_mode": null, "cidr": "2001:db8::/64", "id": "a0f9b49c-508b-4de6-a0f0-8c2a1a31191d", "subnetpool_id": null}]}
2015-12-15 00:42:23,780 24997 INFO     [tempest_lib.common.rest_client] Request (TestNetworkBasicOps:test_connectivity_between_vms_on_different_networks): 200 GET http://10.0.2.15:9696/v2.0/routers 0.066s
2015-12-15 00:42:23,781 24997 DEBUG    [tempest_lib.common.rest_client] Request - Headers: {'Content-Type': 'application/json', 'Accept': 'application/json', 'X-Auth-Token': '&lt;omitted&gt;'}
        Body: None
    Response - Headers: {'status': '200', 'content-length': '1166', 'content-location': 'http://10.0.2.15:9696/v2.0/routers', 'connection': 'close', 'date': 'Tue, 15 Dec 2015 00:42:23 GMT', 'content-type': 'application/json; charset=UTF-8', 'x-openstack-request-id': 'req-113448db-bc0c-4074-9ffd-78d56fcd983e'}
        Body: {"routers": [{"status": "ACTIVE", "external_gateway_info": {"network_id": "61a8c9e2-a54c-495f-b120-8d1e2808bc44", "enable_snat": true, "external_fixed_ips": [{"subnet_id": "92e32044-10cf-4f67-8a96-bca1437fbbea", "ip_address": "172.24.4.2"}, {"subnet_id": "a0f9b49c-508b-4de6-a0f0-8c2a1a31191d", "ip_address": "2001:db8::1"}]}, "availability_zone_hints": [], "availability_zones": ["nova"], "name": "router1", "admin_state_up": true, "tenant_id": "abdfae2f047e49e18b934c5ef314ef45", "distributed": false, "routes": [], "ha": false, "id": "519cef6e-8056-481d-8871-fb6295cca3a0"}, {"status": "ACTIVE", "external_gateway_info": {"network_id": "61a8c9e2-a54c-495f-b120-8d1e2808bc44", "enable_snat": true, "external_fixed_ips": [{"subnet_id": "92e32044-10cf-4f67-8a96-bca1437fbbea", "ip_address": "172.24.4.3"}, {"subnet_id": "a0f9b49c-508b-4de6-a0f0-8c2a1a31191d", "ip_address": "2001:db8::3"}]}, "availability_zone_hints": [], "availability_zones": ["nova"], "name": "tempest-router-smoke-858803780", "admin_state_up": true, "tenant_id": "06961c6cfc834b22a757e3c7397f975e", "distributed": false, "routes": [], "ha": false, "id": "75952093-d45f-4ff7-b821-21ff7a5576eb"}]}
2015-12-15 00:42:24,392 24997 INFO     [tempest_lib.common.rest_client] Request (TestNetworkBasicOps:test_connectivity_between_vms_on_different_networks): 200 POST http://10.0.2.15:8774/v2.1/06961c6cfc834b22a757e3c7397f975e/os-keypairs 0.611s
2015-12-15 00:42:24,393 24997 DEBUG    [tempest_lib.common.rest_client] Request - Headers: {'Content-Type': 'application/json', 'Accept': 'application/json', 'X-Auth-Token': '&lt;omitted&gt;'}
        Body: {"keypair": {"name": "tempest-TestNetworkBasicOps-295304626"}}
    Response - Headers: {'status': '200', 'content-length': '2320', 'x-compute-request-id': 'req-ce4aedc7-8515-48ae-a95a-0057195a026c', 'vary': 'X-OpenStack-Nova-API-Version', 'connection': 'close', 'x-openstack-nova-api-version': '2.1', 'date': 'Tue, 15 Dec 2015 00:42:24 GMT', 'content-type': 'application/json'}
        Body: {"keypair": {"public_key": "ssh-rsa AAAAB3NzaC1yc2EAAAADAQABAAABAQC+oCyB8EQ+whzyydM6TnG4CPDJF5K6N6+N5cv+BIkhPwQeist/iLqwCHo/E0AQPbhNvpz5cdQHzlfw4yf4HiAPDWwRsMBIcv/5j5iHRiH9kkKWos8tiCGwvQua+Ig8dF3EzlvwdNC1lB/NYqiNch8x0wUrXYYFUeVa3H4iyAv3TDkeZRFiGOBaDaF81vaIiTtyG6aB6MwUdtJAfRDyGvOwRM8ZhDAFxRtLJP3VIU/hv13Cf0cK3VIbPuGiq1tR5ORoXUSWKSEKjTtFXvHxMWyHlIptDkRQrlemCv0VmFAAf7Ypr7aIFGEdBRpT9HSo/8ZWQwhPvDlwXQOP08J+mGS5 Generated-by-Nova", "private_key": "-----BEGIN RSA PRIVATE KEY-----\nMIIEqAIBAAKCAQEAvqAsgfBEPsIc8snTOk5xuAjwyReSujevjeXL/gSJIT8EHorL\nf4i6sAh6PxNAED24Tb6c+XHUB85X8OMn+B4gDw1sEbDASHL/+Y+Yh0Yh/ZJClqLP\nLYghsL0LmviIPHRdxM5b8HTQtZQfzWKojXIfMdMFK12GBVHlWtx+IsgL90w5HmUR\nYhjgWg2hfNb2iIk7chumgejMFHbSQH0Q8hrzsETPGYQwBcUbSyT91SFP4b9dwn9H\nCt1SGz7hoqtbUeTkaF1ElikhCo07RV7x8TFsh5SKbQ5EUK5Xpgr9FZhQAH+2Ka+2\niBRhHQUaU/R0qP/GVkMIT7w5cF0Dj9PCfphkuQIDAQABAoIBAGgc73IgmgV02363\nQIit42pSZ8BNAbR3SYjEo3+fVo4z7roHsFF9igku+CWPDARS0WCU5QNQai/BQUKt\nrlzTh0rxV77pvHtVY/0XsoTfhx0JTxka3vDNUylGdxoy96WdIMGmu4w/IOarehsg\n8VIfrG34BPDEabhqHExd9P5mKDLuGwYAsyff786UsyMUIqcCgafndeCWIhE8RPNm\nXNue/ANq7TgaA15m2jnnvCCE5J6XWR4TjdwrmqYH75Y0OKOTacN7Q6ChaVWAFb7Q\nTkkgGUmAvmRf9MprdD6RZrfj0GqDNcGduLKL3O2F37XcCRfYo9HNV43TJ95vitoK\nlPIOZykCggCBANKH+/XZPFDAa2N8msYPLbkF9y6oLtWnsKvX0I+qsPS5Bv7EZwhJ\nCUBs05vocWEsoG8cjuIsOrd7UuqZqa4tjEyXu6PMqt3ZS5WSI+GDobfLfOOPNQIG\n93XGvtxzl8hgJn4/asEFaIKa+eyEYbKUeStJ07vsM/omaVF+LTMB6T5nAoIAgQDn\ny6NUxoEaXDkGAIbCJyEdj7zAOpCegJUvlIVPW5zOgC6TTc9b8bNA84CkmBJDyrS2\nVlFY9NMabyesRExdvdQSDRoEfLrpeIJZmJT1GNI+3zy+N5cF0mqqW6Us6Sk5AkM3\ngjmrvg7Qb+ooBQPeMENoUrsg/wbXKHwPuH9U6EUP3wKCAIAbR5uSY6+5FvXTUlYL\ny/O0wd0hopFPBgeSfMh9lTSQwVjysihXnn8gZfmVfi0S1mGDhEPPcsO4+rXnyDmA\nZE6FrjOWKfMKBBoTK3iSxCe0VR29rtTDinuOO06H6kKEqFDUkwsWL8k3AzXXO+Ac\n77gzr8FL3HNvuoJzGNJqhZjfiQKCAIEA5y4XiU6tpm/CQ7U0seE6yvP3qbT/VcYi\nhKDZUGured0oFqwtGqN2R1pUvFQbK1e5Yn22hkUvYpbn94zqqTfRketVPpJ0DLSv\nNNLUBZsq3Z/iQkjJK/pPffcHR0KIZZ5XEb6k7CATQFnOLPnLgMecAyk4D1GrLd3n\n1foJrNI3RvsCggCAUOOKcFZHYzW7Si5sGuDZGzK129wWaaojYhDJffehxgrdikMP\n6ph6lQCdrhjHSKXxjrybHVBdSXoyPEaF1Ch0zowO2VrzY2iRGKlTBlr4/dmbndI8\nKzX1F8oHFRedabAMlUIvORDow18UVoiKinf9gXQAnn4rXmM/MMRJj6sZxck=\n-----END RSA PRIVATE KEY-----\n", "user_id": "d77b0a30635d4e07b816665dfb60c66b", "name": "tempest-TestNetworkBasicOps-295304626", "fingerprint": "f6:86:3d:81:d4:b0:ae:89:81:b0:9c:be:21:e0:66:df"}}
2015-12-15 00:42:24,481 24997 INFO     [tempest_lib.common.rest_client] Request (TestNetworkBasicOps:test_connectivity_between_vms_on_different_networks): 200 POST http://10.0.2.15:5000/v2.0/tokens
2015-12-15 00:42:24,481 24997 DEBUG    [tempest_lib.common.rest_client] Request - Headers: {'Content-Type': 'application/json', 'Accept': 'application/json'}
        Body: &lt;omitted&gt;
    Response - Headers: {'status': '200', 'content-length': '2526', 'vary': 'X-Auth-Token', 'server': 'Apache/2.4.7 (Ubuntu)', 'connection': 'close', 'date': 'Tue, 15 Dec 2015 00:42:24 GMT', 'content-type': 'application/json', 'x-openstack-request-id': 'req-ef51c640-b3be-40c1-88f6-b775e360727c'}
        Body: {"access": {"token": {"issued_at": "2015-12-15T00:42:24.472761", "expires": "2015-12-15T01:42:24Z", "id": "6e5842bffddc41458107e01d7963318a", "tenant": {"description": "tempest-TestNetworkBasicOps-860178737-desc", "enabled": true, "id": "06961c6cfc834b22a757e3c7397f975e", "name": "tempest-TestNetworkBasicOps-860178737"}, "audit_ids": ["5drr8DN3RY6ClPRfcOd66A"]}, "serviceCatalog": [{"endpoints": [{"adminURL": "http://10.0.2.15:8774/v2.1/06961c6cfc834b22a757e3c7397f975e", "region": "RegionOne", "internalURL": "http://10.0.2.15:8774/v2.1/06961c6cfc834b22a757e3c7397f975e", "id": "21097d06f0e44512b31214da952be60b", "publicURL": "http://10.0.2.15:8774/v2.1/06961c6cfc834b22a757e3c7397f975e"}], "endpoints_links": [], "type": "compute", "name": "nova"}, {"endpoints": [{"adminURL": "http://10.0.2.15:9696/", "region": "RegionOne", "internalURL": "http://10.0.2.15:9696/", "id": "0fca1905a6b74bb1919bd774730beda1", "publicURL": "http://10.0.2.15:9696/"}], "endpoints_links": [], "type": "network", "name": "neutron"}, {"endpoints": [{"adminURL": "http://10.0.2.15:9292", "region": "RegionOne", "internalURL": "http://10.0.2.15:9292", "id": "5f01836a3a074e47a89e0317682e06cb", "publicURL": "http://10.0.2.15:9292"}], "endpoints_links": [], "type": "image", "name": "glance"}, {"endpoints": [{"adminURL": "http://10.0.2.15:8774/v2/06961c6cfc834b22a757e3c7397f975e", "region": "RegionOne", "internalURL": "http://10.0.2.15:8774/v2/06961c6cfc834b22a757e3c7397f975e", "id": "2526f6757823461fb138faece815e989", "publicURL": "http://10.0.2.15:8774/v2/06961c6cfc834b22a757e3c7397f975e"}], "endpoints_links": [], "type": "compute_legacy", "name": "nova_legacy"}, {"endpoints": [{"adminURL": "http://10.0.2.15:8773/", "region": "RegionOne", "internalURL": "http://10.0.2.15:8773/", "id": "26ddebcbf3324833aff8ba493acdb4eb", "publicURL": "http://10.0.2.15:8773/"}], "endpoints_links": [], "type": "ec2", "name": "ec2"}, {"endpoints": [{"adminURL": "http://10.0.2.15:35357/v2.0", "region": "RegionOne", "internalURL": "http://10.0.2.15:5000/v2.0", "id": "6cd54570f885405ab54ba0551c744924", "publicURL": "http://10.0.2.15:5000/v2.0"}], "endpoints_links": [], "type": "identity", "name": "keystone"}], "user": {"username": "tempest-TestNetworkBasicOps-845244561", "roles_links": [], "id": "d77b0a30635d4e07b816665dfb60c66b", "roles": [{"name": "_member_"}, {"name": "Member"}], "name": "tempest-TestNetworkBasicOps-845244561"}, "metadata": {"is_admin": 0, "roles": ["9fe2ff9ee4384b1894a90878d3e92bab", "263d8c57c38a45c1862c67b2f29b9b48"]}}}
2015-12-15 00:42:24,485 24997 DEBUG    [tempest.common.fixed_network] (TestNetworkBasicOps:test_connectivity_between_vms_on_different_networks) No valid network provided or created, defaulting to fixed_network_name
2015-12-15 00:42:24,757 24997 INFO     [tempest_lib.common.rest_client] Request (TestNetworkBasicOps:test_connectivity_between_vms_on_different_networks): 200 GET http://10.0.2.15:8774/v2.1/06961c6cfc834b22a757e3c7397f975e/os-networks 0.271s
2015-12-15 00:42:24,758 24997 DEBUG    [tempest_lib.common.rest_client] Request - Headers: {'Content-Type': 'application/json', 'Accept': 'application/json', 'X-Auth-Token': '&lt;omitted&gt;'}
        Body: None
    Response - Headers: {'status': '200', 'content-length': '479', 'content-location': 'http://10.0.2.15:8774/v2.1/06961c6cfc834b22a757e3c7397f975e/os-networks', 'x-compute-request-id': 'req-d1af62f2-89e7-41db-9db8-c820b504104e', 'vary': 'X-OpenStack-Nova-API-Version', 'connection': 'close', 'x-openstack-nova-api-version': '2.1', 'date': 'Tue, 15 Dec 2015 00:42:24 GMT', 'content-type': 'application/json'}
        Body: {"networks": [{"cidr_v6": null, "dns2": null, "dns1": null, "gateway": null, "broadcast": null, "netmask": null, "gateway_v6": null, "cidr": null, "label": "public", "id": "61a8c9e2-a54c-495f-b120-8d1e2808bc44", "netmask_v6": null}, {"cidr_v6": null, "dns2": null, "dns1": null, "gateway": null, "broadcast": null, "netmask": null, "gateway_v6": null, "cidr": null, "label": "tempest-network-smoke--1517195331", "id": "d7bd3a07-8709-4eb6-847c-e69f425487e7", "netmask_v6": null}]}
2015-12-15 00:42:24,758 24997 WARNING  [tempest.common.fixed_network] (TestNetworkBasicOps:test_connectivity_between_vms_on_different_networks) Network with name: private not found
2015-12-15 00:42:24,758 24997 INFO     [tempest.common.fixed_network] (TestNetworkBasicOps:test_connectivity_between_vms_on_different_networks) Found network {} available for tenant
2015-12-15 00:42:26,004 24997 INFO     [tempest_lib.common.rest_client] Request (TestNetworkBasicOps:test_connectivity_between_vms_on_different_networks): 202 POST http://10.0.2.15:8774/v2.1/06961c6cfc834b22a757e3c7397f975e/servers 1.245s
2015-12-15 00:42:26,004 24997 DEBUG    [tempest_lib.common.rest_client] Request - Headers: {'Content-Type': 'application/json', 'Accept': 'application/json', 'X-Auth-Token': '&lt;omitted&gt;'}
        Body: {"server": {"name": "tempest.common.compute-instance-1252410300", "imageRef": "53f8bd25-8c37-4965-995d-1464065f7e43", "key_name": "tempest-TestNetworkBasicOps-295304626", "flavorRef": "42", "networks": [{"uuid": "d7bd3a07-8709-4eb6-847c-e69f425487e7"}], "security_groups": [{"name": "tempest-secgroup-smoke-975057622"}]}}
    Response - Headers: {'status': '202', 'content-length': '461', 'x-compute-request-id': 'req-ffddab55-9b37-48cd-95ab-e2531be5712f', 'vary': 'X-OpenStack-Nova-API-Version', 'connection': 'close', 'location': 'http://10.0.2.15:8774/v2.1/06961c6cfc834b22a757e3c7397f975e/servers/94664161-6400-40b2-b846-f0cd81ac8479', 'x-openstack-nova-api-version': '2.1', 'date': 'Tue, 15 Dec 2015 00:42:26 GMT', 'content-type': 'application/json'}
        Body: {"server": {"security_groups": [{"name": "tempest-secgroup-smoke-975057622"}], "OS-DCF:diskConfig": "MANUAL", "id": "94664161-6400-40b2-b846-f0cd81ac8479", "links": [{"href": "http://10.0.2.15:8774/v2.1/06961c6cfc834b22a757e3c7397f975e/servers/94664161-6400-40b2-b846-f0cd81ac8479", "rel": "self"}, {"href": "http://10.0.2.15:8774/06961c6cfc834b22a757e3c7397f975e/servers/94664161-6400-40b2-b846-f0cd81ac8479", "rel": "bookmark"}], "adminPass": "hP5o9qQMFR5b"}}
2015-12-15 00:42:26,171 24997 INFO     [tempest_lib.common.rest_client] Request (TestNetworkBasicOps:test_connectivity_between_vms_on_different_networks): 200 GET http://10.0.2.15:8774/v2.1/06961c6cfc834b22a757e3c7397f975e/servers/94664161-6400-40b2-b846-f0cd81ac8479 0.164s
2015-12-15 00:42:26,171 24997 DEBUG    [tempest_lib.common.rest_client] Request - Headers: {'Content-Type': 'application/json', 'Accept': 'application/json', 'X-Auth-Token': '&lt;omitted&gt;'}
        Body: None
    Response - Headers: {'status': '200', 'content-length': '1355', 'content-location': 'http://10.0.2.15:8774/v2.1/06961c6cfc834b22a757e3c7397f975e/servers/94664161-6400-40b2-b846-f0cd81ac8479', 'x-compute-request-id': 'req-78f503bf-438c-4a68-87ff-cb4c36d05272', 'vary': 'X-OpenStack-Nova-API-Version', 'connection': 'close', 'x-openstack-nova-api-version': '2.1', 'date': 'Tue, 15 Dec 2015 00:42:26 GMT', 'content-type': 'application/json'}
        Body: {"server": {"status": "BUILD", "updated": "2015-12-15T00:42:26Z", "hostId": "", "addresses": {}, "links": [{"href": "http://10.0.2.15:8774/v2.1/06961c6cfc834b22a757e3c7397f975e/servers/94664161-6400-40b2-b846-f0cd81ac8479", "rel": "self"}, {"href": "http://10.0.2.15:8774/06961c6cfc834b22a757e3c7397f975e/servers/94664161-6400-40b2-b846-f0cd81ac8479", "rel": "bookmark"}], "key_name": "tempest-TestNetworkBasicOps-295304626", "image": {"id": "53f8bd25-8c37-4965-995d-1464065f7e43", "links": [{"href": "http://10.0.2.15:8774/06961c6cfc834b22a757e3c7397f975e/images/53f8bd25-8c37-4965-995d-1464065f7e43", "rel": "bookmark"}]}, "OS-EXT-STS:task_state": "scheduling", "OS-EXT-STS:vm_state": "building", "OS-SRV-USG:launched_at": null, "flavor": {"id": "42", "links": [{"href": "http://10.0.2.15:8774/06961c6cfc834b22a757e3c7397f975e/flavors/42", "rel": "bookmark"}]}, "id": "94664161-6400-40b2-b846-f0cd81ac8479", "OS-SRV-USG:terminated_at": null, "OS-EXT-AZ:availability_zone": "", "user_id": "d77b0a30635d4e07b816665dfb60c66b", "name": "tempest.common.compute-instance-1252410300", "created": "2015-12-15T00:42:25Z", "tenant_id": "06961c6cfc834b22a757e3c7397f975e", "OS-DCF:diskConfig": "MANUAL", "os-extended-volumes:volumes_attached": [], "accessIPv4": "", "accessIPv6": "", "progress": 0, "OS-EXT-STS:power_state": 0, "config_drive": "", "metadata": {}}}
2015-12-15 00:42:27,390 24997 INFO     [tempest_lib.common.rest_client] Request (TestNetworkBasicOps:test_connectivity_between_vms_on_different_networks): 200 GET http://10.0.2.15:8774/v2.1/06961c6cfc834b22a757e3c7397f975e/servers/94664161-6400-40b2-b846-f0cd81ac8479 0.208s
2015-12-15 00:42:27,391 24997 DEBUG    [tempest_lib.common.rest_client] Request - Headers: {'Content-Type': 'application/json', 'Accept': 'application/json', 'X-Auth-Token': '&lt;omitted&gt;'}
        Body: None
    Response - Headers: {'status': '200', 'content-length': '1413', 'content-location': 'http://10.0.2.15:8774/v2.1/06961c6cfc834b22a757e3c7397f975e/servers/94664161-6400-40b2-b846-f0cd81ac8479', 'x-compute-request-id': 'req-f4360c03-976e-4298-8938-acd7a16e4642', 'vary': 'X-OpenStack-Nova-API-Version', 'connection': 'close', 'x-openstack-nova-api-version': '2.1', 'date': 'Tue, 15 Dec 2015 00:42:27 GMT', 'content-type': 'application/json'}
        Body: {"server": {"status": "BUILD", "updated": "2015-12-15T00:42:27Z", "hostId": "cb9de002e2aa8fe0a96989fc60a8b50f9cfcb29602e794ccf9dfd573", "addresses": {}, "links": [{"href": "http://10.0.2.15:8774/v2.1/06961c6cfc834b22a757e3c7397f975e/servers/94664161-6400-40b2-b846-f0cd81ac8479", "rel": "self"}, {"href": "http://10.0.2.15:8774/06961c6cfc834b22a757e3c7397f975e/servers/94664161-6400-40b2-b846-f0cd81ac8479", "rel": "bookmark"}], "key_name": "tempest-TestNetworkBasicOps-295304626", "image": {"id": "53f8bd25-8c37-4965-995d-1464065f7e43", "links": [{"href": "http://10.0.2.15:8774/06961c6cfc834b22a757e3c7397f975e/images/53f8bd25-8c37-4965-995d-1464065f7e43", "rel": "bookmark"}]}, "OS-EXT-STS:task_state": "spawning", "OS-EXT-STS:vm_state": "building", "OS-SRV-USG:launched_at": null, "flavor": {"id": "42", "links": [{"href": "http://10.0.2.15:8774/06961c6cfc834b22a757e3c7397f975e/flavors/42", "rel": "bookmark"}]}, "id": "94664161-6400-40b2-b846-f0cd81ac8479", "OS-SRV-USG:terminated_at": null, "OS-EXT-AZ:availability_zone": "nova", "user_id": "d77b0a30635d4e07b816665dfb60c66b", "name": "tempest.common.compute-instance-1252410300", "created": "2015-12-15T00:42:25Z", "tenant_id": "06961c6cfc834b22a757e3c7397f975e", "OS-DCF:diskConfig": "MANUAL", "os-extended-volumes:volumes_attached": [], "accessIPv4": "", "accessIPv6": "", "progress": 0, "OS-EXT-STS:power_state": 0, "config_drive": "", "metadata": {}}}
2015-12-15 00:42:27,400 24997 INFO     [tempest.common.waiters] State transition "BUILD/scheduling" ==&gt; "BUILD/spawning" after 1 second wait
2015-12-15 00:42:28,616 24997 INFO     [tempest_lib.common.rest_client] Request (TestNetworkBasicOps:test_connectivity_between_vms_on_different_networks): 200 GET http://10.0.2.15:8774/v2.1/06961c6cfc834b22a757e3c7397f975e/servers/94664161-6400-40b2-b846-f0cd81ac8479 0.214s
2015-12-15 00:42:28,616 24997 DEBUG    [tempest_lib.common.rest_client] Request - Headers: {'Content-Type': 'application/json', 'Accept': 'application/json', 'X-Auth-Token': '&lt;omitted&gt;'}
        Body: None
    Response - Headers: {'status': '200', 'content-length': '1480', 'content-location': 'http://10.0.2.15:8774/v2.1/06961c6cfc834b22a757e3c7397f975e/servers/94664161-6400-40b2-b846-f0cd81ac8479', 'x-compute-request-id': 'req-1f623729-7d1d-4a93-9075-9846b9448031', 'vary': 'X-OpenStack-Nova-API-Version', 'connection': 'close', 'x-openstack-nova-api-version': '2.1', 'date': 'Tue, 15 Dec 2015 00:42:28 GMT', 'content-type': 'application/json'}
        Body: {"server": {"status": "BUILD", "updated": "2015-12-15T00:42:27Z", "hostId": "cb9de002e2aa8fe0a96989fc60a8b50f9cfcb29602e794ccf9dfd573", "addresses": {}, "links": [{"href": "http://10.0.2.15:8774/v2.1/06961c6cfc834b22a757e3c7397f975e/servers/94664161-6400-40b2-b846-f0cd81ac8479", "rel": "self"}, {"href": "http://10.0.2.15:8774/06961c6cfc834b22a757e3c7397f975e/servers/94664161-6400-40b2-b846-f0cd81ac8479", "rel": "bookmark"}], "key_name": "tempest-TestNetworkBasicOps-295304626", "image": {"id": "53f8bd25-8c37-4965-995d-1464065f7e43", "links": [{"href": "http://10.0.2.15:8774/06961c6cfc834b22a757e3c7397f975e/images/53f8bd25-8c37-4965-995d-1464065f7e43", "rel": "bookmark"}]}, "OS-EXT-STS:task_state": "spawning", "OS-EXT-STS:vm_state": "building", "OS-SRV-USG:launched_at": null, "flavor": {"id": "42", "links": [{"href": "http://10.0.2.15:8774/06961c6cfc834b22a757e3c7397f975e/flavors/42", "rel": "bookmark"}]}, "id": "94664161-6400-40b2-b846-f0cd81ac8479", "security_groups": [{"name": "tempest-secgroup-smoke-975057622"}], "OS-SRV-USG:terminated_at": null, "OS-EXT-AZ:availability_zone": "nova", "user_id": "d77b0a30635d4e07b816665dfb60c66b", "name": "tempest.common.compute-instance-1252410300", "created": "2015-12-15T00:42:25Z", "tenant_id": "06961c6cfc834b22a757e3c7397f975e", "OS-DCF:diskConfig": "MANUAL", "os-extended-volumes:volumes_attached": [], "accessIPv4": "", "accessIPv6": "", "progress": 0, "OS-EXT-STS:power_state": 0, "config_drive": "", "metadata": {}}}
2015-12-15 00:42:29,959 24997 INFO     [tempest_lib.common.rest_client] Request (TestNetworkBasicOps:test_connectivity_between_vms_on_different_networks): 200 GET http://10.0.2.15:8774/v2.1/06961c6cfc834b22a757e3c7397f975e/servers/94664161-6400-40b2-b846-f0cd81ac8479 0.333s
2015-12-15 00:42:29,960 24997 DEBUG    [tempest_lib.common.rest_client] Request - Headers: {'Content-Type': 'application/json', 'Accept': 'application/json', 'X-Auth-Token': '&lt;omitted&gt;'}
        Body: None
    Response - Headers: {'status': '200', 'content-length': '1652', 'content-location': 'http://10.0.2.15:8774/v2.1/06961c6cfc834b22a757e3c7397f975e/servers/94664161-6400-40b2-b846-f0cd81ac8479', 'x-compute-request-id': 'req-000bc4d8-12b5-40e2-b186-618a9b5b55f8', 'vary': 'X-OpenStack-Nova-API-Version', 'connection': 'close', 'x-openstack-nova-api-version': '2.1', 'date': 'Tue, 15 Dec 2015 00:42:29 GMT', 'content-type': 'application/json'}
        Body: {"server": {"status": "ACTIVE", "updated": "2015-12-15T00:42:29Z", "hostId": "cb9de002e2aa8fe0a96989fc60a8b50f9cfcb29602e794ccf9dfd573", "addresses": {"tempest-network-smoke--1517195331": [{"OS-EXT-IPS-MAC:mac_addr": "fa:16:3e:13:00:ce", "version": 4, "addr": "10.100.0.3", "OS-EXT-IPS:type": "fixed"}]}, "links": [{"href": "http://10.0.2.15:8774/v2.1/06961c6cfc834b22a757e3c7397f975e/servers/94664161-6400-40b2-b846-f0cd81ac8479", "rel": "self"}, {"href": "http://10.0.2.15:8774/06961c6cfc834b22a757e3c7397f975e/servers/94664161-6400-40b2-b846-f0cd81ac8479", "rel": "bookmark"}], "key_name": "tempest-TestNetworkBasicOps-295304626", "image": {"id": "53f8bd25-8c37-4965-995d-1464065f7e43", "links": [{"href": "http://10.0.2.15:8774/06961c6cfc834b22a757e3c7397f975e/images/53f8bd25-8c37-4965-995d-1464065f7e43", "rel": "bookmark"}]}, "OS-EXT-STS:task_state": null, "OS-EXT-STS:vm_state": "active", "OS-SRV-USG:launched_at": "2015-12-15T00:42:29.000000", "flavor": {"id": "42", "links": [{"href": "http://10.0.2.15:8774/06961c6cfc834b22a757e3c7397f975e/flavors/42", "rel": "bookmark"}]}, "id": "94664161-6400-40b2-b846-f0cd81ac8479", "security_groups": [{"name": "tempest-secgroup-smoke-975057622"}], "OS-SRV-USG:terminated_at": null, "OS-EXT-AZ:availability_zone": "nova", "user_id": "d77b0a30635d4e07b816665dfb60c66b", "name": "tempest.common.compute-instance-1252410300", "created": "2015-12-15T00:42:25Z", "tenant_id": "06961c6cfc834b22a757e3c7397f975e", "OS-DCF:diskConfig": "MANUAL", "os-extended-volumes:volumes_attached": [], "accessIPv4": "", "accessIPv6": "", "progress": 0, "OS-EXT-STS:power_state": 1, "config_drive": "True", "metadata": {}}}
2015-12-15 00:42:29,968 24997 INFO     [tempest.common.waiters] State transition "BUILD/spawning" ==&gt; "ACTIVE/None" after 3 second wait
2015-12-15 00:42:30,281 24997 INFO     [tempest_lib.common.rest_client] Request (TestNetworkBasicOps:test_connectivity_between_vms_on_different_networks): 200 GET http://10.0.2.15:8774/v2.1/06961c6cfc834b22a757e3c7397f975e/servers/94664161-6400-40b2-b846-f0cd81ac8479 0.312s
2015-12-15 00:42:30,281 24997 DEBUG    [tempest_lib.common.rest_client] Request - Headers: {'Content-Type': 'application/json', 'Accept': 'application/json', 'X-Auth-Token': '&lt;omitted&gt;'}
        Body: None
    Response - Headers: {'status': '200', 'content-length': '1652', 'content-location': 'http://10.0.2.15:8774/v2.1/06961c6cfc834b22a757e3c7397f975e/servers/94664161-6400-40b2-b846-f0cd81ac8479', 'x-compute-request-id': 'req-52796891-01dc-4db7-a7d8-fce7871ce871', 'vary': 'X-OpenStack-Nova-API-Version', 'connection': 'close', 'x-openstack-nova-api-version': '2.1', 'date': 'Tue, 15 Dec 2015 00:42:30 GMT', 'content-type': 'application/json'}
        Body: {"server": {"status": "ACTIVE", "updated": "2015-12-15T00:42:29Z", "hostId": "cb9de002e2aa8fe0a96989fc60a8b50f9cfcb29602e794ccf9dfd573", "addresses": {"tempest-network-smoke--1517195331": [{"OS-EXT-IPS-MAC:mac_addr": "fa:16:3e:13:00:ce", "version": 4, "addr": "10.100.0.3", "OS-EXT-IPS:type": "fixed"}]}, "links": [{"href": "http://10.0.2.15:8774/v2.1/06961c6cfc834b22a757e3c7397f975e/servers/94664161-6400-40b2-b846-f0cd81ac8479", "rel": "self"}, {"href": "http://10.0.2.15:8774/06961c6cfc834b22a757e3c7397f975e/servers/94664161-6400-40b2-b846-f0cd81ac8479", "rel": "bookmark"}], "key_name": "tempest-TestNetworkBasicOps-295304626", "image": {"id": "53f8bd25-8c37-4965-995d-1464065f7e43", "links": [{"href": "http://10.0.2.15:8774/06961c6cfc834b22a757e3c7397f975e/images/53f8bd25-8c37-4965-995d-1464065f7e43", "rel": "bookmark"}]}, "OS-EXT-STS:task_state": null, "OS-EXT-STS:vm_state": "active", "OS-SRV-USG:launched_at": "2015-12-15T00:42:29.000000", "flavor": {"id": "42", "links": [{"href": "http://10.0.2.15:8774/06961c6cfc834b22a757e3c7397f975e/flavors/42", "rel": "bookmark"}]}, "id": "94664161-6400-40b2-b846-f0cd81ac8479", "security_groups": [{"name": "tempest-secgroup-smoke-975057622"}], "OS-SRV-USG:terminated_at": null, "OS-EXT-AZ:availability_zone": "nova", "user_id": "d77b0a30635d4e07b816665dfb60c66b", "name": "tempest.common.compute-instance-1252410300", "created": "2015-12-15T00:42:25Z", "tenant_id": "06961c6cfc834b22a757e3c7397f975e", "OS-DCF:diskConfig": "MANUAL", "os-extended-volumes:volumes_attached": [], "accessIPv4": "", "accessIPv6": "", "progress": 0, "OS-EXT-STS:power_state": 1, "config_drive": "True", "metadata": {}}}
2015-12-15 00:42:30,290 24997 INFO     [tempest.scenario.manager] Tenant networks not configured to be reachable.
2015-12-15 00:42:30,320 24997 INFO     [tempest_lib.common.rest_client] Request (TestNetworkBasicOps:test_connectivity_between_vms_on_different_networks): 200 GET http://10.0.2.15:9696/v2.0/ports?status=ACTIVE&amp;fixed_ip=None&amp;device_id=94664161-6400-40b2-b846-f0cd81ac8479 0.030s
2015-12-15 00:42:30,320 24997 DEBUG    [tempest_lib.common.rest_client] Request - Headers: {'Content-Type': 'application/json', 'Accept': 'application/json', 'X-Auth-Token': '&lt;omitted&gt;'}
        Body: None
    Response - Headers: {'status': '200', 'content-length': '895', 'content-location': 'http://10.0.2.15:9696/v2.0/ports?status=ACTIVE&amp;fixed_ip=None&amp;device_id=94664161-6400-40b2-b846-f0cd81ac8479', 'connection': 'close', 'date': 'Tue, 15 Dec 2015 00:42:30 GMT', 'content-type': 'application/json; charset=UTF-8', 'x-openstack-request-id': 'req-2db83871-9832-4862-b619-8c41d2f70eff'}
        Body: {"ports": [{"status": "ACTIVE", "binding:host_id": "vagrant-ubuntu-trusty-64", "allowed_address_pairs": [], "extra_dhcp_opts": [], "dns_assignment": [{"hostname": "host-10-100-0-3", "ip_address": "10.100.0.3", "fqdn": "host-10-100-0-3.openstacklocal."}], "device_owner": "compute:None", "port_security_enabled": true, "binding:profile": {}, "fixed_ips": [{"subnet_id": "7fad286a-e1b0-4d6f-8044-54aade388f75", "ip_address": "10.100.0.3"}], "id": "d33c19ea-ed96-4d57-8e21-ec35b4f27e72", "security_groups": ["c52b900e-f6a9-48d5-baca-44a3033783c5"], "device_id": "94664161-6400-40b2-b846-f0cd81ac8479", "name": "", "admin_state_up": true, "network_id": "d7bd3a07-8709-4eb6-847c-e69f425487e7", "dns_name": "", "binding:vif_details": {"port_filter": true}, "binding:vnic_type": "normal", "binding:vif_type": "ovs", "tenant_id": "06961c6cfc834b22a757e3c7397f975e", "mac_address": "fa:16:3e:13:00:ce"}]}
2015-12-15 00:42:30,820 24997 INFO     [tempest_lib.common.rest_client] Request (TestNetworkBasicOps:test_connectivity_between_vms_on_different_networks): 201 POST http://10.0.2.15:9696/v2.0/floatingips 0.499s
2015-12-15 00:42:30,820 24997 DEBUG    [tempest_lib.common.rest_client] Request - Headers: {'Content-Type': 'application/json', 'Accept': 'application/json', 'X-Auth-Token': '&lt;omitted&gt;'}
        Body: {"floatingip": {"floating_network_id": "61a8c9e2-a54c-495f-b120-8d1e2808bc44", "tenant_id": "06961c6cfc834b22a757e3c7397f975e", "fixed_ip_address": "10.100.0.3", "port_id": "d33c19ea-ed96-4d57-8e21-ec35b4f27e72"}}
    Response - Headers: {'status': '201', 'content-length': '367', 'connection': 'close', 'date': 'Tue, 15 Dec 2015 00:42:30 GMT', 'content-type': 'application/json; charset=UTF-8', 'x-openstack-request-id': 'req-ebbb64ef-5d20-4bb4-9de8-2a9424e50ee7'}
        Body: {"floatingip": {"floating_network_id": "61a8c9e2-a54c-495f-b120-8d1e2808bc44", "router_id": "75952093-d45f-4ff7-b821-21ff7a5576eb", "fixed_ip_address": "10.100.0.3", "floating_ip_address": "172.24.4.4", "tenant_id": "06961c6cfc834b22a757e3c7397f975e", "status": "DOWN", "port_id": "d33c19ea-ed96-4d57-8e21-ec35b4f27e72", "id": "ff5b0c98-654a-4273-a02b-6be23230ee6d"}}
2015-12-15 00:42:30,834 24997 INFO     [tempest_lib.common.rest_client] Request (TestNetworkBasicOps:test_connectivity_between_vms_on_different_networks): 200 GET http://10.0.2.15:9696/v2.0/floatingips/ff5b0c98-654a-4273-a02b-6be23230ee6d 0.013s
2015-12-15 00:42:30,834 24997 DEBUG    [tempest_lib.common.rest_client] Request - Headers: {'Content-Type': 'application/json', 'Accept': 'application/json', 'X-Auth-Token': '&lt;omitted&gt;'}
        Body: None
    Response - Headers: {'status': '200', 'content-length': '367', 'content-location': 'http://10.0.2.15:9696/v2.0/floatingips/ff5b0c98-654a-4273-a02b-6be23230ee6d', 'connection': 'close', 'date': 'Tue, 15 Dec 2015 00:42:30 GMT', 'content-type': 'application/json; charset=UTF-8', 'x-openstack-request-id': 'req-0cdb64e1-6edc-4e0e-9855-1357bff3adf5'}
        Body: {"floatingip": {"floating_network_id": "61a8c9e2-a54c-495f-b120-8d1e2808bc44", "router_id": "75952093-d45f-4ff7-b821-21ff7a5576eb", "fixed_ip_address": "10.100.0.3", "floating_ip_address": "172.24.4.4", "tenant_id": "06961c6cfc834b22a757e3c7397f975e", "status": "DOWN", "port_id": "d33c19ea-ed96-4d57-8e21-ec35b4f27e72", "id": "ff5b0c98-654a-4273-a02b-6be23230ee6d"}}
2015-12-15 00:42:31,855 24997 INFO     [tempest_lib.common.rest_client] Request (TestNetworkBasicOps:test_connectivity_between_vms_on_different_networks): 200 GET http://10.0.2.15:9696/v2.0/floatingips/ff5b0c98-654a-4273-a02b-6be23230ee6d 0.019s
2015-12-15 00:42:31,856 24997 DEBUG    [tempest_lib.common.rest_client] Request - Headers: {'Content-Type': 'application/json', 'Accept': 'application/json', 'X-Auth-Token': '&lt;omitted&gt;'}
        Body: None
    Response - Headers: {'status': '200', 'content-length': '369', 'content-location': 'http://10.0.2.15:9696/v2.0/floatingips/ff5b0c98-654a-4273-a02b-6be23230ee6d', 'connection': 'close', 'date': 'Tue, 15 Dec 2015 00:42:31 GMT', 'content-type': 'application/json; charset=UTF-8', 'x-openstack-request-id': 'req-48863285-544f-4673-9117-1b1fa438ce7e'}
        Body: {"floatingip": {"floating_network_id": "61a8c9e2-a54c-495f-b120-8d1e2808bc44", "router_id": "75952093-d45f-4ff7-b821-21ff7a5576eb", "fixed_ip_address": "10.100.0.3", "floating_ip_address": "172.24.4.4", "tenant_id": "06961c6cfc834b22a757e3c7397f975e", "status": "ACTIVE", "port_id": "d33c19ea-ed96-4d57-8e21-ec35b4f27e72", "id": "ff5b0c98-654a-4273-a02b-6be23230ee6d"}}
2015-12-15 00:42:31,857 24997 INFO     [tempest.scenario.manager] FloatingIP: &lt;"FloatingIP" addr="172.24.4.4" id="ff5b0c98-654a-4273-a02b-6be23230ee6d"&gt; is at status: ACTIVE
2015-12-15 00:42:31,857 24997 DEBUG    [tempest.scenario.manager] checking network connections to IP 172.24.4.4 with user: cirros
2015-12-15 00:42:31,857 24997 DEBUG    [tempest.scenario.manager] TestNetworkBasicOps:test_connectivity_between_vms_on_different_networks begins to ping 172.24.4.4 in 120 sec and the expected result is reachable
2015-12-15 00:44:32,178 24997 DEBUG    [tempest.scenario.manager] TestNetworkBasicOps:test_connectivity_between_vms_on_different_networks finishes ping 172.24.4.4 in 120 sec and the ping result is unexpected
2015-12-15 00:44:32,180 24997 ERROR    [tempest.scenario.manager] Public network connectivity check failed
2015-12-15 00:44:32.180 24997 ERROR tempest.scenario.manager Traceback (most recent call last):
2015-12-15 00:44:32.180 24997 ERROR tempest.scenario.manager   File "tempest/scenario/manager.py", line 606, in check_public_network_connectivity
2015-12-15 00:44:32.180 24997 ERROR tempest.scenario.manager     should_connect=should_connect)
2015-12-15 00:44:32.180 24997 ERROR tempest.scenario.manager   File "tempest/scenario/manager.py", line 590, in check_vm_connectivity
2015-12-15 00:44:32.180 24997 ERROR tempest.scenario.manager     msg=msg)
2015-12-15 00:44:32.180 24997 ERROR tempest.scenario.manager   File "/usr/local/lib/python2.7/dist-packages/unittest2/case.py", line 702, in assertTrue
2015-12-15 00:44:32.180 24997 ERROR tempest.scenario.manager     raise self.failureException(msg)
2015-12-15 00:44:32.180 24997 ERROR tempest.scenario.manager AssertionError: False is not true : Timed out waiting for 172.24.4.4 to become reachable
2015-12-15 00:44:32.180 24997 ERROR tempest.scenario.manager 
2015-12-15 00:44:32,424 24997 INFO     [tempest_lib.common.rest_client] Request (TestNetworkBasicOps:test_connectivity_between_vms_on_different_networks): 200 POST http://10.0.2.15:8774/v2.1/06961c6cfc834b22a757e3c7397f975e/servers/94664161-6400-40b2-b846-f0cd81ac8479/action 0.240s
2015-12-15 00:44:32,425 24997 DEBUG    [tempest_lib.common.rest_client] Request - Headers: {'Content-Type': 'application/json', 'Accept': 'application/json', 'X-Auth-Token': '&lt;omitted&gt;'}
        Body: {"os-getConsoleOutput": {}}
    Response - Headers: {'status': '200', 'content-length': '17429', 'x-compute-request-id': 'req-95902bde-8d8f-4b58-bb6a-62b117887414', 'vary': 'X-OpenStack-Nova-API-Version', 'connection': 'close', 'x-openstack-nova-api-version': '2.1', 'date': 'Tue, 15 Dec 2015 00:44:32 GMT', 'content-type': 'application/json'}
        Body: {"output": "[    0.000000] Initializing cgroup subsys cpuset\n[    0.000000] Initializing cgroup subsys cpu\n[    0.000000] Linux version 3.2.0-80-virtual (buildd@batsu) (gcc version 4.6.3 (Ubuntu/Linaro 4.6.3-1ubuntu5) ) #116-Ubuntu SMP Mon Mar 23 17:28:52 UTC 2015 (Ubuntu 3.2.0-80.116-virtual 3.2.68)\n[    0.000000] Command line: root=/dev/vda console=tty0 console=ttyS0 no_timer_check\n[    0.000000] KERNEL supported cpus:\n[    0.000000]   Intel GenuineIntel\n[    0.000000]   AMD AuthenticAMD\n[    0.000000]   Centaur CentaurHauls\n[    0.000000] BIOS-provided physical RAM map:\n[    0.000000]  BIOS-e820: 0000000000000000 - 000000000009fc00 (usable)\n[    0.000000]  BIOS-e820: 000000000009fc00 - 00000000000a0000 (reserved)\n[    0.000000]  BIOS-e820: 00000000000f0000 - 0000000000100000 (reserved)\n[    0.000000]  BIOS-e820: 0000000000100000 - 0000000003ffe000 (usable)\n[    0.000000]  BIOS-e820: 0000000003ffe000 - 0000000004000000 (reserved)\n[    0.000000]  BIOS-e820: 00000000fffc0000 - 0000000100000000 (reserved)\n[    0.000000] NX (Execute Disable) protection: active\n[    0.000000] SMBIOS 2.4 present.\n[    0.000000] No AGP bridge found\n[    0.000000] last_pfn = 0x3ffe max_arch_pfn = 0x400000000\n[    0.000000] x86 PAT enabled: cpu 0, old 0x7040600070406, new 0x7010600070106\n[    0.000000] found SMP MP-table at [ffff8800000f0b00] f0b00\n[    0.000000] init_memory_mapping: 0000000000000000-0000000003ffe000\n[    0.000000] RAMDISK: 03c5e000 - 03ff0000\n[    0.000000] ACPI: RSDP 00000000000f0950 00014 (v00 BOCHS )\n[    0.000000] ACPI: RSDT 0000000003fffbc1 00034 (v01 BOCHS  BXPCRSDT 00000001 BXPC 00000001)\n[    0.000000] ACPI: FACP 0000000003fff1c0 00074 (v01 BOCHS  BXPCFACP 00000001 BXPC 00000001)\n[    0.000000] ACPI: DSDT 0000000003ffe040 01180 (v01 BOCHS  BXPCDSDT 00000001 BXPC 00000001)\n[    0.000000] ACPI: FACS 0000000003ffe000 00040\n[    0.000000] ACPI: SSDT 0000000003fff234 008DD (v01 BOCHS  BXPCSSDT 00000001 BXPC 00000001)\n[    0.000000] ACPI: APIC 0000000003fffb11 00078 (v01 BOCHS  BXPCAPIC 00000001 BXPC 00000001)\n[    0.000000] ACPI: HPET 0000000003fffb89 00038 (v01 BOCHS  BXPCHPET 00000001 BXPC 00000001)\n[    0.000000] No NUMA configuration found\n[    0.000000] Faking a node at 0000000000000000-0000000003ffe000\n[    0.000000] Initmem setup node 0 0000000000000000-0000000003ffe000\n[    0.000000]   NODE_DATA [0000000003ff6000 - 0000000003ffafff]\n[    0.000000] Zone PFN ranges:\n[    0.000000]   DMA      0x00000010 -&gt; 0x00001000\n[    0.000000]   DMA32    0x00001000 -&gt; 0x00100000\n[    0.000000]   Normal   empty\n[    0.000000] Movable zone start PFN for each node\n[    0.000000] early_node_map[2] active PFN ranges\n[    0.000000]     0: 0x00000010 -&gt; 0x0000009f\n[    0.000000]     0: 0x00000100 -&gt; 0x00003ffe\n[    0.000000] ACPI: PM-Timer IO Port: 0xb008\n[    0.000000] ACPI: LAPIC (acpi_id[0x00] lapic_id[0x00] enabled)\n[    0.000000] ACPI: LAPIC_NMI (acpi_id[0xff] dfl dfl lint[0x1])\n[    0.000000] ACPI: IOAPIC (id[0x00] address[0xfec00000] gsi_base[0])\n[    0.000000] IOAPIC[0]: apic_id 0, version 17, address 0xfec00000, GSI 0-23\n[    0.000000] ACPI: INT_SRC_OVR (bus 0 bus_irq 0 global_irq 2 dfl dfl)\n[    0.000000] ACPI: INT_SRC_OVR (bus 0 bus_irq 5 global_irq 5 high level)\n[    0.000000] ACPI: INT_SRC_OVR (bus 0 bus_irq 9 global_irq 9 high level)\n[    0.000000] ACPI: INT_SRC_OVR (bus 0 bus_irq 10 global_irq 10 high level)\n[    0.000000] ACPI: INT_SRC_OVR (bus 0 bus_irq 11 global_irq 11 high level)\n[    0.000000] Using ACPI (MADT) for SMP configuration information\n[    0.000000] ACPI: HPET id: 0x8086a201 base: 0xfed00000\n[    0.000000] SMP: Allowing 1 CPUs, 0 hotplug CPUs\n[    0.000000] PM: Registered nosave memory: 000000000009f000 - 00000000000a0000\n[    0.000000] PM: Registered nosave memory: 00000000000a0000 - 00000000000f0000\n[    0.000000] PM: Registered nosave memory: 00000000000f0000 - 0000000000100000\n[    0.000000] Allocating PCI resources starting at 4000000 (gap: 4000000:fbfc0000)\n[    0.000000] Booting paravirtualized kernel on bare hardware\n[    0.000000] setup_pe
2015-12-15 00:44:32,427 24997 DEBUG    [tempest.scenario.manager] Console output for 94664161-6400-40b2-b846-f0cd81ac8479
body=
[    0.000000] Initializing cgroup subsys cpuset
[    0.000000] Initializing cgroup subsys cpu
[    0.000000] Linux version 3.2.0-80-virtual (buildd@batsu) (gcc version 4.6.3 (Ubuntu/Linaro 4.6.3-1ubuntu5) ) #116-Ubuntu SMP Mon Mar 23 17:28:52 UTC 2015 (Ubuntu 3.2.0-80.116-virtual 3.2.68)
[    0.000000] Command line: root=/dev/vda console=tty0 console=ttyS0 no_timer_check
[    0.000000] KERNEL supported cpus:
[    0.000000]   Intel GenuineIntel
[    0.000000]   AMD AuthenticAMD
[    0.000000]   Centaur CentaurHauls
[    0.000000] BIOS-provided physical RAM map:
[    0.000000]  BIOS-e820: 0000000000000000 - 000000000009fc00 (usable)
[    0.000000]  BIOS-e820: 000000000009fc00 - 00000000000a0000 (reserved)
[    0.000000]  BIOS-e820: 00000000000f0000 - 0000000000100000 (reserved)
[    0.000000]  BIOS-e820: 0000000000100000 - 0000000003ffe000 (usable)
[    0.000000]  BIOS-e820: 0000000003ffe000 - 0000000004000000 (reserved)
[    0.000000]  BIOS-e820: 00000000fffc0000 - 0000000100000000 (reserved)
[    0.000000] NX (Execute Disable) protection: active
[    0.000000] SMBIOS 2.4 present.
[    0.000000] No AGP bridge found
[    0.000000] last_pfn = 0x3ffe max_arch_pfn = 0x400000000
[    0.000000] x86 PAT enabled: cpu 0, old 0x7040600070406, new 0x7010600070106
[    0.000000] found SMP MP-table at [ffff8800000f0b00] f0b00
[    0.000000] init_memory_mapping: 0000000000000000-0000000003ffe000
[    0.000000] RAMDISK: 03c5e000 - 03ff0000
[    0.000000] ACPI: RSDP 00000000000f0950 00014 (v00 BOCHS )
[    0.000000] ACPI: RSDT 0000000003fffbc1 00034 (v01 BOCHS  BXPCRSDT 00000001 BXPC 00000001)
[    0.000000] ACPI: FACP 0000000003fff1c0 00074 (v01 BOCHS  BXPCFACP 00000001 BXPC 00000001)
[    0.000000] ACPI: DSDT 0000000003ffe040 01180 (v01 BOCHS  BXPCDSDT 00000001 BXPC 00000001)
[    0.000000] ACPI: FACS 0000000003ffe000 00040
[    0.000000] ACPI: SSDT 0000000003fff234 008DD (v01 BOCHS  BXPCSSDT 00000001 BXPC 00000001)
[    0.000000] ACPI: APIC 0000000003fffb11 00078 (v01 BOCHS  BXPCAPIC 00000001 BXPC 00000001)
[    0.000000] ACPI: HPET 0000000003fffb89 00038 (v01 BOCHS  BXPCHPET 00000001 BXPC 00000001)
[    0.000000] No NUMA configuration found
[    0.000000] Faking a node at 0000000000000000-0000000003ffe000
[    0.000000] Initmem setup node 0 0000000000000000-0000000003ffe000
[    0.000000]   NODE_DATA [0000000003ff6000 - 0000000003ffafff]
[    0.000000] Zone PFN ranges:
[    0.000000]   DMA      0x00000010 -&gt; 0x00001000
[    0.000000]   DMA32    0x00001000 -&gt; 0x00100000
[    0.000000]   Normal   empty
[    0.000000] Movable zone start PFN for each node
[    0.000000] early_node_map[2] active PFN ranges
[    0.000000]     0: 0x00000010 -&gt; 0x0000009f
[    0.000000]     0: 0x00000100 -&gt; 0x00003ffe
[    0.000000] ACPI: PM-Timer IO Port: 0xb008
[    0.000000] ACPI: LAPIC (acpi_id[0x00] lapic_id[0x00] enabled)
[    0.000000] ACPI: LAPIC_NMI (acpi_id[0xff] dfl dfl lint[0x1])
[    0.000000] ACPI: IOAPIC (id[0x00] address[0xfec00000] gsi_base[0])
[    0.000000] IOAPIC[0]: apic_id 0, version 17, address 0xfec00000, GSI 0-23
[    0.000000] ACPI: INT_SRC_OVR (bus 0 bus_irq 0 global_irq 2 dfl dfl)
[    0.000000] ACPI: INT_SRC_OVR (bus 0 bus_irq 5 global_irq 5 high level)
[    0.000000] ACPI: INT_SRC_OVR (bus 0 bus_irq 9 global_irq 9 high level)
[    0.000000] ACPI: INT_SRC_OVR (bus 0 bus_irq 10 global_irq 10 high level)
[    0.000000] ACPI: INT_SRC_OVR (bus 0 bus_irq 11 global_irq 11 high level)
[    0.000000] Using ACPI (MADT) for SMP configuration information
[    0.000000] ACPI: HPET id: 0x8086a201 base: 0xfed00000
[    0.000000] SMP: Allowing 1 CPUs, 0 hotplug CPUs
[    0.000000] PM: Registered nosave memory: 000000000009f000 - 00000000000a0000
[    0.000000] PM: Registered nosave memory: 00000000000a0000 - 00000000000f0000
[    0.000000] PM: Registered nosave memory: 00000000000f0000 - 0000000000100000
[    0.000000] Allocating PCI resources starting at 4000000 (gap: 4000000:fbfc0000)
[    0.000000] Booting paravirtualized kernel on bare hardware
[    0.000000] setup_percpu: NR_CPUS:64 nr_cpumask_bits:64 nr_cpu_ids:1 nr_node_ids:1
[    0.000000] PERCPU: Embedded 27 pages/cpu @ffff880003a00000 s78848 r8192 d23552 u2097152
[    0.000000] Built 1 zonelists in Node order, mobility grouping on.  Total pages: 16008
[    0.000000] Policy zone: DMA32
[    0.000000] Kernel command line: root=/dev/vda console=tty0 console=ttyS0 no_timer_check
[    0.000000] PID hash table entries: 256 (order: -1, 2048 bytes)
[    0.000000] Checking aperture...
[    0.000000] No AGP bridge found
[    0.000000] Memory: 43492k/65528k available (6576k kernel code, 452k absent, 21584k reserved, 6620k data, 928k init)
[    0.000000] SLUB: Genslabs=15, HWalign=64, Order=0-3, MinObjects=0, CPUs=1, Nodes=1
[    0.000000] Hierarchical RCU implementation.
[    0.000000] 	RCU dyntick-idle grace-period acceleration is enabled.
[    0.000000] NR_IRQS:4352 nr_irqs:256 16
[    0.000000] Console: colour VGA+ 80x25
[    0.000000] console [tty0] enabled
[    0.000000] console [ttyS0] enabled
[    0.000000] allocated 1048576 bytes of page_cgroup
[    0.000000] please try 'cgroup_disable=memory' option if you don't want memory cgroups
[    0.000000] Fast TSC calibration failed
[    0.000000] TSC: Unable to calibrate against PIT
[    0.000000] TSC: using HPET reference calibration
[    0.000000] Detected 2294.266 MHz processor.
[    0.032894] Calibrating delay loop (skipped), value calculated using timer frequency.. 4588.53 BogoMIPS (lpj=9177064)
[    0.036759] pid_max: default: 32768 minimum: 301
[    0.044809] Security Framework initialized
[    0.048709] AppArmor: AppArmor initialized
[    0.049315] Yama: becoming mindful.
[    0.062425] Dentry cache hash table entries: 8192 (order: 4, 65536 bytes)
[    0.063445] Inode-cache hash table entries: 4096 (order: 3, 32768 bytes)
[    0.064650] Mount-cache hash table entries: 256
[    0.080901] Initializing cgroup subsys cpuacct
[    0.081871] Initializing cgroup subsys memory
[    0.083390] Initializing cgroup subsys devices
[    0.084170] Initializing cgroup subsys freezer
[    0.084839] Initializing cgroup subsys blkio
[    0.085494] Initializing cgroup subsys perf_event
[    0.090546] mce: CPU supports 10 MCE banks
[    0.093175] SMP alternatives: switching to UP code
[    0.482252] Freeing SMP alternatives: 24k freed
[    0.484896] ACPI: Core revision 20110623
[    0.531226] ftrace: allocating 26610 entries in 105 pages
[    0.561255] ..TIMER: vector=0x30 apic1=0 pin1=2 apic2=-1 pin2=-1
[    0.562702] CPU0: AMD QEMU Virtual CPU version 2.0.0 stepping 03
[    0.568034] Performance Events: Broken PMU hardware detected, using software events only.
[    0.575200] NMI watchdog disabled (cpu0): hardware events not enabled
[    0.576940] Brought up 1 CPUs
[    0.577470] Total of 1 processors activated (4588.53 BogoMIPS).
[    0.602592] devtmpfs: initialized
[    0.630315] EVM: security.selinux
[    0.630745] EVM: security.SMACK64
[    0.631187] EVM: security.capability
[    0.650994] print_constraints: dummy: 
[    0.653395] RTC time:  0:42:33, date: 12/15/15
[    0.656465] NET: Registered protocol family 16
[    0.663571] ACPI: bus type pci registered
[    0.666689] PCI: Using configuration type 1 for base access
[    0.695235] bio: create slab &lt;bio-0&gt; at 0
[    0.700217] ACPI: Added _OSI(Module Device)
[    0.700755] ACPI: Added _OSI(Processor Device)
[    0.701331] ACPI: Added _OSI(3.0 _SCP Extensions)
[    0.701944] ACPI: Added _OSI(Processor Aggregator Device)
[    0.780048] ACPI: Interpreter enabled
[    0.780185] ACPI: (supports S0 S3 S4 S5)
[    0.784740] ACPI: Using IOAPIC for interrupt routing
[    0.860571] ACPI: No dock devices found.
[    0.861617] HEST: Table not found.
[    0.862417] PCI: Using host bridge windows from ACPI; if necessary, use "pci=nocrs" and report a bug
[    0.869979] ACPI: PCI Root Bridge [PCI0] (domain 0000 [bus 00-ff])
[    0.876959] pci_root PNP0A03:00: host bridge window [io  0x0000-0x0cf7]
[    0.877858] pci_root PNP0A03:00: host bridge window [io  0x0d00-0xadff]
[    0.878793] pci_root PNP0A03:00: host bridge window [io  0xae0f-0xaeff]
[    0.880109] pci_root PNP0A03:00: host bridge window [io  0xaf20-0xafdf]
[    0.880926] pci_root PNP0A03:00: host bridge window [io  0xafe4-0xffff]
[    0.881759] pci_root PNP0A03:00: host bridge window [mem 0x000a0000-0x000bffff]
[    0.884240] pci_root PNP0A03:00: host bridge window [mem 0x04000000-0xfebfffff]
[    0.906744] pci 0000:00:01.3: quirk: [io  0xb000-0xb03f] claimed by PIIX4 ACPI
[    0.908189] pci 0000:00:01.3: quirk: [io  0xb100-0xb10f] claimed by PIIX4 SMB
[    0.976149]  pci0000:00: Unable to request _OSC control (_OSC support mask: 0x1e)
[    1.037087] ACPI: PCI Interrupt Link [LNKA] (IRQs 5 *10 11)
[    1.041150] ACPI: PCI Interrupt Link [LNKB] (IRQs 5 *10 11)
[    1.042853] ACPI: PCI Interrupt Link [LNKC] (IRQs 5 10 *11)
[    1.045388] ACPI: PCI Interrupt Link [LNKD] (IRQs 5 10 *11)
[    1.046912] ACPI: PCI Interrupt Link [LNKS] (IRQs *9)
[    1.058132] vgaarb: device added: PCI:0000:00:02.0,decodes=io+mem,owns=io+mem,locks=none
[    1.059111] vgaarb: loaded
[    1.060177] vgaarb: bridge control possible 0000:00:02.0
[    1.064469] i2c-core: driver [aat2870] using legacy suspend method
[    1.065161] i2c-core: driver [aat2870] using legacy resume method
[    1.068465] SCSI subsystem initialized
[    1.072492] usbcore: registered new interface driver usbfs
[    1.073687] usbcore: registered new interface driver hub
[    1.076446] usbcore: registered new device driver usb
[    1.080785] PCI: Using ACPI for IRQ routing
[    1.094436] NetLabel: Initializing
[    1.095007] NetLabel:  domain hash size = 128
[    1.096149] NetLabel:  protocols = UNLABELED CIPSOv4
[    1.098037] NetLabel:  unlabeled traffic allowed by default
[    1.101326] HPET: 3 timers in total, 0 timers will be used for per-cpu timer
[    1.104597] hpet0: at MMIO 0xfed00000, IRQs 2, 8, 0
[    1.106236] hpet0: 3 comparators, 64-bit 100.000000 MHz counter
[    1.119081] Switching to clocksource hpet
[    1.367509] AppArmor: AppArmor Filesystem Enabled
[    1.370436] pnp: PnP ACPI init
[    1.371335] ACPI: bus type pnp registered
[    1.394151] pnp: PnP ACPI: found 9 devices
[    1.394872] ACPI: ACPI bus type pnp unregistered
[    1.454863] NET: Registered protocol family 2
[    1.488179] IP route cache hash table entries: 512 (order: 0, 4096 bytes)
[    1.495852] TCP established hash table entries: 2048 (order: 3, 32768 bytes)
[    1.497982] TCP bind hash table entries: 2048 (order: 3, 32768 bytes)
[    1.499018] TCP: Hash tables configured (established 2048 bind 2048)
[    1.499829] TCP reno registered
[    1.500969] UDP hash table entries: 128 (order: 0, 4096 bytes)
[    1.502429] UDP-Lite hash table entries: 128 (order: 0, 4096 bytes)
[    1.505352] NET: Registered protocol family 1
[    1.506149] pci 0000:00:00.0: Limiting direct PCI/PCI transfers
[    1.506944] pci 0000:00:01.0: PIIX3: Enabling Passive Release
[    1.507832] pci 0000:00:01.0: Activating ISA DMA hang workarounds
[    1.513206] ACPI: PCI Interrupt Link [LNKD] enabled at IRQ 11
[    1.514260] pci 0000:00:01.2: PCI INT D -&gt; Link[LNKD] -&gt; GSI 11 (level, high) -&gt; IRQ 11
[    1.516040] pci 0000:00:01.2: PCI INT D disabled
[    1.532551] Trying to unpack rootfs image as initramfs...
[    1.547460] audit: initializing netlink socket (disabled)
[    1.549528] type=2000 audit(1450140153.548:1): initialized
[    1.828018] HugeTLB registered 2 MB page size, pre-allocated 0 pages
[    1.910631] VFS: Disk quotas dquot_6.5.2
[    1.911708] Dquot-cache hash table entries: 512 (order 0, 4096 bytes)
[    1.930760] fuse init (API version 7.17)
[    1.933727] msgmni has been set to 84
[    1.972130] Block layer SCSI generic (bsg) driver version 0.4 loaded (major 253)
[    1.974834] io scheduler noop registered
[    1.975455] io scheduler deadline registered (default)
[    1.977474] io scheduler cfq registered
[    1.981422] pci_hotplug: PCI Hot Plug PCI Core version: 0.5
[    1.983193] pciehp: PCI Express Hot Plug Controller Driver version: 0.4
[    1.990268] input: Power Button as /devices/LNXSYSTM:00/LNXPWRBN:00/input/input0
[    1.991701] ACPI: Power Button [PWRF]
[    2.053645] ERST: Table is not found!
[    2.054535] GHES: HEST is not enabled!
[    2.057301] ACPI: PCI Interrupt Link [LNKC] enabled at IRQ 10
[    2.057912] virtio-pci 0000:00:03.0: PCI INT A -&gt; Link[LNKC] -&gt; GSI 10 (level, high) -&gt; IRQ 10
[    2.062020] virtio-pci 0000:00:04.0: PCI INT A -&gt; Link[LNKD] -&gt; GSI 11 (level, high) -&gt; IRQ 11
[    2.075060] ACPI: PCI Interrupt Link [LNKA] enabled at IRQ 10
[    2.075670] virtio-pci 0000:00:05.0: PCI INT A -&gt; Link[LNKA] -&gt; GSI 10 (level, high) -&gt; IRQ 10
[    2.090421] Serial: 8250/16550 driver, 32 ports, IRQ sharing enabled
[    2.134507] serial8250: ttyS0 at I/O 0x3f8 (irq = 4) is a 16550A
[    2.223534] serial8250: ttyS1 at I/O 0x2f8 (irq = 3) is a 16550A
[    2.368645] 00:05: ttyS0 at I/O 0x3f8 (irq = 4) is a 16550A
[    2.448404] 00:06: ttyS1 at I/O 0x2f8 (irq = 3) is a 16550A
[    2.494289] Linux agpgart interface v0.103
[    2.522490] Refined TSC clocksource calibration: 2294.401 MHz.
[    2.523808] Switching to clocksource tsc
[    2.569552] brd: module loaded
[    2.598070] loop: module loaded
[    2.651214]  vda: unknown partition table
[    2.722098] scsi0 : ata_piix
[    2.726340] scsi1 : ata_piix
[    2.727379] ata1: PATA max MWDMA2 cmd 0x1f0 ctl 0x3f6 bmdma 0xc0a0 irq 14
[    2.728182] ata2: PATA max MWDMA2 cmd 0x170 ctl 0x376 bmdma 0xc0a8 irq 15
[    2.740179] Fixed MDIO Bus: probed
[    2.741822] tun: Universal TUN/TAP device driver, 1.6
[    2.742483] tun: (C) 1999-2004 Max Krasnyansky &lt;maxk@qualcomm.com&gt;
[    2.755276] PPP generic driver version 2.4.2
[    2.779508] ehci_hcd: USB 2.0 'Enhanced' Host Controller (EHCI) Driver
[    2.781478] ohci_hcd: USB 1.1 'Open' Host Controller (OHCI) Driver
[    2.782517] uhci_hcd: USB Universal Host Controller Interface driver
[    2.784029] uhci_hcd 0000:00:01.2: PCI INT D -&gt; Link[LNKD] -&gt; GSI 11 (level, high) -&gt; IRQ 11
[    2.790689] uhci_hcd 0000:00:01.2: UHCI Host Controller
[    2.813771] uhci_hcd 0000:00:01.2: new USB bus registered, assigned bus number 1
[    2.815568] uhci_hcd 0000:00:01.2: irq 11, io base 0x0000c040
[    2.838953] hub 1-0:1.0: USB hub found
[    2.843966] hub 1-0:1.0: 2 ports detected
[    2.857113] usbcore: registered new interface driver libusual
[    2.860594] i8042: PNP: PS/2 Controller [PNP0303:KBD,PNP0f13:MOU] at 0x60,0x64 irq 1,12
[    2.872131] serio: i8042 KBD port at 0x60,0x64 irq 1
[    2.873739] serio: i8042 AUX port at 0x60,0x64 irq 12
[    2.945607] mousedev: PS/2 mouse device common for all mice
[    2.973693] ata2.01: ATAPI: QEMU DVD-ROM, 2.0.0, max UDMA/100
[    2.987696] input: AT Translated Set 2 keyboard as /devices/platform/i8042/serio0/input/input1
[    2.994941] rtc_cmos 00:01: RTC can wake from S4
[    3.001042] rtc_cmos 00:01: rtc core: registered rtc_cmos as rtc0
[    3.005540] rtc0: alarms up to one day, 114 bytes nvram, hpet irqs
[    3.009846] device-mapper: uevent: version 1.0.3
[    3.022697] ata2.01: configured for MWDMA2
[    3.042748] device-mapper: ioctl: 4.22.0-ioctl (2011-10-19) initialised: dm-devel@redhat.com
[    3.047297] cpuidle: using governor ladder
[    3.048692] cpuidle: using governor menu
[    3.050529] EFI Variables Facility v0.08 2004-May-17
[    3.071879] TCP cubic registered
[    3.076028] NET: Registered protocol family 10
[    3.112026] NET: Registered protocol family 17
[    3.119365] Registering the dns_resolver key type
[    3.145021] scsi 1:0:1:0: CD-ROM            QEMU     QEMU DVD-ROM     2.0. PQ: 0 ANSI: 5
[    3.171234] sr0: scsi3-mmc drive: 4x/4x cd/rw xa/form2 tray
[    3.172626] cdrom: Uniform CD-ROM driver Revision: 3.20
[    3.200445] sr 1:0:1:0: Attached scsi generic sg0 type 5
[    3.276903] registered taskstats version 1
[    3.317108] Freeing initrd memory: 3656k freed
[    3.828930]   Magic number: 11:843:708
[    3.841790] rtc_cmos 00:01: setting system clock to 2015-12-15 00:42:36 UTC (1450140156)
[    3.845454] powernow-k8: Processor cpuid 663 not supported
[    3.852171] BIOS EDD facility v0.16 2004-Jun-25, 0 devices found
[    3.856175] EDD information not available.
[    3.914619] Freeing unused kernel memory: 928k freed
[    3.917975] Write protecting the kernel read-only data: 12288k
[    4.002402] Freeing unused kernel memory: 1596k freed
[    4.062607] Freeing unused kernel memory: 1184k freed

info: initramfs: up at 4.24
modprobe: module virtio_blk not found in modules.dep
modprobe: module virtio_net not found in modules.dep
info: copying initramfs to /dev/vda
info: initramfs loading root from /dev/vda
info: /etc/init.d/rc.sysinit: up at 8.85
info: container: none
Starting logging: OK
modprobe: module virtio_blk not found in modules.dep
modprobe: module virtio_net not found in modules.dep
WARN: /etc/rc3.d/S10-load-modules failed
Initializing random number generator... done.
Starting acpid: OK
cirros-ds 'local' up at 11.45
found datasource (configdrive, local)
Starting network...
udhcpc (v1.20.1) started
Sending discover...
Sending discover...

2015-12-15 00:44:32,697 24997 INFO     [tempest_lib.common.rest_client] Request (TestNetworkBasicOps:_run_cleanups): 204 DELETE http://10.0.2.15:9696/v2.0/floatingips/ff5b0c98-654a-4273-a02b-6be23230ee6d 0.263s
2015-12-15 00:44:32,698 24997 DEBUG    [tempest_lib.common.rest_client] Request - Headers: {'Content-Type': 'application/json', 'Accept': 'application/json', 'X-Auth-Token': '&lt;omitted&gt;'}
        Body: None
    Response - Headers: {'date': 'Tue, 15 Dec 2015 00:44:32 GMT', 'status': '204', 'connection': 'close', 'content-length': '0', 'x-openstack-request-id': 'req-2da63e8e-9517-4600-844f-00eb0784a3cc'}
        Body: 
2015-12-15 00:44:32,912 24997 INFO     [tempest_lib.common.rest_client] Request (TestNetworkBasicOps:_run_cleanups): 204 DELETE http://10.0.2.15:8774/v2.1/06961c6cfc834b22a757e3c7397f975e/servers/94664161-6400-40b2-b846-f0cd81ac8479 0.214s
2015-12-15 00:44:32,912 24997 DEBUG    [tempest_lib.common.rest_client] Request - Headers: {'Content-Type': 'application/json', 'Accept': 'application/json', 'X-Auth-Token': '&lt;omitted&gt;'}
        Body: None
    Response - Headers: {'status': '204', 'content-length': '0', 'x-compute-request-id': 'req-303fb77a-a7ac-422a-a3bb-b32f44f9657e', 'vary': 'X-OpenStack-Nova-API-Version', 'connection': 'close', 'x-openstack-nova-api-version': '2.1', 'date': 'Tue, 15 Dec 2015 00:44:32 GMT', 'content-type': 'application/json'}
        Body: 
2015-12-15 00:44:33,129 24997 INFO     [tempest_lib.common.rest_client] Request (TestNetworkBasicOps:_run_cleanups): 200 GET http://10.0.2.15:8774/v2.1/06961c6cfc834b22a757e3c7397f975e/servers/94664161-6400-40b2-b846-f0cd81ac8479 0.215s
2015-12-15 00:44:33,129 24997 DEBUG    [tempest_lib.common.rest_client] Request - Headers: {'Content-Type': 'application/json', 'Accept': 'application/json', 'X-Auth-Token': '&lt;omitted&gt;'}
        Body: None
    Response - Headers: {'status': '200', 'content-length': '1775', 'content-location': 'http://10.0.2.15:8774/v2.1/06961c6cfc834b22a757e3c7397f975e/servers/94664161-6400-40b2-b846-f0cd81ac8479', 'x-compute-request-id': 'req-c3067794-8e06-41a0-be77-10b1bfe28cbe', 'vary': 'X-OpenStack-Nova-API-Version', 'connection': 'close', 'x-openstack-nova-api-version': '2.1', 'date': 'Tue, 15 Dec 2015 00:44:33 GMT', 'content-type': 'application/json'}
        Body: {"server": {"status": "ACTIVE", "updated": "2015-12-15T00:44:32Z", "hostId": "cb9de002e2aa8fe0a96989fc60a8b50f9cfcb29602e794ccf9dfd573", "addresses": {"tempest-network-smoke--1517195331": [{"OS-EXT-IPS-MAC:mac_addr": "fa:16:3e:13:00:ce", "version": 4, "addr": "10.100.0.3", "OS-EXT-IPS:type": "fixed"}, {"OS-EXT-IPS-MAC:mac_addr": "fa:16:3e:13:00:ce", "version": 4, "addr": "172.24.4.4", "OS-EXT-IPS:type": "floating"}]}, "links": [{"href": "http://10.0.2.15:8774/v2.1/06961c6cfc834b22a757e3c7397f975e/servers/94664161-6400-40b2-b846-f0cd81ac8479", "rel": "self"}, {"href": "http://10.0.2.15:8774/06961c6cfc834b22a757e3c7397f975e/servers/94664161-6400-40b2-b846-f0cd81ac8479", "rel": "bookmark"}], "key_name": "tempest-TestNetworkBasicOps-295304626", "image": {"id": "53f8bd25-8c37-4965-995d-1464065f7e43", "links": [{"href": "http://10.0.2.15:8774/06961c6cfc834b22a757e3c7397f975e/images/53f8bd25-8c37-4965-995d-1464065f7e43", "rel": "bookmark"}]}, "OS-EXT-STS:task_state": "deleting", "OS-EXT-STS:vm_state": "active", "OS-SRV-USG:launched_at": "2015-12-15T00:42:29.000000", "flavor": {"id": "42", "links": [{"href": "http://10.0.2.15:8774/06961c6cfc834b22a757e3c7397f975e/flavors/42", "rel": "bookmark"}]}, "id": "94664161-6400-40b2-b846-f0cd81ac8479", "security_groups": [{"name": "tempest-secgroup-smoke-975057622"}], "OS-SRV-USG:terminated_at": null, "OS-EXT-AZ:availability_zone": "nova", "user_id": "d77b0a30635d4e07b816665dfb60c66b", "name": "tempest.common.compute-instance-1252410300", "created": "2015-12-15T00:42:25Z", "tenant_id": "06961c6cfc834b22a757e3c7397f975e", "OS-DCF:diskConfig": "MANUAL", "os-extended-volumes:volumes_attached": [], "accessIPv4": "", "accessIPv6": "", "progress": 0, "OS-EXT-STS:power_state": 1, "config_drive": "True", "metadata": {}}}
2015-12-15 00:44:34,304 24997 INFO     [tempest_lib.common.rest_client] Request (TestNetworkBasicOps:_run_cleanups): 200 GET http://10.0.2.15:8774/v2.1/06961c6cfc834b22a757e3c7397f975e/servers/94664161-6400-40b2-b846-f0cd81ac8479 0.162s
2015-12-15 00:44:34,305 24997 DEBUG    [tempest_lib.common.rest_client] Request - Headers: {'Content-Type': 'application/json', 'Accept': 'application/json', 'X-Auth-Token': '&lt;omitted&gt;'}
        Body: None
    Response - Headers: {'status': '200', 'content-length': '1440', 'content-location': 'http://10.0.2.15:8774/v2.1/06961c6cfc834b22a757e3c7397f975e/servers/94664161-6400-40b2-b846-f0cd81ac8479', 'x-compute-request-id': 'req-8726d4a0-34cb-4e1a-9de2-0cec6c286807', 'vary': 'X-OpenStack-Nova-API-Version', 'connection': 'close', 'x-openstack-nova-api-version': '2.1', 'date': 'Tue, 15 Dec 2015 00:44:34 GMT', 'content-type': 'application/json'}
        Body: {"server": {"status": "ACTIVE", "updated": "2015-12-15T00:44:33Z", "hostId": "cb9de002e2aa8fe0a96989fc60a8b50f9cfcb29602e794ccf9dfd573", "addresses": {}, "links": [{"href": "http://10.0.2.15:8774/v2.1/06961c6cfc834b22a757e3c7397f975e/servers/94664161-6400-40b2-b846-f0cd81ac8479", "rel": "self"}, {"href": "http://10.0.2.15:8774/06961c6cfc834b22a757e3c7397f975e/servers/94664161-6400-40b2-b846-f0cd81ac8479", "rel": "bookmark"}], "key_name": "tempest-TestNetworkBasicOps-295304626", "image": {"id": "53f8bd25-8c37-4965-995d-1464065f7e43", "links": [{"href": "http://10.0.2.15:8774/06961c6cfc834b22a757e3c7397f975e/images/53f8bd25-8c37-4965-995d-1464065f7e43", "rel": "bookmark"}]}, "OS-EXT-STS:task_state": "deleting", "OS-EXT-STS:vm_state": "active", "OS-SRV-USG:launched_at": "2015-12-15T00:42:29.000000", "flavor": {"id": "42", "links": [{"href": "http://10.0.2.15:8774/06961c6cfc834b22a757e3c7397f975e/flavors/42", "rel": "bookmark"}]}, "id": "94664161-6400-40b2-b846-f0cd81ac8479", "OS-SRV-USG:terminated_at": null, "OS-EXT-AZ:availability_zone": "nova", "user_id": "d77b0a30635d4e07b816665dfb60c66b", "name": "tempest.common.compute-instance-1252410300", "created": "2015-12-15T00:42:25Z", "tenant_id": "06961c6cfc834b22a757e3c7397f975e", "OS-DCF:diskConfig": "MANUAL", "os-extended-volumes:volumes_attached": [], "accessIPv4": "", "accessIPv6": "", "progress": 0, "OS-EXT-STS:power_state": 1, "config_drive": "True", "metadata": {}}}
2015-12-15 00:44:35,402 24997 INFO     [tempest_lib.common.rest_client] Request (TestNetworkBasicOps:_run_cleanups): 404 GET http://10.0.2.15:8774/v2.1/06961c6cfc834b22a757e3c7397f975e/servers/94664161-6400-40b2-b846-f0cd81ac8479 0.086s
2015-12-15 00:44:35,403 24997 DEBUG    [tempest_lib.common.rest_client] Request - Headers: {'Content-Type': 'application/json', 'Accept': 'application/json', 'X-Auth-Token': '&lt;omitted&gt;'}
        Body: None
    Response - Headers: {'status': '404', 'content-length': '111', 'x-compute-request-id': 'req-ee01b8a6-65d7-44d1-bfae-8912db66e868', 'vary': 'X-OpenStack-Nova-API-Version', 'connection': 'close', 'x-openstack-nova-api-version': '2.1', 'date': 'Tue, 15 Dec 2015 00:44:35 GMT', 'content-type': 'application/json; charset=UTF-8'}
        Body: {"itemNotFound": {"message": "Instance 94664161-6400-40b2-b846-f0cd81ac8479 could not be found.", "code": 404}}
2015-12-15 00:44:35,420 24997 INFO     [tempest_lib.common.rest_client] Request (TestNetworkBasicOps:_run_cleanups): 202 DELETE http://10.0.2.15:8774/v2.1/06961c6cfc834b22a757e3c7397f975e/os-keypairs/tempest-TestNetworkBasicOps-295304626 0.016s
2015-12-15 00:44:35,421 24997 DEBUG    [tempest_lib.common.rest_client] Request - Headers: {'Content-Type': 'application/json', 'Accept': 'application/json', 'X-Auth-Token': '&lt;omitted&gt;'}
        Body: None
    Response - Headers: {'status': '202', 'content-length': '0', 'x-compute-request-id': 'req-f18e7a14-ed09-427a-bfce-6a3d26a9e086', 'vary': 'X-OpenStack-Nova-API-Version', 'connection': 'close', 'x-openstack-nova-api-version': '2.1', 'date': 'Tue, 15 Dec 2015 00:44:35 GMT', 'content-type': 'application/json'}
        Body: 
2015-12-15 00:44:35,985 24997 INFO     [tempest_lib.common.rest_client] Request (TestNetworkBasicOps:_run_cleanups): 200 PUT http://10.0.2.15:9696/v2.0/routers/75952093-d45f-4ff7-b821-21ff7a5576eb/remove_router_interface 0.563s
2015-12-15 00:44:35,986 24997 DEBUG    [tempest_lib.common.rest_client] Request - Headers: {'Content-Type': 'application/json', 'Accept': 'application/json', 'X-Auth-Token': '&lt;omitted&gt;'}
        Body: {"subnet_id": "7fad286a-e1b0-4d6f-8044-54aade388f75"}
    Response - Headers: {'status': '200', 'content-length': '255', 'connection': 'close', 'date': 'Tue, 15 Dec 2015 00:44:35 GMT', 'content-type': 'application/json; charset=UTF-8', 'x-openstack-request-id': 'req-ac20bf5e-7e3d-4473-a7f9-b3424b4a9b59'}
        Body: {"subnet_id": "7fad286a-e1b0-4d6f-8044-54aade388f75", "tenant_id": "06961c6cfc834b22a757e3c7397f975e", "subnet_ids": ["7fad286a-e1b0-4d6f-8044-54aade388f75"], "port_id": "d827d715-093b-4029-9d26-a25663cda813", "id": "75952093-d45f-4ff7-b821-21ff7a5576eb"}
2015-12-15 00:44:36,591 24997 INFO     [tempest_lib.common.rest_client] Request (TestNetworkBasicOps:_run_cleanups): 204 DELETE http://10.0.2.15:9696/v2.0/subnets/7fad286a-e1b0-4d6f-8044-54aade388f75 0.603s
2015-12-15 00:44:36,591 24997 DEBUG    [tempest_lib.common.rest_client] Request - Headers: {'Content-Type': 'application/json', 'Accept': 'application/json', 'X-Auth-Token': '&lt;omitted&gt;'}
        Body: None
    Response - Headers: {'date': 'Tue, 15 Dec 2015 00:44:36 GMT', 'status': '204', 'connection': 'close', 'content-length': '0', 'x-openstack-request-id': 'req-e017250a-5828-4416-9626-7aef598f5d60'}
        Body: 
2015-12-15 00:44:36,646 24997 INFO     [tempest_lib.common.rest_client] Request (TestNetworkBasicOps:_run_cleanups): 200 GET http://10.0.2.15:9696/v2.0/routers/75952093-d45f-4ff7-b821-21ff7a5576eb 0.053s
2015-12-15 00:44:36,646 24997 DEBUG    [tempest_lib.common.rest_client] Request - Headers: {'Content-Type': 'application/json', 'Accept': 'application/json', 'X-Auth-Token': '&lt;omitted&gt;'}
        Body: None
    Response - Headers: {'status': '200', 'content-length': '563', 'content-location': 'http://10.0.2.15:9696/v2.0/routers/75952093-d45f-4ff7-b821-21ff7a5576eb', 'connection': 'close', 'date': 'Tue, 15 Dec 2015 00:44:36 GMT', 'content-type': 'application/json; charset=UTF-8', 'x-openstack-request-id': 'req-65531a34-03f1-42ac-a0be-faf121536d29'}
        Body: {"router": {"status": "ACTIVE", "external_gateway_info": {"network_id": "61a8c9e2-a54c-495f-b120-8d1e2808bc44", "enable_snat": true, "external_fixed_ips": [{"subnet_id": "92e32044-10cf-4f67-8a96-bca1437fbbea", "ip_address": "172.24.4.3"}, {"subnet_id": "a0f9b49c-508b-4de6-a0f0-8c2a1a31191d", "ip_address": "2001:db8::3"}]}, "availability_zone_hints": [], "availability_zones": ["nova"], "name": "tempest-router-smoke-858803780", "admin_state_up": true, "tenant_id": "06961c6cfc834b22a757e3c7397f975e", "routes": [], "id": "75952093-d45f-4ff7-b821-21ff7a5576eb"}}
2015-12-15 00:44:37,040 24997 INFO     [tempest_lib.common.rest_client] Request (TestNetworkBasicOps:_run_cleanups): 200 PUT http://10.0.2.15:9696/v2.0/routers/75952093-d45f-4ff7-b821-21ff7a5576eb 0.393s
2015-12-15 00:44:37,041 24997 DEBUG    [tempest_lib.common.rest_client] Request - Headers: {'Content-Type': 'application/json', 'Accept': 'application/json', 'X-Auth-Token': '&lt;omitted&gt;'}
        Body: {"router": {"external_gateway_info": {}, "name": "tempest-router-smoke-858803780", "admin_state_up": true}}
    Response - Headers: {'status': '200', 'content-length': '301', 'connection': 'close', 'date': 'Tue, 15 Dec 2015 00:44:37 GMT', 'content-type': 'application/json; charset=UTF-8', 'x-openstack-request-id': 'req-eba36a7b-21d0-42b1-9375-43c3f24e1dbc'}
        Body: {"router": {"status": "ACTIVE", "external_gateway_info": null, "availability_zone_hints": [], "availability_zones": ["nova"], "name": "tempest-router-smoke-858803780", "admin_state_up": true, "tenant_id": "06961c6cfc834b22a757e3c7397f975e", "routes": [], "id": "75952093-d45f-4ff7-b821-21ff7a5576eb"}}
2015-12-15 00:44:37,401 24997 INFO     [tempest_lib.common.rest_client] Request (TestNetworkBasicOps:_run_cleanups): 204 DELETE http://10.0.2.15:9696/v2.0/routers/75952093-d45f-4ff7-b821-21ff7a5576eb 0.359s
2015-12-15 00:44:37,401 24997 DEBUG    [tempest_lib.common.rest_client] Request - Headers: {'Content-Type': 'application/json', 'Accept': 'application/json', 'X-Auth-Token': '&lt;omitted&gt;'}
        Body: None
    Response - Headers: {'date': 'Tue, 15 Dec 2015 00:44:37 GMT', 'status': '204', 'connection': 'close', 'content-length': '0', 'x-openstack-request-id': 'req-906ee342-e4e0-44ee-b724-585a355c03ed'}
        Body: 
2015-12-15 00:44:37,655 24997 INFO     [tempest_lib.common.rest_client] Request (TestNetworkBasicOps:_run_cleanups): 204 DELETE http://10.0.2.15:9696/v2.0/networks/d7bd3a07-8709-4eb6-847c-e69f425487e7 0.252s
2015-12-15 00:44:37,656 24997 DEBUG    [tempest_lib.common.rest_client] Request - Headers: {'Content-Type': 'application/json', 'Accept': 'application/json', 'X-Auth-Token': '&lt;omitted&gt;'}
        Body: None
    Response - Headers: {'date': 'Tue, 15 Dec 2015 00:44:37 GMT', 'status': '204', 'connection': 'close', 'content-length': '0', 'x-openstack-request-id': 'req-cc678003-6342-4285-bcbf-2a73010d8dfe'}
        Body: 
2015-12-15 00:44:37,725 24997 INFO     [tempest_lib.common.rest_client] Request (TestNetworkBasicOps:_run_cleanups): 204 DELETE http://10.0.2.15:9696/v2.0/security-group-rules/c292227f-a250-4ee9-9d7c-e66228fa3c88 0.068s
2015-12-15 00:44:37,726 24997 DEBUG    [tempest_lib.common.rest_client] Request - Headers: {'Content-Type': 'application/json', 'Accept': 'application/json', 'X-Auth-Token': '&lt;omitted&gt;'}
        Body: None
    Response - Headers: {'date': 'Tue, 15 Dec 2015 00:44:37 GMT', 'status': '204', 'connection': 'close', 'content-length': '0', 'x-openstack-request-id': 'req-bb952b4a-010f-4544-a5df-e920b756da47'}
        Body: 
2015-12-15 00:44:37,791 24997 INFO     [tempest_lib.common.rest_client] Request (TestNetworkBasicOps:_run_cleanups): 204 DELETE http://10.0.2.15:9696/v2.0/security-group-rules/6aea9b46-45ed-4b06-82d2-c243300eec07 0.064s
2015-12-15 00:44:37,792 24997 DEBUG    [tempest_lib.common.rest_client] Request - Headers: {'Content-Type': 'application/json', 'Accept': 'application/json', 'X-Auth-Token': '&lt;omitted&gt;'}
        Body: None
    Response - Headers: {'date': 'Tue, 15 Dec 2015 00:44:37 GMT', 'status': '204', 'connection': 'close', 'content-length': '0', 'x-openstack-request-id': 'req-b2957beb-8235-45dd-8fa9-ce9d37e4b710'}
        Body: 
2015-12-15 00:44:37,860 24997 INFO     [tempest_lib.common.rest_client] Request (TestNetworkBasicOps:_run_cleanups): 204 DELETE http://10.0.2.15:9696/v2.0/security-group-rules/7b4a7289-79b0-45eb-945c-43164b3a69da 0.067s
2015-12-15 00:44:37,861 24997 DEBUG    [tempest_lib.common.rest_client] Request - Headers: {'Content-Type': 'application/json', 'Accept': 'application/json', 'X-Auth-Token': '&lt;omitted&gt;'}
        Body: None
    Response - Headers: {'date': 'Tue, 15 Dec 2015 00:44:37 GMT', 'status': '204', 'connection': 'close', 'content-length': '0', 'x-openstack-request-id': 'req-c050dc2c-5a09-4c97-a411-291aee9c59a1'}
        Body: 
2015-12-15 00:44:37,919 24997 INFO     [tempest_lib.common.rest_client] Request (TestNetworkBasicOps:_run_cleanups): 204 DELETE http://10.0.2.15:9696/v2.0/security-group-rules/17870fbd-0889-45ab-9151-ff4de79d169d 0.058s
2015-12-15 00:44:37,921 24997 DEBUG    [tempest_lib.common.rest_client] Request - Headers: {'Content-Type': 'application/json', 'Accept': 'application/json', 'X-Auth-Token': '&lt;omitted&gt;'}
        Body: None
    Response - Headers: {'date': 'Tue, 15 Dec 2015 00:44:37 GMT', 'status': '204', 'connection': 'close', 'content-length': '0', 'x-openstack-request-id': 'req-72e6625d-b0e7-434b-bc3b-971ea4b9e24c'}
        Body: 
2015-12-15 00:44:37,976 24997 INFO     [tempest_lib.common.rest_client] Request (TestNetworkBasicOps:_run_cleanups): 204 DELETE http://10.0.2.15:9696/v2.0/security-group-rules/47dda442-d015-4dce-90d4-e229f17d7d20 0.054s
2015-12-15 00:44:37,977 24997 DEBUG    [tempest_lib.common.rest_client] Request - Headers: {'Content-Type': 'application/json', 'Accept': 'application/json', 'X-Auth-Token': '&lt;omitted&gt;'}
        Body: None
