<?xml version="1.0" encoding="UTF-8"?>
<!DOCTYPE html PUBLIC "-//W3C//DTD XHTML 1.0 Strict//EN"
     "http://www.w3.org/TR/xhtml1/DTD/xhtml1-strict.dtd">
<html xmlns="http://www.w3.org/1999/xhtml">
<head>
    <title>Unit Test Report</title>
    <meta name="generator" content="subunit2html 0.1"/>
    <meta http-equiv="Content-Type" content="text/html; charset=UTF-8"/>
    
<style type="text/css" media="screen">
body        { font-family: verdana, arial, helvetica, sans-serif;
    font-size: 80%; }
table       { font-size: 100%; width: 100%;}
pre         { font-size: 80%; }

/* -- heading -------------------------------------------------------------- */
h1 {
        font-size: 16pt;
        color: gray;
}
.heading {
    margin-top: 0ex;
    margin-bottom: 1ex;
}

.heading .attribute {
    margin-top: 1ex;
    margin-bottom: 0;
}

.heading .description {
    margin-top: 4ex;
    margin-bottom: 6ex;
}

/* -- css div popup -------------------------------------------------------- */
a.popup_link {
}

a.popup_link:hover {
    color: red;
}

.popup_window {
    display: none;
    overflow-x: scroll;
    /*border: solid #627173 1px; */
    padding: 10px;
    background-color: #E6E6D6;
    font-family: "Ubuntu Mono", "Lucida Console", "Courier New", monospace;
    text-align: left;
    font-size: 8pt;
}

}
/* -- report --------------------------------------------------------------- */
#show_detail_line {
    margin-top: 3ex;
    margin-bottom: 1ex;
}
#result_table {
    width: 100%;
    border-collapse: collapse;
    border: 1px solid #777;
}
#header_row {
    font-weight: bold;
    color: white;
    background-color: #777;
}
#result_table td {
    border: 1px solid #777;
    padding: 2px;
}
#total_row  { font-weight: bold; }
.passClass  { background-color: #6c6; }
.failClass  { background-color: #c60; }
.errorClass { background-color: #c00; }
.passCase   { color: #6c6; }
.failCase   { color: #c60; font-weight: bold; }
.errorCase  { color: #c00; font-weight: bold; }
.hiddenRow  { display: none; }
.testcase   { margin-left: 2em; }
td.testname {width: 40%}
td.small {width: 40px}

/* -- ending --------------------------------------------------------------- */
#ending {
}

</style>

</head>
<body>
<script language="javascript" type="text/javascript"><!--
output_list = Array();

/* level - 0:Summary; 1:Failed; 2:All */
function showCase(level) {
    trs = document.getElementsByTagName("tr");
    for (var i = 0; i < trs.length; i++) {
        tr = trs[i];
        id = tr.id;
        if (id.substr(0,2) == 'ft') {
            if (level < 1) {
                tr.className = 'hiddenRow';
            }
            else {
                tr.className = '';
            }
        }
        if (id.substr(0,2) == 'pt') {
            if (level > 1) {
                tr.className = '';
            }
            else {
                tr.className = 'hiddenRow';
            }
        }
    }
}


function showClassDetail(cid, count) {
    var id_list = Array(count);
    var toHide = 1;
    for (var i = 0; i < count; i++) {
        tid0 = 't' + cid.substr(1) + '.' + (i+1);
        tid = 'f' + tid0;
        tr = document.getElementById(tid);
        if (!tr) {
            tid = 'p' + tid0;
            tr = document.getElementById(tid);
        }
        id_list[i] = tid;
        if (tr.className) {
            toHide = 0;
        }
    }
    for (var i = 0; i < count; i++) {
        tid = id_list[i];
        if (toHide) {
            document.getElementById('div_'+tid).style.display = 'none'
            document.getElementById(tid).className = 'hiddenRow';
        }
        else {
            document.getElementById(tid).className = '';
        }
    }
}


function showTestDetail(div_id){
    var details_div = document.getElementById(div_id)
    var displayState = details_div.style.display
    // alert(displayState)
    if (displayState != 'block' ) {
        displayState = 'block'
        details_div.style.display = 'block'
    }
    else {
        details_div.style.display = 'none'
    }
}


function html_escape(s) {
    s = s.replace(/&/g,'&amp;');
    s = s.replace(/</g,'&lt;');
    s = s.replace(/>/g,'&gt;');
    return s;
}

/* obsoleted by detail in <div>
function showOutput(id, name) {
    var w = window.open("", //url
                    name,
                    "resizable,scrollbars,status,width=800,height=450");
    d = w.document;
    d.write("<pre>");
    d.write(html_escape(output_list[id]));
    d.write("\n");
    d.write("<a href='javascript:window.close()'>close</a>\n");
    d.write("</pre>\n");
    d.close();
}
*/
--></script>

<div class='heading'>
<h1>Unit Test Report</h1>

<p class='attribute'><strong>Status:</strong> Pass 1 Failure 7 Skip 1</p>

<p class='description'></p>
</div>



<p id='show_detail_line'>Show
<a href='javascript:showCase(0)'>Summary</a>
<a href='javascript:showCase(1)'>Failed</a>
<a href='javascript:showCase(2)'>All</a>
</p>
<table id='result_table'>
<colgroup>
<col align='left' />
<col align='right' />
<col align='right' />
<col align='right' />
<col align='right' />
<col align='right' />
<col align='right' />
<col align='right' />
</colgroup>
<tr id='header_row'>
    <td>Test Group/Test case</td>
    <td>Count</td>
    <td>Pass</td>
    <td>Fail</td>
    <td>Error</td>
    <td>Skip</td>
    <td>View</td>
    <td> </td>
</tr>

<tr class='failClass'>
    <td class="testname">tempest.scenario.test_network_basic_ops.TestNetworkBasicOps</td>
    <td class="small">9</td>
    <td class="small">1</td>
    <td class="small">7</td>
    <td class="small">0</td>
    <td class="small">1</td>
    <td class="small"><a href="javascript:showClassDetail('c1',9)"
>Detail</a></td>
    <td> </td>
</tr>

<tr id='ft1.1' class='none'>
    <td class='failCase'><div class='testcase'>test_connectivity_between_vms_on_different_networks[compute,id-1546850e-fbaa-42f5-8b5f-03d8a6a95f15,network]</div></td>
    <td colspan='7' align='left'>

    <!--css div popup start-->
    <a class="popup_link" onfocus='this.blur();'
    href="javascript:showTestDetail('div_ft1.1')" >
        fail</a>

    <div id='div_ft1.1' class="popup_window">
        <div style='text-align: right; color:red;cursor:pointer'>
        <a onfocus='this.blur();'
onclick="document.getElementById('div_ft1.1').style.display = 'none' " >
           [x]</a>
        </div>
        <pre>
        
ft1.1: tempest.scenario.test_network_basic_ops.TestNetworkBasicOps.test_connectivity_between_vms_on_different_networks[compute,id-1546850e-fbaa-42f5-8b5f-03d8a6a95f15,network]_StringException: Empty attachments:
  stderr
  stdout

pythonlogging:'': {{{
2015-12-08 17:08:26,872 20935 INFO     [tempest_lib.common.rest_client] Request (TestNetworkBasicOps:test_connectivity_between_vms_on_different_networks): 201 POST http://10.0.2.15:9696/v2.0/security-groups 0.356s
2015-12-08 17:08:26,872 20935 DEBUG    [tempest_lib.common.rest_client] Request - Headers: {'Content-Type': 'application/json', 'Accept': 'application/json', 'X-Auth-Token': '&lt;omitted&gt;'}
        Body: {"security_group": {"tenant_id": "550d929a63004136ac41aacf5590bb4b", "description": "tempest-secgroup-smoke-1542290888 description", "name": "tempest-secgroup-smoke-1542290888"}}
    Response - Headers: {'status': '201', 'content-length': '888', 'connection': 'close', 'date': 'Tue, 08 Dec 2015 17:08:26 GMT', 'content-type': 'application/json; charset=UTF-8', 'x-openstack-request-id': 'req-86b88d19-58bc-429f-94bd-1f545a3563d2'}
        Body: {"security_group": {"tenant_id": "550d929a63004136ac41aacf5590bb4b", "description": "tempest-secgroup-smoke-1542290888 description", "id": "9db01201-7608-4e6d-97c3-0a7166fd07fc", "security_group_rules": [{"remote_group_id": null, "direction": "egress", "remote_ip_prefix": null, "protocol": null, "ethertype": "IPv4", "tenant_id": "550d929a63004136ac41aacf5590bb4b", "port_range_max": null, "port_range_min": null, "id": "04ecb73f-175a-4dfa-adea-9d515517f039", "security_group_id": "9db01201-7608-4e6d-97c3-0a7166fd07fc"}, {"remote_group_id": null, "direction": "egress", "remote_ip_prefix": null, "protocol": null, "ethertype": "IPv6", "tenant_id": "550d929a63004136ac41aacf5590bb4b", "port_range_max": null, "port_range_min": null, "id": "48adebb3-1955-4d5e-ba06-330a6c17a0eb", "security_group_id": "9db01201-7608-4e6d-97c3-0a7166fd07fc"}], "name": "tempest-secgroup-smoke-1542290888"}}
2015-12-08 17:08:26,999 20935 INFO     [tempest_lib.common.rest_client] Request (TestNetworkBasicOps:test_connectivity_between_vms_on_different_networks): 201 POST http://10.0.2.15:9696/v2.0/security-group-rules 0.124s
2015-12-08 17:08:26,999 20935 DEBUG    [tempest_lib.common.rest_client] Request - Headers: {'Content-Type': 'application/json', 'Accept': 'application/json', 'X-Auth-Token': '&lt;omitted&gt;'}
        Body: {"security_group_rule": {"direction": "ingress", "protocol": "tcp", "tenant_id": "550d929a63004136ac41aacf5590bb4b", "port_range_max": 22, "security_group_id": "9db01201-7608-4e6d-97c3-0a7166fd07fc", "port_range_min": 22}}
    Response - Headers: {'status': '201', 'content-length': '340', 'connection': 'close', 'date': 'Tue, 08 Dec 2015 17:08:26 GMT', 'content-type': 'application/json; charset=UTF-8', 'x-openstack-request-id': 'req-703e5fa7-e4a3-4241-bf3b-ddef7984122b'}
        Body: {"security_group_rule": {"remote_group_id": null, "direction": "ingress", "remote_ip_prefix": null, "protocol": "tcp", "ethertype": "IPv4", "tenant_id": "550d929a63004136ac41aacf5590bb4b", "port_range_max": 22, "port_range_min": 22, "id": "ffe911ac-5dd9-4933-9990-fc107c309240", "security_group_id": "9db01201-7608-4e6d-97c3-0a7166fd07fc"}}
2015-12-08 17:08:27,124 20935 INFO     [tempest_lib.common.rest_client] Request (TestNetworkBasicOps:test_connectivity_between_vms_on_different_networks): 201 POST http://10.0.2.15:9696/v2.0/security-group-rules 0.123s
2015-12-08 17:08:27,125 20935 DEBUG    [tempest_lib.common.rest_client] Request - Headers: {'Content-Type': 'application/json', 'Accept': 'application/json', 'X-Auth-Token': '&lt;omitted&gt;'}
        Body: {"security_group_rule": {"direction": "egress", "protocol": "tcp", "tenant_id": "550d929a63004136ac41aacf5590bb4b", "port_range_max": 22, "security_group_id": "9db01201-7608-4e6d-97c3-0a7166fd07fc", "port_range_min": 22}}
    Response - Headers: {'status': '201', 'content-length': '339', 'connection': 'close', 'date': 'Tue, 08 Dec 2015 17:08:27 GMT', 'content-type': 'application/json; charset=UTF-8', 'x-openstack-request-id': 'req-548e3ae9-4d1c-47ff-9a79-315b5499331d'}
        Body: {"security_group_rule": {"remote_group_id": null, "direction": "egress", "remote_ip_prefix": null, "protocol": "tcp", "ethertype": "IPv4", "tenant_id": "550d929a63004136ac41aacf5590bb4b", "port_range_max": 22, "port_range_min": 22, "id": "38abf4b6-106a-471c-99f2-721346db0f36", "security_group_id": "9db01201-7608-4e6d-97c3-0a7166fd07fc"}}
2015-12-08 17:08:27,243 20935 INFO     [tempest_lib.common.rest_client] Request (TestNetworkBasicOps:test_connectivity_between_vms_on_different_networks): 201 POST http://10.0.2.15:9696/v2.0/security-group-rules 0.117s
2015-12-08 17:08:27,244 20935 DEBUG    [tempest_lib.common.rest_client] Request - Headers: {'Content-Type': 'application/json', 'Accept': 'application/json', 'X-Auth-Token': '&lt;omitted&gt;'}
        Body: {"security_group_rule": {"tenant_id": "550d929a63004136ac41aacf5590bb4b", "direction": "ingress", "protocol": "icmp", "security_group_id": "9db01201-7608-4e6d-97c3-0a7166fd07fc"}}
    Response - Headers: {'status': '201', 'content-length': '345', 'connection': 'close', 'date': 'Tue, 08 Dec 2015 17:08:27 GMT', 'content-type': 'application/json; charset=UTF-8', 'x-openstack-request-id': 'req-e6991d6f-ae42-412a-9641-90991671d938'}
        Body: {"security_group_rule": {"remote_group_id": null, "direction": "ingress", "remote_ip_prefix": null, "protocol": "icmp", "ethertype": "IPv4", "tenant_id": "550d929a63004136ac41aacf5590bb4b", "port_range_max": null, "port_range_min": null, "id": "b1936530-4606-4d90-973f-ede4a506ec4e", "security_group_id": "9db01201-7608-4e6d-97c3-0a7166fd07fc"}}
2015-12-08 17:08:27,352 20935 INFO     [tempest_lib.common.rest_client] Request (TestNetworkBasicOps:test_connectivity_between_vms_on_different_networks): 201 POST http://10.0.2.15:9696/v2.0/security-group-rules 0.108s
2015-12-08 17:08:27,353 20935 DEBUG    [tempest_lib.common.rest_client] Request - Headers: {'Content-Type': 'application/json', 'Accept': 'application/json', 'X-Auth-Token': '&lt;omitted&gt;'}
        Body: {"security_group_rule": {"tenant_id": "550d929a63004136ac41aacf5590bb4b", "direction": "egress", "protocol": "icmp", "security_group_id": "9db01201-7608-4e6d-97c3-0a7166fd07fc"}}
    Response - Headers: {'status': '201', 'content-length': '344', 'connection': 'close', 'date': 'Tue, 08 Dec 2015 17:08:27 GMT', 'content-type': 'application/json; charset=UTF-8', 'x-openstack-request-id': 'req-cdc8e259-b385-4e01-be37-760c5a981420'}
        Body: {"security_group_rule": {"remote_group_id": null, "direction": "egress", "remote_ip_prefix": null, "protocol": "icmp", "ethertype": "IPv4", "tenant_id": "550d929a63004136ac41aacf5590bb4b", "port_range_max": null, "port_range_min": null, "id": "95f90cce-88f8-4032-ba17-bda85ac9924c", "security_group_id": "9db01201-7608-4e6d-97c3-0a7166fd07fc"}}
2015-12-08 17:08:27,475 20935 INFO     [tempest_lib.common.rest_client] Request (TestNetworkBasicOps:test_connectivity_between_vms_on_different_networks): 201 POST http://10.0.2.15:9696/v2.0/security-group-rules 0.122s
2015-12-08 17:08:27,476 20935 DEBUG    [tempest_lib.common.rest_client] Request - Headers: {'Content-Type': 'application/json', 'Accept': 'application/json', 'X-Auth-Token': '&lt;omitted&gt;'}
        Body: {"security_group_rule": {"tenant_id": "550d929a63004136ac41aacf5590bb4b", "direction": "ingress", "security_group_id": "9db01201-7608-4e6d-97c3-0a7166fd07fc", "protocol": "icmp", "ethertype": "IPv6"}}
    Response - Headers: {'status': '201', 'content-length': '345', 'connection': 'close', 'date': 'Tue, 08 Dec 2015 17:08:27 GMT', 'content-type': 'application/json; charset=UTF-8', 'x-openstack-request-id': 'req-b897fb41-252a-49b0-b1e3-e0f865df5187'}
        Body: {"security_group_rule": {"remote_group_id": null, "direction": "ingress", "remote_ip_prefix": null, "protocol": "icmp", "ethertype": "IPv6", "tenant_id": "550d929a63004136ac41aacf5590bb4b", "port_range_max": null, "port_range_min": null, "id": "48538fa4-eebc-4111-acfb-32a6a19a2f1b", "security_group_id": "9db01201-7608-4e6d-97c3-0a7166fd07fc"}}
2015-12-08 17:08:27,592 20935 INFO     [tempest_lib.common.rest_client] Request (TestNetworkBasicOps:test_connectivity_between_vms_on_different_networks): 201 POST http://10.0.2.15:9696/v2.0/security-group-rules 0.115s
2015-12-08 17:08:27,593 20935 DEBUG    [tempest_lib.common.rest_client] Request - Headers: {'Content-Type': 'application/json', 'Accept': 'application/json', 'X-Auth-Token': '&lt;omitted&gt;'}
        Body: {"security_group_rule": {"tenant_id": "550d929a63004136ac41aacf5590bb4b", "direction": "egress", "security_group_id": "9db01201-7608-4e6d-97c3-0a7166fd07fc", "protocol": "icmp", "ethertype": "IPv6"}}
    Response - Headers: {'status': '201', 'content-length': '344', 'connection': 'close', 'date': 'Tue, 08 Dec 2015 17:08:27 GMT', 'content-type': 'application/json; charset=UTF-8', 'x-openstack-request-id': 'req-9c23d7f3-eb27-432d-8b30-b484c9fd3342'}
        Body: {"security_group_rule": {"remote_group_id": null, "direction": "egress", "remote_ip_prefix": null, "protocol": "icmp", "ethertype": "IPv6", "tenant_id": "550d929a63004136ac41aacf5590bb4b", "port_range_max": null, "port_range_min": null, "id": "4cc1dee7-5f05-4397-a2ec-b5706c30c219", "security_group_id": "9db01201-7608-4e6d-97c3-0a7166fd07fc"}}
2015-12-08 17:08:27,765 20935 INFO     [tempest_lib.common.rest_client] Request (TestNetworkBasicOps:test_connectivity_between_vms_on_different_networks): 201 POST http://10.0.2.15:9696/v2.0/networks 0.171s
2015-12-08 17:08:27,765 20935 DEBUG    [tempest_lib.common.rest_client] Request - Headers: {'Content-Type': 'application/json', 'Accept': 'application/json', 'X-Auth-Token': '&lt;omitted&gt;'}
        Body: {"network": {"tenant_id": "550d929a63004136ac41aacf5590bb4b", "name": "tempest-network-smoke--47392600"}}
    Response - Headers: {'status': '201', 'content-length': '327', 'connection': 'close', 'date': 'Tue, 08 Dec 2015 17:08:27 GMT', 'content-type': 'application/json; charset=UTF-8', 'x-openstack-request-id': 'req-60c9e457-4b88-4859-ab68-df49f77336cd'}
        Body: {"network": {"status": "ACTIVE", "subnets": [], "availability_zone_hints": "[]", "name": "tempest-network-smoke--47392600", "admin_state_up": true, "tenant_id": "550d929a63004136ac41aacf5590bb4b", "mtu": 0, "router:external": false, "shared": false, "port_security_enabled": true, "id": "7d37c861-ba63-41a7-8dfd-5166b606c2d4"}}
2015-12-08 17:08:27,850 20935 INFO     [tempest_lib.common.rest_client] Request (TestNetworkBasicOps:test_connectivity_between_vms_on_different_networks): 201 POST http://10.0.2.15:9696/v2.0/routers 0.082s
2015-12-08 17:08:27,850 20935 DEBUG    [tempest_lib.common.rest_client] Request - Headers: {'Content-Type': 'application/json', 'Accept': 'application/json', 'X-Auth-Token': '&lt;omitted&gt;'}
        Body: {"router": {"tenant_id": "550d929a63004136ac41aacf5590bb4b", "name": "tempest-router-smoke-799750250", "admin_state_up": true}}
    Response - Headers: {'status': '201', 'content-length': '295', 'connection': 'close', 'date': 'Tue, 08 Dec 2015 17:08:27 GMT', 'content-type': 'application/json; charset=UTF-8', 'x-openstack-request-id': 'req-13781f50-acc6-4a66-ba57-7b182765a787'}
        Body: {"router": {"status": "ACTIVE", "external_gateway_info": null, "availability_zone_hints": [], "availability_zones": [], "name": "tempest-router-smoke-799750250", "admin_state_up": true, "tenant_id": "550d929a63004136ac41aacf5590bb4b", "routes": [], "id": "7369caa2-cabe-4f7e-9ee2-935435a27ad6"}}
2015-12-08 17:08:27,904 20935 INFO     [tempest_lib.common.rest_client] Request (TestNetworkBasicOps:test_connectivity_between_vms_on_different_networks): 200 GET http://10.0.2.15:9696/v2.0/routers/7369caa2-cabe-4f7e-9ee2-935435a27ad6 0.051s
2015-12-08 17:08:27,904 20935 DEBUG    [tempest_lib.common.rest_client] Request - Headers: {'Content-Type': 'application/json', 'Accept': 'application/json', 'X-Auth-Token': '&lt;omitted&gt;'}
        Body: None
    Response - Headers: {'status': '200', 'content-length': '295', 'content-location': 'http://10.0.2.15:9696/v2.0/routers/7369caa2-cabe-4f7e-9ee2-935435a27ad6', 'connection': 'close', 'date': 'Tue, 08 Dec 2015 17:08:27 GMT', 'content-type': 'application/json; charset=UTF-8', 'x-openstack-request-id': 'req-7ed207d0-a289-4f60-9c49-6e7e2799b44c'}
        Body: {"router": {"status": "ACTIVE", "external_gateway_info": null, "availability_zone_hints": [], "availability_zones": [], "name": "tempest-router-smoke-799750250", "admin_state_up": true, "tenant_id": "550d929a63004136ac41aacf5590bb4b", "routes": [], "id": "7369caa2-cabe-4f7e-9ee2-935435a27ad6"}}
2015-12-08 17:08:28,595 20935 INFO     [tempest_lib.common.rest_client] Request (TestNetworkBasicOps:test_connectivity_between_vms_on_different_networks): 200 PUT http://10.0.2.15:9696/v2.0/routers/7369caa2-cabe-4f7e-9ee2-935435a27ad6 0.690s
2015-12-08 17:08:28,596 20935 DEBUG    [tempest_lib.common.rest_client] Request - Headers: {'Content-Type': 'application/json', 'Accept': 'application/json', 'X-Auth-Token': '&lt;omitted&gt;'}
        Body: {"router": {"external_gateway_info": {"network_id": "23869bad-dbef-4fdd-bacf-0113f603d944"}, "name": "tempest-router-smoke-799750250", "admin_state_up": true}}
    Response - Headers: {'status': '200', 'content-length': '557', 'connection': 'close', 'date': 'Tue, 08 Dec 2015 17:08:28 GMT', 'content-type': 'application/json; charset=UTF-8', 'x-openstack-request-id': 'req-5f2a9133-7384-435e-a159-bc5e55c3dfda'}
        Body: {"router": {"status": "ACTIVE", "external_gateway_info": {"network_id": "23869bad-dbef-4fdd-bacf-0113f603d944", "enable_snat": true, "external_fixed_ips": [{"subnet_id": "305ab7c2-f828-4bc2-9aec-6194a54618e4", "ip_address": "172.24.4.3"}, {"subnet_id": "d8ab75e7-6079-44aa-aa83-c1ab1a9c12e5", "ip_address": "2001:db8::4"}]}, "availability_zone_hints": [], "availability_zones": [], "name": "tempest-router-smoke-799750250", "admin_state_up": true, "tenant_id": "550d929a63004136ac41aacf5590bb4b", "routes": [], "id": "7369caa2-cabe-4f7e-9ee2-935435a27ad6"}}
2015-12-08 17:08:28,802 20935 INFO     [tempest_lib.common.rest_client] Request (TestNetworkBasicOps:test_connectivity_between_vms_on_different_networks): 200 GET http://10.0.2.15:9696/v2.0/subnets?tenant_id=550d929a63004136ac41aacf5590bb4b&amp;cidr=10.100.0.0%2F28 0.205s
2015-12-08 17:08:28,802 20935 DEBUG    [tempest_lib.common.rest_client] Request - Headers: {'Content-Type': 'application/json', 'Accept': 'application/json', 'X-Auth-Token': '&lt;omitted&gt;'}
        Body: None
    Response - Headers: {'status': '200', 'content-length': '15', 'content-location': 'http://10.0.2.15:9696/v2.0/subnets?tenant_id=550d929a63004136ac41aacf5590bb4b&amp;cidr=10.100.0.0%2F28', 'connection': 'close', 'date': 'Tue, 08 Dec 2015 17:08:28 GMT', 'content-type': 'application/json; charset=UTF-8', 'x-openstack-request-id': 'req-75d183d7-ea24-4a12-96c7-d344479b822a'}
        Body: {"subnets": []}
2015-12-08 17:08:29,235 20935 INFO     [tempest_lib.common.rest_client] Request (TestNetworkBasicOps:test_connectivity_between_vms_on_different_networks): 201 POST http://10.0.2.15:9696/v2.0/subnets 0.431s
2015-12-08 17:08:29,235 20935 DEBUG    [tempest_lib.common.rest_client] Request - Headers: {'Content-Type': 'application/json', 'Accept': 'application/json', 'X-Auth-Token': '&lt;omitted&gt;'}
        Body: {"subnet": {"ip_version": 4, "tenant_id": "550d929a63004136ac41aacf5590bb4b", "cidr": "10.100.0.0/28", "network_id": "7d37c861-ba63-41a7-8dfd-5166b606c2d4", "name": "tempest-subnet-smoke-1384268514"}}
    Response - Headers: {'status': '201', 'content-length': '478', 'connection': 'close', 'date': 'Tue, 08 Dec 2015 17:08:29 GMT', 'content-type': 'application/json; charset=UTF-8', 'x-openstack-request-id': 'req-8ab7859f-642e-4249-901d-01f60fa6fcb9'}
        Body: {"subnet": {"name": "tempest-subnet-smoke-1384268514", "enable_dhcp": true, "network_id": "7d37c861-ba63-41a7-8dfd-5166b606c2d4", "tenant_id": "550d929a63004136ac41aacf5590bb4b", "dns_nameservers": [], "gateway_ip": "10.100.0.1", "ipv6_ra_mode": null, "allocation_pools": [{"start": "10.100.0.2", "end": "10.100.0.14"}], "host_routes": [], "ip_version": 4, "ipv6_address_mode": null, "cidr": "10.100.0.0/28", "id": "c489e13d-b25c-4f43-a15d-806cde2d660f", "subnetpool_id": null}}
2015-12-08 17:08:29,864 20935 INFO     [tempest_lib.common.rest_client] Request (TestNetworkBasicOps:test_connectivity_between_vms_on_different_networks): 200 PUT http://10.0.2.15:9696/v2.0/routers/7369caa2-cabe-4f7e-9ee2-935435a27ad6/add_router_interface 0.627s
2015-12-08 17:08:29,864 20935 DEBUG    [tempest_lib.common.rest_client] Request - Headers: {'Content-Type': 'application/json', 'Accept': 'application/json', 'X-Auth-Token': '&lt;omitted&gt;'}
        Body: {"subnet_id": "c489e13d-b25c-4f43-a15d-806cde2d660f"}
    Response - Headers: {'status': '200', 'content-length': '255', 'connection': 'close', 'date': 'Tue, 08 Dec 2015 17:08:29 GMT', 'content-type': 'application/json; charset=UTF-8', 'x-openstack-request-id': 'req-956dcc0f-edbf-41a4-9fff-be31272beae5'}
        Body: {"subnet_id": "c489e13d-b25c-4f43-a15d-806cde2d660f", "tenant_id": "550d929a63004136ac41aacf5590bb4b", "subnet_ids": ["c489e13d-b25c-4f43-a15d-806cde2d660f"], "port_id": "e2cd6987-2f3d-473e-8bd0-97bc963d2d99", "id": "7369caa2-cabe-4f7e-9ee2-935435a27ad6"}
2015-12-08 17:08:29,953 20935 INFO     [tempest_lib.common.rest_client] Request (TestNetworkBasicOps:test_connectivity_between_vms_on_different_networks): 200 GET http://10.0.2.15:9696/v2.0/networks 0.088s
2015-12-08 17:08:29,954 20935 DEBUG    [tempest_lib.common.rest_client] Request - Headers: {'Content-Type': 'application/json', 'Accept': 'application/json', 'X-Auth-Token': '&lt;omitted&gt;'}
        Body: None
    Response - Headers: {'status': '200', 'content-length': '1505', 'content-location': 'http://10.0.2.15:9696/v2.0/networks', 'connection': 'close', 'date': 'Tue, 08 Dec 2015 17:08:29 GMT', 'content-type': 'application/json; charset=UTF-8', 'x-openstack-request-id': 'req-c41b5f39-88ee-4ca3-86c3-3e6baf1bc0f7'}
        Body: {"networks": [{"status": "ACTIVE", "subnets": ["a2e91928-28eb-46e5-9c9d-efcdb45f09e1", "08d4313a-2550-4a22-9147-f8e4df1b0532"], "availability_zone_hints": [], "availability_zones": ["nova"], "name": "private", "provider:physical_network": null, "admin_state_up": true, "tenant_id": "31a3ab9318bc40af855f6f549e13e38b", "mtu": 0, "router:external": false, "shared": false, "port_security_enabled": true, "provider:network_type": "vxlan", "id": "75fcde66-023e-4c3e-9951-b704ad0c57bc", "provider:segmentation_id": 1052}, {"status": "ACTIVE", "subnets": ["305ab7c2-f828-4bc2-9aec-6194a54618e4", "d8ab75e7-6079-44aa-aa83-c1ab1a9c12e5"], "availability_zone_hints": [], "availability_zones": ["nova"], "name": "public", "provider:physical_network": null, "admin_state_up": true, "tenant_id": "a5f9d3c5c9794ca8b988f4fdad75dab2", "mtu": 0, "router:external": true, "shared": false, "port_security_enabled": true, "provider:network_type": "vxlan", "id": "23869bad-dbef-4fdd-bacf-0113f603d944", "provider:segmentation_id": 1012}, {"status": "ACTIVE", "subnets": ["c489e13d-b25c-4f43-a15d-806cde2d660f"], "availability_zone_hints": [], "availability_zones": ["nova"], "name": "tempest-network-smoke--47392600", "provider:physical_network": null, "admin_state_up": true, "tenant_id": "550d929a63004136ac41aacf5590bb4b", "mtu": 0, "router:external": false, "shared": false, "port_security_enabled": true, "provider:network_type": "vxlan", "id": "7d37c861-ba63-41a7-8dfd-5166b606c2d4", "provider:segmentation_id": 1006}]}
2015-12-08 17:08:30,079 20935 INFO     [tempest_lib.common.rest_client] Request (TestNetworkBasicOps:test_connectivity_between_vms_on_different_networks): 200 GET http://10.0.2.15:9696/v2.0/subnets 0.124s
2015-12-08 17:08:30,079 20935 DEBUG    [tempest_lib.common.rest_client] Request - Headers: {'Content-Type': 'application/json', 'Accept': 'application/json', 'X-Auth-Token': '&lt;omitted&gt;'}
        Body: None
    Response - Headers: {'status': '200', 'content-length': '2400', 'content-location': 'http://10.0.2.15:9696/v2.0/subnets', 'connection': 'close', 'date': 'Tue, 08 Dec 2015 17:08:30 GMT', 'content-type': 'application/json; charset=UTF-8', 'x-openstack-request-id': 'req-9195453e-cf49-4f74-bf17-864e83d14dfc'}
        Body: {"subnets": [{"name": "ipv6-private-subnet", "enable_dhcp": true, "network_id": "75fcde66-023e-4c3e-9951-b704ad0c57bc", "tenant_id": "31a3ab9318bc40af855f6f549e13e38b", "dns_nameservers": [], "gateway_ip": "fded:ff:4553::1", "ipv6_ra_mode": "slaac", "allocation_pools": [{"start": "fded:ff:4553::2", "end": "fded:ff:4553:0:ffff:ffff:ffff:ffff"}], "host_routes": [], "ip_version": 6, "ipv6_address_mode": "slaac", "cidr": "fded:ff:4553::/64", "id": "a2e91928-28eb-46e5-9c9d-efcdb45f09e1", "subnetpool_id": null}, {"name": "tempest-subnet-smoke-1384268514", "enable_dhcp": true, "network_id": "7d37c861-ba63-41a7-8dfd-5166b606c2d4", "tenant_id": "550d929a63004136ac41aacf5590bb4b", "dns_nameservers": [], "gateway_ip": "10.100.0.1", "ipv6_ra_mode": null, "allocation_pools": [{"start": "10.100.0.2", "end": "10.100.0.14"}], "host_routes": [], "ip_version": 4, "ipv6_address_mode": null, "cidr": "10.100.0.0/28", "id": "c489e13d-b25c-4f43-a15d-806cde2d660f", "subnetpool_id": null}, {"name": "ipv6-public-subnet", "enable_dhcp": false, "network_id": "23869bad-dbef-4fdd-bacf-0113f603d944", "tenant_id": "a5f9d3c5c9794ca8b988f4fdad75dab2", "dns_nameservers": [], "gateway_ip": "2001:db8::2", "ipv6_ra_mode": null, "allocation_pools": [{"start": "2001:db8::3", "end": "2001:db8::ffff:ffff:ffff:ffff"}, {"start": "2001:db8::1", "end": "2001:db8::1"}], "host_routes": [], "ip_version": 6, "ipv6_address_mode": null, "cidr": "2001:db8::/64", "id": "d8ab75e7-6079-44aa-aa83-c1ab1a9c12e5", "subnetpool_id": null}, {"name": "private-subnet", "enable_dhcp": true, "network_id": "75fcde66-023e-4c3e-9951-b704ad0c57bc", "tenant_id": "31a3ab9318bc40af855f6f549e13e38b", "dns_nameservers": [], "gateway_ip": "10.0.0.1", "ipv6_ra_mode": null, "allocation_pools": [{"start": "10.0.0.2", "end": "10.0.0.254"}], "host_routes": [], "ip_version": 4, "ipv6_address_mode": null, "cidr": "10.0.0.0/24", "id": "08d4313a-2550-4a22-9147-f8e4df1b0532", "subnetpool_id": null}, {"name": "public-subnet", "enable_dhcp": false, "network_id": "23869bad-dbef-4fdd-bacf-0113f603d944", "tenant_id": "a5f9d3c5c9794ca8b988f4fdad75dab2", "dns_nameservers": [], "gateway_ip": "172.24.4.1", "ipv6_ra_mode": null, "allocation_pools": [{"start": "172.24.4.2", "end": "172.24.4.254"}], "host_routes": [], "ip_version": 4, "ipv6_address_mode": null, "cidr": "172.24.4.0/24", "id": "305ab7c2-f828-4bc2-9aec-6194a54618e4", "subnetpool_id": null}]}
2015-12-08 17:08:30,140 20935 INFO     [tempest_lib.common.rest_client] Request (TestNetworkBasicOps:test_connectivity_between_vms_on_different_networks): 200 GET http://10.0.2.15:9696/v2.0/routers 0.059s
2015-12-08 17:08:30,140 20935 DEBUG    [tempest_lib.common.rest_client] Request - Headers: {'Content-Type': 'application/json', 'Accept': 'application/json', 'X-Auth-Token': '&lt;omitted&gt;'}
        Body: None
    Response - Headers: {'status': '200', 'content-length': '1166', 'content-location': 'http://10.0.2.15:9696/v2.0/routers', 'connection': 'close', 'date': 'Tue, 08 Dec 2015 17:08:30 GMT', 'content-type': 'application/json; charset=UTF-8', 'x-openstack-request-id': 'req-423f65cd-4693-41b0-ae30-ad877a96164e'}
        Body: {"routers": [{"status": "ACTIVE", "external_gateway_info": {"network_id": "23869bad-dbef-4fdd-bacf-0113f603d944", "enable_snat": true, "external_fixed_ips": [{"subnet_id": "305ab7c2-f828-4bc2-9aec-6194a54618e4", "ip_address": "172.24.4.3"}, {"subnet_id": "d8ab75e7-6079-44aa-aa83-c1ab1a9c12e5", "ip_address": "2001:db8::4"}]}, "availability_zone_hints": [], "availability_zones": ["nova"], "name": "tempest-router-smoke-799750250", "admin_state_up": true, "tenant_id": "550d929a63004136ac41aacf5590bb4b", "distributed": false, "routes": [], "ha": false, "id": "7369caa2-cabe-4f7e-9ee2-935435a27ad6"}, {"status": "ACTIVE", "external_gateway_info": {"network_id": "23869bad-dbef-4fdd-bacf-0113f603d944", "enable_snat": true, "external_fixed_ips": [{"subnet_id": "305ab7c2-f828-4bc2-9aec-6194a54618e4", "ip_address": "172.24.4.2"}, {"subnet_id": "d8ab75e7-6079-44aa-aa83-c1ab1a9c12e5", "ip_address": "2001:db8::3"}]}, "availability_zone_hints": [], "availability_zones": ["nova"], "name": "router1", "admin_state_up": true, "tenant_id": "31a3ab9318bc40af855f6f549e13e38b", "distributed": false, "routes": [], "ha": false, "id": "c8ad4419-d699-43ce-a565-06b13019f98f"}]}
2015-12-08 17:08:30,626 20935 INFO     [tempest_lib.common.rest_client] Request (TestNetworkBasicOps:test_connectivity_between_vms_on_different_networks): 200 POST http://10.0.2.15:8774/v2.1/550d929a63004136ac41aacf5590bb4b/os-keypairs 0.485s
2015-12-08 17:08:30,627 20935 DEBUG    [tempest_lib.common.rest_client] Request - Headers: {'Content-Type': 'application/json', 'Accept': 'application/json', 'X-Auth-Token': '&lt;omitted&gt;'}
        Body: {"keypair": {"name": "tempest-TestNetworkBasicOps-1920203746"}}
    Response - Headers: {'status': '200', 'content-length': '2321', 'x-compute-request-id': 'req-77e7a262-43dc-41f1-bbcf-f873f59906e5', 'vary': 'X-OpenStack-Nova-API-Version', 'connection': 'close', 'x-openstack-nova-api-version': '2.1', 'date': 'Tue, 08 Dec 2015 17:08:30 GMT', 'content-type': 'application/json'}
        Body: {"keypair": {"public_key": "ssh-rsa AAAAB3NzaC1yc2EAAAADAQABAAABAQC6oGjKWSguvqQVQ1ChUQfNibIVjLCgcAaNsAqWr7OdG4sLRFHPvVbLhhQ/CjSe0tMv/w1NzGelHBxSzzAIcFD98Z4gn5+iKb3If7wftxmU+bgY0jWrkIrQ4F9xZWL/6SoEPD/oDYrtUdMe2wsDOpLETi9DsYKPd/JrnD18H7HwLmXwYFDttVjkrX7OI7F/2Z60Q1FgaZtR0FodFulW3fjb07BJ5eJ75ASujlt+YjA/Eq9Ce3dA33kyJzr7YvcXlKXmIeBlpA4HSQRuNf3MRdu4BjiTF790KlF7cwoH5qmnUEckZbhHKSbsX65ZDby+vq+/G+d4bYTNK9sYE7TM8ikb Generated-by-Nova", "private_key": "-----BEGIN RSA PRIVATE KEY-----\nMIIEqQIBAAKCAQEAuqBoylkoLr6kFUNQoVEHzYmyFYywoHAGjbAKlq+znRuLC0RR\nz71Wy4YUPwo0ntLTL/8NTcxnpRwcUs8wCHBQ/fGeIJ+foim9yH+8H7cZlPm4GNI1\nq5CK0OBfcWVi/+kqBDw/6A2K7VHTHtsLAzqSxE4vQ7GCj3fya5w9fB+x8C5l8GBQ\n7bVY5K1+ziOxf9metENRYGmbUdBaHRbpVt3429OwSeXie+QEro5bfmIwPxKvQnt3\nQN95Mic6+2L3F5Sl5iHgZaQOB0kEbjX9zEXbuAY4kxe/dCpRe3MKB+app1BHJGW4\nRykm7F+uWQ28vr6vvxvneG2EzSvbGBO0zPIpGwIDAQABAoIBAQCVY0n+j5ems1vM\n2XF1b9N7J7mxnkjUZFgamswfCs4P+Lg4cJu8Wqdbixwxyg2NBN2gEd2oZPKiK/pQ\nHyEn4CA05m/ZVW0G9brA/96q1HpZ0fsXg00K5Ez6HmDH+IxipVXIxiGxswV+Kn2A\nuX37O6u4D42t9i24gh8/HHXrIcPhqSPM2zjmrqbJBuBnScrVm0fkd1vz1/geRcno\nR/Y0oscqyEHeW0azUjg/kk0yKZTffD/GTOqXh+BEmNqHHYtjfjo+my+jSzSthu5g\nnrQw91fQnu/F/SjegcExOJv2q5PEnCwapQZ3baW4Qvsi1fdvJoRXqCv4fG4iPmhx\ndHclObIBAoIAgQDOB2P5U+8y3wFqLmsgp/+7St0PmCSjNmsdtE3PTa7Ip4kH73CM\nooskdYi9D+u2M17VEt7YNC6l4gmKJW4iTRbjSFcJM36g7xS9TrAhFputuRrixDcx\nV4j+BWmMSR2LLS7rnIDGNkgfSM5wMVngitmCS9a0WH7TC5WNLpE4IoGBwQKCAIEA\n5+RORuvvMO9pZP7FVz5goAL7y3pJ8mV2kYs6hKYyCgQotbYn71G4YzXT6ws2IA4U\nFnM+dEelwkAfuZ6oKlcpT09RAfOIaQznfPDinZCyZMSexvp6vwyXfVXwISDLwwbT\n/2xnuMELDM1k/qYbOZ5EiI6sYd79Fknt2zcnhcXwadsCggCAdxPCbnpah7ZoZOxL\nMmam4aMVPUwb8NEk+9gYGLa3THW4N4PmMwJHFV1xGIS5IWdzagcsER2n0GxiQxv7\nGYwgrGBFHaZLi8xi2j8+gQFGHRQdO+9YTwZewSJzrIcdsjD9K2Qa8XSyHpK/7gw3\n/BWEPVCD2VxEgMnzN9QwTpdy7oECggCAT4uYcmmifkXSAIwIg7npCVqcpxsG3LiD\naL+6zh/4kEkG8fZPUp/UwWuIi1soMOzDZUQZC2g8axr2BwVuqD+H8yXBIws4ItkD\nW2+CPQyStVBhKt5nVrvqB1uAaMzIONlRxY+ZMN4/fR/D4jp2olgxKCrQ5S3J4Whw\nyD7uNsxEgPsCggCBAJy7XQEg3pHYEqd1xFBqiZj6u8SzVdkJmJg/+x3pJR0zcBRP\nyZL70TRQXkhPNA8VEPT/on2Qq5FEHqNXXbJ2Kxig7XrMsjlBDKvtl2spDT5cptkB\ndPkV3ypU1WwfZIp8DHEeozymdfwIbO5udh7npvWCSms7LxMTYB7H45pKyjiP\n-----END RSA PRIVATE KEY-----\n", "user_id": "034a370d85b446f0b24a8e7df09f2cdb", "name": "tempest-TestNetworkBasicOps-1920203746", "fingerprint": "85:f3:28:4f:15:3b:1e:76:ce:fb:20:8b:b7:5a:1a:e0"}}
2015-12-08 17:08:30,730 20935 INFO     [tempest_lib.common.rest_client] Request (TestNetworkBasicOps:test_connectivity_between_vms_on_different_networks): 200 POST http://10.0.2.15:5000/v2.0/tokens
2015-12-08 17:08:30,730 20935 DEBUG    [tempest_lib.common.rest_client] Request - Headers: {'Content-Type': 'application/json', 'Accept': 'application/json'}
        Body: &lt;omitted&gt;
    Response - Headers: {'status': '200', 'content-length': '2530', 'vary': 'X-Auth-Token', 'server': 'Apache/2.4.7 (Ubuntu)', 'connection': 'close', 'date': 'Tue, 08 Dec 2015 17:08:30 GMT', 'content-type': 'application/json', 'x-openstack-request-id': 'req-eae2c4da-8c13-450c-9b3d-daf454a070e2'}
        Body: {"access": {"token": {"issued_at": "2015-12-08T17:08:30.720779", "expires": "2015-12-08T18:08:30Z", "id": "dfb779328f01458fbfbc402f273a489b", "tenant": {"description": "tempest-TestNetworkBasicOps-2079948034-desc", "enabled": true, "id": "550d929a63004136ac41aacf5590bb4b", "name": "tempest-TestNetworkBasicOps-2079948034"}, "audit_ids": ["6IqXFrJlSGKeh41jODNHtA"]}, "serviceCatalog": [{"endpoints": [{"adminURL": "http://10.0.2.15:8774/v2.1/550d929a63004136ac41aacf5590bb4b", "region": "RegionOne", "internalURL": "http://10.0.2.15:8774/v2.1/550d929a63004136ac41aacf5590bb4b", "id": "7b3d529e08f6489eb9aba4ec11d6fc9a", "publicURL": "http://10.0.2.15:8774/v2.1/550d929a63004136ac41aacf5590bb4b"}], "endpoints_links": [], "type": "compute", "name": "nova"}, {"endpoints": [{"adminURL": "http://10.0.2.15:9696/", "region": "RegionOne", "internalURL": "http://10.0.2.15:9696/", "id": "494978cc021046778e76e1e5ccffe94b", "publicURL": "http://10.0.2.15:9696/"}], "endpoints_links": [], "type": "network", "name": "neutron"}, {"endpoints": [{"adminURL": "http://10.0.2.15:9292", "region": "RegionOne", "internalURL": "http://10.0.2.15:9292", "id": "4daee999d246475992ee521aad714094", "publicURL": "http://10.0.2.15:9292"}], "endpoints_links": [], "type": "image", "name": "glance"}, {"endpoints": [{"adminURL": "http://10.0.2.15:8774/v2/550d929a63004136ac41aacf5590bb4b", "region": "RegionOne", "internalURL": "http://10.0.2.15:8774/v2/550d929a63004136ac41aacf5590bb4b", "id": "5c99a6a0dcd84ea4b1960ce6e670a9d5", "publicURL": "http://10.0.2.15:8774/v2/550d929a63004136ac41aacf5590bb4b"}], "endpoints_links": [], "type": "compute_legacy", "name": "nova_legacy"}, {"endpoints": [{"adminURL": "http://10.0.2.15:8773/", "region": "RegionOne", "internalURL": "http://10.0.2.15:8773/", "id": "4bbce2aa80594084a18d29a4bc91f714", "publicURL": "http://10.0.2.15:8773/"}], "endpoints_links": [], "type": "ec2", "name": "ec2"}, {"endpoints": [{"adminURL": "http://10.0.2.15:35357/v2.0", "region": "RegionOne", "internalURL": "http://10.0.2.15:5000/v2.0", "id": "0ce522457f4442619803dea3c7f160b8", "publicURL": "http://10.0.2.15:5000/v2.0"}], "endpoints_links": [], "type": "identity", "name": "keystone"}], "user": {"username": "tempest-TestNetworkBasicOps-1382932666", "roles_links": [], "id": "034a370d85b446f0b24a8e7df09f2cdb", "roles": [{"name": "_member_"}, {"name": "Member"}], "name": "tempest-TestNetworkBasicOps-1382932666"}, "metadata": {"is_admin": 0, "roles": ["9fe2ff9ee4384b1894a90878d3e92bab", "137c01e1c7804f4e92fd6a1513c7098e"]}}}
2015-12-08 17:08:30,734 20935 DEBUG    [tempest.common.fixed_network] (TestNetworkBasicOps:test_connectivity_between_vms_on_different_networks) No valid network provided or created, defaulting to fixed_network_name
2015-12-08 17:08:31,021 20935 INFO     [tempest_lib.common.rest_client] Request (TestNetworkBasicOps:test_connectivity_between_vms_on_different_networks): 200 GET http://10.0.2.15:8774/v2.1/550d929a63004136ac41aacf5590bb4b/os-networks 0.286s
2015-12-08 17:08:31,022 20935 DEBUG    [tempest_lib.common.rest_client] Request - Headers: {'Content-Type': 'application/json', 'Accept': 'application/json', 'X-Auth-Token': '&lt;omitted&gt;'}
        Body: None
    Response - Headers: {'status': '200', 'content-length': '477', 'content-location': 'http://10.0.2.15:8774/v2.1/550d929a63004136ac41aacf5590bb4b/os-networks', 'x-compute-request-id': 'req-5ea4ebab-f802-4ba4-b211-92322f48376e', 'vary': 'X-OpenStack-Nova-API-Version', 'connection': 'close', 'x-openstack-nova-api-version': '2.1', 'date': 'Tue, 08 Dec 2015 17:08:31 GMT', 'content-type': 'application/json'}
        Body: {"networks": [{"cidr_v6": null, "dns2": null, "dns1": null, "gateway": null, "broadcast": null, "netmask": null, "gateway_v6": null, "cidr": null, "label": "public", "id": "23869bad-dbef-4fdd-bacf-0113f603d944", "netmask_v6": null}, {"cidr_v6": null, "dns2": null, "dns1": null, "gateway": null, "broadcast": null, "netmask": null, "gateway_v6": null, "cidr": null, "label": "tempest-network-smoke--47392600", "id": "7d37c861-ba63-41a7-8dfd-5166b606c2d4", "netmask_v6": null}]}
2015-12-08 17:08:31,022 20935 WARNING  [tempest.common.fixed_network] (TestNetworkBasicOps:test_connectivity_between_vms_on_different_networks) Network with name: private not found
2015-12-08 17:08:31,022 20935 INFO     [tempest.common.fixed_network] (TestNetworkBasicOps:test_connectivity_between_vms_on_different_networks) Found network {} available for tenant
2015-12-08 17:08:32,653 20935 INFO     [tempest_lib.common.rest_client] Request (TestNetworkBasicOps:test_connectivity_between_vms_on_different_networks): 202 POST http://10.0.2.15:8774/v2.1/550d929a63004136ac41aacf5590bb4b/servers 1.630s
2015-12-08 17:08:32,654 20935 DEBUG    [tempest_lib.common.rest_client] Request - Headers: {'Content-Type': 'application/json', 'Accept': 'application/json', 'X-Auth-Token': '&lt;omitted&gt;'}
        Body: {"server": {"name": "tempest.common.compute-instance-1582857425", "imageRef": "d4cb82b4-e270-46f5-9699-80bcbf700502", "key_name": "tempest-TestNetworkBasicOps-1920203746", "flavorRef": "42", "networks": [{"uuid": "7d37c861-ba63-41a7-8dfd-5166b606c2d4"}], "security_groups": [{"name": "tempest-secgroup-smoke-1542290888"}]}}
    Response - Headers: {'status': '202', 'content-length': '462', 'x-compute-request-id': 'req-8e7eac10-dc06-41b9-b8fc-e1d66a4e39f2', 'vary': 'X-OpenStack-Nova-API-Version', 'connection': 'close', 'location': 'http://10.0.2.15:8774/v2.1/550d929a63004136ac41aacf5590bb4b/servers/d57de7a8-e4bf-4be1-a20c-b954814ffe23', 'x-openstack-nova-api-version': '2.1', 'date': 'Tue, 08 Dec 2015 17:08:32 GMT', 'content-type': 'application/json'}
        Body: {"server": {"security_groups": [{"name": "tempest-secgroup-smoke-1542290888"}], "OS-DCF:diskConfig": "MANUAL", "id": "d57de7a8-e4bf-4be1-a20c-b954814ffe23", "links": [{"href": "http://10.0.2.15:8774/v2.1/550d929a63004136ac41aacf5590bb4b/servers/d57de7a8-e4bf-4be1-a20c-b954814ffe23", "rel": "self"}, {"href": "http://10.0.2.15:8774/550d929a63004136ac41aacf5590bb4b/servers/d57de7a8-e4bf-4be1-a20c-b954814ffe23", "rel": "bookmark"}], "adminPass": "yLvM9Li9ssbe"}}
2015-12-08 17:08:32,905 20935 INFO     [tempest_lib.common.rest_client] Request (TestNetworkBasicOps:test_connectivity_between_vms_on_different_networks): 200 GET http://10.0.2.15:8774/v2.1/550d929a63004136ac41aacf5590bb4b/servers/d57de7a8-e4bf-4be1-a20c-b954814ffe23 0.246s
2015-12-08 17:08:32,905 20935 DEBUG    [tempest_lib.common.rest_client] Request - Headers: {'Content-Type': 'application/json', 'Accept': 'application/json', 'X-Auth-Token': '&lt;omitted&gt;'}
        Body: None
    Response - Headers: {'status': '200', 'content-length': '1356', 'content-location': 'http://10.0.2.15:8774/v2.1/550d929a63004136ac41aacf5590bb4b/servers/d57de7a8-e4bf-4be1-a20c-b954814ffe23', 'x-compute-request-id': 'req-d61843b1-658f-4385-a6b3-31272f52eeed', 'vary': 'X-OpenStack-Nova-API-Version', 'connection': 'close', 'x-openstack-nova-api-version': '2.1', 'date': 'Tue, 08 Dec 2015 17:08:32 GMT', 'content-type': 'application/json'}
        Body: {"server": {"status": "BUILD", "updated": "2015-12-08T17:08:32Z", "hostId": "", "addresses": {}, "links": [{"href": "http://10.0.2.15:8774/v2.1/550d929a63004136ac41aacf5590bb4b/servers/d57de7a8-e4bf-4be1-a20c-b954814ffe23", "rel": "self"}, {"href": "http://10.0.2.15:8774/550d929a63004136ac41aacf5590bb4b/servers/d57de7a8-e4bf-4be1-a20c-b954814ffe23", "rel": "bookmark"}], "key_name": "tempest-TestNetworkBasicOps-1920203746", "image": {"id": "d4cb82b4-e270-46f5-9699-80bcbf700502", "links": [{"href": "http://10.0.2.15:8774/550d929a63004136ac41aacf5590bb4b/images/d4cb82b4-e270-46f5-9699-80bcbf700502", "rel": "bookmark"}]}, "OS-EXT-STS:task_state": "scheduling", "OS-EXT-STS:vm_state": "building", "OS-SRV-USG:launched_at": null, "flavor": {"id": "42", "links": [{"href": "http://10.0.2.15:8774/550d929a63004136ac41aacf5590bb4b/flavors/42", "rel": "bookmark"}]}, "id": "d57de7a8-e4bf-4be1-a20c-b954814ffe23", "OS-SRV-USG:terminated_at": null, "OS-EXT-AZ:availability_zone": "", "user_id": "034a370d85b446f0b24a8e7df09f2cdb", "name": "tempest.common.compute-instance-1582857425", "created": "2015-12-08T17:08:32Z", "tenant_id": "550d929a63004136ac41aacf5590bb4b", "OS-DCF:diskConfig": "MANUAL", "os-extended-volumes:volumes_attached": [], "accessIPv4": "", "accessIPv6": "", "progress": 0, "OS-EXT-STS:power_state": 0, "config_drive": "", "metadata": {}}}
2015-12-08 17:08:34,342 20935 INFO     [tempest_lib.common.rest_client] Request (TestNetworkBasicOps:test_connectivity_between_vms_on_different_networks): 200 GET http://10.0.2.15:8774/v2.1/550d929a63004136ac41aacf5590bb4b/servers/d57de7a8-e4bf-4be1-a20c-b954814ffe23 0.421s
2015-12-08 17:08:34,342 20935 DEBUG    [tempest_lib.common.rest_client] Request - Headers: {'Content-Type': 'application/json', 'Accept': 'application/json', 'X-Auth-Token': '&lt;omitted&gt;'}
        Body: None
    Response - Headers: {'status': '200', 'content-length': '1482', 'content-location': 'http://10.0.2.15:8774/v2.1/550d929a63004136ac41aacf5590bb4b/servers/d57de7a8-e4bf-4be1-a20c-b954814ffe23', 'x-compute-request-id': 'req-9e18225b-7144-402f-b782-88ed97c6f866', 'vary': 'X-OpenStack-Nova-API-Version', 'connection': 'close', 'x-openstack-nova-api-version': '2.1', 'date': 'Tue, 08 Dec 2015 17:08:34 GMT', 'content-type': 'application/json'}
        Body: {"server": {"status": "BUILD", "updated": "2015-12-08T17:08:33Z", "hostId": "c64e96811338eaa206b3971d625c5b9100e801245bd72de9a1737bd2", "addresses": {}, "links": [{"href": "http://10.0.2.15:8774/v2.1/550d929a63004136ac41aacf5590bb4b/servers/d57de7a8-e4bf-4be1-a20c-b954814ffe23", "rel": "self"}, {"href": "http://10.0.2.15:8774/550d929a63004136ac41aacf5590bb4b/servers/d57de7a8-e4bf-4be1-a20c-b954814ffe23", "rel": "bookmark"}], "key_name": "tempest-TestNetworkBasicOps-1920203746", "image": {"id": "d4cb82b4-e270-46f5-9699-80bcbf700502", "links": [{"href": "http://10.0.2.15:8774/550d929a63004136ac41aacf5590bb4b/images/d4cb82b4-e270-46f5-9699-80bcbf700502", "rel": "bookmark"}]}, "OS-EXT-STS:task_state": "spawning", "OS-EXT-STS:vm_state": "building", "OS-SRV-USG:launched_at": null, "flavor": {"id": "42", "links": [{"href": "http://10.0.2.15:8774/550d929a63004136ac41aacf5590bb4b/flavors/42", "rel": "bookmark"}]}, "id": "d57de7a8-e4bf-4be1-a20c-b954814ffe23", "security_groups": [{"name": "tempest-secgroup-smoke-1542290888"}], "OS-SRV-USG:terminated_at": null, "OS-EXT-AZ:availability_zone": "nova", "user_id": "034a370d85b446f0b24a8e7df09f2cdb", "name": "tempest.common.compute-instance-1582857425", "created": "2015-12-08T17:08:32Z", "tenant_id": "550d929a63004136ac41aacf5590bb4b", "OS-DCF:diskConfig": "MANUAL", "os-extended-volumes:volumes_attached": [], "accessIPv4": "", "accessIPv6": "", "progress": 0, "OS-EXT-STS:power_state": 0, "config_drive": "", "metadata": {}}}
2015-12-08 17:08:34,351 20935 INFO     [tempest.common.waiters] State transition "BUILD/scheduling" ==&gt; "BUILD/spawning" after 2 second wait
2015-12-08 17:08:35,615 20935 INFO     [tempest_lib.common.rest_client] Request (TestNetworkBasicOps:test_connectivity_between_vms_on_different_networks): 200 GET http://10.0.2.15:8774/v2.1/550d929a63004136ac41aacf5590bb4b/servers/d57de7a8-e4bf-4be1-a20c-b954814ffe23 0.262s
2015-12-08 17:08:35,616 20935 DEBUG    [tempest_lib.common.rest_client] Request - Headers: {'Content-Type': 'application/json', 'Accept': 'application/json', 'X-Auth-Token': '&lt;omitted&gt;'}
        Body: None
    Response - Headers: {'status': '200', 'content-length': '1482', 'content-location': 'http://10.0.2.15:8774/v2.1/550d929a63004136ac41aacf5590bb4b/servers/d57de7a8-e4bf-4be1-a20c-b954814ffe23', 'x-compute-request-id': 'req-96a5ad6c-cda8-47ba-a04c-36afe2920cc7', 'vary': 'X-OpenStack-Nova-API-Version', 'connection': 'close', 'x-openstack-nova-api-version': '2.1', 'date': 'Tue, 08 Dec 2015 17:08:35 GMT', 'content-type': 'application/json'}
        Body: {"server": {"status": "BUILD", "updated": "2015-12-08T17:08:33Z", "hostId": "c64e96811338eaa206b3971d625c5b9100e801245bd72de9a1737bd2", "addresses": {}, "links": [{"href": "http://10.0.2.15:8774/v2.1/550d929a63004136ac41aacf5590bb4b/servers/d57de7a8-e4bf-4be1-a20c-b954814ffe23", "rel": "self"}, {"href": "http://10.0.2.15:8774/550d929a63004136ac41aacf5590bb4b/servers/d57de7a8-e4bf-4be1-a20c-b954814ffe23", "rel": "bookmark"}], "key_name": "tempest-TestNetworkBasicOps-1920203746", "image": {"id": "d4cb82b4-e270-46f5-9699-80bcbf700502", "links": [{"href": "http://10.0.2.15:8774/550d929a63004136ac41aacf5590bb4b/images/d4cb82b4-e270-46f5-9699-80bcbf700502", "rel": "bookmark"}]}, "OS-EXT-STS:task_state": "spawning", "OS-EXT-STS:vm_state": "building", "OS-SRV-USG:launched_at": null, "flavor": {"id": "42", "links": [{"href": "http://10.0.2.15:8774/550d929a63004136ac41aacf5590bb4b/flavors/42", "rel": "bookmark"}]}, "id": "d57de7a8-e4bf-4be1-a20c-b954814ffe23", "security_groups": [{"name": "tempest-secgroup-smoke-1542290888"}], "OS-SRV-USG:terminated_at": null, "OS-EXT-AZ:availability_zone": "nova", "user_id": "034a370d85b446f0b24a8e7df09f2cdb", "name": "tempest.common.compute-instance-1582857425", "created": "2015-12-08T17:08:32Z", "tenant_id": "550d929a63004136ac41aacf5590bb4b", "OS-DCF:diskConfig": "MANUAL", "os-extended-volumes:volumes_attached": [], "accessIPv4": "", "accessIPv6": "", "progress": 0, "OS-EXT-STS:power_state": 0, "config_drive": "", "metadata": {}}}
2015-12-08 17:08:36,832 20935 INFO     [tempest_lib.common.rest_client] Request (TestNetworkBasicOps:test_connectivity_between_vms_on_different_networks): 200 GET http://10.0.2.15:8774/v2.1/550d929a63004136ac41aacf5590bb4b/servers/d57de7a8-e4bf-4be1-a20c-b954814ffe23 0.199s
2015-12-08 17:08:36,832 20935 DEBUG    [tempest_lib.common.rest_client] Request - Headers: {'Content-Type': 'application/json', 'Accept': 'application/json', 'X-Auth-Token': '&lt;omitted&gt;'}
        Body: None
    Response - Headers: {'status': '200', 'content-length': '1652', 'content-location': 'http://10.0.2.15:8774/v2.1/550d929a63004136ac41aacf5590bb4b/servers/d57de7a8-e4bf-4be1-a20c-b954814ffe23', 'x-compute-request-id': 'req-4eda8750-a0d8-4901-a394-f108324e0e82', 'vary': 'X-OpenStack-Nova-API-Version', 'connection': 'close', 'x-openstack-nova-api-version': '2.1', 'date': 'Tue, 08 Dec 2015 17:08:36 GMT', 'content-type': 'application/json'}
        Body: {"server": {"status": "ACTIVE", "updated": "2015-12-08T17:08:36Z", "hostId": "c64e96811338eaa206b3971d625c5b9100e801245bd72de9a1737bd2", "addresses": {"tempest-network-smoke--47392600": [{"OS-EXT-IPS-MAC:mac_addr": "fa:16:3e:ac:22:60", "version": 4, "addr": "10.100.0.3", "OS-EXT-IPS:type": "fixed"}]}, "links": [{"href": "http://10.0.2.15:8774/v2.1/550d929a63004136ac41aacf5590bb4b/servers/d57de7a8-e4bf-4be1-a20c-b954814ffe23", "rel": "self"}, {"href": "http://10.0.2.15:8774/550d929a63004136ac41aacf5590bb4b/servers/d57de7a8-e4bf-4be1-a20c-b954814ffe23", "rel": "bookmark"}], "key_name": "tempest-TestNetworkBasicOps-1920203746", "image": {"id": "d4cb82b4-e270-46f5-9699-80bcbf700502", "links": [{"href": "http://10.0.2.15:8774/550d929a63004136ac41aacf5590bb4b/images/d4cb82b4-e270-46f5-9699-80bcbf700502", "rel": "bookmark"}]}, "OS-EXT-STS:task_state": null, "OS-EXT-STS:vm_state": "active", "OS-SRV-USG:launched_at": "2015-12-08T17:08:35.000000", "flavor": {"id": "42", "links": [{"href": "http://10.0.2.15:8774/550d929a63004136ac41aacf5590bb4b/flavors/42", "rel": "bookmark"}]}, "id": "d57de7a8-e4bf-4be1-a20c-b954814ffe23", "security_groups": [{"name": "tempest-secgroup-smoke-1542290888"}], "OS-SRV-USG:terminated_at": null, "OS-EXT-AZ:availability_zone": "nova", "user_id": "034a370d85b446f0b24a8e7df09f2cdb", "name": "tempest.common.compute-instance-1582857425", "created": "2015-12-08T17:08:32Z", "tenant_id": "550d929a63004136ac41aacf5590bb4b", "OS-DCF:diskConfig": "MANUAL", "os-extended-volumes:volumes_attached": [], "accessIPv4": "", "accessIPv6": "", "progress": 0, "OS-EXT-STS:power_state": 1, "config_drive": "True", "metadata": {}}}
2015-12-08 17:08:36,847 20935 INFO     [tempest.common.waiters] State transition "BUILD/spawning" ==&gt; "ACTIVE/None" after 4 second wait
2015-12-08 17:08:37,044 20935 INFO     [tempest_lib.common.rest_client] Request (TestNetworkBasicOps:test_connectivity_between_vms_on_different_networks): 200 GET http://10.0.2.15:8774/v2.1/550d929a63004136ac41aacf5590bb4b/servers/d57de7a8-e4bf-4be1-a20c-b954814ffe23 0.196s
2015-12-08 17:08:37,045 20935 DEBUG    [tempest_lib.common.rest_client] Request - Headers: {'Content-Type': 'application/json', 'Accept': 'application/json', 'X-Auth-Token': '&lt;omitted&gt;'}
        Body: None
    Response - Headers: {'status': '200', 'content-length': '1652', 'content-location': 'http://10.0.2.15:8774/v2.1/550d929a63004136ac41aacf5590bb4b/servers/d57de7a8-e4bf-4be1-a20c-b954814ffe23', 'x-compute-request-id': 'req-82c2327d-07ed-4dc9-ac45-fb7cd75c1df9', 'vary': 'X-OpenStack-Nova-API-Version', 'connection': 'close', 'x-openstack-nova-api-version': '2.1', 'date': 'Tue, 08 Dec 2015 17:08:37 GMT', 'content-type': 'application/json'}
        Body: {"server": {"status": "ACTIVE", "updated": "2015-12-08T17:08:36Z", "hostId": "c64e96811338eaa206b3971d625c5b9100e801245bd72de9a1737bd2", "addresses": {"tempest-network-smoke--47392600": [{"OS-EXT-IPS-MAC:mac_addr": "fa:16:3e:ac:22:60", "version": 4, "addr": "10.100.0.3", "OS-EXT-IPS:type": "fixed"}]}, "links": [{"href": "http://10.0.2.15:8774/v2.1/550d929a63004136ac41aacf5590bb4b/servers/d57de7a8-e4bf-4be1-a20c-b954814ffe23", "rel": "self"}, {"href": "http://10.0.2.15:8774/550d929a63004136ac41aacf5590bb4b/servers/d57de7a8-e4bf-4be1-a20c-b954814ffe23", "rel": "bookmark"}], "key_name": "tempest-TestNetworkBasicOps-1920203746", "image": {"id": "d4cb82b4-e270-46f5-9699-80bcbf700502", "links": [{"href": "http://10.0.2.15:8774/550d929a63004136ac41aacf5590bb4b/images/d4cb82b4-e270-46f5-9699-80bcbf700502", "rel": "bookmark"}]}, "OS-EXT-STS:task_state": null, "OS-EXT-STS:vm_state": "active", "OS-SRV-USG:launched_at": "2015-12-08T17:08:35.000000", "flavor": {"id": "42", "links": [{"href": "http://10.0.2.15:8774/550d929a63004136ac41aacf5590bb4b/flavors/42", "rel": "bookmark"}]}, "id": "d57de7a8-e4bf-4be1-a20c-b954814ffe23", "security_groups": [{"name": "tempest-secgroup-smoke-1542290888"}], "OS-SRV-USG:terminated_at": null, "OS-EXT-AZ:availability_zone": "nova", "user_id": "034a370d85b446f0b24a8e7df09f2cdb", "name": "tempest.common.compute-instance-1582857425", "created": "2015-12-08T17:08:32Z", "tenant_id": "550d929a63004136ac41aacf5590bb4b", "OS-DCF:diskConfig": "MANUAL", "os-extended-volumes:volumes_attached": [], "accessIPv4": "", "accessIPv6": "", "progress": 0, "OS-EXT-STS:power_state": 1, "config_drive": "True", "metadata": {}}}
2015-12-08 17:08:37,054 20935 INFO     [tempest.scenario.manager] Tenant networks not configured to be reachable.
2015-12-08 17:08:37,087 20935 INFO     [tempest_lib.common.rest_client] Request (TestNetworkBasicOps:test_connectivity_between_vms_on_different_networks): 200 GET http://10.0.2.15:9696/v2.0/ports?status=ACTIVE&amp;fixed_ip=None&amp;device_id=d57de7a8-e4bf-4be1-a20c-b954814ffe23 0.031s
2015-12-08 17:08:37,087 20935 DEBUG    [tempest_lib.common.rest_client] Request - Headers: {'Content-Type': 'application/json', 'Accept': 'application/json', 'X-Auth-Token': '&lt;omitted&gt;'}
        Body: None
    Response - Headers: {'status': '200', 'content-length': '895', 'content-location': 'http://10.0.2.15:9696/v2.0/ports?status=ACTIVE&amp;fixed_ip=None&amp;device_id=d57de7a8-e4bf-4be1-a20c-b954814ffe23', 'connection': 'close', 'date': 'Tue, 08 Dec 2015 17:08:37 GMT', 'content-type': 'application/json; charset=UTF-8', 'x-openstack-request-id': 'req-d8ace2c2-eb6c-43ec-99e8-298601a12a38'}
        Body: {"ports": [{"status": "ACTIVE", "binding:host_id": "vagrant-ubuntu-trusty-64", "allowed_address_pairs": [], "extra_dhcp_opts": [], "dns_assignment": [{"hostname": "host-10-100-0-3", "ip_address": "10.100.0.3", "fqdn": "host-10-100-0-3.openstacklocal."}], "device_owner": "compute:None", "port_security_enabled": true, "binding:profile": {}, "fixed_ips": [{"subnet_id": "c489e13d-b25c-4f43-a15d-806cde2d660f", "ip_address": "10.100.0.3"}], "id": "673994ea-8427-446e-8649-617d81fd1c04", "security_groups": ["9db01201-7608-4e6d-97c3-0a7166fd07fc"], "device_id": "d57de7a8-e4bf-4be1-a20c-b954814ffe23", "name": "", "admin_state_up": true, "network_id": "7d37c861-ba63-41a7-8dfd-5166b606c2d4", "dns_name": "", "binding:vif_details": {"port_filter": true}, "binding:vnic_type": "normal", "binding:vif_type": "ovs", "tenant_id": "550d929a63004136ac41aacf5590bb4b", "mac_address": "fa:16:3e:ac:22:60"}]}
2015-12-08 17:08:37,639 20935 INFO     [tempest_lib.common.rest_client] Request (TestNetworkBasicOps:test_connectivity_between_vms_on_different_networks): 201 POST http://10.0.2.15:9696/v2.0/floatingips 0.551s
2015-12-08 17:08:37,639 20935 DEBUG    [tempest_lib.common.rest_client] Request - Headers: {'Content-Type': 'application/json', 'Accept': 'application/json', 'X-Auth-Token': '&lt;omitted&gt;'}
        Body: {"floatingip": {"floating_network_id": "23869bad-dbef-4fdd-bacf-0113f603d944", "tenant_id": "550d929a63004136ac41aacf5590bb4b", "fixed_ip_address": "10.100.0.3", "port_id": "673994ea-8427-446e-8649-617d81fd1c04"}}
    Response - Headers: {'status': '201', 'content-length': '367', 'connection': 'close', 'date': 'Tue, 08 Dec 2015 17:08:37 GMT', 'content-type': 'application/json; charset=UTF-8', 'x-openstack-request-id': 'req-55987622-b6cb-4166-93d2-3dc8f6804014'}
        Body: {"floatingip": {"floating_network_id": "23869bad-dbef-4fdd-bacf-0113f603d944", "router_id": "7369caa2-cabe-4f7e-9ee2-935435a27ad6", "fixed_ip_address": "10.100.0.3", "floating_ip_address": "172.24.4.4", "tenant_id": "550d929a63004136ac41aacf5590bb4b", "status": "DOWN", "port_id": "673994ea-8427-446e-8649-617d81fd1c04", "id": "d2968cf0-0fb1-4c0f-8bc3-070b623d05d1"}}
2015-12-08 17:08:37,653 20935 INFO     [tempest_lib.common.rest_client] Request (TestNetworkBasicOps:test_connectivity_between_vms_on_different_networks): 200 GET http://10.0.2.15:9696/v2.0/floatingips/d2968cf0-0fb1-4c0f-8bc3-070b623d05d1 0.013s
2015-12-08 17:08:37,654 20935 DEBUG    [tempest_lib.common.rest_client] Request - Headers: {'Content-Type': 'application/json', 'Accept': 'application/json', 'X-Auth-Token': '&lt;omitted&gt;'}
        Body: None
    Response - Headers: {'status': '200', 'content-length': '367', 'content-location': 'http://10.0.2.15:9696/v2.0/floatingips/d2968cf0-0fb1-4c0f-8bc3-070b623d05d1', 'connection': 'close', 'date': 'Tue, 08 Dec 2015 17:08:37 GMT', 'content-type': 'application/json; charset=UTF-8', 'x-openstack-request-id': 'req-714aeb18-d72f-4f6d-81dd-0e72db5c2f85'}
        Body: {"floatingip": {"floating_network_id": "23869bad-dbef-4fdd-bacf-0113f603d944", "router_id": "7369caa2-cabe-4f7e-9ee2-935435a27ad6", "fixed_ip_address": "10.100.0.3", "floating_ip_address": "172.24.4.4", "tenant_id": "550d929a63004136ac41aacf5590bb4b", "status": "DOWN", "port_id": "673994ea-8427-446e-8649-617d81fd1c04", "id": "d2968cf0-0fb1-4c0f-8bc3-070b623d05d1"}}
2015-12-08 17:08:38,671 20935 INFO     [tempest_lib.common.rest_client] Request (TestNetworkBasicOps:test_connectivity_between_vms_on_different_networks): 200 GET http://10.0.2.15:9696/v2.0/floatingips/d2968cf0-0fb1-4c0f-8bc3-070b623d05d1 0.015s
2015-12-08 17:08:38,671 20935 DEBUG    [tempest_lib.common.rest_client] Request - Headers: {'Content-Type': 'application/json', 'Accept': 'application/json', 'X-Auth-Token': '&lt;omitted&gt;'}
        Body: None
    Response - Headers: {'status': '200', 'content-length': '367', 'content-location': 'http://10.0.2.15:9696/v2.0/floatingips/d2968cf0-0fb1-4c0f-8bc3-070b623d05d1', 'connection': 'close', 'date': 'Tue, 08 Dec 2015 17:08:38 GMT', 'content-type': 'application/json; charset=UTF-8', 'x-openstack-request-id': 'req-e59bb67d-4edf-4c40-8749-c0f33b37ac9d'}
        Body: {"floatingip": {"floating_network_id": "23869bad-dbef-4fdd-bacf-0113f603d944", "router_id": "7369caa2-cabe-4f7e-9ee2-935435a27ad6", "fixed_ip_address": "10.100.0.3", "floating_ip_address": "172.24.4.4", "tenant_id": "550d929a63004136ac41aacf5590bb4b", "status": "DOWN", "port_id": "673994ea-8427-446e-8649-617d81fd1c04", "id": "d2968cf0-0fb1-4c0f-8bc3-070b623d05d1"}}
2015-12-08 17:08:39,694 20935 INFO     [tempest_lib.common.rest_client] Request (TestNetworkBasicOps:test_connectivity_between_vms_on_different_networks): 200 GET http://10.0.2.15:9696/v2.0/floatingips/d2968cf0-0fb1-4c0f-8bc3-070b623d05d1 0.021s
2015-12-08 17:08:39,694 20935 DEBUG    [tempest_lib.common.rest_client] Request - Headers: {'Content-Type': 'application/json', 'Accept': 'application/json', 'X-Auth-Token': '&lt;omitted&gt;'}
        Body: None
    Response - Headers: {'status': '200', 'content-length': '369', 'content-location': 'http://10.0.2.15:9696/v2.0/floatingips/d2968cf0-0fb1-4c0f-8bc3-070b623d05d1', 'connection': 'close', 'date': 'Tue, 08 Dec 2015 17:08:39 GMT', 'content-type': 'application/json; charset=UTF-8', 'x-openstack-request-id': 'req-f7599c3e-60dd-4329-ac00-4015dbb9b0b6'}
        Body: {"floatingip": {"floating_network_id": "23869bad-dbef-4fdd-bacf-0113f603d944", "router_id": "7369caa2-cabe-4f7e-9ee2-935435a27ad6", "fixed_ip_address": "10.100.0.3", "floating_ip_address": "172.24.4.4", "tenant_id": "550d929a63004136ac41aacf5590bb4b", "status": "ACTIVE", "port_id": "673994ea-8427-446e-8649-617d81fd1c04", "id": "d2968cf0-0fb1-4c0f-8bc3-070b623d05d1"}}
2015-12-08 17:08:39,695 20935 INFO     [tempest.scenario.manager] FloatingIP: &lt;"FloatingIP" addr="172.24.4.4" id="d2968cf0-0fb1-4c0f-8bc3-070b623d05d1"&gt; is at status: ACTIVE
2015-12-08 17:08:39,695 20935 DEBUG    [tempest.scenario.manager] checking network connections to IP 172.24.4.4 with user: cirros
2015-12-08 17:08:39,696 20935 DEBUG    [tempest.scenario.manager] TestNetworkBasicOps:test_connectivity_between_vms_on_different_networks begins to ping 172.24.4.4 in 120 sec and the expected result is reachable
2015-12-08 17:10:40,012 20935 DEBUG    [tempest.scenario.manager] TestNetworkBasicOps:test_connectivity_between_vms_on_different_networks finishes ping 172.24.4.4 in 120 sec and the ping result is unexpected
2015-12-08 17:10:40,013 20935 ERROR    [tempest.scenario.manager] Public network connectivity check failed
2015-12-08 17:10:40.013 20935 ERROR tempest.scenario.manager Traceback (most recent call last):
2015-12-08 17:10:40.013 20935 ERROR tempest.scenario.manager   File "tempest/scenario/manager.py", line 606, in check_public_network_connectivity
2015-12-08 17:10:40.013 20935 ERROR tempest.scenario.manager     should_connect=should_connect)
2015-12-08 17:10:40.013 20935 ERROR tempest.scenario.manager   File "tempest/scenario/manager.py", line 590, in check_vm_connectivity
2015-12-08 17:10:40.013 20935 ERROR tempest.scenario.manager     msg=msg)
2015-12-08 17:10:40.013 20935 ERROR tempest.scenario.manager   File "/usr/local/lib/python2.7/dist-packages/unittest2/case.py", line 702, in assertTrue
2015-12-08 17:10:40.013 20935 ERROR tempest.scenario.manager     raise self.failureException(msg)
2015-12-08 17:10:40.013 20935 ERROR tempest.scenario.manager AssertionError: False is not true : Timed out waiting for 172.24.4.4 to become reachable
2015-12-08 17:10:40.013 20935 ERROR tempest.scenario.manager 
2015-12-08 17:10:40,329 20935 INFO     [tempest_lib.common.rest_client] Request (TestNetworkBasicOps:test_connectivity_between_vms_on_different_networks): 200 POST http://10.0.2.15:8774/v2.1/550d929a63004136ac41aacf5590bb4b/servers/d57de7a8-e4bf-4be1-a20c-b954814ffe23/action 0.312s
2015-12-08 17:10:40,329 20935 DEBUG    [tempest_lib.common.rest_client] Request - Headers: {'Content-Type': 'application/json', 'Accept': 'application/json', 'X-Auth-Token': '&lt;omitted&gt;'}
        Body: {"os-getConsoleOutput": {}}
    Response - Headers: {'status': '200', 'content-length': '17470', 'x-compute-request-id': 'req-68040408-5e46-4ec8-af73-1c2dd6cff58f', 'vary': 'X-OpenStack-Nova-API-Version', 'connection': 'close', 'x-openstack-nova-api-version': '2.1', 'date': 'Tue, 08 Dec 2015 17:10:40 GMT', 'content-type': 'application/json'}
        Body: {"output": "[    0.000000] Initializing cgroup subsys cpuset\n[    0.000000] Initializing cgroup subsys cpu\n[    0.000000] Linux version 3.2.0-80-virtual (buildd@batsu) (gcc version 4.6.3 (Ubuntu/Linaro 4.6.3-1ubuntu5) ) #116-Ubuntu SMP Mon Mar 23 17:28:52 UTC 2015 (Ubuntu 3.2.0-80.116-virtual 3.2.68)\n[    0.000000] Command line: root=/dev/vda console=tty0 console=ttyS0 no_timer_check\n[    0.000000] KERNEL supported cpus:\n[    0.000000]   Intel GenuineIntel\n[    0.000000]   AMD AuthenticAMD\n[    0.000000]   Centaur CentaurHauls\n[    0.000000] BIOS-provided physical RAM map:\n[    0.000000]  BIOS-e820: 0000000000000000 - 000000000009fc00 (usable)\n[    0.000000]  BIOS-e820: 000000000009fc00 - 00000000000a0000 (reserved)\n[    0.000000]  BIOS-e820: 00000000000f0000 - 0000000000100000 (reserved)\n[    0.000000]  BIOS-e820: 0000000000100000 - 0000000003ffe000 (usable)\n[    0.000000]  BIOS-e820: 0000000003ffe000 - 0000000004000000 (reserved)\n[    0.000000]  BIOS-e820: 00000000fffc0000 - 0000000100000000 (reserved)\n[    0.000000] NX (Execute Disable) protection: active\n[    0.000000] SMBIOS 2.4 present.\n[    0.000000] No AGP bridge found\n[    0.000000] last_pfn = 0x3ffe max_arch_pfn = 0x400000000\n[    0.000000] x86 PAT enabled: cpu 0, old 0x7040600070406, new 0x7010600070106\n[    0.000000] found SMP MP-table at [ffff8800000f0b00] f0b00\n[    0.000000] init_memory_mapping: 0000000000000000-0000000003ffe000\n[    0.000000] RAMDISK: 03c5e000 - 03ff0000\n[    0.000000] ACPI: RSDP 00000000000f0950 00014 (v00 BOCHS )\n[    0.000000] ACPI: RSDT 0000000003fffbc1 00034 (v01 BOCHS  BXPCRSDT 00000001 BXPC 00000001)\n[    0.000000] ACPI: FACP 0000000003fff1c0 00074 (v01 BOCHS  BXPCFACP 00000001 BXPC 00000001)\n[    0.000000] ACPI: DSDT 0000000003ffe040 01180 (v01 BOCHS  BXPCDSDT 00000001 BXPC 00000001)\n[    0.000000] ACPI: FACS 0000000003ffe000 00040\n[    0.000000] ACPI: SSDT 0000000003fff234 008DD (v01 BOCHS  BXPCSSDT 00000001 BXPC 00000001)\n[    0.000000] ACPI: APIC 0000000003fffb11 00078 (v01 BOCHS  BXPCAPIC 00000001 BXPC 00000001)\n[    0.000000] ACPI: HPET 0000000003fffb89 00038 (v01 BOCHS  BXPCHPET 00000001 BXPC 00000001)\n[    0.000000] No NUMA configuration found\n[    0.000000] Faking a node at 0000000000000000-0000000003ffe000\n[    0.000000] Initmem setup node 0 0000000000000000-0000000003ffe000\n[    0.000000]   NODE_DATA [0000000003ff6000 - 0000000003ffafff]\n[    0.000000] Zone PFN ranges:\n[    0.000000]   DMA      0x00000010 -&gt; 0x00001000\n[    0.000000]   DMA32    0x00001000 -&gt; 0x00100000\n[    0.000000]   Normal   empty\n[    0.000000] Movable zone start PFN for each node\n[    0.000000] early_node_map[2] active PFN ranges\n[    0.000000]     0: 0x00000010 -&gt; 0x0000009f\n[    0.000000]     0: 0x00000100 -&gt; 0x00003ffe\n[    0.000000] ACPI: PM-Timer IO Port: 0xb008\n[    0.000000] ACPI: LAPIC (acpi_id[0x00] lapic_id[0x00] enabled)\n[    0.000000] ACPI: LAPIC_NMI (acpi_id[0xff] dfl dfl lint[0x1])\n[    0.000000] ACPI: IOAPIC (id[0x00] address[0xfec00000] gsi_base[0])\n[    0.000000] IOAPIC[0]: apic_id 0, version 17, address 0xfec00000, GSI 0-23\n[    0.000000] ACPI: INT_SRC_OVR (bus 0 bus_irq 0 global_irq 2 dfl dfl)\n[    0.000000] ACPI: INT_SRC_OVR (bus 0 bus_irq 5 global_irq 5 high level)\n[    0.000000] ACPI: INT_SRC_OVR (bus 0 bus_irq 9 global_irq 9 high level)\n[    0.000000] ACPI: INT_SRC_OVR (bus 0 bus_irq 10 global_irq 10 high level)\n[    0.000000] ACPI: INT_SRC_OVR (bus 0 bus_irq 11 global_irq 11 high level)\n[    0.000000] Using ACPI (MADT) for SMP configuration information\n[    0.000000] ACPI: HPET id: 0x8086a201 base: 0xfed00000\n[    0.000000] SMP: Allowing 1 CPUs, 0 hotplug CPUs\n[    0.000000] PM: Registered nosave memory: 000000000009f000 - 00000000000a0000\n[    0.000000] PM: Registered nosave memory: 00000000000a0000 - 00000000000f0000\n[    0.000000] PM: Registered nosave memory: 00000000000f0000 - 0000000000100000\n[    0.000000] Allocating PCI resources starting at 4000000 (gap: 4000000:fbfc0000)\n[    0.000000] Booting paravirtualized kernel on bare hardware\n[    0.000000] setup_pe
2015-12-08 17:10:40,333 20935 DEBUG    [tempest.scenario.manager] Console output for d57de7a8-e4bf-4be1-a20c-b954814ffe23
body=
[    0.000000] Initializing cgroup subsys cpuset
[    0.000000] Initializing cgroup subsys cpu
[    0.000000] Linux version 3.2.0-80-virtual (buildd@batsu) (gcc version 4.6.3 (Ubuntu/Linaro 4.6.3-1ubuntu5) ) #116-Ubuntu SMP Mon Mar 23 17:28:52 UTC 2015 (Ubuntu 3.2.0-80.116-virtual 3.2.68)
[    0.000000] Command line: root=/dev/vda console=tty0 console=ttyS0 no_timer_check
[    0.000000] KERNEL supported cpus:
[    0.000000]   Intel GenuineIntel
[    0.000000]   AMD AuthenticAMD
[    0.000000]   Centaur CentaurHauls
[    0.000000] BIOS-provided physical RAM map:
[    0.000000]  BIOS-e820: 0000000000000000 - 000000000009fc00 (usable)
[    0.000000]  BIOS-e820: 000000000009fc00 - 00000000000a0000 (reserved)
[    0.000000]  BIOS-e820: 00000000000f0000 - 0000000000100000 (reserved)
[    0.000000]  BIOS-e820: 0000000000100000 - 0000000003ffe000 (usable)
[    0.000000]  BIOS-e820: 0000000003ffe000 - 0000000004000000 (reserved)
[    0.000000]  BIOS-e820: 00000000fffc0000 - 0000000100000000 (reserved)
[    0.000000] NX (Execute Disable) protection: active
[    0.000000] SMBIOS 2.4 present.
[    0.000000] No AGP bridge found
[    0.000000] last_pfn = 0x3ffe max_arch_pfn = 0x400000000
[    0.000000] x86 PAT enabled: cpu 0, old 0x7040600070406, new 0x7010600070106
[    0.000000] found SMP MP-table at [ffff8800000f0b00] f0b00
[    0.000000] init_memory_mapping: 0000000000000000-0000000003ffe000
[    0.000000] RAMDISK: 03c5e000 - 03ff0000
[    0.000000] ACPI: RSDP 00000000000f0950 00014 (v00 BOCHS )
[    0.000000] ACPI: RSDT 0000000003fffbc1 00034 (v01 BOCHS  BXPCRSDT 00000001 BXPC 00000001)
[    0.000000] ACPI: FACP 0000000003fff1c0 00074 (v01 BOCHS  BXPCFACP 00000001 BXPC 00000001)
[    0.000000] ACPI: DSDT 0000000003ffe040 01180 (v01 BOCHS  BXPCDSDT 00000001 BXPC 00000001)
[    0.000000] ACPI: FACS 0000000003ffe000 00040
[    0.000000] ACPI: SSDT 0000000003fff234 008DD (v01 BOCHS  BXPCSSDT 00000001 BXPC 00000001)
[    0.000000] ACPI: APIC 0000000003fffb11 00078 (v01 BOCHS  BXPCAPIC 00000001 BXPC 00000001)
[    0.000000] ACPI: HPET 0000000003fffb89 00038 (v01 BOCHS  BXPCHPET 00000001 BXPC 00000001)
[    0.000000] No NUMA configuration found
[    0.000000] Faking a node at 0000000000000000-0000000003ffe000
[    0.000000] Initmem setup node 0 0000000000000000-0000000003ffe000
[    0.000000]   NODE_DATA [0000000003ff6000 - 0000000003ffafff]
[    0.000000] Zone PFN ranges:
[    0.000000]   DMA      0x00000010 -&gt; 0x00001000
[    0.000000]   DMA32    0x00001000 -&gt; 0x00100000
[    0.000000]   Normal   empty
[    0.000000] Movable zone start PFN for each node
[    0.000000] early_node_map[2] active PFN ranges
[    0.000000]     0: 0x00000010 -&gt; 0x0000009f
[    0.000000]     0: 0x00000100 -&gt; 0x00003ffe
[    0.000000] ACPI: PM-Timer IO Port: 0xb008
[    0.000000] ACPI: LAPIC (acpi_id[0x00] lapic_id[0x00] enabled)
[    0.000000] ACPI: LAPIC_NMI (acpi_id[0xff] dfl dfl lint[0x1])
[    0.000000] ACPI: IOAPIC (id[0x00] address[0xfec00000] gsi_base[0])
[    0.000000] IOAPIC[0]: apic_id 0, version 17, address 0xfec00000, GSI 0-23
[    0.000000] ACPI: INT_SRC_OVR (bus 0 bus_irq 0 global_irq 2 dfl dfl)
[    0.000000] ACPI: INT_SRC_OVR (bus 0 bus_irq 5 global_irq 5 high level)
[    0.000000] ACPI: INT_SRC_OVR (bus 0 bus_irq 9 global_irq 9 high level)
[    0.000000] ACPI: INT_SRC_OVR (bus 0 bus_irq 10 global_irq 10 high level)
[    0.000000] ACPI: INT_SRC_OVR (bus 0 bus_irq 11 global_irq 11 high level)
[    0.000000] Using ACPI (MADT) for SMP configuration information
[    0.000000] ACPI: HPET id: 0x8086a201 base: 0xfed00000
[    0.000000] SMP: Allowing 1 CPUs, 0 hotplug CPUs
[    0.000000] PM: Registered nosave memory: 000000000009f000 - 00000000000a0000
[    0.000000] PM: Registered nosave memory: 00000000000a0000 - 00000000000f0000
[    0.000000] PM: Registered nosave memory: 00000000000f0000 - 0000000000100000
[    0.000000] Allocating PCI resources starting at 4000000 (gap: 4000000:fbfc0000)
[    0.000000] Booting paravirtualized kernel on bare hardware
[    0.000000] setup_percpu: NR_CPUS:64 nr_cpumask_bits:64 nr_cpu_ids:1 nr_node_ids:1
[    0.000000] PERCPU: Embedded 27 pages/cpu @ffff880003a00000 s78848 r8192 d23552 u2097152
[    0.000000] Built 1 zonelists in Node order, mobility grouping on.  Total pages: 16008
[    0.000000] Policy zone: DMA32
[    0.000000] Kernel command line: root=/dev/vda console=tty0 console=ttyS0 no_timer_check
[    0.000000] PID hash table entries: 256 (order: -1, 2048 bytes)
[    0.000000] Checking aperture...
[    0.000000] No AGP bridge found
[    0.000000] Memory: 43492k/65528k available (6576k kernel code, 452k absent, 21584k reserved, 6620k data, 928k init)
[    0.000000] SLUB: Genslabs=15, HWalign=64, Order=0-3, MinObjects=0, CPUs=1, Nodes=1
[    0.000000] Hierarchical RCU implementation.
[    0.000000] 	RCU dyntick-idle grace-period acceleration is enabled.
[    0.000000] NR_IRQS:4352 nr_irqs:256 16
[    0.000000] Console: colour VGA+ 80x25
[    0.000000] console [tty0] enabled
[    0.000000] console [ttyS0] enabled
[    0.000000] allocated 1048576 bytes of page_cgroup
[    0.000000] please try 'cgroup_disable=memory' option if you don't want memory cgroups
[    0.000000] Fast TSC calibration failed
[    0.000000] TSC: Unable to calibrate against PIT
[    0.000000] TSC: using HPET reference calibration
[    0.000000] Detected 2292.837 MHz processor.
[    0.034109] Calibrating delay loop (skipped), value calculated using timer frequency.. 4585.67 BogoMIPS (lpj=9171348)
[    0.036824] pid_max: default: 32768 minimum: 301
[    0.045498] Security Framework initialized
[    0.049820] AppArmor: AppArmor initialized
[    0.050470] Yama: becoming mindful.
[    0.057106] Dentry cache hash table entries: 8192 (order: 4, 65536 bytes)
[    0.059191] Inode-cache hash table entries: 4096 (order: 3, 32768 bytes)
[    0.061220] Mount-cache hash table entries: 256
[    0.084866] Initializing cgroup subsys cpuacct
[    0.085930] Initializing cgroup subsys memory
[    0.089187] Initializing cgroup subsys devices
[    0.090088] Initializing cgroup subsys freezer
[    0.090926] Initializing cgroup subsys blkio
[    0.092220] Initializing cgroup subsys perf_event
[    0.097197] mce: CPU supports 10 MCE banks
[    0.101394] SMP alternatives: switching to UP code
[    0.589270] Freeing SMP alternatives: 24k freed
[    0.590554] ACPI: Core revision 20110623
[    0.636039] ftrace: allocating 26610 entries in 105 pages
[    0.664040] ..TIMER: vector=0x30 apic1=0 pin1=2 apic2=-1 pin2=-1
[    0.664139] CPU0: AMD QEMU Virtual CPU version 2.0.0 stepping 03
[    0.668041] Performance Events: Broken PMU hardware detected, using software events only.
[    0.676460] NMI watchdog disabled (cpu0): hardware events not enabled
[    0.681381] Brought up 1 CPUs
[    0.682443] Total of 1 processors activated (4585.67 BogoMIPS).
[    0.709805] devtmpfs: initialized
[    0.742480] EVM: security.selinux
[    0.743907] EVM: security.SMACK64
[    0.744090] EVM: security.capability
[    0.767062] print_constraints: dummy: 
[    0.769202] RTC time: 17:08:39, date: 12/08/15
[    0.772787] NET: Registered protocol family 16
[    0.781411] ACPI: bus type pci registered
[    0.785351] PCI: Using configuration type 1 for base access
[    0.816597] bio: create slab &lt;bio-0&gt; at 0
[    0.821113] ACPI: Added _OSI(Module Device)
[    0.822185] ACPI: Added _OSI(Processor Device)
[    0.822816] ACPI: Added _OSI(3.0 _SCP Extensions)
[    0.824108] ACPI: Added _OSI(Processor Aggregator Device)
[    0.902209] ACPI: Interpreter enabled
[    0.902771] ACPI: (supports S0 S3 S4 S5)
[    0.905367] ACPI: Using IOAPIC for interrupt routing
[    1.000964] ACPI: No dock devices found.
[    1.001561] HEST: Table not found.
[    1.002282] PCI: Using host bridge windows from ACPI; if necessary, use "pci=nocrs" and report a bug
[    1.010844] ACPI: PCI Root Bridge [PCI0] (domain 0000 [bus 00-ff])
[    1.018609] pci_root PNP0A03:00: host bridge window [io  0x0000-0x0cf7]
[    1.020167] pci_root PNP0A03:00: host bridge window [io  0x0d00-0xadff]
[    1.021100] pci_root PNP0A03:00: host bridge window [io  0xae0f-0xaeff]
[    1.022102] pci_root PNP0A03:00: host bridge window [io  0xaf20-0xafdf]
[    1.024117] pci_root PNP0A03:00: host bridge window [io  0xafe4-0xffff]
[    1.025453] pci_root PNP0A03:00: host bridge window [mem 0x000a0000-0x000bffff]
[    1.026816] pci_root PNP0A03:00: host bridge window [mem 0x04000000-0xfebfffff]
[    1.054527] pci 0000:00:01.3: quirk: [io  0xb000-0xb03f] claimed by PIIX4 ACPI
[    1.056188] pci 0000:00:01.3: quirk: [io  0xb100-0xb10f] claimed by PIIX4 SMB
[    1.125659]  pci0000:00: Unable to request _OSC control (_OSC support mask: 0x1e)
[    1.185116] ACPI: PCI Interrupt Link [LNKA] (IRQs 5 *10 11)
[    1.186921] ACPI: PCI Interrupt Link [LNKB] (IRQs 5 *10 11)
[    1.189229] ACPI: PCI Interrupt Link [LNKC] (IRQs 5 10 *11)
[    1.191113] ACPI: PCI Interrupt Link [LNKD] (IRQs 5 10 *11)
[    1.192926] ACPI: PCI Interrupt Link [LNKS] (IRQs *9)
[    1.200012] vgaarb: device added: PCI:0000:00:02.0,decodes=io+mem,owns=io+mem,locks=none
[    1.200193] vgaarb: loaded
[    1.200548] vgaarb: bridge control possible 0000:00:02.0
[    1.205617] i2c-core: driver [aat2870] using legacy suspend method
[    1.206521] i2c-core: driver [aat2870] using legacy resume method
[    1.209779] SCSI subsystem initialized
[    1.213421] usbcore: registered new interface driver usbfs
[    1.214774] usbcore: registered new interface driver hub
[    1.216723] usbcore: registered new device driver usb
[    1.221244] PCI: Using ACPI for IRQ routing
[    1.233328] NetLabel: Initializing
[    1.233789] NetLabel:  domain hash size = 128
[    1.234278] NetLabel:  protocols = UNLABELED CIPSOv4
[    1.236837] NetLabel:  unlabeled traffic allowed by default
[    1.238709] HPET: 3 timers in total, 0 timers will be used for per-cpu timer
[    1.240414] hpet0: at MMIO 0xfed00000, IRQs 2, 8, 0
[    1.241194] hpet0: 3 comparators, 64-bit 100.000000 MHz counter
[    1.253173] Switching to clocksource hpet
[    1.493361] AppArmor: AppArmor Filesystem Enabled
[    1.494771] pnp: PnP ACPI init
[    1.495100] ACPI: bus type pnp registered
[    1.519464] pnp: PnP ACPI: found 9 devices
[    1.521823] ACPI: ACPI bus type pnp unregistered
[    1.587708] NET: Registered protocol family 2
[    1.622908] IP route cache hash table entries: 512 (order: 0, 4096 bytes)
[    1.635451] TCP established hash table entries: 2048 (order: 3, 32768 bytes)
[    1.638776] TCP bind hash table entries: 2048 (order: 3, 32768 bytes)
[    1.640183] TCP: Hash tables configured (established 2048 bind 2048)
[    1.642421] TCP reno registered
[    1.643119] UDP hash table entries: 128 (order: 0, 4096 bytes)
[    1.644061] UDP-Lite hash table entries: 128 (order: 0, 4096 bytes)
[    1.649610] NET: Registered protocol family 1
[    1.650918] pci 0000:00:00.0: Limiting direct PCI/PCI transfers
[    1.651843] pci 0000:00:01.0: PIIX3: Enabling Passive Release
[    1.654539] pci 0000:00:01.0: Activating ISA DMA hang workarounds
[    1.661624] ACPI: PCI Interrupt Link [LNKD] enabled at IRQ 11
[    1.662777] pci 0000:00:01.2: PCI INT D -&gt; Link[LNKD] -&gt; GSI 11 (level, high) -&gt; IRQ 11
[    1.665983] pci 0000:00:01.2: PCI INT D disabled
[    1.686285] Trying to unpack rootfs image as initramfs...
[    1.710351] audit: initializing netlink socket (disabled)
[    1.714690] type=2000 audit(1449594519.708:1): initialized
[    2.043770] HugeTLB registered 2 MB page size, pre-allocated 0 pages
[    2.119117] VFS: Disk quotas dquot_6.5.2
[    2.121218] Dquot-cache hash table entries: 512 (order 0, 4096 bytes)
[    2.135933] fuse init (API version 7.17)
[    2.148349] msgmni has been set to 84
[    2.199762] Block layer SCSI generic (bsg) driver version 0.4 loaded (major 253)
[    2.210147] io scheduler noop registered
[    2.210898] io scheduler deadline registered (default)
[    2.212007] io scheduler cfq registered
[    2.215799] pci_hotplug: PCI Hot Plug PCI Core version: 0.5
[    2.219900] pciehp: PCI Express Hot Plug Controller Driver version: 0.4
[    2.226859] input: Power Button as /devices/LNXSYSTM:00/LNXPWRBN:00/input/input0
[    2.229775] ACPI: Power Button [PWRF]
[    2.286198] ERST: Table is not found!
[    2.286744] GHES: HEST is not enabled!
[    2.299438] ACPI: PCI Interrupt Link [LNKC] enabled at IRQ 10
[    2.302568] virtio-pci 0000:00:03.0: PCI INT A -&gt; Link[LNKC] -&gt; GSI 10 (level, high) -&gt; IRQ 10
[    2.307847] virtio-pci 0000:00:04.0: PCI INT A -&gt; Link[LNKD] -&gt; GSI 11 (level, high) -&gt; IRQ 11
[    2.326673] ACPI: PCI Interrupt Link [LNKA] enabled at IRQ 10
[    2.327383] virtio-pci 0000:00:05.0: PCI INT A -&gt; Link[LNKA] -&gt; GSI 10 (level, high) -&gt; IRQ 10
[    2.342721] Serial: 8250/16550 driver, 32 ports, IRQ sharing enabled
[    2.389277] serial8250: ttyS0 at I/O 0x3f8 (irq = 4) is a 16550A
[    2.481606] serial8250: ttyS1 at I/O 0x2f8 (irq = 3) is a 16550A
[    2.614704] 00:05: ttyS0 at I/O 0x3f8 (irq = 4) is a 16550A
[    2.700848] 00:06: ttyS1 at I/O 0x2f8 (irq = 3) is a 16550A
[    2.701921] Refined TSC clocksource calibration: 2292.822 MHz.
[    2.702618] Switching to clocksource tsc
[    2.747362] Linux agpgart interface v0.103
[    2.814448] brd: module loaded
[    2.848563] loop: module loaded
[    2.930241]  vda: unknown partition table
[    2.982254] scsi0 : ata_piix
[    2.989487] scsi1 : ata_piix
[    2.990810] ata1: PATA max MWDMA2 cmd 0x1f0 ctl 0x3f6 bmdma 0xc0a0 irq 14
[    2.991616] ata2: PATA max MWDMA2 cmd 0x170 ctl 0x376 bmdma 0xc0a8 irq 15
[    3.003490] Fixed MDIO Bus: probed
[    3.005570] tun: Universal TUN/TAP device driver, 1.6
[    3.006284] tun: (C) 1999-2004 Max Krasnyansky &lt;maxk@qualcomm.com&gt;
[    3.030200] PPP generic driver version 2.4.2
[    3.063633] ehci_hcd: USB 2.0 'Enhanced' Host Controller (EHCI) Driver
[    3.066693] ohci_hcd: USB 1.1 'Open' Host Controller (OHCI) Driver
[    3.068372] uhci_hcd: USB Universal Host Controller Interface driver
[    3.074237] uhci_hcd 0000:00:01.2: PCI INT D -&gt; Link[LNKD] -&gt; GSI 11 (level, high) -&gt; IRQ 11
[    3.078576] uhci_hcd 0000:00:01.2: UHCI Host Controller
[    3.105978] uhci_hcd 0000:00:01.2: new USB bus registered, assigned bus number 1
[    3.110026] uhci_hcd 0000:00:01.2: irq 11, io base 0x0000c040
[    3.151814] hub 1-0:1.0: USB hub found
[    3.153553] hub 1-0:1.0: 2 ports detected
[    3.163379] usbcore: registered new interface driver libusual
[    3.166133] i8042: PNP: PS/2 Controller [PNP0303:KBD,PNP0f13:MOU] at 0x60,0x64 irq 1,12
[    3.177008] serio: i8042 KBD port at 0x60,0x64 irq 1
[    3.178816] serio: i8042 AUX port at 0x60,0x64 irq 12
[    3.249166] ata2.01: ATAPI: QEMU DVD-ROM, 2.0.0, max UDMA/100
[    3.257678] mousedev: PS/2 mouse device common for all mice
[    3.271442] input: AT Translated Set 2 keyboard as /devices/platform/i8042/serio0/input/input1
[    3.276976] ata2.01: configured for MWDMA2
[    3.287614] rtc_cmos 00:01: RTC can wake from S4
[    3.297241] rtc_cmos 00:01: rtc core: registered rtc_cmos as rtc0
[    3.301090] rtc0: alarms up to one day, 114 bytes nvram, hpet irqs
[    3.305208] device-mapper: uevent: version 1.0.3
[    3.347665] device-mapper: ioctl: 4.22.0-ioctl (2011-10-19) initialised: dm-devel@redhat.com
[    3.351847] cpuidle: using governor ladder
[    3.355129] cpuidle: using governor menu
[    3.356018] EFI Variables Facility v0.08 2004-May-17
[    3.365933] TCP cubic registered
[    3.371376] NET: Registered protocol family 10
[    3.402400] NET: Registered protocol family 17
[    3.403661] Registering the dns_resolver key type
[    3.415980] scsi 1:0:1:0: CD-ROM            QEMU     QEMU DVD-ROM     2.0. PQ: 0 ANSI: 5
[    3.441723] sr0: scsi3-mmc drive: 4x/4x cd/rw xa/form2 tray
[    3.443453] cdrom: Uniform CD-ROM driver Revision: 3.20
[    3.463974] sr 1:0:1:0: Attached scsi generic sg0 type 5
[    3.510699] registered taskstats version 1
[    3.552956] Freeing initrd memory: 3656k freed
[    4.077101]   Magic number: 11:505:137
[    4.090831] block ram2: hash matches
[    4.097367] rtc_cmos 00:01: setting system clock to 2015-12-08 17:08:43 UTC (1449594523)
[    4.100052] powernow-k8: Processor cpuid 663 not supported
[    4.107595] BIOS EDD facility v0.16 2004-Jun-25, 0 devices found
[    4.109515] EDD information not available.
[    4.183380] Freeing unused kernel memory: 928k freed
[    4.189612] Write protecting the kernel read-only data: 12288k
[    4.331680] Freeing unused kernel memory: 1596k freed
[    4.406431] Freeing unused kernel memory: 1184k freed

info: initramfs: up at 4.57
modprobe: module virtio_blk not found in modules.dep
modprobe: module virtio_net not found in modules.dep
info: copying initramfs to /dev/vda
info: initramfs loading root from /dev/vda
info: /etc/init.d/rc.sysinit: up at 9.34
info: container: none
Starting logging: OK
modprobe: module virtio_blk not found in modules.dep
modprobe: module virtio_net not found in modules.dep
WARN: /etc/rc3.d/S10-load-modules failed
Initializing random number generator... done.
Starting acpid: OK
cirros-ds 'local' up at 11.94
found datasource (configdrive, local)
Starting network...
udhcpc (v1.20.1) started
Sending discover...
Sending discover...

2015-12-08 17:10:40,605 20935 INFO     [tempest_lib.common.rest_client] Request (TestNetworkBasicOps:_run_cleanups): 204 DELETE http://10.0.2.15:9696/v2.0/floatingips/d2968cf0-0fb1-4c0f-8bc3-070b623d05d1 0.264s
2015-12-08 17:10:40,605 20935 DEBUG    [tempest_lib.common.rest_client] Request - Headers: {'Content-Type': 'application/json', 'Accept': 'application/json', 'X-Auth-Token': '&lt;omitted&gt;'}
        Body: None
    Response - Headers: {'date': 'Tue, 08 Dec 2015 17:10:40 GMT', 'status': '204', 'connection': 'close', 'content-length': '0', 'x-openstack-request-id': 'req-e3613c1c-2301-4599-aac0-888dd183f026'}
        Body: 
2015-12-08 17:10:40,817 20935 INFO     [tempest_lib.common.rest_client] Request (TestNetworkBasicOps:_run_cleanups): 204 DELETE http://10.0.2.15:8774/v2.1/550d929a63004136ac41aacf5590bb4b/servers/d57de7a8-e4bf-4be1-a20c-b954814ffe23 0.210s
2015-12-08 17:10:40,817 20935 DEBUG    [tempest_lib.common.rest_client] Request - Headers: {'Content-Type': 'application/json', 'Accept': 'application/json', 'X-Auth-Token': '&lt;omitted&gt;'}
        Body: None
    Response - Headers: {'status': '204', 'content-length': '0', 'x-compute-request-id': 'req-026487c0-6134-4f04-b3cc-ee5f947b72a8', 'vary': 'X-OpenStack-Nova-API-Version', 'connection': 'close', 'x-openstack-nova-api-version': '2.1', 'date': 'Tue, 08 Dec 2015 17:10:40 GMT', 'content-type': 'application/json'}
        Body: 
2015-12-08 17:10:41,052 20935 INFO     [tempest_lib.common.rest_client] Request (TestNetworkBasicOps:_run_cleanups): 200 GET http://10.0.2.15:8774/v2.1/550d929a63004136ac41aacf5590bb4b/servers/d57de7a8-e4bf-4be1-a20c-b954814ffe23 0.234s
2015-12-08 17:10:41,053 20935 DEBUG    [tempest_lib.common.rest_client] Request - Headers: {'Content-Type': 'application/json', 'Accept': 'application/json', 'X-Auth-Token': '&lt;omitted&gt;'}
        Body: None
    Response - Headers: {'status': '200', 'content-length': '1775', 'content-location': 'http://10.0.2.15:8774/v2.1/550d929a63004136ac41aacf5590bb4b/servers/d57de7a8-e4bf-4be1-a20c-b954814ffe23', 'x-compute-request-id': 'req-14378c4b-e6de-4b74-a567-854184040ae8', 'vary': 'X-OpenStack-Nova-API-Version', 'connection': 'close', 'x-openstack-nova-api-version': '2.1', 'date': 'Tue, 08 Dec 2015 17:10:41 GMT', 'content-type': 'application/json'}
        Body: {"server": {"status": "ACTIVE", "updated": "2015-12-08T17:10:40Z", "hostId": "c64e96811338eaa206b3971d625c5b9100e801245bd72de9a1737bd2", "addresses": {"tempest-network-smoke--47392600": [{"OS-EXT-IPS-MAC:mac_addr": "fa:16:3e:ac:22:60", "version": 4, "addr": "10.100.0.3", "OS-EXT-IPS:type": "fixed"}, {"OS-EXT-IPS-MAC:mac_addr": "fa:16:3e:ac:22:60", "version": 4, "addr": "172.24.4.4", "OS-EXT-IPS:type": "floating"}]}, "links": [{"href": "http://10.0.2.15:8774/v2.1/550d929a63004136ac41aacf5590bb4b/servers/d57de7a8-e4bf-4be1-a20c-b954814ffe23", "rel": "self"}, {"href": "http://10.0.2.15:8774/550d929a63004136ac41aacf5590bb4b/servers/d57de7a8-e4bf-4be1-a20c-b954814ffe23", "rel": "bookmark"}], "key_name": "tempest-TestNetworkBasicOps-1920203746", "image": {"id": "d4cb82b4-e270-46f5-9699-80bcbf700502", "links": [{"href": "http://10.0.2.15:8774/550d929a63004136ac41aacf5590bb4b/images/d4cb82b4-e270-46f5-9699-80bcbf700502", "rel": "bookmark"}]}, "OS-EXT-STS:task_state": "deleting", "OS-EXT-STS:vm_state": "active", "OS-SRV-USG:launched_at": "2015-12-08T17:08:35.000000", "flavor": {"id": "42", "links": [{"href": "http://10.0.2.15:8774/550d929a63004136ac41aacf5590bb4b/flavors/42", "rel": "bookmark"}]}, "id": "d57de7a8-e4bf-4be1-a20c-b954814ffe23", "security_groups": [{"name": "tempest-secgroup-smoke-1542290888"}], "OS-SRV-USG:terminated_at": null, "OS-EXT-AZ:availability_zone": "nova", "user_id": "034a370d85b446f0b24a8e7df09f2cdb", "name": "tempest.common.compute-instance-1582857425", "created": "2015-12-08T17:08:32Z", "tenant_id": "550d929a63004136ac41aacf5590bb4b", "OS-DCF:diskConfig": "MANUAL", "os-extended-volumes:volumes_attached": [], "accessIPv4": "", "accessIPv6": "", "progress": 0, "OS-EXT-STS:power_state": 1, "config_drive": "True", "metadata": {}}}
2015-12-08 17:10:42,212 20935 INFO     [tempest_lib.common.rest_client] Request (TestNetworkBasicOps:_run_cleanups): 200 GET http://10.0.2.15:8774/v2.1/550d929a63004136ac41aacf5590bb4b/servers/d57de7a8-e4bf-4be1-a20c-b954814ffe23 0.140s
2015-12-08 17:10:42,212 20935 DEBUG    [tempest_lib.common.rest_client] Request - Headers: {'Content-Type': 'application/json', 'Accept': 'application/json', 'X-Auth-Token': '&lt;omitted&gt;'}
        Body: None
    Response - Headers: {'status': '200', 'content-length': '1707', 'content-location': 'http://10.0.2.15:8774/v2.1/550d929a63004136ac41aacf5590bb4b/servers/d57de7a8-e4bf-4be1-a20c-b954814ffe23', 'x-compute-request-id': 'req-0bb1a862-c755-46b0-8ef3-74d69526763a', 'vary': 'X-OpenStack-Nova-API-Version', 'connection': 'close', 'x-openstack-nova-api-version': '2.1', 'date': 'Tue, 08 Dec 2015 17:10:42 GMT', 'content-type': 'application/json'}
        Body: {"server": {"status": "ACTIVE", "updated": "2015-12-08T17:10:41Z", "hostId": "c64e96811338eaa206b3971d625c5b9100e801245bd72de9a1737bd2", "addresses": {"tempest-network-smoke--47392600": [{"OS-EXT-IPS-MAC:mac_addr": "fa:16:3e:ac:22:60", "version": 4, "addr": "10.100.0.3", "OS-EXT-IPS:type": "fixed"}, {"OS-EXT-IPS-MAC:mac_addr": "fa:16:3e:ac:22:60", "version": 4, "addr": "172.24.4.4", "OS-EXT-IPS:type": "floating"}]}, "links": [{"href": "http://10.0.2.15:8774/v2.1/550d929a63004136ac41aacf5590bb4b/servers/d57de7a8-e4bf-4be1-a20c-b954814ffe23", "rel": "self"}, {"href": "http://10.0.2.15:8774/550d929a63004136ac41aacf5590bb4b/servers/d57de7a8-e4bf-4be1-a20c-b954814ffe23", "rel": "bookmark"}], "key_name": "tempest-TestNetworkBasicOps-1920203746", "image": {"id": "d4cb82b4-e270-46f5-9699-80bcbf700502", "links": [{"href": "http://10.0.2.15:8774/550d929a63004136ac41aacf5590bb4b/images/d4cb82b4-e270-46f5-9699-80bcbf700502", "rel": "bookmark"}]}, "OS-EXT-STS:task_state": "deleting", "OS-EXT-STS:vm_state": "active", "OS-SRV-USG:launched_at": "2015-12-08T17:08:35.000000", "flavor": {"id": "42", "links": [{"href": "http://10.0.2.15:8774/550d929a63004136ac41aacf5590bb4b/flavors/42", "rel": "bookmark"}]}, "id": "d57de7a8-e4bf-4be1-a20c-b954814ffe23", "OS-SRV-USG:terminated_at": null, "OS-EXT-AZ:availability_zone": "nova", "user_id": "034a370d85b446f0b24a8e7df09f2cdb", "name": "tempest.common.compute-instance-1582857425", "created": "2015-12-08T17:08:32Z", "tenant_id": "550d929a63004136ac41aacf5590bb4b", "OS-DCF:diskConfig": "MANUAL", "os-extended-volumes:volumes_attached": [], "accessIPv4": "", "accessIPv6": "", "progress": 0, "OS-EXT-STS:power_state": 1, "config_drive": "True", "metadata": {}}}
2015-12-08 17:10:43,305 20935 INFO     [tempest_lib.common.rest_client] Request (TestNetworkBasicOps:_run_cleanups): 404 GET http://10.0.2.15:8774/v2.1/550d929a63004136ac41aacf5590bb4b/servers/d57de7a8-e4bf-4be1-a20c-b954814ffe23 0.082s
2015-12-08 17:10:43,305 20935 DEBUG    [tempest_lib.common.rest_client] Request - Headers: {'Content-Type': 'application/json', 'Accept': 'application/json', 'X-Auth-Token': '&lt;omitted&gt;'}
        Body: None
    Response - Headers: {'status': '404', 'content-length': '111', 'x-compute-request-id': 'req-551ad1a3-5967-4ad1-8ea6-34667b89360d', 'vary': 'X-OpenStack-Nova-API-Version', 'connection': 'close', 'x-openstack-nova-api-version': '2.1', 'date': 'Tue, 08 Dec 2015 17:10:43 GMT', 'content-type': 'application/json; charset=UTF-8'}
        Body: {"itemNotFound": {"message": "Instance d57de7a8-e4bf-4be1-a20c-b954814ffe23 could not be found.", "code": 404}}
2015-12-08 17:10:43,326 20935 INFO     [tempest_lib.common.rest_client] Request (TestNetworkBasicOps:_run_cleanups): 202 DELETE http://10.0.2.15:8774/v2.1/550d929a63004136ac41aacf5590bb4b/os-keypairs/tempest-TestNetworkBasicOps-1920203746 0.020s
2015-12-08 17:10:43,327 20935 DEBUG    [tempest_lib.common.rest_client] Request - Headers: {'Content-Type': 'application/json', 'Accept': 'application/json', 'X-Auth-Token': '&lt;omitted&gt;'}
        Body: None
    Response - Headers: {'status': '202', 'content-length': '0', 'x-compute-request-id': 'req-13e80f30-21b2-4aae-96f4-9260096bf18e', 'vary': 'X-OpenStack-Nova-API-Version', 'connection': 'close', 'x-openstack-nova-api-version': '2.1', 'date': 'Tue, 08 Dec 2015 17:10:43 GMT', 'content-type': 'application/json'}
        Body: 
2015-12-08 17:10:43,767 20935 INFO     [tempest_lib.common.rest_client] Request (TestNetworkBasicOps:_run_cleanups): 200 PUT http://10.0.2.15:9696/v2.0/routers/7369caa2-cabe-4f7e-9ee2-935435a27ad6/remove_router_interface 0.439s
2015-12-08 17:10:43,767 20935 DEBUG    [tempest_lib.common.rest_client] Request - Headers: {'Content-Type': 'application/json', 'Accept': 'application/json', 'X-Auth-Token': '&lt;omitted&gt;'}
        Body: {"subnet_id": "c489e13d-b25c-4f43-a15d-806cde2d660f"}
    Response - Headers: {'status': '200', 'content-length': '255', 'connection': 'close', 'date': 'Tue, 08 Dec 2015 17:10:43 GMT', 'content-type': 'application/json; charset=UTF-8', 'x-openstack-request-id': 'req-6ddc8e43-64fb-41bd-b0bd-dd074f79adff'}
        Body: {"subnet_id": "c489e13d-b25c-4f43-a15d-806cde2d660f", "tenant_id": "550d929a63004136ac41aacf5590bb4b", "subnet_ids": ["c489e13d-b25c-4f43-a15d-806cde2d660f"], "port_id": "e2cd6987-2f3d-473e-8bd0-97bc963d2d99", "id": "7369caa2-cabe-4f7e-9ee2-935435a27ad6"}
2015-12-08 17:10:44,257 20935 INFO     [tempest_lib.common.rest_client] Request (TestNetworkBasicOps:_run_cleanups): 204 DELETE http://10.0.2.15:9696/v2.0/subnets/c489e13d-b25c-4f43-a15d-806cde2d660f 0.488s
2015-12-08 17:10:44,257 20935 DEBUG    [tempest_lib.common.rest_client] Request - Headers: {'Content-Type': 'application/json', 'Accept': 'application/json', 'X-Auth-Token': '&lt;omitted&gt;'}
        Body: None
    Response - Headers: {'date': 'Tue, 08 Dec 2015 17:10:44 GMT', 'status': '204', 'connection': 'close', 'content-length': '0', 'x-openstack-request-id': 'req-33d6f899-5e53-432e-b277-e605d6edeade'}
        Body: 
2015-12-08 17:10:44,311 20935 INFO     [tempest_lib.common.rest_client] Request (TestNetworkBasicOps:_run_cleanups): 200 GET http://10.0.2.15:9696/v2.0/routers/7369caa2-cabe-4f7e-9ee2-935435a27ad6 0.053s
2015-12-08 17:10:44,312 20935 DEBUG    [tempest_lib.common.rest_client] Request - Headers: {'Content-Type': 'application/json', 'Accept': 'application/json', 'X-Auth-Token': '&lt;omitted&gt;'}
        Body: None
    Response - Headers: {'status': '200', 'content-length': '563', 'content-location': 'http://10.0.2.15:9696/v2.0/routers/7369caa2-cabe-4f7e-9ee2-935435a27ad6', 'connection': 'close', 'date': 'Tue, 08 Dec 2015 17:10:44 GMT', 'content-type': 'application/json; charset=UTF-8', 'x-openstack-request-id': 'req-d7ec621f-6fe5-436e-9726-035e5e9d42e8'}
        Body: {"router": {"status": "ACTIVE", "external_gateway_info": {"network_id": "23869bad-dbef-4fdd-bacf-0113f603d944", "enable_snat": true, "external_fixed_ips": [{"subnet_id": "305ab7c2-f828-4bc2-9aec-6194a54618e4", "ip_address": "172.24.4.3"}, {"subnet_id": "d8ab75e7-6079-44aa-aa83-c1ab1a9c12e5", "ip_address": "2001:db8::4"}]}, "availability_zone_hints": [], "availability_zones": ["nova"], "name": "tempest-router-smoke-799750250", "admin_state_up": true, "tenant_id": "550d929a63004136ac41aacf5590bb4b", "routes": [], "id": "7369caa2-cabe-4f7e-9ee2-935435a27ad6"}}
2015-12-08 17:10:44,715 20935 INFO     [tempest_lib.common.rest_client] Request (TestNetworkBasicOps:_run_cleanups): 200 PUT http://10.0.2.15:9696/v2.0/routers/7369caa2-cabe-4f7e-9ee2-935435a27ad6 0.402s
2015-12-08 17:10:44,716 20935 DEBUG    [tempest_lib.common.rest_client] Request - Headers: {'Content-Type': 'application/json', 'Accept': 'application/json', 'X-Auth-Token': '&lt;omitted&gt;'}
        Body: {"router": {"external_gateway_info": {}, "name": "tempest-router-smoke-799750250", "admin_state_up": true}}
    Response - Headers: {'status': '200', 'content-length': '301', 'connection': 'close', 'date': 'Tue, 08 Dec 2015 17:10:44 GMT', 'content-type': 'application/json; charset=UTF-8', 'x-openstack-request-id': 'req-681d479a-b991-4579-ae02-5afdc12fb4ce'}
        Body: {"router": {"status": "ACTIVE", "external_gateway_info": null, "availability_zone_hints": [], "availability_zones": ["nova"], "name": "tempest-router-smoke-799750250", "admin_state_up": true, "tenant_id": "550d929a63004136ac41aacf5590bb4b", "routes": [], "id": "7369caa2-cabe-4f7e-9ee2-935435a27ad6"}}
2015-12-08 17:10:44,939 20935 INFO     [tempest_lib.common.rest_client] Request (TestNetworkBasicOps:_run_cleanups): 204 DELETE http://10.0.2.15:9696/v2.0/routers/7369caa2-cabe-4f7e-9ee2-935435a27ad6 0.222s
2015-12-08 17:10:44,940 20935 DEBUG    [tempest_lib.common.rest_client] Request - Headers: {'Content-Type': 'application/json', 'Accept': 'application/json', 'X-Auth-Token': '&lt;omitted&gt;'}
        Body: None
    Response - Headers: {'date': 'Tue, 08 Dec 2015 17:10:44 GMT', 'status': '204', 'connection': 'close', 'content-length': '0', 'x-openstack-request-id': 'req-bfe770ad-4f73-4bcf-a0bf-1461ebc7cde1'}
        Body: 
2015-12-08 17:10:45,168 20935 INFO     [tempest_lib.common.rest_client] Request (TestNetworkBasicOps:_run_cleanups): 204 DELETE http://10.0.2.15:9696/v2.0/networks/7d37c861-ba63-41a7-8dfd-5166b606c2d4 0.227s
2015-12-08 17:10:45,168 20935 DEBUG    [tempest_lib.common.rest_client] Request - Headers: {'Content-Type': 'application/json', 'Accept': 'application/json', 'X-Auth-Token': '&lt;omitted&gt;'}
        Body: None
    Response - Headers: {'date': 'Tue, 08 Dec 2015 17:10:45 GMT', 'status': '204', 'connection': 'close', 'content-length': '0', 'x-openstack-request-id': 'req-9965ab56-a9f4-4b18-a786-14df8dfcc827'}
        Body: 
2015-12-08 17:10:45,232 20935 INFO     [tempest_lib.common.rest_client] Request (TestNetworkBasicOps:_run_cleanups): 204 DELETE http://10.0.2.15:9696/v2.0/security-group-rules/4cc1dee7-5f05-4397-a2ec-b5706c30c219 0.062s
2015-12-08 17:10:45,233 20935 DEBUG    [tempest_lib.common.rest_client] Request - Headers: {'Content-Type': 'application/json', 'Accept': 'application/json', 'X-Auth-Token': '&lt;omitted&gt;'}
        Body: None
    Response - Headers: {'date': 'Tue, 08 Dec 2015 17:10:45 GMT', 'status': '204', 'connection': 'close', 'content-length': '0', 'x-openstack-request-id': 'req-9fd24caf-3a76-453f-86d6-f17c081bf065'}
        Body: 
2015-12-08 17:10:45,287 20935 INFO     [tempest_lib.common.rest_client] Request (TestNetworkBasicOps:_run_cleanups): 204 DELETE http://10.0.2.15:9696/v2.0/security-group-rules/48538fa4-eebc-4111-acfb-32a6a19a2f1b 0.053s
2015-12-08 17:10:45,288 20935 DEBUG    [tempest_lib.common.rest_client] Request - Headers: {'Content-Type': 'application/json', 'Accept': 'application/json', 'X-Auth-Token': '&lt;omitted&gt;'}
        Body: None
    Response - Headers: {'date': 'Tue, 08 Dec 2015 17:10:45 GMT', 'status': '204', 'connection': 'close', 'content-length': '0', 'x-openstack-request-id': 'req-fc090e2f-fcff-4635-82eb-64e1e7ba1e9c'}
        Body: 
2015-12-08 17:10:45,349 20935 INFO     [tempest_lib.common.rest_client] Request (TestNetworkBasicOps:_run_cleanups): 204 DELETE http://10.0.2.15:9696/v2.0/security-group-rules/95f90cce-88f8-4032-ba17-bda85ac9924c 0.060s
