<?xml version="1.0" encoding="UTF-8"?>
<!DOCTYPE html PUBLIC "-//W3C//DTD XHTML 1.0 Strict//EN"
     "http://www.w3.org/TR/xhtml1/DTD/xhtml1-strict.dtd">
<html xmlns="http://www.w3.org/1999/xhtml">
<head>
    <title>Unit Test Report</title>
    <meta name="generator" content="subunit2html 0.1"/>
    <meta http-equiv="Content-Type" content="text/html; charset=UTF-8"/>
    
<style type="text/css" media="screen">
body        { font-family: verdana, arial, helvetica, sans-serif;
    font-size: 80%; }
table       { font-size: 100%; width: 100%;}
pre         { font-size: 80%; }

/* -- heading -------------------------------------------------------------- */
h1 {
        font-size: 16pt;
        color: gray;
}
.heading {
    margin-top: 0ex;
    margin-bottom: 1ex;
}

.heading .attribute {
    margin-top: 1ex;
    margin-bottom: 0;
}

.heading .description {
    margin-top: 4ex;
    margin-bottom: 6ex;
}

/* -- css div popup -------------------------------------------------------- */
a.popup_link {
}

a.popup_link:hover {
    color: red;
}

.popup_window {
    display: none;
    overflow-x: scroll;
    /*border: solid #627173 1px; */
    padding: 10px;
    background-color: #E6E6D6;
    font-family: "Ubuntu Mono", "Lucida Console", "Courier New", monospace;
    text-align: left;
    font-size: 8pt;
}

}
/* -- report --------------------------------------------------------------- */
#show_detail_line {
    margin-top: 3ex;
    margin-bottom: 1ex;
}
#result_table {
    width: 100%;
    border-collapse: collapse;
    border: 1px solid #777;
}
#header_row {
    font-weight: bold;
    color: white;
    background-color: #777;
}
#result_table td {
    border: 1px solid #777;
    padding: 2px;
}
#total_row  { font-weight: bold; }
.passClass  { background-color: #6c6; }
.failClass  { background-color: #c60; }
.errorClass { background-color: #c00; }
.passCase   { color: #6c6; }
.failCase   { color: #c60; font-weight: bold; }
.errorCase  { color: #c00; font-weight: bold; }
.hiddenRow  { display: none; }
.testcase   { margin-left: 2em; }
td.testname {width: 40%}
td.small {width: 40px}

/* -- ending --------------------------------------------------------------- */
#ending {
}

</style>

</head>
<body>
<script language="javascript" type="text/javascript"><!--
output_list = Array();

/* level - 0:Summary; 1:Failed; 2:All */
function showCase(level) {
    trs = document.getElementsByTagName("tr");
    for (var i = 0; i < trs.length; i++) {
        tr = trs[i];
        id = tr.id;
        if (id.substr(0,2) == 'ft') {
            if (level < 1) {
                tr.className = 'hiddenRow';
            }
            else {
                tr.className = '';
            }
        }
        if (id.substr(0,2) == 'pt') {
            if (level > 1) {
                tr.className = '';
            }
            else {
                tr.className = 'hiddenRow';
            }
        }
    }
}


function showClassDetail(cid, count) {
    var id_list = Array(count);
    var toHide = 1;
    for (var i = 0; i < count; i++) {
        tid0 = 't' + cid.substr(1) + '.' + (i+1);
        tid = 'f' + tid0;
        tr = document.getElementById(tid);
        if (!tr) {
            tid = 'p' + tid0;
            tr = document.getElementById(tid);
        }
        id_list[i] = tid;
        if (tr.className) {
            toHide = 0;
        }
    }
    for (var i = 0; i < count; i++) {
        tid = id_list[i];
        if (toHide) {
            document.getElementById('div_'+tid).style.display = 'none'
            document.getElementById(tid).className = 'hiddenRow';
        }
        else {
            document.getElementById(tid).className = '';
        }
    }
}


function showTestDetail(div_id){
    var details_div = document.getElementById(div_id)
    var displayState = details_div.style.display
    // alert(displayState)
    if (displayState != 'block' ) {
        displayState = 'block'
        details_div.style.display = 'block'
    }
    else {
        details_div.style.display = 'none'
    }
}


function html_escape(s) {
    s = s.replace(/&/g,'&amp;');
    s = s.replace(/</g,'&lt;');
    s = s.replace(/>/g,'&gt;');
    return s;
}

/* obsoleted by detail in <div>
function showOutput(id, name) {
    var w = window.open("", //url
                    name,
                    "resizable,scrollbars,status,width=800,height=450");
    d = w.document;
    d.write("<pre>");
    d.write(html_escape(output_list[id]));
    d.write("\n");
    d.write("<a href='javascript:window.close()'>close</a>\n");
    d.write("</pre>\n");
    d.close();
}
*/
--></script>

<div class='heading'>
<h1>Unit Test Report</h1>

<p class='attribute'><strong>Status:</strong> Pass 1 Failure 7 Skip 1</p>

<p class='description'></p>
</div>



<p id='show_detail_line'>Show
<a href='javascript:showCase(0)'>Summary</a>
<a href='javascript:showCase(1)'>Failed</a>
<a href='javascript:showCase(2)'>All</a>
</p>
<table id='result_table'>
<colgroup>
<col align='left' />
<col align='right' />
<col align='right' />
<col align='right' />
<col align='right' />
<col align='right' />
<col align='right' />
<col align='right' />
</colgroup>
<tr id='header_row'>
    <td>Test Group/Test case</td>
    <td>Count</td>
    <td>Pass</td>
    <td>Fail</td>
    <td>Error</td>
    <td>Skip</td>
    <td>View</td>
    <td> </td>
</tr>

<tr class='failClass'>
    <td class="testname">tempest.scenario.test_network_basic_ops.TestNetworkBasicOps</td>
    <td class="small">9</td>
    <td class="small">1</td>
    <td class="small">7</td>
    <td class="small">0</td>
    <td class="small">1</td>
    <td class="small"><a href="javascript:showClassDetail('c1',9)"
>Detail</a></td>
    <td> </td>
</tr>

<tr id='ft1.1' class='none'>
    <td class='failCase'><div class='testcase'>test_connectivity_between_vms_on_different_networks[compute,id-1546850e-fbaa-42f5-8b5f-03d8a6a95f15,network]</div></td>
    <td colspan='7' align='left'>

    <!--css div popup start-->
    <a class="popup_link" onfocus='this.blur();'
    href="javascript:showTestDetail('div_ft1.1')" >
        fail</a>

    <div id='div_ft1.1' class="popup_window">
        <div style='text-align: right; color:red;cursor:pointer'>
        <a onfocus='this.blur();'
onclick="document.getElementById('div_ft1.1').style.display = 'none' " >
           [x]</a>
        </div>
        <pre>
        
ft1.1: tempest.scenario.test_network_basic_ops.TestNetworkBasicOps.test_connectivity_between_vms_on_different_networks[compute,id-1546850e-fbaa-42f5-8b5f-03d8a6a95f15,network]_StringException: Empty attachments:
  stderr
  stdout

pythonlogging:'': {{{
2015-12-07 14:46:39,443 20838 INFO     [tempest_lib.common.rest_client] Request (TestNetworkBasicOps:test_connectivity_between_vms_on_different_networks): 201 POST http://10.0.2.15:9696/v2.0/security-groups 0.345s
2015-12-07 14:46:39,444 20838 DEBUG    [tempest_lib.common.rest_client] Request - Headers: {'Content-Type': 'application/json', 'Accept': 'application/json', 'X-Auth-Token': '&lt;omitted&gt;'}
        Body: {"security_group": {"tenant_id": "05a38f7205d14f75b0bf54a121a0e67d", "description": "tempest-secgroup-smoke-633082041 description", "name": "tempest-secgroup-smoke-633082041"}}
    Response - Headers: {'status': '201', 'content-length': '886', 'connection': 'close', 'date': 'Mon, 07 Dec 2015 14:46:39 GMT', 'content-type': 'application/json; charset=UTF-8', 'x-openstack-request-id': 'req-1442cb43-9d71-40e0-ac36-a9976fd569da'}
        Body: {"security_group": {"tenant_id": "05a38f7205d14f75b0bf54a121a0e67d", "description": "tempest-secgroup-smoke-633082041 description", "id": "8a867be3-1075-4b94-b832-270e10a1db24", "security_group_rules": [{"remote_group_id": null, "direction": "egress", "remote_ip_prefix": null, "protocol": null, "ethertype": "IPv4", "tenant_id": "05a38f7205d14f75b0bf54a121a0e67d", "port_range_max": null, "port_range_min": null, "id": "873506bb-d03a-46c9-930e-38c0a2c81bb6", "security_group_id": "8a867be3-1075-4b94-b832-270e10a1db24"}, {"remote_group_id": null, "direction": "egress", "remote_ip_prefix": null, "protocol": null, "ethertype": "IPv6", "tenant_id": "05a38f7205d14f75b0bf54a121a0e67d", "port_range_max": null, "port_range_min": null, "id": "58f152df-b80a-4ed8-8d7a-59de803ed0ea", "security_group_id": "8a867be3-1075-4b94-b832-270e10a1db24"}], "name": "tempest-secgroup-smoke-633082041"}}
2015-12-07 14:46:39,588 20838 INFO     [tempest_lib.common.rest_client] Request (TestNetworkBasicOps:test_connectivity_between_vms_on_different_networks): 201 POST http://10.0.2.15:9696/v2.0/security-group-rules 0.141s
2015-12-07 14:46:39,588 20838 DEBUG    [tempest_lib.common.rest_client] Request - Headers: {'Content-Type': 'application/json', 'Accept': 'application/json', 'X-Auth-Token': '&lt;omitted&gt;'}
        Body: {"security_group_rule": {"direction": "ingress", "protocol": "tcp", "tenant_id": "05a38f7205d14f75b0bf54a121a0e67d", "port_range_max": 22, "security_group_id": "8a867be3-1075-4b94-b832-270e10a1db24", "port_range_min": 22}}
    Response - Headers: {'status': '201', 'content-length': '340', 'connection': 'close', 'date': 'Mon, 07 Dec 2015 14:46:39 GMT', 'content-type': 'application/json; charset=UTF-8', 'x-openstack-request-id': 'req-e84981ee-0ff3-4a2a-aaf4-86fe6739b907'}
        Body: {"security_group_rule": {"remote_group_id": null, "direction": "ingress", "remote_ip_prefix": null, "protocol": "tcp", "ethertype": "IPv4", "tenant_id": "05a38f7205d14f75b0bf54a121a0e67d", "port_range_max": 22, "port_range_min": 22, "id": "7587c919-c2ca-4c01-b1c0-07e24b9b82c5", "security_group_id": "8a867be3-1075-4b94-b832-270e10a1db24"}}
2015-12-07 14:46:39,712 20838 INFO     [tempest_lib.common.rest_client] Request (TestNetworkBasicOps:test_connectivity_between_vms_on_different_networks): 201 POST http://10.0.2.15:9696/v2.0/security-group-rules 0.123s
2015-12-07 14:46:39,713 20838 DEBUG    [tempest_lib.common.rest_client] Request - Headers: {'Content-Type': 'application/json', 'Accept': 'application/json', 'X-Auth-Token': '&lt;omitted&gt;'}
        Body: {"security_group_rule": {"direction": "egress", "protocol": "tcp", "tenant_id": "05a38f7205d14f75b0bf54a121a0e67d", "port_range_max": 22, "security_group_id": "8a867be3-1075-4b94-b832-270e10a1db24", "port_range_min": 22}}
    Response - Headers: {'status': '201', 'content-length': '339', 'connection': 'close', 'date': 'Mon, 07 Dec 2015 14:46:39 GMT', 'content-type': 'application/json; charset=UTF-8', 'x-openstack-request-id': 'req-903de5a8-963f-4e16-aef5-9701a3fa5a80'}
        Body: {"security_group_rule": {"remote_group_id": null, "direction": "egress", "remote_ip_prefix": null, "protocol": "tcp", "ethertype": "IPv4", "tenant_id": "05a38f7205d14f75b0bf54a121a0e67d", "port_range_max": 22, "port_range_min": 22, "id": "e5498bcc-cb84-463e-8fe3-eef8a7ed481e", "security_group_id": "8a867be3-1075-4b94-b832-270e10a1db24"}}
2015-12-07 14:46:39,834 20838 INFO     [tempest_lib.common.rest_client] Request (TestNetworkBasicOps:test_connectivity_between_vms_on_different_networks): 201 POST http://10.0.2.15:9696/v2.0/security-group-rules 0.119s
2015-12-07 14:46:39,835 20838 DEBUG    [tempest_lib.common.rest_client] Request - Headers: {'Content-Type': 'application/json', 'Accept': 'application/json', 'X-Auth-Token': '&lt;omitted&gt;'}
        Body: {"security_group_rule": {"tenant_id": "05a38f7205d14f75b0bf54a121a0e67d", "direction": "ingress", "protocol": "icmp", "security_group_id": "8a867be3-1075-4b94-b832-270e10a1db24"}}
    Response - Headers: {'status': '201', 'content-length': '345', 'connection': 'close', 'date': 'Mon, 07 Dec 2015 14:46:39 GMT', 'content-type': 'application/json; charset=UTF-8', 'x-openstack-request-id': 'req-908ee43b-17b2-4448-b0a1-bd9ed54033ce'}
        Body: {"security_group_rule": {"remote_group_id": null, "direction": "ingress", "remote_ip_prefix": null, "protocol": "icmp", "ethertype": "IPv4", "tenant_id": "05a38f7205d14f75b0bf54a121a0e67d", "port_range_max": null, "port_range_min": null, "id": "ee0e59c0-edf7-42c0-832f-39de331ef0e7", "security_group_id": "8a867be3-1075-4b94-b832-270e10a1db24"}}
2015-12-07 14:46:39,965 20838 INFO     [tempest_lib.common.rest_client] Request (TestNetworkBasicOps:test_connectivity_between_vms_on_different_networks): 201 POST http://10.0.2.15:9696/v2.0/security-group-rules 0.128s
2015-12-07 14:46:39,965 20838 DEBUG    [tempest_lib.common.rest_client] Request - Headers: {'Content-Type': 'application/json', 'Accept': 'application/json', 'X-Auth-Token': '&lt;omitted&gt;'}
        Body: {"security_group_rule": {"tenant_id": "05a38f7205d14f75b0bf54a121a0e67d", "direction": "egress", "protocol": "icmp", "security_group_id": "8a867be3-1075-4b94-b832-270e10a1db24"}}
    Response - Headers: {'status': '201', 'content-length': '344', 'connection': 'close', 'date': 'Mon, 07 Dec 2015 14:46:39 GMT', 'content-type': 'application/json; charset=UTF-8', 'x-openstack-request-id': 'req-daa156f9-6d98-4a8f-905a-a9d698d59d58'}
        Body: {"security_group_rule": {"remote_group_id": null, "direction": "egress", "remote_ip_prefix": null, "protocol": "icmp", "ethertype": "IPv4", "tenant_id": "05a38f7205d14f75b0bf54a121a0e67d", "port_range_max": null, "port_range_min": null, "id": "1204a33c-3a87-4fe9-8860-70d5279866fd", "security_group_id": "8a867be3-1075-4b94-b832-270e10a1db24"}}
2015-12-07 14:46:40,209 20838 INFO     [tempest_lib.common.rest_client] Request (TestNetworkBasicOps:test_connectivity_between_vms_on_different_networks): 201 POST http://10.0.2.15:9696/v2.0/security-group-rules 0.242s
2015-12-07 14:46:40,210 20838 DEBUG    [tempest_lib.common.rest_client] Request - Headers: {'Content-Type': 'application/json', 'Accept': 'application/json', 'X-Auth-Token': '&lt;omitted&gt;'}
        Body: {"security_group_rule": {"tenant_id": "05a38f7205d14f75b0bf54a121a0e67d", "direction": "ingress", "security_group_id": "8a867be3-1075-4b94-b832-270e10a1db24", "protocol": "icmp", "ethertype": "IPv6"}}
    Response - Headers: {'status': '201', 'content-length': '345', 'connection': 'close', 'date': 'Mon, 07 Dec 2015 14:46:40 GMT', 'content-type': 'application/json; charset=UTF-8', 'x-openstack-request-id': 'req-9189b825-acd2-4acf-8831-d641ecfee8f6'}
        Body: {"security_group_rule": {"remote_group_id": null, "direction": "ingress", "remote_ip_prefix": null, "protocol": "icmp", "ethertype": "IPv6", "tenant_id": "05a38f7205d14f75b0bf54a121a0e67d", "port_range_max": null, "port_range_min": null, "id": "0720b963-8609-4318-aaaa-0427062dfa4d", "security_group_id": "8a867be3-1075-4b94-b832-270e10a1db24"}}
2015-12-07 14:46:40,337 20838 INFO     [tempest_lib.common.rest_client] Request (TestNetworkBasicOps:test_connectivity_between_vms_on_different_networks): 201 POST http://10.0.2.15:9696/v2.0/security-group-rules 0.126s
2015-12-07 14:46:40,338 20838 DEBUG    [tempest_lib.common.rest_client] Request - Headers: {'Content-Type': 'application/json', 'Accept': 'application/json', 'X-Auth-Token': '&lt;omitted&gt;'}
        Body: {"security_group_rule": {"tenant_id": "05a38f7205d14f75b0bf54a121a0e67d", "direction": "egress", "security_group_id": "8a867be3-1075-4b94-b832-270e10a1db24", "protocol": "icmp", "ethertype": "IPv6"}}
    Response - Headers: {'status': '201', 'content-length': '344', 'connection': 'close', 'date': 'Mon, 07 Dec 2015 14:46:40 GMT', 'content-type': 'application/json; charset=UTF-8', 'x-openstack-request-id': 'req-01c5529d-fea9-4d4e-a2ae-3e2f68fd6ff6'}
        Body: {"security_group_rule": {"remote_group_id": null, "direction": "egress", "remote_ip_prefix": null, "protocol": "icmp", "ethertype": "IPv6", "tenant_id": "05a38f7205d14f75b0bf54a121a0e67d", "port_range_max": null, "port_range_min": null, "id": "61e2fbfc-d816-4cdd-970f-98426f47e4e5", "security_group_id": "8a867be3-1075-4b94-b832-270e10a1db24"}}
2015-12-07 14:46:40,530 20838 INFO     [tempest_lib.common.rest_client] Request (TestNetworkBasicOps:test_connectivity_between_vms_on_different_networks): 201 POST http://10.0.2.15:9696/v2.0/networks 0.191s
2015-12-07 14:46:40,531 20838 DEBUG    [tempest_lib.common.rest_client] Request - Headers: {'Content-Type': 'application/json', 'Accept': 'application/json', 'X-Auth-Token': '&lt;omitted&gt;'}
        Body: {"network": {"tenant_id": "05a38f7205d14f75b0bf54a121a0e67d", "name": "tempest-network-smoke--1258815363"}}
    Response - Headers: {'status': '201', 'content-length': '329', 'connection': 'close', 'date': 'Mon, 07 Dec 2015 14:46:40 GMT', 'content-type': 'application/json; charset=UTF-8', 'x-openstack-request-id': 'req-dc6186b8-4bc0-46e3-8f32-a3af4af4f1af'}
        Body: {"network": {"status": "ACTIVE", "subnets": [], "availability_zone_hints": "[]", "name": "tempest-network-smoke--1258815363", "admin_state_up": true, "tenant_id": "05a38f7205d14f75b0bf54a121a0e67d", "mtu": 0, "router:external": false, "shared": false, "port_security_enabled": true, "id": "ce8cc87e-3db9-420f-87d4-25efcf2ab46f"}}
2015-12-07 14:46:40,618 20838 INFO     [tempest_lib.common.rest_client] Request (TestNetworkBasicOps:test_connectivity_between_vms_on_different_networks): 201 POST http://10.0.2.15:9696/v2.0/routers 0.086s
2015-12-07 14:46:40,619 20838 DEBUG    [tempest_lib.common.rest_client] Request - Headers: {'Content-Type': 'application/json', 'Accept': 'application/json', 'X-Auth-Token': '&lt;omitted&gt;'}
        Body: {"router": {"tenant_id": "05a38f7205d14f75b0bf54a121a0e67d", "name": "tempest-router-smoke-1951078940", "admin_state_up": true}}
    Response - Headers: {'status': '201', 'content-length': '296', 'connection': 'close', 'date': 'Mon, 07 Dec 2015 14:46:40 GMT', 'content-type': 'application/json; charset=UTF-8', 'x-openstack-request-id': 'req-00a1e97a-2894-441d-b444-2a16821568f5'}
        Body: {"router": {"status": "ACTIVE", "external_gateway_info": null, "availability_zone_hints": [], "availability_zones": [], "name": "tempest-router-smoke-1951078940", "admin_state_up": true, "tenant_id": "05a38f7205d14f75b0bf54a121a0e67d", "routes": [], "id": "68cfa8ad-8a14-45cc-a292-f6aaa9c5dc44"}}
2015-12-07 14:46:40,674 20838 INFO     [tempest_lib.common.rest_client] Request (TestNetworkBasicOps:test_connectivity_between_vms_on_different_networks): 200 GET http://10.0.2.15:9696/v2.0/routers/68cfa8ad-8a14-45cc-a292-f6aaa9c5dc44 0.053s
2015-12-07 14:46:40,675 20838 DEBUG    [tempest_lib.common.rest_client] Request - Headers: {'Content-Type': 'application/json', 'Accept': 'application/json', 'X-Auth-Token': '&lt;omitted&gt;'}
        Body: None
    Response - Headers: {'status': '200', 'content-length': '296', 'content-location': 'http://10.0.2.15:9696/v2.0/routers/68cfa8ad-8a14-45cc-a292-f6aaa9c5dc44', 'connection': 'close', 'date': 'Mon, 07 Dec 2015 14:46:40 GMT', 'content-type': 'application/json; charset=UTF-8', 'x-openstack-request-id': 'req-f5cd9f22-7022-4786-942f-d16f572ed244'}
        Body: {"router": {"status": "ACTIVE", "external_gateway_info": null, "availability_zone_hints": [], "availability_zones": [], "name": "tempest-router-smoke-1951078940", "admin_state_up": true, "tenant_id": "05a38f7205d14f75b0bf54a121a0e67d", "routes": [], "id": "68cfa8ad-8a14-45cc-a292-f6aaa9c5dc44"}}
2015-12-07 14:46:41,474 20838 INFO     [tempest_lib.common.rest_client] Request (TestNetworkBasicOps:test_connectivity_between_vms_on_different_networks): 200 PUT http://10.0.2.15:9696/v2.0/routers/68cfa8ad-8a14-45cc-a292-f6aaa9c5dc44 0.798s
2015-12-07 14:46:41,475 20838 DEBUG    [tempest_lib.common.rest_client] Request - Headers: {'Content-Type': 'application/json', 'Accept': 'application/json', 'X-Auth-Token': '&lt;omitted&gt;'}
        Body: {"router": {"external_gateway_info": {"network_id": "e6ef2052-bbdd-40d3-b2b3-2890f5a29bb2"}, "name": "tempest-router-smoke-1951078940", "admin_state_up": true}}
    Response - Headers: {'status': '200', 'content-length': '558', 'connection': 'close', 'date': 'Mon, 07 Dec 2015 14:46:41 GMT', 'content-type': 'application/json; charset=UTF-8', 'x-openstack-request-id': 'req-f0ec8da5-0f3a-4a2b-82d0-47d2e0ed1a6c'}
        Body: {"router": {"status": "ACTIVE", "external_gateway_info": {"network_id": "e6ef2052-bbdd-40d3-b2b3-2890f5a29bb2", "enable_snat": true, "external_fixed_ips": [{"subnet_id": "f10a0c48-d382-4a15-854d-d56def585bb8", "ip_address": "172.24.4.3"}, {"subnet_id": "b57e0d57-622b-449a-9626-27679166100a", "ip_address": "2001:db8::3"}]}, "availability_zone_hints": [], "availability_zones": [], "name": "tempest-router-smoke-1951078940", "admin_state_up": true, "tenant_id": "05a38f7205d14f75b0bf54a121a0e67d", "routes": [], "id": "68cfa8ad-8a14-45cc-a292-f6aaa9c5dc44"}}
2015-12-07 14:46:41,648 20838 INFO     [tempest_lib.common.rest_client] Request (TestNetworkBasicOps:test_connectivity_between_vms_on_different_networks): 200 GET http://10.0.2.15:9696/v2.0/subnets?tenant_id=05a38f7205d14f75b0bf54a121a0e67d&amp;cidr=10.100.0.0%2F28 0.172s
2015-12-07 14:46:41,649 20838 DEBUG    [tempest_lib.common.rest_client] Request - Headers: {'Content-Type': 'application/json', 'Accept': 'application/json', 'X-Auth-Token': '&lt;omitted&gt;'}
        Body: None
    Response - Headers: {'status': '200', 'content-length': '15', 'content-location': 'http://10.0.2.15:9696/v2.0/subnets?tenant_id=05a38f7205d14f75b0bf54a121a0e67d&amp;cidr=10.100.0.0%2F28', 'connection': 'close', 'date': 'Mon, 07 Dec 2015 14:46:41 GMT', 'content-type': 'application/json; charset=UTF-8', 'x-openstack-request-id': 'req-6adaafc9-4784-4b4c-8ac0-ef7f3a6c8c0a'}
        Body: {"subnets": []}
2015-12-07 14:46:41,985 20838 INFO     [tempest_lib.common.rest_client] Request (TestNetworkBasicOps:test_connectivity_between_vms_on_different_networks): 201 POST http://10.0.2.15:9696/v2.0/subnets 0.336s
2015-12-07 14:46:41,986 20838 DEBUG    [tempest_lib.common.rest_client] Request - Headers: {'Content-Type': 'application/json', 'Accept': 'application/json', 'X-Auth-Token': '&lt;omitted&gt;'}
        Body: {"subnet": {"ip_version": 4, "tenant_id": "05a38f7205d14f75b0bf54a121a0e67d", "cidr": "10.100.0.0/28", "network_id": "ce8cc87e-3db9-420f-87d4-25efcf2ab46f", "name": "tempest-subnet-smoke-750273917"}}
    Response - Headers: {'status': '201', 'content-length': '477', 'connection': 'close', 'date': 'Mon, 07 Dec 2015 14:46:41 GMT', 'content-type': 'application/json; charset=UTF-8', 'x-openstack-request-id': 'req-69329fab-0f8a-4aa6-91b4-84d27b16b98a'}
        Body: {"subnet": {"name": "tempest-subnet-smoke-750273917", "enable_dhcp": true, "network_id": "ce8cc87e-3db9-420f-87d4-25efcf2ab46f", "tenant_id": "05a38f7205d14f75b0bf54a121a0e67d", "dns_nameservers": [], "gateway_ip": "10.100.0.1", "ipv6_ra_mode": null, "allocation_pools": [{"start": "10.100.0.2", "end": "10.100.0.14"}], "host_routes": [], "ip_version": 4, "ipv6_address_mode": null, "cidr": "10.100.0.0/28", "id": "1fbbf43e-f754-49ba-af35-34a07e1cf0c3", "subnetpool_id": null}}
2015-12-07 14:46:42,626 20838 INFO     [tempest_lib.common.rest_client] Request (TestNetworkBasicOps:test_connectivity_between_vms_on_different_networks): 200 PUT http://10.0.2.15:9696/v2.0/routers/68cfa8ad-8a14-45cc-a292-f6aaa9c5dc44/add_router_interface 0.638s
2015-12-07 14:46:42,626 20838 DEBUG    [tempest_lib.common.rest_client] Request - Headers: {'Content-Type': 'application/json', 'Accept': 'application/json', 'X-Auth-Token': '&lt;omitted&gt;'}
        Body: {"subnet_id": "1fbbf43e-f754-49ba-af35-34a07e1cf0c3"}
    Response - Headers: {'status': '200', 'content-length': '255', 'connection': 'close', 'date': 'Mon, 07 Dec 2015 14:46:42 GMT', 'content-type': 'application/json; charset=UTF-8', 'x-openstack-request-id': 'req-14758bb5-b4f7-4b46-9830-29edf090b7c2'}
        Body: {"subnet_id": "1fbbf43e-f754-49ba-af35-34a07e1cf0c3", "tenant_id": "05a38f7205d14f75b0bf54a121a0e67d", "subnet_ids": ["1fbbf43e-f754-49ba-af35-34a07e1cf0c3"], "port_id": "a332aaa1-50bb-47e0-932a-3c7f906c920f", "id": "68cfa8ad-8a14-45cc-a292-f6aaa9c5dc44"}
2015-12-07 14:46:42,827 20838 INFO     [tempest_lib.common.rest_client] Request (TestNetworkBasicOps:test_connectivity_between_vms_on_different_networks): 200 GET http://10.0.2.15:9696/v2.0/networks 0.200s
2015-12-07 14:46:42,828 20838 DEBUG    [tempest_lib.common.rest_client] Request - Headers: {'Content-Type': 'application/json', 'Accept': 'application/json', 'X-Auth-Token': '&lt;omitted&gt;'}
        Body: None
    Response - Headers: {'status': '200', 'content-length': '1507', 'content-location': 'http://10.0.2.15:9696/v2.0/networks', 'connection': 'close', 'date': 'Mon, 07 Dec 2015 14:46:42 GMT', 'content-type': 'application/json; charset=UTF-8', 'x-openstack-request-id': 'req-0e8b6b35-aece-4367-a387-ada66fd35fba'}
        Body: {"networks": [{"status": "ACTIVE", "subnets": ["85b7cc82-fd88-4e95-82ab-176db0f9680b", "de900c2c-2b1b-42df-bb7b-a31a29c5aa2a"], "availability_zone_hints": [], "availability_zones": ["nova"], "name": "private", "provider:physical_network": null, "admin_state_up": true, "tenant_id": "45a1b8a2f9644370946685e8a5b9596b", "mtu": 0, "router:external": false, "shared": false, "port_security_enabled": true, "provider:network_type": "vxlan", "id": "e82a6640-f548-47a5-8f7a-b22c7e925784", "provider:segmentation_id": 1085}, {"status": "ACTIVE", "subnets": ["1fbbf43e-f754-49ba-af35-34a07e1cf0c3"], "availability_zone_hints": [], "availability_zones": ["nova"], "name": "tempest-network-smoke--1258815363", "provider:physical_network": null, "admin_state_up": true, "tenant_id": "05a38f7205d14f75b0bf54a121a0e67d", "mtu": 0, "router:external": false, "shared": false, "port_security_enabled": true, "provider:network_type": "vxlan", "id": "ce8cc87e-3db9-420f-87d4-25efcf2ab46f", "provider:segmentation_id": 1032}, {"status": "ACTIVE", "subnets": ["b57e0d57-622b-449a-9626-27679166100a", "f10a0c48-d382-4a15-854d-d56def585bb8"], "availability_zone_hints": [], "availability_zones": ["nova"], "name": "public", "provider:physical_network": null, "admin_state_up": true, "tenant_id": "1de68c6f0bf047c4ac25c6d0bee12047", "mtu": 0, "router:external": true, "shared": false, "port_security_enabled": true, "provider:network_type": "vxlan", "id": "e6ef2052-bbdd-40d3-b2b3-2890f5a29bb2", "provider:segmentation_id": 1077}]}
2015-12-07 14:46:42,954 20838 INFO     [tempest_lib.common.rest_client] Request (TestNetworkBasicOps:test_connectivity_between_vms_on_different_networks): 200 GET http://10.0.2.15:9696/v2.0/subnets 0.123s
2015-12-07 14:46:42,954 20838 DEBUG    [tempest_lib.common.rest_client] Request - Headers: {'Content-Type': 'application/json', 'Accept': 'application/json', 'X-Auth-Token': '&lt;omitted&gt;'}
        Body: None
    Response - Headers: {'status': '200', 'content-length': '2407', 'content-location': 'http://10.0.2.15:9696/v2.0/subnets', 'connection': 'close', 'date': 'Mon, 07 Dec 2015 14:46:42 GMT', 'content-type': 'application/json; charset=UTF-8', 'x-openstack-request-id': 'req-362f0e92-e23a-48c3-a34f-e604f3723aa0'}
        Body: {"subnets": [{"name": "ipv6-private-subnet", "enable_dhcp": true, "network_id": "e82a6640-f548-47a5-8f7a-b22c7e925784", "tenant_id": "45a1b8a2f9644370946685e8a5b9596b", "dns_nameservers": [], "gateway_ip": "fd46:df73:d506::1", "ipv6_ra_mode": "slaac", "allocation_pools": [{"start": "fd46:df73:d506::2", "end": "fd46:df73:d506:0:ffff:ffff:ffff:ffff"}], "host_routes": [], "ip_version": 6, "ipv6_address_mode": "slaac", "cidr": "fd46:df73:d506::/64", "id": "de900c2c-2b1b-42df-bb7b-a31a29c5aa2a", "subnetpool_id": null}, {"name": "tempest-subnet-smoke-750273917", "enable_dhcp": true, "network_id": "ce8cc87e-3db9-420f-87d4-25efcf2ab46f", "tenant_id": "05a38f7205d14f75b0bf54a121a0e67d", "dns_nameservers": [], "gateway_ip": "10.100.0.1", "ipv6_ra_mode": null, "allocation_pools": [{"start": "10.100.0.2", "end": "10.100.0.14"}], "host_routes": [], "ip_version": 4, "ipv6_address_mode": null, "cidr": "10.100.0.0/28", "id": "1fbbf43e-f754-49ba-af35-34a07e1cf0c3", "subnetpool_id": null}, {"name": "public-subnet", "enable_dhcp": false, "network_id": "e6ef2052-bbdd-40d3-b2b3-2890f5a29bb2", "tenant_id": "1de68c6f0bf047c4ac25c6d0bee12047", "dns_nameservers": [], "gateway_ip": "172.24.4.1", "ipv6_ra_mode": null, "allocation_pools": [{"start": "172.24.4.2", "end": "172.24.4.254"}], "host_routes": [], "ip_version": 4, "ipv6_address_mode": null, "cidr": "172.24.4.0/24", "id": "f10a0c48-d382-4a15-854d-d56def585bb8", "subnetpool_id": null}, {"name": "private-subnet", "enable_dhcp": true, "network_id": "e82a6640-f548-47a5-8f7a-b22c7e925784", "tenant_id": "45a1b8a2f9644370946685e8a5b9596b", "dns_nameservers": [], "gateway_ip": "10.0.0.1", "ipv6_ra_mode": null, "allocation_pools": [{"start": "10.0.0.2", "end": "10.0.0.254"}], "host_routes": [], "ip_version": 4, "ipv6_address_mode": null, "cidr": "10.0.0.0/24", "id": "85b7cc82-fd88-4e95-82ab-176db0f9680b", "subnetpool_id": null}, {"name": "ipv6-public-subnet", "enable_dhcp": false, "network_id": "e6ef2052-bbdd-40d3-b2b3-2890f5a29bb2", "tenant_id": "1de68c6f0bf047c4ac25c6d0bee12047", "dns_nameservers": [], "gateway_ip": "2001:db8::2", "ipv6_ra_mode": null, "allocation_pools": [{"start": "2001:db8::1", "end": "2001:db8::1"}, {"start": "2001:db8::3", "end": "2001:db8::ffff:ffff:ffff:ffff"}], "host_routes": [], "ip_version": 6, "ipv6_address_mode": null, "cidr": "2001:db8::/64", "id": "b57e0d57-622b-449a-9626-27679166100a", "subnetpool_id": null}]}
2015-12-07 14:46:43,096 20838 INFO     [tempest_lib.common.rest_client] Request (TestNetworkBasicOps:test_connectivity_between_vms_on_different_networks): 200 GET http://10.0.2.15:9696/v2.0/routers 0.140s
2015-12-07 14:46:43,097 20838 DEBUG    [tempest_lib.common.rest_client] Request - Headers: {'Content-Type': 'application/json', 'Accept': 'application/json', 'X-Auth-Token': '&lt;omitted&gt;'}
        Body: None
    Response - Headers: {'status': '200', 'content-length': '1167', 'content-location': 'http://10.0.2.15:9696/v2.0/routers', 'connection': 'close', 'date': 'Mon, 07 Dec 2015 14:46:43 GMT', 'content-type': 'application/json; charset=UTF-8', 'x-openstack-request-id': 'req-050d10fb-66ac-4783-ae81-d209f3d2ab8e'}
        Body: {"routers": [{"status": "ACTIVE", "external_gateway_info": {"network_id": "e6ef2052-bbdd-40d3-b2b3-2890f5a29bb2", "enable_snat": true, "external_fixed_ips": [{"subnet_id": "f10a0c48-d382-4a15-854d-d56def585bb8", "ip_address": "172.24.4.3"}, {"subnet_id": "b57e0d57-622b-449a-9626-27679166100a", "ip_address": "2001:db8::3"}]}, "availability_zone_hints": [], "availability_zones": ["nova"], "name": "tempest-router-smoke-1951078940", "admin_state_up": true, "tenant_id": "05a38f7205d14f75b0bf54a121a0e67d", "distributed": false, "routes": [], "ha": false, "id": "68cfa8ad-8a14-45cc-a292-f6aaa9c5dc44"}, {"status": "ACTIVE", "external_gateway_info": {"network_id": "e6ef2052-bbdd-40d3-b2b3-2890f5a29bb2", "enable_snat": true, "external_fixed_ips": [{"subnet_id": "f10a0c48-d382-4a15-854d-d56def585bb8", "ip_address": "172.24.4.2"}, {"subnet_id": "b57e0d57-622b-449a-9626-27679166100a", "ip_address": "2001:db8::1"}]}, "availability_zone_hints": [], "availability_zones": ["nova"], "name": "router1", "admin_state_up": true, "tenant_id": "45a1b8a2f9644370946685e8a5b9596b", "distributed": false, "routes": [], "ha": false, "id": "c20d730b-6cab-4659-a780-23e064321857"}]}
2015-12-07 14:46:43,408 20838 INFO     [tempest_lib.common.rest_client] Request (TestNetworkBasicOps:test_connectivity_between_vms_on_different_networks): 200 POST http://10.0.2.15:8774/v2.1/05a38f7205d14f75b0bf54a121a0e67d/os-keypairs 0.309s
2015-12-07 14:46:43,409 20838 DEBUG    [tempest_lib.common.rest_client] Request - Headers: {'Content-Type': 'application/json', 'Accept': 'application/json', 'X-Auth-Token': '&lt;omitted&gt;'}
        Body: {"keypair": {"name": "tempest-TestNetworkBasicOps-1641528560"}}
    Response - Headers: {'status': '200', 'content-length': '2321', 'x-compute-request-id': 'req-f985e2f5-26ff-4480-813e-9c676e80fe14', 'vary': 'X-OpenStack-Nova-API-Version', 'connection': 'close', 'x-openstack-nova-api-version': '2.1', 'date': 'Mon, 07 Dec 2015 14:46:43 GMT', 'content-type': 'application/json'}
        Body: {"keypair": {"public_key": "ssh-rsa AAAAB3NzaC1yc2EAAAADAQABAAABAQCeQ8whkM9YjUWGc53rozYgIXnEtBx7NojhQVOTpRz6Oa7Kkh4QZlvhv9+v0Pen2v+8tRaRvElPN1t7J63YPAu72hmxB6FMzX9eEqV8F0Xz9z9ad+8R2fYZPF3sYGdFa0wN59oa4VYh8zdNzG7OjaHLsczGjm+Z6dU6czpqtZv/od1JM+ax5HWCJAQxgs9mxn98/ttLLDl3XSUCp2+s/73jv4BPe6RRDkdF8GR+R9ISbCE5FB22qTeeAcMvVFKrvBQLVipG6LsmBL60tTAat5VMU/G/qJ41PlBsEkLNWEyX0YP9+DY/dPTajmq1Eg3gP+0m+dNlSRdZG5j5L5By3P1r Generated-by-Nova", "private_key": "-----BEGIN RSA PRIVATE KEY-----\nMIIEqAIBAAKCAQEAnkPMIZDPWI1FhnOd66M2ICF5xLQcezaI4UFTk6Uc+jmuypIe\nEGZb4b/fr9D3p9r/vLUWkbxJTzdbeyet2DwLu9oZsQehTM1/XhKlfBdF8/c/Wnfv\nEdn2GTxd7GBnRWtMDefaGuFWIfM3Tcxuzo2hy7HMxo5vmenVOnM6arWb/6HdSTPm\nseR1giQEMYLPZsZ/fP7bSyw5d10lAqdvrP+947+AT3ukUQ5HRfBkfkfSEmwhORQd\ntqk3ngHDL1RSq7wUC1YqRui7JgS+tLUwGreVTFPxv6ieNT5QbBJCzVhMl9GD/fg2\nP3T02o5qtRIN4D/tJvnTZUkXWRuY+S+Qctz9awIDAQABAoIBADRfLRLCb8rW3PX0\nFoMefE+/pCLykyY20q7vxi9qiR9IrU29cpNsu+UFcIkmtn1mXBBfQHuzefLr16r2\nY3HV1PAx6SSK6NaYfhhsRTS+ItjrrZxLaeJXZTfOoSoScLopGn7ThXo1rSII8Pke\nuGBDwBG+4YunIMkm9vejn+Yl+NxrdwRxsFGpmS3UrL8wBh265JeF5C4IehXT+wEC\nT2oRdMbXGRWPU5biSI3XZ15o0jAxZ6oDVvWQfCJ65MhXxAtWGsp4BFYQM/PzExvu\no4wK4R2ft5k/KtIsRbJSOJVpKdMH6+3KRFKJvvcy9mQiqacmw7cBf0lajNJWoqIq\nxbx9ptECggCBALYwM1w4P0gkS24JV2XG2CUrhrayaorH08orS/HFY5RTG5Wx6KUG\nChxJ/CjSEhW5Txkrljfvfngitcn0AZLQO2mrIMfAtGeqgGmGcZJN8ZYeGhF4IDrc\nVkhIs+DUA2KCnwtnlJQHvrhnLcGwzhXpgP3FR31rFs0N6SMrAIhTtsdZAoIAgQDe\nYluIBAcws79ptx9YUpDGuV13/rnp6oWaYkpVzRBLgrx+ceS3eSAagQA5SlmXFOy6\n3AISGrNo9NtwpCynAhbQl2VcIBc9dzVBR1Da7SXJcQFImzdczb6Ki43xgcHObErV\n6mv3Vz2H+a0QAhG7YuddzURK6x/QfIWcK/bSHSZWYwKCAIEAsza43wdJYJqrRGOW\nADzYk7+8NW1OFpQ4xo9OllY3/Ui/QsKN+f715Rv2GuWB+rKdl0Hj88P3oQ9ryWvo\nPFXvi6NVjIkILU1wId2pTGS1t5iGxhZnhd8GVPaHUyra5YVeE+bhJbh0qIp+XSCh\nqLZYN8le6IV2GWGMqxZ64J+QlYkCggCACCyjYq+LOB4TViZ2D4ARdEySA/woB1Io\nkRE13EuKYswuc5NqLdhU9sRxJqn1+xi4zvGRXer/V0dQ3aYbQhRQlGBMSIOhdw/v\ntDOT5Eg9UFdIDcwuz8l8TIlusUbswdK3OX/BcjkRuPLTirgYwMOU75zA+uQDql05\naBExpG2P4DMCggCAAQmWSpObM1bpb8+bWbRpHJs2gcaoFqdmzGIt7GIIN2sSqik+\nTNrC08O5v82M5gGcrmaTApORruJbwEh8Zwk0cdoipipGHVKi40AaLqRGEIGLvv6o\neu6kQDs2ylNodS83uXH5ydmd7rT0KzkMp5HJrj+HlvmvIHGE5OS7Ou7gx1o=\n-----END RSA PRIVATE KEY-----\n", "user_id": "171909f0c9204635aef09f047ec34227", "name": "tempest-TestNetworkBasicOps-1641528560", "fingerprint": "59:ba:76:48:06:70:7e:c7:72:be:47:dd:9a:e8:34:e4"}}
2015-12-07 14:46:43,509 20838 INFO     [tempest_lib.common.rest_client] Request (TestNetworkBasicOps:test_connectivity_between_vms_on_different_networks): 200 POST http://10.0.2.15:5000/v2.0/tokens
2015-12-07 14:46:43,510 20838 DEBUG    [tempest_lib.common.rest_client] Request - Headers: {'Content-Type': 'application/json', 'Accept': 'application/json'}
        Body: &lt;omitted&gt;
    Response - Headers: {'status': '200', 'content-length': '2528', 'vary': 'X-Auth-Token', 'server': 'Apache/2.4.7 (Ubuntu)', 'connection': 'close', 'date': 'Mon, 07 Dec 2015 14:46:43 GMT', 'content-type': 'application/json', 'x-openstack-request-id': 'req-2d523d99-edf1-4952-8101-3fa610e51556'}
        Body: {"access": {"token": {"issued_at": "2015-12-07T14:46:43.497486", "expires": "2015-12-07T15:46:43Z", "id": "23733d73e42948d6b83acee759b7e892", "tenant": {"description": "tempest-TestNetworkBasicOps-928821071-desc", "enabled": true, "id": "05a38f7205d14f75b0bf54a121a0e67d", "name": "tempest-TestNetworkBasicOps-928821071"}, "audit_ids": ["hCsxngOTTnKuOCnagC0ZxQ"]}, "serviceCatalog": [{"endpoints": [{"adminURL": "http://10.0.2.15:8774/v2.1/05a38f7205d14f75b0bf54a121a0e67d", "region": "RegionOne", "internalURL": "http://10.0.2.15:8774/v2.1/05a38f7205d14f75b0bf54a121a0e67d", "id": "2b00758708dd40458fc1825a62abd5ee", "publicURL": "http://10.0.2.15:8774/v2.1/05a38f7205d14f75b0bf54a121a0e67d"}], "endpoints_links": [], "type": "compute", "name": "nova"}, {"endpoints": [{"adminURL": "http://10.0.2.15:9696/", "region": "RegionOne", "internalURL": "http://10.0.2.15:9696/", "id": "023ea2431a924a48a17dbab8f481ca5a", "publicURL": "http://10.0.2.15:9696/"}], "endpoints_links": [], "type": "network", "name": "neutron"}, {"endpoints": [{"adminURL": "http://10.0.2.15:9292", "region": "RegionOne", "internalURL": "http://10.0.2.15:9292", "id": "7e68425d0847434c87f743de02749f67", "publicURL": "http://10.0.2.15:9292"}], "endpoints_links": [], "type": "image", "name": "glance"}, {"endpoints": [{"adminURL": "http://10.0.2.15:8774/v2/05a38f7205d14f75b0bf54a121a0e67d", "region": "RegionOne", "internalURL": "http://10.0.2.15:8774/v2/05a38f7205d14f75b0bf54a121a0e67d", "id": "3afdac706bd94e7e94a0cb10a88abc43", "publicURL": "http://10.0.2.15:8774/v2/05a38f7205d14f75b0bf54a121a0e67d"}], "endpoints_links": [], "type": "compute_legacy", "name": "nova_legacy"}, {"endpoints": [{"adminURL": "http://10.0.2.15:8773/", "region": "RegionOne", "internalURL": "http://10.0.2.15:8773/", "id": "470395316aa34792a4b1b40ac70d36f6", "publicURL": "http://10.0.2.15:8773/"}], "endpoints_links": [], "type": "ec2", "name": "ec2"}, {"endpoints": [{"adminURL": "http://10.0.2.15:35357/v2.0", "region": "RegionOne", "internalURL": "http://10.0.2.15:5000/v2.0", "id": "2430d73bb28049cc8ada48732d2a102c", "publicURL": "http://10.0.2.15:5000/v2.0"}], "endpoints_links": [], "type": "identity", "name": "keystone"}], "user": {"username": "tempest-TestNetworkBasicOps-2066666454", "roles_links": [], "id": "171909f0c9204635aef09f047ec34227", "roles": [{"name": "_member_"}, {"name": "Member"}], "name": "tempest-TestNetworkBasicOps-2066666454"}, "metadata": {"is_admin": 0, "roles": ["9fe2ff9ee4384b1894a90878d3e92bab", "0cb46a21e5d54e76951afd9db8024476"]}}}
2015-12-07 14:46:43,517 20838 DEBUG    [tempest.common.fixed_network] (TestNetworkBasicOps:test_connectivity_between_vms_on_different_networks) No valid network provided or created, defaulting to fixed_network_name
2015-12-07 14:46:43,877 20838 INFO     [tempest_lib.common.rest_client] Request (TestNetworkBasicOps:test_connectivity_between_vms_on_different_networks): 200 GET http://10.0.2.15:8774/v2.1/05a38f7205d14f75b0bf54a121a0e67d/os-networks 0.358s
2015-12-07 14:46:43,878 20838 DEBUG    [tempest_lib.common.rest_client] Request - Headers: {'Content-Type': 'application/json', 'Accept': 'application/json', 'X-Auth-Token': '&lt;omitted&gt;'}
        Body: None
    Response - Headers: {'status': '200', 'content-length': '479', 'content-location': 'http://10.0.2.15:8774/v2.1/05a38f7205d14f75b0bf54a121a0e67d/os-networks', 'x-compute-request-id': 'req-5d780620-3554-414b-bede-7ae91b687ebb', 'vary': 'X-OpenStack-Nova-API-Version', 'connection': 'close', 'x-openstack-nova-api-version': '2.1', 'date': 'Mon, 07 Dec 2015 14:46:43 GMT', 'content-type': 'application/json'}
        Body: {"networks": [{"cidr_v6": null, "dns2": null, "dns1": null, "gateway": null, "broadcast": null, "netmask": null, "gateway_v6": null, "cidr": null, "label": "public", "id": "e6ef2052-bbdd-40d3-b2b3-2890f5a29bb2", "netmask_v6": null}, {"cidr_v6": null, "dns2": null, "dns1": null, "gateway": null, "broadcast": null, "netmask": null, "gateway_v6": null, "cidr": null, "label": "tempest-network-smoke--1258815363", "id": "ce8cc87e-3db9-420f-87d4-25efcf2ab46f", "netmask_v6": null}]}
2015-12-07 14:46:43,879 20838 WARNING  [tempest.common.fixed_network] (TestNetworkBasicOps:test_connectivity_between_vms_on_different_networks) Network with name: private not found
2015-12-07 14:46:43,879 20838 INFO     [tempest.common.fixed_network] (TestNetworkBasicOps:test_connectivity_between_vms_on_different_networks) Found network {} available for tenant
2015-12-07 14:46:45,077 20838 INFO     [tempest_lib.common.rest_client] Request (TestNetworkBasicOps:test_connectivity_between_vms_on_different_networks): 202 POST http://10.0.2.15:8774/v2.1/05a38f7205d14f75b0bf54a121a0e67d/servers 1.196s
2015-12-07 14:46:45,078 20838 DEBUG    [tempest_lib.common.rest_client] Request - Headers: {'Content-Type': 'application/json', 'Accept': 'application/json', 'X-Auth-Token': '&lt;omitted&gt;'}
        Body: {"server": {"name": "tempest.common.compute-instance-1065752967", "imageRef": "79cb6d99-358d-4b86-b70c-1eb0eb571b69", "key_name": "tempest-TestNetworkBasicOps-1641528560", "flavorRef": "42", "networks": [{"uuid": "ce8cc87e-3db9-420f-87d4-25efcf2ab46f"}], "security_groups": [{"name": "tempest-secgroup-smoke-633082041"}]}}
    Response - Headers: {'status': '202', 'content-length': '461', 'x-compute-request-id': 'req-1f44470a-77e7-4e5b-ab1f-9b04a5a254c9', 'vary': 'X-OpenStack-Nova-API-Version', 'connection': 'close', 'location': 'http://10.0.2.15:8774/v2.1/05a38f7205d14f75b0bf54a121a0e67d/servers/21fcad4d-45f6-4b66-8e37-9c4f131e3b85', 'x-openstack-nova-api-version': '2.1', 'date': 'Mon, 07 Dec 2015 14:46:45 GMT', 'content-type': 'application/json'}
        Body: {"server": {"security_groups": [{"name": "tempest-secgroup-smoke-633082041"}], "OS-DCF:diskConfig": "MANUAL", "id": "21fcad4d-45f6-4b66-8e37-9c4f131e3b85", "links": [{"href": "http://10.0.2.15:8774/v2.1/05a38f7205d14f75b0bf54a121a0e67d/servers/21fcad4d-45f6-4b66-8e37-9c4f131e3b85", "rel": "self"}, {"href": "http://10.0.2.15:8774/05a38f7205d14f75b0bf54a121a0e67d/servers/21fcad4d-45f6-4b66-8e37-9c4f131e3b85", "rel": "bookmark"}], "adminPass": "3vHr6djXPtC3"}}
2015-12-07 14:46:45,328 20838 INFO     [tempest_lib.common.rest_client] Request (TestNetworkBasicOps:test_connectivity_between_vms_on_different_networks): 200 GET http://10.0.2.15:8774/v2.1/05a38f7205d14f75b0bf54a121a0e67d/servers/21fcad4d-45f6-4b66-8e37-9c4f131e3b85 0.248s
2015-12-07 14:46:45,328 20838 DEBUG    [tempest_lib.common.rest_client] Request - Headers: {'Content-Type': 'application/json', 'Accept': 'application/json', 'X-Auth-Token': '&lt;omitted&gt;'}
        Body: None
    Response - Headers: {'status': '200', 'content-length': '1356', 'content-location': 'http://10.0.2.15:8774/v2.1/05a38f7205d14f75b0bf54a121a0e67d/servers/21fcad4d-45f6-4b66-8e37-9c4f131e3b85', 'x-compute-request-id': 'req-8cb438c8-8e0e-43b9-9a94-ceb4d2027d92', 'vary': 'X-OpenStack-Nova-API-Version', 'connection': 'close', 'x-openstack-nova-api-version': '2.1', 'date': 'Mon, 07 Dec 2015 14:46:45 GMT', 'content-type': 'application/json'}
        Body: {"server": {"status": "BUILD", "updated": "2015-12-07T14:46:45Z", "hostId": "", "addresses": {}, "links": [{"href": "http://10.0.2.15:8774/v2.1/05a38f7205d14f75b0bf54a121a0e67d/servers/21fcad4d-45f6-4b66-8e37-9c4f131e3b85", "rel": "self"}, {"href": "http://10.0.2.15:8774/05a38f7205d14f75b0bf54a121a0e67d/servers/21fcad4d-45f6-4b66-8e37-9c4f131e3b85", "rel": "bookmark"}], "key_name": "tempest-TestNetworkBasicOps-1641528560", "image": {"id": "79cb6d99-358d-4b86-b70c-1eb0eb571b69", "links": [{"href": "http://10.0.2.15:8774/05a38f7205d14f75b0bf54a121a0e67d/images/79cb6d99-358d-4b86-b70c-1eb0eb571b69", "rel": "bookmark"}]}, "OS-EXT-STS:task_state": "scheduling", "OS-EXT-STS:vm_state": "building", "OS-SRV-USG:launched_at": null, "flavor": {"id": "42", "links": [{"href": "http://10.0.2.15:8774/05a38f7205d14f75b0bf54a121a0e67d/flavors/42", "rel": "bookmark"}]}, "id": "21fcad4d-45f6-4b66-8e37-9c4f131e3b85", "OS-SRV-USG:terminated_at": null, "OS-EXT-AZ:availability_zone": "", "user_id": "171909f0c9204635aef09f047ec34227", "name": "tempest.common.compute-instance-1065752967", "created": "2015-12-07T14:46:44Z", "tenant_id": "05a38f7205d14f75b0bf54a121a0e67d", "OS-DCF:diskConfig": "MANUAL", "os-extended-volumes:volumes_attached": [], "accessIPv4": "", "accessIPv6": "", "progress": 0, "OS-EXT-STS:power_state": 0, "config_drive": "", "metadata": {}}}
2015-12-07 14:46:46,758 20838 INFO     [tempest_lib.common.rest_client] Request (TestNetworkBasicOps:test_connectivity_between_vms_on_different_networks): 200 GET http://10.0.2.15:8774/v2.1/05a38f7205d14f75b0bf54a121a0e67d/servers/21fcad4d-45f6-4b66-8e37-9c4f131e3b85 0.419s
2015-12-07 14:46:46,758 20838 DEBUG    [tempest_lib.common.rest_client] Request - Headers: {'Content-Type': 'application/json', 'Accept': 'application/json', 'X-Auth-Token': '&lt;omitted&gt;'}
        Body: None
    Response - Headers: {'status': '200', 'content-length': '1481', 'content-location': 'http://10.0.2.15:8774/v2.1/05a38f7205d14f75b0bf54a121a0e67d/servers/21fcad4d-45f6-4b66-8e37-9c4f131e3b85', 'x-compute-request-id': 'req-2505afef-aaf4-4cd1-a099-47b1db80c1aa', 'vary': 'X-OpenStack-Nova-API-Version', 'connection': 'close', 'x-openstack-nova-api-version': '2.1', 'date': 'Mon, 07 Dec 2015 14:46:46 GMT', 'content-type': 'application/json'}
        Body: {"server": {"status": "BUILD", "updated": "2015-12-07T14:46:46Z", "hostId": "e598b511356734ee2ca444fb6718f8c4c70964210f46583ce62e83d6", "addresses": {}, "links": [{"href": "http://10.0.2.15:8774/v2.1/05a38f7205d14f75b0bf54a121a0e67d/servers/21fcad4d-45f6-4b66-8e37-9c4f131e3b85", "rel": "self"}, {"href": "http://10.0.2.15:8774/05a38f7205d14f75b0bf54a121a0e67d/servers/21fcad4d-45f6-4b66-8e37-9c4f131e3b85", "rel": "bookmark"}], "key_name": "tempest-TestNetworkBasicOps-1641528560", "image": {"id": "79cb6d99-358d-4b86-b70c-1eb0eb571b69", "links": [{"href": "http://10.0.2.15:8774/05a38f7205d14f75b0bf54a121a0e67d/images/79cb6d99-358d-4b86-b70c-1eb0eb571b69", "rel": "bookmark"}]}, "OS-EXT-STS:task_state": "spawning", "OS-EXT-STS:vm_state": "building", "OS-SRV-USG:launched_at": null, "flavor": {"id": "42", "links": [{"href": "http://10.0.2.15:8774/05a38f7205d14f75b0bf54a121a0e67d/flavors/42", "rel": "bookmark"}]}, "id": "21fcad4d-45f6-4b66-8e37-9c4f131e3b85", "security_groups": [{"name": "tempest-secgroup-smoke-633082041"}], "OS-SRV-USG:terminated_at": null, "OS-EXT-AZ:availability_zone": "nova", "user_id": "171909f0c9204635aef09f047ec34227", "name": "tempest.common.compute-instance-1065752967", "created": "2015-12-07T14:46:44Z", "tenant_id": "05a38f7205d14f75b0bf54a121a0e67d", "OS-DCF:diskConfig": "MANUAL", "os-extended-volumes:volumes_attached": [], "accessIPv4": "", "accessIPv6": "", "progress": 0, "OS-EXT-STS:power_state": 0, "config_drive": "", "metadata": {}}}
2015-12-07 14:46:46,769 20838 INFO     [tempest.common.waiters] State transition "BUILD/scheduling" ==&gt; "BUILD/spawning" after 1 second wait
2015-12-07 14:46:48,175 20838 INFO     [tempest_lib.common.rest_client] Request (TestNetworkBasicOps:test_connectivity_between_vms_on_different_networks): 200 GET http://10.0.2.15:8774/v2.1/05a38f7205d14f75b0bf54a121a0e67d/servers/21fcad4d-45f6-4b66-8e37-9c4f131e3b85 0.404s
2015-12-07 14:46:48,176 20838 DEBUG    [tempest_lib.common.rest_client] Request - Headers: {'Content-Type': 'application/json', 'Accept': 'application/json', 'X-Auth-Token': '&lt;omitted&gt;'}
        Body: None
    Response - Headers: {'status': '200', 'content-length': '1481', 'content-location': 'http://10.0.2.15:8774/v2.1/05a38f7205d14f75b0bf54a121a0e67d/servers/21fcad4d-45f6-4b66-8e37-9c4f131e3b85', 'x-compute-request-id': 'req-0ea9fd6d-9a6f-4bd9-9b86-c08f7af735a2', 'vary': 'X-OpenStack-Nova-API-Version', 'connection': 'close', 'x-openstack-nova-api-version': '2.1', 'date': 'Mon, 07 Dec 2015 14:46:48 GMT', 'content-type': 'application/json'}
        Body: {"server": {"status": "BUILD", "updated": "2015-12-07T14:46:46Z", "hostId": "e598b511356734ee2ca444fb6718f8c4c70964210f46583ce62e83d6", "addresses": {}, "links": [{"href": "http://10.0.2.15:8774/v2.1/05a38f7205d14f75b0bf54a121a0e67d/servers/21fcad4d-45f6-4b66-8e37-9c4f131e3b85", "rel": "self"}, {"href": "http://10.0.2.15:8774/05a38f7205d14f75b0bf54a121a0e67d/servers/21fcad4d-45f6-4b66-8e37-9c4f131e3b85", "rel": "bookmark"}], "key_name": "tempest-TestNetworkBasicOps-1641528560", "image": {"id": "79cb6d99-358d-4b86-b70c-1eb0eb571b69", "links": [{"href": "http://10.0.2.15:8774/05a38f7205d14f75b0bf54a121a0e67d/images/79cb6d99-358d-4b86-b70c-1eb0eb571b69", "rel": "bookmark"}]}, "OS-EXT-STS:task_state": "spawning", "OS-EXT-STS:vm_state": "building", "OS-SRV-USG:launched_at": null, "flavor": {"id": "42", "links": [{"href": "http://10.0.2.15:8774/05a38f7205d14f75b0bf54a121a0e67d/flavors/42", "rel": "bookmark"}]}, "id": "21fcad4d-45f6-4b66-8e37-9c4f131e3b85", "security_groups": [{"name": "tempest-secgroup-smoke-633082041"}], "OS-SRV-USG:terminated_at": null, "OS-EXT-AZ:availability_zone": "nova", "user_id": "171909f0c9204635aef09f047ec34227", "name": "tempest.common.compute-instance-1065752967", "created": "2015-12-07T14:46:44Z", "tenant_id": "05a38f7205d14f75b0bf54a121a0e67d", "OS-DCF:diskConfig": "MANUAL", "os-extended-volumes:volumes_attached": [], "accessIPv4": "", "accessIPv6": "", "progress": 0, "OS-EXT-STS:power_state": 0, "config_drive": "", "metadata": {}}}
2015-12-07 14:46:49,528 20838 INFO     [tempest_lib.common.rest_client] Request (TestNetworkBasicOps:test_connectivity_between_vms_on_different_networks): 200 GET http://10.0.2.15:8774/v2.1/05a38f7205d14f75b0bf54a121a0e67d/servers/21fcad4d-45f6-4b66-8e37-9c4f131e3b85 0.340s
2015-12-07 14:46:49,529 20838 DEBUG    [tempest_lib.common.rest_client] Request - Headers: {'Content-Type': 'application/json', 'Accept': 'application/json', 'X-Auth-Token': '&lt;omitted&gt;'}
        Body: None
    Response - Headers: {'status': '200', 'content-length': '1653', 'content-location': 'http://10.0.2.15:8774/v2.1/05a38f7205d14f75b0bf54a121a0e67d/servers/21fcad4d-45f6-4b66-8e37-9c4f131e3b85', 'x-compute-request-id': 'req-b619e5e1-4563-4596-ba68-2c59a8a45b49', 'vary': 'X-OpenStack-Nova-API-Version', 'connection': 'close', 'x-openstack-nova-api-version': '2.1', 'date': 'Mon, 07 Dec 2015 14:46:49 GMT', 'content-type': 'application/json'}
        Body: {"server": {"status": "ACTIVE", "updated": "2015-12-07T14:46:48Z", "hostId": "e598b511356734ee2ca444fb6718f8c4c70964210f46583ce62e83d6", "addresses": {"tempest-network-smoke--1258815363": [{"OS-EXT-IPS-MAC:mac_addr": "fa:16:3e:a6:8e:e2", "version": 4, "addr": "10.100.0.3", "OS-EXT-IPS:type": "fixed"}]}, "links": [{"href": "http://10.0.2.15:8774/v2.1/05a38f7205d14f75b0bf54a121a0e67d/servers/21fcad4d-45f6-4b66-8e37-9c4f131e3b85", "rel": "self"}, {"href": "http://10.0.2.15:8774/05a38f7205d14f75b0bf54a121a0e67d/servers/21fcad4d-45f6-4b66-8e37-9c4f131e3b85", "rel": "bookmark"}], "key_name": "tempest-TestNetworkBasicOps-1641528560", "image": {"id": "79cb6d99-358d-4b86-b70c-1eb0eb571b69", "links": [{"href": "http://10.0.2.15:8774/05a38f7205d14f75b0bf54a121a0e67d/images/79cb6d99-358d-4b86-b70c-1eb0eb571b69", "rel": "bookmark"}]}, "OS-EXT-STS:task_state": null, "OS-EXT-STS:vm_state": "active", "OS-SRV-USG:launched_at": "2015-12-07T14:46:48.000000", "flavor": {"id": "42", "links": [{"href": "http://10.0.2.15:8774/05a38f7205d14f75b0bf54a121a0e67d/flavors/42", "rel": "bookmark"}]}, "id": "21fcad4d-45f6-4b66-8e37-9c4f131e3b85", "security_groups": [{"name": "tempest-secgroup-smoke-633082041"}], "OS-SRV-USG:terminated_at": null, "OS-EXT-AZ:availability_zone": "nova", "user_id": "171909f0c9204635aef09f047ec34227", "name": "tempest.common.compute-instance-1065752967", "created": "2015-12-07T14:46:44Z", "tenant_id": "05a38f7205d14f75b0bf54a121a0e67d", "OS-DCF:diskConfig": "MANUAL", "os-extended-volumes:volumes_attached": [], "accessIPv4": "", "accessIPv6": "", "progress": 0, "OS-EXT-STS:power_state": 1, "config_drive": "True", "metadata": {}}}
2015-12-07 14:46:49,537 20838 INFO     [tempest.common.waiters] State transition "BUILD/spawning" ==&gt; "ACTIVE/None" after 4 second wait
2015-12-07 14:46:49,755 20838 INFO     [tempest_lib.common.rest_client] Request (TestNetworkBasicOps:test_connectivity_between_vms_on_different_networks): 200 GET http://10.0.2.15:8774/v2.1/05a38f7205d14f75b0bf54a121a0e67d/servers/21fcad4d-45f6-4b66-8e37-9c4f131e3b85 0.218s
2015-12-07 14:46:49,756 20838 DEBUG    [tempest_lib.common.rest_client] Request - Headers: {'Content-Type': 'application/json', 'Accept': 'application/json', 'X-Auth-Token': '&lt;omitted&gt;'}
        Body: None
    Response - Headers: {'status': '200', 'content-length': '1653', 'content-location': 'http://10.0.2.15:8774/v2.1/05a38f7205d14f75b0bf54a121a0e67d/servers/21fcad4d-45f6-4b66-8e37-9c4f131e3b85', 'x-compute-request-id': 'req-aa70d456-18a2-49a7-8127-f03e2ef07e25', 'vary': 'X-OpenStack-Nova-API-Version', 'connection': 'close', 'x-openstack-nova-api-version': '2.1', 'date': 'Mon, 07 Dec 2015 14:46:49 GMT', 'content-type': 'application/json'}
        Body: {"server": {"status": "ACTIVE", "updated": "2015-12-07T14:46:48Z", "hostId": "e598b511356734ee2ca444fb6718f8c4c70964210f46583ce62e83d6", "addresses": {"tempest-network-smoke--1258815363": [{"OS-EXT-IPS-MAC:mac_addr": "fa:16:3e:a6:8e:e2", "version": 4, "addr": "10.100.0.3", "OS-EXT-IPS:type": "fixed"}]}, "links": [{"href": "http://10.0.2.15:8774/v2.1/05a38f7205d14f75b0bf54a121a0e67d/servers/21fcad4d-45f6-4b66-8e37-9c4f131e3b85", "rel": "self"}, {"href": "http://10.0.2.15:8774/05a38f7205d14f75b0bf54a121a0e67d/servers/21fcad4d-45f6-4b66-8e37-9c4f131e3b85", "rel": "bookmark"}], "key_name": "tempest-TestNetworkBasicOps-1641528560", "image": {"id": "79cb6d99-358d-4b86-b70c-1eb0eb571b69", "links": [{"href": "http://10.0.2.15:8774/05a38f7205d14f75b0bf54a121a0e67d/images/79cb6d99-358d-4b86-b70c-1eb0eb571b69", "rel": "bookmark"}]}, "OS-EXT-STS:task_state": null, "OS-EXT-STS:vm_state": "active", "OS-SRV-USG:launched_at": "2015-12-07T14:46:48.000000", "flavor": {"id": "42", "links": [{"href": "http://10.0.2.15:8774/05a38f7205d14f75b0bf54a121a0e67d/flavors/42", "rel": "bookmark"}]}, "id": "21fcad4d-45f6-4b66-8e37-9c4f131e3b85", "security_groups": [{"name": "tempest-secgroup-smoke-633082041"}], "OS-SRV-USG:terminated_at": null, "OS-EXT-AZ:availability_zone": "nova", "user_id": "171909f0c9204635aef09f047ec34227", "name": "tempest.common.compute-instance-1065752967", "created": "2015-12-07T14:46:44Z", "tenant_id": "05a38f7205d14f75b0bf54a121a0e67d", "OS-DCF:diskConfig": "MANUAL", "os-extended-volumes:volumes_attached": [], "accessIPv4": "", "accessIPv6": "", "progress": 0, "OS-EXT-STS:power_state": 1, "config_drive": "True", "metadata": {}}}
2015-12-07 14:46:49,764 20838 INFO     [tempest.scenario.manager] Tenant networks not configured to be reachable.
2015-12-07 14:46:49,799 20838 INFO     [tempest_lib.common.rest_client] Request (TestNetworkBasicOps:test_connectivity_between_vms_on_different_networks): 200 GET http://10.0.2.15:9696/v2.0/ports?status=ACTIVE&amp;fixed_ip=None&amp;device_id=21fcad4d-45f6-4b66-8e37-9c4f131e3b85 0.034s
2015-12-07 14:46:49,799 20838 DEBUG    [tempest_lib.common.rest_client] Request - Headers: {'Content-Type': 'application/json', 'Accept': 'application/json', 'X-Auth-Token': '&lt;omitted&gt;'}
        Body: None
    Response - Headers: {'status': '200', 'content-length': '895', 'content-location': 'http://10.0.2.15:9696/v2.0/ports?status=ACTIVE&amp;fixed_ip=None&amp;device_id=21fcad4d-45f6-4b66-8e37-9c4f131e3b85', 'connection': 'close', 'date': 'Mon, 07 Dec 2015 14:46:49 GMT', 'content-type': 'application/json; charset=UTF-8', 'x-openstack-request-id': 'req-4daa2973-5a5d-42e9-95ff-9a16648a4d7d'}
        Body: {"ports": [{"status": "ACTIVE", "binding:host_id": "vagrant-ubuntu-trusty-64", "allowed_address_pairs": [], "extra_dhcp_opts": [], "dns_assignment": [{"hostname": "host-10-100-0-3", "ip_address": "10.100.0.3", "fqdn": "host-10-100-0-3.openstacklocal."}], "device_owner": "compute:None", "port_security_enabled": true, "binding:profile": {}, "fixed_ips": [{"subnet_id": "1fbbf43e-f754-49ba-af35-34a07e1cf0c3", "ip_address": "10.100.0.3"}], "id": "38f28986-2209-4e36-8eda-bb332ee51678", "security_groups": ["8a867be3-1075-4b94-b832-270e10a1db24"], "device_id": "21fcad4d-45f6-4b66-8e37-9c4f131e3b85", "name": "", "admin_state_up": true, "network_id": "ce8cc87e-3db9-420f-87d4-25efcf2ab46f", "dns_name": "", "binding:vif_details": {"port_filter": true}, "binding:vnic_type": "normal", "binding:vif_type": "ovs", "tenant_id": "05a38f7205d14f75b0bf54a121a0e67d", "mac_address": "fa:16:3e:a6:8e:e2"}]}
2015-12-07 14:46:50,310 20838 INFO     [tempest_lib.common.rest_client] Request (TestNetworkBasicOps:test_connectivity_between_vms_on_different_networks): 201 POST http://10.0.2.15:9696/v2.0/floatingips 0.510s
2015-12-07 14:46:50,310 20838 DEBUG    [tempest_lib.common.rest_client] Request - Headers: {'Content-Type': 'application/json', 'Accept': 'application/json', 'X-Auth-Token': '&lt;omitted&gt;'}
        Body: {"floatingip": {"floating_network_id": "e6ef2052-bbdd-40d3-b2b3-2890f5a29bb2", "tenant_id": "05a38f7205d14f75b0bf54a121a0e67d", "fixed_ip_address": "10.100.0.3", "port_id": "38f28986-2209-4e36-8eda-bb332ee51678"}}
    Response - Headers: {'status': '201', 'content-length': '367', 'connection': 'close', 'date': 'Mon, 07 Dec 2015 14:46:50 GMT', 'content-type': 'application/json; charset=UTF-8', 'x-openstack-request-id': 'req-92dc2530-c630-40ed-99d9-dbad29ad03ca'}
        Body: {"floatingip": {"floating_network_id": "e6ef2052-bbdd-40d3-b2b3-2890f5a29bb2", "router_id": "68cfa8ad-8a14-45cc-a292-f6aaa9c5dc44", "fixed_ip_address": "10.100.0.3", "floating_ip_address": "172.24.4.4", "tenant_id": "05a38f7205d14f75b0bf54a121a0e67d", "status": "DOWN", "port_id": "38f28986-2209-4e36-8eda-bb332ee51678", "id": "b2aaec98-49f7-4ff7-bdf1-de0651c55747"}}
2015-12-07 14:46:50,324 20838 INFO     [tempest_lib.common.rest_client] Request (TestNetworkBasicOps:test_connectivity_between_vms_on_different_networks): 200 GET http://10.0.2.15:9696/v2.0/floatingips/b2aaec98-49f7-4ff7-bdf1-de0651c55747 0.013s
2015-12-07 14:46:50,325 20838 DEBUG    [tempest_lib.common.rest_client] Request - Headers: {'Content-Type': 'application/json', 'Accept': 'application/json', 'X-Auth-Token': '&lt;omitted&gt;'}
        Body: None
    Response - Headers: {'status': '200', 'content-length': '367', 'content-location': 'http://10.0.2.15:9696/v2.0/floatingips/b2aaec98-49f7-4ff7-bdf1-de0651c55747', 'connection': 'close', 'date': 'Mon, 07 Dec 2015 14:46:50 GMT', 'content-type': 'application/json; charset=UTF-8', 'x-openstack-request-id': 'req-d40a7ee8-f853-48d0-b9d9-ae32304cb43a'}
        Body: {"floatingip": {"floating_network_id": "e6ef2052-bbdd-40d3-b2b3-2890f5a29bb2", "router_id": "68cfa8ad-8a14-45cc-a292-f6aaa9c5dc44", "fixed_ip_address": "10.100.0.3", "floating_ip_address": "172.24.4.4", "tenant_id": "05a38f7205d14f75b0bf54a121a0e67d", "status": "DOWN", "port_id": "38f28986-2209-4e36-8eda-bb332ee51678", "id": "b2aaec98-49f7-4ff7-bdf1-de0651c55747"}}
2015-12-07 14:46:51,340 20838 INFO     [tempest_lib.common.rest_client] Request (TestNetworkBasicOps:test_connectivity_between_vms_on_different_networks): 200 GET http://10.0.2.15:9696/v2.0/floatingips/b2aaec98-49f7-4ff7-bdf1-de0651c55747 0.013s
2015-12-07 14:46:51,340 20838 DEBUG    [tempest_lib.common.rest_client] Request - Headers: {'Content-Type': 'application/json', 'Accept': 'application/json', 'X-Auth-Token': '&lt;omitted&gt;'}
        Body: None
    Response - Headers: {'status': '200', 'content-length': '369', 'content-location': 'http://10.0.2.15:9696/v2.0/floatingips/b2aaec98-49f7-4ff7-bdf1-de0651c55747', 'connection': 'close', 'date': 'Mon, 07 Dec 2015 14:46:51 GMT', 'content-type': 'application/json; charset=UTF-8', 'x-openstack-request-id': 'req-34757d84-6e22-439c-86c6-040588f47a50'}
        Body: {"floatingip": {"floating_network_id": "e6ef2052-bbdd-40d3-b2b3-2890f5a29bb2", "router_id": "68cfa8ad-8a14-45cc-a292-f6aaa9c5dc44", "fixed_ip_address": "10.100.0.3", "floating_ip_address": "172.24.4.4", "tenant_id": "05a38f7205d14f75b0bf54a121a0e67d", "status": "ACTIVE", "port_id": "38f28986-2209-4e36-8eda-bb332ee51678", "id": "b2aaec98-49f7-4ff7-bdf1-de0651c55747"}}
2015-12-07 14:46:51,340 20838 INFO     [tempest.scenario.manager] FloatingIP: &lt;"FloatingIP" addr="172.24.4.4" id="b2aaec98-49f7-4ff7-bdf1-de0651c55747"&gt; is at status: ACTIVE
2015-12-07 14:46:51,341 20838 DEBUG    [tempest.scenario.manager] checking network connections to IP 172.24.4.4 with user: cirros
2015-12-07 14:46:51,341 20838 DEBUG    [tempest.scenario.manager] TestNetworkBasicOps:test_connectivity_between_vms_on_different_networks begins to ping 172.24.4.4 in 120 sec and the expected result is reachable
2015-12-07 14:48:51,649 20838 DEBUG    [tempest.scenario.manager] TestNetworkBasicOps:test_connectivity_between_vms_on_different_networks finishes ping 172.24.4.4 in 120 sec and the ping result is unexpected
2015-12-07 14:48:51,650 20838 ERROR    [tempest.scenario.manager] Public network connectivity check failed
2015-12-07 14:48:51.650 20838 ERROR tempest.scenario.manager Traceback (most recent call last):
2015-12-07 14:48:51.650 20838 ERROR tempest.scenario.manager   File "tempest/scenario/manager.py", line 606, in check_public_network_connectivity
2015-12-07 14:48:51.650 20838 ERROR tempest.scenario.manager     should_connect=should_connect)
2015-12-07 14:48:51.650 20838 ERROR tempest.scenario.manager   File "tempest/scenario/manager.py", line 590, in check_vm_connectivity
2015-12-07 14:48:51.650 20838 ERROR tempest.scenario.manager     msg=msg)
2015-12-07 14:48:51.650 20838 ERROR tempest.scenario.manager   File "/usr/local/lib/python2.7/dist-packages/unittest2/case.py", line 702, in assertTrue
2015-12-07 14:48:51.650 20838 ERROR tempest.scenario.manager     raise self.failureException(msg)
2015-12-07 14:48:51.650 20838 ERROR tempest.scenario.manager AssertionError: False is not true : Timed out waiting for 172.24.4.4 to become reachable
2015-12-07 14:48:51.650 20838 ERROR tempest.scenario.manager 
2015-12-07 14:48:51,882 20838 INFO     [tempest_lib.common.rest_client] Request (TestNetworkBasicOps:test_connectivity_between_vms_on_different_networks): 200 POST http://10.0.2.15:8774/v2.1/05a38f7205d14f75b0bf54a121a0e67d/servers/21fcad4d-45f6-4b66-8e37-9c4f131e3b85/action 0.227s
2015-12-07 14:48:51,883 20838 DEBUG    [tempest_lib.common.rest_client] Request - Headers: {'Content-Type': 'application/json', 'Accept': 'application/json', 'X-Auth-Token': '&lt;omitted&gt;'}
        Body: {"os-getConsoleOutput": {}}
    Response - Headers: {'status': '200', 'content-length': '17429', 'x-compute-request-id': 'req-911d9929-710a-4243-b9f9-e4bec5213136', 'vary': 'X-OpenStack-Nova-API-Version', 'connection': 'close', 'x-openstack-nova-api-version': '2.1', 'date': 'Mon, 07 Dec 2015 14:48:51 GMT', 'content-type': 'application/json'}
        Body: {"output": "[    0.000000] Initializing cgroup subsys cpuset\n[    0.000000] Initializing cgroup subsys cpu\n[    0.000000] Linux version 3.2.0-80-virtual (buildd@batsu) (gcc version 4.6.3 (Ubuntu/Linaro 4.6.3-1ubuntu5) ) #116-Ubuntu SMP Mon Mar 23 17:28:52 UTC 2015 (Ubuntu 3.2.0-80.116-virtual 3.2.68)\n[    0.000000] Command line: root=/dev/vda console=tty0 console=ttyS0 no_timer_check\n[    0.000000] KERNEL supported cpus:\n[    0.000000]   Intel GenuineIntel\n[    0.000000]   AMD AuthenticAMD\n[    0.000000]   Centaur CentaurHauls\n[    0.000000] BIOS-provided physical RAM map:\n[    0.000000]  BIOS-e820: 0000000000000000 - 000000000009fc00 (usable)\n[    0.000000]  BIOS-e820: 000000000009fc00 - 00000000000a0000 (reserved)\n[    0.000000]  BIOS-e820: 00000000000f0000 - 0000000000100000 (reserved)\n[    0.000000]  BIOS-e820: 0000000000100000 - 0000000003ffe000 (usable)\n[    0.000000]  BIOS-e820: 0000000003ffe000 - 0000000004000000 (reserved)\n[    0.000000]  BIOS-e820: 00000000fffc0000 - 0000000100000000 (reserved)\n[    0.000000] NX (Execute Disable) protection: active\n[    0.000000] SMBIOS 2.4 present.\n[    0.000000] No AGP bridge found\n[    0.000000] last_pfn = 0x3ffe max_arch_pfn = 0x400000000\n[    0.000000] x86 PAT enabled: cpu 0, old 0x7040600070406, new 0x7010600070106\n[    0.000000] found SMP MP-table at [ffff8800000f0b00] f0b00\n[    0.000000] init_memory_mapping: 0000000000000000-0000000003ffe000\n[    0.000000] RAMDISK: 03c5e000 - 03ff0000\n[    0.000000] ACPI: RSDP 00000000000f0950 00014 (v00 BOCHS )\n[    0.000000] ACPI: RSDT 0000000003fffbc1 00034 (v01 BOCHS  BXPCRSDT 00000001 BXPC 00000001)\n[    0.000000] ACPI: FACP 0000000003fff1c0 00074 (v01 BOCHS  BXPCFACP 00000001 BXPC 00000001)\n[    0.000000] ACPI: DSDT 0000000003ffe040 01180 (v01 BOCHS  BXPCDSDT 00000001 BXPC 00000001)\n[    0.000000] ACPI: FACS 0000000003ffe000 00040\n[    0.000000] ACPI: SSDT 0000000003fff234 008DD (v01 BOCHS  BXPCSSDT 00000001 BXPC 00000001)\n[    0.000000] ACPI: APIC 0000000003fffb11 00078 (v01 BOCHS  BXPCAPIC 00000001 BXPC 00000001)\n[    0.000000] ACPI: HPET 0000000003fffb89 00038 (v01 BOCHS  BXPCHPET 00000001 BXPC 00000001)\n[    0.000000] No NUMA configuration found\n[    0.000000] Faking a node at 0000000000000000-0000000003ffe000\n[    0.000000] Initmem setup node 0 0000000000000000-0000000003ffe000\n[    0.000000]   NODE_DATA [0000000003ff6000 - 0000000003ffafff]\n[    0.000000] Zone PFN ranges:\n[    0.000000]   DMA      0x00000010 -&gt; 0x00001000\n[    0.000000]   DMA32    0x00001000 -&gt; 0x00100000\n[    0.000000]   Normal   empty\n[    0.000000] Movable zone start PFN for each node\n[    0.000000] early_node_map[2] active PFN ranges\n[    0.000000]     0: 0x00000010 -&gt; 0x0000009f\n[    0.000000]     0: 0x00000100 -&gt; 0x00003ffe\n[    0.000000] ACPI: PM-Timer IO Port: 0xb008\n[    0.000000] ACPI: LAPIC (acpi_id[0x00] lapic_id[0x00] enabled)\n[    0.000000] ACPI: LAPIC_NMI (acpi_id[0xff] dfl dfl lint[0x1])\n[    0.000000] ACPI: IOAPIC (id[0x00] address[0xfec00000] gsi_base[0])\n[    0.000000] IOAPIC[0]: apic_id 0, version 17, address 0xfec00000, GSI 0-23\n[    0.000000] ACPI: INT_SRC_OVR (bus 0 bus_irq 0 global_irq 2 dfl dfl)\n[    0.000000] ACPI: INT_SRC_OVR (bus 0 bus_irq 5 global_irq 5 high level)\n[    0.000000] ACPI: INT_SRC_OVR (bus 0 bus_irq 9 global_irq 9 high level)\n[    0.000000] ACPI: INT_SRC_OVR (bus 0 bus_irq 10 global_irq 10 high level)\n[    0.000000] ACPI: INT_SRC_OVR (bus 0 bus_irq 11 global_irq 11 high level)\n[    0.000000] Using ACPI (MADT) for SMP configuration information\n[    0.000000] ACPI: HPET id: 0x8086a201 base: 0xfed00000\n[    0.000000] SMP: Allowing 1 CPUs, 0 hotplug CPUs\n[    0.000000] PM: Registered nosave memory: 000000000009f000 - 00000000000a0000\n[    0.000000] PM: Registered nosave memory: 00000000000a0000 - 00000000000f0000\n[    0.000000] PM: Registered nosave memory: 00000000000f0000 - 0000000000100000\n[    0.000000] Allocating PCI resources starting at 4000000 (gap: 4000000:fbfc0000)\n[    0.000000] Booting paravirtualized kernel on bare hardware\n[    0.000000] setup_pe
2015-12-07 14:48:51,886 20838 DEBUG    [tempest.scenario.manager] Console output for 21fcad4d-45f6-4b66-8e37-9c4f131e3b85
body=
[    0.000000] Initializing cgroup subsys cpuset
[    0.000000] Initializing cgroup subsys cpu
[    0.000000] Linux version 3.2.0-80-virtual (buildd@batsu) (gcc version 4.6.3 (Ubuntu/Linaro 4.6.3-1ubuntu5) ) #116-Ubuntu SMP Mon Mar 23 17:28:52 UTC 2015 (Ubuntu 3.2.0-80.116-virtual 3.2.68)
[    0.000000] Command line: root=/dev/vda console=tty0 console=ttyS0 no_timer_check
[    0.000000] KERNEL supported cpus:
[    0.000000]   Intel GenuineIntel
[    0.000000]   AMD AuthenticAMD
[    0.000000]   Centaur CentaurHauls
[    0.000000] BIOS-provided physical RAM map:
[    0.000000]  BIOS-e820: 0000000000000000 - 000000000009fc00 (usable)
[    0.000000]  BIOS-e820: 000000000009fc00 - 00000000000a0000 (reserved)
[    0.000000]  BIOS-e820: 00000000000f0000 - 0000000000100000 (reserved)
[    0.000000]  BIOS-e820: 0000000000100000 - 0000000003ffe000 (usable)
[    0.000000]  BIOS-e820: 0000000003ffe000 - 0000000004000000 (reserved)
[    0.000000]  BIOS-e820: 00000000fffc0000 - 0000000100000000 (reserved)
[    0.000000] NX (Execute Disable) protection: active
[    0.000000] SMBIOS 2.4 present.
[    0.000000] No AGP bridge found
[    0.000000] last_pfn = 0x3ffe max_arch_pfn = 0x400000000
[    0.000000] x86 PAT enabled: cpu 0, old 0x7040600070406, new 0x7010600070106
[    0.000000] found SMP MP-table at [ffff8800000f0b00] f0b00
[    0.000000] init_memory_mapping: 0000000000000000-0000000003ffe000
[    0.000000] RAMDISK: 03c5e000 - 03ff0000
[    0.000000] ACPI: RSDP 00000000000f0950 00014 (v00 BOCHS )
[    0.000000] ACPI: RSDT 0000000003fffbc1 00034 (v01 BOCHS  BXPCRSDT 00000001 BXPC 00000001)
[    0.000000] ACPI: FACP 0000000003fff1c0 00074 (v01 BOCHS  BXPCFACP 00000001 BXPC 00000001)
[    0.000000] ACPI: DSDT 0000000003ffe040 01180 (v01 BOCHS  BXPCDSDT 00000001 BXPC 00000001)
[    0.000000] ACPI: FACS 0000000003ffe000 00040
[    0.000000] ACPI: SSDT 0000000003fff234 008DD (v01 BOCHS  BXPCSSDT 00000001 BXPC 00000001)
[    0.000000] ACPI: APIC 0000000003fffb11 00078 (v01 BOCHS  BXPCAPIC 00000001 BXPC 00000001)
[    0.000000] ACPI: HPET 0000000003fffb89 00038 (v01 BOCHS  BXPCHPET 00000001 BXPC 00000001)
[    0.000000] No NUMA configuration found
[    0.000000] Faking a node at 0000000000000000-0000000003ffe000
[    0.000000] Initmem setup node 0 0000000000000000-0000000003ffe000
[    0.000000]   NODE_DATA [0000000003ff6000 - 0000000003ffafff]
[    0.000000] Zone PFN ranges:
[    0.000000]   DMA      0x00000010 -&gt; 0x00001000
[    0.000000]   DMA32    0x00001000 -&gt; 0x00100000
[    0.000000]   Normal   empty
[    0.000000] Movable zone start PFN for each node
[    0.000000] early_node_map[2] active PFN ranges
[    0.000000]     0: 0x00000010 -&gt; 0x0000009f
[    0.000000]     0: 0x00000100 -&gt; 0x00003ffe
[    0.000000] ACPI: PM-Timer IO Port: 0xb008
[    0.000000] ACPI: LAPIC (acpi_id[0x00] lapic_id[0x00] enabled)
[    0.000000] ACPI: LAPIC_NMI (acpi_id[0xff] dfl dfl lint[0x1])
[    0.000000] ACPI: IOAPIC (id[0x00] address[0xfec00000] gsi_base[0])
[    0.000000] IOAPIC[0]: apic_id 0, version 17, address 0xfec00000, GSI 0-23
[    0.000000] ACPI: INT_SRC_OVR (bus 0 bus_irq 0 global_irq 2 dfl dfl)
[    0.000000] ACPI: INT_SRC_OVR (bus 0 bus_irq 5 global_irq 5 high level)
[    0.000000] ACPI: INT_SRC_OVR (bus 0 bus_irq 9 global_irq 9 high level)
[    0.000000] ACPI: INT_SRC_OVR (bus 0 bus_irq 10 global_irq 10 high level)
[    0.000000] ACPI: INT_SRC_OVR (bus 0 bus_irq 11 global_irq 11 high level)
[    0.000000] Using ACPI (MADT) for SMP configuration information
[    0.000000] ACPI: HPET id: 0x8086a201 base: 0xfed00000
[    0.000000] SMP: Allowing 1 CPUs, 0 hotplug CPUs
[    0.000000] PM: Registered nosave memory: 000000000009f000 - 00000000000a0000
[    0.000000] PM: Registered nosave memory: 00000000000a0000 - 00000000000f0000
[    0.000000] PM: Registered nosave memory: 00000000000f0000 - 0000000000100000
[    0.000000] Allocating PCI resources starting at 4000000 (gap: 4000000:fbfc0000)
[    0.000000] Booting paravirtualized kernel on bare hardware
[    0.000000] setup_percpu: NR_CPUS:64 nr_cpumask_bits:64 nr_cpu_ids:1 nr_node_ids:1
[    0.000000] PERCPU: Embedded 27 pages/cpu @ffff880003a00000 s78848 r8192 d23552 u2097152
[    0.000000] Built 1 zonelists in Node order, mobility grouping on.  Total pages: 16008
[    0.000000] Policy zone: DMA32
[    0.000000] Kernel command line: root=/dev/vda console=tty0 console=ttyS0 no_timer_check
[    0.000000] PID hash table entries: 256 (order: -1, 2048 bytes)
[    0.000000] Checking aperture...
[    0.000000] No AGP bridge found
[    0.000000] Memory: 43492k/65528k available (6576k kernel code, 452k absent, 21584k reserved, 6620k data, 928k init)
[    0.000000] SLUB: Genslabs=15, HWalign=64, Order=0-3, MinObjects=0, CPUs=1, Nodes=1
[    0.000000] Hierarchical RCU implementation.
[    0.000000] 	RCU dyntick-idle grace-period acceleration is enabled.
[    0.000000] NR_IRQS:4352 nr_irqs:256 16
[    0.000000] Console: colour VGA+ 80x25
[    0.000000] console [tty0] enabled
[    0.000000] console [ttyS0] enabled
[    0.000000] allocated 1048576 bytes of page_cgroup
[    0.000000] please try 'cgroup_disable=memory' option if you don't want memory cgroups
[    0.000000] Fast TSC calibration failed
[    0.000000] TSC: Unable to calibrate against PIT
[    0.000000] TSC: using HPET reference calibration
[    0.000000] Detected 2291.849 MHz processor.
[    0.032853] Calibrating delay loop (skipped), value calculated using timer frequency.. 4583.69 BogoMIPS (lpj=9167396)
[    0.036771] pid_max: default: 32768 minimum: 301
[    0.045295] Security Framework initialized
[    0.050517] AppArmor: AppArmor initialized
[    0.051177] Yama: becoming mindful.
[    0.058203] Dentry cache hash table entries: 8192 (order: 4, 65536 bytes)
[    0.060595] Inode-cache hash table entries: 4096 (order: 3, 32768 bytes)
[    0.062245] Mount-cache hash table entries: 256
[    0.078929] Initializing cgroup subsys cpuacct
[    0.080156] Initializing cgroup subsys memory
[    0.081562] Initializing cgroup subsys devices
[    0.082307] Initializing cgroup subsys freezer
[    0.084136] Initializing cgroup subsys blkio
[    0.084920] Initializing cgroup subsys perf_event
[    0.089209] mce: CPU supports 10 MCE banks
[    0.093460] SMP alternatives: switching to UP code
[    0.489761] Freeing SMP alternatives: 24k freed
[    0.492196] ACPI: Core revision 20110623
[    0.539114] ftrace: allocating 26610 entries in 105 pages
[    0.573604] ..TIMER: vector=0x30 apic1=0 pin1=2 apic2=-1 pin2=-1
[    0.575300] CPU0: AMD QEMU Virtual CPU version 2.0.0 stepping 03
[    0.580035] Performance Events: Broken PMU hardware detected, using software events only.
[    0.590066] NMI watchdog disabled (cpu0): hardware events not enabled
[    0.592787] Brought up 1 CPUs
[    0.593317] Total of 1 processors activated (4583.69 BogoMIPS).
[    0.622668] devtmpfs: initialized
[    0.657164] EVM: security.selinux
[    0.657668] EVM: security.SMACK64
[    0.658168] EVM: security.capability
[    0.684574] print_constraints: dummy: 
[    0.686269] RTC time: 14:46:51, date: 12/07/15
[    0.689484] NET: Registered protocol family 16
[    0.697442] ACPI: bus type pci registered
[    0.701750] PCI: Using configuration type 1 for base access
[    0.729709] bio: create slab &lt;bio-0&gt; at 0
[    0.734283] ACPI: Added _OSI(Module Device)
[    0.734855] ACPI: Added _OSI(Processor Device)
[    0.735457] ACPI: Added _OSI(3.0 _SCP Extensions)
[    0.736109] ACPI: Added _OSI(Processor Aggregator Device)
[    0.805623] ACPI: Interpreter enabled
[    0.807601] ACPI: (supports S0 S3 S4 S5)
[    0.809409] ACPI: Using IOAPIC for interrupt routing
[    0.885362] ACPI: No dock devices found.
[    0.886177] HEST: Table not found.
[    0.886843] PCI: Using host bridge windows from ACPI; if necessary, use "pci=nocrs" and report a bug
[    0.894279] ACPI: PCI Root Bridge [PCI0] (domain 0000 [bus 00-ff])
[    0.900273] pci_root PNP0A03:00: host bridge window [io  0x0000-0x0cf7]
[    0.901160] pci_root PNP0A03:00: host bridge window [io  0x0d00-0xadff]
[    0.901945] pci_root PNP0A03:00: host bridge window [io  0xae0f-0xaeff]
[    0.902764] pci_root PNP0A03:00: host bridge window [io  0xaf20-0xafdf]
[    0.904055] pci_root PNP0A03:00: host bridge window [io  0xafe4-0xffff]
[    0.904163] pci_root PNP0A03:00: host bridge window [mem 0x000a0000-0x000bffff]
[    0.905078] pci_root PNP0A03:00: host bridge window [mem 0x04000000-0xfebfffff]
[    0.928223] pci 0000:00:01.3: quirk: [io  0xb000-0xb03f] claimed by PIIX4 ACPI
[    0.929296] pci 0000:00:01.3: quirk: [io  0xb100-0xb10f] claimed by PIIX4 SMB
[    1.000183]  pci0000:00: Unable to request _OSC control (_OSC support mask: 0x1e)
[    1.070680] ACPI: PCI Interrupt Link [LNKA] (IRQs 5 *10 11)
[    1.073404] ACPI: PCI Interrupt Link [LNKB] (IRQs 5 *10 11)
[    1.076128] ACPI: PCI Interrupt Link [LNKC] (IRQs 5 10 *11)
[    1.078118] ACPI: PCI Interrupt Link [LNKD] (IRQs 5 10 *11)
[    1.080355] ACPI: PCI Interrupt Link [LNKS] (IRQs *9)
[    1.089101] vgaarb: device added: PCI:0000:00:02.0,decodes=io+mem,owns=io+mem,locks=none
[    1.090512] vgaarb: loaded
[    1.090920] vgaarb: bridge control possible 0000:00:02.0
[    1.096237] i2c-core: driver [aat2870] using legacy suspend method
[    1.097278] i2c-core: driver [aat2870] using legacy resume method
[    1.100555] SCSI subsystem initialized
[    1.104733] usbcore: registered new interface driver usbfs
[    1.105978] usbcore: registered new interface driver hub
[    1.107207] usbcore: registered new device driver usb
[    1.112600] PCI: Using ACPI for IRQ routing
[    1.125187] NetLabel: Initializing
[    1.125689] NetLabel:  domain hash size = 128
[    1.126373] NetLabel:  protocols = UNLABELED CIPSOv4
[    1.128921] NetLabel:  unlabeled traffic allowed by default
[    1.131211] HPET: 3 timers in total, 0 timers will be used for per-cpu timer
[    1.132493] hpet0: at MMIO 0xfed00000, IRQs 2, 8, 0
[    1.133707] hpet0: 3 comparators, 64-bit 100.000000 MHz counter
[    1.149380] Switching to clocksource hpet
[    1.383032] AppArmor: AppArmor Filesystem Enabled
[    1.385736] pnp: PnP ACPI init
[    1.386041] ACPI: bus type pnp registered
[    1.413135] pnp: PnP ACPI: found 9 devices
[    1.413690] ACPI: ACPI bus type pnp unregistered
[    1.478587] NET: Registered protocol family 2
[    1.510416] IP route cache hash table entries: 512 (order: 0, 4096 bytes)
[    1.518473] TCP established hash table entries: 2048 (order: 3, 32768 bytes)
[    1.519868] TCP bind hash table entries: 2048 (order: 3, 32768 bytes)
[    1.521428] TCP: Hash tables configured (established 2048 bind 2048)
[    1.522255] TCP reno registered
[    1.522806] UDP hash table entries: 128 (order: 0, 4096 bytes)
[    1.523757] UDP-Lite hash table entries: 128 (order: 0, 4096 bytes)
[    1.527116] NET: Registered protocol family 1
[    1.528137] pci 0000:00:00.0: Limiting direct PCI/PCI transfers
[    1.529597] pci 0000:00:01.0: PIIX3: Enabling Passive Release
[    1.530687] pci 0000:00:01.0: Activating ISA DMA hang workarounds
[    1.536002] ACPI: PCI Interrupt Link [LNKD] enabled at IRQ 11
[    1.538014] pci 0000:00:01.2: PCI INT D -&gt; Link[LNKD] -&gt; GSI 11 (level, high) -&gt; IRQ 11
[    1.541297] pci 0000:00:01.2: PCI INT D disabled
[    1.561640] Trying to unpack rootfs image as initramfs...
[    1.578894] audit: initializing netlink socket (disabled)
[    1.581088] type=2000 audit(1449499611.576:1): initialized
[    1.871454] HugeTLB registered 2 MB page size, pre-allocated 0 pages
[    1.947988] VFS: Disk quotas dquot_6.5.2
[    1.950022] Dquot-cache hash table entries: 512 (order 0, 4096 bytes)
[    1.970495] fuse init (API version 7.17)
[    1.973950] msgmni has been set to 84
[    2.005906] Block layer SCSI generic (bsg) driver version 0.4 loaded (major 253)
[    2.007522] io scheduler noop registered
[    2.008062] io scheduler deadline registered (default)
[    2.011417] io scheduler cfq registered
[    2.014839] pci_hotplug: PCI Hot Plug PCI Core version: 0.5
[    2.017663] pciehp: PCI Express Hot Plug Controller Driver version: 0.4
[    2.024223] input: Power Button as /devices/LNXSYSTM:00/LNXPWRBN:00/input/input0
[    2.026858] ACPI: Power Button [PWRF]
[    2.081973] ERST: Table is not found!
[    2.082586] GHES: HEST is not enabled!
[    2.094649] ACPI: PCI Interrupt Link [LNKC] enabled at IRQ 10
[    2.095922] virtio-pci 0000:00:03.0: PCI INT A -&gt; Link[LNKC] -&gt; GSI 10 (level, high) -&gt; IRQ 10
[    2.105323] virtio-pci 0000:00:04.0: PCI INT A -&gt; Link[LNKD] -&gt; GSI 11 (level, high) -&gt; IRQ 11
[    2.122232] ACPI: PCI Interrupt Link [LNKA] enabled at IRQ 10
[    2.122915] virtio-pci 0000:00:05.0: PCI INT A -&gt; Link[LNKA] -&gt; GSI 10 (level, high) -&gt; IRQ 10
[    2.133791] Serial: 8250/16550 driver, 32 ports, IRQ sharing enabled
[    2.179252] serial8250: ttyS0 at I/O 0x3f8 (irq = 4) is a 16550A
[    2.279099] serial8250: ttyS1 at I/O 0x2f8 (irq = 3) is a 16550A
[    2.422317] 00:05: ttyS0 at I/O 0x3f8 (irq = 4) is a 16550A
[    2.490510] 00:06: ttyS1 at I/O 0x2f8 (irq = 3) is a 16550A
[    2.535803] Linux agpgart interface v0.103
[    2.555240] Refined TSC clocksource calibration: 2291.854 MHz.
[    2.556330] Switching to clocksource tsc
[    2.617919] brd: module loaded
[    2.649772] loop: module loaded
[    2.705956]  vda: unknown partition table
[    2.757427] scsi0 : ata_piix
[    2.759738] scsi1 : ata_piix
[    2.761977] ata1: PATA max MWDMA2 cmd 0x1f0 ctl 0x3f6 bmdma 0xc0a0 irq 14
[    2.763138] ata2: PATA max MWDMA2 cmd 0x170 ctl 0x376 bmdma 0xc0a8 irq 15
[    2.774365] Fixed MDIO Bus: probed
[    2.775215] tun: Universal TUN/TAP device driver, 1.6
[    2.775910] tun: (C) 1999-2004 Max Krasnyansky &lt;maxk@qualcomm.com&gt;
[    2.797643] PPP generic driver version 2.4.2
[    2.815778] ehci_hcd: USB 2.0 'Enhanced' Host Controller (EHCI) Driver
[    2.817618] ohci_hcd: USB 1.1 'Open' Host Controller (OHCI) Driver
[    2.818643] uhci_hcd: USB Universal Host Controller Interface driver
[    2.819664] uhci_hcd 0000:00:01.2: PCI INT D -&gt; Link[LNKD] -&gt; GSI 11 (level, high) -&gt; IRQ 11
[    2.823359] uhci_hcd 0000:00:01.2: UHCI Host Controller
[    2.837079] uhci_hcd 0000:00:01.2: new USB bus registered, assigned bus number 1
[    2.838915] uhci_hcd 0000:00:01.2: irq 11, io base 0x0000c040
[    2.861368] hub 1-0:1.0: USB hub found
[    2.863409] hub 1-0:1.0: 2 ports detected
[    2.872173] usbcore: registered new interface driver libusual
[    2.877875] i8042: PNP: PS/2 Controller [PNP0303:KBD,PNP0f13:MOU] at 0x60,0x64 irq 1,12
[    2.889070] serio: i8042 KBD port at 0x60,0x64 irq 1
[    2.890954] serio: i8042 AUX port at 0x60,0x64 irq 12
[    2.935810] mousedev: PS/2 mouse device common for all mice
[    2.945464] input: AT Translated Set 2 keyboard as /devices/platform/i8042/serio0/input/input1
[    2.954661] rtc_cmos 00:01: RTC can wake from S4
[    2.978770] rtc_cmos 00:01: rtc core: registered rtc_cmos as rtc0
[    2.982631] rtc0: alarms up to one day, 114 bytes nvram, hpet irqs
[    2.987125] device-mapper: uevent: version 1.0.3
[    3.006610] ata2.01: ATAPI: QEMU DVD-ROM, 2.0.0, max UDMA/100
[    3.012047] ata2.01: configured for MWDMA2
[    3.046552] device-mapper: ioctl: 4.22.0-ioctl (2011-10-19) initialised: dm-devel@redhat.com
[    3.049589] cpuidle: using governor ladder
[    3.050744] cpuidle: using governor menu
[    3.051337] EFI Variables Facility v0.08 2004-May-17
[    3.064467] TCP cubic registered
[    3.073486] NET: Registered protocol family 10
[    3.104153] NET: Registered protocol family 17
[    3.107878] Registering the dns_resolver key type
[    3.123914] scsi 1:0:1:0: CD-ROM            QEMU     QEMU DVD-ROM     2.0. PQ: 0 ANSI: 5
[    3.161575] sr0: scsi3-mmc drive: 4x/4x cd/rw xa/form2 tray
[    3.163510] cdrom: Uniform CD-ROM driver Revision: 3.20
[    3.174730] sr 1:0:1:0: Attached scsi generic sg0 type 5
[    3.225932] Freeing initrd memory: 3656k freed
[    3.250653] registered taskstats version 1
[    3.794530]   Magic number: 11:283:788
[    3.805260] rtc_cmos 00:01: setting system clock to 2015-12-07 14:46:54 UTC (1449499614)
[    3.809080] powernow-k8: Processor cpuid 663 not supported
[    3.818440] BIOS EDD facility v0.16 2004-Jun-25, 0 devices found
[    3.819669] EDD information not available.
[    3.897494] Freeing unused kernel memory: 928k freed
[    3.900122] Write protecting the kernel read-only data: 12288k
[    3.978962] Freeing unused kernel memory: 1596k freed
[    4.033040] Freeing unused kernel memory: 1184k freed

info: initramfs: up at 4.21
modprobe: module virtio_blk not found in modules.dep
modprobe: module virtio_net not found in modules.dep
info: copying initramfs to /dev/vda
info: initramfs loading root from /dev/vda
info: /etc/init.d/rc.sysinit: up at 8.92
info: container: none
Starting logging: OK
modprobe: module virtio_blk not found in modules.dep
modprobe: module virtio_net not found in modules.dep
WARN: /etc/rc3.d/S10-load-modules failed
Initializing random number generator... done.
Starting acpid: OK
cirros-ds 'local' up at 11.43
found datasource (configdrive, local)
Starting network...
udhcpc (v1.20.1) started
Sending discover...
Sending discover...

2015-12-07 14:48:52,170 20838 INFO     [tempest_lib.common.rest_client] Request (TestNetworkBasicOps:_run_cleanups): 204 DELETE http://10.0.2.15:9696/v2.0/floatingips/b2aaec98-49f7-4ff7-bdf1-de0651c55747 0.279s
2015-12-07 14:48:52,171 20838 DEBUG    [tempest_lib.common.rest_client] Request - Headers: {'Content-Type': 'application/json', 'Accept': 'application/json', 'X-Auth-Token': '&lt;omitted&gt;'}
        Body: None
    Response - Headers: {'date': 'Mon, 07 Dec 2015 14:48:52 GMT', 'status': '204', 'connection': 'close', 'content-length': '0', 'x-openstack-request-id': 'req-43f3a86a-3abb-4c65-811b-ca1d55977f00'}
        Body: 
2015-12-07 14:48:52,388 20838 INFO     [tempest_lib.common.rest_client] Request (TestNetworkBasicOps:_run_cleanups): 204 DELETE http://10.0.2.15:8774/v2.1/05a38f7205d14f75b0bf54a121a0e67d/servers/21fcad4d-45f6-4b66-8e37-9c4f131e3b85 0.216s
2015-12-07 14:48:52,388 20838 DEBUG    [tempest_lib.common.rest_client] Request - Headers: {'Content-Type': 'application/json', 'Accept': 'application/json', 'X-Auth-Token': '&lt;omitted&gt;'}
        Body: None
    Response - Headers: {'status': '204', 'content-length': '0', 'x-compute-request-id': 'req-acc839e0-2480-4763-82d8-cb9092140370', 'vary': 'X-OpenStack-Nova-API-Version', 'connection': 'close', 'x-openstack-nova-api-version': '2.1', 'date': 'Mon, 07 Dec 2015 14:48:52 GMT', 'content-type': 'application/json'}
        Body: 
2015-12-07 14:48:52,712 20838 INFO     [tempest_lib.common.rest_client] Request (TestNetworkBasicOps:_run_cleanups): 200 GET http://10.0.2.15:8774/v2.1/05a38f7205d14f75b0bf54a121a0e67d/servers/21fcad4d-45f6-4b66-8e37-9c4f131e3b85 0.323s
2015-12-07 14:48:52,713 20838 DEBUG    [tempest_lib.common.rest_client] Request - Headers: {'Content-Type': 'application/json', 'Accept': 'application/json', 'X-Auth-Token': '&lt;omitted&gt;'}
        Body: None
    Response - Headers: {'status': '200', 'content-length': '1776', 'content-location': 'http://10.0.2.15:8774/v2.1/05a38f7205d14f75b0bf54a121a0e67d/servers/21fcad4d-45f6-4b66-8e37-9c4f131e3b85', 'x-compute-request-id': 'req-a6fe6005-dfdc-48b7-a8f5-6006d3bca169', 'vary': 'X-OpenStack-Nova-API-Version', 'connection': 'close', 'x-openstack-nova-api-version': '2.1', 'date': 'Mon, 07 Dec 2015 14:48:52 GMT', 'content-type': 'application/json'}
        Body: {"server": {"status": "ACTIVE", "updated": "2015-12-07T14:48:52Z", "hostId": "e598b511356734ee2ca444fb6718f8c4c70964210f46583ce62e83d6", "addresses": {"tempest-network-smoke--1258815363": [{"OS-EXT-IPS-MAC:mac_addr": "fa:16:3e:a6:8e:e2", "version": 4, "addr": "10.100.0.3", "OS-EXT-IPS:type": "fixed"}, {"OS-EXT-IPS-MAC:mac_addr": "fa:16:3e:a6:8e:e2", "version": 4, "addr": "172.24.4.4", "OS-EXT-IPS:type": "floating"}]}, "links": [{"href": "http://10.0.2.15:8774/v2.1/05a38f7205d14f75b0bf54a121a0e67d/servers/21fcad4d-45f6-4b66-8e37-9c4f131e3b85", "rel": "self"}, {"href": "http://10.0.2.15:8774/05a38f7205d14f75b0bf54a121a0e67d/servers/21fcad4d-45f6-4b66-8e37-9c4f131e3b85", "rel": "bookmark"}], "key_name": "tempest-TestNetworkBasicOps-1641528560", "image": {"id": "79cb6d99-358d-4b86-b70c-1eb0eb571b69", "links": [{"href": "http://10.0.2.15:8774/05a38f7205d14f75b0bf54a121a0e67d/images/79cb6d99-358d-4b86-b70c-1eb0eb571b69", "rel": "bookmark"}]}, "OS-EXT-STS:task_state": "deleting", "OS-EXT-STS:vm_state": "active", "OS-SRV-USG:launched_at": "2015-12-07T14:46:48.000000", "flavor": {"id": "42", "links": [{"href": "http://10.0.2.15:8774/05a38f7205d14f75b0bf54a121a0e67d/flavors/42", "rel": "bookmark"}]}, "id": "21fcad4d-45f6-4b66-8e37-9c4f131e3b85", "security_groups": [{"name": "tempest-secgroup-smoke-633082041"}], "OS-SRV-USG:terminated_at": null, "OS-EXT-AZ:availability_zone": "nova", "user_id": "171909f0c9204635aef09f047ec34227", "name": "tempest.common.compute-instance-1065752967", "created": "2015-12-07T14:46:44Z", "tenant_id": "05a38f7205d14f75b0bf54a121a0e67d", "OS-DCF:diskConfig": "MANUAL", "os-extended-volumes:volumes_attached": [], "accessIPv4": "", "accessIPv6": "", "progress": 0, "OS-EXT-STS:power_state": 1, "config_drive": "True", "metadata": {}}}
2015-12-07 14:48:53,915 20838 INFO     [tempest_lib.common.rest_client] Request (TestNetworkBasicOps:_run_cleanups): 200 GET http://10.0.2.15:8774/v2.1/05a38f7205d14f75b0bf54a121a0e67d/servers/21fcad4d-45f6-4b66-8e37-9c4f131e3b85 0.191s
2015-12-07 14:48:53,915 20838 DEBUG    [tempest_lib.common.rest_client] Request - Headers: {'Content-Type': 'application/json', 'Accept': 'application/json', 'X-Auth-Token': '&lt;omitted&gt;'}
        Body: None
    Response - Headers: {'status': '200', 'content-length': '1441', 'content-location': 'http://10.0.2.15:8774/v2.1/05a38f7205d14f75b0bf54a121a0e67d/servers/21fcad4d-45f6-4b66-8e37-9c4f131e3b85', 'x-compute-request-id': 'req-1ba63992-7031-4768-9f1b-bf021cef97e6', 'vary': 'X-OpenStack-Nova-API-Version', 'connection': 'close', 'x-openstack-nova-api-version': '2.1', 'date': 'Mon, 07 Dec 2015 14:48:53 GMT', 'content-type': 'application/json'}
        Body: {"server": {"status": "ACTIVE", "updated": "2015-12-07T14:48:53Z", "hostId": "e598b511356734ee2ca444fb6718f8c4c70964210f46583ce62e83d6", "addresses": {}, "links": [{"href": "http://10.0.2.15:8774/v2.1/05a38f7205d14f75b0bf54a121a0e67d/servers/21fcad4d-45f6-4b66-8e37-9c4f131e3b85", "rel": "self"}, {"href": "http://10.0.2.15:8774/05a38f7205d14f75b0bf54a121a0e67d/servers/21fcad4d-45f6-4b66-8e37-9c4f131e3b85", "rel": "bookmark"}], "key_name": "tempest-TestNetworkBasicOps-1641528560", "image": {"id": "79cb6d99-358d-4b86-b70c-1eb0eb571b69", "links": [{"href": "http://10.0.2.15:8774/05a38f7205d14f75b0bf54a121a0e67d/images/79cb6d99-358d-4b86-b70c-1eb0eb571b69", "rel": "bookmark"}]}, "OS-EXT-STS:task_state": "deleting", "OS-EXT-STS:vm_state": "active", "OS-SRV-USG:launched_at": "2015-12-07T14:46:48.000000", "flavor": {"id": "42", "links": [{"href": "http://10.0.2.15:8774/05a38f7205d14f75b0bf54a121a0e67d/flavors/42", "rel": "bookmark"}]}, "id": "21fcad4d-45f6-4b66-8e37-9c4f131e3b85", "OS-SRV-USG:terminated_at": null, "OS-EXT-AZ:availability_zone": "nova", "user_id": "171909f0c9204635aef09f047ec34227", "name": "tempest.common.compute-instance-1065752967", "created": "2015-12-07T14:46:44Z", "tenant_id": "05a38f7205d14f75b0bf54a121a0e67d", "OS-DCF:diskConfig": "MANUAL", "os-extended-volumes:volumes_attached": [], "accessIPv4": "", "accessIPv6": "", "progress": 0, "OS-EXT-STS:power_state": 1, "config_drive": "True", "metadata": {}}}
2015-12-07 14:48:55,006 20838 INFO     [tempest_lib.common.rest_client] Request (TestNetworkBasicOps:_run_cleanups): 404 GET http://10.0.2.15:8774/v2.1/05a38f7205d14f75b0bf54a121a0e67d/servers/21fcad4d-45f6-4b66-8e37-9c4f131e3b85 0.080s
2015-12-07 14:48:55,007 20838 DEBUG    [tempest_lib.common.rest_client] Request - Headers: {'Content-Type': 'application/json', 'Accept': 'application/json', 'X-Auth-Token': '&lt;omitted&gt;'}
        Body: None
    Response - Headers: {'status': '404', 'content-length': '111', 'x-compute-request-id': 'req-78555d42-8af6-4e32-9496-08e170baaf9c', 'vary': 'X-OpenStack-Nova-API-Version', 'connection': 'close', 'x-openstack-nova-api-version': '2.1', 'date': 'Mon, 07 Dec 2015 14:48:55 GMT', 'content-type': 'application/json; charset=UTF-8'}
        Body: {"itemNotFound": {"message": "Instance 21fcad4d-45f6-4b66-8e37-9c4f131e3b85 could not be found.", "code": 404}}
2015-12-07 14:48:55,028 20838 INFO     [tempest_lib.common.rest_client] Request (TestNetworkBasicOps:_run_cleanups): 202 DELETE http://10.0.2.15:8774/v2.1/05a38f7205d14f75b0bf54a121a0e67d/os-keypairs/tempest-TestNetworkBasicOps-1641528560 0.020s
2015-12-07 14:48:55,028 20838 DEBUG    [tempest_lib.common.rest_client] Request - Headers: {'Content-Type': 'application/json', 'Accept': 'application/json', 'X-Auth-Token': '&lt;omitted&gt;'}
        Body: None
    Response - Headers: {'status': '202', 'content-length': '0', 'x-compute-request-id': 'req-75c45c4f-70ca-44d5-936d-74febfcb3922', 'vary': 'X-OpenStack-Nova-API-Version', 'connection': 'close', 'x-openstack-nova-api-version': '2.1', 'date': 'Mon, 07 Dec 2015 14:48:55 GMT', 'content-type': 'application/json'}
        Body: 
2015-12-07 14:48:55,474 20838 INFO     [tempest_lib.common.rest_client] Request (TestNetworkBasicOps:_run_cleanups): 200 PUT http://10.0.2.15:9696/v2.0/routers/68cfa8ad-8a14-45cc-a292-f6aaa9c5dc44/remove_router_interface 0.445s
2015-12-07 14:48:55,475 20838 DEBUG    [tempest_lib.common.rest_client] Request - Headers: {'Content-Type': 'application/json', 'Accept': 'application/json', 'X-Auth-Token': '&lt;omitted&gt;'}
        Body: {"subnet_id": "1fbbf43e-f754-49ba-af35-34a07e1cf0c3"}
    Response - Headers: {'status': '200', 'content-length': '255', 'connection': 'close', 'date': 'Mon, 07 Dec 2015 14:48:55 GMT', 'content-type': 'application/json; charset=UTF-8', 'x-openstack-request-id': 'req-cf6ccf2a-2577-4964-8327-d6d14fc7bb88'}
        Body: {"subnet_id": "1fbbf43e-f754-49ba-af35-34a07e1cf0c3", "tenant_id": "05a38f7205d14f75b0bf54a121a0e67d", "subnet_ids": ["1fbbf43e-f754-49ba-af35-34a07e1cf0c3"], "port_id": "a332aaa1-50bb-47e0-932a-3c7f906c920f", "id": "68cfa8ad-8a14-45cc-a292-f6aaa9c5dc44"}
2015-12-07 14:48:55,916 20838 INFO     [tempest_lib.common.rest_client] Request (TestNetworkBasicOps:_run_cleanups): 204 DELETE http://10.0.2.15:9696/v2.0/subnets/1fbbf43e-f754-49ba-af35-34a07e1cf0c3 0.440s
2015-12-07 14:48:55,917 20838 DEBUG    [tempest_lib.common.rest_client] Request - Headers: {'Content-Type': 'application/json', 'Accept': 'application/json', 'X-Auth-Token': '&lt;omitted&gt;'}
        Body: None
    Response - Headers: {'date': 'Mon, 07 Dec 2015 14:48:55 GMT', 'status': '204', 'connection': 'close', 'content-length': '0', 'x-openstack-request-id': 'req-cd6763b2-47f9-4694-9e6a-1ddb6ef5809f'}
        Body: 
2015-12-07 14:48:55,975 20838 INFO     [tempest_lib.common.rest_client] Request (TestNetworkBasicOps:_run_cleanups): 200 GET http://10.0.2.15:9696/v2.0/routers/68cfa8ad-8a14-45cc-a292-f6aaa9c5dc44 0.058s
2015-12-07 14:48:55,976 20838 DEBUG    [tempest_lib.common.rest_client] Request - Headers: {'Content-Type': 'application/json', 'Accept': 'application/json', 'X-Auth-Token': '&lt;omitted&gt;'}
        Body: None
    Response - Headers: {'status': '200', 'content-length': '564', 'content-location': 'http://10.0.2.15:9696/v2.0/routers/68cfa8ad-8a14-45cc-a292-f6aaa9c5dc44', 'connection': 'close', 'date': 'Mon, 07 Dec 2015 14:48:55 GMT', 'content-type': 'application/json; charset=UTF-8', 'x-openstack-request-id': 'req-e4eb6e70-aa72-4549-b54e-c8bef1c819d1'}
        Body: {"router": {"status": "ACTIVE", "external_gateway_info": {"network_id": "e6ef2052-bbdd-40d3-b2b3-2890f5a29bb2", "enable_snat": true, "external_fixed_ips": [{"subnet_id": "f10a0c48-d382-4a15-854d-d56def585bb8", "ip_address": "172.24.4.3"}, {"subnet_id": "b57e0d57-622b-449a-9626-27679166100a", "ip_address": "2001:db8::3"}]}, "availability_zone_hints": [], "availability_zones": ["nova"], "name": "tempest-router-smoke-1951078940", "admin_state_up": true, "tenant_id": "05a38f7205d14f75b0bf54a121a0e67d", "routes": [], "id": "68cfa8ad-8a14-45cc-a292-f6aaa9c5dc44"}}
2015-12-07 14:48:56,473 20838 INFO     [tempest_lib.common.rest_client] Request (TestNetworkBasicOps:_run_cleanups): 200 PUT http://10.0.2.15:9696/v2.0/routers/68cfa8ad-8a14-45cc-a292-f6aaa9c5dc44 0.497s
2015-12-07 14:48:56,473 20838 DEBUG    [tempest_lib.common.rest_client] Request - Headers: {'Content-Type': 'application/json', 'Accept': 'application/json', 'X-Auth-Token': '&lt;omitted&gt;'}
        Body: {"router": {"external_gateway_info": {}, "name": "tempest-router-smoke-1951078940", "admin_state_up": true}}
    Response - Headers: {'status': '200', 'content-length': '302', 'connection': 'close', 'date': 'Mon, 07 Dec 2015 14:48:56 GMT', 'content-type': 'application/json; charset=UTF-8', 'x-openstack-request-id': 'req-4e603ad6-030f-4f5e-ab5b-927449dd062c'}
        Body: {"router": {"status": "ACTIVE", "external_gateway_info": null, "availability_zone_hints": [], "availability_zones": ["nova"], "name": "tempest-router-smoke-1951078940", "admin_state_up": true, "tenant_id": "05a38f7205d14f75b0bf54a121a0e67d", "routes": [], "id": "68cfa8ad-8a14-45cc-a292-f6aaa9c5dc44"}}
2015-12-07 14:48:56,692 20838 INFO     [tempest_lib.common.rest_client] Request (TestNetworkBasicOps:_run_cleanups): 204 DELETE http://10.0.2.15:9696/v2.0/routers/68cfa8ad-8a14-45cc-a292-f6aaa9c5dc44 0.218s
2015-12-07 14:48:56,693 20838 DEBUG    [tempest_lib.common.rest_client] Request - Headers: {'Content-Type': 'application/json', 'Accept': 'application/json', 'X-Auth-Token': '&lt;omitted&gt;'}
        Body: None
    Response - Headers: {'date': 'Mon, 07 Dec 2015 14:48:56 GMT', 'status': '204', 'connection': 'close', 'content-length': '0', 'x-openstack-request-id': 'req-3acc1023-3c48-483b-902d-95158cf4dbd2'}
        Body: 
2015-12-07 14:48:56,906 20838 INFO     [tempest_lib.common.rest_client] Request (TestNetworkBasicOps:_run_cleanups): 204 DELETE http://10.0.2.15:9696/v2.0/networks/ce8cc87e-3db9-420f-87d4-25efcf2ab46f 0.212s
2015-12-07 14:48:56,906 20838 DEBUG    [tempest_lib.common.rest_client] Request - Headers: {'Content-Type': 'application/json', 'Accept': 'application/json', 'X-Auth-Token': '&lt;omitted&gt;'}
        Body: None
    Response - Headers: {'date': 'Mon, 07 Dec 2015 14:48:56 GMT', 'status': '204', 'connection': 'close', 'content-length': '0', 'x-openstack-request-id': 'req-01f1bec6-e235-4e0b-b41f-67fa471496de'}
        Body: 
2015-12-07 14:48:56,970 20838 INFO     [tempest_lib.common.rest_client] Request (TestNetworkBasicOps:_run_cleanups): 204 DELETE http://10.0.2.15:9696/v2.0/security-group-rules/61e2fbfc-d816-4cdd-970f-98426f47e4e5 0.063s
2015-12-07 14:48:56,971 20838 DEBUG    [tempest_lib.common.rest_client] Request - Headers: {'Content-Type': 'application/json', 'Accept': 'application/json', 'X-Auth-Token': '&lt;omitted&gt;'}
        Body: None
    Response - Headers: {'date': 'Mon, 07 Dec 2015 14:48:56 GMT', 'status': '204', 'connection': 'close', 'content-length': '0', 'x-openstack-request-id': 'req-c33d80a3-2cfd-4572-bad2-a1c9fe578744'}
        Body: 
2015-12-07 14:48:57,030 20838 INFO     [tempest_lib.common.rest_client] Request (TestNetworkBasicOps:_run_cleanups): 204 DELETE http://10.0.2.15:9696/v2.0/security-group-rules/0720b963-8609-4318-aaaa-0427062dfa4d 0.057s
2015-12-07 14:48:57,031 20838 DEBUG    [tempest_lib.common.rest_client] Request - Headers: {'Content-Type': 'application/json', 'Accept': 'application/json', 'X-Auth-Token': '&lt;omitted&gt;'}
        Body: None
    Response - Headers: {'date': 'Mon, 07 Dec 2015 14:48:57 GMT', 'status': '204', 'connection': 'close', 'content-length': '0', 'x-openstack-request-id': 'req-01f3332c-7c46-461b-b3d1-be8f24beb03b'}
        Body: 
2015-12-07 14:48:57,096 20838 INFO     [tempest_lib.common.rest_client] Request (TestNetworkBasicOps:_run_cleanups): 204 DELETE http://10.0.2.15:9696/v2.0/security-group-rules/1204a33c-3a87-4fe9-8860-70d5279866fd 0.064s
2015-12-07 14:48:57,096 20838 DEBUG    [tempest_lib.common.rest_client] Request - Headers: {'Content-Type': 'application/json', 'Accept': 'application/json', 'X-Auth-Token': '&lt;omitted&gt;'}
        Body: None
    Response - Headers: {'date': 'Mon, 07 Dec 2015 14:48:57 GMT', 'status': '204', 'connection': 'close', 'content-length': '0', 'x-openstack-request-id': 'req-a139a8d2-ad96-4fc4-913c-68ea6e7d2787'}
        Body: 
2015-12-07 14:48:57,149 20838 INFO     [tempest_lib.common.rest_client] Request (TestNetworkBasicOps:_run_cleanups): 204 DELETE http://10.0.2.15:9696/v2.0/security-group-rules/ee0e59c0-edf7-42c0-832f-39de331ef0e7 0.052s
2015-12-07 14:48:57,149 20838 DEBUG    [tempest_lib.common.rest_client] Request - Headers: {'Content-Type': 'application/json', 'Accept': 'application/json', 'X-Auth-Token': '&lt;omitted&gt;'}
        Body: None
    Response - Headers: {'date': 'Mon, 07 Dec 2015 14:48:57 GMT', 'status': '204', 'connection': 'close', 'content-length': '0', 'x-openstack-request-id': 'req-c3775510-5f42-4290-a82f-a8bf6a181e30'}
        Body: 
2015-12-07 14:48:57,208 20838 INFO     [tempest_lib.common.rest_client] Request (TestNetworkBasicOps:_run_cleanups): 204 DELETE http://10.0.2.15:9696/v2.0/security-group-rules/e5498bcc-cb84-463e-8fe3-eef8a7ed481e 0.058s
2015-12-07 14:48:57,209 20838 DEBUG    [tempest_lib.common.rest_client] Request - Headers: {'Content-Type': 'application/json', 'Accept': 'application/json', 'X-Auth-Token': '&lt;omitted&gt;'}
        Body: None
