<?xml version="1.0" encoding="UTF-8"?>
<!DOCTYPE html PUBLIC "-//W3C//DTD XHTML 1.0 Strict//EN"
     "http://www.w3.org/TR/xhtml1/DTD/xhtml1-strict.dtd">
<html xmlns="http://www.w3.org/1999/xhtml">
<head>
    <title>Unit Test Report</title>
    <meta name="generator" content="subunit2html 0.1"/>
    <meta http-equiv="Content-Type" content="text/html; charset=UTF-8"/>
    
<style type="text/css" media="screen">
body        { font-family: verdana, arial, helvetica, sans-serif;
    font-size: 80%; }
table       { font-size: 100%; width: 100%;}
pre         { font-size: 80%; }

/* -- heading -------------------------------------------------------------- */
h1 {
        font-size: 16pt;
        color: gray;
}
.heading {
    margin-top: 0ex;
    margin-bottom: 1ex;
}

.heading .attribute {
    margin-top: 1ex;
    margin-bottom: 0;
}

.heading .description {
    margin-top: 4ex;
    margin-bottom: 6ex;
}

/* -- css div popup -------------------------------------------------------- */
a.popup_link {
}

a.popup_link:hover {
    color: red;
}

.popup_window {
    display: none;
    overflow-x: scroll;
    /*border: solid #627173 1px; */
    padding: 10px;
    background-color: #E6E6D6;
    font-family: "Ubuntu Mono", "Lucida Console", "Courier New", monospace;
    text-align: left;
    font-size: 8pt;
}

}
/* -- report --------------------------------------------------------------- */
#show_detail_line {
    margin-top: 3ex;
    margin-bottom: 1ex;
}
#result_table {
    width: 100%;
    border-collapse: collapse;
    border: 1px solid #777;
}
#header_row {
    font-weight: bold;
    color: white;
    background-color: #777;
}
#result_table td {
    border: 1px solid #777;
    padding: 2px;
}
#total_row  { font-weight: bold; }
.passClass  { background-color: #6c6; }
.failClass  { background-color: #c60; }
.errorClass { background-color: #c00; }
.passCase   { color: #6c6; }
.failCase   { color: #c60; font-weight: bold; }
.errorCase  { color: #c00; font-weight: bold; }
.hiddenRow  { display: none; }
.testcase   { margin-left: 2em; }
td.testname {width: 40%}
td.small {width: 40px}

/* -- ending --------------------------------------------------------------- */
#ending {
}

</style>

</head>
<body>
<script language="javascript" type="text/javascript"><!--
output_list = Array();

/* level - 0:Summary; 1:Failed; 2:All */
function showCase(level) {
    trs = document.getElementsByTagName("tr");
    for (var i = 0; i < trs.length; i++) {
        tr = trs[i];
        id = tr.id;
        if (id.substr(0,2) == 'ft') {
            if (level < 1) {
                tr.className = 'hiddenRow';
            }
            else {
                tr.className = '';
            }
        }
        if (id.substr(0,2) == 'pt') {
            if (level > 1) {
                tr.className = '';
            }
            else {
                tr.className = 'hiddenRow';
            }
        }
    }
}


function showClassDetail(cid, count) {
    var id_list = Array(count);
    var toHide = 1;
    for (var i = 0; i < count; i++) {
        tid0 = 't' + cid.substr(1) + '.' + (i+1);
        tid = 'f' + tid0;
        tr = document.getElementById(tid);
        if (!tr) {
            tid = 'p' + tid0;
            tr = document.getElementById(tid);
        }
        id_list[i] = tid;
        if (tr.className) {
            toHide = 0;
        }
    }
    for (var i = 0; i < count; i++) {
        tid = id_list[i];
        if (toHide) {
            document.getElementById('div_'+tid).style.display = 'none'
            document.getElementById(tid).className = 'hiddenRow';
        }
        else {
            document.getElementById(tid).className = '';
        }
    }
}


function showTestDetail(div_id){
    var details_div = document.getElementById(div_id)
    var displayState = details_div.style.display
    // alert(displayState)
    if (displayState != 'block' ) {
        displayState = 'block'
        details_div.style.display = 'block'
    }
    else {
        details_div.style.display = 'none'
    }
}


function html_escape(s) {
    s = s.replace(/&/g,'&amp;');
    s = s.replace(/</g,'&lt;');
    s = s.replace(/>/g,'&gt;');
    return s;
}

/* obsoleted by detail in <div>
function showOutput(id, name) {
    var w = window.open("", //url
                    name,
                    "resizable,scrollbars,status,width=800,height=450");
    d = w.document;
    d.write("<pre>");
    d.write(html_escape(output_list[id]));
    d.write("\n");
    d.write("<a href='javascript:window.close()'>close</a>\n");
    d.write("</pre>\n");
    d.close();
}
*/
--></script>

<div class='heading'>
<h1>Unit Test Report</h1>

<p class='attribute'><strong>Status:</strong> Pass 1 Failure 7 Skip 1</p>

<p class='description'></p>
</div>



<p id='show_detail_line'>Show
<a href='javascript:showCase(0)'>Summary</a>
<a href='javascript:showCase(1)'>Failed</a>
<a href='javascript:showCase(2)'>All</a>
</p>
<table id='result_table'>
<colgroup>
<col align='left' />
<col align='right' />
<col align='right' />
<col align='right' />
<col align='right' />
<col align='right' />
<col align='right' />
<col align='right' />
</colgroup>
<tr id='header_row'>
    <td>Test Group/Test case</td>
    <td>Count</td>
    <td>Pass</td>
    <td>Fail</td>
    <td>Error</td>
    <td>Skip</td>
    <td>View</td>
    <td> </td>
</tr>

<tr class='failClass'>
    <td class="testname">tempest.scenario.test_network_basic_ops.TestNetworkBasicOps</td>
    <td class="small">9</td>
    <td class="small">1</td>
    <td class="small">7</td>
    <td class="small">0</td>
    <td class="small">1</td>
    <td class="small"><a href="javascript:showClassDetail('c1',9)"
>Detail</a></td>
    <td> </td>
</tr>

<tr id='ft1.1' class='none'>
    <td class='failCase'><div class='testcase'>test_connectivity_between_vms_on_different_networks[compute,id-1546850e-fbaa-42f5-8b5f-03d8a6a95f15,network]</div></td>
    <td colspan='7' align='left'>

    <!--css div popup start-->
    <a class="popup_link" onfocus='this.blur();'
    href="javascript:showTestDetail('div_ft1.1')" >
        fail</a>

    <div id='div_ft1.1' class="popup_window">
        <div style='text-align: right; color:red;cursor:pointer'>
        <a onfocus='this.blur();'
onclick="document.getElementById('div_ft1.1').style.display = 'none' " >
           [x]</a>
        </div>
        <pre>
        
ft1.1: tempest.scenario.test_network_basic_ops.TestNetworkBasicOps.test_connectivity_between_vms_on_different_networks[compute,id-1546850e-fbaa-42f5-8b5f-03d8a6a95f15,network]_StringException: Empty attachments:
  stderr
  stdout

pythonlogging:'': {{{
2015-12-22 09:45:01,196 21185 INFO     [tempest_lib.common.rest_client] Request (TestNetworkBasicOps:test_connectivity_between_vms_on_different_networks): 201 POST http://10.0.2.15:9696/v2.0/security-groups 0.378s
2015-12-22 09:45:01,197 21185 DEBUG    [tempest_lib.common.rest_client] Request - Headers: {'Content-Type': 'application/json', 'Accept': 'application/json', 'X-Auth-Token': '&lt;omitted&gt;'}
        Body: {"security_group": {"tenant_id": "64201c9381ee4c7eb672e07322f0f030", "description": "tempest-secgroup-smoke-536285237 description", "name": "tempest-secgroup-smoke-536285237"}}
    Response - Headers: {'status': '201', 'content-length': '886', 'connection': 'close', 'date': 'Tue, 22 Dec 2015 09:45:01 GMT', 'content-type': 'application/json; charset=UTF-8', 'x-openstack-request-id': 'req-dc5bf288-012a-4a50-957a-eb7773281726'}
        Body: {"security_group": {"tenant_id": "64201c9381ee4c7eb672e07322f0f030", "description": "tempest-secgroup-smoke-536285237 description", "id": "81a02a98-0077-4dfb-8950-b9fde0f75c0b", "security_group_rules": [{"remote_group_id": null, "direction": "egress", "remote_ip_prefix": null, "protocol": null, "ethertype": "IPv4", "tenant_id": "64201c9381ee4c7eb672e07322f0f030", "port_range_max": null, "port_range_min": null, "id": "cebcbe67-262f-481d-94ff-777907578f03", "security_group_id": "81a02a98-0077-4dfb-8950-b9fde0f75c0b"}, {"remote_group_id": null, "direction": "egress", "remote_ip_prefix": null, "protocol": null, "ethertype": "IPv6", "tenant_id": "64201c9381ee4c7eb672e07322f0f030", "port_range_max": null, "port_range_min": null, "id": "0f81fb02-9700-4663-8f55-299b62a21adb", "security_group_id": "81a02a98-0077-4dfb-8950-b9fde0f75c0b"}], "name": "tempest-secgroup-smoke-536285237"}}
2015-12-22 09:45:01,318 21185 INFO     [tempest_lib.common.rest_client] Request (TestNetworkBasicOps:test_connectivity_between_vms_on_different_networks): 201 POST http://10.0.2.15:9696/v2.0/security-group-rules 0.118s
2015-12-22 09:45:01,319 21185 DEBUG    [tempest_lib.common.rest_client] Request - Headers: {'Content-Type': 'application/json', 'Accept': 'application/json', 'X-Auth-Token': '&lt;omitted&gt;'}
        Body: {"security_group_rule": {"direction": "ingress", "protocol": "tcp", "tenant_id": "64201c9381ee4c7eb672e07322f0f030", "port_range_max": 22, "security_group_id": "81a02a98-0077-4dfb-8950-b9fde0f75c0b", "port_range_min": 22}}
    Response - Headers: {'status': '201', 'content-length': '340', 'connection': 'close', 'date': 'Tue, 22 Dec 2015 09:45:01 GMT', 'content-type': 'application/json; charset=UTF-8', 'x-openstack-request-id': 'req-a57b29c4-2e02-4a7e-a5b9-10674631cc5d'}
        Body: {"security_group_rule": {"remote_group_id": null, "direction": "ingress", "remote_ip_prefix": null, "protocol": "tcp", "ethertype": "IPv4", "tenant_id": "64201c9381ee4c7eb672e07322f0f030", "port_range_max": 22, "port_range_min": 22, "id": "22cfaebe-2536-42dd-9814-3abb156e359a", "security_group_id": "81a02a98-0077-4dfb-8950-b9fde0f75c0b"}}
2015-12-22 09:45:01,443 21185 INFO     [tempest_lib.common.rest_client] Request (TestNetworkBasicOps:test_connectivity_between_vms_on_different_networks): 201 POST http://10.0.2.15:9696/v2.0/security-group-rules 0.122s
2015-12-22 09:45:01,444 21185 DEBUG    [tempest_lib.common.rest_client] Request - Headers: {'Content-Type': 'application/json', 'Accept': 'application/json', 'X-Auth-Token': '&lt;omitted&gt;'}
        Body: {"security_group_rule": {"direction": "egress", "protocol": "tcp", "tenant_id": "64201c9381ee4c7eb672e07322f0f030", "port_range_max": 22, "security_group_id": "81a02a98-0077-4dfb-8950-b9fde0f75c0b", "port_range_min": 22}}
    Response - Headers: {'status': '201', 'content-length': '339', 'connection': 'close', 'date': 'Tue, 22 Dec 2015 09:45:01 GMT', 'content-type': 'application/json; charset=UTF-8', 'x-openstack-request-id': 'req-16baf862-4d05-4ba6-a8b6-2b6c77cbd4d2'}
        Body: {"security_group_rule": {"remote_group_id": null, "direction": "egress", "remote_ip_prefix": null, "protocol": "tcp", "ethertype": "IPv4", "tenant_id": "64201c9381ee4c7eb672e07322f0f030", "port_range_max": 22, "port_range_min": 22, "id": "f210502e-1028-4c3e-a16d-bfba0a3e6e34", "security_group_id": "81a02a98-0077-4dfb-8950-b9fde0f75c0b"}}
2015-12-22 09:45:01,707 21185 INFO     [tempest_lib.common.rest_client] Request (TestNetworkBasicOps:test_connectivity_between_vms_on_different_networks): 201 POST http://10.0.2.15:9696/v2.0/security-group-rules 0.263s
2015-12-22 09:45:01,708 21185 DEBUG    [tempest_lib.common.rest_client] Request - Headers: {'Content-Type': 'application/json', 'Accept': 'application/json', 'X-Auth-Token': '&lt;omitted&gt;'}
        Body: {"security_group_rule": {"tenant_id": "64201c9381ee4c7eb672e07322f0f030", "direction": "ingress", "protocol": "icmp", "security_group_id": "81a02a98-0077-4dfb-8950-b9fde0f75c0b"}}
    Response - Headers: {'status': '201', 'content-length': '345', 'connection': 'close', 'date': 'Tue, 22 Dec 2015 09:45:01 GMT', 'content-type': 'application/json; charset=UTF-8', 'x-openstack-request-id': 'req-68ca0acd-5258-4ef6-a88d-77d3a3153985'}
        Body: {"security_group_rule": {"remote_group_id": null, "direction": "ingress", "remote_ip_prefix": null, "protocol": "icmp", "ethertype": "IPv4", "tenant_id": "64201c9381ee4c7eb672e07322f0f030", "port_range_max": null, "port_range_min": null, "id": "e5fd6bf2-5800-4e0d-bb72-22e7621422c0", "security_group_id": "81a02a98-0077-4dfb-8950-b9fde0f75c0b"}}
2015-12-22 09:45:01,838 21185 INFO     [tempest_lib.common.rest_client] Request (TestNetworkBasicOps:test_connectivity_between_vms_on_different_networks): 201 POST http://10.0.2.15:9696/v2.0/security-group-rules 0.129s
2015-12-22 09:45:01,838 21185 DEBUG    [tempest_lib.common.rest_client] Request - Headers: {'Content-Type': 'application/json', 'Accept': 'application/json', 'X-Auth-Token': '&lt;omitted&gt;'}
        Body: {"security_group_rule": {"tenant_id": "64201c9381ee4c7eb672e07322f0f030", "direction": "egress", "protocol": "icmp", "security_group_id": "81a02a98-0077-4dfb-8950-b9fde0f75c0b"}}
    Response - Headers: {'status': '201', 'content-length': '344', 'connection': 'close', 'date': 'Tue, 22 Dec 2015 09:45:01 GMT', 'content-type': 'application/json; charset=UTF-8', 'x-openstack-request-id': 'req-cdc37982-f5ab-4f1c-ac23-406835721d9c'}
        Body: {"security_group_rule": {"remote_group_id": null, "direction": "egress", "remote_ip_prefix": null, "protocol": "icmp", "ethertype": "IPv4", "tenant_id": "64201c9381ee4c7eb672e07322f0f030", "port_range_max": null, "port_range_min": null, "id": "a65a3b15-c0aa-4b27-b47a-afbd7b3c9e8f", "security_group_id": "81a02a98-0077-4dfb-8950-b9fde0f75c0b"}}
2015-12-22 09:45:01,966 21185 INFO     [tempest_lib.common.rest_client] Request (TestNetworkBasicOps:test_connectivity_between_vms_on_different_networks): 201 POST http://10.0.2.15:9696/v2.0/security-group-rules 0.126s
2015-12-22 09:45:01,967 21185 DEBUG    [tempest_lib.common.rest_client] Request - Headers: {'Content-Type': 'application/json', 'Accept': 'application/json', 'X-Auth-Token': '&lt;omitted&gt;'}
        Body: {"security_group_rule": {"tenant_id": "64201c9381ee4c7eb672e07322f0f030", "direction": "ingress", "security_group_id": "81a02a98-0077-4dfb-8950-b9fde0f75c0b", "protocol": "icmp", "ethertype": "IPv6"}}
    Response - Headers: {'status': '201', 'content-length': '345', 'connection': 'close', 'date': 'Tue, 22 Dec 2015 09:45:01 GMT', 'content-type': 'application/json; charset=UTF-8', 'x-openstack-request-id': 'req-b79d527a-4064-4628-85ab-9e2b97a9f007'}
        Body: {"security_group_rule": {"remote_group_id": null, "direction": "ingress", "remote_ip_prefix": null, "protocol": "icmp", "ethertype": "IPv6", "tenant_id": "64201c9381ee4c7eb672e07322f0f030", "port_range_max": null, "port_range_min": null, "id": "bd792e39-1274-491d-a820-58a507431e83", "security_group_id": "81a02a98-0077-4dfb-8950-b9fde0f75c0b"}}
2015-12-22 09:45:02,092 21185 INFO     [tempest_lib.common.rest_client] Request (TestNetworkBasicOps:test_connectivity_between_vms_on_different_networks): 201 POST http://10.0.2.15:9696/v2.0/security-group-rules 0.124s
2015-12-22 09:45:02,093 21185 DEBUG    [tempest_lib.common.rest_client] Request - Headers: {'Content-Type': 'application/json', 'Accept': 'application/json', 'X-Auth-Token': '&lt;omitted&gt;'}
        Body: {"security_group_rule": {"tenant_id": "64201c9381ee4c7eb672e07322f0f030", "direction": "egress", "security_group_id": "81a02a98-0077-4dfb-8950-b9fde0f75c0b", "protocol": "icmp", "ethertype": "IPv6"}}
    Response - Headers: {'status': '201', 'content-length': '344', 'connection': 'close', 'date': 'Tue, 22 Dec 2015 09:45:02 GMT', 'content-type': 'application/json; charset=UTF-8', 'x-openstack-request-id': 'req-3707523d-699f-416c-bf8c-f7ed7c5c5243'}
        Body: {"security_group_rule": {"remote_group_id": null, "direction": "egress", "remote_ip_prefix": null, "protocol": "icmp", "ethertype": "IPv6", "tenant_id": "64201c9381ee4c7eb672e07322f0f030", "port_range_max": null, "port_range_min": null, "id": "3f80bc93-e839-499f-b61c-e0f8ca8d7131", "security_group_id": "81a02a98-0077-4dfb-8950-b9fde0f75c0b"}}
2015-12-22 09:45:02,266 21185 INFO     [tempest_lib.common.rest_client] Request (TestNetworkBasicOps:test_connectivity_between_vms_on_different_networks): 201 POST http://10.0.2.15:9696/v2.0/networks 0.171s
2015-12-22 09:45:02,267 21185 DEBUG    [tempest_lib.common.rest_client] Request - Headers: {'Content-Type': 'application/json', 'Accept': 'application/json', 'X-Auth-Token': '&lt;omitted&gt;'}
        Body: {"network": {"tenant_id": "64201c9381ee4c7eb672e07322f0f030", "name": "tempest-network-smoke--1066802020"}}
    Response - Headers: {'status': '201', 'content-length': '329', 'connection': 'close', 'date': 'Tue, 22 Dec 2015 09:45:02 GMT', 'content-type': 'application/json; charset=UTF-8', 'x-openstack-request-id': 'req-68bfc865-4a43-444d-95fc-06cb65105901'}
        Body: {"network": {"status": "ACTIVE", "subnets": [], "availability_zone_hints": "[]", "name": "tempest-network-smoke--1066802020", "admin_state_up": true, "tenant_id": "64201c9381ee4c7eb672e07322f0f030", "mtu": 0, "router:external": false, "shared": false, "port_security_enabled": true, "id": "15aa6160-fa5e-4f9c-80a6-e22e4d32e400"}}
2015-12-22 09:45:02,348 21185 INFO     [tempest_lib.common.rest_client] Request (TestNetworkBasicOps:test_connectivity_between_vms_on_different_networks): 201 POST http://10.0.2.15:9696/v2.0/routers 0.080s
2015-12-22 09:45:02,348 21185 DEBUG    [tempest_lib.common.rest_client] Request - Headers: {'Content-Type': 'application/json', 'Accept': 'application/json', 'X-Auth-Token': '&lt;omitted&gt;'}
        Body: {"router": {"tenant_id": "64201c9381ee4c7eb672e07322f0f030", "name": "tempest-router-smoke-426006757", "admin_state_up": true}}
    Response - Headers: {'status': '201', 'content-length': '295', 'connection': 'close', 'date': 'Tue, 22 Dec 2015 09:45:02 GMT', 'content-type': 'application/json; charset=UTF-8', 'x-openstack-request-id': 'req-fb940a77-2d78-4211-ad28-04e89aa2c4ea'}
        Body: {"router": {"status": "ACTIVE", "external_gateway_info": null, "availability_zone_hints": [], "availability_zones": [], "name": "tempest-router-smoke-426006757", "admin_state_up": true, "tenant_id": "64201c9381ee4c7eb672e07322f0f030", "routes": [], "id": "8dcb4152-d737-4ea0-abbd-f58dee23bb0f"}}
2015-12-22 09:45:02,402 21185 INFO     [tempest_lib.common.rest_client] Request (TestNetworkBasicOps:test_connectivity_between_vms_on_different_networks): 200 GET http://10.0.2.15:9696/v2.0/routers/8dcb4152-d737-4ea0-abbd-f58dee23bb0f 0.052s
2015-12-22 09:45:02,403 21185 DEBUG    [tempest_lib.common.rest_client] Request - Headers: {'Content-Type': 'application/json', 'Accept': 'application/json', 'X-Auth-Token': '&lt;omitted&gt;'}
        Body: None
    Response - Headers: {'status': '200', 'content-length': '295', 'content-location': 'http://10.0.2.15:9696/v2.0/routers/8dcb4152-d737-4ea0-abbd-f58dee23bb0f', 'connection': 'close', 'date': 'Tue, 22 Dec 2015 09:45:02 GMT', 'content-type': 'application/json; charset=UTF-8', 'x-openstack-request-id': 'req-04b24266-9957-43fe-b8cd-b39a5f177044'}
        Body: {"router": {"status": "ACTIVE", "external_gateway_info": null, "availability_zone_hints": [], "availability_zones": [], "name": "tempest-router-smoke-426006757", "admin_state_up": true, "tenant_id": "64201c9381ee4c7eb672e07322f0f030", "routes": [], "id": "8dcb4152-d737-4ea0-abbd-f58dee23bb0f"}}
2015-12-22 09:45:03,143 21185 INFO     [tempest_lib.common.rest_client] Request (TestNetworkBasicOps:test_connectivity_between_vms_on_different_networks): 200 PUT http://10.0.2.15:9696/v2.0/routers/8dcb4152-d737-4ea0-abbd-f58dee23bb0f 0.739s
2015-12-22 09:45:03,144 21185 DEBUG    [tempest_lib.common.rest_client] Request - Headers: {'Content-Type': 'application/json', 'Accept': 'application/json', 'X-Auth-Token': '&lt;omitted&gt;'}
        Body: {"router": {"external_gateway_info": {"network_id": "587e5df6-c33b-4cbb-ba56-0ec2578be07d"}, "name": "tempest-router-smoke-426006757", "admin_state_up": true}}
    Response - Headers: {'status': '200', 'content-length': '557', 'connection': 'close', 'date': 'Tue, 22 Dec 2015 09:45:03 GMT', 'content-type': 'application/json; charset=UTF-8', 'x-openstack-request-id': 'req-c87f4ba7-428b-413a-82ad-145957b2efed'}
        Body: {"router": {"status": "ACTIVE", "external_gateway_info": {"network_id": "587e5df6-c33b-4cbb-ba56-0ec2578be07d", "enable_snat": true, "external_fixed_ips": [{"subnet_id": "de752d3e-10ad-4ce2-9975-dd739c399185", "ip_address": "172.24.4.3"}, {"subnet_id": "04692ea4-becb-4aac-966c-8689080277e4", "ip_address": "2001:db8::4"}]}, "availability_zone_hints": [], "availability_zones": [], "name": "tempest-router-smoke-426006757", "admin_state_up": true, "tenant_id": "64201c9381ee4c7eb672e07322f0f030", "routes": [], "id": "8dcb4152-d737-4ea0-abbd-f58dee23bb0f"}}
2015-12-22 09:45:03,326 21185 INFO     [tempest_lib.common.rest_client] Request (TestNetworkBasicOps:test_connectivity_between_vms_on_different_networks): 200 GET http://10.0.2.15:9696/v2.0/subnets?tenant_id=64201c9381ee4c7eb672e07322f0f030&amp;cidr=10.100.0.0%2F28 0.181s
2015-12-22 09:45:03,327 21185 DEBUG    [tempest_lib.common.rest_client] Request - Headers: {'Content-Type': 'application/json', 'Accept': 'application/json', 'X-Auth-Token': '&lt;omitted&gt;'}
        Body: None
    Response - Headers: {'status': '200', 'content-length': '15', 'content-location': 'http://10.0.2.15:9696/v2.0/subnets?tenant_id=64201c9381ee4c7eb672e07322f0f030&amp;cidr=10.100.0.0%2F28', 'connection': 'close', 'date': 'Tue, 22 Dec 2015 09:45:03 GMT', 'content-type': 'application/json; charset=UTF-8', 'x-openstack-request-id': 'req-8b1d4e50-9961-4074-9be6-cf13338be010'}
        Body: {"subnets": []}
2015-12-22 09:45:03,637 21185 INFO     [tempest_lib.common.rest_client] Request (TestNetworkBasicOps:test_connectivity_between_vms_on_different_networks): 201 POST http://10.0.2.15:9696/v2.0/subnets 0.310s
2015-12-22 09:45:03,638 21185 DEBUG    [tempest_lib.common.rest_client] Request - Headers: {'Content-Type': 'application/json', 'Accept': 'application/json', 'X-Auth-Token': '&lt;omitted&gt;'}
        Body: {"subnet": {"ip_version": 4, "tenant_id": "64201c9381ee4c7eb672e07322f0f030", "cidr": "10.100.0.0/28", "network_id": "15aa6160-fa5e-4f9c-80a6-e22e4d32e400", "name": "tempest-subnet-smoke-2114266081"}}
    Response - Headers: {'status': '201', 'content-length': '478', 'connection': 'close', 'date': 'Tue, 22 Dec 2015 09:45:03 GMT', 'content-type': 'application/json; charset=UTF-8', 'x-openstack-request-id': 'req-7c62e295-d6a8-4c90-9442-33c4ff8eb41f'}
        Body: {"subnet": {"name": "tempest-subnet-smoke-2114266081", "enable_dhcp": true, "network_id": "15aa6160-fa5e-4f9c-80a6-e22e4d32e400", "tenant_id": "64201c9381ee4c7eb672e07322f0f030", "dns_nameservers": [], "gateway_ip": "10.100.0.1", "ipv6_ra_mode": null, "allocation_pools": [{"start": "10.100.0.2", "end": "10.100.0.14"}], "host_routes": [], "ip_version": 4, "ipv6_address_mode": null, "cidr": "10.100.0.0/28", "id": "7577b484-14ea-47a5-adc6-e18da88029ed", "subnetpool_id": null}}
2015-12-22 09:45:04,169 21185 INFO     [tempest_lib.common.rest_client] Request (TestNetworkBasicOps:test_connectivity_between_vms_on_different_networks): 200 PUT http://10.0.2.15:9696/v2.0/routers/8dcb4152-d737-4ea0-abbd-f58dee23bb0f/add_router_interface 0.531s
2015-12-22 09:45:04,170 21185 DEBUG    [tempest_lib.common.rest_client] Request - Headers: {'Content-Type': 'application/json', 'Accept': 'application/json', 'X-Auth-Token': '&lt;omitted&gt;'}
        Body: {"subnet_id": "7577b484-14ea-47a5-adc6-e18da88029ed"}
    Response - Headers: {'status': '200', 'content-length': '255', 'connection': 'close', 'date': 'Tue, 22 Dec 2015 09:45:04 GMT', 'content-type': 'application/json; charset=UTF-8', 'x-openstack-request-id': 'req-afff445a-8e99-4966-a689-79de0b90f539'}
        Body: {"subnet_id": "7577b484-14ea-47a5-adc6-e18da88029ed", "tenant_id": "64201c9381ee4c7eb672e07322f0f030", "subnet_ids": ["7577b484-14ea-47a5-adc6-e18da88029ed"], "port_id": "2531894b-579a-4387-9c5b-a703cb3d1195", "id": "8dcb4152-d737-4ea0-abbd-f58dee23bb0f"}
2015-12-22 09:45:04,219 21185 INFO     [tempest_lib.common.rest_client] Request (TestNetworkBasicOps:test_connectivity_between_vms_on_different_networks): 200 GET http://10.0.2.15:9696/v2.0/networks 0.047s
2015-12-22 09:45:04,219 21185 DEBUG    [tempest_lib.common.rest_client] Request - Headers: {'Content-Type': 'application/json', 'Accept': 'application/json', 'X-Auth-Token': '&lt;omitted&gt;'}
        Body: None
    Response - Headers: {'status': '200', 'content-length': '1507', 'content-location': 'http://10.0.2.15:9696/v2.0/networks', 'connection': 'close', 'date': 'Tue, 22 Dec 2015 09:45:04 GMT', 'content-type': 'application/json; charset=UTF-8', 'x-openstack-request-id': 'req-ecece647-444b-4dfa-b6ca-950b9c8adc84'}
        Body: {"networks": [{"status": "ACTIVE", "subnets": ["de752d3e-10ad-4ce2-9975-dd739c399185", "04692ea4-becb-4aac-966c-8689080277e4"], "availability_zone_hints": [], "availability_zones": ["nova"], "name": "public", "provider:physical_network": null, "admin_state_up": true, "tenant_id": "905720257fdd426a9157bddf0864c24e", "mtu": 0, "router:external": true, "shared": false, "port_security_enabled": true, "provider:network_type": "vxlan", "id": "587e5df6-c33b-4cbb-ba56-0ec2578be07d", "provider:segmentation_id": 1083}, {"status": "ACTIVE", "subnets": ["3853ca58-2d5c-4b57-91ef-ea0ed4768d82", "31315217-f2f5-4419-9000-3985d5dff580"], "availability_zone_hints": [], "availability_zones": ["nova"], "name": "private", "provider:physical_network": null, "admin_state_up": true, "tenant_id": "99a2947cc6d446e09e6f9bff4d049283", "mtu": 0, "router:external": false, "shared": false, "port_security_enabled": true, "provider:network_type": "vxlan", "id": "fbdc549f-a9f8-43ce-ba9e-3ecbf3ba6597", "provider:segmentation_id": 1034}, {"status": "ACTIVE", "subnets": ["7577b484-14ea-47a5-adc6-e18da88029ed"], "availability_zone_hints": [], "availability_zones": ["nova"], "name": "tempest-network-smoke--1066802020", "provider:physical_network": null, "admin_state_up": true, "tenant_id": "64201c9381ee4c7eb672e07322f0f030", "mtu": 0, "router:external": false, "shared": false, "port_security_enabled": true, "provider:network_type": "vxlan", "id": "15aa6160-fa5e-4f9c-80a6-e22e4d32e400", "provider:segmentation_id": 1073}]}
2015-12-22 09:45:04,425 21185 INFO     [tempest_lib.common.rest_client] Request (TestNetworkBasicOps:test_connectivity_between_vms_on_different_networks): 200 GET http://10.0.2.15:9696/v2.0/subnets 0.205s
2015-12-22 09:45:04,425 21185 DEBUG    [tempest_lib.common.rest_client] Request - Headers: {'Content-Type': 'application/json', 'Accept': 'application/json', 'X-Auth-Token': '&lt;omitted&gt;'}
        Body: None
    Response - Headers: {'status': '200', 'content-length': '2408', 'content-location': 'http://10.0.2.15:9696/v2.0/subnets', 'connection': 'close', 'date': 'Tue, 22 Dec 2015 09:45:04 GMT', 'content-type': 'application/json; charset=UTF-8', 'x-openstack-request-id': 'req-71aaa8f5-0b1a-4390-a50f-145e22460e37'}
        Body: {"subnets": [{"name": "private-subnet", "enable_dhcp": true, "network_id": "fbdc549f-a9f8-43ce-ba9e-3ecbf3ba6597", "tenant_id": "99a2947cc6d446e09e6f9bff4d049283", "dns_nameservers": [], "gateway_ip": "10.0.0.1", "ipv6_ra_mode": null, "allocation_pools": [{"start": "10.0.0.2", "end": "10.0.0.254"}], "host_routes": [], "ip_version": 4, "ipv6_address_mode": null, "cidr": "10.0.0.0/24", "id": "3853ca58-2d5c-4b57-91ef-ea0ed4768d82", "subnetpool_id": null}, {"name": "ipv6-private-subnet", "enable_dhcp": true, "network_id": "fbdc549f-a9f8-43ce-ba9e-3ecbf3ba6597", "tenant_id": "99a2947cc6d446e09e6f9bff4d049283", "dns_nameservers": [], "gateway_ip": "fdfc:6ea2:4a6f::1", "ipv6_ra_mode": "slaac", "allocation_pools": [{"start": "fdfc:6ea2:4a6f::2", "end": "fdfc:6ea2:4a6f:0:ffff:ffff:ffff:ffff"}], "host_routes": [], "ip_version": 6, "ipv6_address_mode": "slaac", "cidr": "fdfc:6ea2:4a6f::/64", "id": "31315217-f2f5-4419-9000-3985d5dff580", "subnetpool_id": null}, {"name": "ipv6-public-subnet", "enable_dhcp": false, "network_id": "587e5df6-c33b-4cbb-ba56-0ec2578be07d", "tenant_id": "905720257fdd426a9157bddf0864c24e", "dns_nameservers": [], "gateway_ip": "2001:db8::2", "ipv6_ra_mode": null, "allocation_pools": [{"start": "2001:db8::1", "end": "2001:db8::1"}, {"start": "2001:db8::3", "end": "2001:db8::ffff:ffff:ffff:ffff"}], "host_routes": [], "ip_version": 6, "ipv6_address_mode": null, "cidr": "2001:db8::/64", "id": "04692ea4-becb-4aac-966c-8689080277e4", "subnetpool_id": null}, {"name": "public-subnet", "enable_dhcp": false, "network_id": "587e5df6-c33b-4cbb-ba56-0ec2578be07d", "tenant_id": "905720257fdd426a9157bddf0864c24e", "dns_nameservers": [], "gateway_ip": "172.24.4.1", "ipv6_ra_mode": null, "allocation_pools": [{"start": "172.24.4.2", "end": "172.24.4.254"}], "host_routes": [], "ip_version": 4, "ipv6_address_mode": null, "cidr": "172.24.4.0/24", "id": "de752d3e-10ad-4ce2-9975-dd739c399185", "subnetpool_id": null}, {"name": "tempest-subnet-smoke-2114266081", "enable_dhcp": true, "network_id": "15aa6160-fa5e-4f9c-80a6-e22e4d32e400", "tenant_id": "64201c9381ee4c7eb672e07322f0f030", "dns_nameservers": [], "gateway_ip": "10.100.0.1", "ipv6_ra_mode": null, "allocation_pools": [{"start": "10.100.0.2", "end": "10.100.0.14"}], "host_routes": [], "ip_version": 4, "ipv6_address_mode": null, "cidr": "10.100.0.0/28", "id": "7577b484-14ea-47a5-adc6-e18da88029ed", "subnetpool_id": null}]}
2015-12-22 09:45:04,564 21185 INFO     [tempest_lib.common.rest_client] Request (TestNetworkBasicOps:test_connectivity_between_vms_on_different_networks): 200 GET http://10.0.2.15:9696/v2.0/routers 0.138s
2015-12-22 09:45:04,565 21185 DEBUG    [tempest_lib.common.rest_client] Request - Headers: {'Content-Type': 'application/json', 'Accept': 'application/json', 'X-Auth-Token': '&lt;omitted&gt;'}
        Body: None
    Response - Headers: {'status': '200', 'content-length': '1166', 'content-location': 'http://10.0.2.15:9696/v2.0/routers', 'connection': 'close', 'date': 'Tue, 22 Dec 2015 09:45:04 GMT', 'content-type': 'application/json; charset=UTF-8', 'x-openstack-request-id': 'req-b013a0c8-6837-4709-a2b3-d96d0daf3208'}
        Body: {"routers": [{"status": "ACTIVE", "external_gateway_info": {"network_id": "587e5df6-c33b-4cbb-ba56-0ec2578be07d", "enable_snat": true, "external_fixed_ips": [{"subnet_id": "de752d3e-10ad-4ce2-9975-dd739c399185", "ip_address": "172.24.4.3"}, {"subnet_id": "04692ea4-becb-4aac-966c-8689080277e4", "ip_address": "2001:db8::4"}]}, "availability_zone_hints": [], "availability_zones": ["nova"], "name": "tempest-router-smoke-426006757", "admin_state_up": true, "tenant_id": "64201c9381ee4c7eb672e07322f0f030", "distributed": false, "routes": [], "ha": false, "id": "8dcb4152-d737-4ea0-abbd-f58dee23bb0f"}, {"status": "ACTIVE", "external_gateway_info": {"network_id": "587e5df6-c33b-4cbb-ba56-0ec2578be07d", "enable_snat": true, "external_fixed_ips": [{"subnet_id": "de752d3e-10ad-4ce2-9975-dd739c399185", "ip_address": "172.24.4.2"}, {"subnet_id": "04692ea4-becb-4aac-966c-8689080277e4", "ip_address": "2001:db8::3"}]}, "availability_zone_hints": [], "availability_zones": ["nova"], "name": "router1", "admin_state_up": true, "tenant_id": "99a2947cc6d446e09e6f9bff4d049283", "distributed": false, "routes": [], "ha": false, "id": "d8b684ed-1801-4cf2-99c9-fa76e47193f0"}]}
2015-12-22 09:45:04,988 21185 INFO     [tempest_lib.common.rest_client] Request (TestNetworkBasicOps:test_connectivity_between_vms_on_different_networks): 200 POST http://10.0.2.15:8774/v2.1/64201c9381ee4c7eb672e07322f0f030/os-keypairs 0.422s
2015-12-22 09:45:04,989 21185 DEBUG    [tempest_lib.common.rest_client] Request - Headers: {'Content-Type': 'application/json', 'Accept': 'application/json', 'X-Auth-Token': '&lt;omitted&gt;'}
        Body: {"keypair": {"name": "tempest-TestNetworkBasicOps-1372930696"}}
    Response - Headers: {'status': '200', 'content-length': '2321', 'x-compute-request-id': 'req-b14dbcea-1f66-4c5d-b08c-9008d8f23b3b', 'vary': 'X-OpenStack-Nova-API-Version', 'connection': 'close', 'x-openstack-nova-api-version': '2.1', 'date': 'Tue, 22 Dec 2015 09:45:04 GMT', 'content-type': 'application/json'}
        Body: {"keypair": {"public_key": "ssh-rsa AAAAB3NzaC1yc2EAAAADAQABAAABAQDTT+plN7ctxXZEfVRpX/4KyOET/EAKJ48IcuuME9HMEmkvEzxwOHQ3hu4W/TXueQHzhj8DcWkLU5Rr63cby9qCbPwKMMzFK47el6xDf6YwQ8gdAvk+w0t24E0ODuu7JoZXoYFdGEik3HQevfqczB3+qmAaRiJdk1nnZpvGe5J99Hl7F/cdrG+LpzU2W1oPYnF+x2qLqhzWhd3cO4pQHHXAfzdfD6ZGjUgtotEG8THjz7TysMWslLxdx11HpzAMoOrpHmV7zs1iUFykz0YtR5ZtkWvNsn/BSN7sqFI5/r+qSySEWHCITLvbXLYuJi08VA4GZd/ogEpxMz+/jGAEJJMB Generated-by-Nova", "private_key": "-----BEGIN RSA PRIVATE KEY-----\nMIIEqAIBAAKCAQEA00/qZTe3LcV2RH1UaV/+CsjhE/xACiePCHLrjBPRzBJpLxM8\ncDh0N4buFv017nkB84Y/A3FpC1OUa+t3G8vagmz8CjDMxSuO3pesQ3+mMEPIHQL5\nPsNLduBNDg7ruyaGV6GBXRhIpNx0Hr36nMwd/qpgGkYiXZNZ52abxnuSffR5exf3\nHaxvi6c1NltaD2Jxfsdqi6oc1oXd3DuKUBx1wH83Xw+mRo1ILaLRBvEx48+08rDF\nrJS8XcddR6cwDKDq6R5le87NYlBcpM9GLUeWbZFrzbJ/wUje7KhSOf6/qkskhFhw\niEy721y2LiYtPFQOBmXf6IBKcTM/v4xgBCSTAQIDAQABAoIBAA0ZtD9oL9wPlOB0\nIKqTv+0tPP7/MX0vrKdqcH3zsJsFPS4k9CdE6LeUjugv9Ir/R4awePGes1N3cAks\nxOqdPcO+O/XpxpgmtinIn25j2Iq/eQWLbKZedyw8hapsdGLa5ZNDOQDrg31tCWnq\nf0H/SZDDQUf/txu0CevVqaypdpCGXbV/k0eQuEE5v/UF9aaOLKLOhSormTw/HSbI\n9D2RJOlcikFgjEQzhtpLA9yJOqKRF4gVZr4rHWJUttg58AIr3irJCXw34C7xtk7t\ni6kyagfOTIhfFwz22hGYCv238HwTr+wyjHXVta2uxqrlZYHFjVXhe9R8/O6m4DNY\nwgg28H0CggCBAOQYE8T0lR5ziqBKvMX22mNss/GV3V1cWlsuP0kO+Bu5UZW/zpBP\nvT5qglkPneTwAhWatus6BaQiabu4N1+GxthXKU7PZ9i7XfSB+C0GUgpCj5e1FDkM\nD5Xni9ATC9ncVMdODjWUqd0SMPhpMwuT6IkuFXWxzX63gogQ11WaMiAvAoIAgQDt\nKjqFw0VS3KHU0w09jcy4oiooNDE4NaieWKqYbJfQg3a+jD0DREMWL6JhcArUvyVi\nyEKDFUDuLX90g3qjFmYuIFd9S/pOImKro9N4PzZeOLjYJkBuZjfloPw2LhK0J0vd\nkN2ALET04HR+Nx2SvvkXHxVE2hazDI6z41I4iYQDzwKCAIBcW+d9Y/ARwYVLfJfN\nrTQm+DgwxZc6G5A2xZY4lgge6b5AXcddpfwiDuyy9WDg99JQPzJ8MyVfndOkgGZj\nluZjaX+/ero5Bz13KT19tcZ4gxUzv83tf5W8BGMXoO62i8IEZfXY+laBvsD3hVl3\nAbAyA+gKnTFxcws232LiNarAXwKCAIEA4jmvzTxw+hN/QvV24cpLB6uYLvVqJcX5\na+IECJU9UyaztBstb9pDa/xQFkW77yfNz6Za25MAdrFrrIZmCv8oxMMQ8XHx92oR\nWMxSwZb6k3Hj0DrcpvJWS3H+Yugb60C4u0aeIs8Xj8YzGNoWGY6VKBr8PMsTcAOA\nc9NY8JksFj0CggCAA5c1lLBn0RjJVEGTzymJ7Yzf2Q6Ux/u1rWpGWvx+xPppVvm+\nP0drFjHfiLrnywWfzoEGcEneX/6qE13NOPvhfk6jbMPKbcVAmu3Fyd639IfnWwuT\nX4xr75kLKVjDpRJZzaEin+k/0JM6tJvpe0Ep963jrtCKcs4cRcndxJz58Ks=\n-----END RSA PRIVATE KEY-----\n", "user_id": "27c75c3334804c94a69ac0371ff6ced5", "name": "tempest-TestNetworkBasicOps-1372930696", "fingerprint": "44:71:78:2d:d6:52:39:d8:8d:52:0b:33:b9:1b:88:81"}}
2015-12-22 09:45:05,120 21185 INFO     [tempest_lib.common.rest_client] Request (TestNetworkBasicOps:test_connectivity_between_vms_on_different_networks): 200 POST http://10.0.2.15:5000/v2.0/tokens
2015-12-22 09:45:05,121 21185 DEBUG    [tempest_lib.common.rest_client] Request - Headers: {'Content-Type': 'application/json', 'Accept': 'application/json'}
        Body: &lt;omitted&gt;
    Response - Headers: {'status': '200', 'content-length': '2526', 'vary': 'X-Auth-Token', 'server': 'Apache/2.4.7 (Ubuntu)', 'connection': 'close', 'date': 'Tue, 22 Dec 2015 09:45:04 GMT', 'content-type': 'application/json', 'x-openstack-request-id': 'req-93ca0352-1e2c-46b7-adcc-ffea3bf921a3'}
        Body: {"access": {"token": {"issued_at": "2015-12-22T09:45:05.105769", "expires": "2015-12-22T10:45:05Z", "id": "83ecc82e36c04bf68d4c101f934da548", "tenant": {"description": "tempest-TestNetworkBasicOps-1324759397-desc", "enabled": true, "id": "64201c9381ee4c7eb672e07322f0f030", "name": "tempest-TestNetworkBasicOps-1324759397"}, "audit_ids": ["1qSR-TsyT7-BzFsGPyH3rw"]}, "serviceCatalog": [{"endpoints": [{"adminURL": "http://10.0.2.15:8774/v2.1/64201c9381ee4c7eb672e07322f0f030", "region": "RegionOne", "internalURL": "http://10.0.2.15:8774/v2.1/64201c9381ee4c7eb672e07322f0f030", "id": "1611ee596c79448a8d70eed2ff8d5b3c", "publicURL": "http://10.0.2.15:8774/v2.1/64201c9381ee4c7eb672e07322f0f030"}], "endpoints_links": [], "type": "compute", "name": "nova"}, {"endpoints": [{"adminURL": "http://10.0.2.15:9696/", "region": "RegionOne", "internalURL": "http://10.0.2.15:9696/", "id": "3ed75a3069224e1c854d373e551fd23d", "publicURL": "http://10.0.2.15:9696/"}], "endpoints_links": [], "type": "network", "name": "neutron"}, {"endpoints": [{"adminURL": "http://10.0.2.15:9292", "region": "RegionOne", "internalURL": "http://10.0.2.15:9292", "id": "6ea9dfb6c0834347bfec5aa19a8d7f5a", "publicURL": "http://10.0.2.15:9292"}], "endpoints_links": [], "type": "image", "name": "glance"}, {"endpoints": [{"adminURL": "http://10.0.2.15:8774/v2/64201c9381ee4c7eb672e07322f0f030", "region": "RegionOne", "internalURL": "http://10.0.2.15:8774/v2/64201c9381ee4c7eb672e07322f0f030", "id": "6152980cf03143bdb13b78ca2813cdf1", "publicURL": "http://10.0.2.15:8774/v2/64201c9381ee4c7eb672e07322f0f030"}], "endpoints_links": [], "type": "compute_legacy", "name": "nova_legacy"}, {"endpoints": [{"adminURL": "http://10.0.2.15:8773/", "region": "RegionOne", "internalURL": "http://10.0.2.15:8773/", "id": "0964501c9e7945c891b50d661f43ba8a", "publicURL": "http://10.0.2.15:8773/"}], "endpoints_links": [], "type": "ec2", "name": "ec2"}, {"endpoints": [{"adminURL": "http://10.0.2.15:35357/v2.0", "region": "RegionOne", "internalURL": "http://10.0.2.15:5000/v2.0", "id": "21162012637d460692d5b76c439c1e73", "publicURL": "http://10.0.2.15:5000/v2.0"}], "endpoints_links": [], "type": "identity", "name": "keystone"}], "user": {"username": "tempest-TestNetworkBasicOps-73212649", "roles_links": [], "id": "27c75c3334804c94a69ac0371ff6ced5", "roles": [{"name": "_member_"}, {"name": "Member"}], "name": "tempest-TestNetworkBasicOps-73212649"}, "metadata": {"is_admin": 0, "roles": ["9fe2ff9ee4384b1894a90878d3e92bab", "c932268b432245ac81eeb00351ec53a3"]}}}
2015-12-22 09:45:05,129 21185 DEBUG    [tempest.common.fixed_network] (TestNetworkBasicOps:test_connectivity_between_vms_on_different_networks) No valid network provided or created, defaulting to fixed_network_name
2015-12-22 09:45:05,504 21185 INFO     [tempest_lib.common.rest_client] Request (TestNetworkBasicOps:test_connectivity_between_vms_on_different_networks): 200 GET http://10.0.2.15:8774/v2.1/64201c9381ee4c7eb672e07322f0f030/os-networks 0.374s
2015-12-22 09:45:05,505 21185 DEBUG    [tempest_lib.common.rest_client] Request - Headers: {'Content-Type': 'application/json', 'Accept': 'application/json', 'X-Auth-Token': '&lt;omitted&gt;'}
        Body: None
    Response - Headers: {'status': '200', 'content-length': '479', 'content-location': 'http://10.0.2.15:8774/v2.1/64201c9381ee4c7eb672e07322f0f030/os-networks', 'x-compute-request-id': 'req-d425e96a-341d-4640-a389-d7716acc647e', 'vary': 'X-OpenStack-Nova-API-Version', 'connection': 'close', 'x-openstack-nova-api-version': '2.1', 'date': 'Tue, 22 Dec 2015 09:45:05 GMT', 'content-type': 'application/json'}
        Body: {"networks": [{"cidr_v6": null, "dns2": null, "dns1": null, "gateway": null, "broadcast": null, "netmask": null, "gateway_v6": null, "cidr": null, "label": "public", "id": "587e5df6-c33b-4cbb-ba56-0ec2578be07d", "netmask_v6": null}, {"cidr_v6": null, "dns2": null, "dns1": null, "gateway": null, "broadcast": null, "netmask": null, "gateway_v6": null, "cidr": null, "label": "tempest-network-smoke--1066802020", "id": "15aa6160-fa5e-4f9c-80a6-e22e4d32e400", "netmask_v6": null}]}
2015-12-22 09:45:05,506 21185 WARNING  [tempest.common.fixed_network] (TestNetworkBasicOps:test_connectivity_between_vms_on_different_networks) Network with name: private not found
2015-12-22 09:45:05,506 21185 INFO     [tempest.common.fixed_network] (TestNetworkBasicOps:test_connectivity_between_vms_on_different_networks) Found network {} available for tenant
2015-12-22 09:45:06,883 21185 INFO     [tempest_lib.common.rest_client] Request (TestNetworkBasicOps:test_connectivity_between_vms_on_different_networks): 202 POST http://10.0.2.15:8774/v2.1/64201c9381ee4c7eb672e07322f0f030/servers 1.376s
2015-12-22 09:45:06,883 21185 DEBUG    [tempest_lib.common.rest_client] Request - Headers: {'Content-Type': 'application/json', 'Accept': 'application/json', 'X-Auth-Token': '&lt;omitted&gt;'}
        Body: {"server": {"name": "tempest.common.compute-instance-2128664514", "imageRef": "d4423bc4-479a-4363-8ab9-6a27f64d50c1", "key_name": "tempest-TestNetworkBasicOps-1372930696", "flavorRef": "42", "networks": [{"uuid": "15aa6160-fa5e-4f9c-80a6-e22e4d32e400"}], "security_groups": [{"name": "tempest-secgroup-smoke-536285237"}]}}
    Response - Headers: {'status': '202', 'content-length': '461', 'x-compute-request-id': 'req-6547acd0-f8d9-46c1-b588-224f7d3238b8', 'vary': 'X-OpenStack-Nova-API-Version', 'connection': 'close', 'location': 'http://10.0.2.15:8774/v2.1/64201c9381ee4c7eb672e07322f0f030/servers/1e561987-33de-45bd-bfb8-b7049c12ec25', 'x-openstack-nova-api-version': '2.1', 'date': 'Tue, 22 Dec 2015 09:45:06 GMT', 'content-type': 'application/json'}
        Body: {"server": {"security_groups": [{"name": "tempest-secgroup-smoke-536285237"}], "OS-DCF:diskConfig": "MANUAL", "id": "1e561987-33de-45bd-bfb8-b7049c12ec25", "links": [{"href": "http://10.0.2.15:8774/v2.1/64201c9381ee4c7eb672e07322f0f030/servers/1e561987-33de-45bd-bfb8-b7049c12ec25", "rel": "self"}, {"href": "http://10.0.2.15:8774/64201c9381ee4c7eb672e07322f0f030/servers/1e561987-33de-45bd-bfb8-b7049c12ec25", "rel": "bookmark"}], "adminPass": "43SR8FCUpqSL"}}
2015-12-22 09:45:07,144 21185 INFO     [tempest_lib.common.rest_client] Request (TestNetworkBasicOps:test_connectivity_between_vms_on_different_networks): 200 GET http://10.0.2.15:8774/v2.1/64201c9381ee4c7eb672e07322f0f030/servers/1e561987-33de-45bd-bfb8-b7049c12ec25 0.258s
2015-12-22 09:45:07,145 21185 DEBUG    [tempest_lib.common.rest_client] Request - Headers: {'Content-Type': 'application/json', 'Accept': 'application/json', 'X-Auth-Token': '&lt;omitted&gt;'}
        Body: None
    Response - Headers: {'status': '200', 'content-length': '1356', 'content-location': 'http://10.0.2.15:8774/v2.1/64201c9381ee4c7eb672e07322f0f030/servers/1e561987-33de-45bd-bfb8-b7049c12ec25', 'x-compute-request-id': 'req-41765e50-1dc5-479b-acfe-685c0b834ffe', 'vary': 'X-OpenStack-Nova-API-Version', 'connection': 'close', 'x-openstack-nova-api-version': '2.1', 'date': 'Tue, 22 Dec 2015 09:45:07 GMT', 'content-type': 'application/json'}
        Body: {"server": {"status": "BUILD", "updated": "2015-12-22T09:45:07Z", "hostId": "", "addresses": {}, "links": [{"href": "http://10.0.2.15:8774/v2.1/64201c9381ee4c7eb672e07322f0f030/servers/1e561987-33de-45bd-bfb8-b7049c12ec25", "rel": "self"}, {"href": "http://10.0.2.15:8774/64201c9381ee4c7eb672e07322f0f030/servers/1e561987-33de-45bd-bfb8-b7049c12ec25", "rel": "bookmark"}], "key_name": "tempest-TestNetworkBasicOps-1372930696", "image": {"id": "d4423bc4-479a-4363-8ab9-6a27f64d50c1", "links": [{"href": "http://10.0.2.15:8774/64201c9381ee4c7eb672e07322f0f030/images/d4423bc4-479a-4363-8ab9-6a27f64d50c1", "rel": "bookmark"}]}, "OS-EXT-STS:task_state": "scheduling", "OS-EXT-STS:vm_state": "building", "OS-SRV-USG:launched_at": null, "flavor": {"id": "42", "links": [{"href": "http://10.0.2.15:8774/64201c9381ee4c7eb672e07322f0f030/flavors/42", "rel": "bookmark"}]}, "id": "1e561987-33de-45bd-bfb8-b7049c12ec25", "OS-SRV-USG:terminated_at": null, "OS-EXT-AZ:availability_zone": "", "user_id": "27c75c3334804c94a69ac0371ff6ced5", "name": "tempest.common.compute-instance-2128664514", "created": "2015-12-22T09:45:06Z", "tenant_id": "64201c9381ee4c7eb672e07322f0f030", "OS-DCF:diskConfig": "MANUAL", "os-extended-volumes:volumes_attached": [], "accessIPv4": "", "accessIPv6": "", "progress": 0, "OS-EXT-STS:power_state": 0, "config_drive": "", "metadata": {}}}
2015-12-22 09:45:08,460 21185 INFO     [tempest_lib.common.rest_client] Request (TestNetworkBasicOps:test_connectivity_between_vms_on_different_networks): 200 GET http://10.0.2.15:8774/v2.1/64201c9381ee4c7eb672e07322f0f030/servers/1e561987-33de-45bd-bfb8-b7049c12ec25 0.305s
2015-12-22 09:45:08,460 21185 DEBUG    [tempest_lib.common.rest_client] Request - Headers: {'Content-Type': 'application/json', 'Accept': 'application/json', 'X-Auth-Token': '&lt;omitted&gt;'}
        Body: None
    Response - Headers: {'status': '200', 'content-length': '1481', 'content-location': 'http://10.0.2.15:8774/v2.1/64201c9381ee4c7eb672e07322f0f030/servers/1e561987-33de-45bd-bfb8-b7049c12ec25', 'x-compute-request-id': 'req-85537a58-6ec6-4d2b-bad7-c7e1d5e06e50', 'vary': 'X-OpenStack-Nova-API-Version', 'connection': 'close', 'x-openstack-nova-api-version': '2.1', 'date': 'Tue, 22 Dec 2015 09:45:08 GMT', 'content-type': 'application/json'}
        Body: {"server": {"status": "BUILD", "updated": "2015-12-22T09:45:07Z", "hostId": "ecab0b22afa2081c409182ddfe374e67a8ccb4d79f1f1b76d7ffab84", "addresses": {}, "links": [{"href": "http://10.0.2.15:8774/v2.1/64201c9381ee4c7eb672e07322f0f030/servers/1e561987-33de-45bd-bfb8-b7049c12ec25", "rel": "self"}, {"href": "http://10.0.2.15:8774/64201c9381ee4c7eb672e07322f0f030/servers/1e561987-33de-45bd-bfb8-b7049c12ec25", "rel": "bookmark"}], "key_name": "tempest-TestNetworkBasicOps-1372930696", "image": {"id": "d4423bc4-479a-4363-8ab9-6a27f64d50c1", "links": [{"href": "http://10.0.2.15:8774/64201c9381ee4c7eb672e07322f0f030/images/d4423bc4-479a-4363-8ab9-6a27f64d50c1", "rel": "bookmark"}]}, "OS-EXT-STS:task_state": "spawning", "OS-EXT-STS:vm_state": "building", "OS-SRV-USG:launched_at": null, "flavor": {"id": "42", "links": [{"href": "http://10.0.2.15:8774/64201c9381ee4c7eb672e07322f0f030/flavors/42", "rel": "bookmark"}]}, "id": "1e561987-33de-45bd-bfb8-b7049c12ec25", "security_groups": [{"name": "tempest-secgroup-smoke-536285237"}], "OS-SRV-USG:terminated_at": null, "OS-EXT-AZ:availability_zone": "nova", "user_id": "27c75c3334804c94a69ac0371ff6ced5", "name": "tempest.common.compute-instance-2128664514", "created": "2015-12-22T09:45:06Z", "tenant_id": "64201c9381ee4c7eb672e07322f0f030", "OS-DCF:diskConfig": "MANUAL", "os-extended-volumes:volumes_attached": [], "accessIPv4": "", "accessIPv6": "", "progress": 0, "OS-EXT-STS:power_state": 0, "config_drive": "", "metadata": {}}}
2015-12-22 09:45:08,468 21185 INFO     [tempest.common.waiters] State transition "BUILD/scheduling" ==&gt; "BUILD/spawning" after 1 second wait
2015-12-22 09:45:09,882 21185 INFO     [tempest_lib.common.rest_client] Request (TestNetworkBasicOps:test_connectivity_between_vms_on_different_networks): 200 GET http://10.0.2.15:8774/v2.1/64201c9381ee4c7eb672e07322f0f030/servers/1e561987-33de-45bd-bfb8-b7049c12ec25 0.412s
2015-12-22 09:45:09,883 21185 DEBUG    [tempest_lib.common.rest_client] Request - Headers: {'Content-Type': 'application/json', 'Accept': 'application/json', 'X-Auth-Token': '&lt;omitted&gt;'}
        Body: None
    Response - Headers: {'status': '200', 'content-length': '1481', 'content-location': 'http://10.0.2.15:8774/v2.1/64201c9381ee4c7eb672e07322f0f030/servers/1e561987-33de-45bd-bfb8-b7049c12ec25', 'x-compute-request-id': 'req-4fbb1fba-6a22-4ebe-b1aa-02546daede56', 'vary': 'X-OpenStack-Nova-API-Version', 'connection': 'close', 'x-openstack-nova-api-version': '2.1', 'date': 'Tue, 22 Dec 2015 09:45:09 GMT', 'content-type': 'application/json'}
        Body: {"server": {"status": "BUILD", "updated": "2015-12-22T09:45:07Z", "hostId": "ecab0b22afa2081c409182ddfe374e67a8ccb4d79f1f1b76d7ffab84", "addresses": {}, "links": [{"href": "http://10.0.2.15:8774/v2.1/64201c9381ee4c7eb672e07322f0f030/servers/1e561987-33de-45bd-bfb8-b7049c12ec25", "rel": "self"}, {"href": "http://10.0.2.15:8774/64201c9381ee4c7eb672e07322f0f030/servers/1e561987-33de-45bd-bfb8-b7049c12ec25", "rel": "bookmark"}], "key_name": "tempest-TestNetworkBasicOps-1372930696", "image": {"id": "d4423bc4-479a-4363-8ab9-6a27f64d50c1", "links": [{"href": "http://10.0.2.15:8774/64201c9381ee4c7eb672e07322f0f030/images/d4423bc4-479a-4363-8ab9-6a27f64d50c1", "rel": "bookmark"}]}, "OS-EXT-STS:task_state": "spawning", "OS-EXT-STS:vm_state": "building", "OS-SRV-USG:launched_at": null, "flavor": {"id": "42", "links": [{"href": "http://10.0.2.15:8774/64201c9381ee4c7eb672e07322f0f030/flavors/42", "rel": "bookmark"}]}, "id": "1e561987-33de-45bd-bfb8-b7049c12ec25", "security_groups": [{"name": "tempest-secgroup-smoke-536285237"}], "OS-SRV-USG:terminated_at": null, "OS-EXT-AZ:availability_zone": "nova", "user_id": "27c75c3334804c94a69ac0371ff6ced5", "name": "tempest.common.compute-instance-2128664514", "created": "2015-12-22T09:45:06Z", "tenant_id": "64201c9381ee4c7eb672e07322f0f030", "OS-DCF:diskConfig": "MANUAL", "os-extended-volumes:volumes_attached": [], "accessIPv4": "", "accessIPv6": "", "progress": 0, "OS-EXT-STS:power_state": 0, "config_drive": "", "metadata": {}}}
2015-12-22 09:45:11,116 21185 INFO     [tempest_lib.common.rest_client] Request (TestNetworkBasicOps:test_connectivity_between_vms_on_different_networks): 200 GET http://10.0.2.15:8774/v2.1/64201c9381ee4c7eb672e07322f0f030/servers/1e561987-33de-45bd-bfb8-b7049c12ec25 0.224s
2015-12-22 09:45:11,117 21185 DEBUG    [tempest_lib.common.rest_client] Request - Headers: {'Content-Type': 'application/json', 'Accept': 'application/json', 'X-Auth-Token': '&lt;omitted&gt;'}
        Body: None
    Response - Headers: {'status': '200', 'content-length': '1653', 'content-location': 'http://10.0.2.15:8774/v2.1/64201c9381ee4c7eb672e07322f0f030/servers/1e561987-33de-45bd-bfb8-b7049c12ec25', 'x-compute-request-id': 'req-d9cebed6-a778-45e2-a868-894e00339117', 'vary': 'X-OpenStack-Nova-API-Version', 'connection': 'close', 'x-openstack-nova-api-version': '2.1', 'date': 'Tue, 22 Dec 2015 09:45:11 GMT', 'content-type': 'application/json'}
        Body: {"server": {"status": "ACTIVE", "updated": "2015-12-22T09:45:10Z", "hostId": "ecab0b22afa2081c409182ddfe374e67a8ccb4d79f1f1b76d7ffab84", "addresses": {"tempest-network-smoke--1066802020": [{"OS-EXT-IPS-MAC:mac_addr": "fa:16:3e:79:71:ca", "version": 4, "addr": "10.100.0.3", "OS-EXT-IPS:type": "fixed"}]}, "links": [{"href": "http://10.0.2.15:8774/v2.1/64201c9381ee4c7eb672e07322f0f030/servers/1e561987-33de-45bd-bfb8-b7049c12ec25", "rel": "self"}, {"href": "http://10.0.2.15:8774/64201c9381ee4c7eb672e07322f0f030/servers/1e561987-33de-45bd-bfb8-b7049c12ec25", "rel": "bookmark"}], "key_name": "tempest-TestNetworkBasicOps-1372930696", "image": {"id": "d4423bc4-479a-4363-8ab9-6a27f64d50c1", "links": [{"href": "http://10.0.2.15:8774/64201c9381ee4c7eb672e07322f0f030/images/d4423bc4-479a-4363-8ab9-6a27f64d50c1", "rel": "bookmark"}]}, "OS-EXT-STS:task_state": null, "OS-EXT-STS:vm_state": "active", "OS-SRV-USG:launched_at": "2015-12-22T09:45:10.000000", "flavor": {"id": "42", "links": [{"href": "http://10.0.2.15:8774/64201c9381ee4c7eb672e07322f0f030/flavors/42", "rel": "bookmark"}]}, "id": "1e561987-33de-45bd-bfb8-b7049c12ec25", "security_groups": [{"name": "tempest-secgroup-smoke-536285237"}], "OS-SRV-USG:terminated_at": null, "OS-EXT-AZ:availability_zone": "nova", "user_id": "27c75c3334804c94a69ac0371ff6ced5", "name": "tempest.common.compute-instance-2128664514", "created": "2015-12-22T09:45:06Z", "tenant_id": "64201c9381ee4c7eb672e07322f0f030", "OS-DCF:diskConfig": "MANUAL", "os-extended-volumes:volumes_attached": [], "accessIPv4": "", "accessIPv6": "", "progress": 0, "OS-EXT-STS:power_state": 1, "config_drive": "True", "metadata": {}}}
2015-12-22 09:45:11,126 21185 INFO     [tempest.common.waiters] State transition "BUILD/spawning" ==&gt; "ACTIVE/None" after 4 second wait
2015-12-22 09:45:11,445 21185 INFO     [tempest_lib.common.rest_client] Request (TestNetworkBasicOps:test_connectivity_between_vms_on_different_networks): 200 GET http://10.0.2.15:8774/v2.1/64201c9381ee4c7eb672e07322f0f030/servers/1e561987-33de-45bd-bfb8-b7049c12ec25 0.318s
2015-12-22 09:45:11,445 21185 DEBUG    [tempest_lib.common.rest_client] Request - Headers: {'Content-Type': 'application/json', 'Accept': 'application/json', 'X-Auth-Token': '&lt;omitted&gt;'}
        Body: None
    Response - Headers: {'status': '200', 'content-length': '1653', 'content-location': 'http://10.0.2.15:8774/v2.1/64201c9381ee4c7eb672e07322f0f030/servers/1e561987-33de-45bd-bfb8-b7049c12ec25', 'x-compute-request-id': 'req-6e9ba8ae-b9e5-4ca6-b7cb-4c8446cc991c', 'vary': 'X-OpenStack-Nova-API-Version', 'connection': 'close', 'x-openstack-nova-api-version': '2.1', 'date': 'Tue, 22 Dec 2015 09:45:11 GMT', 'content-type': 'application/json'}
        Body: {"server": {"status": "ACTIVE", "updated": "2015-12-22T09:45:10Z", "hostId": "ecab0b22afa2081c409182ddfe374e67a8ccb4d79f1f1b76d7ffab84", "addresses": {"tempest-network-smoke--1066802020": [{"OS-EXT-IPS-MAC:mac_addr": "fa:16:3e:79:71:ca", "version": 4, "addr": "10.100.0.3", "OS-EXT-IPS:type": "fixed"}]}, "links": [{"href": "http://10.0.2.15:8774/v2.1/64201c9381ee4c7eb672e07322f0f030/servers/1e561987-33de-45bd-bfb8-b7049c12ec25", "rel": "self"}, {"href": "http://10.0.2.15:8774/64201c9381ee4c7eb672e07322f0f030/servers/1e561987-33de-45bd-bfb8-b7049c12ec25", "rel": "bookmark"}], "key_name": "tempest-TestNetworkBasicOps-1372930696", "image": {"id": "d4423bc4-479a-4363-8ab9-6a27f64d50c1", "links": [{"href": "http://10.0.2.15:8774/64201c9381ee4c7eb672e07322f0f030/images/d4423bc4-479a-4363-8ab9-6a27f64d50c1", "rel": "bookmark"}]}, "OS-EXT-STS:task_state": null, "OS-EXT-STS:vm_state": "active", "OS-SRV-USG:launched_at": "2015-12-22T09:45:10.000000", "flavor": {"id": "42", "links": [{"href": "http://10.0.2.15:8774/64201c9381ee4c7eb672e07322f0f030/flavors/42", "rel": "bookmark"}]}, "id": "1e561987-33de-45bd-bfb8-b7049c12ec25", "security_groups": [{"name": "tempest-secgroup-smoke-536285237"}], "OS-SRV-USG:terminated_at": null, "OS-EXT-AZ:availability_zone": "nova", "user_id": "27c75c3334804c94a69ac0371ff6ced5", "name": "tempest.common.compute-instance-2128664514", "created": "2015-12-22T09:45:06Z", "tenant_id": "64201c9381ee4c7eb672e07322f0f030", "OS-DCF:diskConfig": "MANUAL", "os-extended-volumes:volumes_attached": [], "accessIPv4": "", "accessIPv6": "", "progress": 0, "OS-EXT-STS:power_state": 1, "config_drive": "True", "metadata": {}}}
2015-12-22 09:45:11,454 21185 INFO     [tempest.scenario.manager] Tenant networks not configured to be reachable.
2015-12-22 09:45:11,485 21185 INFO     [tempest_lib.common.rest_client] Request (TestNetworkBasicOps:test_connectivity_between_vms_on_different_networks): 200 GET http://10.0.2.15:9696/v2.0/ports?status=ACTIVE&amp;fixed_ip=None&amp;device_id=1e561987-33de-45bd-bfb8-b7049c12ec25 0.030s
2015-12-22 09:45:11,485 21185 DEBUG    [tempest_lib.common.rest_client] Request - Headers: {'Content-Type': 'application/json', 'Accept': 'application/json', 'X-Auth-Token': '&lt;omitted&gt;'}
        Body: None
    Response - Headers: {'status': '200', 'content-length': '895', 'content-location': 'http://10.0.2.15:9696/v2.0/ports?status=ACTIVE&amp;fixed_ip=None&amp;device_id=1e561987-33de-45bd-bfb8-b7049c12ec25', 'connection': 'close', 'date': 'Tue, 22 Dec 2015 09:45:11 GMT', 'content-type': 'application/json; charset=UTF-8', 'x-openstack-request-id': 'req-7823cfda-d2d4-4130-ac1f-dc83e2c910ca'}
        Body: {"ports": [{"status": "ACTIVE", "binding:host_id": "vagrant-ubuntu-trusty-64", "allowed_address_pairs": [], "extra_dhcp_opts": [], "dns_assignment": [{"hostname": "host-10-100-0-3", "ip_address": "10.100.0.3", "fqdn": "host-10-100-0-3.openstacklocal."}], "device_owner": "compute:None", "port_security_enabled": true, "binding:profile": {}, "fixed_ips": [{"subnet_id": "7577b484-14ea-47a5-adc6-e18da88029ed", "ip_address": "10.100.0.3"}], "id": "61113c8f-8f99-42bf-bc27-ea0f3dd006bb", "security_groups": ["81a02a98-0077-4dfb-8950-b9fde0f75c0b"], "device_id": "1e561987-33de-45bd-bfb8-b7049c12ec25", "name": "", "admin_state_up": true, "network_id": "15aa6160-fa5e-4f9c-80a6-e22e4d32e400", "dns_name": "", "binding:vif_details": {"port_filter": true}, "binding:vnic_type": "normal", "binding:vif_type": "ovs", "tenant_id": "64201c9381ee4c7eb672e07322f0f030", "mac_address": "fa:16:3e:79:71:ca"}]}
2015-12-22 09:45:12,062 21185 INFO     [tempest_lib.common.rest_client] Request (TestNetworkBasicOps:test_connectivity_between_vms_on_different_networks): 201 POST http://10.0.2.15:9696/v2.0/floatingips 0.576s
2015-12-22 09:45:12,063 21185 DEBUG    [tempest_lib.common.rest_client] Request - Headers: {'Content-Type': 'application/json', 'Accept': 'application/json', 'X-Auth-Token': '&lt;omitted&gt;'}
        Body: {"floatingip": {"floating_network_id": "587e5df6-c33b-4cbb-ba56-0ec2578be07d", "tenant_id": "64201c9381ee4c7eb672e07322f0f030", "fixed_ip_address": "10.100.0.3", "port_id": "61113c8f-8f99-42bf-bc27-ea0f3dd006bb"}}
    Response - Headers: {'status': '201', 'content-length': '367', 'connection': 'close', 'date': 'Tue, 22 Dec 2015 09:45:12 GMT', 'content-type': 'application/json; charset=UTF-8', 'x-openstack-request-id': 'req-7f806bd3-be83-4ce9-af0e-07902c77a810'}
        Body: {"floatingip": {"floating_network_id": "587e5df6-c33b-4cbb-ba56-0ec2578be07d", "router_id": "8dcb4152-d737-4ea0-abbd-f58dee23bb0f", "fixed_ip_address": "10.100.0.3", "floating_ip_address": "172.24.4.4", "tenant_id": "64201c9381ee4c7eb672e07322f0f030", "status": "DOWN", "port_id": "61113c8f-8f99-42bf-bc27-ea0f3dd006bb", "id": "d40be76b-66bf-4bf1-bbda-04496230fef7"}}
2015-12-22 09:45:12,080 21185 INFO     [tempest_lib.common.rest_client] Request (TestNetworkBasicOps:test_connectivity_between_vms_on_different_networks): 200 GET http://10.0.2.15:9696/v2.0/floatingips/d40be76b-66bf-4bf1-bbda-04496230fef7 0.016s
2015-12-22 09:45:12,081 21185 DEBUG    [tempest_lib.common.rest_client] Request - Headers: {'Content-Type': 'application/json', 'Accept': 'application/json', 'X-Auth-Token': '&lt;omitted&gt;'}
        Body: None
    Response - Headers: {'status': '200', 'content-length': '367', 'content-location': 'http://10.0.2.15:9696/v2.0/floatingips/d40be76b-66bf-4bf1-bbda-04496230fef7', 'connection': 'close', 'date': 'Tue, 22 Dec 2015 09:45:12 GMT', 'content-type': 'application/json; charset=UTF-8', 'x-openstack-request-id': 'req-491f1e07-ea56-4c78-83f5-82248f8df407'}
        Body: {"floatingip": {"floating_network_id": "587e5df6-c33b-4cbb-ba56-0ec2578be07d", "router_id": "8dcb4152-d737-4ea0-abbd-f58dee23bb0f", "fixed_ip_address": "10.100.0.3", "floating_ip_address": "172.24.4.4", "tenant_id": "64201c9381ee4c7eb672e07322f0f030", "status": "DOWN", "port_id": "61113c8f-8f99-42bf-bc27-ea0f3dd006bb", "id": "d40be76b-66bf-4bf1-bbda-04496230fef7"}}
2015-12-22 09:45:13,188 21185 INFO     [tempest_lib.common.rest_client] Request (TestNetworkBasicOps:test_connectivity_between_vms_on_different_networks): 200 GET http://10.0.2.15:9696/v2.0/floatingips/d40be76b-66bf-4bf1-bbda-04496230fef7 0.105s
2015-12-22 09:45:13,188 21185 DEBUG    [tempest_lib.common.rest_client] Request - Headers: {'Content-Type': 'application/json', 'Accept': 'application/json', 'X-Auth-Token': '&lt;omitted&gt;'}
        Body: None
    Response - Headers: {'status': '200', 'content-length': '369', 'content-location': 'http://10.0.2.15:9696/v2.0/floatingips/d40be76b-66bf-4bf1-bbda-04496230fef7', 'connection': 'close', 'date': 'Tue, 22 Dec 2015 09:45:13 GMT', 'content-type': 'application/json; charset=UTF-8', 'x-openstack-request-id': 'req-11f17bd6-edee-4703-84cd-ea3853844db6'}
        Body: {"floatingip": {"floating_network_id": "587e5df6-c33b-4cbb-ba56-0ec2578be07d", "router_id": "8dcb4152-d737-4ea0-abbd-f58dee23bb0f", "fixed_ip_address": "10.100.0.3", "floating_ip_address": "172.24.4.4", "tenant_id": "64201c9381ee4c7eb672e07322f0f030", "status": "ACTIVE", "port_id": "61113c8f-8f99-42bf-bc27-ea0f3dd006bb", "id": "d40be76b-66bf-4bf1-bbda-04496230fef7"}}
2015-12-22 09:45:13,189 21185 INFO     [tempest.scenario.manager] FloatingIP: &lt;"FloatingIP" addr="172.24.4.4" id="d40be76b-66bf-4bf1-bbda-04496230fef7"&gt; is at status: ACTIVE
2015-12-22 09:45:13,189 21185 DEBUG    [tempest.scenario.manager] checking network connections to IP 172.24.4.4 with user: cirros
2015-12-22 09:45:13,189 21185 DEBUG    [tempest.scenario.manager] TestNetworkBasicOps:test_connectivity_between_vms_on_different_networks begins to ping 172.24.4.4 in 120 sec and the expected result is reachable
2015-12-22 09:47:14,480 21185 DEBUG    [tempest.scenario.manager] TestNetworkBasicOps:test_connectivity_between_vms_on_different_networks finishes ping 172.24.4.4 in 120 sec and the ping result is unexpected
2015-12-22 09:47:14,482 21185 ERROR    [tempest.scenario.manager] Public network connectivity check failed
2015-12-22 09:47:14.482 21185 ERROR tempest.scenario.manager Traceback (most recent call last):
2015-12-22 09:47:14.482 21185 ERROR tempest.scenario.manager   File "tempest/scenario/manager.py", line 609, in check_public_network_connectivity
2015-12-22 09:47:14.482 21185 ERROR tempest.scenario.manager     should_connect=should_connect)
2015-12-22 09:47:14.482 21185 ERROR tempest.scenario.manager   File "tempest/scenario/manager.py", line 593, in check_vm_connectivity
2015-12-22 09:47:14.482 21185 ERROR tempest.scenario.manager     msg=msg)
2015-12-22 09:47:14.482 21185 ERROR tempest.scenario.manager   File "/usr/local/lib/python2.7/dist-packages/unittest2/case.py", line 702, in assertTrue
2015-12-22 09:47:14.482 21185 ERROR tempest.scenario.manager     raise self.failureException(msg)
2015-12-22 09:47:14.482 21185 ERROR tempest.scenario.manager AssertionError: False is not true : Timed out waiting for 172.24.4.4 to become reachable
2015-12-22 09:47:14.482 21185 ERROR tempest.scenario.manager 
2015-12-22 09:47:14,686 21185 INFO     [tempest_lib.common.rest_client] Request (TestNetworkBasicOps:test_connectivity_between_vms_on_different_networks): 200 POST http://10.0.2.15:8774/v2.1/64201c9381ee4c7eb672e07322f0f030/servers/1e561987-33de-45bd-bfb8-b7049c12ec25/action 0.200s
2015-12-22 09:47:14,686 21185 DEBUG    [tempest_lib.common.rest_client] Request - Headers: {'Content-Type': 'application/json', 'Accept': 'application/json', 'X-Auth-Token': '&lt;omitted&gt;'}
        Body: {"os-getConsoleOutput": {}}
    Response - Headers: {'status': '200', 'content-length': '17429', 'x-compute-request-id': 'req-05014c66-a7f3-4c34-9d69-1044febffa48', 'vary': 'X-OpenStack-Nova-API-Version', 'connection': 'close', 'x-openstack-nova-api-version': '2.1', 'date': 'Tue, 22 Dec 2015 09:47:14 GMT', 'content-type': 'application/json'}
        Body: {"output": "[    0.000000] Initializing cgroup subsys cpuset\n[    0.000000] Initializing cgroup subsys cpu\n[    0.000000] Linux version 3.2.0-80-virtual (buildd@batsu) (gcc version 4.6.3 (Ubuntu/Linaro 4.6.3-1ubuntu5) ) #116-Ubuntu SMP Mon Mar 23 17:28:52 UTC 2015 (Ubuntu 3.2.0-80.116-virtual 3.2.68)\n[    0.000000] Command line: root=/dev/vda console=tty0 console=ttyS0 no_timer_check\n[    0.000000] KERNEL supported cpus:\n[    0.000000]   Intel GenuineIntel\n[    0.000000]   AMD AuthenticAMD\n[    0.000000]   Centaur CentaurHauls\n[    0.000000] BIOS-provided physical RAM map:\n[    0.000000]  BIOS-e820: 0000000000000000 - 000000000009fc00 (usable)\n[    0.000000]  BIOS-e820: 000000000009fc00 - 00000000000a0000 (reserved)\n[    0.000000]  BIOS-e820: 00000000000f0000 - 0000000000100000 (reserved)\n[    0.000000]  BIOS-e820: 0000000000100000 - 0000000003ffe000 (usable)\n[    0.000000]  BIOS-e820: 0000000003ffe000 - 0000000004000000 (reserved)\n[    0.000000]  BIOS-e820: 00000000fffc0000 - 0000000100000000 (reserved)\n[    0.000000] NX (Execute Disable) protection: active\n[    0.000000] SMBIOS 2.4 present.\n[    0.000000] No AGP bridge found\n[    0.000000] last_pfn = 0x3ffe max_arch_pfn = 0x400000000\n[    0.000000] x86 PAT enabled: cpu 0, old 0x7040600070406, new 0x7010600070106\n[    0.000000] found SMP MP-table at [ffff8800000f0b00] f0b00\n[    0.000000] init_memory_mapping: 0000000000000000-0000000003ffe000\n[    0.000000] RAMDISK: 03c5e000 - 03ff0000\n[    0.000000] ACPI: RSDP 00000000000f0950 00014 (v00 BOCHS )\n[    0.000000] ACPI: RSDT 0000000003fffbc1 00034 (v01 BOCHS  BXPCRSDT 00000001 BXPC 00000001)\n[    0.000000] ACPI: FACP 0000000003fff1c0 00074 (v01 BOCHS  BXPCFACP 00000001 BXPC 00000001)\n[    0.000000] ACPI: DSDT 0000000003ffe040 01180 (v01 BOCHS  BXPCDSDT 00000001 BXPC 00000001)\n[    0.000000] ACPI: FACS 0000000003ffe000 00040\n[    0.000000] ACPI: SSDT 0000000003fff234 008DD (v01 BOCHS  BXPCSSDT 00000001 BXPC 00000001)\n[    0.000000] ACPI: APIC 0000000003fffb11 00078 (v01 BOCHS  BXPCAPIC 00000001 BXPC 00000001)\n[    0.000000] ACPI: HPET 0000000003fffb89 00038 (v01 BOCHS  BXPCHPET 00000001 BXPC 00000001)\n[    0.000000] No NUMA configuration found\n[    0.000000] Faking a node at 0000000000000000-0000000003ffe000\n[    0.000000] Initmem setup node 0 0000000000000000-0000000003ffe000\n[    0.000000]   NODE_DATA [0000000003ff6000 - 0000000003ffafff]\n[    0.000000] Zone PFN ranges:\n[    0.000000]   DMA      0x00000010 -&gt; 0x00001000\n[    0.000000]   DMA32    0x00001000 -&gt; 0x00100000\n[    0.000000]   Normal   empty\n[    0.000000] Movable zone start PFN for each node\n[    0.000000] early_node_map[2] active PFN ranges\n[    0.000000]     0: 0x00000010 -&gt; 0x0000009f\n[    0.000000]     0: 0x00000100 -&gt; 0x00003ffe\n[    0.000000] ACPI: PM-Timer IO Port: 0xb008\n[    0.000000] ACPI: LAPIC (acpi_id[0x00] lapic_id[0x00] enabled)\n[    0.000000] ACPI: LAPIC_NMI (acpi_id[0xff] dfl dfl lint[0x1])\n[    0.000000] ACPI: IOAPIC (id[0x00] address[0xfec00000] gsi_base[0])\n[    0.000000] IOAPIC[0]: apic_id 0, version 17, address 0xfec00000, GSI 0-23\n[    0.000000] ACPI: INT_SRC_OVR (bus 0 bus_irq 0 global_irq 2 dfl dfl)\n[    0.000000] ACPI: INT_SRC_OVR (bus 0 bus_irq 5 global_irq 5 high level)\n[    0.000000] ACPI: INT_SRC_OVR (bus 0 bus_irq 9 global_irq 9 high level)\n[    0.000000] ACPI: INT_SRC_OVR (bus 0 bus_irq 10 global_irq 10 high level)\n[    0.000000] ACPI: INT_SRC_OVR (bus 0 bus_irq 11 global_irq 11 high level)\n[    0.000000] Using ACPI (MADT) for SMP configuration information\n[    0.000000] ACPI: HPET id: 0x8086a201 base: 0xfed00000\n[    0.000000] SMP: Allowing 1 CPUs, 0 hotplug CPUs\n[    0.000000] PM: Registered nosave memory: 000000000009f000 - 00000000000a0000\n[    0.000000] PM: Registered nosave memory: 00000000000a0000 - 00000000000f0000\n[    0.000000] PM: Registered nosave memory: 00000000000f0000 - 0000000000100000\n[    0.000000] Allocating PCI resources starting at 4000000 (gap: 4000000:fbfc0000)\n[    0.000000] Booting paravirtualized kernel on bare hardware\n[    0.000000] setup_pe
2015-12-22 09:47:14,689 21185 DEBUG    [tempest.scenario.manager] Console output for 1e561987-33de-45bd-bfb8-b7049c12ec25
body=
[    0.000000] Initializing cgroup subsys cpuset
[    0.000000] Initializing cgroup subsys cpu
[    0.000000] Linux version 3.2.0-80-virtual (buildd@batsu) (gcc version 4.6.3 (Ubuntu/Linaro 4.6.3-1ubuntu5) ) #116-Ubuntu SMP Mon Mar 23 17:28:52 UTC 2015 (Ubuntu 3.2.0-80.116-virtual 3.2.68)
[    0.000000] Command line: root=/dev/vda console=tty0 console=ttyS0 no_timer_check
[    0.000000] KERNEL supported cpus:
[    0.000000]   Intel GenuineIntel
[    0.000000]   AMD AuthenticAMD
[    0.000000]   Centaur CentaurHauls
[    0.000000] BIOS-provided physical RAM map:
[    0.000000]  BIOS-e820: 0000000000000000 - 000000000009fc00 (usable)
[    0.000000]  BIOS-e820: 000000000009fc00 - 00000000000a0000 (reserved)
[    0.000000]  BIOS-e820: 00000000000f0000 - 0000000000100000 (reserved)
[    0.000000]  BIOS-e820: 0000000000100000 - 0000000003ffe000 (usable)
[    0.000000]  BIOS-e820: 0000000003ffe000 - 0000000004000000 (reserved)
[    0.000000]  BIOS-e820: 00000000fffc0000 - 0000000100000000 (reserved)
[    0.000000] NX (Execute Disable) protection: active
[    0.000000] SMBIOS 2.4 present.
[    0.000000] No AGP bridge found
[    0.000000] last_pfn = 0x3ffe max_arch_pfn = 0x400000000
[    0.000000] x86 PAT enabled: cpu 0, old 0x7040600070406, new 0x7010600070106
[    0.000000] found SMP MP-table at [ffff8800000f0b00] f0b00
[    0.000000] init_memory_mapping: 0000000000000000-0000000003ffe000
[    0.000000] RAMDISK: 03c5e000 - 03ff0000
[    0.000000] ACPI: RSDP 00000000000f0950 00014 (v00 BOCHS )
[    0.000000] ACPI: RSDT 0000000003fffbc1 00034 (v01 BOCHS  BXPCRSDT 00000001 BXPC 00000001)
[    0.000000] ACPI: FACP 0000000003fff1c0 00074 (v01 BOCHS  BXPCFACP 00000001 BXPC 00000001)
[    0.000000] ACPI: DSDT 0000000003ffe040 01180 (v01 BOCHS  BXPCDSDT 00000001 BXPC 00000001)
[    0.000000] ACPI: FACS 0000000003ffe000 00040
[    0.000000] ACPI: SSDT 0000000003fff234 008DD (v01 BOCHS  BXPCSSDT 00000001 BXPC 00000001)
[    0.000000] ACPI: APIC 0000000003fffb11 00078 (v01 BOCHS  BXPCAPIC 00000001 BXPC 00000001)
[    0.000000] ACPI: HPET 0000000003fffb89 00038 (v01 BOCHS  BXPCHPET 00000001 BXPC 00000001)
[    0.000000] No NUMA configuration found
[    0.000000] Faking a node at 0000000000000000-0000000003ffe000
[    0.000000] Initmem setup node 0 0000000000000000-0000000003ffe000
[    0.000000]   NODE_DATA [0000000003ff6000 - 0000000003ffafff]
[    0.000000] Zone PFN ranges:
[    0.000000]   DMA      0x00000010 -&gt; 0x00001000
[    0.000000]   DMA32    0x00001000 -&gt; 0x00100000
[    0.000000]   Normal   empty
[    0.000000] Movable zone start PFN for each node
[    0.000000] early_node_map[2] active PFN ranges
[    0.000000]     0: 0x00000010 -&gt; 0x0000009f
[    0.000000]     0: 0x00000100 -&gt; 0x00003ffe
[    0.000000] ACPI: PM-Timer IO Port: 0xb008
[    0.000000] ACPI: LAPIC (acpi_id[0x00] lapic_id[0x00] enabled)
[    0.000000] ACPI: LAPIC_NMI (acpi_id[0xff] dfl dfl lint[0x1])
[    0.000000] ACPI: IOAPIC (id[0x00] address[0xfec00000] gsi_base[0])
[    0.000000] IOAPIC[0]: apic_id 0, version 17, address 0xfec00000, GSI 0-23
[    0.000000] ACPI: INT_SRC_OVR (bus 0 bus_irq 0 global_irq 2 dfl dfl)
[    0.000000] ACPI: INT_SRC_OVR (bus 0 bus_irq 5 global_irq 5 high level)
[    0.000000] ACPI: INT_SRC_OVR (bus 0 bus_irq 9 global_irq 9 high level)
[    0.000000] ACPI: INT_SRC_OVR (bus 0 bus_irq 10 global_irq 10 high level)
[    0.000000] ACPI: INT_SRC_OVR (bus 0 bus_irq 11 global_irq 11 high level)
[    0.000000] Using ACPI (MADT) for SMP configuration information
[    0.000000] ACPI: HPET id: 0x8086a201 base: 0xfed00000
[    0.000000] SMP: Allowing 1 CPUs, 0 hotplug CPUs
[    0.000000] PM: Registered nosave memory: 000000000009f000 - 00000000000a0000
[    0.000000] PM: Registered nosave memory: 00000000000a0000 - 00000000000f0000
[    0.000000] PM: Registered nosave memory: 00000000000f0000 - 0000000000100000
[    0.000000] Allocating PCI resources starting at 4000000 (gap: 4000000:fbfc0000)
[    0.000000] Booting paravirtualized kernel on bare hardware
[    0.000000] setup_percpu: NR_CPUS:64 nr_cpumask_bits:64 nr_cpu_ids:1 nr_node_ids:1
[    0.000000] PERCPU: Embedded 27 pages/cpu @ffff880003a00000 s78848 r8192 d23552 u2097152
[    0.000000] Built 1 zonelists in Node order, mobility grouping on.  Total pages: 16008
[    0.000000] Policy zone: DMA32
[    0.000000] Kernel command line: root=/dev/vda console=tty0 console=ttyS0 no_timer_check
[    0.000000] PID hash table entries: 256 (order: -1, 2048 bytes)
[    0.000000] Checking aperture...
[    0.000000] No AGP bridge found
[    0.000000] Memory: 43492k/65528k available (6576k kernel code, 452k absent, 21584k reserved, 6620k data, 928k init)
[    0.000000] SLUB: Genslabs=15, HWalign=64, Order=0-3, MinObjects=0, CPUs=1, Nodes=1
[    0.000000] Hierarchical RCU implementation.
[    0.000000] 	RCU dyntick-idle grace-period acceleration is enabled.
[    0.000000] NR_IRQS:4352 nr_irqs:256 16
[    0.000000] Console: colour VGA+ 80x25
[    0.000000] console [tty0] enabled
[    0.000000] console [ttyS0] enabled
[    0.000000] allocated 1048576 bytes of page_cgroup
[    0.000000] please try 'cgroup_disable=memory' option if you don't want memory cgroups
[    0.000000] Fast TSC calibration failed
[    0.000000] TSC: Unable to calibrate against PIT
[    0.000000] TSC: using HPET reference calibration
[    0.000000] Detected 2294.372 MHz processor.
[    0.033556] Calibrating delay loop (skipped), value calculated using timer frequency.. 4588.74 BogoMIPS (lpj=9177488)
[    0.035507] pid_max: default: 32768 minimum: 301
[    0.041953] Security Framework initialized
[    0.046409] AppArmor: AppArmor initialized
[    0.046999] Yama: becoming mindful.
[    0.054289] Dentry cache hash table entries: 8192 (order: 4, 65536 bytes)
[    0.056315] Inode-cache hash table entries: 4096 (order: 3, 32768 bytes)
[    0.057622] Mount-cache hash table entries: 256
[    0.074379] Initializing cgroup subsys cpuacct
[    0.075291] Initializing cgroup subsys memory
[    0.076757] Initializing cgroup subsys devices
[    0.077435] Initializing cgroup subsys freezer
[    0.078054] Initializing cgroup subsys blkio
[    0.078705] Initializing cgroup subsys perf_event
[    0.082968] mce: CPU supports 10 MCE banks
[    0.086292] SMP alternatives: switching to UP code
[    0.489465] Freeing SMP alternatives: 24k freed
[    0.491347] ACPI: Core revision 20110623
[    0.538525] ftrace: allocating 26610 entries in 105 pages
[    0.571295] ..TIMER: vector=0x30 apic1=0 pin1=2 apic2=-1 pin2=-1
[    0.572190] CPU0: AMD QEMU Virtual CPU version 2.0.0 stepping 03
[    0.576035] Performance Events: Broken PMU hardware detected, using software events only.
[    0.582949] NMI watchdog disabled (cpu0): hardware events not enabled
[    0.584737] Brought up 1 CPUs
[    0.585231] Total of 1 processors activated (4588.74 BogoMIPS).
[    0.608193] devtmpfs: initialized
[    0.633728] EVM: security.selinux
[    0.636078] EVM: security.SMACK64
[    0.636516] EVM: security.capability
[    0.654626] print_constraints: dummy: 
[    0.656040] RTC time:  9:45:14, date: 12/22/15
[    0.660159] NET: Registered protocol family 16
[    0.666436] ACPI: bus type pci registered
[    0.670131] PCI: Using configuration type 1 for base access
[    0.701556] bio: create slab &lt;bio-0&gt; at 0
[    0.706513] ACPI: Added _OSI(Module Device)
[    0.707076] ACPI: Added _OSI(Processor Device)
[    0.708101] ACPI: Added _OSI(3.0 _SCP Extensions)
[    0.708716] ACPI: Added _OSI(Processor Aggregator Device)
[    0.777778] ACPI: Interpreter enabled
[    0.778476] ACPI: (supports S0 S3 S4 S5)
[    0.780725] ACPI: Using IOAPIC for interrupt routing
[    0.852583] ACPI: No dock devices found.
[    0.853745] HEST: Table not found.
[    0.854865] PCI: Using host bridge windows from ACPI; if necessary, use "pci=nocrs" and report a bug
[    0.862043] ACPI: PCI Root Bridge [PCI0] (domain 0000 [bus 00-ff])
[    0.868968] pci_root PNP0A03:00: host bridge window [io  0x0000-0x0cf7]
[    0.869864] pci_root PNP0A03:00: host bridge window [io  0x0d00-0xadff]
[    0.870747] pci_root PNP0A03:00: host bridge window [io  0xae0f-0xaeff]
[    0.872106] pci_root PNP0A03:00: host bridge window [io  0xaf20-0xafdf]
[    0.872948] pci_root PNP0A03:00: host bridge window [io  0xafe4-0xffff]
[    0.874130] pci_root PNP0A03:00: host bridge window [mem 0x000a0000-0x000bffff]
[    0.875113] pci_root PNP0A03:00: host bridge window [mem 0x04000000-0xfebfffff]
[    0.900586] pci 0000:00:01.3: quirk: [io  0xb000-0xb03f] claimed by PIIX4 ACPI
[    0.901709] pci 0000:00:01.3: quirk: [io  0xb100-0xb10f] claimed by PIIX4 SMB
[    0.968175]  pci0000:00: Unable to request _OSC control (_OSC support mask: 0x1e)
[    1.036614] ACPI: PCI Interrupt Link [LNKA] (IRQs 5 *10 11)
[    1.038754] ACPI: PCI Interrupt Link [LNKB] (IRQs 5 *10 11)
[    1.041069] ACPI: PCI Interrupt Link [LNKC] (IRQs 5 10 *11)
[    1.042925] ACPI: PCI Interrupt Link [LNKD] (IRQs 5 10 *11)
[    1.044884] ACPI: PCI Interrupt Link [LNKS] (IRQs *9)
[    1.050999] vgaarb: device added: PCI:0000:00:02.0,decodes=io+mem,owns=io+mem,locks=none
[    1.052183] vgaarb: loaded
[    1.052538] vgaarb: bridge control possible 0000:00:02.0
[    1.056517] i2c-core: driver [aat2870] using legacy suspend method
[    1.057200] i2c-core: driver [aat2870] using legacy resume method
[    1.060773] SCSI subsystem initialized
[    1.063499] usbcore: registered new interface driver usbfs
[    1.064579] usbcore: registered new interface driver hub
[    1.065721] usbcore: registered new device driver usb
[    1.069933] PCI: Using ACPI for IRQ routing
[    1.083193] NetLabel: Initializing
[    1.084173] NetLabel:  domain hash size = 128
[    1.084893] NetLabel:  protocols = UNLABELED CIPSOv4
[    1.089263] NetLabel:  unlabeled traffic allowed by default
[    1.093876] HPET: 3 timers in total, 0 timers will be used for per-cpu timer
[    1.096340] hpet0: at MMIO 0xfed00000, IRQs 2, 8, 0
[    1.097301] hpet0: 3 comparators, 64-bit 100.000000 MHz counter
[    1.109691] Switching to clocksource hpet
[    1.366283] AppArmor: AppArmor Filesystem Enabled
[    1.367642] pnp: PnP ACPI init
[    1.369300] ACPI: bus type pnp registered
[    1.395107] pnp: PnP ACPI: found 9 devices
[    1.395799] ACPI: ACPI bus type pnp unregistered
[    1.451174] NET: Registered protocol family 2
[    1.486138] IP route cache hash table entries: 512 (order: 0, 4096 bytes)
[    1.493893] TCP established hash table entries: 2048 (order: 3, 32768 bytes)
[    1.495699] TCP bind hash table entries: 2048 (order: 3, 32768 bytes)
[    1.497444] TCP: Hash tables configured (established 2048 bind 2048)
[    1.498273] TCP reno registered
[    1.498807] UDP hash table entries: 128 (order: 0, 4096 bytes)
[    1.499774] UDP-Lite hash table entries: 128 (order: 0, 4096 bytes)
[    1.502983] NET: Registered protocol family 1
[    1.503965] pci 0000:00:00.0: Limiting direct PCI/PCI transfers
[    1.505584] pci 0000:00:01.0: PIIX3: Enabling Passive Release
[    1.506583] pci 0000:00:01.0: Activating ISA DMA hang workarounds
[    1.511040] ACPI: PCI Interrupt Link [LNKD] enabled at IRQ 11
[    1.512032] pci 0000:00:01.2: PCI INT D -&gt; Link[LNKD] -&gt; GSI 11 (level, high) -&gt; IRQ 11
[    1.514665] pci 0000:00:01.2: PCI INT D disabled
[    1.532016] Trying to unpack rootfs image as initramfs...
[    1.548955] audit: initializing netlink socket (disabled)
[    1.550643] type=2000 audit(1450777514.548:1): initialized
[    1.845774] HugeTLB registered 2 MB page size, pre-allocated 0 pages
[    1.951410] VFS: Disk quotas dquot_6.5.2
[    1.953372] Dquot-cache hash table entries: 512 (order 0, 4096 bytes)
[    1.973966] fuse init (API version 7.17)
[    1.977116] msgmni has been set to 84
[    2.018284] Block layer SCSI generic (bsg) driver version 0.4 loaded (major 253)
[    2.019727] io scheduler noop registered
[    2.020977] io scheduler deadline registered (default)
[    2.022121] io scheduler cfq registered
[    2.025514] pci_hotplug: PCI Hot Plug PCI Core version: 0.5
[    2.027286] pciehp: PCI Express Hot Plug Controller Driver version: 0.4
[    2.033139] input: Power Button as /devices/LNXSYSTM:00/LNXPWRBN:00/input/input0
[    2.034689] ACPI: Power Button [PWRF]
[    2.078935] ERST: Table is not found!
[    2.079509] GHES: HEST is not enabled!
[    2.089856] ACPI: PCI Interrupt Link [LNKC] enabled at IRQ 10
[    2.090668] virtio-pci 0000:00:03.0: PCI INT A -&gt; Link[LNKC] -&gt; GSI 10 (level, high) -&gt; IRQ 10
[    2.094793] virtio-pci 0000:00:04.0: PCI INT A -&gt; Link[LNKD] -&gt; GSI 11 (level, high) -&gt; IRQ 11
[    2.110580] ACPI: PCI Interrupt Link [LNKA] enabled at IRQ 10
[    2.111267] virtio-pci 0000:00:05.0: PCI INT A -&gt; Link[LNKA] -&gt; GSI 10 (level, high) -&gt; IRQ 10
[    2.123527] Serial: 8250/16550 driver, 32 ports, IRQ sharing enabled
[    2.165409] serial8250: ttyS0 at I/O 0x3f8 (irq = 4) is a 16550A
[    2.249649] serial8250: ttyS1 at I/O 0x2f8 (irq = 3) is a 16550A
[    2.395030] 00:05: ttyS0 at I/O 0x3f8 (irq = 4) is a 16550A
[    2.485093] 00:06: ttyS1 at I/O 0x2f8 (irq = 3) is a 16550A
[    2.517946] Refined TSC clocksource calibration: 2294.455 MHz.
[    2.518799] Switching to clocksource tsc
[    2.538457] Linux agpgart interface v0.103
[    2.598914] brd: module loaded
[    2.629604] loop: module loaded
[    2.677437]  vda: unknown partition table
[    2.737226] scsi0 : ata_piix
[    2.749824] scsi1 : ata_piix
[    2.752137] ata1: PATA max MWDMA2 cmd 0x1f0 ctl 0x3f6 bmdma 0xc0a0 irq 14
[    2.753423] ata2: PATA max MWDMA2 cmd 0x170 ctl 0x376 bmdma 0xc0a8 irq 15
[    2.764619] Fixed MDIO Bus: probed
[    2.765834] tun: Universal TUN/TAP device driver, 1.6
[    2.766438] tun: (C) 1999-2004 Max Krasnyansky &lt;maxk@qualcomm.com&gt;
[    2.778265] PPP generic driver version 2.4.2
[    2.805544] ehci_hcd: USB 2.0 'Enhanced' Host Controller (EHCI) Driver
[    2.806792] ohci_hcd: USB 1.1 'Open' Host Controller (OHCI) Driver
[    2.807735] uhci_hcd: USB Universal Host Controller Interface driver
[    2.809813] uhci_hcd 0000:00:01.2: PCI INT D -&gt; Link[LNKD] -&gt; GSI 11 (level, high) -&gt; IRQ 11
[    2.813768] uhci_hcd 0000:00:01.2: UHCI Host Controller
[    2.826788] uhci_hcd 0000:00:01.2: new USB bus registered, assigned bus number 1
[    2.829555] uhci_hcd 0000:00:01.2: irq 11, io base 0x0000c040
[    2.867848] hub 1-0:1.0: USB hub found
[    2.870053] hub 1-0:1.0: 2 ports detected
[    2.879192] usbcore: registered new interface driver libusual
[    2.883511] i8042: PNP: PS/2 Controller [PNP0303:KBD,PNP0f13:MOU] at 0x60,0x64 irq 1,12
[    2.892150] serio: i8042 KBD port at 0x60,0x64 irq 1
[    2.897161] serio: i8042 AUX port at 0x60,0x64 irq 12
[    2.943136] mousedev: PS/2 mouse device common for all mice
[    2.975316] input: AT Translated Set 2 keyboard as /devices/platform/i8042/serio0/input/input1
[    2.980998] rtc_cmos 00:01: RTC can wake from S4
[    3.000368] rtc_cmos 00:01: rtc core: registered rtc_cmos as rtc0
[    3.005484] rtc0: alarms up to one day, 114 bytes nvram, hpet irqs
[    3.011093] device-mapper: uevent: version 1.0.3
[    3.028799] ata2.01: ATAPI: QEMU DVD-ROM, 2.0.0, max UDMA/100
[    3.048039] device-mapper: ioctl: 4.22.0-ioctl (2011-10-19) initialised: dm-devel@redhat.com
[    3.052023] cpuidle: using governor ladder
[    3.053443] cpuidle: using governor menu
[    3.054653] EFI Variables Facility v0.08 2004-May-17
[    3.071017] TCP cubic registered
[    3.075012] NET: Registered protocol family 10
[    3.115367] NET: Registered protocol family 17
[    3.117600] Registering the dns_resolver key type
[    3.127913] ata2.01: configured for MWDMA2
[    3.170261] scsi 1:0:1:0: CD-ROM            QEMU     QEMU DVD-ROM     2.0. PQ: 0 ANSI: 5
[    3.190999] sr0: scsi3-mmc drive: 4x/4x cd/rw xa/form2 tray
[    3.192938] cdrom: Uniform CD-ROM driver Revision: 3.20
[    3.221358] sr 1:0:1:0: Attached scsi generic sg0 type 5
[    3.257000] Freeing initrd memory: 3656k freed
[    3.273186] registered taskstats version 1
[    3.788028]   Magic number: 11:878:778
[    3.797225] rtc_cmos 00:01: setting system clock to 2015-12-22 09:45:17 UTC (1450777517)
[    3.799086] powernow-k8: Processor cpuid 663 not supported
[    3.803735] BIOS EDD facility v0.16 2004-Jun-25, 0 devices found
[    3.805473] EDD information not available.
[    3.871721] Freeing unused kernel memory: 928k freed
[    3.876484] Write protecting the kernel read-only data: 12288k
[    3.957643] Freeing unused kernel memory: 1596k freed
[    4.016015] Freeing unused kernel memory: 1184k freed

info: initramfs: up at 4.20
modprobe: module virtio_blk not found in modules.dep
modprobe: module virtio_net not found in modules.dep
info: copying initramfs to /dev/vda
info: initramfs loading root from /dev/vda
info: /etc/init.d/rc.sysinit: up at 9.16
info: container: none
Starting logging: OK
modprobe: module virtio_blk not found in modules.dep
modprobe: module virtio_net not found in modules.dep
WARN: /etc/rc3.d/S10-load-modules failed
Initializing random number generator... done.
Starting acpid: OK
cirros-ds 'local' up at 11.82
found datasource (configdrive, local)
Starting network...
udhcpc (v1.20.1) started
Sending discover...
Sending discover...

2015-12-22 09:47:14,967 21185 INFO     [tempest_lib.common.rest_client] Request (TestNetworkBasicOps:_run_cleanups): 204 DELETE http://10.0.2.15:9696/v2.0/floatingips/d40be76b-66bf-4bf1-bbda-04496230fef7 0.272s
2015-12-22 09:47:14,968 21185 DEBUG    [tempest_lib.common.rest_client] Request - Headers: {'Content-Type': 'application/json', 'Accept': 'application/json', 'X-Auth-Token': '&lt;omitted&gt;'}
        Body: None
    Response - Headers: {'date': 'Tue, 22 Dec 2015 09:47:14 GMT', 'status': '204', 'connection': 'close', 'content-length': '0', 'x-openstack-request-id': 'req-13b797b9-c115-4e6c-8684-ea5c8e2eff07'}
        Body: 
2015-12-22 09:47:15,187 21185 INFO     [tempest_lib.common.rest_client] Request (TestNetworkBasicOps:_run_cleanups): 204 DELETE http://10.0.2.15:8774/v2.1/64201c9381ee4c7eb672e07322f0f030/servers/1e561987-33de-45bd-bfb8-b7049c12ec25 0.219s
2015-12-22 09:47:15,188 21185 DEBUG    [tempest_lib.common.rest_client] Request - Headers: {'Content-Type': 'application/json', 'Accept': 'application/json', 'X-Auth-Token': '&lt;omitted&gt;'}
        Body: None
    Response - Headers: {'status': '204', 'content-length': '0', 'x-compute-request-id': 'req-57730129-ed16-4009-b3bb-28ebc7a03b19', 'vary': 'X-OpenStack-Nova-API-Version', 'connection': 'close', 'x-openstack-nova-api-version': '2.1', 'date': 'Tue, 22 Dec 2015 09:47:15 GMT', 'content-type': 'application/json'}
        Body: 
2015-12-22 09:47:15,428 21185 INFO     [tempest_lib.common.rest_client] Request (TestNetworkBasicOps:_run_cleanups): 200 GET http://10.0.2.15:8774/v2.1/64201c9381ee4c7eb672e07322f0f030/servers/1e561987-33de-45bd-bfb8-b7049c12ec25 0.239s
2015-12-22 09:47:15,428 21185 DEBUG    [tempest_lib.common.rest_client] Request - Headers: {'Content-Type': 'application/json', 'Accept': 'application/json', 'X-Auth-Token': '&lt;omitted&gt;'}
        Body: None
    Response - Headers: {'status': '200', 'content-length': '1776', 'content-location': 'http://10.0.2.15:8774/v2.1/64201c9381ee4c7eb672e07322f0f030/servers/1e561987-33de-45bd-bfb8-b7049c12ec25', 'x-compute-request-id': 'req-391c12e4-2fe3-4636-a52c-977f82ef4cad', 'vary': 'X-OpenStack-Nova-API-Version', 'connection': 'close', 'x-openstack-nova-api-version': '2.1', 'date': 'Tue, 22 Dec 2015 09:47:15 GMT', 'content-type': 'application/json'}
        Body: {"server": {"status": "ACTIVE", "updated": "2015-12-22T09:47:15Z", "hostId": "ecab0b22afa2081c409182ddfe374e67a8ccb4d79f1f1b76d7ffab84", "addresses": {"tempest-network-smoke--1066802020": [{"OS-EXT-IPS-MAC:mac_addr": "fa:16:3e:79:71:ca", "version": 4, "addr": "10.100.0.3", "OS-EXT-IPS:type": "fixed"}, {"OS-EXT-IPS-MAC:mac_addr": "fa:16:3e:79:71:ca", "version": 4, "addr": "172.24.4.4", "OS-EXT-IPS:type": "floating"}]}, "links": [{"href": "http://10.0.2.15:8774/v2.1/64201c9381ee4c7eb672e07322f0f030/servers/1e561987-33de-45bd-bfb8-b7049c12ec25", "rel": "self"}, {"href": "http://10.0.2.15:8774/64201c9381ee4c7eb672e07322f0f030/servers/1e561987-33de-45bd-bfb8-b7049c12ec25", "rel": "bookmark"}], "key_name": "tempest-TestNetworkBasicOps-1372930696", "image": {"id": "d4423bc4-479a-4363-8ab9-6a27f64d50c1", "links": [{"href": "http://10.0.2.15:8774/64201c9381ee4c7eb672e07322f0f030/images/d4423bc4-479a-4363-8ab9-6a27f64d50c1", "rel": "bookmark"}]}, "OS-EXT-STS:task_state": "deleting", "OS-EXT-STS:vm_state": "active", "OS-SRV-USG:launched_at": "2015-12-22T09:45:10.000000", "flavor": {"id": "42", "links": [{"href": "http://10.0.2.15:8774/64201c9381ee4c7eb672e07322f0f030/flavors/42", "rel": "bookmark"}]}, "id": "1e561987-33de-45bd-bfb8-b7049c12ec25", "security_groups": [{"name": "tempest-secgroup-smoke-536285237"}], "OS-SRV-USG:terminated_at": null, "OS-EXT-AZ:availability_zone": "nova", "user_id": "27c75c3334804c94a69ac0371ff6ced5", "name": "tempest.common.compute-instance-2128664514", "created": "2015-12-22T09:45:06Z", "tenant_id": "64201c9381ee4c7eb672e07322f0f030", "OS-DCF:diskConfig": "MANUAL", "os-extended-volumes:volumes_attached": [], "accessIPv4": "", "accessIPv6": "", "progress": 0, "OS-EXT-STS:power_state": 1, "config_drive": "True", "metadata": {}}}
2015-12-22 09:47:16,574 21185 INFO     [tempest_lib.common.rest_client] Request (TestNetworkBasicOps:_run_cleanups): 200 GET http://10.0.2.15:8774/v2.1/64201c9381ee4c7eb672e07322f0f030/servers/1e561987-33de-45bd-bfb8-b7049c12ec25 0.133s
2015-12-22 09:47:16,575 21185 DEBUG    [tempest_lib.common.rest_client] Request - Headers: {'Content-Type': 'application/json', 'Accept': 'application/json', 'X-Auth-Token': '&lt;omitted&gt;'}
        Body: None
    Response - Headers: {'status': '200', 'content-length': '1709', 'content-location': 'http://10.0.2.15:8774/v2.1/64201c9381ee4c7eb672e07322f0f030/servers/1e561987-33de-45bd-bfb8-b7049c12ec25', 'x-compute-request-id': 'req-b9417593-8a84-43bd-b0b8-3e3bfba78efc', 'vary': 'X-OpenStack-Nova-API-Version', 'connection': 'close', 'x-openstack-nova-api-version': '2.1', 'date': 'Tue, 22 Dec 2015 09:47:16 GMT', 'content-type': 'application/json'}
        Body: {"server": {"status": "ACTIVE", "updated": "2015-12-22T09:47:15Z", "hostId": "ecab0b22afa2081c409182ddfe374e67a8ccb4d79f1f1b76d7ffab84", "addresses": {"tempest-network-smoke--1066802020": [{"OS-EXT-IPS-MAC:mac_addr": "fa:16:3e:79:71:ca", "version": 4, "addr": "10.100.0.3", "OS-EXT-IPS:type": "fixed"}, {"OS-EXT-IPS-MAC:mac_addr": "fa:16:3e:79:71:ca", "version": 4, "addr": "172.24.4.4", "OS-EXT-IPS:type": "floating"}]}, "links": [{"href": "http://10.0.2.15:8774/v2.1/64201c9381ee4c7eb672e07322f0f030/servers/1e561987-33de-45bd-bfb8-b7049c12ec25", "rel": "self"}, {"href": "http://10.0.2.15:8774/64201c9381ee4c7eb672e07322f0f030/servers/1e561987-33de-45bd-bfb8-b7049c12ec25", "rel": "bookmark"}], "key_name": "tempest-TestNetworkBasicOps-1372930696", "image": {"id": "d4423bc4-479a-4363-8ab9-6a27f64d50c1", "links": [{"href": "http://10.0.2.15:8774/64201c9381ee4c7eb672e07322f0f030/images/d4423bc4-479a-4363-8ab9-6a27f64d50c1", "rel": "bookmark"}]}, "OS-EXT-STS:task_state": "deleting", "OS-EXT-STS:vm_state": "active", "OS-SRV-USG:launched_at": "2015-12-22T09:45:10.000000", "flavor": {"id": "42", "links": [{"href": "http://10.0.2.15:8774/64201c9381ee4c7eb672e07322f0f030/flavors/42", "rel": "bookmark"}]}, "id": "1e561987-33de-45bd-bfb8-b7049c12ec25", "OS-SRV-USG:terminated_at": null, "OS-EXT-AZ:availability_zone": "nova", "user_id": "27c75c3334804c94a69ac0371ff6ced5", "name": "tempest.common.compute-instance-2128664514", "created": "2015-12-22T09:45:06Z", "tenant_id": "64201c9381ee4c7eb672e07322f0f030", "OS-DCF:diskConfig": "MANUAL", "os-extended-volumes:volumes_attached": [], "accessIPv4": "", "accessIPv6": "", "progress": 0, "OS-EXT-STS:power_state": 1, "config_drive": "True", "metadata": {}}}
2015-12-22 09:47:17,671 21185 INFO     [tempest_lib.common.rest_client] Request (TestNetworkBasicOps:_run_cleanups): 404 GET http://10.0.2.15:8774/v2.1/64201c9381ee4c7eb672e07322f0f030/servers/1e561987-33de-45bd-bfb8-b7049c12ec25 0.085s
2015-12-22 09:47:17,672 21185 DEBUG    [tempest_lib.common.rest_client] Request - Headers: {'Content-Type': 'application/json', 'Accept': 'application/json', 'X-Auth-Token': '&lt;omitted&gt;'}
        Body: None
    Response - Headers: {'status': '404', 'content-length': '111', 'x-compute-request-id': 'req-798101c8-0a12-4f00-92b5-b383459ed640', 'vary': 'X-OpenStack-Nova-API-Version', 'connection': 'close', 'x-openstack-nova-api-version': '2.1', 'date': 'Tue, 22 Dec 2015 09:47:17 GMT', 'content-type': 'application/json; charset=UTF-8'}
        Body: {"itemNotFound": {"message": "Instance 1e561987-33de-45bd-bfb8-b7049c12ec25 could not be found.", "code": 404}}
2015-12-22 09:47:17,686 21185 INFO     [tempest_lib.common.rest_client] Request (TestNetworkBasicOps:_run_cleanups): 202 DELETE http://10.0.2.15:8774/v2.1/64201c9381ee4c7eb672e07322f0f030/os-keypairs/tempest-TestNetworkBasicOps-1372930696 0.014s
2015-12-22 09:47:17,687 21185 DEBUG    [tempest_lib.common.rest_client] Request - Headers: {'Content-Type': 'application/json', 'Accept': 'application/json', 'X-Auth-Token': '&lt;omitted&gt;'}
        Body: None
    Response - Headers: {'status': '202', 'content-length': '0', 'x-compute-request-id': 'req-3a08790f-9e14-46de-bfcd-07bd945b54be', 'vary': 'X-OpenStack-Nova-API-Version', 'connection': 'close', 'x-openstack-nova-api-version': '2.1', 'date': 'Tue, 22 Dec 2015 09:47:17 GMT', 'content-type': 'application/json'}
        Body: 
2015-12-22 09:47:18,092 21185 INFO     [tempest_lib.common.rest_client] Request (TestNetworkBasicOps:_run_cleanups): 200 PUT http://10.0.2.15:9696/v2.0/routers/8dcb4152-d737-4ea0-abbd-f58dee23bb0f/remove_router_interface 0.405s
2015-12-22 09:47:18,093 21185 DEBUG    [tempest_lib.common.rest_client] Request - Headers: {'Content-Type': 'application/json', 'Accept': 'application/json', 'X-Auth-Token': '&lt;omitted&gt;'}
        Body: {"subnet_id": "7577b484-14ea-47a5-adc6-e18da88029ed"}
    Response - Headers: {'status': '200', 'content-length': '255', 'connection': 'close', 'date': 'Tue, 22 Dec 2015 09:47:18 GMT', 'content-type': 'application/json; charset=UTF-8', 'x-openstack-request-id': 'req-dc604629-8041-4b1d-a73a-c5e461066d42'}
        Body: {"subnet_id": "7577b484-14ea-47a5-adc6-e18da88029ed", "tenant_id": "64201c9381ee4c7eb672e07322f0f030", "subnet_ids": ["7577b484-14ea-47a5-adc6-e18da88029ed"], "port_id": "2531894b-579a-4387-9c5b-a703cb3d1195", "id": "8dcb4152-d737-4ea0-abbd-f58dee23bb0f"}
2015-12-22 09:47:18,547 21185 INFO     [tempest_lib.common.rest_client] Request (TestNetworkBasicOps:_run_cleanups): 204 DELETE http://10.0.2.15:9696/v2.0/subnets/7577b484-14ea-47a5-adc6-e18da88029ed 0.452s
2015-12-22 09:47:18,547 21185 DEBUG    [tempest_lib.common.rest_client] Request - Headers: {'Content-Type': 'application/json', 'Accept': 'application/json', 'X-Auth-Token': '&lt;omitted&gt;'}
        Body: None
    Response - Headers: {'date': 'Tue, 22 Dec 2015 09:47:18 GMT', 'status': '204', 'connection': 'close', 'content-length': '0', 'x-openstack-request-id': 'req-72ca59a7-035c-436a-beb7-6934a22e9b06'}
        Body: 
2015-12-22 09:47:18,629 21185 INFO     [tempest_lib.common.rest_client] Request (TestNetworkBasicOps:_run_cleanups): 200 GET http://10.0.2.15:9696/v2.0/routers/8dcb4152-d737-4ea0-abbd-f58dee23bb0f 0.081s
2015-12-22 09:47:18,629 21185 DEBUG    [tempest_lib.common.rest_client] Request - Headers: {'Content-Type': 'application/json', 'Accept': 'application/json', 'X-Auth-Token': '&lt;omitted&gt;'}
        Body: None
    Response - Headers: {'status': '200', 'content-length': '563', 'content-location': 'http://10.0.2.15:9696/v2.0/routers/8dcb4152-d737-4ea0-abbd-f58dee23bb0f', 'connection': 'close', 'date': 'Tue, 22 Dec 2015 09:47:18 GMT', 'content-type': 'application/json; charset=UTF-8', 'x-openstack-request-id': 'req-d96509d7-c2ad-4854-b128-7a266370b922'}
        Body: {"router": {"status": "ACTIVE", "external_gateway_info": {"network_id": "587e5df6-c33b-4cbb-ba56-0ec2578be07d", "enable_snat": true, "external_fixed_ips": [{"subnet_id": "de752d3e-10ad-4ce2-9975-dd739c399185", "ip_address": "172.24.4.3"}, {"subnet_id": "04692ea4-becb-4aac-966c-8689080277e4", "ip_address": "2001:db8::4"}]}, "availability_zone_hints": [], "availability_zones": ["nova"], "name": "tempest-router-smoke-426006757", "admin_state_up": true, "tenant_id": "64201c9381ee4c7eb672e07322f0f030", "routes": [], "id": "8dcb4152-d737-4ea0-abbd-f58dee23bb0f"}}
2015-12-22 09:47:19,179 21185 INFO     [tempest_lib.common.rest_client] Request (TestNetworkBasicOps:_run_cleanups): 200 PUT http://10.0.2.15:9696/v2.0/routers/8dcb4152-d737-4ea0-abbd-f58dee23bb0f 0.549s
2015-12-22 09:47:19,180 21185 DEBUG    [tempest_lib.common.rest_client] Request - Headers: {'Content-Type': 'application/json', 'Accept': 'application/json', 'X-Auth-Token': '&lt;omitted&gt;'}
        Body: {"router": {"external_gateway_info": {}, "name": "tempest-router-smoke-426006757", "admin_state_up": true}}
    Response - Headers: {'status': '200', 'content-length': '301', 'connection': 'close', 'date': 'Tue, 22 Dec 2015 09:47:19 GMT', 'content-type': 'application/json; charset=UTF-8', 'x-openstack-request-id': 'req-80cbcaca-da80-4871-a556-a328c3fdd15e'}
        Body: {"router": {"status": "ACTIVE", "external_gateway_info": null, "availability_zone_hints": [], "availability_zones": ["nova"], "name": "tempest-router-smoke-426006757", "admin_state_up": true, "tenant_id": "64201c9381ee4c7eb672e07322f0f030", "routes": [], "id": "8dcb4152-d737-4ea0-abbd-f58dee23bb0f"}}
2015-12-22 09:47:19,401 21185 INFO     [tempest_lib.common.rest_client] Request (TestNetworkBasicOps:_run_cleanups): 204 DELETE http://10.0.2.15:9696/v2.0/routers/8dcb4152-d737-4ea0-abbd-f58dee23bb0f 0.220s
2015-12-22 09:47:19,402 21185 DEBUG    [tempest_lib.common.rest_client] Request - Headers: {'Content-Type': 'application/json', 'Accept': 'application/json', 'X-Auth-Token': '&lt;omitted&gt;'}
        Body: None
    Response - Headers: {'date': 'Tue, 22 Dec 2015 09:47:19 GMT', 'status': '204', 'connection': 'close', 'content-length': '0', 'x-openstack-request-id': 'req-b3ab04cf-c8ed-42ad-a16a-1bf51695348d'}
        Body: 
2015-12-22 09:47:19,621 21185 INFO     [tempest_lib.common.rest_client] Request (TestNetworkBasicOps:_run_cleanups): 204 DELETE http://10.0.2.15:9696/v2.0/networks/15aa6160-fa5e-4f9c-80a6-e22e4d32e400 0.218s
2015-12-22 09:47:19,621 21185 DEBUG    [tempest_lib.common.rest_client] Request - Headers: {'Content-Type': 'application/json', 'Accept': 'application/json', 'X-Auth-Token': '&lt;omitted&gt;'}
        Body: None
    Response - Headers: {'date': 'Tue, 22 Dec 2015 09:47:19 GMT', 'status': '204', 'connection': 'close', 'content-length': '0', 'x-openstack-request-id': 'req-dfd26e1c-dd55-4c3d-96e2-27bc96223329'}
        Body: 
2015-12-22 09:47:19,679 21185 INFO     [tempest_lib.common.rest_client] Request (TestNetworkBasicOps:_run_cleanups): 204 DELETE http://10.0.2.15:9696/v2.0/security-group-rules/3f80bc93-e839-499f-b61c-e0f8ca8d7131 0.057s
2015-12-22 09:47:19,679 21185 DEBUG    [tempest_lib.common.rest_client] Request - Headers: {'Content-Type': 'application/json', 'Accept': 'application/json', 'X-Auth-Token': '&lt;omitted&gt;'}
        Body: None
    Response - Headers: {'date': 'Tue, 22 Dec 2015 09:47:19 GMT', 'status': '204', 'connection': 'close', 'content-length': '0', 'x-openstack-request-id': 'req-cc0b3eaf-3036-4f51-8ebf-f3c97c04382f'}
        Body: 
2015-12-22 09:47:19,736 21185 INFO     [tempest_lib.common.rest_client] Request (TestNetworkBasicOps:_run_cleanups): 204 DELETE http://10.0.2.15:9696/v2.0/security-group-rules/bd792e39-1274-491d-a820-58a507431e83 0.056s
2015-12-22 09:47:19,737 21185 DEBUG    [tempest_lib.common.rest_client] Request - Headers: {'Content-Type': 'application/json', 'Accept': 'application/json', 'X-Auth-Token': '&lt;omitted&gt;'}
        Body: None
    Response - Headers: {'date': 'Tue, 22 Dec 2015 09:47:19 GMT', 'status': '204', 'connection': 'close', 'content-length': '0', 'x-openstack-request-id': 'req-2e0037c3-134a-4c88-a34c-d437a1bb4a76'}
        Body: 
2015-12-22 09:47:19,799 21185 INFO     [tempest_lib.common.rest_client] Request (TestNetworkBasicOps:_run_cleanups): 204 DELETE http://10.0.2.15:9696/v2.0/security-group-rules/a65a3b15-c0aa-4b27-b47a-afbd7b3c9e8f 0.060s
2015-12-22 09:47:19,799 21185 DEBUG    [tempest_lib.common.rest_client] Request - Headers: {'Content-Type': 'application/json', 'Accept': 'application/json', 'X-Auth-Token': '&lt;omitted&gt;'}
        Body: None
    Response - Headers: {'date': 'Tue, 22 Dec 2015 09:47:19 GMT', 'status': '204', 'connection': 'close', 'content-length': '0', 'x-openstack-request-id': 'req-086b3eec-8454-4c93-867c-c22d740e870f'}
        Body: 
2015-12-22 09:47:19,860 21185 INFO     [tempest_lib.common.rest_client] Request (TestNetworkBasicOps:_run_cleanups): 204 DELETE http://10.0.2.15:9696/v2.0/security-group-rules/e5fd6bf2-5800-4e0d-bb72-22e7621422c0 0.059s
2015-12-22 09:47:19,861 21185 DEBUG    [tempest_lib.common.rest_client] Request - Headers: {'Content-Type': 'application/json', 'Accept': 'application/json', 'X-Auth-Token': '&lt;omitted&gt;'}
        Body: None
    Response - Headers: {'date': 'Tue, 22 Dec 2015 09:47:19 GMT', 'status': '204', 'connection': 'close', 'content-length': '0', 'x-openstack-request-id': 'req-3825f6e9-8d1a-460c-a18e-63ef9694530a'}
        Body: 
