<?xml version="1.0" encoding="UTF-8"?>
<!DOCTYPE html PUBLIC "-//W3C//DTD XHTML 1.0 Strict//EN"
     "http://www.w3.org/TR/xhtml1/DTD/xhtml1-strict.dtd">
<html xmlns="http://www.w3.org/1999/xhtml">
<head>
    <title>Unit Test Report</title>
    <meta name="generator" content="subunit2html 0.1"/>
    <meta http-equiv="Content-Type" content="text/html; charset=UTF-8"/>
    
<style type="text/css" media="screen">
body        { font-family: verdana, arial, helvetica, sans-serif;
    font-size: 80%; }
table       { font-size: 100%; width: 100%;}
pre         { font-size: 80%; }

/* -- heading -------------------------------------------------------------- */
h1 {
        font-size: 16pt;
        color: gray;
}
.heading {
    margin-top: 0ex;
    margin-bottom: 1ex;
}

.heading .attribute {
    margin-top: 1ex;
    margin-bottom: 0;
}

.heading .description {
    margin-top: 4ex;
    margin-bottom: 6ex;
}

/* -- css div popup -------------------------------------------------------- */
a.popup_link {
}

a.popup_link:hover {
    color: red;
}

.popup_window {
    display: none;
    overflow-x: scroll;
    /*border: solid #627173 1px; */
    padding: 10px;
    background-color: #E6E6D6;
    font-family: "Ubuntu Mono", "Lucida Console", "Courier New", monospace;
    text-align: left;
    font-size: 8pt;
}

}
/* -- report --------------------------------------------------------------- */
#show_detail_line {
    margin-top: 3ex;
    margin-bottom: 1ex;
}
#result_table {
    width: 100%;
    border-collapse: collapse;
    border: 1px solid #777;
}
#header_row {
    font-weight: bold;
    color: white;
    background-color: #777;
}
#result_table td {
    border: 1px solid #777;
    padding: 2px;
}
#total_row  { font-weight: bold; }
.passClass  { background-color: #6c6; }
.failClass  { background-color: #c60; }
.errorClass { background-color: #c00; }
.passCase   { color: #6c6; }
.failCase   { color: #c60; font-weight: bold; }
.errorCase  { color: #c00; font-weight: bold; }
.hiddenRow  { display: none; }
.testcase   { margin-left: 2em; }
td.testname {width: 40%}
td.small {width: 40px}

/* -- ending --------------------------------------------------------------- */
#ending {
}

</style>

</head>
<body>
<script language="javascript" type="text/javascript"><!--
output_list = Array();

/* level - 0:Summary; 1:Failed; 2:All */
function showCase(level) {
    trs = document.getElementsByTagName("tr");
    for (var i = 0; i < trs.length; i++) {
        tr = trs[i];
        id = tr.id;
        if (id.substr(0,2) == 'ft') {
            if (level < 1) {
                tr.className = 'hiddenRow';
            }
            else {
                tr.className = '';
            }
        }
        if (id.substr(0,2) == 'pt') {
            if (level > 1) {
                tr.className = '';
            }
            else {
                tr.className = 'hiddenRow';
            }
        }
    }
}


function showClassDetail(cid, count) {
    var id_list = Array(count);
    var toHide = 1;
    for (var i = 0; i < count; i++) {
        tid0 = 't' + cid.substr(1) + '.' + (i+1);
        tid = 'f' + tid0;
        tr = document.getElementById(tid);
        if (!tr) {
            tid = 'p' + tid0;
            tr = document.getElementById(tid);
        }
        id_list[i] = tid;
        if (tr.className) {
            toHide = 0;
        }
    }
    for (var i = 0; i < count; i++) {
        tid = id_list[i];
        if (toHide) {
            document.getElementById('div_'+tid).style.display = 'none'
            document.getElementById(tid).className = 'hiddenRow';
        }
        else {
            document.getElementById(tid).className = '';
        }
    }
}


function showTestDetail(div_id){
    var details_div = document.getElementById(div_id)
    var displayState = details_div.style.display
    // alert(displayState)
    if (displayState != 'block' ) {
        displayState = 'block'
        details_div.style.display = 'block'
    }
    else {
        details_div.style.display = 'none'
    }
}


function html_escape(s) {
    s = s.replace(/&/g,'&amp;');
    s = s.replace(/</g,'&lt;');
    s = s.replace(/>/g,'&gt;');
    return s;
}

/* obsoleted by detail in <div>
function showOutput(id, name) {
    var w = window.open("", //url
                    name,
                    "resizable,scrollbars,status,width=800,height=450");
    d = w.document;
    d.write("<pre>");
    d.write(html_escape(output_list[id]));
    d.write("\n");
    d.write("<a href='javascript:window.close()'>close</a>\n");
    d.write("</pre>\n");
    d.close();
}
*/
--></script>

<div class='heading'>
<h1>Unit Test Report</h1>

<p class='attribute'><strong>Status:</strong> Pass 1 Failure 7 Skip 1</p>

<p class='description'></p>
</div>



<p id='show_detail_line'>Show
<a href='javascript:showCase(0)'>Summary</a>
<a href='javascript:showCase(1)'>Failed</a>
<a href='javascript:showCase(2)'>All</a>
</p>
<table id='result_table'>
<colgroup>
<col align='left' />
<col align='right' />
<col align='right' />
<col align='right' />
<col align='right' />
<col align='right' />
<col align='right' />
<col align='right' />
</colgroup>
<tr id='header_row'>
    <td>Test Group/Test case</td>
    <td>Count</td>
    <td>Pass</td>
    <td>Fail</td>
    <td>Error</td>
    <td>Skip</td>
    <td>View</td>
    <td> </td>
</tr>

<tr class='failClass'>
    <td class="testname">tempest.scenario.test_network_basic_ops.TestNetworkBasicOps</td>
    <td class="small">9</td>
    <td class="small">1</td>
    <td class="small">7</td>
    <td class="small">0</td>
    <td class="small">1</td>
    <td class="small"><a href="javascript:showClassDetail('c1',9)"
>Detail</a></td>
    <td> </td>
</tr>

<tr id='ft1.1' class='none'>
    <td class='failCase'><div class='testcase'>test_connectivity_between_vms_on_different_networks[compute,id-1546850e-fbaa-42f5-8b5f-03d8a6a95f15,network]</div></td>
    <td colspan='7' align='left'>

    <!--css div popup start-->
    <a class="popup_link" onfocus='this.blur();'
    href="javascript:showTestDetail('div_ft1.1')" >
        fail</a>

    <div id='div_ft1.1' class="popup_window">
        <div style='text-align: right; color:red;cursor:pointer'>
        <a onfocus='this.blur();'
onclick="document.getElementById('div_ft1.1').style.display = 'none' " >
           [x]</a>
        </div>
        <pre>
        
ft1.1: tempest.scenario.test_network_basic_ops.TestNetworkBasicOps.test_connectivity_between_vms_on_different_networks[compute,id-1546850e-fbaa-42f5-8b5f-03d8a6a95f15,network]_StringException: Empty attachments:
  stderr
  stdout

pythonlogging:'': {{{
2015-12-08 23:40:18,742 24486 INFO     [tempest_lib.common.rest_client] Request (TestNetworkBasicOps:test_connectivity_between_vms_on_different_networks): 201 POST http://10.0.2.15:9696/v2.0/security-groups 0.344s
2015-12-08 23:40:18,743 24486 DEBUG    [tempest_lib.common.rest_client] Request - Headers: {'Content-Type': 'application/json', 'Accept': 'application/json', 'X-Auth-Token': '&lt;omitted&gt;'}
        Body: {"security_group": {"tenant_id": "956ad621ad4b4be597518944325aa089", "description": "tempest-secgroup-smoke-1445534047 description", "name": "tempest-secgroup-smoke-1445534047"}}
    Response - Headers: {'status': '201', 'content-length': '888', 'connection': 'close', 'date': 'Tue, 08 Dec 2015 23:40:18 GMT', 'content-type': 'application/json; charset=UTF-8', 'x-openstack-request-id': 'req-1cf9148d-18dc-4896-aa86-5e5930097318'}
        Body: {"security_group": {"tenant_id": "956ad621ad4b4be597518944325aa089", "description": "tempest-secgroup-smoke-1445534047 description", "id": "647d2f24-3589-4923-9d52-c347ebf67416", "security_group_rules": [{"remote_group_id": null, "direction": "egress", "remote_ip_prefix": null, "protocol": null, "ethertype": "IPv4", "tenant_id": "956ad621ad4b4be597518944325aa089", "port_range_max": null, "port_range_min": null, "id": "1f0781a5-da30-474b-9da8-fef9b99775ef", "security_group_id": "647d2f24-3589-4923-9d52-c347ebf67416"}, {"remote_group_id": null, "direction": "egress", "remote_ip_prefix": null, "protocol": null, "ethertype": "IPv6", "tenant_id": "956ad621ad4b4be597518944325aa089", "port_range_max": null, "port_range_min": null, "id": "930c977b-873e-4ef7-bfc3-2bab15afda35", "security_group_id": "647d2f24-3589-4923-9d52-c347ebf67416"}], "name": "tempest-secgroup-smoke-1445534047"}}
2015-12-08 23:40:18,866 24486 INFO     [tempest_lib.common.rest_client] Request (TestNetworkBasicOps:test_connectivity_between_vms_on_different_networks): 201 POST http://10.0.2.15:9696/v2.0/security-group-rules 0.122s
2015-12-08 23:40:18,868 24486 DEBUG    [tempest_lib.common.rest_client] Request - Headers: {'Content-Type': 'application/json', 'Accept': 'application/json', 'X-Auth-Token': '&lt;omitted&gt;'}
        Body: {"security_group_rule": {"direction": "ingress", "protocol": "tcp", "tenant_id": "956ad621ad4b4be597518944325aa089", "port_range_max": 22, "security_group_id": "647d2f24-3589-4923-9d52-c347ebf67416", "port_range_min": 22}}
    Response - Headers: {'status': '201', 'content-length': '340', 'connection': 'close', 'date': 'Tue, 08 Dec 2015 23:40:18 GMT', 'content-type': 'application/json; charset=UTF-8', 'x-openstack-request-id': 'req-dd660a5e-d2ff-4d13-b2f2-f2e065845334'}
        Body: {"security_group_rule": {"remote_group_id": null, "direction": "ingress", "remote_ip_prefix": null, "protocol": "tcp", "ethertype": "IPv4", "tenant_id": "956ad621ad4b4be597518944325aa089", "port_range_max": 22, "port_range_min": 22, "id": "c94a26e4-9eb6-4371-ab5e-840cd86b435b", "security_group_id": "647d2f24-3589-4923-9d52-c347ebf67416"}}
2015-12-08 23:40:18,988 24486 INFO     [tempest_lib.common.rest_client] Request (TestNetworkBasicOps:test_connectivity_between_vms_on_different_networks): 201 POST http://10.0.2.15:9696/v2.0/security-group-rules 0.119s
2015-12-08 23:40:18,989 24486 DEBUG    [tempest_lib.common.rest_client] Request - Headers: {'Content-Type': 'application/json', 'Accept': 'application/json', 'X-Auth-Token': '&lt;omitted&gt;'}
        Body: {"security_group_rule": {"direction": "egress", "protocol": "tcp", "tenant_id": "956ad621ad4b4be597518944325aa089", "port_range_max": 22, "security_group_id": "647d2f24-3589-4923-9d52-c347ebf67416", "port_range_min": 22}}
    Response - Headers: {'status': '201', 'content-length': '339', 'connection': 'close', 'date': 'Tue, 08 Dec 2015 23:40:18 GMT', 'content-type': 'application/json; charset=UTF-8', 'x-openstack-request-id': 'req-68873419-2c64-4a48-92ef-8318cc12e512'}
        Body: {"security_group_rule": {"remote_group_id": null, "direction": "egress", "remote_ip_prefix": null, "protocol": "tcp", "ethertype": "IPv4", "tenant_id": "956ad621ad4b4be597518944325aa089", "port_range_max": 22, "port_range_min": 22, "id": "5ac400f7-2d00-4490-9749-80bd5581d46f", "security_group_id": "647d2f24-3589-4923-9d52-c347ebf67416"}}
2015-12-08 23:40:19,113 24486 INFO     [tempest_lib.common.rest_client] Request (TestNetworkBasicOps:test_connectivity_between_vms_on_different_networks): 201 POST http://10.0.2.15:9696/v2.0/security-group-rules 0.123s
2015-12-08 23:40:19,114 24486 DEBUG    [tempest_lib.common.rest_client] Request - Headers: {'Content-Type': 'application/json', 'Accept': 'application/json', 'X-Auth-Token': '&lt;omitted&gt;'}
        Body: {"security_group_rule": {"tenant_id": "956ad621ad4b4be597518944325aa089", "direction": "ingress", "protocol": "icmp", "security_group_id": "647d2f24-3589-4923-9d52-c347ebf67416"}}
    Response - Headers: {'status': '201', 'content-length': '345', 'connection': 'close', 'date': 'Tue, 08 Dec 2015 23:40:19 GMT', 'content-type': 'application/json; charset=UTF-8', 'x-openstack-request-id': 'req-d60e51a9-10f7-4fdf-832e-1bf9f8e1aaf1'}
        Body: {"security_group_rule": {"remote_group_id": null, "direction": "ingress", "remote_ip_prefix": null, "protocol": "icmp", "ethertype": "IPv4", "tenant_id": "956ad621ad4b4be597518944325aa089", "port_range_max": null, "port_range_min": null, "id": "d93f5b76-ff98-4741-bcb9-c3e2c188052e", "security_group_id": "647d2f24-3589-4923-9d52-c347ebf67416"}}
2015-12-08 23:40:19,389 24486 INFO     [tempest_lib.common.rest_client] Request (TestNetworkBasicOps:test_connectivity_between_vms_on_different_networks): 201 POST http://10.0.2.15:9696/v2.0/security-group-rules 0.274s
2015-12-08 23:40:19,389 24486 DEBUG    [tempest_lib.common.rest_client] Request - Headers: {'Content-Type': 'application/json', 'Accept': 'application/json', 'X-Auth-Token': '&lt;omitted&gt;'}
        Body: {"security_group_rule": {"tenant_id": "956ad621ad4b4be597518944325aa089", "direction": "egress", "protocol": "icmp", "security_group_id": "647d2f24-3589-4923-9d52-c347ebf67416"}}
    Response - Headers: {'status': '201', 'content-length': '344', 'connection': 'close', 'date': 'Tue, 08 Dec 2015 23:40:19 GMT', 'content-type': 'application/json; charset=UTF-8', 'x-openstack-request-id': 'req-f3cb974c-1257-49de-999b-a8d22bec873a'}
        Body: {"security_group_rule": {"remote_group_id": null, "direction": "egress", "remote_ip_prefix": null, "protocol": "icmp", "ethertype": "IPv4", "tenant_id": "956ad621ad4b4be597518944325aa089", "port_range_max": null, "port_range_min": null, "id": "e45fd2d1-3bf4-4edc-8121-3028da02c942", "security_group_id": "647d2f24-3589-4923-9d52-c347ebf67416"}}
2015-12-08 23:40:19,519 24486 INFO     [tempest_lib.common.rest_client] Request (TestNetworkBasicOps:test_connectivity_between_vms_on_different_networks): 201 POST http://10.0.2.15:9696/v2.0/security-group-rules 0.129s
2015-12-08 23:40:19,520 24486 DEBUG    [tempest_lib.common.rest_client] Request - Headers: {'Content-Type': 'application/json', 'Accept': 'application/json', 'X-Auth-Token': '&lt;omitted&gt;'}
        Body: {"security_group_rule": {"tenant_id": "956ad621ad4b4be597518944325aa089", "direction": "ingress", "security_group_id": "647d2f24-3589-4923-9d52-c347ebf67416", "protocol": "icmp", "ethertype": "IPv6"}}
    Response - Headers: {'status': '201', 'content-length': '345', 'connection': 'close', 'date': 'Tue, 08 Dec 2015 23:40:19 GMT', 'content-type': 'application/json; charset=UTF-8', 'x-openstack-request-id': 'req-93ddbc09-e1ff-4145-aa0b-4bc033c8160f'}
        Body: {"security_group_rule": {"remote_group_id": null, "direction": "ingress", "remote_ip_prefix": null, "protocol": "icmp", "ethertype": "IPv6", "tenant_id": "956ad621ad4b4be597518944325aa089", "port_range_max": null, "port_range_min": null, "id": "45d18720-6c4d-4861-910d-ccd7eaff799c", "security_group_id": "647d2f24-3589-4923-9d52-c347ebf67416"}}
2015-12-08 23:40:19,640 24486 INFO     [tempest_lib.common.rest_client] Request (TestNetworkBasicOps:test_connectivity_between_vms_on_different_networks): 201 POST http://10.0.2.15:9696/v2.0/security-group-rules 0.119s
2015-12-08 23:40:19,641 24486 DEBUG    [tempest_lib.common.rest_client] Request - Headers: {'Content-Type': 'application/json', 'Accept': 'application/json', 'X-Auth-Token': '&lt;omitted&gt;'}
        Body: {"security_group_rule": {"tenant_id": "956ad621ad4b4be597518944325aa089", "direction": "egress", "security_group_id": "647d2f24-3589-4923-9d52-c347ebf67416", "protocol": "icmp", "ethertype": "IPv6"}}
    Response - Headers: {'status': '201', 'content-length': '344', 'connection': 'close', 'date': 'Tue, 08 Dec 2015 23:40:19 GMT', 'content-type': 'application/json; charset=UTF-8', 'x-openstack-request-id': 'req-8150d6fd-de41-481a-b455-eb1b03f769db'}
        Body: {"security_group_rule": {"remote_group_id": null, "direction": "egress", "remote_ip_prefix": null, "protocol": "icmp", "ethertype": "IPv6", "tenant_id": "956ad621ad4b4be597518944325aa089", "port_range_max": null, "port_range_min": null, "id": "a8189669-c2a2-49d2-a50f-013566260125", "security_group_id": "647d2f24-3589-4923-9d52-c347ebf67416"}}
2015-12-08 23:40:19,850 24486 INFO     [tempest_lib.common.rest_client] Request (TestNetworkBasicOps:test_connectivity_between_vms_on_different_networks): 201 POST http://10.0.2.15:9696/v2.0/networks 0.206s
2015-12-08 23:40:19,850 24486 DEBUG    [tempest_lib.common.rest_client] Request - Headers: {'Content-Type': 'application/json', 'Accept': 'application/json', 'X-Auth-Token': '&lt;omitted&gt;'}
        Body: {"network": {"tenant_id": "956ad621ad4b4be597518944325aa089", "name": "tempest-network-smoke--319770083"}}
    Response - Headers: {'status': '201', 'content-length': '328', 'connection': 'close', 'date': 'Tue, 08 Dec 2015 23:40:19 GMT', 'content-type': 'application/json; charset=UTF-8', 'x-openstack-request-id': 'req-e8e22417-31b8-4a1b-9acf-544f79064b69'}
        Body: {"network": {"status": "ACTIVE", "subnets": [], "availability_zone_hints": "[]", "name": "tempest-network-smoke--319770083", "admin_state_up": true, "tenant_id": "956ad621ad4b4be597518944325aa089", "mtu": 0, "router:external": false, "shared": false, "port_security_enabled": true, "id": "a1f4f3f1-c6a3-44e9-8e57-00aa24b224b4"}}
2015-12-08 23:40:19,935 24486 INFO     [tempest_lib.common.rest_client] Request (TestNetworkBasicOps:test_connectivity_between_vms_on_different_networks): 201 POST http://10.0.2.15:9696/v2.0/routers 0.083s
2015-12-08 23:40:19,936 24486 DEBUG    [tempest_lib.common.rest_client] Request - Headers: {'Content-Type': 'application/json', 'Accept': 'application/json', 'X-Auth-Token': '&lt;omitted&gt;'}
        Body: {"router": {"tenant_id": "956ad621ad4b4be597518944325aa089", "name": "tempest-router-smoke-1916506448", "admin_state_up": true}}
    Response - Headers: {'status': '201', 'content-length': '296', 'connection': 'close', 'date': 'Tue, 08 Dec 2015 23:40:19 GMT', 'content-type': 'application/json; charset=UTF-8', 'x-openstack-request-id': 'req-8e393a26-80d7-4365-aac1-a7ca52c6e2af'}
        Body: {"router": {"status": "ACTIVE", "external_gateway_info": null, "availability_zone_hints": [], "availability_zones": [], "name": "tempest-router-smoke-1916506448", "admin_state_up": true, "tenant_id": "956ad621ad4b4be597518944325aa089", "routes": [], "id": "99cf5dd3-db27-4ca6-93c4-0ab5490257ad"}}
2015-12-08 23:40:19,990 24486 INFO     [tempest_lib.common.rest_client] Request (TestNetworkBasicOps:test_connectivity_between_vms_on_different_networks): 200 GET http://10.0.2.15:9696/v2.0/routers/99cf5dd3-db27-4ca6-93c4-0ab5490257ad 0.053s
2015-12-08 23:40:19,991 24486 DEBUG    [tempest_lib.common.rest_client] Request - Headers: {'Content-Type': 'application/json', 'Accept': 'application/json', 'X-Auth-Token': '&lt;omitted&gt;'}
        Body: None
    Response - Headers: {'status': '200', 'content-length': '296', 'content-location': 'http://10.0.2.15:9696/v2.0/routers/99cf5dd3-db27-4ca6-93c4-0ab5490257ad', 'connection': 'close', 'date': 'Tue, 08 Dec 2015 23:40:19 GMT', 'content-type': 'application/json; charset=UTF-8', 'x-openstack-request-id': 'req-e6a818f7-61b1-405c-abb5-59e161345cde'}
        Body: {"router": {"status": "ACTIVE", "external_gateway_info": null, "availability_zone_hints": [], "availability_zones": [], "name": "tempest-router-smoke-1916506448", "admin_state_up": true, "tenant_id": "956ad621ad4b4be597518944325aa089", "routes": [], "id": "99cf5dd3-db27-4ca6-93c4-0ab5490257ad"}}
2015-12-08 23:40:20,664 24486 INFO     [tempest_lib.common.rest_client] Request (TestNetworkBasicOps:test_connectivity_between_vms_on_different_networks): 200 PUT http://10.0.2.15:9696/v2.0/routers/99cf5dd3-db27-4ca6-93c4-0ab5490257ad 0.671s
2015-12-08 23:40:20,664 24486 DEBUG    [tempest_lib.common.rest_client] Request - Headers: {'Content-Type': 'application/json', 'Accept': 'application/json', 'X-Auth-Token': '&lt;omitted&gt;'}
        Body: {"router": {"external_gateway_info": {"network_id": "2c40fc9a-b1f3-46ec-9750-4bcb771ba177"}, "name": "tempest-router-smoke-1916506448", "admin_state_up": true}}
    Response - Headers: {'status': '200', 'content-length': '558', 'connection': 'close', 'date': 'Tue, 08 Dec 2015 23:40:20 GMT', 'content-type': 'application/json; charset=UTF-8', 'x-openstack-request-id': 'req-f842fdd4-6985-4dbc-a91f-d8499eb5df77'}
        Body: {"router": {"status": "ACTIVE", "external_gateway_info": {"network_id": "2c40fc9a-b1f3-46ec-9750-4bcb771ba177", "enable_snat": true, "external_fixed_ips": [{"subnet_id": "c168f162-ff81-40c5-b598-5dd13cc1a9c0", "ip_address": "172.24.4.3"}, {"subnet_id": "d1f6b4ee-553e-4501-a4a6-cbd6a9c880dc", "ip_address": "2001:db8::4"}]}, "availability_zone_hints": [], "availability_zones": [], "name": "tempest-router-smoke-1916506448", "admin_state_up": true, "tenant_id": "956ad621ad4b4be597518944325aa089", "routes": [], "id": "99cf5dd3-db27-4ca6-93c4-0ab5490257ad"}}
2015-12-08 23:40:20,816 24486 INFO     [tempest_lib.common.rest_client] Request (TestNetworkBasicOps:test_connectivity_between_vms_on_different_networks): 200 GET http://10.0.2.15:9696/v2.0/subnets?tenant_id=956ad621ad4b4be597518944325aa089&amp;cidr=10.100.0.0%2F28 0.149s
2015-12-08 23:40:20,816 24486 DEBUG    [tempest_lib.common.rest_client] Request - Headers: {'Content-Type': 'application/json', 'Accept': 'application/json', 'X-Auth-Token': '&lt;omitted&gt;'}
        Body: None
    Response - Headers: {'status': '200', 'content-length': '15', 'content-location': 'http://10.0.2.15:9696/v2.0/subnets?tenant_id=956ad621ad4b4be597518944325aa089&amp;cidr=10.100.0.0%2F28', 'connection': 'close', 'date': 'Tue, 08 Dec 2015 23:40:20 GMT', 'content-type': 'application/json; charset=UTF-8', 'x-openstack-request-id': 'req-9ddbc4b0-fd76-4b98-9b07-30f2698089b8'}
        Body: {"subnets": []}
2015-12-08 23:40:21,148 24486 INFO     [tempest_lib.common.rest_client] Request (TestNetworkBasicOps:test_connectivity_between_vms_on_different_networks): 201 POST http://10.0.2.15:9696/v2.0/subnets 0.330s
2015-12-08 23:40:21,148 24486 DEBUG    [tempest_lib.common.rest_client] Request - Headers: {'Content-Type': 'application/json', 'Accept': 'application/json', 'X-Auth-Token': '&lt;omitted&gt;'}
        Body: {"subnet": {"ip_version": 4, "tenant_id": "956ad621ad4b4be597518944325aa089", "cidr": "10.100.0.0/28", "network_id": "a1f4f3f1-c6a3-44e9-8e57-00aa24b224b4", "name": "tempest-subnet-smoke-455852241"}}
    Response - Headers: {'status': '201', 'content-length': '477', 'connection': 'close', 'date': 'Tue, 08 Dec 2015 23:40:21 GMT', 'content-type': 'application/json; charset=UTF-8', 'x-openstack-request-id': 'req-369f2866-5e4b-46d4-a3d0-08ef732501f7'}
        Body: {"subnet": {"name": "tempest-subnet-smoke-455852241", "enable_dhcp": true, "network_id": "a1f4f3f1-c6a3-44e9-8e57-00aa24b224b4", "tenant_id": "956ad621ad4b4be597518944325aa089", "dns_nameservers": [], "gateway_ip": "10.100.0.1", "ipv6_ra_mode": null, "allocation_pools": [{"start": "10.100.0.2", "end": "10.100.0.14"}], "host_routes": [], "ip_version": 4, "ipv6_address_mode": null, "cidr": "10.100.0.0/28", "id": "a5137334-b7d7-41cc-9165-c0f7f3791888", "subnetpool_id": null}}
2015-12-08 23:40:22,037 24486 INFO     [tempest_lib.common.rest_client] Request (TestNetworkBasicOps:test_connectivity_between_vms_on_different_networks): 200 PUT http://10.0.2.15:9696/v2.0/routers/99cf5dd3-db27-4ca6-93c4-0ab5490257ad/add_router_interface 0.888s
2015-12-08 23:40:22,038 24486 DEBUG    [tempest_lib.common.rest_client] Request - Headers: {'Content-Type': 'application/json', 'Accept': 'application/json', 'X-Auth-Token': '&lt;omitted&gt;'}
        Body: {"subnet_id": "a5137334-b7d7-41cc-9165-c0f7f3791888"}
    Response - Headers: {'status': '200', 'content-length': '255', 'connection': 'close', 'date': 'Tue, 08 Dec 2015 23:40:22 GMT', 'content-type': 'application/json; charset=UTF-8', 'x-openstack-request-id': 'req-ab81a4ac-935d-4918-8147-b7ac28389b70'}
        Body: {"subnet_id": "a5137334-b7d7-41cc-9165-c0f7f3791888", "tenant_id": "956ad621ad4b4be597518944325aa089", "subnet_ids": ["a5137334-b7d7-41cc-9165-c0f7f3791888"], "port_id": "79819697-6a24-42f0-8df0-d2220e8848e3", "id": "99cf5dd3-db27-4ca6-93c4-0ab5490257ad"}
2015-12-08 23:40:22,212 24486 INFO     [tempest_lib.common.rest_client] Request (TestNetworkBasicOps:test_connectivity_between_vms_on_different_networks): 200 GET http://10.0.2.15:9696/v2.0/networks 0.173s
2015-12-08 23:40:22,212 24486 DEBUG    [tempest_lib.common.rest_client] Request - Headers: {'Content-Type': 'application/json', 'Accept': 'application/json', 'X-Auth-Token': '&lt;omitted&gt;'}
        Body: None
    Response - Headers: {'status': '200', 'content-length': '1506', 'content-location': 'http://10.0.2.15:9696/v2.0/networks', 'connection': 'close', 'date': 'Tue, 08 Dec 2015 23:40:22 GMT', 'content-type': 'application/json; charset=UTF-8', 'x-openstack-request-id': 'req-b0a1dc2a-8051-48ae-af5a-9d9e8aea674b'}
        Body: {"networks": [{"status": "ACTIVE", "subnets": ["9e89b96f-0dc9-46d5-b8f9-7b46c18c888e", "5606dedc-0907-4077-8a3e-2784f4026966"], "availability_zone_hints": [], "availability_zones": ["nova"], "name": "private", "provider:physical_network": null, "admin_state_up": true, "tenant_id": "06e3e598d12c45c88f48e0b4b16f318c", "mtu": 0, "router:external": false, "shared": false, "port_security_enabled": true, "provider:network_type": "vxlan", "id": "84e1d8de-1b0e-4657-ad55-ed9a39813b0a", "provider:segmentation_id": 1055}, {"status": "ACTIVE", "subnets": ["c168f162-ff81-40c5-b598-5dd13cc1a9c0", "d1f6b4ee-553e-4501-a4a6-cbd6a9c880dc"], "availability_zone_hints": [], "availability_zones": ["nova"], "name": "public", "provider:physical_network": null, "admin_state_up": true, "tenant_id": "32b1229f3e6f4eb6ab96677b7ad5c848", "mtu": 0, "router:external": true, "shared": false, "port_security_enabled": true, "provider:network_type": "vxlan", "id": "2c40fc9a-b1f3-46ec-9750-4bcb771ba177", "provider:segmentation_id": 1040}, {"status": "ACTIVE", "subnets": ["a5137334-b7d7-41cc-9165-c0f7f3791888"], "availability_zone_hints": [], "availability_zones": ["nova"], "name": "tempest-network-smoke--319770083", "provider:physical_network": null, "admin_state_up": true, "tenant_id": "956ad621ad4b4be597518944325aa089", "mtu": 0, "router:external": false, "shared": false, "port_security_enabled": true, "provider:network_type": "vxlan", "id": "a1f4f3f1-c6a3-44e9-8e57-00aa24b224b4", "provider:segmentation_id": 1019}]}
2015-12-08 23:40:22,379 24486 INFO     [tempest_lib.common.rest_client] Request (TestNetworkBasicOps:test_connectivity_between_vms_on_different_networks): 200 GET http://10.0.2.15:9696/v2.0/subnets 0.166s
2015-12-08 23:40:22,379 24486 DEBUG    [tempest_lib.common.rest_client] Request - Headers: {'Content-Type': 'application/json', 'Accept': 'application/json', 'X-Auth-Token': '&lt;omitted&gt;'}
        Body: None
    Response - Headers: {'status': '200', 'content-length': '2407', 'content-location': 'http://10.0.2.15:9696/v2.0/subnets', 'connection': 'close', 'date': 'Tue, 08 Dec 2015 23:40:22 GMT', 'content-type': 'application/json; charset=UTF-8', 'x-openstack-request-id': 'req-60c2b5ba-76fa-4b79-b075-392b4f395df9'}
        Body: {"subnets": [{"name": "tempest-subnet-smoke-455852241", "enable_dhcp": true, "network_id": "a1f4f3f1-c6a3-44e9-8e57-00aa24b224b4", "tenant_id": "956ad621ad4b4be597518944325aa089", "dns_nameservers": [], "gateway_ip": "10.100.0.1", "ipv6_ra_mode": null, "allocation_pools": [{"start": "10.100.0.2", "end": "10.100.0.14"}], "host_routes": [], "ip_version": 4, "ipv6_address_mode": null, "cidr": "10.100.0.0/28", "id": "a5137334-b7d7-41cc-9165-c0f7f3791888", "subnetpool_id": null}, {"name": "public-subnet", "enable_dhcp": false, "network_id": "2c40fc9a-b1f3-46ec-9750-4bcb771ba177", "tenant_id": "32b1229f3e6f4eb6ab96677b7ad5c848", "dns_nameservers": [], "gateway_ip": "172.24.4.1", "ipv6_ra_mode": null, "allocation_pools": [{"start": "172.24.4.2", "end": "172.24.4.254"}], "host_routes": [], "ip_version": 4, "ipv6_address_mode": null, "cidr": "172.24.4.0/24", "id": "c168f162-ff81-40c5-b598-5dd13cc1a9c0", "subnetpool_id": null}, {"name": "ipv6-public-subnet", "enable_dhcp": false, "network_id": "2c40fc9a-b1f3-46ec-9750-4bcb771ba177", "tenant_id": "32b1229f3e6f4eb6ab96677b7ad5c848", "dns_nameservers": [], "gateway_ip": "2001:db8::2", "ipv6_ra_mode": null, "allocation_pools": [{"start": "2001:db8::3", "end": "2001:db8::ffff:ffff:ffff:ffff"}, {"start": "2001:db8::1", "end": "2001:db8::1"}], "host_routes": [], "ip_version": 6, "ipv6_address_mode": null, "cidr": "2001:db8::/64", "id": "d1f6b4ee-553e-4501-a4a6-cbd6a9c880dc", "subnetpool_id": null}, {"name": "private-subnet", "enable_dhcp": true, "network_id": "84e1d8de-1b0e-4657-ad55-ed9a39813b0a", "tenant_id": "06e3e598d12c45c88f48e0b4b16f318c", "dns_nameservers": [], "gateway_ip": "10.0.0.1", "ipv6_ra_mode": null, "allocation_pools": [{"start": "10.0.0.2", "end": "10.0.0.254"}], "host_routes": [], "ip_version": 4, "ipv6_address_mode": null, "cidr": "10.0.0.0/24", "id": "5606dedc-0907-4077-8a3e-2784f4026966", "subnetpool_id": null}, {"name": "ipv6-private-subnet", "enable_dhcp": true, "network_id": "84e1d8de-1b0e-4657-ad55-ed9a39813b0a", "tenant_id": "06e3e598d12c45c88f48e0b4b16f318c", "dns_nameservers": [], "gateway_ip": "fd12:f7ec:d5ad::1", "ipv6_ra_mode": "slaac", "allocation_pools": [{"start": "fd12:f7ec:d5ad::2", "end": "fd12:f7ec:d5ad:0:ffff:ffff:ffff:ffff"}], "host_routes": [], "ip_version": 6, "ipv6_address_mode": "slaac", "cidr": "fd12:f7ec:d5ad::/64", "id": "9e89b96f-0dc9-46d5-b8f9-7b46c18c888e", "subnetpool_id": null}]}
2015-12-08 23:40:22,467 24486 INFO     [tempest_lib.common.rest_client] Request (TestNetworkBasicOps:test_connectivity_between_vms_on_different_networks): 200 GET http://10.0.2.15:9696/v2.0/routers 0.087s
2015-12-08 23:40:22,467 24486 DEBUG    [tempest_lib.common.rest_client] Request - Headers: {'Content-Type': 'application/json', 'Accept': 'application/json', 'X-Auth-Token': '&lt;omitted&gt;'}
        Body: None
    Response - Headers: {'status': '200', 'content-length': '1167', 'content-location': 'http://10.0.2.15:9696/v2.0/routers', 'connection': 'close', 'date': 'Tue, 08 Dec 2015 23:40:22 GMT', 'content-type': 'application/json; charset=UTF-8', 'x-openstack-request-id': 'req-7dccfe90-a80b-4916-bc26-fbe386677f36'}
        Body: {"routers": [{"status": "ACTIVE", "external_gateway_info": {"network_id": "2c40fc9a-b1f3-46ec-9750-4bcb771ba177", "enable_snat": true, "external_fixed_ips": [{"subnet_id": "c168f162-ff81-40c5-b598-5dd13cc1a9c0", "ip_address": "172.24.4.2"}, {"subnet_id": "d1f6b4ee-553e-4501-a4a6-cbd6a9c880dc", "ip_address": "2001:db8::3"}]}, "availability_zone_hints": [], "availability_zones": ["nova"], "name": "router1", "admin_state_up": true, "tenant_id": "06e3e598d12c45c88f48e0b4b16f318c", "distributed": false, "routes": [], "ha": false, "id": "37793076-ae1f-47b3-a635-3ab19084f934"}, {"status": "ACTIVE", "external_gateway_info": {"network_id": "2c40fc9a-b1f3-46ec-9750-4bcb771ba177", "enable_snat": true, "external_fixed_ips": [{"subnet_id": "c168f162-ff81-40c5-b598-5dd13cc1a9c0", "ip_address": "172.24.4.3"}, {"subnet_id": "d1f6b4ee-553e-4501-a4a6-cbd6a9c880dc", "ip_address": "2001:db8::4"}]}, "availability_zone_hints": [], "availability_zones": ["nova"], "name": "tempest-router-smoke-1916506448", "admin_state_up": true, "tenant_id": "956ad621ad4b4be597518944325aa089", "distributed": false, "routes": [], "ha": false, "id": "99cf5dd3-db27-4ca6-93c4-0ab5490257ad"}]}
2015-12-08 23:40:22,816 24486 INFO     [tempest_lib.common.rest_client] Request (TestNetworkBasicOps:test_connectivity_between_vms_on_different_networks): 200 POST http://10.0.2.15:8774/v2.1/956ad621ad4b4be597518944325aa089/os-keypairs 0.347s
2015-12-08 23:40:22,817 24486 DEBUG    [tempest_lib.common.rest_client] Request - Headers: {'Content-Type': 'application/json', 'Accept': 'application/json', 'X-Auth-Token': '&lt;omitted&gt;'}
        Body: {"keypair": {"name": "tempest-TestNetworkBasicOps-805695226"}}
    Response - Headers: {'status': '200', 'content-length': '2320', 'x-compute-request-id': 'req-fb121ba7-b1b4-4c17-9210-b350040f8bd8', 'vary': 'X-OpenStack-Nova-API-Version', 'connection': 'close', 'x-openstack-nova-api-version': '2.1', 'date': 'Tue, 08 Dec 2015 23:40:22 GMT', 'content-type': 'application/json'}
        Body: {"keypair": {"public_key": "ssh-rsa AAAAB3NzaC1yc2EAAAADAQABAAABAQCgbq2U5R5ICUANYmpIu8Pj8mxrIecIDIDesfJnwhcT6k2gXjrxHwLLcQSrwoczHV6u8gPxjYgCoGPW5AKhNbsuwGgWLQBkXCsplaZeITSd/xXKEr+/MB+0dhdPd64BN0Waa8SE5Yyye6xsxpjvukBRM55BHbUVxongB0oQcFP037TFjr0eqEOF7MRdTbjjRZiO9N0Nn+GiK0kyV/b7LQrUHjQuVg/gRn6q0PMcGfieTpKYRlSX+46ArQ6BRebHH/rAsJ+jNutuuIVp+hAT4bbu5KifS3DiO+G/igvjbMnumTgyMTCfxpQHrR+RF7gl2A69HfyONeXpZoxgV54/mepr Generated-by-Nova", "private_key": "-----BEGIN RSA PRIVATE KEY-----\nMIIEpwIBAAKCAQEAoG6tlOUeSAlADWJqSLvD4/JsayHnCAyA3rHyZ8IXE+pNoF46\n8R8Cy3EEq8KHMx1ervID8Y2IAqBj1uQCoTW7LsBoFi0AZFwrKZWmXiE0nf8VyhK/\nvzAftHYXT3euATdFmmvEhOWMsnusbMaY77pAUTOeQR21FcaJ4AdKEHBT9N+0xY69\nHqhDhezEXU2440WYjvTdDZ/hoitJMlf2+y0K1B40LlYP4EZ+qtDzHBn4nk6SmEZU\nl/uOgK0OgUXmxx/6wLCfozbrbriFafoQE+G27uSon0tw4jvhv4oL42zJ7pk4MjEw\nn8aUB60fkRe4JdgOvR38jjXl6WaMYFeeP5nqawIDAQABAoIBABDfEsoRvjl9H4tI\nyjyT4mnaWKR7kDw8dGD2/bMDqkGh5j/zKOeqhzS10fPuJSGu+QIU2W1RoPgFvfof\nSFeDuweTnF6YpO3o83EQF8rWWx4ycSwrBJcqjGsB8DmfMGFYWq1+n9AKA93RO7TE\nvdiYEaN4djAK27xKgL1ahuNrrKiXo1Yjki0hXMmth99RtjCJEBgi7mCJaUU3c2g/\n3QjKyL2PM9pYL5rhqUEZGmzWW/H1U2XAuY9DnHQpyYuGPuBGkBLzIRNcC3iiOg3m\naOGdYlAFKz2yUpzAwEYqUcKqSScFcK/5ZttjQaj8qGrUljlafCjEgC2B5ewiERJe\nxHVe0uECggCBAMKWRRIkfFTvxNNNuB20F4FwRY+i6mgb1qdU4G2mFK8RkitKwUX3\neruGaNfFDeJmLCSf87qULlr9I6uglOf9nV2fEnePOOnCjocBTZLvRzyt8+RkR/cG\n80BaTfuHRHbKz1sAYsErDhIfmggsGfznb9xSp9IgEVt1srj+K/DaPRRnAoIAgQDT\nEN6uEkIlvqG306YK1N9SD5DmLMJ7gdix7DQIybxU6aAKUTr5ozbhy540+NHQrEZ7\n0m5DPuRjz2B2vQpZn47IwdCGCRq5vEvFDZQEyzlPaTly2hUlM5AO8A8MKcmv89mf\nx37XSF2v9OouJVzIPx+ieLNYRCqnWWePd5JjZiHXXQKCAIAnJdZVlROSfv6JSGyP\nRUkpWG4WPL+OHHOuDIxuYuhsZEuU/CAwNF7z1VHIfzOQ5d9hqvB9DAzbb2w6vj7X\nAZYkXLl5Zk4b8XF9RczWj980HQchXu9/il1sB/8CaK9ket8GvugfVsso6ESz+jNs\nRx+hItvykVMMpHxFbZVninCZZwKCAIBDKwMyci0KxffBAGG+4K+Q9dMu7N+XXmMP\nfBOzGEAO5apAnkkeWIqGoL3gLa7XsXtcvELKs6ELAlu4bcB1dQmDaepqPUt8ACg8\ntW19eQ7r7piRrEU+aYJWvp6LSGEe1YNUDbCX4jeuX0qHFOzJ7QysL60jUc4hI5qJ\nVYwIheAPIQKCAIBmPe/K0GkjL6kVsuS5lISp3mG9d0iSLZFYwWoFPR3KGyn7Jdy2\ntjM0UdpDscN8Mu3lMcpULWH7c1PM/zhiEtKzUyRkrOD4F+nQU/MLWciHjMBHTeoX\nroBEPpGwstKNqk6y8NOJ009qj699J2BAZoA+wrLqAvcDtxRC4ZKNlpJPjw==\n-----END RSA PRIVATE KEY-----\n", "user_id": "b5c26b8e110246be88e32f9d99b75a11", "name": "tempest-TestNetworkBasicOps-805695226", "fingerprint": "eb:e3:8b:50:85:e0:96:ac:8e:7c:1c:74:5a:ef:96:96"}}
2015-12-08 23:40:22,937 24486 INFO     [tempest_lib.common.rest_client] Request (TestNetworkBasicOps:test_connectivity_between_vms_on_different_networks): 200 POST http://10.0.2.15:5000/v2.0/tokens
2015-12-08 23:40:22,938 24486 DEBUG    [tempest_lib.common.rest_client] Request - Headers: {'Content-Type': 'application/json', 'Accept': 'application/json'}
        Body: &lt;omitted&gt;
    Response - Headers: {'status': '200', 'content-length': '2526', 'vary': 'X-Auth-Token', 'server': 'Apache/2.4.7 (Ubuntu)', 'connection': 'close', 'date': 'Tue, 08 Dec 2015 23:40:22 GMT', 'content-type': 'application/json', 'x-openstack-request-id': 'req-d335bf09-98e1-41f3-867f-4b9946143085'}
        Body: {"access": {"token": {"issued_at": "2015-12-08T23:40:22.926280", "expires": "2015-12-09T00:40:22Z", "id": "9514d1b6caca4fd5ae28f03490a3b90a", "tenant": {"description": "tempest-TestNetworkBasicOps-100409329-desc", "enabled": true, "id": "956ad621ad4b4be597518944325aa089", "name": "tempest-TestNetworkBasicOps-100409329"}, "audit_ids": ["Tjqmi2FtSyecy3fWFOWlbA"]}, "serviceCatalog": [{"endpoints": [{"adminURL": "http://10.0.2.15:8774/v2.1/956ad621ad4b4be597518944325aa089", "region": "RegionOne", "internalURL": "http://10.0.2.15:8774/v2.1/956ad621ad4b4be597518944325aa089", "id": "694455ee625a4a7ca85dccfb7d96f737", "publicURL": "http://10.0.2.15:8774/v2.1/956ad621ad4b4be597518944325aa089"}], "endpoints_links": [], "type": "compute", "name": "nova"}, {"endpoints": [{"adminURL": "http://10.0.2.15:9696/", "region": "RegionOne", "internalURL": "http://10.0.2.15:9696/", "id": "24eec18a8aac48f5b3af5422182d1303", "publicURL": "http://10.0.2.15:9696/"}], "endpoints_links": [], "type": "network", "name": "neutron"}, {"endpoints": [{"adminURL": "http://10.0.2.15:9292", "region": "RegionOne", "internalURL": "http://10.0.2.15:9292", "id": "90151ccc230d410693f45d9a7fd8229c", "publicURL": "http://10.0.2.15:9292"}], "endpoints_links": [], "type": "image", "name": "glance"}, {"endpoints": [{"adminURL": "http://10.0.2.15:8774/v2/956ad621ad4b4be597518944325aa089", "region": "RegionOne", "internalURL": "http://10.0.2.15:8774/v2/956ad621ad4b4be597518944325aa089", "id": "1e799a921ed64dc79a2c2407700c06b2", "publicURL": "http://10.0.2.15:8774/v2/956ad621ad4b4be597518944325aa089"}], "endpoints_links": [], "type": "compute_legacy", "name": "nova_legacy"}, {"endpoints": [{"adminURL": "http://10.0.2.15:8773/", "region": "RegionOne", "internalURL": "http://10.0.2.15:8773/", "id": "013675dbfe43429993736a785cb12d43", "publicURL": "http://10.0.2.15:8773/"}], "endpoints_links": [], "type": "ec2", "name": "ec2"}, {"endpoints": [{"adminURL": "http://10.0.2.15:35357/v2.0", "region": "RegionOne", "internalURL": "http://10.0.2.15:5000/v2.0", "id": "503d4222f3f148559cf6ba40e8658ebd", "publicURL": "http://10.0.2.15:5000/v2.0"}], "endpoints_links": [], "type": "identity", "name": "keystone"}], "user": {"username": "tempest-TestNetworkBasicOps-737586437", "roles_links": [], "id": "b5c26b8e110246be88e32f9d99b75a11", "roles": [{"name": "Member"}, {"name": "_member_"}], "name": "tempest-TestNetworkBasicOps-737586437"}, "metadata": {"is_admin": 0, "roles": ["4dc88c32fe6a42279a1f13749d390c38", "9fe2ff9ee4384b1894a90878d3e92bab"]}}}
2015-12-08 23:40:22,944 24486 DEBUG    [tempest.common.fixed_network] (TestNetworkBasicOps:test_connectivity_between_vms_on_different_networks) No valid network provided or created, defaulting to fixed_network_name
2015-12-08 23:40:23,246 24486 INFO     [tempest_lib.common.rest_client] Request (TestNetworkBasicOps:test_connectivity_between_vms_on_different_networks): 200 GET http://10.0.2.15:8774/v2.1/956ad621ad4b4be597518944325aa089/os-networks 0.301s
2015-12-08 23:40:23,246 24486 DEBUG    [tempest_lib.common.rest_client] Request - Headers: {'Content-Type': 'application/json', 'Accept': 'application/json', 'X-Auth-Token': '&lt;omitted&gt;'}
        Body: None
    Response - Headers: {'status': '200', 'content-length': '478', 'content-location': 'http://10.0.2.15:8774/v2.1/956ad621ad4b4be597518944325aa089/os-networks', 'x-compute-request-id': 'req-84a1f11f-9153-4b40-8468-9c6b81ef58fe', 'vary': 'X-OpenStack-Nova-API-Version', 'connection': 'close', 'x-openstack-nova-api-version': '2.1', 'date': 'Tue, 08 Dec 2015 23:40:23 GMT', 'content-type': 'application/json'}
        Body: {"networks": [{"cidr_v6": null, "dns2": null, "dns1": null, "gateway": null, "broadcast": null, "netmask": null, "gateway_v6": null, "cidr": null, "label": "public", "id": "2c40fc9a-b1f3-46ec-9750-4bcb771ba177", "netmask_v6": null}, {"cidr_v6": null, "dns2": null, "dns1": null, "gateway": null, "broadcast": null, "netmask": null, "gateway_v6": null, "cidr": null, "label": "tempest-network-smoke--319770083", "id": "a1f4f3f1-c6a3-44e9-8e57-00aa24b224b4", "netmask_v6": null}]}
2015-12-08 23:40:23,246 24486 WARNING  [tempest.common.fixed_network] (TestNetworkBasicOps:test_connectivity_between_vms_on_different_networks) Network with name: private not found
2015-12-08 23:40:23,247 24486 INFO     [tempest.common.fixed_network] (TestNetworkBasicOps:test_connectivity_between_vms_on_different_networks) Found network {} available for tenant
2015-12-08 23:40:25,272 24486 INFO     [tempest_lib.common.rest_client] Request (TestNetworkBasicOps:test_connectivity_between_vms_on_different_networks): 202 POST http://10.0.2.15:8774/v2.1/956ad621ad4b4be597518944325aa089/servers 2.025s
2015-12-08 23:40:25,273 24486 DEBUG    [tempest_lib.common.rest_client] Request - Headers: {'Content-Type': 'application/json', 'Accept': 'application/json', 'X-Auth-Token': '&lt;omitted&gt;'}
        Body: {"server": {"name": "tempest.common.compute-instance-131431381", "imageRef": "8c7eff37-ebbc-4d61-a7d7-0c927a42d72f", "key_name": "tempest-TestNetworkBasicOps-805695226", "flavorRef": "42", "networks": [{"uuid": "a1f4f3f1-c6a3-44e9-8e57-00aa24b224b4"}], "security_groups": [{"name": "tempest-secgroup-smoke-1445534047"}]}}
    Response - Headers: {'status': '202', 'content-length': '462', 'x-compute-request-id': 'req-5b16b91e-9b06-48cc-a2fe-2efb66b3356a', 'vary': 'X-OpenStack-Nova-API-Version', 'connection': 'close', 'location': 'http://10.0.2.15:8774/v2.1/956ad621ad4b4be597518944325aa089/servers/f579da94-f732-4ddc-b9eb-786538261c8c', 'x-openstack-nova-api-version': '2.1', 'date': 'Tue, 08 Dec 2015 23:40:25 GMT', 'content-type': 'application/json'}
        Body: {"server": {"security_groups": [{"name": "tempest-secgroup-smoke-1445534047"}], "OS-DCF:diskConfig": "MANUAL", "id": "f579da94-f732-4ddc-b9eb-786538261c8c", "links": [{"href": "http://10.0.2.15:8774/v2.1/956ad621ad4b4be597518944325aa089/servers/f579da94-f732-4ddc-b9eb-786538261c8c", "rel": "self"}, {"href": "http://10.0.2.15:8774/956ad621ad4b4be597518944325aa089/servers/f579da94-f732-4ddc-b9eb-786538261c8c", "rel": "bookmark"}], "adminPass": "JFBmQXiHUu9N"}}
2015-12-08 23:40:25,460 24486 INFO     [tempest_lib.common.rest_client] Request (TestNetworkBasicOps:test_connectivity_between_vms_on_different_networks): 200 GET http://10.0.2.15:8774/v2.1/956ad621ad4b4be597518944325aa089/servers/f579da94-f732-4ddc-b9eb-786538261c8c 0.183s
2015-12-08 23:40:25,461 24486 DEBUG    [tempest_lib.common.rest_client] Request - Headers: {'Content-Type': 'application/json', 'Accept': 'application/json', 'X-Auth-Token': '&lt;omitted&gt;'}
        Body: None
    Response - Headers: {'status': '200', 'content-length': '1354', 'content-location': 'http://10.0.2.15:8774/v2.1/956ad621ad4b4be597518944325aa089/servers/f579da94-f732-4ddc-b9eb-786538261c8c', 'x-compute-request-id': 'req-7ea4ae1a-abf2-4c0a-b588-55d79ead22f5', 'vary': 'X-OpenStack-Nova-API-Version', 'connection': 'close', 'x-openstack-nova-api-version': '2.1', 'date': 'Tue, 08 Dec 2015 23:40:25 GMT', 'content-type': 'application/json'}
        Body: {"server": {"status": "BUILD", "updated": "2015-12-08T23:40:25Z", "hostId": "", "addresses": {}, "links": [{"href": "http://10.0.2.15:8774/v2.1/956ad621ad4b4be597518944325aa089/servers/f579da94-f732-4ddc-b9eb-786538261c8c", "rel": "self"}, {"href": "http://10.0.2.15:8774/956ad621ad4b4be597518944325aa089/servers/f579da94-f732-4ddc-b9eb-786538261c8c", "rel": "bookmark"}], "key_name": "tempest-TestNetworkBasicOps-805695226", "image": {"id": "8c7eff37-ebbc-4d61-a7d7-0c927a42d72f", "links": [{"href": "http://10.0.2.15:8774/956ad621ad4b4be597518944325aa089/images/8c7eff37-ebbc-4d61-a7d7-0c927a42d72f", "rel": "bookmark"}]}, "OS-EXT-STS:task_state": "scheduling", "OS-EXT-STS:vm_state": "building", "OS-SRV-USG:launched_at": null, "flavor": {"id": "42", "links": [{"href": "http://10.0.2.15:8774/956ad621ad4b4be597518944325aa089/flavors/42", "rel": "bookmark"}]}, "id": "f579da94-f732-4ddc-b9eb-786538261c8c", "OS-SRV-USG:terminated_at": null, "OS-EXT-AZ:availability_zone": "", "user_id": "b5c26b8e110246be88e32f9d99b75a11", "name": "tempest.common.compute-instance-131431381", "created": "2015-12-08T23:40:25Z", "tenant_id": "956ad621ad4b4be597518944325aa089", "OS-DCF:diskConfig": "MANUAL", "os-extended-volumes:volumes_attached": [], "accessIPv4": "", "accessIPv6": "", "progress": 0, "OS-EXT-STS:power_state": 0, "config_drive": "", "metadata": {}}}
2015-12-08 23:40:26,949 24486 INFO     [tempest_lib.common.rest_client] Request (TestNetworkBasicOps:test_connectivity_between_vms_on_different_networks): 200 GET http://10.0.2.15:8774/v2.1/956ad621ad4b4be597518944325aa089/servers/f579da94-f732-4ddc-b9eb-786538261c8c 0.469s
2015-12-08 23:40:26,949 24486 DEBUG    [tempest_lib.common.rest_client] Request - Headers: {'Content-Type': 'application/json', 'Accept': 'application/json', 'X-Auth-Token': '&lt;omitted&gt;'}
        Body: None
    Response - Headers: {'status': '200', 'content-length': '1480', 'content-location': 'http://10.0.2.15:8774/v2.1/956ad621ad4b4be597518944325aa089/servers/f579da94-f732-4ddc-b9eb-786538261c8c', 'x-compute-request-id': 'req-14ceb354-4648-4b6e-b078-837065e241f7', 'vary': 'X-OpenStack-Nova-API-Version', 'connection': 'close', 'x-openstack-nova-api-version': '2.1', 'date': 'Tue, 08 Dec 2015 23:40:26 GMT', 'content-type': 'application/json'}
        Body: {"server": {"status": "BUILD", "updated": "2015-12-08T23:40:26Z", "hostId": "4e697313d34c30f1154ef68b9507fc7575b0c8ae61fe911c6a008720", "addresses": {}, "links": [{"href": "http://10.0.2.15:8774/v2.1/956ad621ad4b4be597518944325aa089/servers/f579da94-f732-4ddc-b9eb-786538261c8c", "rel": "self"}, {"href": "http://10.0.2.15:8774/956ad621ad4b4be597518944325aa089/servers/f579da94-f732-4ddc-b9eb-786538261c8c", "rel": "bookmark"}], "key_name": "tempest-TestNetworkBasicOps-805695226", "image": {"id": "8c7eff37-ebbc-4d61-a7d7-0c927a42d72f", "links": [{"href": "http://10.0.2.15:8774/956ad621ad4b4be597518944325aa089/images/8c7eff37-ebbc-4d61-a7d7-0c927a42d72f", "rel": "bookmark"}]}, "OS-EXT-STS:task_state": "spawning", "OS-EXT-STS:vm_state": "building", "OS-SRV-USG:launched_at": null, "flavor": {"id": "42", "links": [{"href": "http://10.0.2.15:8774/956ad621ad4b4be597518944325aa089/flavors/42", "rel": "bookmark"}]}, "id": "f579da94-f732-4ddc-b9eb-786538261c8c", "security_groups": [{"name": "tempest-secgroup-smoke-1445534047"}], "OS-SRV-USG:terminated_at": null, "OS-EXT-AZ:availability_zone": "nova", "user_id": "b5c26b8e110246be88e32f9d99b75a11", "name": "tempest.common.compute-instance-131431381", "created": "2015-12-08T23:40:25Z", "tenant_id": "956ad621ad4b4be597518944325aa089", "OS-DCF:diskConfig": "MANUAL", "os-extended-volumes:volumes_attached": [], "accessIPv4": "", "accessIPv6": "", "progress": 0, "OS-EXT-STS:power_state": 0, "config_drive": "", "metadata": {}}}
2015-12-08 23:40:26,958 24486 INFO     [tempest.common.waiters] State transition "BUILD/scheduling" ==&gt; "BUILD/spawning" after 1 second wait
2015-12-08 23:40:28,381 24486 INFO     [tempest_lib.common.rest_client] Request (TestNetworkBasicOps:test_connectivity_between_vms_on_different_networks): 200 GET http://10.0.2.15:8774/v2.1/956ad621ad4b4be597518944325aa089/servers/f579da94-f732-4ddc-b9eb-786538261c8c 0.421s
2015-12-08 23:40:28,381 24486 DEBUG    [tempest_lib.common.rest_client] Request - Headers: {'Content-Type': 'application/json', 'Accept': 'application/json', 'X-Auth-Token': '&lt;omitted&gt;'}
        Body: None
    Response - Headers: {'status': '200', 'content-length': '1480', 'content-location': 'http://10.0.2.15:8774/v2.1/956ad621ad4b4be597518944325aa089/servers/f579da94-f732-4ddc-b9eb-786538261c8c', 'x-compute-request-id': 'req-08264f94-9ca1-45dc-9003-532f3d2837a2', 'vary': 'X-OpenStack-Nova-API-Version', 'connection': 'close', 'x-openstack-nova-api-version': '2.1', 'date': 'Tue, 08 Dec 2015 23:40:28 GMT', 'content-type': 'application/json'}
        Body: {"server": {"status": "BUILD", "updated": "2015-12-08T23:40:26Z", "hostId": "4e697313d34c30f1154ef68b9507fc7575b0c8ae61fe911c6a008720", "addresses": {}, "links": [{"href": "http://10.0.2.15:8774/v2.1/956ad621ad4b4be597518944325aa089/servers/f579da94-f732-4ddc-b9eb-786538261c8c", "rel": "self"}, {"href": "http://10.0.2.15:8774/956ad621ad4b4be597518944325aa089/servers/f579da94-f732-4ddc-b9eb-786538261c8c", "rel": "bookmark"}], "key_name": "tempest-TestNetworkBasicOps-805695226", "image": {"id": "8c7eff37-ebbc-4d61-a7d7-0c927a42d72f", "links": [{"href": "http://10.0.2.15:8774/956ad621ad4b4be597518944325aa089/images/8c7eff37-ebbc-4d61-a7d7-0c927a42d72f", "rel": "bookmark"}]}, "OS-EXT-STS:task_state": "spawning", "OS-EXT-STS:vm_state": "building", "OS-SRV-USG:launched_at": null, "flavor": {"id": "42", "links": [{"href": "http://10.0.2.15:8774/956ad621ad4b4be597518944325aa089/flavors/42", "rel": "bookmark"}]}, "id": "f579da94-f732-4ddc-b9eb-786538261c8c", "security_groups": [{"name": "tempest-secgroup-smoke-1445534047"}], "OS-SRV-USG:terminated_at": null, "OS-EXT-AZ:availability_zone": "nova", "user_id": "b5c26b8e110246be88e32f9d99b75a11", "name": "tempest.common.compute-instance-131431381", "created": "2015-12-08T23:40:25Z", "tenant_id": "956ad621ad4b4be597518944325aa089", "OS-DCF:diskConfig": "MANUAL", "os-extended-volumes:volumes_attached": [], "accessIPv4": "", "accessIPv6": "", "progress": 0, "OS-EXT-STS:power_state": 0, "config_drive": "", "metadata": {}}}
2015-12-08 23:40:29,585 24486 INFO     [tempest_lib.common.rest_client] Request (TestNetworkBasicOps:test_connectivity_between_vms_on_different_networks): 200 GET http://10.0.2.15:8774/v2.1/956ad621ad4b4be597518944325aa089/servers/f579da94-f732-4ddc-b9eb-786538261c8c 0.194s
2015-12-08 23:40:29,585 24486 DEBUG    [tempest_lib.common.rest_client] Request - Headers: {'Content-Type': 'application/json', 'Accept': 'application/json', 'X-Auth-Token': '&lt;omitted&gt;'}
        Body: None
    Response - Headers: {'status': '200', 'content-length': '1651', 'content-location': 'http://10.0.2.15:8774/v2.1/956ad621ad4b4be597518944325aa089/servers/f579da94-f732-4ddc-b9eb-786538261c8c', 'x-compute-request-id': 'req-9fa03a1e-dda8-4b1d-905f-171c73d2e1bc', 'vary': 'X-OpenStack-Nova-API-Version', 'connection': 'close', 'x-openstack-nova-api-version': '2.1', 'date': 'Tue, 08 Dec 2015 23:40:29 GMT', 'content-type': 'application/json'}
        Body: {"server": {"status": "ACTIVE", "updated": "2015-12-08T23:40:29Z", "hostId": "4e697313d34c30f1154ef68b9507fc7575b0c8ae61fe911c6a008720", "addresses": {"tempest-network-smoke--319770083": [{"OS-EXT-IPS-MAC:mac_addr": "fa:16:3e:66:b5:b7", "version": 4, "addr": "10.100.0.3", "OS-EXT-IPS:type": "fixed"}]}, "links": [{"href": "http://10.0.2.15:8774/v2.1/956ad621ad4b4be597518944325aa089/servers/f579da94-f732-4ddc-b9eb-786538261c8c", "rel": "self"}, {"href": "http://10.0.2.15:8774/956ad621ad4b4be597518944325aa089/servers/f579da94-f732-4ddc-b9eb-786538261c8c", "rel": "bookmark"}], "key_name": "tempest-TestNetworkBasicOps-805695226", "image": {"id": "8c7eff37-ebbc-4d61-a7d7-0c927a42d72f", "links": [{"href": "http://10.0.2.15:8774/956ad621ad4b4be597518944325aa089/images/8c7eff37-ebbc-4d61-a7d7-0c927a42d72f", "rel": "bookmark"}]}, "OS-EXT-STS:task_state": null, "OS-EXT-STS:vm_state": "active", "OS-SRV-USG:launched_at": "2015-12-08T23:40:28.000000", "flavor": {"id": "42", "links": [{"href": "http://10.0.2.15:8774/956ad621ad4b4be597518944325aa089/flavors/42", "rel": "bookmark"}]}, "id": "f579da94-f732-4ddc-b9eb-786538261c8c", "security_groups": [{"name": "tempest-secgroup-smoke-1445534047"}], "OS-SRV-USG:terminated_at": null, "OS-EXT-AZ:availability_zone": "nova", "user_id": "b5c26b8e110246be88e32f9d99b75a11", "name": "tempest.common.compute-instance-131431381", "created": "2015-12-08T23:40:25Z", "tenant_id": "956ad621ad4b4be597518944325aa089", "OS-DCF:diskConfig": "MANUAL", "os-extended-volumes:volumes_attached": [], "accessIPv4": "", "accessIPv6": "", "progress": 0, "OS-EXT-STS:power_state": 1, "config_drive": "True", "metadata": {}}}
2015-12-08 23:40:29,594 24486 INFO     [tempest.common.waiters] State transition "BUILD/spawning" ==&gt; "ACTIVE/None" after 4 second wait
2015-12-08 23:40:29,788 24486 INFO     [tempest_lib.common.rest_client] Request (TestNetworkBasicOps:test_connectivity_between_vms_on_different_networks): 200 GET http://10.0.2.15:8774/v2.1/956ad621ad4b4be597518944325aa089/servers/f579da94-f732-4ddc-b9eb-786538261c8c 0.193s
2015-12-08 23:40:29,788 24486 DEBUG    [tempest_lib.common.rest_client] Request - Headers: {'Content-Type': 'application/json', 'Accept': 'application/json', 'X-Auth-Token': '&lt;omitted&gt;'}
        Body: None
    Response - Headers: {'status': '200', 'content-length': '1651', 'content-location': 'http://10.0.2.15:8774/v2.1/956ad621ad4b4be597518944325aa089/servers/f579da94-f732-4ddc-b9eb-786538261c8c', 'x-compute-request-id': 'req-f1558558-fd4b-4e42-88bb-017b75b51d35', 'vary': 'X-OpenStack-Nova-API-Version', 'connection': 'close', 'x-openstack-nova-api-version': '2.1', 'date': 'Tue, 08 Dec 2015 23:40:29 GMT', 'content-type': 'application/json'}
        Body: {"server": {"status": "ACTIVE", "updated": "2015-12-08T23:40:29Z", "hostId": "4e697313d34c30f1154ef68b9507fc7575b0c8ae61fe911c6a008720", "addresses": {"tempest-network-smoke--319770083": [{"OS-EXT-IPS-MAC:mac_addr": "fa:16:3e:66:b5:b7", "version": 4, "addr": "10.100.0.3", "OS-EXT-IPS:type": "fixed"}]}, "links": [{"href": "http://10.0.2.15:8774/v2.1/956ad621ad4b4be597518944325aa089/servers/f579da94-f732-4ddc-b9eb-786538261c8c", "rel": "self"}, {"href": "http://10.0.2.15:8774/956ad621ad4b4be597518944325aa089/servers/f579da94-f732-4ddc-b9eb-786538261c8c", "rel": "bookmark"}], "key_name": "tempest-TestNetworkBasicOps-805695226", "image": {"id": "8c7eff37-ebbc-4d61-a7d7-0c927a42d72f", "links": [{"href": "http://10.0.2.15:8774/956ad621ad4b4be597518944325aa089/images/8c7eff37-ebbc-4d61-a7d7-0c927a42d72f", "rel": "bookmark"}]}, "OS-EXT-STS:task_state": null, "OS-EXT-STS:vm_state": "active", "OS-SRV-USG:launched_at": "2015-12-08T23:40:28.000000", "flavor": {"id": "42", "links": [{"href": "http://10.0.2.15:8774/956ad621ad4b4be597518944325aa089/flavors/42", "rel": "bookmark"}]}, "id": "f579da94-f732-4ddc-b9eb-786538261c8c", "security_groups": [{"name": "tempest-secgroup-smoke-1445534047"}], "OS-SRV-USG:terminated_at": null, "OS-EXT-AZ:availability_zone": "nova", "user_id": "b5c26b8e110246be88e32f9d99b75a11", "name": "tempest.common.compute-instance-131431381", "created": "2015-12-08T23:40:25Z", "tenant_id": "956ad621ad4b4be597518944325aa089", "OS-DCF:diskConfig": "MANUAL", "os-extended-volumes:volumes_attached": [], "accessIPv4": "", "accessIPv6": "", "progress": 0, "OS-EXT-STS:power_state": 1, "config_drive": "True", "metadata": {}}}
2015-12-08 23:40:29,798 24486 INFO     [tempest.scenario.manager] Tenant networks not configured to be reachable.
2015-12-08 23:40:29,832 24486 INFO     [tempest_lib.common.rest_client] Request (TestNetworkBasicOps:test_connectivity_between_vms_on_different_networks): 200 GET http://10.0.2.15:9696/v2.0/ports?status=ACTIVE&amp;fixed_ip=None&amp;device_id=f579da94-f732-4ddc-b9eb-786538261c8c 0.034s
2015-12-08 23:40:29,833 24486 DEBUG    [tempest_lib.common.rest_client] Request - Headers: {'Content-Type': 'application/json', 'Accept': 'application/json', 'X-Auth-Token': '&lt;omitted&gt;'}
        Body: None
    Response - Headers: {'status': '200', 'content-length': '895', 'content-location': 'http://10.0.2.15:9696/v2.0/ports?status=ACTIVE&amp;fixed_ip=None&amp;device_id=f579da94-f732-4ddc-b9eb-786538261c8c', 'connection': 'close', 'date': 'Tue, 08 Dec 2015 23:40:29 GMT', 'content-type': 'application/json; charset=UTF-8', 'x-openstack-request-id': 'req-1f23225d-373f-4bc2-8a1b-fff871e7bce3'}
        Body: {"ports": [{"status": "ACTIVE", "binding:host_id": "vagrant-ubuntu-trusty-64", "allowed_address_pairs": [], "extra_dhcp_opts": [], "dns_assignment": [{"hostname": "host-10-100-0-3", "ip_address": "10.100.0.3", "fqdn": "host-10-100-0-3.openstacklocal."}], "device_owner": "compute:None", "port_security_enabled": true, "binding:profile": {}, "fixed_ips": [{"subnet_id": "a5137334-b7d7-41cc-9165-c0f7f3791888", "ip_address": "10.100.0.3"}], "id": "bf6b2cc7-9bc8-4f61-90ba-d2c15211e46f", "security_groups": ["647d2f24-3589-4923-9d52-c347ebf67416"], "device_id": "f579da94-f732-4ddc-b9eb-786538261c8c", "name": "", "admin_state_up": true, "network_id": "a1f4f3f1-c6a3-44e9-8e57-00aa24b224b4", "dns_name": "", "binding:vif_details": {"port_filter": true}, "binding:vnic_type": "normal", "binding:vif_type": "ovs", "tenant_id": "956ad621ad4b4be597518944325aa089", "mac_address": "fa:16:3e:66:b5:b7"}]}
2015-12-08 23:40:30,360 24486 INFO     [tempest_lib.common.rest_client] Request (TestNetworkBasicOps:test_connectivity_between_vms_on_different_networks): 201 POST http://10.0.2.15:9696/v2.0/floatingips 0.526s
2015-12-08 23:40:30,360 24486 DEBUG    [tempest_lib.common.rest_client] Request - Headers: {'Content-Type': 'application/json', 'Accept': 'application/json', 'X-Auth-Token': '&lt;omitted&gt;'}
        Body: {"floatingip": {"floating_network_id": "2c40fc9a-b1f3-46ec-9750-4bcb771ba177", "tenant_id": "956ad621ad4b4be597518944325aa089", "fixed_ip_address": "10.100.0.3", "port_id": "bf6b2cc7-9bc8-4f61-90ba-d2c15211e46f"}}
    Response - Headers: {'status': '201', 'content-length': '367', 'connection': 'close', 'date': 'Tue, 08 Dec 2015 23:40:30 GMT', 'content-type': 'application/json; charset=UTF-8', 'x-openstack-request-id': 'req-b5e227ba-3176-4d14-b02d-042ee7744fc8'}
        Body: {"floatingip": {"floating_network_id": "2c40fc9a-b1f3-46ec-9750-4bcb771ba177", "router_id": "99cf5dd3-db27-4ca6-93c4-0ab5490257ad", "fixed_ip_address": "10.100.0.3", "floating_ip_address": "172.24.4.4", "tenant_id": "956ad621ad4b4be597518944325aa089", "status": "DOWN", "port_id": "bf6b2cc7-9bc8-4f61-90ba-d2c15211e46f", "id": "34929005-b03e-4067-9d6e-54235515cf55"}}
2015-12-08 23:40:30,380 24486 INFO     [tempest_lib.common.rest_client] Request (TestNetworkBasicOps:test_connectivity_between_vms_on_different_networks): 200 GET http://10.0.2.15:9696/v2.0/floatingips/34929005-b03e-4067-9d6e-54235515cf55 0.019s
2015-12-08 23:40:30,381 24486 DEBUG    [tempest_lib.common.rest_client] Request - Headers: {'Content-Type': 'application/json', 'Accept': 'application/json', 'X-Auth-Token': '&lt;omitted&gt;'}
        Body: None
    Response - Headers: {'status': '200', 'content-length': '367', 'content-location': 'http://10.0.2.15:9696/v2.0/floatingips/34929005-b03e-4067-9d6e-54235515cf55', 'connection': 'close', 'date': 'Tue, 08 Dec 2015 23:40:30 GMT', 'content-type': 'application/json; charset=UTF-8', 'x-openstack-request-id': 'req-d1477a2a-87a9-48d3-a524-ed849c5a4e35'}
        Body: {"floatingip": {"floating_network_id": "2c40fc9a-b1f3-46ec-9750-4bcb771ba177", "router_id": "99cf5dd3-db27-4ca6-93c4-0ab5490257ad", "fixed_ip_address": "10.100.0.3", "floating_ip_address": "172.24.4.4", "tenant_id": "956ad621ad4b4be597518944325aa089", "status": "DOWN", "port_id": "bf6b2cc7-9bc8-4f61-90ba-d2c15211e46f", "id": "34929005-b03e-4067-9d6e-54235515cf55"}}
2015-12-08 23:40:31,398 24486 INFO     [tempest_lib.common.rest_client] Request (TestNetworkBasicOps:test_connectivity_between_vms_on_different_networks): 200 GET http://10.0.2.15:9696/v2.0/floatingips/34929005-b03e-4067-9d6e-54235515cf55 0.015s
2015-12-08 23:40:31,398 24486 DEBUG    [tempest_lib.common.rest_client] Request - Headers: {'Content-Type': 'application/json', 'Accept': 'application/json', 'X-Auth-Token': '&lt;omitted&gt;'}
        Body: None
    Response - Headers: {'status': '200', 'content-length': '369', 'content-location': 'http://10.0.2.15:9696/v2.0/floatingips/34929005-b03e-4067-9d6e-54235515cf55', 'connection': 'close', 'date': 'Tue, 08 Dec 2015 23:40:31 GMT', 'content-type': 'application/json; charset=UTF-8', 'x-openstack-request-id': 'req-b691744e-6f44-4479-89d5-63e2ca0609bd'}
        Body: {"floatingip": {"floating_network_id": "2c40fc9a-b1f3-46ec-9750-4bcb771ba177", "router_id": "99cf5dd3-db27-4ca6-93c4-0ab5490257ad", "fixed_ip_address": "10.100.0.3", "floating_ip_address": "172.24.4.4", "tenant_id": "956ad621ad4b4be597518944325aa089", "status": "ACTIVE", "port_id": "bf6b2cc7-9bc8-4f61-90ba-d2c15211e46f", "id": "34929005-b03e-4067-9d6e-54235515cf55"}}
2015-12-08 23:40:31,399 24486 INFO     [tempest.scenario.manager] FloatingIP: &lt;"FloatingIP" addr="172.24.4.4" id="34929005-b03e-4067-9d6e-54235515cf55"&gt; is at status: ACTIVE
2015-12-08 23:40:31,400 24486 DEBUG    [tempest.scenario.manager] checking network connections to IP 172.24.4.4 with user: cirros
2015-12-08 23:40:31,400 24486 DEBUG    [tempest.scenario.manager] TestNetworkBasicOps:test_connectivity_between_vms_on_different_networks begins to ping 172.24.4.4 in 120 sec and the expected result is reachable
2015-12-08 23:42:31,675 24486 DEBUG    [tempest.scenario.manager] TestNetworkBasicOps:test_connectivity_between_vms_on_different_networks finishes ping 172.24.4.4 in 120 sec and the ping result is unexpected
2015-12-08 23:42:31,677 24486 ERROR    [tempest.scenario.manager] Public network connectivity check failed
2015-12-08 23:42:31.677 24486 ERROR tempest.scenario.manager Traceback (most recent call last):
2015-12-08 23:42:31.677 24486 ERROR tempest.scenario.manager   File "tempest/scenario/manager.py", line 606, in check_public_network_connectivity
2015-12-08 23:42:31.677 24486 ERROR tempest.scenario.manager     should_connect=should_connect)
2015-12-08 23:42:31.677 24486 ERROR tempest.scenario.manager   File "tempest/scenario/manager.py", line 590, in check_vm_connectivity
2015-12-08 23:42:31.677 24486 ERROR tempest.scenario.manager     msg=msg)
2015-12-08 23:42:31.677 24486 ERROR tempest.scenario.manager   File "/usr/local/lib/python2.7/dist-packages/unittest2/case.py", line 702, in assertTrue
2015-12-08 23:42:31.677 24486 ERROR tempest.scenario.manager     raise self.failureException(msg)
2015-12-08 23:42:31.677 24486 ERROR tempest.scenario.manager AssertionError: False is not true : Timed out waiting for 172.24.4.4 to become reachable
2015-12-08 23:42:31.677 24486 ERROR tempest.scenario.manager 
2015-12-08 23:42:31,900 24486 INFO     [tempest_lib.common.rest_client] Request (TestNetworkBasicOps:test_connectivity_between_vms_on_different_networks): 200 POST http://10.0.2.15:8774/v2.1/956ad621ad4b4be597518944325aa089/servers/f579da94-f732-4ddc-b9eb-786538261c8c/action 0.219s
2015-12-08 23:42:31,901 24486 DEBUG    [tempest_lib.common.rest_client] Request - Headers: {'Content-Type': 'application/json', 'Accept': 'application/json', 'X-Auth-Token': '&lt;omitted&gt;'}
        Body: {"os-getConsoleOutput": {}}
    Response - Headers: {'status': '200', 'content-length': '17429', 'x-compute-request-id': 'req-771755bf-b8ff-40b6-9a35-f0db1b9ecac6', 'vary': 'X-OpenStack-Nova-API-Version', 'connection': 'close', 'x-openstack-nova-api-version': '2.1', 'date': 'Tue, 08 Dec 2015 23:42:31 GMT', 'content-type': 'application/json'}
        Body: {"output": "[    0.000000] Initializing cgroup subsys cpuset\n[    0.000000] Initializing cgroup subsys cpu\n[    0.000000] Linux version 3.2.0-80-virtual (buildd@batsu) (gcc version 4.6.3 (Ubuntu/Linaro 4.6.3-1ubuntu5) ) #116-Ubuntu SMP Mon Mar 23 17:28:52 UTC 2015 (Ubuntu 3.2.0-80.116-virtual 3.2.68)\n[    0.000000] Command line: root=/dev/vda console=tty0 console=ttyS0 no_timer_check\n[    0.000000] KERNEL supported cpus:\n[    0.000000]   Intel GenuineIntel\n[    0.000000]   AMD AuthenticAMD\n[    0.000000]   Centaur CentaurHauls\n[    0.000000] BIOS-provided physical RAM map:\n[    0.000000]  BIOS-e820: 0000000000000000 - 000000000009fc00 (usable)\n[    0.000000]  BIOS-e820: 000000000009fc00 - 00000000000a0000 (reserved)\n[    0.000000]  BIOS-e820: 00000000000f0000 - 0000000000100000 (reserved)\n[    0.000000]  BIOS-e820: 0000000000100000 - 0000000003ffe000 (usable)\n[    0.000000]  BIOS-e820: 0000000003ffe000 - 0000000004000000 (reserved)\n[    0.000000]  BIOS-e820: 00000000fffc0000 - 0000000100000000 (reserved)\n[    0.000000] NX (Execute Disable) protection: active\n[    0.000000] SMBIOS 2.4 present.\n[    0.000000] No AGP bridge found\n[    0.000000] last_pfn = 0x3ffe max_arch_pfn = 0x400000000\n[    0.000000] x86 PAT enabled: cpu 0, old 0x7040600070406, new 0x7010600070106\n[    0.000000] found SMP MP-table at [ffff8800000f0b00] f0b00\n[    0.000000] init_memory_mapping: 0000000000000000-0000000003ffe000\n[    0.000000] RAMDISK: 03c5e000 - 03ff0000\n[    0.000000] ACPI: RSDP 00000000000f0950 00014 (v00 BOCHS )\n[    0.000000] ACPI: RSDT 0000000003fffbc1 00034 (v01 BOCHS  BXPCRSDT 00000001 BXPC 00000001)\n[    0.000000] ACPI: FACP 0000000003fff1c0 00074 (v01 BOCHS  BXPCFACP 00000001 BXPC 00000001)\n[    0.000000] ACPI: DSDT 0000000003ffe040 01180 (v01 BOCHS  BXPCDSDT 00000001 BXPC 00000001)\n[    0.000000] ACPI: FACS 0000000003ffe000 00040\n[    0.000000] ACPI: SSDT 0000000003fff234 008DD (v01 BOCHS  BXPCSSDT 00000001 BXPC 00000001)\n[    0.000000] ACPI: APIC 0000000003fffb11 00078 (v01 BOCHS  BXPCAPIC 00000001 BXPC 00000001)\n[    0.000000] ACPI: HPET 0000000003fffb89 00038 (v01 BOCHS  BXPCHPET 00000001 BXPC 00000001)\n[    0.000000] No NUMA configuration found\n[    0.000000] Faking a node at 0000000000000000-0000000003ffe000\n[    0.000000] Initmem setup node 0 0000000000000000-0000000003ffe000\n[    0.000000]   NODE_DATA [0000000003ff6000 - 0000000003ffafff]\n[    0.000000] Zone PFN ranges:\n[    0.000000]   DMA      0x00000010 -&gt; 0x00001000\n[    0.000000]   DMA32    0x00001000 -&gt; 0x00100000\n[    0.000000]   Normal   empty\n[    0.000000] Movable zone start PFN for each node\n[    0.000000] early_node_map[2] active PFN ranges\n[    0.000000]     0: 0x00000010 -&gt; 0x0000009f\n[    0.000000]     0: 0x00000100 -&gt; 0x00003ffe\n[    0.000000] ACPI: PM-Timer IO Port: 0xb008\n[    0.000000] ACPI: LAPIC (acpi_id[0x00] lapic_id[0x00] enabled)\n[    0.000000] ACPI: LAPIC_NMI (acpi_id[0xff] dfl dfl lint[0x1])\n[    0.000000] ACPI: IOAPIC (id[0x00] address[0xfec00000] gsi_base[0])\n[    0.000000] IOAPIC[0]: apic_id 0, version 17, address 0xfec00000, GSI 0-23\n[    0.000000] ACPI: INT_SRC_OVR (bus 0 bus_irq 0 global_irq 2 dfl dfl)\n[    0.000000] ACPI: INT_SRC_OVR (bus 0 bus_irq 5 global_irq 5 high level)\n[    0.000000] ACPI: INT_SRC_OVR (bus 0 bus_irq 9 global_irq 9 high level)\n[    0.000000] ACPI: INT_SRC_OVR (bus 0 bus_irq 10 global_irq 10 high level)\n[    0.000000] ACPI: INT_SRC_OVR (bus 0 bus_irq 11 global_irq 11 high level)\n[    0.000000] Using ACPI (MADT) for SMP configuration information\n[    0.000000] ACPI: HPET id: 0x8086a201 base: 0xfed00000\n[    0.000000] SMP: Allowing 1 CPUs, 0 hotplug CPUs\n[    0.000000] PM: Registered nosave memory: 000000000009f000 - 00000000000a0000\n[    0.000000] PM: Registered nosave memory: 00000000000a0000 - 00000000000f0000\n[    0.000000] PM: Registered nosave memory: 00000000000f0000 - 0000000000100000\n[    0.000000] Allocating PCI resources starting at 4000000 (gap: 4000000:fbfc0000)\n[    0.000000] Booting paravirtualized kernel on bare hardware\n[    0.000000] setup_pe
2015-12-08 23:42:31,904 24486 DEBUG    [tempest.scenario.manager] Console output for f579da94-f732-4ddc-b9eb-786538261c8c
body=
[    0.000000] Initializing cgroup subsys cpuset
[    0.000000] Initializing cgroup subsys cpu
[    0.000000] Linux version 3.2.0-80-virtual (buildd@batsu) (gcc version 4.6.3 (Ubuntu/Linaro 4.6.3-1ubuntu5) ) #116-Ubuntu SMP Mon Mar 23 17:28:52 UTC 2015 (Ubuntu 3.2.0-80.116-virtual 3.2.68)
[    0.000000] Command line: root=/dev/vda console=tty0 console=ttyS0 no_timer_check
[    0.000000] KERNEL supported cpus:
[    0.000000]   Intel GenuineIntel
[    0.000000]   AMD AuthenticAMD
[    0.000000]   Centaur CentaurHauls
[    0.000000] BIOS-provided physical RAM map:
[    0.000000]  BIOS-e820: 0000000000000000 - 000000000009fc00 (usable)
[    0.000000]  BIOS-e820: 000000000009fc00 - 00000000000a0000 (reserved)
[    0.000000]  BIOS-e820: 00000000000f0000 - 0000000000100000 (reserved)
[    0.000000]  BIOS-e820: 0000000000100000 - 0000000003ffe000 (usable)
[    0.000000]  BIOS-e820: 0000000003ffe000 - 0000000004000000 (reserved)
[    0.000000]  BIOS-e820: 00000000fffc0000 - 0000000100000000 (reserved)
[    0.000000] NX (Execute Disable) protection: active
[    0.000000] SMBIOS 2.4 present.
[    0.000000] No AGP bridge found
[    0.000000] last_pfn = 0x3ffe max_arch_pfn = 0x400000000
[    0.000000] x86 PAT enabled: cpu 0, old 0x7040600070406, new 0x7010600070106
[    0.000000] found SMP MP-table at [ffff8800000f0b00] f0b00
[    0.000000] init_memory_mapping: 0000000000000000-0000000003ffe000
[    0.000000] RAMDISK: 03c5e000 - 03ff0000
[    0.000000] ACPI: RSDP 00000000000f0950 00014 (v00 BOCHS )
[    0.000000] ACPI: RSDT 0000000003fffbc1 00034 (v01 BOCHS  BXPCRSDT 00000001 BXPC 00000001)
[    0.000000] ACPI: FACP 0000000003fff1c0 00074 (v01 BOCHS  BXPCFACP 00000001 BXPC 00000001)
[    0.000000] ACPI: DSDT 0000000003ffe040 01180 (v01 BOCHS  BXPCDSDT 00000001 BXPC 00000001)
[    0.000000] ACPI: FACS 0000000003ffe000 00040
[    0.000000] ACPI: SSDT 0000000003fff234 008DD (v01 BOCHS  BXPCSSDT 00000001 BXPC 00000001)
[    0.000000] ACPI: APIC 0000000003fffb11 00078 (v01 BOCHS  BXPCAPIC 00000001 BXPC 00000001)
[    0.000000] ACPI: HPET 0000000003fffb89 00038 (v01 BOCHS  BXPCHPET 00000001 BXPC 00000001)
[    0.000000] No NUMA configuration found
[    0.000000] Faking a node at 0000000000000000-0000000003ffe000
[    0.000000] Initmem setup node 0 0000000000000000-0000000003ffe000
[    0.000000]   NODE_DATA [0000000003ff6000 - 0000000003ffafff]
[    0.000000] Zone PFN ranges:
[    0.000000]   DMA      0x00000010 -&gt; 0x00001000
[    0.000000]   DMA32    0x00001000 -&gt; 0x00100000
[    0.000000]   Normal   empty
[    0.000000] Movable zone start PFN for each node
[    0.000000] early_node_map[2] active PFN ranges
[    0.000000]     0: 0x00000010 -&gt; 0x0000009f
[    0.000000]     0: 0x00000100 -&gt; 0x00003ffe
[    0.000000] ACPI: PM-Timer IO Port: 0xb008
[    0.000000] ACPI: LAPIC (acpi_id[0x00] lapic_id[0x00] enabled)
[    0.000000] ACPI: LAPIC_NMI (acpi_id[0xff] dfl dfl lint[0x1])
[    0.000000] ACPI: IOAPIC (id[0x00] address[0xfec00000] gsi_base[0])
[    0.000000] IOAPIC[0]: apic_id 0, version 17, address 0xfec00000, GSI 0-23
[    0.000000] ACPI: INT_SRC_OVR (bus 0 bus_irq 0 global_irq 2 dfl dfl)
[    0.000000] ACPI: INT_SRC_OVR (bus 0 bus_irq 5 global_irq 5 high level)
[    0.000000] ACPI: INT_SRC_OVR (bus 0 bus_irq 9 global_irq 9 high level)
[    0.000000] ACPI: INT_SRC_OVR (bus 0 bus_irq 10 global_irq 10 high level)
[    0.000000] ACPI: INT_SRC_OVR (bus 0 bus_irq 11 global_irq 11 high level)
[    0.000000] Using ACPI (MADT) for SMP configuration information
[    0.000000] ACPI: HPET id: 0x8086a201 base: 0xfed00000
[    0.000000] SMP: Allowing 1 CPUs, 0 hotplug CPUs
[    0.000000] PM: Registered nosave memory: 000000000009f000 - 00000000000a0000
[    0.000000] PM: Registered nosave memory: 00000000000a0000 - 00000000000f0000
[    0.000000] PM: Registered nosave memory: 00000000000f0000 - 0000000000100000
[    0.000000] Allocating PCI resources starting at 4000000 (gap: 4000000:fbfc0000)
[    0.000000] Booting paravirtualized kernel on bare hardware
[    0.000000] setup_percpu: NR_CPUS:64 nr_cpumask_bits:64 nr_cpu_ids:1 nr_node_ids:1
[    0.000000] PERCPU: Embedded 27 pages/cpu @ffff880003a00000 s78848 r8192 d23552 u2097152
[    0.000000] Built 1 zonelists in Node order, mobility grouping on.  Total pages: 16008
[    0.000000] Policy zone: DMA32
[    0.000000] Kernel command line: root=/dev/vda console=tty0 console=ttyS0 no_timer_check
[    0.000000] PID hash table entries: 256 (order: -1, 2048 bytes)
[    0.000000] Checking aperture...
[    0.000000] No AGP bridge found
[    0.000000] Memory: 43492k/65528k available (6576k kernel code, 452k absent, 21584k reserved, 6620k data, 928k init)
[    0.000000] SLUB: Genslabs=15, HWalign=64, Order=0-3, MinObjects=0, CPUs=1, Nodes=1
[    0.000000] Hierarchical RCU implementation.
[    0.000000] 	RCU dyntick-idle grace-period acceleration is enabled.
[    0.000000] NR_IRQS:4352 nr_irqs:256 16
[    0.000000] Console: colour VGA+ 80x25
[    0.000000] console [tty0] enabled
[    0.000000] console [ttyS0] enabled
[    0.000000] allocated 1048576 bytes of page_cgroup
[    0.000000] please try 'cgroup_disable=memory' option if you don't want memory cgroups
[    0.000000] Fast TSC calibration failed
[    0.000000] TSC: Unable to calibrate against PIT
[    0.000000] TSC: using HPET reference calibration
[    0.000000] Detected 2292.952 MHz processor.
[    0.024576] Calibrating delay loop (skipped), value calculated using timer frequency.. 4585.90 BogoMIPS (lpj=9171808)
[    0.028718] pid_max: default: 32768 minimum: 301
[    0.037714] Security Framework initialized
[    0.042845] AppArmor: AppArmor initialized
[    0.043425] Yama: becoming mindful.
[    0.050637] Dentry cache hash table entries: 8192 (order: 4, 65536 bytes)
[    0.052063] Inode-cache hash table entries: 4096 (order: 3, 32768 bytes)
[    0.054375] Mount-cache hash table entries: 256
[    0.070238] Initializing cgroup subsys cpuacct
[    0.071121] Initializing cgroup subsys memory
[    0.073207] Initializing cgroup subsys devices
[    0.074575] Initializing cgroup subsys freezer
[    0.076357] Initializing cgroup subsys blkio
[    0.077164] Initializing cgroup subsys perf_event
[    0.082526] mce: CPU supports 10 MCE banks
[    0.085988] SMP alternatives: switching to UP code
[    0.502196] Freeing SMP alternatives: 24k freed
[    0.504618] ACPI: Core revision 20110623
[    0.556304] ftrace: allocating 26610 entries in 105 pages
[    0.588036] ..TIMER: vector=0x30 apic1=0 pin1=2 apic2=-1 pin2=-1
[    0.588154] CPU0: AMD QEMU Virtual CPU version 2.0.0 stepping 03
[    0.596036] Performance Events: Broken PMU hardware detected, using software events only.
[    0.604037] NMI watchdog disabled (cpu0): hardware events not enabled
[    0.604732] Brought up 1 CPUs
[    0.605292] Total of 1 processors activated (4585.90 BogoMIPS).
[    0.629800] devtmpfs: initialized
[    0.669475] EVM: security.selinux
[    0.669965] EVM: security.SMACK64
[    0.670449] EVM: security.capability
[    0.690782] print_constraints: dummy: 
[    0.693165] RTC time: 23:40:32, date: 12/08/15
[    0.695448] NET: Registered protocol family 16
[    0.702685] ACPI: bus type pci registered
[    0.706301] PCI: Using configuration type 1 for base access
[    0.750125] bio: create slab &lt;bio-0&gt; at 0
[    0.754685] ACPI: Added _OSI(Module Device)
[    0.756129] ACPI: Added _OSI(Processor Device)
[    0.756817] ACPI: Added _OSI(3.0 _SCP Extensions)
[    0.757381] ACPI: Added _OSI(Processor Aggregator Device)
[    0.840661] ACPI: Interpreter enabled
[    0.841227] ACPI: (supports S0 S3 S4 S5)
[    0.844207] ACPI: Using IOAPIC for interrupt routing
[    0.927086] ACPI: No dock devices found.
[    0.928209] HEST: Table not found.
[    0.928888] PCI: Using host bridge windows from ACPI; if necessary, use "pci=nocrs" and report a bug
[    0.936644] ACPI: PCI Root Bridge [PCI0] (domain 0000 [bus 00-ff])
[    0.942242] pci_root PNP0A03:00: host bridge window [io  0x0000-0x0cf7]
[    0.943070] pci_root PNP0A03:00: host bridge window [io  0x0d00-0xadff]
[    0.944102] pci_root PNP0A03:00: host bridge window [io  0xae0f-0xaeff]
[    0.944951] pci_root PNP0A03:00: host bridge window [io  0xaf20-0xafdf]
[    0.945756] pci_root PNP0A03:00: host bridge window [io  0xafe4-0xffff]
[    0.946436] pci_root PNP0A03:00: host bridge window [mem 0x000a0000-0x000bffff]
[    0.948109] pci_root PNP0A03:00: host bridge window [mem 0x04000000-0xfebfffff]
[    0.969093] pci 0000:00:01.3: quirk: [io  0xb000-0xb03f] claimed by PIIX4 ACPI
[    0.970837] pci 0000:00:01.3: quirk: [io  0xb100-0xb10f] claimed by PIIX4 SMB
[    1.045299]  pci0000:00: Unable to request _OSC control (_OSC support mask: 0x1e)
[    1.112984] ACPI: PCI Interrupt Link [LNKA] (IRQs 5 *10 11)
[    1.115021] ACPI: PCI Interrupt Link [LNKB] (IRQs 5 *10 11)
[    1.117400] ACPI: PCI Interrupt Link [LNKC] (IRQs 5 10 *11)
[    1.118941] ACPI: PCI Interrupt Link [LNKD] (IRQs 5 10 *11)
[    1.120824] ACPI: PCI Interrupt Link [LNKS] (IRQs *9)
[    1.126613] vgaarb: device added: PCI:0000:00:02.0,decodes=io+mem,owns=io+mem,locks=none
[    1.128198] vgaarb: loaded
[    1.128615] vgaarb: bridge control possible 0000:00:02.0
[    1.132251] i2c-core: driver [aat2870] using legacy suspend method
[    1.133141] i2c-core: driver [aat2870] using legacy resume method
[    1.136143] SCSI subsystem initialized
[    1.138898] usbcore: registered new interface driver usbfs
[    1.140692] usbcore: registered new interface driver hub
[    1.141953] usbcore: registered new device driver usb
[    1.146208] PCI: Using ACPI for IRQ routing
[    1.158109] NetLabel: Initializing
[    1.158539] NetLabel:  domain hash size = 128
[    1.159041] NetLabel:  protocols = UNLABELED CIPSOv4
[    1.161407] NetLabel:  unlabeled traffic allowed by default
[    1.164196] HPET: 3 timers in total, 0 timers will be used for per-cpu timer
[    1.165254] hpet0: at MMIO 0xfed00000, IRQs 2, 8, 0
[    1.166029] hpet0: 3 comparators, 64-bit 100.000000 MHz counter
[    1.178316] Switching to clocksource hpet
[    1.418805] AppArmor: AppArmor Filesystem Enabled
[    1.420034] pnp: PnP ACPI init
[    1.421498] ACPI: bus type pnp registered
[    1.441861] pnp: PnP ACPI: found 9 devices
[    1.442383] ACPI: ACPI bus type pnp unregistered
[    1.503751] NET: Registered protocol family 2
[    1.539566] IP route cache hash table entries: 512 (order: 0, 4096 bytes)
[    1.547181] TCP established hash table entries: 2048 (order: 3, 32768 bytes)
[    1.548093] TCP bind hash table entries: 2048 (order: 3, 32768 bytes)
[    1.550325] TCP: Hash tables configured (established 2048 bind 2048)
[    1.551287] TCP reno registered
[    1.551776] UDP hash table entries: 128 (order: 0, 4096 bytes)
[    1.553236] UDP-Lite hash table entries: 128 (order: 0, 4096 bytes)
[    1.556969] NET: Registered protocol family 1
[    1.557751] pci 0000:00:00.0: Limiting direct PCI/PCI transfers
[    1.558529] pci 0000:00:01.0: PIIX3: Enabling Passive Release
[    1.559245] pci 0000:00:01.0: Activating ISA DMA hang workarounds
[    1.563655] ACPI: PCI Interrupt Link [LNKD] enabled at IRQ 11
[    1.566245] pci 0000:00:01.2: PCI INT D -&gt; Link[LNKD] -&gt; GSI 11 (level, high) -&gt; IRQ 11
[    1.567625] pci 0000:00:01.2: PCI INT D disabled
[    1.587590] Trying to unpack rootfs image as initramfs...
[    1.605392] audit: initializing netlink socket (disabled)
[    1.606912] type=2000 audit(1449618032.604:1): initialized
[    1.919638] HugeTLB registered 2 MB page size, pre-allocated 0 pages
[    2.003599] VFS: Disk quotas dquot_6.5.2
[    2.006198] Dquot-cache hash table entries: 512 (order 0, 4096 bytes)
[    2.023209] fuse init (API version 7.17)
[    2.026560] msgmni has been set to 84
[    2.068105] Block layer SCSI generic (bsg) driver version 0.4 loaded (major 253)
[    2.081527] io scheduler noop registered
[    2.081971] io scheduler deadline registered (default)
[    2.083257] io scheduler cfq registered
[    2.087092] pci_hotplug: PCI Hot Plug PCI Core version: 0.5
[    2.089605] pciehp: PCI Express Hot Plug Controller Driver version: 0.4
[    2.095134] input: Power Button as /devices/LNXSYSTM:00/LNXPWRBN:00/input/input0
[    2.097502] ACPI: Power Button [PWRF]
[    2.154942] ERST: Table is not found!
[    2.155439] GHES: HEST is not enabled!
[    2.169048] ACPI: PCI Interrupt Link [LNKC] enabled at IRQ 10
[    2.169723] virtio-pci 0000:00:03.0: PCI INT A -&gt; Link[LNKC] -&gt; GSI 10 (level, high) -&gt; IRQ 10
[    2.173655] virtio-pci 0000:00:04.0: PCI INT A -&gt; Link[LNKD] -&gt; GSI 11 (level, high) -&gt; IRQ 11
[    2.187825] ACPI: PCI Interrupt Link [LNKA] enabled at IRQ 10
[    2.189356] virtio-pci 0000:00:05.0: PCI INT A -&gt; Link[LNKA] -&gt; GSI 10 (level, high) -&gt; IRQ 10
[    2.197786] Serial: 8250/16550 driver, 32 ports, IRQ sharing enabled
[    2.249340] serial8250: ttyS0 at I/O 0x3f8 (irq = 4) is a 16550A
[    2.337766] serial8250: ttyS1 at I/O 0x2f8 (irq = 3) is a 16550A
[    2.462770] 00:05: ttyS0 at I/O 0x3f8 (irq = 4) is a 16550A
[    2.536524] 00:06: ttyS1 at I/O 0x2f8 (irq = 3) is a 16550A
[    2.573630] Refined TSC clocksource calibration: 2293.062 MHz.
[    2.574436] Switching to clocksource tsc
[    2.591384] Linux agpgart interface v0.103
[    2.654608] brd: module loaded
[    2.683503] loop: module loaded
[    2.732084]  vda: unknown partition table
[    2.809775] scsi0 : ata_piix
[    2.814051] scsi1 : ata_piix
[    2.815230] ata1: PATA max MWDMA2 cmd 0x1f0 ctl 0x3f6 bmdma 0xc0a0 irq 14
[    2.817494] ata2: PATA max MWDMA2 cmd 0x170 ctl 0x376 bmdma 0xc0a8 irq 15
[    2.827607] Fixed MDIO Bus: probed
[    2.829246] tun: Universal TUN/TAP device driver, 1.6
[    2.829933] tun: (C) 1999-2004 Max Krasnyansky &lt;maxk@qualcomm.com&gt;
[    2.843879] PPP generic driver version 2.4.2
[    2.877599] ehci_hcd: USB 2.0 'Enhanced' Host Controller (EHCI) Driver
[    2.878323] ohci_hcd: USB 1.1 'Open' Host Controller (OHCI) Driver
[    2.879201] uhci_hcd: USB Universal Host Controller Interface driver
[    2.880205] uhci_hcd 0000:00:01.2: PCI INT D -&gt; Link[LNKD] -&gt; GSI 11 (level, high) -&gt; IRQ 11
[    2.883842] uhci_hcd 0000:00:01.2: UHCI Host Controller
[    2.895195] uhci_hcd 0000:00:01.2: new USB bus registered, assigned bus number 1
[    2.897768] uhci_hcd 0000:00:01.2: irq 11, io base 0x0000c040
[    2.942828] hub 1-0:1.0: USB hub found
[    2.945180] hub 1-0:1.0: 2 ports detected
[    2.952882] usbcore: registered new interface driver libusual
[    2.955978] i8042: PNP: PS/2 Controller [PNP0303:KBD,PNP0f13:MOU] at 0x60,0x64 irq 1,12
[    2.964889] serio: i8042 KBD port at 0x60,0x64 irq 1
[    2.966873] serio: i8042 AUX port at 0x60,0x64 irq 12
[    3.000957] mousedev: PS/2 mouse device common for all mice
[    3.050090] input: AT Translated Set 2 keyboard as /devices/platform/i8042/serio0/input/input1
[    3.060940] rtc_cmos 00:01: RTC can wake from S4
[    3.068156] ata2.01: ATAPI: QEMU DVD-ROM, 2.0.0, max UDMA/100
[    3.073111] rtc_cmos 00:01: rtc core: registered rtc_cmos as rtc0
[    3.078845] rtc0: alarms up to one day, 114 bytes nvram, hpet irqs
[    3.083075] device-mapper: uevent: version 1.0.3
[    3.108174] device-mapper: ioctl: 4.22.0-ioctl (2011-10-19) initialised: dm-devel@redhat.com
[    3.111307] cpuidle: using governor ladder
[    3.111990] cpuidle: using governor menu
[    3.114317] EFI Variables Facility v0.08 2004-May-17
[    3.127053] TCP cubic registered
[    3.132941] NET: Registered protocol family 10
[    3.177139] NET: Registered protocol family 17
[    3.177773] Registering the dns_resolver key type
[    3.183239] ata2.01: configured for MWDMA2
[    3.213104] scsi 1:0:1:0: CD-ROM            QEMU     QEMU DVD-ROM     2.0. PQ: 0 ANSI: 5
[    3.241445] sr0: scsi3-mmc drive: 4x/4x cd/rw xa/form2 tray
[    3.246270] cdrom: Uniform CD-ROM driver Revision: 3.20
[    3.270551] sr 1:0:1:0: Attached scsi generic sg0 type 5
[    3.323979] registered taskstats version 1
[    3.391769] Freeing initrd memory: 3656k freed
[    3.898883]   Magic number: 11:212:706
[    3.913750] rtc_cmos 00:01: setting system clock to 2015-12-08 23:40:35 UTC (1449618035)
[    3.918773] powernow-k8: Processor cpuid 663 not supported
[    3.927533] BIOS EDD facility v0.16 2004-Jun-25, 0 devices found
[    3.928757] EDD information not available.
[    4.019953] Freeing unused kernel memory: 928k freed
[    4.030528] Write protecting the kernel read-only data: 12288k
[    4.155071] Freeing unused kernel memory: 1596k freed
[    4.233240] Freeing unused kernel memory: 1184k freed

info: initramfs: up at 4.39
modprobe: module virtio_blk not found in modules.dep
modprobe: module virtio_net not found in modules.dep
info: copying initramfs to /dev/vda
info: initramfs loading root from /dev/vda
info: /etc/init.d/rc.sysinit: up at 9.16
info: container: none
Starting logging: OK
modprobe: module virtio_blk not found in modules.dep
modprobe: module virtio_net not found in modules.dep
WARN: /etc/rc3.d/S10-load-modules failed
Initializing random number generator... done.
Starting acpid: OK
cirros-ds 'local' up at 11.57
found datasource (configdrive, local)
Starting network...
udhcpc (v1.20.1) started
Sending discover...
Sending discover...

2015-12-08 23:42:32,290 24486 INFO     [tempest_lib.common.rest_client] Request (TestNetworkBasicOps:_run_cleanups): 204 DELETE http://10.0.2.15:9696/v2.0/floatingips/34929005-b03e-4067-9d6e-54235515cf55 0.382s
2015-12-08 23:42:32,290 24486 DEBUG    [tempest_lib.common.rest_client] Request - Headers: {'Content-Type': 'application/json', 'Accept': 'application/json', 'X-Auth-Token': '&lt;omitted&gt;'}
        Body: None
    Response - Headers: {'date': 'Tue, 08 Dec 2015 23:42:32 GMT', 'status': '204', 'connection': 'close', 'content-length': '0', 'x-openstack-request-id': 'req-da815a77-33f3-4127-a63f-525bb90986e0'}
        Body: 
2015-12-08 23:42:32,506 24486 INFO     [tempest_lib.common.rest_client] Request (TestNetworkBasicOps:_run_cleanups): 204 DELETE http://10.0.2.15:8774/v2.1/956ad621ad4b4be597518944325aa089/servers/f579da94-f732-4ddc-b9eb-786538261c8c 0.215s
2015-12-08 23:42:32,507 24486 DEBUG    [tempest_lib.common.rest_client] Request - Headers: {'Content-Type': 'application/json', 'Accept': 'application/json', 'X-Auth-Token': '&lt;omitted&gt;'}
        Body: None
    Response - Headers: {'status': '204', 'content-length': '0', 'x-compute-request-id': 'req-094dd3f4-ec5a-4a24-a8fa-8e1e5554d9f0', 'vary': 'X-OpenStack-Nova-API-Version', 'connection': 'close', 'x-openstack-nova-api-version': '2.1', 'date': 'Tue, 08 Dec 2015 23:42:32 GMT', 'content-type': 'application/json'}
        Body: 
2015-12-08 23:42:32,710 24486 INFO     [tempest_lib.common.rest_client] Request (TestNetworkBasicOps:_run_cleanups): 200 GET http://10.0.2.15:8774/v2.1/956ad621ad4b4be597518944325aa089/servers/f579da94-f732-4ddc-b9eb-786538261c8c 0.202s
2015-12-08 23:42:32,711 24486 DEBUG    [tempest_lib.common.rest_client] Request - Headers: {'Content-Type': 'application/json', 'Accept': 'application/json', 'X-Auth-Token': '&lt;omitted&gt;'}
        Body: None
    Response - Headers: {'status': '200', 'content-length': '1774', 'content-location': 'http://10.0.2.15:8774/v2.1/956ad621ad4b4be597518944325aa089/servers/f579da94-f732-4ddc-b9eb-786538261c8c', 'x-compute-request-id': 'req-8eb028b3-0161-41cc-a047-1f9a98bcaeb2', 'vary': 'X-OpenStack-Nova-API-Version', 'connection': 'close', 'x-openstack-nova-api-version': '2.1', 'date': 'Tue, 08 Dec 2015 23:42:32 GMT', 'content-type': 'application/json'}
        Body: {"server": {"status": "ACTIVE", "updated": "2015-12-08T23:42:32Z", "hostId": "4e697313d34c30f1154ef68b9507fc7575b0c8ae61fe911c6a008720", "addresses": {"tempest-network-smoke--319770083": [{"OS-EXT-IPS-MAC:mac_addr": "fa:16:3e:66:b5:b7", "version": 4, "addr": "10.100.0.3", "OS-EXT-IPS:type": "fixed"}, {"OS-EXT-IPS-MAC:mac_addr": "fa:16:3e:66:b5:b7", "version": 4, "addr": "172.24.4.4", "OS-EXT-IPS:type": "floating"}]}, "links": [{"href": "http://10.0.2.15:8774/v2.1/956ad621ad4b4be597518944325aa089/servers/f579da94-f732-4ddc-b9eb-786538261c8c", "rel": "self"}, {"href": "http://10.0.2.15:8774/956ad621ad4b4be597518944325aa089/servers/f579da94-f732-4ddc-b9eb-786538261c8c", "rel": "bookmark"}], "key_name": "tempest-TestNetworkBasicOps-805695226", "image": {"id": "8c7eff37-ebbc-4d61-a7d7-0c927a42d72f", "links": [{"href": "http://10.0.2.15:8774/956ad621ad4b4be597518944325aa089/images/8c7eff37-ebbc-4d61-a7d7-0c927a42d72f", "rel": "bookmark"}]}, "OS-EXT-STS:task_state": "deleting", "OS-EXT-STS:vm_state": "active", "OS-SRV-USG:launched_at": "2015-12-08T23:40:28.000000", "flavor": {"id": "42", "links": [{"href": "http://10.0.2.15:8774/956ad621ad4b4be597518944325aa089/flavors/42", "rel": "bookmark"}]}, "id": "f579da94-f732-4ddc-b9eb-786538261c8c", "security_groups": [{"name": "tempest-secgroup-smoke-1445534047"}], "OS-SRV-USG:terminated_at": null, "OS-EXT-AZ:availability_zone": "nova", "user_id": "b5c26b8e110246be88e32f9d99b75a11", "name": "tempest.common.compute-instance-131431381", "created": "2015-12-08T23:40:25Z", "tenant_id": "956ad621ad4b4be597518944325aa089", "OS-DCF:diskConfig": "MANUAL", "os-extended-volumes:volumes_attached": [], "accessIPv4": "", "accessIPv6": "", "progress": 0, "OS-EXT-STS:power_state": 1, "config_drive": "True", "metadata": {}}}
2015-12-08 23:42:33,868 24486 INFO     [tempest_lib.common.rest_client] Request (TestNetworkBasicOps:_run_cleanups): 200 GET http://10.0.2.15:8774/v2.1/956ad621ad4b4be597518944325aa089/servers/f579da94-f732-4ddc-b9eb-786538261c8c 0.142s
2015-12-08 23:42:33,869 24486 DEBUG    [tempest_lib.common.rest_client] Request - Headers: {'Content-Type': 'application/json', 'Accept': 'application/json', 'X-Auth-Token': '&lt;omitted&gt;'}
        Body: None
    Response - Headers: {'status': '200', 'content-length': '1706', 'content-location': 'http://10.0.2.15:8774/v2.1/956ad621ad4b4be597518944325aa089/servers/f579da94-f732-4ddc-b9eb-786538261c8c', 'x-compute-request-id': 'req-39213d7c-40e0-447c-81a8-c0144fb27434', 'vary': 'X-OpenStack-Nova-API-Version', 'connection': 'close', 'x-openstack-nova-api-version': '2.1', 'date': 'Tue, 08 Dec 2015 23:42:33 GMT', 'content-type': 'application/json'}
        Body: {"server": {"status": "ACTIVE", "updated": "2015-12-08T23:42:33Z", "hostId": "4e697313d34c30f1154ef68b9507fc7575b0c8ae61fe911c6a008720", "addresses": {"tempest-network-smoke--319770083": [{"OS-EXT-IPS-MAC:mac_addr": "fa:16:3e:66:b5:b7", "version": 4, "addr": "10.100.0.3", "OS-EXT-IPS:type": "fixed"}, {"OS-EXT-IPS-MAC:mac_addr": "fa:16:3e:66:b5:b7", "version": 4, "addr": "172.24.4.4", "OS-EXT-IPS:type": "floating"}]}, "links": [{"href": "http://10.0.2.15:8774/v2.1/956ad621ad4b4be597518944325aa089/servers/f579da94-f732-4ddc-b9eb-786538261c8c", "rel": "self"}, {"href": "http://10.0.2.15:8774/956ad621ad4b4be597518944325aa089/servers/f579da94-f732-4ddc-b9eb-786538261c8c", "rel": "bookmark"}], "key_name": "tempest-TestNetworkBasicOps-805695226", "image": {"id": "8c7eff37-ebbc-4d61-a7d7-0c927a42d72f", "links": [{"href": "http://10.0.2.15:8774/956ad621ad4b4be597518944325aa089/images/8c7eff37-ebbc-4d61-a7d7-0c927a42d72f", "rel": "bookmark"}]}, "OS-EXT-STS:task_state": "deleting", "OS-EXT-STS:vm_state": "active", "OS-SRV-USG:launched_at": "2015-12-08T23:40:28.000000", "flavor": {"id": "42", "links": [{"href": "http://10.0.2.15:8774/956ad621ad4b4be597518944325aa089/flavors/42", "rel": "bookmark"}]}, "id": "f579da94-f732-4ddc-b9eb-786538261c8c", "OS-SRV-USG:terminated_at": null, "OS-EXT-AZ:availability_zone": "nova", "user_id": "b5c26b8e110246be88e32f9d99b75a11", "name": "tempest.common.compute-instance-131431381", "created": "2015-12-08T23:40:25Z", "tenant_id": "956ad621ad4b4be597518944325aa089", "OS-DCF:diskConfig": "MANUAL", "os-extended-volumes:volumes_attached": [], "accessIPv4": "", "accessIPv6": "", "progress": 0, "OS-EXT-STS:power_state": 1, "config_drive": "True", "metadata": {}}}
2015-12-08 23:42:34,971 24486 INFO     [tempest_lib.common.rest_client] Request (TestNetworkBasicOps:_run_cleanups): 404 GET http://10.0.2.15:8774/v2.1/956ad621ad4b4be597518944325aa089/servers/f579da94-f732-4ddc-b9eb-786538261c8c 0.092s
2015-12-08 23:42:34,971 24486 DEBUG    [tempest_lib.common.rest_client] Request - Headers: {'Content-Type': 'application/json', 'Accept': 'application/json', 'X-Auth-Token': '&lt;omitted&gt;'}
        Body: None
    Response - Headers: {'status': '404', 'content-length': '111', 'x-compute-request-id': 'req-604be09a-53c7-420e-b981-58aacf4044df', 'vary': 'X-OpenStack-Nova-API-Version', 'connection': 'close', 'x-openstack-nova-api-version': '2.1', 'date': 'Tue, 08 Dec 2015 23:42:34 GMT', 'content-type': 'application/json; charset=UTF-8'}
        Body: {"itemNotFound": {"message": "Instance f579da94-f732-4ddc-b9eb-786538261c8c could not be found.", "code": 404}}
2015-12-08 23:42:34,992 24486 INFO     [tempest_lib.common.rest_client] Request (TestNetworkBasicOps:_run_cleanups): 202 DELETE http://10.0.2.15:8774/v2.1/956ad621ad4b4be597518944325aa089/os-keypairs/tempest-TestNetworkBasicOps-805695226 0.020s
2015-12-08 23:42:34,993 24486 DEBUG    [tempest_lib.common.rest_client] Request - Headers: {'Content-Type': 'application/json', 'Accept': 'application/json', 'X-Auth-Token': '&lt;omitted&gt;'}
        Body: None
    Response - Headers: {'status': '202', 'content-length': '0', 'x-compute-request-id': 'req-23622b7d-d590-46d1-9cf0-70642ccbec9d', 'vary': 'X-OpenStack-Nova-API-Version', 'connection': 'close', 'x-openstack-nova-api-version': '2.1', 'date': 'Tue, 08 Dec 2015 23:42:34 GMT', 'content-type': 'application/json'}
        Body: 
2015-12-08 23:42:35,436 24486 INFO     [tempest_lib.common.rest_client] Request (TestNetworkBasicOps:_run_cleanups): 200 PUT http://10.0.2.15:9696/v2.0/routers/99cf5dd3-db27-4ca6-93c4-0ab5490257ad/remove_router_interface 0.442s
2015-12-08 23:42:35,437 24486 DEBUG    [tempest_lib.common.rest_client] Request - Headers: {'Content-Type': 'application/json', 'Accept': 'application/json', 'X-Auth-Token': '&lt;omitted&gt;'}
        Body: {"subnet_id": "a5137334-b7d7-41cc-9165-c0f7f3791888"}
    Response - Headers: {'status': '200', 'content-length': '255', 'connection': 'close', 'date': 'Tue, 08 Dec 2015 23:42:35 GMT', 'content-type': 'application/json; charset=UTF-8', 'x-openstack-request-id': 'req-58dcc99e-5a96-40c1-9026-e326eb587a5a'}
        Body: {"subnet_id": "a5137334-b7d7-41cc-9165-c0f7f3791888", "tenant_id": "956ad621ad4b4be597518944325aa089", "subnet_ids": ["a5137334-b7d7-41cc-9165-c0f7f3791888"], "port_id": "79819697-6a24-42f0-8df0-d2220e8848e3", "id": "99cf5dd3-db27-4ca6-93c4-0ab5490257ad"}
2015-12-08 23:42:35,962 24486 INFO     [tempest_lib.common.rest_client] Request (TestNetworkBasicOps:_run_cleanups): 204 DELETE http://10.0.2.15:9696/v2.0/subnets/a5137334-b7d7-41cc-9165-c0f7f3791888 0.524s
2015-12-08 23:42:35,963 24486 DEBUG    [tempest_lib.common.rest_client] Request - Headers: {'Content-Type': 'application/json', 'Accept': 'application/json', 'X-Auth-Token': '&lt;omitted&gt;'}
        Body: None
    Response - Headers: {'date': 'Tue, 08 Dec 2015 23:42:35 GMT', 'status': '204', 'connection': 'close', 'content-length': '0', 'x-openstack-request-id': 'req-52e4ada7-fd2b-4d38-9d5d-9bb79c0ea8cb'}
        Body: 
2015-12-08 23:42:36,012 24486 INFO     [tempest_lib.common.rest_client] Request (TestNetworkBasicOps:_run_cleanups): 200 GET http://10.0.2.15:9696/v2.0/routers/99cf5dd3-db27-4ca6-93c4-0ab5490257ad 0.048s
2015-12-08 23:42:36,012 24486 DEBUG    [tempest_lib.common.rest_client] Request - Headers: {'Content-Type': 'application/json', 'Accept': 'application/json', 'X-Auth-Token': '&lt;omitted&gt;'}
        Body: None
    Response - Headers: {'status': '200', 'content-length': '564', 'content-location': 'http://10.0.2.15:9696/v2.0/routers/99cf5dd3-db27-4ca6-93c4-0ab5490257ad', 'connection': 'close', 'date': 'Tue, 08 Dec 2015 23:42:36 GMT', 'content-type': 'application/json; charset=UTF-8', 'x-openstack-request-id': 'req-168f374e-64d8-4008-8446-a6a9e1c1ec1f'}
        Body: {"router": {"status": "ACTIVE", "external_gateway_info": {"network_id": "2c40fc9a-b1f3-46ec-9750-4bcb771ba177", "enable_snat": true, "external_fixed_ips": [{"subnet_id": "c168f162-ff81-40c5-b598-5dd13cc1a9c0", "ip_address": "172.24.4.3"}, {"subnet_id": "d1f6b4ee-553e-4501-a4a6-cbd6a9c880dc", "ip_address": "2001:db8::4"}]}, "availability_zone_hints": [], "availability_zones": ["nova"], "name": "tempest-router-smoke-1916506448", "admin_state_up": true, "tenant_id": "956ad621ad4b4be597518944325aa089", "routes": [], "id": "99cf5dd3-db27-4ca6-93c4-0ab5490257ad"}}
2015-12-08 23:42:36,436 24486 INFO     [tempest_lib.common.rest_client] Request (TestNetworkBasicOps:_run_cleanups): 200 PUT http://10.0.2.15:9696/v2.0/routers/99cf5dd3-db27-4ca6-93c4-0ab5490257ad 0.422s
2015-12-08 23:42:36,436 24486 DEBUG    [tempest_lib.common.rest_client] Request - Headers: {'Content-Type': 'application/json', 'Accept': 'application/json', 'X-Auth-Token': '&lt;omitted&gt;'}
        Body: {"router": {"external_gateway_info": {}, "name": "tempest-router-smoke-1916506448", "admin_state_up": true}}
    Response - Headers: {'status': '200', 'content-length': '302', 'connection': 'close', 'date': 'Tue, 08 Dec 2015 23:42:36 GMT', 'content-type': 'application/json; charset=UTF-8', 'x-openstack-request-id': 'req-309132e6-01d6-4f5e-b90c-6490dea5d8c1'}
        Body: {"router": {"status": "ACTIVE", "external_gateway_info": null, "availability_zone_hints": [], "availability_zones": ["nova"], "name": "tempest-router-smoke-1916506448", "admin_state_up": true, "tenant_id": "956ad621ad4b4be597518944325aa089", "routes": [], "id": "99cf5dd3-db27-4ca6-93c4-0ab5490257ad"}}
2015-12-08 23:42:36,671 24486 INFO     [tempest_lib.common.rest_client] Request (TestNetworkBasicOps:_run_cleanups): 204 DELETE http://10.0.2.15:9696/v2.0/routers/99cf5dd3-db27-4ca6-93c4-0ab5490257ad 0.234s
2015-12-08 23:42:36,671 24486 DEBUG    [tempest_lib.common.rest_client] Request - Headers: {'Content-Type': 'application/json', 'Accept': 'application/json', 'X-Auth-Token': '&lt;omitted&gt;'}
        Body: None
    Response - Headers: {'date': 'Tue, 08 Dec 2015 23:42:36 GMT', 'status': '204', 'connection': 'close', 'content-length': '0', 'x-openstack-request-id': 'req-83b52700-fc2c-4dab-a00e-a968c9db07c5'}
        Body: 
2015-12-08 23:42:36,879 24486 INFO     [tempest_lib.common.rest_client] Request (TestNetworkBasicOps:_run_cleanups): 204 DELETE http://10.0.2.15:9696/v2.0/networks/a1f4f3f1-c6a3-44e9-8e57-00aa24b224b4 0.206s
2015-12-08 23:42:36,880 24486 DEBUG    [tempest_lib.common.rest_client] Request - Headers: {'Content-Type': 'application/json', 'Accept': 'application/json', 'X-Auth-Token': '&lt;omitted&gt;'}
        Body: None
    Response - Headers: {'date': 'Tue, 08 Dec 2015 23:42:36 GMT', 'status': '204', 'connection': 'close', 'content-length': '0', 'x-openstack-request-id': 'req-385313c3-d9ed-4e7a-9b0c-a357447603ec'}
        Body: 
2015-12-08 23:42:36,942 24486 INFO     [tempest_lib.common.rest_client] Request (TestNetworkBasicOps:_run_cleanups): 204 DELETE http://10.0.2.15:9696/v2.0/security-group-rules/a8189669-c2a2-49d2-a50f-013566260125 0.061s
2015-12-08 23:42:36,942 24486 DEBUG    [tempest_lib.common.rest_client] Request - Headers: {'Content-Type': 'application/json', 'Accept': 'application/json', 'X-Auth-Token': '&lt;omitted&gt;'}
        Body: None
    Response - Headers: {'date': 'Tue, 08 Dec 2015 23:42:36 GMT', 'status': '204', 'connection': 'close', 'content-length': '0', 'x-openstack-request-id': 'req-87cafc0e-b57f-49b8-a449-d5c4f5b5de5a'}
        Body: 
2015-12-08 23:42:37,005 24486 INFO     [tempest_lib.common.rest_client] Request (TestNetworkBasicOps:_run_cleanups): 204 DELETE http://10.0.2.15:9696/v2.0/security-group-rules/45d18720-6c4d-4861-910d-ccd7eaff799c 0.061s
2015-12-08 23:42:37,005 24486 DEBUG    [tempest_lib.common.rest_client] Request - Headers: {'Content-Type': 'application/json', 'Accept': 'application/json', 'X-Auth-Token': '&lt;omitted&gt;'}
        Body: None
    Response - Headers: {'date': 'Tue, 08 Dec 2015 23:42:37 GMT', 'status': '204', 'connection': 'close', 'content-length': '0', 'x-openstack-request-id': 'req-d90312b1-4073-4bad-8ebb-7e795df45d8c'}
        Body: 
2015-12-08 23:42:37,073 24486 INFO     [tempest_lib.common.rest_client] Request (TestNetworkBasicOps:_run_cleanups): 204 DELETE http://10.0.2.15:9696/v2.0/security-group-rules/e45fd2d1-3bf4-4edc-8121-3028da02c942 0.067s
2015-12-08 23:42:37,074 24486 DEBUG    [tempest_lib.common.rest_client] Request - Headers: {'Content-Type': 'application/json', 'Accept': 'application/json', 'X-Auth-Token': '&lt;omitted&gt;'}
        Body: None
    Response - Headers: {'date': 'Tue, 08 Dec 2015 23:42:37 GMT', 'status': '204', 'connection': 'close', 'content-length': '0', 'x-openstack-request-id': 'req-707e3d7f-6662-4859-9456-5bb61d26787f'}
        Body: 
2015-12-08 23:42:37,129 24486 INFO     [tempest_lib.common.rest_client] Request (TestNetworkBasicOps:_run_cleanups): 204 DELETE http://10.0.2.15:9696/v2.0/security-group-rules/d93f5b76-ff98-4741-bcb9-c3e2c188052e 0.055s
2015-12-08 23:42:37,129 24486 DEBUG    [tempest_lib.common.rest_client] Request - Headers: {'Content-Type': 'application/json', 'Accept': 'application/json', 'X-Auth-Token': '&lt;omitted&gt;'}
        Body: None
    Response - Headers: {'date': 'Tue, 08 Dec 2015 23:42:37 GMT', 'status': '204', 'connection': 'close', 'content-length': '0', 'x-openstack-request-id': 'req-88904503-0a1d-49ed-b76f-3e35de7a91ff'}
        Body: 
