<?xml version="1.0" encoding="UTF-8"?>
<!DOCTYPE html PUBLIC "-//W3C//DTD XHTML 1.0 Strict//EN"
     "http://www.w3.org/TR/xhtml1/DTD/xhtml1-strict.dtd">
<html xmlns="http://www.w3.org/1999/xhtml">
<head>
    <title>Unit Test Report</title>
    <meta name="generator" content="subunit2html 0.1"/>
    <meta http-equiv="Content-Type" content="text/html; charset=UTF-8"/>
    
<style type="text/css" media="screen">
body        { font-family: verdana, arial, helvetica, sans-serif;
    font-size: 80%; }
table       { font-size: 100%; width: 100%;}
pre         { font-size: 80%; }

/* -- heading -------------------------------------------------------------- */
h1 {
        font-size: 16pt;
        color: gray;
}
.heading {
    margin-top: 0ex;
    margin-bottom: 1ex;
}

.heading .attribute {
    margin-top: 1ex;
    margin-bottom: 0;
}

.heading .description {
    margin-top: 4ex;
    margin-bottom: 6ex;
}

/* -- css div popup -------------------------------------------------------- */
a.popup_link {
}

a.popup_link:hover {
    color: red;
}

.popup_window {
    display: none;
    overflow-x: scroll;
    /*border: solid #627173 1px; */
    padding: 10px;
    background-color: #E6E6D6;
    font-family: "Ubuntu Mono", "Lucida Console", "Courier New", monospace;
    text-align: left;
    font-size: 8pt;
}

}
/* -- report --------------------------------------------------------------- */
#show_detail_line {
    margin-top: 3ex;
    margin-bottom: 1ex;
}
#result_table {
    width: 100%;
    border-collapse: collapse;
    border: 1px solid #777;
}
#header_row {
    font-weight: bold;
    color: white;
    background-color: #777;
}
#result_table td {
    border: 1px solid #777;
    padding: 2px;
}
#total_row  { font-weight: bold; }
.passClass  { background-color: #6c6; }
.failClass  { background-color: #c60; }
.errorClass { background-color: #c00; }
.passCase   { color: #6c6; }
.failCase   { color: #c60; font-weight: bold; }
.errorCase  { color: #c00; font-weight: bold; }
.hiddenRow  { display: none; }
.testcase   { margin-left: 2em; }
td.testname {width: 40%}
td.small {width: 40px}

/* -- ending --------------------------------------------------------------- */
#ending {
}

</style>

</head>
<body>
<script language="javascript" type="text/javascript"><!--
output_list = Array();

/* level - 0:Summary; 1:Failed; 2:All */
function showCase(level) {
    trs = document.getElementsByTagName("tr");
    for (var i = 0; i < trs.length; i++) {
        tr = trs[i];
        id = tr.id;
        if (id.substr(0,2) == 'ft') {
            if (level < 1) {
                tr.className = 'hiddenRow';
            }
            else {
                tr.className = '';
            }
        }
        if (id.substr(0,2) == 'pt') {
            if (level > 1) {
                tr.className = '';
            }
            else {
                tr.className = 'hiddenRow';
            }
        }
    }
}


function showClassDetail(cid, count) {
    var id_list = Array(count);
    var toHide = 1;
    for (var i = 0; i < count; i++) {
        tid0 = 't' + cid.substr(1) + '.' + (i+1);
        tid = 'f' + tid0;
        tr = document.getElementById(tid);
        if (!tr) {
            tid = 'p' + tid0;
            tr = document.getElementById(tid);
        }
        id_list[i] = tid;
        if (tr.className) {
            toHide = 0;
        }
    }
    for (var i = 0; i < count; i++) {
        tid = id_list[i];
        if (toHide) {
            document.getElementById('div_'+tid).style.display = 'none'
            document.getElementById(tid).className = 'hiddenRow';
        }
        else {
            document.getElementById(tid).className = '';
        }
    }
}


function showTestDetail(div_id){
    var details_div = document.getElementById(div_id)
    var displayState = details_div.style.display
    // alert(displayState)
    if (displayState != 'block' ) {
        displayState = 'block'
        details_div.style.display = 'block'
    }
    else {
        details_div.style.display = 'none'
    }
}


function html_escape(s) {
    s = s.replace(/&/g,'&amp;');
    s = s.replace(/</g,'&lt;');
    s = s.replace(/>/g,'&gt;');
    return s;
}

/* obsoleted by detail in <div>
function showOutput(id, name) {
    var w = window.open("", //url
                    name,
                    "resizable,scrollbars,status,width=800,height=450");
    d = w.document;
    d.write("<pre>");
    d.write(html_escape(output_list[id]));
    d.write("\n");
    d.write("<a href='javascript:window.close()'>close</a>\n");
    d.write("</pre>\n");
    d.close();
}
*/
--></script>

<div class='heading'>
<h1>Unit Test Report</h1>

<p class='attribute'><strong>Status:</strong> Pass 1 Failure 7 Skip 1</p>

<p class='description'></p>
</div>



<p id='show_detail_line'>Show
<a href='javascript:showCase(0)'>Summary</a>
<a href='javascript:showCase(1)'>Failed</a>
<a href='javascript:showCase(2)'>All</a>
</p>
<table id='result_table'>
<colgroup>
<col align='left' />
<col align='right' />
<col align='right' />
<col align='right' />
<col align='right' />
<col align='right' />
<col align='right' />
<col align='right' />
</colgroup>
<tr id='header_row'>
    <td>Test Group/Test case</td>
    <td>Count</td>
    <td>Pass</td>
    <td>Fail</td>
    <td>Error</td>
    <td>Skip</td>
    <td>View</td>
    <td> </td>
</tr>

<tr class='failClass'>
    <td class="testname">tempest.scenario.test_network_basic_ops.TestNetworkBasicOps</td>
    <td class="small">9</td>
    <td class="small">1</td>
    <td class="small">7</td>
    <td class="small">0</td>
    <td class="small">1</td>
    <td class="small"><a href="javascript:showClassDetail('c1',9)"
>Detail</a></td>
    <td> </td>
</tr>

<tr id='ft1.1' class='none'>
    <td class='failCase'><div class='testcase'>test_connectivity_between_vms_on_different_networks[compute,id-1546850e-fbaa-42f5-8b5f-03d8a6a95f15,network]</div></td>
    <td colspan='7' align='left'>

    <!--css div popup start-->
    <a class="popup_link" onfocus='this.blur();'
    href="javascript:showTestDetail('div_ft1.1')" >
        fail</a>

    <div id='div_ft1.1' class="popup_window">
        <div style='text-align: right; color:red;cursor:pointer'>
        <a onfocus='this.blur();'
onclick="document.getElementById('div_ft1.1').style.display = 'none' " >
           [x]</a>
        </div>
        <pre>
        
ft1.1: tempest.scenario.test_network_basic_ops.TestNetworkBasicOps.test_connectivity_between_vms_on_different_networks[compute,id-1546850e-fbaa-42f5-8b5f-03d8a6a95f15,network]_StringException: Empty attachments:
  stderr
  stdout

pythonlogging:'': {{{
2015-12-22 04:05:41,385 21563 INFO     [tempest_lib.common.rest_client] Request (TestNetworkBasicOps:test_connectivity_between_vms_on_different_networks): 201 POST http://10.0.2.15:9696/v2.0/security-groups 0.388s
2015-12-22 04:05:41,386 21563 DEBUG    [tempest_lib.common.rest_client] Request - Headers: {'Content-Type': 'application/json', 'Accept': 'application/json', 'X-Auth-Token': '&lt;omitted&gt;'}
        Body: {"security_group": {"tenant_id": "c1ac4ceb1fbd4b5d85d7b22ec304c9d3", "description": "tempest-secgroup-smoke-487343815 description", "name": "tempest-secgroup-smoke-487343815"}}
    Response - Headers: {'status': '201', 'content-length': '886', 'connection': 'close', 'date': 'Tue, 22 Dec 2015 04:05:41 GMT', 'content-type': 'application/json; charset=UTF-8', 'x-openstack-request-id': 'req-286cd887-b28e-4818-b933-2462ff8a1cf6'}
        Body: {"security_group": {"tenant_id": "c1ac4ceb1fbd4b5d85d7b22ec304c9d3", "description": "tempest-secgroup-smoke-487343815 description", "id": "b2e29ff2-4f39-4784-800a-25720a4e23ad", "security_group_rules": [{"remote_group_id": null, "direction": "egress", "remote_ip_prefix": null, "protocol": null, "ethertype": "IPv4", "tenant_id": "c1ac4ceb1fbd4b5d85d7b22ec304c9d3", "port_range_max": null, "port_range_min": null, "id": "1de5b7f5-f271-4763-8961-4b571f0701cb", "security_group_id": "b2e29ff2-4f39-4784-800a-25720a4e23ad"}, {"remote_group_id": null, "direction": "egress", "remote_ip_prefix": null, "protocol": null, "ethertype": "IPv6", "tenant_id": "c1ac4ceb1fbd4b5d85d7b22ec304c9d3", "port_range_max": null, "port_range_min": null, "id": "2c399bdd-3065-433f-abf1-e1a4b393375b", "security_group_id": "b2e29ff2-4f39-4784-800a-25720a4e23ad"}], "name": "tempest-secgroup-smoke-487343815"}}
2015-12-22 04:05:41,514 21563 INFO     [tempest_lib.common.rest_client] Request (TestNetworkBasicOps:test_connectivity_between_vms_on_different_networks): 201 POST http://10.0.2.15:9696/v2.0/security-group-rules 0.128s
2015-12-22 04:05:41,515 21563 DEBUG    [tempest_lib.common.rest_client] Request - Headers: {'Content-Type': 'application/json', 'Accept': 'application/json', 'X-Auth-Token': '&lt;omitted&gt;'}
        Body: {"security_group_rule": {"direction": "ingress", "protocol": "tcp", "tenant_id": "c1ac4ceb1fbd4b5d85d7b22ec304c9d3", "port_range_max": 22, "security_group_id": "b2e29ff2-4f39-4784-800a-25720a4e23ad", "port_range_min": 22}}
    Response - Headers: {'status': '201', 'content-length': '340', 'connection': 'close', 'date': 'Tue, 22 Dec 2015 04:05:41 GMT', 'content-type': 'application/json; charset=UTF-8', 'x-openstack-request-id': 'req-a6bfb3d5-2cd9-4c61-bb8f-f62252a2eacc'}
        Body: {"security_group_rule": {"remote_group_id": null, "direction": "ingress", "remote_ip_prefix": null, "protocol": "tcp", "ethertype": "IPv4", "tenant_id": "c1ac4ceb1fbd4b5d85d7b22ec304c9d3", "port_range_max": 22, "port_range_min": 22, "id": "bb94d8fc-dc71-4230-926e-cf0c0e65e3dc", "security_group_id": "b2e29ff2-4f39-4784-800a-25720a4e23ad"}}
2015-12-22 04:05:41,637 21563 INFO     [tempest_lib.common.rest_client] Request (TestNetworkBasicOps:test_connectivity_between_vms_on_different_networks): 201 POST http://10.0.2.15:9696/v2.0/security-group-rules 0.121s
2015-12-22 04:05:41,638 21563 DEBUG    [tempest_lib.common.rest_client] Request - Headers: {'Content-Type': 'application/json', 'Accept': 'application/json', 'X-Auth-Token': '&lt;omitted&gt;'}
        Body: {"security_group_rule": {"direction": "egress", "protocol": "tcp", "tenant_id": "c1ac4ceb1fbd4b5d85d7b22ec304c9d3", "port_range_max": 22, "security_group_id": "b2e29ff2-4f39-4784-800a-25720a4e23ad", "port_range_min": 22}}
    Response - Headers: {'status': '201', 'content-length': '339', 'connection': 'close', 'date': 'Tue, 22 Dec 2015 04:05:41 GMT', 'content-type': 'application/json; charset=UTF-8', 'x-openstack-request-id': 'req-3f549281-4193-4e78-a34d-824aaa606944'}
        Body: {"security_group_rule": {"remote_group_id": null, "direction": "egress", "remote_ip_prefix": null, "protocol": "tcp", "ethertype": "IPv4", "tenant_id": "c1ac4ceb1fbd4b5d85d7b22ec304c9d3", "port_range_max": 22, "port_range_min": 22, "id": "a3bc43bb-b522-478d-b0bf-24c07564eefd", "security_group_id": "b2e29ff2-4f39-4784-800a-25720a4e23ad"}}
2015-12-22 04:05:41,767 21563 INFO     [tempest_lib.common.rest_client] Request (TestNetworkBasicOps:test_connectivity_between_vms_on_different_networks): 201 POST http://10.0.2.15:9696/v2.0/security-group-rules 0.128s
2015-12-22 04:05:41,768 21563 DEBUG    [tempest_lib.common.rest_client] Request - Headers: {'Content-Type': 'application/json', 'Accept': 'application/json', 'X-Auth-Token': '&lt;omitted&gt;'}
        Body: {"security_group_rule": {"tenant_id": "c1ac4ceb1fbd4b5d85d7b22ec304c9d3", "direction": "ingress", "protocol": "icmp", "security_group_id": "b2e29ff2-4f39-4784-800a-25720a4e23ad"}}
    Response - Headers: {'status': '201', 'content-length': '345', 'connection': 'close', 'date': 'Tue, 22 Dec 2015 04:05:41 GMT', 'content-type': 'application/json; charset=UTF-8', 'x-openstack-request-id': 'req-1ac0231c-b202-43b0-923b-ff81e542e2f1'}
        Body: {"security_group_rule": {"remote_group_id": null, "direction": "ingress", "remote_ip_prefix": null, "protocol": "icmp", "ethertype": "IPv4", "tenant_id": "c1ac4ceb1fbd4b5d85d7b22ec304c9d3", "port_range_max": null, "port_range_min": null, "id": "8e5aba85-580b-4770-890c-3e6d8645b950", "security_group_id": "b2e29ff2-4f39-4784-800a-25720a4e23ad"}}
2015-12-22 04:05:41,888 21563 INFO     [tempest_lib.common.rest_client] Request (TestNetworkBasicOps:test_connectivity_between_vms_on_different_networks): 201 POST http://10.0.2.15:9696/v2.0/security-group-rules 0.119s
2015-12-22 04:05:41,889 21563 DEBUG    [tempest_lib.common.rest_client] Request - Headers: {'Content-Type': 'application/json', 'Accept': 'application/json', 'X-Auth-Token': '&lt;omitted&gt;'}
        Body: {"security_group_rule": {"tenant_id": "c1ac4ceb1fbd4b5d85d7b22ec304c9d3", "direction": "egress", "protocol": "icmp", "security_group_id": "b2e29ff2-4f39-4784-800a-25720a4e23ad"}}
    Response - Headers: {'status': '201', 'content-length': '344', 'connection': 'close', 'date': 'Tue, 22 Dec 2015 04:05:41 GMT', 'content-type': 'application/json; charset=UTF-8', 'x-openstack-request-id': 'req-6e2fbd85-1d4a-4c89-8489-136c23f4f0b7'}
        Body: {"security_group_rule": {"remote_group_id": null, "direction": "egress", "remote_ip_prefix": null, "protocol": "icmp", "ethertype": "IPv4", "tenant_id": "c1ac4ceb1fbd4b5d85d7b22ec304c9d3", "port_range_max": null, "port_range_min": null, "id": "81816d69-2bec-450b-8522-9965c5434328", "security_group_id": "b2e29ff2-4f39-4784-800a-25720a4e23ad"}}
2015-12-22 04:05:42,018 21563 INFO     [tempest_lib.common.rest_client] Request (TestNetworkBasicOps:test_connectivity_between_vms_on_different_networks): 201 POST http://10.0.2.15:9696/v2.0/security-group-rules 0.128s
2015-12-22 04:05:42,019 21563 DEBUG    [tempest_lib.common.rest_client] Request - Headers: {'Content-Type': 'application/json', 'Accept': 'application/json', 'X-Auth-Token': '&lt;omitted&gt;'}
        Body: {"security_group_rule": {"tenant_id": "c1ac4ceb1fbd4b5d85d7b22ec304c9d3", "direction": "ingress", "security_group_id": "b2e29ff2-4f39-4784-800a-25720a4e23ad", "protocol": "icmp", "ethertype": "IPv6"}}
    Response - Headers: {'status': '201', 'content-length': '345', 'connection': 'close', 'date': 'Tue, 22 Dec 2015 04:05:42 GMT', 'content-type': 'application/json; charset=UTF-8', 'x-openstack-request-id': 'req-50495093-ebc6-44ff-bd24-4aa8894ece40'}
        Body: {"security_group_rule": {"remote_group_id": null, "direction": "ingress", "remote_ip_prefix": null, "protocol": "icmp", "ethertype": "IPv6", "tenant_id": "c1ac4ceb1fbd4b5d85d7b22ec304c9d3", "port_range_max": null, "port_range_min": null, "id": "9081ce28-04ca-4a17-ab79-f909328d0e8e", "security_group_id": "b2e29ff2-4f39-4784-800a-25720a4e23ad"}}
2015-12-22 04:05:42,139 21563 INFO     [tempest_lib.common.rest_client] Request (TestNetworkBasicOps:test_connectivity_between_vms_on_different_networks): 201 POST http://10.0.2.15:9696/v2.0/security-group-rules 0.119s
2015-12-22 04:05:42,140 21563 DEBUG    [tempest_lib.common.rest_client] Request - Headers: {'Content-Type': 'application/json', 'Accept': 'application/json', 'X-Auth-Token': '&lt;omitted&gt;'}
        Body: {"security_group_rule": {"tenant_id": "c1ac4ceb1fbd4b5d85d7b22ec304c9d3", "direction": "egress", "security_group_id": "b2e29ff2-4f39-4784-800a-25720a4e23ad", "protocol": "icmp", "ethertype": "IPv6"}}
    Response - Headers: {'status': '201', 'content-length': '344', 'connection': 'close', 'date': 'Tue, 22 Dec 2015 04:05:42 GMT', 'content-type': 'application/json; charset=UTF-8', 'x-openstack-request-id': 'req-b643beaf-74e4-4f39-a158-d478f332875a'}
        Body: {"security_group_rule": {"remote_group_id": null, "direction": "egress", "remote_ip_prefix": null, "protocol": "icmp", "ethertype": "IPv6", "tenant_id": "c1ac4ceb1fbd4b5d85d7b22ec304c9d3", "port_range_max": null, "port_range_min": null, "id": "d213b70e-53c5-41c7-b56a-80095f61caf3", "security_group_id": "b2e29ff2-4f39-4784-800a-25720a4e23ad"}}
2015-12-22 04:05:42,326 21563 INFO     [tempest_lib.common.rest_client] Request (TestNetworkBasicOps:test_connectivity_between_vms_on_different_networks): 201 POST http://10.0.2.15:9696/v2.0/networks 0.184s
2015-12-22 04:05:42,327 21563 DEBUG    [tempest_lib.common.rest_client] Request - Headers: {'Content-Type': 'application/json', 'Accept': 'application/json', 'X-Auth-Token': '&lt;omitted&gt;'}
        Body: {"network": {"tenant_id": "c1ac4ceb1fbd4b5d85d7b22ec304c9d3", "name": "tempest-network-smoke--823411299"}}
    Response - Headers: {'status': '201', 'content-length': '328', 'connection': 'close', 'date': 'Tue, 22 Dec 2015 04:05:42 GMT', 'content-type': 'application/json; charset=UTF-8', 'x-openstack-request-id': 'req-4d490289-1f92-4a9d-927a-b0c9ae2d19a8'}
        Body: {"network": {"status": "ACTIVE", "subnets": [], "availability_zone_hints": "[]", "name": "tempest-network-smoke--823411299", "admin_state_up": true, "tenant_id": "c1ac4ceb1fbd4b5d85d7b22ec304c9d3", "mtu": 0, "router:external": false, "shared": false, "port_security_enabled": true, "id": "76005d0b-cc53-4409-88a6-29db812ad01a"}}
2015-12-22 04:05:42,417 21563 INFO     [tempest_lib.common.rest_client] Request (TestNetworkBasicOps:test_connectivity_between_vms_on_different_networks): 201 POST http://10.0.2.15:9696/v2.0/routers 0.088s
2015-12-22 04:05:42,417 21563 DEBUG    [tempest_lib.common.rest_client] Request - Headers: {'Content-Type': 'application/json', 'Accept': 'application/json', 'X-Auth-Token': '&lt;omitted&gt;'}
        Body: {"router": {"tenant_id": "c1ac4ceb1fbd4b5d85d7b22ec304c9d3", "name": "tempest-router-smoke-1114354936", "admin_state_up": true}}
    Response - Headers: {'status': '201', 'content-length': '296', 'connection': 'close', 'date': 'Tue, 22 Dec 2015 04:05:42 GMT', 'content-type': 'application/json; charset=UTF-8', 'x-openstack-request-id': 'req-ab05730f-3d0e-482f-9189-012c1f55dfe1'}
        Body: {"router": {"status": "ACTIVE", "external_gateway_info": null, "availability_zone_hints": [], "availability_zones": [], "name": "tempest-router-smoke-1114354936", "admin_state_up": true, "tenant_id": "c1ac4ceb1fbd4b5d85d7b22ec304c9d3", "routes": [], "id": "2b180c89-8f7d-48da-879e-d2dfe63f92d7"}}
2015-12-22 04:05:42,476 21563 INFO     [tempest_lib.common.rest_client] Request (TestNetworkBasicOps:test_connectivity_between_vms_on_different_networks): 200 GET http://10.0.2.15:9696/v2.0/routers/2b180c89-8f7d-48da-879e-d2dfe63f92d7 0.057s
2015-12-22 04:05:42,476 21563 DEBUG    [tempest_lib.common.rest_client] Request - Headers: {'Content-Type': 'application/json', 'Accept': 'application/json', 'X-Auth-Token': '&lt;omitted&gt;'}
        Body: None
    Response - Headers: {'status': '200', 'content-length': '296', 'content-location': 'http://10.0.2.15:9696/v2.0/routers/2b180c89-8f7d-48da-879e-d2dfe63f92d7', 'connection': 'close', 'date': 'Tue, 22 Dec 2015 04:05:42 GMT', 'content-type': 'application/json; charset=UTF-8', 'x-openstack-request-id': 'req-176db86b-509d-4617-a929-41fac905c0c9'}
        Body: {"router": {"status": "ACTIVE", "external_gateway_info": null, "availability_zone_hints": [], "availability_zones": [], "name": "tempest-router-smoke-1114354936", "admin_state_up": true, "tenant_id": "c1ac4ceb1fbd4b5d85d7b22ec304c9d3", "routes": [], "id": "2b180c89-8f7d-48da-879e-d2dfe63f92d7"}}
2015-12-22 04:05:43,269 21563 INFO     [tempest_lib.common.rest_client] Request (TestNetworkBasicOps:test_connectivity_between_vms_on_different_networks): 200 PUT http://10.0.2.15:9696/v2.0/routers/2b180c89-8f7d-48da-879e-d2dfe63f92d7 0.792s
2015-12-22 04:05:43,270 21563 DEBUG    [tempest_lib.common.rest_client] Request - Headers: {'Content-Type': 'application/json', 'Accept': 'application/json', 'X-Auth-Token': '&lt;omitted&gt;'}
        Body: {"router": {"external_gateway_info": {"network_id": "df92d768-9c23-4aa8-88ae-3d159f005e49"}, "name": "tempest-router-smoke-1114354936", "admin_state_up": true}}
    Response - Headers: {'status': '200', 'content-length': '558', 'connection': 'close', 'date': 'Tue, 22 Dec 2015 04:05:43 GMT', 'content-type': 'application/json; charset=UTF-8', 'x-openstack-request-id': 'req-0a7c807c-ea53-43de-ac7c-8b2475bf51e0'}
        Body: {"router": {"status": "ACTIVE", "external_gateway_info": {"network_id": "df92d768-9c23-4aa8-88ae-3d159f005e49", "enable_snat": true, "external_fixed_ips": [{"subnet_id": "30bf6288-8beb-4185-be56-b65e6d605f54", "ip_address": "172.24.4.3"}, {"subnet_id": "819213fa-821b-418b-adde-a66c222b0f5f", "ip_address": "2001:db8::4"}]}, "availability_zone_hints": [], "availability_zones": [], "name": "tempest-router-smoke-1114354936", "admin_state_up": true, "tenant_id": "c1ac4ceb1fbd4b5d85d7b22ec304c9d3", "routes": [], "id": "2b180c89-8f7d-48da-879e-d2dfe63f92d7"}}
2015-12-22 04:05:43,435 21563 INFO     [tempest_lib.common.rest_client] Request (TestNetworkBasicOps:test_connectivity_between_vms_on_different_networks): 200 GET http://10.0.2.15:9696/v2.0/subnets?tenant_id=c1ac4ceb1fbd4b5d85d7b22ec304c9d3&amp;cidr=10.100.0.0%2F28 0.165s
2015-12-22 04:05:43,436 21563 DEBUG    [tempest_lib.common.rest_client] Request - Headers: {'Content-Type': 'application/json', 'Accept': 'application/json', 'X-Auth-Token': '&lt;omitted&gt;'}
        Body: None
    Response - Headers: {'status': '200', 'content-length': '15', 'content-location': 'http://10.0.2.15:9696/v2.0/subnets?tenant_id=c1ac4ceb1fbd4b5d85d7b22ec304c9d3&amp;cidr=10.100.0.0%2F28', 'connection': 'close', 'date': 'Tue, 22 Dec 2015 04:05:43 GMT', 'content-type': 'application/json; charset=UTF-8', 'x-openstack-request-id': 'req-caaa940c-2aee-404c-8dd6-ec6fcb328546'}
        Body: {"subnets": []}
2015-12-22 04:05:43,843 21563 INFO     [tempest_lib.common.rest_client] Request (TestNetworkBasicOps:test_connectivity_between_vms_on_different_networks): 201 POST http://10.0.2.15:9696/v2.0/subnets 0.406s
2015-12-22 04:05:43,844 21563 DEBUG    [tempest_lib.common.rest_client] Request - Headers: {'Content-Type': 'application/json', 'Accept': 'application/json', 'X-Auth-Token': '&lt;omitted&gt;'}
        Body: {"subnet": {"ip_version": 4, "tenant_id": "c1ac4ceb1fbd4b5d85d7b22ec304c9d3", "cidr": "10.100.0.0/28", "network_id": "76005d0b-cc53-4409-88a6-29db812ad01a", "name": "tempest-subnet-smoke-1370367076"}}
    Response - Headers: {'status': '201', 'content-length': '478', 'connection': 'close', 'date': 'Tue, 22 Dec 2015 04:05:43 GMT', 'content-type': 'application/json; charset=UTF-8', 'x-openstack-request-id': 'req-3cca3384-4d42-4305-b404-0bdc882da4ae'}
        Body: {"subnet": {"name": "tempest-subnet-smoke-1370367076", "enable_dhcp": true, "network_id": "76005d0b-cc53-4409-88a6-29db812ad01a", "tenant_id": "c1ac4ceb1fbd4b5d85d7b22ec304c9d3", "dns_nameservers": [], "gateway_ip": "10.100.0.1", "ipv6_ra_mode": null, "allocation_pools": [{"start": "10.100.0.2", "end": "10.100.0.14"}], "host_routes": [], "ip_version": 4, "ipv6_address_mode": null, "cidr": "10.100.0.0/28", "id": "dbfaa6d5-acd7-4b02-91a3-d3a6af911048", "subnetpool_id": null}}
2015-12-22 04:05:44,745 21563 INFO     [tempest_lib.common.rest_client] Request (TestNetworkBasicOps:test_connectivity_between_vms_on_different_networks): 200 PUT http://10.0.2.15:9696/v2.0/routers/2b180c89-8f7d-48da-879e-d2dfe63f92d7/add_router_interface 0.900s
2015-12-22 04:05:44,746 21563 DEBUG    [tempest_lib.common.rest_client] Request - Headers: {'Content-Type': 'application/json', 'Accept': 'application/json', 'X-Auth-Token': '&lt;omitted&gt;'}
        Body: {"subnet_id": "dbfaa6d5-acd7-4b02-91a3-d3a6af911048"}
    Response - Headers: {'status': '200', 'content-length': '255', 'connection': 'close', 'date': 'Tue, 22 Dec 2015 04:05:44 GMT', 'content-type': 'application/json; charset=UTF-8', 'x-openstack-request-id': 'req-05b5874c-8faf-49c4-9d29-0e43f40a12fe'}
        Body: {"subnet_id": "dbfaa6d5-acd7-4b02-91a3-d3a6af911048", "tenant_id": "c1ac4ceb1fbd4b5d85d7b22ec304c9d3", "subnet_ids": ["dbfaa6d5-acd7-4b02-91a3-d3a6af911048"], "port_id": "4b21646c-b0df-4e22-ba2f-b40f1a0863bc", "id": "2b180c89-8f7d-48da-879e-d2dfe63f92d7"}
2015-12-22 04:05:44,801 21563 INFO     [tempest_lib.common.rest_client] Request (TestNetworkBasicOps:test_connectivity_between_vms_on_different_networks): 200 GET http://10.0.2.15:9696/v2.0/networks 0.054s
2015-12-22 04:05:44,802 21563 DEBUG    [tempest_lib.common.rest_client] Request - Headers: {'Content-Type': 'application/json', 'Accept': 'application/json', 'X-Auth-Token': '&lt;omitted&gt;'}
        Body: None
    Response - Headers: {'status': '200', 'content-length': '1506', 'content-location': 'http://10.0.2.15:9696/v2.0/networks', 'connection': 'close', 'date': 'Tue, 22 Dec 2015 04:05:44 GMT', 'content-type': 'application/json; charset=UTF-8', 'x-openstack-request-id': 'req-0c699c03-40f4-41f3-936e-ea92a2dd237d'}
        Body: {"networks": [{"status": "ACTIVE", "subnets": ["30bf6288-8beb-4185-be56-b65e6d605f54", "819213fa-821b-418b-adde-a66c222b0f5f"], "availability_zone_hints": [], "availability_zones": ["nova"], "name": "public", "provider:physical_network": null, "admin_state_up": true, "tenant_id": "9983e64e69804b2da5c5b1b97ada9d0d", "mtu": 0, "router:external": true, "shared": false, "port_security_enabled": true, "provider:network_type": "vxlan", "id": "df92d768-9c23-4aa8-88ae-3d159f005e49", "provider:segmentation_id": 1075}, {"status": "ACTIVE", "subnets": ["dbfaa6d5-acd7-4b02-91a3-d3a6af911048"], "availability_zone_hints": [], "availability_zones": ["nova"], "name": "tempest-network-smoke--823411299", "provider:physical_network": null, "admin_state_up": true, "tenant_id": "c1ac4ceb1fbd4b5d85d7b22ec304c9d3", "mtu": 0, "router:external": false, "shared": false, "port_security_enabled": true, "provider:network_type": "vxlan", "id": "76005d0b-cc53-4409-88a6-29db812ad01a", "provider:segmentation_id": 1057}, {"status": "ACTIVE", "subnets": ["1e210aa5-b2ce-4ba8-8c8b-647788de93ce", "08edda81-d38a-4272-8f5a-60ed7a1d86d1"], "availability_zone_hints": [], "availability_zones": ["nova"], "name": "private", "provider:physical_network": null, "admin_state_up": true, "tenant_id": "a7c98a2d11aa4a2a8b05b38dc8ca5580", "mtu": 0, "router:external": false, "shared": false, "port_security_enabled": true, "provider:network_type": "vxlan", "id": "356392d7-f99e-44c1-9b85-7e0237b4dbeb", "provider:segmentation_id": 1088}]}
2015-12-22 04:05:44,851 21563 INFO     [tempest_lib.common.rest_client] Request (TestNetworkBasicOps:test_connectivity_between_vms_on_different_networks): 200 GET http://10.0.2.15:9696/v2.0/subnets 0.048s
2015-12-22 04:05:44,851 21563 DEBUG    [tempest_lib.common.rest_client] Request - Headers: {'Content-Type': 'application/json', 'Accept': 'application/json', 'X-Auth-Token': '&lt;omitted&gt;'}
        Body: None
    Response - Headers: {'status': '200', 'content-length': '2408', 'content-location': 'http://10.0.2.15:9696/v2.0/subnets', 'connection': 'close', 'date': 'Tue, 22 Dec 2015 04:05:44 GMT', 'content-type': 'application/json; charset=UTF-8', 'x-openstack-request-id': 'req-d98c71b0-37fd-4c47-83ec-22367f8da623'}
        Body: {"subnets": [{"name": "private-subnet", "enable_dhcp": true, "network_id": "356392d7-f99e-44c1-9b85-7e0237b4dbeb", "tenant_id": "a7c98a2d11aa4a2a8b05b38dc8ca5580", "dns_nameservers": [], "gateway_ip": "10.0.0.1", "ipv6_ra_mode": null, "allocation_pools": [{"start": "10.0.0.2", "end": "10.0.0.254"}], "host_routes": [], "ip_version": 4, "ipv6_address_mode": null, "cidr": "10.0.0.0/24", "id": "1e210aa5-b2ce-4ba8-8c8b-647788de93ce", "subnetpool_id": null}, {"name": "tempest-subnet-smoke-1370367076", "enable_dhcp": true, "network_id": "76005d0b-cc53-4409-88a6-29db812ad01a", "tenant_id": "c1ac4ceb1fbd4b5d85d7b22ec304c9d3", "dns_nameservers": [], "gateway_ip": "10.100.0.1", "ipv6_ra_mode": null, "allocation_pools": [{"start": "10.100.0.2", "end": "10.100.0.14"}], "host_routes": [], "ip_version": 4, "ipv6_address_mode": null, "cidr": "10.100.0.0/28", "id": "dbfaa6d5-acd7-4b02-91a3-d3a6af911048", "subnetpool_id": null}, {"name": "ipv6-public-subnet", "enable_dhcp": false, "network_id": "df92d768-9c23-4aa8-88ae-3d159f005e49", "tenant_id": "9983e64e69804b2da5c5b1b97ada9d0d", "dns_nameservers": [], "gateway_ip": "2001:db8::2", "ipv6_ra_mode": null, "allocation_pools": [{"start": "2001:db8::1", "end": "2001:db8::1"}, {"start": "2001:db8::3", "end": "2001:db8::ffff:ffff:ffff:ffff"}], "host_routes": [], "ip_version": 6, "ipv6_address_mode": null, "cidr": "2001:db8::/64", "id": "819213fa-821b-418b-adde-a66c222b0f5f", "subnetpool_id": null}, {"name": "ipv6-private-subnet", "enable_dhcp": true, "network_id": "356392d7-f99e-44c1-9b85-7e0237b4dbeb", "tenant_id": "a7c98a2d11aa4a2a8b05b38dc8ca5580", "dns_nameservers": [], "gateway_ip": "fd54:4741:8a8f::1", "ipv6_ra_mode": "slaac", "allocation_pools": [{"start": "fd54:4741:8a8f::2", "end": "fd54:4741:8a8f:0:ffff:ffff:ffff:ffff"}], "host_routes": [], "ip_version": 6, "ipv6_address_mode": "slaac", "cidr": "fd54:4741:8a8f::/64", "id": "08edda81-d38a-4272-8f5a-60ed7a1d86d1", "subnetpool_id": null}, {"name": "public-subnet", "enable_dhcp": false, "network_id": "df92d768-9c23-4aa8-88ae-3d159f005e49", "tenant_id": "9983e64e69804b2da5c5b1b97ada9d0d", "dns_nameservers": [], "gateway_ip": "172.24.4.1", "ipv6_ra_mode": null, "allocation_pools": [{"start": "172.24.4.2", "end": "172.24.4.254"}], "host_routes": [], "ip_version": 4, "ipv6_address_mode": null, "cidr": "172.24.4.0/24", "id": "30bf6288-8beb-4185-be56-b65e6d605f54", "subnetpool_id": null}]}
2015-12-22 04:05:44,915 21563 INFO     [tempest_lib.common.rest_client] Request (TestNetworkBasicOps:test_connectivity_between_vms_on_different_networks): 200 GET http://10.0.2.15:9696/v2.0/routers 0.062s
2015-12-22 04:05:44,916 21563 DEBUG    [tempest_lib.common.rest_client] Request - Headers: {'Content-Type': 'application/json', 'Accept': 'application/json', 'X-Auth-Token': '&lt;omitted&gt;'}
        Body: None
    Response - Headers: {'status': '200', 'content-length': '1167', 'content-location': 'http://10.0.2.15:9696/v2.0/routers', 'connection': 'close', 'date': 'Tue, 22 Dec 2015 04:05:44 GMT', 'content-type': 'application/json; charset=UTF-8', 'x-openstack-request-id': 'req-a46ade0b-4180-4358-a21e-83aaa247161d'}
        Body: {"routers": [{"status": "ACTIVE", "external_gateway_info": {"network_id": "df92d768-9c23-4aa8-88ae-3d159f005e49", "enable_snat": true, "external_fixed_ips": [{"subnet_id": "30bf6288-8beb-4185-be56-b65e6d605f54", "ip_address": "172.24.4.3"}, {"subnet_id": "819213fa-821b-418b-adde-a66c222b0f5f", "ip_address": "2001:db8::4"}]}, "availability_zone_hints": [], "availability_zones": ["nova"], "name": "tempest-router-smoke-1114354936", "admin_state_up": true, "tenant_id": "c1ac4ceb1fbd4b5d85d7b22ec304c9d3", "distributed": false, "routes": [], "ha": false, "id": "2b180c89-8f7d-48da-879e-d2dfe63f92d7"}, {"status": "ACTIVE", "external_gateway_info": {"network_id": "df92d768-9c23-4aa8-88ae-3d159f005e49", "enable_snat": true, "external_fixed_ips": [{"subnet_id": "30bf6288-8beb-4185-be56-b65e6d605f54", "ip_address": "172.24.4.2"}, {"subnet_id": "819213fa-821b-418b-adde-a66c222b0f5f", "ip_address": "2001:db8::3"}]}, "availability_zone_hints": [], "availability_zones": ["nova"], "name": "router1", "admin_state_up": true, "tenant_id": "a7c98a2d11aa4a2a8b05b38dc8ca5580", "distributed": false, "routes": [], "ha": false, "id": "ddc57155-ada2-4d14-9407-3299cf8282f2"}]}
2015-12-22 04:05:45,648 21563 INFO     [tempest_lib.common.rest_client] Request (TestNetworkBasicOps:test_connectivity_between_vms_on_different_networks): 200 POST http://10.0.2.15:8774/v2.1/c1ac4ceb1fbd4b5d85d7b22ec304c9d3/os-keypairs 0.731s
2015-12-22 04:05:45,648 21563 DEBUG    [tempest_lib.common.rest_client] Request - Headers: {'Content-Type': 'application/json', 'Accept': 'application/json', 'X-Auth-Token': '&lt;omitted&gt;'}
        Body: {"keypair": {"name": "tempest-TestNetworkBasicOps-2001208588"}}
    Response - Headers: {'status': '200', 'content-length': '2325', 'x-compute-request-id': 'req-c17f6019-e16c-4cd6-b46f-de3d1edb8553', 'vary': 'X-OpenStack-Nova-API-Version', 'connection': 'close', 'x-openstack-nova-api-version': '2.1', 'date': 'Tue, 22 Dec 2015 04:05:45 GMT', 'content-type': 'application/json'}
        Body: {"keypair": {"public_key": "ssh-rsa AAAAB3NzaC1yc2EAAAADAQABAAABAQDOriGo5h70zQKmhVqlb/LvuvLSU+M7jl4ItbhYSiyAkqDM5RQk/vYLNS0T+2CyVn8o/rmoburgoi0IK86GkMPhNqF4sS6zo2S2yjlYGxg3Pc5146QOZa33u4ytsE3jr7pJScaplq54GzE1aG9J6HxTyijxOViqIiOpjF4Ht4pwHPaYywGwGScQa70MFJoL7DJP+phecINEZofY2OLNN/6Gi5gzQ+sw/E8SsIiLjCbd5VHw1kyxZsbjb0G9G+acheaHsp4h2qxu5eH5vUcrP45g88dYvP7kW8S1IqCJ1XCeaYxx5TKZ4vnlfiguMqunQ/qZIO2euLA9N3NAfG4dLTqZ Generated-by-Nova", "private_key": "-----BEGIN RSA PRIVATE KEY-----\nMIIEqgIBAAKCAQEAzq4hqOYe9M0CpoVapW/y77ry0lPjO45eCLW4WEosgJKgzOUU\nJP72CzUtE/tgslZ/KP65qG7q4KItCCvOhpDD4TaheLEus6Nktso5WBsYNz3OdeOk\nDmWt97uMrbBN46+6SUnGqZaueBsxNWhvSeh8U8oo8TlYqiIjqYxeB7eKcBz2mMsB\nsBknEGu9DBSaC+wyT/qYXnCDRGaH2NjizTf+houYM0PrMPxPErCIi4wm3eVR8NZM\nsWbG429BvRvmnIXmh7KeIdqsbuXh+b1HKz+OYPPHWLz+5FvEtSKgidVwnmmMceUy\nmeL55X4oLjKrp0P6mSDtnriwPTdzQHxuHS06mQIDAQABAoIBAQCpSzVDFgwxVWRg\nZkdT0BlciPOxmQk+lWUtGTzBBTDiuDiC3PndPALqN0qPXY9dRUCvoccN0p0OF4lv\ncgKfcyEf7xHgvLGWb7Zli8vhAYCab0QYiLivGlaf375h31JNuHmM4qOZ8lVDCHMM\nXlkaXxbHw4Y54VFhOsmfbdzv0UXSgkxpF+MU2ddQrOaXzbP24m+nHKpVqApi9qkf\nGCcF+o22RWXfVqukLq672Isf3cKhuEZE418j+UagJ1TCo3h+E5bwAZSS/0qJksa3\nwEJAv51SCoMsZR09e1ZeMZuxRBf+BxvaRZ6o7WF6qimNnEAjqG8+pbc/0LNdYbmF\n6AkyROEpAoIAgQDRINjwBdohqdPQn1XFDGO9iirrR3ioH2qaQkxUtGo+oVly3VRT\n2Q8Whe2dou3FNg69fpQaKyvivMlpFqKCtlaV0LpvtyZcdkTNAIPq6OtxP+l9O1T4\npxEJKkYcqROqv34Y+SIyTDgBbbU+o2H0Y3IYEneE/XWECLdcpcnIrH5GdwKCAIEA\n/QDRplMnTNhFinNh2cExbCwBb8orVJx1C9e5Jw0wWeyjtb3f5acsZNcVCqrFuM23\nqKuNjd6YKDH9AamNwdtPv3yk7xf3RNYuuWGIXFcS1nnO0QVD41G6dRIsD0aq7w3D\nboFspwTUIhSYUSG4jHXcdTNJ4U/gvQ/+nERCnw7a+28CggCBAIcDpOs5a/3Fzdln\ntREVkaNB+7mQmAY62jEjUnJxVBKBSuWMnS/Q+Bu7dZALK2TiJJwUh3tpmdi1t3bg\nRSUMoVPxwRv065BQTtTnW0OjArZH4++VCaPLAIWhREimo+rd3IQ0++3rJVFOye/Z\nvZjxRyzhZ0Z1+JO4qODorCChtJi7AoIAgDPWmx4tI3xHQ9heU8o+H1Y+nfy9u6sW\nc5T9ml46AZIrPk/am6l+W0Y+G32YB/MZk2vn2pUa6qoxs9lHWFhEC078xv6GNo/Q\nIrqxFTN2U9HGG24QWhyVflLGamim3hclBsn5kr2V67Ef7yWQdzOwYn9RBu43Y6DZ\nSh3SjqPwc0XZAoIAgQDArj3VimKQjWJ+tobFCTRk4VPi+CpjHwfojF68V7kQ/JfN\nNv8xIMu+2uxJ8xcy60ikYwNIfOB9Vh+j6Wnv7Fuv6VhWo5IPiGPigwURQUV8E4X4\nUc3jvQIyZwfF/5SEPz33Q06/oo04ygBHLqHxTCcYEArDEzqWirDnhIGBhDCKFA==\n-----END RSA PRIVATE KEY-----\n", "user_id": "5d671f031ec645a9b8d3665f642c8550", "name": "tempest-TestNetworkBasicOps-2001208588", "fingerprint": "f0:f2:80:cb:b3:ac:8b:23:00:67:4f:2b:4d:7c:f0:24"}}
2015-12-22 04:05:45,759 21563 INFO     [tempest_lib.common.rest_client] Request (TestNetworkBasicOps:test_connectivity_between_vms_on_different_networks): 200 POST http://10.0.2.15:5000/v2.0/tokens
2015-12-22 04:05:45,759 21563 DEBUG    [tempest_lib.common.rest_client] Request - Headers: {'Content-Type': 'application/json', 'Accept': 'application/json'}
        Body: &lt;omitted&gt;
    Response - Headers: {'status': '200', 'content-length': '2528', 'vary': 'X-Auth-Token', 'server': 'Apache/2.4.7 (Ubuntu)', 'connection': 'close', 'date': 'Tue, 22 Dec 2015 04:05:45 GMT', 'content-type': 'application/json', 'x-openstack-request-id': 'req-02429cde-43d9-4913-8376-3627a24dd027'}
        Body: {"access": {"token": {"issued_at": "2015-12-22T04:05:45.750403", "expires": "2015-12-22T05:05:45Z", "id": "93602a5b96b1437ea8ef8afa5bc2a659", "tenant": {"description": "tempest-TestNetworkBasicOps-431058544-desc", "enabled": true, "id": "c1ac4ceb1fbd4b5d85d7b22ec304c9d3", "name": "tempest-TestNetworkBasicOps-431058544"}, "audit_ids": ["SBPfhbv_QMq9gr8CxVhr_A"]}, "serviceCatalog": [{"endpoints": [{"adminURL": "http://10.0.2.15:8774/v2.1/c1ac4ceb1fbd4b5d85d7b22ec304c9d3", "region": "RegionOne", "internalURL": "http://10.0.2.15:8774/v2.1/c1ac4ceb1fbd4b5d85d7b22ec304c9d3", "id": "9103b80b0bb04393ab40318875adbd08", "publicURL": "http://10.0.2.15:8774/v2.1/c1ac4ceb1fbd4b5d85d7b22ec304c9d3"}], "endpoints_links": [], "type": "compute", "name": "nova"}, {"endpoints": [{"adminURL": "http://10.0.2.15:9696/", "region": "RegionOne", "internalURL": "http://10.0.2.15:9696/", "id": "2704d37ec6304385a6127ff1ef789699", "publicURL": "http://10.0.2.15:9696/"}], "endpoints_links": [], "type": "network", "name": "neutron"}, {"endpoints": [{"adminURL": "http://10.0.2.15:9292", "region": "RegionOne", "internalURL": "http://10.0.2.15:9292", "id": "d72e1980992144f5969f6e313e99f0be", "publicURL": "http://10.0.2.15:9292"}], "endpoints_links": [], "type": "image", "name": "glance"}, {"endpoints": [{"adminURL": "http://10.0.2.15:8774/v2/c1ac4ceb1fbd4b5d85d7b22ec304c9d3", "region": "RegionOne", "internalURL": "http://10.0.2.15:8774/v2/c1ac4ceb1fbd4b5d85d7b22ec304c9d3", "id": "03839fca73b84beba85cd8f124ff42ef", "publicURL": "http://10.0.2.15:8774/v2/c1ac4ceb1fbd4b5d85d7b22ec304c9d3"}], "endpoints_links": [], "type": "compute_legacy", "name": "nova_legacy"}, {"endpoints": [{"adminURL": "http://10.0.2.15:8773/", "region": "RegionOne", "internalURL": "http://10.0.2.15:8773/", "id": "44dc47ce071748f6af584f3d1df8d49c", "publicURL": "http://10.0.2.15:8773/"}], "endpoints_links": [], "type": "ec2", "name": "ec2"}, {"endpoints": [{"adminURL": "http://10.0.2.15:35357/v2.0", "region": "RegionOne", "internalURL": "http://10.0.2.15:5000/v2.0", "id": "40d2939443cb4f1ca1e081ba5810d329", "publicURL": "http://10.0.2.15:5000/v2.0"}], "endpoints_links": [], "type": "identity", "name": "keystone"}], "user": {"username": "tempest-TestNetworkBasicOps-1640371117", "roles_links": [], "id": "5d671f031ec645a9b8d3665f642c8550", "roles": [{"name": "_member_"}, {"name": "Member"}], "name": "tempest-TestNetworkBasicOps-1640371117"}, "metadata": {"is_admin": 0, "roles": ["9fe2ff9ee4384b1894a90878d3e92bab", "56a478f238d640658aeaa6e19a1f9af6"]}}}
2015-12-22 04:05:45,763 21563 DEBUG    [tempest.common.fixed_network] (TestNetworkBasicOps:test_connectivity_between_vms_on_different_networks) No valid network provided or created, defaulting to fixed_network_name
2015-12-22 04:05:46,053 21563 INFO     [tempest_lib.common.rest_client] Request (TestNetworkBasicOps:test_connectivity_between_vms_on_different_networks): 200 GET http://10.0.2.15:8774/v2.1/c1ac4ceb1fbd4b5d85d7b22ec304c9d3/os-networks 0.290s
2015-12-22 04:05:46,053 21563 DEBUG    [tempest_lib.common.rest_client] Request - Headers: {'Content-Type': 'application/json', 'Accept': 'application/json', 'X-Auth-Token': '&lt;omitted&gt;'}
        Body: None
    Response - Headers: {'status': '200', 'content-length': '478', 'content-location': 'http://10.0.2.15:8774/v2.1/c1ac4ceb1fbd4b5d85d7b22ec304c9d3/os-networks', 'x-compute-request-id': 'req-19d465b8-5965-4a93-9392-8f3aa42f3e1c', 'vary': 'X-OpenStack-Nova-API-Version', 'connection': 'close', 'x-openstack-nova-api-version': '2.1', 'date': 'Tue, 22 Dec 2015 04:05:46 GMT', 'content-type': 'application/json'}
        Body: {"networks": [{"cidr_v6": null, "dns2": null, "dns1": null, "gateway": null, "broadcast": null, "netmask": null, "gateway_v6": null, "cidr": null, "label": "public", "id": "df92d768-9c23-4aa8-88ae-3d159f005e49", "netmask_v6": null}, {"cidr_v6": null, "dns2": null, "dns1": null, "gateway": null, "broadcast": null, "netmask": null, "gateway_v6": null, "cidr": null, "label": "tempest-network-smoke--823411299", "id": "76005d0b-cc53-4409-88a6-29db812ad01a", "netmask_v6": null}]}
2015-12-22 04:05:46,054 21563 WARNING  [tempest.common.fixed_network] (TestNetworkBasicOps:test_connectivity_between_vms_on_different_networks) Network with name: private not found
2015-12-22 04:05:46,054 21563 INFO     [tempest.common.fixed_network] (TestNetworkBasicOps:test_connectivity_between_vms_on_different_networks) Found network {} available for tenant
2015-12-22 04:05:47,618 21563 INFO     [tempest_lib.common.rest_client] Request (TestNetworkBasicOps:test_connectivity_between_vms_on_different_networks): 202 POST http://10.0.2.15:8774/v2.1/c1ac4ceb1fbd4b5d85d7b22ec304c9d3/servers 1.563s
2015-12-22 04:05:47,618 21563 DEBUG    [tempest_lib.common.rest_client] Request - Headers: {'Content-Type': 'application/json', 'Accept': 'application/json', 'X-Auth-Token': '&lt;omitted&gt;'}
        Body: {"server": {"name": "tempest.common.compute-instance-1374578558", "imageRef": "e016b1e5-895a-4b55-affa-073a214d3eef", "key_name": "tempest-TestNetworkBasicOps-2001208588", "flavorRef": "42", "networks": [{"uuid": "76005d0b-cc53-4409-88a6-29db812ad01a"}], "security_groups": [{"name": "tempest-secgroup-smoke-487343815"}]}}
    Response - Headers: {'status': '202', 'content-length': '461', 'x-compute-request-id': 'req-afb6456a-f304-40d8-931f-a0df4035d8e9', 'vary': 'X-OpenStack-Nova-API-Version', 'connection': 'close', 'location': 'http://10.0.2.15:8774/v2.1/c1ac4ceb1fbd4b5d85d7b22ec304c9d3/servers/48c456d3-bd69-4e39-bc20-446e93dd36db', 'x-openstack-nova-api-version': '2.1', 'date': 'Tue, 22 Dec 2015 04:05:47 GMT', 'content-type': 'application/json'}
        Body: {"server": {"security_groups": [{"name": "tempest-secgroup-smoke-487343815"}], "OS-DCF:diskConfig": "MANUAL", "id": "48c456d3-bd69-4e39-bc20-446e93dd36db", "links": [{"href": "http://10.0.2.15:8774/v2.1/c1ac4ceb1fbd4b5d85d7b22ec304c9d3/servers/48c456d3-bd69-4e39-bc20-446e93dd36db", "rel": "self"}, {"href": "http://10.0.2.15:8774/c1ac4ceb1fbd4b5d85d7b22ec304c9d3/servers/48c456d3-bd69-4e39-bc20-446e93dd36db", "rel": "bookmark"}], "adminPass": "v2eWzygYSjXv"}}
2015-12-22 04:05:47,763 21563 INFO     [tempest_lib.common.rest_client] Request (TestNetworkBasicOps:test_connectivity_between_vms_on_different_networks): 200 GET http://10.0.2.15:8774/v2.1/c1ac4ceb1fbd4b5d85d7b22ec304c9d3/servers/48c456d3-bd69-4e39-bc20-446e93dd36db 0.141s
2015-12-22 04:05:47,764 21563 DEBUG    [tempest_lib.common.rest_client] Request - Headers: {'Content-Type': 'application/json', 'Accept': 'application/json', 'X-Auth-Token': '&lt;omitted&gt;'}
        Body: None
    Response - Headers: {'status': '200', 'content-length': '1356', 'content-location': 'http://10.0.2.15:8774/v2.1/c1ac4ceb1fbd4b5d85d7b22ec304c9d3/servers/48c456d3-bd69-4e39-bc20-446e93dd36db', 'x-compute-request-id': 'req-f0919521-b0f3-4971-89a6-421b15bbed10', 'vary': 'X-OpenStack-Nova-API-Version', 'connection': 'close', 'x-openstack-nova-api-version': '2.1', 'date': 'Tue, 22 Dec 2015 04:05:47 GMT', 'content-type': 'application/json'}
        Body: {"server": {"status": "BUILD", "updated": "2015-12-22T04:05:47Z", "hostId": "", "addresses": {}, "links": [{"href": "http://10.0.2.15:8774/v2.1/c1ac4ceb1fbd4b5d85d7b22ec304c9d3/servers/48c456d3-bd69-4e39-bc20-446e93dd36db", "rel": "self"}, {"href": "http://10.0.2.15:8774/c1ac4ceb1fbd4b5d85d7b22ec304c9d3/servers/48c456d3-bd69-4e39-bc20-446e93dd36db", "rel": "bookmark"}], "key_name": "tempest-TestNetworkBasicOps-2001208588", "image": {"id": "e016b1e5-895a-4b55-affa-073a214d3eef", "links": [{"href": "http://10.0.2.15:8774/c1ac4ceb1fbd4b5d85d7b22ec304c9d3/images/e016b1e5-895a-4b55-affa-073a214d3eef", "rel": "bookmark"}]}, "OS-EXT-STS:task_state": "scheduling", "OS-EXT-STS:vm_state": "building", "OS-SRV-USG:launched_at": null, "flavor": {"id": "42", "links": [{"href": "http://10.0.2.15:8774/c1ac4ceb1fbd4b5d85d7b22ec304c9d3/flavors/42", "rel": "bookmark"}]}, "id": "48c456d3-bd69-4e39-bc20-446e93dd36db", "OS-SRV-USG:terminated_at": null, "OS-EXT-AZ:availability_zone": "", "user_id": "5d671f031ec645a9b8d3665f642c8550", "name": "tempest.common.compute-instance-1374578558", "created": "2015-12-22T04:05:47Z", "tenant_id": "c1ac4ceb1fbd4b5d85d7b22ec304c9d3", "OS-DCF:diskConfig": "MANUAL", "os-extended-volumes:volumes_attached": [], "accessIPv4": "", "accessIPv6": "", "progress": 0, "OS-EXT-STS:power_state": 0, "config_drive": "", "metadata": {}}}
2015-12-22 04:05:49,096 21563 INFO     [tempest_lib.common.rest_client] Request (TestNetworkBasicOps:test_connectivity_between_vms_on_different_networks): 200 GET http://10.0.2.15:8774/v2.1/c1ac4ceb1fbd4b5d85d7b22ec304c9d3/servers/48c456d3-bd69-4e39-bc20-446e93dd36db 0.323s
2015-12-22 04:05:49,097 21563 DEBUG    [tempest_lib.common.rest_client] Request - Headers: {'Content-Type': 'application/json', 'Accept': 'application/json', 'X-Auth-Token': '&lt;omitted&gt;'}
        Body: None
    Response - Headers: {'status': '200', 'content-length': '1481', 'content-location': 'http://10.0.2.15:8774/v2.1/c1ac4ceb1fbd4b5d85d7b22ec304c9d3/servers/48c456d3-bd69-4e39-bc20-446e93dd36db', 'x-compute-request-id': 'req-714ab667-1139-4229-b63a-f4c396b270e1', 'vary': 'X-OpenStack-Nova-API-Version', 'connection': 'close', 'x-openstack-nova-api-version': '2.1', 'date': 'Tue, 22 Dec 2015 04:05:49 GMT', 'content-type': 'application/json'}
        Body: {"server": {"status": "BUILD", "updated": "2015-12-22T04:05:48Z", "hostId": "73df35cf73c9e1e1457387158fbf4ed6d6dae86630dfee37ce913618", "addresses": {}, "links": [{"href": "http://10.0.2.15:8774/v2.1/c1ac4ceb1fbd4b5d85d7b22ec304c9d3/servers/48c456d3-bd69-4e39-bc20-446e93dd36db", "rel": "self"}, {"href": "http://10.0.2.15:8774/c1ac4ceb1fbd4b5d85d7b22ec304c9d3/servers/48c456d3-bd69-4e39-bc20-446e93dd36db", "rel": "bookmark"}], "key_name": "tempest-TestNetworkBasicOps-2001208588", "image": {"id": "e016b1e5-895a-4b55-affa-073a214d3eef", "links": [{"href": "http://10.0.2.15:8774/c1ac4ceb1fbd4b5d85d7b22ec304c9d3/images/e016b1e5-895a-4b55-affa-073a214d3eef", "rel": "bookmark"}]}, "OS-EXT-STS:task_state": "spawning", "OS-EXT-STS:vm_state": "building", "OS-SRV-USG:launched_at": null, "flavor": {"id": "42", "links": [{"href": "http://10.0.2.15:8774/c1ac4ceb1fbd4b5d85d7b22ec304c9d3/flavors/42", "rel": "bookmark"}]}, "id": "48c456d3-bd69-4e39-bc20-446e93dd36db", "security_groups": [{"name": "tempest-secgroup-smoke-487343815"}], "OS-SRV-USG:terminated_at": null, "OS-EXT-AZ:availability_zone": "nova", "user_id": "5d671f031ec645a9b8d3665f642c8550", "name": "tempest.common.compute-instance-1374578558", "created": "2015-12-22T04:05:47Z", "tenant_id": "c1ac4ceb1fbd4b5d85d7b22ec304c9d3", "OS-DCF:diskConfig": "MANUAL", "os-extended-volumes:volumes_attached": [], "accessIPv4": "", "accessIPv6": "", "progress": 0, "OS-EXT-STS:power_state": 0, "config_drive": "", "metadata": {}}}
2015-12-22 04:05:49,106 21563 INFO     [tempest.common.waiters] State transition "BUILD/scheduling" ==&gt; "BUILD/spawning" after 2 second wait
2015-12-22 04:05:50,337 21563 INFO     [tempest_lib.common.rest_client] Request (TestNetworkBasicOps:test_connectivity_between_vms_on_different_networks): 200 GET http://10.0.2.15:8774/v2.1/c1ac4ceb1fbd4b5d85d7b22ec304c9d3/servers/48c456d3-bd69-4e39-bc20-446e93dd36db 0.229s
2015-12-22 04:05:50,338 21563 DEBUG    [tempest_lib.common.rest_client] Request - Headers: {'Content-Type': 'application/json', 'Accept': 'application/json', 'X-Auth-Token': '&lt;omitted&gt;'}
        Body: None
    Response - Headers: {'status': '200', 'content-length': '1481', 'content-location': 'http://10.0.2.15:8774/v2.1/c1ac4ceb1fbd4b5d85d7b22ec304c9d3/servers/48c456d3-bd69-4e39-bc20-446e93dd36db', 'x-compute-request-id': 'req-f61da194-0622-4711-a6fb-e775ccb5a8ec', 'vary': 'X-OpenStack-Nova-API-Version', 'connection': 'close', 'x-openstack-nova-api-version': '2.1', 'date': 'Tue, 22 Dec 2015 04:05:50 GMT', 'content-type': 'application/json'}
        Body: {"server": {"status": "BUILD", "updated": "2015-12-22T04:05:48Z", "hostId": "73df35cf73c9e1e1457387158fbf4ed6d6dae86630dfee37ce913618", "addresses": {}, "links": [{"href": "http://10.0.2.15:8774/v2.1/c1ac4ceb1fbd4b5d85d7b22ec304c9d3/servers/48c456d3-bd69-4e39-bc20-446e93dd36db", "rel": "self"}, {"href": "http://10.0.2.15:8774/c1ac4ceb1fbd4b5d85d7b22ec304c9d3/servers/48c456d3-bd69-4e39-bc20-446e93dd36db", "rel": "bookmark"}], "key_name": "tempest-TestNetworkBasicOps-2001208588", "image": {"id": "e016b1e5-895a-4b55-affa-073a214d3eef", "links": [{"href": "http://10.0.2.15:8774/c1ac4ceb1fbd4b5d85d7b22ec304c9d3/images/e016b1e5-895a-4b55-affa-073a214d3eef", "rel": "bookmark"}]}, "OS-EXT-STS:task_state": "spawning", "OS-EXT-STS:vm_state": "building", "OS-SRV-USG:launched_at": null, "flavor": {"id": "42", "links": [{"href": "http://10.0.2.15:8774/c1ac4ceb1fbd4b5d85d7b22ec304c9d3/flavors/42", "rel": "bookmark"}]}, "id": "48c456d3-bd69-4e39-bc20-446e93dd36db", "security_groups": [{"name": "tempest-secgroup-smoke-487343815"}], "OS-SRV-USG:terminated_at": null, "OS-EXT-AZ:availability_zone": "nova", "user_id": "5d671f031ec645a9b8d3665f642c8550", "name": "tempest.common.compute-instance-1374578558", "created": "2015-12-22T04:05:47Z", "tenant_id": "c1ac4ceb1fbd4b5d85d7b22ec304c9d3", "OS-DCF:diskConfig": "MANUAL", "os-extended-volumes:volumes_attached": [], "accessIPv4": "", "accessIPv6": "", "progress": 0, "OS-EXT-STS:power_state": 0, "config_drive": "", "metadata": {}}}
2015-12-22 04:05:51,677 21563 INFO     [tempest_lib.common.rest_client] Request (TestNetworkBasicOps:test_connectivity_between_vms_on_different_networks): 200 GET http://10.0.2.15:8774/v2.1/c1ac4ceb1fbd4b5d85d7b22ec304c9d3/servers/48c456d3-bd69-4e39-bc20-446e93dd36db 0.329s
2015-12-22 04:05:51,677 21563 DEBUG    [tempest_lib.common.rest_client] Request - Headers: {'Content-Type': 'application/json', 'Accept': 'application/json', 'X-Auth-Token': '&lt;omitted&gt;'}
        Body: None
    Response - Headers: {'status': '200', 'content-length': '1481', 'content-location': 'http://10.0.2.15:8774/v2.1/c1ac4ceb1fbd4b5d85d7b22ec304c9d3/servers/48c456d3-bd69-4e39-bc20-446e93dd36db', 'x-compute-request-id': 'req-9935a33b-d603-4142-911c-3318bca09985', 'vary': 'X-OpenStack-Nova-API-Version', 'connection': 'close', 'x-openstack-nova-api-version': '2.1', 'date': 'Tue, 22 Dec 2015 04:05:51 GMT', 'content-type': 'application/json'}
        Body: {"server": {"status": "BUILD", "updated": "2015-12-22T04:05:48Z", "hostId": "73df35cf73c9e1e1457387158fbf4ed6d6dae86630dfee37ce913618", "addresses": {}, "links": [{"href": "http://10.0.2.15:8774/v2.1/c1ac4ceb1fbd4b5d85d7b22ec304c9d3/servers/48c456d3-bd69-4e39-bc20-446e93dd36db", "rel": "self"}, {"href": "http://10.0.2.15:8774/c1ac4ceb1fbd4b5d85d7b22ec304c9d3/servers/48c456d3-bd69-4e39-bc20-446e93dd36db", "rel": "bookmark"}], "key_name": "tempest-TestNetworkBasicOps-2001208588", "image": {"id": "e016b1e5-895a-4b55-affa-073a214d3eef", "links": [{"href": "http://10.0.2.15:8774/c1ac4ceb1fbd4b5d85d7b22ec304c9d3/images/e016b1e5-895a-4b55-affa-073a214d3eef", "rel": "bookmark"}]}, "OS-EXT-STS:task_state": "spawning", "OS-EXT-STS:vm_state": "building", "OS-SRV-USG:launched_at": null, "flavor": {"id": "42", "links": [{"href": "http://10.0.2.15:8774/c1ac4ceb1fbd4b5d85d7b22ec304c9d3/flavors/42", "rel": "bookmark"}]}, "id": "48c456d3-bd69-4e39-bc20-446e93dd36db", "security_groups": [{"name": "tempest-secgroup-smoke-487343815"}], "OS-SRV-USG:terminated_at": null, "OS-EXT-AZ:availability_zone": "nova", "user_id": "5d671f031ec645a9b8d3665f642c8550", "name": "tempest.common.compute-instance-1374578558", "created": "2015-12-22T04:05:47Z", "tenant_id": "c1ac4ceb1fbd4b5d85d7b22ec304c9d3", "OS-DCF:diskConfig": "MANUAL", "os-extended-volumes:volumes_attached": [], "accessIPv4": "", "accessIPv6": "", "progress": 0, "OS-EXT-STS:power_state": 0, "config_drive": "", "metadata": {}}}
2015-12-22 04:05:52,876 21563 INFO     [tempest_lib.common.rest_client] Request (TestNetworkBasicOps:test_connectivity_between_vms_on_different_networks): 200 GET http://10.0.2.15:8774/v2.1/c1ac4ceb1fbd4b5d85d7b22ec304c9d3/servers/48c456d3-bd69-4e39-bc20-446e93dd36db 0.190s
2015-12-22 04:05:52,876 21563 DEBUG    [tempest_lib.common.rest_client] Request - Headers: {'Content-Type': 'application/json', 'Accept': 'application/json', 'X-Auth-Token': '&lt;omitted&gt;'}
        Body: None
    Response - Headers: {'status': '200', 'content-length': '1652', 'content-location': 'http://10.0.2.15:8774/v2.1/c1ac4ceb1fbd4b5d85d7b22ec304c9d3/servers/48c456d3-bd69-4e39-bc20-446e93dd36db', 'x-compute-request-id': 'req-db4d13f8-951a-4a6c-8427-e57cd86e925f', 'vary': 'X-OpenStack-Nova-API-Version', 'connection': 'close', 'x-openstack-nova-api-version': '2.1', 'date': 'Tue, 22 Dec 2015 04:05:52 GMT', 'content-type': 'application/json'}
        Body: {"server": {"status": "ACTIVE", "updated": "2015-12-22T04:05:51Z", "hostId": "73df35cf73c9e1e1457387158fbf4ed6d6dae86630dfee37ce913618", "addresses": {"tempest-network-smoke--823411299": [{"OS-EXT-IPS-MAC:mac_addr": "fa:16:3e:8c:84:58", "version": 4, "addr": "10.100.0.3", "OS-EXT-IPS:type": "fixed"}]}, "links": [{"href": "http://10.0.2.15:8774/v2.1/c1ac4ceb1fbd4b5d85d7b22ec304c9d3/servers/48c456d3-bd69-4e39-bc20-446e93dd36db", "rel": "self"}, {"href": "http://10.0.2.15:8774/c1ac4ceb1fbd4b5d85d7b22ec304c9d3/servers/48c456d3-bd69-4e39-bc20-446e93dd36db", "rel": "bookmark"}], "key_name": "tempest-TestNetworkBasicOps-2001208588", "image": {"id": "e016b1e5-895a-4b55-affa-073a214d3eef", "links": [{"href": "http://10.0.2.15:8774/c1ac4ceb1fbd4b5d85d7b22ec304c9d3/images/e016b1e5-895a-4b55-affa-073a214d3eef", "rel": "bookmark"}]}, "OS-EXT-STS:task_state": null, "OS-EXT-STS:vm_state": "active", "OS-SRV-USG:launched_at": "2015-12-22T04:05:51.000000", "flavor": {"id": "42", "links": [{"href": "http://10.0.2.15:8774/c1ac4ceb1fbd4b5d85d7b22ec304c9d3/flavors/42", "rel": "bookmark"}]}, "id": "48c456d3-bd69-4e39-bc20-446e93dd36db", "security_groups": [{"name": "tempest-secgroup-smoke-487343815"}], "OS-SRV-USG:terminated_at": null, "OS-EXT-AZ:availability_zone": "nova", "user_id": "5d671f031ec645a9b8d3665f642c8550", "name": "tempest.common.compute-instance-1374578558", "created": "2015-12-22T04:05:47Z", "tenant_id": "c1ac4ceb1fbd4b5d85d7b22ec304c9d3", "OS-DCF:diskConfig": "MANUAL", "os-extended-volumes:volumes_attached": [], "accessIPv4": "", "accessIPv6": "", "progress": 0, "OS-EXT-STS:power_state": 1, "config_drive": "True", "metadata": {}}}
2015-12-22 04:05:52,886 21563 INFO     [tempest.common.waiters] State transition "BUILD/spawning" ==&gt; "ACTIVE/None" after 5 second wait
2015-12-22 04:05:53,080 21563 INFO     [tempest_lib.common.rest_client] Request (TestNetworkBasicOps:test_connectivity_between_vms_on_different_networks): 200 GET http://10.0.2.15:8774/v2.1/c1ac4ceb1fbd4b5d85d7b22ec304c9d3/servers/48c456d3-bd69-4e39-bc20-446e93dd36db 0.194s
2015-12-22 04:05:53,080 21563 DEBUG    [tempest_lib.common.rest_client] Request - Headers: {'Content-Type': 'application/json', 'Accept': 'application/json', 'X-Auth-Token': '&lt;omitted&gt;'}
        Body: None
    Response - Headers: {'status': '200', 'content-length': '1652', 'content-location': 'http://10.0.2.15:8774/v2.1/c1ac4ceb1fbd4b5d85d7b22ec304c9d3/servers/48c456d3-bd69-4e39-bc20-446e93dd36db', 'x-compute-request-id': 'req-c8135031-6305-4f0e-96ae-82ee1a5234ab', 'vary': 'X-OpenStack-Nova-API-Version', 'connection': 'close', 'x-openstack-nova-api-version': '2.1', 'date': 'Tue, 22 Dec 2015 04:05:53 GMT', 'content-type': 'application/json'}
        Body: {"server": {"status": "ACTIVE", "updated": "2015-12-22T04:05:51Z", "hostId": "73df35cf73c9e1e1457387158fbf4ed6d6dae86630dfee37ce913618", "addresses": {"tempest-network-smoke--823411299": [{"OS-EXT-IPS-MAC:mac_addr": "fa:16:3e:8c:84:58", "version": 4, "addr": "10.100.0.3", "OS-EXT-IPS:type": "fixed"}]}, "links": [{"href": "http://10.0.2.15:8774/v2.1/c1ac4ceb1fbd4b5d85d7b22ec304c9d3/servers/48c456d3-bd69-4e39-bc20-446e93dd36db", "rel": "self"}, {"href": "http://10.0.2.15:8774/c1ac4ceb1fbd4b5d85d7b22ec304c9d3/servers/48c456d3-bd69-4e39-bc20-446e93dd36db", "rel": "bookmark"}], "key_name": "tempest-TestNetworkBasicOps-2001208588", "image": {"id": "e016b1e5-895a-4b55-affa-073a214d3eef", "links": [{"href": "http://10.0.2.15:8774/c1ac4ceb1fbd4b5d85d7b22ec304c9d3/images/e016b1e5-895a-4b55-affa-073a214d3eef", "rel": "bookmark"}]}, "OS-EXT-STS:task_state": null, "OS-EXT-STS:vm_state": "active", "OS-SRV-USG:launched_at": "2015-12-22T04:05:51.000000", "flavor": {"id": "42", "links": [{"href": "http://10.0.2.15:8774/c1ac4ceb1fbd4b5d85d7b22ec304c9d3/flavors/42", "rel": "bookmark"}]}, "id": "48c456d3-bd69-4e39-bc20-446e93dd36db", "security_groups": [{"name": "tempest-secgroup-smoke-487343815"}], "OS-SRV-USG:terminated_at": null, "OS-EXT-AZ:availability_zone": "nova", "user_id": "5d671f031ec645a9b8d3665f642c8550", "name": "tempest.common.compute-instance-1374578558", "created": "2015-12-22T04:05:47Z", "tenant_id": "c1ac4ceb1fbd4b5d85d7b22ec304c9d3", "OS-DCF:diskConfig": "MANUAL", "os-extended-volumes:volumes_attached": [], "accessIPv4": "", "accessIPv6": "", "progress": 0, "OS-EXT-STS:power_state": 1, "config_drive": "True", "metadata": {}}}
2015-12-22 04:05:53,089 21563 INFO     [tempest.scenario.manager] Tenant networks not configured to be reachable.
2015-12-22 04:05:53,239 21563 INFO     [tempest_lib.common.rest_client] Request (TestNetworkBasicOps:test_connectivity_between_vms_on_different_networks): 200 GET http://10.0.2.15:9696/v2.0/ports?status=ACTIVE&amp;fixed_ip=None&amp;device_id=48c456d3-bd69-4e39-bc20-446e93dd36db 0.149s
2015-12-22 04:05:53,240 21563 DEBUG    [tempest_lib.common.rest_client] Request - Headers: {'Content-Type': 'application/json', 'Accept': 'application/json', 'X-Auth-Token': '&lt;omitted&gt;'}
        Body: None
    Response - Headers: {'status': '200', 'content-length': '895', 'content-location': 'http://10.0.2.15:9696/v2.0/ports?status=ACTIVE&amp;fixed_ip=None&amp;device_id=48c456d3-bd69-4e39-bc20-446e93dd36db', 'connection': 'close', 'date': 'Tue, 22 Dec 2015 04:05:53 GMT', 'content-type': 'application/json; charset=UTF-8', 'x-openstack-request-id': 'req-74abd261-9601-4ca8-8585-3d03acd28843'}
        Body: {"ports": [{"status": "ACTIVE", "binding:host_id": "vagrant-ubuntu-trusty-64", "allowed_address_pairs": [], "extra_dhcp_opts": [], "dns_assignment": [{"hostname": "host-10-100-0-3", "ip_address": "10.100.0.3", "fqdn": "host-10-100-0-3.openstacklocal."}], "device_owner": "compute:None", "port_security_enabled": true, "binding:profile": {}, "fixed_ips": [{"subnet_id": "dbfaa6d5-acd7-4b02-91a3-d3a6af911048", "ip_address": "10.100.0.3"}], "id": "86640a21-607a-4b82-afea-7f608a139c35", "security_groups": ["b2e29ff2-4f39-4784-800a-25720a4e23ad"], "device_id": "48c456d3-bd69-4e39-bc20-446e93dd36db", "name": "", "admin_state_up": true, "network_id": "76005d0b-cc53-4409-88a6-29db812ad01a", "dns_name": "", "binding:vif_details": {"port_filter": true}, "binding:vnic_type": "normal", "binding:vif_type": "ovs", "tenant_id": "c1ac4ceb1fbd4b5d85d7b22ec304c9d3", "mac_address": "fa:16:3e:8c:84:58"}]}
2015-12-22 04:05:53,807 21563 INFO     [tempest_lib.common.rest_client] Request (TestNetworkBasicOps:test_connectivity_between_vms_on_different_networks): 201 POST http://10.0.2.15:9696/v2.0/floatingips 0.566s
2015-12-22 04:05:53,807 21563 DEBUG    [tempest_lib.common.rest_client] Request - Headers: {'Content-Type': 'application/json', 'Accept': 'application/json', 'X-Auth-Token': '&lt;omitted&gt;'}
        Body: {"floatingip": {"floating_network_id": "df92d768-9c23-4aa8-88ae-3d159f005e49", "tenant_id": "c1ac4ceb1fbd4b5d85d7b22ec304c9d3", "fixed_ip_address": "10.100.0.3", "port_id": "86640a21-607a-4b82-afea-7f608a139c35"}}
    Response - Headers: {'status': '201', 'content-length': '367', 'connection': 'close', 'date': 'Tue, 22 Dec 2015 04:05:53 GMT', 'content-type': 'application/json; charset=UTF-8', 'x-openstack-request-id': 'req-f88f2fa8-e436-40c3-ae66-cc90d915f862'}
        Body: {"floatingip": {"floating_network_id": "df92d768-9c23-4aa8-88ae-3d159f005e49", "router_id": "2b180c89-8f7d-48da-879e-d2dfe63f92d7", "fixed_ip_address": "10.100.0.3", "floating_ip_address": "172.24.4.4", "tenant_id": "c1ac4ceb1fbd4b5d85d7b22ec304c9d3", "status": "DOWN", "port_id": "86640a21-607a-4b82-afea-7f608a139c35", "id": "b148f029-cd3e-4379-8ec2-775d91626a9f"}}
2015-12-22 04:05:53,822 21563 INFO     [tempest_lib.common.rest_client] Request (TestNetworkBasicOps:test_connectivity_between_vms_on_different_networks): 200 GET http://10.0.2.15:9696/v2.0/floatingips/b148f029-cd3e-4379-8ec2-775d91626a9f 0.014s
2015-12-22 04:05:53,823 21563 DEBUG    [tempest_lib.common.rest_client] Request - Headers: {'Content-Type': 'application/json', 'Accept': 'application/json', 'X-Auth-Token': '&lt;omitted&gt;'}
        Body: None
    Response - Headers: {'status': '200', 'content-length': '367', 'content-location': 'http://10.0.2.15:9696/v2.0/floatingips/b148f029-cd3e-4379-8ec2-775d91626a9f', 'connection': 'close', 'date': 'Tue, 22 Dec 2015 04:05:53 GMT', 'content-type': 'application/json; charset=UTF-8', 'x-openstack-request-id': 'req-4c13a204-1894-4757-ba3f-93b5ab20338b'}
        Body: {"floatingip": {"floating_network_id": "df92d768-9c23-4aa8-88ae-3d159f005e49", "router_id": "2b180c89-8f7d-48da-879e-d2dfe63f92d7", "fixed_ip_address": "10.100.0.3", "floating_ip_address": "172.24.4.4", "tenant_id": "c1ac4ceb1fbd4b5d85d7b22ec304c9d3", "status": "DOWN", "port_id": "86640a21-607a-4b82-afea-7f608a139c35", "id": "b148f029-cd3e-4379-8ec2-775d91626a9f"}}
2015-12-22 04:05:54,845 21563 INFO     [tempest_lib.common.rest_client] Request (TestNetworkBasicOps:test_connectivity_between_vms_on_different_networks): 200 GET http://10.0.2.15:9696/v2.0/floatingips/b148f029-cd3e-4379-8ec2-775d91626a9f 0.020s
2015-12-22 04:05:54,846 21563 DEBUG    [tempest_lib.common.rest_client] Request - Headers: {'Content-Type': 'application/json', 'Accept': 'application/json', 'X-Auth-Token': '&lt;omitted&gt;'}
        Body: None
    Response - Headers: {'status': '200', 'content-length': '369', 'content-location': 'http://10.0.2.15:9696/v2.0/floatingips/b148f029-cd3e-4379-8ec2-775d91626a9f', 'connection': 'close', 'date': 'Tue, 22 Dec 2015 04:05:54 GMT', 'content-type': 'application/json; charset=UTF-8', 'x-openstack-request-id': 'req-39a2db91-096e-4cda-8df2-657a06e0ecc7'}
        Body: {"floatingip": {"floating_network_id": "df92d768-9c23-4aa8-88ae-3d159f005e49", "router_id": "2b180c89-8f7d-48da-879e-d2dfe63f92d7", "fixed_ip_address": "10.100.0.3", "floating_ip_address": "172.24.4.4", "tenant_id": "c1ac4ceb1fbd4b5d85d7b22ec304c9d3", "status": "ACTIVE", "port_id": "86640a21-607a-4b82-afea-7f608a139c35", "id": "b148f029-cd3e-4379-8ec2-775d91626a9f"}}
2015-12-22 04:05:54,846 21563 INFO     [tempest.scenario.manager] FloatingIP: &lt;"FloatingIP" addr="172.24.4.4" id="b148f029-cd3e-4379-8ec2-775d91626a9f"&gt; is at status: ACTIVE
2015-12-22 04:05:54,847 21563 DEBUG    [tempest.scenario.manager] checking network connections to IP 172.24.4.4 with user: cirros
2015-12-22 04:05:54,847 21563 DEBUG    [tempest.scenario.manager] TestNetworkBasicOps:test_connectivity_between_vms_on_different_networks begins to ping 172.24.4.4 in 120 sec and the expected result is reachable
2015-12-22 04:07:55,155 21563 DEBUG    [tempest.scenario.manager] TestNetworkBasicOps:test_connectivity_between_vms_on_different_networks finishes ping 172.24.4.4 in 120 sec and the ping result is unexpected
2015-12-22 04:07:55,156 21563 ERROR    [tempest.scenario.manager] Public network connectivity check failed
2015-12-22 04:07:55.156 21563 ERROR tempest.scenario.manager Traceback (most recent call last):
2015-12-22 04:07:55.156 21563 ERROR tempest.scenario.manager   File "tempest/scenario/manager.py", line 608, in check_public_network_connectivity
2015-12-22 04:07:55.156 21563 ERROR tempest.scenario.manager     should_connect=should_connect)
2015-12-22 04:07:55.156 21563 ERROR tempest.scenario.manager   File "tempest/scenario/manager.py", line 592, in check_vm_connectivity
2015-12-22 04:07:55.156 21563 ERROR tempest.scenario.manager     msg=msg)
2015-12-22 04:07:55.156 21563 ERROR tempest.scenario.manager   File "/usr/local/lib/python2.7/dist-packages/unittest2/case.py", line 702, in assertTrue
2015-12-22 04:07:55.156 21563 ERROR tempest.scenario.manager     raise self.failureException(msg)
2015-12-22 04:07:55.156 21563 ERROR tempest.scenario.manager AssertionError: False is not true : Timed out waiting for 172.24.4.4 to become reachable
2015-12-22 04:07:55.156 21563 ERROR tempest.scenario.manager 
2015-12-22 04:07:55,492 21563 INFO     [tempest_lib.common.rest_client] Request (TestNetworkBasicOps:test_connectivity_between_vms_on_different_networks): 200 POST http://10.0.2.15:8774/v2.1/c1ac4ceb1fbd4b5d85d7b22ec304c9d3/servers/48c456d3-bd69-4e39-bc20-446e93dd36db/action 0.331s
2015-12-22 04:07:55,493 21563 DEBUG    [tempest_lib.common.rest_client] Request - Headers: {'Content-Type': 'application/json', 'Accept': 'application/json', 'X-Auth-Token': '&lt;omitted&gt;'}
        Body: {"os-getConsoleOutput": {}}
    Response - Headers: {'status': '200', 'content-length': '17580', 'x-compute-request-id': 'req-03f4c391-a958-4bb5-9dde-0e1b94c0bea7', 'vary': 'X-OpenStack-Nova-API-Version', 'connection': 'close', 'x-openstack-nova-api-version': '2.1', 'date': 'Tue, 22 Dec 2015 04:07:55 GMT', 'content-type': 'application/json'}
        Body: {"output": "[    0.000000] Initializing cgroup subsys cpuset\n[    0.000000] Initializing cgroup subsys cpu\n[    0.000000] Linux version 3.2.0-80-virtual (buildd@batsu) (gcc version 4.6.3 (Ubuntu/Linaro 4.6.3-1ubuntu5) ) #116-Ubuntu SMP Mon Mar 23 17:28:52 UTC 2015 (Ubuntu 3.2.0-80.116-virtual 3.2.68)\n[    0.000000] Command line: root=/dev/vda console=tty0 console=ttyS0 no_timer_check\n[    0.000000] KERNEL supported cpus:\n[    0.000000]   Intel GenuineIntel\n[    0.000000]   AMD AuthenticAMD\n[    0.000000]   Centaur CentaurHauls\n[    0.000000] BIOS-provided physical RAM map:\n[    0.000000]  BIOS-e820: 0000000000000000 - 000000000009fc00 (usable)\n[    0.000000]  BIOS-e820: 000000000009fc00 - 00000000000a0000 (reserved)\n[    0.000000]  BIOS-e820: 00000000000f0000 - 0000000000100000 (reserved)\n[    0.000000]  BIOS-e820: 0000000000100000 - 0000000003ffe000 (usable)\n[    0.000000]  BIOS-e820: 0000000003ffe000 - 0000000004000000 (reserved)\n[    0.000000]  BIOS-e820: 00000000fffc0000 - 0000000100000000 (reserved)\n[    0.000000] NX (Execute Disable) protection: active\n[    0.000000] SMBIOS 2.4 present.\n[    0.000000] No AGP bridge found\n[    0.000000] last_pfn = 0x3ffe max_arch_pfn = 0x400000000\n[    0.000000] x86 PAT enabled: cpu 0, old 0x7040600070406, new 0x7010600070106\n[    0.000000] found SMP MP-table at [ffff8800000f0b00] f0b00\n[    0.000000] init_memory_mapping: 0000000000000000-0000000003ffe000\n[    0.000000] RAMDISK: 03c5e000 - 03ff0000\n[    0.000000] ACPI: RSDP 00000000000f0950 00014 (v00 BOCHS )\n[    0.000000] ACPI: RSDT 0000000003fffbc1 00034 (v01 BOCHS  BXPCRSDT 00000001 BXPC 00000001)\n[    0.000000] ACPI: FACP 0000000003fff1c0 00074 (v01 BOCHS  BXPCFACP 00000001 BXPC 00000001)\n[    0.000000] ACPI: DSDT 0000000003ffe040 01180 (v01 BOCHS  BXPCDSDT 00000001 BXPC 00000001)\n[    0.000000] ACPI: FACS 0000000003ffe000 00040\n[    0.000000] ACPI: SSDT 0000000003fff234 008DD (v01 BOCHS  BXPCSSDT 00000001 BXPC 00000001)\n[    0.000000] ACPI: APIC 0000000003fffb11 00078 (v01 BOCHS  BXPCAPIC 00000001 BXPC 00000001)\n[    0.000000] ACPI: HPET 0000000003fffb89 00038 (v01 BOCHS  BXPCHPET 00000001 BXPC 00000001)\n[    0.000000] No NUMA configuration found\n[    0.000000] Faking a node at 0000000000000000-0000000003ffe000\n[    0.000000] Initmem setup node 0 0000000000000000-0000000003ffe000\n[    0.000000]   NODE_DATA [0000000003ff6000 - 0000000003ffafff]\n[    0.000000] Zone PFN ranges:\n[    0.000000]   DMA      0x00000010 -&gt; 0x00001000\n[    0.000000]   DMA32    0x00001000 -&gt; 0x00100000\n[    0.000000]   Normal   empty\n[    0.000000] Movable zone start PFN for each node\n[    0.000000] early_node_map[2] active PFN ranges\n[    0.000000]     0: 0x00000010 -&gt; 0x0000009f\n[    0.000000]     0: 0x00000100 -&gt; 0x00003ffe\n[    0.000000] ACPI: PM-Timer IO Port: 0xb008\n[    0.000000] ACPI: LAPIC (acpi_id[0x00] lapic_id[0x00] enabled)\n[    0.000000] ACPI: LAPIC_NMI (acpi_id[0xff] dfl dfl lint[0x1])\n[    0.000000] ACPI: IOAPIC (id[0x00] address[0xfec00000] gsi_base[0])\n[    0.000000] IOAPIC[0]: apic_id 0, version 17, address 0xfec00000, GSI 0-23\n[    0.000000] ACPI: INT_SRC_OVR (bus 0 bus_irq 0 global_irq 2 dfl dfl)\n[    0.000000] ACPI: INT_SRC_OVR (bus 0 bus_irq 5 global_irq 5 high level)\n[    0.000000] ACPI: INT_SRC_OVR (bus 0 bus_irq 9 global_irq 9 high level)\n[    0.000000] ACPI: INT_SRC_OVR (bus 0 bus_irq 10 global_irq 10 high level)\n[    0.000000] ACPI: INT_SRC_OVR (bus 0 bus_irq 11 global_irq 11 high level)\n[    0.000000] Using ACPI (MADT) for SMP configuration information\n[    0.000000] ACPI: HPET id: 0x8086a201 base: 0xfed00000\n[    0.000000] SMP: Allowing 1 CPUs, 0 hotplug CPUs\n[    0.000000] PM: Registered nosave memory: 000000000009f000 - 00000000000a0000\n[    0.000000] PM: Registered nosave memory: 00000000000a0000 - 00000000000f0000\n[    0.000000] PM: Registered nosave memory: 00000000000f0000 - 0000000000100000\n[    0.000000] Allocating PCI resources starting at 4000000 (gap: 4000000:fbfc0000)\n[    0.000000] Booting paravirtualized kernel on bare hardware\n[    0.000000] setup_pe
2015-12-22 04:07:55,495 21563 DEBUG    [tempest.scenario.manager] Console output for 48c456d3-bd69-4e39-bc20-446e93dd36db
body=
[    0.000000] Initializing cgroup subsys cpuset
[    0.000000] Initializing cgroup subsys cpu
[    0.000000] Linux version 3.2.0-80-virtual (buildd@batsu) (gcc version 4.6.3 (Ubuntu/Linaro 4.6.3-1ubuntu5) ) #116-Ubuntu SMP Mon Mar 23 17:28:52 UTC 2015 (Ubuntu 3.2.0-80.116-virtual 3.2.68)
[    0.000000] Command line: root=/dev/vda console=tty0 console=ttyS0 no_timer_check
[    0.000000] KERNEL supported cpus:
[    0.000000]   Intel GenuineIntel
[    0.000000]   AMD AuthenticAMD
[    0.000000]   Centaur CentaurHauls
[    0.000000] BIOS-provided physical RAM map:
[    0.000000]  BIOS-e820: 0000000000000000 - 000000000009fc00 (usable)
[    0.000000]  BIOS-e820: 000000000009fc00 - 00000000000a0000 (reserved)
[    0.000000]  BIOS-e820: 00000000000f0000 - 0000000000100000 (reserved)
[    0.000000]  BIOS-e820: 0000000000100000 - 0000000003ffe000 (usable)
[    0.000000]  BIOS-e820: 0000000003ffe000 - 0000000004000000 (reserved)
[    0.000000]  BIOS-e820: 00000000fffc0000 - 0000000100000000 (reserved)
[    0.000000] NX (Execute Disable) protection: active
[    0.000000] SMBIOS 2.4 present.
[    0.000000] No AGP bridge found
[    0.000000] last_pfn = 0x3ffe max_arch_pfn = 0x400000000
[    0.000000] x86 PAT enabled: cpu 0, old 0x7040600070406, new 0x7010600070106
[    0.000000] found SMP MP-table at [ffff8800000f0b00] f0b00
[    0.000000] init_memory_mapping: 0000000000000000-0000000003ffe000
[    0.000000] RAMDISK: 03c5e000 - 03ff0000
[    0.000000] ACPI: RSDP 00000000000f0950 00014 (v00 BOCHS )
[    0.000000] ACPI: RSDT 0000000003fffbc1 00034 (v01 BOCHS  BXPCRSDT 00000001 BXPC 00000001)
[    0.000000] ACPI: FACP 0000000003fff1c0 00074 (v01 BOCHS  BXPCFACP 00000001 BXPC 00000001)
[    0.000000] ACPI: DSDT 0000000003ffe040 01180 (v01 BOCHS  BXPCDSDT 00000001 BXPC 00000001)
[    0.000000] ACPI: FACS 0000000003ffe000 00040
[    0.000000] ACPI: SSDT 0000000003fff234 008DD (v01 BOCHS  BXPCSSDT 00000001 BXPC 00000001)
[    0.000000] ACPI: APIC 0000000003fffb11 00078 (v01 BOCHS  BXPCAPIC 00000001 BXPC 00000001)
[    0.000000] ACPI: HPET 0000000003fffb89 00038 (v01 BOCHS  BXPCHPET 00000001 BXPC 00000001)
[    0.000000] No NUMA configuration found
[    0.000000] Faking a node at 0000000000000000-0000000003ffe000
[    0.000000] Initmem setup node 0 0000000000000000-0000000003ffe000
[    0.000000]   NODE_DATA [0000000003ff6000 - 0000000003ffafff]
[    0.000000] Zone PFN ranges:
[    0.000000]   DMA      0x00000010 -&gt; 0x00001000
[    0.000000]   DMA32    0x00001000 -&gt; 0x00100000
[    0.000000]   Normal   empty
[    0.000000] Movable zone start PFN for each node
[    0.000000] early_node_map[2] active PFN ranges
[    0.000000]     0: 0x00000010 -&gt; 0x0000009f
[    0.000000]     0: 0x00000100 -&gt; 0x00003ffe
[    0.000000] ACPI: PM-Timer IO Port: 0xb008
[    0.000000] ACPI: LAPIC (acpi_id[0x00] lapic_id[0x00] enabled)
[    0.000000] ACPI: LAPIC_NMI (acpi_id[0xff] dfl dfl lint[0x1])
[    0.000000] ACPI: IOAPIC (id[0x00] address[0xfec00000] gsi_base[0])
[    0.000000] IOAPIC[0]: apic_id 0, version 17, address 0xfec00000, GSI 0-23
[    0.000000] ACPI: INT_SRC_OVR (bus 0 bus_irq 0 global_irq 2 dfl dfl)
[    0.000000] ACPI: INT_SRC_OVR (bus 0 bus_irq 5 global_irq 5 high level)
[    0.000000] ACPI: INT_SRC_OVR (bus 0 bus_irq 9 global_irq 9 high level)
[    0.000000] ACPI: INT_SRC_OVR (bus 0 bus_irq 10 global_irq 10 high level)
[    0.000000] ACPI: INT_SRC_OVR (bus 0 bus_irq 11 global_irq 11 high level)
[    0.000000] Using ACPI (MADT) for SMP configuration information
[    0.000000] ACPI: HPET id: 0x8086a201 base: 0xfed00000
[    0.000000] SMP: Allowing 1 CPUs, 0 hotplug CPUs
[    0.000000] PM: Registered nosave memory: 000000000009f000 - 00000000000a0000
[    0.000000] PM: Registered nosave memory: 00000000000a0000 - 00000000000f0000
[    0.000000] PM: Registered nosave memory: 00000000000f0000 - 0000000000100000
[    0.000000] Allocating PCI resources starting at 4000000 (gap: 4000000:fbfc0000)
[    0.000000] Booting paravirtualized kernel on bare hardware
[    0.000000] setup_percpu: NR_CPUS:64 nr_cpumask_bits:64 nr_cpu_ids:1 nr_node_ids:1
[    0.000000] PERCPU: Embedded 27 pages/cpu @ffff880003a00000 s78848 r8192 d23552 u2097152
[    0.000000] Built 1 zonelists in Node order, mobility grouping on.  Total pages: 16008
[    0.000000] Policy zone: DMA32
[    0.000000] Kernel command line: root=/dev/vda console=tty0 console=ttyS0 no_timer_check
[    0.000000] PID hash table entries: 256 (order: -1, 2048 bytes)
[    0.000000] Checking aperture...
[    0.000000] No AGP bridge found
[    0.000000] Memory: 43492k/65528k available (6576k kernel code, 452k absent, 21584k reserved, 6620k data, 928k init)
[    0.000000] SLUB: Genslabs=15, HWalign=64, Order=0-3, MinObjects=0, CPUs=1, Nodes=1
[    0.000000] Hierarchical RCU implementation.
[    0.000000] 	RCU dyntick-idle grace-period acceleration is enabled.
[    0.000000] NR_IRQS:4352 nr_irqs:256 16
[    0.000000] Console: colour VGA+ 80x25
[    0.000000] console [tty0] enabled
[    0.000000] console [ttyS0] enabled
[    0.000000] allocated 1048576 bytes of page_cgroup
[    0.000000] please try 'cgroup_disable=memory' option if you don't want memory cgroups
[    0.000000] Fast TSC calibration failed
[    0.000000] TSC: Unable to calibrate against PIT
[    0.000000] TSC: using HPET reference calibration
[    0.000000] Detected 2294.361 MHz processor.
[    0.032937] Calibrating delay loop (skipped), value calculated using timer frequency.. 4588.72 BogoMIPS (lpj=9177444)
[    0.036784] pid_max: default: 32768 minimum: 301
[    0.045737] Security Framework initialized
[    0.050385] AppArmor: AppArmor initialized
[    0.051074] Yama: becoming mindful.
[    0.058098] Dentry cache hash table entries: 8192 (order: 4, 65536 bytes)
[    0.060279] Inode-cache hash table entries: 4096 (order: 3, 32768 bytes)
[    0.061656] Mount-cache hash table entries: 256
[    0.077625] Initializing cgroup subsys cpuacct
[    0.078586] Initializing cgroup subsys memory
[    0.080837] Initializing cgroup subsys devices
[    0.081943] Initializing cgroup subsys freezer
[    0.084149] Initializing cgroup subsys blkio
[    0.085001] Initializing cgroup subsys perf_event
[    0.089727] mce: CPU supports 10 MCE banks
[    0.093621] SMP alternatives: switching to UP code
[    0.513907] Freeing SMP alternatives: 24k freed
[    0.517075] ACPI: Core revision 20110623
[    0.566982] ftrace: allocating 26610 entries in 105 pages
[    0.604037] ..TIMER: vector=0x30 apic1=0 pin1=2 apic2=-1 pin2=-1
[    0.604154] CPU0: AMD QEMU Virtual CPU version 2.0.0 stepping 03
[    0.612037] APIC calibration not consistent with PM-Timer: 98ms instead of 100ms
[    0.612037] APIC delta adjusted to PM-Timer: 6249065 (6168446)
[    0.612037] Performance Events: Broken PMU hardware detected, using software events only.
[    0.626783] NMI watchdog disabled (cpu0): hardware events not enabled
[    0.628781] Brought up 1 CPUs
[    0.629325] Total of 1 processors activated (4588.72 BogoMIPS).
[    0.653914] devtmpfs: initialized
[    0.684857] EVM: security.selinux
[    0.685338] EVM: security.SMACK64
[    0.688129] EVM: security.capability
[    0.716465] print_constraints: dummy: 
[    0.717938] RTC time:  4:05:55, date: 12/22/15
[    0.720343] NET: Registered protocol family 16
[    0.730547] ACPI: bus type pci registered
[    0.736099] PCI: Using configuration type 1 for base access
[    0.763144] bio: create slab &lt;bio-0&gt; at 0
[    0.768289] ACPI: Added _OSI(Module Device)
[    0.768823] ACPI: Added _OSI(Processor Device)
[    0.769688] ACPI: Added _OSI(3.0 _SCP Extensions)
[    0.770315] ACPI: Added _OSI(Processor Aggregator Device)
[    0.851211] ACPI: Interpreter enabled
[    0.852197] ACPI: (supports S0 S3 S4 S5)
[    0.856405] ACPI: Using IOAPIC for interrupt routing
[    0.957351] ACPI: No dock devices found.
[    0.957846] HEST: Table not found.
[    0.958390] PCI: Using host bridge windows from ACPI; if necessary, use "pci=nocrs" and report a bug
[    0.965798] ACPI: PCI Root Bridge [PCI0] (domain 0000 [bus 00-ff])
[    0.972941] pci_root PNP0A03:00: host bridge window [io  0x0000-0x0cf7]
[    0.974589] pci_root PNP0A03:00: host bridge window [io  0x0d00-0xadff]
[    0.976111] pci_root PNP0A03:00: host bridge window [io  0xae0f-0xaeff]
[    0.976922] pci_root PNP0A03:00: host bridge window [io  0xaf20-0xafdf]
[    0.977687] pci_root PNP0A03:00: host bridge window [io  0xafe4-0xffff]
[    0.980210] pci_root PNP0A03:00: host bridge window [mem 0x000a0000-0x000bffff]
[    0.981101] pci_root PNP0A03:00: host bridge window [mem 0x04000000-0xfebfffff]
[    1.009159] pci 0000:00:01.3: quirk: [io  0xb000-0xb03f] claimed by PIIX4 ACPI
[    1.010297] pci 0000:00:01.3: quirk: [io  0xb100-0xb10f] claimed by PIIX4 SMB
[    1.090566]  pci0000:00: Unable to request _OSC control (_OSC support mask: 0x1e)
[    1.160166] ACPI: PCI Interrupt Link [LNKA] (IRQs 5 *10 11)
[    1.161618] ACPI: PCI Interrupt Link [LNKB] (IRQs 5 *10 11)
[    1.164916] ACPI: PCI Interrupt Link [LNKC] (IRQs 5 10 *11)
[    1.166377] ACPI: PCI Interrupt Link [LNKD] (IRQs 5 10 *11)
[    1.168352] ACPI: PCI Interrupt Link [LNKS] (IRQs *9)
[    1.175124] vgaarb: device added: PCI:0000:00:02.0,decodes=io+mem,owns=io+mem,locks=none
[    1.176193] vgaarb: loaded
[    1.176577] vgaarb: bridge control possible 0000:00:02.0
[    1.180617] i2c-core: driver [aat2870] using legacy suspend method
[    1.181330] i2c-core: driver [aat2870] using legacy resume method
[    1.186096] SCSI subsystem initialized
[    1.192893] usbcore: registered new interface driver usbfs
[    1.195266] usbcore: registered new interface driver hub
[    1.197736] usbcore: registered new device driver usb
[    1.205071] PCI: Using ACPI for IRQ routing
[    1.218643] NetLabel: Initializing
[    1.219333] NetLabel:  domain hash size = 128
[    1.220162] NetLabel:  protocols = UNLABELED CIPSOv4
[    1.222253] NetLabel:  unlabeled traffic allowed by default
[    1.226767] HPET: 3 timers in total, 0 timers will be used for per-cpu timer
[    1.228444] hpet0: at MMIO 0xfed00000, IRQs 2, 8, 0
[    1.229338] hpet0: 3 comparators, 64-bit 100.000000 MHz counter
[    1.242724] Switching to clocksource hpet
[    1.478465] AppArmor: AppArmor Filesystem Enabled
[    1.480073] pnp: PnP ACPI init
[    1.481656] ACPI: bus type pnp registered
[    1.515538] pnp: PnP ACPI: found 9 devices
[    1.516079] ACPI: ACPI bus type pnp unregistered
[    1.575419] NET: Registered protocol family 2
[    1.611960] IP route cache hash table entries: 512 (order: 0, 4096 bytes)
[    1.619950] TCP established hash table entries: 2048 (order: 3, 32768 bytes)
[    1.621879] TCP bind hash table entries: 2048 (order: 3, 32768 bytes)
[    1.623066] TCP: Hash tables configured (established 2048 bind 2048)
[    1.623860] TCP reno registered
[    1.625101] UDP hash table entries: 128 (order: 0, 4096 bytes)
[    1.625954] UDP-Lite hash table entries: 128 (order: 0, 4096 bytes)
[    1.629210] NET: Registered protocol family 1
[    1.629992] pci 0000:00:00.0: Limiting direct PCI/PCI transfers
[    1.630798] pci 0000:00:01.0: PIIX3: Enabling Passive Release
[    1.631628] pci 0000:00:01.0: Activating ISA DMA hang workarounds
[    1.636070] ACPI: PCI Interrupt Link [LNKD] enabled at IRQ 11
[    1.637811] pci 0000:00:01.2: PCI INT D -&gt; Link[LNKD] -&gt; GSI 11 (level, high) -&gt; IRQ 11
[    1.639634] pci 0000:00:01.2: PCI INT D disabled
[    1.657328] Trying to unpack rootfs image as initramfs...
[    1.674500] audit: initializing netlink socket (disabled)
[    1.676002] type=2000 audit(1450757155.672:1): initialized
[    1.977708] HugeTLB registered 2 MB page size, pre-allocated 0 pages
[    2.077461] VFS: Disk quotas dquot_6.5.2
[    2.079457] Dquot-cache hash table entries: 512 (order 0, 4096 bytes)
[    2.111249] fuse init (API version 7.17)
[    2.114328] msgmni has been set to 84
[    2.150967] Block layer SCSI generic (bsg) driver version 0.4 loaded (major 253)
[    2.159070] io scheduler noop registered
[    2.159728] io scheduler deadline registered (default)
[    2.161857] io scheduler cfq registered
[    2.166032] pci_hotplug: PCI Hot Plug PCI Core version: 0.5
[    2.167957] pciehp: PCI Express Hot Plug Controller Driver version: 0.4
[    2.175020] input: Power Button as /devices/LNXSYSTM:00/LNXPWRBN:00/input/input0
[    2.178348] ACPI: Power Button [PWRF]
[    2.250631] ERST: Table is not found!
[    2.252036] GHES: HEST is not enabled!
[    2.267548] ACPI: PCI Interrupt Link [LNKC] enabled at IRQ 10
[    2.269583] virtio-pci 0000:00:03.0: PCI INT A -&gt; Link[LNKC] -&gt; GSI 10 (level, high) -&gt; IRQ 10
[    2.274311] virtio-pci 0000:00:04.0: PCI INT A -&gt; Link[LNKD] -&gt; GSI 11 (level, high) -&gt; IRQ 11
[    2.286626] ACPI: PCI Interrupt Link [LNKA] enabled at IRQ 10
[    2.288007] virtio-pci 0000:00:05.0: PCI INT A -&gt; Link[LNKA] -&gt; GSI 10 (level, high) -&gt; IRQ 10
[    2.302269] Serial: 8250/16550 driver, 32 ports, IRQ sharing enabled
[    2.353498] serial8250: ttyS0 at I/O 0x3f8 (irq = 4) is a 16550A
[    2.452131] serial8250: ttyS1 at I/O 0x2f8 (irq = 3) is a 16550A
[    2.584594] 00:05: ttyS0 at I/O 0x3f8 (irq = 4) is a 16550A
[    2.659851] 00:06: ttyS1 at I/O 0x2f8 (irq = 3) is a 16550A
[    2.661859] Refined TSC clocksource calibration: 2294.480 MHz.
[    2.662986] Switching to clocksource tsc
[    2.707786] Linux agpgart interface v0.103
[    2.770009] brd: module loaded
[    2.797840] loop: module loaded
[    2.830263]  vda: unknown partition table
[    2.874588] scsi0 : ata_piix
[    2.885986] scsi1 : ata_piix
[    2.888604] ata1: PATA max MWDMA2 cmd 0x1f0 ctl 0x3f6 bmdma 0xc0a0 irq 14
[    2.891521] ata2: PATA max MWDMA2 cmd 0x170 ctl 0x376 bmdma 0xc0a8 irq 15
[    2.907201] Fixed MDIO Bus: probed
[    2.907988] tun: Universal TUN/TAP device driver, 1.6
[    2.908911] tun: (C) 1999-2004 Max Krasnyansky &lt;maxk@qualcomm.com&gt;
[    2.921224] PPP generic driver version 2.4.2
[    2.949651] ehci_hcd: USB 2.0 'Enhanced' Host Controller (EHCI) Driver
[    2.950798] ohci_hcd: USB 1.1 'Open' Host Controller (OHCI) Driver
[    2.951787] uhci_hcd: USB Universal Host Controller Interface driver
[    2.954037] uhci_hcd 0000:00:01.2: PCI INT D -&gt; Link[LNKD] -&gt; GSI 11 (level, high) -&gt; IRQ 11
[    2.957714] uhci_hcd 0000:00:01.2: UHCI Host Controller
[    2.966126] uhci_hcd 0000:00:01.2: new USB bus registered, assigned bus number 1
[    2.967901] uhci_hcd 0000:00:01.2: irq 11, io base 0x0000c040
[    3.001889] hub 1-0:1.0: USB hub found
[    3.003193] hub 1-0:1.0: 2 ports detected
[    3.012254] usbcore: registered new interface driver libusual
[    3.015423] i8042: PNP: PS/2 Controller [PNP0303:KBD,PNP0f13:MOU] at 0x60,0x64 irq 1,12
[    3.023050] serio: i8042 KBD port at 0x60,0x64 irq 1
[    3.025180] serio: i8042 AUX port at 0x60,0x64 irq 12
[    3.064016] mousedev: PS/2 mouse device common for all mice
[    3.072495] input: AT Translated Set 2 keyboard as /devices/platform/i8042/serio0/input/input1
[    3.085420] rtc_cmos 00:01: RTC can wake from S4
[    3.121898] rtc_cmos 00:01: rtc core: registered rtc_cmos as rtc0
[    3.126324] rtc0: alarms up to one day, 114 bytes nvram, hpet irqs
[    3.132017] device-mapper: uevent: version 1.0.3
[    3.163536] ata2.01: ATAPI: QEMU DVD-ROM, 2.0.0, max UDMA/100
[    3.178737] device-mapper: ioctl: 4.22.0-ioctl (2011-10-19) initialised: dm-devel@redhat.com
[    3.182515] cpuidle: using governor ladder
[    3.183366] cpuidle: using governor menu
[    3.183935] EFI Variables Facility v0.08 2004-May-17
[    3.204929] TCP cubic registered
[    3.211557] NET: Registered protocol family 10
[    3.243986] NET: Registered protocol family 17
[    3.245311] Registering the dns_resolver key type
[    3.254726] ata2.01: configured for MWDMA2
[    3.279360] scsi 1:0:1:0: CD-ROM            QEMU     QEMU DVD-ROM     2.0. PQ: 0 ANSI: 5
[    3.304640] sr0: scsi3-mmc drive: 4x/4x cd/rw xa/form2 tray
[    3.305943] cdrom: Uniform CD-ROM driver Revision: 3.20
[    3.324872] sr 1:0:1:0: Attached scsi generic sg0 type 5
[    3.380458] registered taskstats version 1
[    3.420109] Freeing initrd memory: 3656k freed
[    3.924296]   Magic number: 11:624:60
[    3.932309] rtc_cmos 00:01: setting system clock to 2015-12-22 04:05:58 UTC (1450757158)
[    3.934462] powernow-k8: Processor cpuid 663 not supported
[    3.940019] BIOS EDD facility v0.16 2004-Jun-25, 0 devices found
[    3.942311] EDD information not available.
[    4.009579] Freeing unused kernel memory: 928k freed
[    4.015021] Write protecting the kernel read-only data: 12288k
[    4.136218] Freeing unused kernel memory: 1596k freed
[    4.193121] Freeing unused kernel memory: 1184k freed

info: initramfs: up at 4.37
modprobe: module virtio_blk not found in modules.dep
modprobe: module virtio_net not found in modules.dep
info: copying initramfs to /dev/vda
info: initramfs loading root from /dev/vda
info: /etc/init.d/rc.sysinit: up at 8.86
info: container: none
Starting logging: OK
modprobe: module virtio_blk not found in modules.dep
modprobe: module virtio_net not found in modules.dep
WARN: /etc/rc3.d/S10-load-modules failed
Initializing random number generator... done.
Starting acpid: OK
cirros-ds 'local' up at 11.42
found datasource (configdrive, local)
Starting network...
udhcpc (v1.20.1) started
Sending discover...
Sending discover...

2015-12-22 04:07:55,902 21563 INFO     [tempest_lib.common.rest_client] Request (TestNetworkBasicOps:_run_cleanups): 204 DELETE http://10.0.2.15:9696/v2.0/floatingips/b148f029-cd3e-4379-8ec2-775d91626a9f 0.401s
2015-12-22 04:07:55,903 21563 DEBUG    [tempest_lib.common.rest_client] Request - Headers: {'Content-Type': 'application/json', 'Accept': 'application/json', 'X-Auth-Token': '&lt;omitted&gt;'}
        Body: None
    Response - Headers: {'date': 'Tue, 22 Dec 2015 04:07:55 GMT', 'status': '204', 'connection': 'close', 'content-length': '0', 'x-openstack-request-id': 'req-21d1ff80-9890-4293-9a11-f97a58bc44a2'}
        Body: 
2015-12-22 04:07:56,126 21563 INFO     [tempest_lib.common.rest_client] Request (TestNetworkBasicOps:_run_cleanups): 204 DELETE http://10.0.2.15:8774/v2.1/c1ac4ceb1fbd4b5d85d7b22ec304c9d3/servers/48c456d3-bd69-4e39-bc20-446e93dd36db 0.222s
2015-12-22 04:07:56,127 21563 DEBUG    [tempest_lib.common.rest_client] Request - Headers: {'Content-Type': 'application/json', 'Accept': 'application/json', 'X-Auth-Token': '&lt;omitted&gt;'}
        Body: None
    Response - Headers: {'status': '204', 'content-length': '0', 'x-compute-request-id': 'req-887089b0-2b4b-4238-a481-831dca29d3a2', 'vary': 'X-OpenStack-Nova-API-Version', 'connection': 'close', 'x-openstack-nova-api-version': '2.1', 'date': 'Tue, 22 Dec 2015 04:07:56 GMT', 'content-type': 'application/json'}
        Body: 
2015-12-22 04:07:56,400 21563 INFO     [tempest_lib.common.rest_client] Request (TestNetworkBasicOps:_run_cleanups): 200 GET http://10.0.2.15:8774/v2.1/c1ac4ceb1fbd4b5d85d7b22ec304c9d3/servers/48c456d3-bd69-4e39-bc20-446e93dd36db 0.272s
2015-12-22 04:07:56,400 21563 DEBUG    [tempest_lib.common.rest_client] Request - Headers: {'Content-Type': 'application/json', 'Accept': 'application/json', 'X-Auth-Token': '&lt;omitted&gt;'}
        Body: None
    Response - Headers: {'status': '200', 'content-length': '1775', 'content-location': 'http://10.0.2.15:8774/v2.1/c1ac4ceb1fbd4b5d85d7b22ec304c9d3/servers/48c456d3-bd69-4e39-bc20-446e93dd36db', 'x-compute-request-id': 'req-f074ee82-bcb7-4cd5-b965-f0ff7c25607a', 'vary': 'X-OpenStack-Nova-API-Version', 'connection': 'close', 'x-openstack-nova-api-version': '2.1', 'date': 'Tue, 22 Dec 2015 04:07:56 GMT', 'content-type': 'application/json'}
        Body: {"server": {"status": "ACTIVE", "updated": "2015-12-22T04:07:56Z", "hostId": "73df35cf73c9e1e1457387158fbf4ed6d6dae86630dfee37ce913618", "addresses": {"tempest-network-smoke--823411299": [{"OS-EXT-IPS-MAC:mac_addr": "fa:16:3e:8c:84:58", "version": 4, "addr": "10.100.0.3", "OS-EXT-IPS:type": "fixed"}, {"OS-EXT-IPS-MAC:mac_addr": "fa:16:3e:8c:84:58", "version": 4, "addr": "172.24.4.4", "OS-EXT-IPS:type": "floating"}]}, "links": [{"href": "http://10.0.2.15:8774/v2.1/c1ac4ceb1fbd4b5d85d7b22ec304c9d3/servers/48c456d3-bd69-4e39-bc20-446e93dd36db", "rel": "self"}, {"href": "http://10.0.2.15:8774/c1ac4ceb1fbd4b5d85d7b22ec304c9d3/servers/48c456d3-bd69-4e39-bc20-446e93dd36db", "rel": "bookmark"}], "key_name": "tempest-TestNetworkBasicOps-2001208588", "image": {"id": "e016b1e5-895a-4b55-affa-073a214d3eef", "links": [{"href": "http://10.0.2.15:8774/c1ac4ceb1fbd4b5d85d7b22ec304c9d3/images/e016b1e5-895a-4b55-affa-073a214d3eef", "rel": "bookmark"}]}, "OS-EXT-STS:task_state": "deleting", "OS-EXT-STS:vm_state": "active", "OS-SRV-USG:launched_at": "2015-12-22T04:05:51.000000", "flavor": {"id": "42", "links": [{"href": "http://10.0.2.15:8774/c1ac4ceb1fbd4b5d85d7b22ec304c9d3/flavors/42", "rel": "bookmark"}]}, "id": "48c456d3-bd69-4e39-bc20-446e93dd36db", "security_groups": [{"name": "tempest-secgroup-smoke-487343815"}], "OS-SRV-USG:terminated_at": null, "OS-EXT-AZ:availability_zone": "nova", "user_id": "5d671f031ec645a9b8d3665f642c8550", "name": "tempest.common.compute-instance-1374578558", "created": "2015-12-22T04:05:47Z", "tenant_id": "c1ac4ceb1fbd4b5d85d7b22ec304c9d3", "OS-DCF:diskConfig": "MANUAL", "os-extended-volumes:volumes_attached": [], "accessIPv4": "", "accessIPv6": "", "progress": 0, "OS-EXT-STS:power_state": 1, "config_drive": "True", "metadata": {}}}
2015-12-22 04:07:57,545 21563 INFO     [tempest_lib.common.rest_client] Request (TestNetworkBasicOps:_run_cleanups): 200 GET http://10.0.2.15:8774/v2.1/c1ac4ceb1fbd4b5d85d7b22ec304c9d3/servers/48c456d3-bd69-4e39-bc20-446e93dd36db 0.133s
2015-12-22 04:07:57,545 21563 DEBUG    [tempest_lib.common.rest_client] Request - Headers: {'Content-Type': 'application/json', 'Accept': 'application/json', 'X-Auth-Token': '&lt;omitted&gt;'}
        Body: None
    Response - Headers: {'status': '200', 'content-length': '1441', 'content-location': 'http://10.0.2.15:8774/v2.1/c1ac4ceb1fbd4b5d85d7b22ec304c9d3/servers/48c456d3-bd69-4e39-bc20-446e93dd36db', 'x-compute-request-id': 'req-7dd016e7-27ab-4d1e-9bec-3a8a6b186cee', 'vary': 'X-OpenStack-Nova-API-Version', 'connection': 'close', 'x-openstack-nova-api-version': '2.1', 'date': 'Tue, 22 Dec 2015 04:07:57 GMT', 'content-type': 'application/json'}
        Body: {"server": {"status": "ACTIVE", "updated": "2015-12-22T04:07:56Z", "hostId": "73df35cf73c9e1e1457387158fbf4ed6d6dae86630dfee37ce913618", "addresses": {}, "links": [{"href": "http://10.0.2.15:8774/v2.1/c1ac4ceb1fbd4b5d85d7b22ec304c9d3/servers/48c456d3-bd69-4e39-bc20-446e93dd36db", "rel": "self"}, {"href": "http://10.0.2.15:8774/c1ac4ceb1fbd4b5d85d7b22ec304c9d3/servers/48c456d3-bd69-4e39-bc20-446e93dd36db", "rel": "bookmark"}], "key_name": "tempest-TestNetworkBasicOps-2001208588", "image": {"id": "e016b1e5-895a-4b55-affa-073a214d3eef", "links": [{"href": "http://10.0.2.15:8774/c1ac4ceb1fbd4b5d85d7b22ec304c9d3/images/e016b1e5-895a-4b55-affa-073a214d3eef", "rel": "bookmark"}]}, "OS-EXT-STS:task_state": "deleting", "OS-EXT-STS:vm_state": "active", "OS-SRV-USG:launched_at": "2015-12-22T04:05:51.000000", "flavor": {"id": "42", "links": [{"href": "http://10.0.2.15:8774/c1ac4ceb1fbd4b5d85d7b22ec304c9d3/flavors/42", "rel": "bookmark"}]}, "id": "48c456d3-bd69-4e39-bc20-446e93dd36db", "OS-SRV-USG:terminated_at": null, "OS-EXT-AZ:availability_zone": "nova", "user_id": "5d671f031ec645a9b8d3665f642c8550", "name": "tempest.common.compute-instance-1374578558", "created": "2015-12-22T04:05:47Z", "tenant_id": "c1ac4ceb1fbd4b5d85d7b22ec304c9d3", "OS-DCF:diskConfig": "MANUAL", "os-extended-volumes:volumes_attached": [], "accessIPv4": "", "accessIPv6": "", "progress": 0, "OS-EXT-STS:power_state": 1, "config_drive": "True", "metadata": {}}}
2015-12-22 04:07:58,637 21563 INFO     [tempest_lib.common.rest_client] Request (TestNetworkBasicOps:_run_cleanups): 404 GET http://10.0.2.15:8774/v2.1/c1ac4ceb1fbd4b5d85d7b22ec304c9d3/servers/48c456d3-bd69-4e39-bc20-446e93dd36db 0.079s
2015-12-22 04:07:58,637 21563 DEBUG    [tempest_lib.common.rest_client] Request - Headers: {'Content-Type': 'application/json', 'Accept': 'application/json', 'X-Auth-Token': '&lt;omitted&gt;'}
        Body: None
    Response - Headers: {'status': '404', 'content-length': '111', 'x-compute-request-id': 'req-dccfe2df-9978-47b6-8d72-228a56117ee1', 'vary': 'X-OpenStack-Nova-API-Version', 'connection': 'close', 'x-openstack-nova-api-version': '2.1', 'date': 'Tue, 22 Dec 2015 04:07:58 GMT', 'content-type': 'application/json; charset=UTF-8'}
        Body: {"itemNotFound": {"message": "Instance 48c456d3-bd69-4e39-bc20-446e93dd36db could not be found.", "code": 404}}
2015-12-22 04:07:58,657 21563 INFO     [tempest_lib.common.rest_client] Request (TestNetworkBasicOps:_run_cleanups): 202 DELETE http://10.0.2.15:8774/v2.1/c1ac4ceb1fbd4b5d85d7b22ec304c9d3/os-keypairs/tempest-TestNetworkBasicOps-2001208588 0.018s
2015-12-22 04:07:58,658 21563 DEBUG    [tempest_lib.common.rest_client] Request - Headers: {'Content-Type': 'application/json', 'Accept': 'application/json', 'X-Auth-Token': '&lt;omitted&gt;'}
        Body: None
    Response - Headers: {'status': '202', 'content-length': '0', 'x-compute-request-id': 'req-3ed20954-69a2-44f1-835e-52da83578a86', 'vary': 'X-OpenStack-Nova-API-Version', 'connection': 'close', 'x-openstack-nova-api-version': '2.1', 'date': 'Tue, 22 Dec 2015 04:07:58 GMT', 'content-type': 'application/json'}
        Body: 
2015-12-22 04:07:59,173 21563 INFO     [tempest_lib.common.rest_client] Request (TestNetworkBasicOps:_run_cleanups): 200 PUT http://10.0.2.15:9696/v2.0/routers/2b180c89-8f7d-48da-879e-d2dfe63f92d7/remove_router_interface 0.514s
2015-12-22 04:07:59,174 21563 DEBUG    [tempest_lib.common.rest_client] Request - Headers: {'Content-Type': 'application/json', 'Accept': 'application/json', 'X-Auth-Token': '&lt;omitted&gt;'}
        Body: {"subnet_id": "dbfaa6d5-acd7-4b02-91a3-d3a6af911048"}
    Response - Headers: {'status': '200', 'content-length': '255', 'connection': 'close', 'date': 'Tue, 22 Dec 2015 04:07:59 GMT', 'content-type': 'application/json; charset=UTF-8', 'x-openstack-request-id': 'req-4cc9a31a-1fa7-4362-8a0a-8db5817d8c3c'}
        Body: {"subnet_id": "dbfaa6d5-acd7-4b02-91a3-d3a6af911048", "tenant_id": "c1ac4ceb1fbd4b5d85d7b22ec304c9d3", "subnet_ids": ["dbfaa6d5-acd7-4b02-91a3-d3a6af911048"], "port_id": "4b21646c-b0df-4e22-ba2f-b40f1a0863bc", "id": "2b180c89-8f7d-48da-879e-d2dfe63f92d7"}
2015-12-22 04:07:59,668 21563 INFO     [tempest_lib.common.rest_client] Request (TestNetworkBasicOps:_run_cleanups): 204 DELETE http://10.0.2.15:9696/v2.0/subnets/dbfaa6d5-acd7-4b02-91a3-d3a6af911048 0.492s
2015-12-22 04:07:59,669 21563 DEBUG    [tempest_lib.common.rest_client] Request - Headers: {'Content-Type': 'application/json', 'Accept': 'application/json', 'X-Auth-Token': '&lt;omitted&gt;'}
        Body: None
    Response - Headers: {'date': 'Tue, 22 Dec 2015 04:07:59 GMT', 'status': '204', 'connection': 'close', 'content-length': '0', 'x-openstack-request-id': 'req-05d015ad-e5da-4dfc-9963-0feabd56e4f0'}
        Body: 
2015-12-22 04:07:59,721 21563 INFO     [tempest_lib.common.rest_client] Request (TestNetworkBasicOps:_run_cleanups): 200 GET http://10.0.2.15:9696/v2.0/routers/2b180c89-8f7d-48da-879e-d2dfe63f92d7 0.051s
2015-12-22 04:07:59,721 21563 DEBUG    [tempest_lib.common.rest_client] Request - Headers: {'Content-Type': 'application/json', 'Accept': 'application/json', 'X-Auth-Token': '&lt;omitted&gt;'}
        Body: None
    Response - Headers: {'status': '200', 'content-length': '564', 'content-location': 'http://10.0.2.15:9696/v2.0/routers/2b180c89-8f7d-48da-879e-d2dfe63f92d7', 'connection': 'close', 'date': 'Tue, 22 Dec 2015 04:07:59 GMT', 'content-type': 'application/json; charset=UTF-8', 'x-openstack-request-id': 'req-b56e8c08-851e-438f-9ba8-7ad6d0b7ca16'}
        Body: {"router": {"status": "ACTIVE", "external_gateway_info": {"network_id": "df92d768-9c23-4aa8-88ae-3d159f005e49", "enable_snat": true, "external_fixed_ips": [{"subnet_id": "30bf6288-8beb-4185-be56-b65e6d605f54", "ip_address": "172.24.4.3"}, {"subnet_id": "819213fa-821b-418b-adde-a66c222b0f5f", "ip_address": "2001:db8::4"}]}, "availability_zone_hints": [], "availability_zones": ["nova"], "name": "tempest-router-smoke-1114354936", "admin_state_up": true, "tenant_id": "c1ac4ceb1fbd4b5d85d7b22ec304c9d3", "routes": [], "id": "2b180c89-8f7d-48da-879e-d2dfe63f92d7"}}
2015-12-22 04:08:00,175 21563 INFO     [tempest_lib.common.rest_client] Request (TestNetworkBasicOps:_run_cleanups): 200 PUT http://10.0.2.15:9696/v2.0/routers/2b180c89-8f7d-48da-879e-d2dfe63f92d7 0.452s
2015-12-22 04:08:00,176 21563 DEBUG    [tempest_lib.common.rest_client] Request - Headers: {'Content-Type': 'application/json', 'Accept': 'application/json', 'X-Auth-Token': '&lt;omitted&gt;'}
        Body: {"router": {"external_gateway_info": {}, "name": "tempest-router-smoke-1114354936", "admin_state_up": true}}
    Response - Headers: {'status': '200', 'content-length': '302', 'connection': 'close', 'date': 'Tue, 22 Dec 2015 04:08:00 GMT', 'content-type': 'application/json; charset=UTF-8', 'x-openstack-request-id': 'req-c197a64b-1fe7-46c2-843f-8226140c71ea'}
        Body: {"router": {"status": "ACTIVE", "external_gateway_info": null, "availability_zone_hints": [], "availability_zones": ["nova"], "name": "tempest-router-smoke-1114354936", "admin_state_up": true, "tenant_id": "c1ac4ceb1fbd4b5d85d7b22ec304c9d3", "routes": [], "id": "2b180c89-8f7d-48da-879e-d2dfe63f92d7"}}
2015-12-22 04:08:00,610 21563 INFO     [tempest_lib.common.rest_client] Request (TestNetworkBasicOps:_run_cleanups): 204 DELETE http://10.0.2.15:9696/v2.0/routers/2b180c89-8f7d-48da-879e-d2dfe63f92d7 0.433s
2015-12-22 04:08:00,610 21563 DEBUG    [tempest_lib.common.rest_client] Request - Headers: {'Content-Type': 'application/json', 'Accept': 'application/json', 'X-Auth-Token': '&lt;omitted&gt;'}
        Body: None
    Response - Headers: {'date': 'Tue, 22 Dec 2015 04:08:00 GMT', 'status': '204', 'connection': 'close', 'content-length': '0', 'x-openstack-request-id': 'req-64be1528-4196-4bb4-8304-0ec1382c99c4'}
        Body: 
2015-12-22 04:08:00,833 21563 INFO     [tempest_lib.common.rest_client] Request (TestNetworkBasicOps:_run_cleanups): 204 DELETE http://10.0.2.15:9696/v2.0/networks/76005d0b-cc53-4409-88a6-29db812ad01a 0.222s
2015-12-22 04:08:00,834 21563 DEBUG    [tempest_lib.common.rest_client] Request - Headers: {'Content-Type': 'application/json', 'Accept': 'application/json', 'X-Auth-Token': '&lt;omitted&gt;'}
        Body: None
    Response - Headers: {'date': 'Tue, 22 Dec 2015 04:08:00 GMT', 'status': '204', 'connection': 'close', 'content-length': '0', 'x-openstack-request-id': 'req-39b861f4-4543-4f16-baac-892c0e48890b'}
        Body: 
2015-12-22 04:08:00,892 21563 INFO     [tempest_lib.common.rest_client] Request (TestNetworkBasicOps:_run_cleanups): 204 DELETE http://10.0.2.15:9696/v2.0/security-group-rules/d213b70e-53c5-41c7-b56a-80095f61caf3 0.057s
2015-12-22 04:08:00,892 21563 DEBUG    [tempest_lib.common.rest_client] Request - Headers: {'Content-Type': 'application/json', 'Accept': 'application/json', 'X-Auth-Token': '&lt;omitted&gt;'}
        Body: None
