<?xml version="1.0" encoding="UTF-8"?>
<!DOCTYPE html PUBLIC "-//W3C//DTD XHTML 1.0 Strict//EN"
     "http://www.w3.org/TR/xhtml1/DTD/xhtml1-strict.dtd">
<html xmlns="http://www.w3.org/1999/xhtml">
<head>
    <title>Unit Test Report</title>
    <meta name="generator" content="subunit2html 0.1"/>
    <meta http-equiv="Content-Type" content="text/html; charset=UTF-8"/>
    
<style type="text/css" media="screen">
body        { font-family: verdana, arial, helvetica, sans-serif;
    font-size: 80%; }
table       { font-size: 100%; width: 100%;}
pre         { font-size: 80%; }

/* -- heading -------------------------------------------------------------- */
h1 {
        font-size: 16pt;
        color: gray;
}
.heading {
    margin-top: 0ex;
    margin-bottom: 1ex;
}

.heading .attribute {
    margin-top: 1ex;
    margin-bottom: 0;
}

.heading .description {
    margin-top: 4ex;
    margin-bottom: 6ex;
}

/* -- css div popup -------------------------------------------------------- */
a.popup_link {
}

a.popup_link:hover {
    color: red;
}

.popup_window {
    display: none;
    overflow-x: scroll;
    /*border: solid #627173 1px; */
    padding: 10px;
    background-color: #E6E6D6;
    font-family: "Ubuntu Mono", "Lucida Console", "Courier New", monospace;
    text-align: left;
    font-size: 8pt;
}

}
/* -- report --------------------------------------------------------------- */
#show_detail_line {
    margin-top: 3ex;
    margin-bottom: 1ex;
}
#result_table {
    width: 100%;
    border-collapse: collapse;
    border: 1px solid #777;
}
#header_row {
    font-weight: bold;
    color: white;
    background-color: #777;
}
#result_table td {
    border: 1px solid #777;
    padding: 2px;
}
#total_row  { font-weight: bold; }
.passClass  { background-color: #6c6; }
.failClass  { background-color: #c60; }
.errorClass { background-color: #c00; }
.passCase   { color: #6c6; }
.failCase   { color: #c60; font-weight: bold; }
.errorCase  { color: #c00; font-weight: bold; }
.hiddenRow  { display: none; }
.testcase   { margin-left: 2em; }
td.testname {width: 40%}
td.small {width: 40px}

/* -- ending --------------------------------------------------------------- */
#ending {
}

</style>

</head>
<body>
<script language="javascript" type="text/javascript"><!--
output_list = Array();

/* level - 0:Summary; 1:Failed; 2:All */
function showCase(level) {
    trs = document.getElementsByTagName("tr");
    for (var i = 0; i < trs.length; i++) {
        tr = trs[i];
        id = tr.id;
        if (id.substr(0,2) == 'ft') {
            if (level < 1) {
                tr.className = 'hiddenRow';
            }
            else {
                tr.className = '';
            }
        }
        if (id.substr(0,2) == 'pt') {
            if (level > 1) {
                tr.className = '';
            }
            else {
                tr.className = 'hiddenRow';
            }
        }
    }
}


function showClassDetail(cid, count) {
    var id_list = Array(count);
    var toHide = 1;
    for (var i = 0; i < count; i++) {
        tid0 = 't' + cid.substr(1) + '.' + (i+1);
        tid = 'f' + tid0;
        tr = document.getElementById(tid);
        if (!tr) {
            tid = 'p' + tid0;
            tr = document.getElementById(tid);
        }
        id_list[i] = tid;
        if (tr.className) {
            toHide = 0;
        }
    }
    for (var i = 0; i < count; i++) {
        tid = id_list[i];
        if (toHide) {
            document.getElementById('div_'+tid).style.display = 'none'
            document.getElementById(tid).className = 'hiddenRow';
        }
        else {
            document.getElementById(tid).className = '';
        }
    }
}


function showTestDetail(div_id){
    var details_div = document.getElementById(div_id)
    var displayState = details_div.style.display
    // alert(displayState)
    if (displayState != 'block' ) {
        displayState = 'block'
        details_div.style.display = 'block'
    }
    else {
        details_div.style.display = 'none'
    }
}


function html_escape(s) {
    s = s.replace(/&/g,'&amp;');
    s = s.replace(/</g,'&lt;');
    s = s.replace(/>/g,'&gt;');
    return s;
}

/* obsoleted by detail in <div>
function showOutput(id, name) {
    var w = window.open("", //url
                    name,
                    "resizable,scrollbars,status,width=800,height=450");
    d = w.document;
    d.write("<pre>");
    d.write(html_escape(output_list[id]));
    d.write("\n");
    d.write("<a href='javascript:window.close()'>close</a>\n");
    d.write("</pre>\n");
    d.close();
}
*/
--></script>

<div class='heading'>
<h1>Unit Test Report</h1>

<p class='attribute'><strong>Status:</strong> Pass 1 Failure 7 Skip 1</p>

<p class='description'></p>
</div>



<p id='show_detail_line'>Show
<a href='javascript:showCase(0)'>Summary</a>
<a href='javascript:showCase(1)'>Failed</a>
<a href='javascript:showCase(2)'>All</a>
</p>
<table id='result_table'>
<colgroup>
<col align='left' />
<col align='right' />
<col align='right' />
<col align='right' />
<col align='right' />
<col align='right' />
<col align='right' />
<col align='right' />
</colgroup>
<tr id='header_row'>
    <td>Test Group/Test case</td>
    <td>Count</td>
    <td>Pass</td>
    <td>Fail</td>
    <td>Error</td>
    <td>Skip</td>
    <td>View</td>
    <td> </td>
</tr>

<tr class='failClass'>
    <td class="testname">tempest.scenario.test_network_basic_ops.TestNetworkBasicOps</td>
    <td class="small">9</td>
    <td class="small">1</td>
    <td class="small">7</td>
    <td class="small">0</td>
    <td class="small">1</td>
    <td class="small"><a href="javascript:showClassDetail('c1',9)"
>Detail</a></td>
    <td> </td>
</tr>

<tr id='ft1.1' class='none'>
    <td class='failCase'><div class='testcase'>test_connectivity_between_vms_on_different_networks[compute,id-1546850e-fbaa-42f5-8b5f-03d8a6a95f15,network]</div></td>
    <td colspan='7' align='left'>

    <!--css div popup start-->
    <a class="popup_link" onfocus='this.blur();'
    href="javascript:showTestDetail('div_ft1.1')" >
        fail</a>

    <div id='div_ft1.1' class="popup_window">
        <div style='text-align: right; color:red;cursor:pointer'>
        <a onfocus='this.blur();'
onclick="document.getElementById('div_ft1.1').style.display = 'none' " >
           [x]</a>
        </div>
        <pre>
        
ft1.1: tempest.scenario.test_network_basic_ops.TestNetworkBasicOps.test_connectivity_between_vms_on_different_networks[compute,id-1546850e-fbaa-42f5-8b5f-03d8a6a95f15,network]_StringException: Empty attachments:
  stderr
  stdout

pythonlogging:'': {{{
2015-12-17 12:35:21,091 22022 INFO     [tempest_lib.common.rest_client] Request (TestNetworkBasicOps:test_connectivity_between_vms_on_different_networks): 201 POST http://10.0.2.15:9696/v2.0/security-groups 0.363s
2015-12-17 12:35:21,091 22022 DEBUG    [tempest_lib.common.rest_client] Request - Headers: {'Content-Type': 'application/json', 'Accept': 'application/json', 'X-Auth-Token': '&lt;omitted&gt;'}
        Body: {"security_group": {"tenant_id": "dcafb1e5561a4b9a9081211ce325a841", "description": "tempest-secgroup-smoke-827748413 description", "name": "tempest-secgroup-smoke-827748413"}}
    Response - Headers: {'status': '201', 'content-length': '886', 'connection': 'close', 'date': 'Thu, 17 Dec 2015 12:35:21 GMT', 'content-type': 'application/json; charset=UTF-8', 'x-openstack-request-id': 'req-4f88e4b5-f163-4af4-8d69-92ba92ba9c51'}
        Body: {"security_group": {"tenant_id": "dcafb1e5561a4b9a9081211ce325a841", "description": "tempest-secgroup-smoke-827748413 description", "id": "4385e638-b3d1-4f76-a895-ecf94cc118e4", "security_group_rules": [{"remote_group_id": null, "direction": "egress", "remote_ip_prefix": null, "protocol": null, "ethertype": "IPv4", "tenant_id": "dcafb1e5561a4b9a9081211ce325a841", "port_range_max": null, "port_range_min": null, "id": "7b761432-8101-4378-8f0d-1e12f68636fb", "security_group_id": "4385e638-b3d1-4f76-a895-ecf94cc118e4"}, {"remote_group_id": null, "direction": "egress", "remote_ip_prefix": null, "protocol": null, "ethertype": "IPv6", "tenant_id": "dcafb1e5561a4b9a9081211ce325a841", "port_range_max": null, "port_range_min": null, "id": "8b959c21-a685-4f3c-b2d1-5f4ba6da7856", "security_group_id": "4385e638-b3d1-4f76-a895-ecf94cc118e4"}], "name": "tempest-secgroup-smoke-827748413"}}
2015-12-17 12:35:21,228 22022 INFO     [tempest_lib.common.rest_client] Request (TestNetworkBasicOps:test_connectivity_between_vms_on_different_networks): 201 POST http://10.0.2.15:9696/v2.0/security-group-rules 0.135s
2015-12-17 12:35:21,229 22022 DEBUG    [tempest_lib.common.rest_client] Request - Headers: {'Content-Type': 'application/json', 'Accept': 'application/json', 'X-Auth-Token': '&lt;omitted&gt;'}
        Body: {"security_group_rule": {"direction": "ingress", "protocol": "tcp", "tenant_id": "dcafb1e5561a4b9a9081211ce325a841", "port_range_max": 22, "security_group_id": "4385e638-b3d1-4f76-a895-ecf94cc118e4", "port_range_min": 22}}
    Response - Headers: {'status': '201', 'content-length': '340', 'connection': 'close', 'date': 'Thu, 17 Dec 2015 12:35:21 GMT', 'content-type': 'application/json; charset=UTF-8', 'x-openstack-request-id': 'req-2708363e-e923-4598-a8ad-a871640fc595'}
        Body: {"security_group_rule": {"remote_group_id": null, "direction": "ingress", "remote_ip_prefix": null, "protocol": "tcp", "ethertype": "IPv4", "tenant_id": "dcafb1e5561a4b9a9081211ce325a841", "port_range_max": 22, "port_range_min": 22, "id": "54456dd3-44f7-4306-ba76-a385447d081d", "security_group_id": "4385e638-b3d1-4f76-a895-ecf94cc118e4"}}
2015-12-17 12:35:21,489 22022 INFO     [tempest_lib.common.rest_client] Request (TestNetworkBasicOps:test_connectivity_between_vms_on_different_networks): 201 POST http://10.0.2.15:9696/v2.0/security-group-rules 0.259s
2015-12-17 12:35:21,490 22022 DEBUG    [tempest_lib.common.rest_client] Request - Headers: {'Content-Type': 'application/json', 'Accept': 'application/json', 'X-Auth-Token': '&lt;omitted&gt;'}
        Body: {"security_group_rule": {"direction": "egress", "protocol": "tcp", "tenant_id": "dcafb1e5561a4b9a9081211ce325a841", "port_range_max": 22, "security_group_id": "4385e638-b3d1-4f76-a895-ecf94cc118e4", "port_range_min": 22}}
    Response - Headers: {'status': '201', 'content-length': '339', 'connection': 'close', 'date': 'Thu, 17 Dec 2015 12:35:21 GMT', 'content-type': 'application/json; charset=UTF-8', 'x-openstack-request-id': 'req-b2047539-d2ce-43a7-ac40-8cfda0a58eab'}
        Body: {"security_group_rule": {"remote_group_id": null, "direction": "egress", "remote_ip_prefix": null, "protocol": "tcp", "ethertype": "IPv4", "tenant_id": "dcafb1e5561a4b9a9081211ce325a841", "port_range_max": 22, "port_range_min": 22, "id": "a3af2b2e-7c1e-40af-bdb3-c7091a44dfec", "security_group_id": "4385e638-b3d1-4f76-a895-ecf94cc118e4"}}
2015-12-17 12:35:21,596 22022 INFO     [tempest_lib.common.rest_client] Request (TestNetworkBasicOps:test_connectivity_between_vms_on_different_networks): 201 POST http://10.0.2.15:9696/v2.0/security-group-rules 0.104s
2015-12-17 12:35:21,596 22022 DEBUG    [tempest_lib.common.rest_client] Request - Headers: {'Content-Type': 'application/json', 'Accept': 'application/json', 'X-Auth-Token': '&lt;omitted&gt;'}
        Body: {"security_group_rule": {"tenant_id": "dcafb1e5561a4b9a9081211ce325a841", "direction": "ingress", "protocol": "icmp", "security_group_id": "4385e638-b3d1-4f76-a895-ecf94cc118e4"}}
    Response - Headers: {'status': '201', 'content-length': '345', 'connection': 'close', 'date': 'Thu, 17 Dec 2015 12:35:21 GMT', 'content-type': 'application/json; charset=UTF-8', 'x-openstack-request-id': 'req-49eb4063-ad1a-4672-ad2b-accad9b12416'}
        Body: {"security_group_rule": {"remote_group_id": null, "direction": "ingress", "remote_ip_prefix": null, "protocol": "icmp", "ethertype": "IPv4", "tenant_id": "dcafb1e5561a4b9a9081211ce325a841", "port_range_max": null, "port_range_min": null, "id": "81995ad1-c3b7-4cd1-b401-8b2f587f7ffc", "security_group_id": "4385e638-b3d1-4f76-a895-ecf94cc118e4"}}
2015-12-17 12:35:21,705 22022 INFO     [tempest_lib.common.rest_client] Request (TestNetworkBasicOps:test_connectivity_between_vms_on_different_networks): 201 POST http://10.0.2.15:9696/v2.0/security-group-rules 0.108s
2015-12-17 12:35:21,706 22022 DEBUG    [tempest_lib.common.rest_client] Request - Headers: {'Content-Type': 'application/json', 'Accept': 'application/json', 'X-Auth-Token': '&lt;omitted&gt;'}
        Body: {"security_group_rule": {"tenant_id": "dcafb1e5561a4b9a9081211ce325a841", "direction": "egress", "protocol": "icmp", "security_group_id": "4385e638-b3d1-4f76-a895-ecf94cc118e4"}}
    Response - Headers: {'status': '201', 'content-length': '344', 'connection': 'close', 'date': 'Thu, 17 Dec 2015 12:35:21 GMT', 'content-type': 'application/json; charset=UTF-8', 'x-openstack-request-id': 'req-008ffeeb-6dd3-47e5-865e-64d7810f07f4'}
        Body: {"security_group_rule": {"remote_group_id": null, "direction": "egress", "remote_ip_prefix": null, "protocol": "icmp", "ethertype": "IPv4", "tenant_id": "dcafb1e5561a4b9a9081211ce325a841", "port_range_max": null, "port_range_min": null, "id": "1287491a-02e8-4c3d-a70c-a380e07130b7", "security_group_id": "4385e638-b3d1-4f76-a895-ecf94cc118e4"}}
2015-12-17 12:35:21,834 22022 INFO     [tempest_lib.common.rest_client] Request (TestNetworkBasicOps:test_connectivity_between_vms_on_different_networks): 201 POST http://10.0.2.15:9696/v2.0/security-group-rules 0.127s
2015-12-17 12:35:21,835 22022 DEBUG    [tempest_lib.common.rest_client] Request - Headers: {'Content-Type': 'application/json', 'Accept': 'application/json', 'X-Auth-Token': '&lt;omitted&gt;'}
        Body: {"security_group_rule": {"tenant_id": "dcafb1e5561a4b9a9081211ce325a841", "direction": "ingress", "security_group_id": "4385e638-b3d1-4f76-a895-ecf94cc118e4", "protocol": "icmp", "ethertype": "IPv6"}}
    Response - Headers: {'status': '201', 'content-length': '345', 'connection': 'close', 'date': 'Thu, 17 Dec 2015 12:35:21 GMT', 'content-type': 'application/json; charset=UTF-8', 'x-openstack-request-id': 'req-7b7585e9-4029-4517-9d36-55995debbe99'}
        Body: {"security_group_rule": {"remote_group_id": null, "direction": "ingress", "remote_ip_prefix": null, "protocol": "icmp", "ethertype": "IPv6", "tenant_id": "dcafb1e5561a4b9a9081211ce325a841", "port_range_max": null, "port_range_min": null, "id": "84b4fdd9-044e-47fe-95d7-5416c44943e5", "security_group_id": "4385e638-b3d1-4f76-a895-ecf94cc118e4"}}
2015-12-17 12:35:21,960 22022 INFO     [tempest_lib.common.rest_client] Request (TestNetworkBasicOps:test_connectivity_between_vms_on_different_networks): 201 POST http://10.0.2.15:9696/v2.0/security-group-rules 0.123s
2015-12-17 12:35:21,961 22022 DEBUG    [tempest_lib.common.rest_client] Request - Headers: {'Content-Type': 'application/json', 'Accept': 'application/json', 'X-Auth-Token': '&lt;omitted&gt;'}
        Body: {"security_group_rule": {"tenant_id": "dcafb1e5561a4b9a9081211ce325a841", "direction": "egress", "security_group_id": "4385e638-b3d1-4f76-a895-ecf94cc118e4", "protocol": "icmp", "ethertype": "IPv6"}}
    Response - Headers: {'status': '201', 'content-length': '344', 'connection': 'close', 'date': 'Thu, 17 Dec 2015 12:35:21 GMT', 'content-type': 'application/json; charset=UTF-8', 'x-openstack-request-id': 'req-ccdd2cd5-bf71-4c70-9d5f-e60bd487be75'}
        Body: {"security_group_rule": {"remote_group_id": null, "direction": "egress", "remote_ip_prefix": null, "protocol": "icmp", "ethertype": "IPv6", "tenant_id": "dcafb1e5561a4b9a9081211ce325a841", "port_range_max": null, "port_range_min": null, "id": "84439d16-7d86-4cab-a29e-af484b26a898", "security_group_id": "4385e638-b3d1-4f76-a895-ecf94cc118e4"}}
2015-12-17 12:35:22,155 22022 INFO     [tempest_lib.common.rest_client] Request (TestNetworkBasicOps:test_connectivity_between_vms_on_different_networks): 201 POST http://10.0.2.15:9696/v2.0/networks 0.193s
2015-12-17 12:35:22,156 22022 DEBUG    [tempest_lib.common.rest_client] Request - Headers: {'Content-Type': 'application/json', 'Accept': 'application/json', 'X-Auth-Token': '&lt;omitted&gt;'}
        Body: {"network": {"tenant_id": "dcafb1e5561a4b9a9081211ce325a841", "name": "tempest-network-smoke--1576650349"}}
    Response - Headers: {'status': '201', 'content-length': '329', 'connection': 'close', 'date': 'Thu, 17 Dec 2015 12:35:22 GMT', 'content-type': 'application/json; charset=UTF-8', 'x-openstack-request-id': 'req-7304b53b-e995-46ce-9315-1038ef7cd1c9'}
        Body: {"network": {"status": "ACTIVE", "subnets": [], "availability_zone_hints": "[]", "name": "tempest-network-smoke--1576650349", "admin_state_up": true, "tenant_id": "dcafb1e5561a4b9a9081211ce325a841", "mtu": 0, "router:external": false, "shared": false, "port_security_enabled": true, "id": "3b9be237-6f55-403c-97bf-f24433875438"}}
2015-12-17 12:35:22,253 22022 INFO     [tempest_lib.common.rest_client] Request (TestNetworkBasicOps:test_connectivity_between_vms_on_different_networks): 201 POST http://10.0.2.15:9696/v2.0/routers 0.095s
2015-12-17 12:35:22,253 22022 DEBUG    [tempest_lib.common.rest_client] Request - Headers: {'Content-Type': 'application/json', 'Accept': 'application/json', 'X-Auth-Token': '&lt;omitted&gt;'}
        Body: {"router": {"tenant_id": "dcafb1e5561a4b9a9081211ce325a841", "name": "tempest-router-smoke-1267314687", "admin_state_up": true}}
    Response - Headers: {'status': '201', 'content-length': '296', 'connection': 'close', 'date': 'Thu, 17 Dec 2015 12:35:22 GMT', 'content-type': 'application/json; charset=UTF-8', 'x-openstack-request-id': 'req-5e615ab6-fc4a-4fa2-bd58-2fa69f5b67f3'}
        Body: {"router": {"status": "ACTIVE", "external_gateway_info": null, "availability_zone_hints": [], "availability_zones": [], "name": "tempest-router-smoke-1267314687", "admin_state_up": true, "tenant_id": "dcafb1e5561a4b9a9081211ce325a841", "routes": [], "id": "cfbba653-f7b9-47cb-8ca8-365950df7618"}}
2015-12-17 12:35:22,310 22022 INFO     [tempest_lib.common.rest_client] Request (TestNetworkBasicOps:test_connectivity_between_vms_on_different_networks): 200 GET http://10.0.2.15:9696/v2.0/routers/cfbba653-f7b9-47cb-8ca8-365950df7618 0.055s
2015-12-17 12:35:22,310 22022 DEBUG    [tempest_lib.common.rest_client] Request - Headers: {'Content-Type': 'application/json', 'Accept': 'application/json', 'X-Auth-Token': '&lt;omitted&gt;'}
        Body: None
    Response - Headers: {'status': '200', 'content-length': '296', 'content-location': 'http://10.0.2.15:9696/v2.0/routers/cfbba653-f7b9-47cb-8ca8-365950df7618', 'connection': 'close', 'date': 'Thu, 17 Dec 2015 12:35:22 GMT', 'content-type': 'application/json; charset=UTF-8', 'x-openstack-request-id': 'req-ec564a14-6815-4ac9-9ac8-f5ac91143daa'}
        Body: {"router": {"status": "ACTIVE", "external_gateway_info": null, "availability_zone_hints": [], "availability_zones": [], "name": "tempest-router-smoke-1267314687", "admin_state_up": true, "tenant_id": "dcafb1e5561a4b9a9081211ce325a841", "routes": [], "id": "cfbba653-f7b9-47cb-8ca8-365950df7618"}}
2015-12-17 12:35:23,098 22022 INFO     [tempest_lib.common.rest_client] Request (TestNetworkBasicOps:test_connectivity_between_vms_on_different_networks): 200 PUT http://10.0.2.15:9696/v2.0/routers/cfbba653-f7b9-47cb-8ca8-365950df7618 0.786s
2015-12-17 12:35:23,098 22022 DEBUG    [tempest_lib.common.rest_client] Request - Headers: {'Content-Type': 'application/json', 'Accept': 'application/json', 'X-Auth-Token': '&lt;omitted&gt;'}
        Body: {"router": {"external_gateway_info": {"network_id": "e956aeab-8081-4f99-b16e-6e98743feaba"}, "name": "tempest-router-smoke-1267314687", "admin_state_up": true}}
    Response - Headers: {'status': '200', 'content-length': '558', 'connection': 'close', 'date': 'Thu, 17 Dec 2015 12:35:23 GMT', 'content-type': 'application/json; charset=UTF-8', 'x-openstack-request-id': 'req-b64defd4-5275-4733-ae84-f6eec40fe18d'}
        Body: {"router": {"status": "ACTIVE", "external_gateway_info": {"network_id": "e956aeab-8081-4f99-b16e-6e98743feaba", "enable_snat": true, "external_fixed_ips": [{"subnet_id": "0d86d9ad-5c7d-42d8-a32c-d8c2216c7628", "ip_address": "172.24.4.3"}, {"subnet_id": "7634b4e6-2762-424c-bba3-2657e702f3aa", "ip_address": "2001:db8::4"}]}, "availability_zone_hints": [], "availability_zones": [], "name": "tempest-router-smoke-1267314687", "admin_state_up": true, "tenant_id": "dcafb1e5561a4b9a9081211ce325a841", "routes": [], "id": "cfbba653-f7b9-47cb-8ca8-365950df7618"}}
2015-12-17 12:35:23,251 22022 INFO     [tempest_lib.common.rest_client] Request (TestNetworkBasicOps:test_connectivity_between_vms_on_different_networks): 200 GET http://10.0.2.15:9696/v2.0/subnets?tenant_id=dcafb1e5561a4b9a9081211ce325a841&amp;cidr=10.100.0.0%2F28 0.151s
2015-12-17 12:35:23,252 22022 DEBUG    [tempest_lib.common.rest_client] Request - Headers: {'Content-Type': 'application/json', 'Accept': 'application/json', 'X-Auth-Token': '&lt;omitted&gt;'}
        Body: None
    Response - Headers: {'status': '200', 'content-length': '15', 'content-location': 'http://10.0.2.15:9696/v2.0/subnets?tenant_id=dcafb1e5561a4b9a9081211ce325a841&amp;cidr=10.100.0.0%2F28', 'connection': 'close', 'date': 'Thu, 17 Dec 2015 12:35:23 GMT', 'content-type': 'application/json; charset=UTF-8', 'x-openstack-request-id': 'req-b1e8acc3-50e5-496c-8a60-c69a44ed55d1'}
        Body: {"subnets": []}
2015-12-17 12:35:23,616 22022 INFO     [tempest_lib.common.rest_client] Request (TestNetworkBasicOps:test_connectivity_between_vms_on_different_networks): 201 POST http://10.0.2.15:9696/v2.0/subnets 0.363s
2015-12-17 12:35:23,616 22022 DEBUG    [tempest_lib.common.rest_client] Request - Headers: {'Content-Type': 'application/json', 'Accept': 'application/json', 'X-Auth-Token': '&lt;omitted&gt;'}
        Body: {"subnet": {"ip_version": 4, "tenant_id": "dcafb1e5561a4b9a9081211ce325a841", "cidr": "10.100.0.0/28", "network_id": "3b9be237-6f55-403c-97bf-f24433875438", "name": "tempest-subnet-smoke-780912114"}}
    Response - Headers: {'status': '201', 'content-length': '477', 'connection': 'close', 'date': 'Thu, 17 Dec 2015 12:35:23 GMT', 'content-type': 'application/json; charset=UTF-8', 'x-openstack-request-id': 'req-0e740a12-076c-4f6a-8d74-be9b418fd98d'}
        Body: {"subnet": {"name": "tempest-subnet-smoke-780912114", "enable_dhcp": true, "network_id": "3b9be237-6f55-403c-97bf-f24433875438", "tenant_id": "dcafb1e5561a4b9a9081211ce325a841", "dns_nameservers": [], "gateway_ip": "10.100.0.1", "ipv6_ra_mode": null, "allocation_pools": [{"start": "10.100.0.2", "end": "10.100.0.14"}], "host_routes": [], "ip_version": 4, "ipv6_address_mode": null, "cidr": "10.100.0.0/28", "id": "4d62d9d7-3427-4f9d-ae2c-5797cf34945d", "subnetpool_id": null}}
2015-12-17 12:35:24,420 22022 INFO     [tempest_lib.common.rest_client] Request (TestNetworkBasicOps:test_connectivity_between_vms_on_different_networks): 200 PUT http://10.0.2.15:9696/v2.0/routers/cfbba653-f7b9-47cb-8ca8-365950df7618/add_router_interface 0.803s
2015-12-17 12:35:24,420 22022 DEBUG    [tempest_lib.common.rest_client] Request - Headers: {'Content-Type': 'application/json', 'Accept': 'application/json', 'X-Auth-Token': '&lt;omitted&gt;'}
        Body: {"subnet_id": "4d62d9d7-3427-4f9d-ae2c-5797cf34945d"}
    Response - Headers: {'status': '200', 'content-length': '255', 'connection': 'close', 'date': 'Thu, 17 Dec 2015 12:35:24 GMT', 'content-type': 'application/json; charset=UTF-8', 'x-openstack-request-id': 'req-8f75e754-e794-4d55-8d4b-4b2e4ce596ff'}
        Body: {"subnet_id": "4d62d9d7-3427-4f9d-ae2c-5797cf34945d", "tenant_id": "dcafb1e5561a4b9a9081211ce325a841", "subnet_ids": ["4d62d9d7-3427-4f9d-ae2c-5797cf34945d"], "port_id": "39d6a875-07a3-4112-a0da-6364747d1f19", "id": "cfbba653-f7b9-47cb-8ca8-365950df7618"}
2015-12-17 12:35:24,475 22022 INFO     [tempest_lib.common.rest_client] Request (TestNetworkBasicOps:test_connectivity_between_vms_on_different_networks): 200 GET http://10.0.2.15:9696/v2.0/networks 0.054s
2015-12-17 12:35:24,475 22022 DEBUG    [tempest_lib.common.rest_client] Request - Headers: {'Content-Type': 'application/json', 'Accept': 'application/json', 'X-Auth-Token': '&lt;omitted&gt;'}
        Body: None
    Response - Headers: {'status': '200', 'content-length': '1507', 'content-location': 'http://10.0.2.15:9696/v2.0/networks', 'connection': 'close', 'date': 'Thu, 17 Dec 2015 12:35:24 GMT', 'content-type': 'application/json; charset=UTF-8', 'x-openstack-request-id': 'req-e08a4eb6-79b8-4435-898c-eab912a61792'}
        Body: {"networks": [{"status": "ACTIVE", "subnets": ["0d86d9ad-5c7d-42d8-a32c-d8c2216c7628", "7634b4e6-2762-424c-bba3-2657e702f3aa"], "availability_zone_hints": [], "availability_zones": ["nova"], "name": "public", "provider:physical_network": null, "admin_state_up": true, "tenant_id": "646374eac5534a74bfd237808aeebada", "mtu": 0, "router:external": true, "shared": false, "port_security_enabled": true, "provider:network_type": "vxlan", "id": "e956aeab-8081-4f99-b16e-6e98743feaba", "provider:segmentation_id": 1007}, {"status": "ACTIVE", "subnets": ["164f56c4-490e-47c0-90a4-f90cffb379d1", "0761283c-e901-4de0-bc15-8e6a9ca5df5f"], "availability_zone_hints": [], "availability_zones": ["nova"], "name": "private", "provider:physical_network": null, "admin_state_up": true, "tenant_id": "46c9c244df324c4e9bc30b2519dae56b", "mtu": 0, "router:external": false, "shared": false, "port_security_enabled": true, "provider:network_type": "vxlan", "id": "b26d8778-ebf9-4d45-9853-2c4058924763", "provider:segmentation_id": 1010}, {"status": "ACTIVE", "subnets": ["4d62d9d7-3427-4f9d-ae2c-5797cf34945d"], "availability_zone_hints": [], "availability_zones": ["nova"], "name": "tempest-network-smoke--1576650349", "provider:physical_network": null, "admin_state_up": true, "tenant_id": "dcafb1e5561a4b9a9081211ce325a841", "mtu": 0, "router:external": false, "shared": false, "port_security_enabled": true, "provider:network_type": "vxlan", "id": "3b9be237-6f55-403c-97bf-f24433875438", "provider:segmentation_id": 1027}]}
2015-12-17 12:35:24,730 22022 INFO     [tempest_lib.common.rest_client] Request (TestNetworkBasicOps:test_connectivity_between_vms_on_different_networks): 200 GET http://10.0.2.15:9696/v2.0/subnets 0.254s
2015-12-17 12:35:24,730 22022 DEBUG    [tempest_lib.common.rest_client] Request - Headers: {'Content-Type': 'application/json', 'Accept': 'application/json', 'X-Auth-Token': '&lt;omitted&gt;'}
        Body: None
    Response - Headers: {'status': '200', 'content-length': '2407', 'content-location': 'http://10.0.2.15:9696/v2.0/subnets', 'connection': 'close', 'date': 'Thu, 17 Dec 2015 12:35:24 GMT', 'content-type': 'application/json; charset=UTF-8', 'x-openstack-request-id': 'req-c98cb954-dca1-4c50-b391-5d42b6d47c94'}
        Body: {"subnets": [{"name": "private-subnet", "enable_dhcp": true, "network_id": "b26d8778-ebf9-4d45-9853-2c4058924763", "tenant_id": "46c9c244df324c4e9bc30b2519dae56b", "dns_nameservers": [], "gateway_ip": "10.0.0.1", "ipv6_ra_mode": null, "allocation_pools": [{"start": "10.0.0.2", "end": "10.0.0.254"}], "host_routes": [], "ip_version": 4, "ipv6_address_mode": null, "cidr": "10.0.0.0/24", "id": "164f56c4-490e-47c0-90a4-f90cffb379d1", "subnetpool_id": null}, {"name": "public-subnet", "enable_dhcp": false, "network_id": "e956aeab-8081-4f99-b16e-6e98743feaba", "tenant_id": "646374eac5534a74bfd237808aeebada", "dns_nameservers": [], "gateway_ip": "172.24.4.1", "ipv6_ra_mode": null, "allocation_pools": [{"start": "172.24.4.2", "end": "172.24.4.254"}], "host_routes": [], "ip_version": 4, "ipv6_address_mode": null, "cidr": "172.24.4.0/24", "id": "0d86d9ad-5c7d-42d8-a32c-d8c2216c7628", "subnetpool_id": null}, {"name": "ipv6-public-subnet", "enable_dhcp": false, "network_id": "e956aeab-8081-4f99-b16e-6e98743feaba", "tenant_id": "646374eac5534a74bfd237808aeebada", "dns_nameservers": [], "gateway_ip": "2001:db8::2", "ipv6_ra_mode": null, "allocation_pools": [{"start": "2001:db8::3", "end": "2001:db8::ffff:ffff:ffff:ffff"}, {"start": "2001:db8::1", "end": "2001:db8::1"}], "host_routes": [], "ip_version": 6, "ipv6_address_mode": null, "cidr": "2001:db8::/64", "id": "7634b4e6-2762-424c-bba3-2657e702f3aa", "subnetpool_id": null}, {"name": "ipv6-private-subnet", "enable_dhcp": true, "network_id": "b26d8778-ebf9-4d45-9853-2c4058924763", "tenant_id": "46c9c244df324c4e9bc30b2519dae56b", "dns_nameservers": [], "gateway_ip": "fd0f:7a22:8e5f::1", "ipv6_ra_mode": "slaac", "allocation_pools": [{"start": "fd0f:7a22:8e5f::2", "end": "fd0f:7a22:8e5f:0:ffff:ffff:ffff:ffff"}], "host_routes": [], "ip_version": 6, "ipv6_address_mode": "slaac", "cidr": "fd0f:7a22:8e5f::/64", "id": "0761283c-e901-4de0-bc15-8e6a9ca5df5f", "subnetpool_id": null}, {"name": "tempest-subnet-smoke-780912114", "enable_dhcp": true, "network_id": "3b9be237-6f55-403c-97bf-f24433875438", "tenant_id": "dcafb1e5561a4b9a9081211ce325a841", "dns_nameservers": [], "gateway_ip": "10.100.0.1", "ipv6_ra_mode": null, "allocation_pools": [{"start": "10.100.0.2", "end": "10.100.0.14"}], "host_routes": [], "ip_version": 4, "ipv6_address_mode": null, "cidr": "10.100.0.0/28", "id": "4d62d9d7-3427-4f9d-ae2c-5797cf34945d", "subnetpool_id": null}]}
2015-12-17 12:35:24,785 22022 INFO     [tempest_lib.common.rest_client] Request (TestNetworkBasicOps:test_connectivity_between_vms_on_different_networks): 200 GET http://10.0.2.15:9696/v2.0/routers 0.053s
2015-12-17 12:35:24,785 22022 DEBUG    [tempest_lib.common.rest_client] Request - Headers: {'Content-Type': 'application/json', 'Accept': 'application/json', 'X-Auth-Token': '&lt;omitted&gt;'}
        Body: None
    Response - Headers: {'status': '200', 'content-length': '1167', 'content-location': 'http://10.0.2.15:9696/v2.0/routers', 'connection': 'close', 'date': 'Thu, 17 Dec 2015 12:35:24 GMT', 'content-type': 'application/json; charset=UTF-8', 'x-openstack-request-id': 'req-45013f12-de8e-4b5d-876d-6cbb78dad463'}
        Body: {"routers": [{"status": "ACTIVE", "external_gateway_info": {"network_id": "e956aeab-8081-4f99-b16e-6e98743feaba", "enable_snat": true, "external_fixed_ips": [{"subnet_id": "0d86d9ad-5c7d-42d8-a32c-d8c2216c7628", "ip_address": "172.24.4.2"}, {"subnet_id": "7634b4e6-2762-424c-bba3-2657e702f3aa", "ip_address": "2001:db8::3"}]}, "availability_zone_hints": [], "availability_zones": ["nova"], "name": "router1", "admin_state_up": true, "tenant_id": "46c9c244df324c4e9bc30b2519dae56b", "distributed": false, "routes": [], "ha": false, "id": "516b82d8-5582-4509-8b8c-ea48aca46f96"}, {"status": "ACTIVE", "external_gateway_info": {"network_id": "e956aeab-8081-4f99-b16e-6e98743feaba", "enable_snat": true, "external_fixed_ips": [{"subnet_id": "0d86d9ad-5c7d-42d8-a32c-d8c2216c7628", "ip_address": "172.24.4.3"}, {"subnet_id": "7634b4e6-2762-424c-bba3-2657e702f3aa", "ip_address": "2001:db8::4"}]}, "availability_zone_hints": [], "availability_zones": ["nova"], "name": "tempest-router-smoke-1267314687", "admin_state_up": true, "tenant_id": "dcafb1e5561a4b9a9081211ce325a841", "distributed": false, "routes": [], "ha": false, "id": "cfbba653-f7b9-47cb-8ca8-365950df7618"}]}
2015-12-17 12:35:25,071 22022 INFO     [tempest_lib.common.rest_client] Request (TestNetworkBasicOps:test_connectivity_between_vms_on_different_networks): 200 POST http://10.0.2.15:8774/v2.1/dcafb1e5561a4b9a9081211ce325a841/os-keypairs 0.284s
2015-12-17 12:35:25,071 22022 DEBUG    [tempest_lib.common.rest_client] Request - Headers: {'Content-Type': 'application/json', 'Accept': 'application/json', 'X-Auth-Token': '&lt;omitted&gt;'}
        Body: {"keypair": {"name": "tempest-TestNetworkBasicOps-1711073979"}}
    Response - Headers: {'status': '200', 'content-length': '2321', 'x-compute-request-id': 'req-1f84c7e8-826d-4160-9bf0-bdcb3f2a0c7e', 'vary': 'X-OpenStack-Nova-API-Version', 'connection': 'close', 'x-openstack-nova-api-version': '2.1', 'date': 'Thu, 17 Dec 2015 12:35:25 GMT', 'content-type': 'application/json'}
        Body: {"keypair": {"public_key": "ssh-rsa AAAAB3NzaC1yc2EAAAADAQABAAABAQCKdOjtvdPwbwJmIaK+KEVBqj8w/QFnYXL2+rCjukQXDd69rXjW861HGqLSeLSmetsSbhJ9JJHSXhstv8TYWjYm9nDHkbdfFSdKy+vKKxmzuAyc5ktzFYcUc4DWct70Fo9++53J3MSpORTFaMi9dqEJeCXIRAUc2B+lTjfq2Sqr00VPnd5oZ+0/ndQKWi9POtFkmMD9S00puyBiLCq/UB6+5Tgwl8U1fFnHf0ZVJg4mGkf8x8oEc8nMaLMfuG2QHX7QHkLIdLMyGFgGC+VmRuQUb/vANqaw0NOUXk1m8w3RRLVxt+tV6tvOsq3Plu2FT2eoXDPeXxZ/bvqXqo4iAHox Generated-by-Nova", "private_key": "-----BEGIN RSA PRIVATE KEY-----\nMIIEpwIBAAKCAQEAinTo7b3T8G8CZiGivihFQao/MP0BZ2Fy9vqwo7pEFw3eva14\n1vOtRxqi0ni0pnrbEm4SfSSR0l4bLb/E2Fo2JvZwx5G3XxUnSsvryisZs7gMnOZL\ncxWHFHOA1nLe9BaPfvudydzEqTkUxWjIvXahCXglyEQFHNgfpU436tkqq9NFT53e\naGftP53UClovTzrRZJjA/UtNKbsgYiwqv1AevuU4MJfFNXxZx39GVSYOJhpH/MfK\nBHPJzGizH7htkB1+0B5CyHSzMhhYBgvlZkbkFG/7wDamsNDTlF5NZvMN0US1cbfr\nVerbzrKtz5bthU9nqFwz3l8Wf276l6qOIgB6MQIDAQABAoIBAF9JbFDJ1sVesKj3\nNxhlgJxbfVfKl5+9WjCNgOl9NIUlP4kMjOBqHXOU6j+tYK4+WOyLImBLvauopk3K\n777x/ti7vAwsxaVDWqJIS0L8fJjJ7qxAdeaDB07U2vM7ZSNZL3J12jbln9bSePAP\nWC/EJ7nrnR0Bav9Z4hWTCjqvMIXFQlqLukQJQMzT8FQulseUoNX0+GfoStUGGOdZ\nJ9uBz8o7vbDuDgeYkXvFm7D9grP5WBtF79qjXLLmQoDx/g0+TxTQ5Kppob/SPN4M\n7Mm+2Oo4/gfoUJ0amqcaaPkLEBwMCCHF42AwcB51YxXRAgtd/LMJakrdcPVvVbd1\n04hKHxECggCBALVzcs00+c+uHBMYBX76Cb0Y3BVbFfsCXZnJhftPc3GLsx4dAaQw\nkGvb/I4/ISTxedkaHK88w8DCTsn9siiTofaliG1XY+ZFC2DwyWdfTCY4/dUv31gM\nQ80Putp/bPHZh8/v/T9wv4F1Ic6HlCwhuoDd/IIYPRamX2rMk3Pfvm9dAoIAgQDD\nV25lUDiU1HMqbraAcy+/rpKPFDGApKwqbbR53e5PVOyvofHv1XkvWv7+863JpRPK\nJQlRb4dDb/Gu7OgYrz4t5WtAHNysEM2eRUjg65hnKFCqxeh/1s3VkK6vyvfdXhz9\nCkYtsmTR0/38/N9pkzauZn0cWUPStUuYRMLpesCM5QKCAIBulMEuFk74Jl+ts0IG\nNFOjDndx/GTU6IgqpQomMjFkzYKHo53QdlhNo2+zMP3+Cbv8d1Fr6lhSLRjfOOFO\noUpfilouaMfVGdbpaVUUzpsV4D2xos82VaMsYZ26c1XtvmhqbROligzr1HqZ5z6B\n9rw2tRKiJit0lkgoSizCvWTNcQKCAIBr+3TnRIVCoH5ZQoJYV1RZ3aLevQbwWhdi\nDOrrQydta0C7hgY70gH/j4nOXd3/zeU2pWqVPdXEDanITOWwX487x8qV0l6aL1+6\n0goLa7D/tWWCQYzYvmFiYWxveP+zu0bDCl7o++iHpWyN4SuPLPXZSoZ2mVHItLdp\nIPmuH1E5kQKCAIAkjXjKfkxZu7Cj22fx+2+JtYjxXcjMQ6rWEwobm7Czs+/263aO\nGQNrUYOqNwwKJn73QGRLcdCrhqyMPpSyvhOcHhDjJXtKjAdrmWiw48aebrnPHLpH\n2N+K4nfD9YCc4oIUlH/2n3yyneNZ+ir+ODyOyq5nxhAWAgUkSeJL4mTWoQ==\n-----END RSA PRIVATE KEY-----\n", "user_id": "a9e7020668b24ba7a71ff83e3ccbd7b2", "name": "tempest-TestNetworkBasicOps-1711073979", "fingerprint": "50:a3:b3:99:ff:2a:33:14:9c:88:1c:61:95:a8:7f:1b"}}
2015-12-17 12:35:25,194 22022 INFO     [tempest_lib.common.rest_client] Request (TestNetworkBasicOps:test_connectivity_between_vms_on_different_networks): 200 POST http://10.0.2.15:5000/v2.0/tokens
2015-12-17 12:35:25,195 22022 DEBUG    [tempest_lib.common.rest_client] Request - Headers: {'Content-Type': 'application/json', 'Accept': 'application/json'}
        Body: &lt;omitted&gt;
    Response - Headers: {'status': '200', 'content-length': '2530', 'vary': 'X-Auth-Token', 'server': 'Apache/2.4.7 (Ubuntu)', 'connection': 'close', 'date': 'Thu, 17 Dec 2015 12:35:25 GMT', 'content-type': 'application/json', 'x-openstack-request-id': 'req-9264b156-0851-4c8d-8ddd-8590316fde44'}
        Body: {"access": {"token": {"issued_at": "2015-12-17T12:35:25.179439", "expires": "2015-12-17T13:35:25Z", "id": "4716a106958340089c0817a5adabfda9", "tenant": {"description": "tempest-TestNetworkBasicOps-1248358383-desc", "enabled": true, "id": "dcafb1e5561a4b9a9081211ce325a841", "name": "tempest-TestNetworkBasicOps-1248358383"}, "audit_ids": ["WtGljWv9TeuSlAu4wZS_fA"]}, "serviceCatalog": [{"endpoints": [{"adminURL": "http://10.0.2.15:8774/v2.1/dcafb1e5561a4b9a9081211ce325a841", "region": "RegionOne", "internalURL": "http://10.0.2.15:8774/v2.1/dcafb1e5561a4b9a9081211ce325a841", "id": "7652917333cb4accaccb60799244557b", "publicURL": "http://10.0.2.15:8774/v2.1/dcafb1e5561a4b9a9081211ce325a841"}], "endpoints_links": [], "type": "compute", "name": "nova"}, {"endpoints": [{"adminURL": "http://10.0.2.15:9696/", "region": "RegionOne", "internalURL": "http://10.0.2.15:9696/", "id": "b8f130f30d904feba898304b55f2ea66", "publicURL": "http://10.0.2.15:9696/"}], "endpoints_links": [], "type": "network", "name": "neutron"}, {"endpoints": [{"adminURL": "http://10.0.2.15:9292", "region": "RegionOne", "internalURL": "http://10.0.2.15:9292", "id": "266b02665d744f1683dc0c494b13dca1", "publicURL": "http://10.0.2.15:9292"}], "endpoints_links": [], "type": "image", "name": "glance"}, {"endpoints": [{"adminURL": "http://10.0.2.15:8774/v2/dcafb1e5561a4b9a9081211ce325a841", "region": "RegionOne", "internalURL": "http://10.0.2.15:8774/v2/dcafb1e5561a4b9a9081211ce325a841", "id": "4565405fb5474eb989259673852c2320", "publicURL": "http://10.0.2.15:8774/v2/dcafb1e5561a4b9a9081211ce325a841"}], "endpoints_links": [], "type": "compute_legacy", "name": "nova_legacy"}, {"endpoints": [{"adminURL": "http://10.0.2.15:8773/", "region": "RegionOne", "internalURL": "http://10.0.2.15:8773/", "id": "6d7b25160dcf40b3ac867d3c70167f64", "publicURL": "http://10.0.2.15:8773/"}], "endpoints_links": [], "type": "ec2", "name": "ec2"}, {"endpoints": [{"adminURL": "http://10.0.2.15:35357/v2.0", "region": "RegionOne", "internalURL": "http://10.0.2.15:5000/v2.0", "id": "3a0e7455aba04654bd52a0b602d7eadc", "publicURL": "http://10.0.2.15:5000/v2.0"}], "endpoints_links": [], "type": "identity", "name": "keystone"}], "user": {"username": "tempest-TestNetworkBasicOps-2098294832", "roles_links": [], "id": "a9e7020668b24ba7a71ff83e3ccbd7b2", "roles": [{"name": "_member_"}, {"name": "Member"}], "name": "tempest-TestNetworkBasicOps-2098294832"}, "metadata": {"is_admin": 0, "roles": ["9fe2ff9ee4384b1894a90878d3e92bab", "7245bab5b098413f9711b9ffea07a469"]}}}
2015-12-17 12:35:25,203 22022 DEBUG    [tempest.common.fixed_network] (TestNetworkBasicOps:test_connectivity_between_vms_on_different_networks) No valid network provided or created, defaulting to fixed_network_name
2015-12-17 12:35:25,512 22022 INFO     [tempest_lib.common.rest_client] Request (TestNetworkBasicOps:test_connectivity_between_vms_on_different_networks): 200 GET http://10.0.2.15:8774/v2.1/dcafb1e5561a4b9a9081211ce325a841/os-networks 0.308s
2015-12-17 12:35:25,513 22022 DEBUG    [tempest_lib.common.rest_client] Request - Headers: {'Content-Type': 'application/json', 'Accept': 'application/json', 'X-Auth-Token': '&lt;omitted&gt;'}
        Body: None
    Response - Headers: {'status': '200', 'content-length': '479', 'content-location': 'http://10.0.2.15:8774/v2.1/dcafb1e5561a4b9a9081211ce325a841/os-networks', 'x-compute-request-id': 'req-0b101a5c-32f6-4ae4-9227-4911add662ac', 'vary': 'X-OpenStack-Nova-API-Version', 'connection': 'close', 'x-openstack-nova-api-version': '2.1', 'date': 'Thu, 17 Dec 2015 12:35:25 GMT', 'content-type': 'application/json'}
        Body: {"networks": [{"cidr_v6": null, "dns2": null, "dns1": null, "gateway": null, "broadcast": null, "netmask": null, "gateway_v6": null, "cidr": null, "label": "public", "id": "e956aeab-8081-4f99-b16e-6e98743feaba", "netmask_v6": null}, {"cidr_v6": null, "dns2": null, "dns1": null, "gateway": null, "broadcast": null, "netmask": null, "gateway_v6": null, "cidr": null, "label": "tempest-network-smoke--1576650349", "id": "3b9be237-6f55-403c-97bf-f24433875438", "netmask_v6": null}]}
2015-12-17 12:35:25,514 22022 WARNING  [tempest.common.fixed_network] (TestNetworkBasicOps:test_connectivity_between_vms_on_different_networks) Network with name: private not found
2015-12-17 12:35:25,514 22022 INFO     [tempest.common.fixed_network] (TestNetworkBasicOps:test_connectivity_between_vms_on_different_networks) Found network {} available for tenant
2015-12-17 12:35:27,181 22022 INFO     [tempest_lib.common.rest_client] Request (TestNetworkBasicOps:test_connectivity_between_vms_on_different_networks): 202 POST http://10.0.2.15:8774/v2.1/dcafb1e5561a4b9a9081211ce325a841/servers 1.665s
2015-12-17 12:35:27,181 22022 DEBUG    [tempest_lib.common.rest_client] Request - Headers: {'Content-Type': 'application/json', 'Accept': 'application/json', 'X-Auth-Token': '&lt;omitted&gt;'}
        Body: {"server": {"name": "tempest.common.compute-instance-918364989", "imageRef": "2c2fcbff-abb0-4c4a-a3e5-672e968b7405", "key_name": "tempest-TestNetworkBasicOps-1711073979", "flavorRef": "42", "networks": [{"uuid": "3b9be237-6f55-403c-97bf-f24433875438"}], "security_groups": [{"name": "tempest-secgroup-smoke-827748413"}]}}
    Response - Headers: {'status': '202', 'content-length': '461', 'x-compute-request-id': 'req-623b8ae9-7714-4e6d-80b9-a352de312cad', 'vary': 'X-OpenStack-Nova-API-Version', 'connection': 'close', 'location': 'http://10.0.2.15:8774/v2.1/dcafb1e5561a4b9a9081211ce325a841/servers/590185b3-64fe-41d6-b216-daae0fbfba7c', 'x-openstack-nova-api-version': '2.1', 'date': 'Thu, 17 Dec 2015 12:35:27 GMT', 'content-type': 'application/json'}
        Body: {"server": {"security_groups": [{"name": "tempest-secgroup-smoke-827748413"}], "OS-DCF:diskConfig": "MANUAL", "id": "590185b3-64fe-41d6-b216-daae0fbfba7c", "links": [{"href": "http://10.0.2.15:8774/v2.1/dcafb1e5561a4b9a9081211ce325a841/servers/590185b3-64fe-41d6-b216-daae0fbfba7c", "rel": "self"}, {"href": "http://10.0.2.15:8774/dcafb1e5561a4b9a9081211ce325a841/servers/590185b3-64fe-41d6-b216-daae0fbfba7c", "rel": "bookmark"}], "adminPass": "8Whx7gWs9TRo"}}
2015-12-17 12:35:27,316 22022 INFO     [tempest_lib.common.rest_client] Request (TestNetworkBasicOps:test_connectivity_between_vms_on_different_networks): 200 GET http://10.0.2.15:8774/v2.1/dcafb1e5561a4b9a9081211ce325a841/servers/590185b3-64fe-41d6-b216-daae0fbfba7c 0.132s
2015-12-17 12:35:27,317 22022 DEBUG    [tempest_lib.common.rest_client] Request - Headers: {'Content-Type': 'application/json', 'Accept': 'application/json', 'X-Auth-Token': '&lt;omitted&gt;'}
        Body: None
    Response - Headers: {'status': '200', 'content-length': '1355', 'content-location': 'http://10.0.2.15:8774/v2.1/dcafb1e5561a4b9a9081211ce325a841/servers/590185b3-64fe-41d6-b216-daae0fbfba7c', 'x-compute-request-id': 'req-d489102b-c45d-4e70-aceb-f063b8610810', 'vary': 'X-OpenStack-Nova-API-Version', 'connection': 'close', 'x-openstack-nova-api-version': '2.1', 'date': 'Thu, 17 Dec 2015 12:35:27 GMT', 'content-type': 'application/json'}
        Body: {"server": {"status": "BUILD", "updated": "2015-12-17T12:35:27Z", "hostId": "", "addresses": {}, "links": [{"href": "http://10.0.2.15:8774/v2.1/dcafb1e5561a4b9a9081211ce325a841/servers/590185b3-64fe-41d6-b216-daae0fbfba7c", "rel": "self"}, {"href": "http://10.0.2.15:8774/dcafb1e5561a4b9a9081211ce325a841/servers/590185b3-64fe-41d6-b216-daae0fbfba7c", "rel": "bookmark"}], "key_name": "tempest-TestNetworkBasicOps-1711073979", "image": {"id": "2c2fcbff-abb0-4c4a-a3e5-672e968b7405", "links": [{"href": "http://10.0.2.15:8774/dcafb1e5561a4b9a9081211ce325a841/images/2c2fcbff-abb0-4c4a-a3e5-672e968b7405", "rel": "bookmark"}]}, "OS-EXT-STS:task_state": "scheduling", "OS-EXT-STS:vm_state": "building", "OS-SRV-USG:launched_at": null, "flavor": {"id": "42", "links": [{"href": "http://10.0.2.15:8774/dcafb1e5561a4b9a9081211ce325a841/flavors/42", "rel": "bookmark"}]}, "id": "590185b3-64fe-41d6-b216-daae0fbfba7c", "OS-SRV-USG:terminated_at": null, "OS-EXT-AZ:availability_zone": "", "user_id": "a9e7020668b24ba7a71ff83e3ccbd7b2", "name": "tempest.common.compute-instance-918364989", "created": "2015-12-17T12:35:27Z", "tenant_id": "dcafb1e5561a4b9a9081211ce325a841", "OS-DCF:diskConfig": "MANUAL", "os-extended-volumes:volumes_attached": [], "accessIPv4": "", "accessIPv6": "", "progress": 0, "OS-EXT-STS:power_state": 0, "config_drive": "", "metadata": {}}}
2015-12-17 12:35:28,712 22022 INFO     [tempest_lib.common.rest_client] Request (TestNetworkBasicOps:test_connectivity_between_vms_on_different_networks): 200 GET http://10.0.2.15:8774/v2.1/dcafb1e5561a4b9a9081211ce325a841/servers/590185b3-64fe-41d6-b216-daae0fbfba7c 0.386s
2015-12-17 12:35:28,712 22022 DEBUG    [tempest_lib.common.rest_client] Request - Headers: {'Content-Type': 'application/json', 'Accept': 'application/json', 'X-Auth-Token': '&lt;omitted&gt;'}
        Body: None
    Response - Headers: {'status': '200', 'content-length': '1480', 'content-location': 'http://10.0.2.15:8774/v2.1/dcafb1e5561a4b9a9081211ce325a841/servers/590185b3-64fe-41d6-b216-daae0fbfba7c', 'x-compute-request-id': 'req-eae6f092-aabb-4970-8e04-104e0447bcfb', 'vary': 'X-OpenStack-Nova-API-Version', 'connection': 'close', 'x-openstack-nova-api-version': '2.1', 'date': 'Thu, 17 Dec 2015 12:35:28 GMT', 'content-type': 'application/json'}
        Body: {"server": {"status": "BUILD", "updated": "2015-12-17T12:35:28Z", "hostId": "77c799833835aa0350724ff6004b5a1dcaf02fa5c4787c38055a0f89", "addresses": {}, "links": [{"href": "http://10.0.2.15:8774/v2.1/dcafb1e5561a4b9a9081211ce325a841/servers/590185b3-64fe-41d6-b216-daae0fbfba7c", "rel": "self"}, {"href": "http://10.0.2.15:8774/dcafb1e5561a4b9a9081211ce325a841/servers/590185b3-64fe-41d6-b216-daae0fbfba7c", "rel": "bookmark"}], "key_name": "tempest-TestNetworkBasicOps-1711073979", "image": {"id": "2c2fcbff-abb0-4c4a-a3e5-672e968b7405", "links": [{"href": "http://10.0.2.15:8774/dcafb1e5561a4b9a9081211ce325a841/images/2c2fcbff-abb0-4c4a-a3e5-672e968b7405", "rel": "bookmark"}]}, "OS-EXT-STS:task_state": "spawning", "OS-EXT-STS:vm_state": "building", "OS-SRV-USG:launched_at": null, "flavor": {"id": "42", "links": [{"href": "http://10.0.2.15:8774/dcafb1e5561a4b9a9081211ce325a841/flavors/42", "rel": "bookmark"}]}, "id": "590185b3-64fe-41d6-b216-daae0fbfba7c", "security_groups": [{"name": "tempest-secgroup-smoke-827748413"}], "OS-SRV-USG:terminated_at": null, "OS-EXT-AZ:availability_zone": "nova", "user_id": "a9e7020668b24ba7a71ff83e3ccbd7b2", "name": "tempest.common.compute-instance-918364989", "created": "2015-12-17T12:35:27Z", "tenant_id": "dcafb1e5561a4b9a9081211ce325a841", "OS-DCF:diskConfig": "MANUAL", "os-extended-volumes:volumes_attached": [], "accessIPv4": "", "accessIPv6": "", "progress": 0, "OS-EXT-STS:power_state": 0, "config_drive": "", "metadata": {}}}
2015-12-17 12:35:28,721 22022 INFO     [tempest.common.waiters] State transition "BUILD/scheduling" ==&gt; "BUILD/spawning" after 1 second wait
2015-12-17 12:35:30,054 22022 INFO     [tempest_lib.common.rest_client] Request (TestNetworkBasicOps:test_connectivity_between_vms_on_different_networks): 200 GET http://10.0.2.15:8774/v2.1/dcafb1e5561a4b9a9081211ce325a841/servers/590185b3-64fe-41d6-b216-daae0fbfba7c 0.331s
2015-12-17 12:35:30,055 22022 DEBUG    [tempest_lib.common.rest_client] Request - Headers: {'Content-Type': 'application/json', 'Accept': 'application/json', 'X-Auth-Token': '&lt;omitted&gt;'}
        Body: None
    Response - Headers: {'status': '200', 'content-length': '1480', 'content-location': 'http://10.0.2.15:8774/v2.1/dcafb1e5561a4b9a9081211ce325a841/servers/590185b3-64fe-41d6-b216-daae0fbfba7c', 'x-compute-request-id': 'req-7cbf5a86-d527-485f-a692-d9fd50ba5393', 'vary': 'X-OpenStack-Nova-API-Version', 'connection': 'close', 'x-openstack-nova-api-version': '2.1', 'date': 'Thu, 17 Dec 2015 12:35:30 GMT', 'content-type': 'application/json'}
        Body: {"server": {"status": "BUILD", "updated": "2015-12-17T12:35:28Z", "hostId": "77c799833835aa0350724ff6004b5a1dcaf02fa5c4787c38055a0f89", "addresses": {}, "links": [{"href": "http://10.0.2.15:8774/v2.1/dcafb1e5561a4b9a9081211ce325a841/servers/590185b3-64fe-41d6-b216-daae0fbfba7c", "rel": "self"}, {"href": "http://10.0.2.15:8774/dcafb1e5561a4b9a9081211ce325a841/servers/590185b3-64fe-41d6-b216-daae0fbfba7c", "rel": "bookmark"}], "key_name": "tempest-TestNetworkBasicOps-1711073979", "image": {"id": "2c2fcbff-abb0-4c4a-a3e5-672e968b7405", "links": [{"href": "http://10.0.2.15:8774/dcafb1e5561a4b9a9081211ce325a841/images/2c2fcbff-abb0-4c4a-a3e5-672e968b7405", "rel": "bookmark"}]}, "OS-EXT-STS:task_state": "spawning", "OS-EXT-STS:vm_state": "building", "OS-SRV-USG:launched_at": null, "flavor": {"id": "42", "links": [{"href": "http://10.0.2.15:8774/dcafb1e5561a4b9a9081211ce325a841/flavors/42", "rel": "bookmark"}]}, "id": "590185b3-64fe-41d6-b216-daae0fbfba7c", "security_groups": [{"name": "tempest-secgroup-smoke-827748413"}], "OS-SRV-USG:terminated_at": null, "OS-EXT-AZ:availability_zone": "nova", "user_id": "a9e7020668b24ba7a71ff83e3ccbd7b2", "name": "tempest.common.compute-instance-918364989", "created": "2015-12-17T12:35:27Z", "tenant_id": "dcafb1e5561a4b9a9081211ce325a841", "OS-DCF:diskConfig": "MANUAL", "os-extended-volumes:volumes_attached": [], "accessIPv4": "", "accessIPv6": "", "progress": 0, "OS-EXT-STS:power_state": 0, "config_drive": "", "metadata": {}}}
2015-12-17 12:35:31,254 22022 INFO     [tempest_lib.common.rest_client] Request (TestNetworkBasicOps:test_connectivity_between_vms_on_different_networks): 200 GET http://10.0.2.15:8774/v2.1/dcafb1e5561a4b9a9081211ce325a841/servers/590185b3-64fe-41d6-b216-daae0fbfba7c 0.190s
2015-12-17 12:35:31,255 22022 DEBUG    [tempest_lib.common.rest_client] Request - Headers: {'Content-Type': 'application/json', 'Accept': 'application/json', 'X-Auth-Token': '&lt;omitted&gt;'}
        Body: None
    Response - Headers: {'status': '200', 'content-length': '1652', 'content-location': 'http://10.0.2.15:8774/v2.1/dcafb1e5561a4b9a9081211ce325a841/servers/590185b3-64fe-41d6-b216-daae0fbfba7c', 'x-compute-request-id': 'req-95c0be60-fb68-4013-bd3d-61896f54dfe6', 'vary': 'X-OpenStack-Nova-API-Version', 'connection': 'close', 'x-openstack-nova-api-version': '2.1', 'date': 'Thu, 17 Dec 2015 12:35:31 GMT', 'content-type': 'application/json'}
        Body: {"server": {"status": "ACTIVE", "updated": "2015-12-17T12:35:30Z", "hostId": "77c799833835aa0350724ff6004b5a1dcaf02fa5c4787c38055a0f89", "addresses": {"tempest-network-smoke--1576650349": [{"OS-EXT-IPS-MAC:mac_addr": "fa:16:3e:4f:f6:c7", "version": 4, "addr": "10.100.0.3", "OS-EXT-IPS:type": "fixed"}]}, "links": [{"href": "http://10.0.2.15:8774/v2.1/dcafb1e5561a4b9a9081211ce325a841/servers/590185b3-64fe-41d6-b216-daae0fbfba7c", "rel": "self"}, {"href": "http://10.0.2.15:8774/dcafb1e5561a4b9a9081211ce325a841/servers/590185b3-64fe-41d6-b216-daae0fbfba7c", "rel": "bookmark"}], "key_name": "tempest-TestNetworkBasicOps-1711073979", "image": {"id": "2c2fcbff-abb0-4c4a-a3e5-672e968b7405", "links": [{"href": "http://10.0.2.15:8774/dcafb1e5561a4b9a9081211ce325a841/images/2c2fcbff-abb0-4c4a-a3e5-672e968b7405", "rel": "bookmark"}]}, "OS-EXT-STS:task_state": null, "OS-EXT-STS:vm_state": "active", "OS-SRV-USG:launched_at": "2015-12-17T12:35:30.000000", "flavor": {"id": "42", "links": [{"href": "http://10.0.2.15:8774/dcafb1e5561a4b9a9081211ce325a841/flavors/42", "rel": "bookmark"}]}, "id": "590185b3-64fe-41d6-b216-daae0fbfba7c", "security_groups": [{"name": "tempest-secgroup-smoke-827748413"}], "OS-SRV-USG:terminated_at": null, "OS-EXT-AZ:availability_zone": "nova", "user_id": "a9e7020668b24ba7a71ff83e3ccbd7b2", "name": "tempest.common.compute-instance-918364989", "created": "2015-12-17T12:35:27Z", "tenant_id": "dcafb1e5561a4b9a9081211ce325a841", "OS-DCF:diskConfig": "MANUAL", "os-extended-volumes:volumes_attached": [], "accessIPv4": "", "accessIPv6": "", "progress": 0, "OS-EXT-STS:power_state": 1, "config_drive": "True", "metadata": {}}}
2015-12-17 12:35:31,269 22022 INFO     [tempest.common.waiters] State transition "BUILD/spawning" ==&gt; "ACTIVE/None" after 4 second wait
2015-12-17 12:35:31,464 22022 INFO     [tempest_lib.common.rest_client] Request (TestNetworkBasicOps:test_connectivity_between_vms_on_different_networks): 200 GET http://10.0.2.15:8774/v2.1/dcafb1e5561a4b9a9081211ce325a841/servers/590185b3-64fe-41d6-b216-daae0fbfba7c 0.194s
2015-12-17 12:35:31,464 22022 DEBUG    [tempest_lib.common.rest_client] Request - Headers: {'Content-Type': 'application/json', 'Accept': 'application/json', 'X-Auth-Token': '&lt;omitted&gt;'}
        Body: None
    Response - Headers: {'status': '200', 'content-length': '1652', 'content-location': 'http://10.0.2.15:8774/v2.1/dcafb1e5561a4b9a9081211ce325a841/servers/590185b3-64fe-41d6-b216-daae0fbfba7c', 'x-compute-request-id': 'req-37130dea-88ee-4b04-848e-0ead07d60496', 'vary': 'X-OpenStack-Nova-API-Version', 'connection': 'close', 'x-openstack-nova-api-version': '2.1', 'date': 'Thu, 17 Dec 2015 12:35:31 GMT', 'content-type': 'application/json'}
        Body: {"server": {"status": "ACTIVE", "updated": "2015-12-17T12:35:30Z", "hostId": "77c799833835aa0350724ff6004b5a1dcaf02fa5c4787c38055a0f89", "addresses": {"tempest-network-smoke--1576650349": [{"OS-EXT-IPS-MAC:mac_addr": "fa:16:3e:4f:f6:c7", "version": 4, "addr": "10.100.0.3", "OS-EXT-IPS:type": "fixed"}]}, "links": [{"href": "http://10.0.2.15:8774/v2.1/dcafb1e5561a4b9a9081211ce325a841/servers/590185b3-64fe-41d6-b216-daae0fbfba7c", "rel": "self"}, {"href": "http://10.0.2.15:8774/dcafb1e5561a4b9a9081211ce325a841/servers/590185b3-64fe-41d6-b216-daae0fbfba7c", "rel": "bookmark"}], "key_name": "tempest-TestNetworkBasicOps-1711073979", "image": {"id": "2c2fcbff-abb0-4c4a-a3e5-672e968b7405", "links": [{"href": "http://10.0.2.15:8774/dcafb1e5561a4b9a9081211ce325a841/images/2c2fcbff-abb0-4c4a-a3e5-672e968b7405", "rel": "bookmark"}]}, "OS-EXT-STS:task_state": null, "OS-EXT-STS:vm_state": "active", "OS-SRV-USG:launched_at": "2015-12-17T12:35:30.000000", "flavor": {"id": "42", "links": [{"href": "http://10.0.2.15:8774/dcafb1e5561a4b9a9081211ce325a841/flavors/42", "rel": "bookmark"}]}, "id": "590185b3-64fe-41d6-b216-daae0fbfba7c", "security_groups": [{"name": "tempest-secgroup-smoke-827748413"}], "OS-SRV-USG:terminated_at": null, "OS-EXT-AZ:availability_zone": "nova", "user_id": "a9e7020668b24ba7a71ff83e3ccbd7b2", "name": "tempest.common.compute-instance-918364989", "created": "2015-12-17T12:35:27Z", "tenant_id": "dcafb1e5561a4b9a9081211ce325a841", "OS-DCF:diskConfig": "MANUAL", "os-extended-volumes:volumes_attached": [], "accessIPv4": "", "accessIPv6": "", "progress": 0, "OS-EXT-STS:power_state": 1, "config_drive": "True", "metadata": {}}}
2015-12-17 12:35:31,477 22022 INFO     [tempest.scenario.manager] Tenant networks not configured to be reachable.
2015-12-17 12:35:31,514 22022 INFO     [tempest_lib.common.rest_client] Request (TestNetworkBasicOps:test_connectivity_between_vms_on_different_networks): 200 GET http://10.0.2.15:9696/v2.0/ports?status=ACTIVE&amp;fixed_ip=None&amp;device_id=590185b3-64fe-41d6-b216-daae0fbfba7c 0.036s
2015-12-17 12:35:31,514 22022 DEBUG    [tempest_lib.common.rest_client] Request - Headers: {'Content-Type': 'application/json', 'Accept': 'application/json', 'X-Auth-Token': '&lt;omitted&gt;'}
        Body: None
    Response - Headers: {'status': '200', 'content-length': '895', 'content-location': 'http://10.0.2.15:9696/v2.0/ports?status=ACTIVE&amp;fixed_ip=None&amp;device_id=590185b3-64fe-41d6-b216-daae0fbfba7c', 'connection': 'close', 'date': 'Thu, 17 Dec 2015 12:35:31 GMT', 'content-type': 'application/json; charset=UTF-8', 'x-openstack-request-id': 'req-89429513-8e8d-4e2e-a34d-a61038066aba'}
        Body: {"ports": [{"status": "ACTIVE", "binding:host_id": "vagrant-ubuntu-trusty-64", "allowed_address_pairs": [], "extra_dhcp_opts": [], "dns_assignment": [{"hostname": "host-10-100-0-3", "ip_address": "10.100.0.3", "fqdn": "host-10-100-0-3.openstacklocal."}], "device_owner": "compute:None", "port_security_enabled": true, "binding:profile": {}, "fixed_ips": [{"subnet_id": "4d62d9d7-3427-4f9d-ae2c-5797cf34945d", "ip_address": "10.100.0.3"}], "id": "af99120c-f222-421a-8da2-25468800faba", "security_groups": ["4385e638-b3d1-4f76-a895-ecf94cc118e4"], "device_id": "590185b3-64fe-41d6-b216-daae0fbfba7c", "name": "", "admin_state_up": true, "network_id": "3b9be237-6f55-403c-97bf-f24433875438", "dns_name": "", "binding:vif_details": {"port_filter": true}, "binding:vnic_type": "normal", "binding:vif_type": "ovs", "tenant_id": "dcafb1e5561a4b9a9081211ce325a841", "mac_address": "fa:16:3e:4f:f6:c7"}]}
2015-12-17 12:35:32,150 22022 INFO     [tempest_lib.common.rest_client] Request (TestNetworkBasicOps:test_connectivity_between_vms_on_different_networks): 201 POST http://10.0.2.15:9696/v2.0/floatingips 0.634s
2015-12-17 12:35:32,151 22022 DEBUG    [tempest_lib.common.rest_client] Request - Headers: {'Content-Type': 'application/json', 'Accept': 'application/json', 'X-Auth-Token': '&lt;omitted&gt;'}
        Body: {"floatingip": {"floating_network_id": "e956aeab-8081-4f99-b16e-6e98743feaba", "tenant_id": "dcafb1e5561a4b9a9081211ce325a841", "fixed_ip_address": "10.100.0.3", "port_id": "af99120c-f222-421a-8da2-25468800faba"}}
    Response - Headers: {'status': '201', 'content-length': '367', 'connection': 'close', 'date': 'Thu, 17 Dec 2015 12:35:32 GMT', 'content-type': 'application/json; charset=UTF-8', 'x-openstack-request-id': 'req-ab36b445-d315-480a-942c-be368157f6d1'}
        Body: {"floatingip": {"floating_network_id": "e956aeab-8081-4f99-b16e-6e98743feaba", "router_id": "cfbba653-f7b9-47cb-8ca8-365950df7618", "fixed_ip_address": "10.100.0.3", "floating_ip_address": "172.24.4.4", "tenant_id": "dcafb1e5561a4b9a9081211ce325a841", "status": "DOWN", "port_id": "af99120c-f222-421a-8da2-25468800faba", "id": "d3cf9ac7-cd3b-44ba-81d7-3e10cf0d9632"}}
2015-12-17 12:35:32,166 22022 INFO     [tempest_lib.common.rest_client] Request (TestNetworkBasicOps:test_connectivity_between_vms_on_different_networks): 200 GET http://10.0.2.15:9696/v2.0/floatingips/d3cf9ac7-cd3b-44ba-81d7-3e10cf0d9632 0.014s
2015-12-17 12:35:32,166 22022 DEBUG    [tempest_lib.common.rest_client] Request - Headers: {'Content-Type': 'application/json', 'Accept': 'application/json', 'X-Auth-Token': '&lt;omitted&gt;'}
        Body: None
    Response - Headers: {'status': '200', 'content-length': '367', 'content-location': 'http://10.0.2.15:9696/v2.0/floatingips/d3cf9ac7-cd3b-44ba-81d7-3e10cf0d9632', 'connection': 'close', 'date': 'Thu, 17 Dec 2015 12:35:32 GMT', 'content-type': 'application/json; charset=UTF-8', 'x-openstack-request-id': 'req-96a2259f-8037-4196-ab2b-c4a226ecc7a1'}
        Body: {"floatingip": {"floating_network_id": "e956aeab-8081-4f99-b16e-6e98743feaba", "router_id": "cfbba653-f7b9-47cb-8ca8-365950df7618", "fixed_ip_address": "10.100.0.3", "floating_ip_address": "172.24.4.4", "tenant_id": "dcafb1e5561a4b9a9081211ce325a841", "status": "DOWN", "port_id": "af99120c-f222-421a-8da2-25468800faba", "id": "d3cf9ac7-cd3b-44ba-81d7-3e10cf0d9632"}}
2015-12-17 12:35:33,182 22022 INFO     [tempest_lib.common.rest_client] Request (TestNetworkBasicOps:test_connectivity_between_vms_on_different_networks): 200 GET http://10.0.2.15:9696/v2.0/floatingips/d3cf9ac7-cd3b-44ba-81d7-3e10cf0d9632 0.014s
2015-12-17 12:35:33,183 22022 DEBUG    [tempest_lib.common.rest_client] Request - Headers: {'Content-Type': 'application/json', 'Accept': 'application/json', 'X-Auth-Token': '&lt;omitted&gt;'}
        Body: None
    Response - Headers: {'status': '200', 'content-length': '367', 'content-location': 'http://10.0.2.15:9696/v2.0/floatingips/d3cf9ac7-cd3b-44ba-81d7-3e10cf0d9632', 'connection': 'close', 'date': 'Thu, 17 Dec 2015 12:35:33 GMT', 'content-type': 'application/json; charset=UTF-8', 'x-openstack-request-id': 'req-e2aee067-a6a8-4324-9ef6-8e19d4110c12'}
        Body: {"floatingip": {"floating_network_id": "e956aeab-8081-4f99-b16e-6e98743feaba", "router_id": "cfbba653-f7b9-47cb-8ca8-365950df7618", "fixed_ip_address": "10.100.0.3", "floating_ip_address": "172.24.4.4", "tenant_id": "dcafb1e5561a4b9a9081211ce325a841", "status": "DOWN", "port_id": "af99120c-f222-421a-8da2-25468800faba", "id": "d3cf9ac7-cd3b-44ba-81d7-3e10cf0d9632"}}
2015-12-17 12:35:34,197 22022 INFO     [tempest_lib.common.rest_client] Request (TestNetworkBasicOps:test_connectivity_between_vms_on_different_networks): 200 GET http://10.0.2.15:9696/v2.0/floatingips/d3cf9ac7-cd3b-44ba-81d7-3e10cf0d9632 0.013s
2015-12-17 12:35:34,198 22022 DEBUG    [tempest_lib.common.rest_client] Request - Headers: {'Content-Type': 'application/json', 'Accept': 'application/json', 'X-Auth-Token': '&lt;omitted&gt;'}
        Body: None
    Response - Headers: {'status': '200', 'content-length': '369', 'content-location': 'http://10.0.2.15:9696/v2.0/floatingips/d3cf9ac7-cd3b-44ba-81d7-3e10cf0d9632', 'connection': 'close', 'date': 'Thu, 17 Dec 2015 12:35:34 GMT', 'content-type': 'application/json; charset=UTF-8', 'x-openstack-request-id': 'req-f4a9b88c-b921-43fe-ac6c-6d31df5d84a6'}
        Body: {"floatingip": {"floating_network_id": "e956aeab-8081-4f99-b16e-6e98743feaba", "router_id": "cfbba653-f7b9-47cb-8ca8-365950df7618", "fixed_ip_address": "10.100.0.3", "floating_ip_address": "172.24.4.4", "tenant_id": "dcafb1e5561a4b9a9081211ce325a841", "status": "ACTIVE", "port_id": "af99120c-f222-421a-8da2-25468800faba", "id": "d3cf9ac7-cd3b-44ba-81d7-3e10cf0d9632"}}
2015-12-17 12:35:34,198 22022 INFO     [tempest.scenario.manager] FloatingIP: &lt;"FloatingIP" addr="172.24.4.4" id="d3cf9ac7-cd3b-44ba-81d7-3e10cf0d9632"&gt; is at status: ACTIVE
2015-12-17 12:35:34,198 22022 DEBUG    [tempest.scenario.manager] checking network connections to IP 172.24.4.4 with user: cirros
2015-12-17 12:35:34,199 22022 DEBUG    [tempest.scenario.manager] TestNetworkBasicOps:test_connectivity_between_vms_on_different_networks begins to ping 172.24.4.4 in 120 sec and the expected result is reachable
2015-12-17 12:37:35,526 22022 DEBUG    [tempest.scenario.manager] TestNetworkBasicOps:test_connectivity_between_vms_on_different_networks finishes ping 172.24.4.4 in 120 sec and the ping result is unexpected
2015-12-17 12:37:35,527 22022 ERROR    [tempest.scenario.manager] Public network connectivity check failed
2015-12-17 12:37:35.527 22022 ERROR tempest.scenario.manager Traceback (most recent call last):
2015-12-17 12:37:35.527 22022 ERROR tempest.scenario.manager   File "tempest/scenario/manager.py", line 608, in check_public_network_connectivity
2015-12-17 12:37:35.527 22022 ERROR tempest.scenario.manager     should_connect=should_connect)
2015-12-17 12:37:35.527 22022 ERROR tempest.scenario.manager   File "tempest/scenario/manager.py", line 592, in check_vm_connectivity
2015-12-17 12:37:35.527 22022 ERROR tempest.scenario.manager     msg=msg)
2015-12-17 12:37:35.527 22022 ERROR tempest.scenario.manager   File "/usr/local/lib/python2.7/dist-packages/unittest2/case.py", line 702, in assertTrue
2015-12-17 12:37:35.527 22022 ERROR tempest.scenario.manager     raise self.failureException(msg)
2015-12-17 12:37:35.527 22022 ERROR tempest.scenario.manager AssertionError: False is not true : Timed out waiting for 172.24.4.4 to become reachable
2015-12-17 12:37:35.527 22022 ERROR tempest.scenario.manager 
2015-12-17 12:37:35,748 22022 INFO     [tempest_lib.common.rest_client] Request (TestNetworkBasicOps:test_connectivity_between_vms_on_different_networks): 200 POST http://10.0.2.15:8774/v2.1/dcafb1e5561a4b9a9081211ce325a841/servers/590185b3-64fe-41d6-b216-daae0fbfba7c/action 0.219s
2015-12-17 12:37:35,749 22022 DEBUG    [tempest_lib.common.rest_client] Request - Headers: {'Content-Type': 'application/json', 'Accept': 'application/json', 'X-Auth-Token': '&lt;omitted&gt;'}
        Body: {"os-getConsoleOutput": {}}
    Response - Headers: {'status': '200', 'content-length': '17429', 'x-compute-request-id': 'req-b4728ced-d789-46b8-8e1c-ccb3e25a5eaf', 'vary': 'X-OpenStack-Nova-API-Version', 'connection': 'close', 'x-openstack-nova-api-version': '2.1', 'date': 'Thu, 17 Dec 2015 12:37:35 GMT', 'content-type': 'application/json'}
        Body: {"output": "[    0.000000] Initializing cgroup subsys cpuset\n[    0.000000] Initializing cgroup subsys cpu\n[    0.000000] Linux version 3.2.0-80-virtual (buildd@batsu) (gcc version 4.6.3 (Ubuntu/Linaro 4.6.3-1ubuntu5) ) #116-Ubuntu SMP Mon Mar 23 17:28:52 UTC 2015 (Ubuntu 3.2.0-80.116-virtual 3.2.68)\n[    0.000000] Command line: root=/dev/vda console=tty0 console=ttyS0 no_timer_check\n[    0.000000] KERNEL supported cpus:\n[    0.000000]   Intel GenuineIntel\n[    0.000000]   AMD AuthenticAMD\n[    0.000000]   Centaur CentaurHauls\n[    0.000000] BIOS-provided physical RAM map:\n[    0.000000]  BIOS-e820: 0000000000000000 - 000000000009fc00 (usable)\n[    0.000000]  BIOS-e820: 000000000009fc00 - 00000000000a0000 (reserved)\n[    0.000000]  BIOS-e820: 00000000000f0000 - 0000000000100000 (reserved)\n[    0.000000]  BIOS-e820: 0000000000100000 - 0000000003ffe000 (usable)\n[    0.000000]  BIOS-e820: 0000000003ffe000 - 0000000004000000 (reserved)\n[    0.000000]  BIOS-e820: 00000000fffc0000 - 0000000100000000 (reserved)\n[    0.000000] NX (Execute Disable) protection: active\n[    0.000000] SMBIOS 2.4 present.\n[    0.000000] No AGP bridge found\n[    0.000000] last_pfn = 0x3ffe max_arch_pfn = 0x400000000\n[    0.000000] x86 PAT enabled: cpu 0, old 0x7040600070406, new 0x7010600070106\n[    0.000000] found SMP MP-table at [ffff8800000f0b00] f0b00\n[    0.000000] init_memory_mapping: 0000000000000000-0000000003ffe000\n[    0.000000] RAMDISK: 03c5e000 - 03ff0000\n[    0.000000] ACPI: RSDP 00000000000f0950 00014 (v00 BOCHS )\n[    0.000000] ACPI: RSDT 0000000003fffbc1 00034 (v01 BOCHS  BXPCRSDT 00000001 BXPC 00000001)\n[    0.000000] ACPI: FACP 0000000003fff1c0 00074 (v01 BOCHS  BXPCFACP 00000001 BXPC 00000001)\n[    0.000000] ACPI: DSDT 0000000003ffe040 01180 (v01 BOCHS  BXPCDSDT 00000001 BXPC 00000001)\n[    0.000000] ACPI: FACS 0000000003ffe000 00040\n[    0.000000] ACPI: SSDT 0000000003fff234 008DD (v01 BOCHS  BXPCSSDT 00000001 BXPC 00000001)\n[    0.000000] ACPI: APIC 0000000003fffb11 00078 (v01 BOCHS  BXPCAPIC 00000001 BXPC 00000001)\n[    0.000000] ACPI: HPET 0000000003fffb89 00038 (v01 BOCHS  BXPCHPET 00000001 BXPC 00000001)\n[    0.000000] No NUMA configuration found\n[    0.000000] Faking a node at 0000000000000000-0000000003ffe000\n[    0.000000] Initmem setup node 0 0000000000000000-0000000003ffe000\n[    0.000000]   NODE_DATA [0000000003ff6000 - 0000000003ffafff]\n[    0.000000] Zone PFN ranges:\n[    0.000000]   DMA      0x00000010 -&gt; 0x00001000\n[    0.000000]   DMA32    0x00001000 -&gt; 0x00100000\n[    0.000000]   Normal   empty\n[    0.000000] Movable zone start PFN for each node\n[    0.000000] early_node_map[2] active PFN ranges\n[    0.000000]     0: 0x00000010 -&gt; 0x0000009f\n[    0.000000]     0: 0x00000100 -&gt; 0x00003ffe\n[    0.000000] ACPI: PM-Timer IO Port: 0xb008\n[    0.000000] ACPI: LAPIC (acpi_id[0x00] lapic_id[0x00] enabled)\n[    0.000000] ACPI: LAPIC_NMI (acpi_id[0xff] dfl dfl lint[0x1])\n[    0.000000] ACPI: IOAPIC (id[0x00] address[0xfec00000] gsi_base[0])\n[    0.000000] IOAPIC[0]: apic_id 0, version 17, address 0xfec00000, GSI 0-23\n[    0.000000] ACPI: INT_SRC_OVR (bus 0 bus_irq 0 global_irq 2 dfl dfl)\n[    0.000000] ACPI: INT_SRC_OVR (bus 0 bus_irq 5 global_irq 5 high level)\n[    0.000000] ACPI: INT_SRC_OVR (bus 0 bus_irq 9 global_irq 9 high level)\n[    0.000000] ACPI: INT_SRC_OVR (bus 0 bus_irq 10 global_irq 10 high level)\n[    0.000000] ACPI: INT_SRC_OVR (bus 0 bus_irq 11 global_irq 11 high level)\n[    0.000000] Using ACPI (MADT) for SMP configuration information\n[    0.000000] ACPI: HPET id: 0x8086a201 base: 0xfed00000\n[    0.000000] SMP: Allowing 1 CPUs, 0 hotplug CPUs\n[    0.000000] PM: Registered nosave memory: 000000000009f000 - 00000000000a0000\n[    0.000000] PM: Registered nosave memory: 00000000000a0000 - 00000000000f0000\n[    0.000000] PM: Registered nosave memory: 00000000000f0000 - 0000000000100000\n[    0.000000] Allocating PCI resources starting at 4000000 (gap: 4000000:fbfc0000)\n[    0.000000] Booting paravirtualized kernel on bare hardware\n[    0.000000] setup_pe
2015-12-17 12:37:35,753 22022 DEBUG    [tempest.scenario.manager] Console output for 590185b3-64fe-41d6-b216-daae0fbfba7c
body=
[    0.000000] Initializing cgroup subsys cpuset
[    0.000000] Initializing cgroup subsys cpu
[    0.000000] Linux version 3.2.0-80-virtual (buildd@batsu) (gcc version 4.6.3 (Ubuntu/Linaro 4.6.3-1ubuntu5) ) #116-Ubuntu SMP Mon Mar 23 17:28:52 UTC 2015 (Ubuntu 3.2.0-80.116-virtual 3.2.68)
[    0.000000] Command line: root=/dev/vda console=tty0 console=ttyS0 no_timer_check
[    0.000000] KERNEL supported cpus:
[    0.000000]   Intel GenuineIntel
[    0.000000]   AMD AuthenticAMD
[    0.000000]   Centaur CentaurHauls
[    0.000000] BIOS-provided physical RAM map:
[    0.000000]  BIOS-e820: 0000000000000000 - 000000000009fc00 (usable)
[    0.000000]  BIOS-e820: 000000000009fc00 - 00000000000a0000 (reserved)
[    0.000000]  BIOS-e820: 00000000000f0000 - 0000000000100000 (reserved)
[    0.000000]  BIOS-e820: 0000000000100000 - 0000000003ffe000 (usable)
[    0.000000]  BIOS-e820: 0000000003ffe000 - 0000000004000000 (reserved)
[    0.000000]  BIOS-e820: 00000000fffc0000 - 0000000100000000 (reserved)
[    0.000000] NX (Execute Disable) protection: active
[    0.000000] SMBIOS 2.4 present.
[    0.000000] No AGP bridge found
[    0.000000] last_pfn = 0x3ffe max_arch_pfn = 0x400000000
[    0.000000] x86 PAT enabled: cpu 0, old 0x7040600070406, new 0x7010600070106
[    0.000000] found SMP MP-table at [ffff8800000f0b00] f0b00
[    0.000000] init_memory_mapping: 0000000000000000-0000000003ffe000
[    0.000000] RAMDISK: 03c5e000 - 03ff0000
[    0.000000] ACPI: RSDP 00000000000f0950 00014 (v00 BOCHS )
[    0.000000] ACPI: RSDT 0000000003fffbc1 00034 (v01 BOCHS  BXPCRSDT 00000001 BXPC 00000001)
[    0.000000] ACPI: FACP 0000000003fff1c0 00074 (v01 BOCHS  BXPCFACP 00000001 BXPC 00000001)
[    0.000000] ACPI: DSDT 0000000003ffe040 01180 (v01 BOCHS  BXPCDSDT 00000001 BXPC 00000001)
[    0.000000] ACPI: FACS 0000000003ffe000 00040
[    0.000000] ACPI: SSDT 0000000003fff234 008DD (v01 BOCHS  BXPCSSDT 00000001 BXPC 00000001)
[    0.000000] ACPI: APIC 0000000003fffb11 00078 (v01 BOCHS  BXPCAPIC 00000001 BXPC 00000001)
[    0.000000] ACPI: HPET 0000000003fffb89 00038 (v01 BOCHS  BXPCHPET 00000001 BXPC 00000001)
[    0.000000] No NUMA configuration found
[    0.000000] Faking a node at 0000000000000000-0000000003ffe000
[    0.000000] Initmem setup node 0 0000000000000000-0000000003ffe000
[    0.000000]   NODE_DATA [0000000003ff6000 - 0000000003ffafff]
[    0.000000] Zone PFN ranges:
[    0.000000]   DMA      0x00000010 -&gt; 0x00001000
[    0.000000]   DMA32    0x00001000 -&gt; 0x00100000
[    0.000000]   Normal   empty
[    0.000000] Movable zone start PFN for each node
[    0.000000] early_node_map[2] active PFN ranges
[    0.000000]     0: 0x00000010 -&gt; 0x0000009f
[    0.000000]     0: 0x00000100 -&gt; 0x00003ffe
[    0.000000] ACPI: PM-Timer IO Port: 0xb008
[    0.000000] ACPI: LAPIC (acpi_id[0x00] lapic_id[0x00] enabled)
[    0.000000] ACPI: LAPIC_NMI (acpi_id[0xff] dfl dfl lint[0x1])
[    0.000000] ACPI: IOAPIC (id[0x00] address[0xfec00000] gsi_base[0])
[    0.000000] IOAPIC[0]: apic_id 0, version 17, address 0xfec00000, GSI 0-23
[    0.000000] ACPI: INT_SRC_OVR (bus 0 bus_irq 0 global_irq 2 dfl dfl)
[    0.000000] ACPI: INT_SRC_OVR (bus 0 bus_irq 5 global_irq 5 high level)
[    0.000000] ACPI: INT_SRC_OVR (bus 0 bus_irq 9 global_irq 9 high level)
[    0.000000] ACPI: INT_SRC_OVR (bus 0 bus_irq 10 global_irq 10 high level)
[    0.000000] ACPI: INT_SRC_OVR (bus 0 bus_irq 11 global_irq 11 high level)
[    0.000000] Using ACPI (MADT) for SMP configuration information
[    0.000000] ACPI: HPET id: 0x8086a201 base: 0xfed00000
[    0.000000] SMP: Allowing 1 CPUs, 0 hotplug CPUs
[    0.000000] PM: Registered nosave memory: 000000000009f000 - 00000000000a0000
[    0.000000] PM: Registered nosave memory: 00000000000a0000 - 00000000000f0000
[    0.000000] PM: Registered nosave memory: 00000000000f0000 - 0000000000100000
[    0.000000] Allocating PCI resources starting at 4000000 (gap: 4000000:fbfc0000)
[    0.000000] Booting paravirtualized kernel on bare hardware
[    0.000000] setup_percpu: NR_CPUS:64 nr_cpumask_bits:64 nr_cpu_ids:1 nr_node_ids:1
[    0.000000] PERCPU: Embedded 27 pages/cpu @ffff880003a00000 s78848 r8192 d23552 u2097152
[    0.000000] Built 1 zonelists in Node order, mobility grouping on.  Total pages: 16008
[    0.000000] Policy zone: DMA32
[    0.000000] Kernel command line: root=/dev/vda console=tty0 console=ttyS0 no_timer_check
[    0.000000] PID hash table entries: 256 (order: -1, 2048 bytes)
[    0.000000] Checking aperture...
[    0.000000] No AGP bridge found
[    0.000000] Memory: 43492k/65528k available (6576k kernel code, 452k absent, 21584k reserved, 6620k data, 928k init)
[    0.000000] SLUB: Genslabs=15, HWalign=64, Order=0-3, MinObjects=0, CPUs=1, Nodes=1
[    0.000000] Hierarchical RCU implementation.
[    0.000000] 	RCU dyntick-idle grace-period acceleration is enabled.
[    0.000000] NR_IRQS:4352 nr_irqs:256 16
[    0.000000] Console: colour VGA+ 80x25
[    0.000000] console [tty0] enabled
[    0.000000] console [ttyS0] enabled
[    0.000000] allocated 1048576 bytes of page_cgroup
[    0.000000] please try 'cgroup_disable=memory' option if you don't want memory cgroups
[    0.000000] Fast TSC calibration failed
[    0.000000] TSC: Unable to calibrate against PIT
[    0.000000] TSC: using HPET reference calibration
[    0.000000] Detected 2294.471 MHz processor.
[    0.036417] Calibrating delay loop (skipped), value calculated using timer frequency.. 4588.94 BogoMIPS (lpj=9177884)
[    0.041608] pid_max: default: 32768 minimum: 301
[    0.053427] Security Framework initialized
[    0.057307] AppArmor: AppArmor initialized
[    0.057904] Yama: becoming mindful.
[    0.064355] Dentry cache hash table entries: 8192 (order: 4, 65536 bytes)
[    0.065536] Inode-cache hash table entries: 4096 (order: 3, 32768 bytes)
[    0.068446] Mount-cache hash table entries: 256
[    0.086183] Initializing cgroup subsys cpuacct
[    0.087097] Initializing cgroup subsys memory
[    0.089903] Initializing cgroup subsys devices
[    0.092499] Initializing cgroup subsys freezer
[    0.093665] Initializing cgroup subsys blkio
[    0.094837] Initializing cgroup subsys perf_event
[    0.104588] mce: CPU supports 10 MCE banks
[    0.109422] SMP alternatives: switching to UP code
[    0.558100] Freeing SMP alternatives: 24k freed
[    0.561442] ACPI: Core revision 20110623
[    0.617886] ftrace: allocating 26610 entries in 105 pages
[    0.646305] ..TIMER: vector=0x30 apic1=0 pin1=2 apic2=-1 pin2=-1
[    0.648166] CPU0: AMD QEMU Virtual CPU version 2.0.0 stepping 03
[    0.652040] Performance Events: Broken PMU hardware detected, using software events only.
[    0.660248] NMI watchdog disabled (cpu0): hardware events not enabled
[    0.661686] Brought up 1 CPUs
[    0.662215] Total of 1 processors activated (4588.94 BogoMIPS).
[    0.685439] devtmpfs: initialized
[    0.715533] EVM: security.selinux
[    0.716084] EVM: security.SMACK64
[    0.716505] EVM: security.capability
[    0.736374] print_constraints: dummy: 
[    0.737848] RTC time: 12:35:34, date: 12/17/15
[    0.740683] NET: Registered protocol family 16
[    0.748979] ACPI: bus type pci registered
[    0.753803] PCI: Using configuration type 1 for base access
[    0.782791] bio: create slab &lt;bio-0&gt; at 0
[    0.788615] ACPI: Added _OSI(Module Device)
[    0.789106] ACPI: Added _OSI(Processor Device)
[    0.789673] ACPI: Added _OSI(3.0 _SCP Extensions)
[    0.790383] ACPI: Added _OSI(Processor Aggregator Device)
[    0.857100] ACPI: Interpreter enabled
[    0.857822] ACPI: (supports S0 S3 S4 S5)
[    0.860159] ACPI: Using IOAPIC for interrupt routing
[    0.944595] ACPI: No dock devices found.
[    0.945150] HEST: Table not found.
[    0.945842] PCI: Using host bridge windows from ACPI; if necessary, use "pci=nocrs" and report a bug
[    0.953482] ACPI: PCI Root Bridge [PCI0] (domain 0000 [bus 00-ff])
[    0.960410] pci_root PNP0A03:00: host bridge window [io  0x0000-0x0cf7]
[    0.961404] pci_root PNP0A03:00: host bridge window [io  0x0d00-0xadff]
[    0.962290] pci_root PNP0A03:00: host bridge window [io  0xae0f-0xaeff]
[    0.963137] pci_root PNP0A03:00: host bridge window [io  0xaf20-0xafdf]
[    0.964127] pci_root PNP0A03:00: host bridge window [io  0xafe4-0xffff]
[    0.965924] pci_root PNP0A03:00: host bridge window [mem 0x000a0000-0x000bffff]
[    0.968207] pci_root PNP0A03:00: host bridge window [mem 0x04000000-0xfebfffff]
[    1.006583] pci 0000:00:01.3: quirk: [io  0xb000-0xb03f] claimed by PIIX4 ACPI
[    1.008184] pci 0000:00:01.3: quirk: [io  0xb100-0xb10f] claimed by PIIX4 SMB
[    1.082383]  pci0000:00: Unable to request _OSC control (_OSC support mask: 0x1e)
[    1.142380] ACPI: PCI Interrupt Link [LNKA] (IRQs 5 *10 11)
[    1.144910] ACPI: PCI Interrupt Link [LNKB] (IRQs 5 *10 11)
[    1.147074] ACPI: PCI Interrupt Link [LNKC] (IRQs 5 10 *11)
[    1.149905] ACPI: PCI Interrupt Link [LNKD] (IRQs 5 10 *11)
[    1.152854] ACPI: PCI Interrupt Link [LNKS] (IRQs *9)
[    1.162310] vgaarb: device added: PCI:0000:00:02.0,decodes=io+mem,owns=io+mem,locks=none
[    1.163517] vgaarb: loaded
[    1.164186] vgaarb: bridge control possible 0000:00:02.0
[    1.168196] i2c-core: driver [aat2870] using legacy suspend method
[    1.168843] i2c-core: driver [aat2870] using legacy resume method
[    1.171274] SCSI subsystem initialized
[    1.174647] usbcore: registered new interface driver usbfs
[    1.176592] usbcore: registered new interface driver hub
[    1.177983] usbcore: registered new device driver usb
[    1.181877] PCI: Using ACPI for IRQ routing
[    1.192581] NetLabel: Initializing
[    1.193160] NetLabel:  domain hash size = 128
[    1.193713] NetLabel:  protocols = UNLABELED CIPSOv4
[    1.196934] NetLabel:  unlabeled traffic allowed by default
[    1.199035] HPET: 3 timers in total, 0 timers will be used for per-cpu timer
[    1.200294] hpet0: at MMIO 0xfed00000, IRQs 2, 8, 0
[    1.201163] hpet0: 3 comparators, 64-bit 100.000000 MHz counter
[    1.213336] Switching to clocksource hpet
[    1.436163] AppArmor: AppArmor Filesystem Enabled
[    1.437995] pnp: PnP ACPI init
[    1.438670] ACPI: bus type pnp registered
[    1.459077] pnp: PnP ACPI: found 9 devices
[    1.459756] ACPI: ACPI bus type pnp unregistered
[    1.513304] NET: Registered protocol family 2
[    1.546137] IP route cache hash table entries: 512 (order: 0, 4096 bytes)
[    1.553995] TCP established hash table entries: 2048 (order: 3, 32768 bytes)
[    1.556797] TCP bind hash table entries: 2048 (order: 3, 32768 bytes)
[    1.558547] TCP: Hash tables configured (established 2048 bind 2048)
[    1.559597] TCP reno registered
[    1.560208] UDP hash table entries: 128 (order: 0, 4096 bytes)
[    1.562193] UDP-Lite hash table entries: 128 (order: 0, 4096 bytes)
[    1.566209] NET: Registered protocol family 1
[    1.567008] pci 0000:00:00.0: Limiting direct PCI/PCI transfers
[    1.567890] pci 0000:00:01.0: PIIX3: Enabling Passive Release
[    1.569666] pci 0000:00:01.0: Activating ISA DMA hang workarounds
[    1.574391] ACPI: PCI Interrupt Link [LNKD] enabled at IRQ 11
[    1.576110] pci 0000:00:01.2: PCI INT D -&gt; Link[LNKD] -&gt; GSI 11 (level, high) -&gt; IRQ 11
[    1.578711] pci 0000:00:01.2: PCI INT D disabled
[    1.595769] Trying to unpack rootfs image as initramfs...
[    1.611613] audit: initializing netlink socket (disabled)
[    1.613964] type=2000 audit(1450355734.612:1): initialized
[    1.838961] HugeTLB registered 2 MB page size, pre-allocated 0 pages
[    1.933474] VFS: Disk quotas dquot_6.5.2
[    1.935019] Dquot-cache hash table entries: 512 (order 0, 4096 bytes)
[    1.958387] fuse init (API version 7.17)
[    1.961860] msgmni has been set to 84
[    1.998837] Block layer SCSI generic (bsg) driver version 0.4 loaded (major 253)
[    2.001419] io scheduler noop registered
[    2.001971] io scheduler deadline registered (default)
[    2.003021] io scheduler cfq registered
[    2.006547] pci_hotplug: PCI Hot Plug PCI Core version: 0.5
[    2.009474] pciehp: PCI Express Hot Plug Controller Driver version: 0.4
[    2.018102] input: Power Button as /devices/LNXSYSTM:00/LNXPWRBN:00/input/input0
[    2.019806] ACPI: Power Button [PWRF]
[    2.083020] ERST: Table is not found!
[    2.083618] GHES: HEST is not enabled!
[    2.095018] ACPI: PCI Interrupt Link [LNKC] enabled at IRQ 10
[    2.095875] virtio-pci 0000:00:03.0: PCI INT A -&gt; Link[LNKC] -&gt; GSI 10 (level, high) -&gt; IRQ 10
[    2.103417] virtio-pci 0000:00:04.0: PCI INT A -&gt; Link[LNKD] -&gt; GSI 11 (level, high) -&gt; IRQ 11
[    2.130489] ACPI: PCI Interrupt Link [LNKA] enabled at IRQ 10
[    2.131201] virtio-pci 0000:00:05.0: PCI INT A -&gt; Link[LNKA] -&gt; GSI 10 (level, high) -&gt; IRQ 10
[    2.142796] Serial: 8250/16550 driver, 32 ports, IRQ sharing enabled
[    2.188659] serial8250: ttyS0 at I/O 0x3f8 (irq = 4) is a 16550A
[    2.277083] serial8250: ttyS1 at I/O 0x2f8 (irq = 3) is a 16550A
[    2.397138] 00:05: ttyS0 at I/O 0x3f8 (irq = 4) is a 16550A
[    2.466895] 00:06: ttyS1 at I/O 0x2f8 (irq = 3) is a 16550A
[    2.502681] Linux agpgart interface v0.103
[    2.562481] brd: module loaded
[    2.582466] Refined TSC clocksource calibration: 2294.488 MHz.
[    2.583256] Switching to clocksource tsc
[    2.603088] loop: module loaded
[    2.661917]  vda: unknown partition table
[    2.717243] scsi0 : ata_piix
[    2.718991] scsi1 : ata_piix
[    2.721838] ata1: PATA max MWDMA2 cmd 0x1f0 ctl 0x3f6 bmdma 0xc0a0 irq 14
[    2.722712] ata2: PATA max MWDMA2 cmd 0x170 ctl 0x376 bmdma 0xc0a8 irq 15
[    2.733220] Fixed MDIO Bus: probed
[    2.734043] tun: Universal TUN/TAP device driver, 1.6
[    2.734596] tun: (C) 1999-2004 Max Krasnyansky &lt;maxk@qualcomm.com&gt;
[    2.750145] PPP generic driver version 2.4.2
[    2.775871] ehci_hcd: USB 2.0 'Enhanced' Host Controller (EHCI) Driver
[    2.782338] ohci_hcd: USB 1.1 'Open' Host Controller (OHCI) Driver
[    2.784092] uhci_hcd: USB Universal Host Controller Interface driver
[    2.786398] uhci_hcd 0000:00:01.2: PCI INT D -&gt; Link[LNKD] -&gt; GSI 11 (level, high) -&gt; IRQ 11
[    2.790931] uhci_hcd 0000:00:01.2: UHCI Host Controller
[    2.813915] uhci_hcd 0000:00:01.2: new USB bus registered, assigned bus number 1
[    2.815492] uhci_hcd 0000:00:01.2: irq 11, io base 0x0000c040
[    2.841673] hub 1-0:1.0: USB hub found
[    2.843350] hub 1-0:1.0: 2 ports detected
[    2.850933] usbcore: registered new interface driver libusual
[    2.855091] i8042: PNP: PS/2 Controller [PNP0303:KBD,PNP0f13:MOU] at 0x60,0x64 irq 1,12
[    2.865129] serio: i8042 KBD port at 0x60,0x64 irq 1
[    2.866258] serio: i8042 AUX port at 0x60,0x64 irq 12
[    2.907473] mousedev: PS/2 mouse device common for all mice
[    2.948444] rtc_cmos 00:01: RTC can wake from S4
[    2.971967] ata2.01: ATAPI: QEMU DVD-ROM, 2.0.0, max UDMA/100
[    2.982916] input: AT Translated Set 2 keyboard as /devices/platform/i8042/serio0/input/input1
[    2.997700] rtc_cmos 00:01: rtc core: registered rtc_cmos as rtc0
[    3.002483] rtc0: alarms up to one day, 114 bytes nvram, hpet irqs
[    3.006745] device-mapper: uevent: version 1.0.3
[    3.030255] ata2.01: configured for MWDMA2
[    3.056937] device-mapper: ioctl: 4.22.0-ioctl (2011-10-19) initialised: dm-devel@redhat.com
[    3.060541] cpuidle: using governor ladder
[    3.062417] cpuidle: using governor menu
[    3.065335] EFI Variables Facility v0.08 2004-May-17
[    3.075289] TCP cubic registered
[    3.080133] NET: Registered protocol family 10
[    3.111118] NET: Registered protocol family 17
[    3.113188] Registering the dns_resolver key type
[    3.127964] scsi 1:0:1:0: CD-ROM            QEMU     QEMU DVD-ROM     2.0. PQ: 0 ANSI: 5
[    3.155449] sr0: scsi3-mmc drive: 4x/4x cd/rw xa/form2 tray
[    3.159096] cdrom: Uniform CD-ROM driver Revision: 3.20
[    3.197162] sr 1:0:1:0: Attached scsi generic sg0 type 5
[    3.240918] registered taskstats version 1
[    3.338417] Freeing initrd memory: 3656k freed
[    3.814622]   Magic number: 11:615:582
[    3.825980] rtc_cmos 00:01: setting system clock to 2015-12-17 12:35:37 UTC (1450355737)
[    3.829813] powernow-k8: Processor cpuid 663 not supported
[    3.838285] BIOS EDD facility v0.16 2004-Jun-25, 0 devices found
[    3.840614] EDD information not available.
[    3.901244] Freeing unused kernel memory: 928k freed
[    3.906118] Write protecting the kernel read-only data: 12288k
[    3.978766] Freeing unused kernel memory: 1596k freed
[    4.033849] Freeing unused kernel memory: 1184k freed

info: initramfs: up at 4.19
modprobe: module virtio_blk not found in modules.dep
modprobe: module virtio_net not found in modules.dep
info: copying initramfs to /dev/vda
info: initramfs loading root from /dev/vda
info: /etc/init.d/rc.sysinit: up at 8.71
info: container: none
Starting logging: OK
modprobe: module virtio_blk not found in modules.dep
modprobe: module virtio_net not found in modules.dep
WARN: /etc/rc3.d/S10-load-modules failed
Initializing random number generator... done.
Starting acpid: OK
cirros-ds 'local' up at 11.21
found datasource (configdrive, local)
Starting network...
udhcpc (v1.20.1) started
Sending discover...
Sending discover...

2015-12-17 12:37:36,046 22022 INFO     [tempest_lib.common.rest_client] Request (TestNetworkBasicOps:_run_cleanups): 204 DELETE http://10.0.2.15:9696/v2.0/floatingips/d3cf9ac7-cd3b-44ba-81d7-3e10cf0d9632 0.284s
2015-12-17 12:37:36,046 22022 DEBUG    [tempest_lib.common.rest_client] Request - Headers: {'Content-Type': 'application/json', 'Accept': 'application/json', 'X-Auth-Token': '&lt;omitted&gt;'}
        Body: None
    Response - Headers: {'date': 'Thu, 17 Dec 2015 12:37:36 GMT', 'status': '204', 'connection': 'close', 'content-length': '0', 'x-openstack-request-id': 'req-0455913a-591c-4239-a8c1-bf979f013f94'}
        Body: 
2015-12-17 12:37:36,283 22022 INFO     [tempest_lib.common.rest_client] Request (TestNetworkBasicOps:_run_cleanups): 204 DELETE http://10.0.2.15:8774/v2.1/dcafb1e5561a4b9a9081211ce325a841/servers/590185b3-64fe-41d6-b216-daae0fbfba7c 0.236s
2015-12-17 12:37:36,283 22022 DEBUG    [tempest_lib.common.rest_client] Request - Headers: {'Content-Type': 'application/json', 'Accept': 'application/json', 'X-Auth-Token': '&lt;omitted&gt;'}
        Body: None
    Response - Headers: {'status': '204', 'content-length': '0', 'x-compute-request-id': 'req-c0209e8f-0cfe-45f2-b020-e888660ed3d3', 'vary': 'X-OpenStack-Nova-API-Version', 'connection': 'close', 'x-openstack-nova-api-version': '2.1', 'date': 'Thu, 17 Dec 2015 12:37:36 GMT', 'content-type': 'application/json'}
        Body: 
2015-12-17 12:37:36,536 22022 INFO     [tempest_lib.common.rest_client] Request (TestNetworkBasicOps:_run_cleanups): 200 GET http://10.0.2.15:8774/v2.1/dcafb1e5561a4b9a9081211ce325a841/servers/590185b3-64fe-41d6-b216-daae0fbfba7c 0.251s
2015-12-17 12:37:36,536 22022 DEBUG    [tempest_lib.common.rest_client] Request - Headers: {'Content-Type': 'application/json', 'Accept': 'application/json', 'X-Auth-Token': '&lt;omitted&gt;'}
        Body: None
    Response - Headers: {'status': '200', 'content-length': '1775', 'content-location': 'http://10.0.2.15:8774/v2.1/dcafb1e5561a4b9a9081211ce325a841/servers/590185b3-64fe-41d6-b216-daae0fbfba7c', 'x-compute-request-id': 'req-b23cff9d-7ef7-437c-afd4-3c98be04df9d', 'vary': 'X-OpenStack-Nova-API-Version', 'connection': 'close', 'x-openstack-nova-api-version': '2.1', 'date': 'Thu, 17 Dec 2015 12:37:36 GMT', 'content-type': 'application/json'}
        Body: {"server": {"status": "ACTIVE", "updated": "2015-12-17T12:37:36Z", "hostId": "77c799833835aa0350724ff6004b5a1dcaf02fa5c4787c38055a0f89", "addresses": {"tempest-network-smoke--1576650349": [{"OS-EXT-IPS-MAC:mac_addr": "fa:16:3e:4f:f6:c7", "version": 4, "addr": "10.100.0.3", "OS-EXT-IPS:type": "fixed"}, {"OS-EXT-IPS-MAC:mac_addr": "fa:16:3e:4f:f6:c7", "version": 4, "addr": "172.24.4.4", "OS-EXT-IPS:type": "floating"}]}, "links": [{"href": "http://10.0.2.15:8774/v2.1/dcafb1e5561a4b9a9081211ce325a841/servers/590185b3-64fe-41d6-b216-daae0fbfba7c", "rel": "self"}, {"href": "http://10.0.2.15:8774/dcafb1e5561a4b9a9081211ce325a841/servers/590185b3-64fe-41d6-b216-daae0fbfba7c", "rel": "bookmark"}], "key_name": "tempest-TestNetworkBasicOps-1711073979", "image": {"id": "2c2fcbff-abb0-4c4a-a3e5-672e968b7405", "links": [{"href": "http://10.0.2.15:8774/dcafb1e5561a4b9a9081211ce325a841/images/2c2fcbff-abb0-4c4a-a3e5-672e968b7405", "rel": "bookmark"}]}, "OS-EXT-STS:task_state": "deleting", "OS-EXT-STS:vm_state": "active", "OS-SRV-USG:launched_at": "2015-12-17T12:35:30.000000", "flavor": {"id": "42", "links": [{"href": "http://10.0.2.15:8774/dcafb1e5561a4b9a9081211ce325a841/flavors/42", "rel": "bookmark"}]}, "id": "590185b3-64fe-41d6-b216-daae0fbfba7c", "security_groups": [{"name": "tempest-secgroup-smoke-827748413"}], "OS-SRV-USG:terminated_at": null, "OS-EXT-AZ:availability_zone": "nova", "user_id": "a9e7020668b24ba7a71ff83e3ccbd7b2", "name": "tempest.common.compute-instance-918364989", "created": "2015-12-17T12:35:27Z", "tenant_id": "dcafb1e5561a4b9a9081211ce325a841", "OS-DCF:diskConfig": "MANUAL", "os-extended-volumes:volumes_attached": [], "accessIPv4": "", "accessIPv6": "", "progress": 0, "OS-EXT-STS:power_state": 1, "config_drive": "True", "metadata": {}}}
2015-12-17 12:37:37,694 22022 INFO     [tempest_lib.common.rest_client] Request (TestNetworkBasicOps:_run_cleanups): 200 GET http://10.0.2.15:8774/v2.1/dcafb1e5561a4b9a9081211ce325a841/servers/590185b3-64fe-41d6-b216-daae0fbfba7c 0.147s
2015-12-17 12:37:37,694 22022 DEBUG    [tempest_lib.common.rest_client] Request - Headers: {'Content-Type': 'application/json', 'Accept': 'application/json', 'X-Auth-Token': '&lt;omitted&gt;'}
        Body: None
    Response - Headers: {'status': '200', 'content-length': '1708', 'content-location': 'http://10.0.2.15:8774/v2.1/dcafb1e5561a4b9a9081211ce325a841/servers/590185b3-64fe-41d6-b216-daae0fbfba7c', 'x-compute-request-id': 'req-d34dc632-402f-49d6-90e6-e1c5913ee9f9', 'vary': 'X-OpenStack-Nova-API-Version', 'connection': 'close', 'x-openstack-nova-api-version': '2.1', 'date': 'Thu, 17 Dec 2015 12:37:37 GMT', 'content-type': 'application/json'}
        Body: {"server": {"status": "ACTIVE", "updated": "2015-12-17T12:37:37Z", "hostId": "77c799833835aa0350724ff6004b5a1dcaf02fa5c4787c38055a0f89", "addresses": {"tempest-network-smoke--1576650349": [{"OS-EXT-IPS-MAC:mac_addr": "fa:16:3e:4f:f6:c7", "version": 4, "addr": "10.100.0.3", "OS-EXT-IPS:type": "fixed"}, {"OS-EXT-IPS-MAC:mac_addr": "fa:16:3e:4f:f6:c7", "version": 4, "addr": "172.24.4.4", "OS-EXT-IPS:type": "floating"}]}, "links": [{"href": "http://10.0.2.15:8774/v2.1/dcafb1e5561a4b9a9081211ce325a841/servers/590185b3-64fe-41d6-b216-daae0fbfba7c", "rel": "self"}, {"href": "http://10.0.2.15:8774/dcafb1e5561a4b9a9081211ce325a841/servers/590185b3-64fe-41d6-b216-daae0fbfba7c", "rel": "bookmark"}], "key_name": "tempest-TestNetworkBasicOps-1711073979", "image": {"id": "2c2fcbff-abb0-4c4a-a3e5-672e968b7405", "links": [{"href": "http://10.0.2.15:8774/dcafb1e5561a4b9a9081211ce325a841/images/2c2fcbff-abb0-4c4a-a3e5-672e968b7405", "rel": "bookmark"}]}, "OS-EXT-STS:task_state": "deleting", "OS-EXT-STS:vm_state": "active", "OS-SRV-USG:launched_at": "2015-12-17T12:35:30.000000", "flavor": {"id": "42", "links": [{"href": "http://10.0.2.15:8774/dcafb1e5561a4b9a9081211ce325a841/flavors/42", "rel": "bookmark"}]}, "id": "590185b3-64fe-41d6-b216-daae0fbfba7c", "OS-SRV-USG:terminated_at": null, "OS-EXT-AZ:availability_zone": "nova", "user_id": "a9e7020668b24ba7a71ff83e3ccbd7b2", "name": "tempest.common.compute-instance-918364989", "created": "2015-12-17T12:35:27Z", "tenant_id": "dcafb1e5561a4b9a9081211ce325a841", "OS-DCF:diskConfig": "MANUAL", "os-extended-volumes:volumes_attached": [], "accessIPv4": "", "accessIPv6": "", "progress": 0, "OS-EXT-STS:power_state": 1, "config_drive": "True", "metadata": {}}}
2015-12-17 12:37:38,791 22022 INFO     [tempest_lib.common.rest_client] Request (TestNetworkBasicOps:_run_cleanups): 404 GET http://10.0.2.15:8774/v2.1/dcafb1e5561a4b9a9081211ce325a841/servers/590185b3-64fe-41d6-b216-daae0fbfba7c 0.086s
2015-12-17 12:37:38,791 22022 DEBUG    [tempest_lib.common.rest_client] Request - Headers: {'Content-Type': 'application/json', 'Accept': 'application/json', 'X-Auth-Token': '&lt;omitted&gt;'}
        Body: None
    Response - Headers: {'status': '404', 'content-length': '111', 'x-compute-request-id': 'req-65a5205a-036d-411d-9900-14bbdddb1f73', 'vary': 'X-OpenStack-Nova-API-Version', 'connection': 'close', 'x-openstack-nova-api-version': '2.1', 'date': 'Thu, 17 Dec 2015 12:37:38 GMT', 'content-type': 'application/json; charset=UTF-8'}
        Body: {"itemNotFound": {"message": "Instance 590185b3-64fe-41d6-b216-daae0fbfba7c could not be found.", "code": 404}}
2015-12-17 12:37:38,815 22022 INFO     [tempest_lib.common.rest_client] Request (TestNetworkBasicOps:_run_cleanups): 202 DELETE http://10.0.2.15:8774/v2.1/dcafb1e5561a4b9a9081211ce325a841/os-keypairs/tempest-TestNetworkBasicOps-1711073979 0.022s
2015-12-17 12:37:38,816 22022 DEBUG    [tempest_lib.common.rest_client] Request - Headers: {'Content-Type': 'application/json', 'Accept': 'application/json', 'X-Auth-Token': '&lt;omitted&gt;'}
        Body: None
    Response - Headers: {'status': '202', 'content-length': '0', 'x-compute-request-id': 'req-61bdb330-2de4-4aee-8955-0e931293a69e', 'vary': 'X-OpenStack-Nova-API-Version', 'connection': 'close', 'x-openstack-nova-api-version': '2.1', 'date': 'Thu, 17 Dec 2015 12:37:38 GMT', 'content-type': 'application/json'}
        Body: 
2015-12-17 12:37:39,242 22022 INFO     [tempest_lib.common.rest_client] Request (TestNetworkBasicOps:_run_cleanups): 200 PUT http://10.0.2.15:9696/v2.0/routers/cfbba653-f7b9-47cb-8ca8-365950df7618/remove_router_interface 0.425s
2015-12-17 12:37:39,242 22022 DEBUG    [tempest_lib.common.rest_client] Request - Headers: {'Content-Type': 'application/json', 'Accept': 'application/json', 'X-Auth-Token': '&lt;omitted&gt;'}
        Body: {"subnet_id": "4d62d9d7-3427-4f9d-ae2c-5797cf34945d"}
    Response - Headers: {'status': '200', 'content-length': '255', 'connection': 'close', 'date': 'Thu, 17 Dec 2015 12:37:39 GMT', 'content-type': 'application/json; charset=UTF-8', 'x-openstack-request-id': 'req-3890a0b9-9860-430f-a80e-047c7165252c'}
        Body: {"subnet_id": "4d62d9d7-3427-4f9d-ae2c-5797cf34945d", "tenant_id": "dcafb1e5561a4b9a9081211ce325a841", "subnet_ids": ["4d62d9d7-3427-4f9d-ae2c-5797cf34945d"], "port_id": "39d6a875-07a3-4112-a0da-6364747d1f19", "id": "cfbba653-f7b9-47cb-8ca8-365950df7618"}
2015-12-17 12:37:39,873 22022 INFO     [tempest_lib.common.rest_client] Request (TestNetworkBasicOps:_run_cleanups): 204 DELETE http://10.0.2.15:9696/v2.0/subnets/4d62d9d7-3427-4f9d-ae2c-5797cf34945d 0.629s
2015-12-17 12:37:39,873 22022 DEBUG    [tempest_lib.common.rest_client] Request - Headers: {'Content-Type': 'application/json', 'Accept': 'application/json', 'X-Auth-Token': '&lt;omitted&gt;'}
        Body: None
    Response - Headers: {'date': 'Thu, 17 Dec 2015 12:37:39 GMT', 'status': '204', 'connection': 'close', 'content-length': '0', 'x-openstack-request-id': 'req-f6cfd066-a8e2-4927-b301-ab655c8257a8'}
        Body: 
2015-12-17 12:37:39,961 22022 INFO     [tempest_lib.common.rest_client] Request (TestNetworkBasicOps:_run_cleanups): 200 GET http://10.0.2.15:9696/v2.0/routers/cfbba653-f7b9-47cb-8ca8-365950df7618 0.087s
2015-12-17 12:37:39,961 22022 DEBUG    [tempest_lib.common.rest_client] Request - Headers: {'Content-Type': 'application/json', 'Accept': 'application/json', 'X-Auth-Token': '&lt;omitted&gt;'}
        Body: None
    Response - Headers: {'status': '200', 'content-length': '564', 'content-location': 'http://10.0.2.15:9696/v2.0/routers/cfbba653-f7b9-47cb-8ca8-365950df7618', 'connection': 'close', 'date': 'Thu, 17 Dec 2015 12:37:39 GMT', 'content-type': 'application/json; charset=UTF-8', 'x-openstack-request-id': 'req-1c2bb54f-f5d6-4918-846a-cda639b8f76a'}
        Body: {"router": {"status": "ACTIVE", "external_gateway_info": {"network_id": "e956aeab-8081-4f99-b16e-6e98743feaba", "enable_snat": true, "external_fixed_ips": [{"subnet_id": "0d86d9ad-5c7d-42d8-a32c-d8c2216c7628", "ip_address": "172.24.4.3"}, {"subnet_id": "7634b4e6-2762-424c-bba3-2657e702f3aa", "ip_address": "2001:db8::4"}]}, "availability_zone_hints": [], "availability_zones": ["nova"], "name": "tempest-router-smoke-1267314687", "admin_state_up": true, "tenant_id": "dcafb1e5561a4b9a9081211ce325a841", "routes": [], "id": "cfbba653-f7b9-47cb-8ca8-365950df7618"}}
2015-12-17 12:37:40,501 22022 INFO     [tempest_lib.common.rest_client] Request (TestNetworkBasicOps:_run_cleanups): 200 PUT http://10.0.2.15:9696/v2.0/routers/cfbba653-f7b9-47cb-8ca8-365950df7618 0.539s
2015-12-17 12:37:40,501 22022 DEBUG    [tempest_lib.common.rest_client] Request - Headers: {'Content-Type': 'application/json', 'Accept': 'application/json', 'X-Auth-Token': '&lt;omitted&gt;'}
        Body: {"router": {"external_gateway_info": {}, "name": "tempest-router-smoke-1267314687", "admin_state_up": true}}
    Response - Headers: {'status': '200', 'content-length': '302', 'connection': 'close', 'date': 'Thu, 17 Dec 2015 12:37:40 GMT', 'content-type': 'application/json; charset=UTF-8', 'x-openstack-request-id': 'req-e02788a7-ff9a-404b-83b6-6a32f22e3cfa'}
        Body: {"router": {"status": "ACTIVE", "external_gateway_info": null, "availability_zone_hints": [], "availability_zones": ["nova"], "name": "tempest-router-smoke-1267314687", "admin_state_up": true, "tenant_id": "dcafb1e5561a4b9a9081211ce325a841", "routes": [], "id": "cfbba653-f7b9-47cb-8ca8-365950df7618"}}
2015-12-17 12:37:40,742 22022 INFO     [tempest_lib.common.rest_client] Request (TestNetworkBasicOps:_run_cleanups): 204 DELETE http://10.0.2.15:9696/v2.0/routers/cfbba653-f7b9-47cb-8ca8-365950df7618 0.240s
2015-12-17 12:37:40,742 22022 DEBUG    [tempest_lib.common.rest_client] Request - Headers: {'Content-Type': 'application/json', 'Accept': 'application/json', 'X-Auth-Token': '&lt;omitted&gt;'}
        Body: None
    Response - Headers: {'date': 'Thu, 17 Dec 2015 12:37:40 GMT', 'status': '204', 'connection': 'close', 'content-length': '0', 'x-openstack-request-id': 'req-efda69dc-4fe7-4f18-861a-5808457aa904'}
        Body: 
2015-12-17 12:37:40,966 22022 INFO     [tempest_lib.common.rest_client] Request (TestNetworkBasicOps:_run_cleanups): 204 DELETE http://10.0.2.15:9696/v2.0/networks/3b9be237-6f55-403c-97bf-f24433875438 0.223s
2015-12-17 12:37:40,967 22022 DEBUG    [tempest_lib.common.rest_client] Request - Headers: {'Content-Type': 'application/json', 'Accept': 'application/json', 'X-Auth-Token': '&lt;omitted&gt;'}
        Body: None
    Response - Headers: {'date': 'Thu, 17 Dec 2015 12:37:40 GMT', 'status': '204', 'connection': 'close', 'content-length': '0', 'x-openstack-request-id': 'req-12136cf5-6052-4346-9095-6125ddb712a5'}
        Body: 
2015-12-17 12:37:41,027 22022 INFO     [tempest_lib.common.rest_client] Request (TestNetworkBasicOps:_run_cleanups): 204 DELETE http://10.0.2.15:9696/v2.0/security-group-rules/84439d16-7d86-4cab-a29e-af484b26a898 0.058s
2015-12-17 12:37:41,027 22022 DEBUG    [tempest_lib.common.rest_client] Request - Headers: {'Content-Type': 'application/json', 'Accept': 'application/json', 'X-Auth-Token': '&lt;omitted&gt;'}
        Body: None
    Response - Headers: {'date': 'Thu, 17 Dec 2015 12:37:41 GMT', 'status': '204', 'connection': 'close', 'content-length': '0', 'x-openstack-request-id': 'req-55f13052-50c1-44fb-88f6-004bc1b9a369'}
        Body: 
2015-12-17 12:37:41,097 22022 INFO     [tempest_lib.common.rest_client] Request (TestNetworkBasicOps:_run_cleanups): 204 DELETE http://10.0.2.15:9696/v2.0/security-group-rules/84b4fdd9-044e-47fe-95d7-5416c44943e5 0.068s
2015-12-17 12:37:41,097 22022 DEBUG    [tempest_lib.common.rest_client] Request - Headers: {'Content-Type': 'application/json', 'Accept': 'application/json', 'X-Auth-Token': '&lt;omitted&gt;'}
        Body: None
    Response - Headers: {'date': 'Thu, 17 Dec 2015 12:37:41 GMT', 'status': '204', 'connection': 'close', 'content-length': '0', 'x-openstack-request-id': 'req-fa0bec09-cbd1-46bb-a6f6-d623492fad80'}
        Body: 
2015-12-17 12:37:41,165 22022 INFO     [tempest_lib.common.rest_client] Request (TestNetworkBasicOps:_run_cleanups): 204 DELETE http://10.0.2.15:9696/v2.0/security-group-rules/1287491a-02e8-4c3d-a70c-a380e07130b7 0.066s
