<?xml version="1.0" encoding="UTF-8"?>
<!DOCTYPE html PUBLIC "-//W3C//DTD XHTML 1.0 Strict//EN"
     "http://www.w3.org/TR/xhtml1/DTD/xhtml1-strict.dtd">
<html xmlns="http://www.w3.org/1999/xhtml">
<head>
    <title>Unit Test Report</title>
    <meta name="generator" content="subunit2html 0.1"/>
    <meta http-equiv="Content-Type" content="text/html; charset=UTF-8"/>
    
<style type="text/css" media="screen">
body        { font-family: verdana, arial, helvetica, sans-serif;
    font-size: 80%; }
table       { font-size: 100%; width: 100%;}
pre         { font-size: 80%; }

/* -- heading -------------------------------------------------------------- */
h1 {
        font-size: 16pt;
        color: gray;
}
.heading {
    margin-top: 0ex;
    margin-bottom: 1ex;
}

.heading .attribute {
    margin-top: 1ex;
    margin-bottom: 0;
}

.heading .description {
    margin-top: 4ex;
    margin-bottom: 6ex;
}

/* -- css div popup -------------------------------------------------------- */
a.popup_link {
}

a.popup_link:hover {
    color: red;
}

.popup_window {
    display: none;
    overflow-x: scroll;
    /*border: solid #627173 1px; */
    padding: 10px;
    background-color: #E6E6D6;
    font-family: "Ubuntu Mono", "Lucida Console", "Courier New", monospace;
    text-align: left;
    font-size: 8pt;
}

}
/* -- report --------------------------------------------------------------- */
#show_detail_line {
    margin-top: 3ex;
    margin-bottom: 1ex;
}
#result_table {
    width: 100%;
    border-collapse: collapse;
    border: 1px solid #777;
}
#header_row {
    font-weight: bold;
    color: white;
    background-color: #777;
}
#result_table td {
    border: 1px solid #777;
    padding: 2px;
}
#total_row  { font-weight: bold; }
.passClass  { background-color: #6c6; }
.failClass  { background-color: #c60; }
.errorClass { background-color: #c00; }
.passCase   { color: #6c6; }
.failCase   { color: #c60; font-weight: bold; }
.errorCase  { color: #c00; font-weight: bold; }
.hiddenRow  { display: none; }
.testcase   { margin-left: 2em; }
td.testname {width: 40%}
td.small {width: 40px}

/* -- ending --------------------------------------------------------------- */
#ending {
}

</style>

</head>
<body>
<script language="javascript" type="text/javascript"><!--
output_list = Array();

/* level - 0:Summary; 1:Failed; 2:All */
function showCase(level) {
    trs = document.getElementsByTagName("tr");
    for (var i = 0; i < trs.length; i++) {
        tr = trs[i];
        id = tr.id;
        if (id.substr(0,2) == 'ft') {
            if (level < 1) {
                tr.className = 'hiddenRow';
            }
            else {
                tr.className = '';
            }
        }
        if (id.substr(0,2) == 'pt') {
            if (level > 1) {
                tr.className = '';
            }
            else {
                tr.className = 'hiddenRow';
            }
        }
    }
}


function showClassDetail(cid, count) {
    var id_list = Array(count);
    var toHide = 1;
    for (var i = 0; i < count; i++) {
        tid0 = 't' + cid.substr(1) + '.' + (i+1);
        tid = 'f' + tid0;
        tr = document.getElementById(tid);
        if (!tr) {
            tid = 'p' + tid0;
            tr = document.getElementById(tid);
        }
        id_list[i] = tid;
        if (tr.className) {
            toHide = 0;
        }
    }
    for (var i = 0; i < count; i++) {
        tid = id_list[i];
        if (toHide) {
            document.getElementById('div_'+tid).style.display = 'none'
            document.getElementById(tid).className = 'hiddenRow';
        }
        else {
            document.getElementById(tid).className = '';
        }
    }
}


function showTestDetail(div_id){
    var details_div = document.getElementById(div_id)
    var displayState = details_div.style.display
    // alert(displayState)
    if (displayState != 'block' ) {
        displayState = 'block'
        details_div.style.display = 'block'
    }
    else {
        details_div.style.display = 'none'
    }
}


function html_escape(s) {
    s = s.replace(/&/g,'&amp;');
    s = s.replace(/</g,'&lt;');
    s = s.replace(/>/g,'&gt;');
    return s;
}

/* obsoleted by detail in <div>
function showOutput(id, name) {
    var w = window.open("", //url
                    name,
                    "resizable,scrollbars,status,width=800,height=450");
    d = w.document;
    d.write("<pre>");
    d.write(html_escape(output_list[id]));
    d.write("\n");
    d.write("<a href='javascript:window.close()'>close</a>\n");
    d.write("</pre>\n");
    d.close();
}
*/
--></script>

<div class='heading'>
<h1>Unit Test Report</h1>

<p class='attribute'><strong>Status:</strong> Pass 1 Failure 7 Skip 1</p>

<p class='description'></p>
</div>



<p id='show_detail_line'>Show
<a href='javascript:showCase(0)'>Summary</a>
<a href='javascript:showCase(1)'>Failed</a>
<a href='javascript:showCase(2)'>All</a>
</p>
<table id='result_table'>
<colgroup>
<col align='left' />
<col align='right' />
<col align='right' />
<col align='right' />
<col align='right' />
<col align='right' />
<col align='right' />
<col align='right' />
</colgroup>
<tr id='header_row'>
    <td>Test Group/Test case</td>
    <td>Count</td>
    <td>Pass</td>
    <td>Fail</td>
    <td>Error</td>
    <td>Skip</td>
    <td>View</td>
    <td> </td>
</tr>

<tr class='failClass'>
    <td class="testname">tempest.scenario.test_network_basic_ops.TestNetworkBasicOps</td>
    <td class="small">9</td>
    <td class="small">1</td>
    <td class="small">7</td>
    <td class="small">0</td>
    <td class="small">1</td>
    <td class="small"><a href="javascript:showClassDetail('c1',9)"
>Detail</a></td>
    <td> </td>
</tr>

<tr id='ft1.1' class='none'>
    <td class='failCase'><div class='testcase'>test_connectivity_between_vms_on_different_networks[compute,id-1546850e-fbaa-42f5-8b5f-03d8a6a95f15,network]</div></td>
    <td colspan='7' align='left'>

    <!--css div popup start-->
    <a class="popup_link" onfocus='this.blur();'
    href="javascript:showTestDetail('div_ft1.1')" >
        fail</a>

    <div id='div_ft1.1' class="popup_window">
        <div style='text-align: right; color:red;cursor:pointer'>
        <a onfocus='this.blur();'
onclick="document.getElementById('div_ft1.1').style.display = 'none' " >
           [x]</a>
        </div>
        <pre>
        
ft1.1: tempest.scenario.test_network_basic_ops.TestNetworkBasicOps.test_connectivity_between_vms_on_different_networks[compute,id-1546850e-fbaa-42f5-8b5f-03d8a6a95f15,network]_StringException: Empty attachments:
  stderr
  stdout

pythonlogging:'': {{{
2015-12-19 07:40:34,749 21195 INFO     [tempest_lib.common.rest_client] Request (TestNetworkBasicOps:test_connectivity_between_vms_on_different_networks): 201 POST http://10.0.2.15:9696/v2.0/security-groups 0.350s
2015-12-19 07:40:34,749 21195 DEBUG    [tempest_lib.common.rest_client] Request - Headers: {'Content-Type': 'application/json', 'Accept': 'application/json', 'X-Auth-Token': '&lt;omitted&gt;'}
        Body: {"security_group": {"tenant_id": "686f48b58be748efb6ee3177717aec99", "description": "tempest-secgroup-smoke-104899788 description", "name": "tempest-secgroup-smoke-104899788"}}
    Response - Headers: {'status': '201', 'content-length': '886', 'connection': 'close', 'date': 'Sat, 19 Dec 2015 07:40:34 GMT', 'content-type': 'application/json; charset=UTF-8', 'x-openstack-request-id': 'req-0f5ca1d1-ec72-479a-842e-4ee2a7f62770'}
        Body: {"security_group": {"tenant_id": "686f48b58be748efb6ee3177717aec99", "description": "tempest-secgroup-smoke-104899788 description", "id": "0da6a40c-f112-407b-b530-961a306fc086", "security_group_rules": [{"remote_group_id": null, "direction": "egress", "remote_ip_prefix": null, "protocol": null, "ethertype": "IPv4", "tenant_id": "686f48b58be748efb6ee3177717aec99", "port_range_max": null, "port_range_min": null, "id": "901a5e83-ec74-4ed6-864f-aad803cd019e", "security_group_id": "0da6a40c-f112-407b-b530-961a306fc086"}, {"remote_group_id": null, "direction": "egress", "remote_ip_prefix": null, "protocol": null, "ethertype": "IPv6", "tenant_id": "686f48b58be748efb6ee3177717aec99", "port_range_max": null, "port_range_min": null, "id": "d6414cdf-ab85-439a-a732-d3ce7b991310", "security_group_id": "0da6a40c-f112-407b-b530-961a306fc086"}], "name": "tempest-secgroup-smoke-104899788"}}
2015-12-19 07:40:34,871 21195 INFO     [tempest_lib.common.rest_client] Request (TestNetworkBasicOps:test_connectivity_between_vms_on_different_networks): 201 POST http://10.0.2.15:9696/v2.0/security-group-rules 0.120s
2015-12-19 07:40:34,872 21195 DEBUG    [tempest_lib.common.rest_client] Request - Headers: {'Content-Type': 'application/json', 'Accept': 'application/json', 'X-Auth-Token': '&lt;omitted&gt;'}
        Body: {"security_group_rule": {"direction": "ingress", "protocol": "tcp", "tenant_id": "686f48b58be748efb6ee3177717aec99", "port_range_max": 22, "security_group_id": "0da6a40c-f112-407b-b530-961a306fc086", "port_range_min": 22}}
    Response - Headers: {'status': '201', 'content-length': '340', 'connection': 'close', 'date': 'Sat, 19 Dec 2015 07:40:34 GMT', 'content-type': 'application/json; charset=UTF-8', 'x-openstack-request-id': 'req-1666adc0-a4ee-4584-bad9-21318f9ef982'}
        Body: {"security_group_rule": {"remote_group_id": null, "direction": "ingress", "remote_ip_prefix": null, "protocol": "tcp", "ethertype": "IPv4", "tenant_id": "686f48b58be748efb6ee3177717aec99", "port_range_max": 22, "port_range_min": 22, "id": "9954f738-e136-48f3-95dd-2b5a840c7a6d", "security_group_id": "0da6a40c-f112-407b-b530-961a306fc086"}}
2015-12-19 07:40:34,996 21195 INFO     [tempest_lib.common.rest_client] Request (TestNetworkBasicOps:test_connectivity_between_vms_on_different_networks): 201 POST http://10.0.2.15:9696/v2.0/security-group-rules 0.123s
2015-12-19 07:40:34,997 21195 DEBUG    [tempest_lib.common.rest_client] Request - Headers: {'Content-Type': 'application/json', 'Accept': 'application/json', 'X-Auth-Token': '&lt;omitted&gt;'}
        Body: {"security_group_rule": {"direction": "egress", "protocol": "tcp", "tenant_id": "686f48b58be748efb6ee3177717aec99", "port_range_max": 22, "security_group_id": "0da6a40c-f112-407b-b530-961a306fc086", "port_range_min": 22}}
    Response - Headers: {'status': '201', 'content-length': '339', 'connection': 'close', 'date': 'Sat, 19 Dec 2015 07:40:34 GMT', 'content-type': 'application/json; charset=UTF-8', 'x-openstack-request-id': 'req-d6084feb-0d06-461b-9c1c-aa7fd9824d4b'}
        Body: {"security_group_rule": {"remote_group_id": null, "direction": "egress", "remote_ip_prefix": null, "protocol": "tcp", "ethertype": "IPv4", "tenant_id": "686f48b58be748efb6ee3177717aec99", "port_range_max": 22, "port_range_min": 22, "id": "8e7a76a1-29ff-4b7c-9b98-53e5fff0148c", "security_group_id": "0da6a40c-f112-407b-b530-961a306fc086"}}
2015-12-19 07:40:35,124 21195 INFO     [tempest_lib.common.rest_client] Request (TestNetworkBasicOps:test_connectivity_between_vms_on_different_networks): 201 POST http://10.0.2.15:9696/v2.0/security-group-rules 0.126s
2015-12-19 07:40:35,125 21195 DEBUG    [tempest_lib.common.rest_client] Request - Headers: {'Content-Type': 'application/json', 'Accept': 'application/json', 'X-Auth-Token': '&lt;omitted&gt;'}
        Body: {"security_group_rule": {"tenant_id": "686f48b58be748efb6ee3177717aec99", "direction": "ingress", "protocol": "icmp", "security_group_id": "0da6a40c-f112-407b-b530-961a306fc086"}}
    Response - Headers: {'status': '201', 'content-length': '345', 'connection': 'close', 'date': 'Sat, 19 Dec 2015 07:40:35 GMT', 'content-type': 'application/json; charset=UTF-8', 'x-openstack-request-id': 'req-ef1c8d02-a2aa-4476-b5ff-1caad01b3486'}
        Body: {"security_group_rule": {"remote_group_id": null, "direction": "ingress", "remote_ip_prefix": null, "protocol": "icmp", "ethertype": "IPv4", "tenant_id": "686f48b58be748efb6ee3177717aec99", "port_range_max": null, "port_range_min": null, "id": "0e917174-1c92-4cac-a228-b0f12c7b0aa5", "security_group_id": "0da6a40c-f112-407b-b530-961a306fc086"}}
2015-12-19 07:40:35,245 21195 INFO     [tempest_lib.common.rest_client] Request (TestNetworkBasicOps:test_connectivity_between_vms_on_different_networks): 201 POST http://10.0.2.15:9696/v2.0/security-group-rules 0.120s
2015-12-19 07:40:35,246 21195 DEBUG    [tempest_lib.common.rest_client] Request - Headers: {'Content-Type': 'application/json', 'Accept': 'application/json', 'X-Auth-Token': '&lt;omitted&gt;'}
        Body: {"security_group_rule": {"tenant_id": "686f48b58be748efb6ee3177717aec99", "direction": "egress", "protocol": "icmp", "security_group_id": "0da6a40c-f112-407b-b530-961a306fc086"}}
    Response - Headers: {'status': '201', 'content-length': '344', 'connection': 'close', 'date': 'Sat, 19 Dec 2015 07:40:35 GMT', 'content-type': 'application/json; charset=UTF-8', 'x-openstack-request-id': 'req-ff856b59-153a-43cc-958d-1dfbd054ad40'}
        Body: {"security_group_rule": {"remote_group_id": null, "direction": "egress", "remote_ip_prefix": null, "protocol": "icmp", "ethertype": "IPv4", "tenant_id": "686f48b58be748efb6ee3177717aec99", "port_range_max": null, "port_range_min": null, "id": "6de1eef5-0e1c-4391-b328-497523cd7007", "security_group_id": "0da6a40c-f112-407b-b530-961a306fc086"}}
2015-12-19 07:40:35,377 21195 INFO     [tempest_lib.common.rest_client] Request (TestNetworkBasicOps:test_connectivity_between_vms_on_different_networks): 201 POST http://10.0.2.15:9696/v2.0/security-group-rules 0.130s
2015-12-19 07:40:35,378 21195 DEBUG    [tempest_lib.common.rest_client] Request - Headers: {'Content-Type': 'application/json', 'Accept': 'application/json', 'X-Auth-Token': '&lt;omitted&gt;'}
        Body: {"security_group_rule": {"tenant_id": "686f48b58be748efb6ee3177717aec99", "direction": "ingress", "security_group_id": "0da6a40c-f112-407b-b530-961a306fc086", "protocol": "icmp", "ethertype": "IPv6"}}
    Response - Headers: {'status': '201', 'content-length': '345', 'connection': 'close', 'date': 'Sat, 19 Dec 2015 07:40:35 GMT', 'content-type': 'application/json; charset=UTF-8', 'x-openstack-request-id': 'req-5ba83505-134f-480a-a1a0-0d97ad74e068'}
        Body: {"security_group_rule": {"remote_group_id": null, "direction": "ingress", "remote_ip_prefix": null, "protocol": "icmp", "ethertype": "IPv6", "tenant_id": "686f48b58be748efb6ee3177717aec99", "port_range_max": null, "port_range_min": null, "id": "6c99beb8-34dc-4aae-b740-2311065b0dc8", "security_group_id": "0da6a40c-f112-407b-b530-961a306fc086"}}
2015-12-19 07:40:35,495 21195 INFO     [tempest_lib.common.rest_client] Request (TestNetworkBasicOps:test_connectivity_between_vms_on_different_networks): 201 POST http://10.0.2.15:9696/v2.0/security-group-rules 0.116s
2015-12-19 07:40:35,496 21195 DEBUG    [tempest_lib.common.rest_client] Request - Headers: {'Content-Type': 'application/json', 'Accept': 'application/json', 'X-Auth-Token': '&lt;omitted&gt;'}
        Body: {"security_group_rule": {"tenant_id": "686f48b58be748efb6ee3177717aec99", "direction": "egress", "security_group_id": "0da6a40c-f112-407b-b530-961a306fc086", "protocol": "icmp", "ethertype": "IPv6"}}
    Response - Headers: {'status': '201', 'content-length': '344', 'connection': 'close', 'date': 'Sat, 19 Dec 2015 07:40:35 GMT', 'content-type': 'application/json; charset=UTF-8', 'x-openstack-request-id': 'req-5a904a87-26ac-46a1-9b9e-01979c40aae8'}
        Body: {"security_group_rule": {"remote_group_id": null, "direction": "egress", "remote_ip_prefix": null, "protocol": "icmp", "ethertype": "IPv6", "tenant_id": "686f48b58be748efb6ee3177717aec99", "port_range_max": null, "port_range_min": null, "id": "37c7a80c-12ba-432e-a28a-3e838a50c20b", "security_group_id": "0da6a40c-f112-407b-b530-961a306fc086"}}
2015-12-19 07:40:35,683 21195 INFO     [tempest_lib.common.rest_client] Request (TestNetworkBasicOps:test_connectivity_between_vms_on_different_networks): 201 POST http://10.0.2.15:9696/v2.0/networks 0.185s
2015-12-19 07:40:35,683 21195 DEBUG    [tempest_lib.common.rest_client] Request - Headers: {'Content-Type': 'application/json', 'Accept': 'application/json', 'X-Auth-Token': '&lt;omitted&gt;'}
        Body: {"network": {"tenant_id": "686f48b58be748efb6ee3177717aec99", "name": "tempest-network-smoke--1575173038"}}
    Response - Headers: {'status': '201', 'content-length': '329', 'connection': 'close', 'date': 'Sat, 19 Dec 2015 07:40:35 GMT', 'content-type': 'application/json; charset=UTF-8', 'x-openstack-request-id': 'req-3675ad19-e44a-4c29-a6cc-1f1b91b62f77'}
        Body: {"network": {"status": "ACTIVE", "subnets": [], "availability_zone_hints": "[]", "name": "tempest-network-smoke--1575173038", "admin_state_up": true, "tenant_id": "686f48b58be748efb6ee3177717aec99", "mtu": 0, "router:external": false, "shared": false, "port_security_enabled": true, "id": "522e4400-0f30-4210-9537-5de268e65b1e"}}
2015-12-19 07:40:35,767 21195 INFO     [tempest_lib.common.rest_client] Request (TestNetworkBasicOps:test_connectivity_between_vms_on_different_networks): 201 POST http://10.0.2.15:9696/v2.0/routers 0.082s
2015-12-19 07:40:35,768 21195 DEBUG    [tempest_lib.common.rest_client] Request - Headers: {'Content-Type': 'application/json', 'Accept': 'application/json', 'X-Auth-Token': '&lt;omitted&gt;'}
        Body: {"router": {"tenant_id": "686f48b58be748efb6ee3177717aec99", "name": "tempest-router-smoke-1277880967", "admin_state_up": true}}
    Response - Headers: {'status': '201', 'content-length': '296', 'connection': 'close', 'date': 'Sat, 19 Dec 2015 07:40:35 GMT', 'content-type': 'application/json; charset=UTF-8', 'x-openstack-request-id': 'req-27b4bdc4-8865-40d9-87eb-7b6b5a5c1db7'}
        Body: {"router": {"status": "ACTIVE", "external_gateway_info": null, "availability_zone_hints": [], "availability_zones": [], "name": "tempest-router-smoke-1277880967", "admin_state_up": true, "tenant_id": "686f48b58be748efb6ee3177717aec99", "routes": [], "id": "300caa97-d451-4e84-9518-26ecdc532df1"}}
2015-12-19 07:40:35,829 21195 INFO     [tempest_lib.common.rest_client] Request (TestNetworkBasicOps:test_connectivity_between_vms_on_different_networks): 200 GET http://10.0.2.15:9696/v2.0/routers/300caa97-d451-4e84-9518-26ecdc532df1 0.060s
2015-12-19 07:40:35,830 21195 DEBUG    [tempest_lib.common.rest_client] Request - Headers: {'Content-Type': 'application/json', 'Accept': 'application/json', 'X-Auth-Token': '&lt;omitted&gt;'}
        Body: None
    Response - Headers: {'status': '200', 'content-length': '296', 'content-location': 'http://10.0.2.15:9696/v2.0/routers/300caa97-d451-4e84-9518-26ecdc532df1', 'connection': 'close', 'date': 'Sat, 19 Dec 2015 07:40:35 GMT', 'content-type': 'application/json; charset=UTF-8', 'x-openstack-request-id': 'req-cf22fcb6-cc74-4fe7-bde8-898762c1ce93'}
        Body: {"router": {"status": "ACTIVE", "external_gateway_info": null, "availability_zone_hints": [], "availability_zones": [], "name": "tempest-router-smoke-1277880967", "admin_state_up": true, "tenant_id": "686f48b58be748efb6ee3177717aec99", "routes": [], "id": "300caa97-d451-4e84-9518-26ecdc532df1"}}
2015-12-19 07:40:36,615 21195 INFO     [tempest_lib.common.rest_client] Request (TestNetworkBasicOps:test_connectivity_between_vms_on_different_networks): 200 PUT http://10.0.2.15:9696/v2.0/routers/300caa97-d451-4e84-9518-26ecdc532df1 0.783s
2015-12-19 07:40:36,615 21195 DEBUG    [tempest_lib.common.rest_client] Request - Headers: {'Content-Type': 'application/json', 'Accept': 'application/json', 'X-Auth-Token': '&lt;omitted&gt;'}
        Body: {"router": {"external_gateway_info": {"network_id": "4fa49978-3797-4273-816e-c534d04b8418"}, "name": "tempest-router-smoke-1277880967", "admin_state_up": true}}
    Response - Headers: {'status': '200', 'content-length': '558', 'connection': 'close', 'date': 'Sat, 19 Dec 2015 07:40:36 GMT', 'content-type': 'application/json; charset=UTF-8', 'x-openstack-request-id': 'req-a3c0807a-f4ff-467d-83b9-568cd5f0c4f8'}
        Body: {"router": {"status": "ACTIVE", "external_gateway_info": {"network_id": "4fa49978-3797-4273-816e-c534d04b8418", "enable_snat": true, "external_fixed_ips": [{"subnet_id": "d3e254b6-82f9-457a-9842-4d647c26b0aa", "ip_address": "172.24.4.3"}, {"subnet_id": "f2435357-4574-494a-8dc7-05b18d28cd89", "ip_address": "2001:db8::4"}]}, "availability_zone_hints": [], "availability_zones": [], "name": "tempest-router-smoke-1277880967", "admin_state_up": true, "tenant_id": "686f48b58be748efb6ee3177717aec99", "routes": [], "id": "300caa97-d451-4e84-9518-26ecdc532df1"}}
2015-12-19 07:40:36,793 21195 INFO     [tempest_lib.common.rest_client] Request (TestNetworkBasicOps:test_connectivity_between_vms_on_different_networks): 200 GET http://10.0.2.15:9696/v2.0/subnets?tenant_id=686f48b58be748efb6ee3177717aec99&amp;cidr=10.100.0.0%2F28 0.177s
2015-12-19 07:40:36,793 21195 DEBUG    [tempest_lib.common.rest_client] Request - Headers: {'Content-Type': 'application/json', 'Accept': 'application/json', 'X-Auth-Token': '&lt;omitted&gt;'}
        Body: None
    Response - Headers: {'status': '200', 'content-length': '15', 'content-location': 'http://10.0.2.15:9696/v2.0/subnets?tenant_id=686f48b58be748efb6ee3177717aec99&amp;cidr=10.100.0.0%2F28', 'connection': 'close', 'date': 'Sat, 19 Dec 2015 07:40:36 GMT', 'content-type': 'application/json; charset=UTF-8', 'x-openstack-request-id': 'req-377ccc3e-2ad1-4172-a5c7-253ad41cefdc'}
        Body: {"subnets": []}
2015-12-19 07:40:37,106 21195 INFO     [tempest_lib.common.rest_client] Request (TestNetworkBasicOps:test_connectivity_between_vms_on_different_networks): 201 POST http://10.0.2.15:9696/v2.0/subnets 0.312s
2015-12-19 07:40:37,106 21195 DEBUG    [tempest_lib.common.rest_client] Request - Headers: {'Content-Type': 'application/json', 'Accept': 'application/json', 'X-Auth-Token': '&lt;omitted&gt;'}
        Body: {"subnet": {"ip_version": 4, "tenant_id": "686f48b58be748efb6ee3177717aec99", "cidr": "10.100.0.0/28", "network_id": "522e4400-0f30-4210-9537-5de268e65b1e", "name": "tempest-subnet-smoke-652541269"}}
    Response - Headers: {'status': '201', 'content-length': '477', 'connection': 'close', 'date': 'Sat, 19 Dec 2015 07:40:37 GMT', 'content-type': 'application/json; charset=UTF-8', 'x-openstack-request-id': 'req-7d4cc865-e33d-496e-8244-b1d14c12282a'}
        Body: {"subnet": {"name": "tempest-subnet-smoke-652541269", "enable_dhcp": true, "network_id": "522e4400-0f30-4210-9537-5de268e65b1e", "tenant_id": "686f48b58be748efb6ee3177717aec99", "dns_nameservers": [], "gateway_ip": "10.100.0.1", "ipv6_ra_mode": null, "allocation_pools": [{"start": "10.100.0.2", "end": "10.100.0.14"}], "host_routes": [], "ip_version": 4, "ipv6_address_mode": null, "cidr": "10.100.0.0/28", "id": "faa6a111-8dc9-4223-92fb-df1d00a6f267", "subnetpool_id": null}}
2015-12-19 07:40:39,173 21195 INFO     [tempest_lib.common.rest_client] Request (TestNetworkBasicOps:test_connectivity_between_vms_on_different_networks): 200 PUT http://10.0.2.15:9696/v2.0/routers/300caa97-d451-4e84-9518-26ecdc532df1/add_router_interface 2.066s
2015-12-19 07:40:39,174 21195 DEBUG    [tempest_lib.common.rest_client] Request - Headers: {'Content-Type': 'application/json', 'Accept': 'application/json', 'X-Auth-Token': '&lt;omitted&gt;'}
        Body: {"subnet_id": "faa6a111-8dc9-4223-92fb-df1d00a6f267"}
    Response - Headers: {'status': '200', 'content-length': '255', 'connection': 'close', 'date': 'Sat, 19 Dec 2015 07:40:39 GMT', 'content-type': 'application/json; charset=UTF-8', 'x-openstack-request-id': 'req-20bc2161-b682-4c00-ba64-14b2900a59da'}
        Body: {"subnet_id": "faa6a111-8dc9-4223-92fb-df1d00a6f267", "tenant_id": "686f48b58be748efb6ee3177717aec99", "subnet_ids": ["faa6a111-8dc9-4223-92fb-df1d00a6f267"], "port_id": "55d99ea7-5763-4453-9b81-562b63009b0b", "id": "300caa97-d451-4e84-9518-26ecdc532df1"}
2015-12-19 07:40:39,229 21195 INFO     [tempest_lib.common.rest_client] Request (TestNetworkBasicOps:test_connectivity_between_vms_on_different_networks): 200 GET http://10.0.2.15:9696/v2.0/networks 0.054s
2015-12-19 07:40:39,230 21195 DEBUG    [tempest_lib.common.rest_client] Request - Headers: {'Content-Type': 'application/json', 'Accept': 'application/json', 'X-Auth-Token': '&lt;omitted&gt;'}
        Body: None
    Response - Headers: {'status': '200', 'content-length': '1507', 'content-location': 'http://10.0.2.15:9696/v2.0/networks', 'connection': 'close', 'date': 'Sat, 19 Dec 2015 07:40:39 GMT', 'content-type': 'application/json; charset=UTF-8', 'x-openstack-request-id': 'req-666cd81b-13cf-48ba-91e2-acfe0a81f7db'}
        Body: {"networks": [{"status": "ACTIVE", "subnets": ["faa6a111-8dc9-4223-92fb-df1d00a6f267"], "availability_zone_hints": [], "availability_zones": ["nova"], "name": "tempest-network-smoke--1575173038", "provider:physical_network": null, "admin_state_up": true, "tenant_id": "686f48b58be748efb6ee3177717aec99", "mtu": 0, "router:external": false, "shared": false, "port_security_enabled": true, "provider:network_type": "vxlan", "id": "522e4400-0f30-4210-9537-5de268e65b1e", "provider:segmentation_id": 1100}, {"status": "ACTIVE", "subnets": ["f2435357-4574-494a-8dc7-05b18d28cd89", "d3e254b6-82f9-457a-9842-4d647c26b0aa"], "availability_zone_hints": [], "availability_zones": ["nova"], "name": "public", "provider:physical_network": null, "admin_state_up": true, "tenant_id": "6c53ea107d1b49c98bf965b0c3f4b80b", "mtu": 0, "router:external": true, "shared": false, "port_security_enabled": true, "provider:network_type": "vxlan", "id": "4fa49978-3797-4273-816e-c534d04b8418", "provider:segmentation_id": 1054}, {"status": "ACTIVE", "subnets": ["9e4d5d44-8a49-4063-a6e5-82af8f3b7dd1", "57e4e397-82c7-4e23-83cc-950efeea32bb"], "availability_zone_hints": [], "availability_zones": ["nova"], "name": "private", "provider:physical_network": null, "admin_state_up": true, "tenant_id": "26340fd2d64d4d9692dcb7c60faf2fa9", "mtu": 0, "router:external": false, "shared": false, "port_security_enabled": true, "provider:network_type": "vxlan", "id": "6de68d4f-6e19-46e5-9baa-c480ab0939f3", "provider:segmentation_id": 1017}]}
2015-12-19 07:40:39,279 21195 INFO     [tempest_lib.common.rest_client] Request (TestNetworkBasicOps:test_connectivity_between_vms_on_different_networks): 200 GET http://10.0.2.15:9696/v2.0/subnets 0.048s
2015-12-19 07:40:39,279 21195 DEBUG    [tempest_lib.common.rest_client] Request - Headers: {'Content-Type': 'application/json', 'Accept': 'application/json', 'X-Auth-Token': '&lt;omitted&gt;'}
        Body: None
    Response - Headers: {'status': '200', 'content-length': '2407', 'content-location': 'http://10.0.2.15:9696/v2.0/subnets', 'connection': 'close', 'date': 'Sat, 19 Dec 2015 07:40:39 GMT', 'content-type': 'application/json; charset=UTF-8', 'x-openstack-request-id': 'req-efed57b2-f113-4404-8b44-faf2b470c4b7'}
        Body: {"subnets": [{"name": "ipv6-public-subnet", "enable_dhcp": false, "network_id": "4fa49978-3797-4273-816e-c534d04b8418", "tenant_id": "6c53ea107d1b49c98bf965b0c3f4b80b", "dns_nameservers": [], "gateway_ip": "2001:db8::2", "ipv6_ra_mode": null, "allocation_pools": [{"start": "2001:db8::3", "end": "2001:db8::ffff:ffff:ffff:ffff"}, {"start": "2001:db8::1", "end": "2001:db8::1"}], "host_routes": [], "ip_version": 6, "ipv6_address_mode": null, "cidr": "2001:db8::/64", "id": "f2435357-4574-494a-8dc7-05b18d28cd89", "subnetpool_id": null}, {"name": "public-subnet", "enable_dhcp": false, "network_id": "4fa49978-3797-4273-816e-c534d04b8418", "tenant_id": "6c53ea107d1b49c98bf965b0c3f4b80b", "dns_nameservers": [], "gateway_ip": "172.24.4.1", "ipv6_ra_mode": null, "allocation_pools": [{"start": "172.24.4.2", "end": "172.24.4.254"}], "host_routes": [], "ip_version": 4, "ipv6_address_mode": null, "cidr": "172.24.4.0/24", "id": "d3e254b6-82f9-457a-9842-4d647c26b0aa", "subnetpool_id": null}, {"name": "ipv6-private-subnet", "enable_dhcp": true, "network_id": "6de68d4f-6e19-46e5-9baa-c480ab0939f3", "tenant_id": "26340fd2d64d4d9692dcb7c60faf2fa9", "dns_nameservers": [], "gateway_ip": "fd71:b672:398f::1", "ipv6_ra_mode": "slaac", "allocation_pools": [{"start": "fd71:b672:398f::2", "end": "fd71:b672:398f:0:ffff:ffff:ffff:ffff"}], "host_routes": [], "ip_version": 6, "ipv6_address_mode": "slaac", "cidr": "fd71:b672:398f::/64", "id": "9e4d5d44-8a49-4063-a6e5-82af8f3b7dd1", "subnetpool_id": null}, {"name": "tempest-subnet-smoke-652541269", "enable_dhcp": true, "network_id": "522e4400-0f30-4210-9537-5de268e65b1e", "tenant_id": "686f48b58be748efb6ee3177717aec99", "dns_nameservers": [], "gateway_ip": "10.100.0.1", "ipv6_ra_mode": null, "allocation_pools": [{"start": "10.100.0.2", "end": "10.100.0.14"}], "host_routes": [], "ip_version": 4, "ipv6_address_mode": null, "cidr": "10.100.0.0/28", "id": "faa6a111-8dc9-4223-92fb-df1d00a6f267", "subnetpool_id": null}, {"name": "private-subnet", "enable_dhcp": true, "network_id": "6de68d4f-6e19-46e5-9baa-c480ab0939f3", "tenant_id": "26340fd2d64d4d9692dcb7c60faf2fa9", "dns_nameservers": [], "gateway_ip": "10.0.0.1", "ipv6_ra_mode": null, "allocation_pools": [{"start": "10.0.0.2", "end": "10.0.0.254"}], "host_routes": [], "ip_version": 4, "ipv6_address_mode": null, "cidr": "10.0.0.0/24", "id": "57e4e397-82c7-4e23-83cc-950efeea32bb", "subnetpool_id": null}]}
2015-12-19 07:40:39,468 21195 INFO     [tempest_lib.common.rest_client] Request (TestNetworkBasicOps:test_connectivity_between_vms_on_different_networks): 200 GET http://10.0.2.15:9696/v2.0/routers 0.187s
2015-12-19 07:40:39,469 21195 DEBUG    [tempest_lib.common.rest_client] Request - Headers: {'Content-Type': 'application/json', 'Accept': 'application/json', 'X-Auth-Token': '&lt;omitted&gt;'}
        Body: None
    Response - Headers: {'status': '200', 'content-length': '1167', 'content-location': 'http://10.0.2.15:9696/v2.0/routers', 'connection': 'close', 'date': 'Sat, 19 Dec 2015 07:40:39 GMT', 'content-type': 'application/json; charset=UTF-8', 'x-openstack-request-id': 'req-c66f1c49-12ef-488c-89bc-5a79f8c522e1'}
        Body: {"routers": [{"status": "ACTIVE", "external_gateway_info": {"network_id": "4fa49978-3797-4273-816e-c534d04b8418", "enable_snat": true, "external_fixed_ips": [{"subnet_id": "d3e254b6-82f9-457a-9842-4d647c26b0aa", "ip_address": "172.24.4.3"}, {"subnet_id": "f2435357-4574-494a-8dc7-05b18d28cd89", "ip_address": "2001:db8::4"}]}, "availability_zone_hints": [], "availability_zones": ["nova"], "name": "tempest-router-smoke-1277880967", "admin_state_up": true, "tenant_id": "686f48b58be748efb6ee3177717aec99", "distributed": false, "routes": [], "ha": false, "id": "300caa97-d451-4e84-9518-26ecdc532df1"}, {"status": "ACTIVE", "external_gateway_info": {"network_id": "4fa49978-3797-4273-816e-c534d04b8418", "enable_snat": true, "external_fixed_ips": [{"subnet_id": "d3e254b6-82f9-457a-9842-4d647c26b0aa", "ip_address": "172.24.4.2"}, {"subnet_id": "f2435357-4574-494a-8dc7-05b18d28cd89", "ip_address": "2001:db8::3"}]}, "availability_zone_hints": [], "availability_zones": ["nova"], "name": "router1", "admin_state_up": true, "tenant_id": "26340fd2d64d4d9692dcb7c60faf2fa9", "distributed": false, "routes": [], "ha": false, "id": "9c7f0185-26d2-4c85-8358-a04bad300d05"}]}
2015-12-19 07:40:39,805 21195 INFO     [tempest_lib.common.rest_client] Request (TestNetworkBasicOps:test_connectivity_between_vms_on_different_networks): 200 POST http://10.0.2.15:8774/v2.1/686f48b58be748efb6ee3177717aec99/os-keypairs 0.335s
2015-12-19 07:40:39,806 21195 DEBUG    [tempest_lib.common.rest_client] Request - Headers: {'Content-Type': 'application/json', 'Accept': 'application/json', 'X-Auth-Token': '&lt;omitted&gt;'}
        Body: {"keypair": {"name": "tempest-TestNetworkBasicOps-1521682112"}}
    Response - Headers: {'status': '200', 'content-length': '2321', 'x-compute-request-id': 'req-f016a0dd-efa0-45a6-9742-026f3c310dfd', 'vary': 'X-OpenStack-Nova-API-Version', 'connection': 'close', 'x-openstack-nova-api-version': '2.1', 'date': 'Sat, 19 Dec 2015 07:40:39 GMT', 'content-type': 'application/json'}
        Body: {"keypair": {"public_key": "ssh-rsa AAAAB3NzaC1yc2EAAAADAQABAAABAQCyMbf7JIbjuRgG88BalnQLnNSUD/c7fAMRfLx/22Q1txr0+yTgqagc9hf2HapAJfwvgZGXsuyMpP7DvRv4YrkOjrp5hJWy3p1vtkP2wDZ10QS03W3GZAg6OT5Hj77v20KSALfHPVdMbioZvmoeIBmlLiDj6gh5tnq69PdhKUnAn6WCuY9a5x6BstbDVS5BbPllm3kx47hEO49Yn/UgmmEaTZ2iE1XNmLKBsuyzt3LtIm0zTFLytOD4rY+j1rtgAIfTZH32OWEBisDtP1B/FOodpj3VLbdXzHj4m4T8ES4sfk2O56K5SeB1X+OaUN/y69MthVj5/QDWOBhYCmJtpp05 Generated-by-Nova", "private_key": "-----BEGIN RSA PRIVATE KEY-----\nMIIEqQIBAAKCAQEAsjG3+ySG47kYBvPAWpZ0C5zUlA/3O3wDEXy8f9tkNbca9Psk\n4KmoHPYX9h2qQCX8L4GRl7LsjKT+w70b+GK5Do66eYSVst6db7ZD9sA2ddEEtN1t\nxmQIOjk+R4++79tCkgC3xz1XTG4qGb5qHiAZpS4g4+oIebZ6uvT3YSlJwJ+lgrmP\nWucegbLWw1UuQWz5ZZt5MeO4RDuPWJ/1IJphGk2dohNVzZiygbLss7dy7SJtM0xS\n8rTg+K2Po9a7YACH02R99jlhAYrA7T9QfxTqHaY91S23V8x4+JuE/BEuLH5Njuei\nuUngdV/jmlDf8uvTLYVY+f0A1jgYWApibaadOQIDAQABAoIBADi6m1fYyRi2VG/i\nKdqtC0SnKQX6Dztgv5lRnLEXp09ye6KCUbs0R9Dwh7BSwWCqtx5ooXEqBSTBYlnu\nWnk49LEtvy/whbfsJzLpU7m6d5wKbvUliU0fi379ulYN7TtvEkJo+Bj17lTmvYB0\nnlP45DEx/kaQuyIEdg4O7rJ/8nrf0CNLB2agwgqpDd4Y28QYqLtCKYyrREmN9/fa\nxB9RqUEX3IhwpGfgFenn8tn3xKKl1WgmWRRTUUaF2ah/AENmH088WlZB4sRfGTtM\nAfBF/k1fyFojcNM74pAQVw7uyGqKiQUjVbWZGSddmVG7RYtDajdZE7UxEjtIlcov\nQiWTAAECggCBAMqpK+9UcwL+Y5EsZQPgfW5RuWtBtkeamPjHKrt2E2ZNrIa61+1M\nbEVnnK7sfCXLZOBMCHPpq/oQRdS86JFUR94UX6G+1k37qBWpKcuSTX6Y5LScCKp8\nY87X0CWvraMYCucGwXoYqxYkpvNQp+/YJNukN+PdfrgmXu6aRFyZTjQ5AoIAgQDh\nGAq+07QAR+KaT8nDJvehmzWgmlO153Kq6fbYXU2MoWzl0d4yBQt4wimFNwDQu+sx\no8iRW7qywzal6o3cRiVj/LdkoESIvNT0wg58VR+Vr5O5MxxHFPh+ypMjO9ONH/9V\nED4sP3T9WkJagSlwBkAHTl3QBztxwyayJic+5iWxAQKCAIAKxguL4ZVrp1JruUx1\ndE22u6l7xjaGf/V55DylUpWdbqupTe2Es/ddiTCPLAs9hx6JvgEFCHsYBB1yPciv\nUSew6qxa0OZbpvE8lY2fQNvVyxL9dv4O8iXsLRTnq/szHGgX+Af5Ea6msrQdY0BK\nQ9dRxd0iw/ekmoWZcaIIui2qIQKCAIEAzfMMadsTd6pOB/h212rA6gkzwPVTID1a\n6kxVQVPlD4XnOEOUNFnvTBcCnFNeGJ3HrMx5R54RLVx1lMsN7vvzXA+u0I/fBOkZ\nQ7SGQnY0BuX1mF7OQa9LSd8ZTwR/JEGhgffxmtSYuvIpgdtpyYi+brDiHuNvHUB8\nGEXWZLN4ywECggCBAMLIVTy5kvgWiptzql7pvOPenARp9XYPrE9ELpY6OsTgZcie\nS1C+FOip9jEuEljmSYJhRiROSEkfQ5oc3e5au/Ss4yjJ899PqYN0qDhxlQzOaxF6\ni+MX45JlRILo5kkWw8XSSO8JW5S4lWG/iMD/qFmvelIb/g0UBUM5UhsQ05bt\n-----END RSA PRIVATE KEY-----\n", "user_id": "dc914d0855ac4eacab83d5585227094e", "name": "tempest-TestNetworkBasicOps-1521682112", "fingerprint": "f7:f6:bd:f1:c2:22:b1:51:8b:15:42:d7:36:a7:25:3a"}}
2015-12-19 07:40:39,911 21195 INFO     [tempest_lib.common.rest_client] Request (TestNetworkBasicOps:test_connectivity_between_vms_on_different_networks): 200 POST http://10.0.2.15:5000/v2.0/tokens
2015-12-19 07:40:39,911 21195 DEBUG    [tempest_lib.common.rest_client] Request - Headers: {'Content-Type': 'application/json', 'Accept': 'application/json'}
        Body: &lt;omitted&gt;
    Response - Headers: {'status': '200', 'content-length': '2528', 'vary': 'X-Auth-Token', 'server': 'Apache/2.4.7 (Ubuntu)', 'connection': 'close', 'date': 'Sat, 19 Dec 2015 07:40:39 GMT', 'content-type': 'application/json', 'x-openstack-request-id': 'req-4fc7de05-bf4c-4d56-9df3-93223739e123'}
        Body: {"access": {"token": {"issued_at": "2015-12-19T07:40:39.901954", "expires": "2015-12-19T08:40:39Z", "id": "dc672985455c424bbf541b61baa38e70", "tenant": {"description": "tempest-TestNetworkBasicOps-1810279036-desc", "enabled": true, "id": "686f48b58be748efb6ee3177717aec99", "name": "tempest-TestNetworkBasicOps-1810279036"}, "audit_ids": ["uphaMf3ITPa1Q0i_lQHZaA"]}, "serviceCatalog": [{"endpoints": [{"adminURL": "http://10.0.2.15:8774/v2.1/686f48b58be748efb6ee3177717aec99", "region": "RegionOne", "internalURL": "http://10.0.2.15:8774/v2.1/686f48b58be748efb6ee3177717aec99", "id": "11ae156f9ffa4ced9b85ecdd75369037", "publicURL": "http://10.0.2.15:8774/v2.1/686f48b58be748efb6ee3177717aec99"}], "endpoints_links": [], "type": "compute", "name": "nova"}, {"endpoints": [{"adminURL": "http://10.0.2.15:9696/", "region": "RegionOne", "internalURL": "http://10.0.2.15:9696/", "id": "202dfad1e38241bb8d70dcbb42305959", "publicURL": "http://10.0.2.15:9696/"}], "endpoints_links": [], "type": "network", "name": "neutron"}, {"endpoints": [{"adminURL": "http://10.0.2.15:9292", "region": "RegionOne", "internalURL": "http://10.0.2.15:9292", "id": "3321154bcdd141f8985436a03a7a12d8", "publicURL": "http://10.0.2.15:9292"}], "endpoints_links": [], "type": "image", "name": "glance"}, {"endpoints": [{"adminURL": "http://10.0.2.15:8774/v2/686f48b58be748efb6ee3177717aec99", "region": "RegionOne", "internalURL": "http://10.0.2.15:8774/v2/686f48b58be748efb6ee3177717aec99", "id": "3a6ba3eeacf141dbab6050e151ceac31", "publicURL": "http://10.0.2.15:8774/v2/686f48b58be748efb6ee3177717aec99"}], "endpoints_links": [], "type": "compute_legacy", "name": "nova_legacy"}, {"endpoints": [{"adminURL": "http://10.0.2.15:8773/", "region": "RegionOne", "internalURL": "http://10.0.2.15:8773/", "id": "2f6be1f1d3c7407e9da864db4bbe20d5", "publicURL": "http://10.0.2.15:8773/"}], "endpoints_links": [], "type": "ec2", "name": "ec2"}, {"endpoints": [{"adminURL": "http://10.0.2.15:35357/v2.0", "region": "RegionOne", "internalURL": "http://10.0.2.15:5000/v2.0", "id": "154ab0d6006d4300a75cf5f9cbf3744e", "publicURL": "http://10.0.2.15:5000/v2.0"}], "endpoints_links": [], "type": "identity", "name": "keystone"}], "user": {"username": "tempest-TestNetworkBasicOps-755230874", "roles_links": [], "id": "dc914d0855ac4eacab83d5585227094e", "roles": [{"name": "_member_"}, {"name": "Member"}], "name": "tempest-TestNetworkBasicOps-755230874"}, "metadata": {"is_admin": 0, "roles": ["9fe2ff9ee4384b1894a90878d3e92bab", "7a943f8103874f67850d23da2c8c3c0a"]}}}
2015-12-19 07:40:39,915 21195 DEBUG    [tempest.common.fixed_network] (TestNetworkBasicOps:test_connectivity_between_vms_on_different_networks) No valid network provided or created, defaulting to fixed_network_name
2015-12-19 07:40:40,201 21195 INFO     [tempest_lib.common.rest_client] Request (TestNetworkBasicOps:test_connectivity_between_vms_on_different_networks): 200 GET http://10.0.2.15:8774/v2.1/686f48b58be748efb6ee3177717aec99/os-networks 0.285s
2015-12-19 07:40:40,202 21195 DEBUG    [tempest_lib.common.rest_client] Request - Headers: {'Content-Type': 'application/json', 'Accept': 'application/json', 'X-Auth-Token': '&lt;omitted&gt;'}
        Body: None
    Response - Headers: {'status': '200', 'content-length': '479', 'content-location': 'http://10.0.2.15:8774/v2.1/686f48b58be748efb6ee3177717aec99/os-networks', 'x-compute-request-id': 'req-7a8ac4c3-352c-4565-9614-a218ffee68e3', 'vary': 'X-OpenStack-Nova-API-Version', 'connection': 'close', 'x-openstack-nova-api-version': '2.1', 'date': 'Sat, 19 Dec 2015 07:40:40 GMT', 'content-type': 'application/json'}
        Body: {"networks": [{"cidr_v6": null, "dns2": null, "dns1": null, "gateway": null, "broadcast": null, "netmask": null, "gateway_v6": null, "cidr": null, "label": "public", "id": "4fa49978-3797-4273-816e-c534d04b8418", "netmask_v6": null}, {"cidr_v6": null, "dns2": null, "dns1": null, "gateway": null, "broadcast": null, "netmask": null, "gateway_v6": null, "cidr": null, "label": "tempest-network-smoke--1575173038", "id": "522e4400-0f30-4210-9537-5de268e65b1e", "netmask_v6": null}]}
2015-12-19 07:40:40,202 21195 WARNING  [tempest.common.fixed_network] (TestNetworkBasicOps:test_connectivity_between_vms_on_different_networks) Network with name: private not found
2015-12-19 07:40:40,202 21195 INFO     [tempest.common.fixed_network] (TestNetworkBasicOps:test_connectivity_between_vms_on_different_networks) Found network {} available for tenant
2015-12-19 07:40:41,968 21195 INFO     [tempest_lib.common.rest_client] Request (TestNetworkBasicOps:test_connectivity_between_vms_on_different_networks): 202 POST http://10.0.2.15:8774/v2.1/686f48b58be748efb6ee3177717aec99/servers 1.765s
2015-12-19 07:40:41,968 21195 DEBUG    [tempest_lib.common.rest_client] Request - Headers: {'Content-Type': 'application/json', 'Accept': 'application/json', 'X-Auth-Token': '&lt;omitted&gt;'}
        Body: {"server": {"name": "tempest.common.compute-instance-391686724", "imageRef": "72eb4ba1-d80e-4516-9e50-ee5093b8aca2", "key_name": "tempest-TestNetworkBasicOps-1521682112", "flavorRef": "42", "networks": [{"uuid": "522e4400-0f30-4210-9537-5de268e65b1e"}], "security_groups": [{"name": "tempest-secgroup-smoke-104899788"}]}}
    Response - Headers: {'status': '202', 'content-length': '461', 'x-compute-request-id': 'req-dcdb349a-a34b-4e46-8db1-4db5ca2d0203', 'vary': 'X-OpenStack-Nova-API-Version', 'connection': 'close', 'location': 'http://10.0.2.15:8774/v2.1/686f48b58be748efb6ee3177717aec99/servers/6899ddc9-5f8a-4f34-b619-c32c545d18db', 'x-openstack-nova-api-version': '2.1', 'date': 'Sat, 19 Dec 2015 07:40:41 GMT', 'content-type': 'application/json'}
        Body: {"server": {"security_groups": [{"name": "tempest-secgroup-smoke-104899788"}], "OS-DCF:diskConfig": "MANUAL", "id": "6899ddc9-5f8a-4f34-b619-c32c545d18db", "links": [{"href": "http://10.0.2.15:8774/v2.1/686f48b58be748efb6ee3177717aec99/servers/6899ddc9-5f8a-4f34-b619-c32c545d18db", "rel": "self"}, {"href": "http://10.0.2.15:8774/686f48b58be748efb6ee3177717aec99/servers/6899ddc9-5f8a-4f34-b619-c32c545d18db", "rel": "bookmark"}], "adminPass": "comSbji4Nhtu"}}
2015-12-19 07:40:42,216 21195 INFO     [tempest_lib.common.rest_client] Request (TestNetworkBasicOps:test_connectivity_between_vms_on_different_networks): 200 GET http://10.0.2.15:8774/v2.1/686f48b58be748efb6ee3177717aec99/servers/6899ddc9-5f8a-4f34-b619-c32c545d18db 0.245s
2015-12-19 07:40:42,217 21195 DEBUG    [tempest_lib.common.rest_client] Request - Headers: {'Content-Type': 'application/json', 'Accept': 'application/json', 'X-Auth-Token': '&lt;omitted&gt;'}
        Body: None
    Response - Headers: {'status': '200', 'content-length': '1355', 'content-location': 'http://10.0.2.15:8774/v2.1/686f48b58be748efb6ee3177717aec99/servers/6899ddc9-5f8a-4f34-b619-c32c545d18db', 'x-compute-request-id': 'req-15b521d3-f7e3-448b-a623-67e85470d62b', 'vary': 'X-OpenStack-Nova-API-Version', 'connection': 'close', 'x-openstack-nova-api-version': '2.1', 'date': 'Sat, 19 Dec 2015 07:40:42 GMT', 'content-type': 'application/json'}
        Body: {"server": {"status": "BUILD", "updated": "2015-12-19T07:40:42Z", "hostId": "", "addresses": {}, "links": [{"href": "http://10.0.2.15:8774/v2.1/686f48b58be748efb6ee3177717aec99/servers/6899ddc9-5f8a-4f34-b619-c32c545d18db", "rel": "self"}, {"href": "http://10.0.2.15:8774/686f48b58be748efb6ee3177717aec99/servers/6899ddc9-5f8a-4f34-b619-c32c545d18db", "rel": "bookmark"}], "key_name": "tempest-TestNetworkBasicOps-1521682112", "image": {"id": "72eb4ba1-d80e-4516-9e50-ee5093b8aca2", "links": [{"href": "http://10.0.2.15:8774/686f48b58be748efb6ee3177717aec99/images/72eb4ba1-d80e-4516-9e50-ee5093b8aca2", "rel": "bookmark"}]}, "OS-EXT-STS:task_state": "scheduling", "OS-EXT-STS:vm_state": "building", "OS-SRV-USG:launched_at": null, "flavor": {"id": "42", "links": [{"href": "http://10.0.2.15:8774/686f48b58be748efb6ee3177717aec99/flavors/42", "rel": "bookmark"}]}, "id": "6899ddc9-5f8a-4f34-b619-c32c545d18db", "OS-SRV-USG:terminated_at": null, "OS-EXT-AZ:availability_zone": "", "user_id": "dc914d0855ac4eacab83d5585227094e", "name": "tempest.common.compute-instance-391686724", "created": "2015-12-19T07:40:41Z", "tenant_id": "686f48b58be748efb6ee3177717aec99", "OS-DCF:diskConfig": "MANUAL", "os-extended-volumes:volumes_attached": [], "accessIPv4": "", "accessIPv6": "", "progress": 0, "OS-EXT-STS:power_state": 0, "config_drive": "", "metadata": {}}}
2015-12-19 07:40:43,472 21195 INFO     [tempest_lib.common.rest_client] Request (TestNetworkBasicOps:test_connectivity_between_vms_on_different_networks): 200 GET http://10.0.2.15:8774/v2.1/686f48b58be748efb6ee3177717aec99/servers/6899ddc9-5f8a-4f34-b619-c32c545d18db 0.245s
2015-12-19 07:40:43,473 21195 DEBUG    [tempest_lib.common.rest_client] Request - Headers: {'Content-Type': 'application/json', 'Accept': 'application/json', 'X-Auth-Token': '&lt;omitted&gt;'}
        Body: None
    Response - Headers: {'status': '200', 'content-length': '1480', 'content-location': 'http://10.0.2.15:8774/v2.1/686f48b58be748efb6ee3177717aec99/servers/6899ddc9-5f8a-4f34-b619-c32c545d18db', 'x-compute-request-id': 'req-bc8a6131-024c-427e-979a-ec82b4aade86', 'vary': 'X-OpenStack-Nova-API-Version', 'connection': 'close', 'x-openstack-nova-api-version': '2.1', 'date': 'Sat, 19 Dec 2015 07:40:43 GMT', 'content-type': 'application/json'}
        Body: {"server": {"status": "BUILD", "updated": "2015-12-19T07:40:42Z", "hostId": "e919f042d63373cef6e957df333c4bf3ba7183d6d104d7716f11d7bd", "addresses": {}, "links": [{"href": "http://10.0.2.15:8774/v2.1/686f48b58be748efb6ee3177717aec99/servers/6899ddc9-5f8a-4f34-b619-c32c545d18db", "rel": "self"}, {"href": "http://10.0.2.15:8774/686f48b58be748efb6ee3177717aec99/servers/6899ddc9-5f8a-4f34-b619-c32c545d18db", "rel": "bookmark"}], "key_name": "tempest-TestNetworkBasicOps-1521682112", "image": {"id": "72eb4ba1-d80e-4516-9e50-ee5093b8aca2", "links": [{"href": "http://10.0.2.15:8774/686f48b58be748efb6ee3177717aec99/images/72eb4ba1-d80e-4516-9e50-ee5093b8aca2", "rel": "bookmark"}]}, "OS-EXT-STS:task_state": "spawning", "OS-EXT-STS:vm_state": "building", "OS-SRV-USG:launched_at": null, "flavor": {"id": "42", "links": [{"href": "http://10.0.2.15:8774/686f48b58be748efb6ee3177717aec99/flavors/42", "rel": "bookmark"}]}, "id": "6899ddc9-5f8a-4f34-b619-c32c545d18db", "security_groups": [{"name": "tempest-secgroup-smoke-104899788"}], "OS-SRV-USG:terminated_at": null, "OS-EXT-AZ:availability_zone": "nova", "user_id": "dc914d0855ac4eacab83d5585227094e", "name": "tempest.common.compute-instance-391686724", "created": "2015-12-19T07:40:41Z", "tenant_id": "686f48b58be748efb6ee3177717aec99", "OS-DCF:diskConfig": "MANUAL", "os-extended-volumes:volumes_attached": [], "accessIPv4": "", "accessIPv6": "", "progress": 0, "OS-EXT-STS:power_state": 0, "config_drive": "", "metadata": {}}}
2015-12-19 07:40:43,489 21195 INFO     [tempest.common.waiters] State transition "BUILD/scheduling" ==&gt; "BUILD/spawning" after 1 second wait
2015-12-19 07:40:44,690 21195 INFO     [tempest_lib.common.rest_client] Request (TestNetworkBasicOps:test_connectivity_between_vms_on_different_networks): 200 GET http://10.0.2.15:8774/v2.1/686f48b58be748efb6ee3177717aec99/servers/6899ddc9-5f8a-4f34-b619-c32c545d18db 0.199s
2015-12-19 07:40:44,690 21195 DEBUG    [tempest_lib.common.rest_client] Request - Headers: {'Content-Type': 'application/json', 'Accept': 'application/json', 'X-Auth-Token': '&lt;omitted&gt;'}
        Body: None
    Response - Headers: {'status': '200', 'content-length': '1480', 'content-location': 'http://10.0.2.15:8774/v2.1/686f48b58be748efb6ee3177717aec99/servers/6899ddc9-5f8a-4f34-b619-c32c545d18db', 'x-compute-request-id': 'req-4cce3140-a6f0-441b-a6ed-6cfc1d3d7829', 'vary': 'X-OpenStack-Nova-API-Version', 'connection': 'close', 'x-openstack-nova-api-version': '2.1', 'date': 'Sat, 19 Dec 2015 07:40:44 GMT', 'content-type': 'application/json'}
        Body: {"server": {"status": "BUILD", "updated": "2015-12-19T07:40:42Z", "hostId": "e919f042d63373cef6e957df333c4bf3ba7183d6d104d7716f11d7bd", "addresses": {}, "links": [{"href": "http://10.0.2.15:8774/v2.1/686f48b58be748efb6ee3177717aec99/servers/6899ddc9-5f8a-4f34-b619-c32c545d18db", "rel": "self"}, {"href": "http://10.0.2.15:8774/686f48b58be748efb6ee3177717aec99/servers/6899ddc9-5f8a-4f34-b619-c32c545d18db", "rel": "bookmark"}], "key_name": "tempest-TestNetworkBasicOps-1521682112", "image": {"id": "72eb4ba1-d80e-4516-9e50-ee5093b8aca2", "links": [{"href": "http://10.0.2.15:8774/686f48b58be748efb6ee3177717aec99/images/72eb4ba1-d80e-4516-9e50-ee5093b8aca2", "rel": "bookmark"}]}, "OS-EXT-STS:task_state": "spawning", "OS-EXT-STS:vm_state": "building", "OS-SRV-USG:launched_at": null, "flavor": {"id": "42", "links": [{"href": "http://10.0.2.15:8774/686f48b58be748efb6ee3177717aec99/flavors/42", "rel": "bookmark"}]}, "id": "6899ddc9-5f8a-4f34-b619-c32c545d18db", "security_groups": [{"name": "tempest-secgroup-smoke-104899788"}], "OS-SRV-USG:terminated_at": null, "OS-EXT-AZ:availability_zone": "nova", "user_id": "dc914d0855ac4eacab83d5585227094e", "name": "tempest.common.compute-instance-391686724", "created": "2015-12-19T07:40:41Z", "tenant_id": "686f48b58be748efb6ee3177717aec99", "OS-DCF:diskConfig": "MANUAL", "os-extended-volumes:volumes_attached": [], "accessIPv4": "", "accessIPv6": "", "progress": 0, "OS-EXT-STS:power_state": 0, "config_drive": "", "metadata": {}}}
2015-12-19 07:40:45,915 21195 INFO     [tempest_lib.common.rest_client] Request (TestNetworkBasicOps:test_connectivity_between_vms_on_different_networks): 200 GET http://10.0.2.15:8774/v2.1/686f48b58be748efb6ee3177717aec99/servers/6899ddc9-5f8a-4f34-b619-c32c545d18db 0.215s
2015-12-19 07:40:45,916 21195 DEBUG    [tempest_lib.common.rest_client] Request - Headers: {'Content-Type': 'application/json', 'Accept': 'application/json', 'X-Auth-Token': '&lt;omitted&gt;'}
        Body: None
    Response - Headers: {'status': '200', 'content-length': '1652', 'content-location': 'http://10.0.2.15:8774/v2.1/686f48b58be748efb6ee3177717aec99/servers/6899ddc9-5f8a-4f34-b619-c32c545d18db', 'x-compute-request-id': 'req-386e2972-aba4-4035-8e6b-bf3997959970', 'vary': 'X-OpenStack-Nova-API-Version', 'connection': 'close', 'x-openstack-nova-api-version': '2.1', 'date': 'Sat, 19 Dec 2015 07:40:45 GMT', 'content-type': 'application/json'}
        Body: {"server": {"status": "ACTIVE", "updated": "2015-12-19T07:40:45Z", "hostId": "e919f042d63373cef6e957df333c4bf3ba7183d6d104d7716f11d7bd", "addresses": {"tempest-network-smoke--1575173038": [{"OS-EXT-IPS-MAC:mac_addr": "fa:16:3e:9f:53:5a", "version": 4, "addr": "10.100.0.3", "OS-EXT-IPS:type": "fixed"}]}, "links": [{"href": "http://10.0.2.15:8774/v2.1/686f48b58be748efb6ee3177717aec99/servers/6899ddc9-5f8a-4f34-b619-c32c545d18db", "rel": "self"}, {"href": "http://10.0.2.15:8774/686f48b58be748efb6ee3177717aec99/servers/6899ddc9-5f8a-4f34-b619-c32c545d18db", "rel": "bookmark"}], "key_name": "tempest-TestNetworkBasicOps-1521682112", "image": {"id": "72eb4ba1-d80e-4516-9e50-ee5093b8aca2", "links": [{"href": "http://10.0.2.15:8774/686f48b58be748efb6ee3177717aec99/images/72eb4ba1-d80e-4516-9e50-ee5093b8aca2", "rel": "bookmark"}]}, "OS-EXT-STS:task_state": null, "OS-EXT-STS:vm_state": "active", "OS-SRV-USG:launched_at": "2015-12-19T07:40:45.000000", "flavor": {"id": "42", "links": [{"href": "http://10.0.2.15:8774/686f48b58be748efb6ee3177717aec99/flavors/42", "rel": "bookmark"}]}, "id": "6899ddc9-5f8a-4f34-b619-c32c545d18db", "security_groups": [{"name": "tempest-secgroup-smoke-104899788"}], "OS-SRV-USG:terminated_at": null, "OS-EXT-AZ:availability_zone": "nova", "user_id": "dc914d0855ac4eacab83d5585227094e", "name": "tempest.common.compute-instance-391686724", "created": "2015-12-19T07:40:41Z", "tenant_id": "686f48b58be748efb6ee3177717aec99", "OS-DCF:diskConfig": "MANUAL", "os-extended-volumes:volumes_attached": [], "accessIPv4": "", "accessIPv6": "", "progress": 0, "OS-EXT-STS:power_state": 1, "config_drive": "True", "metadata": {}}}
2015-12-19 07:40:45,925 21195 INFO     [tempest.common.waiters] State transition "BUILD/spawning" ==&gt; "ACTIVE/None" after 3 second wait
2015-12-19 07:40:46,121 21195 INFO     [tempest_lib.common.rest_client] Request (TestNetworkBasicOps:test_connectivity_between_vms_on_different_networks): 200 GET http://10.0.2.15:8774/v2.1/686f48b58be748efb6ee3177717aec99/servers/6899ddc9-5f8a-4f34-b619-c32c545d18db 0.195s
2015-12-19 07:40:46,122 21195 DEBUG    [tempest_lib.common.rest_client] Request - Headers: {'Content-Type': 'application/json', 'Accept': 'application/json', 'X-Auth-Token': '&lt;omitted&gt;'}
        Body: None
    Response - Headers: {'status': '200', 'content-length': '1652', 'content-location': 'http://10.0.2.15:8774/v2.1/686f48b58be748efb6ee3177717aec99/servers/6899ddc9-5f8a-4f34-b619-c32c545d18db', 'x-compute-request-id': 'req-b1b65890-ec55-4b52-bfd4-8d8746aa5bbe', 'vary': 'X-OpenStack-Nova-API-Version', 'connection': 'close', 'x-openstack-nova-api-version': '2.1', 'date': 'Sat, 19 Dec 2015 07:40:46 GMT', 'content-type': 'application/json'}
        Body: {"server": {"status": "ACTIVE", "updated": "2015-12-19T07:40:45Z", "hostId": "e919f042d63373cef6e957df333c4bf3ba7183d6d104d7716f11d7bd", "addresses": {"tempest-network-smoke--1575173038": [{"OS-EXT-IPS-MAC:mac_addr": "fa:16:3e:9f:53:5a", "version": 4, "addr": "10.100.0.3", "OS-EXT-IPS:type": "fixed"}]}, "links": [{"href": "http://10.0.2.15:8774/v2.1/686f48b58be748efb6ee3177717aec99/servers/6899ddc9-5f8a-4f34-b619-c32c545d18db", "rel": "self"}, {"href": "http://10.0.2.15:8774/686f48b58be748efb6ee3177717aec99/servers/6899ddc9-5f8a-4f34-b619-c32c545d18db", "rel": "bookmark"}], "key_name": "tempest-TestNetworkBasicOps-1521682112", "image": {"id": "72eb4ba1-d80e-4516-9e50-ee5093b8aca2", "links": [{"href": "http://10.0.2.15:8774/686f48b58be748efb6ee3177717aec99/images/72eb4ba1-d80e-4516-9e50-ee5093b8aca2", "rel": "bookmark"}]}, "OS-EXT-STS:task_state": null, "OS-EXT-STS:vm_state": "active", "OS-SRV-USG:launched_at": "2015-12-19T07:40:45.000000", "flavor": {"id": "42", "links": [{"href": "http://10.0.2.15:8774/686f48b58be748efb6ee3177717aec99/flavors/42", "rel": "bookmark"}]}, "id": "6899ddc9-5f8a-4f34-b619-c32c545d18db", "security_groups": [{"name": "tempest-secgroup-smoke-104899788"}], "OS-SRV-USG:terminated_at": null, "OS-EXT-AZ:availability_zone": "nova", "user_id": "dc914d0855ac4eacab83d5585227094e", "name": "tempest.common.compute-instance-391686724", "created": "2015-12-19T07:40:41Z", "tenant_id": "686f48b58be748efb6ee3177717aec99", "OS-DCF:diskConfig": "MANUAL", "os-extended-volumes:volumes_attached": [], "accessIPv4": "", "accessIPv6": "", "progress": 0, "OS-EXT-STS:power_state": 1, "config_drive": "True", "metadata": {}}}
2015-12-19 07:40:46,131 21195 INFO     [tempest.scenario.manager] Tenant networks not configured to be reachable.
2015-12-19 07:40:46,165 21195 INFO     [tempest_lib.common.rest_client] Request (TestNetworkBasicOps:test_connectivity_between_vms_on_different_networks): 200 GET http://10.0.2.15:9696/v2.0/ports?status=ACTIVE&amp;fixed_ip=None&amp;device_id=6899ddc9-5f8a-4f34-b619-c32c545d18db 0.033s
2015-12-19 07:40:46,165 21195 DEBUG    [tempest_lib.common.rest_client] Request - Headers: {'Content-Type': 'application/json', 'Accept': 'application/json', 'X-Auth-Token': '&lt;omitted&gt;'}
        Body: None
    Response - Headers: {'status': '200', 'content-length': '895', 'content-location': 'http://10.0.2.15:9696/v2.0/ports?status=ACTIVE&amp;fixed_ip=None&amp;device_id=6899ddc9-5f8a-4f34-b619-c32c545d18db', 'connection': 'close', 'date': 'Sat, 19 Dec 2015 07:40:46 GMT', 'content-type': 'application/json; charset=UTF-8', 'x-openstack-request-id': 'req-a4dbbacf-f2b3-4bef-b888-a639d802f0bb'}
        Body: {"ports": [{"status": "ACTIVE", "binding:host_id": "vagrant-ubuntu-trusty-64", "allowed_address_pairs": [], "extra_dhcp_opts": [], "dns_assignment": [{"hostname": "host-10-100-0-3", "ip_address": "10.100.0.3", "fqdn": "host-10-100-0-3.openstacklocal."}], "device_owner": "compute:None", "port_security_enabled": true, "binding:profile": {}, "fixed_ips": [{"subnet_id": "faa6a111-8dc9-4223-92fb-df1d00a6f267", "ip_address": "10.100.0.3"}], "id": "9f518bf9-99f5-48a0-9c3b-188cd70571b5", "security_groups": ["0da6a40c-f112-407b-b530-961a306fc086"], "device_id": "6899ddc9-5f8a-4f34-b619-c32c545d18db", "name": "", "admin_state_up": true, "network_id": "522e4400-0f30-4210-9537-5de268e65b1e", "dns_name": "", "binding:vif_details": {"port_filter": true}, "binding:vnic_type": "normal", "binding:vif_type": "ovs", "tenant_id": "686f48b58be748efb6ee3177717aec99", "mac_address": "fa:16:3e:9f:53:5a"}]}
2015-12-19 07:40:46,686 21195 INFO     [tempest_lib.common.rest_client] Request (TestNetworkBasicOps:test_connectivity_between_vms_on_different_networks): 201 POST http://10.0.2.15:9696/v2.0/floatingips 0.519s
2015-12-19 07:40:46,687 21195 DEBUG    [tempest_lib.common.rest_client] Request - Headers: {'Content-Type': 'application/json', 'Accept': 'application/json', 'X-Auth-Token': '&lt;omitted&gt;'}
        Body: {"floatingip": {"floating_network_id": "4fa49978-3797-4273-816e-c534d04b8418", "tenant_id": "686f48b58be748efb6ee3177717aec99", "fixed_ip_address": "10.100.0.3", "port_id": "9f518bf9-99f5-48a0-9c3b-188cd70571b5"}}
    Response - Headers: {'status': '201', 'content-length': '367', 'connection': 'close', 'date': 'Sat, 19 Dec 2015 07:40:46 GMT', 'content-type': 'application/json; charset=UTF-8', 'x-openstack-request-id': 'req-e2ee8d26-b85b-4b20-8e56-404c98b146f2'}
        Body: {"floatingip": {"floating_network_id": "4fa49978-3797-4273-816e-c534d04b8418", "router_id": "300caa97-d451-4e84-9518-26ecdc532df1", "fixed_ip_address": "10.100.0.3", "floating_ip_address": "172.24.4.4", "tenant_id": "686f48b58be748efb6ee3177717aec99", "status": "DOWN", "port_id": "9f518bf9-99f5-48a0-9c3b-188cd70571b5", "id": "07b73764-367e-4788-9a95-bc282e7b6ef9"}}
2015-12-19 07:40:46,700 21195 INFO     [tempest_lib.common.rest_client] Request (TestNetworkBasicOps:test_connectivity_between_vms_on_different_networks): 200 GET http://10.0.2.15:9696/v2.0/floatingips/07b73764-367e-4788-9a95-bc282e7b6ef9 0.011s
2015-12-19 07:40:46,700 21195 DEBUG    [tempest_lib.common.rest_client] Request - Headers: {'Content-Type': 'application/json', 'Accept': 'application/json', 'X-Auth-Token': '&lt;omitted&gt;'}
        Body: None
    Response - Headers: {'status': '200', 'content-length': '367', 'content-location': 'http://10.0.2.15:9696/v2.0/floatingips/07b73764-367e-4788-9a95-bc282e7b6ef9', 'connection': 'close', 'date': 'Sat, 19 Dec 2015 07:40:46 GMT', 'content-type': 'application/json; charset=UTF-8', 'x-openstack-request-id': 'req-e7228be3-b981-4d17-8aaf-8f301bd453a1'}
        Body: {"floatingip": {"floating_network_id": "4fa49978-3797-4273-816e-c534d04b8418", "router_id": "300caa97-d451-4e84-9518-26ecdc532df1", "fixed_ip_address": "10.100.0.3", "floating_ip_address": "172.24.4.4", "tenant_id": "686f48b58be748efb6ee3177717aec99", "status": "DOWN", "port_id": "9f518bf9-99f5-48a0-9c3b-188cd70571b5", "id": "07b73764-367e-4788-9a95-bc282e7b6ef9"}}
2015-12-19 07:40:47,722 21195 INFO     [tempest_lib.common.rest_client] Request (TestNetworkBasicOps:test_connectivity_between_vms_on_different_networks): 200 GET http://10.0.2.15:9696/v2.0/floatingips/07b73764-367e-4788-9a95-bc282e7b6ef9 0.020s
2015-12-19 07:40:47,723 21195 DEBUG    [tempest_lib.common.rest_client] Request - Headers: {'Content-Type': 'application/json', 'Accept': 'application/json', 'X-Auth-Token': '&lt;omitted&gt;'}
        Body: None
    Response - Headers: {'status': '200', 'content-length': '369', 'content-location': 'http://10.0.2.15:9696/v2.0/floatingips/07b73764-367e-4788-9a95-bc282e7b6ef9', 'connection': 'close', 'date': 'Sat, 19 Dec 2015 07:40:47 GMT', 'content-type': 'application/json; charset=UTF-8', 'x-openstack-request-id': 'req-8f43e5c3-57e0-44e3-8ef5-a64cd10747e6'}
        Body: {"floatingip": {"floating_network_id": "4fa49978-3797-4273-816e-c534d04b8418", "router_id": "300caa97-d451-4e84-9518-26ecdc532df1", "fixed_ip_address": "10.100.0.3", "floating_ip_address": "172.24.4.4", "tenant_id": "686f48b58be748efb6ee3177717aec99", "status": "ACTIVE", "port_id": "9f518bf9-99f5-48a0-9c3b-188cd70571b5", "id": "07b73764-367e-4788-9a95-bc282e7b6ef9"}}
2015-12-19 07:40:47,723 21195 INFO     [tempest.scenario.manager] FloatingIP: &lt;"FloatingIP" addr="172.24.4.4" id="07b73764-367e-4788-9a95-bc282e7b6ef9"&gt; is at status: ACTIVE
2015-12-19 07:40:47,723 21195 DEBUG    [tempest.scenario.manager] checking network connections to IP 172.24.4.4 with user: cirros
2015-12-19 07:40:47,724 21195 DEBUG    [tempest.scenario.manager] TestNetworkBasicOps:test_connectivity_between_vms_on_different_networks begins to ping 172.24.4.4 in 120 sec and the expected result is reachable
2015-12-19 07:42:48,019 21195 DEBUG    [tempest.scenario.manager] TestNetworkBasicOps:test_connectivity_between_vms_on_different_networks finishes ping 172.24.4.4 in 120 sec and the ping result is unexpected
2015-12-19 07:42:48,020 21195 ERROR    [tempest.scenario.manager] Public network connectivity check failed
2015-12-19 07:42:48.020 21195 ERROR tempest.scenario.manager Traceback (most recent call last):
2015-12-19 07:42:48.020 21195 ERROR tempest.scenario.manager   File "tempest/scenario/manager.py", line 608, in check_public_network_connectivity
2015-12-19 07:42:48.020 21195 ERROR tempest.scenario.manager     should_connect=should_connect)
2015-12-19 07:42:48.020 21195 ERROR tempest.scenario.manager   File "tempest/scenario/manager.py", line 592, in check_vm_connectivity
2015-12-19 07:42:48.020 21195 ERROR tempest.scenario.manager     msg=msg)
2015-12-19 07:42:48.020 21195 ERROR tempest.scenario.manager   File "/usr/local/lib/python2.7/dist-packages/unittest2/case.py", line 702, in assertTrue
2015-12-19 07:42:48.020 21195 ERROR tempest.scenario.manager     raise self.failureException(msg)
2015-12-19 07:42:48.020 21195 ERROR tempest.scenario.manager AssertionError: False is not true : Timed out waiting for 172.24.4.4 to become reachable
2015-12-19 07:42:48.020 21195 ERROR tempest.scenario.manager 
2015-12-19 07:42:48,235 21195 INFO     [tempest_lib.common.rest_client] Request (TestNetworkBasicOps:test_connectivity_between_vms_on_different_networks): 200 POST http://10.0.2.15:8774/v2.1/686f48b58be748efb6ee3177717aec99/servers/6899ddc9-5f8a-4f34-b619-c32c545d18db/action 0.211s
2015-12-19 07:42:48,236 21195 DEBUG    [tempest_lib.common.rest_client] Request - Headers: {'Content-Type': 'application/json', 'Accept': 'application/json', 'X-Auth-Token': '&lt;omitted&gt;'}
        Body: {"os-getConsoleOutput": {}}
    Response - Headers: {'status': '200', 'content-length': '17429', 'x-compute-request-id': 'req-dbd27ac6-364f-4d67-9b69-dc4c910a58cc', 'vary': 'X-OpenStack-Nova-API-Version', 'connection': 'close', 'x-openstack-nova-api-version': '2.1', 'date': 'Sat, 19 Dec 2015 07:42:48 GMT', 'content-type': 'application/json'}
        Body: {"output": "[    0.000000] Initializing cgroup subsys cpuset\n[    0.000000] Initializing cgroup subsys cpu\n[    0.000000] Linux version 3.2.0-80-virtual (buildd@batsu) (gcc version 4.6.3 (Ubuntu/Linaro 4.6.3-1ubuntu5) ) #116-Ubuntu SMP Mon Mar 23 17:28:52 UTC 2015 (Ubuntu 3.2.0-80.116-virtual 3.2.68)\n[    0.000000] Command line: root=/dev/vda console=tty0 console=ttyS0 no_timer_check\n[    0.000000] KERNEL supported cpus:\n[    0.000000]   Intel GenuineIntel\n[    0.000000]   AMD AuthenticAMD\n[    0.000000]   Centaur CentaurHauls\n[    0.000000] BIOS-provided physical RAM map:\n[    0.000000]  BIOS-e820: 0000000000000000 - 000000000009fc00 (usable)\n[    0.000000]  BIOS-e820: 000000000009fc00 - 00000000000a0000 (reserved)\n[    0.000000]  BIOS-e820: 00000000000f0000 - 0000000000100000 (reserved)\n[    0.000000]  BIOS-e820: 0000000000100000 - 0000000003ffe000 (usable)\n[    0.000000]  BIOS-e820: 0000000003ffe000 - 0000000004000000 (reserved)\n[    0.000000]  BIOS-e820: 00000000fffc0000 - 0000000100000000 (reserved)\n[    0.000000] NX (Execute Disable) protection: active\n[    0.000000] SMBIOS 2.4 present.\n[    0.000000] No AGP bridge found\n[    0.000000] last_pfn = 0x3ffe max_arch_pfn = 0x400000000\n[    0.000000] x86 PAT enabled: cpu 0, old 0x7040600070406, new 0x7010600070106\n[    0.000000] found SMP MP-table at [ffff8800000f0b00] f0b00\n[    0.000000] init_memory_mapping: 0000000000000000-0000000003ffe000\n[    0.000000] RAMDISK: 03c5e000 - 03ff0000\n[    0.000000] ACPI: RSDP 00000000000f0950 00014 (v00 BOCHS )\n[    0.000000] ACPI: RSDT 0000000003fffbc1 00034 (v01 BOCHS  BXPCRSDT 00000001 BXPC 00000001)\n[    0.000000] ACPI: FACP 0000000003fff1c0 00074 (v01 BOCHS  BXPCFACP 00000001 BXPC 00000001)\n[    0.000000] ACPI: DSDT 0000000003ffe040 01180 (v01 BOCHS  BXPCDSDT 00000001 BXPC 00000001)\n[    0.000000] ACPI: FACS 0000000003ffe000 00040\n[    0.000000] ACPI: SSDT 0000000003fff234 008DD (v01 BOCHS  BXPCSSDT 00000001 BXPC 00000001)\n[    0.000000] ACPI: APIC 0000000003fffb11 00078 (v01 BOCHS  BXPCAPIC 00000001 BXPC 00000001)\n[    0.000000] ACPI: HPET 0000000003fffb89 00038 (v01 BOCHS  BXPCHPET 00000001 BXPC 00000001)\n[    0.000000] No NUMA configuration found\n[    0.000000] Faking a node at 0000000000000000-0000000003ffe000\n[    0.000000] Initmem setup node 0 0000000000000000-0000000003ffe000\n[    0.000000]   NODE_DATA [0000000003ff6000 - 0000000003ffafff]\n[    0.000000] Zone PFN ranges:\n[    0.000000]   DMA      0x00000010 -&gt; 0x00001000\n[    0.000000]   DMA32    0x00001000 -&gt; 0x00100000\n[    0.000000]   Normal   empty\n[    0.000000] Movable zone start PFN for each node\n[    0.000000] early_node_map[2] active PFN ranges\n[    0.000000]     0: 0x00000010 -&gt; 0x0000009f\n[    0.000000]     0: 0x00000100 -&gt; 0x00003ffe\n[    0.000000] ACPI: PM-Timer IO Port: 0xb008\n[    0.000000] ACPI: LAPIC (acpi_id[0x00] lapic_id[0x00] enabled)\n[    0.000000] ACPI: LAPIC_NMI (acpi_id[0xff] dfl dfl lint[0x1])\n[    0.000000] ACPI: IOAPIC (id[0x00] address[0xfec00000] gsi_base[0])\n[    0.000000] IOAPIC[0]: apic_id 0, version 17, address 0xfec00000, GSI 0-23\n[    0.000000] ACPI: INT_SRC_OVR (bus 0 bus_irq 0 global_irq 2 dfl dfl)\n[    0.000000] ACPI: INT_SRC_OVR (bus 0 bus_irq 5 global_irq 5 high level)\n[    0.000000] ACPI: INT_SRC_OVR (bus 0 bus_irq 9 global_irq 9 high level)\n[    0.000000] ACPI: INT_SRC_OVR (bus 0 bus_irq 10 global_irq 10 high level)\n[    0.000000] ACPI: INT_SRC_OVR (bus 0 bus_irq 11 global_irq 11 high level)\n[    0.000000] Using ACPI (MADT) for SMP configuration information\n[    0.000000] ACPI: HPET id: 0x8086a201 base: 0xfed00000\n[    0.000000] SMP: Allowing 1 CPUs, 0 hotplug CPUs\n[    0.000000] PM: Registered nosave memory: 000000000009f000 - 00000000000a0000\n[    0.000000] PM: Registered nosave memory: 00000000000a0000 - 00000000000f0000\n[    0.000000] PM: Registered nosave memory: 00000000000f0000 - 0000000000100000\n[    0.000000] Allocating PCI resources starting at 4000000 (gap: 4000000:fbfc0000)\n[    0.000000] Booting paravirtualized kernel on bare hardware\n[    0.000000] setup_pe
2015-12-19 07:42:48,239 21195 DEBUG    [tempest.scenario.manager] Console output for 6899ddc9-5f8a-4f34-b619-c32c545d18db
body=
[    0.000000] Initializing cgroup subsys cpuset
[    0.000000] Initializing cgroup subsys cpu
[    0.000000] Linux version 3.2.0-80-virtual (buildd@batsu) (gcc version 4.6.3 (Ubuntu/Linaro 4.6.3-1ubuntu5) ) #116-Ubuntu SMP Mon Mar 23 17:28:52 UTC 2015 (Ubuntu 3.2.0-80.116-virtual 3.2.68)
[    0.000000] Command line: root=/dev/vda console=tty0 console=ttyS0 no_timer_check
[    0.000000] KERNEL supported cpus:
[    0.000000]   Intel GenuineIntel
[    0.000000]   AMD AuthenticAMD
[    0.000000]   Centaur CentaurHauls
[    0.000000] BIOS-provided physical RAM map:
[    0.000000]  BIOS-e820: 0000000000000000 - 000000000009fc00 (usable)
[    0.000000]  BIOS-e820: 000000000009fc00 - 00000000000a0000 (reserved)
[    0.000000]  BIOS-e820: 00000000000f0000 - 0000000000100000 (reserved)
[    0.000000]  BIOS-e820: 0000000000100000 - 0000000003ffe000 (usable)
[    0.000000]  BIOS-e820: 0000000003ffe000 - 0000000004000000 (reserved)
[    0.000000]  BIOS-e820: 00000000fffc0000 - 0000000100000000 (reserved)
[    0.000000] NX (Execute Disable) protection: active
[    0.000000] SMBIOS 2.4 present.
[    0.000000] No AGP bridge found
[    0.000000] last_pfn = 0x3ffe max_arch_pfn = 0x400000000
[    0.000000] x86 PAT enabled: cpu 0, old 0x7040600070406, new 0x7010600070106
[    0.000000] found SMP MP-table at [ffff8800000f0b00] f0b00
[    0.000000] init_memory_mapping: 0000000000000000-0000000003ffe000
[    0.000000] RAMDISK: 03c5e000 - 03ff0000
[    0.000000] ACPI: RSDP 00000000000f0950 00014 (v00 BOCHS )
[    0.000000] ACPI: RSDT 0000000003fffbc1 00034 (v01 BOCHS  BXPCRSDT 00000001 BXPC 00000001)
[    0.000000] ACPI: FACP 0000000003fff1c0 00074 (v01 BOCHS  BXPCFACP 00000001 BXPC 00000001)
[    0.000000] ACPI: DSDT 0000000003ffe040 01180 (v01 BOCHS  BXPCDSDT 00000001 BXPC 00000001)
[    0.000000] ACPI: FACS 0000000003ffe000 00040
[    0.000000] ACPI: SSDT 0000000003fff234 008DD (v01 BOCHS  BXPCSSDT 00000001 BXPC 00000001)
[    0.000000] ACPI: APIC 0000000003fffb11 00078 (v01 BOCHS  BXPCAPIC 00000001 BXPC 00000001)
[    0.000000] ACPI: HPET 0000000003fffb89 00038 (v01 BOCHS  BXPCHPET 00000001 BXPC 00000001)
[    0.000000] No NUMA configuration found
[    0.000000] Faking a node at 0000000000000000-0000000003ffe000
[    0.000000] Initmem setup node 0 0000000000000000-0000000003ffe000
[    0.000000]   NODE_DATA [0000000003ff6000 - 0000000003ffafff]
[    0.000000] Zone PFN ranges:
[    0.000000]   DMA      0x00000010 -&gt; 0x00001000
[    0.000000]   DMA32    0x00001000 -&gt; 0x00100000
[    0.000000]   Normal   empty
[    0.000000] Movable zone start PFN for each node
[    0.000000] early_node_map[2] active PFN ranges
[    0.000000]     0: 0x00000010 -&gt; 0x0000009f
[    0.000000]     0: 0x00000100 -&gt; 0x00003ffe
[    0.000000] ACPI: PM-Timer IO Port: 0xb008
[    0.000000] ACPI: LAPIC (acpi_id[0x00] lapic_id[0x00] enabled)
[    0.000000] ACPI: LAPIC_NMI (acpi_id[0xff] dfl dfl lint[0x1])
[    0.000000] ACPI: IOAPIC (id[0x00] address[0xfec00000] gsi_base[0])
[    0.000000] IOAPIC[0]: apic_id 0, version 17, address 0xfec00000, GSI 0-23
[    0.000000] ACPI: INT_SRC_OVR (bus 0 bus_irq 0 global_irq 2 dfl dfl)
[    0.000000] ACPI: INT_SRC_OVR (bus 0 bus_irq 5 global_irq 5 high level)
[    0.000000] ACPI: INT_SRC_OVR (bus 0 bus_irq 9 global_irq 9 high level)
[    0.000000] ACPI: INT_SRC_OVR (bus 0 bus_irq 10 global_irq 10 high level)
[    0.000000] ACPI: INT_SRC_OVR (bus 0 bus_irq 11 global_irq 11 high level)
[    0.000000] Using ACPI (MADT) for SMP configuration information
[    0.000000] ACPI: HPET id: 0x8086a201 base: 0xfed00000
[    0.000000] SMP: Allowing 1 CPUs, 0 hotplug CPUs
[    0.000000] PM: Registered nosave memory: 000000000009f000 - 00000000000a0000
[    0.000000] PM: Registered nosave memory: 00000000000a0000 - 00000000000f0000
[    0.000000] PM: Registered nosave memory: 00000000000f0000 - 0000000000100000
[    0.000000] Allocating PCI resources starting at 4000000 (gap: 4000000:fbfc0000)
[    0.000000] Booting paravirtualized kernel on bare hardware
[    0.000000] setup_percpu: NR_CPUS:64 nr_cpumask_bits:64 nr_cpu_ids:1 nr_node_ids:1
[    0.000000] PERCPU: Embedded 27 pages/cpu @ffff880003a00000 s78848 r8192 d23552 u2097152
[    0.000000] Built 1 zonelists in Node order, mobility grouping on.  Total pages: 16008
[    0.000000] Policy zone: DMA32
[    0.000000] Kernel command line: root=/dev/vda console=tty0 console=ttyS0 no_timer_check
[    0.000000] PID hash table entries: 256 (order: -1, 2048 bytes)
[    0.000000] Checking aperture...
[    0.000000] No AGP bridge found
[    0.000000] Memory: 43492k/65528k available (6576k kernel code, 452k absent, 21584k reserved, 6620k data, 928k init)
[    0.000000] SLUB: Genslabs=15, HWalign=64, Order=0-3, MinObjects=0, CPUs=1, Nodes=1
[    0.000000] Hierarchical RCU implementation.
[    0.000000] 	RCU dyntick-idle grace-period acceleration is enabled.
[    0.000000] NR_IRQS:4352 nr_irqs:256 16
[    0.000000] Console: colour VGA+ 80x25
[    0.000000] console [tty0] enabled
[    0.000000] console [ttyS0] enabled
[    0.000000] allocated 1048576 bytes of page_cgroup
[    0.000000] please try 'cgroup_disable=memory' option if you don't want memory cgroups
[    0.000000] Fast TSC calibration failed
[    0.000000] TSC: Unable to calibrate against PIT
[    0.000000] TSC: using HPET reference calibration
[    0.000000] Detected 2294.722 MHz processor.
[    0.028785] Calibrating delay loop (skipped), value calculated using timer frequency.. 4589.44 BogoMIPS (lpj=9178888)
[    0.032692] pid_max: default: 32768 minimum: 301
[    0.041336] Security Framework initialized
[    0.045648] AppArmor: AppArmor initialized
[    0.046186] Yama: becoming mindful.
[    0.053373] Dentry cache hash table entries: 8192 (order: 4, 65536 bytes)
[    0.056414] Inode-cache hash table entries: 4096 (order: 3, 32768 bytes)
[    0.057928] Mount-cache hash table entries: 256
[    0.075185] Initializing cgroup subsys cpuacct
[    0.076320] Initializing cgroup subsys memory
[    0.078374] Initializing cgroup subsys devices
[    0.080189] Initializing cgroup subsys freezer
[    0.080863] Initializing cgroup subsys blkio
[    0.081519] Initializing cgroup subsys perf_event
[    0.085088] mce: CPU supports 10 MCE banks
[    0.089058] SMP alternatives: switching to UP code
[    0.487137] Freeing SMP alternatives: 24k freed
[    0.489003] ACPI: Core revision 20110623
[    0.539298] ftrace: allocating 26610 entries in 105 pages
[    0.569612] ..TIMER: vector=0x30 apic1=0 pin1=2 apic2=-1 pin2=-1
[    0.571117] CPU0: AMD QEMU Virtual CPU version 2.0.0 stepping 03
[    0.576035] Performance Events: Broken PMU hardware detected, using software events only.
[    0.584608] NMI watchdog disabled (cpu0): hardware events not enabled
[    0.586226] Brought up 1 CPUs
[    0.586813] Total of 1 processors activated (4589.44 BogoMIPS).
[    0.612037] devtmpfs: initialized
[    0.651096] EVM: security.selinux
[    0.652102] EVM: security.SMACK64
[    0.653256] EVM: security.capability
[    0.675045] print_constraints: dummy: 
[    0.677402] RTC time:  7:40:49, date: 12/19/15
[    0.680414] NET: Registered protocol family 16
[    0.688681] ACPI: bus type pci registered
[    0.692333] PCI: Using configuration type 1 for base access
[    0.722878] bio: create slab &lt;bio-0&gt; at 0
[    0.729160] ACPI: Added _OSI(Module Device)
[    0.729745] ACPI: Added _OSI(Processor Device)
[    0.730527] ACPI: Added _OSI(3.0 _SCP Extensions)
[    0.731110] ACPI: Added _OSI(Processor Aggregator Device)
[    0.804450] ACPI: Interpreter enabled
[    0.805083] ACPI: (supports S0 S3 S4 S5)
[    0.808247] ACPI: Using IOAPIC for interrupt routing
[    0.880901] ACPI: No dock devices found.
[    0.881670] HEST: Table not found.
[    0.882226] PCI: Using host bridge windows from ACPI; if necessary, use "pci=nocrs" and report a bug
[    0.888054] ACPI: PCI Root Bridge [PCI0] (domain 0000 [bus 00-ff])
[    0.893678] pci_root PNP0A03:00: host bridge window [io  0x0000-0x0cf7]
[    0.894511] pci_root PNP0A03:00: host bridge window [io  0x0d00-0xadff]
[    0.896107] pci_root PNP0A03:00: host bridge window [io  0xae0f-0xaeff]
[    0.896896] pci_root PNP0A03:00: host bridge window [io  0xaf20-0xafdf]
[    0.897895] pci_root PNP0A03:00: host bridge window [io  0xafe4-0xffff]
[    0.899150] pci_root PNP0A03:00: host bridge window [mem 0x000a0000-0x000bffff]
[    0.900107] pci_root PNP0A03:00: host bridge window [mem 0x04000000-0xfebfffff]
[    0.928680] pci 0000:00:01.3: quirk: [io  0xb000-0xb03f] claimed by PIIX4 ACPI
[    0.929881] pci 0000:00:01.3: quirk: [io  0xb100-0xb10f] claimed by PIIX4 SMB
[    1.011374]  pci0000:00: Unable to request _OSC control (_OSC support mask: 0x1e)
[    1.071176] ACPI: PCI Interrupt Link [LNKA] (IRQs 5 *10 11)
[    1.074229] ACPI: PCI Interrupt Link [LNKB] (IRQs 5 *10 11)
[    1.077959] ACPI: PCI Interrupt Link [LNKC] (IRQs 5 10 *11)
[    1.080887] ACPI: PCI Interrupt Link [LNKD] (IRQs 5 10 *11)
[    1.082258] ACPI: PCI Interrupt Link [LNKS] (IRQs *9)
[    1.089225] vgaarb: device added: PCI:0000:00:02.0,decodes=io+mem,owns=io+mem,locks=none
[    1.090038] vgaarb: loaded
[    1.091236] vgaarb: bridge control possible 0000:00:02.0
[    1.094682] i2c-core: driver [aat2870] using legacy suspend method
[    1.096140] i2c-core: driver [aat2870] using legacy resume method
[    1.100358] SCSI subsystem initialized
[    1.105807] usbcore: registered new interface driver usbfs
[    1.107095] usbcore: registered new interface driver hub
[    1.108748] usbcore: registered new device driver usb
[    1.113150] PCI: Using ACPI for IRQ routing
[    1.124761] NetLabel: Initializing
[    1.125239] NetLabel:  domain hash size = 128
[    1.126056] NetLabel:  protocols = UNLABELED CIPSOv4
[    1.128852] NetLabel:  unlabeled traffic allowed by default
[    1.130636] HPET: 3 timers in total, 0 timers will be used for per-cpu timer
[    1.132432] hpet0: at MMIO 0xfed00000, IRQs 2, 8, 0
[    1.134092] hpet0: 3 comparators, 64-bit 100.000000 MHz counter
[    1.148395] Switching to clocksource hpet
[    1.407888] AppArmor: AppArmor Filesystem Enabled
[    1.410746] pnp: PnP ACPI init
[    1.411790] ACPI: bus type pnp registered
[    1.441603] pnp: PnP ACPI: found 9 devices
[    1.442630] ACPI: ACPI bus type pnp unregistered
[    1.525646] NET: Registered protocol family 2
[    1.564400] IP route cache hash table entries: 512 (order: 0, 4096 bytes)
[    1.581309] TCP established hash table entries: 2048 (order: 3, 32768 bytes)
[    1.583462] TCP bind hash table entries: 2048 (order: 3, 32768 bytes)
[    1.585452] TCP: Hash tables configured (established 2048 bind 2048)
[    1.586368] TCP reno registered
[    1.586939] UDP hash table entries: 128 (order: 0, 4096 bytes)
[    1.588112] UDP-Lite hash table entries: 128 (order: 0, 4096 bytes)
[    1.591832] NET: Registered protocol family 1
[    1.593660] pci 0000:00:00.0: Limiting direct PCI/PCI transfers
[    1.594648] pci 0000:00:01.0: PIIX3: Enabling Passive Release
[    1.595630] pci 0000:00:01.0: Activating ISA DMA hang workarounds
[    1.602683] ACPI: PCI Interrupt Link [LNKD] enabled at IRQ 11
[    1.603768] pci 0000:00:01.2: PCI INT D -&gt; Link[LNKD] -&gt; GSI 11 (level, high) -&gt; IRQ 11
[    1.606709] pci 0000:00:01.2: PCI INT D disabled
[    1.629198] Trying to unpack rootfs image as initramfs...
[    1.647887] audit: initializing netlink socket (disabled)
[    1.650982] type=2000 audit(1450510849.648:1): initialized
[    1.958100] HugeTLB registered 2 MB page size, pre-allocated 0 pages
[    2.036039] VFS: Disk quotas dquot_6.5.2
[    2.038161] Dquot-cache hash table entries: 512 (order 0, 4096 bytes)
[    2.053175] fuse init (API version 7.17)
[    2.055804] msgmni has been set to 84
[    2.094307] Block layer SCSI generic (bsg) driver version 0.4 loaded (major 253)
[    2.095737] io scheduler noop registered
[    2.097290] io scheduler deadline registered (default)
[    2.098430] io scheduler cfq registered
[    2.101938] pci_hotplug: PCI Hot Plug PCI Core version: 0.5
[    2.103627] pciehp: PCI Express Hot Plug Controller Driver version: 0.4
[    2.109667] input: Power Button as /devices/LNXSYSTM:00/LNXPWRBN:00/input/input0
[    2.110973] ACPI: Power Button [PWRF]
[    2.157634] ERST: Table is not found!
[    2.158325] GHES: HEST is not enabled!
[    2.166070] ACPI: PCI Interrupt Link [LNKC] enabled at IRQ 10
[    2.166758] virtio-pci 0000:00:03.0: PCI INT A -&gt; Link[LNKC] -&gt; GSI 10 (level, high) -&gt; IRQ 10
[    2.171527] virtio-pci 0000:00:04.0: PCI INT A -&gt; Link[LNKD] -&gt; GSI 11 (level, high) -&gt; IRQ 11
[    2.194443] ACPI: PCI Interrupt Link [LNKA] enabled at IRQ 10
[    2.195113] virtio-pci 0000:00:05.0: PCI INT A -&gt; Link[LNKA] -&gt; GSI 10 (level, high) -&gt; IRQ 10
[    2.206941] Serial: 8250/16550 driver, 32 ports, IRQ sharing enabled
[    2.246457] serial8250: ttyS0 at I/O 0x3f8 (irq = 4) is a 16550A
[    2.334901] serial8250: ttyS1 at I/O 0x2f8 (irq = 3) is a 16550A
[    2.454450] 00:05: ttyS0 at I/O 0x3f8 (irq = 4) is a 16550A
[    2.532666] 00:06: ttyS1 at I/O 0x2f8 (irq = 3) is a 16550A
[    2.586139] Linux agpgart interface v0.103
[    2.614567] Refined TSC clocksource calibration: 2294.778 MHz.
[    2.615309] Switching to clocksource tsc
[    2.646715] brd: module loaded
[    2.678313] loop: module loaded
[    2.731090]  vda: unknown partition table
[    2.781111] scsi0 : ata_piix
[    2.790010] scsi1 : ata_piix
[    2.791276] ata1: PATA max MWDMA2 cmd 0x1f0 ctl 0x3f6 bmdma 0xc0a0 irq 14
[    2.792319] ata2: PATA max MWDMA2 cmd 0x170 ctl 0x376 bmdma 0xc0a8 irq 15
[    2.802173] Fixed MDIO Bus: probed
[    2.802965] tun: Universal TUN/TAP device driver, 1.6
[    2.803557] tun: (C) 1999-2004 Max Krasnyansky &lt;maxk@qualcomm.com&gt;
[    2.815217] PPP generic driver version 2.4.2
[    2.838017] ehci_hcd: USB 2.0 'Enhanced' Host Controller (EHCI) Driver
[    2.839191] ohci_hcd: USB 1.1 'Open' Host Controller (OHCI) Driver
[    2.840174] uhci_hcd: USB Universal Host Controller Interface driver
[    2.842087] uhci_hcd 0000:00:01.2: PCI INT D -&gt; Link[LNKD] -&gt; GSI 11 (level, high) -&gt; IRQ 11
[    2.845591] uhci_hcd 0000:00:01.2: UHCI Host Controller
[    2.854331] uhci_hcd 0000:00:01.2: new USB bus registered, assigned bus number 1
[    2.856113] uhci_hcd 0000:00:01.2: irq 11, io base 0x0000c040
[    2.885534] hub 1-0:1.0: USB hub found
[    2.887192] hub 1-0:1.0: 2 ports detected
[    2.895099] usbcore: registered new interface driver libusual
[    2.898805] i8042: PNP: PS/2 Controller [PNP0303:KBD,PNP0f13:MOU] at 0x60,0x64 irq 1,12
[    2.914596] serio: i8042 KBD port at 0x60,0x64 irq 1
[    2.918086] serio: i8042 AUX port at 0x60,0x64 irq 12
[    2.967706] mousedev: PS/2 mouse device common for all mice
[    2.989268] input: AT Translated Set 2 keyboard as /devices/platform/i8042/serio0/input/input1
[    3.006558] rtc_cmos 00:01: RTC can wake from S4
[    3.022988] rtc_cmos 00:01: rtc core: registered rtc_cmos as rtc0
[    3.027351] rtc0: alarms up to one day, 114 bytes nvram, hpet irqs
[    3.033770] device-mapper: uevent: version 1.0.3
[    3.040195] ata2.01: ATAPI: QEMU DVD-ROM, 2.0.0, max UDMA/100
[    3.050069] ata2.01: configured for MWDMA2
[    3.087369] device-mapper: ioctl: 4.22.0-ioctl (2011-10-19) initialised: dm-devel@redhat.com
[    3.090860] cpuidle: using governor ladder
[    3.091791] cpuidle: using governor menu
[    3.093216] EFI Variables Facility v0.08 2004-May-17
[    3.099707] TCP cubic registered
[    3.107456] NET: Registered protocol family 10
[    3.144723] NET: Registered protocol family 17
[    3.146029] Registering the dns_resolver key type
[    3.152875] scsi 1:0:1:0: CD-ROM            QEMU     QEMU DVD-ROM     2.0. PQ: 0 ANSI: 5
[    3.172819] sr0: scsi3-mmc drive: 4x/4x cd/rw xa/form2 tray
[    3.174685] cdrom: Uniform CD-ROM driver Revision: 3.20
[    3.192821] sr 1:0:1:0: Attached scsi generic sg0 type 5
[    3.252977] Freeing initrd memory: 3656k freed
[    3.265180] registered taskstats version 1
[    3.765436]   Magic number: 11:338:673
[    3.777304] rtc_cmos 00:01: setting system clock to 2015-12-19 07:40:52 UTC (1450510852)
[    3.779335] powernow-k8: Processor cpuid 663 not supported
[    3.784008] BIOS EDD facility v0.16 2004-Jun-25, 0 devices found
[    3.787156] EDD information not available.
[    3.856444] Freeing unused kernel memory: 928k freed
[    3.863324] Write protecting the kernel read-only data: 12288k
[    3.986272] Freeing unused kernel memory: 1596k freed
[    4.064169] Freeing unused kernel memory: 1184k freed

info: initramfs: up at 4.28
modprobe: module virtio_blk not found in modules.dep
modprobe: module virtio_net not found in modules.dep
info: copying initramfs to /dev/vda
info: initramfs loading root from /dev/vda
info: /etc/init.d/rc.sysinit: up at 8.90
info: container: none
Starting logging: OK
modprobe: module virtio_blk not found in modules.dep
modprobe: module virtio_net not found in modules.dep
WARN: /etc/rc3.d/S10-load-modules failed
Initializing random number generator... done.
Starting acpid: OK
cirros-ds 'local' up at 11.37
found datasource (configdrive, local)
Starting network...
udhcpc (v1.20.1) started
Sending discover...
Sending discover...

2015-12-19 07:42:48,541 21195 INFO     [tempest_lib.common.rest_client] Request (TestNetworkBasicOps:_run_cleanups): 204 DELETE http://10.0.2.15:9696/v2.0/floatingips/07b73764-367e-4788-9a95-bc282e7b6ef9 0.296s
2015-12-19 07:42:48,541 21195 DEBUG    [tempest_lib.common.rest_client] Request - Headers: {'Content-Type': 'application/json', 'Accept': 'application/json', 'X-Auth-Token': '&lt;omitted&gt;'}
        Body: None
    Response - Headers: {'date': 'Sat, 19 Dec 2015 07:42:48 GMT', 'status': '204', 'connection': 'close', 'content-length': '0', 'x-openstack-request-id': 'req-b6b2b41b-9214-4512-a51a-ea5d1e0e9cc3'}
        Body: 
2015-12-19 07:42:48,926 21195 INFO     [tempest_lib.common.rest_client] Request (TestNetworkBasicOps:_run_cleanups): 204 DELETE http://10.0.2.15:8774/v2.1/686f48b58be748efb6ee3177717aec99/servers/6899ddc9-5f8a-4f34-b619-c32c545d18db 0.384s
2015-12-19 07:42:48,926 21195 DEBUG    [tempest_lib.common.rest_client] Request - Headers: {'Content-Type': 'application/json', 'Accept': 'application/json', 'X-Auth-Token': '&lt;omitted&gt;'}
        Body: None
    Response - Headers: {'status': '204', 'content-length': '0', 'x-compute-request-id': 'req-a62dce6f-60e1-4b5b-8400-44b55dbbc1cf', 'vary': 'X-OpenStack-Nova-API-Version', 'connection': 'close', 'x-openstack-nova-api-version': '2.1', 'date': 'Sat, 19 Dec 2015 07:42:48 GMT', 'content-type': 'application/json'}
        Body: 
2015-12-19 07:42:49,232 21195 INFO     [tempest_lib.common.rest_client] Request (TestNetworkBasicOps:_run_cleanups): 200 GET http://10.0.2.15:8774/v2.1/686f48b58be748efb6ee3177717aec99/servers/6899ddc9-5f8a-4f34-b619-c32c545d18db 0.304s
2015-12-19 07:42:49,232 21195 DEBUG    [tempest_lib.common.rest_client] Request - Headers: {'Content-Type': 'application/json', 'Accept': 'application/json', 'X-Auth-Token': '&lt;omitted&gt;'}
        Body: None
    Response - Headers: {'status': '200', 'content-length': '1775', 'content-location': 'http://10.0.2.15:8774/v2.1/686f48b58be748efb6ee3177717aec99/servers/6899ddc9-5f8a-4f34-b619-c32c545d18db', 'x-compute-request-id': 'req-3e6ec7da-c770-45e0-b1de-69597f874e5f', 'vary': 'X-OpenStack-Nova-API-Version', 'connection': 'close', 'x-openstack-nova-api-version': '2.1', 'date': 'Sat, 19 Dec 2015 07:42:49 GMT', 'content-type': 'application/json'}
        Body: {"server": {"status": "ACTIVE", "updated": "2015-12-19T07:42:48Z", "hostId": "e919f042d63373cef6e957df333c4bf3ba7183d6d104d7716f11d7bd", "addresses": {"tempest-network-smoke--1575173038": [{"OS-EXT-IPS-MAC:mac_addr": "fa:16:3e:9f:53:5a", "version": 4, "addr": "10.100.0.3", "OS-EXT-IPS:type": "fixed"}, {"OS-EXT-IPS-MAC:mac_addr": "fa:16:3e:9f:53:5a", "version": 4, "addr": "172.24.4.4", "OS-EXT-IPS:type": "floating"}]}, "links": [{"href": "http://10.0.2.15:8774/v2.1/686f48b58be748efb6ee3177717aec99/servers/6899ddc9-5f8a-4f34-b619-c32c545d18db", "rel": "self"}, {"href": "http://10.0.2.15:8774/686f48b58be748efb6ee3177717aec99/servers/6899ddc9-5f8a-4f34-b619-c32c545d18db", "rel": "bookmark"}], "key_name": "tempest-TestNetworkBasicOps-1521682112", "image": {"id": "72eb4ba1-d80e-4516-9e50-ee5093b8aca2", "links": [{"href": "http://10.0.2.15:8774/686f48b58be748efb6ee3177717aec99/images/72eb4ba1-d80e-4516-9e50-ee5093b8aca2", "rel": "bookmark"}]}, "OS-EXT-STS:task_state": "deleting", "OS-EXT-STS:vm_state": "active", "OS-SRV-USG:launched_at": "2015-12-19T07:40:45.000000", "flavor": {"id": "42", "links": [{"href": "http://10.0.2.15:8774/686f48b58be748efb6ee3177717aec99/flavors/42", "rel": "bookmark"}]}, "id": "6899ddc9-5f8a-4f34-b619-c32c545d18db", "security_groups": [{"name": "tempest-secgroup-smoke-104899788"}], "OS-SRV-USG:terminated_at": null, "OS-EXT-AZ:availability_zone": "nova", "user_id": "dc914d0855ac4eacab83d5585227094e", "name": "tempest.common.compute-instance-391686724", "created": "2015-12-19T07:40:41Z", "tenant_id": "686f48b58be748efb6ee3177717aec99", "OS-DCF:diskConfig": "MANUAL", "os-extended-volumes:volumes_attached": [], "accessIPv4": "", "accessIPv6": "", "progress": 0, "OS-EXT-STS:power_state": 1, "config_drive": "True", "metadata": {}}}
2015-12-19 07:42:50,503 21195 INFO     [tempest_lib.common.rest_client] Request (TestNetworkBasicOps:_run_cleanups): 200 GET http://10.0.2.15:8774/v2.1/686f48b58be748efb6ee3177717aec99/servers/6899ddc9-5f8a-4f34-b619-c32c545d18db 0.259s
2015-12-19 07:42:50,503 21195 DEBUG    [tempest_lib.common.rest_client] Request - Headers: {'Content-Type': 'application/json', 'Accept': 'application/json', 'X-Auth-Token': '&lt;omitted&gt;'}
        Body: None
    Response - Headers: {'status': '200', 'content-length': '1440', 'content-location': 'http://10.0.2.15:8774/v2.1/686f48b58be748efb6ee3177717aec99/servers/6899ddc9-5f8a-4f34-b619-c32c545d18db', 'x-compute-request-id': 'req-dab5d168-f6c2-4312-a41c-52c4a225b542', 'vary': 'X-OpenStack-Nova-API-Version', 'connection': 'close', 'x-openstack-nova-api-version': '2.1', 'date': 'Sat, 19 Dec 2015 07:42:50 GMT', 'content-type': 'application/json'}
        Body: {"server": {"status": "ACTIVE", "updated": "2015-12-19T07:42:49Z", "hostId": "e919f042d63373cef6e957df333c4bf3ba7183d6d104d7716f11d7bd", "addresses": {}, "links": [{"href": "http://10.0.2.15:8774/v2.1/686f48b58be748efb6ee3177717aec99/servers/6899ddc9-5f8a-4f34-b619-c32c545d18db", "rel": "self"}, {"href": "http://10.0.2.15:8774/686f48b58be748efb6ee3177717aec99/servers/6899ddc9-5f8a-4f34-b619-c32c545d18db", "rel": "bookmark"}], "key_name": "tempest-TestNetworkBasicOps-1521682112", "image": {"id": "72eb4ba1-d80e-4516-9e50-ee5093b8aca2", "links": [{"href": "http://10.0.2.15:8774/686f48b58be748efb6ee3177717aec99/images/72eb4ba1-d80e-4516-9e50-ee5093b8aca2", "rel": "bookmark"}]}, "OS-EXT-STS:task_state": "deleting", "OS-EXT-STS:vm_state": "active", "OS-SRV-USG:launched_at": "2015-12-19T07:40:45.000000", "flavor": {"id": "42", "links": [{"href": "http://10.0.2.15:8774/686f48b58be748efb6ee3177717aec99/flavors/42", "rel": "bookmark"}]}, "id": "6899ddc9-5f8a-4f34-b619-c32c545d18db", "OS-SRV-USG:terminated_at": null, "OS-EXT-AZ:availability_zone": "nova", "user_id": "dc914d0855ac4eacab83d5585227094e", "name": "tempest.common.compute-instance-391686724", "created": "2015-12-19T07:40:41Z", "tenant_id": "686f48b58be748efb6ee3177717aec99", "OS-DCF:diskConfig": "MANUAL", "os-extended-volumes:volumes_attached": [], "accessIPv4": "", "accessIPv6": "", "progress": 0, "OS-EXT-STS:power_state": 1, "config_drive": "True", "metadata": {}}}
2015-12-19 07:42:51,598 21195 INFO     [tempest_lib.common.rest_client] Request (TestNetworkBasicOps:_run_cleanups): 404 GET http://10.0.2.15:8774/v2.1/686f48b58be748efb6ee3177717aec99/servers/6899ddc9-5f8a-4f34-b619-c32c545d18db 0.083s
2015-12-19 07:42:51,598 21195 DEBUG    [tempest_lib.common.rest_client] Request - Headers: {'Content-Type': 'application/json', 'Accept': 'application/json', 'X-Auth-Token': '&lt;omitted&gt;'}
        Body: None
    Response - Headers: {'status': '404', 'content-length': '111', 'x-compute-request-id': 'req-97a22c60-4da7-496f-87fd-8bd06000d0b5', 'vary': 'X-OpenStack-Nova-API-Version', 'connection': 'close', 'x-openstack-nova-api-version': '2.1', 'date': 'Sat, 19 Dec 2015 07:42:51 GMT', 'content-type': 'application/json; charset=UTF-8'}
        Body: {"itemNotFound": {"message": "Instance 6899ddc9-5f8a-4f34-b619-c32c545d18db could not be found.", "code": 404}}
2015-12-19 07:42:51,620 21195 INFO     [tempest_lib.common.rest_client] Request (TestNetworkBasicOps:_run_cleanups): 202 DELETE http://10.0.2.15:8774/v2.1/686f48b58be748efb6ee3177717aec99/os-keypairs/tempest-TestNetworkBasicOps-1521682112 0.020s
2015-12-19 07:42:51,621 21195 DEBUG    [tempest_lib.common.rest_client] Request - Headers: {'Content-Type': 'application/json', 'Accept': 'application/json', 'X-Auth-Token': '&lt;omitted&gt;'}
        Body: None
    Response - Headers: {'status': '202', 'content-length': '0', 'x-compute-request-id': 'req-315180fd-e762-48f2-993a-229be265c5d7', 'vary': 'X-OpenStack-Nova-API-Version', 'connection': 'close', 'x-openstack-nova-api-version': '2.1', 'date': 'Sat, 19 Dec 2015 07:42:51 GMT', 'content-type': 'application/json'}
        Body: 
2015-12-19 07:42:52,030 21195 INFO     [tempest_lib.common.rest_client] Request (TestNetworkBasicOps:_run_cleanups): 200 PUT http://10.0.2.15:9696/v2.0/routers/300caa97-d451-4e84-9518-26ecdc532df1/remove_router_interface 0.409s
2015-12-19 07:42:52,031 21195 DEBUG    [tempest_lib.common.rest_client] Request - Headers: {'Content-Type': 'application/json', 'Accept': 'application/json', 'X-Auth-Token': '&lt;omitted&gt;'}
        Body: {"subnet_id": "faa6a111-8dc9-4223-92fb-df1d00a6f267"}
    Response - Headers: {'status': '200', 'content-length': '255', 'connection': 'close', 'date': 'Sat, 19 Dec 2015 07:42:52 GMT', 'content-type': 'application/json; charset=UTF-8', 'x-openstack-request-id': 'req-0738e180-981d-4539-83df-4b9a944fc7ab'}
        Body: {"subnet_id": "faa6a111-8dc9-4223-92fb-df1d00a6f267", "tenant_id": "686f48b58be748efb6ee3177717aec99", "subnet_ids": ["faa6a111-8dc9-4223-92fb-df1d00a6f267"], "port_id": "55d99ea7-5763-4453-9b81-562b63009b0b", "id": "300caa97-d451-4e84-9518-26ecdc532df1"}
2015-12-19 07:42:52,470 21195 INFO     [tempest_lib.common.rest_client] Request (TestNetworkBasicOps:_run_cleanups): 204 DELETE http://10.0.2.15:9696/v2.0/subnets/faa6a111-8dc9-4223-92fb-df1d00a6f267 0.438s
2015-12-19 07:42:52,471 21195 DEBUG    [tempest_lib.common.rest_client] Request - Headers: {'Content-Type': 'application/json', 'Accept': 'application/json', 'X-Auth-Token': '&lt;omitted&gt;'}
        Body: None
    Response - Headers: {'date': 'Sat, 19 Dec 2015 07:42:52 GMT', 'status': '204', 'connection': 'close', 'content-length': '0', 'x-openstack-request-id': 'req-412250bb-1e93-4583-bb9e-3ef4ae578c12'}
        Body: 
2015-12-19 07:42:52,527 21195 INFO     [tempest_lib.common.rest_client] Request (TestNetworkBasicOps:_run_cleanups): 200 GET http://10.0.2.15:9696/v2.0/routers/300caa97-d451-4e84-9518-26ecdc532df1 0.054s
2015-12-19 07:42:52,527 21195 DEBUG    [tempest_lib.common.rest_client] Request - Headers: {'Content-Type': 'application/json', 'Accept': 'application/json', 'X-Auth-Token': '&lt;omitted&gt;'}
        Body: None
    Response - Headers: {'status': '200', 'content-length': '564', 'content-location': 'http://10.0.2.15:9696/v2.0/routers/300caa97-d451-4e84-9518-26ecdc532df1', 'connection': 'close', 'date': 'Sat, 19 Dec 2015 07:42:52 GMT', 'content-type': 'application/json; charset=UTF-8', 'x-openstack-request-id': 'req-2d807ae9-c73d-462a-b9ce-06e18837e0f3'}
        Body: {"router": {"status": "ACTIVE", "external_gateway_info": {"network_id": "4fa49978-3797-4273-816e-c534d04b8418", "enable_snat": true, "external_fixed_ips": [{"subnet_id": "d3e254b6-82f9-457a-9842-4d647c26b0aa", "ip_address": "172.24.4.3"}, {"subnet_id": "f2435357-4574-494a-8dc7-05b18d28cd89", "ip_address": "2001:db8::4"}]}, "availability_zone_hints": [], "availability_zones": ["nova"], "name": "tempest-router-smoke-1277880967", "admin_state_up": true, "tenant_id": "686f48b58be748efb6ee3177717aec99", "routes": [], "id": "300caa97-d451-4e84-9518-26ecdc532df1"}}
2015-12-19 07:42:52,937 21195 INFO     [tempest_lib.common.rest_client] Request (TestNetworkBasicOps:_run_cleanups): 200 PUT http://10.0.2.15:9696/v2.0/routers/300caa97-d451-4e84-9518-26ecdc532df1 0.408s
2015-12-19 07:42:52,937 21195 DEBUG    [tempest_lib.common.rest_client] Request - Headers: {'Content-Type': 'application/json', 'Accept': 'application/json', 'X-Auth-Token': '&lt;omitted&gt;'}
        Body: {"router": {"external_gateway_info": {}, "name": "tempest-router-smoke-1277880967", "admin_state_up": true}}
    Response - Headers: {'status': '200', 'content-length': '302', 'connection': 'close', 'date': 'Sat, 19 Dec 2015 07:42:52 GMT', 'content-type': 'application/json; charset=UTF-8', 'x-openstack-request-id': 'req-f5b72d57-2930-43f7-8097-7981f8dcc5bb'}
        Body: {"router": {"status": "ACTIVE", "external_gateway_info": null, "availability_zone_hints": [], "availability_zones": ["nova"], "name": "tempest-router-smoke-1277880967", "admin_state_up": true, "tenant_id": "686f48b58be748efb6ee3177717aec99", "routes": [], "id": "300caa97-d451-4e84-9518-26ecdc532df1"}}
2015-12-19 07:42:53,174 21195 INFO     [tempest_lib.common.rest_client] Request (TestNetworkBasicOps:_run_cleanups): 204 DELETE http://10.0.2.15:9696/v2.0/routers/300caa97-d451-4e84-9518-26ecdc532df1 0.235s
2015-12-19 07:42:53,175 21195 DEBUG    [tempest_lib.common.rest_client] Request - Headers: {'Content-Type': 'application/json', 'Accept': 'application/json', 'X-Auth-Token': '&lt;omitted&gt;'}
        Body: None
    Response - Headers: {'date': 'Sat, 19 Dec 2015 07:42:53 GMT', 'status': '204', 'connection': 'close', 'content-length': '0', 'x-openstack-request-id': 'req-5daa9d24-8b56-43b4-b446-f113aefbeedb'}
        Body: 
2015-12-19 07:42:53,388 21195 INFO     [tempest_lib.common.rest_client] Request (TestNetworkBasicOps:_run_cleanups): 204 DELETE http://10.0.2.15:9696/v2.0/networks/522e4400-0f30-4210-9537-5de268e65b1e 0.212s
2015-12-19 07:42:53,389 21195 DEBUG    [tempest_lib.common.rest_client] Request - Headers: {'Content-Type': 'application/json', 'Accept': 'application/json', 'X-Auth-Token': '&lt;omitted&gt;'}
        Body: None
    Response - Headers: {'date': 'Sat, 19 Dec 2015 07:42:53 GMT', 'status': '204', 'connection': 'close', 'content-length': '0', 'x-openstack-request-id': 'req-503e9703-e159-4803-b499-1a5b880cd1f0'}
        Body: 
2015-12-19 07:42:53,445 21195 INFO     [tempest_lib.common.rest_client] Request (TestNetworkBasicOps:_run_cleanups): 204 DELETE http://10.0.2.15:9696/v2.0/security-group-rules/37c7a80c-12ba-432e-a28a-3e838a50c20b 0.055s
2015-12-19 07:42:53,445 21195 DEBUG    [tempest_lib.common.rest_client] Request - Headers: {'Content-Type': 'application/json', 'Accept': 'application/json', 'X-Auth-Token': '&lt;omitted&gt;'}
        Body: None
    Response - Headers: {'date': 'Sat, 19 Dec 2015 07:42:53 GMT', 'status': '204', 'connection': 'close', 'content-length': '0', 'x-openstack-request-id': 'req-7bc5064f-038e-4302-878b-b832f366ce25'}
        Body: 
2015-12-19 07:42:53,497 21195 INFO     [tempest_lib.common.rest_client] Request (TestNetworkBasicOps:_run_cleanups): 204 DELETE http://10.0.2.15:9696/v2.0/security-group-rules/6c99beb8-34dc-4aae-b740-2311065b0dc8 0.051s
2015-12-19 07:42:53,497 21195 DEBUG    [tempest_lib.common.rest_client] Request - Headers: {'Content-Type': 'application/json', 'Accept': 'application/json', 'X-Auth-Token': '&lt;omitted&gt;'}
        Body: None
    Response - Headers: {'date': 'Sat, 19 Dec 2015 07:42:53 GMT', 'status': '204', 'connection': 'close', 'content-length': '0', 'x-openstack-request-id': 'req-f15266bb-1fab-4d29-9a2e-fe8c89eb6e8f'}
        Body: 
2015-12-19 07:42:53,564 21195 INFO     [tempest_lib.common.rest_client] Request (TestNetworkBasicOps:_run_cleanups): 204 DELETE http://10.0.2.15:9696/v2.0/security-group-rules/6de1eef5-0e1c-4391-b328-497523cd7007 0.066s
2015-12-19 07:42:53,565 21195 DEBUG    [tempest_lib.common.rest_client] Request - Headers: {'Content-Type': 'application/json', 'Accept': 'application/json', 'X-Auth-Token': '&lt;omitted&gt;'}
        Body: None
    Response - Headers: {'date': 'Sat, 19 Dec 2015 07:42:53 GMT', 'status': '204', 'connection': 'close', 'content-length': '0', 'x-openstack-request-id': 'req-c5df39ab-1d4b-4384-823f-9648e6d49753'}
        Body: 
2015-12-19 07:42:53,624 21195 INFO     [tempest_lib.common.rest_client] Request (TestNetworkBasicOps:_run_cleanups): 204 DELETE http://10.0.2.15:9696/v2.0/security-group-rules/0e917174-1c92-4cac-a228-b0f12c7b0aa5 0.057s
2015-12-19 07:42:53,624 21195 DEBUG    [tempest_lib.common.rest_client] Request - Headers: {'Content-Type': 'application/json', 'Accept': 'application/json', 'X-Auth-Token': '&lt;omitted&gt;'}
        Body: None
    Response - Headers: {'date': 'Sat, 19 Dec 2015 07:42:53 GMT', 'status': '204', 'connection': 'close', 'content-length': '0', 'x-openstack-request-id': 'req-c24e15e6-c43d-4651-88f7-4be6dde96b5a'}
        Body: 
2015-12-19 07:42:53,677 21195 INFO     [tempest_lib.common.rest_client] Request (TestNetworkBasicOps:_run_cleanups): 204 DELETE http://10.0.2.15:9696/v2.0/security-group-rules/8e7a76a1-29ff-4b7c-9b98-53e5fff0148c 0.052s
2015-12-19 07:42:53,678 21195 DEBUG    [tempest_lib.common.rest_client] Request - Headers: {'Content-Type': 'application/json', 'Accept': 'application/json', 'X-Auth-Token': '&lt;omitted&gt;'}
        Body: None
