<?xml version="1.0" encoding="UTF-8"?>
<!DOCTYPE html PUBLIC "-//W3C//DTD XHTML 1.0 Strict//EN"
     "http://www.w3.org/TR/xhtml1/DTD/xhtml1-strict.dtd">
<html xmlns="http://www.w3.org/1999/xhtml">
<head>
    <title>Unit Test Report</title>
    <meta name="generator" content="subunit2html 0.1"/>
    <meta http-equiv="Content-Type" content="text/html; charset=UTF-8"/>
    
<style type="text/css" media="screen">
body        { font-family: verdana, arial, helvetica, sans-serif;
    font-size: 80%; }
table       { font-size: 100%; width: 100%;}
pre         { font-size: 80%; }

/* -- heading -------------------------------------------------------------- */
h1 {
        font-size: 16pt;
        color: gray;
}
.heading {
    margin-top: 0ex;
    margin-bottom: 1ex;
}

.heading .attribute {
    margin-top: 1ex;
    margin-bottom: 0;
}

.heading .description {
    margin-top: 4ex;
    margin-bottom: 6ex;
}

/* -- css div popup -------------------------------------------------------- */
a.popup_link {
}

a.popup_link:hover {
    color: red;
}

.popup_window {
    display: none;
    overflow-x: scroll;
    /*border: solid #627173 1px; */
    padding: 10px;
    background-color: #E6E6D6;
    font-family: "Ubuntu Mono", "Lucida Console", "Courier New", monospace;
    text-align: left;
    font-size: 8pt;
}

}
/* -- report --------------------------------------------------------------- */
#show_detail_line {
    margin-top: 3ex;
    margin-bottom: 1ex;
}
#result_table {
    width: 100%;
    border-collapse: collapse;
    border: 1px solid #777;
}
#header_row {
    font-weight: bold;
    color: white;
    background-color: #777;
}
#result_table td {
    border: 1px solid #777;
    padding: 2px;
}
#total_row  { font-weight: bold; }
.passClass  { background-color: #6c6; }
.failClass  { background-color: #c60; }
.errorClass { background-color: #c00; }
.passCase   { color: #6c6; }
.failCase   { color: #c60; font-weight: bold; }
.errorCase  { color: #c00; font-weight: bold; }
.hiddenRow  { display: none; }
.testcase   { margin-left: 2em; }
td.testname {width: 40%}
td.small {width: 40px}

/* -- ending --------------------------------------------------------------- */
#ending {
}

</style>

</head>
<body>
<script language="javascript" type="text/javascript"><!--
output_list = Array();

/* level - 0:Summary; 1:Failed; 2:All */
function showCase(level) {
    trs = document.getElementsByTagName("tr");
    for (var i = 0; i < trs.length; i++) {
        tr = trs[i];
        id = tr.id;
        if (id.substr(0,2) == 'ft') {
            if (level < 1) {
                tr.className = 'hiddenRow';
            }
            else {
                tr.className = '';
            }
        }
        if (id.substr(0,2) == 'pt') {
            if (level > 1) {
                tr.className = '';
            }
            else {
                tr.className = 'hiddenRow';
            }
        }
    }
}


function showClassDetail(cid, count) {
    var id_list = Array(count);
    var toHide = 1;
    for (var i = 0; i < count; i++) {
        tid0 = 't' + cid.substr(1) + '.' + (i+1);
        tid = 'f' + tid0;
        tr = document.getElementById(tid);
        if (!tr) {
            tid = 'p' + tid0;
            tr = document.getElementById(tid);
        }
        id_list[i] = tid;
        if (tr.className) {
            toHide = 0;
        }
    }
    for (var i = 0; i < count; i++) {
        tid = id_list[i];
        if (toHide) {
            document.getElementById('div_'+tid).style.display = 'none'
            document.getElementById(tid).className = 'hiddenRow';
        }
        else {
            document.getElementById(tid).className = '';
        }
    }
}


function showTestDetail(div_id){
    var details_div = document.getElementById(div_id)
    var displayState = details_div.style.display
    // alert(displayState)
    if (displayState != 'block' ) {
        displayState = 'block'
        details_div.style.display = 'block'
    }
    else {
        details_div.style.display = 'none'
    }
}


function html_escape(s) {
    s = s.replace(/&/g,'&amp;');
    s = s.replace(/</g,'&lt;');
    s = s.replace(/>/g,'&gt;');
    return s;
}

/* obsoleted by detail in <div>
function showOutput(id, name) {
    var w = window.open("", //url
                    name,
                    "resizable,scrollbars,status,width=800,height=450");
    d = w.document;
    d.write("<pre>");
    d.write(html_escape(output_list[id]));
    d.write("\n");
    d.write("<a href='javascript:window.close()'>close</a>\n");
    d.write("</pre>\n");
    d.close();
}
*/
--></script>

<div class='heading'>
<h1>Unit Test Report</h1>

<p class='attribute'><strong>Status:</strong> Pass 1 Failure 7 Skip 1</p>

<p class='description'></p>
</div>



<p id='show_detail_line'>Show
<a href='javascript:showCase(0)'>Summary</a>
<a href='javascript:showCase(1)'>Failed</a>
<a href='javascript:showCase(2)'>All</a>
</p>
<table id='result_table'>
<colgroup>
<col align='left' />
<col align='right' />
<col align='right' />
<col align='right' />
<col align='right' />
<col align='right' />
<col align='right' />
<col align='right' />
</colgroup>
<tr id='header_row'>
    <td>Test Group/Test case</td>
    <td>Count</td>
    <td>Pass</td>
    <td>Fail</td>
    <td>Error</td>
    <td>Skip</td>
    <td>View</td>
    <td> </td>
</tr>

<tr class='failClass'>
    <td class="testname">tempest.scenario.test_network_basic_ops.TestNetworkBasicOps</td>
    <td class="small">9</td>
    <td class="small">1</td>
    <td class="small">7</td>
    <td class="small">0</td>
    <td class="small">1</td>
    <td class="small"><a href="javascript:showClassDetail('c1',9)"
>Detail</a></td>
    <td> </td>
</tr>

<tr id='ft1.1' class='none'>
    <td class='failCase'><div class='testcase'>test_connectivity_between_vms_on_different_networks[compute,id-1546850e-fbaa-42f5-8b5f-03d8a6a95f15,network]</div></td>
    <td colspan='7' align='left'>

    <!--css div popup start-->
    <a class="popup_link" onfocus='this.blur();'
    href="javascript:showTestDetail('div_ft1.1')" >
        fail</a>

    <div id='div_ft1.1' class="popup_window">
        <div style='text-align: right; color:red;cursor:pointer'>
        <a onfocus='this.blur();'
onclick="document.getElementById('div_ft1.1').style.display = 'none' " >
           [x]</a>
        </div>
        <pre>
        
ft1.1: tempest.scenario.test_network_basic_ops.TestNetworkBasicOps.test_connectivity_between_vms_on_different_networks[compute,id-1546850e-fbaa-42f5-8b5f-03d8a6a95f15,network]_StringException: Empty attachments:
  stderr
  stdout

pythonlogging:'': {{{
2015-12-07 08:21:42,203 20180 INFO     [tempest_lib.common.rest_client] Request (TestNetworkBasicOps:test_connectivity_between_vms_on_different_networks): 201 POST http://10.0.2.15:9696/v2.0/security-groups 0.427s
2015-12-07 08:21:42,203 20180 DEBUG    [tempest_lib.common.rest_client] Request - Headers: {'Content-Type': 'application/json', 'Accept': 'application/json', 'X-Auth-Token': '&lt;omitted&gt;'}
        Body: {"security_group": {"tenant_id": "942bb71d5bdc4151848f40ce928e6efd", "description": "tempest-secgroup-smoke-1264693479 description", "name": "tempest-secgroup-smoke-1264693479"}}
    Response - Headers: {'status': '201', 'content-length': '888', 'connection': 'close', 'date': 'Mon, 07 Dec 2015 08:21:42 GMT', 'content-type': 'application/json; charset=UTF-8', 'x-openstack-request-id': 'req-3d1be53a-19b9-47c4-8182-f109beb8f897'}
        Body: {"security_group": {"tenant_id": "942bb71d5bdc4151848f40ce928e6efd", "description": "tempest-secgroup-smoke-1264693479 description", "id": "c32d00cb-7db3-4119-a42a-f6c73701fcdd", "security_group_rules": [{"remote_group_id": null, "direction": "egress", "remote_ip_prefix": null, "protocol": null, "ethertype": "IPv4", "tenant_id": "942bb71d5bdc4151848f40ce928e6efd", "port_range_max": null, "port_range_min": null, "id": "08ade7c2-13a1-443b-bea7-1ac5e41b87b7", "security_group_id": "c32d00cb-7db3-4119-a42a-f6c73701fcdd"}, {"remote_group_id": null, "direction": "egress", "remote_ip_prefix": null, "protocol": null, "ethertype": "IPv6", "tenant_id": "942bb71d5bdc4151848f40ce928e6efd", "port_range_max": null, "port_range_min": null, "id": "304694a8-069e-4377-86a4-4f4425e08033", "security_group_id": "c32d00cb-7db3-4119-a42a-f6c73701fcdd"}], "name": "tempest-secgroup-smoke-1264693479"}}
2015-12-07 08:21:42,326 20180 INFO     [tempest_lib.common.rest_client] Request (TestNetworkBasicOps:test_connectivity_between_vms_on_different_networks): 201 POST http://10.0.2.15:9696/v2.0/security-group-rules 0.121s
2015-12-07 08:21:42,327 20180 DEBUG    [tempest_lib.common.rest_client] Request - Headers: {'Content-Type': 'application/json', 'Accept': 'application/json', 'X-Auth-Token': '&lt;omitted&gt;'}
        Body: {"security_group_rule": {"direction": "ingress", "protocol": "tcp", "tenant_id": "942bb71d5bdc4151848f40ce928e6efd", "port_range_max": 22, "security_group_id": "c32d00cb-7db3-4119-a42a-f6c73701fcdd", "port_range_min": 22}}
    Response - Headers: {'status': '201', 'content-length': '340', 'connection': 'close', 'date': 'Mon, 07 Dec 2015 08:21:42 GMT', 'content-type': 'application/json; charset=UTF-8', 'x-openstack-request-id': 'req-dff2675d-9ab5-4b25-abca-cea2553cfc33'}
        Body: {"security_group_rule": {"remote_group_id": null, "direction": "ingress", "remote_ip_prefix": null, "protocol": "tcp", "ethertype": "IPv4", "tenant_id": "942bb71d5bdc4151848f40ce928e6efd", "port_range_max": 22, "port_range_min": 22, "id": "3c26c5c3-3cac-4359-a0bc-45856ae22756", "security_group_id": "c32d00cb-7db3-4119-a42a-f6c73701fcdd"}}
2015-12-07 08:21:42,445 20180 INFO     [tempest_lib.common.rest_client] Request (TestNetworkBasicOps:test_connectivity_between_vms_on_different_networks): 201 POST http://10.0.2.15:9696/v2.0/security-group-rules 0.117s
2015-12-07 08:21:42,446 20180 DEBUG    [tempest_lib.common.rest_client] Request - Headers: {'Content-Type': 'application/json', 'Accept': 'application/json', 'X-Auth-Token': '&lt;omitted&gt;'}
        Body: {"security_group_rule": {"direction": "egress", "protocol": "tcp", "tenant_id": "942bb71d5bdc4151848f40ce928e6efd", "port_range_max": 22, "security_group_id": "c32d00cb-7db3-4119-a42a-f6c73701fcdd", "port_range_min": 22}}
    Response - Headers: {'status': '201', 'content-length': '339', 'connection': 'close', 'date': 'Mon, 07 Dec 2015 08:21:42 GMT', 'content-type': 'application/json; charset=UTF-8', 'x-openstack-request-id': 'req-2d0f3281-611a-4896-b2d1-96877a6d28b3'}
        Body: {"security_group_rule": {"remote_group_id": null, "direction": "egress", "remote_ip_prefix": null, "protocol": "tcp", "ethertype": "IPv4", "tenant_id": "942bb71d5bdc4151848f40ce928e6efd", "port_range_max": 22, "port_range_min": 22, "id": "d7108983-9ed9-4794-9249-6fb4969b4e71", "security_group_id": "c32d00cb-7db3-4119-a42a-f6c73701fcdd"}}
2015-12-07 08:21:42,571 20180 INFO     [tempest_lib.common.rest_client] Request (TestNetworkBasicOps:test_connectivity_between_vms_on_different_networks): 201 POST http://10.0.2.15:9696/v2.0/security-group-rules 0.124s
2015-12-07 08:21:42,572 20180 DEBUG    [tempest_lib.common.rest_client] Request - Headers: {'Content-Type': 'application/json', 'Accept': 'application/json', 'X-Auth-Token': '&lt;omitted&gt;'}
        Body: {"security_group_rule": {"tenant_id": "942bb71d5bdc4151848f40ce928e6efd", "direction": "ingress", "protocol": "icmp", "security_group_id": "c32d00cb-7db3-4119-a42a-f6c73701fcdd"}}
    Response - Headers: {'status': '201', 'content-length': '345', 'connection': 'close', 'date': 'Mon, 07 Dec 2015 08:21:42 GMT', 'content-type': 'application/json; charset=UTF-8', 'x-openstack-request-id': 'req-0185c93b-9be9-476f-b6c6-370e6bfc593c'}
        Body: {"security_group_rule": {"remote_group_id": null, "direction": "ingress", "remote_ip_prefix": null, "protocol": "icmp", "ethertype": "IPv4", "tenant_id": "942bb71d5bdc4151848f40ce928e6efd", "port_range_max": null, "port_range_min": null, "id": "01dfbfe5-68ae-444e-ba0c-b75aab13f3bf", "security_group_id": "c32d00cb-7db3-4119-a42a-f6c73701fcdd"}}
2015-12-07 08:21:42,697 20180 INFO     [tempest_lib.common.rest_client] Request (TestNetworkBasicOps:test_connectivity_between_vms_on_different_networks): 201 POST http://10.0.2.15:9696/v2.0/security-group-rules 0.123s
2015-12-07 08:21:42,698 20180 DEBUG    [tempest_lib.common.rest_client] Request - Headers: {'Content-Type': 'application/json', 'Accept': 'application/json', 'X-Auth-Token': '&lt;omitted&gt;'}
        Body: {"security_group_rule": {"tenant_id": "942bb71d5bdc4151848f40ce928e6efd", "direction": "egress", "protocol": "icmp", "security_group_id": "c32d00cb-7db3-4119-a42a-f6c73701fcdd"}}
    Response - Headers: {'status': '201', 'content-length': '344', 'connection': 'close', 'date': 'Mon, 07 Dec 2015 08:21:42 GMT', 'content-type': 'application/json; charset=UTF-8', 'x-openstack-request-id': 'req-53ede05a-e64f-460b-a488-e1bd0fcd57d8'}
        Body: {"security_group_rule": {"remote_group_id": null, "direction": "egress", "remote_ip_prefix": null, "protocol": "icmp", "ethertype": "IPv4", "tenant_id": "942bb71d5bdc4151848f40ce928e6efd", "port_range_max": null, "port_range_min": null, "id": "ab081dd6-26b8-444d-bb27-8ba2a10d0931", "security_group_id": "c32d00cb-7db3-4119-a42a-f6c73701fcdd"}}
2015-12-07 08:21:42,819 20180 INFO     [tempest_lib.common.rest_client] Request (TestNetworkBasicOps:test_connectivity_between_vms_on_different_networks): 201 POST http://10.0.2.15:9696/v2.0/security-group-rules 0.119s
2015-12-07 08:21:42,819 20180 DEBUG    [tempest_lib.common.rest_client] Request - Headers: {'Content-Type': 'application/json', 'Accept': 'application/json', 'X-Auth-Token': '&lt;omitted&gt;'}
        Body: {"security_group_rule": {"tenant_id": "942bb71d5bdc4151848f40ce928e6efd", "direction": "ingress", "security_group_id": "c32d00cb-7db3-4119-a42a-f6c73701fcdd", "protocol": "icmp", "ethertype": "IPv6"}}
    Response - Headers: {'status': '201', 'content-length': '345', 'connection': 'close', 'date': 'Mon, 07 Dec 2015 08:21:42 GMT', 'content-type': 'application/json; charset=UTF-8', 'x-openstack-request-id': 'req-eb361a41-2cdd-4428-86b5-c2dfc4205acd'}
        Body: {"security_group_rule": {"remote_group_id": null, "direction": "ingress", "remote_ip_prefix": null, "protocol": "icmp", "ethertype": "IPv6", "tenant_id": "942bb71d5bdc4151848f40ce928e6efd", "port_range_max": null, "port_range_min": null, "id": "e35a4009-3039-460f-8a13-ecf1051d4aa9", "security_group_id": "c32d00cb-7db3-4119-a42a-f6c73701fcdd"}}
2015-12-07 08:21:42,951 20180 INFO     [tempest_lib.common.rest_client] Request (TestNetworkBasicOps:test_connectivity_between_vms_on_different_networks): 201 POST http://10.0.2.15:9696/v2.0/security-group-rules 0.130s
2015-12-07 08:21:42,951 20180 DEBUG    [tempest_lib.common.rest_client] Request - Headers: {'Content-Type': 'application/json', 'Accept': 'application/json', 'X-Auth-Token': '&lt;omitted&gt;'}
        Body: {"security_group_rule": {"tenant_id": "942bb71d5bdc4151848f40ce928e6efd", "direction": "egress", "security_group_id": "c32d00cb-7db3-4119-a42a-f6c73701fcdd", "protocol": "icmp", "ethertype": "IPv6"}}
    Response - Headers: {'status': '201', 'content-length': '344', 'connection': 'close', 'date': 'Mon, 07 Dec 2015 08:21:42 GMT', 'content-type': 'application/json; charset=UTF-8', 'x-openstack-request-id': 'req-7953e08a-bf2d-4e76-a03e-bc202e219def'}
        Body: {"security_group_rule": {"remote_group_id": null, "direction": "egress", "remote_ip_prefix": null, "protocol": "icmp", "ethertype": "IPv6", "tenant_id": "942bb71d5bdc4151848f40ce928e6efd", "port_range_max": null, "port_range_min": null, "id": "ca2fd435-2d19-4cf4-b4bc-cc6e1cbc0a32", "security_group_id": "c32d00cb-7db3-4119-a42a-f6c73701fcdd"}}
2015-12-07 08:21:43,127 20180 INFO     [tempest_lib.common.rest_client] Request (TestNetworkBasicOps:test_connectivity_between_vms_on_different_networks): 201 POST http://10.0.2.15:9696/v2.0/networks 0.175s
2015-12-07 08:21:43,128 20180 DEBUG    [tempest_lib.common.rest_client] Request - Headers: {'Content-Type': 'application/json', 'Accept': 'application/json', 'X-Auth-Token': '&lt;omitted&gt;'}
        Body: {"network": {"tenant_id": "942bb71d5bdc4151848f40ce928e6efd", "name": "tempest-network-smoke--760215067"}}
    Response - Headers: {'status': '201', 'content-length': '328', 'connection': 'close', 'date': 'Mon, 07 Dec 2015 08:21:43 GMT', 'content-type': 'application/json; charset=UTF-8', 'x-openstack-request-id': 'req-74bc9771-76c2-4d8c-8dc9-1717e3035b4a'}
        Body: {"network": {"status": "ACTIVE", "subnets": [], "availability_zone_hints": "[]", "name": "tempest-network-smoke--760215067", "admin_state_up": true, "tenant_id": "942bb71d5bdc4151848f40ce928e6efd", "mtu": 0, "router:external": false, "shared": false, "port_security_enabled": true, "id": "fd119d9f-fe7b-4f5d-a518-8de5308d0fcf"}}
2015-12-07 08:21:43,216 20180 INFO     [tempest_lib.common.rest_client] Request (TestNetworkBasicOps:test_connectivity_between_vms_on_different_networks): 201 POST http://10.0.2.15:9696/v2.0/routers 0.087s
2015-12-07 08:21:43,217 20180 DEBUG    [tempest_lib.common.rest_client] Request - Headers: {'Content-Type': 'application/json', 'Accept': 'application/json', 'X-Auth-Token': '&lt;omitted&gt;'}
        Body: {"router": {"tenant_id": "942bb71d5bdc4151848f40ce928e6efd", "name": "tempest-router-smoke-1659343382", "admin_state_up": true}}
    Response - Headers: {'status': '201', 'content-length': '296', 'connection': 'close', 'date': 'Mon, 07 Dec 2015 08:21:43 GMT', 'content-type': 'application/json; charset=UTF-8', 'x-openstack-request-id': 'req-c4fd4855-55b4-413f-b175-bf7ee7392326'}
        Body: {"router": {"status": "ACTIVE", "external_gateway_info": null, "availability_zone_hints": [], "availability_zones": [], "name": "tempest-router-smoke-1659343382", "admin_state_up": true, "tenant_id": "942bb71d5bdc4151848f40ce928e6efd", "routes": [], "id": "d11b1cac-1643-4f20-9aed-bba6cb52ab26"}}
2015-12-07 08:21:43,267 20180 INFO     [tempest_lib.common.rest_client] Request (TestNetworkBasicOps:test_connectivity_between_vms_on_different_networks): 200 GET http://10.0.2.15:9696/v2.0/routers/d11b1cac-1643-4f20-9aed-bba6cb52ab26 0.049s
2015-12-07 08:21:43,267 20180 DEBUG    [tempest_lib.common.rest_client] Request - Headers: {'Content-Type': 'application/json', 'Accept': 'application/json', 'X-Auth-Token': '&lt;omitted&gt;'}
        Body: None
    Response - Headers: {'status': '200', 'content-length': '296', 'content-location': 'http://10.0.2.15:9696/v2.0/routers/d11b1cac-1643-4f20-9aed-bba6cb52ab26', 'connection': 'close', 'date': 'Mon, 07 Dec 2015 08:21:43 GMT', 'content-type': 'application/json; charset=UTF-8', 'x-openstack-request-id': 'req-26883782-ce76-4c19-9773-cc71cf2e4378'}
        Body: {"router": {"status": "ACTIVE", "external_gateway_info": null, "availability_zone_hints": [], "availability_zones": [], "name": "tempest-router-smoke-1659343382", "admin_state_up": true, "tenant_id": "942bb71d5bdc4151848f40ce928e6efd", "routes": [], "id": "d11b1cac-1643-4f20-9aed-bba6cb52ab26"}}
2015-12-07 08:21:43,942 20180 INFO     [tempest_lib.common.rest_client] Request (TestNetworkBasicOps:test_connectivity_between_vms_on_different_networks): 200 PUT http://10.0.2.15:9696/v2.0/routers/d11b1cac-1643-4f20-9aed-bba6cb52ab26 0.673s
2015-12-07 08:21:43,942 20180 DEBUG    [tempest_lib.common.rest_client] Request - Headers: {'Content-Type': 'application/json', 'Accept': 'application/json', 'X-Auth-Token': '&lt;omitted&gt;'}
        Body: {"router": {"external_gateway_info": {"network_id": "4b1f1bab-efc2-4127-98f6-9972d743b2f2"}, "name": "tempest-router-smoke-1659343382", "admin_state_up": true}}
    Response - Headers: {'status': '200', 'content-length': '558', 'connection': 'close', 'date': 'Mon, 07 Dec 2015 08:21:43 GMT', 'content-type': 'application/json; charset=UTF-8', 'x-openstack-request-id': 'req-aa301399-cbb3-4df7-8b07-6a1c55e8cbb2'}
        Body: {"router": {"status": "ACTIVE", "external_gateway_info": {"network_id": "4b1f1bab-efc2-4127-98f6-9972d743b2f2", "enable_snat": true, "external_fixed_ips": [{"subnet_id": "d3ceb0b9-072b-4085-8963-b158c5067998", "ip_address": "172.24.4.3"}, {"subnet_id": "2c921f37-5d26-4113-9aab-5681dc0832bb", "ip_address": "2001:db8::3"}]}, "availability_zone_hints": [], "availability_zones": [], "name": "tempest-router-smoke-1659343382", "admin_state_up": true, "tenant_id": "942bb71d5bdc4151848f40ce928e6efd", "routes": [], "id": "d11b1cac-1643-4f20-9aed-bba6cb52ab26"}}
2015-12-07 08:21:44,081 20180 INFO     [tempest_lib.common.rest_client] Request (TestNetworkBasicOps:test_connectivity_between_vms_on_different_networks): 200 GET http://10.0.2.15:9696/v2.0/subnets?tenant_id=942bb71d5bdc4151848f40ce928e6efd&amp;cidr=10.100.0.0%2F28 0.137s
2015-12-07 08:21:44,081 20180 DEBUG    [tempest_lib.common.rest_client] Request - Headers: {'Content-Type': 'application/json', 'Accept': 'application/json', 'X-Auth-Token': '&lt;omitted&gt;'}
        Body: None
    Response - Headers: {'status': '200', 'content-length': '15', 'content-location': 'http://10.0.2.15:9696/v2.0/subnets?tenant_id=942bb71d5bdc4151848f40ce928e6efd&amp;cidr=10.100.0.0%2F28', 'connection': 'close', 'date': 'Mon, 07 Dec 2015 08:21:44 GMT', 'content-type': 'application/json; charset=UTF-8', 'x-openstack-request-id': 'req-480006a0-d81c-49ea-919c-6f3a754d025c'}
        Body: {"subnets": []}
2015-12-07 08:21:44,396 20180 INFO     [tempest_lib.common.rest_client] Request (TestNetworkBasicOps:test_connectivity_between_vms_on_different_networks): 201 POST http://10.0.2.15:9696/v2.0/subnets 0.314s
2015-12-07 08:21:44,396 20180 DEBUG    [tempest_lib.common.rest_client] Request - Headers: {'Content-Type': 'application/json', 'Accept': 'application/json', 'X-Auth-Token': '&lt;omitted&gt;'}
        Body: {"subnet": {"ip_version": 4, "tenant_id": "942bb71d5bdc4151848f40ce928e6efd", "cidr": "10.100.0.0/28", "network_id": "fd119d9f-fe7b-4f5d-a518-8de5308d0fcf", "name": "tempest-subnet-smoke-1873943660"}}
    Response - Headers: {'status': '201', 'content-length': '478', 'connection': 'close', 'date': 'Mon, 07 Dec 2015 08:21:44 GMT', 'content-type': 'application/json; charset=UTF-8', 'x-openstack-request-id': 'req-f40ad4a4-372a-4b81-b960-28173c8a3538'}
        Body: {"subnet": {"name": "tempest-subnet-smoke-1873943660", "enable_dhcp": true, "network_id": "fd119d9f-fe7b-4f5d-a518-8de5308d0fcf", "tenant_id": "942bb71d5bdc4151848f40ce928e6efd", "dns_nameservers": [], "gateway_ip": "10.100.0.1", "ipv6_ra_mode": null, "allocation_pools": [{"start": "10.100.0.2", "end": "10.100.0.14"}], "host_routes": [], "ip_version": 4, "ipv6_address_mode": null, "cidr": "10.100.0.0/28", "id": "3c219738-f5e0-46a2-8666-5bbdd1bc173b", "subnetpool_id": null}}
2015-12-07 08:21:45,133 20180 INFO     [tempest_lib.common.rest_client] Request (TestNetworkBasicOps:test_connectivity_between_vms_on_different_networks): 200 PUT http://10.0.2.15:9696/v2.0/routers/d11b1cac-1643-4f20-9aed-bba6cb52ab26/add_router_interface 0.737s
2015-12-07 08:21:45,134 20180 DEBUG    [tempest_lib.common.rest_client] Request - Headers: {'Content-Type': 'application/json', 'Accept': 'application/json', 'X-Auth-Token': '&lt;omitted&gt;'}
        Body: {"subnet_id": "3c219738-f5e0-46a2-8666-5bbdd1bc173b"}
    Response - Headers: {'status': '200', 'content-length': '255', 'connection': 'close', 'date': 'Mon, 07 Dec 2015 08:21:45 GMT', 'content-type': 'application/json; charset=UTF-8', 'x-openstack-request-id': 'req-4e0a3b3d-494a-45a9-bdea-daed4b81f2a5'}
        Body: {"subnet_id": "3c219738-f5e0-46a2-8666-5bbdd1bc173b", "tenant_id": "942bb71d5bdc4151848f40ce928e6efd", "subnet_ids": ["3c219738-f5e0-46a2-8666-5bbdd1bc173b"], "port_id": "15bc4120-6975-4d4d-b277-271f1f20c92b", "id": "d11b1cac-1643-4f20-9aed-bba6cb52ab26"}
2015-12-07 08:21:45,310 20180 INFO     [tempest_lib.common.rest_client] Request (TestNetworkBasicOps:test_connectivity_between_vms_on_different_networks): 200 GET http://10.0.2.15:9696/v2.0/networks 0.175s
2015-12-07 08:21:45,311 20180 DEBUG    [tempest_lib.common.rest_client] Request - Headers: {'Content-Type': 'application/json', 'Accept': 'application/json', 'X-Auth-Token': '&lt;omitted&gt;'}
        Body: None
    Response - Headers: {'status': '200', 'content-length': '1506', 'content-location': 'http://10.0.2.15:9696/v2.0/networks', 'connection': 'close', 'date': 'Mon, 07 Dec 2015 08:21:45 GMT', 'content-type': 'application/json; charset=UTF-8', 'x-openstack-request-id': 'req-fb8a38e5-62b6-4199-8e4d-4318794c5e0b'}
        Body: {"networks": [{"status": "ACTIVE", "subnets": ["2c921f37-5d26-4113-9aab-5681dc0832bb", "d3ceb0b9-072b-4085-8963-b158c5067998"], "availability_zone_hints": [], "availability_zones": ["nova"], "name": "public", "provider:physical_network": null, "admin_state_up": true, "tenant_id": "057a10e841eb43a4b5a2eae3816921a1", "mtu": 0, "router:external": true, "shared": false, "port_security_enabled": true, "provider:network_type": "vxlan", "id": "4b1f1bab-efc2-4127-98f6-9972d743b2f2", "provider:segmentation_id": 1059}, {"status": "ACTIVE", "subnets": ["3c219738-f5e0-46a2-8666-5bbdd1bc173b"], "availability_zone_hints": [], "availability_zones": ["nova"], "name": "tempest-network-smoke--760215067", "provider:physical_network": null, "admin_state_up": true, "tenant_id": "942bb71d5bdc4151848f40ce928e6efd", "mtu": 0, "router:external": false, "shared": false, "port_security_enabled": true, "provider:network_type": "vxlan", "id": "fd119d9f-fe7b-4f5d-a518-8de5308d0fcf", "provider:segmentation_id": 1083}, {"status": "ACTIVE", "subnets": ["28458089-6b7c-4ae0-af4f-6dc99c3c619c", "581178b9-107f-480e-95d1-2687d9f7727d"], "availability_zone_hints": [], "availability_zones": ["nova"], "name": "private", "provider:physical_network": null, "admin_state_up": true, "tenant_id": "30004f6474464663a4bec6df345be019", "mtu": 0, "router:external": false, "shared": false, "port_security_enabled": true, "provider:network_type": "vxlan", "id": "93be8632-7334-4838-b22f-82caae229c84", "provider:segmentation_id": 1044}]}
2015-12-07 08:21:45,442 20180 INFO     [tempest_lib.common.rest_client] Request (TestNetworkBasicOps:test_connectivity_between_vms_on_different_networks): 200 GET http://10.0.2.15:9696/v2.0/subnets 0.130s
2015-12-07 08:21:45,442 20180 DEBUG    [tempest_lib.common.rest_client] Request - Headers: {'Content-Type': 'application/json', 'Accept': 'application/json', 'X-Auth-Token': '&lt;omitted&gt;'}
        Body: None
    Response - Headers: {'status': '200', 'content-length': '2408', 'content-location': 'http://10.0.2.15:9696/v2.0/subnets', 'connection': 'close', 'date': 'Mon, 07 Dec 2015 08:21:45 GMT', 'content-type': 'application/json; charset=UTF-8', 'x-openstack-request-id': 'req-04a0d6e7-5d44-48aa-9ce7-e54f3111a06d'}
        Body: {"subnets": [{"name": "ipv6-public-subnet", "enable_dhcp": false, "network_id": "4b1f1bab-efc2-4127-98f6-9972d743b2f2", "tenant_id": "057a10e841eb43a4b5a2eae3816921a1", "dns_nameservers": [], "gateway_ip": "2001:db8::2", "ipv6_ra_mode": null, "allocation_pools": [{"start": "2001:db8::3", "end": "2001:db8::ffff:ffff:ffff:ffff"}, {"start": "2001:db8::1", "end": "2001:db8::1"}], "host_routes": [], "ip_version": 6, "ipv6_address_mode": null, "cidr": "2001:db8::/64", "id": "2c921f37-5d26-4113-9aab-5681dc0832bb", "subnetpool_id": null}, {"name": "tempest-subnet-smoke-1873943660", "enable_dhcp": true, "network_id": "fd119d9f-fe7b-4f5d-a518-8de5308d0fcf", "tenant_id": "942bb71d5bdc4151848f40ce928e6efd", "dns_nameservers": [], "gateway_ip": "10.100.0.1", "ipv6_ra_mode": null, "allocation_pools": [{"start": "10.100.0.2", "end": "10.100.0.14"}], "host_routes": [], "ip_version": 4, "ipv6_address_mode": null, "cidr": "10.100.0.0/28", "id": "3c219738-f5e0-46a2-8666-5bbdd1bc173b", "subnetpool_id": null}, {"name": "private-subnet", "enable_dhcp": true, "network_id": "93be8632-7334-4838-b22f-82caae229c84", "tenant_id": "30004f6474464663a4bec6df345be019", "dns_nameservers": [], "gateway_ip": "10.0.0.1", "ipv6_ra_mode": null, "allocation_pools": [{"start": "10.0.0.2", "end": "10.0.0.254"}], "host_routes": [], "ip_version": 4, "ipv6_address_mode": null, "cidr": "10.0.0.0/24", "id": "581178b9-107f-480e-95d1-2687d9f7727d", "subnetpool_id": null}, {"name": "ipv6-private-subnet", "enable_dhcp": true, "network_id": "93be8632-7334-4838-b22f-82caae229c84", "tenant_id": "30004f6474464663a4bec6df345be019", "dns_nameservers": [], "gateway_ip": "fd06:b253:472f::1", "ipv6_ra_mode": "slaac", "allocation_pools": [{"start": "fd06:b253:472f::2", "end": "fd06:b253:472f:0:ffff:ffff:ffff:ffff"}], "host_routes": [], "ip_version": 6, "ipv6_address_mode": "slaac", "cidr": "fd06:b253:472f::/64", "id": "28458089-6b7c-4ae0-af4f-6dc99c3c619c", "subnetpool_id": null}, {"name": "public-subnet", "enable_dhcp": false, "network_id": "4b1f1bab-efc2-4127-98f6-9972d743b2f2", "tenant_id": "057a10e841eb43a4b5a2eae3816921a1", "dns_nameservers": [], "gateway_ip": "172.24.4.1", "ipv6_ra_mode": null, "allocation_pools": [{"start": "172.24.4.2", "end": "172.24.4.254"}], "host_routes": [], "ip_version": 4, "ipv6_address_mode": null, "cidr": "172.24.4.0/24", "id": "d3ceb0b9-072b-4085-8963-b158c5067998", "subnetpool_id": null}]}
2015-12-07 08:21:45,497 20180 INFO     [tempest_lib.common.rest_client] Request (TestNetworkBasicOps:test_connectivity_between_vms_on_different_networks): 200 GET http://10.0.2.15:9696/v2.0/routers 0.053s
2015-12-07 08:21:45,497 20180 DEBUG    [tempest_lib.common.rest_client] Request - Headers: {'Content-Type': 'application/json', 'Accept': 'application/json', 'X-Auth-Token': '&lt;omitted&gt;'}
        Body: None
    Response - Headers: {'status': '200', 'content-length': '1167', 'content-location': 'http://10.0.2.15:9696/v2.0/routers', 'connection': 'close', 'date': 'Mon, 07 Dec 2015 08:21:45 GMT', 'content-type': 'application/json; charset=UTF-8', 'x-openstack-request-id': 'req-52d4a7d3-7e97-4b27-b684-d1d80d688d64'}
        Body: {"routers": [{"status": "ACTIVE", "external_gateway_info": {"network_id": "4b1f1bab-efc2-4127-98f6-9972d743b2f2", "enable_snat": true, "external_fixed_ips": [{"subnet_id": "d3ceb0b9-072b-4085-8963-b158c5067998", "ip_address": "172.24.4.3"}, {"subnet_id": "2c921f37-5d26-4113-9aab-5681dc0832bb", "ip_address": "2001:db8::3"}]}, "availability_zone_hints": [], "availability_zones": ["nova"], "name": "tempest-router-smoke-1659343382", "admin_state_up": true, "tenant_id": "942bb71d5bdc4151848f40ce928e6efd", "distributed": false, "routes": [], "ha": false, "id": "d11b1cac-1643-4f20-9aed-bba6cb52ab26"}, {"status": "ACTIVE", "external_gateway_info": {"network_id": "4b1f1bab-efc2-4127-98f6-9972d743b2f2", "enable_snat": true, "external_fixed_ips": [{"subnet_id": "d3ceb0b9-072b-4085-8963-b158c5067998", "ip_address": "172.24.4.2"}, {"subnet_id": "2c921f37-5d26-4113-9aab-5681dc0832bb", "ip_address": "2001:db8::1"}]}, "availability_zone_hints": [], "availability_zones": ["nova"], "name": "router1", "admin_state_up": true, "tenant_id": "30004f6474464663a4bec6df345be019", "distributed": false, "routes": [], "ha": false, "id": "e17429c1-6255-416d-b01c-8e7e3c226012"}]}
2015-12-07 08:21:45,888 20180 INFO     [tempest_lib.common.rest_client] Request (TestNetworkBasicOps:test_connectivity_between_vms_on_different_networks): 200 POST http://10.0.2.15:8774/v2.1/942bb71d5bdc4151848f40ce928e6efd/os-keypairs 0.390s
2015-12-07 08:21:45,895 20180 DEBUG    [tempest_lib.common.rest_client] Request - Headers: {'Content-Type': 'application/json', 'Accept': 'application/json', 'X-Auth-Token': '&lt;omitted&gt;'}
        Body: {"keypair": {"name": "tempest-TestNetworkBasicOps-584344110"}}
    Response - Headers: {'status': '200', 'content-length': '2320', 'x-compute-request-id': 'req-c57f6fa6-4527-429f-a374-596ec19c3181', 'vary': 'X-OpenStack-Nova-API-Version', 'connection': 'close', 'x-openstack-nova-api-version': '2.1', 'date': 'Mon, 07 Dec 2015 08:21:45 GMT', 'content-type': 'application/json'}
        Body: {"keypair": {"public_key": "ssh-rsa AAAAB3NzaC1yc2EAAAADAQABAAABAQCrdOa98NxWRNafrw0htMRPIDSwQeyykxESw+FcquhDGHuDwheMXWFoCHwILOhJIO6gGIbWaU/PnHyTfaY43F9CzhRSCDsd3/AHrgkwspx8d2ZCEe7IIhPD0kGAaP18DVq8xbuDqaAOh45UAUzF1DrGDsPlAhZvx1ht8dNBrwYlMUxO9w6Tev4ATeDdYyOkCMCxYvHwF5Vwc69xIJAhTyWIe/ozMIj+N16bShlNHd4mJx/hiPPlvmyKLo4DL6uLt89P+facjXg7VVvwuv9Wp7M7NArigpPSlNtOJENqHnM/Qpc0F2DKNOothj5UV2/SKcAFVZppaZp0xOw0mZluskw7 Generated-by-Nova", "private_key": "-----BEGIN RSA PRIVATE KEY-----\nMIIEqAIBAAKCAQEAq3TmvfDcVkTWn68NIbTETyA0sEHsspMREsPhXKroQxh7g8IX\njF1haAh8CCzoSSDuoBiG1mlPz5x8k32mONxfQs4UUgg7Hd/wB64JMLKcfHdmQhHu\nyCITw9JBgGj9fA1avMW7g6mgDoeOVAFMxdQ6xg7D5QIWb8dYbfHTQa8GJTFMTvcO\nk3r+AE3g3WMjpAjAsWLx8BeVcHOvcSCQIU8liHv6MzCI/jdem0oZTR3eJicf4Yjz\n5b5sii6OAy+ri7fPT/n2nI14O1Vb8Lr/VqezOzQK4oKT0pTbTiRDah5zP0KXNBdg\nyjTqLYY+VFdv0inABVWaaWmadMTsNJmZbrJMOwIDAQABAoIBAB1Jw9ywV0MZUTxH\nz8txMJN/oeB18nPysVjuQwHsY+6KMRcpwZIFpYz63g0bdrZ/PKP2bJoVtT92sMUV\nEp7l7hPgVhJJO6f3x+3X6dP6vsZ4MuyYWZywTYYG1Y+U37AgK97RPB3ajO/Och6h\ndjbY8Q1CGm51M9X2TIHDbF3tAvS5Nk4fR+lZ8FDOKtIp9djly6m10PSP+3a3nKCF\n4kMWyQHAe9Tl54PE9IIFk6svTDuOkL49QHrB04qOqL2t9bDWl+nJKWBPAa/2lAxX\nLkFNN8vxkHl/rRrUeJsGSRTDUjlUzwOLSMx3b0oPBfDAWl4d3xzlbCqjODbevySg\n3ncjISECggCBAMGdBM7JfBHNBMlGv2NlTH4jwlqD5h81q9WsrRFoHSQVK2f86oI7\ndVs0Cse5CntCj+4HWJ/hWkOonpYauGkdlPKxc0sESJH6gxt39mLC8aeb/BgE0HRy\neC75o4Np7tZMLP1fs3YcDR43oJUXAASRIvQPWTsPvX93ofsLuGCucxLrAoIAgQDi\ntDJeU0t3oOCwOG5g2IDt4wDHeyw5gDRHnnrLa8+mp5+/V+reIgkOSegWOGDfyzf3\n3XtW681GKlg2Ag+vTmmkVYJGq6EINkAhE6Sys5mqLjMo7EgeW5IzjmfSeffiuc0I\n7x2LyVbi3MI9VW/chzNzj56L2UlA1Q0I6QiqbKc38QKCAIAgs2GFf5hZ9VOynyVi\nJ1DVGTsRSKfMa6c7LrAIeZo6Zuzu4lPFbT90CQUtGH7BtMtUe58nWcuCE++9EIRH\nFLz8hKYhbHbJWRNdx1Qw+BYSphDdCasfj9nmrTlFz9WMEk+i98/6yeAZU3Hm3Hyf\nSNgrepAqnoz2A4GzQhaBFdXPwwKCAIAZ1+7x/87XmVhj3lr+4U95Tup00x7Mg0fy\nbieTbvviBLPaTTxyDDE6FsTFW7H3cSQ1NmNsGj9xYzxhE8UT9/1lBXZvdftKg1y2\nKJYa5Qx8cP3WCXGDPG8jP3Wocc0HZKTyAsg8ejxUalQeR9ITsrnzz4iEasXGBUOS\nI3agbvh1EQKCAIEAgMjHVWTw7e/lLIDea+iLpjhjWC0yvlBoYLWtj954IeOhoUvQ\ndE/RrGm3svyw3LKp0+QpFqEq5mFMG3X2/8G9000GaMCT0Cry+OzqYHZMkt1q+uZb\n6LMc7o8fkKVz6hFvB/j19XIoFfTqZXobfGQfOCjgzzvYg+K9f5gHzQjjIn0=\n-----END RSA PRIVATE KEY-----\n", "user_id": "a5d83cc170244855b445c2840a3a5eb8", "name": "tempest-TestNetworkBasicOps-584344110", "fingerprint": "20:fe:de:45:fb:6b:c7:22:ea:5d:8a:36:17:22:a9:c5"}}
2015-12-07 08:21:46,013 20180 INFO     [tempest_lib.common.rest_client] Request (TestNetworkBasicOps:test_connectivity_between_vms_on_different_networks): 200 POST http://10.0.2.15:5000/v2.0/tokens
2015-12-07 08:21:46,013 20180 DEBUG    [tempest_lib.common.rest_client] Request - Headers: {'Content-Type': 'application/json', 'Accept': 'application/json'}
        Body: &lt;omitted&gt;
    Response - Headers: {'status': '200', 'content-length': '2526', 'vary': 'X-Auth-Token', 'server': 'Apache/2.4.7 (Ubuntu)', 'connection': 'close', 'date': 'Mon, 07 Dec 2015 08:21:45 GMT', 'content-type': 'application/json', 'x-openstack-request-id': 'req-52290244-a631-418e-865b-1136b112a4c5'}
        Body: {"access": {"token": {"issued_at": "2015-12-07T08:21:46.000330", "expires": "2015-12-07T09:21:45Z", "id": "3b93c9c515b7414ca42edd106dac2126", "tenant": {"description": "tempest-TestNetworkBasicOps-127882656-desc", "enabled": true, "id": "942bb71d5bdc4151848f40ce928e6efd", "name": "tempest-TestNetworkBasicOps-127882656"}, "audit_ids": ["wg3ISet-Q5mOu3IYQSaqKQ"]}, "serviceCatalog": [{"endpoints": [{"adminURL": "http://10.0.2.15:8774/v2.1/942bb71d5bdc4151848f40ce928e6efd", "region": "RegionOne", "internalURL": "http://10.0.2.15:8774/v2.1/942bb71d5bdc4151848f40ce928e6efd", "id": "2bcf13ec11ca481f9117001dccdeb703", "publicURL": "http://10.0.2.15:8774/v2.1/942bb71d5bdc4151848f40ce928e6efd"}], "endpoints_links": [], "type": "compute", "name": "nova"}, {"endpoints": [{"adminURL": "http://10.0.2.15:9696/", "region": "RegionOne", "internalURL": "http://10.0.2.15:9696/", "id": "2a56bbca070b4556bd59821cbe598679", "publicURL": "http://10.0.2.15:9696/"}], "endpoints_links": [], "type": "network", "name": "neutron"}, {"endpoints": [{"adminURL": "http://10.0.2.15:9292", "region": "RegionOne", "internalURL": "http://10.0.2.15:9292", "id": "1881a133d16e411fa9b03d4a167803aa", "publicURL": "http://10.0.2.15:9292"}], "endpoints_links": [], "type": "image", "name": "glance"}, {"endpoints": [{"adminURL": "http://10.0.2.15:8774/v2/942bb71d5bdc4151848f40ce928e6efd", "region": "RegionOne", "internalURL": "http://10.0.2.15:8774/v2/942bb71d5bdc4151848f40ce928e6efd", "id": "7ca526d65d63463d8bec64c6f362f79a", "publicURL": "http://10.0.2.15:8774/v2/942bb71d5bdc4151848f40ce928e6efd"}], "endpoints_links": [], "type": "compute_legacy", "name": "nova_legacy"}, {"endpoints": [{"adminURL": "http://10.0.2.15:8773/", "region": "RegionOne", "internalURL": "http://10.0.2.15:8773/", "id": "47693f8f7bf94c01b06c6dd6f1f56741", "publicURL": "http://10.0.2.15:8773/"}], "endpoints_links": [], "type": "ec2", "name": "ec2"}, {"endpoints": [{"adminURL": "http://10.0.2.15:35357/v2.0", "region": "RegionOne", "internalURL": "http://10.0.2.15:5000/v2.0", "id": "2f14539c5cab4028b95b7b4f665f6b4d", "publicURL": "http://10.0.2.15:5000/v2.0"}], "endpoints_links": [], "type": "identity", "name": "keystone"}], "user": {"username": "tempest-TestNetworkBasicOps-504159568", "roles_links": [], "id": "a5d83cc170244855b445c2840a3a5eb8", "roles": [{"name": "_member_"}, {"name": "Member"}], "name": "tempest-TestNetworkBasicOps-504159568"}, "metadata": {"is_admin": 0, "roles": ["9fe2ff9ee4384b1894a90878d3e92bab", "20bdc6f687404d81810a332b2ff21293"]}}}
2015-12-07 08:21:46,019 20180 DEBUG    [tempest.common.fixed_network] (TestNetworkBasicOps:test_connectivity_between_vms_on_different_networks) No valid network provided or created, defaulting to fixed_network_name
2015-12-07 08:21:46,389 20180 INFO     [tempest_lib.common.rest_client] Request (TestNetworkBasicOps:test_connectivity_between_vms_on_different_networks): 200 GET http://10.0.2.15:8774/v2.1/942bb71d5bdc4151848f40ce928e6efd/os-networks 0.369s
2015-12-07 08:21:46,389 20180 DEBUG    [tempest_lib.common.rest_client] Request - Headers: {'Content-Type': 'application/json', 'Accept': 'application/json', 'X-Auth-Token': '&lt;omitted&gt;'}
        Body: None
    Response - Headers: {'status': '200', 'content-length': '478', 'content-location': 'http://10.0.2.15:8774/v2.1/942bb71d5bdc4151848f40ce928e6efd/os-networks', 'x-compute-request-id': 'req-37533bfc-08a3-4a24-a836-e4965ed96c84', 'vary': 'X-OpenStack-Nova-API-Version', 'connection': 'close', 'x-openstack-nova-api-version': '2.1', 'date': 'Mon, 07 Dec 2015 08:21:46 GMT', 'content-type': 'application/json'}
        Body: {"networks": [{"cidr_v6": null, "dns2": null, "dns1": null, "gateway": null, "broadcast": null, "netmask": null, "gateway_v6": null, "cidr": null, "label": "public", "id": "4b1f1bab-efc2-4127-98f6-9972d743b2f2", "netmask_v6": null}, {"cidr_v6": null, "dns2": null, "dns1": null, "gateway": null, "broadcast": null, "netmask": null, "gateway_v6": null, "cidr": null, "label": "tempest-network-smoke--760215067", "id": "fd119d9f-fe7b-4f5d-a518-8de5308d0fcf", "netmask_v6": null}]}
2015-12-07 08:21:46,390 20180 WARNING  [tempest.common.fixed_network] (TestNetworkBasicOps:test_connectivity_between_vms_on_different_networks) Network with name: private not found
2015-12-07 08:21:46,390 20180 INFO     [tempest.common.fixed_network] (TestNetworkBasicOps:test_connectivity_between_vms_on_different_networks) Found network {} available for tenant
2015-12-07 08:21:48,147 20180 INFO     [tempest_lib.common.rest_client] Request (TestNetworkBasicOps:test_connectivity_between_vms_on_different_networks): 202 POST http://10.0.2.15:8774/v2.1/942bb71d5bdc4151848f40ce928e6efd/servers 1.755s
2015-12-07 08:21:48,147 20180 DEBUG    [tempest_lib.common.rest_client] Request - Headers: {'Content-Type': 'application/json', 'Accept': 'application/json', 'X-Auth-Token': '&lt;omitted&gt;'}
        Body: {"server": {"name": "tempest.common.compute-instance-1403065564", "imageRef": "624a1b70-40d2-4eea-8ebb-ed4a45791fd5", "key_name": "tempest-TestNetworkBasicOps-584344110", "flavorRef": "42", "networks": [{"uuid": "fd119d9f-fe7b-4f5d-a518-8de5308d0fcf"}], "security_groups": [{"name": "tempest-secgroup-smoke-1264693479"}]}}
    Response - Headers: {'status': '202', 'content-length': '462', 'x-compute-request-id': 'req-01d2949a-e236-46fe-8ffc-68f5ef01875c', 'vary': 'X-OpenStack-Nova-API-Version', 'connection': 'close', 'location': 'http://10.0.2.15:8774/v2.1/942bb71d5bdc4151848f40ce928e6efd/servers/a89e5ea8-ffdb-4a9d-9175-d893e10c21b9', 'x-openstack-nova-api-version': '2.1', 'date': 'Mon, 07 Dec 2015 08:21:48 GMT', 'content-type': 'application/json'}
        Body: {"server": {"security_groups": [{"name": "tempest-secgroup-smoke-1264693479"}], "OS-DCF:diskConfig": "MANUAL", "id": "a89e5ea8-ffdb-4a9d-9175-d893e10c21b9", "links": [{"href": "http://10.0.2.15:8774/v2.1/942bb71d5bdc4151848f40ce928e6efd/servers/a89e5ea8-ffdb-4a9d-9175-d893e10c21b9", "rel": "self"}, {"href": "http://10.0.2.15:8774/942bb71d5bdc4151848f40ce928e6efd/servers/a89e5ea8-ffdb-4a9d-9175-d893e10c21b9", "rel": "bookmark"}], "adminPass": "z4rTFusDJVSt"}}
2015-12-07 08:21:48,280 20180 INFO     [tempest_lib.common.rest_client] Request (TestNetworkBasicOps:test_connectivity_between_vms_on_different_networks): 200 GET http://10.0.2.15:8774/v2.1/942bb71d5bdc4151848f40ce928e6efd/servers/a89e5ea8-ffdb-4a9d-9175-d893e10c21b9 0.127s
2015-12-07 08:21:48,280 20180 DEBUG    [tempest_lib.common.rest_client] Request - Headers: {'Content-Type': 'application/json', 'Accept': 'application/json', 'X-Auth-Token': '&lt;omitted&gt;'}
        Body: None
    Response - Headers: {'status': '200', 'content-length': '1355', 'content-location': 'http://10.0.2.15:8774/v2.1/942bb71d5bdc4151848f40ce928e6efd/servers/a89e5ea8-ffdb-4a9d-9175-d893e10c21b9', 'x-compute-request-id': 'req-9ad04a05-a90d-4f4f-a8f4-a41b9585b35c', 'vary': 'X-OpenStack-Nova-API-Version', 'connection': 'close', 'x-openstack-nova-api-version': '2.1', 'date': 'Mon, 07 Dec 2015 08:21:48 GMT', 'content-type': 'application/json'}
        Body: {"server": {"status": "BUILD", "updated": "2015-12-07T08:21:48Z", "hostId": "", "addresses": {}, "links": [{"href": "http://10.0.2.15:8774/v2.1/942bb71d5bdc4151848f40ce928e6efd/servers/a89e5ea8-ffdb-4a9d-9175-d893e10c21b9", "rel": "self"}, {"href": "http://10.0.2.15:8774/942bb71d5bdc4151848f40ce928e6efd/servers/a89e5ea8-ffdb-4a9d-9175-d893e10c21b9", "rel": "bookmark"}], "key_name": "tempest-TestNetworkBasicOps-584344110", "image": {"id": "624a1b70-40d2-4eea-8ebb-ed4a45791fd5", "links": [{"href": "http://10.0.2.15:8774/942bb71d5bdc4151848f40ce928e6efd/images/624a1b70-40d2-4eea-8ebb-ed4a45791fd5", "rel": "bookmark"}]}, "OS-EXT-STS:task_state": "scheduling", "OS-EXT-STS:vm_state": "building", "OS-SRV-USG:launched_at": null, "flavor": {"id": "42", "links": [{"href": "http://10.0.2.15:8774/942bb71d5bdc4151848f40ce928e6efd/flavors/42", "rel": "bookmark"}]}, "id": "a89e5ea8-ffdb-4a9d-9175-d893e10c21b9", "OS-SRV-USG:terminated_at": null, "OS-EXT-AZ:availability_zone": "", "user_id": "a5d83cc170244855b445c2840a3a5eb8", "name": "tempest.common.compute-instance-1403065564", "created": "2015-12-07T08:21:48Z", "tenant_id": "942bb71d5bdc4151848f40ce928e6efd", "OS-DCF:diskConfig": "MANUAL", "os-extended-volumes:volumes_attached": [], "accessIPv4": "", "accessIPv6": "", "progress": 0, "OS-EXT-STS:power_state": 0, "config_drive": "", "metadata": {}}}
2015-12-07 08:21:49,443 20180 INFO     [tempest_lib.common.rest_client] Request (TestNetworkBasicOps:test_connectivity_between_vms_on_different_networks): 200 GET http://10.0.2.15:8774/v2.1/942bb71d5bdc4151848f40ce928e6efd/servers/a89e5ea8-ffdb-4a9d-9175-d893e10c21b9 0.152s
2015-12-07 08:21:49,443 20180 DEBUG    [tempest_lib.common.rest_client] Request - Headers: {'Content-Type': 'application/json', 'Accept': 'application/json', 'X-Auth-Token': '&lt;omitted&gt;'}
        Body: None
    Response - Headers: {'status': '200', 'content-length': '1413', 'content-location': 'http://10.0.2.15:8774/v2.1/942bb71d5bdc4151848f40ce928e6efd/servers/a89e5ea8-ffdb-4a9d-9175-d893e10c21b9', 'x-compute-request-id': 'req-398800f1-b5d0-49fc-ba94-2bc9b3dad551', 'vary': 'X-OpenStack-Nova-API-Version', 'connection': 'close', 'x-openstack-nova-api-version': '2.1', 'date': 'Mon, 07 Dec 2015 08:21:49 GMT', 'content-type': 'application/json'}
        Body: {"server": {"status": "BUILD", "updated": "2015-12-07T08:21:49Z", "hostId": "ce794fbf31f7aa9feb4b95f4ec213efe8d9d423e3806d920a836f2aa", "addresses": {}, "links": [{"href": "http://10.0.2.15:8774/v2.1/942bb71d5bdc4151848f40ce928e6efd/servers/a89e5ea8-ffdb-4a9d-9175-d893e10c21b9", "rel": "self"}, {"href": "http://10.0.2.15:8774/942bb71d5bdc4151848f40ce928e6efd/servers/a89e5ea8-ffdb-4a9d-9175-d893e10c21b9", "rel": "bookmark"}], "key_name": "tempest-TestNetworkBasicOps-584344110", "image": {"id": "624a1b70-40d2-4eea-8ebb-ed4a45791fd5", "links": [{"href": "http://10.0.2.15:8774/942bb71d5bdc4151848f40ce928e6efd/images/624a1b70-40d2-4eea-8ebb-ed4a45791fd5", "rel": "bookmark"}]}, "OS-EXT-STS:task_state": "spawning", "OS-EXT-STS:vm_state": "building", "OS-SRV-USG:launched_at": null, "flavor": {"id": "42", "links": [{"href": "http://10.0.2.15:8774/942bb71d5bdc4151848f40ce928e6efd/flavors/42", "rel": "bookmark"}]}, "id": "a89e5ea8-ffdb-4a9d-9175-d893e10c21b9", "OS-SRV-USG:terminated_at": null, "OS-EXT-AZ:availability_zone": "nova", "user_id": "a5d83cc170244855b445c2840a3a5eb8", "name": "tempest.common.compute-instance-1403065564", "created": "2015-12-07T08:21:48Z", "tenant_id": "942bb71d5bdc4151848f40ce928e6efd", "OS-DCF:diskConfig": "MANUAL", "os-extended-volumes:volumes_attached": [], "accessIPv4": "", "accessIPv6": "", "progress": 0, "OS-EXT-STS:power_state": 0, "config_drive": "", "metadata": {}}}
2015-12-07 08:21:49,457 20180 INFO     [tempest.common.waiters] State transition "BUILD/scheduling" ==&gt; "BUILD/spawning" after 1 second wait
2015-12-07 08:21:50,687 20180 INFO     [tempest_lib.common.rest_client] Request (TestNetworkBasicOps:test_connectivity_between_vms_on_different_networks): 200 GET http://10.0.2.15:8774/v2.1/942bb71d5bdc4151848f40ce928e6efd/servers/a89e5ea8-ffdb-4a9d-9175-d893e10c21b9 0.228s
2015-12-07 08:21:50,688 20180 DEBUG    [tempest_lib.common.rest_client] Request - Headers: {'Content-Type': 'application/json', 'Accept': 'application/json', 'X-Auth-Token': '&lt;omitted&gt;'}
        Body: None
    Response - Headers: {'status': '200', 'content-length': '1481', 'content-location': 'http://10.0.2.15:8774/v2.1/942bb71d5bdc4151848f40ce928e6efd/servers/a89e5ea8-ffdb-4a9d-9175-d893e10c21b9', 'x-compute-request-id': 'req-409bfad6-3c44-4bd7-b66b-442698289ae9', 'vary': 'X-OpenStack-Nova-API-Version', 'connection': 'close', 'x-openstack-nova-api-version': '2.1', 'date': 'Mon, 07 Dec 2015 08:21:50 GMT', 'content-type': 'application/json'}
        Body: {"server": {"status": "BUILD", "updated": "2015-12-07T08:21:49Z", "hostId": "ce794fbf31f7aa9feb4b95f4ec213efe8d9d423e3806d920a836f2aa", "addresses": {}, "links": [{"href": "http://10.0.2.15:8774/v2.1/942bb71d5bdc4151848f40ce928e6efd/servers/a89e5ea8-ffdb-4a9d-9175-d893e10c21b9", "rel": "self"}, {"href": "http://10.0.2.15:8774/942bb71d5bdc4151848f40ce928e6efd/servers/a89e5ea8-ffdb-4a9d-9175-d893e10c21b9", "rel": "bookmark"}], "key_name": "tempest-TestNetworkBasicOps-584344110", "image": {"id": "624a1b70-40d2-4eea-8ebb-ed4a45791fd5", "links": [{"href": "http://10.0.2.15:8774/942bb71d5bdc4151848f40ce928e6efd/images/624a1b70-40d2-4eea-8ebb-ed4a45791fd5", "rel": "bookmark"}]}, "OS-EXT-STS:task_state": "spawning", "OS-EXT-STS:vm_state": "building", "OS-SRV-USG:launched_at": null, "flavor": {"id": "42", "links": [{"href": "http://10.0.2.15:8774/942bb71d5bdc4151848f40ce928e6efd/flavors/42", "rel": "bookmark"}]}, "id": "a89e5ea8-ffdb-4a9d-9175-d893e10c21b9", "security_groups": [{"name": "tempest-secgroup-smoke-1264693479"}], "OS-SRV-USG:terminated_at": null, "OS-EXT-AZ:availability_zone": "nova", "user_id": "a5d83cc170244855b445c2840a3a5eb8", "name": "tempest.common.compute-instance-1403065564", "created": "2015-12-07T08:21:48Z", "tenant_id": "942bb71d5bdc4151848f40ce928e6efd", "OS-DCF:diskConfig": "MANUAL", "os-extended-volumes:volumes_attached": [], "accessIPv4": "", "accessIPv6": "", "progress": 0, "OS-EXT-STS:power_state": 0, "config_drive": "", "metadata": {}}}
2015-12-07 08:21:51,950 20180 INFO     [tempest_lib.common.rest_client] Request (TestNetworkBasicOps:test_connectivity_between_vms_on_different_networks): 200 GET http://10.0.2.15:8774/v2.1/942bb71d5bdc4151848f40ce928e6efd/servers/a89e5ea8-ffdb-4a9d-9175-d893e10c21b9 0.252s
2015-12-07 08:21:51,951 20180 DEBUG    [tempest_lib.common.rest_client] Request - Headers: {'Content-Type': 'application/json', 'Accept': 'application/json', 'X-Auth-Token': '&lt;omitted&gt;'}
        Body: None
    Response - Headers: {'status': '200', 'content-length': '1652', 'content-location': 'http://10.0.2.15:8774/v2.1/942bb71d5bdc4151848f40ce928e6efd/servers/a89e5ea8-ffdb-4a9d-9175-d893e10c21b9', 'x-compute-request-id': 'req-694bc823-08a7-471a-8dbd-dd2bbd5a17e1', 'vary': 'X-OpenStack-Nova-API-Version', 'connection': 'close', 'x-openstack-nova-api-version': '2.1', 'date': 'Mon, 07 Dec 2015 08:21:51 GMT', 'content-type': 'application/json'}
        Body: {"server": {"status": "ACTIVE", "updated": "2015-12-07T08:21:51Z", "hostId": "ce794fbf31f7aa9feb4b95f4ec213efe8d9d423e3806d920a836f2aa", "addresses": {"tempest-network-smoke--760215067": [{"OS-EXT-IPS-MAC:mac_addr": "fa:16:3e:82:97:33", "version": 4, "addr": "10.100.0.3", "OS-EXT-IPS:type": "fixed"}]}, "links": [{"href": "http://10.0.2.15:8774/v2.1/942bb71d5bdc4151848f40ce928e6efd/servers/a89e5ea8-ffdb-4a9d-9175-d893e10c21b9", "rel": "self"}, {"href": "http://10.0.2.15:8774/942bb71d5bdc4151848f40ce928e6efd/servers/a89e5ea8-ffdb-4a9d-9175-d893e10c21b9", "rel": "bookmark"}], "key_name": "tempest-TestNetworkBasicOps-584344110", "image": {"id": "624a1b70-40d2-4eea-8ebb-ed4a45791fd5", "links": [{"href": "http://10.0.2.15:8774/942bb71d5bdc4151848f40ce928e6efd/images/624a1b70-40d2-4eea-8ebb-ed4a45791fd5", "rel": "bookmark"}]}, "OS-EXT-STS:task_state": null, "OS-EXT-STS:vm_state": "active", "OS-SRV-USG:launched_at": "2015-12-07T08:21:51.000000", "flavor": {"id": "42", "links": [{"href": "http://10.0.2.15:8774/942bb71d5bdc4151848f40ce928e6efd/flavors/42", "rel": "bookmark"}]}, "id": "a89e5ea8-ffdb-4a9d-9175-d893e10c21b9", "security_groups": [{"name": "tempest-secgroup-smoke-1264693479"}], "OS-SRV-USG:terminated_at": null, "OS-EXT-AZ:availability_zone": "nova", "user_id": "a5d83cc170244855b445c2840a3a5eb8", "name": "tempest.common.compute-instance-1403065564", "created": "2015-12-07T08:21:48Z", "tenant_id": "942bb71d5bdc4151848f40ce928e6efd", "OS-DCF:diskConfig": "MANUAL", "os-extended-volumes:volumes_attached": [], "accessIPv4": "", "accessIPv6": "", "progress": 0, "OS-EXT-STS:power_state": 1, "config_drive": "True", "metadata": {}}}
2015-12-07 08:21:51,960 20180 INFO     [tempest.common.waiters] State transition "BUILD/spawning" ==&gt; "ACTIVE/None" after 3 second wait
2015-12-07 08:21:52,153 20180 INFO     [tempest_lib.common.rest_client] Request (TestNetworkBasicOps:test_connectivity_between_vms_on_different_networks): 200 GET http://10.0.2.15:8774/v2.1/942bb71d5bdc4151848f40ce928e6efd/servers/a89e5ea8-ffdb-4a9d-9175-d893e10c21b9 0.192s
2015-12-07 08:21:52,153 20180 DEBUG    [tempest_lib.common.rest_client] Request - Headers: {'Content-Type': 'application/json', 'Accept': 'application/json', 'X-Auth-Token': '&lt;omitted&gt;'}
        Body: None
    Response - Headers: {'status': '200', 'content-length': '1652', 'content-location': 'http://10.0.2.15:8774/v2.1/942bb71d5bdc4151848f40ce928e6efd/servers/a89e5ea8-ffdb-4a9d-9175-d893e10c21b9', 'x-compute-request-id': 'req-9efabae7-9ce8-4619-8ea4-82ebb480a742', 'vary': 'X-OpenStack-Nova-API-Version', 'connection': 'close', 'x-openstack-nova-api-version': '2.1', 'date': 'Mon, 07 Dec 2015 08:21:52 GMT', 'content-type': 'application/json'}
        Body: {"server": {"status": "ACTIVE", "updated": "2015-12-07T08:21:51Z", "hostId": "ce794fbf31f7aa9feb4b95f4ec213efe8d9d423e3806d920a836f2aa", "addresses": {"tempest-network-smoke--760215067": [{"OS-EXT-IPS-MAC:mac_addr": "fa:16:3e:82:97:33", "version": 4, "addr": "10.100.0.3", "OS-EXT-IPS:type": "fixed"}]}, "links": [{"href": "http://10.0.2.15:8774/v2.1/942bb71d5bdc4151848f40ce928e6efd/servers/a89e5ea8-ffdb-4a9d-9175-d893e10c21b9", "rel": "self"}, {"href": "http://10.0.2.15:8774/942bb71d5bdc4151848f40ce928e6efd/servers/a89e5ea8-ffdb-4a9d-9175-d893e10c21b9", "rel": "bookmark"}], "key_name": "tempest-TestNetworkBasicOps-584344110", "image": {"id": "624a1b70-40d2-4eea-8ebb-ed4a45791fd5", "links": [{"href": "http://10.0.2.15:8774/942bb71d5bdc4151848f40ce928e6efd/images/624a1b70-40d2-4eea-8ebb-ed4a45791fd5", "rel": "bookmark"}]}, "OS-EXT-STS:task_state": null, "OS-EXT-STS:vm_state": "active", "OS-SRV-USG:launched_at": "2015-12-07T08:21:51.000000", "flavor": {"id": "42", "links": [{"href": "http://10.0.2.15:8774/942bb71d5bdc4151848f40ce928e6efd/flavors/42", "rel": "bookmark"}]}, "id": "a89e5ea8-ffdb-4a9d-9175-d893e10c21b9", "security_groups": [{"name": "tempest-secgroup-smoke-1264693479"}], "OS-SRV-USG:terminated_at": null, "OS-EXT-AZ:availability_zone": "nova", "user_id": "a5d83cc170244855b445c2840a3a5eb8", "name": "tempest.common.compute-instance-1403065564", "created": "2015-12-07T08:21:48Z", "tenant_id": "942bb71d5bdc4151848f40ce928e6efd", "OS-DCF:diskConfig": "MANUAL", "os-extended-volumes:volumes_attached": [], "accessIPv4": "", "accessIPv6": "", "progress": 0, "OS-EXT-STS:power_state": 1, "config_drive": "True", "metadata": {}}}
2015-12-07 08:21:52,162 20180 INFO     [tempest.scenario.manager] Tenant networks not configured to be reachable.
2015-12-07 08:21:52,195 20180 INFO     [tempest_lib.common.rest_client] Request (TestNetworkBasicOps:test_connectivity_between_vms_on_different_networks): 200 GET http://10.0.2.15:9696/v2.0/ports?status=ACTIVE&amp;fixed_ip=None&amp;device_id=a89e5ea8-ffdb-4a9d-9175-d893e10c21b9 0.032s
2015-12-07 08:21:52,195 20180 DEBUG    [tempest_lib.common.rest_client] Request - Headers: {'Content-Type': 'application/json', 'Accept': 'application/json', 'X-Auth-Token': '&lt;omitted&gt;'}
        Body: None
    Response - Headers: {'status': '200', 'content-length': '895', 'content-location': 'http://10.0.2.15:9696/v2.0/ports?status=ACTIVE&amp;fixed_ip=None&amp;device_id=a89e5ea8-ffdb-4a9d-9175-d893e10c21b9', 'connection': 'close', 'date': 'Mon, 07 Dec 2015 08:21:52 GMT', 'content-type': 'application/json; charset=UTF-8', 'x-openstack-request-id': 'req-23062c2d-c631-4b85-81bf-e9329acbc516'}
        Body: {"ports": [{"status": "ACTIVE", "binding:host_id": "vagrant-ubuntu-trusty-64", "allowed_address_pairs": [], "extra_dhcp_opts": [], "dns_assignment": [{"hostname": "host-10-100-0-3", "ip_address": "10.100.0.3", "fqdn": "host-10-100-0-3.openstacklocal."}], "device_owner": "compute:None", "port_security_enabled": true, "binding:profile": {}, "fixed_ips": [{"subnet_id": "3c219738-f5e0-46a2-8666-5bbdd1bc173b", "ip_address": "10.100.0.3"}], "id": "a09df8a1-92fd-447f-a015-afc7978a7a9f", "security_groups": ["c32d00cb-7db3-4119-a42a-f6c73701fcdd"], "device_id": "a89e5ea8-ffdb-4a9d-9175-d893e10c21b9", "name": "", "admin_state_up": true, "network_id": "fd119d9f-fe7b-4f5d-a518-8de5308d0fcf", "dns_name": "", "binding:vif_details": {"port_filter": true}, "binding:vnic_type": "normal", "binding:vif_type": "ovs", "tenant_id": "942bb71d5bdc4151848f40ce928e6efd", "mac_address": "fa:16:3e:82:97:33"}]}
2015-12-07 08:21:52,695 20180 INFO     [tempest_lib.common.rest_client] Request (TestNetworkBasicOps:test_connectivity_between_vms_on_different_networks): 201 POST http://10.0.2.15:9696/v2.0/floatingips 0.499s
2015-12-07 08:21:52,696 20180 DEBUG    [tempest_lib.common.rest_client] Request - Headers: {'Content-Type': 'application/json', 'Accept': 'application/json', 'X-Auth-Token': '&lt;omitted&gt;'}
        Body: {"floatingip": {"floating_network_id": "4b1f1bab-efc2-4127-98f6-9972d743b2f2", "tenant_id": "942bb71d5bdc4151848f40ce928e6efd", "fixed_ip_address": "10.100.0.3", "port_id": "a09df8a1-92fd-447f-a015-afc7978a7a9f"}}
    Response - Headers: {'status': '201', 'content-length': '367', 'connection': 'close', 'date': 'Mon, 07 Dec 2015 08:21:52 GMT', 'content-type': 'application/json; charset=UTF-8', 'x-openstack-request-id': 'req-92bc8818-68a2-4f07-b9d7-ebc15b06e8df'}
        Body: {"floatingip": {"floating_network_id": "4b1f1bab-efc2-4127-98f6-9972d743b2f2", "router_id": "d11b1cac-1643-4f20-9aed-bba6cb52ab26", "fixed_ip_address": "10.100.0.3", "floating_ip_address": "172.24.4.4", "tenant_id": "942bb71d5bdc4151848f40ce928e6efd", "status": "DOWN", "port_id": "a09df8a1-92fd-447f-a015-afc7978a7a9f", "id": "c21d86a4-1abb-4312-9d6e-089fc5d27872"}}
2015-12-07 08:21:52,710 20180 INFO     [tempest_lib.common.rest_client] Request (TestNetworkBasicOps:test_connectivity_between_vms_on_different_networks): 200 GET http://10.0.2.15:9696/v2.0/floatingips/c21d86a4-1abb-4312-9d6e-089fc5d27872 0.013s
2015-12-07 08:21:52,710 20180 DEBUG    [tempest_lib.common.rest_client] Request - Headers: {'Content-Type': 'application/json', 'Accept': 'application/json', 'X-Auth-Token': '&lt;omitted&gt;'}
        Body: None
    Response - Headers: {'status': '200', 'content-length': '367', 'content-location': 'http://10.0.2.15:9696/v2.0/floatingips/c21d86a4-1abb-4312-9d6e-089fc5d27872', 'connection': 'close', 'date': 'Mon, 07 Dec 2015 08:21:52 GMT', 'content-type': 'application/json; charset=UTF-8', 'x-openstack-request-id': 'req-958ca8f6-8785-4dd7-a83c-5071c9ebeb89'}
        Body: {"floatingip": {"floating_network_id": "4b1f1bab-efc2-4127-98f6-9972d743b2f2", "router_id": "d11b1cac-1643-4f20-9aed-bba6cb52ab26", "fixed_ip_address": "10.100.0.3", "floating_ip_address": "172.24.4.4", "tenant_id": "942bb71d5bdc4151848f40ce928e6efd", "status": "DOWN", "port_id": "a09df8a1-92fd-447f-a015-afc7978a7a9f", "id": "c21d86a4-1abb-4312-9d6e-089fc5d27872"}}
2015-12-07 08:21:53,723 20180 INFO     [tempest_lib.common.rest_client] Request (TestNetworkBasicOps:test_connectivity_between_vms_on_different_networks): 200 GET http://10.0.2.15:9696/v2.0/floatingips/c21d86a4-1abb-4312-9d6e-089fc5d27872 0.012s
2015-12-07 08:21:53,723 20180 DEBUG    [tempest_lib.common.rest_client] Request - Headers: {'Content-Type': 'application/json', 'Accept': 'application/json', 'X-Auth-Token': '&lt;omitted&gt;'}
        Body: None
    Response - Headers: {'status': '200', 'content-length': '369', 'content-location': 'http://10.0.2.15:9696/v2.0/floatingips/c21d86a4-1abb-4312-9d6e-089fc5d27872', 'connection': 'close', 'date': 'Mon, 07 Dec 2015 08:21:53 GMT', 'content-type': 'application/json; charset=UTF-8', 'x-openstack-request-id': 'req-3ee0b17c-4712-4d3e-81fd-b830301b5a52'}
        Body: {"floatingip": {"floating_network_id": "4b1f1bab-efc2-4127-98f6-9972d743b2f2", "router_id": "d11b1cac-1643-4f20-9aed-bba6cb52ab26", "fixed_ip_address": "10.100.0.3", "floating_ip_address": "172.24.4.4", "tenant_id": "942bb71d5bdc4151848f40ce928e6efd", "status": "ACTIVE", "port_id": "a09df8a1-92fd-447f-a015-afc7978a7a9f", "id": "c21d86a4-1abb-4312-9d6e-089fc5d27872"}}
2015-12-07 08:21:53,724 20180 INFO     [tempest.scenario.manager] FloatingIP: &lt;"FloatingIP" addr="172.24.4.4" id="c21d86a4-1abb-4312-9d6e-089fc5d27872"&gt; is at status: ACTIVE
2015-12-07 08:21:53,725 20180 DEBUG    [tempest.scenario.manager] checking network connections to IP 172.24.4.4 with user: cirros
2015-12-07 08:21:53,725 20180 DEBUG    [tempest.scenario.manager] TestNetworkBasicOps:test_connectivity_between_vms_on_different_networks begins to ping 172.24.4.4 in 120 sec and the expected result is reachable
2015-12-07 08:23:54,062 20180 DEBUG    [tempest.scenario.manager] TestNetworkBasicOps:test_connectivity_between_vms_on_different_networks finishes ping 172.24.4.4 in 120 sec and the ping result is unexpected
2015-12-07 08:23:54,064 20180 ERROR    [tempest.scenario.manager] Public network connectivity check failed
2015-12-07 08:23:54.064 20180 ERROR tempest.scenario.manager Traceback (most recent call last):
2015-12-07 08:23:54.064 20180 ERROR tempest.scenario.manager   File "tempest/scenario/manager.py", line 606, in check_public_network_connectivity
2015-12-07 08:23:54.064 20180 ERROR tempest.scenario.manager     should_connect=should_connect)
2015-12-07 08:23:54.064 20180 ERROR tempest.scenario.manager   File "tempest/scenario/manager.py", line 590, in check_vm_connectivity
2015-12-07 08:23:54.064 20180 ERROR tempest.scenario.manager     msg=msg)
2015-12-07 08:23:54.064 20180 ERROR tempest.scenario.manager   File "/usr/local/lib/python2.7/dist-packages/unittest2/case.py", line 702, in assertTrue
2015-12-07 08:23:54.064 20180 ERROR tempest.scenario.manager     raise self.failureException(msg)
2015-12-07 08:23:54.064 20180 ERROR tempest.scenario.manager AssertionError: False is not true : Timed out waiting for 172.24.4.4 to become reachable
2015-12-07 08:23:54.064 20180 ERROR tempest.scenario.manager 
2015-12-07 08:23:54,405 20180 INFO     [tempest_lib.common.rest_client] Request (TestNetworkBasicOps:test_connectivity_between_vms_on_different_networks): 200 POST http://10.0.2.15:8774/v2.1/942bb71d5bdc4151848f40ce928e6efd/servers/a89e5ea8-ffdb-4a9d-9175-d893e10c21b9/action 0.337s
2015-12-07 08:23:54,406 20180 DEBUG    [tempest_lib.common.rest_client] Request - Headers: {'Content-Type': 'application/json', 'Accept': 'application/json', 'X-Auth-Token': '&lt;omitted&gt;'}
        Body: {"os-getConsoleOutput": {}}
    Response - Headers: {'status': '200', 'content-length': '17429', 'x-compute-request-id': 'req-b6ef0611-e416-4b50-89a2-6758a195634e', 'vary': 'X-OpenStack-Nova-API-Version', 'connection': 'close', 'x-openstack-nova-api-version': '2.1', 'date': 'Mon, 07 Dec 2015 08:23:54 GMT', 'content-type': 'application/json'}
        Body: {"output": "[    0.000000] Initializing cgroup subsys cpuset\n[    0.000000] Initializing cgroup subsys cpu\n[    0.000000] Linux version 3.2.0-80-virtual (buildd@batsu) (gcc version 4.6.3 (Ubuntu/Linaro 4.6.3-1ubuntu5) ) #116-Ubuntu SMP Mon Mar 23 17:28:52 UTC 2015 (Ubuntu 3.2.0-80.116-virtual 3.2.68)\n[    0.000000] Command line: root=/dev/vda console=tty0 console=ttyS0 no_timer_check\n[    0.000000] KERNEL supported cpus:\n[    0.000000]   Intel GenuineIntel\n[    0.000000]   AMD AuthenticAMD\n[    0.000000]   Centaur CentaurHauls\n[    0.000000] BIOS-provided physical RAM map:\n[    0.000000]  BIOS-e820: 0000000000000000 - 000000000009fc00 (usable)\n[    0.000000]  BIOS-e820: 000000000009fc00 - 00000000000a0000 (reserved)\n[    0.000000]  BIOS-e820: 00000000000f0000 - 0000000000100000 (reserved)\n[    0.000000]  BIOS-e820: 0000000000100000 - 0000000003ffe000 (usable)\n[    0.000000]  BIOS-e820: 0000000003ffe000 - 0000000004000000 (reserved)\n[    0.000000]  BIOS-e820: 00000000fffc0000 - 0000000100000000 (reserved)\n[    0.000000] NX (Execute Disable) protection: active\n[    0.000000] SMBIOS 2.4 present.\n[    0.000000] No AGP bridge found\n[    0.000000] last_pfn = 0x3ffe max_arch_pfn = 0x400000000\n[    0.000000] x86 PAT enabled: cpu 0, old 0x7040600070406, new 0x7010600070106\n[    0.000000] found SMP MP-table at [ffff8800000f0b00] f0b00\n[    0.000000] init_memory_mapping: 0000000000000000-0000000003ffe000\n[    0.000000] RAMDISK: 03c5e000 - 03ff0000\n[    0.000000] ACPI: RSDP 00000000000f0950 00014 (v00 BOCHS )\n[    0.000000] ACPI: RSDT 0000000003fffbc1 00034 (v01 BOCHS  BXPCRSDT 00000001 BXPC 00000001)\n[    0.000000] ACPI: FACP 0000000003fff1c0 00074 (v01 BOCHS  BXPCFACP 00000001 BXPC 00000001)\n[    0.000000] ACPI: DSDT 0000000003ffe040 01180 (v01 BOCHS  BXPCDSDT 00000001 BXPC 00000001)\n[    0.000000] ACPI: FACS 0000000003ffe000 00040\n[    0.000000] ACPI: SSDT 0000000003fff234 008DD (v01 BOCHS  BXPCSSDT 00000001 BXPC 00000001)\n[    0.000000] ACPI: APIC 0000000003fffb11 00078 (v01 BOCHS  BXPCAPIC 00000001 BXPC 00000001)\n[    0.000000] ACPI: HPET 0000000003fffb89 00038 (v01 BOCHS  BXPCHPET 00000001 BXPC 00000001)\n[    0.000000] No NUMA configuration found\n[    0.000000] Faking a node at 0000000000000000-0000000003ffe000\n[    0.000000] Initmem setup node 0 0000000000000000-0000000003ffe000\n[    0.000000]   NODE_DATA [0000000003ff6000 - 0000000003ffafff]\n[    0.000000] Zone PFN ranges:\n[    0.000000]   DMA      0x00000010 -&gt; 0x00001000\n[    0.000000]   DMA32    0x00001000 -&gt; 0x00100000\n[    0.000000]   Normal   empty\n[    0.000000] Movable zone start PFN for each node\n[    0.000000] early_node_map[2] active PFN ranges\n[    0.000000]     0: 0x00000010 -&gt; 0x0000009f\n[    0.000000]     0: 0x00000100 -&gt; 0x00003ffe\n[    0.000000] ACPI: PM-Timer IO Port: 0xb008\n[    0.000000] ACPI: LAPIC (acpi_id[0x00] lapic_id[0x00] enabled)\n[    0.000000] ACPI: LAPIC_NMI (acpi_id[0xff] dfl dfl lint[0x1])\n[    0.000000] ACPI: IOAPIC (id[0x00] address[0xfec00000] gsi_base[0])\n[    0.000000] IOAPIC[0]: apic_id 0, version 17, address 0xfec00000, GSI 0-23\n[    0.000000] ACPI: INT_SRC_OVR (bus 0 bus_irq 0 global_irq 2 dfl dfl)\n[    0.000000] ACPI: INT_SRC_OVR (bus 0 bus_irq 5 global_irq 5 high level)\n[    0.000000] ACPI: INT_SRC_OVR (bus 0 bus_irq 9 global_irq 9 high level)\n[    0.000000] ACPI: INT_SRC_OVR (bus 0 bus_irq 10 global_irq 10 high level)\n[    0.000000] ACPI: INT_SRC_OVR (bus 0 bus_irq 11 global_irq 11 high level)\n[    0.000000] Using ACPI (MADT) for SMP configuration information\n[    0.000000] ACPI: HPET id: 0x8086a201 base: 0xfed00000\n[    0.000000] SMP: Allowing 1 CPUs, 0 hotplug CPUs\n[    0.000000] PM: Registered nosave memory: 000000000009f000 - 00000000000a0000\n[    0.000000] PM: Registered nosave memory: 00000000000a0000 - 00000000000f0000\n[    0.000000] PM: Registered nosave memory: 00000000000f0000 - 0000000000100000\n[    0.000000] Allocating PCI resources starting at 4000000 (gap: 4000000:fbfc0000)\n[    0.000000] Booting paravirtualized kernel on bare hardware\n[    0.000000] setup_pe
2015-12-07 08:23:54,409 20180 DEBUG    [tempest.scenario.manager] Console output for a89e5ea8-ffdb-4a9d-9175-d893e10c21b9
body=
[    0.000000] Initializing cgroup subsys cpuset
[    0.000000] Initializing cgroup subsys cpu
[    0.000000] Linux version 3.2.0-80-virtual (buildd@batsu) (gcc version 4.6.3 (Ubuntu/Linaro 4.6.3-1ubuntu5) ) #116-Ubuntu SMP Mon Mar 23 17:28:52 UTC 2015 (Ubuntu 3.2.0-80.116-virtual 3.2.68)
[    0.000000] Command line: root=/dev/vda console=tty0 console=ttyS0 no_timer_check
[    0.000000] KERNEL supported cpus:
[    0.000000]   Intel GenuineIntel
[    0.000000]   AMD AuthenticAMD
[    0.000000]   Centaur CentaurHauls
[    0.000000] BIOS-provided physical RAM map:
[    0.000000]  BIOS-e820: 0000000000000000 - 000000000009fc00 (usable)
[    0.000000]  BIOS-e820: 000000000009fc00 - 00000000000a0000 (reserved)
[    0.000000]  BIOS-e820: 00000000000f0000 - 0000000000100000 (reserved)
[    0.000000]  BIOS-e820: 0000000000100000 - 0000000003ffe000 (usable)
[    0.000000]  BIOS-e820: 0000000003ffe000 - 0000000004000000 (reserved)
[    0.000000]  BIOS-e820: 00000000fffc0000 - 0000000100000000 (reserved)
[    0.000000] NX (Execute Disable) protection: active
[    0.000000] SMBIOS 2.4 present.
[    0.000000] No AGP bridge found
[    0.000000] last_pfn = 0x3ffe max_arch_pfn = 0x400000000
[    0.000000] x86 PAT enabled: cpu 0, old 0x7040600070406, new 0x7010600070106
[    0.000000] found SMP MP-table at [ffff8800000f0b00] f0b00
[    0.000000] init_memory_mapping: 0000000000000000-0000000003ffe000
[    0.000000] RAMDISK: 03c5e000 - 03ff0000
[    0.000000] ACPI: RSDP 00000000000f0950 00014 (v00 BOCHS )
[    0.000000] ACPI: RSDT 0000000003fffbc1 00034 (v01 BOCHS  BXPCRSDT 00000001 BXPC 00000001)
[    0.000000] ACPI: FACP 0000000003fff1c0 00074 (v01 BOCHS  BXPCFACP 00000001 BXPC 00000001)
[    0.000000] ACPI: DSDT 0000000003ffe040 01180 (v01 BOCHS  BXPCDSDT 00000001 BXPC 00000001)
[    0.000000] ACPI: FACS 0000000003ffe000 00040
[    0.000000] ACPI: SSDT 0000000003fff234 008DD (v01 BOCHS  BXPCSSDT 00000001 BXPC 00000001)
[    0.000000] ACPI: APIC 0000000003fffb11 00078 (v01 BOCHS  BXPCAPIC 00000001 BXPC 00000001)
[    0.000000] ACPI: HPET 0000000003fffb89 00038 (v01 BOCHS  BXPCHPET 00000001 BXPC 00000001)
[    0.000000] No NUMA configuration found
[    0.000000] Faking a node at 0000000000000000-0000000003ffe000
[    0.000000] Initmem setup node 0 0000000000000000-0000000003ffe000
[    0.000000]   NODE_DATA [0000000003ff6000 - 0000000003ffafff]
[    0.000000] Zone PFN ranges:
[    0.000000]   DMA      0x00000010 -&gt; 0x00001000
[    0.000000]   DMA32    0x00001000 -&gt; 0x00100000
[    0.000000]   Normal   empty
[    0.000000] Movable zone start PFN for each node
[    0.000000] early_node_map[2] active PFN ranges
[    0.000000]     0: 0x00000010 -&gt; 0x0000009f
[    0.000000]     0: 0x00000100 -&gt; 0x00003ffe
[    0.000000] ACPI: PM-Timer IO Port: 0xb008
[    0.000000] ACPI: LAPIC (acpi_id[0x00] lapic_id[0x00] enabled)
[    0.000000] ACPI: LAPIC_NMI (acpi_id[0xff] dfl dfl lint[0x1])
[    0.000000] ACPI: IOAPIC (id[0x00] address[0xfec00000] gsi_base[0])
[    0.000000] IOAPIC[0]: apic_id 0, version 17, address 0xfec00000, GSI 0-23
[    0.000000] ACPI: INT_SRC_OVR (bus 0 bus_irq 0 global_irq 2 dfl dfl)
[    0.000000] ACPI: INT_SRC_OVR (bus 0 bus_irq 5 global_irq 5 high level)
[    0.000000] ACPI: INT_SRC_OVR (bus 0 bus_irq 9 global_irq 9 high level)
[    0.000000] ACPI: INT_SRC_OVR (bus 0 bus_irq 10 global_irq 10 high level)
[    0.000000] ACPI: INT_SRC_OVR (bus 0 bus_irq 11 global_irq 11 high level)
[    0.000000] Using ACPI (MADT) for SMP configuration information
[    0.000000] ACPI: HPET id: 0x8086a201 base: 0xfed00000
[    0.000000] SMP: Allowing 1 CPUs, 0 hotplug CPUs
[    0.000000] PM: Registered nosave memory: 000000000009f000 - 00000000000a0000
[    0.000000] PM: Registered nosave memory: 00000000000a0000 - 00000000000f0000
[    0.000000] PM: Registered nosave memory: 00000000000f0000 - 0000000000100000
[    0.000000] Allocating PCI resources starting at 4000000 (gap: 4000000:fbfc0000)
[    0.000000] Booting paravirtualized kernel on bare hardware
[    0.000000] setup_percpu: NR_CPUS:64 nr_cpumask_bits:64 nr_cpu_ids:1 nr_node_ids:1
[    0.000000] PERCPU: Embedded 27 pages/cpu @ffff880003a00000 s78848 r8192 d23552 u2097152
[    0.000000] Built 1 zonelists in Node order, mobility grouping on.  Total pages: 16008
[    0.000000] Policy zone: DMA32
[    0.000000] Kernel command line: root=/dev/vda console=tty0 console=ttyS0 no_timer_check
[    0.000000] PID hash table entries: 256 (order: -1, 2048 bytes)
[    0.000000] Checking aperture...
[    0.000000] No AGP bridge found
[    0.000000] Memory: 43492k/65528k available (6576k kernel code, 452k absent, 21584k reserved, 6620k data, 928k init)
[    0.000000] SLUB: Genslabs=15, HWalign=64, Order=0-3, MinObjects=0, CPUs=1, Nodes=1
[    0.000000] Hierarchical RCU implementation.
[    0.000000] 	RCU dyntick-idle grace-period acceleration is enabled.
[    0.000000] NR_IRQS:4352 nr_irqs:256 16
[    0.000000] Console: colour VGA+ 80x25
[    0.000000] console [tty0] enabled
[    0.000000] console [ttyS0] enabled
[    0.000000] allocated 1048576 bytes of page_cgroup
[    0.000000] please try 'cgroup_disable=memory' option if you don't want memory cgroups
[    0.000000] Fast TSC calibration failed
[    0.000000] TSC: Unable to calibrate against PIT
[    0.000000] TSC: using HPET reference calibration
[    0.000000] Detected 2294.114 MHz processor.
[    0.028819] Calibrating delay loop (skipped), value calculated using timer frequency.. 4588.22 BogoMIPS (lpj=9176456)
[    0.032949] pid_max: default: 32768 minimum: 301
[    0.040907] Security Framework initialized
[    0.044904] AppArmor: AppArmor initialized
[    0.045596] Yama: becoming mindful.
[    0.052453] Dentry cache hash table entries: 8192 (order: 4, 65536 bytes)
[    0.054169] Inode-cache hash table entries: 4096 (order: 3, 32768 bytes)
[    0.056178] Mount-cache hash table entries: 256
[    0.073636] Initializing cgroup subsys cpuacct
[    0.074531] Initializing cgroup subsys memory
[    0.076652] Initializing cgroup subsys devices
[    0.077401] Initializing cgroup subsys freezer
[    0.078040] Initializing cgroup subsys blkio
[    0.078715] Initializing cgroup subsys perf_event
[    0.082728] mce: CPU supports 10 MCE banks
[    0.086175] SMP alternatives: switching to UP code
[    0.460338] Freeing SMP alternatives: 24k freed
[    0.462024] ACPI: Core revision 20110623
[    0.503131] ftrace: allocating 26610 entries in 105 pages
[    0.536653] ..TIMER: vector=0x30 apic1=0 pin1=2 apic2=-1 pin2=-1
[    0.537946] CPU0: AMD QEMU Virtual CPU version 2.0.0 stepping 03
[    0.544033] Performance Events: Broken PMU hardware detected, using software events only.
[    0.560713] NMI watchdog disabled (cpu0): hardware events not enabled
[    0.564203] Brought up 1 CPUs
[    0.565153] Total of 1 processors activated (4588.22 BogoMIPS).
[    0.597047] devtmpfs: initialized
[    0.626786] EVM: security.selinux
[    0.627344] EVM: security.SMACK64
[    0.628077] EVM: security.capability
[    0.650165] print_constraints: dummy: 
[    0.652474] RTC time:  8:21:55, date: 12/07/15
[    0.654888] NET: Registered protocol family 16
[    0.663064] ACPI: bus type pci registered
[    0.666773] PCI: Using configuration type 1 for base access
[    0.695119] bio: create slab &lt;bio-0&gt; at 0
[    0.702966] ACPI: Added _OSI(Module Device)
[    0.704139] ACPI: Added _OSI(Processor Device)
[    0.704808] ACPI: Added _OSI(3.0 _SCP Extensions)
[    0.705402] ACPI: Added _OSI(Processor Aggregator Device)
[    0.782341] ACPI: Interpreter enabled
[    0.782923] ACPI: (supports S0 S3 S4 S5)
[    0.786551] ACPI: Using IOAPIC for interrupt routing
[    0.858406] ACPI: No dock devices found.
[    0.859043] HEST: Table not found.
[    0.860216] PCI: Using host bridge windows from ACPI; if necessary, use "pci=nocrs" and report a bug
[    0.865826] ACPI: PCI Root Bridge [PCI0] (domain 0000 [bus 00-ff])
[    0.871398] pci_root PNP0A03:00: host bridge window [io  0x0000-0x0cf7]
[    0.872153] pci_root PNP0A03:00: host bridge window [io  0x0d00-0xadff]
[    0.872972] pci_root PNP0A03:00: host bridge window [io  0xae0f-0xaeff]
[    0.873930] pci_root PNP0A03:00: host bridge window [io  0xaf20-0xafdf]
[    0.876105] pci_root PNP0A03:00: host bridge window [io  0xafe4-0xffff]
[    0.876978] pci_root PNP0A03:00: host bridge window [mem 0x000a0000-0x000bffff]
[    0.877931] pci_root PNP0A03:00: host bridge window [mem 0x04000000-0xfebfffff]
[    0.900216] pci 0000:00:01.3: quirk: [io  0xb000-0xb03f] claimed by PIIX4 ACPI
[    0.901323] pci 0000:00:01.3: quirk: [io  0xb100-0xb10f] claimed by PIIX4 SMB
[    0.978503]  pci0000:00: Unable to request _OSC control (_OSC support mask: 0x1e)
[    1.036327] ACPI: PCI Interrupt Link [LNKA] (IRQs 5 *10 11)
[    1.038380] ACPI: PCI Interrupt Link [LNKB] (IRQs 5 *10 11)
[    1.040612] ACPI: PCI Interrupt Link [LNKC] (IRQs 5 10 *11)
[    1.042170] ACPI: PCI Interrupt Link [LNKD] (IRQs 5 10 *11)
[    1.043425] ACPI: PCI Interrupt Link [LNKS] (IRQs *9)
[    1.050234] vgaarb: device added: PCI:0000:00:02.0,decodes=io+mem,owns=io+mem,locks=none
[    1.051268] vgaarb: loaded
[    1.052158] vgaarb: bridge control possible 0000:00:02.0
[    1.055380] i2c-core: driver [aat2870] using legacy suspend method
[    1.056151] i2c-core: driver [aat2870] using legacy resume method
[    1.058407] SCSI subsystem initialized
[    1.062846] usbcore: registered new interface driver usbfs
[    1.064621] usbcore: registered new interface driver hub
[    1.065796] usbcore: registered new device driver usb
[    1.069777] PCI: Using ACPI for IRQ routing
[    1.079499] NetLabel: Initializing
[    1.080144] NetLabel:  domain hash size = 128
[    1.080715] NetLabel:  protocols = UNLABELED CIPSOv4
[    1.082692] NetLabel:  unlabeled traffic allowed by default
[    1.085562] HPET: 3 timers in total, 0 timers will be used for per-cpu timer
[    1.086671] hpet0: at MMIO 0xfed00000, IRQs 2, 8, 0
[    1.087520] hpet0: 3 comparators, 64-bit 100.000000 MHz counter
[    1.098439] Switching to clocksource hpet
[    1.309946] AppArmor: AppArmor Filesystem Enabled
[    1.311423] pnp: PnP ACPI init
[    1.312573] ACPI: bus type pnp registered
[    1.333706] pnp: PnP ACPI: found 9 devices
[    1.334328] ACPI: ACPI bus type pnp unregistered
[    1.405721] NET: Registered protocol family 2
[    1.437485] IP route cache hash table entries: 512 (order: 0, 4096 bytes)
[    1.445190] TCP established hash table entries: 2048 (order: 3, 32768 bytes)
[    1.446543] TCP bind hash table entries: 2048 (order: 3, 32768 bytes)
[    1.447435] TCP: Hash tables configured (established 2048 bind 2048)
[    1.448913] TCP reno registered
[    1.449427] UDP hash table entries: 128 (order: 0, 4096 bytes)
[    1.450285] UDP-Lite hash table entries: 128 (order: 0, 4096 bytes)
[    1.453613] NET: Registered protocol family 1
[    1.454530] pci 0000:00:00.0: Limiting direct PCI/PCI transfers
[    1.455346] pci 0000:00:01.0: PIIX3: Enabling Passive Release
[    1.456991] pci 0000:00:01.0: Activating ISA DMA hang workarounds
[    1.461602] ACPI: PCI Interrupt Link [LNKD] enabled at IRQ 11
[    1.462531] pci 0000:00:01.2: PCI INT D -&gt; Link[LNKD] -&gt; GSI 11 (level, high) -&gt; IRQ 11
[    1.465725] pci 0000:00:01.2: PCI INT D disabled
[    1.483595] Trying to unpack rootfs image as initramfs...
[    1.501345] audit: initializing netlink socket (disabled)
[    1.502283] type=2000 audit(1449476515.500:1): initialized
[    1.792133] HugeTLB registered 2 MB page size, pre-allocated 0 pages
[    1.864171] VFS: Disk quotas dquot_6.5.2
[    1.869769] Dquot-cache hash table entries: 512 (order 0, 4096 bytes)
[    1.895156] fuse init (API version 7.17)
[    1.898940] msgmni has been set to 84
[    1.938407] Block layer SCSI generic (bsg) driver version 0.4 loaded (major 253)
[    1.939938] io scheduler noop registered
[    1.941482] io scheduler deadline registered (default)
[    1.942506] io scheduler cfq registered
[    1.946633] pci_hotplug: PCI Hot Plug PCI Core version: 0.5
[    1.949163] pciehp: PCI Express Hot Plug Controller Driver version: 0.4
[    1.955554] input: Power Button as /devices/LNXSYSTM:00/LNXPWRBN:00/input/input0
[    1.958335] ACPI: Power Button [PWRF]
[    2.025918] ERST: Table is not found!
[    2.026457] GHES: HEST is not enabled!
[    2.034911] ACPI: PCI Interrupt Link [LNKC] enabled at IRQ 10
[    2.035457] virtio-pci 0000:00:03.0: PCI INT A -&gt; Link[LNKC] -&gt; GSI 10 (level, high) -&gt; IRQ 10
[    2.039055] virtio-pci 0000:00:04.0: PCI INT A -&gt; Link[LNKD] -&gt; GSI 11 (level, high) -&gt; IRQ 11
[    2.050321] ACPI: PCI Interrupt Link [LNKA] enabled at IRQ 10
[    2.051037] virtio-pci 0000:00:05.0: PCI INT A -&gt; Link[LNKA] -&gt; GSI 10 (level, high) -&gt; IRQ 10
[    2.061848] Serial: 8250/16550 driver, 32 ports, IRQ sharing enabled
[    2.110051] serial8250: ttyS0 at I/O 0x3f8 (irq = 4) is a 16550A
[    2.203198] serial8250: ttyS1 at I/O 0x2f8 (irq = 3) is a 16550A
[    2.342550] 00:05: ttyS0 at I/O 0x3f8 (irq = 4) is a 16550A
[    2.432814] 00:06: ttyS1 at I/O 0x2f8 (irq = 3) is a 16550A
[    2.469320] Refined TSC clocksource calibration: 2294.173 MHz.
[    2.470118] Switching to clocksource tsc
[    2.483787] Linux agpgart interface v0.103
[    2.538498] brd: module loaded
[    2.572334] loop: module loaded
[    2.621363]  vda: unknown partition table
[    2.669476] scsi0 : ata_piix
[    2.676896] scsi1 : ata_piix
[    2.678037] ata1: PATA max MWDMA2 cmd 0x1f0 ctl 0x3f6 bmdma 0xc0a0 irq 14
[    2.678832] ata2: PATA max MWDMA2 cmd 0x170 ctl 0x376 bmdma 0xc0a8 irq 15
[    2.689207] Fixed MDIO Bus: probed
[    2.689984] tun: Universal TUN/TAP device driver, 1.6
[    2.690527] tun: (C) 1999-2004 Max Krasnyansky &lt;maxk@qualcomm.com&gt;
[    2.707901] PPP generic driver version 2.4.2
[    2.742114] ehci_hcd: USB 2.0 'Enhanced' Host Controller (EHCI) Driver
[    2.743506] ohci_hcd: USB 1.1 'Open' Host Controller (OHCI) Driver
[    2.745535] uhci_hcd: USB Universal Host Controller Interface driver
[    2.746441] uhci_hcd 0000:00:01.2: PCI INT D -&gt; Link[LNKD] -&gt; GSI 11 (level, high) -&gt; IRQ 11
[    2.750179] uhci_hcd 0000:00:01.2: UHCI Host Controller
[    2.764026] uhci_hcd 0000:00:01.2: new USB bus registered, assigned bus number 1
[    2.766313] uhci_hcd 0000:00:01.2: irq 11, io base 0x0000c040
[    2.802295] hub 1-0:1.0: USB hub found
[    2.804778] hub 1-0:1.0: 2 ports detected
[    2.813229] usbcore: registered new interface driver libusual
[    2.817169] i8042: PNP: PS/2 Controller [PNP0303:KBD,PNP0f13:MOU] at 0x60,0x64 irq 1,12
[    2.827595] serio: i8042 KBD port at 0x60,0x64 irq 1
[    2.829072] serio: i8042 AUX port at 0x60,0x64 irq 12
[    2.853001] mousedev: PS/2 mouse device common for all mice
[    2.868009] input: AT Translated Set 2 keyboard as /devices/platform/i8042/serio0/input/input1
[    2.873151] rtc_cmos 00:01: RTC can wake from S4
[    2.894672] rtc_cmos 00:01: rtc core: registered rtc_cmos as rtc0
[    2.898639] rtc0: alarms up to one day, 114 bytes nvram, hpet irqs
[    2.903775] device-mapper: uevent: version 1.0.3
[    2.923084] ata2.01: ATAPI: QEMU DVD-ROM, 2.0.0, max UDMA/100
[    2.936024] ata2.01: configured for MWDMA2
[    2.969648] device-mapper: ioctl: 4.22.0-ioctl (2011-10-19) initialised: dm-devel@redhat.com
[    2.973593] cpuidle: using governor ladder
[    2.975503] cpuidle: using governor menu
[    2.976967] EFI Variables Facility v0.08 2004-May-17
[    2.987400] TCP cubic registered
[    2.994056] NET: Registered protocol family 10
[    3.023914] NET: Registered protocol family 17
[    3.025771] Registering the dns_resolver key type
[    3.045128] scsi 1:0:1:0: CD-ROM            QEMU     QEMU DVD-ROM     2.0. PQ: 0 ANSI: 5
[    3.067552] sr0: scsi3-mmc drive: 4x/4x cd/rw xa/form2 tray
[    3.069616] cdrom: Uniform CD-ROM driver Revision: 3.20
[    3.087964] sr 1:0:1:0: Attached scsi generic sg0 type 5
[    3.134529] Freeing initrd memory: 3656k freed
[    3.151675] registered taskstats version 1
[    3.629670]   Magic number: 11:232:371
[    3.643169] rtc_cmos 00:01: setting system clock to 2015-12-07 08:21:58 UTC (1449476518)
[    3.648005] powernow-k8: Processor cpuid 663 not supported
[    3.656882] BIOS EDD facility v0.16 2004-Jun-25, 0 devices found
[    3.658157] EDD information not available.
[    3.734414] Freeing unused kernel memory: 928k freed
[    3.739137] Write protecting the kernel read-only data: 12288k
[    3.850505] Freeing unused kernel memory: 1596k freed
[    3.918917] Freeing unused kernel memory: 1184k freed

info: initramfs: up at 4.09
modprobe: module virtio_blk not found in modules.dep
modprobe: module virtio_net not found in modules.dep
info: copying initramfs to /dev/vda
info: initramfs loading root from /dev/vda
info: /etc/init.d/rc.sysinit: up at 8.59
info: container: none
Starting logging: OK
modprobe: module virtio_blk not found in modules.dep
modprobe: module virtio_net not found in modules.dep
WARN: /etc/rc3.d/S10-load-modules failed
Initializing random number generator... done.
Starting acpid: OK
cirros-ds 'local' up at 11.12
found datasource (configdrive, local)
Starting network...
udhcpc (v1.20.1) started
Sending discover...
Sending discover...

2015-12-07 08:23:54,680 20180 INFO     [tempest_lib.common.rest_client] Request (TestNetworkBasicOps:_run_cleanups): 204 DELETE http://10.0.2.15:9696/v2.0/floatingips/c21d86a4-1abb-4312-9d6e-089fc5d27872 0.263s
2015-12-07 08:23:54,680 20180 DEBUG    [tempest_lib.common.rest_client] Request - Headers: {'Content-Type': 'application/json', 'Accept': 'application/json', 'X-Auth-Token': '&lt;omitted&gt;'}
        Body: None
    Response - Headers: {'date': 'Mon, 07 Dec 2015 08:23:54 GMT', 'status': '204', 'connection': 'close', 'content-length': '0', 'x-openstack-request-id': 'req-05eabd37-cc4e-4867-a222-1736dbafc2ba'}
        Body: 
2015-12-07 08:23:55,031 20180 INFO     [tempest_lib.common.rest_client] Request (TestNetworkBasicOps:_run_cleanups): 204 DELETE http://10.0.2.15:8774/v2.1/942bb71d5bdc4151848f40ce928e6efd/servers/a89e5ea8-ffdb-4a9d-9175-d893e10c21b9 0.350s
2015-12-07 08:23:55,032 20180 DEBUG    [tempest_lib.common.rest_client] Request - Headers: {'Content-Type': 'application/json', 'Accept': 'application/json', 'X-Auth-Token': '&lt;omitted&gt;'}
        Body: None
    Response - Headers: {'status': '204', 'content-length': '0', 'x-compute-request-id': 'req-cbe1afe1-8bc8-4a23-9c89-93e209c845e2', 'vary': 'X-OpenStack-Nova-API-Version', 'connection': 'close', 'x-openstack-nova-api-version': '2.1', 'date': 'Mon, 07 Dec 2015 08:23:55 GMT', 'content-type': 'application/json'}
        Body: 
2015-12-07 08:23:55,276 20180 INFO     [tempest_lib.common.rest_client] Request (TestNetworkBasicOps:_run_cleanups): 200 GET http://10.0.2.15:8774/v2.1/942bb71d5bdc4151848f40ce928e6efd/servers/a89e5ea8-ffdb-4a9d-9175-d893e10c21b9 0.243s
2015-12-07 08:23:55,276 20180 DEBUG    [tempest_lib.common.rest_client] Request - Headers: {'Content-Type': 'application/json', 'Accept': 'application/json', 'X-Auth-Token': '&lt;omitted&gt;'}
        Body: None
    Response - Headers: {'status': '200', 'content-length': '1775', 'content-location': 'http://10.0.2.15:8774/v2.1/942bb71d5bdc4151848f40ce928e6efd/servers/a89e5ea8-ffdb-4a9d-9175-d893e10c21b9', 'x-compute-request-id': 'req-e18b76d7-4fa9-4980-a03a-2af23b425fc4', 'vary': 'X-OpenStack-Nova-API-Version', 'connection': 'close', 'x-openstack-nova-api-version': '2.1', 'date': 'Mon, 07 Dec 2015 08:23:55 GMT', 'content-type': 'application/json'}
        Body: {"server": {"status": "ACTIVE", "updated": "2015-12-07T08:23:54Z", "hostId": "ce794fbf31f7aa9feb4b95f4ec213efe8d9d423e3806d920a836f2aa", "addresses": {"tempest-network-smoke--760215067": [{"OS-EXT-IPS-MAC:mac_addr": "fa:16:3e:82:97:33", "version": 4, "addr": "10.100.0.3", "OS-EXT-IPS:type": "fixed"}, {"OS-EXT-IPS-MAC:mac_addr": "fa:16:3e:82:97:33", "version": 4, "addr": "172.24.4.4", "OS-EXT-IPS:type": "floating"}]}, "links": [{"href": "http://10.0.2.15:8774/v2.1/942bb71d5bdc4151848f40ce928e6efd/servers/a89e5ea8-ffdb-4a9d-9175-d893e10c21b9", "rel": "self"}, {"href": "http://10.0.2.15:8774/942bb71d5bdc4151848f40ce928e6efd/servers/a89e5ea8-ffdb-4a9d-9175-d893e10c21b9", "rel": "bookmark"}], "key_name": "tempest-TestNetworkBasicOps-584344110", "image": {"id": "624a1b70-40d2-4eea-8ebb-ed4a45791fd5", "links": [{"href": "http://10.0.2.15:8774/942bb71d5bdc4151848f40ce928e6efd/images/624a1b70-40d2-4eea-8ebb-ed4a45791fd5", "rel": "bookmark"}]}, "OS-EXT-STS:task_state": "deleting", "OS-EXT-STS:vm_state": "active", "OS-SRV-USG:launched_at": "2015-12-07T08:21:51.000000", "flavor": {"id": "42", "links": [{"href": "http://10.0.2.15:8774/942bb71d5bdc4151848f40ce928e6efd/flavors/42", "rel": "bookmark"}]}, "id": "a89e5ea8-ffdb-4a9d-9175-d893e10c21b9", "security_groups": [{"name": "tempest-secgroup-smoke-1264693479"}], "OS-SRV-USG:terminated_at": null, "OS-EXT-AZ:availability_zone": "nova", "user_id": "a5d83cc170244855b445c2840a3a5eb8", "name": "tempest.common.compute-instance-1403065564", "created": "2015-12-07T08:21:48Z", "tenant_id": "942bb71d5bdc4151848f40ce928e6efd", "OS-DCF:diskConfig": "MANUAL", "os-extended-volumes:volumes_attached": [], "accessIPv4": "", "accessIPv6": "", "progress": 0, "OS-EXT-STS:power_state": 1, "config_drive": "True", "metadata": {}}}
2015-12-07 08:23:56,432 20180 INFO     [tempest_lib.common.rest_client] Request (TestNetworkBasicOps:_run_cleanups): 200 GET http://10.0.2.15:8774/v2.1/942bb71d5bdc4151848f40ce928e6efd/servers/a89e5ea8-ffdb-4a9d-9175-d893e10c21b9 0.145s
2015-12-07 08:23:56,433 20180 DEBUG    [tempest_lib.common.rest_client] Request - Headers: {'Content-Type': 'application/json', 'Accept': 'application/json', 'X-Auth-Token': '&lt;omitted&gt;'}
        Body: None
    Response - Headers: {'status': '200', 'content-length': '1440', 'content-location': 'http://10.0.2.15:8774/v2.1/942bb71d5bdc4151848f40ce928e6efd/servers/a89e5ea8-ffdb-4a9d-9175-d893e10c21b9', 'x-compute-request-id': 'req-fc43f43b-341d-4e08-8091-ce40202ed848', 'vary': 'X-OpenStack-Nova-API-Version', 'connection': 'close', 'x-openstack-nova-api-version': '2.1', 'date': 'Mon, 07 Dec 2015 08:23:56 GMT', 'content-type': 'application/json'}
        Body: {"server": {"status": "ACTIVE", "updated": "2015-12-07T08:23:55Z", "hostId": "ce794fbf31f7aa9feb4b95f4ec213efe8d9d423e3806d920a836f2aa", "addresses": {}, "links": [{"href": "http://10.0.2.15:8774/v2.1/942bb71d5bdc4151848f40ce928e6efd/servers/a89e5ea8-ffdb-4a9d-9175-d893e10c21b9", "rel": "self"}, {"href": "http://10.0.2.15:8774/942bb71d5bdc4151848f40ce928e6efd/servers/a89e5ea8-ffdb-4a9d-9175-d893e10c21b9", "rel": "bookmark"}], "key_name": "tempest-TestNetworkBasicOps-584344110", "image": {"id": "624a1b70-40d2-4eea-8ebb-ed4a45791fd5", "links": [{"href": "http://10.0.2.15:8774/942bb71d5bdc4151848f40ce928e6efd/images/624a1b70-40d2-4eea-8ebb-ed4a45791fd5", "rel": "bookmark"}]}, "OS-EXT-STS:task_state": "deleting", "OS-EXT-STS:vm_state": "active", "OS-SRV-USG:launched_at": "2015-12-07T08:21:51.000000", "flavor": {"id": "42", "links": [{"href": "http://10.0.2.15:8774/942bb71d5bdc4151848f40ce928e6efd/flavors/42", "rel": "bookmark"}]}, "id": "a89e5ea8-ffdb-4a9d-9175-d893e10c21b9", "OS-SRV-USG:terminated_at": null, "OS-EXT-AZ:availability_zone": "nova", "user_id": "a5d83cc170244855b445c2840a3a5eb8", "name": "tempest.common.compute-instance-1403065564", "created": "2015-12-07T08:21:48Z", "tenant_id": "942bb71d5bdc4151848f40ce928e6efd", "OS-DCF:diskConfig": "MANUAL", "os-extended-volumes:volumes_attached": [], "accessIPv4": "", "accessIPv6": "", "progress": 0, "OS-EXT-STS:power_state": 1, "config_drive": "True", "metadata": {}}}
2015-12-07 08:23:57,533 20180 INFO     [tempest_lib.common.rest_client] Request (TestNetworkBasicOps:_run_cleanups): 404 GET http://10.0.2.15:8774/v2.1/942bb71d5bdc4151848f40ce928e6efd/servers/a89e5ea8-ffdb-4a9d-9175-d893e10c21b9 0.089s
2015-12-07 08:23:57,534 20180 DEBUG    [tempest_lib.common.rest_client] Request - Headers: {'Content-Type': 'application/json', 'Accept': 'application/json', 'X-Auth-Token': '&lt;omitted&gt;'}
        Body: None
    Response - Headers: {'status': '404', 'content-length': '111', 'x-compute-request-id': 'req-8abc145f-7f5b-49c6-9944-ff837e55f214', 'vary': 'X-OpenStack-Nova-API-Version', 'connection': 'close', 'x-openstack-nova-api-version': '2.1', 'date': 'Mon, 07 Dec 2015 08:23:57 GMT', 'content-type': 'application/json; charset=UTF-8'}
        Body: {"itemNotFound": {"message": "Instance a89e5ea8-ffdb-4a9d-9175-d893e10c21b9 could not be found.", "code": 404}}
2015-12-07 08:23:57,555 20180 INFO     [tempest_lib.common.rest_client] Request (TestNetworkBasicOps:_run_cleanups): 202 DELETE http://10.0.2.15:8774/v2.1/942bb71d5bdc4151848f40ce928e6efd/os-keypairs/tempest-TestNetworkBasicOps-584344110 0.020s
2015-12-07 08:23:57,556 20180 DEBUG    [tempest_lib.common.rest_client] Request - Headers: {'Content-Type': 'application/json', 'Accept': 'application/json', 'X-Auth-Token': '&lt;omitted&gt;'}
        Body: None
    Response - Headers: {'status': '202', 'content-length': '0', 'x-compute-request-id': 'req-1756feb2-f456-48f8-bab8-852715debd9c', 'vary': 'X-OpenStack-Nova-API-Version', 'connection': 'close', 'x-openstack-nova-api-version': '2.1', 'date': 'Mon, 07 Dec 2015 08:23:57 GMT', 'content-type': 'application/json'}
        Body: 
2015-12-07 08:23:58,085 20180 INFO     [tempest_lib.common.rest_client] Request (TestNetworkBasicOps:_run_cleanups): 200 PUT http://10.0.2.15:9696/v2.0/routers/d11b1cac-1643-4f20-9aed-bba6cb52ab26/remove_router_interface 0.528s
2015-12-07 08:23:58,086 20180 DEBUG    [tempest_lib.common.rest_client] Request - Headers: {'Content-Type': 'application/json', 'Accept': 'application/json', 'X-Auth-Token': '&lt;omitted&gt;'}
        Body: {"subnet_id": "3c219738-f5e0-46a2-8666-5bbdd1bc173b"}
    Response - Headers: {'status': '200', 'content-length': '255', 'connection': 'close', 'date': 'Mon, 07 Dec 2015 08:23:58 GMT', 'content-type': 'application/json; charset=UTF-8', 'x-openstack-request-id': 'req-882331ab-f06f-4391-8eb0-744134dc676b'}
        Body: {"subnet_id": "3c219738-f5e0-46a2-8666-5bbdd1bc173b", "tenant_id": "942bb71d5bdc4151848f40ce928e6efd", "subnet_ids": ["3c219738-f5e0-46a2-8666-5bbdd1bc173b"], "port_id": "15bc4120-6975-4d4d-b277-271f1f20c92b", "id": "d11b1cac-1643-4f20-9aed-bba6cb52ab26"}
2015-12-07 08:23:58,573 20180 INFO     [tempest_lib.common.rest_client] Request (TestNetworkBasicOps:_run_cleanups): 204 DELETE http://10.0.2.15:9696/v2.0/subnets/3c219738-f5e0-46a2-8666-5bbdd1bc173b 0.487s
2015-12-07 08:23:58,574 20180 DEBUG    [tempest_lib.common.rest_client] Request - Headers: {'Content-Type': 'application/json', 'Accept': 'application/json', 'X-Auth-Token': '&lt;omitted&gt;'}
        Body: None
    Response - Headers: {'date': 'Mon, 07 Dec 2015 08:23:58 GMT', 'status': '204', 'connection': 'close', 'content-length': '0', 'x-openstack-request-id': 'req-4b4c24b3-72f3-4e47-acd6-0cf3f42fc4a4'}
        Body: 
2015-12-07 08:23:58,644 20180 INFO     [tempest_lib.common.rest_client] Request (TestNetworkBasicOps:_run_cleanups): 200 GET http://10.0.2.15:9696/v2.0/routers/d11b1cac-1643-4f20-9aed-bba6cb52ab26 0.068s
2015-12-07 08:23:58,644 20180 DEBUG    [tempest_lib.common.rest_client] Request - Headers: {'Content-Type': 'application/json', 'Accept': 'application/json', 'X-Auth-Token': '&lt;omitted&gt;'}
        Body: None
    Response - Headers: {'status': '200', 'content-length': '564', 'content-location': 'http://10.0.2.15:9696/v2.0/routers/d11b1cac-1643-4f20-9aed-bba6cb52ab26', 'connection': 'close', 'date': 'Mon, 07 Dec 2015 08:23:58 GMT', 'content-type': 'application/json; charset=UTF-8', 'x-openstack-request-id': 'req-9598c71b-8833-4870-b4a4-a181cc762d6a'}
        Body: {"router": {"status": "ACTIVE", "external_gateway_info": {"network_id": "4b1f1bab-efc2-4127-98f6-9972d743b2f2", "enable_snat": true, "external_fixed_ips": [{"subnet_id": "d3ceb0b9-072b-4085-8963-b158c5067998", "ip_address": "172.24.4.3"}, {"subnet_id": "2c921f37-5d26-4113-9aab-5681dc0832bb", "ip_address": "2001:db8::3"}]}, "availability_zone_hints": [], "availability_zones": ["nova"], "name": "tempest-router-smoke-1659343382", "admin_state_up": true, "tenant_id": "942bb71d5bdc4151848f40ce928e6efd", "routes": [], "id": "d11b1cac-1643-4f20-9aed-bba6cb52ab26"}}
2015-12-07 08:23:59,159 20180 INFO     [tempest_lib.common.rest_client] Request (TestNetworkBasicOps:_run_cleanups): 200 PUT http://10.0.2.15:9696/v2.0/routers/d11b1cac-1643-4f20-9aed-bba6cb52ab26 0.514s
2015-12-07 08:23:59,160 20180 DEBUG    [tempest_lib.common.rest_client] Request - Headers: {'Content-Type': 'application/json', 'Accept': 'application/json', 'X-Auth-Token': '&lt;omitted&gt;'}
        Body: {"router": {"external_gateway_info": {}, "name": "tempest-router-smoke-1659343382", "admin_state_up": true}}
    Response - Headers: {'status': '200', 'content-length': '302', 'connection': 'close', 'date': 'Mon, 07 Dec 2015 08:23:59 GMT', 'content-type': 'application/json; charset=UTF-8', 'x-openstack-request-id': 'req-5f1feb60-0c93-4f0f-adf7-e8cbfe0d4b13'}
        Body: {"router": {"status": "ACTIVE", "external_gateway_info": null, "availability_zone_hints": [], "availability_zones": ["nova"], "name": "tempest-router-smoke-1659343382", "admin_state_up": true, "tenant_id": "942bb71d5bdc4151848f40ce928e6efd", "routes": [], "id": "d11b1cac-1643-4f20-9aed-bba6cb52ab26"}}
2015-12-07 08:23:59,408 20180 INFO     [tempest_lib.common.rest_client] Request (TestNetworkBasicOps:_run_cleanups): 204 DELETE http://10.0.2.15:9696/v2.0/routers/d11b1cac-1643-4f20-9aed-bba6cb52ab26 0.247s
2015-12-07 08:23:59,409 20180 DEBUG    [tempest_lib.common.rest_client] Request - Headers: {'Content-Type': 'application/json', 'Accept': 'application/json', 'X-Auth-Token': '&lt;omitted&gt;'}
        Body: None
    Response - Headers: {'date': 'Mon, 07 Dec 2015 08:23:59 GMT', 'status': '204', 'connection': 'close', 'content-length': '0', 'x-openstack-request-id': 'req-3a6902fb-a60f-446b-848e-c07f6a202a40'}
        Body: 
2015-12-07 08:23:59,643 20180 INFO     [tempest_lib.common.rest_client] Request (TestNetworkBasicOps:_run_cleanups): 204 DELETE http://10.0.2.15:9696/v2.0/networks/fd119d9f-fe7b-4f5d-a518-8de5308d0fcf 0.234s
2015-12-07 08:23:59,644 20180 DEBUG    [tempest_lib.common.rest_client] Request - Headers: {'Content-Type': 'application/json', 'Accept': 'application/json', 'X-Auth-Token': '&lt;omitted&gt;'}
        Body: None
    Response - Headers: {'date': 'Mon, 07 Dec 2015 08:23:59 GMT', 'status': '204', 'connection': 'close', 'content-length': '0', 'x-openstack-request-id': 'req-c6ab50a9-7d6d-40e5-98f6-3e5d7dce673f'}
        Body: 
2015-12-07 08:23:59,706 20180 INFO     [tempest_lib.common.rest_client] Request (TestNetworkBasicOps:_run_cleanups): 204 DELETE http://10.0.2.15:9696/v2.0/security-group-rules/ca2fd435-2d19-4cf4-b4bc-cc6e1cbc0a32 0.061s
2015-12-07 08:23:59,707 20180 DEBUG    [tempest_lib.common.rest_client] Request - Headers: {'Content-Type': 'application/json', 'Accept': 'application/json', 'X-Auth-Token': '&lt;omitted&gt;'}
        Body: None
    Response - Headers: {'date': 'Mon, 07 Dec 2015 08:23:59 GMT', 'status': '204', 'connection': 'close', 'content-length': '0', 'x-openstack-request-id': 'req-fe912db3-f4a0-4932-b7ed-c079610555d2'}
        Body: 
2015-12-07 08:23:59,767 20180 INFO     [tempest_lib.common.rest_client] Request (TestNetworkBasicOps:_run_cleanups): 204 DELETE http://10.0.2.15:9696/v2.0/security-group-rules/e35a4009-3039-460f-8a13-ecf1051d4aa9 0.058s
2015-12-07 08:23:59,767 20180 DEBUG    [tempest_lib.common.rest_client] Request - Headers: {'Content-Type': 'application/json', 'Accept': 'application/json', 'X-Auth-Token': '&lt;omitted&gt;'}
        Body: None
    Response - Headers: {'date': 'Mon, 07 Dec 2015 08:23:59 GMT', 'status': '204', 'connection': 'close', 'content-length': '0', 'x-openstack-request-id': 'req-47f912ed-eaa7-44e9-b897-a84fa9caf6f8'}
        Body: 
2015-12-07 08:23:59,830 20180 INFO     [tempest_lib.common.rest_client] Request (TestNetworkBasicOps:_run_cleanups): 204 DELETE http://10.0.2.15:9696/v2.0/security-group-rules/ab081dd6-26b8-444d-bb27-8ba2a10d0931 0.061s
2015-12-07 08:23:59,831 20180 DEBUG    [tempest_lib.common.rest_client] Request - Headers: {'Content-Type': 'application/json', 'Accept': 'application/json', 'X-Auth-Token': '&lt;omitted&gt;'}
        Body: None
    Response - Headers: {'date': 'Mon, 07 Dec 2015 08:23:59 GMT', 'status': '204', 'connection': 'close', 'content-length': '0', 'x-openstack-request-id': 'req-c5c3d4d5-f59a-4484-9675-98068d4f8fad'}
        Body: 
2015-12-07 08:23:59,895 20180 INFO     [tempest_lib.common.rest_client] Request (TestNetworkBasicOps:_run_cleanups): 204 DELETE http://10.0.2.15:9696/v2.0/security-group-rules/01dfbfe5-68ae-444e-ba0c-b75aab13f3bf 0.062s
2015-12-07 08:23:59,896 20180 DEBUG    [tempest_lib.common.rest_client] Request - Headers: {'Content-Type': 'application/json', 'Accept': 'application/json', 'X-Auth-Token': '&lt;omitted&gt;'}
        Body: None
    Response - Headers: {'date': 'Mon, 07 Dec 2015 08:23:59 GMT', 'status': '204', 'connection': 'close', 'content-length': '0', 'x-openstack-request-id': 'req-edba5991-be45-4950-9d17-49f709238660'}
        Body: 
2015-12-07 08:23:59,960 20180 INFO     [tempest_lib.common.rest_client] Request (TestNetworkBasicOps:_run_cleanups): 204 DELETE http://10.0.2.15:9696/v2.0/security-group-rules/d7108983-9ed9-4794-9249-6fb4969b4e71 0.063s
2015-12-07 08:23:59,961 20180 DEBUG    [tempest_lib.common.rest_client] Request - Headers: {'Content-Type': 'application/json', 'Accept': 'application/json', 'X-Auth-Token': '&lt;omitted&gt;'}
        Body: None
