<?xml version="1.0" encoding="UTF-8"?>
<!DOCTYPE html PUBLIC "-//W3C//DTD XHTML 1.0 Strict//EN"
     "http://www.w3.org/TR/xhtml1/DTD/xhtml1-strict.dtd">
<html xmlns="http://www.w3.org/1999/xhtml">
<head>
    <title>Unit Test Report</title>
    <meta name="generator" content="subunit2html 0.1"/>
    <meta http-equiv="Content-Type" content="text/html; charset=UTF-8"/>
    
<style type="text/css" media="screen">
body        { font-family: verdana, arial, helvetica, sans-serif;
    font-size: 80%; }
table       { font-size: 100%; width: 100%;}
pre         { font-size: 80%; }

/* -- heading -------------------------------------------------------------- */
h1 {
        font-size: 16pt;
        color: gray;
}
.heading {
    margin-top: 0ex;
    margin-bottom: 1ex;
}

.heading .attribute {
    margin-top: 1ex;
    margin-bottom: 0;
}

.heading .description {
    margin-top: 4ex;
    margin-bottom: 6ex;
}

/* -- css div popup -------------------------------------------------------- */
a.popup_link {
}

a.popup_link:hover {
    color: red;
}

.popup_window {
    display: none;
    overflow-x: scroll;
    /*border: solid #627173 1px; */
    padding: 10px;
    background-color: #E6E6D6;
    font-family: "Ubuntu Mono", "Lucida Console", "Courier New", monospace;
    text-align: left;
    font-size: 8pt;
}

}
/* -- report --------------------------------------------------------------- */
#show_detail_line {
    margin-top: 3ex;
    margin-bottom: 1ex;
}
#result_table {
    width: 100%;
    border-collapse: collapse;
    border: 1px solid #777;
}
#header_row {
    font-weight: bold;
    color: white;
    background-color: #777;
}
#result_table td {
    border: 1px solid #777;
    padding: 2px;
}
#total_row  { font-weight: bold; }
.passClass  { background-color: #6c6; }
.failClass  { background-color: #c60; }
.errorClass { background-color: #c00; }
.passCase   { color: #6c6; }
.failCase   { color: #c60; font-weight: bold; }
.errorCase  { color: #c00; font-weight: bold; }
.hiddenRow  { display: none; }
.testcase   { margin-left: 2em; }
td.testname {width: 40%}
td.small {width: 40px}

/* -- ending --------------------------------------------------------------- */
#ending {
}

</style>

</head>
<body>
<script language="javascript" type="text/javascript"><!--
output_list = Array();

/* level - 0:Summary; 1:Failed; 2:All */
function showCase(level) {
    trs = document.getElementsByTagName("tr");
    for (var i = 0; i < trs.length; i++) {
        tr = trs[i];
        id = tr.id;
        if (id.substr(0,2) == 'ft') {
            if (level < 1) {
                tr.className = 'hiddenRow';
            }
            else {
                tr.className = '';
            }
        }
        if (id.substr(0,2) == 'pt') {
            if (level > 1) {
                tr.className = '';
            }
            else {
                tr.className = 'hiddenRow';
            }
        }
    }
}


function showClassDetail(cid, count) {
    var id_list = Array(count);
    var toHide = 1;
    for (var i = 0; i < count; i++) {
        tid0 = 't' + cid.substr(1) + '.' + (i+1);
        tid = 'f' + tid0;
        tr = document.getElementById(tid);
        if (!tr) {
            tid = 'p' + tid0;
            tr = document.getElementById(tid);
        }
        id_list[i] = tid;
        if (tr.className) {
            toHide = 0;
        }
    }
    for (var i = 0; i < count; i++) {
        tid = id_list[i];
        if (toHide) {
            document.getElementById('div_'+tid).style.display = 'none'
            document.getElementById(tid).className = 'hiddenRow';
        }
        else {
            document.getElementById(tid).className = '';
        }
    }
}


function showTestDetail(div_id){
    var details_div = document.getElementById(div_id)
    var displayState = details_div.style.display
    // alert(displayState)
    if (displayState != 'block' ) {
        displayState = 'block'
        details_div.style.display = 'block'
    }
    else {
        details_div.style.display = 'none'
    }
}


function html_escape(s) {
    s = s.replace(/&/g,'&amp;');
    s = s.replace(/</g,'&lt;');
    s = s.replace(/>/g,'&gt;');
    return s;
}

/* obsoleted by detail in <div>
function showOutput(id, name) {
    var w = window.open("", //url
                    name,
                    "resizable,scrollbars,status,width=800,height=450");
    d = w.document;
    d.write("<pre>");
    d.write(html_escape(output_list[id]));
    d.write("\n");
    d.write("<a href='javascript:window.close()'>close</a>\n");
    d.write("</pre>\n");
    d.close();
}
*/
--></script>

<div class='heading'>
<h1>Unit Test Report</h1>

<p class='attribute'><strong>Status:</strong> Pass 1 Failure 7 Skip 1</p>

<p class='description'></p>
</div>



<p id='show_detail_line'>Show
<a href='javascript:showCase(0)'>Summary</a>
<a href='javascript:showCase(1)'>Failed</a>
<a href='javascript:showCase(2)'>All</a>
</p>
<table id='result_table'>
<colgroup>
<col align='left' />
<col align='right' />
<col align='right' />
<col align='right' />
<col align='right' />
<col align='right' />
<col align='right' />
<col align='right' />
</colgroup>
<tr id='header_row'>
    <td>Test Group/Test case</td>
    <td>Count</td>
    <td>Pass</td>
    <td>Fail</td>
    <td>Error</td>
    <td>Skip</td>
    <td>View</td>
    <td> </td>
</tr>

<tr class='failClass'>
    <td class="testname">tempest.scenario.test_network_basic_ops.TestNetworkBasicOps</td>
    <td class="small">9</td>
    <td class="small">1</td>
    <td class="small">7</td>
    <td class="small">0</td>
    <td class="small">1</td>
    <td class="small"><a href="javascript:showClassDetail('c1',9)"
>Detail</a></td>
    <td> </td>
</tr>

<tr id='ft1.1' class='none'>
    <td class='failCase'><div class='testcase'>test_connectivity_between_vms_on_different_networks[compute,id-1546850e-fbaa-42f5-8b5f-03d8a6a95f15,network]</div></td>
    <td colspan='7' align='left'>

    <!--css div popup start-->
    <a class="popup_link" onfocus='this.blur();'
    href="javascript:showTestDetail('div_ft1.1')" >
        fail</a>

    <div id='div_ft1.1' class="popup_window">
        <div style='text-align: right; color:red;cursor:pointer'>
        <a onfocus='this.blur();'
onclick="document.getElementById('div_ft1.1').style.display = 'none' " >
           [x]</a>
        </div>
        <pre>
        
ft1.1: tempest.scenario.test_network_basic_ops.TestNetworkBasicOps.test_connectivity_between_vms_on_different_networks[compute,id-1546850e-fbaa-42f5-8b5f-03d8a6a95f15,network]_StringException: Empty attachments:
  stderr
  stdout

pythonlogging:'': {{{
2015-12-18 10:26:16,751 21148 INFO     [tempest_lib.common.rest_client] Request (TestNetworkBasicOps:test_connectivity_between_vms_on_different_networks): 201 POST http://10.0.2.15:9696/v2.0/security-groups 0.349s
2015-12-18 10:26:16,751 21148 DEBUG    [tempest_lib.common.rest_client] Request - Headers: {'Content-Type': 'application/json', 'Accept': 'application/json', 'X-Auth-Token': '&lt;omitted&gt;'}
        Body: {"security_group": {"tenant_id": "b07974e9db8442b78d65848eb4a3850c", "description": "tempest-secgroup-smoke-85484321 description", "name": "tempest-secgroup-smoke-85484321"}}
    Response - Headers: {'status': '201', 'content-length': '884', 'connection': 'close', 'date': 'Fri, 18 Dec 2015 10:26:16 GMT', 'content-type': 'application/json; charset=UTF-8', 'x-openstack-request-id': 'req-6c9e84a0-d51e-459d-b857-d1a1a1396718'}
        Body: {"security_group": {"tenant_id": "b07974e9db8442b78d65848eb4a3850c", "description": "tempest-secgroup-smoke-85484321 description", "id": "62a85602-518e-4ec5-9b4d-7c61a355f8d2", "security_group_rules": [{"remote_group_id": null, "direction": "egress", "remote_ip_prefix": null, "protocol": null, "ethertype": "IPv4", "tenant_id": "b07974e9db8442b78d65848eb4a3850c", "port_range_max": null, "port_range_min": null, "id": "21ed8ddc-8b37-494b-870b-74741ba78f9a", "security_group_id": "62a85602-518e-4ec5-9b4d-7c61a355f8d2"}, {"remote_group_id": null, "direction": "egress", "remote_ip_prefix": null, "protocol": null, "ethertype": "IPv6", "tenant_id": "b07974e9db8442b78d65848eb4a3850c", "port_range_max": null, "port_range_min": null, "id": "7a795fde-a89b-4b2c-bb91-1f8c3c996d29", "security_group_id": "62a85602-518e-4ec5-9b4d-7c61a355f8d2"}], "name": "tempest-secgroup-smoke-85484321"}}
2015-12-18 10:26:16,880 21148 INFO     [tempest_lib.common.rest_client] Request (TestNetworkBasicOps:test_connectivity_between_vms_on_different_networks): 201 POST http://10.0.2.15:9696/v2.0/security-group-rules 0.127s
2015-12-18 10:26:16,880 21148 DEBUG    [tempest_lib.common.rest_client] Request - Headers: {'Content-Type': 'application/json', 'Accept': 'application/json', 'X-Auth-Token': '&lt;omitted&gt;'}
        Body: {"security_group_rule": {"direction": "ingress", "protocol": "tcp", "tenant_id": "b07974e9db8442b78d65848eb4a3850c", "port_range_max": 22, "security_group_id": "62a85602-518e-4ec5-9b4d-7c61a355f8d2", "port_range_min": 22}}
    Response - Headers: {'status': '201', 'content-length': '340', 'connection': 'close', 'date': 'Fri, 18 Dec 2015 10:26:16 GMT', 'content-type': 'application/json; charset=UTF-8', 'x-openstack-request-id': 'req-5a71a717-f66c-4efa-8182-56a57095406a'}
        Body: {"security_group_rule": {"remote_group_id": null, "direction": "ingress", "remote_ip_prefix": null, "protocol": "tcp", "ethertype": "IPv4", "tenant_id": "b07974e9db8442b78d65848eb4a3850c", "port_range_max": 22, "port_range_min": 22, "id": "45a88306-3456-4e0a-ae1d-75e1a8ccdf72", "security_group_id": "62a85602-518e-4ec5-9b4d-7c61a355f8d2"}}
2015-12-18 10:26:17,010 21148 INFO     [tempest_lib.common.rest_client] Request (TestNetworkBasicOps:test_connectivity_between_vms_on_different_networks): 201 POST http://10.0.2.15:9696/v2.0/security-group-rules 0.129s
2015-12-18 10:26:17,011 21148 DEBUG    [tempest_lib.common.rest_client] Request - Headers: {'Content-Type': 'application/json', 'Accept': 'application/json', 'X-Auth-Token': '&lt;omitted&gt;'}
        Body: {"security_group_rule": {"direction": "egress", "protocol": "tcp", "tenant_id": "b07974e9db8442b78d65848eb4a3850c", "port_range_max": 22, "security_group_id": "62a85602-518e-4ec5-9b4d-7c61a355f8d2", "port_range_min": 22}}
    Response - Headers: {'status': '201', 'content-length': '339', 'connection': 'close', 'date': 'Fri, 18 Dec 2015 10:26:17 GMT', 'content-type': 'application/json; charset=UTF-8', 'x-openstack-request-id': 'req-227e55df-432f-4a33-8743-e5df59f39509'}
        Body: {"security_group_rule": {"remote_group_id": null, "direction": "egress", "remote_ip_prefix": null, "protocol": "tcp", "ethertype": "IPv4", "tenant_id": "b07974e9db8442b78d65848eb4a3850c", "port_range_max": 22, "port_range_min": 22, "id": "e5bda67d-dd3b-4be6-8b94-7f00c9abeaa9", "security_group_id": "62a85602-518e-4ec5-9b4d-7c61a355f8d2"}}
2015-12-18 10:26:17,155 21148 INFO     [tempest_lib.common.rest_client] Request (TestNetworkBasicOps:test_connectivity_between_vms_on_different_networks): 201 POST http://10.0.2.15:9696/v2.0/security-group-rules 0.143s
2015-12-18 10:26:17,156 21148 DEBUG    [tempest_lib.common.rest_client] Request - Headers: {'Content-Type': 'application/json', 'Accept': 'application/json', 'X-Auth-Token': '&lt;omitted&gt;'}
        Body: {"security_group_rule": {"tenant_id": "b07974e9db8442b78d65848eb4a3850c", "direction": "ingress", "protocol": "icmp", "security_group_id": "62a85602-518e-4ec5-9b4d-7c61a355f8d2"}}
    Response - Headers: {'status': '201', 'content-length': '345', 'connection': 'close', 'date': 'Fri, 18 Dec 2015 10:26:17 GMT', 'content-type': 'application/json; charset=UTF-8', 'x-openstack-request-id': 'req-6065b6b2-88d6-4b90-a67e-0846ac654f4b'}
        Body: {"security_group_rule": {"remote_group_id": null, "direction": "ingress", "remote_ip_prefix": null, "protocol": "icmp", "ethertype": "IPv4", "tenant_id": "b07974e9db8442b78d65848eb4a3850c", "port_range_max": null, "port_range_min": null, "id": "8b16ef37-6376-4a3f-9863-36109a770e78", "security_group_id": "62a85602-518e-4ec5-9b4d-7c61a355f8d2"}}
2015-12-18 10:26:17,423 21148 INFO     [tempest_lib.common.rest_client] Request (TestNetworkBasicOps:test_connectivity_between_vms_on_different_networks): 201 POST http://10.0.2.15:9696/v2.0/security-group-rules 0.265s
2015-12-18 10:26:17,423 21148 DEBUG    [tempest_lib.common.rest_client] Request - Headers: {'Content-Type': 'application/json', 'Accept': 'application/json', 'X-Auth-Token': '&lt;omitted&gt;'}
        Body: {"security_group_rule": {"tenant_id": "b07974e9db8442b78d65848eb4a3850c", "direction": "egress", "protocol": "icmp", "security_group_id": "62a85602-518e-4ec5-9b4d-7c61a355f8d2"}}
    Response - Headers: {'status': '201', 'content-length': '344', 'connection': 'close', 'date': 'Fri, 18 Dec 2015 10:26:17 GMT', 'content-type': 'application/json; charset=UTF-8', 'x-openstack-request-id': 'req-6334969c-359f-4c8d-8b22-4ca9ae433e8c'}
        Body: {"security_group_rule": {"remote_group_id": null, "direction": "egress", "remote_ip_prefix": null, "protocol": "icmp", "ethertype": "IPv4", "tenant_id": "b07974e9db8442b78d65848eb4a3850c", "port_range_max": null, "port_range_min": null, "id": "cfcfdad3-f990-441e-b9e1-8d529369558b", "security_group_id": "62a85602-518e-4ec5-9b4d-7c61a355f8d2"}}
2015-12-18 10:26:17,535 21148 INFO     [tempest_lib.common.rest_client] Request (TestNetworkBasicOps:test_connectivity_between_vms_on_different_networks): 201 POST http://10.0.2.15:9696/v2.0/security-group-rules 0.110s
2015-12-18 10:26:17,535 21148 DEBUG    [tempest_lib.common.rest_client] Request - Headers: {'Content-Type': 'application/json', 'Accept': 'application/json', 'X-Auth-Token': '&lt;omitted&gt;'}
        Body: {"security_group_rule": {"tenant_id": "b07974e9db8442b78d65848eb4a3850c", "direction": "ingress", "security_group_id": "62a85602-518e-4ec5-9b4d-7c61a355f8d2", "protocol": "icmp", "ethertype": "IPv6"}}
    Response - Headers: {'status': '201', 'content-length': '345', 'connection': 'close', 'date': 'Fri, 18 Dec 2015 10:26:17 GMT', 'content-type': 'application/json; charset=UTF-8', 'x-openstack-request-id': 'req-f7b5f5b3-f7be-48a4-b134-f0a15fee2229'}
        Body: {"security_group_rule": {"remote_group_id": null, "direction": "ingress", "remote_ip_prefix": null, "protocol": "icmp", "ethertype": "IPv6", "tenant_id": "b07974e9db8442b78d65848eb4a3850c", "port_range_max": null, "port_range_min": null, "id": "7f0b646d-9e05-4b54-9ba7-8262d3e6c273", "security_group_id": "62a85602-518e-4ec5-9b4d-7c61a355f8d2"}}
2015-12-18 10:26:17,645 21148 INFO     [tempest_lib.common.rest_client] Request (TestNetworkBasicOps:test_connectivity_between_vms_on_different_networks): 201 POST http://10.0.2.15:9696/v2.0/security-group-rules 0.109s
2015-12-18 10:26:17,646 21148 DEBUG    [tempest_lib.common.rest_client] Request - Headers: {'Content-Type': 'application/json', 'Accept': 'application/json', 'X-Auth-Token': '&lt;omitted&gt;'}
        Body: {"security_group_rule": {"tenant_id": "b07974e9db8442b78d65848eb4a3850c", "direction": "egress", "security_group_id": "62a85602-518e-4ec5-9b4d-7c61a355f8d2", "protocol": "icmp", "ethertype": "IPv6"}}
    Response - Headers: {'status': '201', 'content-length': '344', 'connection': 'close', 'date': 'Fri, 18 Dec 2015 10:26:17 GMT', 'content-type': 'application/json; charset=UTF-8', 'x-openstack-request-id': 'req-c04c3a28-84a9-4c8c-812c-f08a10f16353'}
        Body: {"security_group_rule": {"remote_group_id": null, "direction": "egress", "remote_ip_prefix": null, "protocol": "icmp", "ethertype": "IPv6", "tenant_id": "b07974e9db8442b78d65848eb4a3850c", "port_range_max": null, "port_range_min": null, "id": "e35467e3-1f12-4a25-8611-3d835918eaeb", "security_group_id": "62a85602-518e-4ec5-9b4d-7c61a355f8d2"}}
2015-12-18 10:26:17,831 21148 INFO     [tempest_lib.common.rest_client] Request (TestNetworkBasicOps:test_connectivity_between_vms_on_different_networks): 201 POST http://10.0.2.15:9696/v2.0/networks 0.184s
2015-12-18 10:26:17,832 21148 DEBUG    [tempest_lib.common.rest_client] Request - Headers: {'Content-Type': 'application/json', 'Accept': 'application/json', 'X-Auth-Token': '&lt;omitted&gt;'}
        Body: {"network": {"tenant_id": "b07974e9db8442b78d65848eb4a3850c", "name": "tempest-network-smoke--2039816029"}}
    Response - Headers: {'status': '201', 'content-length': '329', 'connection': 'close', 'date': 'Fri, 18 Dec 2015 10:26:17 GMT', 'content-type': 'application/json; charset=UTF-8', 'x-openstack-request-id': 'req-21165e2d-a3cc-4cda-be13-329a1d5369f0'}
        Body: {"network": {"status": "ACTIVE", "subnets": [], "availability_zone_hints": "[]", "name": "tempest-network-smoke--2039816029", "admin_state_up": true, "tenant_id": "b07974e9db8442b78d65848eb4a3850c", "mtu": 0, "router:external": false, "shared": false, "port_security_enabled": true, "id": "a55ec845-f0df-44d9-80d6-263b44bc9197"}}
2015-12-18 10:26:17,924 21148 INFO     [tempest_lib.common.rest_client] Request (TestNetworkBasicOps:test_connectivity_between_vms_on_different_networks): 201 POST http://10.0.2.15:9696/v2.0/routers 0.091s
2015-12-18 10:26:17,925 21148 DEBUG    [tempest_lib.common.rest_client] Request - Headers: {'Content-Type': 'application/json', 'Accept': 'application/json', 'X-Auth-Token': '&lt;omitted&gt;'}
        Body: {"router": {"tenant_id": "b07974e9db8442b78d65848eb4a3850c", "name": "tempest-router-smoke-782228377", "admin_state_up": true}}
    Response - Headers: {'status': '201', 'content-length': '295', 'connection': 'close', 'date': 'Fri, 18 Dec 2015 10:26:17 GMT', 'content-type': 'application/json; charset=UTF-8', 'x-openstack-request-id': 'req-8720aeb1-8c85-49eb-a312-030235bafc28'}
        Body: {"router": {"status": "ACTIVE", "external_gateway_info": null, "availability_zone_hints": [], "availability_zones": [], "name": "tempest-router-smoke-782228377", "admin_state_up": true, "tenant_id": "b07974e9db8442b78d65848eb4a3850c", "routes": [], "id": "a65b9af3-0572-495b-929c-fa02352f9aa1"}}
2015-12-18 10:26:17,983 21148 INFO     [tempest_lib.common.rest_client] Request (TestNetworkBasicOps:test_connectivity_between_vms_on_different_networks): 200 GET http://10.0.2.15:9696/v2.0/routers/a65b9af3-0572-495b-929c-fa02352f9aa1 0.056s
2015-12-18 10:26:17,983 21148 DEBUG    [tempest_lib.common.rest_client] Request - Headers: {'Content-Type': 'application/json', 'Accept': 'application/json', 'X-Auth-Token': '&lt;omitted&gt;'}
        Body: None
    Response - Headers: {'status': '200', 'content-length': '295', 'content-location': 'http://10.0.2.15:9696/v2.0/routers/a65b9af3-0572-495b-929c-fa02352f9aa1', 'connection': 'close', 'date': 'Fri, 18 Dec 2015 10:26:17 GMT', 'content-type': 'application/json; charset=UTF-8', 'x-openstack-request-id': 'req-16c1c12b-87f8-4af6-83e4-de5470c34508'}
        Body: {"router": {"status": "ACTIVE", "external_gateway_info": null, "availability_zone_hints": [], "availability_zones": [], "name": "tempest-router-smoke-782228377", "admin_state_up": true, "tenant_id": "b07974e9db8442b78d65848eb4a3850c", "routes": [], "id": "a65b9af3-0572-495b-929c-fa02352f9aa1"}}
2015-12-18 10:26:18,746 21148 INFO     [tempest_lib.common.rest_client] Request (TestNetworkBasicOps:test_connectivity_between_vms_on_different_networks): 200 PUT http://10.0.2.15:9696/v2.0/routers/a65b9af3-0572-495b-929c-fa02352f9aa1 0.761s
2015-12-18 10:26:18,746 21148 DEBUG    [tempest_lib.common.rest_client] Request - Headers: {'Content-Type': 'application/json', 'Accept': 'application/json', 'X-Auth-Token': '&lt;omitted&gt;'}
        Body: {"router": {"external_gateway_info": {"network_id": "82570880-1215-496b-8e17-bc8cbc5dfd07"}, "name": "tempest-router-smoke-782228377", "admin_state_up": true}}
    Response - Headers: {'status': '200', 'content-length': '557', 'connection': 'close', 'date': 'Fri, 18 Dec 2015 10:26:18 GMT', 'content-type': 'application/json; charset=UTF-8', 'x-openstack-request-id': 'req-4f45473d-266c-4452-b979-0188786d119e'}
        Body: {"router": {"status": "ACTIVE", "external_gateway_info": {"network_id": "82570880-1215-496b-8e17-bc8cbc5dfd07", "enable_snat": true, "external_fixed_ips": [{"subnet_id": "0ef73194-5511-454b-acc1-3044561fb4a1", "ip_address": "172.24.4.3"}, {"subnet_id": "4e3f978b-d493-4054-9afa-2f2b776e2267", "ip_address": "2001:db8::4"}]}, "availability_zone_hints": [], "availability_zones": [], "name": "tempest-router-smoke-782228377", "admin_state_up": true, "tenant_id": "b07974e9db8442b78d65848eb4a3850c", "routes": [], "id": "a65b9af3-0572-495b-929c-fa02352f9aa1"}}
2015-12-18 10:26:18,890 21148 INFO     [tempest_lib.common.rest_client] Request (TestNetworkBasicOps:test_connectivity_between_vms_on_different_networks): 200 GET http://10.0.2.15:9696/v2.0/subnets?tenant_id=b07974e9db8442b78d65848eb4a3850c&amp;cidr=10.100.0.0%2F28 0.142s
2015-12-18 10:26:18,890 21148 DEBUG    [tempest_lib.common.rest_client] Request - Headers: {'Content-Type': 'application/json', 'Accept': 'application/json', 'X-Auth-Token': '&lt;omitted&gt;'}
        Body: None
    Response - Headers: {'status': '200', 'content-length': '15', 'content-location': 'http://10.0.2.15:9696/v2.0/subnets?tenant_id=b07974e9db8442b78d65848eb4a3850c&amp;cidr=10.100.0.0%2F28', 'connection': 'close', 'date': 'Fri, 18 Dec 2015 10:26:18 GMT', 'content-type': 'application/json; charset=UTF-8', 'x-openstack-request-id': 'req-71508653-d13c-4aca-9e44-b42a674285d5'}
        Body: {"subnets": []}
2015-12-18 10:26:19,205 21148 INFO     [tempest_lib.common.rest_client] Request (TestNetworkBasicOps:test_connectivity_between_vms_on_different_networks): 201 POST http://10.0.2.15:9696/v2.0/subnets 0.314s
2015-12-18 10:26:19,206 21148 DEBUG    [tempest_lib.common.rest_client] Request - Headers: {'Content-Type': 'application/json', 'Accept': 'application/json', 'X-Auth-Token': '&lt;omitted&gt;'}
        Body: {"subnet": {"ip_version": 4, "tenant_id": "b07974e9db8442b78d65848eb4a3850c", "cidr": "10.100.0.0/28", "network_id": "a55ec845-f0df-44d9-80d6-263b44bc9197", "name": "tempest-subnet-smoke-1623930000"}}
    Response - Headers: {'status': '201', 'content-length': '478', 'connection': 'close', 'date': 'Fri, 18 Dec 2015 10:26:19 GMT', 'content-type': 'application/json; charset=UTF-8', 'x-openstack-request-id': 'req-df7dee36-0c66-4cc8-9fce-1c15a8ac472d'}
        Body: {"subnet": {"name": "tempest-subnet-smoke-1623930000", "enable_dhcp": true, "network_id": "a55ec845-f0df-44d9-80d6-263b44bc9197", "tenant_id": "b07974e9db8442b78d65848eb4a3850c", "dns_nameservers": [], "gateway_ip": "10.100.0.1", "ipv6_ra_mode": null, "allocation_pools": [{"start": "10.100.0.2", "end": "10.100.0.14"}], "host_routes": [], "ip_version": 4, "ipv6_address_mode": null, "cidr": "10.100.0.0/28", "id": "467661eb-17af-4858-868c-3967c3f1fd17", "subnetpool_id": null}}
2015-12-18 10:26:20,009 21148 INFO     [tempest_lib.common.rest_client] Request (TestNetworkBasicOps:test_connectivity_between_vms_on_different_networks): 200 PUT http://10.0.2.15:9696/v2.0/routers/a65b9af3-0572-495b-929c-fa02352f9aa1/add_router_interface 0.803s
2015-12-18 10:26:20,010 21148 DEBUG    [tempest_lib.common.rest_client] Request - Headers: {'Content-Type': 'application/json', 'Accept': 'application/json', 'X-Auth-Token': '&lt;omitted&gt;'}
        Body: {"subnet_id": "467661eb-17af-4858-868c-3967c3f1fd17"}
    Response - Headers: {'status': '200', 'content-length': '255', 'connection': 'close', 'date': 'Fri, 18 Dec 2015 10:26:20 GMT', 'content-type': 'application/json; charset=UTF-8', 'x-openstack-request-id': 'req-2f09c0d2-0734-4f6d-9d59-cfb3e56e7a97'}
        Body: {"subnet_id": "467661eb-17af-4858-868c-3967c3f1fd17", "tenant_id": "b07974e9db8442b78d65848eb4a3850c", "subnet_ids": ["467661eb-17af-4858-868c-3967c3f1fd17"], "port_id": "9b80c585-da7b-4e56-bc1b-4ab5a860551e", "id": "a65b9af3-0572-495b-929c-fa02352f9aa1"}
2015-12-18 10:26:20,076 21148 INFO     [tempest_lib.common.rest_client] Request (TestNetworkBasicOps:test_connectivity_between_vms_on_different_networks): 200 GET http://10.0.2.15:9696/v2.0/networks 0.065s
2015-12-18 10:26:20,077 21148 DEBUG    [tempest_lib.common.rest_client] Request - Headers: {'Content-Type': 'application/json', 'Accept': 'application/json', 'X-Auth-Token': '&lt;omitted&gt;'}
        Body: None
    Response - Headers: {'status': '200', 'content-length': '1507', 'content-location': 'http://10.0.2.15:9696/v2.0/networks', 'connection': 'close', 'date': 'Fri, 18 Dec 2015 10:26:20 GMT', 'content-type': 'application/json; charset=UTF-8', 'x-openstack-request-id': 'req-7a3c8541-b9c7-49fe-a0ae-4bc57e1b07be'}
        Body: {"networks": [{"status": "ACTIVE", "subnets": ["4e3f978b-d493-4054-9afa-2f2b776e2267", "0ef73194-5511-454b-acc1-3044561fb4a1"], "availability_zone_hints": [], "availability_zones": ["nova"], "name": "public", "provider:physical_network": null, "admin_state_up": true, "tenant_id": "f7f16d33e8f14bd68cfcdd22fa881948", "mtu": 0, "router:external": true, "shared": false, "port_security_enabled": true, "provider:network_type": "vxlan", "id": "82570880-1215-496b-8e17-bc8cbc5dfd07", "provider:segmentation_id": 1061}, {"status": "ACTIVE", "subnets": ["eb7a5e17-17c5-411b-8029-13e776590bfc", "d261ad63-5688-4713-b99b-00fef82b19b3"], "availability_zone_hints": [], "availability_zones": ["nova"], "name": "private", "provider:physical_network": null, "admin_state_up": true, "tenant_id": "68c6494ed9544a54a1ff1678c87753f4", "mtu": 0, "router:external": false, "shared": false, "port_security_enabled": true, "provider:network_type": "vxlan", "id": "413efb8f-03e8-4ab5-af1f-f599c20b06f4", "provider:segmentation_id": 1072}, {"status": "ACTIVE", "subnets": ["467661eb-17af-4858-868c-3967c3f1fd17"], "availability_zone_hints": [], "availability_zones": ["nova"], "name": "tempest-network-smoke--2039816029", "provider:physical_network": null, "admin_state_up": true, "tenant_id": "b07974e9db8442b78d65848eb4a3850c", "mtu": 0, "router:external": false, "shared": false, "port_security_enabled": true, "provider:network_type": "vxlan", "id": "a55ec845-f0df-44d9-80d6-263b44bc9197", "provider:segmentation_id": 1032}]}
2015-12-18 10:26:20,257 21148 INFO     [tempest_lib.common.rest_client] Request (TestNetworkBasicOps:test_connectivity_between_vms_on_different_networks): 200 GET http://10.0.2.15:9696/v2.0/subnets 0.179s
2015-12-18 10:26:20,257 21148 DEBUG    [tempest_lib.common.rest_client] Request - Headers: {'Content-Type': 'application/json', 'Accept': 'application/json', 'X-Auth-Token': '&lt;omitted&gt;'}
        Body: None
    Response - Headers: {'status': '200', 'content-length': '2404', 'content-location': 'http://10.0.2.15:9696/v2.0/subnets', 'connection': 'close', 'date': 'Fri, 18 Dec 2015 10:26:20 GMT', 'content-type': 'application/json; charset=UTF-8', 'x-openstack-request-id': 'req-ff6a0591-9518-418a-a987-72b85a420912'}
        Body: {"subnets": [{"name": "ipv6-public-subnet", "enable_dhcp": false, "network_id": "82570880-1215-496b-8e17-bc8cbc5dfd07", "tenant_id": "f7f16d33e8f14bd68cfcdd22fa881948", "dns_nameservers": [], "gateway_ip": "2001:db8::2", "ipv6_ra_mode": null, "allocation_pools": [{"start": "2001:db8::1", "end": "2001:db8::1"}, {"start": "2001:db8::3", "end": "2001:db8::ffff:ffff:ffff:ffff"}], "host_routes": [], "ip_version": 6, "ipv6_address_mode": null, "cidr": "2001:db8::/64", "id": "4e3f978b-d493-4054-9afa-2f2b776e2267", "subnetpool_id": null}, {"name": "tempest-subnet-smoke-1623930000", "enable_dhcp": true, "network_id": "a55ec845-f0df-44d9-80d6-263b44bc9197", "tenant_id": "b07974e9db8442b78d65848eb4a3850c", "dns_nameservers": [], "gateway_ip": "10.100.0.1", "ipv6_ra_mode": null, "allocation_pools": [{"start": "10.100.0.2", "end": "10.100.0.14"}], "host_routes": [], "ip_version": 4, "ipv6_address_mode": null, "cidr": "10.100.0.0/28", "id": "467661eb-17af-4858-868c-3967c3f1fd17", "subnetpool_id": null}, {"name": "ipv6-private-subnet", "enable_dhcp": true, "network_id": "413efb8f-03e8-4ab5-af1f-f599c20b06f4", "tenant_id": "68c6494ed9544a54a1ff1678c87753f4", "dns_nameservers": [], "gateway_ip": "fda6:db5:6793::1", "ipv6_ra_mode": "slaac", "allocation_pools": [{"start": "fda6:db5:6793::2", "end": "fda6:db5:6793:0:ffff:ffff:ffff:ffff"}], "host_routes": [], "ip_version": 6, "ipv6_address_mode": "slaac", "cidr": "fda6:db5:6793::/64", "id": "eb7a5e17-17c5-411b-8029-13e776590bfc", "subnetpool_id": null}, {"name": "private-subnet", "enable_dhcp": true, "network_id": "413efb8f-03e8-4ab5-af1f-f599c20b06f4", "tenant_id": "68c6494ed9544a54a1ff1678c87753f4", "dns_nameservers": [], "gateway_ip": "10.0.0.1", "ipv6_ra_mode": null, "allocation_pools": [{"start": "10.0.0.2", "end": "10.0.0.254"}], "host_routes": [], "ip_version": 4, "ipv6_address_mode": null, "cidr": "10.0.0.0/24", "id": "d261ad63-5688-4713-b99b-00fef82b19b3", "subnetpool_id": null}, {"name": "public-subnet", "enable_dhcp": false, "network_id": "82570880-1215-496b-8e17-bc8cbc5dfd07", "tenant_id": "f7f16d33e8f14bd68cfcdd22fa881948", "dns_nameservers": [], "gateway_ip": "172.24.4.1", "ipv6_ra_mode": null, "allocation_pools": [{"start": "172.24.4.2", "end": "172.24.4.254"}], "host_routes": [], "ip_version": 4, "ipv6_address_mode": null, "cidr": "172.24.4.0/24", "id": "0ef73194-5511-454b-acc1-3044561fb4a1", "subnetpool_id": null}]}
2015-12-18 10:26:20,319 21148 INFO     [tempest_lib.common.rest_client] Request (TestNetworkBasicOps:test_connectivity_between_vms_on_different_networks): 200 GET http://10.0.2.15:9696/v2.0/routers 0.060s
2015-12-18 10:26:20,320 21148 DEBUG    [tempest_lib.common.rest_client] Request - Headers: {'Content-Type': 'application/json', 'Accept': 'application/json', 'X-Auth-Token': '&lt;omitted&gt;'}
        Body: None
    Response - Headers: {'status': '200', 'content-length': '1166', 'content-location': 'http://10.0.2.15:9696/v2.0/routers', 'connection': 'close', 'date': 'Fri, 18 Dec 2015 10:26:20 GMT', 'content-type': 'application/json; charset=UTF-8', 'x-openstack-request-id': 'req-9be70236-cc1c-417d-ba05-83c6a460fb70'}
        Body: {"routers": [{"status": "ACTIVE", "external_gateway_info": {"network_id": "82570880-1215-496b-8e17-bc8cbc5dfd07", "enable_snat": true, "external_fixed_ips": [{"subnet_id": "0ef73194-5511-454b-acc1-3044561fb4a1", "ip_address": "172.24.4.2"}, {"subnet_id": "4e3f978b-d493-4054-9afa-2f2b776e2267", "ip_address": "2001:db8::3"}]}, "availability_zone_hints": [], "availability_zones": ["nova"], "name": "router1", "admin_state_up": true, "tenant_id": "68c6494ed9544a54a1ff1678c87753f4", "distributed": false, "routes": [], "ha": false, "id": "a22165d3-e492-4897-ada7-abc78b2fabec"}, {"status": "ACTIVE", "external_gateway_info": {"network_id": "82570880-1215-496b-8e17-bc8cbc5dfd07", "enable_snat": true, "external_fixed_ips": [{"subnet_id": "0ef73194-5511-454b-acc1-3044561fb4a1", "ip_address": "172.24.4.3"}, {"subnet_id": "4e3f978b-d493-4054-9afa-2f2b776e2267", "ip_address": "2001:db8::4"}]}, "availability_zone_hints": [], "availability_zones": ["nova"], "name": "tempest-router-smoke-782228377", "admin_state_up": true, "tenant_id": "b07974e9db8442b78d65848eb4a3850c", "distributed": false, "routes": [], "ha": false, "id": "a65b9af3-0572-495b-929c-fa02352f9aa1"}]}
2015-12-18 10:26:20,960 21148 INFO     [tempest_lib.common.rest_client] Request (TestNetworkBasicOps:test_connectivity_between_vms_on_different_networks): 200 POST http://10.0.2.15:8774/v2.1/b07974e9db8442b78d65848eb4a3850c/os-keypairs 0.638s
2015-12-18 10:26:20,960 21148 DEBUG    [tempest_lib.common.rest_client] Request - Headers: {'Content-Type': 'application/json', 'Accept': 'application/json', 'X-Auth-Token': '&lt;omitted&gt;'}
        Body: {"keypair": {"name": "tempest-TestNetworkBasicOps-1161002818"}}
    Response - Headers: {'status': '200', 'content-length': '2325', 'x-compute-request-id': 'req-c8e3900b-cb3a-4b09-aee7-623a7dca4a14', 'vary': 'X-OpenStack-Nova-API-Version', 'connection': 'close', 'x-openstack-nova-api-version': '2.1', 'date': 'Fri, 18 Dec 2015 10:26:20 GMT', 'content-type': 'application/json'}
        Body: {"keypair": {"public_key": "ssh-rsa AAAAB3NzaC1yc2EAAAADAQABAAABAQCpLRCewT3rCfUU0lYPrLIeu37ksmzZwg63lVL4XAoCTTDalv40v2cK+6uCnjxy3C6dCC0wXVYnAnxsCOFncF9v2JcOENa/87Og1TBdQYKojzcQ8jUleGlPJKvlXCldm1i7zXyhF9ztIF6xntpOaHQ+acrju3fsh+fNU2NfNRYczN1dxl1NYtUXEm4nRH9W42iNZQ9zy6pZzPc69b1D4QbZ+NUrUB1SnCOsUegscZVJ4mxKJrcLN7/obXFjpFnrQKH4mJeVXL2deST3Egey0M2duPLnUAY57tRwdlqWQ5UgtmgrQbbBRk6I6K/HUOSgYNz2Sh1acfIRUuQmO4D5kXgl Generated-by-Nova", "private_key": "-----BEGIN RSA PRIVATE KEY-----\nMIIEqgIBAAKCAQEAqS0QnsE96wn1FNJWD6yyHrt+5LJs2cIOt5VS+FwKAk0w2pb+\nNL9nCvurgp48ctwunQgtMF1WJwJ8bAjhZ3Bfb9iXDhDWv/OzoNUwXUGCqI83EPI1\nJXhpTySr5VwpXZtYu818oRfc7SBesZ7aTmh0PmnK47t37IfnzVNjXzUWHMzdXcZd\nTWLVFxJuJ0R/VuNojWUPc8uqWcz3OvW9Q+EG2fjVK1AdUpwjrFHoLHGVSeJsSia3\nCze/6G1xY6RZ60Ch+JiXlVy9nXkk9xIHstDNnbjy51AGOe7UcHZalkOVILZoK0G2\nwUZOiOivx1DkoGDc9kodWnHyEVLkJjuA+ZF4JQIDAQABAoIBAQCIEd8UUYljypZ9\nMNBXuydo4JWnjHtQim0b69bYO+8w+rUYm+nKs0hF5TaF0I/+MmqrkzAFfo0Uw0Mg\nAeSKNjAM3cBhZ9nSekk4S0CjQVW+DbLUxntIsBjDt1MrH32F9LTiGNztFSx07Vw8\nsPAVsJ4OtTijAt3qOUWQOEntAd3POwfbCCJidJZQr73DUe+OICAhhnFt8g5gD3YX\njSgjW8Tp2yGeieTb+r4bjxmaPBNAtMH07GxR0Z2zADYm2JuR/blfN61850g7K4aq\n+OYH72IuOzV0Sgpr+QbXqKubd2erTQBHnTiDdJOu3FN+okO8YURNTFdDVYDy+u6g\nLyWcHNwBAoIAgQDAJVvV4ojsI9ao0LPQIaJpY1IbjzztwJv2qD3woSSrnyE8bGFh\n1ZkvNtUL7Fyan/On+kbM1YpblkIxsrADEFRF+r2tXwFfw5k5JbIyx2N3QAUcA4rl\nb5QAjkbzlLTfe90YsQCCMef/ZJkiQP58yd76FQSz1qmg80XKkxhpTr/0RQKCAIEA\n4WWQHK03bKx+BanJ+mM31gLq4ZxaOc9mvpE5zUE8S/jotrthQOE25AhTTUQiR2nT\nZtMMjO7b5pw7cdrEEpQWsT/Ib+HKV/jwROoMQTyaUYViOyHIAmrWmTZ1egYWrbRx\n5/2WuCaO4Q4+DsXlS8EJUr5g29wSRX+DeeATfAH94mECggCBAIF6KzIrntyRIdtM\nF38OyyR9Gx0bHpGPkwlZQbPewpkrd/gBiHWmu7zHFDUepyBC3Ku6yO7Kjps824ol\nwNmvrToixqIHPSPM6HlL35K8LVh0OX0xHe2RjIf7V/BXqrJWAxzaWV9iRdUhctdU\nOKjaV3jppOuSoWelxsfE61Q7DrqJAoIAgQC0ULjaiCRX1yK2Sx+fJPLNTeYz+Q4h\nQ2+xsqKoNrETIhyh2wOxkLqF8LcbkA9QTDPoBZz7vjbDpWbU7auAJWKGCD3Ea8Ch\nYjBtIUQOiHn4D5oHLj5A2NG3Hl8a8HYCHuIlMrT5uzcAipFQ5jZKxTI9NLpuCP/B\nA4Ld5EoSIdHG4QKCAIBwz2hxM0biZ+qYRQDeHXTjA1PA75eC5j/5GyaA32IMiCUn\nKH3dBWYOq8VQbLlkECuds7JHyBZB18GohKDOV6s5ROwH/mYj82BfT22KtOjpq/2q\nifvfBOEklm97Aap78dTmOmEndJnMrgEl5uXANhDiSCK3t46Y3EnE1CwdFXeGZQ==\n-----END RSA PRIVATE KEY-----\n", "user_id": "60f0e208d60c41d9a8fbf0dc8ba73909", "name": "tempest-TestNetworkBasicOps-1161002818", "fingerprint": "ef:94:31:7b:e6:ea:36:bc:e5:37:ac:46:1a:eb:8d:af"}}
2015-12-18 10:26:21,075 21148 INFO     [tempest_lib.common.rest_client] Request (TestNetworkBasicOps:test_connectivity_between_vms_on_different_networks): 200 POST http://10.0.2.15:5000/v2.0/tokens
2015-12-18 10:26:21,076 21148 DEBUG    [tempest_lib.common.rest_client] Request - Headers: {'Content-Type': 'application/json', 'Accept': 'application/json'}
        Body: &lt;omitted&gt;
    Response - Headers: {'status': '200', 'content-length': '2530', 'vary': 'X-Auth-Token', 'server': 'Apache/2.4.7 (Ubuntu)', 'connection': 'close', 'date': 'Fri, 18 Dec 2015 10:26:20 GMT', 'content-type': 'application/json', 'x-openstack-request-id': 'req-2b1c2e21-3799-466a-9d1e-837e939c5864'}
        Body: {"access": {"token": {"issued_at": "2015-12-18T10:26:21.062978", "expires": "2015-12-18T11:26:21Z", "id": "630d1c93b6e24fe3b1a0ec31dac8ae75", "tenant": {"description": "tempest-TestNetworkBasicOps-1721945154-desc", "enabled": true, "id": "b07974e9db8442b78d65848eb4a3850c", "name": "tempest-TestNetworkBasicOps-1721945154"}, "audit_ids": ["Buu3dhaeRmSpHg3NvEsXjQ"]}, "serviceCatalog": [{"endpoints": [{"adminURL": "http://10.0.2.15:8774/v2.1/b07974e9db8442b78d65848eb4a3850c", "region": "RegionOne", "internalURL": "http://10.0.2.15:8774/v2.1/b07974e9db8442b78d65848eb4a3850c", "id": "022f5bfb0e67453db10e89f32c76103a", "publicURL": "http://10.0.2.15:8774/v2.1/b07974e9db8442b78d65848eb4a3850c"}], "endpoints_links": [], "type": "compute", "name": "nova"}, {"endpoints": [{"adminURL": "http://10.0.2.15:9696/", "region": "RegionOne", "internalURL": "http://10.0.2.15:9696/", "id": "73281353da7f4adcadf03d2b3065e56d", "publicURL": "http://10.0.2.15:9696/"}], "endpoints_links": [], "type": "network", "name": "neutron"}, {"endpoints": [{"adminURL": "http://10.0.2.15:9292", "region": "RegionOne", "internalURL": "http://10.0.2.15:9292", "id": "397affb43e9c4523a5f9b5c3af949e11", "publicURL": "http://10.0.2.15:9292"}], "endpoints_links": [], "type": "image", "name": "glance"}, {"endpoints": [{"adminURL": "http://10.0.2.15:8774/v2/b07974e9db8442b78d65848eb4a3850c", "region": "RegionOne", "internalURL": "http://10.0.2.15:8774/v2/b07974e9db8442b78d65848eb4a3850c", "id": "2c51ef198c91489cabf290c1a866717a", "publicURL": "http://10.0.2.15:8774/v2/b07974e9db8442b78d65848eb4a3850c"}], "endpoints_links": [], "type": "compute_legacy", "name": "nova_legacy"}, {"endpoints": [{"adminURL": "http://10.0.2.15:8773/", "region": "RegionOne", "internalURL": "http://10.0.2.15:8773/", "id": "00897662bbd4473193336e09fb8f6284", "publicURL": "http://10.0.2.15:8773/"}], "endpoints_links": [], "type": "ec2", "name": "ec2"}, {"endpoints": [{"adminURL": "http://10.0.2.15:35357/v2.0", "region": "RegionOne", "internalURL": "http://10.0.2.15:5000/v2.0", "id": "7eda3dcaec394fd59f54effb6b2e878d", "publicURL": "http://10.0.2.15:5000/v2.0"}], "endpoints_links": [], "type": "identity", "name": "keystone"}], "user": {"username": "tempest-TestNetworkBasicOps-1714768752", "roles_links": [], "id": "60f0e208d60c41d9a8fbf0dc8ba73909", "roles": [{"name": "_member_"}, {"name": "Member"}], "name": "tempest-TestNetworkBasicOps-1714768752"}, "metadata": {"is_admin": 0, "roles": ["9fe2ff9ee4384b1894a90878d3e92bab", "54d6319308c846fb98bffbf452d583ca"]}}}
2015-12-18 10:26:21,082 21148 DEBUG    [tempest.common.fixed_network] (TestNetworkBasicOps:test_connectivity_between_vms_on_different_networks) No valid network provided or created, defaulting to fixed_network_name
2015-12-18 10:26:21,433 21148 INFO     [tempest_lib.common.rest_client] Request (TestNetworkBasicOps:test_connectivity_between_vms_on_different_networks): 200 GET http://10.0.2.15:8774/v2.1/b07974e9db8442b78d65848eb4a3850c/os-networks 0.349s
2015-12-18 10:26:21,433 21148 DEBUG    [tempest_lib.common.rest_client] Request - Headers: {'Content-Type': 'application/json', 'Accept': 'application/json', 'X-Auth-Token': '&lt;omitted&gt;'}
        Body: None
    Response - Headers: {'status': '200', 'content-length': '479', 'content-location': 'http://10.0.2.15:8774/v2.1/b07974e9db8442b78d65848eb4a3850c/os-networks', 'x-compute-request-id': 'req-acdc11ff-5e60-42fc-85ca-df958a21f0c1', 'vary': 'X-OpenStack-Nova-API-Version', 'connection': 'close', 'x-openstack-nova-api-version': '2.1', 'date': 'Fri, 18 Dec 2015 10:26:21 GMT', 'content-type': 'application/json'}
        Body: {"networks": [{"cidr_v6": null, "dns2": null, "dns1": null, "gateway": null, "broadcast": null, "netmask": null, "gateway_v6": null, "cidr": null, "label": "tempest-network-smoke--2039816029", "id": "a55ec845-f0df-44d9-80d6-263b44bc9197", "netmask_v6": null}, {"cidr_v6": null, "dns2": null, "dns1": null, "gateway": null, "broadcast": null, "netmask": null, "gateway_v6": null, "cidr": null, "label": "public", "id": "82570880-1215-496b-8e17-bc8cbc5dfd07", "netmask_v6": null}]}
2015-12-18 10:26:21,434 21148 WARNING  [tempest.common.fixed_network] (TestNetworkBasicOps:test_connectivity_between_vms_on_different_networks) Network with name: private not found
2015-12-18 10:26:21,434 21148 INFO     [tempest.common.fixed_network] (TestNetworkBasicOps:test_connectivity_between_vms_on_different_networks) Found network {} available for tenant
2015-12-18 10:26:22,997 21148 INFO     [tempest_lib.common.rest_client] Request (TestNetworkBasicOps:test_connectivity_between_vms_on_different_networks): 202 POST http://10.0.2.15:8774/v2.1/b07974e9db8442b78d65848eb4a3850c/servers 1.561s
2015-12-18 10:26:22,997 21148 DEBUG    [tempest_lib.common.rest_client] Request - Headers: {'Content-Type': 'application/json', 'Accept': 'application/json', 'X-Auth-Token': '&lt;omitted&gt;'}
        Body: {"server": {"name": "tempest.common.compute-instance-255369200", "imageRef": "7ce3a8af-a93f-4988-af14-307b96deb46a", "key_name": "tempest-TestNetworkBasicOps-1161002818", "flavorRef": "42", "networks": [{"uuid": "a55ec845-f0df-44d9-80d6-263b44bc9197"}], "security_groups": [{"name": "tempest-secgroup-smoke-85484321"}]}}
    Response - Headers: {'status': '202', 'content-length': '460', 'x-compute-request-id': 'req-ed752976-7c72-46d2-95ad-afa7997ee4ee', 'vary': 'X-OpenStack-Nova-API-Version', 'connection': 'close', 'location': 'http://10.0.2.15:8774/v2.1/b07974e9db8442b78d65848eb4a3850c/servers/a909101d-286d-4443-a221-be31bb363302', 'x-openstack-nova-api-version': '2.1', 'date': 'Fri, 18 Dec 2015 10:26:22 GMT', 'content-type': 'application/json'}
        Body: {"server": {"security_groups": [{"name": "tempest-secgroup-smoke-85484321"}], "OS-DCF:diskConfig": "MANUAL", "id": "a909101d-286d-4443-a221-be31bb363302", "links": [{"href": "http://10.0.2.15:8774/v2.1/b07974e9db8442b78d65848eb4a3850c/servers/a909101d-286d-4443-a221-be31bb363302", "rel": "self"}, {"href": "http://10.0.2.15:8774/b07974e9db8442b78d65848eb4a3850c/servers/a909101d-286d-4443-a221-be31bb363302", "rel": "bookmark"}], "adminPass": "ffs2w4oUAVSg"}}
2015-12-18 10:26:23,253 21148 INFO     [tempest_lib.common.rest_client] Request (TestNetworkBasicOps:test_connectivity_between_vms_on_different_networks): 200 GET http://10.0.2.15:8774/v2.1/b07974e9db8442b78d65848eb4a3850c/servers/a909101d-286d-4443-a221-be31bb363302 0.250s
2015-12-18 10:26:23,253 21148 DEBUG    [tempest_lib.common.rest_client] Request - Headers: {'Content-Type': 'application/json', 'Accept': 'application/json', 'X-Auth-Token': '&lt;omitted&gt;'}
        Body: None
    Response - Headers: {'status': '200', 'content-length': '1355', 'content-location': 'http://10.0.2.15:8774/v2.1/b07974e9db8442b78d65848eb4a3850c/servers/a909101d-286d-4443-a221-be31bb363302', 'x-compute-request-id': 'req-eb3c1f29-2541-464f-9f5a-b830eb2f2946', 'vary': 'X-OpenStack-Nova-API-Version', 'connection': 'close', 'x-openstack-nova-api-version': '2.1', 'date': 'Fri, 18 Dec 2015 10:26:23 GMT', 'content-type': 'application/json'}
        Body: {"server": {"status": "BUILD", "updated": "2015-12-18T10:26:23Z", "hostId": "", "addresses": {}, "links": [{"href": "http://10.0.2.15:8774/v2.1/b07974e9db8442b78d65848eb4a3850c/servers/a909101d-286d-4443-a221-be31bb363302", "rel": "self"}, {"href": "http://10.0.2.15:8774/b07974e9db8442b78d65848eb4a3850c/servers/a909101d-286d-4443-a221-be31bb363302", "rel": "bookmark"}], "key_name": "tempest-TestNetworkBasicOps-1161002818", "image": {"id": "7ce3a8af-a93f-4988-af14-307b96deb46a", "links": [{"href": "http://10.0.2.15:8774/b07974e9db8442b78d65848eb4a3850c/images/7ce3a8af-a93f-4988-af14-307b96deb46a", "rel": "bookmark"}]}, "OS-EXT-STS:task_state": "scheduling", "OS-EXT-STS:vm_state": "building", "OS-SRV-USG:launched_at": null, "flavor": {"id": "42", "links": [{"href": "http://10.0.2.15:8774/b07974e9db8442b78d65848eb4a3850c/flavors/42", "rel": "bookmark"}]}, "id": "a909101d-286d-4443-a221-be31bb363302", "OS-SRV-USG:terminated_at": null, "OS-EXT-AZ:availability_zone": "", "user_id": "60f0e208d60c41d9a8fbf0dc8ba73909", "name": "tempest.common.compute-instance-255369200", "created": "2015-12-18T10:26:22Z", "tenant_id": "b07974e9db8442b78d65848eb4a3850c", "OS-DCF:diskConfig": "MANUAL", "os-extended-volumes:volumes_attached": [], "accessIPv4": "", "accessIPv6": "", "progress": 0, "OS-EXT-STS:power_state": 0, "config_drive": "", "metadata": {}}}
2015-12-18 10:26:24,496 21148 INFO     [tempest_lib.common.rest_client] Request (TestNetworkBasicOps:test_connectivity_between_vms_on_different_networks): 200 GET http://10.0.2.15:8774/v2.1/b07974e9db8442b78d65848eb4a3850c/servers/a909101d-286d-4443-a221-be31bb363302 0.231s
2015-12-18 10:26:24,496 21148 DEBUG    [tempest_lib.common.rest_client] Request - Headers: {'Content-Type': 'application/json', 'Accept': 'application/json', 'X-Auth-Token': '&lt;omitted&gt;'}
        Body: None
    Response - Headers: {'status': '200', 'content-length': '1479', 'content-location': 'http://10.0.2.15:8774/v2.1/b07974e9db8442b78d65848eb4a3850c/servers/a909101d-286d-4443-a221-be31bb363302', 'x-compute-request-id': 'req-6ee9018e-a9d4-4ad6-ae3b-ac473bb6d036', 'vary': 'X-OpenStack-Nova-API-Version', 'connection': 'close', 'x-openstack-nova-api-version': '2.1', 'date': 'Fri, 18 Dec 2015 10:26:24 GMT', 'content-type': 'application/json'}
        Body: {"server": {"status": "BUILD", "updated": "2015-12-18T10:26:23Z", "hostId": "38c1a2c83eb87928f62d75fb8cc24f3f17f01d42535cf670bf45cdf0", "addresses": {}, "links": [{"href": "http://10.0.2.15:8774/v2.1/b07974e9db8442b78d65848eb4a3850c/servers/a909101d-286d-4443-a221-be31bb363302", "rel": "self"}, {"href": "http://10.0.2.15:8774/b07974e9db8442b78d65848eb4a3850c/servers/a909101d-286d-4443-a221-be31bb363302", "rel": "bookmark"}], "key_name": "tempest-TestNetworkBasicOps-1161002818", "image": {"id": "7ce3a8af-a93f-4988-af14-307b96deb46a", "links": [{"href": "http://10.0.2.15:8774/b07974e9db8442b78d65848eb4a3850c/images/7ce3a8af-a93f-4988-af14-307b96deb46a", "rel": "bookmark"}]}, "OS-EXT-STS:task_state": "spawning", "OS-EXT-STS:vm_state": "building", "OS-SRV-USG:launched_at": null, "flavor": {"id": "42", "links": [{"href": "http://10.0.2.15:8774/b07974e9db8442b78d65848eb4a3850c/flavors/42", "rel": "bookmark"}]}, "id": "a909101d-286d-4443-a221-be31bb363302", "security_groups": [{"name": "tempest-secgroup-smoke-85484321"}], "OS-SRV-USG:terminated_at": null, "OS-EXT-AZ:availability_zone": "nova", "user_id": "60f0e208d60c41d9a8fbf0dc8ba73909", "name": "tempest.common.compute-instance-255369200", "created": "2015-12-18T10:26:22Z", "tenant_id": "b07974e9db8442b78d65848eb4a3850c", "OS-DCF:diskConfig": "MANUAL", "os-extended-volumes:volumes_attached": [], "accessIPv4": "", "accessIPv6": "", "progress": 0, "OS-EXT-STS:power_state": 0, "config_drive": "", "metadata": {}}}
2015-12-18 10:26:24,504 21148 INFO     [tempest.common.waiters] State transition "BUILD/scheduling" ==&gt; "BUILD/spawning" after 1 second wait
2015-12-18 10:26:25,744 21148 INFO     [tempest_lib.common.rest_client] Request (TestNetworkBasicOps:test_connectivity_between_vms_on_different_networks): 200 GET http://10.0.2.15:8774/v2.1/b07974e9db8442b78d65848eb4a3850c/servers/a909101d-286d-4443-a221-be31bb363302 0.238s
2015-12-18 10:26:25,744 21148 DEBUG    [tempest_lib.common.rest_client] Request - Headers: {'Content-Type': 'application/json', 'Accept': 'application/json', 'X-Auth-Token': '&lt;omitted&gt;'}
        Body: None
    Response - Headers: {'status': '200', 'content-length': '1479', 'content-location': 'http://10.0.2.15:8774/v2.1/b07974e9db8442b78d65848eb4a3850c/servers/a909101d-286d-4443-a221-be31bb363302', 'x-compute-request-id': 'req-b38ae317-9574-49f0-874f-d29279d9f884', 'vary': 'X-OpenStack-Nova-API-Version', 'connection': 'close', 'x-openstack-nova-api-version': '2.1', 'date': 'Fri, 18 Dec 2015 10:26:25 GMT', 'content-type': 'application/json'}
        Body: {"server": {"status": "BUILD", "updated": "2015-12-18T10:26:23Z", "hostId": "38c1a2c83eb87928f62d75fb8cc24f3f17f01d42535cf670bf45cdf0", "addresses": {}, "links": [{"href": "http://10.0.2.15:8774/v2.1/b07974e9db8442b78d65848eb4a3850c/servers/a909101d-286d-4443-a221-be31bb363302", "rel": "self"}, {"href": "http://10.0.2.15:8774/b07974e9db8442b78d65848eb4a3850c/servers/a909101d-286d-4443-a221-be31bb363302", "rel": "bookmark"}], "key_name": "tempest-TestNetworkBasicOps-1161002818", "image": {"id": "7ce3a8af-a93f-4988-af14-307b96deb46a", "links": [{"href": "http://10.0.2.15:8774/b07974e9db8442b78d65848eb4a3850c/images/7ce3a8af-a93f-4988-af14-307b96deb46a", "rel": "bookmark"}]}, "OS-EXT-STS:task_state": "spawning", "OS-EXT-STS:vm_state": "building", "OS-SRV-USG:launched_at": null, "flavor": {"id": "42", "links": [{"href": "http://10.0.2.15:8774/b07974e9db8442b78d65848eb4a3850c/flavors/42", "rel": "bookmark"}]}, "id": "a909101d-286d-4443-a221-be31bb363302", "security_groups": [{"name": "tempest-secgroup-smoke-85484321"}], "OS-SRV-USG:terminated_at": null, "OS-EXT-AZ:availability_zone": "nova", "user_id": "60f0e208d60c41d9a8fbf0dc8ba73909", "name": "tempest.common.compute-instance-255369200", "created": "2015-12-18T10:26:22Z", "tenant_id": "b07974e9db8442b78d65848eb4a3850c", "OS-DCF:diskConfig": "MANUAL", "os-extended-volumes:volumes_attached": [], "accessIPv4": "", "accessIPv6": "", "progress": 0, "OS-EXT-STS:power_state": 0, "config_drive": "", "metadata": {}}}
2015-12-18 10:26:27,010 21148 INFO     [tempest_lib.common.rest_client] Request (TestNetworkBasicOps:test_connectivity_between_vms_on_different_networks): 200 GET http://10.0.2.15:8774/v2.1/b07974e9db8442b78d65848eb4a3850c/servers/a909101d-286d-4443-a221-be31bb363302 0.254s
2015-12-18 10:26:27,010 21148 DEBUG    [tempest_lib.common.rest_client] Request - Headers: {'Content-Type': 'application/json', 'Accept': 'application/json', 'X-Auth-Token': '&lt;omitted&gt;'}
        Body: None
    Response - Headers: {'status': '200', 'content-length': '1651', 'content-location': 'http://10.0.2.15:8774/v2.1/b07974e9db8442b78d65848eb4a3850c/servers/a909101d-286d-4443-a221-be31bb363302', 'x-compute-request-id': 'req-2c243f72-d255-42ff-b53d-91a89adfbca6', 'vary': 'X-OpenStack-Nova-API-Version', 'connection': 'close', 'x-openstack-nova-api-version': '2.1', 'date': 'Fri, 18 Dec 2015 10:26:27 GMT', 'content-type': 'application/json'}
        Body: {"server": {"status": "ACTIVE", "updated": "2015-12-18T10:26:26Z", "hostId": "38c1a2c83eb87928f62d75fb8cc24f3f17f01d42535cf670bf45cdf0", "addresses": {"tempest-network-smoke--2039816029": [{"OS-EXT-IPS-MAC:mac_addr": "fa:16:3e:a5:5d:42", "version": 4, "addr": "10.100.0.3", "OS-EXT-IPS:type": "fixed"}]}, "links": [{"href": "http://10.0.2.15:8774/v2.1/b07974e9db8442b78d65848eb4a3850c/servers/a909101d-286d-4443-a221-be31bb363302", "rel": "self"}, {"href": "http://10.0.2.15:8774/b07974e9db8442b78d65848eb4a3850c/servers/a909101d-286d-4443-a221-be31bb363302", "rel": "bookmark"}], "key_name": "tempest-TestNetworkBasicOps-1161002818", "image": {"id": "7ce3a8af-a93f-4988-af14-307b96deb46a", "links": [{"href": "http://10.0.2.15:8774/b07974e9db8442b78d65848eb4a3850c/images/7ce3a8af-a93f-4988-af14-307b96deb46a", "rel": "bookmark"}]}, "OS-EXT-STS:task_state": null, "OS-EXT-STS:vm_state": "active", "OS-SRV-USG:launched_at": "2015-12-18T10:26:26.000000", "flavor": {"id": "42", "links": [{"href": "http://10.0.2.15:8774/b07974e9db8442b78d65848eb4a3850c/flavors/42", "rel": "bookmark"}]}, "id": "a909101d-286d-4443-a221-be31bb363302", "security_groups": [{"name": "tempest-secgroup-smoke-85484321"}], "OS-SRV-USG:terminated_at": null, "OS-EXT-AZ:availability_zone": "nova", "user_id": "60f0e208d60c41d9a8fbf0dc8ba73909", "name": "tempest.common.compute-instance-255369200", "created": "2015-12-18T10:26:22Z", "tenant_id": "b07974e9db8442b78d65848eb4a3850c", "OS-DCF:diskConfig": "MANUAL", "os-extended-volumes:volumes_attached": [], "accessIPv4": "", "accessIPv6": "", "progress": 0, "OS-EXT-STS:power_state": 1, "config_drive": "True", "metadata": {}}}
2015-12-18 10:26:27,019 21148 INFO     [tempest.common.waiters] State transition "BUILD/spawning" ==&gt; "ACTIVE/None" after 4 second wait
2015-12-18 10:26:27,449 21148 INFO     [tempest_lib.common.rest_client] Request (TestNetworkBasicOps:test_connectivity_between_vms_on_different_networks): 200 GET http://10.0.2.15:8774/v2.1/b07974e9db8442b78d65848eb4a3850c/servers/a909101d-286d-4443-a221-be31bb363302 0.429s
2015-12-18 10:26:27,449 21148 DEBUG    [tempest_lib.common.rest_client] Request - Headers: {'Content-Type': 'application/json', 'Accept': 'application/json', 'X-Auth-Token': '&lt;omitted&gt;'}
        Body: None
    Response - Headers: {'status': '200', 'content-length': '1651', 'content-location': 'http://10.0.2.15:8774/v2.1/b07974e9db8442b78d65848eb4a3850c/servers/a909101d-286d-4443-a221-be31bb363302', 'x-compute-request-id': 'req-96c8a6a5-8c1e-4967-99c9-0360a8932dd3', 'vary': 'X-OpenStack-Nova-API-Version', 'connection': 'close', 'x-openstack-nova-api-version': '2.1', 'date': 'Fri, 18 Dec 2015 10:26:27 GMT', 'content-type': 'application/json'}
        Body: {"server": {"status": "ACTIVE", "updated": "2015-12-18T10:26:26Z", "hostId": "38c1a2c83eb87928f62d75fb8cc24f3f17f01d42535cf670bf45cdf0", "addresses": {"tempest-network-smoke--2039816029": [{"OS-EXT-IPS-MAC:mac_addr": "fa:16:3e:a5:5d:42", "version": 4, "addr": "10.100.0.3", "OS-EXT-IPS:type": "fixed"}]}, "links": [{"href": "http://10.0.2.15:8774/v2.1/b07974e9db8442b78d65848eb4a3850c/servers/a909101d-286d-4443-a221-be31bb363302", "rel": "self"}, {"href": "http://10.0.2.15:8774/b07974e9db8442b78d65848eb4a3850c/servers/a909101d-286d-4443-a221-be31bb363302", "rel": "bookmark"}], "key_name": "tempest-TestNetworkBasicOps-1161002818", "image": {"id": "7ce3a8af-a93f-4988-af14-307b96deb46a", "links": [{"href": "http://10.0.2.15:8774/b07974e9db8442b78d65848eb4a3850c/images/7ce3a8af-a93f-4988-af14-307b96deb46a", "rel": "bookmark"}]}, "OS-EXT-STS:task_state": null, "OS-EXT-STS:vm_state": "active", "OS-SRV-USG:launched_at": "2015-12-18T10:26:26.000000", "flavor": {"id": "42", "links": [{"href": "http://10.0.2.15:8774/b07974e9db8442b78d65848eb4a3850c/flavors/42", "rel": "bookmark"}]}, "id": "a909101d-286d-4443-a221-be31bb363302", "security_groups": [{"name": "tempest-secgroup-smoke-85484321"}], "OS-SRV-USG:terminated_at": null, "OS-EXT-AZ:availability_zone": "nova", "user_id": "60f0e208d60c41d9a8fbf0dc8ba73909", "name": "tempest.common.compute-instance-255369200", "created": "2015-12-18T10:26:22Z", "tenant_id": "b07974e9db8442b78d65848eb4a3850c", "OS-DCF:diskConfig": "MANUAL", "os-extended-volumes:volumes_attached": [], "accessIPv4": "", "accessIPv6": "", "progress": 0, "OS-EXT-STS:power_state": 1, "config_drive": "True", "metadata": {}}}
2015-12-18 10:26:27,457 21148 INFO     [tempest.scenario.manager] Tenant networks not configured to be reachable.
2015-12-18 10:26:27,494 21148 INFO     [tempest_lib.common.rest_client] Request (TestNetworkBasicOps:test_connectivity_between_vms_on_different_networks): 200 GET http://10.0.2.15:9696/v2.0/ports?status=ACTIVE&amp;fixed_ip=None&amp;device_id=a909101d-286d-4443-a221-be31bb363302 0.036s
2015-12-18 10:26:27,495 21148 DEBUG    [tempest_lib.common.rest_client] Request - Headers: {'Content-Type': 'application/json', 'Accept': 'application/json', 'X-Auth-Token': '&lt;omitted&gt;'}
        Body: None
    Response - Headers: {'status': '200', 'content-length': '895', 'content-location': 'http://10.0.2.15:9696/v2.0/ports?status=ACTIVE&amp;fixed_ip=None&amp;device_id=a909101d-286d-4443-a221-be31bb363302', 'connection': 'close', 'date': 'Fri, 18 Dec 2015 10:26:27 GMT', 'content-type': 'application/json; charset=UTF-8', 'x-openstack-request-id': 'req-a15dd259-5078-4b63-b8a4-581ce60d98cc'}
        Body: {"ports": [{"status": "ACTIVE", "binding:host_id": "vagrant-ubuntu-trusty-64", "allowed_address_pairs": [], "extra_dhcp_opts": [], "dns_assignment": [{"hostname": "host-10-100-0-3", "ip_address": "10.100.0.3", "fqdn": "host-10-100-0-3.openstacklocal."}], "device_owner": "compute:None", "port_security_enabled": true, "binding:profile": {}, "fixed_ips": [{"subnet_id": "467661eb-17af-4858-868c-3967c3f1fd17", "ip_address": "10.100.0.3"}], "id": "5cf5bd3d-2367-448d-85aa-22e9c263b681", "security_groups": ["62a85602-518e-4ec5-9b4d-7c61a355f8d2"], "device_id": "a909101d-286d-4443-a221-be31bb363302", "name": "", "admin_state_up": true, "network_id": "a55ec845-f0df-44d9-80d6-263b44bc9197", "dns_name": "", "binding:vif_details": {"port_filter": true}, "binding:vnic_type": "normal", "binding:vif_type": "ovs", "tenant_id": "b07974e9db8442b78d65848eb4a3850c", "mac_address": "fa:16:3e:a5:5d:42"}]}
2015-12-18 10:26:28,088 21148 INFO     [tempest_lib.common.rest_client] Request (TestNetworkBasicOps:test_connectivity_between_vms_on_different_networks): 201 POST http://10.0.2.15:9696/v2.0/floatingips 0.593s
2015-12-18 10:26:28,089 21148 DEBUG    [tempest_lib.common.rest_client] Request - Headers: {'Content-Type': 'application/json', 'Accept': 'application/json', 'X-Auth-Token': '&lt;omitted&gt;'}
        Body: {"floatingip": {"floating_network_id": "82570880-1215-496b-8e17-bc8cbc5dfd07", "tenant_id": "b07974e9db8442b78d65848eb4a3850c", "fixed_ip_address": "10.100.0.3", "port_id": "5cf5bd3d-2367-448d-85aa-22e9c263b681"}}
    Response - Headers: {'status': '201', 'content-length': '367', 'connection': 'close', 'date': 'Fri, 18 Dec 2015 10:26:28 GMT', 'content-type': 'application/json; charset=UTF-8', 'x-openstack-request-id': 'req-844f2b8b-76f1-4238-936c-b3738fb7f1cf'}
        Body: {"floatingip": {"floating_network_id": "82570880-1215-496b-8e17-bc8cbc5dfd07", "router_id": "a65b9af3-0572-495b-929c-fa02352f9aa1", "fixed_ip_address": "10.100.0.3", "floating_ip_address": "172.24.4.4", "tenant_id": "b07974e9db8442b78d65848eb4a3850c", "status": "DOWN", "port_id": "5cf5bd3d-2367-448d-85aa-22e9c263b681", "id": "63d324f5-a61a-4f0e-a8e1-b53dca951418"}}
2015-12-18 10:26:28,103 21148 INFO     [tempest_lib.common.rest_client] Request (TestNetworkBasicOps:test_connectivity_between_vms_on_different_networks): 200 GET http://10.0.2.15:9696/v2.0/floatingips/63d324f5-a61a-4f0e-a8e1-b53dca951418 0.013s
2015-12-18 10:26:28,103 21148 DEBUG    [tempest_lib.common.rest_client] Request - Headers: {'Content-Type': 'application/json', 'Accept': 'application/json', 'X-Auth-Token': '&lt;omitted&gt;'}
        Body: None
    Response - Headers: {'status': '200', 'content-length': '367', 'content-location': 'http://10.0.2.15:9696/v2.0/floatingips/63d324f5-a61a-4f0e-a8e1-b53dca951418', 'connection': 'close', 'date': 'Fri, 18 Dec 2015 10:26:28 GMT', 'content-type': 'application/json; charset=UTF-8', 'x-openstack-request-id': 'req-d2ed07b4-31f4-4e86-98bd-934036c40332'}
        Body: {"floatingip": {"floating_network_id": "82570880-1215-496b-8e17-bc8cbc5dfd07", "router_id": "a65b9af3-0572-495b-929c-fa02352f9aa1", "fixed_ip_address": "10.100.0.3", "floating_ip_address": "172.24.4.4", "tenant_id": "b07974e9db8442b78d65848eb4a3850c", "status": "DOWN", "port_id": "5cf5bd3d-2367-448d-85aa-22e9c263b681", "id": "63d324f5-a61a-4f0e-a8e1-b53dca951418"}}
2015-12-18 10:26:29,118 21148 INFO     [tempest_lib.common.rest_client] Request (TestNetworkBasicOps:test_connectivity_between_vms_on_different_networks): 200 GET http://10.0.2.15:9696/v2.0/floatingips/63d324f5-a61a-4f0e-a8e1-b53dca951418 0.013s
2015-12-18 10:26:29,119 21148 DEBUG    [tempest_lib.common.rest_client] Request - Headers: {'Content-Type': 'application/json', 'Accept': 'application/json', 'X-Auth-Token': '&lt;omitted&gt;'}
        Body: None
    Response - Headers: {'status': '200', 'content-length': '369', 'content-location': 'http://10.0.2.15:9696/v2.0/floatingips/63d324f5-a61a-4f0e-a8e1-b53dca951418', 'connection': 'close', 'date': 'Fri, 18 Dec 2015 10:26:29 GMT', 'content-type': 'application/json; charset=UTF-8', 'x-openstack-request-id': 'req-7c186664-c2bc-42bd-bec0-15fbb6aa8316'}
        Body: {"floatingip": {"floating_network_id": "82570880-1215-496b-8e17-bc8cbc5dfd07", "router_id": "a65b9af3-0572-495b-929c-fa02352f9aa1", "fixed_ip_address": "10.100.0.3", "floating_ip_address": "172.24.4.4", "tenant_id": "b07974e9db8442b78d65848eb4a3850c", "status": "ACTIVE", "port_id": "5cf5bd3d-2367-448d-85aa-22e9c263b681", "id": "63d324f5-a61a-4f0e-a8e1-b53dca951418"}}
2015-12-18 10:26:29,119 21148 INFO     [tempest.scenario.manager] FloatingIP: &lt;"FloatingIP" addr="172.24.4.4" id="63d324f5-a61a-4f0e-a8e1-b53dca951418"&gt; is at status: ACTIVE
2015-12-18 10:26:29,119 21148 DEBUG    [tempest.scenario.manager] checking network connections to IP 172.24.4.4 with user: cirros
2015-12-18 10:26:29,120 21148 DEBUG    [tempest.scenario.manager] TestNetworkBasicOps:test_connectivity_between_vms_on_different_networks begins to ping 172.24.4.4 in 120 sec and the expected result is reachable
2015-12-18 10:28:29,428 21148 DEBUG    [tempest.scenario.manager] TestNetworkBasicOps:test_connectivity_between_vms_on_different_networks finishes ping 172.24.4.4 in 120 sec and the ping result is unexpected
2015-12-18 10:28:29,428 21148 ERROR    [tempest.scenario.manager] Public network connectivity check failed
2015-12-18 10:28:29.428 21148 ERROR tempest.scenario.manager Traceback (most recent call last):
2015-12-18 10:28:29.428 21148 ERROR tempest.scenario.manager   File "tempest/scenario/manager.py", line 608, in check_public_network_connectivity
2015-12-18 10:28:29.428 21148 ERROR tempest.scenario.manager     should_connect=should_connect)
2015-12-18 10:28:29.428 21148 ERROR tempest.scenario.manager   File "tempest/scenario/manager.py", line 592, in check_vm_connectivity
2015-12-18 10:28:29.428 21148 ERROR tempest.scenario.manager     msg=msg)
2015-12-18 10:28:29.428 21148 ERROR tempest.scenario.manager   File "/usr/local/lib/python2.7/dist-packages/unittest2/case.py", line 702, in assertTrue
2015-12-18 10:28:29.428 21148 ERROR tempest.scenario.manager     raise self.failureException(msg)
2015-12-18 10:28:29.428 21148 ERROR tempest.scenario.manager AssertionError: False is not true : Timed out waiting for 172.24.4.4 to become reachable
2015-12-18 10:28:29.428 21148 ERROR tempest.scenario.manager 
2015-12-18 10:28:29,653 21148 INFO     [tempest_lib.common.rest_client] Request (TestNetworkBasicOps:test_connectivity_between_vms_on_different_networks): 200 POST http://10.0.2.15:8774/v2.1/b07974e9db8442b78d65848eb4a3850c/servers/a909101d-286d-4443-a221-be31bb363302/action 0.222s
2015-12-18 10:28:29,654 21148 DEBUG    [tempest_lib.common.rest_client] Request - Headers: {'Content-Type': 'application/json', 'Accept': 'application/json', 'X-Auth-Token': '&lt;omitted&gt;'}
        Body: {"os-getConsoleOutput": {}}
    Response - Headers: {'status': '200', 'content-length': '17429', 'x-compute-request-id': 'req-eb9eb574-0799-4f33-b47d-b546b725727c', 'vary': 'X-OpenStack-Nova-API-Version', 'connection': 'close', 'x-openstack-nova-api-version': '2.1', 'date': 'Fri, 18 Dec 2015 10:28:29 GMT', 'content-type': 'application/json'}
        Body: {"output": "[    0.000000] Initializing cgroup subsys cpuset\n[    0.000000] Initializing cgroup subsys cpu\n[    0.000000] Linux version 3.2.0-80-virtual (buildd@batsu) (gcc version 4.6.3 (Ubuntu/Linaro 4.6.3-1ubuntu5) ) #116-Ubuntu SMP Mon Mar 23 17:28:52 UTC 2015 (Ubuntu 3.2.0-80.116-virtual 3.2.68)\n[    0.000000] Command line: root=/dev/vda console=tty0 console=ttyS0 no_timer_check\n[    0.000000] KERNEL supported cpus:\n[    0.000000]   Intel GenuineIntel\n[    0.000000]   AMD AuthenticAMD\n[    0.000000]   Centaur CentaurHauls\n[    0.000000] BIOS-provided physical RAM map:\n[    0.000000]  BIOS-e820: 0000000000000000 - 000000000009fc00 (usable)\n[    0.000000]  BIOS-e820: 000000000009fc00 - 00000000000a0000 (reserved)\n[    0.000000]  BIOS-e820: 00000000000f0000 - 0000000000100000 (reserved)\n[    0.000000]  BIOS-e820: 0000000000100000 - 0000000003ffe000 (usable)\n[    0.000000]  BIOS-e820: 0000000003ffe000 - 0000000004000000 (reserved)\n[    0.000000]  BIOS-e820: 00000000fffc0000 - 0000000100000000 (reserved)\n[    0.000000] NX (Execute Disable) protection: active\n[    0.000000] SMBIOS 2.4 present.\n[    0.000000] No AGP bridge found\n[    0.000000] last_pfn = 0x3ffe max_arch_pfn = 0x400000000\n[    0.000000] x86 PAT enabled: cpu 0, old 0x7040600070406, new 0x7010600070106\n[    0.000000] found SMP MP-table at [ffff8800000f0b00] f0b00\n[    0.000000] init_memory_mapping: 0000000000000000-0000000003ffe000\n[    0.000000] RAMDISK: 03c5e000 - 03ff0000\n[    0.000000] ACPI: RSDP 00000000000f0950 00014 (v00 BOCHS )\n[    0.000000] ACPI: RSDT 0000000003fffbc1 00034 (v01 BOCHS  BXPCRSDT 00000001 BXPC 00000001)\n[    0.000000] ACPI: FACP 0000000003fff1c0 00074 (v01 BOCHS  BXPCFACP 00000001 BXPC 00000001)\n[    0.000000] ACPI: DSDT 0000000003ffe040 01180 (v01 BOCHS  BXPCDSDT 00000001 BXPC 00000001)\n[    0.000000] ACPI: FACS 0000000003ffe000 00040\n[    0.000000] ACPI: SSDT 0000000003fff234 008DD (v01 BOCHS  BXPCSSDT 00000001 BXPC 00000001)\n[    0.000000] ACPI: APIC 0000000003fffb11 00078 (v01 BOCHS  BXPCAPIC 00000001 BXPC 00000001)\n[    0.000000] ACPI: HPET 0000000003fffb89 00038 (v01 BOCHS  BXPCHPET 00000001 BXPC 00000001)\n[    0.000000] No NUMA configuration found\n[    0.000000] Faking a node at 0000000000000000-0000000003ffe000\n[    0.000000] Initmem setup node 0 0000000000000000-0000000003ffe000\n[    0.000000]   NODE_DATA [0000000003ff6000 - 0000000003ffafff]\n[    0.000000] Zone PFN ranges:\n[    0.000000]   DMA      0x00000010 -&gt; 0x00001000\n[    0.000000]   DMA32    0x00001000 -&gt; 0x00100000\n[    0.000000]   Normal   empty\n[    0.000000] Movable zone start PFN for each node\n[    0.000000] early_node_map[2] active PFN ranges\n[    0.000000]     0: 0x00000010 -&gt; 0x0000009f\n[    0.000000]     0: 0x00000100 -&gt; 0x00003ffe\n[    0.000000] ACPI: PM-Timer IO Port: 0xb008\n[    0.000000] ACPI: LAPIC (acpi_id[0x00] lapic_id[0x00] enabled)\n[    0.000000] ACPI: LAPIC_NMI (acpi_id[0xff] dfl dfl lint[0x1])\n[    0.000000] ACPI: IOAPIC (id[0x00] address[0xfec00000] gsi_base[0])\n[    0.000000] IOAPIC[0]: apic_id 0, version 17, address 0xfec00000, GSI 0-23\n[    0.000000] ACPI: INT_SRC_OVR (bus 0 bus_irq 0 global_irq 2 dfl dfl)\n[    0.000000] ACPI: INT_SRC_OVR (bus 0 bus_irq 5 global_irq 5 high level)\n[    0.000000] ACPI: INT_SRC_OVR (bus 0 bus_irq 9 global_irq 9 high level)\n[    0.000000] ACPI: INT_SRC_OVR (bus 0 bus_irq 10 global_irq 10 high level)\n[    0.000000] ACPI: INT_SRC_OVR (bus 0 bus_irq 11 global_irq 11 high level)\n[    0.000000] Using ACPI (MADT) for SMP configuration information\n[    0.000000] ACPI: HPET id: 0x8086a201 base: 0xfed00000\n[    0.000000] SMP: Allowing 1 CPUs, 0 hotplug CPUs\n[    0.000000] PM: Registered nosave memory: 000000000009f000 - 00000000000a0000\n[    0.000000] PM: Registered nosave memory: 00000000000a0000 - 00000000000f0000\n[    0.000000] PM: Registered nosave memory: 00000000000f0000 - 0000000000100000\n[    0.000000] Allocating PCI resources starting at 4000000 (gap: 4000000:fbfc0000)\n[    0.000000] Booting paravirtualized kernel on bare hardware\n[    0.000000] setup_pe
2015-12-18 10:28:29,657 21148 DEBUG    [tempest.scenario.manager] Console output for a909101d-286d-4443-a221-be31bb363302
body=
[    0.000000] Initializing cgroup subsys cpuset
[    0.000000] Initializing cgroup subsys cpu
[    0.000000] Linux version 3.2.0-80-virtual (buildd@batsu) (gcc version 4.6.3 (Ubuntu/Linaro 4.6.3-1ubuntu5) ) #116-Ubuntu SMP Mon Mar 23 17:28:52 UTC 2015 (Ubuntu 3.2.0-80.116-virtual 3.2.68)
[    0.000000] Command line: root=/dev/vda console=tty0 console=ttyS0 no_timer_check
[    0.000000] KERNEL supported cpus:
[    0.000000]   Intel GenuineIntel
[    0.000000]   AMD AuthenticAMD
[    0.000000]   Centaur CentaurHauls
[    0.000000] BIOS-provided physical RAM map:
[    0.000000]  BIOS-e820: 0000000000000000 - 000000000009fc00 (usable)
[    0.000000]  BIOS-e820: 000000000009fc00 - 00000000000a0000 (reserved)
[    0.000000]  BIOS-e820: 00000000000f0000 - 0000000000100000 (reserved)
[    0.000000]  BIOS-e820: 0000000000100000 - 0000000003ffe000 (usable)
[    0.000000]  BIOS-e820: 0000000003ffe000 - 0000000004000000 (reserved)
[    0.000000]  BIOS-e820: 00000000fffc0000 - 0000000100000000 (reserved)
[    0.000000] NX (Execute Disable) protection: active
[    0.000000] SMBIOS 2.4 present.
[    0.000000] No AGP bridge found
[    0.000000] last_pfn = 0x3ffe max_arch_pfn = 0x400000000
[    0.000000] x86 PAT enabled: cpu 0, old 0x7040600070406, new 0x7010600070106
[    0.000000] found SMP MP-table at [ffff8800000f0b00] f0b00
[    0.000000] init_memory_mapping: 0000000000000000-0000000003ffe000
[    0.000000] RAMDISK: 03c5e000 - 03ff0000
[    0.000000] ACPI: RSDP 00000000000f0950 00014 (v00 BOCHS )
[    0.000000] ACPI: RSDT 0000000003fffbc1 00034 (v01 BOCHS  BXPCRSDT 00000001 BXPC 00000001)
[    0.000000] ACPI: FACP 0000000003fff1c0 00074 (v01 BOCHS  BXPCFACP 00000001 BXPC 00000001)
[    0.000000] ACPI: DSDT 0000000003ffe040 01180 (v01 BOCHS  BXPCDSDT 00000001 BXPC 00000001)
[    0.000000] ACPI: FACS 0000000003ffe000 00040
[    0.000000] ACPI: SSDT 0000000003fff234 008DD (v01 BOCHS  BXPCSSDT 00000001 BXPC 00000001)
[    0.000000] ACPI: APIC 0000000003fffb11 00078 (v01 BOCHS  BXPCAPIC 00000001 BXPC 00000001)
[    0.000000] ACPI: HPET 0000000003fffb89 00038 (v01 BOCHS  BXPCHPET 00000001 BXPC 00000001)
[    0.000000] No NUMA configuration found
[    0.000000] Faking a node at 0000000000000000-0000000003ffe000
[    0.000000] Initmem setup node 0 0000000000000000-0000000003ffe000
[    0.000000]   NODE_DATA [0000000003ff6000 - 0000000003ffafff]
[    0.000000] Zone PFN ranges:
[    0.000000]   DMA      0x00000010 -&gt; 0x00001000
[    0.000000]   DMA32    0x00001000 -&gt; 0x00100000
[    0.000000]   Normal   empty
[    0.000000] Movable zone start PFN for each node
[    0.000000] early_node_map[2] active PFN ranges
[    0.000000]     0: 0x00000010 -&gt; 0x0000009f
[    0.000000]     0: 0x00000100 -&gt; 0x00003ffe
[    0.000000] ACPI: PM-Timer IO Port: 0xb008
[    0.000000] ACPI: LAPIC (acpi_id[0x00] lapic_id[0x00] enabled)
[    0.000000] ACPI: LAPIC_NMI (acpi_id[0xff] dfl dfl lint[0x1])
[    0.000000] ACPI: IOAPIC (id[0x00] address[0xfec00000] gsi_base[0])
[    0.000000] IOAPIC[0]: apic_id 0, version 17, address 0xfec00000, GSI 0-23
[    0.000000] ACPI: INT_SRC_OVR (bus 0 bus_irq 0 global_irq 2 dfl dfl)
[    0.000000] ACPI: INT_SRC_OVR (bus 0 bus_irq 5 global_irq 5 high level)
[    0.000000] ACPI: INT_SRC_OVR (bus 0 bus_irq 9 global_irq 9 high level)
[    0.000000] ACPI: INT_SRC_OVR (bus 0 bus_irq 10 global_irq 10 high level)
[    0.000000] ACPI: INT_SRC_OVR (bus 0 bus_irq 11 global_irq 11 high level)
[    0.000000] Using ACPI (MADT) for SMP configuration information
[    0.000000] ACPI: HPET id: 0x8086a201 base: 0xfed00000
[    0.000000] SMP: Allowing 1 CPUs, 0 hotplug CPUs
[    0.000000] PM: Registered nosave memory: 000000000009f000 - 00000000000a0000
[    0.000000] PM: Registered nosave memory: 00000000000a0000 - 00000000000f0000
[    0.000000] PM: Registered nosave memory: 00000000000f0000 - 0000000000100000
[    0.000000] Allocating PCI resources starting at 4000000 (gap: 4000000:fbfc0000)
[    0.000000] Booting paravirtualized kernel on bare hardware
[    0.000000] setup_percpu: NR_CPUS:64 nr_cpumask_bits:64 nr_cpu_ids:1 nr_node_ids:1
[    0.000000] PERCPU: Embedded 27 pages/cpu @ffff880003a00000 s78848 r8192 d23552 u2097152
[    0.000000] Built 1 zonelists in Node order, mobility grouping on.  Total pages: 16008
[    0.000000] Policy zone: DMA32
[    0.000000] Kernel command line: root=/dev/vda console=tty0 console=ttyS0 no_timer_check
[    0.000000] PID hash table entries: 256 (order: -1, 2048 bytes)
[    0.000000] Checking aperture...
[    0.000000] No AGP bridge found
[    0.000000] Memory: 43492k/65528k available (6576k kernel code, 452k absent, 21584k reserved, 6620k data, 928k init)
[    0.000000] SLUB: Genslabs=15, HWalign=64, Order=0-3, MinObjects=0, CPUs=1, Nodes=1
[    0.000000] Hierarchical RCU implementation.
[    0.000000] 	RCU dyntick-idle grace-period acceleration is enabled.
[    0.000000] NR_IRQS:4352 nr_irqs:256 16
[    0.000000] Console: colour VGA+ 80x25
[    0.000000] console [tty0] enabled
[    0.000000] console [ttyS0] enabled
[    0.000000] allocated 1048576 bytes of page_cgroup
[    0.000000] please try 'cgroup_disable=memory' option if you don't want memory cgroups
[    0.000000] Fast TSC calibration failed
[    0.000000] TSC: Unable to calibrate against PIT
[    0.000000] TSC: using HPET reference calibration
[    0.000000] Detected 2295.118 MHz processor.
[    0.032845] Calibrating delay loop (skipped), value calculated using timer frequency.. 4590.23 BogoMIPS (lpj=9180472)
[    0.034815] pid_max: default: 32768 minimum: 301
[    0.042570] Security Framework initialized
[    0.046856] AppArmor: AppArmor initialized
[    0.047458] Yama: becoming mindful.
[    0.054473] Dentry cache hash table entries: 8192 (order: 4, 65536 bytes)
[    0.056642] Inode-cache hash table entries: 4096 (order: 3, 32768 bytes)
[    0.058216] Mount-cache hash table entries: 256
[    0.077530] Initializing cgroup subsys cpuacct
[    0.078481] Initializing cgroup subsys memory
[    0.080861] Initializing cgroup subsys devices
[    0.081711] Initializing cgroup subsys freezer
[    0.082380] Initializing cgroup subsys blkio
[    0.083121] Initializing cgroup subsys perf_event
[    0.092770] mce: CPU supports 10 MCE banks
[    0.100720] SMP alternatives: switching to UP code
[    0.497100] Freeing SMP alternatives: 24k freed
[    0.498755] ACPI: Core revision 20110623
[    0.547215] ftrace: allocating 26610 entries in 105 pages
[    0.574492] ..TIMER: vector=0x30 apic1=0 pin1=2 apic2=-1 pin2=-1
[    0.576160] CPU0: AMD QEMU Virtual CPU version 2.0.0 stepping 03
[    0.580035] Performance Events: Broken PMU hardware detected, using software events only.
[    0.588583] NMI watchdog disabled (cpu0): hardware events not enabled
[    0.589801] Brought up 1 CPUs
[    0.590375] Total of 1 processors activated (4590.23 BogoMIPS).
[    0.611024] devtmpfs: initialized
[    0.638772] EVM: security.selinux
[    0.639235] EVM: security.SMACK64
[    0.640077] EVM: security.capability
[    0.658996] print_constraints: dummy: 
[    0.661191] RTC time: 10:26:30, date: 12/18/15
[    0.663491] NET: Registered protocol family 16
[    0.673086] ACPI: bus type pci registered
[    0.677104] PCI: Using configuration type 1 for base access
[    0.706909] bio: create slab &lt;bio-0&gt; at 0
[    0.712606] ACPI: Added _OSI(Module Device)
[    0.713196] ACPI: Added _OSI(Processor Device)
[    0.713697] ACPI: Added _OSI(3.0 _SCP Extensions)
[    0.714505] ACPI: Added _OSI(Processor Aggregator Device)
[    0.785958] ACPI: Interpreter enabled
[    0.786524] ACPI: (supports S0 S3 S4 S5)
[    0.788946] ACPI: Using IOAPIC for interrupt routing
[    0.868204] ACPI: No dock devices found.
[    0.868927] HEST: Table not found.
[    0.869524] PCI: Using host bridge windows from ACPI; if necessary, use "pci=nocrs" and report a bug
[    0.876549] ACPI: PCI Root Bridge [PCI0] (domain 0000 [bus 00-ff])
[    0.883038] pci_root PNP0A03:00: host bridge window [io  0x0000-0x0cf7]
[    0.884238] pci_root PNP0A03:00: host bridge window [io  0x0d00-0xadff]
[    0.886070] pci_root PNP0A03:00: host bridge window [io  0xae0f-0xaeff]
[    0.888152] pci_root PNP0A03:00: host bridge window [io  0xaf20-0xafdf]
[    0.892149] pci_root PNP0A03:00: host bridge window [io  0xafe4-0xffff]
[    0.893805] pci_root PNP0A03:00: host bridge window [mem 0x000a0000-0x000bffff]
[    0.896106] pci_root PNP0A03:00: host bridge window [mem 0x04000000-0xfebfffff]
[    0.917818] pci 0000:00:01.3: quirk: [io  0xb000-0xb03f] claimed by PIIX4 ACPI
[    0.918902] pci 0000:00:01.3: quirk: [io  0xb100-0xb10f] claimed by PIIX4 SMB
[    0.993695]  pci0000:00: Unable to request _OSC control (_OSC support mask: 0x1e)
[    1.050709] ACPI: PCI Interrupt Link [LNKA] (IRQs 5 *10 11)
[    1.053534] ACPI: PCI Interrupt Link [LNKB] (IRQs 5 *10 11)
[    1.056274] ACPI: PCI Interrupt Link [LNKC] (IRQs 5 10 *11)
[    1.057967] ACPI: PCI Interrupt Link [LNKD] (IRQs 5 10 *11)
[    1.059239] ACPI: PCI Interrupt Link [LNKS] (IRQs *9)
[    1.065970] vgaarb: device added: PCI:0000:00:02.0,decodes=io+mem,owns=io+mem,locks=none
[    1.066979] vgaarb: loaded
[    1.068160] vgaarb: bridge control possible 0000:00:02.0
[    1.071100] i2c-core: driver [aat2870] using legacy suspend method
[    1.072151] i2c-core: driver [aat2870] using legacy resume method
[    1.074740] SCSI subsystem initialized
[    1.080146] usbcore: registered new interface driver usbfs
[    1.081687] usbcore: registered new interface driver hub
[    1.084463] usbcore: registered new device driver usb
[    1.091064] PCI: Using ACPI for IRQ routing
[    1.106346] NetLabel: Initializing
[    1.106881] NetLabel:  domain hash size = 128
[    1.108143] NetLabel:  protocols = UNLABELED CIPSOv4
[    1.110255] NetLabel:  unlabeled traffic allowed by default
[    1.113541] HPET: 3 timers in total, 0 timers will be used for per-cpu timer
[    1.114607] hpet0: at MMIO 0xfed00000, IRQs 2, 8, 0
[    1.116447] hpet0: 3 comparators, 64-bit 100.000000 MHz counter
[    1.129993] Switching to clocksource hpet
[    1.355000] AppArmor: AppArmor Filesystem Enabled
[    1.357337] pnp: PnP ACPI init
[    1.358022] ACPI: bus type pnp registered
[    1.379492] pnp: PnP ACPI: found 9 devices
[    1.380158] ACPI: ACPI bus type pnp unregistered
[    1.435367] NET: Registered protocol family 2
[    1.467844] IP route cache hash table entries: 512 (order: 0, 4096 bytes)
[    1.475184] TCP established hash table entries: 2048 (order: 3, 32768 bytes)
[    1.477254] TCP bind hash table entries: 2048 (order: 3, 32768 bytes)
[    1.478244] TCP: Hash tables configured (established 2048 bind 2048)
[    1.478974] TCP reno registered
[    1.479382] UDP hash table entries: 128 (order: 0, 4096 bytes)
[    1.480621] UDP-Lite hash table entries: 128 (order: 0, 4096 bytes)
[    1.484156] NET: Registered protocol family 1
[    1.485609] pci 0000:00:00.0: Limiting direct PCI/PCI transfers
[    1.486315] pci 0000:00:01.0: PIIX3: Enabling Passive Release
[    1.487314] pci 0000:00:01.0: Activating ISA DMA hang workarounds
[    1.492097] ACPI: PCI Interrupt Link [LNKD] enabled at IRQ 11
[    1.494056] pci 0000:00:01.2: PCI INT D -&gt; Link[LNKD] -&gt; GSI 11 (level, high) -&gt; IRQ 11
[    1.496072] pci 0000:00:01.2: PCI INT D disabled
[    1.549872] Trying to unpack rootfs image as initramfs...
[    1.565343] audit: initializing netlink socket (disabled)
[    1.566870] type=2000 audit(1450434390.564:1): initialized
[    1.815473] HugeTLB registered 2 MB page size, pre-allocated 0 pages
[    1.884026] VFS: Disk quotas dquot_6.5.2
[    1.886253] Dquot-cache hash table entries: 512 (order 0, 4096 bytes)
[    1.911573] fuse init (API version 7.17)
[    1.927456] msgmni has been set to 84
[    1.958932] Block layer SCSI generic (bsg) driver version 0.4 loaded (major 253)
[    1.966122] io scheduler noop registered
[    1.966775] io scheduler deadline registered (default)
[    1.968039] io scheduler cfq registered
[    1.971774] pci_hotplug: PCI Hot Plug PCI Core version: 0.5
[    1.978212] pciehp: PCI Express Hot Plug Controller Driver version: 0.4
[    1.983677] input: Power Button as /devices/LNXSYSTM:00/LNXPWRBN:00/input/input0
[    1.986333] ACPI: Power Button [PWRF]
[    2.042534] ERST: Table is not found!
[    2.043026] GHES: HEST is not enabled!
[    2.050307] ACPI: PCI Interrupt Link [LNKC] enabled at IRQ 10
[    2.050997] virtio-pci 0000:00:03.0: PCI INT A -&gt; Link[LNKC] -&gt; GSI 10 (level, high) -&gt; IRQ 10
[    2.055039] virtio-pci 0000:00:04.0: PCI INT A -&gt; Link[LNKD] -&gt; GSI 11 (level, high) -&gt; IRQ 11
[    2.067509] ACPI: PCI Interrupt Link [LNKA] enabled at IRQ 10
[    2.068553] virtio-pci 0000:00:05.0: PCI INT A -&gt; Link[LNKA] -&gt; GSI 10 (level, high) -&gt; IRQ 10
[    2.083036] Serial: 8250/16550 driver, 32 ports, IRQ sharing enabled
[    2.119350] serial8250: ttyS0 at I/O 0x3f8 (irq = 4) is a 16550A
[    2.198400] serial8250: ttyS1 at I/O 0x2f8 (irq = 3) is a 16550A
[    2.317423] 00:05: ttyS0 at I/O 0x3f8 (irq = 4) is a 16550A
[    2.398644] 00:06: ttyS1 at I/O 0x2f8 (irq = 3) is a 16550A
[    2.440475] Linux agpgart interface v0.103
[    2.499712] brd: module loaded
[    2.537702] Refined TSC clocksource calibration: 2295.905 MHz.
[    2.538966] Switching to clocksource tsc
[    2.546444] loop: module loaded
[    2.610377]  vda: unknown partition table
[    2.682126] scsi0 : ata_piix
[    2.686228] scsi1 : ata_piix
[    2.687566] ata1: PATA max MWDMA2 cmd 0x1f0 ctl 0x3f6 bmdma 0xc0a0 irq 14
[    2.689645] ata2: PATA max MWDMA2 cmd 0x170 ctl 0x376 bmdma 0xc0a8 irq 15
[    2.699219] Fixed MDIO Bus: probed
[    2.699993] tun: Universal TUN/TAP device driver, 1.6
[    2.700896] tun: (C) 1999-2004 Max Krasnyansky &lt;maxk@qualcomm.com&gt;
[    2.713137] PPP generic driver version 2.4.2
[    2.738032] ehci_hcd: USB 2.0 'Enhanced' Host Controller (EHCI) Driver
[    2.739230] ohci_hcd: USB 1.1 'Open' Host Controller (OHCI) Driver
[    2.740095] uhci_hcd: USB Universal Host Controller Interface driver
[    2.741861] uhci_hcd 0000:00:01.2: PCI INT D -&gt; Link[LNKD] -&gt; GSI 11 (level, high) -&gt; IRQ 11
[    2.744484] uhci_hcd 0000:00:01.2: UHCI Host Controller
[    2.753877] uhci_hcd 0000:00:01.2: new USB bus registered, assigned bus number 1
[    2.755532] uhci_hcd 0000:00:01.2: irq 11, io base 0x0000c040
[    2.783274] hub 1-0:1.0: USB hub found
[    2.785133] hub 1-0:1.0: 2 ports detected
[    2.793551] usbcore: registered new interface driver libusual
[    2.796482] i8042: PNP: PS/2 Controller [PNP0303:KBD,PNP0f13:MOU] at 0x60,0x64 irq 1,12
[    2.804958] serio: i8042 KBD port at 0x60,0x64 irq 1
[    2.806912] serio: i8042 AUX port at 0x60,0x64 irq 12
[    2.854954] mousedev: PS/2 mouse device common for all mice
[    2.871441] input: AT Translated Set 2 keyboard as /devices/platform/i8042/serio0/input/input1
[    2.876440] rtc_cmos 00:01: RTC can wake from S4
[    2.892016] rtc_cmos 00:01: rtc core: registered rtc_cmos as rtc0
[    2.898340] rtc0: alarms up to one day, 114 bytes nvram, hpet irqs
[    2.902550] device-mapper: uevent: version 1.0.3
[    2.928623] ata2.01: ATAPI: QEMU DVD-ROM, 2.0.0, max UDMA/100
[    2.934743] device-mapper: ioctl: 4.22.0-ioctl (2011-10-19) initialised: dm-devel@redhat.com
[    2.937547] cpuidle: using governor ladder
[    2.938712] cpuidle: using governor menu
[    2.941614] EFI Variables Facility v0.08 2004-May-17
[    2.957432] TCP cubic registered
[    2.967822] NET: Registered protocol family 10
[    3.018010] NET: Registered protocol family 17
[    3.019581] Registering the dns_resolver key type
[    3.041131] ata2.01: configured for MWDMA2
[    3.099232] scsi 1:0:1:0: CD-ROM            QEMU     QEMU DVD-ROM     2.0. PQ: 0 ANSI: 5
[    3.137874] sr0: scsi3-mmc drive: 4x/4x cd/rw xa/form2 tray
[    3.140105] cdrom: Uniform CD-ROM driver Revision: 3.20
[    3.175761] sr 1:0:1:0: Attached scsi generic sg0 type 5
[    3.217841] registered taskstats version 1
[    3.279400] Freeing initrd memory: 3656k freed
[    3.747749]   Magic number: 11:822:426
[    3.757553] rtc_cmos 00:01: setting system clock to 2015-12-18 10:26:33 UTC (1450434393)
[    3.762325] powernow-k8: Processor cpuid 663 not supported
[    3.769927] BIOS EDD facility v0.16 2004-Jun-25, 0 devices found
[    3.773493] EDD information not available.
[    3.846117] Freeing unused kernel memory: 928k freed
[    3.851942] Write protecting the kernel read-only data: 12288k
[    3.934055] Freeing unused kernel memory: 1596k freed
[    3.991318] Freeing unused kernel memory: 1184k freed

info: initramfs: up at 4.14
modprobe: module virtio_blk not found in modules.dep
modprobe: module virtio_net not found in modules.dep
info: copying initramfs to /dev/vda
info: initramfs loading root from /dev/vda
info: /etc/init.d/rc.sysinit: up at 8.71
info: container: none
Starting logging: OK
modprobe: module virtio_blk not found in modules.dep
modprobe: module virtio_net not found in modules.dep
WARN: /etc/rc3.d/S10-load-modules failed
Initializing random number generator... done.
Starting acpid: OK
cirros-ds 'local' up at 11.28
found datasource (configdrive, local)
Starting network...
udhcpc (v1.20.1) started
Sending discover...
Sending discover...

2015-12-18 10:28:29,950 21148 INFO     [tempest_lib.common.rest_client] Request (TestNetworkBasicOps:_run_cleanups): 204 DELETE http://10.0.2.15:9696/v2.0/floatingips/63d324f5-a61a-4f0e-a8e1-b53dca951418 0.288s
2015-12-18 10:28:29,950 21148 DEBUG    [tempest_lib.common.rest_client] Request - Headers: {'Content-Type': 'application/json', 'Accept': 'application/json', 'X-Auth-Token': '&lt;omitted&gt;'}
        Body: None
    Response - Headers: {'date': 'Fri, 18 Dec 2015 10:28:29 GMT', 'status': '204', 'connection': 'close', 'content-length': '0', 'x-openstack-request-id': 'req-1e764808-95c4-4bc4-95c1-6a1401d5b1ae'}
        Body: 
2015-12-18 10:28:30,181 21148 INFO     [tempest_lib.common.rest_client] Request (TestNetworkBasicOps:_run_cleanups): 204 DELETE http://10.0.2.15:8774/v2.1/b07974e9db8442b78d65848eb4a3850c/servers/a909101d-286d-4443-a221-be31bb363302 0.229s
2015-12-18 10:28:30,181 21148 DEBUG    [tempest_lib.common.rest_client] Request - Headers: {'Content-Type': 'application/json', 'Accept': 'application/json', 'X-Auth-Token': '&lt;omitted&gt;'}
        Body: None
    Response - Headers: {'status': '204', 'content-length': '0', 'x-compute-request-id': 'req-e3390526-941a-4a8a-93c3-661a081d3a22', 'vary': 'X-OpenStack-Nova-API-Version', 'connection': 'close', 'x-openstack-nova-api-version': '2.1', 'date': 'Fri, 18 Dec 2015 10:28:30 GMT', 'content-type': 'application/json'}
        Body: 
2015-12-18 10:28:30,466 21148 INFO     [tempest_lib.common.rest_client] Request (TestNetworkBasicOps:_run_cleanups): 200 GET http://10.0.2.15:8774/v2.1/b07974e9db8442b78d65848eb4a3850c/servers/a909101d-286d-4443-a221-be31bb363302 0.284s
2015-12-18 10:28:30,466 21148 DEBUG    [tempest_lib.common.rest_client] Request - Headers: {'Content-Type': 'application/json', 'Accept': 'application/json', 'X-Auth-Token': '&lt;omitted&gt;'}
        Body: None
    Response - Headers: {'status': '200', 'content-length': '1774', 'content-location': 'http://10.0.2.15:8774/v2.1/b07974e9db8442b78d65848eb4a3850c/servers/a909101d-286d-4443-a221-be31bb363302', 'x-compute-request-id': 'req-98c91dfa-3910-4775-9e1e-84cf502ea9f1', 'vary': 'X-OpenStack-Nova-API-Version', 'connection': 'close', 'x-openstack-nova-api-version': '2.1', 'date': 'Fri, 18 Dec 2015 10:28:30 GMT', 'content-type': 'application/json'}
        Body: {"server": {"status": "ACTIVE", "updated": "2015-12-18T10:28:30Z", "hostId": "38c1a2c83eb87928f62d75fb8cc24f3f17f01d42535cf670bf45cdf0", "addresses": {"tempest-network-smoke--2039816029": [{"OS-EXT-IPS-MAC:mac_addr": "fa:16:3e:a5:5d:42", "version": 4, "addr": "10.100.0.3", "OS-EXT-IPS:type": "fixed"}, {"OS-EXT-IPS-MAC:mac_addr": "fa:16:3e:a5:5d:42", "version": 4, "addr": "172.24.4.4", "OS-EXT-IPS:type": "floating"}]}, "links": [{"href": "http://10.0.2.15:8774/v2.1/b07974e9db8442b78d65848eb4a3850c/servers/a909101d-286d-4443-a221-be31bb363302", "rel": "self"}, {"href": "http://10.0.2.15:8774/b07974e9db8442b78d65848eb4a3850c/servers/a909101d-286d-4443-a221-be31bb363302", "rel": "bookmark"}], "key_name": "tempest-TestNetworkBasicOps-1161002818", "image": {"id": "7ce3a8af-a93f-4988-af14-307b96deb46a", "links": [{"href": "http://10.0.2.15:8774/b07974e9db8442b78d65848eb4a3850c/images/7ce3a8af-a93f-4988-af14-307b96deb46a", "rel": "bookmark"}]}, "OS-EXT-STS:task_state": "deleting", "OS-EXT-STS:vm_state": "active", "OS-SRV-USG:launched_at": "2015-12-18T10:26:26.000000", "flavor": {"id": "42", "links": [{"href": "http://10.0.2.15:8774/b07974e9db8442b78d65848eb4a3850c/flavors/42", "rel": "bookmark"}]}, "id": "a909101d-286d-4443-a221-be31bb363302", "security_groups": [{"name": "tempest-secgroup-smoke-85484321"}], "OS-SRV-USG:terminated_at": null, "OS-EXT-AZ:availability_zone": "nova", "user_id": "60f0e208d60c41d9a8fbf0dc8ba73909", "name": "tempest.common.compute-instance-255369200", "created": "2015-12-18T10:26:22Z", "tenant_id": "b07974e9db8442b78d65848eb4a3850c", "OS-DCF:diskConfig": "MANUAL", "os-extended-volumes:volumes_attached": [], "accessIPv4": "", "accessIPv6": "", "progress": 0, "OS-EXT-STS:power_state": 1, "config_drive": "True", "metadata": {}}}
2015-12-18 10:28:31,625 21148 INFO     [tempest_lib.common.rest_client] Request (TestNetworkBasicOps:_run_cleanups): 200 GET http://10.0.2.15:8774/v2.1/b07974e9db8442b78d65848eb4a3850c/servers/a909101d-286d-4443-a221-be31bb363302 0.141s
2015-12-18 10:28:31,626 21148 DEBUG    [tempest_lib.common.rest_client] Request - Headers: {'Content-Type': 'application/json', 'Accept': 'application/json', 'X-Auth-Token': '&lt;omitted&gt;'}
        Body: None
    Response - Headers: {'status': '200', 'content-length': '1440', 'content-location': 'http://10.0.2.15:8774/v2.1/b07974e9db8442b78d65848eb4a3850c/servers/a909101d-286d-4443-a221-be31bb363302', 'x-compute-request-id': 'req-abced285-f20b-47c5-afff-14e7f3b52fb4', 'vary': 'X-OpenStack-Nova-API-Version', 'connection': 'close', 'x-openstack-nova-api-version': '2.1', 'date': 'Fri, 18 Dec 2015 10:28:31 GMT', 'content-type': 'application/json'}
        Body: {"server": {"status": "ACTIVE", "updated": "2015-12-18T10:28:30Z", "hostId": "38c1a2c83eb87928f62d75fb8cc24f3f17f01d42535cf670bf45cdf0", "addresses": {}, "links": [{"href": "http://10.0.2.15:8774/v2.1/b07974e9db8442b78d65848eb4a3850c/servers/a909101d-286d-4443-a221-be31bb363302", "rel": "self"}, {"href": "http://10.0.2.15:8774/b07974e9db8442b78d65848eb4a3850c/servers/a909101d-286d-4443-a221-be31bb363302", "rel": "bookmark"}], "key_name": "tempest-TestNetworkBasicOps-1161002818", "image": {"id": "7ce3a8af-a93f-4988-af14-307b96deb46a", "links": [{"href": "http://10.0.2.15:8774/b07974e9db8442b78d65848eb4a3850c/images/7ce3a8af-a93f-4988-af14-307b96deb46a", "rel": "bookmark"}]}, "OS-EXT-STS:task_state": "deleting", "OS-EXT-STS:vm_state": "active", "OS-SRV-USG:launched_at": "2015-12-18T10:26:26.000000", "flavor": {"id": "42", "links": [{"href": "http://10.0.2.15:8774/b07974e9db8442b78d65848eb4a3850c/flavors/42", "rel": "bookmark"}]}, "id": "a909101d-286d-4443-a221-be31bb363302", "OS-SRV-USG:terminated_at": null, "OS-EXT-AZ:availability_zone": "nova", "user_id": "60f0e208d60c41d9a8fbf0dc8ba73909", "name": "tempest.common.compute-instance-255369200", "created": "2015-12-18T10:26:22Z", "tenant_id": "b07974e9db8442b78d65848eb4a3850c", "OS-DCF:diskConfig": "MANUAL", "os-extended-volumes:volumes_attached": [], "accessIPv4": "", "accessIPv6": "", "progress": 0, "OS-EXT-STS:power_state": 1, "config_drive": "True", "metadata": {}}}
2015-12-18 10:28:32,720 21148 INFO     [tempest_lib.common.rest_client] Request (TestNetworkBasicOps:_run_cleanups): 404 GET http://10.0.2.15:8774/v2.1/b07974e9db8442b78d65848eb4a3850c/servers/a909101d-286d-4443-a221-be31bb363302 0.082s
2015-12-18 10:28:32,721 21148 DEBUG    [tempest_lib.common.rest_client] Request - Headers: {'Content-Type': 'application/json', 'Accept': 'application/json', 'X-Auth-Token': '&lt;omitted&gt;'}
        Body: None
    Response - Headers: {'status': '404', 'content-length': '111', 'x-compute-request-id': 'req-14c260d4-3a9d-4ebe-98cc-dc63470cad7b', 'vary': 'X-OpenStack-Nova-API-Version', 'connection': 'close', 'x-openstack-nova-api-version': '2.1', 'date': 'Fri, 18 Dec 2015 10:28:32 GMT', 'content-type': 'application/json; charset=UTF-8'}
        Body: {"itemNotFound": {"message": "Instance a909101d-286d-4443-a221-be31bb363302 could not be found.", "code": 404}}
2015-12-18 10:28:32,741 21148 INFO     [tempest_lib.common.rest_client] Request (TestNetworkBasicOps:_run_cleanups): 202 DELETE http://10.0.2.15:8774/v2.1/b07974e9db8442b78d65848eb4a3850c/os-keypairs/tempest-TestNetworkBasicOps-1161002818 0.018s
2015-12-18 10:28:32,742 21148 DEBUG    [tempest_lib.common.rest_client] Request - Headers: {'Content-Type': 'application/json', 'Accept': 'application/json', 'X-Auth-Token': '&lt;omitted&gt;'}
        Body: None
    Response - Headers: {'status': '202', 'content-length': '0', 'x-compute-request-id': 'req-14745eb8-0bc1-4d4e-ae9b-255609e833eb', 'vary': 'X-OpenStack-Nova-API-Version', 'connection': 'close', 'x-openstack-nova-api-version': '2.1', 'date': 'Fri, 18 Dec 2015 10:28:32 GMT', 'content-type': 'application/json'}
        Body: 
2015-12-18 10:28:33,146 21148 INFO     [tempest_lib.common.rest_client] Request (TestNetworkBasicOps:_run_cleanups): 200 PUT http://10.0.2.15:9696/v2.0/routers/a65b9af3-0572-495b-929c-fa02352f9aa1/remove_router_interface 0.402s
2015-12-18 10:28:33,146 21148 DEBUG    [tempest_lib.common.rest_client] Request - Headers: {'Content-Type': 'application/json', 'Accept': 'application/json', 'X-Auth-Token': '&lt;omitted&gt;'}
        Body: {"subnet_id": "467661eb-17af-4858-868c-3967c3f1fd17"}
    Response - Headers: {'status': '200', 'content-length': '255', 'connection': 'close', 'date': 'Fri, 18 Dec 2015 10:28:33 GMT', 'content-type': 'application/json; charset=UTF-8', 'x-openstack-request-id': 'req-24224e61-0f0e-4c39-8f67-b132a10a6c42'}
        Body: {"subnet_id": "467661eb-17af-4858-868c-3967c3f1fd17", "tenant_id": "b07974e9db8442b78d65848eb4a3850c", "subnet_ids": ["467661eb-17af-4858-868c-3967c3f1fd17"], "port_id": "9b80c585-da7b-4e56-bc1b-4ab5a860551e", "id": "a65b9af3-0572-495b-929c-fa02352f9aa1"}
2015-12-18 10:28:33,679 21148 INFO     [tempest_lib.common.rest_client] Request (TestNetworkBasicOps:_run_cleanups): 204 DELETE http://10.0.2.15:9696/v2.0/subnets/467661eb-17af-4858-868c-3967c3f1fd17 0.531s
2015-12-18 10:28:33,679 21148 DEBUG    [tempest_lib.common.rest_client] Request - Headers: {'Content-Type': 'application/json', 'Accept': 'application/json', 'X-Auth-Token': '&lt;omitted&gt;'}
        Body: None
    Response - Headers: {'date': 'Fri, 18 Dec 2015 10:28:33 GMT', 'status': '204', 'connection': 'close', 'content-length': '0', 'x-openstack-request-id': 'req-4693b096-bee7-4caa-9613-9d6c009cb842'}
        Body: 
2015-12-18 10:28:33,729 21148 INFO     [tempest_lib.common.rest_client] Request (TestNetworkBasicOps:_run_cleanups): 200 GET http://10.0.2.15:9696/v2.0/routers/a65b9af3-0572-495b-929c-fa02352f9aa1 0.049s
2015-12-18 10:28:33,730 21148 DEBUG    [tempest_lib.common.rest_client] Request - Headers: {'Content-Type': 'application/json', 'Accept': 'application/json', 'X-Auth-Token': '&lt;omitted&gt;'}
        Body: None
    Response - Headers: {'status': '200', 'content-length': '563', 'content-location': 'http://10.0.2.15:9696/v2.0/routers/a65b9af3-0572-495b-929c-fa02352f9aa1', 'connection': 'close', 'date': 'Fri, 18 Dec 2015 10:28:33 GMT', 'content-type': 'application/json; charset=UTF-8', 'x-openstack-request-id': 'req-609d91fc-be27-420a-ac24-9e08158f03cd'}
        Body: {"router": {"status": "ACTIVE", "external_gateway_info": {"network_id": "82570880-1215-496b-8e17-bc8cbc5dfd07", "enable_snat": true, "external_fixed_ips": [{"subnet_id": "0ef73194-5511-454b-acc1-3044561fb4a1", "ip_address": "172.24.4.3"}, {"subnet_id": "4e3f978b-d493-4054-9afa-2f2b776e2267", "ip_address": "2001:db8::4"}]}, "availability_zone_hints": [], "availability_zones": ["nova"], "name": "tempest-router-smoke-782228377", "admin_state_up": true, "tenant_id": "b07974e9db8442b78d65848eb4a3850c", "routes": [], "id": "a65b9af3-0572-495b-929c-fa02352f9aa1"}}
2015-12-18 10:28:34,294 21148 INFO     [tempest_lib.common.rest_client] Request (TestNetworkBasicOps:_run_cleanups): 200 PUT http://10.0.2.15:9696/v2.0/routers/a65b9af3-0572-495b-929c-fa02352f9aa1 0.563s
2015-12-18 10:28:34,294 21148 DEBUG    [tempest_lib.common.rest_client] Request - Headers: {'Content-Type': 'application/json', 'Accept': 'application/json', 'X-Auth-Token': '&lt;omitted&gt;'}
        Body: {"router": {"external_gateway_info": {}, "name": "tempest-router-smoke-782228377", "admin_state_up": true}}
    Response - Headers: {'status': '200', 'content-length': '301', 'connection': 'close', 'date': 'Fri, 18 Dec 2015 10:28:34 GMT', 'content-type': 'application/json; charset=UTF-8', 'x-openstack-request-id': 'req-d4bb7e62-fadb-4d7e-8079-26a184e5436c'}
        Body: {"router": {"status": "ACTIVE", "external_gateway_info": null, "availability_zone_hints": [], "availability_zones": ["nova"], "name": "tempest-router-smoke-782228377", "admin_state_up": true, "tenant_id": "b07974e9db8442b78d65848eb4a3850c", "routes": [], "id": "a65b9af3-0572-495b-929c-fa02352f9aa1"}}
2015-12-18 10:28:34,563 21148 INFO     [tempest_lib.common.rest_client] Request (TestNetworkBasicOps:_run_cleanups): 204 DELETE http://10.0.2.15:9696/v2.0/routers/a65b9af3-0572-495b-929c-fa02352f9aa1 0.267s
2015-12-18 10:28:34,563 21148 DEBUG    [tempest_lib.common.rest_client] Request - Headers: {'Content-Type': 'application/json', 'Accept': 'application/json', 'X-Auth-Token': '&lt;omitted&gt;'}
        Body: None
    Response - Headers: {'date': 'Fri, 18 Dec 2015 10:28:34 GMT', 'status': '204', 'connection': 'close', 'content-length': '0', 'x-openstack-request-id': 'req-ff4daca6-1872-4efe-a9d3-8076e7307567'}
        Body: 
2015-12-18 10:28:34,881 21148 INFO     [tempest_lib.common.rest_client] Request (TestNetworkBasicOps:_run_cleanups): 204 DELETE http://10.0.2.15:9696/v2.0/networks/a55ec845-f0df-44d9-80d6-263b44bc9197 0.316s
2015-12-18 10:28:34,881 21148 DEBUG    [tempest_lib.common.rest_client] Request - Headers: {'Content-Type': 'application/json', 'Accept': 'application/json', 'X-Auth-Token': '&lt;omitted&gt;'}
        Body: None
    Response - Headers: {'date': 'Fri, 18 Dec 2015 10:28:34 GMT', 'status': '204', 'connection': 'close', 'content-length': '0', 'x-openstack-request-id': 'req-ffab30fe-992c-4291-b694-1b6818a055bf'}
        Body: 
2015-12-18 10:28:34,945 21148 INFO     [tempest_lib.common.rest_client] Request (TestNetworkBasicOps:_run_cleanups): 204 DELETE http://10.0.2.15:9696/v2.0/security-group-rules/e35467e3-1f12-4a25-8611-3d835918eaeb 0.063s
2015-12-18 10:28:34,946 21148 DEBUG    [tempest_lib.common.rest_client] Request - Headers: {'Content-Type': 'application/json', 'Accept': 'application/json', 'X-Auth-Token': '&lt;omitted&gt;'}
        Body: None
    Response - Headers: {'date': 'Fri, 18 Dec 2015 10:28:34 GMT', 'status': '204', 'connection': 'close', 'content-length': '0', 'x-openstack-request-id': 'req-4dab64f2-4d97-41a9-a05a-f825eec7e624'}
        Body: 
2015-12-18 10:28:35,013 21148 INFO     [tempest_lib.common.rest_client] Request (TestNetworkBasicOps:_run_cleanups): 204 DELETE http://10.0.2.15:9696/v2.0/security-group-rules/7f0b646d-9e05-4b54-9ba7-8262d3e6c273 0.066s
2015-12-18 10:28:35,014 21148 DEBUG    [tempest_lib.common.rest_client] Request - Headers: {'Content-Type': 'application/json', 'Accept': 'application/json', 'X-Auth-Token': '&lt;omitted&gt;'}
        Body: None
    Response - Headers: {'date': 'Fri, 18 Dec 2015 10:28:35 GMT', 'status': '204', 'connection': 'close', 'content-length': '0', 'x-openstack-request-id': 'req-dc823b00-2721-4e20-b07d-a5166849a91b'}
        Body: 
2015-12-18 10:28:35,073 21148 INFO     [tempest_lib.common.rest_client] Request (TestNetworkBasicOps:_run_cleanups): 204 DELETE http://10.0.2.15:9696/v2.0/security-group-rules/cfcfdad3-f990-441e-b9e1-8d529369558b 0.059s
2015-12-18 10:28:35,074 21148 DEBUG    [tempest_lib.common.rest_client] Request - Headers: {'Content-Type': 'application/json', 'Accept': 'application/json', 'X-Auth-Token': '&lt;omitted&gt;'}
        Body: None
    Response - Headers: {'date': 'Fri, 18 Dec 2015 10:28:35 GMT', 'status': '204', 'connection': 'close', 'content-length': '0', 'x-openstack-request-id': 'req-01afa360-c041-45c2-bbc0-e1b2ce1ec6ae'}
        Body: 
2015-12-18 10:28:35,136 21148 INFO     [tempest_lib.common.rest_client] Request (TestNetworkBasicOps:_run_cleanups): 204 DELETE http://10.0.2.15:9696/v2.0/security-group-rules/8b16ef37-6376-4a3f-9863-36109a770e78 0.062s
2015-12-18 10:28:35,138 21148 DEBUG    [tempest_lib.common.rest_client] Request - Headers: {'Content-Type': 'application/json', 'Accept': 'application/json', 'X-Auth-Token': '&lt;omitted&gt;'}
        Body: None
    Response - Headers: {'date': 'Fri, 18 Dec 2015 10:28:35 GMT', 'status': '204', 'connection': 'close', 'content-length': '0', 'x-openstack-request-id': 'req-14786e00-354a-4a56-8672-d2ad9b630997'}
        Body: 
2015-12-18 10:28:35,203 21148 INFO     [tempest_lib.common.rest_client] Request (TestNetworkBasicOps:_run_cleanups): 204 DELETE http://10.0.2.15:9696/v2.0/security-group-rules/e5bda67d-dd3b-4be6-8b94-7f00c9abeaa9 0.065s
2015-12-18 10:28:35,204 21148 DEBUG    [tempest_lib.common.rest_client] Request - Headers: {'Content-Type': 'application/json', 'Accept': 'application/json', 'X-Auth-Token': '&lt;omitted&gt;'}
        Body: None
