<?xml version="1.0" encoding="UTF-8"?>
<!DOCTYPE html PUBLIC "-//W3C//DTD XHTML 1.0 Strict//EN"
     "http://www.w3.org/TR/xhtml1/DTD/xhtml1-strict.dtd">
<html xmlns="http://www.w3.org/1999/xhtml">
<head>
    <title>Unit Test Report</title>
    <meta name="generator" content="subunit2html 0.1"/>
    <meta http-equiv="Content-Type" content="text/html; charset=UTF-8"/>
    
<style type="text/css" media="screen">
body        { font-family: verdana, arial, helvetica, sans-serif;
    font-size: 80%; }
table       { font-size: 100%; width: 100%;}
pre         { font-size: 80%; }

/* -- heading -------------------------------------------------------------- */
h1 {
        font-size: 16pt;
        color: gray;
}
.heading {
    margin-top: 0ex;
    margin-bottom: 1ex;
}

.heading .attribute {
    margin-top: 1ex;
    margin-bottom: 0;
}

.heading .description {
    margin-top: 4ex;
    margin-bottom: 6ex;
}

/* -- css div popup -------------------------------------------------------- */
a.popup_link {
}

a.popup_link:hover {
    color: red;
}

.popup_window {
    display: none;
    overflow-x: scroll;
    /*border: solid #627173 1px; */
    padding: 10px;
    background-color: #E6E6D6;
    font-family: "Ubuntu Mono", "Lucida Console", "Courier New", monospace;
    text-align: left;
    font-size: 8pt;
}

}
/* -- report --------------------------------------------------------------- */
#show_detail_line {
    margin-top: 3ex;
    margin-bottom: 1ex;
}
#result_table {
    width: 100%;
    border-collapse: collapse;
    border: 1px solid #777;
}
#header_row {
    font-weight: bold;
    color: white;
    background-color: #777;
}
#result_table td {
    border: 1px solid #777;
    padding: 2px;
}
#total_row  { font-weight: bold; }
.passClass  { background-color: #6c6; }
.failClass  { background-color: #c60; }
.errorClass { background-color: #c00; }
.passCase   { color: #6c6; }
.failCase   { color: #c60; font-weight: bold; }
.errorCase  { color: #c00; font-weight: bold; }
.hiddenRow  { display: none; }
.testcase   { margin-left: 2em; }
td.testname {width: 40%}
td.small {width: 40px}

/* -- ending --------------------------------------------------------------- */
#ending {
}

</style>

</head>
<body>
<script language="javascript" type="text/javascript"><!--
output_list = Array();

/* level - 0:Summary; 1:Failed; 2:All */
function showCase(level) {
    trs = document.getElementsByTagName("tr");
    for (var i = 0; i < trs.length; i++) {
        tr = trs[i];
        id = tr.id;
        if (id.substr(0,2) == 'ft') {
            if (level < 1) {
                tr.className = 'hiddenRow';
            }
            else {
                tr.className = '';
            }
        }
        if (id.substr(0,2) == 'pt') {
            if (level > 1) {
                tr.className = '';
            }
            else {
                tr.className = 'hiddenRow';
            }
        }
    }
}


function showClassDetail(cid, count) {
    var id_list = Array(count);
    var toHide = 1;
    for (var i = 0; i < count; i++) {
        tid0 = 't' + cid.substr(1) + '.' + (i+1);
        tid = 'f' + tid0;
        tr = document.getElementById(tid);
        if (!tr) {
            tid = 'p' + tid0;
            tr = document.getElementById(tid);
        }
        id_list[i] = tid;
        if (tr.className) {
            toHide = 0;
        }
    }
    for (var i = 0; i < count; i++) {
        tid = id_list[i];
        if (toHide) {
            document.getElementById('div_'+tid).style.display = 'none'
            document.getElementById(tid).className = 'hiddenRow';
        }
        else {
            document.getElementById(tid).className = '';
        }
    }
}


function showTestDetail(div_id){
    var details_div = document.getElementById(div_id)
    var displayState = details_div.style.display
    // alert(displayState)
    if (displayState != 'block' ) {
        displayState = 'block'
        details_div.style.display = 'block'
    }
    else {
        details_div.style.display = 'none'
    }
}


function html_escape(s) {
    s = s.replace(/&/g,'&amp;');
    s = s.replace(/</g,'&lt;');
    s = s.replace(/>/g,'&gt;');
    return s;
}

/* obsoleted by detail in <div>
function showOutput(id, name) {
    var w = window.open("", //url
                    name,
                    "resizable,scrollbars,status,width=800,height=450");
    d = w.document;
    d.write("<pre>");
    d.write(html_escape(output_list[id]));
    d.write("\n");
    d.write("<a href='javascript:window.close()'>close</a>\n");
    d.write("</pre>\n");
    d.close();
}
*/
--></script>

<div class='heading'>
<h1>Unit Test Report</h1>

<p class='attribute'><strong>Status:</strong> Pass 1 Failure 7 Skip 1</p>

<p class='description'></p>
</div>



<p id='show_detail_line'>Show
<a href='javascript:showCase(0)'>Summary</a>
<a href='javascript:showCase(1)'>Failed</a>
<a href='javascript:showCase(2)'>All</a>
</p>
<table id='result_table'>
<colgroup>
<col align='left' />
<col align='right' />
<col align='right' />
<col align='right' />
<col align='right' />
<col align='right' />
<col align='right' />
<col align='right' />
</colgroup>
<tr id='header_row'>
    <td>Test Group/Test case</td>
    <td>Count</td>
    <td>Pass</td>
    <td>Fail</td>
    <td>Error</td>
    <td>Skip</td>
    <td>View</td>
    <td> </td>
</tr>

<tr class='failClass'>
    <td class="testname">tempest.scenario.test_network_basic_ops.TestNetworkBasicOps</td>
    <td class="small">9</td>
    <td class="small">1</td>
    <td class="small">7</td>
    <td class="small">0</td>
    <td class="small">1</td>
    <td class="small"><a href="javascript:showClassDetail('c1',9)"
>Detail</a></td>
    <td> </td>
</tr>

<tr id='ft1.1' class='none'>
    <td class='failCase'><div class='testcase'>test_connectivity_between_vms_on_different_networks[compute,id-1546850e-fbaa-42f5-8b5f-03d8a6a95f15,network]</div></td>
    <td colspan='7' align='left'>

    <!--css div popup start-->
    <a class="popup_link" onfocus='this.blur();'
    href="javascript:showTestDetail('div_ft1.1')" >
        fail</a>

    <div id='div_ft1.1' class="popup_window">
        <div style='text-align: right; color:red;cursor:pointer'>
        <a onfocus='this.blur();'
onclick="document.getElementById('div_ft1.1').style.display = 'none' " >
           [x]</a>
        </div>
        <pre>
        
ft1.1: tempest.scenario.test_network_basic_ops.TestNetworkBasicOps.test_connectivity_between_vms_on_different_networks[compute,id-1546850e-fbaa-42f5-8b5f-03d8a6a95f15,network]_StringException: Empty attachments:
  stderr
  stdout

pythonlogging:'': {{{
2015-12-04 10:06:23,333 20328 INFO     [tempest_lib.common.rest_client] Request (TestNetworkBasicOps:test_connectivity_between_vms_on_different_networks): 201 POST http://10.0.2.15:9696/v2.0/security-groups 0.366s
2015-12-04 10:06:23,334 20328 DEBUG    [tempest_lib.common.rest_client] Request - Headers: {'Content-Type': 'application/json', 'Accept': 'application/json', 'X-Auth-Token': '&lt;omitted&gt;'}
        Body: {"security_group": {"tenant_id": "ff5de4748d99449787482e18bcdc973d", "description": "tempest-secgroup-smoke-1193261442 description", "name": "tempest-secgroup-smoke-1193261442"}}
    Response - Headers: {'status': '201', 'content-length': '888', 'connection': 'close', 'date': 'Fri, 04 Dec 2015 10:06:23 GMT', 'content-type': 'application/json; charset=UTF-8', 'x-openstack-request-id': 'req-75b4d0d2-568c-460b-b094-5633ef134675'}
        Body: {"security_group": {"tenant_id": "ff5de4748d99449787482e18bcdc973d", "description": "tempest-secgroup-smoke-1193261442 description", "id": "64bdf461-eaeb-414d-b291-c81b6f9fae1c", "security_group_rules": [{"remote_group_id": null, "direction": "egress", "remote_ip_prefix": null, "protocol": null, "ethertype": "IPv4", "tenant_id": "ff5de4748d99449787482e18bcdc973d", "port_range_max": null, "port_range_min": null, "id": "5e27a109-2bbd-4ce1-b359-692a2e2331af", "security_group_id": "64bdf461-eaeb-414d-b291-c81b6f9fae1c"}, {"remote_group_id": null, "direction": "egress", "remote_ip_prefix": null, "protocol": null, "ethertype": "IPv6", "tenant_id": "ff5de4748d99449787482e18bcdc973d", "port_range_max": null, "port_range_min": null, "id": "31cd2f49-5d71-4603-a424-34dde69a32a4", "security_group_id": "64bdf461-eaeb-414d-b291-c81b6f9fae1c"}], "name": "tempest-secgroup-smoke-1193261442"}}
2015-12-04 10:06:23,463 20328 INFO     [tempest_lib.common.rest_client] Request (TestNetworkBasicOps:test_connectivity_between_vms_on_different_networks): 201 POST http://10.0.2.15:9696/v2.0/security-group-rules 0.127s
2015-12-04 10:06:23,463 20328 DEBUG    [tempest_lib.common.rest_client] Request - Headers: {'Content-Type': 'application/json', 'Accept': 'application/json', 'X-Auth-Token': '&lt;omitted&gt;'}
        Body: {"security_group_rule": {"direction": "ingress", "protocol": "tcp", "tenant_id": "ff5de4748d99449787482e18bcdc973d", "port_range_max": 22, "security_group_id": "64bdf461-eaeb-414d-b291-c81b6f9fae1c", "port_range_min": 22}}
    Response - Headers: {'status': '201', 'content-length': '340', 'connection': 'close', 'date': 'Fri, 04 Dec 2015 10:06:23 GMT', 'content-type': 'application/json; charset=UTF-8', 'x-openstack-request-id': 'req-7a53283c-ec25-42a3-92f2-2f2cbc78e498'}
        Body: {"security_group_rule": {"remote_group_id": null, "direction": "ingress", "remote_ip_prefix": null, "protocol": "tcp", "ethertype": "IPv4", "tenant_id": "ff5de4748d99449787482e18bcdc973d", "port_range_max": 22, "port_range_min": 22, "id": "924319fa-9bbb-4c29-9006-1f1ad34a80f4", "security_group_id": "64bdf461-eaeb-414d-b291-c81b6f9fae1c"}}
2015-12-04 10:06:23,579 20328 INFO     [tempest_lib.common.rest_client] Request (TestNetworkBasicOps:test_connectivity_between_vms_on_different_networks): 201 POST http://10.0.2.15:9696/v2.0/security-group-rules 0.114s
2015-12-04 10:06:23,580 20328 DEBUG    [tempest_lib.common.rest_client] Request - Headers: {'Content-Type': 'application/json', 'Accept': 'application/json', 'X-Auth-Token': '&lt;omitted&gt;'}
        Body: {"security_group_rule": {"direction": "egress", "protocol": "tcp", "tenant_id": "ff5de4748d99449787482e18bcdc973d", "port_range_max": 22, "security_group_id": "64bdf461-eaeb-414d-b291-c81b6f9fae1c", "port_range_min": 22}}
    Response - Headers: {'status': '201', 'content-length': '339', 'connection': 'close', 'date': 'Fri, 04 Dec 2015 10:06:23 GMT', 'content-type': 'application/json; charset=UTF-8', 'x-openstack-request-id': 'req-e26968c3-bc38-4711-a353-a851af1b6dfb'}
        Body: {"security_group_rule": {"remote_group_id": null, "direction": "egress", "remote_ip_prefix": null, "protocol": "tcp", "ethertype": "IPv4", "tenant_id": "ff5de4748d99449787482e18bcdc973d", "port_range_max": 22, "port_range_min": 22, "id": "2e526330-912e-4bf1-ab4a-b22dc8fc5ebd", "security_group_id": "64bdf461-eaeb-414d-b291-c81b6f9fae1c"}}
2015-12-04 10:06:23,703 20328 INFO     [tempest_lib.common.rest_client] Request (TestNetworkBasicOps:test_connectivity_between_vms_on_different_networks): 201 POST http://10.0.2.15:9696/v2.0/security-group-rules 0.121s
2015-12-04 10:06:23,703 20328 DEBUG    [tempest_lib.common.rest_client] Request - Headers: {'Content-Type': 'application/json', 'Accept': 'application/json', 'X-Auth-Token': '&lt;omitted&gt;'}
        Body: {"security_group_rule": {"tenant_id": "ff5de4748d99449787482e18bcdc973d", "direction": "ingress", "protocol": "icmp", "security_group_id": "64bdf461-eaeb-414d-b291-c81b6f9fae1c"}}
    Response - Headers: {'status': '201', 'content-length': '345', 'connection': 'close', 'date': 'Fri, 04 Dec 2015 10:06:23 GMT', 'content-type': 'application/json; charset=UTF-8', 'x-openstack-request-id': 'req-4076eb66-e53d-4aad-bebe-d7017b445aed'}
        Body: {"security_group_rule": {"remote_group_id": null, "direction": "ingress", "remote_ip_prefix": null, "protocol": "icmp", "ethertype": "IPv4", "tenant_id": "ff5de4748d99449787482e18bcdc973d", "port_range_max": null, "port_range_min": null, "id": "0a0bb31f-5dfb-4baf-9c82-7fcc2a1d45b6", "security_group_id": "64bdf461-eaeb-414d-b291-c81b6f9fae1c"}}
2015-12-04 10:06:23,813 20328 INFO     [tempest_lib.common.rest_client] Request (TestNetworkBasicOps:test_connectivity_between_vms_on_different_networks): 201 POST http://10.0.2.15:9696/v2.0/security-group-rules 0.109s
2015-12-04 10:06:23,814 20328 DEBUG    [tempest_lib.common.rest_client] Request - Headers: {'Content-Type': 'application/json', 'Accept': 'application/json', 'X-Auth-Token': '&lt;omitted&gt;'}
        Body: {"security_group_rule": {"tenant_id": "ff5de4748d99449787482e18bcdc973d", "direction": "egress", "protocol": "icmp", "security_group_id": "64bdf461-eaeb-414d-b291-c81b6f9fae1c"}}
    Response - Headers: {'status': '201', 'content-length': '344', 'connection': 'close', 'date': 'Fri, 04 Dec 2015 10:06:23 GMT', 'content-type': 'application/json; charset=UTF-8', 'x-openstack-request-id': 'req-b52206ba-c337-4491-988d-ad10c124f6d4'}
        Body: {"security_group_rule": {"remote_group_id": null, "direction": "egress", "remote_ip_prefix": null, "protocol": "icmp", "ethertype": "IPv4", "tenant_id": "ff5de4748d99449787482e18bcdc973d", "port_range_max": null, "port_range_min": null, "id": "72d5a3c2-077a-4781-9ea9-503c430512c4", "security_group_id": "64bdf461-eaeb-414d-b291-c81b6f9fae1c"}}
2015-12-04 10:06:23,941 20328 INFO     [tempest_lib.common.rest_client] Request (TestNetworkBasicOps:test_connectivity_between_vms_on_different_networks): 201 POST http://10.0.2.15:9696/v2.0/security-group-rules 0.126s
2015-12-04 10:06:23,942 20328 DEBUG    [tempest_lib.common.rest_client] Request - Headers: {'Content-Type': 'application/json', 'Accept': 'application/json', 'X-Auth-Token': '&lt;omitted&gt;'}
        Body: {"security_group_rule": {"tenant_id": "ff5de4748d99449787482e18bcdc973d", "direction": "ingress", "security_group_id": "64bdf461-eaeb-414d-b291-c81b6f9fae1c", "protocol": "icmp", "ethertype": "IPv6"}}
    Response - Headers: {'status': '201', 'content-length': '345', 'connection': 'close', 'date': 'Fri, 04 Dec 2015 10:06:23 GMT', 'content-type': 'application/json; charset=UTF-8', 'x-openstack-request-id': 'req-705cc0c5-189f-483b-bd06-c7b7d8dbc02d'}
        Body: {"security_group_rule": {"remote_group_id": null, "direction": "ingress", "remote_ip_prefix": null, "protocol": "icmp", "ethertype": "IPv6", "tenant_id": "ff5de4748d99449787482e18bcdc973d", "port_range_max": null, "port_range_min": null, "id": "424a432c-e57e-4c32-809f-4c23e9e32dff", "security_group_id": "64bdf461-eaeb-414d-b291-c81b6f9fae1c"}}
2015-12-04 10:06:24,076 20328 INFO     [tempest_lib.common.rest_client] Request (TestNetworkBasicOps:test_connectivity_between_vms_on_different_networks): 201 POST http://10.0.2.15:9696/v2.0/security-group-rules 0.133s
2015-12-04 10:06:24,077 20328 DEBUG    [tempest_lib.common.rest_client] Request - Headers: {'Content-Type': 'application/json', 'Accept': 'application/json', 'X-Auth-Token': '&lt;omitted&gt;'}
        Body: {"security_group_rule": {"tenant_id": "ff5de4748d99449787482e18bcdc973d", "direction": "egress", "security_group_id": "64bdf461-eaeb-414d-b291-c81b6f9fae1c", "protocol": "icmp", "ethertype": "IPv6"}}
    Response - Headers: {'status': '201', 'content-length': '344', 'connection': 'close', 'date': 'Fri, 04 Dec 2015 10:06:24 GMT', 'content-type': 'application/json; charset=UTF-8', 'x-openstack-request-id': 'req-3c0d282a-cd18-45fd-bc78-b5fd54f4bac5'}
        Body: {"security_group_rule": {"remote_group_id": null, "direction": "egress", "remote_ip_prefix": null, "protocol": "icmp", "ethertype": "IPv6", "tenant_id": "ff5de4748d99449787482e18bcdc973d", "port_range_max": null, "port_range_min": null, "id": "22d5d118-e135-4f46-bf98-d92202ec8fcb", "security_group_id": "64bdf461-eaeb-414d-b291-c81b6f9fae1c"}}
2015-12-04 10:06:24,251 20328 INFO     [tempest_lib.common.rest_client] Request (TestNetworkBasicOps:test_connectivity_between_vms_on_different_networks): 201 POST http://10.0.2.15:9696/v2.0/networks 0.172s
2015-12-04 10:06:24,251 20328 DEBUG    [tempest_lib.common.rest_client] Request - Headers: {'Content-Type': 'application/json', 'Accept': 'application/json', 'X-Auth-Token': '&lt;omitted&gt;'}
        Body: {"network": {"tenant_id": "ff5de4748d99449787482e18bcdc973d", "name": "tempest-network-smoke--1080567385"}}
    Response - Headers: {'status': '201', 'content-length': '329', 'connection': 'close', 'date': 'Fri, 04 Dec 2015 10:06:24 GMT', 'content-type': 'application/json; charset=UTF-8', 'x-openstack-request-id': 'req-28237e99-12fa-40c3-9b36-eca88c7ad332'}
        Body: {"network": {"status": "ACTIVE", "subnets": [], "availability_zone_hints": "[]", "name": "tempest-network-smoke--1080567385", "admin_state_up": true, "tenant_id": "ff5de4748d99449787482e18bcdc973d", "mtu": 0, "router:external": false, "shared": false, "port_security_enabled": true, "id": "59beb9ec-2914-412f-b4d9-3db8d1e5f7ab"}}
2015-12-04 10:06:24,323 20328 INFO     [tempest_lib.common.rest_client] Request (TestNetworkBasicOps:test_connectivity_between_vms_on_different_networks): 201 POST http://10.0.2.15:9696/v2.0/routers 0.070s
2015-12-04 10:06:24,324 20328 DEBUG    [tempest_lib.common.rest_client] Request - Headers: {'Content-Type': 'application/json', 'Accept': 'application/json', 'X-Auth-Token': '&lt;omitted&gt;'}
        Body: {"router": {"tenant_id": "ff5de4748d99449787482e18bcdc973d", "name": "tempest-router-smoke-166252882", "admin_state_up": true}}
    Response - Headers: {'status': '201', 'content-length': '295', 'connection': 'close', 'date': 'Fri, 04 Dec 2015 10:06:24 GMT', 'content-type': 'application/json; charset=UTF-8', 'x-openstack-request-id': 'req-7c6d5ece-1ee7-4af6-bbde-83125dcf6c55'}
        Body: {"router": {"status": "ACTIVE", "external_gateway_info": null, "availability_zone_hints": [], "availability_zones": [], "name": "tempest-router-smoke-166252882", "admin_state_up": true, "tenant_id": "ff5de4748d99449787482e18bcdc973d", "routes": [], "id": "6c44d314-2c46-454c-b55f-beb43ba28270"}}
2015-12-04 10:06:24,378 20328 INFO     [tempest_lib.common.rest_client] Request (TestNetworkBasicOps:test_connectivity_between_vms_on_different_networks): 200 GET http://10.0.2.15:9696/v2.0/routers/6c44d314-2c46-454c-b55f-beb43ba28270 0.054s
2015-12-04 10:06:24,379 20328 DEBUG    [tempest_lib.common.rest_client] Request - Headers: {'Content-Type': 'application/json', 'Accept': 'application/json', 'X-Auth-Token': '&lt;omitted&gt;'}
        Body: None
    Response - Headers: {'status': '200', 'content-length': '295', 'content-location': 'http://10.0.2.15:9696/v2.0/routers/6c44d314-2c46-454c-b55f-beb43ba28270', 'connection': 'close', 'date': 'Fri, 04 Dec 2015 10:06:24 GMT', 'content-type': 'application/json; charset=UTF-8', 'x-openstack-request-id': 'req-3f1c043e-7bab-4a59-9093-3c945e05139a'}
        Body: {"router": {"status": "ACTIVE", "external_gateway_info": null, "availability_zone_hints": [], "availability_zones": [], "name": "tempest-router-smoke-166252882", "admin_state_up": true, "tenant_id": "ff5de4748d99449787482e18bcdc973d", "routes": [], "id": "6c44d314-2c46-454c-b55f-beb43ba28270"}}
2015-12-04 10:06:25,105 20328 INFO     [tempest_lib.common.rest_client] Request (TestNetworkBasicOps:test_connectivity_between_vms_on_different_networks): 200 PUT http://10.0.2.15:9696/v2.0/routers/6c44d314-2c46-454c-b55f-beb43ba28270 0.725s
2015-12-04 10:06:25,106 20328 DEBUG    [tempest_lib.common.rest_client] Request - Headers: {'Content-Type': 'application/json', 'Accept': 'application/json', 'X-Auth-Token': '&lt;omitted&gt;'}
        Body: {"router": {"external_gateway_info": {"network_id": "40101868-3ffd-484d-b5df-1124534ff03d"}, "name": "tempest-router-smoke-166252882", "admin_state_up": true}}
    Response - Headers: {'status': '200', 'content-length': '557', 'connection': 'close', 'date': 'Fri, 04 Dec 2015 10:06:25 GMT', 'content-type': 'application/json; charset=UTF-8', 'x-openstack-request-id': 'req-c140d0fc-b971-49e3-8522-1ab906207844'}
        Body: {"router": {"status": "ACTIVE", "external_gateway_info": {"network_id": "40101868-3ffd-484d-b5df-1124534ff03d", "enable_snat": true, "external_fixed_ips": [{"subnet_id": "cc101a7b-8707-4fe4-afb9-d973bd810429", "ip_address": "172.24.4.3"}, {"subnet_id": "a26066a4-1358-4591-837f-e43e0c6b9c71", "ip_address": "2001:db8::4"}]}, "availability_zone_hints": [], "availability_zones": [], "name": "tempest-router-smoke-166252882", "admin_state_up": true, "tenant_id": "ff5de4748d99449787482e18bcdc973d", "routes": [], "id": "6c44d314-2c46-454c-b55f-beb43ba28270"}}
2015-12-04 10:06:25,258 20328 INFO     [tempest_lib.common.rest_client] Request (TestNetworkBasicOps:test_connectivity_between_vms_on_different_networks): 200 GET http://10.0.2.15:9696/v2.0/subnets?tenant_id=ff5de4748d99449787482e18bcdc973d&amp;cidr=10.100.0.0%2F28 0.150s
2015-12-04 10:06:25,258 20328 DEBUG    [tempest_lib.common.rest_client] Request - Headers: {'Content-Type': 'application/json', 'Accept': 'application/json', 'X-Auth-Token': '&lt;omitted&gt;'}
        Body: None
    Response - Headers: {'status': '200', 'content-length': '15', 'content-location': 'http://10.0.2.15:9696/v2.0/subnets?tenant_id=ff5de4748d99449787482e18bcdc973d&amp;cidr=10.100.0.0%2F28', 'connection': 'close', 'date': 'Fri, 04 Dec 2015 10:06:25 GMT', 'content-type': 'application/json; charset=UTF-8', 'x-openstack-request-id': 'req-745f79f4-23de-4e06-9d85-f592c79c4433'}
        Body: {"subnets": []}
2015-12-04 10:06:25,636 20328 INFO     [tempest_lib.common.rest_client] Request (TestNetworkBasicOps:test_connectivity_between_vms_on_different_networks): 201 POST http://10.0.2.15:9696/v2.0/subnets 0.377s
2015-12-04 10:06:25,637 20328 DEBUG    [tempest_lib.common.rest_client] Request - Headers: {'Content-Type': 'application/json', 'Accept': 'application/json', 'X-Auth-Token': '&lt;omitted&gt;'}
        Body: {"subnet": {"ip_version": 4, "tenant_id": "ff5de4748d99449787482e18bcdc973d", "cidr": "10.100.0.0/28", "network_id": "59beb9ec-2914-412f-b4d9-3db8d1e5f7ab", "name": "tempest-subnet-smoke-1281242227"}}
    Response - Headers: {'status': '201', 'content-length': '478', 'connection': 'close', 'date': 'Fri, 04 Dec 2015 10:06:25 GMT', 'content-type': 'application/json; charset=UTF-8', 'x-openstack-request-id': 'req-10503434-8594-4f07-a044-f96868662c26'}
        Body: {"subnet": {"name": "tempest-subnet-smoke-1281242227", "enable_dhcp": true, "network_id": "59beb9ec-2914-412f-b4d9-3db8d1e5f7ab", "tenant_id": "ff5de4748d99449787482e18bcdc973d", "dns_nameservers": [], "gateway_ip": "10.100.0.1", "ipv6_ra_mode": null, "allocation_pools": [{"start": "10.100.0.2", "end": "10.100.0.14"}], "host_routes": [], "ip_version": 4, "ipv6_address_mode": null, "cidr": "10.100.0.0/28", "id": "aaff0a7e-711e-4166-88b2-d117f7a7974d", "subnetpool_id": null}}
2015-12-04 10:06:26,313 20328 INFO     [tempest_lib.common.rest_client] Request (TestNetworkBasicOps:test_connectivity_between_vms_on_different_networks): 200 PUT http://10.0.2.15:9696/v2.0/routers/6c44d314-2c46-454c-b55f-beb43ba28270/add_router_interface 0.675s
2015-12-04 10:06:26,314 20328 DEBUG    [tempest_lib.common.rest_client] Request - Headers: {'Content-Type': 'application/json', 'Accept': 'application/json', 'X-Auth-Token': '&lt;omitted&gt;'}
        Body: {"subnet_id": "aaff0a7e-711e-4166-88b2-d117f7a7974d"}
    Response - Headers: {'status': '200', 'content-length': '255', 'connection': 'close', 'date': 'Fri, 04 Dec 2015 10:06:26 GMT', 'content-type': 'application/json; charset=UTF-8', 'x-openstack-request-id': 'req-145b84d0-8bad-46df-af50-4f571fbf6d41'}
        Body: {"subnet_id": "aaff0a7e-711e-4166-88b2-d117f7a7974d", "tenant_id": "ff5de4748d99449787482e18bcdc973d", "subnet_ids": ["aaff0a7e-711e-4166-88b2-d117f7a7974d"], "port_id": "10265a8d-762c-4755-9579-33bf9943ad3d", "id": "6c44d314-2c46-454c-b55f-beb43ba28270"}
2015-12-04 10:06:26,371 20328 INFO     [tempest_lib.common.rest_client] Request (TestNetworkBasicOps:test_connectivity_between_vms_on_different_networks): 200 GET http://10.0.2.15:9696/v2.0/networks 0.056s
2015-12-04 10:06:26,371 20328 DEBUG    [tempest_lib.common.rest_client] Request - Headers: {'Content-Type': 'application/json', 'Accept': 'application/json', 'X-Auth-Token': '&lt;omitted&gt;'}
        Body: None
    Response - Headers: {'status': '200', 'content-length': '1507', 'content-location': 'http://10.0.2.15:9696/v2.0/networks', 'connection': 'close', 'date': 'Fri, 04 Dec 2015 10:06:26 GMT', 'content-type': 'application/json; charset=UTF-8', 'x-openstack-request-id': 'req-b36b9557-d4db-4e48-932a-21ecb3665e53'}
        Body: {"networks": [{"status": "ACTIVE", "subnets": ["a26066a4-1358-4591-837f-e43e0c6b9c71", "cc101a7b-8707-4fe4-afb9-d973bd810429"], "availability_zone_hints": [], "availability_zones": ["nova"], "name": "public", "provider:physical_network": null, "admin_state_up": true, "tenant_id": "a578f7ddd90f451586efd9cd32d9f24c", "mtu": 0, "router:external": true, "shared": false, "port_security_enabled": true, "provider:network_type": "vxlan", "id": "40101868-3ffd-484d-b5df-1124534ff03d", "provider:segmentation_id": 1013}, {"status": "ACTIVE", "subnets": ["aaff0a7e-711e-4166-88b2-d117f7a7974d"], "availability_zone_hints": [], "availability_zones": ["nova"], "name": "tempest-network-smoke--1080567385", "provider:physical_network": null, "admin_state_up": true, "tenant_id": "ff5de4748d99449787482e18bcdc973d", "mtu": 0, "router:external": false, "shared": false, "port_security_enabled": true, "provider:network_type": "vxlan", "id": "59beb9ec-2914-412f-b4d9-3db8d1e5f7ab", "provider:segmentation_id": 1058}, {"status": "ACTIVE", "subnets": ["940d927b-f192-4dc0-a540-80434b799f38", "e923e0b9-8437-4383-b469-23d8549874fd"], "availability_zone_hints": [], "availability_zones": ["nova"], "name": "private", "provider:physical_network": null, "admin_state_up": true, "tenant_id": "0692bb643ea54f49b8432bef5d0c3ee6", "mtu": 0, "router:external": false, "shared": false, "port_security_enabled": true, "provider:network_type": "vxlan", "id": "76ded952-be97-42f9-987e-28a438673fe6", "provider:segmentation_id": 1089}]}
2015-12-04 10:06:26,474 20328 INFO     [tempest_lib.common.rest_client] Request (TestNetworkBasicOps:test_connectivity_between_vms_on_different_networks): 200 GET http://10.0.2.15:9696/v2.0/subnets 0.101s
2015-12-04 10:06:26,474 20328 DEBUG    [tempest_lib.common.rest_client] Request - Headers: {'Content-Type': 'application/json', 'Accept': 'application/json', 'X-Auth-Token': '&lt;omitted&gt;'}
        Body: None
    Response - Headers: {'status': '200', 'content-length': '2408', 'content-location': 'http://10.0.2.15:9696/v2.0/subnets', 'connection': 'close', 'date': 'Fri, 04 Dec 2015 10:06:26 GMT', 'content-type': 'application/json; charset=UTF-8', 'x-openstack-request-id': 'req-ab5ffc09-6f9e-4522-b23b-646b580a0e9e'}
        Body: {"subnets": [{"name": "ipv6-public-subnet", "enable_dhcp": false, "network_id": "40101868-3ffd-484d-b5df-1124534ff03d", "tenant_id": "a578f7ddd90f451586efd9cd32d9f24c", "dns_nameservers": [], "gateway_ip": "2001:db8::2", "ipv6_ra_mode": null, "allocation_pools": [{"start": "2001:db8::1", "end": "2001:db8::1"}, {"start": "2001:db8::3", "end": "2001:db8::ffff:ffff:ffff:ffff"}], "host_routes": [], "ip_version": 6, "ipv6_address_mode": null, "cidr": "2001:db8::/64", "id": "a26066a4-1358-4591-837f-e43e0c6b9c71", "subnetpool_id": null}, {"name": "tempest-subnet-smoke-1281242227", "enable_dhcp": true, "network_id": "59beb9ec-2914-412f-b4d9-3db8d1e5f7ab", "tenant_id": "ff5de4748d99449787482e18bcdc973d", "dns_nameservers": [], "gateway_ip": "10.100.0.1", "ipv6_ra_mode": null, "allocation_pools": [{"start": "10.100.0.2", "end": "10.100.0.14"}], "host_routes": [], "ip_version": 4, "ipv6_address_mode": null, "cidr": "10.100.0.0/28", "id": "aaff0a7e-711e-4166-88b2-d117f7a7974d", "subnetpool_id": null}, {"name": "public-subnet", "enable_dhcp": false, "network_id": "40101868-3ffd-484d-b5df-1124534ff03d", "tenant_id": "a578f7ddd90f451586efd9cd32d9f24c", "dns_nameservers": [], "gateway_ip": "172.24.4.1", "ipv6_ra_mode": null, "allocation_pools": [{"start": "172.24.4.2", "end": "172.24.4.254"}], "host_routes": [], "ip_version": 4, "ipv6_address_mode": null, "cidr": "172.24.4.0/24", "id": "cc101a7b-8707-4fe4-afb9-d973bd810429", "subnetpool_id": null}, {"name": "private-subnet", "enable_dhcp": true, "network_id": "76ded952-be97-42f9-987e-28a438673fe6", "tenant_id": "0692bb643ea54f49b8432bef5d0c3ee6", "dns_nameservers": [], "gateway_ip": "10.0.0.1", "ipv6_ra_mode": null, "allocation_pools": [{"start": "10.0.0.2", "end": "10.0.0.254"}], "host_routes": [], "ip_version": 4, "ipv6_address_mode": null, "cidr": "10.0.0.0/24", "id": "940d927b-f192-4dc0-a540-80434b799f38", "subnetpool_id": null}, {"name": "ipv6-private-subnet", "enable_dhcp": true, "network_id": "76ded952-be97-42f9-987e-28a438673fe6", "tenant_id": "0692bb643ea54f49b8432bef5d0c3ee6", "dns_nameservers": [], "gateway_ip": "fd5c:b068:86c5::1", "ipv6_ra_mode": "slaac", "allocation_pools": [{"start": "fd5c:b068:86c5::2", "end": "fd5c:b068:86c5:0:ffff:ffff:ffff:ffff"}], "host_routes": [], "ip_version": 6, "ipv6_address_mode": "slaac", "cidr": "fd5c:b068:86c5::/64", "id": "e923e0b9-8437-4383-b469-23d8549874fd", "subnetpool_id": null}]}
2015-12-04 10:06:26,566 20328 INFO     [tempest_lib.common.rest_client] Request (TestNetworkBasicOps:test_connectivity_between_vms_on_different_networks): 200 GET http://10.0.2.15:9696/v2.0/routers 0.091s
2015-12-04 10:06:26,566 20328 DEBUG    [tempest_lib.common.rest_client] Request - Headers: {'Content-Type': 'application/json', 'Accept': 'application/json', 'X-Auth-Token': '&lt;omitted&gt;'}
        Body: None
    Response - Headers: {'status': '200', 'content-length': '1166', 'content-location': 'http://10.0.2.15:9696/v2.0/routers', 'connection': 'close', 'date': 'Fri, 04 Dec 2015 10:06:26 GMT', 'content-type': 'application/json; charset=UTF-8', 'x-openstack-request-id': 'req-098e6e93-9b1c-4b77-8fa1-3db58cca2db7'}
        Body: {"routers": [{"status": "ACTIVE", "external_gateway_info": {"network_id": "40101868-3ffd-484d-b5df-1124534ff03d", "enable_snat": true, "external_fixed_ips": [{"subnet_id": "cc101a7b-8707-4fe4-afb9-d973bd810429", "ip_address": "172.24.4.2"}, {"subnet_id": "a26066a4-1358-4591-837f-e43e0c6b9c71", "ip_address": "2001:db8::3"}]}, "availability_zone_hints": [], "availability_zones": ["nova"], "name": "router1", "admin_state_up": true, "tenant_id": "0692bb643ea54f49b8432bef5d0c3ee6", "distributed": false, "routes": [], "ha": false, "id": "0f120fb0-d395-4a10-8438-7913fa8a873f"}, {"status": "ACTIVE", "external_gateway_info": {"network_id": "40101868-3ffd-484d-b5df-1124534ff03d", "enable_snat": true, "external_fixed_ips": [{"subnet_id": "cc101a7b-8707-4fe4-afb9-d973bd810429", "ip_address": "172.24.4.3"}, {"subnet_id": "a26066a4-1358-4591-837f-e43e0c6b9c71", "ip_address": "2001:db8::4"}]}, "availability_zone_hints": [], "availability_zones": ["nova"], "name": "tempest-router-smoke-166252882", "admin_state_up": true, "tenant_id": "ff5de4748d99449787482e18bcdc973d", "distributed": false, "routes": [], "ha": false, "id": "6c44d314-2c46-454c-b55f-beb43ba28270"}]}
2015-12-04 10:06:27,031 20328 INFO     [tempest_lib.common.rest_client] Request (TestNetworkBasicOps:test_connectivity_between_vms_on_different_networks): 200 POST http://10.0.2.15:8774/v2.1/ff5de4748d99449787482e18bcdc973d/os-keypairs 0.463s
2015-12-04 10:06:27,032 20328 DEBUG    [tempest_lib.common.rest_client] Request - Headers: {'Content-Type': 'application/json', 'Accept': 'application/json', 'X-Auth-Token': '&lt;omitted&gt;'}
        Body: {"keypair": {"name": "tempest-TestNetworkBasicOps-904870264"}}
    Response - Headers: {'status': '200', 'content-length': '2320', 'x-compute-request-id': 'req-61259e2e-d517-4976-8658-abc6171fe123', 'vary': 'X-OpenStack-Nova-API-Version', 'connection': 'close', 'x-openstack-nova-api-version': '2.1', 'date': 'Fri, 04 Dec 2015 10:06:27 GMT', 'content-type': 'application/json'}
        Body: {"keypair": {"public_key": "ssh-rsa AAAAB3NzaC1yc2EAAAADAQABAAABAQDBN9A8cu8RVJuPaii2y7dwSaxHkhw8BPyH/QwoIDhcl1N8KVK63wRptSBvbBrEoQBqKMwT04jgzK6jLhBkuj5Nt4oaQlgV0f/EMMTnUa8v5VQpyhzTqPG+c0rdS9J+Bp1O+Dq+/aXfnxghP4f11MurKJtbRSZhM4Xra7rsCeZs277ZsTovqKyXrxrK5xd8E6oTWXfZHsnxPujUfKzZpNlcEyW5v3FIbIJz4zJd/OhkB25NC622jWaypC2wZT3l+jRyG5KPA4CSm7G2QTPa3F6ekkMH0MQMBvs4QXhZU7cs1epD9OKlNY/RzWzrU39UyQXZXjcassIqa/pkawEsGwll Generated-by-Nova", "private_key": "-----BEGIN RSA PRIVATE KEY-----\nMIIEpwIBAAKCAQEAwTfQPHLvEVSbj2ootsu3cEmsR5IcPAT8h/0MKCA4XJdTfClS\nut8EabUgb2waxKEAaijME9OI4Myuoy4QZLo+TbeKGkJYFdH/xDDE51GvL+VUKcoc\n06jxvnNK3UvSfgadTvg6vv2l358YIT+H9dTLqyibW0UmYTOF62u67AnmbNu+2bE6\nL6isl68ayucXfBOqE1l32R7J8T7o1Hys2aTZXBMlub9xSGyCc+MyXfzoZAduTQut\nto1msqQtsGU95fo0chuSjwOAkpuxtkEz2txenpJDB9DEDAb7OEF4WVO3LNXqQ/Ti\npTWP0c1s61N/VMkF2V43GrLCKmv6ZGsBLBsJZQIDAQABAoIBAEMy7yhm7MCBRY0O\nZdSVa1oRNWq65Tj2nwGIv5ahBhklxDJViOFXOQiupvY5ieHDAQrq33cxxdQxO7ej\nCK6Pm6WZ5N0XH92O6L5KG+E7poso3imekoIGqvUK0gm/Ghkcoc9aQ8wzGWJ5yYGe\nv+F+vcrsV4PZu+xoZ/YlxJ/dHZfUBgHxGYEH8Zftee2Pwa91VKJRBCNvJaa7iZdt\ncnJNOKg0xzHrx/1jbXpKLvgfpoYTOWNyl0tTOkqpjG8liK4J7W1YT0T9nCBqj91F\nKwrEzTk5NfVEV6LKfK4TSKCZDTDTYVG4+763fH2hwxOt53Aa/18Eto65BulmT4we\n+zAlHIECggCBAMycf2qkIDm7H6Z+EsZnxaqGlJR72egl+2yOm/T9mKu1dW/ACv2i\nVhXuYP/ux/T9ElGrZzaWOnooqWn5IPjLryq3yIJpvQXLMbwnQkuk8+OvIyu+ePTx\ntD4nPx1KFuLhfBZP5AXNYDtcrB2HkbzQtD/uOQkjf/SapuX9yfdUnbAhAoIAgQDx\nvshaXXqPO9voq2E8XbD1Rum48BWS6pjxQscIe3LyeninT3gSdeZSIXCG5Fg4wofn\nD43ndCCtsErD+kY3Be9OEY0oJNxxB5sD7PJvw7UyewDOgDpiLZV4jyDaRN8pKTv+\n0qvRlM0PqcT3xIRBNRXBkl7QMFOdRcNLYrQMyHKAxQKCAIBjbb1BLiZ2x2bW+jbX\ncUAN4L489X5roGFwXFCPGdjhwBkkR9dPb16T47YBSKCkfYI0a62JSjF6gV3qIGUU\nYa5qfMqUDRwMv7QYcZ92sN7PiqD1teaDaR0kgt/ZtNIwSFCLayEsbKPR1PPSmbmJ\nXoXo9zOCLF0WmTx3UP+fD+Bc4QKCAIAsbS9MzBkV8Z48aCJ6gY1fxiR1xElysoJg\n9DC3slgxj6hUtxoN6nTlaxfO8m/0HmvzXrxpaMIIqXlUAs6clg6gfkE+u2d3rjoi\nwozbVVAbctd3G8GfAVmSylrzQezxF47bCcRhw8LbugtkrUzQ3vycklWyVO9I2+VE\nGWOVZdEFMQKCAIBBVrbVr8q4cPPA9SmWR89VNA5Q9R5Lu1Cj3clhVJ5ZgmDMIbc6\nL5xwwtGhVyF1yG/w0nPdmTBOcvDx6KuYYfhL4AhtyaWt2+dnJgCKa78NvK7JuN04\nMGVyJyLvZA0Te5HjG/xzwfvMPHtG6GSSaKY3EBdpWRg+R84u6z/lM+AJLA==\n-----END RSA PRIVATE KEY-----\n", "user_id": "acdfafe712b14aed940fd4fd5c554645", "name": "tempest-TestNetworkBasicOps-904870264", "fingerprint": "b9:59:f6:ce:89:9b:1e:d4:99:5a:97:7d:01:96:ca:af"}}
2015-12-04 10:06:27,120 20328 INFO     [tempest_lib.common.rest_client] Request (TestNetworkBasicOps:test_connectivity_between_vms_on_different_networks): 200 POST http://10.0.2.15:5000/v2.0/tokens
2015-12-04 10:06:27,121 20328 DEBUG    [tempest_lib.common.rest_client] Request - Headers: {'Content-Type': 'application/json', 'Accept': 'application/json'}
        Body: &lt;omitted&gt;
    Response - Headers: {'status': '200', 'content-length': '2530', 'vary': 'X-Auth-Token', 'server': 'Apache/2.4.7 (Ubuntu)', 'connection': 'close', 'date': 'Fri, 04 Dec 2015 10:06:27 GMT', 'content-type': 'application/json', 'x-openstack-request-id': 'req-1f19a076-116b-4a64-9af4-c8388143fe91'}
        Body: {"access": {"token": {"issued_at": "2015-12-04T10:06:27.111154", "expires": "2015-12-04T11:06:27Z", "id": "8a045dfeb8fa423e9efd54c79e1465ee", "tenant": {"description": "tempest-TestNetworkBasicOps-1621939901-desc", "enabled": true, "id": "ff5de4748d99449787482e18bcdc973d", "name": "tempest-TestNetworkBasicOps-1621939901"}, "audit_ids": ["GTXsc3lYTXGpHdmvI2NliQ"]}, "serviceCatalog": [{"endpoints": [{"adminURL": "http://10.0.2.15:8774/v2.1/ff5de4748d99449787482e18bcdc973d", "region": "RegionOne", "internalURL": "http://10.0.2.15:8774/v2.1/ff5de4748d99449787482e18bcdc973d", "id": "22d14cdc731e47f19822e1cac17d264f", "publicURL": "http://10.0.2.15:8774/v2.1/ff5de4748d99449787482e18bcdc973d"}], "endpoints_links": [], "type": "compute", "name": "nova"}, {"endpoints": [{"adminURL": "http://10.0.2.15:9696/", "region": "RegionOne", "internalURL": "http://10.0.2.15:9696/", "id": "8dbab2fbdec04a6292edd50ec3800cbd", "publicURL": "http://10.0.2.15:9696/"}], "endpoints_links": [], "type": "network", "name": "neutron"}, {"endpoints": [{"adminURL": "http://10.0.2.15:9292", "region": "RegionOne", "internalURL": "http://10.0.2.15:9292", "id": "7d89492394f94e4bb40f2e3d84fce44f", "publicURL": "http://10.0.2.15:9292"}], "endpoints_links": [], "type": "image", "name": "glance"}, {"endpoints": [{"adminURL": "http://10.0.2.15:8774/v2/ff5de4748d99449787482e18bcdc973d", "region": "RegionOne", "internalURL": "http://10.0.2.15:8774/v2/ff5de4748d99449787482e18bcdc973d", "id": "4f0e15ab30674f5da33d70cd49ccf310", "publicURL": "http://10.0.2.15:8774/v2/ff5de4748d99449787482e18bcdc973d"}], "endpoints_links": [], "type": "compute_legacy", "name": "nova_legacy"}, {"endpoints": [{"adminURL": "http://10.0.2.15:8773/", "region": "RegionOne", "internalURL": "http://10.0.2.15:8773/", "id": "ce45446d3df54ba99e804a0d7764d8b2", "publicURL": "http://10.0.2.15:8773/"}], "endpoints_links": [], "type": "ec2", "name": "ec2"}, {"endpoints": [{"adminURL": "http://10.0.2.15:35357/v2.0", "region": "RegionOne", "internalURL": "http://10.0.2.15:5000/v2.0", "id": "9ecdbc8579ed43449b49f71bc0296a56", "publicURL": "http://10.0.2.15:5000/v2.0"}], "endpoints_links": [], "type": "identity", "name": "keystone"}], "user": {"username": "tempest-TestNetworkBasicOps-2000387022", "roles_links": [], "id": "acdfafe712b14aed940fd4fd5c554645", "roles": [{"name": "_member_"}, {"name": "Member"}], "name": "tempest-TestNetworkBasicOps-2000387022"}, "metadata": {"is_admin": 0, "roles": ["9fe2ff9ee4384b1894a90878d3e92bab", "62217a457e494add80e462fca86ccb30"]}}}
2015-12-04 10:06:27,126 20328 DEBUG    [tempest.common.fixed_network] (TestNetworkBasicOps:test_connectivity_between_vms_on_different_networks) No valid network provided or created, defaulting to fixed_network_name
2015-12-04 10:06:27,412 20328 INFO     [tempest_lib.common.rest_client] Request (TestNetworkBasicOps:test_connectivity_between_vms_on_different_networks): 200 GET http://10.0.2.15:8774/v2.1/ff5de4748d99449787482e18bcdc973d/os-networks 0.285s
2015-12-04 10:06:27,413 20328 DEBUG    [tempest_lib.common.rest_client] Request - Headers: {'Content-Type': 'application/json', 'Accept': 'application/json', 'X-Auth-Token': '&lt;omitted&gt;'}
        Body: None
    Response - Headers: {'status': '200', 'content-length': '479', 'content-location': 'http://10.0.2.15:8774/v2.1/ff5de4748d99449787482e18bcdc973d/os-networks', 'x-compute-request-id': 'req-4733b498-8ee1-4c45-8210-a2a76616f707', 'vary': 'X-OpenStack-Nova-API-Version', 'connection': 'close', 'x-openstack-nova-api-version': '2.1', 'date': 'Fri, 04 Dec 2015 10:06:27 GMT', 'content-type': 'application/json'}
        Body: {"networks": [{"cidr_v6": null, "dns2": null, "dns1": null, "gateway": null, "broadcast": null, "netmask": null, "gateway_v6": null, "cidr": null, "label": "tempest-network-smoke--1080567385", "id": "59beb9ec-2914-412f-b4d9-3db8d1e5f7ab", "netmask_v6": null}, {"cidr_v6": null, "dns2": null, "dns1": null, "gateway": null, "broadcast": null, "netmask": null, "gateway_v6": null, "cidr": null, "label": "public", "id": "40101868-3ffd-484d-b5df-1124534ff03d", "netmask_v6": null}]}
2015-12-04 10:06:27,413 20328 WARNING  [tempest.common.fixed_network] (TestNetworkBasicOps:test_connectivity_between_vms_on_different_networks) Network with name: private not found
2015-12-04 10:06:27,414 20328 INFO     [tempest.common.fixed_network] (TestNetworkBasicOps:test_connectivity_between_vms_on_different_networks) Found network {} available for tenant
2015-12-04 10:06:28,864 20328 INFO     [tempest_lib.common.rest_client] Request (TestNetworkBasicOps:test_connectivity_between_vms_on_different_networks): 202 POST http://10.0.2.15:8774/v2.1/ff5de4748d99449787482e18bcdc973d/servers 1.449s
2015-12-04 10:06:28,865 20328 DEBUG    [tempest_lib.common.rest_client] Request - Headers: {'Content-Type': 'application/json', 'Accept': 'application/json', 'X-Auth-Token': '&lt;omitted&gt;'}
        Body: {"server": {"name": "tempest.common.compute-instance-2105645030", "imageRef": "995242ad-d2db-4ee3-8115-5b4a39378b02", "key_name": "tempest-TestNetworkBasicOps-904870264", "flavorRef": "42", "networks": [{"uuid": "59beb9ec-2914-412f-b4d9-3db8d1e5f7ab"}], "security_groups": [{"name": "tempest-secgroup-smoke-1193261442"}]}}
    Response - Headers: {'status': '202', 'content-length': '462', 'x-compute-request-id': 'req-a86fe299-f3ac-4581-99aa-4af62f1ef063', 'vary': 'X-OpenStack-Nova-API-Version', 'connection': 'close', 'location': 'http://10.0.2.15:8774/v2.1/ff5de4748d99449787482e18bcdc973d/servers/02719e99-36b4-4da5-92c3-015f88e61c2c', 'x-openstack-nova-api-version': '2.1', 'date': 'Fri, 04 Dec 2015 10:06:28 GMT', 'content-type': 'application/json'}
        Body: {"server": {"security_groups": [{"name": "tempest-secgroup-smoke-1193261442"}], "OS-DCF:diskConfig": "MANUAL", "id": "02719e99-36b4-4da5-92c3-015f88e61c2c", "links": [{"href": "http://10.0.2.15:8774/v2.1/ff5de4748d99449787482e18bcdc973d/servers/02719e99-36b4-4da5-92c3-015f88e61c2c", "rel": "self"}, {"href": "http://10.0.2.15:8774/ff5de4748d99449787482e18bcdc973d/servers/02719e99-36b4-4da5-92c3-015f88e61c2c", "rel": "bookmark"}], "adminPass": "UPaq7WiQRpYp"}}
2015-12-04 10:06:29,144 20328 INFO     [tempest_lib.common.rest_client] Request (TestNetworkBasicOps:test_connectivity_between_vms_on_different_networks): 200 GET http://10.0.2.15:8774/v2.1/ff5de4748d99449787482e18bcdc973d/servers/02719e99-36b4-4da5-92c3-015f88e61c2c 0.273s
2015-12-04 10:06:29,145 20328 DEBUG    [tempest_lib.common.rest_client] Request - Headers: {'Content-Type': 'application/json', 'Accept': 'application/json', 'X-Auth-Token': '&lt;omitted&gt;'}
        Body: None
    Response - Headers: {'status': '200', 'content-length': '1355', 'content-location': 'http://10.0.2.15:8774/v2.1/ff5de4748d99449787482e18bcdc973d/servers/02719e99-36b4-4da5-92c3-015f88e61c2c', 'x-compute-request-id': 'req-f1b425f1-3781-49c5-8f4f-6bf66f62f303', 'vary': 'X-OpenStack-Nova-API-Version', 'connection': 'close', 'x-openstack-nova-api-version': '2.1', 'date': 'Fri, 04 Dec 2015 10:06:29 GMT', 'content-type': 'application/json'}
        Body: {"server": {"status": "BUILD", "updated": "2015-12-04T10:06:29Z", "hostId": "", "addresses": {}, "links": [{"href": "http://10.0.2.15:8774/v2.1/ff5de4748d99449787482e18bcdc973d/servers/02719e99-36b4-4da5-92c3-015f88e61c2c", "rel": "self"}, {"href": "http://10.0.2.15:8774/ff5de4748d99449787482e18bcdc973d/servers/02719e99-36b4-4da5-92c3-015f88e61c2c", "rel": "bookmark"}], "key_name": "tempest-TestNetworkBasicOps-904870264", "image": {"id": "995242ad-d2db-4ee3-8115-5b4a39378b02", "links": [{"href": "http://10.0.2.15:8774/ff5de4748d99449787482e18bcdc973d/images/995242ad-d2db-4ee3-8115-5b4a39378b02", "rel": "bookmark"}]}, "OS-EXT-STS:task_state": "scheduling", "OS-EXT-STS:vm_state": "building", "OS-SRV-USG:launched_at": null, "flavor": {"id": "42", "links": [{"href": "http://10.0.2.15:8774/ff5de4748d99449787482e18bcdc973d/flavors/42", "rel": "bookmark"}]}, "id": "02719e99-36b4-4da5-92c3-015f88e61c2c", "OS-SRV-USG:terminated_at": null, "OS-EXT-AZ:availability_zone": "", "user_id": "acdfafe712b14aed940fd4fd5c554645", "name": "tempest.common.compute-instance-2105645030", "created": "2015-12-04T10:06:28Z", "tenant_id": "ff5de4748d99449787482e18bcdc973d", "OS-DCF:diskConfig": "MANUAL", "os-extended-volumes:volumes_attached": [], "accessIPv4": "", "accessIPv6": "", "progress": 0, "OS-EXT-STS:power_state": 0, "config_drive": "", "metadata": {}}}
2015-12-04 10:06:30,316 20328 INFO     [tempest_lib.common.rest_client] Request (TestNetworkBasicOps:test_connectivity_between_vms_on_different_networks): 200 GET http://10.0.2.15:8774/v2.1/ff5de4748d99449787482e18bcdc973d/servers/02719e99-36b4-4da5-92c3-015f88e61c2c 0.159s
2015-12-04 10:06:30,317 20328 DEBUG    [tempest_lib.common.rest_client] Request - Headers: {'Content-Type': 'application/json', 'Accept': 'application/json', 'X-Auth-Token': '&lt;omitted&gt;'}
        Body: None
    Response - Headers: {'status': '200', 'content-length': '1413', 'content-location': 'http://10.0.2.15:8774/v2.1/ff5de4748d99449787482e18bcdc973d/servers/02719e99-36b4-4da5-92c3-015f88e61c2c', 'x-compute-request-id': 'req-9dbde37c-cb64-4e69-9e9b-c5e6d251bf6e', 'vary': 'X-OpenStack-Nova-API-Version', 'connection': 'close', 'x-openstack-nova-api-version': '2.1', 'date': 'Fri, 04 Dec 2015 10:06:30 GMT', 'content-type': 'application/json'}
        Body: {"server": {"status": "BUILD", "updated": "2015-12-04T10:06:29Z", "hostId": "522569da9ea14c2173f2dc12b49f159903d89f25c7a10c7fc74e4d24", "addresses": {}, "links": [{"href": "http://10.0.2.15:8774/v2.1/ff5de4748d99449787482e18bcdc973d/servers/02719e99-36b4-4da5-92c3-015f88e61c2c", "rel": "self"}, {"href": "http://10.0.2.15:8774/ff5de4748d99449787482e18bcdc973d/servers/02719e99-36b4-4da5-92c3-015f88e61c2c", "rel": "bookmark"}], "key_name": "tempest-TestNetworkBasicOps-904870264", "image": {"id": "995242ad-d2db-4ee3-8115-5b4a39378b02", "links": [{"href": "http://10.0.2.15:8774/ff5de4748d99449787482e18bcdc973d/images/995242ad-d2db-4ee3-8115-5b4a39378b02", "rel": "bookmark"}]}, "OS-EXT-STS:task_state": "spawning", "OS-EXT-STS:vm_state": "building", "OS-SRV-USG:launched_at": null, "flavor": {"id": "42", "links": [{"href": "http://10.0.2.15:8774/ff5de4748d99449787482e18bcdc973d/flavors/42", "rel": "bookmark"}]}, "id": "02719e99-36b4-4da5-92c3-015f88e61c2c", "OS-SRV-USG:terminated_at": null, "OS-EXT-AZ:availability_zone": "nova", "user_id": "acdfafe712b14aed940fd4fd5c554645", "name": "tempest.common.compute-instance-2105645030", "created": "2015-12-04T10:06:28Z", "tenant_id": "ff5de4748d99449787482e18bcdc973d", "OS-DCF:diskConfig": "MANUAL", "os-extended-volumes:volumes_attached": [], "accessIPv4": "", "accessIPv6": "", "progress": 0, "OS-EXT-STS:power_state": 0, "config_drive": "", "metadata": {}}}
2015-12-04 10:06:30,333 20328 INFO     [tempest.common.waiters] State transition "BUILD/scheduling" ==&gt; "BUILD/spawning" after 1 second wait
2015-12-04 10:06:31,697 20328 INFO     [tempest_lib.common.rest_client] Request (TestNetworkBasicOps:test_connectivity_between_vms_on_different_networks): 200 GET http://10.0.2.15:8774/v2.1/ff5de4748d99449787482e18bcdc973d/servers/02719e99-36b4-4da5-92c3-015f88e61c2c 0.361s
2015-12-04 10:06:31,697 20328 DEBUG    [tempest_lib.common.rest_client] Request - Headers: {'Content-Type': 'application/json', 'Accept': 'application/json', 'X-Auth-Token': '&lt;omitted&gt;'}
        Body: None
    Response - Headers: {'status': '200', 'content-length': '1481', 'content-location': 'http://10.0.2.15:8774/v2.1/ff5de4748d99449787482e18bcdc973d/servers/02719e99-36b4-4da5-92c3-015f88e61c2c', 'x-compute-request-id': 'req-6270d773-b8be-4a45-8d41-09a3440d9d5c', 'vary': 'X-OpenStack-Nova-API-Version', 'connection': 'close', 'x-openstack-nova-api-version': '2.1', 'date': 'Fri, 04 Dec 2015 10:06:31 GMT', 'content-type': 'application/json'}
        Body: {"server": {"status": "BUILD", "updated": "2015-12-04T10:06:29Z", "hostId": "522569da9ea14c2173f2dc12b49f159903d89f25c7a10c7fc74e4d24", "addresses": {}, "links": [{"href": "http://10.0.2.15:8774/v2.1/ff5de4748d99449787482e18bcdc973d/servers/02719e99-36b4-4da5-92c3-015f88e61c2c", "rel": "self"}, {"href": "http://10.0.2.15:8774/ff5de4748d99449787482e18bcdc973d/servers/02719e99-36b4-4da5-92c3-015f88e61c2c", "rel": "bookmark"}], "key_name": "tempest-TestNetworkBasicOps-904870264", "image": {"id": "995242ad-d2db-4ee3-8115-5b4a39378b02", "links": [{"href": "http://10.0.2.15:8774/ff5de4748d99449787482e18bcdc973d/images/995242ad-d2db-4ee3-8115-5b4a39378b02", "rel": "bookmark"}]}, "OS-EXT-STS:task_state": "spawning", "OS-EXT-STS:vm_state": "building", "OS-SRV-USG:launched_at": null, "flavor": {"id": "42", "links": [{"href": "http://10.0.2.15:8774/ff5de4748d99449787482e18bcdc973d/flavors/42", "rel": "bookmark"}]}, "id": "02719e99-36b4-4da5-92c3-015f88e61c2c", "security_groups": [{"name": "tempest-secgroup-smoke-1193261442"}], "OS-SRV-USG:terminated_at": null, "OS-EXT-AZ:availability_zone": "nova", "user_id": "acdfafe712b14aed940fd4fd5c554645", "name": "tempest.common.compute-instance-2105645030", "created": "2015-12-04T10:06:28Z", "tenant_id": "ff5de4748d99449787482e18bcdc973d", "OS-DCF:diskConfig": "MANUAL", "os-extended-volumes:volumes_attached": [], "accessIPv4": "", "accessIPv6": "", "progress": 0, "OS-EXT-STS:power_state": 0, "config_drive": "", "metadata": {}}}
2015-12-04 10:06:33,041 20328 INFO     [tempest_lib.common.rest_client] Request (TestNetworkBasicOps:test_connectivity_between_vms_on_different_networks): 200 GET http://10.0.2.15:8774/v2.1/ff5de4748d99449787482e18bcdc973d/servers/02719e99-36b4-4da5-92c3-015f88e61c2c 0.334s
2015-12-04 10:06:33,042 20328 DEBUG    [tempest_lib.common.rest_client] Request - Headers: {'Content-Type': 'application/json', 'Accept': 'application/json', 'X-Auth-Token': '&lt;omitted&gt;'}
        Body: None
    Response - Headers: {'status': '200', 'content-length': '1481', 'content-location': 'http://10.0.2.15:8774/v2.1/ff5de4748d99449787482e18bcdc973d/servers/02719e99-36b4-4da5-92c3-015f88e61c2c', 'x-compute-request-id': 'req-823fdf37-ea0d-4450-a681-15a1c246c923', 'vary': 'X-OpenStack-Nova-API-Version', 'connection': 'close', 'x-openstack-nova-api-version': '2.1', 'date': 'Fri, 04 Dec 2015 10:06:33 GMT', 'content-type': 'application/json'}
        Body: {"server": {"status": "BUILD", "updated": "2015-12-04T10:06:29Z", "hostId": "522569da9ea14c2173f2dc12b49f159903d89f25c7a10c7fc74e4d24", "addresses": {}, "links": [{"href": "http://10.0.2.15:8774/v2.1/ff5de4748d99449787482e18bcdc973d/servers/02719e99-36b4-4da5-92c3-015f88e61c2c", "rel": "self"}, {"href": "http://10.0.2.15:8774/ff5de4748d99449787482e18bcdc973d/servers/02719e99-36b4-4da5-92c3-015f88e61c2c", "rel": "bookmark"}], "key_name": "tempest-TestNetworkBasicOps-904870264", "image": {"id": "995242ad-d2db-4ee3-8115-5b4a39378b02", "links": [{"href": "http://10.0.2.15:8774/ff5de4748d99449787482e18bcdc973d/images/995242ad-d2db-4ee3-8115-5b4a39378b02", "rel": "bookmark"}]}, "OS-EXT-STS:task_state": "spawning", "OS-EXT-STS:vm_state": "building", "OS-SRV-USG:launched_at": null, "flavor": {"id": "42", "links": [{"href": "http://10.0.2.15:8774/ff5de4748d99449787482e18bcdc973d/flavors/42", "rel": "bookmark"}]}, "id": "02719e99-36b4-4da5-92c3-015f88e61c2c", "security_groups": [{"name": "tempest-secgroup-smoke-1193261442"}], "OS-SRV-USG:terminated_at": null, "OS-EXT-AZ:availability_zone": "nova", "user_id": "acdfafe712b14aed940fd4fd5c554645", "name": "tempest.common.compute-instance-2105645030", "created": "2015-12-04T10:06:28Z", "tenant_id": "ff5de4748d99449787482e18bcdc973d", "OS-DCF:diskConfig": "MANUAL", "os-extended-volumes:volumes_attached": [], "accessIPv4": "", "accessIPv6": "", "progress": 0, "OS-EXT-STS:power_state": 0, "config_drive": "", "metadata": {}}}
2015-12-04 10:06:34,254 20328 INFO     [tempest_lib.common.rest_client] Request (TestNetworkBasicOps:test_connectivity_between_vms_on_different_networks): 200 GET http://10.0.2.15:8774/v2.1/ff5de4748d99449787482e18bcdc973d/servers/02719e99-36b4-4da5-92c3-015f88e61c2c 0.202s
2015-12-04 10:06:34,255 20328 DEBUG    [tempest_lib.common.rest_client] Request - Headers: {'Content-Type': 'application/json', 'Accept': 'application/json', 'X-Auth-Token': '&lt;omitted&gt;'}
        Body: None
    Response - Headers: {'status': '200', 'content-length': '1653', 'content-location': 'http://10.0.2.15:8774/v2.1/ff5de4748d99449787482e18bcdc973d/servers/02719e99-36b4-4da5-92c3-015f88e61c2c', 'x-compute-request-id': 'req-2c758a19-f8d2-4837-8c5a-489ac3c08e31', 'vary': 'X-OpenStack-Nova-API-Version', 'connection': 'close', 'x-openstack-nova-api-version': '2.1', 'date': 'Fri, 04 Dec 2015 10:06:34 GMT', 'content-type': 'application/json'}
        Body: {"server": {"status": "ACTIVE", "updated": "2015-12-04T10:06:32Z", "hostId": "522569da9ea14c2173f2dc12b49f159903d89f25c7a10c7fc74e4d24", "addresses": {"tempest-network-smoke--1080567385": [{"OS-EXT-IPS-MAC:mac_addr": "fa:16:3e:8c:3d:c9", "version": 4, "addr": "10.100.0.3", "OS-EXT-IPS:type": "fixed"}]}, "links": [{"href": "http://10.0.2.15:8774/v2.1/ff5de4748d99449787482e18bcdc973d/servers/02719e99-36b4-4da5-92c3-015f88e61c2c", "rel": "self"}, {"href": "http://10.0.2.15:8774/ff5de4748d99449787482e18bcdc973d/servers/02719e99-36b4-4da5-92c3-015f88e61c2c", "rel": "bookmark"}], "key_name": "tempest-TestNetworkBasicOps-904870264", "image": {"id": "995242ad-d2db-4ee3-8115-5b4a39378b02", "links": [{"href": "http://10.0.2.15:8774/ff5de4748d99449787482e18bcdc973d/images/995242ad-d2db-4ee3-8115-5b4a39378b02", "rel": "bookmark"}]}, "OS-EXT-STS:task_state": null, "OS-EXT-STS:vm_state": "active", "OS-SRV-USG:launched_at": "2015-12-04T10:06:32.000000", "flavor": {"id": "42", "links": [{"href": "http://10.0.2.15:8774/ff5de4748d99449787482e18bcdc973d/flavors/42", "rel": "bookmark"}]}, "id": "02719e99-36b4-4da5-92c3-015f88e61c2c", "security_groups": [{"name": "tempest-secgroup-smoke-1193261442"}], "OS-SRV-USG:terminated_at": null, "OS-EXT-AZ:availability_zone": "nova", "user_id": "acdfafe712b14aed940fd4fd5c554645", "name": "tempest.common.compute-instance-2105645030", "created": "2015-12-04T10:06:28Z", "tenant_id": "ff5de4748d99449787482e18bcdc973d", "OS-DCF:diskConfig": "MANUAL", "os-extended-volumes:volumes_attached": [], "accessIPv4": "", "accessIPv6": "", "progress": 0, "OS-EXT-STS:power_state": 1, "config_drive": "True", "metadata": {}}}
2015-12-04 10:06:34,264 20328 INFO     [tempest.common.waiters] State transition "BUILD/spawning" ==&gt; "ACTIVE/None" after 5 second wait
2015-12-04 10:06:34,467 20328 INFO     [tempest_lib.common.rest_client] Request (TestNetworkBasicOps:test_connectivity_between_vms_on_different_networks): 200 GET http://10.0.2.15:8774/v2.1/ff5de4748d99449787482e18bcdc973d/servers/02719e99-36b4-4da5-92c3-015f88e61c2c 0.202s
2015-12-04 10:06:34,467 20328 DEBUG    [tempest_lib.common.rest_client] Request - Headers: {'Content-Type': 'application/json', 'Accept': 'application/json', 'X-Auth-Token': '&lt;omitted&gt;'}
        Body: None
    Response - Headers: {'status': '200', 'content-length': '1653', 'content-location': 'http://10.0.2.15:8774/v2.1/ff5de4748d99449787482e18bcdc973d/servers/02719e99-36b4-4da5-92c3-015f88e61c2c', 'x-compute-request-id': 'req-d810e116-3c10-456e-99ae-c21ecb94e32f', 'vary': 'X-OpenStack-Nova-API-Version', 'connection': 'close', 'x-openstack-nova-api-version': '2.1', 'date': 'Fri, 04 Dec 2015 10:06:34 GMT', 'content-type': 'application/json'}
        Body: {"server": {"status": "ACTIVE", "updated": "2015-12-04T10:06:32Z", "hostId": "522569da9ea14c2173f2dc12b49f159903d89f25c7a10c7fc74e4d24", "addresses": {"tempest-network-smoke--1080567385": [{"OS-EXT-IPS-MAC:mac_addr": "fa:16:3e:8c:3d:c9", "version": 4, "addr": "10.100.0.3", "OS-EXT-IPS:type": "fixed"}]}, "links": [{"href": "http://10.0.2.15:8774/v2.1/ff5de4748d99449787482e18bcdc973d/servers/02719e99-36b4-4da5-92c3-015f88e61c2c", "rel": "self"}, {"href": "http://10.0.2.15:8774/ff5de4748d99449787482e18bcdc973d/servers/02719e99-36b4-4da5-92c3-015f88e61c2c", "rel": "bookmark"}], "key_name": "tempest-TestNetworkBasicOps-904870264", "image": {"id": "995242ad-d2db-4ee3-8115-5b4a39378b02", "links": [{"href": "http://10.0.2.15:8774/ff5de4748d99449787482e18bcdc973d/images/995242ad-d2db-4ee3-8115-5b4a39378b02", "rel": "bookmark"}]}, "OS-EXT-STS:task_state": null, "OS-EXT-STS:vm_state": "active", "OS-SRV-USG:launched_at": "2015-12-04T10:06:32.000000", "flavor": {"id": "42", "links": [{"href": "http://10.0.2.15:8774/ff5de4748d99449787482e18bcdc973d/flavors/42", "rel": "bookmark"}]}, "id": "02719e99-36b4-4da5-92c3-015f88e61c2c", "security_groups": [{"name": "tempest-secgroup-smoke-1193261442"}], "OS-SRV-USG:terminated_at": null, "OS-EXT-AZ:availability_zone": "nova", "user_id": "acdfafe712b14aed940fd4fd5c554645", "name": "tempest.common.compute-instance-2105645030", "created": "2015-12-04T10:06:28Z", "tenant_id": "ff5de4748d99449787482e18bcdc973d", "OS-DCF:diskConfig": "MANUAL", "os-extended-volumes:volumes_attached": [], "accessIPv4": "", "accessIPv6": "", "progress": 0, "OS-EXT-STS:power_state": 1, "config_drive": "True", "metadata": {}}}
2015-12-04 10:06:34,476 20328 INFO     [tempest.scenario.manager] Tenant networks not configured to be reachable.
2015-12-04 10:06:34,617 20328 INFO     [tempest_lib.common.rest_client] Request (TestNetworkBasicOps:test_connectivity_between_vms_on_different_networks): 200 GET http://10.0.2.15:9696/v2.0/ports?status=ACTIVE&amp;fixed_ip=None&amp;device_id=02719e99-36b4-4da5-92c3-015f88e61c2c 0.140s
2015-12-04 10:06:34,617 20328 DEBUG    [tempest_lib.common.rest_client] Request - Headers: {'Content-Type': 'application/json', 'Accept': 'application/json', 'X-Auth-Token': '&lt;omitted&gt;'}
        Body: None
    Response - Headers: {'status': '200', 'content-length': '895', 'content-location': 'http://10.0.2.15:9696/v2.0/ports?status=ACTIVE&amp;fixed_ip=None&amp;device_id=02719e99-36b4-4da5-92c3-015f88e61c2c', 'connection': 'close', 'date': 'Fri, 04 Dec 2015 10:06:34 GMT', 'content-type': 'application/json; charset=UTF-8', 'x-openstack-request-id': 'req-bb9fb263-de1c-4e9f-b14b-38084d91d45d'}
        Body: {"ports": [{"status": "ACTIVE", "binding:host_id": "vagrant-ubuntu-trusty-64", "allowed_address_pairs": [], "extra_dhcp_opts": [], "dns_assignment": [{"hostname": "host-10-100-0-3", "ip_address": "10.100.0.3", "fqdn": "host-10-100-0-3.openstacklocal."}], "device_owner": "compute:None", "port_security_enabled": true, "binding:profile": {}, "fixed_ips": [{"subnet_id": "aaff0a7e-711e-4166-88b2-d117f7a7974d", "ip_address": "10.100.0.3"}], "id": "f432ba28-f558-4c9f-856b-c073616aa787", "security_groups": ["64bdf461-eaeb-414d-b291-c81b6f9fae1c"], "device_id": "02719e99-36b4-4da5-92c3-015f88e61c2c", "name": "", "admin_state_up": true, "network_id": "59beb9ec-2914-412f-b4d9-3db8d1e5f7ab", "dns_name": "", "binding:vif_details": {"port_filter": true}, "binding:vnic_type": "normal", "binding:vif_type": "ovs", "tenant_id": "ff5de4748d99449787482e18bcdc973d", "mac_address": "fa:16:3e:8c:3d:c9"}]}
2015-12-04 10:06:35,181 20328 INFO     [tempest_lib.common.rest_client] Request (TestNetworkBasicOps:test_connectivity_between_vms_on_different_networks): 201 POST http://10.0.2.15:9696/v2.0/floatingips 0.563s
2015-12-04 10:06:35,181 20328 DEBUG    [tempest_lib.common.rest_client] Request - Headers: {'Content-Type': 'application/json', 'Accept': 'application/json', 'X-Auth-Token': '&lt;omitted&gt;'}
        Body: {"floatingip": {"floating_network_id": "40101868-3ffd-484d-b5df-1124534ff03d", "tenant_id": "ff5de4748d99449787482e18bcdc973d", "fixed_ip_address": "10.100.0.3", "port_id": "f432ba28-f558-4c9f-856b-c073616aa787"}}
    Response - Headers: {'status': '201', 'content-length': '367', 'connection': 'close', 'date': 'Fri, 04 Dec 2015 10:06:35 GMT', 'content-type': 'application/json; charset=UTF-8', 'x-openstack-request-id': 'req-76d54c4f-312f-459c-aca6-b3a37cd01b87'}
        Body: {"floatingip": {"floating_network_id": "40101868-3ffd-484d-b5df-1124534ff03d", "router_id": "6c44d314-2c46-454c-b55f-beb43ba28270", "fixed_ip_address": "10.100.0.3", "floating_ip_address": "172.24.4.4", "tenant_id": "ff5de4748d99449787482e18bcdc973d", "status": "DOWN", "port_id": "f432ba28-f558-4c9f-856b-c073616aa787", "id": "04a71eee-1e1a-4e46-9ec7-0688ad031078"}}
2015-12-04 10:06:35,199 20328 INFO     [tempest_lib.common.rest_client] Request (TestNetworkBasicOps:test_connectivity_between_vms_on_different_networks): 200 GET http://10.0.2.15:9696/v2.0/floatingips/04a71eee-1e1a-4e46-9ec7-0688ad031078 0.017s
2015-12-04 10:06:35,199 20328 DEBUG    [tempest_lib.common.rest_client] Request - Headers: {'Content-Type': 'application/json', 'Accept': 'application/json', 'X-Auth-Token': '&lt;omitted&gt;'}
        Body: None
    Response - Headers: {'status': '200', 'content-length': '367', 'content-location': 'http://10.0.2.15:9696/v2.0/floatingips/04a71eee-1e1a-4e46-9ec7-0688ad031078', 'connection': 'close', 'date': 'Fri, 04 Dec 2015 10:06:35 GMT', 'content-type': 'application/json; charset=UTF-8', 'x-openstack-request-id': 'req-c9855db8-d0d0-47ef-8d7f-e0d63b87c56a'}
        Body: {"floatingip": {"floating_network_id": "40101868-3ffd-484d-b5df-1124534ff03d", "router_id": "6c44d314-2c46-454c-b55f-beb43ba28270", "fixed_ip_address": "10.100.0.3", "floating_ip_address": "172.24.4.4", "tenant_id": "ff5de4748d99449787482e18bcdc973d", "status": "DOWN", "port_id": "f432ba28-f558-4c9f-856b-c073616aa787", "id": "04a71eee-1e1a-4e46-9ec7-0688ad031078"}}
2015-12-04 10:06:36,217 20328 INFO     [tempest_lib.common.rest_client] Request (TestNetworkBasicOps:test_connectivity_between_vms_on_different_networks): 200 GET http://10.0.2.15:9696/v2.0/floatingips/04a71eee-1e1a-4e46-9ec7-0688ad031078 0.015s
2015-12-04 10:06:36,217 20328 DEBUG    [tempest_lib.common.rest_client] Request - Headers: {'Content-Type': 'application/json', 'Accept': 'application/json', 'X-Auth-Token': '&lt;omitted&gt;'}
        Body: None
    Response - Headers: {'status': '200', 'content-length': '369', 'content-location': 'http://10.0.2.15:9696/v2.0/floatingips/04a71eee-1e1a-4e46-9ec7-0688ad031078', 'connection': 'close', 'date': 'Fri, 04 Dec 2015 10:06:36 GMT', 'content-type': 'application/json; charset=UTF-8', 'x-openstack-request-id': 'req-c325c9df-3a48-40fa-a01a-6eba80e45e61'}
        Body: {"floatingip": {"floating_network_id": "40101868-3ffd-484d-b5df-1124534ff03d", "router_id": "6c44d314-2c46-454c-b55f-beb43ba28270", "fixed_ip_address": "10.100.0.3", "floating_ip_address": "172.24.4.4", "tenant_id": "ff5de4748d99449787482e18bcdc973d", "status": "ACTIVE", "port_id": "f432ba28-f558-4c9f-856b-c073616aa787", "id": "04a71eee-1e1a-4e46-9ec7-0688ad031078"}}
2015-12-04 10:06:36,218 20328 INFO     [tempest.scenario.manager] FloatingIP: &lt;"FloatingIP" addr="172.24.4.4" id="04a71eee-1e1a-4e46-9ec7-0688ad031078"&gt; is at status: ACTIVE
2015-12-04 10:06:36,218 20328 DEBUG    [tempest.scenario.manager] checking network connections to IP 172.24.4.4 with user: cirros
2015-12-04 10:06:36,219 20328 DEBUG    [tempest.scenario.manager] TestNetworkBasicOps:test_connectivity_between_vms_on_different_networks begins to ping 172.24.4.4 in 120 sec and the expected result is reachable
2015-12-04 10:08:37,510 20328 DEBUG    [tempest.scenario.manager] TestNetworkBasicOps:test_connectivity_between_vms_on_different_networks finishes ping 172.24.4.4 in 120 sec and the ping result is unexpected
2015-12-04 10:08:37,511 20328 ERROR    [tempest.scenario.manager] Public network connectivity check failed
2015-12-04 10:08:37.511 20328 ERROR tempest.scenario.manager Traceback (most recent call last):
2015-12-04 10:08:37.511 20328 ERROR tempest.scenario.manager   File "tempest/scenario/manager.py", line 606, in check_public_network_connectivity
2015-12-04 10:08:37.511 20328 ERROR tempest.scenario.manager     should_connect=should_connect)
2015-12-04 10:08:37.511 20328 ERROR tempest.scenario.manager   File "tempest/scenario/manager.py", line 590, in check_vm_connectivity
2015-12-04 10:08:37.511 20328 ERROR tempest.scenario.manager     msg=msg)
2015-12-04 10:08:37.511 20328 ERROR tempest.scenario.manager   File "/usr/local/lib/python2.7/dist-packages/unittest2/case.py", line 702, in assertTrue
2015-12-04 10:08:37.511 20328 ERROR tempest.scenario.manager     raise self.failureException(msg)
2015-12-04 10:08:37.511 20328 ERROR tempest.scenario.manager AssertionError: False is not true : Timed out waiting for 172.24.4.4 to become reachable
2015-12-04 10:08:37.511 20328 ERROR tempest.scenario.manager 
2015-12-04 10:08:37,727 20328 INFO     [tempest_lib.common.rest_client] Request (TestNetworkBasicOps:test_connectivity_between_vms_on_different_networks): 200 POST http://10.0.2.15:8774/v2.1/ff5de4748d99449787482e18bcdc973d/servers/02719e99-36b4-4da5-92c3-015f88e61c2c/action 0.211s
2015-12-04 10:08:37,728 20328 DEBUG    [tempest_lib.common.rest_client] Request - Headers: {'Content-Type': 'application/json', 'Accept': 'application/json', 'X-Auth-Token': '&lt;omitted&gt;'}
        Body: {"os-getConsoleOutput": {}}
    Response - Headers: {'status': '200', 'content-length': '17628', 'x-compute-request-id': 'req-b13b7445-9af1-4141-a40a-bc06638fee68', 'vary': 'X-OpenStack-Nova-API-Version', 'connection': 'close', 'x-openstack-nova-api-version': '2.1', 'date': 'Fri, 04 Dec 2015 10:08:37 GMT', 'content-type': 'application/json'}
        Body: {"output": "[    0.000000] Initializing cgroup subsys cpuset\n[    0.000000] Initializing cgroup subsys cpu\n[    0.000000] Linux version 3.2.0-80-virtual (buildd@batsu) (gcc version 4.6.3 (Ubuntu/Linaro 4.6.3-1ubuntu5) ) #116-Ubuntu SMP Mon Mar 23 17:28:52 UTC 2015 (Ubuntu 3.2.0-80.116-virtual 3.2.68)\n[    0.000000] Command line: root=/dev/vda console=tty0 console=ttyS0 no_timer_check\n[    0.000000] KERNEL supported cpus:\n[    0.000000]   Intel GenuineIntel\n[    0.000000]   AMD AuthenticAMD\n[    0.000000]   Centaur CentaurHauls\n[    0.000000] BIOS-provided physical RAM map:\n[    0.000000]  BIOS-e820: 0000000000000000 - 000000000009fc00 (usable)\n[    0.000000]  BIOS-e820: 000000000009fc00 - 00000000000a0000 (reserved)\n[    0.000000]  BIOS-e820: 00000000000f0000 - 0000000000100000 (reserved)\n[    0.000000]  BIOS-e820: 0000000000100000 - 0000000003ffe000 (usable)\n[    0.000000]  BIOS-e820: 0000000003ffe000 - 0000000004000000 (reserved)\n[    0.000000]  BIOS-e820: 00000000fffc0000 - 0000000100000000 (reserved)\n[    0.000000] NX (Execute Disable) protection: active\n[    0.000000] SMBIOS 2.4 present.\n[    0.000000] No AGP bridge found\n[    0.000000] last_pfn = 0x3ffe max_arch_pfn = 0x400000000\n[    0.000000] x86 PAT enabled: cpu 0, old 0x7040600070406, new 0x7010600070106\n[    0.000000] found SMP MP-table at [ffff8800000f0b00] f0b00\n[    0.000000] init_memory_mapping: 0000000000000000-0000000003ffe000\n[    0.000000] RAMDISK: 03c5e000 - 03ff0000\n[    0.000000] ACPI: RSDP 00000000000f0950 00014 (v00 BOCHS )\n[    0.000000] ACPI: RSDT 0000000003fffbc1 00034 (v01 BOCHS  BXPCRSDT 00000001 BXPC 00000001)\n[    0.000000] ACPI: FACP 0000000003fff1c0 00074 (v01 BOCHS  BXPCFACP 00000001 BXPC 00000001)\n[    0.000000] ACPI: DSDT 0000000003ffe040 01180 (v01 BOCHS  BXPCDSDT 00000001 BXPC 00000001)\n[    0.000000] ACPI: FACS 0000000003ffe000 00040\n[    0.000000] ACPI: SSDT 0000000003fff234 008DD (v01 BOCHS  BXPCSSDT 00000001 BXPC 00000001)\n[    0.000000] ACPI: APIC 0000000003fffb11 00078 (v01 BOCHS  BXPCAPIC 00000001 BXPC 00000001)\n[    0.000000] ACPI: HPET 0000000003fffb89 00038 (v01 BOCHS  BXPCHPET 00000001 BXPC 00000001)\n[    0.000000] No NUMA configuration found\n[    0.000000] Faking a node at 0000000000000000-0000000003ffe000\n[    0.000000] Initmem setup node 0 0000000000000000-0000000003ffe000\n[    0.000000]   NODE_DATA [0000000003ff6000 - 0000000003ffafff]\n[    0.000000] Zone PFN ranges:\n[    0.000000]   DMA      0x00000010 -&gt; 0x00001000\n[    0.000000]   DMA32    0x00001000 -&gt; 0x00100000\n[    0.000000]   Normal   empty\n[    0.000000] Movable zone start PFN for each node\n[    0.000000] early_node_map[2] active PFN ranges\n[    0.000000]     0: 0x00000010 -&gt; 0x0000009f\n[    0.000000]     0: 0x00000100 -&gt; 0x00003ffe\n[    0.000000] ACPI: PM-Timer IO Port: 0xb008\n[    0.000000] ACPI: LAPIC (acpi_id[0x00] lapic_id[0x00] enabled)\n[    0.000000] ACPI: LAPIC_NMI (acpi_id[0xff] dfl dfl lint[0x1])\n[    0.000000] ACPI: IOAPIC (id[0x00] address[0xfec00000] gsi_base[0])\n[    0.000000] IOAPIC[0]: apic_id 0, version 17, address 0xfec00000, GSI 0-23\n[    0.000000] ACPI: INT_SRC_OVR (bus 0 bus_irq 0 global_irq 2 dfl dfl)\n[    0.000000] ACPI: INT_SRC_OVR (bus 0 bus_irq 5 global_irq 5 high level)\n[    0.000000] ACPI: INT_SRC_OVR (bus 0 bus_irq 9 global_irq 9 high level)\n[    0.000000] ACPI: INT_SRC_OVR (bus 0 bus_irq 10 global_irq 10 high level)\n[    0.000000] ACPI: INT_SRC_OVR (bus 0 bus_irq 11 global_irq 11 high level)\n[    0.000000] Using ACPI (MADT) for SMP configuration information\n[    0.000000] ACPI: HPET id: 0x8086a201 base: 0xfed00000\n[    0.000000] SMP: Allowing 1 CPUs, 0 hotplug CPUs\n[    0.000000] PM: Registered nosave memory: 000000000009f000 - 00000000000a0000\n[    0.000000] PM: Registered nosave memory: 00000000000a0000 - 00000000000f0000\n[    0.000000] PM: Registered nosave memory: 00000000000f0000 - 0000000000100000\n[    0.000000] Allocating PCI resources starting at 4000000 (gap: 4000000:fbfc0000)\n[    0.000000] Booting paravirtualized kernel on bare hardware\n[    0.000000] setup_pe
2015-12-04 10:08:37,730 20328 DEBUG    [tempest.scenario.manager] Console output for 02719e99-36b4-4da5-92c3-015f88e61c2c
body=
[    0.000000] Initializing cgroup subsys cpuset
[    0.000000] Initializing cgroup subsys cpu
[    0.000000] Linux version 3.2.0-80-virtual (buildd@batsu) (gcc version 4.6.3 (Ubuntu/Linaro 4.6.3-1ubuntu5) ) #116-Ubuntu SMP Mon Mar 23 17:28:52 UTC 2015 (Ubuntu 3.2.0-80.116-virtual 3.2.68)
[    0.000000] Command line: root=/dev/vda console=tty0 console=ttyS0 no_timer_check
[    0.000000] KERNEL supported cpus:
[    0.000000]   Intel GenuineIntel
[    0.000000]   AMD AuthenticAMD
[    0.000000]   Centaur CentaurHauls
[    0.000000] BIOS-provided physical RAM map:
[    0.000000]  BIOS-e820: 0000000000000000 - 000000000009fc00 (usable)
[    0.000000]  BIOS-e820: 000000000009fc00 - 00000000000a0000 (reserved)
[    0.000000]  BIOS-e820: 00000000000f0000 - 0000000000100000 (reserved)
[    0.000000]  BIOS-e820: 0000000000100000 - 0000000003ffe000 (usable)
[    0.000000]  BIOS-e820: 0000000003ffe000 - 0000000004000000 (reserved)
[    0.000000]  BIOS-e820: 00000000fffc0000 - 0000000100000000 (reserved)
[    0.000000] NX (Execute Disable) protection: active
[    0.000000] SMBIOS 2.4 present.
[    0.000000] No AGP bridge found
[    0.000000] last_pfn = 0x3ffe max_arch_pfn = 0x400000000
[    0.000000] x86 PAT enabled: cpu 0, old 0x7040600070406, new 0x7010600070106
[    0.000000] found SMP MP-table at [ffff8800000f0b00] f0b00
[    0.000000] init_memory_mapping: 0000000000000000-0000000003ffe000
[    0.000000] RAMDISK: 03c5e000 - 03ff0000
[    0.000000] ACPI: RSDP 00000000000f0950 00014 (v00 BOCHS )
[    0.000000] ACPI: RSDT 0000000003fffbc1 00034 (v01 BOCHS  BXPCRSDT 00000001 BXPC 00000001)
[    0.000000] ACPI: FACP 0000000003fff1c0 00074 (v01 BOCHS  BXPCFACP 00000001 BXPC 00000001)
[    0.000000] ACPI: DSDT 0000000003ffe040 01180 (v01 BOCHS  BXPCDSDT 00000001 BXPC 00000001)
[    0.000000] ACPI: FACS 0000000003ffe000 00040
[    0.000000] ACPI: SSDT 0000000003fff234 008DD (v01 BOCHS  BXPCSSDT 00000001 BXPC 00000001)
[    0.000000] ACPI: APIC 0000000003fffb11 00078 (v01 BOCHS  BXPCAPIC 00000001 BXPC 00000001)
[    0.000000] ACPI: HPET 0000000003fffb89 00038 (v01 BOCHS  BXPCHPET 00000001 BXPC 00000001)
[    0.000000] No NUMA configuration found
[    0.000000] Faking a node at 0000000000000000-0000000003ffe000
[    0.000000] Initmem setup node 0 0000000000000000-0000000003ffe000
[    0.000000]   NODE_DATA [0000000003ff6000 - 0000000003ffafff]
[    0.000000] Zone PFN ranges:
[    0.000000]   DMA      0x00000010 -&gt; 0x00001000
[    0.000000]   DMA32    0x00001000 -&gt; 0x00100000
[    0.000000]   Normal   empty
[    0.000000] Movable zone start PFN for each node
[    0.000000] early_node_map[2] active PFN ranges
[    0.000000]     0: 0x00000010 -&gt; 0x0000009f
[    0.000000]     0: 0x00000100 -&gt; 0x00003ffe
[    0.000000] ACPI: PM-Timer IO Port: 0xb008
[    0.000000] ACPI: LAPIC (acpi_id[0x00] lapic_id[0x00] enabled)
[    0.000000] ACPI: LAPIC_NMI (acpi_id[0xff] dfl dfl lint[0x1])
[    0.000000] ACPI: IOAPIC (id[0x00] address[0xfec00000] gsi_base[0])
[    0.000000] IOAPIC[0]: apic_id 0, version 17, address 0xfec00000, GSI 0-23
[    0.000000] ACPI: INT_SRC_OVR (bus 0 bus_irq 0 global_irq 2 dfl dfl)
[    0.000000] ACPI: INT_SRC_OVR (bus 0 bus_irq 5 global_irq 5 high level)
[    0.000000] ACPI: INT_SRC_OVR (bus 0 bus_irq 9 global_irq 9 high level)
[    0.000000] ACPI: INT_SRC_OVR (bus 0 bus_irq 10 global_irq 10 high level)
[    0.000000] ACPI: INT_SRC_OVR (bus 0 bus_irq 11 global_irq 11 high level)
[    0.000000] Using ACPI (MADT) for SMP configuration information
[    0.000000] ACPI: HPET id: 0x8086a201 base: 0xfed00000
[    0.000000] SMP: Allowing 1 CPUs, 0 hotplug CPUs
[    0.000000] PM: Registered nosave memory: 000000000009f000 - 00000000000a0000
[    0.000000] PM: Registered nosave memory: 00000000000a0000 - 00000000000f0000
[    0.000000] PM: Registered nosave memory: 00000000000f0000 - 0000000000100000
[    0.000000] Allocating PCI resources starting at 4000000 (gap: 4000000:fbfc0000)
[    0.000000] Booting paravirtualized kernel on bare hardware
[    0.000000] setup_percpu: NR_CPUS:64 nr_cpumask_bits:64 nr_cpu_ids:1 nr_node_ids:1
[    0.000000] PERCPU: Embedded 27 pages/cpu @ffff880003a00000 s78848 r8192 d23552 u2097152
[    0.000000] Built 1 zonelists in Node order, mobility grouping on.  Total pages: 16008
[    0.000000] Policy zone: DMA32
[    0.000000] Kernel command line: root=/dev/vda console=tty0 console=ttyS0 no_timer_check
[    0.000000] PID hash table entries: 256 (order: -1, 2048 bytes)
[    0.000000] Checking aperture...
[    0.000000] No AGP bridge found
[    0.000000] Memory: 43492k/65528k available (6576k kernel code, 452k absent, 21584k reserved, 6620k data, 928k init)
[    0.000000] SLUB: Genslabs=15, HWalign=64, Order=0-3, MinObjects=0, CPUs=1, Nodes=1
[    0.000000] Hierarchical RCU implementation.
[    0.000000] 	RCU dyntick-idle grace-period acceleration is enabled.
[    0.000000] NR_IRQS:4352 nr_irqs:256 16
[    0.000000] Console: colour VGA+ 80x25
[    0.000000] console [tty0] enabled
[    0.000000] console [ttyS0] enabled
[    0.000000] allocated 1048576 bytes of page_cgroup
[    0.000000] please try 'cgroup_disable=memory' option if you don't want memory cgroups
[    0.000000] Fast TSC calibration failed
[    0.000000] TSC: Unable to calibrate against PIT
[    0.000000] TSC: using HPET reference calibration
[    0.000000] Detected 2293.839 MHz processor.
[    0.033427] Calibrating delay loop (skipped), value calculated using timer frequency.. 4587.67 BogoMIPS (lpj=9175356)
[    0.036897] pid_max: default: 32768 minimum: 301
[    0.045287] Security Framework initialized
[    0.050230] AppArmor: AppArmor initialized
[    0.051125] Yama: becoming mindful.
[    0.060178] Dentry cache hash table entries: 8192 (order: 4, 65536 bytes)
[    0.062132] Inode-cache hash table entries: 4096 (order: 3, 32768 bytes)
[    0.064590] Mount-cache hash table entries: 256
[    0.080897] Initializing cgroup subsys cpuacct
[    0.081925] Initializing cgroup subsys memory
[    0.084288] Initializing cgroup subsys devices
[    0.085340] Initializing cgroup subsys freezer
[    0.086039] Initializing cgroup subsys blkio
[    0.086733] Initializing cgroup subsys perf_event
[    0.092676] mce: CPU supports 10 MCE banks
[    0.096457] SMP alternatives: switching to UP code
[    0.491019] Freeing SMP alternatives: 24k freed
[    0.493043] ACPI: Core revision 20110623
[    0.551224] ftrace: allocating 26610 entries in 105 pages
[    0.582873] ..TIMER: vector=0x30 apic1=0 pin1=2 apic2=-1 pin2=-1
[    0.585004] CPU0: AMD QEMU Virtual CPU version 2.0.0 stepping 03
[    0.588036] APIC calibration not consistent with PM-Timer: 98ms instead of 100ms
[    0.588036] APIC delta adjusted to PM-Timer: 6250047 (6127632)
[    0.588036] Performance Events: Broken PMU hardware detected, using software events only.
[    0.595374] NMI watchdog disabled (cpu0): hardware events not enabled
[    0.596744] Brought up 1 CPUs
[    0.597273] Total of 1 processors activated (4587.67 BogoMIPS).
[    0.626552] devtmpfs: initialized
[    0.661088] EVM: security.selinux
[    0.661793] EVM: security.SMACK64
[    0.662224] EVM: security.capability
[    0.681934] print_constraints: dummy: 
[    0.684427] RTC time: 10:06:36, date: 12/04/15
[    0.686297] NET: Registered protocol family 16
[    0.694558] ACPI: bus type pci registered
[    0.698661] PCI: Using configuration type 1 for base access
[    0.738237] bio: create slab &lt;bio-0&gt; at 0
[    0.743156] ACPI: Added _OSI(Module Device)
[    0.744190] ACPI: Added _OSI(Processor Device)
[    0.744832] ACPI: Added _OSI(3.0 _SCP Extensions)
[    0.745549] ACPI: Added _OSI(Processor Aggregator Device)
[    0.828196] ACPI: Interpreter enabled
[    0.828916] ACPI: (supports S0 S3 S4 S5)
[    0.830880] ACPI: Using IOAPIC for interrupt routing
[    0.906762] ACPI: No dock devices found.
[    0.908182] HEST: Table not found.
[    0.908768] PCI: Using host bridge windows from ACPI; if necessary, use "pci=nocrs" and report a bug
[    0.914409] ACPI: PCI Root Bridge [PCI0] (domain 0000 [bus 00-ff])
[    0.921239] pci_root PNP0A03:00: host bridge window [io  0x0000-0x0cf7]
[    0.922377] pci_root PNP0A03:00: host bridge window [io  0x0d00-0xadff]
[    0.923298] pci_root PNP0A03:00: host bridge window [io  0xae0f-0xaeff]
[    0.924119] pci_root PNP0A03:00: host bridge window [io  0xaf20-0xafdf]
[    0.925002] pci_root PNP0A03:00: host bridge window [io  0xafe4-0xffff]
[    0.925909] pci_root PNP0A03:00: host bridge window [mem 0x000a0000-0x000bffff]
[    0.928119] pci_root PNP0A03:00: host bridge window [mem 0x04000000-0xfebfffff]
[    0.949302] pci 0000:00:01.3: quirk: [io  0xb000-0xb03f] claimed by PIIX4 ACPI
[    0.950297] pci 0000:00:01.3: quirk: [io  0xb100-0xb10f] claimed by PIIX4 SMB
[    1.033943]  pci0000:00: Unable to request _OSC control (_OSC support mask: 0x1e)
[    1.095379] ACPI: PCI Interrupt Link [LNKA] (IRQs 5 *10 11)
[    1.102970] ACPI: PCI Interrupt Link [LNKB] (IRQs 5 *10 11)
[    1.108855] ACPI: PCI Interrupt Link [LNKC] (IRQs 5 10 *11)
[    1.112860] ACPI: PCI Interrupt Link [LNKD] (IRQs 5 10 *11)
[    1.114085] ACPI: PCI Interrupt Link [LNKS] (IRQs *9)
[    1.121484] vgaarb: device added: PCI:0000:00:02.0,decodes=io+mem,owns=io+mem,locks=none
[    1.124199] vgaarb: loaded
[    1.124655] vgaarb: bridge control possible 0000:00:02.0
[    1.129108] i2c-core: driver [aat2870] using legacy suspend method
[    1.129846] i2c-core: driver [aat2870] using legacy resume method
[    1.133028] SCSI subsystem initialized
[    1.136864] usbcore: registered new interface driver usbfs
[    1.138021] usbcore: registered new interface driver hub
[    1.139482] usbcore: registered new device driver usb
[    1.142445] PCI: Using ACPI for IRQ routing
[    1.153884] NetLabel: Initializing
[    1.154366] NetLabel:  domain hash size = 128
[    1.154913] NetLabel:  protocols = UNLABELED CIPSOv4
[    1.158312] NetLabel:  unlabeled traffic allowed by default
[    1.161334] HPET: 3 timers in total, 0 timers will be used for per-cpu timer
[    1.162691] hpet0: at MMIO 0xfed00000, IRQs 2, 8, 0
[    1.164345] hpet0: 3 comparators, 64-bit 100.000000 MHz counter
[    1.178006] Switching to clocksource hpet
[    1.429108] AppArmor: AppArmor Filesystem Enabled
[    1.430567] pnp: PnP ACPI init
[    1.431203] ACPI: bus type pnp registered
[    1.450529] pnp: PnP ACPI: found 9 devices
[    1.451042] ACPI: ACPI bus type pnp unregistered
[    1.527223] NET: Registered protocol family 2
[    1.565920] IP route cache hash table entries: 512 (order: 0, 4096 bytes)
[    1.573860] TCP established hash table entries: 2048 (order: 3, 32768 bytes)
[    1.574962] TCP bind hash table entries: 2048 (order: 3, 32768 bytes)
[    1.576039] TCP: Hash tables configured (established 2048 bind 2048)
[    1.577540] TCP reno registered
[    1.578115] UDP hash table entries: 128 (order: 0, 4096 bytes)
[    1.579121] UDP-Lite hash table entries: 128 (order: 0, 4096 bytes)
[    1.582345] NET: Registered protocol family 1
[    1.583253] pci 0000:00:00.0: Limiting direct PCI/PCI transfers
[    1.584094] pci 0000:00:01.0: PIIX3: Enabling Passive Release
[    1.585688] pci 0000:00:01.0: Activating ISA DMA hang workarounds
[    1.590358] ACPI: PCI Interrupt Link [LNKD] enabled at IRQ 11
[    1.591377] pci 0000:00:01.2: PCI INT D -&gt; Link[LNKD] -&gt; GSI 11 (level, high) -&gt; IRQ 11
[    1.594062] pci 0000:00:01.2: PCI INT D disabled
[    1.610387] Trying to unpack rootfs image as initramfs...
[    1.626680] audit: initializing netlink socket (disabled)
[    1.628145] type=2000 audit(1449223596.624:1): initialized
[    1.913919] HugeTLB registered 2 MB page size, pre-allocated 0 pages
[    2.021766] VFS: Disk quotas dquot_6.5.2
[    2.023208] Dquot-cache hash table entries: 512 (order 0, 4096 bytes)
[    2.074971] fuse init (API version 7.17)
[    2.077835] msgmni has been set to 84
[    2.119858] Block layer SCSI generic (bsg) driver version 0.4 loaded (major 253)
[    2.131211] io scheduler noop registered
[    2.131795] io scheduler deadline registered (default)
[    2.133686] io scheduler cfq registered
[    2.137104] pci_hotplug: PCI Hot Plug PCI Core version: 0.5
[    2.139026] pciehp: PCI Express Hot Plug Controller Driver version: 0.4
[    2.145018] input: Power Button as /devices/LNXSYSTM:00/LNXPWRBN:00/input/input0
[    2.146896] ACPI: Power Button [PWRF]
[    2.198989] ERST: Table is not found!
[    2.199654] GHES: HEST is not enabled!
[    2.210556] ACPI: PCI Interrupt Link [LNKC] enabled at IRQ 10
[    2.211909] virtio-pci 0000:00:03.0: PCI INT A -&gt; Link[LNKC] -&gt; GSI 10 (level, high) -&gt; IRQ 10
[    2.215656] virtio-pci 0000:00:04.0: PCI INT A -&gt; Link[LNKD] -&gt; GSI 11 (level, high) -&gt; IRQ 11
[    2.232131] ACPI: PCI Interrupt Link [LNKA] enabled at IRQ 10
[    2.233423] virtio-pci 0000:00:05.0: PCI INT A -&gt; Link[LNKA] -&gt; GSI 10 (level, high) -&gt; IRQ 10
[    2.250341] Serial: 8250/16550 driver, 32 ports, IRQ sharing enabled
[    2.298046] serial8250: ttyS0 at I/O 0x3f8 (irq = 4) is a 16550A
[    2.389085] serial8250: ttyS1 at I/O 0x2f8 (irq = 3) is a 16550A
[    2.532629] 00:05: ttyS0 at I/O 0x3f8 (irq = 4) is a 16550A
[    2.619360] 00:06: ttyS1 at I/O 0x2f8 (irq = 3) is a 16550A
[    2.621240] Refined TSC clocksource calibration: 2293.923 MHz.
[    2.622111] Switching to clocksource tsc
[    2.666576] Linux agpgart interface v0.103
[    2.747390] brd: module loaded
[    2.784477] loop: module loaded
[    2.838900]  vda: unknown partition table
[    2.889581] scsi0 : ata_piix
[    2.891898] scsi1 : ata_piix
[    2.893996] ata1: PATA max MWDMA2 cmd 0x1f0 ctl 0x3f6 bmdma 0xc0a0 irq 14
[    2.894848] ata2: PATA max MWDMA2 cmd 0x170 ctl 0x376 bmdma 0xc0a8 irq 15
[    2.905753] Fixed MDIO Bus: probed
[    2.906656] tun: Universal TUN/TAP device driver, 1.6
[    2.907432] tun: (C) 1999-2004 Max Krasnyansky &lt;maxk@qualcomm.com&gt;
[    2.932145] PPP generic driver version 2.4.2
[    2.956215] ehci_hcd: USB 2.0 'Enhanced' Host Controller (EHCI) Driver
[    2.958669] ohci_hcd: USB 1.1 'Open' Host Controller (OHCI) Driver
[    2.959637] uhci_hcd: USB Universal Host Controller Interface driver
[    2.961431] uhci_hcd 0000:00:01.2: PCI INT D -&gt; Link[LNKD] -&gt; GSI 11 (level, high) -&gt; IRQ 11
[    2.966141] uhci_hcd 0000:00:01.2: UHCI Host Controller
[    2.987503] uhci_hcd 0000:00:01.2: new USB bus registered, assigned bus number 1
[    2.990154] uhci_hcd 0000:00:01.2: irq 11, io base 0x0000c040
[    3.016846] hub 1-0:1.0: USB hub found
[    3.019709] hub 1-0:1.0: 2 ports detected
[    3.036913] usbcore: registered new interface driver libusual
[    3.041028] i8042: PNP: PS/2 Controller [PNP0303:KBD,PNP0f13:MOU] at 0x60,0x64 irq 1,12
[    3.051621] serio: i8042 KBD port at 0x60,0x64 irq 1
[    3.055322] serio: i8042 AUX port at 0x60,0x64 irq 12
[    3.113422] Freeing initrd memory: 3656k freed
[    3.149493] ata2.01: ATAPI: QEMU DVD-ROM, 2.0.0, max UDMA/100
[    3.157719] mousedev: PS/2 mouse device common for all mice
[    3.162587] ata2.01: configured for MWDMA2
[    3.174705] input: AT Translated Set 2 keyboard as /devices/platform/i8042/serio0/input/input1
[    3.195419] rtc_cmos 00:01: RTC can wake from S4
[    3.203442] rtc_cmos 00:01: rtc core: registered rtc_cmos as rtc0
[    3.206843] rtc0: alarms up to one day, 114 bytes nvram, hpet irqs
[    3.215633] device-mapper: uevent: version 1.0.3
[    3.228031] scsi 1:0:1:0: CD-ROM            QEMU     QEMU DVD-ROM     2.0. PQ: 0 ANSI: 5
[    3.239684] device-mapper: ioctl: 4.22.0-ioctl (2011-10-19) initialised: dm-devel@redhat.com
[    3.243346] cpuidle: using governor ladder
[    3.244575] cpuidle: using governor menu
[    3.245587] EFI Variables Facility v0.08 2004-May-17
[    3.252018] TCP cubic registered
[    3.256756] NET: Registered protocol family 10
[    3.284133] NET: Registered protocol family 17
[    3.286273] Registering the dns_resolver key type
[    3.291716] sr0: scsi3-mmc drive: 4x/4x cd/rw xa/form2 tray
[    3.294344] cdrom: Uniform CD-ROM driver Revision: 3.20
[    3.306559] sr 1:0:1:0: Attached scsi generic sg0 type 5
[    3.326214] registered taskstats version 1
[    3.827188]   Magic number: 11:460:122
[    3.837874] acpi LNXSYBUS:00: hash matches
[    3.843612] rtc_cmos 00:01: setting system clock to 2015-12-04 10:06:39 UTC (1449223599)
[    3.847503] powernow-k8: Processor cpuid 663 not supported
[    3.862685] BIOS EDD facility v0.16 2004-Jun-25, 0 devices found
[    3.864657] EDD information not available.
[    3.931483] Freeing unused kernel memory: 928k freed
[    3.936603] Write protecting the kernel read-only data: 12288k
[    4.053768] Freeing unused kernel memory: 1596k freed
[    4.149912] Freeing unused kernel memory: 1184k freed

info: initramfs: up at 4.35
modprobe: module virtio_blk not found in modules.dep
modprobe: module virtio_net not found in modules.dep
info: copying initramfs to /dev/vda
info: initramfs loading root from /dev/vda
info: /etc/init.d/rc.sysinit: up at 8.98
info: container: none
Starting logging: OK
modprobe: module virtio_blk not found in modules.dep
modprobe: module virtio_net not found in modules.dep
WARN: /etc/rc3.d/S10-load-modules failed
Initializing random number generator... done.
Starting acpid: OK
cirros-ds 'local' up at 11.51
found datasource (configdrive, local)
Starting network...
udhcpc (v1.20.1) started
Sending discover...
Sending discover...

2015-12-04 10:08:37,996 20328 INFO     [tempest_lib.common.rest_client] Request (TestNetworkBasicOps:_run_cleanups): 204 DELETE http://10.0.2.15:9696/v2.0/floatingips/04a71eee-1e1a-4e46-9ec7-0688ad031078 0.262s
2015-12-04 10:08:37,996 20328 DEBUG    [tempest_lib.common.rest_client] Request - Headers: {'Content-Type': 'application/json', 'Accept': 'application/json', 'X-Auth-Token': '&lt;omitted&gt;'}
        Body: None
    Response - Headers: {'date': 'Fri, 04 Dec 2015 10:08:37 GMT', 'status': '204', 'connection': 'close', 'content-length': '0', 'x-openstack-request-id': 'req-7ba5e9b1-00c7-4f58-8a13-0d37e67c9df5'}
        Body: 
2015-12-04 10:08:38,204 20328 INFO     [tempest_lib.common.rest_client] Request (TestNetworkBasicOps:_run_cleanups): 204 DELETE http://10.0.2.15:8774/v2.1/ff5de4748d99449787482e18bcdc973d/servers/02719e99-36b4-4da5-92c3-015f88e61c2c 0.206s
2015-12-04 10:08:38,204 20328 DEBUG    [tempest_lib.common.rest_client] Request - Headers: {'Content-Type': 'application/json', 'Accept': 'application/json', 'X-Auth-Token': '&lt;omitted&gt;'}
        Body: None
    Response - Headers: {'status': '204', 'content-length': '0', 'x-compute-request-id': 'req-c75c1603-0140-416b-ab64-5b792eb20bb7', 'vary': 'X-OpenStack-Nova-API-Version', 'connection': 'close', 'x-openstack-nova-api-version': '2.1', 'date': 'Fri, 04 Dec 2015 10:08:38 GMT', 'content-type': 'application/json'}
        Body: 
2015-12-04 10:08:38,515 20328 INFO     [tempest_lib.common.rest_client] Request (TestNetworkBasicOps:_run_cleanups): 200 GET http://10.0.2.15:8774/v2.1/ff5de4748d99449787482e18bcdc973d/servers/02719e99-36b4-4da5-92c3-015f88e61c2c 0.310s
2015-12-04 10:08:38,516 20328 DEBUG    [tempest_lib.common.rest_client] Request - Headers: {'Content-Type': 'application/json', 'Accept': 'application/json', 'X-Auth-Token': '&lt;omitted&gt;'}
        Body: None
    Response - Headers: {'status': '200', 'content-length': '1776', 'content-location': 'http://10.0.2.15:8774/v2.1/ff5de4748d99449787482e18bcdc973d/servers/02719e99-36b4-4da5-92c3-015f88e61c2c', 'x-compute-request-id': 'req-f0b0e449-620b-408e-b742-5742712d5e6a', 'vary': 'X-OpenStack-Nova-API-Version', 'connection': 'close', 'x-openstack-nova-api-version': '2.1', 'date': 'Fri, 04 Dec 2015 10:08:38 GMT', 'content-type': 'application/json'}
        Body: {"server": {"status": "ACTIVE", "updated": "2015-12-04T10:08:38Z", "hostId": "522569da9ea14c2173f2dc12b49f159903d89f25c7a10c7fc74e4d24", "addresses": {"tempest-network-smoke--1080567385": [{"OS-EXT-IPS-MAC:mac_addr": "fa:16:3e:8c:3d:c9", "version": 4, "addr": "10.100.0.3", "OS-EXT-IPS:type": "fixed"}, {"OS-EXT-IPS-MAC:mac_addr": "fa:16:3e:8c:3d:c9", "version": 4, "addr": "172.24.4.4", "OS-EXT-IPS:type": "floating"}]}, "links": [{"href": "http://10.0.2.15:8774/v2.1/ff5de4748d99449787482e18bcdc973d/servers/02719e99-36b4-4da5-92c3-015f88e61c2c", "rel": "self"}, {"href": "http://10.0.2.15:8774/ff5de4748d99449787482e18bcdc973d/servers/02719e99-36b4-4da5-92c3-015f88e61c2c", "rel": "bookmark"}], "key_name": "tempest-TestNetworkBasicOps-904870264", "image": {"id": "995242ad-d2db-4ee3-8115-5b4a39378b02", "links": [{"href": "http://10.0.2.15:8774/ff5de4748d99449787482e18bcdc973d/images/995242ad-d2db-4ee3-8115-5b4a39378b02", "rel": "bookmark"}]}, "OS-EXT-STS:task_state": "deleting", "OS-EXT-STS:vm_state": "active", "OS-SRV-USG:launched_at": "2015-12-04T10:06:32.000000", "flavor": {"id": "42", "links": [{"href": "http://10.0.2.15:8774/ff5de4748d99449787482e18bcdc973d/flavors/42", "rel": "bookmark"}]}, "id": "02719e99-36b4-4da5-92c3-015f88e61c2c", "security_groups": [{"name": "tempest-secgroup-smoke-1193261442"}], "OS-SRV-USG:terminated_at": null, "OS-EXT-AZ:availability_zone": "nova", "user_id": "acdfafe712b14aed940fd4fd5c554645", "name": "tempest.common.compute-instance-2105645030", "created": "2015-12-04T10:06:28Z", "tenant_id": "ff5de4748d99449787482e18bcdc973d", "OS-DCF:diskConfig": "MANUAL", "os-extended-volumes:volumes_attached": [], "accessIPv4": "", "accessIPv6": "", "progress": 0, "OS-EXT-STS:power_state": 1, "config_drive": "True", "metadata": {}}}
2015-12-04 10:08:39,684 20328 INFO     [tempest_lib.common.rest_client] Request (TestNetworkBasicOps:_run_cleanups): 200 GET http://10.0.2.15:8774/v2.1/ff5de4748d99449787482e18bcdc973d/servers/02719e99-36b4-4da5-92c3-015f88e61c2c 0.157s
2015-12-04 10:08:39,685 20328 DEBUG    [tempest_lib.common.rest_client] Request - Headers: {'Content-Type': 'application/json', 'Accept': 'application/json', 'X-Auth-Token': '&lt;omitted&gt;'}
        Body: None
    Response - Headers: {'status': '200', 'content-length': '1440', 'content-location': 'http://10.0.2.15:8774/v2.1/ff5de4748d99449787482e18bcdc973d/servers/02719e99-36b4-4da5-92c3-015f88e61c2c', 'x-compute-request-id': 'req-592e935f-d8ed-4b24-bac0-08066a28e2e1', 'vary': 'X-OpenStack-Nova-API-Version', 'connection': 'close', 'x-openstack-nova-api-version': '2.1', 'date': 'Fri, 04 Dec 2015 10:08:39 GMT', 'content-type': 'application/json'}
        Body: {"server": {"status": "ACTIVE", "updated": "2015-12-04T10:08:38Z", "hostId": "522569da9ea14c2173f2dc12b49f159903d89f25c7a10c7fc74e4d24", "addresses": {}, "links": [{"href": "http://10.0.2.15:8774/v2.1/ff5de4748d99449787482e18bcdc973d/servers/02719e99-36b4-4da5-92c3-015f88e61c2c", "rel": "self"}, {"href": "http://10.0.2.15:8774/ff5de4748d99449787482e18bcdc973d/servers/02719e99-36b4-4da5-92c3-015f88e61c2c", "rel": "bookmark"}], "key_name": "tempest-TestNetworkBasicOps-904870264", "image": {"id": "995242ad-d2db-4ee3-8115-5b4a39378b02", "links": [{"href": "http://10.0.2.15:8774/ff5de4748d99449787482e18bcdc973d/images/995242ad-d2db-4ee3-8115-5b4a39378b02", "rel": "bookmark"}]}, "OS-EXT-STS:task_state": "deleting", "OS-EXT-STS:vm_state": "active", "OS-SRV-USG:launched_at": "2015-12-04T10:06:32.000000", "flavor": {"id": "42", "links": [{"href": "http://10.0.2.15:8774/ff5de4748d99449787482e18bcdc973d/flavors/42", "rel": "bookmark"}]}, "id": "02719e99-36b4-4da5-92c3-015f88e61c2c", "OS-SRV-USG:terminated_at": null, "OS-EXT-AZ:availability_zone": "nova", "user_id": "acdfafe712b14aed940fd4fd5c554645", "name": "tempest.common.compute-instance-2105645030", "created": "2015-12-04T10:06:28Z", "tenant_id": "ff5de4748d99449787482e18bcdc973d", "OS-DCF:diskConfig": "MANUAL", "os-extended-volumes:volumes_attached": [], "accessIPv4": "", "accessIPv6": "", "progress": 0, "OS-EXT-STS:power_state": 1, "config_drive": "True", "metadata": {}}}
2015-12-04 10:08:40,783 20328 INFO     [tempest_lib.common.rest_client] Request (TestNetworkBasicOps:_run_cleanups): 404 GET http://10.0.2.15:8774/v2.1/ff5de4748d99449787482e18bcdc973d/servers/02719e99-36b4-4da5-92c3-015f88e61c2c 0.084s
2015-12-04 10:08:40,784 20328 DEBUG    [tempest_lib.common.rest_client] Request - Headers: {'Content-Type': 'application/json', 'Accept': 'application/json', 'X-Auth-Token': '&lt;omitted&gt;'}
        Body: None
    Response - Headers: {'status': '404', 'content-length': '111', 'x-compute-request-id': 'req-d1d03719-1baf-4f5e-8a58-7dad21f90ce2', 'vary': 'X-OpenStack-Nova-API-Version', 'connection': 'close', 'x-openstack-nova-api-version': '2.1', 'date': 'Fri, 04 Dec 2015 10:08:40 GMT', 'content-type': 'application/json; charset=UTF-8'}
        Body: {"itemNotFound": {"message": "Instance 02719e99-36b4-4da5-92c3-015f88e61c2c could not be found.", "code": 404}}
2015-12-04 10:08:40,808 20328 INFO     [tempest_lib.common.rest_client] Request (TestNetworkBasicOps:_run_cleanups): 202 DELETE http://10.0.2.15:8774/v2.1/ff5de4748d99449787482e18bcdc973d/os-keypairs/tempest-TestNetworkBasicOps-904870264 0.023s
2015-12-04 10:08:40,809 20328 DEBUG    [tempest_lib.common.rest_client] Request - Headers: {'Content-Type': 'application/json', 'Accept': 'application/json', 'X-Auth-Token': '&lt;omitted&gt;'}
        Body: None
    Response - Headers: {'status': '202', 'content-length': '0', 'x-compute-request-id': 'req-c69fed6f-220f-4808-85b2-b8f058318a11', 'vary': 'X-OpenStack-Nova-API-Version', 'connection': 'close', 'x-openstack-nova-api-version': '2.1', 'date': 'Fri, 04 Dec 2015 10:08:40 GMT', 'content-type': 'application/json'}
        Body: 
2015-12-04 10:08:41,274 20328 INFO     [tempest_lib.common.rest_client] Request (TestNetworkBasicOps:_run_cleanups): 200 PUT http://10.0.2.15:9696/v2.0/routers/6c44d314-2c46-454c-b55f-beb43ba28270/remove_router_interface 0.464s
2015-12-04 10:08:41,274 20328 DEBUG    [tempest_lib.common.rest_client] Request - Headers: {'Content-Type': 'application/json', 'Accept': 'application/json', 'X-Auth-Token': '&lt;omitted&gt;'}
        Body: {"subnet_id": "aaff0a7e-711e-4166-88b2-d117f7a7974d"}
    Response - Headers: {'status': '200', 'content-length': '255', 'connection': 'close', 'date': 'Fri, 04 Dec 2015 10:08:41 GMT', 'content-type': 'application/json; charset=UTF-8', 'x-openstack-request-id': 'req-8e5b74ae-cf97-4404-b7f2-8d406071ef78'}
        Body: {"subnet_id": "aaff0a7e-711e-4166-88b2-d117f7a7974d", "tenant_id": "ff5de4748d99449787482e18bcdc973d", "subnet_ids": ["aaff0a7e-711e-4166-88b2-d117f7a7974d"], "port_id": "10265a8d-762c-4755-9579-33bf9943ad3d", "id": "6c44d314-2c46-454c-b55f-beb43ba28270"}
2015-12-04 10:08:41,708 20328 INFO     [tempest_lib.common.rest_client] Request (TestNetworkBasicOps:_run_cleanups): 204 DELETE http://10.0.2.15:9696/v2.0/subnets/aaff0a7e-711e-4166-88b2-d117f7a7974d 0.432s
2015-12-04 10:08:41,709 20328 DEBUG    [tempest_lib.common.rest_client] Request - Headers: {'Content-Type': 'application/json', 'Accept': 'application/json', 'X-Auth-Token': '&lt;omitted&gt;'}
        Body: None
    Response - Headers: {'date': 'Fri, 04 Dec 2015 10:08:41 GMT', 'status': '204', 'connection': 'close', 'content-length': '0', 'x-openstack-request-id': 'req-aee49e25-fa30-43e8-8032-dada1f8a21d0'}
        Body: 
2015-12-04 10:08:41,760 20328 INFO     [tempest_lib.common.rest_client] Request (TestNetworkBasicOps:_run_cleanups): 200 GET http://10.0.2.15:9696/v2.0/routers/6c44d314-2c46-454c-b55f-beb43ba28270 0.050s
2015-12-04 10:08:41,761 20328 DEBUG    [tempest_lib.common.rest_client] Request - Headers: {'Content-Type': 'application/json', 'Accept': 'application/json', 'X-Auth-Token': '&lt;omitted&gt;'}
        Body: None
    Response - Headers: {'status': '200', 'content-length': '563', 'content-location': 'http://10.0.2.15:9696/v2.0/routers/6c44d314-2c46-454c-b55f-beb43ba28270', 'connection': 'close', 'date': 'Fri, 04 Dec 2015 10:08:41 GMT', 'content-type': 'application/json; charset=UTF-8', 'x-openstack-request-id': 'req-197d5d49-ea99-4260-8472-3a5b02a69081'}
        Body: {"router": {"status": "ACTIVE", "external_gateway_info": {"network_id": "40101868-3ffd-484d-b5df-1124534ff03d", "enable_snat": true, "external_fixed_ips": [{"subnet_id": "cc101a7b-8707-4fe4-afb9-d973bd810429", "ip_address": "172.24.4.3"}, {"subnet_id": "a26066a4-1358-4591-837f-e43e0c6b9c71", "ip_address": "2001:db8::4"}]}, "availability_zone_hints": [], "availability_zones": ["nova"], "name": "tempest-router-smoke-166252882", "admin_state_up": true, "tenant_id": "ff5de4748d99449787482e18bcdc973d", "routes": [], "id": "6c44d314-2c46-454c-b55f-beb43ba28270"}}
2015-12-04 10:08:42,273 20328 INFO     [tempest_lib.common.rest_client] Request (TestNetworkBasicOps:_run_cleanups): 200 PUT http://10.0.2.15:9696/v2.0/routers/6c44d314-2c46-454c-b55f-beb43ba28270 0.511s
2015-12-04 10:08:42,274 20328 DEBUG    [tempest_lib.common.rest_client] Request - Headers: {'Content-Type': 'application/json', 'Accept': 'application/json', 'X-Auth-Token': '&lt;omitted&gt;'}
        Body: {"router": {"external_gateway_info": {}, "name": "tempest-router-smoke-166252882", "admin_state_up": true}}
    Response - Headers: {'status': '200', 'content-length': '301', 'connection': 'close', 'date': 'Fri, 04 Dec 2015 10:08:42 GMT', 'content-type': 'application/json; charset=UTF-8', 'x-openstack-request-id': 'req-d80e0212-a3d7-409a-ab36-10534793cb20'}
        Body: {"router": {"status": "ACTIVE", "external_gateway_info": null, "availability_zone_hints": [], "availability_zones": ["nova"], "name": "tempest-router-smoke-166252882", "admin_state_up": true, "tenant_id": "ff5de4748d99449787482e18bcdc973d", "routes": [], "id": "6c44d314-2c46-454c-b55f-beb43ba28270"}}
2015-12-04 10:08:42,556 20328 INFO     [tempest_lib.common.rest_client] Request (TestNetworkBasicOps:_run_cleanups): 204 DELETE http://10.0.2.15:9696/v2.0/routers/6c44d314-2c46-454c-b55f-beb43ba28270 0.281s
2015-12-04 10:08:42,557 20328 DEBUG    [tempest_lib.common.rest_client] Request - Headers: {'Content-Type': 'application/json', 'Accept': 'application/json', 'X-Auth-Token': '&lt;omitted&gt;'}
        Body: None
    Response - Headers: {'date': 'Fri, 04 Dec 2015 10:08:42 GMT', 'status': '204', 'connection': 'close', 'content-length': '0', 'x-openstack-request-id': 'req-86682243-88c2-42fc-97e5-7d6e75568b43'}
        Body: 
2015-12-04 10:08:42,864 20328 INFO     [tempest_lib.common.rest_client] Request (TestNetworkBasicOps:_run_cleanups): 204 DELETE http://10.0.2.15:9696/v2.0/networks/59beb9ec-2914-412f-b4d9-3db8d1e5f7ab 0.306s
2015-12-04 10:08:42,865 20328 DEBUG    [tempest_lib.common.rest_client] Request - Headers: {'Content-Type': 'application/json', 'Accept': 'application/json', 'X-Auth-Token': '&lt;omitted&gt;'}
        Body: None
    Response - Headers: {'date': 'Fri, 04 Dec 2015 10:08:42 GMT', 'status': '204', 'connection': 'close', 'content-length': '0', 'x-openstack-request-id': 'req-415aceb5-5b23-4d1b-8906-765521bb4ebb'}
        Body: 
2015-12-04 10:08:42,929 20328 INFO     [tempest_lib.common.rest_client] Request (TestNetworkBasicOps:_run_cleanups): 204 DELETE http://10.0.2.15:9696/v2.0/security-group-rules/22d5d118-e135-4f46-bf98-d92202ec8fcb 0.063s
2015-12-04 10:08:42,929 20328 DEBUG    [tempest_lib.common.rest_client] Request - Headers: {'Content-Type': 'application/json', 'Accept': 'application/json', 'X-Auth-Token': '&lt;omitted&gt;'}
        Body: None
