<?xml version="1.0" encoding="UTF-8"?>
<!DOCTYPE html PUBLIC "-//W3C//DTD XHTML 1.0 Strict//EN"
     "http://www.w3.org/TR/xhtml1/DTD/xhtml1-strict.dtd">
<html xmlns="http://www.w3.org/1999/xhtml">
<head>
    <title>Unit Test Report</title>
    <meta name="generator" content="subunit2html 0.1"/>
    <meta http-equiv="Content-Type" content="text/html; charset=UTF-8"/>
    
<style type="text/css" media="screen">
body        { font-family: verdana, arial, helvetica, sans-serif;
    font-size: 80%; }
table       { font-size: 100%; width: 100%;}
pre         { font-size: 80%; }

/* -- heading -------------------------------------------------------------- */
h1 {
        font-size: 16pt;
        color: gray;
}
.heading {
    margin-top: 0ex;
    margin-bottom: 1ex;
}

.heading .attribute {
    margin-top: 1ex;
    margin-bottom: 0;
}

.heading .description {
    margin-top: 4ex;
    margin-bottom: 6ex;
}

/* -- css div popup -------------------------------------------------------- */
a.popup_link {
}

a.popup_link:hover {
    color: red;
}

.popup_window {
    display: none;
    overflow-x: scroll;
    /*border: solid #627173 1px; */
    padding: 10px;
    background-color: #E6E6D6;
    font-family: "Ubuntu Mono", "Lucida Console", "Courier New", monospace;
    text-align: left;
    font-size: 8pt;
}

}
/* -- report --------------------------------------------------------------- */
#show_detail_line {
    margin-top: 3ex;
    margin-bottom: 1ex;
}
#result_table {
    width: 100%;
    border-collapse: collapse;
    border: 1px solid #777;
}
#header_row {
    font-weight: bold;
    color: white;
    background-color: #777;
}
#result_table td {
    border: 1px solid #777;
    padding: 2px;
}
#total_row  { font-weight: bold; }
.passClass  { background-color: #6c6; }
.failClass  { background-color: #c60; }
.errorClass { background-color: #c00; }
.passCase   { color: #6c6; }
.failCase   { color: #c60; font-weight: bold; }
.errorCase  { color: #c00; font-weight: bold; }
.hiddenRow  { display: none; }
.testcase   { margin-left: 2em; }
td.testname {width: 40%}
td.small {width: 40px}

/* -- ending --------------------------------------------------------------- */
#ending {
}

</style>

</head>
<body>
<script language="javascript" type="text/javascript"><!--
output_list = Array();

/* level - 0:Summary; 1:Failed; 2:All */
function showCase(level) {
    trs = document.getElementsByTagName("tr");
    for (var i = 0; i < trs.length; i++) {
        tr = trs[i];
        id = tr.id;
        if (id.substr(0,2) == 'ft') {
            if (level < 1) {
                tr.className = 'hiddenRow';
            }
            else {
                tr.className = '';
            }
        }
        if (id.substr(0,2) == 'pt') {
            if (level > 1) {
                tr.className = '';
            }
            else {
                tr.className = 'hiddenRow';
            }
        }
    }
}


function showClassDetail(cid, count) {
    var id_list = Array(count);
    var toHide = 1;
    for (var i = 0; i < count; i++) {
        tid0 = 't' + cid.substr(1) + '.' + (i+1);
        tid = 'f' + tid0;
        tr = document.getElementById(tid);
        if (!tr) {
            tid = 'p' + tid0;
            tr = document.getElementById(tid);
        }
        id_list[i] = tid;
        if (tr.className) {
            toHide = 0;
        }
    }
    for (var i = 0; i < count; i++) {
        tid = id_list[i];
        if (toHide) {
            document.getElementById('div_'+tid).style.display = 'none'
            document.getElementById(tid).className = 'hiddenRow';
        }
        else {
            document.getElementById(tid).className = '';
        }
    }
}


function showTestDetail(div_id){
    var details_div = document.getElementById(div_id)
    var displayState = details_div.style.display
    // alert(displayState)
    if (displayState != 'block' ) {
        displayState = 'block'
        details_div.style.display = 'block'
    }
    else {
        details_div.style.display = 'none'
    }
}


function html_escape(s) {
    s = s.replace(/&/g,'&amp;');
    s = s.replace(/</g,'&lt;');
    s = s.replace(/>/g,'&gt;');
    return s;
}

/* obsoleted by detail in <div>
function showOutput(id, name) {
    var w = window.open("", //url
                    name,
                    "resizable,scrollbars,status,width=800,height=450");
    d = w.document;
    d.write("<pre>");
    d.write(html_escape(output_list[id]));
    d.write("\n");
    d.write("<a href='javascript:window.close()'>close</a>\n");
    d.write("</pre>\n");
    d.close();
}
*/
--></script>

<div class='heading'>
<h1>Unit Test Report</h1>

<p class='attribute'><strong>Status:</strong> Pass 1 Failure 7 Skip 1</p>

<p class='description'></p>
</div>



<p id='show_detail_line'>Show
<a href='javascript:showCase(0)'>Summary</a>
<a href='javascript:showCase(1)'>Failed</a>
<a href='javascript:showCase(2)'>All</a>
</p>
<table id='result_table'>
<colgroup>
<col align='left' />
<col align='right' />
<col align='right' />
<col align='right' />
<col align='right' />
<col align='right' />
<col align='right' />
<col align='right' />
</colgroup>
<tr id='header_row'>
    <td>Test Group/Test case</td>
    <td>Count</td>
    <td>Pass</td>
    <td>Fail</td>
    <td>Error</td>
    <td>Skip</td>
    <td>View</td>
    <td> </td>
</tr>

<tr class='failClass'>
    <td class="testname">tempest.scenario.test_network_basic_ops.TestNetworkBasicOps</td>
    <td class="small">9</td>
    <td class="small">1</td>
    <td class="small">7</td>
    <td class="small">0</td>
    <td class="small">1</td>
    <td class="small"><a href="javascript:showClassDetail('c1',9)"
>Detail</a></td>
    <td> </td>
</tr>

<tr id='ft1.1' class='none'>
    <td class='failCase'><div class='testcase'>test_connectivity_between_vms_on_different_networks[compute,id-1546850e-fbaa-42f5-8b5f-03d8a6a95f15,network]</div></td>
    <td colspan='7' align='left'>

    <!--css div popup start-->
    <a class="popup_link" onfocus='this.blur();'
    href="javascript:showTestDetail('div_ft1.1')" >
        fail</a>

    <div id='div_ft1.1' class="popup_window">
        <div style='text-align: right; color:red;cursor:pointer'>
        <a onfocus='this.blur();'
onclick="document.getElementById('div_ft1.1').style.display = 'none' " >
           [x]</a>
        </div>
        <pre>
        
ft1.1: tempest.scenario.test_network_basic_ops.TestNetworkBasicOps.test_connectivity_between_vms_on_different_networks[compute,id-1546850e-fbaa-42f5-8b5f-03d8a6a95f15,network]_StringException: Empty attachments:
  stderr
  stdout

pythonlogging:'': {{{
2016-01-07 17:25:30,177 4903 INFO     [tempest_lib.common.rest_client] Request (TestNetworkBasicOps:test_connectivity_between_vms_on_different_networks): 201 POST http://10.0.2.15:9696/v2.0/security-groups 0.355s
2016-01-07 17:25:30,178 4903 DEBUG    [tempest_lib.common.rest_client] Request - Headers: {'Content-Type': 'application/json', 'Accept': 'application/json', 'X-Auth-Token': '&lt;omitted&gt;'}
        Body: {"security_group": {"tenant_id": "9a48bb77c0c0422cae478ff59d788f1e", "description": "tempest-secgroup-smoke-1004694400 description", "name": "tempest-secgroup-smoke-1004694400"}}
    Response - Headers: {'status': '201', 'content-length': '888', 'connection': 'close', 'date': 'Thu, 07 Jan 2016 17:25:30 GMT', 'content-type': 'application/json; charset=UTF-8', 'x-openstack-request-id': 'req-d9c319db-87b8-41fb-9705-689585b3ce5e'}
        Body: {"security_group": {"tenant_id": "9a48bb77c0c0422cae478ff59d788f1e", "description": "tempest-secgroup-smoke-1004694400 description", "id": "5dc44dd1-d289-4ad8-b5ee-125bcb01ed7a", "security_group_rules": [{"remote_group_id": null, "direction": "egress", "remote_ip_prefix": null, "protocol": null, "ethertype": "IPv4", "tenant_id": "9a48bb77c0c0422cae478ff59d788f1e", "port_range_max": null, "port_range_min": null, "id": "27c7f988-6f21-48df-8558-8b19bbd75f11", "security_group_id": "5dc44dd1-d289-4ad8-b5ee-125bcb01ed7a"}, {"remote_group_id": null, "direction": "egress", "remote_ip_prefix": null, "protocol": null, "ethertype": "IPv6", "tenant_id": "9a48bb77c0c0422cae478ff59d788f1e", "port_range_max": null, "port_range_min": null, "id": "6b8288b0-5924-4950-8b7b-0f10af261ee6", "security_group_id": "5dc44dd1-d289-4ad8-b5ee-125bcb01ed7a"}], "name": "tempest-secgroup-smoke-1004694400"}}
2016-01-07 17:25:30,445 4903 INFO     [tempest_lib.common.rest_client] Request (TestNetworkBasicOps:test_connectivity_between_vms_on_different_networks): 201 POST http://10.0.2.15:9696/v2.0/security-group-rules 0.265s
2016-01-07 17:25:30,445 4903 DEBUG    [tempest_lib.common.rest_client] Request - Headers: {'Content-Type': 'application/json', 'Accept': 'application/json', 'X-Auth-Token': '&lt;omitted&gt;'}
        Body: {"security_group_rule": {"direction": "ingress", "protocol": "tcp", "tenant_id": "9a48bb77c0c0422cae478ff59d788f1e", "port_range_max": 22, "security_group_id": "5dc44dd1-d289-4ad8-b5ee-125bcb01ed7a", "port_range_min": 22}}
    Response - Headers: {'status': '201', 'content-length': '340', 'connection': 'close', 'date': 'Thu, 07 Jan 2016 17:25:30 GMT', 'content-type': 'application/json; charset=UTF-8', 'x-openstack-request-id': 'req-92862dd4-2548-4d98-bb4a-41ae21c38719'}
        Body: {"security_group_rule": {"remote_group_id": null, "direction": "ingress", "remote_ip_prefix": null, "protocol": "tcp", "ethertype": "IPv4", "tenant_id": "9a48bb77c0c0422cae478ff59d788f1e", "port_range_max": 22, "port_range_min": 22, "id": "274c386f-a7b6-4af4-bc3d-e7bcccfb8eff", "security_group_id": "5dc44dd1-d289-4ad8-b5ee-125bcb01ed7a"}}
2016-01-07 17:25:30,548 4903 INFO     [tempest_lib.common.rest_client] Request (TestNetworkBasicOps:test_connectivity_between_vms_on_different_networks): 201 POST http://10.0.2.15:9696/v2.0/security-group-rules 0.102s
2016-01-07 17:25:30,549 4903 DEBUG    [tempest_lib.common.rest_client] Request - Headers: {'Content-Type': 'application/json', 'Accept': 'application/json', 'X-Auth-Token': '&lt;omitted&gt;'}
        Body: {"security_group_rule": {"direction": "egress", "protocol": "tcp", "tenant_id": "9a48bb77c0c0422cae478ff59d788f1e", "port_range_max": 22, "security_group_id": "5dc44dd1-d289-4ad8-b5ee-125bcb01ed7a", "port_range_min": 22}}
    Response - Headers: {'status': '201', 'content-length': '339', 'connection': 'close', 'date': 'Thu, 07 Jan 2016 17:25:30 GMT', 'content-type': 'application/json; charset=UTF-8', 'x-openstack-request-id': 'req-63160fcc-9dc6-40d5-bc1c-00902ca37359'}
        Body: {"security_group_rule": {"remote_group_id": null, "direction": "egress", "remote_ip_prefix": null, "protocol": "tcp", "ethertype": "IPv4", "tenant_id": "9a48bb77c0c0422cae478ff59d788f1e", "port_range_max": 22, "port_range_min": 22, "id": "1f42165b-6e51-4aa5-90ec-72de11d4c069", "security_group_id": "5dc44dd1-d289-4ad8-b5ee-125bcb01ed7a"}}
2016-01-07 17:25:30,663 4903 INFO     [tempest_lib.common.rest_client] Request (TestNetworkBasicOps:test_connectivity_between_vms_on_different_networks): 201 POST http://10.0.2.15:9696/v2.0/security-group-rules 0.112s
2016-01-07 17:25:30,663 4903 DEBUG    [tempest_lib.common.rest_client] Request - Headers: {'Content-Type': 'application/json', 'Accept': 'application/json', 'X-Auth-Token': '&lt;omitted&gt;'}
        Body: {"security_group_rule": {"tenant_id": "9a48bb77c0c0422cae478ff59d788f1e", "direction": "ingress", "protocol": "icmp", "security_group_id": "5dc44dd1-d289-4ad8-b5ee-125bcb01ed7a"}}
    Response - Headers: {'status': '201', 'content-length': '345', 'connection': 'close', 'date': 'Thu, 07 Jan 2016 17:25:30 GMT', 'content-type': 'application/json; charset=UTF-8', 'x-openstack-request-id': 'req-02044e1a-35a2-4168-9580-413b89049151'}
        Body: {"security_group_rule": {"remote_group_id": null, "direction": "ingress", "remote_ip_prefix": null, "protocol": "icmp", "ethertype": "IPv4", "tenant_id": "9a48bb77c0c0422cae478ff59d788f1e", "port_range_max": null, "port_range_min": null, "id": "9a7e6bae-0e11-47ac-83e4-07a0d3344a1c", "security_group_id": "5dc44dd1-d289-4ad8-b5ee-125bcb01ed7a"}}
2016-01-07 17:25:30,792 4903 INFO     [tempest_lib.common.rest_client] Request (TestNetworkBasicOps:test_connectivity_between_vms_on_different_networks): 201 POST http://10.0.2.15:9696/v2.0/security-group-rules 0.127s
2016-01-07 17:25:30,792 4903 DEBUG    [tempest_lib.common.rest_client] Request - Headers: {'Content-Type': 'application/json', 'Accept': 'application/json', 'X-Auth-Token': '&lt;omitted&gt;'}
        Body: {"security_group_rule": {"tenant_id": "9a48bb77c0c0422cae478ff59d788f1e", "direction": "egress", "protocol": "icmp", "security_group_id": "5dc44dd1-d289-4ad8-b5ee-125bcb01ed7a"}}
    Response - Headers: {'status': '201', 'content-length': '344', 'connection': 'close', 'date': 'Thu, 07 Jan 2016 17:25:30 GMT', 'content-type': 'application/json; charset=UTF-8', 'x-openstack-request-id': 'req-8c49a01d-6b22-48e7-b48b-074cf9f5c474'}
        Body: {"security_group_rule": {"remote_group_id": null, "direction": "egress", "remote_ip_prefix": null, "protocol": "icmp", "ethertype": "IPv4", "tenant_id": "9a48bb77c0c0422cae478ff59d788f1e", "port_range_max": null, "port_range_min": null, "id": "1489f795-2130-4019-96d2-ac104e1429f9", "security_group_id": "5dc44dd1-d289-4ad8-b5ee-125bcb01ed7a"}}
2016-01-07 17:25:30,914 4903 INFO     [tempest_lib.common.rest_client] Request (TestNetworkBasicOps:test_connectivity_between_vms_on_different_networks): 201 POST http://10.0.2.15:9696/v2.0/security-group-rules 0.119s
2016-01-07 17:25:30,914 4903 DEBUG    [tempest_lib.common.rest_client] Request - Headers: {'Content-Type': 'application/json', 'Accept': 'application/json', 'X-Auth-Token': '&lt;omitted&gt;'}
        Body: {"security_group_rule": {"tenant_id": "9a48bb77c0c0422cae478ff59d788f1e", "direction": "ingress", "security_group_id": "5dc44dd1-d289-4ad8-b5ee-125bcb01ed7a", "protocol": "icmp", "ethertype": "IPv6"}}
    Response - Headers: {'status': '201', 'content-length': '345', 'connection': 'close', 'date': 'Thu, 07 Jan 2016 17:25:30 GMT', 'content-type': 'application/json; charset=UTF-8', 'x-openstack-request-id': 'req-a4c5965b-0fae-4b35-843d-bcaabd17c895'}
        Body: {"security_group_rule": {"remote_group_id": null, "direction": "ingress", "remote_ip_prefix": null, "protocol": "icmp", "ethertype": "IPv6", "tenant_id": "9a48bb77c0c0422cae478ff59d788f1e", "port_range_max": null, "port_range_min": null, "id": "d8f55759-1795-4c9d-9403-2e878eec9118", "security_group_id": "5dc44dd1-d289-4ad8-b5ee-125bcb01ed7a"}}
2016-01-07 17:25:31,039 4903 INFO     [tempest_lib.common.rest_client] Request (TestNetworkBasicOps:test_connectivity_between_vms_on_different_networks): 201 POST http://10.0.2.15:9696/v2.0/security-group-rules 0.124s
2016-01-07 17:25:31,040 4903 DEBUG    [tempest_lib.common.rest_client] Request - Headers: {'Content-Type': 'application/json', 'Accept': 'application/json', 'X-Auth-Token': '&lt;omitted&gt;'}
        Body: {"security_group_rule": {"tenant_id": "9a48bb77c0c0422cae478ff59d788f1e", "direction": "egress", "security_group_id": "5dc44dd1-d289-4ad8-b5ee-125bcb01ed7a", "protocol": "icmp", "ethertype": "IPv6"}}
    Response - Headers: {'status': '201', 'content-length': '344', 'connection': 'close', 'date': 'Thu, 07 Jan 2016 17:25:31 GMT', 'content-type': 'application/json; charset=UTF-8', 'x-openstack-request-id': 'req-a0089a74-3bda-46aa-8d6c-edb06fd03928'}
        Body: {"security_group_rule": {"remote_group_id": null, "direction": "egress", "remote_ip_prefix": null, "protocol": "icmp", "ethertype": "IPv6", "tenant_id": "9a48bb77c0c0422cae478ff59d788f1e", "port_range_max": null, "port_range_min": null, "id": "c6df5a5a-67c7-4ba8-8613-c61505c461c3", "security_group_id": "5dc44dd1-d289-4ad8-b5ee-125bcb01ed7a"}}
2016-01-07 17:25:31,226 4903 INFO     [tempest_lib.common.rest_client] Request (TestNetworkBasicOps:test_connectivity_between_vms_on_different_networks): 201 POST http://10.0.2.15:9696/v2.0/networks 0.185s
2016-01-07 17:25:31,227 4903 DEBUG    [tempest_lib.common.rest_client] Request - Headers: {'Content-Type': 'application/json', 'Accept': 'application/json', 'X-Auth-Token': '&lt;omitted&gt;'}
        Body: {"network": {"tenant_id": "9a48bb77c0c0422cae478ff59d788f1e", "name": "tempest-network-smoke--1980642681"}}
    Response - Headers: {'status': '201', 'content-length': '327', 'connection': 'close', 'date': 'Thu, 07 Jan 2016 17:25:31 GMT', 'content-type': 'application/json; charset=UTF-8', 'x-openstack-request-id': 'req-f3b36185-34ab-495a-8d7b-ce6ea0343f7f'}
        Body: {"network": {"status": "ACTIVE", "subnets": [], "availability_zone_hints": [], "name": "tempest-network-smoke--1980642681", "admin_state_up": true, "tenant_id": "9a48bb77c0c0422cae478ff59d788f1e", "mtu": 0, "router:external": false, "shared": false, "port_security_enabled": true, "id": "8706dbad-7cbc-4c75-b427-a0e75ede896e"}}
2016-01-07 17:25:31,313 4903 INFO     [tempest_lib.common.rest_client] Request (TestNetworkBasicOps:test_connectivity_between_vms_on_different_networks): 201 POST http://10.0.2.15:9696/v2.0/routers 0.084s
2016-01-07 17:25:31,314 4903 DEBUG    [tempest_lib.common.rest_client] Request - Headers: {'Content-Type': 'application/json', 'Accept': 'application/json', 'X-Auth-Token': '&lt;omitted&gt;'}
        Body: {"router": {"tenant_id": "9a48bb77c0c0422cae478ff59d788f1e", "name": "tempest-router-smoke-545322901", "admin_state_up": true}}
    Response - Headers: {'status': '201', 'content-length': '295', 'connection': 'close', 'date': 'Thu, 07 Jan 2016 17:25:31 GMT', 'content-type': 'application/json; charset=UTF-8', 'x-openstack-request-id': 'req-c98364d8-2667-4e28-aa20-61a34d51dc4e'}
        Body: {"router": {"status": "ACTIVE", "external_gateway_info": null, "availability_zone_hints": [], "availability_zones": [], "name": "tempest-router-smoke-545322901", "admin_state_up": true, "tenant_id": "9a48bb77c0c0422cae478ff59d788f1e", "routes": [], "id": "969d4b9b-d920-4b9c-a4cd-f724e7481da4"}}
2016-01-07 17:25:31,368 4903 INFO     [tempest_lib.common.rest_client] Request (TestNetworkBasicOps:test_connectivity_between_vms_on_different_networks): 200 GET http://10.0.2.15:9696/v2.0/routers/969d4b9b-d920-4b9c-a4cd-f724e7481da4 0.053s
2016-01-07 17:25:31,368 4903 DEBUG    [tempest_lib.common.rest_client] Request - Headers: {'Content-Type': 'application/json', 'Accept': 'application/json', 'X-Auth-Token': '&lt;omitted&gt;'}
        Body: None
    Response - Headers: {'status': '200', 'content-length': '295', 'content-location': 'http://10.0.2.15:9696/v2.0/routers/969d4b9b-d920-4b9c-a4cd-f724e7481da4', 'connection': 'close', 'date': 'Thu, 07 Jan 2016 17:25:31 GMT', 'content-type': 'application/json; charset=UTF-8', 'x-openstack-request-id': 'req-bab673da-19a7-42ff-8983-3ff75f12769c'}
        Body: {"router": {"status": "ACTIVE", "external_gateway_info": null, "availability_zone_hints": [], "availability_zones": [], "name": "tempest-router-smoke-545322901", "admin_state_up": true, "tenant_id": "9a48bb77c0c0422cae478ff59d788f1e", "routes": [], "id": "969d4b9b-d920-4b9c-a4cd-f724e7481da4"}}
2016-01-07 17:25:32,121 4903 INFO     [tempest_lib.common.rest_client] Request (TestNetworkBasicOps:test_connectivity_between_vms_on_different_networks): 200 PUT http://10.0.2.15:9696/v2.0/routers/969d4b9b-d920-4b9c-a4cd-f724e7481da4 0.751s
2016-01-07 17:25:32,121 4903 DEBUG    [tempest_lib.common.rest_client] Request - Headers: {'Content-Type': 'application/json', 'Accept': 'application/json', 'X-Auth-Token': '&lt;omitted&gt;'}
        Body: {"router": {"external_gateway_info": {"network_id": "319789bd-46a6-420b-9b26-1ca25a4ed84e"}, "name": "tempest-router-smoke-545322901", "admin_state_up": true}}
    Response - Headers: {'status': '200', 'content-length': '557', 'connection': 'close', 'date': 'Thu, 07 Jan 2016 17:25:32 GMT', 'content-type': 'application/json; charset=UTF-8', 'x-openstack-request-id': 'req-a3abce29-d531-452d-bacf-f4562971c991'}
        Body: {"router": {"status": "ACTIVE", "external_gateway_info": {"network_id": "319789bd-46a6-420b-9b26-1ca25a4ed84e", "enable_snat": true, "external_fixed_ips": [{"subnet_id": "28ba3c0d-d8e0-42a9-8600-492d96cc62df", "ip_address": "172.24.4.3"}, {"subnet_id": "7d59ad99-2600-4052-8ec7-ddbda70ee8f8", "ip_address": "2001:db8::4"}]}, "availability_zone_hints": [], "availability_zones": [], "name": "tempest-router-smoke-545322901", "admin_state_up": true, "tenant_id": "9a48bb77c0c0422cae478ff59d788f1e", "routes": [], "id": "969d4b9b-d920-4b9c-a4cd-f724e7481da4"}}
2016-01-07 17:25:32,285 4903 INFO     [tempest_lib.common.rest_client] Request (TestNetworkBasicOps:test_connectivity_between_vms_on_different_networks): 200 GET http://10.0.2.15:9696/v2.0/subnets?tenant_id=9a48bb77c0c0422cae478ff59d788f1e&amp;cidr=10.100.0.0%2F28 0.163s
2016-01-07 17:25:32,285 4903 DEBUG    [tempest_lib.common.rest_client] Request - Headers: {'Content-Type': 'application/json', 'Accept': 'application/json', 'X-Auth-Token': '&lt;omitted&gt;'}
        Body: None
    Response - Headers: {'status': '200', 'content-length': '15', 'content-location': 'http://10.0.2.15:9696/v2.0/subnets?tenant_id=9a48bb77c0c0422cae478ff59d788f1e&amp;cidr=10.100.0.0%2F28', 'connection': 'close', 'date': 'Thu, 07 Jan 2016 17:25:32 GMT', 'content-type': 'application/json; charset=UTF-8', 'x-openstack-request-id': 'req-4ce9f0e3-a189-46ad-98e9-3fcaca642054'}
        Body: {"subnets": []}
2016-01-07 17:25:32,714 4903 INFO     [tempest_lib.common.rest_client] Request (TestNetworkBasicOps:test_connectivity_between_vms_on_different_networks): 201 POST http://10.0.2.15:9696/v2.0/subnets 0.428s
2016-01-07 17:25:32,715 4903 DEBUG    [tempest_lib.common.rest_client] Request - Headers: {'Content-Type': 'application/json', 'Accept': 'application/json', 'X-Auth-Token': '&lt;omitted&gt;'}
        Body: {"subnet": {"ip_version": 4, "tenant_id": "9a48bb77c0c0422cae478ff59d788f1e", "cidr": "10.100.0.0/28", "network_id": "8706dbad-7cbc-4c75-b427-a0e75ede896e", "name": "tempest-subnet-smoke-1215029307"}}
    Response - Headers: {'status': '201', 'content-length': '478', 'connection': 'close', 'date': 'Thu, 07 Jan 2016 17:25:32 GMT', 'content-type': 'application/json; charset=UTF-8', 'x-openstack-request-id': 'req-e2c8befa-22f7-476a-9189-79f93ec66840'}
        Body: {"subnet": {"name": "tempest-subnet-smoke-1215029307", "enable_dhcp": true, "network_id": "8706dbad-7cbc-4c75-b427-a0e75ede896e", "tenant_id": "9a48bb77c0c0422cae478ff59d788f1e", "dns_nameservers": [], "gateway_ip": "10.100.0.1", "ipv6_ra_mode": null, "allocation_pools": [{"start": "10.100.0.2", "end": "10.100.0.14"}], "host_routes": [], "ip_version": 4, "ipv6_address_mode": null, "cidr": "10.100.0.0/28", "id": "baa9aa52-6bb2-4d44-bbfd-31c6b045c8c3", "subnetpool_id": null}}
2016-01-07 17:25:34,152 4903 INFO     [tempest_lib.common.rest_client] Request (TestNetworkBasicOps:test_connectivity_between_vms_on_different_networks): 200 PUT http://10.0.2.15:9696/v2.0/routers/969d4b9b-d920-4b9c-a4cd-f724e7481da4/add_router_interface 1.436s
2016-01-07 17:25:34,152 4903 DEBUG    [tempest_lib.common.rest_client] Request - Headers: {'Content-Type': 'application/json', 'Accept': 'application/json', 'X-Auth-Token': '&lt;omitted&gt;'}
        Body: {"subnet_id": "baa9aa52-6bb2-4d44-bbfd-31c6b045c8c3"}
    Response - Headers: {'status': '200', 'content-length': '255', 'connection': 'close', 'date': 'Thu, 07 Jan 2016 17:25:34 GMT', 'content-type': 'application/json; charset=UTF-8', 'x-openstack-request-id': 'req-f2d8c705-b4bc-4ca5-a2ef-5d6a1d599c4a'}
        Body: {"subnet_id": "baa9aa52-6bb2-4d44-bbfd-31c6b045c8c3", "tenant_id": "9a48bb77c0c0422cae478ff59d788f1e", "subnet_ids": ["baa9aa52-6bb2-4d44-bbfd-31c6b045c8c3"], "port_id": "1ba3475e-8692-4f2a-a6e6-00f8d0bdf1fe", "id": "969d4b9b-d920-4b9c-a4cd-f724e7481da4"}
2016-01-07 17:25:34,382 4903 INFO     [tempest_lib.common.rest_client] Request (TestNetworkBasicOps:test_connectivity_between_vms_on_different_networks): 200 GET http://10.0.2.15:9696/v2.0/networks 0.229s
2016-01-07 17:25:34,383 4903 DEBUG    [tempest_lib.common.rest_client] Request - Headers: {'Content-Type': 'application/json', 'Accept': 'application/json', 'X-Auth-Token': '&lt;omitted&gt;'}
        Body: None
    Response - Headers: {'status': '200', 'content-length': '1507', 'content-location': 'http://10.0.2.15:9696/v2.0/networks', 'connection': 'close', 'date': 'Thu, 07 Jan 2016 17:25:34 GMT', 'content-type': 'application/json; charset=UTF-8', 'x-openstack-request-id': 'req-5e40e721-e49b-44f2-9ecb-f16676967e40'}
        Body: {"networks": [{"status": "ACTIVE", "subnets": ["7d59ad99-2600-4052-8ec7-ddbda70ee8f8", "28ba3c0d-d8e0-42a9-8600-492d96cc62df"], "availability_zone_hints": [], "availability_zones": ["nova"], "name": "public", "provider:physical_network": null, "admin_state_up": true, "tenant_id": "8f74c2f0fc8e49c8ba08ae6097d16136", "mtu": 0, "router:external": true, "shared": false, "port_security_enabled": true, "provider:network_type": "vxlan", "id": "319789bd-46a6-420b-9b26-1ca25a4ed84e", "provider:segmentation_id": 1005}, {"status": "ACTIVE", "subnets": ["ced6ac70-6c33-4c7d-ad6b-18efd31ce05e", "9860b46f-075e-4029-a523-73490b2b5ca6"], "availability_zone_hints": [], "availability_zones": ["nova"], "name": "private", "provider:physical_network": null, "admin_state_up": true, "tenant_id": "0231bbf84c5346ff8fcaee5c5696ada6", "mtu": 0, "router:external": false, "shared": false, "port_security_enabled": true, "provider:network_type": "vxlan", "id": "9e67cdad-586b-4712-95da-988a7bd0191f", "provider:segmentation_id": 1013}, {"status": "ACTIVE", "subnets": ["baa9aa52-6bb2-4d44-bbfd-31c6b045c8c3"], "availability_zone_hints": [], "availability_zones": ["nova"], "name": "tempest-network-smoke--1980642681", "provider:physical_network": null, "admin_state_up": true, "tenant_id": "9a48bb77c0c0422cae478ff59d788f1e", "mtu": 0, "router:external": false, "shared": false, "port_security_enabled": true, "provider:network_type": "vxlan", "id": "8706dbad-7cbc-4c75-b427-a0e75ede896e", "provider:segmentation_id": 1072}]}
2016-01-07 17:25:34,429 4903 INFO     [tempest_lib.common.rest_client] Request (TestNetworkBasicOps:test_connectivity_between_vms_on_different_networks): 200 GET http://10.0.2.15:9696/v2.0/subnets 0.045s
2016-01-07 17:25:34,430 4903 DEBUG    [tempest_lib.common.rest_client] Request - Headers: {'Content-Type': 'application/json', 'Accept': 'application/json', 'X-Auth-Token': '&lt;omitted&gt;'}
        Body: None
    Response - Headers: {'status': '200', 'content-length': '2408', 'content-location': 'http://10.0.2.15:9696/v2.0/subnets', 'connection': 'close', 'date': 'Thu, 07 Jan 2016 17:25:34 GMT', 'content-type': 'application/json; charset=UTF-8', 'x-openstack-request-id': 'req-a4d0619a-fa85-4219-b65a-04ee361a48b2'}
        Body: {"subnets": [{"name": "ipv6-private-subnet", "enable_dhcp": true, "network_id": "9e67cdad-586b-4712-95da-988a7bd0191f", "tenant_id": "0231bbf84c5346ff8fcaee5c5696ada6", "dns_nameservers": [], "gateway_ip": "fd09:ab09:dc2b::1", "ipv6_ra_mode": "slaac", "allocation_pools": [{"start": "fd09:ab09:dc2b::2", "end": "fd09:ab09:dc2b:0:ffff:ffff:ffff:ffff"}], "host_routes": [], "ip_version": 6, "ipv6_address_mode": "slaac", "cidr": "fd09:ab09:dc2b::/64", "id": "9860b46f-075e-4029-a523-73490b2b5ca6", "subnetpool_id": null}, {"name": "ipv6-public-subnet", "enable_dhcp": false, "network_id": "319789bd-46a6-420b-9b26-1ca25a4ed84e", "tenant_id": "8f74c2f0fc8e49c8ba08ae6097d16136", "dns_nameservers": [], "gateway_ip": "2001:db8::2", "ipv6_ra_mode": null, "allocation_pools": [{"start": "2001:db8::1", "end": "2001:db8::1"}, {"start": "2001:db8::3", "end": "2001:db8::ffff:ffff:ffff:ffff"}], "host_routes": [], "ip_version": 6, "ipv6_address_mode": null, "cidr": "2001:db8::/64", "id": "7d59ad99-2600-4052-8ec7-ddbda70ee8f8", "subnetpool_id": null}, {"name": "private-subnet", "enable_dhcp": true, "network_id": "9e67cdad-586b-4712-95da-988a7bd0191f", "tenant_id": "0231bbf84c5346ff8fcaee5c5696ada6", "dns_nameservers": [], "gateway_ip": "10.0.0.1", "ipv6_ra_mode": null, "allocation_pools": [{"start": "10.0.0.2", "end": "10.0.0.254"}], "host_routes": [], "ip_version": 4, "ipv6_address_mode": null, "cidr": "10.0.0.0/24", "id": "ced6ac70-6c33-4c7d-ad6b-18efd31ce05e", "subnetpool_id": null}, {"name": "tempest-subnet-smoke-1215029307", "enable_dhcp": true, "network_id": "8706dbad-7cbc-4c75-b427-a0e75ede896e", "tenant_id": "9a48bb77c0c0422cae478ff59d788f1e", "dns_nameservers": [], "gateway_ip": "10.100.0.1", "ipv6_ra_mode": null, "allocation_pools": [{"start": "10.100.0.2", "end": "10.100.0.14"}], "host_routes": [], "ip_version": 4, "ipv6_address_mode": null, "cidr": "10.100.0.0/28", "id": "baa9aa52-6bb2-4d44-bbfd-31c6b045c8c3", "subnetpool_id": null}, {"name": "public-subnet", "enable_dhcp": false, "network_id": "319789bd-46a6-420b-9b26-1ca25a4ed84e", "tenant_id": "8f74c2f0fc8e49c8ba08ae6097d16136", "dns_nameservers": [], "gateway_ip": "172.24.4.1", "ipv6_ra_mode": null, "allocation_pools": [{"start": "172.24.4.2", "end": "172.24.4.254"}], "host_routes": [], "ip_version": 4, "ipv6_address_mode": null, "cidr": "172.24.4.0/24", "id": "28ba3c0d-d8e0-42a9-8600-492d96cc62df", "subnetpool_id": null}]}
2016-01-07 17:25:34,493 4903 INFO     [tempest_lib.common.rest_client] Request (TestNetworkBasicOps:test_connectivity_between_vms_on_different_networks): 200 GET http://10.0.2.15:9696/v2.0/routers 0.062s
2016-01-07 17:25:34,493 4903 DEBUG    [tempest_lib.common.rest_client] Request - Headers: {'Content-Type': 'application/json', 'Accept': 'application/json', 'X-Auth-Token': '&lt;omitted&gt;'}
        Body: None
    Response - Headers: {'status': '200', 'content-length': '1166', 'content-location': 'http://10.0.2.15:9696/v2.0/routers', 'connection': 'close', 'date': 'Thu, 07 Jan 2016 17:25:34 GMT', 'content-type': 'application/json; charset=UTF-8', 'x-openstack-request-id': 'req-bb94b026-1505-45c6-997c-7769e09ca449'}
        Body: {"routers": [{"status": "ACTIVE", "external_gateway_info": {"network_id": "319789bd-46a6-420b-9b26-1ca25a4ed84e", "enable_snat": true, "external_fixed_ips": [{"subnet_id": "28ba3c0d-d8e0-42a9-8600-492d96cc62df", "ip_address": "172.24.4.2"}, {"subnet_id": "7d59ad99-2600-4052-8ec7-ddbda70ee8f8", "ip_address": "2001:db8::3"}]}, "availability_zone_hints": [], "availability_zones": ["nova"], "name": "router1", "admin_state_up": true, "tenant_id": "0231bbf84c5346ff8fcaee5c5696ada6", "distributed": false, "routes": [], "ha": false, "id": "60d59eb8-16bf-487c-a58f-b1e87a3a9c99"}, {"status": "ACTIVE", "external_gateway_info": {"network_id": "319789bd-46a6-420b-9b26-1ca25a4ed84e", "enable_snat": true, "external_fixed_ips": [{"subnet_id": "28ba3c0d-d8e0-42a9-8600-492d96cc62df", "ip_address": "172.24.4.3"}, {"subnet_id": "7d59ad99-2600-4052-8ec7-ddbda70ee8f8", "ip_address": "2001:db8::4"}]}, "availability_zone_hints": [], "availability_zones": ["nova"], "name": "tempest-router-smoke-545322901", "admin_state_up": true, "tenant_id": "9a48bb77c0c0422cae478ff59d788f1e", "distributed": false, "routes": [], "ha": false, "id": "969d4b9b-d920-4b9c-a4cd-f724e7481da4"}]}
2016-01-07 17:25:34,964 4903 INFO     [tempest_lib.common.rest_client] Request (TestNetworkBasicOps:test_connectivity_between_vms_on_different_networks): 200 POST http://10.0.2.15:8774/v2.1/9a48bb77c0c0422cae478ff59d788f1e/os-keypairs 0.470s
2016-01-07 17:25:34,965 4903 DEBUG    [tempest_lib.common.rest_client] Request - Headers: {'Content-Type': 'application/json', 'Accept': 'application/json', 'X-Auth-Token': '&lt;omitted&gt;'}
        Body: {"keypair": {"name": "tempest-TestNetworkBasicOps-1727191733"}}
    Response - Headers: {'status': '200', 'content-length': '2321', 'x-compute-request-id': 'req-37c30095-885a-42a3-9f6c-3b94417625c3', 'vary': 'X-OpenStack-Nova-API-Version', 'connection': 'close', 'x-openstack-nova-api-version': '2.1', 'date': 'Thu, 07 Jan 2016 17:25:34 GMT', 'content-type': 'application/json'}
        Body: {"keypair": {"public_key": "ssh-rsa AAAAB3NzaC1yc2EAAAADAQABAAABAQDWbNNSG5jMoTjK1/mPA7+BmcBTUcPWQCzhWuxx0m9BLvbazfGRIxyAtLHurLAk2hauKCi6cZZU763458FaY6MRqdZGHp7T7fE6s7iFa3TMJX6lv/YyMYbIWq7/KYbzAnko012j+ftGScFXDbD/sW8SXNJPHvQuL8e1DIRQohLeeFXAAQXu04vzSOZqQKjJlsiobxnEyG6ZaEIZTi3LPMM7teRPPNoo21In+c79eijSkBl+rj33GiE9a2R/xfn41GVfsQpvGpSVlTup/2WkwE0niI1sRcLnhGNEUfnaNicSjSzrsnvGgN5FE/M/Uqfg/hzyGBpr//X0OEg5NKfZ4CYL Generated-by-Nova", "private_key": "-----BEGIN RSA PRIVATE KEY-----\nMIIEqAIBAAKCAQEA1mzTUhuYzKE4ytf5jwO/gZnAU1HD1kAs4VrscdJvQS722s3x\nkSMcgLSx7qywJNoWrigounGWVO+t+OfBWmOjEanWRh6e0+3xOrO4hWt0zCV+pb/2\nMjGGyFqu/ymG8wJ5KNNdo/n7RknBVw2w/7FvElzSTx70Li/HtQyEUKIS3nhVwAEF\n7tOL80jmakCoyZbIqG8ZxMhumWhCGU4tyzzDO7XkTzzaKNtSJ/nO/Xoo0pAZfq49\n9xohPWtkf8X5+NRlX7EKbxqUlZU7qf9lpMBNJ4iNbEXC54RjRFH52jYnEo0s67J7\nxoDeRRPzP1Kn4P4c8hgaa//19DhIOTSn2eAmCwIDAQABAoIBAAmQQwCXgIIn8quB\nZH0PcrwqClzs+aoVpKrMbl1JQHMM0C/EHbEWes/2vzTg+N475+UOn3ppVIYnRoAi\nfgo1BXHlPExWU0kqhKbUmzdAKq5sQbDM1gM5GETZXpK83Gr8QkEi5DtLC/z/jyL9\n1lYhKM4N28dxnvxsXyDhFQmvoN3RNT3Jh/NJaWowIqGkpA//EVF+VtNBn7EPHJwz\n0gvoLIbn59vAVJVOz+pOrf3+u64flasIXrDxyH2gRRJJEQokx2AUfAsOaMgkuAim\nIN5Q7wdqvM4SEKZ7U08kCkbIJTgAQvUCT324GftsoVkjjcHav0qMLKkrn+MDb/QZ\nSETdxfECggCBAN+fAWI89bL7GYTbW0fRayhYePZkCyGKHA+RNrk+uqHYg6HVI5+Y\nUoA68NrES0MphogBH+tXnRQGDeopj5gld2WYYE85NQz/MzPBG3gfMbG0VyNLdab+\nvmjoulbFZUU+U4/27qJt6YgkPPledg6Jn18OD7uYCIltP/89eHYWnrCTAoIAgQD1\nePM50zQNunrN6mUCrRoVGLpK0ys4VK3hJB+qhdU0/6qHhWFHYhTuNEYlpc7ZUuv7\n72iDBySk3wRCUt9MQyIC8aEevjiSIugwmlDVZd62vp71kwe/YCYSqh9Di7be1qKg\nb4fP4nrPpR8TTBHbhFe49dvF9+/5eieU9PiBcto3qQKCAIBXztH2R0WbQConFxNi\nwgK31vW4mlQcmWSnYDgCyXTzdFdLxqu0UVWj8ID/BjEfcEDZSsfD26VcZXw1RJiT\n/7JAfHLk6OvB7LuoSN2Gb4lN5CiLPWg3aLRP8YKp69z2MaESWL4fndUjlkczDDqD\nPtsLsjPPT8WaYQHOMc8JX5x0bQKCAIAo+AjQK9nSOL9qQqadLbreroPZHSlne2qR\n2u+WDEQrVkhl2fMEcPBBWWQjwGqnhtlv8OMmizioc7hIQYCXP9UbXKyhbuoOKdlK\n01aOZzQml+X74pA2dpukHdSd92GMC5KU6Ehof8ozgcGP/PA2DP5/FjmZ7umUX7jf\neYtIP50AEQKCAIEAmekKXfx59x+hsE+MVh794FFFgrSVMe2JK4j/vpZqWGYcTyRZ\n2GMed9CX3dcuWMdYcOtosLahqoobgabPfKvP+4+hKsI4lnSIbtpptdqy40xvtYNY\nwP3FWv7Yexba05wedmxm654OqF3jByvcmG4lxQxZInTg3iBl/137y3ZnuPk=\n-----END RSA PRIVATE KEY-----\n", "user_id": "d5cabd94e1954fa6b511b53d19aae058", "name": "tempest-TestNetworkBasicOps-1727191733", "fingerprint": "15:3c:b5:8c:10:b2:f6:e4:77:b3:0a:31:9d:80:2e:e6"}}
2016-01-07 17:25:35,096 4903 INFO     [tempest_lib.common.rest_client] Request (TestNetworkBasicOps:test_connectivity_between_vms_on_different_networks): 200 POST http://10.0.2.15:5000/v2.0/tokens
2016-01-07 17:25:35,096 4903 DEBUG    [tempest_lib.common.rest_client] Request - Headers: {'Content-Type': 'application/json', 'Accept': 'application/json'}
        Body: &lt;omitted&gt;
    Response - Headers: {'status': '200', 'content-length': '2271', 'vary': 'X-Auth-Token', 'server': 'Apache/2.4.7 (Ubuntu)', 'connection': 'close', 'date': 'Thu, 07 Jan 2016 17:25:34 GMT', 'content-type': 'application/json', 'x-openstack-request-id': 'req-ecbe7573-c5f7-4459-bd4b-07cfea28844a'}
        Body: {"access": {"token": {"issued_at": "2016-01-07T17:25:35.082829", "expires": "2016-01-07T18:25:35Z", "id": "8b7b679031e445a6b70bba94f67da085", "tenant": {"description": "tempest-TestNetworkBasicOps-329154535-desc", "enabled": true, "id": "9a48bb77c0c0422cae478ff59d788f1e", "name": "tempest-TestNetworkBasicOps-329154535"}, "audit_ids": ["OeVLnV8BSwSfLJwQnZc7IQ"]}, "serviceCatalog": [{"endpoints": [{"adminURL": "http://10.0.2.15:9292", "region": "RegionOne", "internalURL": "http://10.0.2.15:9292", "id": "306d3cfbb4fe44db8bea7cd600db52c1", "publicURL": "http://10.0.2.15:9292"}], "endpoints_links": [], "type": "image", "name": "glance"}, {"endpoints": [{"adminURL": "http://10.0.2.15:8774/v2.1/9a48bb77c0c0422cae478ff59d788f1e", "region": "RegionOne", "internalURL": "http://10.0.2.15:8774/v2.1/9a48bb77c0c0422cae478ff59d788f1e", "id": "40f3bf56434243119350fc5b8123e230", "publicURL": "http://10.0.2.15:8774/v2.1/9a48bb77c0c0422cae478ff59d788f1e"}], "endpoints_links": [], "type": "compute", "name": "nova"}, {"endpoints": [{"adminURL": "http://10.0.2.15:8774/v2/9a48bb77c0c0422cae478ff59d788f1e", "region": "RegionOne", "internalURL": "http://10.0.2.15:8774/v2/9a48bb77c0c0422cae478ff59d788f1e", "id": "00c8807ce3fa4337b7fe7757575eb964", "publicURL": "http://10.0.2.15:8774/v2/9a48bb77c0c0422cae478ff59d788f1e"}], "endpoints_links": [], "type": "compute_legacy", "name": "nova_legacy"}, {"endpoints": [{"adminURL": "http://10.0.2.15:35357/v2.0", "region": "RegionOne", "internalURL": "http://10.0.2.15:5000/v2.0", "id": "19300de50c5f41e1a21f0943de6f319f", "publicURL": "http://10.0.2.15:5000/v2.0"}], "endpoints_links": [], "type": "identity", "name": "keystone"}, {"endpoints": [{"adminURL": "http://10.0.2.15:9696/", "region": "RegionOne", "internalURL": "http://10.0.2.15:9696/", "id": "278c80d1798f4ae7a724e1ca2a51227c", "publicURL": "http://10.0.2.15:9696/"}], "endpoints_links": [], "type": "network", "name": "neutron"}], "user": {"username": "tempest-TestNetworkBasicOps-220417035", "roles_links": [], "id": "d5cabd94e1954fa6b511b53d19aae058", "roles": [{"name": "Member"}, {"name": "_member_"}], "name": "tempest-TestNetworkBasicOps-220417035"}, "metadata": {"is_admin": 0, "roles": ["897dbd7a3a0c478083e1d098f33127d9", "9fe2ff9ee4384b1894a90878d3e92bab"]}}}
2016-01-07 17:25:35,101 4903 DEBUG    [tempest.common.fixed_network] (TestNetworkBasicOps:test_connectivity_between_vms_on_different_networks) No valid network provided or created, defaulting to fixed_network_name
2016-01-07 17:25:35,468 4903 INFO     [tempest_lib.common.rest_client] Request (TestNetworkBasicOps:test_connectivity_between_vms_on_different_networks): 200 GET http://10.0.2.15:8774/v2.1/9a48bb77c0c0422cae478ff59d788f1e/os-networks 0.367s
2016-01-07 17:25:35,468 4903 DEBUG    [tempest_lib.common.rest_client] Request - Headers: {'Content-Type': 'application/json', 'Accept': 'application/json', 'X-Auth-Token': '&lt;omitted&gt;'}
        Body: None
    Response - Headers: {'status': '200', 'content-length': '479', 'content-location': 'http://10.0.2.15:8774/v2.1/9a48bb77c0c0422cae478ff59d788f1e/os-networks', 'x-compute-request-id': 'req-b7786714-4e78-4c5d-add8-8f0ce3bdf32e', 'vary': 'X-OpenStack-Nova-API-Version', 'connection': 'close', 'x-openstack-nova-api-version': '2.1', 'date': 'Thu, 07 Jan 2016 17:25:35 GMT', 'content-type': 'application/json'}
        Body: {"networks": [{"cidr_v6": null, "dns2": null, "dns1": null, "gateway": null, "broadcast": null, "netmask": null, "gateway_v6": null, "cidr": null, "label": "tempest-network-smoke--1980642681", "id": "8706dbad-7cbc-4c75-b427-a0e75ede896e", "netmask_v6": null}, {"cidr_v6": null, "dns2": null, "dns1": null, "gateway": null, "broadcast": null, "netmask": null, "gateway_v6": null, "cidr": null, "label": "public", "id": "319789bd-46a6-420b-9b26-1ca25a4ed84e", "netmask_v6": null}]}
2016-01-07 17:25:35,468 4903 WARNING  [tempest.common.fixed_network] (TestNetworkBasicOps:test_connectivity_between_vms_on_different_networks) Network with name: private not found
2016-01-07 17:25:35,469 4903 INFO     [tempest.common.fixed_network] (TestNetworkBasicOps:test_connectivity_between_vms_on_different_networks) Found network {} available for tenant
2016-01-07 17:25:37,106 4903 INFO     [tempest_lib.common.rest_client] Request (TestNetworkBasicOps:test_connectivity_between_vms_on_different_networks): 202 POST http://10.0.2.15:8774/v2.1/9a48bb77c0c0422cae478ff59d788f1e/servers 1.636s
2016-01-07 17:25:37,106 4903 DEBUG    [tempest_lib.common.rest_client] Request - Headers: {'Content-Type': 'application/json', 'Accept': 'application/json', 'X-Auth-Token': '&lt;omitted&gt;'}
        Body: {"server": {"name": "tempest.common.compute-instance-799355215", "imageRef": "392c2a1a-c360-4ae2-aab9-f2b59238f7c9", "key_name": "tempest-TestNetworkBasicOps-1727191733", "flavorRef": "42", "networks": [{"uuid": "8706dbad-7cbc-4c75-b427-a0e75ede896e"}], "security_groups": [{"name": "tempest-secgroup-smoke-1004694400"}]}}
    Response - Headers: {'status': '202', 'content-length': '462', 'x-compute-request-id': 'req-c8263f29-5029-4c8c-9a85-9a88c0557ad4', 'vary': 'X-OpenStack-Nova-API-Version', 'connection': 'close', 'location': 'http://10.0.2.15:8774/v2.1/9a48bb77c0c0422cae478ff59d788f1e/servers/85435956-29df-4a95-8ac1-5b17222dc164', 'x-openstack-nova-api-version': '2.1', 'date': 'Thu, 07 Jan 2016 17:25:37 GMT', 'content-type': 'application/json'}
        Body: {"server": {"security_groups": [{"name": "tempest-secgroup-smoke-1004694400"}], "OS-DCF:diskConfig": "MANUAL", "id": "85435956-29df-4a95-8ac1-5b17222dc164", "links": [{"href": "http://10.0.2.15:8774/v2.1/9a48bb77c0c0422cae478ff59d788f1e/servers/85435956-29df-4a95-8ac1-5b17222dc164", "rel": "self"}, {"href": "http://10.0.2.15:8774/9a48bb77c0c0422cae478ff59d788f1e/servers/85435956-29df-4a95-8ac1-5b17222dc164", "rel": "bookmark"}], "adminPass": "SJDyK3PAmgQj"}}
2016-01-07 17:25:37,240 4903 INFO     [tempest_lib.common.rest_client] Request (TestNetworkBasicOps:test_connectivity_between_vms_on_different_networks): 200 GET http://10.0.2.15:8774/v2.1/9a48bb77c0c0422cae478ff59d788f1e/servers/85435956-29df-4a95-8ac1-5b17222dc164 0.129s
2016-01-07 17:25:37,241 4903 DEBUG    [tempest_lib.common.rest_client] Request - Headers: {'Content-Type': 'application/json', 'Accept': 'application/json', 'X-Auth-Token': '&lt;omitted&gt;'}
        Body: None
    Response - Headers: {'status': '200', 'content-length': '1355', 'content-location': 'http://10.0.2.15:8774/v2.1/9a48bb77c0c0422cae478ff59d788f1e/servers/85435956-29df-4a95-8ac1-5b17222dc164', 'x-compute-request-id': 'req-9884f73a-0105-4e10-83a5-a97f8a557bb6', 'vary': 'X-OpenStack-Nova-API-Version', 'connection': 'close', 'x-openstack-nova-api-version': '2.1', 'date': 'Thu, 07 Jan 2016 17:25:37 GMT', 'content-type': 'application/json'}
        Body: {"server": {"status": "BUILD", "updated": "2016-01-07T17:25:37Z", "hostId": "", "addresses": {}, "links": [{"href": "http://10.0.2.15:8774/v2.1/9a48bb77c0c0422cae478ff59d788f1e/servers/85435956-29df-4a95-8ac1-5b17222dc164", "rel": "self"}, {"href": "http://10.0.2.15:8774/9a48bb77c0c0422cae478ff59d788f1e/servers/85435956-29df-4a95-8ac1-5b17222dc164", "rel": "bookmark"}], "key_name": "tempest-TestNetworkBasicOps-1727191733", "image": {"id": "392c2a1a-c360-4ae2-aab9-f2b59238f7c9", "links": [{"href": "http://10.0.2.15:8774/9a48bb77c0c0422cae478ff59d788f1e/images/392c2a1a-c360-4ae2-aab9-f2b59238f7c9", "rel": "bookmark"}]}, "OS-EXT-STS:task_state": "scheduling", "OS-EXT-STS:vm_state": "building", "OS-SRV-USG:launched_at": null, "flavor": {"id": "42", "links": [{"href": "http://10.0.2.15:8774/9a48bb77c0c0422cae478ff59d788f1e/flavors/42", "rel": "bookmark"}]}, "id": "85435956-29df-4a95-8ac1-5b17222dc164", "OS-SRV-USG:terminated_at": null, "OS-EXT-AZ:availability_zone": "", "user_id": "d5cabd94e1954fa6b511b53d19aae058", "name": "tempest.common.compute-instance-799355215", "created": "2016-01-07T17:25:37Z", "tenant_id": "9a48bb77c0c0422cae478ff59d788f1e", "OS-DCF:diskConfig": "MANUAL", "os-extended-volumes:volumes_attached": [], "accessIPv4": "", "accessIPv6": "", "progress": 0, "OS-EXT-STS:power_state": 0, "config_drive": "", "metadata": {}}}
2016-01-07 17:25:38,425 4903 INFO     [tempest_lib.common.rest_client] Request (TestNetworkBasicOps:test_connectivity_between_vms_on_different_networks): 200 GET http://10.0.2.15:8774/v2.1/9a48bb77c0c0422cae478ff59d788f1e/servers/85435956-29df-4a95-8ac1-5b17222dc164 0.174s
2016-01-07 17:25:38,425 4903 DEBUG    [tempest_lib.common.rest_client] Request - Headers: {'Content-Type': 'application/json', 'Accept': 'application/json', 'X-Auth-Token': '&lt;omitted&gt;'}
        Body: None
    Response - Headers: {'status': '200', 'content-length': '1413', 'content-location': 'http://10.0.2.15:8774/v2.1/9a48bb77c0c0422cae478ff59d788f1e/servers/85435956-29df-4a95-8ac1-5b17222dc164', 'x-compute-request-id': 'req-f7002569-602c-4542-8bf8-a301617ee8aa', 'vary': 'X-OpenStack-Nova-API-Version', 'connection': 'close', 'x-openstack-nova-api-version': '2.1', 'date': 'Thu, 07 Jan 2016 17:25:38 GMT', 'content-type': 'application/json'}
        Body: {"server": {"status": "BUILD", "updated": "2016-01-07T17:25:38Z", "hostId": "dbf5b1e40557f3fb6a7c735e0e1cb595f66c0d4dc83e1723c001acfd", "addresses": {}, "links": [{"href": "http://10.0.2.15:8774/v2.1/9a48bb77c0c0422cae478ff59d788f1e/servers/85435956-29df-4a95-8ac1-5b17222dc164", "rel": "self"}, {"href": "http://10.0.2.15:8774/9a48bb77c0c0422cae478ff59d788f1e/servers/85435956-29df-4a95-8ac1-5b17222dc164", "rel": "bookmark"}], "key_name": "tempest-TestNetworkBasicOps-1727191733", "image": {"id": "392c2a1a-c360-4ae2-aab9-f2b59238f7c9", "links": [{"href": "http://10.0.2.15:8774/9a48bb77c0c0422cae478ff59d788f1e/images/392c2a1a-c360-4ae2-aab9-f2b59238f7c9", "rel": "bookmark"}]}, "OS-EXT-STS:task_state": "spawning", "OS-EXT-STS:vm_state": "building", "OS-SRV-USG:launched_at": null, "flavor": {"id": "42", "links": [{"href": "http://10.0.2.15:8774/9a48bb77c0c0422cae478ff59d788f1e/flavors/42", "rel": "bookmark"}]}, "id": "85435956-29df-4a95-8ac1-5b17222dc164", "OS-SRV-USG:terminated_at": null, "OS-EXT-AZ:availability_zone": "nova", "user_id": "d5cabd94e1954fa6b511b53d19aae058", "name": "tempest.common.compute-instance-799355215", "created": "2016-01-07T17:25:37Z", "tenant_id": "9a48bb77c0c0422cae478ff59d788f1e", "OS-DCF:diskConfig": "MANUAL", "os-extended-volumes:volumes_attached": [], "accessIPv4": "", "accessIPv6": "", "progress": 0, "OS-EXT-STS:power_state": 0, "config_drive": "", "metadata": {}}}
2016-01-07 17:25:38,434 4903 INFO     [tempest.common.waiters] State transition "BUILD/scheduling" ==&gt; "BUILD/spawning" after 1 second wait
2016-01-07 17:25:39,652 4903 INFO     [tempest_lib.common.rest_client] Request (TestNetworkBasicOps:test_connectivity_between_vms_on_different_networks): 200 GET http://10.0.2.15:8774/v2.1/9a48bb77c0c0422cae478ff59d788f1e/servers/85435956-29df-4a95-8ac1-5b17222dc164 0.215s
2016-01-07 17:25:39,652 4903 DEBUG    [tempest_lib.common.rest_client] Request - Headers: {'Content-Type': 'application/json', 'Accept': 'application/json', 'X-Auth-Token': '&lt;omitted&gt;'}
        Body: None
    Response - Headers: {'status': '200', 'content-length': '1481', 'content-location': 'http://10.0.2.15:8774/v2.1/9a48bb77c0c0422cae478ff59d788f1e/servers/85435956-29df-4a95-8ac1-5b17222dc164', 'x-compute-request-id': 'req-c90b32d5-44d9-4877-b6b1-1cf83aba9de8', 'vary': 'X-OpenStack-Nova-API-Version', 'connection': 'close', 'x-openstack-nova-api-version': '2.1', 'date': 'Thu, 07 Jan 2016 17:25:39 GMT', 'content-type': 'application/json'}
        Body: {"server": {"status": "BUILD", "updated": "2016-01-07T17:25:38Z", "hostId": "dbf5b1e40557f3fb6a7c735e0e1cb595f66c0d4dc83e1723c001acfd", "addresses": {}, "links": [{"href": "http://10.0.2.15:8774/v2.1/9a48bb77c0c0422cae478ff59d788f1e/servers/85435956-29df-4a95-8ac1-5b17222dc164", "rel": "self"}, {"href": "http://10.0.2.15:8774/9a48bb77c0c0422cae478ff59d788f1e/servers/85435956-29df-4a95-8ac1-5b17222dc164", "rel": "bookmark"}], "key_name": "tempest-TestNetworkBasicOps-1727191733", "image": {"id": "392c2a1a-c360-4ae2-aab9-f2b59238f7c9", "links": [{"href": "http://10.0.2.15:8774/9a48bb77c0c0422cae478ff59d788f1e/images/392c2a1a-c360-4ae2-aab9-f2b59238f7c9", "rel": "bookmark"}]}, "OS-EXT-STS:task_state": "spawning", "OS-EXT-STS:vm_state": "building", "OS-SRV-USG:launched_at": null, "flavor": {"id": "42", "links": [{"href": "http://10.0.2.15:8774/9a48bb77c0c0422cae478ff59d788f1e/flavors/42", "rel": "bookmark"}]}, "id": "85435956-29df-4a95-8ac1-5b17222dc164", "security_groups": [{"name": "tempest-secgroup-smoke-1004694400"}], "OS-SRV-USG:terminated_at": null, "OS-EXT-AZ:availability_zone": "nova", "user_id": "d5cabd94e1954fa6b511b53d19aae058", "name": "tempest.common.compute-instance-799355215", "created": "2016-01-07T17:25:37Z", "tenant_id": "9a48bb77c0c0422cae478ff59d788f1e", "OS-DCF:diskConfig": "MANUAL", "os-extended-volumes:volumes_attached": [], "accessIPv4": "", "accessIPv6": "", "progress": 0, "OS-EXT-STS:power_state": 0, "config_drive": "", "metadata": {}}}
2016-01-07 17:25:40,869 4903 INFO     [tempest_lib.common.rest_client] Request (TestNetworkBasicOps:test_connectivity_between_vms_on_different_networks): 200 GET http://10.0.2.15:8774/v2.1/9a48bb77c0c0422cae478ff59d788f1e/servers/85435956-29df-4a95-8ac1-5b17222dc164 0.207s
2016-01-07 17:25:40,869 4903 DEBUG    [tempest_lib.common.rest_client] Request - Headers: {'Content-Type': 'application/json', 'Accept': 'application/json', 'X-Auth-Token': '&lt;omitted&gt;'}
        Body: None
    Response - Headers: {'status': '200', 'content-length': '1653', 'content-location': 'http://10.0.2.15:8774/v2.1/9a48bb77c0c0422cae478ff59d788f1e/servers/85435956-29df-4a95-8ac1-5b17222dc164', 'x-compute-request-id': 'req-836d29fa-50d3-4e88-8e22-024cd1aea141', 'vary': 'X-OpenStack-Nova-API-Version', 'connection': 'close', 'x-openstack-nova-api-version': '2.1', 'date': 'Thu, 07 Jan 2016 17:25:40 GMT', 'content-type': 'application/json'}
        Body: {"server": {"status": "ACTIVE", "updated": "2016-01-07T17:25:40Z", "hostId": "dbf5b1e40557f3fb6a7c735e0e1cb595f66c0d4dc83e1723c001acfd", "addresses": {"tempest-network-smoke--1980642681": [{"OS-EXT-IPS-MAC:mac_addr": "fa:16:3e:8b:d5:16", "version": 4, "addr": "10.100.0.3", "OS-EXT-IPS:type": "fixed"}]}, "links": [{"href": "http://10.0.2.15:8774/v2.1/9a48bb77c0c0422cae478ff59d788f1e/servers/85435956-29df-4a95-8ac1-5b17222dc164", "rel": "self"}, {"href": "http://10.0.2.15:8774/9a48bb77c0c0422cae478ff59d788f1e/servers/85435956-29df-4a95-8ac1-5b17222dc164", "rel": "bookmark"}], "key_name": "tempest-TestNetworkBasicOps-1727191733", "image": {"id": "392c2a1a-c360-4ae2-aab9-f2b59238f7c9", "links": [{"href": "http://10.0.2.15:8774/9a48bb77c0c0422cae478ff59d788f1e/images/392c2a1a-c360-4ae2-aab9-f2b59238f7c9", "rel": "bookmark"}]}, "OS-EXT-STS:task_state": null, "OS-EXT-STS:vm_state": "active", "OS-SRV-USG:launched_at": "2016-01-07T17:25:40.000000", "flavor": {"id": "42", "links": [{"href": "http://10.0.2.15:8774/9a48bb77c0c0422cae478ff59d788f1e/flavors/42", "rel": "bookmark"}]}, "id": "85435956-29df-4a95-8ac1-5b17222dc164", "security_groups": [{"name": "tempest-secgroup-smoke-1004694400"}], "OS-SRV-USG:terminated_at": null, "OS-EXT-AZ:availability_zone": "nova", "user_id": "d5cabd94e1954fa6b511b53d19aae058", "name": "tempest.common.compute-instance-799355215", "created": "2016-01-07T17:25:37Z", "tenant_id": "9a48bb77c0c0422cae478ff59d788f1e", "OS-DCF:diskConfig": "MANUAL", "os-extended-volumes:volumes_attached": [], "accessIPv4": "", "accessIPv6": "", "progress": 0, "OS-EXT-STS:power_state": 1, "config_drive": "True", "metadata": {}}}
2016-01-07 17:25:40,878 4903 INFO     [tempest.common.waiters] State transition "BUILD/spawning" ==&gt; "ACTIVE/None" after 3 second wait
2016-01-07 17:25:41,163 4903 INFO     [tempest_lib.common.rest_client] Request (TestNetworkBasicOps:test_connectivity_between_vms_on_different_networks): 200 GET http://10.0.2.15:8774/v2.1/9a48bb77c0c0422cae478ff59d788f1e/servers/85435956-29df-4a95-8ac1-5b17222dc164 0.284s
2016-01-07 17:25:41,163 4903 DEBUG    [tempest_lib.common.rest_client] Request - Headers: {'Content-Type': 'application/json', 'Accept': 'application/json', 'X-Auth-Token': '&lt;omitted&gt;'}
        Body: None
    Response - Headers: {'status': '200', 'content-length': '1653', 'content-location': 'http://10.0.2.15:8774/v2.1/9a48bb77c0c0422cae478ff59d788f1e/servers/85435956-29df-4a95-8ac1-5b17222dc164', 'x-compute-request-id': 'req-88072547-20e9-41d4-8e41-458f00124bd2', 'vary': 'X-OpenStack-Nova-API-Version', 'connection': 'close', 'x-openstack-nova-api-version': '2.1', 'date': 'Thu, 07 Jan 2016 17:25:41 GMT', 'content-type': 'application/json'}
        Body: {"server": {"status": "ACTIVE", "updated": "2016-01-07T17:25:40Z", "hostId": "dbf5b1e40557f3fb6a7c735e0e1cb595f66c0d4dc83e1723c001acfd", "addresses": {"tempest-network-smoke--1980642681": [{"OS-EXT-IPS-MAC:mac_addr": "fa:16:3e:8b:d5:16", "version": 4, "addr": "10.100.0.3", "OS-EXT-IPS:type": "fixed"}]}, "links": [{"href": "http://10.0.2.15:8774/v2.1/9a48bb77c0c0422cae478ff59d788f1e/servers/85435956-29df-4a95-8ac1-5b17222dc164", "rel": "self"}, {"href": "http://10.0.2.15:8774/9a48bb77c0c0422cae478ff59d788f1e/servers/85435956-29df-4a95-8ac1-5b17222dc164", "rel": "bookmark"}], "key_name": "tempest-TestNetworkBasicOps-1727191733", "image": {"id": "392c2a1a-c360-4ae2-aab9-f2b59238f7c9", "links": [{"href": "http://10.0.2.15:8774/9a48bb77c0c0422cae478ff59d788f1e/images/392c2a1a-c360-4ae2-aab9-f2b59238f7c9", "rel": "bookmark"}]}, "OS-EXT-STS:task_state": null, "OS-EXT-STS:vm_state": "active", "OS-SRV-USG:launched_at": "2016-01-07T17:25:40.000000", "flavor": {"id": "42", "links": [{"href": "http://10.0.2.15:8774/9a48bb77c0c0422cae478ff59d788f1e/flavors/42", "rel": "bookmark"}]}, "id": "85435956-29df-4a95-8ac1-5b17222dc164", "security_groups": [{"name": "tempest-secgroup-smoke-1004694400"}], "OS-SRV-USG:terminated_at": null, "OS-EXT-AZ:availability_zone": "nova", "user_id": "d5cabd94e1954fa6b511b53d19aae058", "name": "tempest.common.compute-instance-799355215", "created": "2016-01-07T17:25:37Z", "tenant_id": "9a48bb77c0c0422cae478ff59d788f1e", "OS-DCF:diskConfig": "MANUAL", "os-extended-volumes:volumes_attached": [], "accessIPv4": "", "accessIPv6": "", "progress": 0, "OS-EXT-STS:power_state": 1, "config_drive": "True", "metadata": {}}}
2016-01-07 17:25:41,172 4903 INFO     [tempest.scenario.manager] Tenant networks not configured to be reachable.
2016-01-07 17:25:41,203 4903 INFO     [tempest_lib.common.rest_client] Request (TestNetworkBasicOps:test_connectivity_between_vms_on_different_networks): 200 GET http://10.0.2.15:9696/v2.0/ports?status=ACTIVE&amp;fixed_ip=None&amp;device_id=85435956-29df-4a95-8ac1-5b17222dc164 0.030s
2016-01-07 17:25:41,203 4903 DEBUG    [tempest_lib.common.rest_client] Request - Headers: {'Content-Type': 'application/json', 'Accept': 'application/json', 'X-Auth-Token': '&lt;omitted&gt;'}
        Body: None
    Response - Headers: {'status': '200', 'content-length': '895', 'content-location': 'http://10.0.2.15:9696/v2.0/ports?status=ACTIVE&amp;fixed_ip=None&amp;device_id=85435956-29df-4a95-8ac1-5b17222dc164', 'connection': 'close', 'date': 'Thu, 07 Jan 2016 17:25:41 GMT', 'content-type': 'application/json; charset=UTF-8', 'x-openstack-request-id': 'req-9595d824-0d7b-4200-ace6-de947dd37849'}
        Body: {"ports": [{"status": "ACTIVE", "binding:host_id": "vagrant-ubuntu-trusty-64", "allowed_address_pairs": [], "extra_dhcp_opts": [], "dns_assignment": [{"hostname": "host-10-100-0-3", "ip_address": "10.100.0.3", "fqdn": "host-10-100-0-3.openstacklocal."}], "device_owner": "compute:None", "port_security_enabled": true, "binding:profile": {}, "fixed_ips": [{"subnet_id": "baa9aa52-6bb2-4d44-bbfd-31c6b045c8c3", "ip_address": "10.100.0.3"}], "id": "ec7a115c-3aab-4432-b81b-af144610c85b", "security_groups": ["5dc44dd1-d289-4ad8-b5ee-125bcb01ed7a"], "device_id": "85435956-29df-4a95-8ac1-5b17222dc164", "name": "", "admin_state_up": true, "network_id": "8706dbad-7cbc-4c75-b427-a0e75ede896e", "dns_name": "", "binding:vif_details": {"port_filter": true}, "binding:vnic_type": "normal", "binding:vif_type": "ovs", "tenant_id": "9a48bb77c0c0422cae478ff59d788f1e", "mac_address": "fa:16:3e:8b:d5:16"}]}
2016-01-07 17:25:41,779 4903 INFO     [tempest_lib.common.rest_client] Request (TestNetworkBasicOps:test_connectivity_between_vms_on_different_networks): 201 POST http://10.0.2.15:9696/v2.0/floatingips 0.576s
2016-01-07 17:25:41,780 4903 DEBUG    [tempest_lib.common.rest_client] Request - Headers: {'Content-Type': 'application/json', 'Accept': 'application/json', 'X-Auth-Token': '&lt;omitted&gt;'}
        Body: {"floatingip": {"floating_network_id": "319789bd-46a6-420b-9b26-1ca25a4ed84e", "tenant_id": "9a48bb77c0c0422cae478ff59d788f1e", "fixed_ip_address": "10.100.0.3", "port_id": "ec7a115c-3aab-4432-b81b-af144610c85b"}}
    Response - Headers: {'status': '201', 'content-length': '367', 'connection': 'close', 'date': 'Thu, 07 Jan 2016 17:25:41 GMT', 'content-type': 'application/json; charset=UTF-8', 'x-openstack-request-id': 'req-ee1170a2-15c9-4b35-8ba6-e462333cb88a'}
        Body: {"floatingip": {"floating_network_id": "319789bd-46a6-420b-9b26-1ca25a4ed84e", "router_id": "969d4b9b-d920-4b9c-a4cd-f724e7481da4", "fixed_ip_address": "10.100.0.3", "floating_ip_address": "172.24.4.4", "tenant_id": "9a48bb77c0c0422cae478ff59d788f1e", "status": "DOWN", "port_id": "ec7a115c-3aab-4432-b81b-af144610c85b", "id": "d7f0e19f-2a78-4d0b-bd03-68ef306baeda"}}
2016-01-07 17:25:41,793 4903 INFO     [tempest_lib.common.rest_client] Request (TestNetworkBasicOps:test_connectivity_between_vms_on_different_networks): 200 GET http://10.0.2.15:9696/v2.0/floatingips/d7f0e19f-2a78-4d0b-bd03-68ef306baeda 0.012s
2016-01-07 17:25:41,793 4903 DEBUG    [tempest_lib.common.rest_client] Request - Headers: {'Content-Type': 'application/json', 'Accept': 'application/json', 'X-Auth-Token': '&lt;omitted&gt;'}
        Body: None
    Response - Headers: {'status': '200', 'content-length': '367', 'content-location': 'http://10.0.2.15:9696/v2.0/floatingips/d7f0e19f-2a78-4d0b-bd03-68ef306baeda', 'connection': 'close', 'date': 'Thu, 07 Jan 2016 17:25:41 GMT', 'content-type': 'application/json; charset=UTF-8', 'x-openstack-request-id': 'req-cc44e459-9b0e-428f-800a-af89731c3c3a'}
        Body: {"floatingip": {"floating_network_id": "319789bd-46a6-420b-9b26-1ca25a4ed84e", "router_id": "969d4b9b-d920-4b9c-a4cd-f724e7481da4", "fixed_ip_address": "10.100.0.3", "floating_ip_address": "172.24.4.4", "tenant_id": "9a48bb77c0c0422cae478ff59d788f1e", "status": "DOWN", "port_id": "ec7a115c-3aab-4432-b81b-af144610c85b", "id": "d7f0e19f-2a78-4d0b-bd03-68ef306baeda"}}
2016-01-07 17:25:42,810 4903 INFO     [tempest_lib.common.rest_client] Request (TestNetworkBasicOps:test_connectivity_between_vms_on_different_networks): 200 GET http://10.0.2.15:9696/v2.0/floatingips/d7f0e19f-2a78-4d0b-bd03-68ef306baeda 0.015s
2016-01-07 17:25:42,811 4903 DEBUG    [tempest_lib.common.rest_client] Request - Headers: {'Content-Type': 'application/json', 'Accept': 'application/json', 'X-Auth-Token': '&lt;omitted&gt;'}
        Body: None
    Response - Headers: {'status': '200', 'content-length': '369', 'content-location': 'http://10.0.2.15:9696/v2.0/floatingips/d7f0e19f-2a78-4d0b-bd03-68ef306baeda', 'connection': 'close', 'date': 'Thu, 07 Jan 2016 17:25:42 GMT', 'content-type': 'application/json; charset=UTF-8', 'x-openstack-request-id': 'req-4d0814c4-a3ef-429b-a4ec-655cc82aa3e7'}
        Body: {"floatingip": {"floating_network_id": "319789bd-46a6-420b-9b26-1ca25a4ed84e", "router_id": "969d4b9b-d920-4b9c-a4cd-f724e7481da4", "fixed_ip_address": "10.100.0.3", "floating_ip_address": "172.24.4.4", "tenant_id": "9a48bb77c0c0422cae478ff59d788f1e", "status": "ACTIVE", "port_id": "ec7a115c-3aab-4432-b81b-af144610c85b", "id": "d7f0e19f-2a78-4d0b-bd03-68ef306baeda"}}
2016-01-07 17:25:42,811 4903 INFO     [tempest.scenario.manager] FloatingIP: &lt;"FloatingIP" addr="172.24.4.4" id="d7f0e19f-2a78-4d0b-bd03-68ef306baeda"&gt; is at status: ACTIVE
2016-01-07 17:25:42,811 4903 DEBUG    [tempest.scenario.manager] checking network connections to IP 172.24.4.4 with user: cirros
2016-01-07 17:25:42,812 4903 DEBUG    [tempest.scenario.manager] TestNetworkBasicOps:test_connectivity_between_vms_on_different_networks begins to ping 172.24.4.4 in 120 sec and the expected result is reachable
2016-01-07 17:27:44,039 4903 DEBUG    [tempest.scenario.manager] TestNetworkBasicOps:test_connectivity_between_vms_on_different_networks finishes ping 172.24.4.4 in 120 sec and the ping result is unexpected
2016-01-07 17:27:44,041 4903 ERROR    [tempest.scenario.manager] Public network connectivity check failed
2016-01-07 17:27:44.041 4903 ERROR tempest.scenario.manager Traceback (most recent call last):
2016-01-07 17:27:44.041 4903 ERROR tempest.scenario.manager   File "tempest/scenario/manager.py", line 609, in check_public_network_connectivity
2016-01-07 17:27:44.041 4903 ERROR tempest.scenario.manager     should_connect=should_connect)
2016-01-07 17:27:44.041 4903 ERROR tempest.scenario.manager   File "tempest/scenario/manager.py", line 593, in check_vm_connectivity
2016-01-07 17:27:44.041 4903 ERROR tempest.scenario.manager     msg=msg)
2016-01-07 17:27:44.041 4903 ERROR tempest.scenario.manager   File "/usr/local/lib/python2.7/dist-packages/unittest2/case.py", line 702, in assertTrue
2016-01-07 17:27:44.041 4903 ERROR tempest.scenario.manager     raise self.failureException(msg)
2016-01-07 17:27:44.041 4903 ERROR tempest.scenario.manager AssertionError: False is not true : Timed out waiting for 172.24.4.4 to become reachable
2016-01-07 17:27:44.041 4903 ERROR tempest.scenario.manager 
2016-01-07 17:27:44,262 4903 INFO     [tempest_lib.common.rest_client] Request (TestNetworkBasicOps:test_connectivity_between_vms_on_different_networks): 200 POST http://10.0.2.15:8774/v2.1/9a48bb77c0c0422cae478ff59d788f1e/servers/85435956-29df-4a95-8ac1-5b17222dc164/action 0.216s
2016-01-07 17:27:44,263 4903 DEBUG    [tempest_lib.common.rest_client] Request - Headers: {'Content-Type': 'application/json', 'Accept': 'application/json', 'X-Auth-Token': '&lt;omitted&gt;'}
        Body: {"os-getConsoleOutput": {}}
    Response - Headers: {'status': '200', 'content-length': '17428', 'x-compute-request-id': 'req-8becd964-c233-4d9b-ba7a-8fc663162e71', 'vary': 'X-OpenStack-Nova-API-Version', 'connection': 'close', 'x-openstack-nova-api-version': '2.1', 'date': 'Thu, 07 Jan 2016 17:27:44 GMT', 'content-type': 'application/json'}
        Body: {"output": "[    0.000000] Initializing cgroup subsys cpuset\n[    0.000000] Initializing cgroup subsys cpu\n[    0.000000] Linux version 3.2.0-80-virtual (buildd@batsu) (gcc version 4.6.3 (Ubuntu/Linaro 4.6.3-1ubuntu5) ) #116-Ubuntu SMP Mon Mar 23 17:28:52 UTC 2015 (Ubuntu 3.2.0-80.116-virtual 3.2.68)\n[    0.000000] Command line: root=/dev/vda console=tty0 console=ttyS0 no_timer_check\n[    0.000000] KERNEL supported cpus:\n[    0.000000]   Intel GenuineIntel\n[    0.000000]   AMD AuthenticAMD\n[    0.000000]   Centaur CentaurHauls\n[    0.000000] BIOS-provided physical RAM map:\n[    0.000000]  BIOS-e820: 0000000000000000 - 000000000009fc00 (usable)\n[    0.000000]  BIOS-e820: 000000000009fc00 - 00000000000a0000 (reserved)\n[    0.000000]  BIOS-e820: 00000000000f0000 - 0000000000100000 (reserved)\n[    0.000000]  BIOS-e820: 0000000000100000 - 0000000003ffe000 (usable)\n[    0.000000]  BIOS-e820: 0000000003ffe000 - 0000000004000000 (reserved)\n[    0.000000]  BIOS-e820: 00000000fffc0000 - 0000000100000000 (reserved)\n[    0.000000] NX (Execute Disable) protection: active\n[    0.000000] SMBIOS 2.4 present.\n[    0.000000] No AGP bridge found\n[    0.000000] last_pfn = 0x3ffe max_arch_pfn = 0x400000000\n[    0.000000] x86 PAT enabled: cpu 0, old 0x7040600070406, new 0x7010600070106\n[    0.000000] found SMP MP-table at [ffff8800000f0b00] f0b00\n[    0.000000] init_memory_mapping: 0000000000000000-0000000003ffe000\n[    0.000000] RAMDISK: 03c5e000 - 03ff0000\n[    0.000000] ACPI: RSDP 00000000000f0950 00014 (v00 BOCHS )\n[    0.000000] ACPI: RSDT 0000000003fffbc1 00034 (v01 BOCHS  BXPCRSDT 00000001 BXPC 00000001)\n[    0.000000] ACPI: FACP 0000000003fff1c0 00074 (v01 BOCHS  BXPCFACP 00000001 BXPC 00000001)\n[    0.000000] ACPI: DSDT 0000000003ffe040 01180 (v01 BOCHS  BXPCDSDT 00000001 BXPC 00000001)\n[    0.000000] ACPI: FACS 0000000003ffe000 00040\n[    0.000000] ACPI: SSDT 0000000003fff234 008DD (v01 BOCHS  BXPCSSDT 00000001 BXPC 00000001)\n[    0.000000] ACPI: APIC 0000000003fffb11 00078 (v01 BOCHS  BXPCAPIC 00000001 BXPC 00000001)\n[    0.000000] ACPI: HPET 0000000003fffb89 00038 (v01 BOCHS  BXPCHPET 00000001 BXPC 00000001)\n[    0.000000] No NUMA configuration found\n[    0.000000] Faking a node at 0000000000000000-0000000003ffe000\n[    0.000000] Initmem setup node 0 0000000000000000-0000000003ffe000\n[    0.000000]   NODE_DATA [0000000003ff6000 - 0000000003ffafff]\n[    0.000000] Zone PFN ranges:\n[    0.000000]   DMA      0x00000010 -&gt; 0x00001000\n[    0.000000]   DMA32    0x00001000 -&gt; 0x00100000\n[    0.000000]   Normal   empty\n[    0.000000] Movable zone start PFN for each node\n[    0.000000] early_node_map[2] active PFN ranges\n[    0.000000]     0: 0x00000010 -&gt; 0x0000009f\n[    0.000000]     0: 0x00000100 -&gt; 0x00003ffe\n[    0.000000] ACPI: PM-Timer IO Port: 0xb008\n[    0.000000] ACPI: LAPIC (acpi_id[0x00] lapic_id[0x00] enabled)\n[    0.000000] ACPI: LAPIC_NMI (acpi_id[0xff] dfl dfl lint[0x1])\n[    0.000000] ACPI: IOAPIC (id[0x00] address[0xfec00000] gsi_base[0])\n[    0.000000] IOAPIC[0]: apic_id 0, version 17, address 0xfec00000, GSI 0-23\n[    0.000000] ACPI: INT_SRC_OVR (bus 0 bus_irq 0 global_irq 2 dfl dfl)\n[    0.000000] ACPI: INT_SRC_OVR (bus 0 bus_irq 5 global_irq 5 high level)\n[    0.000000] ACPI: INT_SRC_OVR (bus 0 bus_irq 9 global_irq 9 high level)\n[    0.000000] ACPI: INT_SRC_OVR (bus 0 bus_irq 10 global_irq 10 high level)\n[    0.000000] ACPI: INT_SRC_OVR (bus 0 bus_irq 11 global_irq 11 high level)\n[    0.000000] Using ACPI (MADT) for SMP configuration information\n[    0.000000] ACPI: HPET id: 0x8086a201 base: 0xfed00000\n[    0.000000] SMP: Allowing 1 CPUs, 0 hotplug CPUs\n[    0.000000] PM: Registered nosave memory: 000000000009f000 - 00000000000a0000\n[    0.000000] PM: Registered nosave memory: 00000000000a0000 - 00000000000f0000\n[    0.000000] PM: Registered nosave memory: 00000000000f0000 - 0000000000100000\n[    0.000000] Allocating PCI resources starting at 4000000 (gap: 4000000:fbfc0000)\n[    0.000000] Booting paravirtualized kernel on bare hardware\n[    0.000000] setup_pe
2016-01-07 17:27:44,268 4903 DEBUG    [tempest.scenario.manager] Console output for 85435956-29df-4a95-8ac1-5b17222dc164
body=
[    0.000000] Initializing cgroup subsys cpuset
[    0.000000] Initializing cgroup subsys cpu
[    0.000000] Linux version 3.2.0-80-virtual (buildd@batsu) (gcc version 4.6.3 (Ubuntu/Linaro 4.6.3-1ubuntu5) ) #116-Ubuntu SMP Mon Mar 23 17:28:52 UTC 2015 (Ubuntu 3.2.0-80.116-virtual 3.2.68)
[    0.000000] Command line: root=/dev/vda console=tty0 console=ttyS0 no_timer_check
[    0.000000] KERNEL supported cpus:
[    0.000000]   Intel GenuineIntel
[    0.000000]   AMD AuthenticAMD
[    0.000000]   Centaur CentaurHauls
[    0.000000] BIOS-provided physical RAM map:
[    0.000000]  BIOS-e820: 0000000000000000 - 000000000009fc00 (usable)
[    0.000000]  BIOS-e820: 000000000009fc00 - 00000000000a0000 (reserved)
[    0.000000]  BIOS-e820: 00000000000f0000 - 0000000000100000 (reserved)
[    0.000000]  BIOS-e820: 0000000000100000 - 0000000003ffe000 (usable)
[    0.000000]  BIOS-e820: 0000000003ffe000 - 0000000004000000 (reserved)
[    0.000000]  BIOS-e820: 00000000fffc0000 - 0000000100000000 (reserved)
[    0.000000] NX (Execute Disable) protection: active
[    0.000000] SMBIOS 2.4 present.
[    0.000000] No AGP bridge found
[    0.000000] last_pfn = 0x3ffe max_arch_pfn = 0x400000000
[    0.000000] x86 PAT enabled: cpu 0, old 0x7040600070406, new 0x7010600070106
[    0.000000] found SMP MP-table at [ffff8800000f0b00] f0b00
[    0.000000] init_memory_mapping: 0000000000000000-0000000003ffe000
[    0.000000] RAMDISK: 03c5e000 - 03ff0000
[    0.000000] ACPI: RSDP 00000000000f0950 00014 (v00 BOCHS )
[    0.000000] ACPI: RSDT 0000000003fffbc1 00034 (v01 BOCHS  BXPCRSDT 00000001 BXPC 00000001)
[    0.000000] ACPI: FACP 0000000003fff1c0 00074 (v01 BOCHS  BXPCFACP 00000001 BXPC 00000001)
[    0.000000] ACPI: DSDT 0000000003ffe040 01180 (v01 BOCHS  BXPCDSDT 00000001 BXPC 00000001)
[    0.000000] ACPI: FACS 0000000003ffe000 00040
[    0.000000] ACPI: SSDT 0000000003fff234 008DD (v01 BOCHS  BXPCSSDT 00000001 BXPC 00000001)
[    0.000000] ACPI: APIC 0000000003fffb11 00078 (v01 BOCHS  BXPCAPIC 00000001 BXPC 00000001)
[    0.000000] ACPI: HPET 0000000003fffb89 00038 (v01 BOCHS  BXPCHPET 00000001 BXPC 00000001)
[    0.000000] No NUMA configuration found
[    0.000000] Faking a node at 0000000000000000-0000000003ffe000
[    0.000000] Initmem setup node 0 0000000000000000-0000000003ffe000
[    0.000000]   NODE_DATA [0000000003ff6000 - 0000000003ffafff]
[    0.000000] Zone PFN ranges:
[    0.000000]   DMA      0x00000010 -&gt; 0x00001000
[    0.000000]   DMA32    0x00001000 -&gt; 0x00100000
[    0.000000]   Normal   empty
[    0.000000] Movable zone start PFN for each node
[    0.000000] early_node_map[2] active PFN ranges
[    0.000000]     0: 0x00000010 -&gt; 0x0000009f
[    0.000000]     0: 0x00000100 -&gt; 0x00003ffe
[    0.000000] ACPI: PM-Timer IO Port: 0xb008
[    0.000000] ACPI: LAPIC (acpi_id[0x00] lapic_id[0x00] enabled)
[    0.000000] ACPI: LAPIC_NMI (acpi_id[0xff] dfl dfl lint[0x1])
[    0.000000] ACPI: IOAPIC (id[0x00] address[0xfec00000] gsi_base[0])
[    0.000000] IOAPIC[0]: apic_id 0, version 17, address 0xfec00000, GSI 0-23
[    0.000000] ACPI: INT_SRC_OVR (bus 0 bus_irq 0 global_irq 2 dfl dfl)
[    0.000000] ACPI: INT_SRC_OVR (bus 0 bus_irq 5 global_irq 5 high level)
[    0.000000] ACPI: INT_SRC_OVR (bus 0 bus_irq 9 global_irq 9 high level)
[    0.000000] ACPI: INT_SRC_OVR (bus 0 bus_irq 10 global_irq 10 high level)
[    0.000000] ACPI: INT_SRC_OVR (bus 0 bus_irq 11 global_irq 11 high level)
[    0.000000] Using ACPI (MADT) for SMP configuration information
[    0.000000] ACPI: HPET id: 0x8086a201 base: 0xfed00000
[    0.000000] SMP: Allowing 1 CPUs, 0 hotplug CPUs
[    0.000000] PM: Registered nosave memory: 000000000009f000 - 00000000000a0000
[    0.000000] PM: Registered nosave memory: 00000000000a0000 - 00000000000f0000
[    0.000000] PM: Registered nosave memory: 00000000000f0000 - 0000000000100000
[    0.000000] Allocating PCI resources starting at 4000000 (gap: 4000000:fbfc0000)
[    0.000000] Booting paravirtualized kernel on bare hardware
[    0.000000] setup_percpu: NR_CPUS:64 nr_cpumask_bits:64 nr_cpu_ids:1 nr_node_ids:1
[    0.000000] PERCPU: Embedded 27 pages/cpu @ffff880003a00000 s78848 r8192 d23552 u2097152
[    0.000000] Built 1 zonelists in Node order, mobility grouping on.  Total pages: 16008
[    0.000000] Policy zone: DMA32
[    0.000000] Kernel command line: root=/dev/vda console=tty0 console=ttyS0 no_timer_check
[    0.000000] PID hash table entries: 256 (order: -1, 2048 bytes)
[    0.000000] Checking aperture...
[    0.000000] No AGP bridge found
[    0.000000] Memory: 43492k/65528k available (6576k kernel code, 452k absent, 21584k reserved, 6620k data, 928k init)
[    0.000000] SLUB: Genslabs=15, HWalign=64, Order=0-3, MinObjects=0, CPUs=1, Nodes=1
[    0.000000] Hierarchical RCU implementation.
[    0.000000] 	RCU dyntick-idle grace-period acceleration is enabled.
[    0.000000] NR_IRQS:4352 nr_irqs:256 16
[    0.000000] Console: colour VGA+ 80x25
[    0.000000] console [tty0] enabled
[    0.000000] console [ttyS0] enabled
[    0.000000] allocated 1048576 bytes of page_cgroup
[    0.000000] please try 'cgroup_disable=memory' option if you don't want memory cgroups
[    0.000000] Fast TSC calibration failed
[    0.000000] TSC: Unable to calibrate against PIT
[    0.000000] TSC: using HPET reference calibration
[    0.000000] Detected 2294.371 MHz processor.
[    0.033578] Calibrating delay loop (skipped), value calculated using timer frequency.. 4588.74 BogoMIPS (lpj=9177484)
[    0.035588] pid_max: default: 32768 minimum: 301
[    0.042846] Security Framework initialized
[    0.047184] AppArmor: AppArmor initialized
[    0.048123] Yama: becoming mindful.
[    0.055167] Dentry cache hash table entries: 8192 (order: 4, 65536 bytes)
[    0.056588] Inode-cache hash table entries: 4096 (order: 3, 32768 bytes)
[    0.058246] Mount-cache hash table entries: 256
[    0.074305] Initializing cgroup subsys cpuacct
[    0.075181] Initializing cgroup subsys memory
[    0.076744] Initializing cgroup subsys devices
[    0.077476] Initializing cgroup subsys freezer
[    0.078141] Initializing cgroup subsys blkio
[    0.078988] Initializing cgroup subsys perf_event
[    0.084276] mce: CPU supports 10 MCE banks
[    0.088853] SMP alternatives: switching to UP code
[    0.490506] Freeing SMP alternatives: 24k freed
[    0.493040] ACPI: Core revision 20110623
[    0.552556] ftrace: allocating 26610 entries in 105 pages
[    0.584035] ..TIMER: vector=0x30 apic1=0 pin1=2 apic2=-1 pin2=-1
[    0.584035] CPU0: AMD QEMU Virtual CPU version 2.0.0 stepping 03
[    0.584035] Performance Events: Broken PMU hardware detected, using software events only.
[    0.592410] NMI watchdog disabled (cpu0): hardware events not enabled
[    0.594787] Brought up 1 CPUs
[    0.596483] Total of 1 processors activated (4588.74 BogoMIPS).
[    0.622034] devtmpfs: initialized
[    0.652983] EVM: security.selinux
[    0.653641] EVM: security.SMACK64
[    0.654259] EVM: security.capability
[    0.672334] print_constraints: dummy: 
[    0.676370] RTC time: 17:25:43, date: 01/07/16
[    0.678669] NET: Registered protocol family 16
[    0.686627] ACPI: bus type pci registered
[    0.690517] PCI: Using configuration type 1 for base access
[    0.718013] bio: create slab &lt;bio-0&gt; at 0
[    0.722582] ACPI: Added _OSI(Module Device)
[    0.723198] ACPI: Added _OSI(Processor Device)
[    0.724100] ACPI: Added _OSI(3.0 _SCP Extensions)
[    0.724737] ACPI: Added _OSI(Processor Aggregator Device)
[    0.793526] ACPI: Interpreter enabled
[    0.794118] ACPI: (supports S0 S3 S4 S5)
[    0.796605] ACPI: Using IOAPIC for interrupt routing
[    0.863123] ACPI: No dock devices found.
[    0.864179] HEST: Table not found.
[    0.864975] PCI: Using host bridge windows from ACPI; if necessary, use "pci=nocrs" and report a bug
[    0.870832] ACPI: PCI Root Bridge [PCI0] (domain 0000 [bus 00-ff])
[    0.877317] pci_root PNP0A03:00: host bridge window [io  0x0000-0x0cf7]
[    0.878261] pci_root PNP0A03:00: host bridge window [io  0x0d00-0xadff]
[    0.880199] pci_root PNP0A03:00: host bridge window [io  0xae0f-0xaeff]
[    0.881098] pci_root PNP0A03:00: host bridge window [io  0xaf20-0xafdf]
[    0.881939] pci_root PNP0A03:00: host bridge window [io  0xafe4-0xffff]
[    0.884166] pci_root PNP0A03:00: host bridge window [mem 0x000a0000-0x000bffff]
[    0.885303] pci_root PNP0A03:00: host bridge window [mem 0x04000000-0xfebfffff]
[    0.906990] pci 0000:00:01.3: quirk: [io  0xb000-0xb03f] claimed by PIIX4 ACPI
[    0.908393] pci 0000:00:01.3: quirk: [io  0xb100-0xb10f] claimed by PIIX4 SMB
[    0.980331]  pci0000:00: Unable to request _OSC control (_OSC support mask: 0x1e)
[    1.040833] ACPI: PCI Interrupt Link [LNKA] (IRQs 5 *10 11)
[    1.042615] ACPI: PCI Interrupt Link [LNKB] (IRQs 5 *10 11)
[    1.045244] ACPI: PCI Interrupt Link [LNKC] (IRQs 5 10 *11)
[    1.048335] ACPI: PCI Interrupt Link [LNKD] (IRQs 5 10 *11)
[    1.049954] ACPI: PCI Interrupt Link [LNKS] (IRQs *9)
[    1.056610] vgaarb: device added: PCI:0000:00:02.0,decodes=io+mem,owns=io+mem,locks=none
[    1.057635] vgaarb: loaded
[    1.058016] vgaarb: bridge control possible 0000:00:02.0
[    1.062114] i2c-core: driver [aat2870] using legacy suspend method
[    1.063084] i2c-core: driver [aat2870] using legacy resume method
[    1.065517] SCSI subsystem initialized
[    1.070585] usbcore: registered new interface driver usbfs
[    1.072502] usbcore: registered new interface driver hub
[    1.073726] usbcore: registered new device driver usb
[    1.077718] PCI: Using ACPI for IRQ routing
[    1.088664] NetLabel: Initializing
[    1.089171] NetLabel:  domain hash size = 128
[    1.089809] NetLabel:  protocols = UNLABELED CIPSOv4
[    1.093013] NetLabel:  unlabeled traffic allowed by default
[    1.094883] HPET: 3 timers in total, 0 timers will be used for per-cpu timer
[    1.096606] hpet0: at MMIO 0xfed00000, IRQs 2, 8, 0
[    1.097932] hpet0: 3 comparators, 64-bit 100.000000 MHz counter
[    1.113033] Switching to clocksource hpet
[    1.361368] AppArmor: AppArmor Filesystem Enabled
[    1.362801] pnp: PnP ACPI init
[    1.363397] ACPI: bus type pnp registered
[    1.383724] pnp: PnP ACPI: found 9 devices
[    1.384962] ACPI: ACPI bus type pnp unregistered
[    1.458510] NET: Registered protocol family 2
[    1.494003] IP route cache hash table entries: 512 (order: 0, 4096 bytes)
[    1.501927] TCP established hash table entries: 2048 (order: 3, 32768 bytes)
[    1.503335] TCP bind hash table entries: 2048 (order: 3, 32768 bytes)
[    1.505357] TCP: Hash tables configured (established 2048 bind 2048)
[    1.506204] TCP reno registered
[    1.506770] UDP hash table entries: 128 (order: 0, 4096 bytes)
[    1.507676] UDP-Lite hash table entries: 128 (order: 0, 4096 bytes)
[    1.513277] NET: Registered protocol family 1
[    1.514318] pci 0000:00:00.0: Limiting direct PCI/PCI transfers
[    1.515056] pci 0000:00:01.0: PIIX3: Enabling Passive Release
[    1.517978] pci 0000:00:01.0: Activating ISA DMA hang workarounds
[    1.522950] ACPI: PCI Interrupt Link [LNKD] enabled at IRQ 11
[    1.524622] pci 0000:00:01.2: PCI INT D -&gt; Link[LNKD] -&gt; GSI 11 (level, high) -&gt; IRQ 11
[    1.527639] pci 0000:00:01.2: PCI INT D disabled
[    1.547867] Trying to unpack rootfs image as initramfs...
[    1.566100] audit: initializing netlink socket (disabled)
[    1.567320] type=2000 audit(1452187543.564:1): initialized
[    1.855969] HugeTLB registered 2 MB page size, pre-allocated 0 pages
[    1.952326] VFS: Disk quotas dquot_6.5.2
[    1.957523] Dquot-cache hash table entries: 512 (order 0, 4096 bytes)
[    1.975030] fuse init (API version 7.17)
[    1.986650] msgmni has been set to 84
[    2.025838] Block layer SCSI generic (bsg) driver version 0.4 loaded (major 253)
[    2.034143] io scheduler noop registered
[    2.034728] io scheduler deadline registered (default)
[    2.038232] io scheduler cfq registered
[    2.042701] pci_hotplug: PCI Hot Plug PCI Core version: 0.5
[    2.048902] pciehp: PCI Express Hot Plug Controller Driver version: 0.4
[    2.062752] input: Power Button as /devices/LNXSYSTM:00/LNXPWRBN:00/input/input0
[    2.066232] ACPI: Power Button [PWRF]
[    2.151500] ERST: Table is not found!
[    2.152031] GHES: HEST is not enabled!
[    2.166202] ACPI: PCI Interrupt Link [LNKC] enabled at IRQ 10
[    2.166789] virtio-pci 0000:00:03.0: PCI INT A -&gt; Link[LNKC] -&gt; GSI 10 (level, high) -&gt; IRQ 10
[    2.170536] virtio-pci 0000:00:04.0: PCI INT A -&gt; Link[LNKD] -&gt; GSI 11 (level, high) -&gt; IRQ 11
[    2.175223] ACPI: PCI Interrupt Link [LNKA] enabled at IRQ 10
[    2.176034] virtio-pci 0000:00:05.0: PCI INT A -&gt; Link[LNKA] -&gt; GSI 10 (level, high) -&gt; IRQ 10
[    2.198788] Serial: 8250/16550 driver, 32 ports, IRQ sharing enabled
[    2.242724] serial8250: ttyS0 at I/O 0x3f8 (irq = 4) is a 16550A
[    2.324054] serial8250: ttyS1 at I/O 0x2f8 (irq = 3) is a 16550A
[    2.461803] 00:05: ttyS0 at I/O 0x3f8 (irq = 4) is a 16550A
[    2.557173] 00:06: ttyS1 at I/O 0x2f8 (irq = 3) is a 16550A
[    2.558176] Refined TSC clocksource calibration: 2294.486 MHz.
[    2.558909] Switching to clocksource tsc
[    2.617141] Linux agpgart interface v0.103
[    2.688207] brd: module loaded
[    2.718890] loop: module loaded
[    2.773728]  vda: unknown partition table
[    2.830860] scsi0 : ata_piix
[    2.833816] scsi1 : ata_piix
[    2.834996] ata1: PATA max MWDMA2 cmd 0x1f0 ctl 0x3f6 bmdma 0xc0a0 irq 14
[    2.837823] ata2: PATA max MWDMA2 cmd 0x170 ctl 0x376 bmdma 0xc0a8 irq 15
[    2.847461] Fixed MDIO Bus: probed
[    2.849209] tun: Universal TUN/TAP device driver, 1.6
[    2.849966] tun: (C) 1999-2004 Max Krasnyansky &lt;maxk@qualcomm.com&gt;
[    2.874064] PPP generic driver version 2.4.2
[    2.901559] ehci_hcd: USB 2.0 'Enhanced' Host Controller (EHCI) Driver
[    2.902685] ohci_hcd: USB 1.1 'Open' Host Controller (OHCI) Driver
[    2.903332] uhci_hcd: USB Universal Host Controller Interface driver
[    2.905215] uhci_hcd 0000:00:01.2: PCI INT D -&gt; Link[LNKD] -&gt; GSI 11 (level, high) -&gt; IRQ 11
[    2.907787] uhci_hcd 0000:00:01.2: UHCI Host Controller
[    2.918261] uhci_hcd 0000:00:01.2: new USB bus registered, assigned bus number 1
[    2.920091] uhci_hcd 0000:00:01.2: irq 11, io base 0x0000c040
[    2.952243] hub 1-0:1.0: USB hub found
[    2.955819] hub 1-0:1.0: 2 ports detected
[    2.970620] usbcore: registered new interface driver libusual
[    2.977469] i8042: PNP: PS/2 Controller [PNP0303:KBD,PNP0f13:MOU] at 0x60,0x64 irq 1,12
[    2.987572] serio: i8042 KBD port at 0x60,0x64 irq 1
[    2.989215] serio: i8042 AUX port at 0x60,0x64 irq 12
[    3.065582] mousedev: PS/2 mouse device common for all mice
[    3.082201] ata2.01: ATAPI: QEMU DVD-ROM, 2.0.0, max UDMA/100
[    3.100908] input: AT Translated Set 2 keyboard as /devices/platform/i8042/serio0/input/input1
[    3.106477] rtc_cmos 00:01: RTC can wake from S4
[    3.123260] rtc_cmos 00:01: rtc core: registered rtc_cmos as rtc0
[    3.128211] rtc0: alarms up to one day, 114 bytes nvram, hpet irqs
[    3.132886] device-mapper: uevent: version 1.0.3
[    3.146370] ata2.01: configured for MWDMA2
[    3.168392] scsi 1:0:1:0: CD-ROM            QEMU     QEMU DVD-ROM     2.0. PQ: 0 ANSI: 5
[    3.190440] device-mapper: ioctl: 4.22.0-ioctl (2011-10-19) initialised: dm-devel@redhat.com
[    3.195873] cpuidle: using governor ladder
[    3.198145] cpuidle: using governor menu
[    3.199668] EFI Variables Facility v0.08 2004-May-17
[    3.207808] TCP cubic registered
[    3.214364] NET: Registered protocol family 10
[    3.242870] NET: Registered protocol family 17
[    3.243952] Registering the dns_resolver key type
[    3.260902] sr0: scsi3-mmc drive: 4x/4x cd/rw xa/form2 tray
[    3.263414] cdrom: Uniform CD-ROM driver Revision: 3.20
[    3.282401] sr 1:0:1:0: Attached scsi generic sg0 type 5
[    3.342869] registered taskstats version 1
[    3.362188] Freeing initrd memory: 3656k freed
[    3.837098]   Magic number: 0:671:440
[    3.848627] rtc_cmos 00:01: setting system clock to 2016-01-07 17:25:46 UTC (1452187546)
[    3.851122] powernow-k8: Processor cpuid 663 not supported
[    3.857662] BIOS EDD facility v0.16 2004-Jun-25, 0 devices found
[    3.859619] EDD information not available.
[    3.926673] Freeing unused kernel memory: 928k freed
[    3.930834] Write protecting the kernel read-only data: 12288k
[    4.043291] Freeing unused kernel memory: 1596k freed
[    4.118132] Freeing unused kernel memory: 1184k freed

info: initramfs: up at 4.31
modprobe: module virtio_blk not found in modules.dep
modprobe: module virtio_net not found in modules.dep
info: copying initramfs to /dev/vda
info: initramfs loading root from /dev/vda
info: /etc/init.d/rc.sysinit: up at 9.02
info: container: none
Starting logging: OK
modprobe: module virtio_blk not found in modules.dep
modprobe: module virtio_net not found in modules.dep
WARN: /etc/rc3.d/S10-load-modules failed
Initializing random number generator... done.
Starting acpid: OK
cirros-ds 'local' up at 11.50
found datasource (configdrive, local)
Starting network...
udhcpc (v1.20.1) started
Sending discover...
Sending discover...

2016-01-07 17:27:44,551 4903 INFO     [tempest_lib.common.rest_client] Request (TestNetworkBasicOps:_run_cleanups): 204 DELETE http://10.0.2.15:9696/v2.0/floatingips/d7f0e19f-2a78-4d0b-bd03-68ef306baeda 0.276s
2016-01-07 17:27:44,552 4903 DEBUG    [tempest_lib.common.rest_client] Request - Headers: {'Content-Type': 'application/json', 'Accept': 'application/json', 'X-Auth-Token': '&lt;omitted&gt;'}
        Body: None
    Response - Headers: {'date': 'Thu, 07 Jan 2016 17:27:44 GMT', 'status': '204', 'connection': 'close', 'content-length': '0', 'x-openstack-request-id': 'req-9e83f9a8-6aa3-46dc-b8cb-c684238556c2'}
        Body: 
2016-01-07 17:27:44,777 4903 INFO     [tempest_lib.common.rest_client] Request (TestNetworkBasicOps:_run_cleanups): 204 DELETE http://10.0.2.15:8774/v2.1/9a48bb77c0c0422cae478ff59d788f1e/servers/85435956-29df-4a95-8ac1-5b17222dc164 0.224s
2016-01-07 17:27:44,777 4903 DEBUG    [tempest_lib.common.rest_client] Request - Headers: {'Content-Type': 'application/json', 'Accept': 'application/json', 'X-Auth-Token': '&lt;omitted&gt;'}
        Body: None
    Response - Headers: {'status': '204', 'content-length': '0', 'x-compute-request-id': 'req-eb2a5079-bc8d-4116-82db-745ebad8ad58', 'vary': 'X-OpenStack-Nova-API-Version', 'connection': 'close', 'x-openstack-nova-api-version': '2.1', 'date': 'Thu, 07 Jan 2016 17:27:44 GMT', 'content-type': 'application/json'}
        Body: 
2016-01-07 17:27:45,101 4903 INFO     [tempest_lib.common.rest_client] Request (TestNetworkBasicOps:_run_cleanups): 200 GET http://10.0.2.15:8774/v2.1/9a48bb77c0c0422cae478ff59d788f1e/servers/85435956-29df-4a95-8ac1-5b17222dc164 0.323s
2016-01-07 17:27:45,101 4903 DEBUG    [tempest_lib.common.rest_client] Request - Headers: {'Content-Type': 'application/json', 'Accept': 'application/json', 'X-Auth-Token': '&lt;omitted&gt;'}
        Body: None
    Response - Headers: {'status': '200', 'content-length': '1776', 'content-location': 'http://10.0.2.15:8774/v2.1/9a48bb77c0c0422cae478ff59d788f1e/servers/85435956-29df-4a95-8ac1-5b17222dc164', 'x-compute-request-id': 'req-239bef2c-f26b-4c2d-8e44-8c97d33eb00f', 'vary': 'X-OpenStack-Nova-API-Version', 'connection': 'close', 'x-openstack-nova-api-version': '2.1', 'date': 'Thu, 07 Jan 2016 17:27:45 GMT', 'content-type': 'application/json'}
        Body: {"server": {"status": "ACTIVE", "updated": "2016-01-07T17:27:44Z", "hostId": "dbf5b1e40557f3fb6a7c735e0e1cb595f66c0d4dc83e1723c001acfd", "addresses": {"tempest-network-smoke--1980642681": [{"OS-EXT-IPS-MAC:mac_addr": "fa:16:3e:8b:d5:16", "version": 4, "addr": "10.100.0.3", "OS-EXT-IPS:type": "fixed"}, {"OS-EXT-IPS-MAC:mac_addr": "fa:16:3e:8b:d5:16", "version": 4, "addr": "172.24.4.4", "OS-EXT-IPS:type": "floating"}]}, "links": [{"href": "http://10.0.2.15:8774/v2.1/9a48bb77c0c0422cae478ff59d788f1e/servers/85435956-29df-4a95-8ac1-5b17222dc164", "rel": "self"}, {"href": "http://10.0.2.15:8774/9a48bb77c0c0422cae478ff59d788f1e/servers/85435956-29df-4a95-8ac1-5b17222dc164", "rel": "bookmark"}], "key_name": "tempest-TestNetworkBasicOps-1727191733", "image": {"id": "392c2a1a-c360-4ae2-aab9-f2b59238f7c9", "links": [{"href": "http://10.0.2.15:8774/9a48bb77c0c0422cae478ff59d788f1e/images/392c2a1a-c360-4ae2-aab9-f2b59238f7c9", "rel": "bookmark"}]}, "OS-EXT-STS:task_state": "deleting", "OS-EXT-STS:vm_state": "active", "OS-SRV-USG:launched_at": "2016-01-07T17:25:40.000000", "flavor": {"id": "42", "links": [{"href": "http://10.0.2.15:8774/9a48bb77c0c0422cae478ff59d788f1e/flavors/42", "rel": "bookmark"}]}, "id": "85435956-29df-4a95-8ac1-5b17222dc164", "security_groups": [{"name": "tempest-secgroup-smoke-1004694400"}], "OS-SRV-USG:terminated_at": null, "OS-EXT-AZ:availability_zone": "nova", "user_id": "d5cabd94e1954fa6b511b53d19aae058", "name": "tempest.common.compute-instance-799355215", "created": "2016-01-07T17:25:37Z", "tenant_id": "9a48bb77c0c0422cae478ff59d788f1e", "OS-DCF:diskConfig": "MANUAL", "os-extended-volumes:volumes_attached": [], "accessIPv4": "", "accessIPv6": "", "progress": 0, "OS-EXT-STS:power_state": 1, "config_drive": "True", "metadata": {}}}
2016-01-07 17:27:46,263 4903 INFO     [tempest_lib.common.rest_client] Request (TestNetworkBasicOps:_run_cleanups): 200 GET http://10.0.2.15:8774/v2.1/9a48bb77c0c0422cae478ff59d788f1e/servers/85435956-29df-4a95-8ac1-5b17222dc164 0.150s
2016-01-07 17:27:46,263 4903 DEBUG    [tempest_lib.common.rest_client] Request - Headers: {'Content-Type': 'application/json', 'Accept': 'application/json', 'X-Auth-Token': '&lt;omitted&gt;'}
        Body: None
    Response - Headers: {'status': '200', 'content-length': '1440', 'content-location': 'http://10.0.2.15:8774/v2.1/9a48bb77c0c0422cae478ff59d788f1e/servers/85435956-29df-4a95-8ac1-5b17222dc164', 'x-compute-request-id': 'req-c5f81fdd-36a4-4cf8-8c6c-9870ffe25bee', 'vary': 'X-OpenStack-Nova-API-Version', 'connection': 'close', 'x-openstack-nova-api-version': '2.1', 'date': 'Thu, 07 Jan 2016 17:27:46 GMT', 'content-type': 'application/json'}
        Body: {"server": {"status": "ACTIVE", "updated": "2016-01-07T17:27:45Z", "hostId": "dbf5b1e40557f3fb6a7c735e0e1cb595f66c0d4dc83e1723c001acfd", "addresses": {}, "links": [{"href": "http://10.0.2.15:8774/v2.1/9a48bb77c0c0422cae478ff59d788f1e/servers/85435956-29df-4a95-8ac1-5b17222dc164", "rel": "self"}, {"href": "http://10.0.2.15:8774/9a48bb77c0c0422cae478ff59d788f1e/servers/85435956-29df-4a95-8ac1-5b17222dc164", "rel": "bookmark"}], "key_name": "tempest-TestNetworkBasicOps-1727191733", "image": {"id": "392c2a1a-c360-4ae2-aab9-f2b59238f7c9", "links": [{"href": "http://10.0.2.15:8774/9a48bb77c0c0422cae478ff59d788f1e/images/392c2a1a-c360-4ae2-aab9-f2b59238f7c9", "rel": "bookmark"}]}, "OS-EXT-STS:task_state": "deleting", "OS-EXT-STS:vm_state": "active", "OS-SRV-USG:launched_at": "2016-01-07T17:25:40.000000", "flavor": {"id": "42", "links": [{"href": "http://10.0.2.15:8774/9a48bb77c0c0422cae478ff59d788f1e/flavors/42", "rel": "bookmark"}]}, "id": "85435956-29df-4a95-8ac1-5b17222dc164", "OS-SRV-USG:terminated_at": null, "OS-EXT-AZ:availability_zone": "nova", "user_id": "d5cabd94e1954fa6b511b53d19aae058", "name": "tempest.common.compute-instance-799355215", "created": "2016-01-07T17:25:37Z", "tenant_id": "9a48bb77c0c0422cae478ff59d788f1e", "OS-DCF:diskConfig": "MANUAL", "os-extended-volumes:volumes_attached": [], "accessIPv4": "", "accessIPv6": "", "progress": 0, "OS-EXT-STS:power_state": 1, "config_drive": "True", "metadata": {}}}
2016-01-07 17:27:47,356 4903 INFO     [tempest_lib.common.rest_client] Request (TestNetworkBasicOps:_run_cleanups): 404 GET http://10.0.2.15:8774/v2.1/9a48bb77c0c0422cae478ff59d788f1e/servers/85435956-29df-4a95-8ac1-5b17222dc164 0.082s
2016-01-07 17:27:47,357 4903 DEBUG    [tempest_lib.common.rest_client] Request - Headers: {'Content-Type': 'application/json', 'Accept': 'application/json', 'X-Auth-Token': '&lt;omitted&gt;'}
        Body: None
    Response - Headers: {'status': '404', 'content-length': '111', 'x-compute-request-id': 'req-a97d562b-cca7-4b9e-9ec9-ff903d96380f', 'vary': 'X-OpenStack-Nova-API-Version', 'connection': 'close', 'x-openstack-nova-api-version': '2.1', 'date': 'Thu, 07 Jan 2016 17:27:47 GMT', 'content-type': 'application/json; charset=UTF-8'}
        Body: {"itemNotFound": {"message": "Instance 85435956-29df-4a95-8ac1-5b17222dc164 could not be found.", "code": 404}}
2016-01-07 17:27:47,376 4903 INFO     [tempest_lib.common.rest_client] Request (TestNetworkBasicOps:_run_cleanups): 202 DELETE http://10.0.2.15:8774/v2.1/9a48bb77c0c0422cae478ff59d788f1e/os-keypairs/tempest-TestNetworkBasicOps-1727191733 0.018s
2016-01-07 17:27:47,377 4903 DEBUG    [tempest_lib.common.rest_client] Request - Headers: {'Content-Type': 'application/json', 'Accept': 'application/json', 'X-Auth-Token': '&lt;omitted&gt;'}
        Body: None
    Response - Headers: {'status': '202', 'content-length': '0', 'x-compute-request-id': 'req-e9ee9ec1-f533-4b94-8282-9d157fcd9bd8', 'vary': 'X-OpenStack-Nova-API-Version', 'connection': 'close', 'x-openstack-nova-api-version': '2.1', 'date': 'Thu, 07 Jan 2016 17:27:47 GMT', 'content-type': 'application/json'}
        Body: 
2016-01-07 17:27:47,780 4903 INFO     [tempest_lib.common.rest_client] Request (TestNetworkBasicOps:_run_cleanups): 200 PUT http://10.0.2.15:9696/v2.0/routers/969d4b9b-d920-4b9c-a4cd-f724e7481da4/remove_router_interface 0.401s
2016-01-07 17:27:47,780 4903 DEBUG    [tempest_lib.common.rest_client] Request - Headers: {'Content-Type': 'application/json', 'Accept': 'application/json', 'X-Auth-Token': '&lt;omitted&gt;'}
        Body: {"subnet_id": "baa9aa52-6bb2-4d44-bbfd-31c6b045c8c3"}
    Response - Headers: {'status': '200', 'content-length': '255', 'connection': 'close', 'date': 'Thu, 07 Jan 2016 17:27:47 GMT', 'content-type': 'application/json; charset=UTF-8', 'x-openstack-request-id': 'req-eddf3190-3d1e-4c96-9759-d5df621ee27d'}
        Body: {"subnet_id": "baa9aa52-6bb2-4d44-bbfd-31c6b045c8c3", "tenant_id": "9a48bb77c0c0422cae478ff59d788f1e", "subnet_ids": ["baa9aa52-6bb2-4d44-bbfd-31c6b045c8c3"], "port_id": "1ba3475e-8692-4f2a-a6e6-00f8d0bdf1fe", "id": "969d4b9b-d920-4b9c-a4cd-f724e7481da4"}
2016-01-07 17:27:48,274 4903 INFO     [tempest_lib.common.rest_client] Request (TestNetworkBasicOps:_run_cleanups): 204 DELETE http://10.0.2.15:9696/v2.0/subnets/baa9aa52-6bb2-4d44-bbfd-31c6b045c8c3 0.493s
2016-01-07 17:27:48,275 4903 DEBUG    [tempest_lib.common.rest_client] Request - Headers: {'Content-Type': 'application/json', 'Accept': 'application/json', 'X-Auth-Token': '&lt;omitted&gt;'}
        Body: None
    Response - Headers: {'date': 'Thu, 07 Jan 2016 17:27:48 GMT', 'status': '204', 'connection': 'close', 'content-length': '0', 'x-openstack-request-id': 'req-041a611a-42df-4925-8437-25286616a4b4'}
        Body: 
2016-01-07 17:27:48,331 4903 INFO     [tempest_lib.common.rest_client] Request (TestNetworkBasicOps:_run_cleanups): 200 GET http://10.0.2.15:9696/v2.0/routers/969d4b9b-d920-4b9c-a4cd-f724e7481da4 0.056s
2016-01-07 17:27:48,332 4903 DEBUG    [tempest_lib.common.rest_client] Request - Headers: {'Content-Type': 'application/json', 'Accept': 'application/json', 'X-Auth-Token': '&lt;omitted&gt;'}
        Body: None
    Response - Headers: {'status': '200', 'content-length': '563', 'content-location': 'http://10.0.2.15:9696/v2.0/routers/969d4b9b-d920-4b9c-a4cd-f724e7481da4', 'connection': 'close', 'date': 'Thu, 07 Jan 2016 17:27:48 GMT', 'content-type': 'application/json; charset=UTF-8', 'x-openstack-request-id': 'req-0337880a-1a13-4558-b7bd-467b76227c1a'}
        Body: {"router": {"status": "ACTIVE", "external_gateway_info": {"network_id": "319789bd-46a6-420b-9b26-1ca25a4ed84e", "enable_snat": true, "external_fixed_ips": [{"subnet_id": "28ba3c0d-d8e0-42a9-8600-492d96cc62df", "ip_address": "172.24.4.3"}, {"subnet_id": "7d59ad99-2600-4052-8ec7-ddbda70ee8f8", "ip_address": "2001:db8::4"}]}, "availability_zone_hints": [], "availability_zones": ["nova"], "name": "tempest-router-smoke-545322901", "admin_state_up": true, "tenant_id": "9a48bb77c0c0422cae478ff59d788f1e", "routes": [], "id": "969d4b9b-d920-4b9c-a4cd-f724e7481da4"}}
2016-01-07 17:27:48,783 4903 INFO     [tempest_lib.common.rest_client] Request (TestNetworkBasicOps:_run_cleanups): 200 PUT http://10.0.2.15:9696/v2.0/routers/969d4b9b-d920-4b9c-a4cd-f724e7481da4 0.449s
2016-01-07 17:27:48,784 4903 DEBUG    [tempest_lib.common.rest_client] Request - Headers: {'Content-Type': 'application/json', 'Accept': 'application/json', 'X-Auth-Token': '&lt;omitted&gt;'}
        Body: {"router": {"external_gateway_info": {}, "name": "tempest-router-smoke-545322901", "admin_state_up": true}}
    Response - Headers: {'status': '200', 'content-length': '301', 'connection': 'close', 'date': 'Thu, 07 Jan 2016 17:27:48 GMT', 'content-type': 'application/json; charset=UTF-8', 'x-openstack-request-id': 'req-b8aa2e54-d5ca-478a-aa34-6f8307fe1e00'}
        Body: {"router": {"status": "ACTIVE", "external_gateway_info": null, "availability_zone_hints": [], "availability_zones": ["nova"], "name": "tempest-router-smoke-545322901", "admin_state_up": true, "tenant_id": "9a48bb77c0c0422cae478ff59d788f1e", "routes": [], "id": "969d4b9b-d920-4b9c-a4cd-f724e7481da4"}}
2016-01-07 17:27:49,022 4903 INFO     [tempest_lib.common.rest_client] Request (TestNetworkBasicOps:_run_cleanups): 204 DELETE http://10.0.2.15:9696/v2.0/routers/969d4b9b-d920-4b9c-a4cd-f724e7481da4 0.237s
2016-01-07 17:27:49,023 4903 DEBUG    [tempest_lib.common.rest_client] Request - Headers: {'Content-Type': 'application/json', 'Accept': 'application/json', 'X-Auth-Token': '&lt;omitted&gt;'}
        Body: None
    Response - Headers: {'date': 'Thu, 07 Jan 2016 17:27:49 GMT', 'status': '204', 'connection': 'close', 'content-length': '0', 'x-openstack-request-id': 'req-f468a6eb-6259-4b66-b2b3-bf9e5d6460a5'}
        Body: 
2016-01-07 17:27:49,251 4903 INFO     [tempest_lib.common.rest_client] Request (TestNetworkBasicOps:_run_cleanups): 204 DELETE http://10.0.2.15:9696/v2.0/networks/8706dbad-7cbc-4c75-b427-a0e75ede896e 0.227s
2016-01-07 17:27:49,251 4903 DEBUG    [tempest_lib.common.rest_client] Request - Headers: {'Content-Type': 'application/json', 'Accept': 'application/json', 'X-Auth-Token': '&lt;omitted&gt;'}
        Body: None
    Response - Headers: {'date': 'Thu, 07 Jan 2016 17:27:49 GMT', 'status': '204', 'connection': 'close', 'content-length': '0', 'x-openstack-request-id': 'req-f0e16822-2801-4b53-be7f-f2b9a6c3a1f3'}
        Body: 
2016-01-07 17:27:49,312 4903 INFO     [tempest_lib.common.rest_client] Request (TestNetworkBasicOps:_run_cleanups): 204 DELETE http://10.0.2.15:9696/v2.0/security-group-rules/c6df5a5a-67c7-4ba8-8613-c61505c461c3 0.060s
2016-01-07 17:27:49,313 4903 DEBUG    [tempest_lib.common.rest_client] Request - Headers: {'Content-Type': 'application/json', 'Accept': 'application/json', 'X-Auth-Token': '&lt;omitted&gt;'}
        Body: None
    Response - Headers: {'date': 'Thu, 07 Jan 2016 17:27:49 GMT', 'status': '204', 'connection': 'close', 'content-length': '0', 'x-openstack-request-id': 'req-c38f0a69-2e1c-4677-a65f-2d5e522ea52f'}
        Body: 
2016-01-07 17:27:49,382 4903 INFO     [tempest_lib.common.rest_client] Request (TestNetworkBasicOps:_run_cleanups): 204 DELETE http://10.0.2.15:9696/v2.0/security-group-rules/d8f55759-1795-4c9d-9403-2e878eec9118 0.068s
2016-01-07 17:27:49,382 4903 DEBUG    [tempest_lib.common.rest_client] Request - Headers: {'Content-Type': 'application/json', 'Accept': 'application/json', 'X-Auth-Token': '&lt;omitted&gt;'}
        Body: None
    Response - Headers: {'date': 'Thu, 07 Jan 2016 17:27:49 GMT', 'status': '204', 'connection': 'close', 'content-length': '0', 'x-openstack-request-id': 'req-c16b17e8-cfe5-44f3-88b5-49c0042d0187'}
        Body: 
2016-01-07 17:27:49,451 4903 INFO     [tempest_lib.common.rest_client] Request (TestNetworkBasicOps:_run_cleanups): 204 DELETE http://10.0.2.15:9696/v2.0/security-group-rules/1489f795-2130-4019-96d2-ac104e1429f9 0.067s
2016-01-07 17:27:49,451 4903 DEBUG    [tempest_lib.common.rest_client] Request - Headers: {'Content-Type': 'application/json', 'Accept': 'application/json', 'X-Auth-Token': '&lt;omitted&gt;'}
        Body: None
    Response - Headers: {'date': 'Thu, 07 Jan 2016 17:27:49 GMT', 'status': '204', 'connection': 'close', 'content-length': '0', 'x-openstack-request-id': 'req-9d9f37ec-7a51-4844-8a7c-f90c33ffbc4a'}
        Body: 
2016-01-07 17:27:49,529 4903 INFO     [tempest_lib.common.rest_client] Request (TestNetworkBasicOps:_run_cleanups): 204 DELETE http://10.0.2.15:9696/v2.0/security-group-rules/9a7e6bae-0e11-47ac-83e4-07a0d3344a1c 0.076s
2016-01-07 17:27:49,529 4903 DEBUG    [tempest_lib.common.rest_client] Request - Headers: {'Content-Type': 'application/json', 'Accept': 'application/json', 'X-Auth-Token': '&lt;omitted&gt;'}
        Body: None
    Response - Headers: {'date': 'Thu, 07 Jan 2016 17:27:49 GMT', 'status': '204', 'connection': 'close', 'content-length': '0', 'x-openstack-request-id': 'req-9c58d899-1f6c-4932-84cd-891d27e1293e'}
        Body: 
2016-01-07 17:27:49,594 4903 INFO     [tempest_lib.common.rest_client] Request (TestNetworkBasicOps:_run_cleanups): 204 DELETE http://10.0.2.15:9696/v2.0/security-group-rules/1f42165b-6e51-4aa5-90ec-72de11d4c069 0.063s
2016-01-07 17:27:49,594 4903 DEBUG    [tempest_lib.common.rest_client] Request - Headers: {'Content-Type': 'application/json', 'Accept': 'application/json', 'X-Auth-Token': '&lt;omitted&gt;'}
        Body: None
    Response - Headers: {'date': 'Thu, 07 Jan 2016 17:27:49 GMT', 'status': '204', 'connection': 'close', 'content-length': '0', 'x-openstack-request-id': 'req-6e3a5b96-1e12-4042-939c-660891bd7284'}
        Body: 
2016-01-07 17:27:49,657 4903 INFO     [tempest_lib.common.rest_client] Request (TestNetworkBasicOps:_run_cleanups): 204 DELETE http://10.0.2.15:9696/v2.0/security-group-rules/274c386f-a7b6-4af4-bc3d-e7bcccfb8eff 0.061s
