<?xml version="1.0" encoding="UTF-8"?>
<!DOCTYPE html PUBLIC "-//W3C//DTD XHTML 1.0 Strict//EN"
     "http://www.w3.org/TR/xhtml1/DTD/xhtml1-strict.dtd">
<html xmlns="http://www.w3.org/1999/xhtml">
<head>
    <title>Unit Test Report</title>
    <meta name="generator" content="subunit2html 0.1"/>
    <meta http-equiv="Content-Type" content="text/html; charset=UTF-8"/>
    
<style type="text/css" media="screen">
body        { font-family: verdana, arial, helvetica, sans-serif;
    font-size: 80%; }
table       { font-size: 100%; width: 100%;}
pre         { font-size: 80%; }

/* -- heading -------------------------------------------------------------- */
h1 {
        font-size: 16pt;
        color: gray;
}
.heading {
    margin-top: 0ex;
    margin-bottom: 1ex;
}

.heading .attribute {
    margin-top: 1ex;
    margin-bottom: 0;
}

.heading .description {
    margin-top: 4ex;
    margin-bottom: 6ex;
}

/* -- css div popup -------------------------------------------------------- */
a.popup_link {
}

a.popup_link:hover {
    color: red;
}

.popup_window {
    display: none;
    overflow-x: scroll;
    /*border: solid #627173 1px; */
    padding: 10px;
    background-color: #E6E6D6;
    font-family: "Ubuntu Mono", "Lucida Console", "Courier New", monospace;
    text-align: left;
    font-size: 8pt;
}

}
/* -- report --------------------------------------------------------------- */
#show_detail_line {
    margin-top: 3ex;
    margin-bottom: 1ex;
}
#result_table {
    width: 100%;
    border-collapse: collapse;
    border: 1px solid #777;
}
#header_row {
    font-weight: bold;
    color: white;
    background-color: #777;
}
#result_table td {
    border: 1px solid #777;
    padding: 2px;
}
#total_row  { font-weight: bold; }
.passClass  { background-color: #6c6; }
.failClass  { background-color: #c60; }
.errorClass { background-color: #c00; }
.passCase   { color: #6c6; }
.failCase   { color: #c60; font-weight: bold; }
.errorCase  { color: #c00; font-weight: bold; }
.hiddenRow  { display: none; }
.testcase   { margin-left: 2em; }
td.testname {width: 40%}
td.small {width: 40px}

/* -- ending --------------------------------------------------------------- */
#ending {
}

</style>

</head>
<body>
<script language="javascript" type="text/javascript"><!--
output_list = Array();

/* level - 0:Summary; 1:Failed; 2:All */
function showCase(level) {
    trs = document.getElementsByTagName("tr");
    for (var i = 0; i < trs.length; i++) {
        tr = trs[i];
        id = tr.id;
        if (id.substr(0,2) == 'ft') {
            if (level < 1) {
                tr.className = 'hiddenRow';
            }
            else {
                tr.className = '';
            }
        }
        if (id.substr(0,2) == 'pt') {
            if (level > 1) {
                tr.className = '';
            }
            else {
                tr.className = 'hiddenRow';
            }
        }
    }
}


function showClassDetail(cid, count) {
    var id_list = Array(count);
    var toHide = 1;
    for (var i = 0; i < count; i++) {
        tid0 = 't' + cid.substr(1) + '.' + (i+1);
        tid = 'f' + tid0;
        tr = document.getElementById(tid);
        if (!tr) {
            tid = 'p' + tid0;
            tr = document.getElementById(tid);
        }
        id_list[i] = tid;
        if (tr.className) {
            toHide = 0;
        }
    }
    for (var i = 0; i < count; i++) {
        tid = id_list[i];
        if (toHide) {
            document.getElementById('div_'+tid).style.display = 'none'
            document.getElementById(tid).className = 'hiddenRow';
        }
        else {
            document.getElementById(tid).className = '';
        }
    }
}


function showTestDetail(div_id){
    var details_div = document.getElementById(div_id)
    var displayState = details_div.style.display
    // alert(displayState)
    if (displayState != 'block' ) {
        displayState = 'block'
        details_div.style.display = 'block'
    }
    else {
        details_div.style.display = 'none'
    }
}


function html_escape(s) {
    s = s.replace(/&/g,'&amp;');
    s = s.replace(/</g,'&lt;');
    s = s.replace(/>/g,'&gt;');
    return s;
}

/* obsoleted by detail in <div>
function showOutput(id, name) {
    var w = window.open("", //url
                    name,
                    "resizable,scrollbars,status,width=800,height=450");
    d = w.document;
    d.write("<pre>");
    d.write(html_escape(output_list[id]));
    d.write("\n");
    d.write("<a href='javascript:window.close()'>close</a>\n");
    d.write("</pre>\n");
    d.close();
}
*/
--></script>

<div class='heading'>
<h1>Unit Test Report</h1>

<p class='attribute'><strong>Status:</strong> Pass 1 Failure 7 Skip 1</p>

<p class='description'></p>
</div>



<p id='show_detail_line'>Show
<a href='javascript:showCase(0)'>Summary</a>
<a href='javascript:showCase(1)'>Failed</a>
<a href='javascript:showCase(2)'>All</a>
</p>
<table id='result_table'>
<colgroup>
<col align='left' />
<col align='right' />
<col align='right' />
<col align='right' />
<col align='right' />
<col align='right' />
<col align='right' />
<col align='right' />
</colgroup>
<tr id='header_row'>
    <td>Test Group/Test case</td>
    <td>Count</td>
    <td>Pass</td>
    <td>Fail</td>
    <td>Error</td>
    <td>Skip</td>
    <td>View</td>
    <td> </td>
</tr>

<tr class='failClass'>
    <td class="testname">tempest.scenario.test_network_basic_ops.TestNetworkBasicOps</td>
    <td class="small">9</td>
    <td class="small">1</td>
    <td class="small">7</td>
    <td class="small">0</td>
    <td class="small">1</td>
    <td class="small"><a href="javascript:showClassDetail('c1',9)"
>Detail</a></td>
    <td> </td>
</tr>

<tr id='ft1.1' class='none'>
    <td class='failCase'><div class='testcase'>test_connectivity_between_vms_on_different_networks[compute,id-1546850e-fbaa-42f5-8b5f-03d8a6a95f15,network]</div></td>
    <td colspan='7' align='left'>

    <!--css div popup start-->
    <a class="popup_link" onfocus='this.blur();'
    href="javascript:showTestDetail('div_ft1.1')" >
        fail</a>

    <div id='div_ft1.1' class="popup_window">
        <div style='text-align: right; color:red;cursor:pointer'>
        <a onfocus='this.blur();'
onclick="document.getElementById('div_ft1.1').style.display = 'none' " >
           [x]</a>
        </div>
        <pre>
        
ft1.1: tempest.scenario.test_network_basic_ops.TestNetworkBasicOps.test_connectivity_between_vms_on_different_networks[compute,id-1546850e-fbaa-42f5-8b5f-03d8a6a95f15,network]_StringException: Empty attachments:
  stderr
  stdout

pythonlogging:'': {{{
2015-12-19 21:42:30,726 21528 INFO     [tempest_lib.common.rest_client] Request (TestNetworkBasicOps:test_connectivity_between_vms_on_different_networks): 201 POST http://10.0.2.15:9696/v2.0/security-groups 0.343s
2015-12-19 21:42:30,727 21528 DEBUG    [tempest_lib.common.rest_client] Request - Headers: {'Content-Type': 'application/json', 'Accept': 'application/json', 'X-Auth-Token': '&lt;omitted&gt;'}
        Body: {"security_group": {"tenant_id": "174f17e3663845a298944a5f7e55bc1b", "description": "tempest-secgroup-smoke-917557555 description", "name": "tempest-secgroup-smoke-917557555"}}
    Response - Headers: {'status': '201', 'content-length': '886', 'connection': 'close', 'date': 'Sat, 19 Dec 2015 21:42:30 GMT', 'content-type': 'application/json; charset=UTF-8', 'x-openstack-request-id': 'req-cc1f4cd3-9704-430c-97d7-fbaf8a08401c'}
        Body: {"security_group": {"tenant_id": "174f17e3663845a298944a5f7e55bc1b", "description": "tempest-secgroup-smoke-917557555 description", "id": "edd7dcae-6d93-4406-ac04-730b7e73f593", "security_group_rules": [{"remote_group_id": null, "direction": "egress", "remote_ip_prefix": null, "protocol": null, "ethertype": "IPv4", "tenant_id": "174f17e3663845a298944a5f7e55bc1b", "port_range_max": null, "port_range_min": null, "id": "49616967-8f08-477c-86c0-52e2eb8b39b2", "security_group_id": "edd7dcae-6d93-4406-ac04-730b7e73f593"}, {"remote_group_id": null, "direction": "egress", "remote_ip_prefix": null, "protocol": null, "ethertype": "IPv6", "tenant_id": "174f17e3663845a298944a5f7e55bc1b", "port_range_max": null, "port_range_min": null, "id": "5b5b1fba-c94d-4b6a-aa3d-0712df6d1cac", "security_group_id": "edd7dcae-6d93-4406-ac04-730b7e73f593"}], "name": "tempest-secgroup-smoke-917557555"}}
2015-12-19 21:42:30,937 21528 INFO     [tempest_lib.common.rest_client] Request (TestNetworkBasicOps:test_connectivity_between_vms_on_different_networks): 201 POST http://10.0.2.15:9696/v2.0/security-group-rules 0.209s
2015-12-19 21:42:30,938 21528 DEBUG    [tempest_lib.common.rest_client] Request - Headers: {'Content-Type': 'application/json', 'Accept': 'application/json', 'X-Auth-Token': '&lt;omitted&gt;'}
        Body: {"security_group_rule": {"direction": "ingress", "protocol": "tcp", "tenant_id": "174f17e3663845a298944a5f7e55bc1b", "port_range_max": 22, "security_group_id": "edd7dcae-6d93-4406-ac04-730b7e73f593", "port_range_min": 22}}
    Response - Headers: {'status': '201', 'content-length': '340', 'connection': 'close', 'date': 'Sat, 19 Dec 2015 21:42:30 GMT', 'content-type': 'application/json; charset=UTF-8', 'x-openstack-request-id': 'req-e6dbd7cf-a502-46b8-a6e3-dba17a5ada70'}
        Body: {"security_group_rule": {"remote_group_id": null, "direction": "ingress", "remote_ip_prefix": null, "protocol": "tcp", "ethertype": "IPv4", "tenant_id": "174f17e3663845a298944a5f7e55bc1b", "port_range_max": 22, "port_range_min": 22, "id": "1f12dbad-0282-4076-87c9-4a375be3011d", "security_group_id": "edd7dcae-6d93-4406-ac04-730b7e73f593"}}
2015-12-19 21:42:31,061 21528 INFO     [tempest_lib.common.rest_client] Request (TestNetworkBasicOps:test_connectivity_between_vms_on_different_networks): 201 POST http://10.0.2.15:9696/v2.0/security-group-rules 0.121s
2015-12-19 21:42:31,062 21528 DEBUG    [tempest_lib.common.rest_client] Request - Headers: {'Content-Type': 'application/json', 'Accept': 'application/json', 'X-Auth-Token': '&lt;omitted&gt;'}
        Body: {"security_group_rule": {"direction": "egress", "protocol": "tcp", "tenant_id": "174f17e3663845a298944a5f7e55bc1b", "port_range_max": 22, "security_group_id": "edd7dcae-6d93-4406-ac04-730b7e73f593", "port_range_min": 22}}
    Response - Headers: {'status': '201', 'content-length': '339', 'connection': 'close', 'date': 'Sat, 19 Dec 2015 21:42:31 GMT', 'content-type': 'application/json; charset=UTF-8', 'x-openstack-request-id': 'req-29515716-5f3a-4746-a4e2-9b48571ba20e'}
        Body: {"security_group_rule": {"remote_group_id": null, "direction": "egress", "remote_ip_prefix": null, "protocol": "tcp", "ethertype": "IPv4", "tenant_id": "174f17e3663845a298944a5f7e55bc1b", "port_range_max": 22, "port_range_min": 22, "id": "b684d4fd-a0bd-45f7-9a57-a9e788fec695", "security_group_id": "edd7dcae-6d93-4406-ac04-730b7e73f593"}}
2015-12-19 21:42:31,299 21528 INFO     [tempest_lib.common.rest_client] Request (TestNetworkBasicOps:test_connectivity_between_vms_on_different_networks): 201 POST http://10.0.2.15:9696/v2.0/security-group-rules 0.235s
2015-12-19 21:42:31,299 21528 DEBUG    [tempest_lib.common.rest_client] Request - Headers: {'Content-Type': 'application/json', 'Accept': 'application/json', 'X-Auth-Token': '&lt;omitted&gt;'}
        Body: {"security_group_rule": {"tenant_id": "174f17e3663845a298944a5f7e55bc1b", "direction": "ingress", "protocol": "icmp", "security_group_id": "edd7dcae-6d93-4406-ac04-730b7e73f593"}}
    Response - Headers: {'status': '201', 'content-length': '345', 'connection': 'close', 'date': 'Sat, 19 Dec 2015 21:42:31 GMT', 'content-type': 'application/json; charset=UTF-8', 'x-openstack-request-id': 'req-43707195-4213-48e0-b3f0-6326d841809f'}
        Body: {"security_group_rule": {"remote_group_id": null, "direction": "ingress", "remote_ip_prefix": null, "protocol": "icmp", "ethertype": "IPv4", "tenant_id": "174f17e3663845a298944a5f7e55bc1b", "port_range_max": null, "port_range_min": null, "id": "7c5d64a4-1b4b-42ed-a9d9-08a925103f21", "security_group_id": "edd7dcae-6d93-4406-ac04-730b7e73f593"}}
2015-12-19 21:42:31,414 21528 INFO     [tempest_lib.common.rest_client] Request (TestNetworkBasicOps:test_connectivity_between_vms_on_different_networks): 201 POST http://10.0.2.15:9696/v2.0/security-group-rules 0.113s
2015-12-19 21:42:31,414 21528 DEBUG    [tempest_lib.common.rest_client] Request - Headers: {'Content-Type': 'application/json', 'Accept': 'application/json', 'X-Auth-Token': '&lt;omitted&gt;'}
        Body: {"security_group_rule": {"tenant_id": "174f17e3663845a298944a5f7e55bc1b", "direction": "egress", "protocol": "icmp", "security_group_id": "edd7dcae-6d93-4406-ac04-730b7e73f593"}}
    Response - Headers: {'status': '201', 'content-length': '344', 'connection': 'close', 'date': 'Sat, 19 Dec 2015 21:42:31 GMT', 'content-type': 'application/json; charset=UTF-8', 'x-openstack-request-id': 'req-bc8b81be-2cdc-4fec-a88b-a626a178025e'}
        Body: {"security_group_rule": {"remote_group_id": null, "direction": "egress", "remote_ip_prefix": null, "protocol": "icmp", "ethertype": "IPv4", "tenant_id": "174f17e3663845a298944a5f7e55bc1b", "port_range_max": null, "port_range_min": null, "id": "2e7c6741-ebf8-468c-9fe5-7547a9ea4bb8", "security_group_id": "edd7dcae-6d93-4406-ac04-730b7e73f593"}}
2015-12-19 21:42:31,545 21528 INFO     [tempest_lib.common.rest_client] Request (TestNetworkBasicOps:test_connectivity_between_vms_on_different_networks): 201 POST http://10.0.2.15:9696/v2.0/security-group-rules 0.129s
2015-12-19 21:42:31,546 21528 DEBUG    [tempest_lib.common.rest_client] Request - Headers: {'Content-Type': 'application/json', 'Accept': 'application/json', 'X-Auth-Token': '&lt;omitted&gt;'}
        Body: {"security_group_rule": {"tenant_id": "174f17e3663845a298944a5f7e55bc1b", "direction": "ingress", "security_group_id": "edd7dcae-6d93-4406-ac04-730b7e73f593", "protocol": "icmp", "ethertype": "IPv6"}}
    Response - Headers: {'status': '201', 'content-length': '345', 'connection': 'close', 'date': 'Sat, 19 Dec 2015 21:42:31 GMT', 'content-type': 'application/json; charset=UTF-8', 'x-openstack-request-id': 'req-aa27c012-0ce8-4d1e-aa2c-51da56e8d809'}
        Body: {"security_group_rule": {"remote_group_id": null, "direction": "ingress", "remote_ip_prefix": null, "protocol": "icmp", "ethertype": "IPv6", "tenant_id": "174f17e3663845a298944a5f7e55bc1b", "port_range_max": null, "port_range_min": null, "id": "56c13c34-6a40-4aed-bb08-4a0cf67504c6", "security_group_id": "edd7dcae-6d93-4406-ac04-730b7e73f593"}}
2015-12-19 21:42:31,677 21528 INFO     [tempest_lib.common.rest_client] Request (TestNetworkBasicOps:test_connectivity_between_vms_on_different_networks): 201 POST http://10.0.2.15:9696/v2.0/security-group-rules 0.130s
2015-12-19 21:42:31,678 21528 DEBUG    [tempest_lib.common.rest_client] Request - Headers: {'Content-Type': 'application/json', 'Accept': 'application/json', 'X-Auth-Token': '&lt;omitted&gt;'}
        Body: {"security_group_rule": {"tenant_id": "174f17e3663845a298944a5f7e55bc1b", "direction": "egress", "security_group_id": "edd7dcae-6d93-4406-ac04-730b7e73f593", "protocol": "icmp", "ethertype": "IPv6"}}
    Response - Headers: {'status': '201', 'content-length': '344', 'connection': 'close', 'date': 'Sat, 19 Dec 2015 21:42:31 GMT', 'content-type': 'application/json; charset=UTF-8', 'x-openstack-request-id': 'req-2527100e-33dd-409e-b040-6620c8642cb5'}
        Body: {"security_group_rule": {"remote_group_id": null, "direction": "egress", "remote_ip_prefix": null, "protocol": "icmp", "ethertype": "IPv6", "tenant_id": "174f17e3663845a298944a5f7e55bc1b", "port_range_max": null, "port_range_min": null, "id": "f4c08eab-aa51-406f-8acb-b30b7c9f6011", "security_group_id": "edd7dcae-6d93-4406-ac04-730b7e73f593"}}
2015-12-19 21:42:31,863 21528 INFO     [tempest_lib.common.rest_client] Request (TestNetworkBasicOps:test_connectivity_between_vms_on_different_networks): 201 POST http://10.0.2.15:9696/v2.0/networks 0.183s
2015-12-19 21:42:31,864 21528 DEBUG    [tempest_lib.common.rest_client] Request - Headers: {'Content-Type': 'application/json', 'Accept': 'application/json', 'X-Auth-Token': '&lt;omitted&gt;'}
        Body: {"network": {"tenant_id": "174f17e3663845a298944a5f7e55bc1b", "name": "tempest-network-smoke--729388153"}}
    Response - Headers: {'status': '201', 'content-length': '328', 'connection': 'close', 'date': 'Sat, 19 Dec 2015 21:42:31 GMT', 'content-type': 'application/json; charset=UTF-8', 'x-openstack-request-id': 'req-de8f75dd-2889-40ee-a9b0-9e0ca2165e70'}
        Body: {"network": {"status": "ACTIVE", "subnets": [], "availability_zone_hints": "[]", "name": "tempest-network-smoke--729388153", "admin_state_up": true, "tenant_id": "174f17e3663845a298944a5f7e55bc1b", "mtu": 0, "router:external": false, "shared": false, "port_security_enabled": true, "id": "eb5757eb-900f-4d63-bae5-ce16e14b656b"}}
2015-12-19 21:42:31,956 21528 INFO     [tempest_lib.common.rest_client] Request (TestNetworkBasicOps:test_connectivity_between_vms_on_different_networks): 201 POST http://10.0.2.15:9696/v2.0/routers 0.091s
2015-12-19 21:42:31,957 21528 DEBUG    [tempest_lib.common.rest_client] Request - Headers: {'Content-Type': 'application/json', 'Accept': 'application/json', 'X-Auth-Token': '&lt;omitted&gt;'}
        Body: {"router": {"tenant_id": "174f17e3663845a298944a5f7e55bc1b", "name": "tempest-router-smoke-1837994728", "admin_state_up": true}}
    Response - Headers: {'status': '201', 'content-length': '296', 'connection': 'close', 'date': 'Sat, 19 Dec 2015 21:42:31 GMT', 'content-type': 'application/json; charset=UTF-8', 'x-openstack-request-id': 'req-40b356c6-4036-4b5f-933f-b69d5e2ad96b'}
        Body: {"router": {"status": "ACTIVE", "external_gateway_info": null, "availability_zone_hints": [], "availability_zones": [], "name": "tempest-router-smoke-1837994728", "admin_state_up": true, "tenant_id": "174f17e3663845a298944a5f7e55bc1b", "routes": [], "id": "fafbad03-bb68-4026-9d9e-4517bb0eab78"}}
2015-12-19 21:42:32,011 21528 INFO     [tempest_lib.common.rest_client] Request (TestNetworkBasicOps:test_connectivity_between_vms_on_different_networks): 200 GET http://10.0.2.15:9696/v2.0/routers/fafbad03-bb68-4026-9d9e-4517bb0eab78 0.053s
2015-12-19 21:42:32,011 21528 DEBUG    [tempest_lib.common.rest_client] Request - Headers: {'Content-Type': 'application/json', 'Accept': 'application/json', 'X-Auth-Token': '&lt;omitted&gt;'}
        Body: None
    Response - Headers: {'status': '200', 'content-length': '296', 'content-location': 'http://10.0.2.15:9696/v2.0/routers/fafbad03-bb68-4026-9d9e-4517bb0eab78', 'connection': 'close', 'date': 'Sat, 19 Dec 2015 21:42:32 GMT', 'content-type': 'application/json; charset=UTF-8', 'x-openstack-request-id': 'req-404f277d-f17a-489e-867c-226c07a39825'}
        Body: {"router": {"status": "ACTIVE", "external_gateway_info": null, "availability_zone_hints": [], "availability_zones": [], "name": "tempest-router-smoke-1837994728", "admin_state_up": true, "tenant_id": "174f17e3663845a298944a5f7e55bc1b", "routes": [], "id": "fafbad03-bb68-4026-9d9e-4517bb0eab78"}}
2015-12-19 21:42:32,694 21528 INFO     [tempest_lib.common.rest_client] Request (TestNetworkBasicOps:test_connectivity_between_vms_on_different_networks): 200 PUT http://10.0.2.15:9696/v2.0/routers/fafbad03-bb68-4026-9d9e-4517bb0eab78 0.680s
2015-12-19 21:42:32,694 21528 DEBUG    [tempest_lib.common.rest_client] Request - Headers: {'Content-Type': 'application/json', 'Accept': 'application/json', 'X-Auth-Token': '&lt;omitted&gt;'}
        Body: {"router": {"external_gateway_info": {"network_id": "d98b1671-e2a5-4384-b79c-9197e10d9f07"}, "name": "tempest-router-smoke-1837994728", "admin_state_up": true}}
    Response - Headers: {'status': '200', 'content-length': '558', 'connection': 'close', 'date': 'Sat, 19 Dec 2015 21:42:32 GMT', 'content-type': 'application/json; charset=UTF-8', 'x-openstack-request-id': 'req-d8128b63-6345-42cc-bfe1-f11153e5ac91'}
        Body: {"router": {"status": "ACTIVE", "external_gateway_info": {"network_id": "d98b1671-e2a5-4384-b79c-9197e10d9f07", "enable_snat": true, "external_fixed_ips": [{"subnet_id": "3844f6b9-7e37-417f-966f-cfeef06ac569", "ip_address": "172.24.4.3"}, {"subnet_id": "3b139c47-d526-455a-b18a-0cfe1cc99ea3", "ip_address": "2001:db8::3"}]}, "availability_zone_hints": [], "availability_zones": [], "name": "tempest-router-smoke-1837994728", "admin_state_up": true, "tenant_id": "174f17e3663845a298944a5f7e55bc1b", "routes": [], "id": "fafbad03-bb68-4026-9d9e-4517bb0eab78"}}
2015-12-19 21:42:32,861 21528 INFO     [tempest_lib.common.rest_client] Request (TestNetworkBasicOps:test_connectivity_between_vms_on_different_networks): 200 GET http://10.0.2.15:9696/v2.0/subnets?tenant_id=174f17e3663845a298944a5f7e55bc1b&amp;cidr=10.100.0.0%2F28 0.166s
2015-12-19 21:42:32,861 21528 DEBUG    [tempest_lib.common.rest_client] Request - Headers: {'Content-Type': 'application/json', 'Accept': 'application/json', 'X-Auth-Token': '&lt;omitted&gt;'}
        Body: None
    Response - Headers: {'status': '200', 'content-length': '15', 'content-location': 'http://10.0.2.15:9696/v2.0/subnets?tenant_id=174f17e3663845a298944a5f7e55bc1b&amp;cidr=10.100.0.0%2F28', 'connection': 'close', 'date': 'Sat, 19 Dec 2015 21:42:32 GMT', 'content-type': 'application/json; charset=UTF-8', 'x-openstack-request-id': 'req-d6350c29-53ea-46f2-bd47-57b79622b10a'}
        Body: {"subnets": []}
2015-12-19 21:42:33,182 21528 INFO     [tempest_lib.common.rest_client] Request (TestNetworkBasicOps:test_connectivity_between_vms_on_different_networks): 201 POST http://10.0.2.15:9696/v2.0/subnets 0.320s
2015-12-19 21:42:33,182 21528 DEBUG    [tempest_lib.common.rest_client] Request - Headers: {'Content-Type': 'application/json', 'Accept': 'application/json', 'X-Auth-Token': '&lt;omitted&gt;'}
        Body: {"subnet": {"ip_version": 4, "tenant_id": "174f17e3663845a298944a5f7e55bc1b", "cidr": "10.100.0.0/28", "network_id": "eb5757eb-900f-4d63-bae5-ce16e14b656b", "name": "tempest-subnet-smoke-1403559403"}}
    Response - Headers: {'status': '201', 'content-length': '478', 'connection': 'close', 'date': 'Sat, 19 Dec 2015 21:42:33 GMT', 'content-type': 'application/json; charset=UTF-8', 'x-openstack-request-id': 'req-54460887-92c3-42a9-93dd-5ed0ed6f7393'}
        Body: {"subnet": {"name": "tempest-subnet-smoke-1403559403", "enable_dhcp": true, "network_id": "eb5757eb-900f-4d63-bae5-ce16e14b656b", "tenant_id": "174f17e3663845a298944a5f7e55bc1b", "dns_nameservers": [], "gateway_ip": "10.100.0.1", "ipv6_ra_mode": null, "allocation_pools": [{"start": "10.100.0.2", "end": "10.100.0.14"}], "host_routes": [], "ip_version": 4, "ipv6_address_mode": null, "cidr": "10.100.0.0/28", "id": "db9efd6c-e8ac-44d2-8e9a-5c191f8fd44d", "subnetpool_id": null}}
2015-12-19 21:42:33,803 21528 INFO     [tempest_lib.common.rest_client] Request (TestNetworkBasicOps:test_connectivity_between_vms_on_different_networks): 200 PUT http://10.0.2.15:9696/v2.0/routers/fafbad03-bb68-4026-9d9e-4517bb0eab78/add_router_interface 0.620s
2015-12-19 21:42:33,803 21528 DEBUG    [tempest_lib.common.rest_client] Request - Headers: {'Content-Type': 'application/json', 'Accept': 'application/json', 'X-Auth-Token': '&lt;omitted&gt;'}
        Body: {"subnet_id": "db9efd6c-e8ac-44d2-8e9a-5c191f8fd44d"}
    Response - Headers: {'status': '200', 'content-length': '255', 'connection': 'close', 'date': 'Sat, 19 Dec 2015 21:42:33 GMT', 'content-type': 'application/json; charset=UTF-8', 'x-openstack-request-id': 'req-00ce09d7-aef9-483e-8fd9-e019612568f8'}
        Body: {"subnet_id": "db9efd6c-e8ac-44d2-8e9a-5c191f8fd44d", "tenant_id": "174f17e3663845a298944a5f7e55bc1b", "subnet_ids": ["db9efd6c-e8ac-44d2-8e9a-5c191f8fd44d"], "port_id": "da4e0d93-61a9-4314-9500-0f06720031cb", "id": "fafbad03-bb68-4026-9d9e-4517bb0eab78"}
2015-12-19 21:42:33,857 21528 INFO     [tempest_lib.common.rest_client] Request (TestNetworkBasicOps:test_connectivity_between_vms_on_different_networks): 200 GET http://10.0.2.15:9696/v2.0/networks 0.053s
2015-12-19 21:42:33,858 21528 DEBUG    [tempest_lib.common.rest_client] Request - Headers: {'Content-Type': 'application/json', 'Accept': 'application/json', 'X-Auth-Token': '&lt;omitted&gt;'}
        Body: None
    Response - Headers: {'status': '200', 'content-length': '1506', 'content-location': 'http://10.0.2.15:9696/v2.0/networks', 'connection': 'close', 'date': 'Sat, 19 Dec 2015 21:42:33 GMT', 'content-type': 'application/json; charset=UTF-8', 'x-openstack-request-id': 'req-8bd5b5b6-25f0-4c48-b166-fb89e7d2f3fb'}
        Body: {"networks": [{"status": "ACTIVE", "subnets": ["3b139c47-d526-455a-b18a-0cfe1cc99ea3", "3844f6b9-7e37-417f-966f-cfeef06ac569"], "availability_zone_hints": [], "availability_zones": ["nova"], "name": "public", "provider:physical_network": null, "admin_state_up": true, "tenant_id": "f03f853d2bd54266ab627c1afcaf5d4b", "mtu": 0, "router:external": true, "shared": false, "port_security_enabled": true, "provider:network_type": "vxlan", "id": "d98b1671-e2a5-4384-b79c-9197e10d9f07", "provider:segmentation_id": 1088}, {"status": "ACTIVE", "subnets": ["ee811c1b-ade9-446d-a013-f6514bcbce8e", "aeefe1fc-10f6-4eb3-a8a8-386d37e9dd8a"], "availability_zone_hints": [], "availability_zones": ["nova"], "name": "private", "provider:physical_network": null, "admin_state_up": true, "tenant_id": "e31c5e65394143d689ed94123e59a0d3", "mtu": 0, "router:external": false, "shared": false, "port_security_enabled": true, "provider:network_type": "vxlan", "id": "bb27765c-1e83-4855-9e67-3e13b0713d77", "provider:segmentation_id": 1096}, {"status": "ACTIVE", "subnets": ["db9efd6c-e8ac-44d2-8e9a-5c191f8fd44d"], "availability_zone_hints": [], "availability_zones": ["nova"], "name": "tempest-network-smoke--729388153", "provider:physical_network": null, "admin_state_up": true, "tenant_id": "174f17e3663845a298944a5f7e55bc1b", "mtu": 0, "router:external": false, "shared": false, "port_security_enabled": true, "provider:network_type": "vxlan", "id": "eb5757eb-900f-4d63-bae5-ce16e14b656b", "provider:segmentation_id": 1031}]}
2015-12-19 21:42:34,016 21528 INFO     [tempest_lib.common.rest_client] Request (TestNetworkBasicOps:test_connectivity_between_vms_on_different_networks): 200 GET http://10.0.2.15:9696/v2.0/subnets 0.158s
2015-12-19 21:42:34,017 21528 DEBUG    [tempest_lib.common.rest_client] Request - Headers: {'Content-Type': 'application/json', 'Accept': 'application/json', 'X-Auth-Token': '&lt;omitted&gt;'}
        Body: None
    Response - Headers: {'status': '200', 'content-length': '2408', 'content-location': 'http://10.0.2.15:9696/v2.0/subnets', 'connection': 'close', 'date': 'Sat, 19 Dec 2015 21:42:34 GMT', 'content-type': 'application/json; charset=UTF-8', 'x-openstack-request-id': 'req-efe96313-f5ba-47c2-b67c-50a4646eb4cb'}
        Body: {"subnets": [{"name": "ipv6-public-subnet", "enable_dhcp": false, "network_id": "d98b1671-e2a5-4384-b79c-9197e10d9f07", "tenant_id": "f03f853d2bd54266ab627c1afcaf5d4b", "dns_nameservers": [], "gateway_ip": "2001:db8::2", "ipv6_ra_mode": null, "allocation_pools": [{"start": "2001:db8::3", "end": "2001:db8::ffff:ffff:ffff:ffff"}, {"start": "2001:db8::1", "end": "2001:db8::1"}], "host_routes": [], "ip_version": 6, "ipv6_address_mode": null, "cidr": "2001:db8::/64", "id": "3b139c47-d526-455a-b18a-0cfe1cc99ea3", "subnetpool_id": null}, {"name": "ipv6-private-subnet", "enable_dhcp": true, "network_id": "bb27765c-1e83-4855-9e67-3e13b0713d77", "tenant_id": "e31c5e65394143d689ed94123e59a0d3", "dns_nameservers": [], "gateway_ip": "fd97:bfb8:291f::1", "ipv6_ra_mode": "slaac", "allocation_pools": [{"start": "fd97:bfb8:291f::2", "end": "fd97:bfb8:291f:0:ffff:ffff:ffff:ffff"}], "host_routes": [], "ip_version": 6, "ipv6_address_mode": "slaac", "cidr": "fd97:bfb8:291f::/64", "id": "ee811c1b-ade9-446d-a013-f6514bcbce8e", "subnetpool_id": null}, {"name": "tempest-subnet-smoke-1403559403", "enable_dhcp": true, "network_id": "eb5757eb-900f-4d63-bae5-ce16e14b656b", "tenant_id": "174f17e3663845a298944a5f7e55bc1b", "dns_nameservers": [], "gateway_ip": "10.100.0.1", "ipv6_ra_mode": null, "allocation_pools": [{"start": "10.100.0.2", "end": "10.100.0.14"}], "host_routes": [], "ip_version": 4, "ipv6_address_mode": null, "cidr": "10.100.0.0/28", "id": "db9efd6c-e8ac-44d2-8e9a-5c191f8fd44d", "subnetpool_id": null}, {"name": "public-subnet", "enable_dhcp": false, "network_id": "d98b1671-e2a5-4384-b79c-9197e10d9f07", "tenant_id": "f03f853d2bd54266ab627c1afcaf5d4b", "dns_nameservers": [], "gateway_ip": "172.24.4.1", "ipv6_ra_mode": null, "allocation_pools": [{"start": "172.24.4.2", "end": "172.24.4.254"}], "host_routes": [], "ip_version": 4, "ipv6_address_mode": null, "cidr": "172.24.4.0/24", "id": "3844f6b9-7e37-417f-966f-cfeef06ac569", "subnetpool_id": null}, {"name": "private-subnet", "enable_dhcp": true, "network_id": "bb27765c-1e83-4855-9e67-3e13b0713d77", "tenant_id": "e31c5e65394143d689ed94123e59a0d3", "dns_nameservers": [], "gateway_ip": "10.0.0.1", "ipv6_ra_mode": null, "allocation_pools": [{"start": "10.0.0.2", "end": "10.0.0.254"}], "host_routes": [], "ip_version": 4, "ipv6_address_mode": null, "cidr": "10.0.0.0/24", "id": "aeefe1fc-10f6-4eb3-a8a8-386d37e9dd8a", "subnetpool_id": null}]}
2015-12-19 21:42:34,069 21528 INFO     [tempest_lib.common.rest_client] Request (TestNetworkBasicOps:test_connectivity_between_vms_on_different_networks): 200 GET http://10.0.2.15:9696/v2.0/routers 0.051s
2015-12-19 21:42:34,070 21528 DEBUG    [tempest_lib.common.rest_client] Request - Headers: {'Content-Type': 'application/json', 'Accept': 'application/json', 'X-Auth-Token': '&lt;omitted&gt;'}
        Body: None
    Response - Headers: {'status': '200', 'content-length': '1167', 'content-location': 'http://10.0.2.15:9696/v2.0/routers', 'connection': 'close', 'date': 'Sat, 19 Dec 2015 21:42:34 GMT', 'content-type': 'application/json; charset=UTF-8', 'x-openstack-request-id': 'req-52089a45-948c-4ddc-9d96-efafb4e6521d'}
        Body: {"routers": [{"status": "ACTIVE", "external_gateway_info": {"network_id": "d98b1671-e2a5-4384-b79c-9197e10d9f07", "enable_snat": true, "external_fixed_ips": [{"subnet_id": "3844f6b9-7e37-417f-966f-cfeef06ac569", "ip_address": "172.24.4.2"}, {"subnet_id": "3b139c47-d526-455a-b18a-0cfe1cc99ea3", "ip_address": "2001:db8::1"}]}, "availability_zone_hints": [], "availability_zones": ["nova"], "name": "router1", "admin_state_up": true, "tenant_id": "e31c5e65394143d689ed94123e59a0d3", "distributed": false, "routes": [], "ha": false, "id": "040c5b28-ae5e-4098-a665-a683e0879281"}, {"status": "ACTIVE", "external_gateway_info": {"network_id": "d98b1671-e2a5-4384-b79c-9197e10d9f07", "enable_snat": true, "external_fixed_ips": [{"subnet_id": "3844f6b9-7e37-417f-966f-cfeef06ac569", "ip_address": "172.24.4.3"}, {"subnet_id": "3b139c47-d526-455a-b18a-0cfe1cc99ea3", "ip_address": "2001:db8::3"}]}, "availability_zone_hints": [], "availability_zones": ["nova"], "name": "tempest-router-smoke-1837994728", "admin_state_up": true, "tenant_id": "174f17e3663845a298944a5f7e55bc1b", "distributed": false, "routes": [], "ha": false, "id": "fafbad03-bb68-4026-9d9e-4517bb0eab78"}]}
2015-12-19 21:42:34,411 21528 INFO     [tempest_lib.common.rest_client] Request (TestNetworkBasicOps:test_connectivity_between_vms_on_different_networks): 200 POST http://10.0.2.15:8774/v2.1/174f17e3663845a298944a5f7e55bc1b/os-keypairs 0.339s
2015-12-19 21:42:34,412 21528 DEBUG    [tempest_lib.common.rest_client] Request - Headers: {'Content-Type': 'application/json', 'Accept': 'application/json', 'X-Auth-Token': '&lt;omitted&gt;'}
        Body: {"keypair": {"name": "tempest-TestNetworkBasicOps-2126573690"}}
    Response - Headers: {'status': '200', 'content-length': '2321', 'x-compute-request-id': 'req-72f26ccc-f0df-487a-81be-42434cfa4c11', 'vary': 'X-OpenStack-Nova-API-Version', 'connection': 'close', 'x-openstack-nova-api-version': '2.1', 'date': 'Sat, 19 Dec 2015 21:42:34 GMT', 'content-type': 'application/json'}
        Body: {"keypair": {"public_key": "ssh-rsa AAAAB3NzaC1yc2EAAAADAQABAAABAQChhZAqO5UPjmtPDS3BVRtfovtqfoOW7iLa1HW2mMuu85CxMEskIy8z45mrHItkv750UzsnVqjscKXwO5hUVO8IPRIh2ul3KxQj1xrSWCnkjPD3mCK6RhwmqaTZygP+BpWR1UKxYpXV1721X/L1PsAkFNw8GvAflVWOFKQlB9/Oeip1k1IH2pEIUyTPUFRYG8XDLrjU+ix2i9KndaCPgHqFlfKXdI4g7j5RyUySKHMMiF2g2OUYvaTKmVyxrBpn9jvEQq60GANaIfCLVZ9+0uy1whnLbkDrKK2kWn0OZo7pOaYYjl/B/fNKz26Txsb2cK8pGnk7ahnQZGDl0fjzaMl9 Generated-by-Nova", "private_key": "-----BEGIN RSA PRIVATE KEY-----\nMIIEqAIBAAKCAQEAoYWQKjuVD45rTw0twVUbX6L7an6Dlu4i2tR1tpjLrvOQsTBL\nJCMvM+OZqxyLZL++dFM7J1ao7HCl8DuYVFTvCD0SIdrpdysUI9ca0lgp5Izw95gi\nukYcJqmk2coD/gaVkdVCsWKV1de9tV/y9T7AJBTcPBrwH5VVjhSkJQffznoqdZNS\nB9qRCFMkz1BUWBvFwy641PosdovSp3Wgj4B6hZXyl3SOIO4+UclMkihzDIhdoNjl\nGL2kyplcsawaZ/Y7xEKutBgDWiHwi1WfftLstcIZy25A6yitpFp9DmaO6TmmGI5f\nwf3zSs9uk8bG9nCvKRp5O2oZ0GRg5dH482jJfQIDAQABAoIBAA+RnTTE63hFZQiI\nn6lr96h/QDainTJ2H7vyEKqaDb/+UCsUGZoRHiKlRJGevbznUodJ4oDHNJ8duJDw\nXZ17VlL3+AB1Zl2LNHTD7hzqTJdwEmX7LxW/XkVHwtEPTNU2c0JMSRJqC0FCe1G5\nPuTuuHyB2jyc6BpTPZzlVnEPUj5HluLl0zWZBaOIZnW+hj71gnf6BKp8Rq4WyZGy\nhhh8YhzHkS4EbhZbvM5kMyqW32BbEq58RrZEF8z0fKIGM8dx+099e2E3CASytGrJ\nmZaa1Dtihm8stq20i+4NeSPDS/R2mtA3xqNAfqvnIWkIvimEXiOxtj/F4l2nQEjt\nI9ixOkECggCBALk3Wa/eXDZaW2fFe12DfXC5oivpqtn8eaccrrSnwtG2Vf5iOuNA\ni8HvCdyw83Kr4FOT/a5WpqVgaalf8RHM8Hxgr4tLUiHkKC8kObIC49KkyH3X4Msg\n6MQdAxniTSwXaHryPdA58Zhxhz7wgX++XUUlAF5NBgvA8qNV0SXTF1vxAoIAgQDf\nQA97hiqJqq7+zjgr0YIHKwDfkifss80MHXnPSzYy36KYRbHH8SD9afYK+sbveBo9\nIV0r4BYvO6a9oe/3zT5Kab445m0UaZYEc9+7Yt9Nr+0YF+Xkkej1il1L3ElhNVM+\nkY/eEaCPWpEJ0hyp42V+CHwZK0E84tdXMA/ecI5CTQKCAIEAn8ljo3jm/rEnKDhT\nvJJCtuw/Pzkgf1z0Krpw8kPErB1sxMBD42f86jtpu64g6K3lItWKxkvVCtlJbqjp\nlZzDX9odt8MsQTbPgBP1fmBF4aTtnruOIE/s37vTwBHe2An9xguUTj6e8hAHSMI+\nRlGZr5xDXBeA/sTfzw+rFsGs5lECggCALNYGxf4aCO/4mT/9U/+Np7bhRAVsc0Nh\nCO/aiOFID0uOsho9LDSnNX3UZjwbO/jY/DH5Llig2/eU8zzUnuXffr5h77eHbLQP\n5vEGm/Gte0K70TzrdM5BBR82wYeKTTWSdFxzklvj7SZ5PomuLAh5V6iIk912Cq5c\nJSyH41qjl3kCggCAc/OzmBvQWCg3Q3QCs3ZiXu3YezRjDVYgk+kSfaZ+vBSSKa82\nxyjaw5b/INwA56yCfFFgTjgcpCPQWUC+0V04fRpbOmQwfajmV1AYL3J/yb2O4tc2\nPm2NtxrY3XOArqgP/FTgUXbK6RwHLMqgJcfjHVGdDVvgvXD1zE1LNHOJiic=\n-----END RSA PRIVATE KEY-----\n", "user_id": "e66578e6f7374bfd9dcf96f247c095b9", "name": "tempest-TestNetworkBasicOps-2126573690", "fingerprint": "65:f2:d1:eb:43:a6:93:15:82:12:15:d5:86:4e:6e:e1"}}
2015-12-19 21:42:34,532 21528 INFO     [tempest_lib.common.rest_client] Request (TestNetworkBasicOps:test_connectivity_between_vms_on_different_networks): 200 POST http://10.0.2.15:5000/v2.0/tokens
2015-12-19 21:42:34,532 21528 DEBUG    [tempest_lib.common.rest_client] Request - Headers: {'Content-Type': 'application/json', 'Accept': 'application/json'}
        Body: &lt;omitted&gt;
    Response - Headers: {'status': '200', 'content-length': '2528', 'vary': 'X-Auth-Token', 'server': 'Apache/2.4.7 (Ubuntu)', 'connection': 'close', 'date': 'Sat, 19 Dec 2015 21:42:34 GMT', 'content-type': 'application/json', 'x-openstack-request-id': 'req-a2dbaf42-9d02-41f7-afa6-f473cf7fc146'}
        Body: {"access": {"token": {"issued_at": "2015-12-19T21:42:34.522376", "expires": "2015-12-19T22:42:34Z", "id": "7b5f7f7d097141ab83d0a09147d0b34c", "tenant": {"description": "tempest-TestNetworkBasicOps-132084674-desc", "enabled": true, "id": "174f17e3663845a298944a5f7e55bc1b", "name": "tempest-TestNetworkBasicOps-132084674"}, "audit_ids": ["1c5eJvP6R0ialgOt_5dsmg"]}, "serviceCatalog": [{"endpoints": [{"adminURL": "http://10.0.2.15:8774/v2.1/174f17e3663845a298944a5f7e55bc1b", "region": "RegionOne", "internalURL": "http://10.0.2.15:8774/v2.1/174f17e3663845a298944a5f7e55bc1b", "id": "38693d1d63584a2683dd505fdd3c8f54", "publicURL": "http://10.0.2.15:8774/v2.1/174f17e3663845a298944a5f7e55bc1b"}], "endpoints_links": [], "type": "compute", "name": "nova"}, {"endpoints": [{"adminURL": "http://10.0.2.15:9696/", "region": "RegionOne", "internalURL": "http://10.0.2.15:9696/", "id": "33d17070e571479297063550939f4b2a", "publicURL": "http://10.0.2.15:9696/"}], "endpoints_links": [], "type": "network", "name": "neutron"}, {"endpoints": [{"adminURL": "http://10.0.2.15:9292", "region": "RegionOne", "internalURL": "http://10.0.2.15:9292", "id": "5d679a7dfc2048108a2a21f5a9cb4bfb", "publicURL": "http://10.0.2.15:9292"}], "endpoints_links": [], "type": "image", "name": "glance"}, {"endpoints": [{"adminURL": "http://10.0.2.15:8774/v2/174f17e3663845a298944a5f7e55bc1b", "region": "RegionOne", "internalURL": "http://10.0.2.15:8774/v2/174f17e3663845a298944a5f7e55bc1b", "id": "12807e07e0924e98ab981d843f236da0", "publicURL": "http://10.0.2.15:8774/v2/174f17e3663845a298944a5f7e55bc1b"}], "endpoints_links": [], "type": "compute_legacy", "name": "nova_legacy"}, {"endpoints": [{"adminURL": "http://10.0.2.15:8773/", "region": "RegionOne", "internalURL": "http://10.0.2.15:8773/", "id": "c79d3b12aa944c4eb9a941d8a6038d96", "publicURL": "http://10.0.2.15:8773/"}], "endpoints_links": [], "type": "ec2", "name": "ec2"}, {"endpoints": [{"adminURL": "http://10.0.2.15:35357/v2.0", "region": "RegionOne", "internalURL": "http://10.0.2.15:5000/v2.0", "id": "58a86c288be5438f99f467e13e78c056", "publicURL": "http://10.0.2.15:5000/v2.0"}], "endpoints_links": [], "type": "identity", "name": "keystone"}], "user": {"username": "tempest-TestNetworkBasicOps-1771755243", "roles_links": [], "id": "e66578e6f7374bfd9dcf96f247c095b9", "roles": [{"name": "_member_"}, {"name": "Member"}], "name": "tempest-TestNetworkBasicOps-1771755243"}, "metadata": {"is_admin": 0, "roles": ["9fe2ff9ee4384b1894a90878d3e92bab", "62ebf0c05eed40a0a6d9d0cfa3765fce"]}}}
2015-12-19 21:42:34,537 21528 DEBUG    [tempest.common.fixed_network] (TestNetworkBasicOps:test_connectivity_between_vms_on_different_networks) No valid network provided or created, defaulting to fixed_network_name
2015-12-19 21:42:34,863 21528 INFO     [tempest_lib.common.rest_client] Request (TestNetworkBasicOps:test_connectivity_between_vms_on_different_networks): 200 GET http://10.0.2.15:8774/v2.1/174f17e3663845a298944a5f7e55bc1b/os-networks 0.326s
2015-12-19 21:42:34,864 21528 DEBUG    [tempest_lib.common.rest_client] Request - Headers: {'Content-Type': 'application/json', 'Accept': 'application/json', 'X-Auth-Token': '&lt;omitted&gt;'}
        Body: None
    Response - Headers: {'status': '200', 'content-length': '478', 'content-location': 'http://10.0.2.15:8774/v2.1/174f17e3663845a298944a5f7e55bc1b/os-networks', 'x-compute-request-id': 'req-adf49279-54c5-4ca1-a0b0-23dee698978d', 'vary': 'X-OpenStack-Nova-API-Version', 'connection': 'close', 'x-openstack-nova-api-version': '2.1', 'date': 'Sat, 19 Dec 2015 21:42:34 GMT', 'content-type': 'application/json'}
        Body: {"networks": [{"cidr_v6": null, "dns2": null, "dns1": null, "gateway": null, "broadcast": null, "netmask": null, "gateway_v6": null, "cidr": null, "label": "public", "id": "d98b1671-e2a5-4384-b79c-9197e10d9f07", "netmask_v6": null}, {"cidr_v6": null, "dns2": null, "dns1": null, "gateway": null, "broadcast": null, "netmask": null, "gateway_v6": null, "cidr": null, "label": "tempest-network-smoke--729388153", "id": "eb5757eb-900f-4d63-bae5-ce16e14b656b", "netmask_v6": null}]}
2015-12-19 21:42:34,865 21528 WARNING  [tempest.common.fixed_network] (TestNetworkBasicOps:test_connectivity_between_vms_on_different_networks) Network with name: private not found
2015-12-19 21:42:34,865 21528 INFO     [tempest.common.fixed_network] (TestNetworkBasicOps:test_connectivity_between_vms_on_different_networks) Found network {} available for tenant
2015-12-19 21:42:36,542 21528 INFO     [tempest_lib.common.rest_client] Request (TestNetworkBasicOps:test_connectivity_between_vms_on_different_networks): 202 POST http://10.0.2.15:8774/v2.1/174f17e3663845a298944a5f7e55bc1b/servers 1.675s
2015-12-19 21:42:36,542 21528 DEBUG    [tempest_lib.common.rest_client] Request - Headers: {'Content-Type': 'application/json', 'Accept': 'application/json', 'X-Auth-Token': '&lt;omitted&gt;'}
        Body: {"server": {"name": "tempest.common.compute-instance-333876938", "imageRef": "39210868-b8fd-4a29-9796-e66d15833607", "key_name": "tempest-TestNetworkBasicOps-2126573690", "flavorRef": "42", "networks": [{"uuid": "eb5757eb-900f-4d63-bae5-ce16e14b656b"}], "security_groups": [{"name": "tempest-secgroup-smoke-917557555"}]}}
    Response - Headers: {'status': '202', 'content-length': '461', 'x-compute-request-id': 'req-679ca071-730d-4874-abaf-4c4a311a1e7f', 'vary': 'X-OpenStack-Nova-API-Version', 'connection': 'close', 'location': 'http://10.0.2.15:8774/v2.1/174f17e3663845a298944a5f7e55bc1b/servers/b30aa8bc-4be5-40e9-b1ef-0f8b989abe6f', 'x-openstack-nova-api-version': '2.1', 'date': 'Sat, 19 Dec 2015 21:42:36 GMT', 'content-type': 'application/json'}
        Body: {"server": {"security_groups": [{"name": "tempest-secgroup-smoke-917557555"}], "OS-DCF:diskConfig": "MANUAL", "id": "b30aa8bc-4be5-40e9-b1ef-0f8b989abe6f", "links": [{"href": "http://10.0.2.15:8774/v2.1/174f17e3663845a298944a5f7e55bc1b/servers/b30aa8bc-4be5-40e9-b1ef-0f8b989abe6f", "rel": "self"}, {"href": "http://10.0.2.15:8774/174f17e3663845a298944a5f7e55bc1b/servers/b30aa8bc-4be5-40e9-b1ef-0f8b989abe6f", "rel": "bookmark"}], "adminPass": "5CzYJrnS4VhZ"}}
2015-12-19 21:42:36,699 21528 INFO     [tempest_lib.common.rest_client] Request (TestNetworkBasicOps:test_connectivity_between_vms_on_different_networks): 200 GET http://10.0.2.15:8774/v2.1/174f17e3663845a298944a5f7e55bc1b/servers/b30aa8bc-4be5-40e9-b1ef-0f8b989abe6f 0.153s
2015-12-19 21:42:36,700 21528 DEBUG    [tempest_lib.common.rest_client] Request - Headers: {'Content-Type': 'application/json', 'Accept': 'application/json', 'X-Auth-Token': '&lt;omitted&gt;'}
        Body: None
    Response - Headers: {'status': '200', 'content-length': '1355', 'content-location': 'http://10.0.2.15:8774/v2.1/174f17e3663845a298944a5f7e55bc1b/servers/b30aa8bc-4be5-40e9-b1ef-0f8b989abe6f', 'x-compute-request-id': 'req-415a7ac9-422c-4bb3-9e81-6404543819b7', 'vary': 'X-OpenStack-Nova-API-Version', 'connection': 'close', 'x-openstack-nova-api-version': '2.1', 'date': 'Sat, 19 Dec 2015 21:42:36 GMT', 'content-type': 'application/json'}
        Body: {"server": {"status": "BUILD", "updated": "2015-12-19T21:42:36Z", "hostId": "", "addresses": {}, "links": [{"href": "http://10.0.2.15:8774/v2.1/174f17e3663845a298944a5f7e55bc1b/servers/b30aa8bc-4be5-40e9-b1ef-0f8b989abe6f", "rel": "self"}, {"href": "http://10.0.2.15:8774/174f17e3663845a298944a5f7e55bc1b/servers/b30aa8bc-4be5-40e9-b1ef-0f8b989abe6f", "rel": "bookmark"}], "key_name": "tempest-TestNetworkBasicOps-2126573690", "image": {"id": "39210868-b8fd-4a29-9796-e66d15833607", "links": [{"href": "http://10.0.2.15:8774/174f17e3663845a298944a5f7e55bc1b/images/39210868-b8fd-4a29-9796-e66d15833607", "rel": "bookmark"}]}, "OS-EXT-STS:task_state": "scheduling", "OS-EXT-STS:vm_state": "building", "OS-SRV-USG:launched_at": null, "flavor": {"id": "42", "links": [{"href": "http://10.0.2.15:8774/174f17e3663845a298944a5f7e55bc1b/flavors/42", "rel": "bookmark"}]}, "id": "b30aa8bc-4be5-40e9-b1ef-0f8b989abe6f", "OS-SRV-USG:terminated_at": null, "OS-EXT-AZ:availability_zone": "", "user_id": "e66578e6f7374bfd9dcf96f247c095b9", "name": "tempest.common.compute-instance-333876938", "created": "2015-12-19T21:42:36Z", "tenant_id": "174f17e3663845a298944a5f7e55bc1b", "OS-DCF:diskConfig": "MANUAL", "os-extended-volumes:volumes_attached": [], "accessIPv4": "", "accessIPv6": "", "progress": 0, "OS-EXT-STS:power_state": 0, "config_drive": "", "metadata": {}}}
2015-12-19 21:42:37,884 21528 INFO     [tempest_lib.common.rest_client] Request (TestNetworkBasicOps:test_connectivity_between_vms_on_different_networks): 200 GET http://10.0.2.15:8774/v2.1/174f17e3663845a298944a5f7e55bc1b/servers/b30aa8bc-4be5-40e9-b1ef-0f8b989abe6f 0.176s
2015-12-19 21:42:37,885 21528 DEBUG    [tempest_lib.common.rest_client] Request - Headers: {'Content-Type': 'application/json', 'Accept': 'application/json', 'X-Auth-Token': '&lt;omitted&gt;'}
        Body: None
    Response - Headers: {'status': '200', 'content-length': '1413', 'content-location': 'http://10.0.2.15:8774/v2.1/174f17e3663845a298944a5f7e55bc1b/servers/b30aa8bc-4be5-40e9-b1ef-0f8b989abe6f', 'x-compute-request-id': 'req-6b8cfb65-7e0a-49ca-8741-fb8219a08835', 'vary': 'X-OpenStack-Nova-API-Version', 'connection': 'close', 'x-openstack-nova-api-version': '2.1', 'date': 'Sat, 19 Dec 2015 21:42:37 GMT', 'content-type': 'application/json'}
        Body: {"server": {"status": "BUILD", "updated": "2015-12-19T21:42:37Z", "hostId": "f1375b923cc1f77e62630da052ebe1e1b55a6b0e3c3cd81f34efe3b9", "addresses": {}, "links": [{"href": "http://10.0.2.15:8774/v2.1/174f17e3663845a298944a5f7e55bc1b/servers/b30aa8bc-4be5-40e9-b1ef-0f8b989abe6f", "rel": "self"}, {"href": "http://10.0.2.15:8774/174f17e3663845a298944a5f7e55bc1b/servers/b30aa8bc-4be5-40e9-b1ef-0f8b989abe6f", "rel": "bookmark"}], "key_name": "tempest-TestNetworkBasicOps-2126573690", "image": {"id": "39210868-b8fd-4a29-9796-e66d15833607", "links": [{"href": "http://10.0.2.15:8774/174f17e3663845a298944a5f7e55bc1b/images/39210868-b8fd-4a29-9796-e66d15833607", "rel": "bookmark"}]}, "OS-EXT-STS:task_state": "spawning", "OS-EXT-STS:vm_state": "building", "OS-SRV-USG:launched_at": null, "flavor": {"id": "42", "links": [{"href": "http://10.0.2.15:8774/174f17e3663845a298944a5f7e55bc1b/flavors/42", "rel": "bookmark"}]}, "id": "b30aa8bc-4be5-40e9-b1ef-0f8b989abe6f", "OS-SRV-USG:terminated_at": null, "OS-EXT-AZ:availability_zone": "nova", "user_id": "e66578e6f7374bfd9dcf96f247c095b9", "name": "tempest.common.compute-instance-333876938", "created": "2015-12-19T21:42:36Z", "tenant_id": "174f17e3663845a298944a5f7e55bc1b", "OS-DCF:diskConfig": "MANUAL", "os-extended-volumes:volumes_attached": [], "accessIPv4": "", "accessIPv6": "", "progress": 0, "OS-EXT-STS:power_state": 0, "config_drive": "", "metadata": {}}}
2015-12-19 21:42:37,900 21528 INFO     [tempest.common.waiters] State transition "BUILD/scheduling" ==&gt; "BUILD/spawning" after 1 second wait
2015-12-19 21:42:39,139 21528 INFO     [tempest_lib.common.rest_client] Request (TestNetworkBasicOps:test_connectivity_between_vms_on_different_networks): 200 GET http://10.0.2.15:8774/v2.1/174f17e3663845a298944a5f7e55bc1b/servers/b30aa8bc-4be5-40e9-b1ef-0f8b989abe6f 0.237s
2015-12-19 21:42:39,140 21528 DEBUG    [tempest_lib.common.rest_client] Request - Headers: {'Content-Type': 'application/json', 'Accept': 'application/json', 'X-Auth-Token': '&lt;omitted&gt;'}
        Body: None
    Response - Headers: {'status': '200', 'content-length': '1480', 'content-location': 'http://10.0.2.15:8774/v2.1/174f17e3663845a298944a5f7e55bc1b/servers/b30aa8bc-4be5-40e9-b1ef-0f8b989abe6f', 'x-compute-request-id': 'req-450efcc7-d99c-40f8-b8f1-a95202759c0b', 'vary': 'X-OpenStack-Nova-API-Version', 'connection': 'close', 'x-openstack-nova-api-version': '2.1', 'date': 'Sat, 19 Dec 2015 21:42:39 GMT', 'content-type': 'application/json'}
        Body: {"server": {"status": "BUILD", "updated": "2015-12-19T21:42:37Z", "hostId": "f1375b923cc1f77e62630da052ebe1e1b55a6b0e3c3cd81f34efe3b9", "addresses": {}, "links": [{"href": "http://10.0.2.15:8774/v2.1/174f17e3663845a298944a5f7e55bc1b/servers/b30aa8bc-4be5-40e9-b1ef-0f8b989abe6f", "rel": "self"}, {"href": "http://10.0.2.15:8774/174f17e3663845a298944a5f7e55bc1b/servers/b30aa8bc-4be5-40e9-b1ef-0f8b989abe6f", "rel": "bookmark"}], "key_name": "tempest-TestNetworkBasicOps-2126573690", "image": {"id": "39210868-b8fd-4a29-9796-e66d15833607", "links": [{"href": "http://10.0.2.15:8774/174f17e3663845a298944a5f7e55bc1b/images/39210868-b8fd-4a29-9796-e66d15833607", "rel": "bookmark"}]}, "OS-EXT-STS:task_state": "spawning", "OS-EXT-STS:vm_state": "building", "OS-SRV-USG:launched_at": null, "flavor": {"id": "42", "links": [{"href": "http://10.0.2.15:8774/174f17e3663845a298944a5f7e55bc1b/flavors/42", "rel": "bookmark"}]}, "id": "b30aa8bc-4be5-40e9-b1ef-0f8b989abe6f", "security_groups": [{"name": "tempest-secgroup-smoke-917557555"}], "OS-SRV-USG:terminated_at": null, "OS-EXT-AZ:availability_zone": "nova", "user_id": "e66578e6f7374bfd9dcf96f247c095b9", "name": "tempest.common.compute-instance-333876938", "created": "2015-12-19T21:42:36Z", "tenant_id": "174f17e3663845a298944a5f7e55bc1b", "OS-DCF:diskConfig": "MANUAL", "os-extended-volumes:volumes_attached": [], "accessIPv4": "", "accessIPv6": "", "progress": 0, "OS-EXT-STS:power_state": 0, "config_drive": "", "metadata": {}}}
2015-12-19 21:42:40,383 21528 INFO     [tempest_lib.common.rest_client] Request (TestNetworkBasicOps:test_connectivity_between_vms_on_different_networks): 200 GET http://10.0.2.15:8774/v2.1/174f17e3663845a298944a5f7e55bc1b/servers/b30aa8bc-4be5-40e9-b1ef-0f8b989abe6f 0.234s
2015-12-19 21:42:40,384 21528 DEBUG    [tempest_lib.common.rest_client] Request - Headers: {'Content-Type': 'application/json', 'Accept': 'application/json', 'X-Auth-Token': '&lt;omitted&gt;'}
        Body: None
    Response - Headers: {'status': '200', 'content-length': '1651', 'content-location': 'http://10.0.2.15:8774/v2.1/174f17e3663845a298944a5f7e55bc1b/servers/b30aa8bc-4be5-40e9-b1ef-0f8b989abe6f', 'x-compute-request-id': 'req-698daa47-f46b-4dac-b157-f84e6a7f5ce4', 'vary': 'X-OpenStack-Nova-API-Version', 'connection': 'close', 'x-openstack-nova-api-version': '2.1', 'date': 'Sat, 19 Dec 2015 21:42:40 GMT', 'content-type': 'application/json'}
        Body: {"server": {"status": "ACTIVE", "updated": "2015-12-19T21:42:39Z", "hostId": "f1375b923cc1f77e62630da052ebe1e1b55a6b0e3c3cd81f34efe3b9", "addresses": {"tempest-network-smoke--729388153": [{"OS-EXT-IPS-MAC:mac_addr": "fa:16:3e:0f:41:22", "version": 4, "addr": "10.100.0.3", "OS-EXT-IPS:type": "fixed"}]}, "links": [{"href": "http://10.0.2.15:8774/v2.1/174f17e3663845a298944a5f7e55bc1b/servers/b30aa8bc-4be5-40e9-b1ef-0f8b989abe6f", "rel": "self"}, {"href": "http://10.0.2.15:8774/174f17e3663845a298944a5f7e55bc1b/servers/b30aa8bc-4be5-40e9-b1ef-0f8b989abe6f", "rel": "bookmark"}], "key_name": "tempest-TestNetworkBasicOps-2126573690", "image": {"id": "39210868-b8fd-4a29-9796-e66d15833607", "links": [{"href": "http://10.0.2.15:8774/174f17e3663845a298944a5f7e55bc1b/images/39210868-b8fd-4a29-9796-e66d15833607", "rel": "bookmark"}]}, "OS-EXT-STS:task_state": null, "OS-EXT-STS:vm_state": "active", "OS-SRV-USG:launched_at": "2015-12-19T21:42:39.000000", "flavor": {"id": "42", "links": [{"href": "http://10.0.2.15:8774/174f17e3663845a298944a5f7e55bc1b/flavors/42", "rel": "bookmark"}]}, "id": "b30aa8bc-4be5-40e9-b1ef-0f8b989abe6f", "security_groups": [{"name": "tempest-secgroup-smoke-917557555"}], "OS-SRV-USG:terminated_at": null, "OS-EXT-AZ:availability_zone": "nova", "user_id": "e66578e6f7374bfd9dcf96f247c095b9", "name": "tempest.common.compute-instance-333876938", "created": "2015-12-19T21:42:36Z", "tenant_id": "174f17e3663845a298944a5f7e55bc1b", "OS-DCF:diskConfig": "MANUAL", "os-extended-volumes:volumes_attached": [], "accessIPv4": "", "accessIPv6": "", "progress": 0, "OS-EXT-STS:power_state": 1, "config_drive": "True", "metadata": {}}}
2015-12-19 21:42:40,395 21528 INFO     [tempest.common.waiters] State transition "BUILD/spawning" ==&gt; "ACTIVE/None" after 4 second wait
2015-12-19 21:42:40,610 21528 INFO     [tempest_lib.common.rest_client] Request (TestNetworkBasicOps:test_connectivity_between_vms_on_different_networks): 200 GET http://10.0.2.15:8774/v2.1/174f17e3663845a298944a5f7e55bc1b/servers/b30aa8bc-4be5-40e9-b1ef-0f8b989abe6f 0.215s
2015-12-19 21:42:40,611 21528 DEBUG    [tempest_lib.common.rest_client] Request - Headers: {'Content-Type': 'application/json', 'Accept': 'application/json', 'X-Auth-Token': '&lt;omitted&gt;'}
        Body: None
    Response - Headers: {'status': '200', 'content-length': '1651', 'content-location': 'http://10.0.2.15:8774/v2.1/174f17e3663845a298944a5f7e55bc1b/servers/b30aa8bc-4be5-40e9-b1ef-0f8b989abe6f', 'x-compute-request-id': 'req-6ac32820-406b-4339-8648-e00db16fc826', 'vary': 'X-OpenStack-Nova-API-Version', 'connection': 'close', 'x-openstack-nova-api-version': '2.1', 'date': 'Sat, 19 Dec 2015 21:42:40 GMT', 'content-type': 'application/json'}
        Body: {"server": {"status": "ACTIVE", "updated": "2015-12-19T21:42:39Z", "hostId": "f1375b923cc1f77e62630da052ebe1e1b55a6b0e3c3cd81f34efe3b9", "addresses": {"tempest-network-smoke--729388153": [{"OS-EXT-IPS-MAC:mac_addr": "fa:16:3e:0f:41:22", "version": 4, "addr": "10.100.0.3", "OS-EXT-IPS:type": "fixed"}]}, "links": [{"href": "http://10.0.2.15:8774/v2.1/174f17e3663845a298944a5f7e55bc1b/servers/b30aa8bc-4be5-40e9-b1ef-0f8b989abe6f", "rel": "self"}, {"href": "http://10.0.2.15:8774/174f17e3663845a298944a5f7e55bc1b/servers/b30aa8bc-4be5-40e9-b1ef-0f8b989abe6f", "rel": "bookmark"}], "key_name": "tempest-TestNetworkBasicOps-2126573690", "image": {"id": "39210868-b8fd-4a29-9796-e66d15833607", "links": [{"href": "http://10.0.2.15:8774/174f17e3663845a298944a5f7e55bc1b/images/39210868-b8fd-4a29-9796-e66d15833607", "rel": "bookmark"}]}, "OS-EXT-STS:task_state": null, "OS-EXT-STS:vm_state": "active", "OS-SRV-USG:launched_at": "2015-12-19T21:42:39.000000", "flavor": {"id": "42", "links": [{"href": "http://10.0.2.15:8774/174f17e3663845a298944a5f7e55bc1b/flavors/42", "rel": "bookmark"}]}, "id": "b30aa8bc-4be5-40e9-b1ef-0f8b989abe6f", "security_groups": [{"name": "tempest-secgroup-smoke-917557555"}], "OS-SRV-USG:terminated_at": null, "OS-EXT-AZ:availability_zone": "nova", "user_id": "e66578e6f7374bfd9dcf96f247c095b9", "name": "tempest.common.compute-instance-333876938", "created": "2015-12-19T21:42:36Z", "tenant_id": "174f17e3663845a298944a5f7e55bc1b", "OS-DCF:diskConfig": "MANUAL", "os-extended-volumes:volumes_attached": [], "accessIPv4": "", "accessIPv6": "", "progress": 0, "OS-EXT-STS:power_state": 1, "config_drive": "True", "metadata": {}}}
2015-12-19 21:42:40,620 21528 INFO     [tempest.scenario.manager] Tenant networks not configured to be reachable.
2015-12-19 21:42:40,653 21528 INFO     [tempest_lib.common.rest_client] Request (TestNetworkBasicOps:test_connectivity_between_vms_on_different_networks): 200 GET http://10.0.2.15:9696/v2.0/ports?status=ACTIVE&amp;fixed_ip=None&amp;device_id=b30aa8bc-4be5-40e9-b1ef-0f8b989abe6f 0.033s
2015-12-19 21:42:40,653 21528 DEBUG    [tempest_lib.common.rest_client] Request - Headers: {'Content-Type': 'application/json', 'Accept': 'application/json', 'X-Auth-Token': '&lt;omitted&gt;'}
        Body: None
    Response - Headers: {'status': '200', 'content-length': '895', 'content-location': 'http://10.0.2.15:9696/v2.0/ports?status=ACTIVE&amp;fixed_ip=None&amp;device_id=b30aa8bc-4be5-40e9-b1ef-0f8b989abe6f', 'connection': 'close', 'date': 'Sat, 19 Dec 2015 21:42:40 GMT', 'content-type': 'application/json; charset=UTF-8', 'x-openstack-request-id': 'req-70523e71-b9d8-4c9e-93d2-5b945bd7697d'}
        Body: {"ports": [{"status": "ACTIVE", "binding:host_id": "vagrant-ubuntu-trusty-64", "allowed_address_pairs": [], "extra_dhcp_opts": [], "dns_assignment": [{"hostname": "host-10-100-0-3", "ip_address": "10.100.0.3", "fqdn": "host-10-100-0-3.openstacklocal."}], "device_owner": "compute:None", "port_security_enabled": true, "binding:profile": {}, "fixed_ips": [{"subnet_id": "db9efd6c-e8ac-44d2-8e9a-5c191f8fd44d", "ip_address": "10.100.0.3"}], "id": "c9a8076a-74a3-4fc0-9f31-ce09250e6ebf", "security_groups": ["edd7dcae-6d93-4406-ac04-730b7e73f593"], "device_id": "b30aa8bc-4be5-40e9-b1ef-0f8b989abe6f", "name": "", "admin_state_up": true, "network_id": "eb5757eb-900f-4d63-bae5-ce16e14b656b", "dns_name": "", "binding:vif_details": {"port_filter": true}, "binding:vnic_type": "normal", "binding:vif_type": "ovs", "tenant_id": "174f17e3663845a298944a5f7e55bc1b", "mac_address": "fa:16:3e:0f:41:22"}]}
2015-12-19 21:42:41,286 21528 INFO     [tempest_lib.common.rest_client] Request (TestNetworkBasicOps:test_connectivity_between_vms_on_different_networks): 201 POST http://10.0.2.15:9696/v2.0/floatingips 0.631s
2015-12-19 21:42:41,286 21528 DEBUG    [tempest_lib.common.rest_client] Request - Headers: {'Content-Type': 'application/json', 'Accept': 'application/json', 'X-Auth-Token': '&lt;omitted&gt;'}
        Body: {"floatingip": {"floating_network_id": "d98b1671-e2a5-4384-b79c-9197e10d9f07", "tenant_id": "174f17e3663845a298944a5f7e55bc1b", "fixed_ip_address": "10.100.0.3", "port_id": "c9a8076a-74a3-4fc0-9f31-ce09250e6ebf"}}
    Response - Headers: {'status': '201', 'content-length': '367', 'connection': 'close', 'date': 'Sat, 19 Dec 2015 21:42:41 GMT', 'content-type': 'application/json; charset=UTF-8', 'x-openstack-request-id': 'req-53281201-0880-4e29-b3bd-75b7b980311a'}
        Body: {"floatingip": {"floating_network_id": "d98b1671-e2a5-4384-b79c-9197e10d9f07", "router_id": "fafbad03-bb68-4026-9d9e-4517bb0eab78", "fixed_ip_address": "10.100.0.3", "floating_ip_address": "172.24.4.4", "tenant_id": "174f17e3663845a298944a5f7e55bc1b", "status": "DOWN", "port_id": "c9a8076a-74a3-4fc0-9f31-ce09250e6ebf", "id": "d1fc0fc7-2456-46f9-b8d3-8f7cb38e8189"}}
2015-12-19 21:42:41,303 21528 INFO     [tempest_lib.common.rest_client] Request (TestNetworkBasicOps:test_connectivity_between_vms_on_different_networks): 200 GET http://10.0.2.15:9696/v2.0/floatingips/d1fc0fc7-2456-46f9-b8d3-8f7cb38e8189 0.016s
2015-12-19 21:42:41,303 21528 DEBUG    [tempest_lib.common.rest_client] Request - Headers: {'Content-Type': 'application/json', 'Accept': 'application/json', 'X-Auth-Token': '&lt;omitted&gt;'}
        Body: None
    Response - Headers: {'status': '200', 'content-length': '367', 'content-location': 'http://10.0.2.15:9696/v2.0/floatingips/d1fc0fc7-2456-46f9-b8d3-8f7cb38e8189', 'connection': 'close', 'date': 'Sat, 19 Dec 2015 21:42:41 GMT', 'content-type': 'application/json; charset=UTF-8', 'x-openstack-request-id': 'req-002d0cff-81e5-4c31-b7ce-06095d9712a6'}
        Body: {"floatingip": {"floating_network_id": "d98b1671-e2a5-4384-b79c-9197e10d9f07", "router_id": "fafbad03-bb68-4026-9d9e-4517bb0eab78", "fixed_ip_address": "10.100.0.3", "floating_ip_address": "172.24.4.4", "tenant_id": "174f17e3663845a298944a5f7e55bc1b", "status": "DOWN", "port_id": "c9a8076a-74a3-4fc0-9f31-ce09250e6ebf", "id": "d1fc0fc7-2456-46f9-b8d3-8f7cb38e8189"}}
2015-12-19 21:42:42,319 21528 INFO     [tempest_lib.common.rest_client] Request (TestNetworkBasicOps:test_connectivity_between_vms_on_different_networks): 200 GET http://10.0.2.15:9696/v2.0/floatingips/d1fc0fc7-2456-46f9-b8d3-8f7cb38e8189 0.013s
2015-12-19 21:42:42,319 21528 DEBUG    [tempest_lib.common.rest_client] Request - Headers: {'Content-Type': 'application/json', 'Accept': 'application/json', 'X-Auth-Token': '&lt;omitted&gt;'}
        Body: None
    Response - Headers: {'status': '200', 'content-length': '369', 'content-location': 'http://10.0.2.15:9696/v2.0/floatingips/d1fc0fc7-2456-46f9-b8d3-8f7cb38e8189', 'connection': 'close', 'date': 'Sat, 19 Dec 2015 21:42:42 GMT', 'content-type': 'application/json; charset=UTF-8', 'x-openstack-request-id': 'req-ed8b3f78-2653-4498-a19c-db2d6a2a20c2'}
        Body: {"floatingip": {"floating_network_id": "d98b1671-e2a5-4384-b79c-9197e10d9f07", "router_id": "fafbad03-bb68-4026-9d9e-4517bb0eab78", "fixed_ip_address": "10.100.0.3", "floating_ip_address": "172.24.4.4", "tenant_id": "174f17e3663845a298944a5f7e55bc1b", "status": "ACTIVE", "port_id": "c9a8076a-74a3-4fc0-9f31-ce09250e6ebf", "id": "d1fc0fc7-2456-46f9-b8d3-8f7cb38e8189"}}
2015-12-19 21:42:42,320 21528 INFO     [tempest.scenario.manager] FloatingIP: &lt;"FloatingIP" addr="172.24.4.4" id="d1fc0fc7-2456-46f9-b8d3-8f7cb38e8189"&gt; is at status: ACTIVE
2015-12-19 21:42:42,320 21528 DEBUG    [tempest.scenario.manager] checking network connections to IP 172.24.4.4 with user: cirros
2015-12-19 21:42:42,320 21528 DEBUG    [tempest.scenario.manager] TestNetworkBasicOps:test_connectivity_between_vms_on_different_networks begins to ping 172.24.4.4 in 120 sec and the expected result is reachable
2015-12-19 21:44:42,594 21528 DEBUG    [tempest.scenario.manager] TestNetworkBasicOps:test_connectivity_between_vms_on_different_networks finishes ping 172.24.4.4 in 120 sec and the ping result is unexpected
2015-12-19 21:44:42,595 21528 ERROR    [tempest.scenario.manager] Public network connectivity check failed
2015-12-19 21:44:42.595 21528 ERROR tempest.scenario.manager Traceback (most recent call last):
2015-12-19 21:44:42.595 21528 ERROR tempest.scenario.manager   File "tempest/scenario/manager.py", line 608, in check_public_network_connectivity
2015-12-19 21:44:42.595 21528 ERROR tempest.scenario.manager     should_connect=should_connect)
2015-12-19 21:44:42.595 21528 ERROR tempest.scenario.manager   File "tempest/scenario/manager.py", line 592, in check_vm_connectivity
2015-12-19 21:44:42.595 21528 ERROR tempest.scenario.manager     msg=msg)
2015-12-19 21:44:42.595 21528 ERROR tempest.scenario.manager   File "/usr/local/lib/python2.7/dist-packages/unittest2/case.py", line 702, in assertTrue
2015-12-19 21:44:42.595 21528 ERROR tempest.scenario.manager     raise self.failureException(msg)
2015-12-19 21:44:42.595 21528 ERROR tempest.scenario.manager AssertionError: False is not true : Timed out waiting for 172.24.4.4 to become reachable
2015-12-19 21:44:42.595 21528 ERROR tempest.scenario.manager 
2015-12-19 21:44:42,804 21528 INFO     [tempest_lib.common.rest_client] Request (TestNetworkBasicOps:test_connectivity_between_vms_on_different_networks): 200 POST http://10.0.2.15:8774/v2.1/174f17e3663845a298944a5f7e55bc1b/servers/b30aa8bc-4be5-40e9-b1ef-0f8b989abe6f/action 0.205s
2015-12-19 21:44:42,804 21528 DEBUG    [tempest_lib.common.rest_client] Request - Headers: {'Content-Type': 'application/json', 'Accept': 'application/json', 'X-Auth-Token': '&lt;omitted&gt;'}
        Body: {"os-getConsoleOutput": {}}
    Response - Headers: {'status': '200', 'content-length': '17469', 'x-compute-request-id': 'req-81df5975-7bb0-40f5-a0e8-f515345bf6d8', 'vary': 'X-OpenStack-Nova-API-Version', 'connection': 'close', 'x-openstack-nova-api-version': '2.1', 'date': 'Sat, 19 Dec 2015 21:44:42 GMT', 'content-type': 'application/json'}
        Body: {"output": "[    0.000000] Initializing cgroup subsys cpuset\n[    0.000000] Initializing cgroup subsys cpu\n[    0.000000] Linux version 3.2.0-80-virtual (buildd@batsu) (gcc version 4.6.3 (Ubuntu/Linaro 4.6.3-1ubuntu5) ) #116-Ubuntu SMP Mon Mar 23 17:28:52 UTC 2015 (Ubuntu 3.2.0-80.116-virtual 3.2.68)\n[    0.000000] Command line: root=/dev/vda console=tty0 console=ttyS0 no_timer_check\n[    0.000000] KERNEL supported cpus:\n[    0.000000]   Intel GenuineIntel\n[    0.000000]   AMD AuthenticAMD\n[    0.000000]   Centaur CentaurHauls\n[    0.000000] BIOS-provided physical RAM map:\n[    0.000000]  BIOS-e820: 0000000000000000 - 000000000009fc00 (usable)\n[    0.000000]  BIOS-e820: 000000000009fc00 - 00000000000a0000 (reserved)\n[    0.000000]  BIOS-e820: 00000000000f0000 - 0000000000100000 (reserved)\n[    0.000000]  BIOS-e820: 0000000000100000 - 0000000003ffe000 (usable)\n[    0.000000]  BIOS-e820: 0000000003ffe000 - 0000000004000000 (reserved)\n[    0.000000]  BIOS-e820: 00000000fffc0000 - 0000000100000000 (reserved)\n[    0.000000] NX (Execute Disable) protection: active\n[    0.000000] SMBIOS 2.4 present.\n[    0.000000] No AGP bridge found\n[    0.000000] last_pfn = 0x3ffe max_arch_pfn = 0x400000000\n[    0.000000] x86 PAT enabled: cpu 0, old 0x7040600070406, new 0x7010600070106\n[    0.000000] found SMP MP-table at [ffff8800000f0b00] f0b00\n[    0.000000] init_memory_mapping: 0000000000000000-0000000003ffe000\n[    0.000000] RAMDISK: 03c5e000 - 03ff0000\n[    0.000000] ACPI: RSDP 00000000000f0950 00014 (v00 BOCHS )\n[    0.000000] ACPI: RSDT 0000000003fffbc1 00034 (v01 BOCHS  BXPCRSDT 00000001 BXPC 00000001)\n[    0.000000] ACPI: FACP 0000000003fff1c0 00074 (v01 BOCHS  BXPCFACP 00000001 BXPC 00000001)\n[    0.000000] ACPI: DSDT 0000000003ffe040 01180 (v01 BOCHS  BXPCDSDT 00000001 BXPC 00000001)\n[    0.000000] ACPI: FACS 0000000003ffe000 00040\n[    0.000000] ACPI: SSDT 0000000003fff234 008DD (v01 BOCHS  BXPCSSDT 00000001 BXPC 00000001)\n[    0.000000] ACPI: APIC 0000000003fffb11 00078 (v01 BOCHS  BXPCAPIC 00000001 BXPC 00000001)\n[    0.000000] ACPI: HPET 0000000003fffb89 00038 (v01 BOCHS  BXPCHPET 00000001 BXPC 00000001)\n[    0.000000] No NUMA configuration found\n[    0.000000] Faking a node at 0000000000000000-0000000003ffe000\n[    0.000000] Initmem setup node 0 0000000000000000-0000000003ffe000\n[    0.000000]   NODE_DATA [0000000003ff6000 - 0000000003ffafff]\n[    0.000000] Zone PFN ranges:\n[    0.000000]   DMA      0x00000010 -&gt; 0x00001000\n[    0.000000]   DMA32    0x00001000 -&gt; 0x00100000\n[    0.000000]   Normal   empty\n[    0.000000] Movable zone start PFN for each node\n[    0.000000] early_node_map[2] active PFN ranges\n[    0.000000]     0: 0x00000010 -&gt; 0x0000009f\n[    0.000000]     0: 0x00000100 -&gt; 0x00003ffe\n[    0.000000] ACPI: PM-Timer IO Port: 0xb008\n[    0.000000] ACPI: LAPIC (acpi_id[0x00] lapic_id[0x00] enabled)\n[    0.000000] ACPI: LAPIC_NMI (acpi_id[0xff] dfl dfl lint[0x1])\n[    0.000000] ACPI: IOAPIC (id[0x00] address[0xfec00000] gsi_base[0])\n[    0.000000] IOAPIC[0]: apic_id 0, version 17, address 0xfec00000, GSI 0-23\n[    0.000000] ACPI: INT_SRC_OVR (bus 0 bus_irq 0 global_irq 2 dfl dfl)\n[    0.000000] ACPI: INT_SRC_OVR (bus 0 bus_irq 5 global_irq 5 high level)\n[    0.000000] ACPI: INT_SRC_OVR (bus 0 bus_irq 9 global_irq 9 high level)\n[    0.000000] ACPI: INT_SRC_OVR (bus 0 bus_irq 10 global_irq 10 high level)\n[    0.000000] ACPI: INT_SRC_OVR (bus 0 bus_irq 11 global_irq 11 high level)\n[    0.000000] Using ACPI (MADT) for SMP configuration information\n[    0.000000] ACPI: HPET id: 0x8086a201 base: 0xfed00000\n[    0.000000] SMP: Allowing 1 CPUs, 0 hotplug CPUs\n[    0.000000] PM: Registered nosave memory: 000000000009f000 - 00000000000a0000\n[    0.000000] PM: Registered nosave memory: 00000000000a0000 - 00000000000f0000\n[    0.000000] PM: Registered nosave memory: 00000000000f0000 - 0000000000100000\n[    0.000000] Allocating PCI resources starting at 4000000 (gap: 4000000:fbfc0000)\n[    0.000000] Booting paravirtualized kernel on bare hardware\n[    0.000000] setup_pe
2015-12-19 21:44:42,809 21528 DEBUG    [tempest.scenario.manager] Console output for b30aa8bc-4be5-40e9-b1ef-0f8b989abe6f
body=
[    0.000000] Initializing cgroup subsys cpuset
[    0.000000] Initializing cgroup subsys cpu
[    0.000000] Linux version 3.2.0-80-virtual (buildd@batsu) (gcc version 4.6.3 (Ubuntu/Linaro 4.6.3-1ubuntu5) ) #116-Ubuntu SMP Mon Mar 23 17:28:52 UTC 2015 (Ubuntu 3.2.0-80.116-virtual 3.2.68)
[    0.000000] Command line: root=/dev/vda console=tty0 console=ttyS0 no_timer_check
[    0.000000] KERNEL supported cpus:
[    0.000000]   Intel GenuineIntel
[    0.000000]   AMD AuthenticAMD
[    0.000000]   Centaur CentaurHauls
[    0.000000] BIOS-provided physical RAM map:
[    0.000000]  BIOS-e820: 0000000000000000 - 000000000009fc00 (usable)
[    0.000000]  BIOS-e820: 000000000009fc00 - 00000000000a0000 (reserved)
[    0.000000]  BIOS-e820: 00000000000f0000 - 0000000000100000 (reserved)
[    0.000000]  BIOS-e820: 0000000000100000 - 0000000003ffe000 (usable)
[    0.000000]  BIOS-e820: 0000000003ffe000 - 0000000004000000 (reserved)
[    0.000000]  BIOS-e820: 00000000fffc0000 - 0000000100000000 (reserved)
[    0.000000] NX (Execute Disable) protection: active
[    0.000000] SMBIOS 2.4 present.
[    0.000000] No AGP bridge found
[    0.000000] last_pfn = 0x3ffe max_arch_pfn = 0x400000000
[    0.000000] x86 PAT enabled: cpu 0, old 0x7040600070406, new 0x7010600070106
[    0.000000] found SMP MP-table at [ffff8800000f0b00] f0b00
[    0.000000] init_memory_mapping: 0000000000000000-0000000003ffe000
[    0.000000] RAMDISK: 03c5e000 - 03ff0000
[    0.000000] ACPI: RSDP 00000000000f0950 00014 (v00 BOCHS )
[    0.000000] ACPI: RSDT 0000000003fffbc1 00034 (v01 BOCHS  BXPCRSDT 00000001 BXPC 00000001)
[    0.000000] ACPI: FACP 0000000003fff1c0 00074 (v01 BOCHS  BXPCFACP 00000001 BXPC 00000001)
[    0.000000] ACPI: DSDT 0000000003ffe040 01180 (v01 BOCHS  BXPCDSDT 00000001 BXPC 00000001)
[    0.000000] ACPI: FACS 0000000003ffe000 00040
[    0.000000] ACPI: SSDT 0000000003fff234 008DD (v01 BOCHS  BXPCSSDT 00000001 BXPC 00000001)
[    0.000000] ACPI: APIC 0000000003fffb11 00078 (v01 BOCHS  BXPCAPIC 00000001 BXPC 00000001)
[    0.000000] ACPI: HPET 0000000003fffb89 00038 (v01 BOCHS  BXPCHPET 00000001 BXPC 00000001)
[    0.000000] No NUMA configuration found
[    0.000000] Faking a node at 0000000000000000-0000000003ffe000
[    0.000000] Initmem setup node 0 0000000000000000-0000000003ffe000
[    0.000000]   NODE_DATA [0000000003ff6000 - 0000000003ffafff]
[    0.000000] Zone PFN ranges:
[    0.000000]   DMA      0x00000010 -&gt; 0x00001000
[    0.000000]   DMA32    0x00001000 -&gt; 0x00100000
[    0.000000]   Normal   empty
[    0.000000] Movable zone start PFN for each node
[    0.000000] early_node_map[2] active PFN ranges
[    0.000000]     0: 0x00000010 -&gt; 0x0000009f
[    0.000000]     0: 0x00000100 -&gt; 0x00003ffe
[    0.000000] ACPI: PM-Timer IO Port: 0xb008
[    0.000000] ACPI: LAPIC (acpi_id[0x00] lapic_id[0x00] enabled)
[    0.000000] ACPI: LAPIC_NMI (acpi_id[0xff] dfl dfl lint[0x1])
[    0.000000] ACPI: IOAPIC (id[0x00] address[0xfec00000] gsi_base[0])
[    0.000000] IOAPIC[0]: apic_id 0, version 17, address 0xfec00000, GSI 0-23
[    0.000000] ACPI: INT_SRC_OVR (bus 0 bus_irq 0 global_irq 2 dfl dfl)
[    0.000000] ACPI: INT_SRC_OVR (bus 0 bus_irq 5 global_irq 5 high level)
[    0.000000] ACPI: INT_SRC_OVR (bus 0 bus_irq 9 global_irq 9 high level)
[    0.000000] ACPI: INT_SRC_OVR (bus 0 bus_irq 10 global_irq 10 high level)
[    0.000000] ACPI: INT_SRC_OVR (bus 0 bus_irq 11 global_irq 11 high level)
[    0.000000] Using ACPI (MADT) for SMP configuration information
[    0.000000] ACPI: HPET id: 0x8086a201 base: 0xfed00000
[    0.000000] SMP: Allowing 1 CPUs, 0 hotplug CPUs
[    0.000000] PM: Registered nosave memory: 000000000009f000 - 00000000000a0000
[    0.000000] PM: Registered nosave memory: 00000000000a0000 - 00000000000f0000
[    0.000000] PM: Registered nosave memory: 00000000000f0000 - 0000000000100000
[    0.000000] Allocating PCI resources starting at 4000000 (gap: 4000000:fbfc0000)
[    0.000000] Booting paravirtualized kernel on bare hardware
[    0.000000] setup_percpu: NR_CPUS:64 nr_cpumask_bits:64 nr_cpu_ids:1 nr_node_ids:1
[    0.000000] PERCPU: Embedded 27 pages/cpu @ffff880003a00000 s78848 r8192 d23552 u2097152
[    0.000000] Built 1 zonelists in Node order, mobility grouping on.  Total pages: 16008
[    0.000000] Policy zone: DMA32
[    0.000000] Kernel command line: root=/dev/vda console=tty0 console=ttyS0 no_timer_check
[    0.000000] PID hash table entries: 256 (order: -1, 2048 bytes)
[    0.000000] Checking aperture...
[    0.000000] No AGP bridge found
[    0.000000] Memory: 43492k/65528k available (6576k kernel code, 452k absent, 21584k reserved, 6620k data, 928k init)
[    0.000000] SLUB: Genslabs=15, HWalign=64, Order=0-3, MinObjects=0, CPUs=1, Nodes=1
[    0.000000] Hierarchical RCU implementation.
[    0.000000] 	RCU dyntick-idle grace-period acceleration is enabled.
[    0.000000] NR_IRQS:4352 nr_irqs:256 16
[    0.000000] Console: colour VGA+ 80x25
[    0.000000] console [tty0] enabled
[    0.000000] console [ttyS0] enabled
[    0.000000] allocated 1048576 bytes of page_cgroup
[    0.000000] please try 'cgroup_disable=memory' option if you don't want memory cgroups
[    0.000000] Fast TSC calibration failed
[    0.000000] TSC: Unable to calibrate against PIT
[    0.000000] TSC: using HPET reference calibration
[    0.000000] Detected 2294.176 MHz processor.
[    0.033276] Calibrating delay loop (skipped), value calculated using timer frequency.. 4588.35 BogoMIPS (lpj=9176704)
[    0.037081] pid_max: default: 32768 minimum: 301
[    0.046907] Security Framework initialized
[    0.051245] AppArmor: AppArmor initialized
[    0.052122] Yama: becoming mindful.
[    0.059367] Dentry cache hash table entries: 8192 (order: 4, 65536 bytes)
[    0.060646] Inode-cache hash table entries: 4096 (order: 3, 32768 bytes)
[    0.062466] Mount-cache hash table entries: 256
[    0.078409] Initializing cgroup subsys cpuacct
[    0.079441] Initializing cgroup subsys memory
[    0.080770] Initializing cgroup subsys devices
[    0.081636] Initializing cgroup subsys freezer
[    0.082341] Initializing cgroup subsys blkio
[    0.084209] Initializing cgroup subsys perf_event
[    0.089347] mce: CPU supports 10 MCE banks
[    0.093460] SMP alternatives: switching to UP code
[    0.490780] Freeing SMP alternatives: 24k freed
[    0.492413] ACPI: Core revision 20110623
[    0.535414] ftrace: allocating 26610 entries in 105 pages
[    0.569332] ..TIMER: vector=0x30 apic1=0 pin1=2 apic2=-1 pin2=-1
[    0.572194] CPU0: AMD QEMU Virtual CPU version 2.0.0 stepping 03
[    0.580035] Performance Events: Broken PMU hardware detected, using software events only.
[    0.588785] NMI watchdog disabled (cpu0): hardware events not enabled
[    0.590399] Brought up 1 CPUs
[    0.590935] Total of 1 processors activated (4588.35 BogoMIPS).
[    0.615091] devtmpfs: initialized
[    0.642992] EVM: security.selinux
[    0.643462] EVM: security.SMACK64
[    0.644077] EVM: security.capability
[    0.664810] print_constraints: dummy: 
[    0.666532] RTC time: 21:42:43, date: 12/19/15
[    0.669977] NET: Registered protocol family 16
[    0.677250] ACPI: bus type pci registered
[    0.681799] PCI: Using configuration type 1 for base access
[    0.711009] bio: create slab &lt;bio-0&gt; at 0
[    0.716728] ACPI: Added _OSI(Module Device)
[    0.717370] ACPI: Added _OSI(Processor Device)
[    0.717966] ACPI: Added _OSI(3.0 _SCP Extensions)
[    0.718559] ACPI: Added _OSI(Processor Aggregator Device)
[    0.808414] ACPI: Interpreter enabled
[    0.809321] ACPI: (supports S0 S3 S4 S5)
[    0.812344] ACPI: Using IOAPIC for interrupt routing
[    0.899323] ACPI: No dock devices found.
[    0.900055] HEST: Table not found.
[    0.900055] PCI: Using host bridge windows from ACPI; if necessary, use "pci=nocrs" and report a bug
[    0.908741] ACPI: PCI Root Bridge [PCI0] (domain 0000 [bus 00-ff])
[    0.916392] pci_root PNP0A03:00: host bridge window [io  0x0000-0x0cf7]
[    0.917745] pci_root PNP0A03:00: host bridge window [io  0x0d00-0xadff]
[    0.918651] pci_root PNP0A03:00: host bridge window [io  0xae0f-0xaeff]
[    0.920117] pci_root PNP0A03:00: host bridge window [io  0xaf20-0xafdf]
[    0.920971] pci_root PNP0A03:00: host bridge window [io  0xafe4-0xffff]
[    0.922113] pci_root PNP0A03:00: host bridge window [mem 0x000a0000-0x000bffff]
[    0.923067] pci_root PNP0A03:00: host bridge window [mem 0x04000000-0xfebfffff]
[    0.952151] pci 0000:00:01.3: quirk: [io  0xb000-0xb03f] claimed by PIIX4 ACPI
[    0.953760] pci 0000:00:01.3: quirk: [io  0xb100-0xb10f] claimed by PIIX4 SMB
[    1.027703]  pci0000:00: Unable to request _OSC control (_OSC support mask: 0x1e)
[    1.089271] ACPI: PCI Interrupt Link [LNKA] (IRQs 5 *10 11)
[    1.093105] ACPI: PCI Interrupt Link [LNKB] (IRQs 5 *10 11)
[    1.096621] ACPI: PCI Interrupt Link [LNKC] (IRQs 5 10 *11)
[    1.100294] ACPI: PCI Interrupt Link [LNKD] (IRQs 5 10 *11)
[    1.102231] ACPI: PCI Interrupt Link [LNKS] (IRQs *9)
[    1.109062] vgaarb: device added: PCI:0000:00:02.0,decodes=io+mem,owns=io+mem,locks=none
[    1.110711] vgaarb: loaded
[    1.111098] vgaarb: bridge control possible 0000:00:02.0
[    1.114770] i2c-core: driver [aat2870] using legacy suspend method
[    1.116148] i2c-core: driver [aat2870] using legacy resume method
[    1.118863] SCSI subsystem initialized
[    1.122997] usbcore: registered new interface driver usbfs
[    1.124677] usbcore: registered new interface driver hub
[    1.126209] usbcore: registered new device driver usb
[    1.130762] PCI: Using ACPI for IRQ routing
[    1.141025] NetLabel: Initializing
[    1.141455] NetLabel:  domain hash size = 128
[    1.142124] NetLabel:  protocols = UNLABELED CIPSOv4
[    1.144604] NetLabel:  unlabeled traffic allowed by default
[    1.147110] HPET: 3 timers in total, 0 timers will be used for per-cpu timer
[    1.148432] hpet0: at MMIO 0xfed00000, IRQs 2, 8, 0
[    1.149239] hpet0: 3 comparators, 64-bit 100.000000 MHz counter
[    1.162626] Switching to clocksource hpet
[    1.391095] AppArmor: AppArmor Filesystem Enabled
[    1.393160] pnp: PnP ACPI init
[    1.393772] ACPI: bus type pnp registered
[    1.411915] pnp: PnP ACPI: found 9 devices
[    1.412831] ACPI: ACPI bus type pnp unregistered
[    1.482451] NET: Registered protocol family 2
[    1.525506] IP route cache hash table entries: 512 (order: 0, 4096 bytes)
[    1.533542] TCP established hash table entries: 2048 (order: 3, 32768 bytes)
[    1.535305] TCP bind hash table entries: 2048 (order: 3, 32768 bytes)
[    1.537400] TCP: Hash tables configured (established 2048 bind 2048)
[    1.538194] TCP reno registered
[    1.538930] UDP hash table entries: 128 (order: 0, 4096 bytes)
[    1.539795] UDP-Lite hash table entries: 128 (order: 0, 4096 bytes)
[    1.543148] NET: Registered protocol family 1
[    1.544026] pci 0000:00:00.0: Limiting direct PCI/PCI transfers
[    1.545982] pci 0000:00:01.0: PIIX3: Enabling Passive Release
[    1.547059] pci 0000:00:01.0: Activating ISA DMA hang workarounds
[    1.552096] ACPI: PCI Interrupt Link [LNKD] enabled at IRQ 11
[    1.554108] pci 0000:00:01.2: PCI INT D -&gt; Link[LNKD] -&gt; GSI 11 (level, high) -&gt; IRQ 11
[    1.556503] pci 0000:00:01.2: PCI INT D disabled
[    1.579529] Trying to unpack rootfs image as initramfs...
[    1.601886] audit: initializing netlink socket (disabled)
[    1.603492] type=2000 audit(1450561363.600:1): initialized
[    1.878403] HugeTLB registered 2 MB page size, pre-allocated 0 pages
[    1.942831] VFS: Disk quotas dquot_6.5.2
[    1.944100] Dquot-cache hash table entries: 512 (order 0, 4096 bytes)
[    1.966965] fuse init (API version 7.17)
[    1.970746] msgmni has been set to 84
[    2.006990] Block layer SCSI generic (bsg) driver version 0.4 loaded (major 253)
[    2.013750] io scheduler noop registered
[    2.014353] io scheduler deadline registered (default)
[    2.015528] io scheduler cfq registered
[    2.019114] pci_hotplug: PCI Hot Plug PCI Core version: 0.5
[    2.021879] pciehp: PCI Express Hot Plug Controller Driver version: 0.4
[    2.027705] input: Power Button as /devices/LNXSYSTM:00/LNXPWRBN:00/input/input0
[    2.029964] ACPI: Power Button [PWRF]
[    2.073471] ERST: Table is not found!
[    2.074035] GHES: HEST is not enabled!
[    2.087237] ACPI: PCI Interrupt Link [LNKC] enabled at IRQ 10
[    2.088036] virtio-pci 0000:00:03.0: PCI INT A -&gt; Link[LNKC] -&gt; GSI 10 (level, high) -&gt; IRQ 10
[    2.092056] virtio-pci 0000:00:04.0: PCI INT A -&gt; Link[LNKD] -&gt; GSI 11 (level, high) -&gt; IRQ 11
[    2.115701] ACPI: PCI Interrupt Link [LNKA] enabled at IRQ 10
[    2.117485] virtio-pci 0000:00:05.0: PCI INT A -&gt; Link[LNKA] -&gt; GSI 10 (level, high) -&gt; IRQ 10
[    2.123845] Serial: 8250/16550 driver, 32 ports, IRQ sharing enabled
[    2.165334] serial8250: ttyS0 at I/O 0x3f8 (irq = 4) is a 16550A
[    2.246004] serial8250: ttyS1 at I/O 0x2f8 (irq = 3) is a 16550A
[    2.383269] 00:05: ttyS0 at I/O 0x3f8 (irq = 4) is a 16550A
[    2.456206] 00:06: ttyS1 at I/O 0x2f8 (irq = 3) is a 16550A
[    2.508741] Linux agpgart interface v0.103
[    2.566288] Refined TSC clocksource calibration: 2294.189 MHz.
[    2.567230] Switching to clocksource tsc
[    2.579555] brd: module loaded
[    2.625553] loop: module loaded
[    2.701404]  vda: unknown partition table
[    2.758103] scsi0 : ata_piix
[    2.761080] scsi1 : ata_piix
[    2.762333] ata1: PATA max MWDMA2 cmd 0x1f0 ctl 0x3f6 bmdma 0xc0a0 irq 14
[    2.763253] ata2: PATA max MWDMA2 cmd 0x170 ctl 0x376 bmdma 0xc0a8 irq 15
[    2.773212] Fixed MDIO Bus: probed
[    2.774242] tun: Universal TUN/TAP device driver, 1.6
[    2.774886] tun: (C) 1999-2004 Max Krasnyansky &lt;maxk@qualcomm.com&gt;
[    2.794850] PPP generic driver version 2.4.2
[    2.833716] ehci_hcd: USB 2.0 'Enhanced' Host Controller (EHCI) Driver
[    2.835061] ohci_hcd: USB 1.1 'Open' Host Controller (OHCI) Driver
[    2.835979] uhci_hcd: USB Universal Host Controller Interface driver
[    2.837873] uhci_hcd 0000:00:01.2: PCI INT D -&gt; Link[LNKD] -&gt; GSI 11 (level, high) -&gt; IRQ 11
[    2.841643] uhci_hcd 0000:00:01.2: UHCI Host Controller
[    2.849838] uhci_hcd 0000:00:01.2: new USB bus registered, assigned bus number 1
[    2.851820] uhci_hcd 0000:00:01.2: irq 11, io base 0x0000c040
[    2.884774] hub 1-0:1.0: USB hub found
[    2.887454] hub 1-0:1.0: 2 ports detected
[    2.896989] usbcore: registered new interface driver libusual
[    2.900375] i8042: PNP: PS/2 Controller [PNP0303:KBD,PNP0f13:MOU] at 0x60,0x64 irq 1,12
[    2.908320] serio: i8042 KBD port at 0x60,0x64 irq 1
[    2.909898] serio: i8042 AUX port at 0x60,0x64 irq 12
[    2.948486] mousedev: PS/2 mouse device common for all mice
[    2.964046] input: AT Translated Set 2 keyboard as /devices/platform/i8042/serio0/input/input1
[    2.991426] rtc_cmos 00:01: RTC can wake from S4
[    3.011903] rtc_cmos 00:01: rtc core: registered rtc_cmos as rtc0
[    3.016407] rtc0: alarms up to one day, 114 bytes nvram, hpet irqs
[    3.020400] device-mapper: uevent: version 1.0.3
[    3.034231] ata2.01: ATAPI: QEMU DVD-ROM, 2.0.0, max UDMA/100
[    3.054761] ata2.01: configured for MWDMA2
[    3.062997] device-mapper: ioctl: 4.22.0-ioctl (2011-10-19) initialised: dm-devel@redhat.com
[    3.066838] cpuidle: using governor ladder
[    3.067815] cpuidle: using governor menu
[    3.069295] EFI Variables Facility v0.08 2004-May-17
[    3.084709] TCP cubic registered
[    3.088835] NET: Registered protocol family 10
[    3.132332] NET: Registered protocol family 17
[    3.133303] Registering the dns_resolver key type
[    3.171186] scsi 1:0:1:0: CD-ROM            QEMU     QEMU DVD-ROM     2.0. PQ: 0 ANSI: 5
[    3.194725] sr0: scsi3-mmc drive: 4x/4x cd/rw xa/form2 tray
[    3.195653] cdrom: Uniform CD-ROM driver Revision: 3.20
[    3.211311] sr 1:0:1:0: Attached scsi generic sg0 type 5
[    3.289589] Freeing initrd memory: 3656k freed
[    3.305082] registered taskstats version 1
[    3.801030]   Magic number: 11:378:753
[    3.810718] tty ttyS4: hash matches
[    3.819167] rtc_cmos 00:01: setting system clock to 2015-12-19 21:42:46 UTC (1450561366)
[    3.822744] powernow-k8: Processor cpuid 663 not supported
[    3.833683] BIOS EDD facility v0.16 2004-Jun-25, 0 devices found
[    3.835358] EDD information not available.
[    3.896304] Freeing unused kernel memory: 928k freed
[    3.896304] Write protecting the kernel read-only data: 12288k
[    4.010640] Freeing unused kernel memory: 1596k freed
[    4.101343] Freeing unused kernel memory: 1184k freed

info: initramfs: up at 4.26
modprobe: module virtio_blk not found in modules.dep
modprobe: module virtio_net not found in modules.dep
info: copying initramfs to /dev/vda
info: initramfs loading root from /dev/vda
info: /etc/init.d/rc.sysinit: up at 8.97
info: container: none
Starting logging: OK
modprobe: module virtio_blk not found in modules.dep
modprobe: module virtio_net not found in modules.dep
WARN: /etc/rc3.d/S10-load-modules failed
Initializing random number generator... done.
Starting acpid: OK
cirros-ds 'local' up at 11.46
found datasource (configdrive, local)
Starting network...
udhcpc (v1.20.1) started
Sending discover...
Sending discover...

2015-12-19 21:44:43,091 21528 INFO     [tempest_lib.common.rest_client] Request (TestNetworkBasicOps:_run_cleanups): 204 DELETE http://10.0.2.15:9696/v2.0/floatingips/d1fc0fc7-2456-46f9-b8d3-8f7cb38e8189 0.276s
2015-12-19 21:44:43,092 21528 DEBUG    [tempest_lib.common.rest_client] Request - Headers: {'Content-Type': 'application/json', 'Accept': 'application/json', 'X-Auth-Token': '&lt;omitted&gt;'}
        Body: None
    Response - Headers: {'date': 'Sat, 19 Dec 2015 21:44:43 GMT', 'status': '204', 'connection': 'close', 'content-length': '0', 'x-openstack-request-id': 'req-74f161c3-a19e-42d0-a332-d0755f728d39'}
        Body: 
2015-12-19 21:44:43,432 21528 INFO     [tempest_lib.common.rest_client] Request (TestNetworkBasicOps:_run_cleanups): 204 DELETE http://10.0.2.15:8774/v2.1/174f17e3663845a298944a5f7e55bc1b/servers/b30aa8bc-4be5-40e9-b1ef-0f8b989abe6f 0.340s
2015-12-19 21:44:43,433 21528 DEBUG    [tempest_lib.common.rest_client] Request - Headers: {'Content-Type': 'application/json', 'Accept': 'application/json', 'X-Auth-Token': '&lt;omitted&gt;'}
        Body: None
    Response - Headers: {'status': '204', 'content-length': '0', 'x-compute-request-id': 'req-b6d49573-be8b-4dc6-b1e9-47fc7d9152e3', 'vary': 'X-OpenStack-Nova-API-Version', 'connection': 'close', 'x-openstack-nova-api-version': '2.1', 'date': 'Sat, 19 Dec 2015 21:44:43 GMT', 'content-type': 'application/json'}
        Body: 
2015-12-19 21:44:43,658 21528 INFO     [tempest_lib.common.rest_client] Request (TestNetworkBasicOps:_run_cleanups): 200 GET http://10.0.2.15:8774/v2.1/174f17e3663845a298944a5f7e55bc1b/servers/b30aa8bc-4be5-40e9-b1ef-0f8b989abe6f 0.224s
2015-12-19 21:44:43,658 21528 DEBUG    [tempest_lib.common.rest_client] Request - Headers: {'Content-Type': 'application/json', 'Accept': 'application/json', 'X-Auth-Token': '&lt;omitted&gt;'}
        Body: None
    Response - Headers: {'status': '200', 'content-length': '1774', 'content-location': 'http://10.0.2.15:8774/v2.1/174f17e3663845a298944a5f7e55bc1b/servers/b30aa8bc-4be5-40e9-b1ef-0f8b989abe6f', 'x-compute-request-id': 'req-13ec08d4-d4cf-49fa-a011-ffaf1cf63840', 'vary': 'X-OpenStack-Nova-API-Version', 'connection': 'close', 'x-openstack-nova-api-version': '2.1', 'date': 'Sat, 19 Dec 2015 21:44:43 GMT', 'content-type': 'application/json'}
        Body: {"server": {"status": "ACTIVE", "updated": "2015-12-19T21:44:43Z", "hostId": "f1375b923cc1f77e62630da052ebe1e1b55a6b0e3c3cd81f34efe3b9", "addresses": {"tempest-network-smoke--729388153": [{"OS-EXT-IPS-MAC:mac_addr": "fa:16:3e:0f:41:22", "version": 4, "addr": "10.100.0.3", "OS-EXT-IPS:type": "fixed"}, {"OS-EXT-IPS-MAC:mac_addr": "fa:16:3e:0f:41:22", "version": 4, "addr": "172.24.4.4", "OS-EXT-IPS:type": "floating"}]}, "links": [{"href": "http://10.0.2.15:8774/v2.1/174f17e3663845a298944a5f7e55bc1b/servers/b30aa8bc-4be5-40e9-b1ef-0f8b989abe6f", "rel": "self"}, {"href": "http://10.0.2.15:8774/174f17e3663845a298944a5f7e55bc1b/servers/b30aa8bc-4be5-40e9-b1ef-0f8b989abe6f", "rel": "bookmark"}], "key_name": "tempest-TestNetworkBasicOps-2126573690", "image": {"id": "39210868-b8fd-4a29-9796-e66d15833607", "links": [{"href": "http://10.0.2.15:8774/174f17e3663845a298944a5f7e55bc1b/images/39210868-b8fd-4a29-9796-e66d15833607", "rel": "bookmark"}]}, "OS-EXT-STS:task_state": "deleting", "OS-EXT-STS:vm_state": "active", "OS-SRV-USG:launched_at": "2015-12-19T21:42:39.000000", "flavor": {"id": "42", "links": [{"href": "http://10.0.2.15:8774/174f17e3663845a298944a5f7e55bc1b/flavors/42", "rel": "bookmark"}]}, "id": "b30aa8bc-4be5-40e9-b1ef-0f8b989abe6f", "security_groups": [{"name": "tempest-secgroup-smoke-917557555"}], "OS-SRV-USG:terminated_at": null, "OS-EXT-AZ:availability_zone": "nova", "user_id": "e66578e6f7374bfd9dcf96f247c095b9", "name": "tempest.common.compute-instance-333876938", "created": "2015-12-19T21:42:36Z", "tenant_id": "174f17e3663845a298944a5f7e55bc1b", "OS-DCF:diskConfig": "MANUAL", "os-extended-volumes:volumes_attached": [], "accessIPv4": "", "accessIPv6": "", "progress": 0, "OS-EXT-STS:power_state": 1, "config_drive": "True", "metadata": {}}}
2015-12-19 21:44:44,811 21528 INFO     [tempest_lib.common.rest_client] Request (TestNetworkBasicOps:_run_cleanups): 200 GET http://10.0.2.15:8774/v2.1/174f17e3663845a298944a5f7e55bc1b/servers/b30aa8bc-4be5-40e9-b1ef-0f8b989abe6f 0.139s
2015-12-19 21:44:44,811 21528 DEBUG    [tempest_lib.common.rest_client] Request - Headers: {'Content-Type': 'application/json', 'Accept': 'application/json', 'X-Auth-Token': '&lt;omitted&gt;'}
        Body: None
    Response - Headers: {'status': '200', 'content-length': '1440', 'content-location': 'http://10.0.2.15:8774/v2.1/174f17e3663845a298944a5f7e55bc1b/servers/b30aa8bc-4be5-40e9-b1ef-0f8b989abe6f', 'x-compute-request-id': 'req-305c5b67-65ca-466b-bf1d-1a3c48a554ee', 'vary': 'X-OpenStack-Nova-API-Version', 'connection': 'close', 'x-openstack-nova-api-version': '2.1', 'date': 'Sat, 19 Dec 2015 21:44:44 GMT', 'content-type': 'application/json'}
        Body: {"server": {"status": "ACTIVE", "updated": "2015-12-19T21:44:44Z", "hostId": "f1375b923cc1f77e62630da052ebe1e1b55a6b0e3c3cd81f34efe3b9", "addresses": {}, "links": [{"href": "http://10.0.2.15:8774/v2.1/174f17e3663845a298944a5f7e55bc1b/servers/b30aa8bc-4be5-40e9-b1ef-0f8b989abe6f", "rel": "self"}, {"href": "http://10.0.2.15:8774/174f17e3663845a298944a5f7e55bc1b/servers/b30aa8bc-4be5-40e9-b1ef-0f8b989abe6f", "rel": "bookmark"}], "key_name": "tempest-TestNetworkBasicOps-2126573690", "image": {"id": "39210868-b8fd-4a29-9796-e66d15833607", "links": [{"href": "http://10.0.2.15:8774/174f17e3663845a298944a5f7e55bc1b/images/39210868-b8fd-4a29-9796-e66d15833607", "rel": "bookmark"}]}, "OS-EXT-STS:task_state": "deleting", "OS-EXT-STS:vm_state": "active", "OS-SRV-USG:launched_at": "2015-12-19T21:42:39.000000", "flavor": {"id": "42", "links": [{"href": "http://10.0.2.15:8774/174f17e3663845a298944a5f7e55bc1b/flavors/42", "rel": "bookmark"}]}, "id": "b30aa8bc-4be5-40e9-b1ef-0f8b989abe6f", "OS-SRV-USG:terminated_at": null, "OS-EXT-AZ:availability_zone": "nova", "user_id": "e66578e6f7374bfd9dcf96f247c095b9", "name": "tempest.common.compute-instance-333876938", "created": "2015-12-19T21:42:36Z", "tenant_id": "174f17e3663845a298944a5f7e55bc1b", "OS-DCF:diskConfig": "MANUAL", "os-extended-volumes:volumes_attached": [], "accessIPv4": "", "accessIPv6": "", "progress": 0, "OS-EXT-STS:power_state": 1, "config_drive": "True", "metadata": {}}}
2015-12-19 21:44:45,908 21528 INFO     [tempest_lib.common.rest_client] Request (TestNetworkBasicOps:_run_cleanups): 404 GET http://10.0.2.15:8774/v2.1/174f17e3663845a298944a5f7e55bc1b/servers/b30aa8bc-4be5-40e9-b1ef-0f8b989abe6f 0.083s
2015-12-19 21:44:45,908 21528 DEBUG    [tempest_lib.common.rest_client] Request - Headers: {'Content-Type': 'application/json', 'Accept': 'application/json', 'X-Auth-Token': '&lt;omitted&gt;'}
        Body: None
    Response - Headers: {'status': '404', 'content-length': '111', 'x-compute-request-id': 'req-a3b42679-0cd9-4a80-8f59-1fea3ad06cf7', 'vary': 'X-OpenStack-Nova-API-Version', 'connection': 'close', 'x-openstack-nova-api-version': '2.1', 'date': 'Sat, 19 Dec 2015 21:44:45 GMT', 'content-type': 'application/json; charset=UTF-8'}
        Body: {"itemNotFound": {"message": "Instance b30aa8bc-4be5-40e9-b1ef-0f8b989abe6f could not be found.", "code": 404}}
2015-12-19 21:44:45,929 21528 INFO     [tempest_lib.common.rest_client] Request (TestNetworkBasicOps:_run_cleanups): 202 DELETE http://10.0.2.15:8774/v2.1/174f17e3663845a298944a5f7e55bc1b/os-keypairs/tempest-TestNetworkBasicOps-2126573690 0.020s
2015-12-19 21:44:45,930 21528 DEBUG    [tempest_lib.common.rest_client] Request - Headers: {'Content-Type': 'application/json', 'Accept': 'application/json', 'X-Auth-Token': '&lt;omitted&gt;'}
        Body: None
    Response - Headers: {'status': '202', 'content-length': '0', 'x-compute-request-id': 'req-22247d56-2943-49a3-92aa-f0897e26466d', 'vary': 'X-OpenStack-Nova-API-Version', 'connection': 'close', 'x-openstack-nova-api-version': '2.1', 'date': 'Sat, 19 Dec 2015 21:44:45 GMT', 'content-type': 'application/json'}
        Body: 
2015-12-19 21:44:46,347 21528 INFO     [tempest_lib.common.rest_client] Request (TestNetworkBasicOps:_run_cleanups): 200 PUT http://10.0.2.15:9696/v2.0/routers/fafbad03-bb68-4026-9d9e-4517bb0eab78/remove_router_interface 0.416s
2015-12-19 21:44:46,348 21528 DEBUG    [tempest_lib.common.rest_client] Request - Headers: {'Content-Type': 'application/json', 'Accept': 'application/json', 'X-Auth-Token': '&lt;omitted&gt;'}
        Body: {"subnet_id": "db9efd6c-e8ac-44d2-8e9a-5c191f8fd44d"}
    Response - Headers: {'status': '200', 'content-length': '255', 'connection': 'close', 'date': 'Sat, 19 Dec 2015 21:44:46 GMT', 'content-type': 'application/json; charset=UTF-8', 'x-openstack-request-id': 'req-075731aa-7a56-49ec-8472-be15af26d1fb'}
        Body: {"subnet_id": "db9efd6c-e8ac-44d2-8e9a-5c191f8fd44d", "tenant_id": "174f17e3663845a298944a5f7e55bc1b", "subnet_ids": ["db9efd6c-e8ac-44d2-8e9a-5c191f8fd44d"], "port_id": "da4e0d93-61a9-4314-9500-0f06720031cb", "id": "fafbad03-bb68-4026-9d9e-4517bb0eab78"}
2015-12-19 21:44:46,996 21528 INFO     [tempest_lib.common.rest_client] Request (TestNetworkBasicOps:_run_cleanups): 204 DELETE http://10.0.2.15:9696/v2.0/subnets/db9efd6c-e8ac-44d2-8e9a-5c191f8fd44d 0.646s
2015-12-19 21:44:46,997 21528 DEBUG    [tempest_lib.common.rest_client] Request - Headers: {'Content-Type': 'application/json', 'Accept': 'application/json', 'X-Auth-Token': '&lt;omitted&gt;'}
        Body: None
    Response - Headers: {'date': 'Sat, 19 Dec 2015 21:44:46 GMT', 'status': '204', 'connection': 'close', 'content-length': '0', 'x-openstack-request-id': 'req-fcf15e51-246e-49c6-9c06-a299e9d1b7d3'}
        Body: 
2015-12-19 21:44:47,050 21528 INFO     [tempest_lib.common.rest_client] Request (TestNetworkBasicOps:_run_cleanups): 200 GET http://10.0.2.15:9696/v2.0/routers/fafbad03-bb68-4026-9d9e-4517bb0eab78 0.053s
2015-12-19 21:44:47,051 21528 DEBUG    [tempest_lib.common.rest_client] Request - Headers: {'Content-Type': 'application/json', 'Accept': 'application/json', 'X-Auth-Token': '&lt;omitted&gt;'}
        Body: None
    Response - Headers: {'status': '200', 'content-length': '564', 'content-location': 'http://10.0.2.15:9696/v2.0/routers/fafbad03-bb68-4026-9d9e-4517bb0eab78', 'connection': 'close', 'date': 'Sat, 19 Dec 2015 21:44:47 GMT', 'content-type': 'application/json; charset=UTF-8', 'x-openstack-request-id': 'req-ab9f7116-5e90-45db-869a-023972cef4dd'}
        Body: {"router": {"status": "ACTIVE", "external_gateway_info": {"network_id": "d98b1671-e2a5-4384-b79c-9197e10d9f07", "enable_snat": true, "external_fixed_ips": [{"subnet_id": "3844f6b9-7e37-417f-966f-cfeef06ac569", "ip_address": "172.24.4.3"}, {"subnet_id": "3b139c47-d526-455a-b18a-0cfe1cc99ea3", "ip_address": "2001:db8::3"}]}, "availability_zone_hints": [], "availability_zones": ["nova"], "name": "tempest-router-smoke-1837994728", "admin_state_up": true, "tenant_id": "174f17e3663845a298944a5f7e55bc1b", "routes": [], "id": "fafbad03-bb68-4026-9d9e-4517bb0eab78"}}
2015-12-19 21:44:47,457 21528 INFO     [tempest_lib.common.rest_client] Request (TestNetworkBasicOps:_run_cleanups): 200 PUT http://10.0.2.15:9696/v2.0/routers/fafbad03-bb68-4026-9d9e-4517bb0eab78 0.405s
2015-12-19 21:44:47,457 21528 DEBUG    [tempest_lib.common.rest_client] Request - Headers: {'Content-Type': 'application/json', 'Accept': 'application/json', 'X-Auth-Token': '&lt;omitted&gt;'}
        Body: {"router": {"external_gateway_info": {}, "name": "tempest-router-smoke-1837994728", "admin_state_up": true}}
    Response - Headers: {'status': '200', 'content-length': '302', 'connection': 'close', 'date': 'Sat, 19 Dec 2015 21:44:47 GMT', 'content-type': 'application/json; charset=UTF-8', 'x-openstack-request-id': 'req-a361428b-573e-4407-a688-f942a79f60ad'}
        Body: {"router": {"status": "ACTIVE", "external_gateway_info": null, "availability_zone_hints": [], "availability_zones": ["nova"], "name": "tempest-router-smoke-1837994728", "admin_state_up": true, "tenant_id": "174f17e3663845a298944a5f7e55bc1b", "routes": [], "id": "fafbad03-bb68-4026-9d9e-4517bb0eab78"}}
2015-12-19 21:44:47,782 21528 INFO     [tempest_lib.common.rest_client] Request (TestNetworkBasicOps:_run_cleanups): 204 DELETE http://10.0.2.15:9696/v2.0/routers/fafbad03-bb68-4026-9d9e-4517bb0eab78 0.324s
2015-12-19 21:44:47,783 21528 DEBUG    [tempest_lib.common.rest_client] Request - Headers: {'Content-Type': 'application/json', 'Accept': 'application/json', 'X-Auth-Token': '&lt;omitted&gt;'}
        Body: None
    Response - Headers: {'date': 'Sat, 19 Dec 2015 21:44:47 GMT', 'status': '204', 'connection': 'close', 'content-length': '0', 'x-openstack-request-id': 'req-097960c8-bd33-42fa-9c77-3e927712fa58'}
        Body: 
2015-12-19 21:44:47,988 21528 INFO     [tempest_lib.common.rest_client] Request (TestNetworkBasicOps:_run_cleanups): 204 DELETE http://10.0.2.15:9696/v2.0/networks/eb5757eb-900f-4d63-bae5-ce16e14b656b 0.204s
2015-12-19 21:44:47,990 21528 DEBUG    [tempest_lib.common.rest_client] Request - Headers: {'Content-Type': 'application/json', 'Accept': 'application/json', 'X-Auth-Token': '&lt;omitted&gt;'}
        Body: None
    Response - Headers: {'date': 'Sat, 19 Dec 2015 21:44:47 GMT', 'status': '204', 'connection': 'close', 'content-length': '0', 'x-openstack-request-id': 'req-a4205493-9502-44da-8367-1259e01a56bd'}
        Body: 
2015-12-19 21:44:48,049 21528 INFO     [tempest_lib.common.rest_client] Request (TestNetworkBasicOps:_run_cleanups): 204 DELETE http://10.0.2.15:9696/v2.0/security-group-rules/f4c08eab-aa51-406f-8acb-b30b7c9f6011 0.058s
2015-12-19 21:44:48,050 21528 DEBUG    [tempest_lib.common.rest_client] Request - Headers: {'Content-Type': 'application/json', 'Accept': 'application/json', 'X-Auth-Token': '&lt;omitted&gt;'}
        Body: None
    Response - Headers: {'date': 'Sat, 19 Dec 2015 21:44:48 GMT', 'status': '204', 'connection': 'close', 'content-length': '0', 'x-openstack-request-id': 'req-684a25f8-0061-47aa-a583-204866812aa3'}
        Body: 
2015-12-19 21:44:48,107 21528 INFO     [tempest_lib.common.rest_client] Request (TestNetworkBasicOps:_run_cleanups): 204 DELETE http://10.0.2.15:9696/v2.0/security-group-rules/56c13c34-6a40-4aed-bb08-4a0cf67504c6 0.056s
2015-12-19 21:44:48,107 21528 DEBUG    [tempest_lib.common.rest_client] Request - Headers: {'Content-Type': 'application/json', 'Accept': 'application/json', 'X-Auth-Token': '&lt;omitted&gt;'}
        Body: None
    Response - Headers: {'date': 'Sat, 19 Dec 2015 21:44:48 GMT', 'status': '204', 'connection': 'close', 'content-length': '0', 'x-openstack-request-id': 'req-730b785d-6c43-4ff4-bddb-88cae3ff2011'}
        Body: 
2015-12-19 21:44:48,157 21528 INFO     [tempest_lib.common.rest_client] Request (TestNetworkBasicOps:_run_cleanups): 204 DELETE http://10.0.2.15:9696/v2.0/security-group-rules/2e7c6741-ebf8-468c-9fe5-7547a9ea4bb8 0.049s
2015-12-19 21:44:48,158 21528 DEBUG    [tempest_lib.common.rest_client] Request - Headers: {'Content-Type': 'application/json', 'Accept': 'application/json', 'X-Auth-Token': '&lt;omitted&gt;'}
        Body: None
    Response - Headers: {'date': 'Sat, 19 Dec 2015 21:44:48 GMT', 'status': '204', 'connection': 'close', 'content-length': '0', 'x-openstack-request-id': 'req-1ac4abff-61a8-40fc-9963-8801fc79a79e'}
        Body: 
2015-12-19 21:44:48,213 21528 INFO     [tempest_lib.common.rest_client] Request (TestNetworkBasicOps:_run_cleanups): 204 DELETE http://10.0.2.15:9696/v2.0/security-group-rules/7c5d64a4-1b4b-42ed-a9d9-08a925103f21 0.053s
2015-12-19 21:44:48,213 21528 DEBUG    [tempest_lib.common.rest_client] Request - Headers: {'Content-Type': 'application/json', 'Accept': 'application/json', 'X-Auth-Token': '&lt;omitted&gt;'}
        Body: None
    Response - Headers: {'date': 'Sat, 19 Dec 2015 21:44:48 GMT', 'status': '204', 'connection': 'close', 'content-length': '0', 'x-openstack-request-id': 'req-934db543-1a78-4075-84cb-6e66b3af4216'}
        Body: 
2015-12-19 21:44:48,280 21528 INFO     [tempest_lib.common.rest_client] Request (TestNetworkBasicOps:_run_cleanups): 204 DELETE http://10.0.2.15:9696/v2.0/security-group-rules/b684d4fd-a0bd-45f7-9a57-a9e788fec695 0.065s
2015-12-19 21:44:48,281 21528 DEBUG    [tempest_lib.common.rest_client] Request - Headers: {'Content-Type': 'application/json', 'Accept': 'application/json', 'X-Auth-Token': '&lt;omitted&gt;'}
        Body: None
