<?xml version="1.0" encoding="UTF-8"?>
<!DOCTYPE html PUBLIC "-//W3C//DTD XHTML 1.0 Strict//EN"
     "http://www.w3.org/TR/xhtml1/DTD/xhtml1-strict.dtd">
<html xmlns="http://www.w3.org/1999/xhtml">
<head>
    <title>Unit Test Report</title>
    <meta name="generator" content="subunit2html 0.1"/>
    <meta http-equiv="Content-Type" content="text/html; charset=UTF-8"/>
    
<style type="text/css" media="screen">
body        { font-family: verdana, arial, helvetica, sans-serif;
    font-size: 80%; }
table       { font-size: 100%; width: 100%;}
pre         { font-size: 80%; }

/* -- heading -------------------------------------------------------------- */
h1 {
        font-size: 16pt;
        color: gray;
}
.heading {
    margin-top: 0ex;
    margin-bottom: 1ex;
}

.heading .attribute {
    margin-top: 1ex;
    margin-bottom: 0;
}

.heading .description {
    margin-top: 4ex;
    margin-bottom: 6ex;
}

/* -- css div popup -------------------------------------------------------- */
a.popup_link {
}

a.popup_link:hover {
    color: red;
}

.popup_window {
    display: none;
    overflow-x: scroll;
    /*border: solid #627173 1px; */
    padding: 10px;
    background-color: #E6E6D6;
    font-family: "Ubuntu Mono", "Lucida Console", "Courier New", monospace;
    text-align: left;
    font-size: 8pt;
}

}
/* -- report --------------------------------------------------------------- */
#show_detail_line {
    margin-top: 3ex;
    margin-bottom: 1ex;
}
#result_table {
    width: 100%;
    border-collapse: collapse;
    border: 1px solid #777;
}
#header_row {
    font-weight: bold;
    color: white;
    background-color: #777;
}
#result_table td {
    border: 1px solid #777;
    padding: 2px;
}
#total_row  { font-weight: bold; }
.passClass  { background-color: #6c6; }
.failClass  { background-color: #c60; }
.errorClass { background-color: #c00; }
.passCase   { color: #6c6; }
.failCase   { color: #c60; font-weight: bold; }
.errorCase  { color: #c00; font-weight: bold; }
.hiddenRow  { display: none; }
.testcase   { margin-left: 2em; }
td.testname {width: 40%}
td.small {width: 40px}

/* -- ending --------------------------------------------------------------- */
#ending {
}

</style>

</head>
<body>
<script language="javascript" type="text/javascript"><!--
output_list = Array();

/* level - 0:Summary; 1:Failed; 2:All */
function showCase(level) {
    trs = document.getElementsByTagName("tr");
    for (var i = 0; i < trs.length; i++) {
        tr = trs[i];
        id = tr.id;
        if (id.substr(0,2) == 'ft') {
            if (level < 1) {
                tr.className = 'hiddenRow';
            }
            else {
                tr.className = '';
            }
        }
        if (id.substr(0,2) == 'pt') {
            if (level > 1) {
                tr.className = '';
            }
            else {
                tr.className = 'hiddenRow';
            }
        }
    }
}


function showClassDetail(cid, count) {
    var id_list = Array(count);
    var toHide = 1;
    for (var i = 0; i < count; i++) {
        tid0 = 't' + cid.substr(1) + '.' + (i+1);
        tid = 'f' + tid0;
        tr = document.getElementById(tid);
        if (!tr) {
            tid = 'p' + tid0;
            tr = document.getElementById(tid);
        }
        id_list[i] = tid;
        if (tr.className) {
            toHide = 0;
        }
    }
    for (var i = 0; i < count; i++) {
        tid = id_list[i];
        if (toHide) {
            document.getElementById('div_'+tid).style.display = 'none'
            document.getElementById(tid).className = 'hiddenRow';
        }
        else {
            document.getElementById(tid).className = '';
        }
    }
}


function showTestDetail(div_id){
    var details_div = document.getElementById(div_id)
    var displayState = details_div.style.display
    // alert(displayState)
    if (displayState != 'block' ) {
        displayState = 'block'
        details_div.style.display = 'block'
    }
    else {
        details_div.style.display = 'none'
    }
}


function html_escape(s) {
    s = s.replace(/&/g,'&amp;');
    s = s.replace(/</g,'&lt;');
    s = s.replace(/>/g,'&gt;');
    return s;
}

/* obsoleted by detail in <div>
function showOutput(id, name) {
    var w = window.open("", //url
                    name,
                    "resizable,scrollbars,status,width=800,height=450");
    d = w.document;
    d.write("<pre>");
    d.write(html_escape(output_list[id]));
    d.write("\n");
    d.write("<a href='javascript:window.close()'>close</a>\n");
    d.write("</pre>\n");
    d.close();
}
*/
--></script>

<div class='heading'>
<h1>Unit Test Report</h1>

<p class='attribute'><strong>Status:</strong> Pass 1 Failure 7 Skip 1</p>

<p class='description'></p>
</div>



<p id='show_detail_line'>Show
<a href='javascript:showCase(0)'>Summary</a>
<a href='javascript:showCase(1)'>Failed</a>
<a href='javascript:showCase(2)'>All</a>
</p>
<table id='result_table'>
<colgroup>
<col align='left' />
<col align='right' />
<col align='right' />
<col align='right' />
<col align='right' />
<col align='right' />
<col align='right' />
<col align='right' />
</colgroup>
<tr id='header_row'>
    <td>Test Group/Test case</td>
    <td>Count</td>
    <td>Pass</td>
    <td>Fail</td>
    <td>Error</td>
    <td>Skip</td>
    <td>View</td>
    <td> </td>
</tr>

<tr class='failClass'>
    <td class="testname">tempest.scenario.test_network_basic_ops.TestNetworkBasicOps</td>
    <td class="small">9</td>
    <td class="small">1</td>
    <td class="small">7</td>
    <td class="small">0</td>
    <td class="small">1</td>
    <td class="small"><a href="javascript:showClassDetail('c1',9)"
>Detail</a></td>
    <td> </td>
</tr>

<tr id='ft1.1' class='none'>
    <td class='failCase'><div class='testcase'>test_connectivity_between_vms_on_different_networks[compute,id-1546850e-fbaa-42f5-8b5f-03d8a6a95f15,network]</div></td>
    <td colspan='7' align='left'>

    <!--css div popup start-->
    <a class="popup_link" onfocus='this.blur();'
    href="javascript:showTestDetail('div_ft1.1')" >
        fail</a>

    <div id='div_ft1.1' class="popup_window">
        <div style='text-align: right; color:red;cursor:pointer'>
        <a onfocus='this.blur();'
onclick="document.getElementById('div_ft1.1').style.display = 'none' " >
           [x]</a>
        </div>
        <pre>
        
ft1.1: tempest.scenario.test_network_basic_ops.TestNetworkBasicOps.test_connectivity_between_vms_on_different_networks[compute,id-1546850e-fbaa-42f5-8b5f-03d8a6a95f15,network]_StringException: Empty attachments:
  stderr
  stdout

pythonlogging:'': {{{
2015-12-24 01:46:44,044 21896 INFO     [tempest_lib.common.rest_client] Request (TestNetworkBasicOps:test_connectivity_between_vms_on_different_networks): 201 POST http://10.0.2.15:9696/v2.0/security-groups 0.366s
2015-12-24 01:46:44,045 21896 DEBUG    [tempest_lib.common.rest_client] Request - Headers: {'Content-Type': 'application/json', 'Accept': 'application/json', 'X-Auth-Token': '&lt;omitted&gt;'}
        Body: {"security_group": {"tenant_id": "ffe9cf57910d47a8bd4ea358e0fe5982", "description": "tempest-secgroup-smoke-1684586711 description", "name": "tempest-secgroup-smoke-1684586711"}}
    Response - Headers: {'status': '201', 'content-length': '888', 'connection': 'close', 'date': 'Thu, 24 Dec 2015 01:46:44 GMT', 'content-type': 'application/json; charset=UTF-8', 'x-openstack-request-id': 'req-ffcadc8d-185e-4b09-91d2-58a96909b203'}
        Body: {"security_group": {"tenant_id": "ffe9cf57910d47a8bd4ea358e0fe5982", "description": "tempest-secgroup-smoke-1684586711 description", "id": "770d0df0-a545-412b-834c-60eb0ff3f203", "security_group_rules": [{"remote_group_id": null, "direction": "egress", "remote_ip_prefix": null, "protocol": null, "ethertype": "IPv4", "tenant_id": "ffe9cf57910d47a8bd4ea358e0fe5982", "port_range_max": null, "port_range_min": null, "id": "2a11085a-e61c-4d9c-82ba-818c72fb4358", "security_group_id": "770d0df0-a545-412b-834c-60eb0ff3f203"}, {"remote_group_id": null, "direction": "egress", "remote_ip_prefix": null, "protocol": null, "ethertype": "IPv6", "tenant_id": "ffe9cf57910d47a8bd4ea358e0fe5982", "port_range_max": null, "port_range_min": null, "id": "c7071bbf-f799-4456-a408-215f81b8be86", "security_group_id": "770d0df0-a545-412b-834c-60eb0ff3f203"}], "name": "tempest-secgroup-smoke-1684586711"}}
2015-12-24 01:46:44,164 21896 INFO     [tempest_lib.common.rest_client] Request (TestNetworkBasicOps:test_connectivity_between_vms_on_different_networks): 201 POST http://10.0.2.15:9696/v2.0/security-group-rules 0.118s
2015-12-24 01:46:44,165 21896 DEBUG    [tempest_lib.common.rest_client] Request - Headers: {'Content-Type': 'application/json', 'Accept': 'application/json', 'X-Auth-Token': '&lt;omitted&gt;'}
        Body: {"security_group_rule": {"direction": "ingress", "protocol": "tcp", "tenant_id": "ffe9cf57910d47a8bd4ea358e0fe5982", "port_range_max": 22, "security_group_id": "770d0df0-a545-412b-834c-60eb0ff3f203", "port_range_min": 22}}
    Response - Headers: {'status': '201', 'content-length': '340', 'connection': 'close', 'date': 'Thu, 24 Dec 2015 01:46:44 GMT', 'content-type': 'application/json; charset=UTF-8', 'x-openstack-request-id': 'req-15c2bc62-a1fb-4249-84b4-9392228d2baa'}
        Body: {"security_group_rule": {"remote_group_id": null, "direction": "ingress", "remote_ip_prefix": null, "protocol": "tcp", "ethertype": "IPv4", "tenant_id": "ffe9cf57910d47a8bd4ea358e0fe5982", "port_range_max": 22, "port_range_min": 22, "id": "09690644-b157-46c7-b88b-55b6aa91d212", "security_group_id": "770d0df0-a545-412b-834c-60eb0ff3f203"}}
2015-12-24 01:46:44,290 21896 INFO     [tempest_lib.common.rest_client] Request (TestNetworkBasicOps:test_connectivity_between_vms_on_different_networks): 201 POST http://10.0.2.15:9696/v2.0/security-group-rules 0.124s
2015-12-24 01:46:44,290 21896 DEBUG    [tempest_lib.common.rest_client] Request - Headers: {'Content-Type': 'application/json', 'Accept': 'application/json', 'X-Auth-Token': '&lt;omitted&gt;'}
        Body: {"security_group_rule": {"direction": "egress", "protocol": "tcp", "tenant_id": "ffe9cf57910d47a8bd4ea358e0fe5982", "port_range_max": 22, "security_group_id": "770d0df0-a545-412b-834c-60eb0ff3f203", "port_range_min": 22}}
    Response - Headers: {'status': '201', 'content-length': '339', 'connection': 'close', 'date': 'Thu, 24 Dec 2015 01:46:44 GMT', 'content-type': 'application/json; charset=UTF-8', 'x-openstack-request-id': 'req-f2fe33ee-6639-4434-bf9b-7a83775ead80'}
        Body: {"security_group_rule": {"remote_group_id": null, "direction": "egress", "remote_ip_prefix": null, "protocol": "tcp", "ethertype": "IPv4", "tenant_id": "ffe9cf57910d47a8bd4ea358e0fe5982", "port_range_max": 22, "port_range_min": 22, "id": "66c290b0-951a-43f5-9fb8-5ddf70126e7f", "security_group_id": "770d0df0-a545-412b-834c-60eb0ff3f203"}}
2015-12-24 01:46:44,404 21896 INFO     [tempest_lib.common.rest_client] Request (TestNetworkBasicOps:test_connectivity_between_vms_on_different_networks): 201 POST http://10.0.2.15:9696/v2.0/security-group-rules 0.112s
2015-12-24 01:46:44,404 21896 DEBUG    [tempest_lib.common.rest_client] Request - Headers: {'Content-Type': 'application/json', 'Accept': 'application/json', 'X-Auth-Token': '&lt;omitted&gt;'}
        Body: {"security_group_rule": {"tenant_id": "ffe9cf57910d47a8bd4ea358e0fe5982", "direction": "ingress", "protocol": "icmp", "security_group_id": "770d0df0-a545-412b-834c-60eb0ff3f203"}}
    Response - Headers: {'status': '201', 'content-length': '345', 'connection': 'close', 'date': 'Thu, 24 Dec 2015 01:46:44 GMT', 'content-type': 'application/json; charset=UTF-8', 'x-openstack-request-id': 'req-362650a0-5c31-4f13-8bcf-4bbacec42ca0'}
        Body: {"security_group_rule": {"remote_group_id": null, "direction": "ingress", "remote_ip_prefix": null, "protocol": "icmp", "ethertype": "IPv4", "tenant_id": "ffe9cf57910d47a8bd4ea358e0fe5982", "port_range_max": null, "port_range_min": null, "id": "3a05bb1c-9a49-42a8-8343-f366696dce0c", "security_group_id": "770d0df0-a545-412b-834c-60eb0ff3f203"}}
2015-12-24 01:46:44,521 21896 INFO     [tempest_lib.common.rest_client] Request (TestNetworkBasicOps:test_connectivity_between_vms_on_different_networks): 201 POST http://10.0.2.15:9696/v2.0/security-group-rules 0.116s
2015-12-24 01:46:44,522 21896 DEBUG    [tempest_lib.common.rest_client] Request - Headers: {'Content-Type': 'application/json', 'Accept': 'application/json', 'X-Auth-Token': '&lt;omitted&gt;'}
        Body: {"security_group_rule": {"tenant_id": "ffe9cf57910d47a8bd4ea358e0fe5982", "direction": "egress", "protocol": "icmp", "security_group_id": "770d0df0-a545-412b-834c-60eb0ff3f203"}}
    Response - Headers: {'status': '201', 'content-length': '344', 'connection': 'close', 'date': 'Thu, 24 Dec 2015 01:46:44 GMT', 'content-type': 'application/json; charset=UTF-8', 'x-openstack-request-id': 'req-67c293d1-6251-4bb4-a9c9-0823d1a9e6fb'}
        Body: {"security_group_rule": {"remote_group_id": null, "direction": "egress", "remote_ip_prefix": null, "protocol": "icmp", "ethertype": "IPv4", "tenant_id": "ffe9cf57910d47a8bd4ea358e0fe5982", "port_range_max": null, "port_range_min": null, "id": "2ef8774b-dd4d-42c1-8f73-15a1d3353d95", "security_group_id": "770d0df0-a545-412b-834c-60eb0ff3f203"}}
2015-12-24 01:46:44,641 21896 INFO     [tempest_lib.common.rest_client] Request (TestNetworkBasicOps:test_connectivity_between_vms_on_different_networks): 201 POST http://10.0.2.15:9696/v2.0/security-group-rules 0.117s
2015-12-24 01:46:44,642 21896 DEBUG    [tempest_lib.common.rest_client] Request - Headers: {'Content-Type': 'application/json', 'Accept': 'application/json', 'X-Auth-Token': '&lt;omitted&gt;'}
        Body: {"security_group_rule": {"tenant_id": "ffe9cf57910d47a8bd4ea358e0fe5982", "direction": "ingress", "security_group_id": "770d0df0-a545-412b-834c-60eb0ff3f203", "protocol": "icmp", "ethertype": "IPv6"}}
    Response - Headers: {'status': '201', 'content-length': '345', 'connection': 'close', 'date': 'Thu, 24 Dec 2015 01:46:44 GMT', 'content-type': 'application/json; charset=UTF-8', 'x-openstack-request-id': 'req-086df3c9-2785-4fd8-ab9f-4a06b1094c52'}
        Body: {"security_group_rule": {"remote_group_id": null, "direction": "ingress", "remote_ip_prefix": null, "protocol": "icmp", "ethertype": "IPv6", "tenant_id": "ffe9cf57910d47a8bd4ea358e0fe5982", "port_range_max": null, "port_range_min": null, "id": "49af2054-12aa-4f61-9dd4-eea32282739a", "security_group_id": "770d0df0-a545-412b-834c-60eb0ff3f203"}}
2015-12-24 01:46:44,762 21896 INFO     [tempest_lib.common.rest_client] Request (TestNetworkBasicOps:test_connectivity_between_vms_on_different_networks): 201 POST http://10.0.2.15:9696/v2.0/security-group-rules 0.118s
2015-12-24 01:46:44,762 21896 DEBUG    [tempest_lib.common.rest_client] Request - Headers: {'Content-Type': 'application/json', 'Accept': 'application/json', 'X-Auth-Token': '&lt;omitted&gt;'}
        Body: {"security_group_rule": {"tenant_id": "ffe9cf57910d47a8bd4ea358e0fe5982", "direction": "egress", "security_group_id": "770d0df0-a545-412b-834c-60eb0ff3f203", "protocol": "icmp", "ethertype": "IPv6"}}
    Response - Headers: {'status': '201', 'content-length': '344', 'connection': 'close', 'date': 'Thu, 24 Dec 2015 01:46:44 GMT', 'content-type': 'application/json; charset=UTF-8', 'x-openstack-request-id': 'req-3cce8a39-de54-49b7-b664-1ce64ef1c9fb'}
        Body: {"security_group_rule": {"remote_group_id": null, "direction": "egress", "remote_ip_prefix": null, "protocol": "icmp", "ethertype": "IPv6", "tenant_id": "ffe9cf57910d47a8bd4ea358e0fe5982", "port_range_max": null, "port_range_min": null, "id": "38dbaaf9-8d4c-4909-9b90-2fdb850433e2", "security_group_id": "770d0df0-a545-412b-834c-60eb0ff3f203"}}
2015-12-24 01:46:44,937 21896 INFO     [tempest_lib.common.rest_client] Request (TestNetworkBasicOps:test_connectivity_between_vms_on_different_networks): 201 POST http://10.0.2.15:9696/v2.0/networks 0.174s
2015-12-24 01:46:44,938 21896 DEBUG    [tempest_lib.common.rest_client] Request - Headers: {'Content-Type': 'application/json', 'Accept': 'application/json', 'X-Auth-Token': '&lt;omitted&gt;'}
        Body: {"network": {"tenant_id": "ffe9cf57910d47a8bd4ea358e0fe5982", "name": "tempest-network-smoke--278563057"}}
    Response - Headers: {'status': '201', 'content-length': '328', 'connection': 'close', 'date': 'Thu, 24 Dec 2015 01:46:44 GMT', 'content-type': 'application/json; charset=UTF-8', 'x-openstack-request-id': 'req-f4c197ca-42da-4f87-9af6-68861fe12f86'}
        Body: {"network": {"status": "ACTIVE", "subnets": [], "availability_zone_hints": "[]", "name": "tempest-network-smoke--278563057", "admin_state_up": true, "tenant_id": "ffe9cf57910d47a8bd4ea358e0fe5982", "mtu": 0, "router:external": false, "shared": false, "port_security_enabled": true, "id": "b95f82cf-6397-4d45-a482-7d8dccae5f84"}}
2015-12-24 01:46:45,023 21896 INFO     [tempest_lib.common.rest_client] Request (TestNetworkBasicOps:test_connectivity_between_vms_on_different_networks): 201 POST http://10.0.2.15:9696/v2.0/routers 0.084s
2015-12-24 01:46:45,024 21896 DEBUG    [tempest_lib.common.rest_client] Request - Headers: {'Content-Type': 'application/json', 'Accept': 'application/json', 'X-Auth-Token': '&lt;omitted&gt;'}
        Body: {"router": {"tenant_id": "ffe9cf57910d47a8bd4ea358e0fe5982", "name": "tempest-router-smoke-2098094045", "admin_state_up": true}}
    Response - Headers: {'status': '201', 'content-length': '296', 'connection': 'close', 'date': 'Thu, 24 Dec 2015 01:46:45 GMT', 'content-type': 'application/json; charset=UTF-8', 'x-openstack-request-id': 'req-71e5ddc1-cc2c-48ab-9c1a-b4d0153acee2'}
        Body: {"router": {"status": "ACTIVE", "external_gateway_info": null, "availability_zone_hints": [], "availability_zones": [], "name": "tempest-router-smoke-2098094045", "admin_state_up": true, "tenant_id": "ffe9cf57910d47a8bd4ea358e0fe5982", "routes": [], "id": "039fce00-7fb9-4bab-a642-2e6989961ce8"}}
2015-12-24 01:46:45,077 21896 INFO     [tempest_lib.common.rest_client] Request (TestNetworkBasicOps:test_connectivity_between_vms_on_different_networks): 200 GET http://10.0.2.15:9696/v2.0/routers/039fce00-7fb9-4bab-a642-2e6989961ce8 0.052s
2015-12-24 01:46:45,077 21896 DEBUG    [tempest_lib.common.rest_client] Request - Headers: {'Content-Type': 'application/json', 'Accept': 'application/json', 'X-Auth-Token': '&lt;omitted&gt;'}
        Body: None
    Response - Headers: {'status': '200', 'content-length': '296', 'content-location': 'http://10.0.2.15:9696/v2.0/routers/039fce00-7fb9-4bab-a642-2e6989961ce8', 'connection': 'close', 'date': 'Thu, 24 Dec 2015 01:46:45 GMT', 'content-type': 'application/json; charset=UTF-8', 'x-openstack-request-id': 'req-da6fa907-615e-4d4d-9fb8-4789e4830944'}
        Body: {"router": {"status": "ACTIVE", "external_gateway_info": null, "availability_zone_hints": [], "availability_zones": [], "name": "tempest-router-smoke-2098094045", "admin_state_up": true, "tenant_id": "ffe9cf57910d47a8bd4ea358e0fe5982", "routes": [], "id": "039fce00-7fb9-4bab-a642-2e6989961ce8"}}
2015-12-24 01:46:45,905 21896 INFO     [tempest_lib.common.rest_client] Request (TestNetworkBasicOps:test_connectivity_between_vms_on_different_networks): 200 PUT http://10.0.2.15:9696/v2.0/routers/039fce00-7fb9-4bab-a642-2e6989961ce8 0.826s
2015-12-24 01:46:45,906 21896 DEBUG    [tempest_lib.common.rest_client] Request - Headers: {'Content-Type': 'application/json', 'Accept': 'application/json', 'X-Auth-Token': '&lt;omitted&gt;'}
        Body: {"router": {"external_gateway_info": {"network_id": "28d6e5ad-1ff0-453d-973c-f9efe85f0e38"}, "name": "tempest-router-smoke-2098094045", "admin_state_up": true}}
    Response - Headers: {'status': '200', 'content-length': '558', 'connection': 'close', 'date': 'Thu, 24 Dec 2015 01:46:45 GMT', 'content-type': 'application/json; charset=UTF-8', 'x-openstack-request-id': 'req-904c0294-7603-41d7-9835-4a0398abe747'}
        Body: {"router": {"status": "ACTIVE", "external_gateway_info": {"network_id": "28d6e5ad-1ff0-453d-973c-f9efe85f0e38", "enable_snat": true, "external_fixed_ips": [{"subnet_id": "0291bc62-0832-428d-b14a-a282d6a652ee", "ip_address": "172.24.4.3"}, {"subnet_id": "30028f33-9fac-4a85-9e7c-7124a3ac4fdc", "ip_address": "2001:db8::3"}]}, "availability_zone_hints": [], "availability_zones": [], "name": "tempest-router-smoke-2098094045", "admin_state_up": true, "tenant_id": "ffe9cf57910d47a8bd4ea358e0fe5982", "routes": [], "id": "039fce00-7fb9-4bab-a642-2e6989961ce8"}}
2015-12-24 01:46:46,066 21896 INFO     [tempest_lib.common.rest_client] Request (TestNetworkBasicOps:test_connectivity_between_vms_on_different_networks): 200 GET http://10.0.2.15:9696/v2.0/subnets?tenant_id=ffe9cf57910d47a8bd4ea358e0fe5982&amp;cidr=10.100.0.0%2F28 0.159s
2015-12-24 01:46:46,066 21896 DEBUG    [tempest_lib.common.rest_client] Request - Headers: {'Content-Type': 'application/json', 'Accept': 'application/json', 'X-Auth-Token': '&lt;omitted&gt;'}
        Body: None
    Response - Headers: {'status': '200', 'content-length': '15', 'content-location': 'http://10.0.2.15:9696/v2.0/subnets?tenant_id=ffe9cf57910d47a8bd4ea358e0fe5982&amp;cidr=10.100.0.0%2F28', 'connection': 'close', 'date': 'Thu, 24 Dec 2015 01:46:46 GMT', 'content-type': 'application/json; charset=UTF-8', 'x-openstack-request-id': 'req-d050ce45-2ddb-44ae-af05-d1636a0e3508'}
        Body: {"subnets": []}
2015-12-24 01:46:46,385 21896 INFO     [tempest_lib.common.rest_client] Request (TestNetworkBasicOps:test_connectivity_between_vms_on_different_networks): 201 POST http://10.0.2.15:9696/v2.0/subnets 0.318s
2015-12-24 01:46:46,385 21896 DEBUG    [tempest_lib.common.rest_client] Request - Headers: {'Content-Type': 'application/json', 'Accept': 'application/json', 'X-Auth-Token': '&lt;omitted&gt;'}
        Body: {"subnet": {"ip_version": 4, "tenant_id": "ffe9cf57910d47a8bd4ea358e0fe5982", "cidr": "10.100.0.0/28", "network_id": "b95f82cf-6397-4d45-a482-7d8dccae5f84", "name": "tempest-subnet-smoke-192536793"}}
    Response - Headers: {'status': '201', 'content-length': '477', 'connection': 'close', 'date': 'Thu, 24 Dec 2015 01:46:46 GMT', 'content-type': 'application/json; charset=UTF-8', 'x-openstack-request-id': 'req-f908334f-e47c-4735-be3b-eaee59fd70ce'}
        Body: {"subnet": {"name": "tempest-subnet-smoke-192536793", "enable_dhcp": true, "network_id": "b95f82cf-6397-4d45-a482-7d8dccae5f84", "tenant_id": "ffe9cf57910d47a8bd4ea358e0fe5982", "dns_nameservers": [], "gateway_ip": "10.100.0.1", "ipv6_ra_mode": null, "allocation_pools": [{"start": "10.100.0.2", "end": "10.100.0.14"}], "host_routes": [], "ip_version": 4, "ipv6_address_mode": null, "cidr": "10.100.0.0/28", "id": "28569214-1b57-494a-814f-d379314d9af3", "subnetpool_id": null}}
2015-12-24 01:46:47,039 21896 INFO     [tempest_lib.common.rest_client] Request (TestNetworkBasicOps:test_connectivity_between_vms_on_different_networks): 200 PUT http://10.0.2.15:9696/v2.0/routers/039fce00-7fb9-4bab-a642-2e6989961ce8/add_router_interface 0.653s
2015-12-24 01:46:47,040 21896 DEBUG    [tempest_lib.common.rest_client] Request - Headers: {'Content-Type': 'application/json', 'Accept': 'application/json', 'X-Auth-Token': '&lt;omitted&gt;'}
        Body: {"subnet_id": "28569214-1b57-494a-814f-d379314d9af3"}
    Response - Headers: {'status': '200', 'content-length': '255', 'connection': 'close', 'date': 'Thu, 24 Dec 2015 01:46:47 GMT', 'content-type': 'application/json; charset=UTF-8', 'x-openstack-request-id': 'req-c8671515-675b-4115-b3aa-ec363bf35c96'}
        Body: {"subnet_id": "28569214-1b57-494a-814f-d379314d9af3", "tenant_id": "ffe9cf57910d47a8bd4ea358e0fe5982", "subnet_ids": ["28569214-1b57-494a-814f-d379314d9af3"], "port_id": "7fdabef5-eb7c-4dee-8389-4178f3b8c3b8", "id": "039fce00-7fb9-4bab-a642-2e6989961ce8"}
2015-12-24 01:46:47,208 21896 INFO     [tempest_lib.common.rest_client] Request (TestNetworkBasicOps:test_connectivity_between_vms_on_different_networks): 200 GET http://10.0.2.15:9696/v2.0/networks 0.168s
2015-12-24 01:46:47,208 21896 DEBUG    [tempest_lib.common.rest_client] Request - Headers: {'Content-Type': 'application/json', 'Accept': 'application/json', 'X-Auth-Token': '&lt;omitted&gt;'}
        Body: None
    Response - Headers: {'status': '200', 'content-length': '1506', 'content-location': 'http://10.0.2.15:9696/v2.0/networks', 'connection': 'close', 'date': 'Thu, 24 Dec 2015 01:46:47 GMT', 'content-type': 'application/json; charset=UTF-8', 'x-openstack-request-id': 'req-0469e7fe-74ee-415f-ab31-dce6ddee2cd2'}
        Body: {"networks": [{"status": "ACTIVE", "subnets": ["28569214-1b57-494a-814f-d379314d9af3"], "availability_zone_hints": [], "availability_zones": ["nova"], "name": "tempest-network-smoke--278563057", "provider:physical_network": null, "admin_state_up": true, "tenant_id": "ffe9cf57910d47a8bd4ea358e0fe5982", "mtu": 0, "router:external": false, "shared": false, "port_security_enabled": true, "provider:network_type": "vxlan", "id": "b95f82cf-6397-4d45-a482-7d8dccae5f84", "provider:segmentation_id": 1049}, {"status": "ACTIVE", "subnets": ["db5236fb-ec2e-420b-a4fa-ab840a738351", "7f9099d6-cd7c-4d09-9b9c-f61ba0d0b51d"], "availability_zone_hints": [], "availability_zones": ["nova"], "name": "private", "provider:physical_network": null, "admin_state_up": true, "tenant_id": "6752a43b197d4ce681e08ee7f8cbee95", "mtu": 0, "router:external": false, "shared": false, "port_security_enabled": true, "provider:network_type": "vxlan", "id": "66d69433-720b-469d-b45c-9cc517bb5ac2", "provider:segmentation_id": 1050}, {"status": "ACTIVE", "subnets": ["0291bc62-0832-428d-b14a-a282d6a652ee", "30028f33-9fac-4a85-9e7c-7124a3ac4fdc"], "availability_zone_hints": [], "availability_zones": ["nova"], "name": "public", "provider:physical_network": null, "admin_state_up": true, "tenant_id": "94add4d1c8844a178d6b70a90b87d40a", "mtu": 0, "router:external": true, "shared": false, "port_security_enabled": true, "provider:network_type": "vxlan", "id": "28d6e5ad-1ff0-453d-973c-f9efe85f0e38", "provider:segmentation_id": 1068}]}
2015-12-24 01:46:47,251 21896 INFO     [tempest_lib.common.rest_client] Request (TestNetworkBasicOps:test_connectivity_between_vms_on_different_networks): 200 GET http://10.0.2.15:9696/v2.0/subnets 0.041s
2015-12-24 01:46:47,251 21896 DEBUG    [tempest_lib.common.rest_client] Request - Headers: {'Content-Type': 'application/json', 'Accept': 'application/json', 'X-Auth-Token': '&lt;omitted&gt;'}
        Body: None
    Response - Headers: {'status': '200', 'content-length': '2407', 'content-location': 'http://10.0.2.15:9696/v2.0/subnets', 'connection': 'close', 'date': 'Thu, 24 Dec 2015 01:46:47 GMT', 'content-type': 'application/json; charset=UTF-8', 'x-openstack-request-id': 'req-d66d8b21-f3ee-4ce3-bea3-e5c83c737ce2'}
        Body: {"subnets": [{"name": "ipv6-public-subnet", "enable_dhcp": false, "network_id": "28d6e5ad-1ff0-453d-973c-f9efe85f0e38", "tenant_id": "94add4d1c8844a178d6b70a90b87d40a", "dns_nameservers": [], "gateway_ip": "2001:db8::2", "ipv6_ra_mode": null, "allocation_pools": [{"start": "2001:db8::3", "end": "2001:db8::ffff:ffff:ffff:ffff"}, {"start": "2001:db8::1", "end": "2001:db8::1"}], "host_routes": [], "ip_version": 6, "ipv6_address_mode": null, "cidr": "2001:db8::/64", "id": "30028f33-9fac-4a85-9e7c-7124a3ac4fdc", "subnetpool_id": null}, {"name": "tempest-subnet-smoke-192536793", "enable_dhcp": true, "network_id": "b95f82cf-6397-4d45-a482-7d8dccae5f84", "tenant_id": "ffe9cf57910d47a8bd4ea358e0fe5982", "dns_nameservers": [], "gateway_ip": "10.100.0.1", "ipv6_ra_mode": null, "allocation_pools": [{"start": "10.100.0.2", "end": "10.100.0.14"}], "host_routes": [], "ip_version": 4, "ipv6_address_mode": null, "cidr": "10.100.0.0/28", "id": "28569214-1b57-494a-814f-d379314d9af3", "subnetpool_id": null}, {"name": "ipv6-private-subnet", "enable_dhcp": true, "network_id": "66d69433-720b-469d-b45c-9cc517bb5ac2", "tenant_id": "6752a43b197d4ce681e08ee7f8cbee95", "dns_nameservers": [], "gateway_ip": "fdb3:3c5d:c064::1", "ipv6_ra_mode": "slaac", "allocation_pools": [{"start": "fdb3:3c5d:c064::2", "end": "fdb3:3c5d:c064:0:ffff:ffff:ffff:ffff"}], "host_routes": [], "ip_version": 6, "ipv6_address_mode": "slaac", "cidr": "fdb3:3c5d:c064::/64", "id": "db5236fb-ec2e-420b-a4fa-ab840a738351", "subnetpool_id": null}, {"name": "private-subnet", "enable_dhcp": true, "network_id": "66d69433-720b-469d-b45c-9cc517bb5ac2", "tenant_id": "6752a43b197d4ce681e08ee7f8cbee95", "dns_nameservers": [], "gateway_ip": "10.0.0.1", "ipv6_ra_mode": null, "allocation_pools": [{"start": "10.0.0.2", "end": "10.0.0.254"}], "host_routes": [], "ip_version": 4, "ipv6_address_mode": null, "cidr": "10.0.0.0/24", "id": "7f9099d6-cd7c-4d09-9b9c-f61ba0d0b51d", "subnetpool_id": null}, {"name": "public-subnet", "enable_dhcp": false, "network_id": "28d6e5ad-1ff0-453d-973c-f9efe85f0e38", "tenant_id": "94add4d1c8844a178d6b70a90b87d40a", "dns_nameservers": [], "gateway_ip": "172.24.4.1", "ipv6_ra_mode": null, "allocation_pools": [{"start": "172.24.4.2", "end": "172.24.4.254"}], "host_routes": [], "ip_version": 4, "ipv6_address_mode": null, "cidr": "172.24.4.0/24", "id": "0291bc62-0832-428d-b14a-a282d6a652ee", "subnetpool_id": null}]}
2015-12-24 01:46:47,301 21896 INFO     [tempest_lib.common.rest_client] Request (TestNetworkBasicOps:test_connectivity_between_vms_on_different_networks): 200 GET http://10.0.2.15:9696/v2.0/routers 0.049s
2015-12-24 01:46:47,301 21896 DEBUG    [tempest_lib.common.rest_client] Request - Headers: {'Content-Type': 'application/json', 'Accept': 'application/json', 'X-Auth-Token': '&lt;omitted&gt;'}
        Body: None
    Response - Headers: {'status': '200', 'content-length': '1167', 'content-location': 'http://10.0.2.15:9696/v2.0/routers', 'connection': 'close', 'date': 'Thu, 24 Dec 2015 01:46:47 GMT', 'content-type': 'application/json; charset=UTF-8', 'x-openstack-request-id': 'req-ce29268d-18b3-474b-bb8e-3e8e5439c856'}
        Body: {"routers": [{"status": "ACTIVE", "external_gateway_info": {"network_id": "28d6e5ad-1ff0-453d-973c-f9efe85f0e38", "enable_snat": true, "external_fixed_ips": [{"subnet_id": "0291bc62-0832-428d-b14a-a282d6a652ee", "ip_address": "172.24.4.3"}, {"subnet_id": "30028f33-9fac-4a85-9e7c-7124a3ac4fdc", "ip_address": "2001:db8::3"}]}, "availability_zone_hints": [], "availability_zones": ["nova"], "name": "tempest-router-smoke-2098094045", "admin_state_up": true, "tenant_id": "ffe9cf57910d47a8bd4ea358e0fe5982", "distributed": false, "routes": [], "ha": false, "id": "039fce00-7fb9-4bab-a642-2e6989961ce8"}, {"status": "ACTIVE", "external_gateway_info": {"network_id": "28d6e5ad-1ff0-453d-973c-f9efe85f0e38", "enable_snat": true, "external_fixed_ips": [{"subnet_id": "0291bc62-0832-428d-b14a-a282d6a652ee", "ip_address": "172.24.4.2"}, {"subnet_id": "30028f33-9fac-4a85-9e7c-7124a3ac4fdc", "ip_address": "2001:db8::1"}]}, "availability_zone_hints": [], "availability_zones": ["nova"], "name": "router1", "admin_state_up": true, "tenant_id": "6752a43b197d4ce681e08ee7f8cbee95", "distributed": false, "routes": [], "ha": false, "id": "d1e0cd62-04f0-4e55-8a07-53e3b29bf6d2"}]}
2015-12-24 01:46:47,741 21896 INFO     [tempest_lib.common.rest_client] Request (TestNetworkBasicOps:test_connectivity_between_vms_on_different_networks): 200 POST http://10.0.2.15:8774/v2.1/ffe9cf57910d47a8bd4ea358e0fe5982/os-keypairs 0.437s
2015-12-24 01:46:47,741 21896 DEBUG    [tempest_lib.common.rest_client] Request - Headers: {'Content-Type': 'application/json', 'Accept': 'application/json', 'X-Auth-Token': '&lt;omitted&gt;'}
        Body: {"keypair": {"name": "tempest-TestNetworkBasicOps-1569626968"}}
    Response - Headers: {'status': '200', 'content-length': '2321', 'x-compute-request-id': 'req-7dfc3b82-ea96-4dc1-8d7d-38c2a9a72b3e', 'vary': 'X-OpenStack-Nova-API-Version', 'connection': 'close', 'x-openstack-nova-api-version': '2.1', 'date': 'Thu, 24 Dec 2015 01:46:47 GMT', 'content-type': 'application/json'}
        Body: {"keypair": {"public_key": "ssh-rsa AAAAB3NzaC1yc2EAAAADAQABAAABAQC0/ybL5kew+D++Vk1Bu9wYd2a7bYiKaf+FtMW6634PAz3YdgFNSZPrhz5tqDaz8rwnrYwtiNvzqcqOT+vf9N3ap/C2Opx4iMiaDgWKDhtzJe0yDu2spoW9+nZVkux40yjY8ugq1MeI11hez5cMLIu2DKkSjonKv5a++qNiHkcgMIA+k+a1h7b3L78BI+f5UT4b6+tt8uK2dzO+oybl4VjzkJdJtdAhxMuDftePU4wlgMQM2QqL679aC6Tx5mwYJl0QPvcQNpoPuPiw62StHEQE2hyD5IWxUY6U+zkOrsEYIr3Jqf0Jet74eyW0GbhNiNCf3h+saifn7wNyU8Io62nh Generated-by-Nova", "private_key": "-----BEGIN RSA PRIVATE KEY-----\nMIIEpwIBAAKCAQEAtP8my+ZHsPg/vlZNQbvcGHdmu22Iimn/hbTFuut+DwM92HYB\nTUmT64c+bag2s/K8J62MLYjb86nKjk/r3/Td2qfwtjqceIjImg4Fig4bcyXtMg7t\nrKaFvfp2VZLseNMo2PLoKtTHiNdYXs+XDCyLtgypEo6Jyr+WvvqjYh5HIDCAPpPm\ntYe29y+/ASPn+VE+G+vrbfLitnczvqMm5eFY85CXSbXQIcTLg37Xj1OMJYDEDNkK\ni+u/Wguk8eZsGCZdED73EDaaD7j4sOtkrRxEBNocg+SFsVGOlPs5Dq7BGCK9yan9\nCXre+HsltBm4TYjQn94frGon5+8DclPCKOtp4QIDAQABAoIBACQwoGFEujD4ckZs\nmyX5mhiKR1BSpmqGp0Dk1GR7kckOrN8LOVdqztjZQfJLICT69AQ6/zxbkR83Y/jw\nogk1vOZrjgXh0keHkhS7mP/xsitj+fl4Yq2S3ksOOXsC1aWTEyfN6f4mbX8/D7xl\nZZ5ZidXs0iGTvpl7lXi6RNDpnO8ibNweRLWOkDVFNv1huYV5YGBu8AYF1d7UO92R\n85yzN2MXnvgT8rG2oqB+CBgJFfSZODWa9FNj55IoWQgB/7DmI8aGRaavy0/slHGS\nv0K2zHOJtXgHDEgcWMkv5kpXp97uHmQhLP7c8HRKxrPvDWL/QggtbqPev+q9wc3h\nlc9U5AECggCBAL/tokrvZlStCOJa+gZ2Pph5gaUKSIhD7vVq6b8qiyyhtx+is/n3\nPaNlOYjmA1oYKNasJ0/qp3+X4uDqwThxTfSA1lTfIGT7VKQ06qqLpuvwzWPeSov8\nwBmo/baMkTcecwrPFNzyBHys2Qsr2KQ8u4uJnrCn0ZgIsK7RbXv+nhIJAoIAgQDx\na0udQxjU7iX/S1ih6xqo4ZGmkN/iU7PLk4hOwIRaxTWjGzqD2RNrLtMMltkkqBW5\nM08Szw31jzX86Owpl7pPToJW65ajHK1jNihocQwFqzdeR0V+4RkY6pH+ZqYXcZk+\n+Bcil2y1Gqbj20l9/SzR6d9W7JQcqJaLaiHnb8wvGQKCAIBDo0NmlSfC/5f57YXf\ncRxuL6P4vb8CBq7X3m2x6RRTDkqy42v505/tTWcRT74uqgT6YoEYMOIGnUhfa1vc\nwFFwsVbXYirQa6JQnDV3FPAmhh5b66Lp4pDwehWvl6o1eo2gaYo4szHRnjh/L1yR\nxLVzX3SFXR8ILUfW1Ad5gynBwQKCAIBBOUXChSAuVvD5Gjgl9sjLG7YoFDgIg6it\ntXw8GpMnmuQ03uRePsWaTZpDanXcC3VjBdO1Ny+ESl7Bp4Q2cIGrb4CTTy7xfovx\no+4i2XfwCCP7WrIR52rKaoVq//yblNtcQdauR87c1wiDwvkGCuKTC+aFK4GQhJO3\nssLaLkAx8QKCAIAfEgXpMLvPHeh57WYYDXOP6LkV+xVj3bLZOdMVLFZVeuuz5vgx\nc5TUMbbrjv+DSW6K5Bgu0Hcn/pJ+Pg3Ez8kCrS+QdF1z9UcGV4DdFgCbQCucL0uB\nteaqksNo4b6xSF1O/j3onlkdXTrKSdUEd65wSEopvXxaXkQS2cpYKZiEAQ==\n-----END RSA PRIVATE KEY-----\n", "user_id": "aa8d4b5760c6457f8e2f2355131936fd", "name": "tempest-TestNetworkBasicOps-1569626968", "fingerprint": "ce:e8:17:61:c2:67:4a:c6:af:71:fd:1d:05:ee:72:60"}}
2015-12-24 01:46:47,873 21896 INFO     [tempest_lib.common.rest_client] Request (TestNetworkBasicOps:test_connectivity_between_vms_on_different_networks): 200 POST http://10.0.2.15:5000/v2.0/tokens
2015-12-24 01:46:47,873 21896 DEBUG    [tempest_lib.common.rest_client] Request - Headers: {'Content-Type': 'application/json', 'Accept': 'application/json'}
        Body: &lt;omitted&gt;
    Response - Headers: {'status': '200', 'content-length': '2530', 'vary': 'X-Auth-Token', 'server': 'Apache/2.4.7 (Ubuntu)', 'connection': 'close', 'date': 'Thu, 24 Dec 2015 01:46:47 GMT', 'content-type': 'application/json', 'x-openstack-request-id': 'req-6fd7a293-f7fd-45d2-961c-c3b2885ab6d5'}
        Body: {"access": {"token": {"issued_at": "2015-12-24T01:46:47.863833", "expires": "2015-12-24T02:46:47Z", "id": "a873936c155b4bdfbcf7812375c85feb", "tenant": {"description": "tempest-TestNetworkBasicOps-1605410106-desc", "enabled": true, "id": "ffe9cf57910d47a8bd4ea358e0fe5982", "name": "tempest-TestNetworkBasicOps-1605410106"}, "audit_ids": ["PsKCKgP4S-OFXIoJtgvR5w"]}, "serviceCatalog": [{"endpoints": [{"adminURL": "http://10.0.2.15:8774/v2.1/ffe9cf57910d47a8bd4ea358e0fe5982", "region": "RegionOne", "internalURL": "http://10.0.2.15:8774/v2.1/ffe9cf57910d47a8bd4ea358e0fe5982", "id": "1941586aac0d40dca38e960d1b4a0c68", "publicURL": "http://10.0.2.15:8774/v2.1/ffe9cf57910d47a8bd4ea358e0fe5982"}], "endpoints_links": [], "type": "compute", "name": "nova"}, {"endpoints": [{"adminURL": "http://10.0.2.15:9696/", "region": "RegionOne", "internalURL": "http://10.0.2.15:9696/", "id": "292db006791342fe9f3c3162d362c2c6", "publicURL": "http://10.0.2.15:9696/"}], "endpoints_links": [], "type": "network", "name": "neutron"}, {"endpoints": [{"adminURL": "http://10.0.2.15:9292", "region": "RegionOne", "internalURL": "http://10.0.2.15:9292", "id": "10c6794f2169448e931483bb5642c2de", "publicURL": "http://10.0.2.15:9292"}], "endpoints_links": [], "type": "image", "name": "glance"}, {"endpoints": [{"adminURL": "http://10.0.2.15:8774/v2/ffe9cf57910d47a8bd4ea358e0fe5982", "region": "RegionOne", "internalURL": "http://10.0.2.15:8774/v2/ffe9cf57910d47a8bd4ea358e0fe5982", "id": "4082a200d98840ca862bf840dba56a63", "publicURL": "http://10.0.2.15:8774/v2/ffe9cf57910d47a8bd4ea358e0fe5982"}], "endpoints_links": [], "type": "compute_legacy", "name": "nova_legacy"}, {"endpoints": [{"adminURL": "http://10.0.2.15:8773/", "region": "RegionOne", "internalURL": "http://10.0.2.15:8773/", "id": "24bb7a6fd9af4f879c521287f074c63e", "publicURL": "http://10.0.2.15:8773/"}], "endpoints_links": [], "type": "ec2", "name": "ec2"}, {"endpoints": [{"adminURL": "http://10.0.2.15:35357/v2.0", "region": "RegionOne", "internalURL": "http://10.0.2.15:5000/v2.0", "id": "4d8f1f3ee5fc4331a09d1aa0a891eeb9", "publicURL": "http://10.0.2.15:5000/v2.0"}], "endpoints_links": [], "type": "identity", "name": "keystone"}], "user": {"username": "tempest-TestNetworkBasicOps-2109561851", "roles_links": [], "id": "aa8d4b5760c6457f8e2f2355131936fd", "roles": [{"name": "_member_"}, {"name": "Member"}], "name": "tempest-TestNetworkBasicOps-2109561851"}, "metadata": {"is_admin": 0, "roles": ["9fe2ff9ee4384b1894a90878d3e92bab", "6c98445972f440feb6a37a8c436ea97e"]}}}
2015-12-24 01:46:47,878 21896 DEBUG    [tempest.common.fixed_network] (TestNetworkBasicOps:test_connectivity_between_vms_on_different_networks) No valid network provided or created, defaulting to fixed_network_name
2015-12-24 01:46:48,249 21896 INFO     [tempest_lib.common.rest_client] Request (TestNetworkBasicOps:test_connectivity_between_vms_on_different_networks): 200 GET http://10.0.2.15:8774/v2.1/ffe9cf57910d47a8bd4ea358e0fe5982/os-networks 0.370s
2015-12-24 01:46:48,249 21896 DEBUG    [tempest_lib.common.rest_client] Request - Headers: {'Content-Type': 'application/json', 'Accept': 'application/json', 'X-Auth-Token': '&lt;omitted&gt;'}
        Body: None
    Response - Headers: {'status': '200', 'content-length': '478', 'content-location': 'http://10.0.2.15:8774/v2.1/ffe9cf57910d47a8bd4ea358e0fe5982/os-networks', 'x-compute-request-id': 'req-ed9ae41e-687b-4c8f-a9b0-0d4b8512e112', 'vary': 'X-OpenStack-Nova-API-Version', 'connection': 'close', 'x-openstack-nova-api-version': '2.1', 'date': 'Thu, 24 Dec 2015 01:46:48 GMT', 'content-type': 'application/json'}
        Body: {"networks": [{"cidr_v6": null, "dns2": null, "dns1": null, "gateway": null, "broadcast": null, "netmask": null, "gateway_v6": null, "cidr": null, "label": "public", "id": "28d6e5ad-1ff0-453d-973c-f9efe85f0e38", "netmask_v6": null}, {"cidr_v6": null, "dns2": null, "dns1": null, "gateway": null, "broadcast": null, "netmask": null, "gateway_v6": null, "cidr": null, "label": "tempest-network-smoke--278563057", "id": "b95f82cf-6397-4d45-a482-7d8dccae5f84", "netmask_v6": null}]}
2015-12-24 01:46:48,250 21896 WARNING  [tempest.common.fixed_network] (TestNetworkBasicOps:test_connectivity_between_vms_on_different_networks) Network with name: private not found
2015-12-24 01:46:48,250 21896 INFO     [tempest.common.fixed_network] (TestNetworkBasicOps:test_connectivity_between_vms_on_different_networks) Found network {} available for tenant
2015-12-24 01:46:50,179 21896 INFO     [tempest_lib.common.rest_client] Request (TestNetworkBasicOps:test_connectivity_between_vms_on_different_networks): 202 POST http://10.0.2.15:8774/v2.1/ffe9cf57910d47a8bd4ea358e0fe5982/servers 1.928s
2015-12-24 01:46:50,179 21896 DEBUG    [tempest_lib.common.rest_client] Request - Headers: {'Content-Type': 'application/json', 'Accept': 'application/json', 'X-Auth-Token': '&lt;omitted&gt;'}
        Body: {"server": {"name": "tempest.common.compute-instance-1963812907", "imageRef": "1496d5e3-abd9-4326-a26d-e149c1c5d025", "key_name": "tempest-TestNetworkBasicOps-1569626968", "flavorRef": "42", "networks": [{"uuid": "b95f82cf-6397-4d45-a482-7d8dccae5f84"}], "security_groups": [{"name": "tempest-secgroup-smoke-1684586711"}]}}
    Response - Headers: {'status': '202', 'content-length': '462', 'x-compute-request-id': 'req-b9d0ab7b-44ce-4edd-8be8-b296d7ce60bd', 'vary': 'X-OpenStack-Nova-API-Version', 'connection': 'close', 'location': 'http://10.0.2.15:8774/v2.1/ffe9cf57910d47a8bd4ea358e0fe5982/servers/2263d0e7-ce57-46c9-927e-688264c1405e', 'x-openstack-nova-api-version': '2.1', 'date': 'Thu, 24 Dec 2015 01:46:50 GMT', 'content-type': 'application/json'}
        Body: {"server": {"security_groups": [{"name": "tempest-secgroup-smoke-1684586711"}], "OS-DCF:diskConfig": "MANUAL", "id": "2263d0e7-ce57-46c9-927e-688264c1405e", "links": [{"href": "http://10.0.2.15:8774/v2.1/ffe9cf57910d47a8bd4ea358e0fe5982/servers/2263d0e7-ce57-46c9-927e-688264c1405e", "rel": "self"}, {"href": "http://10.0.2.15:8774/ffe9cf57910d47a8bd4ea358e0fe5982/servers/2263d0e7-ce57-46c9-927e-688264c1405e", "rel": "bookmark"}], "adminPass": "d6GjQeR5X2XA"}}
2015-12-24 01:46:50,309 21896 INFO     [tempest_lib.common.rest_client] Request (TestNetworkBasicOps:test_connectivity_between_vms_on_different_networks): 200 GET http://10.0.2.15:8774/v2.1/ffe9cf57910d47a8bd4ea358e0fe5982/servers/2263d0e7-ce57-46c9-927e-688264c1405e 0.127s
2015-12-24 01:46:50,309 21896 DEBUG    [tempest_lib.common.rest_client] Request - Headers: {'Content-Type': 'application/json', 'Accept': 'application/json', 'X-Auth-Token': '&lt;omitted&gt;'}
        Body: None
    Response - Headers: {'status': '200', 'content-length': '1356', 'content-location': 'http://10.0.2.15:8774/v2.1/ffe9cf57910d47a8bd4ea358e0fe5982/servers/2263d0e7-ce57-46c9-927e-688264c1405e', 'x-compute-request-id': 'req-f14518a3-d137-4f0a-8160-2dccc5b08d3b', 'vary': 'X-OpenStack-Nova-API-Version', 'connection': 'close', 'x-openstack-nova-api-version': '2.1', 'date': 'Thu, 24 Dec 2015 01:46:50 GMT', 'content-type': 'application/json'}
        Body: {"server": {"status": "BUILD", "updated": "2015-12-24T01:46:50Z", "hostId": "", "addresses": {}, "links": [{"href": "http://10.0.2.15:8774/v2.1/ffe9cf57910d47a8bd4ea358e0fe5982/servers/2263d0e7-ce57-46c9-927e-688264c1405e", "rel": "self"}, {"href": "http://10.0.2.15:8774/ffe9cf57910d47a8bd4ea358e0fe5982/servers/2263d0e7-ce57-46c9-927e-688264c1405e", "rel": "bookmark"}], "key_name": "tempest-TestNetworkBasicOps-1569626968", "image": {"id": "1496d5e3-abd9-4326-a26d-e149c1c5d025", "links": [{"href": "http://10.0.2.15:8774/ffe9cf57910d47a8bd4ea358e0fe5982/images/1496d5e3-abd9-4326-a26d-e149c1c5d025", "rel": "bookmark"}]}, "OS-EXT-STS:task_state": "scheduling", "OS-EXT-STS:vm_state": "building", "OS-SRV-USG:launched_at": null, "flavor": {"id": "42", "links": [{"href": "http://10.0.2.15:8774/ffe9cf57910d47a8bd4ea358e0fe5982/flavors/42", "rel": "bookmark"}]}, "id": "2263d0e7-ce57-46c9-927e-688264c1405e", "OS-SRV-USG:terminated_at": null, "OS-EXT-AZ:availability_zone": "", "user_id": "aa8d4b5760c6457f8e2f2355131936fd", "name": "tempest.common.compute-instance-1963812907", "created": "2015-12-24T01:46:50Z", "tenant_id": "ffe9cf57910d47a8bd4ea358e0fe5982", "OS-DCF:diskConfig": "MANUAL", "os-extended-volumes:volumes_attached": [], "accessIPv4": "", "accessIPv6": "", "progress": 0, "OS-EXT-STS:power_state": 0, "config_drive": "", "metadata": {}}}
2015-12-24 01:46:51,573 21896 INFO     [tempest_lib.common.rest_client] Request (TestNetworkBasicOps:test_connectivity_between_vms_on_different_networks): 200 GET http://10.0.2.15:8774/v2.1/ffe9cf57910d47a8bd4ea358e0fe5982/servers/2263d0e7-ce57-46c9-927e-688264c1405e 0.253s
2015-12-24 01:46:51,574 21896 DEBUG    [tempest_lib.common.rest_client] Request - Headers: {'Content-Type': 'application/json', 'Accept': 'application/json', 'X-Auth-Token': '&lt;omitted&gt;'}
        Body: None
    Response - Headers: {'status': '200', 'content-length': '1414', 'content-location': 'http://10.0.2.15:8774/v2.1/ffe9cf57910d47a8bd4ea358e0fe5982/servers/2263d0e7-ce57-46c9-927e-688264c1405e', 'x-compute-request-id': 'req-5b37280a-ff54-4558-ba5a-3c23dad6f15c', 'vary': 'X-OpenStack-Nova-API-Version', 'connection': 'close', 'x-openstack-nova-api-version': '2.1', 'date': 'Thu, 24 Dec 2015 01:46:51 GMT', 'content-type': 'application/json'}
        Body: {"server": {"status": "BUILD", "updated": "2015-12-24T01:46:51Z", "hostId": "f325ea760a28e0626fe116f343de3ff661ce0a9c7224ba035667207f", "addresses": {}, "links": [{"href": "http://10.0.2.15:8774/v2.1/ffe9cf57910d47a8bd4ea358e0fe5982/servers/2263d0e7-ce57-46c9-927e-688264c1405e", "rel": "self"}, {"href": "http://10.0.2.15:8774/ffe9cf57910d47a8bd4ea358e0fe5982/servers/2263d0e7-ce57-46c9-927e-688264c1405e", "rel": "bookmark"}], "key_name": "tempest-TestNetworkBasicOps-1569626968", "image": {"id": "1496d5e3-abd9-4326-a26d-e149c1c5d025", "links": [{"href": "http://10.0.2.15:8774/ffe9cf57910d47a8bd4ea358e0fe5982/images/1496d5e3-abd9-4326-a26d-e149c1c5d025", "rel": "bookmark"}]}, "OS-EXT-STS:task_state": "spawning", "OS-EXT-STS:vm_state": "building", "OS-SRV-USG:launched_at": null, "flavor": {"id": "42", "links": [{"href": "http://10.0.2.15:8774/ffe9cf57910d47a8bd4ea358e0fe5982/flavors/42", "rel": "bookmark"}]}, "id": "2263d0e7-ce57-46c9-927e-688264c1405e", "OS-SRV-USG:terminated_at": null, "OS-EXT-AZ:availability_zone": "nova", "user_id": "aa8d4b5760c6457f8e2f2355131936fd", "name": "tempest.common.compute-instance-1963812907", "created": "2015-12-24T01:46:50Z", "tenant_id": "ffe9cf57910d47a8bd4ea358e0fe5982", "OS-DCF:diskConfig": "MANUAL", "os-extended-volumes:volumes_attached": [], "accessIPv4": "", "accessIPv6": "", "progress": 0, "OS-EXT-STS:power_state": 0, "config_drive": "", "metadata": {}}}
2015-12-24 01:46:51,581 21896 INFO     [tempest.common.waiters] State transition "BUILD/scheduling" ==&gt; "BUILD/spawning" after 1 second wait
2015-12-24 01:46:52,898 21896 INFO     [tempest_lib.common.rest_client] Request (TestNetworkBasicOps:test_connectivity_between_vms_on_different_networks): 200 GET http://10.0.2.15:8774/v2.1/ffe9cf57910d47a8bd4ea358e0fe5982/servers/2263d0e7-ce57-46c9-927e-688264c1405e 0.314s
2015-12-24 01:46:52,898 21896 DEBUG    [tempest_lib.common.rest_client] Request - Headers: {'Content-Type': 'application/json', 'Accept': 'application/json', 'X-Auth-Token': '&lt;omitted&gt;'}
        Body: None
    Response - Headers: {'status': '200', 'content-length': '1482', 'content-location': 'http://10.0.2.15:8774/v2.1/ffe9cf57910d47a8bd4ea358e0fe5982/servers/2263d0e7-ce57-46c9-927e-688264c1405e', 'x-compute-request-id': 'req-334aab92-8aef-4d56-bd65-d581abe74c1f', 'vary': 'X-OpenStack-Nova-API-Version', 'connection': 'close', 'x-openstack-nova-api-version': '2.1', 'date': 'Thu, 24 Dec 2015 01:46:52 GMT', 'content-type': 'application/json'}
        Body: {"server": {"status": "BUILD", "updated": "2015-12-24T01:46:51Z", "hostId": "f325ea760a28e0626fe116f343de3ff661ce0a9c7224ba035667207f", "addresses": {}, "links": [{"href": "http://10.0.2.15:8774/v2.1/ffe9cf57910d47a8bd4ea358e0fe5982/servers/2263d0e7-ce57-46c9-927e-688264c1405e", "rel": "self"}, {"href": "http://10.0.2.15:8774/ffe9cf57910d47a8bd4ea358e0fe5982/servers/2263d0e7-ce57-46c9-927e-688264c1405e", "rel": "bookmark"}], "key_name": "tempest-TestNetworkBasicOps-1569626968", "image": {"id": "1496d5e3-abd9-4326-a26d-e149c1c5d025", "links": [{"href": "http://10.0.2.15:8774/ffe9cf57910d47a8bd4ea358e0fe5982/images/1496d5e3-abd9-4326-a26d-e149c1c5d025", "rel": "bookmark"}]}, "OS-EXT-STS:task_state": "spawning", "OS-EXT-STS:vm_state": "building", "OS-SRV-USG:launched_at": null, "flavor": {"id": "42", "links": [{"href": "http://10.0.2.15:8774/ffe9cf57910d47a8bd4ea358e0fe5982/flavors/42", "rel": "bookmark"}]}, "id": "2263d0e7-ce57-46c9-927e-688264c1405e", "security_groups": [{"name": "tempest-secgroup-smoke-1684586711"}], "OS-SRV-USG:terminated_at": null, "OS-EXT-AZ:availability_zone": "nova", "user_id": "aa8d4b5760c6457f8e2f2355131936fd", "name": "tempest.common.compute-instance-1963812907", "created": "2015-12-24T01:46:50Z", "tenant_id": "ffe9cf57910d47a8bd4ea358e0fe5982", "OS-DCF:diskConfig": "MANUAL", "os-extended-volumes:volumes_attached": [], "accessIPv4": "", "accessIPv6": "", "progress": 0, "OS-EXT-STS:power_state": 0, "config_drive": "", "metadata": {}}}
2015-12-24 01:46:54,233 21896 INFO     [tempest_lib.common.rest_client] Request (TestNetworkBasicOps:test_connectivity_between_vms_on_different_networks): 200 GET http://10.0.2.15:8774/v2.1/ffe9cf57910d47a8bd4ea358e0fe5982/servers/2263d0e7-ce57-46c9-927e-688264c1405e 0.325s
2015-12-24 01:46:54,234 21896 DEBUG    [tempest_lib.common.rest_client] Request - Headers: {'Content-Type': 'application/json', 'Accept': 'application/json', 'X-Auth-Token': '&lt;omitted&gt;'}
        Body: None
    Response - Headers: {'status': '200', 'content-length': '1653', 'content-location': 'http://10.0.2.15:8774/v2.1/ffe9cf57910d47a8bd4ea358e0fe5982/servers/2263d0e7-ce57-46c9-927e-688264c1405e', 'x-compute-request-id': 'req-5ab9a529-2d24-4e6a-89cf-79116894869d', 'vary': 'X-OpenStack-Nova-API-Version', 'connection': 'close', 'x-openstack-nova-api-version': '2.1', 'date': 'Thu, 24 Dec 2015 01:46:54 GMT', 'content-type': 'application/json'}
        Body: {"server": {"status": "ACTIVE", "updated": "2015-12-24T01:46:53Z", "hostId": "f325ea760a28e0626fe116f343de3ff661ce0a9c7224ba035667207f", "addresses": {"tempest-network-smoke--278563057": [{"OS-EXT-IPS-MAC:mac_addr": "fa:16:3e:c1:e9:a3", "version": 4, "addr": "10.100.0.3", "OS-EXT-IPS:type": "fixed"}]}, "links": [{"href": "http://10.0.2.15:8774/v2.1/ffe9cf57910d47a8bd4ea358e0fe5982/servers/2263d0e7-ce57-46c9-927e-688264c1405e", "rel": "self"}, {"href": "http://10.0.2.15:8774/ffe9cf57910d47a8bd4ea358e0fe5982/servers/2263d0e7-ce57-46c9-927e-688264c1405e", "rel": "bookmark"}], "key_name": "tempest-TestNetworkBasicOps-1569626968", "image": {"id": "1496d5e3-abd9-4326-a26d-e149c1c5d025", "links": [{"href": "http://10.0.2.15:8774/ffe9cf57910d47a8bd4ea358e0fe5982/images/1496d5e3-abd9-4326-a26d-e149c1c5d025", "rel": "bookmark"}]}, "OS-EXT-STS:task_state": null, "OS-EXT-STS:vm_state": "active", "OS-SRV-USG:launched_at": "2015-12-24T01:46:53.000000", "flavor": {"id": "42", "links": [{"href": "http://10.0.2.15:8774/ffe9cf57910d47a8bd4ea358e0fe5982/flavors/42", "rel": "bookmark"}]}, "id": "2263d0e7-ce57-46c9-927e-688264c1405e", "security_groups": [{"name": "tempest-secgroup-smoke-1684586711"}], "OS-SRV-USG:terminated_at": null, "OS-EXT-AZ:availability_zone": "nova", "user_id": "aa8d4b5760c6457f8e2f2355131936fd", "name": "tempest.common.compute-instance-1963812907", "created": "2015-12-24T01:46:50Z", "tenant_id": "ffe9cf57910d47a8bd4ea358e0fe5982", "OS-DCF:diskConfig": "MANUAL", "os-extended-volumes:volumes_attached": [], "accessIPv4": "", "accessIPv6": "", "progress": 0, "OS-EXT-STS:power_state": 1, "config_drive": "True", "metadata": {}}}
2015-12-24 01:46:54,242 21896 INFO     [tempest.common.waiters] State transition "BUILD/spawning" ==&gt; "ACTIVE/None" after 4 second wait
2015-12-24 01:46:54,563 21896 INFO     [tempest_lib.common.rest_client] Request (TestNetworkBasicOps:test_connectivity_between_vms_on_different_networks): 200 GET http://10.0.2.15:8774/v2.1/ffe9cf57910d47a8bd4ea358e0fe5982/servers/2263d0e7-ce57-46c9-927e-688264c1405e 0.320s
2015-12-24 01:46:54,563 21896 DEBUG    [tempest_lib.common.rest_client] Request - Headers: {'Content-Type': 'application/json', 'Accept': 'application/json', 'X-Auth-Token': '&lt;omitted&gt;'}
        Body: None
    Response - Headers: {'status': '200', 'content-length': '1653', 'content-location': 'http://10.0.2.15:8774/v2.1/ffe9cf57910d47a8bd4ea358e0fe5982/servers/2263d0e7-ce57-46c9-927e-688264c1405e', 'x-compute-request-id': 'req-7a871d28-62b8-49da-88a4-4aa00ad7e3e0', 'vary': 'X-OpenStack-Nova-API-Version', 'connection': 'close', 'x-openstack-nova-api-version': '2.1', 'date': 'Thu, 24 Dec 2015 01:46:54 GMT', 'content-type': 'application/json'}
        Body: {"server": {"status": "ACTIVE", "updated": "2015-12-24T01:46:53Z", "hostId": "f325ea760a28e0626fe116f343de3ff661ce0a9c7224ba035667207f", "addresses": {"tempest-network-smoke--278563057": [{"OS-EXT-IPS-MAC:mac_addr": "fa:16:3e:c1:e9:a3", "version": 4, "addr": "10.100.0.3", "OS-EXT-IPS:type": "fixed"}]}, "links": [{"href": "http://10.0.2.15:8774/v2.1/ffe9cf57910d47a8bd4ea358e0fe5982/servers/2263d0e7-ce57-46c9-927e-688264c1405e", "rel": "self"}, {"href": "http://10.0.2.15:8774/ffe9cf57910d47a8bd4ea358e0fe5982/servers/2263d0e7-ce57-46c9-927e-688264c1405e", "rel": "bookmark"}], "key_name": "tempest-TestNetworkBasicOps-1569626968", "image": {"id": "1496d5e3-abd9-4326-a26d-e149c1c5d025", "links": [{"href": "http://10.0.2.15:8774/ffe9cf57910d47a8bd4ea358e0fe5982/images/1496d5e3-abd9-4326-a26d-e149c1c5d025", "rel": "bookmark"}]}, "OS-EXT-STS:task_state": null, "OS-EXT-STS:vm_state": "active", "OS-SRV-USG:launched_at": "2015-12-24T01:46:53.000000", "flavor": {"id": "42", "links": [{"href": "http://10.0.2.15:8774/ffe9cf57910d47a8bd4ea358e0fe5982/flavors/42", "rel": "bookmark"}]}, "id": "2263d0e7-ce57-46c9-927e-688264c1405e", "security_groups": [{"name": "tempest-secgroup-smoke-1684586711"}], "OS-SRV-USG:terminated_at": null, "OS-EXT-AZ:availability_zone": "nova", "user_id": "aa8d4b5760c6457f8e2f2355131936fd", "name": "tempest.common.compute-instance-1963812907", "created": "2015-12-24T01:46:50Z", "tenant_id": "ffe9cf57910d47a8bd4ea358e0fe5982", "OS-DCF:diskConfig": "MANUAL", "os-extended-volumes:volumes_attached": [], "accessIPv4": "", "accessIPv6": "", "progress": 0, "OS-EXT-STS:power_state": 1, "config_drive": "True", "metadata": {}}}
2015-12-24 01:46:54,573 21896 INFO     [tempest.scenario.manager] Tenant networks not configured to be reachable.
2015-12-24 01:46:54,604 21896 INFO     [tempest_lib.common.rest_client] Request (TestNetworkBasicOps:test_connectivity_between_vms_on_different_networks): 200 GET http://10.0.2.15:9696/v2.0/ports?status=ACTIVE&amp;fixed_ip=None&amp;device_id=2263d0e7-ce57-46c9-927e-688264c1405e 0.031s
2015-12-24 01:46:54,605 21896 DEBUG    [tempest_lib.common.rest_client] Request - Headers: {'Content-Type': 'application/json', 'Accept': 'application/json', 'X-Auth-Token': '&lt;omitted&gt;'}
        Body: None
    Response - Headers: {'status': '200', 'content-length': '895', 'content-location': 'http://10.0.2.15:9696/v2.0/ports?status=ACTIVE&amp;fixed_ip=None&amp;device_id=2263d0e7-ce57-46c9-927e-688264c1405e', 'connection': 'close', 'date': 'Thu, 24 Dec 2015 01:46:54 GMT', 'content-type': 'application/json; charset=UTF-8', 'x-openstack-request-id': 'req-697d5877-8033-418e-954a-c9773e567ac2'}
        Body: {"ports": [{"status": "ACTIVE", "binding:host_id": "vagrant-ubuntu-trusty-64", "allowed_address_pairs": [], "extra_dhcp_opts": [], "dns_assignment": [{"hostname": "host-10-100-0-3", "ip_address": "10.100.0.3", "fqdn": "host-10-100-0-3.openstacklocal."}], "device_owner": "compute:None", "port_security_enabled": true, "binding:profile": {}, "fixed_ips": [{"subnet_id": "28569214-1b57-494a-814f-d379314d9af3", "ip_address": "10.100.0.3"}], "id": "1dc0bce1-51e6-4f68-a274-57c6b78cb8fb", "security_groups": ["770d0df0-a545-412b-834c-60eb0ff3f203"], "device_id": "2263d0e7-ce57-46c9-927e-688264c1405e", "name": "", "admin_state_up": true, "network_id": "b95f82cf-6397-4d45-a482-7d8dccae5f84", "dns_name": "", "binding:vif_details": {"port_filter": true}, "binding:vnic_type": "normal", "binding:vif_type": "ovs", "tenant_id": "ffe9cf57910d47a8bd4ea358e0fe5982", "mac_address": "fa:16:3e:c1:e9:a3"}]}
2015-12-24 01:46:55,129 21896 INFO     [tempest_lib.common.rest_client] Request (TestNetworkBasicOps:test_connectivity_between_vms_on_different_networks): 201 POST http://10.0.2.15:9696/v2.0/floatingips 0.523s
2015-12-24 01:46:55,129 21896 DEBUG    [tempest_lib.common.rest_client] Request - Headers: {'Content-Type': 'application/json', 'Accept': 'application/json', 'X-Auth-Token': '&lt;omitted&gt;'}
        Body: {"floatingip": {"floating_network_id": "28d6e5ad-1ff0-453d-973c-f9efe85f0e38", "tenant_id": "ffe9cf57910d47a8bd4ea358e0fe5982", "fixed_ip_address": "10.100.0.3", "port_id": "1dc0bce1-51e6-4f68-a274-57c6b78cb8fb"}}
    Response - Headers: {'status': '201', 'content-length': '367', 'connection': 'close', 'date': 'Thu, 24 Dec 2015 01:46:55 GMT', 'content-type': 'application/json; charset=UTF-8', 'x-openstack-request-id': 'req-93d11bb8-0966-4276-bf61-34b3c5db5ff4'}
        Body: {"floatingip": {"floating_network_id": "28d6e5ad-1ff0-453d-973c-f9efe85f0e38", "router_id": "039fce00-7fb9-4bab-a642-2e6989961ce8", "fixed_ip_address": "10.100.0.3", "floating_ip_address": "172.24.4.4", "tenant_id": "ffe9cf57910d47a8bd4ea358e0fe5982", "status": "DOWN", "port_id": "1dc0bce1-51e6-4f68-a274-57c6b78cb8fb", "id": "07a63ea0-74dc-4b72-b37c-757f0c0c7182"}}
2015-12-24 01:46:55,142 21896 INFO     [tempest_lib.common.rest_client] Request (TestNetworkBasicOps:test_connectivity_between_vms_on_different_networks): 200 GET http://10.0.2.15:9696/v2.0/floatingips/07a63ea0-74dc-4b72-b37c-757f0c0c7182 0.012s
2015-12-24 01:46:55,143 21896 DEBUG    [tempest_lib.common.rest_client] Request - Headers: {'Content-Type': 'application/json', 'Accept': 'application/json', 'X-Auth-Token': '&lt;omitted&gt;'}
        Body: None
    Response - Headers: {'status': '200', 'content-length': '367', 'content-location': 'http://10.0.2.15:9696/v2.0/floatingips/07a63ea0-74dc-4b72-b37c-757f0c0c7182', 'connection': 'close', 'date': 'Thu, 24 Dec 2015 01:46:55 GMT', 'content-type': 'application/json; charset=UTF-8', 'x-openstack-request-id': 'req-36ab61aa-b5c6-4d77-9c22-e63cbc05e8e1'}
        Body: {"floatingip": {"floating_network_id": "28d6e5ad-1ff0-453d-973c-f9efe85f0e38", "router_id": "039fce00-7fb9-4bab-a642-2e6989961ce8", "fixed_ip_address": "10.100.0.3", "floating_ip_address": "172.24.4.4", "tenant_id": "ffe9cf57910d47a8bd4ea358e0fe5982", "status": "DOWN", "port_id": "1dc0bce1-51e6-4f68-a274-57c6b78cb8fb", "id": "07a63ea0-74dc-4b72-b37c-757f0c0c7182"}}
2015-12-24 01:46:56,158 21896 INFO     [tempest_lib.common.rest_client] Request (TestNetworkBasicOps:test_connectivity_between_vms_on_different_networks): 200 GET http://10.0.2.15:9696/v2.0/floatingips/07a63ea0-74dc-4b72-b37c-757f0c0c7182 0.013s
2015-12-24 01:46:56,158 21896 DEBUG    [tempest_lib.common.rest_client] Request - Headers: {'Content-Type': 'application/json', 'Accept': 'application/json', 'X-Auth-Token': '&lt;omitted&gt;'}
        Body: None
    Response - Headers: {'status': '200', 'content-length': '367', 'content-location': 'http://10.0.2.15:9696/v2.0/floatingips/07a63ea0-74dc-4b72-b37c-757f0c0c7182', 'connection': 'close', 'date': 'Thu, 24 Dec 2015 01:46:56 GMT', 'content-type': 'application/json; charset=UTF-8', 'x-openstack-request-id': 'req-46c39338-9c23-4fb1-bc49-ff52d612e3d3'}
        Body: {"floatingip": {"floating_network_id": "28d6e5ad-1ff0-453d-973c-f9efe85f0e38", "router_id": "039fce00-7fb9-4bab-a642-2e6989961ce8", "fixed_ip_address": "10.100.0.3", "floating_ip_address": "172.24.4.4", "tenant_id": "ffe9cf57910d47a8bd4ea358e0fe5982", "status": "DOWN", "port_id": "1dc0bce1-51e6-4f68-a274-57c6b78cb8fb", "id": "07a63ea0-74dc-4b72-b37c-757f0c0c7182"}}
2015-12-24 01:46:57,175 21896 INFO     [tempest_lib.common.rest_client] Request (TestNetworkBasicOps:test_connectivity_between_vms_on_different_networks): 200 GET http://10.0.2.15:9696/v2.0/floatingips/07a63ea0-74dc-4b72-b37c-757f0c0c7182 0.016s
2015-12-24 01:46:57,176 21896 DEBUG    [tempest_lib.common.rest_client] Request - Headers: {'Content-Type': 'application/json', 'Accept': 'application/json', 'X-Auth-Token': '&lt;omitted&gt;'}
        Body: None
    Response - Headers: {'status': '200', 'content-length': '369', 'content-location': 'http://10.0.2.15:9696/v2.0/floatingips/07a63ea0-74dc-4b72-b37c-757f0c0c7182', 'connection': 'close', 'date': 'Thu, 24 Dec 2015 01:46:57 GMT', 'content-type': 'application/json; charset=UTF-8', 'x-openstack-request-id': 'req-ca8c5bbb-d712-4d04-88de-78a8cb814df7'}
        Body: {"floatingip": {"floating_network_id": "28d6e5ad-1ff0-453d-973c-f9efe85f0e38", "router_id": "039fce00-7fb9-4bab-a642-2e6989961ce8", "fixed_ip_address": "10.100.0.3", "floating_ip_address": "172.24.4.4", "tenant_id": "ffe9cf57910d47a8bd4ea358e0fe5982", "status": "ACTIVE", "port_id": "1dc0bce1-51e6-4f68-a274-57c6b78cb8fb", "id": "07a63ea0-74dc-4b72-b37c-757f0c0c7182"}}
2015-12-24 01:46:57,176 21896 INFO     [tempest.scenario.manager] FloatingIP: &lt;"FloatingIP" addr="172.24.4.4" id="07a63ea0-74dc-4b72-b37c-757f0c0c7182"&gt; is at status: ACTIVE
2015-12-24 01:46:57,177 21896 DEBUG    [tempest.scenario.manager] checking network connections to IP 172.24.4.4 with user: cirros
2015-12-24 01:46:57,177 21896 DEBUG    [tempest.scenario.manager] TestNetworkBasicOps:test_connectivity_between_vms_on_different_networks begins to ping 172.24.4.4 in 120 sec and the expected result is reachable
2015-12-24 01:48:57,494 21896 DEBUG    [tempest.scenario.manager] TestNetworkBasicOps:test_connectivity_between_vms_on_different_networks finishes ping 172.24.4.4 in 120 sec and the ping result is unexpected
2015-12-24 01:48:57,494 21896 ERROR    [tempest.scenario.manager] Public network connectivity check failed
2015-12-24 01:48:57.494 21896 ERROR tempest.scenario.manager Traceback (most recent call last):
2015-12-24 01:48:57.494 21896 ERROR tempest.scenario.manager   File "tempest/scenario/manager.py", line 609, in check_public_network_connectivity
2015-12-24 01:48:57.494 21896 ERROR tempest.scenario.manager     should_connect=should_connect)
2015-12-24 01:48:57.494 21896 ERROR tempest.scenario.manager   File "tempest/scenario/manager.py", line 593, in check_vm_connectivity
2015-12-24 01:48:57.494 21896 ERROR tempest.scenario.manager     msg=msg)
2015-12-24 01:48:57.494 21896 ERROR tempest.scenario.manager   File "/usr/local/lib/python2.7/dist-packages/unittest2/case.py", line 702, in assertTrue
2015-12-24 01:48:57.494 21896 ERROR tempest.scenario.manager     raise self.failureException(msg)
2015-12-24 01:48:57.494 21896 ERROR tempest.scenario.manager AssertionError: False is not true : Timed out waiting for 172.24.4.4 to become reachable
2015-12-24 01:48:57.494 21896 ERROR tempest.scenario.manager 
2015-12-24 01:48:57,698 21896 INFO     [tempest_lib.common.rest_client] Request (TestNetworkBasicOps:test_connectivity_between_vms_on_different_networks): 200 POST http://10.0.2.15:8774/v2.1/ffe9cf57910d47a8bd4ea358e0fe5982/servers/2263d0e7-ce57-46c9-927e-688264c1405e/action 0.202s
2015-12-24 01:48:57,699 21896 DEBUG    [tempest_lib.common.rest_client] Request - Headers: {'Content-Type': 'application/json', 'Accept': 'application/json', 'X-Auth-Token': '&lt;omitted&gt;'}
        Body: {"os-getConsoleOutput": {}}
    Response - Headers: {'status': '200', 'content-length': '17472', 'x-compute-request-id': 'req-e5f5c295-d969-4e5e-86fd-60d5d2f222df', 'vary': 'X-OpenStack-Nova-API-Version', 'connection': 'close', 'x-openstack-nova-api-version': '2.1', 'date': 'Thu, 24 Dec 2015 01:48:57 GMT', 'content-type': 'application/json'}
        Body: {"output": "[    0.000000] Initializing cgroup subsys cpuset\n[    0.000000] Initializing cgroup subsys cpu\n[    0.000000] Linux version 3.2.0-80-virtual (buildd@batsu) (gcc version 4.6.3 (Ubuntu/Linaro 4.6.3-1ubuntu5) ) #116-Ubuntu SMP Mon Mar 23 17:28:52 UTC 2015 (Ubuntu 3.2.0-80.116-virtual 3.2.68)\n[    0.000000] Command line: root=/dev/vda console=tty0 console=ttyS0 no_timer_check\n[    0.000000] KERNEL supported cpus:\n[    0.000000]   Intel GenuineIntel\n[    0.000000]   AMD AuthenticAMD\n[    0.000000]   Centaur CentaurHauls\n[    0.000000] BIOS-provided physical RAM map:\n[    0.000000]  BIOS-e820: 0000000000000000 - 000000000009fc00 (usable)\n[    0.000000]  BIOS-e820: 000000000009fc00 - 00000000000a0000 (reserved)\n[    0.000000]  BIOS-e820: 00000000000f0000 - 0000000000100000 (reserved)\n[    0.000000]  BIOS-e820: 0000000000100000 - 0000000003ffe000 (usable)\n[    0.000000]  BIOS-e820: 0000000003ffe000 - 0000000004000000 (reserved)\n[    0.000000]  BIOS-e820: 00000000fffc0000 - 0000000100000000 (reserved)\n[    0.000000] NX (Execute Disable) protection: active\n[    0.000000] SMBIOS 2.4 present.\n[    0.000000] No AGP bridge found\n[    0.000000] last_pfn = 0x3ffe max_arch_pfn = 0x400000000\n[    0.000000] x86 PAT enabled: cpu 0, old 0x7040600070406, new 0x7010600070106\n[    0.000000] found SMP MP-table at [ffff8800000f0b00] f0b00\n[    0.000000] init_memory_mapping: 0000000000000000-0000000003ffe000\n[    0.000000] RAMDISK: 03c5e000 - 03ff0000\n[    0.000000] ACPI: RSDP 00000000000f0950 00014 (v00 BOCHS )\n[    0.000000] ACPI: RSDT 0000000003fffbc1 00034 (v01 BOCHS  BXPCRSDT 00000001 BXPC 00000001)\n[    0.000000] ACPI: FACP 0000000003fff1c0 00074 (v01 BOCHS  BXPCFACP 00000001 BXPC 00000001)\n[    0.000000] ACPI: DSDT 0000000003ffe040 01180 (v01 BOCHS  BXPCDSDT 00000001 BXPC 00000001)\n[    0.000000] ACPI: FACS 0000000003ffe000 00040\n[    0.000000] ACPI: SSDT 0000000003fff234 008DD (v01 BOCHS  BXPCSSDT 00000001 BXPC 00000001)\n[    0.000000] ACPI: APIC 0000000003fffb11 00078 (v01 BOCHS  BXPCAPIC 00000001 BXPC 00000001)\n[    0.000000] ACPI: HPET 0000000003fffb89 00038 (v01 BOCHS  BXPCHPET 00000001 BXPC 00000001)\n[    0.000000] No NUMA configuration found\n[    0.000000] Faking a node at 0000000000000000-0000000003ffe000\n[    0.000000] Initmem setup node 0 0000000000000000-0000000003ffe000\n[    0.000000]   NODE_DATA [0000000003ff6000 - 0000000003ffafff]\n[    0.000000] Zone PFN ranges:\n[    0.000000]   DMA      0x00000010 -&gt; 0x00001000\n[    0.000000]   DMA32    0x00001000 -&gt; 0x00100000\n[    0.000000]   Normal   empty\n[    0.000000] Movable zone start PFN for each node\n[    0.000000] early_node_map[2] active PFN ranges\n[    0.000000]     0: 0x00000010 -&gt; 0x0000009f\n[    0.000000]     0: 0x00000100 -&gt; 0x00003ffe\n[    0.000000] ACPI: PM-Timer IO Port: 0xb008\n[    0.000000] ACPI: LAPIC (acpi_id[0x00] lapic_id[0x00] enabled)\n[    0.000000] ACPI: LAPIC_NMI (acpi_id[0xff] dfl dfl lint[0x1])\n[    0.000000] ACPI: IOAPIC (id[0x00] address[0xfec00000] gsi_base[0])\n[    0.000000] IOAPIC[0]: apic_id 0, version 17, address 0xfec00000, GSI 0-23\n[    0.000000] ACPI: INT_SRC_OVR (bus 0 bus_irq 0 global_irq 2 dfl dfl)\n[    0.000000] ACPI: INT_SRC_OVR (bus 0 bus_irq 5 global_irq 5 high level)\n[    0.000000] ACPI: INT_SRC_OVR (bus 0 bus_irq 9 global_irq 9 high level)\n[    0.000000] ACPI: INT_SRC_OVR (bus 0 bus_irq 10 global_irq 10 high level)\n[    0.000000] ACPI: INT_SRC_OVR (bus 0 bus_irq 11 global_irq 11 high level)\n[    0.000000] Using ACPI (MADT) for SMP configuration information\n[    0.000000] ACPI: HPET id: 0x8086a201 base: 0xfed00000\n[    0.000000] SMP: Allowing 1 CPUs, 0 hotplug CPUs\n[    0.000000] PM: Registered nosave memory: 000000000009f000 - 00000000000a0000\n[    0.000000] PM: Registered nosave memory: 00000000000a0000 - 00000000000f0000\n[    0.000000] PM: Registered nosave memory: 00000000000f0000 - 0000000000100000\n[    0.000000] Allocating PCI resources starting at 4000000 (gap: 4000000:fbfc0000)\n[    0.000000] Booting paravirtualized kernel on bare hardware\n[    0.000000] setup_pe
2015-12-24 01:48:57,702 21896 DEBUG    [tempest.scenario.manager] Console output for 2263d0e7-ce57-46c9-927e-688264c1405e
body=
[    0.000000] Initializing cgroup subsys cpuset
[    0.000000] Initializing cgroup subsys cpu
[    0.000000] Linux version 3.2.0-80-virtual (buildd@batsu) (gcc version 4.6.3 (Ubuntu/Linaro 4.6.3-1ubuntu5) ) #116-Ubuntu SMP Mon Mar 23 17:28:52 UTC 2015 (Ubuntu 3.2.0-80.116-virtual 3.2.68)
[    0.000000] Command line: root=/dev/vda console=tty0 console=ttyS0 no_timer_check
[    0.000000] KERNEL supported cpus:
[    0.000000]   Intel GenuineIntel
[    0.000000]   AMD AuthenticAMD
[    0.000000]   Centaur CentaurHauls
[    0.000000] BIOS-provided physical RAM map:
[    0.000000]  BIOS-e820: 0000000000000000 - 000000000009fc00 (usable)
[    0.000000]  BIOS-e820: 000000000009fc00 - 00000000000a0000 (reserved)
[    0.000000]  BIOS-e820: 00000000000f0000 - 0000000000100000 (reserved)
[    0.000000]  BIOS-e820: 0000000000100000 - 0000000003ffe000 (usable)
[    0.000000]  BIOS-e820: 0000000003ffe000 - 0000000004000000 (reserved)
[    0.000000]  BIOS-e820: 00000000fffc0000 - 0000000100000000 (reserved)
[    0.000000] NX (Execute Disable) protection: active
[    0.000000] SMBIOS 2.4 present.
[    0.000000] No AGP bridge found
[    0.000000] last_pfn = 0x3ffe max_arch_pfn = 0x400000000
[    0.000000] x86 PAT enabled: cpu 0, old 0x7040600070406, new 0x7010600070106
[    0.000000] found SMP MP-table at [ffff8800000f0b00] f0b00
[    0.000000] init_memory_mapping: 0000000000000000-0000000003ffe000
[    0.000000] RAMDISK: 03c5e000 - 03ff0000
[    0.000000] ACPI: RSDP 00000000000f0950 00014 (v00 BOCHS )
[    0.000000] ACPI: RSDT 0000000003fffbc1 00034 (v01 BOCHS  BXPCRSDT 00000001 BXPC 00000001)
[    0.000000] ACPI: FACP 0000000003fff1c0 00074 (v01 BOCHS  BXPCFACP 00000001 BXPC 00000001)
[    0.000000] ACPI: DSDT 0000000003ffe040 01180 (v01 BOCHS  BXPCDSDT 00000001 BXPC 00000001)
[    0.000000] ACPI: FACS 0000000003ffe000 00040
[    0.000000] ACPI: SSDT 0000000003fff234 008DD (v01 BOCHS  BXPCSSDT 00000001 BXPC 00000001)
[    0.000000] ACPI: APIC 0000000003fffb11 00078 (v01 BOCHS  BXPCAPIC 00000001 BXPC 00000001)
[    0.000000] ACPI: HPET 0000000003fffb89 00038 (v01 BOCHS  BXPCHPET 00000001 BXPC 00000001)
[    0.000000] No NUMA configuration found
[    0.000000] Faking a node at 0000000000000000-0000000003ffe000
[    0.000000] Initmem setup node 0 0000000000000000-0000000003ffe000
[    0.000000]   NODE_DATA [0000000003ff6000 - 0000000003ffafff]
[    0.000000] Zone PFN ranges:
[    0.000000]   DMA      0x00000010 -&gt; 0x00001000
[    0.000000]   DMA32    0x00001000 -&gt; 0x00100000
[    0.000000]   Normal   empty
[    0.000000] Movable zone start PFN for each node
[    0.000000] early_node_map[2] active PFN ranges
[    0.000000]     0: 0x00000010 -&gt; 0x0000009f
[    0.000000]     0: 0x00000100 -&gt; 0x00003ffe
[    0.000000] ACPI: PM-Timer IO Port: 0xb008
[    0.000000] ACPI: LAPIC (acpi_id[0x00] lapic_id[0x00] enabled)
[    0.000000] ACPI: LAPIC_NMI (acpi_id[0xff] dfl dfl lint[0x1])
[    0.000000] ACPI: IOAPIC (id[0x00] address[0xfec00000] gsi_base[0])
[    0.000000] IOAPIC[0]: apic_id 0, version 17, address 0xfec00000, GSI 0-23
[    0.000000] ACPI: INT_SRC_OVR (bus 0 bus_irq 0 global_irq 2 dfl dfl)
[    0.000000] ACPI: INT_SRC_OVR (bus 0 bus_irq 5 global_irq 5 high level)
[    0.000000] ACPI: INT_SRC_OVR (bus 0 bus_irq 9 global_irq 9 high level)
[    0.000000] ACPI: INT_SRC_OVR (bus 0 bus_irq 10 global_irq 10 high level)
[    0.000000] ACPI: INT_SRC_OVR (bus 0 bus_irq 11 global_irq 11 high level)
[    0.000000] Using ACPI (MADT) for SMP configuration information
[    0.000000] ACPI: HPET id: 0x8086a201 base: 0xfed00000
[    0.000000] SMP: Allowing 1 CPUs, 0 hotplug CPUs
[    0.000000] PM: Registered nosave memory: 000000000009f000 - 00000000000a0000
[    0.000000] PM: Registered nosave memory: 00000000000a0000 - 00000000000f0000
[    0.000000] PM: Registered nosave memory: 00000000000f0000 - 0000000000100000
[    0.000000] Allocating PCI resources starting at 4000000 (gap: 4000000:fbfc0000)
[    0.000000] Booting paravirtualized kernel on bare hardware
[    0.000000] setup_percpu: NR_CPUS:64 nr_cpumask_bits:64 nr_cpu_ids:1 nr_node_ids:1
[    0.000000] PERCPU: Embedded 27 pages/cpu @ffff880003a00000 s78848 r8192 d23552 u2097152
[    0.000000] Built 1 zonelists in Node order, mobility grouping on.  Total pages: 16008
[    0.000000] Policy zone: DMA32
[    0.000000] Kernel command line: root=/dev/vda console=tty0 console=ttyS0 no_timer_check
[    0.000000] PID hash table entries: 256 (order: -1, 2048 bytes)
[    0.000000] Checking aperture...
[    0.000000] No AGP bridge found
[    0.000000] Memory: 43492k/65528k available (6576k kernel code, 452k absent, 21584k reserved, 6620k data, 928k init)
[    0.000000] SLUB: Genslabs=15, HWalign=64, Order=0-3, MinObjects=0, CPUs=1, Nodes=1
[    0.000000] Hierarchical RCU implementation.
[    0.000000] 	RCU dyntick-idle grace-period acceleration is enabled.
[    0.000000] NR_IRQS:4352 nr_irqs:256 16
[    0.000000] Console: colour VGA+ 80x25
[    0.000000] console [tty0] enabled
[    0.000000] console [ttyS0] enabled
[    0.000000] allocated 1048576 bytes of page_cgroup
[    0.000000] please try 'cgroup_disable=memory' option if you don't want memory cgroups
[    0.000000] Fast TSC calibration failed
[    0.000000] TSC: Unable to calibrate against PIT
[    0.000000] TSC: using HPET reference calibration
[    0.000000] Detected 2291.136 MHz processor.
[    0.037184] Calibrating delay loop (skipped), value calculated using timer frequency.. 4582.27 BogoMIPS (lpj=9164544)
[    0.039595] pid_max: default: 32768 minimum: 301
[    0.049999] Security Framework initialized
[    0.054223] AppArmor: AppArmor initialized
[    0.056142] Yama: becoming mindful.
[    0.062253] Dentry cache hash table entries: 8192 (order: 4, 65536 bytes)
[    0.064504] Inode-cache hash table entries: 4096 (order: 3, 32768 bytes)
[    0.066292] Mount-cache hash table entries: 256
[    0.081230] Initializing cgroup subsys cpuacct
[    0.081911] Initializing cgroup subsys memory
[    0.084106] Initializing cgroup subsys devices
[    0.084851] Initializing cgroup subsys freezer
[    0.085489] Initializing cgroup subsys blkio
[    0.086187] Initializing cgroup subsys perf_event
[    0.091030] mce: CPU supports 10 MCE banks
[    0.094462] SMP alternatives: switching to UP code
[    0.472028] Freeing SMP alternatives: 24k freed
[    0.473277] ACPI: Core revision 20110623
[    0.523328] ftrace: allocating 26610 entries in 105 pages
[    0.550871] ..TIMER: vector=0x30 apic1=0 pin1=2 apic2=-1 pin2=-1
[    0.552147] CPU0: AMD QEMU Virtual CPU version 2.0.0 stepping 03
[    0.556034] Performance Events: Broken PMU hardware detected, using software events only.
[    0.564290] NMI watchdog disabled (cpu0): hardware events not enabled
[    0.566053] Brought up 1 CPUs
[    0.566589] Total of 1 processors activated (4582.27 BogoMIPS).
[    0.589741] devtmpfs: initialized
[    0.619479] EVM: security.selinux
[    0.620078] EVM: security.SMACK64
[    0.620603] EVM: security.capability
[    0.644861] print_constraints: dummy: 
[    0.646477] RTC time:  1:46:57, date: 12/24/15
[    0.649811] NET: Registered protocol family 16
[    0.658388] ACPI: bus type pci registered
[    0.664180] PCI: Using configuration type 1 for base access
[    0.696492] bio: create slab &lt;bio-0&gt; at 0
[    0.701043] ACPI: Added _OSI(Module Device)
[    0.702151] ACPI: Added _OSI(Processor Device)
[    0.704138] ACPI: Added _OSI(3.0 _SCP Extensions)
[    0.705332] ACPI: Added _OSI(Processor Aggregator Device)
[    0.782110] ACPI: Interpreter enabled
[    0.782704] ACPI: (supports S0 S3 S4 S5)
[    0.785391] ACPI: Using IOAPIC for interrupt routing
[    0.861911] ACPI: No dock devices found.
[    0.862544] HEST: Table not found.
[    0.863089] PCI: Using host bridge windows from ACPI; if necessary, use "pci=nocrs" and report a bug
[    0.869431] ACPI: PCI Root Bridge [PCI0] (domain 0000 [bus 00-ff])
[    0.875099] pci_root PNP0A03:00: host bridge window [io  0x0000-0x0cf7]
[    0.876189] pci_root PNP0A03:00: host bridge window [io  0x0d00-0xadff]
[    0.876992] pci_root PNP0A03:00: host bridge window [io  0xae0f-0xaeff]
[    0.878003] pci_root PNP0A03:00: host bridge window [io  0xaf20-0xafdf]
[    0.878793] pci_root PNP0A03:00: host bridge window [io  0xafe4-0xffff]
[    0.880160] pci_root PNP0A03:00: host bridge window [mem 0x000a0000-0x000bffff]
[    0.881022] pci_root PNP0A03:00: host bridge window [mem 0x04000000-0xfebfffff]
[    0.902090] pci 0000:00:01.3: quirk: [io  0xb000-0xb03f] claimed by PIIX4 ACPI
[    0.904187] pci 0000:00:01.3: quirk: [io  0xb100-0xb10f] claimed by PIIX4 SMB
[    0.974817]  pci0000:00: Unable to request _OSC control (_OSC support mask: 0x1e)
[    1.028581] ACPI: PCI Interrupt Link [LNKA] (IRQs 5 *10 11)
[    1.030567] ACPI: PCI Interrupt Link [LNKB] (IRQs 5 *10 11)
[    1.032599] ACPI: PCI Interrupt Link [LNKC] (IRQs 5 10 *11)
[    1.034418] ACPI: PCI Interrupt Link [LNKD] (IRQs 5 10 *11)
[    1.036363] ACPI: PCI Interrupt Link [LNKS] (IRQs *9)
[    1.042266] vgaarb: device added: PCI:0000:00:02.0,decodes=io+mem,owns=io+mem,locks=none
[    1.043137] vgaarb: loaded
[    1.044147] vgaarb: bridge control possible 0000:00:02.0
[    1.047370] i2c-core: driver [aat2870] using legacy suspend method
[    1.048133] i2c-core: driver [aat2870] using legacy resume method
[    1.050340] SCSI subsystem initialized
[    1.054369] usbcore: registered new interface driver usbfs
[    1.056131] usbcore: registered new interface driver hub
[    1.057405] usbcore: registered new device driver usb
[    1.060887] PCI: Using ACPI for IRQ routing
[    1.070876] NetLabel: Initializing
[    1.071297] NetLabel:  domain hash size = 128
[    1.072131] NetLabel:  protocols = UNLABELED CIPSOv4
[    1.073929] NetLabel:  unlabeled traffic allowed by default
[    1.076595] HPET: 3 timers in total, 0 timers will be used for per-cpu timer
[    1.077653] hpet0: at MMIO 0xfed00000, IRQs 2, 8, 0
[    1.078495] hpet0: 3 comparators, 64-bit 100.000000 MHz counter
[    1.089865] Switching to clocksource hpet
[    1.337763] AppArmor: AppArmor Filesystem Enabled
[    1.339082] pnp: PnP ACPI init
[    1.339718] ACPI: bus type pnp registered
[    1.358242] pnp: PnP ACPI: found 9 devices
[    1.358759] ACPI: ACPI bus type pnp unregistered
[    1.413631] NET: Registered protocol family 2
[    1.446185] IP route cache hash table entries: 512 (order: 0, 4096 bytes)
[    1.456241] TCP established hash table entries: 2048 (order: 3, 32768 bytes)
[    1.456437] TCP bind hash table entries: 2048 (order: 3, 32768 bytes)
[    1.461777] TCP: Hash tables configured (established 2048 bind 2048)
[    1.462672] TCP reno registered
[    1.463342] UDP hash table entries: 128 (order: 0, 4096 bytes)
[    1.465539] UDP-Lite hash table entries: 128 (order: 0, 4096 bytes)
[    1.470983] NET: Registered protocol family 1
[    1.473714] pci 0000:00:00.0: Limiting direct PCI/PCI transfers
[    1.474508] pci 0000:00:01.0: PIIX3: Enabling Passive Release
[    1.475646] pci 0000:00:01.0: Activating ISA DMA hang workarounds
[    1.481550] ACPI: PCI Interrupt Link [LNKD] enabled at IRQ 11
[    1.482565] pci 0000:00:01.2: PCI INT D -&gt; Link[LNKD] -&gt; GSI 11 (level, high) -&gt; IRQ 11
[    1.485732] pci 0000:00:01.2: PCI INT D disabled
[    1.504152] Trying to unpack rootfs image as initramfs...
[    1.522468] audit: initializing netlink socket (disabled)
[    1.524024] type=2000 audit(1450921617.520:1): initialized
[    1.827193] HugeTLB registered 2 MB page size, pre-allocated 0 pages
[    1.903179] VFS: Disk quotas dquot_6.5.2
[    1.905253] Dquot-cache hash table entries: 512 (order 0, 4096 bytes)
[    1.921906] fuse init (API version 7.17)
[    1.925416] msgmni has been set to 84
[    1.961875] Block layer SCSI generic (bsg) driver version 0.4 loaded (major 253)
[    1.963388] io scheduler noop registered
[    1.963889] io scheduler deadline registered (default)
[    1.966136] io scheduler cfq registered
[    1.969674] pci_hotplug: PCI Hot Plug PCI Core version: 0.5
[    1.971561] pciehp: PCI Express Hot Plug Controller Driver version: 0.4
[    1.977567] input: Power Button as /devices/LNXSYSTM:00/LNXPWRBN:00/input/input0
[    1.979041] ACPI: Power Button [PWRF]
[    2.034569] ERST: Table is not found!
[    2.035068] GHES: HEST is not enabled!
[    2.043057] ACPI: PCI Interrupt Link [LNKC] enabled at IRQ 10
[    2.043804] virtio-pci 0000:00:03.0: PCI INT A -&gt; Link[LNKC] -&gt; GSI 10 (level, high) -&gt; IRQ 10
[    2.046626] virtio-pci 0000:00:04.0: PCI INT A -&gt; Link[LNKD] -&gt; GSI 11 (level, high) -&gt; IRQ 11
[    2.066317] ACPI: PCI Interrupt Link [LNKA] enabled at IRQ 10
[    2.067022] virtio-pci 0000:00:05.0: PCI INT A -&gt; Link[LNKA] -&gt; GSI 10 (level, high) -&gt; IRQ 10
[    2.086286] Serial: 8250/16550 driver, 32 ports, IRQ sharing enabled
[    2.130658] serial8250: ttyS0 at I/O 0x3f8 (irq = 4) is a 16550A
[    2.219243] serial8250: ttyS1 at I/O 0x2f8 (irq = 3) is a 16550A
[    2.351592] 00:05: ttyS0 at I/O 0x3f8 (irq = 4) is a 16550A
[    2.438252] 00:06: ttyS1 at I/O 0x2f8 (irq = 3) is a 16550A
[    2.486447] Linux agpgart interface v0.103
[    2.494588] Refined TSC clocksource calibration: 2291.159 MHz.
[    2.495373] Switching to clocksource tsc
[    2.551155] brd: module loaded
[    2.585811] loop: module loaded
[    2.633623]  vda: unknown partition table
[    2.693799] scsi0 : ata_piix
[    2.695895] scsi1 : ata_piix
[    2.697787] ata1: PATA max MWDMA2 cmd 0x1f0 ctl 0x3f6 bmdma 0xc0a0 irq 14
[    2.698558] ata2: PATA max MWDMA2 cmd 0x170 ctl 0x376 bmdma 0xc0a8 irq 15
[    2.708540] Fixed MDIO Bus: probed
[    2.709746] tun: Universal TUN/TAP device driver, 1.6
[    2.710306] tun: (C) 1999-2004 Max Krasnyansky &lt;maxk@qualcomm.com&gt;
[    2.726608] PPP generic driver version 2.4.2
[    2.749180] ehci_hcd: USB 2.0 'Enhanced' Host Controller (EHCI) Driver
[    2.750399] ohci_hcd: USB 1.1 'Open' Host Controller (OHCI) Driver
[    2.751311] uhci_hcd: USB Universal Host Controller Interface driver
[    2.753274] uhci_hcd 0000:00:01.2: PCI INT D -&gt; Link[LNKD] -&gt; GSI 11 (level, high) -&gt; IRQ 11
[    2.755848] uhci_hcd 0000:00:01.2: UHCI Host Controller
[    2.765517] uhci_hcd 0000:00:01.2: new USB bus registered, assigned bus number 1
[    2.767367] uhci_hcd 0000:00:01.2: irq 11, io base 0x0000c040
[    2.801809] hub 1-0:1.0: USB hub found
[    2.804429] hub 1-0:1.0: 2 ports detected
[    2.812057] usbcore: registered new interface driver libusual
[    2.815982] i8042: PNP: PS/2 Controller [PNP0303:KBD,PNP0f13:MOU] at 0x60,0x64 irq 1,12
[    2.824016] serio: i8042 KBD port at 0x60,0x64 irq 1
[    2.826843] serio: i8042 AUX port at 0x60,0x64 irq 12
[    2.855913] mousedev: PS/2 mouse device common for all mice
[    2.874991] input: AT Translated Set 2 keyboard as /devices/platform/i8042/serio0/input/input1
[    2.880064] rtc_cmos 00:01: RTC can wake from S4
[    2.894357] rtc_cmos 00:01: rtc core: registered rtc_cmos as rtc0
[    2.900070] rtc0: alarms up to one day, 114 bytes nvram, hpet irqs
[    2.907708] device-mapper: uevent: version 1.0.3
[    2.922279] device-mapper: ioctl: 4.22.0-ioctl (2011-10-19) initialised: dm-devel@redhat.com
[    2.926758] cpuidle: using governor ladder
[    2.927740] cpuidle: using governor menu
[    2.929120] EFI Variables Facility v0.08 2004-May-17
[    2.942564] TCP cubic registered
[    2.950523] NET: Registered protocol family 10
[    2.992021] NET: Registered protocol family 17
[    2.994059] Registering the dns_resolver key type
[    3.019716] ata2.01: ATAPI: QEMU DVD-ROM, 2.0.0, max UDMA/100
[    3.039443] ata2.01: configured for MWDMA2
[    3.074731] scsi 1:0:1:0: CD-ROM            QEMU     QEMU DVD-ROM     2.0. PQ: 0 ANSI: 5
[    3.111216] sr0: scsi3-mmc drive: 4x/4x cd/rw xa/form2 tray
[    3.113916] cdrom: Uniform CD-ROM driver Revision: 3.20
[    3.129674] sr 1:0:1:0: Attached scsi generic sg0 type 5
[    3.166639] registered taskstats version 1
[    3.291331] Freeing initrd memory: 3656k freed
[    3.799981]   Magic number: 11:180:762
[    3.810531] atkbd serio0: hash matches
[    3.818676] rtc_cmos 00:01: setting system clock to 2015-12-24 01:47:00 UTC (1450921620)
[    3.822061] powernow-k8: Processor cpuid 663 not supported
[    3.832580] BIOS EDD facility v0.16 2004-Jun-25, 0 devices found
[    3.834166] EDD information not available.
[    3.895476] Freeing unused kernel memory: 928k freed
[    3.899732] Write protecting the kernel read-only data: 12288k
[    3.978555] Freeing unused kernel memory: 1596k freed
[    4.035797] Freeing unused kernel memory: 1184k freed

info: initramfs: up at 4.20
modprobe: module virtio_blk not found in modules.dep
modprobe: module virtio_net not found in modules.dep
info: copying initramfs to /dev/vda
info: initramfs loading root from /dev/vda
info: /etc/init.d/rc.sysinit: up at 8.82
info: container: none
Starting logging: OK
modprobe: module virtio_blk not found in modules.dep
modprobe: module virtio_net not found in modules.dep
WARN: /etc/rc3.d/S10-load-modules failed
Initializing random number generator... done.
Starting acpid: OK
cirros-ds 'local' up at 11.39
found datasource (configdrive, local)
Starting network...
udhcpc (v1.20.1) started
Sending discover...
Sending discover...

2015-12-24 01:48:57,978 21896 INFO     [tempest_lib.common.rest_client] Request (TestNetworkBasicOps:_run_cleanups): 204 DELETE http://10.0.2.15:9696/v2.0/floatingips/07a63ea0-74dc-4b72-b37c-757f0c0c7182 0.270s
2015-12-24 01:48:57,978 21896 DEBUG    [tempest_lib.common.rest_client] Request - Headers: {'Content-Type': 'application/json', 'Accept': 'application/json', 'X-Auth-Token': '&lt;omitted&gt;'}
        Body: None
    Response - Headers: {'date': 'Thu, 24 Dec 2015 01:48:57 GMT', 'status': '204', 'connection': 'close', 'content-length': '0', 'x-openstack-request-id': 'req-00ffaf03-ff27-46d2-8ef2-b379ae73a73b'}
        Body: 
2015-12-24 01:48:58,193 21896 INFO     [tempest_lib.common.rest_client] Request (TestNetworkBasicOps:_run_cleanups): 204 DELETE http://10.0.2.15:8774/v2.1/ffe9cf57910d47a8bd4ea358e0fe5982/servers/2263d0e7-ce57-46c9-927e-688264c1405e 0.214s
2015-12-24 01:48:58,194 21896 DEBUG    [tempest_lib.common.rest_client] Request - Headers: {'Content-Type': 'application/json', 'Accept': 'application/json', 'X-Auth-Token': '&lt;omitted&gt;'}
        Body: None
    Response - Headers: {'status': '204', 'content-length': '0', 'x-compute-request-id': 'req-1d8031da-a70d-41ff-b6b5-34ce94ec16b1', 'vary': 'X-OpenStack-Nova-API-Version', 'connection': 'close', 'x-openstack-nova-api-version': '2.1', 'date': 'Thu, 24 Dec 2015 01:48:58 GMT', 'content-type': 'application/json'}
        Body: 
2015-12-24 01:48:58,408 21896 INFO     [tempest_lib.common.rest_client] Request (TestNetworkBasicOps:_run_cleanups): 200 GET http://10.0.2.15:8774/v2.1/ffe9cf57910d47a8bd4ea358e0fe5982/servers/2263d0e7-ce57-46c9-927e-688264c1405e 0.213s
2015-12-24 01:48:58,408 21896 DEBUG    [tempest_lib.common.rest_client] Request - Headers: {'Content-Type': 'application/json', 'Accept': 'application/json', 'X-Auth-Token': '&lt;omitted&gt;'}
        Body: None
    Response - Headers: {'status': '200', 'content-length': '1776', 'content-location': 'http://10.0.2.15:8774/v2.1/ffe9cf57910d47a8bd4ea358e0fe5982/servers/2263d0e7-ce57-46c9-927e-688264c1405e', 'x-compute-request-id': 'req-234d34e2-41ab-4294-bac2-bd7854cfb810', 'vary': 'X-OpenStack-Nova-API-Version', 'connection': 'close', 'x-openstack-nova-api-version': '2.1', 'date': 'Thu, 24 Dec 2015 01:48:58 GMT', 'content-type': 'application/json'}
        Body: {"server": {"status": "ACTIVE", "updated": "2015-12-24T01:48:58Z", "hostId": "f325ea760a28e0626fe116f343de3ff661ce0a9c7224ba035667207f", "addresses": {"tempest-network-smoke--278563057": [{"OS-EXT-IPS-MAC:mac_addr": "fa:16:3e:c1:e9:a3", "version": 4, "addr": "10.100.0.3", "OS-EXT-IPS:type": "fixed"}, {"OS-EXT-IPS-MAC:mac_addr": "fa:16:3e:c1:e9:a3", "version": 4, "addr": "172.24.4.4", "OS-EXT-IPS:type": "floating"}]}, "links": [{"href": "http://10.0.2.15:8774/v2.1/ffe9cf57910d47a8bd4ea358e0fe5982/servers/2263d0e7-ce57-46c9-927e-688264c1405e", "rel": "self"}, {"href": "http://10.0.2.15:8774/ffe9cf57910d47a8bd4ea358e0fe5982/servers/2263d0e7-ce57-46c9-927e-688264c1405e", "rel": "bookmark"}], "key_name": "tempest-TestNetworkBasicOps-1569626968", "image": {"id": "1496d5e3-abd9-4326-a26d-e149c1c5d025", "links": [{"href": "http://10.0.2.15:8774/ffe9cf57910d47a8bd4ea358e0fe5982/images/1496d5e3-abd9-4326-a26d-e149c1c5d025", "rel": "bookmark"}]}, "OS-EXT-STS:task_state": "deleting", "OS-EXT-STS:vm_state": "active", "OS-SRV-USG:launched_at": "2015-12-24T01:46:53.000000", "flavor": {"id": "42", "links": [{"href": "http://10.0.2.15:8774/ffe9cf57910d47a8bd4ea358e0fe5982/flavors/42", "rel": "bookmark"}]}, "id": "2263d0e7-ce57-46c9-927e-688264c1405e", "security_groups": [{"name": "tempest-secgroup-smoke-1684586711"}], "OS-SRV-USG:terminated_at": null, "OS-EXT-AZ:availability_zone": "nova", "user_id": "aa8d4b5760c6457f8e2f2355131936fd", "name": "tempest.common.compute-instance-1963812907", "created": "2015-12-24T01:46:50Z", "tenant_id": "ffe9cf57910d47a8bd4ea358e0fe5982", "OS-DCF:diskConfig": "MANUAL", "os-extended-volumes:volumes_attached": [], "accessIPv4": "", "accessIPv6": "", "progress": 0, "OS-EXT-STS:power_state": 1, "config_drive": "True", "metadata": {}}}
2015-12-24 01:48:59,563 21896 INFO     [tempest_lib.common.rest_client] Request (TestNetworkBasicOps:_run_cleanups): 200 GET http://10.0.2.15:8774/v2.1/ffe9cf57910d47a8bd4ea358e0fe5982/servers/2263d0e7-ce57-46c9-927e-688264c1405e 0.140s
2015-12-24 01:48:59,563 21896 DEBUG    [tempest_lib.common.rest_client] Request - Headers: {'Content-Type': 'application/json', 'Accept': 'application/json', 'X-Auth-Token': '&lt;omitted&gt;'}
        Body: None
    Response - Headers: {'status': '200', 'content-length': '1441', 'content-location': 'http://10.0.2.15:8774/v2.1/ffe9cf57910d47a8bd4ea358e0fe5982/servers/2263d0e7-ce57-46c9-927e-688264c1405e', 'x-compute-request-id': 'req-7d7756da-37a1-4c32-87c5-2989dfbd739b', 'vary': 'X-OpenStack-Nova-API-Version', 'connection': 'close', 'x-openstack-nova-api-version': '2.1', 'date': 'Thu, 24 Dec 2015 01:48:59 GMT', 'content-type': 'application/json'}
        Body: {"server": {"status": "ACTIVE", "updated": "2015-12-24T01:48:58Z", "hostId": "f325ea760a28e0626fe116f343de3ff661ce0a9c7224ba035667207f", "addresses": {}, "links": [{"href": "http://10.0.2.15:8774/v2.1/ffe9cf57910d47a8bd4ea358e0fe5982/servers/2263d0e7-ce57-46c9-927e-688264c1405e", "rel": "self"}, {"href": "http://10.0.2.15:8774/ffe9cf57910d47a8bd4ea358e0fe5982/servers/2263d0e7-ce57-46c9-927e-688264c1405e", "rel": "bookmark"}], "key_name": "tempest-TestNetworkBasicOps-1569626968", "image": {"id": "1496d5e3-abd9-4326-a26d-e149c1c5d025", "links": [{"href": "http://10.0.2.15:8774/ffe9cf57910d47a8bd4ea358e0fe5982/images/1496d5e3-abd9-4326-a26d-e149c1c5d025", "rel": "bookmark"}]}, "OS-EXT-STS:task_state": "deleting", "OS-EXT-STS:vm_state": "active", "OS-SRV-USG:launched_at": "2015-12-24T01:46:53.000000", "flavor": {"id": "42", "links": [{"href": "http://10.0.2.15:8774/ffe9cf57910d47a8bd4ea358e0fe5982/flavors/42", "rel": "bookmark"}]}, "id": "2263d0e7-ce57-46c9-927e-688264c1405e", "OS-SRV-USG:terminated_at": null, "OS-EXT-AZ:availability_zone": "nova", "user_id": "aa8d4b5760c6457f8e2f2355131936fd", "name": "tempest.common.compute-instance-1963812907", "created": "2015-12-24T01:46:50Z", "tenant_id": "ffe9cf57910d47a8bd4ea358e0fe5982", "OS-DCF:diskConfig": "MANUAL", "os-extended-volumes:volumes_attached": [], "accessIPv4": "", "accessIPv6": "", "progress": 0, "OS-EXT-STS:power_state": 1, "config_drive": "True", "metadata": {}}}
2015-12-24 01:49:00,665 21896 INFO     [tempest_lib.common.rest_client] Request (TestNetworkBasicOps:_run_cleanups): 404 GET http://10.0.2.15:8774/v2.1/ffe9cf57910d47a8bd4ea358e0fe5982/servers/2263d0e7-ce57-46c9-927e-688264c1405e 0.089s
2015-12-24 01:49:00,666 21896 DEBUG    [tempest_lib.common.rest_client] Request - Headers: {'Content-Type': 'application/json', 'Accept': 'application/json', 'X-Auth-Token': '&lt;omitted&gt;'}
        Body: None
    Response - Headers: {'status': '404', 'content-length': '111', 'x-compute-request-id': 'req-b9f37b09-adce-49bd-8426-756abbcd3fc6', 'vary': 'X-OpenStack-Nova-API-Version', 'connection': 'close', 'x-openstack-nova-api-version': '2.1', 'date': 'Thu, 24 Dec 2015 01:49:00 GMT', 'content-type': 'application/json; charset=UTF-8'}
        Body: {"itemNotFound": {"message": "Instance 2263d0e7-ce57-46c9-927e-688264c1405e could not be found.", "code": 404}}
2015-12-24 01:49:00,689 21896 INFO     [tempest_lib.common.rest_client] Request (TestNetworkBasicOps:_run_cleanups): 202 DELETE http://10.0.2.15:8774/v2.1/ffe9cf57910d47a8bd4ea358e0fe5982/os-keypairs/tempest-TestNetworkBasicOps-1569626968 0.022s
2015-12-24 01:49:00,690 21896 DEBUG    [tempest_lib.common.rest_client] Request - Headers: {'Content-Type': 'application/json', 'Accept': 'application/json', 'X-Auth-Token': '&lt;omitted&gt;'}
        Body: None
    Response - Headers: {'status': '202', 'content-length': '0', 'x-compute-request-id': 'req-a7631478-f75c-40ca-943f-c78198343241', 'vary': 'X-OpenStack-Nova-API-Version', 'connection': 'close', 'x-openstack-nova-api-version': '2.1', 'date': 'Thu, 24 Dec 2015 01:49:00 GMT', 'content-type': 'application/json'}
        Body: 
2015-12-24 01:49:01,214 21896 INFO     [tempest_lib.common.rest_client] Request (TestNetworkBasicOps:_run_cleanups): 200 PUT http://10.0.2.15:9696/v2.0/routers/039fce00-7fb9-4bab-a642-2e6989961ce8/remove_router_interface 0.523s
2015-12-24 01:49:01,215 21896 DEBUG    [tempest_lib.common.rest_client] Request - Headers: {'Content-Type': 'application/json', 'Accept': 'application/json', 'X-Auth-Token': '&lt;omitted&gt;'}
        Body: {"subnet_id": "28569214-1b57-494a-814f-d379314d9af3"}
    Response - Headers: {'status': '200', 'content-length': '255', 'connection': 'close', 'date': 'Thu, 24 Dec 2015 01:49:01 GMT', 'content-type': 'application/json; charset=UTF-8', 'x-openstack-request-id': 'req-0610681e-d44b-4ff0-b5ba-e41a31e7268d'}
        Body: {"subnet_id": "28569214-1b57-494a-814f-d379314d9af3", "tenant_id": "ffe9cf57910d47a8bd4ea358e0fe5982", "subnet_ids": ["28569214-1b57-494a-814f-d379314d9af3"], "port_id": "7fdabef5-eb7c-4dee-8389-4178f3b8c3b8", "id": "039fce00-7fb9-4bab-a642-2e6989961ce8"}
2015-12-24 01:49:01,645 21896 INFO     [tempest_lib.common.rest_client] Request (TestNetworkBasicOps:_run_cleanups): 204 DELETE http://10.0.2.15:9696/v2.0/subnets/28569214-1b57-494a-814f-d379314d9af3 0.429s
2015-12-24 01:49:01,645 21896 DEBUG    [tempest_lib.common.rest_client] Request - Headers: {'Content-Type': 'application/json', 'Accept': 'application/json', 'X-Auth-Token': '&lt;omitted&gt;'}
        Body: None
    Response - Headers: {'date': 'Thu, 24 Dec 2015 01:49:01 GMT', 'status': '204', 'connection': 'close', 'content-length': '0', 'x-openstack-request-id': 'req-9bed8877-c355-4d09-adac-4908ece97fe9'}
        Body: 
2015-12-24 01:49:01,721 21896 INFO     [tempest_lib.common.rest_client] Request (TestNetworkBasicOps:_run_cleanups): 200 GET http://10.0.2.15:9696/v2.0/routers/039fce00-7fb9-4bab-a642-2e6989961ce8 0.075s
2015-12-24 01:49:01,721 21896 DEBUG    [tempest_lib.common.rest_client] Request - Headers: {'Content-Type': 'application/json', 'Accept': 'application/json', 'X-Auth-Token': '&lt;omitted&gt;'}
        Body: None
    Response - Headers: {'status': '200', 'content-length': '564', 'content-location': 'http://10.0.2.15:9696/v2.0/routers/039fce00-7fb9-4bab-a642-2e6989961ce8', 'connection': 'close', 'date': 'Thu, 24 Dec 2015 01:49:01 GMT', 'content-type': 'application/json; charset=UTF-8', 'x-openstack-request-id': 'req-91c41a86-6edf-4456-b886-ce70dcc6e39e'}
        Body: {"router": {"status": "ACTIVE", "external_gateway_info": {"network_id": "28d6e5ad-1ff0-453d-973c-f9efe85f0e38", "enable_snat": true, "external_fixed_ips": [{"subnet_id": "0291bc62-0832-428d-b14a-a282d6a652ee", "ip_address": "172.24.4.3"}, {"subnet_id": "30028f33-9fac-4a85-9e7c-7124a3ac4fdc", "ip_address": "2001:db8::3"}]}, "availability_zone_hints": [], "availability_zones": ["nova"], "name": "tempest-router-smoke-2098094045", "admin_state_up": true, "tenant_id": "ffe9cf57910d47a8bd4ea358e0fe5982", "routes": [], "id": "039fce00-7fb9-4bab-a642-2e6989961ce8"}}
2015-12-24 01:49:02,271 21896 INFO     [tempest_lib.common.rest_client] Request (TestNetworkBasicOps:_run_cleanups): 200 PUT http://10.0.2.15:9696/v2.0/routers/039fce00-7fb9-4bab-a642-2e6989961ce8 0.549s
2015-12-24 01:49:02,272 21896 DEBUG    [tempest_lib.common.rest_client] Request - Headers: {'Content-Type': 'application/json', 'Accept': 'application/json', 'X-Auth-Token': '&lt;omitted&gt;'}
        Body: {"router": {"external_gateway_info": {}, "name": "tempest-router-smoke-2098094045", "admin_state_up": true}}
    Response - Headers: {'status': '200', 'content-length': '302', 'connection': 'close', 'date': 'Thu, 24 Dec 2015 01:49:02 GMT', 'content-type': 'application/json; charset=UTF-8', 'x-openstack-request-id': 'req-04bd78ca-488b-4c71-b346-fd10281a68be'}
        Body: {"router": {"status": "ACTIVE", "external_gateway_info": null, "availability_zone_hints": [], "availability_zones": ["nova"], "name": "tempest-router-smoke-2098094045", "admin_state_up": true, "tenant_id": "ffe9cf57910d47a8bd4ea358e0fe5982", "routes": [], "id": "039fce00-7fb9-4bab-a642-2e6989961ce8"}}
2015-12-24 01:49:02,607 21896 INFO     [tempest_lib.common.rest_client] Request (TestNetworkBasicOps:_run_cleanups): 204 DELETE http://10.0.2.15:9696/v2.0/routers/039fce00-7fb9-4bab-a642-2e6989961ce8 0.335s
2015-12-24 01:49:02,609 21896 DEBUG    [tempest_lib.common.rest_client] Request - Headers: {'Content-Type': 'application/json', 'Accept': 'application/json', 'X-Auth-Token': '&lt;omitted&gt;'}
        Body: None
    Response - Headers: {'date': 'Thu, 24 Dec 2015 01:49:02 GMT', 'status': '204', 'connection': 'close', 'content-length': '0', 'x-openstack-request-id': 'req-33d37073-04ca-437a-aeb0-83ee0ff3e473'}
        Body: 
2015-12-24 01:49:02,827 21896 INFO     [tempest_lib.common.rest_client] Request (TestNetworkBasicOps:_run_cleanups): 204 DELETE http://10.0.2.15:9696/v2.0/networks/b95f82cf-6397-4d45-a482-7d8dccae5f84 0.217s
2015-12-24 01:49:02,828 21896 DEBUG    [tempest_lib.common.rest_client] Request - Headers: {'Content-Type': 'application/json', 'Accept': 'application/json', 'X-Auth-Token': '&lt;omitted&gt;'}
        Body: None
    Response - Headers: {'date': 'Thu, 24 Dec 2015 01:49:02 GMT', 'status': '204', 'connection': 'close', 'content-length': '0', 'x-openstack-request-id': 'req-4b9b48f2-47f9-48f9-bb00-6ae0122bf10a'}
        Body: 
2015-12-24 01:49:02,887 21896 INFO     [tempest_lib.common.rest_client] Request (TestNetworkBasicOps:_run_cleanups): 204 DELETE http://10.0.2.15:9696/v2.0/security-group-rules/38dbaaf9-8d4c-4909-9b90-2fdb850433e2 0.057s
2015-12-24 01:49:02,887 21896 DEBUG    [tempest_lib.common.rest_client] Request - Headers: {'Content-Type': 'application/json', 'Accept': 'application/json', 'X-Auth-Token': '&lt;omitted&gt;'}
        Body: None
    Response - Headers: {'date': 'Thu, 24 Dec 2015 01:49:02 GMT', 'status': '204', 'connection': 'close', 'content-length': '0', 'x-openstack-request-id': 'req-40249fa5-817d-408d-8d00-87f324c63345'}
        Body: 
2015-12-24 01:49:02,948 21896 INFO     [tempest_lib.common.rest_client] Request (TestNetworkBasicOps:_run_cleanups): 204 DELETE http://10.0.2.15:9696/v2.0/security-group-rules/49af2054-12aa-4f61-9dd4-eea32282739a 0.059s
2015-12-24 01:49:02,949 21896 DEBUG    [tempest_lib.common.rest_client] Request - Headers: {'Content-Type': 'application/json', 'Accept': 'application/json', 'X-Auth-Token': '&lt;omitted&gt;'}
        Body: None
    Response - Headers: {'date': 'Thu, 24 Dec 2015 01:49:02 GMT', 'status': '204', 'connection': 'close', 'content-length': '0', 'x-openstack-request-id': 'req-a37bd092-a83a-4034-b69a-a598890359ef'}
        Body: 
2015-12-24 01:49:03,013 21896 INFO     [tempest_lib.common.rest_client] Request (TestNetworkBasicOps:_run_cleanups): 204 DELETE http://10.0.2.15:9696/v2.0/security-group-rules/2ef8774b-dd4d-42c1-8f73-15a1d3353d95 0.063s
2015-12-24 01:49:03,014 21896 DEBUG    [tempest_lib.common.rest_client] Request - Headers: {'Content-Type': 'application/json', 'Accept': 'application/json', 'X-Auth-Token': '&lt;omitted&gt;'}
        Body: None
