<?xml version="1.0" encoding="UTF-8"?>
<!DOCTYPE html PUBLIC "-//W3C//DTD XHTML 1.0 Strict//EN"
     "http://www.w3.org/TR/xhtml1/DTD/xhtml1-strict.dtd">
<html xmlns="http://www.w3.org/1999/xhtml">
<head>
    <title>Unit Test Report</title>
    <meta name="generator" content="subunit2html 0.1"/>
    <meta http-equiv="Content-Type" content="text/html; charset=UTF-8"/>
    
<style type="text/css" media="screen">
body        { font-family: verdana, arial, helvetica, sans-serif;
    font-size: 80%; }
table       { font-size: 100%; width: 100%;}
pre         { font-size: 80%; }

/* -- heading -------------------------------------------------------------- */
h1 {
        font-size: 16pt;
        color: gray;
}
.heading {
    margin-top: 0ex;
    margin-bottom: 1ex;
}

.heading .attribute {
    margin-top: 1ex;
    margin-bottom: 0;
}

.heading .description {
    margin-top: 4ex;
    margin-bottom: 6ex;
}

/* -- css div popup -------------------------------------------------------- */
a.popup_link {
}

a.popup_link:hover {
    color: red;
}

.popup_window {
    display: none;
    overflow-x: scroll;
    /*border: solid #627173 1px; */
    padding: 10px;
    background-color: #E6E6D6;
    font-family: "Ubuntu Mono", "Lucida Console", "Courier New", monospace;
    text-align: left;
    font-size: 8pt;
}

}
/* -- report --------------------------------------------------------------- */
#show_detail_line {
    margin-top: 3ex;
    margin-bottom: 1ex;
}
#result_table {
    width: 100%;
    border-collapse: collapse;
    border: 1px solid #777;
}
#header_row {
    font-weight: bold;
    color: white;
    background-color: #777;
}
#result_table td {
    border: 1px solid #777;
    padding: 2px;
}
#total_row  { font-weight: bold; }
.passClass  { background-color: #6c6; }
.failClass  { background-color: #c60; }
.errorClass { background-color: #c00; }
.passCase   { color: #6c6; }
.failCase   { color: #c60; font-weight: bold; }
.errorCase  { color: #c00; font-weight: bold; }
.hiddenRow  { display: none; }
.testcase   { margin-left: 2em; }
td.testname {width: 40%}
td.small {width: 40px}

/* -- ending --------------------------------------------------------------- */
#ending {
}

</style>

</head>
<body>
<script language="javascript" type="text/javascript"><!--
output_list = Array();

/* level - 0:Summary; 1:Failed; 2:All */
function showCase(level) {
    trs = document.getElementsByTagName("tr");
    for (var i = 0; i < trs.length; i++) {
        tr = trs[i];
        id = tr.id;
        if (id.substr(0,2) == 'ft') {
            if (level < 1) {
                tr.className = 'hiddenRow';
            }
            else {
                tr.className = '';
            }
        }
        if (id.substr(0,2) == 'pt') {
            if (level > 1) {
                tr.className = '';
            }
            else {
                tr.className = 'hiddenRow';
            }
        }
    }
}


function showClassDetail(cid, count) {
    var id_list = Array(count);
    var toHide = 1;
    for (var i = 0; i < count; i++) {
        tid0 = 't' + cid.substr(1) + '.' + (i+1);
        tid = 'f' + tid0;
        tr = document.getElementById(tid);
        if (!tr) {
            tid = 'p' + tid0;
            tr = document.getElementById(tid);
        }
        id_list[i] = tid;
        if (tr.className) {
            toHide = 0;
        }
    }
    for (var i = 0; i < count; i++) {
        tid = id_list[i];
        if (toHide) {
            document.getElementById('div_'+tid).style.display = 'none'
            document.getElementById(tid).className = 'hiddenRow';
        }
        else {
            document.getElementById(tid).className = '';
        }
    }
}


function showTestDetail(div_id){
    var details_div = document.getElementById(div_id)
    var displayState = details_div.style.display
    // alert(displayState)
    if (displayState != 'block' ) {
        displayState = 'block'
        details_div.style.display = 'block'
    }
    else {
        details_div.style.display = 'none'
    }
}


function html_escape(s) {
    s = s.replace(/&/g,'&amp;');
    s = s.replace(/</g,'&lt;');
    s = s.replace(/>/g,'&gt;');
    return s;
}

/* obsoleted by detail in <div>
function showOutput(id, name) {
    var w = window.open("", //url
                    name,
                    "resizable,scrollbars,status,width=800,height=450");
    d = w.document;
    d.write("<pre>");
    d.write(html_escape(output_list[id]));
    d.write("\n");
    d.write("<a href='javascript:window.close()'>close</a>\n");
    d.write("</pre>\n");
    d.close();
}
*/
--></script>

<div class='heading'>
<h1>Unit Test Report</h1>

<p class='attribute'><strong>Status:</strong> Pass 1 Failure 7 Skip 1</p>

<p class='description'></p>
</div>



<p id='show_detail_line'>Show
<a href='javascript:showCase(0)'>Summary</a>
<a href='javascript:showCase(1)'>Failed</a>
<a href='javascript:showCase(2)'>All</a>
</p>
<table id='result_table'>
<colgroup>
<col align='left' />
<col align='right' />
<col align='right' />
<col align='right' />
<col align='right' />
<col align='right' />
<col align='right' />
<col align='right' />
</colgroup>
<tr id='header_row'>
    <td>Test Group/Test case</td>
    <td>Count</td>
    <td>Pass</td>
    <td>Fail</td>
    <td>Error</td>
    <td>Skip</td>
    <td>View</td>
    <td> </td>
</tr>

<tr class='failClass'>
    <td class="testname">tempest.scenario.test_network_basic_ops.TestNetworkBasicOps</td>
    <td class="small">9</td>
    <td class="small">1</td>
    <td class="small">7</td>
    <td class="small">0</td>
    <td class="small">1</td>
    <td class="small"><a href="javascript:showClassDetail('c1',9)"
>Detail</a></td>
    <td> </td>
</tr>

<tr id='ft1.1' class='none'>
    <td class='failCase'><div class='testcase'>test_connectivity_between_vms_on_different_networks[compute,id-1546850e-fbaa-42f5-8b5f-03d8a6a95f15,network]</div></td>
    <td colspan='7' align='left'>

    <!--css div popup start-->
    <a class="popup_link" onfocus='this.blur();'
    href="javascript:showTestDetail('div_ft1.1')" >
        fail</a>

    <div id='div_ft1.1' class="popup_window">
        <div style='text-align: right; color:red;cursor:pointer'>
        <a onfocus='this.blur();'
onclick="document.getElementById('div_ft1.1').style.display = 'none' " >
           [x]</a>
        </div>
        <pre>
        
ft1.1: tempest.scenario.test_network_basic_ops.TestNetworkBasicOps.test_connectivity_between_vms_on_different_networks[compute,id-1546850e-fbaa-42f5-8b5f-03d8a6a95f15,network]_StringException: Empty attachments:
  stderr
  stdout

pythonlogging:'': {{{
2015-12-10 10:25:58,318 24507 INFO     [tempest_lib.common.rest_client] Request (TestNetworkBasicOps:test_connectivity_between_vms_on_different_networks): 201 POST http://10.0.2.15:9696/v2.0/security-groups 0.356s
2015-12-10 10:25:58,320 24507 DEBUG    [tempest_lib.common.rest_client] Request - Headers: {'Content-Type': 'application/json', 'Accept': 'application/json', 'X-Auth-Token': '&lt;omitted&gt;'}
        Body: {"security_group": {"tenant_id": "51fedc268f1641c6bcb85fe137e094d7", "description": "tempest-secgroup-smoke-1302925074 description", "name": "tempest-secgroup-smoke-1302925074"}}
    Response - Headers: {'status': '201', 'content-length': '888', 'connection': 'close', 'date': 'Thu, 10 Dec 2015 10:25:58 GMT', 'content-type': 'application/json; charset=UTF-8', 'x-openstack-request-id': 'req-229c8c5c-1980-448f-9efd-46d29394f029'}
        Body: {"security_group": {"tenant_id": "51fedc268f1641c6bcb85fe137e094d7", "description": "tempest-secgroup-smoke-1302925074 description", "id": "7bdfc2ec-94aa-43b2-b448-918a3bdfc0b0", "security_group_rules": [{"remote_group_id": null, "direction": "egress", "remote_ip_prefix": null, "protocol": null, "ethertype": "IPv4", "tenant_id": "51fedc268f1641c6bcb85fe137e094d7", "port_range_max": null, "port_range_min": null, "id": "1e49bac5-4745-4c8a-aa81-0c58a5327514", "security_group_id": "7bdfc2ec-94aa-43b2-b448-918a3bdfc0b0"}, {"remote_group_id": null, "direction": "egress", "remote_ip_prefix": null, "protocol": null, "ethertype": "IPv6", "tenant_id": "51fedc268f1641c6bcb85fe137e094d7", "port_range_max": null, "port_range_min": null, "id": "37417f9f-3c37-49eb-979f-b4d3cc81aa30", "security_group_id": "7bdfc2ec-94aa-43b2-b448-918a3bdfc0b0"}], "name": "tempest-secgroup-smoke-1302925074"}}
2015-12-10 10:25:58,447 24507 INFO     [tempest_lib.common.rest_client] Request (TestNetworkBasicOps:test_connectivity_between_vms_on_different_networks): 201 POST http://10.0.2.15:9696/v2.0/security-group-rules 0.126s
2015-12-10 10:25:58,448 24507 DEBUG    [tempest_lib.common.rest_client] Request - Headers: {'Content-Type': 'application/json', 'Accept': 'application/json', 'X-Auth-Token': '&lt;omitted&gt;'}
        Body: {"security_group_rule": {"direction": "ingress", "protocol": "tcp", "tenant_id": "51fedc268f1641c6bcb85fe137e094d7", "port_range_max": 22, "security_group_id": "7bdfc2ec-94aa-43b2-b448-918a3bdfc0b0", "port_range_min": 22}}
    Response - Headers: {'status': '201', 'content-length': '340', 'connection': 'close', 'date': 'Thu, 10 Dec 2015 10:25:58 GMT', 'content-type': 'application/json; charset=UTF-8', 'x-openstack-request-id': 'req-598df07b-d1e8-484e-b02e-d7638e6342f2'}
        Body: {"security_group_rule": {"remote_group_id": null, "direction": "ingress", "remote_ip_prefix": null, "protocol": "tcp", "ethertype": "IPv4", "tenant_id": "51fedc268f1641c6bcb85fe137e094d7", "port_range_max": 22, "port_range_min": 22, "id": "f5f1d382-8d14-4e7e-9a15-778cb4acfe89", "security_group_id": "7bdfc2ec-94aa-43b2-b448-918a3bdfc0b0"}}
2015-12-10 10:25:58,703 24507 INFO     [tempest_lib.common.rest_client] Request (TestNetworkBasicOps:test_connectivity_between_vms_on_different_networks): 201 POST http://10.0.2.15:9696/v2.0/security-group-rules 0.254s
2015-12-10 10:25:58,704 24507 DEBUG    [tempest_lib.common.rest_client] Request - Headers: {'Content-Type': 'application/json', 'Accept': 'application/json', 'X-Auth-Token': '&lt;omitted&gt;'}
        Body: {"security_group_rule": {"direction": "egress", "protocol": "tcp", "tenant_id": "51fedc268f1641c6bcb85fe137e094d7", "port_range_max": 22, "security_group_id": "7bdfc2ec-94aa-43b2-b448-918a3bdfc0b0", "port_range_min": 22}}
    Response - Headers: {'status': '201', 'content-length': '339', 'connection': 'close', 'date': 'Thu, 10 Dec 2015 10:25:58 GMT', 'content-type': 'application/json; charset=UTF-8', 'x-openstack-request-id': 'req-5a1ab9ed-f175-4d05-b3d1-2a1696cc952f'}
        Body: {"security_group_rule": {"remote_group_id": null, "direction": "egress", "remote_ip_prefix": null, "protocol": "tcp", "ethertype": "IPv4", "tenant_id": "51fedc268f1641c6bcb85fe137e094d7", "port_range_max": 22, "port_range_min": 22, "id": "72c6705b-8a48-44bd-a49f-12d6c186956a", "security_group_id": "7bdfc2ec-94aa-43b2-b448-918a3bdfc0b0"}}
2015-12-10 10:25:58,827 24507 INFO     [tempest_lib.common.rest_client] Request (TestNetworkBasicOps:test_connectivity_between_vms_on_different_networks): 201 POST http://10.0.2.15:9696/v2.0/security-group-rules 0.122s
2015-12-10 10:25:58,827 24507 DEBUG    [tempest_lib.common.rest_client] Request - Headers: {'Content-Type': 'application/json', 'Accept': 'application/json', 'X-Auth-Token': '&lt;omitted&gt;'}
        Body: {"security_group_rule": {"tenant_id": "51fedc268f1641c6bcb85fe137e094d7", "direction": "ingress", "protocol": "icmp", "security_group_id": "7bdfc2ec-94aa-43b2-b448-918a3bdfc0b0"}}
    Response - Headers: {'status': '201', 'content-length': '345', 'connection': 'close', 'date': 'Thu, 10 Dec 2015 10:25:58 GMT', 'content-type': 'application/json; charset=UTF-8', 'x-openstack-request-id': 'req-a9218f67-9e98-415a-b73b-e36932b0ca6c'}
        Body: {"security_group_rule": {"remote_group_id": null, "direction": "ingress", "remote_ip_prefix": null, "protocol": "icmp", "ethertype": "IPv4", "tenant_id": "51fedc268f1641c6bcb85fe137e094d7", "port_range_max": null, "port_range_min": null, "id": "150d14b4-15f2-493e-a31d-cc5cdc050d17", "security_group_id": "7bdfc2ec-94aa-43b2-b448-918a3bdfc0b0"}}
2015-12-10 10:25:58,951 24507 INFO     [tempest_lib.common.rest_client] Request (TestNetworkBasicOps:test_connectivity_between_vms_on_different_networks): 201 POST http://10.0.2.15:9696/v2.0/security-group-rules 0.122s
2015-12-10 10:25:58,952 24507 DEBUG    [tempest_lib.common.rest_client] Request - Headers: {'Content-Type': 'application/json', 'Accept': 'application/json', 'X-Auth-Token': '&lt;omitted&gt;'}
        Body: {"security_group_rule": {"tenant_id": "51fedc268f1641c6bcb85fe137e094d7", "direction": "egress", "protocol": "icmp", "security_group_id": "7bdfc2ec-94aa-43b2-b448-918a3bdfc0b0"}}
    Response - Headers: {'status': '201', 'content-length': '344', 'connection': 'close', 'date': 'Thu, 10 Dec 2015 10:25:58 GMT', 'content-type': 'application/json; charset=UTF-8', 'x-openstack-request-id': 'req-f4a73f47-65e7-411f-b44f-5e336f338c4a'}
        Body: {"security_group_rule": {"remote_group_id": null, "direction": "egress", "remote_ip_prefix": null, "protocol": "icmp", "ethertype": "IPv4", "tenant_id": "51fedc268f1641c6bcb85fe137e094d7", "port_range_max": null, "port_range_min": null, "id": "3fa0b1b1-6b58-4379-bedb-b8054d4d1999", "security_group_id": "7bdfc2ec-94aa-43b2-b448-918a3bdfc0b0"}}
2015-12-10 10:25:59,071 24507 INFO     [tempest_lib.common.rest_client] Request (TestNetworkBasicOps:test_connectivity_between_vms_on_different_networks): 201 POST http://10.0.2.15:9696/v2.0/security-group-rules 0.117s
2015-12-10 10:25:59,071 24507 DEBUG    [tempest_lib.common.rest_client] Request - Headers: {'Content-Type': 'application/json', 'Accept': 'application/json', 'X-Auth-Token': '&lt;omitted&gt;'}
        Body: {"security_group_rule": {"tenant_id": "51fedc268f1641c6bcb85fe137e094d7", "direction": "ingress", "security_group_id": "7bdfc2ec-94aa-43b2-b448-918a3bdfc0b0", "protocol": "icmp", "ethertype": "IPv6"}}
    Response - Headers: {'status': '201', 'content-length': '345', 'connection': 'close', 'date': 'Thu, 10 Dec 2015 10:25:59 GMT', 'content-type': 'application/json; charset=UTF-8', 'x-openstack-request-id': 'req-b40d8256-cafa-446a-8cf4-cbea29b21f60'}
        Body: {"security_group_rule": {"remote_group_id": null, "direction": "ingress", "remote_ip_prefix": null, "protocol": "icmp", "ethertype": "IPv6", "tenant_id": "51fedc268f1641c6bcb85fe137e094d7", "port_range_max": null, "port_range_min": null, "id": "d4ae99e0-0d78-4efc-a6df-6b7bcaa4f072", "security_group_id": "7bdfc2ec-94aa-43b2-b448-918a3bdfc0b0"}}
2015-12-10 10:25:59,193 24507 INFO     [tempest_lib.common.rest_client] Request (TestNetworkBasicOps:test_connectivity_between_vms_on_different_networks): 201 POST http://10.0.2.15:9696/v2.0/security-group-rules 0.120s
2015-12-10 10:25:59,193 24507 DEBUG    [tempest_lib.common.rest_client] Request - Headers: {'Content-Type': 'application/json', 'Accept': 'application/json', 'X-Auth-Token': '&lt;omitted&gt;'}
        Body: {"security_group_rule": {"tenant_id": "51fedc268f1641c6bcb85fe137e094d7", "direction": "egress", "security_group_id": "7bdfc2ec-94aa-43b2-b448-918a3bdfc0b0", "protocol": "icmp", "ethertype": "IPv6"}}
    Response - Headers: {'status': '201', 'content-length': '344', 'connection': 'close', 'date': 'Thu, 10 Dec 2015 10:25:59 GMT', 'content-type': 'application/json; charset=UTF-8', 'x-openstack-request-id': 'req-27ad2a27-4703-40c8-a4fa-eaec783e44c6'}
        Body: {"security_group_rule": {"remote_group_id": null, "direction": "egress", "remote_ip_prefix": null, "protocol": "icmp", "ethertype": "IPv6", "tenant_id": "51fedc268f1641c6bcb85fe137e094d7", "port_range_max": null, "port_range_min": null, "id": "0de71bd3-a221-4aa7-b700-ed2e1760c995", "security_group_id": "7bdfc2ec-94aa-43b2-b448-918a3bdfc0b0"}}
2015-12-10 10:25:59,370 24507 INFO     [tempest_lib.common.rest_client] Request (TestNetworkBasicOps:test_connectivity_between_vms_on_different_networks): 201 POST http://10.0.2.15:9696/v2.0/networks 0.175s
2015-12-10 10:25:59,370 24507 DEBUG    [tempest_lib.common.rest_client] Request - Headers: {'Content-Type': 'application/json', 'Accept': 'application/json', 'X-Auth-Token': '&lt;omitted&gt;'}
        Body: {"network": {"tenant_id": "51fedc268f1641c6bcb85fe137e094d7", "name": "tempest-network-smoke--465883513"}}
    Response - Headers: {'status': '201', 'content-length': '328', 'connection': 'close', 'date': 'Thu, 10 Dec 2015 10:25:59 GMT', 'content-type': 'application/json; charset=UTF-8', 'x-openstack-request-id': 'req-ae9a73c8-018e-4f93-ac51-3b8e441d3c8b'}
        Body: {"network": {"status": "ACTIVE", "subnets": [], "availability_zone_hints": "[]", "name": "tempest-network-smoke--465883513", "admin_state_up": true, "tenant_id": "51fedc268f1641c6bcb85fe137e094d7", "mtu": 0, "router:external": false, "shared": false, "port_security_enabled": true, "id": "59095861-8e0a-4770-8f98-01c660eed709"}}
2015-12-10 10:25:59,459 24507 INFO     [tempest_lib.common.rest_client] Request (TestNetworkBasicOps:test_connectivity_between_vms_on_different_networks): 201 POST http://10.0.2.15:9696/v2.0/routers 0.086s
2015-12-10 10:25:59,459 24507 DEBUG    [tempest_lib.common.rest_client] Request - Headers: {'Content-Type': 'application/json', 'Accept': 'application/json', 'X-Auth-Token': '&lt;omitted&gt;'}
        Body: {"router": {"tenant_id": "51fedc268f1641c6bcb85fe137e094d7", "name": "tempest-router-smoke-1679296162", "admin_state_up": true}}
    Response - Headers: {'status': '201', 'content-length': '296', 'connection': 'close', 'date': 'Thu, 10 Dec 2015 10:25:59 GMT', 'content-type': 'application/json; charset=UTF-8', 'x-openstack-request-id': 'req-0c710e18-a3c3-4acd-a687-afcd06d02fc0'}
        Body: {"router": {"status": "ACTIVE", "external_gateway_info": null, "availability_zone_hints": [], "availability_zones": [], "name": "tempest-router-smoke-1679296162", "admin_state_up": true, "tenant_id": "51fedc268f1641c6bcb85fe137e094d7", "routes": [], "id": "88791f61-8891-4e6d-a56b-ce2095f0d3bf"}}
2015-12-10 10:25:59,513 24507 INFO     [tempest_lib.common.rest_client] Request (TestNetworkBasicOps:test_connectivity_between_vms_on_different_networks): 200 GET http://10.0.2.15:9696/v2.0/routers/88791f61-8891-4e6d-a56b-ce2095f0d3bf 0.052s
2015-12-10 10:25:59,513 24507 DEBUG    [tempest_lib.common.rest_client] Request - Headers: {'Content-Type': 'application/json', 'Accept': 'application/json', 'X-Auth-Token': '&lt;omitted&gt;'}
        Body: None
    Response - Headers: {'status': '200', 'content-length': '296', 'content-location': 'http://10.0.2.15:9696/v2.0/routers/88791f61-8891-4e6d-a56b-ce2095f0d3bf', 'connection': 'close', 'date': 'Thu, 10 Dec 2015 10:25:59 GMT', 'content-type': 'application/json; charset=UTF-8', 'x-openstack-request-id': 'req-870d9841-d026-478e-a911-588d695d2e2f'}
        Body: {"router": {"status": "ACTIVE", "external_gateway_info": null, "availability_zone_hints": [], "availability_zones": [], "name": "tempest-router-smoke-1679296162", "admin_state_up": true, "tenant_id": "51fedc268f1641c6bcb85fe137e094d7", "routes": [], "id": "88791f61-8891-4e6d-a56b-ce2095f0d3bf"}}
2015-12-10 10:26:00,217 24507 INFO     [tempest_lib.common.rest_client] Request (TestNetworkBasicOps:test_connectivity_between_vms_on_different_networks): 200 PUT http://10.0.2.15:9696/v2.0/routers/88791f61-8891-4e6d-a56b-ce2095f0d3bf 0.702s
2015-12-10 10:26:00,217 24507 DEBUG    [tempest_lib.common.rest_client] Request - Headers: {'Content-Type': 'application/json', 'Accept': 'application/json', 'X-Auth-Token': '&lt;omitted&gt;'}
        Body: {"router": {"external_gateway_info": {"network_id": "3597e911-3878-409a-bbf9-a1c9de30d2ce"}, "name": "tempest-router-smoke-1679296162", "admin_state_up": true}}
    Response - Headers: {'status': '200', 'content-length': '558', 'connection': 'close', 'date': 'Thu, 10 Dec 2015 10:26:00 GMT', 'content-type': 'application/json; charset=UTF-8', 'x-openstack-request-id': 'req-dff33ae0-7365-43d6-a085-0222db8e5a39'}
        Body: {"router": {"status": "ACTIVE", "external_gateway_info": {"network_id": "3597e911-3878-409a-bbf9-a1c9de30d2ce", "enable_snat": true, "external_fixed_ips": [{"subnet_id": "f86e0ffe-5179-4fa9-b271-87cb5a954abc", "ip_address": "172.24.4.3"}, {"subnet_id": "851ac7f1-e0ad-4364-a61a-47bf25827ca9", "ip_address": "2001:db8::4"}]}, "availability_zone_hints": [], "availability_zones": [], "name": "tempest-router-smoke-1679296162", "admin_state_up": true, "tenant_id": "51fedc268f1641c6bcb85fe137e094d7", "routes": [], "id": "88791f61-8891-4e6d-a56b-ce2095f0d3bf"}}
2015-12-10 10:26:00,362 24507 INFO     [tempest_lib.common.rest_client] Request (TestNetworkBasicOps:test_connectivity_between_vms_on_different_networks): 200 GET http://10.0.2.15:9696/v2.0/subnets?tenant_id=51fedc268f1641c6bcb85fe137e094d7&amp;cidr=10.100.0.0%2F28 0.144s
2015-12-10 10:26:00,363 24507 DEBUG    [tempest_lib.common.rest_client] Request - Headers: {'Content-Type': 'application/json', 'Accept': 'application/json', 'X-Auth-Token': '&lt;omitted&gt;'}
        Body: None
    Response - Headers: {'status': '200', 'content-length': '15', 'content-location': 'http://10.0.2.15:9696/v2.0/subnets?tenant_id=51fedc268f1641c6bcb85fe137e094d7&amp;cidr=10.100.0.0%2F28', 'connection': 'close', 'date': 'Thu, 10 Dec 2015 10:26:00 GMT', 'content-type': 'application/json; charset=UTF-8', 'x-openstack-request-id': 'req-1551f6a3-cf50-47c7-aa1c-19468a7e10d8'}
        Body: {"subnets": []}
2015-12-10 10:26:00,734 24507 INFO     [tempest_lib.common.rest_client] Request (TestNetworkBasicOps:test_connectivity_between_vms_on_different_networks): 201 POST http://10.0.2.15:9696/v2.0/subnets 0.371s
2015-12-10 10:26:00,735 24507 DEBUG    [tempest_lib.common.rest_client] Request - Headers: {'Content-Type': 'application/json', 'Accept': 'application/json', 'X-Auth-Token': '&lt;omitted&gt;'}
        Body: {"subnet": {"ip_version": 4, "tenant_id": "51fedc268f1641c6bcb85fe137e094d7", "cidr": "10.100.0.0/28", "network_id": "59095861-8e0a-4770-8f98-01c660eed709", "name": "tempest-subnet-smoke-1178011938"}}
    Response - Headers: {'status': '201', 'content-length': '478', 'connection': 'close', 'date': 'Thu, 10 Dec 2015 10:26:00 GMT', 'content-type': 'application/json; charset=UTF-8', 'x-openstack-request-id': 'req-8c3f7715-6979-43b5-8115-1fcaa6a7d76b'}
        Body: {"subnet": {"name": "tempest-subnet-smoke-1178011938", "enable_dhcp": true, "network_id": "59095861-8e0a-4770-8f98-01c660eed709", "tenant_id": "51fedc268f1641c6bcb85fe137e094d7", "dns_nameservers": [], "gateway_ip": "10.100.0.1", "ipv6_ra_mode": null, "allocation_pools": [{"start": "10.100.0.2", "end": "10.100.0.14"}], "host_routes": [], "ip_version": 4, "ipv6_address_mode": null, "cidr": "10.100.0.0/28", "id": "acb2c977-7c29-4497-8a82-fc707bf3df5b", "subnetpool_id": null}}
2015-12-10 10:26:01,307 24507 INFO     [tempest_lib.common.rest_client] Request (TestNetworkBasicOps:test_connectivity_between_vms_on_different_networks): 200 PUT http://10.0.2.15:9696/v2.0/routers/88791f61-8891-4e6d-a56b-ce2095f0d3bf/add_router_interface 0.569s
2015-12-10 10:26:01,307 24507 DEBUG    [tempest_lib.common.rest_client] Request - Headers: {'Content-Type': 'application/json', 'Accept': 'application/json', 'X-Auth-Token': '&lt;omitted&gt;'}
        Body: {"subnet_id": "acb2c977-7c29-4497-8a82-fc707bf3df5b"}
    Response - Headers: {'status': '200', 'content-length': '255', 'connection': 'close', 'date': 'Thu, 10 Dec 2015 10:26:01 GMT', 'content-type': 'application/json; charset=UTF-8', 'x-openstack-request-id': 'req-13b75dee-e622-466c-bf6e-a30726bcb6e4'}
        Body: {"subnet_id": "acb2c977-7c29-4497-8a82-fc707bf3df5b", "tenant_id": "51fedc268f1641c6bcb85fe137e094d7", "subnet_ids": ["acb2c977-7c29-4497-8a82-fc707bf3df5b"], "port_id": "8ee5b8ec-fe37-4cfc-b2b9-827c9c6c43e3", "id": "88791f61-8891-4e6d-a56b-ce2095f0d3bf"}
2015-12-10 10:26:01,494 24507 INFO     [tempest_lib.common.rest_client] Request (TestNetworkBasicOps:test_connectivity_between_vms_on_different_networks): 200 GET http://10.0.2.15:9696/v2.0/networks 0.185s
2015-12-10 10:26:01,494 24507 DEBUG    [tempest_lib.common.rest_client] Request - Headers: {'Content-Type': 'application/json', 'Accept': 'application/json', 'X-Auth-Token': '&lt;omitted&gt;'}
        Body: None
    Response - Headers: {'status': '200', 'content-length': '1506', 'content-location': 'http://10.0.2.15:9696/v2.0/networks', 'connection': 'close', 'date': 'Thu, 10 Dec 2015 10:26:01 GMT', 'content-type': 'application/json; charset=UTF-8', 'x-openstack-request-id': 'req-f3385dc3-2d7d-4611-979e-02076e45560e'}
        Body: {"networks": [{"status": "ACTIVE", "subnets": ["6f1fe2b8-ac4f-49b8-b7c8-b47c1f6cd824", "6ad6d660-8439-49b4-a666-505e83a4fbbb"], "availability_zone_hints": [], "availability_zones": ["nova"], "name": "private", "provider:physical_network": null, "admin_state_up": true, "tenant_id": "be3174ee3ebd4d1aa476c12e074d3402", "mtu": 0, "router:external": false, "shared": false, "port_security_enabled": true, "provider:network_type": "vxlan", "id": "88917b98-5e4d-40dd-b7f2-9f6738851b4d", "provider:segmentation_id": 1003}, {"status": "ACTIVE", "subnets": ["851ac7f1-e0ad-4364-a61a-47bf25827ca9", "f86e0ffe-5179-4fa9-b271-87cb5a954abc"], "availability_zone_hints": [], "availability_zones": ["nova"], "name": "public", "provider:physical_network": null, "admin_state_up": true, "tenant_id": "13a3777b0b2c469e9579351fbf73ff72", "mtu": 0, "router:external": true, "shared": false, "port_security_enabled": true, "provider:network_type": "vxlan", "id": "3597e911-3878-409a-bbf9-a1c9de30d2ce", "provider:segmentation_id": 1077}, {"status": "ACTIVE", "subnets": ["acb2c977-7c29-4497-8a82-fc707bf3df5b"], "availability_zone_hints": [], "availability_zones": ["nova"], "name": "tempest-network-smoke--465883513", "provider:physical_network": null, "admin_state_up": true, "tenant_id": "51fedc268f1641c6bcb85fe137e094d7", "mtu": 0, "router:external": false, "shared": false, "port_security_enabled": true, "provider:network_type": "vxlan", "id": "59095861-8e0a-4770-8f98-01c660eed709", "provider:segmentation_id": 1083}]}
2015-12-10 10:26:01,677 24507 INFO     [tempest_lib.common.rest_client] Request (TestNetworkBasicOps:test_connectivity_between_vms_on_different_networks): 200 GET http://10.0.2.15:9696/v2.0/subnets 0.181s
2015-12-10 10:26:01,677 24507 DEBUG    [tempest_lib.common.rest_client] Request - Headers: {'Content-Type': 'application/json', 'Accept': 'application/json', 'X-Auth-Token': '&lt;omitted&gt;'}
        Body: None
    Response - Headers: {'status': '200', 'content-length': '2408', 'content-location': 'http://10.0.2.15:9696/v2.0/subnets', 'connection': 'close', 'date': 'Thu, 10 Dec 2015 10:26:01 GMT', 'content-type': 'application/json; charset=UTF-8', 'x-openstack-request-id': 'req-fa3e6497-47af-44cc-81b0-787541f93b04'}
        Body: {"subnets": [{"name": "private-subnet", "enable_dhcp": true, "network_id": "88917b98-5e4d-40dd-b7f2-9f6738851b4d", "tenant_id": "be3174ee3ebd4d1aa476c12e074d3402", "dns_nameservers": [], "gateway_ip": "10.0.0.1", "ipv6_ra_mode": null, "allocation_pools": [{"start": "10.0.0.2", "end": "10.0.0.254"}], "host_routes": [], "ip_version": 4, "ipv6_address_mode": null, "cidr": "10.0.0.0/24", "id": "6f1fe2b8-ac4f-49b8-b7c8-b47c1f6cd824", "subnetpool_id": null}, {"name": "ipv6-public-subnet", "enable_dhcp": false, "network_id": "3597e911-3878-409a-bbf9-a1c9de30d2ce", "tenant_id": "13a3777b0b2c469e9579351fbf73ff72", "dns_nameservers": [], "gateway_ip": "2001:db8::2", "ipv6_ra_mode": null, "allocation_pools": [{"start": "2001:db8::3", "end": "2001:db8::ffff:ffff:ffff:ffff"}, {"start": "2001:db8::1", "end": "2001:db8::1"}], "host_routes": [], "ip_version": 6, "ipv6_address_mode": null, "cidr": "2001:db8::/64", "id": "851ac7f1-e0ad-4364-a61a-47bf25827ca9", "subnetpool_id": null}, {"name": "tempest-subnet-smoke-1178011938", "enable_dhcp": true, "network_id": "59095861-8e0a-4770-8f98-01c660eed709", "tenant_id": "51fedc268f1641c6bcb85fe137e094d7", "dns_nameservers": [], "gateway_ip": "10.100.0.1", "ipv6_ra_mode": null, "allocation_pools": [{"start": "10.100.0.2", "end": "10.100.0.14"}], "host_routes": [], "ip_version": 4, "ipv6_address_mode": null, "cidr": "10.100.0.0/28", "id": "acb2c977-7c29-4497-8a82-fc707bf3df5b", "subnetpool_id": null}, {"name": "ipv6-private-subnet", "enable_dhcp": true, "network_id": "88917b98-5e4d-40dd-b7f2-9f6738851b4d", "tenant_id": "be3174ee3ebd4d1aa476c12e074d3402", "dns_nameservers": [], "gateway_ip": "fdab:e3eb:e80e::1", "ipv6_ra_mode": "slaac", "allocation_pools": [{"start": "fdab:e3eb:e80e::2", "end": "fdab:e3eb:e80e:0:ffff:ffff:ffff:ffff"}], "host_routes": [], "ip_version": 6, "ipv6_address_mode": "slaac", "cidr": "fdab:e3eb:e80e::/64", "id": "6ad6d660-8439-49b4-a666-505e83a4fbbb", "subnetpool_id": null}, {"name": "public-subnet", "enable_dhcp": false, "network_id": "3597e911-3878-409a-bbf9-a1c9de30d2ce", "tenant_id": "13a3777b0b2c469e9579351fbf73ff72", "dns_nameservers": [], "gateway_ip": "172.24.4.1", "ipv6_ra_mode": null, "allocation_pools": [{"start": "172.24.4.2", "end": "172.24.4.254"}], "host_routes": [], "ip_version": 4, "ipv6_address_mode": null, "cidr": "172.24.4.0/24", "id": "f86e0ffe-5179-4fa9-b271-87cb5a954abc", "subnetpool_id": null}]}
2015-12-10 10:26:01,735 24507 INFO     [tempest_lib.common.rest_client] Request (TestNetworkBasicOps:test_connectivity_between_vms_on_different_networks): 200 GET http://10.0.2.15:9696/v2.0/routers 0.057s
2015-12-10 10:26:01,736 24507 DEBUG    [tempest_lib.common.rest_client] Request - Headers: {'Content-Type': 'application/json', 'Accept': 'application/json', 'X-Auth-Token': '&lt;omitted&gt;'}
        Body: None
    Response - Headers: {'status': '200', 'content-length': '1167', 'content-location': 'http://10.0.2.15:9696/v2.0/routers', 'connection': 'close', 'date': 'Thu, 10 Dec 2015 10:26:01 GMT', 'content-type': 'application/json; charset=UTF-8', 'x-openstack-request-id': 'req-b44520d3-b975-49e4-95c2-8417e2eb4d29'}
        Body: {"routers": [{"status": "ACTIVE", "external_gateway_info": {"network_id": "3597e911-3878-409a-bbf9-a1c9de30d2ce", "enable_snat": true, "external_fixed_ips": [{"subnet_id": "f86e0ffe-5179-4fa9-b271-87cb5a954abc", "ip_address": "172.24.4.2"}, {"subnet_id": "851ac7f1-e0ad-4364-a61a-47bf25827ca9", "ip_address": "2001:db8::3"}]}, "availability_zone_hints": [], "availability_zones": ["nova"], "name": "router1", "admin_state_up": true, "tenant_id": "be3174ee3ebd4d1aa476c12e074d3402", "distributed": false, "routes": [], "ha": false, "id": "1e54cd13-a82a-40bf-84c6-cbed45a25c90"}, {"status": "ACTIVE", "external_gateway_info": {"network_id": "3597e911-3878-409a-bbf9-a1c9de30d2ce", "enable_snat": true, "external_fixed_ips": [{"subnet_id": "f86e0ffe-5179-4fa9-b271-87cb5a954abc", "ip_address": "172.24.4.3"}, {"subnet_id": "851ac7f1-e0ad-4364-a61a-47bf25827ca9", "ip_address": "2001:db8::4"}]}, "availability_zone_hints": [], "availability_zones": ["nova"], "name": "tempest-router-smoke-1679296162", "admin_state_up": true, "tenant_id": "51fedc268f1641c6bcb85fe137e094d7", "distributed": false, "routes": [], "ha": false, "id": "88791f61-8891-4e6d-a56b-ce2095f0d3bf"}]}
2015-12-10 10:26:02,379 24507 INFO     [tempest_lib.common.rest_client] Request (TestNetworkBasicOps:test_connectivity_between_vms_on_different_networks): 200 POST http://10.0.2.15:8774/v2.1/51fedc268f1641c6bcb85fe137e094d7/os-keypairs 0.641s
2015-12-10 10:26:02,379 24507 DEBUG    [tempest_lib.common.rest_client] Request - Headers: {'Content-Type': 'application/json', 'Accept': 'application/json', 'X-Auth-Token': '&lt;omitted&gt;'}
        Body: {"keypair": {"name": "tempest-TestNetworkBasicOps-2058411212"}}
    Response - Headers: {'status': '200', 'content-length': '2321', 'x-compute-request-id': 'req-e29fe366-778f-4fc7-8966-3f01c83aaa2f', 'vary': 'X-OpenStack-Nova-API-Version', 'connection': 'close', 'x-openstack-nova-api-version': '2.1', 'date': 'Thu, 10 Dec 2015 10:26:02 GMT', 'content-type': 'application/json'}
        Body: {"keypair": {"public_key": "ssh-rsa AAAAB3NzaC1yc2EAAAADAQABAAABAQC37Z8DmRZvG9t4jBbz3qCI9qM2xVse8TKE9pssXkmjNCdLj8nyWlqhQoqdVTpcZH/AFSzdRQ4MTQbDnljRJB+HoEWfQsrDlyUa4TkwFDjU36eeGFVHk/BAfGKFErMdEwt88I3U0S60oFyVQqXlgO7oGiFBuCxZgJqiSxaRyIsVO58XctUS96SE0LEtw8GUWwBq18H2GPS48Qq6cyMflpiBjdZEJYUEvWEZnpY/XIFAltbgK/5x2YxiK6KkO+Hu2NpjzyAUAe78On/A8Zd2X3Lf4lg0jT3cduXdJgI+UFxQ4kr6hAhqdq0sfjyG6kMCQkQTSO4EwIVTpfcuNO7uM2td Generated-by-Nova", "private_key": "-----BEGIN RSA PRIVATE KEY-----\nMIIEqQIBAAKCAQEAt+2fA5kWbxvbeIwW896giPajNsVbHvEyhPabLF5JozQnS4/J\n8lpaoUKKnVU6XGR/wBUs3UUODE0Gw55Y0SQfh6BFn0LKw5clGuE5MBQ41N+nnhhV\nR5PwQHxihRKzHRMLfPCN1NEutKBclUKl5YDu6BohQbgsWYCaoksWkciLFTufF3LV\nEvekhNCxLcPBlFsAatfB9hj0uPEKunMjH5aYgY3WRCWFBL1hGZ6WP1yBQJbW4Cv+\ncdmMYiuipDvh7tjaY88gFAHu/Dp/wPGXdl9y3+JYNI093Hbl3SYCPlBcUOJK+oQI\nanatLH48hupDAkJEE0juBMCFU6X3LjTu7jNrXQIDAQABAoIBAQCapqk6vED5waGj\nVZ+DBGFVaJRJ3F3GwaXp2PUWtF0UZijYRxnVtpVX3Hxy2BPPVg14tBVaI9MxEp8q\nYn1ptQbx4hhIVj/pf7AKTu/n9kjm7PuiWfFy0viDMFMic1u5iabyMc3/8Ldl1ySh\nuD2HoQbAkCAAg1x/ETx0U9CxWb9gZKgx1481yBaHALJWgsWesFyhRjOVUhx7A0s0\nIwzSirE/Zev1kF+deUzFhW7CUPz2wTeyqADJ4AbFwrHyd087LcQQ1GSj4KOgRSSs\nrRt8CDNrNB/XBVlVW2hsddpUjsRcfj5qPbxPDNieJGAYdhsWqXGT65SYnPCWqwyY\nlq7lQe09AoIAgQDHvYSanx8TyZ17GjAmNhPq9WLtaHB0U3FF+nNEwdRNAJum+CG9\nXNBT6HFELWOJnakRhyfkNg8qYUrP5SX0SK4i2KVS5cMX3PpyalvBilwY0Wp75vRV\n/hD9iEfj9z1PPsVTbCsHgFPVz3OSCalCACYLPtpwtDpCK4u0Sm3ypzXnHwKCAIEA\n67v0m0pBqI3Jmqi3WtLhLL6gZeoFM8noOvBLdWdawyqm3NyegzsCLJ3EzjVfrpM4\njg0Cbr+OhmFMC/r8XoSnKNlQvBaDmUBaCk9hgFfgvBjUhxUH2PUd29g0S+ozxoxV\nXH67nDKD2DMg3wcqHxXe15p4rgJ3HwKtvxDTOq2ligMCggCAJhQdSZT4Sb9wBF3z\nu/UnSu3JFFWKysJ1n8+lVgBVxvBMvEIlvIILPVPc9BBrH3stFihcFIex0HSH3KZk\n2/NXL1F6AxnGXbBFFrbsEzObZyfVUxWukw5CkvL+MZma2Jaw67x9X4q5cNOBxt+M\nowaAOjibUE0rph3DHnXqDA6QmiUCggCAHptHtgXdIoJOQ6tWKw+oNsQFVVYeGMxF\nP6nFUlf5+88E3TYzynwV2y8cx108sBDjTeY4g6KRYbcuRXvv2mHExlP43ILb0UD+\nr8oAscY3IpTiuysq2qtwlgOrPpQI5uV/i8PUngIdBiwVP3/RozmWtk2TD5y4VKln\nX6BSnJLBJHsCggCBAJIvF40T+SlLePLJmCC3N0a/szSRk8GSV3GzaAlUj6sPbMZq\neAOj3EJjtzZd0oLvvb9pojJEBgXXQo4agDFl7UXRDGf7PfA6OJsWnUluN0rRpsp0\nVPY5Fv123JXlYQU8QWLK96Ys4sf40i1xLg5H3AotZxH07gigqD5cUKiODIO6\n-----END RSA PRIVATE KEY-----\n", "user_id": "18f00f169e094a1eb90c089e0a80ee9f", "name": "tempest-TestNetworkBasicOps-2058411212", "fingerprint": "fe:20:83:7b:f6:1a:5b:17:b4:5e:2f:3b:4f:80:68:7c"}}
2015-12-10 10:26:02,474 24507 INFO     [tempest_lib.common.rest_client] Request (TestNetworkBasicOps:test_connectivity_between_vms_on_different_networks): 200 POST http://10.0.2.15:5000/v2.0/tokens
2015-12-10 10:26:02,474 24507 DEBUG    [tempest_lib.common.rest_client] Request - Headers: {'Content-Type': 'application/json', 'Accept': 'application/json'}
        Body: &lt;omitted&gt;
    Response - Headers: {'status': '200', 'content-length': '2528', 'vary': 'X-Auth-Token', 'server': 'Apache/2.4.7 (Ubuntu)', 'connection': 'close', 'date': 'Thu, 10 Dec 2015 10:26:02 GMT', 'content-type': 'application/json', 'x-openstack-request-id': 'req-92f693cf-7676-4366-93e7-f8a0b97b871f'}
        Body: {"access": {"token": {"issued_at": "2015-12-10T10:26:02.465005", "expires": "2015-12-10T11:26:02Z", "id": "e153d4ff0cbc4827b8366ac3edb11557", "tenant": {"description": "tempest-TestNetworkBasicOps-1731779498-desc", "enabled": true, "id": "51fedc268f1641c6bcb85fe137e094d7", "name": "tempest-TestNetworkBasicOps-1731779498"}, "audit_ids": ["rCSWpjTPQr-6Iz35_oyH5Q"]}, "serviceCatalog": [{"endpoints": [{"adminURL": "http://10.0.2.15:8774/v2.1/51fedc268f1641c6bcb85fe137e094d7", "region": "RegionOne", "internalURL": "http://10.0.2.15:8774/v2.1/51fedc268f1641c6bcb85fe137e094d7", "id": "0f6a45e7bf69474bb68e082ed47fa987", "publicURL": "http://10.0.2.15:8774/v2.1/51fedc268f1641c6bcb85fe137e094d7"}], "endpoints_links": [], "type": "compute", "name": "nova"}, {"endpoints": [{"adminURL": "http://10.0.2.15:9696/", "region": "RegionOne", "internalURL": "http://10.0.2.15:9696/", "id": "5f40f89df121418094831beebff9d991", "publicURL": "http://10.0.2.15:9696/"}], "endpoints_links": [], "type": "network", "name": "neutron"}, {"endpoints": [{"adminURL": "http://10.0.2.15:9292", "region": "RegionOne", "internalURL": "http://10.0.2.15:9292", "id": "1167f41254b642258bc340fe989613d3", "publicURL": "http://10.0.2.15:9292"}], "endpoints_links": [], "type": "image", "name": "glance"}, {"endpoints": [{"adminURL": "http://10.0.2.15:8774/v2/51fedc268f1641c6bcb85fe137e094d7", "region": "RegionOne", "internalURL": "http://10.0.2.15:8774/v2/51fedc268f1641c6bcb85fe137e094d7", "id": "2ddd03f9781246ac958e55ba4309e0b8", "publicURL": "http://10.0.2.15:8774/v2/51fedc268f1641c6bcb85fe137e094d7"}], "endpoints_links": [], "type": "compute_legacy", "name": "nova_legacy"}, {"endpoints": [{"adminURL": "http://10.0.2.15:8773/", "region": "RegionOne", "internalURL": "http://10.0.2.15:8773/", "id": "303b9f25565142d795433cfdca0975b2", "publicURL": "http://10.0.2.15:8773/"}], "endpoints_links": [], "type": "ec2", "name": "ec2"}, {"endpoints": [{"adminURL": "http://10.0.2.15:35357/v2.0", "region": "RegionOne", "internalURL": "http://10.0.2.15:5000/v2.0", "id": "4505a5fbc8984b11a76d3418785d00cb", "publicURL": "http://10.0.2.15:5000/v2.0"}], "endpoints_links": [], "type": "identity", "name": "keystone"}], "user": {"username": "tempest-TestNetworkBasicOps-820598765", "roles_links": [], "id": "18f00f169e094a1eb90c089e0a80ee9f", "roles": [{"name": "_member_"}, {"name": "Member"}], "name": "tempest-TestNetworkBasicOps-820598765"}, "metadata": {"is_admin": 0, "roles": ["9fe2ff9ee4384b1894a90878d3e92bab", "417f58fea18a4872a4a003292e5f95ac"]}}}
2015-12-10 10:26:02,478 24507 DEBUG    [tempest.common.fixed_network] (TestNetworkBasicOps:test_connectivity_between_vms_on_different_networks) No valid network provided or created, defaulting to fixed_network_name
2015-12-10 10:26:02,742 24507 INFO     [tempest_lib.common.rest_client] Request (TestNetworkBasicOps:test_connectivity_between_vms_on_different_networks): 200 GET http://10.0.2.15:8774/v2.1/51fedc268f1641c6bcb85fe137e094d7/os-networks 0.264s
2015-12-10 10:26:02,743 24507 DEBUG    [tempest_lib.common.rest_client] Request - Headers: {'Content-Type': 'application/json', 'Accept': 'application/json', 'X-Auth-Token': '&lt;omitted&gt;'}
        Body: None
    Response - Headers: {'status': '200', 'content-length': '478', 'content-location': 'http://10.0.2.15:8774/v2.1/51fedc268f1641c6bcb85fe137e094d7/os-networks', 'x-compute-request-id': 'req-8e72b29d-3f70-497a-a074-6329144b02dd', 'vary': 'X-OpenStack-Nova-API-Version', 'connection': 'close', 'x-openstack-nova-api-version': '2.1', 'date': 'Thu, 10 Dec 2015 10:26:02 GMT', 'content-type': 'application/json'}
        Body: {"networks": [{"cidr_v6": null, "dns2": null, "dns1": null, "gateway": null, "broadcast": null, "netmask": null, "gateway_v6": null, "cidr": null, "label": "public", "id": "3597e911-3878-409a-bbf9-a1c9de30d2ce", "netmask_v6": null}, {"cidr_v6": null, "dns2": null, "dns1": null, "gateway": null, "broadcast": null, "netmask": null, "gateway_v6": null, "cidr": null, "label": "tempest-network-smoke--465883513", "id": "59095861-8e0a-4770-8f98-01c660eed709", "netmask_v6": null}]}
2015-12-10 10:26:02,743 24507 WARNING  [tempest.common.fixed_network] (TestNetworkBasicOps:test_connectivity_between_vms_on_different_networks) Network with name: private not found
2015-12-10 10:26:02,743 24507 INFO     [tempest.common.fixed_network] (TestNetworkBasicOps:test_connectivity_between_vms_on_different_networks) Found network {} available for tenant
2015-12-10 10:26:03,743 24507 INFO     [tempest_lib.common.rest_client] Request (TestNetworkBasicOps:test_connectivity_between_vms_on_different_networks): 202 POST http://10.0.2.15:8774/v2.1/51fedc268f1641c6bcb85fe137e094d7/servers 0.999s
2015-12-10 10:26:03,744 24507 DEBUG    [tempest_lib.common.rest_client] Request - Headers: {'Content-Type': 'application/json', 'Accept': 'application/json', 'X-Auth-Token': '&lt;omitted&gt;'}
        Body: {"server": {"name": "tempest.common.compute-instance-552035111", "imageRef": "61f6d9de-cfb9-4891-b4cf-1c183a219ef9", "key_name": "tempest-TestNetworkBasicOps-2058411212", "flavorRef": "42", "networks": [{"uuid": "59095861-8e0a-4770-8f98-01c660eed709"}], "security_groups": [{"name": "tempest-secgroup-smoke-1302925074"}]}}
    Response - Headers: {'status': '202', 'content-length': '462', 'x-compute-request-id': 'req-d4f62bf9-98b8-4307-a6b5-0a2da500055c', 'vary': 'X-OpenStack-Nova-API-Version', 'connection': 'close', 'location': 'http://10.0.2.15:8774/v2.1/51fedc268f1641c6bcb85fe137e094d7/servers/ee099523-2730-4125-8db9-359e54332cbc', 'x-openstack-nova-api-version': '2.1', 'date': 'Thu, 10 Dec 2015 10:26:03 GMT', 'content-type': 'application/json'}
        Body: {"server": {"security_groups": [{"name": "tempest-secgroup-smoke-1302925074"}], "OS-DCF:diskConfig": "MANUAL", "id": "ee099523-2730-4125-8db9-359e54332cbc", "links": [{"href": "http://10.0.2.15:8774/v2.1/51fedc268f1641c6bcb85fe137e094d7/servers/ee099523-2730-4125-8db9-359e54332cbc", "rel": "self"}, {"href": "http://10.0.2.15:8774/51fedc268f1641c6bcb85fe137e094d7/servers/ee099523-2730-4125-8db9-359e54332cbc", "rel": "bookmark"}], "adminPass": "4A7woKBcpmaB"}}
2015-12-10 10:26:03,876 24507 INFO     [tempest_lib.common.rest_client] Request (TestNetworkBasicOps:test_connectivity_between_vms_on_different_networks): 200 GET http://10.0.2.15:8774/v2.1/51fedc268f1641c6bcb85fe137e094d7/servers/ee099523-2730-4125-8db9-359e54332cbc 0.129s
2015-12-10 10:26:03,876 24507 DEBUG    [tempest_lib.common.rest_client] Request - Headers: {'Content-Type': 'application/json', 'Accept': 'application/json', 'X-Auth-Token': '&lt;omitted&gt;'}
        Body: None
    Response - Headers: {'status': '200', 'content-length': '1355', 'content-location': 'http://10.0.2.15:8774/v2.1/51fedc268f1641c6bcb85fe137e094d7/servers/ee099523-2730-4125-8db9-359e54332cbc', 'x-compute-request-id': 'req-981e6890-9a55-4eb0-8bc2-1d9eee2e494b', 'vary': 'X-OpenStack-Nova-API-Version', 'connection': 'close', 'x-openstack-nova-api-version': '2.1', 'date': 'Thu, 10 Dec 2015 10:26:03 GMT', 'content-type': 'application/json'}
        Body: {"server": {"status": "BUILD", "updated": "2015-12-10T10:26:03Z", "hostId": "", "addresses": {}, "links": [{"href": "http://10.0.2.15:8774/v2.1/51fedc268f1641c6bcb85fe137e094d7/servers/ee099523-2730-4125-8db9-359e54332cbc", "rel": "self"}, {"href": "http://10.0.2.15:8774/51fedc268f1641c6bcb85fe137e094d7/servers/ee099523-2730-4125-8db9-359e54332cbc", "rel": "bookmark"}], "key_name": "tempest-TestNetworkBasicOps-2058411212", "image": {"id": "61f6d9de-cfb9-4891-b4cf-1c183a219ef9", "links": [{"href": "http://10.0.2.15:8774/51fedc268f1641c6bcb85fe137e094d7/images/61f6d9de-cfb9-4891-b4cf-1c183a219ef9", "rel": "bookmark"}]}, "OS-EXT-STS:task_state": "scheduling", "OS-EXT-STS:vm_state": "building", "OS-SRV-USG:launched_at": null, "flavor": {"id": "42", "links": [{"href": "http://10.0.2.15:8774/51fedc268f1641c6bcb85fe137e094d7/flavors/42", "rel": "bookmark"}]}, "id": "ee099523-2730-4125-8db9-359e54332cbc", "OS-SRV-USG:terminated_at": null, "OS-EXT-AZ:availability_zone": "", "user_id": "18f00f169e094a1eb90c089e0a80ee9f", "name": "tempest.common.compute-instance-552035111", "created": "2015-12-10T10:26:03Z", "tenant_id": "51fedc268f1641c6bcb85fe137e094d7", "OS-DCF:diskConfig": "MANUAL", "os-extended-volumes:volumes_attached": [], "accessIPv4": "", "accessIPv6": "", "progress": 0, "OS-EXT-STS:power_state": 0, "config_drive": "", "metadata": {}}}
2015-12-10 10:26:05,204 24507 INFO     [tempest_lib.common.rest_client] Request (TestNetworkBasicOps:test_connectivity_between_vms_on_different_networks): 200 GET http://10.0.2.15:8774/v2.1/51fedc268f1641c6bcb85fe137e094d7/servers/ee099523-2730-4125-8db9-359e54332cbc 0.317s
2015-12-10 10:26:05,204 24507 DEBUG    [tempest_lib.common.rest_client] Request - Headers: {'Content-Type': 'application/json', 'Accept': 'application/json', 'X-Auth-Token': '&lt;omitted&gt;'}
        Body: None
    Response - Headers: {'status': '200', 'content-length': '1481', 'content-location': 'http://10.0.2.15:8774/v2.1/51fedc268f1641c6bcb85fe137e094d7/servers/ee099523-2730-4125-8db9-359e54332cbc', 'x-compute-request-id': 'req-59c2b071-33cb-41e0-a7b5-e0c8a769a386', 'vary': 'X-OpenStack-Nova-API-Version', 'connection': 'close', 'x-openstack-nova-api-version': '2.1', 'date': 'Thu, 10 Dec 2015 10:26:05 GMT', 'content-type': 'application/json'}
        Body: {"server": {"status": "BUILD", "updated": "2015-12-10T10:26:04Z", "hostId": "a9f8c3843e3800e8b04420fdb4b0591d516f6307559f0ce3aa61f87a", "addresses": {}, "links": [{"href": "http://10.0.2.15:8774/v2.1/51fedc268f1641c6bcb85fe137e094d7/servers/ee099523-2730-4125-8db9-359e54332cbc", "rel": "self"}, {"href": "http://10.0.2.15:8774/51fedc268f1641c6bcb85fe137e094d7/servers/ee099523-2730-4125-8db9-359e54332cbc", "rel": "bookmark"}], "key_name": "tempest-TestNetworkBasicOps-2058411212", "image": {"id": "61f6d9de-cfb9-4891-b4cf-1c183a219ef9", "links": [{"href": "http://10.0.2.15:8774/51fedc268f1641c6bcb85fe137e094d7/images/61f6d9de-cfb9-4891-b4cf-1c183a219ef9", "rel": "bookmark"}]}, "OS-EXT-STS:task_state": "spawning", "OS-EXT-STS:vm_state": "building", "OS-SRV-USG:launched_at": null, "flavor": {"id": "42", "links": [{"href": "http://10.0.2.15:8774/51fedc268f1641c6bcb85fe137e094d7/flavors/42", "rel": "bookmark"}]}, "id": "ee099523-2730-4125-8db9-359e54332cbc", "security_groups": [{"name": "tempest-secgroup-smoke-1302925074"}], "OS-SRV-USG:terminated_at": null, "OS-EXT-AZ:availability_zone": "nova", "user_id": "18f00f169e094a1eb90c089e0a80ee9f", "name": "tempest.common.compute-instance-552035111", "created": "2015-12-10T10:26:03Z", "tenant_id": "51fedc268f1641c6bcb85fe137e094d7", "OS-DCF:diskConfig": "MANUAL", "os-extended-volumes:volumes_attached": [], "accessIPv4": "", "accessIPv6": "", "progress": 0, "OS-EXT-STS:power_state": 0, "config_drive": "", "metadata": {}}}
2015-12-10 10:26:05,212 24507 INFO     [tempest.common.waiters] State transition "BUILD/scheduling" ==&gt; "BUILD/spawning" after 2 second wait
2015-12-10 10:26:06,589 24507 INFO     [tempest_lib.common.rest_client] Request (TestNetworkBasicOps:test_connectivity_between_vms_on_different_networks): 200 GET http://10.0.2.15:8774/v2.1/51fedc268f1641c6bcb85fe137e094d7/servers/ee099523-2730-4125-8db9-359e54332cbc 0.375s
2015-12-10 10:26:06,589 24507 DEBUG    [tempest_lib.common.rest_client] Request - Headers: {'Content-Type': 'application/json', 'Accept': 'application/json', 'X-Auth-Token': '&lt;omitted&gt;'}
        Body: None
    Response - Headers: {'status': '200', 'content-length': '1481', 'content-location': 'http://10.0.2.15:8774/v2.1/51fedc268f1641c6bcb85fe137e094d7/servers/ee099523-2730-4125-8db9-359e54332cbc', 'x-compute-request-id': 'req-0ca0ca0e-a80d-45b2-b82c-e86fca5ca706', 'vary': 'X-OpenStack-Nova-API-Version', 'connection': 'close', 'x-openstack-nova-api-version': '2.1', 'date': 'Thu, 10 Dec 2015 10:26:06 GMT', 'content-type': 'application/json'}
        Body: {"server": {"status": "BUILD", "updated": "2015-12-10T10:26:04Z", "hostId": "a9f8c3843e3800e8b04420fdb4b0591d516f6307559f0ce3aa61f87a", "addresses": {}, "links": [{"href": "http://10.0.2.15:8774/v2.1/51fedc268f1641c6bcb85fe137e094d7/servers/ee099523-2730-4125-8db9-359e54332cbc", "rel": "self"}, {"href": "http://10.0.2.15:8774/51fedc268f1641c6bcb85fe137e094d7/servers/ee099523-2730-4125-8db9-359e54332cbc", "rel": "bookmark"}], "key_name": "tempest-TestNetworkBasicOps-2058411212", "image": {"id": "61f6d9de-cfb9-4891-b4cf-1c183a219ef9", "links": [{"href": "http://10.0.2.15:8774/51fedc268f1641c6bcb85fe137e094d7/images/61f6d9de-cfb9-4891-b4cf-1c183a219ef9", "rel": "bookmark"}]}, "OS-EXT-STS:task_state": "spawning", "OS-EXT-STS:vm_state": "building", "OS-SRV-USG:launched_at": null, "flavor": {"id": "42", "links": [{"href": "http://10.0.2.15:8774/51fedc268f1641c6bcb85fe137e094d7/flavors/42", "rel": "bookmark"}]}, "id": "ee099523-2730-4125-8db9-359e54332cbc", "security_groups": [{"name": "tempest-secgroup-smoke-1302925074"}], "OS-SRV-USG:terminated_at": null, "OS-EXT-AZ:availability_zone": "nova", "user_id": "18f00f169e094a1eb90c089e0a80ee9f", "name": "tempest.common.compute-instance-552035111", "created": "2015-12-10T10:26:03Z", "tenant_id": "51fedc268f1641c6bcb85fe137e094d7", "OS-DCF:diskConfig": "MANUAL", "os-extended-volumes:volumes_attached": [], "accessIPv4": "", "accessIPv6": "", "progress": 0, "OS-EXT-STS:power_state": 0, "config_drive": "", "metadata": {}}}
2015-12-10 10:26:07,797 24507 INFO     [tempest_lib.common.rest_client] Request (TestNetworkBasicOps:test_connectivity_between_vms_on_different_networks): 200 GET http://10.0.2.15:8774/v2.1/51fedc268f1641c6bcb85fe137e094d7/servers/ee099523-2730-4125-8db9-359e54332cbc 0.197s
2015-12-10 10:26:07,798 24507 DEBUG    [tempest_lib.common.rest_client] Request - Headers: {'Content-Type': 'application/json', 'Accept': 'application/json', 'X-Auth-Token': '&lt;omitted&gt;'}
        Body: None
    Response - Headers: {'status': '200', 'content-length': '1652', 'content-location': 'http://10.0.2.15:8774/v2.1/51fedc268f1641c6bcb85fe137e094d7/servers/ee099523-2730-4125-8db9-359e54332cbc', 'x-compute-request-id': 'req-bca7ae2f-958f-4598-b2d0-ecb6f3d3e2af', 'vary': 'X-OpenStack-Nova-API-Version', 'connection': 'close', 'x-openstack-nova-api-version': '2.1', 'date': 'Thu, 10 Dec 2015 10:26:07 GMT', 'content-type': 'application/json'}
        Body: {"server": {"status": "ACTIVE", "updated": "2015-12-10T10:26:07Z", "hostId": "a9f8c3843e3800e8b04420fdb4b0591d516f6307559f0ce3aa61f87a", "addresses": {"tempest-network-smoke--465883513": [{"OS-EXT-IPS-MAC:mac_addr": "fa:16:3e:fa:0f:83", "version": 4, "addr": "10.100.0.3", "OS-EXT-IPS:type": "fixed"}]}, "links": [{"href": "http://10.0.2.15:8774/v2.1/51fedc268f1641c6bcb85fe137e094d7/servers/ee099523-2730-4125-8db9-359e54332cbc", "rel": "self"}, {"href": "http://10.0.2.15:8774/51fedc268f1641c6bcb85fe137e094d7/servers/ee099523-2730-4125-8db9-359e54332cbc", "rel": "bookmark"}], "key_name": "tempest-TestNetworkBasicOps-2058411212", "image": {"id": "61f6d9de-cfb9-4891-b4cf-1c183a219ef9", "links": [{"href": "http://10.0.2.15:8774/51fedc268f1641c6bcb85fe137e094d7/images/61f6d9de-cfb9-4891-b4cf-1c183a219ef9", "rel": "bookmark"}]}, "OS-EXT-STS:task_state": null, "OS-EXT-STS:vm_state": "active", "OS-SRV-USG:launched_at": "2015-12-10T10:26:07.000000", "flavor": {"id": "42", "links": [{"href": "http://10.0.2.15:8774/51fedc268f1641c6bcb85fe137e094d7/flavors/42", "rel": "bookmark"}]}, "id": "ee099523-2730-4125-8db9-359e54332cbc", "security_groups": [{"name": "tempest-secgroup-smoke-1302925074"}], "OS-SRV-USG:terminated_at": null, "OS-EXT-AZ:availability_zone": "nova", "user_id": "18f00f169e094a1eb90c089e0a80ee9f", "name": "tempest.common.compute-instance-552035111", "created": "2015-12-10T10:26:03Z", "tenant_id": "51fedc268f1641c6bcb85fe137e094d7", "OS-DCF:diskConfig": "MANUAL", "os-extended-volumes:volumes_attached": [], "accessIPv4": "", "accessIPv6": "", "progress": 0, "OS-EXT-STS:power_state": 1, "config_drive": "True", "metadata": {}}}
2015-12-10 10:26:07,808 24507 INFO     [tempest.common.waiters] State transition "BUILD/spawning" ==&gt; "ACTIVE/None" after 4 second wait
2015-12-10 10:26:08,016 24507 INFO     [tempest_lib.common.rest_client] Request (TestNetworkBasicOps:test_connectivity_between_vms_on_different_networks): 200 GET http://10.0.2.15:8774/v2.1/51fedc268f1641c6bcb85fe137e094d7/servers/ee099523-2730-4125-8db9-359e54332cbc 0.208s
2015-12-10 10:26:08,017 24507 DEBUG    [tempest_lib.common.rest_client] Request - Headers: {'Content-Type': 'application/json', 'Accept': 'application/json', 'X-Auth-Token': '&lt;omitted&gt;'}
        Body: None
    Response - Headers: {'status': '200', 'content-length': '1652', 'content-location': 'http://10.0.2.15:8774/v2.1/51fedc268f1641c6bcb85fe137e094d7/servers/ee099523-2730-4125-8db9-359e54332cbc', 'x-compute-request-id': 'req-4bdc546b-7dc2-462f-97e0-dc4e559662e0', 'vary': 'X-OpenStack-Nova-API-Version', 'connection': 'close', 'x-openstack-nova-api-version': '2.1', 'date': 'Thu, 10 Dec 2015 10:26:08 GMT', 'content-type': 'application/json'}
        Body: {"server": {"status": "ACTIVE", "updated": "2015-12-10T10:26:07Z", "hostId": "a9f8c3843e3800e8b04420fdb4b0591d516f6307559f0ce3aa61f87a", "addresses": {"tempest-network-smoke--465883513": [{"OS-EXT-IPS-MAC:mac_addr": "fa:16:3e:fa:0f:83", "version": 4, "addr": "10.100.0.3", "OS-EXT-IPS:type": "fixed"}]}, "links": [{"href": "http://10.0.2.15:8774/v2.1/51fedc268f1641c6bcb85fe137e094d7/servers/ee099523-2730-4125-8db9-359e54332cbc", "rel": "self"}, {"href": "http://10.0.2.15:8774/51fedc268f1641c6bcb85fe137e094d7/servers/ee099523-2730-4125-8db9-359e54332cbc", "rel": "bookmark"}], "key_name": "tempest-TestNetworkBasicOps-2058411212", "image": {"id": "61f6d9de-cfb9-4891-b4cf-1c183a219ef9", "links": [{"href": "http://10.0.2.15:8774/51fedc268f1641c6bcb85fe137e094d7/images/61f6d9de-cfb9-4891-b4cf-1c183a219ef9", "rel": "bookmark"}]}, "OS-EXT-STS:task_state": null, "OS-EXT-STS:vm_state": "active", "OS-SRV-USG:launched_at": "2015-12-10T10:26:07.000000", "flavor": {"id": "42", "links": [{"href": "http://10.0.2.15:8774/51fedc268f1641c6bcb85fe137e094d7/flavors/42", "rel": "bookmark"}]}, "id": "ee099523-2730-4125-8db9-359e54332cbc", "security_groups": [{"name": "tempest-secgroup-smoke-1302925074"}], "OS-SRV-USG:terminated_at": null, "OS-EXT-AZ:availability_zone": "nova", "user_id": "18f00f169e094a1eb90c089e0a80ee9f", "name": "tempest.common.compute-instance-552035111", "created": "2015-12-10T10:26:03Z", "tenant_id": "51fedc268f1641c6bcb85fe137e094d7", "OS-DCF:diskConfig": "MANUAL", "os-extended-volumes:volumes_attached": [], "accessIPv4": "", "accessIPv6": "", "progress": 0, "OS-EXT-STS:power_state": 1, "config_drive": "True", "metadata": {}}}
2015-12-10 10:26:08,026 24507 INFO     [tempest.scenario.manager] Tenant networks not configured to be reachable.
2015-12-10 10:26:08,061 24507 INFO     [tempest_lib.common.rest_client] Request (TestNetworkBasicOps:test_connectivity_between_vms_on_different_networks): 200 GET http://10.0.2.15:9696/v2.0/ports?status=ACTIVE&amp;fixed_ip=None&amp;device_id=ee099523-2730-4125-8db9-359e54332cbc 0.034s
2015-12-10 10:26:08,062 24507 DEBUG    [tempest_lib.common.rest_client] Request - Headers: {'Content-Type': 'application/json', 'Accept': 'application/json', 'X-Auth-Token': '&lt;omitted&gt;'}
        Body: None
    Response - Headers: {'status': '200', 'content-length': '895', 'content-location': 'http://10.0.2.15:9696/v2.0/ports?status=ACTIVE&amp;fixed_ip=None&amp;device_id=ee099523-2730-4125-8db9-359e54332cbc', 'connection': 'close', 'date': 'Thu, 10 Dec 2015 10:26:08 GMT', 'content-type': 'application/json; charset=UTF-8', 'x-openstack-request-id': 'req-dffd717a-2093-4774-a1e8-50a5ff1318de'}
        Body: {"ports": [{"status": "ACTIVE", "binding:host_id": "vagrant-ubuntu-trusty-64", "allowed_address_pairs": [], "extra_dhcp_opts": [], "dns_assignment": [{"hostname": "host-10-100-0-3", "ip_address": "10.100.0.3", "fqdn": "host-10-100-0-3.openstacklocal."}], "device_owner": "compute:None", "port_security_enabled": true, "binding:profile": {}, "fixed_ips": [{"subnet_id": "acb2c977-7c29-4497-8a82-fc707bf3df5b", "ip_address": "10.100.0.3"}], "id": "a7b517c8-f84c-4c3d-9f22-b95d5526762b", "security_groups": ["7bdfc2ec-94aa-43b2-b448-918a3bdfc0b0"], "device_id": "ee099523-2730-4125-8db9-359e54332cbc", "name": "", "admin_state_up": true, "network_id": "59095861-8e0a-4770-8f98-01c660eed709", "dns_name": "", "binding:vif_details": {"port_filter": true}, "binding:vnic_type": "normal", "binding:vif_type": "ovs", "tenant_id": "51fedc268f1641c6bcb85fe137e094d7", "mac_address": "fa:16:3e:fa:0f:83"}]}
2015-12-10 10:26:09,628 24507 INFO     [tempest_lib.common.rest_client] Request (TestNetworkBasicOps:test_connectivity_between_vms_on_different_networks): 201 POST http://10.0.2.15:9696/v2.0/floatingips 1.566s
2015-12-10 10:26:09,628 24507 DEBUG    [tempest_lib.common.rest_client] Request - Headers: {'Content-Type': 'application/json', 'Accept': 'application/json', 'X-Auth-Token': '&lt;omitted&gt;'}
        Body: {"floatingip": {"floating_network_id": "3597e911-3878-409a-bbf9-a1c9de30d2ce", "tenant_id": "51fedc268f1641c6bcb85fe137e094d7", "fixed_ip_address": "10.100.0.3", "port_id": "a7b517c8-f84c-4c3d-9f22-b95d5526762b"}}
    Response - Headers: {'status': '201', 'content-length': '367', 'connection': 'close', 'date': 'Thu, 10 Dec 2015 10:26:09 GMT', 'content-type': 'application/json; charset=UTF-8', 'x-openstack-request-id': 'req-e3f89323-8ea2-4191-acc4-854f5bc56d62'}
        Body: {"floatingip": {"floating_network_id": "3597e911-3878-409a-bbf9-a1c9de30d2ce", "router_id": "88791f61-8891-4e6d-a56b-ce2095f0d3bf", "fixed_ip_address": "10.100.0.3", "floating_ip_address": "172.24.4.4", "tenant_id": "51fedc268f1641c6bcb85fe137e094d7", "status": "DOWN", "port_id": "a7b517c8-f84c-4c3d-9f22-b95d5526762b", "id": "11c59337-35e3-4e79-8618-75a140c9bcec"}}
2015-12-10 10:26:09,643 24507 INFO     [tempest_lib.common.rest_client] Request (TestNetworkBasicOps:test_connectivity_between_vms_on_different_networks): 200 GET http://10.0.2.15:9696/v2.0/floatingips/11c59337-35e3-4e79-8618-75a140c9bcec 0.013s
2015-12-10 10:26:09,643 24507 DEBUG    [tempest_lib.common.rest_client] Request - Headers: {'Content-Type': 'application/json', 'Accept': 'application/json', 'X-Auth-Token': '&lt;omitted&gt;'}
        Body: None
    Response - Headers: {'status': '200', 'content-length': '367', 'content-location': 'http://10.0.2.15:9696/v2.0/floatingips/11c59337-35e3-4e79-8618-75a140c9bcec', 'connection': 'close', 'date': 'Thu, 10 Dec 2015 10:26:09 GMT', 'content-type': 'application/json; charset=UTF-8', 'x-openstack-request-id': 'req-1a9f69fc-4757-40c6-a551-0b12e9431827'}
        Body: {"floatingip": {"floating_network_id": "3597e911-3878-409a-bbf9-a1c9de30d2ce", "router_id": "88791f61-8891-4e6d-a56b-ce2095f0d3bf", "fixed_ip_address": "10.100.0.3", "floating_ip_address": "172.24.4.4", "tenant_id": "51fedc268f1641c6bcb85fe137e094d7", "status": "DOWN", "port_id": "a7b517c8-f84c-4c3d-9f22-b95d5526762b", "id": "11c59337-35e3-4e79-8618-75a140c9bcec"}}
2015-12-10 10:26:10,660 24507 INFO     [tempest_lib.common.rest_client] Request (TestNetworkBasicOps:test_connectivity_between_vms_on_different_networks): 200 GET http://10.0.2.15:9696/v2.0/floatingips/11c59337-35e3-4e79-8618-75a140c9bcec 0.015s
2015-12-10 10:26:10,660 24507 DEBUG    [tempest_lib.common.rest_client] Request - Headers: {'Content-Type': 'application/json', 'Accept': 'application/json', 'X-Auth-Token': '&lt;omitted&gt;'}
        Body: None
    Response - Headers: {'status': '200', 'content-length': '367', 'content-location': 'http://10.0.2.15:9696/v2.0/floatingips/11c59337-35e3-4e79-8618-75a140c9bcec', 'connection': 'close', 'date': 'Thu, 10 Dec 2015 10:26:10 GMT', 'content-type': 'application/json; charset=UTF-8', 'x-openstack-request-id': 'req-f15a469d-cd1a-4b8f-a9d4-d047e768327e'}
        Body: {"floatingip": {"floating_network_id": "3597e911-3878-409a-bbf9-a1c9de30d2ce", "router_id": "88791f61-8891-4e6d-a56b-ce2095f0d3bf", "fixed_ip_address": "10.100.0.3", "floating_ip_address": "172.24.4.4", "tenant_id": "51fedc268f1641c6bcb85fe137e094d7", "status": "DOWN", "port_id": "a7b517c8-f84c-4c3d-9f22-b95d5526762b", "id": "11c59337-35e3-4e79-8618-75a140c9bcec"}}
2015-12-10 10:26:11,676 24507 INFO     [tempest_lib.common.rest_client] Request (TestNetworkBasicOps:test_connectivity_between_vms_on_different_networks): 200 GET http://10.0.2.15:9696/v2.0/floatingips/11c59337-35e3-4e79-8618-75a140c9bcec 0.014s
2015-12-10 10:26:11,677 24507 DEBUG    [tempest_lib.common.rest_client] Request - Headers: {'Content-Type': 'application/json', 'Accept': 'application/json', 'X-Auth-Token': '&lt;omitted&gt;'}
        Body: None
    Response - Headers: {'status': '200', 'content-length': '369', 'content-location': 'http://10.0.2.15:9696/v2.0/floatingips/11c59337-35e3-4e79-8618-75a140c9bcec', 'connection': 'close', 'date': 'Thu, 10 Dec 2015 10:26:11 GMT', 'content-type': 'application/json; charset=UTF-8', 'x-openstack-request-id': 'req-dec1f5fa-d588-4986-832f-23cddaa69e86'}
        Body: {"floatingip": {"floating_network_id": "3597e911-3878-409a-bbf9-a1c9de30d2ce", "router_id": "88791f61-8891-4e6d-a56b-ce2095f0d3bf", "fixed_ip_address": "10.100.0.3", "floating_ip_address": "172.24.4.4", "tenant_id": "51fedc268f1641c6bcb85fe137e094d7", "status": "ACTIVE", "port_id": "a7b517c8-f84c-4c3d-9f22-b95d5526762b", "id": "11c59337-35e3-4e79-8618-75a140c9bcec"}}
2015-12-10 10:26:11,677 24507 INFO     [tempest.scenario.manager] FloatingIP: &lt;"FloatingIP" addr="172.24.4.4" id="11c59337-35e3-4e79-8618-75a140c9bcec"&gt; is at status: ACTIVE
2015-12-10 10:26:11,677 24507 DEBUG    [tempest.scenario.manager] checking network connections to IP 172.24.4.4 with user: cirros
2015-12-10 10:26:11,678 24507 DEBUG    [tempest.scenario.manager] TestNetworkBasicOps:test_connectivity_between_vms_on_different_networks begins to ping 172.24.4.4 in 120 sec and the expected result is reachable
2015-12-10 10:28:12,017 24507 DEBUG    [tempest.scenario.manager] TestNetworkBasicOps:test_connectivity_between_vms_on_different_networks finishes ping 172.24.4.4 in 120 sec and the ping result is unexpected
2015-12-10 10:28:12,018 24507 ERROR    [tempest.scenario.manager] Public network connectivity check failed
2015-12-10 10:28:12.018 24507 ERROR tempest.scenario.manager Traceback (most recent call last):
2015-12-10 10:28:12.018 24507 ERROR tempest.scenario.manager   File "tempest/scenario/manager.py", line 606, in check_public_network_connectivity
2015-12-10 10:28:12.018 24507 ERROR tempest.scenario.manager     should_connect=should_connect)
2015-12-10 10:28:12.018 24507 ERROR tempest.scenario.manager   File "tempest/scenario/manager.py", line 590, in check_vm_connectivity
2015-12-10 10:28:12.018 24507 ERROR tempest.scenario.manager     msg=msg)
2015-12-10 10:28:12.018 24507 ERROR tempest.scenario.manager   File "/usr/local/lib/python2.7/dist-packages/unittest2/case.py", line 702, in assertTrue
2015-12-10 10:28:12.018 24507 ERROR tempest.scenario.manager     raise self.failureException(msg)
2015-12-10 10:28:12.018 24507 ERROR tempest.scenario.manager AssertionError: False is not true : Timed out waiting for 172.24.4.4 to become reachable
2015-12-10 10:28:12.018 24507 ERROR tempest.scenario.manager 
2015-12-10 10:28:12,245 24507 INFO     [tempest_lib.common.rest_client] Request (TestNetworkBasicOps:test_connectivity_between_vms_on_different_networks): 200 POST http://10.0.2.15:8774/v2.1/51fedc268f1641c6bcb85fe137e094d7/servers/ee099523-2730-4125-8db9-359e54332cbc/action 0.223s
2015-12-10 10:28:12,246 24507 DEBUG    [tempest_lib.common.rest_client] Request - Headers: {'Content-Type': 'application/json', 'Accept': 'application/json', 'X-Auth-Token': '&lt;omitted&gt;'}
        Body: {"os-getConsoleOutput": {}}
    Response - Headers: {'status': '200', 'content-length': '17429', 'x-compute-request-id': 'req-8a80bcdf-db3a-42ee-a5af-53c89106ae55', 'vary': 'X-OpenStack-Nova-API-Version', 'connection': 'close', 'x-openstack-nova-api-version': '2.1', 'date': 'Thu, 10 Dec 2015 10:28:12 GMT', 'content-type': 'application/json'}
        Body: {"output": "[    0.000000] Initializing cgroup subsys cpuset\n[    0.000000] Initializing cgroup subsys cpu\n[    0.000000] Linux version 3.2.0-80-virtual (buildd@batsu) (gcc version 4.6.3 (Ubuntu/Linaro 4.6.3-1ubuntu5) ) #116-Ubuntu SMP Mon Mar 23 17:28:52 UTC 2015 (Ubuntu 3.2.0-80.116-virtual 3.2.68)\n[    0.000000] Command line: root=/dev/vda console=tty0 console=ttyS0 no_timer_check\n[    0.000000] KERNEL supported cpus:\n[    0.000000]   Intel GenuineIntel\n[    0.000000]   AMD AuthenticAMD\n[    0.000000]   Centaur CentaurHauls\n[    0.000000] BIOS-provided physical RAM map:\n[    0.000000]  BIOS-e820: 0000000000000000 - 000000000009fc00 (usable)\n[    0.000000]  BIOS-e820: 000000000009fc00 - 00000000000a0000 (reserved)\n[    0.000000]  BIOS-e820: 00000000000f0000 - 0000000000100000 (reserved)\n[    0.000000]  BIOS-e820: 0000000000100000 - 0000000003ffe000 (usable)\n[    0.000000]  BIOS-e820: 0000000003ffe000 - 0000000004000000 (reserved)\n[    0.000000]  BIOS-e820: 00000000fffc0000 - 0000000100000000 (reserved)\n[    0.000000] NX (Execute Disable) protection: active\n[    0.000000] SMBIOS 2.4 present.\n[    0.000000] No AGP bridge found\n[    0.000000] last_pfn = 0x3ffe max_arch_pfn = 0x400000000\n[    0.000000] x86 PAT enabled: cpu 0, old 0x7040600070406, new 0x7010600070106\n[    0.000000] found SMP MP-table at [ffff8800000f0b00] f0b00\n[    0.000000] init_memory_mapping: 0000000000000000-0000000003ffe000\n[    0.000000] RAMDISK: 03c5e000 - 03ff0000\n[    0.000000] ACPI: RSDP 00000000000f0950 00014 (v00 BOCHS )\n[    0.000000] ACPI: RSDT 0000000003fffbc1 00034 (v01 BOCHS  BXPCRSDT 00000001 BXPC 00000001)\n[    0.000000] ACPI: FACP 0000000003fff1c0 00074 (v01 BOCHS  BXPCFACP 00000001 BXPC 00000001)\n[    0.000000] ACPI: DSDT 0000000003ffe040 01180 (v01 BOCHS  BXPCDSDT 00000001 BXPC 00000001)\n[    0.000000] ACPI: FACS 0000000003ffe000 00040\n[    0.000000] ACPI: SSDT 0000000003fff234 008DD (v01 BOCHS  BXPCSSDT 00000001 BXPC 00000001)\n[    0.000000] ACPI: APIC 0000000003fffb11 00078 (v01 BOCHS  BXPCAPIC 00000001 BXPC 00000001)\n[    0.000000] ACPI: HPET 0000000003fffb89 00038 (v01 BOCHS  BXPCHPET 00000001 BXPC 00000001)\n[    0.000000] No NUMA configuration found\n[    0.000000] Faking a node at 0000000000000000-0000000003ffe000\n[    0.000000] Initmem setup node 0 0000000000000000-0000000003ffe000\n[    0.000000]   NODE_DATA [0000000003ff6000 - 0000000003ffafff]\n[    0.000000] Zone PFN ranges:\n[    0.000000]   DMA      0x00000010 -&gt; 0x00001000\n[    0.000000]   DMA32    0x00001000 -&gt; 0x00100000\n[    0.000000]   Normal   empty\n[    0.000000] Movable zone start PFN for each node\n[    0.000000] early_node_map[2] active PFN ranges\n[    0.000000]     0: 0x00000010 -&gt; 0x0000009f\n[    0.000000]     0: 0x00000100 -&gt; 0x00003ffe\n[    0.000000] ACPI: PM-Timer IO Port: 0xb008\n[    0.000000] ACPI: LAPIC (acpi_id[0x00] lapic_id[0x00] enabled)\n[    0.000000] ACPI: LAPIC_NMI (acpi_id[0xff] dfl dfl lint[0x1])\n[    0.000000] ACPI: IOAPIC (id[0x00] address[0xfec00000] gsi_base[0])\n[    0.000000] IOAPIC[0]: apic_id 0, version 17, address 0xfec00000, GSI 0-23\n[    0.000000] ACPI: INT_SRC_OVR (bus 0 bus_irq 0 global_irq 2 dfl dfl)\n[    0.000000] ACPI: INT_SRC_OVR (bus 0 bus_irq 5 global_irq 5 high level)\n[    0.000000] ACPI: INT_SRC_OVR (bus 0 bus_irq 9 global_irq 9 high level)\n[    0.000000] ACPI: INT_SRC_OVR (bus 0 bus_irq 10 global_irq 10 high level)\n[    0.000000] ACPI: INT_SRC_OVR (bus 0 bus_irq 11 global_irq 11 high level)\n[    0.000000] Using ACPI (MADT) for SMP configuration information\n[    0.000000] ACPI: HPET id: 0x8086a201 base: 0xfed00000\n[    0.000000] SMP: Allowing 1 CPUs, 0 hotplug CPUs\n[    0.000000] PM: Registered nosave memory: 000000000009f000 - 00000000000a0000\n[    0.000000] PM: Registered nosave memory: 00000000000a0000 - 00000000000f0000\n[    0.000000] PM: Registered nosave memory: 00000000000f0000 - 0000000000100000\n[    0.000000] Allocating PCI resources starting at 4000000 (gap: 4000000:fbfc0000)\n[    0.000000] Booting paravirtualized kernel on bare hardware\n[    0.000000] setup_pe
2015-12-10 10:28:12,249 24507 DEBUG    [tempest.scenario.manager] Console output for ee099523-2730-4125-8db9-359e54332cbc
body=
[    0.000000] Initializing cgroup subsys cpuset
[    0.000000] Initializing cgroup subsys cpu
[    0.000000] Linux version 3.2.0-80-virtual (buildd@batsu) (gcc version 4.6.3 (Ubuntu/Linaro 4.6.3-1ubuntu5) ) #116-Ubuntu SMP Mon Mar 23 17:28:52 UTC 2015 (Ubuntu 3.2.0-80.116-virtual 3.2.68)
[    0.000000] Command line: root=/dev/vda console=tty0 console=ttyS0 no_timer_check
[    0.000000] KERNEL supported cpus:
[    0.000000]   Intel GenuineIntel
[    0.000000]   AMD AuthenticAMD
[    0.000000]   Centaur CentaurHauls
[    0.000000] BIOS-provided physical RAM map:
[    0.000000]  BIOS-e820: 0000000000000000 - 000000000009fc00 (usable)
[    0.000000]  BIOS-e820: 000000000009fc00 - 00000000000a0000 (reserved)
[    0.000000]  BIOS-e820: 00000000000f0000 - 0000000000100000 (reserved)
[    0.000000]  BIOS-e820: 0000000000100000 - 0000000003ffe000 (usable)
[    0.000000]  BIOS-e820: 0000000003ffe000 - 0000000004000000 (reserved)
[    0.000000]  BIOS-e820: 00000000fffc0000 - 0000000100000000 (reserved)
[    0.000000] NX (Execute Disable) protection: active
[    0.000000] SMBIOS 2.4 present.
[    0.000000] No AGP bridge found
[    0.000000] last_pfn = 0x3ffe max_arch_pfn = 0x400000000
[    0.000000] x86 PAT enabled: cpu 0, old 0x7040600070406, new 0x7010600070106
[    0.000000] found SMP MP-table at [ffff8800000f0b00] f0b00
[    0.000000] init_memory_mapping: 0000000000000000-0000000003ffe000
[    0.000000] RAMDISK: 03c5e000 - 03ff0000
[    0.000000] ACPI: RSDP 00000000000f0950 00014 (v00 BOCHS )
[    0.000000] ACPI: RSDT 0000000003fffbc1 00034 (v01 BOCHS  BXPCRSDT 00000001 BXPC 00000001)
[    0.000000] ACPI: FACP 0000000003fff1c0 00074 (v01 BOCHS  BXPCFACP 00000001 BXPC 00000001)
[    0.000000] ACPI: DSDT 0000000003ffe040 01180 (v01 BOCHS  BXPCDSDT 00000001 BXPC 00000001)
[    0.000000] ACPI: FACS 0000000003ffe000 00040
[    0.000000] ACPI: SSDT 0000000003fff234 008DD (v01 BOCHS  BXPCSSDT 00000001 BXPC 00000001)
[    0.000000] ACPI: APIC 0000000003fffb11 00078 (v01 BOCHS  BXPCAPIC 00000001 BXPC 00000001)
[    0.000000] ACPI: HPET 0000000003fffb89 00038 (v01 BOCHS  BXPCHPET 00000001 BXPC 00000001)
[    0.000000] No NUMA configuration found
[    0.000000] Faking a node at 0000000000000000-0000000003ffe000
[    0.000000] Initmem setup node 0 0000000000000000-0000000003ffe000
[    0.000000]   NODE_DATA [0000000003ff6000 - 0000000003ffafff]
[    0.000000] Zone PFN ranges:
[    0.000000]   DMA      0x00000010 -&gt; 0x00001000
[    0.000000]   DMA32    0x00001000 -&gt; 0x00100000
[    0.000000]   Normal   empty
[    0.000000] Movable zone start PFN for each node
[    0.000000] early_node_map[2] active PFN ranges
[    0.000000]     0: 0x00000010 -&gt; 0x0000009f
[    0.000000]     0: 0x00000100 -&gt; 0x00003ffe
[    0.000000] ACPI: PM-Timer IO Port: 0xb008
[    0.000000] ACPI: LAPIC (acpi_id[0x00] lapic_id[0x00] enabled)
[    0.000000] ACPI: LAPIC_NMI (acpi_id[0xff] dfl dfl lint[0x1])
[    0.000000] ACPI: IOAPIC (id[0x00] address[0xfec00000] gsi_base[0])
[    0.000000] IOAPIC[0]: apic_id 0, version 17, address 0xfec00000, GSI 0-23
[    0.000000] ACPI: INT_SRC_OVR (bus 0 bus_irq 0 global_irq 2 dfl dfl)
[    0.000000] ACPI: INT_SRC_OVR (bus 0 bus_irq 5 global_irq 5 high level)
[    0.000000] ACPI: INT_SRC_OVR (bus 0 bus_irq 9 global_irq 9 high level)
[    0.000000] ACPI: INT_SRC_OVR (bus 0 bus_irq 10 global_irq 10 high level)
[    0.000000] ACPI: INT_SRC_OVR (bus 0 bus_irq 11 global_irq 11 high level)
[    0.000000] Using ACPI (MADT) for SMP configuration information
[    0.000000] ACPI: HPET id: 0x8086a201 base: 0xfed00000
[    0.000000] SMP: Allowing 1 CPUs, 0 hotplug CPUs
[    0.000000] PM: Registered nosave memory: 000000000009f000 - 00000000000a0000
[    0.000000] PM: Registered nosave memory: 00000000000a0000 - 00000000000f0000
[    0.000000] PM: Registered nosave memory: 00000000000f0000 - 0000000000100000
[    0.000000] Allocating PCI resources starting at 4000000 (gap: 4000000:fbfc0000)
[    0.000000] Booting paravirtualized kernel on bare hardware
[    0.000000] setup_percpu: NR_CPUS:64 nr_cpumask_bits:64 nr_cpu_ids:1 nr_node_ids:1
[    0.000000] PERCPU: Embedded 27 pages/cpu @ffff880003a00000 s78848 r8192 d23552 u2097152
[    0.000000] Built 1 zonelists in Node order, mobility grouping on.  Total pages: 16008
[    0.000000] Policy zone: DMA32
[    0.000000] Kernel command line: root=/dev/vda console=tty0 console=ttyS0 no_timer_check
[    0.000000] PID hash table entries: 256 (order: -1, 2048 bytes)
[    0.000000] Checking aperture...
[    0.000000] No AGP bridge found
[    0.000000] Memory: 43492k/65528k available (6576k kernel code, 452k absent, 21584k reserved, 6620k data, 928k init)
[    0.000000] SLUB: Genslabs=15, HWalign=64, Order=0-3, MinObjects=0, CPUs=1, Nodes=1
[    0.000000] Hierarchical RCU implementation.
[    0.000000] 	RCU dyntick-idle grace-period acceleration is enabled.
[    0.000000] NR_IRQS:4352 nr_irqs:256 16
[    0.000000] Console: colour VGA+ 80x25
[    0.000000] console [tty0] enabled
[    0.000000] console [ttyS0] enabled
[    0.000000] allocated 1048576 bytes of page_cgroup
[    0.000000] please try 'cgroup_disable=memory' option if you don't want memory cgroups
[    0.000000] Fast TSC calibration failed
[    0.000000] TSC: Unable to calibrate against PIT
[    0.000000] TSC: using HPET reference calibration
[    0.000000] Detected 2293.386 MHz processor.
[    0.036688] Calibrating delay loop (skipped), value calculated using timer frequency.. 4586.77 BogoMIPS (lpj=9173544)
[    0.038824] pid_max: default: 32768 minimum: 301
[    0.048220] Security Framework initialized
[    0.052872] AppArmor: AppArmor initialized
[    0.053547] Yama: becoming mindful.
[    0.060387] Dentry cache hash table entries: 8192 (order: 4, 65536 bytes)
[    0.062047] Inode-cache hash table entries: 4096 (order: 3, 32768 bytes)
[    0.064310] Mount-cache hash table entries: 256
[    0.080244] Initializing cgroup subsys cpuacct
[    0.081354] Initializing cgroup subsys memory
[    0.082707] Initializing cgroup subsys devices
[    0.084201] Initializing cgroup subsys freezer
[    0.084945] Initializing cgroup subsys blkio
[    0.085787] Initializing cgroup subsys perf_event
[    0.090390] mce: CPU supports 10 MCE banks
[    0.093657] SMP alternatives: switching to UP code
[    0.522747] Freeing SMP alternatives: 24k freed
[    0.528309] ACPI: Core revision 20110623
[    0.580545] ftrace: allocating 26610 entries in 105 pages
[    0.620038] ..TIMER: vector=0x30 apic1=0 pin1=2 apic2=-1 pin2=-1
[    0.620192] CPU0: AMD QEMU Virtual CPU version 2.0.0 stepping 03
[    0.628038] Performance Events: Broken PMU hardware detected, using software events only.
[    0.636179] NMI watchdog disabled (cpu0): hardware events not enabled
[    0.637687] Brought up 1 CPUs
[    0.638259] Total of 1 processors activated (4586.77 BogoMIPS).
[    0.663161] devtmpfs: initialized
[    0.698610] EVM: security.selinux
[    0.699230] EVM: security.SMACK64
[    0.700083] EVM: security.capability
[    0.721084] print_constraints: dummy: 
[    0.722724] RTC time: 10:26:11, date: 12/10/15
[    0.725705] NET: Registered protocol family 16
[    0.736517] ACPI: bus type pci registered
[    0.740268] PCI: Using configuration type 1 for base access
[    0.768191] bio: create slab &lt;bio-0&gt; at 0
[    0.773205] ACPI: Added _OSI(Module Device)
[    0.773783] ACPI: Added _OSI(Processor Device)
[    0.774370] ACPI: Added _OSI(3.0 _SCP Extensions)
[    0.775058] ACPI: Added _OSI(Processor Aggregator Device)
[    0.845196] ACPI: Interpreter enabled
[    0.845791] ACPI: (supports S0 S3 S4 S5)
[    0.847423] ACPI: Using IOAPIC for interrupt routing
[    0.919158] ACPI: No dock devices found.
[    0.920186] HEST: Table not found.
[    0.920726] PCI: Using host bridge windows from ACPI; if necessary, use "pci=nocrs" and report a bug
[    0.926611] ACPI: PCI Root Bridge [PCI0] (domain 0000 [bus 00-ff])
[    0.932802] pci_root PNP0A03:00: host bridge window [io  0x0000-0x0cf7]
[    0.933694] pci_root PNP0A03:00: host bridge window [io  0x0d00-0xadff]
[    0.934553] pci_root PNP0A03:00: host bridge window [io  0xae0f-0xaeff]
[    0.936111] pci_root PNP0A03:00: host bridge window [io  0xaf20-0xafdf]
[    0.936954] pci_root PNP0A03:00: host bridge window [io  0xafe4-0xffff]
[    0.937811] pci_root PNP0A03:00: host bridge window [mem 0x000a0000-0x000bffff]
[    0.938748] pci_root PNP0A03:00: host bridge window [mem 0x04000000-0xfebfffff]
[    0.964992] pci 0000:00:01.3: quirk: [io  0xb000-0xb03f] claimed by PIIX4 ACPI
[    0.965991] pci 0000:00:01.3: quirk: [io  0xb100-0xb10f] claimed by PIIX4 SMB
[    1.043008]  pci0000:00: Unable to request _OSC control (_OSC support mask: 0x1e)
[    1.101290] ACPI: PCI Interrupt Link [LNKA] (IRQs 5 *10 11)
[    1.104675] ACPI: PCI Interrupt Link [LNKB] (IRQs 5 *10 11)
[    1.106908] ACPI: PCI Interrupt Link [LNKC] (IRQs 5 10 *11)
[    1.109587] ACPI: PCI Interrupt Link [LNKD] (IRQs 5 10 *11)
[    1.111019] ACPI: PCI Interrupt Link [LNKS] (IRQs *9)
[    1.118259] vgaarb: device added: PCI:0000:00:02.0,decodes=io+mem,owns=io+mem,locks=none
[    1.119435] vgaarb: loaded
[    1.120165] vgaarb: bridge control possible 0000:00:02.0
[    1.124401] i2c-core: driver [aat2870] using legacy suspend method
[    1.125143] i2c-core: driver [aat2870] using legacy resume method
[    1.128412] SCSI subsystem initialized
[    1.132070] usbcore: registered new interface driver usbfs
[    1.132070] usbcore: registered new interface driver hub
[    1.136707] usbcore: registered new device driver usb
[    1.141858] PCI: Using ACPI for IRQ routing
[    1.152969] NetLabel: Initializing
[    1.153428] NetLabel:  domain hash size = 128
[    1.153924] NetLabel:  protocols = UNLABELED CIPSOv4
[    1.157042] NetLabel:  unlabeled traffic allowed by default
[    1.158824] HPET: 3 timers in total, 0 timers will be used for per-cpu timer
[    1.160448] hpet0: at MMIO 0xfed00000, IRQs 2, 8, 0
[    1.161533] hpet0: 3 comparators, 64-bit 100.000000 MHz counter
[    1.170342] Switching to clocksource hpet
[    1.414696] AppArmor: AppArmor Filesystem Enabled
[    1.417239] pnp: PnP ACPI init
[    1.417911] ACPI: bus type pnp registered
[    1.443087] pnp: PnP ACPI: found 9 devices
[    1.443837] ACPI: ACPI bus type pnp unregistered
[    1.503072] NET: Registered protocol family 2
[    1.545223] IP route cache hash table entries: 512 (order: 0, 4096 bytes)
[    1.553157] TCP established hash table entries: 2048 (order: 3, 32768 bytes)
[    1.554757] TCP bind hash table entries: 2048 (order: 3, 32768 bytes)
[    1.555898] TCP: Hash tables configured (established 2048 bind 2048)
[    1.557528] TCP reno registered
[    1.558199] UDP hash table entries: 128 (order: 0, 4096 bytes)
[    1.559143] UDP-Lite hash table entries: 128 (order: 0, 4096 bytes)
[    1.562620] NET: Registered protocol family 1
[    1.563622] pci 0000:00:00.0: Limiting direct PCI/PCI transfers
[    1.565434] pci 0000:00:01.0: PIIX3: Enabling Passive Release
[    1.566420] pci 0000:00:01.0: Activating ISA DMA hang workarounds
[    1.571815] ACPI: PCI Interrupt Link [LNKD] enabled at IRQ 11
[    1.573798] pci 0000:00:01.2: PCI INT D -&gt; Link[LNKD] -&gt; GSI 11 (level, high) -&gt; IRQ 11
[    1.575812] pci 0000:00:01.2: PCI INT D disabled
[    1.594196] Trying to unpack rootfs image as initramfs...
[    1.608604] audit: initializing netlink socket (disabled)
[    1.616147] type=2000 audit(1449743171.612:1): initialized
[    1.886392] HugeTLB registered 2 MB page size, pre-allocated 0 pages
[    1.963141] VFS: Disk quotas dquot_6.5.2
[    1.965697] Dquot-cache hash table entries: 512 (order 0, 4096 bytes)
[    1.991519] fuse init (API version 7.17)
[    1.994633] msgmni has been set to 84
[    2.034173] Block layer SCSI generic (bsg) driver version 0.4 loaded (major 253)
[    2.036119] io scheduler noop registered
[    2.037728] io scheduler deadline registered (default)
[    2.038950] io scheduler cfq registered
[    2.043936] pci_hotplug: PCI Hot Plug PCI Core version: 0.5
[    2.048310] pciehp: PCI Express Hot Plug Controller Driver version: 0.4
[    2.057778] input: Power Button as /devices/LNXSYSTM:00/LNXPWRBN:00/input/input0
[    2.066229] ACPI: Power Button [PWRF]
[    2.142166] ERST: Table is not found!
[    2.142701] GHES: HEST is not enabled!
[    2.156383] ACPI: PCI Interrupt Link [LNKC] enabled at IRQ 10
[    2.157816] virtio-pci 0000:00:03.0: PCI INT A -&gt; Link[LNKC] -&gt; GSI 10 (level, high) -&gt; IRQ 10
[    2.161552] virtio-pci 0000:00:04.0: PCI INT A -&gt; Link[LNKD] -&gt; GSI 11 (level, high) -&gt; IRQ 11
[    2.171568] ACPI: PCI Interrupt Link [LNKA] enabled at IRQ 10
[    2.172603] virtio-pci 0000:00:05.0: PCI INT A -&gt; Link[LNKA] -&gt; GSI 10 (level, high) -&gt; IRQ 10
[    2.182363] Serial: 8250/16550 driver, 32 ports, IRQ sharing enabled
[    2.217907] serial8250: ttyS0 at I/O 0x3f8 (irq = 4) is a 16550A
[    2.293087] serial8250: ttyS1 at I/O 0x2f8 (irq = 3) is a 16550A
[    2.402215] 00:05: ttyS0 at I/O 0x3f8 (irq = 4) is a 16550A
[    2.474126] 00:06: ttyS1 at I/O 0x2f8 (irq = 3) is a 16550A
[    2.519967] Linux agpgart interface v0.103
[    2.579006] brd: module loaded
[    2.581591] Refined TSC clocksource calibration: 2293.455 MHz.
[    2.582286] Switching to clocksource tsc
[    2.618350] loop: module loaded
[    2.682568]  vda: unknown partition table
[    2.749084] scsi0 : ata_piix
[    2.751338] scsi1 : ata_piix
[    2.754493] ata1: PATA max MWDMA2 cmd 0x1f0 ctl 0x3f6 bmdma 0xc0a0 irq 14
[    2.755911] ata2: PATA max MWDMA2 cmd 0x170 ctl 0x376 bmdma 0xc0a8 irq 15
[    2.768078] Fixed MDIO Bus: probed
[    2.770116] tun: Universal TUN/TAP device driver, 1.6
[    2.770713] tun: (C) 1999-2004 Max Krasnyansky &lt;maxk@qualcomm.com&gt;
[    2.793302] PPP generic driver version 2.4.2
[    2.815217] ehci_hcd: USB 2.0 'Enhanced' Host Controller (EHCI) Driver
[    2.817729] ohci_hcd: USB 1.1 'Open' Host Controller (OHCI) Driver
[    2.818812] uhci_hcd: USB Universal Host Controller Interface driver
[    2.819892] uhci_hcd 0000:00:01.2: PCI INT D -&gt; Link[LNKD] -&gt; GSI 11 (level, high) -&gt; IRQ 11
[    2.823642] uhci_hcd 0000:00:01.2: UHCI Host Controller
[    2.827084] uhci_hcd 0000:00:01.2: new USB bus registered, assigned bus number 1
[    2.830215] uhci_hcd 0000:00:01.2: irq 11, io base 0x0000c040
[    2.873088] hub 1-0:1.0: USB hub found
[    2.874660] hub 1-0:1.0: 2 ports detected
[    2.880833] usbcore: registered new interface driver libusual
[    2.885843] i8042: PNP: PS/2 Controller [PNP0303:KBD,PNP0f13:MOU] at 0x60,0x64 irq 1,12
[    2.893928] serio: i8042 KBD port at 0x60,0x64 irq 1
[    2.895106] serio: i8042 AUX port at 0x60,0x64 irq 12
[    2.934177] mousedev: PS/2 mouse device common for all mice
[    2.943488] input: AT Translated Set 2 keyboard as /devices/platform/i8042/serio0/input/input1
[    2.953028] rtc_cmos 00:01: RTC can wake from S4
[    2.971178] rtc_cmos 00:01: rtc core: registered rtc_cmos as rtc0
[    2.975059] rtc0: alarms up to one day, 114 bytes nvram, hpet irqs
[    2.977392] device-mapper: uevent: version 1.0.3
[    2.990069] ata2.01: ATAPI: QEMU DVD-ROM, 2.0.0, max UDMA/100
[    3.001887] ata2.01: configured for MWDMA2
[    3.026369] device-mapper: ioctl: 4.22.0-ioctl (2011-10-19) initialised: dm-devel@redhat.com
[    3.030095] cpuidle: using governor ladder
[    3.031843] cpuidle: using governor menu
[    3.032779] EFI Variables Facility v0.08 2004-May-17
[    3.041876] TCP cubic registered
[    3.046216] NET: Registered protocol family 10
[    3.081189] NET: Registered protocol family 17
[    3.083900] Registering the dns_resolver key type
[    3.108898] scsi 1:0:1:0: CD-ROM            QEMU     QEMU DVD-ROM     2.0. PQ: 0 ANSI: 5
[    3.145853] sr0: scsi3-mmc drive: 4x/4x cd/rw xa/form2 tray
[    3.148004] cdrom: Uniform CD-ROM driver Revision: 3.20
[    3.177306] sr 1:0:1:0: Attached scsi generic sg0 type 5
[    3.233058] registered taskstats version 1
[    3.333938] Freeing initrd memory: 3656k freed
[    3.869371]   Magic number: 11:222:426
[    3.878234] rtc_cmos 00:01: setting system clock to 2015-12-10 10:26:14 UTC (1449743174)
[    3.880412] powernow-k8: Processor cpuid 663 not supported
[    3.885870] BIOS EDD facility v0.16 2004-Jun-25, 0 devices found
[    3.887046] EDD information not available.
[    3.949988] Freeing unused kernel memory: 928k freed
[    3.955115] Write protecting the kernel read-only data: 12288k
[    4.070039] Freeing unused kernel memory: 1596k freed
[    4.153423] Freeing unused kernel memory: 1184k freed

info: initramfs: up at 4.31
modprobe: module virtio_blk not found in modules.dep
modprobe: module virtio_net not found in modules.dep
info: copying initramfs to /dev/vda
info: initramfs loading root from /dev/vda
info: /etc/init.d/rc.sysinit: up at 8.93
info: container: none
Starting logging: OK
modprobe: module virtio_blk not found in modules.dep
modprobe: module virtio_net not found in modules.dep
WARN: /etc/rc3.d/S10-load-modules failed
Initializing random number generator... done.
Starting acpid: OK
cirros-ds 'local' up at 11.38
found datasource (configdrive, local)
Starting network...
udhcpc (v1.20.1) started
Sending discover...
Sending discover...

2015-12-10 10:28:12,585 24507 INFO     [tempest_lib.common.rest_client] Request (TestNetworkBasicOps:_run_cleanups): 204 DELETE http://10.0.2.15:9696/v2.0/floatingips/11c59337-35e3-4e79-8618-75a140c9bcec 0.329s
2015-12-10 10:28:12,585 24507 DEBUG    [tempest_lib.common.rest_client] Request - Headers: {'Content-Type': 'application/json', 'Accept': 'application/json', 'X-Auth-Token': '&lt;omitted&gt;'}
        Body: None
    Response - Headers: {'date': 'Thu, 10 Dec 2015 10:28:12 GMT', 'status': '204', 'connection': 'close', 'content-length': '0', 'x-openstack-request-id': 'req-15499978-d61d-4a65-910f-e0ddc7541d42'}
        Body: 
2015-12-10 10:28:13,071 24507 INFO     [tempest_lib.common.rest_client] Request (TestNetworkBasicOps:_run_cleanups): 204 DELETE http://10.0.2.15:8774/v2.1/51fedc268f1641c6bcb85fe137e094d7/servers/ee099523-2730-4125-8db9-359e54332cbc 0.484s
2015-12-10 10:28:13,072 24507 DEBUG    [tempest_lib.common.rest_client] Request - Headers: {'Content-Type': 'application/json', 'Accept': 'application/json', 'X-Auth-Token': '&lt;omitted&gt;'}
        Body: None
    Response - Headers: {'status': '204', 'content-length': '0', 'x-compute-request-id': 'req-cf1fd37f-8198-4d6d-90b7-b03c1e85e62f', 'vary': 'X-OpenStack-Nova-API-Version', 'connection': 'close', 'x-openstack-nova-api-version': '2.1', 'date': 'Thu, 10 Dec 2015 10:28:13 GMT', 'content-type': 'application/json'}
        Body: 
2015-12-10 10:28:13,333 24507 INFO     [tempest_lib.common.rest_client] Request (TestNetworkBasicOps:_run_cleanups): 200 GET http://10.0.2.15:8774/v2.1/51fedc268f1641c6bcb85fe137e094d7/servers/ee099523-2730-4125-8db9-359e54332cbc 0.260s
2015-12-10 10:28:13,333 24507 DEBUG    [tempest_lib.common.rest_client] Request - Headers: {'Content-Type': 'application/json', 'Accept': 'application/json', 'X-Auth-Token': '&lt;omitted&gt;'}
        Body: None
    Response - Headers: {'status': '200', 'content-length': '1775', 'content-location': 'http://10.0.2.15:8774/v2.1/51fedc268f1641c6bcb85fe137e094d7/servers/ee099523-2730-4125-8db9-359e54332cbc', 'x-compute-request-id': 'req-95d35dad-f9b9-4ad8-858b-16ae3f52b287', 'vary': 'X-OpenStack-Nova-API-Version', 'connection': 'close', 'x-openstack-nova-api-version': '2.1', 'date': 'Thu, 10 Dec 2015 10:28:13 GMT', 'content-type': 'application/json'}
        Body: {"server": {"status": "ACTIVE", "updated": "2015-12-10T10:28:12Z", "hostId": "a9f8c3843e3800e8b04420fdb4b0591d516f6307559f0ce3aa61f87a", "addresses": {"tempest-network-smoke--465883513": [{"OS-EXT-IPS-MAC:mac_addr": "fa:16:3e:fa:0f:83", "version": 4, "addr": "10.100.0.3", "OS-EXT-IPS:type": "fixed"}, {"OS-EXT-IPS-MAC:mac_addr": "fa:16:3e:fa:0f:83", "version": 4, "addr": "172.24.4.4", "OS-EXT-IPS:type": "floating"}]}, "links": [{"href": "http://10.0.2.15:8774/v2.1/51fedc268f1641c6bcb85fe137e094d7/servers/ee099523-2730-4125-8db9-359e54332cbc", "rel": "self"}, {"href": "http://10.0.2.15:8774/51fedc268f1641c6bcb85fe137e094d7/servers/ee099523-2730-4125-8db9-359e54332cbc", "rel": "bookmark"}], "key_name": "tempest-TestNetworkBasicOps-2058411212", "image": {"id": "61f6d9de-cfb9-4891-b4cf-1c183a219ef9", "links": [{"href": "http://10.0.2.15:8774/51fedc268f1641c6bcb85fe137e094d7/images/61f6d9de-cfb9-4891-b4cf-1c183a219ef9", "rel": "bookmark"}]}, "OS-EXT-STS:task_state": "deleting", "OS-EXT-STS:vm_state": "active", "OS-SRV-USG:launched_at": "2015-12-10T10:26:07.000000", "flavor": {"id": "42", "links": [{"href": "http://10.0.2.15:8774/51fedc268f1641c6bcb85fe137e094d7/flavors/42", "rel": "bookmark"}]}, "id": "ee099523-2730-4125-8db9-359e54332cbc", "security_groups": [{"name": "tempest-secgroup-smoke-1302925074"}], "OS-SRV-USG:terminated_at": null, "OS-EXT-AZ:availability_zone": "nova", "user_id": "18f00f169e094a1eb90c089e0a80ee9f", "name": "tempest.common.compute-instance-552035111", "created": "2015-12-10T10:26:03Z", "tenant_id": "51fedc268f1641c6bcb85fe137e094d7", "OS-DCF:diskConfig": "MANUAL", "os-extended-volumes:volumes_attached": [], "accessIPv4": "", "accessIPv6": "", "progress": 0, "OS-EXT-STS:power_state": 1, "config_drive": "True", "metadata": {}}}
2015-12-10 10:28:14,511 24507 INFO     [tempest_lib.common.rest_client] Request (TestNetworkBasicOps:_run_cleanups): 200 GET http://10.0.2.15:8774/v2.1/51fedc268f1641c6bcb85fe137e094d7/servers/ee099523-2730-4125-8db9-359e54332cbc 0.164s
2015-12-10 10:28:14,512 24507 DEBUG    [tempest_lib.common.rest_client] Request - Headers: {'Content-Type': 'application/json', 'Accept': 'application/json', 'X-Auth-Token': '&lt;omitted&gt;'}
        Body: None
    Response - Headers: {'status': '200', 'content-length': '1707', 'content-location': 'http://10.0.2.15:8774/v2.1/51fedc268f1641c6bcb85fe137e094d7/servers/ee099523-2730-4125-8db9-359e54332cbc', 'x-compute-request-id': 'req-efbdc3e5-2c8e-4470-a6c8-1c52719a57f4', 'vary': 'X-OpenStack-Nova-API-Version', 'connection': 'close', 'x-openstack-nova-api-version': '2.1', 'date': 'Thu, 10 Dec 2015 10:28:14 GMT', 'content-type': 'application/json'}
        Body: {"server": {"status": "ACTIVE", "updated": "2015-12-10T10:28:13Z", "hostId": "a9f8c3843e3800e8b04420fdb4b0591d516f6307559f0ce3aa61f87a", "addresses": {"tempest-network-smoke--465883513": [{"OS-EXT-IPS-MAC:mac_addr": "fa:16:3e:fa:0f:83", "version": 4, "addr": "10.100.0.3", "OS-EXT-IPS:type": "fixed"}, {"OS-EXT-IPS-MAC:mac_addr": "fa:16:3e:fa:0f:83", "version": 4, "addr": "172.24.4.4", "OS-EXT-IPS:type": "floating"}]}, "links": [{"href": "http://10.0.2.15:8774/v2.1/51fedc268f1641c6bcb85fe137e094d7/servers/ee099523-2730-4125-8db9-359e54332cbc", "rel": "self"}, {"href": "http://10.0.2.15:8774/51fedc268f1641c6bcb85fe137e094d7/servers/ee099523-2730-4125-8db9-359e54332cbc", "rel": "bookmark"}], "key_name": "tempest-TestNetworkBasicOps-2058411212", "image": {"id": "61f6d9de-cfb9-4891-b4cf-1c183a219ef9", "links": [{"href": "http://10.0.2.15:8774/51fedc268f1641c6bcb85fe137e094d7/images/61f6d9de-cfb9-4891-b4cf-1c183a219ef9", "rel": "bookmark"}]}, "OS-EXT-STS:task_state": "deleting", "OS-EXT-STS:vm_state": "active", "OS-SRV-USG:launched_at": "2015-12-10T10:26:07.000000", "flavor": {"id": "42", "links": [{"href": "http://10.0.2.15:8774/51fedc268f1641c6bcb85fe137e094d7/flavors/42", "rel": "bookmark"}]}, "id": "ee099523-2730-4125-8db9-359e54332cbc", "OS-SRV-USG:terminated_at": null, "OS-EXT-AZ:availability_zone": "nova", "user_id": "18f00f169e094a1eb90c089e0a80ee9f", "name": "tempest.common.compute-instance-552035111", "created": "2015-12-10T10:26:03Z", "tenant_id": "51fedc268f1641c6bcb85fe137e094d7", "OS-DCF:diskConfig": "MANUAL", "os-extended-volumes:volumes_attached": [], "accessIPv4": "", "accessIPv6": "", "progress": 0, "OS-EXT-STS:power_state": 1, "config_drive": "True", "metadata": {}}}
2015-12-10 10:28:15,612 24507 INFO     [tempest_lib.common.rest_client] Request (TestNetworkBasicOps:_run_cleanups): 404 GET http://10.0.2.15:8774/v2.1/51fedc268f1641c6bcb85fe137e094d7/servers/ee099523-2730-4125-8db9-359e54332cbc 0.088s
2015-12-10 10:28:15,612 24507 DEBUG    [tempest_lib.common.rest_client] Request - Headers: {'Content-Type': 'application/json', 'Accept': 'application/json', 'X-Auth-Token': '&lt;omitted&gt;'}
        Body: None
    Response - Headers: {'status': '404', 'content-length': '111', 'x-compute-request-id': 'req-6612c6a9-a215-4922-b6c6-59816dc54fed', 'vary': 'X-OpenStack-Nova-API-Version', 'connection': 'close', 'x-openstack-nova-api-version': '2.1', 'date': 'Thu, 10 Dec 2015 10:28:15 GMT', 'content-type': 'application/json; charset=UTF-8'}
        Body: {"itemNotFound": {"message": "Instance ee099523-2730-4125-8db9-359e54332cbc could not be found.", "code": 404}}
2015-12-10 10:28:15,627 24507 INFO     [tempest_lib.common.rest_client] Request (TestNetworkBasicOps:_run_cleanups): 202 DELETE http://10.0.2.15:8774/v2.1/51fedc268f1641c6bcb85fe137e094d7/os-keypairs/tempest-TestNetworkBasicOps-2058411212 0.014s
2015-12-10 10:28:15,627 24507 DEBUG    [tempest_lib.common.rest_client] Request - Headers: {'Content-Type': 'application/json', 'Accept': 'application/json', 'X-Auth-Token': '&lt;omitted&gt;'}
        Body: None
    Response - Headers: {'status': '202', 'content-length': '0', 'x-compute-request-id': 'req-70ec8e48-7c4e-43eb-93f7-cb826d77321c', 'vary': 'X-OpenStack-Nova-API-Version', 'connection': 'close', 'x-openstack-nova-api-version': '2.1', 'date': 'Thu, 10 Dec 2015 10:28:15 GMT', 'content-type': 'application/json'}
        Body: 
2015-12-10 10:28:16,191 24507 INFO     [tempest_lib.common.rest_client] Request (TestNetworkBasicOps:_run_cleanups): 200 PUT http://10.0.2.15:9696/v2.0/routers/88791f61-8891-4e6d-a56b-ce2095f0d3bf/remove_router_interface 0.562s
2015-12-10 10:28:16,191 24507 DEBUG    [tempest_lib.common.rest_client] Request - Headers: {'Content-Type': 'application/json', 'Accept': 'application/json', 'X-Auth-Token': '&lt;omitted&gt;'}
        Body: {"subnet_id": "acb2c977-7c29-4497-8a82-fc707bf3df5b"}
    Response - Headers: {'status': '200', 'content-length': '255', 'connection': 'close', 'date': 'Thu, 10 Dec 2015 10:28:16 GMT', 'content-type': 'application/json; charset=UTF-8', 'x-openstack-request-id': 'req-afb3665d-5a2a-4061-8267-9693383ad1c6'}
        Body: {"subnet_id": "acb2c977-7c29-4497-8a82-fc707bf3df5b", "tenant_id": "51fedc268f1641c6bcb85fe137e094d7", "subnet_ids": ["acb2c977-7c29-4497-8a82-fc707bf3df5b"], "port_id": "8ee5b8ec-fe37-4cfc-b2b9-827c9c6c43e3", "id": "88791f61-8891-4e6d-a56b-ce2095f0d3bf"}
2015-12-10 10:28:16,876 24507 INFO     [tempest_lib.common.rest_client] Request (TestNetworkBasicOps:_run_cleanups): 204 DELETE http://10.0.2.15:9696/v2.0/subnets/acb2c977-7c29-4497-8a82-fc707bf3df5b 0.683s
2015-12-10 10:28:16,877 24507 DEBUG    [tempest_lib.common.rest_client] Request - Headers: {'Content-Type': 'application/json', 'Accept': 'application/json', 'X-Auth-Token': '&lt;omitted&gt;'}
        Body: None
    Response - Headers: {'date': 'Thu, 10 Dec 2015 10:28:16 GMT', 'status': '204', 'connection': 'close', 'content-length': '0', 'x-openstack-request-id': 'req-eff2168e-2fae-48f6-b34e-4d43f2398e1c'}
        Body: 
2015-12-10 10:28:16,937 24507 INFO     [tempest_lib.common.rest_client] Request (TestNetworkBasicOps:_run_cleanups): 200 GET http://10.0.2.15:9696/v2.0/routers/88791f61-8891-4e6d-a56b-ce2095f0d3bf 0.059s
2015-12-10 10:28:16,937 24507 DEBUG    [tempest_lib.common.rest_client] Request - Headers: {'Content-Type': 'application/json', 'Accept': 'application/json', 'X-Auth-Token': '&lt;omitted&gt;'}
        Body: None
    Response - Headers: {'status': '200', 'content-length': '564', 'content-location': 'http://10.0.2.15:9696/v2.0/routers/88791f61-8891-4e6d-a56b-ce2095f0d3bf', 'connection': 'close', 'date': 'Thu, 10 Dec 2015 10:28:16 GMT', 'content-type': 'application/json; charset=UTF-8', 'x-openstack-request-id': 'req-987fb453-a564-4ddf-8fcd-a1faf2574771'}
        Body: {"router": {"status": "ACTIVE", "external_gateway_info": {"network_id": "3597e911-3878-409a-bbf9-a1c9de30d2ce", "enable_snat": true, "external_fixed_ips": [{"subnet_id": "f86e0ffe-5179-4fa9-b271-87cb5a954abc", "ip_address": "172.24.4.3"}, {"subnet_id": "851ac7f1-e0ad-4364-a61a-47bf25827ca9", "ip_address": "2001:db8::4"}]}, "availability_zone_hints": [], "availability_zones": ["nova"], "name": "tempest-router-smoke-1679296162", "admin_state_up": true, "tenant_id": "51fedc268f1641c6bcb85fe137e094d7", "routes": [], "id": "88791f61-8891-4e6d-a56b-ce2095f0d3bf"}}
2015-12-10 10:28:17,399 24507 INFO     [tempest_lib.common.rest_client] Request (TestNetworkBasicOps:_run_cleanups): 200 PUT http://10.0.2.15:9696/v2.0/routers/88791f61-8891-4e6d-a56b-ce2095f0d3bf 0.461s
2015-12-10 10:28:17,400 24507 DEBUG    [tempest_lib.common.rest_client] Request - Headers: {'Content-Type': 'application/json', 'Accept': 'application/json', 'X-Auth-Token': '&lt;omitted&gt;'}
        Body: {"router": {"external_gateway_info": {}, "name": "tempest-router-smoke-1679296162", "admin_state_up": true}}
    Response - Headers: {'status': '200', 'content-length': '302', 'connection': 'close', 'date': 'Thu, 10 Dec 2015 10:28:17 GMT', 'content-type': 'application/json; charset=UTF-8', 'x-openstack-request-id': 'req-f9f58f5b-ef8c-492c-a381-12600b69b11d'}
        Body: {"router": {"status": "ACTIVE", "external_gateway_info": null, "availability_zone_hints": [], "availability_zones": ["nova"], "name": "tempest-router-smoke-1679296162", "admin_state_up": true, "tenant_id": "51fedc268f1641c6bcb85fe137e094d7", "routes": [], "id": "88791f61-8891-4e6d-a56b-ce2095f0d3bf"}}
2015-12-10 10:28:17,641 24507 INFO     [tempest_lib.common.rest_client] Request (TestNetworkBasicOps:_run_cleanups): 204 DELETE http://10.0.2.15:9696/v2.0/routers/88791f61-8891-4e6d-a56b-ce2095f0d3bf 0.240s
2015-12-10 10:28:17,642 24507 DEBUG    [tempest_lib.common.rest_client] Request - Headers: {'Content-Type': 'application/json', 'Accept': 'application/json', 'X-Auth-Token': '&lt;omitted&gt;'}
        Body: None
    Response - Headers: {'date': 'Thu, 10 Dec 2015 10:28:17 GMT', 'status': '204', 'connection': 'close', 'content-length': '0', 'x-openstack-request-id': 'req-d125bae6-8787-485b-b44b-56b6692927ab'}
        Body: 
2015-12-10 10:28:17,851 24507 INFO     [tempest_lib.common.rest_client] Request (TestNetworkBasicOps:_run_cleanups): 204 DELETE http://10.0.2.15:9696/v2.0/networks/59095861-8e0a-4770-8f98-01c660eed709 0.208s
2015-12-10 10:28:17,851 24507 DEBUG    [tempest_lib.common.rest_client] Request - Headers: {'Content-Type': 'application/json', 'Accept': 'application/json', 'X-Auth-Token': '&lt;omitted&gt;'}
        Body: None
    Response - Headers: {'date': 'Thu, 10 Dec 2015 10:28:17 GMT', 'status': '204', 'connection': 'close', 'content-length': '0', 'x-openstack-request-id': 'req-a6f74794-9e32-4ca0-9348-7c25a1191440'}
        Body: 
2015-12-10 10:28:17,915 24507 INFO     [tempest_lib.common.rest_client] Request (TestNetworkBasicOps:_run_cleanups): 204 DELETE http://10.0.2.15:9696/v2.0/security-group-rules/0de71bd3-a221-4aa7-b700-ed2e1760c995 0.063s
2015-12-10 10:28:17,916 24507 DEBUG    [tempest_lib.common.rest_client] Request - Headers: {'Content-Type': 'application/json', 'Accept': 'application/json', 'X-Auth-Token': '&lt;omitted&gt;'}
        Body: None
    Response - Headers: {'date': 'Thu, 10 Dec 2015 10:28:17 GMT', 'status': '204', 'connection': 'close', 'content-length': '0', 'x-openstack-request-id': 'req-4724105a-8572-4332-861c-85401f7c1cc3'}
        Body: 
2015-12-10 10:28:17,975 24507 INFO     [tempest_lib.common.rest_client] Request (TestNetworkBasicOps:_run_cleanups): 204 DELETE http://10.0.2.15:9696/v2.0/security-group-rules/d4ae99e0-0d78-4efc-a6df-6b7bcaa4f072 0.058s
2015-12-10 10:28:17,976 24507 DEBUG    [tempest_lib.common.rest_client] Request - Headers: {'Content-Type': 'application/json', 'Accept': 'application/json', 'X-Auth-Token': '&lt;omitted&gt;'}
        Body: None
    Response - Headers: {'date': 'Thu, 10 Dec 2015 10:28:17 GMT', 'status': '204', 'connection': 'close', 'content-length': '0', 'x-openstack-request-id': 'req-cb98d806-240b-43e1-b301-92202bc8db18'}
        Body: 
2015-12-10 10:28:18,047 24507 INFO     [tempest_lib.common.rest_client] Request (TestNetworkBasicOps:_run_cleanups): 204 DELETE http://10.0.2.15:9696/v2.0/security-group-rules/3fa0b1b1-6b58-4379-bedb-b8054d4d1999 0.070s
