<?xml version="1.0" encoding="UTF-8"?>
<!DOCTYPE html PUBLIC "-//W3C//DTD XHTML 1.0 Strict//EN"
     "http://www.w3.org/TR/xhtml1/DTD/xhtml1-strict.dtd">
<html xmlns="http://www.w3.org/1999/xhtml">
<head>
    <title>Unit Test Report</title>
    <meta name="generator" content="subunit2html 0.1"/>
    <meta http-equiv="Content-Type" content="text/html; charset=UTF-8"/>
    
<style type="text/css" media="screen">
body        { font-family: verdana, arial, helvetica, sans-serif;
    font-size: 80%; }
table       { font-size: 100%; width: 100%;}
pre         { font-size: 80%; }

/* -- heading -------------------------------------------------------------- */
h1 {
        font-size: 16pt;
        color: gray;
}
.heading {
    margin-top: 0ex;
    margin-bottom: 1ex;
}

.heading .attribute {
    margin-top: 1ex;
    margin-bottom: 0;
}

.heading .description {
    margin-top: 4ex;
    margin-bottom: 6ex;
}

/* -- css div popup -------------------------------------------------------- */
a.popup_link {
}

a.popup_link:hover {
    color: red;
}

.popup_window {
    display: none;
    overflow-x: scroll;
    /*border: solid #627173 1px; */
    padding: 10px;
    background-color: #E6E6D6;
    font-family: "Ubuntu Mono", "Lucida Console", "Courier New", monospace;
    text-align: left;
    font-size: 8pt;
}

}
/* -- report --------------------------------------------------------------- */
#show_detail_line {
    margin-top: 3ex;
    margin-bottom: 1ex;
}
#result_table {
    width: 100%;
    border-collapse: collapse;
    border: 1px solid #777;
}
#header_row {
    font-weight: bold;
    color: white;
    background-color: #777;
}
#result_table td {
    border: 1px solid #777;
    padding: 2px;
}
#total_row  { font-weight: bold; }
.passClass  { background-color: #6c6; }
.failClass  { background-color: #c60; }
.errorClass { background-color: #c00; }
.passCase   { color: #6c6; }
.failCase   { color: #c60; font-weight: bold; }
.errorCase  { color: #c00; font-weight: bold; }
.hiddenRow  { display: none; }
.testcase   { margin-left: 2em; }
td.testname {width: 40%}
td.small {width: 40px}

/* -- ending --------------------------------------------------------------- */
#ending {
}

</style>

</head>
<body>
<script language="javascript" type="text/javascript"><!--
output_list = Array();

/* level - 0:Summary; 1:Failed; 2:All */
function showCase(level) {
    trs = document.getElementsByTagName("tr");
    for (var i = 0; i < trs.length; i++) {
        tr = trs[i];
        id = tr.id;
        if (id.substr(0,2) == 'ft') {
            if (level < 1) {
                tr.className = 'hiddenRow';
            }
            else {
                tr.className = '';
            }
        }
        if (id.substr(0,2) == 'pt') {
            if (level > 1) {
                tr.className = '';
            }
            else {
                tr.className = 'hiddenRow';
            }
        }
    }
}


function showClassDetail(cid, count) {
    var id_list = Array(count);
    var toHide = 1;
    for (var i = 0; i < count; i++) {
        tid0 = 't' + cid.substr(1) + '.' + (i+1);
        tid = 'f' + tid0;
        tr = document.getElementById(tid);
        if (!tr) {
            tid = 'p' + tid0;
            tr = document.getElementById(tid);
        }
        id_list[i] = tid;
        if (tr.className) {
            toHide = 0;
        }
    }
    for (var i = 0; i < count; i++) {
        tid = id_list[i];
        if (toHide) {
            document.getElementById('div_'+tid).style.display = 'none'
            document.getElementById(tid).className = 'hiddenRow';
        }
        else {
            document.getElementById(tid).className = '';
        }
    }
}


function showTestDetail(div_id){
    var details_div = document.getElementById(div_id)
    var displayState = details_div.style.display
    // alert(displayState)
    if (displayState != 'block' ) {
        displayState = 'block'
        details_div.style.display = 'block'
    }
    else {
        details_div.style.display = 'none'
    }
}


function html_escape(s) {
    s = s.replace(/&/g,'&amp;');
    s = s.replace(/</g,'&lt;');
    s = s.replace(/>/g,'&gt;');
    return s;
}

/* obsoleted by detail in <div>
function showOutput(id, name) {
    var w = window.open("", //url
                    name,
                    "resizable,scrollbars,status,width=800,height=450");
    d = w.document;
    d.write("<pre>");
    d.write(html_escape(output_list[id]));
    d.write("\n");
    d.write("<a href='javascript:window.close()'>close</a>\n");
    d.write("</pre>\n");
    d.close();
}
*/
--></script>

<div class='heading'>
<h1>Unit Test Report</h1>

<p class='attribute'><strong>Status:</strong> Pass 1 Failure 7 Skip 1</p>

<p class='description'></p>
</div>



<p id='show_detail_line'>Show
<a href='javascript:showCase(0)'>Summary</a>
<a href='javascript:showCase(1)'>Failed</a>
<a href='javascript:showCase(2)'>All</a>
</p>
<table id='result_table'>
<colgroup>
<col align='left' />
<col align='right' />
<col align='right' />
<col align='right' />
<col align='right' />
<col align='right' />
<col align='right' />
<col align='right' />
</colgroup>
<tr id='header_row'>
    <td>Test Group/Test case</td>
    <td>Count</td>
    <td>Pass</td>
    <td>Fail</td>
    <td>Error</td>
    <td>Skip</td>
    <td>View</td>
    <td> </td>
</tr>

<tr class='failClass'>
    <td class="testname">tempest.scenario.test_network_basic_ops.TestNetworkBasicOps</td>
    <td class="small">9</td>
    <td class="small">1</td>
    <td class="small">7</td>
    <td class="small">0</td>
    <td class="small">1</td>
    <td class="small"><a href="javascript:showClassDetail('c1',9)"
>Detail</a></td>
    <td> </td>
</tr>

<tr id='ft1.1' class='none'>
    <td class='failCase'><div class='testcase'>test_connectivity_between_vms_on_different_networks[compute,id-1546850e-fbaa-42f5-8b5f-03d8a6a95f15,network]</div></td>
    <td colspan='7' align='left'>

    <!--css div popup start-->
    <a class="popup_link" onfocus='this.blur();'
    href="javascript:showTestDetail('div_ft1.1')" >
        fail</a>

    <div id='div_ft1.1' class="popup_window">
        <div style='text-align: right; color:red;cursor:pointer'>
        <a onfocus='this.blur();'
onclick="document.getElementById('div_ft1.1').style.display = 'none' " >
           [x]</a>
        </div>
        <pre>
        
ft1.1: tempest.scenario.test_network_basic_ops.TestNetworkBasicOps.test_connectivity_between_vms_on_different_networks[compute,id-1546850e-fbaa-42f5-8b5f-03d8a6a95f15,network]_StringException: Empty attachments:
  stderr
  stdout

pythonlogging:'': {{{
2015-12-17 01:25:25,942 21877 INFO     [tempest_lib.common.rest_client] Request (TestNetworkBasicOps:test_connectivity_between_vms_on_different_networks): 201 POST http://10.0.2.15:9696/v2.0/security-groups 0.347s
2015-12-17 01:25:25,942 21877 DEBUG    [tempest_lib.common.rest_client] Request - Headers: {'Content-Type': 'application/json', 'Accept': 'application/json', 'X-Auth-Token': '&lt;omitted&gt;'}
        Body: {"security_group": {"tenant_id": "56ce11cba9074c04a7e506f8dd9fe389", "description": "tempest-secgroup-smoke-387176993 description", "name": "tempest-secgroup-smoke-387176993"}}
    Response - Headers: {'status': '201', 'content-length': '886', 'connection': 'close', 'date': 'Thu, 17 Dec 2015 01:25:25 GMT', 'content-type': 'application/json; charset=UTF-8', 'x-openstack-request-id': 'req-1a26af92-e3f4-4bcc-818e-011a9e3ec492'}
        Body: {"security_group": {"tenant_id": "56ce11cba9074c04a7e506f8dd9fe389", "description": "tempest-secgroup-smoke-387176993 description", "id": "d64d210d-9304-48da-824f-f7fb3ad51db8", "security_group_rules": [{"remote_group_id": null, "direction": "egress", "remote_ip_prefix": null, "protocol": null, "ethertype": "IPv4", "tenant_id": "56ce11cba9074c04a7e506f8dd9fe389", "port_range_max": null, "port_range_min": null, "id": "10a5fbdb-7577-4864-a097-68692d2de5c0", "security_group_id": "d64d210d-9304-48da-824f-f7fb3ad51db8"}, {"remote_group_id": null, "direction": "egress", "remote_ip_prefix": null, "protocol": null, "ethertype": "IPv6", "tenant_id": "56ce11cba9074c04a7e506f8dd9fe389", "port_range_max": null, "port_range_min": null, "id": "747040fe-225e-4034-9bb6-8f2a89396e69", "security_group_id": "d64d210d-9304-48da-824f-f7fb3ad51db8"}], "name": "tempest-secgroup-smoke-387176993"}}
2015-12-17 01:25:26,076 21877 INFO     [tempest_lib.common.rest_client] Request (TestNetworkBasicOps:test_connectivity_between_vms_on_different_networks): 201 POST http://10.0.2.15:9696/v2.0/security-group-rules 0.131s
2015-12-17 01:25:26,077 21877 DEBUG    [tempest_lib.common.rest_client] Request - Headers: {'Content-Type': 'application/json', 'Accept': 'application/json', 'X-Auth-Token': '&lt;omitted&gt;'}
        Body: {"security_group_rule": {"direction": "ingress", "protocol": "tcp", "tenant_id": "56ce11cba9074c04a7e506f8dd9fe389", "port_range_max": 22, "security_group_id": "d64d210d-9304-48da-824f-f7fb3ad51db8", "port_range_min": 22}}
    Response - Headers: {'status': '201', 'content-length': '340', 'connection': 'close', 'date': 'Thu, 17 Dec 2015 01:25:26 GMT', 'content-type': 'application/json; charset=UTF-8', 'x-openstack-request-id': 'req-709d4023-42d5-492e-85a0-6a76c06b30a2'}
        Body: {"security_group_rule": {"remote_group_id": null, "direction": "ingress", "remote_ip_prefix": null, "protocol": "tcp", "ethertype": "IPv4", "tenant_id": "56ce11cba9074c04a7e506f8dd9fe389", "port_range_max": 22, "port_range_min": 22, "id": "934398a5-2612-4364-a55b-832ea1dcd62b", "security_group_id": "d64d210d-9304-48da-824f-f7fb3ad51db8"}}
2015-12-17 01:25:26,196 21877 INFO     [tempest_lib.common.rest_client] Request (TestNetworkBasicOps:test_connectivity_between_vms_on_different_networks): 201 POST http://10.0.2.15:9696/v2.0/security-group-rules 0.118s
2015-12-17 01:25:26,197 21877 DEBUG    [tempest_lib.common.rest_client] Request - Headers: {'Content-Type': 'application/json', 'Accept': 'application/json', 'X-Auth-Token': '&lt;omitted&gt;'}
        Body: {"security_group_rule": {"direction": "egress", "protocol": "tcp", "tenant_id": "56ce11cba9074c04a7e506f8dd9fe389", "port_range_max": 22, "security_group_id": "d64d210d-9304-48da-824f-f7fb3ad51db8", "port_range_min": 22}}
    Response - Headers: {'status': '201', 'content-length': '339', 'connection': 'close', 'date': 'Thu, 17 Dec 2015 01:25:26 GMT', 'content-type': 'application/json; charset=UTF-8', 'x-openstack-request-id': 'req-90987a35-ace7-43a7-99b5-4aae23340c53'}
        Body: {"security_group_rule": {"remote_group_id": null, "direction": "egress", "remote_ip_prefix": null, "protocol": "tcp", "ethertype": "IPv4", "tenant_id": "56ce11cba9074c04a7e506f8dd9fe389", "port_range_max": 22, "port_range_min": 22, "id": "97e70d6e-45fe-45f0-82f7-bb7e43124696", "security_group_id": "d64d210d-9304-48da-824f-f7fb3ad51db8"}}
2015-12-17 01:25:26,325 21877 INFO     [tempest_lib.common.rest_client] Request (TestNetworkBasicOps:test_connectivity_between_vms_on_different_networks): 201 POST http://10.0.2.15:9696/v2.0/security-group-rules 0.126s
2015-12-17 01:25:26,325 21877 DEBUG    [tempest_lib.common.rest_client] Request - Headers: {'Content-Type': 'application/json', 'Accept': 'application/json', 'X-Auth-Token': '&lt;omitted&gt;'}
        Body: {"security_group_rule": {"tenant_id": "56ce11cba9074c04a7e506f8dd9fe389", "direction": "ingress", "protocol": "icmp", "security_group_id": "d64d210d-9304-48da-824f-f7fb3ad51db8"}}
    Response - Headers: {'status': '201', 'content-length': '345', 'connection': 'close', 'date': 'Thu, 17 Dec 2015 01:25:26 GMT', 'content-type': 'application/json; charset=UTF-8', 'x-openstack-request-id': 'req-ac22c427-4634-4464-80b8-15243149319c'}
        Body: {"security_group_rule": {"remote_group_id": null, "direction": "ingress", "remote_ip_prefix": null, "protocol": "icmp", "ethertype": "IPv4", "tenant_id": "56ce11cba9074c04a7e506f8dd9fe389", "port_range_max": null, "port_range_min": null, "id": "fac0bb15-4e6f-4d13-a539-f43e6615386f", "security_group_id": "d64d210d-9304-48da-824f-f7fb3ad51db8"}}
2015-12-17 01:25:26,441 21877 INFO     [tempest_lib.common.rest_client] Request (TestNetworkBasicOps:test_connectivity_between_vms_on_different_networks): 201 POST http://10.0.2.15:9696/v2.0/security-group-rules 0.113s
2015-12-17 01:25:26,441 21877 DEBUG    [tempest_lib.common.rest_client] Request - Headers: {'Content-Type': 'application/json', 'Accept': 'application/json', 'X-Auth-Token': '&lt;omitted&gt;'}
        Body: {"security_group_rule": {"tenant_id": "56ce11cba9074c04a7e506f8dd9fe389", "direction": "egress", "protocol": "icmp", "security_group_id": "d64d210d-9304-48da-824f-f7fb3ad51db8"}}
    Response - Headers: {'status': '201', 'content-length': '344', 'connection': 'close', 'date': 'Thu, 17 Dec 2015 01:25:26 GMT', 'content-type': 'application/json; charset=UTF-8', 'x-openstack-request-id': 'req-d5e64aad-c7a1-4700-a937-a4546e9974d4'}
        Body: {"security_group_rule": {"remote_group_id": null, "direction": "egress", "remote_ip_prefix": null, "protocol": "icmp", "ethertype": "IPv4", "tenant_id": "56ce11cba9074c04a7e506f8dd9fe389", "port_range_max": null, "port_range_min": null, "id": "85e20737-a58e-4ab9-ae37-748d49ac4efa", "security_group_id": "d64d210d-9304-48da-824f-f7fb3ad51db8"}}
2015-12-17 01:25:26,558 21877 INFO     [tempest_lib.common.rest_client] Request (TestNetworkBasicOps:test_connectivity_between_vms_on_different_networks): 201 POST http://10.0.2.15:9696/v2.0/security-group-rules 0.115s
2015-12-17 01:25:26,559 21877 DEBUG    [tempest_lib.common.rest_client] Request - Headers: {'Content-Type': 'application/json', 'Accept': 'application/json', 'X-Auth-Token': '&lt;omitted&gt;'}
        Body: {"security_group_rule": {"tenant_id": "56ce11cba9074c04a7e506f8dd9fe389", "direction": "ingress", "security_group_id": "d64d210d-9304-48da-824f-f7fb3ad51db8", "protocol": "icmp", "ethertype": "IPv6"}}
    Response - Headers: {'status': '201', 'content-length': '345', 'connection': 'close', 'date': 'Thu, 17 Dec 2015 01:25:26 GMT', 'content-type': 'application/json; charset=UTF-8', 'x-openstack-request-id': 'req-f7f51d57-835e-4de1-9d35-22b9c82cc2c7'}
        Body: {"security_group_rule": {"remote_group_id": null, "direction": "ingress", "remote_ip_prefix": null, "protocol": "icmp", "ethertype": "IPv6", "tenant_id": "56ce11cba9074c04a7e506f8dd9fe389", "port_range_max": null, "port_range_min": null, "id": "2ad7b644-21de-423a-a4e9-7a2c1469ea79", "security_group_id": "d64d210d-9304-48da-824f-f7fb3ad51db8"}}
2015-12-17 01:25:26,693 21877 INFO     [tempest_lib.common.rest_client] Request (TestNetworkBasicOps:test_connectivity_between_vms_on_different_networks): 201 POST http://10.0.2.15:9696/v2.0/security-group-rules 0.133s
2015-12-17 01:25:26,694 21877 DEBUG    [tempest_lib.common.rest_client] Request - Headers: {'Content-Type': 'application/json', 'Accept': 'application/json', 'X-Auth-Token': '&lt;omitted&gt;'}
        Body: {"security_group_rule": {"tenant_id": "56ce11cba9074c04a7e506f8dd9fe389", "direction": "egress", "security_group_id": "d64d210d-9304-48da-824f-f7fb3ad51db8", "protocol": "icmp", "ethertype": "IPv6"}}
    Response - Headers: {'status': '201', 'content-length': '344', 'connection': 'close', 'date': 'Thu, 17 Dec 2015 01:25:26 GMT', 'content-type': 'application/json; charset=UTF-8', 'x-openstack-request-id': 'req-ce0b4d5c-3bd7-4757-bd95-3c5cffc7df8a'}
        Body: {"security_group_rule": {"remote_group_id": null, "direction": "egress", "remote_ip_prefix": null, "protocol": "icmp", "ethertype": "IPv6", "tenant_id": "56ce11cba9074c04a7e506f8dd9fe389", "port_range_max": null, "port_range_min": null, "id": "4af50acf-fad0-41c0-8fe9-de0579cf4cd5", "security_group_id": "d64d210d-9304-48da-824f-f7fb3ad51db8"}}
2015-12-17 01:25:26,869 21877 INFO     [tempest_lib.common.rest_client] Request (TestNetworkBasicOps:test_connectivity_between_vms_on_different_networks): 201 POST http://10.0.2.15:9696/v2.0/networks 0.173s
2015-12-17 01:25:26,870 21877 DEBUG    [tempest_lib.common.rest_client] Request - Headers: {'Content-Type': 'application/json', 'Accept': 'application/json', 'X-Auth-Token': '&lt;omitted&gt;'}
        Body: {"network": {"tenant_id": "56ce11cba9074c04a7e506f8dd9fe389", "name": "tempest-network-smoke--1511262141"}}
    Response - Headers: {'status': '201', 'content-length': '329', 'connection': 'close', 'date': 'Thu, 17 Dec 2015 01:25:26 GMT', 'content-type': 'application/json; charset=UTF-8', 'x-openstack-request-id': 'req-70ca927e-eb40-43b7-80b3-1220e5ecfc07'}
        Body: {"network": {"status": "ACTIVE", "subnets": [], "availability_zone_hints": "[]", "name": "tempest-network-smoke--1511262141", "admin_state_up": true, "tenant_id": "56ce11cba9074c04a7e506f8dd9fe389", "mtu": 0, "router:external": false, "shared": false, "port_security_enabled": true, "id": "5d3e981b-7a24-49f6-b79a-1a986684105a"}}
2015-12-17 01:25:26,959 21877 INFO     [tempest_lib.common.rest_client] Request (TestNetworkBasicOps:test_connectivity_between_vms_on_different_networks): 201 POST http://10.0.2.15:9696/v2.0/routers 0.087s
2015-12-17 01:25:26,960 21877 DEBUG    [tempest_lib.common.rest_client] Request - Headers: {'Content-Type': 'application/json', 'Accept': 'application/json', 'X-Auth-Token': '&lt;omitted&gt;'}
        Body: {"router": {"tenant_id": "56ce11cba9074c04a7e506f8dd9fe389", "name": "tempest-router-smoke-1157097378", "admin_state_up": true}}
    Response - Headers: {'status': '201', 'content-length': '296', 'connection': 'close', 'date': 'Thu, 17 Dec 2015 01:25:26 GMT', 'content-type': 'application/json; charset=UTF-8', 'x-openstack-request-id': 'req-37a8f41c-71a8-46ed-873b-f3758c25af5b'}
        Body: {"router": {"status": "ACTIVE", "external_gateway_info": null, "availability_zone_hints": [], "availability_zones": [], "name": "tempest-router-smoke-1157097378", "admin_state_up": true, "tenant_id": "56ce11cba9074c04a7e506f8dd9fe389", "routes": [], "id": "75b90779-e479-4a72-afb3-96443ac6ff28"}}
2015-12-17 01:25:27,012 21877 INFO     [tempest_lib.common.rest_client] Request (TestNetworkBasicOps:test_connectivity_between_vms_on_different_networks): 200 GET http://10.0.2.15:9696/v2.0/routers/75b90779-e479-4a72-afb3-96443ac6ff28 0.051s
2015-12-17 01:25:27,013 21877 DEBUG    [tempest_lib.common.rest_client] Request - Headers: {'Content-Type': 'application/json', 'Accept': 'application/json', 'X-Auth-Token': '&lt;omitted&gt;'}
        Body: None
    Response - Headers: {'status': '200', 'content-length': '296', 'content-location': 'http://10.0.2.15:9696/v2.0/routers/75b90779-e479-4a72-afb3-96443ac6ff28', 'connection': 'close', 'date': 'Thu, 17 Dec 2015 01:25:27 GMT', 'content-type': 'application/json; charset=UTF-8', 'x-openstack-request-id': 'req-2cf5ece6-266f-4ebf-8fba-56684cc2cbfb'}
        Body: {"router": {"status": "ACTIVE", "external_gateway_info": null, "availability_zone_hints": [], "availability_zones": [], "name": "tempest-router-smoke-1157097378", "admin_state_up": true, "tenant_id": "56ce11cba9074c04a7e506f8dd9fe389", "routes": [], "id": "75b90779-e479-4a72-afb3-96443ac6ff28"}}
2015-12-17 01:25:27,822 21877 INFO     [tempest_lib.common.rest_client] Request (TestNetworkBasicOps:test_connectivity_between_vms_on_different_networks): 200 PUT http://10.0.2.15:9696/v2.0/routers/75b90779-e479-4a72-afb3-96443ac6ff28 0.807s
2015-12-17 01:25:27,823 21877 DEBUG    [tempest_lib.common.rest_client] Request - Headers: {'Content-Type': 'application/json', 'Accept': 'application/json', 'X-Auth-Token': '&lt;omitted&gt;'}
        Body: {"router": {"external_gateway_info": {"network_id": "55b8f2bf-b9a8-4f4d-891d-624de6f7fafc"}, "name": "tempest-router-smoke-1157097378", "admin_state_up": true}}
    Response - Headers: {'status': '200', 'content-length': '558', 'connection': 'close', 'date': 'Thu, 17 Dec 2015 01:25:27 GMT', 'content-type': 'application/json; charset=UTF-8', 'x-openstack-request-id': 'req-2f6bde7a-0516-4040-98ac-97df5967b34d'}
        Body: {"router": {"status": "ACTIVE", "external_gateway_info": {"network_id": "55b8f2bf-b9a8-4f4d-891d-624de6f7fafc", "enable_snat": true, "external_fixed_ips": [{"subnet_id": "ea767b00-021f-439d-812f-3596ed239f5a", "ip_address": "172.24.4.3"}, {"subnet_id": "9ea2592d-de36-4eb1-8c57-6b3cc319baf8", "ip_address": "2001:db8::4"}]}, "availability_zone_hints": [], "availability_zones": [], "name": "tempest-router-smoke-1157097378", "admin_state_up": true, "tenant_id": "56ce11cba9074c04a7e506f8dd9fe389", "routes": [], "id": "75b90779-e479-4a72-afb3-96443ac6ff28"}}
2015-12-17 01:25:28,024 21877 INFO     [tempest_lib.common.rest_client] Request (TestNetworkBasicOps:test_connectivity_between_vms_on_different_networks): 200 GET http://10.0.2.15:9696/v2.0/subnets?tenant_id=56ce11cba9074c04a7e506f8dd9fe389&amp;cidr=10.100.0.0%2F28 0.200s
2015-12-17 01:25:28,025 21877 DEBUG    [tempest_lib.common.rest_client] Request - Headers: {'Content-Type': 'application/json', 'Accept': 'application/json', 'X-Auth-Token': '&lt;omitted&gt;'}
        Body: None
    Response - Headers: {'status': '200', 'content-length': '15', 'content-location': 'http://10.0.2.15:9696/v2.0/subnets?tenant_id=56ce11cba9074c04a7e506f8dd9fe389&amp;cidr=10.100.0.0%2F28', 'connection': 'close', 'date': 'Thu, 17 Dec 2015 01:25:28 GMT', 'content-type': 'application/json; charset=UTF-8', 'x-openstack-request-id': 'req-7cf3ef51-5bc2-4268-a0a5-a01853f430d7'}
        Body: {"subnets": []}
2015-12-17 01:25:28,335 21877 INFO     [tempest_lib.common.rest_client] Request (TestNetworkBasicOps:test_connectivity_between_vms_on_different_networks): 201 POST http://10.0.2.15:9696/v2.0/subnets 0.309s
2015-12-17 01:25:28,335 21877 DEBUG    [tempest_lib.common.rest_client] Request - Headers: {'Content-Type': 'application/json', 'Accept': 'application/json', 'X-Auth-Token': '&lt;omitted&gt;'}
        Body: {"subnet": {"ip_version": 4, "tenant_id": "56ce11cba9074c04a7e506f8dd9fe389", "cidr": "10.100.0.0/28", "network_id": "5d3e981b-7a24-49f6-b79a-1a986684105a", "name": "tempest-subnet-smoke-1873589827"}}
    Response - Headers: {'status': '201', 'content-length': '478', 'connection': 'close', 'date': 'Thu, 17 Dec 2015 01:25:28 GMT', 'content-type': 'application/json; charset=UTF-8', 'x-openstack-request-id': 'req-abc12e15-e49a-4402-9252-0beb2f81ee9f'}
        Body: {"subnet": {"name": "tempest-subnet-smoke-1873589827", "enable_dhcp": true, "network_id": "5d3e981b-7a24-49f6-b79a-1a986684105a", "tenant_id": "56ce11cba9074c04a7e506f8dd9fe389", "dns_nameservers": [], "gateway_ip": "10.100.0.1", "ipv6_ra_mode": null, "allocation_pools": [{"start": "10.100.0.2", "end": "10.100.0.14"}], "host_routes": [], "ip_version": 4, "ipv6_address_mode": null, "cidr": "10.100.0.0/28", "id": "4d8492f9-3acd-40a4-861c-eb5c5c69857c", "subnetpool_id": null}}
2015-12-17 01:25:28,994 21877 INFO     [tempest_lib.common.rest_client] Request (TestNetworkBasicOps:test_connectivity_between_vms_on_different_networks): 200 PUT http://10.0.2.15:9696/v2.0/routers/75b90779-e479-4a72-afb3-96443ac6ff28/add_router_interface 0.658s
2015-12-17 01:25:28,995 21877 DEBUG    [tempest_lib.common.rest_client] Request - Headers: {'Content-Type': 'application/json', 'Accept': 'application/json', 'X-Auth-Token': '&lt;omitted&gt;'}
        Body: {"subnet_id": "4d8492f9-3acd-40a4-861c-eb5c5c69857c"}
    Response - Headers: {'status': '200', 'content-length': '255', 'connection': 'close', 'date': 'Thu, 17 Dec 2015 01:25:28 GMT', 'content-type': 'application/json; charset=UTF-8', 'x-openstack-request-id': 'req-27e37b2c-f1b7-40f3-8f2c-ed1c34b4518a'}
        Body: {"subnet_id": "4d8492f9-3acd-40a4-861c-eb5c5c69857c", "tenant_id": "56ce11cba9074c04a7e506f8dd9fe389", "subnet_ids": ["4d8492f9-3acd-40a4-861c-eb5c5c69857c"], "port_id": "bd753807-50e9-4adf-9b98-5705ea9244ae", "id": "75b90779-e479-4a72-afb3-96443ac6ff28"}
2015-12-17 01:25:29,187 21877 INFO     [tempest_lib.common.rest_client] Request (TestNetworkBasicOps:test_connectivity_between_vms_on_different_networks): 200 GET http://10.0.2.15:9696/v2.0/networks 0.190s
2015-12-17 01:25:29,187 21877 DEBUG    [tempest_lib.common.rest_client] Request - Headers: {'Content-Type': 'application/json', 'Accept': 'application/json', 'X-Auth-Token': '&lt;omitted&gt;'}
        Body: None
    Response - Headers: {'status': '200', 'content-length': '1507', 'content-location': 'http://10.0.2.15:9696/v2.0/networks', 'connection': 'close', 'date': 'Thu, 17 Dec 2015 01:25:29 GMT', 'content-type': 'application/json; charset=UTF-8', 'x-openstack-request-id': 'req-3dbbf651-5dc9-420c-b8d9-5a7f4c2e6b19'}
        Body: {"networks": [{"status": "ACTIVE", "subnets": ["4d8492f9-3acd-40a4-861c-eb5c5c69857c"], "availability_zone_hints": [], "availability_zones": ["nova"], "name": "tempest-network-smoke--1511262141", "provider:physical_network": null, "admin_state_up": true, "tenant_id": "56ce11cba9074c04a7e506f8dd9fe389", "mtu": 0, "router:external": false, "shared": false, "port_security_enabled": true, "provider:network_type": "vxlan", "id": "5d3e981b-7a24-49f6-b79a-1a986684105a", "provider:segmentation_id": 1060}, {"status": "ACTIVE", "subnets": ["ea767b00-021f-439d-812f-3596ed239f5a", "9ea2592d-de36-4eb1-8c57-6b3cc319baf8"], "availability_zone_hints": [], "availability_zones": ["nova"], "name": "public", "provider:physical_network": null, "admin_state_up": true, "tenant_id": "3f6dd256fe3a4d668b2906e212b7b7b0", "mtu": 0, "router:external": true, "shared": false, "port_security_enabled": true, "provider:network_type": "vxlan", "id": "55b8f2bf-b9a8-4f4d-891d-624de6f7fafc", "provider:segmentation_id": 1017}, {"status": "ACTIVE", "subnets": ["cc3cce0c-13b9-4598-821f-c1a21e1d4da4", "c3a2661d-dc17-4ef0-ba39-5295f1704e90"], "availability_zone_hints": [], "availability_zones": ["nova"], "name": "private", "provider:physical_network": null, "admin_state_up": true, "tenant_id": "49d4b2b86af14b8e9cc3fbbbec35da1e", "mtu": 0, "router:external": false, "shared": false, "port_security_enabled": true, "provider:network_type": "vxlan", "id": "b13ff1f8-0c3c-4e90-97df-598c57138b08", "provider:segmentation_id": 1099}]}
2015-12-17 01:25:29,228 21877 INFO     [tempest_lib.common.rest_client] Request (TestNetworkBasicOps:test_connectivity_between_vms_on_different_networks): 200 GET http://10.0.2.15:9696/v2.0/subnets 0.040s
2015-12-17 01:25:29,229 21877 DEBUG    [tempest_lib.common.rest_client] Request - Headers: {'Content-Type': 'application/json', 'Accept': 'application/json', 'X-Auth-Token': '&lt;omitted&gt;'}
        Body: None
    Response - Headers: {'status': '200', 'content-length': '2408', 'content-location': 'http://10.0.2.15:9696/v2.0/subnets', 'connection': 'close', 'date': 'Thu, 17 Dec 2015 01:25:29 GMT', 'content-type': 'application/json; charset=UTF-8', 'x-openstack-request-id': 'req-d4d14dbf-dd1b-4f72-8eb4-66414c50d654'}
        Body: {"subnets": [{"name": "ipv6-public-subnet", "enable_dhcp": false, "network_id": "55b8f2bf-b9a8-4f4d-891d-624de6f7fafc", "tenant_id": "3f6dd256fe3a4d668b2906e212b7b7b0", "dns_nameservers": [], "gateway_ip": "2001:db8::2", "ipv6_ra_mode": null, "allocation_pools": [{"start": "2001:db8::3", "end": "2001:db8::ffff:ffff:ffff:ffff"}, {"start": "2001:db8::1", "end": "2001:db8::1"}], "host_routes": [], "ip_version": 6, "ipv6_address_mode": null, "cidr": "2001:db8::/64", "id": "9ea2592d-de36-4eb1-8c57-6b3cc319baf8", "subnetpool_id": null}, {"name": "public-subnet", "enable_dhcp": false, "network_id": "55b8f2bf-b9a8-4f4d-891d-624de6f7fafc", "tenant_id": "3f6dd256fe3a4d668b2906e212b7b7b0", "dns_nameservers": [], "gateway_ip": "172.24.4.1", "ipv6_ra_mode": null, "allocation_pools": [{"start": "172.24.4.2", "end": "172.24.4.254"}], "host_routes": [], "ip_version": 4, "ipv6_address_mode": null, "cidr": "172.24.4.0/24", "id": "ea767b00-021f-439d-812f-3596ed239f5a", "subnetpool_id": null}, {"name": "ipv6-private-subnet", "enable_dhcp": true, "network_id": "b13ff1f8-0c3c-4e90-97df-598c57138b08", "tenant_id": "49d4b2b86af14b8e9cc3fbbbec35da1e", "dns_nameservers": [], "gateway_ip": "fde8:1291:d58f::1", "ipv6_ra_mode": "slaac", "allocation_pools": [{"start": "fde8:1291:d58f::2", "end": "fde8:1291:d58f:0:ffff:ffff:ffff:ffff"}], "host_routes": [], "ip_version": 6, "ipv6_address_mode": "slaac", "cidr": "fde8:1291:d58f::/64", "id": "cc3cce0c-13b9-4598-821f-c1a21e1d4da4", "subnetpool_id": null}, {"name": "tempest-subnet-smoke-1873589827", "enable_dhcp": true, "network_id": "5d3e981b-7a24-49f6-b79a-1a986684105a", "tenant_id": "56ce11cba9074c04a7e506f8dd9fe389", "dns_nameservers": [], "gateway_ip": "10.100.0.1", "ipv6_ra_mode": null, "allocation_pools": [{"start": "10.100.0.2", "end": "10.100.0.14"}], "host_routes": [], "ip_version": 4, "ipv6_address_mode": null, "cidr": "10.100.0.0/28", "id": "4d8492f9-3acd-40a4-861c-eb5c5c69857c", "subnetpool_id": null}, {"name": "private-subnet", "enable_dhcp": true, "network_id": "b13ff1f8-0c3c-4e90-97df-598c57138b08", "tenant_id": "49d4b2b86af14b8e9cc3fbbbec35da1e", "dns_nameservers": [], "gateway_ip": "10.0.0.1", "ipv6_ra_mode": null, "allocation_pools": [{"start": "10.0.0.2", "end": "10.0.0.254"}], "host_routes": [], "ip_version": 4, "ipv6_address_mode": null, "cidr": "10.0.0.0/24", "id": "c3a2661d-dc17-4ef0-ba39-5295f1704e90", "subnetpool_id": null}]}
2015-12-17 01:25:29,282 21877 INFO     [tempest_lib.common.rest_client] Request (TestNetworkBasicOps:test_connectivity_between_vms_on_different_networks): 200 GET http://10.0.2.15:9696/v2.0/routers 0.051s
2015-12-17 01:25:29,282 21877 DEBUG    [tempest_lib.common.rest_client] Request - Headers: {'Content-Type': 'application/json', 'Accept': 'application/json', 'X-Auth-Token': '&lt;omitted&gt;'}
        Body: None
    Response - Headers: {'status': '200', 'content-length': '1167', 'content-location': 'http://10.0.2.15:9696/v2.0/routers', 'connection': 'close', 'date': 'Thu, 17 Dec 2015 01:25:29 GMT', 'content-type': 'application/json; charset=UTF-8', 'x-openstack-request-id': 'req-7880e539-b201-4efd-a5af-c5effec2efba'}
        Body: {"routers": [{"status": "ACTIVE", "external_gateway_info": {"network_id": "55b8f2bf-b9a8-4f4d-891d-624de6f7fafc", "enable_snat": true, "external_fixed_ips": [{"subnet_id": "ea767b00-021f-439d-812f-3596ed239f5a", "ip_address": "172.24.4.3"}, {"subnet_id": "9ea2592d-de36-4eb1-8c57-6b3cc319baf8", "ip_address": "2001:db8::4"}]}, "availability_zone_hints": [], "availability_zones": ["nova"], "name": "tempest-router-smoke-1157097378", "admin_state_up": true, "tenant_id": "56ce11cba9074c04a7e506f8dd9fe389", "distributed": false, "routes": [], "ha": false, "id": "75b90779-e479-4a72-afb3-96443ac6ff28"}, {"status": "ACTIVE", "external_gateway_info": {"network_id": "55b8f2bf-b9a8-4f4d-891d-624de6f7fafc", "enable_snat": true, "external_fixed_ips": [{"subnet_id": "ea767b00-021f-439d-812f-3596ed239f5a", "ip_address": "172.24.4.2"}, {"subnet_id": "9ea2592d-de36-4eb1-8c57-6b3cc319baf8", "ip_address": "2001:db8::3"}]}, "availability_zone_hints": [], "availability_zones": ["nova"], "name": "router1", "admin_state_up": true, "tenant_id": "49d4b2b86af14b8e9cc3fbbbec35da1e", "distributed": false, "routes": [], "ha": false, "id": "d14861ce-33de-410e-b76f-42d79c58be80"}]}
2015-12-17 01:25:29,526 21877 INFO     [tempest_lib.common.rest_client] Request (TestNetworkBasicOps:test_connectivity_between_vms_on_different_networks): 200 POST http://10.0.2.15:8774/v2.1/56ce11cba9074c04a7e506f8dd9fe389/os-keypairs 0.243s
2015-12-17 01:25:29,527 21877 DEBUG    [tempest_lib.common.rest_client] Request - Headers: {'Content-Type': 'application/json', 'Accept': 'application/json', 'X-Auth-Token': '&lt;omitted&gt;'}
        Body: {"keypair": {"name": "tempest-TestNetworkBasicOps-1579807645"}}
    Response - Headers: {'status': '200', 'content-length': '2321', 'x-compute-request-id': 'req-1239d65a-dbb0-4cf8-9494-0aecabb5d526', 'vary': 'X-OpenStack-Nova-API-Version', 'connection': 'close', 'x-openstack-nova-api-version': '2.1', 'date': 'Thu, 17 Dec 2015 01:25:29 GMT', 'content-type': 'application/json'}
        Body: {"keypair": {"public_key": "ssh-rsa AAAAB3NzaC1yc2EAAAADAQABAAABAQDLKcQNGLuHaBY03B+XaVqfOgKM6rfpqZJQzIx6zCWTMlpC87JcdBfLzzpS1bA4i3tA5VYWHIjalUMBSp3+Wr3DQWZTqJK99IpTCFSQyjxZNy5kDn8lj55MHKKQd2bxJ5YSoo9QezTG3hSzeGz4p9Fb1YliHagEbqP/7UqEUl1adH9iVJr75UmXlo7TdfteSFzCMKExb50T7EDI6XB+bu3jU/oXv1pL3mv73gOkc3Y5bRVg7b80AqRcF1H0mt9+2Nr4BuoyNV2/z1OZtkW2ncx0Ips1LmBzUdpoy9YNbEL9P4p1OwXfq9oIJ2+Mk3gJYnzyq2qipOi04XqRrotGWVGv Generated-by-Nova", "private_key": "-----BEGIN RSA PRIVATE KEY-----\nMIIEqAIBAAKCAQEAyynEDRi7h2gWNNwfl2lanzoCjOq36amSUMyMeswlkzJaQvOy\nXHQXy886UtWwOIt7QOVWFhyI2pVDAUqd/lq9w0FmU6iSvfSKUwhUkMo8WTcuZA5/\nJY+eTByikHdm8SeWEqKPUHs0xt4Us3hs+KfRW9WJYh2oBG6j/+1KhFJdWnR/YlSa\n++VJl5aO03X7XkhcwjChMW+dE+xAyOlwfm7t41P6F79aS95r+94DpHN2OW0VYO2/\nNAKkXBdR9Jrfftja+AbqMjVdv89TmbZFtp3MdCKbNS5gc1HaaMvWDWxC/T+KdTsF\n36vaCCdvjJN4CWJ88qtqoqTotOF6ka6LRllRrwIDAQABAoIBAFpwTzvdRK20Yh5J\n1y5Z0eOLuVLtsc0slVuukuKfOiLaiV/AiCer7mPl7fqt8XJadRWggb/6F9nmFBvh\nEZAG6O6gkGKxahFxaJop3StPO6ojbF1SLruTwU30eVGCNasoih/liZK0JfxZJDH4\na9oNKp+M4UlyFjdS4WKuSTu6RqBa7JvUD7PwC9xulhybbq+6hpB0rLjW7FdI+T4e\nPmlaRyFmAK69NOYNWO3YMLSNpGX51JaFaHpOc3No26BoX8ZnV31ucF4xHvhCAFGU\njGH/IeqdND/7lGmYbvc2ayf5+zVQCGKCRdsBGEXtYfmczOJTfnCOflv1hFuqMyg0\n7d0vekECggCBANr3qLLOH5TAxBwh6i+/i2JPSWLo/ZXDhdt8nIyI1RijdJf+8sfv\nFsoL0WvAzofa9208y2GYUW+lRx1xee2PfXztkps7o8pAkyIKkrvoWPkYk6/yOCGn\nGa2onKOpmPZ1IQ2oBjvsCn7lxEsCCOwlL32OF9qftodCoP92rb7KwiL/AoIAgQDt\nhdmy3L8pfSxi593vW+XL99mquljjBOOOh9oBHP6MKDkUcyEYWDtz/8yVh/Fwspv2\nlgPxZe3FzNXvUcvGH6lymj22agQmKrBZ5HVtJFrwcKS1VoOSKrfT4ZrPNk7/Y3/J\nYm1QVmAGLxit8qzjHzdTYtksw1BgWQudCxooX3bBUQKCAIEAmfL3w8cSAybIerMJ\nkMqN9++gvA7tg2c1bIyfEFt/31PEvLy9+v3JOwK2GZk0W+YCgeX1ZEeQMfu1FSlc\nPT7eToBFzChRTvi5uXxPkBeavn+eDl0xQ8/VSPg8MQEjj1vogk55G5YoBvIKYWYr\n2cOHMTI+6THTRiP9R78sBvFNLwcCggCAS6gF5sYPkdyQJdTrSVHBSY3h5FLE+1LU\nVNMK6q3cmrI5ND1TvlhkX5eMB9ksW5RYv1ubV+n6qbWMM1WfjbUKGTnuDEuKlMmm\nMIvnp2McIFgQ7r3m3MkEktXapMQMt6ZuzquuXBeXMIER4F5bGWEZE1N6D5sK4BWc\n8GHX7CI0RnECggCAYuE0/Bgpr44C7AzBG06WW+u580LiJQ2ejSH+jZRTTnFGMXBE\nE4yhKBz+roKv8Ti2oL2CIBYnX+TgNk9pjOohTjOMFk6Lwa6GJR50RqpecKYpx703\nvgfjf0MLaphtBOeXIuhRVeRp9m8W62gE7A4lu42KikIcE05/3LkKOkWhUx0=\n-----END RSA PRIVATE KEY-----\n", "user_id": "1b0ed1402b364a448fe2cb6189e52e51", "name": "tempest-TestNetworkBasicOps-1579807645", "fingerprint": "17:21:17:2a:55:1c:1d:8e:dc:63:ab:b2:13:1a:b6:e9"}}
2015-12-17 01:25:29,645 21877 INFO     [tempest_lib.common.rest_client] Request (TestNetworkBasicOps:test_connectivity_between_vms_on_different_networks): 200 POST http://10.0.2.15:5000/v2.0/tokens
2015-12-17 01:25:29,646 21877 DEBUG    [tempest_lib.common.rest_client] Request - Headers: {'Content-Type': 'application/json', 'Accept': 'application/json'}
        Body: &lt;omitted&gt;
    Response - Headers: {'status': '200', 'content-length': '2526', 'vary': 'X-Auth-Token', 'server': 'Apache/2.4.7 (Ubuntu)', 'connection': 'close', 'date': 'Thu, 17 Dec 2015 01:25:29 GMT', 'content-type': 'application/json', 'x-openstack-request-id': 'req-a9586f4c-789c-408d-95bd-e5694802149f'}
        Body: {"access": {"token": {"issued_at": "2015-12-17T01:25:29.633857", "expires": "2015-12-17T02:25:29Z", "id": "f0124fa6bbe24ab88e7fb18ae72ebb16", "tenant": {"description": "tempest-TestNetworkBasicOps-687551100-desc", "enabled": true, "id": "56ce11cba9074c04a7e506f8dd9fe389", "name": "tempest-TestNetworkBasicOps-687551100"}, "audit_ids": ["2NsrkuSkT5mZ3HuZKfk3mw"]}, "serviceCatalog": [{"endpoints": [{"adminURL": "http://10.0.2.15:8774/v2.1/56ce11cba9074c04a7e506f8dd9fe389", "region": "RegionOne", "internalURL": "http://10.0.2.15:8774/v2.1/56ce11cba9074c04a7e506f8dd9fe389", "id": "89d43c27598841ac96bbd5478590d322", "publicURL": "http://10.0.2.15:8774/v2.1/56ce11cba9074c04a7e506f8dd9fe389"}], "endpoints_links": [], "type": "compute", "name": "nova"}, {"endpoints": [{"adminURL": "http://10.0.2.15:9696/", "region": "RegionOne", "internalURL": "http://10.0.2.15:9696/", "id": "06c547877b154583b6f1f8c2b2009216", "publicURL": "http://10.0.2.15:9696/"}], "endpoints_links": [], "type": "network", "name": "neutron"}, {"endpoints": [{"adminURL": "http://10.0.2.15:9292", "region": "RegionOne", "internalURL": "http://10.0.2.15:9292", "id": "bcd764be221e4baa9dda94276e60d057", "publicURL": "http://10.0.2.15:9292"}], "endpoints_links": [], "type": "image", "name": "glance"}, {"endpoints": [{"adminURL": "http://10.0.2.15:8774/v2/56ce11cba9074c04a7e506f8dd9fe389", "region": "RegionOne", "internalURL": "http://10.0.2.15:8774/v2/56ce11cba9074c04a7e506f8dd9fe389", "id": "1df6230650e54230a327279d94c2daf7", "publicURL": "http://10.0.2.15:8774/v2/56ce11cba9074c04a7e506f8dd9fe389"}], "endpoints_links": [], "type": "compute_legacy", "name": "nova_legacy"}, {"endpoints": [{"adminURL": "http://10.0.2.15:8773/", "region": "RegionOne", "internalURL": "http://10.0.2.15:8773/", "id": "0924603b24bb44239da0d4f1416eff63", "publicURL": "http://10.0.2.15:8773/"}], "endpoints_links": [], "type": "ec2", "name": "ec2"}, {"endpoints": [{"adminURL": "http://10.0.2.15:35357/v2.0", "region": "RegionOne", "internalURL": "http://10.0.2.15:5000/v2.0", "id": "2e558595cafc4eb98606b6c4c447ecdd", "publicURL": "http://10.0.2.15:5000/v2.0"}], "endpoints_links": [], "type": "identity", "name": "keystone"}], "user": {"username": "tempest-TestNetworkBasicOps-520288668", "roles_links": [], "id": "1b0ed1402b364a448fe2cb6189e52e51", "roles": [{"name": "_member_"}, {"name": "Member"}], "name": "tempest-TestNetworkBasicOps-520288668"}, "metadata": {"is_admin": 0, "roles": ["9fe2ff9ee4384b1894a90878d3e92bab", "3e11aa2f4d7f4ad1b77fe741537feca5"]}}}
2015-12-17 01:25:29,651 21877 DEBUG    [tempest.common.fixed_network] (TestNetworkBasicOps:test_connectivity_between_vms_on_different_networks) No valid network provided or created, defaulting to fixed_network_name
2015-12-17 01:25:30,014 21877 INFO     [tempest_lib.common.rest_client] Request (TestNetworkBasicOps:test_connectivity_between_vms_on_different_networks): 200 GET http://10.0.2.15:8774/v2.1/56ce11cba9074c04a7e506f8dd9fe389/os-networks 0.362s
2015-12-17 01:25:30,014 21877 DEBUG    [tempest_lib.common.rest_client] Request - Headers: {'Content-Type': 'application/json', 'Accept': 'application/json', 'X-Auth-Token': '&lt;omitted&gt;'}
        Body: None
    Response - Headers: {'status': '200', 'content-length': '479', 'content-location': 'http://10.0.2.15:8774/v2.1/56ce11cba9074c04a7e506f8dd9fe389/os-networks', 'x-compute-request-id': 'req-e1bf2ad1-4636-496e-95d0-80f965603b37', 'vary': 'X-OpenStack-Nova-API-Version', 'connection': 'close', 'x-openstack-nova-api-version': '2.1', 'date': 'Thu, 17 Dec 2015 01:25:30 GMT', 'content-type': 'application/json'}
        Body: {"networks": [{"cidr_v6": null, "dns2": null, "dns1": null, "gateway": null, "broadcast": null, "netmask": null, "gateway_v6": null, "cidr": null, "label": "public", "id": "55b8f2bf-b9a8-4f4d-891d-624de6f7fafc", "netmask_v6": null}, {"cidr_v6": null, "dns2": null, "dns1": null, "gateway": null, "broadcast": null, "netmask": null, "gateway_v6": null, "cidr": null, "label": "tempest-network-smoke--1511262141", "id": "5d3e981b-7a24-49f6-b79a-1a986684105a", "netmask_v6": null}]}
2015-12-17 01:25:30,015 21877 WARNING  [tempest.common.fixed_network] (TestNetworkBasicOps:test_connectivity_between_vms_on_different_networks) Network with name: private not found
2015-12-17 01:25:30,016 21877 INFO     [tempest.common.fixed_network] (TestNetworkBasicOps:test_connectivity_between_vms_on_different_networks) Found network {} available for tenant
2015-12-17 01:25:31,752 21877 INFO     [tempest_lib.common.rest_client] Request (TestNetworkBasicOps:test_connectivity_between_vms_on_different_networks): 202 POST http://10.0.2.15:8774/v2.1/56ce11cba9074c04a7e506f8dd9fe389/servers 1.735s
2015-12-17 01:25:31,753 21877 DEBUG    [tempest_lib.common.rest_client] Request - Headers: {'Content-Type': 'application/json', 'Accept': 'application/json', 'X-Auth-Token': '&lt;omitted&gt;'}
        Body: {"server": {"name": "tempest.common.compute-instance-1815320740", "imageRef": "547c38a2-596d-4825-ad2f-b9373abce6e3", "key_name": "tempest-TestNetworkBasicOps-1579807645", "flavorRef": "42", "networks": [{"uuid": "5d3e981b-7a24-49f6-b79a-1a986684105a"}], "security_groups": [{"name": "tempest-secgroup-smoke-387176993"}]}}
    Response - Headers: {'status': '202', 'content-length': '461', 'x-compute-request-id': 'req-7ea7c167-9bca-44b0-9a53-865da8a26529', 'vary': 'X-OpenStack-Nova-API-Version', 'connection': 'close', 'location': 'http://10.0.2.15:8774/v2.1/56ce11cba9074c04a7e506f8dd9fe389/servers/5a1e97ed-6915-441f-8a78-a14838144fd9', 'x-openstack-nova-api-version': '2.1', 'date': 'Thu, 17 Dec 2015 01:25:31 GMT', 'content-type': 'application/json'}
        Body: {"server": {"security_groups": [{"name": "tempest-secgroup-smoke-387176993"}], "OS-DCF:diskConfig": "MANUAL", "id": "5a1e97ed-6915-441f-8a78-a14838144fd9", "links": [{"href": "http://10.0.2.15:8774/v2.1/56ce11cba9074c04a7e506f8dd9fe389/servers/5a1e97ed-6915-441f-8a78-a14838144fd9", "rel": "self"}, {"href": "http://10.0.2.15:8774/56ce11cba9074c04a7e506f8dd9fe389/servers/5a1e97ed-6915-441f-8a78-a14838144fd9", "rel": "bookmark"}], "adminPass": "jvgK9bVUU2zJ"}}
2015-12-17 01:25:31,888 21877 INFO     [tempest_lib.common.rest_client] Request (TestNetworkBasicOps:test_connectivity_between_vms_on_different_networks): 200 GET http://10.0.2.15:8774/v2.1/56ce11cba9074c04a7e506f8dd9fe389/servers/5a1e97ed-6915-441f-8a78-a14838144fd9 0.132s
2015-12-17 01:25:31,888 21877 DEBUG    [tempest_lib.common.rest_client] Request - Headers: {'Content-Type': 'application/json', 'Accept': 'application/json', 'X-Auth-Token': '&lt;omitted&gt;'}
        Body: None
    Response - Headers: {'status': '200', 'content-length': '1356', 'content-location': 'http://10.0.2.15:8774/v2.1/56ce11cba9074c04a7e506f8dd9fe389/servers/5a1e97ed-6915-441f-8a78-a14838144fd9', 'x-compute-request-id': 'req-5791d590-eef5-4186-bc51-dd00a3a2fc16', 'vary': 'X-OpenStack-Nova-API-Version', 'connection': 'close', 'x-openstack-nova-api-version': '2.1', 'date': 'Thu, 17 Dec 2015 01:25:31 GMT', 'content-type': 'application/json'}
        Body: {"server": {"status": "BUILD", "updated": "2015-12-17T01:25:31Z", "hostId": "", "addresses": {}, "links": [{"href": "http://10.0.2.15:8774/v2.1/56ce11cba9074c04a7e506f8dd9fe389/servers/5a1e97ed-6915-441f-8a78-a14838144fd9", "rel": "self"}, {"href": "http://10.0.2.15:8774/56ce11cba9074c04a7e506f8dd9fe389/servers/5a1e97ed-6915-441f-8a78-a14838144fd9", "rel": "bookmark"}], "key_name": "tempest-TestNetworkBasicOps-1579807645", "image": {"id": "547c38a2-596d-4825-ad2f-b9373abce6e3", "links": [{"href": "http://10.0.2.15:8774/56ce11cba9074c04a7e506f8dd9fe389/images/547c38a2-596d-4825-ad2f-b9373abce6e3", "rel": "bookmark"}]}, "OS-EXT-STS:task_state": "scheduling", "OS-EXT-STS:vm_state": "building", "OS-SRV-USG:launched_at": null, "flavor": {"id": "42", "links": [{"href": "http://10.0.2.15:8774/56ce11cba9074c04a7e506f8dd9fe389/flavors/42", "rel": "bookmark"}]}, "id": "5a1e97ed-6915-441f-8a78-a14838144fd9", "OS-SRV-USG:terminated_at": null, "OS-EXT-AZ:availability_zone": "", "user_id": "1b0ed1402b364a448fe2cb6189e52e51", "name": "tempest.common.compute-instance-1815320740", "created": "2015-12-17T01:25:31Z", "tenant_id": "56ce11cba9074c04a7e506f8dd9fe389", "OS-DCF:diskConfig": "MANUAL", "os-extended-volumes:volumes_attached": [], "accessIPv4": "", "accessIPv6": "", "progress": 0, "OS-EXT-STS:power_state": 0, "config_drive": "", "metadata": {}}}
2015-12-17 01:25:33,123 21877 INFO     [tempest_lib.common.rest_client] Request (TestNetworkBasicOps:test_connectivity_between_vms_on_different_networks): 200 GET http://10.0.2.15:8774/v2.1/56ce11cba9074c04a7e506f8dd9fe389/servers/5a1e97ed-6915-441f-8a78-a14838144fd9 0.219s
2015-12-17 01:25:33,124 21877 DEBUG    [tempest_lib.common.rest_client] Request - Headers: {'Content-Type': 'application/json', 'Accept': 'application/json', 'X-Auth-Token': '&lt;omitted&gt;'}
        Body: None
    Response - Headers: {'status': '200', 'content-length': '1414', 'content-location': 'http://10.0.2.15:8774/v2.1/56ce11cba9074c04a7e506f8dd9fe389/servers/5a1e97ed-6915-441f-8a78-a14838144fd9', 'x-compute-request-id': 'req-5a3783e6-6213-45d8-9028-f10ad28f7748', 'vary': 'X-OpenStack-Nova-API-Version', 'connection': 'close', 'x-openstack-nova-api-version': '2.1', 'date': 'Thu, 17 Dec 2015 01:25:33 GMT', 'content-type': 'application/json'}
        Body: {"server": {"status": "BUILD", "updated": "2015-12-17T01:25:32Z", "hostId": "2dd86663d2f321122fadb95142432990e1a1136409077e088f583899", "addresses": {}, "links": [{"href": "http://10.0.2.15:8774/v2.1/56ce11cba9074c04a7e506f8dd9fe389/servers/5a1e97ed-6915-441f-8a78-a14838144fd9", "rel": "self"}, {"href": "http://10.0.2.15:8774/56ce11cba9074c04a7e506f8dd9fe389/servers/5a1e97ed-6915-441f-8a78-a14838144fd9", "rel": "bookmark"}], "key_name": "tempest-TestNetworkBasicOps-1579807645", "image": {"id": "547c38a2-596d-4825-ad2f-b9373abce6e3", "links": [{"href": "http://10.0.2.15:8774/56ce11cba9074c04a7e506f8dd9fe389/images/547c38a2-596d-4825-ad2f-b9373abce6e3", "rel": "bookmark"}]}, "OS-EXT-STS:task_state": "spawning", "OS-EXT-STS:vm_state": "building", "OS-SRV-USG:launched_at": null, "flavor": {"id": "42", "links": [{"href": "http://10.0.2.15:8774/56ce11cba9074c04a7e506f8dd9fe389/flavors/42", "rel": "bookmark"}]}, "id": "5a1e97ed-6915-441f-8a78-a14838144fd9", "OS-SRV-USG:terminated_at": null, "OS-EXT-AZ:availability_zone": "nova", "user_id": "1b0ed1402b364a448fe2cb6189e52e51", "name": "tempest.common.compute-instance-1815320740", "created": "2015-12-17T01:25:31Z", "tenant_id": "56ce11cba9074c04a7e506f8dd9fe389", "OS-DCF:diskConfig": "MANUAL", "os-extended-volumes:volumes_attached": [], "accessIPv4": "", "accessIPv6": "", "progress": 0, "OS-EXT-STS:power_state": 0, "config_drive": "", "metadata": {}}}
2015-12-17 01:25:33,133 21877 INFO     [tempest.common.waiters] State transition "BUILD/scheduling" ==&gt; "BUILD/spawning" after 2 second wait
2015-12-17 01:25:34,350 21877 INFO     [tempest_lib.common.rest_client] Request (TestNetworkBasicOps:test_connectivity_between_vms_on_different_networks): 200 GET http://10.0.2.15:8774/v2.1/56ce11cba9074c04a7e506f8dd9fe389/servers/5a1e97ed-6915-441f-8a78-a14838144fd9 0.215s
2015-12-17 01:25:34,350 21877 DEBUG    [tempest_lib.common.rest_client] Request - Headers: {'Content-Type': 'application/json', 'Accept': 'application/json', 'X-Auth-Token': '&lt;omitted&gt;'}
        Body: None
    Response - Headers: {'status': '200', 'content-length': '1481', 'content-location': 'http://10.0.2.15:8774/v2.1/56ce11cba9074c04a7e506f8dd9fe389/servers/5a1e97ed-6915-441f-8a78-a14838144fd9', 'x-compute-request-id': 'req-42aac6c6-32df-4074-bf72-665a45c6f6b2', 'vary': 'X-OpenStack-Nova-API-Version', 'connection': 'close', 'x-openstack-nova-api-version': '2.1', 'date': 'Thu, 17 Dec 2015 01:25:34 GMT', 'content-type': 'application/json'}
        Body: {"server": {"status": "BUILD", "updated": "2015-12-17T01:25:32Z", "hostId": "2dd86663d2f321122fadb95142432990e1a1136409077e088f583899", "addresses": {}, "links": [{"href": "http://10.0.2.15:8774/v2.1/56ce11cba9074c04a7e506f8dd9fe389/servers/5a1e97ed-6915-441f-8a78-a14838144fd9", "rel": "self"}, {"href": "http://10.0.2.15:8774/56ce11cba9074c04a7e506f8dd9fe389/servers/5a1e97ed-6915-441f-8a78-a14838144fd9", "rel": "bookmark"}], "key_name": "tempest-TestNetworkBasicOps-1579807645", "image": {"id": "547c38a2-596d-4825-ad2f-b9373abce6e3", "links": [{"href": "http://10.0.2.15:8774/56ce11cba9074c04a7e506f8dd9fe389/images/547c38a2-596d-4825-ad2f-b9373abce6e3", "rel": "bookmark"}]}, "OS-EXT-STS:task_state": "spawning", "OS-EXT-STS:vm_state": "building", "OS-SRV-USG:launched_at": null, "flavor": {"id": "42", "links": [{"href": "http://10.0.2.15:8774/56ce11cba9074c04a7e506f8dd9fe389/flavors/42", "rel": "bookmark"}]}, "id": "5a1e97ed-6915-441f-8a78-a14838144fd9", "security_groups": [{"name": "tempest-secgroup-smoke-387176993"}], "OS-SRV-USG:terminated_at": null, "OS-EXT-AZ:availability_zone": "nova", "user_id": "1b0ed1402b364a448fe2cb6189e52e51", "name": "tempest.common.compute-instance-1815320740", "created": "2015-12-17T01:25:31Z", "tenant_id": "56ce11cba9074c04a7e506f8dd9fe389", "OS-DCF:diskConfig": "MANUAL", "os-extended-volumes:volumes_attached": [], "accessIPv4": "", "accessIPv6": "", "progress": 0, "OS-EXT-STS:power_state": 0, "config_drive": "", "metadata": {}}}
2015-12-17 01:25:35,580 21877 INFO     [tempest_lib.common.rest_client] Request (TestNetworkBasicOps:test_connectivity_between_vms_on_different_networks): 200 GET http://10.0.2.15:8774/v2.1/56ce11cba9074c04a7e506f8dd9fe389/servers/5a1e97ed-6915-441f-8a78-a14838144fd9 0.220s
2015-12-17 01:25:35,581 21877 DEBUG    [tempest_lib.common.rest_client] Request - Headers: {'Content-Type': 'application/json', 'Accept': 'application/json', 'X-Auth-Token': '&lt;omitted&gt;'}
        Body: None
    Response - Headers: {'status': '200', 'content-length': '1653', 'content-location': 'http://10.0.2.15:8774/v2.1/56ce11cba9074c04a7e506f8dd9fe389/servers/5a1e97ed-6915-441f-8a78-a14838144fd9', 'x-compute-request-id': 'req-44978801-22cc-46b6-aa72-e8f864309619', 'vary': 'X-OpenStack-Nova-API-Version', 'connection': 'close', 'x-openstack-nova-api-version': '2.1', 'date': 'Thu, 17 Dec 2015 01:25:35 GMT', 'content-type': 'application/json'}
        Body: {"server": {"status": "ACTIVE", "updated": "2015-12-17T01:25:35Z", "hostId": "2dd86663d2f321122fadb95142432990e1a1136409077e088f583899", "addresses": {"tempest-network-smoke--1511262141": [{"OS-EXT-IPS-MAC:mac_addr": "fa:16:3e:1c:a7:13", "version": 4, "addr": "10.100.0.3", "OS-EXT-IPS:type": "fixed"}]}, "links": [{"href": "http://10.0.2.15:8774/v2.1/56ce11cba9074c04a7e506f8dd9fe389/servers/5a1e97ed-6915-441f-8a78-a14838144fd9", "rel": "self"}, {"href": "http://10.0.2.15:8774/56ce11cba9074c04a7e506f8dd9fe389/servers/5a1e97ed-6915-441f-8a78-a14838144fd9", "rel": "bookmark"}], "key_name": "tempest-TestNetworkBasicOps-1579807645", "image": {"id": "547c38a2-596d-4825-ad2f-b9373abce6e3", "links": [{"href": "http://10.0.2.15:8774/56ce11cba9074c04a7e506f8dd9fe389/images/547c38a2-596d-4825-ad2f-b9373abce6e3", "rel": "bookmark"}]}, "OS-EXT-STS:task_state": null, "OS-EXT-STS:vm_state": "active", "OS-SRV-USG:launched_at": "2015-12-17T01:25:35.000000", "flavor": {"id": "42", "links": [{"href": "http://10.0.2.15:8774/56ce11cba9074c04a7e506f8dd9fe389/flavors/42", "rel": "bookmark"}]}, "id": "5a1e97ed-6915-441f-8a78-a14838144fd9", "security_groups": [{"name": "tempest-secgroup-smoke-387176993"}], "OS-SRV-USG:terminated_at": null, "OS-EXT-AZ:availability_zone": "nova", "user_id": "1b0ed1402b364a448fe2cb6189e52e51", "name": "tempest.common.compute-instance-1815320740", "created": "2015-12-17T01:25:31Z", "tenant_id": "56ce11cba9074c04a7e506f8dd9fe389", "OS-DCF:diskConfig": "MANUAL", "os-extended-volumes:volumes_attached": [], "accessIPv4": "", "accessIPv6": "", "progress": 0, "OS-EXT-STS:power_state": 1, "config_drive": "True", "metadata": {}}}
2015-12-17 01:25:35,591 21877 INFO     [tempest.common.waiters] State transition "BUILD/spawning" ==&gt; "ACTIVE/None" after 4 second wait
2015-12-17 01:25:35,799 21877 INFO     [tempest_lib.common.rest_client] Request (TestNetworkBasicOps:test_connectivity_between_vms_on_different_networks): 200 GET http://10.0.2.15:8774/v2.1/56ce11cba9074c04a7e506f8dd9fe389/servers/5a1e97ed-6915-441f-8a78-a14838144fd9 0.208s
2015-12-17 01:25:35,800 21877 DEBUG    [tempest_lib.common.rest_client] Request - Headers: {'Content-Type': 'application/json', 'Accept': 'application/json', 'X-Auth-Token': '&lt;omitted&gt;'}
        Body: None
    Response - Headers: {'status': '200', 'content-length': '1653', 'content-location': 'http://10.0.2.15:8774/v2.1/56ce11cba9074c04a7e506f8dd9fe389/servers/5a1e97ed-6915-441f-8a78-a14838144fd9', 'x-compute-request-id': 'req-a10fda74-d3aa-4f69-a170-7424d0af8ba5', 'vary': 'X-OpenStack-Nova-API-Version', 'connection': 'close', 'x-openstack-nova-api-version': '2.1', 'date': 'Thu, 17 Dec 2015 01:25:35 GMT', 'content-type': 'application/json'}
        Body: {"server": {"status": "ACTIVE", "updated": "2015-12-17T01:25:35Z", "hostId": "2dd86663d2f321122fadb95142432990e1a1136409077e088f583899", "addresses": {"tempest-network-smoke--1511262141": [{"OS-EXT-IPS-MAC:mac_addr": "fa:16:3e:1c:a7:13", "version": 4, "addr": "10.100.0.3", "OS-EXT-IPS:type": "fixed"}]}, "links": [{"href": "http://10.0.2.15:8774/v2.1/56ce11cba9074c04a7e506f8dd9fe389/servers/5a1e97ed-6915-441f-8a78-a14838144fd9", "rel": "self"}, {"href": "http://10.0.2.15:8774/56ce11cba9074c04a7e506f8dd9fe389/servers/5a1e97ed-6915-441f-8a78-a14838144fd9", "rel": "bookmark"}], "key_name": "tempest-TestNetworkBasicOps-1579807645", "image": {"id": "547c38a2-596d-4825-ad2f-b9373abce6e3", "links": [{"href": "http://10.0.2.15:8774/56ce11cba9074c04a7e506f8dd9fe389/images/547c38a2-596d-4825-ad2f-b9373abce6e3", "rel": "bookmark"}]}, "OS-EXT-STS:task_state": null, "OS-EXT-STS:vm_state": "active", "OS-SRV-USG:launched_at": "2015-12-17T01:25:35.000000", "flavor": {"id": "42", "links": [{"href": "http://10.0.2.15:8774/56ce11cba9074c04a7e506f8dd9fe389/flavors/42", "rel": "bookmark"}]}, "id": "5a1e97ed-6915-441f-8a78-a14838144fd9", "security_groups": [{"name": "tempest-secgroup-smoke-387176993"}], "OS-SRV-USG:terminated_at": null, "OS-EXT-AZ:availability_zone": "nova", "user_id": "1b0ed1402b364a448fe2cb6189e52e51", "name": "tempest.common.compute-instance-1815320740", "created": "2015-12-17T01:25:31Z", "tenant_id": "56ce11cba9074c04a7e506f8dd9fe389", "OS-DCF:diskConfig": "MANUAL", "os-extended-volumes:volumes_attached": [], "accessIPv4": "", "accessIPv6": "", "progress": 0, "OS-EXT-STS:power_state": 1, "config_drive": "True", "metadata": {}}}
2015-12-17 01:25:35,810 21877 INFO     [tempest.scenario.manager] Tenant networks not configured to be reachable.
2015-12-17 01:25:35,844 21877 INFO     [tempest_lib.common.rest_client] Request (TestNetworkBasicOps:test_connectivity_between_vms_on_different_networks): 200 GET http://10.0.2.15:9696/v2.0/ports?status=ACTIVE&amp;fixed_ip=None&amp;device_id=5a1e97ed-6915-441f-8a78-a14838144fd9 0.034s
2015-12-17 01:25:35,845 21877 DEBUG    [tempest_lib.common.rest_client] Request - Headers: {'Content-Type': 'application/json', 'Accept': 'application/json', 'X-Auth-Token': '&lt;omitted&gt;'}
        Body: None
    Response - Headers: {'status': '200', 'content-length': '895', 'content-location': 'http://10.0.2.15:9696/v2.0/ports?status=ACTIVE&amp;fixed_ip=None&amp;device_id=5a1e97ed-6915-441f-8a78-a14838144fd9', 'connection': 'close', 'date': 'Thu, 17 Dec 2015 01:25:35 GMT', 'content-type': 'application/json; charset=UTF-8', 'x-openstack-request-id': 'req-6a3238ec-4f3d-4fc9-9b21-3228a513788a'}
        Body: {"ports": [{"status": "ACTIVE", "binding:host_id": "vagrant-ubuntu-trusty-64", "allowed_address_pairs": [], "extra_dhcp_opts": [], "dns_assignment": [{"hostname": "host-10-100-0-3", "ip_address": "10.100.0.3", "fqdn": "host-10-100-0-3.openstacklocal."}], "device_owner": "compute:None", "port_security_enabled": true, "binding:profile": {}, "fixed_ips": [{"subnet_id": "4d8492f9-3acd-40a4-861c-eb5c5c69857c", "ip_address": "10.100.0.3"}], "id": "3185fd29-beed-4d12-87a0-0e9399a21509", "security_groups": ["d64d210d-9304-48da-824f-f7fb3ad51db8"], "device_id": "5a1e97ed-6915-441f-8a78-a14838144fd9", "name": "", "admin_state_up": true, "network_id": "5d3e981b-7a24-49f6-b79a-1a986684105a", "dns_name": "", "binding:vif_details": {"port_filter": true}, "binding:vnic_type": "normal", "binding:vif_type": "ovs", "tenant_id": "56ce11cba9074c04a7e506f8dd9fe389", "mac_address": "fa:16:3e:1c:a7:13"}]}
2015-12-17 01:25:36,436 21877 INFO     [tempest_lib.common.rest_client] Request (TestNetworkBasicOps:test_connectivity_between_vms_on_different_networks): 201 POST http://10.0.2.15:9696/v2.0/floatingips 0.590s
2015-12-17 01:25:36,437 21877 DEBUG    [tempest_lib.common.rest_client] Request - Headers: {'Content-Type': 'application/json', 'Accept': 'application/json', 'X-Auth-Token': '&lt;omitted&gt;'}
        Body: {"floatingip": {"floating_network_id": "55b8f2bf-b9a8-4f4d-891d-624de6f7fafc", "tenant_id": "56ce11cba9074c04a7e506f8dd9fe389", "fixed_ip_address": "10.100.0.3", "port_id": "3185fd29-beed-4d12-87a0-0e9399a21509"}}
    Response - Headers: {'status': '201', 'content-length': '367', 'connection': 'close', 'date': 'Thu, 17 Dec 2015 01:25:36 GMT', 'content-type': 'application/json; charset=UTF-8', 'x-openstack-request-id': 'req-920805c8-7bf0-417f-a67c-c496b510a851'}
        Body: {"floatingip": {"floating_network_id": "55b8f2bf-b9a8-4f4d-891d-624de6f7fafc", "router_id": "75b90779-e479-4a72-afb3-96443ac6ff28", "fixed_ip_address": "10.100.0.3", "floating_ip_address": "172.24.4.4", "tenant_id": "56ce11cba9074c04a7e506f8dd9fe389", "status": "DOWN", "port_id": "3185fd29-beed-4d12-87a0-0e9399a21509", "id": "91c80d51-99c7-4fbb-88e2-0ad22f171a7d"}}
2015-12-17 01:25:36,456 21877 INFO     [tempest_lib.common.rest_client] Request (TestNetworkBasicOps:test_connectivity_between_vms_on_different_networks): 200 GET http://10.0.2.15:9696/v2.0/floatingips/91c80d51-99c7-4fbb-88e2-0ad22f171a7d 0.018s
2015-12-17 01:25:36,457 21877 DEBUG    [tempest_lib.common.rest_client] Request - Headers: {'Content-Type': 'application/json', 'Accept': 'application/json', 'X-Auth-Token': '&lt;omitted&gt;'}
        Body: None
    Response - Headers: {'status': '200', 'content-length': '367', 'content-location': 'http://10.0.2.15:9696/v2.0/floatingips/91c80d51-99c7-4fbb-88e2-0ad22f171a7d', 'connection': 'close', 'date': 'Thu, 17 Dec 2015 01:25:36 GMT', 'content-type': 'application/json; charset=UTF-8', 'x-openstack-request-id': 'req-e65f58bd-0858-4902-afc8-03d5ed9f296e'}
        Body: {"floatingip": {"floating_network_id": "55b8f2bf-b9a8-4f4d-891d-624de6f7fafc", "router_id": "75b90779-e479-4a72-afb3-96443ac6ff28", "fixed_ip_address": "10.100.0.3", "floating_ip_address": "172.24.4.4", "tenant_id": "56ce11cba9074c04a7e506f8dd9fe389", "status": "DOWN", "port_id": "3185fd29-beed-4d12-87a0-0e9399a21509", "id": "91c80d51-99c7-4fbb-88e2-0ad22f171a7d"}}
2015-12-17 01:25:37,471 21877 INFO     [tempest_lib.common.rest_client] Request (TestNetworkBasicOps:test_connectivity_between_vms_on_different_networks): 200 GET http://10.0.2.15:9696/v2.0/floatingips/91c80d51-99c7-4fbb-88e2-0ad22f171a7d 0.013s
2015-12-17 01:25:37,472 21877 DEBUG    [tempest_lib.common.rest_client] Request - Headers: {'Content-Type': 'application/json', 'Accept': 'application/json', 'X-Auth-Token': '&lt;omitted&gt;'}
        Body: None
    Response - Headers: {'status': '200', 'content-length': '369', 'content-location': 'http://10.0.2.15:9696/v2.0/floatingips/91c80d51-99c7-4fbb-88e2-0ad22f171a7d', 'connection': 'close', 'date': 'Thu, 17 Dec 2015 01:25:37 GMT', 'content-type': 'application/json; charset=UTF-8', 'x-openstack-request-id': 'req-956e40b6-c554-4559-8e31-9cb7caa5b149'}
        Body: {"floatingip": {"floating_network_id": "55b8f2bf-b9a8-4f4d-891d-624de6f7fafc", "router_id": "75b90779-e479-4a72-afb3-96443ac6ff28", "fixed_ip_address": "10.100.0.3", "floating_ip_address": "172.24.4.4", "tenant_id": "56ce11cba9074c04a7e506f8dd9fe389", "status": "ACTIVE", "port_id": "3185fd29-beed-4d12-87a0-0e9399a21509", "id": "91c80d51-99c7-4fbb-88e2-0ad22f171a7d"}}
2015-12-17 01:25:37,472 21877 INFO     [tempest.scenario.manager] FloatingIP: &lt;"FloatingIP" addr="172.24.4.4" id="91c80d51-99c7-4fbb-88e2-0ad22f171a7d"&gt; is at status: ACTIVE
2015-12-17 01:25:37,472 21877 DEBUG    [tempest.scenario.manager] checking network connections to IP 172.24.4.4 with user: cirros
2015-12-17 01:25:37,473 21877 DEBUG    [tempest.scenario.manager] TestNetworkBasicOps:test_connectivity_between_vms_on_different_networks begins to ping 172.24.4.4 in 120 sec and the expected result is reachable
2015-12-17 01:27:37,803 21877 DEBUG    [tempest.scenario.manager] TestNetworkBasicOps:test_connectivity_between_vms_on_different_networks finishes ping 172.24.4.4 in 120 sec and the ping result is unexpected
2015-12-17 01:27:37,804 21877 ERROR    [tempest.scenario.manager] Public network connectivity check failed
2015-12-17 01:27:37.804 21877 ERROR tempest.scenario.manager Traceback (most recent call last):
2015-12-17 01:27:37.804 21877 ERROR tempest.scenario.manager   File "tempest/scenario/manager.py", line 608, in check_public_network_connectivity
2015-12-17 01:27:37.804 21877 ERROR tempest.scenario.manager     should_connect=should_connect)
2015-12-17 01:27:37.804 21877 ERROR tempest.scenario.manager   File "tempest/scenario/manager.py", line 592, in check_vm_connectivity
2015-12-17 01:27:37.804 21877 ERROR tempest.scenario.manager     msg=msg)
2015-12-17 01:27:37.804 21877 ERROR tempest.scenario.manager   File "/usr/local/lib/python2.7/dist-packages/unittest2/case.py", line 702, in assertTrue
2015-12-17 01:27:37.804 21877 ERROR tempest.scenario.manager     raise self.failureException(msg)
2015-12-17 01:27:37.804 21877 ERROR tempest.scenario.manager AssertionError: False is not true : Timed out waiting for 172.24.4.4 to become reachable
2015-12-17 01:27:37.804 21877 ERROR tempest.scenario.manager 
2015-12-17 01:27:38,271 21877 INFO     [tempest_lib.common.rest_client] Request (TestNetworkBasicOps:test_connectivity_between_vms_on_different_networks): 200 POST http://10.0.2.15:8774/v2.1/56ce11cba9074c04a7e506f8dd9fe389/servers/5a1e97ed-6915-441f-8a78-a14838144fd9/action 0.463s
2015-12-17 01:27:38,271 21877 DEBUG    [tempest_lib.common.rest_client] Request - Headers: {'Content-Type': 'application/json', 'Accept': 'application/json', 'X-Auth-Token': '&lt;omitted&gt;'}
        Body: {"os-getConsoleOutput": {}}
    Response - Headers: {'status': '200', 'content-length': '17582', 'x-compute-request-id': 'req-f81b80b3-fb69-4a00-b80a-e51300fd750a', 'vary': 'X-OpenStack-Nova-API-Version', 'connection': 'close', 'x-openstack-nova-api-version': '2.1', 'date': 'Thu, 17 Dec 2015 01:27:38 GMT', 'content-type': 'application/json'}
        Body: {"output": "[    0.000000] Initializing cgroup subsys cpuset\n[    0.000000] Initializing cgroup subsys cpu\n[    0.000000] Linux version 3.2.0-80-virtual (buildd@batsu) (gcc version 4.6.3 (Ubuntu/Linaro 4.6.3-1ubuntu5) ) #116-Ubuntu SMP Mon Mar 23 17:28:52 UTC 2015 (Ubuntu 3.2.0-80.116-virtual 3.2.68)\n[    0.000000] Command line: root=/dev/vda console=tty0 console=ttyS0 no_timer_check\n[    0.000000] KERNEL supported cpus:\n[    0.000000]   Intel GenuineIntel\n[    0.000000]   AMD AuthenticAMD\n[    0.000000]   Centaur CentaurHauls\n[    0.000000] BIOS-provided physical RAM map:\n[    0.000000]  BIOS-e820: 0000000000000000 - 000000000009fc00 (usable)\n[    0.000000]  BIOS-e820: 000000000009fc00 - 00000000000a0000 (reserved)\n[    0.000000]  BIOS-e820: 00000000000f0000 - 0000000000100000 (reserved)\n[    0.000000]  BIOS-e820: 0000000000100000 - 0000000003ffe000 (usable)\n[    0.000000]  BIOS-e820: 0000000003ffe000 - 0000000004000000 (reserved)\n[    0.000000]  BIOS-e820: 00000000fffc0000 - 0000000100000000 (reserved)\n[    0.000000] NX (Execute Disable) protection: active\n[    0.000000] SMBIOS 2.4 present.\n[    0.000000] No AGP bridge found\n[    0.000000] last_pfn = 0x3ffe max_arch_pfn = 0x400000000\n[    0.000000] x86 PAT enabled: cpu 0, old 0x7040600070406, new 0x7010600070106\n[    0.000000] found SMP MP-table at [ffff8800000f0b00] f0b00\n[    0.000000] init_memory_mapping: 0000000000000000-0000000003ffe000\n[    0.000000] RAMDISK: 03c5e000 - 03ff0000\n[    0.000000] ACPI: RSDP 00000000000f0950 00014 (v00 BOCHS )\n[    0.000000] ACPI: RSDT 0000000003fffbc1 00034 (v01 BOCHS  BXPCRSDT 00000001 BXPC 00000001)\n[    0.000000] ACPI: FACP 0000000003fff1c0 00074 (v01 BOCHS  BXPCFACP 00000001 BXPC 00000001)\n[    0.000000] ACPI: DSDT 0000000003ffe040 01180 (v01 BOCHS  BXPCDSDT 00000001 BXPC 00000001)\n[    0.000000] ACPI: FACS 0000000003ffe000 00040\n[    0.000000] ACPI: SSDT 0000000003fff234 008DD (v01 BOCHS  BXPCSSDT 00000001 BXPC 00000001)\n[    0.000000] ACPI: APIC 0000000003fffb11 00078 (v01 BOCHS  BXPCAPIC 00000001 BXPC 00000001)\n[    0.000000] ACPI: HPET 0000000003fffb89 00038 (v01 BOCHS  BXPCHPET 00000001 BXPC 00000001)\n[    0.000000] No NUMA configuration found\n[    0.000000] Faking a node at 0000000000000000-0000000003ffe000\n[    0.000000] Initmem setup node 0 0000000000000000-0000000003ffe000\n[    0.000000]   NODE_DATA [0000000003ff6000 - 0000000003ffafff]\n[    0.000000] Zone PFN ranges:\n[    0.000000]   DMA      0x00000010 -&gt; 0x00001000\n[    0.000000]   DMA32    0x00001000 -&gt; 0x00100000\n[    0.000000]   Normal   empty\n[    0.000000] Movable zone start PFN for each node\n[    0.000000] early_node_map[2] active PFN ranges\n[    0.000000]     0: 0x00000010 -&gt; 0x0000009f\n[    0.000000]     0: 0x00000100 -&gt; 0x00003ffe\n[    0.000000] ACPI: PM-Timer IO Port: 0xb008\n[    0.000000] ACPI: LAPIC (acpi_id[0x00] lapic_id[0x00] enabled)\n[    0.000000] ACPI: LAPIC_NMI (acpi_id[0xff] dfl dfl lint[0x1])\n[    0.000000] ACPI: IOAPIC (id[0x00] address[0xfec00000] gsi_base[0])\n[    0.000000] IOAPIC[0]: apic_id 0, version 17, address 0xfec00000, GSI 0-23\n[    0.000000] ACPI: INT_SRC_OVR (bus 0 bus_irq 0 global_irq 2 dfl dfl)\n[    0.000000] ACPI: INT_SRC_OVR (bus 0 bus_irq 5 global_irq 5 high level)\n[    0.000000] ACPI: INT_SRC_OVR (bus 0 bus_irq 9 global_irq 9 high level)\n[    0.000000] ACPI: INT_SRC_OVR (bus 0 bus_irq 10 global_irq 10 high level)\n[    0.000000] ACPI: INT_SRC_OVR (bus 0 bus_irq 11 global_irq 11 high level)\n[    0.000000] Using ACPI (MADT) for SMP configuration information\n[    0.000000] ACPI: HPET id: 0x8086a201 base: 0xfed00000\n[    0.000000] SMP: Allowing 1 CPUs, 0 hotplug CPUs\n[    0.000000] PM: Registered nosave memory: 000000000009f000 - 00000000000a0000\n[    0.000000] PM: Registered nosave memory: 00000000000a0000 - 00000000000f0000\n[    0.000000] PM: Registered nosave memory: 00000000000f0000 - 0000000000100000\n[    0.000000] Allocating PCI resources starting at 4000000 (gap: 4000000:fbfc0000)\n[    0.000000] Booting paravirtualized kernel on bare hardware\n[    0.000000] setup_pe
2015-12-17 01:27:38,275 21877 DEBUG    [tempest.scenario.manager] Console output for 5a1e97ed-6915-441f-8a78-a14838144fd9
body=
[    0.000000] Initializing cgroup subsys cpuset
[    0.000000] Initializing cgroup subsys cpu
[    0.000000] Linux version 3.2.0-80-virtual (buildd@batsu) (gcc version 4.6.3 (Ubuntu/Linaro 4.6.3-1ubuntu5) ) #116-Ubuntu SMP Mon Mar 23 17:28:52 UTC 2015 (Ubuntu 3.2.0-80.116-virtual 3.2.68)
[    0.000000] Command line: root=/dev/vda console=tty0 console=ttyS0 no_timer_check
[    0.000000] KERNEL supported cpus:
[    0.000000]   Intel GenuineIntel
[    0.000000]   AMD AuthenticAMD
[    0.000000]   Centaur CentaurHauls
[    0.000000] BIOS-provided physical RAM map:
[    0.000000]  BIOS-e820: 0000000000000000 - 000000000009fc00 (usable)
[    0.000000]  BIOS-e820: 000000000009fc00 - 00000000000a0000 (reserved)
[    0.000000]  BIOS-e820: 00000000000f0000 - 0000000000100000 (reserved)
[    0.000000]  BIOS-e820: 0000000000100000 - 0000000003ffe000 (usable)
[    0.000000]  BIOS-e820: 0000000003ffe000 - 0000000004000000 (reserved)
[    0.000000]  BIOS-e820: 00000000fffc0000 - 0000000100000000 (reserved)
[    0.000000] NX (Execute Disable) protection: active
[    0.000000] SMBIOS 2.4 present.
[    0.000000] No AGP bridge found
[    0.000000] last_pfn = 0x3ffe max_arch_pfn = 0x400000000
[    0.000000] x86 PAT enabled: cpu 0, old 0x7040600070406, new 0x7010600070106
[    0.000000] found SMP MP-table at [ffff8800000f0b00] f0b00
[    0.000000] init_memory_mapping: 0000000000000000-0000000003ffe000
[    0.000000] RAMDISK: 03c5e000 - 03ff0000
[    0.000000] ACPI: RSDP 00000000000f0950 00014 (v00 BOCHS )
[    0.000000] ACPI: RSDT 0000000003fffbc1 00034 (v01 BOCHS  BXPCRSDT 00000001 BXPC 00000001)
[    0.000000] ACPI: FACP 0000000003fff1c0 00074 (v01 BOCHS  BXPCFACP 00000001 BXPC 00000001)
[    0.000000] ACPI: DSDT 0000000003ffe040 01180 (v01 BOCHS  BXPCDSDT 00000001 BXPC 00000001)
[    0.000000] ACPI: FACS 0000000003ffe000 00040
[    0.000000] ACPI: SSDT 0000000003fff234 008DD (v01 BOCHS  BXPCSSDT 00000001 BXPC 00000001)
[    0.000000] ACPI: APIC 0000000003fffb11 00078 (v01 BOCHS  BXPCAPIC 00000001 BXPC 00000001)
[    0.000000] ACPI: HPET 0000000003fffb89 00038 (v01 BOCHS  BXPCHPET 00000001 BXPC 00000001)
[    0.000000] No NUMA configuration found
[    0.000000] Faking a node at 0000000000000000-0000000003ffe000
[    0.000000] Initmem setup node 0 0000000000000000-0000000003ffe000
[    0.000000]   NODE_DATA [0000000003ff6000 - 0000000003ffafff]
[    0.000000] Zone PFN ranges:
[    0.000000]   DMA      0x00000010 -&gt; 0x00001000
[    0.000000]   DMA32    0x00001000 -&gt; 0x00100000
[    0.000000]   Normal   empty
[    0.000000] Movable zone start PFN for each node
[    0.000000] early_node_map[2] active PFN ranges
[    0.000000]     0: 0x00000010 -&gt; 0x0000009f
[    0.000000]     0: 0x00000100 -&gt; 0x00003ffe
[    0.000000] ACPI: PM-Timer IO Port: 0xb008
[    0.000000] ACPI: LAPIC (acpi_id[0x00] lapic_id[0x00] enabled)
[    0.000000] ACPI: LAPIC_NMI (acpi_id[0xff] dfl dfl lint[0x1])
[    0.000000] ACPI: IOAPIC (id[0x00] address[0xfec00000] gsi_base[0])
[    0.000000] IOAPIC[0]: apic_id 0, version 17, address 0xfec00000, GSI 0-23
[    0.000000] ACPI: INT_SRC_OVR (bus 0 bus_irq 0 global_irq 2 dfl dfl)
[    0.000000] ACPI: INT_SRC_OVR (bus 0 bus_irq 5 global_irq 5 high level)
[    0.000000] ACPI: INT_SRC_OVR (bus 0 bus_irq 9 global_irq 9 high level)
[    0.000000] ACPI: INT_SRC_OVR (bus 0 bus_irq 10 global_irq 10 high level)
[    0.000000] ACPI: INT_SRC_OVR (bus 0 bus_irq 11 global_irq 11 high level)
[    0.000000] Using ACPI (MADT) for SMP configuration information
[    0.000000] ACPI: HPET id: 0x8086a201 base: 0xfed00000
[    0.000000] SMP: Allowing 1 CPUs, 0 hotplug CPUs
[    0.000000] PM: Registered nosave memory: 000000000009f000 - 00000000000a0000
[    0.000000] PM: Registered nosave memory: 00000000000a0000 - 00000000000f0000
[    0.000000] PM: Registered nosave memory: 00000000000f0000 - 0000000000100000
[    0.000000] Allocating PCI resources starting at 4000000 (gap: 4000000:fbfc0000)
[    0.000000] Booting paravirtualized kernel on bare hardware
[    0.000000] setup_percpu: NR_CPUS:64 nr_cpumask_bits:64 nr_cpu_ids:1 nr_node_ids:1
[    0.000000] PERCPU: Embedded 27 pages/cpu @ffff880003a00000 s78848 r8192 d23552 u2097152
[    0.000000] Built 1 zonelists in Node order, mobility grouping on.  Total pages: 16008
[    0.000000] Policy zone: DMA32
[    0.000000] Kernel command line: root=/dev/vda console=tty0 console=ttyS0 no_timer_check
[    0.000000] PID hash table entries: 256 (order: -1, 2048 bytes)
[    0.000000] Checking aperture...
[    0.000000] No AGP bridge found
[    0.000000] Memory: 43492k/65528k available (6576k kernel code, 452k absent, 21584k reserved, 6620k data, 928k init)
[    0.000000] SLUB: Genslabs=15, HWalign=64, Order=0-3, MinObjects=0, CPUs=1, Nodes=1
[    0.000000] Hierarchical RCU implementation.
[    0.000000] 	RCU dyntick-idle grace-period acceleration is enabled.
[    0.000000] NR_IRQS:4352 nr_irqs:256 16
[    0.000000] Console: colour VGA+ 80x25
[    0.000000] console [tty0] enabled
[    0.000000] console [ttyS0] enabled
[    0.000000] allocated 1048576 bytes of page_cgroup
[    0.000000] please try 'cgroup_disable=memory' option if you don't want memory cgroups
[    0.000000] Fast TSC calibration failed
[    0.000000] TSC: Unable to calibrate against PIT
[    0.000000] TSC: using HPET reference calibration
[    0.000000] Detected 2291.877 MHz processor.
[    0.028859] Calibrating delay loop (skipped), value calculated using timer frequency.. 4583.75 BogoMIPS (lpj=9167508)
[    0.032974] pid_max: default: 32768 minimum: 301
[    0.041830] Security Framework initialized
[    0.046506] AppArmor: AppArmor initialized
[    0.047446] Yama: becoming mindful.
[    0.054966] Dentry cache hash table entries: 8192 (order: 4, 65536 bytes)
[    0.056649] Inode-cache hash table entries: 4096 (order: 3, 32768 bytes)
[    0.058126] Mount-cache hash table entries: 256
[    0.074852] Initializing cgroup subsys cpuacct
[    0.076393] Initializing cgroup subsys memory
[    0.080613] Initializing cgroup subsys devices
[    0.081760] Initializing cgroup subsys freezer
[    0.082990] Initializing cgroup subsys blkio
[    0.084290] Initializing cgroup subsys perf_event
[    0.092199] mce: CPU supports 10 MCE banks
[    0.096142] SMP alternatives: switching to UP code
[    0.485668] Freeing SMP alternatives: 24k freed
[    0.487316] ACPI: Core revision 20110623
[    0.532686] ftrace: allocating 26610 entries in 105 pages
[    0.576035] ..TIMER: vector=0x30 apic1=0 pin1=2 apic2=-1 pin2=-1
[    0.576176] CPU0: AMD QEMU Virtual CPU version 2.0.0 stepping 03
[    0.584035] APIC calibration not consistent with PM-Timer: 101ms instead of 100ms
[    0.584035] APIC delta adjusted to PM-Timer: 6251636 (6320361)
[    0.584035] Performance Events: Broken PMU hardware detected, using software events only.
[    0.592987] NMI watchdog disabled (cpu0): hardware events not enabled
[    0.594775] Brought up 1 CPUs
[    0.596239] Total of 1 processors activated (4583.75 BogoMIPS).
[    0.620906] devtmpfs: initialized
[    0.650569] EVM: security.selinux
[    0.651055] EVM: security.SMACK64
[    0.651586] EVM: security.capability
[    0.670437] print_constraints: dummy: 
[    0.672834] RTC time:  1:25:38, date: 12/17/15
[    0.675120] NET: Registered protocol family 16
[    0.685964] ACPI: bus type pci registered
[    0.689226] PCI: Using configuration type 1 for base access
[    0.723534] bio: create slab &lt;bio-0&gt; at 0
[    0.729465] ACPI: Added _OSI(Module Device)
[    0.730257] ACPI: Added _OSI(Processor Device)
[    0.730815] ACPI: Added _OSI(3.0 _SCP Extensions)
[    0.732103] ACPI: Added _OSI(Processor Aggregator Device)
[    0.813191] ACPI: Interpreter enabled
[    0.813818] ACPI: (supports S0 S3 S4 S5)
[    0.816500] ACPI: Using IOAPIC for interrupt routing
[    0.891124] ACPI: No dock devices found.
[    0.892183] HEST: Table not found.
[    0.892757] PCI: Using host bridge windows from ACPI; if necessary, use "pci=nocrs" and report a bug
[    0.900055] ACPI: PCI Root Bridge [PCI0] (domain 0000 [bus 00-ff])
[    0.906655] pci_root PNP0A03:00: host bridge window [io  0x0000-0x0cf7]
[    0.908181] pci_root PNP0A03:00: host bridge window [io  0x0d00-0xadff]
[    0.909063] pci_root PNP0A03:00: host bridge window [io  0xae0f-0xaeff]
[    0.910426] pci_root PNP0A03:00: host bridge window [io  0xaf20-0xafdf]
[    0.912108] pci_root PNP0A03:00: host bridge window [io  0xafe4-0xffff]
[    0.913006] pci_root PNP0A03:00: host bridge window [mem 0x000a0000-0x000bffff]
[    0.914054] pci_root PNP0A03:00: host bridge window [mem 0x04000000-0xfebfffff]
[    0.938898] pci 0000:00:01.3: quirk: [io  0xb000-0xb03f] claimed by PIIX4 ACPI
[    0.940175] pci 0000:00:01.3: quirk: [io  0xb100-0xb10f] claimed by PIIX4 SMB
[    1.012578]  pci0000:00: Unable to request _OSC control (_OSC support mask: 0x1e)
[    1.074351] ACPI: PCI Interrupt Link [LNKA] (IRQs 5 *10 11)
[    1.077050] ACPI: PCI Interrupt Link [LNKB] (IRQs 5 *10 11)
[    1.078951] ACPI: PCI Interrupt Link [LNKC] (IRQs 5 10 *11)
[    1.081269] ACPI: PCI Interrupt Link [LNKD] (IRQs 5 10 *11)
[    1.082446] ACPI: PCI Interrupt Link [LNKS] (IRQs *9)
[    1.093473] vgaarb: device added: PCI:0000:00:02.0,decodes=io+mem,owns=io+mem,locks=none
[    1.095415] vgaarb: loaded
[    1.096225] vgaarb: bridge control possible 0000:00:02.0
[    1.101123] i2c-core: driver [aat2870] using legacy suspend method
[    1.101851] i2c-core: driver [aat2870] using legacy resume method
[    1.105097] SCSI subsystem initialized
[    1.108577] usbcore: registered new interface driver usbfs
[    1.109658] usbcore: registered new interface driver hub
[    1.110833] usbcore: registered new device driver usb
[    1.116831] PCI: Using ACPI for IRQ routing
[    1.136210] NetLabel: Initializing
[    1.137014] NetLabel:  domain hash size = 128
[    1.138199] NetLabel:  protocols = UNLABELED CIPSOv4
[    1.142562] NetLabel:  unlabeled traffic allowed by default
[    1.146132] HPET: 3 timers in total, 0 timers will be used for per-cpu timer
[    1.148354] hpet0: at MMIO 0xfed00000, IRQs 2, 8, 0
[    1.150286] hpet0: 3 comparators, 64-bit 100.000000 MHz counter
[    1.165481] Switching to clocksource hpet
[    1.414251] AppArmor: AppArmor Filesystem Enabled
[    1.415127] pnp: PnP ACPI init
[    1.415809] ACPI: bus type pnp registered
[    1.435103] pnp: PnP ACPI: found 9 devices
[    1.435651] ACPI: ACPI bus type pnp unregistered
[    1.499003] NET: Registered protocol family 2
[    1.547705] IP route cache hash table entries: 512 (order: 0, 4096 bytes)
[    1.555586] TCP established hash table entries: 2048 (order: 3, 32768 bytes)
[    1.557714] TCP bind hash table entries: 2048 (order: 3, 32768 bytes)
[    1.558556] TCP: Hash tables configured (established 2048 bind 2048)
[    1.559436] TCP reno registered
[    1.559965] UDP hash table entries: 128 (order: 0, 4096 bytes)
[    1.561825] UDP-Lite hash table entries: 128 (order: 0, 4096 bytes)
[    1.563794] NET: Registered protocol family 1
[    1.565728] pci 0000:00:00.0: Limiting direct PCI/PCI transfers
[    1.566542] pci 0000:00:01.0: PIIX3: Enabling Passive Release
[    1.567954] pci 0000:00:01.0: Activating ISA DMA hang workarounds
[    1.576287] ACPI: PCI Interrupt Link [LNKD] enabled at IRQ 11
[    1.578693] pci 0000:00:01.2: PCI INT D -&gt; Link[LNKD] -&gt; GSI 11 (level, high) -&gt; IRQ 11
[    1.582011] pci 0000:00:01.2: PCI INT D disabled
[    1.603167] Trying to unpack rootfs image as initramfs...
[    1.622729] audit: initializing netlink socket (disabled)
[    1.626874] type=2000 audit(1450315538.624:1): initialized
[    1.981734] HugeTLB registered 2 MB page size, pre-allocated 0 pages
[    2.062865] VFS: Disk quotas dquot_6.5.2
[    2.065128] Dquot-cache hash table entries: 512 (order 0, 4096 bytes)
[    2.086823] fuse init (API version 7.17)
[    2.090663] msgmni has been set to 84
[    2.127387] Block layer SCSI generic (bsg) driver version 0.4 loaded (major 253)
[    2.129737] io scheduler noop registered
[    2.130255] io scheduler deadline registered (default)
[    2.133906] io scheduler cfq registered
[    2.137345] pci_hotplug: PCI Hot Plug PCI Core version: 0.5
[    2.138780] pciehp: PCI Express Hot Plug Controller Driver version: 0.4
[    2.145887] input: Power Button as /devices/LNXSYSTM:00/LNXPWRBN:00/input/input0
[    2.147223] ACPI: Power Button [PWRF]
[    2.217476] ERST: Table is not found!
[    2.218183] GHES: HEST is not enabled!
[    2.226513] ACPI: PCI Interrupt Link [LNKC] enabled at IRQ 10
[    2.227339] virtio-pci 0000:00:03.0: PCI INT A -&gt; Link[LNKC] -&gt; GSI 10 (level, high) -&gt; IRQ 10
[    2.231136] virtio-pci 0000:00:04.0: PCI INT A -&gt; Link[LNKD] -&gt; GSI 11 (level, high) -&gt; IRQ 11
[    2.246833] ACPI: PCI Interrupt Link [LNKA] enabled at IRQ 10
[    2.247516] virtio-pci 0000:00:05.0: PCI INT A -&gt; Link[LNKA] -&gt; GSI 10 (level, high) -&gt; IRQ 10
[    2.258173] Serial: 8250/16550 driver, 32 ports, IRQ sharing enabled
[    2.301373] serial8250: ttyS0 at I/O 0x3f8 (irq = 4) is a 16550A
[    2.380900] serial8250: ttyS1 at I/O 0x2f8 (irq = 3) is a 16550A
[    2.514378] 00:05: ttyS0 at I/O 0x3f8 (irq = 4) is a 16550A
[    2.606470] 00:06: ttyS1 at I/O 0x2f8 (irq = 3) is a 16550A
[    2.607517] Refined TSC clocksource calibration: 2291.916 MHz.
[    2.609123] Switching to clocksource tsc
[    2.654608] Linux agpgart interface v0.103
[    2.726582] brd: module loaded
[    2.762620] loop: module loaded
[    2.819455]  vda: unknown partition table
[    2.865597] scsi0 : ata_piix
[    2.869601] scsi1 : ata_piix
[    2.870825] ata1: PATA max MWDMA2 cmd 0x1f0 ctl 0x3f6 bmdma 0xc0a0 irq 14
[    2.871673] ata2: PATA max MWDMA2 cmd 0x170 ctl 0x376 bmdma 0xc0a8 irq 15
[    2.882499] Fixed MDIO Bus: probed
[    2.883231] tun: Universal TUN/TAP device driver, 1.6
[    2.883865] tun: (C) 1999-2004 Max Krasnyansky &lt;maxk@qualcomm.com&gt;
[    2.899497] PPP generic driver version 2.4.2
[    2.929925] ehci_hcd: USB 2.0 'Enhanced' Host Controller (EHCI) Driver
[    2.931095] ohci_hcd: USB 1.1 'Open' Host Controller (OHCI) Driver
[    2.932075] uhci_hcd: USB Universal Host Controller Interface driver
[    2.934080] uhci_hcd 0000:00:01.2: PCI INT D -&gt; Link[LNKD] -&gt; GSI 11 (level, high) -&gt; IRQ 11
[    2.937917] uhci_hcd 0000:00:01.2: UHCI Host Controller
[    2.946084] uhci_hcd 0000:00:01.2: new USB bus registered, assigned bus number 1
[    2.947944] uhci_hcd 0000:00:01.2: irq 11, io base 0x0000c040
[    2.988615] hub 1-0:1.0: USB hub found
[    2.991008] hub 1-0:1.0: 2 ports detected
[    2.999096] usbcore: registered new interface driver libusual
[    3.002414] i8042: PNP: PS/2 Controller [PNP0303:KBD,PNP0f13:MOU] at 0x60,0x64 irq 1,12
[    3.007926] serio: i8042 KBD port at 0x60,0x64 irq 1
[    3.011131] serio: i8042 AUX port at 0x60,0x64 irq 12
[    3.059783] mousedev: PS/2 mouse device common for all mice
[    3.073863] input: AT Translated Set 2 keyboard as /devices/platform/i8042/serio0/input/input1
[    3.097429] rtc_cmos 00:01: RTC can wake from S4
[    3.131560] ata2.01: ATAPI: QEMU DVD-ROM, 2.0.0, max UDMA/100
[    3.139464] rtc_cmos 00:01: rtc core: registered rtc_cmos as rtc0
[    3.142684] rtc0: alarms up to one day, 114 bytes nvram, hpet irqs
[    3.146527] device-mapper: uevent: version 1.0.3
[    3.154875] ata2.01: configured for MWDMA2
[    3.181482] device-mapper: ioctl: 4.22.0-ioctl (2011-10-19) initialised: dm-devel@redhat.com
[    3.185210] cpuidle: using governor ladder
[    3.186825] cpuidle: using governor menu
[    3.187641] EFI Variables Facility v0.08 2004-May-17
[    3.195728] TCP cubic registered
[    3.203894] NET: Registered protocol family 10
[    3.248906] NET: Registered protocol family 17
[    3.250834] Registering the dns_resolver key type
[    3.263810] scsi 1:0:1:0: CD-ROM            QEMU     QEMU DVD-ROM     2.0. PQ: 0 ANSI: 5
[    3.282463] sr0: scsi3-mmc drive: 4x/4x cd/rw xa/form2 tray
[    3.284105] cdrom: Uniform CD-ROM driver Revision: 3.20
[    3.300041] sr 1:0:1:0: Attached scsi generic sg0 type 5
[    3.371729] Freeing initrd memory: 3656k freed
[    3.387356] registered taskstats version 1
[    3.888641]   Magic number: 11:790:407
[    3.906008] rtc_cmos 00:01: setting system clock to 2015-12-17 01:25:41 UTC (1450315541)
[    3.907764] powernow-k8: Processor cpuid 663 not supported
[    3.914114] BIOS EDD facility v0.16 2004-Jun-25, 0 devices found
[    3.915385] EDD information not available.
[    3.987682] Freeing unused kernel memory: 928k freed
[    3.994437] Write protecting the kernel read-only data: 12288k
[    4.118499] Freeing unused kernel memory: 1596k freed
[    4.186367] Freeing unused kernel memory: 1184k freed

info: initramfs: up at 4.35
modprobe: module virtio_blk not found in modules.dep
modprobe: module virtio_net not found in modules.dep
info: copying initramfs to /dev/vda
info: initramfs loading root from /dev/vda
info: /etc/init.d/rc.sysinit: up at 9.14
info: container: none
Starting logging: OK
modprobe: module virtio_blk not found in modules.dep
modprobe: module virtio_net not found in modules.dep
WARN: /etc/rc3.d/S10-load-modules failed
Initializing random number generator... done.
Starting acpid: OK
cirros-ds 'local' up at 11.84
found datasource (configdrive, local)
Starting network...
udhcpc (v1.20.1) started
Sending discover...
Sending discover...

2015-12-17 01:27:38,554 21877 INFO     [tempest_lib.common.rest_client] Request (TestNetworkBasicOps:_run_cleanups): 204 DELETE http://10.0.2.15:9696/v2.0/floatingips/91c80d51-99c7-4fbb-88e2-0ad22f171a7d 0.272s
2015-12-17 01:27:38,554 21877 DEBUG    [tempest_lib.common.rest_client] Request - Headers: {'Content-Type': 'application/json', 'Accept': 'application/json', 'X-Auth-Token': '&lt;omitted&gt;'}
        Body: None
    Response - Headers: {'date': 'Thu, 17 Dec 2015 01:27:38 GMT', 'status': '204', 'connection': 'close', 'content-length': '0', 'x-openstack-request-id': 'req-981a29d8-64f6-4833-b127-d123ebe4d1ae'}
        Body: 
2015-12-17 01:27:38,771 21877 INFO     [tempest_lib.common.rest_client] Request (TestNetworkBasicOps:_run_cleanups): 204 DELETE http://10.0.2.15:8774/v2.1/56ce11cba9074c04a7e506f8dd9fe389/servers/5a1e97ed-6915-441f-8a78-a14838144fd9 0.216s
2015-12-17 01:27:38,771 21877 DEBUG    [tempest_lib.common.rest_client] Request - Headers: {'Content-Type': 'application/json', 'Accept': 'application/json', 'X-Auth-Token': '&lt;omitted&gt;'}
        Body: None
    Response - Headers: {'status': '204', 'content-length': '0', 'x-compute-request-id': 'req-b5f7ee8b-f406-4462-8c75-cbf57ad82202', 'vary': 'X-OpenStack-Nova-API-Version', 'connection': 'close', 'x-openstack-nova-api-version': '2.1', 'date': 'Thu, 17 Dec 2015 01:27:38 GMT', 'content-type': 'application/json'}
        Body: 
2015-12-17 01:27:39,070 21877 INFO     [tempest_lib.common.rest_client] Request (TestNetworkBasicOps:_run_cleanups): 200 GET http://10.0.2.15:8774/v2.1/56ce11cba9074c04a7e506f8dd9fe389/servers/5a1e97ed-6915-441f-8a78-a14838144fd9 0.298s
2015-12-17 01:27:39,071 21877 DEBUG    [tempest_lib.common.rest_client] Request - Headers: {'Content-Type': 'application/json', 'Accept': 'application/json', 'X-Auth-Token': '&lt;omitted&gt;'}
        Body: None
    Response - Headers: {'status': '200', 'content-length': '1776', 'content-location': 'http://10.0.2.15:8774/v2.1/56ce11cba9074c04a7e506f8dd9fe389/servers/5a1e97ed-6915-441f-8a78-a14838144fd9', 'x-compute-request-id': 'req-b3b5a32a-487a-4240-bd4f-181553023abb', 'vary': 'X-OpenStack-Nova-API-Version', 'connection': 'close', 'x-openstack-nova-api-version': '2.1', 'date': 'Thu, 17 Dec 2015 01:27:39 GMT', 'content-type': 'application/json'}
        Body: {"server": {"status": "ACTIVE", "updated": "2015-12-17T01:27:38Z", "hostId": "2dd86663d2f321122fadb95142432990e1a1136409077e088f583899", "addresses": {"tempest-network-smoke--1511262141": [{"OS-EXT-IPS-MAC:mac_addr": "fa:16:3e:1c:a7:13", "version": 4, "addr": "10.100.0.3", "OS-EXT-IPS:type": "fixed"}, {"OS-EXT-IPS-MAC:mac_addr": "fa:16:3e:1c:a7:13", "version": 4, "addr": "172.24.4.4", "OS-EXT-IPS:type": "floating"}]}, "links": [{"href": "http://10.0.2.15:8774/v2.1/56ce11cba9074c04a7e506f8dd9fe389/servers/5a1e97ed-6915-441f-8a78-a14838144fd9", "rel": "self"}, {"href": "http://10.0.2.15:8774/56ce11cba9074c04a7e506f8dd9fe389/servers/5a1e97ed-6915-441f-8a78-a14838144fd9", "rel": "bookmark"}], "key_name": "tempest-TestNetworkBasicOps-1579807645", "image": {"id": "547c38a2-596d-4825-ad2f-b9373abce6e3", "links": [{"href": "http://10.0.2.15:8774/56ce11cba9074c04a7e506f8dd9fe389/images/547c38a2-596d-4825-ad2f-b9373abce6e3", "rel": "bookmark"}]}, "OS-EXT-STS:task_state": "deleting", "OS-EXT-STS:vm_state": "active", "OS-SRV-USG:launched_at": "2015-12-17T01:25:35.000000", "flavor": {"id": "42", "links": [{"href": "http://10.0.2.15:8774/56ce11cba9074c04a7e506f8dd9fe389/flavors/42", "rel": "bookmark"}]}, "id": "5a1e97ed-6915-441f-8a78-a14838144fd9", "security_groups": [{"name": "tempest-secgroup-smoke-387176993"}], "OS-SRV-USG:terminated_at": null, "OS-EXT-AZ:availability_zone": "nova", "user_id": "1b0ed1402b364a448fe2cb6189e52e51", "name": "tempest.common.compute-instance-1815320740", "created": "2015-12-17T01:25:31Z", "tenant_id": "56ce11cba9074c04a7e506f8dd9fe389", "OS-DCF:diskConfig": "MANUAL", "os-extended-volumes:volumes_attached": [], "accessIPv4": "", "accessIPv6": "", "progress": 0, "OS-EXT-STS:power_state": 1, "config_drive": "True", "metadata": {}}}
2015-12-17 01:27:40,250 21877 INFO     [tempest_lib.common.rest_client] Request (TestNetworkBasicOps:_run_cleanups): 200 GET http://10.0.2.15:8774/v2.1/56ce11cba9074c04a7e506f8dd9fe389/servers/5a1e97ed-6915-441f-8a78-a14838144fd9 0.169s
2015-12-17 01:27:40,251 21877 DEBUG    [tempest_lib.common.rest_client] Request - Headers: {'Content-Type': 'application/json', 'Accept': 'application/json', 'X-Auth-Token': '&lt;omitted&gt;'}
        Body: None
    Response - Headers: {'status': '200', 'content-length': '1441', 'content-location': 'http://10.0.2.15:8774/v2.1/56ce11cba9074c04a7e506f8dd9fe389/servers/5a1e97ed-6915-441f-8a78-a14838144fd9', 'x-compute-request-id': 'req-e3ccc4a3-995c-41a6-b202-acddfe9d7da3', 'vary': 'X-OpenStack-Nova-API-Version', 'connection': 'close', 'x-openstack-nova-api-version': '2.1', 'date': 'Thu, 17 Dec 2015 01:27:40 GMT', 'content-type': 'application/json'}
        Body: {"server": {"status": "ACTIVE", "updated": "2015-12-17T01:27:39Z", "hostId": "2dd86663d2f321122fadb95142432990e1a1136409077e088f583899", "addresses": {}, "links": [{"href": "http://10.0.2.15:8774/v2.1/56ce11cba9074c04a7e506f8dd9fe389/servers/5a1e97ed-6915-441f-8a78-a14838144fd9", "rel": "self"}, {"href": "http://10.0.2.15:8774/56ce11cba9074c04a7e506f8dd9fe389/servers/5a1e97ed-6915-441f-8a78-a14838144fd9", "rel": "bookmark"}], "key_name": "tempest-TestNetworkBasicOps-1579807645", "image": {"id": "547c38a2-596d-4825-ad2f-b9373abce6e3", "links": [{"href": "http://10.0.2.15:8774/56ce11cba9074c04a7e506f8dd9fe389/images/547c38a2-596d-4825-ad2f-b9373abce6e3", "rel": "bookmark"}]}, "OS-EXT-STS:task_state": "deleting", "OS-EXT-STS:vm_state": "active", "OS-SRV-USG:launched_at": "2015-12-17T01:25:35.000000", "flavor": {"id": "42", "links": [{"href": "http://10.0.2.15:8774/56ce11cba9074c04a7e506f8dd9fe389/flavors/42", "rel": "bookmark"}]}, "id": "5a1e97ed-6915-441f-8a78-a14838144fd9", "OS-SRV-USG:terminated_at": null, "OS-EXT-AZ:availability_zone": "nova", "user_id": "1b0ed1402b364a448fe2cb6189e52e51", "name": "tempest.common.compute-instance-1815320740", "created": "2015-12-17T01:25:31Z", "tenant_id": "56ce11cba9074c04a7e506f8dd9fe389", "OS-DCF:diskConfig": "MANUAL", "os-extended-volumes:volumes_attached": [], "accessIPv4": "", "accessIPv6": "", "progress": 0, "OS-EXT-STS:power_state": 1, "config_drive": "True", "metadata": {}}}
2015-12-17 01:27:41,348 21877 INFO     [tempest_lib.common.rest_client] Request (TestNetworkBasicOps:_run_cleanups): 404 GET http://10.0.2.15:8774/v2.1/56ce11cba9074c04a7e506f8dd9fe389/servers/5a1e97ed-6915-441f-8a78-a14838144fd9 0.086s
2015-12-17 01:27:41,348 21877 DEBUG    [tempest_lib.common.rest_client] Request - Headers: {'Content-Type': 'application/json', 'Accept': 'application/json', 'X-Auth-Token': '&lt;omitted&gt;'}
        Body: None
    Response - Headers: {'status': '404', 'content-length': '111', 'x-compute-request-id': 'req-aa2db0ab-4f3e-4ca5-8b75-6c216a2f5677', 'vary': 'X-OpenStack-Nova-API-Version', 'connection': 'close', 'x-openstack-nova-api-version': '2.1', 'date': 'Thu, 17 Dec 2015 01:27:41 GMT', 'content-type': 'application/json; charset=UTF-8'}
        Body: {"itemNotFound": {"message": "Instance 5a1e97ed-6915-441f-8a78-a14838144fd9 could not be found.", "code": 404}}
2015-12-17 01:27:41,370 21877 INFO     [tempest_lib.common.rest_client] Request (TestNetworkBasicOps:_run_cleanups): 202 DELETE http://10.0.2.15:8774/v2.1/56ce11cba9074c04a7e506f8dd9fe389/os-keypairs/tempest-TestNetworkBasicOps-1579807645 0.020s
2015-12-17 01:27:41,370 21877 DEBUG    [tempest_lib.common.rest_client] Request - Headers: {'Content-Type': 'application/json', 'Accept': 'application/json', 'X-Auth-Token': '&lt;omitted&gt;'}
        Body: None
    Response - Headers: {'status': '202', 'content-length': '0', 'x-compute-request-id': 'req-841197c4-6052-44e3-bb5c-5b7f86a39158', 'vary': 'X-OpenStack-Nova-API-Version', 'connection': 'close', 'x-openstack-nova-api-version': '2.1', 'date': 'Thu, 17 Dec 2015 01:27:41 GMT', 'content-type': 'application/json'}
        Body: 
2015-12-17 01:27:41,873 21877 INFO     [tempest_lib.common.rest_client] Request (TestNetworkBasicOps:_run_cleanups): 200 PUT http://10.0.2.15:9696/v2.0/routers/75b90779-e479-4a72-afb3-96443ac6ff28/remove_router_interface 0.501s
2015-12-17 01:27:41,875 21877 DEBUG    [tempest_lib.common.rest_client] Request - Headers: {'Content-Type': 'application/json', 'Accept': 'application/json', 'X-Auth-Token': '&lt;omitted&gt;'}
        Body: {"subnet_id": "4d8492f9-3acd-40a4-861c-eb5c5c69857c"}
    Response - Headers: {'status': '200', 'content-length': '255', 'connection': 'close', 'date': 'Thu, 17 Dec 2015 01:27:41 GMT', 'content-type': 'application/json; charset=UTF-8', 'x-openstack-request-id': 'req-5b6ae8d3-2d4c-4f7b-90c3-e61ffc15f84d'}
        Body: {"subnet_id": "4d8492f9-3acd-40a4-861c-eb5c5c69857c", "tenant_id": "56ce11cba9074c04a7e506f8dd9fe389", "subnet_ids": ["4d8492f9-3acd-40a4-861c-eb5c5c69857c"], "port_id": "bd753807-50e9-4adf-9b98-5705ea9244ae", "id": "75b90779-e479-4a72-afb3-96443ac6ff28"}
2015-12-17 01:27:42,437 21877 INFO     [tempest_lib.common.rest_client] Request (TestNetworkBasicOps:_run_cleanups): 204 DELETE http://10.0.2.15:9696/v2.0/subnets/4d8492f9-3acd-40a4-861c-eb5c5c69857c 0.561s
2015-12-17 01:27:42,437 21877 DEBUG    [tempest_lib.common.rest_client] Request - Headers: {'Content-Type': 'application/json', 'Accept': 'application/json', 'X-Auth-Token': '&lt;omitted&gt;'}
        Body: None
    Response - Headers: {'date': 'Thu, 17 Dec 2015 01:27:42 GMT', 'status': '204', 'connection': 'close', 'content-length': '0', 'x-openstack-request-id': 'req-fd6a3a09-fff9-4cb6-abd2-7653d3579f91'}
        Body: 
2015-12-17 01:27:42,494 21877 INFO     [tempest_lib.common.rest_client] Request (TestNetworkBasicOps:_run_cleanups): 200 GET http://10.0.2.15:9696/v2.0/routers/75b90779-e479-4a72-afb3-96443ac6ff28 0.054s
2015-12-17 01:27:42,494 21877 DEBUG    [tempest_lib.common.rest_client] Request - Headers: {'Content-Type': 'application/json', 'Accept': 'application/json', 'X-Auth-Token': '&lt;omitted&gt;'}
        Body: None
    Response - Headers: {'status': '200', 'content-length': '564', 'content-location': 'http://10.0.2.15:9696/v2.0/routers/75b90779-e479-4a72-afb3-96443ac6ff28', 'connection': 'close', 'date': 'Thu, 17 Dec 2015 01:27:42 GMT', 'content-type': 'application/json; charset=UTF-8', 'x-openstack-request-id': 'req-6eddf3dc-fafd-48a2-b49c-85f9f10f524e'}
        Body: {"router": {"status": "ACTIVE", "external_gateway_info": {"network_id": "55b8f2bf-b9a8-4f4d-891d-624de6f7fafc", "enable_snat": true, "external_fixed_ips": [{"subnet_id": "ea767b00-021f-439d-812f-3596ed239f5a", "ip_address": "172.24.4.3"}, {"subnet_id": "9ea2592d-de36-4eb1-8c57-6b3cc319baf8", "ip_address": "2001:db8::4"}]}, "availability_zone_hints": [], "availability_zones": ["nova"], "name": "tempest-router-smoke-1157097378", "admin_state_up": true, "tenant_id": "56ce11cba9074c04a7e506f8dd9fe389", "routes": [], "id": "75b90779-e479-4a72-afb3-96443ac6ff28"}}
2015-12-17 01:27:42,967 21877 INFO     [tempest_lib.common.rest_client] Request (TestNetworkBasicOps:_run_cleanups): 200 PUT http://10.0.2.15:9696/v2.0/routers/75b90779-e479-4a72-afb3-96443ac6ff28 0.472s
2015-12-17 01:27:42,968 21877 DEBUG    [tempest_lib.common.rest_client] Request - Headers: {'Content-Type': 'application/json', 'Accept': 'application/json', 'X-Auth-Token': '&lt;omitted&gt;'}
        Body: {"router": {"external_gateway_info": {}, "name": "tempest-router-smoke-1157097378", "admin_state_up": true}}
    Response - Headers: {'status': '200', 'content-length': '302', 'connection': 'close', 'date': 'Thu, 17 Dec 2015 01:27:42 GMT', 'content-type': 'application/json; charset=UTF-8', 'x-openstack-request-id': 'req-131e0b3b-c950-4d77-b0ca-a781f07ad503'}
        Body: {"router": {"status": "ACTIVE", "external_gateway_info": null, "availability_zone_hints": [], "availability_zones": ["nova"], "name": "tempest-router-smoke-1157097378", "admin_state_up": true, "tenant_id": "56ce11cba9074c04a7e506f8dd9fe389", "routes": [], "id": "75b90779-e479-4a72-afb3-96443ac6ff28"}}
2015-12-17 01:27:43,216 21877 INFO     [tempest_lib.common.rest_client] Request (TestNetworkBasicOps:_run_cleanups): 204 DELETE http://10.0.2.15:9696/v2.0/routers/75b90779-e479-4a72-afb3-96443ac6ff28 0.246s
2015-12-17 01:27:43,216 21877 DEBUG    [tempest_lib.common.rest_client] Request - Headers: {'Content-Type': 'application/json', 'Accept': 'application/json', 'X-Auth-Token': '&lt;omitted&gt;'}
        Body: None
    Response - Headers: {'date': 'Thu, 17 Dec 2015 01:27:43 GMT', 'status': '204', 'connection': 'close', 'content-length': '0', 'x-openstack-request-id': 'req-b57be493-eb17-47fe-b4d6-8d4c99dc5455'}
        Body: 
2015-12-17 01:27:43,465 21877 INFO     [tempest_lib.common.rest_client] Request (TestNetworkBasicOps:_run_cleanups): 204 DELETE http://10.0.2.15:9696/v2.0/networks/5d3e981b-7a24-49f6-b79a-1a986684105a 0.248s
2015-12-17 01:27:43,466 21877 DEBUG    [tempest_lib.common.rest_client] Request - Headers: {'Content-Type': 'application/json', 'Accept': 'application/json', 'X-Auth-Token': '&lt;omitted&gt;'}
        Body: None
    Response - Headers: {'date': 'Thu, 17 Dec 2015 01:27:43 GMT', 'status': '204', 'connection': 'close', 'content-length': '0', 'x-openstack-request-id': 'req-c53fe212-26c5-42e8-bd09-1de4bc53530a'}
        Body: 
2015-12-17 01:27:43,521 21877 INFO     [tempest_lib.common.rest_client] Request (TestNetworkBasicOps:_run_cleanups): 204 DELETE http://10.0.2.15:9696/v2.0/security-group-rules/4af50acf-fad0-41c0-8fe9-de0579cf4cd5 0.054s
2015-12-17 01:27:43,522 21877 DEBUG    [tempest_lib.common.rest_client] Request - Headers: {'Content-Type': 'application/json', 'Accept': 'application/json', 'X-Auth-Token': '&lt;omitted&gt;'}
        Body: None
    Response - Headers: {'date': 'Thu, 17 Dec 2015 01:27:43 GMT', 'status': '204', 'connection': 'close', 'content-length': '0', 'x-openstack-request-id': 'req-0d070b9e-3d41-4bec-95d2-ce68a7e7ddb5'}
        Body: 
2015-12-17 01:27:43,581 21877 INFO     [tempest_lib.common.rest_client] Request (TestNetworkBasicOps:_run_cleanups): 204 DELETE http://10.0.2.15:9696/v2.0/security-group-rules/2ad7b644-21de-423a-a4e9-7a2c1469ea79 0.058s
2015-12-17 01:27:43,582 21877 DEBUG    [tempest_lib.common.rest_client] Request - Headers: {'Content-Type': 'application/json', 'Accept': 'application/json', 'X-Auth-Token': '&lt;omitted&gt;'}
        Body: None
    Response - Headers: {'date': 'Thu, 17 Dec 2015 01:27:43 GMT', 'status': '204', 'connection': 'close', 'content-length': '0', 'x-openstack-request-id': 'req-da76e525-9f75-4c42-8b5b-c9e18878afb8'}
        Body: 
2015-12-17 01:27:43,646 21877 INFO     [tempest_lib.common.rest_client] Request (TestNetworkBasicOps:_run_cleanups): 204 DELETE http://10.0.2.15:9696/v2.0/security-group-rules/85e20737-a58e-4ab9-ae37-748d49ac4efa 0.063s
2015-12-17 01:27:43,647 21877 DEBUG    [tempest_lib.common.rest_client] Request - Headers: {'Content-Type': 'application/json', 'Accept': 'application/json', 'X-Auth-Token': '&lt;omitted&gt;'}
        Body: None
    Response - Headers: {'date': 'Thu, 17 Dec 2015 01:27:43 GMT', 'status': '204', 'connection': 'close', 'content-length': '0', 'x-openstack-request-id': 'req-89a7e709-6516-4618-b080-a62c71cefc7f'}
        Body: 
2015-12-17 01:27:43,703 21877 INFO     [tempest_lib.common.rest_client] Request (TestNetworkBasicOps:_run_cleanups): 204 DELETE http://10.0.2.15:9696/v2.0/security-group-rules/fac0bb15-4e6f-4d13-a539-f43e6615386f 0.054s
2015-12-17 01:27:43,703 21877 DEBUG    [tempest_lib.common.rest_client] Request - Headers: {'Content-Type': 'application/json', 'Accept': 'application/json', 'X-Auth-Token': '&lt;omitted&gt;'}
        Body: None
    Response - Headers: {'date': 'Thu, 17 Dec 2015 01:27:43 GMT', 'status': '204', 'connection': 'close', 'content-length': '0', 'x-openstack-request-id': 'req-e48015d5-8644-4cf7-98ba-9030b02f19f4'}
        Body: 
2015-12-17 01:27:43,763 21877 INFO     [tempest_lib.common.rest_client] Request (TestNetworkBasicOps:_run_cleanups): 204 DELETE http://10.0.2.15:9696/v2.0/security-group-rules/97e70d6e-45fe-45f0-82f7-bb7e43124696 0.058s
