<?xml version="1.0" encoding="UTF-8"?>
<!DOCTYPE html PUBLIC "-//W3C//DTD XHTML 1.0 Strict//EN"
     "http://www.w3.org/TR/xhtml1/DTD/xhtml1-strict.dtd">
<html xmlns="http://www.w3.org/1999/xhtml">
<head>
    <title>Unit Test Report</title>
    <meta name="generator" content="subunit2html 0.1"/>
    <meta http-equiv="Content-Type" content="text/html; charset=UTF-8"/>
    
<style type="text/css" media="screen">
body        { font-family: verdana, arial, helvetica, sans-serif;
    font-size: 80%; }
table       { font-size: 100%; width: 100%;}
pre         { font-size: 80%; }

/* -- heading -------------------------------------------------------------- */
h1 {
        font-size: 16pt;
        color: gray;
}
.heading {
    margin-top: 0ex;
    margin-bottom: 1ex;
}

.heading .attribute {
    margin-top: 1ex;
    margin-bottom: 0;
}

.heading .description {
    margin-top: 4ex;
    margin-bottom: 6ex;
}

/* -- css div popup -------------------------------------------------------- */
a.popup_link {
}

a.popup_link:hover {
    color: red;
}

.popup_window {
    display: none;
    overflow-x: scroll;
    /*border: solid #627173 1px; */
    padding: 10px;
    background-color: #E6E6D6;
    font-family: "Ubuntu Mono", "Lucida Console", "Courier New", monospace;
    text-align: left;
    font-size: 8pt;
}

}
/* -- report --------------------------------------------------------------- */
#show_detail_line {
    margin-top: 3ex;
    margin-bottom: 1ex;
}
#result_table {
    width: 100%;
    border-collapse: collapse;
    border: 1px solid #777;
}
#header_row {
    font-weight: bold;
    color: white;
    background-color: #777;
}
#result_table td {
    border: 1px solid #777;
    padding: 2px;
}
#total_row  { font-weight: bold; }
.passClass  { background-color: #6c6; }
.failClass  { background-color: #c60; }
.errorClass { background-color: #c00; }
.passCase   { color: #6c6; }
.failCase   { color: #c60; font-weight: bold; }
.errorCase  { color: #c00; font-weight: bold; }
.hiddenRow  { display: none; }
.testcase   { margin-left: 2em; }
td.testname {width: 40%}
td.small {width: 40px}

/* -- ending --------------------------------------------------------------- */
#ending {
}

</style>

</head>
<body>
<script language="javascript" type="text/javascript"><!--
output_list = Array();

/* level - 0:Summary; 1:Failed; 2:All */
function showCase(level) {
    trs = document.getElementsByTagName("tr");
    for (var i = 0; i < trs.length; i++) {
        tr = trs[i];
        id = tr.id;
        if (id.substr(0,2) == 'ft') {
            if (level < 1) {
                tr.className = 'hiddenRow';
            }
            else {
                tr.className = '';
            }
        }
        if (id.substr(0,2) == 'pt') {
            if (level > 1) {
                tr.className = '';
            }
            else {
                tr.className = 'hiddenRow';
            }
        }
    }
}


function showClassDetail(cid, count) {
    var id_list = Array(count);
    var toHide = 1;
    for (var i = 0; i < count; i++) {
        tid0 = 't' + cid.substr(1) + '.' + (i+1);
        tid = 'f' + tid0;
        tr = document.getElementById(tid);
        if (!tr) {
            tid = 'p' + tid0;
            tr = document.getElementById(tid);
        }
        id_list[i] = tid;
        if (tr.className) {
            toHide = 0;
        }
    }
    for (var i = 0; i < count; i++) {
        tid = id_list[i];
        if (toHide) {
            document.getElementById('div_'+tid).style.display = 'none'
            document.getElementById(tid).className = 'hiddenRow';
        }
        else {
            document.getElementById(tid).className = '';
        }
    }
}


function showTestDetail(div_id){
    var details_div = document.getElementById(div_id)
    var displayState = details_div.style.display
    // alert(displayState)
    if (displayState != 'block' ) {
        displayState = 'block'
        details_div.style.display = 'block'
    }
    else {
        details_div.style.display = 'none'
    }
}


function html_escape(s) {
    s = s.replace(/&/g,'&amp;');
    s = s.replace(/</g,'&lt;');
    s = s.replace(/>/g,'&gt;');
    return s;
}

/* obsoleted by detail in <div>
function showOutput(id, name) {
    var w = window.open("", //url
                    name,
                    "resizable,scrollbars,status,width=800,height=450");
    d = w.document;
    d.write("<pre>");
    d.write(html_escape(output_list[id]));
    d.write("\n");
    d.write("<a href='javascript:window.close()'>close</a>\n");
    d.write("</pre>\n");
    d.close();
}
*/
--></script>

<div class='heading'>
<h1>Unit Test Report</h1>

<p class='attribute'><strong>Status:</strong> Pass 1 Failure 7 Skip 1</p>

<p class='description'></p>
</div>



<p id='show_detail_line'>Show
<a href='javascript:showCase(0)'>Summary</a>
<a href='javascript:showCase(1)'>Failed</a>
<a href='javascript:showCase(2)'>All</a>
</p>
<table id='result_table'>
<colgroup>
<col align='left' />
<col align='right' />
<col align='right' />
<col align='right' />
<col align='right' />
<col align='right' />
<col align='right' />
<col align='right' />
</colgroup>
<tr id='header_row'>
    <td>Test Group/Test case</td>
    <td>Count</td>
    <td>Pass</td>
    <td>Fail</td>
    <td>Error</td>
    <td>Skip</td>
    <td>View</td>
    <td> </td>
</tr>

<tr class='failClass'>
    <td class="testname">tempest.scenario.test_network_basic_ops.TestNetworkBasicOps</td>
    <td class="small">9</td>
    <td class="small">1</td>
    <td class="small">7</td>
    <td class="small">0</td>
    <td class="small">1</td>
    <td class="small"><a href="javascript:showClassDetail('c1',9)"
>Detail</a></td>
    <td> </td>
</tr>

<tr id='ft1.1' class='none'>
    <td class='failCase'><div class='testcase'>test_connectivity_between_vms_on_different_networks[compute,id-1546850e-fbaa-42f5-8b5f-03d8a6a95f15,network]</div></td>
    <td colspan='7' align='left'>

    <!--css div popup start-->
    <a class="popup_link" onfocus='this.blur();'
    href="javascript:showTestDetail('div_ft1.1')" >
        fail</a>

    <div id='div_ft1.1' class="popup_window">
        <div style='text-align: right; color:red;cursor:pointer'>
        <a onfocus='this.blur();'
onclick="document.getElementById('div_ft1.1').style.display = 'none' " >
           [x]</a>
        </div>
        <pre>
        
ft1.1: tempest.scenario.test_network_basic_ops.TestNetworkBasicOps.test_connectivity_between_vms_on_different_networks[compute,id-1546850e-fbaa-42f5-8b5f-03d8a6a95f15,network]_StringException: Empty attachments:
  stderr
  stdout

pythonlogging:'': {{{
2016-01-07 00:50:19,932 4680 INFO     [tempest_lib.common.rest_client] Request (TestNetworkBasicOps:test_connectivity_between_vms_on_different_networks): 201 POST http://10.0.2.15:9696/v2.0/security-groups 0.351s
2016-01-07 00:50:19,933 4680 DEBUG    [tempest_lib.common.rest_client] Request - Headers: {'Content-Type': 'application/json', 'Accept': 'application/json', 'X-Auth-Token': '&lt;omitted&gt;'}
        Body: {"security_group": {"tenant_id": "07d9481766634873a7780a5b137df5cd", "description": "tempest-secgroup-smoke-421102858 description", "name": "tempest-secgroup-smoke-421102858"}}
    Response - Headers: {'status': '201', 'content-length': '886', 'connection': 'close', 'date': 'Thu, 07 Jan 2016 00:50:19 GMT', 'content-type': 'application/json; charset=UTF-8', 'x-openstack-request-id': 'req-8971d8a8-f01f-464d-a066-7309360d5d30'}
        Body: {"security_group": {"tenant_id": "07d9481766634873a7780a5b137df5cd", "description": "tempest-secgroup-smoke-421102858 description", "id": "53a44d0e-f809-44ef-9a2f-966204d69f76", "security_group_rules": [{"remote_group_id": null, "direction": "egress", "remote_ip_prefix": null, "protocol": null, "ethertype": "IPv4", "tenant_id": "07d9481766634873a7780a5b137df5cd", "port_range_max": null, "port_range_min": null, "id": "071fb1ae-5129-4503-b666-6c17b693b6c9", "security_group_id": "53a44d0e-f809-44ef-9a2f-966204d69f76"}, {"remote_group_id": null, "direction": "egress", "remote_ip_prefix": null, "protocol": null, "ethertype": "IPv6", "tenant_id": "07d9481766634873a7780a5b137df5cd", "port_range_max": null, "port_range_min": null, "id": "f59d8eca-0290-4cd0-8711-9594e072ffc8", "security_group_id": "53a44d0e-f809-44ef-9a2f-966204d69f76"}], "name": "tempest-secgroup-smoke-421102858"}}
2016-01-07 00:50:20,059 4680 INFO     [tempest_lib.common.rest_client] Request (TestNetworkBasicOps:test_connectivity_between_vms_on_different_networks): 201 POST http://10.0.2.15:9696/v2.0/security-group-rules 0.124s
2016-01-07 00:50:20,059 4680 DEBUG    [tempest_lib.common.rest_client] Request - Headers: {'Content-Type': 'application/json', 'Accept': 'application/json', 'X-Auth-Token': '&lt;omitted&gt;'}
        Body: {"security_group_rule": {"direction": "ingress", "protocol": "tcp", "tenant_id": "07d9481766634873a7780a5b137df5cd", "port_range_max": 22, "security_group_id": "53a44d0e-f809-44ef-9a2f-966204d69f76", "port_range_min": 22}}
    Response - Headers: {'status': '201', 'content-length': '340', 'connection': 'close', 'date': 'Thu, 07 Jan 2016 00:50:20 GMT', 'content-type': 'application/json; charset=UTF-8', 'x-openstack-request-id': 'req-132a977f-4b59-40a4-a1dd-0ed022354a69'}
        Body: {"security_group_rule": {"remote_group_id": null, "direction": "ingress", "remote_ip_prefix": null, "protocol": "tcp", "ethertype": "IPv4", "tenant_id": "07d9481766634873a7780a5b137df5cd", "port_range_max": 22, "port_range_min": 22, "id": "2d4d3471-01d8-462e-a198-0f096263635b", "security_group_id": "53a44d0e-f809-44ef-9a2f-966204d69f76"}}
2016-01-07 00:50:20,181 4680 INFO     [tempest_lib.common.rest_client] Request (TestNetworkBasicOps:test_connectivity_between_vms_on_different_networks): 201 POST http://10.0.2.15:9696/v2.0/security-group-rules 0.121s
2016-01-07 00:50:20,182 4680 DEBUG    [tempest_lib.common.rest_client] Request - Headers: {'Content-Type': 'application/json', 'Accept': 'application/json', 'X-Auth-Token': '&lt;omitted&gt;'}
        Body: {"security_group_rule": {"direction": "egress", "protocol": "tcp", "tenant_id": "07d9481766634873a7780a5b137df5cd", "port_range_max": 22, "security_group_id": "53a44d0e-f809-44ef-9a2f-966204d69f76", "port_range_min": 22}}
    Response - Headers: {'status': '201', 'content-length': '339', 'connection': 'close', 'date': 'Thu, 07 Jan 2016 00:50:20 GMT', 'content-type': 'application/json; charset=UTF-8', 'x-openstack-request-id': 'req-0653605c-118c-45f3-b35b-89113a5e24ae'}
        Body: {"security_group_rule": {"remote_group_id": null, "direction": "egress", "remote_ip_prefix": null, "protocol": "tcp", "ethertype": "IPv4", "tenant_id": "07d9481766634873a7780a5b137df5cd", "port_range_max": 22, "port_range_min": 22, "id": "07bd84b9-09c8-4040-b847-765ce0c71c33", "security_group_id": "53a44d0e-f809-44ef-9a2f-966204d69f76"}}
2016-01-07 00:50:20,461 4680 INFO     [tempest_lib.common.rest_client] Request (TestNetworkBasicOps:test_connectivity_between_vms_on_different_networks): 201 POST http://10.0.2.15:9696/v2.0/security-group-rules 0.277s
2016-01-07 00:50:20,462 4680 DEBUG    [tempest_lib.common.rest_client] Request - Headers: {'Content-Type': 'application/json', 'Accept': 'application/json', 'X-Auth-Token': '&lt;omitted&gt;'}
        Body: {"security_group_rule": {"tenant_id": "07d9481766634873a7780a5b137df5cd", "direction": "ingress", "protocol": "icmp", "security_group_id": "53a44d0e-f809-44ef-9a2f-966204d69f76"}}
    Response - Headers: {'status': '201', 'content-length': '345', 'connection': 'close', 'date': 'Thu, 07 Jan 2016 00:50:20 GMT', 'content-type': 'application/json; charset=UTF-8', 'x-openstack-request-id': 'req-da541461-5269-45b2-9297-5fd8f59bf8c3'}
        Body: {"security_group_rule": {"remote_group_id": null, "direction": "ingress", "remote_ip_prefix": null, "protocol": "icmp", "ethertype": "IPv4", "tenant_id": "07d9481766634873a7780a5b137df5cd", "port_range_max": null, "port_range_min": null, "id": "7eeb46b4-94d7-4ee1-a3b6-926a52b138f8", "security_group_id": "53a44d0e-f809-44ef-9a2f-966204d69f76"}}
2016-01-07 00:50:20,585 4680 INFO     [tempest_lib.common.rest_client] Request (TestNetworkBasicOps:test_connectivity_between_vms_on_different_networks): 201 POST http://10.0.2.15:9696/v2.0/security-group-rules 0.122s
2016-01-07 00:50:20,586 4680 DEBUG    [tempest_lib.common.rest_client] Request - Headers: {'Content-Type': 'application/json', 'Accept': 'application/json', 'X-Auth-Token': '&lt;omitted&gt;'}
        Body: {"security_group_rule": {"tenant_id": "07d9481766634873a7780a5b137df5cd", "direction": "egress", "protocol": "icmp", "security_group_id": "53a44d0e-f809-44ef-9a2f-966204d69f76"}}
    Response - Headers: {'status': '201', 'content-length': '344', 'connection': 'close', 'date': 'Thu, 07 Jan 2016 00:50:20 GMT', 'content-type': 'application/json; charset=UTF-8', 'x-openstack-request-id': 'req-d263aca7-cc66-4d5e-9d9d-794826ec45f8'}
        Body: {"security_group_rule": {"remote_group_id": null, "direction": "egress", "remote_ip_prefix": null, "protocol": "icmp", "ethertype": "IPv4", "tenant_id": "07d9481766634873a7780a5b137df5cd", "port_range_max": null, "port_range_min": null, "id": "a5922c21-7163-4798-b3e4-ed769c11b1e4", "security_group_id": "53a44d0e-f809-44ef-9a2f-966204d69f76"}}
2016-01-07 00:50:20,710 4680 INFO     [tempest_lib.common.rest_client] Request (TestNetworkBasicOps:test_connectivity_between_vms_on_different_networks): 201 POST http://10.0.2.15:9696/v2.0/security-group-rules 0.122s
2016-01-07 00:50:20,711 4680 DEBUG    [tempest_lib.common.rest_client] Request - Headers: {'Content-Type': 'application/json', 'Accept': 'application/json', 'X-Auth-Token': '&lt;omitted&gt;'}
        Body: {"security_group_rule": {"tenant_id": "07d9481766634873a7780a5b137df5cd", "direction": "ingress", "security_group_id": "53a44d0e-f809-44ef-9a2f-966204d69f76", "protocol": "icmp", "ethertype": "IPv6"}}
    Response - Headers: {'status': '201', 'content-length': '345', 'connection': 'close', 'date': 'Thu, 07 Jan 2016 00:50:20 GMT', 'content-type': 'application/json; charset=UTF-8', 'x-openstack-request-id': 'req-96d3b598-0116-4e98-8181-bef9011a4992'}
        Body: {"security_group_rule": {"remote_group_id": null, "direction": "ingress", "remote_ip_prefix": null, "protocol": "icmp", "ethertype": "IPv6", "tenant_id": "07d9481766634873a7780a5b137df5cd", "port_range_max": null, "port_range_min": null, "id": "2a4af78a-a6ac-4e65-9a91-dbbe811ae5a7", "security_group_id": "53a44d0e-f809-44ef-9a2f-966204d69f76"}}
2016-01-07 00:50:20,825 4680 INFO     [tempest_lib.common.rest_client] Request (TestNetworkBasicOps:test_connectivity_between_vms_on_different_networks): 201 POST http://10.0.2.15:9696/v2.0/security-group-rules 0.112s
2016-01-07 00:50:20,826 4680 DEBUG    [tempest_lib.common.rest_client] Request - Headers: {'Content-Type': 'application/json', 'Accept': 'application/json', 'X-Auth-Token': '&lt;omitted&gt;'}
        Body: {"security_group_rule": {"tenant_id": "07d9481766634873a7780a5b137df5cd", "direction": "egress", "security_group_id": "53a44d0e-f809-44ef-9a2f-966204d69f76", "protocol": "icmp", "ethertype": "IPv6"}}
    Response - Headers: {'status': '201', 'content-length': '344', 'connection': 'close', 'date': 'Thu, 07 Jan 2016 00:50:20 GMT', 'content-type': 'application/json; charset=UTF-8', 'x-openstack-request-id': 'req-bcd6fd4b-b7f8-478d-8f36-7c3ddf42a5d4'}
        Body: {"security_group_rule": {"remote_group_id": null, "direction": "egress", "remote_ip_prefix": null, "protocol": "icmp", "ethertype": "IPv6", "tenant_id": "07d9481766634873a7780a5b137df5cd", "port_range_max": null, "port_range_min": null, "id": "b9bf4647-48bc-4605-b398-a97cfc055e4e", "security_group_id": "53a44d0e-f809-44ef-9a2f-966204d69f76"}}
2016-01-07 00:50:20,997 4680 INFO     [tempest_lib.common.rest_client] Request (TestNetworkBasicOps:test_connectivity_between_vms_on_different_networks): 201 POST http://10.0.2.15:9696/v2.0/networks 0.169s
2016-01-07 00:50:20,997 4680 DEBUG    [tempest_lib.common.rest_client] Request - Headers: {'Content-Type': 'application/json', 'Accept': 'application/json', 'X-Auth-Token': '&lt;omitted&gt;'}
        Body: {"network": {"tenant_id": "07d9481766634873a7780a5b137df5cd", "name": "tempest-network-smoke--163384742"}}
    Response - Headers: {'status': '201', 'content-length': '326', 'connection': 'close', 'date': 'Thu, 07 Jan 2016 00:50:20 GMT', 'content-type': 'application/json; charset=UTF-8', 'x-openstack-request-id': 'req-8bf1712e-6d6d-405a-8b18-9ac04e4486d7'}
        Body: {"network": {"status": "ACTIVE", "subnets": [], "availability_zone_hints": [], "name": "tempest-network-smoke--163384742", "admin_state_up": true, "tenant_id": "07d9481766634873a7780a5b137df5cd", "mtu": 0, "router:external": false, "shared": false, "port_security_enabled": true, "id": "74183cbd-103b-46f7-952d-97b534a57885"}}
2016-01-07 00:50:21,073 4680 INFO     [tempest_lib.common.rest_client] Request (TestNetworkBasicOps:test_connectivity_between_vms_on_different_networks): 201 POST http://10.0.2.15:9696/v2.0/routers 0.074s
2016-01-07 00:50:21,074 4680 DEBUG    [tempest_lib.common.rest_client] Request - Headers: {'Content-Type': 'application/json', 'Accept': 'application/json', 'X-Auth-Token': '&lt;omitted&gt;'}
        Body: {"router": {"tenant_id": "07d9481766634873a7780a5b137df5cd", "name": "tempest-router-smoke-585984804", "admin_state_up": true}}
    Response - Headers: {'status': '201', 'content-length': '295', 'connection': 'close', 'date': 'Thu, 07 Jan 2016 00:50:21 GMT', 'content-type': 'application/json; charset=UTF-8', 'x-openstack-request-id': 'req-3fb40961-7c4a-49e1-b892-e20c1a22a911'}
        Body: {"router": {"status": "ACTIVE", "external_gateway_info": null, "availability_zone_hints": [], "availability_zones": [], "name": "tempest-router-smoke-585984804", "admin_state_up": true, "tenant_id": "07d9481766634873a7780a5b137df5cd", "routes": [], "id": "7a759018-e155-4449-b719-156fde7fe90c"}}
2016-01-07 00:50:21,131 4680 INFO     [tempest_lib.common.rest_client] Request (TestNetworkBasicOps:test_connectivity_between_vms_on_different_networks): 200 GET http://10.0.2.15:9696/v2.0/routers/7a759018-e155-4449-b719-156fde7fe90c 0.055s
2016-01-07 00:50:21,132 4680 DEBUG    [tempest_lib.common.rest_client] Request - Headers: {'Content-Type': 'application/json', 'Accept': 'application/json', 'X-Auth-Token': '&lt;omitted&gt;'}
        Body: None
    Response - Headers: {'status': '200', 'content-length': '295', 'content-location': 'http://10.0.2.15:9696/v2.0/routers/7a759018-e155-4449-b719-156fde7fe90c', 'connection': 'close', 'date': 'Thu, 07 Jan 2016 00:50:21 GMT', 'content-type': 'application/json; charset=UTF-8', 'x-openstack-request-id': 'req-a3055af3-9084-4b56-9bb4-1eaede50edd6'}
        Body: {"router": {"status": "ACTIVE", "external_gateway_info": null, "availability_zone_hints": [], "availability_zones": [], "name": "tempest-router-smoke-585984804", "admin_state_up": true, "tenant_id": "07d9481766634873a7780a5b137df5cd", "routes": [], "id": "7a759018-e155-4449-b719-156fde7fe90c"}}
2016-01-07 00:50:21,899 4680 INFO     [tempest_lib.common.rest_client] Request (TestNetworkBasicOps:test_connectivity_between_vms_on_different_networks): 200 PUT http://10.0.2.15:9696/v2.0/routers/7a759018-e155-4449-b719-156fde7fe90c 0.766s
2016-01-07 00:50:21,899 4680 DEBUG    [tempest_lib.common.rest_client] Request - Headers: {'Content-Type': 'application/json', 'Accept': 'application/json', 'X-Auth-Token': '&lt;omitted&gt;'}
        Body: {"router": {"external_gateway_info": {"network_id": "3e085c4e-fc27-40ed-94b0-9117e666015e"}, "name": "tempest-router-smoke-585984804", "admin_state_up": true}}
    Response - Headers: {'status': '200', 'content-length': '557', 'connection': 'close', 'date': 'Thu, 07 Jan 2016 00:50:21 GMT', 'content-type': 'application/json; charset=UTF-8', 'x-openstack-request-id': 'req-7213a3f0-2f3d-465c-a3ec-16ebe1ee13af'}
        Body: {"router": {"status": "ACTIVE", "external_gateway_info": {"network_id": "3e085c4e-fc27-40ed-94b0-9117e666015e", "enable_snat": true, "external_fixed_ips": [{"subnet_id": "ad280f99-0adb-46d7-b05f-f511f568e3b1", "ip_address": "172.24.4.3"}, {"subnet_id": "f809a868-0753-4afa-8d54-2df4a49b2f2f", "ip_address": "2001:db8::4"}]}, "availability_zone_hints": [], "availability_zones": [], "name": "tempest-router-smoke-585984804", "admin_state_up": true, "tenant_id": "07d9481766634873a7780a5b137df5cd", "routes": [], "id": "7a759018-e155-4449-b719-156fde7fe90c"}}
2016-01-07 00:50:22,067 4680 INFO     [tempest_lib.common.rest_client] Request (TestNetworkBasicOps:test_connectivity_between_vms_on_different_networks): 200 GET http://10.0.2.15:9696/v2.0/subnets?tenant_id=07d9481766634873a7780a5b137df5cd&amp;cidr=10.100.0.0%2F28 0.166s
2016-01-07 00:50:22,067 4680 DEBUG    [tempest_lib.common.rest_client] Request - Headers: {'Content-Type': 'application/json', 'Accept': 'application/json', 'X-Auth-Token': '&lt;omitted&gt;'}
        Body: None
    Response - Headers: {'status': '200', 'content-length': '15', 'content-location': 'http://10.0.2.15:9696/v2.0/subnets?tenant_id=07d9481766634873a7780a5b137df5cd&amp;cidr=10.100.0.0%2F28', 'connection': 'close', 'date': 'Thu, 07 Jan 2016 00:50:22 GMT', 'content-type': 'application/json; charset=UTF-8', 'x-openstack-request-id': 'req-5aacb946-1e99-430d-86c1-1706eed6687a'}
        Body: {"subnets": []}
2016-01-07 00:50:22,470 4680 INFO     [tempest_lib.common.rest_client] Request (TestNetworkBasicOps:test_connectivity_between_vms_on_different_networks): 201 POST http://10.0.2.15:9696/v2.0/subnets 0.402s
2016-01-07 00:50:22,471 4680 DEBUG    [tempest_lib.common.rest_client] Request - Headers: {'Content-Type': 'application/json', 'Accept': 'application/json', 'X-Auth-Token': '&lt;omitted&gt;'}
        Body: {"subnet": {"ip_version": 4, "tenant_id": "07d9481766634873a7780a5b137df5cd", "cidr": "10.100.0.0/28", "network_id": "74183cbd-103b-46f7-952d-97b534a57885", "name": "tempest-subnet-smoke-713497848"}}
    Response - Headers: {'status': '201', 'content-length': '477', 'connection': 'close', 'date': 'Thu, 07 Jan 2016 00:50:22 GMT', 'content-type': 'application/json; charset=UTF-8', 'x-openstack-request-id': 'req-f3101c8b-6f0e-4433-bc62-77a50cc49d3d'}
        Body: {"subnet": {"name": "tempest-subnet-smoke-713497848", "enable_dhcp": true, "network_id": "74183cbd-103b-46f7-952d-97b534a57885", "tenant_id": "07d9481766634873a7780a5b137df5cd", "dns_nameservers": [], "gateway_ip": "10.100.0.1", "ipv6_ra_mode": null, "allocation_pools": [{"start": "10.100.0.2", "end": "10.100.0.14"}], "host_routes": [], "ip_version": 4, "ipv6_address_mode": null, "cidr": "10.100.0.0/28", "id": "da2077ff-45d1-4021-b9a0-844e618d2244", "subnetpool_id": null}}
2016-01-07 00:50:23,160 4680 INFO     [tempest_lib.common.rest_client] Request (TestNetworkBasicOps:test_connectivity_between_vms_on_different_networks): 200 PUT http://10.0.2.15:9696/v2.0/routers/7a759018-e155-4449-b719-156fde7fe90c/add_router_interface 0.688s
2016-01-07 00:50:23,160 4680 DEBUG    [tempest_lib.common.rest_client] Request - Headers: {'Content-Type': 'application/json', 'Accept': 'application/json', 'X-Auth-Token': '&lt;omitted&gt;'}
        Body: {"subnet_id": "da2077ff-45d1-4021-b9a0-844e618d2244"}
    Response - Headers: {'status': '200', 'content-length': '255', 'connection': 'close', 'date': 'Thu, 07 Jan 2016 00:50:23 GMT', 'content-type': 'application/json; charset=UTF-8', 'x-openstack-request-id': 'req-1f260305-9061-4367-8d7c-4364d74d786d'}
        Body: {"subnet_id": "da2077ff-45d1-4021-b9a0-844e618d2244", "tenant_id": "07d9481766634873a7780a5b137df5cd", "subnet_ids": ["da2077ff-45d1-4021-b9a0-844e618d2244"], "port_id": "6dcae84f-7df2-42ec-8f06-909a465e03ec", "id": "7a759018-e155-4449-b719-156fde7fe90c"}
2016-01-07 00:50:23,379 4680 INFO     [tempest_lib.common.rest_client] Request (TestNetworkBasicOps:test_connectivity_between_vms_on_different_networks): 200 GET http://10.0.2.15:9696/v2.0/networks 0.218s
2016-01-07 00:50:23,380 4680 DEBUG    [tempest_lib.common.rest_client] Request - Headers: {'Content-Type': 'application/json', 'Accept': 'application/json', 'X-Auth-Token': '&lt;omitted&gt;'}
        Body: None
    Response - Headers: {'status': '200', 'content-length': '1506', 'content-location': 'http://10.0.2.15:9696/v2.0/networks', 'connection': 'close', 'date': 'Thu, 07 Jan 2016 00:50:23 GMT', 'content-type': 'application/json; charset=UTF-8', 'x-openstack-request-id': 'req-be02ac94-afe6-4155-9927-bcf5ae51ab93'}
        Body: {"networks": [{"status": "ACTIVE", "subnets": ["9fec3168-4fa9-4e41-b246-6ebfbe451015", "2b671a2c-bc8e-4dcb-a63a-a4e5c8aa6f2d"], "availability_zone_hints": [], "availability_zones": ["nova"], "name": "private", "provider:physical_network": null, "admin_state_up": true, "tenant_id": "0047af15846e4f3c96b305ace405e6a9", "mtu": 0, "router:external": false, "shared": false, "port_security_enabled": true, "provider:network_type": "vxlan", "id": "29e8bfd1-700e-497f-9905-d5eb66d6b49c", "provider:segmentation_id": 1032}, {"status": "ACTIVE", "subnets": ["f809a868-0753-4afa-8d54-2df4a49b2f2f", "ad280f99-0adb-46d7-b05f-f511f568e3b1"], "availability_zone_hints": [], "availability_zones": ["nova"], "name": "public", "provider:physical_network": null, "admin_state_up": true, "tenant_id": "9a3b04e9dc904c9c9b5517e70b789cc5", "mtu": 0, "router:external": true, "shared": false, "port_security_enabled": true, "provider:network_type": "vxlan", "id": "3e085c4e-fc27-40ed-94b0-9117e666015e", "provider:segmentation_id": 1064}, {"status": "ACTIVE", "subnets": ["da2077ff-45d1-4021-b9a0-844e618d2244"], "availability_zone_hints": [], "availability_zones": ["nova"], "name": "tempest-network-smoke--163384742", "provider:physical_network": null, "admin_state_up": true, "tenant_id": "07d9481766634873a7780a5b137df5cd", "mtu": 0, "router:external": false, "shared": false, "port_security_enabled": true, "provider:network_type": "vxlan", "id": "74183cbd-103b-46f7-952d-97b534a57885", "provider:segmentation_id": 1028}]}
2016-01-07 00:50:23,431 4680 INFO     [tempest_lib.common.rest_client] Request (TestNetworkBasicOps:test_connectivity_between_vms_on_different_networks): 200 GET http://10.0.2.15:9696/v2.0/subnets 0.049s
2016-01-07 00:50:23,431 4680 DEBUG    [tempest_lib.common.rest_client] Request - Headers: {'Content-Type': 'application/json', 'Accept': 'application/json', 'X-Auth-Token': '&lt;omitted&gt;'}
        Body: None
    Response - Headers: {'status': '200', 'content-length': '2407', 'content-location': 'http://10.0.2.15:9696/v2.0/subnets', 'connection': 'close', 'date': 'Thu, 07 Jan 2016 00:50:23 GMT', 'content-type': 'application/json; charset=UTF-8', 'x-openstack-request-id': 'req-46553e7e-3007-4544-bf8a-88efb94e01da'}
        Body: {"subnets": [{"name": "private-subnet", "enable_dhcp": true, "network_id": "29e8bfd1-700e-497f-9905-d5eb66d6b49c", "tenant_id": "0047af15846e4f3c96b305ace405e6a9", "dns_nameservers": [], "gateway_ip": "10.0.0.1", "ipv6_ra_mode": null, "allocation_pools": [{"start": "10.0.0.2", "end": "10.0.0.254"}], "host_routes": [], "ip_version": 4, "ipv6_address_mode": null, "cidr": "10.0.0.0/24", "id": "9fec3168-4fa9-4e41-b246-6ebfbe451015", "subnetpool_id": null}, {"name": "ipv6-private-subnet", "enable_dhcp": true, "network_id": "29e8bfd1-700e-497f-9905-d5eb66d6b49c", "tenant_id": "0047af15846e4f3c96b305ace405e6a9", "dns_nameservers": [], "gateway_ip": "fdf1:aedf:b74e::1", "ipv6_ra_mode": "slaac", "allocation_pools": [{"start": "fdf1:aedf:b74e::2", "end": "fdf1:aedf:b74e:0:ffff:ffff:ffff:ffff"}], "host_routes": [], "ip_version": 6, "ipv6_address_mode": "slaac", "cidr": "fdf1:aedf:b74e::/64", "id": "2b671a2c-bc8e-4dcb-a63a-a4e5c8aa6f2d", "subnetpool_id": null}, {"name": "ipv6-public-subnet", "enable_dhcp": false, "network_id": "3e085c4e-fc27-40ed-94b0-9117e666015e", "tenant_id": "9a3b04e9dc904c9c9b5517e70b789cc5", "dns_nameservers": [], "gateway_ip": "2001:db8::2", "ipv6_ra_mode": null, "allocation_pools": [{"start": "2001:db8::3", "end": "2001:db8::ffff:ffff:ffff:ffff"}, {"start": "2001:db8::1", "end": "2001:db8::1"}], "host_routes": [], "ip_version": 6, "ipv6_address_mode": null, "cidr": "2001:db8::/64", "id": "f809a868-0753-4afa-8d54-2df4a49b2f2f", "subnetpool_id": null}, {"name": "tempest-subnet-smoke-713497848", "enable_dhcp": true, "network_id": "74183cbd-103b-46f7-952d-97b534a57885", "tenant_id": "07d9481766634873a7780a5b137df5cd", "dns_nameservers": [], "gateway_ip": "10.100.0.1", "ipv6_ra_mode": null, "allocation_pools": [{"start": "10.100.0.2", "end": "10.100.0.14"}], "host_routes": [], "ip_version": 4, "ipv6_address_mode": null, "cidr": "10.100.0.0/28", "id": "da2077ff-45d1-4021-b9a0-844e618d2244", "subnetpool_id": null}, {"name": "public-subnet", "enable_dhcp": false, "network_id": "3e085c4e-fc27-40ed-94b0-9117e666015e", "tenant_id": "9a3b04e9dc904c9c9b5517e70b789cc5", "dns_nameservers": [], "gateway_ip": "172.24.4.1", "ipv6_ra_mode": null, "allocation_pools": [{"start": "172.24.4.2", "end": "172.24.4.254"}], "host_routes": [], "ip_version": 4, "ipv6_address_mode": null, "cidr": "172.24.4.0/24", "id": "ad280f99-0adb-46d7-b05f-f511f568e3b1", "subnetpool_id": null}]}
2016-01-07 00:50:23,497 4680 INFO     [tempest_lib.common.rest_client] Request (TestNetworkBasicOps:test_connectivity_between_vms_on_different_networks): 200 GET http://10.0.2.15:9696/v2.0/routers 0.063s
2016-01-07 00:50:23,497 4680 DEBUG    [tempest_lib.common.rest_client] Request - Headers: {'Content-Type': 'application/json', 'Accept': 'application/json', 'X-Auth-Token': '&lt;omitted&gt;'}
        Body: None
    Response - Headers: {'status': '200', 'content-length': '1166', 'content-location': 'http://10.0.2.15:9696/v2.0/routers', 'connection': 'close', 'date': 'Thu, 07 Jan 2016 00:50:23 GMT', 'content-type': 'application/json; charset=UTF-8', 'x-openstack-request-id': 'req-c1adf61f-0d7b-4e87-b7b4-245b8b6e6182'}
        Body: {"routers": [{"status": "ACTIVE", "external_gateway_info": {"network_id": "3e085c4e-fc27-40ed-94b0-9117e666015e", "enable_snat": true, "external_fixed_ips": [{"subnet_id": "ad280f99-0adb-46d7-b05f-f511f568e3b1", "ip_address": "172.24.4.2"}, {"subnet_id": "f809a868-0753-4afa-8d54-2df4a49b2f2f", "ip_address": "2001:db8::3"}]}, "availability_zone_hints": [], "availability_zones": ["nova"], "name": "router1", "admin_state_up": true, "tenant_id": "0047af15846e4f3c96b305ace405e6a9", "distributed": false, "routes": [], "ha": false, "id": "4c40afb3-b050-439e-b6bb-6285835bdce9"}, {"status": "ACTIVE", "external_gateway_info": {"network_id": "3e085c4e-fc27-40ed-94b0-9117e666015e", "enable_snat": true, "external_fixed_ips": [{"subnet_id": "ad280f99-0adb-46d7-b05f-f511f568e3b1", "ip_address": "172.24.4.3"}, {"subnet_id": "f809a868-0753-4afa-8d54-2df4a49b2f2f", "ip_address": "2001:db8::4"}]}, "availability_zone_hints": [], "availability_zones": ["nova"], "name": "tempest-router-smoke-585984804", "admin_state_up": true, "tenant_id": "07d9481766634873a7780a5b137df5cd", "distributed": false, "routes": [], "ha": false, "id": "7a759018-e155-4449-b719-156fde7fe90c"}]}
2016-01-07 00:50:24,101 4680 INFO     [tempest_lib.common.rest_client] Request (TestNetworkBasicOps:test_connectivity_between_vms_on_different_networks): 200 POST http://10.0.2.15:8774/v2.1/07d9481766634873a7780a5b137df5cd/os-keypairs 0.602s
2016-01-07 00:50:24,101 4680 DEBUG    [tempest_lib.common.rest_client] Request - Headers: {'Content-Type': 'application/json', 'Accept': 'application/json', 'X-Auth-Token': '&lt;omitted&gt;'}
        Body: {"keypair": {"name": "tempest-TestNetworkBasicOps-1383163210"}}
    Response - Headers: {'status': '200', 'content-length': '2321', 'x-compute-request-id': 'req-122f31c7-295c-4639-a634-3d559165cc5e', 'vary': 'X-OpenStack-Nova-API-Version', 'connection': 'close', 'x-openstack-nova-api-version': '2.1', 'date': 'Thu, 07 Jan 2016 00:50:24 GMT', 'content-type': 'application/json'}
        Body: {"keypair": {"public_key": "ssh-rsa AAAAB3NzaC1yc2EAAAADAQABAAABAQDV/22prcN7dyJdzR6VmKTXl3oqipv8L1q+q13xZZzqDnMOKwtVT3+DFOaHK2pO2WCBMOrf4obPmCxHrnM+HIm5ofjZKZT8UeOcX+25EetzSrXLPvC2yejxVLpnsBvYva3NYs+lPhQzgRB+2kPCmEh7Pyo6FdRN7BTtm7DKhXGh6rl2IJ8kV7+FrHVR1h6sKhOZxu2l0qrxsXJJ9Zxj+z8A3kFzdQoQfrZtLTBmk7ieMQhZuC9ZFKrc4RqNCIGoLQYRe2RpIukKx3HUewxJR8E2cJ77pWHvVVCqy56UtQOkbY2bnxA66FeEFGXYl8XY7P7Y1VIiAD8kEoOf/qYU4WLL Generated-by-Nova", "private_key": "-----BEGIN RSA PRIVATE KEY-----\nMIIEqQIBAAKCAQEA1f9tqa3De3ciXc0elZik15d6Koqb/C9avqtd8WWc6g5zDisL\nVU9/gxTmhytqTtlggTDq3+KGz5gsR65zPhyJuaH42SmU/FHjnF/tuRHrc0q1yz7w\ntsno8VS6Z7Ab2L2tzWLPpT4UM4EQftpDwphIez8qOhXUTewU7ZuwyoVxoeq5diCf\nJFe/hax1UdYerCoTmcbtpdKq8bFySfWcY/s/AN5Bc3UKEH62bS0wZpO4njEIWbgv\nWRSq3OEajQiBqC0GEXtkaSLpCsdx1HsMSUfBNnCe+6Vh71VQqsuelLUDpG2Nm58Q\nOuhXhBRl2JfF2Oz+2NVSIgA/JBKDn/6mFOFiywIDAQABAoIBAG0h/D0CHqUCVoZb\nqvNDix1fZK/5TB9Jzw9ZuWj4FxPOFqLtFLSG/FJPAFmCrI5VkT+RQNa4YWPRCRPt\nRVwxlZMTpSKqcA5VfKwsx8EQAHElcpyaFoxBYAhi20UxrKHV6aLKd3afuBGkClOG\n3/OHUb94sQI6S7EJaoraUUiW0SJu8FNxaayxl957tyI7XNZIGLlU2TQU3d0u9K5c\ntdE0oiO9uGHsdhlLAWdwJxUkRMOviq4yLPf0pZm9uZujBMgJ8mTvaVIvya2iKFyJ\nRWDkvIsBsbi61gk9QZIX2CCuVpErmbxziIv7zUFPs+M08gRladcptf/l8yMH8Hks\n2HVJQDECggCBANa2TUSlfs49Wsi4PMi6NNN33yzA7ZLc8qPI9/kAAgyPARzs6U4+\n8KF0wJcr3h4UgfIW3ds0HPW7dytvfDeigFRvr3Y7ggZIRx/MQQPfgytDR00y04bI\neFUa37ShoS7foWYLPPj1472nYWjI5EN7FuhDGaXYR4u1tSHeBHP+KitdAoIAgQD/\nJfYHGMAPStWnCh10wUA+8SHPMfcr08E6Zw9Yjn8H8kFr6n9bBKLhT3ymLfQTh5U1\nvoTDAkHTUmEZjfyLoFzglCn5KkuyS0nA2KXdoA73C5QWzVWsHwKGITqnMxPl7hjO\nHU+AQZGHVSWoxJG4jke1lDhNMGYu+S34+xe75lMMRwKCAIABNXuP5GKnZJ8LPEZT\nVwEPI8Ck7t0nk4jmNS54P3DDg1adRBQ4NZCDSDYBY+TXRIRKyagsIMn89DZCj1ki\nsw6H6y0QvFsKEAQegLbo/6wsZS+UlrGsM5rB1+nkiXhv3CB7g5qvSCslGTkqLt9i\nJeJGIoKVdXdJqRdA/pAF2yt/nQKCAIEA6KtCTrhoM8nHSTr1H4o2vu7/KMVko4fH\ndi2TFetjtehZdkJx/pscuR/WCGhxYfnKvCbPRFFjm4RM3ZPYD6+d4oHaQMgsHRuA\n1yX5I0AZRXk+gwieLoZcs9nLdbsjUxKrdhHOdKPWRLYF0H/obob4p4HRUbpoBD/g\nh2LaAtQHOXMCggCBAJHId2Y6XmPFb/uYe0kVqEmnv35DE8yzq3LL2aYsV44DZ5Nw\nC0gFio2ga52MdrFvc1lHyRULwBb/5dCLLbkqHLGuZPLKUZJNZ3ZfATkbF7nrWZZZ\nRfv4kPfqTNTaft9Jd/AkoQCGx668qbn/sfMd6aASXdBelXaVt+vN+DLjzs8p\n-----END RSA PRIVATE KEY-----\n", "user_id": "c562dbb6d8d348cfb2aa87e3f1cac872", "name": "tempest-TestNetworkBasicOps-1383163210", "fingerprint": "97:bc:19:d6:8a:35:df:b2:a5:73:ec:41:40:b1:51:ba"}}
2016-01-07 00:50:24,206 4680 INFO     [tempest_lib.common.rest_client] Request (TestNetworkBasicOps:test_connectivity_between_vms_on_different_networks): 200 POST http://10.0.2.15:5000/v2.0/tokens
2016-01-07 00:50:24,207 4680 DEBUG    [tempest_lib.common.rest_client] Request - Headers: {'Content-Type': 'application/json', 'Accept': 'application/json'}
        Body: &lt;omitted&gt;
    Response - Headers: {'status': '200', 'content-length': '2273', 'vary': 'X-Auth-Token', 'server': 'Apache/2.4.7 (Ubuntu)', 'connection': 'close', 'date': 'Thu, 07 Jan 2016 00:50:24 GMT', 'content-type': 'application/json', 'x-openstack-request-id': 'req-685aa693-5b0c-45c9-8dcb-3fb67e354002'}
        Body: {"access": {"token": {"issued_at": "2016-01-07T00:50:24.197747", "expires": "2016-01-07T01:50:24Z", "id": "91080f3bed294a91b7b57465c9f9a758", "tenant": {"description": "tempest-TestNetworkBasicOps-1796662263-desc", "enabled": true, "id": "07d9481766634873a7780a5b137df5cd", "name": "tempest-TestNetworkBasicOps-1796662263"}, "audit_ids": ["8o-6WfBUQ9GoGlyBak_WKw"]}, "serviceCatalog": [{"endpoints": [{"adminURL": "http://10.0.2.15:9292", "region": "RegionOne", "internalURL": "http://10.0.2.15:9292", "id": "a6d3134d761f4c7199941605edee817f", "publicURL": "http://10.0.2.15:9292"}], "endpoints_links": [], "type": "image", "name": "glance"}, {"endpoints": [{"adminURL": "http://10.0.2.15:8774/v2.1/07d9481766634873a7780a5b137df5cd", "region": "RegionOne", "internalURL": "http://10.0.2.15:8774/v2.1/07d9481766634873a7780a5b137df5cd", "id": "28ce12c252004597be75067eeb99e58c", "publicURL": "http://10.0.2.15:8774/v2.1/07d9481766634873a7780a5b137df5cd"}], "endpoints_links": [], "type": "compute", "name": "nova"}, {"endpoints": [{"adminURL": "http://10.0.2.15:8774/v2/07d9481766634873a7780a5b137df5cd", "region": "RegionOne", "internalURL": "http://10.0.2.15:8774/v2/07d9481766634873a7780a5b137df5cd", "id": "0040c5fb5ecd4cbdbf3a12b0bd655724", "publicURL": "http://10.0.2.15:8774/v2/07d9481766634873a7780a5b137df5cd"}], "endpoints_links": [], "type": "compute_legacy", "name": "nova_legacy"}, {"endpoints": [{"adminURL": "http://10.0.2.15:35357/v2.0", "region": "RegionOne", "internalURL": "http://10.0.2.15:5000/v2.0", "id": "a9a6394a17dd4d828ffc4d0afbe627b9", "publicURL": "http://10.0.2.15:5000/v2.0"}], "endpoints_links": [], "type": "identity", "name": "keystone"}, {"endpoints": [{"adminURL": "http://10.0.2.15:9696/", "region": "RegionOne", "internalURL": "http://10.0.2.15:9696/", "id": "3aa68fc86334497fbc54ebb3f9015c25", "publicURL": "http://10.0.2.15:9696/"}], "endpoints_links": [], "type": "network", "name": "neutron"}], "user": {"username": "tempest-TestNetworkBasicOps-244859248", "roles_links": [], "id": "c562dbb6d8d348cfb2aa87e3f1cac872", "roles": [{"name": "_member_"}, {"name": "Member"}], "name": "tempest-TestNetworkBasicOps-244859248"}, "metadata": {"is_admin": 0, "roles": ["9fe2ff9ee4384b1894a90878d3e92bab", "65d791ecbef84c27abaa1159e44c27c5"]}}}
2016-01-07 00:50:24,211 4680 DEBUG    [tempest.common.fixed_network] (TestNetworkBasicOps:test_connectivity_between_vms_on_different_networks) No valid network provided or created, defaulting to fixed_network_name
2016-01-07 00:50:24,547 4680 INFO     [tempest_lib.common.rest_client] Request (TestNetworkBasicOps:test_connectivity_between_vms_on_different_networks): 200 GET http://10.0.2.15:8774/v2.1/07d9481766634873a7780a5b137df5cd/os-networks 0.334s
2016-01-07 00:50:24,547 4680 DEBUG    [tempest_lib.common.rest_client] Request - Headers: {'Content-Type': 'application/json', 'Accept': 'application/json', 'X-Auth-Token': '&lt;omitted&gt;'}
        Body: None
    Response - Headers: {'status': '200', 'content-length': '478', 'content-location': 'http://10.0.2.15:8774/v2.1/07d9481766634873a7780a5b137df5cd/os-networks', 'x-compute-request-id': 'req-5cffb8a4-c8a1-4996-80d5-960253da29bc', 'vary': 'X-OpenStack-Nova-API-Version', 'connection': 'close', 'x-openstack-nova-api-version': '2.1', 'date': 'Thu, 07 Jan 2016 00:50:24 GMT', 'content-type': 'application/json'}
        Body: {"networks": [{"cidr_v6": null, "dns2": null, "dns1": null, "gateway": null, "broadcast": null, "netmask": null, "gateway_v6": null, "cidr": null, "label": "tempest-network-smoke--163384742", "id": "74183cbd-103b-46f7-952d-97b534a57885", "netmask_v6": null}, {"cidr_v6": null, "dns2": null, "dns1": null, "gateway": null, "broadcast": null, "netmask": null, "gateway_v6": null, "cidr": null, "label": "public", "id": "3e085c4e-fc27-40ed-94b0-9117e666015e", "netmask_v6": null}]}
2016-01-07 00:50:24,547 4680 WARNING  [tempest.common.fixed_network] (TestNetworkBasicOps:test_connectivity_between_vms_on_different_networks) Network with name: private not found
2016-01-07 00:50:24,547 4680 INFO     [tempest.common.fixed_network] (TestNetworkBasicOps:test_connectivity_between_vms_on_different_networks) Found network {} available for tenant
2016-01-07 00:50:26,446 4680 INFO     [tempest_lib.common.rest_client] Request (TestNetworkBasicOps:test_connectivity_between_vms_on_different_networks): 202 POST http://10.0.2.15:8774/v2.1/07d9481766634873a7780a5b137df5cd/servers 1.898s
2016-01-07 00:50:26,447 4680 DEBUG    [tempest_lib.common.rest_client] Request - Headers: {'Content-Type': 'application/json', 'Accept': 'application/json', 'X-Auth-Token': '&lt;omitted&gt;'}
        Body: {"server": {"name": "tempest.common.compute-instance-1563031212", "imageRef": "e64881df-65a9-462b-aea1-4a0683adaac8", "key_name": "tempest-TestNetworkBasicOps-1383163210", "flavorRef": "42", "networks": [{"uuid": "74183cbd-103b-46f7-952d-97b534a57885"}], "security_groups": [{"name": "tempest-secgroup-smoke-421102858"}]}}
    Response - Headers: {'status': '202', 'content-length': '461', 'x-compute-request-id': 'req-be2710d6-7ace-4859-9751-c4f4c7214ed2', 'vary': 'X-OpenStack-Nova-API-Version', 'connection': 'close', 'location': 'http://10.0.2.15:8774/v2.1/07d9481766634873a7780a5b137df5cd/servers/2569616e-292a-4333-bbd3-ec7ba49fb08c', 'x-openstack-nova-api-version': '2.1', 'date': 'Thu, 07 Jan 2016 00:50:26 GMT', 'content-type': 'application/json'}
        Body: {"server": {"security_groups": [{"name": "tempest-secgroup-smoke-421102858"}], "OS-DCF:diskConfig": "MANUAL", "id": "2569616e-292a-4333-bbd3-ec7ba49fb08c", "links": [{"href": "http://10.0.2.15:8774/v2.1/07d9481766634873a7780a5b137df5cd/servers/2569616e-292a-4333-bbd3-ec7ba49fb08c", "rel": "self"}, {"href": "http://10.0.2.15:8774/07d9481766634873a7780a5b137df5cd/servers/2569616e-292a-4333-bbd3-ec7ba49fb08c", "rel": "bookmark"}], "adminPass": "jsp9CDW347Pc"}}
2016-01-07 00:50:26,584 4680 INFO     [tempest_lib.common.rest_client] Request (TestNetworkBasicOps:test_connectivity_between_vms_on_different_networks): 200 GET http://10.0.2.15:8774/v2.1/07d9481766634873a7780a5b137df5cd/servers/2569616e-292a-4333-bbd3-ec7ba49fb08c 0.132s
2016-01-07 00:50:26,584 4680 DEBUG    [tempest_lib.common.rest_client] Request - Headers: {'Content-Type': 'application/json', 'Accept': 'application/json', 'X-Auth-Token': '&lt;omitted&gt;'}
        Body: None
    Response - Headers: {'status': '200', 'content-length': '1356', 'content-location': 'http://10.0.2.15:8774/v2.1/07d9481766634873a7780a5b137df5cd/servers/2569616e-292a-4333-bbd3-ec7ba49fb08c', 'x-compute-request-id': 'req-811b6a47-4517-4f3a-806a-88bea9559c25', 'vary': 'X-OpenStack-Nova-API-Version', 'connection': 'close', 'x-openstack-nova-api-version': '2.1', 'date': 'Thu, 07 Jan 2016 00:50:26 GMT', 'content-type': 'application/json'}
        Body: {"server": {"status": "BUILD", "updated": "2016-01-07T00:50:26Z", "hostId": "", "addresses": {}, "links": [{"href": "http://10.0.2.15:8774/v2.1/07d9481766634873a7780a5b137df5cd/servers/2569616e-292a-4333-bbd3-ec7ba49fb08c", "rel": "self"}, {"href": "http://10.0.2.15:8774/07d9481766634873a7780a5b137df5cd/servers/2569616e-292a-4333-bbd3-ec7ba49fb08c", "rel": "bookmark"}], "key_name": "tempest-TestNetworkBasicOps-1383163210", "image": {"id": "e64881df-65a9-462b-aea1-4a0683adaac8", "links": [{"href": "http://10.0.2.15:8774/07d9481766634873a7780a5b137df5cd/images/e64881df-65a9-462b-aea1-4a0683adaac8", "rel": "bookmark"}]}, "OS-EXT-STS:task_state": "scheduling", "OS-EXT-STS:vm_state": "building", "OS-SRV-USG:launched_at": null, "flavor": {"id": "42", "links": [{"href": "http://10.0.2.15:8774/07d9481766634873a7780a5b137df5cd/flavors/42", "rel": "bookmark"}]}, "id": "2569616e-292a-4333-bbd3-ec7ba49fb08c", "OS-SRV-USG:terminated_at": null, "OS-EXT-AZ:availability_zone": "", "user_id": "c562dbb6d8d348cfb2aa87e3f1cac872", "name": "tempest.common.compute-instance-1563031212", "created": "2016-01-07T00:50:26Z", "tenant_id": "07d9481766634873a7780a5b137df5cd", "OS-DCF:diskConfig": "MANUAL", "os-extended-volumes:volumes_attached": [], "accessIPv4": "", "accessIPv6": "", "progress": 0, "OS-EXT-STS:power_state": 0, "config_drive": "", "metadata": {}}}
2016-01-07 00:50:28,045 4680 INFO     [tempest_lib.common.rest_client] Request (TestNetworkBasicOps:test_connectivity_between_vms_on_different_networks): 200 GET http://10.0.2.15:8774/v2.1/07d9481766634873a7780a5b137df5cd/servers/2569616e-292a-4333-bbd3-ec7ba49fb08c 0.450s
2016-01-07 00:50:28,046 4680 DEBUG    [tempest_lib.common.rest_client] Request - Headers: {'Content-Type': 'application/json', 'Accept': 'application/json', 'X-Auth-Token': '&lt;omitted&gt;'}
        Body: None
    Response - Headers: {'status': '200', 'content-length': '1481', 'content-location': 'http://10.0.2.15:8774/v2.1/07d9481766634873a7780a5b137df5cd/servers/2569616e-292a-4333-bbd3-ec7ba49fb08c', 'x-compute-request-id': 'req-f678e1d4-12a7-443a-b4a1-17e5df86dfa4', 'vary': 'X-OpenStack-Nova-API-Version', 'connection': 'close', 'x-openstack-nova-api-version': '2.1', 'date': 'Thu, 07 Jan 2016 00:50:28 GMT', 'content-type': 'application/json'}
        Body: {"server": {"status": "BUILD", "updated": "2016-01-07T00:50:27Z", "hostId": "46d48abccac0cd17ee4e13e774febddc214e02e540cab3ad28284f01", "addresses": {}, "links": [{"href": "http://10.0.2.15:8774/v2.1/07d9481766634873a7780a5b137df5cd/servers/2569616e-292a-4333-bbd3-ec7ba49fb08c", "rel": "self"}, {"href": "http://10.0.2.15:8774/07d9481766634873a7780a5b137df5cd/servers/2569616e-292a-4333-bbd3-ec7ba49fb08c", "rel": "bookmark"}], "key_name": "tempest-TestNetworkBasicOps-1383163210", "image": {"id": "e64881df-65a9-462b-aea1-4a0683adaac8", "links": [{"href": "http://10.0.2.15:8774/07d9481766634873a7780a5b137df5cd/images/e64881df-65a9-462b-aea1-4a0683adaac8", "rel": "bookmark"}]}, "OS-EXT-STS:task_state": "spawning", "OS-EXT-STS:vm_state": "building", "OS-SRV-USG:launched_at": null, "flavor": {"id": "42", "links": [{"href": "http://10.0.2.15:8774/07d9481766634873a7780a5b137df5cd/flavors/42", "rel": "bookmark"}]}, "id": "2569616e-292a-4333-bbd3-ec7ba49fb08c", "security_groups": [{"name": "tempest-secgroup-smoke-421102858"}], "OS-SRV-USG:terminated_at": null, "OS-EXT-AZ:availability_zone": "nova", "user_id": "c562dbb6d8d348cfb2aa87e3f1cac872", "name": "tempest.common.compute-instance-1563031212", "created": "2016-01-07T00:50:26Z", "tenant_id": "07d9481766634873a7780a5b137df5cd", "OS-DCF:diskConfig": "MANUAL", "os-extended-volumes:volumes_attached": [], "accessIPv4": "", "accessIPv6": "", "progress": 0, "OS-EXT-STS:power_state": 0, "config_drive": "", "metadata": {}}}
2016-01-07 00:50:28,054 4680 INFO     [tempest.common.waiters] State transition "BUILD/scheduling" ==&gt; "BUILD/spawning" after 2 second wait
2016-01-07 00:50:29,319 4680 INFO     [tempest_lib.common.rest_client] Request (TestNetworkBasicOps:test_connectivity_between_vms_on_different_networks): 200 GET http://10.0.2.15:8774/v2.1/07d9481766634873a7780a5b137df5cd/servers/2569616e-292a-4333-bbd3-ec7ba49fb08c 0.263s
2016-01-07 00:50:29,320 4680 DEBUG    [tempest_lib.common.rest_client] Request - Headers: {'Content-Type': 'application/json', 'Accept': 'application/json', 'X-Auth-Token': '&lt;omitted&gt;'}
        Body: None
    Response - Headers: {'status': '200', 'content-length': '1481', 'content-location': 'http://10.0.2.15:8774/v2.1/07d9481766634873a7780a5b137df5cd/servers/2569616e-292a-4333-bbd3-ec7ba49fb08c', 'x-compute-request-id': 'req-acb7351d-4cb1-4868-96ab-311f3a0846cd', 'vary': 'X-OpenStack-Nova-API-Version', 'connection': 'close', 'x-openstack-nova-api-version': '2.1', 'date': 'Thu, 07 Jan 2016 00:50:29 GMT', 'content-type': 'application/json'}
        Body: {"server": {"status": "BUILD", "updated": "2016-01-07T00:50:27Z", "hostId": "46d48abccac0cd17ee4e13e774febddc214e02e540cab3ad28284f01", "addresses": {}, "links": [{"href": "http://10.0.2.15:8774/v2.1/07d9481766634873a7780a5b137df5cd/servers/2569616e-292a-4333-bbd3-ec7ba49fb08c", "rel": "self"}, {"href": "http://10.0.2.15:8774/07d9481766634873a7780a5b137df5cd/servers/2569616e-292a-4333-bbd3-ec7ba49fb08c", "rel": "bookmark"}], "key_name": "tempest-TestNetworkBasicOps-1383163210", "image": {"id": "e64881df-65a9-462b-aea1-4a0683adaac8", "links": [{"href": "http://10.0.2.15:8774/07d9481766634873a7780a5b137df5cd/images/e64881df-65a9-462b-aea1-4a0683adaac8", "rel": "bookmark"}]}, "OS-EXT-STS:task_state": "spawning", "OS-EXT-STS:vm_state": "building", "OS-SRV-USG:launched_at": null, "flavor": {"id": "42", "links": [{"href": "http://10.0.2.15:8774/07d9481766634873a7780a5b137df5cd/flavors/42", "rel": "bookmark"}]}, "id": "2569616e-292a-4333-bbd3-ec7ba49fb08c", "security_groups": [{"name": "tempest-secgroup-smoke-421102858"}], "OS-SRV-USG:terminated_at": null, "OS-EXT-AZ:availability_zone": "nova", "user_id": "c562dbb6d8d348cfb2aa87e3f1cac872", "name": "tempest.common.compute-instance-1563031212", "created": "2016-01-07T00:50:26Z", "tenant_id": "07d9481766634873a7780a5b137df5cd", "OS-DCF:diskConfig": "MANUAL", "os-extended-volumes:volumes_attached": [], "accessIPv4": "", "accessIPv6": "", "progress": 0, "OS-EXT-STS:power_state": 0, "config_drive": "", "metadata": {}}}
2016-01-07 00:50:30,536 4680 INFO     [tempest_lib.common.rest_client] Request (TestNetworkBasicOps:test_connectivity_between_vms_on_different_networks): 200 GET http://10.0.2.15:8774/v2.1/07d9481766634873a7780a5b137df5cd/servers/2569616e-292a-4333-bbd3-ec7ba49fb08c 0.204s
2016-01-07 00:50:30,536 4680 DEBUG    [tempest_lib.common.rest_client] Request - Headers: {'Content-Type': 'application/json', 'Accept': 'application/json', 'X-Auth-Token': '&lt;omitted&gt;'}
        Body: None
    Response - Headers: {'status': '200', 'content-length': '1652', 'content-location': 'http://10.0.2.15:8774/v2.1/07d9481766634873a7780a5b137df5cd/servers/2569616e-292a-4333-bbd3-ec7ba49fb08c', 'x-compute-request-id': 'req-877b3ec6-67e9-40b5-a82d-6583c4a50414', 'vary': 'X-OpenStack-Nova-API-Version', 'connection': 'close', 'x-openstack-nova-api-version': '2.1', 'date': 'Thu, 07 Jan 2016 00:50:30 GMT', 'content-type': 'application/json'}
        Body: {"server": {"status": "ACTIVE", "updated": "2016-01-07T00:50:29Z", "hostId": "46d48abccac0cd17ee4e13e774febddc214e02e540cab3ad28284f01", "addresses": {"tempest-network-smoke--163384742": [{"OS-EXT-IPS-MAC:mac_addr": "fa:16:3e:4b:f7:a6", "version": 4, "addr": "10.100.0.3", "OS-EXT-IPS:type": "fixed"}]}, "links": [{"href": "http://10.0.2.15:8774/v2.1/07d9481766634873a7780a5b137df5cd/servers/2569616e-292a-4333-bbd3-ec7ba49fb08c", "rel": "self"}, {"href": "http://10.0.2.15:8774/07d9481766634873a7780a5b137df5cd/servers/2569616e-292a-4333-bbd3-ec7ba49fb08c", "rel": "bookmark"}], "key_name": "tempest-TestNetworkBasicOps-1383163210", "image": {"id": "e64881df-65a9-462b-aea1-4a0683adaac8", "links": [{"href": "http://10.0.2.15:8774/07d9481766634873a7780a5b137df5cd/images/e64881df-65a9-462b-aea1-4a0683adaac8", "rel": "bookmark"}]}, "OS-EXT-STS:task_state": null, "OS-EXT-STS:vm_state": "active", "OS-SRV-USG:launched_at": "2016-01-07T00:50:29.000000", "flavor": {"id": "42", "links": [{"href": "http://10.0.2.15:8774/07d9481766634873a7780a5b137df5cd/flavors/42", "rel": "bookmark"}]}, "id": "2569616e-292a-4333-bbd3-ec7ba49fb08c", "security_groups": [{"name": "tempest-secgroup-smoke-421102858"}], "OS-SRV-USG:terminated_at": null, "OS-EXT-AZ:availability_zone": "nova", "user_id": "c562dbb6d8d348cfb2aa87e3f1cac872", "name": "tempest.common.compute-instance-1563031212", "created": "2016-01-07T00:50:26Z", "tenant_id": "07d9481766634873a7780a5b137df5cd", "OS-DCF:diskConfig": "MANUAL", "os-extended-volumes:volumes_attached": [], "accessIPv4": "", "accessIPv6": "", "progress": 0, "OS-EXT-STS:power_state": 1, "config_drive": "True", "metadata": {}}}
2016-01-07 00:50:30,545 4680 INFO     [tempest.common.waiters] State transition "BUILD/spawning" ==&gt; "ACTIVE/None" after 4 second wait
2016-01-07 00:50:30,757 4680 INFO     [tempest_lib.common.rest_client] Request (TestNetworkBasicOps:test_connectivity_between_vms_on_different_networks): 200 GET http://10.0.2.15:8774/v2.1/07d9481766634873a7780a5b137df5cd/servers/2569616e-292a-4333-bbd3-ec7ba49fb08c 0.211s
2016-01-07 00:50:30,758 4680 DEBUG    [tempest_lib.common.rest_client] Request - Headers: {'Content-Type': 'application/json', 'Accept': 'application/json', 'X-Auth-Token': '&lt;omitted&gt;'}
        Body: None
    Response - Headers: {'status': '200', 'content-length': '1652', 'content-location': 'http://10.0.2.15:8774/v2.1/07d9481766634873a7780a5b137df5cd/servers/2569616e-292a-4333-bbd3-ec7ba49fb08c', 'x-compute-request-id': 'req-3fffed0d-78b2-4d44-868c-cbe2d8f4b724', 'vary': 'X-OpenStack-Nova-API-Version', 'connection': 'close', 'x-openstack-nova-api-version': '2.1', 'date': 'Thu, 07 Jan 2016 00:50:30 GMT', 'content-type': 'application/json'}
        Body: {"server": {"status": "ACTIVE", "updated": "2016-01-07T00:50:29Z", "hostId": "46d48abccac0cd17ee4e13e774febddc214e02e540cab3ad28284f01", "addresses": {"tempest-network-smoke--163384742": [{"OS-EXT-IPS-MAC:mac_addr": "fa:16:3e:4b:f7:a6", "version": 4, "addr": "10.100.0.3", "OS-EXT-IPS:type": "fixed"}]}, "links": [{"href": "http://10.0.2.15:8774/v2.1/07d9481766634873a7780a5b137df5cd/servers/2569616e-292a-4333-bbd3-ec7ba49fb08c", "rel": "self"}, {"href": "http://10.0.2.15:8774/07d9481766634873a7780a5b137df5cd/servers/2569616e-292a-4333-bbd3-ec7ba49fb08c", "rel": "bookmark"}], "key_name": "tempest-TestNetworkBasicOps-1383163210", "image": {"id": "e64881df-65a9-462b-aea1-4a0683adaac8", "links": [{"href": "http://10.0.2.15:8774/07d9481766634873a7780a5b137df5cd/images/e64881df-65a9-462b-aea1-4a0683adaac8", "rel": "bookmark"}]}, "OS-EXT-STS:task_state": null, "OS-EXT-STS:vm_state": "active", "OS-SRV-USG:launched_at": "2016-01-07T00:50:29.000000", "flavor": {"id": "42", "links": [{"href": "http://10.0.2.15:8774/07d9481766634873a7780a5b137df5cd/flavors/42", "rel": "bookmark"}]}, "id": "2569616e-292a-4333-bbd3-ec7ba49fb08c", "security_groups": [{"name": "tempest-secgroup-smoke-421102858"}], "OS-SRV-USG:terminated_at": null, "OS-EXT-AZ:availability_zone": "nova", "user_id": "c562dbb6d8d348cfb2aa87e3f1cac872", "name": "tempest.common.compute-instance-1563031212", "created": "2016-01-07T00:50:26Z", "tenant_id": "07d9481766634873a7780a5b137df5cd", "OS-DCF:diskConfig": "MANUAL", "os-extended-volumes:volumes_attached": [], "accessIPv4": "", "accessIPv6": "", "progress": 0, "OS-EXT-STS:power_state": 1, "config_drive": "True", "metadata": {}}}
2016-01-07 00:50:30,766 4680 INFO     [tempest.scenario.manager] Tenant networks not configured to be reachable.
2016-01-07 00:50:30,797 4680 INFO     [tempest_lib.common.rest_client] Request (TestNetworkBasicOps:test_connectivity_between_vms_on_different_networks): 200 GET http://10.0.2.15:9696/v2.0/ports?status=ACTIVE&amp;fixed_ip=None&amp;device_id=2569616e-292a-4333-bbd3-ec7ba49fb08c 0.030s
2016-01-07 00:50:30,797 4680 DEBUG    [tempest_lib.common.rest_client] Request - Headers: {'Content-Type': 'application/json', 'Accept': 'application/json', 'X-Auth-Token': '&lt;omitted&gt;'}
        Body: None
    Response - Headers: {'status': '200', 'content-length': '895', 'content-location': 'http://10.0.2.15:9696/v2.0/ports?status=ACTIVE&amp;fixed_ip=None&amp;device_id=2569616e-292a-4333-bbd3-ec7ba49fb08c', 'connection': 'close', 'date': 'Thu, 07 Jan 2016 00:50:30 GMT', 'content-type': 'application/json; charset=UTF-8', 'x-openstack-request-id': 'req-e59bf030-7b36-4ca4-a37d-5f899e9f3f1d'}
        Body: {"ports": [{"status": "ACTIVE", "binding:host_id": "vagrant-ubuntu-trusty-64", "allowed_address_pairs": [], "extra_dhcp_opts": [], "dns_assignment": [{"hostname": "host-10-100-0-3", "ip_address": "10.100.0.3", "fqdn": "host-10-100-0-3.openstacklocal."}], "device_owner": "compute:None", "port_security_enabled": true, "binding:profile": {}, "fixed_ips": [{"subnet_id": "da2077ff-45d1-4021-b9a0-844e618d2244", "ip_address": "10.100.0.3"}], "id": "9ed611db-201d-46b1-a184-7b79cf9b1d41", "security_groups": ["53a44d0e-f809-44ef-9a2f-966204d69f76"], "device_id": "2569616e-292a-4333-bbd3-ec7ba49fb08c", "name": "", "admin_state_up": true, "network_id": "74183cbd-103b-46f7-952d-97b534a57885", "dns_name": "", "binding:vif_details": {"port_filter": true}, "binding:vnic_type": "normal", "binding:vif_type": "ovs", "tenant_id": "07d9481766634873a7780a5b137df5cd", "mac_address": "fa:16:3e:4b:f7:a6"}]}
2016-01-07 00:50:31,442 4680 INFO     [tempest_lib.common.rest_client] Request (TestNetworkBasicOps:test_connectivity_between_vms_on_different_networks): 201 POST http://10.0.2.15:9696/v2.0/floatingips 0.644s
2016-01-07 00:50:31,443 4680 DEBUG    [tempest_lib.common.rest_client] Request - Headers: {'Content-Type': 'application/json', 'Accept': 'application/json', 'X-Auth-Token': '&lt;omitted&gt;'}
        Body: {"floatingip": {"floating_network_id": "3e085c4e-fc27-40ed-94b0-9117e666015e", "tenant_id": "07d9481766634873a7780a5b137df5cd", "fixed_ip_address": "10.100.0.3", "port_id": "9ed611db-201d-46b1-a184-7b79cf9b1d41"}}
    Response - Headers: {'status': '201', 'content-length': '367', 'connection': 'close', 'date': 'Thu, 07 Jan 2016 00:50:31 GMT', 'content-type': 'application/json; charset=UTF-8', 'x-openstack-request-id': 'req-85349e22-2de7-4db4-8de1-32cb5a9adc7e'}
        Body: {"floatingip": {"floating_network_id": "3e085c4e-fc27-40ed-94b0-9117e666015e", "router_id": "7a759018-e155-4449-b719-156fde7fe90c", "fixed_ip_address": "10.100.0.3", "floating_ip_address": "172.24.4.4", "tenant_id": "07d9481766634873a7780a5b137df5cd", "status": "DOWN", "port_id": "9ed611db-201d-46b1-a184-7b79cf9b1d41", "id": "b4124ef5-5aa5-4cf9-b141-54dfa2a13bec"}}
2016-01-07 00:50:31,459 4680 INFO     [tempest_lib.common.rest_client] Request (TestNetworkBasicOps:test_connectivity_between_vms_on_different_networks): 200 GET http://10.0.2.15:9696/v2.0/floatingips/b4124ef5-5aa5-4cf9-b141-54dfa2a13bec 0.015s
2016-01-07 00:50:31,459 4680 DEBUG    [tempest_lib.common.rest_client] Request - Headers: {'Content-Type': 'application/json', 'Accept': 'application/json', 'X-Auth-Token': '&lt;omitted&gt;'}
        Body: None
    Response - Headers: {'status': '200', 'content-length': '367', 'content-location': 'http://10.0.2.15:9696/v2.0/floatingips/b4124ef5-5aa5-4cf9-b141-54dfa2a13bec', 'connection': 'close', 'date': 'Thu, 07 Jan 2016 00:50:31 GMT', 'content-type': 'application/json; charset=UTF-8', 'x-openstack-request-id': 'req-47edc45a-04f6-4290-ad69-ccccc562b11a'}
        Body: {"floatingip": {"floating_network_id": "3e085c4e-fc27-40ed-94b0-9117e666015e", "router_id": "7a759018-e155-4449-b719-156fde7fe90c", "fixed_ip_address": "10.100.0.3", "floating_ip_address": "172.24.4.4", "tenant_id": "07d9481766634873a7780a5b137df5cd", "status": "DOWN", "port_id": "9ed611db-201d-46b1-a184-7b79cf9b1d41", "id": "b4124ef5-5aa5-4cf9-b141-54dfa2a13bec"}}
2016-01-07 00:50:32,479 4680 INFO     [tempest_lib.common.rest_client] Request (TestNetworkBasicOps:test_connectivity_between_vms_on_different_networks): 200 GET http://10.0.2.15:9696/v2.0/floatingips/b4124ef5-5aa5-4cf9-b141-54dfa2a13bec 0.018s
2016-01-07 00:50:32,480 4680 DEBUG    [tempest_lib.common.rest_client] Request - Headers: {'Content-Type': 'application/json', 'Accept': 'application/json', 'X-Auth-Token': '&lt;omitted&gt;'}
        Body: None
    Response - Headers: {'status': '200', 'content-length': '369', 'content-location': 'http://10.0.2.15:9696/v2.0/floatingips/b4124ef5-5aa5-4cf9-b141-54dfa2a13bec', 'connection': 'close', 'date': 'Thu, 07 Jan 2016 00:50:32 GMT', 'content-type': 'application/json; charset=UTF-8', 'x-openstack-request-id': 'req-1c2086b7-9a20-4393-bca1-604ff2bb2b06'}
        Body: {"floatingip": {"floating_network_id": "3e085c4e-fc27-40ed-94b0-9117e666015e", "router_id": "7a759018-e155-4449-b719-156fde7fe90c", "fixed_ip_address": "10.100.0.3", "floating_ip_address": "172.24.4.4", "tenant_id": "07d9481766634873a7780a5b137df5cd", "status": "ACTIVE", "port_id": "9ed611db-201d-46b1-a184-7b79cf9b1d41", "id": "b4124ef5-5aa5-4cf9-b141-54dfa2a13bec"}}
2016-01-07 00:50:32,481 4680 INFO     [tempest.scenario.manager] FloatingIP: &lt;"FloatingIP" addr="172.24.4.4" id="b4124ef5-5aa5-4cf9-b141-54dfa2a13bec"&gt; is at status: ACTIVE
2016-01-07 00:50:32,481 4680 DEBUG    [tempest.scenario.manager] checking network connections to IP 172.24.4.4 with user: cirros
2016-01-07 00:50:32,482 4680 DEBUG    [tempest.scenario.manager] TestNetworkBasicOps:test_connectivity_between_vms_on_different_networks begins to ping 172.24.4.4 in 120 sec and the expected result is reachable
2016-01-07 00:52:32,756 4680 DEBUG    [tempest.scenario.manager] TestNetworkBasicOps:test_connectivity_between_vms_on_different_networks finishes ping 172.24.4.4 in 120 sec and the ping result is unexpected
2016-01-07 00:52:32,756 4680 ERROR    [tempest.scenario.manager] Public network connectivity check failed
2016-01-07 00:52:32.756 4680 ERROR tempest.scenario.manager Traceback (most recent call last):
2016-01-07 00:52:32.756 4680 ERROR tempest.scenario.manager   File "tempest/scenario/manager.py", line 609, in check_public_network_connectivity
2016-01-07 00:52:32.756 4680 ERROR tempest.scenario.manager     should_connect=should_connect)
2016-01-07 00:52:32.756 4680 ERROR tempest.scenario.manager   File "tempest/scenario/manager.py", line 593, in check_vm_connectivity
2016-01-07 00:52:32.756 4680 ERROR tempest.scenario.manager     msg=msg)
2016-01-07 00:52:32.756 4680 ERROR tempest.scenario.manager   File "/usr/local/lib/python2.7/dist-packages/unittest2/case.py", line 702, in assertTrue
2016-01-07 00:52:32.756 4680 ERROR tempest.scenario.manager     raise self.failureException(msg)
2016-01-07 00:52:32.756 4680 ERROR tempest.scenario.manager AssertionError: False is not true : Timed out waiting for 172.24.4.4 to become reachable
2016-01-07 00:52:32.756 4680 ERROR tempest.scenario.manager 
2016-01-07 00:52:32,971 4680 INFO     [tempest_lib.common.rest_client] Request (TestNetworkBasicOps:test_connectivity_between_vms_on_different_networks): 200 POST http://10.0.2.15:8774/v2.1/07d9481766634873a7780a5b137df5cd/servers/2569616e-292a-4333-bbd3-ec7ba49fb08c/action 0.211s
2016-01-07 00:52:32,972 4680 DEBUG    [tempest_lib.common.rest_client] Request - Headers: {'Content-Type': 'application/json', 'Accept': 'application/json', 'X-Auth-Token': '&lt;omitted&gt;'}
        Body: {"os-getConsoleOutput": {}}
    Response - Headers: {'status': '200', 'content-length': '17428', 'x-compute-request-id': 'req-83eea54b-750b-488d-a97f-2bf3b9640d72', 'vary': 'X-OpenStack-Nova-API-Version', 'connection': 'close', 'x-openstack-nova-api-version': '2.1', 'date': 'Thu, 07 Jan 2016 00:52:32 GMT', 'content-type': 'application/json'}
        Body: {"output": "[    0.000000] Initializing cgroup subsys cpuset\n[    0.000000] Initializing cgroup subsys cpu\n[    0.000000] Linux version 3.2.0-80-virtual (buildd@batsu) (gcc version 4.6.3 (Ubuntu/Linaro 4.6.3-1ubuntu5) ) #116-Ubuntu SMP Mon Mar 23 17:28:52 UTC 2015 (Ubuntu 3.2.0-80.116-virtual 3.2.68)\n[    0.000000] Command line: root=/dev/vda console=tty0 console=ttyS0 no_timer_check\n[    0.000000] KERNEL supported cpus:\n[    0.000000]   Intel GenuineIntel\n[    0.000000]   AMD AuthenticAMD\n[    0.000000]   Centaur CentaurHauls\n[    0.000000] BIOS-provided physical RAM map:\n[    0.000000]  BIOS-e820: 0000000000000000 - 000000000009fc00 (usable)\n[    0.000000]  BIOS-e820: 000000000009fc00 - 00000000000a0000 (reserved)\n[    0.000000]  BIOS-e820: 00000000000f0000 - 0000000000100000 (reserved)\n[    0.000000]  BIOS-e820: 0000000000100000 - 0000000003ffe000 (usable)\n[    0.000000]  BIOS-e820: 0000000003ffe000 - 0000000004000000 (reserved)\n[    0.000000]  BIOS-e820: 00000000fffc0000 - 0000000100000000 (reserved)\n[    0.000000] NX (Execute Disable) protection: active\n[    0.000000] SMBIOS 2.4 present.\n[    0.000000] No AGP bridge found\n[    0.000000] last_pfn = 0x3ffe max_arch_pfn = 0x400000000\n[    0.000000] x86 PAT enabled: cpu 0, old 0x7040600070406, new 0x7010600070106\n[    0.000000] found SMP MP-table at [ffff8800000f0b00] f0b00\n[    0.000000] init_memory_mapping: 0000000000000000-0000000003ffe000\n[    0.000000] RAMDISK: 03c5e000 - 03ff0000\n[    0.000000] ACPI: RSDP 00000000000f0950 00014 (v00 BOCHS )\n[    0.000000] ACPI: RSDT 0000000003fffbc1 00034 (v01 BOCHS  BXPCRSDT 00000001 BXPC 00000001)\n[    0.000000] ACPI: FACP 0000000003fff1c0 00074 (v01 BOCHS  BXPCFACP 00000001 BXPC 00000001)\n[    0.000000] ACPI: DSDT 0000000003ffe040 01180 (v01 BOCHS  BXPCDSDT 00000001 BXPC 00000001)\n[    0.000000] ACPI: FACS 0000000003ffe000 00040\n[    0.000000] ACPI: SSDT 0000000003fff234 008DD (v01 BOCHS  BXPCSSDT 00000001 BXPC 00000001)\n[    0.000000] ACPI: APIC 0000000003fffb11 00078 (v01 BOCHS  BXPCAPIC 00000001 BXPC 00000001)\n[    0.000000] ACPI: HPET 0000000003fffb89 00038 (v01 BOCHS  BXPCHPET 00000001 BXPC 00000001)\n[    0.000000] No NUMA configuration found\n[    0.000000] Faking a node at 0000000000000000-0000000003ffe000\n[    0.000000] Initmem setup node 0 0000000000000000-0000000003ffe000\n[    0.000000]   NODE_DATA [0000000003ff6000 - 0000000003ffafff]\n[    0.000000] Zone PFN ranges:\n[    0.000000]   DMA      0x00000010 -&gt; 0x00001000\n[    0.000000]   DMA32    0x00001000 -&gt; 0x00100000\n[    0.000000]   Normal   empty\n[    0.000000] Movable zone start PFN for each node\n[    0.000000] early_node_map[2] active PFN ranges\n[    0.000000]     0: 0x00000010 -&gt; 0x0000009f\n[    0.000000]     0: 0x00000100 -&gt; 0x00003ffe\n[    0.000000] ACPI: PM-Timer IO Port: 0xb008\n[    0.000000] ACPI: LAPIC (acpi_id[0x00] lapic_id[0x00] enabled)\n[    0.000000] ACPI: LAPIC_NMI (acpi_id[0xff] dfl dfl lint[0x1])\n[    0.000000] ACPI: IOAPIC (id[0x00] address[0xfec00000] gsi_base[0])\n[    0.000000] IOAPIC[0]: apic_id 0, version 17, address 0xfec00000, GSI 0-23\n[    0.000000] ACPI: INT_SRC_OVR (bus 0 bus_irq 0 global_irq 2 dfl dfl)\n[    0.000000] ACPI: INT_SRC_OVR (bus 0 bus_irq 5 global_irq 5 high level)\n[    0.000000] ACPI: INT_SRC_OVR (bus 0 bus_irq 9 global_irq 9 high level)\n[    0.000000] ACPI: INT_SRC_OVR (bus 0 bus_irq 10 global_irq 10 high level)\n[    0.000000] ACPI: INT_SRC_OVR (bus 0 bus_irq 11 global_irq 11 high level)\n[    0.000000] Using ACPI (MADT) for SMP configuration information\n[    0.000000] ACPI: HPET id: 0x8086a201 base: 0xfed00000\n[    0.000000] SMP: Allowing 1 CPUs, 0 hotplug CPUs\n[    0.000000] PM: Registered nosave memory: 000000000009f000 - 00000000000a0000\n[    0.000000] PM: Registered nosave memory: 00000000000a0000 - 00000000000f0000\n[    0.000000] PM: Registered nosave memory: 00000000000f0000 - 0000000000100000\n[    0.000000] Allocating PCI resources starting at 4000000 (gap: 4000000:fbfc0000)\n[    0.000000] Booting paravirtualized kernel on bare hardware\n[    0.000000] setup_pe
2016-01-07 00:52:32,976 4680 DEBUG    [tempest.scenario.manager] Console output for 2569616e-292a-4333-bbd3-ec7ba49fb08c
body=
[    0.000000] Initializing cgroup subsys cpuset
[    0.000000] Initializing cgroup subsys cpu
[    0.000000] Linux version 3.2.0-80-virtual (buildd@batsu) (gcc version 4.6.3 (Ubuntu/Linaro 4.6.3-1ubuntu5) ) #116-Ubuntu SMP Mon Mar 23 17:28:52 UTC 2015 (Ubuntu 3.2.0-80.116-virtual 3.2.68)
[    0.000000] Command line: root=/dev/vda console=tty0 console=ttyS0 no_timer_check
[    0.000000] KERNEL supported cpus:
[    0.000000]   Intel GenuineIntel
[    0.000000]   AMD AuthenticAMD
[    0.000000]   Centaur CentaurHauls
[    0.000000] BIOS-provided physical RAM map:
[    0.000000]  BIOS-e820: 0000000000000000 - 000000000009fc00 (usable)
[    0.000000]  BIOS-e820: 000000000009fc00 - 00000000000a0000 (reserved)
[    0.000000]  BIOS-e820: 00000000000f0000 - 0000000000100000 (reserved)
[    0.000000]  BIOS-e820: 0000000000100000 - 0000000003ffe000 (usable)
[    0.000000]  BIOS-e820: 0000000003ffe000 - 0000000004000000 (reserved)
[    0.000000]  BIOS-e820: 00000000fffc0000 - 0000000100000000 (reserved)
[    0.000000] NX (Execute Disable) protection: active
[    0.000000] SMBIOS 2.4 present.
[    0.000000] No AGP bridge found
[    0.000000] last_pfn = 0x3ffe max_arch_pfn = 0x400000000
[    0.000000] x86 PAT enabled: cpu 0, old 0x7040600070406, new 0x7010600070106
[    0.000000] found SMP MP-table at [ffff8800000f0b00] f0b00
[    0.000000] init_memory_mapping: 0000000000000000-0000000003ffe000
[    0.000000] RAMDISK: 03c5e000 - 03ff0000
[    0.000000] ACPI: RSDP 00000000000f0950 00014 (v00 BOCHS )
[    0.000000] ACPI: RSDT 0000000003fffbc1 00034 (v01 BOCHS  BXPCRSDT 00000001 BXPC 00000001)
[    0.000000] ACPI: FACP 0000000003fff1c0 00074 (v01 BOCHS  BXPCFACP 00000001 BXPC 00000001)
[    0.000000] ACPI: DSDT 0000000003ffe040 01180 (v01 BOCHS  BXPCDSDT 00000001 BXPC 00000001)
[    0.000000] ACPI: FACS 0000000003ffe000 00040
[    0.000000] ACPI: SSDT 0000000003fff234 008DD (v01 BOCHS  BXPCSSDT 00000001 BXPC 00000001)
[    0.000000] ACPI: APIC 0000000003fffb11 00078 (v01 BOCHS  BXPCAPIC 00000001 BXPC 00000001)
[    0.000000] ACPI: HPET 0000000003fffb89 00038 (v01 BOCHS  BXPCHPET 00000001 BXPC 00000001)
[    0.000000] No NUMA configuration found
[    0.000000] Faking a node at 0000000000000000-0000000003ffe000
[    0.000000] Initmem setup node 0 0000000000000000-0000000003ffe000
[    0.000000]   NODE_DATA [0000000003ff6000 - 0000000003ffafff]
[    0.000000] Zone PFN ranges:
[    0.000000]   DMA      0x00000010 -&gt; 0x00001000
[    0.000000]   DMA32    0x00001000 -&gt; 0x00100000
[    0.000000]   Normal   empty
[    0.000000] Movable zone start PFN for each node
[    0.000000] early_node_map[2] active PFN ranges
[    0.000000]     0: 0x00000010 -&gt; 0x0000009f
[    0.000000]     0: 0x00000100 -&gt; 0x00003ffe
[    0.000000] ACPI: PM-Timer IO Port: 0xb008
[    0.000000] ACPI: LAPIC (acpi_id[0x00] lapic_id[0x00] enabled)
[    0.000000] ACPI: LAPIC_NMI (acpi_id[0xff] dfl dfl lint[0x1])
[    0.000000] ACPI: IOAPIC (id[0x00] address[0xfec00000] gsi_base[0])
[    0.000000] IOAPIC[0]: apic_id 0, version 17, address 0xfec00000, GSI 0-23
[    0.000000] ACPI: INT_SRC_OVR (bus 0 bus_irq 0 global_irq 2 dfl dfl)
[    0.000000] ACPI: INT_SRC_OVR (bus 0 bus_irq 5 global_irq 5 high level)
[    0.000000] ACPI: INT_SRC_OVR (bus 0 bus_irq 9 global_irq 9 high level)
[    0.000000] ACPI: INT_SRC_OVR (bus 0 bus_irq 10 global_irq 10 high level)
[    0.000000] ACPI: INT_SRC_OVR (bus 0 bus_irq 11 global_irq 11 high level)
[    0.000000] Using ACPI (MADT) for SMP configuration information
[    0.000000] ACPI: HPET id: 0x8086a201 base: 0xfed00000
[    0.000000] SMP: Allowing 1 CPUs, 0 hotplug CPUs
[    0.000000] PM: Registered nosave memory: 000000000009f000 - 00000000000a0000
[    0.000000] PM: Registered nosave memory: 00000000000a0000 - 00000000000f0000
[    0.000000] PM: Registered nosave memory: 00000000000f0000 - 0000000000100000
[    0.000000] Allocating PCI resources starting at 4000000 (gap: 4000000:fbfc0000)
[    0.000000] Booting paravirtualized kernel on bare hardware
[    0.000000] setup_percpu: NR_CPUS:64 nr_cpumask_bits:64 nr_cpu_ids:1 nr_node_ids:1
[    0.000000] PERCPU: Embedded 27 pages/cpu @ffff880003a00000 s78848 r8192 d23552 u2097152
[    0.000000] Built 1 zonelists in Node order, mobility grouping on.  Total pages: 16008
[    0.000000] Policy zone: DMA32
[    0.000000] Kernel command line: root=/dev/vda console=tty0 console=ttyS0 no_timer_check
[    0.000000] PID hash table entries: 256 (order: -1, 2048 bytes)
[    0.000000] Checking aperture...
[    0.000000] No AGP bridge found
[    0.000000] Memory: 43492k/65528k available (6576k kernel code, 452k absent, 21584k reserved, 6620k data, 928k init)
[    0.000000] SLUB: Genslabs=15, HWalign=64, Order=0-3, MinObjects=0, CPUs=1, Nodes=1
[    0.000000] Hierarchical RCU implementation.
[    0.000000] 	RCU dyntick-idle grace-period acceleration is enabled.
[    0.000000] NR_IRQS:4352 nr_irqs:256 16
[    0.000000] Console: colour VGA+ 80x25
[    0.000000] console [tty0] enabled
[    0.000000] console [ttyS0] enabled
[    0.000000] allocated 1048576 bytes of page_cgroup
[    0.000000] please try 'cgroup_disable=memory' option if you don't want memory cgroups
[    0.000000] Fast TSC calibration failed
[    0.000000] TSC: Unable to calibrate against PIT
[    0.000000] TSC: using HPET reference calibration
[    0.000000] Detected 2295.046 MHz processor.
[    0.032908] Calibrating delay loop (skipped), value calculated using timer frequency.. 4590.09 BogoMIPS (lpj=9180184)
[    0.034834] pid_max: default: 32768 minimum: 301
[    0.043150] Security Framework initialized
[    0.048119] AppArmor: AppArmor initialized
[    0.048814] Yama: becoming mindful.
[    0.055166] Dentry cache hash table entries: 8192 (order: 4, 65536 bytes)
[    0.056694] Inode-cache hash table entries: 4096 (order: 3, 32768 bytes)
[    0.058113] Mount-cache hash table entries: 256
[    0.073250] Initializing cgroup subsys cpuacct
[    0.074156] Initializing cgroup subsys memory
[    0.075474] Initializing cgroup subsys devices
[    0.076172] Initializing cgroup subsys freezer
[    0.076927] Initializing cgroup subsys blkio
[    0.077639] Initializing cgroup subsys perf_event
[    0.082188] mce: CPU supports 10 MCE banks
[    0.086641] SMP alternatives: switching to UP code
[    0.515196] Freeing SMP alternatives: 24k freed
[    0.518140] ACPI: Core revision 20110623
[    0.585031] ftrace: allocating 26610 entries in 105 pages
[    0.626095] ..TIMER: vector=0x30 apic1=0 pin1=2 apic2=-1 pin2=-1
[    0.628140] CPU0: AMD QEMU Virtual CPU version 2.0.0 stepping 03
[    0.632038] Performance Events: Broken PMU hardware detected, using software events only.
[    0.640261] NMI watchdog disabled (cpu0): hardware events not enabled
[    0.641784] Brought up 1 CPUs
[    0.642321] Total of 1 processors activated (4590.09 BogoMIPS).
[    0.668180] devtmpfs: initialized
[    0.697508] EVM: security.selinux
[    0.697983] EVM: security.SMACK64
[    0.698527] EVM: security.capability
[    0.721056] print_constraints: dummy: 
[    0.724789] RTC time:  0:50:33, date: 01/07/16
[    0.727145] NET: Registered protocol family 16
[    0.736152] ACPI: bus type pci registered
[    0.739179] PCI: Using configuration type 1 for base access
[    0.784673] bio: create slab &lt;bio-0&gt; at 0
[    0.792236] ACPI: Added _OSI(Module Device)
[    0.792898] ACPI: Added _OSI(Processor Device)
[    0.793497] ACPI: Added _OSI(3.0 _SCP Extensions)
[    0.794278] ACPI: Added _OSI(Processor Aggregator Device)
[    0.877970] ACPI: Interpreter enabled
[    0.878609] ACPI: (supports S0 S3 S4 S5)
[    0.881346] ACPI: Using IOAPIC for interrupt routing
[    0.964280] ACPI: No dock devices found.
[    0.964942] HEST: Table not found.
[    0.965478] PCI: Using host bridge windows from ACPI; if necessary, use "pci=nocrs" and report a bug
[    0.971331] ACPI: PCI Root Bridge [PCI0] (domain 0000 [bus 00-ff])
[    0.978031] pci_root PNP0A03:00: host bridge window [io  0x0000-0x0cf7]
[    0.978958] pci_root PNP0A03:00: host bridge window [io  0x0d00-0xadff]
[    0.980121] pci_root PNP0A03:00: host bridge window [io  0xae0f-0xaeff]
[    0.980929] pci_root PNP0A03:00: host bridge window [io  0xaf20-0xafdf]
[    0.981757] pci_root PNP0A03:00: host bridge window [io  0xafe4-0xffff]
[    0.983563] pci_root PNP0A03:00: host bridge window [mem 0x000a0000-0x000bffff]
[    0.984113] pci_root PNP0A03:00: host bridge window [mem 0x04000000-0xfebfffff]
[    1.014193] pci 0000:00:01.3: quirk: [io  0xb000-0xb03f] claimed by PIIX4 ACPI
[    1.015935] pci 0000:00:01.3: quirk: [io  0xb100-0xb10f] claimed by PIIX4 SMB
[    1.081062]  pci0000:00: Unable to request _OSC control (_OSC support mask: 0x1e)
[    1.133427] ACPI: PCI Interrupt Link [LNKA] (IRQs 5 *10 11)
[    1.136312] ACPI: PCI Interrupt Link [LNKB] (IRQs 5 *10 11)
[    1.137610] ACPI: PCI Interrupt Link [LNKC] (IRQs 5 10 *11)
[    1.139283] ACPI: PCI Interrupt Link [LNKD] (IRQs 5 10 *11)
[    1.141109] ACPI: PCI Interrupt Link [LNKS] (IRQs *9)
[    1.148404] vgaarb: device added: PCI:0000:00:02.0,decodes=io+mem,owns=io+mem,locks=none
[    1.149452] vgaarb: loaded
[    1.149829] vgaarb: bridge control possible 0000:00:02.0
[    1.153081] i2c-core: driver [aat2870] using legacy suspend method
[    1.153824] i2c-core: driver [aat2870] using legacy resume method
[    1.158171] SCSI subsystem initialized
[    1.161664] usbcore: registered new interface driver usbfs
[    1.162678] usbcore: registered new interface driver hub
[    1.164407] usbcore: registered new device driver usb
[    1.168893] PCI: Using ACPI for IRQ routing
[    1.178963] NetLabel: Initializing
[    1.179527] NetLabel:  domain hash size = 128
[    1.180171] NetLabel:  protocols = UNLABELED CIPSOv4
[    1.181878] NetLabel:  unlabeled traffic allowed by default
[    1.185054] HPET: 3 timers in total, 0 timers will be used for per-cpu timer
[    1.186102] hpet0: at MMIO 0xfed00000, IRQs 2, 8, 0
[    1.186906] hpet0: 3 comparators, 64-bit 100.000000 MHz counter
[    1.198510] Switching to clocksource hpet
[    1.418917] AppArmor: AppArmor Filesystem Enabled
[    1.420927] pnp: PnP ACPI init
[    1.422546] ACPI: bus type pnp registered
[    1.443496] pnp: PnP ACPI: found 9 devices
[    1.444003] ACPI: ACPI bus type pnp unregistered
[    1.502489] NET: Registered protocol family 2
[    1.538420] IP route cache hash table entries: 512 (order: 0, 4096 bytes)
[    1.546962] TCP established hash table entries: 2048 (order: 3, 32768 bytes)
[    1.549558] TCP bind hash table entries: 2048 (order: 3, 32768 bytes)
[    1.550557] TCP: Hash tables configured (established 2048 bind 2048)
[    1.551511] TCP reno registered
[    1.551926] UDP hash table entries: 128 (order: 0, 4096 bytes)
[    1.553835] UDP-Lite hash table entries: 128 (order: 0, 4096 bytes)
[    1.557237] NET: Registered protocol family 1
[    1.558300] pci 0000:00:00.0: Limiting direct PCI/PCI transfers
[    1.559342] pci 0000:00:01.0: PIIX3: Enabling Passive Release
[    1.561445] pci 0000:00:01.0: Activating ISA DMA hang workarounds
[    1.566740] ACPI: PCI Interrupt Link [LNKD] enabled at IRQ 11
[    1.569633] pci 0000:00:01.2: PCI INT D -&gt; Link[LNKD] -&gt; GSI 11 (level, high) -&gt; IRQ 11
[    1.573247] pci 0000:00:01.2: PCI INT D disabled
[    1.594219] Trying to unpack rootfs image as initramfs...
[    1.617588] audit: initializing netlink socket (disabled)
[    1.618769] type=2000 audit(1452127833.616:1): initialized
[    1.911471] HugeTLB registered 2 MB page size, pre-allocated 0 pages
[    2.033712] VFS: Disk quotas dquot_6.5.2
[    2.034867] Dquot-cache hash table entries: 512 (order 0, 4096 bytes)
[    2.062643] fuse init (API version 7.17)
[    2.067208] msgmni has been set to 84
[    2.099980] Block layer SCSI generic (bsg) driver version 0.4 loaded (major 253)
[    2.110277] io scheduler noop registered
[    2.110783] io scheduler deadline registered (default)
[    2.111906] io scheduler cfq registered
[    2.115924] pci_hotplug: PCI Hot Plug PCI Core version: 0.5
[    2.119408] pciehp: PCI Express Hot Plug Controller Driver version: 0.4
[    2.137998] input: Power Button as /devices/LNXSYSTM:00/LNXPWRBN:00/input/input0
[    2.140061] ACPI: Power Button [PWRF]
[    2.217564] ERST: Table is not found!
[    2.218079] GHES: HEST is not enabled!
[    2.227972] ACPI: PCI Interrupt Link [LNKC] enabled at IRQ 10
[    2.230100] virtio-pci 0000:00:03.0: PCI INT A -&gt; Link[LNKC] -&gt; GSI 10 (level, high) -&gt; IRQ 10
[    2.234530] virtio-pci 0000:00:04.0: PCI INT A -&gt; Link[LNKD] -&gt; GSI 11 (level, high) -&gt; IRQ 11
[    2.250722] ACPI: PCI Interrupt Link [LNKA] enabled at IRQ 10
[    2.251568] virtio-pci 0000:00:05.0: PCI INT A -&gt; Link[LNKA] -&gt; GSI 10 (level, high) -&gt; IRQ 10
[    2.266610] Serial: 8250/16550 driver, 32 ports, IRQ sharing enabled
[    2.306586] serial8250: ttyS0 at I/O 0x3f8 (irq = 4) is a 16550A
[    2.393755] serial8250: ttyS1 at I/O 0x2f8 (irq = 3) is a 16550A
[    2.534862] 00:05: ttyS0 at I/O 0x3f8 (irq = 4) is a 16550A
[    2.578998] Refined TSC clocksource calibration: 2295.059 MHz.
[    2.581954] Switching to clocksource tsc
[    2.628468] 00:06: ttyS1 at I/O 0x2f8 (irq = 3) is a 16550A
[    2.670132] Linux agpgart interface v0.103
[    2.735739] brd: module loaded
[    2.767555] loop: module loaded
[    2.817840]  vda: unknown partition table
[    2.874758] scsi0 : ata_piix
[    2.878702] scsi1 : ata_piix
[    2.879658] ata1: PATA max MWDMA2 cmd 0x1f0 ctl 0x3f6 bmdma 0xc0a0 irq 14
[    2.881394] ata2: PATA max MWDMA2 cmd 0x170 ctl 0x376 bmdma 0xc0a8 irq 15
[    2.891303] Fixed MDIO Bus: probed
[    2.892160] tun: Universal TUN/TAP device driver, 1.6
[    2.893203] tun: (C) 1999-2004 Max Krasnyansky &lt;maxk@qualcomm.com&gt;
[    2.919437] PPP generic driver version 2.4.2
[    2.953445] ehci_hcd: USB 2.0 'Enhanced' Host Controller (EHCI) Driver
[    2.954486] ohci_hcd: USB 1.1 'Open' Host Controller (OHCI) Driver
[    2.955386] uhci_hcd: USB Universal Host Controller Interface driver
[    2.957257] uhci_hcd 0000:00:01.2: PCI INT D -&gt; Link[LNKD] -&gt; GSI 11 (level, high) -&gt; IRQ 11
[    2.960959] uhci_hcd 0000:00:01.2: UHCI Host Controller
[    2.979946] uhci_hcd 0000:00:01.2: new USB bus registered, assigned bus number 1
[    2.982798] uhci_hcd 0000:00:01.2: irq 11, io base 0x0000c040
[    3.025347] hub 1-0:1.0: USB hub found
[    3.029597] hub 1-0:1.0: 2 ports detected
[    3.041291] usbcore: registered new interface driver libusual
[    3.043723] i8042: PNP: PS/2 Controller [PNP0303:KBD,PNP0f13:MOU] at 0x60,0x64 irq 1,12
[    3.055225] serio: i8042 KBD port at 0x60,0x64 irq 1
[    3.056143] serio: i8042 AUX port at 0x60,0x64 irq 12
[    3.106624] ata2.01: ATAPI: QEMU DVD-ROM, 2.0.0, max UDMA/100
[    3.118962] ata2.01: configured for MWDMA2
[    3.147738] mousedev: PS/2 mouse device common for all mice
[    3.161348] rtc_cmos 00:01: RTC can wake from S4
[    3.177431] rtc_cmos 00:01: rtc core: registered rtc_cmos as rtc0
[    3.181069] rtc0: alarms up to one day, 114 bytes nvram, hpet irqs
[    3.188008] device-mapper: uevent: version 1.0.3
[    3.202670] scsi 1:0:1:0: CD-ROM            QEMU     QEMU DVD-ROM     2.0. PQ: 0 ANSI: 5
[    3.219018] input: AT Translated Set 2 keyboard as /devices/platform/i8042/serio0/input/input1
[    3.239603] device-mapper: ioctl: 4.22.0-ioctl (2011-10-19) initialised: dm-devel@redhat.com
[    3.243416] cpuidle: using governor ladder
[    3.243989] cpuidle: using governor menu
[    3.245440] EFI Variables Facility v0.08 2004-May-17
[    3.251958] TCP cubic registered
[    3.255968] NET: Registered protocol family 10
[    3.288015] NET: Registered protocol family 17
[    3.289489] Registering the dns_resolver key type
[    3.304019] sr0: scsi3-mmc drive: 4x/4x cd/rw xa/form2 tray
[    3.307109] cdrom: Uniform CD-ROM driver Revision: 3.20
[    3.336926] sr 1:0:1:0: Attached scsi generic sg0 type 5
[    3.394131] Freeing initrd memory: 3656k freed
[    3.410472] registered taskstats version 1
[    3.908015]   Magic number: 0:278:809
[    3.922201] rtc_cmos 00:01: setting system clock to 2016-01-07 00:50:36 UTC (1452127836)
[    3.925043] powernow-k8: Processor cpuid 663 not supported
[    3.931899] BIOS EDD facility v0.16 2004-Jun-25, 0 devices found
[    3.934259] EDD information not available.
[    4.001306] Freeing unused kernel memory: 928k freed
[    4.008306] Write protecting the kernel read-only data: 12288k
[    4.130906] Freeing unused kernel memory: 1596k freed
[    4.195984] Freeing unused kernel memory: 1184k freed

info: initramfs: up at 4.42
modprobe: module virtio_blk not found in modules.dep
modprobe: module virtio_net not found in modules.dep
info: copying initramfs to /dev/vda
info: initramfs loading root from /dev/vda
info: /etc/init.d/rc.sysinit: up at 9.54
info: container: none
Starting logging: OK
modprobe: module virtio_blk not found in modules.dep
modprobe: module virtio_net not found in modules.dep
WARN: /etc/rc3.d/S10-load-modules failed
Initializing random number generator... done.
Starting acpid: OK
cirros-ds 'local' up at 12.15
found datasource (configdrive, local)
Starting network...
udhcpc (v1.20.1) started
Sending discover...
Sending discover...

2016-01-07 00:52:33,265 4680 INFO     [tempest_lib.common.rest_client] Request (TestNetworkBasicOps:_run_cleanups): 204 DELETE http://10.0.2.15:9696/v2.0/floatingips/b4124ef5-5aa5-4cf9-b141-54dfa2a13bec 0.281s
2016-01-07 00:52:33,266 4680 DEBUG    [tempest_lib.common.rest_client] Request - Headers: {'Content-Type': 'application/json', 'Accept': 'application/json', 'X-Auth-Token': '&lt;omitted&gt;'}
        Body: None
    Response - Headers: {'date': 'Thu, 07 Jan 2016 00:52:33 GMT', 'status': '204', 'connection': 'close', 'content-length': '0', 'x-openstack-request-id': 'req-07665b32-ed0a-46cc-824b-1cff77bf71cf'}
        Body: 
2016-01-07 00:52:33,588 4680 INFO     [tempest_lib.common.rest_client] Request (TestNetworkBasicOps:_run_cleanups): 204 DELETE http://10.0.2.15:8774/v2.1/07d9481766634873a7780a5b137df5cd/servers/2569616e-292a-4333-bbd3-ec7ba49fb08c 0.321s
2016-01-07 00:52:33,588 4680 DEBUG    [tempest_lib.common.rest_client] Request - Headers: {'Content-Type': 'application/json', 'Accept': 'application/json', 'X-Auth-Token': '&lt;omitted&gt;'}
        Body: None
    Response - Headers: {'status': '204', 'content-length': '0', 'x-compute-request-id': 'req-769581ad-090f-4364-8e03-3e98ee16f7bc', 'vary': 'X-OpenStack-Nova-API-Version', 'connection': 'close', 'x-openstack-nova-api-version': '2.1', 'date': 'Thu, 07 Jan 2016 00:52:33 GMT', 'content-type': 'application/json'}
        Body: 
2016-01-07 00:52:33,801 4680 INFO     [tempest_lib.common.rest_client] Request (TestNetworkBasicOps:_run_cleanups): 200 GET http://10.0.2.15:8774/v2.1/07d9481766634873a7780a5b137df5cd/servers/2569616e-292a-4333-bbd3-ec7ba49fb08c 0.212s
2016-01-07 00:52:33,802 4680 DEBUG    [tempest_lib.common.rest_client] Request - Headers: {'Content-Type': 'application/json', 'Accept': 'application/json', 'X-Auth-Token': '&lt;omitted&gt;'}
        Body: None
    Response - Headers: {'status': '200', 'content-length': '1775', 'content-location': 'http://10.0.2.15:8774/v2.1/07d9481766634873a7780a5b137df5cd/servers/2569616e-292a-4333-bbd3-ec7ba49fb08c', 'x-compute-request-id': 'req-0e52a305-25f8-456e-86c8-6f94555812ec', 'vary': 'X-OpenStack-Nova-API-Version', 'connection': 'close', 'x-openstack-nova-api-version': '2.1', 'date': 'Thu, 07 Jan 2016 00:52:33 GMT', 'content-type': 'application/json'}
        Body: {"server": {"status": "ACTIVE", "updated": "2016-01-07T00:52:33Z", "hostId": "46d48abccac0cd17ee4e13e774febddc214e02e540cab3ad28284f01", "addresses": {"tempest-network-smoke--163384742": [{"OS-EXT-IPS-MAC:mac_addr": "fa:16:3e:4b:f7:a6", "version": 4, "addr": "10.100.0.3", "OS-EXT-IPS:type": "fixed"}, {"OS-EXT-IPS-MAC:mac_addr": "fa:16:3e:4b:f7:a6", "version": 4, "addr": "172.24.4.4", "OS-EXT-IPS:type": "floating"}]}, "links": [{"href": "http://10.0.2.15:8774/v2.1/07d9481766634873a7780a5b137df5cd/servers/2569616e-292a-4333-bbd3-ec7ba49fb08c", "rel": "self"}, {"href": "http://10.0.2.15:8774/07d9481766634873a7780a5b137df5cd/servers/2569616e-292a-4333-bbd3-ec7ba49fb08c", "rel": "bookmark"}], "key_name": "tempest-TestNetworkBasicOps-1383163210", "image": {"id": "e64881df-65a9-462b-aea1-4a0683adaac8", "links": [{"href": "http://10.0.2.15:8774/07d9481766634873a7780a5b137df5cd/images/e64881df-65a9-462b-aea1-4a0683adaac8", "rel": "bookmark"}]}, "OS-EXT-STS:task_state": "deleting", "OS-EXT-STS:vm_state": "active", "OS-SRV-USG:launched_at": "2016-01-07T00:50:29.000000", "flavor": {"id": "42", "links": [{"href": "http://10.0.2.15:8774/07d9481766634873a7780a5b137df5cd/flavors/42", "rel": "bookmark"}]}, "id": "2569616e-292a-4333-bbd3-ec7ba49fb08c", "security_groups": [{"name": "tempest-secgroup-smoke-421102858"}], "OS-SRV-USG:terminated_at": null, "OS-EXT-AZ:availability_zone": "nova", "user_id": "c562dbb6d8d348cfb2aa87e3f1cac872", "name": "tempest.common.compute-instance-1563031212", "created": "2016-01-07T00:50:26Z", "tenant_id": "07d9481766634873a7780a5b137df5cd", "OS-DCF:diskConfig": "MANUAL", "os-extended-volumes:volumes_attached": [], "accessIPv4": "", "accessIPv6": "", "progress": 0, "OS-EXT-STS:power_state": 1, "config_drive": "True", "metadata": {}}}
2016-01-07 00:52:34,981 4680 INFO     [tempest_lib.common.rest_client] Request (TestNetworkBasicOps:_run_cleanups): 200 GET http://10.0.2.15:8774/v2.1/07d9481766634873a7780a5b137df5cd/servers/2569616e-292a-4333-bbd3-ec7ba49fb08c 0.163s
2016-01-07 00:52:34,981 4680 DEBUG    [tempest_lib.common.rest_client] Request - Headers: {'Content-Type': 'application/json', 'Accept': 'application/json', 'X-Auth-Token': '&lt;omitted&gt;'}
        Body: None
    Response - Headers: {'status': '200', 'content-length': '1441', 'content-location': 'http://10.0.2.15:8774/v2.1/07d9481766634873a7780a5b137df5cd/servers/2569616e-292a-4333-bbd3-ec7ba49fb08c', 'x-compute-request-id': 'req-18efc242-4dbf-49c6-a0bc-7083ab9b4671', 'vary': 'X-OpenStack-Nova-API-Version', 'connection': 'close', 'x-openstack-nova-api-version': '2.1', 'date': 'Thu, 07 Jan 2016 00:52:34 GMT', 'content-type': 'application/json'}
        Body: {"server": {"status": "ACTIVE", "updated": "2016-01-07T00:52:34Z", "hostId": "46d48abccac0cd17ee4e13e774febddc214e02e540cab3ad28284f01", "addresses": {}, "links": [{"href": "http://10.0.2.15:8774/v2.1/07d9481766634873a7780a5b137df5cd/servers/2569616e-292a-4333-bbd3-ec7ba49fb08c", "rel": "self"}, {"href": "http://10.0.2.15:8774/07d9481766634873a7780a5b137df5cd/servers/2569616e-292a-4333-bbd3-ec7ba49fb08c", "rel": "bookmark"}], "key_name": "tempest-TestNetworkBasicOps-1383163210", "image": {"id": "e64881df-65a9-462b-aea1-4a0683adaac8", "links": [{"href": "http://10.0.2.15:8774/07d9481766634873a7780a5b137df5cd/images/e64881df-65a9-462b-aea1-4a0683adaac8", "rel": "bookmark"}]}, "OS-EXT-STS:task_state": "deleting", "OS-EXT-STS:vm_state": "active", "OS-SRV-USG:launched_at": "2016-01-07T00:50:29.000000", "flavor": {"id": "42", "links": [{"href": "http://10.0.2.15:8774/07d9481766634873a7780a5b137df5cd/flavors/42", "rel": "bookmark"}]}, "id": "2569616e-292a-4333-bbd3-ec7ba49fb08c", "OS-SRV-USG:terminated_at": null, "OS-EXT-AZ:availability_zone": "nova", "user_id": "c562dbb6d8d348cfb2aa87e3f1cac872", "name": "tempest.common.compute-instance-1563031212", "created": "2016-01-07T00:50:26Z", "tenant_id": "07d9481766634873a7780a5b137df5cd", "OS-DCF:diskConfig": "MANUAL", "os-extended-volumes:volumes_attached": [], "accessIPv4": "", "accessIPv6": "", "progress": 0, "OS-EXT-STS:power_state": 1, "config_drive": "True", "metadata": {}}}
2016-01-07 00:52:36,076 4680 INFO     [tempest_lib.common.rest_client] Request (TestNetworkBasicOps:_run_cleanups): 404 GET http://10.0.2.15:8774/v2.1/07d9481766634873a7780a5b137df5cd/servers/2569616e-292a-4333-bbd3-ec7ba49fb08c 0.083s
2016-01-07 00:52:36,077 4680 DEBUG    [tempest_lib.common.rest_client] Request - Headers: {'Content-Type': 'application/json', 'Accept': 'application/json', 'X-Auth-Token': '&lt;omitted&gt;'}
        Body: None
    Response - Headers: {'status': '404', 'content-length': '111', 'x-compute-request-id': 'req-38d86e6d-fbf0-47ee-a33e-be28894abf1d', 'vary': 'X-OpenStack-Nova-API-Version', 'connection': 'close', 'x-openstack-nova-api-version': '2.1', 'date': 'Thu, 07 Jan 2016 00:52:36 GMT', 'content-type': 'application/json; charset=UTF-8'}
        Body: {"itemNotFound": {"message": "Instance 2569616e-292a-4333-bbd3-ec7ba49fb08c could not be found.", "code": 404}}
2016-01-07 00:52:36,096 4680 INFO     [tempest_lib.common.rest_client] Request (TestNetworkBasicOps:_run_cleanups): 202 DELETE http://10.0.2.15:8774/v2.1/07d9481766634873a7780a5b137df5cd/os-keypairs/tempest-TestNetworkBasicOps-1383163210 0.019s
2016-01-07 00:52:36,097 4680 DEBUG    [tempest_lib.common.rest_client] Request - Headers: {'Content-Type': 'application/json', 'Accept': 'application/json', 'X-Auth-Token': '&lt;omitted&gt;'}
        Body: None
    Response - Headers: {'status': '202', 'content-length': '0', 'x-compute-request-id': 'req-3ea8477b-7468-41cc-9715-d8bdf8f21972', 'vary': 'X-OpenStack-Nova-API-Version', 'connection': 'close', 'x-openstack-nova-api-version': '2.1', 'date': 'Thu, 07 Jan 2016 00:52:36 GMT', 'content-type': 'application/json'}
        Body: 
2016-01-07 00:52:36,593 4680 INFO     [tempest_lib.common.rest_client] Request (TestNetworkBasicOps:_run_cleanups): 200 PUT http://10.0.2.15:9696/v2.0/routers/7a759018-e155-4449-b719-156fde7fe90c/remove_router_interface 0.495s
2016-01-07 00:52:36,594 4680 DEBUG    [tempest_lib.common.rest_client] Request - Headers: {'Content-Type': 'application/json', 'Accept': 'application/json', 'X-Auth-Token': '&lt;omitted&gt;'}
        Body: {"subnet_id": "da2077ff-45d1-4021-b9a0-844e618d2244"}
    Response - Headers: {'status': '200', 'content-length': '255', 'connection': 'close', 'date': 'Thu, 07 Jan 2016 00:52:36 GMT', 'content-type': 'application/json; charset=UTF-8', 'x-openstack-request-id': 'req-40301583-d3c7-4bc1-b82e-ec51a28fa01f'}
        Body: {"subnet_id": "da2077ff-45d1-4021-b9a0-844e618d2244", "tenant_id": "07d9481766634873a7780a5b137df5cd", "subnet_ids": ["da2077ff-45d1-4021-b9a0-844e618d2244"], "port_id": "6dcae84f-7df2-42ec-8f06-909a465e03ec", "id": "7a759018-e155-4449-b719-156fde7fe90c"}
2016-01-07 00:52:37,026 4680 INFO     [tempest_lib.common.rest_client] Request (TestNetworkBasicOps:_run_cleanups): 204 DELETE http://10.0.2.15:9696/v2.0/subnets/da2077ff-45d1-4021-b9a0-844e618d2244 0.430s
2016-01-07 00:52:37,026 4680 DEBUG    [tempest_lib.common.rest_client] Request - Headers: {'Content-Type': 'application/json', 'Accept': 'application/json', 'X-Auth-Token': '&lt;omitted&gt;'}
        Body: None
    Response - Headers: {'date': 'Thu, 07 Jan 2016 00:52:37 GMT', 'status': '204', 'connection': 'close', 'content-length': '0', 'x-openstack-request-id': 'req-9ec7d06a-2fa7-40c1-9945-3cfc0158625e'}
        Body: 
2016-01-07 00:52:37,077 4680 INFO     [tempest_lib.common.rest_client] Request (TestNetworkBasicOps:_run_cleanups): 200 GET http://10.0.2.15:9696/v2.0/routers/7a759018-e155-4449-b719-156fde7fe90c 0.051s
2016-01-07 00:52:37,078 4680 DEBUG    [tempest_lib.common.rest_client] Request - Headers: {'Content-Type': 'application/json', 'Accept': 'application/json', 'X-Auth-Token': '&lt;omitted&gt;'}
        Body: None
    Response - Headers: {'status': '200', 'content-length': '563', 'content-location': 'http://10.0.2.15:9696/v2.0/routers/7a759018-e155-4449-b719-156fde7fe90c', 'connection': 'close', 'date': 'Thu, 07 Jan 2016 00:52:37 GMT', 'content-type': 'application/json; charset=UTF-8', 'x-openstack-request-id': 'req-8a30686b-dd94-4cf3-936e-2aec50942628'}
        Body: {"router": {"status": "ACTIVE", "external_gateway_info": {"network_id": "3e085c4e-fc27-40ed-94b0-9117e666015e", "enable_snat": true, "external_fixed_ips": [{"subnet_id": "ad280f99-0adb-46d7-b05f-f511f568e3b1", "ip_address": "172.24.4.3"}, {"subnet_id": "f809a868-0753-4afa-8d54-2df4a49b2f2f", "ip_address": "2001:db8::4"}]}, "availability_zone_hints": [], "availability_zones": ["nova"], "name": "tempest-router-smoke-585984804", "admin_state_up": true, "tenant_id": "07d9481766634873a7780a5b137df5cd", "routes": [], "id": "7a759018-e155-4449-b719-156fde7fe90c"}}
2016-01-07 00:52:37,507 4680 INFO     [tempest_lib.common.rest_client] Request (TestNetworkBasicOps:_run_cleanups): 200 PUT http://10.0.2.15:9696/v2.0/routers/7a759018-e155-4449-b719-156fde7fe90c 0.428s
2016-01-07 00:52:37,508 4680 DEBUG    [tempest_lib.common.rest_client] Request - Headers: {'Content-Type': 'application/json', 'Accept': 'application/json', 'X-Auth-Token': '&lt;omitted&gt;'}
        Body: {"router": {"external_gateway_info": {}, "name": "tempest-router-smoke-585984804", "admin_state_up": true}}
    Response - Headers: {'status': '200', 'content-length': '301', 'connection': 'close', 'date': 'Thu, 07 Jan 2016 00:52:37 GMT', 'content-type': 'application/json; charset=UTF-8', 'x-openstack-request-id': 'req-ac8d7037-eb8b-4d2d-a065-d0341b5e569f'}
        Body: {"router": {"status": "ACTIVE", "external_gateway_info": null, "availability_zone_hints": [], "availability_zones": ["nova"], "name": "tempest-router-smoke-585984804", "admin_state_up": true, "tenant_id": "07d9481766634873a7780a5b137df5cd", "routes": [], "id": "7a759018-e155-4449-b719-156fde7fe90c"}}
2016-01-07 00:52:37,862 4680 INFO     [tempest_lib.common.rest_client] Request (TestNetworkBasicOps:_run_cleanups): 204 DELETE http://10.0.2.15:9696/v2.0/routers/7a759018-e155-4449-b719-156fde7fe90c 0.353s
2016-01-07 00:52:37,863 4680 DEBUG    [tempest_lib.common.rest_client] Request - Headers: {'Content-Type': 'application/json', 'Accept': 'application/json', 'X-Auth-Token': '&lt;omitted&gt;'}
        Body: None
    Response - Headers: {'date': 'Thu, 07 Jan 2016 00:52:37 GMT', 'status': '204', 'connection': 'close', 'content-length': '0', 'x-openstack-request-id': 'req-8ef7164f-2e79-485f-88f5-0083e168226f'}
        Body: 
2016-01-07 00:52:38,090 4680 INFO     [tempest_lib.common.rest_client] Request (TestNetworkBasicOps:_run_cleanups): 204 DELETE http://10.0.2.15:9696/v2.0/networks/74183cbd-103b-46f7-952d-97b534a57885 0.227s
2016-01-07 00:52:38,091 4680 DEBUG    [tempest_lib.common.rest_client] Request - Headers: {'Content-Type': 'application/json', 'Accept': 'application/json', 'X-Auth-Token': '&lt;omitted&gt;'}
        Body: None
    Response - Headers: {'date': 'Thu, 07 Jan 2016 00:52:38 GMT', 'status': '204', 'connection': 'close', 'content-length': '0', 'x-openstack-request-id': 'req-42915bb5-b55e-4ee1-a2a3-6979d1be7284'}
        Body: 
2016-01-07 00:52:38,150 4680 INFO     [tempest_lib.common.rest_client] Request (TestNetworkBasicOps:_run_cleanups): 204 DELETE http://10.0.2.15:9696/v2.0/security-group-rules/b9bf4647-48bc-4605-b398-a97cfc055e4e 0.058s
2016-01-07 00:52:38,151 4680 DEBUG    [tempest_lib.common.rest_client] Request - Headers: {'Content-Type': 'application/json', 'Accept': 'application/json', 'X-Auth-Token': '&lt;omitted&gt;'}
        Body: None
    Response - Headers: {'date': 'Thu, 07 Jan 2016 00:52:38 GMT', 'status': '204', 'connection': 'close', 'content-length': '0', 'x-openstack-request-id': 'req-b8441fdd-ea4b-4d54-88f4-d35bd26b094e'}
        Body: 
2016-01-07 00:52:38,214 4680 INFO     [tempest_lib.common.rest_client] Request (TestNetworkBasicOps:_run_cleanups): 204 DELETE http://10.0.2.15:9696/v2.0/security-group-rules/2a4af78a-a6ac-4e65-9a91-dbbe811ae5a7 0.062s
2016-01-07 00:52:38,214 4680 DEBUG    [tempest_lib.common.rest_client] Request - Headers: {'Content-Type': 'application/json', 'Accept': 'application/json', 'X-Auth-Token': '&lt;omitted&gt;'}
        Body: None
    Response - Headers: {'date': 'Thu, 07 Jan 2016 00:52:38 GMT', 'status': '204', 'connection': 'close', 'content-length': '0', 'x-openstack-request-id': 'req-0c908d35-0cab-4b94-88d8-184a1d1210ba'}
        Body: 
2016-01-07 00:52:38,274 4680 INFO     [tempest_lib.common.rest_client] Request (TestNetworkBasicOps:_run_cleanups): 204 DELETE http://10.0.2.15:9696/v2.0/security-group-rules/a5922c21-7163-4798-b3e4-ed769c11b1e4 0.058s
2016-01-07 00:52:38,274 4680 DEBUG    [tempest_lib.common.rest_client] Request - Headers: {'Content-Type': 'application/json', 'Accept': 'application/json', 'X-Auth-Token': '&lt;omitted&gt;'}
        Body: None
    Response - Headers: {'date': 'Thu, 07 Jan 2016 00:52:38 GMT', 'status': '204', 'connection': 'close', 'content-length': '0', 'x-openstack-request-id': 'req-482a0939-e1da-4c5b-8be6-5f863962a8c2'}
        Body: 
2016-01-07 00:52:38,337 4680 INFO     [tempest_lib.common.rest_client] Request (TestNetworkBasicOps:_run_cleanups): 204 DELETE http://10.0.2.15:9696/v2.0/security-group-rules/7eeb46b4-94d7-4ee1-a3b6-926a52b138f8 0.061s
2016-01-07 00:52:38,337 4680 DEBUG    [tempest_lib.common.rest_client] Request - Headers: {'Content-Type': 'application/json', 'Accept': 'application/json', 'X-Auth-Token': '&lt;omitted&gt;'}
        Body: None
    Response - Headers: {'date': 'Thu, 07 Jan 2016 00:52:38 GMT', 'status': '204', 'connection': 'close', 'content-length': '0', 'x-openstack-request-id': 'req-6a3366e7-d952-4822-bf68-4697bebf6a6a'}
        Body: 
2016-01-07 00:52:38,396 4680 INFO     [tempest_lib.common.rest_client] Request (TestNetworkBasicOps:_run_cleanups): 204 DELETE http://10.0.2.15:9696/v2.0/security-group-rules/07bd84b9-09c8-4040-b847-765ce0c71c33 0.058s
2016-01-07 00:52:38,397 4680 DEBUG    [tempest_lib.common.rest_client] Request - Headers: {'Content-Type': 'application/json', 'Accept': 'application/json', 'X-Auth-Token': '&lt;omitted&gt;'}
        Body: None
    Response - Headers: {'date': 'Thu, 07 Jan 2016 00:52:38 GMT', 'status': '204', 'connection': 'close', 'content-length': '0', 'x-openstack-request-id': 'req-d02bb348-1222-4acf-8911-48a14c5a4bcd'}
        Body: 
